npx : PASS src/profile/__tests__/profile.test.tsx (14.361 s)
At line:1 char:1
+ npx jest --no-coverage 2>&1 | Out-File -FilePath ".\test-output.txt"  ...
+ ~~~~~~~~~~~~~~~~~~~~~~~~~~~
    + CategoryInfo          : NotSpecified: (PASS src/profil....tsx (14.361 s) 
   :String) [], RemoteException
    + FullyQualifiedErrorId : NativeCommandError
 
  ÔùÅ Console

    console.warn
      ÔÜá´©Å React Router Future Flag Warning: React Router will begin 
wrapping state updates in `React.startTransition` in v7. You can use the 
`v7_startTransition` future flag to opt-in early. For more information, see 
https://reactrouter.com/v6/upgrading/future#v7_starttransition.

      54 | function renderProfile() {
      55 |   const { default: ProfilePage } = require('../ProfilePage')
    > 56 |   return render(
         |                ^
      57 |     <MemoryRouter>
      58 |       <ProfilePage />
      59 |     </MemoryRouter>

      at warn (node_modules/react-router/lib/deprecations.ts:9:13)
      at warnOnce (node_modules/react-router/lib/deprecations.ts:14:3)
      at logDeprecation (node_modules/react-router/lib/deprecations.ts:26:5)
      at logV6DeprecationWarnings 
(node_modules/react-router/lib/components.tsx:257:25)
      at commitHookEffectListMount 
(node_modules/react-dom/cjs/react-dom.development.js:23189:26)
      at commitPassiveMountOnFiber 
(node_modules/react-dom/cjs/react-dom.development.js:24970:11)
      at commitPassiveMountEffects_complete 
(node_modules/react-dom/cjs/react-dom.development.js:24930:9)
      at commitPassiveMountEffects_begin 
(node_modules/react-dom/cjs/react-dom.development.js:24917:7)
      at commitPassiveMountEffects 
(node_modules/react-dom/cjs/react-dom.development.js:24905:3)
      at flushPassiveEffectsImpl 
(node_modules/react-dom/cjs/react-dom.development.js:27078:3)
      at flushPassiveEffects 
(node_modules/react-dom/cjs/react-dom.development.js:27023:14)
      at node_modules/react-dom/cjs/react-dom.development.js:26808:9
      at flushActQueue (node_modules/react/cjs/react.development.js:2667:24)
      at act (node_modules/react/cjs/react.development.js:2582:11)
      at node_modules/@testing-library/react/dist/act-compat.js:47:25
      at renderRoot (node_modules/@testing-library/react/dist/pure.js:180:26)
      at render (node_modules/@testing-library/react/dist/pure.js:271:10)
      at renderProfile (src/profile/__tests__/profile.test.tsx:56:16)
      at Object.<anonymous> (src/profile/__tests__/profile.test.tsx:76:5)

    console.warn
      ÔÜá´©Å React Router Future Flag Warning: Relative route resolution 
within Splat routes is changing in v7. You can use the `v7_relativeSplatPath` 
future flag to opt-in early. For more information, see 
https://reactrouter.com/v6/upgrading/future#v7_relativesplatpath.

      54 | function renderProfile() {
      55 |   const { default: ProfilePage } = require('../ProfilePage')
    > 56 |   return render(
         |                ^
      57 |     <MemoryRouter>
      58 |       <ProfilePage />
      59 |     </MemoryRouter>

      at warn (node_modules/react-router/lib/deprecations.ts:9:13)
      at warnOnce (node_modules/react-router/lib/deprecations.ts:14:3)
      at logDeprecation (node_modules/react-router/lib/deprecations.ts:37:5)
      at logV6DeprecationWarnings 
(node_modules/react-router/lib/components.tsx:257:25)
      at commitHookEffectListMount 
(node_modules/react-dom/cjs/react-dom.development.js:23189:26)
      at commitPassiveMountOnFiber 
(node_modules/react-dom/cjs/react-dom.development.js:24970:11)
      at commitPassiveMountEffects_complete 
(node_modules/react-dom/cjs/react-dom.development.js:24930:9)
      at commitPassiveMountEffects_begin 
(node_modules/react-dom/cjs/react-dom.development.js:24917:7)
      at commitPassiveMountEffects 
(node_modules/react-dom/cjs/react-dom.development.js:24905:3)
      at flushPassiveEffectsImpl 
(node_modules/react-dom/cjs/react-dom.development.js:27078:3)
      at flushPassiveEffects 
(node_modules/react-dom/cjs/react-dom.development.js:27023:14)
      at node_modules/react-dom/cjs/react-dom.development.js:26808:9
      at flushActQueue (node_modules/react/cjs/react.development.js:2667:24)
      at act (node_modules/react/cjs/react.development.js:2582:11)
      at node_modules/@testing-library/react/dist/act-compat.js:47:25
      at renderRoot (node_modules/@testing-library/react/dist/pure.js:180:26)
      at render (node_modules/@testing-library/react/dist/pure.js:271:10)
      at renderProfile (src/profile/__tests__/profile.test.tsx:56:16)
      at Object.<anonymous> (src/profile/__tests__/profile.test.tsx:76:5)

    console.error
      Warning: An update to ProfilePage inside a test was not wrapped in 
act(...).
      
      When testing, code that causes React state updates should be wrapped 
into act(...):
      
      act(() => {
        /* fire events that update state */
      });
      /* assert on the output */
      
      This ensures that you're testing the behavior the user would see in the 
browser. Learn more at https://reactjs.org/link/wrap-tests-with-act
          at ProfilePage (C:\Users\samhe\OneDrive\Desktop\Cleaned\frontend\src\
profile\ProfilePage.tsx:17:41)
          at basenameProp (C:\Users\samhe\OneDrive\Desktop\Cleaned\frontend\nod
e_modules\react-router\lib\components.tsx:421:13)
          at basename (C:\Users\samhe\OneDrive\Desktop\Cleaned\frontend\node_mo
dules\react-router\lib\components.tsx:225:3)

      110 |               className="border border-gray-300 rounded-md px-3 
py-2 text-sm focus:outline-none focus:ring-2 focus:ring-brand-500"
      111 |               value={name}
    > 112 |               onChange={e => setName(e.target.value)}
          |                              ^
      113 |             />
      114 |             {nameError && <p className="text-sm 
text-red-600">{nameError}</p>}
      115 |           </div>

      at printWarning 
(node_modules/react-dom/cjs/react-dom.development.js:86:30)
      at error (node_modules/react-dom/cjs/react-dom.development.js:60:7)
      at warnIfUpdatesNotWrappedWithActDEV 
(node_modules/react-dom/cjs/react-dom.development.js:27628:9)
      at scheduleUpdateOnFiber 
(node_modules/react-dom/cjs/react-dom.development.js:25547:5)
      at dispatchSetState 
(node_modules/react-dom/cjs/react-dom.development.js:16708:7)
      at onChange (src/profile/ProfilePage.tsx:112:30)
      at HTMLUnknownElement.callCallback 
(node_modules/react-dom/cjs/react-dom.development.js:4164:14)
      at HTMLUnknownElement.callTheUserObjectsOperation 
(node_modules/jsdom/lib/jsdom/living/generated/EventListener.js:26:30)
      at innerInvokeEventListeners 
(node_modules/jsdom/lib/jsdom/living/events/EventTarget-impl.js:350:25)
      at invokeEventListeners 
(node_modules/jsdom/lib/jsdom/living/events/EventTarget-impl.js:286:3)
      at HTMLUnknownElementImpl._dispatch 
(node_modules/jsdom/lib/jsdom/living/events/EventTarget-impl.js:233:9)
      at HTMLUnknownElementImpl.dispatchEvent 
(node_modules/jsdom/lib/jsdom/living/events/EventTarget-impl.js:104:17)
      at HTMLUnknownElement.dispatchEvent 
(node_modules/jsdom/lib/jsdom/living/generated/EventTarget.js:241:34)
      at Object.invokeGuardedCallbackDev 
(node_modules/react-dom/cjs/react-dom.development.js:4213:16)
      at invokeGuardedCallback 
(node_modules/react-dom/cjs/react-dom.development.js:4277:31)
      at invokeGuardedCallbackAndCatchFirstError 
(node_modules/react-dom/cjs/react-dom.development.js:4291:25)
      at executeDispatch 
(node_modules/react-dom/cjs/react-dom.development.js:9041:3)
      at processDispatchQueueItemsInOrder 
(node_modules/react-dom/cjs/react-dom.development.js:9073:7)
      at processDispatchQueue 
(node_modules/react-dom/cjs/react-dom.development.js:9086:5)
      at dispatchEventsForPlugins 
(node_modules/react-dom/cjs/react-dom.development.js:9097:3)
      at node_modules/react-dom/cjs/react-dom.development.js:9288:12
      at batchedUpdates$1 
(node_modules/react-dom/cjs/react-dom.development.js:26179:12)
      at batchedUpdates 
(node_modules/react-dom/cjs/react-dom.development.js:3991:12)
      at dispatchEventForPluginEventSystem 
(node_modules/react-dom/cjs/react-dom.development.js:9287:3)
      at dispatchEventWithEnableCapturePhaseSelectiveHydrationWithoutDiscreteEv
entReplay (node_modules/react-dom/cjs/react-dom.development.js:6465:5)
      at dispatchEvent 
(node_modules/react-dom/cjs/react-dom.development.js:6457:5)
      at dispatchDiscreteEvent 
(node_modules/react-dom/cjs/react-dom.development.js:6430:5)
      at HTMLDivElement.callTheUserObjectsOperation 
(node_modules/jsdom/lib/jsdom/living/generated/EventListener.js:26:30)
      at innerInvokeEventListeners 
(node_modules/jsdom/lib/jsdom/living/events/EventTarget-impl.js:350:25)
      at invokeEventListeners 
(node_modules/jsdom/lib/jsdom/living/events/EventTarget-impl.js:286:3)
      at HTMLInputElementImpl._dispatch 
(node_modules/jsdom/lib/jsdom/living/events/EventTarget-impl.js:233:9)
      at HTMLInputElementImpl.dispatchEvent 
(node_modules/jsdom/lib/jsdom/living/events/EventTarget-impl.js:104:17)
      at HTMLInputElement.dispatchEvent 
(node_modules/jsdom/lib/jsdom/living/generated/EventTarget.js:241:34)
      at 
node_modules/@testing-library/user-event/dist/cjs/event/dispatchEvent.js:45:43
      at Object.eventWrapper 
(node_modules/@testing-library/dom/dist/config.js:25:23)
      at Object.wrapEvent 
(node_modules/@testing-library/user-event/dist/cjs/event/wrapEvent.js:6:28)
      at Object.dispatchEvent (node_modules/@testing-library/user-event/dist/cj
s/event/dispatchEvent.js:45:22)
      at Object.dispatchUIEvent (node_modules/@testing-library/user-event/dist/
cjs/event/dispatchEvent.js:22:26)
      at commitInput 
(node_modules/@testing-library/user-event/dist/cjs/event/input.js:145:14)
      at editInputElement 
(node_modules/@testing-library/user-event/dist/cjs/event/input.js:115:9)
      at Object.input 
(node_modules/@testing-library/user-event/dist/cjs/event/input.js:37:9)
      at Object.clear 
(node_modules/@testing-library/user-event/dist/cjs/utility/clear.js:29:11)
      at node_modules/@testing-library/user-event/dist/cjs/setup/setup.js:85:45
      at Object.asyncWrapper 
(node_modules/@testing-library/dom/dist/config.js:23:23)
      at Object.wrapAsync 
(node_modules/@testing-library/user-event/dist/cjs/setup/wrapAsync.js:8:28)
      at Object.method [as clear] 
(node_modules/@testing-library/user-event/dist/cjs/setup/setup.js:85:26)
      at Object.clear 
(node_modules/@testing-library/user-event/dist/cjs/setup/directApi.js:6:36)
      at Object.<anonymous> (src/profile/__tests__/profile.test.tsx:137:21)

    console.error
      Warning: An update to ProfilePage inside a test was not wrapped in 
act(...).
      
      When testing, code that causes React state updates should be wrapped 
into act(...):
      
      act(() => {
        /* fire events that update state */
      });
      /* assert on the output */
      
      This ensures that you're testing the behavior the user would see in the 
browser. Learn more at https://reactjs.org/link/wrap-tests-with-act
          at ProfilePage (C:\Users\samhe\OneDrive\Desktop\Cleaned\frontend\src\
profile\ProfilePage.tsx:17:41)
          at basenameProp (C:\Users\samhe\OneDrive\Desktop\Cleaned\frontend\nod
e_modules\react-router\lib\components.tsx:421:13)
          at basename (C:\Users\samhe\OneDrive\Desktop\Cleaned\frontend\node_mo
dules\react-router\lib\components.tsx:225:3)

      110 |               className="border border-gray-300 rounded-md px-3 
py-2 text-sm focus:outline-none focus:ring-2 focus:ring-brand-500"
      111 |               value={name}
    > 112 |               onChange={e => setName(e.target.value)}
          |                              ^
      113 |             />
      114 |             {nameError && <p className="text-sm 
text-red-600">{nameError}</p>}
      115 |           </div>

      at printWarning 
(node_modules/react-dom/cjs/react-dom.development.js:86:30)
      at error (node_modules/react-dom/cjs/react-dom.development.js:60:7)
      at warnIfUpdatesNotWrappedWithActDEV 
(node_modules/react-dom/cjs/react-dom.development.js:27628:9)
      at scheduleUpdateOnFiber 
(node_modules/react-dom/cjs/react-dom.development.js:25547:5)
      at dispatchSetState 
(node_modules/react-dom/cjs/react-dom.development.js:16708:7)
      at onChange (src/profile/ProfilePage.tsx:112:30)
      at HTMLUnknownElement.callCallback 
(node_modules/react-dom/cjs/react-dom.development.js:4164:14)
      at HTMLUnknownElement.callTheUserObjectsOperation 
(node_modules/jsdom/lib/jsdom/living/generated/EventListener.js:26:30)
      at innerInvokeEventListeners 
(node_modules/jsdom/lib/jsdom/living/events/EventTarget-impl.js:350:25)
      at invokeEventListeners 
(node_modules/jsdom/lib/jsdom/living/events/EventTarget-impl.js:286:3)
      at HTMLUnknownElementImpl._dispatch 
(node_modules/jsdom/lib/jsdom/living/events/EventTarget-impl.js:233:9)
      at HTMLUnknownElementImpl.dispatchEvent 
(node_modules/jsdom/lib/jsdom/living/events/EventTarget-impl.js:104:17)
      at HTMLUnknownElement.dispatchEvent 
(node_modules/jsdom/lib/jsdom/living/generated/EventTarget.js:241:34)
      at Object.invokeGuardedCallbackDev 
(node_modules/react-dom/cjs/react-dom.development.js:4213:16)
      at invokeGuardedCallback 
(node_modules/react-dom/cjs/react-dom.development.js:4277:31)
      at invokeGuardedCallbackAndCatchFirstError 
(node_modules/react-dom/cjs/react-dom.development.js:4291:25)
      at executeDispatch 
(node_modules/react-dom/cjs/react-dom.development.js:9041:3)
      at processDispatchQueueItemsInOrder 
(node_modules/react-dom/cjs/react-dom.development.js:9073:7)
      at processDispatchQueue 
(node_modules/react-dom/cjs/react-dom.development.js:9086:5)
      at dispatchEventsForPlugins 
(node_modules/react-dom/cjs/react-dom.development.js:9097:3)
      at node_modules/react-dom/cjs/react-dom.development.js:9288:12
      at batchedUpdates$1 
(node_modules/react-dom/cjs/react-dom.development.js:26179:12)
      at batchedUpdates 
(node_modules/react-dom/cjs/react-dom.development.js:3991:12)
      at dispatchEventForPluginEventSystem 
(node_modules/react-dom/cjs/react-dom.development.js:9287:3)
      at dispatchEventWithEnableCapturePhaseSelectiveHydrationWithoutDiscreteEv
entReplay (node_modules/react-dom/cjs/react-dom.development.js:6465:5)
      at dispatchEvent 
(node_modules/react-dom/cjs/react-dom.development.js:6457:5)
      at dispatchDiscreteEvent 
(node_modules/react-dom/cjs/react-dom.development.js:6430:5)
      at HTMLDivElement.callTheUserObjectsOperation 
(node_modules/jsdom/lib/jsdom/living/generated/EventListener.js:26:30)
      at innerInvokeEventListeners 
(node_modules/jsdom/lib/jsdom/living/events/EventTarget-impl.js:350:25)
      at invokeEventListeners 
(node_modules/jsdom/lib/jsdom/living/events/EventTarget-impl.js:286:3)
      at HTMLInputElementImpl._dispatch 
(node_modules/jsdom/lib/jsdom/living/events/EventTarget-impl.js:233:9)
      at HTMLInputElementImpl.dispatchEvent 
(node_modules/jsdom/lib/jsdom/living/events/EventTarget-impl.js:104:17)
      at HTMLInputElement.dispatchEvent 
(node_modules/jsdom/lib/jsdom/living/generated/EventTarget.js:241:34)
      at 
node_modules/@testing-library/user-event/dist/cjs/event/dispatchEvent.js:45:43
      at Object.eventWrapper 
(node_modules/@testing-library/dom/dist/config.js:25:23)
      at Object.wrapEvent 
(node_modules/@testing-library/user-event/dist/cjs/event/wrapEvent.js:6:28)
      at Object.dispatchEvent (node_modules/@testing-library/user-event/dist/cj
s/event/dispatchEvent.js:45:22)
      at Object.dispatchUIEvent (node_modules/@testing-library/user-event/dist/
cjs/event/dispatchEvent.js:22:26)
      at commitInput 
(node_modules/@testing-library/user-event/dist/cjs/event/input.js:145:14)
      at editInputElement 
(node_modules/@testing-library/user-event/dist/cjs/event/input.js:115:9)
      at Object.input 
(node_modules/@testing-library/user-event/dist/cjs/event/input.js:37:9)
      at node_modules/@testing-library/user-event/dist/cjs/event/behavior/keypr
ess.js:31:26
      at Object.dispatchEvent (node_modules/@testing-library/user-event/dist/cj
s/event/dispatchEvent.js:41:13)
      at Object.dispatchUIEvent (node_modules/@testing-library/user-event/dist/
cjs/event/dispatchEvent.js:22:26)
      at KeyboardHost.keydown 
(node_modules/@testing-library/user-event/dist/cjs/system/keyboard.js:76:22)
      at keyboardAction 
(node_modules/@testing-library/user-event/dist/cjs/keyboard/index.js:22:35)
      at Object.keyboard 
(node_modules/@testing-library/user-event/dist/cjs/keyboard/index.js:11:15)
      at Object.type 
(node_modules/@testing-library/user-event/dist/cjs/utility/type.js:17:5)
      at Object.<anonymous> (src/profile/__tests__/profile.test.tsx:138:5)

    console.error
      Warning: An update to ProfilePage inside a test was not wrapped in 
act(...).
      
      When testing, code that causes React state updates should be wrapped 
into act(...):
      
      act(() => {
        /* fire events that update state */
      });
      /* assert on the output */
      
      This ensures that you're testing the behavior the user would see in the 
browser. Learn more at https://reactjs.org/link/wrap-tests-with-act
          at ProfilePage (C:\Users\samhe\OneDrive\Desktop\Cleaned\frontend\src\
profile\ProfilePage.tsx:17:41)
          at basenameProp (C:\Users\samhe\OneDrive\Desktop\Cleaned\frontend\nod
e_modules\react-router\lib\components.tsx:421:13)
          at basename (C:\Users\samhe\OneDrive\Desktop\Cleaned\frontend\node_mo
dules\react-router\lib\components.tsx:225:3)

      110 |               className="border border-gray-300 rounded-md px-3 
py-2 text-sm focus:outline-none focus:ring-2 focus:ring-brand-500"
      111 |               value={name}
    > 112 |               onChange={e => setName(e.target.value)}
          |                              ^
      113 |             />
      114 |             {nameError && <p className="text-sm 
text-red-600">{nameError}</p>}
      115 |           </div>

      at printWarning 
(node_modules/react-dom/cjs/react-dom.development.js:86:30)
      at error (node_modules/react-dom/cjs/react-dom.development.js:60:7)
      at warnIfUpdatesNotWrappedWithActDEV 
(node_modules/react-dom/cjs/react-dom.development.js:27628:9)
      at scheduleUpdateOnFiber 
(node_modules/react-dom/cjs/react-dom.development.js:25547:5)
      at dispatchSetState 
(node_modules/react-dom/cjs/react-dom.development.js:16708:7)
      at onChange (src/profile/ProfilePage.tsx:112:30)
      at HTMLUnknownElement.callCallback 
(node_modules/react-dom/cjs/react-dom.development.js:4164:14)
      at HTMLUnknownElement.callTheUserObjectsOperation 
(node_modules/jsdom/lib/jsdom/living/generated/EventListener.js:26:30)
      at innerInvokeEventListeners 
(node_modules/jsdom/lib/jsdom/living/events/EventTarget-impl.js:350:25)
      at invokeEventListeners 
(node_modules/jsdom/lib/jsdom/living/events/EventTarget-impl.js:286:3)
      at HTMLUnknownElementImpl._dispatch 
(node_modules/jsdom/lib/jsdom/living/events/EventTarget-impl.js:233:9)
      at HTMLUnknownElementImpl.dispatchEvent 
(node_modules/jsdom/lib/jsdom/living/events/EventTarget-impl.js:104:17)
      at HTMLUnknownElement.dispatchEvent 
(node_modules/jsdom/lib/jsdom/living/generated/EventTarget.js:241:34)
      at Object.invokeGuardedCallbackDev 
(node_modules/react-dom/cjs/react-dom.development.js:4213:16)
      at invokeGuardedCallback 
(node_modules/react-dom/cjs/react-dom.development.js:4277:31)
      at invokeGuardedCallbackAndCatchFirstError 
(node_modules/react-dom/cjs/react-dom.development.js:4291:25)
      at executeDispatch 
(node_modules/react-dom/cjs/react-dom.development.js:9041:3)
      at processDispatchQueueItemsInOrder 
(node_modules/react-dom/cjs/react-dom.development.js:9073:7)
      at processDispatchQueue 
(node_modules/react-dom/cjs/react-dom.development.js:9086:5)
      at dispatchEventsForPlugins 
(node_modules/react-dom/cjs/react-dom.development.js:9097:3)
      at node_modules/react-dom/cjs/react-dom.development.js:9288:12
      at batchedUpdates$1 
(node_modules/react-dom/cjs/react-dom.development.js:26179:12)
      at batchedUpdates 
(node_modules/react-dom/cjs/react-dom.development.js:3991:12)
      at dispatchEventForPluginEventSystem 
(node_modules/react-dom/cjs/react-dom.development.js:9287:3)
      at dispatchEventWithEnableCapturePhaseSelectiveHydrationWithoutDiscreteEv
entReplay (node_modules/react-dom/cjs/react-dom.development.js:6465:5)
      at dispatchEvent 
(node_modules/react-dom/cjs/react-dom.development.js:6457:5)
      at dispatchDiscreteEvent 
(node_modules/react-dom/cjs/react-dom.development.js:6430:5)
      at HTMLDivElement.callTheUserObjectsOperation 
(node_modules/jsdom/lib/jsdom/living/generated/EventListener.js:26:30)
      at innerInvokeEventListeners 
(node_modules/jsdom/lib/jsdom/living/events/EventTarget-impl.js:350:25)
      at invokeEventListeners 
(node_modules/jsdom/lib/jsdom/living/events/EventTarget-impl.js:286:3)
      at HTMLInputElementImpl._dispatch 
(node_modules/jsdom/lib/jsdom/living/events/EventTarget-impl.js:233:9)
      at HTMLInputElementImpl.dispatchEvent 
(node_modules/jsdom/lib/jsdom/living/events/EventTarget-impl.js:104:17)
      at HTMLInputElement.dispatchEvent 
(node_modules/jsdom/lib/jsdom/living/generated/EventTarget.js:241:34)
      at 
node_modules/@testing-library/user-event/dist/cjs/event/dispatchEvent.js:45:43
      at Object.eventWrapper 
(node_modules/@testing-library/dom/dist/config.js:25:23)
      at Object.wrapEvent 
(node_modules/@testing-library/user-event/dist/cjs/event/wrapEvent.js:6:28)
      at Object.dispatchEvent (node_modules/@testing-library/user-event/dist/cj
s/event/dispatchEvent.js:45:22)
      at Object.dispatchUIEvent (node_modules/@testing-library/user-event/dist/
cjs/event/dispatchEvent.js:22:26)
      at commitInput 
(node_modules/@testing-library/user-event/dist/cjs/event/input.js:145:14)
      at editInputElement 
(node_modules/@testing-library/user-event/dist/cjs/event/input.js:115:9)
      at Object.input 
(node_modules/@testing-library/user-event/dist/cjs/event/input.js:37:9)
      at node_modules/@testing-library/user-event/dist/cjs/event/behavior/keypr
ess.js:31:26
      at Object.dispatchEvent (node_modules/@testing-library/user-event/dist/cj
s/event/dispatchEvent.js:41:13)
      at Object.dispatchUIEvent (node_modules/@testing-library/user-event/dist/
cjs/event/dispatchEvent.js:22:26)
      at KeyboardHost.keydown 
(node_modules/@testing-library/user-event/dist/cjs/system/keyboard.js:76:22)
      at keyboardAction 
(node_modules/@testing-library/user-event/dist/cjs/keyboard/index.js:22:35)
      at Object.keyboard 
(node_modules/@testing-library/user-event/dist/cjs/keyboard/index.js:11:15)
      at Object.type 
(node_modules/@testing-library/user-event/dist/cjs/utility/type.js:17:5)
      at Object.<anonymous> (src/profile/__tests__/profile.test.tsx:138:5)

    console.error
      Warning: An update to ProfilePage inside a test was not wrapped in 
act(...).
      
      When testing, code that causes React state updates should be wrapped 
into act(...):
      
      act(() => {
        /* fire events that update state */
      });
      /* assert on the output */
      
      This ensures that you're testing the behavior the user would see in the 
browser. Learn more at https://reactjs.org/link/wrap-tests-with-act
          at ProfilePage (C:\Users\samhe\OneDrive\Desktop\Cleaned\frontend\src\
profile\ProfilePage.tsx:17:41)
          at basenameProp (C:\Users\samhe\OneDrive\Desktop\Cleaned\frontend\nod
e_modules\react-router\lib\components.tsx:421:13)
          at basename (C:\Users\samhe\OneDrive\Desktop\Cleaned\frontend\node_mo
dules\react-router\lib\components.tsx:225:3)

      110 |               className="border border-gray-300 rounded-md px-3 
py-2 text-sm focus:outline-none focus:ring-2 focus:ring-brand-500"
      111 |               value={name}
    > 112 |               onChange={e => setName(e.target.value)}
          |                              ^
      113 |             />
      114 |             {nameError && <p className="text-sm 
text-red-600">{nameError}</p>}
      115 |           </div>

      at printWarning 
(node_modules/react-dom/cjs/react-dom.development.js:86:30)
      at error (node_modules/react-dom/cjs/react-dom.development.js:60:7)
      at warnIfUpdatesNotWrappedWithActDEV 
(node_modules/react-dom/cjs/react-dom.development.js:27628:9)
      at scheduleUpdateOnFiber 
(node_modules/react-dom/cjs/react-dom.development.js:25547:5)
      at dispatchSetState 
(node_modules/react-dom/cjs/react-dom.development.js:16708:7)
      at onChange (src/profile/ProfilePage.tsx:112:30)
      at HTMLUnknownElement.callCallback 
(node_modules/react-dom/cjs/react-dom.development.js:4164:14)
      at HTMLUnknownElement.callTheUserObjectsOperation 
(node_modules/jsdom/lib/jsdom/living/generated/EventListener.js:26:30)
      at innerInvokeEventListeners 
(node_modules/jsdom/lib/jsdom/living/events/EventTarget-impl.js:350:25)
      at invokeEventListeners 
(node_modules/jsdom/lib/jsdom/living/events/EventTarget-impl.js:286:3)
      at HTMLUnknownElementImpl._dispatch 
(node_modules/jsdom/lib/jsdom/living/events/EventTarget-impl.js:233:9)
      at HTMLUnknownElementImpl.dispatchEvent 
(node_modules/jsdom/lib/jsdom/living/events/EventTarget-impl.js:104:17)
      at HTMLUnknownElement.dispatchEvent 
(node_modules/jsdom/lib/jsdom/living/generated/EventTarget.js:241:34)
      at Object.invokeGuardedCallbackDev 
(node_modules/react-dom/cjs/react-dom.development.js:4213:16)
      at invokeGuardedCallback 
(node_modules/react-dom/cjs/react-dom.development.js:4277:31)
      at invokeGuardedCallbackAndCatchFirstError 
(node_modules/react-dom/cjs/react-dom.development.js:4291:25)
      at executeDispatch 
(node_modules/react-dom/cjs/react-dom.development.js:9041:3)
      at processDispatchQueueItemsInOrder 
(node_modules/react-dom/cjs/react-dom.development.js:9073:7)
      at processDispatchQueue 
(node_modules/react-dom/cjs/react-dom.development.js:9086:5)
      at dispatchEventsForPlugins 
(node_modules/react-dom/cjs/react-dom.development.js:9097:3)
      at node_modules/react-dom/cjs/react-dom.development.js:9288:12
      at batchedUpdates$1 
(node_modules/react-dom/cjs/react-dom.development.js:26179:12)
      at batchedUpdates 
(node_modules/react-dom/cjs/react-dom.development.js:3991:12)
      at dispatchEventForPluginEventSystem 
(node_modules/react-dom/cjs/react-dom.development.js:9287:3)
      at dispatchEventWithEnableCapturePhaseSelectiveHydrationWithoutDiscreteEv
entReplay (node_modules/react-dom/cjs/react-dom.development.js:6465:5)
      at dispatchEvent 
(node_modules/react-dom/cjs/react-dom.development.js:6457:5)
      at dispatchDiscreteEvent 
(node_modules/react-dom/cjs/react-dom.development.js:6430:5)
      at HTMLDivElement.callTheUserObjectsOperation 
(node_modules/jsdom/lib/jsdom/living/generated/EventListener.js:26:30)
      at innerInvokeEventListeners 
(node_modules/jsdom/lib/jsdom/living/events/EventTarget-impl.js:350:25)
      at invokeEventListeners 
(node_modules/jsdom/lib/jsdom/living/events/EventTarget-impl.js:286:3)
      at HTMLInputElementImpl._dispatch 
(node_modules/jsdom/lib/jsdom/living/events/EventTarget-impl.js:233:9)
      at HTMLInputElementImpl.dispatchEvent 
(node_modules/jsdom/lib/jsdom/living/events/EventTarget-impl.js:104:17)
      at HTMLInputElement.dispatchEvent 
(node_modules/jsdom/lib/jsdom/living/generated/EventTarget.js:241:34)
      at 
node_modules/@testing-library/user-event/dist/cjs/event/dispatchEvent.js:45:43
      at Object.eventWrapper 
(node_modules/@testing-library/dom/dist/config.js:25:23)
      at Object.wrapEvent 
(node_modules/@testing-library/user-event/dist/cjs/event/wrapEvent.js:6:28)
      at Object.dispatchEvent (node_modules/@testing-library/user-event/dist/cj
s/event/dispatchEvent.js:45:22)
      at Object.dispatchUIEvent (node_modules/@testing-library/user-event/dist/
cjs/event/dispatchEvent.js:22:26)
      at commitInput 
(node_modules/@testing-library/user-event/dist/cjs/event/input.js:145:14)
      at editInputElement 
(node_modules/@testing-library/user-event/dist/cjs/event/input.js:115:9)
      at Object.input 
(node_modules/@testing-library/user-event/dist/cjs/event/input.js:37:9)
      at node_modules/@testing-library/user-event/dist/cjs/event/behavior/keypr
ess.js:31:26
      at Object.dispatchEvent (node_modules/@testing-library/user-event/dist/cj
s/event/dispatchEvent.js:41:13)
      at Object.dispatchUIEvent (node_modules/@testing-library/user-event/dist/
cjs/event/dispatchEvent.js:22:26)
      at KeyboardHost.keydown 
(node_modules/@testing-library/user-event/dist/cjs/system/keyboard.js:76:22)
      at keyboardAction 
(node_modules/@testing-library/user-event/dist/cjs/keyboard/index.js:22:35)
      at Object.keyboard 
(node_modules/@testing-library/user-event/dist/cjs/keyboard/index.js:11:15)
      at Object.type 
(node_modules/@testing-library/user-event/dist/cjs/utility/type.js:17:5)
      at Object.<anonymous> (src/profile/__tests__/profile.test.tsx:138:5)

    console.error
      Warning: An update to ProfilePage inside a test was not wrapped in 
act(...).
      
      When testing, code that causes React state updates should be wrapped 
into act(...):
      
      act(() => {
        /* fire events that update state */
      });
      /* assert on the output */
      
      This ensures that you're testing the behavior the user would see in the 
browser. Learn more at https://reactjs.org/link/wrap-tests-with-act
          at ProfilePage (C:\Users\samhe\OneDrive\Desktop\Cleaned\frontend\src\
profile\ProfilePage.tsx:17:41)
          at basenameProp (C:\Users\samhe\OneDrive\Desktop\Cleaned\frontend\nod
e_modules\react-router\lib\components.tsx:421:13)
          at basename (C:\Users\samhe\OneDrive\Desktop\Cleaned\frontend\node_mo
dules\react-router\lib\components.tsx:225:3)

      110 |               className="border border-gray-300 rounded-md px-3 
py-2 text-sm focus:outline-none focus:ring-2 focus:ring-brand-500"
      111 |               value={name}
    > 112 |               onChange={e => setName(e.target.value)}
          |                              ^
      113 |             />
      114 |             {nameError && <p className="text-sm 
text-red-600">{nameError}</p>}
      115 |           </div>

      at printWarning 
(node_modules/react-dom/cjs/react-dom.development.js:86:30)
      at error (node_modules/react-dom/cjs/react-dom.development.js:60:7)
      at warnIfUpdatesNotWrappedWithActDEV 
(node_modules/react-dom/cjs/react-dom.development.js:27628:9)
      at scheduleUpdateOnFiber 
(node_modules/react-dom/cjs/react-dom.development.js:25547:5)
      at dispatchSetState 
(node_modules/react-dom/cjs/react-dom.development.js:16708:7)
      at onChange (src/profile/ProfilePage.tsx:112:30)
      at HTMLUnknownElement.callCallback 
(node_modules/react-dom/cjs/react-dom.development.js:4164:14)
      at HTMLUnknownElement.callTheUserObjectsOperation 
(node_modules/jsdom/lib/jsdom/living/generated/EventListener.js:26:30)
      at innerInvokeEventListeners 
(node_modules/jsdom/lib/jsdom/living/events/EventTarget-impl.js:350:25)
      at invokeEventListeners 
(node_modules/jsdom/lib/jsdom/living/events/EventTarget-impl.js:286:3)
      at HTMLUnknownElementImpl._dispatch 
(node_modules/jsdom/lib/jsdom/living/events/EventTarget-impl.js:233:9)
      at HTMLUnknownElementImpl.dispatchEvent 
(node_modules/jsdom/lib/jsdom/living/events/EventTarget-impl.js:104:17)
      at HTMLUnknownElement.dispatchEvent 
(node_modules/jsdom/lib/jsdom/living/generated/EventTarget.js:241:34)
      at Object.invokeGuardedCallbackDev 
(node_modules/react-dom/cjs/react-dom.development.js:4213:16)
      at invokeGuardedCallback 
(node_modules/react-dom/cjs/react-dom.development.js:4277:31)
      at invokeGuardedCallbackAndCatchFirstError 
(node_modules/react-dom/cjs/react-dom.development.js:4291:25)
      at executeDispatch 
(node_modules/react-dom/cjs/react-dom.development.js:9041:3)
      at processDispatchQueueItemsInOrder 
(node_modules/react-dom/cjs/react-dom.development.js:9073:7)
      at processDispatchQueue 
(node_modules/react-dom/cjs/react-dom.development.js:9086:5)
      at dispatchEventsForPlugins 
(node_modules/react-dom/cjs/react-dom.development.js:9097:3)
      at node_modules/react-dom/cjs/react-dom.development.js:9288:12
      at batchedUpdates$1 
(node_modules/react-dom/cjs/react-dom.development.js:26179:12)
      at batchedUpdates 
(node_modules/react-dom/cjs/react-dom.development.js:3991:12)
      at dispatchEventForPluginEventSystem 
(node_modules/react-dom/cjs/react-dom.development.js:9287:3)
      at dispatchEventWithEnableCapturePhaseSelectiveHydrationWithoutDiscreteEv
entReplay (node_modules/react-dom/cjs/react-dom.development.js:6465:5)
      at dispatchEvent 
(node_modules/react-dom/cjs/react-dom.development.js:6457:5)
      at dispatchDiscreteEvent 
(node_modules/react-dom/cjs/react-dom.development.js:6430:5)
      at HTMLDivElement.callTheUserObjectsOperation 
(node_modules/jsdom/lib/jsdom/living/generated/EventListener.js:26:30)
      at innerInvokeEventListeners 
(node_modules/jsdom/lib/jsdom/living/events/EventTarget-impl.js:350:25)
      at invokeEventListeners 
(node_modules/jsdom/lib/jsdom/living/events/EventTarget-impl.js:286:3)
      at HTMLInputElementImpl._dispatch 
(node_modules/jsdom/lib/jsdom/living/events/EventTarget-impl.js:233:9)
      at HTMLInputElementImpl.dispatchEvent 
(node_modules/jsdom/lib/jsdom/living/events/EventTarget-impl.js:104:17)
      at HTMLInputElement.dispatchEvent 
(node_modules/jsdom/lib/jsdom/living/generated/EventTarget.js:241:34)
      at 
node_modules/@testing-library/user-event/dist/cjs/event/dispatchEvent.js:45:43
      at Object.eventWrapper 
(node_modules/@testing-library/dom/dist/config.js:25:23)
      at Object.wrapEvent 
(node_modules/@testing-library/user-event/dist/cjs/event/wrapEvent.js:6:28)
      at Object.dispatchEvent (node_modules/@testing-library/user-event/dist/cj
s/event/dispatchEvent.js:45:22)
      at Object.dispatchUIEvent (node_modules/@testing-library/user-event/dist/
cjs/event/dispatchEvent.js:22:26)
      at commitInput 
(node_modules/@testing-library/user-event/dist/cjs/event/input.js:145:14)
      at editInputElement 
(node_modules/@testing-library/user-event/dist/cjs/event/input.js:115:9)
      at Object.input 
(node_modules/@testing-library/user-event/dist/cjs/event/input.js:37:9)
      at node_modules/@testing-library/user-event/dist/cjs/event/behavior/keypr
ess.js:31:26
      at Object.dispatchEvent (node_modules/@testing-library/user-event/dist/cj
s/event/dispatchEvent.js:41:13)
      at Object.dispatchUIEvent (node_modules/@testing-library/user-event/dist/
cjs/event/dispatchEvent.js:22:26)
      at KeyboardHost.keydown 
(node_modules/@testing-library/user-event/dist/cjs/system/keyboard.js:76:22)
      at keyboardAction 
(node_modules/@testing-library/user-event/dist/cjs/keyboard/index.js:22:35)
      at Object.keyboard 
(node_modules/@testing-library/user-event/dist/cjs/keyboard/index.js:11:15)
      at Object.type 
(node_modules/@testing-library/user-event/dist/cjs/utility/type.js:17:5)
      at Object.<anonymous> (src/profile/__tests__/profile.test.tsx:138:5)

    console.error
      Warning: An update to ProfilePage inside a test was not wrapped in 
act(...).
      
      When testing, code that causes React state updates should be wrapped 
into act(...):
      
      act(() => {
        /* fire events that update state */
      });
      /* assert on the output */
      
      This ensures that you're testing the behavior the user would see in the 
browser. Learn more at https://reactjs.org/link/wrap-tests-with-act
          at ProfilePage (C:\Users\samhe\OneDrive\Desktop\Cleaned\frontend\src\
profile\ProfilePage.tsx:17:41)
          at basenameProp (C:\Users\samhe\OneDrive\Desktop\Cleaned\frontend\nod
e_modules\react-router\lib\components.tsx:421:13)
          at basename (C:\Users\samhe\OneDrive\Desktop\Cleaned\frontend\node_mo
dules\react-router\lib\components.tsx:225:3)

      110 |               className="border border-gray-300 rounded-md px-3 
py-2 text-sm focus:outline-none focus:ring-2 focus:ring-brand-500"
      111 |               value={name}
    > 112 |               onChange={e => setName(e.target.value)}
          |                              ^
      113 |             />
      114 |             {nameError && <p className="text-sm 
text-red-600">{nameError}</p>}
      115 |           </div>

      at printWarning 
(node_modules/react-dom/cjs/react-dom.development.js:86:30)
      at error (node_modules/react-dom/cjs/react-dom.development.js:60:7)
      at warnIfUpdatesNotWrappedWithActDEV 
(node_modules/react-dom/cjs/react-dom.development.js:27628:9)
      at scheduleUpdateOnFiber 
(node_modules/react-dom/cjs/react-dom.development.js:25547:5)
      at dispatchSetState 
(node_modules/react-dom/cjs/react-dom.development.js:16708:7)
      at onChange (src/profile/ProfilePage.tsx:112:30)
      at HTMLUnknownElement.callCallback 
(node_modules/react-dom/cjs/react-dom.development.js:4164:14)
      at HTMLUnknownElement.callTheUserObjectsOperation 
(node_modules/jsdom/lib/jsdom/living/generated/EventListener.js:26:30)
      at innerInvokeEventListeners 
(node_modules/jsdom/lib/jsdom/living/events/EventTarget-impl.js:350:25)
      at invokeEventListeners 
(node_modules/jsdom/lib/jsdom/living/events/EventTarget-impl.js:286:3)
      at HTMLUnknownElementImpl._dispatch 
(node_modules/jsdom/lib/jsdom/living/events/EventTarget-impl.js:233:9)
      at HTMLUnknownElementImpl.dispatchEvent 
(node_modules/jsdom/lib/jsdom/living/events/EventTarget-impl.js:104:17)
      at HTMLUnknownElement.dispatchEvent 
(node_modules/jsdom/lib/jsdom/living/generated/EventTarget.js:241:34)
      at Object.invokeGuardedCallbackDev 
(node_modules/react-dom/cjs/react-dom.development.js:4213:16)
      at invokeGuardedCallback 
(node_modules/react-dom/cjs/react-dom.development.js:4277:31)
      at invokeGuardedCallbackAndCatchFirstError 
(node_modules/react-dom/cjs/react-dom.development.js:4291:25)
      at executeDispatch 
(node_modules/react-dom/cjs/react-dom.development.js:9041:3)
      at processDispatchQueueItemsInOrder 
(node_modules/react-dom/cjs/react-dom.development.js:9073:7)
      at processDispatchQueue 
(node_modules/react-dom/cjs/react-dom.development.js:9086:5)
      at dispatchEventsForPlugins 
(node_modules/react-dom/cjs/react-dom.development.js:9097:3)
      at node_modules/react-dom/cjs/react-dom.development.js:9288:12
      at batchedUpdates$1 
(node_modules/react-dom/cjs/react-dom.development.js:26179:12)
      at batchedUpdates 
(node_modules/react-dom/cjs/react-dom.development.js:3991:12)
      at dispatchEventForPluginEventSystem 
(node_modules/react-dom/cjs/react-dom.development.js:9287:3)
      at dispatchEventWithEnableCapturePhaseSelectiveHydrationWithoutDiscreteEv
entReplay (node_modules/react-dom/cjs/react-dom.development.js:6465:5)
      at dispatchEvent 
(node_modules/react-dom/cjs/react-dom.development.js:6457:5)
      at dispatchDiscreteEvent 
(node_modules/react-dom/cjs/react-dom.development.js:6430:5)
      at HTMLDivElement.callTheUserObjectsOperation 
(node_modules/jsdom/lib/jsdom/living/generated/EventListener.js:26:30)
      at innerInvokeEventListeners 
(node_modules/jsdom/lib/jsdom/living/events/EventTarget-impl.js:350:25)
      at invokeEventListeners 
(node_modules/jsdom/lib/jsdom/living/events/EventTarget-impl.js:286:3)
      at HTMLInputElementImpl._dispatch 
(node_modules/jsdom/lib/jsdom/living/events/EventTarget-impl.js:233:9)
      at HTMLInputElementImpl.dispatchEvent 
(node_modules/jsdom/lib/jsdom/living/events/EventTarget-impl.js:104:17)
      at HTMLInputElement.dispatchEvent 
(node_modules/jsdom/lib/jsdom/living/generated/EventTarget.js:241:34)
      at 
node_modules/@testing-library/user-event/dist/cjs/event/dispatchEvent.js:45:43
      at Object.eventWrapper 
(node_modules/@testing-library/dom/dist/config.js:25:23)
      at Object.wrapEvent 
(node_modules/@testing-library/user-event/dist/cjs/event/wrapEvent.js:6:28)
      at Object.dispatchEvent (node_modules/@testing-library/user-event/dist/cj
s/event/dispatchEvent.js:45:22)
      at Object.dispatchUIEvent (node_modules/@testing-library/user-event/dist/
cjs/event/dispatchEvent.js:22:26)
      at commitInput 
(node_modules/@testing-library/user-event/dist/cjs/event/input.js:145:14)
      at editInputElement 
(node_modules/@testing-library/user-event/dist/cjs/event/input.js:115:9)
      at Object.input 
(node_modules/@testing-library/user-event/dist/cjs/event/input.js:37:9)
      at node_modules/@testing-library/user-event/dist/cjs/event/behavior/keypr
ess.js:31:26
      at Object.dispatchEvent (node_modules/@testing-library/user-event/dist/cj
s/event/dispatchEvent.js:41:13)
      at Object.dispatchUIEvent (node_modules/@testing-library/user-event/dist/
cjs/event/dispatchEvent.js:22:26)
      at KeyboardHost.keydown 
(node_modules/@testing-library/user-event/dist/cjs/system/keyboard.js:76:22)
      at keyboardAction 
(node_modules/@testing-library/user-event/dist/cjs/keyboard/index.js:22:35)
      at Object.keyboard 
(node_modules/@testing-library/user-event/dist/cjs/keyboard/index.js:11:15)
      at Object.type 
(node_modules/@testing-library/user-event/dist/cjs/utility/type.js:17:5)
      at Object.<anonymous> (src/profile/__tests__/profile.test.tsx:138:5)

    console.error
      Warning: An update to ProfilePage inside a test was not wrapped in 
act(...).
      
      When testing, code that causes React state updates should be wrapped 
into act(...):
      
      act(() => {
        /* fire events that update state */
      });
      /* assert on the output */
      
      This ensures that you're testing the behavior the user would see in the 
browser. Learn more at https://reactjs.org/link/wrap-tests-with-act
          at ProfilePage (C:\Users\samhe\OneDrive\Desktop\Cleaned\frontend\src\
profile\ProfilePage.tsx:17:41)
          at basenameProp (C:\Users\samhe\OneDrive\Desktop\Cleaned\frontend\nod
e_modules\react-router\lib\components.tsx:421:13)
          at basename (C:\Users\samhe\OneDrive\Desktop\Cleaned\frontend\node_mo
dules\react-router\lib\components.tsx:225:3)

      110 |               className="border border-gray-300 rounded-md px-3 
py-2 text-sm focus:outline-none focus:ring-2 focus:ring-brand-500"
      111 |               value={name}
    > 112 |               onChange={e => setName(e.target.value)}
          |                              ^
      113 |             />
      114 |             {nameError && <p className="text-sm 
text-red-600">{nameError}</p>}
      115 |           </div>

      at printWarning 
(node_modules/react-dom/cjs/react-dom.development.js:86:30)
      at error (node_modules/react-dom/cjs/react-dom.development.js:60:7)
      at warnIfUpdatesNotWrappedWithActDEV 
(node_modules/react-dom/cjs/react-dom.development.js:27628:9)
      at scheduleUpdateOnFiber 
(node_modules/react-dom/cjs/react-dom.development.js:25547:5)
      at dispatchSetState 
(node_modules/react-dom/cjs/react-dom.development.js:16708:7)
      at onChange (src/profile/ProfilePage.tsx:112:30)
      at HTMLUnknownElement.callCallback 
(node_modules/react-dom/cjs/react-dom.development.js:4164:14)
      at HTMLUnknownElement.callTheUserObjectsOperation 
(node_modules/jsdom/lib/jsdom/living/generated/EventListener.js:26:30)
      at innerInvokeEventListeners 
(node_modules/jsdom/lib/jsdom/living/events/EventTarget-impl.js:350:25)
      at invokeEventListeners 
(node_modules/jsdom/lib/jsdom/living/events/EventTarget-impl.js:286:3)
      at HTMLUnknownElementImpl._dispatch 
(node_modules/jsdom/lib/jsdom/living/events/EventTarget-impl.js:233:9)
      at HTMLUnknownElementImpl.dispatchEvent 
(node_modules/jsdom/lib/jsdom/living/events/EventTarget-impl.js:104:17)
      at HTMLUnknownElement.dispatchEvent 
(node_modules/jsdom/lib/jsdom/living/generated/EventTarget.js:241:34)
      at Object.invokeGuardedCallbackDev 
(node_modules/react-dom/cjs/react-dom.development.js:4213:16)
      at invokeGuardedCallback 
(node_modules/react-dom/cjs/react-dom.development.js:4277:31)
      at invokeGuardedCallbackAndCatchFirstError 
(node_modules/react-dom/cjs/react-dom.development.js:4291:25)
      at executeDispatch 
(node_modules/react-dom/cjs/react-dom.development.js:9041:3)
      at processDispatchQueueItemsInOrder 
(node_modules/react-dom/cjs/react-dom.development.js:9073:7)
      at processDispatchQueue 
(node_modules/react-dom/cjs/react-dom.development.js:9086:5)
      at dispatchEventsForPlugins 
(node_modules/react-dom/cjs/react-dom.development.js:9097:3)
      at node_modules/react-dom/cjs/react-dom.development.js:9288:12
      at batchedUpdates$1 
(node_modules/react-dom/cjs/react-dom.development.js:26179:12)
      at batchedUpdates 
(node_modules/react-dom/cjs/react-dom.development.js:3991:12)
      at dispatchEventForPluginEventSystem 
(node_modules/react-dom/cjs/react-dom.development.js:9287:3)
      at dispatchEventWithEnableCapturePhaseSelectiveHydrationWithoutDiscreteEv
entReplay (node_modules/react-dom/cjs/react-dom.development.js:6465:5)
      at dispatchEvent 
(node_modules/react-dom/cjs/react-dom.development.js:6457:5)
      at dispatchDiscreteEvent 
(node_modules/react-dom/cjs/react-dom.development.js:6430:5)
      at HTMLDivElement.callTheUserObjectsOperation 
(node_modules/jsdom/lib/jsdom/living/generated/EventListener.js:26:30)
      at innerInvokeEventListeners 
(node_modules/jsdom/lib/jsdom/living/events/EventTarget-impl.js:350:25)
      at invokeEventListeners 
(node_modules/jsdom/lib/jsdom/living/events/EventTarget-impl.js:286:3)
      at HTMLInputElementImpl._dispatch 
(node_modules/jsdom/lib/jsdom/living/events/EventTarget-impl.js:233:9)
      at HTMLInputElementImpl.dispatchEvent 
(node_modules/jsdom/lib/jsdom/living/events/EventTarget-impl.js:104:17)
      at HTMLInputElement.dispatchEvent 
(node_modules/jsdom/lib/jsdom/living/generated/EventTarget.js:241:34)
      at 
node_modules/@testing-library/user-event/dist/cjs/event/dispatchEvent.js:45:43
      at Object.eventWrapper 
(node_modules/@testing-library/dom/dist/config.js:25:23)
      at Object.wrapEvent 
(node_modules/@testing-library/user-event/dist/cjs/event/wrapEvent.js:6:28)
      at Object.dispatchEvent (node_modules/@testing-library/user-event/dist/cj
s/event/dispatchEvent.js:45:22)
      at Object.dispatchUIEvent (node_modules/@testing-library/user-event/dist/
cjs/event/dispatchEvent.js:22:26)
      at commitInput 
(node_modules/@testing-library/user-event/dist/cjs/event/input.js:145:14)
      at editInputElement 
(node_modules/@testing-library/user-event/dist/cjs/event/input.js:115:9)
      at Object.input 
(node_modules/@testing-library/user-event/dist/cjs/event/input.js:37:9)
      at node_modules/@testing-library/user-event/dist/cjs/event/behavior/keypr
ess.js:31:26
      at Object.dispatchEvent (node_modules/@testing-library/user-event/dist/cj
s/event/dispatchEvent.js:41:13)
      at Object.dispatchUIEvent (node_modules/@testing-library/user-event/dist/
cjs/event/dispatchEvent.js:22:26)
      at KeyboardHost.keydown 
(node_modules/@testing-library/user-event/dist/cjs/system/keyboard.js:76:22)
      at keyboardAction 
(node_modules/@testing-library/user-event/dist/cjs/keyboard/index.js:22:35)
      at Object.keyboard 
(node_modules/@testing-library/user-event/dist/cjs/keyboard/index.js:11:15)
      at Object.type 
(node_modules/@testing-library/user-event/dist/cjs/utility/type.js:17:5)
      at Object.<anonymous> (src/profile/__tests__/profile.test.tsx:138:5)

    console.error
      Warning: An update to ProfilePage inside a test was not wrapped in 
act(...).
      
      When testing, code that causes React state updates should be wrapped 
into act(...):
      
      act(() => {
        /* fire events that update state */
      });
      /* assert on the output */
      
      This ensures that you're testing the behavior the user would see in the 
browser. Learn more at https://reactjs.org/link/wrap-tests-with-act
          at ProfilePage (C:\Users\samhe\OneDrive\Desktop\Cleaned\frontend\src\
profile\ProfilePage.tsx:17:41)
          at basenameProp (C:\Users\samhe\OneDrive\Desktop\Cleaned\frontend\nod
e_modules\react-router\lib\components.tsx:421:13)
          at basename (C:\Users\samhe\OneDrive\Desktop\Cleaned\frontend\node_mo
dules\react-router\lib\components.tsx:225:3)

      110 |               className="border border-gray-300 rounded-md px-3 
py-2 text-sm focus:outline-none focus:ring-2 focus:ring-brand-500"
      111 |               value={name}
    > 112 |               onChange={e => setName(e.target.value)}
          |                              ^
      113 |             />
      114 |             {nameError && <p className="text-sm 
text-red-600">{nameError}</p>}
      115 |           </div>

      at printWarning 
(node_modules/react-dom/cjs/react-dom.development.js:86:30)
      at error (node_modules/react-dom/cjs/react-dom.development.js:60:7)
      at warnIfUpdatesNotWrappedWithActDEV 
(node_modules/react-dom/cjs/react-dom.development.js:27628:9)
      at scheduleUpdateOnFiber 
(node_modules/react-dom/cjs/react-dom.development.js:25547:5)
      at dispatchSetState 
(node_modules/react-dom/cjs/react-dom.development.js:16708:7)
      at onChange (src/profile/ProfilePage.tsx:112:30)
      at HTMLUnknownElement.callCallback 
(node_modules/react-dom/cjs/react-dom.development.js:4164:14)
      at HTMLUnknownElement.callTheUserObjectsOperation 
(node_modules/jsdom/lib/jsdom/living/generated/EventListener.js:26:30)
      at innerInvokeEventListeners 
(node_modules/jsdom/lib/jsdom/living/events/EventTarget-impl.js:350:25)
      at invokeEventListeners 
(node_modules/jsdom/lib/jsdom/living/events/EventTarget-impl.js:286:3)
      at HTMLUnknownElementImpl._dispatch 
(node_modules/jsdom/lib/jsdom/living/events/EventTarget-impl.js:233:9)
      at HTMLUnknownElementImpl.dispatchEvent 
(node_modules/jsdom/lib/jsdom/living/events/EventTarget-impl.js:104:17)
      at HTMLUnknownElement.dispatchEvent 
(node_modules/jsdom/lib/jsdom/living/generated/EventTarget.js:241:34)
      at Object.invokeGuardedCallbackDev 
(node_modules/react-dom/cjs/react-dom.development.js:4213:16)
      at invokeGuardedCallback 
(node_modules/react-dom/cjs/react-dom.development.js:4277:31)
      at invokeGuardedCallbackAndCatchFirstError 
(node_modules/react-dom/cjs/react-dom.development.js:4291:25)
      at executeDispatch 
(node_modules/react-dom/cjs/react-dom.development.js:9041:3)
      at processDispatchQueueItemsInOrder 
(node_modules/react-dom/cjs/react-dom.development.js:9073:7)
      at processDispatchQueue 
(node_modules/react-dom/cjs/react-dom.development.js:9086:5)
      at dispatchEventsForPlugins 
(node_modules/react-dom/cjs/react-dom.development.js:9097:3)
      at node_modules/react-dom/cjs/react-dom.development.js:9288:12
      at batchedUpdates$1 
(node_modules/react-dom/cjs/react-dom.development.js:26179:12)
      at batchedUpdates 
(node_modules/react-dom/cjs/react-dom.development.js:3991:12)
      at dispatchEventForPluginEventSystem 
(node_modules/react-dom/cjs/react-dom.development.js:9287:3)
      at dispatchEventWithEnableCapturePhaseSelectiveHydrationWithoutDiscreteEv
entReplay (node_modules/react-dom/cjs/react-dom.development.js:6465:5)
      at dispatchEvent 
(node_modules/react-dom/cjs/react-dom.development.js:6457:5)
      at dispatchDiscreteEvent 
(node_modules/react-dom/cjs/react-dom.development.js:6430:5)
      at HTMLDivElement.callTheUserObjectsOperation 
(node_modules/jsdom/lib/jsdom/living/generated/EventListener.js:26:30)
      at innerInvokeEventListeners 
(node_modules/jsdom/lib/jsdom/living/events/EventTarget-impl.js:350:25)
      at invokeEventListeners 
(node_modules/jsdom/lib/jsdom/living/events/EventTarget-impl.js:286:3)
      at HTMLInputElementImpl._dispatch 
(node_modules/jsdom/lib/jsdom/living/events/EventTarget-impl.js:233:9)
      at HTMLInputElementImpl.dispatchEvent 
(node_modules/jsdom/lib/jsdom/living/events/EventTarget-impl.js:104:17)
      at HTMLInputElement.dispatchEvent 
(node_modules/jsdom/lib/jsdom/living/generated/EventTarget.js:241:34)
      at 
node_modules/@testing-library/user-event/dist/cjs/event/dispatchEvent.js:45:43
      at Object.eventWrapper 
(node_modules/@testing-library/dom/dist/config.js:25:23)
      at Object.wrapEvent 
(node_modules/@testing-library/user-event/dist/cjs/event/wrapEvent.js:6:28)
      at Object.dispatchEvent (node_modules/@testing-library/user-event/dist/cj
s/event/dispatchEvent.js:45:22)
      at Object.dispatchUIEvent (node_modules/@testing-library/user-event/dist/
cjs/event/dispatchEvent.js:22:26)
      at commitInput 
(node_modules/@testing-library/user-event/dist/cjs/event/input.js:145:14)
      at editInputElement 
(node_modules/@testing-library/user-event/dist/cjs/event/input.js:115:9)
      at Object.input 
(node_modules/@testing-library/user-event/dist/cjs/event/input.js:37:9)
      at node_modules/@testing-library/user-event/dist/cjs/event/behavior/keypr
ess.js:31:26
      at Object.dispatchEvent (node_modules/@testing-library/user-event/dist/cj
s/event/dispatchEvent.js:41:13)
      at Object.dispatchUIEvent (node_modules/@testing-library/user-event/dist/
cjs/event/dispatchEvent.js:22:26)
      at KeyboardHost.keydown 
(node_modules/@testing-library/user-event/dist/cjs/system/keyboard.js:76:22)
      at keyboardAction 
(node_modules/@testing-library/user-event/dist/cjs/keyboard/index.js:22:35)
      at Object.keyboard 
(node_modules/@testing-library/user-event/dist/cjs/keyboard/index.js:11:15)
      at Object.type 
(node_modules/@testing-library/user-event/dist/cjs/utility/type.js:17:5)
      at Object.<anonymous> (src/profile/__tests__/profile.test.tsx:138:5)

    console.error
      Warning: An update to ProfilePage inside a test was not wrapped in 
act(...).
      
      When testing, code that causes React state updates should be wrapped 
into act(...):
      
      act(() => {
        /* fire events that update state */
      });
      /* assert on the output */
      
      This ensures that you're testing the behavior the user would see in the 
browser. Learn more at https://reactjs.org/link/wrap-tests-with-act
          at ProfilePage (C:\Users\samhe\OneDrive\Desktop\Cleaned\frontend\src\
profile\ProfilePage.tsx:17:41)
          at basenameProp (C:\Users\samhe\OneDrive\Desktop\Cleaned\frontend\nod
e_modules\react-router\lib\components.tsx:421:13)
          at basename (C:\Users\samhe\OneDrive\Desktop\Cleaned\frontend\node_mo
dules\react-router\lib\components.tsx:225:3)

      110 |               className="border border-gray-300 rounded-md px-3 
py-2 text-sm focus:outline-none focus:ring-2 focus:ring-brand-500"
      111 |               value={name}
    > 112 |               onChange={e => setName(e.target.value)}
          |                              ^
      113 |             />
      114 |             {nameError && <p className="text-sm 
text-red-600">{nameError}</p>}
      115 |           </div>

      at printWarning 
(node_modules/react-dom/cjs/react-dom.development.js:86:30)
      at error (node_modules/react-dom/cjs/react-dom.development.js:60:7)
      at warnIfUpdatesNotWrappedWithActDEV 
(node_modules/react-dom/cjs/react-dom.development.js:27628:9)
      at scheduleUpdateOnFiber 
(node_modules/react-dom/cjs/react-dom.development.js:25547:5)
      at dispatchSetState 
(node_modules/react-dom/cjs/react-dom.development.js:16708:7)
      at onChange (src/profile/ProfilePage.tsx:112:30)
      at HTMLUnknownElement.callCallback 
(node_modules/react-dom/cjs/react-dom.development.js:4164:14)
      at HTMLUnknownElement.callTheUserObjectsOperation 
(node_modules/jsdom/lib/jsdom/living/generated/EventListener.js:26:30)
      at innerInvokeEventListeners 
(node_modules/jsdom/lib/jsdom/living/events/EventTarget-impl.js:350:25)
      at invokeEventListeners 
(node_modules/jsdom/lib/jsdom/living/events/EventTarget-impl.js:286:3)
      at HTMLUnknownElementImpl._dispatch 
(node_modules/jsdom/lib/jsdom/living/events/EventTarget-impl.js:233:9)
      at HTMLUnknownElementImpl.dispatchEvent 
(node_modules/jsdom/lib/jsdom/living/events/EventTarget-impl.js:104:17)
      at HTMLUnknownElement.dispatchEvent 
(node_modules/jsdom/lib/jsdom/living/generated/EventTarget.js:241:34)
      at Object.invokeGuardedCallbackDev 
(node_modules/react-dom/cjs/react-dom.development.js:4213:16)
      at invokeGuardedCallback 
(node_modules/react-dom/cjs/react-dom.development.js:4277:31)
      at invokeGuardedCallbackAndCatchFirstError 
(node_modules/react-dom/cjs/react-dom.development.js:4291:25)
      at executeDispatch 
(node_modules/react-dom/cjs/react-dom.development.js:9041:3)
      at processDispatchQueueItemsInOrder 
(node_modules/react-dom/cjs/react-dom.development.js:9073:7)
      at processDispatchQueue 
(node_modules/react-dom/cjs/react-dom.development.js:9086:5)
      at dispatchEventsForPlugins 
(node_modules/react-dom/cjs/react-dom.development.js:9097:3)
      at node_modules/react-dom/cjs/react-dom.development.js:9288:12
      at batchedUpdates$1 
(node_modules/react-dom/cjs/react-dom.development.js:26179:12)
      at batchedUpdates 
(node_modules/react-dom/cjs/react-dom.development.js:3991:12)
      at dispatchEventForPluginEventSystem 
(node_modules/react-dom/cjs/react-dom.development.js:9287:3)
      at dispatchEventWithEnableCapturePhaseSelectiveHydrationWithoutDiscreteEv
entReplay (node_modules/react-dom/cjs/react-dom.development.js:6465:5)
      at dispatchEvent 
(node_modules/react-dom/cjs/react-dom.development.js:6457:5)
      at dispatchDiscreteEvent 
(node_modules/react-dom/cjs/react-dom.development.js:6430:5)
      at HTMLDivElement.callTheUserObjectsOperation 
(node_modules/jsdom/lib/jsdom/living/generated/EventListener.js:26:30)
      at innerInvokeEventListeners 
(node_modules/jsdom/lib/jsdom/living/events/EventTarget-impl.js:350:25)
      at invokeEventListeners 
(node_modules/jsdom/lib/jsdom/living/events/EventTarget-impl.js:286:3)
      at HTMLInputElementImpl._dispatch 
(node_modules/jsdom/lib/jsdom/living/events/EventTarget-impl.js:233:9)
      at HTMLInputElementImpl.dispatchEvent 
(node_modules/jsdom/lib/jsdom/living/events/EventTarget-impl.js:104:17)
      at HTMLInputElement.dispatchEvent 
(node_modules/jsdom/lib/jsdom/living/generated/EventTarget.js:241:34)
      at 
node_modules/@testing-library/user-event/dist/cjs/event/dispatchEvent.js:45:43
      at Object.eventWrapper 
(node_modules/@testing-library/dom/dist/config.js:25:23)
      at Object.wrapEvent 
(node_modules/@testing-library/user-event/dist/cjs/event/wrapEvent.js:6:28)
      at Object.dispatchEvent (node_modules/@testing-library/user-event/dist/cj
s/event/dispatchEvent.js:45:22)
      at Object.dispatchUIEvent (node_modules/@testing-library/user-event/dist/
cjs/event/dispatchEvent.js:22:26)
      at commitInput 
(node_modules/@testing-library/user-event/dist/cjs/event/input.js:145:14)
      at editInputElement 
(node_modules/@testing-library/user-event/dist/cjs/event/input.js:115:9)
      at Object.input 
(node_modules/@testing-library/user-event/dist/cjs/event/input.js:37:9)
      at node_modules/@testing-library/user-event/dist/cjs/event/behavior/keypr
ess.js:31:26
      at Object.dispatchEvent (node_modules/@testing-library/user-event/dist/cj
s/event/dispatchEvent.js:41:13)
      at Object.dispatchUIEvent (node_modules/@testing-library/user-event/dist/
cjs/event/dispatchEvent.js:22:26)
      at KeyboardHost.keydown 
(node_modules/@testing-library/user-event/dist/cjs/system/keyboard.js:76:22)
      at keyboardAction 
(node_modules/@testing-library/user-event/dist/cjs/keyboard/index.js:22:35)
      at Object.keyboard 
(node_modules/@testing-library/user-event/dist/cjs/keyboard/index.js:11:15)
      at Object.type 
(node_modules/@testing-library/user-event/dist/cjs/utility/type.js:17:5)
      at Object.<anonymous> (src/profile/__tests__/profile.test.tsx:138:5)

    console.error
      Warning: An update to ProfilePage inside a test was not wrapped in 
act(...).
      
      When testing, code that causes React state updates should be wrapped 
into act(...):
      
      act(() => {
        /* fire events that update state */
      });
      /* assert on the output */
      
      This ensures that you're testing the behavior the user would see in the 
browser. Learn more at https://reactjs.org/link/wrap-tests-with-act
          at ProfilePage (C:\Users\samhe\OneDrive\Desktop\Cleaned\frontend\src\
profile\ProfilePage.tsx:17:41)
          at basenameProp (C:\Users\samhe\OneDrive\Desktop\Cleaned\frontend\nod
e_modules\react-router\lib\components.tsx:421:13)
          at basename (C:\Users\samhe\OneDrive\Desktop\Cleaned\frontend\node_mo
dules\react-router\lib\components.tsx:225:3)

      110 |               className="border border-gray-300 rounded-md px-3 
py-2 text-sm focus:outline-none focus:ring-2 focus:ring-brand-500"
      111 |               value={name}
    > 112 |               onChange={e => setName(e.target.value)}
          |                              ^
      113 |             />
      114 |             {nameError && <p className="text-sm 
text-red-600">{nameError}</p>}
      115 |           </div>

      at printWarning 
(node_modules/react-dom/cjs/react-dom.development.js:86:30)
      at error (node_modules/react-dom/cjs/react-dom.development.js:60:7)
      at warnIfUpdatesNotWrappedWithActDEV 
(node_modules/react-dom/cjs/react-dom.development.js:27628:9)
      at scheduleUpdateOnFiber 
(node_modules/react-dom/cjs/react-dom.development.js:25547:5)
      at dispatchSetState 
(node_modules/react-dom/cjs/react-dom.development.js:16708:7)
      at onChange (src/profile/ProfilePage.tsx:112:30)
      at HTMLUnknownElement.callCallback 
(node_modules/react-dom/cjs/react-dom.development.js:4164:14)
      at HTMLUnknownElement.callTheUserObjectsOperation 
(node_modules/jsdom/lib/jsdom/living/generated/EventListener.js:26:30)
      at innerInvokeEventListeners 
(node_modules/jsdom/lib/jsdom/living/events/EventTarget-impl.js:350:25)
      at invokeEventListeners 
(node_modules/jsdom/lib/jsdom/living/events/EventTarget-impl.js:286:3)
      at HTMLUnknownElementImpl._dispatch 
(node_modules/jsdom/lib/jsdom/living/events/EventTarget-impl.js:233:9)
      at HTMLUnknownElementImpl.dispatchEvent 
(node_modules/jsdom/lib/jsdom/living/events/EventTarget-impl.js:104:17)
      at HTMLUnknownElement.dispatchEvent 
(node_modules/jsdom/lib/jsdom/living/generated/EventTarget.js:241:34)
      at Object.invokeGuardedCallbackDev 
(node_modules/react-dom/cjs/react-dom.development.js:4213:16)
      at invokeGuardedCallback 
(node_modules/react-dom/cjs/react-dom.development.js:4277:31)
      at invokeGuardedCallbackAndCatchFirstError 
(node_modules/react-dom/cjs/react-dom.development.js:4291:25)
      at executeDispatch 
(node_modules/react-dom/cjs/react-dom.development.js:9041:3)
      at processDispatchQueueItemsInOrder 
(node_modules/react-dom/cjs/react-dom.development.js:9073:7)
      at processDispatchQueue 
(node_modules/react-dom/cjs/react-dom.development.js:9086:5)
      at dispatchEventsForPlugins 
(node_modules/react-dom/cjs/react-dom.development.js:9097:3)
      at node_modules/react-dom/cjs/react-dom.development.js:9288:12
      at batchedUpdates$1 
(node_modules/react-dom/cjs/react-dom.development.js:26179:12)
      at batchedUpdates 
(node_modules/react-dom/cjs/react-dom.development.js:3991:12)
      at dispatchEventForPluginEventSystem 
(node_modules/react-dom/cjs/react-dom.development.js:9287:3)
      at dispatchEventWithEnableCapturePhaseSelectiveHydrationWithoutDiscreteEv
entReplay (node_modules/react-dom/cjs/react-dom.development.js:6465:5)
      at dispatchEvent 
(node_modules/react-dom/cjs/react-dom.development.js:6457:5)
      at dispatchDiscreteEvent 
(node_modules/react-dom/cjs/react-dom.development.js:6430:5)
      at HTMLDivElement.callTheUserObjectsOperation 
(node_modules/jsdom/lib/jsdom/living/generated/EventListener.js:26:30)
      at innerInvokeEventListeners 
(node_modules/jsdom/lib/jsdom/living/events/EventTarget-impl.js:350:25)
      at invokeEventListeners 
(node_modules/jsdom/lib/jsdom/living/events/EventTarget-impl.js:286:3)
      at HTMLInputElementImpl._dispatch 
(node_modules/jsdom/lib/jsdom/living/events/EventTarget-impl.js:233:9)
      at HTMLInputElementImpl.dispatchEvent 
(node_modules/jsdom/lib/jsdom/living/events/EventTarget-impl.js:104:17)
      at HTMLInputElement.dispatchEvent 
(node_modules/jsdom/lib/jsdom/living/generated/EventTarget.js:241:34)
      at 
node_modules/@testing-library/user-event/dist/cjs/event/dispatchEvent.js:45:43
      at Object.eventWrapper 
(node_modules/@testing-library/dom/dist/config.js:25:23)
      at Object.wrapEvent 
(node_modules/@testing-library/user-event/dist/cjs/event/wrapEvent.js:6:28)
      at Object.dispatchEvent (node_modules/@testing-library/user-event/dist/cj
s/event/dispatchEvent.js:45:22)
      at Object.dispatchUIEvent (node_modules/@testing-library/user-event/dist/
cjs/event/dispatchEvent.js:22:26)
      at commitInput 
(node_modules/@testing-library/user-event/dist/cjs/event/input.js:145:14)
      at editInputElement 
(node_modules/@testing-library/user-event/dist/cjs/event/input.js:115:9)
      at Object.input 
(node_modules/@testing-library/user-event/dist/cjs/event/input.js:37:9)
      at node_modules/@testing-library/user-event/dist/cjs/event/behavior/keypr
ess.js:31:26
      at Object.dispatchEvent (node_modules/@testing-library/user-event/dist/cj
s/event/dispatchEvent.js:41:13)
      at Object.dispatchUIEvent (node_modules/@testing-library/user-event/dist/
cjs/event/dispatchEvent.js:22:26)
      at KeyboardHost.keydown 
(node_modules/@testing-library/user-event/dist/cjs/system/keyboard.js:76:22)
      at keyboardAction 
(node_modules/@testing-library/user-event/dist/cjs/keyboard/index.js:22:35)
      at Object.keyboard 
(node_modules/@testing-library/user-event/dist/cjs/keyboard/index.js:11:15)
      at Object.type 
(node_modules/@testing-library/user-event/dist/cjs/utility/type.js:17:5)
      at Object.<anonymous> (src/profile/__tests__/profile.test.tsx:138:5)

    console.error
      Warning: An update to ProfilePage inside a test was not wrapped in 
act(...).
      
      When testing, code that causes React state updates should be wrapped 
into act(...):
      
      act(() => {
        /* fire events that update state */
      });
      /* assert on the output */
      
      This ensures that you're testing the behavior the user would see in the 
browser. Learn more at https://reactjs.org/link/wrap-tests-with-act
          at ProfilePage (C:\Users\samhe\OneDrive\Desktop\Cleaned\frontend\src\
profile\ProfilePage.tsx:17:41)
          at basenameProp (C:\Users\samhe\OneDrive\Desktop\Cleaned\frontend\nod
e_modules\react-router\lib\components.tsx:421:13)
          at basename (C:\Users\samhe\OneDrive\Desktop\Cleaned\frontend\node_mo
dules\react-router\lib\components.tsx:225:3)

      110 |               className="border border-gray-300 rounded-md px-3 
py-2 text-sm focus:outline-none focus:ring-2 focus:ring-brand-500"
      111 |               value={name}
    > 112 |               onChange={e => setName(e.target.value)}
          |                              ^
      113 |             />
      114 |             {nameError && <p className="text-sm 
text-red-600">{nameError}</p>}
      115 |           </div>

      at printWarning 
(node_modules/react-dom/cjs/react-dom.development.js:86:30)
      at error (node_modules/react-dom/cjs/react-dom.development.js:60:7)
      at warnIfUpdatesNotWrappedWithActDEV 
(node_modules/react-dom/cjs/react-dom.development.js:27628:9)
      at scheduleUpdateOnFiber 
(node_modules/react-dom/cjs/react-dom.development.js:25547:5)
      at dispatchSetState 
(node_modules/react-dom/cjs/react-dom.development.js:16708:7)
      at onChange (src/profile/ProfilePage.tsx:112:30)
      at HTMLUnknownElement.callCallback 
(node_modules/react-dom/cjs/react-dom.development.js:4164:14)
      at HTMLUnknownElement.callTheUserObjectsOperation 
(node_modules/jsdom/lib/jsdom/living/generated/EventListener.js:26:30)
      at innerInvokeEventListeners 
(node_modules/jsdom/lib/jsdom/living/events/EventTarget-impl.js:350:25)
      at invokeEventListeners 
(node_modules/jsdom/lib/jsdom/living/events/EventTarget-impl.js:286:3)
      at HTMLUnknownElementImpl._dispatch 
(node_modules/jsdom/lib/jsdom/living/events/EventTarget-impl.js:233:9)
      at HTMLUnknownElementImpl.dispatchEvent 
(node_modules/jsdom/lib/jsdom/living/events/EventTarget-impl.js:104:17)
      at HTMLUnknownElement.dispatchEvent 
(node_modules/jsdom/lib/jsdom/living/generated/EventTarget.js:241:34)
      at Object.invokeGuardedCallbackDev 
(node_modules/react-dom/cjs/react-dom.development.js:4213:16)
      at invokeGuardedCallback 
(node_modules/react-dom/cjs/react-dom.development.js:4277:31)
      at invokeGuardedCallbackAndCatchFirstError 
(node_modules/react-dom/cjs/react-dom.development.js:4291:25)
      at executeDispatch 
(node_modules/react-dom/cjs/react-dom.development.js:9041:3)
      at processDispatchQueueItemsInOrder 
(node_modules/react-dom/cjs/react-dom.development.js:9073:7)
      at processDispatchQueue 
(node_modules/react-dom/cjs/react-dom.development.js:9086:5)
      at dispatchEventsForPlugins 
(node_modules/react-dom/cjs/react-dom.development.js:9097:3)
      at node_modules/react-dom/cjs/react-dom.development.js:9288:12
      at batchedUpdates$1 
(node_modules/react-dom/cjs/react-dom.development.js:26179:12)
      at batchedUpdates 
(node_modules/react-dom/cjs/react-dom.development.js:3991:12)
      at dispatchEventForPluginEventSystem 
(node_modules/react-dom/cjs/react-dom.development.js:9287:3)
      at dispatchEventWithEnableCapturePhaseSelectiveHydrationWithoutDiscreteEv
entReplay (node_modules/react-dom/cjs/react-dom.development.js:6465:5)
      at dispatchEvent 
(node_modules/react-dom/cjs/react-dom.development.js:6457:5)
      at dispatchDiscreteEvent 
(node_modules/react-dom/cjs/react-dom.development.js:6430:5)
      at HTMLDivElement.callTheUserObjectsOperation 
(node_modules/jsdom/lib/jsdom/living/generated/EventListener.js:26:30)
      at innerInvokeEventListeners 
(node_modules/jsdom/lib/jsdom/living/events/EventTarget-impl.js:350:25)
      at invokeEventListeners 
(node_modules/jsdom/lib/jsdom/living/events/EventTarget-impl.js:286:3)
      at HTMLInputElementImpl._dispatch 
(node_modules/jsdom/lib/jsdom/living/events/EventTarget-impl.js:233:9)
      at HTMLInputElementImpl.dispatchEvent 
(node_modules/jsdom/lib/jsdom/living/events/EventTarget-impl.js:104:17)
      at HTMLInputElement.dispatchEvent 
(node_modules/jsdom/lib/jsdom/living/generated/EventTarget.js:241:34)
      at 
node_modules/@testing-library/user-event/dist/cjs/event/dispatchEvent.js:45:43
      at Object.eventWrapper 
(node_modules/@testing-library/dom/dist/config.js:25:23)
      at Object.wrapEvent 
(node_modules/@testing-library/user-event/dist/cjs/event/wrapEvent.js:6:28)
      at Object.dispatchEvent (node_modules/@testing-library/user-event/dist/cj
s/event/dispatchEvent.js:45:22)
      at Object.dispatchUIEvent (node_modules/@testing-library/user-event/dist/
cjs/event/dispatchEvent.js:22:26)
      at commitInput 
(node_modules/@testing-library/user-event/dist/cjs/event/input.js:145:14)
      at editInputElement 
(node_modules/@testing-library/user-event/dist/cjs/event/input.js:115:9)
      at Object.input 
(node_modules/@testing-library/user-event/dist/cjs/event/input.js:37:9)
      at node_modules/@testing-library/user-event/dist/cjs/event/behavior/keypr
ess.js:31:26
      at Object.dispatchEvent (node_modules/@testing-library/user-event/dist/cj
s/event/dispatchEvent.js:41:13)
      at Object.dispatchUIEvent (node_modules/@testing-library/user-event/dist/
cjs/event/dispatchEvent.js:22:26)
      at KeyboardHost.keydown 
(node_modules/@testing-library/user-event/dist/cjs/system/keyboard.js:76:22)
      at keyboardAction 
(node_modules/@testing-library/user-event/dist/cjs/keyboard/index.js:22:35)
      at Object.keyboard 
(node_modules/@testing-library/user-event/dist/cjs/keyboard/index.js:11:15)
      at Object.type 
(node_modules/@testing-library/user-event/dist/cjs/utility/type.js:17:5)
      at Object.<anonymous> (src/profile/__tests__/profile.test.tsx:138:5)

    console.error
      Warning: An update to ProfilePage inside a test was not wrapped in 
act(...).
      
      When testing, code that causes React state updates should be wrapped 
into act(...):
      
      act(() => {
        /* fire events that update state */
      });
      /* assert on the output */
      
      This ensures that you're testing the behavior the user would see in the 
browser. Learn more at https://reactjs.org/link/wrap-tests-with-act
          at ProfilePage (C:\Users\samhe\OneDrive\Desktop\Cleaned\frontend\src\
profile\ProfilePage.tsx:17:41)
          at basenameProp (C:\Users\samhe\OneDrive\Desktop\Cleaned\frontend\nod
e_modules\react-router\lib\components.tsx:421:13)
          at basename (C:\Users\samhe\OneDrive\Desktop\Cleaned\frontend\node_mo
dules\react-router\lib\components.tsx:225:3)

      110 |               className="border border-gray-300 rounded-md px-3 
py-2 text-sm focus:outline-none focus:ring-2 focus:ring-brand-500"
      111 |               value={name}
    > 112 |               onChange={e => setName(e.target.value)}
          |                              ^
      113 |             />
      114 |             {nameError && <p className="text-sm 
text-red-600">{nameError}</p>}
      115 |           </div>

      at printWarning 
(node_modules/react-dom/cjs/react-dom.development.js:86:30)
      at error (node_modules/react-dom/cjs/react-dom.development.js:60:7)
      at warnIfUpdatesNotWrappedWithActDEV 
(node_modules/react-dom/cjs/react-dom.development.js:27628:9)
      at scheduleUpdateOnFiber 
(node_modules/react-dom/cjs/react-dom.development.js:25547:5)
      at dispatchSetState 
(node_modules/react-dom/cjs/react-dom.development.js:16708:7)
      at onChange (src/profile/ProfilePage.tsx:112:30)
      at HTMLUnknownElement.callCallback 
(node_modules/react-dom/cjs/react-dom.development.js:4164:14)
      at HTMLUnknownElement.callTheUserObjectsOperation 
(node_modules/jsdom/lib/jsdom/living/generated/EventListener.js:26:30)
      at innerInvokeEventListeners 
(node_modules/jsdom/lib/jsdom/living/events/EventTarget-impl.js:350:25)
      at invokeEventListeners 
(node_modules/jsdom/lib/jsdom/living/events/EventTarget-impl.js:286:3)
      at HTMLUnknownElementImpl._dispatch 
(node_modules/jsdom/lib/jsdom/living/events/EventTarget-impl.js:233:9)
      at HTMLUnknownElementImpl.dispatchEvent 
(node_modules/jsdom/lib/jsdom/living/events/EventTarget-impl.js:104:17)
      at HTMLUnknownElement.dispatchEvent 
(node_modules/jsdom/lib/jsdom/living/generated/EventTarget.js:241:34)
      at Object.invokeGuardedCallbackDev 
(node_modules/react-dom/cjs/react-dom.development.js:4213:16)
      at invokeGuardedCallback 
(node_modules/react-dom/cjs/react-dom.development.js:4277:31)
      at invokeGuardedCallbackAndCatchFirstError 
(node_modules/react-dom/cjs/react-dom.development.js:4291:25)
      at executeDispatch 
(node_modules/react-dom/cjs/react-dom.development.js:9041:3)
      at processDispatchQueueItemsInOrder 
(node_modules/react-dom/cjs/react-dom.development.js:9073:7)
      at processDispatchQueue 
(node_modules/react-dom/cjs/react-dom.development.js:9086:5)
      at dispatchEventsForPlugins 
(node_modules/react-dom/cjs/react-dom.development.js:9097:3)
      at node_modules/react-dom/cjs/react-dom.development.js:9288:12
      at batchedUpdates$1 
(node_modules/react-dom/cjs/react-dom.development.js:26179:12)
      at batchedUpdates 
(node_modules/react-dom/cjs/react-dom.development.js:3991:12)
      at dispatchEventForPluginEventSystem 
(node_modules/react-dom/cjs/react-dom.development.js:9287:3)
      at dispatchEventWithEnableCapturePhaseSelectiveHydrationWithoutDiscreteEv
entReplay (node_modules/react-dom/cjs/react-dom.development.js:6465:5)
      at dispatchEvent 
(node_modules/react-dom/cjs/react-dom.development.js:6457:5)
      at dispatchDiscreteEvent 
(node_modules/react-dom/cjs/react-dom.development.js:6430:5)
      at HTMLDivElement.callTheUserObjectsOperation 
(node_modules/jsdom/lib/jsdom/living/generated/EventListener.js:26:30)
      at innerInvokeEventListeners 
(node_modules/jsdom/lib/jsdom/living/events/EventTarget-impl.js:350:25)
      at invokeEventListeners 
(node_modules/jsdom/lib/jsdom/living/events/EventTarget-impl.js:286:3)
      at HTMLInputElementImpl._dispatch 
(node_modules/jsdom/lib/jsdom/living/events/EventTarget-impl.js:233:9)
      at HTMLInputElementImpl.dispatchEvent 
(node_modules/jsdom/lib/jsdom/living/events/EventTarget-impl.js:104:17)
      at HTMLInputElement.dispatchEvent 
(node_modules/jsdom/lib/jsdom/living/generated/EventTarget.js:241:34)
      at 
node_modules/@testing-library/user-event/dist/cjs/event/dispatchEvent.js:45:43
      at Object.eventWrapper 
(node_modules/@testing-library/dom/dist/config.js:25:23)
      at Object.wrapEvent 
(node_modules/@testing-library/user-event/dist/cjs/event/wrapEvent.js:6:28)
      at Object.dispatchEvent (node_modules/@testing-library/user-event/dist/cj
s/event/dispatchEvent.js:45:22)
      at Object.dispatchUIEvent (node_modules/@testing-library/user-event/dist/
cjs/event/dispatchEvent.js:22:26)
      at commitInput 
(node_modules/@testing-library/user-event/dist/cjs/event/input.js:145:14)
      at editInputElement 
(node_modules/@testing-library/user-event/dist/cjs/event/input.js:115:9)
      at Object.input 
(node_modules/@testing-library/user-event/dist/cjs/event/input.js:37:9)
      at node_modules/@testing-library/user-event/dist/cjs/event/behavior/keypr
ess.js:31:26
      at Object.dispatchEvent (node_modules/@testing-library/user-event/dist/cj
s/event/dispatchEvent.js:41:13)
      at Object.dispatchUIEvent (node_modules/@testing-library/user-event/dist/
cjs/event/dispatchEvent.js:22:26)
      at KeyboardHost.keydown 
(node_modules/@testing-library/user-event/dist/cjs/system/keyboard.js:76:22)
      at keyboardAction 
(node_modules/@testing-library/user-event/dist/cjs/keyboard/index.js:22:35)
      at Object.keyboard 
(node_modules/@testing-library/user-event/dist/cjs/keyboard/index.js:11:15)
      at Object.type 
(node_modules/@testing-library/user-event/dist/cjs/utility/type.js:17:5)
      at Object.<anonymous> (src/profile/__tests__/profile.test.tsx:138:5)

    console.error
      Warning: An update to ProfilePage inside a test was not wrapped in 
act(...).
      
      When testing, code that causes React state updates should be wrapped 
into act(...):
      
      act(() => {
        /* fire events that update state */
      });
      /* assert on the output */
      
      This ensures that you're testing the behavior the user would see in the 
browser. Learn more at https://reactjs.org/link/wrap-tests-with-act
          at ProfilePage (C:\Users\samhe\OneDrive\Desktop\Cleaned\frontend\src\
profile\ProfilePage.tsx:17:41)
          at basenameProp (C:\Users\samhe\OneDrive\Desktop\Cleaned\frontend\nod
e_modules\react-router\lib\components.tsx:421:13)
          at basename (C:\Users\samhe\OneDrive\Desktop\Cleaned\frontend\node_mo
dules\react-router\lib\components.tsx:225:3)

      110 |               className="border border-gray-300 rounded-md px-3 
py-2 text-sm focus:outline-none focus:ring-2 focus:ring-brand-500"
      111 |               value={name}
    > 112 |               onChange={e => setName(e.target.value)}
          |                              ^
      113 |             />
      114 |             {nameError && <p className="text-sm 
text-red-600">{nameError}</p>}
      115 |           </div>

      at printWarning 
(node_modules/react-dom/cjs/react-dom.development.js:86:30)
      at error (node_modules/react-dom/cjs/react-dom.development.js:60:7)
      at warnIfUpdatesNotWrappedWithActDEV 
(node_modules/react-dom/cjs/react-dom.development.js:27628:9)
      at scheduleUpdateOnFiber 
(node_modules/react-dom/cjs/react-dom.development.js:25547:5)
      at dispatchSetState 
(node_modules/react-dom/cjs/react-dom.development.js:16708:7)
      at onChange (src/profile/ProfilePage.tsx:112:30)
      at HTMLUnknownElement.callCallback 
(node_modules/react-dom/cjs/react-dom.development.js:4164:14)
      at HTMLUnknownElement.callTheUserObjectsOperation 
(node_modules/jsdom/lib/jsdom/living/generated/EventListener.js:26:30)
      at innerInvokeEventListeners 
(node_modules/jsdom/lib/jsdom/living/events/EventTarget-impl.js:350:25)
      at invokeEventListeners 
(node_modules/jsdom/lib/jsdom/living/events/EventTarget-impl.js:286:3)
      at HTMLUnknownElementImpl._dispatch 
(node_modules/jsdom/lib/jsdom/living/events/EventTarget-impl.js:233:9)
      at HTMLUnknownElementImpl.dispatchEvent 
(node_modules/jsdom/lib/jsdom/living/events/EventTarget-impl.js:104:17)
      at HTMLUnknownElement.dispatchEvent 
(node_modules/jsdom/lib/jsdom/living/generated/EventTarget.js:241:34)
      at Object.invokeGuardedCallbackDev 
(node_modules/react-dom/cjs/react-dom.development.js:4213:16)
      at invokeGuardedCallback 
(node_modules/react-dom/cjs/react-dom.development.js:4277:31)
      at invokeGuardedCallbackAndCatchFirstError 
(node_modules/react-dom/cjs/react-dom.development.js:4291:25)
      at executeDispatch 
(node_modules/react-dom/cjs/react-dom.development.js:9041:3)
      at processDispatchQueueItemsInOrder 
(node_modules/react-dom/cjs/react-dom.development.js:9073:7)
      at processDispatchQueue 
(node_modules/react-dom/cjs/react-dom.development.js:9086:5)
      at dispatchEventsForPlugins 
(node_modules/react-dom/cjs/react-dom.development.js:9097:3)
      at node_modules/react-dom/cjs/react-dom.development.js:9288:12
      at batchedUpdates$1 
(node_modules/react-dom/cjs/react-dom.development.js:26179:12)
      at batchedUpdates 
(node_modules/react-dom/cjs/react-dom.development.js:3991:12)
      at dispatchEventForPluginEventSystem 
(node_modules/react-dom/cjs/react-dom.development.js:9287:3)
      at dispatchEventWithEnableCapturePhaseSelectiveHydrationWithoutDiscreteEv
entReplay (node_modules/react-dom/cjs/react-dom.development.js:6465:5)
      at dispatchEvent 
(node_modules/react-dom/cjs/react-dom.development.js:6457:5)
      at dispatchDiscreteEvent 
(node_modules/react-dom/cjs/react-dom.development.js:6430:5)
      at HTMLDivElement.callTheUserObjectsOperation 
(node_modules/jsdom/lib/jsdom/living/generated/EventListener.js:26:30)
      at innerInvokeEventListeners 
(node_modules/jsdom/lib/jsdom/living/events/EventTarget-impl.js:350:25)
      at invokeEventListeners 
(node_modules/jsdom/lib/jsdom/living/events/EventTarget-impl.js:286:3)
      at HTMLInputElementImpl._dispatch 
(node_modules/jsdom/lib/jsdom/living/events/EventTarget-impl.js:233:9)
      at HTMLInputElementImpl.dispatchEvent 
(node_modules/jsdom/lib/jsdom/living/events/EventTarget-impl.js:104:17)
      at HTMLInputElement.dispatchEvent 
(node_modules/jsdom/lib/jsdom/living/generated/EventTarget.js:241:34)
      at 
node_modules/@testing-library/user-event/dist/cjs/event/dispatchEvent.js:45:43
      at Object.eventWrapper 
(node_modules/@testing-library/dom/dist/config.js:25:23)
      at Object.wrapEvent 
(node_modules/@testing-library/user-event/dist/cjs/event/wrapEvent.js:6:28)
      at Object.dispatchEvent (node_modules/@testing-library/user-event/dist/cj
s/event/dispatchEvent.js:45:22)
      at Object.dispatchUIEvent (node_modules/@testing-library/user-event/dist/
cjs/event/dispatchEvent.js:22:26)
      at commitInput 
(node_modules/@testing-library/user-event/dist/cjs/event/input.js:145:14)
      at editInputElement 
(node_modules/@testing-library/user-event/dist/cjs/event/input.js:115:9)
      at Object.input 
(node_modules/@testing-library/user-event/dist/cjs/event/input.js:37:9)
      at node_modules/@testing-library/user-event/dist/cjs/event/behavior/keypr
ess.js:31:26
      at Object.dispatchEvent (node_modules/@testing-library/user-event/dist/cj
s/event/dispatchEvent.js:41:13)
      at Object.dispatchUIEvent (node_modules/@testing-library/user-event/dist/
cjs/event/dispatchEvent.js:22:26)
      at KeyboardHost.keydown 
(node_modules/@testing-library/user-event/dist/cjs/system/keyboard.js:76:22)
      at keyboardAction 
(node_modules/@testing-library/user-event/dist/cjs/keyboard/index.js:22:35)
      at Object.keyboard 
(node_modules/@testing-library/user-event/dist/cjs/keyboard/index.js:11:15)
      at Object.type 
(node_modules/@testing-library/user-event/dist/cjs/utility/type.js:17:5)
      at Object.<anonymous> (src/profile/__tests__/profile.test.tsx:138:5)

    console.error
      Warning: An update to ProfilePage inside a test was not wrapped in 
act(...).
      
      When testing, code that causes React state updates should be wrapped 
into act(...):
      
      act(() => {
        /* fire events that update state */
      });
      /* assert on the output */
      
      This ensures that you're testing the behavior the user would see in the 
browser. Learn more at https://reactjs.org/link/wrap-tests-with-act
          at ProfilePage (C:\Users\samhe\OneDrive\Desktop\Cleaned\frontend\src\
profile\ProfilePage.tsx:17:41)
          at basenameProp (C:\Users\samhe\OneDrive\Desktop\Cleaned\frontend\nod
e_modules\react-router\lib\components.tsx:421:13)
          at basename (C:\Users\samhe\OneDrive\Desktop\Cleaned\frontend\node_mo
dules\react-router\lib\components.tsx:225:3)

      110 |               className="border border-gray-300 rounded-md px-3 
py-2 text-sm focus:outline-none focus:ring-2 focus:ring-brand-500"
      111 |               value={name}
    > 112 |               onChange={e => setName(e.target.value)}
          |                              ^
      113 |             />
      114 |             {nameError && <p className="text-sm 
text-red-600">{nameError}</p>}
      115 |           </div>

      at printWarning 
(node_modules/react-dom/cjs/react-dom.development.js:86:30)
      at error (node_modules/react-dom/cjs/react-dom.development.js:60:7)
      at warnIfUpdatesNotWrappedWithActDEV 
(node_modules/react-dom/cjs/react-dom.development.js:27628:9)
      at scheduleUpdateOnFiber 
(node_modules/react-dom/cjs/react-dom.development.js:25547:5)
      at dispatchSetState 
(node_modules/react-dom/cjs/react-dom.development.js:16708:7)
      at onChange (src/profile/ProfilePage.tsx:112:30)
      at HTMLUnknownElement.callCallback 
(node_modules/react-dom/cjs/react-dom.development.js:4164:14)
      at HTMLUnknownElement.callTheUserObjectsOperation 
(node_modules/jsdom/lib/jsdom/living/generated/EventListener.js:26:30)
      at innerInvokeEventListeners 
(node_modules/jsdom/lib/jsdom/living/events/EventTarget-impl.js:350:25)
      at invokeEventListeners 
(node_modules/jsdom/lib/jsdom/living/events/EventTarget-impl.js:286:3)
      at HTMLUnknownElementImpl._dispatch 
(node_modules/jsdom/lib/jsdom/living/events/EventTarget-impl.js:233:9)
      at HTMLUnknownElementImpl.dispatchEvent 
(node_modules/jsdom/lib/jsdom/living/events/EventTarget-impl.js:104:17)
      at HTMLUnknownElement.dispatchEvent 
(node_modules/jsdom/lib/jsdom/living/generated/EventTarget.js:241:34)
      at Object.invokeGuardedCallbackDev 
(node_modules/react-dom/cjs/react-dom.development.js:4213:16)
      at invokeGuardedCallback 
(node_modules/react-dom/cjs/react-dom.development.js:4277:31)
      at invokeGuardedCallbackAndCatchFirstError 
(node_modules/react-dom/cjs/react-dom.development.js:4291:25)
      at executeDispatch 
(node_modules/react-dom/cjs/react-dom.development.js:9041:3)
      at processDispatchQueueItemsInOrder 
(node_modules/react-dom/cjs/react-dom.development.js:9073:7)
      at processDispatchQueue 
(node_modules/react-dom/cjs/react-dom.development.js:9086:5)
      at dispatchEventsForPlugins 
(node_modules/react-dom/cjs/react-dom.development.js:9097:3)
      at node_modules/react-dom/cjs/react-dom.development.js:9288:12
      at batchedUpdates$1 
(node_modules/react-dom/cjs/react-dom.development.js:26179:12)
      at batchedUpdates 
(node_modules/react-dom/cjs/react-dom.development.js:3991:12)
      at dispatchEventForPluginEventSystem 
(node_modules/react-dom/cjs/react-dom.development.js:9287:3)
      at dispatchEventWithEnableCapturePhaseSelectiveHydrationWithoutDiscreteEv
entReplay (node_modules/react-dom/cjs/react-dom.development.js:6465:5)
      at dispatchEvent 
(node_modules/react-dom/cjs/react-dom.development.js:6457:5)
      at dispatchDiscreteEvent 
(node_modules/react-dom/cjs/react-dom.development.js:6430:5)
      at HTMLDivElement.callTheUserObjectsOperation 
(node_modules/jsdom/lib/jsdom/living/generated/EventListener.js:26:30)
      at innerInvokeEventListeners 
(node_modules/jsdom/lib/jsdom/living/events/EventTarget-impl.js:350:25)
      at invokeEventListeners 
(node_modules/jsdom/lib/jsdom/living/events/EventTarget-impl.js:286:3)
      at HTMLInputElementImpl._dispatch 
(node_modules/jsdom/lib/jsdom/living/events/EventTarget-impl.js:233:9)
      at HTMLInputElementImpl.dispatchEvent 
(node_modules/jsdom/lib/jsdom/living/events/EventTarget-impl.js:104:17)
      at HTMLInputElement.dispatchEvent 
(node_modules/jsdom/lib/jsdom/living/generated/EventTarget.js:241:34)
      at 
node_modules/@testing-library/user-event/dist/cjs/event/dispatchEvent.js:45:43
      at Object.eventWrapper 
(node_modules/@testing-library/dom/dist/config.js:25:23)
      at Object.wrapEvent 
(node_modules/@testing-library/user-event/dist/cjs/event/wrapEvent.js:6:28)
      at Object.dispatchEvent (node_modules/@testing-library/user-event/dist/cj
s/event/dispatchEvent.js:45:22)
      at Object.dispatchUIEvent (node_modules/@testing-library/user-event/dist/
cjs/event/dispatchEvent.js:22:26)
      at commitInput 
(node_modules/@testing-library/user-event/dist/cjs/event/input.js:145:14)
      at editInputElement 
(node_modules/@testing-library/user-event/dist/cjs/event/input.js:115:9)
      at Object.input 
(node_modules/@testing-library/user-event/dist/cjs/event/input.js:37:9)
      at node_modules/@testing-library/user-event/dist/cjs/event/behavior/keypr
ess.js:31:26
      at Object.dispatchEvent (node_modules/@testing-library/user-event/dist/cj
s/event/dispatchEvent.js:41:13)
      at Object.dispatchUIEvent (node_modules/@testing-library/user-event/dist/
cjs/event/dispatchEvent.js:22:26)
      at KeyboardHost.keydown 
(node_modules/@testing-library/user-event/dist/cjs/system/keyboard.js:76:22)
      at keyboardAction 
(node_modules/@testing-library/user-event/dist/cjs/keyboard/index.js:22:35)
      at Object.keyboard 
(node_modules/@testing-library/user-event/dist/cjs/keyboard/index.js:11:15)
      at Object.type 
(node_modules/@testing-library/user-event/dist/cjs/utility/type.js:17:5)
      at Object.<anonymous> (src/profile/__tests__/profile.test.tsx:138:5)

    console.error
      Warning: An update to ProfilePage inside a test was not wrapped in 
act(...).
      
      When testing, code that causes React state updates should be wrapped 
into act(...):
      
      act(() => {
        /* fire events that update state */
      });
      /* assert on the output */
      
      This ensures that you're testing the behavior the user would see in the 
browser. Learn more at https://reactjs.org/link/wrap-tests-with-act
          at ProfilePage (C:\Users\samhe\OneDrive\Desktop\Cleaned\frontend\src\
profile\ProfilePage.tsx:17:41)
          at basenameProp (C:\Users\samhe\OneDrive\Desktop\Cleaned\frontend\nod
e_modules\react-router\lib\components.tsx:421:13)
          at basename (C:\Users\samhe\OneDrive\Desktop\Cleaned\frontend\node_mo
dules\react-router\lib\components.tsx:225:3)

      60 |       return
      61 |     }
    > 62 |     setNameError('')
         |     ^
      63 |
      64 |     await updateProfile(name.trim())
      65 |     addNotification('Profile updated successfully', 'success')

      at printWarning 
(node_modules/react-dom/cjs/react-dom.development.js:86:30)
      at error (node_modules/react-dom/cjs/react-dom.development.js:60:7)
      at warnIfUpdatesNotWrappedWithActDEV 
(node_modules/react-dom/cjs/react-dom.development.js:27628:9)
      at scheduleUpdateOnFiber 
(node_modules/react-dom/cjs/react-dom.development.js:25547:5)
      at dispatchSetState 
(node_modules/react-dom/cjs/react-dom.development.js:16708:7)
      at handleSaveProfile (src/profile/ProfilePage.tsx:62:5)
      at HTMLUnknownElement.callCallback 
(node_modules/react-dom/cjs/react-dom.development.js:4164:14)
      at HTMLUnknownElement.callTheUserObjectsOperation 
(node_modules/jsdom/lib/jsdom/living/generated/EventListener.js:26:30)
      at innerInvokeEventListeners 
(node_modules/jsdom/lib/jsdom/living/events/EventTarget-impl.js:350:25)
      at invokeEventListeners 
(node_modules/jsdom/lib/jsdom/living/events/EventTarget-impl.js:286:3)
      at HTMLUnknownElementImpl._dispatch 
(node_modules/jsdom/lib/jsdom/living/events/EventTarget-impl.js:233:9)
      at HTMLUnknownElementImpl.dispatchEvent 
(node_modules/jsdom/lib/jsdom/living/events/EventTarget-impl.js:104:17)
      at HTMLUnknownElement.dispatchEvent 
(node_modules/jsdom/lib/jsdom/living/generated/EventTarget.js:241:34)
      at Object.invokeGuardedCallbackDev 
(node_modules/react-dom/cjs/react-dom.development.js:4213:16)
      at invokeGuardedCallback 
(node_modules/react-dom/cjs/react-dom.development.js:4277:31)
      at invokeGuardedCallbackAndCatchFirstError 
(node_modules/react-dom/cjs/react-dom.development.js:4291:25)
      at executeDispatch 
(node_modules/react-dom/cjs/react-dom.development.js:9041:3)
      at processDispatchQueueItemsInOrder 
(node_modules/react-dom/cjs/react-dom.development.js:9073:7)
      at processDispatchQueue 
(node_modules/react-dom/cjs/react-dom.development.js:9086:5)
      at dispatchEventsForPlugins 
(node_modules/react-dom/cjs/react-dom.development.js:9097:3)
      at node_modules/react-dom/cjs/react-dom.development.js:9288:12
      at batchedUpdates$1 
(node_modules/react-dom/cjs/react-dom.development.js:26179:12)
      at batchedUpdates 
(node_modules/react-dom/cjs/react-dom.development.js:3991:12)
      at dispatchEventForPluginEventSystem 
(node_modules/react-dom/cjs/react-dom.development.js:9287:3)
      at dispatchEventWithEnableCapturePhaseSelectiveHydrationWithoutDiscreteEv
entReplay (node_modules/react-dom/cjs/react-dom.development.js:6465:5)
      at dispatchEvent 
(node_modules/react-dom/cjs/react-dom.development.js:6457:5)
      at dispatchDiscreteEvent 
(node_modules/react-dom/cjs/react-dom.development.js:6430:5)
      at HTMLDivElement.callTheUserObjectsOperation 
(node_modules/jsdom/lib/jsdom/living/generated/EventListener.js:26:30)
      at innerInvokeEventListeners 
(node_modules/jsdom/lib/jsdom/living/events/EventTarget-impl.js:350:25)
      at invokeEventListeners 
(node_modules/jsdom/lib/jsdom/living/events/EventTarget-impl.js:286:3)
      at HTMLButtonElementImpl._dispatch 
(node_modules/jsdom/lib/jsdom/living/events/EventTarget-impl.js:233:9)
      at HTMLButtonElementImpl.dispatchEvent 
(node_modules/jsdom/lib/jsdom/living/events/EventTarget-impl.js:104:17)
      at HTMLButtonElement.dispatchEvent 
(node_modules/jsdom/lib/jsdom/living/generated/EventTarget.js:241:34)
      at 
node_modules/@testing-library/user-event/dist/cjs/event/dispatchEvent.js:45:43
      at Object.eventWrapper 
(node_modules/@testing-library/dom/dist/config.js:25:23)
      at Object.wrapEvent 
(node_modules/@testing-library/user-event/dist/cjs/event/wrapEvent.js:6:28)
      at Object.dispatchEvent (node_modules/@testing-library/user-event/dist/cj
s/event/dispatchEvent.js:45:22)
      at Object.dispatchUIEvent (node_modules/@testing-library/user-event/dist/
cjs/event/dispatchEvent.js:22:26)
      at Mouse.up (node_modules/@testing-library/user-event/dist/cjs/system/poi
nter/mouse.js:100:30)
      at PointerHost.release (node_modules/@testing-library/user-event/dist/cjs
/system/pointer/index.js:87:24)
      at pointerAction 
(node_modules/@testing-library/user-event/dist/cjs/pointer/index.js:54:47)
      at Object.pointer 
(node_modules/@testing-library/user-event/dist/cjs/pointer/index.js:27:9)
      at Object.<anonymous> (src/profile/__tests__/profile.test.tsx:141:5)

    console.error
      Warning: An update to ProfilePage inside a test was not wrapped in 
act(...).
      
      When testing, code that causes React state updates should be wrapped 
into act(...):
      
      act(() => {
        /* fire events that update state */
      });
      /* assert on the output */
      
      This ensures that you're testing the behavior the user would see in the 
browser. Learn more at https://reactjs.org/link/wrap-tests-with-act
          at ProfilePage (C:\Users\samhe\OneDrive\Desktop\Cleaned\frontend\src\
profile\ProfilePage.tsx:17:41)
          at basenameProp (C:\Users\samhe\OneDrive\Desktop\Cleaned\frontend\nod
e_modules\react-router\lib\components.tsx:421:13)
          at basename (C:\Users\samhe\OneDrive\Desktop\Cleaned\frontend\node_mo
dules\react-router\lib\components.tsx:225:3)

      60 |       return
      61 |     }
    > 62 |     setNameError('')
         |     ^
      63 |
      64 |     await updateProfile(name.trim())
      65 |     addNotification('Profile updated successfully', 'success')

      at printWarning 
(node_modules/react-dom/cjs/react-dom.development.js:86:30)
      at error (node_modules/react-dom/cjs/react-dom.development.js:60:7)
      at warnIfUpdatesNotWrappedWithActDEV 
(node_modules/react-dom/cjs/react-dom.development.js:27628:9)
      at scheduleUpdateOnFiber 
(node_modules/react-dom/cjs/react-dom.development.js:25547:5)
      at dispatchSetState 
(node_modules/react-dom/cjs/react-dom.development.js:16708:7)
      at handleSaveProfile (src/profile/ProfilePage.tsx:62:5)
      at HTMLUnknownElement.callCallback 
(node_modules/react-dom/cjs/react-dom.development.js:4164:14)
      at HTMLUnknownElement.callTheUserObjectsOperation 
(node_modules/jsdom/lib/jsdom/living/generated/EventListener.js:26:30)
      at innerInvokeEventListeners 
(node_modules/jsdom/lib/jsdom/living/events/EventTarget-impl.js:350:25)
      at invokeEventListeners 
(node_modules/jsdom/lib/jsdom/living/events/EventTarget-impl.js:286:3)
      at HTMLUnknownElementImpl._dispatch 
(node_modules/jsdom/lib/jsdom/living/events/EventTarget-impl.js:233:9)
      at HTMLUnknownElementImpl.dispatchEvent 
(node_modules/jsdom/lib/jsdom/living/events/EventTarget-impl.js:104:17)
      at HTMLUnknownElement.dispatchEvent 
(node_modules/jsdom/lib/jsdom/living/generated/EventTarget.js:241:34)
      at Object.invokeGuardedCallbackDev 
(node_modules/react-dom/cjs/react-dom.development.js:4213:16)
      at invokeGuardedCallback 
(node_modules/react-dom/cjs/react-dom.development.js:4277:31)
      at invokeGuardedCallbackAndCatchFirstError 
(node_modules/react-dom/cjs/react-dom.development.js:4291:25)
      at executeDispatch 
(node_modules/react-dom/cjs/react-dom.development.js:9041:3)
      at processDispatchQueueItemsInOrder 
(node_modules/react-dom/cjs/react-dom.development.js:9073:7)
      at processDispatchQueue 
(node_modules/react-dom/cjs/react-dom.development.js:9086:5)
      at dispatchEventsForPlugins 
(node_modules/react-dom/cjs/react-dom.development.js:9097:3)
      at node_modules/react-dom/cjs/react-dom.development.js:9288:12
      at batchedUpdates$1 
(node_modules/react-dom/cjs/react-dom.development.js:26179:12)
      at batchedUpdates 
(node_modules/react-dom/cjs/react-dom.development.js:3991:12)
      at dispatchEventForPluginEventSystem 
(node_modules/react-dom/cjs/react-dom.development.js:9287:3)
      at dispatchEventWithEnableCapturePhaseSelectiveHydrationWithoutDiscreteEv
entReplay (node_modules/react-dom/cjs/react-dom.development.js:6465:5)
      at dispatchEvent 
(node_modules/react-dom/cjs/react-dom.development.js:6457:5)
      at dispatchDiscreteEvent 
(node_modules/react-dom/cjs/react-dom.development.js:6430:5)
      at HTMLDivElement.callTheUserObjectsOperation 
(node_modules/jsdom/lib/jsdom/living/generated/EventListener.js:26:30)
      at innerInvokeEventListeners 
(node_modules/jsdom/lib/jsdom/living/events/EventTarget-impl.js:350:25)
      at invokeEventListeners 
(node_modules/jsdom/lib/jsdom/living/events/EventTarget-impl.js:286:3)
      at HTMLButtonElementImpl._dispatch 
(node_modules/jsdom/lib/jsdom/living/events/EventTarget-impl.js:233:9)
      at HTMLButtonElementImpl.dispatchEvent 
(node_modules/jsdom/lib/jsdom/living/events/EventTarget-impl.js:104:17)
      at HTMLButtonElement.dispatchEvent 
(node_modules/jsdom/lib/jsdom/living/generated/EventTarget.js:241:34)
      at 
node_modules/@testing-library/user-event/dist/cjs/event/dispatchEvent.js:45:43
      at Object.eventWrapper 
(node_modules/@testing-library/dom/dist/config.js:25:23)
      at Object.wrapEvent 
(node_modules/@testing-library/user-event/dist/cjs/event/wrapEvent.js:6:28)
      at Object.dispatchEvent (node_modules/@testing-library/user-event/dist/cj
s/event/dispatchEvent.js:45:22)
      at Object.dispatchUIEvent (node_modules/@testing-library/user-event/dist/
cjs/event/dispatchEvent.js:22:26)
      at Mouse.up (node_modules/@testing-library/user-event/dist/cjs/system/poi
nter/mouse.js:100:30)
      at PointerHost.release (node_modules/@testing-library/user-event/dist/cjs
/system/pointer/index.js:87:24)
      at pointerAction 
(node_modules/@testing-library/user-event/dist/cjs/pointer/index.js:54:47)
      at Object.pointer 
(node_modules/@testing-library/user-event/dist/cjs/pointer/index.js:27:9)
      at Object.<anonymous> (src/profile/__tests__/profile.test.tsx:156:5)

    console.error
      Warning: An update to ProfilePage inside a test was not wrapped in 
act(...).
      
      When testing, code that causes React state updates should be wrapped 
into act(...):
      
      act(() => {
        /* fire events that update state */
      });
      /* assert on the output */
      
      This ensures that you're testing the behavior the user would see in the 
browser. Learn more at https://reactjs.org/link/wrap-tests-with-act
          at ProfilePage (C:\Users\samhe\OneDrive\Desktop\Cleaned\frontend\src\
profile\ProfilePage.tsx:17:41)
          at basenameProp (C:\Users\samhe\OneDrive\Desktop\Cleaned\frontend\nod
e_modules\react-router\lib\components.tsx:421:13)
          at basename (C:\Users\samhe\OneDrive\Desktop\Cleaned\frontend\node_mo
dules\react-router\lib\components.tsx:225:3)

      110 |               className="border border-gray-300 rounded-md px-3 
py-2 text-sm focus:outline-none focus:ring-2 focus:ring-brand-500"
      111 |               value={name}
    > 112 |               onChange={e => setName(e.target.value)}
          |                              ^
      113 |             />
      114 |             {nameError && <p className="text-sm 
text-red-600">{nameError}</p>}
      115 |           </div>

      at printWarning 
(node_modules/react-dom/cjs/react-dom.development.js:86:30)
      at error (node_modules/react-dom/cjs/react-dom.development.js:60:7)
      at warnIfUpdatesNotWrappedWithActDEV 
(node_modules/react-dom/cjs/react-dom.development.js:27628:9)
      at scheduleUpdateOnFiber 
(node_modules/react-dom/cjs/react-dom.development.js:25547:5)
      at dispatchSetState 
(node_modules/react-dom/cjs/react-dom.development.js:16708:7)
      at onChange (src/profile/ProfilePage.tsx:112:30)
      at HTMLUnknownElement.callCallback 
(node_modules/react-dom/cjs/react-dom.development.js:4164:14)
      at HTMLUnknownElement.callTheUserObjectsOperation 
(node_modules/jsdom/lib/jsdom/living/generated/EventListener.js:26:30)
      at innerInvokeEventListeners 
(node_modules/jsdom/lib/jsdom/living/events/EventTarget-impl.js:350:25)
      at invokeEventListeners 
(node_modules/jsdom/lib/jsdom/living/events/EventTarget-impl.js:286:3)
      at HTMLUnknownElementImpl._dispatch 
(node_modules/jsdom/lib/jsdom/living/events/EventTarget-impl.js:233:9)
      at HTMLUnknownElementImpl.dispatchEvent 
(node_modules/jsdom/lib/jsdom/living/events/EventTarget-impl.js:104:17)
      at HTMLUnknownElement.dispatchEvent 
(node_modules/jsdom/lib/jsdom/living/generated/EventTarget.js:241:34)
      at Object.invokeGuardedCallbackDev 
(node_modules/react-dom/cjs/react-dom.development.js:4213:16)
      at invokeGuardedCallback 
(node_modules/react-dom/cjs/react-dom.development.js:4277:31)
      at invokeGuardedCallbackAndCatchFirstError 
(node_modules/react-dom/cjs/react-dom.development.js:4291:25)
      at executeDispatch 
(node_modules/react-dom/cjs/react-dom.development.js:9041:3)
      at processDispatchQueueItemsInOrder 
(node_modules/react-dom/cjs/react-dom.development.js:9073:7)
      at processDispatchQueue 
(node_modules/react-dom/cjs/react-dom.development.js:9086:5)
      at dispatchEventsForPlugins 
(node_modules/react-dom/cjs/react-dom.development.js:9097:3)
      at node_modules/react-dom/cjs/react-dom.development.js:9288:12
      at batchedUpdates$1 
(node_modules/react-dom/cjs/react-dom.development.js:26179:12)
      at batchedUpdates 
(node_modules/react-dom/cjs/react-dom.development.js:3991:12)
      at dispatchEventForPluginEventSystem 
(node_modules/react-dom/cjs/react-dom.development.js:9287:3)
      at dispatchEventWithEnableCapturePhaseSelectiveHydrationWithoutDiscreteEv
entReplay (node_modules/react-dom/cjs/react-dom.development.js:6465:5)
      at dispatchEvent 
(node_modules/react-dom/cjs/react-dom.development.js:6457:5)
      at dispatchDiscreteEvent 
(node_modules/react-dom/cjs/react-dom.development.js:6430:5)
      at HTMLDivElement.callTheUserObjectsOperation 
(node_modules/jsdom/lib/jsdom/living/generated/EventListener.js:26:30)
      at innerInvokeEventListeners 
(node_modules/jsdom/lib/jsdom/living/events/EventTarget-impl.js:350:25)
      at invokeEventListeners 
(node_modules/jsdom/lib/jsdom/living/events/EventTarget-impl.js:286:3)
      at HTMLInputElementImpl._dispatch 
(node_modules/jsdom/lib/jsdom/living/events/EventTarget-impl.js:233:9)
      at HTMLInputElementImpl.dispatchEvent 
(node_modules/jsdom/lib/jsdom/living/events/EventTarget-impl.js:104:17)
      at HTMLInputElement.dispatchEvent 
(node_modules/jsdom/lib/jsdom/living/generated/EventTarget.js:241:34)
      at 
node_modules/@testing-library/user-event/dist/cjs/event/dispatchEvent.js:45:43
      at Object.eventWrapper 
(node_modules/@testing-library/dom/dist/config.js:25:23)
      at Object.wrapEvent 
(node_modules/@testing-library/user-event/dist/cjs/event/wrapEvent.js:6:28)
      at Object.dispatchEvent (node_modules/@testing-library/user-event/dist/cj
s/event/dispatchEvent.js:45:22)
      at Object.dispatchUIEvent (node_modules/@testing-library/user-event/dist/
cjs/event/dispatchEvent.js:22:26)
      at commitInput 
(node_modules/@testing-library/user-event/dist/cjs/event/input.js:145:14)
      at editInputElement 
(node_modules/@testing-library/user-event/dist/cjs/event/input.js:115:9)
      at Object.input 
(node_modules/@testing-library/user-event/dist/cjs/event/input.js:37:9)
      at Object.clear 
(node_modules/@testing-library/user-event/dist/cjs/utility/clear.js:29:11)
      at node_modules/@testing-library/user-event/dist/cjs/setup/setup.js:85:45
      at Object.asyncWrapper 
(node_modules/@testing-library/dom/dist/config.js:23:23)
      at Object.wrapAsync 
(node_modules/@testing-library/user-event/dist/cjs/setup/wrapAsync.js:8:28)
      at Object.method [as clear] 
(node_modules/@testing-library/user-event/dist/cjs/setup/setup.js:85:26)
      at Object.clear 
(node_modules/@testing-library/user-event/dist/cjs/setup/directApi.js:6:36)
      at Object.<anonymous> (src/profile/__tests__/profile.test.tsx:173:21)

    console.error
      Warning: An update to ProfilePage inside a test was not wrapped in 
act(...).
      
      When testing, code that causes React state updates should be wrapped 
into act(...):
      
      act(() => {
        /* fire events that update state */
      });
      /* assert on the output */
      
      This ensures that you're testing the behavior the user would see in the 
browser. Learn more at https://reactjs.org/link/wrap-tests-with-act
          at ProfilePage (C:\Users\samhe\OneDrive\Desktop\Cleaned\frontend\src\
profile\ProfilePage.tsx:17:41)
          at basenameProp (C:\Users\samhe\OneDrive\Desktop\Cleaned\frontend\nod
e_modules\react-router\lib\components.tsx:421:13)
          at basename (C:\Users\samhe\OneDrive\Desktop\Cleaned\frontend\node_mo
dules\react-router\lib\components.tsx:225:3)

      53 |   async function handleSaveProfile() {
      54 |     if (!name.trim()) {
    > 55 |       setNameError('Name is required')
         |       ^
      56 |       return
      57 |     }
      58 |     if (name.trim().length > 100) {

      at printWarning 
(node_modules/react-dom/cjs/react-dom.development.js:86:30)
      at error (node_modules/react-dom/cjs/react-dom.development.js:60:7)
      at warnIfUpdatesNotWrappedWithActDEV 
(node_modules/react-dom/cjs/react-dom.development.js:27628:9)
      at scheduleUpdateOnFiber 
(node_modules/react-dom/cjs/react-dom.development.js:25547:5)
      at dispatchSetState 
(node_modules/react-dom/cjs/react-dom.development.js:16708:7)
      at handleSaveProfile (src/profile/ProfilePage.tsx:55:7)
      at HTMLUnknownElement.callCallback 
(node_modules/react-dom/cjs/react-dom.development.js:4164:14)
      at HTMLUnknownElement.callTheUserObjectsOperation 
(node_modules/jsdom/lib/jsdom/living/generated/EventListener.js:26:30)
      at innerInvokeEventListeners 
(node_modules/jsdom/lib/jsdom/living/events/EventTarget-impl.js:350:25)
      at invokeEventListeners 
(node_modules/jsdom/lib/jsdom/living/events/EventTarget-impl.js:286:3)
      at HTMLUnknownElementImpl._dispatch 
(node_modules/jsdom/lib/jsdom/living/events/EventTarget-impl.js:233:9)
      at HTMLUnknownElementImpl.dispatchEvent 
(node_modules/jsdom/lib/jsdom/living/events/EventTarget-impl.js:104:17)
      at HTMLUnknownElement.dispatchEvent 
(node_modules/jsdom/lib/jsdom/living/generated/EventTarget.js:241:34)
      at Object.invokeGuardedCallbackDev 
(node_modules/react-dom/cjs/react-dom.development.js:4213:16)
      at invokeGuardedCallback 
(node_modules/react-dom/cjs/react-dom.development.js:4277:31)
      at invokeGuardedCallbackAndCatchFirstError 
(node_modules/react-dom/cjs/react-dom.development.js:4291:25)
      at executeDispatch 
(node_modules/react-dom/cjs/react-dom.development.js:9041:3)
      at processDispatchQueueItemsInOrder 
(node_modules/react-dom/cjs/react-dom.development.js:9073:7)
      at processDispatchQueue 
(node_modules/react-dom/cjs/react-dom.development.js:9086:5)
      at dispatchEventsForPlugins 
(node_modules/react-dom/cjs/react-dom.development.js:9097:3)
      at node_modules/react-dom/cjs/react-dom.development.js:9288:12
      at batchedUpdates$1 
(node_modules/react-dom/cjs/react-dom.development.js:26179:12)
      at batchedUpdates 
(node_modules/react-dom/cjs/react-dom.development.js:3991:12)
      at dispatchEventForPluginEventSystem 
(node_modules/react-dom/cjs/react-dom.development.js:9287:3)
      at dispatchEventWithEnableCapturePhaseSelectiveHydrationWithoutDiscreteEv
entReplay (node_modules/react-dom/cjs/react-dom.development.js:6465:5)
      at dispatchEvent 
(node_modules/react-dom/cjs/react-dom.development.js:6457:5)
      at dispatchDiscreteEvent 
(node_modules/react-dom/cjs/react-dom.development.js:6430:5)
      at HTMLDivElement.callTheUserObjectsOperation 
(node_modules/jsdom/lib/jsdom/living/generated/EventListener.js:26:30)
      at innerInvokeEventListeners 
(node_modules/jsdom/lib/jsdom/living/events/EventTarget-impl.js:350:25)
      at invokeEventListeners 
(node_modules/jsdom/lib/jsdom/living/events/EventTarget-impl.js:286:3)
      at HTMLButtonElementImpl._dispatch 
(node_modules/jsdom/lib/jsdom/living/events/EventTarget-impl.js:233:9)
      at HTMLButtonElementImpl.dispatchEvent 
(node_modules/jsdom/lib/jsdom/living/events/EventTarget-impl.js:104:17)
      at HTMLButtonElement.dispatchEvent 
(node_modules/jsdom/lib/jsdom/living/generated/EventTarget.js:241:34)
      at 
node_modules/@testing-library/user-event/dist/cjs/event/dispatchEvent.js:45:43
      at Object.eventWrapper 
(node_modules/@testing-library/dom/dist/config.js:25:23)
      at Object.wrapEvent 
(node_modules/@testing-library/user-event/dist/cjs/event/wrapEvent.js:6:28)
      at Object.dispatchEvent (node_modules/@testing-library/user-event/dist/cj
s/event/dispatchEvent.js:45:22)
      at Object.dispatchUIEvent (node_modules/@testing-library/user-event/dist/
cjs/event/dispatchEvent.js:22:26)
      at Mouse.up (node_modules/@testing-library/user-event/dist/cjs/system/poi
nter/mouse.js:100:30)
      at PointerHost.release (node_modules/@testing-library/user-event/dist/cjs
/system/pointer/index.js:87:24)
      at pointerAction 
(node_modules/@testing-library/user-event/dist/cjs/pointer/index.js:54:47)
      at Object.pointer 
(node_modules/@testing-library/user-event/dist/cjs/pointer/index.js:27:9)
      at Object.<anonymous> (src/profile/__tests__/profile.test.tsx:176:5)

    console.error
      Warning: An update to ProfilePage inside a test was not wrapped in 
act(...).
      
      When testing, code that causes React state updates should be wrapped 
into act(...):
      
      act(() => {
        /* fire events that update state */
      });
      /* assert on the output */
      
      This ensures that you're testing the behavior the user would see in the 
browser. Learn more at https://reactjs.org/link/wrap-tests-with-act
          at ProfilePage (C:\Users\samhe\OneDrive\Desktop\Cleaned\frontend\src\
profile\ProfilePage.tsx:17:41)
          at basenameProp (C:\Users\samhe\OneDrive\Desktop\Cleaned\frontend\nod
e_modules\react-router\lib\components.tsx:421:13)
          at basename (C:\Users\samhe\OneDrive\Desktop\Cleaned\frontend\node_mo
dules\react-router\lib\components.tsx:225:3)

      159 |               className="border border-gray-300 rounded-md px-3 
py-2 text-sm"
      160 |               value={currentPassword}
    > 161 |               onChange={e => setCurrentPassword(e.target.value)}
          |                              ^
      162 |             />
      163 |           </div>
      164 |

      at printWarning 
(node_modules/react-dom/cjs/react-dom.development.js:86:30)
      at error (node_modules/react-dom/cjs/react-dom.development.js:60:7)
      at warnIfUpdatesNotWrappedWithActDEV 
(node_modules/react-dom/cjs/react-dom.development.js:27628:9)
      at scheduleUpdateOnFiber 
(node_modules/react-dom/cjs/react-dom.development.js:25547:5)
      at dispatchSetState 
(node_modules/react-dom/cjs/react-dom.development.js:16708:7)
      at onChange (src/profile/ProfilePage.tsx:161:30)
      at HTMLUnknownElement.callCallback 
(node_modules/react-dom/cjs/react-dom.development.js:4164:14)
      at HTMLUnknownElement.callTheUserObjectsOperation 
(node_modules/jsdom/lib/jsdom/living/generated/EventListener.js:26:30)
      at innerInvokeEventListeners 
(node_modules/jsdom/lib/jsdom/living/events/EventTarget-impl.js:350:25)
      at invokeEventListeners 
(node_modules/jsdom/lib/jsdom/living/events/EventTarget-impl.js:286:3)
      at HTMLUnknownElementImpl._dispatch 
(node_modules/jsdom/lib/jsdom/living/events/EventTarget-impl.js:233:9)
      at HTMLUnknownElementImpl.dispatchEvent 
(node_modules/jsdom/lib/jsdom/living/events/EventTarget-impl.js:104:17)
      at HTMLUnknownElement.dispatchEvent 
(node_modules/jsdom/lib/jsdom/living/generated/EventTarget.js:241:34)
      at Object.invokeGuardedCallbackDev 
(node_modules/react-dom/cjs/react-dom.development.js:4213:16)
      at invokeGuardedCallback 
(node_modules/react-dom/cjs/react-dom.development.js:4277:31)
      at invokeGuardedCallbackAndCatchFirstError 
(node_modules/react-dom/cjs/react-dom.development.js:4291:25)
      at executeDispatch 
(node_modules/react-dom/cjs/react-dom.development.js:9041:3)
      at processDispatchQueueItemsInOrder 
(node_modules/react-dom/cjs/react-dom.development.js:9073:7)
      at processDispatchQueue 
(node_modules/react-dom/cjs/react-dom.development.js:9086:5)
      at dispatchEventsForPlugins 
(node_modules/react-dom/cjs/react-dom.development.js:9097:3)
      at node_modules/react-dom/cjs/react-dom.development.js:9288:12
      at batchedUpdates$1 
(node_modules/react-dom/cjs/react-dom.development.js:26179:12)
      at batchedUpdates 
(node_modules/react-dom/cjs/react-dom.development.js:3991:12)
      at dispatchEventForPluginEventSystem 
(node_modules/react-dom/cjs/react-dom.development.js:9287:3)
      at dispatchEventWithEnableCapturePhaseSelectiveHydrationWithoutDiscreteEv
entReplay (node_modules/react-dom/cjs/react-dom.development.js:6465:5)
      at dispatchEvent 
(node_modules/react-dom/cjs/react-dom.development.js:6457:5)
      at dispatchDiscreteEvent 
(node_modules/react-dom/cjs/react-dom.development.js:6430:5)
      at HTMLDivElement.callTheUserObjectsOperation 
(node_modules/jsdom/lib/jsdom/living/generated/EventListener.js:26:30)
      at innerInvokeEventListeners 
(node_modules/jsdom/lib/jsdom/living/events/EventTarget-impl.js:350:25)
      at invokeEventListeners 
(node_modules/jsdom/lib/jsdom/living/events/EventTarget-impl.js:286:3)
      at HTMLInputElementImpl._dispatch 
(node_modules/jsdom/lib/jsdom/living/events/EventTarget-impl.js:233:9)
      at HTMLInputElementImpl.dispatchEvent 
(node_modules/jsdom/lib/jsdom/living/events/EventTarget-impl.js:104:17)
      at HTMLInputElement.dispatchEvent 
(node_modules/jsdom/lib/jsdom/living/generated/EventTarget.js:241:34)
      at 
node_modules/@testing-library/user-event/dist/cjs/event/dispatchEvent.js:45:43
      at Object.eventWrapper 
(node_modules/@testing-library/dom/dist/config.js:25:23)
      at Object.wrapEvent 
(node_modules/@testing-library/user-event/dist/cjs/event/wrapEvent.js:6:28)
      at Object.dispatchEvent (node_modules/@testing-library/user-event/dist/cj
s/event/dispatchEvent.js:45:22)
      at Object.dispatchUIEvent (node_modules/@testing-library/user-event/dist/
cjs/event/dispatchEvent.js:22:26)
      at commitInput 
(node_modules/@testing-library/user-event/dist/cjs/event/input.js:145:14)
      at editInputElement 
(node_modules/@testing-library/user-event/dist/cjs/event/input.js:115:9)
      at Object.input 
(node_modules/@testing-library/user-event/dist/cjs/event/input.js:37:9)
      at node_modules/@testing-library/user-event/dist/cjs/event/behavior/keypr
ess.js:31:26
      at Object.dispatchEvent (node_modules/@testing-library/user-event/dist/cj
s/event/dispatchEvent.js:41:13)
      at Object.dispatchUIEvent (node_modules/@testing-library/user-event/dist/
cjs/event/dispatchEvent.js:22:26)
      at KeyboardHost.keydown 
(node_modules/@testing-library/user-event/dist/cjs/system/keyboard.js:76:22)
      at keyboardAction 
(node_modules/@testing-library/user-event/dist/cjs/keyboard/index.js:22:35)
      at Object.keyboard 
(node_modules/@testing-library/user-event/dist/cjs/keyboard/index.js:11:15)
      at Object.type 
(node_modules/@testing-library/user-event/dist/cjs/utility/type.js:17:5)
      at Object.<anonymous> (src/profile/__tests__/profile.test.tsx:192:5)

    console.error
      Warning: An update to ProfilePage inside a test was not wrapped in 
act(...).
      
      When testing, code that causes React state updates should be wrapped 
into act(...):
      
      act(() => {
        /* fire events that update state */
      });
      /* assert on the output */
      
      This ensures that you're testing the behavior the user would see in the 
browser. Learn more at https://reactjs.org/link/wrap-tests-with-act
          at ProfilePage (C:\Users\samhe\OneDrive\Desktop\Cleaned\frontend\src\
profile\ProfilePage.tsx:17:41)
          at basenameProp (C:\Users\samhe\OneDrive\Desktop\Cleaned\frontend\nod
e_modules\react-router\lib\components.tsx:421:13)
          at basename (C:\Users\samhe\OneDrive\Desktop\Cleaned\frontend\node_mo
dules\react-router\lib\components.tsx:225:3)

      159 |               className="border border-gray-300 rounded-md px-3 
py-2 text-sm"
      160 |               value={currentPassword}
    > 161 |               onChange={e => setCurrentPassword(e.target.value)}
          |                              ^
      162 |             />
      163 |           </div>
      164 |

      at printWarning 
(node_modules/react-dom/cjs/react-dom.development.js:86:30)
      at error (node_modules/react-dom/cjs/react-dom.development.js:60:7)
      at warnIfUpdatesNotWrappedWithActDEV 
(node_modules/react-dom/cjs/react-dom.development.js:27628:9)
      at scheduleUpdateOnFiber 
(node_modules/react-dom/cjs/react-dom.development.js:25547:5)
      at dispatchSetState 
(node_modules/react-dom/cjs/react-dom.development.js:16708:7)
      at onChange (src/profile/ProfilePage.tsx:161:30)
      at HTMLUnknownElement.callCallback 
(node_modules/react-dom/cjs/react-dom.development.js:4164:14)
      at HTMLUnknownElement.callTheUserObjectsOperation 
(node_modules/jsdom/lib/jsdom/living/generated/EventListener.js:26:30)
      at innerInvokeEventListeners 
(node_modules/jsdom/lib/jsdom/living/events/EventTarget-impl.js:350:25)
      at invokeEventListeners 
(node_modules/jsdom/lib/jsdom/living/events/EventTarget-impl.js:286:3)
      at HTMLUnknownElementImpl._dispatch 
(node_modules/jsdom/lib/jsdom/living/events/EventTarget-impl.js:233:9)
      at HTMLUnknownElementImpl.dispatchEvent 
(node_modules/jsdom/lib/jsdom/living/events/EventTarget-impl.js:104:17)
      at HTMLUnknownElement.dispatchEvent 
(node_modules/jsdom/lib/jsdom/living/generated/EventTarget.js:241:34)
      at Object.invokeGuardedCallbackDev 
(node_modules/react-dom/cjs/react-dom.development.js:4213:16)
      at invokeGuardedCallback 
(node_modules/react-dom/cjs/react-dom.development.js:4277:31)
      at invokeGuardedCallbackAndCatchFirstError 
(node_modules/react-dom/cjs/react-dom.development.js:4291:25)
      at executeDispatch 
(node_modules/react-dom/cjs/react-dom.development.js:9041:3)
      at processDispatchQueueItemsInOrder 
(node_modules/react-dom/cjs/react-dom.development.js:9073:7)
      at processDispatchQueue 
(node_modules/react-dom/cjs/react-dom.development.js:9086:5)
      at dispatchEventsForPlugins 
(node_modules/react-dom/cjs/react-dom.development.js:9097:3)
      at node_modules/react-dom/cjs/react-dom.development.js:9288:12
      at batchedUpdates$1 
(node_modules/react-dom/cjs/react-dom.development.js:26179:12)
      at batchedUpdates 
(node_modules/react-dom/cjs/react-dom.development.js:3991:12)
      at dispatchEventForPluginEventSystem 
(node_modules/react-dom/cjs/react-dom.development.js:9287:3)
      at dispatchEventWithEnableCapturePhaseSelectiveHydrationWithoutDiscreteEv
entReplay (node_modules/react-dom/cjs/react-dom.development.js:6465:5)
      at dispatchEvent 
(node_modules/react-dom/cjs/react-dom.development.js:6457:5)
      at dispatchDiscreteEvent 
(node_modules/react-dom/cjs/react-dom.development.js:6430:5)
      at HTMLDivElement.callTheUserObjectsOperation 
(node_modules/jsdom/lib/jsdom/living/generated/EventListener.js:26:30)
      at innerInvokeEventListeners 
(node_modules/jsdom/lib/jsdom/living/events/EventTarget-impl.js:350:25)
      at invokeEventListeners 
(node_modules/jsdom/lib/jsdom/living/events/EventTarget-impl.js:286:3)
      at HTMLInputElementImpl._dispatch 
(node_modules/jsdom/lib/jsdom/living/events/EventTarget-impl.js:233:9)
      at HTMLInputElementImpl.dispatchEvent 
(node_modules/jsdom/lib/jsdom/living/events/EventTarget-impl.js:104:17)
      at HTMLInputElement.dispatchEvent 
(node_modules/jsdom/lib/jsdom/living/generated/EventTarget.js:241:34)
      at 
node_modules/@testing-library/user-event/dist/cjs/event/dispatchEvent.js:45:43
      at Object.eventWrapper 
(node_modules/@testing-library/dom/dist/config.js:25:23)
      at Object.wrapEvent 
(node_modules/@testing-library/user-event/dist/cjs/event/wrapEvent.js:6:28)
      at Object.dispatchEvent (node_modules/@testing-library/user-event/dist/cj
s/event/dispatchEvent.js:45:22)
      at Object.dispatchUIEvent (node_modules/@testing-library/user-event/dist/
cjs/event/dispatchEvent.js:22:26)
      at commitInput 
(node_modules/@testing-library/user-event/dist/cjs/event/input.js:145:14)
      at editInputElement 
(node_modules/@testing-library/user-event/dist/cjs/event/input.js:115:9)
      at Object.input 
(node_modules/@testing-library/user-event/dist/cjs/event/input.js:37:9)
      at node_modules/@testing-library/user-event/dist/cjs/event/behavior/keypr
ess.js:31:26
      at Object.dispatchEvent (node_modules/@testing-library/user-event/dist/cj
s/event/dispatchEvent.js:41:13)
      at Object.dispatchUIEvent (node_modules/@testing-library/user-event/dist/
cjs/event/dispatchEvent.js:22:26)
      at KeyboardHost.keydown 
(node_modules/@testing-library/user-event/dist/cjs/system/keyboard.js:76:22)
      at keyboardAction 
(node_modules/@testing-library/user-event/dist/cjs/keyboard/index.js:22:35)
      at Object.keyboard 
(node_modules/@testing-library/user-event/dist/cjs/keyboard/index.js:11:15)
      at Object.type 
(node_modules/@testing-library/user-event/dist/cjs/utility/type.js:17:5)
      at Object.<anonymous> (src/profile/__tests__/profile.test.tsx:192:5)

    console.error
      Warning: An update to ProfilePage inside a test was not wrapped in 
act(...).
      
      When testing, code that causes React state updates should be wrapped 
into act(...):
      
      act(() => {
        /* fire events that update state */
      });
      /* assert on the output */
      
      This ensures that you're testing the behavior the user would see in the 
browser. Learn more at https://reactjs.org/link/wrap-tests-with-act
          at ProfilePage (C:\Users\samhe\OneDrive\Desktop\Cleaned\frontend\src\
profile\ProfilePage.tsx:17:41)
          at basenameProp (C:\Users\samhe\OneDrive\Desktop\Cleaned\frontend\nod
e_modules\react-router\lib\components.tsx:421:13)
          at basename (C:\Users\samhe\OneDrive\Desktop\Cleaned\frontend\node_mo
dules\react-router\lib\components.tsx:225:3)

      159 |               className="border border-gray-300 rounded-md px-3 
py-2 text-sm"
      160 |               value={currentPassword}
    > 161 |               onChange={e => setCurrentPassword(e.target.value)}
          |                              ^
      162 |             />
      163 |           </div>
      164 |

      at printWarning 
(node_modules/react-dom/cjs/react-dom.development.js:86:30)
      at error (node_modules/react-dom/cjs/react-dom.development.js:60:7)
      at warnIfUpdatesNotWrappedWithActDEV 
(node_modules/react-dom/cjs/react-dom.development.js:27628:9)
      at scheduleUpdateOnFiber 
(node_modules/react-dom/cjs/react-dom.development.js:25547:5)
      at dispatchSetState 
(node_modules/react-dom/cjs/react-dom.development.js:16708:7)
      at onChange (src/profile/ProfilePage.tsx:161:30)
      at HTMLUnknownElement.callCallback 
(node_modules/react-dom/cjs/react-dom.development.js:4164:14)
      at HTMLUnknownElement.callTheUserObjectsOperation 
(node_modules/jsdom/lib/jsdom/living/generated/EventListener.js:26:30)
      at innerInvokeEventListeners 
(node_modules/jsdom/lib/jsdom/living/events/EventTarget-impl.js:350:25)
      at invokeEventListeners 
(node_modules/jsdom/lib/jsdom/living/events/EventTarget-impl.js:286:3)
      at HTMLUnknownElementImpl._dispatch 
(node_modules/jsdom/lib/jsdom/living/events/EventTarget-impl.js:233:9)
      at HTMLUnknownElementImpl.dispatchEvent 
(node_modules/jsdom/lib/jsdom/living/events/EventTarget-impl.js:104:17)
      at HTMLUnknownElement.dispatchEvent 
(node_modules/jsdom/lib/jsdom/living/generated/EventTarget.js:241:34)
      at Object.invokeGuardedCallbackDev 
(node_modules/react-dom/cjs/react-dom.development.js:4213:16)
      at invokeGuardedCallback 
(node_modules/react-dom/cjs/react-dom.development.js:4277:31)
      at invokeGuardedCallbackAndCatchFirstError 
(node_modules/react-dom/cjs/react-dom.development.js:4291:25)
      at executeDispatch 
(node_modules/react-dom/cjs/react-dom.development.js:9041:3)
      at processDispatchQueueItemsInOrder 
(node_modules/react-dom/cjs/react-dom.development.js:9073:7)
      at processDispatchQueue 
(node_modules/react-dom/cjs/react-dom.development.js:9086:5)
      at dispatchEventsForPlugins 
(node_modules/react-dom/cjs/react-dom.development.js:9097:3)
      at node_modules/react-dom/cjs/react-dom.development.js:9288:12
      at batchedUpdates$1 
(node_modules/react-dom/cjs/react-dom.development.js:26179:12)
      at batchedUpdates 
(node_modules/react-dom/cjs/react-dom.development.js:3991:12)
      at dispatchEventForPluginEventSystem 
(node_modules/react-dom/cjs/react-dom.development.js:9287:3)
      at dispatchEventWithEnableCapturePhaseSelectiveHydrationWithoutDiscreteEv
entReplay (node_modules/react-dom/cjs/react-dom.development.js:6465:5)
      at dispatchEvent 
(node_modules/react-dom/cjs/react-dom.development.js:6457:5)
      at dispatchDiscreteEvent 
(node_modules/react-dom/cjs/react-dom.development.js:6430:5)
      at HTMLDivElement.callTheUserObjectsOperation 
(node_modules/jsdom/lib/jsdom/living/generated/EventListener.js:26:30)
      at innerInvokeEventListeners 
(node_modules/jsdom/lib/jsdom/living/events/EventTarget-impl.js:350:25)
      at invokeEventListeners 
(node_modules/jsdom/lib/jsdom/living/events/EventTarget-impl.js:286:3)
      at HTMLInputElementImpl._dispatch 
(node_modules/jsdom/lib/jsdom/living/events/EventTarget-impl.js:233:9)
      at HTMLInputElementImpl.dispatchEvent 
(node_modules/jsdom/lib/jsdom/living/events/EventTarget-impl.js:104:17)
      at HTMLInputElement.dispatchEvent 
(node_modules/jsdom/lib/jsdom/living/generated/EventTarget.js:241:34)
      at 
node_modules/@testing-library/user-event/dist/cjs/event/dispatchEvent.js:45:43
      at Object.eventWrapper 
(node_modules/@testing-library/dom/dist/config.js:25:23)
      at Object.wrapEvent 
(node_modules/@testing-library/user-event/dist/cjs/event/wrapEvent.js:6:28)
      at Object.dispatchEvent (node_modules/@testing-library/user-event/dist/cj
s/event/dispatchEvent.js:45:22)
      at Object.dispatchUIEvent (node_modules/@testing-library/user-event/dist/
cjs/event/dispatchEvent.js:22:26)
      at commitInput 
(node_modules/@testing-library/user-event/dist/cjs/event/input.js:145:14)
      at editInputElement 
(node_modules/@testing-library/user-event/dist/cjs/event/input.js:115:9)
      at Object.input 
(node_modules/@testing-library/user-event/dist/cjs/event/input.js:37:9)
      at node_modules/@testing-library/user-event/dist/cjs/event/behavior/keypr
ess.js:31:26
      at Object.dispatchEvent (node_modules/@testing-library/user-event/dist/cj
s/event/dispatchEvent.js:41:13)
      at Object.dispatchUIEvent (node_modules/@testing-library/user-event/dist/
cjs/event/dispatchEvent.js:22:26)
      at KeyboardHost.keydown 
(node_modules/@testing-library/user-event/dist/cjs/system/keyboard.js:76:22)
      at keyboardAction 
(node_modules/@testing-library/user-event/dist/cjs/keyboard/index.js:22:35)
      at Object.keyboard 
(node_modules/@testing-library/user-event/dist/cjs/keyboard/index.js:11:15)
      at Object.type 
(node_modules/@testing-library/user-event/dist/cjs/utility/type.js:17:5)
      at Object.<anonymous> (src/profile/__tests__/profile.test.tsx:192:5)

    console.error
      Warning: An update to ProfilePage inside a test was not wrapped in 
act(...).
      
      When testing, code that causes React state updates should be wrapped 
into act(...):
      
      act(() => {
        /* fire events that update state */
      });
      /* assert on the output */
      
      This ensures that you're testing the behavior the user would see in the 
browser. Learn more at https://reactjs.org/link/wrap-tests-with-act
          at ProfilePage (C:\Users\samhe\OneDrive\Desktop\Cleaned\frontend\src\
profile\ProfilePage.tsx:17:41)
          at basenameProp (C:\Users\samhe\OneDrive\Desktop\Cleaned\frontend\nod
e_modules\react-router\lib\components.tsx:421:13)
          at basename (C:\Users\samhe\OneDrive\Desktop\Cleaned\frontend\node_mo
dules\react-router\lib\components.tsx:225:3)

      159 |               className="border border-gray-300 rounded-md px-3 
py-2 text-sm"
      160 |               value={currentPassword}
    > 161 |               onChange={e => setCurrentPassword(e.target.value)}
          |                              ^
      162 |             />
      163 |           </div>
      164 |

      at printWarning 
(node_modules/react-dom/cjs/react-dom.development.js:86:30)
      at error (node_modules/react-dom/cjs/react-dom.development.js:60:7)
      at warnIfUpdatesNotWrappedWithActDEV 
(node_modules/react-dom/cjs/react-dom.development.js:27628:9)
      at scheduleUpdateOnFiber 
(node_modules/react-dom/cjs/react-dom.development.js:25547:5)
      at dispatchSetState 
(node_modules/react-dom/cjs/react-dom.development.js:16708:7)
      at onChange (src/profile/ProfilePage.tsx:161:30)
      at HTMLUnknownElement.callCallback 
(node_modules/react-dom/cjs/react-dom.development.js:4164:14)
      at HTMLUnknownElement.callTheUserObjectsOperation 
(node_modules/jsdom/lib/jsdom/living/generated/EventListener.js:26:30)
      at innerInvokeEventListeners 
(node_modules/jsdom/lib/jsdom/living/events/EventTarget-impl.js:350:25)
      at invokeEventListeners 
(node_modules/jsdom/lib/jsdom/living/events/EventTarget-impl.js:286:3)
      at HTMLUnknownElementImpl._dispatch 
(node_modules/jsdom/lib/jsdom/living/events/EventTarget-impl.js:233:9)
      at HTMLUnknownElementImpl.dispatchEvent 
(node_modules/jsdom/lib/jsdom/living/events/EventTarget-impl.js:104:17)
      at HTMLUnknownElement.dispatchEvent 
(node_modules/jsdom/lib/jsdom/living/generated/EventTarget.js:241:34)
      at Object.invokeGuardedCallbackDev 
(node_modules/react-dom/cjs/react-dom.development.js:4213:16)
      at invokeGuardedCallback 
(node_modules/react-dom/cjs/react-dom.development.js:4277:31)
      at invokeGuardedCallbackAndCatchFirstError 
(node_modules/react-dom/cjs/react-dom.development.js:4291:25)
      at executeDispatch 
(node_modules/react-dom/cjs/react-dom.development.js:9041:3)
      at processDispatchQueueItemsInOrder 
(node_modules/react-dom/cjs/react-dom.development.js:9073:7)
      at processDispatchQueue 
(node_modules/react-dom/cjs/react-dom.development.js:9086:5)
      at dispatchEventsForPlugins 
(node_modules/react-dom/cjs/react-dom.development.js:9097:3)
      at node_modules/react-dom/cjs/react-dom.development.js:9288:12
      at batchedUpdates$1 
(node_modules/react-dom/cjs/react-dom.development.js:26179:12)
      at batchedUpdates 
(node_modules/react-dom/cjs/react-dom.development.js:3991:12)
      at dispatchEventForPluginEventSystem 
(node_modules/react-dom/cjs/react-dom.development.js:9287:3)
      at dispatchEventWithEnableCapturePhaseSelectiveHydrationWithoutDiscreteEv
entReplay (node_modules/react-dom/cjs/react-dom.development.js:6465:5)
      at dispatchEvent 
(node_modules/react-dom/cjs/react-dom.development.js:6457:5)
      at dispatchDiscreteEvent 
(node_modules/react-dom/cjs/react-dom.development.js:6430:5)
      at HTMLDivElement.callTheUserObjectsOperation 
(node_modules/jsdom/lib/jsdom/living/generated/EventListener.js:26:30)
      at innerInvokeEventListeners 
(node_modules/jsdom/lib/jsdom/living/events/EventTarget-impl.js:350:25)
      at invokeEventListeners 
(node_modules/jsdom/lib/jsdom/living/events/EventTarget-impl.js:286:3)
      at HTMLInputElementImpl._dispatch 
(node_modules/jsdom/lib/jsdom/living/events/EventTarget-impl.js:233:9)
      at HTMLInputElementImpl.dispatchEvent 
(node_modules/jsdom/lib/jsdom/living/events/EventTarget-impl.js:104:17)
      at HTMLInputElement.dispatchEvent 
(node_modules/jsdom/lib/jsdom/living/generated/EventTarget.js:241:34)
      at 
node_modules/@testing-library/user-event/dist/cjs/event/dispatchEvent.js:45:43
      at Object.eventWrapper 
(node_modules/@testing-library/dom/dist/config.js:25:23)
      at Object.wrapEvent 
(node_modules/@testing-library/user-event/dist/cjs/event/wrapEvent.js:6:28)
      at Object.dispatchEvent (node_modules/@testing-library/user-event/dist/cj
s/event/dispatchEvent.js:45:22)
      at Object.dispatchUIEvent (node_modules/@testing-library/user-event/dist/
cjs/event/dispatchEvent.js:22:26)
      at commitInput 
(node_modules/@testing-library/user-event/dist/cjs/event/input.js:145:14)
      at editInputElement 
(node_modules/@testing-library/user-event/dist/cjs/event/input.js:115:9)
      at Object.input 
(node_modules/@testing-library/user-event/dist/cjs/event/input.js:37:9)
      at node_modules/@testing-library/user-event/dist/cjs/event/behavior/keypr
ess.js:31:26
      at Object.dispatchEvent (node_modules/@testing-library/user-event/dist/cj
s/event/dispatchEvent.js:41:13)
      at Object.dispatchUIEvent (node_modules/@testing-library/user-event/dist/
cjs/event/dispatchEvent.js:22:26)
      at KeyboardHost.keydown 
(node_modules/@testing-library/user-event/dist/cjs/system/keyboard.js:76:22)
      at keyboardAction 
(node_modules/@testing-library/user-event/dist/cjs/keyboard/index.js:22:35)
      at Object.keyboard 
(node_modules/@testing-library/user-event/dist/cjs/keyboard/index.js:11:15)
      at Object.type 
(node_modules/@testing-library/user-event/dist/cjs/utility/type.js:17:5)
      at Object.<anonymous> (src/profile/__tests__/profile.test.tsx:192:5)

    console.error
      Warning: An update to ProfilePage inside a test was not wrapped in 
act(...).
      
      When testing, code that causes React state updates should be wrapped 
into act(...):
      
      act(() => {
        /* fire events that update state */
      });
      /* assert on the output */
      
      This ensures that you're testing the behavior the user would see in the 
browser. Learn more at https://reactjs.org/link/wrap-tests-with-act
          at ProfilePage (C:\Users\samhe\OneDrive\Desktop\Cleaned\frontend\src\
profile\ProfilePage.tsx:17:41)
          at basenameProp (C:\Users\samhe\OneDrive\Desktop\Cleaned\frontend\nod
e_modules\react-router\lib\components.tsx:421:13)
          at basename (C:\Users\samhe\OneDrive\Desktop\Cleaned\frontend\node_mo
dules\react-router\lib\components.tsx:225:3)

      159 |               className="border border-gray-300 rounded-md px-3 
py-2 text-sm"
      160 |               value={currentPassword}
    > 161 |               onChange={e => setCurrentPassword(e.target.value)}
          |                              ^
      162 |             />
      163 |           </div>
      164 |

      at printWarning 
(node_modules/react-dom/cjs/react-dom.development.js:86:30)
      at error (node_modules/react-dom/cjs/react-dom.development.js:60:7)
      at warnIfUpdatesNotWrappedWithActDEV 
(node_modules/react-dom/cjs/react-dom.development.js:27628:9)
      at scheduleUpdateOnFiber 
(node_modules/react-dom/cjs/react-dom.development.js:25547:5)
      at dispatchSetState 
(node_modules/react-dom/cjs/react-dom.development.js:16708:7)
      at onChange (src/profile/ProfilePage.tsx:161:30)
      at HTMLUnknownElement.callCallback 
(node_modules/react-dom/cjs/react-dom.development.js:4164:14)
      at HTMLUnknownElement.callTheUserObjectsOperation 
(node_modules/jsdom/lib/jsdom/living/generated/EventListener.js:26:30)
      at innerInvokeEventListeners 
(node_modules/jsdom/lib/jsdom/living/events/EventTarget-impl.js:350:25)
      at invokeEventListeners 
(node_modules/jsdom/lib/jsdom/living/events/EventTarget-impl.js:286:3)
      at HTMLUnknownElementImpl._dispatch 
(node_modules/jsdom/lib/jsdom/living/events/EventTarget-impl.js:233:9)
      at HTMLUnknownElementImpl.dispatchEvent 
(node_modules/jsdom/lib/jsdom/living/events/EventTarget-impl.js:104:17)
      at HTMLUnknownElement.dispatchEvent 
(node_modules/jsdom/lib/jsdom/living/generated/EventTarget.js:241:34)
      at Object.invokeGuardedCallbackDev 
(node_modules/react-dom/cjs/react-dom.development.js:4213:16)
      at invokeGuardedCallback 
(node_modules/react-dom/cjs/react-dom.development.js:4277:31)
      at invokeGuardedCallbackAndCatchFirstError 
(node_modules/react-dom/cjs/react-dom.development.js:4291:25)
      at executeDispatch 
(node_modules/react-dom/cjs/react-dom.development.js:9041:3)
      at processDispatchQueueItemsInOrder 
(node_modules/react-dom/cjs/react-dom.development.js:9073:7)
      at processDispatchQueue 
(node_modules/react-dom/cjs/react-dom.development.js:9086:5)
      at dispatchEventsForPlugins 
(node_modules/react-dom/cjs/react-dom.development.js:9097:3)
      at node_modules/react-dom/cjs/react-dom.development.js:9288:12
      at batchedUpdates$1 
(node_modules/react-dom/cjs/react-dom.development.js:26179:12)
      at batchedUpdates 
(node_modules/react-dom/cjs/react-dom.development.js:3991:12)
      at dispatchEventForPluginEventSystem 
(node_modules/react-dom/cjs/react-dom.development.js:9287:3)
      at dispatchEventWithEnableCapturePhaseSelectiveHydrationWithoutDiscreteEv
entReplay (node_modules/react-dom/cjs/react-dom.development.js:6465:5)
      at dispatchEvent 
(node_modules/react-dom/cjs/react-dom.development.js:6457:5)
      at dispatchDiscreteEvent 
(node_modules/react-dom/cjs/react-dom.development.js:6430:5)
      at HTMLDivElement.callTheUserObjectsOperation 
(node_modules/jsdom/lib/jsdom/living/generated/EventListener.js:26:30)
      at innerInvokeEventListeners 
(node_modules/jsdom/lib/jsdom/living/events/EventTarget-impl.js:350:25)
      at invokeEventListeners 
(node_modules/jsdom/lib/jsdom/living/events/EventTarget-impl.js:286:3)
      at HTMLInputElementImpl._dispatch 
(node_modules/jsdom/lib/jsdom/living/events/EventTarget-impl.js:233:9)
      at HTMLInputElementImpl.dispatchEvent 
(node_modules/jsdom/lib/jsdom/living/events/EventTarget-impl.js:104:17)
      at HTMLInputElement.dispatchEvent 
(node_modules/jsdom/lib/jsdom/living/generated/EventTarget.js:241:34)
      at 
node_modules/@testing-library/user-event/dist/cjs/event/dispatchEvent.js:45:43
      at Object.eventWrapper 
(node_modules/@testing-library/dom/dist/config.js:25:23)
      at Object.wrapEvent 
(node_modules/@testing-library/user-event/dist/cjs/event/wrapEvent.js:6:28)
      at Object.dispatchEvent (node_modules/@testing-library/user-event/dist/cj
s/event/dispatchEvent.js:45:22)
      at Object.dispatchUIEvent (node_modules/@testing-library/user-event/dist/
cjs/event/dispatchEvent.js:22:26)
      at commitInput 
(node_modules/@testing-library/user-event/dist/cjs/event/input.js:145:14)
      at editInputElement 
(node_modules/@testing-library/user-event/dist/cjs/event/input.js:115:9)
      at Object.input 
(node_modules/@testing-library/user-event/dist/cjs/event/input.js:37:9)
      at node_modules/@testing-library/user-event/dist/cjs/event/behavior/keypr
ess.js:31:26
      at Object.dispatchEvent (node_modules/@testing-library/user-event/dist/cj
s/event/dispatchEvent.js:41:13)
      at Object.dispatchUIEvent (node_modules/@testing-library/user-event/dist/
cjs/event/dispatchEvent.js:22:26)
      at KeyboardHost.keydown 
(node_modules/@testing-library/user-event/dist/cjs/system/keyboard.js:76:22)
      at keyboardAction 
(node_modules/@testing-library/user-event/dist/cjs/keyboard/index.js:22:35)
      at Object.keyboard 
(node_modules/@testing-library/user-event/dist/cjs/keyboard/index.js:11:15)
      at Object.type 
(node_modules/@testing-library/user-event/dist/cjs/utility/type.js:17:5)
      at Object.<anonymous> (src/profile/__tests__/profile.test.tsx:192:5)

    console.error
      Warning: An update to ProfilePage inside a test was not wrapped in 
act(...).
      
      When testing, code that causes React state updates should be wrapped 
into act(...):
      
      act(() => {
        /* fire events that update state */
      });
      /* assert on the output */
      
      This ensures that you're testing the behavior the user would see in the 
browser. Learn more at https://reactjs.org/link/wrap-tests-with-act
          at ProfilePage (C:\Users\samhe\OneDrive\Desktop\Cleaned\frontend\src\
profile\ProfilePage.tsx:17:41)
          at basenameProp (C:\Users\samhe\OneDrive\Desktop\Cleaned\frontend\nod
e_modules\react-router\lib\components.tsx:421:13)
          at basename (C:\Users\samhe\OneDrive\Desktop\Cleaned\frontend\node_mo
dules\react-router\lib\components.tsx:225:3)

      159 |               className="border border-gray-300 rounded-md px-3 
py-2 text-sm"
      160 |               value={currentPassword}
    > 161 |               onChange={e => setCurrentPassword(e.target.value)}
          |                              ^
      162 |             />
      163 |           </div>
      164 |

      at printWarning 
(node_modules/react-dom/cjs/react-dom.development.js:86:30)
      at error (node_modules/react-dom/cjs/react-dom.development.js:60:7)
      at warnIfUpdatesNotWrappedWithActDEV 
(node_modules/react-dom/cjs/react-dom.development.js:27628:9)
      at scheduleUpdateOnFiber 
(node_modules/react-dom/cjs/react-dom.development.js:25547:5)
      at dispatchSetState 
(node_modules/react-dom/cjs/react-dom.development.js:16708:7)
      at onChange (src/profile/ProfilePage.tsx:161:30)
      at HTMLUnknownElement.callCallback 
(node_modules/react-dom/cjs/react-dom.development.js:4164:14)
      at HTMLUnknownElement.callTheUserObjectsOperation 
(node_modules/jsdom/lib/jsdom/living/generated/EventListener.js:26:30)
      at innerInvokeEventListeners 
(node_modules/jsdom/lib/jsdom/living/events/EventTarget-impl.js:350:25)
      at invokeEventListeners 
(node_modules/jsdom/lib/jsdom/living/events/EventTarget-impl.js:286:3)
      at HTMLUnknownElementImpl._dispatch 
(node_modules/jsdom/lib/jsdom/living/events/EventTarget-impl.js:233:9)
      at HTMLUnknownElementImpl.dispatchEvent 
(node_modules/jsdom/lib/jsdom/living/events/EventTarget-impl.js:104:17)
      at HTMLUnknownElement.dispatchEvent 
(node_modules/jsdom/lib/jsdom/living/generated/EventTarget.js:241:34)
      at Object.invokeGuardedCallbackDev 
(node_modules/react-dom/cjs/react-dom.development.js:4213:16)
      at invokeGuardedCallback 
(node_modules/react-dom/cjs/react-dom.development.js:4277:31)
      at invokeGuardedCallbackAndCatchFirstError 
(node_modules/react-dom/cjs/react-dom.development.js:4291:25)
      at executeDispatch 
(node_modules/react-dom/cjs/react-dom.development.js:9041:3)
      at processDispatchQueueItemsInOrder 
(node_modules/react-dom/cjs/react-dom.development.js:9073:7)
      at processDispatchQueue 
(node_modules/react-dom/cjs/react-dom.development.js:9086:5)
      at dispatchEventsForPlugins 
(node_modules/react-dom/cjs/react-dom.development.js:9097:3)
      at node_modules/react-dom/cjs/react-dom.development.js:9288:12
      at batchedUpdates$1 
(node_modules/react-dom/cjs/react-dom.development.js:26179:12)
      at batchedUpdates 
(node_modules/react-dom/cjs/react-dom.development.js:3991:12)
      at dispatchEventForPluginEventSystem 
(node_modules/react-dom/cjs/react-dom.development.js:9287:3)
      at dispatchEventWithEnableCapturePhaseSelectiveHydrationWithoutDiscreteEv
entReplay (node_modules/react-dom/cjs/react-dom.development.js:6465:5)
      at dispatchEvent 
(node_modules/react-dom/cjs/react-dom.development.js:6457:5)
      at dispatchDiscreteEvent 
(node_modules/react-dom/cjs/react-dom.development.js:6430:5)
      at HTMLDivElement.callTheUserObjectsOperation 
(node_modules/jsdom/lib/jsdom/living/generated/EventListener.js:26:30)
      at innerInvokeEventListeners 
(node_modules/jsdom/lib/jsdom/living/events/EventTarget-impl.js:350:25)
      at invokeEventListeners 
(node_modules/jsdom/lib/jsdom/living/events/EventTarget-impl.js:286:3)
      at HTMLInputElementImpl._dispatch 
(node_modules/jsdom/lib/jsdom/living/events/EventTarget-impl.js:233:9)
      at HTMLInputElementImpl.dispatchEvent 
(node_modules/jsdom/lib/jsdom/living/events/EventTarget-impl.js:104:17)
      at HTMLInputElement.dispatchEvent 
(node_modules/jsdom/lib/jsdom/living/generated/EventTarget.js:241:34)
      at 
node_modules/@testing-library/user-event/dist/cjs/event/dispatchEvent.js:45:43
      at Object.eventWrapper 
(node_modules/@testing-library/dom/dist/config.js:25:23)
      at Object.wrapEvent 
(node_modules/@testing-library/user-event/dist/cjs/event/wrapEvent.js:6:28)
      at Object.dispatchEvent (node_modules/@testing-library/user-event/dist/cj
s/event/dispatchEvent.js:45:22)
      at Object.dispatchUIEvent (node_modules/@testing-library/user-event/dist/
cjs/event/dispatchEvent.js:22:26)
      at commitInput 
(node_modules/@testing-library/user-event/dist/cjs/event/input.js:145:14)
      at editInputElement 
(node_modules/@testing-library/user-event/dist/cjs/event/input.js:115:9)
      at Object.input 
(node_modules/@testing-library/user-event/dist/cjs/event/input.js:37:9)
      at node_modules/@testing-library/user-event/dist/cjs/event/behavior/keypr
ess.js:31:26
      at Object.dispatchEvent (node_modules/@testing-library/user-event/dist/cj
s/event/dispatchEvent.js:41:13)
      at Object.dispatchUIEvent (node_modules/@testing-library/user-event/dist/
cjs/event/dispatchEvent.js:22:26)
      at KeyboardHost.keydown 
(node_modules/@testing-library/user-event/dist/cjs/system/keyboard.js:76:22)
      at keyboardAction 
(node_modules/@testing-library/user-event/dist/cjs/keyboard/index.js:22:35)
      at Object.keyboard 
(node_modules/@testing-library/user-event/dist/cjs/keyboard/index.js:11:15)
      at Object.type 
(node_modules/@testing-library/user-event/dist/cjs/utility/type.js:17:5)
      at Object.<anonymous> (src/profile/__tests__/profile.test.tsx:192:5)

    console.error
      Warning: An update to ProfilePage inside a test was not wrapped in 
act(...).
      
      When testing, code that causes React state updates should be wrapped 
into act(...):
      
      act(() => {
        /* fire events that update state */
      });
      /* assert on the output */
      
      This ensures that you're testing the behavior the user would see in the 
browser. Learn more at https://reactjs.org/link/wrap-tests-with-act
          at ProfilePage (C:\Users\samhe\OneDrive\Desktop\Cleaned\frontend\src\
profile\ProfilePage.tsx:17:41)
          at basenameProp (C:\Users\samhe\OneDrive\Desktop\Cleaned\frontend\nod
e_modules\react-router\lib\components.tsx:421:13)
          at basename (C:\Users\samhe\OneDrive\Desktop\Cleaned\frontend\node_mo
dules\react-router\lib\components.tsx:225:3)

      159 |               className="border border-gray-300 rounded-md px-3 
py-2 text-sm"
      160 |               value={currentPassword}
    > 161 |               onChange={e => setCurrentPassword(e.target.value)}
          |                              ^
      162 |             />
      163 |           </div>
      164 |

      at printWarning 
(node_modules/react-dom/cjs/react-dom.development.js:86:30)
      at error (node_modules/react-dom/cjs/react-dom.development.js:60:7)
      at warnIfUpdatesNotWrappedWithActDEV 
(node_modules/react-dom/cjs/react-dom.development.js:27628:9)
      at scheduleUpdateOnFiber 
(node_modules/react-dom/cjs/react-dom.development.js:25547:5)
      at dispatchSetState 
(node_modules/react-dom/cjs/react-dom.development.js:16708:7)
      at onChange (src/profile/ProfilePage.tsx:161:30)
      at HTMLUnknownElement.callCallback 
(node_modules/react-dom/cjs/react-dom.development.js:4164:14)
      at HTMLUnknownElement.callTheUserObjectsOperation 
(node_modules/jsdom/lib/jsdom/living/generated/EventListener.js:26:30)
      at innerInvokeEventListeners 
(node_modules/jsdom/lib/jsdom/living/events/EventTarget-impl.js:350:25)
      at invokeEventListeners 
(node_modules/jsdom/lib/jsdom/living/events/EventTarget-impl.js:286:3)
      at HTMLUnknownElementImpl._dispatch 
(node_modules/jsdom/lib/jsdom/living/events/EventTarget-impl.js:233:9)
      at HTMLUnknownElementImpl.dispatchEvent 
(node_modules/jsdom/lib/jsdom/living/events/EventTarget-impl.js:104:17)
      at HTMLUnknownElement.dispatchEvent 
(node_modules/jsdom/lib/jsdom/living/generated/EventTarget.js:241:34)
      at Object.invokeGuardedCallbackDev 
(node_modules/react-dom/cjs/react-dom.development.js:4213:16)
      at invokeGuardedCallback 
(node_modules/react-dom/cjs/react-dom.development.js:4277:31)
      at invokeGuardedCallbackAndCatchFirstError 
(node_modules/react-dom/cjs/react-dom.development.js:4291:25)
      at executeDispatch 
(node_modules/react-dom/cjs/react-dom.development.js:9041:3)
      at processDispatchQueueItemsInOrder 
(node_modules/react-dom/cjs/react-dom.development.js:9073:7)
      at processDispatchQueue 
(node_modules/react-dom/cjs/react-dom.development.js:9086:5)
      at dispatchEventsForPlugins 
(node_modules/react-dom/cjs/react-dom.development.js:9097:3)
      at node_modules/react-dom/cjs/react-dom.development.js:9288:12
      at batchedUpdates$1 
(node_modules/react-dom/cjs/react-dom.development.js:26179:12)
      at batchedUpdates 
(node_modules/react-dom/cjs/react-dom.development.js:3991:12)
      at dispatchEventForPluginEventSystem 
(node_modules/react-dom/cjs/react-dom.development.js:9287:3)
      at dispatchEventWithEnableCapturePhaseSelectiveHydrationWithoutDiscreteEv
entReplay (node_modules/react-dom/cjs/react-dom.development.js:6465:5)
      at dispatchEvent 
(node_modules/react-dom/cjs/react-dom.development.js:6457:5)
      at dispatchDiscreteEvent 
(node_modules/react-dom/cjs/react-dom.development.js:6430:5)
      at HTMLDivElement.callTheUserObjectsOperation 
(node_modules/jsdom/lib/jsdom/living/generated/EventListener.js:26:30)
      at innerInvokeEventListeners 
(node_modules/jsdom/lib/jsdom/living/events/EventTarget-impl.js:350:25)
      at invokeEventListeners 
(node_modules/jsdom/lib/jsdom/living/events/EventTarget-impl.js:286:3)
      at HTMLInputElementImpl._dispatch 
(node_modules/jsdom/lib/jsdom/living/events/EventTarget-impl.js:233:9)
      at HTMLInputElementImpl.dispatchEvent 
(node_modules/jsdom/lib/jsdom/living/events/EventTarget-impl.js:104:17)
      at HTMLInputElement.dispatchEvent 
(node_modules/jsdom/lib/jsdom/living/generated/EventTarget.js:241:34)
      at 
node_modules/@testing-library/user-event/dist/cjs/event/dispatchEvent.js:45:43
      at Object.eventWrapper 
(node_modules/@testing-library/dom/dist/config.js:25:23)
      at Object.wrapEvent 
(node_modules/@testing-library/user-event/dist/cjs/event/wrapEvent.js:6:28)
      at Object.dispatchEvent (node_modules/@testing-library/user-event/dist/cj
s/event/dispatchEvent.js:45:22)
      at Object.dispatchUIEvent (node_modules/@testing-library/user-event/dist/
cjs/event/dispatchEvent.js:22:26)
      at commitInput 
(node_modules/@testing-library/user-event/dist/cjs/event/input.js:145:14)
      at editInputElement 
(node_modules/@testing-library/user-event/dist/cjs/event/input.js:115:9)
      at Object.input 
(node_modules/@testing-library/user-event/dist/cjs/event/input.js:37:9)
      at node_modules/@testing-library/user-event/dist/cjs/event/behavior/keypr
ess.js:31:26
      at Object.dispatchEvent (node_modules/@testing-library/user-event/dist/cj
s/event/dispatchEvent.js:41:13)
      at Object.dispatchUIEvent (node_modules/@testing-library/user-event/dist/
cjs/event/dispatchEvent.js:22:26)
      at KeyboardHost.keydown 
(node_modules/@testing-library/user-event/dist/cjs/system/keyboard.js:76:22)
      at keyboardAction 
(node_modules/@testing-library/user-event/dist/cjs/keyboard/index.js:22:35)
      at Object.keyboard 
(node_modules/@testing-library/user-event/dist/cjs/keyboard/index.js:11:15)
      at Object.type 
(node_modules/@testing-library/user-event/dist/cjs/utility/type.js:17:5)
      at Object.<anonymous> (src/profile/__tests__/profile.test.tsx:192:5)

    console.error
      Warning: An update to ProfilePage inside a test was not wrapped in 
act(...).
      
      When testing, code that causes React state updates should be wrapped 
into act(...):
      
      act(() => {
        /* fire events that update state */
      });
      /* assert on the output */
      
      This ensures that you're testing the behavior the user would see in the 
browser. Learn more at https://reactjs.org/link/wrap-tests-with-act
          at ProfilePage (C:\Users\samhe\OneDrive\Desktop\Cleaned\frontend\src\
profile\ProfilePage.tsx:17:41)
          at basenameProp (C:\Users\samhe\OneDrive\Desktop\Cleaned\frontend\nod
e_modules\react-router\lib\components.tsx:421:13)
          at basename (C:\Users\samhe\OneDrive\Desktop\Cleaned\frontend\node_mo
dules\react-router\lib\components.tsx:225:3)

      159 |               className="border border-gray-300 rounded-md px-3 
py-2 text-sm"
      160 |               value={currentPassword}
    > 161 |               onChange={e => setCurrentPassword(e.target.value)}
          |                              ^
      162 |             />
      163 |           </div>
      164 |

      at printWarning 
(node_modules/react-dom/cjs/react-dom.development.js:86:30)
      at error (node_modules/react-dom/cjs/react-dom.development.js:60:7)
      at warnIfUpdatesNotWrappedWithActDEV 
(node_modules/react-dom/cjs/react-dom.development.js:27628:9)
      at scheduleUpdateOnFiber 
(node_modules/react-dom/cjs/react-dom.development.js:25547:5)
      at dispatchSetState 
(node_modules/react-dom/cjs/react-dom.development.js:16708:7)
      at onChange (src/profile/ProfilePage.tsx:161:30)
      at HTMLUnknownElement.callCallback 
(node_modules/react-dom/cjs/react-dom.development.js:4164:14)
      at HTMLUnknownElement.callTheUserObjectsOperation 
(node_modules/jsdom/lib/jsdom/living/generated/EventListener.js:26:30)
      at innerInvokeEventListeners 
(node_modules/jsdom/lib/jsdom/living/events/EventTarget-impl.js:350:25)
      at invokeEventListeners 
(node_modules/jsdom/lib/jsdom/living/events/EventTarget-impl.js:286:3)
      at HTMLUnknownElementImpl._dispatch 
(node_modules/jsdom/lib/jsdom/living/events/EventTarget-impl.js:233:9)
      at HTMLUnknownElementImpl.dispatchEvent 
(node_modules/jsdom/lib/jsdom/living/events/EventTarget-impl.js:104:17)
      at HTMLUnknownElement.dispatchEvent 
(node_modules/jsdom/lib/jsdom/living/generated/EventTarget.js:241:34)
      at Object.invokeGuardedCallbackDev 
(node_modules/react-dom/cjs/react-dom.development.js:4213:16)
      at invokeGuardedCallback 
(node_modules/react-dom/cjs/react-dom.development.js:4277:31)
      at invokeGuardedCallbackAndCatchFirstError 
(node_modules/react-dom/cjs/react-dom.development.js:4291:25)
      at executeDispatch 
(node_modules/react-dom/cjs/react-dom.development.js:9041:3)
      at processDispatchQueueItemsInOrder 
(node_modules/react-dom/cjs/react-dom.development.js:9073:7)
      at processDispatchQueue 
(node_modules/react-dom/cjs/react-dom.development.js:9086:5)
      at dispatchEventsForPlugins 
(node_modules/react-dom/cjs/react-dom.development.js:9097:3)
      at node_modules/react-dom/cjs/react-dom.development.js:9288:12
      at batchedUpdates$1 
(node_modules/react-dom/cjs/react-dom.development.js:26179:12)
      at batchedUpdates 
(node_modules/react-dom/cjs/react-dom.development.js:3991:12)
      at dispatchEventForPluginEventSystem 
(node_modules/react-dom/cjs/react-dom.development.js:9287:3)
      at dispatchEventWithEnableCapturePhaseSelectiveHydrationWithoutDiscreteEv
entReplay (node_modules/react-dom/cjs/react-dom.development.js:6465:5)
      at dispatchEvent 
(node_modules/react-dom/cjs/react-dom.development.js:6457:5)
      at dispatchDiscreteEvent 
(node_modules/react-dom/cjs/react-dom.development.js:6430:5)
      at HTMLDivElement.callTheUserObjectsOperation 
(node_modules/jsdom/lib/jsdom/living/generated/EventListener.js:26:30)
      at innerInvokeEventListeners 
(node_modules/jsdom/lib/jsdom/living/events/EventTarget-impl.js:350:25)
      at invokeEventListeners 
(node_modules/jsdom/lib/jsdom/living/events/EventTarget-impl.js:286:3)
      at HTMLInputElementImpl._dispatch 
(node_modules/jsdom/lib/jsdom/living/events/EventTarget-impl.js:233:9)
      at HTMLInputElementImpl.dispatchEvent 
(node_modules/jsdom/lib/jsdom/living/events/EventTarget-impl.js:104:17)
      at HTMLInputElement.dispatchEvent 
(node_modules/jsdom/lib/jsdom/living/generated/EventTarget.js:241:34)
      at 
node_modules/@testing-library/user-event/dist/cjs/event/dispatchEvent.js:45:43
      at Object.eventWrapper 
(node_modules/@testing-library/dom/dist/config.js:25:23)
      at Object.wrapEvent 
(node_modules/@testing-library/user-event/dist/cjs/event/wrapEvent.js:6:28)
      at Object.dispatchEvent (node_modules/@testing-library/user-event/dist/cj
s/event/dispatchEvent.js:45:22)
      at Object.dispatchUIEvent (node_modules/@testing-library/user-event/dist/
cjs/event/dispatchEvent.js:22:26)
      at commitInput 
(node_modules/@testing-library/user-event/dist/cjs/event/input.js:145:14)
      at editInputElement 
(node_modules/@testing-library/user-event/dist/cjs/event/input.js:115:9)
      at Object.input 
(node_modules/@testing-library/user-event/dist/cjs/event/input.js:37:9)
      at node_modules/@testing-library/user-event/dist/cjs/event/behavior/keypr
ess.js:31:26
      at Object.dispatchEvent (node_modules/@testing-library/user-event/dist/cj
s/event/dispatchEvent.js:41:13)
      at Object.dispatchUIEvent (node_modules/@testing-library/user-event/dist/
cjs/event/dispatchEvent.js:22:26)
      at KeyboardHost.keydown 
(node_modules/@testing-library/user-event/dist/cjs/system/keyboard.js:76:22)
      at keyboardAction 
(node_modules/@testing-library/user-event/dist/cjs/keyboard/index.js:22:35)
      at Object.keyboard 
(node_modules/@testing-library/user-event/dist/cjs/keyboard/index.js:11:15)
      at Object.type 
(node_modules/@testing-library/user-event/dist/cjs/utility/type.js:17:5)
      at Object.<anonymous> (src/profile/__tests__/profile.test.tsx:192:5)

    console.error
      Warning: An update to ProfilePage inside a test was not wrapped in 
act(...).
      
      When testing, code that causes React state updates should be wrapped 
into act(...):
      
      act(() => {
        /* fire events that update state */
      });
      /* assert on the output */
      
      This ensures that you're testing the behavior the user would see in the 
browser. Learn more at https://reactjs.org/link/wrap-tests-with-act
          at ProfilePage (C:\Users\samhe\OneDrive\Desktop\Cleaned\frontend\src\
profile\ProfilePage.tsx:17:41)
          at basenameProp (C:\Users\samhe\OneDrive\Desktop\Cleaned\frontend\nod
e_modules\react-router\lib\components.tsx:421:13)
          at basename (C:\Users\samhe\OneDrive\Desktop\Cleaned\frontend\node_mo
dules\react-router\lib\components.tsx:225:3)

      172 |               className="border border-gray-300 rounded-md px-3 
py-2 text-sm"
      173 |               value={newPassword}
    > 174 |               onChange={e => setNewPassword(e.target.value)}
          |                              ^
      175 |             />
      176 |             <p className="text-xs text-gray-500">
      177 |               Minimum 8 characters, at least 1 uppercase letter 
and 1 number.

      at printWarning 
(node_modules/react-dom/cjs/react-dom.development.js:86:30)
      at error (node_modules/react-dom/cjs/react-dom.development.js:60:7)
      at warnIfUpdatesNotWrappedWithActDEV 
(node_modules/react-dom/cjs/react-dom.development.js:27628:9)
      at scheduleUpdateOnFiber 
(node_modules/react-dom/cjs/react-dom.development.js:25547:5)
      at dispatchSetState 
(node_modules/react-dom/cjs/react-dom.development.js:16708:7)
      at onChange (src/profile/ProfilePage.tsx:174:30)
      at HTMLUnknownElement.callCallback 
(node_modules/react-dom/cjs/react-dom.development.js:4164:14)
      at HTMLUnknownElement.callTheUserObjectsOperation 
(node_modules/jsdom/lib/jsdom/living/generated/EventListener.js:26:30)
      at innerInvokeEventListeners 
(node_modules/jsdom/lib/jsdom/living/events/EventTarget-impl.js:350:25)
      at invokeEventListeners 
(node_modules/jsdom/lib/jsdom/living/events/EventTarget-impl.js:286:3)
      at HTMLUnknownElementImpl._dispatch 
(node_modules/jsdom/lib/jsdom/living/events/EventTarget-impl.js:233:9)
      at HTMLUnknownElementImpl.dispatchEvent 
(node_modules/jsdom/lib/jsdom/living/events/EventTarget-impl.js:104:17)
      at HTMLUnknownElement.dispatchEvent 
(node_modules/jsdom/lib/jsdom/living/generated/EventTarget.js:241:34)
      at Object.invokeGuardedCallbackDev 
(node_modules/react-dom/cjs/react-dom.development.js:4213:16)
      at invokeGuardedCallback 
(node_modules/react-dom/cjs/react-dom.development.js:4277:31)
      at invokeGuardedCallbackAndCatchFirstError 
(node_modules/react-dom/cjs/react-dom.development.js:4291:25)
      at executeDispatch 
(node_modules/react-dom/cjs/react-dom.development.js:9041:3)
      at processDispatchQueueItemsInOrder 
(node_modules/react-dom/cjs/react-dom.development.js:9073:7)
      at processDispatchQueue 
(node_modules/react-dom/cjs/react-dom.development.js:9086:5)
      at dispatchEventsForPlugins 
(node_modules/react-dom/cjs/react-dom.development.js:9097:3)
      at node_modules/react-dom/cjs/react-dom.development.js:9288:12
      at batchedUpdates$1 
(node_modules/react-dom/cjs/react-dom.development.js:26179:12)
      at batchedUpdates 
(node_modules/react-dom/cjs/react-dom.development.js:3991:12)
      at dispatchEventForPluginEventSystem 
(node_modules/react-dom/cjs/react-dom.development.js:9287:3)
      at dispatchEventWithEnableCapturePhaseSelectiveHydrationWithoutDiscreteEv
entReplay (node_modules/react-dom/cjs/react-dom.development.js:6465:5)
      at dispatchEvent 
(node_modules/react-dom/cjs/react-dom.development.js:6457:5)
      at dispatchDiscreteEvent 
(node_modules/react-dom/cjs/react-dom.development.js:6430:5)
      at HTMLDivElement.callTheUserObjectsOperation 
(node_modules/jsdom/lib/jsdom/living/generated/EventListener.js:26:30)
      at innerInvokeEventListeners 
(node_modules/jsdom/lib/jsdom/living/events/EventTarget-impl.js:350:25)
      at invokeEventListeners 
(node_modules/jsdom/lib/jsdom/living/events/EventTarget-impl.js:286:3)
      at HTMLInputElementImpl._dispatch 
(node_modules/jsdom/lib/jsdom/living/events/EventTarget-impl.js:233:9)
      at HTMLInputElementImpl.dispatchEvent 
(node_modules/jsdom/lib/jsdom/living/events/EventTarget-impl.js:104:17)
      at HTMLInputElement.dispatchEvent 
(node_modules/jsdom/lib/jsdom/living/generated/EventTarget.js:241:34)
      at 
node_modules/@testing-library/user-event/dist/cjs/event/dispatchEvent.js:45:43
      at Object.eventWrapper 
(node_modules/@testing-library/dom/dist/config.js:25:23)
      at Object.wrapEvent 
(node_modules/@testing-library/user-event/dist/cjs/event/wrapEvent.js:6:28)
      at Object.dispatchEvent (node_modules/@testing-library/user-event/dist/cj
s/event/dispatchEvent.js:45:22)
      at Object.dispatchUIEvent (node_modules/@testing-library/user-event/dist/
cjs/event/dispatchEvent.js:22:26)
      at commitInput 
(node_modules/@testing-library/user-event/dist/cjs/event/input.js:145:14)
      at editInputElement 
(node_modules/@testing-library/user-event/dist/cjs/event/input.js:115:9)
      at Object.input 
(node_modules/@testing-library/user-event/dist/cjs/event/input.js:37:9)
      at node_modules/@testing-library/user-event/dist/cjs/event/behavior/keypr
ess.js:31:26
      at Object.dispatchEvent (node_modules/@testing-library/user-event/dist/cj
s/event/dispatchEvent.js:41:13)
      at Object.dispatchUIEvent (node_modules/@testing-library/user-event/dist/
cjs/event/dispatchEvent.js:22:26)
      at KeyboardHost.keydown 
(node_modules/@testing-library/user-event/dist/cjs/system/keyboard.js:76:22)
      at keyboardAction 
(node_modules/@testing-library/user-event/dist/cjs/keyboard/index.js:22:35)
      at Object.keyboard 
(node_modules/@testing-library/user-event/dist/cjs/keyboard/index.js:11:15)
      at Object.type 
(node_modules/@testing-library/user-event/dist/cjs/utility/type.js:17:5)
      at Object.<anonymous> (src/profile/__tests__/profile.test.tsx:193:5)

    console.error
      Warning: An update to ProfilePage inside a test was not wrapped in 
act(...).
      
      When testing, code that causes React state updates should be wrapped 
into act(...):
      
      act(() => {
        /* fire events that update state */
      });
      /* assert on the output */
      
      This ensures that you're testing the behavior the user would see in the 
browser. Learn more at https://reactjs.org/link/wrap-tests-with-act
          at ProfilePage (C:\Users\samhe\OneDrive\Desktop\Cleaned\frontend\src\
profile\ProfilePage.tsx:17:41)
          at basenameProp (C:\Users\samhe\OneDrive\Desktop\Cleaned\frontend\nod
e_modules\react-router\lib\components.tsx:421:13)
          at basename (C:\Users\samhe\OneDrive\Desktop\Cleaned\frontend\node_mo
dules\react-router\lib\components.tsx:225:3)

      172 |               className="border border-gray-300 rounded-md px-3 
py-2 text-sm"
      173 |               value={newPassword}
    > 174 |               onChange={e => setNewPassword(e.target.value)}
          |                              ^
      175 |             />
      176 |             <p className="text-xs text-gray-500">
      177 |               Minimum 8 characters, at least 1 uppercase letter 
and 1 number.

      at printWarning 
(node_modules/react-dom/cjs/react-dom.development.js:86:30)
      at error (node_modules/react-dom/cjs/react-dom.development.js:60:7)
      at warnIfUpdatesNotWrappedWithActDEV 
(node_modules/react-dom/cjs/react-dom.development.js:27628:9)
      at scheduleUpdateOnFiber 
(node_modules/react-dom/cjs/react-dom.development.js:25547:5)
      at dispatchSetState 
(node_modules/react-dom/cjs/react-dom.development.js:16708:7)
      at onChange (src/profile/ProfilePage.tsx:174:30)
      at HTMLUnknownElement.callCallback 
(node_modules/react-dom/cjs/react-dom.development.js:4164:14)
      at HTMLUnknownElement.callTheUserObjectsOperation 
(node_modules/jsdom/lib/jsdom/living/generated/EventListener.js:26:30)
      at innerInvokeEventListeners 
(node_modules/jsdom/lib/jsdom/living/events/EventTarget-impl.js:350:25)
      at invokeEventListeners 
(node_modules/jsdom/lib/jsdom/living/events/EventTarget-impl.js:286:3)
      at HTMLUnknownElementImpl._dispatch 
(node_modules/jsdom/lib/jsdom/living/events/EventTarget-impl.js:233:9)
      at HTMLUnknownElementImpl.dispatchEvent 
(node_modules/jsdom/lib/jsdom/living/events/EventTarget-impl.js:104:17)
      at HTMLUnknownElement.dispatchEvent 
(node_modules/jsdom/lib/jsdom/living/generated/EventTarget.js:241:34)
      at Object.invokeGuardedCallbackDev 
(node_modules/react-dom/cjs/react-dom.development.js:4213:16)
      at invokeGuardedCallback 
(node_modules/react-dom/cjs/react-dom.development.js:4277:31)
      at invokeGuardedCallbackAndCatchFirstError 
(node_modules/react-dom/cjs/react-dom.development.js:4291:25)
      at executeDispatch 
(node_modules/react-dom/cjs/react-dom.development.js:9041:3)
      at processDispatchQueueItemsInOrder 
(node_modules/react-dom/cjs/react-dom.development.js:9073:7)
      at processDispatchQueue 
(node_modules/react-dom/cjs/react-dom.development.js:9086:5)
      at dispatchEventsForPlugins 
(node_modules/react-dom/cjs/react-dom.development.js:9097:3)
      at node_modules/react-dom/cjs/react-dom.development.js:9288:12
      at batchedUpdates$1 
(node_modules/react-dom/cjs/react-dom.development.js:26179:12)
      at batchedUpdates 
(node_modules/react-dom/cjs/react-dom.development.js:3991:12)
      at dispatchEventForPluginEventSystem 
(node_modules/react-dom/cjs/react-dom.development.js:9287:3)
      at dispatchEventWithEnableCapturePhaseSelectiveHydrationWithoutDiscreteEv
entReplay (node_modules/react-dom/cjs/react-dom.development.js:6465:5)
      at dispatchEvent 
(node_modules/react-dom/cjs/react-dom.development.js:6457:5)
      at dispatchDiscreteEvent 
(node_modules/react-dom/cjs/react-dom.development.js:6430:5)
      at HTMLDivElement.callTheUserObjectsOperation 
(node_modules/jsdom/lib/jsdom/living/generated/EventListener.js:26:30)
      at innerInvokeEventListeners 
(node_modules/jsdom/lib/jsdom/living/events/EventTarget-impl.js:350:25)
      at invokeEventListeners 
(node_modules/jsdom/lib/jsdom/living/events/EventTarget-impl.js:286:3)
      at HTMLInputElementImpl._dispatch 
(node_modules/jsdom/lib/jsdom/living/events/EventTarget-impl.js:233:9)
      at HTMLInputElementImpl.dispatchEvent 
(node_modules/jsdom/lib/jsdom/living/events/EventTarget-impl.js:104:17)
      at HTMLInputElement.dispatchEvent 
(node_modules/jsdom/lib/jsdom/living/generated/EventTarget.js:241:34)
      at 
node_modules/@testing-library/user-event/dist/cjs/event/dispatchEvent.js:45:43
      at Object.eventWrapper 
(node_modules/@testing-library/dom/dist/config.js:25:23)
      at Object.wrapEvent 
(node_modules/@testing-library/user-event/dist/cjs/event/wrapEvent.js:6:28)
      at Object.dispatchEvent (node_modules/@testing-library/user-event/dist/cj
s/event/dispatchEvent.js:45:22)
      at Object.dispatchUIEvent (node_modules/@testing-library/user-event/dist/
cjs/event/dispatchEvent.js:22:26)
      at commitInput 
(node_modules/@testing-library/user-event/dist/cjs/event/input.js:145:14)
      at editInputElement 
(node_modules/@testing-library/user-event/dist/cjs/event/input.js:115:9)
      at Object.input 
(node_modules/@testing-library/user-event/dist/cjs/event/input.js:37:9)
      at node_modules/@testing-library/user-event/dist/cjs/event/behavior/keypr
ess.js:31:26
      at Object.dispatchEvent (node_modules/@testing-library/user-event/dist/cj
s/event/dispatchEvent.js:41:13)
      at Object.dispatchUIEvent (node_modules/@testing-library/user-event/dist/
cjs/event/dispatchEvent.js:22:26)
      at KeyboardHost.keydown 
(node_modules/@testing-library/user-event/dist/cjs/system/keyboard.js:76:22)
      at keyboardAction 
(node_modules/@testing-library/user-event/dist/cjs/keyboard/index.js:22:35)
      at Object.keyboard 
(node_modules/@testing-library/user-event/dist/cjs/keyboard/index.js:11:15)
      at Object.type 
(node_modules/@testing-library/user-event/dist/cjs/utility/type.js:17:5)
      at Object.<anonymous> (src/profile/__tests__/profile.test.tsx:193:5)

    console.error
      Warning: An update to ProfilePage inside a test was not wrapped in 
act(...).
      
      When testing, code that causes React state updates should be wrapped 
into act(...):
      
      act(() => {
        /* fire events that update state */
      });
      /* assert on the output */
      
      This ensures that you're testing the behavior the user would see in the 
browser. Learn more at https://reactjs.org/link/wrap-tests-with-act
          at ProfilePage (C:\Users\samhe\OneDrive\Desktop\Cleaned\frontend\src\
profile\ProfilePage.tsx:17:41)
          at basenameProp (C:\Users\samhe\OneDrive\Desktop\Cleaned\frontend\nod
e_modules\react-router\lib\components.tsx:421:13)
          at basename (C:\Users\samhe\OneDrive\Desktop\Cleaned\frontend\node_mo
dules\react-router\lib\components.tsx:225:3)

      172 |               className="border border-gray-300 rounded-md px-3 
py-2 text-sm"
      173 |               value={newPassword}
    > 174 |               onChange={e => setNewPassword(e.target.value)}
          |                              ^
      175 |             />
      176 |             <p className="text-xs text-gray-500">
      177 |               Minimum 8 characters, at least 1 uppercase letter 
and 1 number.

      at printWarning 
(node_modules/react-dom/cjs/react-dom.development.js:86:30)
      at error (node_modules/react-dom/cjs/react-dom.development.js:60:7)
      at warnIfUpdatesNotWrappedWithActDEV 
(node_modules/react-dom/cjs/react-dom.development.js:27628:9)
      at scheduleUpdateOnFiber 
(node_modules/react-dom/cjs/react-dom.development.js:25547:5)
      at dispatchSetState 
(node_modules/react-dom/cjs/react-dom.development.js:16708:7)
      at onChange (src/profile/ProfilePage.tsx:174:30)
      at HTMLUnknownElement.callCallback 
(node_modules/react-dom/cjs/react-dom.development.js:4164:14)
      at HTMLUnknownElement.callTheUserObjectsOperation 
(node_modules/jsdom/lib/jsdom/living/generated/EventListener.js:26:30)
      at innerInvokeEventListeners 
(node_modules/jsdom/lib/jsdom/living/events/EventTarget-impl.js:350:25)
      at invokeEventListeners 
(node_modules/jsdom/lib/jsdom/living/events/EventTarget-impl.js:286:3)
      at HTMLUnknownElementImpl._dispatch 
(node_modules/jsdom/lib/jsdom/living/events/EventTarget-impl.js:233:9)
      at HTMLUnknownElementImpl.dispatchEvent 
(node_modules/jsdom/lib/jsdom/living/events/EventTarget-impl.js:104:17)
      at HTMLUnknownElement.dispatchEvent 
(node_modules/jsdom/lib/jsdom/living/generated/EventTarget.js:241:34)
      at Object.invokeGuardedCallbackDev 
(node_modules/react-dom/cjs/react-dom.development.js:4213:16)
      at invokeGuardedCallback 
(node_modules/react-dom/cjs/react-dom.development.js:4277:31)
      at invokeGuardedCallbackAndCatchFirstError 
(node_modules/react-dom/cjs/react-dom.development.js:4291:25)
      at executeDispatch 
(node_modules/react-dom/cjs/react-dom.development.js:9041:3)
      at processDispatchQueueItemsInOrder 
(node_modules/react-dom/cjs/react-dom.development.js:9073:7)
      at processDispatchQueue 
(node_modules/react-dom/cjs/react-dom.development.js:9086:5)
      at dispatchEventsForPlugins 
(node_modules/react-dom/cjs/react-dom.development.js:9097:3)
      at node_modules/react-dom/cjs/react-dom.development.js:9288:12
      at batchedUpdates$1 
(node_modules/react-dom/cjs/react-dom.development.js:26179:12)
      at batchedUpdates 
(node_modules/react-dom/cjs/react-dom.development.js:3991:12)
      at dispatchEventForPluginEventSystem 
(node_modules/react-dom/cjs/react-dom.development.js:9287:3)
      at dispatchEventWithEnableCapturePhaseSelectiveHydrationWithoutDiscreteEv
entReplay (node_modules/react-dom/cjs/react-dom.development.js:6465:5)
      at dispatchEvent 
(node_modules/react-dom/cjs/react-dom.development.js:6457:5)
      at dispatchDiscreteEvent 
(node_modules/react-dom/cjs/react-dom.development.js:6430:5)
      at HTMLDivElement.callTheUserObjectsOperation 
(node_modules/jsdom/lib/jsdom/living/generated/EventListener.js:26:30)
      at innerInvokeEventListeners 
(node_modules/jsdom/lib/jsdom/living/events/EventTarget-impl.js:350:25)
      at invokeEventListeners 
(node_modules/jsdom/lib/jsdom/living/events/EventTarget-impl.js:286:3)
      at HTMLInputElementImpl._dispatch 
(node_modules/jsdom/lib/jsdom/living/events/EventTarget-impl.js:233:9)
      at HTMLInputElementImpl.dispatchEvent 
(node_modules/jsdom/lib/jsdom/living/events/EventTarget-impl.js:104:17)
      at HTMLInputElement.dispatchEvent 
(node_modules/jsdom/lib/jsdom/living/generated/EventTarget.js:241:34)
      at 
node_modules/@testing-library/user-event/dist/cjs/event/dispatchEvent.js:45:43
      at Object.eventWrapper 
(node_modules/@testing-library/dom/dist/config.js:25:23)
      at Object.wrapEvent 
(node_modules/@testing-library/user-event/dist/cjs/event/wrapEvent.js:6:28)
      at Object.dispatchEvent (node_modules/@testing-library/user-event/dist/cj
s/event/dispatchEvent.js:45:22)
      at Object.dispatchUIEvent (node_modules/@testing-library/user-event/dist/
cjs/event/dispatchEvent.js:22:26)
      at commitInput 
(node_modules/@testing-library/user-event/dist/cjs/event/input.js:145:14)
      at editInputElement 
(node_modules/@testing-library/user-event/dist/cjs/event/input.js:115:9)
      at Object.input 
(node_modules/@testing-library/user-event/dist/cjs/event/input.js:37:9)
      at node_modules/@testing-library/user-event/dist/cjs/event/behavior/keypr
ess.js:31:26
      at Object.dispatchEvent (node_modules/@testing-library/user-event/dist/cj
s/event/dispatchEvent.js:41:13)
      at Object.dispatchUIEvent (node_modules/@testing-library/user-event/dist/
cjs/event/dispatchEvent.js:22:26)
      at KeyboardHost.keydown 
(node_modules/@testing-library/user-event/dist/cjs/system/keyboard.js:76:22)
      at keyboardAction 
(node_modules/@testing-library/user-event/dist/cjs/keyboard/index.js:22:35)
      at Object.keyboard 
(node_modules/@testing-library/user-event/dist/cjs/keyboard/index.js:11:15)
      at Object.type 
(node_modules/@testing-library/user-event/dist/cjs/utility/type.js:17:5)
      at Object.<anonymous> (src/profile/__tests__/profile.test.tsx:193:5)

    console.error
      Warning: An update to ProfilePage inside a test was not wrapped in 
act(...).
      
      When testing, code that causes React state updates should be wrapped 
into act(...):
      
      act(() => {
        /* fire events that update state */
      });
      /* assert on the output */
      
      This ensures that you're testing the behavior the user would see in the 
browser. Learn more at https://reactjs.org/link/wrap-tests-with-act
          at ProfilePage (C:\Users\samhe\OneDrive\Desktop\Cleaned\frontend\src\
profile\ProfilePage.tsx:17:41)
          at basenameProp (C:\Users\samhe\OneDrive\Desktop\Cleaned\frontend\nod
e_modules\react-router\lib\components.tsx:421:13)
          at basename (C:\Users\samhe\OneDrive\Desktop\Cleaned\frontend\node_mo
dules\react-router\lib\components.tsx:225:3)

      172 |               className="border border-gray-300 rounded-md px-3 
py-2 text-sm"
      173 |               value={newPassword}
    > 174 |               onChange={e => setNewPassword(e.target.value)}
          |                              ^
      175 |             />
      176 |             <p className="text-xs text-gray-500">
      177 |               Minimum 8 characters, at least 1 uppercase letter 
and 1 number.

      at printWarning 
(node_modules/react-dom/cjs/react-dom.development.js:86:30)
      at error (node_modules/react-dom/cjs/react-dom.development.js:60:7)
      at warnIfUpdatesNotWrappedWithActDEV 
(node_modules/react-dom/cjs/react-dom.development.js:27628:9)
      at scheduleUpdateOnFiber 
(node_modules/react-dom/cjs/react-dom.development.js:25547:5)
      at dispatchSetState 
(node_modules/react-dom/cjs/react-dom.development.js:16708:7)
      at onChange (src/profile/ProfilePage.tsx:174:30)
      at HTMLUnknownElement.callCallback 
(node_modules/react-dom/cjs/react-dom.development.js:4164:14)
      at HTMLUnknownElement.callTheUserObjectsOperation 
(node_modules/jsdom/lib/jsdom/living/generated/EventListener.js:26:30)
      at innerInvokeEventListeners 
(node_modules/jsdom/lib/jsdom/living/events/EventTarget-impl.js:350:25)
      at invokeEventListeners 
(node_modules/jsdom/lib/jsdom/living/events/EventTarget-impl.js:286:3)
      at HTMLUnknownElementImpl._dispatch 
(node_modules/jsdom/lib/jsdom/living/events/EventTarget-impl.js:233:9)
      at HTMLUnknownElementImpl.dispatchEvent 
(node_modules/jsdom/lib/jsdom/living/events/EventTarget-impl.js:104:17)
      at HTMLUnknownElement.dispatchEvent 
(node_modules/jsdom/lib/jsdom/living/generated/EventTarget.js:241:34)
      at Object.invokeGuardedCallbackDev 
(node_modules/react-dom/cjs/react-dom.development.js:4213:16)
      at invokeGuardedCallback 
(node_modules/react-dom/cjs/react-dom.development.js:4277:31)
      at invokeGuardedCallbackAndCatchFirstError 
(node_modules/react-dom/cjs/react-dom.development.js:4291:25)
      at executeDispatch 
(node_modules/react-dom/cjs/react-dom.development.js:9041:3)
      at processDispatchQueueItemsInOrder 
(node_modules/react-dom/cjs/react-dom.development.js:9073:7)
      at processDispatchQueue 
(node_modules/react-dom/cjs/react-dom.development.js:9086:5)
      at dispatchEventsForPlugins 
(node_modules/react-dom/cjs/react-dom.development.js:9097:3)
      at node_modules/react-dom/cjs/react-dom.development.js:9288:12
      at batchedUpdates$1 
(node_modules/react-dom/cjs/react-dom.development.js:26179:12)
      at batchedUpdates 
(node_modules/react-dom/cjs/react-dom.development.js:3991:12)
      at dispatchEventForPluginEventSystem 
(node_modules/react-dom/cjs/react-dom.development.js:9287:3)
      at dispatchEventWithEnableCapturePhaseSelectiveHydrationWithoutDiscreteEv
entReplay (node_modules/react-dom/cjs/react-dom.development.js:6465:5)
      at dispatchEvent 
(node_modules/react-dom/cjs/react-dom.development.js:6457:5)
      at dispatchDiscreteEvent 
(node_modules/react-dom/cjs/react-dom.development.js:6430:5)
      at HTMLDivElement.callTheUserObjectsOperation 
(node_modules/jsdom/lib/jsdom/living/generated/EventListener.js:26:30)
      at innerInvokeEventListeners 
(node_modules/jsdom/lib/jsdom/living/events/EventTarget-impl.js:350:25)
      at invokeEventListeners 
(node_modules/jsdom/lib/jsdom/living/events/EventTarget-impl.js:286:3)
      at HTMLInputElementImpl._dispatch 
(node_modules/jsdom/lib/jsdom/living/events/EventTarget-impl.js:233:9)
      at HTMLInputElementImpl.dispatchEvent 
(node_modules/jsdom/lib/jsdom/living/events/EventTarget-impl.js:104:17)
      at HTMLInputElement.dispatchEvent 
(node_modules/jsdom/lib/jsdom/living/generated/EventTarget.js:241:34)
      at 
node_modules/@testing-library/user-event/dist/cjs/event/dispatchEvent.js:45:43
      at Object.eventWrapper 
(node_modules/@testing-library/dom/dist/config.js:25:23)
      at Object.wrapEvent 
(node_modules/@testing-library/user-event/dist/cjs/event/wrapEvent.js:6:28)
      at Object.dispatchEvent (node_modules/@testing-library/user-event/dist/cj
s/event/dispatchEvent.js:45:22)
      at Object.dispatchUIEvent (node_modules/@testing-library/user-event/dist/
cjs/event/dispatchEvent.js:22:26)
      at commitInput 
(node_modules/@testing-library/user-event/dist/cjs/event/input.js:145:14)
      at editInputElement 
(node_modules/@testing-library/user-event/dist/cjs/event/input.js:115:9)
      at Object.input 
(node_modules/@testing-library/user-event/dist/cjs/event/input.js:37:9)
      at node_modules/@testing-library/user-event/dist/cjs/event/behavior/keypr
ess.js:31:26
      at Object.dispatchEvent (node_modules/@testing-library/user-event/dist/cj
s/event/dispatchEvent.js:41:13)
      at Object.dispatchUIEvent (node_modules/@testing-library/user-event/dist/
cjs/event/dispatchEvent.js:22:26)
      at KeyboardHost.keydown 
(node_modules/@testing-library/user-event/dist/cjs/system/keyboard.js:76:22)
      at keyboardAction 
(node_modules/@testing-library/user-event/dist/cjs/keyboard/index.js:22:35)
      at Object.keyboard 
(node_modules/@testing-library/user-event/dist/cjs/keyboard/index.js:11:15)
      at Object.type 
(node_modules/@testing-library/user-event/dist/cjs/utility/type.js:17:5)
      at Object.<anonymous> (src/profile/__tests__/profile.test.tsx:193:5)

    console.error
      Warning: An update to ProfilePage inside a test was not wrapped in 
act(...).
      
      When testing, code that causes React state updates should be wrapped 
into act(...):
      
      act(() => {
        /* fire events that update state */
      });
      /* assert on the output */
      
      This ensures that you're testing the behavior the user would see in the 
browser. Learn more at https://reactjs.org/link/wrap-tests-with-act
          at ProfilePage (C:\Users\samhe\OneDrive\Desktop\Cleaned\frontend\src\
profile\ProfilePage.tsx:17:41)
          at basenameProp (C:\Users\samhe\OneDrive\Desktop\Cleaned\frontend\nod
e_modules\react-router\lib\components.tsx:421:13)
          at basename (C:\Users\samhe\OneDrive\Desktop\Cleaned\frontend\node_mo
dules\react-router\lib\components.tsx:225:3)

      172 |               className="border border-gray-300 rounded-md px-3 
py-2 text-sm"
      173 |               value={newPassword}
    > 174 |               onChange={e => setNewPassword(e.target.value)}
          |                              ^
      175 |             />
      176 |             <p className="text-xs text-gray-500">
      177 |               Minimum 8 characters, at least 1 uppercase letter 
and 1 number.

      at printWarning 
(node_modules/react-dom/cjs/react-dom.development.js:86:30)
      at error (node_modules/react-dom/cjs/react-dom.development.js:60:7)
      at warnIfUpdatesNotWrappedWithActDEV 
(node_modules/react-dom/cjs/react-dom.development.js:27628:9)
      at scheduleUpdateOnFiber 
(node_modules/react-dom/cjs/react-dom.development.js:25547:5)
      at dispatchSetState 
(node_modules/react-dom/cjs/react-dom.development.js:16708:7)
      at onChange (src/profile/ProfilePage.tsx:174:30)
      at HTMLUnknownElement.callCallback 
(node_modules/react-dom/cjs/react-dom.development.js:4164:14)
      at HTMLUnknownElement.callTheUserObjectsOperation 
(node_modules/jsdom/lib/jsdom/living/generated/EventListener.js:26:30)
      at innerInvokeEventListeners 
(node_modules/jsdom/lib/jsdom/living/events/EventTarget-impl.js:350:25)
      at invokeEventListeners 
(node_modules/jsdom/lib/jsdom/living/events/EventTarget-impl.js:286:3)
      at HTMLUnknownElementImpl._dispatch 
(node_modules/jsdom/lib/jsdom/living/events/EventTarget-impl.js:233:9)
      at HTMLUnknownElementImpl.dispatchEvent 
(node_modules/jsdom/lib/jsdom/living/events/EventTarget-impl.js:104:17)
      at HTMLUnknownElement.dispatchEvent 
(node_modules/jsdom/lib/jsdom/living/generated/EventTarget.js:241:34)
      at Object.invokeGuardedCallbackDev 
(node_modules/react-dom/cjs/react-dom.development.js:4213:16)
      at invokeGuardedCallback 
(node_modules/react-dom/cjs/react-dom.development.js:4277:31)
      at invokeGuardedCallbackAndCatchFirstError 
(node_modules/react-dom/cjs/react-dom.development.js:4291:25)
      at executeDispatch 
(node_modules/react-dom/cjs/react-dom.development.js:9041:3)
      at processDispatchQueueItemsInOrder 
(node_modules/react-dom/cjs/react-dom.development.js:9073:7)
      at processDispatchQueue 
(node_modules/react-dom/cjs/react-dom.development.js:9086:5)
      at dispatchEventsForPlugins 
(node_modules/react-dom/cjs/react-dom.development.js:9097:3)
      at node_modules/react-dom/cjs/react-dom.development.js:9288:12
      at batchedUpdates$1 
(node_modules/react-dom/cjs/react-dom.development.js:26179:12)
      at batchedUpdates 
(node_modules/react-dom/cjs/react-dom.development.js:3991:12)
      at dispatchEventForPluginEventSystem 
(node_modules/react-dom/cjs/react-dom.development.js:9287:3)
      at dispatchEventWithEnableCapturePhaseSelectiveHydrationWithoutDiscreteEv
entReplay (node_modules/react-dom/cjs/react-dom.development.js:6465:5)
      at dispatchEvent 
(node_modules/react-dom/cjs/react-dom.development.js:6457:5)
      at dispatchDiscreteEvent 
(node_modules/react-dom/cjs/react-dom.development.js:6430:5)
      at HTMLDivElement.callTheUserObjectsOperation 
(node_modules/jsdom/lib/jsdom/living/generated/EventListener.js:26:30)
      at innerInvokeEventListeners 
(node_modules/jsdom/lib/jsdom/living/events/EventTarget-impl.js:350:25)
      at invokeEventListeners 
(node_modules/jsdom/lib/jsdom/living/events/EventTarget-impl.js:286:3)
      at HTMLInputElementImpl._dispatch 
(node_modules/jsdom/lib/jsdom/living/events/EventTarget-impl.js:233:9)
      at HTMLInputElementImpl.dispatchEvent 
(node_modules/jsdom/lib/jsdom/living/events/EventTarget-impl.js:104:17)
      at HTMLInputElement.dispatchEvent 
(node_modules/jsdom/lib/jsdom/living/generated/EventTarget.js:241:34)
      at 
node_modules/@testing-library/user-event/dist/cjs/event/dispatchEvent.js:45:43
      at Object.eventWrapper 
(node_modules/@testing-library/dom/dist/config.js:25:23)
      at Object.wrapEvent 
(node_modules/@testing-library/user-event/dist/cjs/event/wrapEvent.js:6:28)
      at Object.dispatchEvent (node_modules/@testing-library/user-event/dist/cj
s/event/dispatchEvent.js:45:22)
      at Object.dispatchUIEvent (node_modules/@testing-library/user-event/dist/
cjs/event/dispatchEvent.js:22:26)
      at commitInput 
(node_modules/@testing-library/user-event/dist/cjs/event/input.js:145:14)
      at editInputElement 
(node_modules/@testing-library/user-event/dist/cjs/event/input.js:115:9)
      at Object.input 
(node_modules/@testing-library/user-event/dist/cjs/event/input.js:37:9)
      at node_modules/@testing-library/user-event/dist/cjs/event/behavior/keypr
ess.js:31:26
      at Object.dispatchEvent (node_modules/@testing-library/user-event/dist/cj
s/event/dispatchEvent.js:41:13)
      at Object.dispatchUIEvent (node_modules/@testing-library/user-event/dist/
cjs/event/dispatchEvent.js:22:26)
      at KeyboardHost.keydown 
(node_modules/@testing-library/user-event/dist/cjs/system/keyboard.js:76:22)
      at keyboardAction 
(node_modules/@testing-library/user-event/dist/cjs/keyboard/index.js:22:35)
      at Object.keyboard 
(node_modules/@testing-library/user-event/dist/cjs/keyboard/index.js:11:15)
      at Object.type 
(node_modules/@testing-library/user-event/dist/cjs/utility/type.js:17:5)
      at Object.<anonymous> (src/profile/__tests__/profile.test.tsx:193:5)

    console.error
      Warning: An update to ProfilePage inside a test was not wrapped in 
act(...).
      
      When testing, code that causes React state updates should be wrapped 
into act(...):
      
      act(() => {
        /* fire events that update state */
      });
      /* assert on the output */
      
      This ensures that you're testing the behavior the user would see in the 
browser. Learn more at https://reactjs.org/link/wrap-tests-with-act
          at ProfilePage (C:\Users\samhe\OneDrive\Desktop\Cleaned\frontend\src\
profile\ProfilePage.tsx:17:41)
          at basenameProp (C:\Users\samhe\OneDrive\Desktop\Cleaned\frontend\nod
e_modules\react-router\lib\components.tsx:421:13)
          at basename (C:\Users\samhe\OneDrive\Desktop\Cleaned\frontend\node_mo
dules\react-router\lib\components.tsx:225:3)

      172 |               className="border border-gray-300 rounded-md px-3 
py-2 text-sm"
      173 |               value={newPassword}
    > 174 |               onChange={e => setNewPassword(e.target.value)}
          |                              ^
      175 |             />
      176 |             <p className="text-xs text-gray-500">
      177 |               Minimum 8 characters, at least 1 uppercase letter 
and 1 number.

      at printWarning 
(node_modules/react-dom/cjs/react-dom.development.js:86:30)
      at error (node_modules/react-dom/cjs/react-dom.development.js:60:7)
      at warnIfUpdatesNotWrappedWithActDEV 
(node_modules/react-dom/cjs/react-dom.development.js:27628:9)
      at scheduleUpdateOnFiber 
(node_modules/react-dom/cjs/react-dom.development.js:25547:5)
      at dispatchSetState 
(node_modules/react-dom/cjs/react-dom.development.js:16708:7)
      at onChange (src/profile/ProfilePage.tsx:174:30)
      at HTMLUnknownElement.callCallback 
(node_modules/react-dom/cjs/react-dom.development.js:4164:14)
      at HTMLUnknownElement.callTheUserObjectsOperation 
(node_modules/jsdom/lib/jsdom/living/generated/EventListener.js:26:30)
      at innerInvokeEventListeners 
(node_modules/jsdom/lib/jsdom/living/events/EventTarget-impl.js:350:25)
      at invokeEventListeners 
(node_modules/jsdom/lib/jsdom/living/events/EventTarget-impl.js:286:3)
      at HTMLUnknownElementImpl._dispatch 
(node_modules/jsdom/lib/jsdom/living/events/EventTarget-impl.js:233:9)
      at HTMLUnknownElementImpl.dispatchEvent 
(node_modules/jsdom/lib/jsdom/living/events/EventTarget-impl.js:104:17)
      at HTMLUnknownElement.dispatchEvent 
(node_modules/jsdom/lib/jsdom/living/generated/EventTarget.js:241:34)
      at Object.invokeGuardedCallbackDev 
(node_modules/react-dom/cjs/react-dom.development.js:4213:16)
      at invokeGuardedCallback 
(node_modules/react-dom/cjs/react-dom.development.js:4277:31)
      at invokeGuardedCallbackAndCatchFirstError 
(node_modules/react-dom/cjs/react-dom.development.js:4291:25)
      at executeDispatch 
(node_modules/react-dom/cjs/react-dom.development.js:9041:3)
      at processDispatchQueueItemsInOrder 
(node_modules/react-dom/cjs/react-dom.development.js:9073:7)
      at processDispatchQueue 
(node_modules/react-dom/cjs/react-dom.development.js:9086:5)
      at dispatchEventsForPlugins 
(node_modules/react-dom/cjs/react-dom.development.js:9097:3)
      at node_modules/react-dom/cjs/react-dom.development.js:9288:12
      at batchedUpdates$1 
(node_modules/react-dom/cjs/react-dom.development.js:26179:12)
      at batchedUpdates 
(node_modules/react-dom/cjs/react-dom.development.js:3991:12)
      at dispatchEventForPluginEventSystem 
(node_modules/react-dom/cjs/react-dom.development.js:9287:3)
      at dispatchEventWithEnableCapturePhaseSelectiveHydrationWithoutDiscreteEv
entReplay (node_modules/react-dom/cjs/react-dom.development.js:6465:5)
      at dispatchEvent 
(node_modules/react-dom/cjs/react-dom.development.js:6457:5)
      at dispatchDiscreteEvent 
(node_modules/react-dom/cjs/react-dom.development.js:6430:5)
      at HTMLDivElement.callTheUserObjectsOperation 
(node_modules/jsdom/lib/jsdom/living/generated/EventListener.js:26:30)
      at innerInvokeEventListeners 
(node_modules/jsdom/lib/jsdom/living/events/EventTarget-impl.js:350:25)
      at invokeEventListeners 
(node_modules/jsdom/lib/jsdom/living/events/EventTarget-impl.js:286:3)
      at HTMLInputElementImpl._dispatch 
(node_modules/jsdom/lib/jsdom/living/events/EventTarget-impl.js:233:9)
      at HTMLInputElementImpl.dispatchEvent 
(node_modules/jsdom/lib/jsdom/living/events/EventTarget-impl.js:104:17)
      at HTMLInputElement.dispatchEvent 
(node_modules/jsdom/lib/jsdom/living/generated/EventTarget.js:241:34)
      at 
node_modules/@testing-library/user-event/dist/cjs/event/dispatchEvent.js:45:43
      at Object.eventWrapper 
(node_modules/@testing-library/dom/dist/config.js:25:23)
      at Object.wrapEvent 
(node_modules/@testing-library/user-event/dist/cjs/event/wrapEvent.js:6:28)
      at Object.dispatchEvent (node_modules/@testing-library/user-event/dist/cj
s/event/dispatchEvent.js:45:22)
      at Object.dispatchUIEvent (node_modules/@testing-library/user-event/dist/
cjs/event/dispatchEvent.js:22:26)
      at commitInput 
(node_modules/@testing-library/user-event/dist/cjs/event/input.js:145:14)
      at editInputElement 
(node_modules/@testing-library/user-event/dist/cjs/event/input.js:115:9)
      at Object.input 
(node_modules/@testing-library/user-event/dist/cjs/event/input.js:37:9)
      at node_modules/@testing-library/user-event/dist/cjs/event/behavior/keypr
ess.js:31:26
      at Object.dispatchEvent (node_modules/@testing-library/user-event/dist/cj
s/event/dispatchEvent.js:41:13)
      at Object.dispatchUIEvent (node_modules/@testing-library/user-event/dist/
cjs/event/dispatchEvent.js:22:26)
      at KeyboardHost.keydown 
(node_modules/@testing-library/user-event/dist/cjs/system/keyboard.js:76:22)
      at keyboardAction 
(node_modules/@testing-library/user-event/dist/cjs/keyboard/index.js:22:35)
      at Object.keyboard 
(node_modules/@testing-library/user-event/dist/cjs/keyboard/index.js:11:15)
      at Object.type 
(node_modules/@testing-library/user-event/dist/cjs/utility/type.js:17:5)
      at Object.<anonymous> (src/profile/__tests__/profile.test.tsx:193:5)

    console.error
      Warning: An update to ProfilePage inside a test was not wrapped in 
act(...).
      
      When testing, code that causes React state updates should be wrapped 
into act(...):
      
      act(() => {
        /* fire events that update state */
      });
      /* assert on the output */
      
      This ensures that you're testing the behavior the user would see in the 
browser. Learn more at https://reactjs.org/link/wrap-tests-with-act
          at ProfilePage (C:\Users\samhe\OneDrive\Desktop\Cleaned\frontend\src\
profile\ProfilePage.tsx:17:41)
          at basenameProp (C:\Users\samhe\OneDrive\Desktop\Cleaned\frontend\nod
e_modules\react-router\lib\components.tsx:421:13)
          at basename (C:\Users\samhe\OneDrive\Desktop\Cleaned\frontend\node_mo
dules\react-router\lib\components.tsx:225:3)

      172 |               className="border border-gray-300 rounded-md px-3 
py-2 text-sm"
      173 |               value={newPassword}
    > 174 |               onChange={e => setNewPassword(e.target.value)}
          |                              ^
      175 |             />
      176 |             <p className="text-xs text-gray-500">
      177 |               Minimum 8 characters, at least 1 uppercase letter 
and 1 number.

      at printWarning 
(node_modules/react-dom/cjs/react-dom.development.js:86:30)
      at error (node_modules/react-dom/cjs/react-dom.development.js:60:7)
      at warnIfUpdatesNotWrappedWithActDEV 
(node_modules/react-dom/cjs/react-dom.development.js:27628:9)
      at scheduleUpdateOnFiber 
(node_modules/react-dom/cjs/react-dom.development.js:25547:5)
      at dispatchSetState 
(node_modules/react-dom/cjs/react-dom.development.js:16708:7)
      at onChange (src/profile/ProfilePage.tsx:174:30)
      at HTMLUnknownElement.callCallback 
(node_modules/react-dom/cjs/react-dom.development.js:4164:14)
      at HTMLUnknownElement.callTheUserObjectsOperation 
(node_modules/jsdom/lib/jsdom/living/generated/EventListener.js:26:30)
      at innerInvokeEventListeners 
(node_modules/jsdom/lib/jsdom/living/events/EventTarget-impl.js:350:25)
      at invokeEventListeners 
(node_modules/jsdom/lib/jsdom/living/events/EventTarget-impl.js:286:3)
      at HTMLUnknownElementImpl._dispatch 
(node_modules/jsdom/lib/jsdom/living/events/EventTarget-impl.js:233:9)
      at HTMLUnknownElementImpl.dispatchEvent 
(node_modules/jsdom/lib/jsdom/living/events/EventTarget-impl.js:104:17)
      at HTMLUnknownElement.dispatchEvent 
(node_modules/jsdom/lib/jsdom/living/generated/EventTarget.js:241:34)
      at Object.invokeGuardedCallbackDev 
(node_modules/react-dom/cjs/react-dom.development.js:4213:16)
      at invokeGuardedCallback 
(node_modules/react-dom/cjs/react-dom.development.js:4277:31)
      at invokeGuardedCallbackAndCatchFirstError 
(node_modules/react-dom/cjs/react-dom.development.js:4291:25)
      at executeDispatch 
(node_modules/react-dom/cjs/react-dom.development.js:9041:3)
      at processDispatchQueueItemsInOrder 
(node_modules/react-dom/cjs/react-dom.development.js:9073:7)
      at processDispatchQueue 
(node_modules/react-dom/cjs/react-dom.development.js:9086:5)
      at dispatchEventsForPlugins 
(node_modules/react-dom/cjs/react-dom.development.js:9097:3)
      at node_modules/react-dom/cjs/react-dom.development.js:9288:12
      at batchedUpdates$1 
(node_modules/react-dom/cjs/react-dom.development.js:26179:12)
      at batchedUpdates 
(node_modules/react-dom/cjs/react-dom.development.js:3991:12)
      at dispatchEventForPluginEventSystem 
(node_modules/react-dom/cjs/react-dom.development.js:9287:3)
      at dispatchEventWithEnableCapturePhaseSelectiveHydrationWithoutDiscreteEv
entReplay (node_modules/react-dom/cjs/react-dom.development.js:6465:5)
      at dispatchEvent 
(node_modules/react-dom/cjs/react-dom.development.js:6457:5)
      at dispatchDiscreteEvent 
(node_modules/react-dom/cjs/react-dom.development.js:6430:5)
      at HTMLDivElement.callTheUserObjectsOperation 
(node_modules/jsdom/lib/jsdom/living/generated/EventListener.js:26:30)
      at innerInvokeEventListeners 
(node_modules/jsdom/lib/jsdom/living/events/EventTarget-impl.js:350:25)
      at invokeEventListeners 
(node_modules/jsdom/lib/jsdom/living/events/EventTarget-impl.js:286:3)
      at HTMLInputElementImpl._dispatch 
(node_modules/jsdom/lib/jsdom/living/events/EventTarget-impl.js:233:9)
      at HTMLInputElementImpl.dispatchEvent 
(node_modules/jsdom/lib/jsdom/living/events/EventTarget-impl.js:104:17)
      at HTMLInputElement.dispatchEvent 
(node_modules/jsdom/lib/jsdom/living/generated/EventTarget.js:241:34)
      at 
node_modules/@testing-library/user-event/dist/cjs/event/dispatchEvent.js:45:43
      at Object.eventWrapper 
(node_modules/@testing-library/dom/dist/config.js:25:23)
      at Object.wrapEvent 
(node_modules/@testing-library/user-event/dist/cjs/event/wrapEvent.js:6:28)
      at Object.dispatchEvent (node_modules/@testing-library/user-event/dist/cj
s/event/dispatchEvent.js:45:22)
      at Object.dispatchUIEvent (node_modules/@testing-library/user-event/dist/
cjs/event/dispatchEvent.js:22:26)
      at commitInput 
(node_modules/@testing-library/user-event/dist/cjs/event/input.js:145:14)
      at editInputElement 
(node_modules/@testing-library/user-event/dist/cjs/event/input.js:115:9)
      at Object.input 
(node_modules/@testing-library/user-event/dist/cjs/event/input.js:37:9)
      at node_modules/@testing-library/user-event/dist/cjs/event/behavior/keypr
ess.js:31:26
      at Object.dispatchEvent (node_modules/@testing-library/user-event/dist/cj
s/event/dispatchEvent.js:41:13)
      at Object.dispatchUIEvent (node_modules/@testing-library/user-event/dist/
cjs/event/dispatchEvent.js:22:26)
      at KeyboardHost.keydown 
(node_modules/@testing-library/user-event/dist/cjs/system/keyboard.js:76:22)
      at keyboardAction 
(node_modules/@testing-library/user-event/dist/cjs/keyboard/index.js:22:35)
      at Object.keyboard 
(node_modules/@testing-library/user-event/dist/cjs/keyboard/index.js:11:15)
      at Object.type 
(node_modules/@testing-library/user-event/dist/cjs/utility/type.js:17:5)
      at Object.<anonymous> (src/profile/__tests__/profile.test.tsx:193:5)

    console.error
      Warning: An update to ProfilePage inside a test was not wrapped in 
act(...).
      
      When testing, code that causes React state updates should be wrapped 
into act(...):
      
      act(() => {
        /* fire events that update state */
      });
      /* assert on the output */
      
      This ensures that you're testing the behavior the user would see in the 
browser. Learn more at https://reactjs.org/link/wrap-tests-with-act
          at ProfilePage (C:\Users\samhe\OneDrive\Desktop\Cleaned\frontend\src\
profile\ProfilePage.tsx:17:41)
          at basenameProp (C:\Users\samhe\OneDrive\Desktop\Cleaned\frontend\nod
e_modules\react-router\lib\components.tsx:421:13)
          at basename (C:\Users\samhe\OneDrive\Desktop\Cleaned\frontend\node_mo
dules\react-router\lib\components.tsx:225:3)

      172 |               className="border border-gray-300 rounded-md px-3 
py-2 text-sm"
      173 |               value={newPassword}
    > 174 |               onChange={e => setNewPassword(e.target.value)}
          |                              ^
      175 |             />
      176 |             <p className="text-xs text-gray-500">
      177 |               Minimum 8 characters, at least 1 uppercase letter 
and 1 number.

      at printWarning 
(node_modules/react-dom/cjs/react-dom.development.js:86:30)
      at error (node_modules/react-dom/cjs/react-dom.development.js:60:7)
      at warnIfUpdatesNotWrappedWithActDEV 
(node_modules/react-dom/cjs/react-dom.development.js:27628:9)
      at scheduleUpdateOnFiber 
(node_modules/react-dom/cjs/react-dom.development.js:25547:5)
      at dispatchSetState 
(node_modules/react-dom/cjs/react-dom.development.js:16708:7)
      at onChange (src/profile/ProfilePage.tsx:174:30)
      at HTMLUnknownElement.callCallback 
(node_modules/react-dom/cjs/react-dom.development.js:4164:14)
      at HTMLUnknownElement.callTheUserObjectsOperation 
(node_modules/jsdom/lib/jsdom/living/generated/EventListener.js:26:30)
      at innerInvokeEventListeners 
(node_modules/jsdom/lib/jsdom/living/events/EventTarget-impl.js:350:25)
      at invokeEventListeners 
(node_modules/jsdom/lib/jsdom/living/events/EventTarget-impl.js:286:3)
      at HTMLUnknownElementImpl._dispatch 
(node_modules/jsdom/lib/jsdom/living/events/EventTarget-impl.js:233:9)
      at HTMLUnknownElementImpl.dispatchEvent 
(node_modules/jsdom/lib/jsdom/living/events/EventTarget-impl.js:104:17)
      at HTMLUnknownElement.dispatchEvent 
(node_modules/jsdom/lib/jsdom/living/generated/EventTarget.js:241:34)
      at Object.invokeGuardedCallbackDev 
(node_modules/react-dom/cjs/react-dom.development.js:4213:16)
      at invokeGuardedCallback 
(node_modules/react-dom/cjs/react-dom.development.js:4277:31)
      at invokeGuardedCallbackAndCatchFirstError 
(node_modules/react-dom/cjs/react-dom.development.js:4291:25)
      at executeDispatch 
(node_modules/react-dom/cjs/react-dom.development.js:9041:3)
      at processDispatchQueueItemsInOrder 
(node_modules/react-dom/cjs/react-dom.development.js:9073:7)
      at processDispatchQueue 
(node_modules/react-dom/cjs/react-dom.development.js:9086:5)
      at dispatchEventsForPlugins 
(node_modules/react-dom/cjs/react-dom.development.js:9097:3)
      at node_modules/react-dom/cjs/react-dom.development.js:9288:12
      at batchedUpdates$1 
(node_modules/react-dom/cjs/react-dom.development.js:26179:12)
      at batchedUpdates 
(node_modules/react-dom/cjs/react-dom.development.js:3991:12)
      at dispatchEventForPluginEventSystem 
(node_modules/react-dom/cjs/react-dom.development.js:9287:3)
      at dispatchEventWithEnableCapturePhaseSelectiveHydrationWithoutDiscreteEv
entReplay (node_modules/react-dom/cjs/react-dom.development.js:6465:5)
      at dispatchEvent 
(node_modules/react-dom/cjs/react-dom.development.js:6457:5)
      at dispatchDiscreteEvent 
(node_modules/react-dom/cjs/react-dom.development.js:6430:5)
      at HTMLDivElement.callTheUserObjectsOperation 
(node_modules/jsdom/lib/jsdom/living/generated/EventListener.js:26:30)
      at innerInvokeEventListeners 
(node_modules/jsdom/lib/jsdom/living/events/EventTarget-impl.js:350:25)
      at invokeEventListeners 
(node_modules/jsdom/lib/jsdom/living/events/EventTarget-impl.js:286:3)
      at HTMLInputElementImpl._dispatch 
(node_modules/jsdom/lib/jsdom/living/events/EventTarget-impl.js:233:9)
      at HTMLInputElementImpl.dispatchEvent 
(node_modules/jsdom/lib/jsdom/living/events/EventTarget-impl.js:104:17)
      at HTMLInputElement.dispatchEvent 
(node_modules/jsdom/lib/jsdom/living/generated/EventTarget.js:241:34)
      at 
node_modules/@testing-library/user-event/dist/cjs/event/dispatchEvent.js:45:43
      at Object.eventWrapper 
(node_modules/@testing-library/dom/dist/config.js:25:23)
      at Object.wrapEvent 
(node_modules/@testing-library/user-event/dist/cjs/event/wrapEvent.js:6:28)
      at Object.dispatchEvent (node_modules/@testing-library/user-event/dist/cj
s/event/dispatchEvent.js:45:22)
      at Object.dispatchUIEvent (node_modules/@testing-library/user-event/dist/
cjs/event/dispatchEvent.js:22:26)
      at commitInput 
(node_modules/@testing-library/user-event/dist/cjs/event/input.js:145:14)
      at editInputElement 
(node_modules/@testing-library/user-event/dist/cjs/event/input.js:115:9)
      at Object.input 
(node_modules/@testing-library/user-event/dist/cjs/event/input.js:37:9)
      at node_modules/@testing-library/user-event/dist/cjs/event/behavior/keypr
ess.js:31:26
      at Object.dispatchEvent (node_modules/@testing-library/user-event/dist/cj
s/event/dispatchEvent.js:41:13)
      at Object.dispatchUIEvent (node_modules/@testing-library/user-event/dist/
cjs/event/dispatchEvent.js:22:26)
      at KeyboardHost.keydown 
(node_modules/@testing-library/user-event/dist/cjs/system/keyboard.js:76:22)
      at keyboardAction 
(node_modules/@testing-library/user-event/dist/cjs/keyboard/index.js:22:35)
      at Object.keyboard 
(node_modules/@testing-library/user-event/dist/cjs/keyboard/index.js:11:15)
      at Object.type 
(node_modules/@testing-library/user-event/dist/cjs/utility/type.js:17:5)
      at Object.<anonymous> (src/profile/__tests__/profile.test.tsx:193:5)

    console.error
      Warning: An update to ProfilePage inside a test was not wrapped in 
act(...).
      
      When testing, code that causes React state updates should be wrapped 
into act(...):
      
      act(() => {
        /* fire events that update state */
      });
      /* assert on the output */
      
      This ensures that you're testing the behavior the user would see in the 
browser. Learn more at https://reactjs.org/link/wrap-tests-with-act
          at ProfilePage (C:\Users\samhe\OneDrive\Desktop\Cleaned\frontend\src\
profile\ProfilePage.tsx:17:41)
          at basenameProp (C:\Users\samhe\OneDrive\Desktop\Cleaned\frontend\nod
e_modules\react-router\lib\components.tsx:421:13)
          at basename (C:\Users\samhe\OneDrive\Desktop\Cleaned\frontend\node_mo
dules\react-router\lib\components.tsx:225:3)

      191 |               className="border border-gray-300 rounded-md px-3 
py-2 text-sm"
      192 |               value={confirmPassword}
    > 193 |               onChange={e => setConfirmPassword(e.target.value)}
          |                              ^
      194 |             />
      195 |             {confirmPassword && !passwordsMatch && (
      196 |               <p className="text-sm text-red-600">Passwords do not 
match</p>

      at printWarning 
(node_modules/react-dom/cjs/react-dom.development.js:86:30)
      at error (node_modules/react-dom/cjs/react-dom.development.js:60:7)
      at warnIfUpdatesNotWrappedWithActDEV 
(node_modules/react-dom/cjs/react-dom.development.js:27628:9)
      at scheduleUpdateOnFiber 
(node_modules/react-dom/cjs/react-dom.development.js:25547:5)
      at dispatchSetState 
(node_modules/react-dom/cjs/react-dom.development.js:16708:7)
      at onChange (src/profile/ProfilePage.tsx:193:30)
      at HTMLUnknownElement.callCallback 
(node_modules/react-dom/cjs/react-dom.development.js:4164:14)
      at HTMLUnknownElement.callTheUserObjectsOperation 
(node_modules/jsdom/lib/jsdom/living/generated/EventListener.js:26:30)
      at innerInvokeEventListeners 
(node_modules/jsdom/lib/jsdom/living/events/EventTarget-impl.js:350:25)
      at invokeEventListeners 
(node_modules/jsdom/lib/jsdom/living/events/EventTarget-impl.js:286:3)
      at HTMLUnknownElementImpl._dispatch 
(node_modules/jsdom/lib/jsdom/living/events/EventTarget-impl.js:233:9)
      at HTMLUnknownElementImpl.dispatchEvent 
(node_modules/jsdom/lib/jsdom/living/events/EventTarget-impl.js:104:17)
      at HTMLUnknownElement.dispatchEvent 
(node_modules/jsdom/lib/jsdom/living/generated/EventTarget.js:241:34)
      at Object.invokeGuardedCallbackDev 
(node_modules/react-dom/cjs/react-dom.development.js:4213:16)
      at invokeGuardedCallback 
(node_modules/react-dom/cjs/react-dom.development.js:4277:31)
      at invokeGuardedCallbackAndCatchFirstError 
(node_modules/react-dom/cjs/react-dom.development.js:4291:25)
      at executeDispatch 
(node_modules/react-dom/cjs/react-dom.development.js:9041:3)
      at processDispatchQueueItemsInOrder 
(node_modules/react-dom/cjs/react-dom.development.js:9073:7)
      at processDispatchQueue 
(node_modules/react-dom/cjs/react-dom.development.js:9086:5)
      at dispatchEventsForPlugins 
(node_modules/react-dom/cjs/react-dom.development.js:9097:3)
      at node_modules/react-dom/cjs/react-dom.development.js:9288:12
      at batchedUpdates$1 
(node_modules/react-dom/cjs/react-dom.development.js:26179:12)
      at batchedUpdates 
(node_modules/react-dom/cjs/react-dom.development.js:3991:12)
      at dispatchEventForPluginEventSystem 
(node_modules/react-dom/cjs/react-dom.development.js:9287:3)
      at dispatchEventWithEnableCapturePhaseSelectiveHydrationWithoutDiscreteEv
entReplay (node_modules/react-dom/cjs/react-dom.development.js:6465:5)
      at dispatchEvent 
(node_modules/react-dom/cjs/react-dom.development.js:6457:5)
      at dispatchDiscreteEvent 
(node_modules/react-dom/cjs/react-dom.development.js:6430:5)
      at HTMLDivElement.callTheUserObjectsOperation 
(node_modules/jsdom/lib/jsdom/living/generated/EventListener.js:26:30)
      at innerInvokeEventListeners 
(node_modules/jsdom/lib/jsdom/living/events/EventTarget-impl.js:350:25)
      at invokeEventListeners 
(node_modules/jsdom/lib/jsdom/living/events/EventTarget-impl.js:286:3)
      at HTMLInputElementImpl._dispatch 
(node_modules/jsdom/lib/jsdom/living/events/EventTarget-impl.js:233:9)
      at HTMLInputElementImpl.dispatchEvent 
(node_modules/jsdom/lib/jsdom/living/events/EventTarget-impl.js:104:17)
      at HTMLInputElement.dispatchEvent 
(node_modules/jsdom/lib/jsdom/living/generated/EventTarget.js:241:34)
      at 
node_modules/@testing-library/user-event/dist/cjs/event/dispatchEvent.js:45:43
      at Object.eventWrapper 
(node_modules/@testing-library/dom/dist/config.js:25:23)
      at Object.wrapEvent 
(node_modules/@testing-library/user-event/dist/cjs/event/wrapEvent.js:6:28)
      at Object.dispatchEvent (node_modules/@testing-library/user-event/dist/cj
s/event/dispatchEvent.js:45:22)
      at Object.dispatchUIEvent (node_modules/@testing-library/user-event/dist/
cjs/event/dispatchEvent.js:22:26)
      at commitInput 
(node_modules/@testing-library/user-event/dist/cjs/event/input.js:145:14)
      at editInputElement 
(node_modules/@testing-library/user-event/dist/cjs/event/input.js:115:9)
      at Object.input 
(node_modules/@testing-library/user-event/dist/cjs/event/input.js:37:9)
      at node_modules/@testing-library/user-event/dist/cjs/event/behavior/keypr
ess.js:31:26
      at Object.dispatchEvent (node_modules/@testing-library/user-event/dist/cj
s/event/dispatchEvent.js:41:13)
      at Object.dispatchUIEvent (node_modules/@testing-library/user-event/dist/
cjs/event/dispatchEvent.js:22:26)
      at KeyboardHost.keydown 
(node_modules/@testing-library/user-event/dist/cjs/system/keyboard.js:76:22)
      at keyboardAction 
(node_modules/@testing-library/user-event/dist/cjs/keyboard/index.js:22:35)
      at Object.keyboard 
(node_modules/@testing-library/user-event/dist/cjs/keyboard/index.js:11:15)
      at Object.type 
(node_modules/@testing-library/user-event/dist/cjs/utility/type.js:17:5)
      at Object.<anonymous> (src/profile/__tests__/profile.test.tsx:194:5)

    console.error
      Warning: An update to ProfilePage inside a test was not wrapped in 
act(...).
      
      When testing, code that causes React state updates should be wrapped 
into act(...):
      
      act(() => {
        /* fire events that update state */
      });
      /* assert on the output */
      
      This ensures that you're testing the behavior the user would see in the 
browser. Learn more at https://reactjs.org/link/wrap-tests-with-act
          at ProfilePage (C:\Users\samhe\OneDrive\Desktop\Cleaned\frontend\src\
profile\ProfilePage.tsx:17:41)
          at basenameProp (C:\Users\samhe\OneDrive\Desktop\Cleaned\frontend\nod
e_modules\react-router\lib\components.tsx:421:13)
          at basename (C:\Users\samhe\OneDrive\Desktop\Cleaned\frontend\node_mo
dules\react-router\lib\components.tsx:225:3)

      191 |               className="border border-gray-300 rounded-md px-3 
py-2 text-sm"
      192 |               value={confirmPassword}
    > 193 |               onChange={e => setConfirmPassword(e.target.value)}
          |                              ^
      194 |             />
      195 |             {confirmPassword && !passwordsMatch && (
      196 |               <p className="text-sm text-red-600">Passwords do not 
match</p>

      at printWarning 
(node_modules/react-dom/cjs/react-dom.development.js:86:30)
      at error (node_modules/react-dom/cjs/react-dom.development.js:60:7)
      at warnIfUpdatesNotWrappedWithActDEV 
(node_modules/react-dom/cjs/react-dom.development.js:27628:9)
      at scheduleUpdateOnFiber 
(node_modules/react-dom/cjs/react-dom.development.js:25547:5)
      at dispatchSetState 
(node_modules/react-dom/cjs/react-dom.development.js:16708:7)
      at onChange (src/profile/ProfilePage.tsx:193:30)
      at HTMLUnknownElement.callCallback 
(node_modules/react-dom/cjs/react-dom.development.js:4164:14)
      at HTMLUnknownElement.callTheUserObjectsOperation 
(node_modules/jsdom/lib/jsdom/living/generated/EventListener.js:26:30)
      at innerInvokeEventListeners 
(node_modules/jsdom/lib/jsdom/living/events/EventTarget-impl.js:350:25)
      at invokeEventListeners 
(node_modules/jsdom/lib/jsdom/living/events/EventTarget-impl.js:286:3)
      at HTMLUnknownElementImpl._dispatch 
(node_modules/jsdom/lib/jsdom/living/events/EventTarget-impl.js:233:9)
      at HTMLUnknownElementImpl.dispatchEvent 
(node_modules/jsdom/lib/jsdom/living/events/EventTarget-impl.js:104:17)
      at HTMLUnknownElement.dispatchEvent 
(node_modules/jsdom/lib/jsdom/living/generated/EventTarget.js:241:34)
      at Object.invokeGuardedCallbackDev 
(node_modules/react-dom/cjs/react-dom.development.js:4213:16)
      at invokeGuardedCallback 
(node_modules/react-dom/cjs/react-dom.development.js:4277:31)
      at invokeGuardedCallbackAndCatchFirstError 
(node_modules/react-dom/cjs/react-dom.development.js:4291:25)
      at executeDispatch 
(node_modules/react-dom/cjs/react-dom.development.js:9041:3)
      at processDispatchQueueItemsInOrder 
(node_modules/react-dom/cjs/react-dom.development.js:9073:7)
      at processDispatchQueue 
(node_modules/react-dom/cjs/react-dom.development.js:9086:5)
      at dispatchEventsForPlugins 
(node_modules/react-dom/cjs/react-dom.development.js:9097:3)
      at node_modules/react-dom/cjs/react-dom.development.js:9288:12
      at batchedUpdates$1 
(node_modules/react-dom/cjs/react-dom.development.js:26179:12)
      at batchedUpdates 
(node_modules/react-dom/cjs/react-dom.development.js:3991:12)
      at dispatchEventForPluginEventSystem 
(node_modules/react-dom/cjs/react-dom.development.js:9287:3)
      at dispatchEventWithEnableCapturePhaseSelectiveHydrationWithoutDiscreteEv
entReplay (node_modules/react-dom/cjs/react-dom.development.js:6465:5)
      at dispatchEvent 
(node_modules/react-dom/cjs/react-dom.development.js:6457:5)
      at dispatchDiscreteEvent 
(node_modules/react-dom/cjs/react-dom.development.js:6430:5)
      at HTMLDivElement.callTheUserObjectsOperation 
(node_modules/jsdom/lib/jsdom/living/generated/EventListener.js:26:30)
      at innerInvokeEventListeners 
(node_modules/jsdom/lib/jsdom/living/events/EventTarget-impl.js:350:25)
      at invokeEventListeners 
(node_modules/jsdom/lib/jsdom/living/events/EventTarget-impl.js:286:3)
      at HTMLInputElementImpl._dispatch 
(node_modules/jsdom/lib/jsdom/living/events/EventTarget-impl.js:233:9)
      at HTMLInputElementImpl.dispatchEvent 
(node_modules/jsdom/lib/jsdom/living/events/EventTarget-impl.js:104:17)
      at HTMLInputElement.dispatchEvent 
(node_modules/jsdom/lib/jsdom/living/generated/EventTarget.js:241:34)
      at 
node_modules/@testing-library/user-event/dist/cjs/event/dispatchEvent.js:45:43
      at Object.eventWrapper 
(node_modules/@testing-library/dom/dist/config.js:25:23)
      at Object.wrapEvent 
(node_modules/@testing-library/user-event/dist/cjs/event/wrapEvent.js:6:28)
      at Object.dispatchEvent (node_modules/@testing-library/user-event/dist/cj
s/event/dispatchEvent.js:45:22)
      at Object.dispatchUIEvent (node_modules/@testing-library/user-event/dist/
cjs/event/dispatchEvent.js:22:26)
      at commitInput 
(node_modules/@testing-library/user-event/dist/cjs/event/input.js:145:14)
      at editInputElement 
(node_modules/@testing-library/user-event/dist/cjs/event/input.js:115:9)
      at Object.input 
(node_modules/@testing-library/user-event/dist/cjs/event/input.js:37:9)
      at node_modules/@testing-library/user-event/dist/cjs/event/behavior/keypr
ess.js:31:26
      at Object.dispatchEvent (node_modules/@testing-library/user-event/dist/cj
s/event/dispatchEvent.js:41:13)
      at Object.dispatchUIEvent (node_modules/@testing-library/user-event/dist/
cjs/event/dispatchEvent.js:22:26)
      at KeyboardHost.keydown 
(node_modules/@testing-library/user-event/dist/cjs/system/keyboard.js:76:22)
      at keyboardAction 
(node_modules/@testing-library/user-event/dist/cjs/keyboard/index.js:22:35)
      at Object.keyboard 
(node_modules/@testing-library/user-event/dist/cjs/keyboard/index.js:11:15)
      at Object.type 
(node_modules/@testing-library/user-event/dist/cjs/utility/type.js:17:5)
      at Object.<anonymous> (src/profile/__tests__/profile.test.tsx:194:5)

    console.error
      Warning: An update to ProfilePage inside a test was not wrapped in 
act(...).
      
      When testing, code that causes React state updates should be wrapped 
into act(...):
      
      act(() => {
        /* fire events that update state */
      });
      /* assert on the output */
      
      This ensures that you're testing the behavior the user would see in the 
browser. Learn more at https://reactjs.org/link/wrap-tests-with-act
          at ProfilePage (C:\Users\samhe\OneDrive\Desktop\Cleaned\frontend\src\
profile\ProfilePage.tsx:17:41)
          at basenameProp (C:\Users\samhe\OneDrive\Desktop\Cleaned\frontend\nod
e_modules\react-router\lib\components.tsx:421:13)
          at basename (C:\Users\samhe\OneDrive\Desktop\Cleaned\frontend\node_mo
dules\react-router\lib\components.tsx:225:3)

      191 |               className="border border-gray-300 rounded-md px-3 
py-2 text-sm"
      192 |               value={confirmPassword}
    > 193 |               onChange={e => setConfirmPassword(e.target.value)}
          |                              ^
      194 |             />
      195 |             {confirmPassword && !passwordsMatch && (
      196 |               <p className="text-sm text-red-600">Passwords do not 
match</p>

      at printWarning 
(node_modules/react-dom/cjs/react-dom.development.js:86:30)
      at error (node_modules/react-dom/cjs/react-dom.development.js:60:7)
      at warnIfUpdatesNotWrappedWithActDEV 
(node_modules/react-dom/cjs/react-dom.development.js:27628:9)
      at scheduleUpdateOnFiber 
(node_modules/react-dom/cjs/react-dom.development.js:25547:5)
      at dispatchSetState 
(node_modules/react-dom/cjs/react-dom.development.js:16708:7)
      at onChange (src/profile/ProfilePage.tsx:193:30)
      at HTMLUnknownElement.callCallback 
(node_modules/react-dom/cjs/react-dom.development.js:4164:14)
      at HTMLUnknownElement.callTheUserObjectsOperation 
(node_modules/jsdom/lib/jsdom/living/generated/EventListener.js:26:30)
      at innerInvokeEventListeners 
(node_modules/jsdom/lib/jsdom/living/events/EventTarget-impl.js:350:25)
      at invokeEventListeners 
(node_modules/jsdom/lib/jsdom/living/events/EventTarget-impl.js:286:3)
      at HTMLUnknownElementImpl._dispatch 
(node_modules/jsdom/lib/jsdom/living/events/EventTarget-impl.js:233:9)
      at HTMLUnknownElementImpl.dispatchEvent 
(node_modules/jsdom/lib/jsdom/living/events/EventTarget-impl.js:104:17)
      at HTMLUnknownElement.dispatchEvent 
(node_modules/jsdom/lib/jsdom/living/generated/EventTarget.js:241:34)
      at Object.invokeGuardedCallbackDev 
(node_modules/react-dom/cjs/react-dom.development.js:4213:16)
      at invokeGuardedCallback 
(node_modules/react-dom/cjs/react-dom.development.js:4277:31)
      at invokeGuardedCallbackAndCatchFirstError 
(node_modules/react-dom/cjs/react-dom.development.js:4291:25)
      at executeDispatch 
(node_modules/react-dom/cjs/react-dom.development.js:9041:3)
      at processDispatchQueueItemsInOrder 
(node_modules/react-dom/cjs/react-dom.development.js:9073:7)
      at processDispatchQueue 
(node_modules/react-dom/cjs/react-dom.development.js:9086:5)
      at dispatchEventsForPlugins 
(node_modules/react-dom/cjs/react-dom.development.js:9097:3)
      at node_modules/react-dom/cjs/react-dom.development.js:9288:12
      at batchedUpdates$1 
(node_modules/react-dom/cjs/react-dom.development.js:26179:12)
      at batchedUpdates 
(node_modules/react-dom/cjs/react-dom.development.js:3991:12)
      at dispatchEventForPluginEventSystem 
(node_modules/react-dom/cjs/react-dom.development.js:9287:3)
      at dispatchEventWithEnableCapturePhaseSelectiveHydrationWithoutDiscreteEv
entReplay (node_modules/react-dom/cjs/react-dom.development.js:6465:5)
      at dispatchEvent 
(node_modules/react-dom/cjs/react-dom.development.js:6457:5)
      at dispatchDiscreteEvent 
(node_modules/react-dom/cjs/react-dom.development.js:6430:5)
      at HTMLDivElement.callTheUserObjectsOperation 
(node_modules/jsdom/lib/jsdom/living/generated/EventListener.js:26:30)
      at innerInvokeEventListeners 
(node_modules/jsdom/lib/jsdom/living/events/EventTarget-impl.js:350:25)
      at invokeEventListeners 
(node_modules/jsdom/lib/jsdom/living/events/EventTarget-impl.js:286:3)
      at HTMLInputElementImpl._dispatch 
(node_modules/jsdom/lib/jsdom/living/events/EventTarget-impl.js:233:9)
      at HTMLInputElementImpl.dispatchEvent 
(node_modules/jsdom/lib/jsdom/living/events/EventTarget-impl.js:104:17)
      at HTMLInputElement.dispatchEvent 
(node_modules/jsdom/lib/jsdom/living/generated/EventTarget.js:241:34)
      at 
node_modules/@testing-library/user-event/dist/cjs/event/dispatchEvent.js:45:43
      at Object.eventWrapper 
(node_modules/@testing-library/dom/dist/config.js:25:23)
      at Object.wrapEvent 
(node_modules/@testing-library/user-event/dist/cjs/event/wrapEvent.js:6:28)
      at Object.dispatchEvent (node_modules/@testing-library/user-event/dist/cj
s/event/dispatchEvent.js:45:22)
      at Object.dispatchUIEvent (node_modules/@testing-library/user-event/dist/
cjs/event/dispatchEvent.js:22:26)
      at commitInput 
(node_modules/@testing-library/user-event/dist/cjs/event/input.js:145:14)
      at editInputElement 
(node_modules/@testing-library/user-event/dist/cjs/event/input.js:115:9)
      at Object.input 
(node_modules/@testing-library/user-event/dist/cjs/event/input.js:37:9)
      at node_modules/@testing-library/user-event/dist/cjs/event/behavior/keypr
ess.js:31:26
      at Object.dispatchEvent (node_modules/@testing-library/user-event/dist/cj
s/event/dispatchEvent.js:41:13)
      at Object.dispatchUIEvent (node_modules/@testing-library/user-event/dist/
cjs/event/dispatchEvent.js:22:26)
      at KeyboardHost.keydown 
(node_modules/@testing-library/user-event/dist/cjs/system/keyboard.js:76:22)
      at keyboardAction 
(node_modules/@testing-library/user-event/dist/cjs/keyboard/index.js:22:35)
      at Object.keyboard 
(node_modules/@testing-library/user-event/dist/cjs/keyboard/index.js:11:15)
      at Object.type 
(node_modules/@testing-library/user-event/dist/cjs/utility/type.js:17:5)
      at Object.<anonymous> (src/profile/__tests__/profile.test.tsx:194:5)

    console.error
      Warning: An update to ProfilePage inside a test was not wrapped in 
act(...).
      
      When testing, code that causes React state updates should be wrapped 
into act(...):
      
      act(() => {
        /* fire events that update state */
      });
      /* assert on the output */
      
      This ensures that you're testing the behavior the user would see in the 
browser. Learn more at https://reactjs.org/link/wrap-tests-with-act
          at ProfilePage (C:\Users\samhe\OneDrive\Desktop\Cleaned\frontend\src\
profile\ProfilePage.tsx:17:41)
          at basenameProp (C:\Users\samhe\OneDrive\Desktop\Cleaned\frontend\nod
e_modules\react-router\lib\components.tsx:421:13)
          at basename (C:\Users\samhe\OneDrive\Desktop\Cleaned\frontend\node_mo
dules\react-router\lib\components.tsx:225:3)

      191 |               className="border border-gray-300 rounded-md px-3 
py-2 text-sm"
      192 |               value={confirmPassword}
    > 193 |               onChange={e => setConfirmPassword(e.target.value)}
          |                              ^
      194 |             />
      195 |             {confirmPassword && !passwordsMatch && (
      196 |               <p className="text-sm text-red-600">Passwords do not 
match</p>

      at printWarning 
(node_modules/react-dom/cjs/react-dom.development.js:86:30)
      at error (node_modules/react-dom/cjs/react-dom.development.js:60:7)
      at warnIfUpdatesNotWrappedWithActDEV 
(node_modules/react-dom/cjs/react-dom.development.js:27628:9)
      at scheduleUpdateOnFiber 
(node_modules/react-dom/cjs/react-dom.development.js:25547:5)
      at dispatchSetState 
(node_modules/react-dom/cjs/react-dom.development.js:16708:7)
      at onChange (src/profile/ProfilePage.tsx:193:30)
      at HTMLUnknownElement.callCallback 
(node_modules/react-dom/cjs/react-dom.development.js:4164:14)
      at HTMLUnknownElement.callTheUserObjectsOperation 
(node_modules/jsdom/lib/jsdom/living/generated/EventListener.js:26:30)
      at innerInvokeEventListeners 
(node_modules/jsdom/lib/jsdom/living/events/EventTarget-impl.js:350:25)
      at invokeEventListeners 
(node_modules/jsdom/lib/jsdom/living/events/EventTarget-impl.js:286:3)
      at HTMLUnknownElementImpl._dispatch 
(node_modules/jsdom/lib/jsdom/living/events/EventTarget-impl.js:233:9)
      at HTMLUnknownElementImpl.dispatchEvent 
(node_modules/jsdom/lib/jsdom/living/events/EventTarget-impl.js:104:17)
      at HTMLUnknownElement.dispatchEvent 
(node_modules/jsdom/lib/jsdom/living/generated/EventTarget.js:241:34)
      at Object.invokeGuardedCallbackDev 
(node_modules/react-dom/cjs/react-dom.development.js:4213:16)
      at invokeGuardedCallback 
(node_modules/react-dom/cjs/react-dom.development.js:4277:31)
      at invokeGuardedCallbackAndCatchFirstError 
(node_modules/react-dom/cjs/react-dom.development.js:4291:25)
      at executeDispatch 
(node_modules/react-dom/cjs/react-dom.development.js:9041:3)
      at processDispatchQueueItemsInOrder 
(node_modules/react-dom/cjs/react-dom.development.js:9073:7)
      at processDispatchQueue 
(node_modules/react-dom/cjs/react-dom.development.js:9086:5)
      at dispatchEventsForPlugins 
(node_modules/react-dom/cjs/react-dom.development.js:9097:3)
      at node_modules/react-dom/cjs/react-dom.development.js:9288:12
      at batchedUpdates$1 
(node_modules/react-dom/cjs/react-dom.development.js:26179:12)
      at batchedUpdates 
(node_modules/react-dom/cjs/react-dom.development.js:3991:12)
      at dispatchEventForPluginEventSystem 
(node_modules/react-dom/cjs/react-dom.development.js:9287:3)
      at dispatchEventWithEnableCapturePhaseSelectiveHydrationWithoutDiscreteEv
entReplay (node_modules/react-dom/cjs/react-dom.development.js:6465:5)
      at dispatchEvent 
(node_modules/react-dom/cjs/react-dom.development.js:6457:5)
      at dispatchDiscreteEvent 
(node_modules/react-dom/cjs/react-dom.development.js:6430:5)
      at HTMLDivElement.callTheUserObjectsOperation 
(node_modules/jsdom/lib/jsdom/living/generated/EventListener.js:26:30)
      at innerInvokeEventListeners 
(node_modules/jsdom/lib/jsdom/living/events/EventTarget-impl.js:350:25)
      at invokeEventListeners 
(node_modules/jsdom/lib/jsdom/living/events/EventTarget-impl.js:286:3)
      at HTMLInputElementImpl._dispatch 
(node_modules/jsdom/lib/jsdom/living/events/EventTarget-impl.js:233:9)
      at HTMLInputElementImpl.dispatchEvent 
(node_modules/jsdom/lib/jsdom/living/events/EventTarget-impl.js:104:17)
      at HTMLInputElement.dispatchEvent 
(node_modules/jsdom/lib/jsdom/living/generated/EventTarget.js:241:34)
      at 
node_modules/@testing-library/user-event/dist/cjs/event/dispatchEvent.js:45:43
      at Object.eventWrapper 
(node_modules/@testing-library/dom/dist/config.js:25:23)
      at Object.wrapEvent 
(node_modules/@testing-library/user-event/dist/cjs/event/wrapEvent.js:6:28)
      at Object.dispatchEvent (node_modules/@testing-library/user-event/dist/cj
s/event/dispatchEvent.js:45:22)
      at Object.dispatchUIEvent (node_modules/@testing-library/user-event/dist/
cjs/event/dispatchEvent.js:22:26)
      at commitInput 
(node_modules/@testing-library/user-event/dist/cjs/event/input.js:145:14)
      at editInputElement 
(node_modules/@testing-library/user-event/dist/cjs/event/input.js:115:9)
      at Object.input 
(node_modules/@testing-library/user-event/dist/cjs/event/input.js:37:9)
      at node_modules/@testing-library/user-event/dist/cjs/event/behavior/keypr
ess.js:31:26
      at Object.dispatchEvent (node_modules/@testing-library/user-event/dist/cj
s/event/dispatchEvent.js:41:13)
      at Object.dispatchUIEvent (node_modules/@testing-library/user-event/dist/
cjs/event/dispatchEvent.js:22:26)
      at KeyboardHost.keydown 
(node_modules/@testing-library/user-event/dist/cjs/system/keyboard.js:76:22)
      at keyboardAction 
(node_modules/@testing-library/user-event/dist/cjs/keyboard/index.js:22:35)
      at Object.keyboard 
(node_modules/@testing-library/user-event/dist/cjs/keyboard/index.js:11:15)
      at Object.type 
(node_modules/@testing-library/user-event/dist/cjs/utility/type.js:17:5)
      at Object.<anonymous> (src/profile/__tests__/profile.test.tsx:194:5)

    console.error
      Warning: An update to ProfilePage inside a test was not wrapped in 
act(...).
      
      When testing, code that causes React state updates should be wrapped 
into act(...):
      
      act(() => {
        /* fire events that update state */
      });
      /* assert on the output */
      
      This ensures that you're testing the behavior the user would see in the 
browser. Learn more at https://reactjs.org/link/wrap-tests-with-act
          at ProfilePage (C:\Users\samhe\OneDrive\Desktop\Cleaned\frontend\src\
profile\ProfilePage.tsx:17:41)
          at basenameProp (C:\Users\samhe\OneDrive\Desktop\Cleaned\frontend\nod
e_modules\react-router\lib\components.tsx:421:13)
          at basename (C:\Users\samhe\OneDrive\Desktop\Cleaned\frontend\node_mo
dules\react-router\lib\components.tsx:225:3)

      191 |               className="border border-gray-300 rounded-md px-3 
py-2 text-sm"
      192 |               value={confirmPassword}
    > 193 |               onChange={e => setConfirmPassword(e.target.value)}
          |                              ^
      194 |             />
      195 |             {confirmPassword && !passwordsMatch && (
      196 |               <p className="text-sm text-red-600">Passwords do not 
match</p>

      at printWarning 
(node_modules/react-dom/cjs/react-dom.development.js:86:30)
      at error (node_modules/react-dom/cjs/react-dom.development.js:60:7)
      at warnIfUpdatesNotWrappedWithActDEV 
(node_modules/react-dom/cjs/react-dom.development.js:27628:9)
      at scheduleUpdateOnFiber 
(node_modules/react-dom/cjs/react-dom.development.js:25547:5)
      at dispatchSetState 
(node_modules/react-dom/cjs/react-dom.development.js:16708:7)
      at onChange (src/profile/ProfilePage.tsx:193:30)
      at HTMLUnknownElement.callCallback 
(node_modules/react-dom/cjs/react-dom.development.js:4164:14)
      at HTMLUnknownElement.callTheUserObjectsOperation 
(node_modules/jsdom/lib/jsdom/living/generated/EventListener.js:26:30)
      at innerInvokeEventListeners 
(node_modules/jsdom/lib/jsdom/living/events/EventTarget-impl.js:350:25)
      at invokeEventListeners 
(node_modules/jsdom/lib/jsdom/living/events/EventTarget-impl.js:286:3)
      at HTMLUnknownElementImpl._dispatch 
(node_modules/jsdom/lib/jsdom/living/events/EventTarget-impl.js:233:9)
      at HTMLUnknownElementImpl.dispatchEvent 
(node_modules/jsdom/lib/jsdom/living/events/EventTarget-impl.js:104:17)
      at HTMLUnknownElement.dispatchEvent 
(node_modules/jsdom/lib/jsdom/living/generated/EventTarget.js:241:34)
      at Object.invokeGuardedCallbackDev 
(node_modules/react-dom/cjs/react-dom.development.js:4213:16)
      at invokeGuardedCallback 
(node_modules/react-dom/cjs/react-dom.development.js:4277:31)
      at invokeGuardedCallbackAndCatchFirstError 
(node_modules/react-dom/cjs/react-dom.development.js:4291:25)
      at executeDispatch 
(node_modules/react-dom/cjs/react-dom.development.js:9041:3)
      at processDispatchQueueItemsInOrder 
(node_modules/react-dom/cjs/react-dom.development.js:9073:7)
      at processDispatchQueue 
(node_modules/react-dom/cjs/react-dom.development.js:9086:5)
      at dispatchEventsForPlugins 
(node_modules/react-dom/cjs/react-dom.development.js:9097:3)
      at node_modules/react-dom/cjs/react-dom.development.js:9288:12
      at batchedUpdates$1 
(node_modules/react-dom/cjs/react-dom.development.js:26179:12)
      at batchedUpdates 
(node_modules/react-dom/cjs/react-dom.development.js:3991:12)
      at dispatchEventForPluginEventSystem 
(node_modules/react-dom/cjs/react-dom.development.js:9287:3)
      at dispatchEventWithEnableCapturePhaseSelectiveHydrationWithoutDiscreteEv
entReplay (node_modules/react-dom/cjs/react-dom.development.js:6465:5)
      at dispatchEvent 
(node_modules/react-dom/cjs/react-dom.development.js:6457:5)
      at dispatchDiscreteEvent 
(node_modules/react-dom/cjs/react-dom.development.js:6430:5)
      at HTMLDivElement.callTheUserObjectsOperation 
(node_modules/jsdom/lib/jsdom/living/generated/EventListener.js:26:30)
      at innerInvokeEventListeners 
(node_modules/jsdom/lib/jsdom/living/events/EventTarget-impl.js:350:25)
      at invokeEventListeners 
(node_modules/jsdom/lib/jsdom/living/events/EventTarget-impl.js:286:3)
      at HTMLInputElementImpl._dispatch 
(node_modules/jsdom/lib/jsdom/living/events/EventTarget-impl.js:233:9)
      at HTMLInputElementImpl.dispatchEvent 
(node_modules/jsdom/lib/jsdom/living/events/EventTarget-impl.js:104:17)
      at HTMLInputElement.dispatchEvent 
(node_modules/jsdom/lib/jsdom/living/generated/EventTarget.js:241:34)
      at 
node_modules/@testing-library/user-event/dist/cjs/event/dispatchEvent.js:45:43
      at Object.eventWrapper 
(node_modules/@testing-library/dom/dist/config.js:25:23)
      at Object.wrapEvent 
(node_modules/@testing-library/user-event/dist/cjs/event/wrapEvent.js:6:28)
      at Object.dispatchEvent (node_modules/@testing-library/user-event/dist/cj
s/event/dispatchEvent.js:45:22)
      at Object.dispatchUIEvent (node_modules/@testing-library/user-event/dist/
cjs/event/dispatchEvent.js:22:26)
      at commitInput 
(node_modules/@testing-library/user-event/dist/cjs/event/input.js:145:14)
      at editInputElement 
(node_modules/@testing-library/user-event/dist/cjs/event/input.js:115:9)
      at Object.input 
(node_modules/@testing-library/user-event/dist/cjs/event/input.js:37:9)
      at node_modules/@testing-library/user-event/dist/cjs/event/behavior/keypr
ess.js:31:26
      at Object.dispatchEvent (node_modules/@testing-library/user-event/dist/cj
s/event/dispatchEvent.js:41:13)
      at Object.dispatchUIEvent (node_modules/@testing-library/user-event/dist/
cjs/event/dispatchEvent.js:22:26)
      at KeyboardHost.keydown 
(node_modules/@testing-library/user-event/dist/cjs/system/keyboard.js:76:22)
      at keyboardAction 
(node_modules/@testing-library/user-event/dist/cjs/keyboard/index.js:22:35)
      at Object.keyboard 
(node_modules/@testing-library/user-event/dist/cjs/keyboard/index.js:11:15)
      at Object.type 
(node_modules/@testing-library/user-event/dist/cjs/utility/type.js:17:5)
      at Object.<anonymous> (src/profile/__tests__/profile.test.tsx:194:5)

    console.error
      Warning: An update to ProfilePage inside a test was not wrapped in 
act(...).
      
      When testing, code that causes React state updates should be wrapped 
into act(...):
      
      act(() => {
        /* fire events that update state */
      });
      /* assert on the output */
      
      This ensures that you're testing the behavior the user would see in the 
browser. Learn more at https://reactjs.org/link/wrap-tests-with-act
          at ProfilePage (C:\Users\samhe\OneDrive\Desktop\Cleaned\frontend\src\
profile\ProfilePage.tsx:17:41)
          at basenameProp (C:\Users\samhe\OneDrive\Desktop\Cleaned\frontend\nod
e_modules\react-router\lib\components.tsx:421:13)
          at basename (C:\Users\samhe\OneDrive\Desktop\Cleaned\frontend\node_mo
dules\react-router\lib\components.tsx:225:3)

      191 |               className="border border-gray-300 rounded-md px-3 
py-2 text-sm"
      192 |               value={confirmPassword}
    > 193 |               onChange={e => setConfirmPassword(e.target.value)}
          |                              ^
      194 |             />
      195 |             {confirmPassword && !passwordsMatch && (
      196 |               <p className="text-sm text-red-600">Passwords do not 
match</p>

      at printWarning 
(node_modules/react-dom/cjs/react-dom.development.js:86:30)
      at error (node_modules/react-dom/cjs/react-dom.development.js:60:7)
      at warnIfUpdatesNotWrappedWithActDEV 
(node_modules/react-dom/cjs/react-dom.development.js:27628:9)
      at scheduleUpdateOnFiber 
(node_modules/react-dom/cjs/react-dom.development.js:25547:5)
      at dispatchSetState 
(node_modules/react-dom/cjs/react-dom.development.js:16708:7)
      at onChange (src/profile/ProfilePage.tsx:193:30)
      at HTMLUnknownElement.callCallback 
(node_modules/react-dom/cjs/react-dom.development.js:4164:14)
      at HTMLUnknownElement.callTheUserObjectsOperation 
(node_modules/jsdom/lib/jsdom/living/generated/EventListener.js:26:30)
      at innerInvokeEventListeners 
(node_modules/jsdom/lib/jsdom/living/events/EventTarget-impl.js:350:25)
      at invokeEventListeners 
(node_modules/jsdom/lib/jsdom/living/events/EventTarget-impl.js:286:3)
      at HTMLUnknownElementImpl._dispatch 
(node_modules/jsdom/lib/jsdom/living/events/EventTarget-impl.js:233:9)
      at HTMLUnknownElementImpl.dispatchEvent 
(node_modules/jsdom/lib/jsdom/living/events/EventTarget-impl.js:104:17)
      at HTMLUnknownElement.dispatchEvent 
(node_modules/jsdom/lib/jsdom/living/generated/EventTarget.js:241:34)
      at Object.invokeGuardedCallbackDev 
(node_modules/react-dom/cjs/react-dom.development.js:4213:16)
      at invokeGuardedCallback 
(node_modules/react-dom/cjs/react-dom.development.js:4277:31)
      at invokeGuardedCallbackAndCatchFirstError 
(node_modules/react-dom/cjs/react-dom.development.js:4291:25)
      at executeDispatch 
(node_modules/react-dom/cjs/react-dom.development.js:9041:3)
      at processDispatchQueueItemsInOrder 
(node_modules/react-dom/cjs/react-dom.development.js:9073:7)
      at processDispatchQueue 
(node_modules/react-dom/cjs/react-dom.development.js:9086:5)
      at dispatchEventsForPlugins 
(node_modules/react-dom/cjs/react-dom.development.js:9097:3)
      at node_modules/react-dom/cjs/react-dom.development.js:9288:12
      at batchedUpdates$1 
(node_modules/react-dom/cjs/react-dom.development.js:26179:12)
      at batchedUpdates 
(node_modules/react-dom/cjs/react-dom.development.js:3991:12)
      at dispatchEventForPluginEventSystem 
(node_modules/react-dom/cjs/react-dom.development.js:9287:3)
      at dispatchEventWithEnableCapturePhaseSelectiveHydrationWithoutDiscreteEv
entReplay (node_modules/react-dom/cjs/react-dom.development.js:6465:5)
      at dispatchEvent 
(node_modules/react-dom/cjs/react-dom.development.js:6457:5)
      at dispatchDiscreteEvent 
(node_modules/react-dom/cjs/react-dom.development.js:6430:5)
      at HTMLDivElement.callTheUserObjectsOperation 
(node_modules/jsdom/lib/jsdom/living/generated/EventListener.js:26:30)
      at innerInvokeEventListeners 
(node_modules/jsdom/lib/jsdom/living/events/EventTarget-impl.js:350:25)
      at invokeEventListeners 
(node_modules/jsdom/lib/jsdom/living/events/EventTarget-impl.js:286:3)
      at HTMLInputElementImpl._dispatch 
(node_modules/jsdom/lib/jsdom/living/events/EventTarget-impl.js:233:9)
      at HTMLInputElementImpl.dispatchEvent 
(node_modules/jsdom/lib/jsdom/living/events/EventTarget-impl.js:104:17)
      at HTMLInputElement.dispatchEvent 
(node_modules/jsdom/lib/jsdom/living/generated/EventTarget.js:241:34)
      at 
node_modules/@testing-library/user-event/dist/cjs/event/dispatchEvent.js:45:43
      at Object.eventWrapper 
(node_modules/@testing-library/dom/dist/config.js:25:23)
      at Object.wrapEvent 
(node_modules/@testing-library/user-event/dist/cjs/event/wrapEvent.js:6:28)
      at Object.dispatchEvent (node_modules/@testing-library/user-event/dist/cj
s/event/dispatchEvent.js:45:22)
      at Object.dispatchUIEvent (node_modules/@testing-library/user-event/dist/
cjs/event/dispatchEvent.js:22:26)
      at commitInput 
(node_modules/@testing-library/user-event/dist/cjs/event/input.js:145:14)
      at editInputElement 
(node_modules/@testing-library/user-event/dist/cjs/event/input.js:115:9)
      at Object.input 
(node_modules/@testing-library/user-event/dist/cjs/event/input.js:37:9)
      at node_modules/@testing-library/user-event/dist/cjs/event/behavior/keypr
ess.js:31:26
      at Object.dispatchEvent (node_modules/@testing-library/user-event/dist/cj
s/event/dispatchEvent.js:41:13)
      at Object.dispatchUIEvent (node_modules/@testing-library/user-event/dist/
cjs/event/dispatchEvent.js:22:26)
      at KeyboardHost.keydown 
(node_modules/@testing-library/user-event/dist/cjs/system/keyboard.js:76:22)
      at keyboardAction 
(node_modules/@testing-library/user-event/dist/cjs/keyboard/index.js:22:35)
      at Object.keyboard 
(node_modules/@testing-library/user-event/dist/cjs/keyboard/index.js:11:15)
      at Object.type 
(node_modules/@testing-library/user-event/dist/cjs/utility/type.js:17:5)
      at Object.<anonymous> (src/profile/__tests__/profile.test.tsx:194:5)

    console.error
      Warning: An update to ProfilePage inside a test was not wrapped in 
act(...).
      
      When testing, code that causes React state updates should be wrapped 
into act(...):
      
      act(() => {
        /* fire events that update state */
      });
      /* assert on the output */
      
      This ensures that you're testing the behavior the user would see in the 
browser. Learn more at https://reactjs.org/link/wrap-tests-with-act
          at ProfilePage (C:\Users\samhe\OneDrive\Desktop\Cleaned\frontend\src\
profile\ProfilePage.tsx:17:41)
          at basenameProp (C:\Users\samhe\OneDrive\Desktop\Cleaned\frontend\nod
e_modules\react-router\lib\components.tsx:421:13)
          at basename (C:\Users\samhe\OneDrive\Desktop\Cleaned\frontend\node_mo
dules\react-router\lib\components.tsx:225:3)

      191 |               className="border border-gray-300 rounded-md px-3 
py-2 text-sm"
      192 |               value={confirmPassword}
    > 193 |               onChange={e => setConfirmPassword(e.target.value)}
          |                              ^
      194 |             />
      195 |             {confirmPassword && !passwordsMatch && (
      196 |               <p className="text-sm text-red-600">Passwords do not 
match</p>

      at printWarning 
(node_modules/react-dom/cjs/react-dom.development.js:86:30)
      at error (node_modules/react-dom/cjs/react-dom.development.js:60:7)
      at warnIfUpdatesNotWrappedWithActDEV 
(node_modules/react-dom/cjs/react-dom.development.js:27628:9)
      at scheduleUpdateOnFiber 
(node_modules/react-dom/cjs/react-dom.development.js:25547:5)
      at dispatchSetState 
(node_modules/react-dom/cjs/react-dom.development.js:16708:7)
      at onChange (src/profile/ProfilePage.tsx:193:30)
      at HTMLUnknownElement.callCallback 
(node_modules/react-dom/cjs/react-dom.development.js:4164:14)
      at HTMLUnknownElement.callTheUserObjectsOperation 
(node_modules/jsdom/lib/jsdom/living/generated/EventListener.js:26:30)
      at innerInvokeEventListeners 
(node_modules/jsdom/lib/jsdom/living/events/EventTarget-impl.js:350:25)
      at invokeEventListeners 
(node_modules/jsdom/lib/jsdom/living/events/EventTarget-impl.js:286:3)
      at HTMLUnknownElementImpl._dispatch 
(node_modules/jsdom/lib/jsdom/living/events/EventTarget-impl.js:233:9)
      at HTMLUnknownElementImpl.dispatchEvent 
(node_modules/jsdom/lib/jsdom/living/events/EventTarget-impl.js:104:17)
      at HTMLUnknownElement.dispatchEvent 
(node_modules/jsdom/lib/jsdom/living/generated/EventTarget.js:241:34)
      at Object.invokeGuardedCallbackDev 
(node_modules/react-dom/cjs/react-dom.development.js:4213:16)
      at invokeGuardedCallback 
(node_modules/react-dom/cjs/react-dom.development.js:4277:31)
      at invokeGuardedCallbackAndCatchFirstError 
(node_modules/react-dom/cjs/react-dom.development.js:4291:25)
      at executeDispatch 
(node_modules/react-dom/cjs/react-dom.development.js:9041:3)
      at processDispatchQueueItemsInOrder 
(node_modules/react-dom/cjs/react-dom.development.js:9073:7)
      at processDispatchQueue 
(node_modules/react-dom/cjs/react-dom.development.js:9086:5)
      at dispatchEventsForPlugins 
(node_modules/react-dom/cjs/react-dom.development.js:9097:3)
      at node_modules/react-dom/cjs/react-dom.development.js:9288:12
      at batchedUpdates$1 
(node_modules/react-dom/cjs/react-dom.development.js:26179:12)
      at batchedUpdates 
(node_modules/react-dom/cjs/react-dom.development.js:3991:12)
      at dispatchEventForPluginEventSystem 
(node_modules/react-dom/cjs/react-dom.development.js:9287:3)
      at dispatchEventWithEnableCapturePhaseSelectiveHydrationWithoutDiscreteEv
entReplay (node_modules/react-dom/cjs/react-dom.development.js:6465:5)
      at dispatchEvent 
(node_modules/react-dom/cjs/react-dom.development.js:6457:5)
      at dispatchDiscreteEvent 
(node_modules/react-dom/cjs/react-dom.development.js:6430:5)
      at HTMLDivElement.callTheUserObjectsOperation 
(node_modules/jsdom/lib/jsdom/living/generated/EventListener.js:26:30)
      at innerInvokeEventListeners 
(node_modules/jsdom/lib/jsdom/living/events/EventTarget-impl.js:350:25)
      at invokeEventListeners 
(node_modules/jsdom/lib/jsdom/living/events/EventTarget-impl.js:286:3)
      at HTMLInputElementImpl._dispatch 
(node_modules/jsdom/lib/jsdom/living/events/EventTarget-impl.js:233:9)
      at HTMLInputElementImpl.dispatchEvent 
(node_modules/jsdom/lib/jsdom/living/events/EventTarget-impl.js:104:17)
      at HTMLInputElement.dispatchEvent 
(node_modules/jsdom/lib/jsdom/living/generated/EventTarget.js:241:34)
      at 
node_modules/@testing-library/user-event/dist/cjs/event/dispatchEvent.js:45:43
      at Object.eventWrapper 
(node_modules/@testing-library/dom/dist/config.js:25:23)
      at Object.wrapEvent 
(node_modules/@testing-library/user-event/dist/cjs/event/wrapEvent.js:6:28)
      at Object.dispatchEvent (node_modules/@testing-library/user-event/dist/cj
s/event/dispatchEvent.js:45:22)
      at Object.dispatchUIEvent (node_modules/@testing-library/user-event/dist/
cjs/event/dispatchEvent.js:22:26)
      at commitInput 
(node_modules/@testing-library/user-event/dist/cjs/event/input.js:145:14)
      at editInputElement 
(node_modules/@testing-library/user-event/dist/cjs/event/input.js:115:9)
      at Object.input 
(node_modules/@testing-library/user-event/dist/cjs/event/input.js:37:9)
      at node_modules/@testing-library/user-event/dist/cjs/event/behavior/keypr
ess.js:31:26
      at Object.dispatchEvent (node_modules/@testing-library/user-event/dist/cj
s/event/dispatchEvent.js:41:13)
      at Object.dispatchUIEvent (node_modules/@testing-library/user-event/dist/
cjs/event/dispatchEvent.js:22:26)
      at KeyboardHost.keydown 
(node_modules/@testing-library/user-event/dist/cjs/system/keyboard.js:76:22)
      at keyboardAction 
(node_modules/@testing-library/user-event/dist/cjs/keyboard/index.js:22:35)
      at Object.keyboard 
(node_modules/@testing-library/user-event/dist/cjs/keyboard/index.js:11:15)
      at Object.type 
(node_modules/@testing-library/user-event/dist/cjs/utility/type.js:17:5)
      at Object.<anonymous> (src/profile/__tests__/profile.test.tsx:194:5)

    console.error
      Warning: An update to ProfilePage inside a test was not wrapped in 
act(...).
      
      When testing, code that causes React state updates should be wrapped 
into act(...):
      
      act(() => {
        /* fire events that update state */
      });
      /* assert on the output */
      
      This ensures that you're testing the behavior the user would see in the 
browser. Learn more at https://reactjs.org/link/wrap-tests-with-act
          at ProfilePage (C:\Users\samhe\OneDrive\Desktop\Cleaned\frontend\src\
profile\ProfilePage.tsx:17:41)
          at basenameProp (C:\Users\samhe\OneDrive\Desktop\Cleaned\frontend\nod
e_modules\react-router\lib\components.tsx:421:13)
          at basename (C:\Users\samhe\OneDrive\Desktop\Cleaned\frontend\node_mo
dules\react-router\lib\components.tsx:225:3)

      191 |               className="border border-gray-300 rounded-md px-3 
py-2 text-sm"
      192 |               value={confirmPassword}
    > 193 |               onChange={e => setConfirmPassword(e.target.value)}
          |                              ^
      194 |             />
      195 |             {confirmPassword && !passwordsMatch && (
      196 |               <p className="text-sm text-red-600">Passwords do not 
match</p>

      at printWarning 
(node_modules/react-dom/cjs/react-dom.development.js:86:30)
      at error (node_modules/react-dom/cjs/react-dom.development.js:60:7)
      at warnIfUpdatesNotWrappedWithActDEV 
(node_modules/react-dom/cjs/react-dom.development.js:27628:9)
      at scheduleUpdateOnFiber 
(node_modules/react-dom/cjs/react-dom.development.js:25547:5)
      at dispatchSetState 
(node_modules/react-dom/cjs/react-dom.development.js:16708:7)
      at onChange (src/profile/ProfilePage.tsx:193:30)
      at HTMLUnknownElement.callCallback 
(node_modules/react-dom/cjs/react-dom.development.js:4164:14)
      at HTMLUnknownElement.callTheUserObjectsOperation 
(node_modules/jsdom/lib/jsdom/living/generated/EventListener.js:26:30)
      at innerInvokeEventListeners 
(node_modules/jsdom/lib/jsdom/living/events/EventTarget-impl.js:350:25)
      at invokeEventListeners 
(node_modules/jsdom/lib/jsdom/living/events/EventTarget-impl.js:286:3)
      at HTMLUnknownElementImpl._dispatch 
(node_modules/jsdom/lib/jsdom/living/events/EventTarget-impl.js:233:9)
      at HTMLUnknownElementImpl.dispatchEvent 
(node_modules/jsdom/lib/jsdom/living/events/EventTarget-impl.js:104:17)
      at HTMLUnknownElement.dispatchEvent 
(node_modules/jsdom/lib/jsdom/living/generated/EventTarget.js:241:34)
      at Object.invokeGuardedCallbackDev 
(node_modules/react-dom/cjs/react-dom.development.js:4213:16)
      at invokeGuardedCallback 
(node_modules/react-dom/cjs/react-dom.development.js:4277:31)
      at invokeGuardedCallbackAndCatchFirstError 
(node_modules/react-dom/cjs/react-dom.development.js:4291:25)
      at executeDispatch 
(node_modules/react-dom/cjs/react-dom.development.js:9041:3)
      at processDispatchQueueItemsInOrder 
(node_modules/react-dom/cjs/react-dom.development.js:9073:7)
      at processDispatchQueue 
(node_modules/react-dom/cjs/react-dom.development.js:9086:5)
      at dispatchEventsForPlugins 
(node_modules/react-dom/cjs/react-dom.development.js:9097:3)
      at node_modules/react-dom/cjs/react-dom.development.js:9288:12
      at batchedUpdates$1 
(node_modules/react-dom/cjs/react-dom.development.js:26179:12)
      at batchedUpdates 
(node_modules/react-dom/cjs/react-dom.development.js:3991:12)
      at dispatchEventForPluginEventSystem 
(node_modules/react-dom/cjs/react-dom.development.js:9287:3)
      at dispatchEventWithEnableCapturePhaseSelectiveHydrationWithoutDiscreteEv
entReplay (node_modules/react-dom/cjs/react-dom.development.js:6465:5)
      at dispatchEvent 
(node_modules/react-dom/cjs/react-dom.development.js:6457:5)
      at dispatchDiscreteEvent 
(node_modules/react-dom/cjs/react-dom.development.js:6430:5)
      at HTMLDivElement.callTheUserObjectsOperation 
(node_modules/jsdom/lib/jsdom/living/generated/EventListener.js:26:30)
      at innerInvokeEventListeners 
(node_modules/jsdom/lib/jsdom/living/events/EventTarget-impl.js:350:25)
      at invokeEventListeners 
(node_modules/jsdom/lib/jsdom/living/events/EventTarget-impl.js:286:3)
      at HTMLInputElementImpl._dispatch 
(node_modules/jsdom/lib/jsdom/living/events/EventTarget-impl.js:233:9)
      at HTMLInputElementImpl.dispatchEvent 
(node_modules/jsdom/lib/jsdom/living/events/EventTarget-impl.js:104:17)
      at HTMLInputElement.dispatchEvent 
(node_modules/jsdom/lib/jsdom/living/generated/EventTarget.js:241:34)
      at 
node_modules/@testing-library/user-event/dist/cjs/event/dispatchEvent.js:45:43
      at Object.eventWrapper 
(node_modules/@testing-library/dom/dist/config.js:25:23)
      at Object.wrapEvent 
(node_modules/@testing-library/user-event/dist/cjs/event/wrapEvent.js:6:28)
      at Object.dispatchEvent (node_modules/@testing-library/user-event/dist/cj
s/event/dispatchEvent.js:45:22)
      at Object.dispatchUIEvent (node_modules/@testing-library/user-event/dist/
cjs/event/dispatchEvent.js:22:26)
      at commitInput 
(node_modules/@testing-library/user-event/dist/cjs/event/input.js:145:14)
      at editInputElement 
(node_modules/@testing-library/user-event/dist/cjs/event/input.js:115:9)
      at Object.input 
(node_modules/@testing-library/user-event/dist/cjs/event/input.js:37:9)
      at node_modules/@testing-library/user-event/dist/cjs/event/behavior/keypr
ess.js:31:26
      at Object.dispatchEvent (node_modules/@testing-library/user-event/dist/cj
s/event/dispatchEvent.js:41:13)
      at Object.dispatchUIEvent (node_modules/@testing-library/user-event/dist/
cjs/event/dispatchEvent.js:22:26)
      at KeyboardHost.keydown 
(node_modules/@testing-library/user-event/dist/cjs/system/keyboard.js:76:22)
      at keyboardAction 
(node_modules/@testing-library/user-event/dist/cjs/keyboard/index.js:22:35)
      at Object.keyboard 
(node_modules/@testing-library/user-event/dist/cjs/keyboard/index.js:11:15)
      at Object.type 
(node_modules/@testing-library/user-event/dist/cjs/utility/type.js:17:5)
      at Object.<anonymous> (src/profile/__tests__/profile.test.tsx:194:5)

    console.error
      Warning: An update to ProfilePage inside a test was not wrapped in 
act(...).
      
      When testing, code that causes React state updates should be wrapped 
into act(...):
      
      act(() => {
        /* fire events that update state */
      });
      /* assert on the output */
      
      This ensures that you're testing the behavior the user would see in the 
browser. Learn more at https://reactjs.org/link/wrap-tests-with-act
          at ProfilePage (C:\Users\samhe\OneDrive\Desktop\Cleaned\frontend\src\
profile\ProfilePage.tsx:17:41)
          at basenameProp (C:\Users\samhe\OneDrive\Desktop\Cleaned\frontend\nod
e_modules\react-router\lib\components.tsx:421:13)
          at basename (C:\Users\samhe\OneDrive\Desktop\Cleaned\frontend\node_mo
dules\react-router\lib\components.tsx:225:3)

      71 |
      72 |   async function handleChangePassword() {
    > 73 |     setPasswordError('')
         |     ^
      74 |     try {
      75 |       await changePassword(currentPassword, newPassword)
      76 |       addNotification('Password changed successfully', 'success')

      at printWarning 
(node_modules/react-dom/cjs/react-dom.development.js:86:30)
      at error (node_modules/react-dom/cjs/react-dom.development.js:60:7)
      at warnIfUpdatesNotWrappedWithActDEV 
(node_modules/react-dom/cjs/react-dom.development.js:27628:9)
      at scheduleUpdateOnFiber 
(node_modules/react-dom/cjs/react-dom.development.js:25547:5)
      at dispatchSetState 
(node_modules/react-dom/cjs/react-dom.development.js:16708:7)
      at handleChangePassword (src/profile/ProfilePage.tsx:73:5)
      at HTMLUnknownElement.callCallback 
(node_modules/react-dom/cjs/react-dom.development.js:4164:14)
      at HTMLUnknownElement.callTheUserObjectsOperation 
(node_modules/jsdom/lib/jsdom/living/generated/EventListener.js:26:30)
      at innerInvokeEventListeners 
(node_modules/jsdom/lib/jsdom/living/events/EventTarget-impl.js:350:25)
      at invokeEventListeners 
(node_modules/jsdom/lib/jsdom/living/events/EventTarget-impl.js:286:3)
      at HTMLUnknownElementImpl._dispatch 
(node_modules/jsdom/lib/jsdom/living/events/EventTarget-impl.js:233:9)
      at HTMLUnknownElementImpl.dispatchEvent 
(node_modules/jsdom/lib/jsdom/living/events/EventTarget-impl.js:104:17)
      at HTMLUnknownElement.dispatchEvent 
(node_modules/jsdom/lib/jsdom/living/generated/EventTarget.js:241:34)
      at Object.invokeGuardedCallbackDev 
(node_modules/react-dom/cjs/react-dom.development.js:4213:16)
      at invokeGuardedCallback 
(node_modules/react-dom/cjs/react-dom.development.js:4277:31)
      at invokeGuardedCallbackAndCatchFirstError 
(node_modules/react-dom/cjs/react-dom.development.js:4291:25)
      at executeDispatch 
(node_modules/react-dom/cjs/react-dom.development.js:9041:3)
      at processDispatchQueueItemsInOrder 
(node_modules/react-dom/cjs/react-dom.development.js:9073:7)
      at processDispatchQueue 
(node_modules/react-dom/cjs/react-dom.development.js:9086:5)
      at dispatchEventsForPlugins 
(node_modules/react-dom/cjs/react-dom.development.js:9097:3)
      at node_modules/react-dom/cjs/react-dom.development.js:9288:12
      at batchedUpdates$1 
(node_modules/react-dom/cjs/react-dom.development.js:26179:12)
      at batchedUpdates 
(node_modules/react-dom/cjs/react-dom.development.js:3991:12)
      at dispatchEventForPluginEventSystem 
(node_modules/react-dom/cjs/react-dom.development.js:9287:3)
      at dispatchEventWithEnableCapturePhaseSelectiveHydrationWithoutDiscreteEv
entReplay (node_modules/react-dom/cjs/react-dom.development.js:6465:5)
      at dispatchEvent 
(node_modules/react-dom/cjs/react-dom.development.js:6457:5)
      at dispatchDiscreteEvent 
(node_modules/react-dom/cjs/react-dom.development.js:6430:5)
      at HTMLDivElement.callTheUserObjectsOperation 
(node_modules/jsdom/lib/jsdom/living/generated/EventListener.js:26:30)
      at innerInvokeEventListeners 
(node_modules/jsdom/lib/jsdom/living/events/EventTarget-impl.js:350:25)
      at invokeEventListeners 
(node_modules/jsdom/lib/jsdom/living/events/EventTarget-impl.js:286:3)
      at HTMLButtonElementImpl._dispatch 
(node_modules/jsdom/lib/jsdom/living/events/EventTarget-impl.js:233:9)
      at HTMLButtonElementImpl.dispatchEvent 
(node_modules/jsdom/lib/jsdom/living/events/EventTarget-impl.js:104:17)
      at HTMLButtonElement.dispatchEvent 
(node_modules/jsdom/lib/jsdom/living/generated/EventTarget.js:241:34)
      at 
node_modules/@testing-library/user-event/dist/cjs/event/dispatchEvent.js:45:43
      at Object.eventWrapper 
(node_modules/@testing-library/dom/dist/config.js:25:23)
      at Object.wrapEvent 
(node_modules/@testing-library/user-event/dist/cjs/event/wrapEvent.js:6:28)
      at Object.dispatchEvent (node_modules/@testing-library/user-event/dist/cj
s/event/dispatchEvent.js:45:22)
      at Object.dispatchUIEvent (node_modules/@testing-library/user-event/dist/
cjs/event/dispatchEvent.js:22:26)
      at Mouse.up (node_modules/@testing-library/user-event/dist/cjs/system/poi
nter/mouse.js:100:30)
      at PointerHost.release (node_modules/@testing-library/user-event/dist/cjs
/system/pointer/index.js:87:24)
      at pointerAction 
(node_modules/@testing-library/user-event/dist/cjs/pointer/index.js:54:47)
      at Object.pointer 
(node_modules/@testing-library/user-event/dist/cjs/pointer/index.js:27:9)
      at Object.<anonymous> (src/profile/__tests__/profile.test.tsx:197:5)

    console.error
      Warning: An update to ProfilePage inside a test was not wrapped in 
act(...).
      
      When testing, code that causes React state updates should be wrapped 
into act(...):
      
      act(() => {
        /* fire events that update state */
      });
      /* assert on the output */
      
      This ensures that you're testing the behavior the user would see in the 
browser. Learn more at https://reactjs.org/link/wrap-tests-with-act
          at ProfilePage (C:\Users\samhe\OneDrive\Desktop\Cleaned\frontend\src\
profile\ProfilePage.tsx:17:41)
          at basenameProp (C:\Users\samhe\OneDrive\Desktop\Cleaned\frontend\nod
e_modules\react-router\lib\components.tsx:421:13)
          at basename (C:\Users\samhe\OneDrive\Desktop\Cleaned\frontend\node_mo
dules\react-router\lib\components.tsx:225:3)

      75 |       await changePassword(currentPassword, newPassword)
      76 |       addNotification('Password changed successfully', 'success')
    > 77 |       setCurrentPassword('')
         |       ^
      78 |       setNewPassword('')
      79 |       setConfirmPassword('')
      80 |     } catch (err: any) {

      at printWarning 
(node_modules/react-dom/cjs/react-dom.development.js:86:30)
      at error (node_modules/react-dom/cjs/react-dom.development.js:60:7)
      at warnIfUpdatesNotWrappedWithActDEV 
(node_modules/react-dom/cjs/react-dom.development.js:27628:9)
      at scheduleUpdateOnFiber 
(node_modules/react-dom/cjs/react-dom.development.js:25547:5)
      at dispatchSetState 
(node_modules/react-dom/cjs/react-dom.development.js:16708:7)
      at handleChangePassword (src/profile/ProfilePage.tsx:77:7)

    console.error
      Warning: An update to ProfilePage inside a test was not wrapped in 
act(...).
      
      When testing, code that causes React state updates should be wrapped 
into act(...):
      
      act(() => {
        /* fire events that update state */
      });
      /* assert on the output */
      
      This ensures that you're testing the behavior the user would see in the 
browser. Learn more at https://reactjs.org/link/wrap-tests-with-act
          at ProfilePage (C:\Users\samhe\OneDrive\Desktop\Cleaned\frontend\src\
profile\ProfilePage.tsx:17:41)
          at basenameProp (C:\Users\samhe\OneDrive\Desktop\Cleaned\frontend\nod
e_modules\react-router\lib\components.tsx:421:13)
          at basename (C:\Users\samhe\OneDrive\Desktop\Cleaned\frontend\node_mo
dules\react-router\lib\components.tsx:225:3)

      76 |       addNotification('Password changed successfully', 'success')
      77 |       setCurrentPassword('')
    > 78 |       setNewPassword('')
         |       ^
      79 |       setConfirmPassword('')
      80 |     } catch (err: any) {
      81 |       if (err?.status === 401) {

      at printWarning 
(node_modules/react-dom/cjs/react-dom.development.js:86:30)
      at error (node_modules/react-dom/cjs/react-dom.development.js:60:7)
      at warnIfUpdatesNotWrappedWithActDEV 
(node_modules/react-dom/cjs/react-dom.development.js:27628:9)
      at scheduleUpdateOnFiber 
(node_modules/react-dom/cjs/react-dom.development.js:25547:5)
      at dispatchSetState 
(node_modules/react-dom/cjs/react-dom.development.js:16708:7)
      at handleChangePassword (src/profile/ProfilePage.tsx:78:7)

    console.error
      Warning: An update to ProfilePage inside a test was not wrapped in 
act(...).
      
      When testing, code that causes React state updates should be wrapped 
into act(...):
      
      act(() => {
        /* fire events that update state */
      });
      /* assert on the output */
      
      This ensures that you're testing the behavior the user would see in the 
browser. Learn more at https://reactjs.org/link/wrap-tests-with-act
          at ProfilePage (C:\Users\samhe\OneDrive\Desktop\Cleaned\frontend\src\
profile\ProfilePage.tsx:17:41)
          at basenameProp (C:\Users\samhe\OneDrive\Desktop\Cleaned\frontend\nod
e_modules\react-router\lib\components.tsx:421:13)
          at basename (C:\Users\samhe\OneDrive\Desktop\Cleaned\frontend\node_mo
dules\react-router\lib\components.tsx:225:3)

      77 |       setCurrentPassword('')
      78 |       setNewPassword('')
    > 79 |       setConfirmPassword('')
         |       ^
      80 |     } catch (err: any) {
      81 |       if (err?.status === 401) {
      82 |         setPasswordError('Current password is incorrect')

      at printWarning 
(node_modules/react-dom/cjs/react-dom.development.js:86:30)
      at error (node_modules/react-dom/cjs/react-dom.development.js:60:7)
      at warnIfUpdatesNotWrappedWithActDEV 
(node_modules/react-dom/cjs/react-dom.development.js:27628:9)
      at scheduleUpdateOnFiber 
(node_modules/react-dom/cjs/react-dom.development.js:25547:5)
      at dispatchSetState 
(node_modules/react-dom/cjs/react-dom.development.js:16708:7)
      at handleChangePassword (src/profile/ProfilePage.tsx:79:7)

    console.error
      Warning: An update to ProfilePage inside a test was not wrapped in 
act(...).
      
      When testing, code that causes React state updates should be wrapped 
into act(...):
      
      act(() => {
        /* fire events that update state */
      });
      /* assert on the output */
      
      This ensures that you're testing the behavior the user would see in the 
browser. Learn more at https://reactjs.org/link/wrap-tests-with-act
          at ProfilePage (C:\Users\samhe\OneDrive\Desktop\Cleaned\frontend\src\
profile\ProfilePage.tsx:17:41)
          at basenameProp (C:\Users\samhe\OneDrive\Desktop\Cleaned\frontend\nod
e_modules\react-router\lib\components.tsx:421:13)
          at basename (C:\Users\samhe\OneDrive\Desktop\Cleaned\frontend\node_mo
dules\react-router\lib\components.tsx:225:3)

      159 |               className="border border-gray-300 rounded-md px-3 
py-2 text-sm"
      160 |               value={currentPassword}
    > 161 |               onChange={e => setCurrentPassword(e.target.value)}
          |                              ^
      162 |             />
      163 |           </div>
      164 |

      at printWarning 
(node_modules/react-dom/cjs/react-dom.development.js:86:30)
      at error (node_modules/react-dom/cjs/react-dom.development.js:60:7)
      at warnIfUpdatesNotWrappedWithActDEV 
(node_modules/react-dom/cjs/react-dom.development.js:27628:9)
      at scheduleUpdateOnFiber 
(node_modules/react-dom/cjs/react-dom.development.js:25547:5)
      at dispatchSetState 
(node_modules/react-dom/cjs/react-dom.development.js:16708:7)
      at onChange (src/profile/ProfilePage.tsx:161:30)
      at HTMLUnknownElement.callCallback 
(node_modules/react-dom/cjs/react-dom.development.js:4164:14)
      at HTMLUnknownElement.callTheUserObjectsOperation 
(node_modules/jsdom/lib/jsdom/living/generated/EventListener.js:26:30)
      at innerInvokeEventListeners 
(node_modules/jsdom/lib/jsdom/living/events/EventTarget-impl.js:350:25)
      at invokeEventListeners 
(node_modules/jsdom/lib/jsdom/living/events/EventTarget-impl.js:286:3)
      at HTMLUnknownElementImpl._dispatch 
(node_modules/jsdom/lib/jsdom/living/events/EventTarget-impl.js:233:9)
      at HTMLUnknownElementImpl.dispatchEvent 
(node_modules/jsdom/lib/jsdom/living/events/EventTarget-impl.js:104:17)
      at HTMLUnknownElement.dispatchEvent 
(node_modules/jsdom/lib/jsdom/living/generated/EventTarget.js:241:34)
      at Object.invokeGuardedCallbackDev 
(node_modules/react-dom/cjs/react-dom.development.js:4213:16)
      at invokeGuardedCallback 
(node_modules/react-dom/cjs/react-dom.development.js:4277:31)
      at invokeGuardedCallbackAndCatchFirstError 
(node_modules/react-dom/cjs/react-dom.development.js:4291:25)
      at executeDispatch 
(node_modules/react-dom/cjs/react-dom.development.js:9041:3)
      at processDispatchQueueItemsInOrder 
(node_modules/react-dom/cjs/react-dom.development.js:9073:7)
      at processDispatchQueue 
(node_modules/react-dom/cjs/react-dom.development.js:9086:5)
      at dispatchEventsForPlugins 
(node_modules/react-dom/cjs/react-dom.development.js:9097:3)
      at node_modules/react-dom/cjs/react-dom.development.js:9288:12
      at batchedUpdates$1 
(node_modules/react-dom/cjs/react-dom.development.js:26179:12)
      at batchedUpdates 
(node_modules/react-dom/cjs/react-dom.development.js:3991:12)
      at dispatchEventForPluginEventSystem 
(node_modules/react-dom/cjs/react-dom.development.js:9287:3)
      at dispatchEventWithEnableCapturePhaseSelectiveHydrationWithoutDiscreteEv
entReplay (node_modules/react-dom/cjs/react-dom.development.js:6465:5)
      at dispatchEvent 
(node_modules/react-dom/cjs/react-dom.development.js:6457:5)
      at dispatchDiscreteEvent 
(node_modules/react-dom/cjs/react-dom.development.js:6430:5)
      at HTMLDivElement.callTheUserObjectsOperation 
(node_modules/jsdom/lib/jsdom/living/generated/EventListener.js:26:30)
      at innerInvokeEventListeners 
(node_modules/jsdom/lib/jsdom/living/events/EventTarget-impl.js:350:25)
      at invokeEventListeners 
(node_modules/jsdom/lib/jsdom/living/events/EventTarget-impl.js:286:3)
      at HTMLInputElementImpl._dispatch 
(node_modules/jsdom/lib/jsdom/living/events/EventTarget-impl.js:233:9)
      at HTMLInputElementImpl.dispatchEvent 
(node_modules/jsdom/lib/jsdom/living/events/EventTarget-impl.js:104:17)
      at HTMLInputElement.dispatchEvent 
(node_modules/jsdom/lib/jsdom/living/generated/EventTarget.js:241:34)
      at 
node_modules/@testing-library/user-event/dist/cjs/event/dispatchEvent.js:45:43
      at Object.eventWrapper 
(node_modules/@testing-library/dom/dist/config.js:25:23)
      at Object.wrapEvent 
(node_modules/@testing-library/user-event/dist/cjs/event/wrapEvent.js:6:28)
      at Object.dispatchEvent (node_modules/@testing-library/user-event/dist/cj
s/event/dispatchEvent.js:45:22)
      at Object.dispatchUIEvent (node_modules/@testing-library/user-event/dist/
cjs/event/dispatchEvent.js:22:26)
      at commitInput 
(node_modules/@testing-library/user-event/dist/cjs/event/input.js:145:14)
      at editInputElement 
(node_modules/@testing-library/user-event/dist/cjs/event/input.js:115:9)
      at Object.input 
(node_modules/@testing-library/user-event/dist/cjs/event/input.js:37:9)
      at node_modules/@testing-library/user-event/dist/cjs/event/behavior/keypr
ess.js:31:26
      at Object.dispatchEvent (node_modules/@testing-library/user-event/dist/cj
s/event/dispatchEvent.js:41:13)
      at Object.dispatchUIEvent (node_modules/@testing-library/user-event/dist/
cjs/event/dispatchEvent.js:22:26)
      at KeyboardHost.keydown 
(node_modules/@testing-library/user-event/dist/cjs/system/keyboard.js:76:22)
      at keyboardAction 
(node_modules/@testing-library/user-event/dist/cjs/keyboard/index.js:22:35)
      at Object.keyboard 
(node_modules/@testing-library/user-event/dist/cjs/keyboard/index.js:11:15)
      at Object.type 
(node_modules/@testing-library/user-event/dist/cjs/utility/type.js:17:5)
      at Object.<anonymous> (src/profile/__tests__/profile.test.tsx:214:5)

    console.error
      Warning: An update to ProfilePage inside a test was not wrapped in 
act(...).
      
      When testing, code that causes React state updates should be wrapped 
into act(...):
      
      act(() => {
        /* fire events that update state */
      });
      /* assert on the output */
      
      This ensures that you're testing the behavior the user would see in the 
browser. Learn more at https://reactjs.org/link/wrap-tests-with-act
          at ProfilePage (C:\Users\samhe\OneDrive\Desktop\Cleaned\frontend\src\
profile\ProfilePage.tsx:17:41)
          at basenameProp (C:\Users\samhe\OneDrive\Desktop\Cleaned\frontend\nod
e_modules\react-router\lib\components.tsx:421:13)
          at basename (C:\Users\samhe\OneDrive\Desktop\Cleaned\frontend\node_mo
dules\react-router\lib\components.tsx:225:3)

      159 |               className="border border-gray-300 rounded-md px-3 
py-2 text-sm"
      160 |               value={currentPassword}
    > 161 |               onChange={e => setCurrentPassword(e.target.value)}
          |                              ^
      162 |             />
      163 |           </div>
      164 |

      at printWarning 
(node_modules/react-dom/cjs/react-dom.development.js:86:30)
      at error (node_modules/react-dom/cjs/react-dom.development.js:60:7)
      at warnIfUpdatesNotWrappedWithActDEV 
(node_modules/react-dom/cjs/react-dom.development.js:27628:9)
      at scheduleUpdateOnFiber 
(node_modules/react-dom/cjs/react-dom.development.js:25547:5)
      at dispatchSetState 
(node_modules/react-dom/cjs/react-dom.development.js:16708:7)
      at onChange (src/profile/ProfilePage.tsx:161:30)
      at HTMLUnknownElement.callCallback 
(node_modules/react-dom/cjs/react-dom.development.js:4164:14)
      at HTMLUnknownElement.callTheUserObjectsOperation 
(node_modules/jsdom/lib/jsdom/living/generated/EventListener.js:26:30)
      at innerInvokeEventListeners 
(node_modules/jsdom/lib/jsdom/living/events/EventTarget-impl.js:350:25)
      at invokeEventListeners 
(node_modules/jsdom/lib/jsdom/living/events/EventTarget-impl.js:286:3)
      at HTMLUnknownElementImpl._dispatch 
(node_modules/jsdom/lib/jsdom/living/events/EventTarget-impl.js:233:9)
      at HTMLUnknownElementImpl.dispatchEvent 
(node_modules/jsdom/lib/jsdom/living/events/EventTarget-impl.js:104:17)
      at HTMLUnknownElement.dispatchEvent 
(node_modules/jsdom/lib/jsdom/living/generated/EventTarget.js:241:34)
      at Object.invokeGuardedCallbackDev 
(node_modules/react-dom/cjs/react-dom.development.js:4213:16)
      at invokeGuardedCallback 
(node_modules/react-dom/cjs/react-dom.development.js:4277:31)
      at invokeGuardedCallbackAndCatchFirstError 
(node_modules/react-dom/cjs/react-dom.development.js:4291:25)
      at executeDispatch 
(node_modules/react-dom/cjs/react-dom.development.js:9041:3)
      at processDispatchQueueItemsInOrder 
(node_modules/react-dom/cjs/react-dom.development.js:9073:7)
      at processDispatchQueue 
(node_modules/react-dom/cjs/react-dom.development.js:9086:5)
      at dispatchEventsForPlugins 
(node_modules/react-dom/cjs/react-dom.development.js:9097:3)
      at node_modules/react-dom/cjs/react-dom.development.js:9288:12
      at batchedUpdates$1 
(node_modules/react-dom/cjs/react-dom.development.js:26179:12)
      at batchedUpdates 
(node_modules/react-dom/cjs/react-dom.development.js:3991:12)
      at dispatchEventForPluginEventSystem 
(node_modules/react-dom/cjs/react-dom.development.js:9287:3)
      at dispatchEventWithEnableCapturePhaseSelectiveHydrationWithoutDiscreteEv
entReplay (node_modules/react-dom/cjs/react-dom.development.js:6465:5)
      at dispatchEvent 
(node_modules/react-dom/cjs/react-dom.development.js:6457:5)
      at dispatchDiscreteEvent 
(node_modules/react-dom/cjs/react-dom.development.js:6430:5)
      at HTMLDivElement.callTheUserObjectsOperation 
(node_modules/jsdom/lib/jsdom/living/generated/EventListener.js:26:30)
      at innerInvokeEventListeners 
(node_modules/jsdom/lib/jsdom/living/events/EventTarget-impl.js:350:25)
      at invokeEventListeners 
(node_modules/jsdom/lib/jsdom/living/events/EventTarget-impl.js:286:3)
      at HTMLInputElementImpl._dispatch 
(node_modules/jsdom/lib/jsdom/living/events/EventTarget-impl.js:233:9)
      at HTMLInputElementImpl.dispatchEvent 
(node_modules/jsdom/lib/jsdom/living/events/EventTarget-impl.js:104:17)
      at HTMLInputElement.dispatchEvent 
(node_modules/jsdom/lib/jsdom/living/generated/EventTarget.js:241:34)
      at 
node_modules/@testing-library/user-event/dist/cjs/event/dispatchEvent.js:45:43
      at Object.eventWrapper 
(node_modules/@testing-library/dom/dist/config.js:25:23)
      at Object.wrapEvent 
(node_modules/@testing-library/user-event/dist/cjs/event/wrapEvent.js:6:28)
      at Object.dispatchEvent (node_modules/@testing-library/user-event/dist/cj
s/event/dispatchEvent.js:45:22)
      at Object.dispatchUIEvent (node_modules/@testing-library/user-event/dist/
cjs/event/dispatchEvent.js:22:26)
      at commitInput 
(node_modules/@testing-library/user-event/dist/cjs/event/input.js:145:14)
      at editInputElement 
(node_modules/@testing-library/user-event/dist/cjs/event/input.js:115:9)
      at Object.input 
(node_modules/@testing-library/user-event/dist/cjs/event/input.js:37:9)
      at node_modules/@testing-library/user-event/dist/cjs/event/behavior/keypr
ess.js:31:26
      at Object.dispatchEvent (node_modules/@testing-library/user-event/dist/cj
s/event/dispatchEvent.js:41:13)
      at Object.dispatchUIEvent (node_modules/@testing-library/user-event/dist/
cjs/event/dispatchEvent.js:22:26)
      at KeyboardHost.keydown 
(node_modules/@testing-library/user-event/dist/cjs/system/keyboard.js:76:22)
      at keyboardAction 
(node_modules/@testing-library/user-event/dist/cjs/keyboard/index.js:22:35)
      at Object.keyboard 
(node_modules/@testing-library/user-event/dist/cjs/keyboard/index.js:11:15)
      at Object.type 
(node_modules/@testing-library/user-event/dist/cjs/utility/type.js:17:5)
      at Object.<anonymous> (src/profile/__tests__/profile.test.tsx:214:5)

    console.error
      Warning: An update to ProfilePage inside a test was not wrapped in 
act(...).
      
      When testing, code that causes React state updates should be wrapped 
into act(...):
      
      act(() => {
        /* fire events that update state */
      });
      /* assert on the output */
      
      This ensures that you're testing the behavior the user would see in the 
browser. Learn more at https://reactjs.org/link/wrap-tests-with-act
          at ProfilePage (C:\Users\samhe\OneDrive\Desktop\Cleaned\frontend\src\
profile\ProfilePage.tsx:17:41)
          at basenameProp (C:\Users\samhe\OneDrive\Desktop\Cleaned\frontend\nod
e_modules\react-router\lib\components.tsx:421:13)
          at basename (C:\Users\samhe\OneDrive\Desktop\Cleaned\frontend\node_mo
dules\react-router\lib\components.tsx:225:3)

      159 |               className="border border-gray-300 rounded-md px-3 
py-2 text-sm"
      160 |               value={currentPassword}
    > 161 |               onChange={e => setCurrentPassword(e.target.value)}
          |                              ^
      162 |             />
      163 |           </div>
      164 |

      at printWarning 
(node_modules/react-dom/cjs/react-dom.development.js:86:30)
      at error (node_modules/react-dom/cjs/react-dom.development.js:60:7)
      at warnIfUpdatesNotWrappedWithActDEV 
(node_modules/react-dom/cjs/react-dom.development.js:27628:9)
      at scheduleUpdateOnFiber 
(node_modules/react-dom/cjs/react-dom.development.js:25547:5)
      at dispatchSetState 
(node_modules/react-dom/cjs/react-dom.development.js:16708:7)
      at onChange (src/profile/ProfilePage.tsx:161:30)
      at HTMLUnknownElement.callCallback 
(node_modules/react-dom/cjs/react-dom.development.js:4164:14)
      at HTMLUnknownElement.callTheUserObjectsOperation 
(node_modules/jsdom/lib/jsdom/living/generated/EventListener.js:26:30)
      at innerInvokeEventListeners 
(node_modules/jsdom/lib/jsdom/living/events/EventTarget-impl.js:350:25)
      at invokeEventListeners 
(node_modules/jsdom/lib/jsdom/living/events/EventTarget-impl.js:286:3)
      at HTMLUnknownElementImpl._dispatch 
(node_modules/jsdom/lib/jsdom/living/events/EventTarget-impl.js:233:9)
      at HTMLUnknownElementImpl.dispatchEvent 
(node_modules/jsdom/lib/jsdom/living/events/EventTarget-impl.js:104:17)
      at HTMLUnknownElement.dispatchEvent 
(node_modules/jsdom/lib/jsdom/living/generated/EventTarget.js:241:34)
      at Object.invokeGuardedCallbackDev 
(node_modules/react-dom/cjs/react-dom.development.js:4213:16)
      at invokeGuardedCallback 
(node_modules/react-dom/cjs/react-dom.development.js:4277:31)
      at invokeGuardedCallbackAndCatchFirstError 
(node_modules/react-dom/cjs/react-dom.development.js:4291:25)
      at executeDispatch 
(node_modules/react-dom/cjs/react-dom.development.js:9041:3)
      at processDispatchQueueItemsInOrder 
(node_modules/react-dom/cjs/react-dom.development.js:9073:7)
      at processDispatchQueue 
(node_modules/react-dom/cjs/react-dom.development.js:9086:5)
      at dispatchEventsForPlugins 
(node_modules/react-dom/cjs/react-dom.development.js:9097:3)
      at node_modules/react-dom/cjs/react-dom.development.js:9288:12
      at batchedUpdates$1 
(node_modules/react-dom/cjs/react-dom.development.js:26179:12)
      at batchedUpdates 
(node_modules/react-dom/cjs/react-dom.development.js:3991:12)
      at dispatchEventForPluginEventSystem 
(node_modules/react-dom/cjs/react-dom.development.js:9287:3)
      at dispatchEventWithEnableCapturePhaseSelectiveHydrationWithoutDiscreteEv
entReplay (node_modules/react-dom/cjs/react-dom.development.js:6465:5)
      at dispatchEvent 
(node_modules/react-dom/cjs/react-dom.development.js:6457:5)
      at dispatchDiscreteEvent 
(node_modules/react-dom/cjs/react-dom.development.js:6430:5)
      at HTMLDivElement.callTheUserObjectsOperation 
(node_modules/jsdom/lib/jsdom/living/generated/EventListener.js:26:30)
      at innerInvokeEventListeners 
(node_modules/jsdom/lib/jsdom/living/events/EventTarget-impl.js:350:25)
      at invokeEventListeners 
(node_modules/jsdom/lib/jsdom/living/events/EventTarget-impl.js:286:3)
      at HTMLInputElementImpl._dispatch 
(node_modules/jsdom/lib/jsdom/living/events/EventTarget-impl.js:233:9)
      at HTMLInputElementImpl.dispatchEvent 
(node_modules/jsdom/lib/jsdom/living/events/EventTarget-impl.js:104:17)
      at HTMLInputElement.dispatchEvent 
(node_modules/jsdom/lib/jsdom/living/generated/EventTarget.js:241:34)
      at 
node_modules/@testing-library/user-event/dist/cjs/event/dispatchEvent.js:45:43
      at Object.eventWrapper 
(node_modules/@testing-library/dom/dist/config.js:25:23)
      at Object.wrapEvent 
(node_modules/@testing-library/user-event/dist/cjs/event/wrapEvent.js:6:28)
      at Object.dispatchEvent (node_modules/@testing-library/user-event/dist/cj
s/event/dispatchEvent.js:45:22)
      at Object.dispatchUIEvent (node_modules/@testing-library/user-event/dist/
cjs/event/dispatchEvent.js:22:26)
      at commitInput 
(node_modules/@testing-library/user-event/dist/cjs/event/input.js:145:14)
      at editInputElement 
(node_modules/@testing-library/user-event/dist/cjs/event/input.js:115:9)
      at Object.input 
(node_modules/@testing-library/user-event/dist/cjs/event/input.js:37:9)
      at node_modules/@testing-library/user-event/dist/cjs/event/behavior/keypr
ess.js:31:26
      at Object.dispatchEvent (node_modules/@testing-library/user-event/dist/cj
s/event/dispatchEvent.js:41:13)
      at Object.dispatchUIEvent (node_modules/@testing-library/user-event/dist/
cjs/event/dispatchEvent.js:22:26)
      at KeyboardHost.keydown 
(node_modules/@testing-library/user-event/dist/cjs/system/keyboard.js:76:22)
      at keyboardAction 
(node_modules/@testing-library/user-event/dist/cjs/keyboard/index.js:22:35)
      at Object.keyboard 
(node_modules/@testing-library/user-event/dist/cjs/keyboard/index.js:11:15)
      at Object.type 
(node_modules/@testing-library/user-event/dist/cjs/utility/type.js:17:5)
      at Object.<anonymous> (src/profile/__tests__/profile.test.tsx:214:5)

    console.error
      Warning: An update to ProfilePage inside a test was not wrapped in 
act(...).
      
      When testing, code that causes React state updates should be wrapped 
into act(...):
      
      act(() => {
        /* fire events that update state */
      });
      /* assert on the output */
      
      This ensures that you're testing the behavior the user would see in the 
browser. Learn more at https://reactjs.org/link/wrap-tests-with-act
          at ProfilePage (C:\Users\samhe\OneDrive\Desktop\Cleaned\frontend\src\
profile\ProfilePage.tsx:17:41)
          at basenameProp (C:\Users\samhe\OneDrive\Desktop\Cleaned\frontend\nod
e_modules\react-router\lib\components.tsx:421:13)
          at basename (C:\Users\samhe\OneDrive\Desktop\Cleaned\frontend\node_mo
dules\react-router\lib\components.tsx:225:3)

      159 |               className="border border-gray-300 rounded-md px-3 
py-2 text-sm"
      160 |               value={currentPassword}
    > 161 |               onChange={e => setCurrentPassword(e.target.value)}
          |                              ^
      162 |             />
      163 |           </div>
      164 |

      at printWarning 
(node_modules/react-dom/cjs/react-dom.development.js:86:30)
      at error (node_modules/react-dom/cjs/react-dom.development.js:60:7)
      at warnIfUpdatesNotWrappedWithActDEV 
(node_modules/react-dom/cjs/react-dom.development.js:27628:9)
      at scheduleUpdateOnFiber 
(node_modules/react-dom/cjs/react-dom.development.js:25547:5)
      at dispatchSetState 
(node_modules/react-dom/cjs/react-dom.development.js:16708:7)
      at onChange (src/profile/ProfilePage.tsx:161:30)
      at HTMLUnknownElement.callCallback 
(node_modules/react-dom/cjs/react-dom.development.js:4164:14)
      at HTMLUnknownElement.callTheUserObjectsOperation 
(node_modules/jsdom/lib/jsdom/living/generated/EventListener.js:26:30)
      at innerInvokeEventListeners 
(node_modules/jsdom/lib/jsdom/living/events/EventTarget-impl.js:350:25)
      at invokeEventListeners 
(node_modules/jsdom/lib/jsdom/living/events/EventTarget-impl.js:286:3)
      at HTMLUnknownElementImpl._dispatch 
(node_modules/jsdom/lib/jsdom/living/events/EventTarget-impl.js:233:9)
      at HTMLUnknownElementImpl.dispatchEvent 
(node_modules/jsdom/lib/jsdom/living/events/EventTarget-impl.js:104:17)
      at HTMLUnknownElement.dispatchEvent 
(node_modules/jsdom/lib/jsdom/living/generated/EventTarget.js:241:34)
      at Object.invokeGuardedCallbackDev 
(node_modules/react-dom/cjs/react-dom.development.js:4213:16)
      at invokeGuardedCallback 
(node_modules/react-dom/cjs/react-dom.development.js:4277:31)
      at invokeGuardedCallbackAndCatchFirstError 
(node_modules/react-dom/cjs/react-dom.development.js:4291:25)
      at executeDispatch 
(node_modules/react-dom/cjs/react-dom.development.js:9041:3)
      at processDispatchQueueItemsInOrder 
(node_modules/react-dom/cjs/react-dom.development.js:9073:7)
      at processDispatchQueue 
(node_modules/react-dom/cjs/react-dom.development.js:9086:5)
      at dispatchEventsForPlugins 
(node_modules/react-dom/cjs/react-dom.development.js:9097:3)
      at node_modules/react-dom/cjs/react-dom.development.js:9288:12
      at batchedUpdates$1 
(node_modules/react-dom/cjs/react-dom.development.js:26179:12)
      at batchedUpdates 
(node_modules/react-dom/cjs/react-dom.development.js:3991:12)
      at dispatchEventForPluginEventSystem 
(node_modules/react-dom/cjs/react-dom.development.js:9287:3)
      at dispatchEventWithEnableCapturePhaseSelectiveHydrationWithoutDiscreteEv
entReplay (node_modules/react-dom/cjs/react-dom.development.js:6465:5)
      at dispatchEvent 
(node_modules/react-dom/cjs/react-dom.development.js:6457:5)
      at dispatchDiscreteEvent 
(node_modules/react-dom/cjs/react-dom.development.js:6430:5)
      at HTMLDivElement.callTheUserObjectsOperation 
(node_modules/jsdom/lib/jsdom/living/generated/EventListener.js:26:30)
      at innerInvokeEventListeners 
(node_modules/jsdom/lib/jsdom/living/events/EventTarget-impl.js:350:25)
      at invokeEventListeners 
(node_modules/jsdom/lib/jsdom/living/events/EventTarget-impl.js:286:3)
      at HTMLInputElementImpl._dispatch 
(node_modules/jsdom/lib/jsdom/living/events/EventTarget-impl.js:233:9)
      at HTMLInputElementImpl.dispatchEvent 
(node_modules/jsdom/lib/jsdom/living/events/EventTarget-impl.js:104:17)
      at HTMLInputElement.dispatchEvent 
(node_modules/jsdom/lib/jsdom/living/generated/EventTarget.js:241:34)
      at 
node_modules/@testing-library/user-event/dist/cjs/event/dispatchEvent.js:45:43
      at Object.eventWrapper 
(node_modules/@testing-library/dom/dist/config.js:25:23)
      at Object.wrapEvent 
(node_modules/@testing-library/user-event/dist/cjs/event/wrapEvent.js:6:28)
      at Object.dispatchEvent (node_modules/@testing-library/user-event/dist/cj
s/event/dispatchEvent.js:45:22)
      at Object.dispatchUIEvent (node_modules/@testing-library/user-event/dist/
cjs/event/dispatchEvent.js:22:26)
      at commitInput 
(node_modules/@testing-library/user-event/dist/cjs/event/input.js:145:14)
      at editInputElement 
(node_modules/@testing-library/user-event/dist/cjs/event/input.js:115:9)
      at Object.input 
(node_modules/@testing-library/user-event/dist/cjs/event/input.js:37:9)
      at node_modules/@testing-library/user-event/dist/cjs/event/behavior/keypr
ess.js:31:26
      at Object.dispatchEvent (node_modules/@testing-library/user-event/dist/cj
s/event/dispatchEvent.js:41:13)
      at Object.dispatchUIEvent (node_modules/@testing-library/user-event/dist/
cjs/event/dispatchEvent.js:22:26)
      at KeyboardHost.keydown 
(node_modules/@testing-library/user-event/dist/cjs/system/keyboard.js:76:22)
      at keyboardAction 
(node_modules/@testing-library/user-event/dist/cjs/keyboard/index.js:22:35)
      at Object.keyboard 
(node_modules/@testing-library/user-event/dist/cjs/keyboard/index.js:11:15)
      at Object.type 
(node_modules/@testing-library/user-event/dist/cjs/utility/type.js:17:5)
      at Object.<anonymous> (src/profile/__tests__/profile.test.tsx:214:5)

    console.error
      Warning: An update to ProfilePage inside a test was not wrapped in 
act(...).
      
      When testing, code that causes React state updates should be wrapped 
into act(...):
      
      act(() => {
        /* fire events that update state */
      });
      /* assert on the output */
      
      This ensures that you're testing the behavior the user would see in the 
browser. Learn more at https://reactjs.org/link/wrap-tests-with-act
          at ProfilePage (C:\Users\samhe\OneDrive\Desktop\Cleaned\frontend\src\
profile\ProfilePage.tsx:17:41)
          at basenameProp (C:\Users\samhe\OneDrive\Desktop\Cleaned\frontend\nod
e_modules\react-router\lib\components.tsx:421:13)
          at basename (C:\Users\samhe\OneDrive\Desktop\Cleaned\frontend\node_mo
dules\react-router\lib\components.tsx:225:3)

      159 |               className="border border-gray-300 rounded-md px-3 
py-2 text-sm"
      160 |               value={currentPassword}
    > 161 |               onChange={e => setCurrentPassword(e.target.value)}
          |                              ^
      162 |             />
      163 |           </div>
      164 |

      at printWarning 
(node_modules/react-dom/cjs/react-dom.development.js:86:30)
      at error (node_modules/react-dom/cjs/react-dom.development.js:60:7)
      at warnIfUpdatesNotWrappedWithActDEV 
(node_modules/react-dom/cjs/react-dom.development.js:27628:9)
      at scheduleUpdateOnFiber 
(node_modules/react-dom/cjs/react-dom.development.js:25547:5)
      at dispatchSetState 
(node_modules/react-dom/cjs/react-dom.development.js:16708:7)
      at onChange (src/profile/ProfilePage.tsx:161:30)
      at HTMLUnknownElement.callCallback 
(node_modules/react-dom/cjs/react-dom.development.js:4164:14)
      at HTMLUnknownElement.callTheUserObjectsOperation 
(node_modules/jsdom/lib/jsdom/living/generated/EventListener.js:26:30)
      at innerInvokeEventListeners 
(node_modules/jsdom/lib/jsdom/living/events/EventTarget-impl.js:350:25)
      at invokeEventListeners 
(node_modules/jsdom/lib/jsdom/living/events/EventTarget-impl.js:286:3)
      at HTMLUnknownElementImpl._dispatch 
(node_modules/jsdom/lib/jsdom/living/events/EventTarget-impl.js:233:9)
      at HTMLUnknownElementImpl.dispatchEvent 
(node_modules/jsdom/lib/jsdom/living/events/EventTarget-impl.js:104:17)
      at HTMLUnknownElement.dispatchEvent 
(node_modules/jsdom/lib/jsdom/living/generated/EventTarget.js:241:34)
      at Object.invokeGuardedCallbackDev 
(node_modules/react-dom/cjs/react-dom.development.js:4213:16)
      at invokeGuardedCallback 
(node_modules/react-dom/cjs/react-dom.development.js:4277:31)
      at invokeGuardedCallbackAndCatchFirstError 
(node_modules/react-dom/cjs/react-dom.development.js:4291:25)
      at executeDispatch 
(node_modules/react-dom/cjs/react-dom.development.js:9041:3)
      at processDispatchQueueItemsInOrder 
(node_modules/react-dom/cjs/react-dom.development.js:9073:7)
      at processDispatchQueue 
(node_modules/react-dom/cjs/react-dom.development.js:9086:5)
      at dispatchEventsForPlugins 
(node_modules/react-dom/cjs/react-dom.development.js:9097:3)
      at node_modules/react-dom/cjs/react-dom.development.js:9288:12
      at batchedUpdates$1 
(node_modules/react-dom/cjs/react-dom.development.js:26179:12)
      at batchedUpdates 
(node_modules/react-dom/cjs/react-dom.development.js:3991:12)
      at dispatchEventForPluginEventSystem 
(node_modules/react-dom/cjs/react-dom.development.js:9287:3)
      at dispatchEventWithEnableCapturePhaseSelectiveHydrationWithoutDiscreteEv
entReplay (node_modules/react-dom/cjs/react-dom.development.js:6465:5)
      at dispatchEvent 
(node_modules/react-dom/cjs/react-dom.development.js:6457:5)
      at dispatchDiscreteEvent 
(node_modules/react-dom/cjs/react-dom.development.js:6430:5)
      at HTMLDivElement.callTheUserObjectsOperation 
(node_modules/jsdom/lib/jsdom/living/generated/EventListener.js:26:30)
      at innerInvokeEventListeners 
(node_modules/jsdom/lib/jsdom/living/events/EventTarget-impl.js:350:25)
      at invokeEventListeners 
(node_modules/jsdom/lib/jsdom/living/events/EventTarget-impl.js:286:3)
      at HTMLInputElementImpl._dispatch 
(node_modules/jsdom/lib/jsdom/living/events/EventTarget-impl.js:233:9)
      at HTMLInputElementImpl.dispatchEvent 
(node_modules/jsdom/lib/jsdom/living/events/EventTarget-impl.js:104:17)
      at HTMLInputElement.dispatchEvent 
(node_modules/jsdom/lib/jsdom/living/generated/EventTarget.js:241:34)
      at 
node_modules/@testing-library/user-event/dist/cjs/event/dispatchEvent.js:45:43
      at Object.eventWrapper 
(node_modules/@testing-library/dom/dist/config.js:25:23)
      at Object.wrapEvent 
(node_modules/@testing-library/user-event/dist/cjs/event/wrapEvent.js:6:28)
      at Object.dispatchEvent (node_modules/@testing-library/user-event/dist/cj
s/event/dispatchEvent.js:45:22)
      at Object.dispatchUIEvent (node_modules/@testing-library/user-event/dist/
cjs/event/dispatchEvent.js:22:26)
      at commitInput 
(node_modules/@testing-library/user-event/dist/cjs/event/input.js:145:14)
      at editInputElement 
(node_modules/@testing-library/user-event/dist/cjs/event/input.js:115:9)
      at Object.input 
(node_modules/@testing-library/user-event/dist/cjs/event/input.js:37:9)
      at node_modules/@testing-library/user-event/dist/cjs/event/behavior/keypr
ess.js:31:26
      at Object.dispatchEvent (node_modules/@testing-library/user-event/dist/cj
s/event/dispatchEvent.js:41:13)
      at Object.dispatchUIEvent (node_modules/@testing-library/user-event/dist/
cjs/event/dispatchEvent.js:22:26)
      at KeyboardHost.keydown 
(node_modules/@testing-library/user-event/dist/cjs/system/keyboard.js:76:22)
      at keyboardAction 
(node_modules/@testing-library/user-event/dist/cjs/keyboard/index.js:22:35)
      at Object.keyboard 
(node_modules/@testing-library/user-event/dist/cjs/keyboard/index.js:11:15)
      at Object.type 
(node_modules/@testing-library/user-event/dist/cjs/utility/type.js:17:5)
      at Object.<anonymous> (src/profile/__tests__/profile.test.tsx:214:5)

    console.error
      Warning: An update to ProfilePage inside a test was not wrapped in 
act(...).
      
      When testing, code that causes React state updates should be wrapped 
into act(...):
      
      act(() => {
        /* fire events that update state */
      });
      /* assert on the output */
      
      This ensures that you're testing the behavior the user would see in the 
browser. Learn more at https://reactjs.org/link/wrap-tests-with-act
          at ProfilePage (C:\Users\samhe\OneDrive\Desktop\Cleaned\frontend\src\
profile\ProfilePage.tsx:17:41)
          at basenameProp (C:\Users\samhe\OneDrive\Desktop\Cleaned\frontend\nod
e_modules\react-router\lib\components.tsx:421:13)
          at basename (C:\Users\samhe\OneDrive\Desktop\Cleaned\frontend\node_mo
dules\react-router\lib\components.tsx:225:3)

      159 |               className="border border-gray-300 rounded-md px-3 
py-2 text-sm"
      160 |               value={currentPassword}
    > 161 |               onChange={e => setCurrentPassword(e.target.value)}
          |                              ^
      162 |             />
      163 |           </div>
      164 |

      at printWarning 
(node_modules/react-dom/cjs/react-dom.development.js:86:30)
      at error (node_modules/react-dom/cjs/react-dom.development.js:60:7)
      at warnIfUpdatesNotWrappedWithActDEV 
(node_modules/react-dom/cjs/react-dom.development.js:27628:9)
      at scheduleUpdateOnFiber 
(node_modules/react-dom/cjs/react-dom.development.js:25547:5)
      at dispatchSetState 
(node_modules/react-dom/cjs/react-dom.development.js:16708:7)
      at onChange (src/profile/ProfilePage.tsx:161:30)
      at HTMLUnknownElement.callCallback 
(node_modules/react-dom/cjs/react-dom.development.js:4164:14)
      at HTMLUnknownElement.callTheUserObjectsOperation 
(node_modules/jsdom/lib/jsdom/living/generated/EventListener.js:26:30)
      at innerInvokeEventListeners 
(node_modules/jsdom/lib/jsdom/living/events/EventTarget-impl.js:350:25)
      at invokeEventListeners 
(node_modules/jsdom/lib/jsdom/living/events/EventTarget-impl.js:286:3)
      at HTMLUnknownElementImpl._dispatch 
(node_modules/jsdom/lib/jsdom/living/events/EventTarget-impl.js:233:9)
      at HTMLUnknownElementImpl.dispatchEvent 
(node_modules/jsdom/lib/jsdom/living/events/EventTarget-impl.js:104:17)
      at HTMLUnknownElement.dispatchEvent 
(node_modules/jsdom/lib/jsdom/living/generated/EventTarget.js:241:34)
      at Object.invokeGuardedCallbackDev 
(node_modules/react-dom/cjs/react-dom.development.js:4213:16)
      at invokeGuardedCallback 
(node_modules/react-dom/cjs/react-dom.development.js:4277:31)
      at invokeGuardedCallbackAndCatchFirstError 
(node_modules/react-dom/cjs/react-dom.development.js:4291:25)
      at executeDispatch 
(node_modules/react-dom/cjs/react-dom.development.js:9041:3)
      at processDispatchQueueItemsInOrder 
(node_modules/react-dom/cjs/react-dom.development.js:9073:7)
      at processDispatchQueue 
(node_modules/react-dom/cjs/react-dom.development.js:9086:5)
      at dispatchEventsForPlugins 
(node_modules/react-dom/cjs/react-dom.development.js:9097:3)
      at node_modules/react-dom/cjs/react-dom.development.js:9288:12
      at batchedUpdates$1 
(node_modules/react-dom/cjs/react-dom.development.js:26179:12)
      at batchedUpdates 
(node_modules/react-dom/cjs/react-dom.development.js:3991:12)
      at dispatchEventForPluginEventSystem 
(node_modules/react-dom/cjs/react-dom.development.js:9287:3)
      at dispatchEventWithEnableCapturePhaseSelectiveHydrationWithoutDiscreteEv
entReplay (node_modules/react-dom/cjs/react-dom.development.js:6465:5)
      at dispatchEvent 
(node_modules/react-dom/cjs/react-dom.development.js:6457:5)
      at dispatchDiscreteEvent 
(node_modules/react-dom/cjs/react-dom.development.js:6430:5)
      at HTMLDivElement.callTheUserObjectsOperation 
(node_modules/jsdom/lib/jsdom/living/generated/EventListener.js:26:30)
      at innerInvokeEventListeners 
(node_modules/jsdom/lib/jsdom/living/events/EventTarget-impl.js:350:25)
      at invokeEventListeners 
(node_modules/jsdom/lib/jsdom/living/events/EventTarget-impl.js:286:3)
      at HTMLInputElementImpl._dispatch 
(node_modules/jsdom/lib/jsdom/living/events/EventTarget-impl.js:233:9)
      at HTMLInputElementImpl.dispatchEvent 
(node_modules/jsdom/lib/jsdom/living/events/EventTarget-impl.js:104:17)
      at HTMLInputElement.dispatchEvent 
(node_modules/jsdom/lib/jsdom/living/generated/EventTarget.js:241:34)
      at 
node_modules/@testing-library/user-event/dist/cjs/event/dispatchEvent.js:45:43
      at Object.eventWrapper 
(node_modules/@testing-library/dom/dist/config.js:25:23)
      at Object.wrapEvent 
(node_modules/@testing-library/user-event/dist/cjs/event/wrapEvent.js:6:28)
      at Object.dispatchEvent (node_modules/@testing-library/user-event/dist/cj
s/event/dispatchEvent.js:45:22)
      at Object.dispatchUIEvent (node_modules/@testing-library/user-event/dist/
cjs/event/dispatchEvent.js:22:26)
      at commitInput 
(node_modules/@testing-library/user-event/dist/cjs/event/input.js:145:14)
      at editInputElement 
(node_modules/@testing-library/user-event/dist/cjs/event/input.js:115:9)
      at Object.input 
(node_modules/@testing-library/user-event/dist/cjs/event/input.js:37:9)
      at node_modules/@testing-library/user-event/dist/cjs/event/behavior/keypr
ess.js:31:26
      at Object.dispatchEvent (node_modules/@testing-library/user-event/dist/cj
s/event/dispatchEvent.js:41:13)
      at Object.dispatchUIEvent (node_modules/@testing-library/user-event/dist/
cjs/event/dispatchEvent.js:22:26)
      at KeyboardHost.keydown 
(node_modules/@testing-library/user-event/dist/cjs/system/keyboard.js:76:22)
      at keyboardAction 
(node_modules/@testing-library/user-event/dist/cjs/keyboard/index.js:22:35)
      at Object.keyboard 
(node_modules/@testing-library/user-event/dist/cjs/keyboard/index.js:11:15)
      at Object.type 
(node_modules/@testing-library/user-event/dist/cjs/utility/type.js:17:5)
      at Object.<anonymous> (src/profile/__tests__/profile.test.tsx:214:5)

    console.error
      Warning: An update to ProfilePage inside a test was not wrapped in 
act(...).
      
      When testing, code that causes React state updates should be wrapped 
into act(...):
      
      act(() => {
        /* fire events that update state */
      });
      /* assert on the output */
      
      This ensures that you're testing the behavior the user would see in the 
browser. Learn more at https://reactjs.org/link/wrap-tests-with-act
          at ProfilePage (C:\Users\samhe\OneDrive\Desktop\Cleaned\frontend\src\
profile\ProfilePage.tsx:17:41)
          at basenameProp (C:\Users\samhe\OneDrive\Desktop\Cleaned\frontend\nod
e_modules\react-router\lib\components.tsx:421:13)
          at basename (C:\Users\samhe\OneDrive\Desktop\Cleaned\frontend\node_mo
dules\react-router\lib\components.tsx:225:3)

      159 |               className="border border-gray-300 rounded-md px-3 
py-2 text-sm"
      160 |               value={currentPassword}
    > 161 |               onChange={e => setCurrentPassword(e.target.value)}
          |                              ^
      162 |             />
      163 |           </div>
      164 |

      at printWarning 
(node_modules/react-dom/cjs/react-dom.development.js:86:30)
      at error (node_modules/react-dom/cjs/react-dom.development.js:60:7)
      at warnIfUpdatesNotWrappedWithActDEV 
(node_modules/react-dom/cjs/react-dom.development.js:27628:9)
      at scheduleUpdateOnFiber 
(node_modules/react-dom/cjs/react-dom.development.js:25547:5)
      at dispatchSetState 
(node_modules/react-dom/cjs/react-dom.development.js:16708:7)
      at onChange (src/profile/ProfilePage.tsx:161:30)
      at HTMLUnknownElement.callCallback 
(node_modules/react-dom/cjs/react-dom.development.js:4164:14)
      at HTMLUnknownElement.callTheUserObjectsOperation 
(node_modules/jsdom/lib/jsdom/living/generated/EventListener.js:26:30)
      at innerInvokeEventListeners 
(node_modules/jsdom/lib/jsdom/living/events/EventTarget-impl.js:350:25)
      at invokeEventListeners 
(node_modules/jsdom/lib/jsdom/living/events/EventTarget-impl.js:286:3)
      at HTMLUnknownElementImpl._dispatch 
(node_modules/jsdom/lib/jsdom/living/events/EventTarget-impl.js:233:9)
      at HTMLUnknownElementImpl.dispatchEvent 
(node_modules/jsdom/lib/jsdom/living/events/EventTarget-impl.js:104:17)
      at HTMLUnknownElement.dispatchEvent 
(node_modules/jsdom/lib/jsdom/living/generated/EventTarget.js:241:34)
      at Object.invokeGuardedCallbackDev 
(node_modules/react-dom/cjs/react-dom.development.js:4213:16)
      at invokeGuardedCallback 
(node_modules/react-dom/cjs/react-dom.development.js:4277:31)
      at invokeGuardedCallbackAndCatchFirstError 
(node_modules/react-dom/cjs/react-dom.development.js:4291:25)
      at executeDispatch 
(node_modules/react-dom/cjs/react-dom.development.js:9041:3)
      at processDispatchQueueItemsInOrder 
(node_modules/react-dom/cjs/react-dom.development.js:9073:7)
      at processDispatchQueue 
(node_modules/react-dom/cjs/react-dom.development.js:9086:5)
      at dispatchEventsForPlugins 
(node_modules/react-dom/cjs/react-dom.development.js:9097:3)
      at node_modules/react-dom/cjs/react-dom.development.js:9288:12
      at batchedUpdates$1 
(node_modules/react-dom/cjs/react-dom.development.js:26179:12)
      at batchedUpdates 
(node_modules/react-dom/cjs/react-dom.development.js:3991:12)
      at dispatchEventForPluginEventSystem 
(node_modules/react-dom/cjs/react-dom.development.js:9287:3)
      at dispatchEventWithEnableCapturePhaseSelectiveHydrationWithoutDiscreteEv
entReplay (node_modules/react-dom/cjs/react-dom.development.js:6465:5)
      at dispatchEvent 
(node_modules/react-dom/cjs/react-dom.development.js:6457:5)
      at dispatchDiscreteEvent 
(node_modules/react-dom/cjs/react-dom.development.js:6430:5)
      at HTMLDivElement.callTheUserObjectsOperation 
(node_modules/jsdom/lib/jsdom/living/generated/EventListener.js:26:30)
      at innerInvokeEventListeners 
(node_modules/jsdom/lib/jsdom/living/events/EventTarget-impl.js:350:25)
      at invokeEventListeners 
(node_modules/jsdom/lib/jsdom/living/events/EventTarget-impl.js:286:3)
      at HTMLInputElementImpl._dispatch 
(node_modules/jsdom/lib/jsdom/living/events/EventTarget-impl.js:233:9)
      at HTMLInputElementImpl.dispatchEvent 
(node_modules/jsdom/lib/jsdom/living/events/EventTarget-impl.js:104:17)
      at HTMLInputElement.dispatchEvent 
(node_modules/jsdom/lib/jsdom/living/generated/EventTarget.js:241:34)
      at 
node_modules/@testing-library/user-event/dist/cjs/event/dispatchEvent.js:45:43
      at Object.eventWrapper 
(node_modules/@testing-library/dom/dist/config.js:25:23)
      at Object.wrapEvent 
(node_modules/@testing-library/user-event/dist/cjs/event/wrapEvent.js:6:28)
      at Object.dispatchEvent (node_modules/@testing-library/user-event/dist/cj
s/event/dispatchEvent.js:45:22)
      at Object.dispatchUIEvent (node_modules/@testing-library/user-event/dist/
cjs/event/dispatchEvent.js:22:26)
      at commitInput 
(node_modules/@testing-library/user-event/dist/cjs/event/input.js:145:14)
      at editInputElement 
(node_modules/@testing-library/user-event/dist/cjs/event/input.js:115:9)
      at Object.input 
(node_modules/@testing-library/user-event/dist/cjs/event/input.js:37:9)
      at node_modules/@testing-library/user-event/dist/cjs/event/behavior/keypr
ess.js:31:26
      at Object.dispatchEvent (node_modules/@testing-library/user-event/dist/cj
s/event/dispatchEvent.js:41:13)
      at Object.dispatchUIEvent (node_modules/@testing-library/user-event/dist/
cjs/event/dispatchEvent.js:22:26)
      at KeyboardHost.keydown 
(node_modules/@testing-library/user-event/dist/cjs/system/keyboard.js:76:22)
      at keyboardAction 
(node_modules/@testing-library/user-event/dist/cjs/keyboard/index.js:22:35)
      at Object.keyboard 
(node_modules/@testing-library/user-event/dist/cjs/keyboard/index.js:11:15)
      at Object.type 
(node_modules/@testing-library/user-event/dist/cjs/utility/type.js:17:5)
      at Object.<anonymous> (src/profile/__tests__/profile.test.tsx:214:5)

    console.error
      Warning: An update to ProfilePage inside a test was not wrapped in 
act(...).
      
      When testing, code that causes React state updates should be wrapped 
into act(...):
      
      act(() => {
        /* fire events that update state */
      });
      /* assert on the output */
      
      This ensures that you're testing the behavior the user would see in the 
browser. Learn more at https://reactjs.org/link/wrap-tests-with-act
          at ProfilePage (C:\Users\samhe\OneDrive\Desktop\Cleaned\frontend\src\
profile\ProfilePage.tsx:17:41)
          at basenameProp (C:\Users\samhe\OneDrive\Desktop\Cleaned\frontend\nod
e_modules\react-router\lib\components.tsx:421:13)
          at basename (C:\Users\samhe\OneDrive\Desktop\Cleaned\frontend\node_mo
dules\react-router\lib\components.tsx:225:3)

      159 |               className="border border-gray-300 rounded-md px-3 
py-2 text-sm"
      160 |               value={currentPassword}
    > 161 |               onChange={e => setCurrentPassword(e.target.value)}
          |                              ^
      162 |             />
      163 |           </div>
      164 |

      at printWarning 
(node_modules/react-dom/cjs/react-dom.development.js:86:30)
      at error (node_modules/react-dom/cjs/react-dom.development.js:60:7)
      at warnIfUpdatesNotWrappedWithActDEV 
(node_modules/react-dom/cjs/react-dom.development.js:27628:9)
      at scheduleUpdateOnFiber 
(node_modules/react-dom/cjs/react-dom.development.js:25547:5)
      at dispatchSetState 
(node_modules/react-dom/cjs/react-dom.development.js:16708:7)
      at onChange (src/profile/ProfilePage.tsx:161:30)
      at HTMLUnknownElement.callCallback 
(node_modules/react-dom/cjs/react-dom.development.js:4164:14)
      at HTMLUnknownElement.callTheUserObjectsOperation 
(node_modules/jsdom/lib/jsdom/living/generated/EventListener.js:26:30)
      at innerInvokeEventListeners 
(node_modules/jsdom/lib/jsdom/living/events/EventTarget-impl.js:350:25)
      at invokeEventListeners 
(node_modules/jsdom/lib/jsdom/living/events/EventTarget-impl.js:286:3)
      at HTMLUnknownElementImpl._dispatch 
(node_modules/jsdom/lib/jsdom/living/events/EventTarget-impl.js:233:9)
      at HTMLUnknownElementImpl.dispatchEvent 
(node_modules/jsdom/lib/jsdom/living/events/EventTarget-impl.js:104:17)
      at HTMLUnknownElement.dispatchEvent 
(node_modules/jsdom/lib/jsdom/living/generated/EventTarget.js:241:34)
      at Object.invokeGuardedCallbackDev 
(node_modules/react-dom/cjs/react-dom.development.js:4213:16)
      at invokeGuardedCallback 
(node_modules/react-dom/cjs/react-dom.development.js:4277:31)
      at invokeGuardedCallbackAndCatchFirstError 
(node_modules/react-dom/cjs/react-dom.development.js:4291:25)
      at executeDispatch 
(node_modules/react-dom/cjs/react-dom.development.js:9041:3)
      at processDispatchQueueItemsInOrder 
(node_modules/react-dom/cjs/react-dom.development.js:9073:7)
      at processDispatchQueue 
(node_modules/react-dom/cjs/react-dom.development.js:9086:5)
      at dispatchEventsForPlugins 
(node_modules/react-dom/cjs/react-dom.development.js:9097:3)
      at node_modules/react-dom/cjs/react-dom.development.js:9288:12
      at batchedUpdates$1 
(node_modules/react-dom/cjs/react-dom.development.js:26179:12)
      at batchedUpdates 
(node_modules/react-dom/cjs/react-dom.development.js:3991:12)
      at dispatchEventForPluginEventSystem 
(node_modules/react-dom/cjs/react-dom.development.js:9287:3)
      at dispatchEventWithEnableCapturePhaseSelectiveHydrationWithoutDiscreteEv
entReplay (node_modules/react-dom/cjs/react-dom.development.js:6465:5)
      at dispatchEvent 
(node_modules/react-dom/cjs/react-dom.development.js:6457:5)
      at dispatchDiscreteEvent 
(node_modules/react-dom/cjs/react-dom.development.js:6430:5)
      at HTMLDivElement.callTheUserObjectsOperation 
(node_modules/jsdom/lib/jsdom/living/generated/EventListener.js:26:30)
      at innerInvokeEventListeners 
(node_modules/jsdom/lib/jsdom/living/events/EventTarget-impl.js:350:25)
      at invokeEventListeners 
(node_modules/jsdom/lib/jsdom/living/events/EventTarget-impl.js:286:3)
      at HTMLInputElementImpl._dispatch 
(node_modules/jsdom/lib/jsdom/living/events/EventTarget-impl.js:233:9)
      at HTMLInputElementImpl.dispatchEvent 
(node_modules/jsdom/lib/jsdom/living/events/EventTarget-impl.js:104:17)
      at HTMLInputElement.dispatchEvent 
(node_modules/jsdom/lib/jsdom/living/generated/EventTarget.js:241:34)
      at 
node_modules/@testing-library/user-event/dist/cjs/event/dispatchEvent.js:45:43
      at Object.eventWrapper 
(node_modules/@testing-library/dom/dist/config.js:25:23)
      at Object.wrapEvent 
(node_modules/@testing-library/user-event/dist/cjs/event/wrapEvent.js:6:28)
      at Object.dispatchEvent (node_modules/@testing-library/user-event/dist/cj
s/event/dispatchEvent.js:45:22)
      at Object.dispatchUIEvent (node_modules/@testing-library/user-event/dist/
cjs/event/dispatchEvent.js:22:26)
      at commitInput 
(node_modules/@testing-library/user-event/dist/cjs/event/input.js:145:14)
      at editInputElement 
(node_modules/@testing-library/user-event/dist/cjs/event/input.js:115:9)
      at Object.input 
(node_modules/@testing-library/user-event/dist/cjs/event/input.js:37:9)
      at node_modules/@testing-library/user-event/dist/cjs/event/behavior/keypr
ess.js:31:26
      at Object.dispatchEvent (node_modules/@testing-library/user-event/dist/cj
s/event/dispatchEvent.js:41:13)
      at Object.dispatchUIEvent (node_modules/@testing-library/user-event/dist/
cjs/event/dispatchEvent.js:22:26)
      at KeyboardHost.keydown 
(node_modules/@testing-library/user-event/dist/cjs/system/keyboard.js:76:22)
      at keyboardAction 
(node_modules/@testing-library/user-event/dist/cjs/keyboard/index.js:22:35)
      at Object.keyboard 
(node_modules/@testing-library/user-event/dist/cjs/keyboard/index.js:11:15)
      at Object.type 
(node_modules/@testing-library/user-event/dist/cjs/utility/type.js:17:5)
      at Object.<anonymous> (src/profile/__tests__/profile.test.tsx:214:5)

    console.error
      Warning: An update to ProfilePage inside a test was not wrapped in 
act(...).
      
      When testing, code that causes React state updates should be wrapped 
into act(...):
      
      act(() => {
        /* fire events that update state */
      });
      /* assert on the output */
      
      This ensures that you're testing the behavior the user would see in the 
browser. Learn more at https://reactjs.org/link/wrap-tests-with-act
          at ProfilePage (C:\Users\samhe\OneDrive\Desktop\Cleaned\frontend\src\
profile\ProfilePage.tsx:17:41)
          at basenameProp (C:\Users\samhe\OneDrive\Desktop\Cleaned\frontend\nod
e_modules\react-router\lib\components.tsx:421:13)
          at basename (C:\Users\samhe\OneDrive\Desktop\Cleaned\frontend\node_mo
dules\react-router\lib\components.tsx:225:3)

      172 |               className="border border-gray-300 rounded-md px-3 
py-2 text-sm"
      173 |               value={newPassword}
    > 174 |               onChange={e => setNewPassword(e.target.value)}
          |                              ^
      175 |             />
      176 |             <p className="text-xs text-gray-500">
      177 |               Minimum 8 characters, at least 1 uppercase letter 
and 1 number.

      at printWarning 
(node_modules/react-dom/cjs/react-dom.development.js:86:30)
      at error (node_modules/react-dom/cjs/react-dom.development.js:60:7)
      at warnIfUpdatesNotWrappedWithActDEV 
(node_modules/react-dom/cjs/react-dom.development.js:27628:9)
      at scheduleUpdateOnFiber 
(node_modules/react-dom/cjs/react-dom.development.js:25547:5)
      at dispatchSetState 
(node_modules/react-dom/cjs/react-dom.development.js:16708:7)
      at onChange (src/profile/ProfilePage.tsx:174:30)
      at HTMLUnknownElement.callCallback 
(node_modules/react-dom/cjs/react-dom.development.js:4164:14)
      at HTMLUnknownElement.callTheUserObjectsOperation 
(node_modules/jsdom/lib/jsdom/living/generated/EventListener.js:26:30)
      at innerInvokeEventListeners 
(node_modules/jsdom/lib/jsdom/living/events/EventTarget-impl.js:350:25)
      at invokeEventListeners 
(node_modules/jsdom/lib/jsdom/living/events/EventTarget-impl.js:286:3)
      at HTMLUnknownElementImpl._dispatch 
(node_modules/jsdom/lib/jsdom/living/events/EventTarget-impl.js:233:9)
      at HTMLUnknownElementImpl.dispatchEvent 
(node_modules/jsdom/lib/jsdom/living/events/EventTarget-impl.js:104:17)
      at HTMLUnknownElement.dispatchEvent 
(node_modules/jsdom/lib/jsdom/living/generated/EventTarget.js:241:34)
      at Object.invokeGuardedCallbackDev 
(node_modules/react-dom/cjs/react-dom.development.js:4213:16)
      at invokeGuardedCallback 
(node_modules/react-dom/cjs/react-dom.development.js:4277:31)
      at invokeGuardedCallbackAndCatchFirstError 
(node_modules/react-dom/cjs/react-dom.development.js:4291:25)
      at executeDispatch 
(node_modules/react-dom/cjs/react-dom.development.js:9041:3)
      at processDispatchQueueItemsInOrder 
(node_modules/react-dom/cjs/react-dom.development.js:9073:7)
      at processDispatchQueue 
(node_modules/react-dom/cjs/react-dom.development.js:9086:5)
      at dispatchEventsForPlugins 
(node_modules/react-dom/cjs/react-dom.development.js:9097:3)
      at node_modules/react-dom/cjs/react-dom.development.js:9288:12
      at batchedUpdates$1 
(node_modules/react-dom/cjs/react-dom.development.js:26179:12)
      at batchedUpdates 
(node_modules/react-dom/cjs/react-dom.development.js:3991:12)
      at dispatchEventForPluginEventSystem 
(node_modules/react-dom/cjs/react-dom.development.js:9287:3)
      at dispatchEventWithEnableCapturePhaseSelectiveHydrationWithoutDiscreteEv
entReplay (node_modules/react-dom/cjs/react-dom.development.js:6465:5)
      at dispatchEvent 
(node_modules/react-dom/cjs/react-dom.development.js:6457:5)
      at dispatchDiscreteEvent 
(node_modules/react-dom/cjs/react-dom.development.js:6430:5)
      at HTMLDivElement.callTheUserObjectsOperation 
(node_modules/jsdom/lib/jsdom/living/generated/EventListener.js:26:30)
      at innerInvokeEventListeners 
(node_modules/jsdom/lib/jsdom/living/events/EventTarget-impl.js:350:25)
      at invokeEventListeners 
(node_modules/jsdom/lib/jsdom/living/events/EventTarget-impl.js:286:3)
      at HTMLInputElementImpl._dispatch 
(node_modules/jsdom/lib/jsdom/living/events/EventTarget-impl.js:233:9)
      at HTMLInputElementImpl.dispatchEvent 
(node_modules/jsdom/lib/jsdom/living/events/EventTarget-impl.js:104:17)
      at HTMLInputElement.dispatchEvent 
(node_modules/jsdom/lib/jsdom/living/generated/EventTarget.js:241:34)
      at 
node_modules/@testing-library/user-event/dist/cjs/event/dispatchEvent.js:45:43
      at Object.eventWrapper 
(node_modules/@testing-library/dom/dist/config.js:25:23)
      at Object.wrapEvent 
(node_modules/@testing-library/user-event/dist/cjs/event/wrapEvent.js:6:28)
      at Object.dispatchEvent (node_modules/@testing-library/user-event/dist/cj
s/event/dispatchEvent.js:45:22)
      at Object.dispatchUIEvent (node_modules/@testing-library/user-event/dist/
cjs/event/dispatchEvent.js:22:26)
      at commitInput 
(node_modules/@testing-library/user-event/dist/cjs/event/input.js:145:14)
      at editInputElement 
(node_modules/@testing-library/user-event/dist/cjs/event/input.js:115:9)
      at Object.input 
(node_modules/@testing-library/user-event/dist/cjs/event/input.js:37:9)
      at node_modules/@testing-library/user-event/dist/cjs/event/behavior/keypr
ess.js:31:26
      at Object.dispatchEvent (node_modules/@testing-library/user-event/dist/cj
s/event/dispatchEvent.js:41:13)
      at Object.dispatchUIEvent (node_modules/@testing-library/user-event/dist/
cjs/event/dispatchEvent.js:22:26)
      at KeyboardHost.keydown 
(node_modules/@testing-library/user-event/dist/cjs/system/keyboard.js:76:22)
      at keyboardAction 
(node_modules/@testing-library/user-event/dist/cjs/keyboard/index.js:22:35)
      at Object.keyboard 
(node_modules/@testing-library/user-event/dist/cjs/keyboard/index.js:11:15)
      at Object.type 
(node_modules/@testing-library/user-event/dist/cjs/utility/type.js:17:5)
      at Object.<anonymous> (src/profile/__tests__/profile.test.tsx:215:5)

    console.error
      Warning: An update to ProfilePage inside a test was not wrapped in 
act(...).
      
      When testing, code that causes React state updates should be wrapped 
into act(...):
      
      act(() => {
        /* fire events that update state */
      });
      /* assert on the output */
      
      This ensures that you're testing the behavior the user would see in the 
browser. Learn more at https://reactjs.org/link/wrap-tests-with-act
          at ProfilePage (C:\Users\samhe\OneDrive\Desktop\Cleaned\frontend\src\
profile\ProfilePage.tsx:17:41)
          at basenameProp (C:\Users\samhe\OneDrive\Desktop\Cleaned\frontend\nod
e_modules\react-router\lib\components.tsx:421:13)
          at basename (C:\Users\samhe\OneDrive\Desktop\Cleaned\frontend\node_mo
dules\react-router\lib\components.tsx:225:3)

      172 |               className="border border-gray-300 rounded-md px-3 
py-2 text-sm"
      173 |               value={newPassword}
    > 174 |               onChange={e => setNewPassword(e.target.value)}
          |                              ^
      175 |             />
      176 |             <p className="text-xs text-gray-500">
      177 |               Minimum 8 characters, at least 1 uppercase letter 
and 1 number.

      at printWarning 
(node_modules/react-dom/cjs/react-dom.development.js:86:30)
      at error (node_modules/react-dom/cjs/react-dom.development.js:60:7)
      at warnIfUpdatesNotWrappedWithActDEV 
(node_modules/react-dom/cjs/react-dom.development.js:27628:9)
      at scheduleUpdateOnFiber 
(node_modules/react-dom/cjs/react-dom.development.js:25547:5)
      at dispatchSetState 
(node_modules/react-dom/cjs/react-dom.development.js:16708:7)
      at onChange (src/profile/ProfilePage.tsx:174:30)
      at HTMLUnknownElement.callCallback 
(node_modules/react-dom/cjs/react-dom.development.js:4164:14)
      at HTMLUnknownElement.callTheUserObjectsOperation 
(node_modules/jsdom/lib/jsdom/living/generated/EventListener.js:26:30)
      at innerInvokeEventListeners 
(node_modules/jsdom/lib/jsdom/living/events/EventTarget-impl.js:350:25)
      at invokeEventListeners 
(node_modules/jsdom/lib/jsdom/living/events/EventTarget-impl.js:286:3)
      at HTMLUnknownElementImpl._dispatch 
(node_modules/jsdom/lib/jsdom/living/events/EventTarget-impl.js:233:9)
      at HTMLUnknownElementImpl.dispatchEvent 
(node_modules/jsdom/lib/jsdom/living/events/EventTarget-impl.js:104:17)
      at HTMLUnknownElement.dispatchEvent 
(node_modules/jsdom/lib/jsdom/living/generated/EventTarget.js:241:34)
      at Object.invokeGuardedCallbackDev 
(node_modules/react-dom/cjs/react-dom.development.js:4213:16)
      at invokeGuardedCallback 
(node_modules/react-dom/cjs/react-dom.development.js:4277:31)
      at invokeGuardedCallbackAndCatchFirstError 
(node_modules/react-dom/cjs/react-dom.development.js:4291:25)
      at executeDispatch 
(node_modules/react-dom/cjs/react-dom.development.js:9041:3)
      at processDispatchQueueItemsInOrder 
(node_modules/react-dom/cjs/react-dom.development.js:9073:7)
      at processDispatchQueue 
(node_modules/react-dom/cjs/react-dom.development.js:9086:5)
      at dispatchEventsForPlugins 
(node_modules/react-dom/cjs/react-dom.development.js:9097:3)
      at node_modules/react-dom/cjs/react-dom.development.js:9288:12
      at batchedUpdates$1 
(node_modules/react-dom/cjs/react-dom.development.js:26179:12)
      at batchedUpdates 
(node_modules/react-dom/cjs/react-dom.development.js:3991:12)
      at dispatchEventForPluginEventSystem 
(node_modules/react-dom/cjs/react-dom.development.js:9287:3)
      at dispatchEventWithEnableCapturePhaseSelectiveHydrationWithoutDiscreteEv
entReplay (node_modules/react-dom/cjs/react-dom.development.js:6465:5)
      at dispatchEvent 
(node_modules/react-dom/cjs/react-dom.development.js:6457:5)
      at dispatchDiscreteEvent 
(node_modules/react-dom/cjs/react-dom.development.js:6430:5)
      at HTMLDivElement.callTheUserObjectsOperation 
(node_modules/jsdom/lib/jsdom/living/generated/EventListener.js:26:30)
      at innerInvokeEventListeners 
(node_modules/jsdom/lib/jsdom/living/events/EventTarget-impl.js:350:25)
      at invokeEventListeners 
(node_modules/jsdom/lib/jsdom/living/events/EventTarget-impl.js:286:3)
      at HTMLInputElementImpl._dispatch 
(node_modules/jsdom/lib/jsdom/living/events/EventTarget-impl.js:233:9)
      at HTMLInputElementImpl.dispatchEvent 
(node_modules/jsdom/lib/jsdom/living/events/EventTarget-impl.js:104:17)
      at HTMLInputElement.dispatchEvent 
(node_modules/jsdom/lib/jsdom/living/generated/EventTarget.js:241:34)
      at 
node_modules/@testing-library/user-event/dist/cjs/event/dispatchEvent.js:45:43
      at Object.eventWrapper 
(node_modules/@testing-library/dom/dist/config.js:25:23)
      at Object.wrapEvent 
(node_modules/@testing-library/user-event/dist/cjs/event/wrapEvent.js:6:28)
      at Object.dispatchEvent (node_modules/@testing-library/user-event/dist/cj
s/event/dispatchEvent.js:45:22)
      at Object.dispatchUIEvent (node_modules/@testing-library/user-event/dist/
cjs/event/dispatchEvent.js:22:26)
      at commitInput 
(node_modules/@testing-library/user-event/dist/cjs/event/input.js:145:14)
      at editInputElement 
(node_modules/@testing-library/user-event/dist/cjs/event/input.js:115:9)
      at Object.input 
(node_modules/@testing-library/user-event/dist/cjs/event/input.js:37:9)
      at node_modules/@testing-library/user-event/dist/cjs/event/behavior/keypr
ess.js:31:26
      at Object.dispatchEvent (node_modules/@testing-library/user-event/dist/cj
s/event/dispatchEvent.js:41:13)
      at Object.dispatchUIEvent (node_modules/@testing-library/user-event/dist/
cjs/event/dispatchEvent.js:22:26)
      at KeyboardHost.keydown 
(node_modules/@testing-library/user-event/dist/cjs/system/keyboard.js:76:22)
      at keyboardAction 
(node_modules/@testing-library/user-event/dist/cjs/keyboard/index.js:22:35)
      at Object.keyboard 
(node_modules/@testing-library/user-event/dist/cjs/keyboard/index.js:11:15)
      at Object.type 
(node_modules/@testing-library/user-event/dist/cjs/utility/type.js:17:5)
      at Object.<anonymous> (src/profile/__tests__/profile.test.tsx:215:5)

    console.error
      Warning: An update to ProfilePage inside a test was not wrapped in 
act(...).
      
      When testing, code that causes React state updates should be wrapped 
into act(...):
      
      act(() => {
        /* fire events that update state */
      });
      /* assert on the output */
      
      This ensures that you're testing the behavior the user would see in the 
browser. Learn more at https://reactjs.org/link/wrap-tests-with-act
          at ProfilePage (C:\Users\samhe\OneDrive\Desktop\Cleaned\frontend\src\
profile\ProfilePage.tsx:17:41)
          at basenameProp (C:\Users\samhe\OneDrive\Desktop\Cleaned\frontend\nod
e_modules\react-router\lib\components.tsx:421:13)
          at basename (C:\Users\samhe\OneDrive\Desktop\Cleaned\frontend\node_mo
dules\react-router\lib\components.tsx:225:3)

      172 |               className="border border-gray-300 rounded-md px-3 
py-2 text-sm"
      173 |               value={newPassword}
    > 174 |               onChange={e => setNewPassword(e.target.value)}
          |                              ^
      175 |             />
      176 |             <p className="text-xs text-gray-500">
      177 |               Minimum 8 characters, at least 1 uppercase letter 
and 1 number.

      at printWarning 
(node_modules/react-dom/cjs/react-dom.development.js:86:30)
      at error (node_modules/react-dom/cjs/react-dom.development.js:60:7)
      at warnIfUpdatesNotWrappedWithActDEV 
(node_modules/react-dom/cjs/react-dom.development.js:27628:9)
      at scheduleUpdateOnFiber 
(node_modules/react-dom/cjs/react-dom.development.js:25547:5)
      at dispatchSetState 
(node_modules/react-dom/cjs/react-dom.development.js:16708:7)
      at onChange (src/profile/ProfilePage.tsx:174:30)
      at HTMLUnknownElement.callCallback 
(node_modules/react-dom/cjs/react-dom.development.js:4164:14)
      at HTMLUnknownElement.callTheUserObjectsOperation 
(node_modules/jsdom/lib/jsdom/living/generated/EventListener.js:26:30)
      at innerInvokeEventListeners 
(node_modules/jsdom/lib/jsdom/living/events/EventTarget-impl.js:350:25)
      at invokeEventListeners 
(node_modules/jsdom/lib/jsdom/living/events/EventTarget-impl.js:286:3)
      at HTMLUnknownElementImpl._dispatch 
(node_modules/jsdom/lib/jsdom/living/events/EventTarget-impl.js:233:9)
      at HTMLUnknownElementImpl.dispatchEvent 
(node_modules/jsdom/lib/jsdom/living/events/EventTarget-impl.js:104:17)
      at HTMLUnknownElement.dispatchEvent 
(node_modules/jsdom/lib/jsdom/living/generated/EventTarget.js:241:34)
      at Object.invokeGuardedCallbackDev 
(node_modules/react-dom/cjs/react-dom.development.js:4213:16)
      at invokeGuardedCallback 
(node_modules/react-dom/cjs/react-dom.development.js:4277:31)
      at invokeGuardedCallbackAndCatchFirstError 
(node_modules/react-dom/cjs/react-dom.development.js:4291:25)
      at executeDispatch 
(node_modules/react-dom/cjs/react-dom.development.js:9041:3)
      at processDispatchQueueItemsInOrder 
(node_modules/react-dom/cjs/react-dom.development.js:9073:7)
      at processDispatchQueue 
(node_modules/react-dom/cjs/react-dom.development.js:9086:5)
      at dispatchEventsForPlugins 
(node_modules/react-dom/cjs/react-dom.development.js:9097:3)
      at node_modules/react-dom/cjs/react-dom.development.js:9288:12
      at batchedUpdates$1 
(node_modules/react-dom/cjs/react-dom.development.js:26179:12)
      at batchedUpdates 
(node_modules/react-dom/cjs/react-dom.development.js:3991:12)
      at dispatchEventForPluginEventSystem 
(node_modules/react-dom/cjs/react-dom.development.js:9287:3)
      at dispatchEventWithEnableCapturePhaseSelectiveHydrationWithoutDiscreteEv
entReplay (node_modules/react-dom/cjs/react-dom.development.js:6465:5)
      at dispatchEvent 
(node_modules/react-dom/cjs/react-dom.development.js:6457:5)
      at dispatchDiscreteEvent 
(node_modules/react-dom/cjs/react-dom.development.js:6430:5)
      at HTMLDivElement.callTheUserObjectsOperation 
(node_modules/jsdom/lib/jsdom/living/generated/EventListener.js:26:30)
      at innerInvokeEventListeners 
(node_modules/jsdom/lib/jsdom/living/events/EventTarget-impl.js:350:25)
      at invokeEventListeners 
(node_modules/jsdom/lib/jsdom/living/events/EventTarget-impl.js:286:3)
      at HTMLInputElementImpl._dispatch 
(node_modules/jsdom/lib/jsdom/living/events/EventTarget-impl.js:233:9)
      at HTMLInputElementImpl.dispatchEvent 
(node_modules/jsdom/lib/jsdom/living/events/EventTarget-impl.js:104:17)
      at HTMLInputElement.dispatchEvent 
(node_modules/jsdom/lib/jsdom/living/generated/EventTarget.js:241:34)
      at 
node_modules/@testing-library/user-event/dist/cjs/event/dispatchEvent.js:45:43
      at Object.eventWrapper 
(node_modules/@testing-library/dom/dist/config.js:25:23)
      at Object.wrapEvent 
(node_modules/@testing-library/user-event/dist/cjs/event/wrapEvent.js:6:28)
      at Object.dispatchEvent (node_modules/@testing-library/user-event/dist/cj
s/event/dispatchEvent.js:45:22)
      at Object.dispatchUIEvent (node_modules/@testing-library/user-event/dist/
cjs/event/dispatchEvent.js:22:26)
      at commitInput 
(node_modules/@testing-library/user-event/dist/cjs/event/input.js:145:14)
      at editInputElement 
(node_modules/@testing-library/user-event/dist/cjs/event/input.js:115:9)
      at Object.input 
(node_modules/@testing-library/user-event/dist/cjs/event/input.js:37:9)
      at node_modules/@testing-library/user-event/dist/cjs/event/behavior/keypr
ess.js:31:26
      at Object.dispatchEvent (node_modules/@testing-library/user-event/dist/cj
s/event/dispatchEvent.js:41:13)
      at Object.dispatchUIEvent (node_modules/@testing-library/user-event/dist/
cjs/event/dispatchEvent.js:22:26)
      at KeyboardHost.keydown 
(node_modules/@testing-library/user-event/dist/cjs/system/keyboard.js:76:22)
      at keyboardAction 
(node_modules/@testing-library/user-event/dist/cjs/keyboard/index.js:22:35)
      at Object.keyboard 
(node_modules/@testing-library/user-event/dist/cjs/keyboard/index.js:11:15)
      at Object.type 
(node_modules/@testing-library/user-event/dist/cjs/utility/type.js:17:5)
      at Object.<anonymous> (src/profile/__tests__/profile.test.tsx:215:5)

    console.error
      Warning: An update to ProfilePage inside a test was not wrapped in 
act(...).
      
      When testing, code that causes React state updates should be wrapped 
into act(...):
      
      act(() => {
        /* fire events that update state */
      });
      /* assert on the output */
      
      This ensures that you're testing the behavior the user would see in the 
browser. Learn more at https://reactjs.org/link/wrap-tests-with-act
          at ProfilePage (C:\Users\samhe\OneDrive\Desktop\Cleaned\frontend\src\
profile\ProfilePage.tsx:17:41)
          at basenameProp (C:\Users\samhe\OneDrive\Desktop\Cleaned\frontend\nod
e_modules\react-router\lib\components.tsx:421:13)
          at basename (C:\Users\samhe\OneDrive\Desktop\Cleaned\frontend\node_mo
dules\react-router\lib\components.tsx:225:3)

      172 |               className="border border-gray-300 rounded-md px-3 
py-2 text-sm"
      173 |               value={newPassword}
    > 174 |               onChange={e => setNewPassword(e.target.value)}
          |                              ^
      175 |             />
      176 |             <p className="text-xs text-gray-500">
      177 |               Minimum 8 characters, at least 1 uppercase letter 
and 1 number.

      at printWarning 
(node_modules/react-dom/cjs/react-dom.development.js:86:30)
      at error (node_modules/react-dom/cjs/react-dom.development.js:60:7)
      at warnIfUpdatesNotWrappedWithActDEV 
(node_modules/react-dom/cjs/react-dom.development.js:27628:9)
      at scheduleUpdateOnFiber 
(node_modules/react-dom/cjs/react-dom.development.js:25547:5)
      at dispatchSetState 
(node_modules/react-dom/cjs/react-dom.development.js:16708:7)
      at onChange (src/profile/ProfilePage.tsx:174:30)
      at HTMLUnknownElement.callCallback 
(node_modules/react-dom/cjs/react-dom.development.js:4164:14)
      at HTMLUnknownElement.callTheUserObjectsOperation 
(node_modules/jsdom/lib/jsdom/living/generated/EventListener.js:26:30)
      at innerInvokeEventListeners 
(node_modules/jsdom/lib/jsdom/living/events/EventTarget-impl.js:350:25)
      at invokeEventListeners 
(node_modules/jsdom/lib/jsdom/living/events/EventTarget-impl.js:286:3)
      at HTMLUnknownElementImpl._dispatch 
(node_modules/jsdom/lib/jsdom/living/events/EventTarget-impl.js:233:9)
      at HTMLUnknownElementImpl.dispatchEvent 
(node_modules/jsdom/lib/jsdom/living/events/EventTarget-impl.js:104:17)
      at HTMLUnknownElement.dispatchEvent 
(node_modules/jsdom/lib/jsdom/living/generated/EventTarget.js:241:34)
      at Object.invokeGuardedCallbackDev 
(node_modules/react-dom/cjs/react-dom.development.js:4213:16)
      at invokeGuardedCallback 
(node_modules/react-dom/cjs/react-dom.development.js:4277:31)
      at invokeGuardedCallbackAndCatchFirstError 
(node_modules/react-dom/cjs/react-dom.development.js:4291:25)
      at executeDispatch 
(node_modules/react-dom/cjs/react-dom.development.js:9041:3)
      at processDispatchQueueItemsInOrder 
(node_modules/react-dom/cjs/react-dom.development.js:9073:7)
      at processDispatchQueue 
(node_modules/react-dom/cjs/react-dom.development.js:9086:5)
      at dispatchEventsForPlugins 
(node_modules/react-dom/cjs/react-dom.development.js:9097:3)
      at node_modules/react-dom/cjs/react-dom.development.js:9288:12
      at batchedUpdates$1 
(node_modules/react-dom/cjs/react-dom.development.js:26179:12)
      at batchedUpdates 
(node_modules/react-dom/cjs/react-dom.development.js:3991:12)
      at dispatchEventForPluginEventSystem 
(node_modules/react-dom/cjs/react-dom.development.js:9287:3)
      at dispatchEventWithEnableCapturePhaseSelectiveHydrationWithoutDiscreteEv
entReplay (node_modules/react-dom/cjs/react-dom.development.js:6465:5)
      at dispatchEvent 
(node_modules/react-dom/cjs/react-dom.development.js:6457:5)
      at dispatchDiscreteEvent 
(node_modules/react-dom/cjs/react-dom.development.js:6430:5)
      at HTMLDivElement.callTheUserObjectsOperation 
(node_modules/jsdom/lib/jsdom/living/generated/EventListener.js:26:30)
      at innerInvokeEventListeners 
(node_modules/jsdom/lib/jsdom/living/events/EventTarget-impl.js:350:25)
      at invokeEventListeners 
(node_modules/jsdom/lib/jsdom/living/events/EventTarget-impl.js:286:3)
      at HTMLInputElementImpl._dispatch 
(node_modules/jsdom/lib/jsdom/living/events/EventTarget-impl.js:233:9)
      at HTMLInputElementImpl.dispatchEvent 
(node_modules/jsdom/lib/jsdom/living/events/EventTarget-impl.js:104:17)
      at HTMLInputElement.dispatchEvent 
(node_modules/jsdom/lib/jsdom/living/generated/EventTarget.js:241:34)
      at 
node_modules/@testing-library/user-event/dist/cjs/event/dispatchEvent.js:45:43
      at Object.eventWrapper 
(node_modules/@testing-library/dom/dist/config.js:25:23)
      at Object.wrapEvent 
(node_modules/@testing-library/user-event/dist/cjs/event/wrapEvent.js:6:28)
      at Object.dispatchEvent (node_modules/@testing-library/user-event/dist/cj
s/event/dispatchEvent.js:45:22)
      at Object.dispatchUIEvent (node_modules/@testing-library/user-event/dist/
cjs/event/dispatchEvent.js:22:26)
      at commitInput 
(node_modules/@testing-library/user-event/dist/cjs/event/input.js:145:14)
      at editInputElement 
(node_modules/@testing-library/user-event/dist/cjs/event/input.js:115:9)
      at Object.input 
(node_modules/@testing-library/user-event/dist/cjs/event/input.js:37:9)
      at node_modules/@testing-library/user-event/dist/cjs/event/behavior/keypr
ess.js:31:26
      at Object.dispatchEvent (node_modules/@testing-library/user-event/dist/cj
s/event/dispatchEvent.js:41:13)
      at Object.dispatchUIEvent (node_modules/@testing-library/user-event/dist/
cjs/event/dispatchEvent.js:22:26)
      at KeyboardHost.keydown 
(node_modules/@testing-library/user-event/dist/cjs/system/keyboard.js:76:22)
      at keyboardAction 
(node_modules/@testing-library/user-event/dist/cjs/keyboard/index.js:22:35)
      at Object.keyboard 
(node_modules/@testing-library/user-event/dist/cjs/keyboard/index.js:11:15)
      at Object.type 
(node_modules/@testing-library/user-event/dist/cjs/utility/type.js:17:5)
      at Object.<anonymous> (src/profile/__tests__/profile.test.tsx:215:5)

    console.error
      Warning: An update to ProfilePage inside a test was not wrapped in 
act(...).
      
      When testing, code that causes React state updates should be wrapped 
into act(...):
      
      act(() => {
        /* fire events that update state */
      });
      /* assert on the output */
      
      This ensures that you're testing the behavior the user would see in the 
browser. Learn more at https://reactjs.org/link/wrap-tests-with-act
          at ProfilePage (C:\Users\samhe\OneDrive\Desktop\Cleaned\frontend\src\
profile\ProfilePage.tsx:17:41)
          at basenameProp (C:\Users\samhe\OneDrive\Desktop\Cleaned\frontend\nod
e_modules\react-router\lib\components.tsx:421:13)
          at basename (C:\Users\samhe\OneDrive\Desktop\Cleaned\frontend\node_mo
dules\react-router\lib\components.tsx:225:3)

      172 |               className="border border-gray-300 rounded-md px-3 
py-2 text-sm"
      173 |               value={newPassword}
    > 174 |               onChange={e => setNewPassword(e.target.value)}
          |                              ^
      175 |             />
      176 |             <p className="text-xs text-gray-500">
      177 |               Minimum 8 characters, at least 1 uppercase letter 
and 1 number.

      at printWarning 
(node_modules/react-dom/cjs/react-dom.development.js:86:30)
      at error (node_modules/react-dom/cjs/react-dom.development.js:60:7)
      at warnIfUpdatesNotWrappedWithActDEV 
(node_modules/react-dom/cjs/react-dom.development.js:27628:9)
      at scheduleUpdateOnFiber 
(node_modules/react-dom/cjs/react-dom.development.js:25547:5)
      at dispatchSetState 
(node_modules/react-dom/cjs/react-dom.development.js:16708:7)
      at onChange (src/profile/ProfilePage.tsx:174:30)
      at HTMLUnknownElement.callCallback 
(node_modules/react-dom/cjs/react-dom.development.js:4164:14)
      at HTMLUnknownElement.callTheUserObjectsOperation 
(node_modules/jsdom/lib/jsdom/living/generated/EventListener.js:26:30)
      at innerInvokeEventListeners 
(node_modules/jsdom/lib/jsdom/living/events/EventTarget-impl.js:350:25)
      at invokeEventListeners 
(node_modules/jsdom/lib/jsdom/living/events/EventTarget-impl.js:286:3)
      at HTMLUnknownElementImpl._dispatch 
(node_modules/jsdom/lib/jsdom/living/events/EventTarget-impl.js:233:9)
      at HTMLUnknownElementImpl.dispatchEvent 
(node_modules/jsdom/lib/jsdom/living/events/EventTarget-impl.js:104:17)
      at HTMLUnknownElement.dispatchEvent 
(node_modules/jsdom/lib/jsdom/living/generated/EventTarget.js:241:34)
      at Object.invokeGuardedCallbackDev 
(node_modules/react-dom/cjs/react-dom.development.js:4213:16)
      at invokeGuardedCallback 
(node_modules/react-dom/cjs/react-dom.development.js:4277:31)
      at invokeGuardedCallbackAndCatchFirstError 
(node_modules/react-dom/cjs/react-dom.development.js:4291:25)
      at executeDispatch 
(node_modules/react-dom/cjs/react-dom.development.js:9041:3)
      at processDispatchQueueItemsInOrder 
(node_modules/react-dom/cjs/react-dom.development.js:9073:7)
      at processDispatchQueue 
(node_modules/react-dom/cjs/react-dom.development.js:9086:5)
      at dispatchEventsForPlugins 
(node_modules/react-dom/cjs/react-dom.development.js:9097:3)
      at node_modules/react-dom/cjs/react-dom.development.js:9288:12
      at batchedUpdates$1 
(node_modules/react-dom/cjs/react-dom.development.js:26179:12)
      at batchedUpdates 
(node_modules/react-dom/cjs/react-dom.development.js:3991:12)
      at dispatchEventForPluginEventSystem 
(node_modules/react-dom/cjs/react-dom.development.js:9287:3)
      at dispatchEventWithEnableCapturePhaseSelectiveHydrationWithoutDiscreteEv
entReplay (node_modules/react-dom/cjs/react-dom.development.js:6465:5)
      at dispatchEvent 
(node_modules/react-dom/cjs/react-dom.development.js:6457:5)
      at dispatchDiscreteEvent 
(node_modules/react-dom/cjs/react-dom.development.js:6430:5)
      at HTMLDivElement.callTheUserObjectsOperation 
(node_modules/jsdom/lib/jsdom/living/generated/EventListener.js:26:30)
      at innerInvokeEventListeners 
(node_modules/jsdom/lib/jsdom/living/events/EventTarget-impl.js:350:25)
      at invokeEventListeners 
(node_modules/jsdom/lib/jsdom/living/events/EventTarget-impl.js:286:3)
      at HTMLInputElementImpl._dispatch 
(node_modules/jsdom/lib/jsdom/living/events/EventTarget-impl.js:233:9)
      at HTMLInputElementImpl.dispatchEvent 
(node_modules/jsdom/lib/jsdom/living/events/EventTarget-impl.js:104:17)
      at HTMLInputElement.dispatchEvent 
(node_modules/jsdom/lib/jsdom/living/generated/EventTarget.js:241:34)
      at 
node_modules/@testing-library/user-event/dist/cjs/event/dispatchEvent.js:45:43
      at Object.eventWrapper 
(node_modules/@testing-library/dom/dist/config.js:25:23)
      at Object.wrapEvent 
(node_modules/@testing-library/user-event/dist/cjs/event/wrapEvent.js:6:28)
      at Object.dispatchEvent (node_modules/@testing-library/user-event/dist/cj
s/event/dispatchEvent.js:45:22)
      at Object.dispatchUIEvent (node_modules/@testing-library/user-event/dist/
cjs/event/dispatchEvent.js:22:26)
      at commitInput 
(node_modules/@testing-library/user-event/dist/cjs/event/input.js:145:14)
      at editInputElement 
(node_modules/@testing-library/user-event/dist/cjs/event/input.js:115:9)
      at Object.input 
(node_modules/@testing-library/user-event/dist/cjs/event/input.js:37:9)
      at node_modules/@testing-library/user-event/dist/cjs/event/behavior/keypr
ess.js:31:26
      at Object.dispatchEvent (node_modules/@testing-library/user-event/dist/cj
s/event/dispatchEvent.js:41:13)
      at Object.dispatchUIEvent (node_modules/@testing-library/user-event/dist/
cjs/event/dispatchEvent.js:22:26)
      at KeyboardHost.keydown 
(node_modules/@testing-library/user-event/dist/cjs/system/keyboard.js:76:22)
      at keyboardAction 
(node_modules/@testing-library/user-event/dist/cjs/keyboard/index.js:22:35)
      at Object.keyboard 
(node_modules/@testing-library/user-event/dist/cjs/keyboard/index.js:11:15)
      at Object.type 
(node_modules/@testing-library/user-event/dist/cjs/utility/type.js:17:5)
      at Object.<anonymous> (src/profile/__tests__/profile.test.tsx:215:5)

    console.error
      Warning: An update to ProfilePage inside a test was not wrapped in 
act(...).
      
      When testing, code that causes React state updates should be wrapped 
into act(...):
      
      act(() => {
        /* fire events that update state */
      });
      /* assert on the output */
      
      This ensures that you're testing the behavior the user would see in the 
browser. Learn more at https://reactjs.org/link/wrap-tests-with-act
          at ProfilePage (C:\Users\samhe\OneDrive\Desktop\Cleaned\frontend\src\
profile\ProfilePage.tsx:17:41)
          at basenameProp (C:\Users\samhe\OneDrive\Desktop\Cleaned\frontend\nod
e_modules\react-router\lib\components.tsx:421:13)
          at basename (C:\Users\samhe\OneDrive\Desktop\Cleaned\frontend\node_mo
dules\react-router\lib\components.tsx:225:3)

      172 |               className="border border-gray-300 rounded-md px-3 
py-2 text-sm"
      173 |               value={newPassword}
    > 174 |               onChange={e => setNewPassword(e.target.value)}
          |                              ^
      175 |             />
      176 |             <p className="text-xs text-gray-500">
      177 |               Minimum 8 characters, at least 1 uppercase letter 
and 1 number.

      at printWarning 
(node_modules/react-dom/cjs/react-dom.development.js:86:30)
      at error (node_modules/react-dom/cjs/react-dom.development.js:60:7)
      at warnIfUpdatesNotWrappedWithActDEV 
(node_modules/react-dom/cjs/react-dom.development.js:27628:9)
      at scheduleUpdateOnFiber 
(node_modules/react-dom/cjs/react-dom.development.js:25547:5)
      at dispatchSetState 
(node_modules/react-dom/cjs/react-dom.development.js:16708:7)
      at onChange (src/profile/ProfilePage.tsx:174:30)
      at HTMLUnknownElement.callCallback 
(node_modules/react-dom/cjs/react-dom.development.js:4164:14)
      at HTMLUnknownElement.callTheUserObjectsOperation 
(node_modules/jsdom/lib/jsdom/living/generated/EventListener.js:26:30)
      at innerInvokeEventListeners 
(node_modules/jsdom/lib/jsdom/living/events/EventTarget-impl.js:350:25)
      at invokeEventListeners 
(node_modules/jsdom/lib/jsdom/living/events/EventTarget-impl.js:286:3)
      at HTMLUnknownElementImpl._dispatch 
(node_modules/jsdom/lib/jsdom/living/events/EventTarget-impl.js:233:9)
      at HTMLUnknownElementImpl.dispatchEvent 
(node_modules/jsdom/lib/jsdom/living/events/EventTarget-impl.js:104:17)
      at HTMLUnknownElement.dispatchEvent 
(node_modules/jsdom/lib/jsdom/living/generated/EventTarget.js:241:34)
      at Object.invokeGuardedCallbackDev 
(node_modules/react-dom/cjs/react-dom.development.js:4213:16)
      at invokeGuardedCallback 
(node_modules/react-dom/cjs/react-dom.development.js:4277:31)
      at invokeGuardedCallbackAndCatchFirstError 
(node_modules/react-dom/cjs/react-dom.development.js:4291:25)
      at executeDispatch 
(node_modules/react-dom/cjs/react-dom.development.js:9041:3)
      at processDispatchQueueItemsInOrder 
(node_modules/react-dom/cjs/react-dom.development.js:9073:7)
      at processDispatchQueue 
(node_modules/react-dom/cjs/react-dom.development.js:9086:5)
      at dispatchEventsForPlugins 
(node_modules/react-dom/cjs/react-dom.development.js:9097:3)
      at node_modules/react-dom/cjs/react-dom.development.js:9288:12
      at batchedUpdates$1 
(node_modules/react-dom/cjs/react-dom.development.js:26179:12)
      at batchedUpdates 
(node_modules/react-dom/cjs/react-dom.development.js:3991:12)
      at dispatchEventForPluginEventSystem 
(node_modules/react-dom/cjs/react-dom.development.js:9287:3)
      at dispatchEventWithEnableCapturePhaseSelectiveHydrationWithoutDiscreteEv
entReplay (node_modules/react-dom/cjs/react-dom.development.js:6465:5)
      at dispatchEvent 
(node_modules/react-dom/cjs/react-dom.development.js:6457:5)
      at dispatchDiscreteEvent 
(node_modules/react-dom/cjs/react-dom.development.js:6430:5)
      at HTMLDivElement.callTheUserObjectsOperation 
(node_modules/jsdom/lib/jsdom/living/generated/EventListener.js:26:30)
      at innerInvokeEventListeners 
(node_modules/jsdom/lib/jsdom/living/events/EventTarget-impl.js:350:25)
      at invokeEventListeners 
(node_modules/jsdom/lib/jsdom/living/events/EventTarget-impl.js:286:3)
      at HTMLInputElementImpl._dispatch 
(node_modules/jsdom/lib/jsdom/living/events/EventTarget-impl.js:233:9)
      at HTMLInputElementImpl.dispatchEvent 
(node_modules/jsdom/lib/jsdom/living/events/EventTarget-impl.js:104:17)
      at HTMLInputElement.dispatchEvent 
(node_modules/jsdom/lib/jsdom/living/generated/EventTarget.js:241:34)
      at 
node_modules/@testing-library/user-event/dist/cjs/event/dispatchEvent.js:45:43
      at Object.eventWrapper 
(node_modules/@testing-library/dom/dist/config.js:25:23)
      at Object.wrapEvent 
(node_modules/@testing-library/user-event/dist/cjs/event/wrapEvent.js:6:28)
      at Object.dispatchEvent (node_modules/@testing-library/user-event/dist/cj
s/event/dispatchEvent.js:45:22)
      at Object.dispatchUIEvent (node_modules/@testing-library/user-event/dist/
cjs/event/dispatchEvent.js:22:26)
      at commitInput 
(node_modules/@testing-library/user-event/dist/cjs/event/input.js:145:14)
      at editInputElement 
(node_modules/@testing-library/user-event/dist/cjs/event/input.js:115:9)
      at Object.input 
(node_modules/@testing-library/user-event/dist/cjs/event/input.js:37:9)
      at node_modules/@testing-library/user-event/dist/cjs/event/behavior/keypr
ess.js:31:26
      at Object.dispatchEvent (node_modules/@testing-library/user-event/dist/cj
s/event/dispatchEvent.js:41:13)
      at Object.dispatchUIEvent (node_modules/@testing-library/user-event/dist/
cjs/event/dispatchEvent.js:22:26)
      at KeyboardHost.keydown 
(node_modules/@testing-library/user-event/dist/cjs/system/keyboard.js:76:22)
      at keyboardAction 
(node_modules/@testing-library/user-event/dist/cjs/keyboard/index.js:22:35)
      at Object.keyboard 
(node_modules/@testing-library/user-event/dist/cjs/keyboard/index.js:11:15)
      at Object.type 
(node_modules/@testing-library/user-event/dist/cjs/utility/type.js:17:5)
      at Object.<anonymous> (src/profile/__tests__/profile.test.tsx:215:5)

    console.error
      Warning: An update to ProfilePage inside a test was not wrapped in 
act(...).
      
      When testing, code that causes React state updates should be wrapped 
into act(...):
      
      act(() => {
        /* fire events that update state */
      });
      /* assert on the output */
      
      This ensures that you're testing the behavior the user would see in the 
browser. Learn more at https://reactjs.org/link/wrap-tests-with-act
          at ProfilePage (C:\Users\samhe\OneDrive\Desktop\Cleaned\frontend\src\
profile\ProfilePage.tsx:17:41)
          at basenameProp (C:\Users\samhe\OneDrive\Desktop\Cleaned\frontend\nod
e_modules\react-router\lib\components.tsx:421:13)
          at basename (C:\Users\samhe\OneDrive\Desktop\Cleaned\frontend\node_mo
dules\react-router\lib\components.tsx:225:3)

      172 |               className="border border-gray-300 rounded-md px-3 
py-2 text-sm"
      173 |               value={newPassword}
    > 174 |               onChange={e => setNewPassword(e.target.value)}
          |                              ^
      175 |             />
      176 |             <p className="text-xs text-gray-500">
      177 |               Minimum 8 characters, at least 1 uppercase letter 
and 1 number.

      at printWarning 
(node_modules/react-dom/cjs/react-dom.development.js:86:30)
      at error (node_modules/react-dom/cjs/react-dom.development.js:60:7)
      at warnIfUpdatesNotWrappedWithActDEV 
(node_modules/react-dom/cjs/react-dom.development.js:27628:9)
      at scheduleUpdateOnFiber 
(node_modules/react-dom/cjs/react-dom.development.js:25547:5)
      at dispatchSetState 
(node_modules/react-dom/cjs/react-dom.development.js:16708:7)
      at onChange (src/profile/ProfilePage.tsx:174:30)
      at HTMLUnknownElement.callCallback 
(node_modules/react-dom/cjs/react-dom.development.js:4164:14)
      at HTMLUnknownElement.callTheUserObjectsOperation 
(node_modules/jsdom/lib/jsdom/living/generated/EventListener.js:26:30)
      at innerInvokeEventListeners 
(node_modules/jsdom/lib/jsdom/living/events/EventTarget-impl.js:350:25)
      at invokeEventListeners 
(node_modules/jsdom/lib/jsdom/living/events/EventTarget-impl.js:286:3)
      at HTMLUnknownElementImpl._dispatch 
(node_modules/jsdom/lib/jsdom/living/events/EventTarget-impl.js:233:9)
      at HTMLUnknownElementImpl.dispatchEvent 
(node_modules/jsdom/lib/jsdom/living/events/EventTarget-impl.js:104:17)
      at HTMLUnknownElement.dispatchEvent 
(node_modules/jsdom/lib/jsdom/living/generated/EventTarget.js:241:34)
      at Object.invokeGuardedCallbackDev 
(node_modules/react-dom/cjs/react-dom.development.js:4213:16)
      at invokeGuardedCallback 
(node_modules/react-dom/cjs/react-dom.development.js:4277:31)
      at invokeGuardedCallbackAndCatchFirstError 
(node_modules/react-dom/cjs/react-dom.development.js:4291:25)
      at executeDispatch 
(node_modules/react-dom/cjs/react-dom.development.js:9041:3)
      at processDispatchQueueItemsInOrder 
(node_modules/react-dom/cjs/react-dom.development.js:9073:7)
      at processDispatchQueue 
(node_modules/react-dom/cjs/react-dom.development.js:9086:5)
      at dispatchEventsForPlugins 
(node_modules/react-dom/cjs/react-dom.development.js:9097:3)
      at node_modules/react-dom/cjs/react-dom.development.js:9288:12
      at batchedUpdates$1 
(node_modules/react-dom/cjs/react-dom.development.js:26179:12)
      at batchedUpdates 
(node_modules/react-dom/cjs/react-dom.development.js:3991:12)
      at dispatchEventForPluginEventSystem 
(node_modules/react-dom/cjs/react-dom.development.js:9287:3)
      at dispatchEventWithEnableCapturePhaseSelectiveHydrationWithoutDiscreteEv
entReplay (node_modules/react-dom/cjs/react-dom.development.js:6465:5)
      at dispatchEvent 
(node_modules/react-dom/cjs/react-dom.development.js:6457:5)
      at dispatchDiscreteEvent 
(node_modules/react-dom/cjs/react-dom.development.js:6430:5)
      at HTMLDivElement.callTheUserObjectsOperation 
(node_modules/jsdom/lib/jsdom/living/generated/EventListener.js:26:30)
      at innerInvokeEventListeners 
(node_modules/jsdom/lib/jsdom/living/events/EventTarget-impl.js:350:25)
      at invokeEventListeners 
(node_modules/jsdom/lib/jsdom/living/events/EventTarget-impl.js:286:3)
      at HTMLInputElementImpl._dispatch 
(node_modules/jsdom/lib/jsdom/living/events/EventTarget-impl.js:233:9)
      at HTMLInputElementImpl.dispatchEvent 
(node_modules/jsdom/lib/jsdom/living/events/EventTarget-impl.js:104:17)
      at HTMLInputElement.dispatchEvent 
(node_modules/jsdom/lib/jsdom/living/generated/EventTarget.js:241:34)
      at 
node_modules/@testing-library/user-event/dist/cjs/event/dispatchEvent.js:45:43
      at Object.eventWrapper 
(node_modules/@testing-library/dom/dist/config.js:25:23)
      at Object.wrapEvent 
(node_modules/@testing-library/user-event/dist/cjs/event/wrapEvent.js:6:28)
      at Object.dispatchEvent (node_modules/@testing-library/user-event/dist/cj
s/event/dispatchEvent.js:45:22)
      at Object.dispatchUIEvent (node_modules/@testing-library/user-event/dist/
cjs/event/dispatchEvent.js:22:26)
      at commitInput 
(node_modules/@testing-library/user-event/dist/cjs/event/input.js:145:14)
      at editInputElement 
(node_modules/@testing-library/user-event/dist/cjs/event/input.js:115:9)
      at Object.input 
(node_modules/@testing-library/user-event/dist/cjs/event/input.js:37:9)
      at node_modules/@testing-library/user-event/dist/cjs/event/behavior/keypr
ess.js:31:26
      at Object.dispatchEvent (node_modules/@testing-library/user-event/dist/cj
s/event/dispatchEvent.js:41:13)
      at Object.dispatchUIEvent (node_modules/@testing-library/user-event/dist/
cjs/event/dispatchEvent.js:22:26)
      at KeyboardHost.keydown 
(node_modules/@testing-library/user-event/dist/cjs/system/keyboard.js:76:22)
      at keyboardAction 
(node_modules/@testing-library/user-event/dist/cjs/keyboard/index.js:22:35)
      at Object.keyboard 
(node_modules/@testing-library/user-event/dist/cjs/keyboard/index.js:11:15)
      at Object.type 
(node_modules/@testing-library/user-event/dist/cjs/utility/type.js:17:5)
      at Object.<anonymous> (src/profile/__tests__/profile.test.tsx:215:5)

    console.error
      Warning: An update to ProfilePage inside a test was not wrapped in 
act(...).
      
      When testing, code that causes React state updates should be wrapped 
into act(...):
      
      act(() => {
        /* fire events that update state */
      });
      /* assert on the output */
      
      This ensures that you're testing the behavior the user would see in the 
browser. Learn more at https://reactjs.org/link/wrap-tests-with-act
          at ProfilePage (C:\Users\samhe\OneDrive\Desktop\Cleaned\frontend\src\
profile\ProfilePage.tsx:17:41)
          at basenameProp (C:\Users\samhe\OneDrive\Desktop\Cleaned\frontend\nod
e_modules\react-router\lib\components.tsx:421:13)
          at basename (C:\Users\samhe\OneDrive\Desktop\Cleaned\frontend\node_mo
dules\react-router\lib\components.tsx:225:3)

      172 |               className="border border-gray-300 rounded-md px-3 
py-2 text-sm"
      173 |               value={newPassword}
    > 174 |               onChange={e => setNewPassword(e.target.value)}
          |                              ^
      175 |             />
      176 |             <p className="text-xs text-gray-500">
      177 |               Minimum 8 characters, at least 1 uppercase letter 
and 1 number.

      at printWarning 
(node_modules/react-dom/cjs/react-dom.development.js:86:30)
      at error (node_modules/react-dom/cjs/react-dom.development.js:60:7)
      at warnIfUpdatesNotWrappedWithActDEV 
(node_modules/react-dom/cjs/react-dom.development.js:27628:9)
      at scheduleUpdateOnFiber 
(node_modules/react-dom/cjs/react-dom.development.js:25547:5)
      at dispatchSetState 
(node_modules/react-dom/cjs/react-dom.development.js:16708:7)
      at onChange (src/profile/ProfilePage.tsx:174:30)
      at HTMLUnknownElement.callCallback 
(node_modules/react-dom/cjs/react-dom.development.js:4164:14)
      at HTMLUnknownElement.callTheUserObjectsOperation 
(node_modules/jsdom/lib/jsdom/living/generated/EventListener.js:26:30)
      at innerInvokeEventListeners 
(node_modules/jsdom/lib/jsdom/living/events/EventTarget-impl.js:350:25)
      at invokeEventListeners 
(node_modules/jsdom/lib/jsdom/living/events/EventTarget-impl.js:286:3)
      at HTMLUnknownElementImpl._dispatch 
(node_modules/jsdom/lib/jsdom/living/events/EventTarget-impl.js:233:9)
      at HTMLUnknownElementImpl.dispatchEvent 
(node_modules/jsdom/lib/jsdom/living/events/EventTarget-impl.js:104:17)
      at HTMLUnknownElement.dispatchEvent 
(node_modules/jsdom/lib/jsdom/living/generated/EventTarget.js:241:34)
      at Object.invokeGuardedCallbackDev 
(node_modules/react-dom/cjs/react-dom.development.js:4213:16)
      at invokeGuardedCallback 
(node_modules/react-dom/cjs/react-dom.development.js:4277:31)
      at invokeGuardedCallbackAndCatchFirstError 
(node_modules/react-dom/cjs/react-dom.development.js:4291:25)
      at executeDispatch 
(node_modules/react-dom/cjs/react-dom.development.js:9041:3)
      at processDispatchQueueItemsInOrder 
(node_modules/react-dom/cjs/react-dom.development.js:9073:7)
      at processDispatchQueue 
(node_modules/react-dom/cjs/react-dom.development.js:9086:5)
      at dispatchEventsForPlugins 
(node_modules/react-dom/cjs/react-dom.development.js:9097:3)
      at node_modules/react-dom/cjs/react-dom.development.js:9288:12
      at batchedUpdates$1 
(node_modules/react-dom/cjs/react-dom.development.js:26179:12)
      at batchedUpdates 
(node_modules/react-dom/cjs/react-dom.development.js:3991:12)
      at dispatchEventForPluginEventSystem 
(node_modules/react-dom/cjs/react-dom.development.js:9287:3)
      at dispatchEventWithEnableCapturePhaseSelectiveHydrationWithoutDiscreteEv
entReplay (node_modules/react-dom/cjs/react-dom.development.js:6465:5)
      at dispatchEvent 
(node_modules/react-dom/cjs/react-dom.development.js:6457:5)
      at dispatchDiscreteEvent 
(node_modules/react-dom/cjs/react-dom.development.js:6430:5)
      at HTMLDivElement.callTheUserObjectsOperation 
(node_modules/jsdom/lib/jsdom/living/generated/EventListener.js:26:30)
      at innerInvokeEventListeners 
(node_modules/jsdom/lib/jsdom/living/events/EventTarget-impl.js:350:25)
      at invokeEventListeners 
(node_modules/jsdom/lib/jsdom/living/events/EventTarget-impl.js:286:3)
      at HTMLInputElementImpl._dispatch 
(node_modules/jsdom/lib/jsdom/living/events/EventTarget-impl.js:233:9)
      at HTMLInputElementImpl.dispatchEvent 
(node_modules/jsdom/lib/jsdom/living/events/EventTarget-impl.js:104:17)
      at HTMLInputElement.dispatchEvent 
(node_modules/jsdom/lib/jsdom/living/generated/EventTarget.js:241:34)
      at 
node_modules/@testing-library/user-event/dist/cjs/event/dispatchEvent.js:45:43
      at Object.eventWrapper 
(node_modules/@testing-library/dom/dist/config.js:25:23)
      at Object.wrapEvent 
(node_modules/@testing-library/user-event/dist/cjs/event/wrapEvent.js:6:28)
      at Object.dispatchEvent (node_modules/@testing-library/user-event/dist/cj
s/event/dispatchEvent.js:45:22)
      at Object.dispatchUIEvent (node_modules/@testing-library/user-event/dist/
cjs/event/dispatchEvent.js:22:26)
      at commitInput 
(node_modules/@testing-library/user-event/dist/cjs/event/input.js:145:14)
      at editInputElement 
(node_modules/@testing-library/user-event/dist/cjs/event/input.js:115:9)
      at Object.input 
(node_modules/@testing-library/user-event/dist/cjs/event/input.js:37:9)
      at node_modules/@testing-library/user-event/dist/cjs/event/behavior/keypr
ess.js:31:26
      at Object.dispatchEvent (node_modules/@testing-library/user-event/dist/cj
s/event/dispatchEvent.js:41:13)
      at Object.dispatchUIEvent (node_modules/@testing-library/user-event/dist/
cjs/event/dispatchEvent.js:22:26)
      at KeyboardHost.keydown 
(node_modules/@testing-library/user-event/dist/cjs/system/keyboard.js:76:22)
      at keyboardAction 
(node_modules/@testing-library/user-event/dist/cjs/keyboard/index.js:22:35)
      at Object.keyboard 
(node_modules/@testing-library/user-event/dist/cjs/keyboard/index.js:11:15)
      at Object.type 
(node_modules/@testing-library/user-event/dist/cjs/utility/type.js:17:5)
      at Object.<anonymous> (src/profile/__tests__/profile.test.tsx:215:5)

    console.error
      Warning: An update to ProfilePage inside a test was not wrapped in 
act(...).
      
      When testing, code that causes React state updates should be wrapped 
into act(...):
      
      act(() => {
        /* fire events that update state */
      });
      /* assert on the output */
      
      This ensures that you're testing the behavior the user would see in the 
browser. Learn more at https://reactjs.org/link/wrap-tests-with-act
          at ProfilePage (C:\Users\samhe\OneDrive\Desktop\Cleaned\frontend\src\
profile\ProfilePage.tsx:17:41)
          at basenameProp (C:\Users\samhe\OneDrive\Desktop\Cleaned\frontend\nod
e_modules\react-router\lib\components.tsx:421:13)
          at basename (C:\Users\samhe\OneDrive\Desktop\Cleaned\frontend\node_mo
dules\react-router\lib\components.tsx:225:3)

      191 |               className="border border-gray-300 rounded-md px-3 
py-2 text-sm"
      192 |               value={confirmPassword}
    > 193 |               onChange={e => setConfirmPassword(e.target.value)}
          |                              ^
      194 |             />
      195 |             {confirmPassword && !passwordsMatch && (
      196 |               <p className="text-sm text-red-600">Passwords do not 
match</p>

      at printWarning 
(node_modules/react-dom/cjs/react-dom.development.js:86:30)
      at error (node_modules/react-dom/cjs/react-dom.development.js:60:7)
      at warnIfUpdatesNotWrappedWithActDEV 
(node_modules/react-dom/cjs/react-dom.development.js:27628:9)
      at scheduleUpdateOnFiber 
(node_modules/react-dom/cjs/react-dom.development.js:25547:5)
      at dispatchSetState 
(node_modules/react-dom/cjs/react-dom.development.js:16708:7)
      at onChange (src/profile/ProfilePage.tsx:193:30)
      at HTMLUnknownElement.callCallback 
(node_modules/react-dom/cjs/react-dom.development.js:4164:14)
      at HTMLUnknownElement.callTheUserObjectsOperation 
(node_modules/jsdom/lib/jsdom/living/generated/EventListener.js:26:30)
      at innerInvokeEventListeners 
(node_modules/jsdom/lib/jsdom/living/events/EventTarget-impl.js:350:25)
      at invokeEventListeners 
(node_modules/jsdom/lib/jsdom/living/events/EventTarget-impl.js:286:3)
      at HTMLUnknownElementImpl._dispatch 
(node_modules/jsdom/lib/jsdom/living/events/EventTarget-impl.js:233:9)
      at HTMLUnknownElementImpl.dispatchEvent 
(node_modules/jsdom/lib/jsdom/living/events/EventTarget-impl.js:104:17)
      at HTMLUnknownElement.dispatchEvent 
(node_modules/jsdom/lib/jsdom/living/generated/EventTarget.js:241:34)
      at Object.invokeGuardedCallbackDev 
(node_modules/react-dom/cjs/react-dom.development.js:4213:16)
      at invokeGuardedCallback 
(node_modules/react-dom/cjs/react-dom.development.js:4277:31)
      at invokeGuardedCallbackAndCatchFirstError 
(node_modules/react-dom/cjs/react-dom.development.js:4291:25)
      at executeDispatch 
(node_modules/react-dom/cjs/react-dom.development.js:9041:3)
      at processDispatchQueueItemsInOrder 
(node_modules/react-dom/cjs/react-dom.development.js:9073:7)
      at processDispatchQueue 
(node_modules/react-dom/cjs/react-dom.development.js:9086:5)
      at dispatchEventsForPlugins 
(node_modules/react-dom/cjs/react-dom.development.js:9097:3)
      at node_modules/react-dom/cjs/react-dom.development.js:9288:12
      at batchedUpdates$1 
(node_modules/react-dom/cjs/react-dom.development.js:26179:12)
      at batchedUpdates 
(node_modules/react-dom/cjs/react-dom.development.js:3991:12)
      at dispatchEventForPluginEventSystem 
(node_modules/react-dom/cjs/react-dom.development.js:9287:3)
      at dispatchEventWithEnableCapturePhaseSelectiveHydrationWithoutDiscreteEv
entReplay (node_modules/react-dom/cjs/react-dom.development.js:6465:5)
      at dispatchEvent 
(node_modules/react-dom/cjs/react-dom.development.js:6457:5)
      at dispatchDiscreteEvent 
(node_modules/react-dom/cjs/react-dom.development.js:6430:5)
      at HTMLDivElement.callTheUserObjectsOperation 
(node_modules/jsdom/lib/jsdom/living/generated/EventListener.js:26:30)
      at innerInvokeEventListeners 
(node_modules/jsdom/lib/jsdom/living/events/EventTarget-impl.js:350:25)
      at invokeEventListeners 
(node_modules/jsdom/lib/jsdom/living/events/EventTarget-impl.js:286:3)
      at HTMLInputElementImpl._dispatch 
(node_modules/jsdom/lib/jsdom/living/events/EventTarget-impl.js:233:9)
      at HTMLInputElementImpl.dispatchEvent 
(node_modules/jsdom/lib/jsdom/living/events/EventTarget-impl.js:104:17)
      at HTMLInputElement.dispatchEvent 
(node_modules/jsdom/lib/jsdom/living/generated/EventTarget.js:241:34)
      at 
node_modules/@testing-library/user-event/dist/cjs/event/dispatchEvent.js:45:43
      at Object.eventWrapper 
(node_modules/@testing-library/dom/dist/config.js:25:23)
      at Object.wrapEvent 
(node_modules/@testing-library/user-event/dist/cjs/event/wrapEvent.js:6:28)
      at Object.dispatchEvent (node_modules/@testing-library/user-event/dist/cj
s/event/dispatchEvent.js:45:22)
      at Object.dispatchUIEvent (node_modules/@testing-library/user-event/dist/
cjs/event/dispatchEvent.js:22:26)
      at commitInput 
(node_modules/@testing-library/user-event/dist/cjs/event/input.js:145:14)
      at editInputElement 
(node_modules/@testing-library/user-event/dist/cjs/event/input.js:115:9)
      at Object.input 
(node_modules/@testing-library/user-event/dist/cjs/event/input.js:37:9)
      at node_modules/@testing-library/user-event/dist/cjs/event/behavior/keypr
ess.js:31:26
      at Object.dispatchEvent (node_modules/@testing-library/user-event/dist/cj
s/event/dispatchEvent.js:41:13)
      at Object.dispatchUIEvent (node_modules/@testing-library/user-event/dist/
cjs/event/dispatchEvent.js:22:26)
      at KeyboardHost.keydown 
(node_modules/@testing-library/user-event/dist/cjs/system/keyboard.js:76:22)
      at keyboardAction 
(node_modules/@testing-library/user-event/dist/cjs/keyboard/index.js:22:35)
      at Object.keyboard 
(node_modules/@testing-library/user-event/dist/cjs/keyboard/index.js:11:15)
      at Object.type 
(node_modules/@testing-library/user-event/dist/cjs/utility/type.js:17:5)
      at Object.<anonymous> (src/profile/__tests__/profile.test.tsx:216:5)

    console.error
      Warning: An update to ProfilePage inside a test was not wrapped in 
act(...).
      
      When testing, code that causes React state updates should be wrapped 
into act(...):
      
      act(() => {
        /* fire events that update state */
      });
      /* assert on the output */
      
      This ensures that you're testing the behavior the user would see in the 
browser. Learn more at https://reactjs.org/link/wrap-tests-with-act
          at ProfilePage (C:\Users\samhe\OneDrive\Desktop\Cleaned\frontend\src\
profile\ProfilePage.tsx:17:41)
          at basenameProp (C:\Users\samhe\OneDrive\Desktop\Cleaned\frontend\nod
e_modules\react-router\lib\components.tsx:421:13)
          at basename (C:\Users\samhe\OneDrive\Desktop\Cleaned\frontend\node_mo
dules\react-router\lib\components.tsx:225:3)

      191 |               className="border border-gray-300 rounded-md px-3 
py-2 text-sm"
      192 |               value={confirmPassword}
    > 193 |               onChange={e => setConfirmPassword(e.target.value)}
          |                              ^
      194 |             />
      195 |             {confirmPassword && !passwordsMatch && (
      196 |               <p className="text-sm text-red-600">Passwords do not 
match</p>

      at printWarning 
(node_modules/react-dom/cjs/react-dom.development.js:86:30)
      at error (node_modules/react-dom/cjs/react-dom.development.js:60:7)
      at warnIfUpdatesNotWrappedWithActDEV 
(node_modules/react-dom/cjs/react-dom.development.js:27628:9)
      at scheduleUpdateOnFiber 
(node_modules/react-dom/cjs/react-dom.development.js:25547:5)
      at dispatchSetState 
(node_modules/react-dom/cjs/react-dom.development.js:16708:7)
      at onChange (src/profile/ProfilePage.tsx:193:30)
      at HTMLUnknownElement.callCallback 
(node_modules/react-dom/cjs/react-dom.development.js:4164:14)
      at HTMLUnknownElement.callTheUserObjectsOperation 
(node_modules/jsdom/lib/jsdom/living/generated/EventListener.js:26:30)
      at innerInvokeEventListeners 
(node_modules/jsdom/lib/jsdom/living/events/EventTarget-impl.js:350:25)
      at invokeEventListeners 
(node_modules/jsdom/lib/jsdom/living/events/EventTarget-impl.js:286:3)
      at HTMLUnknownElementImpl._dispatch 
(node_modules/jsdom/lib/jsdom/living/events/EventTarget-impl.js:233:9)
      at HTMLUnknownElementImpl.dispatchEvent 
(node_modules/jsdom/lib/jsdom/living/events/EventTarget-impl.js:104:17)
      at HTMLUnknownElement.dispatchEvent 
(node_modules/jsdom/lib/jsdom/living/generated/EventTarget.js:241:34)
      at Object.invokeGuardedCallbackDev 
(node_modules/react-dom/cjs/react-dom.development.js:4213:16)
      at invokeGuardedCallback 
(node_modules/react-dom/cjs/react-dom.development.js:4277:31)
      at invokeGuardedCallbackAndCatchFirstError 
(node_modules/react-dom/cjs/react-dom.development.js:4291:25)
      at executeDispatch 
(node_modules/react-dom/cjs/react-dom.development.js:9041:3)
      at processDispatchQueueItemsInOrder 
(node_modules/react-dom/cjs/react-dom.development.js:9073:7)
      at processDispatchQueue 
(node_modules/react-dom/cjs/react-dom.development.js:9086:5)
      at dispatchEventsForPlugins 
(node_modules/react-dom/cjs/react-dom.development.js:9097:3)
      at node_modules/react-dom/cjs/react-dom.development.js:9288:12
      at batchedUpdates$1 
(node_modules/react-dom/cjs/react-dom.development.js:26179:12)
      at batchedUpdates 
(node_modules/react-dom/cjs/react-dom.development.js:3991:12)
      at dispatchEventForPluginEventSystem 
(node_modules/react-dom/cjs/react-dom.development.js:9287:3)
      at dispatchEventWithEnableCapturePhaseSelectiveHydrationWithoutDiscreteEv
entReplay (node_modules/react-dom/cjs/react-dom.development.js:6465:5)
      at dispatchEvent 
(node_modules/react-dom/cjs/react-dom.development.js:6457:5)
      at dispatchDiscreteEvent 
(node_modules/react-dom/cjs/react-dom.development.js:6430:5)
      at HTMLDivElement.callTheUserObjectsOperation 
(node_modules/jsdom/lib/jsdom/living/generated/EventListener.js:26:30)
      at innerInvokeEventListeners 
(node_modules/jsdom/lib/jsdom/living/events/EventTarget-impl.js:350:25)
      at invokeEventListeners 
(node_modules/jsdom/lib/jsdom/living/events/EventTarget-impl.js:286:3)
      at HTMLInputElementImpl._dispatch 
(node_modules/jsdom/lib/jsdom/living/events/EventTarget-impl.js:233:9)
      at HTMLInputElementImpl.dispatchEvent 
(node_modules/jsdom/lib/jsdom/living/events/EventTarget-impl.js:104:17)
      at HTMLInputElement.dispatchEvent 
(node_modules/jsdom/lib/jsdom/living/generated/EventTarget.js:241:34)
      at 
node_modules/@testing-library/user-event/dist/cjs/event/dispatchEvent.js:45:43
      at Object.eventWrapper 
(node_modules/@testing-library/dom/dist/config.js:25:23)
      at Object.wrapEvent 
(node_modules/@testing-library/user-event/dist/cjs/event/wrapEvent.js:6:28)
      at Object.dispatchEvent (node_modules/@testing-library/user-event/dist/cj
s/event/dispatchEvent.js:45:22)
      at Object.dispatchUIEvent (node_modules/@testing-library/user-event/dist/
cjs/event/dispatchEvent.js:22:26)
      at commitInput 
(node_modules/@testing-library/user-event/dist/cjs/event/input.js:145:14)
      at editInputElement 
(node_modules/@testing-library/user-event/dist/cjs/event/input.js:115:9)
      at Object.input 
(node_modules/@testing-library/user-event/dist/cjs/event/input.js:37:9)
      at node_modules/@testing-library/user-event/dist/cjs/event/behavior/keypr
ess.js:31:26
      at Object.dispatchEvent (node_modules/@testing-library/user-event/dist/cj
s/event/dispatchEvent.js:41:13)
      at Object.dispatchUIEvent (node_modules/@testing-library/user-event/dist/
cjs/event/dispatchEvent.js:22:26)
      at KeyboardHost.keydown 
(node_modules/@testing-library/user-event/dist/cjs/system/keyboard.js:76:22)
      at keyboardAction 
(node_modules/@testing-library/user-event/dist/cjs/keyboard/index.js:22:35)
      at Object.keyboard 
(node_modules/@testing-library/user-event/dist/cjs/keyboard/index.js:11:15)
      at Object.type 
(node_modules/@testing-library/user-event/dist/cjs/utility/type.js:17:5)
      at Object.<anonymous> (src/profile/__tests__/profile.test.tsx:216:5)

    console.error
      Warning: An update to ProfilePage inside a test was not wrapped in 
act(...).
      
      When testing, code that causes React state updates should be wrapped 
into act(...):
      
      act(() => {
        /* fire events that update state */
      });
      /* assert on the output */
      
      This ensures that you're testing the behavior the user would see in the 
browser. Learn more at https://reactjs.org/link/wrap-tests-with-act
          at ProfilePage (C:\Users\samhe\OneDrive\Desktop\Cleaned\frontend\src\
profile\ProfilePage.tsx:17:41)
          at basenameProp (C:\Users\samhe\OneDrive\Desktop\Cleaned\frontend\nod
e_modules\react-router\lib\components.tsx:421:13)
          at basename (C:\Users\samhe\OneDrive\Desktop\Cleaned\frontend\node_mo
dules\react-router\lib\components.tsx:225:3)

      191 |               className="border border-gray-300 rounded-md px-3 
py-2 text-sm"
      192 |               value={confirmPassword}
    > 193 |               onChange={e => setConfirmPassword(e.target.value)}
          |                              ^
      194 |             />
      195 |             {confirmPassword && !passwordsMatch && (
      196 |               <p className="text-sm text-red-600">Passwords do not 
match</p>

      at printWarning 
(node_modules/react-dom/cjs/react-dom.development.js:86:30)
      at error (node_modules/react-dom/cjs/react-dom.development.js:60:7)
      at warnIfUpdatesNotWrappedWithActDEV 
(node_modules/react-dom/cjs/react-dom.development.js:27628:9)
      at scheduleUpdateOnFiber 
(node_modules/react-dom/cjs/react-dom.development.js:25547:5)
      at dispatchSetState 
(node_modules/react-dom/cjs/react-dom.development.js:16708:7)
      at onChange (src/profile/ProfilePage.tsx:193:30)
      at HTMLUnknownElement.callCallback 
(node_modules/react-dom/cjs/react-dom.development.js:4164:14)
      at HTMLUnknownElement.callTheUserObjectsOperation 
(node_modules/jsdom/lib/jsdom/living/generated/EventListener.js:26:30)
      at innerInvokeEventListeners 
(node_modules/jsdom/lib/jsdom/living/events/EventTarget-impl.js:350:25)
      at invokeEventListeners 
(node_modules/jsdom/lib/jsdom/living/events/EventTarget-impl.js:286:3)
      at HTMLUnknownElementImpl._dispatch 
(node_modules/jsdom/lib/jsdom/living/events/EventTarget-impl.js:233:9)
      at HTMLUnknownElementImpl.dispatchEvent 
(node_modules/jsdom/lib/jsdom/living/events/EventTarget-impl.js:104:17)
      at HTMLUnknownElement.dispatchEvent 
(node_modules/jsdom/lib/jsdom/living/generated/EventTarget.js:241:34)
      at Object.invokeGuardedCallbackDev 
(node_modules/react-dom/cjs/react-dom.development.js:4213:16)
      at invokeGuardedCallback 
(node_modules/react-dom/cjs/react-dom.development.js:4277:31)
      at invokeGuardedCallbackAndCatchFirstError 
(node_modules/react-dom/cjs/react-dom.development.js:4291:25)
      at executeDispatch 
(node_modules/react-dom/cjs/react-dom.development.js:9041:3)
      at processDispatchQueueItemsInOrder 
(node_modules/react-dom/cjs/react-dom.development.js:9073:7)
      at processDispatchQueue 
(node_modules/react-dom/cjs/react-dom.development.js:9086:5)
      at dispatchEventsForPlugins 
(node_modules/react-dom/cjs/react-dom.development.js:9097:3)
      at node_modules/react-dom/cjs/react-dom.development.js:9288:12
      at batchedUpdates$1 
(node_modules/react-dom/cjs/react-dom.development.js:26179:12)
      at batchedUpdates 
(node_modules/react-dom/cjs/react-dom.development.js:3991:12)
      at dispatchEventForPluginEventSystem 
(node_modules/react-dom/cjs/react-dom.development.js:9287:3)
      at dispatchEventWithEnableCapturePhaseSelectiveHydrationWithoutDiscreteEv
entReplay (node_modules/react-dom/cjs/react-dom.development.js:6465:5)
      at dispatchEvent 
(node_modules/react-dom/cjs/react-dom.development.js:6457:5)
      at dispatchDiscreteEvent 
(node_modules/react-dom/cjs/react-dom.development.js:6430:5)
      at HTMLDivElement.callTheUserObjectsOperation 
(node_modules/jsdom/lib/jsdom/living/generated/EventListener.js:26:30)
      at innerInvokeEventListeners 
(node_modules/jsdom/lib/jsdom/living/events/EventTarget-impl.js:350:25)
      at invokeEventListeners 
(node_modules/jsdom/lib/jsdom/living/events/EventTarget-impl.js:286:3)
      at HTMLInputElementImpl._dispatch 
(node_modules/jsdom/lib/jsdom/living/events/EventTarget-impl.js:233:9)
      at HTMLInputElementImpl.dispatchEvent 
(node_modules/jsdom/lib/jsdom/living/events/EventTarget-impl.js:104:17)
      at HTMLInputElement.dispatchEvent 
(node_modules/jsdom/lib/jsdom/living/generated/EventTarget.js:241:34)
      at 
node_modules/@testing-library/user-event/dist/cjs/event/dispatchEvent.js:45:43
      at Object.eventWrapper 
(node_modules/@testing-library/dom/dist/config.js:25:23)
      at Object.wrapEvent 
(node_modules/@testing-library/user-event/dist/cjs/event/wrapEvent.js:6:28)
      at Object.dispatchEvent (node_modules/@testing-library/user-event/dist/cj
s/event/dispatchEvent.js:45:22)
      at Object.dispatchUIEvent (node_modules/@testing-library/user-event/dist/
cjs/event/dispatchEvent.js:22:26)
      at commitInput 
(node_modules/@testing-library/user-event/dist/cjs/event/input.js:145:14)
      at editInputElement 
(node_modules/@testing-library/user-event/dist/cjs/event/input.js:115:9)
      at Object.input 
(node_modules/@testing-library/user-event/dist/cjs/event/input.js:37:9)
      at node_modules/@testing-library/user-event/dist/cjs/event/behavior/keypr
ess.js:31:26
      at Object.dispatchEvent (node_modules/@testing-library/user-event/dist/cj
s/event/dispatchEvent.js:41:13)
      at Object.dispatchUIEvent (node_modules/@testing-library/user-event/dist/
cjs/event/dispatchEvent.js:22:26)
      at KeyboardHost.keydown 
(node_modules/@testing-library/user-event/dist/cjs/system/keyboard.js:76:22)
      at keyboardAction 
(node_modules/@testing-library/user-event/dist/cjs/keyboard/index.js:22:35)
      at Object.keyboard 
(node_modules/@testing-library/user-event/dist/cjs/keyboard/index.js:11:15)
      at Object.type 
(node_modules/@testing-library/user-event/dist/cjs/utility/type.js:17:5)
      at Object.<anonymous> (src/profile/__tests__/profile.test.tsx:216:5)

    console.error
      Warning: An update to ProfilePage inside a test was not wrapped in 
act(...).
      
      When testing, code that causes React state updates should be wrapped 
into act(...):
      
      act(() => {
        /* fire events that update state */
      });
      /* assert on the output */
      
      This ensures that you're testing the behavior the user would see in the 
browser. Learn more at https://reactjs.org/link/wrap-tests-with-act
          at ProfilePage (C:\Users\samhe\OneDrive\Desktop\Cleaned\frontend\src\
profile\ProfilePage.tsx:17:41)
          at basenameProp (C:\Users\samhe\OneDrive\Desktop\Cleaned\frontend\nod
e_modules\react-router\lib\components.tsx:421:13)
          at basename (C:\Users\samhe\OneDrive\Desktop\Cleaned\frontend\node_mo
dules\react-router\lib\components.tsx:225:3)

      191 |               className="border border-gray-300 rounded-md px-3 
py-2 text-sm"
      192 |               value={confirmPassword}
    > 193 |               onChange={e => setConfirmPassword(e.target.value)}
          |                              ^
      194 |             />
      195 |             {confirmPassword && !passwordsMatch && (
      196 |               <p className="text-sm text-red-600">Passwords do not 
match</p>

      at printWarning 
(node_modules/react-dom/cjs/react-dom.development.js:86:30)
      at error (node_modules/react-dom/cjs/react-dom.development.js:60:7)
      at warnIfUpdatesNotWrappedWithActDEV 
(node_modules/react-dom/cjs/react-dom.development.js:27628:9)
      at scheduleUpdateOnFiber 
(node_modules/react-dom/cjs/react-dom.development.js:25547:5)
      at dispatchSetState 
(node_modules/react-dom/cjs/react-dom.development.js:16708:7)
      at onChange (src/profile/ProfilePage.tsx:193:30)
      at HTMLUnknownElement.callCallback 
(node_modules/react-dom/cjs/react-dom.development.js:4164:14)
      at HTMLUnknownElement.callTheUserObjectsOperation 
(node_modules/jsdom/lib/jsdom/living/generated/EventListener.js:26:30)
      at innerInvokeEventListeners 
(node_modules/jsdom/lib/jsdom/living/events/EventTarget-impl.js:350:25)
      at invokeEventListeners 
(node_modules/jsdom/lib/jsdom/living/events/EventTarget-impl.js:286:3)
      at HTMLUnknownElementImpl._dispatch 
(node_modules/jsdom/lib/jsdom/living/events/EventTarget-impl.js:233:9)
      at HTMLUnknownElementImpl.dispatchEvent 
(node_modules/jsdom/lib/jsdom/living/events/EventTarget-impl.js:104:17)
      at HTMLUnknownElement.dispatchEvent 
(node_modules/jsdom/lib/jsdom/living/generated/EventTarget.js:241:34)
      at Object.invokeGuardedCallbackDev 
(node_modules/react-dom/cjs/react-dom.development.js:4213:16)
      at invokeGuardedCallback 
(node_modules/react-dom/cjs/react-dom.development.js:4277:31)
      at invokeGuardedCallbackAndCatchFirstError 
(node_modules/react-dom/cjs/react-dom.development.js:4291:25)
      at executeDispatch 
(node_modules/react-dom/cjs/react-dom.development.js:9041:3)
      at processDispatchQueueItemsInOrder 
(node_modules/react-dom/cjs/react-dom.development.js:9073:7)
      at processDispatchQueue 
(node_modules/react-dom/cjs/react-dom.development.js:9086:5)
      at dispatchEventsForPlugins 
(node_modules/react-dom/cjs/react-dom.development.js:9097:3)
      at node_modules/react-dom/cjs/react-dom.development.js:9288:12
      at batchedUpdates$1 
(node_modules/react-dom/cjs/react-dom.development.js:26179:12)
      at batchedUpdates 
(node_modules/react-dom/cjs/react-dom.development.js:3991:12)
      at dispatchEventForPluginEventSystem 
(node_modules/react-dom/cjs/react-dom.development.js:9287:3)
      at dispatchEventWithEnableCapturePhaseSelectiveHydrationWithoutDiscreteEv
entReplay (node_modules/react-dom/cjs/react-dom.development.js:6465:5)
      at dispatchEvent 
(node_modules/react-dom/cjs/react-dom.development.js:6457:5)
      at dispatchDiscreteEvent 
(node_modules/react-dom/cjs/react-dom.development.js:6430:5)
      at HTMLDivElement.callTheUserObjectsOperation 
(node_modules/jsdom/lib/jsdom/living/generated/EventListener.js:26:30)
      at innerInvokeEventListeners 
(node_modules/jsdom/lib/jsdom/living/events/EventTarget-impl.js:350:25)
      at invokeEventListeners 
(node_modules/jsdom/lib/jsdom/living/events/EventTarget-impl.js:286:3)
      at HTMLInputElementImpl._dispatch 
(node_modules/jsdom/lib/jsdom/living/events/EventTarget-impl.js:233:9)
      at HTMLInputElementImpl.dispatchEvent 
(node_modules/jsdom/lib/jsdom/living/events/EventTarget-impl.js:104:17)
      at HTMLInputElement.dispatchEvent 
(node_modules/jsdom/lib/jsdom/living/generated/EventTarget.js:241:34)
      at 
node_modules/@testing-library/user-event/dist/cjs/event/dispatchEvent.js:45:43
      at Object.eventWrapper 
(node_modules/@testing-library/dom/dist/config.js:25:23)
      at Object.wrapEvent 
(node_modules/@testing-library/user-event/dist/cjs/event/wrapEvent.js:6:28)
      at Object.dispatchEvent (node_modules/@testing-library/user-event/dist/cj
s/event/dispatchEvent.js:45:22)
      at Object.dispatchUIEvent (node_modules/@testing-library/user-event/dist/
cjs/event/dispatchEvent.js:22:26)
      at commitInput 
(node_modules/@testing-library/user-event/dist/cjs/event/input.js:145:14)
      at editInputElement 
(node_modules/@testing-library/user-event/dist/cjs/event/input.js:115:9)
      at Object.input 
(node_modules/@testing-library/user-event/dist/cjs/event/input.js:37:9)
      at node_modules/@testing-library/user-event/dist/cjs/event/behavior/keypr
ess.js:31:26
      at Object.dispatchEvent (node_modules/@testing-library/user-event/dist/cj
s/event/dispatchEvent.js:41:13)
      at Object.dispatchUIEvent (node_modules/@testing-library/user-event/dist/
cjs/event/dispatchEvent.js:22:26)
      at KeyboardHost.keydown 
(node_modules/@testing-library/user-event/dist/cjs/system/keyboard.js:76:22)
      at keyboardAction 
(node_modules/@testing-library/user-event/dist/cjs/keyboard/index.js:22:35)
      at Object.keyboard 
(node_modules/@testing-library/user-event/dist/cjs/keyboard/index.js:11:15)
      at Object.type 
(node_modules/@testing-library/user-event/dist/cjs/utility/type.js:17:5)
      at Object.<anonymous> (src/profile/__tests__/profile.test.tsx:216:5)

    console.error
      Warning: An update to ProfilePage inside a test was not wrapped in 
act(...).
      
      When testing, code that causes React state updates should be wrapped 
into act(...):
      
      act(() => {
        /* fire events that update state */
      });
      /* assert on the output */
      
      This ensures that you're testing the behavior the user would see in the 
browser. Learn more at https://reactjs.org/link/wrap-tests-with-act
          at ProfilePage (C:\Users\samhe\OneDrive\Desktop\Cleaned\frontend\src\
profile\ProfilePage.tsx:17:41)
          at basenameProp (C:\Users\samhe\OneDrive\Desktop\Cleaned\frontend\nod
e_modules\react-router\lib\components.tsx:421:13)
          at basename (C:\Users\samhe\OneDrive\Desktop\Cleaned\frontend\node_mo
dules\react-router\lib\components.tsx:225:3)

      191 |               className="border border-gray-300 rounded-md px-3 
py-2 text-sm"
      192 |               value={confirmPassword}
    > 193 |               onChange={e => setConfirmPassword(e.target.value)}
          |                              ^
      194 |             />
      195 |             {confirmPassword && !passwordsMatch && (
      196 |               <p className="text-sm text-red-600">Passwords do not 
match</p>

      at printWarning 
(node_modules/react-dom/cjs/react-dom.development.js:86:30)
      at error (node_modules/react-dom/cjs/react-dom.development.js:60:7)
      at warnIfUpdatesNotWrappedWithActDEV 
(node_modules/react-dom/cjs/react-dom.development.js:27628:9)
      at scheduleUpdateOnFiber 
(node_modules/react-dom/cjs/react-dom.development.js:25547:5)
      at dispatchSetState 
(node_modules/react-dom/cjs/react-dom.development.js:16708:7)
      at onChange (src/profile/ProfilePage.tsx:193:30)
      at HTMLUnknownElement.callCallback 
(node_modules/react-dom/cjs/react-dom.development.js:4164:14)
      at HTMLUnknownElement.callTheUserObjectsOperation 
(node_modules/jsdom/lib/jsdom/living/generated/EventListener.js:26:30)
      at innerInvokeEventListeners 
(node_modules/jsdom/lib/jsdom/living/events/EventTarget-impl.js:350:25)
      at invokeEventListeners 
(node_modules/jsdom/lib/jsdom/living/events/EventTarget-impl.js:286:3)
      at HTMLUnknownElementImpl._dispatch 
(node_modules/jsdom/lib/jsdom/living/events/EventTarget-impl.js:233:9)
      at HTMLUnknownElementImpl.dispatchEvent 
(node_modules/jsdom/lib/jsdom/living/events/EventTarget-impl.js:104:17)
      at HTMLUnknownElement.dispatchEvent 
(node_modules/jsdom/lib/jsdom/living/generated/EventTarget.js:241:34)
      at Object.invokeGuardedCallbackDev 
(node_modules/react-dom/cjs/react-dom.development.js:4213:16)
      at invokeGuardedCallback 
(node_modules/react-dom/cjs/react-dom.development.js:4277:31)
      at invokeGuardedCallbackAndCatchFirstError 
(node_modules/react-dom/cjs/react-dom.development.js:4291:25)
      at executeDispatch 
(node_modules/react-dom/cjs/react-dom.development.js:9041:3)
      at processDispatchQueueItemsInOrder 
(node_modules/react-dom/cjs/react-dom.development.js:9073:7)
      at processDispatchQueue 
(node_modules/react-dom/cjs/react-dom.development.js:9086:5)
      at dispatchEventsForPlugins 
(node_modules/react-dom/cjs/react-dom.development.js:9097:3)
      at node_modules/react-dom/cjs/react-dom.development.js:9288:12
      at batchedUpdates$1 
(node_modules/react-dom/cjs/react-dom.development.js:26179:12)
      at batchedUpdates 
(node_modules/react-dom/cjs/react-dom.development.js:3991:12)
      at dispatchEventForPluginEventSystem 
(node_modules/react-dom/cjs/react-dom.development.js:9287:3)
      at dispatchEventWithEnableCapturePhaseSelectiveHydrationWithoutDiscreteEv
entReplay (node_modules/react-dom/cjs/react-dom.development.js:6465:5)
      at dispatchEvent 
(node_modules/react-dom/cjs/react-dom.development.js:6457:5)
      at dispatchDiscreteEvent 
(node_modules/react-dom/cjs/react-dom.development.js:6430:5)
      at HTMLDivElement.callTheUserObjectsOperation 
(node_modules/jsdom/lib/jsdom/living/generated/EventListener.js:26:30)
      at innerInvokeEventListeners 
(node_modules/jsdom/lib/jsdom/living/events/EventTarget-impl.js:350:25)
      at invokeEventListeners 
(node_modules/jsdom/lib/jsdom/living/events/EventTarget-impl.js:286:3)
      at HTMLInputElementImpl._dispatch 
(node_modules/jsdom/lib/jsdom/living/events/EventTarget-impl.js:233:9)
      at HTMLInputElementImpl.dispatchEvent 
(node_modules/jsdom/lib/jsdom/living/events/EventTarget-impl.js:104:17)
      at HTMLInputElement.dispatchEvent 
(node_modules/jsdom/lib/jsdom/living/generated/EventTarget.js:241:34)
      at 
node_modules/@testing-library/user-event/dist/cjs/event/dispatchEvent.js:45:43
      at Object.eventWrapper 
(node_modules/@testing-library/dom/dist/config.js:25:23)
      at Object.wrapEvent 
(node_modules/@testing-library/user-event/dist/cjs/event/wrapEvent.js:6:28)
      at Object.dispatchEvent (node_modules/@testing-library/user-event/dist/cj
s/event/dispatchEvent.js:45:22)
      at Object.dispatchUIEvent (node_modules/@testing-library/user-event/dist/
cjs/event/dispatchEvent.js:22:26)
      at commitInput 
(node_modules/@testing-library/user-event/dist/cjs/event/input.js:145:14)
      at editInputElement 
(node_modules/@testing-library/user-event/dist/cjs/event/input.js:115:9)
      at Object.input 
(node_modules/@testing-library/user-event/dist/cjs/event/input.js:37:9)
      at node_modules/@testing-library/user-event/dist/cjs/event/behavior/keypr
ess.js:31:26
      at Object.dispatchEvent (node_modules/@testing-library/user-event/dist/cj
s/event/dispatchEvent.js:41:13)
      at Object.dispatchUIEvent (node_modules/@testing-library/user-event/dist/
cjs/event/dispatchEvent.js:22:26)
      at KeyboardHost.keydown 
(node_modules/@testing-library/user-event/dist/cjs/system/keyboard.js:76:22)
      at keyboardAction 
(node_modules/@testing-library/user-event/dist/cjs/keyboard/index.js:22:35)
      at Object.keyboard 
(node_modules/@testing-library/user-event/dist/cjs/keyboard/index.js:11:15)
      at Object.type 
(node_modules/@testing-library/user-event/dist/cjs/utility/type.js:17:5)
      at Object.<anonymous> (src/profile/__tests__/profile.test.tsx:216:5)

    console.error
      Warning: An update to ProfilePage inside a test was not wrapped in 
act(...).
      
      When testing, code that causes React state updates should be wrapped 
into act(...):
      
      act(() => {
        /* fire events that update state */
      });
      /* assert on the output */
      
      This ensures that you're testing the behavior the user would see in the 
browser. Learn more at https://reactjs.org/link/wrap-tests-with-act
          at ProfilePage (C:\Users\samhe\OneDrive\Desktop\Cleaned\frontend\src\
profile\ProfilePage.tsx:17:41)
          at basenameProp (C:\Users\samhe\OneDrive\Desktop\Cleaned\frontend\nod
e_modules\react-router\lib\components.tsx:421:13)
          at basename (C:\Users\samhe\OneDrive\Desktop\Cleaned\frontend\node_mo
dules\react-router\lib\components.tsx:225:3)

      191 |               className="border border-gray-300 rounded-md px-3 
py-2 text-sm"
      192 |               value={confirmPassword}
    > 193 |               onChange={e => setConfirmPassword(e.target.value)}
          |                              ^
      194 |             />
      195 |             {confirmPassword && !passwordsMatch && (
      196 |               <p className="text-sm text-red-600">Passwords do not 
match</p>

      at printWarning 
(node_modules/react-dom/cjs/react-dom.development.js:86:30)
      at error (node_modules/react-dom/cjs/react-dom.development.js:60:7)
      at warnIfUpdatesNotWrappedWithActDEV 
(node_modules/react-dom/cjs/react-dom.development.js:27628:9)
      at scheduleUpdateOnFiber 
(node_modules/react-dom/cjs/react-dom.development.js:25547:5)
      at dispatchSetState 
(node_modules/react-dom/cjs/react-dom.development.js:16708:7)
      at onChange (src/profile/ProfilePage.tsx:193:30)
      at HTMLUnknownElement.callCallback 
(node_modules/react-dom/cjs/react-dom.development.js:4164:14)
      at HTMLUnknownElement.callTheUserObjectsOperation 
(node_modules/jsdom/lib/jsdom/living/generated/EventListener.js:26:30)
      at innerInvokeEventListeners 
(node_modules/jsdom/lib/jsdom/living/events/EventTarget-impl.js:350:25)
      at invokeEventListeners 
(node_modules/jsdom/lib/jsdom/living/events/EventTarget-impl.js:286:3)
      at HTMLUnknownElementImpl._dispatch 
(node_modules/jsdom/lib/jsdom/living/events/EventTarget-impl.js:233:9)
      at HTMLUnknownElementImpl.dispatchEvent 
(node_modules/jsdom/lib/jsdom/living/events/EventTarget-impl.js:104:17)
      at HTMLUnknownElement.dispatchEvent 
(node_modules/jsdom/lib/jsdom/living/generated/EventTarget.js:241:34)
      at Object.invokeGuardedCallbackDev 
(node_modules/react-dom/cjs/react-dom.development.js:4213:16)
      at invokeGuardedCallback 
(node_modules/react-dom/cjs/react-dom.development.js:4277:31)
      at invokeGuardedCallbackAndCatchFirstError 
(node_modules/react-dom/cjs/react-dom.development.js:4291:25)
      at executeDispatch 
(node_modules/react-dom/cjs/react-dom.development.js:9041:3)
      at processDispatchQueueItemsInOrder 
(node_modules/react-dom/cjs/react-dom.development.js:9073:7)
      at processDispatchQueue 
(node_modules/react-dom/cjs/react-dom.development.js:9086:5)
      at dispatchEventsForPlugins 
(node_modules/react-dom/cjs/react-dom.development.js:9097:3)
      at node_modules/react-dom/cjs/react-dom.development.js:9288:12
      at batchedUpdates$1 
(node_modules/react-dom/cjs/react-dom.development.js:26179:12)
      at batchedUpdates 
(node_modules/react-dom/cjs/react-dom.development.js:3991:12)
      at dispatchEventForPluginEventSystem 
(node_modules/react-dom/cjs/react-dom.development.js:9287:3)
      at dispatchEventWithEnableCapturePhaseSelectiveHydrationWithoutDiscreteEv
entReplay (node_modules/react-dom/cjs/react-dom.development.js:6465:5)
      at dispatchEvent 
(node_modules/react-dom/cjs/react-dom.development.js:6457:5)
      at dispatchDiscreteEvent 
(node_modules/react-dom/cjs/react-dom.development.js:6430:5)
      at HTMLDivElement.callTheUserObjectsOperation 
(node_modules/jsdom/lib/jsdom/living/generated/EventListener.js:26:30)
      at innerInvokeEventListeners 
(node_modules/jsdom/lib/jsdom/living/events/EventTarget-impl.js:350:25)
      at invokeEventListeners 
(node_modules/jsdom/lib/jsdom/living/events/EventTarget-impl.js:286:3)
      at HTMLInputElementImpl._dispatch 
(node_modules/jsdom/lib/jsdom/living/events/EventTarget-impl.js:233:9)
      at HTMLInputElementImpl.dispatchEvent 
(node_modules/jsdom/lib/jsdom/living/events/EventTarget-impl.js:104:17)
      at HTMLInputElement.dispatchEvent 
(node_modules/jsdom/lib/jsdom/living/generated/EventTarget.js:241:34)
      at 
node_modules/@testing-library/user-event/dist/cjs/event/dispatchEvent.js:45:43
      at Object.eventWrapper 
(node_modules/@testing-library/dom/dist/config.js:25:23)
      at Object.wrapEvent 
(node_modules/@testing-library/user-event/dist/cjs/event/wrapEvent.js:6:28)
      at Object.dispatchEvent (node_modules/@testing-library/user-event/dist/cj
s/event/dispatchEvent.js:45:22)
      at Object.dispatchUIEvent (node_modules/@testing-library/user-event/dist/
cjs/event/dispatchEvent.js:22:26)
      at commitInput 
(node_modules/@testing-library/user-event/dist/cjs/event/input.js:145:14)
      at editInputElement 
(node_modules/@testing-library/user-event/dist/cjs/event/input.js:115:9)
      at Object.input 
(node_modules/@testing-library/user-event/dist/cjs/event/input.js:37:9)
      at node_modules/@testing-library/user-event/dist/cjs/event/behavior/keypr
ess.js:31:26
      at Object.dispatchEvent (node_modules/@testing-library/user-event/dist/cj
s/event/dispatchEvent.js:41:13)
      at Object.dispatchUIEvent (node_modules/@testing-library/user-event/dist/
cjs/event/dispatchEvent.js:22:26)
      at KeyboardHost.keydown 
(node_modules/@testing-library/user-event/dist/cjs/system/keyboard.js:76:22)
      at keyboardAction 
(node_modules/@testing-library/user-event/dist/cjs/keyboard/index.js:22:35)
      at Object.keyboard 
(node_modules/@testing-library/user-event/dist/cjs/keyboard/index.js:11:15)
      at Object.type 
(node_modules/@testing-library/user-event/dist/cjs/utility/type.js:17:5)
      at Object.<anonymous> (src/profile/__tests__/profile.test.tsx:216:5)

    console.error
      Warning: An update to ProfilePage inside a test was not wrapped in 
act(...).
      
      When testing, code that causes React state updates should be wrapped 
into act(...):
      
      act(() => {
        /* fire events that update state */
      });
      /* assert on the output */
      
      This ensures that you're testing the behavior the user would see in the 
browser. Learn more at https://reactjs.org/link/wrap-tests-with-act
          at ProfilePage (C:\Users\samhe\OneDrive\Desktop\Cleaned\frontend\src\
profile\ProfilePage.tsx:17:41)
          at basenameProp (C:\Users\samhe\OneDrive\Desktop\Cleaned\frontend\nod
e_modules\react-router\lib\components.tsx:421:13)
          at basename (C:\Users\samhe\OneDrive\Desktop\Cleaned\frontend\node_mo
dules\react-router\lib\components.tsx:225:3)

      191 |               className="border border-gray-300 rounded-md px-3 
py-2 text-sm"
      192 |               value={confirmPassword}
    > 193 |               onChange={e => setConfirmPassword(e.target.value)}
          |                              ^
      194 |             />
      195 |             {confirmPassword && !passwordsMatch && (
      196 |               <p className="text-sm text-red-600">Passwords do not 
match</p>

      at printWarning 
(node_modules/react-dom/cjs/react-dom.development.js:86:30)
      at error (node_modules/react-dom/cjs/react-dom.development.js:60:7)
      at warnIfUpdatesNotWrappedWithActDEV 
(node_modules/react-dom/cjs/react-dom.development.js:27628:9)
      at scheduleUpdateOnFiber 
(node_modules/react-dom/cjs/react-dom.development.js:25547:5)
      at dispatchSetState 
(node_modules/react-dom/cjs/react-dom.development.js:16708:7)
      at onChange (src/profile/ProfilePage.tsx:193:30)
      at HTMLUnknownElement.callCallback 
(node_modules/react-dom/cjs/react-dom.development.js:4164:14)
      at HTMLUnknownElement.callTheUserObjectsOperation 
(node_modules/jsdom/lib/jsdom/living/generated/EventListener.js:26:30)
      at innerInvokeEventListeners 
(node_modules/jsdom/lib/jsdom/living/events/EventTarget-impl.js:350:25)
      at invokeEventListeners 
(node_modules/jsdom/lib/jsdom/living/events/EventTarget-impl.js:286:3)
      at HTMLUnknownElementImpl._dispatch 
(node_modules/jsdom/lib/jsdom/living/events/EventTarget-impl.js:233:9)
      at HTMLUnknownElementImpl.dispatchEvent 
(node_modules/jsdom/lib/jsdom/living/events/EventTarget-impl.js:104:17)
      at HTMLUnknownElement.dispatchEvent 
(node_modules/jsdom/lib/jsdom/living/generated/EventTarget.js:241:34)
      at Object.invokeGuardedCallbackDev 
(node_modules/react-dom/cjs/react-dom.development.js:4213:16)
      at invokeGuardedCallback 
(node_modules/react-dom/cjs/react-dom.development.js:4277:31)
      at invokeGuardedCallbackAndCatchFirstError 
(node_modules/react-dom/cjs/react-dom.development.js:4291:25)
      at executeDispatch 
(node_modules/react-dom/cjs/react-dom.development.js:9041:3)
      at processDispatchQueueItemsInOrder 
(node_modules/react-dom/cjs/react-dom.development.js:9073:7)
      at processDispatchQueue 
(node_modules/react-dom/cjs/react-dom.development.js:9086:5)
      at dispatchEventsForPlugins 
(node_modules/react-dom/cjs/react-dom.development.js:9097:3)
      at node_modules/react-dom/cjs/react-dom.development.js:9288:12
      at batchedUpdates$1 
(node_modules/react-dom/cjs/react-dom.development.js:26179:12)
      at batchedUpdates 
(node_modules/react-dom/cjs/react-dom.development.js:3991:12)
      at dispatchEventForPluginEventSystem 
(node_modules/react-dom/cjs/react-dom.development.js:9287:3)
      at dispatchEventWithEnableCapturePhaseSelectiveHydrationWithoutDiscreteEv
entReplay (node_modules/react-dom/cjs/react-dom.development.js:6465:5)
      at dispatchEvent 
(node_modules/react-dom/cjs/react-dom.development.js:6457:5)
      at dispatchDiscreteEvent 
(node_modules/react-dom/cjs/react-dom.development.js:6430:5)
      at HTMLDivElement.callTheUserObjectsOperation 
(node_modules/jsdom/lib/jsdom/living/generated/EventListener.js:26:30)
      at innerInvokeEventListeners 
(node_modules/jsdom/lib/jsdom/living/events/EventTarget-impl.js:350:25)
      at invokeEventListeners 
(node_modules/jsdom/lib/jsdom/living/events/EventTarget-impl.js:286:3)
      at HTMLInputElementImpl._dispatch 
(node_modules/jsdom/lib/jsdom/living/events/EventTarget-impl.js:233:9)
      at HTMLInputElementImpl.dispatchEvent 
(node_modules/jsdom/lib/jsdom/living/events/EventTarget-impl.js:104:17)
      at HTMLInputElement.dispatchEvent 
(node_modules/jsdom/lib/jsdom/living/generated/EventTarget.js:241:34)
      at 
node_modules/@testing-library/user-event/dist/cjs/event/dispatchEvent.js:45:43
      at Object.eventWrapper 
(node_modules/@testing-library/dom/dist/config.js:25:23)
      at Object.wrapEvent 
(node_modules/@testing-library/user-event/dist/cjs/event/wrapEvent.js:6:28)
      at Object.dispatchEvent (node_modules/@testing-library/user-event/dist/cj
s/event/dispatchEvent.js:45:22)
      at Object.dispatchUIEvent (node_modules/@testing-library/user-event/dist/
cjs/event/dispatchEvent.js:22:26)
      at commitInput 
(node_modules/@testing-library/user-event/dist/cjs/event/input.js:145:14)
      at editInputElement 
(node_modules/@testing-library/user-event/dist/cjs/event/input.js:115:9)
      at Object.input 
(node_modules/@testing-library/user-event/dist/cjs/event/input.js:37:9)
      at node_modules/@testing-library/user-event/dist/cjs/event/behavior/keypr
ess.js:31:26
      at Object.dispatchEvent (node_modules/@testing-library/user-event/dist/cj
s/event/dispatchEvent.js:41:13)
      at Object.dispatchUIEvent (node_modules/@testing-library/user-event/dist/
cjs/event/dispatchEvent.js:22:26)
      at KeyboardHost.keydown 
(node_modules/@testing-library/user-event/dist/cjs/system/keyboard.js:76:22)
      at keyboardAction 
(node_modules/@testing-library/user-event/dist/cjs/keyboard/index.js:22:35)
      at Object.keyboard 
(node_modules/@testing-library/user-event/dist/cjs/keyboard/index.js:11:15)
      at Object.type 
(node_modules/@testing-library/user-event/dist/cjs/utility/type.js:17:5)
      at Object.<anonymous> (src/profile/__tests__/profile.test.tsx:216:5)

    console.error
      Warning: An update to ProfilePage inside a test was not wrapped in 
act(...).
      
      When testing, code that causes React state updates should be wrapped 
into act(...):
      
      act(() => {
        /* fire events that update state */
      });
      /* assert on the output */
      
      This ensures that you're testing the behavior the user would see in the 
browser. Learn more at https://reactjs.org/link/wrap-tests-with-act
          at ProfilePage (C:\Users\samhe\OneDrive\Desktop\Cleaned\frontend\src\
profile\ProfilePage.tsx:17:41)
          at basenameProp (C:\Users\samhe\OneDrive\Desktop\Cleaned\frontend\nod
e_modules\react-router\lib\components.tsx:421:13)
          at basename (C:\Users\samhe\OneDrive\Desktop\Cleaned\frontend\node_mo
dules\react-router\lib\components.tsx:225:3)

      191 |               className="border border-gray-300 rounded-md px-3 
py-2 text-sm"
      192 |               value={confirmPassword}
    > 193 |               onChange={e => setConfirmPassword(e.target.value)}
          |                              ^
      194 |             />
      195 |             {confirmPassword && !passwordsMatch && (
      196 |               <p className="text-sm text-red-600">Passwords do not 
match</p>

      at printWarning 
(node_modules/react-dom/cjs/react-dom.development.js:86:30)
      at error (node_modules/react-dom/cjs/react-dom.development.js:60:7)
      at warnIfUpdatesNotWrappedWithActDEV 
(node_modules/react-dom/cjs/react-dom.development.js:27628:9)
      at scheduleUpdateOnFiber 
(node_modules/react-dom/cjs/react-dom.development.js:25547:5)
      at dispatchSetState 
(node_modules/react-dom/cjs/react-dom.development.js:16708:7)
      at onChange (src/profile/ProfilePage.tsx:193:30)
      at HTMLUnknownElement.callCallback 
(node_modules/react-dom/cjs/react-dom.development.js:4164:14)
      at HTMLUnknownElement.callTheUserObjectsOperation 
(node_modules/jsdom/lib/jsdom/living/generated/EventListener.js:26:30)
      at innerInvokeEventListeners 
(node_modules/jsdom/lib/jsdom/living/events/EventTarget-impl.js:350:25)
      at invokeEventListeners 
(node_modules/jsdom/lib/jsdom/living/events/EventTarget-impl.js:286:3)
      at HTMLUnknownElementImpl._dispatch 
(node_modules/jsdom/lib/jsdom/living/events/EventTarget-impl.js:233:9)
      at HTMLUnknownElementImpl.dispatchEvent 
(node_modules/jsdom/lib/jsdom/living/events/EventTarget-impl.js:104:17)
      at HTMLUnknownElement.dispatchEvent 
(node_modules/jsdom/lib/jsdom/living/generated/EventTarget.js:241:34)
      at Object.invokeGuardedCallbackDev 
(node_modules/react-dom/cjs/react-dom.development.js:4213:16)
      at invokeGuardedCallback 
(node_modules/react-dom/cjs/react-dom.development.js:4277:31)
      at invokeGuardedCallbackAndCatchFirstError 
(node_modules/react-dom/cjs/react-dom.development.js:4291:25)
      at executeDispatch 
(node_modules/react-dom/cjs/react-dom.development.js:9041:3)
      at processDispatchQueueItemsInOrder 
(node_modules/react-dom/cjs/react-dom.development.js:9073:7)
      at processDispatchQueue 
(node_modules/react-dom/cjs/react-dom.development.js:9086:5)
      at dispatchEventsForPlugins 
(node_modules/react-dom/cjs/react-dom.development.js:9097:3)
      at node_modules/react-dom/cjs/react-dom.development.js:9288:12
      at batchedUpdates$1 
(node_modules/react-dom/cjs/react-dom.development.js:26179:12)
      at batchedUpdates 
(node_modules/react-dom/cjs/react-dom.development.js:3991:12)
      at dispatchEventForPluginEventSystem 
(node_modules/react-dom/cjs/react-dom.development.js:9287:3)
      at dispatchEventWithEnableCapturePhaseSelectiveHydrationWithoutDiscreteEv
entReplay (node_modules/react-dom/cjs/react-dom.development.js:6465:5)
      at dispatchEvent 
(node_modules/react-dom/cjs/react-dom.development.js:6457:5)
      at dispatchDiscreteEvent 
(node_modules/react-dom/cjs/react-dom.development.js:6430:5)
      at HTMLDivElement.callTheUserObjectsOperation 
(node_modules/jsdom/lib/jsdom/living/generated/EventListener.js:26:30)
      at innerInvokeEventListeners 
(node_modules/jsdom/lib/jsdom/living/events/EventTarget-impl.js:350:25)
      at invokeEventListeners 
(node_modules/jsdom/lib/jsdom/living/events/EventTarget-impl.js:286:3)
      at HTMLInputElementImpl._dispatch 
(node_modules/jsdom/lib/jsdom/living/events/EventTarget-impl.js:233:9)
      at HTMLInputElementImpl.dispatchEvent 
(node_modules/jsdom/lib/jsdom/living/events/EventTarget-impl.js:104:17)
      at HTMLInputElement.dispatchEvent 
(node_modules/jsdom/lib/jsdom/living/generated/EventTarget.js:241:34)
      at 
node_modules/@testing-library/user-event/dist/cjs/event/dispatchEvent.js:45:43
      at Object.eventWrapper 
(node_modules/@testing-library/dom/dist/config.js:25:23)
      at Object.wrapEvent 
(node_modules/@testing-library/user-event/dist/cjs/event/wrapEvent.js:6:28)
      at Object.dispatchEvent (node_modules/@testing-library/user-event/dist/cj
s/event/dispatchEvent.js:45:22)
      at Object.dispatchUIEvent (node_modules/@testing-library/user-event/dist/
cjs/event/dispatchEvent.js:22:26)
      at commitInput 
(node_modules/@testing-library/user-event/dist/cjs/event/input.js:145:14)
      at editInputElement 
(node_modules/@testing-library/user-event/dist/cjs/event/input.js:115:9)
      at Object.input 
(node_modules/@testing-library/user-event/dist/cjs/event/input.js:37:9)
      at node_modules/@testing-library/user-event/dist/cjs/event/behavior/keypr
ess.js:31:26
      at Object.dispatchEvent (node_modules/@testing-library/user-event/dist/cj
s/event/dispatchEvent.js:41:13)
      at Object.dispatchUIEvent (node_modules/@testing-library/user-event/dist/
cjs/event/dispatchEvent.js:22:26)
      at KeyboardHost.keydown 
(node_modules/@testing-library/user-event/dist/cjs/system/keyboard.js:76:22)
      at keyboardAction 
(node_modules/@testing-library/user-event/dist/cjs/keyboard/index.js:22:35)
      at Object.keyboard 
(node_modules/@testing-library/user-event/dist/cjs/keyboard/index.js:11:15)
      at Object.type 
(node_modules/@testing-library/user-event/dist/cjs/utility/type.js:17:5)
      at Object.<anonymous> (src/profile/__tests__/profile.test.tsx:216:5)

    console.error
      Warning: An update to ProfilePage inside a test was not wrapped in 
act(...).
      
      When testing, code that causes React state updates should be wrapped 
into act(...):
      
      act(() => {
        /* fire events that update state */
      });
      /* assert on the output */
      
      This ensures that you're testing the behavior the user would see in the 
browser. Learn more at https://reactjs.org/link/wrap-tests-with-act
          at ProfilePage (C:\Users\samhe\OneDrive\Desktop\Cleaned\frontend\src\
profile\ProfilePage.tsx:17:41)
          at basenameProp (C:\Users\samhe\OneDrive\Desktop\Cleaned\frontend\nod
e_modules\react-router\lib\components.tsx:421:13)
          at basename (C:\Users\samhe\OneDrive\Desktop\Cleaned\frontend\node_mo
dules\react-router\lib\components.tsx:225:3)

      71 |
      72 |   async function handleChangePassword() {
    > 73 |     setPasswordError('')
         |     ^
      74 |     try {
      75 |       await changePassword(currentPassword, newPassword)
      76 |       addNotification('Password changed successfully', 'success')

      at printWarning 
(node_modules/react-dom/cjs/react-dom.development.js:86:30)
      at error (node_modules/react-dom/cjs/react-dom.development.js:60:7)
      at warnIfUpdatesNotWrappedWithActDEV 
(node_modules/react-dom/cjs/react-dom.development.js:27628:9)
      at scheduleUpdateOnFiber 
(node_modules/react-dom/cjs/react-dom.development.js:25547:5)
      at dispatchSetState 
(node_modules/react-dom/cjs/react-dom.development.js:16708:7)
      at handleChangePassword (src/profile/ProfilePage.tsx:73:5)
      at HTMLUnknownElement.callCallback 
(node_modules/react-dom/cjs/react-dom.development.js:4164:14)
      at HTMLUnknownElement.callTheUserObjectsOperation 
(node_modules/jsdom/lib/jsdom/living/generated/EventListener.js:26:30)
      at innerInvokeEventListeners 
(node_modules/jsdom/lib/jsdom/living/events/EventTarget-impl.js:350:25)
      at invokeEventListeners 
(node_modules/jsdom/lib/jsdom/living/events/EventTarget-impl.js:286:3)
      at HTMLUnknownElementImpl._dispatch 
(node_modules/jsdom/lib/jsdom/living/events/EventTarget-impl.js:233:9)
      at HTMLUnknownElementImpl.dispatchEvent 
(node_modules/jsdom/lib/jsdom/living/events/EventTarget-impl.js:104:17)
      at HTMLUnknownElement.dispatchEvent 
(node_modules/jsdom/lib/jsdom/living/generated/EventTarget.js:241:34)
      at Object.invokeGuardedCallbackDev 
(node_modules/react-dom/cjs/react-dom.development.js:4213:16)
      at invokeGuardedCallback 
(node_modules/react-dom/cjs/react-dom.development.js:4277:31)
      at invokeGuardedCallbackAndCatchFirstError 
(node_modules/react-dom/cjs/react-dom.development.js:4291:25)
      at executeDispatch 
(node_modules/react-dom/cjs/react-dom.development.js:9041:3)
      at processDispatchQueueItemsInOrder 
(node_modules/react-dom/cjs/react-dom.development.js:9073:7)
      at processDispatchQueue 
(node_modules/react-dom/cjs/react-dom.development.js:9086:5)
      at dispatchEventsForPlugins 
(node_modules/react-dom/cjs/react-dom.development.js:9097:3)
      at node_modules/react-dom/cjs/react-dom.development.js:9288:12
      at batchedUpdates$1 
(node_modules/react-dom/cjs/react-dom.development.js:26179:12)
      at batchedUpdates 
(node_modules/react-dom/cjs/react-dom.development.js:3991:12)
      at dispatchEventForPluginEventSystem 
(node_modules/react-dom/cjs/react-dom.development.js:9287:3)
      at dispatchEventWithEnableCapturePhaseSelectiveHydrationWithoutDiscreteEv
entReplay (node_modules/react-dom/cjs/react-dom.development.js:6465:5)
      at dispatchEvent 
(node_modules/react-dom/cjs/react-dom.development.js:6457:5)
      at dispatchDiscreteEvent 
(node_modules/react-dom/cjs/react-dom.development.js:6430:5)
      at HTMLDivElement.callTheUserObjectsOperation 
(node_modules/jsdom/lib/jsdom/living/generated/EventListener.js:26:30)
      at innerInvokeEventListeners 
(node_modules/jsdom/lib/jsdom/living/events/EventTarget-impl.js:350:25)
      at invokeEventListeners 
(node_modules/jsdom/lib/jsdom/living/events/EventTarget-impl.js:286:3)
      at HTMLButtonElementImpl._dispatch 
(node_modules/jsdom/lib/jsdom/living/events/EventTarget-impl.js:233:9)
      at HTMLButtonElementImpl.dispatchEvent 
(node_modules/jsdom/lib/jsdom/living/events/EventTarget-impl.js:104:17)
      at HTMLButtonElement.dispatchEvent 
(node_modules/jsdom/lib/jsdom/living/generated/EventTarget.js:241:34)
      at 
node_modules/@testing-library/user-event/dist/cjs/event/dispatchEvent.js:45:43
      at Object.eventWrapper 
(node_modules/@testing-library/dom/dist/config.js:25:23)
      at Object.wrapEvent 
(node_modules/@testing-library/user-event/dist/cjs/event/wrapEvent.js:6:28)
      at Object.dispatchEvent (node_modules/@testing-library/user-event/dist/cj
s/event/dispatchEvent.js:45:22)
      at Object.dispatchUIEvent (node_modules/@testing-library/user-event/dist/
cjs/event/dispatchEvent.js:22:26)
      at Mouse.up (node_modules/@testing-library/user-event/dist/cjs/system/poi
nter/mouse.js:100:30)
      at PointerHost.release (node_modules/@testing-library/user-event/dist/cjs
/system/pointer/index.js:87:24)
      at pointerAction 
(node_modules/@testing-library/user-event/dist/cjs/pointer/index.js:54:47)
      at Object.pointer 
(node_modules/@testing-library/user-event/dist/cjs/pointer/index.js:27:9)
      at Object.<anonymous> (src/profile/__tests__/profile.test.tsx:218:5)

    console.error
      Warning: An update to ProfilePage inside a test was not wrapped in 
act(...).
      
      When testing, code that causes React state updates should be wrapped 
into act(...):
      
      act(() => {
        /* fire events that update state */
      });
      /* assert on the output */
      
      This ensures that you're testing the behavior the user would see in the 
browser. Learn more at https://reactjs.org/link/wrap-tests-with-act
          at ProfilePage (C:\Users\samhe\OneDrive\Desktop\Cleaned\frontend\src\
profile\ProfilePage.tsx:17:41)
          at basenameProp (C:\Users\samhe\OneDrive\Desktop\Cleaned\frontend\nod
e_modules\react-router\lib\components.tsx:421:13)
          at basename (C:\Users\samhe\OneDrive\Desktop\Cleaned\frontend\node_mo
dules\react-router\lib\components.tsx:225:3)

      75 |       await changePassword(currentPassword, newPassword)
      76 |       addNotification('Password changed successfully', 'success')
    > 77 |       setCurrentPassword('')
         |       ^
      78 |       setNewPassword('')
      79 |       setConfirmPassword('')
      80 |     } catch (err: any) {

      at printWarning 
(node_modules/react-dom/cjs/react-dom.development.js:86:30)
      at error (node_modules/react-dom/cjs/react-dom.development.js:60:7)
      at warnIfUpdatesNotWrappedWithActDEV 
(node_modules/react-dom/cjs/react-dom.development.js:27628:9)
      at scheduleUpdateOnFiber 
(node_modules/react-dom/cjs/react-dom.development.js:25547:5)
      at dispatchSetState 
(node_modules/react-dom/cjs/react-dom.development.js:16708:7)
      at handleChangePassword (src/profile/ProfilePage.tsx:77:7)

    console.error
      Warning: An update to ProfilePage inside a test was not wrapped in 
act(...).
      
      When testing, code that causes React state updates should be wrapped 
into act(...):
      
      act(() => {
        /* fire events that update state */
      });
      /* assert on the output */
      
      This ensures that you're testing the behavior the user would see in the 
browser. Learn more at https://reactjs.org/link/wrap-tests-with-act
          at ProfilePage (C:\Users\samhe\OneDrive\Desktop\Cleaned\frontend\src\
profile\ProfilePage.tsx:17:41)
          at basenameProp (C:\Users\samhe\OneDrive\Desktop\Cleaned\frontend\nod
e_modules\react-router\lib\components.tsx:421:13)
          at basename (C:\Users\samhe\OneDrive\Desktop\Cleaned\frontend\node_mo
dules\react-router\lib\components.tsx:225:3)

      76 |       addNotification('Password changed successfully', 'success')
      77 |       setCurrentPassword('')
    > 78 |       setNewPassword('')
         |       ^
      79 |       setConfirmPassword('')
      80 |     } catch (err: any) {
      81 |       if (err?.status === 401) {

      at printWarning 
(node_modules/react-dom/cjs/react-dom.development.js:86:30)
      at error (node_modules/react-dom/cjs/react-dom.development.js:60:7)
      at warnIfUpdatesNotWrappedWithActDEV 
(node_modules/react-dom/cjs/react-dom.development.js:27628:9)
      at scheduleUpdateOnFiber 
(node_modules/react-dom/cjs/react-dom.development.js:25547:5)
      at dispatchSetState 
(node_modules/react-dom/cjs/react-dom.development.js:16708:7)
      at handleChangePassword (src/profile/ProfilePage.tsx:78:7)

    console.error
      Warning: An update to ProfilePage inside a test was not wrapped in 
act(...).
      
      When testing, code that causes React state updates should be wrapped 
into act(...):
      
      act(() => {
        /* fire events that update state */
      });
      /* assert on the output */
      
      This ensures that you're testing the behavior the user would see in the 
browser. Learn more at https://reactjs.org/link/wrap-tests-with-act
          at ProfilePage (C:\Users\samhe\OneDrive\Desktop\Cleaned\frontend\src\
profile\ProfilePage.tsx:17:41)
          at basenameProp (C:\Users\samhe\OneDrive\Desktop\Cleaned\frontend\nod
e_modules\react-router\lib\components.tsx:421:13)
          at basename (C:\Users\samhe\OneDrive\Desktop\Cleaned\frontend\node_mo
dules\react-router\lib\components.tsx:225:3)

      77 |       setCurrentPassword('')
      78 |       setNewPassword('')
    > 79 |       setConfirmPassword('')
         |       ^
      80 |     } catch (err: any) {
      81 |       if (err?.status === 401) {
      82 |         setPasswordError('Current password is incorrect')

      at printWarning 
(node_modules/react-dom/cjs/react-dom.development.js:86:30)
      at error (node_modules/react-dom/cjs/react-dom.development.js:60:7)
      at warnIfUpdatesNotWrappedWithActDEV 
(node_modules/react-dom/cjs/react-dom.development.js:27628:9)
      at scheduleUpdateOnFiber 
(node_modules/react-dom/cjs/react-dom.development.js:25547:5)
      at dispatchSetState 
(node_modules/react-dom/cjs/react-dom.development.js:16708:7)
      at handleChangePassword (src/profile/ProfilePage.tsx:79:7)

    console.error
      Warning: An update to ProfilePage inside a test was not wrapped in 
act(...).
      
      When testing, code that causes React state updates should be wrapped 
into act(...):
      
      act(() => {
        /* fire events that update state */
      });
      /* assert on the output */
      
      This ensures that you're testing the behavior the user would see in the 
browser. Learn more at https://reactjs.org/link/wrap-tests-with-act
          at ProfilePage (C:\Users\samhe\OneDrive\Desktop\Cleaned\frontend\src\
profile\ProfilePage.tsx:17:41)
          at basenameProp (C:\Users\samhe\OneDrive\Desktop\Cleaned\frontend\nod
e_modules\react-router\lib\components.tsx:421:13)
          at basename (C:\Users\samhe\OneDrive\Desktop\Cleaned\frontend\node_mo
dules\react-router\lib\components.tsx:225:3)

      172 |               className="border border-gray-300 rounded-md px-3 
py-2 text-sm"
      173 |               value={newPassword}
    > 174 |               onChange={e => setNewPassword(e.target.value)}
          |                              ^
      175 |             />
      176 |             <p className="text-xs text-gray-500">
      177 |               Minimum 8 characters, at least 1 uppercase letter 
and 1 number.

      at printWarning 
(node_modules/react-dom/cjs/react-dom.development.js:86:30)
      at error (node_modules/react-dom/cjs/react-dom.development.js:60:7)
      at warnIfUpdatesNotWrappedWithActDEV 
(node_modules/react-dom/cjs/react-dom.development.js:27628:9)
      at scheduleUpdateOnFiber 
(node_modules/react-dom/cjs/react-dom.development.js:25547:5)
      at dispatchSetState 
(node_modules/react-dom/cjs/react-dom.development.js:16708:7)
      at onChange (src/profile/ProfilePage.tsx:174:30)
      at HTMLUnknownElement.callCallback 
(node_modules/react-dom/cjs/react-dom.development.js:4164:14)
      at HTMLUnknownElement.callTheUserObjectsOperation 
(node_modules/jsdom/lib/jsdom/living/generated/EventListener.js:26:30)
      at innerInvokeEventListeners 
(node_modules/jsdom/lib/jsdom/living/events/EventTarget-impl.js:350:25)
      at invokeEventListeners 
(node_modules/jsdom/lib/jsdom/living/events/EventTarget-impl.js:286:3)
      at HTMLUnknownElementImpl._dispatch 
(node_modules/jsdom/lib/jsdom/living/events/EventTarget-impl.js:233:9)
      at HTMLUnknownElementImpl.dispatchEvent 
(node_modules/jsdom/lib/jsdom/living/events/EventTarget-impl.js:104:17)
      at HTMLUnknownElement.dispatchEvent 
(node_modules/jsdom/lib/jsdom/living/generated/EventTarget.js:241:34)
      at Object.invokeGuardedCallbackDev 
(node_modules/react-dom/cjs/react-dom.development.js:4213:16)
      at invokeGuardedCallback 
(node_modules/react-dom/cjs/react-dom.development.js:4277:31)
      at invokeGuardedCallbackAndCatchFirstError 
(node_modules/react-dom/cjs/react-dom.development.js:4291:25)
      at executeDispatch 
(node_modules/react-dom/cjs/react-dom.development.js:9041:3)
      at processDispatchQueueItemsInOrder 
(node_modules/react-dom/cjs/react-dom.development.js:9073:7)
      at processDispatchQueue 
(node_modules/react-dom/cjs/react-dom.development.js:9086:5)
      at dispatchEventsForPlugins 
(node_modules/react-dom/cjs/react-dom.development.js:9097:3)
      at node_modules/react-dom/cjs/react-dom.development.js:9288:12
      at batchedUpdates$1 
(node_modules/react-dom/cjs/react-dom.development.js:26179:12)
      at batchedUpdates 
(node_modules/react-dom/cjs/react-dom.development.js:3991:12)
      at dispatchEventForPluginEventSystem 
(node_modules/react-dom/cjs/react-dom.development.js:9287:3)
      at dispatchEventWithEnableCapturePhaseSelectiveHydrationWithoutDiscreteEv
entReplay (node_modules/react-dom/cjs/react-dom.development.js:6465:5)
      at dispatchEvent 
(node_modules/react-dom/cjs/react-dom.development.js:6457:5)
      at dispatchDiscreteEvent 
(node_modules/react-dom/cjs/react-dom.development.js:6430:5)
      at HTMLDivElement.callTheUserObjectsOperation 
(node_modules/jsdom/lib/jsdom/living/generated/EventListener.js:26:30)
      at innerInvokeEventListeners 
(node_modules/jsdom/lib/jsdom/living/events/EventTarget-impl.js:350:25)
      at invokeEventListeners 
(node_modules/jsdom/lib/jsdom/living/events/EventTarget-impl.js:286:3)
      at HTMLInputElementImpl._dispatch 
(node_modules/jsdom/lib/jsdom/living/events/EventTarget-impl.js:233:9)
      at HTMLInputElementImpl.dispatchEvent 
(node_modules/jsdom/lib/jsdom/living/events/EventTarget-impl.js:104:17)
      at HTMLInputElement.dispatchEvent 
(node_modules/jsdom/lib/jsdom/living/generated/EventTarget.js:241:34)
      at 
node_modules/@testing-library/user-event/dist/cjs/event/dispatchEvent.js:45:43
      at Object.eventWrapper 
(node_modules/@testing-library/dom/dist/config.js:25:23)
      at Object.wrapEvent 
(node_modules/@testing-library/user-event/dist/cjs/event/wrapEvent.js:6:28)
      at Object.dispatchEvent (node_modules/@testing-library/user-event/dist/cj
s/event/dispatchEvent.js:45:22)
      at Object.dispatchUIEvent (node_modules/@testing-library/user-event/dist/
cjs/event/dispatchEvent.js:22:26)
      at commitInput 
(node_modules/@testing-library/user-event/dist/cjs/event/input.js:145:14)
      at editInputElement 
(node_modules/@testing-library/user-event/dist/cjs/event/input.js:115:9)
      at Object.input 
(node_modules/@testing-library/user-event/dist/cjs/event/input.js:37:9)
      at node_modules/@testing-library/user-event/dist/cjs/event/behavior/keypr
ess.js:31:26
      at Object.dispatchEvent (node_modules/@testing-library/user-event/dist/cj
s/event/dispatchEvent.js:41:13)
      at Object.dispatchUIEvent (node_modules/@testing-library/user-event/dist/
cjs/event/dispatchEvent.js:22:26)
      at KeyboardHost.keydown 
(node_modules/@testing-library/user-event/dist/cjs/system/keyboard.js:76:22)
      at keyboardAction 
(node_modules/@testing-library/user-event/dist/cjs/keyboard/index.js:22:35)
      at Object.keyboard 
(node_modules/@testing-library/user-event/dist/cjs/keyboard/index.js:11:15)
      at Object.type 
(node_modules/@testing-library/user-event/dist/cjs/utility/type.js:17:5)
      at Object.<anonymous> (src/profile/__tests__/profile.test.tsx:238:5)

    console.error
      Warning: An update to ProfilePage inside a test was not wrapped in 
act(...).
      
      When testing, code that causes React state updates should be wrapped 
into act(...):
      
      act(() => {
        /* fire events that update state */
      });
      /* assert on the output */
      
      This ensures that you're testing the behavior the user would see in the 
browser. Learn more at https://reactjs.org/link/wrap-tests-with-act
          at ProfilePage (C:\Users\samhe\OneDrive\Desktop\Cleaned\frontend\src\
profile\ProfilePage.tsx:17:41)
          at basenameProp (C:\Users\samhe\OneDrive\Desktop\Cleaned\frontend\nod
e_modules\react-router\lib\components.tsx:421:13)
          at basename (C:\Users\samhe\OneDrive\Desktop\Cleaned\frontend\node_mo
dules\react-router\lib\components.tsx:225:3)

      172 |               className="border border-gray-300 rounded-md px-3 
py-2 text-sm"
      173 |               value={newPassword}
    > 174 |               onChange={e => setNewPassword(e.target.value)}
          |                              ^
      175 |             />
      176 |             <p className="text-xs text-gray-500">
      177 |               Minimum 8 characters, at least 1 uppercase letter 
and 1 number.

      at printWarning 
(node_modules/react-dom/cjs/react-dom.development.js:86:30)
      at error (node_modules/react-dom/cjs/react-dom.development.js:60:7)
      at warnIfUpdatesNotWrappedWithActDEV 
(node_modules/react-dom/cjs/react-dom.development.js:27628:9)
      at scheduleUpdateOnFiber 
(node_modules/react-dom/cjs/react-dom.development.js:25547:5)
      at dispatchSetState 
(node_modules/react-dom/cjs/react-dom.development.js:16708:7)
      at onChange (src/profile/ProfilePage.tsx:174:30)
      at HTMLUnknownElement.callCallback 
(node_modules/react-dom/cjs/react-dom.development.js:4164:14)
      at HTMLUnknownElement.callTheUserObjectsOperation 
(node_modules/jsdom/lib/jsdom/living/generated/EventListener.js:26:30)
      at innerInvokeEventListeners 
(node_modules/jsdom/lib/jsdom/living/events/EventTarget-impl.js:350:25)
      at invokeEventListeners 
(node_modules/jsdom/lib/jsdom/living/events/EventTarget-impl.js:286:3)
      at HTMLUnknownElementImpl._dispatch 
(node_modules/jsdom/lib/jsdom/living/events/EventTarget-impl.js:233:9)
      at HTMLUnknownElementImpl.dispatchEvent 
(node_modules/jsdom/lib/jsdom/living/events/EventTarget-impl.js:104:17)
      at HTMLUnknownElement.dispatchEvent 
(node_modules/jsdom/lib/jsdom/living/generated/EventTarget.js:241:34)
      at Object.invokeGuardedCallbackDev 
(node_modules/react-dom/cjs/react-dom.development.js:4213:16)
      at invokeGuardedCallback 
(node_modules/react-dom/cjs/react-dom.development.js:4277:31)
      at invokeGuardedCallbackAndCatchFirstError 
(node_modules/react-dom/cjs/react-dom.development.js:4291:25)
      at executeDispatch 
(node_modules/react-dom/cjs/react-dom.development.js:9041:3)
      at processDispatchQueueItemsInOrder 
(node_modules/react-dom/cjs/react-dom.development.js:9073:7)
      at processDispatchQueue 
(node_modules/react-dom/cjs/react-dom.development.js:9086:5)
      at dispatchEventsForPlugins 
(node_modules/react-dom/cjs/react-dom.development.js:9097:3)
      at node_modules/react-dom/cjs/react-dom.development.js:9288:12
      at batchedUpdates$1 
(node_modules/react-dom/cjs/react-dom.development.js:26179:12)
      at batchedUpdates 
(node_modules/react-dom/cjs/react-dom.development.js:3991:12)
      at dispatchEventForPluginEventSystem 
(node_modules/react-dom/cjs/react-dom.development.js:9287:3)
      at dispatchEventWithEnableCapturePhaseSelectiveHydrationWithoutDiscreteEv
entReplay (node_modules/react-dom/cjs/react-dom.development.js:6465:5)
      at dispatchEvent 
(node_modules/react-dom/cjs/react-dom.development.js:6457:5)
      at dispatchDiscreteEvent 
(node_modules/react-dom/cjs/react-dom.development.js:6430:5)
      at HTMLDivElement.callTheUserObjectsOperation 
(node_modules/jsdom/lib/jsdom/living/generated/EventListener.js:26:30)
      at innerInvokeEventListeners 
(node_modules/jsdom/lib/jsdom/living/events/EventTarget-impl.js:350:25)
      at invokeEventListeners 
(node_modules/jsdom/lib/jsdom/living/events/EventTarget-impl.js:286:3)
      at HTMLInputElementImpl._dispatch 
(node_modules/jsdom/lib/jsdom/living/events/EventTarget-impl.js:233:9)
      at HTMLInputElementImpl.dispatchEvent 
(node_modules/jsdom/lib/jsdom/living/events/EventTarget-impl.js:104:17)
      at HTMLInputElement.dispatchEvent 
(node_modules/jsdom/lib/jsdom/living/generated/EventTarget.js:241:34)
      at 
node_modules/@testing-library/user-event/dist/cjs/event/dispatchEvent.js:45:43
      at Object.eventWrapper 
(node_modules/@testing-library/dom/dist/config.js:25:23)
      at Object.wrapEvent 
(node_modules/@testing-library/user-event/dist/cjs/event/wrapEvent.js:6:28)
      at Object.dispatchEvent (node_modules/@testing-library/user-event/dist/cj
s/event/dispatchEvent.js:45:22)
      at Object.dispatchUIEvent (node_modules/@testing-library/user-event/dist/
cjs/event/dispatchEvent.js:22:26)
      at commitInput 
(node_modules/@testing-library/user-event/dist/cjs/event/input.js:145:14)
      at editInputElement 
(node_modules/@testing-library/user-event/dist/cjs/event/input.js:115:9)
      at Object.input 
(node_modules/@testing-library/user-event/dist/cjs/event/input.js:37:9)
      at node_modules/@testing-library/user-event/dist/cjs/event/behavior/keypr
ess.js:31:26
      at Object.dispatchEvent (node_modules/@testing-library/user-event/dist/cj
s/event/dispatchEvent.js:41:13)
      at Object.dispatchUIEvent (node_modules/@testing-library/user-event/dist/
cjs/event/dispatchEvent.js:22:26)
      at KeyboardHost.keydown 
(node_modules/@testing-library/user-event/dist/cjs/system/keyboard.js:76:22)
      at keyboardAction 
(node_modules/@testing-library/user-event/dist/cjs/keyboard/index.js:22:35)
      at Object.keyboard 
(node_modules/@testing-library/user-event/dist/cjs/keyboard/index.js:11:15)
      at Object.type 
(node_modules/@testing-library/user-event/dist/cjs/utility/type.js:17:5)
      at Object.<anonymous> (src/profile/__tests__/profile.test.tsx:238:5)

    console.error
      Warning: An update to ProfilePage inside a test was not wrapped in 
act(...).
      
      When testing, code that causes React state updates should be wrapped 
into act(...):
      
      act(() => {
        /* fire events that update state */
      });
      /* assert on the output */
      
      This ensures that you're testing the behavior the user would see in the 
browser. Learn more at https://reactjs.org/link/wrap-tests-with-act
          at ProfilePage (C:\Users\samhe\OneDrive\Desktop\Cleaned\frontend\src\
profile\ProfilePage.tsx:17:41)
          at basenameProp (C:\Users\samhe\OneDrive\Desktop\Cleaned\frontend\nod
e_modules\react-router\lib\components.tsx:421:13)
          at basename (C:\Users\samhe\OneDrive\Desktop\Cleaned\frontend\node_mo
dules\react-router\lib\components.tsx:225:3)

      172 |               className="border border-gray-300 rounded-md px-3 
py-2 text-sm"
      173 |               value={newPassword}
    > 174 |               onChange={e => setNewPassword(e.target.value)}
          |                              ^
      175 |             />
      176 |             <p className="text-xs text-gray-500">
      177 |               Minimum 8 characters, at least 1 uppercase letter 
and 1 number.

      at printWarning 
(node_modules/react-dom/cjs/react-dom.development.js:86:30)
      at error (node_modules/react-dom/cjs/react-dom.development.js:60:7)
      at warnIfUpdatesNotWrappedWithActDEV 
(node_modules/react-dom/cjs/react-dom.development.js:27628:9)
      at scheduleUpdateOnFiber 
(node_modules/react-dom/cjs/react-dom.development.js:25547:5)
      at dispatchSetState 
(node_modules/react-dom/cjs/react-dom.development.js:16708:7)
      at onChange (src/profile/ProfilePage.tsx:174:30)
      at HTMLUnknownElement.callCallback 
(node_modules/react-dom/cjs/react-dom.development.js:4164:14)
      at HTMLUnknownElement.callTheUserObjectsOperation 
(node_modules/jsdom/lib/jsdom/living/generated/EventListener.js:26:30)
      at innerInvokeEventListeners 
(node_modules/jsdom/lib/jsdom/living/events/EventTarget-impl.js:350:25)
      at invokeEventListeners 
(node_modules/jsdom/lib/jsdom/living/events/EventTarget-impl.js:286:3)
      at HTMLUnknownElementImpl._dispatch 
(node_modules/jsdom/lib/jsdom/living/events/EventTarget-impl.js:233:9)
      at HTMLUnknownElementImpl.dispatchEvent 
(node_modules/jsdom/lib/jsdom/living/events/EventTarget-impl.js:104:17)
      at HTMLUnknownElement.dispatchEvent 
(node_modules/jsdom/lib/jsdom/living/generated/EventTarget.js:241:34)
      at Object.invokeGuardedCallbackDev 
(node_modules/react-dom/cjs/react-dom.development.js:4213:16)
      at invokeGuardedCallback 
(node_modules/react-dom/cjs/react-dom.development.js:4277:31)
      at invokeGuardedCallbackAndCatchFirstError 
(node_modules/react-dom/cjs/react-dom.development.js:4291:25)
      at executeDispatch 
(node_modules/react-dom/cjs/react-dom.development.js:9041:3)
      at processDispatchQueueItemsInOrder 
(node_modules/react-dom/cjs/react-dom.development.js:9073:7)
      at processDispatchQueue 
(node_modules/react-dom/cjs/react-dom.development.js:9086:5)
      at dispatchEventsForPlugins 
(node_modules/react-dom/cjs/react-dom.development.js:9097:3)
      at node_modules/react-dom/cjs/react-dom.development.js:9288:12
      at batchedUpdates$1 
(node_modules/react-dom/cjs/react-dom.development.js:26179:12)
      at batchedUpdates 
(node_modules/react-dom/cjs/react-dom.development.js:3991:12)
      at dispatchEventForPluginEventSystem 
(node_modules/react-dom/cjs/react-dom.development.js:9287:3)
      at dispatchEventWithEnableCapturePhaseSelectiveHydrationWithoutDiscreteEv
entReplay (node_modules/react-dom/cjs/react-dom.development.js:6465:5)
      at dispatchEvent 
(node_modules/react-dom/cjs/react-dom.development.js:6457:5)
      at dispatchDiscreteEvent 
(node_modules/react-dom/cjs/react-dom.development.js:6430:5)
      at HTMLDivElement.callTheUserObjectsOperation 
(node_modules/jsdom/lib/jsdom/living/generated/EventListener.js:26:30)
      at innerInvokeEventListeners 
(node_modules/jsdom/lib/jsdom/living/events/EventTarget-impl.js:350:25)
      at invokeEventListeners 
(node_modules/jsdom/lib/jsdom/living/events/EventTarget-impl.js:286:3)
      at HTMLInputElementImpl._dispatch 
(node_modules/jsdom/lib/jsdom/living/events/EventTarget-impl.js:233:9)
      at HTMLInputElementImpl.dispatchEvent 
(node_modules/jsdom/lib/jsdom/living/events/EventTarget-impl.js:104:17)
      at HTMLInputElement.dispatchEvent 
(node_modules/jsdom/lib/jsdom/living/generated/EventTarget.js:241:34)
      at 
node_modules/@testing-library/user-event/dist/cjs/event/dispatchEvent.js:45:43
      at Object.eventWrapper 
(node_modules/@testing-library/dom/dist/config.js:25:23)
      at Object.wrapEvent 
(node_modules/@testing-library/user-event/dist/cjs/event/wrapEvent.js:6:28)
      at Object.dispatchEvent (node_modules/@testing-library/user-event/dist/cj
s/event/dispatchEvent.js:45:22)
      at Object.dispatchUIEvent (node_modules/@testing-library/user-event/dist/
cjs/event/dispatchEvent.js:22:26)
      at commitInput 
(node_modules/@testing-library/user-event/dist/cjs/event/input.js:145:14)
      at editInputElement 
(node_modules/@testing-library/user-event/dist/cjs/event/input.js:115:9)
      at Object.input 
(node_modules/@testing-library/user-event/dist/cjs/event/input.js:37:9)
      at node_modules/@testing-library/user-event/dist/cjs/event/behavior/keypr
ess.js:31:26
      at Object.dispatchEvent (node_modules/@testing-library/user-event/dist/cj
s/event/dispatchEvent.js:41:13)
      at Object.dispatchUIEvent (node_modules/@testing-library/user-event/dist/
cjs/event/dispatchEvent.js:22:26)
      at KeyboardHost.keydown 
(node_modules/@testing-library/user-event/dist/cjs/system/keyboard.js:76:22)
      at keyboardAction 
(node_modules/@testing-library/user-event/dist/cjs/keyboard/index.js:22:35)
      at Object.keyboard 
(node_modules/@testing-library/user-event/dist/cjs/keyboard/index.js:11:15)
      at Object.type 
(node_modules/@testing-library/user-event/dist/cjs/utility/type.js:17:5)
      at Object.<anonymous> (src/profile/__tests__/profile.test.tsx:238:5)

    console.error
      Warning: An update to ProfilePage inside a test was not wrapped in 
act(...).
      
      When testing, code that causes React state updates should be wrapped 
into act(...):
      
      act(() => {
        /* fire events that update state */
      });
      /* assert on the output */
      
      This ensures that you're testing the behavior the user would see in the 
browser. Learn more at https://reactjs.org/link/wrap-tests-with-act
          at ProfilePage (C:\Users\samhe\OneDrive\Desktop\Cleaned\frontend\src\
profile\ProfilePage.tsx:17:41)
          at basenameProp (C:\Users\samhe\OneDrive\Desktop\Cleaned\frontend\nod
e_modules\react-router\lib\components.tsx:421:13)
          at basename (C:\Users\samhe\OneDrive\Desktop\Cleaned\frontend\node_mo
dules\react-router\lib\components.tsx:225:3)

      172 |               className="border border-gray-300 rounded-md px-3 
py-2 text-sm"
      173 |               value={newPassword}
    > 174 |               onChange={e => setNewPassword(e.target.value)}
          |                              ^
      175 |             />
      176 |             <p className="text-xs text-gray-500">
      177 |               Minimum 8 characters, at least 1 uppercase letter 
and 1 number.

      at printWarning 
(node_modules/react-dom/cjs/react-dom.development.js:86:30)
      at error (node_modules/react-dom/cjs/react-dom.development.js:60:7)
      at warnIfUpdatesNotWrappedWithActDEV 
(node_modules/react-dom/cjs/react-dom.development.js:27628:9)
      at scheduleUpdateOnFiber 
(node_modules/react-dom/cjs/react-dom.development.js:25547:5)
      at dispatchSetState 
(node_modules/react-dom/cjs/react-dom.development.js:16708:7)
      at onChange (src/profile/ProfilePage.tsx:174:30)
      at HTMLUnknownElement.callCallback 
(node_modules/react-dom/cjs/react-dom.development.js:4164:14)
      at HTMLUnknownElement.callTheUserObjectsOperation 
(node_modules/jsdom/lib/jsdom/living/generated/EventListener.js:26:30)
      at innerInvokeEventListeners 
(node_modules/jsdom/lib/jsdom/living/events/EventTarget-impl.js:350:25)
      at invokeEventListeners 
(node_modules/jsdom/lib/jsdom/living/events/EventTarget-impl.js:286:3)
      at HTMLUnknownElementImpl._dispatch 
(node_modules/jsdom/lib/jsdom/living/events/EventTarget-impl.js:233:9)
      at HTMLUnknownElementImpl.dispatchEvent 
(node_modules/jsdom/lib/jsdom/living/events/EventTarget-impl.js:104:17)
      at HTMLUnknownElement.dispatchEvent 
(node_modules/jsdom/lib/jsdom/living/generated/EventTarget.js:241:34)
      at Object.invokeGuardedCallbackDev 
(node_modules/react-dom/cjs/react-dom.development.js:4213:16)
      at invokeGuardedCallback 
(node_modules/react-dom/cjs/react-dom.development.js:4277:31)
      at invokeGuardedCallbackAndCatchFirstError 
(node_modules/react-dom/cjs/react-dom.development.js:4291:25)
      at executeDispatch 
(node_modules/react-dom/cjs/react-dom.development.js:9041:3)
      at processDispatchQueueItemsInOrder 
(node_modules/react-dom/cjs/react-dom.development.js:9073:7)
      at processDispatchQueue 
(node_modules/react-dom/cjs/react-dom.development.js:9086:5)
      at dispatchEventsForPlugins 
(node_modules/react-dom/cjs/react-dom.development.js:9097:3)
      at node_modules/react-dom/cjs/react-dom.development.js:9288:12
      at batchedUpdates$1 
(node_modules/react-dom/cjs/react-dom.development.js:26179:12)
      at batchedUpdates 
(node_modules/react-dom/cjs/react-dom.development.js:3991:12)
      at dispatchEventForPluginEventSystem 
(node_modules/react-dom/cjs/react-dom.development.js:9287:3)
      at dispatchEventWithEnableCapturePhaseSelectiveHydrationWithoutDiscreteEv
entReplay (node_modules/react-dom/cjs/react-dom.development.js:6465:5)
      at dispatchEvent 
(node_modules/react-dom/cjs/react-dom.development.js:6457:5)
      at dispatchDiscreteEvent 
(node_modules/react-dom/cjs/react-dom.development.js:6430:5)
      at HTMLDivElement.callTheUserObjectsOperation 
(node_modules/jsdom/lib/jsdom/living/generated/EventListener.js:26:30)
      at innerInvokeEventListeners 
(node_modules/jsdom/lib/jsdom/living/events/EventTarget-impl.js:350:25)
      at invokeEventListeners 
(node_modules/jsdom/lib/jsdom/living/events/EventTarget-impl.js:286:3)
      at HTMLInputElementImpl._dispatch 
(node_modules/jsdom/lib/jsdom/living/events/EventTarget-impl.js:233:9)
      at HTMLInputElementImpl.dispatchEvent 
(node_modules/jsdom/lib/jsdom/living/events/EventTarget-impl.js:104:17)
      at HTMLInputElement.dispatchEvent 
(node_modules/jsdom/lib/jsdom/living/generated/EventTarget.js:241:34)
      at 
node_modules/@testing-library/user-event/dist/cjs/event/dispatchEvent.js:45:43
      at Object.eventWrapper 
(node_modules/@testing-library/dom/dist/config.js:25:23)
      at Object.wrapEvent 
(node_modules/@testing-library/user-event/dist/cjs/event/wrapEvent.js:6:28)
      at Object.dispatchEvent (node_modules/@testing-library/user-event/dist/cj
s/event/dispatchEvent.js:45:22)
      at Object.dispatchUIEvent (node_modules/@testing-library/user-event/dist/
cjs/event/dispatchEvent.js:22:26)
      at commitInput 
(node_modules/@testing-library/user-event/dist/cjs/event/input.js:145:14)
      at editInputElement 
(node_modules/@testing-library/user-event/dist/cjs/event/input.js:115:9)
      at Object.input 
(node_modules/@testing-library/user-event/dist/cjs/event/input.js:37:9)
      at node_modules/@testing-library/user-event/dist/cjs/event/behavior/keypr
ess.js:31:26
      at Object.dispatchEvent (node_modules/@testing-library/user-event/dist/cj
s/event/dispatchEvent.js:41:13)
      at Object.dispatchUIEvent (node_modules/@testing-library/user-event/dist/
cjs/event/dispatchEvent.js:22:26)
      at KeyboardHost.keydown 
(node_modules/@testing-library/user-event/dist/cjs/system/keyboard.js:76:22)
      at keyboardAction 
(node_modules/@testing-library/user-event/dist/cjs/keyboard/index.js:22:35)
      at Object.keyboard 
(node_modules/@testing-library/user-event/dist/cjs/keyboard/index.js:11:15)
      at Object.type 
(node_modules/@testing-library/user-event/dist/cjs/utility/type.js:17:5)
      at Object.<anonymous> (src/profile/__tests__/profile.test.tsx:238:5)

    console.error
      Warning: An update to ProfilePage inside a test was not wrapped in 
act(...).
      
      When testing, code that causes React state updates should be wrapped 
into act(...):
      
      act(() => {
        /* fire events that update state */
      });
      /* assert on the output */
      
      This ensures that you're testing the behavior the user would see in the 
browser. Learn more at https://reactjs.org/link/wrap-tests-with-act
          at ProfilePage (C:\Users\samhe\OneDrive\Desktop\Cleaned\frontend\src\
profile\ProfilePage.tsx:17:41)
          at basenameProp (C:\Users\samhe\OneDrive\Desktop\Cleaned\frontend\nod
e_modules\react-router\lib\components.tsx:421:13)
          at basename (C:\Users\samhe\OneDrive\Desktop\Cleaned\frontend\node_mo
dules\react-router\lib\components.tsx:225:3)

      172 |               className="border border-gray-300 rounded-md px-3 
py-2 text-sm"
      173 |               value={newPassword}
    > 174 |               onChange={e => setNewPassword(e.target.value)}
          |                              ^
      175 |             />
      176 |             <p className="text-xs text-gray-500">
      177 |               Minimum 8 characters, at least 1 uppercase letter 
and 1 number.

      at printWarning 
(node_modules/react-dom/cjs/react-dom.development.js:86:30)
      at error (node_modules/react-dom/cjs/react-dom.development.js:60:7)
      at warnIfUpdatesNotWrappedWithActDEV 
(node_modules/react-dom/cjs/react-dom.development.js:27628:9)
      at scheduleUpdateOnFiber 
(node_modules/react-dom/cjs/react-dom.development.js:25547:5)
      at dispatchSetState 
(node_modules/react-dom/cjs/react-dom.development.js:16708:7)
      at onChange (src/profile/ProfilePage.tsx:174:30)
      at HTMLUnknownElement.callCallback 
(node_modules/react-dom/cjs/react-dom.development.js:4164:14)
      at HTMLUnknownElement.callTheUserObjectsOperation 
(node_modules/jsdom/lib/jsdom/living/generated/EventListener.js:26:30)
      at innerInvokeEventListeners 
(node_modules/jsdom/lib/jsdom/living/events/EventTarget-impl.js:350:25)
      at invokeEventListeners 
(node_modules/jsdom/lib/jsdom/living/events/EventTarget-impl.js:286:3)
      at HTMLUnknownElementImpl._dispatch 
(node_modules/jsdom/lib/jsdom/living/events/EventTarget-impl.js:233:9)
      at HTMLUnknownElementImpl.dispatchEvent 
(node_modules/jsdom/lib/jsdom/living/events/EventTarget-impl.js:104:17)
      at HTMLUnknownElement.dispatchEvent 
(node_modules/jsdom/lib/jsdom/living/generated/EventTarget.js:241:34)
      at Object.invokeGuardedCallbackDev 
(node_modules/react-dom/cjs/react-dom.development.js:4213:16)
      at invokeGuardedCallback 
(node_modules/react-dom/cjs/react-dom.development.js:4277:31)
      at invokeGuardedCallbackAndCatchFirstError 
(node_modules/react-dom/cjs/react-dom.development.js:4291:25)
      at executeDispatch 
(node_modules/react-dom/cjs/react-dom.development.js:9041:3)
      at processDispatchQueueItemsInOrder 
(node_modules/react-dom/cjs/react-dom.development.js:9073:7)
      at processDispatchQueue 
(node_modules/react-dom/cjs/react-dom.development.js:9086:5)
      at dispatchEventsForPlugins 
(node_modules/react-dom/cjs/react-dom.development.js:9097:3)
      at node_modules/react-dom/cjs/react-dom.development.js:9288:12
      at batchedUpdates$1 
(node_modules/react-dom/cjs/react-dom.development.js:26179:12)
      at batchedUpdates 
(node_modules/react-dom/cjs/react-dom.development.js:3991:12)
      at dispatchEventForPluginEventSystem 
(node_modules/react-dom/cjs/react-dom.development.js:9287:3)
      at dispatchEventWithEnableCapturePhaseSelectiveHydrationWithoutDiscreteEv
entReplay (node_modules/react-dom/cjs/react-dom.development.js:6465:5)
      at dispatchEvent 
(node_modules/react-dom/cjs/react-dom.development.js:6457:5)
      at dispatchDiscreteEvent 
(node_modules/react-dom/cjs/react-dom.development.js:6430:5)
      at HTMLDivElement.callTheUserObjectsOperation 
(node_modules/jsdom/lib/jsdom/living/generated/EventListener.js:26:30)
      at innerInvokeEventListeners 
(node_modules/jsdom/lib/jsdom/living/events/EventTarget-impl.js:350:25)
      at invokeEventListeners 
(node_modules/jsdom/lib/jsdom/living/events/EventTarget-impl.js:286:3)
      at HTMLInputElementImpl._dispatch 
(node_modules/jsdom/lib/jsdom/living/events/EventTarget-impl.js:233:9)
      at HTMLInputElementImpl.dispatchEvent 
(node_modules/jsdom/lib/jsdom/living/events/EventTarget-impl.js:104:17)
      at HTMLInputElement.dispatchEvent 
(node_modules/jsdom/lib/jsdom/living/generated/EventTarget.js:241:34)
      at 
node_modules/@testing-library/user-event/dist/cjs/event/dispatchEvent.js:45:43
      at Object.eventWrapper 
(node_modules/@testing-library/dom/dist/config.js:25:23)
      at Object.wrapEvent 
(node_modules/@testing-library/user-event/dist/cjs/event/wrapEvent.js:6:28)
      at Object.dispatchEvent (node_modules/@testing-library/user-event/dist/cj
s/event/dispatchEvent.js:45:22)
      at Object.dispatchUIEvent (node_modules/@testing-library/user-event/dist/
cjs/event/dispatchEvent.js:22:26)
      at commitInput 
(node_modules/@testing-library/user-event/dist/cjs/event/input.js:145:14)
      at editInputElement 
(node_modules/@testing-library/user-event/dist/cjs/event/input.js:115:9)
      at Object.input 
(node_modules/@testing-library/user-event/dist/cjs/event/input.js:37:9)
      at node_modules/@testing-library/user-event/dist/cjs/event/behavior/keypr
ess.js:31:26
      at Object.dispatchEvent (node_modules/@testing-library/user-event/dist/cj
s/event/dispatchEvent.js:41:13)
      at Object.dispatchUIEvent (node_modules/@testing-library/user-event/dist/
cjs/event/dispatchEvent.js:22:26)
      at KeyboardHost.keydown 
(node_modules/@testing-library/user-event/dist/cjs/system/keyboard.js:76:22)
      at keyboardAction 
(node_modules/@testing-library/user-event/dist/cjs/keyboard/index.js:22:35)
      at Object.keyboard 
(node_modules/@testing-library/user-event/dist/cjs/keyboard/index.js:11:15)
      at Object.type 
(node_modules/@testing-library/user-event/dist/cjs/utility/type.js:17:5)
      at Object.<anonymous> (src/profile/__tests__/profile.test.tsx:238:5)

    console.error
      Warning: An update to ProfilePage inside a test was not wrapped in 
act(...).
      
      When testing, code that causes React state updates should be wrapped 
into act(...):
      
      act(() => {
        /* fire events that update state */
      });
      /* assert on the output */
      
      This ensures that you're testing the behavior the user would see in the 
browser. Learn more at https://reactjs.org/link/wrap-tests-with-act
          at ProfilePage (C:\Users\samhe\OneDrive\Desktop\Cleaned\frontend\src\
profile\ProfilePage.tsx:17:41)
          at basenameProp (C:\Users\samhe\OneDrive\Desktop\Cleaned\frontend\nod
e_modules\react-router\lib\components.tsx:421:13)
          at basename (C:\Users\samhe\OneDrive\Desktop\Cleaned\frontend\node_mo
dules\react-router\lib\components.tsx:225:3)

      191 |               className="border border-gray-300 rounded-md px-3 
py-2 text-sm"
      192 |               value={confirmPassword}
    > 193 |               onChange={e => setConfirmPassword(e.target.value)}
          |                              ^
      194 |             />
      195 |             {confirmPassword && !passwordsMatch && (
      196 |               <p className="text-sm text-red-600">Passwords do not 
match</p>

      at printWarning 
(node_modules/react-dom/cjs/react-dom.development.js:86:30)
      at error (node_modules/react-dom/cjs/react-dom.development.js:60:7)
      at warnIfUpdatesNotWrappedWithActDEV 
(node_modules/react-dom/cjs/react-dom.development.js:27628:9)
      at scheduleUpdateOnFiber 
(node_modules/react-dom/cjs/react-dom.development.js:25547:5)
      at dispatchSetState 
(node_modules/react-dom/cjs/react-dom.development.js:16708:7)
      at onChange (src/profile/ProfilePage.tsx:193:30)
      at HTMLUnknownElement.callCallback 
(node_modules/react-dom/cjs/react-dom.development.js:4164:14)
      at HTMLUnknownElement.callTheUserObjectsOperation 
(node_modules/jsdom/lib/jsdom/living/generated/EventListener.js:26:30)
      at innerInvokeEventListeners 
(node_modules/jsdom/lib/jsdom/living/events/EventTarget-impl.js:350:25)
      at invokeEventListeners 
(node_modules/jsdom/lib/jsdom/living/events/EventTarget-impl.js:286:3)
      at HTMLUnknownElementImpl._dispatch 
(node_modules/jsdom/lib/jsdom/living/events/EventTarget-impl.js:233:9)
      at HTMLUnknownElementImpl.dispatchEvent 
(node_modules/jsdom/lib/jsdom/living/events/EventTarget-impl.js:104:17)
      at HTMLUnknownElement.dispatchEvent 
(node_modules/jsdom/lib/jsdom/living/generated/EventTarget.js:241:34)
      at Object.invokeGuardedCallbackDev 
(node_modules/react-dom/cjs/react-dom.development.js:4213:16)
      at invokeGuardedCallback 
(node_modules/react-dom/cjs/react-dom.development.js:4277:31)
      at invokeGuardedCallbackAndCatchFirstError 
(node_modules/react-dom/cjs/react-dom.development.js:4291:25)
      at executeDispatch 
(node_modules/react-dom/cjs/react-dom.development.js:9041:3)
      at processDispatchQueueItemsInOrder 
(node_modules/react-dom/cjs/react-dom.development.js:9073:7)
      at processDispatchQueue 
(node_modules/react-dom/cjs/react-dom.development.js:9086:5)
      at dispatchEventsForPlugins 
(node_modules/react-dom/cjs/react-dom.development.js:9097:3)
      at node_modules/react-dom/cjs/react-dom.development.js:9288:12
      at batchedUpdates$1 
(node_modules/react-dom/cjs/react-dom.development.js:26179:12)
      at batchedUpdates 
(node_modules/react-dom/cjs/react-dom.development.js:3991:12)
      at dispatchEventForPluginEventSystem 
(node_modules/react-dom/cjs/react-dom.development.js:9287:3)
      at dispatchEventWithEnableCapturePhaseSelectiveHydrationWithoutDiscreteEv
entReplay (node_modules/react-dom/cjs/react-dom.development.js:6465:5)
      at dispatchEvent 
(node_modules/react-dom/cjs/react-dom.development.js:6457:5)
      at dispatchDiscreteEvent 
(node_modules/react-dom/cjs/react-dom.development.js:6430:5)
      at HTMLDivElement.callTheUserObjectsOperation 
(node_modules/jsdom/lib/jsdom/living/generated/EventListener.js:26:30)
      at innerInvokeEventListeners 
(node_modules/jsdom/lib/jsdom/living/events/EventTarget-impl.js:350:25)
      at invokeEventListeners 
(node_modules/jsdom/lib/jsdom/living/events/EventTarget-impl.js:286:3)
      at HTMLInputElementImpl._dispatch 
(node_modules/jsdom/lib/jsdom/living/events/EventTarget-impl.js:233:9)
      at HTMLInputElementImpl.dispatchEvent 
(node_modules/jsdom/lib/jsdom/living/events/EventTarget-impl.js:104:17)
      at HTMLInputElement.dispatchEvent 
(node_modules/jsdom/lib/jsdom/living/generated/EventTarget.js:241:34)
      at 
node_modules/@testing-library/user-event/dist/cjs/event/dispatchEvent.js:45:43
      at Object.eventWrapper 
(node_modules/@testing-library/dom/dist/config.js:25:23)
      at Object.wrapEvent 
(node_modules/@testing-library/user-event/dist/cjs/event/wrapEvent.js:6:28)
      at Object.dispatchEvent (node_modules/@testing-library/user-event/dist/cj
s/event/dispatchEvent.js:45:22)
      at Object.dispatchUIEvent (node_modules/@testing-library/user-event/dist/
cjs/event/dispatchEvent.js:22:26)
      at commitInput 
(node_modules/@testing-library/user-event/dist/cjs/event/input.js:145:14)
      at editInputElement 
(node_modules/@testing-library/user-event/dist/cjs/event/input.js:115:9)
      at Object.input 
(node_modules/@testing-library/user-event/dist/cjs/event/input.js:37:9)
      at node_modules/@testing-library/user-event/dist/cjs/event/behavior/keypr
ess.js:31:26
      at Object.dispatchEvent (node_modules/@testing-library/user-event/dist/cj
s/event/dispatchEvent.js:41:13)
      at Object.dispatchUIEvent (node_modules/@testing-library/user-event/dist/
cjs/event/dispatchEvent.js:22:26)
      at KeyboardHost.keydown 
(node_modules/@testing-library/user-event/dist/cjs/system/keyboard.js:76:22)
      at keyboardAction 
(node_modules/@testing-library/user-event/dist/cjs/keyboard/index.js:22:35)
      at Object.keyboard 
(node_modules/@testing-library/user-event/dist/cjs/keyboard/index.js:11:15)
      at Object.type 
(node_modules/@testing-library/user-event/dist/cjs/utility/type.js:17:5)
      at Object.<anonymous> (src/profile/__tests__/profile.test.tsx:239:5)

    console.error
      Warning: An update to ProfilePage inside a test was not wrapped in 
act(...).
      
      When testing, code that causes React state updates should be wrapped 
into act(...):
      
      act(() => {
        /* fire events that update state */
      });
      /* assert on the output */
      
      This ensures that you're testing the behavior the user would see in the 
browser. Learn more at https://reactjs.org/link/wrap-tests-with-act
          at ProfilePage (C:\Users\samhe\OneDrive\Desktop\Cleaned\frontend\src\
profile\ProfilePage.tsx:17:41)
          at basenameProp (C:\Users\samhe\OneDrive\Desktop\Cleaned\frontend\nod
e_modules\react-router\lib\components.tsx:421:13)
          at basename (C:\Users\samhe\OneDrive\Desktop\Cleaned\frontend\node_mo
dules\react-router\lib\components.tsx:225:3)

      191 |               className="border border-gray-300 rounded-md px-3 
py-2 text-sm"
      192 |               value={confirmPassword}
    > 193 |               onChange={e => setConfirmPassword(e.target.value)}
          |                              ^
      194 |             />
      195 |             {confirmPassword && !passwordsMatch && (
      196 |               <p className="text-sm text-red-600">Passwords do not 
match</p>

      at printWarning 
(node_modules/react-dom/cjs/react-dom.development.js:86:30)
      at error (node_modules/react-dom/cjs/react-dom.development.js:60:7)
      at warnIfUpdatesNotWrappedWithActDEV 
(node_modules/react-dom/cjs/react-dom.development.js:27628:9)
      at scheduleUpdateOnFiber 
(node_modules/react-dom/cjs/react-dom.development.js:25547:5)
      at dispatchSetState 
(node_modules/react-dom/cjs/react-dom.development.js:16708:7)
      at onChange (src/profile/ProfilePage.tsx:193:30)
      at HTMLUnknownElement.callCallback 
(node_modules/react-dom/cjs/react-dom.development.js:4164:14)
      at HTMLUnknownElement.callTheUserObjectsOperation 
(node_modules/jsdom/lib/jsdom/living/generated/EventListener.js:26:30)
      at innerInvokeEventListeners 
(node_modules/jsdom/lib/jsdom/living/events/EventTarget-impl.js:350:25)
      at invokeEventListeners 
(node_modules/jsdom/lib/jsdom/living/events/EventTarget-impl.js:286:3)
      at HTMLUnknownElementImpl._dispatch 
(node_modules/jsdom/lib/jsdom/living/events/EventTarget-impl.js:233:9)
      at HTMLUnknownElementImpl.dispatchEvent 
(node_modules/jsdom/lib/jsdom/living/events/EventTarget-impl.js:104:17)
      at HTMLUnknownElement.dispatchEvent 
(node_modules/jsdom/lib/jsdom/living/generated/EventTarget.js:241:34)
      at Object.invokeGuardedCallbackDev 
(node_modules/react-dom/cjs/react-dom.development.js:4213:16)
      at invokeGuardedCallback 
(node_modules/react-dom/cjs/react-dom.development.js:4277:31)
      at invokeGuardedCallbackAndCatchFirstError 
(node_modules/react-dom/cjs/react-dom.development.js:4291:25)
      at executeDispatch 
(node_modules/react-dom/cjs/react-dom.development.js:9041:3)
      at processDispatchQueueItemsInOrder 
(node_modules/react-dom/cjs/react-dom.development.js:9073:7)
      at processDispatchQueue 
(node_modules/react-dom/cjs/react-dom.development.js:9086:5)
      at dispatchEventsForPlugins 
(node_modules/react-dom/cjs/react-dom.development.js:9097:3)
      at node_modules/react-dom/cjs/react-dom.development.js:9288:12
      at batchedUpdates$1 
(node_modules/react-dom/cjs/react-dom.development.js:26179:12)
      at batchedUpdates 
(node_modules/react-dom/cjs/react-dom.development.js:3991:12)
      at dispatchEventForPluginEventSystem 
(node_modules/react-dom/cjs/react-dom.development.js:9287:3)
      at dispatchEventWithEnableCapturePhaseSelectiveHydrationWithoutDiscreteEv
entReplay (node_modules/react-dom/cjs/react-dom.development.js:6465:5)
      at dispatchEvent 
(node_modules/react-dom/cjs/react-dom.development.js:6457:5)
      at dispatchDiscreteEvent 
(node_modules/react-dom/cjs/react-dom.development.js:6430:5)
      at HTMLDivElement.callTheUserObjectsOperation 
(node_modules/jsdom/lib/jsdom/living/generated/EventListener.js:26:30)
      at innerInvokeEventListeners 
(node_modules/jsdom/lib/jsdom/living/events/EventTarget-impl.js:350:25)
      at invokeEventListeners 
(node_modules/jsdom/lib/jsdom/living/events/EventTarget-impl.js:286:3)
      at HTMLInputElementImpl._dispatch 
(node_modules/jsdom/lib/jsdom/living/events/EventTarget-impl.js:233:9)
      at HTMLInputElementImpl.dispatchEvent 
(node_modules/jsdom/lib/jsdom/living/events/EventTarget-impl.js:104:17)
      at HTMLInputElement.dispatchEvent 
(node_modules/jsdom/lib/jsdom/living/generated/EventTarget.js:241:34)
      at 
node_modules/@testing-library/user-event/dist/cjs/event/dispatchEvent.js:45:43
      at Object.eventWrapper 
(node_modules/@testing-library/dom/dist/config.js:25:23)
      at Object.wrapEvent 
(node_modules/@testing-library/user-event/dist/cjs/event/wrapEvent.js:6:28)
      at Object.dispatchEvent (node_modules/@testing-library/user-event/dist/cj
s/event/dispatchEvent.js:45:22)
      at Object.dispatchUIEvent (node_modules/@testing-library/user-event/dist/
cjs/event/dispatchEvent.js:22:26)
      at commitInput 
(node_modules/@testing-library/user-event/dist/cjs/event/input.js:145:14)
      at editInputElement 
(node_modules/@testing-library/user-event/dist/cjs/event/input.js:115:9)
      at Object.input 
(node_modules/@testing-library/user-event/dist/cjs/event/input.js:37:9)
      at node_modules/@testing-library/user-event/dist/cjs/event/behavior/keypr
ess.js:31:26
      at Object.dispatchEvent (node_modules/@testing-library/user-event/dist/cj
s/event/dispatchEvent.js:41:13)
      at Object.dispatchUIEvent (node_modules/@testing-library/user-event/dist/
cjs/event/dispatchEvent.js:22:26)
      at KeyboardHost.keydown 
(node_modules/@testing-library/user-event/dist/cjs/system/keyboard.js:76:22)
      at keyboardAction 
(node_modules/@testing-library/user-event/dist/cjs/keyboard/index.js:22:35)
      at Object.keyboard 
(node_modules/@testing-library/user-event/dist/cjs/keyboard/index.js:11:15)
      at Object.type 
(node_modules/@testing-library/user-event/dist/cjs/utility/type.js:17:5)
      at Object.<anonymous> (src/profile/__tests__/profile.test.tsx:239:5)

    console.error
      Warning: An update to ProfilePage inside a test was not wrapped in 
act(...).
      
      When testing, code that causes React state updates should be wrapped 
into act(...):
      
      act(() => {
        /* fire events that update state */
      });
      /* assert on the output */
      
      This ensures that you're testing the behavior the user would see in the 
browser. Learn more at https://reactjs.org/link/wrap-tests-with-act
          at ProfilePage (C:\Users\samhe\OneDrive\Desktop\Cleaned\frontend\src\
profile\ProfilePage.tsx:17:41)
          at basenameProp (C:\Users\samhe\OneDrive\Desktop\Cleaned\frontend\nod
e_modules\react-router\lib\components.tsx:421:13)
          at basename (C:\Users\samhe\OneDrive\Desktop\Cleaned\frontend\node_mo
dules\react-router\lib\components.tsx:225:3)

      191 |               className="border border-gray-300 rounded-md px-3 
py-2 text-sm"
      192 |               value={confirmPassword}
    > 193 |               onChange={e => setConfirmPassword(e.target.value)}
          |                              ^
      194 |             />
      195 |             {confirmPassword && !passwordsMatch && (
      196 |               <p className="text-sm text-red-600">Passwords do not 
match</p>

      at printWarning 
(node_modules/react-dom/cjs/react-dom.development.js:86:30)
      at error (node_modules/react-dom/cjs/react-dom.development.js:60:7)
      at warnIfUpdatesNotWrappedWithActDEV 
(node_modules/react-dom/cjs/react-dom.development.js:27628:9)
      at scheduleUpdateOnFiber 
(node_modules/react-dom/cjs/react-dom.development.js:25547:5)
      at dispatchSetState 
(node_modules/react-dom/cjs/react-dom.development.js:16708:7)
      at onChange (src/profile/ProfilePage.tsx:193:30)
      at HTMLUnknownElement.callCallback 
(node_modules/react-dom/cjs/react-dom.development.js:4164:14)
      at HTMLUnknownElement.callTheUserObjectsOperation 
(node_modules/jsdom/lib/jsdom/living/generated/EventListener.js:26:30)
      at innerInvokeEventListeners 
(node_modules/jsdom/lib/jsdom/living/events/EventTarget-impl.js:350:25)
      at invokeEventListeners 
(node_modules/jsdom/lib/jsdom/living/events/EventTarget-impl.js:286:3)
      at HTMLUnknownElementImpl._dispatch 
(node_modules/jsdom/lib/jsdom/living/events/EventTarget-impl.js:233:9)
      at HTMLUnknownElementImpl.dispatchEvent 
(node_modules/jsdom/lib/jsdom/living/events/EventTarget-impl.js:104:17)
      at HTMLUnknownElement.dispatchEvent 
(node_modules/jsdom/lib/jsdom/living/generated/EventTarget.js:241:34)
      at Object.invokeGuardedCallbackDev 
(node_modules/react-dom/cjs/react-dom.development.js:4213:16)
      at invokeGuardedCallback 
(node_modules/react-dom/cjs/react-dom.development.js:4277:31)
      at invokeGuardedCallbackAndCatchFirstError 
(node_modules/react-dom/cjs/react-dom.development.js:4291:25)
      at executeDispatch 
(node_modules/react-dom/cjs/react-dom.development.js:9041:3)
      at processDispatchQueueItemsInOrder 
(node_modules/react-dom/cjs/react-dom.development.js:9073:7)
      at processDispatchQueue 
(node_modules/react-dom/cjs/react-dom.development.js:9086:5)
      at dispatchEventsForPlugins 
(node_modules/react-dom/cjs/react-dom.development.js:9097:3)
      at node_modules/react-dom/cjs/react-dom.development.js:9288:12
      at batchedUpdates$1 
(node_modules/react-dom/cjs/react-dom.development.js:26179:12)
      at batchedUpdates 
(node_modules/react-dom/cjs/react-dom.development.js:3991:12)
      at dispatchEventForPluginEventSystem 
(node_modules/react-dom/cjs/react-dom.development.js:9287:3)
      at dispatchEventWithEnableCapturePhaseSelectiveHydrationWithoutDiscreteEv
entReplay (node_modules/react-dom/cjs/react-dom.development.js:6465:5)
      at dispatchEvent 
(node_modules/react-dom/cjs/react-dom.development.js:6457:5)
      at dispatchDiscreteEvent 
(node_modules/react-dom/cjs/react-dom.development.js:6430:5)
      at HTMLDivElement.callTheUserObjectsOperation 
(node_modules/jsdom/lib/jsdom/living/generated/EventListener.js:26:30)
      at innerInvokeEventListeners 
(node_modules/jsdom/lib/jsdom/living/events/EventTarget-impl.js:350:25)
      at invokeEventListeners 
(node_modules/jsdom/lib/jsdom/living/events/EventTarget-impl.js:286:3)
      at HTMLInputElementImpl._dispatch 
(node_modules/jsdom/lib/jsdom/living/events/EventTarget-impl.js:233:9)
      at HTMLInputElementImpl.dispatchEvent 
(node_modules/jsdom/lib/jsdom/living/events/EventTarget-impl.js:104:17)
      at HTMLInputElement.dispatchEvent 
(node_modules/jsdom/lib/jsdom/living/generated/EventTarget.js:241:34)
      at 
node_modules/@testing-library/user-event/dist/cjs/event/dispatchEvent.js:45:43
      at Object.eventWrapper 
(node_modules/@testing-library/dom/dist/config.js:25:23)
      at Object.wrapEvent 
(node_modules/@testing-library/user-event/dist/cjs/event/wrapEvent.js:6:28)
      at Object.dispatchEvent (node_modules/@testing-library/user-event/dist/cj
s/event/dispatchEvent.js:45:22)
      at Object.dispatchUIEvent (node_modules/@testing-library/user-event/dist/
cjs/event/dispatchEvent.js:22:26)
      at commitInput 
(node_modules/@testing-library/user-event/dist/cjs/event/input.js:145:14)
      at editInputElement 
(node_modules/@testing-library/user-event/dist/cjs/event/input.js:115:9)
      at Object.input 
(node_modules/@testing-library/user-event/dist/cjs/event/input.js:37:9)
      at node_modules/@testing-library/user-event/dist/cjs/event/behavior/keypr
ess.js:31:26
      at Object.dispatchEvent (node_modules/@testing-library/user-event/dist/cj
s/event/dispatchEvent.js:41:13)
      at Object.dispatchUIEvent (node_modules/@testing-library/user-event/dist/
cjs/event/dispatchEvent.js:22:26)
      at KeyboardHost.keydown 
(node_modules/@testing-library/user-event/dist/cjs/system/keyboard.js:76:22)
      at keyboardAction 
(node_modules/@testing-library/user-event/dist/cjs/keyboard/index.js:22:35)
      at Object.keyboard 
(node_modules/@testing-library/user-event/dist/cjs/keyboard/index.js:11:15)
      at Object.type 
(node_modules/@testing-library/user-event/dist/cjs/utility/type.js:17:5)
      at Object.<anonymous> (src/profile/__tests__/profile.test.tsx:239:5)

    console.error
      Warning: An update to ProfilePage inside a test was not wrapped in 
act(...).
      
      When testing, code that causes React state updates should be wrapped 
into act(...):
      
      act(() => {
        /* fire events that update state */
      });
      /* assert on the output */
      
      This ensures that you're testing the behavior the user would see in the 
browser. Learn more at https://reactjs.org/link/wrap-tests-with-act
          at ProfilePage (C:\Users\samhe\OneDrive\Desktop\Cleaned\frontend\src\
profile\ProfilePage.tsx:17:41)
          at basenameProp (C:\Users\samhe\OneDrive\Desktop\Cleaned\frontend\nod
e_modules\react-router\lib\components.tsx:421:13)
          at basename (C:\Users\samhe\OneDrive\Desktop\Cleaned\frontend\node_mo
dules\react-router\lib\components.tsx:225:3)

      191 |               className="border border-gray-300 rounded-md px-3 
py-2 text-sm"
      192 |               value={confirmPassword}
    > 193 |               onChange={e => setConfirmPassword(e.target.value)}
          |                              ^
      194 |             />
      195 |             {confirmPassword && !passwordsMatch && (
      196 |               <p className="text-sm text-red-600">Passwords do not 
match</p>

      at printWarning 
(node_modules/react-dom/cjs/react-dom.development.js:86:30)
      at error (node_modules/react-dom/cjs/react-dom.development.js:60:7)
      at warnIfUpdatesNotWrappedWithActDEV 
(node_modules/react-dom/cjs/react-dom.development.js:27628:9)
      at scheduleUpdateOnFiber 
(node_modules/react-dom/cjs/react-dom.development.js:25547:5)
      at dispatchSetState 
(node_modules/react-dom/cjs/react-dom.development.js:16708:7)
      at onChange (src/profile/ProfilePage.tsx:193:30)
      at HTMLUnknownElement.callCallback 
(node_modules/react-dom/cjs/react-dom.development.js:4164:14)
      at HTMLUnknownElement.callTheUserObjectsOperation 
(node_modules/jsdom/lib/jsdom/living/generated/EventListener.js:26:30)
      at innerInvokeEventListeners 
(node_modules/jsdom/lib/jsdom/living/events/EventTarget-impl.js:350:25)
      at invokeEventListeners 
(node_modules/jsdom/lib/jsdom/living/events/EventTarget-impl.js:286:3)
      at HTMLUnknownElementImpl._dispatch 
(node_modules/jsdom/lib/jsdom/living/events/EventTarget-impl.js:233:9)
      at HTMLUnknownElementImpl.dispatchEvent 
(node_modules/jsdom/lib/jsdom/living/events/EventTarget-impl.js:104:17)
      at HTMLUnknownElement.dispatchEvent 
(node_modules/jsdom/lib/jsdom/living/generated/EventTarget.js:241:34)
      at Object.invokeGuardedCallbackDev 
(node_modules/react-dom/cjs/react-dom.development.js:4213:16)
      at invokeGuardedCallback 
(node_modules/react-dom/cjs/react-dom.development.js:4277:31)
      at invokeGuardedCallbackAndCatchFirstError 
(node_modules/react-dom/cjs/react-dom.development.js:4291:25)
      at executeDispatch 
(node_modules/react-dom/cjs/react-dom.development.js:9041:3)
      at processDispatchQueueItemsInOrder 
(node_modules/react-dom/cjs/react-dom.development.js:9073:7)
      at processDispatchQueue 
(node_modules/react-dom/cjs/react-dom.development.js:9086:5)
      at dispatchEventsForPlugins 
(node_modules/react-dom/cjs/react-dom.development.js:9097:3)
      at node_modules/react-dom/cjs/react-dom.development.js:9288:12
      at batchedUpdates$1 
(node_modules/react-dom/cjs/react-dom.development.js:26179:12)
      at batchedUpdates 
(node_modules/react-dom/cjs/react-dom.development.js:3991:12)
      at dispatchEventForPluginEventSystem 
(node_modules/react-dom/cjs/react-dom.development.js:9287:3)
      at dispatchEventWithEnableCapturePhaseSelectiveHydrationWithoutDiscreteEv
entReplay (node_modules/react-dom/cjs/react-dom.development.js:6465:5)
      at dispatchEvent 
(node_modules/react-dom/cjs/react-dom.development.js:6457:5)
      at dispatchDiscreteEvent 
(node_modules/react-dom/cjs/react-dom.development.js:6430:5)
      at HTMLDivElement.callTheUserObjectsOperation 
(node_modules/jsdom/lib/jsdom/living/generated/EventListener.js:26:30)
      at innerInvokeEventListeners 
(node_modules/jsdom/lib/jsdom/living/events/EventTarget-impl.js:350:25)
      at invokeEventListeners 
(node_modules/jsdom/lib/jsdom/living/events/EventTarget-impl.js:286:3)
      at HTMLInputElementImpl._dispatch 
(node_modules/jsdom/lib/jsdom/living/events/EventTarget-impl.js:233:9)
      at HTMLInputElementImpl.dispatchEvent 
(node_modules/jsdom/lib/jsdom/living/events/EventTarget-impl.js:104:17)
      at HTMLInputElement.dispatchEvent 
(node_modules/jsdom/lib/jsdom/living/generated/EventTarget.js:241:34)
      at 
node_modules/@testing-library/user-event/dist/cjs/event/dispatchEvent.js:45:43
      at Object.eventWrapper 
(node_modules/@testing-library/dom/dist/config.js:25:23)
      at Object.wrapEvent 
(node_modules/@testing-library/user-event/dist/cjs/event/wrapEvent.js:6:28)
      at Object.dispatchEvent (node_modules/@testing-library/user-event/dist/cj
s/event/dispatchEvent.js:45:22)
      at Object.dispatchUIEvent (node_modules/@testing-library/user-event/dist/
cjs/event/dispatchEvent.js:22:26)
      at commitInput 
(node_modules/@testing-library/user-event/dist/cjs/event/input.js:145:14)
      at editInputElement 
(node_modules/@testing-library/user-event/dist/cjs/event/input.js:115:9)
      at Object.input 
(node_modules/@testing-library/user-event/dist/cjs/event/input.js:37:9)
      at node_modules/@testing-library/user-event/dist/cjs/event/behavior/keypr
ess.js:31:26
      at Object.dispatchEvent (node_modules/@testing-library/user-event/dist/cj
s/event/dispatchEvent.js:41:13)
      at Object.dispatchUIEvent (node_modules/@testing-library/user-event/dist/
cjs/event/dispatchEvent.js:22:26)
      at KeyboardHost.keydown 
(node_modules/@testing-library/user-event/dist/cjs/system/keyboard.js:76:22)
      at keyboardAction 
(node_modules/@testing-library/user-event/dist/cjs/keyboard/index.js:22:35)
      at Object.keyboard 
(node_modules/@testing-library/user-event/dist/cjs/keyboard/index.js:11:15)
      at Object.type 
(node_modules/@testing-library/user-event/dist/cjs/utility/type.js:17:5)
      at Object.<anonymous> (src/profile/__tests__/profile.test.tsx:239:5)

    console.error
      Warning: An update to ProfilePage inside a test was not wrapped in 
act(...).
      
      When testing, code that causes React state updates should be wrapped 
into act(...):
      
      act(() => {
        /* fire events that update state */
      });
      /* assert on the output */
      
      This ensures that you're testing the behavior the user would see in the 
browser. Learn more at https://reactjs.org/link/wrap-tests-with-act
          at ProfilePage (C:\Users\samhe\OneDrive\Desktop\Cleaned\frontend\src\
profile\ProfilePage.tsx:17:41)
          at basenameProp (C:\Users\samhe\OneDrive\Desktop\Cleaned\frontend\nod
e_modules\react-router\lib\components.tsx:421:13)
          at basename (C:\Users\samhe\OneDrive\Desktop\Cleaned\frontend\node_mo
dules\react-router\lib\components.tsx:225:3)

      191 |               className="border border-gray-300 rounded-md px-3 
py-2 text-sm"
      192 |               value={confirmPassword}
    > 193 |               onChange={e => setConfirmPassword(e.target.value)}
          |                              ^
      194 |             />
      195 |             {confirmPassword && !passwordsMatch && (
      196 |               <p className="text-sm text-red-600">Passwords do not 
match</p>

      at printWarning 
(node_modules/react-dom/cjs/react-dom.development.js:86:30)
      at error (node_modules/react-dom/cjs/react-dom.development.js:60:7)
      at warnIfUpdatesNotWrappedWithActDEV 
(node_modules/react-dom/cjs/react-dom.development.js:27628:9)
      at scheduleUpdateOnFiber 
(node_modules/react-dom/cjs/react-dom.development.js:25547:5)
      at dispatchSetState 
(node_modules/react-dom/cjs/react-dom.development.js:16708:7)
      at onChange (src/profile/ProfilePage.tsx:193:30)
      at HTMLUnknownElement.callCallback 
(node_modules/react-dom/cjs/react-dom.development.js:4164:14)
      at HTMLUnknownElement.callTheUserObjectsOperation 
(node_modules/jsdom/lib/jsdom/living/generated/EventListener.js:26:30)
      at innerInvokeEventListeners 
(node_modules/jsdom/lib/jsdom/living/events/EventTarget-impl.js:350:25)
      at invokeEventListeners 
(node_modules/jsdom/lib/jsdom/living/events/EventTarget-impl.js:286:3)
      at HTMLUnknownElementImpl._dispatch 
(node_modules/jsdom/lib/jsdom/living/events/EventTarget-impl.js:233:9)
      at HTMLUnknownElementImpl.dispatchEvent 
(node_modules/jsdom/lib/jsdom/living/events/EventTarget-impl.js:104:17)
      at HTMLUnknownElement.dispatchEvent 
(node_modules/jsdom/lib/jsdom/living/generated/EventTarget.js:241:34)
      at Object.invokeGuardedCallbackDev 
(node_modules/react-dom/cjs/react-dom.development.js:4213:16)
      at invokeGuardedCallback 
(node_modules/react-dom/cjs/react-dom.development.js:4277:31)
      at invokeGuardedCallbackAndCatchFirstError 
(node_modules/react-dom/cjs/react-dom.development.js:4291:25)
      at executeDispatch 
(node_modules/react-dom/cjs/react-dom.development.js:9041:3)
      at processDispatchQueueItemsInOrder 
(node_modules/react-dom/cjs/react-dom.development.js:9073:7)
      at processDispatchQueue 
(node_modules/react-dom/cjs/react-dom.development.js:9086:5)
      at dispatchEventsForPlugins 
(node_modules/react-dom/cjs/react-dom.development.js:9097:3)
      at node_modules/react-dom/cjs/react-dom.development.js:9288:12
      at batchedUpdates$1 
(node_modules/react-dom/cjs/react-dom.development.js:26179:12)
      at batchedUpdates 
(node_modules/react-dom/cjs/react-dom.development.js:3991:12)
      at dispatchEventForPluginEventSystem 
(node_modules/react-dom/cjs/react-dom.development.js:9287:3)
      at dispatchEventWithEnableCapturePhaseSelectiveHydrationWithoutDiscreteEv
entReplay (node_modules/react-dom/cjs/react-dom.development.js:6465:5)
      at dispatchEvent 
(node_modules/react-dom/cjs/react-dom.development.js:6457:5)
      at dispatchDiscreteEvent 
(node_modules/react-dom/cjs/react-dom.development.js:6430:5)
      at HTMLDivElement.callTheUserObjectsOperation 
(node_modules/jsdom/lib/jsdom/living/generated/EventListener.js:26:30)
      at innerInvokeEventListeners 
(node_modules/jsdom/lib/jsdom/living/events/EventTarget-impl.js:350:25)
      at invokeEventListeners 
(node_modules/jsdom/lib/jsdom/living/events/EventTarget-impl.js:286:3)
      at HTMLInputElementImpl._dispatch 
(node_modules/jsdom/lib/jsdom/living/events/EventTarget-impl.js:233:9)
      at HTMLInputElementImpl.dispatchEvent 
(node_modules/jsdom/lib/jsdom/living/events/EventTarget-impl.js:104:17)
      at HTMLInputElement.dispatchEvent 
(node_modules/jsdom/lib/jsdom/living/generated/EventTarget.js:241:34)
      at 
node_modules/@testing-library/user-event/dist/cjs/event/dispatchEvent.js:45:43
      at Object.eventWrapper 
(node_modules/@testing-library/dom/dist/config.js:25:23)
      at Object.wrapEvent 
(node_modules/@testing-library/user-event/dist/cjs/event/wrapEvent.js:6:28)
      at Object.dispatchEvent (node_modules/@testing-library/user-event/dist/cj
s/event/dispatchEvent.js:45:22)
      at Object.dispatchUIEvent (node_modules/@testing-library/user-event/dist/
cjs/event/dispatchEvent.js:22:26)
      at commitInput 
(node_modules/@testing-library/user-event/dist/cjs/event/input.js:145:14)
      at editInputElement 
(node_modules/@testing-library/user-event/dist/cjs/event/input.js:115:9)
      at Object.input 
(node_modules/@testing-library/user-event/dist/cjs/event/input.js:37:9)
      at node_modules/@testing-library/user-event/dist/cjs/event/behavior/keypr
ess.js:31:26
      at Object.dispatchEvent (node_modules/@testing-library/user-event/dist/cj
s/event/dispatchEvent.js:41:13)
      at Object.dispatchUIEvent (node_modules/@testing-library/user-event/dist/
cjs/event/dispatchEvent.js:22:26)
      at KeyboardHost.keydown 
(node_modules/@testing-library/user-event/dist/cjs/system/keyboard.js:76:22)
      at keyboardAction 
(node_modules/@testing-library/user-event/dist/cjs/keyboard/index.js:22:35)
      at Object.keyboard 
(node_modules/@testing-library/user-event/dist/cjs/keyboard/index.js:11:15)
      at Object.type 
(node_modules/@testing-library/user-event/dist/cjs/utility/type.js:17:5)
      at Object.<anonymous> (src/profile/__tests__/profile.test.tsx:239:5)

    console.error
      Warning: An update to ProfilePage inside a test was not wrapped in 
act(...).
      
      When testing, code that causes React state updates should be wrapped 
into act(...):
      
      act(() => {
        /* fire events that update state */
      });
      /* assert on the output */
      
      This ensures that you're testing the behavior the user would see in the 
browser. Learn more at https://reactjs.org/link/wrap-tests-with-act
          at ProfilePage (C:\Users\samhe\OneDrive\Desktop\Cleaned\frontend\src\
profile\ProfilePage.tsx:17:41)
          at basenameProp (C:\Users\samhe\OneDrive\Desktop\Cleaned\frontend\nod
e_modules\react-router\lib\components.tsx:421:13)
          at basename (C:\Users\samhe\OneDrive\Desktop\Cleaned\frontend\node_mo
dules\react-router\lib\components.tsx:225:3)

      172 |               className="border border-gray-300 rounded-md px-3 
py-2 text-sm"
      173 |               value={newPassword}
    > 174 |               onChange={e => setNewPassword(e.target.value)}
          |                              ^
      175 |             />
      176 |             <p className="text-xs text-gray-500">
      177 |               Minimum 8 characters, at least 1 uppercase letter 
and 1 number.

      at printWarning 
(node_modules/react-dom/cjs/react-dom.development.js:86:30)
      at error (node_modules/react-dom/cjs/react-dom.development.js:60:7)
      at warnIfUpdatesNotWrappedWithActDEV 
(node_modules/react-dom/cjs/react-dom.development.js:27628:9)
      at scheduleUpdateOnFiber 
(node_modules/react-dom/cjs/react-dom.development.js:25547:5)
      at dispatchSetState 
(node_modules/react-dom/cjs/react-dom.development.js:16708:7)
      at onChange (src/profile/ProfilePage.tsx:174:30)
      at HTMLUnknownElement.callCallback 
(node_modules/react-dom/cjs/react-dom.development.js:4164:14)
      at HTMLUnknownElement.callTheUserObjectsOperation 
(node_modules/jsdom/lib/jsdom/living/generated/EventListener.js:26:30)
      at innerInvokeEventListeners 
(node_modules/jsdom/lib/jsdom/living/events/EventTarget-impl.js:350:25)
      at invokeEventListeners 
(node_modules/jsdom/lib/jsdom/living/events/EventTarget-impl.js:286:3)
      at HTMLUnknownElementImpl._dispatch 
(node_modules/jsdom/lib/jsdom/living/events/EventTarget-impl.js:233:9)
      at HTMLUnknownElementImpl.dispatchEvent 
(node_modules/jsdom/lib/jsdom/living/events/EventTarget-impl.js:104:17)
      at HTMLUnknownElement.dispatchEvent 
(node_modules/jsdom/lib/jsdom/living/generated/EventTarget.js:241:34)
      at Object.invokeGuardedCallbackDev 
(node_modules/react-dom/cjs/react-dom.development.js:4213:16)
      at invokeGuardedCallback 
(node_modules/react-dom/cjs/react-dom.development.js:4277:31)
      at invokeGuardedCallbackAndCatchFirstError 
(node_modules/react-dom/cjs/react-dom.development.js:4291:25)
      at executeDispatch 
(node_modules/react-dom/cjs/react-dom.development.js:9041:3)
      at processDispatchQueueItemsInOrder 
(node_modules/react-dom/cjs/react-dom.development.js:9073:7)
      at processDispatchQueue 
(node_modules/react-dom/cjs/react-dom.development.js:9086:5)
      at dispatchEventsForPlugins 
(node_modules/react-dom/cjs/react-dom.development.js:9097:3)
      at node_modules/react-dom/cjs/react-dom.development.js:9288:12
      at batchedUpdates$1 
(node_modules/react-dom/cjs/react-dom.development.js:26179:12)
      at batchedUpdates 
(node_modules/react-dom/cjs/react-dom.development.js:3991:12)
      at dispatchEventForPluginEventSystem 
(node_modules/react-dom/cjs/react-dom.development.js:9287:3)
      at dispatchEventWithEnableCapturePhaseSelectiveHydrationWithoutDiscreteEv
entReplay (node_modules/react-dom/cjs/react-dom.development.js:6465:5)
      at dispatchEvent 
(node_modules/react-dom/cjs/react-dom.development.js:6457:5)
      at dispatchDiscreteEvent 
(node_modules/react-dom/cjs/react-dom.development.js:6430:5)
      at HTMLDivElement.callTheUserObjectsOperation 
(node_modules/jsdom/lib/jsdom/living/generated/EventListener.js:26:30)
      at innerInvokeEventListeners 
(node_modules/jsdom/lib/jsdom/living/events/EventTarget-impl.js:350:25)
      at invokeEventListeners 
(node_modules/jsdom/lib/jsdom/living/events/EventTarget-impl.js:286:3)
      at HTMLInputElementImpl._dispatch 
(node_modules/jsdom/lib/jsdom/living/events/EventTarget-impl.js:233:9)
      at HTMLInputElementImpl.dispatchEvent 
(node_modules/jsdom/lib/jsdom/living/events/EventTarget-impl.js:104:17)
      at HTMLInputElement.dispatchEvent 
(node_modules/jsdom/lib/jsdom/living/generated/EventTarget.js:241:34)
      at 
node_modules/@testing-library/user-event/dist/cjs/event/dispatchEvent.js:45:43
      at Object.eventWrapper 
(node_modules/@testing-library/dom/dist/config.js:25:23)
      at Object.wrapEvent 
(node_modules/@testing-library/user-event/dist/cjs/event/wrapEvent.js:6:28)
      at Object.dispatchEvent (node_modules/@testing-library/user-event/dist/cj
s/event/dispatchEvent.js:45:22)
      at Object.dispatchUIEvent (node_modules/@testing-library/user-event/dist/
cjs/event/dispatchEvent.js:22:26)
      at commitInput 
(node_modules/@testing-library/user-event/dist/cjs/event/input.js:145:14)
      at editInputElement 
(node_modules/@testing-library/user-event/dist/cjs/event/input.js:115:9)
      at Object.input 
(node_modules/@testing-library/user-event/dist/cjs/event/input.js:37:9)
      at node_modules/@testing-library/user-event/dist/cjs/event/behavior/keypr
ess.js:31:26
      at Object.dispatchEvent (node_modules/@testing-library/user-event/dist/cj
s/event/dispatchEvent.js:41:13)
      at Object.dispatchUIEvent (node_modules/@testing-library/user-event/dist/
cjs/event/dispatchEvent.js:22:26)
      at KeyboardHost.keydown 
(node_modules/@testing-library/user-event/dist/cjs/system/keyboard.js:76:22)
      at keyboardAction 
(node_modules/@testing-library/user-event/dist/cjs/keyboard/index.js:22:35)
      at Object.keyboard 
(node_modules/@testing-library/user-event/dist/cjs/keyboard/index.js:11:15)
      at Object.type 
(node_modules/@testing-library/user-event/dist/cjs/utility/type.js:17:5)
      at Object.<anonymous> (src/profile/__tests__/profile.test.tsx:249:5)

    console.error
      Warning: An update to ProfilePage inside a test was not wrapped in 
act(...).
      
      When testing, code that causes React state updates should be wrapped 
into act(...):
      
      act(() => {
        /* fire events that update state */
      });
      /* assert on the output */
      
      This ensures that you're testing the behavior the user would see in the 
browser. Learn more at https://reactjs.org/link/wrap-tests-with-act
          at ProfilePage (C:\Users\samhe\OneDrive\Desktop\Cleaned\frontend\src\
profile\ProfilePage.tsx:17:41)
          at basenameProp (C:\Users\samhe\OneDrive\Desktop\Cleaned\frontend\nod
e_modules\react-router\lib\components.tsx:421:13)
          at basename (C:\Users\samhe\OneDrive\Desktop\Cleaned\frontend\node_mo
dules\react-router\lib\components.tsx:225:3)

      172 |               className="border border-gray-300 rounded-md px-3 
py-2 text-sm"
      173 |               value={newPassword}
    > 174 |               onChange={e => setNewPassword(e.target.value)}
          |                              ^
      175 |             />
      176 |             <p className="text-xs text-gray-500">
      177 |               Minimum 8 characters, at least 1 uppercase letter 
and 1 number.

      at printWarning 
(node_modules/react-dom/cjs/react-dom.development.js:86:30)
      at error (node_modules/react-dom/cjs/react-dom.development.js:60:7)
      at warnIfUpdatesNotWrappedWithActDEV 
(node_modules/react-dom/cjs/react-dom.development.js:27628:9)
      at scheduleUpdateOnFiber 
(node_modules/react-dom/cjs/react-dom.development.js:25547:5)
      at dispatchSetState 
(node_modules/react-dom/cjs/react-dom.development.js:16708:7)
      at onChange (src/profile/ProfilePage.tsx:174:30)
      at HTMLUnknownElement.callCallback 
(node_modules/react-dom/cjs/react-dom.development.js:4164:14)
      at HTMLUnknownElement.callTheUserObjectsOperation 
(node_modules/jsdom/lib/jsdom/living/generated/EventListener.js:26:30)
      at innerInvokeEventListeners 
(node_modules/jsdom/lib/jsdom/living/events/EventTarget-impl.js:350:25)
      at invokeEventListeners 
(node_modules/jsdom/lib/jsdom/living/events/EventTarget-impl.js:286:3)
      at HTMLUnknownElementImpl._dispatch 
(node_modules/jsdom/lib/jsdom/living/events/EventTarget-impl.js:233:9)
      at HTMLUnknownElementImpl.dispatchEvent 
(node_modules/jsdom/lib/jsdom/living/events/EventTarget-impl.js:104:17)
      at HTMLUnknownElement.dispatchEvent 
(node_modules/jsdom/lib/jsdom/living/generated/EventTarget.js:241:34)
      at Object.invokeGuardedCallbackDev 
(node_modules/react-dom/cjs/react-dom.development.js:4213:16)
      at invokeGuardedCallback 
(node_modules/react-dom/cjs/react-dom.development.js:4277:31)
      at invokeGuardedCallbackAndCatchFirstError 
(node_modules/react-dom/cjs/react-dom.development.js:4291:25)
      at executeDispatch 
(node_modules/react-dom/cjs/react-dom.development.js:9041:3)
      at processDispatchQueueItemsInOrder 
(node_modules/react-dom/cjs/react-dom.development.js:9073:7)
      at processDispatchQueue 
(node_modules/react-dom/cjs/react-dom.development.js:9086:5)
      at dispatchEventsForPlugins 
(node_modules/react-dom/cjs/react-dom.development.js:9097:3)
      at node_modules/react-dom/cjs/react-dom.development.js:9288:12
      at batchedUpdates$1 
(node_modules/react-dom/cjs/react-dom.development.js:26179:12)
      at batchedUpdates 
(node_modules/react-dom/cjs/react-dom.development.js:3991:12)
      at dispatchEventForPluginEventSystem 
(node_modules/react-dom/cjs/react-dom.development.js:9287:3)
      at dispatchEventWithEnableCapturePhaseSelectiveHydrationWithoutDiscreteEv
entReplay (node_modules/react-dom/cjs/react-dom.development.js:6465:5)
      at dispatchEvent 
(node_modules/react-dom/cjs/react-dom.development.js:6457:5)
      at dispatchDiscreteEvent 
(node_modules/react-dom/cjs/react-dom.development.js:6430:5)
      at HTMLDivElement.callTheUserObjectsOperation 
(node_modules/jsdom/lib/jsdom/living/generated/EventListener.js:26:30)
      at innerInvokeEventListeners 
(node_modules/jsdom/lib/jsdom/living/events/EventTarget-impl.js:350:25)
      at invokeEventListeners 
(node_modules/jsdom/lib/jsdom/living/events/EventTarget-impl.js:286:3)
      at HTMLInputElementImpl._dispatch 
(node_modules/jsdom/lib/jsdom/living/events/EventTarget-impl.js:233:9)
      at HTMLInputElementImpl.dispatchEvent 
(node_modules/jsdom/lib/jsdom/living/events/EventTarget-impl.js:104:17)
      at HTMLInputElement.dispatchEvent 
(node_modules/jsdom/lib/jsdom/living/generated/EventTarget.js:241:34)
      at 
node_modules/@testing-library/user-event/dist/cjs/event/dispatchEvent.js:45:43
      at Object.eventWrapper 
(node_modules/@testing-library/dom/dist/config.js:25:23)
      at Object.wrapEvent 
(node_modules/@testing-library/user-event/dist/cjs/event/wrapEvent.js:6:28)
      at Object.dispatchEvent (node_modules/@testing-library/user-event/dist/cj
s/event/dispatchEvent.js:45:22)
      at Object.dispatchUIEvent (node_modules/@testing-library/user-event/dist/
cjs/event/dispatchEvent.js:22:26)
      at commitInput 
(node_modules/@testing-library/user-event/dist/cjs/event/input.js:145:14)
      at editInputElement 
(node_modules/@testing-library/user-event/dist/cjs/event/input.js:115:9)
      at Object.input 
(node_modules/@testing-library/user-event/dist/cjs/event/input.js:37:9)
      at node_modules/@testing-library/user-event/dist/cjs/event/behavior/keypr
ess.js:31:26
      at Object.dispatchEvent (node_modules/@testing-library/user-event/dist/cj
s/event/dispatchEvent.js:41:13)
      at Object.dispatchUIEvent (node_modules/@testing-library/user-event/dist/
cjs/event/dispatchEvent.js:22:26)
      at KeyboardHost.keydown 
(node_modules/@testing-library/user-event/dist/cjs/system/keyboard.js:76:22)
      at keyboardAction 
(node_modules/@testing-library/user-event/dist/cjs/keyboard/index.js:22:35)
      at Object.keyboard 
(node_modules/@testing-library/user-event/dist/cjs/keyboard/index.js:11:15)
      at Object.type 
(node_modules/@testing-library/user-event/dist/cjs/utility/type.js:17:5)
      at Object.<anonymous> (src/profile/__tests__/profile.test.tsx:249:5)

    console.error
      Warning: An update to ProfilePage inside a test was not wrapped in 
act(...).
      
      When testing, code that causes React state updates should be wrapped 
into act(...):
      
      act(() => {
        /* fire events that update state */
      });
      /* assert on the output */
      
      This ensures that you're testing the behavior the user would see in the 
browser. Learn more at https://reactjs.org/link/wrap-tests-with-act
          at ProfilePage (C:\Users\samhe\OneDrive\Desktop\Cleaned\frontend\src\
profile\ProfilePage.tsx:17:41)
          at basenameProp (C:\Users\samhe\OneDrive\Desktop\Cleaned\frontend\nod
e_modules\react-router\lib\components.tsx:421:13)
          at basename (C:\Users\samhe\OneDrive\Desktop\Cleaned\frontend\node_mo
dules\react-router\lib\components.tsx:225:3)

      172 |               className="border border-gray-300 rounded-md px-3 
py-2 text-sm"
      173 |               value={newPassword}
    > 174 |               onChange={e => setNewPassword(e.target.value)}
          |                              ^
      175 |             />
      176 |             <p className="text-xs text-gray-500">
      177 |               Minimum 8 characters, at least 1 uppercase letter 
and 1 number.

      at printWarning 
(node_modules/react-dom/cjs/react-dom.development.js:86:30)
      at error (node_modules/react-dom/cjs/react-dom.development.js:60:7)
      at warnIfUpdatesNotWrappedWithActDEV 
(node_modules/react-dom/cjs/react-dom.development.js:27628:9)
      at scheduleUpdateOnFiber 
(node_modules/react-dom/cjs/react-dom.development.js:25547:5)
      at dispatchSetState 
(node_modules/react-dom/cjs/react-dom.development.js:16708:7)
      at onChange (src/profile/ProfilePage.tsx:174:30)
      at HTMLUnknownElement.callCallback 
(node_modules/react-dom/cjs/react-dom.development.js:4164:14)
      at HTMLUnknownElement.callTheUserObjectsOperation 
(node_modules/jsdom/lib/jsdom/living/generated/EventListener.js:26:30)
      at innerInvokeEventListeners 
(node_modules/jsdom/lib/jsdom/living/events/EventTarget-impl.js:350:25)
      at invokeEventListeners 
(node_modules/jsdom/lib/jsdom/living/events/EventTarget-impl.js:286:3)
      at HTMLUnknownElementImpl._dispatch 
(node_modules/jsdom/lib/jsdom/living/events/EventTarget-impl.js:233:9)
      at HTMLUnknownElementImpl.dispatchEvent 
(node_modules/jsdom/lib/jsdom/living/events/EventTarget-impl.js:104:17)
      at HTMLUnknownElement.dispatchEvent 
(node_modules/jsdom/lib/jsdom/living/generated/EventTarget.js:241:34)
      at Object.invokeGuardedCallbackDev 
(node_modules/react-dom/cjs/react-dom.development.js:4213:16)
      at invokeGuardedCallback 
(node_modules/react-dom/cjs/react-dom.development.js:4277:31)
      at invokeGuardedCallbackAndCatchFirstError 
(node_modules/react-dom/cjs/react-dom.development.js:4291:25)
      at executeDispatch 
(node_modules/react-dom/cjs/react-dom.development.js:9041:3)
      at processDispatchQueueItemsInOrder 
(node_modules/react-dom/cjs/react-dom.development.js:9073:7)
      at processDispatchQueue 
(node_modules/react-dom/cjs/react-dom.development.js:9086:5)
      at dispatchEventsForPlugins 
(node_modules/react-dom/cjs/react-dom.development.js:9097:3)
      at node_modules/react-dom/cjs/react-dom.development.js:9288:12
      at batchedUpdates$1 
(node_modules/react-dom/cjs/react-dom.development.js:26179:12)
      at batchedUpdates 
(node_modules/react-dom/cjs/react-dom.development.js:3991:12)
      at dispatchEventForPluginEventSystem 
(node_modules/react-dom/cjs/react-dom.development.js:9287:3)
      at dispatchEventWithEnableCapturePhaseSelectiveHydrationWithoutDiscreteEv
entReplay (node_modules/react-dom/cjs/react-dom.development.js:6465:5)
      at dispatchEvent 
(node_modules/react-dom/cjs/react-dom.development.js:6457:5)
      at dispatchDiscreteEvent 
(node_modules/react-dom/cjs/react-dom.development.js:6430:5)
      at HTMLDivElement.callTheUserObjectsOperation 
(node_modules/jsdom/lib/jsdom/living/generated/EventListener.js:26:30)
      at innerInvokeEventListeners 
(node_modules/jsdom/lib/jsdom/living/events/EventTarget-impl.js:350:25)
      at invokeEventListeners 
(node_modules/jsdom/lib/jsdom/living/events/EventTarget-impl.js:286:3)
      at HTMLInputElementImpl._dispatch 
(node_modules/jsdom/lib/jsdom/living/events/EventTarget-impl.js:233:9)
      at HTMLInputElementImpl.dispatchEvent 
(node_modules/jsdom/lib/jsdom/living/events/EventTarget-impl.js:104:17)
      at HTMLInputElement.dispatchEvent 
(node_modules/jsdom/lib/jsdom/living/generated/EventTarget.js:241:34)
      at 
node_modules/@testing-library/user-event/dist/cjs/event/dispatchEvent.js:45:43
      at Object.eventWrapper 
(node_modules/@testing-library/dom/dist/config.js:25:23)
      at Object.wrapEvent 
(node_modules/@testing-library/user-event/dist/cjs/event/wrapEvent.js:6:28)
      at Object.dispatchEvent (node_modules/@testing-library/user-event/dist/cj
s/event/dispatchEvent.js:45:22)
      at Object.dispatchUIEvent (node_modules/@testing-library/user-event/dist/
cjs/event/dispatchEvent.js:22:26)
      at commitInput 
(node_modules/@testing-library/user-event/dist/cjs/event/input.js:145:14)
      at editInputElement 
(node_modules/@testing-library/user-event/dist/cjs/event/input.js:115:9)
      at Object.input 
(node_modules/@testing-library/user-event/dist/cjs/event/input.js:37:9)
      at node_modules/@testing-library/user-event/dist/cjs/event/behavior/keypr
ess.js:31:26
      at Object.dispatchEvent (node_modules/@testing-library/user-event/dist/cj
s/event/dispatchEvent.js:41:13)
      at Object.dispatchUIEvent (node_modules/@testing-library/user-event/dist/
cjs/event/dispatchEvent.js:22:26)
      at KeyboardHost.keydown 
(node_modules/@testing-library/user-event/dist/cjs/system/keyboard.js:76:22)
      at keyboardAction 
(node_modules/@testing-library/user-event/dist/cjs/keyboard/index.js:22:35)
      at Object.keyboard 
(node_modules/@testing-library/user-event/dist/cjs/keyboard/index.js:11:15)
      at Object.type 
(node_modules/@testing-library/user-event/dist/cjs/utility/type.js:17:5)
      at Object.<anonymous> (src/profile/__tests__/profile.test.tsx:249:5)

    console.error
      Warning: An update to ProfilePage inside a test was not wrapped in 
act(...).
      
      When testing, code that causes React state updates should be wrapped 
into act(...):
      
      act(() => {
        /* fire events that update state */
      });
      /* assert on the output */
      
      This ensures that you're testing the behavior the user would see in the 
browser. Learn more at https://reactjs.org/link/wrap-tests-with-act
          at ProfilePage (C:\Users\samhe\OneDrive\Desktop\Cleaned\frontend\src\
profile\ProfilePage.tsx:17:41)
          at basenameProp (C:\Users\samhe\OneDrive\Desktop\Cleaned\frontend\nod
e_modules\react-router\lib\components.tsx:421:13)
          at basename (C:\Users\samhe\OneDrive\Desktop\Cleaned\frontend\node_mo
dules\react-router\lib\components.tsx:225:3)

      172 |               className="border border-gray-300 rounded-md px-3 
py-2 text-sm"
      173 |               value={newPassword}
    > 174 |               onChange={e => setNewPassword(e.target.value)}
          |                              ^
      175 |             />
      176 |             <p className="text-xs text-gray-500">
      177 |               Minimum 8 characters, at least 1 uppercase letter 
and 1 number.

      at printWarning 
(node_modules/react-dom/cjs/react-dom.development.js:86:30)
      at error (node_modules/react-dom/cjs/react-dom.development.js:60:7)
      at warnIfUpdatesNotWrappedWithActDEV 
(node_modules/react-dom/cjs/react-dom.development.js:27628:9)
      at scheduleUpdateOnFiber 
(node_modules/react-dom/cjs/react-dom.development.js:25547:5)
      at dispatchSetState 
(node_modules/react-dom/cjs/react-dom.development.js:16708:7)
      at onChange (src/profile/ProfilePage.tsx:174:30)
      at HTMLUnknownElement.callCallback 
(node_modules/react-dom/cjs/react-dom.development.js:4164:14)
      at HTMLUnknownElement.callTheUserObjectsOperation 
(node_modules/jsdom/lib/jsdom/living/generated/EventListener.js:26:30)
      at innerInvokeEventListeners 
(node_modules/jsdom/lib/jsdom/living/events/EventTarget-impl.js:350:25)
      at invokeEventListeners 
(node_modules/jsdom/lib/jsdom/living/events/EventTarget-impl.js:286:3)
      at HTMLUnknownElementImpl._dispatch 
(node_modules/jsdom/lib/jsdom/living/events/EventTarget-impl.js:233:9)
      at HTMLUnknownElementImpl.dispatchEvent 
(node_modules/jsdom/lib/jsdom/living/events/EventTarget-impl.js:104:17)
      at HTMLUnknownElement.dispatchEvent 
(node_modules/jsdom/lib/jsdom/living/generated/EventTarget.js:241:34)
      at Object.invokeGuardedCallbackDev 
(node_modules/react-dom/cjs/react-dom.development.js:4213:16)
      at invokeGuardedCallback 
(node_modules/react-dom/cjs/react-dom.development.js:4277:31)
      at invokeGuardedCallbackAndCatchFirstError 
(node_modules/react-dom/cjs/react-dom.development.js:4291:25)
      at executeDispatch 
(node_modules/react-dom/cjs/react-dom.development.js:9041:3)
      at processDispatchQueueItemsInOrder 
(node_modules/react-dom/cjs/react-dom.development.js:9073:7)
      at processDispatchQueue 
(node_modules/react-dom/cjs/react-dom.development.js:9086:5)
      at dispatchEventsForPlugins 
(node_modules/react-dom/cjs/react-dom.development.js:9097:3)
      at node_modules/react-dom/cjs/react-dom.development.js:9288:12
      at batchedUpdates$1 
(node_modules/react-dom/cjs/react-dom.development.js:26179:12)
      at batchedUpdates 
(node_modules/react-dom/cjs/react-dom.development.js:3991:12)
      at dispatchEventForPluginEventSystem 
(node_modules/react-dom/cjs/react-dom.development.js:9287:3)
      at dispatchEventWithEnableCapturePhaseSelectiveHydrationWithoutDiscreteEv
entReplay (node_modules/react-dom/cjs/react-dom.development.js:6465:5)
      at dispatchEvent 
(node_modules/react-dom/cjs/react-dom.development.js:6457:5)
      at dispatchDiscreteEvent 
(node_modules/react-dom/cjs/react-dom.development.js:6430:5)
      at HTMLDivElement.callTheUserObjectsOperation 
(node_modules/jsdom/lib/jsdom/living/generated/EventListener.js:26:30)
      at innerInvokeEventListeners 
(node_modules/jsdom/lib/jsdom/living/events/EventTarget-impl.js:350:25)
      at invokeEventListeners 
(node_modules/jsdom/lib/jsdom/living/events/EventTarget-impl.js:286:3)
      at HTMLInputElementImpl._dispatch 
(node_modules/jsdom/lib/jsdom/living/events/EventTarget-impl.js:233:9)
      at HTMLInputElementImpl.dispatchEvent 
(node_modules/jsdom/lib/jsdom/living/events/EventTarget-impl.js:104:17)
      at HTMLInputElement.dispatchEvent 
(node_modules/jsdom/lib/jsdom/living/generated/EventTarget.js:241:34)
      at 
node_modules/@testing-library/user-event/dist/cjs/event/dispatchEvent.js:45:43
      at Object.eventWrapper 
(node_modules/@testing-library/dom/dist/config.js:25:23)
      at Object.wrapEvent 
(node_modules/@testing-library/user-event/dist/cjs/event/wrapEvent.js:6:28)
      at Object.dispatchEvent (node_modules/@testing-library/user-event/dist/cj
s/event/dispatchEvent.js:45:22)
      at Object.dispatchUIEvent (node_modules/@testing-library/user-event/dist/
cjs/event/dispatchEvent.js:22:26)
      at commitInput 
(node_modules/@testing-library/user-event/dist/cjs/event/input.js:145:14)
      at editInputElement 
(node_modules/@testing-library/user-event/dist/cjs/event/input.js:115:9)
      at Object.input 
(node_modules/@testing-library/user-event/dist/cjs/event/input.js:37:9)
      at node_modules/@testing-library/user-event/dist/cjs/event/behavior/keypr
ess.js:31:26
      at Object.dispatchEvent (node_modules/@testing-library/user-event/dist/cj
s/event/dispatchEvent.js:41:13)
      at Object.dispatchUIEvent (node_modules/@testing-library/user-event/dist/
cjs/event/dispatchEvent.js:22:26)
      at KeyboardHost.keydown 
(node_modules/@testing-library/user-event/dist/cjs/system/keyboard.js:76:22)
      at keyboardAction 
(node_modules/@testing-library/user-event/dist/cjs/keyboard/index.js:22:35)
      at Object.keyboard 
(node_modules/@testing-library/user-event/dist/cjs/keyboard/index.js:11:15)
      at Object.type 
(node_modules/@testing-library/user-event/dist/cjs/utility/type.js:17:5)
      at Object.<anonymous> (src/profile/__tests__/profile.test.tsx:249:5)

    console.error
      Warning: An update to ProfilePage inside a test was not wrapped in 
act(...).
      
      When testing, code that causes React state updates should be wrapped 
into act(...):
      
      act(() => {
        /* fire events that update state */
      });
      /* assert on the output */
      
      This ensures that you're testing the behavior the user would see in the 
browser. Learn more at https://reactjs.org/link/wrap-tests-with-act
          at ProfilePage (C:\Users\samhe\OneDrive\Desktop\Cleaned\frontend\src\
profile\ProfilePage.tsx:17:41)
          at basenameProp (C:\Users\samhe\OneDrive\Desktop\Cleaned\frontend\nod
e_modules\react-router\lib\components.tsx:421:13)
          at basename (C:\Users\samhe\OneDrive\Desktop\Cleaned\frontend\node_mo
dules\react-router\lib\components.tsx:225:3)

      172 |               className="border border-gray-300 rounded-md px-3 
py-2 text-sm"
      173 |               value={newPassword}
    > 174 |               onChange={e => setNewPassword(e.target.value)}
          |                              ^
      175 |             />
      176 |             <p className="text-xs text-gray-500">
      177 |               Minimum 8 characters, at least 1 uppercase letter 
and 1 number.

      at printWarning 
(node_modules/react-dom/cjs/react-dom.development.js:86:30)
      at error (node_modules/react-dom/cjs/react-dom.development.js:60:7)
      at warnIfUpdatesNotWrappedWithActDEV 
(node_modules/react-dom/cjs/react-dom.development.js:27628:9)
      at scheduleUpdateOnFiber 
(node_modules/react-dom/cjs/react-dom.development.js:25547:5)
      at dispatchSetState 
(node_modules/react-dom/cjs/react-dom.development.js:16708:7)
      at onChange (src/profile/ProfilePage.tsx:174:30)
      at HTMLUnknownElement.callCallback 
(node_modules/react-dom/cjs/react-dom.development.js:4164:14)
      at HTMLUnknownElement.callTheUserObjectsOperation 
(node_modules/jsdom/lib/jsdom/living/generated/EventListener.js:26:30)
      at innerInvokeEventListeners 
(node_modules/jsdom/lib/jsdom/living/events/EventTarget-impl.js:350:25)
      at invokeEventListeners 
(node_modules/jsdom/lib/jsdom/living/events/EventTarget-impl.js:286:3)
      at HTMLUnknownElementImpl._dispatch 
(node_modules/jsdom/lib/jsdom/living/events/EventTarget-impl.js:233:9)
      at HTMLUnknownElementImpl.dispatchEvent 
(node_modules/jsdom/lib/jsdom/living/events/EventTarget-impl.js:104:17)
      at HTMLUnknownElement.dispatchEvent 
(node_modules/jsdom/lib/jsdom/living/generated/EventTarget.js:241:34)
      at Object.invokeGuardedCallbackDev 
(node_modules/react-dom/cjs/react-dom.development.js:4213:16)
      at invokeGuardedCallback 
(node_modules/react-dom/cjs/react-dom.development.js:4277:31)
      at invokeGuardedCallbackAndCatchFirstError 
(node_modules/react-dom/cjs/react-dom.development.js:4291:25)
      at executeDispatch 
(node_modules/react-dom/cjs/react-dom.development.js:9041:3)
      at processDispatchQueueItemsInOrder 
(node_modules/react-dom/cjs/react-dom.development.js:9073:7)
      at processDispatchQueue 
(node_modules/react-dom/cjs/react-dom.development.js:9086:5)
      at dispatchEventsForPlugins 
(node_modules/react-dom/cjs/react-dom.development.js:9097:3)
      at node_modules/react-dom/cjs/react-dom.development.js:9288:12
      at batchedUpdates$1 
(node_modules/react-dom/cjs/react-dom.development.js:26179:12)
      at batchedUpdates 
(node_modules/react-dom/cjs/react-dom.development.js:3991:12)
      at dispatchEventForPluginEventSystem 
(node_modules/react-dom/cjs/react-dom.development.js:9287:3)
      at dispatchEventWithEnableCapturePhaseSelectiveHydrationWithoutDiscreteEv
entReplay (node_modules/react-dom/cjs/react-dom.development.js:6465:5)
      at dispatchEvent 
(node_modules/react-dom/cjs/react-dom.development.js:6457:5)
      at dispatchDiscreteEvent 
(node_modules/react-dom/cjs/react-dom.development.js:6430:5)
      at HTMLDivElement.callTheUserObjectsOperation 
(node_modules/jsdom/lib/jsdom/living/generated/EventListener.js:26:30)
      at innerInvokeEventListeners 
(node_modules/jsdom/lib/jsdom/living/events/EventTarget-impl.js:350:25)
      at invokeEventListeners 
(node_modules/jsdom/lib/jsdom/living/events/EventTarget-impl.js:286:3)
      at HTMLInputElementImpl._dispatch 
(node_modules/jsdom/lib/jsdom/living/events/EventTarget-impl.js:233:9)
      at HTMLInputElementImpl.dispatchEvent 
(node_modules/jsdom/lib/jsdom/living/events/EventTarget-impl.js:104:17)
      at HTMLInputElement.dispatchEvent 
(node_modules/jsdom/lib/jsdom/living/generated/EventTarget.js:241:34)
      at 
node_modules/@testing-library/user-event/dist/cjs/event/dispatchEvent.js:45:43
      at Object.eventWrapper 
(node_modules/@testing-library/dom/dist/config.js:25:23)
      at Object.wrapEvent 
(node_modules/@testing-library/user-event/dist/cjs/event/wrapEvent.js:6:28)
      at Object.dispatchEvent (node_modules/@testing-library/user-event/dist/cj
s/event/dispatchEvent.js:45:22)
      at Object.dispatchUIEvent (node_modules/@testing-library/user-event/dist/
cjs/event/dispatchEvent.js:22:26)
      at commitInput 
(node_modules/@testing-library/user-event/dist/cjs/event/input.js:145:14)
      at editInputElement 
(node_modules/@testing-library/user-event/dist/cjs/event/input.js:115:9)
      at Object.input 
(node_modules/@testing-library/user-event/dist/cjs/event/input.js:37:9)
      at node_modules/@testing-library/user-event/dist/cjs/event/behavior/keypr
ess.js:31:26
      at Object.dispatchEvent (node_modules/@testing-library/user-event/dist/cj
s/event/dispatchEvent.js:41:13)
      at Object.dispatchUIEvent (node_modules/@testing-library/user-event/dist/
cjs/event/dispatchEvent.js:22:26)
      at KeyboardHost.keydown 
(node_modules/@testing-library/user-event/dist/cjs/system/keyboard.js:76:22)
      at keyboardAction 
(node_modules/@testing-library/user-event/dist/cjs/keyboard/index.js:22:35)
      at Object.keyboard 
(node_modules/@testing-library/user-event/dist/cjs/keyboard/index.js:11:15)
      at Object.type 
(node_modules/@testing-library/user-event/dist/cjs/utility/type.js:17:5)
      at Object.<anonymous> (src/profile/__tests__/profile.test.tsx:249:5)

    console.error
      Warning: An update to ProfilePage inside a test was not wrapped in 
act(...).
      
      When testing, code that causes React state updates should be wrapped 
into act(...):
      
      act(() => {
        /* fire events that update state */
      });
      /* assert on the output */
      
      This ensures that you're testing the behavior the user would see in the 
browser. Learn more at https://reactjs.org/link/wrap-tests-with-act
          at ProfilePage (C:\Users\samhe\OneDrive\Desktop\Cleaned\frontend\src\
profile\ProfilePage.tsx:17:41)
          at basenameProp (C:\Users\samhe\OneDrive\Desktop\Cleaned\frontend\nod
e_modules\react-router\lib\components.tsx:421:13)
          at basename (C:\Users\samhe\OneDrive\Desktop\Cleaned\frontend\node_mo
dules\react-router\lib\components.tsx:225:3)

      172 |               className="border border-gray-300 rounded-md px-3 
py-2 text-sm"
      173 |               value={newPassword}
    > 174 |               onChange={e => setNewPassword(e.target.value)}
          |                              ^
      175 |             />
      176 |             <p className="text-xs text-gray-500">
      177 |               Minimum 8 characters, at least 1 uppercase letter 
and 1 number.

      at printWarning 
(node_modules/react-dom/cjs/react-dom.development.js:86:30)
      at error (node_modules/react-dom/cjs/react-dom.development.js:60:7)
      at warnIfUpdatesNotWrappedWithActDEV 
(node_modules/react-dom/cjs/react-dom.development.js:27628:9)
      at scheduleUpdateOnFiber 
(node_modules/react-dom/cjs/react-dom.development.js:25547:5)
      at dispatchSetState 
(node_modules/react-dom/cjs/react-dom.development.js:16708:7)
      at onChange (src/profile/ProfilePage.tsx:174:30)
      at HTMLUnknownElement.callCallback 
(node_modules/react-dom/cjs/react-dom.development.js:4164:14)
      at HTMLUnknownElement.callTheUserObjectsOperation 
(node_modules/jsdom/lib/jsdom/living/generated/EventListener.js:26:30)
      at innerInvokeEventListeners 
(node_modules/jsdom/lib/jsdom/living/events/EventTarget-impl.js:350:25)
      at invokeEventListeners 
(node_modules/jsdom/lib/jsdom/living/events/EventTarget-impl.js:286:3)
      at HTMLUnknownElementImpl._dispatch 
(node_modules/jsdom/lib/jsdom/living/events/EventTarget-impl.js:233:9)
      at HTMLUnknownElementImpl.dispatchEvent 
(node_modules/jsdom/lib/jsdom/living/events/EventTarget-impl.js:104:17)
      at HTMLUnknownElement.dispatchEvent 
(node_modules/jsdom/lib/jsdom/living/generated/EventTarget.js:241:34)
      at Object.invokeGuardedCallbackDev 
(node_modules/react-dom/cjs/react-dom.development.js:4213:16)
      at invokeGuardedCallback 
(node_modules/react-dom/cjs/react-dom.development.js:4277:31)
      at invokeGuardedCallbackAndCatchFirstError 
(node_modules/react-dom/cjs/react-dom.development.js:4291:25)
      at executeDispatch 
(node_modules/react-dom/cjs/react-dom.development.js:9041:3)
      at processDispatchQueueItemsInOrder 
(node_modules/react-dom/cjs/react-dom.development.js:9073:7)
      at processDispatchQueue 
(node_modules/react-dom/cjs/react-dom.development.js:9086:5)
      at dispatchEventsForPlugins 
(node_modules/react-dom/cjs/react-dom.development.js:9097:3)
      at node_modules/react-dom/cjs/react-dom.development.js:9288:12
      at batchedUpdates$1 
(node_modules/react-dom/cjs/react-dom.development.js:26179:12)
      at batchedUpdates 
(node_modules/react-dom/cjs/react-dom.development.js:3991:12)
      at dispatchEventForPluginEventSystem 
(node_modules/react-dom/cjs/react-dom.development.js:9287:3)
      at dispatchEventWithEnableCapturePhaseSelectiveHydrationWithoutDiscreteEv
entReplay (node_modules/react-dom/cjs/react-dom.development.js:6465:5)
      at dispatchEvent 
(node_modules/react-dom/cjs/react-dom.development.js:6457:5)
      at dispatchDiscreteEvent 
(node_modules/react-dom/cjs/react-dom.development.js:6430:5)
      at HTMLDivElement.callTheUserObjectsOperation 
(node_modules/jsdom/lib/jsdom/living/generated/EventListener.js:26:30)
      at innerInvokeEventListeners 
(node_modules/jsdom/lib/jsdom/living/events/EventTarget-impl.js:350:25)
      at invokeEventListeners 
(node_modules/jsdom/lib/jsdom/living/events/EventTarget-impl.js:286:3)
      at HTMLInputElementImpl._dispatch 
(node_modules/jsdom/lib/jsdom/living/events/EventTarget-impl.js:233:9)
      at HTMLInputElementImpl.dispatchEvent 
(node_modules/jsdom/lib/jsdom/living/events/EventTarget-impl.js:104:17)
      at HTMLInputElement.dispatchEvent 
(node_modules/jsdom/lib/jsdom/living/generated/EventTarget.js:241:34)
      at 
node_modules/@testing-library/user-event/dist/cjs/event/dispatchEvent.js:45:43
      at Object.eventWrapper 
(node_modules/@testing-library/dom/dist/config.js:25:23)
      at Object.wrapEvent 
(node_modules/@testing-library/user-event/dist/cjs/event/wrapEvent.js:6:28)
      at Object.dispatchEvent (node_modules/@testing-library/user-event/dist/cj
s/event/dispatchEvent.js:45:22)
      at Object.dispatchUIEvent (node_modules/@testing-library/user-event/dist/
cjs/event/dispatchEvent.js:22:26)
      at commitInput 
(node_modules/@testing-library/user-event/dist/cjs/event/input.js:145:14)
      at editInputElement 
(node_modules/@testing-library/user-event/dist/cjs/event/input.js:115:9)
      at Object.input 
(node_modules/@testing-library/user-event/dist/cjs/event/input.js:37:9)
      at node_modules/@testing-library/user-event/dist/cjs/event/behavior/keypr
ess.js:31:26
      at Object.dispatchEvent (node_modules/@testing-library/user-event/dist/cj
s/event/dispatchEvent.js:41:13)
      at Object.dispatchUIEvent (node_modules/@testing-library/user-event/dist/
cjs/event/dispatchEvent.js:22:26)
      at KeyboardHost.keydown 
(node_modules/@testing-library/user-event/dist/cjs/system/keyboard.js:76:22)
      at keyboardAction 
(node_modules/@testing-library/user-event/dist/cjs/keyboard/index.js:22:35)
      at Object.keyboard 
(node_modules/@testing-library/user-event/dist/cjs/keyboard/index.js:11:15)
      at Object.type 
(node_modules/@testing-library/user-event/dist/cjs/utility/type.js:17:5)
      at Object.<anonymous> (src/profile/__tests__/profile.test.tsx:249:5)

    console.error
      Warning: An update to ProfilePage inside a test was not wrapped in 
act(...).
      
      When testing, code that causes React state updates should be wrapped 
into act(...):
      
      act(() => {
        /* fire events that update state */
      });
      /* assert on the output */
      
      This ensures that you're testing the behavior the user would see in the 
browser. Learn more at https://reactjs.org/link/wrap-tests-with-act
          at ProfilePage (C:\Users\samhe\OneDrive\Desktop\Cleaned\frontend\src\
profile\ProfilePage.tsx:17:41)
          at basenameProp (C:\Users\samhe\OneDrive\Desktop\Cleaned\frontend\nod
e_modules\react-router\lib\components.tsx:421:13)
          at basename (C:\Users\samhe\OneDrive\Desktop\Cleaned\frontend\node_mo
dules\react-router\lib\components.tsx:225:3)

      172 |               className="border border-gray-300 rounded-md px-3 
py-2 text-sm"
      173 |               value={newPassword}
    > 174 |               onChange={e => setNewPassword(e.target.value)}
          |                              ^
      175 |             />
      176 |             <p className="text-xs text-gray-500">
      177 |               Minimum 8 characters, at least 1 uppercase letter 
and 1 number.

      at printWarning 
(node_modules/react-dom/cjs/react-dom.development.js:86:30)
      at error (node_modules/react-dom/cjs/react-dom.development.js:60:7)
      at warnIfUpdatesNotWrappedWithActDEV 
(node_modules/react-dom/cjs/react-dom.development.js:27628:9)
      at scheduleUpdateOnFiber 
(node_modules/react-dom/cjs/react-dom.development.js:25547:5)
      at dispatchSetState 
(node_modules/react-dom/cjs/react-dom.development.js:16708:7)
      at onChange (src/profile/ProfilePage.tsx:174:30)
      at HTMLUnknownElement.callCallback 
(node_modules/react-dom/cjs/react-dom.development.js:4164:14)
      at HTMLUnknownElement.callTheUserObjectsOperation 
(node_modules/jsdom/lib/jsdom/living/generated/EventListener.js:26:30)
      at innerInvokeEventListeners 
(node_modules/jsdom/lib/jsdom/living/events/EventTarget-impl.js:350:25)
      at invokeEventListeners 
(node_modules/jsdom/lib/jsdom/living/events/EventTarget-impl.js:286:3)
      at HTMLUnknownElementImpl._dispatch 
(node_modules/jsdom/lib/jsdom/living/events/EventTarget-impl.js:233:9)
      at HTMLUnknownElementImpl.dispatchEvent 
(node_modules/jsdom/lib/jsdom/living/events/EventTarget-impl.js:104:17)
      at HTMLUnknownElement.dispatchEvent 
(node_modules/jsdom/lib/jsdom/living/generated/EventTarget.js:241:34)
      at Object.invokeGuardedCallbackDev 
(node_modules/react-dom/cjs/react-dom.development.js:4213:16)
      at invokeGuardedCallback 
(node_modules/react-dom/cjs/react-dom.development.js:4277:31)
      at invokeGuardedCallbackAndCatchFirstError 
(node_modules/react-dom/cjs/react-dom.development.js:4291:25)
      at executeDispatch 
(node_modules/react-dom/cjs/react-dom.development.js:9041:3)
      at processDispatchQueueItemsInOrder 
(node_modules/react-dom/cjs/react-dom.development.js:9073:7)
      at processDispatchQueue 
(node_modules/react-dom/cjs/react-dom.development.js:9086:5)
      at dispatchEventsForPlugins 
(node_modules/react-dom/cjs/react-dom.development.js:9097:3)
      at node_modules/react-dom/cjs/react-dom.development.js:9288:12
      at batchedUpdates$1 
(node_modules/react-dom/cjs/react-dom.development.js:26179:12)
      at batchedUpdates 
(node_modules/react-dom/cjs/react-dom.development.js:3991:12)
      at dispatchEventForPluginEventSystem 
(node_modules/react-dom/cjs/react-dom.development.js:9287:3)
      at dispatchEventWithEnableCapturePhaseSelectiveHydrationWithoutDiscreteEv
entReplay (node_modules/react-dom/cjs/react-dom.development.js:6465:5)
      at dispatchEvent 
(node_modules/react-dom/cjs/react-dom.development.js:6457:5)
      at dispatchDiscreteEvent 
(node_modules/react-dom/cjs/react-dom.development.js:6430:5)
      at HTMLDivElement.callTheUserObjectsOperation 
(node_modules/jsdom/lib/jsdom/living/generated/EventListener.js:26:30)
      at innerInvokeEventListeners 
(node_modules/jsdom/lib/jsdom/living/events/EventTarget-impl.js:350:25)
      at invokeEventListeners 
(node_modules/jsdom/lib/jsdom/living/events/EventTarget-impl.js:286:3)
      at HTMLInputElementImpl._dispatch 
(node_modules/jsdom/lib/jsdom/living/events/EventTarget-impl.js:233:9)
      at HTMLInputElementImpl.dispatchEvent 
(node_modules/jsdom/lib/jsdom/living/events/EventTarget-impl.js:104:17)
      at HTMLInputElement.dispatchEvent 
(node_modules/jsdom/lib/jsdom/living/generated/EventTarget.js:241:34)
      at 
node_modules/@testing-library/user-event/dist/cjs/event/dispatchEvent.js:45:43
      at Object.eventWrapper 
(node_modules/@testing-library/dom/dist/config.js:25:23)
      at Object.wrapEvent 
(node_modules/@testing-library/user-event/dist/cjs/event/wrapEvent.js:6:28)
      at Object.dispatchEvent (node_modules/@testing-library/user-event/dist/cj
s/event/dispatchEvent.js:45:22)
      at Object.dispatchUIEvent (node_modules/@testing-library/user-event/dist/
cjs/event/dispatchEvent.js:22:26)
      at commitInput 
(node_modules/@testing-library/user-event/dist/cjs/event/input.js:145:14)
      at editInputElement 
(node_modules/@testing-library/user-event/dist/cjs/event/input.js:115:9)
      at Object.input 
(node_modules/@testing-library/user-event/dist/cjs/event/input.js:37:9)
      at node_modules/@testing-library/user-event/dist/cjs/event/behavior/keypr
ess.js:31:26
      at Object.dispatchEvent (node_modules/@testing-library/user-event/dist/cj
s/event/dispatchEvent.js:41:13)
      at Object.dispatchUIEvent (node_modules/@testing-library/user-event/dist/
cjs/event/dispatchEvent.js:22:26)
      at KeyboardHost.keydown 
(node_modules/@testing-library/user-event/dist/cjs/system/keyboard.js:76:22)
      at keyboardAction 
(node_modules/@testing-library/user-event/dist/cjs/keyboard/index.js:22:35)
      at Object.keyboard 
(node_modules/@testing-library/user-event/dist/cjs/keyboard/index.js:11:15)
      at Object.type 
(node_modules/@testing-library/user-event/dist/cjs/utility/type.js:17:5)
      at Object.<anonymous> (src/profile/__tests__/profile.test.tsx:249:5)

    console.error
      Warning: An update to ProfilePage inside a test was not wrapped in 
act(...).
      
      When testing, code that causes React state updates should be wrapped 
into act(...):
      
      act(() => {
        /* fire events that update state */
      });
      /* assert on the output */
      
      This ensures that you're testing the behavior the user would see in the 
browser. Learn more at https://reactjs.org/link/wrap-tests-with-act
          at ProfilePage (C:\Users\samhe\OneDrive\Desktop\Cleaned\frontend\src\
profile\ProfilePage.tsx:17:41)
          at basenameProp (C:\Users\samhe\OneDrive\Desktop\Cleaned\frontend\nod
e_modules\react-router\lib\components.tsx:421:13)
          at basename (C:\Users\samhe\OneDrive\Desktop\Cleaned\frontend\node_mo
dules\react-router\lib\components.tsx:225:3)

      172 |               className="border border-gray-300 rounded-md px-3 
py-2 text-sm"
      173 |               value={newPassword}
    > 174 |               onChange={e => setNewPassword(e.target.value)}
          |                              ^
      175 |             />
      176 |             <p className="text-xs text-gray-500">
      177 |               Minimum 8 characters, at least 1 uppercase letter 
and 1 number.

      at printWarning 
(node_modules/react-dom/cjs/react-dom.development.js:86:30)
      at error (node_modules/react-dom/cjs/react-dom.development.js:60:7)
      at warnIfUpdatesNotWrappedWithActDEV 
(node_modules/react-dom/cjs/react-dom.development.js:27628:9)
      at scheduleUpdateOnFiber 
(node_modules/react-dom/cjs/react-dom.development.js:25547:5)
      at dispatchSetState 
(node_modules/react-dom/cjs/react-dom.development.js:16708:7)
      at onChange (src/profile/ProfilePage.tsx:174:30)
      at HTMLUnknownElement.callCallback 
(node_modules/react-dom/cjs/react-dom.development.js:4164:14)
      at HTMLUnknownElement.callTheUserObjectsOperation 
(node_modules/jsdom/lib/jsdom/living/generated/EventListener.js:26:30)
      at innerInvokeEventListeners 
(node_modules/jsdom/lib/jsdom/living/events/EventTarget-impl.js:350:25)
      at invokeEventListeners 
(node_modules/jsdom/lib/jsdom/living/events/EventTarget-impl.js:286:3)
      at HTMLUnknownElementImpl._dispatch 
(node_modules/jsdom/lib/jsdom/living/events/EventTarget-impl.js:233:9)
      at HTMLUnknownElementImpl.dispatchEvent 
(node_modules/jsdom/lib/jsdom/living/events/EventTarget-impl.js:104:17)
      at HTMLUnknownElement.dispatchEvent 
(node_modules/jsdom/lib/jsdom/living/generated/EventTarget.js:241:34)
      at Object.invokeGuardedCallbackDev 
(node_modules/react-dom/cjs/react-dom.development.js:4213:16)
      at invokeGuardedCallback 
(node_modules/react-dom/cjs/react-dom.development.js:4277:31)
      at invokeGuardedCallbackAndCatchFirstError 
(node_modules/react-dom/cjs/react-dom.development.js:4291:25)
      at executeDispatch 
(node_modules/react-dom/cjs/react-dom.development.js:9041:3)
      at processDispatchQueueItemsInOrder 
(node_modules/react-dom/cjs/react-dom.development.js:9073:7)
      at processDispatchQueue 
(node_modules/react-dom/cjs/react-dom.development.js:9086:5)
      at dispatchEventsForPlugins 
(node_modules/react-dom/cjs/react-dom.development.js:9097:3)
      at node_modules/react-dom/cjs/react-dom.development.js:9288:12
      at batchedUpdates$1 
(node_modules/react-dom/cjs/react-dom.development.js:26179:12)
      at batchedUpdates 
(node_modules/react-dom/cjs/react-dom.development.js:3991:12)
      at dispatchEventForPluginEventSystem 
(node_modules/react-dom/cjs/react-dom.development.js:9287:3)
      at dispatchEventWithEnableCapturePhaseSelectiveHydrationWithoutDiscreteEv
entReplay (node_modules/react-dom/cjs/react-dom.development.js:6465:5)
      at dispatchEvent 
(node_modules/react-dom/cjs/react-dom.development.js:6457:5)
      at dispatchDiscreteEvent 
(node_modules/react-dom/cjs/react-dom.development.js:6430:5)
      at HTMLDivElement.callTheUserObjectsOperation 
(node_modules/jsdom/lib/jsdom/living/generated/EventListener.js:26:30)
      at innerInvokeEventListeners 
(node_modules/jsdom/lib/jsdom/living/events/EventTarget-impl.js:350:25)
      at invokeEventListeners 
(node_modules/jsdom/lib/jsdom/living/events/EventTarget-impl.js:286:3)
      at HTMLInputElementImpl._dispatch 
(node_modules/jsdom/lib/jsdom/living/events/EventTarget-impl.js:233:9)
      at HTMLInputElementImpl.dispatchEvent 
(node_modules/jsdom/lib/jsdom/living/events/EventTarget-impl.js:104:17)
      at HTMLInputElement.dispatchEvent 
(node_modules/jsdom/lib/jsdom/living/generated/EventTarget.js:241:34)
      at 
node_modules/@testing-library/user-event/dist/cjs/event/dispatchEvent.js:45:43
      at Object.eventWrapper 
(node_modules/@testing-library/dom/dist/config.js:25:23)
      at Object.wrapEvent 
(node_modules/@testing-library/user-event/dist/cjs/event/wrapEvent.js:6:28)
      at Object.dispatchEvent (node_modules/@testing-library/user-event/dist/cj
s/event/dispatchEvent.js:45:22)
      at Object.dispatchUIEvent (node_modules/@testing-library/user-event/dist/
cjs/event/dispatchEvent.js:22:26)
      at commitInput 
(node_modules/@testing-library/user-event/dist/cjs/event/input.js:145:14)
      at editInputElement 
(node_modules/@testing-library/user-event/dist/cjs/event/input.js:115:9)
      at Object.input 
(node_modules/@testing-library/user-event/dist/cjs/event/input.js:37:9)
      at node_modules/@testing-library/user-event/dist/cjs/event/behavior/keypr
ess.js:31:26
      at Object.dispatchEvent (node_modules/@testing-library/user-event/dist/cj
s/event/dispatchEvent.js:41:13)
      at Object.dispatchUIEvent (node_modules/@testing-library/user-event/dist/
cjs/event/dispatchEvent.js:22:26)
      at KeyboardHost.keydown 
(node_modules/@testing-library/user-event/dist/cjs/system/keyboard.js:76:22)
      at keyboardAction 
(node_modules/@testing-library/user-event/dist/cjs/keyboard/index.js:22:35)
      at Object.keyboard 
(node_modules/@testing-library/user-event/dist/cjs/keyboard/index.js:11:15)
      at Object.type 
(node_modules/@testing-library/user-event/dist/cjs/utility/type.js:17:5)
      at Object.<anonymous> (src/profile/__tests__/profile.test.tsx:249:5)

    console.error
      Warning: An update to ProfilePage inside a test was not wrapped in 
act(...).
      
      When testing, code that causes React state updates should be wrapped 
into act(...):
      
      act(() => {
        /* fire events that update state */
      });
      /* assert on the output */
      
      This ensures that you're testing the behavior the user would see in the 
browser. Learn more at https://reactjs.org/link/wrap-tests-with-act
          at ProfilePage (C:\Users\samhe\OneDrive\Desktop\Cleaned\frontend\src\
profile\ProfilePage.tsx:17:41)
          at basenameProp (C:\Users\samhe\OneDrive\Desktop\Cleaned\frontend\nod
e_modules\react-router\lib\components.tsx:421:13)
          at basename (C:\Users\samhe\OneDrive\Desktop\Cleaned\frontend\node_mo
dules\react-router\lib\components.tsx:225:3)

      172 |               className="border border-gray-300 rounded-md px-3 
py-2 text-sm"
      173 |               value={newPassword}
    > 174 |               onChange={e => setNewPassword(e.target.value)}
          |                              ^
      175 |             />
      176 |             <p className="text-xs text-gray-500">
      177 |               Minimum 8 characters, at least 1 uppercase letter 
and 1 number.

      at printWarning 
(node_modules/react-dom/cjs/react-dom.development.js:86:30)
      at error (node_modules/react-dom/cjs/react-dom.development.js:60:7)
      at warnIfUpdatesNotWrappedWithActDEV 
(node_modules/react-dom/cjs/react-dom.development.js:27628:9)
      at scheduleUpdateOnFiber 
(node_modules/react-dom/cjs/react-dom.development.js:25547:5)
      at dispatchSetState 
(node_modules/react-dom/cjs/react-dom.development.js:16708:7)
      at onChange (src/profile/ProfilePage.tsx:174:30)
      at HTMLUnknownElement.callCallback 
(node_modules/react-dom/cjs/react-dom.development.js:4164:14)
      at HTMLUnknownElement.callTheUserObjectsOperation 
(node_modules/jsdom/lib/jsdom/living/generated/EventListener.js:26:30)
      at innerInvokeEventListeners 
(node_modules/jsdom/lib/jsdom/living/events/EventTarget-impl.js:350:25)
      at invokeEventListeners 
(node_modules/jsdom/lib/jsdom/living/events/EventTarget-impl.js:286:3)
      at HTMLUnknownElementImpl._dispatch 
(node_modules/jsdom/lib/jsdom/living/events/EventTarget-impl.js:233:9)
      at HTMLUnknownElementImpl.dispatchEvent 
(node_modules/jsdom/lib/jsdom/living/events/EventTarget-impl.js:104:17)
      at HTMLUnknownElement.dispatchEvent 
(node_modules/jsdom/lib/jsdom/living/generated/EventTarget.js:241:34)
      at Object.invokeGuardedCallbackDev 
(node_modules/react-dom/cjs/react-dom.development.js:4213:16)
      at invokeGuardedCallback 
(node_modules/react-dom/cjs/react-dom.development.js:4277:31)
      at invokeGuardedCallbackAndCatchFirstError 
(node_modules/react-dom/cjs/react-dom.development.js:4291:25)
      at executeDispatch 
(node_modules/react-dom/cjs/react-dom.development.js:9041:3)
      at processDispatchQueueItemsInOrder 
(node_modules/react-dom/cjs/react-dom.development.js:9073:7)
      at processDispatchQueue 
(node_modules/react-dom/cjs/react-dom.development.js:9086:5)
      at dispatchEventsForPlugins 
(node_modules/react-dom/cjs/react-dom.development.js:9097:3)
      at node_modules/react-dom/cjs/react-dom.development.js:9288:12
      at batchedUpdates$1 
(node_modules/react-dom/cjs/react-dom.development.js:26179:12)
      at batchedUpdates 
(node_modules/react-dom/cjs/react-dom.development.js:3991:12)
      at dispatchEventForPluginEventSystem 
(node_modules/react-dom/cjs/react-dom.development.js:9287:3)
      at dispatchEventWithEnableCapturePhaseSelectiveHydrationWithoutDiscreteEv
entReplay (node_modules/react-dom/cjs/react-dom.development.js:6465:5)
      at dispatchEvent 
(node_modules/react-dom/cjs/react-dom.development.js:6457:5)
      at dispatchDiscreteEvent 
(node_modules/react-dom/cjs/react-dom.development.js:6430:5)
      at HTMLDivElement.callTheUserObjectsOperation 
(node_modules/jsdom/lib/jsdom/living/generated/EventListener.js:26:30)
      at innerInvokeEventListeners 
(node_modules/jsdom/lib/jsdom/living/events/EventTarget-impl.js:350:25)
      at invokeEventListeners 
(node_modules/jsdom/lib/jsdom/living/events/EventTarget-impl.js:286:3)
      at HTMLInputElementImpl._dispatch 
(node_modules/jsdom/lib/jsdom/living/events/EventTarget-impl.js:233:9)
      at HTMLInputElementImpl.dispatchEvent 
(node_modules/jsdom/lib/jsdom/living/events/EventTarget-impl.js:104:17)
      at HTMLInputElement.dispatchEvent 
(node_modules/jsdom/lib/jsdom/living/generated/EventTarget.js:241:34)
      at 
node_modules/@testing-library/user-event/dist/cjs/event/dispatchEvent.js:45:43
      at Object.eventWrapper 
(node_modules/@testing-library/dom/dist/config.js:25:23)
      at Object.wrapEvent 
(node_modules/@testing-library/user-event/dist/cjs/event/wrapEvent.js:6:28)
      at Object.dispatchEvent (node_modules/@testing-library/user-event/dist/cj
s/event/dispatchEvent.js:45:22)
      at Object.dispatchUIEvent (node_modules/@testing-library/user-event/dist/
cjs/event/dispatchEvent.js:22:26)
      at commitInput 
(node_modules/@testing-library/user-event/dist/cjs/event/input.js:145:14)
      at editInputElement 
(node_modules/@testing-library/user-event/dist/cjs/event/input.js:115:9)
      at Object.input 
(node_modules/@testing-library/user-event/dist/cjs/event/input.js:37:9)
      at node_modules/@testing-library/user-event/dist/cjs/event/behavior/keypr
ess.js:31:26
      at Object.dispatchEvent (node_modules/@testing-library/user-event/dist/cj
s/event/dispatchEvent.js:41:13)
      at Object.dispatchUIEvent (node_modules/@testing-library/user-event/dist/
cjs/event/dispatchEvent.js:22:26)
      at KeyboardHost.keydown 
(node_modules/@testing-library/user-event/dist/cjs/system/keyboard.js:76:22)
      at keyboardAction 
(node_modules/@testing-library/user-event/dist/cjs/keyboard/index.js:22:35)
      at Object.keyboard 
(node_modules/@testing-library/user-event/dist/cjs/keyboard/index.js:11:15)
      at Object.type 
(node_modules/@testing-library/user-event/dist/cjs/utility/type.js:17:5)
      at Object.<anonymous> (src/profile/__tests__/profile.test.tsx:249:5)

    console.error
      Warning: An update to ProfilePage inside a test was not wrapped in 
act(...).
      
      When testing, code that causes React state updates should be wrapped 
into act(...):
      
      act(() => {
        /* fire events that update state */
      });
      /* assert on the output */
      
      This ensures that you're testing the behavior the user would see in the 
browser. Learn more at https://reactjs.org/link/wrap-tests-with-act
          at ProfilePage (C:\Users\samhe\OneDrive\Desktop\Cleaned\frontend\src\
profile\ProfilePage.tsx:17:41)
          at basenameProp (C:\Users\samhe\OneDrive\Desktop\Cleaned\frontend\nod
e_modules\react-router\lib\components.tsx:421:13)
          at basename (C:\Users\samhe\OneDrive\Desktop\Cleaned\frontend\node_mo
dules\react-router\lib\components.tsx:225:3)

      172 |               className="border border-gray-300 rounded-md px-3 
py-2 text-sm"
      173 |               value={newPassword}
    > 174 |               onChange={e => setNewPassword(e.target.value)}
          |                              ^
      175 |             />
      176 |             <p className="text-xs text-gray-500">
      177 |               Minimum 8 characters, at least 1 uppercase letter 
and 1 number.

      at printWarning 
(node_modules/react-dom/cjs/react-dom.development.js:86:30)
      at error (node_modules/react-dom/cjs/react-dom.development.js:60:7)
      at warnIfUpdatesNotWrappedWithActDEV 
(node_modules/react-dom/cjs/react-dom.development.js:27628:9)
      at scheduleUpdateOnFiber 
(node_modules/react-dom/cjs/react-dom.development.js:25547:5)
      at dispatchSetState 
(node_modules/react-dom/cjs/react-dom.development.js:16708:7)
      at onChange (src/profile/ProfilePage.tsx:174:30)
      at HTMLUnknownElement.callCallback 
(node_modules/react-dom/cjs/react-dom.development.js:4164:14)
      at HTMLUnknownElement.callTheUserObjectsOperation 
(node_modules/jsdom/lib/jsdom/living/generated/EventListener.js:26:30)
      at innerInvokeEventListeners 
(node_modules/jsdom/lib/jsdom/living/events/EventTarget-impl.js:350:25)
      at invokeEventListeners 
(node_modules/jsdom/lib/jsdom/living/events/EventTarget-impl.js:286:3)
      at HTMLUnknownElementImpl._dispatch 
(node_modules/jsdom/lib/jsdom/living/events/EventTarget-impl.js:233:9)
      at HTMLUnknownElementImpl.dispatchEvent 
(node_modules/jsdom/lib/jsdom/living/events/EventTarget-impl.js:104:17)
      at HTMLUnknownElement.dispatchEvent 
(node_modules/jsdom/lib/jsdom/living/generated/EventTarget.js:241:34)
      at Object.invokeGuardedCallbackDev 
(node_modules/react-dom/cjs/react-dom.development.js:4213:16)
      at invokeGuardedCallback 
(node_modules/react-dom/cjs/react-dom.development.js:4277:31)
      at invokeGuardedCallbackAndCatchFirstError 
(node_modules/react-dom/cjs/react-dom.development.js:4291:25)
      at executeDispatch 
(node_modules/react-dom/cjs/react-dom.development.js:9041:3)
      at processDispatchQueueItemsInOrder 
(node_modules/react-dom/cjs/react-dom.development.js:9073:7)
      at processDispatchQueue 
(node_modules/react-dom/cjs/react-dom.development.js:9086:5)
      at dispatchEventsForPlugins 
(node_modules/react-dom/cjs/react-dom.development.js:9097:3)
      at node_modules/react-dom/cjs/react-dom.development.js:9288:12
      at batchedUpdates$1 
(node_modules/react-dom/cjs/react-dom.development.js:26179:12)
      at batchedUpdates 
(node_modules/react-dom/cjs/react-dom.development.js:3991:12)
      at dispatchEventForPluginEventSystem 
(node_modules/react-dom/cjs/react-dom.development.js:9287:3)
      at dispatchEventWithEnableCapturePhaseSelectiveHydrationWithoutDiscreteEv
entReplay (node_modules/react-dom/cjs/react-dom.development.js:6465:5)
      at dispatchEvent 
(node_modules/react-dom/cjs/react-dom.development.js:6457:5)
      at dispatchDiscreteEvent 
(node_modules/react-dom/cjs/react-dom.development.js:6430:5)
      at HTMLDivElement.callTheUserObjectsOperation 
(node_modules/jsdom/lib/jsdom/living/generated/EventListener.js:26:30)
      at innerInvokeEventListeners 
(node_modules/jsdom/lib/jsdom/living/events/EventTarget-impl.js:350:25)
      at invokeEventListeners 
(node_modules/jsdom/lib/jsdom/living/events/EventTarget-impl.js:286:3)
      at HTMLInputElementImpl._dispatch 
(node_modules/jsdom/lib/jsdom/living/events/EventTarget-impl.js:233:9)
      at HTMLInputElementImpl.dispatchEvent 
(node_modules/jsdom/lib/jsdom/living/events/EventTarget-impl.js:104:17)
      at HTMLInputElement.dispatchEvent 
(node_modules/jsdom/lib/jsdom/living/generated/EventTarget.js:241:34)
      at 
node_modules/@testing-library/user-event/dist/cjs/event/dispatchEvent.js:45:43
      at Object.eventWrapper 
(node_modules/@testing-library/dom/dist/config.js:25:23)
      at Object.wrapEvent 
(node_modules/@testing-library/user-event/dist/cjs/event/wrapEvent.js:6:28)
      at Object.dispatchEvent (node_modules/@testing-library/user-event/dist/cj
s/event/dispatchEvent.js:45:22)
      at Object.dispatchUIEvent (node_modules/@testing-library/user-event/dist/
cjs/event/dispatchEvent.js:22:26)
      at commitInput 
(node_modules/@testing-library/user-event/dist/cjs/event/input.js:145:14)
      at editInputElement 
(node_modules/@testing-library/user-event/dist/cjs/event/input.js:115:9)
      at Object.input 
(node_modules/@testing-library/user-event/dist/cjs/event/input.js:37:9)
      at node_modules/@testing-library/user-event/dist/cjs/event/behavior/keypr
ess.js:31:26
      at Object.dispatchEvent (node_modules/@testing-library/user-event/dist/cj
s/event/dispatchEvent.js:41:13)
      at Object.dispatchUIEvent (node_modules/@testing-library/user-event/dist/
cjs/event/dispatchEvent.js:22:26)
      at KeyboardHost.keydown 
(node_modules/@testing-library/user-event/dist/cjs/system/keyboard.js:76:22)
      at keyboardAction 
(node_modules/@testing-library/user-event/dist/cjs/keyboard/index.js:22:35)
      at Object.keyboard 
(node_modules/@testing-library/user-event/dist/cjs/keyboard/index.js:11:15)
      at Object.type 
(node_modules/@testing-library/user-event/dist/cjs/utility/type.js:17:5)
      at Object.<anonymous> (src/profile/__tests__/profile.test.tsx:249:5)

    console.error
      Warning: An update to ProfilePage inside a test was not wrapped in 
act(...).
      
      When testing, code that causes React state updates should be wrapped 
into act(...):
      
      act(() => {
        /* fire events that update state */
      });
      /* assert on the output */
      
      This ensures that you're testing the behavior the user would see in the 
browser. Learn more at https://reactjs.org/link/wrap-tests-with-act
          at ProfilePage (C:\Users\samhe\OneDrive\Desktop\Cleaned\frontend\src\
profile\ProfilePage.tsx:17:41)
          at basenameProp (C:\Users\samhe\OneDrive\Desktop\Cleaned\frontend\nod
e_modules\react-router\lib\components.tsx:421:13)
          at basename (C:\Users\samhe\OneDrive\Desktop\Cleaned\frontend\node_mo
dules\react-router\lib\components.tsx:225:3)

      191 |               className="border border-gray-300 rounded-md px-3 
py-2 text-sm"
      192 |               value={confirmPassword}
    > 193 |               onChange={e => setConfirmPassword(e.target.value)}
          |                              ^
      194 |             />
      195 |             {confirmPassword && !passwordsMatch && (
      196 |               <p className="text-sm text-red-600">Passwords do not 
match</p>

      at printWarning 
(node_modules/react-dom/cjs/react-dom.development.js:86:30)
      at error (node_modules/react-dom/cjs/react-dom.development.js:60:7)
      at warnIfUpdatesNotWrappedWithActDEV 
(node_modules/react-dom/cjs/react-dom.development.js:27628:9)
      at scheduleUpdateOnFiber 
(node_modules/react-dom/cjs/react-dom.development.js:25547:5)
      at dispatchSetState 
(node_modules/react-dom/cjs/react-dom.development.js:16708:7)
      at onChange (src/profile/ProfilePage.tsx:193:30)
      at HTMLUnknownElement.callCallback 
(node_modules/react-dom/cjs/react-dom.development.js:4164:14)
      at HTMLUnknownElement.callTheUserObjectsOperation 
(node_modules/jsdom/lib/jsdom/living/generated/EventListener.js:26:30)
      at innerInvokeEventListeners 
(node_modules/jsdom/lib/jsdom/living/events/EventTarget-impl.js:350:25)
      at invokeEventListeners 
(node_modules/jsdom/lib/jsdom/living/events/EventTarget-impl.js:286:3)
      at HTMLUnknownElementImpl._dispatch 
(node_modules/jsdom/lib/jsdom/living/events/EventTarget-impl.js:233:9)
      at HTMLUnknownElementImpl.dispatchEvent 
(node_modules/jsdom/lib/jsdom/living/events/EventTarget-impl.js:104:17)
      at HTMLUnknownElement.dispatchEvent 
(node_modules/jsdom/lib/jsdom/living/generated/EventTarget.js:241:34)
      at Object.invokeGuardedCallbackDev 
(node_modules/react-dom/cjs/react-dom.development.js:4213:16)
      at invokeGuardedCallback 
(node_modules/react-dom/cjs/react-dom.development.js:4277:31)
      at invokeGuardedCallbackAndCatchFirstError 
(node_modules/react-dom/cjs/react-dom.development.js:4291:25)
      at executeDispatch 
(node_modules/react-dom/cjs/react-dom.development.js:9041:3)
      at processDispatchQueueItemsInOrder 
(node_modules/react-dom/cjs/react-dom.development.js:9073:7)
      at processDispatchQueue 
(node_modules/react-dom/cjs/react-dom.development.js:9086:5)
      at dispatchEventsForPlugins 
(node_modules/react-dom/cjs/react-dom.development.js:9097:3)
      at node_modules/react-dom/cjs/react-dom.development.js:9288:12
      at batchedUpdates$1 
(node_modules/react-dom/cjs/react-dom.development.js:26179:12)
      at batchedUpdates 
(node_modules/react-dom/cjs/react-dom.development.js:3991:12)
      at dispatchEventForPluginEventSystem 
(node_modules/react-dom/cjs/react-dom.development.js:9287:3)
      at dispatchEventWithEnableCapturePhaseSelectiveHydrationWithoutDiscreteEv
entReplay (node_modules/react-dom/cjs/react-dom.development.js:6465:5)
      at dispatchEvent 
(node_modules/react-dom/cjs/react-dom.development.js:6457:5)
      at dispatchDiscreteEvent 
(node_modules/react-dom/cjs/react-dom.development.js:6430:5)
      at HTMLDivElement.callTheUserObjectsOperation 
(node_modules/jsdom/lib/jsdom/living/generated/EventListener.js:26:30)
      at innerInvokeEventListeners 
(node_modules/jsdom/lib/jsdom/living/events/EventTarget-impl.js:350:25)
      at invokeEventListeners 
(node_modules/jsdom/lib/jsdom/living/events/EventTarget-impl.js:286:3)
      at HTMLInputElementImpl._dispatch 
(node_modules/jsdom/lib/jsdom/living/events/EventTarget-impl.js:233:9)
      at HTMLInputElementImpl.dispatchEvent 
(node_modules/jsdom/lib/jsdom/living/events/EventTarget-impl.js:104:17)
      at HTMLInputElement.dispatchEvent 
(node_modules/jsdom/lib/jsdom/living/generated/EventTarget.js:241:34)
      at 
node_modules/@testing-library/user-event/dist/cjs/event/dispatchEvent.js:45:43
      at Object.eventWrapper 
(node_modules/@testing-library/dom/dist/config.js:25:23)
      at Object.wrapEvent 
(node_modules/@testing-library/user-event/dist/cjs/event/wrapEvent.js:6:28)
      at Object.dispatchEvent (node_modules/@testing-library/user-event/dist/cj
s/event/dispatchEvent.js:45:22)
      at Object.dispatchUIEvent (node_modules/@testing-library/user-event/dist/
cjs/event/dispatchEvent.js:22:26)
      at commitInput 
(node_modules/@testing-library/user-event/dist/cjs/event/input.js:145:14)
      at editInputElement 
(node_modules/@testing-library/user-event/dist/cjs/event/input.js:115:9)
      at Object.input 
(node_modules/@testing-library/user-event/dist/cjs/event/input.js:37:9)
      at node_modules/@testing-library/user-event/dist/cjs/event/behavior/keypr
ess.js:31:26
      at Object.dispatchEvent (node_modules/@testing-library/user-event/dist/cj
s/event/dispatchEvent.js:41:13)
      at Object.dispatchUIEvent (node_modules/@testing-library/user-event/dist/
cjs/event/dispatchEvent.js:22:26)
      at KeyboardHost.keydown 
(node_modules/@testing-library/user-event/dist/cjs/system/keyboard.js:76:22)
      at keyboardAction 
(node_modules/@testing-library/user-event/dist/cjs/keyboard/index.js:22:35)
      at Object.keyboard 
(node_modules/@testing-library/user-event/dist/cjs/keyboard/index.js:11:15)
      at Object.type 
(node_modules/@testing-library/user-event/dist/cjs/utility/type.js:17:5)
      at Object.<anonymous> (src/profile/__tests__/profile.test.tsx:250:5)

    console.error
      Warning: An update to ProfilePage inside a test was not wrapped in 
act(...).
      
      When testing, code that causes React state updates should be wrapped 
into act(...):
      
      act(() => {
        /* fire events that update state */
      });
      /* assert on the output */
      
      This ensures that you're testing the behavior the user would see in the 
browser. Learn more at https://reactjs.org/link/wrap-tests-with-act
          at ProfilePage (C:\Users\samhe\OneDrive\Desktop\Cleaned\frontend\src\
profile\ProfilePage.tsx:17:41)
          at basenameProp (C:\Users\samhe\OneDrive\Desktop\Cleaned\frontend\nod
e_modules\react-router\lib\components.tsx:421:13)
          at basename (C:\Users\samhe\OneDrive\Desktop\Cleaned\frontend\node_mo
dules\react-router\lib\components.tsx:225:3)

      191 |               className="border border-gray-300 rounded-md px-3 
py-2 text-sm"
      192 |               value={confirmPassword}
    > 193 |               onChange={e => setConfirmPassword(e.target.value)}
          |                              ^
      194 |             />
      195 |             {confirmPassword && !passwordsMatch && (
      196 |               <p className="text-sm text-red-600">Passwords do not 
match</p>

      at printWarning 
(node_modules/react-dom/cjs/react-dom.development.js:86:30)
      at error (node_modules/react-dom/cjs/react-dom.development.js:60:7)
      at warnIfUpdatesNotWrappedWithActDEV 
(node_modules/react-dom/cjs/react-dom.development.js:27628:9)
      at scheduleUpdateOnFiber 
(node_modules/react-dom/cjs/react-dom.development.js:25547:5)
      at dispatchSetState 
(node_modules/react-dom/cjs/react-dom.development.js:16708:7)
      at onChange (src/profile/ProfilePage.tsx:193:30)
      at HTMLUnknownElement.callCallback 
(node_modules/react-dom/cjs/react-dom.development.js:4164:14)
      at HTMLUnknownElement.callTheUserObjectsOperation 
(node_modules/jsdom/lib/jsdom/living/generated/EventListener.js:26:30)
      at innerInvokeEventListeners 
(node_modules/jsdom/lib/jsdom/living/events/EventTarget-impl.js:350:25)
      at invokeEventListeners 
(node_modules/jsdom/lib/jsdom/living/events/EventTarget-impl.js:286:3)
      at HTMLUnknownElementImpl._dispatch 
(node_modules/jsdom/lib/jsdom/living/events/EventTarget-impl.js:233:9)
      at HTMLUnknownElementImpl.dispatchEvent 
(node_modules/jsdom/lib/jsdom/living/events/EventTarget-impl.js:104:17)
      at HTMLUnknownElement.dispatchEvent 
(node_modules/jsdom/lib/jsdom/living/generated/EventTarget.js:241:34)
      at Object.invokeGuardedCallbackDev 
(node_modules/react-dom/cjs/react-dom.development.js:4213:16)
      at invokeGuardedCallback 
(node_modules/react-dom/cjs/react-dom.development.js:4277:31)
      at invokeGuardedCallbackAndCatchFirstError 
(node_modules/react-dom/cjs/react-dom.development.js:4291:25)
      at executeDispatch 
(node_modules/react-dom/cjs/react-dom.development.js:9041:3)
      at processDispatchQueueItemsInOrder 
(node_modules/react-dom/cjs/react-dom.development.js:9073:7)
      at processDispatchQueue 
(node_modules/react-dom/cjs/react-dom.development.js:9086:5)
      at dispatchEventsForPlugins 
(node_modules/react-dom/cjs/react-dom.development.js:9097:3)
      at node_modules/react-dom/cjs/react-dom.development.js:9288:12
      at batchedUpdates$1 
(node_modules/react-dom/cjs/react-dom.development.js:26179:12)
      at batchedUpdates 
(node_modules/react-dom/cjs/react-dom.development.js:3991:12)
      at dispatchEventForPluginEventSystem 
(node_modules/react-dom/cjs/react-dom.development.js:9287:3)
      at dispatchEventWithEnableCapturePhaseSelectiveHydrationWithoutDiscreteEv
entReplay (node_modules/react-dom/cjs/react-dom.development.js:6465:5)
      at dispatchEvent 
(node_modules/react-dom/cjs/react-dom.development.js:6457:5)
      at dispatchDiscreteEvent 
(node_modules/react-dom/cjs/react-dom.development.js:6430:5)
      at HTMLDivElement.callTheUserObjectsOperation 
(node_modules/jsdom/lib/jsdom/living/generated/EventListener.js:26:30)
      at innerInvokeEventListeners 
(node_modules/jsdom/lib/jsdom/living/events/EventTarget-impl.js:350:25)
      at invokeEventListeners 
(node_modules/jsdom/lib/jsdom/living/events/EventTarget-impl.js:286:3)
      at HTMLInputElementImpl._dispatch 
(node_modules/jsdom/lib/jsdom/living/events/EventTarget-impl.js:233:9)
      at HTMLInputElementImpl.dispatchEvent 
(node_modules/jsdom/lib/jsdom/living/events/EventTarget-impl.js:104:17)
      at HTMLInputElement.dispatchEvent 
(node_modules/jsdom/lib/jsdom/living/generated/EventTarget.js:241:34)
      at 
node_modules/@testing-library/user-event/dist/cjs/event/dispatchEvent.js:45:43
      at Object.eventWrapper 
(node_modules/@testing-library/dom/dist/config.js:25:23)
      at Object.wrapEvent 
(node_modules/@testing-library/user-event/dist/cjs/event/wrapEvent.js:6:28)
      at Object.dispatchEvent (node_modules/@testing-library/user-event/dist/cj
s/event/dispatchEvent.js:45:22)
      at Object.dispatchUIEvent (node_modules/@testing-library/user-event/dist/
cjs/event/dispatchEvent.js:22:26)
      at commitInput 
(node_modules/@testing-library/user-event/dist/cjs/event/input.js:145:14)
      at editInputElement 
(node_modules/@testing-library/user-event/dist/cjs/event/input.js:115:9)
      at Object.input 
(node_modules/@testing-library/user-event/dist/cjs/event/input.js:37:9)
      at node_modules/@testing-library/user-event/dist/cjs/event/behavior/keypr
ess.js:31:26
      at Object.dispatchEvent (node_modules/@testing-library/user-event/dist/cj
s/event/dispatchEvent.js:41:13)
      at Object.dispatchUIEvent (node_modules/@testing-library/user-event/dist/
cjs/event/dispatchEvent.js:22:26)
      at KeyboardHost.keydown 
(node_modules/@testing-library/user-event/dist/cjs/system/keyboard.js:76:22)
      at keyboardAction 
(node_modules/@testing-library/user-event/dist/cjs/keyboard/index.js:22:35)
      at Object.keyboard 
(node_modules/@testing-library/user-event/dist/cjs/keyboard/index.js:11:15)
      at Object.type 
(node_modules/@testing-library/user-event/dist/cjs/utility/type.js:17:5)
      at Object.<anonymous> (src/profile/__tests__/profile.test.tsx:250:5)

    console.error
      Warning: An update to ProfilePage inside a test was not wrapped in 
act(...).
      
      When testing, code that causes React state updates should be wrapped 
into act(...):
      
      act(() => {
        /* fire events that update state */
      });
      /* assert on the output */
      
      This ensures that you're testing the behavior the user would see in the 
browser. Learn more at https://reactjs.org/link/wrap-tests-with-act
          at ProfilePage (C:\Users\samhe\OneDrive\Desktop\Cleaned\frontend\src\
profile\ProfilePage.tsx:17:41)
          at basenameProp (C:\Users\samhe\OneDrive\Desktop\Cleaned\frontend\nod
e_modules\react-router\lib\components.tsx:421:13)
          at basename (C:\Users\samhe\OneDrive\Desktop\Cleaned\frontend\node_mo
dules\react-router\lib\components.tsx:225:3)

      191 |               className="border border-gray-300 rounded-md px-3 
py-2 text-sm"
      192 |               value={confirmPassword}
    > 193 |               onChange={e => setConfirmPassword(e.target.value)}
          |                              ^
      194 |             />
      195 |             {confirmPassword && !passwordsMatch && (
      196 |               <p className="text-sm text-red-600">Passwords do not 
match</p>

      at printWarning 
(node_modules/react-dom/cjs/react-dom.development.js:86:30)
      at error (node_modules/react-dom/cjs/react-dom.development.js:60:7)
      at warnIfUpdatesNotWrappedWithActDEV 
(node_modules/react-dom/cjs/react-dom.development.js:27628:9)
      at scheduleUpdateOnFiber 
(node_modules/react-dom/cjs/react-dom.development.js:25547:5)
      at dispatchSetState 
(node_modules/react-dom/cjs/react-dom.development.js:16708:7)
      at onChange (src/profile/ProfilePage.tsx:193:30)
      at HTMLUnknownElement.callCallback 
(node_modules/react-dom/cjs/react-dom.development.js:4164:14)
      at HTMLUnknownElement.callTheUserObjectsOperation 
(node_modules/jsdom/lib/jsdom/living/generated/EventListener.js:26:30)
      at innerInvokeEventListeners 
(node_modules/jsdom/lib/jsdom/living/events/EventTarget-impl.js:350:25)
      at invokeEventListeners 
(node_modules/jsdom/lib/jsdom/living/events/EventTarget-impl.js:286:3)
      at HTMLUnknownElementImpl._dispatch 
(node_modules/jsdom/lib/jsdom/living/events/EventTarget-impl.js:233:9)
      at HTMLUnknownElementImpl.dispatchEvent 
(node_modules/jsdom/lib/jsdom/living/events/EventTarget-impl.js:104:17)
      at HTMLUnknownElement.dispatchEvent 
(node_modules/jsdom/lib/jsdom/living/generated/EventTarget.js:241:34)
      at Object.invokeGuardedCallbackDev 
(node_modules/react-dom/cjs/react-dom.development.js:4213:16)
      at invokeGuardedCallback 
(node_modules/react-dom/cjs/react-dom.development.js:4277:31)
      at invokeGuardedCallbackAndCatchFirstError 
(node_modules/react-dom/cjs/react-dom.development.js:4291:25)
      at executeDispatch 
(node_modules/react-dom/cjs/react-dom.development.js:9041:3)
      at processDispatchQueueItemsInOrder 
(node_modules/react-dom/cjs/react-dom.development.js:9073:7)
      at processDispatchQueue 
(node_modules/react-dom/cjs/react-dom.development.js:9086:5)
      at dispatchEventsForPlugins 
(node_modules/react-dom/cjs/react-dom.development.js:9097:3)
      at node_modules/react-dom/cjs/react-dom.development.js:9288:12
      at batchedUpdates$1 
(node_modules/react-dom/cjs/react-dom.development.js:26179:12)
      at batchedUpdates 
(node_modules/react-dom/cjs/react-dom.development.js:3991:12)
      at dispatchEventForPluginEventSystem 
(node_modules/react-dom/cjs/react-dom.development.js:9287:3)
      at dispatchEventWithEnableCapturePhaseSelectiveHydrationWithoutDiscreteEv
entReplay (node_modules/react-dom/cjs/react-dom.development.js:6465:5)
      at dispatchEvent 
(node_modules/react-dom/cjs/react-dom.development.js:6457:5)
      at dispatchDiscreteEvent 
(node_modules/react-dom/cjs/react-dom.development.js:6430:5)
      at HTMLDivElement.callTheUserObjectsOperation 
(node_modules/jsdom/lib/jsdom/living/generated/EventListener.js:26:30)
      at innerInvokeEventListeners 
(node_modules/jsdom/lib/jsdom/living/events/EventTarget-impl.js:350:25)
      at invokeEventListeners 
(node_modules/jsdom/lib/jsdom/living/events/EventTarget-impl.js:286:3)
      at HTMLInputElementImpl._dispatch 
(node_modules/jsdom/lib/jsdom/living/events/EventTarget-impl.js:233:9)
      at HTMLInputElementImpl.dispatchEvent 
(node_modules/jsdom/lib/jsdom/living/events/EventTarget-impl.js:104:17)
      at HTMLInputElement.dispatchEvent 
(node_modules/jsdom/lib/jsdom/living/generated/EventTarget.js:241:34)
      at 
node_modules/@testing-library/user-event/dist/cjs/event/dispatchEvent.js:45:43
      at Object.eventWrapper 
(node_modules/@testing-library/dom/dist/config.js:25:23)
      at Object.wrapEvent 
(node_modules/@testing-library/user-event/dist/cjs/event/wrapEvent.js:6:28)
      at Object.dispatchEvent (node_modules/@testing-library/user-event/dist/cj
s/event/dispatchEvent.js:45:22)
      at Object.dispatchUIEvent (node_modules/@testing-library/user-event/dist/
cjs/event/dispatchEvent.js:22:26)
      at commitInput 
(node_modules/@testing-library/user-event/dist/cjs/event/input.js:145:14)
      at editInputElement 
(node_modules/@testing-library/user-event/dist/cjs/event/input.js:115:9)
      at Object.input 
(node_modules/@testing-library/user-event/dist/cjs/event/input.js:37:9)
      at node_modules/@testing-library/user-event/dist/cjs/event/behavior/keypr
ess.js:31:26
      at Object.dispatchEvent (node_modules/@testing-library/user-event/dist/cj
s/event/dispatchEvent.js:41:13)
      at Object.dispatchUIEvent (node_modules/@testing-library/user-event/dist/
cjs/event/dispatchEvent.js:22:26)
      at KeyboardHost.keydown 
(node_modules/@testing-library/user-event/dist/cjs/system/keyboard.js:76:22)
      at keyboardAction 
(node_modules/@testing-library/user-event/dist/cjs/keyboard/index.js:22:35)
      at Object.keyboard 
(node_modules/@testing-library/user-event/dist/cjs/keyboard/index.js:11:15)
      at Object.type 
(node_modules/@testing-library/user-event/dist/cjs/utility/type.js:17:5)
      at Object.<anonymous> (src/profile/__tests__/profile.test.tsx:250:5)

    console.error
      Warning: An update to ProfilePage inside a test was not wrapped in 
act(...).
      
      When testing, code that causes React state updates should be wrapped 
into act(...):
      
      act(() => {
        /* fire events that update state */
      });
      /* assert on the output */
      
      This ensures that you're testing the behavior the user would see in the 
browser. Learn more at https://reactjs.org/link/wrap-tests-with-act
          at ProfilePage (C:\Users\samhe\OneDrive\Desktop\Cleaned\frontend\src\
profile\ProfilePage.tsx:17:41)
          at basenameProp (C:\Users\samhe\OneDrive\Desktop\Cleaned\frontend\nod
e_modules\react-router\lib\components.tsx:421:13)
          at basename (C:\Users\samhe\OneDrive\Desktop\Cleaned\frontend\node_mo
dules\react-router\lib\components.tsx:225:3)

      191 |               className="border border-gray-300 rounded-md px-3 
py-2 text-sm"
      192 |               value={confirmPassword}
    > 193 |               onChange={e => setConfirmPassword(e.target.value)}
          |                              ^
      194 |             />
      195 |             {confirmPassword && !passwordsMatch && (
      196 |               <p className="text-sm text-red-600">Passwords do not 
match</p>

      at printWarning 
(node_modules/react-dom/cjs/react-dom.development.js:86:30)
      at error (node_modules/react-dom/cjs/react-dom.development.js:60:7)
      at warnIfUpdatesNotWrappedWithActDEV 
(node_modules/react-dom/cjs/react-dom.development.js:27628:9)
      at scheduleUpdateOnFiber 
(node_modules/react-dom/cjs/react-dom.development.js:25547:5)
      at dispatchSetState 
(node_modules/react-dom/cjs/react-dom.development.js:16708:7)
      at onChange (src/profile/ProfilePage.tsx:193:30)
      at HTMLUnknownElement.callCallback 
(node_modules/react-dom/cjs/react-dom.development.js:4164:14)
      at HTMLUnknownElement.callTheUserObjectsOperation 
(node_modules/jsdom/lib/jsdom/living/generated/EventListener.js:26:30)
      at innerInvokeEventListeners 
(node_modules/jsdom/lib/jsdom/living/events/EventTarget-impl.js:350:25)
      at invokeEventListeners 
(node_modules/jsdom/lib/jsdom/living/events/EventTarget-impl.js:286:3)
      at HTMLUnknownElementImpl._dispatch 
(node_modules/jsdom/lib/jsdom/living/events/EventTarget-impl.js:233:9)
      at HTMLUnknownElementImpl.dispatchEvent 
(node_modules/jsdom/lib/jsdom/living/events/EventTarget-impl.js:104:17)
      at HTMLUnknownElement.dispatchEvent 
(node_modules/jsdom/lib/jsdom/living/generated/EventTarget.js:241:34)
      at Object.invokeGuardedCallbackDev 
(node_modules/react-dom/cjs/react-dom.development.js:4213:16)
      at invokeGuardedCallback 
(node_modules/react-dom/cjs/react-dom.development.js:4277:31)
      at invokeGuardedCallbackAndCatchFirstError 
(node_modules/react-dom/cjs/react-dom.development.js:4291:25)
      at executeDispatch 
(node_modules/react-dom/cjs/react-dom.development.js:9041:3)
      at processDispatchQueueItemsInOrder 
(node_modules/react-dom/cjs/react-dom.development.js:9073:7)
      at processDispatchQueue 
(node_modules/react-dom/cjs/react-dom.development.js:9086:5)
      at dispatchEventsForPlugins 
(node_modules/react-dom/cjs/react-dom.development.js:9097:3)
      at node_modules/react-dom/cjs/react-dom.development.js:9288:12
      at batchedUpdates$1 
(node_modules/react-dom/cjs/react-dom.development.js:26179:12)
      at batchedUpdates 
(node_modules/react-dom/cjs/react-dom.development.js:3991:12)
      at dispatchEventForPluginEventSystem 
(node_modules/react-dom/cjs/react-dom.development.js:9287:3)
      at dispatchEventWithEnableCapturePhaseSelectiveHydrationWithoutDiscreteEv
entReplay (node_modules/react-dom/cjs/react-dom.development.js:6465:5)
      at dispatchEvent 
(node_modules/react-dom/cjs/react-dom.development.js:6457:5)
      at dispatchDiscreteEvent 
(node_modules/react-dom/cjs/react-dom.development.js:6430:5)
      at HTMLDivElement.callTheUserObjectsOperation 
(node_modules/jsdom/lib/jsdom/living/generated/EventListener.js:26:30)
      at innerInvokeEventListeners 
(node_modules/jsdom/lib/jsdom/living/events/EventTarget-impl.js:350:25)
      at invokeEventListeners 
(node_modules/jsdom/lib/jsdom/living/events/EventTarget-impl.js:286:3)
      at HTMLInputElementImpl._dispatch 
(node_modules/jsdom/lib/jsdom/living/events/EventTarget-impl.js:233:9)
      at HTMLInputElementImpl.dispatchEvent 
(node_modules/jsdom/lib/jsdom/living/events/EventTarget-impl.js:104:17)
      at HTMLInputElement.dispatchEvent 
(node_modules/jsdom/lib/jsdom/living/generated/EventTarget.js:241:34)
      at 
node_modules/@testing-library/user-event/dist/cjs/event/dispatchEvent.js:45:43
      at Object.eventWrapper 
(node_modules/@testing-library/dom/dist/config.js:25:23)
      at Object.wrapEvent 
(node_modules/@testing-library/user-event/dist/cjs/event/wrapEvent.js:6:28)
      at Object.dispatchEvent (node_modules/@testing-library/user-event/dist/cj
s/event/dispatchEvent.js:45:22)
      at Object.dispatchUIEvent (node_modules/@testing-library/user-event/dist/
cjs/event/dispatchEvent.js:22:26)
      at commitInput 
(node_modules/@testing-library/user-event/dist/cjs/event/input.js:145:14)
      at editInputElement 
(node_modules/@testing-library/user-event/dist/cjs/event/input.js:115:9)
      at Object.input 
(node_modules/@testing-library/user-event/dist/cjs/event/input.js:37:9)
      at node_modules/@testing-library/user-event/dist/cjs/event/behavior/keypr
ess.js:31:26
      at Object.dispatchEvent (node_modules/@testing-library/user-event/dist/cj
s/event/dispatchEvent.js:41:13)
      at Object.dispatchUIEvent (node_modules/@testing-library/user-event/dist/
cjs/event/dispatchEvent.js:22:26)
      at KeyboardHost.keydown 
(node_modules/@testing-library/user-event/dist/cjs/system/keyboard.js:76:22)
      at keyboardAction 
(node_modules/@testing-library/user-event/dist/cjs/keyboard/index.js:22:35)
      at Object.keyboard 
(node_modules/@testing-library/user-event/dist/cjs/keyboard/index.js:11:15)
      at Object.type 
(node_modules/@testing-library/user-event/dist/cjs/utility/type.js:17:5)
      at Object.<anonymous> (src/profile/__tests__/profile.test.tsx:250:5)

    console.error
      Warning: An update to ProfilePage inside a test was not wrapped in 
act(...).
      
      When testing, code that causes React state updates should be wrapped 
into act(...):
      
      act(() => {
        /* fire events that update state */
      });
      /* assert on the output */
      
      This ensures that you're testing the behavior the user would see in the 
browser. Learn more at https://reactjs.org/link/wrap-tests-with-act
          at ProfilePage (C:\Users\samhe\OneDrive\Desktop\Cleaned\frontend\src\
profile\ProfilePage.tsx:17:41)
          at basenameProp (C:\Users\samhe\OneDrive\Desktop\Cleaned\frontend\nod
e_modules\react-router\lib\components.tsx:421:13)
          at basename (C:\Users\samhe\OneDrive\Desktop\Cleaned\frontend\node_mo
dules\react-router\lib\components.tsx:225:3)

      191 |               className="border border-gray-300 rounded-md px-3 
py-2 text-sm"
      192 |               value={confirmPassword}
    > 193 |               onChange={e => setConfirmPassword(e.target.value)}
          |                              ^
      194 |             />
      195 |             {confirmPassword && !passwordsMatch && (
      196 |               <p className="text-sm text-red-600">Passwords do not 
match</p>

      at printWarning 
(node_modules/react-dom/cjs/react-dom.development.js:86:30)
      at error (node_modules/react-dom/cjs/react-dom.development.js:60:7)
      at warnIfUpdatesNotWrappedWithActDEV 
(node_modules/react-dom/cjs/react-dom.development.js:27628:9)
      at scheduleUpdateOnFiber 
(node_modules/react-dom/cjs/react-dom.development.js:25547:5)
      at dispatchSetState 
(node_modules/react-dom/cjs/react-dom.development.js:16708:7)
      at onChange (src/profile/ProfilePage.tsx:193:30)
      at HTMLUnknownElement.callCallback 
(node_modules/react-dom/cjs/react-dom.development.js:4164:14)
      at HTMLUnknownElement.callTheUserObjectsOperation 
(node_modules/jsdom/lib/jsdom/living/generated/EventListener.js:26:30)
      at innerInvokeEventListeners 
(node_modules/jsdom/lib/jsdom/living/events/EventTarget-impl.js:350:25)
      at invokeEventListeners 
(node_modules/jsdom/lib/jsdom/living/events/EventTarget-impl.js:286:3)
      at HTMLUnknownElementImpl._dispatch 
(node_modules/jsdom/lib/jsdom/living/events/EventTarget-impl.js:233:9)
      at HTMLUnknownElementImpl.dispatchEvent 
(node_modules/jsdom/lib/jsdom/living/events/EventTarget-impl.js:104:17)
      at HTMLUnknownElement.dispatchEvent 
(node_modules/jsdom/lib/jsdom/living/generated/EventTarget.js:241:34)
      at Object.invokeGuardedCallbackDev 
(node_modules/react-dom/cjs/react-dom.development.js:4213:16)
      at invokeGuardedCallback 
(node_modules/react-dom/cjs/react-dom.development.js:4277:31)
      at invokeGuardedCallbackAndCatchFirstError 
(node_modules/react-dom/cjs/react-dom.development.js:4291:25)
      at executeDispatch 
(node_modules/react-dom/cjs/react-dom.development.js:9041:3)
      at processDispatchQueueItemsInOrder 
(node_modules/react-dom/cjs/react-dom.development.js:9073:7)
      at processDispatchQueue 
(node_modules/react-dom/cjs/react-dom.development.js:9086:5)
      at dispatchEventsForPlugins 
(node_modules/react-dom/cjs/react-dom.development.js:9097:3)
      at node_modules/react-dom/cjs/react-dom.development.js:9288:12
      at batchedUpdates$1 
(node_modules/react-dom/cjs/react-dom.development.js:26179:12)
      at batchedUpdates 
(node_modules/react-dom/cjs/react-dom.development.js:3991:12)
      at dispatchEventForPluginEventSystem 
(node_modules/react-dom/cjs/react-dom.development.js:9287:3)
      at dispatchEventWithEnableCapturePhaseSelectiveHydrationWithoutDiscreteEv
entReplay (node_modules/react-dom/cjs/react-dom.development.js:6465:5)
      at dispatchEvent 
(node_modules/react-dom/cjs/react-dom.development.js:6457:5)
      at dispatchDiscreteEvent 
(node_modules/react-dom/cjs/react-dom.development.js:6430:5)
      at HTMLDivElement.callTheUserObjectsOperation 
(node_modules/jsdom/lib/jsdom/living/generated/EventListener.js:26:30)
      at innerInvokeEventListeners 
(node_modules/jsdom/lib/jsdom/living/events/EventTarget-impl.js:350:25)
      at invokeEventListeners 
(node_modules/jsdom/lib/jsdom/living/events/EventTarget-impl.js:286:3)
      at HTMLInputElementImpl._dispatch 
(node_modules/jsdom/lib/jsdom/living/events/EventTarget-impl.js:233:9)
      at HTMLInputElementImpl.dispatchEvent 
(node_modules/jsdom/lib/jsdom/living/events/EventTarget-impl.js:104:17)
      at HTMLInputElement.dispatchEvent 
(node_modules/jsdom/lib/jsdom/living/generated/EventTarget.js:241:34)
      at 
node_modules/@testing-library/user-event/dist/cjs/event/dispatchEvent.js:45:43
      at Object.eventWrapper 
(node_modules/@testing-library/dom/dist/config.js:25:23)
      at Object.wrapEvent 
(node_modules/@testing-library/user-event/dist/cjs/event/wrapEvent.js:6:28)
      at Object.dispatchEvent (node_modules/@testing-library/user-event/dist/cj
s/event/dispatchEvent.js:45:22)
      at Object.dispatchUIEvent (node_modules/@testing-library/user-event/dist/
cjs/event/dispatchEvent.js:22:26)
      at commitInput 
(node_modules/@testing-library/user-event/dist/cjs/event/input.js:145:14)
      at editInputElement 
(node_modules/@testing-library/user-event/dist/cjs/event/input.js:115:9)
      at Object.input 
(node_modules/@testing-library/user-event/dist/cjs/event/input.js:37:9)
      at node_modules/@testing-library/user-event/dist/cjs/event/behavior/keypr
ess.js:31:26
      at Object.dispatchEvent (node_modules/@testing-library/user-event/dist/cj
s/event/dispatchEvent.js:41:13)
      at Object.dispatchUIEvent (node_modules/@testing-library/user-event/dist/
cjs/event/dispatchEvent.js:22:26)
      at KeyboardHost.keydown 
(node_modules/@testing-library/user-event/dist/cjs/system/keyboard.js:76:22)
      at keyboardAction 
(node_modules/@testing-library/user-event/dist/cjs/keyboard/index.js:22:35)
      at Object.keyboard 
(node_modules/@testing-library/user-event/dist/cjs/keyboard/index.js:11:15)
      at Object.type 
(node_modules/@testing-library/user-event/dist/cjs/utility/type.js:17:5)
      at Object.<anonymous> (src/profile/__tests__/profile.test.tsx:250:5)

    console.error
      Warning: An update to ProfilePage inside a test was not wrapped in 
act(...).
      
      When testing, code that causes React state updates should be wrapped 
into act(...):
      
      act(() => {
        /* fire events that update state */
      });
      /* assert on the output */
      
      This ensures that you're testing the behavior the user would see in the 
browser. Learn more at https://reactjs.org/link/wrap-tests-with-act
          at ProfilePage (C:\Users\samhe\OneDrive\Desktop\Cleaned\frontend\src\
profile\ProfilePage.tsx:17:41)
          at basenameProp (C:\Users\samhe\OneDrive\Desktop\Cleaned\frontend\nod
e_modules\react-router\lib\components.tsx:421:13)
          at basename (C:\Users\samhe\OneDrive\Desktop\Cleaned\frontend\node_mo
dules\react-router\lib\components.tsx:225:3)

      191 |               className="border border-gray-300 rounded-md px-3 
py-2 text-sm"
      192 |               value={confirmPassword}
    > 193 |               onChange={e => setConfirmPassword(e.target.value)}
          |                              ^
      194 |             />
      195 |             {confirmPassword && !passwordsMatch && (
      196 |               <p className="text-sm text-red-600">Passwords do not 
match</p>

      at printWarning 
(node_modules/react-dom/cjs/react-dom.development.js:86:30)
      at error (node_modules/react-dom/cjs/react-dom.development.js:60:7)
      at warnIfUpdatesNotWrappedWithActDEV 
(node_modules/react-dom/cjs/react-dom.development.js:27628:9)
      at scheduleUpdateOnFiber 
(node_modules/react-dom/cjs/react-dom.development.js:25547:5)
      at dispatchSetState 
(node_modules/react-dom/cjs/react-dom.development.js:16708:7)
      at onChange (src/profile/ProfilePage.tsx:193:30)
      at HTMLUnknownElement.callCallback 
(node_modules/react-dom/cjs/react-dom.development.js:4164:14)
      at HTMLUnknownElement.callTheUserObjectsOperation 
(node_modules/jsdom/lib/jsdom/living/generated/EventListener.js:26:30)
      at innerInvokeEventListeners 
(node_modules/jsdom/lib/jsdom/living/events/EventTarget-impl.js:350:25)
      at invokeEventListeners 
(node_modules/jsdom/lib/jsdom/living/events/EventTarget-impl.js:286:3)
      at HTMLUnknownElementImpl._dispatch 
(node_modules/jsdom/lib/jsdom/living/events/EventTarget-impl.js:233:9)
      at HTMLUnknownElementImpl.dispatchEvent 
(node_modules/jsdom/lib/jsdom/living/events/EventTarget-impl.js:104:17)
      at HTMLUnknownElement.dispatchEvent 
(node_modules/jsdom/lib/jsdom/living/generated/EventTarget.js:241:34)
      at Object.invokeGuardedCallbackDev 
(node_modules/react-dom/cjs/react-dom.development.js:4213:16)
      at invokeGuardedCallback 
(node_modules/react-dom/cjs/react-dom.development.js:4277:31)
      at invokeGuardedCallbackAndCatchFirstError 
(node_modules/react-dom/cjs/react-dom.development.js:4291:25)
      at executeDispatch 
(node_modules/react-dom/cjs/react-dom.development.js:9041:3)
      at processDispatchQueueItemsInOrder 
(node_modules/react-dom/cjs/react-dom.development.js:9073:7)
      at processDispatchQueue 
(node_modules/react-dom/cjs/react-dom.development.js:9086:5)
      at dispatchEventsForPlugins 
(node_modules/react-dom/cjs/react-dom.development.js:9097:3)
      at node_modules/react-dom/cjs/react-dom.development.js:9288:12
      at batchedUpdates$1 
(node_modules/react-dom/cjs/react-dom.development.js:26179:12)
      at batchedUpdates 
(node_modules/react-dom/cjs/react-dom.development.js:3991:12)
      at dispatchEventForPluginEventSystem 
(node_modules/react-dom/cjs/react-dom.development.js:9287:3)
      at dispatchEventWithEnableCapturePhaseSelectiveHydrationWithoutDiscreteEv
entReplay (node_modules/react-dom/cjs/react-dom.development.js:6465:5)
      at dispatchEvent 
(node_modules/react-dom/cjs/react-dom.development.js:6457:5)
      at dispatchDiscreteEvent 
(node_modules/react-dom/cjs/react-dom.development.js:6430:5)
      at HTMLDivElement.callTheUserObjectsOperation 
(node_modules/jsdom/lib/jsdom/living/generated/EventListener.js:26:30)
      at innerInvokeEventListeners 
(node_modules/jsdom/lib/jsdom/living/events/EventTarget-impl.js:350:25)
      at invokeEventListeners 
(node_modules/jsdom/lib/jsdom/living/events/EventTarget-impl.js:286:3)
      at HTMLInputElementImpl._dispatch 
(node_modules/jsdom/lib/jsdom/living/events/EventTarget-impl.js:233:9)
      at HTMLInputElementImpl.dispatchEvent 
(node_modules/jsdom/lib/jsdom/living/events/EventTarget-impl.js:104:17)
      at HTMLInputElement.dispatchEvent 
(node_modules/jsdom/lib/jsdom/living/generated/EventTarget.js:241:34)
      at 
node_modules/@testing-library/user-event/dist/cjs/event/dispatchEvent.js:45:43
      at Object.eventWrapper 
(node_modules/@testing-library/dom/dist/config.js:25:23)
      at Object.wrapEvent 
(node_modules/@testing-library/user-event/dist/cjs/event/wrapEvent.js:6:28)
      at Object.dispatchEvent (node_modules/@testing-library/user-event/dist/cj
s/event/dispatchEvent.js:45:22)
      at Object.dispatchUIEvent (node_modules/@testing-library/user-event/dist/
cjs/event/dispatchEvent.js:22:26)
      at commitInput 
(node_modules/@testing-library/user-event/dist/cjs/event/input.js:145:14)
      at editInputElement 
(node_modules/@testing-library/user-event/dist/cjs/event/input.js:115:9)
      at Object.input 
(node_modules/@testing-library/user-event/dist/cjs/event/input.js:37:9)
      at node_modules/@testing-library/user-event/dist/cjs/event/behavior/keypr
ess.js:31:26
      at Object.dispatchEvent (node_modules/@testing-library/user-event/dist/cj
s/event/dispatchEvent.js:41:13)
      at Object.dispatchUIEvent (node_modules/@testing-library/user-event/dist/
cjs/event/dispatchEvent.js:22:26)
      at KeyboardHost.keydown 
(node_modules/@testing-library/user-event/dist/cjs/system/keyboard.js:76:22)
      at keyboardAction 
(node_modules/@testing-library/user-event/dist/cjs/keyboard/index.js:22:35)
      at Object.keyboard 
(node_modules/@testing-library/user-event/dist/cjs/keyboard/index.js:11:15)
      at Object.type 
(node_modules/@testing-library/user-event/dist/cjs/utility/type.js:17:5)
      at Object.<anonymous> (src/profile/__tests__/profile.test.tsx:250:5)

    console.error
      Warning: An update to ProfilePage inside a test was not wrapped in 
act(...).
      
      When testing, code that causes React state updates should be wrapped 
into act(...):
      
      act(() => {
        /* fire events that update state */
      });
      /* assert on the output */
      
      This ensures that you're testing the behavior the user would see in the 
browser. Learn more at https://reactjs.org/link/wrap-tests-with-act
          at ProfilePage (C:\Users\samhe\OneDrive\Desktop\Cleaned\frontend\src\
profile\ProfilePage.tsx:17:41)
          at basenameProp (C:\Users\samhe\OneDrive\Desktop\Cleaned\frontend\nod
e_modules\react-router\lib\components.tsx:421:13)
          at basename (C:\Users\samhe\OneDrive\Desktop\Cleaned\frontend\node_mo
dules\react-router\lib\components.tsx:225:3)

      191 |               className="border border-gray-300 rounded-md px-3 
py-2 text-sm"
      192 |               value={confirmPassword}
    > 193 |               onChange={e => setConfirmPassword(e.target.value)}
          |                              ^
      194 |             />
      195 |             {confirmPassword && !passwordsMatch && (
      196 |               <p className="text-sm text-red-600">Passwords do not 
match</p>

      at printWarning 
(node_modules/react-dom/cjs/react-dom.development.js:86:30)
      at error (node_modules/react-dom/cjs/react-dom.development.js:60:7)
      at warnIfUpdatesNotWrappedWithActDEV 
(node_modules/react-dom/cjs/react-dom.development.js:27628:9)
      at scheduleUpdateOnFiber 
(node_modules/react-dom/cjs/react-dom.development.js:25547:5)
      at dispatchSetState 
(node_modules/react-dom/cjs/react-dom.development.js:16708:7)
      at onChange (src/profile/ProfilePage.tsx:193:30)
      at HTMLUnknownElement.callCallback 
(node_modules/react-dom/cjs/react-dom.development.js:4164:14)
      at HTMLUnknownElement.callTheUserObjectsOperation 
(node_modules/jsdom/lib/jsdom/living/generated/EventListener.js:26:30)
      at innerInvokeEventListeners 
(node_modules/jsdom/lib/jsdom/living/events/EventTarget-impl.js:350:25)
      at invokeEventListeners 
(node_modules/jsdom/lib/jsdom/living/events/EventTarget-impl.js:286:3)
      at HTMLUnknownElementImpl._dispatch 
(node_modules/jsdom/lib/jsdom/living/events/EventTarget-impl.js:233:9)
      at HTMLUnknownElementImpl.dispatchEvent 
(node_modules/jsdom/lib/jsdom/living/events/EventTarget-impl.js:104:17)
      at HTMLUnknownElement.dispatchEvent 
(node_modules/jsdom/lib/jsdom/living/generated/EventTarget.js:241:34)
      at Object.invokeGuardedCallbackDev 
(node_modules/react-dom/cjs/react-dom.development.js:4213:16)
      at invokeGuardedCallback 
(node_modules/react-dom/cjs/react-dom.development.js:4277:31)
      at invokeGuardedCallbackAndCatchFirstError 
(node_modules/react-dom/cjs/react-dom.development.js:4291:25)
      at executeDispatch 
(node_modules/react-dom/cjs/react-dom.development.js:9041:3)
      at processDispatchQueueItemsInOrder 
(node_modules/react-dom/cjs/react-dom.development.js:9073:7)
      at processDispatchQueue 
(node_modules/react-dom/cjs/react-dom.development.js:9086:5)
      at dispatchEventsForPlugins 
(node_modules/react-dom/cjs/react-dom.development.js:9097:3)
      at node_modules/react-dom/cjs/react-dom.development.js:9288:12
      at batchedUpdates$1 
(node_modules/react-dom/cjs/react-dom.development.js:26179:12)
      at batchedUpdates 
(node_modules/react-dom/cjs/react-dom.development.js:3991:12)
      at dispatchEventForPluginEventSystem 
(node_modules/react-dom/cjs/react-dom.development.js:9287:3)
      at dispatchEventWithEnableCapturePhaseSelectiveHydrationWithoutDiscreteEv
entReplay (node_modules/react-dom/cjs/react-dom.development.js:6465:5)
      at dispatchEvent 
(node_modules/react-dom/cjs/react-dom.development.js:6457:5)
      at dispatchDiscreteEvent 
(node_modules/react-dom/cjs/react-dom.development.js:6430:5)
      at HTMLDivElement.callTheUserObjectsOperation 
(node_modules/jsdom/lib/jsdom/living/generated/EventListener.js:26:30)
      at innerInvokeEventListeners 
(node_modules/jsdom/lib/jsdom/living/events/EventTarget-impl.js:350:25)
      at invokeEventListeners 
(node_modules/jsdom/lib/jsdom/living/events/EventTarget-impl.js:286:3)
      at HTMLInputElementImpl._dispatch 
(node_modules/jsdom/lib/jsdom/living/events/EventTarget-impl.js:233:9)
      at HTMLInputElementImpl.dispatchEvent 
(node_modules/jsdom/lib/jsdom/living/events/EventTarget-impl.js:104:17)
      at HTMLInputElement.dispatchEvent 
(node_modules/jsdom/lib/jsdom/living/generated/EventTarget.js:241:34)
      at 
node_modules/@testing-library/user-event/dist/cjs/event/dispatchEvent.js:45:43
      at Object.eventWrapper 
(node_modules/@testing-library/dom/dist/config.js:25:23)
      at Object.wrapEvent 
(node_modules/@testing-library/user-event/dist/cjs/event/wrapEvent.js:6:28)
      at Object.dispatchEvent (node_modules/@testing-library/user-event/dist/cj
s/event/dispatchEvent.js:45:22)
      at Object.dispatchUIEvent (node_modules/@testing-library/user-event/dist/
cjs/event/dispatchEvent.js:22:26)
      at commitInput 
(node_modules/@testing-library/user-event/dist/cjs/event/input.js:145:14)
      at editInputElement 
(node_modules/@testing-library/user-event/dist/cjs/event/input.js:115:9)
      at Object.input 
(node_modules/@testing-library/user-event/dist/cjs/event/input.js:37:9)
      at node_modules/@testing-library/user-event/dist/cjs/event/behavior/keypr
ess.js:31:26
      at Object.dispatchEvent (node_modules/@testing-library/user-event/dist/cj
s/event/dispatchEvent.js:41:13)
      at Object.dispatchUIEvent (node_modules/@testing-library/user-event/dist/
cjs/event/dispatchEvent.js:22:26)
      at KeyboardHost.keydown 
(node_modules/@testing-library/user-event/dist/cjs/system/keyboard.js:76:22)
      at keyboardAction 
(node_modules/@testing-library/user-event/dist/cjs/keyboard/index.js:22:35)
      at Object.keyboard 
(node_modules/@testing-library/user-event/dist/cjs/keyboard/index.js:11:15)
      at Object.type 
(node_modules/@testing-library/user-event/dist/cjs/utility/type.js:17:5)
      at Object.<anonymous> (src/profile/__tests__/profile.test.tsx:250:5)

    console.error
      Warning: An update to ProfilePage inside a test was not wrapped in 
act(...).
      
      When testing, code that causes React state updates should be wrapped 
into act(...):
      
      act(() => {
        /* fire events that update state */
      });
      /* assert on the output */
      
      This ensures that you're testing the behavior the user would see in the 
browser. Learn more at https://reactjs.org/link/wrap-tests-with-act
          at ProfilePage (C:\Users\samhe\OneDrive\Desktop\Cleaned\frontend\src\
profile\ProfilePage.tsx:17:41)
          at basenameProp (C:\Users\samhe\OneDrive\Desktop\Cleaned\frontend\nod
e_modules\react-router\lib\components.tsx:421:13)
          at basename (C:\Users\samhe\OneDrive\Desktop\Cleaned\frontend\node_mo
dules\react-router\lib\components.tsx:225:3)

      191 |               className="border border-gray-300 rounded-md px-3 
py-2 text-sm"
      192 |               value={confirmPassword}
    > 193 |               onChange={e => setConfirmPassword(e.target.value)}
          |                              ^
      194 |             />
      195 |             {confirmPassword && !passwordsMatch && (
      196 |               <p className="text-sm text-red-600">Passwords do not 
match</p>

      at printWarning 
(node_modules/react-dom/cjs/react-dom.development.js:86:30)
      at error (node_modules/react-dom/cjs/react-dom.development.js:60:7)
      at warnIfUpdatesNotWrappedWithActDEV 
(node_modules/react-dom/cjs/react-dom.development.js:27628:9)
      at scheduleUpdateOnFiber 
(node_modules/react-dom/cjs/react-dom.development.js:25547:5)
      at dispatchSetState 
(node_modules/react-dom/cjs/react-dom.development.js:16708:7)
      at onChange (src/profile/ProfilePage.tsx:193:30)
      at HTMLUnknownElement.callCallback 
(node_modules/react-dom/cjs/react-dom.development.js:4164:14)
      at HTMLUnknownElement.callTheUserObjectsOperation 
(node_modules/jsdom/lib/jsdom/living/generated/EventListener.js:26:30)
      at innerInvokeEventListeners 
(node_modules/jsdom/lib/jsdom/living/events/EventTarget-impl.js:350:25)
      at invokeEventListeners 
(node_modules/jsdom/lib/jsdom/living/events/EventTarget-impl.js:286:3)
      at HTMLUnknownElementImpl._dispatch 
(node_modules/jsdom/lib/jsdom/living/events/EventTarget-impl.js:233:9)
      at HTMLUnknownElementImpl.dispatchEvent 
(node_modules/jsdom/lib/jsdom/living/events/EventTarget-impl.js:104:17)
      at HTMLUnknownElement.dispatchEvent 
(node_modules/jsdom/lib/jsdom/living/generated/EventTarget.js:241:34)
      at Object.invokeGuardedCallbackDev 
(node_modules/react-dom/cjs/react-dom.development.js:4213:16)
      at invokeGuardedCallback 
(node_modules/react-dom/cjs/react-dom.development.js:4277:31)
      at invokeGuardedCallbackAndCatchFirstError 
(node_modules/react-dom/cjs/react-dom.development.js:4291:25)
      at executeDispatch 
(node_modules/react-dom/cjs/react-dom.development.js:9041:3)
      at processDispatchQueueItemsInOrder 
(node_modules/react-dom/cjs/react-dom.development.js:9073:7)
      at processDispatchQueue 
(node_modules/react-dom/cjs/react-dom.development.js:9086:5)
      at dispatchEventsForPlugins 
(node_modules/react-dom/cjs/react-dom.development.js:9097:3)
      at node_modules/react-dom/cjs/react-dom.development.js:9288:12
      at batchedUpdates$1 
(node_modules/react-dom/cjs/react-dom.development.js:26179:12)
      at batchedUpdates 
(node_modules/react-dom/cjs/react-dom.development.js:3991:12)
      at dispatchEventForPluginEventSystem 
(node_modules/react-dom/cjs/react-dom.development.js:9287:3)
      at dispatchEventWithEnableCapturePhaseSelectiveHydrationWithoutDiscreteEv
entReplay (node_modules/react-dom/cjs/react-dom.development.js:6465:5)
      at dispatchEvent 
(node_modules/react-dom/cjs/react-dom.development.js:6457:5)
      at dispatchDiscreteEvent 
(node_modules/react-dom/cjs/react-dom.development.js:6430:5)
      at HTMLDivElement.callTheUserObjectsOperation 
(node_modules/jsdom/lib/jsdom/living/generated/EventListener.js:26:30)
      at innerInvokeEventListeners 
(node_modules/jsdom/lib/jsdom/living/events/EventTarget-impl.js:350:25)
      at invokeEventListeners 
(node_modules/jsdom/lib/jsdom/living/events/EventTarget-impl.js:286:3)
      at HTMLInputElementImpl._dispatch 
(node_modules/jsdom/lib/jsdom/living/events/EventTarget-impl.js:233:9)
      at HTMLInputElementImpl.dispatchEvent 
(node_modules/jsdom/lib/jsdom/living/events/EventTarget-impl.js:104:17)
      at HTMLInputElement.dispatchEvent 
(node_modules/jsdom/lib/jsdom/living/generated/EventTarget.js:241:34)
      at 
node_modules/@testing-library/user-event/dist/cjs/event/dispatchEvent.js:45:43
      at Object.eventWrapper 
(node_modules/@testing-library/dom/dist/config.js:25:23)
      at Object.wrapEvent 
(node_modules/@testing-library/user-event/dist/cjs/event/wrapEvent.js:6:28)
      at Object.dispatchEvent (node_modules/@testing-library/user-event/dist/cj
s/event/dispatchEvent.js:45:22)
      at Object.dispatchUIEvent (node_modules/@testing-library/user-event/dist/
cjs/event/dispatchEvent.js:22:26)
      at commitInput 
(node_modules/@testing-library/user-event/dist/cjs/event/input.js:145:14)
      at editInputElement 
(node_modules/@testing-library/user-event/dist/cjs/event/input.js:115:9)
      at Object.input 
(node_modules/@testing-library/user-event/dist/cjs/event/input.js:37:9)
      at node_modules/@testing-library/user-event/dist/cjs/event/behavior/keypr
ess.js:31:26
      at Object.dispatchEvent (node_modules/@testing-library/user-event/dist/cj
s/event/dispatchEvent.js:41:13)
      at Object.dispatchUIEvent (node_modules/@testing-library/user-event/dist/
cjs/event/dispatchEvent.js:22:26)
      at KeyboardHost.keydown 
(node_modules/@testing-library/user-event/dist/cjs/system/keyboard.js:76:22)
      at keyboardAction 
(node_modules/@testing-library/user-event/dist/cjs/keyboard/index.js:22:35)
      at Object.keyboard 
(node_modules/@testing-library/user-event/dist/cjs/keyboard/index.js:11:15)
      at Object.type 
(node_modules/@testing-library/user-event/dist/cjs/utility/type.js:17:5)
      at Object.<anonymous> (src/profile/__tests__/profile.test.tsx:250:5)

    console.error
      Warning: An update to ProfilePage inside a test was not wrapped in 
act(...).
      
      When testing, code that causes React state updates should be wrapped 
into act(...):
      
      act(() => {
        /* fire events that update state */
      });
      /* assert on the output */
      
      This ensures that you're testing the behavior the user would see in the 
browser. Learn more at https://reactjs.org/link/wrap-tests-with-act
          at ProfilePage (C:\Users\samhe\OneDrive\Desktop\Cleaned\frontend\src\
profile\ProfilePage.tsx:17:41)
          at basenameProp (C:\Users\samhe\OneDrive\Desktop\Cleaned\frontend\nod
e_modules\react-router\lib\components.tsx:421:13)
          at basename (C:\Users\samhe\OneDrive\Desktop\Cleaned\frontend\node_mo
dules\react-router\lib\components.tsx:225:3)

      191 |               className="border border-gray-300 rounded-md px-3 
py-2 text-sm"
      192 |               value={confirmPassword}
    > 193 |               onChange={e => setConfirmPassword(e.target.value)}
          |                              ^
      194 |             />
      195 |             {confirmPassword && !passwordsMatch && (
      196 |               <p className="text-sm text-red-600">Passwords do not 
match</p>

      at printWarning 
(node_modules/react-dom/cjs/react-dom.development.js:86:30)
      at error (node_modules/react-dom/cjs/react-dom.development.js:60:7)
      at warnIfUpdatesNotWrappedWithActDEV 
(node_modules/react-dom/cjs/react-dom.development.js:27628:9)
      at scheduleUpdateOnFiber 
(node_modules/react-dom/cjs/react-dom.development.js:25547:5)
      at dispatchSetState 
(node_modules/react-dom/cjs/react-dom.development.js:16708:7)
      at onChange (src/profile/ProfilePage.tsx:193:30)
      at HTMLUnknownElement.callCallback 
(node_modules/react-dom/cjs/react-dom.development.js:4164:14)
      at HTMLUnknownElement.callTheUserObjectsOperation 
(node_modules/jsdom/lib/jsdom/living/generated/EventListener.js:26:30)
      at innerInvokeEventListeners 
(node_modules/jsdom/lib/jsdom/living/events/EventTarget-impl.js:350:25)
      at invokeEventListeners 
(node_modules/jsdom/lib/jsdom/living/events/EventTarget-impl.js:286:3)
      at HTMLUnknownElementImpl._dispatch 
(node_modules/jsdom/lib/jsdom/living/events/EventTarget-impl.js:233:9)
      at HTMLUnknownElementImpl.dispatchEvent 
(node_modules/jsdom/lib/jsdom/living/events/EventTarget-impl.js:104:17)
      at HTMLUnknownElement.dispatchEvent 
(node_modules/jsdom/lib/jsdom/living/generated/EventTarget.js:241:34)
      at Object.invokeGuardedCallbackDev 
(node_modules/react-dom/cjs/react-dom.development.js:4213:16)
      at invokeGuardedCallback 
(node_modules/react-dom/cjs/react-dom.development.js:4277:31)
      at invokeGuardedCallbackAndCatchFirstError 
(node_modules/react-dom/cjs/react-dom.development.js:4291:25)
      at executeDispatch 
(node_modules/react-dom/cjs/react-dom.development.js:9041:3)
      at processDispatchQueueItemsInOrder 
(node_modules/react-dom/cjs/react-dom.development.js:9073:7)
      at processDispatchQueue 
(node_modules/react-dom/cjs/react-dom.development.js:9086:5)
      at dispatchEventsForPlugins 
(node_modules/react-dom/cjs/react-dom.development.js:9097:3)
      at node_modules/react-dom/cjs/react-dom.development.js:9288:12
      at batchedUpdates$1 
(node_modules/react-dom/cjs/react-dom.development.js:26179:12)
      at batchedUpdates 
(node_modules/react-dom/cjs/react-dom.development.js:3991:12)
      at dispatchEventForPluginEventSystem 
(node_modules/react-dom/cjs/react-dom.development.js:9287:3)
      at dispatchEventWithEnableCapturePhaseSelectiveHydrationWithoutDiscreteEv
entReplay (node_modules/react-dom/cjs/react-dom.development.js:6465:5)
      at dispatchEvent 
(node_modules/react-dom/cjs/react-dom.development.js:6457:5)
      at dispatchDiscreteEvent 
(node_modules/react-dom/cjs/react-dom.development.js:6430:5)
      at HTMLDivElement.callTheUserObjectsOperation 
(node_modules/jsdom/lib/jsdom/living/generated/EventListener.js:26:30)
      at innerInvokeEventListeners 
(node_modules/jsdom/lib/jsdom/living/events/EventTarget-impl.js:350:25)
      at invokeEventListeners 
(node_modules/jsdom/lib/jsdom/living/events/EventTarget-impl.js:286:3)
      at HTMLInputElementImpl._dispatch 
(node_modules/jsdom/lib/jsdom/living/events/EventTarget-impl.js:233:9)
      at HTMLInputElementImpl.dispatchEvent 
(node_modules/jsdom/lib/jsdom/living/events/EventTarget-impl.js:104:17)
      at HTMLInputElement.dispatchEvent 
(node_modules/jsdom/lib/jsdom/living/generated/EventTarget.js:241:34)
      at 
node_modules/@testing-library/user-event/dist/cjs/event/dispatchEvent.js:45:43
      at Object.eventWrapper 
(node_modules/@testing-library/dom/dist/config.js:25:23)
      at Object.wrapEvent 
(node_modules/@testing-library/user-event/dist/cjs/event/wrapEvent.js:6:28)
      at Object.dispatchEvent (node_modules/@testing-library/user-event/dist/cj
s/event/dispatchEvent.js:45:22)
      at Object.dispatchUIEvent (node_modules/@testing-library/user-event/dist/
cjs/event/dispatchEvent.js:22:26)
      at commitInput 
(node_modules/@testing-library/user-event/dist/cjs/event/input.js:145:14)
      at editInputElement 
(node_modules/@testing-library/user-event/dist/cjs/event/input.js:115:9)
      at Object.input 
(node_modules/@testing-library/user-event/dist/cjs/event/input.js:37:9)
      at node_modules/@testing-library/user-event/dist/cjs/event/behavior/keypr
ess.js:31:26
      at Object.dispatchEvent (node_modules/@testing-library/user-event/dist/cj
s/event/dispatchEvent.js:41:13)
      at Object.dispatchUIEvent (node_modules/@testing-library/user-event/dist/
cjs/event/dispatchEvent.js:22:26)
      at KeyboardHost.keydown 
(node_modules/@testing-library/user-event/dist/cjs/system/keyboard.js:76:22)
      at keyboardAction 
(node_modules/@testing-library/user-event/dist/cjs/keyboard/index.js:22:35)
      at Object.keyboard 
(node_modules/@testing-library/user-event/dist/cjs/keyboard/index.js:11:15)
      at Object.type 
(node_modules/@testing-library/user-event/dist/cjs/utility/type.js:17:5)
      at Object.<anonymous> (src/profile/__tests__/profile.test.tsx:250:5)

    console.error
      Warning: An update to ProfilePage inside a test was not wrapped in 
act(...).
      
      When testing, code that causes React state updates should be wrapped 
into act(...):
      
      act(() => {
        /* fire events that update state */
      });
      /* assert on the output */
      
      This ensures that you're testing the behavior the user would see in the 
browser. Learn more at https://reactjs.org/link/wrap-tests-with-act
          at ProfilePage (C:\Users\samhe\OneDrive\Desktop\Cleaned\frontend\src\
profile\ProfilePage.tsx:17:41)
          at basenameProp (C:\Users\samhe\OneDrive\Desktop\Cleaned\frontend\nod
e_modules\react-router\lib\components.tsx:421:13)
          at basename (C:\Users\samhe\OneDrive\Desktop\Cleaned\frontend\node_mo
dules\react-router\lib\components.tsx:225:3)

      191 |               className="border border-gray-300 rounded-md px-3 
py-2 text-sm"
      192 |               value={confirmPassword}
    > 193 |               onChange={e => setConfirmPassword(e.target.value)}
          |                              ^
      194 |             />
      195 |             {confirmPassword && !passwordsMatch && (
      196 |               <p className="text-sm text-red-600">Passwords do not 
match</p>

      at printWarning 
(node_modules/react-dom/cjs/react-dom.development.js:86:30)
      at error (node_modules/react-dom/cjs/react-dom.development.js:60:7)
      at warnIfUpdatesNotWrappedWithActDEV 
(node_modules/react-dom/cjs/react-dom.development.js:27628:9)
      at scheduleUpdateOnFiber 
(node_modules/react-dom/cjs/react-dom.development.js:25547:5)
      at dispatchSetState 
(node_modules/react-dom/cjs/react-dom.development.js:16708:7)
      at onChange (src/profile/ProfilePage.tsx:193:30)
      at HTMLUnknownElement.callCallback 
(node_modules/react-dom/cjs/react-dom.development.js:4164:14)
      at HTMLUnknownElement.callTheUserObjectsOperation 
(node_modules/jsdom/lib/jsdom/living/generated/EventListener.js:26:30)
      at innerInvokeEventListeners 
(node_modules/jsdom/lib/jsdom/living/events/EventTarget-impl.js:350:25)
      at invokeEventListeners 
(node_modules/jsdom/lib/jsdom/living/events/EventTarget-impl.js:286:3)
      at HTMLUnknownElementImpl._dispatch 
(node_modules/jsdom/lib/jsdom/living/events/EventTarget-impl.js:233:9)
      at HTMLUnknownElementImpl.dispatchEvent 
(node_modules/jsdom/lib/jsdom/living/events/EventTarget-impl.js:104:17)
      at HTMLUnknownElement.dispatchEvent 
(node_modules/jsdom/lib/jsdom/living/generated/EventTarget.js:241:34)
      at Object.invokeGuardedCallbackDev 
(node_modules/react-dom/cjs/react-dom.development.js:4213:16)
      at invokeGuardedCallback 
(node_modules/react-dom/cjs/react-dom.development.js:4277:31)
      at invokeGuardedCallbackAndCatchFirstError 
(node_modules/react-dom/cjs/react-dom.development.js:4291:25)
      at executeDispatch 
(node_modules/react-dom/cjs/react-dom.development.js:9041:3)
      at processDispatchQueueItemsInOrder 
(node_modules/react-dom/cjs/react-dom.development.js:9073:7)
      at processDispatchQueue 
(node_modules/react-dom/cjs/react-dom.development.js:9086:5)
      at dispatchEventsForPlugins 
(node_modules/react-dom/cjs/react-dom.development.js:9097:3)
      at node_modules/react-dom/cjs/react-dom.development.js:9288:12
      at batchedUpdates$1 
(node_modules/react-dom/cjs/react-dom.development.js:26179:12)
      at batchedUpdates 
(node_modules/react-dom/cjs/react-dom.development.js:3991:12)
      at dispatchEventForPluginEventSystem 
(node_modules/react-dom/cjs/react-dom.development.js:9287:3)
      at dispatchEventWithEnableCapturePhaseSelectiveHydrationWithoutDiscreteEv
entReplay (node_modules/react-dom/cjs/react-dom.development.js:6465:5)
      at dispatchEvent 
(node_modules/react-dom/cjs/react-dom.development.js:6457:5)
      at dispatchDiscreteEvent 
(node_modules/react-dom/cjs/react-dom.development.js:6430:5)
      at HTMLDivElement.callTheUserObjectsOperation 
(node_modules/jsdom/lib/jsdom/living/generated/EventListener.js:26:30)
      at innerInvokeEventListeners 
(node_modules/jsdom/lib/jsdom/living/events/EventTarget-impl.js:350:25)
      at invokeEventListeners 
(node_modules/jsdom/lib/jsdom/living/events/EventTarget-impl.js:286:3)
      at HTMLInputElementImpl._dispatch 
(node_modules/jsdom/lib/jsdom/living/events/EventTarget-impl.js:233:9)
      at HTMLInputElementImpl.dispatchEvent 
(node_modules/jsdom/lib/jsdom/living/events/EventTarget-impl.js:104:17)
      at HTMLInputElement.dispatchEvent 
(node_modules/jsdom/lib/jsdom/living/generated/EventTarget.js:241:34)
      at 
node_modules/@testing-library/user-event/dist/cjs/event/dispatchEvent.js:45:43
      at Object.eventWrapper 
(node_modules/@testing-library/dom/dist/config.js:25:23)
      at Object.wrapEvent 
(node_modules/@testing-library/user-event/dist/cjs/event/wrapEvent.js:6:28)
      at Object.dispatchEvent (node_modules/@testing-library/user-event/dist/cj
s/event/dispatchEvent.js:45:22)
      at Object.dispatchUIEvent (node_modules/@testing-library/user-event/dist/
cjs/event/dispatchEvent.js:22:26)
      at commitInput 
(node_modules/@testing-library/user-event/dist/cjs/event/input.js:145:14)
      at editInputElement 
(node_modules/@testing-library/user-event/dist/cjs/event/input.js:115:9)
      at Object.input 
(node_modules/@testing-library/user-event/dist/cjs/event/input.js:37:9)
      at node_modules/@testing-library/user-event/dist/cjs/event/behavior/keypr
ess.js:31:26
      at Object.dispatchEvent (node_modules/@testing-library/user-event/dist/cj
s/event/dispatchEvent.js:41:13)
      at Object.dispatchUIEvent (node_modules/@testing-library/user-event/dist/
cjs/event/dispatchEvent.js:22:26)
      at KeyboardHost.keydown 
(node_modules/@testing-library/user-event/dist/cjs/system/keyboard.js:76:22)
      at keyboardAction 
(node_modules/@testing-library/user-event/dist/cjs/keyboard/index.js:22:35)
      at Object.keyboard 
(node_modules/@testing-library/user-event/dist/cjs/keyboard/index.js:11:15)
      at Object.type 
(node_modules/@testing-library/user-event/dist/cjs/utility/type.js:17:5)
      at Object.<anonymous> (src/profile/__tests__/profile.test.tsx:250:5)

    console.error
      Warning: An update to ProfilePage inside a test was not wrapped in 
act(...).
      
      When testing, code that causes React state updates should be wrapped 
into act(...):
      
      act(() => {
        /* fire events that update state */
      });
      /* assert on the output */
      
      This ensures that you're testing the behavior the user would see in the 
browser. Learn more at https://reactjs.org/link/wrap-tests-with-act
          at ProfilePage (C:\Users\samhe\OneDrive\Desktop\Cleaned\frontend\src\
profile\ProfilePage.tsx:17:41)
          at basenameProp (C:\Users\samhe\OneDrive\Desktop\Cleaned\frontend\nod
e_modules\react-router\lib\components.tsx:421:13)
          at basename (C:\Users\samhe\OneDrive\Desktop\Cleaned\frontend\node_mo
dules\react-router\lib\components.tsx:225:3)

      172 |               className="border border-gray-300 rounded-md px-3 
py-2 text-sm"
      173 |               value={newPassword}
    > 174 |               onChange={e => setNewPassword(e.target.value)}
          |                              ^
      175 |             />
      176 |             <p className="text-xs text-gray-500">
      177 |               Minimum 8 characters, at least 1 uppercase letter 
and 1 number.

      at printWarning 
(node_modules/react-dom/cjs/react-dom.development.js:86:30)
      at error (node_modules/react-dom/cjs/react-dom.development.js:60:7)
      at warnIfUpdatesNotWrappedWithActDEV 
(node_modules/react-dom/cjs/react-dom.development.js:27628:9)
      at scheduleUpdateOnFiber 
(node_modules/react-dom/cjs/react-dom.development.js:25547:5)
      at dispatchSetState 
(node_modules/react-dom/cjs/react-dom.development.js:16708:7)
      at onChange (src/profile/ProfilePage.tsx:174:30)
      at HTMLUnknownElement.callCallback 
(node_modules/react-dom/cjs/react-dom.development.js:4164:14)
      at HTMLUnknownElement.callTheUserObjectsOperation 
(node_modules/jsdom/lib/jsdom/living/generated/EventListener.js:26:30)
      at innerInvokeEventListeners 
(node_modules/jsdom/lib/jsdom/living/events/EventTarget-impl.js:350:25)
      at invokeEventListeners 
(node_modules/jsdom/lib/jsdom/living/events/EventTarget-impl.js:286:3)
      at HTMLUnknownElementImpl._dispatch 
(node_modules/jsdom/lib/jsdom/living/events/EventTarget-impl.js:233:9)
      at HTMLUnknownElementImpl.dispatchEvent 
(node_modules/jsdom/lib/jsdom/living/events/EventTarget-impl.js:104:17)
      at HTMLUnknownElement.dispatchEvent 
(node_modules/jsdom/lib/jsdom/living/generated/EventTarget.js:241:34)
      at Object.invokeGuardedCallbackDev 
(node_modules/react-dom/cjs/react-dom.development.js:4213:16)
      at invokeGuardedCallback 
(node_modules/react-dom/cjs/react-dom.development.js:4277:31)
      at invokeGuardedCallbackAndCatchFirstError 
(node_modules/react-dom/cjs/react-dom.development.js:4291:25)
      at executeDispatch 
(node_modules/react-dom/cjs/react-dom.development.js:9041:3)
      at processDispatchQueueItemsInOrder 
(node_modules/react-dom/cjs/react-dom.development.js:9073:7)
      at processDispatchQueue 
(node_modules/react-dom/cjs/react-dom.development.js:9086:5)
      at dispatchEventsForPlugins 
(node_modules/react-dom/cjs/react-dom.development.js:9097:3)
      at node_modules/react-dom/cjs/react-dom.development.js:9288:12
      at batchedUpdates$1 
(node_modules/react-dom/cjs/react-dom.development.js:26179:12)
      at batchedUpdates 
(node_modules/react-dom/cjs/react-dom.development.js:3991:12)
      at dispatchEventForPluginEventSystem 
(node_modules/react-dom/cjs/react-dom.development.js:9287:3)
      at dispatchEventWithEnableCapturePhaseSelectiveHydrationWithoutDiscreteEv
entReplay (node_modules/react-dom/cjs/react-dom.development.js:6465:5)
      at dispatchEvent 
(node_modules/react-dom/cjs/react-dom.development.js:6457:5)
      at dispatchDiscreteEvent 
(node_modules/react-dom/cjs/react-dom.development.js:6430:5)
      at HTMLDivElement.callTheUserObjectsOperation 
(node_modules/jsdom/lib/jsdom/living/generated/EventListener.js:26:30)
      at innerInvokeEventListeners 
(node_modules/jsdom/lib/jsdom/living/events/EventTarget-impl.js:350:25)
      at invokeEventListeners 
(node_modules/jsdom/lib/jsdom/living/events/EventTarget-impl.js:286:3)
      at HTMLInputElementImpl._dispatch 
(node_modules/jsdom/lib/jsdom/living/events/EventTarget-impl.js:233:9)
      at HTMLInputElementImpl.dispatchEvent 
(node_modules/jsdom/lib/jsdom/living/events/EventTarget-impl.js:104:17)
      at HTMLInputElement.dispatchEvent 
(node_modules/jsdom/lib/jsdom/living/generated/EventTarget.js:241:34)
      at 
node_modules/@testing-library/user-event/dist/cjs/event/dispatchEvent.js:45:43
      at Object.eventWrapper 
(node_modules/@testing-library/dom/dist/config.js:25:23)
      at Object.wrapEvent 
(node_modules/@testing-library/user-event/dist/cjs/event/wrapEvent.js:6:28)
      at Object.dispatchEvent (node_modules/@testing-library/user-event/dist/cj
s/event/dispatchEvent.js:45:22)
      at Object.dispatchUIEvent (node_modules/@testing-library/user-event/dist/
cjs/event/dispatchEvent.js:22:26)
      at commitInput 
(node_modules/@testing-library/user-event/dist/cjs/event/input.js:145:14)
      at editInputElement 
(node_modules/@testing-library/user-event/dist/cjs/event/input.js:115:9)
      at Object.input 
(node_modules/@testing-library/user-event/dist/cjs/event/input.js:37:9)
      at node_modules/@testing-library/user-event/dist/cjs/event/behavior/keypr
ess.js:31:26
      at Object.dispatchEvent (node_modules/@testing-library/user-event/dist/cj
s/event/dispatchEvent.js:41:13)
      at Object.dispatchUIEvent (node_modules/@testing-library/user-event/dist/
cjs/event/dispatchEvent.js:22:26)
      at KeyboardHost.keydown 
(node_modules/@testing-library/user-event/dist/cjs/system/keyboard.js:76:22)
      at keyboardAction 
(node_modules/@testing-library/user-event/dist/cjs/keyboard/index.js:22:35)
      at Object.keyboard 
(node_modules/@testing-library/user-event/dist/cjs/keyboard/index.js:11:15)
      at Object.type 
(node_modules/@testing-library/user-event/dist/cjs/utility/type.js:17:5)
      at Object.<anonymous> (src/profile/__tests__/profile.test.tsx:259:5)

    console.error
      Warning: An update to ProfilePage inside a test was not wrapped in 
act(...).
      
      When testing, code that causes React state updates should be wrapped 
into act(...):
      
      act(() => {
        /* fire events that update state */
      });
      /* assert on the output */
      
      This ensures that you're testing the behavior the user would see in the 
browser. Learn more at https://reactjs.org/link/wrap-tests-with-act
          at ProfilePage (C:\Users\samhe\OneDrive\Desktop\Cleaned\frontend\src\
profile\ProfilePage.tsx:17:41)
          at basenameProp (C:\Users\samhe\OneDrive\Desktop\Cleaned\frontend\nod
e_modules\react-router\lib\components.tsx:421:13)
          at basename (C:\Users\samhe\OneDrive\Desktop\Cleaned\frontend\node_mo
dules\react-router\lib\components.tsx:225:3)

      172 |               className="border border-gray-300 rounded-md px-3 
py-2 text-sm"
      173 |               value={newPassword}
    > 174 |               onChange={e => setNewPassword(e.target.value)}
          |                              ^
      175 |             />
      176 |             <p className="text-xs text-gray-500">
      177 |               Minimum 8 characters, at least 1 uppercase letter 
and 1 number.

      at printWarning 
(node_modules/react-dom/cjs/react-dom.development.js:86:30)
      at error (node_modules/react-dom/cjs/react-dom.development.js:60:7)
      at warnIfUpdatesNotWrappedWithActDEV 
(node_modules/react-dom/cjs/react-dom.development.js:27628:9)
      at scheduleUpdateOnFiber 
(node_modules/react-dom/cjs/react-dom.development.js:25547:5)
      at dispatchSetState 
(node_modules/react-dom/cjs/react-dom.development.js:16708:7)
      at onChange (src/profile/ProfilePage.tsx:174:30)
      at HTMLUnknownElement.callCallback 
(node_modules/react-dom/cjs/react-dom.development.js:4164:14)
      at HTMLUnknownElement.callTheUserObjectsOperation 
(node_modules/jsdom/lib/jsdom/living/generated/EventListener.js:26:30)
      at innerInvokeEventListeners 
(node_modules/jsdom/lib/jsdom/living/events/EventTarget-impl.js:350:25)
      at invokeEventListeners 
(node_modules/jsdom/lib/jsdom/living/events/EventTarget-impl.js:286:3)
      at HTMLUnknownElementImpl._dispatch 
(node_modules/jsdom/lib/jsdom/living/events/EventTarget-impl.js:233:9)
      at HTMLUnknownElementImpl.dispatchEvent 
(node_modules/jsdom/lib/jsdom/living/events/EventTarget-impl.js:104:17)
      at HTMLUnknownElement.dispatchEvent 
(node_modules/jsdom/lib/jsdom/living/generated/EventTarget.js:241:34)
      at Object.invokeGuardedCallbackDev 
(node_modules/react-dom/cjs/react-dom.development.js:4213:16)
      at invokeGuardedCallback 
(node_modules/react-dom/cjs/react-dom.development.js:4277:31)
      at invokeGuardedCallbackAndCatchFirstError 
(node_modules/react-dom/cjs/react-dom.development.js:4291:25)
      at executeDispatch 
(node_modules/react-dom/cjs/react-dom.development.js:9041:3)
      at processDispatchQueueItemsInOrder 
(node_modules/react-dom/cjs/react-dom.development.js:9073:7)
      at processDispatchQueue 
(node_modules/react-dom/cjs/react-dom.development.js:9086:5)
      at dispatchEventsForPlugins 
(node_modules/react-dom/cjs/react-dom.development.js:9097:3)
      at node_modules/react-dom/cjs/react-dom.development.js:9288:12
      at batchedUpdates$1 
(node_modules/react-dom/cjs/react-dom.development.js:26179:12)
      at batchedUpdates 
(node_modules/react-dom/cjs/react-dom.development.js:3991:12)
      at dispatchEventForPluginEventSystem 
(node_modules/react-dom/cjs/react-dom.development.js:9287:3)
      at dispatchEventWithEnableCapturePhaseSelectiveHydrationWithoutDiscreteEv
entReplay (node_modules/react-dom/cjs/react-dom.development.js:6465:5)
      at dispatchEvent 
(node_modules/react-dom/cjs/react-dom.development.js:6457:5)
      at dispatchDiscreteEvent 
(node_modules/react-dom/cjs/react-dom.development.js:6430:5)
      at HTMLDivElement.callTheUserObjectsOperation 
(node_modules/jsdom/lib/jsdom/living/generated/EventListener.js:26:30)
      at innerInvokeEventListeners 
(node_modules/jsdom/lib/jsdom/living/events/EventTarget-impl.js:350:25)
      at invokeEventListeners 
(node_modules/jsdom/lib/jsdom/living/events/EventTarget-impl.js:286:3)
      at HTMLInputElementImpl._dispatch 
(node_modules/jsdom/lib/jsdom/living/events/EventTarget-impl.js:233:9)
      at HTMLInputElementImpl.dispatchEvent 
(node_modules/jsdom/lib/jsdom/living/events/EventTarget-impl.js:104:17)
      at HTMLInputElement.dispatchEvent 
(node_modules/jsdom/lib/jsdom/living/generated/EventTarget.js:241:34)
      at 
node_modules/@testing-library/user-event/dist/cjs/event/dispatchEvent.js:45:43
      at Object.eventWrapper 
(node_modules/@testing-library/dom/dist/config.js:25:23)
      at Object.wrapEvent 
(node_modules/@testing-library/user-event/dist/cjs/event/wrapEvent.js:6:28)
      at Object.dispatchEvent (node_modules/@testing-library/user-event/dist/cj
s/event/dispatchEvent.js:45:22)
      at Object.dispatchUIEvent (node_modules/@testing-library/user-event/dist/
cjs/event/dispatchEvent.js:22:26)
      at commitInput 
(node_modules/@testing-library/user-event/dist/cjs/event/input.js:145:14)
      at editInputElement 
(node_modules/@testing-library/user-event/dist/cjs/event/input.js:115:9)
      at Object.input 
(node_modules/@testing-library/user-event/dist/cjs/event/input.js:37:9)
      at node_modules/@testing-library/user-event/dist/cjs/event/behavior/keypr
ess.js:31:26
      at Object.dispatchEvent (node_modules/@testing-library/user-event/dist/cj
s/event/dispatchEvent.js:41:13)
      at Object.dispatchUIEvent (node_modules/@testing-library/user-event/dist/
cjs/event/dispatchEvent.js:22:26)
      at KeyboardHost.keydown 
(node_modules/@testing-library/user-event/dist/cjs/system/keyboard.js:76:22)
      at keyboardAction 
(node_modules/@testing-library/user-event/dist/cjs/keyboard/index.js:22:35)
      at Object.keyboard 
(node_modules/@testing-library/user-event/dist/cjs/keyboard/index.js:11:15)
      at Object.type 
(node_modules/@testing-library/user-event/dist/cjs/utility/type.js:17:5)
      at Object.<anonymous> (src/profile/__tests__/profile.test.tsx:259:5)

    console.error
      Warning: An update to ProfilePage inside a test was not wrapped in 
act(...).
      
      When testing, code that causes React state updates should be wrapped 
into act(...):
      
      act(() => {
        /* fire events that update state */
      });
      /* assert on the output */
      
      This ensures that you're testing the behavior the user would see in the 
browser. Learn more at https://reactjs.org/link/wrap-tests-with-act
          at ProfilePage (C:\Users\samhe\OneDrive\Desktop\Cleaned\frontend\src\
profile\ProfilePage.tsx:17:41)
          at basenameProp (C:\Users\samhe\OneDrive\Desktop\Cleaned\frontend\nod
e_modules\react-router\lib\components.tsx:421:13)
          at basename (C:\Users\samhe\OneDrive\Desktop\Cleaned\frontend\node_mo
dules\react-router\lib\components.tsx:225:3)

      172 |               className="border border-gray-300 rounded-md px-3 
py-2 text-sm"
      173 |               value={newPassword}
    > 174 |               onChange={e => setNewPassword(e.target.value)}
          |                              ^
      175 |             />
      176 |             <p className="text-xs text-gray-500">
      177 |               Minimum 8 characters, at least 1 uppercase letter 
and 1 number.

      at printWarning 
(node_modules/react-dom/cjs/react-dom.development.js:86:30)
      at error (node_modules/react-dom/cjs/react-dom.development.js:60:7)
      at warnIfUpdatesNotWrappedWithActDEV 
(node_modules/react-dom/cjs/react-dom.development.js:27628:9)
      at scheduleUpdateOnFiber 
(node_modules/react-dom/cjs/react-dom.development.js:25547:5)
      at dispatchSetState 
(node_modules/react-dom/cjs/react-dom.development.js:16708:7)
      at onChange (src/profile/ProfilePage.tsx:174:30)
      at HTMLUnknownElement.callCallback 
(node_modules/react-dom/cjs/react-dom.development.js:4164:14)
      at HTMLUnknownElement.callTheUserObjectsOperation 
(node_modules/jsdom/lib/jsdom/living/generated/EventListener.js:26:30)
      at innerInvokeEventListeners 
(node_modules/jsdom/lib/jsdom/living/events/EventTarget-impl.js:350:25)
      at invokeEventListeners 
(node_modules/jsdom/lib/jsdom/living/events/EventTarget-impl.js:286:3)
      at HTMLUnknownElementImpl._dispatch 
(node_modules/jsdom/lib/jsdom/living/events/EventTarget-impl.js:233:9)
      at HTMLUnknownElementImpl.dispatchEvent 
(node_modules/jsdom/lib/jsdom/living/events/EventTarget-impl.js:104:17)
      at HTMLUnknownElement.dispatchEvent 
(node_modules/jsdom/lib/jsdom/living/generated/EventTarget.js:241:34)
      at Object.invokeGuardedCallbackDev 
(node_modules/react-dom/cjs/react-dom.development.js:4213:16)
      at invokeGuardedCallback 
(node_modules/react-dom/cjs/react-dom.development.js:4277:31)
      at invokeGuardedCallbackAndCatchFirstError 
(node_modules/react-dom/cjs/react-dom.development.js:4291:25)
      at executeDispatch 
(node_modules/react-dom/cjs/react-dom.development.js:9041:3)
      at processDispatchQueueItemsInOrder 
(node_modules/react-dom/cjs/react-dom.development.js:9073:7)
      at processDispatchQueue 
(node_modules/react-dom/cjs/react-dom.development.js:9086:5)
      at dispatchEventsForPlugins 
(node_modules/react-dom/cjs/react-dom.development.js:9097:3)
      at node_modules/react-dom/cjs/react-dom.development.js:9288:12
      at batchedUpdates$1 
(node_modules/react-dom/cjs/react-dom.development.js:26179:12)
      at batchedUpdates 
(node_modules/react-dom/cjs/react-dom.development.js:3991:12)
      at dispatchEventForPluginEventSystem 
(node_modules/react-dom/cjs/react-dom.development.js:9287:3)
      at dispatchEventWithEnableCapturePhaseSelectiveHydrationWithoutDiscreteEv
entReplay (node_modules/react-dom/cjs/react-dom.development.js:6465:5)
      at dispatchEvent 
(node_modules/react-dom/cjs/react-dom.development.js:6457:5)
      at dispatchDiscreteEvent 
(node_modules/react-dom/cjs/react-dom.development.js:6430:5)
      at HTMLDivElement.callTheUserObjectsOperation 
(node_modules/jsdom/lib/jsdom/living/generated/EventListener.js:26:30)
      at innerInvokeEventListeners 
(node_modules/jsdom/lib/jsdom/living/events/EventTarget-impl.js:350:25)
      at invokeEventListeners 
(node_modules/jsdom/lib/jsdom/living/events/EventTarget-impl.js:286:3)
      at HTMLInputElementImpl._dispatch 
(node_modules/jsdom/lib/jsdom/living/events/EventTarget-impl.js:233:9)
      at HTMLInputElementImpl.dispatchEvent 
(node_modules/jsdom/lib/jsdom/living/events/EventTarget-impl.js:104:17)
      at HTMLInputElement.dispatchEvent 
(node_modules/jsdom/lib/jsdom/living/generated/EventTarget.js:241:34)
      at 
node_modules/@testing-library/user-event/dist/cjs/event/dispatchEvent.js:45:43
      at Object.eventWrapper 
(node_modules/@testing-library/dom/dist/config.js:25:23)
      at Object.wrapEvent 
(node_modules/@testing-library/user-event/dist/cjs/event/wrapEvent.js:6:28)
      at Object.dispatchEvent (node_modules/@testing-library/user-event/dist/cj
s/event/dispatchEvent.js:45:22)
      at Object.dispatchUIEvent (node_modules/@testing-library/user-event/dist/
cjs/event/dispatchEvent.js:22:26)
      at commitInput 
(node_modules/@testing-library/user-event/dist/cjs/event/input.js:145:14)
      at editInputElement 
(node_modules/@testing-library/user-event/dist/cjs/event/input.js:115:9)
      at Object.input 
(node_modules/@testing-library/user-event/dist/cjs/event/input.js:37:9)
      at node_modules/@testing-library/user-event/dist/cjs/event/behavior/keypr
ess.js:31:26
      at Object.dispatchEvent (node_modules/@testing-library/user-event/dist/cj
s/event/dispatchEvent.js:41:13)
      at Object.dispatchUIEvent (node_modules/@testing-library/user-event/dist/
cjs/event/dispatchEvent.js:22:26)
      at KeyboardHost.keydown 
(node_modules/@testing-library/user-event/dist/cjs/system/keyboard.js:76:22)
      at keyboardAction 
(node_modules/@testing-library/user-event/dist/cjs/keyboard/index.js:22:35)
      at Object.keyboard 
(node_modules/@testing-library/user-event/dist/cjs/keyboard/index.js:11:15)
      at Object.type 
(node_modules/@testing-library/user-event/dist/cjs/utility/type.js:17:5)
      at Object.<anonymous> (src/profile/__tests__/profile.test.tsx:259:5)

    console.error
      Warning: An update to ProfilePage inside a test was not wrapped in 
act(...).
      
      When testing, code that causes React state updates should be wrapped 
into act(...):
      
      act(() => {
        /* fire events that update state */
      });
      /* assert on the output */
      
      This ensures that you're testing the behavior the user would see in the 
browser. Learn more at https://reactjs.org/link/wrap-tests-with-act
          at ProfilePage (C:\Users\samhe\OneDrive\Desktop\Cleaned\frontend\src\
profile\ProfilePage.tsx:17:41)
          at basenameProp (C:\Users\samhe\OneDrive\Desktop\Cleaned\frontend\nod
e_modules\react-router\lib\components.tsx:421:13)
          at basename (C:\Users\samhe\OneDrive\Desktop\Cleaned\frontend\node_mo
dules\react-router\lib\components.tsx:225:3)

      172 |               className="border border-gray-300 rounded-md px-3 
py-2 text-sm"
      173 |               value={newPassword}
    > 174 |               onChange={e => setNewPassword(e.target.value)}
          |                              ^
      175 |             />
      176 |             <p className="text-xs text-gray-500">
      177 |               Minimum 8 characters, at least 1 uppercase letter 
and 1 number.

      at printWarning 
(node_modules/react-dom/cjs/react-dom.development.js:86:30)
      at error (node_modules/react-dom/cjs/react-dom.development.js:60:7)
      at warnIfUpdatesNotWrappedWithActDEV 
(node_modules/react-dom/cjs/react-dom.development.js:27628:9)
      at scheduleUpdateOnFiber 
(node_modules/react-dom/cjs/react-dom.development.js:25547:5)
      at dispatchSetState 
(node_modules/react-dom/cjs/react-dom.development.js:16708:7)
      at onChange (src/profile/ProfilePage.tsx:174:30)
      at HTMLUnknownElement.callCallback 
(node_modules/react-dom/cjs/react-dom.development.js:4164:14)
      at HTMLUnknownElement.callTheUserObjectsOperation 
(node_modules/jsdom/lib/jsdom/living/generated/EventListener.js:26:30)
      at innerInvokeEventListeners 
(node_modules/jsdom/lib/jsdom/living/events/EventTarget-impl.js:350:25)
      at invokeEventListeners 
(node_modules/jsdom/lib/jsdom/living/events/EventTarget-impl.js:286:3)
      at HTMLUnknownElementImpl._dispatch 
(node_modules/jsdom/lib/jsdom/living/events/EventTarget-impl.js:233:9)
      at HTMLUnknownElementImpl.dispatchEvent 
(node_modules/jsdom/lib/jsdom/living/events/EventTarget-impl.js:104:17)
      at HTMLUnknownElement.dispatchEvent 
(node_modules/jsdom/lib/jsdom/living/generated/EventTarget.js:241:34)
      at Object.invokeGuardedCallbackDev 
(node_modules/react-dom/cjs/react-dom.development.js:4213:16)
      at invokeGuardedCallback 
(node_modules/react-dom/cjs/react-dom.development.js:4277:31)
      at invokeGuardedCallbackAndCatchFirstError 
(node_modules/react-dom/cjs/react-dom.development.js:4291:25)
      at executeDispatch 
(node_modules/react-dom/cjs/react-dom.development.js:9041:3)
      at processDispatchQueueItemsInOrder 
(node_modules/react-dom/cjs/react-dom.development.js:9073:7)
      at processDispatchQueue 
(node_modules/react-dom/cjs/react-dom.development.js:9086:5)
      at dispatchEventsForPlugins 
(node_modules/react-dom/cjs/react-dom.development.js:9097:3)
      at node_modules/react-dom/cjs/react-dom.development.js:9288:12
      at batchedUpdates$1 
(node_modules/react-dom/cjs/react-dom.development.js:26179:12)
      at batchedUpdates 
(node_modules/react-dom/cjs/react-dom.development.js:3991:12)
      at dispatchEventForPluginEventSystem 
(node_modules/react-dom/cjs/react-dom.development.js:9287:3)
      at dispatchEventWithEnableCapturePhaseSelectiveHydrationWithoutDiscreteEv
entReplay (node_modules/react-dom/cjs/react-dom.development.js:6465:5)
      at dispatchEvent 
(node_modules/react-dom/cjs/react-dom.development.js:6457:5)
      at dispatchDiscreteEvent 
(node_modules/react-dom/cjs/react-dom.development.js:6430:5)
      at HTMLDivElement.callTheUserObjectsOperation 
(node_modules/jsdom/lib/jsdom/living/generated/EventListener.js:26:30)
      at innerInvokeEventListeners 
(node_modules/jsdom/lib/jsdom/living/events/EventTarget-impl.js:350:25)
      at invokeEventListeners 
(node_modules/jsdom/lib/jsdom/living/events/EventTarget-impl.js:286:3)
      at HTMLInputElementImpl._dispatch 
(node_modules/jsdom/lib/jsdom/living/events/EventTarget-impl.js:233:9)
      at HTMLInputElementImpl.dispatchEvent 
(node_modules/jsdom/lib/jsdom/living/events/EventTarget-impl.js:104:17)
      at HTMLInputElement.dispatchEvent 
(node_modules/jsdom/lib/jsdom/living/generated/EventTarget.js:241:34)
      at 
node_modules/@testing-library/user-event/dist/cjs/event/dispatchEvent.js:45:43
      at Object.eventWrapper 
(node_modules/@testing-library/dom/dist/config.js:25:23)
      at Object.wrapEvent 
(node_modules/@testing-library/user-event/dist/cjs/event/wrapEvent.js:6:28)
      at Object.dispatchEvent (node_modules/@testing-library/user-event/dist/cj
s/event/dispatchEvent.js:45:22)
      at Object.dispatchUIEvent (node_modules/@testing-library/user-event/dist/
cjs/event/dispatchEvent.js:22:26)
      at commitInput 
(node_modules/@testing-library/user-event/dist/cjs/event/input.js:145:14)
      at editInputElement 
(node_modules/@testing-library/user-event/dist/cjs/event/input.js:115:9)
      at Object.input 
(node_modules/@testing-library/user-event/dist/cjs/event/input.js:37:9)
      at node_modules/@testing-library/user-event/dist/cjs/event/behavior/keypr
ess.js:31:26
      at Object.dispatchEvent (node_modules/@testing-library/user-event/dist/cj
s/event/dispatchEvent.js:41:13)
      at Object.dispatchUIEvent (node_modules/@testing-library/user-event/dist/
cjs/event/dispatchEvent.js:22:26)
      at KeyboardHost.keydown 
(node_modules/@testing-library/user-event/dist/cjs/system/keyboard.js:76:22)
      at keyboardAction 
(node_modules/@testing-library/user-event/dist/cjs/keyboard/index.js:22:35)
      at Object.keyboard 
(node_modules/@testing-library/user-event/dist/cjs/keyboard/index.js:11:15)
      at Object.type 
(node_modules/@testing-library/user-event/dist/cjs/utility/type.js:17:5)
      at Object.<anonymous> (src/profile/__tests__/profile.test.tsx:259:5)

    console.error
      Warning: An update to ProfilePage inside a test was not wrapped in 
act(...).
      
      When testing, code that causes React state updates should be wrapped 
into act(...):
      
      act(() => {
        /* fire events that update state */
      });
      /* assert on the output */
      
      This ensures that you're testing the behavior the user would see in the 
browser. Learn more at https://reactjs.org/link/wrap-tests-with-act
          at ProfilePage (C:\Users\samhe\OneDrive\Desktop\Cleaned\frontend\src\
profile\ProfilePage.tsx:17:41)
          at basenameProp (C:\Users\samhe\OneDrive\Desktop\Cleaned\frontend\nod
e_modules\react-router\lib\components.tsx:421:13)
          at basename (C:\Users\samhe\OneDrive\Desktop\Cleaned\frontend\node_mo
dules\react-router\lib\components.tsx:225:3)

      172 |               className="border border-gray-300 rounded-md px-3 
py-2 text-sm"
      173 |               value={newPassword}
    > 174 |               onChange={e => setNewPassword(e.target.value)}
          |                              ^
      175 |             />
      176 |             <p className="text-xs text-gray-500">
      177 |               Minimum 8 characters, at least 1 uppercase letter 
and 1 number.

      at printWarning 
(node_modules/react-dom/cjs/react-dom.development.js:86:30)
      at error (node_modules/react-dom/cjs/react-dom.development.js:60:7)
      at warnIfUpdatesNotWrappedWithActDEV 
(node_modules/react-dom/cjs/react-dom.development.js:27628:9)
      at scheduleUpdateOnFiber 
(node_modules/react-dom/cjs/react-dom.development.js:25547:5)
      at dispatchSetState 
(node_modules/react-dom/cjs/react-dom.development.js:16708:7)
      at onChange (src/profile/ProfilePage.tsx:174:30)
      at HTMLUnknownElement.callCallback 
(node_modules/react-dom/cjs/react-dom.development.js:4164:14)
      at HTMLUnknownElement.callTheUserObjectsOperation 
(node_modules/jsdom/lib/jsdom/living/generated/EventListener.js:26:30)
      at innerInvokeEventListeners 
(node_modules/jsdom/lib/jsdom/living/events/EventTarget-impl.js:350:25)
      at invokeEventListeners 
(node_modules/jsdom/lib/jsdom/living/events/EventTarget-impl.js:286:3)
      at HTMLUnknownElementImpl._dispatch 
(node_modules/jsdom/lib/jsdom/living/events/EventTarget-impl.js:233:9)
      at HTMLUnknownElementImpl.dispatchEvent 
(node_modules/jsdom/lib/jsdom/living/events/EventTarget-impl.js:104:17)
      at HTMLUnknownElement.dispatchEvent 
(node_modules/jsdom/lib/jsdom/living/generated/EventTarget.js:241:34)
      at Object.invokeGuardedCallbackDev 
(node_modules/react-dom/cjs/react-dom.development.js:4213:16)
      at invokeGuardedCallback 
(node_modules/react-dom/cjs/react-dom.development.js:4277:31)
      at invokeGuardedCallbackAndCatchFirstError 
(node_modules/react-dom/cjs/react-dom.development.js:4291:25)
      at executeDispatch 
(node_modules/react-dom/cjs/react-dom.development.js:9041:3)
      at processDispatchQueueItemsInOrder 
(node_modules/react-dom/cjs/react-dom.development.js:9073:7)
      at processDispatchQueue 
(node_modules/react-dom/cjs/react-dom.development.js:9086:5)
      at dispatchEventsForPlugins 
(node_modules/react-dom/cjs/react-dom.development.js:9097:3)
      at node_modules/react-dom/cjs/react-dom.development.js:9288:12
      at batchedUpdates$1 
(node_modules/react-dom/cjs/react-dom.development.js:26179:12)
      at batchedUpdates 
(node_modules/react-dom/cjs/react-dom.development.js:3991:12)
      at dispatchEventForPluginEventSystem 
(node_modules/react-dom/cjs/react-dom.development.js:9287:3)
      at dispatchEventWithEnableCapturePhaseSelectiveHydrationWithoutDiscreteEv
entReplay (node_modules/react-dom/cjs/react-dom.development.js:6465:5)
      at dispatchEvent 
(node_modules/react-dom/cjs/react-dom.development.js:6457:5)
      at dispatchDiscreteEvent 
(node_modules/react-dom/cjs/react-dom.development.js:6430:5)
      at HTMLDivElement.callTheUserObjectsOperation 
(node_modules/jsdom/lib/jsdom/living/generated/EventListener.js:26:30)
      at innerInvokeEventListeners 
(node_modules/jsdom/lib/jsdom/living/events/EventTarget-impl.js:350:25)
      at invokeEventListeners 
(node_modules/jsdom/lib/jsdom/living/events/EventTarget-impl.js:286:3)
      at HTMLInputElementImpl._dispatch 
(node_modules/jsdom/lib/jsdom/living/events/EventTarget-impl.js:233:9)
      at HTMLInputElementImpl.dispatchEvent 
(node_modules/jsdom/lib/jsdom/living/events/EventTarget-impl.js:104:17)
      at HTMLInputElement.dispatchEvent 
(node_modules/jsdom/lib/jsdom/living/generated/EventTarget.js:241:34)
      at 
node_modules/@testing-library/user-event/dist/cjs/event/dispatchEvent.js:45:43
      at Object.eventWrapper 
(node_modules/@testing-library/dom/dist/config.js:25:23)
      at Object.wrapEvent 
(node_modules/@testing-library/user-event/dist/cjs/event/wrapEvent.js:6:28)
      at Object.dispatchEvent (node_modules/@testing-library/user-event/dist/cj
s/event/dispatchEvent.js:45:22)
      at Object.dispatchUIEvent (node_modules/@testing-library/user-event/dist/
cjs/event/dispatchEvent.js:22:26)
      at commitInput 
(node_modules/@testing-library/user-event/dist/cjs/event/input.js:145:14)
      at editInputElement 
(node_modules/@testing-library/user-event/dist/cjs/event/input.js:115:9)
      at Object.input 
(node_modules/@testing-library/user-event/dist/cjs/event/input.js:37:9)
      at node_modules/@testing-library/user-event/dist/cjs/event/behavior/keypr
ess.js:31:26
      at Object.dispatchEvent (node_modules/@testing-library/user-event/dist/cj
s/event/dispatchEvent.js:41:13)
      at Object.dispatchUIEvent (node_modules/@testing-library/user-event/dist/
cjs/event/dispatchEvent.js:22:26)
      at KeyboardHost.keydown 
(node_modules/@testing-library/user-event/dist/cjs/system/keyboard.js:76:22)
      at keyboardAction 
(node_modules/@testing-library/user-event/dist/cjs/keyboard/index.js:22:35)
      at Object.keyboard 
(node_modules/@testing-library/user-event/dist/cjs/keyboard/index.js:11:15)
      at Object.type 
(node_modules/@testing-library/user-event/dist/cjs/utility/type.js:17:5)
      at Object.<anonymous> (src/profile/__tests__/profile.test.tsx:259:5)

    console.error
      Warning: An update to ProfilePage inside a test was not wrapped in 
act(...).
      
      When testing, code that causes React state updates should be wrapped 
into act(...):
      
      act(() => {
        /* fire events that update state */
      });
      /* assert on the output */
      
      This ensures that you're testing the behavior the user would see in the 
browser. Learn more at https://reactjs.org/link/wrap-tests-with-act
          at ProfilePage (C:\Users\samhe\OneDrive\Desktop\Cleaned\frontend\src\
profile\ProfilePage.tsx:17:41)
          at basenameProp (C:\Users\samhe\OneDrive\Desktop\Cleaned\frontend\nod
e_modules\react-router\lib\components.tsx:421:13)
          at basename (C:\Users\samhe\OneDrive\Desktop\Cleaned\frontend\node_mo
dules\react-router\lib\components.tsx:225:3)

      172 |               className="border border-gray-300 rounded-md px-3 
py-2 text-sm"
      173 |               value={newPassword}
    > 174 |               onChange={e => setNewPassword(e.target.value)}
          |                              ^
      175 |             />
      176 |             <p className="text-xs text-gray-500">
      177 |               Minimum 8 characters, at least 1 uppercase letter 
and 1 number.

      at printWarning 
(node_modules/react-dom/cjs/react-dom.development.js:86:30)
      at error (node_modules/react-dom/cjs/react-dom.development.js:60:7)
      at warnIfUpdatesNotWrappedWithActDEV 
(node_modules/react-dom/cjs/react-dom.development.js:27628:9)
      at scheduleUpdateOnFiber 
(node_modules/react-dom/cjs/react-dom.development.js:25547:5)
      at dispatchSetState 
(node_modules/react-dom/cjs/react-dom.development.js:16708:7)
      at onChange (src/profile/ProfilePage.tsx:174:30)
      at HTMLUnknownElement.callCallback 
(node_modules/react-dom/cjs/react-dom.development.js:4164:14)
      at HTMLUnknownElement.callTheUserObjectsOperation 
(node_modules/jsdom/lib/jsdom/living/generated/EventListener.js:26:30)
      at innerInvokeEventListeners 
(node_modules/jsdom/lib/jsdom/living/events/EventTarget-impl.js:350:25)
      at invokeEventListeners 
(node_modules/jsdom/lib/jsdom/living/events/EventTarget-impl.js:286:3)
      at HTMLUnknownElementImpl._dispatch 
(node_modules/jsdom/lib/jsdom/living/events/EventTarget-impl.js:233:9)
      at HTMLUnknownElementImpl.dispatchEvent 
(node_modules/jsdom/lib/jsdom/living/events/EventTarget-impl.js:104:17)
      at HTMLUnknownElement.dispatchEvent 
(node_modules/jsdom/lib/jsdom/living/generated/EventTarget.js:241:34)
      at Object.invokeGuardedCallbackDev 
(node_modules/react-dom/cjs/react-dom.development.js:4213:16)
      at invokeGuardedCallback 
(node_modules/react-dom/cjs/react-dom.development.js:4277:31)
      at invokeGuardedCallbackAndCatchFirstError 
(node_modules/react-dom/cjs/react-dom.development.js:4291:25)
      at executeDispatch 
(node_modules/react-dom/cjs/react-dom.development.js:9041:3)
      at processDispatchQueueItemsInOrder 
(node_modules/react-dom/cjs/react-dom.development.js:9073:7)
      at processDispatchQueue 
(node_modules/react-dom/cjs/react-dom.development.js:9086:5)
      at dispatchEventsForPlugins 
(node_modules/react-dom/cjs/react-dom.development.js:9097:3)
      at node_modules/react-dom/cjs/react-dom.development.js:9288:12
      at batchedUpdates$1 
(node_modules/react-dom/cjs/react-dom.development.js:26179:12)
      at batchedUpdates 
(node_modules/react-dom/cjs/react-dom.development.js:3991:12)
      at dispatchEventForPluginEventSystem 
(node_modules/react-dom/cjs/react-dom.development.js:9287:3)
      at dispatchEventWithEnableCapturePhaseSelectiveHydrationWithoutDiscreteEv
entReplay (node_modules/react-dom/cjs/react-dom.development.js:6465:5)
      at dispatchEvent 
(node_modules/react-dom/cjs/react-dom.development.js:6457:5)
      at dispatchDiscreteEvent 
(node_modules/react-dom/cjs/react-dom.development.js:6430:5)
      at HTMLDivElement.callTheUserObjectsOperation 
(node_modules/jsdom/lib/jsdom/living/generated/EventListener.js:26:30)
      at innerInvokeEventListeners 
(node_modules/jsdom/lib/jsdom/living/events/EventTarget-impl.js:350:25)
      at invokeEventListeners 
(node_modules/jsdom/lib/jsdom/living/events/EventTarget-impl.js:286:3)
      at HTMLInputElementImpl._dispatch 
(node_modules/jsdom/lib/jsdom/living/events/EventTarget-impl.js:233:9)
      at HTMLInputElementImpl.dispatchEvent 
(node_modules/jsdom/lib/jsdom/living/events/EventTarget-impl.js:104:17)
      at HTMLInputElement.dispatchEvent 
(node_modules/jsdom/lib/jsdom/living/generated/EventTarget.js:241:34)
      at 
node_modules/@testing-library/user-event/dist/cjs/event/dispatchEvent.js:45:43
      at Object.eventWrapper 
(node_modules/@testing-library/dom/dist/config.js:25:23)
      at Object.wrapEvent 
(node_modules/@testing-library/user-event/dist/cjs/event/wrapEvent.js:6:28)
      at Object.dispatchEvent (node_modules/@testing-library/user-event/dist/cj
s/event/dispatchEvent.js:45:22)
      at Object.dispatchUIEvent (node_modules/@testing-library/user-event/dist/
cjs/event/dispatchEvent.js:22:26)
      at commitInput 
(node_modules/@testing-library/user-event/dist/cjs/event/input.js:145:14)
      at editInputElement 
(node_modules/@testing-library/user-event/dist/cjs/event/input.js:115:9)
      at Object.input 
(node_modules/@testing-library/user-event/dist/cjs/event/input.js:37:9)
      at node_modules/@testing-library/user-event/dist/cjs/event/behavior/keypr
ess.js:31:26
      at Object.dispatchEvent (node_modules/@testing-library/user-event/dist/cj
s/event/dispatchEvent.js:41:13)
      at Object.dispatchUIEvent (node_modules/@testing-library/user-event/dist/
cjs/event/dispatchEvent.js:22:26)
      at KeyboardHost.keydown 
(node_modules/@testing-library/user-event/dist/cjs/system/keyboard.js:76:22)
      at keyboardAction 
(node_modules/@testing-library/user-event/dist/cjs/keyboard/index.js:22:35)
      at Object.keyboard 
(node_modules/@testing-library/user-event/dist/cjs/keyboard/index.js:11:15)
      at Object.type 
(node_modules/@testing-library/user-event/dist/cjs/utility/type.js:17:5)
      at Object.<anonymous> (src/profile/__tests__/profile.test.tsx:259:5)

    console.error
      Warning: An update to ProfilePage inside a test was not wrapped in 
act(...).
      
      When testing, code that causes React state updates should be wrapped 
into act(...):
      
      act(() => {
        /* fire events that update state */
      });
      /* assert on the output */
      
      This ensures that you're testing the behavior the user would see in the 
browser. Learn more at https://reactjs.org/link/wrap-tests-with-act
          at ProfilePage (C:\Users\samhe\OneDrive\Desktop\Cleaned\frontend\src\
profile\ProfilePage.tsx:17:41)
          at basenameProp (C:\Users\samhe\OneDrive\Desktop\Cleaned\frontend\nod
e_modules\react-router\lib\components.tsx:421:13)
          at basename (C:\Users\samhe\OneDrive\Desktop\Cleaned\frontend\node_mo
dules\react-router\lib\components.tsx:225:3)

      172 |               className="border border-gray-300 rounded-md px-3 
py-2 text-sm"
      173 |               value={newPassword}
    > 174 |               onChange={e => setNewPassword(e.target.value)}
          |                              ^
      175 |             />
      176 |             <p className="text-xs text-gray-500">
      177 |               Minimum 8 characters, at least 1 uppercase letter 
and 1 number.

      at printWarning 
(node_modules/react-dom/cjs/react-dom.development.js:86:30)
      at error (node_modules/react-dom/cjs/react-dom.development.js:60:7)
      at warnIfUpdatesNotWrappedWithActDEV 
(node_modules/react-dom/cjs/react-dom.development.js:27628:9)
      at scheduleUpdateOnFiber 
(node_modules/react-dom/cjs/react-dom.development.js:25547:5)
      at dispatchSetState 
(node_modules/react-dom/cjs/react-dom.development.js:16708:7)
      at onChange (src/profile/ProfilePage.tsx:174:30)
      at HTMLUnknownElement.callCallback 
(node_modules/react-dom/cjs/react-dom.development.js:4164:14)
      at HTMLUnknownElement.callTheUserObjectsOperation 
(node_modules/jsdom/lib/jsdom/living/generated/EventListener.js:26:30)
      at innerInvokeEventListeners 
(node_modules/jsdom/lib/jsdom/living/events/EventTarget-impl.js:350:25)
      at invokeEventListeners 
(node_modules/jsdom/lib/jsdom/living/events/EventTarget-impl.js:286:3)
      at HTMLUnknownElementImpl._dispatch 
(node_modules/jsdom/lib/jsdom/living/events/EventTarget-impl.js:233:9)
      at HTMLUnknownElementImpl.dispatchEvent 
(node_modules/jsdom/lib/jsdom/living/events/EventTarget-impl.js:104:17)
      at HTMLUnknownElement.dispatchEvent 
(node_modules/jsdom/lib/jsdom/living/generated/EventTarget.js:241:34)
      at Object.invokeGuardedCallbackDev 
(node_modules/react-dom/cjs/react-dom.development.js:4213:16)
      at invokeGuardedCallback 
(node_modules/react-dom/cjs/react-dom.development.js:4277:31)
      at invokeGuardedCallbackAndCatchFirstError 
(node_modules/react-dom/cjs/react-dom.development.js:4291:25)
      at executeDispatch 
(node_modules/react-dom/cjs/react-dom.development.js:9041:3)
      at processDispatchQueueItemsInOrder 
(node_modules/react-dom/cjs/react-dom.development.js:9073:7)
      at processDispatchQueue 
(node_modules/react-dom/cjs/react-dom.development.js:9086:5)
      at dispatchEventsForPlugins 
(node_modules/react-dom/cjs/react-dom.development.js:9097:3)
      at node_modules/react-dom/cjs/react-dom.development.js:9288:12
      at batchedUpdates$1 
(node_modules/react-dom/cjs/react-dom.development.js:26179:12)
      at batchedUpdates 
(node_modules/react-dom/cjs/react-dom.development.js:3991:12)
      at dispatchEventForPluginEventSystem 
(node_modules/react-dom/cjs/react-dom.development.js:9287:3)
      at dispatchEventWithEnableCapturePhaseSelectiveHydrationWithoutDiscreteEv
entReplay (node_modules/react-dom/cjs/react-dom.development.js:6465:5)
      at dispatchEvent 
(node_modules/react-dom/cjs/react-dom.development.js:6457:5)
      at dispatchDiscreteEvent 
(node_modules/react-dom/cjs/react-dom.development.js:6430:5)
      at HTMLDivElement.callTheUserObjectsOperation 
(node_modules/jsdom/lib/jsdom/living/generated/EventListener.js:26:30)
      at innerInvokeEventListeners 
(node_modules/jsdom/lib/jsdom/living/events/EventTarget-impl.js:350:25)
      at invokeEventListeners 
(node_modules/jsdom/lib/jsdom/living/events/EventTarget-impl.js:286:3)
      at HTMLInputElementImpl._dispatch 
(node_modules/jsdom/lib/jsdom/living/events/EventTarget-impl.js:233:9)
      at HTMLInputElementImpl.dispatchEvent 
(node_modules/jsdom/lib/jsdom/living/events/EventTarget-impl.js:104:17)
      at HTMLInputElement.dispatchEvent 
(node_modules/jsdom/lib/jsdom/living/generated/EventTarget.js:241:34)
      at 
node_modules/@testing-library/user-event/dist/cjs/event/dispatchEvent.js:45:43
      at Object.eventWrapper 
(node_modules/@testing-library/dom/dist/config.js:25:23)
      at Object.wrapEvent 
(node_modules/@testing-library/user-event/dist/cjs/event/wrapEvent.js:6:28)
      at Object.dispatchEvent (node_modules/@testing-library/user-event/dist/cj
s/event/dispatchEvent.js:45:22)
      at Object.dispatchUIEvent (node_modules/@testing-library/user-event/dist/
cjs/event/dispatchEvent.js:22:26)
      at commitInput 
(node_modules/@testing-library/user-event/dist/cjs/event/input.js:145:14)
      at editInputElement 
(node_modules/@testing-library/user-event/dist/cjs/event/input.js:115:9)
      at Object.input 
(node_modules/@testing-library/user-event/dist/cjs/event/input.js:37:9)
      at node_modules/@testing-library/user-event/dist/cjs/event/behavior/keypr
ess.js:31:26
      at Object.dispatchEvent (node_modules/@testing-library/user-event/dist/cj
s/event/dispatchEvent.js:41:13)
      at Object.dispatchUIEvent (node_modules/@testing-library/user-event/dist/
cjs/event/dispatchEvent.js:22:26)
      at KeyboardHost.keydown 
(node_modules/@testing-library/user-event/dist/cjs/system/keyboard.js:76:22)
      at keyboardAction 
(node_modules/@testing-library/user-event/dist/cjs/keyboard/index.js:22:35)
      at Object.keyboard 
(node_modules/@testing-library/user-event/dist/cjs/keyboard/index.js:11:15)
      at Object.type 
(node_modules/@testing-library/user-event/dist/cjs/utility/type.js:17:5)
      at Object.<anonymous> (src/profile/__tests__/profile.test.tsx:259:5)

    console.error
      Warning: An update to ProfilePage inside a test was not wrapped in 
act(...).
      
      When testing, code that causes React state updates should be wrapped 
into act(...):
      
      act(() => {
        /* fire events that update state */
      });
      /* assert on the output */
      
      This ensures that you're testing the behavior the user would see in the 
browser. Learn more at https://reactjs.org/link/wrap-tests-with-act
          at ProfilePage (C:\Users\samhe\OneDrive\Desktop\Cleaned\frontend\src\
profile\ProfilePage.tsx:17:41)
          at basenameProp (C:\Users\samhe\OneDrive\Desktop\Cleaned\frontend\nod
e_modules\react-router\lib\components.tsx:421:13)
          at basename (C:\Users\samhe\OneDrive\Desktop\Cleaned\frontend\node_mo
dules\react-router\lib\components.tsx:225:3)

      172 |               className="border border-gray-300 rounded-md px-3 
py-2 text-sm"
      173 |               value={newPassword}
    > 174 |               onChange={e => setNewPassword(e.target.value)}
          |                              ^
      175 |             />
      176 |             <p className="text-xs text-gray-500">
      177 |               Minimum 8 characters, at least 1 uppercase letter 
and 1 number.

      at printWarning 
(node_modules/react-dom/cjs/react-dom.development.js:86:30)
      at error (node_modules/react-dom/cjs/react-dom.development.js:60:7)
      at warnIfUpdatesNotWrappedWithActDEV 
(node_modules/react-dom/cjs/react-dom.development.js:27628:9)
      at scheduleUpdateOnFiber 
(node_modules/react-dom/cjs/react-dom.development.js:25547:5)
      at dispatchSetState 
(node_modules/react-dom/cjs/react-dom.development.js:16708:7)
      at onChange (src/profile/ProfilePage.tsx:174:30)
      at HTMLUnknownElement.callCallback 
(node_modules/react-dom/cjs/react-dom.development.js:4164:14)
      at HTMLUnknownElement.callTheUserObjectsOperation 
(node_modules/jsdom/lib/jsdom/living/generated/EventListener.js:26:30)
      at innerInvokeEventListeners 
(node_modules/jsdom/lib/jsdom/living/events/EventTarget-impl.js:350:25)
      at invokeEventListeners 
(node_modules/jsdom/lib/jsdom/living/events/EventTarget-impl.js:286:3)
      at HTMLUnknownElementImpl._dispatch 
(node_modules/jsdom/lib/jsdom/living/events/EventTarget-impl.js:233:9)
      at HTMLUnknownElementImpl.dispatchEvent 
(node_modules/jsdom/lib/jsdom/living/events/EventTarget-impl.js:104:17)
      at HTMLUnknownElement.dispatchEvent 
(node_modules/jsdom/lib/jsdom/living/generated/EventTarget.js:241:34)
      at Object.invokeGuardedCallbackDev 
(node_modules/react-dom/cjs/react-dom.development.js:4213:16)
      at invokeGuardedCallback 
(node_modules/react-dom/cjs/react-dom.development.js:4277:31)
      at invokeGuardedCallbackAndCatchFirstError 
(node_modules/react-dom/cjs/react-dom.development.js:4291:25)
      at executeDispatch 
(node_modules/react-dom/cjs/react-dom.development.js:9041:3)
      at processDispatchQueueItemsInOrder 
(node_modules/react-dom/cjs/react-dom.development.js:9073:7)
      at processDispatchQueue 
(node_modules/react-dom/cjs/react-dom.development.js:9086:5)
      at dispatchEventsForPlugins 
(node_modules/react-dom/cjs/react-dom.development.js:9097:3)
      at node_modules/react-dom/cjs/react-dom.development.js:9288:12
      at batchedUpdates$1 
(node_modules/react-dom/cjs/react-dom.development.js:26179:12)
      at batchedUpdates 
(node_modules/react-dom/cjs/react-dom.development.js:3991:12)
      at dispatchEventForPluginEventSystem 
(node_modules/react-dom/cjs/react-dom.development.js:9287:3)
      at dispatchEventWithEnableCapturePhaseSelectiveHydrationWithoutDiscreteEv
entReplay (node_modules/react-dom/cjs/react-dom.development.js:6465:5)
      at dispatchEvent 
(node_modules/react-dom/cjs/react-dom.development.js:6457:5)
      at dispatchDiscreteEvent 
(node_modules/react-dom/cjs/react-dom.development.js:6430:5)
      at HTMLDivElement.callTheUserObjectsOperation 
(node_modules/jsdom/lib/jsdom/living/generated/EventListener.js:26:30)
      at innerInvokeEventListeners 
(node_modules/jsdom/lib/jsdom/living/events/EventTarget-impl.js:350:25)
      at invokeEventListeners 
(node_modules/jsdom/lib/jsdom/living/events/EventTarget-impl.js:286:3)
      at HTMLInputElementImpl._dispatch 
(node_modules/jsdom/lib/jsdom/living/events/EventTarget-impl.js:233:9)
      at HTMLInputElementImpl.dispatchEvent 
(node_modules/jsdom/lib/jsdom/living/events/EventTarget-impl.js:104:17)
      at HTMLInputElement.dispatchEvent 
(node_modules/jsdom/lib/jsdom/living/generated/EventTarget.js:241:34)
      at 
node_modules/@testing-library/user-event/dist/cjs/event/dispatchEvent.js:45:43
      at Object.eventWrapper 
(node_modules/@testing-library/dom/dist/config.js:25:23)
      at Object.wrapEvent 
(node_modules/@testing-library/user-event/dist/cjs/event/wrapEvent.js:6:28)
      at Object.dispatchEvent (node_modules/@testing-library/user-event/dist/cj
s/event/dispatchEvent.js:45:22)
      at Object.dispatchUIEvent (node_modules/@testing-library/user-event/dist/
cjs/event/dispatchEvent.js:22:26)
      at commitInput 
(node_modules/@testing-library/user-event/dist/cjs/event/input.js:145:14)
      at editInputElement 
(node_modules/@testing-library/user-event/dist/cjs/event/input.js:115:9)
      at Object.input 
(node_modules/@testing-library/user-event/dist/cjs/event/input.js:37:9)
      at node_modules/@testing-library/user-event/dist/cjs/event/behavior/keypr
ess.js:31:26
      at Object.dispatchEvent (node_modules/@testing-library/user-event/dist/cj
s/event/dispatchEvent.js:41:13)
      at Object.dispatchUIEvent (node_modules/@testing-library/user-event/dist/
cjs/event/dispatchEvent.js:22:26)
      at KeyboardHost.keydown 
(node_modules/@testing-library/user-event/dist/cjs/system/keyboard.js:76:22)
      at keyboardAction 
(node_modules/@testing-library/user-event/dist/cjs/keyboard/index.js:22:35)
      at Object.keyboard 
(node_modules/@testing-library/user-event/dist/cjs/keyboard/index.js:11:15)
      at Object.type 
(node_modules/@testing-library/user-event/dist/cjs/utility/type.js:17:5)
      at Object.<anonymous> (src/profile/__tests__/profile.test.tsx:259:5)

    console.error
      Warning: An update to ProfilePage inside a test was not wrapped in 
act(...).
      
      When testing, code that causes React state updates should be wrapped 
into act(...):
      
      act(() => {
        /* fire events that update state */
      });
      /* assert on the output */
      
      This ensures that you're testing the behavior the user would see in the 
browser. Learn more at https://reactjs.org/link/wrap-tests-with-act
          at ProfilePage (C:\Users\samhe\OneDrive\Desktop\Cleaned\frontend\src\
profile\ProfilePage.tsx:17:41)
          at basenameProp (C:\Users\samhe\OneDrive\Desktop\Cleaned\frontend\nod
e_modules\react-router\lib\components.tsx:421:13)
          at basename (C:\Users\samhe\OneDrive\Desktop\Cleaned\frontend\node_mo
dules\react-router\lib\components.tsx:225:3)

      172 |               className="border border-gray-300 rounded-md px-3 
py-2 text-sm"
      173 |               value={newPassword}
    > 174 |               onChange={e => setNewPassword(e.target.value)}
          |                              ^
      175 |             />
      176 |             <p className="text-xs text-gray-500">
      177 |               Minimum 8 characters, at least 1 uppercase letter 
and 1 number.

      at printWarning 
(node_modules/react-dom/cjs/react-dom.development.js:86:30)
      at error (node_modules/react-dom/cjs/react-dom.development.js:60:7)
      at warnIfUpdatesNotWrappedWithActDEV 
(node_modules/react-dom/cjs/react-dom.development.js:27628:9)
      at scheduleUpdateOnFiber 
(node_modules/react-dom/cjs/react-dom.development.js:25547:5)
      at dispatchSetState 
(node_modules/react-dom/cjs/react-dom.development.js:16708:7)
      at onChange (src/profile/ProfilePage.tsx:174:30)
      at HTMLUnknownElement.callCallback 
(node_modules/react-dom/cjs/react-dom.development.js:4164:14)
      at HTMLUnknownElement.callTheUserObjectsOperation 
(node_modules/jsdom/lib/jsdom/living/generated/EventListener.js:26:30)
      at innerInvokeEventListeners 
(node_modules/jsdom/lib/jsdom/living/events/EventTarget-impl.js:350:25)
      at invokeEventListeners 
(node_modules/jsdom/lib/jsdom/living/events/EventTarget-impl.js:286:3)
      at HTMLUnknownElementImpl._dispatch 
(node_modules/jsdom/lib/jsdom/living/events/EventTarget-impl.js:233:9)
      at HTMLUnknownElementImpl.dispatchEvent 
(node_modules/jsdom/lib/jsdom/living/events/EventTarget-impl.js:104:17)
      at HTMLUnknownElement.dispatchEvent 
(node_modules/jsdom/lib/jsdom/living/generated/EventTarget.js:241:34)
      at Object.invokeGuardedCallbackDev 
(node_modules/react-dom/cjs/react-dom.development.js:4213:16)
      at invokeGuardedCallback 
(node_modules/react-dom/cjs/react-dom.development.js:4277:31)
      at invokeGuardedCallbackAndCatchFirstError 
(node_modules/react-dom/cjs/react-dom.development.js:4291:25)
      at executeDispatch 
(node_modules/react-dom/cjs/react-dom.development.js:9041:3)
      at processDispatchQueueItemsInOrder 
(node_modules/react-dom/cjs/react-dom.development.js:9073:7)
      at processDispatchQueue 
(node_modules/react-dom/cjs/react-dom.development.js:9086:5)
      at dispatchEventsForPlugins 
(node_modules/react-dom/cjs/react-dom.development.js:9097:3)
      at node_modules/react-dom/cjs/react-dom.development.js:9288:12
      at batchedUpdates$1 
(node_modules/react-dom/cjs/react-dom.development.js:26179:12)
      at batchedUpdates 
(node_modules/react-dom/cjs/react-dom.development.js:3991:12)
      at dispatchEventForPluginEventSystem 
(node_modules/react-dom/cjs/react-dom.development.js:9287:3)
      at dispatchEventWithEnableCapturePhaseSelectiveHydrationWithoutDiscreteEv
entReplay (node_modules/react-dom/cjs/react-dom.development.js:6465:5)
      at dispatchEvent 
(node_modules/react-dom/cjs/react-dom.development.js:6457:5)
      at dispatchDiscreteEvent 
(node_modules/react-dom/cjs/react-dom.development.js:6430:5)
      at HTMLDivElement.callTheUserObjectsOperation 
(node_modules/jsdom/lib/jsdom/living/generated/EventListener.js:26:30)
      at innerInvokeEventListeners 
(node_modules/jsdom/lib/jsdom/living/events/EventTarget-impl.js:350:25)
      at invokeEventListeners 
(node_modules/jsdom/lib/jsdom/living/events/EventTarget-impl.js:286:3)
      at HTMLInputElementImpl._dispatch 
(node_modules/jsdom/lib/jsdom/living/events/EventTarget-impl.js:233:9)
      at HTMLInputElementImpl.dispatchEvent 
(node_modules/jsdom/lib/jsdom/living/events/EventTarget-impl.js:104:17)
      at HTMLInputElement.dispatchEvent 
(node_modules/jsdom/lib/jsdom/living/generated/EventTarget.js:241:34)
      at 
node_modules/@testing-library/user-event/dist/cjs/event/dispatchEvent.js:45:43
      at Object.eventWrapper 
(node_modules/@testing-library/dom/dist/config.js:25:23)
      at Object.wrapEvent 
(node_modules/@testing-library/user-event/dist/cjs/event/wrapEvent.js:6:28)
      at Object.dispatchEvent (node_modules/@testing-library/user-event/dist/cj
s/event/dispatchEvent.js:45:22)
      at Object.dispatchUIEvent (node_modules/@testing-library/user-event/dist/
cjs/event/dispatchEvent.js:22:26)
      at commitInput 
(node_modules/@testing-library/user-event/dist/cjs/event/input.js:145:14)
      at editInputElement 
(node_modules/@testing-library/user-event/dist/cjs/event/input.js:115:9)
      at Object.input 
(node_modules/@testing-library/user-event/dist/cjs/event/input.js:37:9)
      at node_modules/@testing-library/user-event/dist/cjs/event/behavior/keypr
ess.js:31:26
      at Object.dispatchEvent (node_modules/@testing-library/user-event/dist/cj
s/event/dispatchEvent.js:41:13)
      at Object.dispatchUIEvent (node_modules/@testing-library/user-event/dist/
cjs/event/dispatchEvent.js:22:26)
      at KeyboardHost.keydown 
(node_modules/@testing-library/user-event/dist/cjs/system/keyboard.js:76:22)
      at keyboardAction 
(node_modules/@testing-library/user-event/dist/cjs/keyboard/index.js:22:35)
      at Object.keyboard 
(node_modules/@testing-library/user-event/dist/cjs/keyboard/index.js:11:15)
      at Object.type 
(node_modules/@testing-library/user-event/dist/cjs/utility/type.js:17:5)
      at Object.<anonymous> (src/profile/__tests__/profile.test.tsx:259:5)

    console.error
      Warning: An update to ProfilePage inside a test was not wrapped in 
act(...).
      
      When testing, code that causes React state updates should be wrapped 
into act(...):
      
      act(() => {
        /* fire events that update state */
      });
      /* assert on the output */
      
      This ensures that you're testing the behavior the user would see in the 
browser. Learn more at https://reactjs.org/link/wrap-tests-with-act
          at ProfilePage (C:\Users\samhe\OneDrive\Desktop\Cleaned\frontend\src\
profile\ProfilePage.tsx:17:41)
          at basenameProp (C:\Users\samhe\OneDrive\Desktop\Cleaned\frontend\nod
e_modules\react-router\lib\components.tsx:421:13)
          at basename (C:\Users\samhe\OneDrive\Desktop\Cleaned\frontend\node_mo
dules\react-router\lib\components.tsx:225:3)

      172 |               className="border border-gray-300 rounded-md px-3 
py-2 text-sm"
      173 |               value={newPassword}
    > 174 |               onChange={e => setNewPassword(e.target.value)}
          |                              ^
      175 |             />
      176 |             <p className="text-xs text-gray-500">
      177 |               Minimum 8 characters, at least 1 uppercase letter 
and 1 number.

      at printWarning 
(node_modules/react-dom/cjs/react-dom.development.js:86:30)
      at error (node_modules/react-dom/cjs/react-dom.development.js:60:7)
      at warnIfUpdatesNotWrappedWithActDEV 
(node_modules/react-dom/cjs/react-dom.development.js:27628:9)
      at scheduleUpdateOnFiber 
(node_modules/react-dom/cjs/react-dom.development.js:25547:5)
      at dispatchSetState 
(node_modules/react-dom/cjs/react-dom.development.js:16708:7)
      at onChange (src/profile/ProfilePage.tsx:174:30)
      at HTMLUnknownElement.callCallback 
(node_modules/react-dom/cjs/react-dom.development.js:4164:14)
      at HTMLUnknownElement.callTheUserObjectsOperation 
(node_modules/jsdom/lib/jsdom/living/generated/EventListener.js:26:30)
      at innerInvokeEventListeners 
(node_modules/jsdom/lib/jsdom/living/events/EventTarget-impl.js:350:25)
      at invokeEventListeners 
(node_modules/jsdom/lib/jsdom/living/events/EventTarget-impl.js:286:3)
      at HTMLUnknownElementImpl._dispatch 
(node_modules/jsdom/lib/jsdom/living/events/EventTarget-impl.js:233:9)
      at HTMLUnknownElementImpl.dispatchEvent 
(node_modules/jsdom/lib/jsdom/living/events/EventTarget-impl.js:104:17)
      at HTMLUnknownElement.dispatchEvent 
(node_modules/jsdom/lib/jsdom/living/generated/EventTarget.js:241:34)
      at Object.invokeGuardedCallbackDev 
(node_modules/react-dom/cjs/react-dom.development.js:4213:16)
      at invokeGuardedCallback 
(node_modules/react-dom/cjs/react-dom.development.js:4277:31)
      at invokeGuardedCallbackAndCatchFirstError 
(node_modules/react-dom/cjs/react-dom.development.js:4291:25)
      at executeDispatch 
(node_modules/react-dom/cjs/react-dom.development.js:9041:3)
      at processDispatchQueueItemsInOrder 
(node_modules/react-dom/cjs/react-dom.development.js:9073:7)
      at processDispatchQueue 
(node_modules/react-dom/cjs/react-dom.development.js:9086:5)
      at dispatchEventsForPlugins 
(node_modules/react-dom/cjs/react-dom.development.js:9097:3)
      at node_modules/react-dom/cjs/react-dom.development.js:9288:12
      at batchedUpdates$1 
(node_modules/react-dom/cjs/react-dom.development.js:26179:12)
      at batchedUpdates 
(node_modules/react-dom/cjs/react-dom.development.js:3991:12)
      at dispatchEventForPluginEventSystem 
(node_modules/react-dom/cjs/react-dom.development.js:9287:3)
      at dispatchEventWithEnableCapturePhaseSelectiveHydrationWithoutDiscreteEv
entReplay (node_modules/react-dom/cjs/react-dom.development.js:6465:5)
      at dispatchEvent 
(node_modules/react-dom/cjs/react-dom.development.js:6457:5)
      at dispatchDiscreteEvent 
(node_modules/react-dom/cjs/react-dom.development.js:6430:5)
      at HTMLDivElement.callTheUserObjectsOperation 
(node_modules/jsdom/lib/jsdom/living/generated/EventListener.js:26:30)
      at innerInvokeEventListeners 
(node_modules/jsdom/lib/jsdom/living/events/EventTarget-impl.js:350:25)
      at invokeEventListeners 
(node_modules/jsdom/lib/jsdom/living/events/EventTarget-impl.js:286:3)
      at HTMLInputElementImpl._dispatch 
(node_modules/jsdom/lib/jsdom/living/events/EventTarget-impl.js:233:9)
      at HTMLInputElementImpl.dispatchEvent 
(node_modules/jsdom/lib/jsdom/living/events/EventTarget-impl.js:104:17)
      at HTMLInputElement.dispatchEvent 
(node_modules/jsdom/lib/jsdom/living/generated/EventTarget.js:241:34)
      at 
node_modules/@testing-library/user-event/dist/cjs/event/dispatchEvent.js:45:43
      at Object.eventWrapper 
(node_modules/@testing-library/dom/dist/config.js:25:23)
      at Object.wrapEvent 
(node_modules/@testing-library/user-event/dist/cjs/event/wrapEvent.js:6:28)
      at Object.dispatchEvent (node_modules/@testing-library/user-event/dist/cj
s/event/dispatchEvent.js:45:22)
      at Object.dispatchUIEvent (node_modules/@testing-library/user-event/dist/
cjs/event/dispatchEvent.js:22:26)
      at commitInput 
(node_modules/@testing-library/user-event/dist/cjs/event/input.js:145:14)
      at editInputElement 
(node_modules/@testing-library/user-event/dist/cjs/event/input.js:115:9)
      at Object.input 
(node_modules/@testing-library/user-event/dist/cjs/event/input.js:37:9)
      at node_modules/@testing-library/user-event/dist/cjs/event/behavior/keypr
ess.js:31:26
      at Object.dispatchEvent (node_modules/@testing-library/user-event/dist/cj
s/event/dispatchEvent.js:41:13)
      at Object.dispatchUIEvent (node_modules/@testing-library/user-event/dist/
cjs/event/dispatchEvent.js:22:26)
      at KeyboardHost.keydown 
(node_modules/@testing-library/user-event/dist/cjs/system/keyboard.js:76:22)
      at keyboardAction 
(node_modules/@testing-library/user-event/dist/cjs/keyboard/index.js:22:35)
      at Object.keyboard 
(node_modules/@testing-library/user-event/dist/cjs/keyboard/index.js:11:15)
      at Object.type 
(node_modules/@testing-library/user-event/dist/cjs/utility/type.js:17:5)
      at Object.<anonymous> (src/profile/__tests__/profile.test.tsx:259:5)

    console.error
      Warning: An update to ProfilePage inside a test was not wrapped in 
act(...).
      
      When testing, code that causes React state updates should be wrapped 
into act(...):
      
      act(() => {
        /* fire events that update state */
      });
      /* assert on the output */
      
      This ensures that you're testing the behavior the user would see in the 
browser. Learn more at https://reactjs.org/link/wrap-tests-with-act
          at ProfilePage (C:\Users\samhe\OneDrive\Desktop\Cleaned\frontend\src\
profile\ProfilePage.tsx:17:41)
          at basenameProp (C:\Users\samhe\OneDrive\Desktop\Cleaned\frontend\nod
e_modules\react-router\lib\components.tsx:421:13)
          at basename (C:\Users\samhe\OneDrive\Desktop\Cleaned\frontend\node_mo
dules\react-router\lib\components.tsx:225:3)

      172 |               className="border border-gray-300 rounded-md px-3 
py-2 text-sm"
      173 |               value={newPassword}
    > 174 |               onChange={e => setNewPassword(e.target.value)}
          |                              ^
      175 |             />
      176 |             <p className="text-xs text-gray-500">
      177 |               Minimum 8 characters, at least 1 uppercase letter 
and 1 number.

      at printWarning 
(node_modules/react-dom/cjs/react-dom.development.js:86:30)
      at error (node_modules/react-dom/cjs/react-dom.development.js:60:7)
      at warnIfUpdatesNotWrappedWithActDEV 
(node_modules/react-dom/cjs/react-dom.development.js:27628:9)
      at scheduleUpdateOnFiber 
(node_modules/react-dom/cjs/react-dom.development.js:25547:5)
      at dispatchSetState 
(node_modules/react-dom/cjs/react-dom.development.js:16708:7)
      at onChange (src/profile/ProfilePage.tsx:174:30)
      at HTMLUnknownElement.callCallback 
(node_modules/react-dom/cjs/react-dom.development.js:4164:14)
      at HTMLUnknownElement.callTheUserObjectsOperation 
(node_modules/jsdom/lib/jsdom/living/generated/EventListener.js:26:30)
      at innerInvokeEventListeners 
(node_modules/jsdom/lib/jsdom/living/events/EventTarget-impl.js:350:25)
      at invokeEventListeners 
(node_modules/jsdom/lib/jsdom/living/events/EventTarget-impl.js:286:3)
      at HTMLUnknownElementImpl._dispatch 
(node_modules/jsdom/lib/jsdom/living/events/EventTarget-impl.js:233:9)
      at HTMLUnknownElementImpl.dispatchEvent 
(node_modules/jsdom/lib/jsdom/living/events/EventTarget-impl.js:104:17)
      at HTMLUnknownElement.dispatchEvent 
(node_modules/jsdom/lib/jsdom/living/generated/EventTarget.js:241:34)
      at Object.invokeGuardedCallbackDev 
(node_modules/react-dom/cjs/react-dom.development.js:4213:16)
      at invokeGuardedCallback 
(node_modules/react-dom/cjs/react-dom.development.js:4277:31)
      at invokeGuardedCallbackAndCatchFirstError 
(node_modules/react-dom/cjs/react-dom.development.js:4291:25)
      at executeDispatch 
(node_modules/react-dom/cjs/react-dom.development.js:9041:3)
      at processDispatchQueueItemsInOrder 
(node_modules/react-dom/cjs/react-dom.development.js:9073:7)
      at processDispatchQueue 
(node_modules/react-dom/cjs/react-dom.development.js:9086:5)
      at dispatchEventsForPlugins 
(node_modules/react-dom/cjs/react-dom.development.js:9097:3)
      at node_modules/react-dom/cjs/react-dom.development.js:9288:12
      at batchedUpdates$1 
(node_modules/react-dom/cjs/react-dom.development.js:26179:12)
      at batchedUpdates 
(node_modules/react-dom/cjs/react-dom.development.js:3991:12)
      at dispatchEventForPluginEventSystem 
(node_modules/react-dom/cjs/react-dom.development.js:9287:3)
      at dispatchEventWithEnableCapturePhaseSelectiveHydrationWithoutDiscreteEv
entReplay (node_modules/react-dom/cjs/react-dom.development.js:6465:5)
      at dispatchEvent 
(node_modules/react-dom/cjs/react-dom.development.js:6457:5)
      at dispatchDiscreteEvent 
(node_modules/react-dom/cjs/react-dom.development.js:6430:5)
      at HTMLDivElement.callTheUserObjectsOperation 
(node_modules/jsdom/lib/jsdom/living/generated/EventListener.js:26:30)
      at innerInvokeEventListeners 
(node_modules/jsdom/lib/jsdom/living/events/EventTarget-impl.js:350:25)
      at invokeEventListeners 
(node_modules/jsdom/lib/jsdom/living/events/EventTarget-impl.js:286:3)
      at HTMLInputElementImpl._dispatch 
(node_modules/jsdom/lib/jsdom/living/events/EventTarget-impl.js:233:9)
      at HTMLInputElementImpl.dispatchEvent 
(node_modules/jsdom/lib/jsdom/living/events/EventTarget-impl.js:104:17)
      at HTMLInputElement.dispatchEvent 
(node_modules/jsdom/lib/jsdom/living/generated/EventTarget.js:241:34)
      at 
node_modules/@testing-library/user-event/dist/cjs/event/dispatchEvent.js:45:43
      at Object.eventWrapper 
(node_modules/@testing-library/dom/dist/config.js:25:23)
      at Object.wrapEvent 
(node_modules/@testing-library/user-event/dist/cjs/event/wrapEvent.js:6:28)
      at Object.dispatchEvent (node_modules/@testing-library/user-event/dist/cj
s/event/dispatchEvent.js:45:22)
      at Object.dispatchUIEvent (node_modules/@testing-library/user-event/dist/
cjs/event/dispatchEvent.js:22:26)
      at commitInput 
(node_modules/@testing-library/user-event/dist/cjs/event/input.js:145:14)
      at editInputElement 
(node_modules/@testing-library/user-event/dist/cjs/event/input.js:115:9)
      at Object.input 
(node_modules/@testing-library/user-event/dist/cjs/event/input.js:37:9)
      at node_modules/@testing-library/user-event/dist/cjs/event/behavior/keypr
ess.js:31:26
      at Object.dispatchEvent (node_modules/@testing-library/user-event/dist/cj
s/event/dispatchEvent.js:41:13)
      at Object.dispatchUIEvent (node_modules/@testing-library/user-event/dist/
cjs/event/dispatchEvent.js:22:26)
      at KeyboardHost.keydown 
(node_modules/@testing-library/user-event/dist/cjs/system/keyboard.js:76:22)
      at keyboardAction 
(node_modules/@testing-library/user-event/dist/cjs/keyboard/index.js:22:35)
      at Object.keyboard 
(node_modules/@testing-library/user-event/dist/cjs/keyboard/index.js:11:15)
      at Object.type 
(node_modules/@testing-library/user-event/dist/cjs/utility/type.js:17:5)
      at Object.<anonymous> (src/profile/__tests__/profile.test.tsx:259:5)

    console.error
      Warning: An update to ProfilePage inside a test was not wrapped in 
act(...).
      
      When testing, code that causes React state updates should be wrapped 
into act(...):
      
      act(() => {
        /* fire events that update state */
      });
      /* assert on the output */
      
      This ensures that you're testing the behavior the user would see in the 
browser. Learn more at https://reactjs.org/link/wrap-tests-with-act
          at ProfilePage (C:\Users\samhe\OneDrive\Desktop\Cleaned\frontend\src\
profile\ProfilePage.tsx:17:41)
          at basenameProp (C:\Users\samhe\OneDrive\Desktop\Cleaned\frontend\nod
e_modules\react-router\lib\components.tsx:421:13)
          at basename (C:\Users\samhe\OneDrive\Desktop\Cleaned\frontend\node_mo
dules\react-router\lib\components.tsx:225:3)

      191 |               className="border border-gray-300 rounded-md px-3 
py-2 text-sm"
      192 |               value={confirmPassword}
    > 193 |               onChange={e => setConfirmPassword(e.target.value)}
          |                              ^
      194 |             />
      195 |             {confirmPassword && !passwordsMatch && (
      196 |               <p className="text-sm text-red-600">Passwords do not 
match</p>

      at printWarning 
(node_modules/react-dom/cjs/react-dom.development.js:86:30)
      at error (node_modules/react-dom/cjs/react-dom.development.js:60:7)
      at warnIfUpdatesNotWrappedWithActDEV 
(node_modules/react-dom/cjs/react-dom.development.js:27628:9)
      at scheduleUpdateOnFiber 
(node_modules/react-dom/cjs/react-dom.development.js:25547:5)
      at dispatchSetState 
(node_modules/react-dom/cjs/react-dom.development.js:16708:7)
      at onChange (src/profile/ProfilePage.tsx:193:30)
      at HTMLUnknownElement.callCallback 
(node_modules/react-dom/cjs/react-dom.development.js:4164:14)
      at HTMLUnknownElement.callTheUserObjectsOperation 
(node_modules/jsdom/lib/jsdom/living/generated/EventListener.js:26:30)
      at innerInvokeEventListeners 
(node_modules/jsdom/lib/jsdom/living/events/EventTarget-impl.js:350:25)
      at invokeEventListeners 
(node_modules/jsdom/lib/jsdom/living/events/EventTarget-impl.js:286:3)
      at HTMLUnknownElementImpl._dispatch 
(node_modules/jsdom/lib/jsdom/living/events/EventTarget-impl.js:233:9)
      at HTMLUnknownElementImpl.dispatchEvent 
(node_modules/jsdom/lib/jsdom/living/events/EventTarget-impl.js:104:17)
      at HTMLUnknownElement.dispatchEvent 
(node_modules/jsdom/lib/jsdom/living/generated/EventTarget.js:241:34)
      at Object.invokeGuardedCallbackDev 
(node_modules/react-dom/cjs/react-dom.development.js:4213:16)
      at invokeGuardedCallback 
(node_modules/react-dom/cjs/react-dom.development.js:4277:31)
      at invokeGuardedCallbackAndCatchFirstError 
(node_modules/react-dom/cjs/react-dom.development.js:4291:25)
      at executeDispatch 
(node_modules/react-dom/cjs/react-dom.development.js:9041:3)
      at processDispatchQueueItemsInOrder 
(node_modules/react-dom/cjs/react-dom.development.js:9073:7)
      at processDispatchQueue 
(node_modules/react-dom/cjs/react-dom.development.js:9086:5)
      at dispatchEventsForPlugins 
(node_modules/react-dom/cjs/react-dom.development.js:9097:3)
      at node_modules/react-dom/cjs/react-dom.development.js:9288:12
      at batchedUpdates$1 
(node_modules/react-dom/cjs/react-dom.development.js:26179:12)
      at batchedUpdates 
(node_modules/react-dom/cjs/react-dom.development.js:3991:12)
      at dispatchEventForPluginEventSystem 
(node_modules/react-dom/cjs/react-dom.development.js:9287:3)
      at dispatchEventWithEnableCapturePhaseSelectiveHydrationWithoutDiscreteEv
entReplay (node_modules/react-dom/cjs/react-dom.development.js:6465:5)
      at dispatchEvent 
(node_modules/react-dom/cjs/react-dom.development.js:6457:5)
      at dispatchDiscreteEvent 
(node_modules/react-dom/cjs/react-dom.development.js:6430:5)
      at HTMLDivElement.callTheUserObjectsOperation 
(node_modules/jsdom/lib/jsdom/living/generated/EventListener.js:26:30)
      at innerInvokeEventListeners 
(node_modules/jsdom/lib/jsdom/living/events/EventTarget-impl.js:350:25)
      at invokeEventListeners 
(node_modules/jsdom/lib/jsdom/living/events/EventTarget-impl.js:286:3)
      at HTMLInputElementImpl._dispatch 
(node_modules/jsdom/lib/jsdom/living/events/EventTarget-impl.js:233:9)
      at HTMLInputElementImpl.dispatchEvent 
(node_modules/jsdom/lib/jsdom/living/events/EventTarget-impl.js:104:17)
      at HTMLInputElement.dispatchEvent 
(node_modules/jsdom/lib/jsdom/living/generated/EventTarget.js:241:34)
      at 
node_modules/@testing-library/user-event/dist/cjs/event/dispatchEvent.js:45:43
      at Object.eventWrapper 
(node_modules/@testing-library/dom/dist/config.js:25:23)
      at Object.wrapEvent 
(node_modules/@testing-library/user-event/dist/cjs/event/wrapEvent.js:6:28)
      at Object.dispatchEvent (node_modules/@testing-library/user-event/dist/cj
s/event/dispatchEvent.js:45:22)
      at Object.dispatchUIEvent (node_modules/@testing-library/user-event/dist/
cjs/event/dispatchEvent.js:22:26)
      at commitInput 
(node_modules/@testing-library/user-event/dist/cjs/event/input.js:145:14)
      at editInputElement 
(node_modules/@testing-library/user-event/dist/cjs/event/input.js:115:9)
      at Object.input 
(node_modules/@testing-library/user-event/dist/cjs/event/input.js:37:9)
      at node_modules/@testing-library/user-event/dist/cjs/event/behavior/keypr
ess.js:31:26
      at Object.dispatchEvent (node_modules/@testing-library/user-event/dist/cj
s/event/dispatchEvent.js:41:13)
      at Object.dispatchUIEvent (node_modules/@testing-library/user-event/dist/
cjs/event/dispatchEvent.js:22:26)
      at KeyboardHost.keydown 
(node_modules/@testing-library/user-event/dist/cjs/system/keyboard.js:76:22)
      at keyboardAction 
(node_modules/@testing-library/user-event/dist/cjs/keyboard/index.js:22:35)
      at Object.keyboard 
(node_modules/@testing-library/user-event/dist/cjs/keyboard/index.js:11:15)
      at Object.type 
(node_modules/@testing-library/user-event/dist/cjs/utility/type.js:17:5)
      at Object.<anonymous> (src/profile/__tests__/profile.test.tsx:260:5)

    console.error
      Warning: An update to ProfilePage inside a test was not wrapped in 
act(...).
      
      When testing, code that causes React state updates should be wrapped 
into act(...):
      
      act(() => {
        /* fire events that update state */
      });
      /* assert on the output */
      
      This ensures that you're testing the behavior the user would see in the 
browser. Learn more at https://reactjs.org/link/wrap-tests-with-act
          at ProfilePage (C:\Users\samhe\OneDrive\Desktop\Cleaned\frontend\src\
profile\ProfilePage.tsx:17:41)
          at basenameProp (C:\Users\samhe\OneDrive\Desktop\Cleaned\frontend\nod
e_modules\react-router\lib\components.tsx:421:13)
          at basename (C:\Users\samhe\OneDrive\Desktop\Cleaned\frontend\node_mo
dules\react-router\lib\components.tsx:225:3)

      191 |               className="border border-gray-300 rounded-md px-3 
py-2 text-sm"
      192 |               value={confirmPassword}
    > 193 |               onChange={e => setConfirmPassword(e.target.value)}
          |                              ^
      194 |             />
      195 |             {confirmPassword && !passwordsMatch && (
      196 |               <p className="text-sm text-red-600">Passwords do not 
match</p>

      at printWarning 
(node_modules/react-dom/cjs/react-dom.development.js:86:30)
      at error (node_modules/react-dom/cjs/react-dom.development.js:60:7)
      at warnIfUpdatesNotWrappedWithActDEV 
(node_modules/react-dom/cjs/react-dom.development.js:27628:9)
      at scheduleUpdateOnFiber 
(node_modules/react-dom/cjs/react-dom.development.js:25547:5)
      at dispatchSetState 
(node_modules/react-dom/cjs/react-dom.development.js:16708:7)
      at onChange (src/profile/ProfilePage.tsx:193:30)
      at HTMLUnknownElement.callCallback 
(node_modules/react-dom/cjs/react-dom.development.js:4164:14)
      at HTMLUnknownElement.callTheUserObjectsOperation 
(node_modules/jsdom/lib/jsdom/living/generated/EventListener.js:26:30)
      at innerInvokeEventListeners 
(node_modules/jsdom/lib/jsdom/living/events/EventTarget-impl.js:350:25)
      at invokeEventListeners 
(node_modules/jsdom/lib/jsdom/living/events/EventTarget-impl.js:286:3)
      at HTMLUnknownElementImpl._dispatch 
(node_modules/jsdom/lib/jsdom/living/events/EventTarget-impl.js:233:9)
      at HTMLUnknownElementImpl.dispatchEvent 
(node_modules/jsdom/lib/jsdom/living/events/EventTarget-impl.js:104:17)
      at HTMLUnknownElement.dispatchEvent 
(node_modules/jsdom/lib/jsdom/living/generated/EventTarget.js:241:34)
      at Object.invokeGuardedCallbackDev 
(node_modules/react-dom/cjs/react-dom.development.js:4213:16)
      at invokeGuardedCallback 
(node_modules/react-dom/cjs/react-dom.development.js:4277:31)
      at invokeGuardedCallbackAndCatchFirstError 
(node_modules/react-dom/cjs/react-dom.development.js:4291:25)
      at executeDispatch 
(node_modules/react-dom/cjs/react-dom.development.js:9041:3)
      at processDispatchQueueItemsInOrder 
(node_modules/react-dom/cjs/react-dom.development.js:9073:7)
      at processDispatchQueue 
(node_modules/react-dom/cjs/react-dom.development.js:9086:5)
      at dispatchEventsForPlugins 
(node_modules/react-dom/cjs/react-dom.development.js:9097:3)
      at node_modules/react-dom/cjs/react-dom.development.js:9288:12
      at batchedUpdates$1 
(node_modules/react-dom/cjs/react-dom.development.js:26179:12)
      at batchedUpdates 
(node_modules/react-dom/cjs/react-dom.development.js:3991:12)
      at dispatchEventForPluginEventSystem 
(node_modules/react-dom/cjs/react-dom.development.js:9287:3)
      at dispatchEventWithEnableCapturePhaseSelectiveHydrationWithoutDiscreteEv
entReplay (node_modules/react-dom/cjs/react-dom.development.js:6465:5)
      at dispatchEvent 
(node_modules/react-dom/cjs/react-dom.development.js:6457:5)
      at dispatchDiscreteEvent 
(node_modules/react-dom/cjs/react-dom.development.js:6430:5)
      at HTMLDivElement.callTheUserObjectsOperation 
(node_modules/jsdom/lib/jsdom/living/generated/EventListener.js:26:30)
      at innerInvokeEventListeners 
(node_modules/jsdom/lib/jsdom/living/events/EventTarget-impl.js:350:25)
      at invokeEventListeners 
(node_modules/jsdom/lib/jsdom/living/events/EventTarget-impl.js:286:3)
      at HTMLInputElementImpl._dispatch 
(node_modules/jsdom/lib/jsdom/living/events/EventTarget-impl.js:233:9)
      at HTMLInputElementImpl.dispatchEvent 
(node_modules/jsdom/lib/jsdom/living/events/EventTarget-impl.js:104:17)
      at HTMLInputElement.dispatchEvent 
(node_modules/jsdom/lib/jsdom/living/generated/EventTarget.js:241:34)
      at 
node_modules/@testing-library/user-event/dist/cjs/event/dispatchEvent.js:45:43
      at Object.eventWrapper 
(node_modules/@testing-library/dom/dist/config.js:25:23)
      at Object.wrapEvent 
(node_modules/@testing-library/user-event/dist/cjs/event/wrapEvent.js:6:28)
      at Object.dispatchEvent (node_modules/@testing-library/user-event/dist/cj
s/event/dispatchEvent.js:45:22)
      at Object.dispatchUIEvent (node_modules/@testing-library/user-event/dist/
cjs/event/dispatchEvent.js:22:26)
      at commitInput 
(node_modules/@testing-library/user-event/dist/cjs/event/input.js:145:14)
      at editInputElement 
(node_modules/@testing-library/user-event/dist/cjs/event/input.js:115:9)
      at Object.input 
(node_modules/@testing-library/user-event/dist/cjs/event/input.js:37:9)
      at node_modules/@testing-library/user-event/dist/cjs/event/behavior/keypr
ess.js:31:26
      at Object.dispatchEvent (node_modules/@testing-library/user-event/dist/cj
s/event/dispatchEvent.js:41:13)
      at Object.dispatchUIEvent (node_modules/@testing-library/user-event/dist/
cjs/event/dispatchEvent.js:22:26)
      at KeyboardHost.keydown 
(node_modules/@testing-library/user-event/dist/cjs/system/keyboard.js:76:22)
      at keyboardAction 
(node_modules/@testing-library/user-event/dist/cjs/keyboard/index.js:22:35)
      at Object.keyboard 
(node_modules/@testing-library/user-event/dist/cjs/keyboard/index.js:11:15)
      at Object.type 
(node_modules/@testing-library/user-event/dist/cjs/utility/type.js:17:5)
      at Object.<anonymous> (src/profile/__tests__/profile.test.tsx:260:5)

    console.error
      Warning: An update to ProfilePage inside a test was not wrapped in 
act(...).
      
      When testing, code that causes React state updates should be wrapped 
into act(...):
      
      act(() => {
        /* fire events that update state */
      });
      /* assert on the output */
      
      This ensures that you're testing the behavior the user would see in the 
browser. Learn more at https://reactjs.org/link/wrap-tests-with-act
          at ProfilePage (C:\Users\samhe\OneDrive\Desktop\Cleaned\frontend\src\
profile\ProfilePage.tsx:17:41)
          at basenameProp (C:\Users\samhe\OneDrive\Desktop\Cleaned\frontend\nod
e_modules\react-router\lib\components.tsx:421:13)
          at basename (C:\Users\samhe\OneDrive\Desktop\Cleaned\frontend\node_mo
dules\react-router\lib\components.tsx:225:3)

      191 |               className="border border-gray-300 rounded-md px-3 
py-2 text-sm"
      192 |               value={confirmPassword}
    > 193 |               onChange={e => setConfirmPassword(e.target.value)}
          |                              ^
      194 |             />
      195 |             {confirmPassword && !passwordsMatch && (
      196 |               <p className="text-sm text-red-600">Passwords do not 
match</p>

      at printWarning 
(node_modules/react-dom/cjs/react-dom.development.js:86:30)
      at error (node_modules/react-dom/cjs/react-dom.development.js:60:7)
      at warnIfUpdatesNotWrappedWithActDEV 
(node_modules/react-dom/cjs/react-dom.development.js:27628:9)
      at scheduleUpdateOnFiber 
(node_modules/react-dom/cjs/react-dom.development.js:25547:5)
      at dispatchSetState 
(node_modules/react-dom/cjs/react-dom.development.js:16708:7)
      at onChange (src/profile/ProfilePage.tsx:193:30)
      at HTMLUnknownElement.callCallback 
(node_modules/react-dom/cjs/react-dom.development.js:4164:14)
      at HTMLUnknownElement.callTheUserObjectsOperation 
(node_modules/jsdom/lib/jsdom/living/generated/EventListener.js:26:30)
      at innerInvokeEventListeners 
(node_modules/jsdom/lib/jsdom/living/events/EventTarget-impl.js:350:25)
      at invokeEventListeners 
(node_modules/jsdom/lib/jsdom/living/events/EventTarget-impl.js:286:3)
      at HTMLUnknownElementImpl._dispatch 
(node_modules/jsdom/lib/jsdom/living/events/EventTarget-impl.js:233:9)
      at HTMLUnknownElementImpl.dispatchEvent 
(node_modules/jsdom/lib/jsdom/living/events/EventTarget-impl.js:104:17)
      at HTMLUnknownElement.dispatchEvent 
(node_modules/jsdom/lib/jsdom/living/generated/EventTarget.js:241:34)
      at Object.invokeGuardedCallbackDev 
(node_modules/react-dom/cjs/react-dom.development.js:4213:16)
      at invokeGuardedCallback 
(node_modules/react-dom/cjs/react-dom.development.js:4277:31)
      at invokeGuardedCallbackAndCatchFirstError 
(node_modules/react-dom/cjs/react-dom.development.js:4291:25)
      at executeDispatch 
(node_modules/react-dom/cjs/react-dom.development.js:9041:3)
      at processDispatchQueueItemsInOrder 
(node_modules/react-dom/cjs/react-dom.development.js:9073:7)
      at processDispatchQueue 
(node_modules/react-dom/cjs/react-dom.development.js:9086:5)
      at dispatchEventsForPlugins 
(node_modules/react-dom/cjs/react-dom.development.js:9097:3)
      at node_modules/react-dom/cjs/react-dom.development.js:9288:12
      at batchedUpdates$1 
(node_modules/react-dom/cjs/react-dom.development.js:26179:12)
      at batchedUpdates 
(node_modules/react-dom/cjs/react-dom.development.js:3991:12)
      at dispatchEventForPluginEventSystem 
(node_modules/react-dom/cjs/react-dom.development.js:9287:3)
      at dispatchEventWithEnableCapturePhaseSelectiveHydrationWithoutDiscreteEv
entReplay (node_modules/react-dom/cjs/react-dom.development.js:6465:5)
      at dispatchEvent 
(node_modules/react-dom/cjs/react-dom.development.js:6457:5)
      at dispatchDiscreteEvent 
(node_modules/react-dom/cjs/react-dom.development.js:6430:5)
      at HTMLDivElement.callTheUserObjectsOperation 
(node_modules/jsdom/lib/jsdom/living/generated/EventListener.js:26:30)
      at innerInvokeEventListeners 
(node_modules/jsdom/lib/jsdom/living/events/EventTarget-impl.js:350:25)
      at invokeEventListeners 
(node_modules/jsdom/lib/jsdom/living/events/EventTarget-impl.js:286:3)
      at HTMLInputElementImpl._dispatch 
(node_modules/jsdom/lib/jsdom/living/events/EventTarget-impl.js:233:9)
      at HTMLInputElementImpl.dispatchEvent 
(node_modules/jsdom/lib/jsdom/living/events/EventTarget-impl.js:104:17)
      at HTMLInputElement.dispatchEvent 
(node_modules/jsdom/lib/jsdom/living/generated/EventTarget.js:241:34)
      at 
node_modules/@testing-library/user-event/dist/cjs/event/dispatchEvent.js:45:43
      at Object.eventWrapper 
(node_modules/@testing-library/dom/dist/config.js:25:23)
      at Object.wrapEvent 
(node_modules/@testing-library/user-event/dist/cjs/event/wrapEvent.js:6:28)
      at Object.dispatchEvent (node_modules/@testing-library/user-event/dist/cj
s/event/dispatchEvent.js:45:22)
      at Object.dispatchUIEvent (node_modules/@testing-library/user-event/dist/
cjs/event/dispatchEvent.js:22:26)
      at commitInput 
(node_modules/@testing-library/user-event/dist/cjs/event/input.js:145:14)
      at editInputElement 
(node_modules/@testing-library/user-event/dist/cjs/event/input.js:115:9)
      at Object.input 
(node_modules/@testing-library/user-event/dist/cjs/event/input.js:37:9)
      at node_modules/@testing-library/user-event/dist/cjs/event/behavior/keypr
ess.js:31:26
      at Object.dispatchEvent (node_modules/@testing-library/user-event/dist/cj
s/event/dispatchEvent.js:41:13)
      at Object.dispatchUIEvent (node_modules/@testing-library/user-event/dist/
cjs/event/dispatchEvent.js:22:26)
      at KeyboardHost.keydown 
(node_modules/@testing-library/user-event/dist/cjs/system/keyboard.js:76:22)
      at keyboardAction 
(node_modules/@testing-library/user-event/dist/cjs/keyboard/index.js:22:35)
      at Object.keyboard 
(node_modules/@testing-library/user-event/dist/cjs/keyboard/index.js:11:15)
      at Object.type 
(node_modules/@testing-library/user-event/dist/cjs/utility/type.js:17:5)
      at Object.<anonymous> (src/profile/__tests__/profile.test.tsx:260:5)

    console.error
      Warning: An update to ProfilePage inside a test was not wrapped in 
act(...).
      
      When testing, code that causes React state updates should be wrapped 
into act(...):
      
      act(() => {
        /* fire events that update state */
      });
      /* assert on the output */
      
      This ensures that you're testing the behavior the user would see in the 
browser. Learn more at https://reactjs.org/link/wrap-tests-with-act
          at ProfilePage (C:\Users\samhe\OneDrive\Desktop\Cleaned\frontend\src\
profile\ProfilePage.tsx:17:41)
          at basenameProp (C:\Users\samhe\OneDrive\Desktop\Cleaned\frontend\nod
e_modules\react-router\lib\components.tsx:421:13)
          at basename (C:\Users\samhe\OneDrive\Desktop\Cleaned\frontend\node_mo
dules\react-router\lib\components.tsx:225:3)

      191 |               className="border border-gray-300 rounded-md px-3 
py-2 text-sm"
      192 |               value={confirmPassword}
    > 193 |               onChange={e => setConfirmPassword(e.target.value)}
          |                              ^
      194 |             />
      195 |             {confirmPassword && !passwordsMatch && (
      196 |               <p className="text-sm text-red-600">Passwords do not 
match</p>

      at printWarning 
(node_modules/react-dom/cjs/react-dom.development.js:86:30)
      at error (node_modules/react-dom/cjs/react-dom.development.js:60:7)
      at warnIfUpdatesNotWrappedWithActDEV 
(node_modules/react-dom/cjs/react-dom.development.js:27628:9)
      at scheduleUpdateOnFiber 
(node_modules/react-dom/cjs/react-dom.development.js:25547:5)
      at dispatchSetState 
(node_modules/react-dom/cjs/react-dom.development.js:16708:7)
      at onChange (src/profile/ProfilePage.tsx:193:30)
      at HTMLUnknownElement.callCallback 
(node_modules/react-dom/cjs/react-dom.development.js:4164:14)
      at HTMLUnknownElement.callTheUserObjectsOperation 
(node_modules/jsdom/lib/jsdom/living/generated/EventListener.js:26:30)
      at innerInvokeEventListeners 
(node_modules/jsdom/lib/jsdom/living/events/EventTarget-impl.js:350:25)
      at invokeEventListeners 
(node_modules/jsdom/lib/jsdom/living/events/EventTarget-impl.js:286:3)
      at HTMLUnknownElementImpl._dispatch 
(node_modules/jsdom/lib/jsdom/living/events/EventTarget-impl.js:233:9)
      at HTMLUnknownElementImpl.dispatchEvent 
(node_modules/jsdom/lib/jsdom/living/events/EventTarget-impl.js:104:17)
      at HTMLUnknownElement.dispatchEvent 
(node_modules/jsdom/lib/jsdom/living/generated/EventTarget.js:241:34)
      at Object.invokeGuardedCallbackDev 
(node_modules/react-dom/cjs/react-dom.development.js:4213:16)
      at invokeGuardedCallback 
(node_modules/react-dom/cjs/react-dom.development.js:4277:31)
      at invokeGuardedCallbackAndCatchFirstError 
(node_modules/react-dom/cjs/react-dom.development.js:4291:25)
      at executeDispatch 
(node_modules/react-dom/cjs/react-dom.development.js:9041:3)
      at processDispatchQueueItemsInOrder 
(node_modules/react-dom/cjs/react-dom.development.js:9073:7)
      at processDispatchQueue 
(node_modules/react-dom/cjs/react-dom.development.js:9086:5)
      at dispatchEventsForPlugins 
(node_modules/react-dom/cjs/react-dom.development.js:9097:3)
      at node_modules/react-dom/cjs/react-dom.development.js:9288:12
      at batchedUpdates$1 
(node_modules/react-dom/cjs/react-dom.development.js:26179:12)
      at batchedUpdates 
(node_modules/react-dom/cjs/react-dom.development.js:3991:12)
      at dispatchEventForPluginEventSystem 
(node_modules/react-dom/cjs/react-dom.development.js:9287:3)
      at dispatchEventWithEnableCapturePhaseSelectiveHydrationWithoutDiscreteEv
entReplay (node_modules/react-dom/cjs/react-dom.development.js:6465:5)
      at dispatchEvent 
(node_modules/react-dom/cjs/react-dom.development.js:6457:5)
      at dispatchDiscreteEvent 
(node_modules/react-dom/cjs/react-dom.development.js:6430:5)
      at HTMLDivElement.callTheUserObjectsOperation 
(node_modules/jsdom/lib/jsdom/living/generated/EventListener.js:26:30)
      at innerInvokeEventListeners 
(node_modules/jsdom/lib/jsdom/living/events/EventTarget-impl.js:350:25)
      at invokeEventListeners 
(node_modules/jsdom/lib/jsdom/living/events/EventTarget-impl.js:286:3)
      at HTMLInputElementImpl._dispatch 
(node_modules/jsdom/lib/jsdom/living/events/EventTarget-impl.js:233:9)
      at HTMLInputElementImpl.dispatchEvent 
(node_modules/jsdom/lib/jsdom/living/events/EventTarget-impl.js:104:17)
      at HTMLInputElement.dispatchEvent 
(node_modules/jsdom/lib/jsdom/living/generated/EventTarget.js:241:34)
      at 
node_modules/@testing-library/user-event/dist/cjs/event/dispatchEvent.js:45:43
      at Object.eventWrapper 
(node_modules/@testing-library/dom/dist/config.js:25:23)
      at Object.wrapEvent 
(node_modules/@testing-library/user-event/dist/cjs/event/wrapEvent.js:6:28)
      at Object.dispatchEvent (node_modules/@testing-library/user-event/dist/cj
s/event/dispatchEvent.js:45:22)
      at Object.dispatchUIEvent (node_modules/@testing-library/user-event/dist/
cjs/event/dispatchEvent.js:22:26)
      at commitInput 
(node_modules/@testing-library/user-event/dist/cjs/event/input.js:145:14)
      at editInputElement 
(node_modules/@testing-library/user-event/dist/cjs/event/input.js:115:9)
      at Object.input 
(node_modules/@testing-library/user-event/dist/cjs/event/input.js:37:9)
      at node_modules/@testing-library/user-event/dist/cjs/event/behavior/keypr
ess.js:31:26
      at Object.dispatchEvent (node_modules/@testing-library/user-event/dist/cj
s/event/dispatchEvent.js:41:13)
      at Object.dispatchUIEvent (node_modules/@testing-library/user-event/dist/
cjs/event/dispatchEvent.js:22:26)
      at KeyboardHost.keydown 
(node_modules/@testing-library/user-event/dist/cjs/system/keyboard.js:76:22)
      at keyboardAction 
(node_modules/@testing-library/user-event/dist/cjs/keyboard/index.js:22:35)
      at Object.keyboard 
(node_modules/@testing-library/user-event/dist/cjs/keyboard/index.js:11:15)
      at Object.type 
(node_modules/@testing-library/user-event/dist/cjs/utility/type.js:17:5)
      at Object.<anonymous> (src/profile/__tests__/profile.test.tsx:260:5)

    console.error
      Warning: An update to ProfilePage inside a test was not wrapped in 
act(...).
      
      When testing, code that causes React state updates should be wrapped 
into act(...):
      
      act(() => {
        /* fire events that update state */
      });
      /* assert on the output */
      
      This ensures that you're testing the behavior the user would see in the 
browser. Learn more at https://reactjs.org/link/wrap-tests-with-act
          at ProfilePage (C:\Users\samhe\OneDrive\Desktop\Cleaned\frontend\src\
profile\ProfilePage.tsx:17:41)
          at basenameProp (C:\Users\samhe\OneDrive\Desktop\Cleaned\frontend\nod
e_modules\react-router\lib\components.tsx:421:13)
          at basename (C:\Users\samhe\OneDrive\Desktop\Cleaned\frontend\node_mo
dules\react-router\lib\components.tsx:225:3)

      191 |               className="border border-gray-300 rounded-md px-3 
py-2 text-sm"
      192 |               value={confirmPassword}
    > 193 |               onChange={e => setConfirmPassword(e.target.value)}
          |                              ^
      194 |             />
      195 |             {confirmPassword && !passwordsMatch && (
      196 |               <p className="text-sm text-red-600">Passwords do not 
match</p>

      at printWarning 
(node_modules/react-dom/cjs/react-dom.development.js:86:30)
      at error (node_modules/react-dom/cjs/react-dom.development.js:60:7)
      at warnIfUpdatesNotWrappedWithActDEV 
(node_modules/react-dom/cjs/react-dom.development.js:27628:9)
      at scheduleUpdateOnFiber 
(node_modules/react-dom/cjs/react-dom.development.js:25547:5)
      at dispatchSetState 
(node_modules/react-dom/cjs/react-dom.development.js:16708:7)
      at onChange (src/profile/ProfilePage.tsx:193:30)
      at HTMLUnknownElement.callCallback 
(node_modules/react-dom/cjs/react-dom.development.js:4164:14)
      at HTMLUnknownElement.callTheUserObjectsOperation 
(node_modules/jsdom/lib/jsdom/living/generated/EventListener.js:26:30)
      at innerInvokeEventListeners 
(node_modules/jsdom/lib/jsdom/living/events/EventTarget-impl.js:350:25)
      at invokeEventListeners 
(node_modules/jsdom/lib/jsdom/living/events/EventTarget-impl.js:286:3)
      at HTMLUnknownElementImpl._dispatch 
(node_modules/jsdom/lib/jsdom/living/events/EventTarget-impl.js:233:9)
      at HTMLUnknownElementImpl.dispatchEvent 
(node_modules/jsdom/lib/jsdom/living/events/EventTarget-impl.js:104:17)
      at HTMLUnknownElement.dispatchEvent 
(node_modules/jsdom/lib/jsdom/living/generated/EventTarget.js:241:34)
      at Object.invokeGuardedCallbackDev 
(node_modules/react-dom/cjs/react-dom.development.js:4213:16)
      at invokeGuardedCallback 
(node_modules/react-dom/cjs/react-dom.development.js:4277:31)
      at invokeGuardedCallbackAndCatchFirstError 
(node_modules/react-dom/cjs/react-dom.development.js:4291:25)
      at executeDispatch 
(node_modules/react-dom/cjs/react-dom.development.js:9041:3)
      at processDispatchQueueItemsInOrder 
(node_modules/react-dom/cjs/react-dom.development.js:9073:7)
      at processDispatchQueue 
(node_modules/react-dom/cjs/react-dom.development.js:9086:5)
      at dispatchEventsForPlugins 
(node_modules/react-dom/cjs/react-dom.development.js:9097:3)
      at node_modules/react-dom/cjs/react-dom.development.js:9288:12
      at batchedUpdates$1 
(node_modules/react-dom/cjs/react-dom.development.js:26179:12)
      at batchedUpdates 
(node_modules/react-dom/cjs/react-dom.development.js:3991:12)
      at dispatchEventForPluginEventSystem 
(node_modules/react-dom/cjs/react-dom.development.js:9287:3)
      at dispatchEventWithEnableCapturePhaseSelectiveHydrationWithoutDiscreteEv
entReplay (node_modules/react-dom/cjs/react-dom.development.js:6465:5)
      at dispatchEvent 
(node_modules/react-dom/cjs/react-dom.development.js:6457:5)
      at dispatchDiscreteEvent 
(node_modules/react-dom/cjs/react-dom.development.js:6430:5)
      at HTMLDivElement.callTheUserObjectsOperation 
(node_modules/jsdom/lib/jsdom/living/generated/EventListener.js:26:30)
      at innerInvokeEventListeners 
(node_modules/jsdom/lib/jsdom/living/events/EventTarget-impl.js:350:25)
      at invokeEventListeners 
(node_modules/jsdom/lib/jsdom/living/events/EventTarget-impl.js:286:3)
      at HTMLInputElementImpl._dispatch 
(node_modules/jsdom/lib/jsdom/living/events/EventTarget-impl.js:233:9)
      at HTMLInputElementImpl.dispatchEvent 
(node_modules/jsdom/lib/jsdom/living/events/EventTarget-impl.js:104:17)
      at HTMLInputElement.dispatchEvent 
(node_modules/jsdom/lib/jsdom/living/generated/EventTarget.js:241:34)
      at 
node_modules/@testing-library/user-event/dist/cjs/event/dispatchEvent.js:45:43
      at Object.eventWrapper 
(node_modules/@testing-library/dom/dist/config.js:25:23)
      at Object.wrapEvent 
(node_modules/@testing-library/user-event/dist/cjs/event/wrapEvent.js:6:28)
      at Object.dispatchEvent (node_modules/@testing-library/user-event/dist/cj
s/event/dispatchEvent.js:45:22)
      at Object.dispatchUIEvent (node_modules/@testing-library/user-event/dist/
cjs/event/dispatchEvent.js:22:26)
      at commitInput 
(node_modules/@testing-library/user-event/dist/cjs/event/input.js:145:14)
      at editInputElement 
(node_modules/@testing-library/user-event/dist/cjs/event/input.js:115:9)
      at Object.input 
(node_modules/@testing-library/user-event/dist/cjs/event/input.js:37:9)
      at node_modules/@testing-library/user-event/dist/cjs/event/behavior/keypr
ess.js:31:26
      at Object.dispatchEvent (node_modules/@testing-library/user-event/dist/cj
s/event/dispatchEvent.js:41:13)
      at Object.dispatchUIEvent (node_modules/@testing-library/user-event/dist/
cjs/event/dispatchEvent.js:22:26)
      at KeyboardHost.keydown 
(node_modules/@testing-library/user-event/dist/cjs/system/keyboard.js:76:22)
      at keyboardAction 
(node_modules/@testing-library/user-event/dist/cjs/keyboard/index.js:22:35)
      at Object.keyboard 
(node_modules/@testing-library/user-event/dist/cjs/keyboard/index.js:11:15)
      at Object.type 
(node_modules/@testing-library/user-event/dist/cjs/utility/type.js:17:5)
      at Object.<anonymous> (src/profile/__tests__/profile.test.tsx:260:5)

    console.error
      Warning: An update to ProfilePage inside a test was not wrapped in 
act(...).
      
      When testing, code that causes React state updates should be wrapped 
into act(...):
      
      act(() => {
        /* fire events that update state */
      });
      /* assert on the output */
      
      This ensures that you're testing the behavior the user would see in the 
browser. Learn more at https://reactjs.org/link/wrap-tests-with-act
          at ProfilePage (C:\Users\samhe\OneDrive\Desktop\Cleaned\frontend\src\
profile\ProfilePage.tsx:17:41)
          at basenameProp (C:\Users\samhe\OneDrive\Desktop\Cleaned\frontend\nod
e_modules\react-router\lib\components.tsx:421:13)
          at basename (C:\Users\samhe\OneDrive\Desktop\Cleaned\frontend\node_mo
dules\react-router\lib\components.tsx:225:3)

      191 |               className="border border-gray-300 rounded-md px-3 
py-2 text-sm"
      192 |               value={confirmPassword}
    > 193 |               onChange={e => setConfirmPassword(e.target.value)}
          |                              ^
      194 |             />
      195 |             {confirmPassword && !passwordsMatch && (
      196 |               <p className="text-sm text-red-600">Passwords do not 
match</p>

      at printWarning 
(node_modules/react-dom/cjs/react-dom.development.js:86:30)
      at error (node_modules/react-dom/cjs/react-dom.development.js:60:7)
      at warnIfUpdatesNotWrappedWithActDEV 
(node_modules/react-dom/cjs/react-dom.development.js:27628:9)
      at scheduleUpdateOnFiber 
(node_modules/react-dom/cjs/react-dom.development.js:25547:5)
      at dispatchSetState 
(node_modules/react-dom/cjs/react-dom.development.js:16708:7)
      at onChange (src/profile/ProfilePage.tsx:193:30)
      at HTMLUnknownElement.callCallback 
(node_modules/react-dom/cjs/react-dom.development.js:4164:14)
      at HTMLUnknownElement.callTheUserObjectsOperation 
(node_modules/jsdom/lib/jsdom/living/generated/EventListener.js:26:30)
      at innerInvokeEventListeners 
(node_modules/jsdom/lib/jsdom/living/events/EventTarget-impl.js:350:25)
      at invokeEventListeners 
(node_modules/jsdom/lib/jsdom/living/events/EventTarget-impl.js:286:3)
      at HTMLUnknownElementImpl._dispatch 
(node_modules/jsdom/lib/jsdom/living/events/EventTarget-impl.js:233:9)
      at HTMLUnknownElementImpl.dispatchEvent 
(node_modules/jsdom/lib/jsdom/living/events/EventTarget-impl.js:104:17)
      at HTMLUnknownElement.dispatchEvent 
(node_modules/jsdom/lib/jsdom/living/generated/EventTarget.js:241:34)
      at Object.invokeGuardedCallbackDev 
(node_modules/react-dom/cjs/react-dom.development.js:4213:16)
      at invokeGuardedCallback 
(node_modules/react-dom/cjs/react-dom.development.js:4277:31)
      at invokeGuardedCallbackAndCatchFirstError 
(node_modules/react-dom/cjs/react-dom.development.js:4291:25)
      at executeDispatch 
(node_modules/react-dom/cjs/react-dom.development.js:9041:3)
      at processDispatchQueueItemsInOrder 
(node_modules/react-dom/cjs/react-dom.development.js:9073:7)
      at processDispatchQueue 
(node_modules/react-dom/cjs/react-dom.development.js:9086:5)
      at dispatchEventsForPlugins 
(node_modules/react-dom/cjs/react-dom.development.js:9097:3)
      at node_modules/react-dom/cjs/react-dom.development.js:9288:12
      at batchedUpdates$1 
(node_modules/react-dom/cjs/react-dom.development.js:26179:12)
      at batchedUpdates 
(node_modules/react-dom/cjs/react-dom.development.js:3991:12)
      at dispatchEventForPluginEventSystem 
(node_modules/react-dom/cjs/react-dom.development.js:9287:3)
      at dispatchEventWithEnableCapturePhaseSelectiveHydrationWithoutDiscreteEv
entReplay (node_modules/react-dom/cjs/react-dom.development.js:6465:5)
      at dispatchEvent 
(node_modules/react-dom/cjs/react-dom.development.js:6457:5)
      at dispatchDiscreteEvent 
(node_modules/react-dom/cjs/react-dom.development.js:6430:5)
      at HTMLDivElement.callTheUserObjectsOperation 
(node_modules/jsdom/lib/jsdom/living/generated/EventListener.js:26:30)
      at innerInvokeEventListeners 
(node_modules/jsdom/lib/jsdom/living/events/EventTarget-impl.js:350:25)
      at invokeEventListeners 
(node_modules/jsdom/lib/jsdom/living/events/EventTarget-impl.js:286:3)
      at HTMLInputElementImpl._dispatch 
(node_modules/jsdom/lib/jsdom/living/events/EventTarget-impl.js:233:9)
      at HTMLInputElementImpl.dispatchEvent 
(node_modules/jsdom/lib/jsdom/living/events/EventTarget-impl.js:104:17)
      at HTMLInputElement.dispatchEvent 
(node_modules/jsdom/lib/jsdom/living/generated/EventTarget.js:241:34)
      at 
node_modules/@testing-library/user-event/dist/cjs/event/dispatchEvent.js:45:43
      at Object.eventWrapper 
(node_modules/@testing-library/dom/dist/config.js:25:23)
      at Object.wrapEvent 
(node_modules/@testing-library/user-event/dist/cjs/event/wrapEvent.js:6:28)
      at Object.dispatchEvent (node_modules/@testing-library/user-event/dist/cj
s/event/dispatchEvent.js:45:22)
      at Object.dispatchUIEvent (node_modules/@testing-library/user-event/dist/
cjs/event/dispatchEvent.js:22:26)
      at commitInput 
(node_modules/@testing-library/user-event/dist/cjs/event/input.js:145:14)
      at editInputElement 
(node_modules/@testing-library/user-event/dist/cjs/event/input.js:115:9)
      at Object.input 
(node_modules/@testing-library/user-event/dist/cjs/event/input.js:37:9)
      at node_modules/@testing-library/user-event/dist/cjs/event/behavior/keypr
ess.js:31:26
      at Object.dispatchEvent (node_modules/@testing-library/user-event/dist/cj
s/event/dispatchEvent.js:41:13)
      at Object.dispatchUIEvent (node_modules/@testing-library/user-event/dist/
cjs/event/dispatchEvent.js:22:26)
      at KeyboardHost.keydown 
(node_modules/@testing-library/user-event/dist/cjs/system/keyboard.js:76:22)
      at keyboardAction 
(node_modules/@testing-library/user-event/dist/cjs/keyboard/index.js:22:35)
      at Object.keyboard 
(node_modules/@testing-library/user-event/dist/cjs/keyboard/index.js:11:15)
      at Object.type 
(node_modules/@testing-library/user-event/dist/cjs/utility/type.js:17:5)
      at Object.<anonymous> (src/profile/__tests__/profile.test.tsx:260:5)

    console.error
      Warning: An update to ProfilePage inside a test was not wrapped in 
act(...).
      
      When testing, code that causes React state updates should be wrapped 
into act(...):
      
      act(() => {
        /* fire events that update state */
      });
      /* assert on the output */
      
      This ensures that you're testing the behavior the user would see in the 
browser. Learn more at https://reactjs.org/link/wrap-tests-with-act
          at ProfilePage (C:\Users\samhe\OneDrive\Desktop\Cleaned\frontend\src\
profile\ProfilePage.tsx:17:41)
          at basenameProp (C:\Users\samhe\OneDrive\Desktop\Cleaned\frontend\nod
e_modules\react-router\lib\components.tsx:421:13)
          at basename (C:\Users\samhe\OneDrive\Desktop\Cleaned\frontend\node_mo
dules\react-router\lib\components.tsx:225:3)

      191 |               className="border border-gray-300 rounded-md px-3 
py-2 text-sm"
      192 |               value={confirmPassword}
    > 193 |               onChange={e => setConfirmPassword(e.target.value)}
          |                              ^
      194 |             />
      195 |             {confirmPassword && !passwordsMatch && (
      196 |               <p className="text-sm text-red-600">Passwords do not 
match</p>

      at printWarning 
(node_modules/react-dom/cjs/react-dom.development.js:86:30)
      at error (node_modules/react-dom/cjs/react-dom.development.js:60:7)
      at warnIfUpdatesNotWrappedWithActDEV 
(node_modules/react-dom/cjs/react-dom.development.js:27628:9)
      at scheduleUpdateOnFiber 
(node_modules/react-dom/cjs/react-dom.development.js:25547:5)
      at dispatchSetState 
(node_modules/react-dom/cjs/react-dom.development.js:16708:7)
      at onChange (src/profile/ProfilePage.tsx:193:30)
      at HTMLUnknownElement.callCallback 
(node_modules/react-dom/cjs/react-dom.development.js:4164:14)
      at HTMLUnknownElement.callTheUserObjectsOperation 
(node_modules/jsdom/lib/jsdom/living/generated/EventListener.js:26:30)
      at innerInvokeEventListeners 
(node_modules/jsdom/lib/jsdom/living/events/EventTarget-impl.js:350:25)
      at invokeEventListeners 
(node_modules/jsdom/lib/jsdom/living/events/EventTarget-impl.js:286:3)
      at HTMLUnknownElementImpl._dispatch 
(node_modules/jsdom/lib/jsdom/living/events/EventTarget-impl.js:233:9)
      at HTMLUnknownElementImpl.dispatchEvent 
(node_modules/jsdom/lib/jsdom/living/events/EventTarget-impl.js:104:17)
      at HTMLUnknownElement.dispatchEvent 
(node_modules/jsdom/lib/jsdom/living/generated/EventTarget.js:241:34)
      at Object.invokeGuardedCallbackDev 
(node_modules/react-dom/cjs/react-dom.development.js:4213:16)
      at invokeGuardedCallback 
(node_modules/react-dom/cjs/react-dom.development.js:4277:31)
      at invokeGuardedCallbackAndCatchFirstError 
(node_modules/react-dom/cjs/react-dom.development.js:4291:25)
      at executeDispatch 
(node_modules/react-dom/cjs/react-dom.development.js:9041:3)
      at processDispatchQueueItemsInOrder 
(node_modules/react-dom/cjs/react-dom.development.js:9073:7)
      at processDispatchQueue 
(node_modules/react-dom/cjs/react-dom.development.js:9086:5)
      at dispatchEventsForPlugins 
(node_modules/react-dom/cjs/react-dom.development.js:9097:3)
      at node_modules/react-dom/cjs/react-dom.development.js:9288:12
      at batchedUpdates$1 
(node_modules/react-dom/cjs/react-dom.development.js:26179:12)
      at batchedUpdates 
(node_modules/react-dom/cjs/react-dom.development.js:3991:12)
      at dispatchEventForPluginEventSystem 
(node_modules/react-dom/cjs/react-dom.development.js:9287:3)
      at dispatchEventWithEnableCapturePhaseSelectiveHydrationWithoutDiscreteEv
entReplay (node_modules/react-dom/cjs/react-dom.development.js:6465:5)
      at dispatchEvent 
(node_modules/react-dom/cjs/react-dom.development.js:6457:5)
      at dispatchDiscreteEvent 
(node_modules/react-dom/cjs/react-dom.development.js:6430:5)
      at HTMLDivElement.callTheUserObjectsOperation 
(node_modules/jsdom/lib/jsdom/living/generated/EventListener.js:26:30)
      at innerInvokeEventListeners 
(node_modules/jsdom/lib/jsdom/living/events/EventTarget-impl.js:350:25)
      at invokeEventListeners 
(node_modules/jsdom/lib/jsdom/living/events/EventTarget-impl.js:286:3)
      at HTMLInputElementImpl._dispatch 
(node_modules/jsdom/lib/jsdom/living/events/EventTarget-impl.js:233:9)
      at HTMLInputElementImpl.dispatchEvent 
(node_modules/jsdom/lib/jsdom/living/events/EventTarget-impl.js:104:17)
      at HTMLInputElement.dispatchEvent 
(node_modules/jsdom/lib/jsdom/living/generated/EventTarget.js:241:34)
      at 
node_modules/@testing-library/user-event/dist/cjs/event/dispatchEvent.js:45:43
      at Object.eventWrapper 
(node_modules/@testing-library/dom/dist/config.js:25:23)
      at Object.wrapEvent 
(node_modules/@testing-library/user-event/dist/cjs/event/wrapEvent.js:6:28)
      at Object.dispatchEvent (node_modules/@testing-library/user-event/dist/cj
s/event/dispatchEvent.js:45:22)
      at Object.dispatchUIEvent (node_modules/@testing-library/user-event/dist/
cjs/event/dispatchEvent.js:22:26)
      at commitInput 
(node_modules/@testing-library/user-event/dist/cjs/event/input.js:145:14)
      at editInputElement 
(node_modules/@testing-library/user-event/dist/cjs/event/input.js:115:9)
      at Object.input 
(node_modules/@testing-library/user-event/dist/cjs/event/input.js:37:9)
      at node_modules/@testing-library/user-event/dist/cjs/event/behavior/keypr
ess.js:31:26
      at Object.dispatchEvent (node_modules/@testing-library/user-event/dist/cj
s/event/dispatchEvent.js:41:13)
      at Object.dispatchUIEvent (node_modules/@testing-library/user-event/dist/
cjs/event/dispatchEvent.js:22:26)
      at KeyboardHost.keydown 
(node_modules/@testing-library/user-event/dist/cjs/system/keyboard.js:76:22)
      at keyboardAction 
(node_modules/@testing-library/user-event/dist/cjs/keyboard/index.js:22:35)
      at Object.keyboard 
(node_modules/@testing-library/user-event/dist/cjs/keyboard/index.js:11:15)
      at Object.type 
(node_modules/@testing-library/user-event/dist/cjs/utility/type.js:17:5)
      at Object.<anonymous> (src/profile/__tests__/profile.test.tsx:260:5)

    console.error
      Warning: An update to ProfilePage inside a test was not wrapped in 
act(...).
      
      When testing, code that causes React state updates should be wrapped 
into act(...):
      
      act(() => {
        /* fire events that update state */
      });
      /* assert on the output */
      
      This ensures that you're testing the behavior the user would see in the 
browser. Learn more at https://reactjs.org/link/wrap-tests-with-act
          at ProfilePage (C:\Users\samhe\OneDrive\Desktop\Cleaned\frontend\src\
profile\ProfilePage.tsx:17:41)
          at basenameProp (C:\Users\samhe\OneDrive\Desktop\Cleaned\frontend\nod
e_modules\react-router\lib\components.tsx:421:13)
          at basename (C:\Users\samhe\OneDrive\Desktop\Cleaned\frontend\node_mo
dules\react-router\lib\components.tsx:225:3)

      191 |               className="border border-gray-300 rounded-md px-3 
py-2 text-sm"
      192 |               value={confirmPassword}
    > 193 |               onChange={e => setConfirmPassword(e.target.value)}
          |                              ^
      194 |             />
      195 |             {confirmPassword && !passwordsMatch && (
      196 |               <p className="text-sm text-red-600">Passwords do not 
match</p>

      at printWarning 
(node_modules/react-dom/cjs/react-dom.development.js:86:30)
      at error (node_modules/react-dom/cjs/react-dom.development.js:60:7)
      at warnIfUpdatesNotWrappedWithActDEV 
(node_modules/react-dom/cjs/react-dom.development.js:27628:9)
      at scheduleUpdateOnFiber 
(node_modules/react-dom/cjs/react-dom.development.js:25547:5)
      at dispatchSetState 
(node_modules/react-dom/cjs/react-dom.development.js:16708:7)
      at onChange (src/profile/ProfilePage.tsx:193:30)
      at HTMLUnknownElement.callCallback 
(node_modules/react-dom/cjs/react-dom.development.js:4164:14)
      at HTMLUnknownElement.callTheUserObjectsOperation 
(node_modules/jsdom/lib/jsdom/living/generated/EventListener.js:26:30)
      at innerInvokeEventListeners 
(node_modules/jsdom/lib/jsdom/living/events/EventTarget-impl.js:350:25)
      at invokeEventListeners 
(node_modules/jsdom/lib/jsdom/living/events/EventTarget-impl.js:286:3)
      at HTMLUnknownElementImpl._dispatch 
(node_modules/jsdom/lib/jsdom/living/events/EventTarget-impl.js:233:9)
      at HTMLUnknownElementImpl.dispatchEvent 
(node_modules/jsdom/lib/jsdom/living/events/EventTarget-impl.js:104:17)
      at HTMLUnknownElement.dispatchEvent 
(node_modules/jsdom/lib/jsdom/living/generated/EventTarget.js:241:34)
      at Object.invokeGuardedCallbackDev 
(node_modules/react-dom/cjs/react-dom.development.js:4213:16)
      at invokeGuardedCallback 
(node_modules/react-dom/cjs/react-dom.development.js:4277:31)
      at invokeGuardedCallbackAndCatchFirstError 
(node_modules/react-dom/cjs/react-dom.development.js:4291:25)
      at executeDispatch 
(node_modules/react-dom/cjs/react-dom.development.js:9041:3)
      at processDispatchQueueItemsInOrder 
(node_modules/react-dom/cjs/react-dom.development.js:9073:7)
      at processDispatchQueue 
(node_modules/react-dom/cjs/react-dom.development.js:9086:5)
      at dispatchEventsForPlugins 
(node_modules/react-dom/cjs/react-dom.development.js:9097:3)
      at node_modules/react-dom/cjs/react-dom.development.js:9288:12
      at batchedUpdates$1 
(node_modules/react-dom/cjs/react-dom.development.js:26179:12)
      at batchedUpdates 
(node_modules/react-dom/cjs/react-dom.development.js:3991:12)
      at dispatchEventForPluginEventSystem 
(node_modules/react-dom/cjs/react-dom.development.js:9287:3)
      at dispatchEventWithEnableCapturePhaseSelectiveHydrationWithoutDiscreteEv
entReplay (node_modules/react-dom/cjs/react-dom.development.js:6465:5)
      at dispatchEvent 
(node_modules/react-dom/cjs/react-dom.development.js:6457:5)
      at dispatchDiscreteEvent 
(node_modules/react-dom/cjs/react-dom.development.js:6430:5)
      at HTMLDivElement.callTheUserObjectsOperation 
(node_modules/jsdom/lib/jsdom/living/generated/EventListener.js:26:30)
      at innerInvokeEventListeners 
(node_modules/jsdom/lib/jsdom/living/events/EventTarget-impl.js:350:25)
      at invokeEventListeners 
(node_modules/jsdom/lib/jsdom/living/events/EventTarget-impl.js:286:3)
      at HTMLInputElementImpl._dispatch 
(node_modules/jsdom/lib/jsdom/living/events/EventTarget-impl.js:233:9)
      at HTMLInputElementImpl.dispatchEvent 
(node_modules/jsdom/lib/jsdom/living/events/EventTarget-impl.js:104:17)
      at HTMLInputElement.dispatchEvent 
(node_modules/jsdom/lib/jsdom/living/generated/EventTarget.js:241:34)
      at 
node_modules/@testing-library/user-event/dist/cjs/event/dispatchEvent.js:45:43
      at Object.eventWrapper 
(node_modules/@testing-library/dom/dist/config.js:25:23)
      at Object.wrapEvent 
(node_modules/@testing-library/user-event/dist/cjs/event/wrapEvent.js:6:28)
      at Object.dispatchEvent (node_modules/@testing-library/user-event/dist/cj
s/event/dispatchEvent.js:45:22)
      at Object.dispatchUIEvent (node_modules/@testing-library/user-event/dist/
cjs/event/dispatchEvent.js:22:26)
      at commitInput 
(node_modules/@testing-library/user-event/dist/cjs/event/input.js:145:14)
      at editInputElement 
(node_modules/@testing-library/user-event/dist/cjs/event/input.js:115:9)
      at Object.input 
(node_modules/@testing-library/user-event/dist/cjs/event/input.js:37:9)
      at node_modules/@testing-library/user-event/dist/cjs/event/behavior/keypr
ess.js:31:26
      at Object.dispatchEvent (node_modules/@testing-library/user-event/dist/cj
s/event/dispatchEvent.js:41:13)
      at Object.dispatchUIEvent (node_modules/@testing-library/user-event/dist/
cjs/event/dispatchEvent.js:22:26)
      at KeyboardHost.keydown 
(node_modules/@testing-library/user-event/dist/cjs/system/keyboard.js:76:22)
      at keyboardAction 
(node_modules/@testing-library/user-event/dist/cjs/keyboard/index.js:22:35)
      at Object.keyboard 
(node_modules/@testing-library/user-event/dist/cjs/keyboard/index.js:11:15)
      at Object.type 
(node_modules/@testing-library/user-event/dist/cjs/utility/type.js:17:5)
      at Object.<anonymous> (src/profile/__tests__/profile.test.tsx:260:5)

    console.error
      Warning: An update to ProfilePage inside a test was not wrapped in 
act(...).
      
      When testing, code that causes React state updates should be wrapped 
into act(...):
      
      act(() => {
        /* fire events that update state */
      });
      /* assert on the output */
      
      This ensures that you're testing the behavior the user would see in the 
browser. Learn more at https://reactjs.org/link/wrap-tests-with-act
          at ProfilePage (C:\Users\samhe\OneDrive\Desktop\Cleaned\frontend\src\
profile\ProfilePage.tsx:17:41)
          at basenameProp (C:\Users\samhe\OneDrive\Desktop\Cleaned\frontend\nod
e_modules\react-router\lib\components.tsx:421:13)
          at basename (C:\Users\samhe\OneDrive\Desktop\Cleaned\frontend\node_mo
dules\react-router\lib\components.tsx:225:3)

      191 |               className="border border-gray-300 rounded-md px-3 
py-2 text-sm"
      192 |               value={confirmPassword}
    > 193 |               onChange={e => setConfirmPassword(e.target.value)}
          |                              ^
      194 |             />
      195 |             {confirmPassword && !passwordsMatch && (
      196 |               <p className="text-sm text-red-600">Passwords do not 
match</p>

      at printWarning 
(node_modules/react-dom/cjs/react-dom.development.js:86:30)
      at error (node_modules/react-dom/cjs/react-dom.development.js:60:7)
      at warnIfUpdatesNotWrappedWithActDEV 
(node_modules/react-dom/cjs/react-dom.development.js:27628:9)
      at scheduleUpdateOnFiber 
(node_modules/react-dom/cjs/react-dom.development.js:25547:5)
      at dispatchSetState 
(node_modules/react-dom/cjs/react-dom.development.js:16708:7)
      at onChange (src/profile/ProfilePage.tsx:193:30)
      at HTMLUnknownElement.callCallback 
(node_modules/react-dom/cjs/react-dom.development.js:4164:14)
      at HTMLUnknownElement.callTheUserObjectsOperation 
(node_modules/jsdom/lib/jsdom/living/generated/EventListener.js:26:30)
      at innerInvokeEventListeners 
(node_modules/jsdom/lib/jsdom/living/events/EventTarget-impl.js:350:25)
      at invokeEventListeners 
(node_modules/jsdom/lib/jsdom/living/events/EventTarget-impl.js:286:3)
      at HTMLUnknownElementImpl._dispatch 
(node_modules/jsdom/lib/jsdom/living/events/EventTarget-impl.js:233:9)
      at HTMLUnknownElementImpl.dispatchEvent 
(node_modules/jsdom/lib/jsdom/living/events/EventTarget-impl.js:104:17)
      at HTMLUnknownElement.dispatchEvent 
(node_modules/jsdom/lib/jsdom/living/generated/EventTarget.js:241:34)
      at Object.invokeGuardedCallbackDev 
(node_modules/react-dom/cjs/react-dom.development.js:4213:16)
      at invokeGuardedCallback 
(node_modules/react-dom/cjs/react-dom.development.js:4277:31)
      at invokeGuardedCallbackAndCatchFirstError 
(node_modules/react-dom/cjs/react-dom.development.js:4291:25)
      at executeDispatch 
(node_modules/react-dom/cjs/react-dom.development.js:9041:3)
      at processDispatchQueueItemsInOrder 
(node_modules/react-dom/cjs/react-dom.development.js:9073:7)
      at processDispatchQueue 
(node_modules/react-dom/cjs/react-dom.development.js:9086:5)
      at dispatchEventsForPlugins 
(node_modules/react-dom/cjs/react-dom.development.js:9097:3)
      at node_modules/react-dom/cjs/react-dom.development.js:9288:12
      at batchedUpdates$1 
(node_modules/react-dom/cjs/react-dom.development.js:26179:12)
      at batchedUpdates 
(node_modules/react-dom/cjs/react-dom.development.js:3991:12)
      at dispatchEventForPluginEventSystem 
(node_modules/react-dom/cjs/react-dom.development.js:9287:3)
      at dispatchEventWithEnableCapturePhaseSelectiveHydrationWithoutDiscreteEv
entReplay (node_modules/react-dom/cjs/react-dom.development.js:6465:5)
      at dispatchEvent 
(node_modules/react-dom/cjs/react-dom.development.js:6457:5)
      at dispatchDiscreteEvent 
(node_modules/react-dom/cjs/react-dom.development.js:6430:5)
      at HTMLDivElement.callTheUserObjectsOperation 
(node_modules/jsdom/lib/jsdom/living/generated/EventListener.js:26:30)
      at innerInvokeEventListeners 
(node_modules/jsdom/lib/jsdom/living/events/EventTarget-impl.js:350:25)
      at invokeEventListeners 
(node_modules/jsdom/lib/jsdom/living/events/EventTarget-impl.js:286:3)
      at HTMLInputElementImpl._dispatch 
(node_modules/jsdom/lib/jsdom/living/events/EventTarget-impl.js:233:9)
      at HTMLInputElementImpl.dispatchEvent 
(node_modules/jsdom/lib/jsdom/living/events/EventTarget-impl.js:104:17)
      at HTMLInputElement.dispatchEvent 
(node_modules/jsdom/lib/jsdom/living/generated/EventTarget.js:241:34)
      at 
node_modules/@testing-library/user-event/dist/cjs/event/dispatchEvent.js:45:43
      at Object.eventWrapper 
(node_modules/@testing-library/dom/dist/config.js:25:23)
      at Object.wrapEvent 
(node_modules/@testing-library/user-event/dist/cjs/event/wrapEvent.js:6:28)
      at Object.dispatchEvent (node_modules/@testing-library/user-event/dist/cj
s/event/dispatchEvent.js:45:22)
      at Object.dispatchUIEvent (node_modules/@testing-library/user-event/dist/
cjs/event/dispatchEvent.js:22:26)
      at commitInput 
(node_modules/@testing-library/user-event/dist/cjs/event/input.js:145:14)
      at editInputElement 
(node_modules/@testing-library/user-event/dist/cjs/event/input.js:115:9)
      at Object.input 
(node_modules/@testing-library/user-event/dist/cjs/event/input.js:37:9)
      at node_modules/@testing-library/user-event/dist/cjs/event/behavior/keypr
ess.js:31:26
      at Object.dispatchEvent (node_modules/@testing-library/user-event/dist/cj
s/event/dispatchEvent.js:41:13)
      at Object.dispatchUIEvent (node_modules/@testing-library/user-event/dist/
cjs/event/dispatchEvent.js:22:26)
      at KeyboardHost.keydown 
(node_modules/@testing-library/user-event/dist/cjs/system/keyboard.js:76:22)
      at keyboardAction 
(node_modules/@testing-library/user-event/dist/cjs/keyboard/index.js:22:35)
      at Object.keyboard 
(node_modules/@testing-library/user-event/dist/cjs/keyboard/index.js:11:15)
      at Object.type 
(node_modules/@testing-library/user-event/dist/cjs/utility/type.js:17:5)
      at Object.<anonymous> (src/profile/__tests__/profile.test.tsx:260:5)

    console.error
      Warning: An update to ProfilePage inside a test was not wrapped in 
act(...).
      
      When testing, code that causes React state updates should be wrapped 
into act(...):
      
      act(() => {
        /* fire events that update state */
      });
      /* assert on the output */
      
      This ensures that you're testing the behavior the user would see in the 
browser. Learn more at https://reactjs.org/link/wrap-tests-with-act
          at ProfilePage (C:\Users\samhe\OneDrive\Desktop\Cleaned\frontend\src\
profile\ProfilePage.tsx:17:41)
          at basenameProp (C:\Users\samhe\OneDrive\Desktop\Cleaned\frontend\nod
e_modules\react-router\lib\components.tsx:421:13)
          at basename (C:\Users\samhe\OneDrive\Desktop\Cleaned\frontend\node_mo
dules\react-router\lib\components.tsx:225:3)

      191 |               className="border border-gray-300 rounded-md px-3 
py-2 text-sm"
      192 |               value={confirmPassword}
    > 193 |               onChange={e => setConfirmPassword(e.target.value)}
          |                              ^
      194 |             />
      195 |             {confirmPassword && !passwordsMatch && (
      196 |               <p className="text-sm text-red-600">Passwords do not 
match</p>

      at printWarning 
(node_modules/react-dom/cjs/react-dom.development.js:86:30)
      at error (node_modules/react-dom/cjs/react-dom.development.js:60:7)
      at warnIfUpdatesNotWrappedWithActDEV 
(node_modules/react-dom/cjs/react-dom.development.js:27628:9)
      at scheduleUpdateOnFiber 
(node_modules/react-dom/cjs/react-dom.development.js:25547:5)
      at dispatchSetState 
(node_modules/react-dom/cjs/react-dom.development.js:16708:7)
      at onChange (src/profile/ProfilePage.tsx:193:30)
      at HTMLUnknownElement.callCallback 
(node_modules/react-dom/cjs/react-dom.development.js:4164:14)
      at HTMLUnknownElement.callTheUserObjectsOperation 
(node_modules/jsdom/lib/jsdom/living/generated/EventListener.js:26:30)
      at innerInvokeEventListeners 
(node_modules/jsdom/lib/jsdom/living/events/EventTarget-impl.js:350:25)
      at invokeEventListeners 
(node_modules/jsdom/lib/jsdom/living/events/EventTarget-impl.js:286:3)
      at HTMLUnknownElementImpl._dispatch 
(node_modules/jsdom/lib/jsdom/living/events/EventTarget-impl.js:233:9)
      at HTMLUnknownElementImpl.dispatchEvent 
(node_modules/jsdom/lib/jsdom/living/events/EventTarget-impl.js:104:17)
      at HTMLUnknownElement.dispatchEvent 
(node_modules/jsdom/lib/jsdom/living/generated/EventTarget.js:241:34)
      at Object.invokeGuardedCallbackDev 
(node_modules/react-dom/cjs/react-dom.development.js:4213:16)
      at invokeGuardedCallback 
(node_modules/react-dom/cjs/react-dom.development.js:4277:31)
      at invokeGuardedCallbackAndCatchFirstError 
(node_modules/react-dom/cjs/react-dom.development.js:4291:25)
      at executeDispatch 
(node_modules/react-dom/cjs/react-dom.development.js:9041:3)
      at processDispatchQueueItemsInOrder 
(node_modules/react-dom/cjs/react-dom.development.js:9073:7)
      at processDispatchQueue 
(node_modules/react-dom/cjs/react-dom.development.js:9086:5)
      at dispatchEventsForPlugins 
(node_modules/react-dom/cjs/react-dom.development.js:9097:3)
      at node_modules/react-dom/cjs/react-dom.development.js:9288:12
      at batchedUpdates$1 
(node_modules/react-dom/cjs/react-dom.development.js:26179:12)
      at batchedUpdates 
(node_modules/react-dom/cjs/react-dom.development.js:3991:12)
      at dispatchEventForPluginEventSystem 
(node_modules/react-dom/cjs/react-dom.development.js:9287:3)
      at dispatchEventWithEnableCapturePhaseSelectiveHydrationWithoutDiscreteEv
entReplay (node_modules/react-dom/cjs/react-dom.development.js:6465:5)
      at dispatchEvent 
(node_modules/react-dom/cjs/react-dom.development.js:6457:5)
      at dispatchDiscreteEvent 
(node_modules/react-dom/cjs/react-dom.development.js:6430:5)
      at HTMLDivElement.callTheUserObjectsOperation 
(node_modules/jsdom/lib/jsdom/living/generated/EventListener.js:26:30)
      at innerInvokeEventListeners 
(node_modules/jsdom/lib/jsdom/living/events/EventTarget-impl.js:350:25)
      at invokeEventListeners 
(node_modules/jsdom/lib/jsdom/living/events/EventTarget-impl.js:286:3)
      at HTMLInputElementImpl._dispatch 
(node_modules/jsdom/lib/jsdom/living/events/EventTarget-impl.js:233:9)
      at HTMLInputElementImpl.dispatchEvent 
(node_modules/jsdom/lib/jsdom/living/events/EventTarget-impl.js:104:17)
      at HTMLInputElement.dispatchEvent 
(node_modules/jsdom/lib/jsdom/living/generated/EventTarget.js:241:34)
      at 
node_modules/@testing-library/user-event/dist/cjs/event/dispatchEvent.js:45:43
      at Object.eventWrapper 
(node_modules/@testing-library/dom/dist/config.js:25:23)
      at Object.wrapEvent 
(node_modules/@testing-library/user-event/dist/cjs/event/wrapEvent.js:6:28)
      at Object.dispatchEvent (node_modules/@testing-library/user-event/dist/cj
s/event/dispatchEvent.js:45:22)
      at Object.dispatchUIEvent (node_modules/@testing-library/user-event/dist/
cjs/event/dispatchEvent.js:22:26)
      at commitInput 
(node_modules/@testing-library/user-event/dist/cjs/event/input.js:145:14)
      at editInputElement 
(node_modules/@testing-library/user-event/dist/cjs/event/input.js:115:9)
      at Object.input 
(node_modules/@testing-library/user-event/dist/cjs/event/input.js:37:9)
      at node_modules/@testing-library/user-event/dist/cjs/event/behavior/keypr
ess.js:31:26
      at Object.dispatchEvent (node_modules/@testing-library/user-event/dist/cj
s/event/dispatchEvent.js:41:13)
      at Object.dispatchUIEvent (node_modules/@testing-library/user-event/dist/
cjs/event/dispatchEvent.js:22:26)
      at KeyboardHost.keydown 
(node_modules/@testing-library/user-event/dist/cjs/system/keyboard.js:76:22)
      at keyboardAction 
(node_modules/@testing-library/user-event/dist/cjs/keyboard/index.js:22:35)
      at Object.keyboard 
(node_modules/@testing-library/user-event/dist/cjs/keyboard/index.js:11:15)
      at Object.type 
(node_modules/@testing-library/user-event/dist/cjs/utility/type.js:17:5)
      at Object.<anonymous> (src/profile/__tests__/profile.test.tsx:260:5)

    console.error
      Warning: An update to ProfilePage inside a test was not wrapped in 
act(...).
      
      When testing, code that causes React state updates should be wrapped 
into act(...):
      
      act(() => {
        /* fire events that update state */
      });
      /* assert on the output */
      
      This ensures that you're testing the behavior the user would see in the 
browser. Learn more at https://reactjs.org/link/wrap-tests-with-act
          at ProfilePage (C:\Users\samhe\OneDrive\Desktop\Cleaned\frontend\src\
profile\ProfilePage.tsx:17:41)
          at basenameProp (C:\Users\samhe\OneDrive\Desktop\Cleaned\frontend\nod
e_modules\react-router\lib\components.tsx:421:13)
          at basename (C:\Users\samhe\OneDrive\Desktop\Cleaned\frontend\node_mo
dules\react-router\lib\components.tsx:225:3)

      191 |               className="border border-gray-300 rounded-md px-3 
py-2 text-sm"
      192 |               value={confirmPassword}
    > 193 |               onChange={e => setConfirmPassword(e.target.value)}
          |                              ^
      194 |             />
      195 |             {confirmPassword && !passwordsMatch && (
      196 |               <p className="text-sm text-red-600">Passwords do not 
match</p>

      at printWarning 
(node_modules/react-dom/cjs/react-dom.development.js:86:30)
      at error (node_modules/react-dom/cjs/react-dom.development.js:60:7)
      at warnIfUpdatesNotWrappedWithActDEV 
(node_modules/react-dom/cjs/react-dom.development.js:27628:9)
      at scheduleUpdateOnFiber 
(node_modules/react-dom/cjs/react-dom.development.js:25547:5)
      at dispatchSetState 
(node_modules/react-dom/cjs/react-dom.development.js:16708:7)
      at onChange (src/profile/ProfilePage.tsx:193:30)
      at HTMLUnknownElement.callCallback 
(node_modules/react-dom/cjs/react-dom.development.js:4164:14)
      at HTMLUnknownElement.callTheUserObjectsOperation 
(node_modules/jsdom/lib/jsdom/living/generated/EventListener.js:26:30)
      at innerInvokeEventListeners 
(node_modules/jsdom/lib/jsdom/living/events/EventTarget-impl.js:350:25)
      at invokeEventListeners 
(node_modules/jsdom/lib/jsdom/living/events/EventTarget-impl.js:286:3)
      at HTMLUnknownElementImpl._dispatch 
(node_modules/jsdom/lib/jsdom/living/events/EventTarget-impl.js:233:9)
      at HTMLUnknownElementImpl.dispatchEvent 
(node_modules/jsdom/lib/jsdom/living/events/EventTarget-impl.js:104:17)
      at HTMLUnknownElement.dispatchEvent 
(node_modules/jsdom/lib/jsdom/living/generated/EventTarget.js:241:34)
      at Object.invokeGuardedCallbackDev 
(node_modules/react-dom/cjs/react-dom.development.js:4213:16)
      at invokeGuardedCallback 
(node_modules/react-dom/cjs/react-dom.development.js:4277:31)
      at invokeGuardedCallbackAndCatchFirstError 
(node_modules/react-dom/cjs/react-dom.development.js:4291:25)
      at executeDispatch 
(node_modules/react-dom/cjs/react-dom.development.js:9041:3)
      at processDispatchQueueItemsInOrder 
(node_modules/react-dom/cjs/react-dom.development.js:9073:7)
      at processDispatchQueue 
(node_modules/react-dom/cjs/react-dom.development.js:9086:5)
      at dispatchEventsForPlugins 
(node_modules/react-dom/cjs/react-dom.development.js:9097:3)
      at node_modules/react-dom/cjs/react-dom.development.js:9288:12
      at batchedUpdates$1 
(node_modules/react-dom/cjs/react-dom.development.js:26179:12)
      at batchedUpdates 
(node_modules/react-dom/cjs/react-dom.development.js:3991:12)
      at dispatchEventForPluginEventSystem 
(node_modules/react-dom/cjs/react-dom.development.js:9287:3)
      at dispatchEventWithEnableCapturePhaseSelectiveHydrationWithoutDiscreteEv
entReplay (node_modules/react-dom/cjs/react-dom.development.js:6465:5)
      at dispatchEvent 
(node_modules/react-dom/cjs/react-dom.development.js:6457:5)
      at dispatchDiscreteEvent 
(node_modules/react-dom/cjs/react-dom.development.js:6430:5)
      at HTMLDivElement.callTheUserObjectsOperation 
(node_modules/jsdom/lib/jsdom/living/generated/EventListener.js:26:30)
      at innerInvokeEventListeners 
(node_modules/jsdom/lib/jsdom/living/events/EventTarget-impl.js:350:25)
      at invokeEventListeners 
(node_modules/jsdom/lib/jsdom/living/events/EventTarget-impl.js:286:3)
      at HTMLInputElementImpl._dispatch 
(node_modules/jsdom/lib/jsdom/living/events/EventTarget-impl.js:233:9)
      at HTMLInputElementImpl.dispatchEvent 
(node_modules/jsdom/lib/jsdom/living/events/EventTarget-impl.js:104:17)
      at HTMLInputElement.dispatchEvent 
(node_modules/jsdom/lib/jsdom/living/generated/EventTarget.js:241:34)
      at 
node_modules/@testing-library/user-event/dist/cjs/event/dispatchEvent.js:45:43
      at Object.eventWrapper 
(node_modules/@testing-library/dom/dist/config.js:25:23)
      at Object.wrapEvent 
(node_modules/@testing-library/user-event/dist/cjs/event/wrapEvent.js:6:28)
      at Object.dispatchEvent (node_modules/@testing-library/user-event/dist/cj
s/event/dispatchEvent.js:45:22)
      at Object.dispatchUIEvent (node_modules/@testing-library/user-event/dist/
cjs/event/dispatchEvent.js:22:26)
      at commitInput 
(node_modules/@testing-library/user-event/dist/cjs/event/input.js:145:14)
      at editInputElement 
(node_modules/@testing-library/user-event/dist/cjs/event/input.js:115:9)
      at Object.input 
(node_modules/@testing-library/user-event/dist/cjs/event/input.js:37:9)
      at node_modules/@testing-library/user-event/dist/cjs/event/behavior/keypr
ess.js:31:26
      at Object.dispatchEvent (node_modules/@testing-library/user-event/dist/cj
s/event/dispatchEvent.js:41:13)
      at Object.dispatchUIEvent (node_modules/@testing-library/user-event/dist/
cjs/event/dispatchEvent.js:22:26)
      at KeyboardHost.keydown 
(node_modules/@testing-library/user-event/dist/cjs/system/keyboard.js:76:22)
      at keyboardAction 
(node_modules/@testing-library/user-event/dist/cjs/keyboard/index.js:22:35)
      at Object.keyboard 
(node_modules/@testing-library/user-event/dist/cjs/keyboard/index.js:11:15)
      at Object.type 
(node_modules/@testing-library/user-event/dist/cjs/utility/type.js:17:5)
      at Object.<anonymous> (src/profile/__tests__/profile.test.tsx:260:5)

    console.error
      Warning: An update to ProfilePage inside a test was not wrapped in 
act(...).
      
      When testing, code that causes React state updates should be wrapped 
into act(...):
      
      act(() => {
        /* fire events that update state */
      });
      /* assert on the output */
      
      This ensures that you're testing the behavior the user would see in the 
browser. Learn more at https://reactjs.org/link/wrap-tests-with-act
          at ProfilePage (C:\Users\samhe\OneDrive\Desktop\Cleaned\frontend\src\
profile\ProfilePage.tsx:17:41)
          at basenameProp (C:\Users\samhe\OneDrive\Desktop\Cleaned\frontend\nod
e_modules\react-router\lib\components.tsx:421:13)
          at basename (C:\Users\samhe\OneDrive\Desktop\Cleaned\frontend\node_mo
dules\react-router\lib\components.tsx:225:3)

      159 |               className="border border-gray-300 rounded-md px-3 
py-2 text-sm"
      160 |               value={currentPassword}
    > 161 |               onChange={e => setCurrentPassword(e.target.value)}
          |                              ^
      162 |             />
      163 |           </div>
      164 |

      at printWarning 
(node_modules/react-dom/cjs/react-dom.development.js:86:30)
      at error (node_modules/react-dom/cjs/react-dom.development.js:60:7)
      at warnIfUpdatesNotWrappedWithActDEV 
(node_modules/react-dom/cjs/react-dom.development.js:27628:9)
      at scheduleUpdateOnFiber 
(node_modules/react-dom/cjs/react-dom.development.js:25547:5)
      at dispatchSetState 
(node_modules/react-dom/cjs/react-dom.development.js:16708:7)
      at onChange (src/profile/ProfilePage.tsx:161:30)
      at HTMLUnknownElement.callCallback 
(node_modules/react-dom/cjs/react-dom.development.js:4164:14)
      at HTMLUnknownElement.callTheUserObjectsOperation 
(node_modules/jsdom/lib/jsdom/living/generated/EventListener.js:26:30)
      at innerInvokeEventListeners 
(node_modules/jsdom/lib/jsdom/living/events/EventTarget-impl.js:350:25)
      at invokeEventListeners 
(node_modules/jsdom/lib/jsdom/living/events/EventTarget-impl.js:286:3)
      at HTMLUnknownElementImpl._dispatch 
(node_modules/jsdom/lib/jsdom/living/events/EventTarget-impl.js:233:9)
      at HTMLUnknownElementImpl.dispatchEvent 
(node_modules/jsdom/lib/jsdom/living/events/EventTarget-impl.js:104:17)
      at HTMLUnknownElement.dispatchEvent 
(node_modules/jsdom/lib/jsdom/living/generated/EventTarget.js:241:34)
      at Object.invokeGuardedCallbackDev 
(node_modules/react-dom/cjs/react-dom.development.js:4213:16)
      at invokeGuardedCallback 
(node_modules/react-dom/cjs/react-dom.development.js:4277:31)
      at invokeGuardedCallbackAndCatchFirstError 
(node_modules/react-dom/cjs/react-dom.development.js:4291:25)
      at executeDispatch 
(node_modules/react-dom/cjs/react-dom.development.js:9041:3)
      at processDispatchQueueItemsInOrder 
(node_modules/react-dom/cjs/react-dom.development.js:9073:7)
      at processDispatchQueue 
(node_modules/react-dom/cjs/react-dom.development.js:9086:5)
      at dispatchEventsForPlugins 
(node_modules/react-dom/cjs/react-dom.development.js:9097:3)
      at node_modules/react-dom/cjs/react-dom.development.js:9288:12
      at batchedUpdates$1 
(node_modules/react-dom/cjs/react-dom.development.js:26179:12)
      at batchedUpdates 
(node_modules/react-dom/cjs/react-dom.development.js:3991:12)
      at dispatchEventForPluginEventSystem 
(node_modules/react-dom/cjs/react-dom.development.js:9287:3)
      at dispatchEventWithEnableCapturePhaseSelectiveHydrationWithoutDiscreteEv
entReplay (node_modules/react-dom/cjs/react-dom.development.js:6465:5)
      at dispatchEvent 
(node_modules/react-dom/cjs/react-dom.development.js:6457:5)
      at dispatchDiscreteEvent 
(node_modules/react-dom/cjs/react-dom.development.js:6430:5)
      at HTMLDivElement.callTheUserObjectsOperation 
(node_modules/jsdom/lib/jsdom/living/generated/EventListener.js:26:30)
      at innerInvokeEventListeners 
(node_modules/jsdom/lib/jsdom/living/events/EventTarget-impl.js:350:25)
      at invokeEventListeners 
(node_modules/jsdom/lib/jsdom/living/events/EventTarget-impl.js:286:3)
      at HTMLInputElementImpl._dispatch 
(node_modules/jsdom/lib/jsdom/living/events/EventTarget-impl.js:233:9)
      at HTMLInputElementImpl.dispatchEvent 
(node_modules/jsdom/lib/jsdom/living/events/EventTarget-impl.js:104:17)
      at HTMLInputElement.dispatchEvent 
(node_modules/jsdom/lib/jsdom/living/generated/EventTarget.js:241:34)
      at 
node_modules/@testing-library/user-event/dist/cjs/event/dispatchEvent.js:45:43
      at Object.eventWrapper 
(node_modules/@testing-library/dom/dist/config.js:25:23)
      at Object.wrapEvent 
(node_modules/@testing-library/user-event/dist/cjs/event/wrapEvent.js:6:28)
      at Object.dispatchEvent (node_modules/@testing-library/user-event/dist/cj
s/event/dispatchEvent.js:45:22)
      at Object.dispatchUIEvent (node_modules/@testing-library/user-event/dist/
cjs/event/dispatchEvent.js:22:26)
      at commitInput 
(node_modules/@testing-library/user-event/dist/cjs/event/input.js:145:14)
      at editInputElement 
(node_modules/@testing-library/user-event/dist/cjs/event/input.js:115:9)
      at Object.input 
(node_modules/@testing-library/user-event/dist/cjs/event/input.js:37:9)
      at node_modules/@testing-library/user-event/dist/cjs/event/behavior/keypr
ess.js:31:26
      at Object.dispatchEvent (node_modules/@testing-library/user-event/dist/cj
s/event/dispatchEvent.js:41:13)
      at Object.dispatchUIEvent (node_modules/@testing-library/user-event/dist/
cjs/event/dispatchEvent.js:22:26)
      at KeyboardHost.keydown 
(node_modules/@testing-library/user-event/dist/cjs/system/keyboard.js:76:22)
      at keyboardAction 
(node_modules/@testing-library/user-event/dist/cjs/keyboard/index.js:22:35)
      at Object.keyboard 
(node_modules/@testing-library/user-event/dist/cjs/keyboard/index.js:11:15)
      at Object.type 
(node_modules/@testing-library/user-event/dist/cjs/utility/type.js:17:5)
      at Object.<anonymous> (src/profile/__tests__/profile.test.tsx:269:5)

    console.error
      Warning: An update to ProfilePage inside a test was not wrapped in 
act(...).
      
      When testing, code that causes React state updates should be wrapped 
into act(...):
      
      act(() => {
        /* fire events that update state */
      });
      /* assert on the output */
      
      This ensures that you're testing the behavior the user would see in the 
browser. Learn more at https://reactjs.org/link/wrap-tests-with-act
          at ProfilePage (C:\Users\samhe\OneDrive\Desktop\Cleaned\frontend\src\
profile\ProfilePage.tsx:17:41)
          at basenameProp (C:\Users\samhe\OneDrive\Desktop\Cleaned\frontend\nod
e_modules\react-router\lib\components.tsx:421:13)
          at basename (C:\Users\samhe\OneDrive\Desktop\Cleaned\frontend\node_mo
dules\react-router\lib\components.tsx:225:3)

      159 |               className="border border-gray-300 rounded-md px-3 
py-2 text-sm"
      160 |               value={currentPassword}
    > 161 |               onChange={e => setCurrentPassword(e.target.value)}
          |                              ^
      162 |             />
      163 |           </div>
      164 |

      at printWarning 
(node_modules/react-dom/cjs/react-dom.development.js:86:30)
      at error (node_modules/react-dom/cjs/react-dom.development.js:60:7)
      at warnIfUpdatesNotWrappedWithActDEV 
(node_modules/react-dom/cjs/react-dom.development.js:27628:9)
      at scheduleUpdateOnFiber 
(node_modules/react-dom/cjs/react-dom.development.js:25547:5)
      at dispatchSetState 
(node_modules/react-dom/cjs/react-dom.development.js:16708:7)
      at onChange (src/profile/ProfilePage.tsx:161:30)
      at HTMLUnknownElement.callCallback 
(node_modules/react-dom/cjs/react-dom.development.js:4164:14)
      at HTMLUnknownElement.callTheUserObjectsOperation 
(node_modules/jsdom/lib/jsdom/living/generated/EventListener.js:26:30)
      at innerInvokeEventListeners 
(node_modules/jsdom/lib/jsdom/living/events/EventTarget-impl.js:350:25)
      at invokeEventListeners 
(node_modules/jsdom/lib/jsdom/living/events/EventTarget-impl.js:286:3)
      at HTMLUnknownElementImpl._dispatch 
(node_modules/jsdom/lib/jsdom/living/events/EventTarget-impl.js:233:9)
      at HTMLUnknownElementImpl.dispatchEvent 
(node_modules/jsdom/lib/jsdom/living/events/EventTarget-impl.js:104:17)
      at HTMLUnknownElement.dispatchEvent 
(node_modules/jsdom/lib/jsdom/living/generated/EventTarget.js:241:34)
      at Object.invokeGuardedCallbackDev 
(node_modules/react-dom/cjs/react-dom.development.js:4213:16)
      at invokeGuardedCallback 
(node_modules/react-dom/cjs/react-dom.development.js:4277:31)
      at invokeGuardedCallbackAndCatchFirstError 
(node_modules/react-dom/cjs/react-dom.development.js:4291:25)
      at executeDispatch 
(node_modules/react-dom/cjs/react-dom.development.js:9041:3)
      at processDispatchQueueItemsInOrder 
(node_modules/react-dom/cjs/react-dom.development.js:9073:7)
      at processDispatchQueue 
(node_modules/react-dom/cjs/react-dom.development.js:9086:5)
      at dispatchEventsForPlugins 
(node_modules/react-dom/cjs/react-dom.development.js:9097:3)
      at node_modules/react-dom/cjs/react-dom.development.js:9288:12
      at batchedUpdates$1 
(node_modules/react-dom/cjs/react-dom.development.js:26179:12)
      at batchedUpdates 
(node_modules/react-dom/cjs/react-dom.development.js:3991:12)
      at dispatchEventForPluginEventSystem 
(node_modules/react-dom/cjs/react-dom.development.js:9287:3)
      at dispatchEventWithEnableCapturePhaseSelectiveHydrationWithoutDiscreteEv
entReplay (node_modules/react-dom/cjs/react-dom.development.js:6465:5)
      at dispatchEvent 
(node_modules/react-dom/cjs/react-dom.development.js:6457:5)
      at dispatchDiscreteEvent 
(node_modules/react-dom/cjs/react-dom.development.js:6430:5)
      at HTMLDivElement.callTheUserObjectsOperation 
(node_modules/jsdom/lib/jsdom/living/generated/EventListener.js:26:30)
      at innerInvokeEventListeners 
(node_modules/jsdom/lib/jsdom/living/events/EventTarget-impl.js:350:25)
      at invokeEventListeners 
(node_modules/jsdom/lib/jsdom/living/events/EventTarget-impl.js:286:3)
      at HTMLInputElementImpl._dispatch 
(node_modules/jsdom/lib/jsdom/living/events/EventTarget-impl.js:233:9)
      at HTMLInputElementImpl.dispatchEvent 
(node_modules/jsdom/lib/jsdom/living/events/EventTarget-impl.js:104:17)
      at HTMLInputElement.dispatchEvent 
(node_modules/jsdom/lib/jsdom/living/generated/EventTarget.js:241:34)
      at 
node_modules/@testing-library/user-event/dist/cjs/event/dispatchEvent.js:45:43
      at Object.eventWrapper 
(node_modules/@testing-library/dom/dist/config.js:25:23)
      at Object.wrapEvent 
(node_modules/@testing-library/user-event/dist/cjs/event/wrapEvent.js:6:28)
      at Object.dispatchEvent (node_modules/@testing-library/user-event/dist/cj
s/event/dispatchEvent.js:45:22)
      at Object.dispatchUIEvent (node_modules/@testing-library/user-event/dist/
cjs/event/dispatchEvent.js:22:26)
      at commitInput 
(node_modules/@testing-library/user-event/dist/cjs/event/input.js:145:14)
      at editInputElement 
(node_modules/@testing-library/user-event/dist/cjs/event/input.js:115:9)
      at Object.input 
(node_modules/@testing-library/user-event/dist/cjs/event/input.js:37:9)
      at node_modules/@testing-library/user-event/dist/cjs/event/behavior/keypr
ess.js:31:26
      at Object.dispatchEvent (node_modules/@testing-library/user-event/dist/cj
s/event/dispatchEvent.js:41:13)
      at Object.dispatchUIEvent (node_modules/@testing-library/user-event/dist/
cjs/event/dispatchEvent.js:22:26)
      at KeyboardHost.keydown 
(node_modules/@testing-library/user-event/dist/cjs/system/keyboard.js:76:22)
      at keyboardAction 
(node_modules/@testing-library/user-event/dist/cjs/keyboard/index.js:22:35)
      at Object.keyboard 
(node_modules/@testing-library/user-event/dist/cjs/keyboard/index.js:11:15)
      at Object.type 
(node_modules/@testing-library/user-event/dist/cjs/utility/type.js:17:5)
      at Object.<anonymous> (src/profile/__tests__/profile.test.tsx:269:5)

    console.error
      Warning: An update to ProfilePage inside a test was not wrapped in 
act(...).
      
      When testing, code that causes React state updates should be wrapped 
into act(...):
      
      act(() => {
        /* fire events that update state */
      });
      /* assert on the output */
      
      This ensures that you're testing the behavior the user would see in the 
browser. Learn more at https://reactjs.org/link/wrap-tests-with-act
          at ProfilePage (C:\Users\samhe\OneDrive\Desktop\Cleaned\frontend\src\
profile\ProfilePage.tsx:17:41)
          at basenameProp (C:\Users\samhe\OneDrive\Desktop\Cleaned\frontend\nod
e_modules\react-router\lib\components.tsx:421:13)
          at basename (C:\Users\samhe\OneDrive\Desktop\Cleaned\frontend\node_mo
dules\react-router\lib\components.tsx:225:3)

      159 |               className="border border-gray-300 rounded-md px-3 
py-2 text-sm"
      160 |               value={currentPassword}
    > 161 |               onChange={e => setCurrentPassword(e.target.value)}
          |                              ^
      162 |             />
      163 |           </div>
      164 |

      at printWarning 
(node_modules/react-dom/cjs/react-dom.development.js:86:30)
      at error (node_modules/react-dom/cjs/react-dom.development.js:60:7)
      at warnIfUpdatesNotWrappedWithActDEV 
(node_modules/react-dom/cjs/react-dom.development.js:27628:9)
      at scheduleUpdateOnFiber 
(node_modules/react-dom/cjs/react-dom.development.js:25547:5)
      at dispatchSetState 
(node_modules/react-dom/cjs/react-dom.development.js:16708:7)
      at onChange (src/profile/ProfilePage.tsx:161:30)
      at HTMLUnknownElement.callCallback 
(node_modules/react-dom/cjs/react-dom.development.js:4164:14)
      at HTMLUnknownElement.callTheUserObjectsOperation 
(node_modules/jsdom/lib/jsdom/living/generated/EventListener.js:26:30)
      at innerInvokeEventListeners 
(node_modules/jsdom/lib/jsdom/living/events/EventTarget-impl.js:350:25)
      at invokeEventListeners 
(node_modules/jsdom/lib/jsdom/living/events/EventTarget-impl.js:286:3)
      at HTMLUnknownElementImpl._dispatch 
(node_modules/jsdom/lib/jsdom/living/events/EventTarget-impl.js:233:9)
      at HTMLUnknownElementImpl.dispatchEvent 
(node_modules/jsdom/lib/jsdom/living/events/EventTarget-impl.js:104:17)
      at HTMLUnknownElement.dispatchEvent 
(node_modules/jsdom/lib/jsdom/living/generated/EventTarget.js:241:34)
      at Object.invokeGuardedCallbackDev 
(node_modules/react-dom/cjs/react-dom.development.js:4213:16)
      at invokeGuardedCallback 
(node_modules/react-dom/cjs/react-dom.development.js:4277:31)
      at invokeGuardedCallbackAndCatchFirstError 
(node_modules/react-dom/cjs/react-dom.development.js:4291:25)
      at executeDispatch 
(node_modules/react-dom/cjs/react-dom.development.js:9041:3)
      at processDispatchQueueItemsInOrder 
(node_modules/react-dom/cjs/react-dom.development.js:9073:7)
      at processDispatchQueue 
(node_modules/react-dom/cjs/react-dom.development.js:9086:5)
      at dispatchEventsForPlugins 
(node_modules/react-dom/cjs/react-dom.development.js:9097:3)
      at node_modules/react-dom/cjs/react-dom.development.js:9288:12
      at batchedUpdates$1 
(node_modules/react-dom/cjs/react-dom.development.js:26179:12)
      at batchedUpdates 
(node_modules/react-dom/cjs/react-dom.development.js:3991:12)
      at dispatchEventForPluginEventSystem 
(node_modules/react-dom/cjs/react-dom.development.js:9287:3)
      at dispatchEventWithEnableCapturePhaseSelectiveHydrationWithoutDiscreteEv
entReplay (node_modules/react-dom/cjs/react-dom.development.js:6465:5)
      at dispatchEvent 
(node_modules/react-dom/cjs/react-dom.development.js:6457:5)
      at dispatchDiscreteEvent 
(node_modules/react-dom/cjs/react-dom.development.js:6430:5)
      at HTMLDivElement.callTheUserObjectsOperation 
(node_modules/jsdom/lib/jsdom/living/generated/EventListener.js:26:30)
      at innerInvokeEventListeners 
(node_modules/jsdom/lib/jsdom/living/events/EventTarget-impl.js:350:25)
      at invokeEventListeners 
(node_modules/jsdom/lib/jsdom/living/events/EventTarget-impl.js:286:3)
      at HTMLInputElementImpl._dispatch 
(node_modules/jsdom/lib/jsdom/living/events/EventTarget-impl.js:233:9)
      at HTMLInputElementImpl.dispatchEvent 
(node_modules/jsdom/lib/jsdom/living/events/EventTarget-impl.js:104:17)
      at HTMLInputElement.dispatchEvent 
(node_modules/jsdom/lib/jsdom/living/generated/EventTarget.js:241:34)
      at 
node_modules/@testing-library/user-event/dist/cjs/event/dispatchEvent.js:45:43
      at Object.eventWrapper 
(node_modules/@testing-library/dom/dist/config.js:25:23)
      at Object.wrapEvent 
(node_modules/@testing-library/user-event/dist/cjs/event/wrapEvent.js:6:28)
      at Object.dispatchEvent (node_modules/@testing-library/user-event/dist/cj
s/event/dispatchEvent.js:45:22)
      at Object.dispatchUIEvent (node_modules/@testing-library/user-event/dist/
cjs/event/dispatchEvent.js:22:26)
      at commitInput 
(node_modules/@testing-library/user-event/dist/cjs/event/input.js:145:14)
      at editInputElement 
(node_modules/@testing-library/user-event/dist/cjs/event/input.js:115:9)
      at Object.input 
(node_modules/@testing-library/user-event/dist/cjs/event/input.js:37:9)
      at node_modules/@testing-library/user-event/dist/cjs/event/behavior/keypr
ess.js:31:26
      at Object.dispatchEvent (node_modules/@testing-library/user-event/dist/cj
s/event/dispatchEvent.js:41:13)
      at Object.dispatchUIEvent (node_modules/@testing-library/user-event/dist/
cjs/event/dispatchEvent.js:22:26)
      at KeyboardHost.keydown 
(node_modules/@testing-library/user-event/dist/cjs/system/keyboard.js:76:22)
      at keyboardAction 
(node_modules/@testing-library/user-event/dist/cjs/keyboard/index.js:22:35)
      at Object.keyboard 
(node_modules/@testing-library/user-event/dist/cjs/keyboard/index.js:11:15)
      at Object.type 
(node_modules/@testing-library/user-event/dist/cjs/utility/type.js:17:5)
      at Object.<anonymous> (src/profile/__tests__/profile.test.tsx:269:5)

    console.error
      Warning: An update to ProfilePage inside a test was not wrapped in 
act(...).
      
      When testing, code that causes React state updates should be wrapped 
into act(...):
      
      act(() => {
        /* fire events that update state */
      });
      /* assert on the output */
      
      This ensures that you're testing the behavior the user would see in the 
browser. Learn more at https://reactjs.org/link/wrap-tests-with-act
          at ProfilePage (C:\Users\samhe\OneDrive\Desktop\Cleaned\frontend\src\
profile\ProfilePage.tsx:17:41)
          at basenameProp (C:\Users\samhe\OneDrive\Desktop\Cleaned\frontend\nod
e_modules\react-router\lib\components.tsx:421:13)
          at basename (C:\Users\samhe\OneDrive\Desktop\Cleaned\frontend\node_mo
dules\react-router\lib\components.tsx:225:3)

      159 |               className="border border-gray-300 rounded-md px-3 
py-2 text-sm"
      160 |               value={currentPassword}
    > 161 |               onChange={e => setCurrentPassword(e.target.value)}
          |                              ^
      162 |             />
      163 |           </div>
      164 |

      at printWarning 
(node_modules/react-dom/cjs/react-dom.development.js:86:30)
      at error (node_modules/react-dom/cjs/react-dom.development.js:60:7)
      at warnIfUpdatesNotWrappedWithActDEV 
(node_modules/react-dom/cjs/react-dom.development.js:27628:9)
      at scheduleUpdateOnFiber 
(node_modules/react-dom/cjs/react-dom.development.js:25547:5)
      at dispatchSetState 
(node_modules/react-dom/cjs/react-dom.development.js:16708:7)
      at onChange (src/profile/ProfilePage.tsx:161:30)
      at HTMLUnknownElement.callCallback 
(node_modules/react-dom/cjs/react-dom.development.js:4164:14)
      at HTMLUnknownElement.callTheUserObjectsOperation 
(node_modules/jsdom/lib/jsdom/living/generated/EventListener.js:26:30)
      at innerInvokeEventListeners 
(node_modules/jsdom/lib/jsdom/living/events/EventTarget-impl.js:350:25)
      at invokeEventListeners 
(node_modules/jsdom/lib/jsdom/living/events/EventTarget-impl.js:286:3)
      at HTMLUnknownElementImpl._dispatch 
(node_modules/jsdom/lib/jsdom/living/events/EventTarget-impl.js:233:9)
      at HTMLUnknownElementImpl.dispatchEvent 
(node_modules/jsdom/lib/jsdom/living/events/EventTarget-impl.js:104:17)
      at HTMLUnknownElement.dispatchEvent 
(node_modules/jsdom/lib/jsdom/living/generated/EventTarget.js:241:34)
      at Object.invokeGuardedCallbackDev 
(node_modules/react-dom/cjs/react-dom.development.js:4213:16)
      at invokeGuardedCallback 
(node_modules/react-dom/cjs/react-dom.development.js:4277:31)
      at invokeGuardedCallbackAndCatchFirstError 
(node_modules/react-dom/cjs/react-dom.development.js:4291:25)
      at executeDispatch 
(node_modules/react-dom/cjs/react-dom.development.js:9041:3)
      at processDispatchQueueItemsInOrder 
(node_modules/react-dom/cjs/react-dom.development.js:9073:7)
      at processDispatchQueue 
(node_modules/react-dom/cjs/react-dom.development.js:9086:5)
      at dispatchEventsForPlugins 
(node_modules/react-dom/cjs/react-dom.development.js:9097:3)
      at node_modules/react-dom/cjs/react-dom.development.js:9288:12
      at batchedUpdates$1 
(node_modules/react-dom/cjs/react-dom.development.js:26179:12)
      at batchedUpdates 
(node_modules/react-dom/cjs/react-dom.development.js:3991:12)
      at dispatchEventForPluginEventSystem 
(node_modules/react-dom/cjs/react-dom.development.js:9287:3)
      at dispatchEventWithEnableCapturePhaseSelectiveHydrationWithoutDiscreteEv
entReplay (node_modules/react-dom/cjs/react-dom.development.js:6465:5)
      at dispatchEvent 
(node_modules/react-dom/cjs/react-dom.development.js:6457:5)
      at dispatchDiscreteEvent 
(node_modules/react-dom/cjs/react-dom.development.js:6430:5)
      at HTMLDivElement.callTheUserObjectsOperation 
(node_modules/jsdom/lib/jsdom/living/generated/EventListener.js:26:30)
      at innerInvokeEventListeners 
(node_modules/jsdom/lib/jsdom/living/events/EventTarget-impl.js:350:25)
      at invokeEventListeners 
(node_modules/jsdom/lib/jsdom/living/events/EventTarget-impl.js:286:3)
      at HTMLInputElementImpl._dispatch 
(node_modules/jsdom/lib/jsdom/living/events/EventTarget-impl.js:233:9)
      at HTMLInputElementImpl.dispatchEvent 
(node_modules/jsdom/lib/jsdom/living/events/EventTarget-impl.js:104:17)
      at HTMLInputElement.dispatchEvent 
(node_modules/jsdom/lib/jsdom/living/generated/EventTarget.js:241:34)
      at 
node_modules/@testing-library/user-event/dist/cjs/event/dispatchEvent.js:45:43
      at Object.eventWrapper 
(node_modules/@testing-library/dom/dist/config.js:25:23)
      at Object.wrapEvent 
(node_modules/@testing-library/user-event/dist/cjs/event/wrapEvent.js:6:28)
      at Object.dispatchEvent (node_modules/@testing-library/user-event/dist/cj
s/event/dispatchEvent.js:45:22)
      at Object.dispatchUIEvent (node_modules/@testing-library/user-event/dist/
cjs/event/dispatchEvent.js:22:26)
      at commitInput 
(node_modules/@testing-library/user-event/dist/cjs/event/input.js:145:14)
      at editInputElement 
(node_modules/@testing-library/user-event/dist/cjs/event/input.js:115:9)
      at Object.input 
(node_modules/@testing-library/user-event/dist/cjs/event/input.js:37:9)
      at node_modules/@testing-library/user-event/dist/cjs/event/behavior/keypr
ess.js:31:26
      at Object.dispatchEvent (node_modules/@testing-library/user-event/dist/cj
s/event/dispatchEvent.js:41:13)
      at Object.dispatchUIEvent (node_modules/@testing-library/user-event/dist/
cjs/event/dispatchEvent.js:22:26)
      at KeyboardHost.keydown 
(node_modules/@testing-library/user-event/dist/cjs/system/keyboard.js:76:22)
      at keyboardAction 
(node_modules/@testing-library/user-event/dist/cjs/keyboard/index.js:22:35)
      at Object.keyboard 
(node_modules/@testing-library/user-event/dist/cjs/keyboard/index.js:11:15)
      at Object.type 
(node_modules/@testing-library/user-event/dist/cjs/utility/type.js:17:5)
      at Object.<anonymous> (src/profile/__tests__/profile.test.tsx:269:5)

    console.error
      Warning: An update to ProfilePage inside a test was not wrapped in 
act(...).
      
      When testing, code that causes React state updates should be wrapped 
into act(...):
      
      act(() => {
        /* fire events that update state */
      });
      /* assert on the output */
      
      This ensures that you're testing the behavior the user would see in the 
browser. Learn more at https://reactjs.org/link/wrap-tests-with-act
          at ProfilePage (C:\Users\samhe\OneDrive\Desktop\Cleaned\frontend\src\
profile\ProfilePage.tsx:17:41)
          at basenameProp (C:\Users\samhe\OneDrive\Desktop\Cleaned\frontend\nod
e_modules\react-router\lib\components.tsx:421:13)
          at basename (C:\Users\samhe\OneDrive\Desktop\Cleaned\frontend\node_mo
dules\react-router\lib\components.tsx:225:3)

      159 |               className="border border-gray-300 rounded-md px-3 
py-2 text-sm"
      160 |               value={currentPassword}
    > 161 |               onChange={e => setCurrentPassword(e.target.value)}
          |                              ^
      162 |             />
      163 |           </div>
      164 |

      at printWarning 
(node_modules/react-dom/cjs/react-dom.development.js:86:30)
      at error (node_modules/react-dom/cjs/react-dom.development.js:60:7)
      at warnIfUpdatesNotWrappedWithActDEV 
(node_modules/react-dom/cjs/react-dom.development.js:27628:9)
      at scheduleUpdateOnFiber 
(node_modules/react-dom/cjs/react-dom.development.js:25547:5)
      at dispatchSetState 
(node_modules/react-dom/cjs/react-dom.development.js:16708:7)
      at onChange (src/profile/ProfilePage.tsx:161:30)
      at HTMLUnknownElement.callCallback 
(node_modules/react-dom/cjs/react-dom.development.js:4164:14)
      at HTMLUnknownElement.callTheUserObjectsOperation 
(node_modules/jsdom/lib/jsdom/living/generated/EventListener.js:26:30)
      at innerInvokeEventListeners 
(node_modules/jsdom/lib/jsdom/living/events/EventTarget-impl.js:350:25)
      at invokeEventListeners 
(node_modules/jsdom/lib/jsdom/living/events/EventTarget-impl.js:286:3)
      at HTMLUnknownElementImpl._dispatch 
(node_modules/jsdom/lib/jsdom/living/events/EventTarget-impl.js:233:9)
      at HTMLUnknownElementImpl.dispatchEvent 
(node_modules/jsdom/lib/jsdom/living/events/EventTarget-impl.js:104:17)
      at HTMLUnknownElement.dispatchEvent 
(node_modules/jsdom/lib/jsdom/living/generated/EventTarget.js:241:34)
      at Object.invokeGuardedCallbackDev 
(node_modules/react-dom/cjs/react-dom.development.js:4213:16)
      at invokeGuardedCallback 
(node_modules/react-dom/cjs/react-dom.development.js:4277:31)
      at invokeGuardedCallbackAndCatchFirstError 
(node_modules/react-dom/cjs/react-dom.development.js:4291:25)
      at executeDispatch 
(node_modules/react-dom/cjs/react-dom.development.js:9041:3)
      at processDispatchQueueItemsInOrder 
(node_modules/react-dom/cjs/react-dom.development.js:9073:7)
      at processDispatchQueue 
(node_modules/react-dom/cjs/react-dom.development.js:9086:5)
      at dispatchEventsForPlugins 
(node_modules/react-dom/cjs/react-dom.development.js:9097:3)
      at node_modules/react-dom/cjs/react-dom.development.js:9288:12
      at batchedUpdates$1 
(node_modules/react-dom/cjs/react-dom.development.js:26179:12)
      at batchedUpdates 
(node_modules/react-dom/cjs/react-dom.development.js:3991:12)
      at dispatchEventForPluginEventSystem 
(node_modules/react-dom/cjs/react-dom.development.js:9287:3)
      at dispatchEventWithEnableCapturePhaseSelectiveHydrationWithoutDiscreteEv
entReplay (node_modules/react-dom/cjs/react-dom.development.js:6465:5)
      at dispatchEvent 
(node_modules/react-dom/cjs/react-dom.development.js:6457:5)
      at dispatchDiscreteEvent 
(node_modules/react-dom/cjs/react-dom.development.js:6430:5)
      at HTMLDivElement.callTheUserObjectsOperation 
(node_modules/jsdom/lib/jsdom/living/generated/EventListener.js:26:30)
      at innerInvokeEventListeners 
(node_modules/jsdom/lib/jsdom/living/events/EventTarget-impl.js:350:25)
      at invokeEventListeners 
(node_modules/jsdom/lib/jsdom/living/events/EventTarget-impl.js:286:3)
      at HTMLInputElementImpl._dispatch 
(node_modules/jsdom/lib/jsdom/living/events/EventTarget-impl.js:233:9)
      at HTMLInputElementImpl.dispatchEvent 
(node_modules/jsdom/lib/jsdom/living/events/EventTarget-impl.js:104:17)
      at HTMLInputElement.dispatchEvent 
(node_modules/jsdom/lib/jsdom/living/generated/EventTarget.js:241:34)
      at 
node_modules/@testing-library/user-event/dist/cjs/event/dispatchEvent.js:45:43
      at Object.eventWrapper 
(node_modules/@testing-library/dom/dist/config.js:25:23)
      at Object.wrapEvent 
(node_modules/@testing-library/user-event/dist/cjs/event/wrapEvent.js:6:28)
      at Object.dispatchEvent (node_modules/@testing-library/user-event/dist/cj
s/event/dispatchEvent.js:45:22)
      at Object.dispatchUIEvent (node_modules/@testing-library/user-event/dist/
cjs/event/dispatchEvent.js:22:26)
      at commitInput 
(node_modules/@testing-library/user-event/dist/cjs/event/input.js:145:14)
      at editInputElement 
(node_modules/@testing-library/user-event/dist/cjs/event/input.js:115:9)
      at Object.input 
(node_modules/@testing-library/user-event/dist/cjs/event/input.js:37:9)
      at node_modules/@testing-library/user-event/dist/cjs/event/behavior/keypr
ess.js:31:26
      at Object.dispatchEvent (node_modules/@testing-library/user-event/dist/cj
s/event/dispatchEvent.js:41:13)
      at Object.dispatchUIEvent (node_modules/@testing-library/user-event/dist/
cjs/event/dispatchEvent.js:22:26)
      at KeyboardHost.keydown 
(node_modules/@testing-library/user-event/dist/cjs/system/keyboard.js:76:22)
      at keyboardAction 
(node_modules/@testing-library/user-event/dist/cjs/keyboard/index.js:22:35)
      at Object.keyboard 
(node_modules/@testing-library/user-event/dist/cjs/keyboard/index.js:11:15)
      at Object.type 
(node_modules/@testing-library/user-event/dist/cjs/utility/type.js:17:5)
      at Object.<anonymous> (src/profile/__tests__/profile.test.tsx:269:5)

    console.error
      Warning: An update to ProfilePage inside a test was not wrapped in 
act(...).
      
      When testing, code that causes React state updates should be wrapped 
into act(...):
      
      act(() => {
        /* fire events that update state */
      });
      /* assert on the output */
      
      This ensures that you're testing the behavior the user would see in the 
browser. Learn more at https://reactjs.org/link/wrap-tests-with-act
          at ProfilePage (C:\Users\samhe\OneDrive\Desktop\Cleaned\frontend\src\
profile\ProfilePage.tsx:17:41)
          at basenameProp (C:\Users\samhe\OneDrive\Desktop\Cleaned\frontend\nod
e_modules\react-router\lib\components.tsx:421:13)
          at basename (C:\Users\samhe\OneDrive\Desktop\Cleaned\frontend\node_mo
dules\react-router\lib\components.tsx:225:3)

      159 |               className="border border-gray-300 rounded-md px-3 
py-2 text-sm"
      160 |               value={currentPassword}
    > 161 |               onChange={e => setCurrentPassword(e.target.value)}
          |                              ^
      162 |             />
      163 |           </div>
      164 |

      at printWarning 
(node_modules/react-dom/cjs/react-dom.development.js:86:30)
      at error (node_modules/react-dom/cjs/react-dom.development.js:60:7)
      at warnIfUpdatesNotWrappedWithActDEV 
(node_modules/react-dom/cjs/react-dom.development.js:27628:9)
      at scheduleUpdateOnFiber 
(node_modules/react-dom/cjs/react-dom.development.js:25547:5)
      at dispatchSetState 
(node_modules/react-dom/cjs/react-dom.development.js:16708:7)
      at onChange (src/profile/ProfilePage.tsx:161:30)
      at HTMLUnknownElement.callCallback 
(node_modules/react-dom/cjs/react-dom.development.js:4164:14)
      at HTMLUnknownElement.callTheUserObjectsOperation 
(node_modules/jsdom/lib/jsdom/living/generated/EventListener.js:26:30)
      at innerInvokeEventListeners 
(node_modules/jsdom/lib/jsdom/living/events/EventTarget-impl.js:350:25)
      at invokeEventListeners 
(node_modules/jsdom/lib/jsdom/living/events/EventTarget-impl.js:286:3)
      at HTMLUnknownElementImpl._dispatch 
(node_modules/jsdom/lib/jsdom/living/events/EventTarget-impl.js:233:9)
      at HTMLUnknownElementImpl.dispatchEvent 
(node_modules/jsdom/lib/jsdom/living/events/EventTarget-impl.js:104:17)
      at HTMLUnknownElement.dispatchEvent 
(node_modules/jsdom/lib/jsdom/living/generated/EventTarget.js:241:34)
      at Object.invokeGuardedCallbackDev 
(node_modules/react-dom/cjs/react-dom.development.js:4213:16)
      at invokeGuardedCallback 
(node_modules/react-dom/cjs/react-dom.development.js:4277:31)
      at invokeGuardedCallbackAndCatchFirstError 
(node_modules/react-dom/cjs/react-dom.development.js:4291:25)
      at executeDispatch 
(node_modules/react-dom/cjs/react-dom.development.js:9041:3)
      at processDispatchQueueItemsInOrder 
(node_modules/react-dom/cjs/react-dom.development.js:9073:7)
      at processDispatchQueue 
(node_modules/react-dom/cjs/react-dom.development.js:9086:5)
      at dispatchEventsForPlugins 
(node_modules/react-dom/cjs/react-dom.development.js:9097:3)
      at node_modules/react-dom/cjs/react-dom.development.js:9288:12
      at batchedUpdates$1 
(node_modules/react-dom/cjs/react-dom.development.js:26179:12)
      at batchedUpdates 
(node_modules/react-dom/cjs/react-dom.development.js:3991:12)
      at dispatchEventForPluginEventSystem 
(node_modules/react-dom/cjs/react-dom.development.js:9287:3)
      at dispatchEventWithEnableCapturePhaseSelectiveHydrationWithoutDiscreteEv
entReplay (node_modules/react-dom/cjs/react-dom.development.js:6465:5)
      at dispatchEvent 
(node_modules/react-dom/cjs/react-dom.development.js:6457:5)
      at dispatchDiscreteEvent 
(node_modules/react-dom/cjs/react-dom.development.js:6430:5)
      at HTMLDivElement.callTheUserObjectsOperation 
(node_modules/jsdom/lib/jsdom/living/generated/EventListener.js:26:30)
      at innerInvokeEventListeners 
(node_modules/jsdom/lib/jsdom/living/events/EventTarget-impl.js:350:25)
      at invokeEventListeners 
(node_modules/jsdom/lib/jsdom/living/events/EventTarget-impl.js:286:3)
      at HTMLInputElementImpl._dispatch 
(node_modules/jsdom/lib/jsdom/living/events/EventTarget-impl.js:233:9)
      at HTMLInputElementImpl.dispatchEvent 
(node_modules/jsdom/lib/jsdom/living/events/EventTarget-impl.js:104:17)
      at HTMLInputElement.dispatchEvent 
(node_modules/jsdom/lib/jsdom/living/generated/EventTarget.js:241:34)
      at 
node_modules/@testing-library/user-event/dist/cjs/event/dispatchEvent.js:45:43
      at Object.eventWrapper 
(node_modules/@testing-library/dom/dist/config.js:25:23)
      at Object.wrapEvent 
(node_modules/@testing-library/user-event/dist/cjs/event/wrapEvent.js:6:28)
      at Object.dispatchEvent (node_modules/@testing-library/user-event/dist/cj
s/event/dispatchEvent.js:45:22)
      at Object.dispatchUIEvent (node_modules/@testing-library/user-event/dist/
cjs/event/dispatchEvent.js:22:26)
      at commitInput 
(node_modules/@testing-library/user-event/dist/cjs/event/input.js:145:14)
      at editInputElement 
(node_modules/@testing-library/user-event/dist/cjs/event/input.js:115:9)
      at Object.input 
(node_modules/@testing-library/user-event/dist/cjs/event/input.js:37:9)
      at node_modules/@testing-library/user-event/dist/cjs/event/behavior/keypr
ess.js:31:26
      at Object.dispatchEvent (node_modules/@testing-library/user-event/dist/cj
s/event/dispatchEvent.js:41:13)
      at Object.dispatchUIEvent (node_modules/@testing-library/user-event/dist/
cjs/event/dispatchEvent.js:22:26)
      at KeyboardHost.keydown 
(node_modules/@testing-library/user-event/dist/cjs/system/keyboard.js:76:22)
      at keyboardAction 
(node_modules/@testing-library/user-event/dist/cjs/keyboard/index.js:22:35)
      at Object.keyboard 
(node_modules/@testing-library/user-event/dist/cjs/keyboard/index.js:11:15)
      at Object.type 
(node_modules/@testing-library/user-event/dist/cjs/utility/type.js:17:5)
      at Object.<anonymous> (src/profile/__tests__/profile.test.tsx:269:5)

    console.error
      Warning: An update to ProfilePage inside a test was not wrapped in 
act(...).
      
      When testing, code that causes React state updates should be wrapped 
into act(...):
      
      act(() => {
        /* fire events that update state */
      });
      /* assert on the output */
      
      This ensures that you're testing the behavior the user would see in the 
browser. Learn more at https://reactjs.org/link/wrap-tests-with-act
          at ProfilePage (C:\Users\samhe\OneDrive\Desktop\Cleaned\frontend\src\
profile\ProfilePage.tsx:17:41)
          at basenameProp (C:\Users\samhe\OneDrive\Desktop\Cleaned\frontend\nod
e_modules\react-router\lib\components.tsx:421:13)
          at basename (C:\Users\samhe\OneDrive\Desktop\Cleaned\frontend\node_mo
dules\react-router\lib\components.tsx:225:3)

      159 |               className="border border-gray-300 rounded-md px-3 
py-2 text-sm"
      160 |               value={currentPassword}
    > 161 |               onChange={e => setCurrentPassword(e.target.value)}
          |                              ^
      162 |             />
      163 |           </div>
      164 |

      at printWarning 
(node_modules/react-dom/cjs/react-dom.development.js:86:30)
      at error (node_modules/react-dom/cjs/react-dom.development.js:60:7)
      at warnIfUpdatesNotWrappedWithActDEV 
(node_modules/react-dom/cjs/react-dom.development.js:27628:9)
      at scheduleUpdateOnFiber 
(node_modules/react-dom/cjs/react-dom.development.js:25547:5)
      at dispatchSetState 
(node_modules/react-dom/cjs/react-dom.development.js:16708:7)
      at onChange (src/profile/ProfilePage.tsx:161:30)
      at HTMLUnknownElement.callCallback 
(node_modules/react-dom/cjs/react-dom.development.js:4164:14)
      at HTMLUnknownElement.callTheUserObjectsOperation 
(node_modules/jsdom/lib/jsdom/living/generated/EventListener.js:26:30)
      at innerInvokeEventListeners 
(node_modules/jsdom/lib/jsdom/living/events/EventTarget-impl.js:350:25)
      at invokeEventListeners 
(node_modules/jsdom/lib/jsdom/living/events/EventTarget-impl.js:286:3)
      at HTMLUnknownElementImpl._dispatch 
(node_modules/jsdom/lib/jsdom/living/events/EventTarget-impl.js:233:9)
      at HTMLUnknownElementImpl.dispatchEvent 
(node_modules/jsdom/lib/jsdom/living/events/EventTarget-impl.js:104:17)
      at HTMLUnknownElement.dispatchEvent 
(node_modules/jsdom/lib/jsdom/living/generated/EventTarget.js:241:34)
      at Object.invokeGuardedCallbackDev 
(node_modules/react-dom/cjs/react-dom.development.js:4213:16)
      at invokeGuardedCallback 
(node_modules/react-dom/cjs/react-dom.development.js:4277:31)
      at invokeGuardedCallbackAndCatchFirstError 
(node_modules/react-dom/cjs/react-dom.development.js:4291:25)
      at executeDispatch 
(node_modules/react-dom/cjs/react-dom.development.js:9041:3)
      at processDispatchQueueItemsInOrder 
(node_modules/react-dom/cjs/react-dom.development.js:9073:7)
      at processDispatchQueue 
(node_modules/react-dom/cjs/react-dom.development.js:9086:5)
      at dispatchEventsForPlugins 
(node_modules/react-dom/cjs/react-dom.development.js:9097:3)
      at node_modules/react-dom/cjs/react-dom.development.js:9288:12
      at batchedUpdates$1 
(node_modules/react-dom/cjs/react-dom.development.js:26179:12)
      at batchedUpdates 
(node_modules/react-dom/cjs/react-dom.development.js:3991:12)
      at dispatchEventForPluginEventSystem 
(node_modules/react-dom/cjs/react-dom.development.js:9287:3)
      at dispatchEventWithEnableCapturePhaseSelectiveHydrationWithoutDiscreteEv
entReplay (node_modules/react-dom/cjs/react-dom.development.js:6465:5)
      at dispatchEvent 
(node_modules/react-dom/cjs/react-dom.development.js:6457:5)
      at dispatchDiscreteEvent 
(node_modules/react-dom/cjs/react-dom.development.js:6430:5)
      at HTMLDivElement.callTheUserObjectsOperation 
(node_modules/jsdom/lib/jsdom/living/generated/EventListener.js:26:30)
      at innerInvokeEventListeners 
(node_modules/jsdom/lib/jsdom/living/events/EventTarget-impl.js:350:25)
      at invokeEventListeners 
(node_modules/jsdom/lib/jsdom/living/events/EventTarget-impl.js:286:3)
      at HTMLInputElementImpl._dispatch 
(node_modules/jsdom/lib/jsdom/living/events/EventTarget-impl.js:233:9)
      at HTMLInputElementImpl.dispatchEvent 
(node_modules/jsdom/lib/jsdom/living/events/EventTarget-impl.js:104:17)
      at HTMLInputElement.dispatchEvent 
(node_modules/jsdom/lib/jsdom/living/generated/EventTarget.js:241:34)
      at 
node_modules/@testing-library/user-event/dist/cjs/event/dispatchEvent.js:45:43
      at Object.eventWrapper 
(node_modules/@testing-library/dom/dist/config.js:25:23)
      at Object.wrapEvent 
(node_modules/@testing-library/user-event/dist/cjs/event/wrapEvent.js:6:28)
      at Object.dispatchEvent (node_modules/@testing-library/user-event/dist/cj
s/event/dispatchEvent.js:45:22)
      at Object.dispatchUIEvent (node_modules/@testing-library/user-event/dist/
cjs/event/dispatchEvent.js:22:26)
      at commitInput 
(node_modules/@testing-library/user-event/dist/cjs/event/input.js:145:14)
      at editInputElement 
(node_modules/@testing-library/user-event/dist/cjs/event/input.js:115:9)
      at Object.input 
(node_modules/@testing-library/user-event/dist/cjs/event/input.js:37:9)
      at node_modules/@testing-library/user-event/dist/cjs/event/behavior/keypr
ess.js:31:26
      at Object.dispatchEvent (node_modules/@testing-library/user-event/dist/cj
s/event/dispatchEvent.js:41:13)
      at Object.dispatchUIEvent (node_modules/@testing-library/user-event/dist/
cjs/event/dispatchEvent.js:22:26)
      at KeyboardHost.keydown 
(node_modules/@testing-library/user-event/dist/cjs/system/keyboard.js:76:22)
      at keyboardAction 
(node_modules/@testing-library/user-event/dist/cjs/keyboard/index.js:22:35)
      at Object.keyboard 
(node_modules/@testing-library/user-event/dist/cjs/keyboard/index.js:11:15)
      at Object.type 
(node_modules/@testing-library/user-event/dist/cjs/utility/type.js:17:5)
      at Object.<anonymous> (src/profile/__tests__/profile.test.tsx:269:5)

    console.error
      Warning: An update to ProfilePage inside a test was not wrapped in 
act(...).
      
      When testing, code that causes React state updates should be wrapped 
into act(...):
      
      act(() => {
        /* fire events that update state */
      });
      /* assert on the output */
      
      This ensures that you're testing the behavior the user would see in the 
browser. Learn more at https://reactjs.org/link/wrap-tests-with-act
          at ProfilePage (C:\Users\samhe\OneDrive\Desktop\Cleaned\frontend\src\
profile\ProfilePage.tsx:17:41)
          at basenameProp (C:\Users\samhe\OneDrive\Desktop\Cleaned\frontend\nod
e_modules\react-router\lib\components.tsx:421:13)
          at basename (C:\Users\samhe\OneDrive\Desktop\Cleaned\frontend\node_mo
dules\react-router\lib\components.tsx:225:3)

      159 |               className="border border-gray-300 rounded-md px-3 
py-2 text-sm"
      160 |               value={currentPassword}
    > 161 |               onChange={e => setCurrentPassword(e.target.value)}
          |                              ^
      162 |             />
      163 |           </div>
      164 |

      at printWarning 
(node_modules/react-dom/cjs/react-dom.development.js:86:30)
      at error (node_modules/react-dom/cjs/react-dom.development.js:60:7)
      at warnIfUpdatesNotWrappedWithActDEV 
(node_modules/react-dom/cjs/react-dom.development.js:27628:9)
      at scheduleUpdateOnFiber 
(node_modules/react-dom/cjs/react-dom.development.js:25547:5)
      at dispatchSetState 
(node_modules/react-dom/cjs/react-dom.development.js:16708:7)
      at onChange (src/profile/ProfilePage.tsx:161:30)
      at HTMLUnknownElement.callCallback 
(node_modules/react-dom/cjs/react-dom.development.js:4164:14)
      at HTMLUnknownElement.callTheUserObjectsOperation 
(node_modules/jsdom/lib/jsdom/living/generated/EventListener.js:26:30)
      at innerInvokeEventListeners 
(node_modules/jsdom/lib/jsdom/living/events/EventTarget-impl.js:350:25)
      at invokeEventListeners 
(node_modules/jsdom/lib/jsdom/living/events/EventTarget-impl.js:286:3)
      at HTMLUnknownElementImpl._dispatch 
(node_modules/jsdom/lib/jsdom/living/events/EventTarget-impl.js:233:9)
      at HTMLUnknownElementImpl.dispatchEvent 
(node_modules/jsdom/lib/jsdom/living/events/EventTarget-impl.js:104:17)
      at HTMLUnknownElement.dispatchEvent 
(node_modules/jsdom/lib/jsdom/living/generated/EventTarget.js:241:34)
      at Object.invokeGuardedCallbackDev 
(node_modules/react-dom/cjs/react-dom.development.js:4213:16)
      at invokeGuardedCallback 
(node_modules/react-dom/cjs/react-dom.development.js:4277:31)
      at invokeGuardedCallbackAndCatchFirstError 
(node_modules/react-dom/cjs/react-dom.development.js:4291:25)
      at executeDispatch 
(node_modules/react-dom/cjs/react-dom.development.js:9041:3)
      at processDispatchQueueItemsInOrder 
(node_modules/react-dom/cjs/react-dom.development.js:9073:7)
      at processDispatchQueue 
(node_modules/react-dom/cjs/react-dom.development.js:9086:5)
      at dispatchEventsForPlugins 
(node_modules/react-dom/cjs/react-dom.development.js:9097:3)
      at node_modules/react-dom/cjs/react-dom.development.js:9288:12
      at batchedUpdates$1 
(node_modules/react-dom/cjs/react-dom.development.js:26179:12)
      at batchedUpdates 
(node_modules/react-dom/cjs/react-dom.development.js:3991:12)
      at dispatchEventForPluginEventSystem 
(node_modules/react-dom/cjs/react-dom.development.js:9287:3)
      at dispatchEventWithEnableCapturePhaseSelectiveHydrationWithoutDiscreteEv
entReplay (node_modules/react-dom/cjs/react-dom.development.js:6465:5)
      at dispatchEvent 
(node_modules/react-dom/cjs/react-dom.development.js:6457:5)
      at dispatchDiscreteEvent 
(node_modules/react-dom/cjs/react-dom.development.js:6430:5)
      at HTMLDivElement.callTheUserObjectsOperation 
(node_modules/jsdom/lib/jsdom/living/generated/EventListener.js:26:30)
      at innerInvokeEventListeners 
(node_modules/jsdom/lib/jsdom/living/events/EventTarget-impl.js:350:25)
      at invokeEventListeners 
(node_modules/jsdom/lib/jsdom/living/events/EventTarget-impl.js:286:3)
      at HTMLInputElementImpl._dispatch 
(node_modules/jsdom/lib/jsdom/living/events/EventTarget-impl.js:233:9)
      at HTMLInputElementImpl.dispatchEvent 
(node_modules/jsdom/lib/jsdom/living/events/EventTarget-impl.js:104:17)
      at HTMLInputElement.dispatchEvent 
(node_modules/jsdom/lib/jsdom/living/generated/EventTarget.js:241:34)
      at 
node_modules/@testing-library/user-event/dist/cjs/event/dispatchEvent.js:45:43
      at Object.eventWrapper 
(node_modules/@testing-library/dom/dist/config.js:25:23)
      at Object.wrapEvent 
(node_modules/@testing-library/user-event/dist/cjs/event/wrapEvent.js:6:28)
      at Object.dispatchEvent (node_modules/@testing-library/user-event/dist/cj
s/event/dispatchEvent.js:45:22)
      at Object.dispatchUIEvent (node_modules/@testing-library/user-event/dist/
cjs/event/dispatchEvent.js:22:26)
      at commitInput 
(node_modules/@testing-library/user-event/dist/cjs/event/input.js:145:14)
      at editInputElement 
(node_modules/@testing-library/user-event/dist/cjs/event/input.js:115:9)
      at Object.input 
(node_modules/@testing-library/user-event/dist/cjs/event/input.js:37:9)
      at node_modules/@testing-library/user-event/dist/cjs/event/behavior/keypr
ess.js:31:26
      at Object.dispatchEvent (node_modules/@testing-library/user-event/dist/cj
s/event/dispatchEvent.js:41:13)
      at Object.dispatchUIEvent (node_modules/@testing-library/user-event/dist/
cjs/event/dispatchEvent.js:22:26)
      at KeyboardHost.keydown 
(node_modules/@testing-library/user-event/dist/cjs/system/keyboard.js:76:22)
      at keyboardAction 
(node_modules/@testing-library/user-event/dist/cjs/keyboard/index.js:22:35)
      at Object.keyboard 
(node_modules/@testing-library/user-event/dist/cjs/keyboard/index.js:11:15)
      at Object.type 
(node_modules/@testing-library/user-event/dist/cjs/utility/type.js:17:5)
      at Object.<anonymous> (src/profile/__tests__/profile.test.tsx:269:5)

    console.error
      Warning: An update to ProfilePage inside a test was not wrapped in 
act(...).
      
      When testing, code that causes React state updates should be wrapped 
into act(...):
      
      act(() => {
        /* fire events that update state */
      });
      /* assert on the output */
      
      This ensures that you're testing the behavior the user would see in the 
browser. Learn more at https://reactjs.org/link/wrap-tests-with-act
          at ProfilePage (C:\Users\samhe\OneDrive\Desktop\Cleaned\frontend\src\
profile\ProfilePage.tsx:17:41)
          at basenameProp (C:\Users\samhe\OneDrive\Desktop\Cleaned\frontend\nod
e_modules\react-router\lib\components.tsx:421:13)
          at basename (C:\Users\samhe\OneDrive\Desktop\Cleaned\frontend\node_mo
dules\react-router\lib\components.tsx:225:3)

      172 |               className="border border-gray-300 rounded-md px-3 
py-2 text-sm"
      173 |               value={newPassword}
    > 174 |               onChange={e => setNewPassword(e.target.value)}
          |                              ^
      175 |             />
      176 |             <p className="text-xs text-gray-500">
      177 |               Minimum 8 characters, at least 1 uppercase letter 
and 1 number.

      at printWarning 
(node_modules/react-dom/cjs/react-dom.development.js:86:30)
      at error (node_modules/react-dom/cjs/react-dom.development.js:60:7)
      at warnIfUpdatesNotWrappedWithActDEV 
(node_modules/react-dom/cjs/react-dom.development.js:27628:9)
      at scheduleUpdateOnFiber 
(node_modules/react-dom/cjs/react-dom.development.js:25547:5)
      at dispatchSetState 
(node_modules/react-dom/cjs/react-dom.development.js:16708:7)
      at onChange (src/profile/ProfilePage.tsx:174:30)
      at HTMLUnknownElement.callCallback 
(node_modules/react-dom/cjs/react-dom.development.js:4164:14)
      at HTMLUnknownElement.callTheUserObjectsOperation 
(node_modules/jsdom/lib/jsdom/living/generated/EventListener.js:26:30)
      at innerInvokeEventListeners 
(node_modules/jsdom/lib/jsdom/living/events/EventTarget-impl.js:350:25)
      at invokeEventListeners 
(node_modules/jsdom/lib/jsdom/living/events/EventTarget-impl.js:286:3)
      at HTMLUnknownElementImpl._dispatch 
(node_modules/jsdom/lib/jsdom/living/events/EventTarget-impl.js:233:9)
      at HTMLUnknownElementImpl.dispatchEvent 
(node_modules/jsdom/lib/jsdom/living/events/EventTarget-impl.js:104:17)
      at HTMLUnknownElement.dispatchEvent 
(node_modules/jsdom/lib/jsdom/living/generated/EventTarget.js:241:34)
      at Object.invokeGuardedCallbackDev 
(node_modules/react-dom/cjs/react-dom.development.js:4213:16)
      at invokeGuardedCallback 
(node_modules/react-dom/cjs/react-dom.development.js:4277:31)
      at invokeGuardedCallbackAndCatchFirstError 
(node_modules/react-dom/cjs/react-dom.development.js:4291:25)
      at executeDispatch 
(node_modules/react-dom/cjs/react-dom.development.js:9041:3)
      at processDispatchQueueItemsInOrder 
(node_modules/react-dom/cjs/react-dom.development.js:9073:7)
      at processDispatchQueue 
(node_modules/react-dom/cjs/react-dom.development.js:9086:5)
      at dispatchEventsForPlugins 
(node_modules/react-dom/cjs/react-dom.development.js:9097:3)
      at node_modules/react-dom/cjs/react-dom.development.js:9288:12
      at batchedUpdates$1 
(node_modules/react-dom/cjs/react-dom.development.js:26179:12)
      at batchedUpdates 
(node_modules/react-dom/cjs/react-dom.development.js:3991:12)
      at dispatchEventForPluginEventSystem 
(node_modules/react-dom/cjs/react-dom.development.js:9287:3)
      at dispatchEventWithEnableCapturePhaseSelectiveHydrationWithoutDiscreteEv
entReplay (node_modules/react-dom/cjs/react-dom.development.js:6465:5)
      at dispatchEvent 
(node_modules/react-dom/cjs/react-dom.development.js:6457:5)
      at dispatchDiscreteEvent 
(node_modules/react-dom/cjs/react-dom.development.js:6430:5)
      at HTMLDivElement.callTheUserObjectsOperation 
(node_modules/jsdom/lib/jsdom/living/generated/EventListener.js:26:30)
      at innerInvokeEventListeners 
(node_modules/jsdom/lib/jsdom/living/events/EventTarget-impl.js:350:25)
      at invokeEventListeners 
(node_modules/jsdom/lib/jsdom/living/events/EventTarget-impl.js:286:3)
      at HTMLInputElementImpl._dispatch 
(node_modules/jsdom/lib/jsdom/living/events/EventTarget-impl.js:233:9)
      at HTMLInputElementImpl.dispatchEvent 
(node_modules/jsdom/lib/jsdom/living/events/EventTarget-impl.js:104:17)
      at HTMLInputElement.dispatchEvent 
(node_modules/jsdom/lib/jsdom/living/generated/EventTarget.js:241:34)
      at 
node_modules/@testing-library/user-event/dist/cjs/event/dispatchEvent.js:45:43
      at Object.eventWrapper 
(node_modules/@testing-library/dom/dist/config.js:25:23)
      at Object.wrapEvent 
(node_modules/@testing-library/user-event/dist/cjs/event/wrapEvent.js:6:28)
      at Object.dispatchEvent (node_modules/@testing-library/user-event/dist/cj
s/event/dispatchEvent.js:45:22)
      at Object.dispatchUIEvent (node_modules/@testing-library/user-event/dist/
cjs/event/dispatchEvent.js:22:26)
      at commitInput 
(node_modules/@testing-library/user-event/dist/cjs/event/input.js:145:14)
      at editInputElement 
(node_modules/@testing-library/user-event/dist/cjs/event/input.js:115:9)
      at Object.input 
(node_modules/@testing-library/user-event/dist/cjs/event/input.js:37:9)
      at node_modules/@testing-library/user-event/dist/cjs/event/behavior/keypr
ess.js:31:26
      at Object.dispatchEvent (node_modules/@testing-library/user-event/dist/cj
s/event/dispatchEvent.js:41:13)
      at Object.dispatchUIEvent (node_modules/@testing-library/user-event/dist/
cjs/event/dispatchEvent.js:22:26)
      at KeyboardHost.keydown 
(node_modules/@testing-library/user-event/dist/cjs/system/keyboard.js:76:22)
      at keyboardAction 
(node_modules/@testing-library/user-event/dist/cjs/keyboard/index.js:22:35)
      at Object.keyboard 
(node_modules/@testing-library/user-event/dist/cjs/keyboard/index.js:11:15)
      at Object.type 
(node_modules/@testing-library/user-event/dist/cjs/utility/type.js:17:5)
      at Object.<anonymous> (src/profile/__tests__/profile.test.tsx:270:5)

    console.error
      Warning: An update to ProfilePage inside a test was not wrapped in 
act(...).
      
      When testing, code that causes React state updates should be wrapped 
into act(...):
      
      act(() => {
        /* fire events that update state */
      });
      /* assert on the output */
      
      This ensures that you're testing the behavior the user would see in the 
browser. Learn more at https://reactjs.org/link/wrap-tests-with-act
          at ProfilePage (C:\Users\samhe\OneDrive\Desktop\Cleaned\frontend\src\
profile\ProfilePage.tsx:17:41)
          at basenameProp (C:\Users\samhe\OneDrive\Desktop\Cleaned\frontend\nod
e_modules\react-router\lib\components.tsx:421:13)
          at basename (C:\Users\samhe\OneDrive\Desktop\Cleaned\frontend\node_mo
dules\react-router\lib\components.tsx:225:3)

      172 |               className="border border-gray-300 rounded-md px-3 
py-2 text-sm"
      173 |               value={newPassword}
    > 174 |               onChange={e => setNewPassword(e.target.value)}
          |                              ^
      175 |             />
      176 |             <p className="text-xs text-gray-500">
      177 |               Minimum 8 characters, at least 1 uppercase letter 
and 1 number.

      at printWarning 
(node_modules/react-dom/cjs/react-dom.development.js:86:30)
      at error (node_modules/react-dom/cjs/react-dom.development.js:60:7)
      at warnIfUpdatesNotWrappedWithActDEV 
(node_modules/react-dom/cjs/react-dom.development.js:27628:9)
      at scheduleUpdateOnFiber 
(node_modules/react-dom/cjs/react-dom.development.js:25547:5)
      at dispatchSetState 
(node_modules/react-dom/cjs/react-dom.development.js:16708:7)
      at onChange (src/profile/ProfilePage.tsx:174:30)
      at HTMLUnknownElement.callCallback 
(node_modules/react-dom/cjs/react-dom.development.js:4164:14)
      at HTMLUnknownElement.callTheUserObjectsOperation 
(node_modules/jsdom/lib/jsdom/living/generated/EventListener.js:26:30)
      at innerInvokeEventListeners 
(node_modules/jsdom/lib/jsdom/living/events/EventTarget-impl.js:350:25)
      at invokeEventListeners 
(node_modules/jsdom/lib/jsdom/living/events/EventTarget-impl.js:286:3)
      at HTMLUnknownElementImpl._dispatch 
(node_modules/jsdom/lib/jsdom/living/events/EventTarget-impl.js:233:9)
      at HTMLUnknownElementImpl.dispatchEvent 
(node_modules/jsdom/lib/jsdom/living/events/EventTarget-impl.js:104:17)
      at HTMLUnknownElement.dispatchEvent 
(node_modules/jsdom/lib/jsdom/living/generated/EventTarget.js:241:34)
      at Object.invokeGuardedCallbackDev 
(node_modules/react-dom/cjs/react-dom.development.js:4213:16)
      at invokeGuardedCallback 
(node_modules/react-dom/cjs/react-dom.development.js:4277:31)
      at invokeGuardedCallbackAndCatchFirstError 
(node_modules/react-dom/cjs/react-dom.development.js:4291:25)
      at executeDispatch 
(node_modules/react-dom/cjs/react-dom.development.js:9041:3)
      at processDispatchQueueItemsInOrder 
(node_modules/react-dom/cjs/react-dom.development.js:9073:7)
      at processDispatchQueue 
(node_modules/react-dom/cjs/react-dom.development.js:9086:5)
      at dispatchEventsForPlugins 
(node_modules/react-dom/cjs/react-dom.development.js:9097:3)
      at node_modules/react-dom/cjs/react-dom.development.js:9288:12
      at batchedUpdates$1 
(node_modules/react-dom/cjs/react-dom.development.js:26179:12)
      at batchedUpdates 
(node_modules/react-dom/cjs/react-dom.development.js:3991:12)
      at dispatchEventForPluginEventSystem 
(node_modules/react-dom/cjs/react-dom.development.js:9287:3)
      at dispatchEventWithEnableCapturePhaseSelectiveHydrationWithoutDiscreteEv
entReplay (node_modules/react-dom/cjs/react-dom.development.js:6465:5)
      at dispatchEvent 
(node_modules/react-dom/cjs/react-dom.development.js:6457:5)
      at dispatchDiscreteEvent 
(node_modules/react-dom/cjs/react-dom.development.js:6430:5)
      at HTMLDivElement.callTheUserObjectsOperation 
(node_modules/jsdom/lib/jsdom/living/generated/EventListener.js:26:30)
      at innerInvokeEventListeners 
(node_modules/jsdom/lib/jsdom/living/events/EventTarget-impl.js:350:25)
      at invokeEventListeners 
(node_modules/jsdom/lib/jsdom/living/events/EventTarget-impl.js:286:3)
      at HTMLInputElementImpl._dispatch 
(node_modules/jsdom/lib/jsdom/living/events/EventTarget-impl.js:233:9)
      at HTMLInputElementImpl.dispatchEvent 
(node_modules/jsdom/lib/jsdom/living/events/EventTarget-impl.js:104:17)
      at HTMLInputElement.dispatchEvent 
(node_modules/jsdom/lib/jsdom/living/generated/EventTarget.js:241:34)
      at 
node_modules/@testing-library/user-event/dist/cjs/event/dispatchEvent.js:45:43
      at Object.eventWrapper 
(node_modules/@testing-library/dom/dist/config.js:25:23)
      at Object.wrapEvent 
(node_modules/@testing-library/user-event/dist/cjs/event/wrapEvent.js:6:28)
      at Object.dispatchEvent (node_modules/@testing-library/user-event/dist/cj
s/event/dispatchEvent.js:45:22)
      at Object.dispatchUIEvent (node_modules/@testing-library/user-event/dist/
cjs/event/dispatchEvent.js:22:26)
      at commitInput 
(node_modules/@testing-library/user-event/dist/cjs/event/input.js:145:14)
      at editInputElement 
(node_modules/@testing-library/user-event/dist/cjs/event/input.js:115:9)
      at Object.input 
(node_modules/@testing-library/user-event/dist/cjs/event/input.js:37:9)
      at node_modules/@testing-library/user-event/dist/cjs/event/behavior/keypr
ess.js:31:26
      at Object.dispatchEvent (node_modules/@testing-library/user-event/dist/cj
s/event/dispatchEvent.js:41:13)
      at Object.dispatchUIEvent (node_modules/@testing-library/user-event/dist/
cjs/event/dispatchEvent.js:22:26)
      at KeyboardHost.keydown 
(node_modules/@testing-library/user-event/dist/cjs/system/keyboard.js:76:22)
      at keyboardAction 
(node_modules/@testing-library/user-event/dist/cjs/keyboard/index.js:22:35)
      at Object.keyboard 
(node_modules/@testing-library/user-event/dist/cjs/keyboard/index.js:11:15)
      at Object.type 
(node_modules/@testing-library/user-event/dist/cjs/utility/type.js:17:5)
      at Object.<anonymous> (src/profile/__tests__/profile.test.tsx:270:5)

    console.error
      Warning: An update to ProfilePage inside a test was not wrapped in 
act(...).
      
      When testing, code that causes React state updates should be wrapped 
into act(...):
      
      act(() => {
        /* fire events that update state */
      });
      /* assert on the output */
      
      This ensures that you're testing the behavior the user would see in the 
browser. Learn more at https://reactjs.org/link/wrap-tests-with-act
          at ProfilePage (C:\Users\samhe\OneDrive\Desktop\Cleaned\frontend\src\
profile\ProfilePage.tsx:17:41)
          at basenameProp (C:\Users\samhe\OneDrive\Desktop\Cleaned\frontend\nod
e_modules\react-router\lib\components.tsx:421:13)
          at basename (C:\Users\samhe\OneDrive\Desktop\Cleaned\frontend\node_mo
dules\react-router\lib\components.tsx:225:3)

      172 |               className="border border-gray-300 rounded-md px-3 
py-2 text-sm"
      173 |               value={newPassword}
    > 174 |               onChange={e => setNewPassword(e.target.value)}
          |                              ^
      175 |             />
      176 |             <p className="text-xs text-gray-500">
      177 |               Minimum 8 characters, at least 1 uppercase letter 
and 1 number.

      at printWarning 
(node_modules/react-dom/cjs/react-dom.development.js:86:30)
      at error (node_modules/react-dom/cjs/react-dom.development.js:60:7)
      at warnIfUpdatesNotWrappedWithActDEV 
(node_modules/react-dom/cjs/react-dom.development.js:27628:9)
      at scheduleUpdateOnFiber 
(node_modules/react-dom/cjs/react-dom.development.js:25547:5)
      at dispatchSetState 
(node_modules/react-dom/cjs/react-dom.development.js:16708:7)
      at onChange (src/profile/ProfilePage.tsx:174:30)
      at HTMLUnknownElement.callCallback 
(node_modules/react-dom/cjs/react-dom.development.js:4164:14)
      at HTMLUnknownElement.callTheUserObjectsOperation 
(node_modules/jsdom/lib/jsdom/living/generated/EventListener.js:26:30)
      at innerInvokeEventListeners 
(node_modules/jsdom/lib/jsdom/living/events/EventTarget-impl.js:350:25)
      at invokeEventListeners 
(node_modules/jsdom/lib/jsdom/living/events/EventTarget-impl.js:286:3)
      at HTMLUnknownElementImpl._dispatch 
(node_modules/jsdom/lib/jsdom/living/events/EventTarget-impl.js:233:9)
      at HTMLUnknownElementImpl.dispatchEvent 
(node_modules/jsdom/lib/jsdom/living/events/EventTarget-impl.js:104:17)
      at HTMLUnknownElement.dispatchEvent 
(node_modules/jsdom/lib/jsdom/living/generated/EventTarget.js:241:34)
      at Object.invokeGuardedCallbackDev 
(node_modules/react-dom/cjs/react-dom.development.js:4213:16)
      at invokeGuardedCallback 
(node_modules/react-dom/cjs/react-dom.development.js:4277:31)
      at invokeGuardedCallbackAndCatchFirstError 
(node_modules/react-dom/cjs/react-dom.development.js:4291:25)
      at executeDispatch 
(node_modules/react-dom/cjs/react-dom.development.js:9041:3)
      at processDispatchQueueItemsInOrder 
(node_modules/react-dom/cjs/react-dom.development.js:9073:7)
      at processDispatchQueue 
(node_modules/react-dom/cjs/react-dom.development.js:9086:5)
      at dispatchEventsForPlugins 
(node_modules/react-dom/cjs/react-dom.development.js:9097:3)
      at node_modules/react-dom/cjs/react-dom.development.js:9288:12
      at batchedUpdates$1 
(node_modules/react-dom/cjs/react-dom.development.js:26179:12)
      at batchedUpdates 
(node_modules/react-dom/cjs/react-dom.development.js:3991:12)
      at dispatchEventForPluginEventSystem 
(node_modules/react-dom/cjs/react-dom.development.js:9287:3)
      at dispatchEventWithEnableCapturePhaseSelectiveHydrationWithoutDiscreteEv
entReplay (node_modules/react-dom/cjs/react-dom.development.js:6465:5)
      at dispatchEvent 
(node_modules/react-dom/cjs/react-dom.development.js:6457:5)
      at dispatchDiscreteEvent 
(node_modules/react-dom/cjs/react-dom.development.js:6430:5)
      at HTMLDivElement.callTheUserObjectsOperation 
(node_modules/jsdom/lib/jsdom/living/generated/EventListener.js:26:30)
      at innerInvokeEventListeners 
(node_modules/jsdom/lib/jsdom/living/events/EventTarget-impl.js:350:25)
      at invokeEventListeners 
(node_modules/jsdom/lib/jsdom/living/events/EventTarget-impl.js:286:3)
      at HTMLInputElementImpl._dispatch 
(node_modules/jsdom/lib/jsdom/living/events/EventTarget-impl.js:233:9)
      at HTMLInputElementImpl.dispatchEvent 
(node_modules/jsdom/lib/jsdom/living/events/EventTarget-impl.js:104:17)
      at HTMLInputElement.dispatchEvent 
(node_modules/jsdom/lib/jsdom/living/generated/EventTarget.js:241:34)
      at 
node_modules/@testing-library/user-event/dist/cjs/event/dispatchEvent.js:45:43
      at Object.eventWrapper 
(node_modules/@testing-library/dom/dist/config.js:25:23)
      at Object.wrapEvent 
(node_modules/@testing-library/user-event/dist/cjs/event/wrapEvent.js:6:28)
      at Object.dispatchEvent (node_modules/@testing-library/user-event/dist/cj
s/event/dispatchEvent.js:45:22)
      at Object.dispatchUIEvent (node_modules/@testing-library/user-event/dist/
cjs/event/dispatchEvent.js:22:26)
      at commitInput 
(node_modules/@testing-library/user-event/dist/cjs/event/input.js:145:14)
      at editInputElement 
(node_modules/@testing-library/user-event/dist/cjs/event/input.js:115:9)
      at Object.input 
(node_modules/@testing-library/user-event/dist/cjs/event/input.js:37:9)
      at node_modules/@testing-library/user-event/dist/cjs/event/behavior/keypr
ess.js:31:26
      at Object.dispatchEvent (node_modules/@testing-library/user-event/dist/cj
s/event/dispatchEvent.js:41:13)
      at Object.dispatchUIEvent (node_modules/@testing-library/user-event/dist/
cjs/event/dispatchEvent.js:22:26)
      at KeyboardHost.keydown 
(node_modules/@testing-library/user-event/dist/cjs/system/keyboard.js:76:22)
      at keyboardAction 
(node_modules/@testing-library/user-event/dist/cjs/keyboard/index.js:22:35)
      at Object.keyboard 
(node_modules/@testing-library/user-event/dist/cjs/keyboard/index.js:11:15)
      at Object.type 
(node_modules/@testing-library/user-event/dist/cjs/utility/type.js:17:5)
      at Object.<anonymous> (src/profile/__tests__/profile.test.tsx:270:5)

    console.error
      Warning: An update to ProfilePage inside a test was not wrapped in 
act(...).
      
      When testing, code that causes React state updates should be wrapped 
into act(...):
      
      act(() => {
        /* fire events that update state */
      });
      /* assert on the output */
      
      This ensures that you're testing the behavior the user would see in the 
browser. Learn more at https://reactjs.org/link/wrap-tests-with-act
          at ProfilePage (C:\Users\samhe\OneDrive\Desktop\Cleaned\frontend\src\
profile\ProfilePage.tsx:17:41)
          at basenameProp (C:\Users\samhe\OneDrive\Desktop\Cleaned\frontend\nod
e_modules\react-router\lib\components.tsx:421:13)
          at basename (C:\Users\samhe\OneDrive\Desktop\Cleaned\frontend\node_mo
dules\react-router\lib\components.tsx:225:3)

      172 |               className="border border-gray-300 rounded-md px-3 
py-2 text-sm"
      173 |               value={newPassword}
    > 174 |               onChange={e => setNewPassword(e.target.value)}
          |                              ^
      175 |             />
      176 |             <p className="text-xs text-gray-500">
      177 |               Minimum 8 characters, at least 1 uppercase letter 
and 1 number.

      at printWarning 
(node_modules/react-dom/cjs/react-dom.development.js:86:30)
      at error (node_modules/react-dom/cjs/react-dom.development.js:60:7)
      at warnIfUpdatesNotWrappedWithActDEV 
(node_modules/react-dom/cjs/react-dom.development.js:27628:9)
      at scheduleUpdateOnFiber 
(node_modules/react-dom/cjs/react-dom.development.js:25547:5)
      at dispatchSetState 
(node_modules/react-dom/cjs/react-dom.development.js:16708:7)
      at onChange (src/profile/ProfilePage.tsx:174:30)
      at HTMLUnknownElement.callCallback 
(node_modules/react-dom/cjs/react-dom.development.js:4164:14)
      at HTMLUnknownElement.callTheUserObjectsOperation 
(node_modules/jsdom/lib/jsdom/living/generated/EventListener.js:26:30)
      at innerInvokeEventListeners 
(node_modules/jsdom/lib/jsdom/living/events/EventTarget-impl.js:350:25)
      at invokeEventListeners 
(node_modules/jsdom/lib/jsdom/living/events/EventTarget-impl.js:286:3)
      at HTMLUnknownElementImpl._dispatch 
(node_modules/jsdom/lib/jsdom/living/events/EventTarget-impl.js:233:9)
      at HTMLUnknownElementImpl.dispatchEvent 
(node_modules/jsdom/lib/jsdom/living/events/EventTarget-impl.js:104:17)
      at HTMLUnknownElement.dispatchEvent 
(node_modules/jsdom/lib/jsdom/living/generated/EventTarget.js:241:34)
      at Object.invokeGuardedCallbackDev 
(node_modules/react-dom/cjs/react-dom.development.js:4213:16)
      at invokeGuardedCallback 
(node_modules/react-dom/cjs/react-dom.development.js:4277:31)
      at invokeGuardedCallbackAndCatchFirstError 
(node_modules/react-dom/cjs/react-dom.development.js:4291:25)
      at executeDispatch 
(node_modules/react-dom/cjs/react-dom.development.js:9041:3)
      at processDispatchQueueItemsInOrder 
(node_modules/react-dom/cjs/react-dom.development.js:9073:7)
      at processDispatchQueue 
(node_modules/react-dom/cjs/react-dom.development.js:9086:5)
      at dispatchEventsForPlugins 
(node_modules/react-dom/cjs/react-dom.development.js:9097:3)
      at node_modules/react-dom/cjs/react-dom.development.js:9288:12
      at batchedUpdates$1 
(node_modules/react-dom/cjs/react-dom.development.js:26179:12)
      at batchedUpdates 
(node_modules/react-dom/cjs/react-dom.development.js:3991:12)
      at dispatchEventForPluginEventSystem 
(node_modules/react-dom/cjs/react-dom.development.js:9287:3)
      at dispatchEventWithEnableCapturePhaseSelectiveHydrationWithoutDiscreteEv
entReplay (node_modules/react-dom/cjs/react-dom.development.js:6465:5)
      at dispatchEvent 
(node_modules/react-dom/cjs/react-dom.development.js:6457:5)
      at dispatchDiscreteEvent 
(node_modules/react-dom/cjs/react-dom.development.js:6430:5)
      at HTMLDivElement.callTheUserObjectsOperation 
(node_modules/jsdom/lib/jsdom/living/generated/EventListener.js:26:30)
      at innerInvokeEventListeners 
(node_modules/jsdom/lib/jsdom/living/events/EventTarget-impl.js:350:25)
      at invokeEventListeners 
(node_modules/jsdom/lib/jsdom/living/events/EventTarget-impl.js:286:3)
      at HTMLInputElementImpl._dispatch 
(node_modules/jsdom/lib/jsdom/living/events/EventTarget-impl.js:233:9)
      at HTMLInputElementImpl.dispatchEvent 
(node_modules/jsdom/lib/jsdom/living/events/EventTarget-impl.js:104:17)
      at HTMLInputElement.dispatchEvent 
(node_modules/jsdom/lib/jsdom/living/generated/EventTarget.js:241:34)
      at 
node_modules/@testing-library/user-event/dist/cjs/event/dispatchEvent.js:45:43
      at Object.eventWrapper 
(node_modules/@testing-library/dom/dist/config.js:25:23)
      at Object.wrapEvent 
(node_modules/@testing-library/user-event/dist/cjs/event/wrapEvent.js:6:28)
      at Object.dispatchEvent (node_modules/@testing-library/user-event/dist/cj
s/event/dispatchEvent.js:45:22)
      at Object.dispatchUIEvent (node_modules/@testing-library/user-event/dist/
cjs/event/dispatchEvent.js:22:26)
      at commitInput 
(node_modules/@testing-library/user-event/dist/cjs/event/input.js:145:14)
      at editInputElement 
(node_modules/@testing-library/user-event/dist/cjs/event/input.js:115:9)
      at Object.input 
(node_modules/@testing-library/user-event/dist/cjs/event/input.js:37:9)
      at node_modules/@testing-library/user-event/dist/cjs/event/behavior/keypr
ess.js:31:26
      at Object.dispatchEvent (node_modules/@testing-library/user-event/dist/cj
s/event/dispatchEvent.js:41:13)
      at Object.dispatchUIEvent (node_modules/@testing-library/user-event/dist/
cjs/event/dispatchEvent.js:22:26)
      at KeyboardHost.keydown 
(node_modules/@testing-library/user-event/dist/cjs/system/keyboard.js:76:22)
      at keyboardAction 
(node_modules/@testing-library/user-event/dist/cjs/keyboard/index.js:22:35)
      at Object.keyboard 
(node_modules/@testing-library/user-event/dist/cjs/keyboard/index.js:11:15)
      at Object.type 
(node_modules/@testing-library/user-event/dist/cjs/utility/type.js:17:5)
      at Object.<anonymous> (src/profile/__tests__/profile.test.tsx:270:5)

    console.error
      Warning: An update to ProfilePage inside a test was not wrapped in 
act(...).
      
      When testing, code that causes React state updates should be wrapped 
into act(...):
      
      act(() => {
        /* fire events that update state */
      });
      /* assert on the output */
      
      This ensures that you're testing the behavior the user would see in the 
browser. Learn more at https://reactjs.org/link/wrap-tests-with-act
          at ProfilePage (C:\Users\samhe\OneDrive\Desktop\Cleaned\frontend\src\
profile\ProfilePage.tsx:17:41)
          at basenameProp (C:\Users\samhe\OneDrive\Desktop\Cleaned\frontend\nod
e_modules\react-router\lib\components.tsx:421:13)
          at basename (C:\Users\samhe\OneDrive\Desktop\Cleaned\frontend\node_mo
dules\react-router\lib\components.tsx:225:3)

      172 |               className="border border-gray-300 rounded-md px-3 
py-2 text-sm"
      173 |               value={newPassword}
    > 174 |               onChange={e => setNewPassword(e.target.value)}
          |                              ^
      175 |             />
      176 |             <p className="text-xs text-gray-500">
      177 |               Minimum 8 characters, at least 1 uppercase letter 
and 1 number.

      at printWarning 
(node_modules/react-dom/cjs/react-dom.development.js:86:30)
      at error (node_modules/react-dom/cjs/react-dom.development.js:60:7)
      at warnIfUpdatesNotWrappedWithActDEV 
(node_modules/react-dom/cjs/react-dom.development.js:27628:9)
      at scheduleUpdateOnFiber 
(node_modules/react-dom/cjs/react-dom.development.js:25547:5)
      at dispatchSetState 
(node_modules/react-dom/cjs/react-dom.development.js:16708:7)
      at onChange (src/profile/ProfilePage.tsx:174:30)
      at HTMLUnknownElement.callCallback 
(node_modules/react-dom/cjs/react-dom.development.js:4164:14)
      at HTMLUnknownElement.callTheUserObjectsOperation 
(node_modules/jsdom/lib/jsdom/living/generated/EventListener.js:26:30)
      at innerInvokeEventListeners 
(node_modules/jsdom/lib/jsdom/living/events/EventTarget-impl.js:350:25)
      at invokeEventListeners 
(node_modules/jsdom/lib/jsdom/living/events/EventTarget-impl.js:286:3)
      at HTMLUnknownElementImpl._dispatch 
(node_modules/jsdom/lib/jsdom/living/events/EventTarget-impl.js:233:9)
      at HTMLUnknownElementImpl.dispatchEvent 
(node_modules/jsdom/lib/jsdom/living/events/EventTarget-impl.js:104:17)
      at HTMLUnknownElement.dispatchEvent 
(node_modules/jsdom/lib/jsdom/living/generated/EventTarget.js:241:34)
      at Object.invokeGuardedCallbackDev 
(node_modules/react-dom/cjs/react-dom.development.js:4213:16)
      at invokeGuardedCallback 
(node_modules/react-dom/cjs/react-dom.development.js:4277:31)
      at invokeGuardedCallbackAndCatchFirstError 
(node_modules/react-dom/cjs/react-dom.development.js:4291:25)
      at executeDispatch 
(node_modules/react-dom/cjs/react-dom.development.js:9041:3)
      at processDispatchQueueItemsInOrder 
(node_modules/react-dom/cjs/react-dom.development.js:9073:7)
      at processDispatchQueue 
(node_modules/react-dom/cjs/react-dom.development.js:9086:5)
      at dispatchEventsForPlugins 
(node_modules/react-dom/cjs/react-dom.development.js:9097:3)
      at node_modules/react-dom/cjs/react-dom.development.js:9288:12
      at batchedUpdates$1 
(node_modules/react-dom/cjs/react-dom.development.js:26179:12)
      at batchedUpdates 
(node_modules/react-dom/cjs/react-dom.development.js:3991:12)
      at dispatchEventForPluginEventSystem 
(node_modules/react-dom/cjs/react-dom.development.js:9287:3)
      at dispatchEventWithEnableCapturePhaseSelectiveHydrationWithoutDiscreteEv
entReplay (node_modules/react-dom/cjs/react-dom.development.js:6465:5)
      at dispatchEvent 
(node_modules/react-dom/cjs/react-dom.development.js:6457:5)
      at dispatchDiscreteEvent 
(node_modules/react-dom/cjs/react-dom.development.js:6430:5)
      at HTMLDivElement.callTheUserObjectsOperation 
(node_modules/jsdom/lib/jsdom/living/generated/EventListener.js:26:30)
      at innerInvokeEventListeners 
(node_modules/jsdom/lib/jsdom/living/events/EventTarget-impl.js:350:25)
      at invokeEventListeners 
(node_modules/jsdom/lib/jsdom/living/events/EventTarget-impl.js:286:3)
      at HTMLInputElementImpl._dispatch 
(node_modules/jsdom/lib/jsdom/living/events/EventTarget-impl.js:233:9)
      at HTMLInputElementImpl.dispatchEvent 
(node_modules/jsdom/lib/jsdom/living/events/EventTarget-impl.js:104:17)
      at HTMLInputElement.dispatchEvent 
(node_modules/jsdom/lib/jsdom/living/generated/EventTarget.js:241:34)
      at 
node_modules/@testing-library/user-event/dist/cjs/event/dispatchEvent.js:45:43
      at Object.eventWrapper 
(node_modules/@testing-library/dom/dist/config.js:25:23)
      at Object.wrapEvent 
(node_modules/@testing-library/user-event/dist/cjs/event/wrapEvent.js:6:28)
      at Object.dispatchEvent (node_modules/@testing-library/user-event/dist/cj
s/event/dispatchEvent.js:45:22)
      at Object.dispatchUIEvent (node_modules/@testing-library/user-event/dist/
cjs/event/dispatchEvent.js:22:26)
      at commitInput 
(node_modules/@testing-library/user-event/dist/cjs/event/input.js:145:14)
      at editInputElement 
(node_modules/@testing-library/user-event/dist/cjs/event/input.js:115:9)
      at Object.input 
(node_modules/@testing-library/user-event/dist/cjs/event/input.js:37:9)
      at node_modules/@testing-library/user-event/dist/cjs/event/behavior/keypr
ess.js:31:26
      at Object.dispatchEvent (node_modules/@testing-library/user-event/dist/cj
s/event/dispatchEvent.js:41:13)
      at Object.dispatchUIEvent (node_modules/@testing-library/user-event/dist/
cjs/event/dispatchEvent.js:22:26)
      at KeyboardHost.keydown 
(node_modules/@testing-library/user-event/dist/cjs/system/keyboard.js:76:22)
      at keyboardAction 
(node_modules/@testing-library/user-event/dist/cjs/keyboard/index.js:22:35)
      at Object.keyboard 
(node_modules/@testing-library/user-event/dist/cjs/keyboard/index.js:11:15)
      at Object.type 
(node_modules/@testing-library/user-event/dist/cjs/utility/type.js:17:5)
      at Object.<anonymous> (src/profile/__tests__/profile.test.tsx:270:5)

    console.error
      Warning: An update to ProfilePage inside a test was not wrapped in 
act(...).
      
      When testing, code that causes React state updates should be wrapped 
into act(...):
      
      act(() => {
        /* fire events that update state */
      });
      /* assert on the output */
      
      This ensures that you're testing the behavior the user would see in the 
browser. Learn more at https://reactjs.org/link/wrap-tests-with-act
          at ProfilePage (C:\Users\samhe\OneDrive\Desktop\Cleaned\frontend\src\
profile\ProfilePage.tsx:17:41)
          at basenameProp (C:\Users\samhe\OneDrive\Desktop\Cleaned\frontend\nod
e_modules\react-router\lib\components.tsx:421:13)
          at basename (C:\Users\samhe\OneDrive\Desktop\Cleaned\frontend\node_mo
dules\react-router\lib\components.tsx:225:3)

      172 |               className="border border-gray-300 rounded-md px-3 
py-2 text-sm"
      173 |               value={newPassword}
    > 174 |               onChange={e => setNewPassword(e.target.value)}
          |                              ^
      175 |             />
      176 |             <p className="text-xs text-gray-500">
      177 |               Minimum 8 characters, at least 1 uppercase letter 
and 1 number.

      at printWarning 
(node_modules/react-dom/cjs/react-dom.development.js:86:30)
      at error (node_modules/react-dom/cjs/react-dom.development.js:60:7)
      at warnIfUpdatesNotWrappedWithActDEV 
(node_modules/react-dom/cjs/react-dom.development.js:27628:9)
      at scheduleUpdateOnFiber 
(node_modules/react-dom/cjs/react-dom.development.js:25547:5)
      at dispatchSetState 
(node_modules/react-dom/cjs/react-dom.development.js:16708:7)
      at onChange (src/profile/ProfilePage.tsx:174:30)
      at HTMLUnknownElement.callCallback 
(node_modules/react-dom/cjs/react-dom.development.js:4164:14)
      at HTMLUnknownElement.callTheUserObjectsOperation 
(node_modules/jsdom/lib/jsdom/living/generated/EventListener.js:26:30)
      at innerInvokeEventListeners 
(node_modules/jsdom/lib/jsdom/living/events/EventTarget-impl.js:350:25)
      at invokeEventListeners 
(node_modules/jsdom/lib/jsdom/living/events/EventTarget-impl.js:286:3)
      at HTMLUnknownElementImpl._dispatch 
(node_modules/jsdom/lib/jsdom/living/events/EventTarget-impl.js:233:9)
      at HTMLUnknownElementImpl.dispatchEvent 
(node_modules/jsdom/lib/jsdom/living/events/EventTarget-impl.js:104:17)
      at HTMLUnknownElement.dispatchEvent 
(node_modules/jsdom/lib/jsdom/living/generated/EventTarget.js:241:34)
      at Object.invokeGuardedCallbackDev 
(node_modules/react-dom/cjs/react-dom.development.js:4213:16)
      at invokeGuardedCallback 
(node_modules/react-dom/cjs/react-dom.development.js:4277:31)
      at invokeGuardedCallbackAndCatchFirstError 
(node_modules/react-dom/cjs/react-dom.development.js:4291:25)
      at executeDispatch 
(node_modules/react-dom/cjs/react-dom.development.js:9041:3)
      at processDispatchQueueItemsInOrder 
(node_modules/react-dom/cjs/react-dom.development.js:9073:7)
      at processDispatchQueue 
(node_modules/react-dom/cjs/react-dom.development.js:9086:5)
      at dispatchEventsForPlugins 
(node_modules/react-dom/cjs/react-dom.development.js:9097:3)
      at node_modules/react-dom/cjs/react-dom.development.js:9288:12
      at batchedUpdates$1 
(node_modules/react-dom/cjs/react-dom.development.js:26179:12)
      at batchedUpdates 
(node_modules/react-dom/cjs/react-dom.development.js:3991:12)
      at dispatchEventForPluginEventSystem 
(node_modules/react-dom/cjs/react-dom.development.js:9287:3)
      at dispatchEventWithEnableCapturePhaseSelectiveHydrationWithoutDiscreteEv
entReplay (node_modules/react-dom/cjs/react-dom.development.js:6465:5)
      at dispatchEvent 
(node_modules/react-dom/cjs/react-dom.development.js:6457:5)
      at dispatchDiscreteEvent 
(node_modules/react-dom/cjs/react-dom.development.js:6430:5)
      at HTMLDivElement.callTheUserObjectsOperation 
(node_modules/jsdom/lib/jsdom/living/generated/EventListener.js:26:30)
      at innerInvokeEventListeners 
(node_modules/jsdom/lib/jsdom/living/events/EventTarget-impl.js:350:25)
      at invokeEventListeners 
(node_modules/jsdom/lib/jsdom/living/events/EventTarget-impl.js:286:3)
      at HTMLInputElementImpl._dispatch 
(node_modules/jsdom/lib/jsdom/living/events/EventTarget-impl.js:233:9)
      at HTMLInputElementImpl.dispatchEvent 
(node_modules/jsdom/lib/jsdom/living/events/EventTarget-impl.js:104:17)
      at HTMLInputElement.dispatchEvent 
(node_modules/jsdom/lib/jsdom/living/generated/EventTarget.js:241:34)
      at 
node_modules/@testing-library/user-event/dist/cjs/event/dispatchEvent.js:45:43
      at Object.eventWrapper 
(node_modules/@testing-library/dom/dist/config.js:25:23)
      at Object.wrapEvent 
(node_modules/@testing-library/user-event/dist/cjs/event/wrapEvent.js:6:28)
      at Object.dispatchEvent (node_modules/@testing-library/user-event/dist/cj
s/event/dispatchEvent.js:45:22)
      at Object.dispatchUIEvent (node_modules/@testing-library/user-event/dist/
cjs/event/dispatchEvent.js:22:26)
      at commitInput 
(node_modules/@testing-library/user-event/dist/cjs/event/input.js:145:14)
      at editInputElement 
(node_modules/@testing-library/user-event/dist/cjs/event/input.js:115:9)
      at Object.input 
(node_modules/@testing-library/user-event/dist/cjs/event/input.js:37:9)
      at node_modules/@testing-library/user-event/dist/cjs/event/behavior/keypr
ess.js:31:26
      at Object.dispatchEvent (node_modules/@testing-library/user-event/dist/cj
s/event/dispatchEvent.js:41:13)
      at Object.dispatchUIEvent (node_modules/@testing-library/user-event/dist/
cjs/event/dispatchEvent.js:22:26)
      at KeyboardHost.keydown 
(node_modules/@testing-library/user-event/dist/cjs/system/keyboard.js:76:22)
      at keyboardAction 
(node_modules/@testing-library/user-event/dist/cjs/keyboard/index.js:22:35)
      at Object.keyboard 
(node_modules/@testing-library/user-event/dist/cjs/keyboard/index.js:11:15)
      at Object.type 
(node_modules/@testing-library/user-event/dist/cjs/utility/type.js:17:5)
      at Object.<anonymous> (src/profile/__tests__/profile.test.tsx:270:5)

    console.error
      Warning: An update to ProfilePage inside a test was not wrapped in 
act(...).
      
      When testing, code that causes React state updates should be wrapped 
into act(...):
      
      act(() => {
        /* fire events that update state */
      });
      /* assert on the output */
      
      This ensures that you're testing the behavior the user would see in the 
browser. Learn more at https://reactjs.org/link/wrap-tests-with-act
          at ProfilePage (C:\Users\samhe\OneDrive\Desktop\Cleaned\frontend\src\
profile\ProfilePage.tsx:17:41)
          at basenameProp (C:\Users\samhe\OneDrive\Desktop\Cleaned\frontend\nod
e_modules\react-router\lib\components.tsx:421:13)
          at basename (C:\Users\samhe\OneDrive\Desktop\Cleaned\frontend\node_mo
dules\react-router\lib\components.tsx:225:3)

      172 |               className="border border-gray-300 rounded-md px-3 
py-2 text-sm"
      173 |               value={newPassword}
    > 174 |               onChange={e => setNewPassword(e.target.value)}
          |                              ^
      175 |             />
      176 |             <p className="text-xs text-gray-500">
      177 |               Minimum 8 characters, at least 1 uppercase letter 
and 1 number.

      at printWarning 
(node_modules/react-dom/cjs/react-dom.development.js:86:30)
      at error (node_modules/react-dom/cjs/react-dom.development.js:60:7)
      at warnIfUpdatesNotWrappedWithActDEV 
(node_modules/react-dom/cjs/react-dom.development.js:27628:9)
      at scheduleUpdateOnFiber 
(node_modules/react-dom/cjs/react-dom.development.js:25547:5)
      at dispatchSetState 
(node_modules/react-dom/cjs/react-dom.development.js:16708:7)
      at onChange (src/profile/ProfilePage.tsx:174:30)
      at HTMLUnknownElement.callCallback 
(node_modules/react-dom/cjs/react-dom.development.js:4164:14)
      at HTMLUnknownElement.callTheUserObjectsOperation 
(node_modules/jsdom/lib/jsdom/living/generated/EventListener.js:26:30)
      at innerInvokeEventListeners 
(node_modules/jsdom/lib/jsdom/living/events/EventTarget-impl.js:350:25)
      at invokeEventListeners 
(node_modules/jsdom/lib/jsdom/living/events/EventTarget-impl.js:286:3)
      at HTMLUnknownElementImpl._dispatch 
(node_modules/jsdom/lib/jsdom/living/events/EventTarget-impl.js:233:9)
      at HTMLUnknownElementImpl.dispatchEvent 
(node_modules/jsdom/lib/jsdom/living/events/EventTarget-impl.js:104:17)
      at HTMLUnknownElement.dispatchEvent 
(node_modules/jsdom/lib/jsdom/living/generated/EventTarget.js:241:34)
      at Object.invokeGuardedCallbackDev 
(node_modules/react-dom/cjs/react-dom.development.js:4213:16)
      at invokeGuardedCallback 
(node_modules/react-dom/cjs/react-dom.development.js:4277:31)
      at invokeGuardedCallbackAndCatchFirstError 
(node_modules/react-dom/cjs/react-dom.development.js:4291:25)
      at executeDispatch 
(node_modules/react-dom/cjs/react-dom.development.js:9041:3)
      at processDispatchQueueItemsInOrder 
(node_modules/react-dom/cjs/react-dom.development.js:9073:7)
      at processDispatchQueue 
(node_modules/react-dom/cjs/react-dom.development.js:9086:5)
      at dispatchEventsForPlugins 
(node_modules/react-dom/cjs/react-dom.development.js:9097:3)
      at node_modules/react-dom/cjs/react-dom.development.js:9288:12
      at batchedUpdates$1 
(node_modules/react-dom/cjs/react-dom.development.js:26179:12)
      at batchedUpdates 
(node_modules/react-dom/cjs/react-dom.development.js:3991:12)
      at dispatchEventForPluginEventSystem 
(node_modules/react-dom/cjs/react-dom.development.js:9287:3)
      at dispatchEventWithEnableCapturePhaseSelectiveHydrationWithoutDiscreteEv
entReplay (node_modules/react-dom/cjs/react-dom.development.js:6465:5)
      at dispatchEvent 
(node_modules/react-dom/cjs/react-dom.development.js:6457:5)
      at dispatchDiscreteEvent 
(node_modules/react-dom/cjs/react-dom.development.js:6430:5)
      at HTMLDivElement.callTheUserObjectsOperation 
(node_modules/jsdom/lib/jsdom/living/generated/EventListener.js:26:30)
      at innerInvokeEventListeners 
(node_modules/jsdom/lib/jsdom/living/events/EventTarget-impl.js:350:25)
      at invokeEventListeners 
(node_modules/jsdom/lib/jsdom/living/events/EventTarget-impl.js:286:3)
      at HTMLInputElementImpl._dispatch 
(node_modules/jsdom/lib/jsdom/living/events/EventTarget-impl.js:233:9)
      at HTMLInputElementImpl.dispatchEvent 
(node_modules/jsdom/lib/jsdom/living/events/EventTarget-impl.js:104:17)
      at HTMLInputElement.dispatchEvent 
(node_modules/jsdom/lib/jsdom/living/generated/EventTarget.js:241:34)
      at 
node_modules/@testing-library/user-event/dist/cjs/event/dispatchEvent.js:45:43
      at Object.eventWrapper 
(node_modules/@testing-library/dom/dist/config.js:25:23)
      at Object.wrapEvent 
(node_modules/@testing-library/user-event/dist/cjs/event/wrapEvent.js:6:28)
      at Object.dispatchEvent (node_modules/@testing-library/user-event/dist/cj
s/event/dispatchEvent.js:45:22)
      at Object.dispatchUIEvent (node_modules/@testing-library/user-event/dist/
cjs/event/dispatchEvent.js:22:26)
      at commitInput 
(node_modules/@testing-library/user-event/dist/cjs/event/input.js:145:14)
      at editInputElement 
(node_modules/@testing-library/user-event/dist/cjs/event/input.js:115:9)
      at Object.input 
(node_modules/@testing-library/user-event/dist/cjs/event/input.js:37:9)
      at node_modules/@testing-library/user-event/dist/cjs/event/behavior/keypr
ess.js:31:26
      at Object.dispatchEvent (node_modules/@testing-library/user-event/dist/cj
s/event/dispatchEvent.js:41:13)
      at Object.dispatchUIEvent (node_modules/@testing-library/user-event/dist/
cjs/event/dispatchEvent.js:22:26)
      at KeyboardHost.keydown 
(node_modules/@testing-library/user-event/dist/cjs/system/keyboard.js:76:22)
      at keyboardAction 
(node_modules/@testing-library/user-event/dist/cjs/keyboard/index.js:22:35)
      at Object.keyboard 
(node_modules/@testing-library/user-event/dist/cjs/keyboard/index.js:11:15)
      at Object.type 
(node_modules/@testing-library/user-event/dist/cjs/utility/type.js:17:5)
      at Object.<anonymous> (src/profile/__tests__/profile.test.tsx:270:5)

    console.error
      Warning: An update to ProfilePage inside a test was not wrapped in 
act(...).
      
      When testing, code that causes React state updates should be wrapped 
into act(...):
      
      act(() => {
        /* fire events that update state */
      });
      /* assert on the output */
      
      This ensures that you're testing the behavior the user would see in the 
browser. Learn more at https://reactjs.org/link/wrap-tests-with-act
          at ProfilePage (C:\Users\samhe\OneDrive\Desktop\Cleaned\frontend\src\
profile\ProfilePage.tsx:17:41)
          at basenameProp (C:\Users\samhe\OneDrive\Desktop\Cleaned\frontend\nod
e_modules\react-router\lib\components.tsx:421:13)
          at basename (C:\Users\samhe\OneDrive\Desktop\Cleaned\frontend\node_mo
dules\react-router\lib\components.tsx:225:3)

      172 |               className="border border-gray-300 rounded-md px-3 
py-2 text-sm"
      173 |               value={newPassword}
    > 174 |               onChange={e => setNewPassword(e.target.value)}
          |                              ^
      175 |             />
      176 |             <p className="text-xs text-gray-500">
      177 |               Minimum 8 characters, at least 1 uppercase letter 
and 1 number.

      at printWarning 
(node_modules/react-dom/cjs/react-dom.development.js:86:30)
      at error (node_modules/react-dom/cjs/react-dom.development.js:60:7)
      at warnIfUpdatesNotWrappedWithActDEV 
(node_modules/react-dom/cjs/react-dom.development.js:27628:9)
      at scheduleUpdateOnFiber 
(node_modules/react-dom/cjs/react-dom.development.js:25547:5)
      at dispatchSetState 
(node_modules/react-dom/cjs/react-dom.development.js:16708:7)
      at onChange (src/profile/ProfilePage.tsx:174:30)
      at HTMLUnknownElement.callCallback 
(node_modules/react-dom/cjs/react-dom.development.js:4164:14)
      at HTMLUnknownElement.callTheUserObjectsOperation 
(node_modules/jsdom/lib/jsdom/living/generated/EventListener.js:26:30)
      at innerInvokeEventListeners 
(node_modules/jsdom/lib/jsdom/living/events/EventTarget-impl.js:350:25)
      at invokeEventListeners 
(node_modules/jsdom/lib/jsdom/living/events/EventTarget-impl.js:286:3)
      at HTMLUnknownElementImpl._dispatch 
(node_modules/jsdom/lib/jsdom/living/events/EventTarget-impl.js:233:9)
      at HTMLUnknownElementImpl.dispatchEvent 
(node_modules/jsdom/lib/jsdom/living/events/EventTarget-impl.js:104:17)
      at HTMLUnknownElement.dispatchEvent 
(node_modules/jsdom/lib/jsdom/living/generated/EventTarget.js:241:34)
      at Object.invokeGuardedCallbackDev 
(node_modules/react-dom/cjs/react-dom.development.js:4213:16)
      at invokeGuardedCallback 
(node_modules/react-dom/cjs/react-dom.development.js:4277:31)
      at invokeGuardedCallbackAndCatchFirstError 
(node_modules/react-dom/cjs/react-dom.development.js:4291:25)
      at executeDispatch 
(node_modules/react-dom/cjs/react-dom.development.js:9041:3)
      at processDispatchQueueItemsInOrder 
(node_modules/react-dom/cjs/react-dom.development.js:9073:7)
      at processDispatchQueue 
(node_modules/react-dom/cjs/react-dom.development.js:9086:5)
      at dispatchEventsForPlugins 
(node_modules/react-dom/cjs/react-dom.development.js:9097:3)
      at node_modules/react-dom/cjs/react-dom.development.js:9288:12
      at batchedUpdates$1 
(node_modules/react-dom/cjs/react-dom.development.js:26179:12)
      at batchedUpdates 
(node_modules/react-dom/cjs/react-dom.development.js:3991:12)
      at dispatchEventForPluginEventSystem 
(node_modules/react-dom/cjs/react-dom.development.js:9287:3)
      at dispatchEventWithEnableCapturePhaseSelectiveHydrationWithoutDiscreteEv
entReplay (node_modules/react-dom/cjs/react-dom.development.js:6465:5)
      at dispatchEvent 
(node_modules/react-dom/cjs/react-dom.development.js:6457:5)
      at dispatchDiscreteEvent 
(node_modules/react-dom/cjs/react-dom.development.js:6430:5)
      at HTMLDivElement.callTheUserObjectsOperation 
(node_modules/jsdom/lib/jsdom/living/generated/EventListener.js:26:30)
      at innerInvokeEventListeners 
(node_modules/jsdom/lib/jsdom/living/events/EventTarget-impl.js:350:25)
      at invokeEventListeners 
(node_modules/jsdom/lib/jsdom/living/events/EventTarget-impl.js:286:3)
      at HTMLInputElementImpl._dispatch 
(node_modules/jsdom/lib/jsdom/living/events/EventTarget-impl.js:233:9)
      at HTMLInputElementImpl.dispatchEvent 
(node_modules/jsdom/lib/jsdom/living/events/EventTarget-impl.js:104:17)
      at HTMLInputElement.dispatchEvent 
(node_modules/jsdom/lib/jsdom/living/generated/EventTarget.js:241:34)
      at 
node_modules/@testing-library/user-event/dist/cjs/event/dispatchEvent.js:45:43
      at Object.eventWrapper 
(node_modules/@testing-library/dom/dist/config.js:25:23)
      at Object.wrapEvent 
(node_modules/@testing-library/user-event/dist/cjs/event/wrapEvent.js:6:28)
      at Object.dispatchEvent (node_modules/@testing-library/user-event/dist/cj
s/event/dispatchEvent.js:45:22)
      at Object.dispatchUIEvent (node_modules/@testing-library/user-event/dist/
cjs/event/dispatchEvent.js:22:26)
      at commitInput 
(node_modules/@testing-library/user-event/dist/cjs/event/input.js:145:14)
      at editInputElement 
(node_modules/@testing-library/user-event/dist/cjs/event/input.js:115:9)
      at Object.input 
(node_modules/@testing-library/user-event/dist/cjs/event/input.js:37:9)
      at node_modules/@testing-library/user-event/dist/cjs/event/behavior/keypr
ess.js:31:26
      at Object.dispatchEvent (node_modules/@testing-library/user-event/dist/cj
s/event/dispatchEvent.js:41:13)
      at Object.dispatchUIEvent (node_modules/@testing-library/user-event/dist/
cjs/event/dispatchEvent.js:22:26)
      at KeyboardHost.keydown 
(node_modules/@testing-library/user-event/dist/cjs/system/keyboard.js:76:22)
      at keyboardAction 
(node_modules/@testing-library/user-event/dist/cjs/keyboard/index.js:22:35)
      at Object.keyboard 
(node_modules/@testing-library/user-event/dist/cjs/keyboard/index.js:11:15)
      at Object.type 
(node_modules/@testing-library/user-event/dist/cjs/utility/type.js:17:5)
      at Object.<anonymous> (src/profile/__tests__/profile.test.tsx:270:5)

    console.error
      Warning: An update to ProfilePage inside a test was not wrapped in 
act(...).
      
      When testing, code that causes React state updates should be wrapped 
into act(...):
      
      act(() => {
        /* fire events that update state */
      });
      /* assert on the output */
      
      This ensures that you're testing the behavior the user would see in the 
browser. Learn more at https://reactjs.org/link/wrap-tests-with-act
          at ProfilePage (C:\Users\samhe\OneDrive\Desktop\Cleaned\frontend\src\
profile\ProfilePage.tsx:17:41)
          at basenameProp (C:\Users\samhe\OneDrive\Desktop\Cleaned\frontend\nod
e_modules\react-router\lib\components.tsx:421:13)
          at basename (C:\Users\samhe\OneDrive\Desktop\Cleaned\frontend\node_mo
dules\react-router\lib\components.tsx:225:3)

      172 |               className="border border-gray-300 rounded-md px-3 
py-2 text-sm"
      173 |               value={newPassword}
    > 174 |               onChange={e => setNewPassword(e.target.value)}
          |                              ^
      175 |             />
      176 |             <p className="text-xs text-gray-500">
      177 |               Minimum 8 characters, at least 1 uppercase letter 
and 1 number.

      at printWarning 
(node_modules/react-dom/cjs/react-dom.development.js:86:30)
      at error (node_modules/react-dom/cjs/react-dom.development.js:60:7)
      at warnIfUpdatesNotWrappedWithActDEV 
(node_modules/react-dom/cjs/react-dom.development.js:27628:9)
      at scheduleUpdateOnFiber 
(node_modules/react-dom/cjs/react-dom.development.js:25547:5)
      at dispatchSetState 
(node_modules/react-dom/cjs/react-dom.development.js:16708:7)
      at onChange (src/profile/ProfilePage.tsx:174:30)
      at HTMLUnknownElement.callCallback 
(node_modules/react-dom/cjs/react-dom.development.js:4164:14)
      at HTMLUnknownElement.callTheUserObjectsOperation 
(node_modules/jsdom/lib/jsdom/living/generated/EventListener.js:26:30)
      at innerInvokeEventListeners 
(node_modules/jsdom/lib/jsdom/living/events/EventTarget-impl.js:350:25)
      at invokeEventListeners 
(node_modules/jsdom/lib/jsdom/living/events/EventTarget-impl.js:286:3)
      at HTMLUnknownElementImpl._dispatch 
(node_modules/jsdom/lib/jsdom/living/events/EventTarget-impl.js:233:9)
      at HTMLUnknownElementImpl.dispatchEvent 
(node_modules/jsdom/lib/jsdom/living/events/EventTarget-impl.js:104:17)
      at HTMLUnknownElement.dispatchEvent 
(node_modules/jsdom/lib/jsdom/living/generated/EventTarget.js:241:34)
      at Object.invokeGuardedCallbackDev 
(node_modules/react-dom/cjs/react-dom.development.js:4213:16)
      at invokeGuardedCallback 
(node_modules/react-dom/cjs/react-dom.development.js:4277:31)
      at invokeGuardedCallbackAndCatchFirstError 
(node_modules/react-dom/cjs/react-dom.development.js:4291:25)
      at executeDispatch 
(node_modules/react-dom/cjs/react-dom.development.js:9041:3)
      at processDispatchQueueItemsInOrder 
(node_modules/react-dom/cjs/react-dom.development.js:9073:7)
      at processDispatchQueue 
(node_modules/react-dom/cjs/react-dom.development.js:9086:5)
      at dispatchEventsForPlugins 
(node_modules/react-dom/cjs/react-dom.development.js:9097:3)
      at node_modules/react-dom/cjs/react-dom.development.js:9288:12
      at batchedUpdates$1 
(node_modules/react-dom/cjs/react-dom.development.js:26179:12)
      at batchedUpdates 
(node_modules/react-dom/cjs/react-dom.development.js:3991:12)
      at dispatchEventForPluginEventSystem 
(node_modules/react-dom/cjs/react-dom.development.js:9287:3)
      at dispatchEventWithEnableCapturePhaseSelectiveHydrationWithoutDiscreteEv
entReplay (node_modules/react-dom/cjs/react-dom.development.js:6465:5)
      at dispatchEvent 
(node_modules/react-dom/cjs/react-dom.development.js:6457:5)
      at dispatchDiscreteEvent 
(node_modules/react-dom/cjs/react-dom.development.js:6430:5)
      at HTMLDivElement.callTheUserObjectsOperation 
(node_modules/jsdom/lib/jsdom/living/generated/EventListener.js:26:30)
      at innerInvokeEventListeners 
(node_modules/jsdom/lib/jsdom/living/events/EventTarget-impl.js:350:25)
      at invokeEventListeners 
(node_modules/jsdom/lib/jsdom/living/events/EventTarget-impl.js:286:3)
      at HTMLInputElementImpl._dispatch 
(node_modules/jsdom/lib/jsdom/living/events/EventTarget-impl.js:233:9)
      at HTMLInputElementImpl.dispatchEvent 
(node_modules/jsdom/lib/jsdom/living/events/EventTarget-impl.js:104:17)
      at HTMLInputElement.dispatchEvent 
(node_modules/jsdom/lib/jsdom/living/generated/EventTarget.js:241:34)
      at 
node_modules/@testing-library/user-event/dist/cjs/event/dispatchEvent.js:45:43
      at Object.eventWrapper 
(node_modules/@testing-library/dom/dist/config.js:25:23)
      at Object.wrapEvent 
(node_modules/@testing-library/user-event/dist/cjs/event/wrapEvent.js:6:28)
      at Object.dispatchEvent (node_modules/@testing-library/user-event/dist/cj
s/event/dispatchEvent.js:45:22)
      at Object.dispatchUIEvent (node_modules/@testing-library/user-event/dist/
cjs/event/dispatchEvent.js:22:26)
      at commitInput 
(node_modules/@testing-library/user-event/dist/cjs/event/input.js:145:14)
      at editInputElement 
(node_modules/@testing-library/user-event/dist/cjs/event/input.js:115:9)
      at Object.input 
(node_modules/@testing-library/user-event/dist/cjs/event/input.js:37:9)
      at node_modules/@testing-library/user-event/dist/cjs/event/behavior/keypr
ess.js:31:26
      at Object.dispatchEvent (node_modules/@testing-library/user-event/dist/cj
s/event/dispatchEvent.js:41:13)
      at Object.dispatchUIEvent (node_modules/@testing-library/user-event/dist/
cjs/event/dispatchEvent.js:22:26)
      at KeyboardHost.keydown 
(node_modules/@testing-library/user-event/dist/cjs/system/keyboard.js:76:22)
      at keyboardAction 
(node_modules/@testing-library/user-event/dist/cjs/keyboard/index.js:22:35)
      at Object.keyboard 
(node_modules/@testing-library/user-event/dist/cjs/keyboard/index.js:11:15)
      at Object.type 
(node_modules/@testing-library/user-event/dist/cjs/utility/type.js:17:5)
      at Object.<anonymous> (src/profile/__tests__/profile.test.tsx:270:5)

    console.error
      Warning: An update to ProfilePage inside a test was not wrapped in 
act(...).
      
      When testing, code that causes React state updates should be wrapped 
into act(...):
      
      act(() => {
        /* fire events that update state */
      });
      /* assert on the output */
      
      This ensures that you're testing the behavior the user would see in the 
browser. Learn more at https://reactjs.org/link/wrap-tests-with-act
          at ProfilePage (C:\Users\samhe\OneDrive\Desktop\Cleaned\frontend\src\
profile\ProfilePage.tsx:17:41)
          at basenameProp (C:\Users\samhe\OneDrive\Desktop\Cleaned\frontend\nod
e_modules\react-router\lib\components.tsx:421:13)
          at basename (C:\Users\samhe\OneDrive\Desktop\Cleaned\frontend\node_mo
dules\react-router\lib\components.tsx:225:3)

      172 |               className="border border-gray-300 rounded-md px-3 
py-2 text-sm"
      173 |               value={newPassword}
    > 174 |               onChange={e => setNewPassword(e.target.value)}
          |                              ^
      175 |             />
      176 |             <p className="text-xs text-gray-500">
      177 |               Minimum 8 characters, at least 1 uppercase letter 
and 1 number.

      at printWarning 
(node_modules/react-dom/cjs/react-dom.development.js:86:30)
      at error (node_modules/react-dom/cjs/react-dom.development.js:60:7)
      at warnIfUpdatesNotWrappedWithActDEV 
(node_modules/react-dom/cjs/react-dom.development.js:27628:9)
      at scheduleUpdateOnFiber 
(node_modules/react-dom/cjs/react-dom.development.js:25547:5)
      at dispatchSetState 
(node_modules/react-dom/cjs/react-dom.development.js:16708:7)
      at onChange (src/profile/ProfilePage.tsx:174:30)
      at HTMLUnknownElement.callCallback 
(node_modules/react-dom/cjs/react-dom.development.js:4164:14)
      at HTMLUnknownElement.callTheUserObjectsOperation 
(node_modules/jsdom/lib/jsdom/living/generated/EventListener.js:26:30)
      at innerInvokeEventListeners 
(node_modules/jsdom/lib/jsdom/living/events/EventTarget-impl.js:350:25)
      at invokeEventListeners 
(node_modules/jsdom/lib/jsdom/living/events/EventTarget-impl.js:286:3)
      at HTMLUnknownElementImpl._dispatch 
(node_modules/jsdom/lib/jsdom/living/events/EventTarget-impl.js:233:9)
      at HTMLUnknownElementImpl.dispatchEvent 
(node_modules/jsdom/lib/jsdom/living/events/EventTarget-impl.js:104:17)
      at HTMLUnknownElement.dispatchEvent 
(node_modules/jsdom/lib/jsdom/living/generated/EventTarget.js:241:34)
      at Object.invokeGuardedCallbackDev 
(node_modules/react-dom/cjs/react-dom.development.js:4213:16)
      at invokeGuardedCallback 
(node_modules/react-dom/cjs/react-dom.development.js:4277:31)
      at invokeGuardedCallbackAndCatchFirstError 
(node_modules/react-dom/cjs/react-dom.development.js:4291:25)
      at executeDispatch 
(node_modules/react-dom/cjs/react-dom.development.js:9041:3)
      at processDispatchQueueItemsInOrder 
(node_modules/react-dom/cjs/react-dom.development.js:9073:7)
      at processDispatchQueue 
(node_modules/react-dom/cjs/react-dom.development.js:9086:5)
      at dispatchEventsForPlugins 
(node_modules/react-dom/cjs/react-dom.development.js:9097:3)
      at node_modules/react-dom/cjs/react-dom.development.js:9288:12
      at batchedUpdates$1 
(node_modules/react-dom/cjs/react-dom.development.js:26179:12)
      at batchedUpdates 
(node_modules/react-dom/cjs/react-dom.development.js:3991:12)
      at dispatchEventForPluginEventSystem 
(node_modules/react-dom/cjs/react-dom.development.js:9287:3)
      at dispatchEventWithEnableCapturePhaseSelectiveHydrationWithoutDiscreteEv
entReplay (node_modules/react-dom/cjs/react-dom.development.js:6465:5)
      at dispatchEvent 
(node_modules/react-dom/cjs/react-dom.development.js:6457:5)
      at dispatchDiscreteEvent 
(node_modules/react-dom/cjs/react-dom.development.js:6430:5)
      at HTMLDivElement.callTheUserObjectsOperation 
(node_modules/jsdom/lib/jsdom/living/generated/EventListener.js:26:30)
      at innerInvokeEventListeners 
(node_modules/jsdom/lib/jsdom/living/events/EventTarget-impl.js:350:25)
      at invokeEventListeners 
(node_modules/jsdom/lib/jsdom/living/events/EventTarget-impl.js:286:3)
      at HTMLInputElementImpl._dispatch 
(node_modules/jsdom/lib/jsdom/living/events/EventTarget-impl.js:233:9)
      at HTMLInputElementImpl.dispatchEvent 
(node_modules/jsdom/lib/jsdom/living/events/EventTarget-impl.js:104:17)
      at HTMLInputElement.dispatchEvent 
(node_modules/jsdom/lib/jsdom/living/generated/EventTarget.js:241:34)
      at 
node_modules/@testing-library/user-event/dist/cjs/event/dispatchEvent.js:45:43
      at Object.eventWrapper 
(node_modules/@testing-library/dom/dist/config.js:25:23)
      at Object.wrapEvent 
(node_modules/@testing-library/user-event/dist/cjs/event/wrapEvent.js:6:28)
      at Object.dispatchEvent (node_modules/@testing-library/user-event/dist/cj
s/event/dispatchEvent.js:45:22)
      at Object.dispatchUIEvent (node_modules/@testing-library/user-event/dist/
cjs/event/dispatchEvent.js:22:26)
      at commitInput 
(node_modules/@testing-library/user-event/dist/cjs/event/input.js:145:14)
      at editInputElement 
(node_modules/@testing-library/user-event/dist/cjs/event/input.js:115:9)
      at Object.input 
(node_modules/@testing-library/user-event/dist/cjs/event/input.js:37:9)
      at node_modules/@testing-library/user-event/dist/cjs/event/behavior/keypr
ess.js:31:26
      at Object.dispatchEvent (node_modules/@testing-library/user-event/dist/cj
s/event/dispatchEvent.js:41:13)
      at Object.dispatchUIEvent (node_modules/@testing-library/user-event/dist/
cjs/event/dispatchEvent.js:22:26)
      at KeyboardHost.keydown 
(node_modules/@testing-library/user-event/dist/cjs/system/keyboard.js:76:22)
      at keyboardAction 
(node_modules/@testing-library/user-event/dist/cjs/keyboard/index.js:22:35)
      at Object.keyboard 
(node_modules/@testing-library/user-event/dist/cjs/keyboard/index.js:11:15)
      at Object.type 
(node_modules/@testing-library/user-event/dist/cjs/utility/type.js:17:5)
      at Object.<anonymous> (src/profile/__tests__/profile.test.tsx:270:5)

    console.error
      Warning: An update to ProfilePage inside a test was not wrapped in 
act(...).
      
      When testing, code that causes React state updates should be wrapped 
into act(...):
      
      act(() => {
        /* fire events that update state */
      });
      /* assert on the output */
      
      This ensures that you're testing the behavior the user would see in the 
browser. Learn more at https://reactjs.org/link/wrap-tests-with-act
          at ProfilePage (C:\Users\samhe\OneDrive\Desktop\Cleaned\frontend\src\
profile\ProfilePage.tsx:17:41)
          at basenameProp (C:\Users\samhe\OneDrive\Desktop\Cleaned\frontend\nod
e_modules\react-router\lib\components.tsx:421:13)
          at basename (C:\Users\samhe\OneDrive\Desktop\Cleaned\frontend\node_mo
dules\react-router\lib\components.tsx:225:3)

      191 |               className="border border-gray-300 rounded-md px-3 
py-2 text-sm"
      192 |               value={confirmPassword}
    > 193 |               onChange={e => setConfirmPassword(e.target.value)}
          |                              ^
      194 |             />
      195 |             {confirmPassword && !passwordsMatch && (
      196 |               <p className="text-sm text-red-600">Passwords do not 
match</p>

      at printWarning 
(node_modules/react-dom/cjs/react-dom.development.js:86:30)
      at error (node_modules/react-dom/cjs/react-dom.development.js:60:7)
      at warnIfUpdatesNotWrappedWithActDEV 
(node_modules/react-dom/cjs/react-dom.development.js:27628:9)
      at scheduleUpdateOnFiber 
(node_modules/react-dom/cjs/react-dom.development.js:25547:5)
      at dispatchSetState 
(node_modules/react-dom/cjs/react-dom.development.js:16708:7)
      at onChange (src/profile/ProfilePage.tsx:193:30)
      at HTMLUnknownElement.callCallback 
(node_modules/react-dom/cjs/react-dom.development.js:4164:14)
      at HTMLUnknownElement.callTheUserObjectsOperation 
(node_modules/jsdom/lib/jsdom/living/generated/EventListener.js:26:30)
      at innerInvokeEventListeners 
(node_modules/jsdom/lib/jsdom/living/events/EventTarget-impl.js:350:25)
      at invokeEventListeners 
(node_modules/jsdom/lib/jsdom/living/events/EventTarget-impl.js:286:3)
      at HTMLUnknownElementImpl._dispatch 
(node_modules/jsdom/lib/jsdom/living/events/EventTarget-impl.js:233:9)
      at HTMLUnknownElementImpl.dispatchEvent 
(node_modules/jsdom/lib/jsdom/living/events/EventTarget-impl.js:104:17)
      at HTMLUnknownElement.dispatchEvent 
(node_modules/jsdom/lib/jsdom/living/generated/EventTarget.js:241:34)
      at Object.invokeGuardedCallbackDev 
(node_modules/react-dom/cjs/react-dom.development.js:4213:16)
      at invokeGuardedCallback 
(node_modules/react-dom/cjs/react-dom.development.js:4277:31)
      at invokeGuardedCallbackAndCatchFirstError 
(node_modules/react-dom/cjs/react-dom.development.js:4291:25)
      at executeDispatch 
(node_modules/react-dom/cjs/react-dom.development.js:9041:3)
      at processDispatchQueueItemsInOrder 
(node_modules/react-dom/cjs/react-dom.development.js:9073:7)
      at processDispatchQueue 
(node_modules/react-dom/cjs/react-dom.development.js:9086:5)
      at dispatchEventsForPlugins 
(node_modules/react-dom/cjs/react-dom.development.js:9097:3)
      at node_modules/react-dom/cjs/react-dom.development.js:9288:12
      at batchedUpdates$1 
(node_modules/react-dom/cjs/react-dom.development.js:26179:12)
      at batchedUpdates 
(node_modules/react-dom/cjs/react-dom.development.js:3991:12)
      at dispatchEventForPluginEventSystem 
(node_modules/react-dom/cjs/react-dom.development.js:9287:3)
      at dispatchEventWithEnableCapturePhaseSelectiveHydrationWithoutDiscreteEv
entReplay (node_modules/react-dom/cjs/react-dom.development.js:6465:5)
      at dispatchEvent 
(node_modules/react-dom/cjs/react-dom.development.js:6457:5)
      at dispatchDiscreteEvent 
(node_modules/react-dom/cjs/react-dom.development.js:6430:5)
      at HTMLDivElement.callTheUserObjectsOperation 
(node_modules/jsdom/lib/jsdom/living/generated/EventListener.js:26:30)
      at innerInvokeEventListeners 
(node_modules/jsdom/lib/jsdom/living/events/EventTarget-impl.js:350:25)
      at invokeEventListeners 
(node_modules/jsdom/lib/jsdom/living/events/EventTarget-impl.js:286:3)
      at HTMLInputElementImpl._dispatch 
(node_modules/jsdom/lib/jsdom/living/events/EventTarget-impl.js:233:9)
      at HTMLInputElementImpl.dispatchEvent 
(node_modules/jsdom/lib/jsdom/living/events/EventTarget-impl.js:104:17)
      at HTMLInputElement.dispatchEvent 
(node_modules/jsdom/lib/jsdom/living/generated/EventTarget.js:241:34)
      at 
node_modules/@testing-library/user-event/dist/cjs/event/dispatchEvent.js:45:43
      at Object.eventWrapper 
(node_modules/@testing-library/dom/dist/config.js:25:23)
      at Object.wrapEvent 
(node_modules/@testing-library/user-event/dist/cjs/event/wrapEvent.js:6:28)
      at Object.dispatchEvent (node_modules/@testing-library/user-event/dist/cj
s/event/dispatchEvent.js:45:22)
      at Object.dispatchUIEvent (node_modules/@testing-library/user-event/dist/
cjs/event/dispatchEvent.js:22:26)
      at commitInput 
(node_modules/@testing-library/user-event/dist/cjs/event/input.js:145:14)
      at editInputElement 
(node_modules/@testing-library/user-event/dist/cjs/event/input.js:115:9)
      at Object.input 
(node_modules/@testing-library/user-event/dist/cjs/event/input.js:37:9)
      at node_modules/@testing-library/user-event/dist/cjs/event/behavior/keypr
ess.js:31:26
      at Object.dispatchEvent (node_modules/@testing-library/user-event/dist/cj
s/event/dispatchEvent.js:41:13)
      at Object.dispatchUIEvent (node_modules/@testing-library/user-event/dist/
cjs/event/dispatchEvent.js:22:26)
      at KeyboardHost.keydown 
(node_modules/@testing-library/user-event/dist/cjs/system/keyboard.js:76:22)
      at keyboardAction 
(node_modules/@testing-library/user-event/dist/cjs/keyboard/index.js:22:35)
      at Object.keyboard 
(node_modules/@testing-library/user-event/dist/cjs/keyboard/index.js:11:15)
      at Object.type 
(node_modules/@testing-library/user-event/dist/cjs/utility/type.js:17:5)
      at Object.<anonymous> (src/profile/__tests__/profile.test.tsx:271:5)

    console.error
      Warning: An update to ProfilePage inside a test was not wrapped in 
act(...).
      
      When testing, code that causes React state updates should be wrapped 
into act(...):
      
      act(() => {
        /* fire events that update state */
      });
      /* assert on the output */
      
      This ensures that you're testing the behavior the user would see in the 
browser. Learn more at https://reactjs.org/link/wrap-tests-with-act
          at ProfilePage (C:\Users\samhe\OneDrive\Desktop\Cleaned\frontend\src\
profile\ProfilePage.tsx:17:41)
          at basenameProp (C:\Users\samhe\OneDrive\Desktop\Cleaned\frontend\nod
e_modules\react-router\lib\components.tsx:421:13)
          at basename (C:\Users\samhe\OneDrive\Desktop\Cleaned\frontend\node_mo
dules\react-router\lib\components.tsx:225:3)

      191 |               className="border border-gray-300 rounded-md px-3 
py-2 text-sm"
      192 |               value={confirmPassword}
    > 193 |               onChange={e => setConfirmPassword(e.target.value)}
          |                              ^
      194 |             />
      195 |             {confirmPassword && !passwordsMatch && (
      196 |               <p className="text-sm text-red-600">Passwords do not 
match</p>

      at printWarning 
(node_modules/react-dom/cjs/react-dom.development.js:86:30)
      at error (node_modules/react-dom/cjs/react-dom.development.js:60:7)
      at warnIfUpdatesNotWrappedWithActDEV 
(node_modules/react-dom/cjs/react-dom.development.js:27628:9)
      at scheduleUpdateOnFiber 
(node_modules/react-dom/cjs/react-dom.development.js:25547:5)
      at dispatchSetState 
(node_modules/react-dom/cjs/react-dom.development.js:16708:7)
      at onChange (src/profile/ProfilePage.tsx:193:30)
      at HTMLUnknownElement.callCallback 
(node_modules/react-dom/cjs/react-dom.development.js:4164:14)
      at HTMLUnknownElement.callTheUserObjectsOperation 
(node_modules/jsdom/lib/jsdom/living/generated/EventListener.js:26:30)
      at innerInvokeEventListeners 
(node_modules/jsdom/lib/jsdom/living/events/EventTarget-impl.js:350:25)
      at invokeEventListeners 
(node_modules/jsdom/lib/jsdom/living/events/EventTarget-impl.js:286:3)
      at HTMLUnknownElementImpl._dispatch 
(node_modules/jsdom/lib/jsdom/living/events/EventTarget-impl.js:233:9)
      at HTMLUnknownElementImpl.dispatchEvent 
(node_modules/jsdom/lib/jsdom/living/events/EventTarget-impl.js:104:17)
      at HTMLUnknownElement.dispatchEvent 
(node_modules/jsdom/lib/jsdom/living/generated/EventTarget.js:241:34)
      at Object.invokeGuardedCallbackDev 
(node_modules/react-dom/cjs/react-dom.development.js:4213:16)
      at invokeGuardedCallback 
(node_modules/react-dom/cjs/react-dom.development.js:4277:31)
      at invokeGuardedCallbackAndCatchFirstError 
(node_modules/react-dom/cjs/react-dom.development.js:4291:25)
      at executeDispatch 
(node_modules/react-dom/cjs/react-dom.development.js:9041:3)
      at processDispatchQueueItemsInOrder 
(node_modules/react-dom/cjs/react-dom.development.js:9073:7)
      at processDispatchQueue 
(node_modules/react-dom/cjs/react-dom.development.js:9086:5)
      at dispatchEventsForPlugins 
(node_modules/react-dom/cjs/react-dom.development.js:9097:3)
      at node_modules/react-dom/cjs/react-dom.development.js:9288:12
      at batchedUpdates$1 
(node_modules/react-dom/cjs/react-dom.development.js:26179:12)
      at batchedUpdates 
(node_modules/react-dom/cjs/react-dom.development.js:3991:12)
      at dispatchEventForPluginEventSystem 
(node_modules/react-dom/cjs/react-dom.development.js:9287:3)
      at dispatchEventWithEnableCapturePhaseSelectiveHydrationWithoutDiscreteEv
entReplay (node_modules/react-dom/cjs/react-dom.development.js:6465:5)
      at dispatchEvent 
(node_modules/react-dom/cjs/react-dom.development.js:6457:5)
      at dispatchDiscreteEvent 
(node_modules/react-dom/cjs/react-dom.development.js:6430:5)
      at HTMLDivElement.callTheUserObjectsOperation 
(node_modules/jsdom/lib/jsdom/living/generated/EventListener.js:26:30)
      at innerInvokeEventListeners 
(node_modules/jsdom/lib/jsdom/living/events/EventTarget-impl.js:350:25)
      at invokeEventListeners 
(node_modules/jsdom/lib/jsdom/living/events/EventTarget-impl.js:286:3)
      at HTMLInputElementImpl._dispatch 
(node_modules/jsdom/lib/jsdom/living/events/EventTarget-impl.js:233:9)
      at HTMLInputElementImpl.dispatchEvent 
(node_modules/jsdom/lib/jsdom/living/events/EventTarget-impl.js:104:17)
      at HTMLInputElement.dispatchEvent 
(node_modules/jsdom/lib/jsdom/living/generated/EventTarget.js:241:34)
      at 
node_modules/@testing-library/user-event/dist/cjs/event/dispatchEvent.js:45:43
      at Object.eventWrapper 
(node_modules/@testing-library/dom/dist/config.js:25:23)
      at Object.wrapEvent 
(node_modules/@testing-library/user-event/dist/cjs/event/wrapEvent.js:6:28)
      at Object.dispatchEvent (node_modules/@testing-library/user-event/dist/cj
s/event/dispatchEvent.js:45:22)
      at Object.dispatchUIEvent (node_modules/@testing-library/user-event/dist/
cjs/event/dispatchEvent.js:22:26)
      at commitInput 
(node_modules/@testing-library/user-event/dist/cjs/event/input.js:145:14)
      at editInputElement 
(node_modules/@testing-library/user-event/dist/cjs/event/input.js:115:9)
      at Object.input 
(node_modules/@testing-library/user-event/dist/cjs/event/input.js:37:9)
      at node_modules/@testing-library/user-event/dist/cjs/event/behavior/keypr
ess.js:31:26
      at Object.dispatchEvent (node_modules/@testing-library/user-event/dist/cj
s/event/dispatchEvent.js:41:13)
      at Object.dispatchUIEvent (node_modules/@testing-library/user-event/dist/
cjs/event/dispatchEvent.js:22:26)
      at KeyboardHost.keydown 
(node_modules/@testing-library/user-event/dist/cjs/system/keyboard.js:76:22)
      at keyboardAction 
(node_modules/@testing-library/user-event/dist/cjs/keyboard/index.js:22:35)
      at Object.keyboard 
(node_modules/@testing-library/user-event/dist/cjs/keyboard/index.js:11:15)
      at Object.type 
(node_modules/@testing-library/user-event/dist/cjs/utility/type.js:17:5)
      at Object.<anonymous> (src/profile/__tests__/profile.test.tsx:271:5)

    console.error
      Warning: An update to ProfilePage inside a test was not wrapped in 
act(...).
      
      When testing, code that causes React state updates should be wrapped 
into act(...):
      
      act(() => {
        /* fire events that update state */
      });
      /* assert on the output */
      
      This ensures that you're testing the behavior the user would see in the 
browser. Learn more at https://reactjs.org/link/wrap-tests-with-act
          at ProfilePage (C:\Users\samhe\OneDrive\Desktop\Cleaned\frontend\src\
profile\ProfilePage.tsx:17:41)
          at basenameProp (C:\Users\samhe\OneDrive\Desktop\Cleaned\frontend\nod
e_modules\react-router\lib\components.tsx:421:13)
          at basename (C:\Users\samhe\OneDrive\Desktop\Cleaned\frontend\node_mo
dules\react-router\lib\components.tsx:225:3)

      191 |               className="border border-gray-300 rounded-md px-3 
py-2 text-sm"
      192 |               value={confirmPassword}
    > 193 |               onChange={e => setConfirmPassword(e.target.value)}
          |                              ^
      194 |             />
      195 |             {confirmPassword && !passwordsMatch && (
      196 |               <p className="text-sm text-red-600">Passwords do not 
match</p>

      at printWarning 
(node_modules/react-dom/cjs/react-dom.development.js:86:30)
      at error (node_modules/react-dom/cjs/react-dom.development.js:60:7)
      at warnIfUpdatesNotWrappedWithActDEV 
(node_modules/react-dom/cjs/react-dom.development.js:27628:9)
      at scheduleUpdateOnFiber 
(node_modules/react-dom/cjs/react-dom.development.js:25547:5)
      at dispatchSetState 
(node_modules/react-dom/cjs/react-dom.development.js:16708:7)
      at onChange (src/profile/ProfilePage.tsx:193:30)
      at HTMLUnknownElement.callCallback 
(node_modules/react-dom/cjs/react-dom.development.js:4164:14)
      at HTMLUnknownElement.callTheUserObjectsOperation 
(node_modules/jsdom/lib/jsdom/living/generated/EventListener.js:26:30)
      at innerInvokeEventListeners 
(node_modules/jsdom/lib/jsdom/living/events/EventTarget-impl.js:350:25)
      at invokeEventListeners 
(node_modules/jsdom/lib/jsdom/living/events/EventTarget-impl.js:286:3)
      at HTMLUnknownElementImpl._dispatch 
(node_modules/jsdom/lib/jsdom/living/events/EventTarget-impl.js:233:9)
      at HTMLUnknownElementImpl.dispatchEvent 
(node_modules/jsdom/lib/jsdom/living/events/EventTarget-impl.js:104:17)
      at HTMLUnknownElement.dispatchEvent 
(node_modules/jsdom/lib/jsdom/living/generated/EventTarget.js:241:34)
      at Object.invokeGuardedCallbackDev 
(node_modules/react-dom/cjs/react-dom.development.js:4213:16)
      at invokeGuardedCallback 
(node_modules/react-dom/cjs/react-dom.development.js:4277:31)
      at invokeGuardedCallbackAndCatchFirstError 
(node_modules/react-dom/cjs/react-dom.development.js:4291:25)
      at executeDispatch 
(node_modules/react-dom/cjs/react-dom.development.js:9041:3)
      at processDispatchQueueItemsInOrder 
(node_modules/react-dom/cjs/react-dom.development.js:9073:7)
      at processDispatchQueue 
(node_modules/react-dom/cjs/react-dom.development.js:9086:5)
      at dispatchEventsForPlugins 
(node_modules/react-dom/cjs/react-dom.development.js:9097:3)
      at node_modules/react-dom/cjs/react-dom.development.js:9288:12
      at batchedUpdates$1 
(node_modules/react-dom/cjs/react-dom.development.js:26179:12)
      at batchedUpdates 
(node_modules/react-dom/cjs/react-dom.development.js:3991:12)
      at dispatchEventForPluginEventSystem 
(node_modules/react-dom/cjs/react-dom.development.js:9287:3)
      at dispatchEventWithEnableCapturePhaseSelectiveHydrationWithoutDiscreteEv
entReplay (node_modules/react-dom/cjs/react-dom.development.js:6465:5)
      at dispatchEvent 
(node_modules/react-dom/cjs/react-dom.development.js:6457:5)
      at dispatchDiscreteEvent 
(node_modules/react-dom/cjs/react-dom.development.js:6430:5)
      at HTMLDivElement.callTheUserObjectsOperation 
(node_modules/jsdom/lib/jsdom/living/generated/EventListener.js:26:30)
      at innerInvokeEventListeners 
(node_modules/jsdom/lib/jsdom/living/events/EventTarget-impl.js:350:25)
      at invokeEventListeners 
(node_modules/jsdom/lib/jsdom/living/events/EventTarget-impl.js:286:3)
      at HTMLInputElementImpl._dispatch 
(node_modules/jsdom/lib/jsdom/living/events/EventTarget-impl.js:233:9)
      at HTMLInputElementImpl.dispatchEvent 
(node_modules/jsdom/lib/jsdom/living/events/EventTarget-impl.js:104:17)
      at HTMLInputElement.dispatchEvent 
(node_modules/jsdom/lib/jsdom/living/generated/EventTarget.js:241:34)
      at 
node_modules/@testing-library/user-event/dist/cjs/event/dispatchEvent.js:45:43
      at Object.eventWrapper 
(node_modules/@testing-library/dom/dist/config.js:25:23)
      at Object.wrapEvent 
(node_modules/@testing-library/user-event/dist/cjs/event/wrapEvent.js:6:28)
      at Object.dispatchEvent (node_modules/@testing-library/user-event/dist/cj
s/event/dispatchEvent.js:45:22)
      at Object.dispatchUIEvent (node_modules/@testing-library/user-event/dist/
cjs/event/dispatchEvent.js:22:26)
      at commitInput 
(node_modules/@testing-library/user-event/dist/cjs/event/input.js:145:14)
      at editInputElement 
(node_modules/@testing-library/user-event/dist/cjs/event/input.js:115:9)
      at Object.input 
(node_modules/@testing-library/user-event/dist/cjs/event/input.js:37:9)
      at node_modules/@testing-library/user-event/dist/cjs/event/behavior/keypr
ess.js:31:26
      at Object.dispatchEvent (node_modules/@testing-library/user-event/dist/cj
s/event/dispatchEvent.js:41:13)
      at Object.dispatchUIEvent (node_modules/@testing-library/user-event/dist/
cjs/event/dispatchEvent.js:22:26)
      at KeyboardHost.keydown 
(node_modules/@testing-library/user-event/dist/cjs/system/keyboard.js:76:22)
      at keyboardAction 
(node_modules/@testing-library/user-event/dist/cjs/keyboard/index.js:22:35)
      at Object.keyboard 
(node_modules/@testing-library/user-event/dist/cjs/keyboard/index.js:11:15)
      at Object.type 
(node_modules/@testing-library/user-event/dist/cjs/utility/type.js:17:5)
      at Object.<anonymous> (src/profile/__tests__/profile.test.tsx:271:5)

    console.error
      Warning: An update to ProfilePage inside a test was not wrapped in 
act(...).
      
      When testing, code that causes React state updates should be wrapped 
into act(...):
      
      act(() => {
        /* fire events that update state */
      });
      /* assert on the output */
      
      This ensures that you're testing the behavior the user would see in the 
browser. Learn more at https://reactjs.org/link/wrap-tests-with-act
          at ProfilePage (C:\Users\samhe\OneDrive\Desktop\Cleaned\frontend\src\
profile\ProfilePage.tsx:17:41)
          at basenameProp (C:\Users\samhe\OneDrive\Desktop\Cleaned\frontend\nod
e_modules\react-router\lib\components.tsx:421:13)
          at basename (C:\Users\samhe\OneDrive\Desktop\Cleaned\frontend\node_mo
dules\react-router\lib\components.tsx:225:3)

      191 |               className="border border-gray-300 rounded-md px-3 
py-2 text-sm"
      192 |               value={confirmPassword}
    > 193 |               onChange={e => setConfirmPassword(e.target.value)}
          |                              ^
      194 |             />
      195 |             {confirmPassword && !passwordsMatch && (
      196 |               <p className="text-sm text-red-600">Passwords do not 
match</p>

      at printWarning 
(node_modules/react-dom/cjs/react-dom.development.js:86:30)
      at error (node_modules/react-dom/cjs/react-dom.development.js:60:7)
      at warnIfUpdatesNotWrappedWithActDEV 
(node_modules/react-dom/cjs/react-dom.development.js:27628:9)
      at scheduleUpdateOnFiber 
(node_modules/react-dom/cjs/react-dom.development.js:25547:5)
      at dispatchSetState 
(node_modules/react-dom/cjs/react-dom.development.js:16708:7)
      at onChange (src/profile/ProfilePage.tsx:193:30)
      at HTMLUnknownElement.callCallback 
(node_modules/react-dom/cjs/react-dom.development.js:4164:14)
      at HTMLUnknownElement.callTheUserObjectsOperation 
(node_modules/jsdom/lib/jsdom/living/generated/EventListener.js:26:30)
      at innerInvokeEventListeners 
(node_modules/jsdom/lib/jsdom/living/events/EventTarget-impl.js:350:25)
      at invokeEventListeners 
(node_modules/jsdom/lib/jsdom/living/events/EventTarget-impl.js:286:3)
      at HTMLUnknownElementImpl._dispatch 
(node_modules/jsdom/lib/jsdom/living/events/EventTarget-impl.js:233:9)
      at HTMLUnknownElementImpl.dispatchEvent 
(node_modules/jsdom/lib/jsdom/living/events/EventTarget-impl.js:104:17)
      at HTMLUnknownElement.dispatchEvent 
(node_modules/jsdom/lib/jsdom/living/generated/EventTarget.js:241:34)
      at Object.invokeGuardedCallbackDev 
(node_modules/react-dom/cjs/react-dom.development.js:4213:16)
      at invokeGuardedCallback 
(node_modules/react-dom/cjs/react-dom.development.js:4277:31)
      at invokeGuardedCallbackAndCatchFirstError 
(node_modules/react-dom/cjs/react-dom.development.js:4291:25)
      at executeDispatch 
(node_modules/react-dom/cjs/react-dom.development.js:9041:3)
      at processDispatchQueueItemsInOrder 
(node_modules/react-dom/cjs/react-dom.development.js:9073:7)
      at processDispatchQueue 
(node_modules/react-dom/cjs/react-dom.development.js:9086:5)
      at dispatchEventsForPlugins 
(node_modules/react-dom/cjs/react-dom.development.js:9097:3)
      at node_modules/react-dom/cjs/react-dom.development.js:9288:12
      at batchedUpdates$1 
(node_modules/react-dom/cjs/react-dom.development.js:26179:12)
      at batchedUpdates 
(node_modules/react-dom/cjs/react-dom.development.js:3991:12)
      at dispatchEventForPluginEventSystem 
(node_modules/react-dom/cjs/react-dom.development.js:9287:3)
      at dispatchEventWithEnableCapturePhaseSelectiveHydrationWithoutDiscreteEv
entReplay (node_modules/react-dom/cjs/react-dom.development.js:6465:5)
      at dispatchEvent 
(node_modules/react-dom/cjs/react-dom.development.js:6457:5)
      at dispatchDiscreteEvent 
(node_modules/react-dom/cjs/react-dom.development.js:6430:5)
      at HTMLDivElement.callTheUserObjectsOperation 
(node_modules/jsdom/lib/jsdom/living/generated/EventListener.js:26:30)
      at innerInvokeEventListeners 
(node_modules/jsdom/lib/jsdom/living/events/EventTarget-impl.js:350:25)
      at invokeEventListeners 
(node_modules/jsdom/lib/jsdom/living/events/EventTarget-impl.js:286:3)
      at HTMLInputElementImpl._dispatch 
(node_modules/jsdom/lib/jsdom/living/events/EventTarget-impl.js:233:9)
      at HTMLInputElementImpl.dispatchEvent 
(node_modules/jsdom/lib/jsdom/living/events/EventTarget-impl.js:104:17)
      at HTMLInputElement.dispatchEvent 
(node_modules/jsdom/lib/jsdom/living/generated/EventTarget.js:241:34)
      at 
node_modules/@testing-library/user-event/dist/cjs/event/dispatchEvent.js:45:43
      at Object.eventWrapper 
(node_modules/@testing-library/dom/dist/config.js:25:23)
      at Object.wrapEvent 
(node_modules/@testing-library/user-event/dist/cjs/event/wrapEvent.js:6:28)
      at Object.dispatchEvent (node_modules/@testing-library/user-event/dist/cj
s/event/dispatchEvent.js:45:22)
      at Object.dispatchUIEvent (node_modules/@testing-library/user-event/dist/
cjs/event/dispatchEvent.js:22:26)
      at commitInput 
(node_modules/@testing-library/user-event/dist/cjs/event/input.js:145:14)
      at editInputElement 
(node_modules/@testing-library/user-event/dist/cjs/event/input.js:115:9)
      at Object.input 
(node_modules/@testing-library/user-event/dist/cjs/event/input.js:37:9)
      at node_modules/@testing-library/user-event/dist/cjs/event/behavior/keypr
ess.js:31:26
      at Object.dispatchEvent (node_modules/@testing-library/user-event/dist/cj
s/event/dispatchEvent.js:41:13)
      at Object.dispatchUIEvent (node_modules/@testing-library/user-event/dist/
cjs/event/dispatchEvent.js:22:26)
      at KeyboardHost.keydown 
(node_modules/@testing-library/user-event/dist/cjs/system/keyboard.js:76:22)
      at keyboardAction 
(node_modules/@testing-library/user-event/dist/cjs/keyboard/index.js:22:35)
      at Object.keyboard 
(node_modules/@testing-library/user-event/dist/cjs/keyboard/index.js:11:15)
      at Object.type 
(node_modules/@testing-library/user-event/dist/cjs/utility/type.js:17:5)
      at Object.<anonymous> (src/profile/__tests__/profile.test.tsx:271:5)

    console.error
      Warning: An update to ProfilePage inside a test was not wrapped in 
act(...).
      
      When testing, code that causes React state updates should be wrapped 
into act(...):
      
      act(() => {
        /* fire events that update state */
      });
      /* assert on the output */
      
      This ensures that you're testing the behavior the user would see in the 
browser. Learn more at https://reactjs.org/link/wrap-tests-with-act
          at ProfilePage (C:\Users\samhe\OneDrive\Desktop\Cleaned\frontend\src\
profile\ProfilePage.tsx:17:41)
          at basenameProp (C:\Users\samhe\OneDrive\Desktop\Cleaned\frontend\nod
e_modules\react-router\lib\components.tsx:421:13)
          at basename (C:\Users\samhe\OneDrive\Desktop\Cleaned\frontend\node_mo
dules\react-router\lib\components.tsx:225:3)

      191 |               className="border border-gray-300 rounded-md px-3 
py-2 text-sm"
      192 |               value={confirmPassword}
    > 193 |               onChange={e => setConfirmPassword(e.target.value)}
          |                              ^
      194 |             />
      195 |             {confirmPassword && !passwordsMatch && (
      196 |               <p className="text-sm text-red-600">Passwords do not 
match</p>

      at printWarning 
(node_modules/react-dom/cjs/react-dom.development.js:86:30)
      at error (node_modules/react-dom/cjs/react-dom.development.js:60:7)
      at warnIfUpdatesNotWrappedWithActDEV 
(node_modules/react-dom/cjs/react-dom.development.js:27628:9)
      at scheduleUpdateOnFiber 
(node_modules/react-dom/cjs/react-dom.development.js:25547:5)
      at dispatchSetState 
(node_modules/react-dom/cjs/react-dom.development.js:16708:7)
      at onChange (src/profile/ProfilePage.tsx:193:30)
      at HTMLUnknownElement.callCallback 
(node_modules/react-dom/cjs/react-dom.development.js:4164:14)
      at HTMLUnknownElement.callTheUserObjectsOperation 
(node_modules/jsdom/lib/jsdom/living/generated/EventListener.js:26:30)
      at innerInvokeEventListeners 
(node_modules/jsdom/lib/jsdom/living/events/EventTarget-impl.js:350:25)
      at invokeEventListeners 
(node_modules/jsdom/lib/jsdom/living/events/EventTarget-impl.js:286:3)
      at HTMLUnknownElementImpl._dispatch 
(node_modules/jsdom/lib/jsdom/living/events/EventTarget-impl.js:233:9)
      at HTMLUnknownElementImpl.dispatchEvent 
(node_modules/jsdom/lib/jsdom/living/events/EventTarget-impl.js:104:17)
      at HTMLUnknownElement.dispatchEvent 
(node_modules/jsdom/lib/jsdom/living/generated/EventTarget.js:241:34)
      at Object.invokeGuardedCallbackDev 
(node_modules/react-dom/cjs/react-dom.development.js:4213:16)
      at invokeGuardedCallback 
(node_modules/react-dom/cjs/react-dom.development.js:4277:31)
      at invokeGuardedCallbackAndCatchFirstError 
(node_modules/react-dom/cjs/react-dom.development.js:4291:25)
      at executeDispatch 
(node_modules/react-dom/cjs/react-dom.development.js:9041:3)
      at processDispatchQueueItemsInOrder 
(node_modules/react-dom/cjs/react-dom.development.js:9073:7)
      at processDispatchQueue 
(node_modules/react-dom/cjs/react-dom.development.js:9086:5)
      at dispatchEventsForPlugins 
(node_modules/react-dom/cjs/react-dom.development.js:9097:3)
      at node_modules/react-dom/cjs/react-dom.development.js:9288:12
      at batchedUpdates$1 
(node_modules/react-dom/cjs/react-dom.development.js:26179:12)
      at batchedUpdates 
(node_modules/react-dom/cjs/react-dom.development.js:3991:12)
      at dispatchEventForPluginEventSystem 
(node_modules/react-dom/cjs/react-dom.development.js:9287:3)
      at dispatchEventWithEnableCapturePhaseSelectiveHydrationWithoutDiscreteEv
entReplay (node_modules/react-dom/cjs/react-dom.development.js:6465:5)
      at dispatchEvent 
(node_modules/react-dom/cjs/react-dom.development.js:6457:5)
      at dispatchDiscreteEvent 
(node_modules/react-dom/cjs/react-dom.development.js:6430:5)
      at HTMLDivElement.callTheUserObjectsOperation 
(node_modules/jsdom/lib/jsdom/living/generated/EventListener.js:26:30)
      at innerInvokeEventListeners 
(node_modules/jsdom/lib/jsdom/living/events/EventTarget-impl.js:350:25)
      at invokeEventListeners 
(node_modules/jsdom/lib/jsdom/living/events/EventTarget-impl.js:286:3)
      at HTMLInputElementImpl._dispatch 
(node_modules/jsdom/lib/jsdom/living/events/EventTarget-impl.js:233:9)
      at HTMLInputElementImpl.dispatchEvent 
(node_modules/jsdom/lib/jsdom/living/events/EventTarget-impl.js:104:17)
      at HTMLInputElement.dispatchEvent 
(node_modules/jsdom/lib/jsdom/living/generated/EventTarget.js:241:34)
      at 
node_modules/@testing-library/user-event/dist/cjs/event/dispatchEvent.js:45:43
      at Object.eventWrapper 
(node_modules/@testing-library/dom/dist/config.js:25:23)
      at Object.wrapEvent 
(node_modules/@testing-library/user-event/dist/cjs/event/wrapEvent.js:6:28)
      at Object.dispatchEvent (node_modules/@testing-library/user-event/dist/cj
s/event/dispatchEvent.js:45:22)
      at Object.dispatchUIEvent (node_modules/@testing-library/user-event/dist/
cjs/event/dispatchEvent.js:22:26)
      at commitInput 
(node_modules/@testing-library/user-event/dist/cjs/event/input.js:145:14)
      at editInputElement 
(node_modules/@testing-library/user-event/dist/cjs/event/input.js:115:9)
      at Object.input 
(node_modules/@testing-library/user-event/dist/cjs/event/input.js:37:9)
      at node_modules/@testing-library/user-event/dist/cjs/event/behavior/keypr
ess.js:31:26
      at Object.dispatchEvent (node_modules/@testing-library/user-event/dist/cj
s/event/dispatchEvent.js:41:13)
      at Object.dispatchUIEvent (node_modules/@testing-library/user-event/dist/
cjs/event/dispatchEvent.js:22:26)
      at KeyboardHost.keydown 
(node_modules/@testing-library/user-event/dist/cjs/system/keyboard.js:76:22)
      at keyboardAction 
(node_modules/@testing-library/user-event/dist/cjs/keyboard/index.js:22:35)
      at Object.keyboard 
(node_modules/@testing-library/user-event/dist/cjs/keyboard/index.js:11:15)
      at Object.type 
(node_modules/@testing-library/user-event/dist/cjs/utility/type.js:17:5)
      at Object.<anonymous> (src/profile/__tests__/profile.test.tsx:271:5)

    console.error
      Warning: An update to ProfilePage inside a test was not wrapped in 
act(...).
      
      When testing, code that causes React state updates should be wrapped 
into act(...):
      
      act(() => {
        /* fire events that update state */
      });
      /* assert on the output */
      
      This ensures that you're testing the behavior the user would see in the 
browser. Learn more at https://reactjs.org/link/wrap-tests-with-act
          at ProfilePage (C:\Users\samhe\OneDrive\Desktop\Cleaned\frontend\src\
profile\ProfilePage.tsx:17:41)
          at basenameProp (C:\Users\samhe\OneDrive\Desktop\Cleaned\frontend\nod
e_modules\react-router\lib\components.tsx:421:13)
          at basename (C:\Users\samhe\OneDrive\Desktop\Cleaned\frontend\node_mo
dules\react-router\lib\components.tsx:225:3)

      191 |               className="border border-gray-300 rounded-md px-3 
py-2 text-sm"
      192 |               value={confirmPassword}
    > 193 |               onChange={e => setConfirmPassword(e.target.value)}
          |                              ^
      194 |             />
      195 |             {confirmPassword && !passwordsMatch && (
      196 |               <p className="text-sm text-red-600">Passwords do not 
match</p>

      at printWarning 
(node_modules/react-dom/cjs/react-dom.development.js:86:30)
      at error (node_modules/react-dom/cjs/react-dom.development.js:60:7)
      at warnIfUpdatesNotWrappedWithActDEV 
(node_modules/react-dom/cjs/react-dom.development.js:27628:9)
      at scheduleUpdateOnFiber 
(node_modules/react-dom/cjs/react-dom.development.js:25547:5)
      at dispatchSetState 
(node_modules/react-dom/cjs/react-dom.development.js:16708:7)
      at onChange (src/profile/ProfilePage.tsx:193:30)
      at HTMLUnknownElement.callCallback 
(node_modules/react-dom/cjs/react-dom.development.js:4164:14)
      at HTMLUnknownElement.callTheUserObjectsOperation 
(node_modules/jsdom/lib/jsdom/living/generated/EventListener.js:26:30)
      at innerInvokeEventListeners 
(node_modules/jsdom/lib/jsdom/living/events/EventTarget-impl.js:350:25)
      at invokeEventListeners 
(node_modules/jsdom/lib/jsdom/living/events/EventTarget-impl.js:286:3)
      at HTMLUnknownElementImpl._dispatch 
(node_modules/jsdom/lib/jsdom/living/events/EventTarget-impl.js:233:9)
      at HTMLUnknownElementImpl.dispatchEvent 
(node_modules/jsdom/lib/jsdom/living/events/EventTarget-impl.js:104:17)
      at HTMLUnknownElement.dispatchEvent 
(node_modules/jsdom/lib/jsdom/living/generated/EventTarget.js:241:34)
      at Object.invokeGuardedCallbackDev 
(node_modules/react-dom/cjs/react-dom.development.js:4213:16)
      at invokeGuardedCallback 
(node_modules/react-dom/cjs/react-dom.development.js:4277:31)
      at invokeGuardedCallbackAndCatchFirstError 
(node_modules/react-dom/cjs/react-dom.development.js:4291:25)
      at executeDispatch 
(node_modules/react-dom/cjs/react-dom.development.js:9041:3)
      at processDispatchQueueItemsInOrder 
(node_modules/react-dom/cjs/react-dom.development.js:9073:7)
      at processDispatchQueue 
(node_modules/react-dom/cjs/react-dom.development.js:9086:5)
      at dispatchEventsForPlugins 
(node_modules/react-dom/cjs/react-dom.development.js:9097:3)
      at node_modules/react-dom/cjs/react-dom.development.js:9288:12
      at batchedUpdates$1 
(node_modules/react-dom/cjs/react-dom.development.js:26179:12)
      at batchedUpdates 
(node_modules/react-dom/cjs/react-dom.development.js:3991:12)
      at dispatchEventForPluginEventSystem 
(node_modules/react-dom/cjs/react-dom.development.js:9287:3)
      at dispatchEventWithEnableCapturePhaseSelectiveHydrationWithoutDiscreteEv
entReplay (node_modules/react-dom/cjs/react-dom.development.js:6465:5)
      at dispatchEvent 
(node_modules/react-dom/cjs/react-dom.development.js:6457:5)
      at dispatchDiscreteEvent 
(node_modules/react-dom/cjs/react-dom.development.js:6430:5)
      at HTMLDivElement.callTheUserObjectsOperation 
(node_modules/jsdom/lib/jsdom/living/generated/EventListener.js:26:30)
      at innerInvokeEventListeners 
(node_modules/jsdom/lib/jsdom/living/events/EventTarget-impl.js:350:25)
      at invokeEventListeners 
(node_modules/jsdom/lib/jsdom/living/events/EventTarget-impl.js:286:3)
      at HTMLInputElementImpl._dispatch 
(node_modules/jsdom/lib/jsdom/living/events/EventTarget-impl.js:233:9)
      at HTMLInputElementImpl.dispatchEvent 
(node_modules/jsdom/lib/jsdom/living/events/EventTarget-impl.js:104:17)
      at HTMLInputElement.dispatchEvent 
(node_modules/jsdom/lib/jsdom/living/generated/EventTarget.js:241:34)
      at 
node_modules/@testing-library/user-event/dist/cjs/event/dispatchEvent.js:45:43
      at Object.eventWrapper 
(node_modules/@testing-library/dom/dist/config.js:25:23)
      at Object.wrapEvent 
(node_modules/@testing-library/user-event/dist/cjs/event/wrapEvent.js:6:28)
      at Object.dispatchEvent (node_modules/@testing-library/user-event/dist/cj
s/event/dispatchEvent.js:45:22)
      at Object.dispatchUIEvent (node_modules/@testing-library/user-event/dist/
cjs/event/dispatchEvent.js:22:26)
      at commitInput 
(node_modules/@testing-library/user-event/dist/cjs/event/input.js:145:14)
      at editInputElement 
(node_modules/@testing-library/user-event/dist/cjs/event/input.js:115:9)
      at Object.input 
(node_modules/@testing-library/user-event/dist/cjs/event/input.js:37:9)
      at node_modules/@testing-library/user-event/dist/cjs/event/behavior/keypr
ess.js:31:26
      at Object.dispatchEvent (node_modules/@testing-library/user-event/dist/cj
s/event/dispatchEvent.js:41:13)
      at Object.dispatchUIEvent (node_modules/@testing-library/user-event/dist/
cjs/event/dispatchEvent.js:22:26)
      at KeyboardHost.keydown 
(node_modules/@testing-library/user-event/dist/cjs/system/keyboard.js:76:22)
      at keyboardAction 
(node_modules/@testing-library/user-event/dist/cjs/keyboard/index.js:22:35)
      at Object.keyboard 
(node_modules/@testing-library/user-event/dist/cjs/keyboard/index.js:11:15)
      at Object.type 
(node_modules/@testing-library/user-event/dist/cjs/utility/type.js:17:5)
      at Object.<anonymous> (src/profile/__tests__/profile.test.tsx:271:5)

    console.error
      Warning: An update to ProfilePage inside a test was not wrapped in 
act(...).
      
      When testing, code that causes React state updates should be wrapped 
into act(...):
      
      act(() => {
        /* fire events that update state */
      });
      /* assert on the output */
      
      This ensures that you're testing the behavior the user would see in the 
browser. Learn more at https://reactjs.org/link/wrap-tests-with-act
          at ProfilePage (C:\Users\samhe\OneDrive\Desktop\Cleaned\frontend\src\
profile\ProfilePage.tsx:17:41)
          at basenameProp (C:\Users\samhe\OneDrive\Desktop\Cleaned\frontend\nod
e_modules\react-router\lib\components.tsx:421:13)
          at basename (C:\Users\samhe\OneDrive\Desktop\Cleaned\frontend\node_mo
dules\react-router\lib\components.tsx:225:3)

      191 |               className="border border-gray-300 rounded-md px-3 
py-2 text-sm"
      192 |               value={confirmPassword}
    > 193 |               onChange={e => setConfirmPassword(e.target.value)}
          |                              ^
      194 |             />
      195 |             {confirmPassword && !passwordsMatch && (
      196 |               <p className="text-sm text-red-600">Passwords do not 
match</p>

      at printWarning 
(node_modules/react-dom/cjs/react-dom.development.js:86:30)
      at error (node_modules/react-dom/cjs/react-dom.development.js:60:7)
      at warnIfUpdatesNotWrappedWithActDEV 
(node_modules/react-dom/cjs/react-dom.development.js:27628:9)
      at scheduleUpdateOnFiber 
(node_modules/react-dom/cjs/react-dom.development.js:25547:5)
      at dispatchSetState 
(node_modules/react-dom/cjs/react-dom.development.js:16708:7)
      at onChange (src/profile/ProfilePage.tsx:193:30)
      at HTMLUnknownElement.callCallback 
(node_modules/react-dom/cjs/react-dom.development.js:4164:14)
      at HTMLUnknownElement.callTheUserObjectsOperation 
(node_modules/jsdom/lib/jsdom/living/generated/EventListener.js:26:30)
      at innerInvokeEventListeners 
(node_modules/jsdom/lib/jsdom/living/events/EventTarget-impl.js:350:25)
      at invokeEventListeners 
(node_modules/jsdom/lib/jsdom/living/events/EventTarget-impl.js:286:3)
      at HTMLUnknownElementImpl._dispatch 
(node_modules/jsdom/lib/jsdom/living/events/EventTarget-impl.js:233:9)
      at HTMLUnknownElementImpl.dispatchEvent 
(node_modules/jsdom/lib/jsdom/living/events/EventTarget-impl.js:104:17)
      at HTMLUnknownElement.dispatchEvent 
(node_modules/jsdom/lib/jsdom/living/generated/EventTarget.js:241:34)
      at Object.invokeGuardedCallbackDev 
(node_modules/react-dom/cjs/react-dom.development.js:4213:16)
      at invokeGuardedCallback 
(node_modules/react-dom/cjs/react-dom.development.js:4277:31)
      at invokeGuardedCallbackAndCatchFirstError 
(node_modules/react-dom/cjs/react-dom.development.js:4291:25)
      at executeDispatch 
(node_modules/react-dom/cjs/react-dom.development.js:9041:3)
      at processDispatchQueueItemsInOrder 
(node_modules/react-dom/cjs/react-dom.development.js:9073:7)
      at processDispatchQueue 
(node_modules/react-dom/cjs/react-dom.development.js:9086:5)
      at dispatchEventsForPlugins 
(node_modules/react-dom/cjs/react-dom.development.js:9097:3)
      at node_modules/react-dom/cjs/react-dom.development.js:9288:12
      at batchedUpdates$1 
(node_modules/react-dom/cjs/react-dom.development.js:26179:12)
      at batchedUpdates 
(node_modules/react-dom/cjs/react-dom.development.js:3991:12)
      at dispatchEventForPluginEventSystem 
(node_modules/react-dom/cjs/react-dom.development.js:9287:3)
      at dispatchEventWithEnableCapturePhaseSelectiveHydrationWithoutDiscreteEv
entReplay (node_modules/react-dom/cjs/react-dom.development.js:6465:5)
      at dispatchEvent 
(node_modules/react-dom/cjs/react-dom.development.js:6457:5)
      at dispatchDiscreteEvent 
(node_modules/react-dom/cjs/react-dom.development.js:6430:5)
      at HTMLDivElement.callTheUserObjectsOperation 
(node_modules/jsdom/lib/jsdom/living/generated/EventListener.js:26:30)
      at innerInvokeEventListeners 
(node_modules/jsdom/lib/jsdom/living/events/EventTarget-impl.js:350:25)
      at invokeEventListeners 
(node_modules/jsdom/lib/jsdom/living/events/EventTarget-impl.js:286:3)
      at HTMLInputElementImpl._dispatch 
(node_modules/jsdom/lib/jsdom/living/events/EventTarget-impl.js:233:9)
      at HTMLInputElementImpl.dispatchEvent 
(node_modules/jsdom/lib/jsdom/living/events/EventTarget-impl.js:104:17)
      at HTMLInputElement.dispatchEvent 
(node_modules/jsdom/lib/jsdom/living/generated/EventTarget.js:241:34)
      at 
node_modules/@testing-library/user-event/dist/cjs/event/dispatchEvent.js:45:43
      at Object.eventWrapper 
(node_modules/@testing-library/dom/dist/config.js:25:23)
      at Object.wrapEvent 
(node_modules/@testing-library/user-event/dist/cjs/event/wrapEvent.js:6:28)
      at Object.dispatchEvent (node_modules/@testing-library/user-event/dist/cj
s/event/dispatchEvent.js:45:22)
      at Object.dispatchUIEvent (node_modules/@testing-library/user-event/dist/
cjs/event/dispatchEvent.js:22:26)
      at commitInput 
(node_modules/@testing-library/user-event/dist/cjs/event/input.js:145:14)
      at editInputElement 
(node_modules/@testing-library/user-event/dist/cjs/event/input.js:115:9)
      at Object.input 
(node_modules/@testing-library/user-event/dist/cjs/event/input.js:37:9)
      at node_modules/@testing-library/user-event/dist/cjs/event/behavior/keypr
ess.js:31:26
      at Object.dispatchEvent (node_modules/@testing-library/user-event/dist/cj
s/event/dispatchEvent.js:41:13)
      at Object.dispatchUIEvent (node_modules/@testing-library/user-event/dist/
cjs/event/dispatchEvent.js:22:26)
      at KeyboardHost.keydown 
(node_modules/@testing-library/user-event/dist/cjs/system/keyboard.js:76:22)
      at keyboardAction 
(node_modules/@testing-library/user-event/dist/cjs/keyboard/index.js:22:35)
      at Object.keyboard 
(node_modules/@testing-library/user-event/dist/cjs/keyboard/index.js:11:15)
      at Object.type 
(node_modules/@testing-library/user-event/dist/cjs/utility/type.js:17:5)
      at Object.<anonymous> (src/profile/__tests__/profile.test.tsx:271:5)

    console.error
      Warning: An update to ProfilePage inside a test was not wrapped in 
act(...).
      
      When testing, code that causes React state updates should be wrapped 
into act(...):
      
      act(() => {
        /* fire events that update state */
      });
      /* assert on the output */
      
      This ensures that you're testing the behavior the user would see in the 
browser. Learn more at https://reactjs.org/link/wrap-tests-with-act
          at ProfilePage (C:\Users\samhe\OneDrive\Desktop\Cleaned\frontend\src\
profile\ProfilePage.tsx:17:41)
          at basenameProp (C:\Users\samhe\OneDrive\Desktop\Cleaned\frontend\nod
e_modules\react-router\lib\components.tsx:421:13)
          at basename (C:\Users\samhe\OneDrive\Desktop\Cleaned\frontend\node_mo
dules\react-router\lib\components.tsx:225:3)

      191 |               className="border border-gray-300 rounded-md px-3 
py-2 text-sm"
      192 |               value={confirmPassword}
    > 193 |               onChange={e => setConfirmPassword(e.target.value)}
          |                              ^
      194 |             />
      195 |             {confirmPassword && !passwordsMatch && (
      196 |               <p className="text-sm text-red-600">Passwords do not 
match</p>

      at printWarning 
(node_modules/react-dom/cjs/react-dom.development.js:86:30)
      at error (node_modules/react-dom/cjs/react-dom.development.js:60:7)
      at warnIfUpdatesNotWrappedWithActDEV 
(node_modules/react-dom/cjs/react-dom.development.js:27628:9)
      at scheduleUpdateOnFiber 
(node_modules/react-dom/cjs/react-dom.development.js:25547:5)
      at dispatchSetState 
(node_modules/react-dom/cjs/react-dom.development.js:16708:7)
      at onChange (src/profile/ProfilePage.tsx:193:30)
      at HTMLUnknownElement.callCallback 
(node_modules/react-dom/cjs/react-dom.development.js:4164:14)
      at HTMLUnknownElement.callTheUserObjectsOperation 
(node_modules/jsdom/lib/jsdom/living/generated/EventListener.js:26:30)
      at innerInvokeEventListeners 
(node_modules/jsdom/lib/jsdom/living/events/EventTarget-impl.js:350:25)
      at invokeEventListeners 
(node_modules/jsdom/lib/jsdom/living/events/EventTarget-impl.js:286:3)
      at HTMLUnknownElementImpl._dispatch 
(node_modules/jsdom/lib/jsdom/living/events/EventTarget-impl.js:233:9)
      at HTMLUnknownElementImpl.dispatchEvent 
(node_modules/jsdom/lib/jsdom/living/events/EventTarget-impl.js:104:17)
      at HTMLUnknownElement.dispatchEvent 
(node_modules/jsdom/lib/jsdom/living/generated/EventTarget.js:241:34)
      at Object.invokeGuardedCallbackDev 
(node_modules/react-dom/cjs/react-dom.development.js:4213:16)
      at invokeGuardedCallback 
(node_modules/react-dom/cjs/react-dom.development.js:4277:31)
      at invokeGuardedCallbackAndCatchFirstError 
(node_modules/react-dom/cjs/react-dom.development.js:4291:25)
      at executeDispatch 
(node_modules/react-dom/cjs/react-dom.development.js:9041:3)
      at processDispatchQueueItemsInOrder 
(node_modules/react-dom/cjs/react-dom.development.js:9073:7)
      at processDispatchQueue 
(node_modules/react-dom/cjs/react-dom.development.js:9086:5)
      at dispatchEventsForPlugins 
(node_modules/react-dom/cjs/react-dom.development.js:9097:3)
      at node_modules/react-dom/cjs/react-dom.development.js:9288:12
      at batchedUpdates$1 
(node_modules/react-dom/cjs/react-dom.development.js:26179:12)
      at batchedUpdates 
(node_modules/react-dom/cjs/react-dom.development.js:3991:12)
      at dispatchEventForPluginEventSystem 
(node_modules/react-dom/cjs/react-dom.development.js:9287:3)
      at dispatchEventWithEnableCapturePhaseSelectiveHydrationWithoutDiscreteEv
entReplay (node_modules/react-dom/cjs/react-dom.development.js:6465:5)
      at dispatchEvent 
(node_modules/react-dom/cjs/react-dom.development.js:6457:5)
      at dispatchDiscreteEvent 
(node_modules/react-dom/cjs/react-dom.development.js:6430:5)
      at HTMLDivElement.callTheUserObjectsOperation 
(node_modules/jsdom/lib/jsdom/living/generated/EventListener.js:26:30)
      at innerInvokeEventListeners 
(node_modules/jsdom/lib/jsdom/living/events/EventTarget-impl.js:350:25)
      at invokeEventListeners 
(node_modules/jsdom/lib/jsdom/living/events/EventTarget-impl.js:286:3)
      at HTMLInputElementImpl._dispatch 
(node_modules/jsdom/lib/jsdom/living/events/EventTarget-impl.js:233:9)
      at HTMLInputElementImpl.dispatchEvent 
(node_modules/jsdom/lib/jsdom/living/events/EventTarget-impl.js:104:17)
      at HTMLInputElement.dispatchEvent 
(node_modules/jsdom/lib/jsdom/living/generated/EventTarget.js:241:34)
      at 
node_modules/@testing-library/user-event/dist/cjs/event/dispatchEvent.js:45:43
      at Object.eventWrapper 
(node_modules/@testing-library/dom/dist/config.js:25:23)
      at Object.wrapEvent 
(node_modules/@testing-library/user-event/dist/cjs/event/wrapEvent.js:6:28)
      at Object.dispatchEvent (node_modules/@testing-library/user-event/dist/cj
s/event/dispatchEvent.js:45:22)
      at Object.dispatchUIEvent (node_modules/@testing-library/user-event/dist/
cjs/event/dispatchEvent.js:22:26)
      at commitInput 
(node_modules/@testing-library/user-event/dist/cjs/event/input.js:145:14)
      at editInputElement 
(node_modules/@testing-library/user-event/dist/cjs/event/input.js:115:9)
      at Object.input 
(node_modules/@testing-library/user-event/dist/cjs/event/input.js:37:9)
      at node_modules/@testing-library/user-event/dist/cjs/event/behavior/keypr
ess.js:31:26
      at Object.dispatchEvent (node_modules/@testing-library/user-event/dist/cj
s/event/dispatchEvent.js:41:13)
      at Object.dispatchUIEvent (node_modules/@testing-library/user-event/dist/
cjs/event/dispatchEvent.js:22:26)
      at KeyboardHost.keydown 
(node_modules/@testing-library/user-event/dist/cjs/system/keyboard.js:76:22)
      at keyboardAction 
(node_modules/@testing-library/user-event/dist/cjs/keyboard/index.js:22:35)
      at Object.keyboard 
(node_modules/@testing-library/user-event/dist/cjs/keyboard/index.js:11:15)
      at Object.type 
(node_modules/@testing-library/user-event/dist/cjs/utility/type.js:17:5)
      at Object.<anonymous> (src/profile/__tests__/profile.test.tsx:271:5)

    console.error
      Warning: An update to ProfilePage inside a test was not wrapped in 
act(...).
      
      When testing, code that causes React state updates should be wrapped 
into act(...):
      
      act(() => {
        /* fire events that update state */
      });
      /* assert on the output */
      
      This ensures that you're testing the behavior the user would see in the 
browser. Learn more at https://reactjs.org/link/wrap-tests-with-act
          at ProfilePage (C:\Users\samhe\OneDrive\Desktop\Cleaned\frontend\src\
profile\ProfilePage.tsx:17:41)
          at basenameProp (C:\Users\samhe\OneDrive\Desktop\Cleaned\frontend\nod
e_modules\react-router\lib\components.tsx:421:13)
          at basename (C:\Users\samhe\OneDrive\Desktop\Cleaned\frontend\node_mo
dules\react-router\lib\components.tsx:225:3)

      191 |               className="border border-gray-300 rounded-md px-3 
py-2 text-sm"
      192 |               value={confirmPassword}
    > 193 |               onChange={e => setConfirmPassword(e.target.value)}
          |                              ^
      194 |             />
      195 |             {confirmPassword && !passwordsMatch && (
      196 |               <p className="text-sm text-red-600">Passwords do not 
match</p>

      at printWarning 
(node_modules/react-dom/cjs/react-dom.development.js:86:30)
      at error (node_modules/react-dom/cjs/react-dom.development.js:60:7)
      at warnIfUpdatesNotWrappedWithActDEV 
(node_modules/react-dom/cjs/react-dom.development.js:27628:9)
      at scheduleUpdateOnFiber 
(node_modules/react-dom/cjs/react-dom.development.js:25547:5)
      at dispatchSetState 
(node_modules/react-dom/cjs/react-dom.development.js:16708:7)
      at onChange (src/profile/ProfilePage.tsx:193:30)
      at HTMLUnknownElement.callCallback 
(node_modules/react-dom/cjs/react-dom.development.js:4164:14)
      at HTMLUnknownElement.callTheUserObjectsOperation 
(node_modules/jsdom/lib/jsdom/living/generated/EventListener.js:26:30)
      at innerInvokeEventListeners 
(node_modules/jsdom/lib/jsdom/living/events/EventTarget-impl.js:350:25)
      at invokeEventListeners 
(node_modules/jsdom/lib/jsdom/living/events/EventTarget-impl.js:286:3)
      at HTMLUnknownElementImpl._dispatch 
(node_modules/jsdom/lib/jsdom/living/events/EventTarget-impl.js:233:9)
      at HTMLUnknownElementImpl.dispatchEvent 
(node_modules/jsdom/lib/jsdom/living/events/EventTarget-impl.js:104:17)
      at HTMLUnknownElement.dispatchEvent 
(node_modules/jsdom/lib/jsdom/living/generated/EventTarget.js:241:34)
      at Object.invokeGuardedCallbackDev 
(node_modules/react-dom/cjs/react-dom.development.js:4213:16)
      at invokeGuardedCallback 
(node_modules/react-dom/cjs/react-dom.development.js:4277:31)
      at invokeGuardedCallbackAndCatchFirstError 
(node_modules/react-dom/cjs/react-dom.development.js:4291:25)
      at executeDispatch 
(node_modules/react-dom/cjs/react-dom.development.js:9041:3)
      at processDispatchQueueItemsInOrder 
(node_modules/react-dom/cjs/react-dom.development.js:9073:7)
      at processDispatchQueue 
(node_modules/react-dom/cjs/react-dom.development.js:9086:5)
      at dispatchEventsForPlugins 
(node_modules/react-dom/cjs/react-dom.development.js:9097:3)
      at node_modules/react-dom/cjs/react-dom.development.js:9288:12
      at batchedUpdates$1 
(node_modules/react-dom/cjs/react-dom.development.js:26179:12)
      at batchedUpdates 
(node_modules/react-dom/cjs/react-dom.development.js:3991:12)
      at dispatchEventForPluginEventSystem 
(node_modules/react-dom/cjs/react-dom.development.js:9287:3)
      at dispatchEventWithEnableCapturePhaseSelectiveHydrationWithoutDiscreteEv
entReplay (node_modules/react-dom/cjs/react-dom.development.js:6465:5)
      at dispatchEvent 
(node_modules/react-dom/cjs/react-dom.development.js:6457:5)
      at dispatchDiscreteEvent 
(node_modules/react-dom/cjs/react-dom.development.js:6430:5)
      at HTMLDivElement.callTheUserObjectsOperation 
(node_modules/jsdom/lib/jsdom/living/generated/EventListener.js:26:30)
      at innerInvokeEventListeners 
(node_modules/jsdom/lib/jsdom/living/events/EventTarget-impl.js:350:25)
      at invokeEventListeners 
(node_modules/jsdom/lib/jsdom/living/events/EventTarget-impl.js:286:3)
      at HTMLInputElementImpl._dispatch 
(node_modules/jsdom/lib/jsdom/living/events/EventTarget-impl.js:233:9)
      at HTMLInputElementImpl.dispatchEvent 
(node_modules/jsdom/lib/jsdom/living/events/EventTarget-impl.js:104:17)
      at HTMLInputElement.dispatchEvent 
(node_modules/jsdom/lib/jsdom/living/generated/EventTarget.js:241:34)
      at 
node_modules/@testing-library/user-event/dist/cjs/event/dispatchEvent.js:45:43
      at Object.eventWrapper 
(node_modules/@testing-library/dom/dist/config.js:25:23)
      at Object.wrapEvent 
(node_modules/@testing-library/user-event/dist/cjs/event/wrapEvent.js:6:28)
      at Object.dispatchEvent (node_modules/@testing-library/user-event/dist/cj
s/event/dispatchEvent.js:45:22)
      at Object.dispatchUIEvent (node_modules/@testing-library/user-event/dist/
cjs/event/dispatchEvent.js:22:26)
      at commitInput 
(node_modules/@testing-library/user-event/dist/cjs/event/input.js:145:14)
      at editInputElement 
(node_modules/@testing-library/user-event/dist/cjs/event/input.js:115:9)
      at Object.input 
(node_modules/@testing-library/user-event/dist/cjs/event/input.js:37:9)
      at node_modules/@testing-library/user-event/dist/cjs/event/behavior/keypr
ess.js:31:26
      at Object.dispatchEvent (node_modules/@testing-library/user-event/dist/cj
s/event/dispatchEvent.js:41:13)
      at Object.dispatchUIEvent (node_modules/@testing-library/user-event/dist/
cjs/event/dispatchEvent.js:22:26)
      at KeyboardHost.keydown 
(node_modules/@testing-library/user-event/dist/cjs/system/keyboard.js:76:22)
      at keyboardAction 
(node_modules/@testing-library/user-event/dist/cjs/keyboard/index.js:22:35)
      at Object.keyboard 
(node_modules/@testing-library/user-event/dist/cjs/keyboard/index.js:11:15)
      at Object.type 
(node_modules/@testing-library/user-event/dist/cjs/utility/type.js:17:5)
      at Object.<anonymous> (src/profile/__tests__/profile.test.tsx:271:5)

    console.error
      Warning: An update to ProfilePage inside a test was not wrapped in 
act(...).
      
      When testing, code that causes React state updates should be wrapped 
into act(...):
      
      act(() => {
        /* fire events that update state */
      });
      /* assert on the output */
      
      This ensures that you're testing the behavior the user would see in the 
browser. Learn more at https://reactjs.org/link/wrap-tests-with-act
          at ProfilePage (C:\Users\samhe\OneDrive\Desktop\Cleaned\frontend\src\
profile\ProfilePage.tsx:17:41)
          at basenameProp (C:\Users\samhe\OneDrive\Desktop\Cleaned\frontend\nod
e_modules\react-router\lib\components.tsx:421:13)
          at basename (C:\Users\samhe\OneDrive\Desktop\Cleaned\frontend\node_mo
dules\react-router\lib\components.tsx:225:3)

      191 |               className="border border-gray-300 rounded-md px-3 
py-2 text-sm"
      192 |               value={confirmPassword}
    > 193 |               onChange={e => setConfirmPassword(e.target.value)}
          |                              ^
      194 |             />
      195 |             {confirmPassword && !passwordsMatch && (
      196 |               <p className="text-sm text-red-600">Passwords do not 
match</p>

      at printWarning 
(node_modules/react-dom/cjs/react-dom.development.js:86:30)
      at error (node_modules/react-dom/cjs/react-dom.development.js:60:7)
      at warnIfUpdatesNotWrappedWithActDEV 
(node_modules/react-dom/cjs/react-dom.development.js:27628:9)
      at scheduleUpdateOnFiber 
(node_modules/react-dom/cjs/react-dom.development.js:25547:5)
      at dispatchSetState 
(node_modules/react-dom/cjs/react-dom.development.js:16708:7)
      at onChange (src/profile/ProfilePage.tsx:193:30)
      at HTMLUnknownElement.callCallback 
(node_modules/react-dom/cjs/react-dom.development.js:4164:14)
      at HTMLUnknownElement.callTheUserObjectsOperation 
(node_modules/jsdom/lib/jsdom/living/generated/EventListener.js:26:30)
      at innerInvokeEventListeners 
(node_modules/jsdom/lib/jsdom/living/events/EventTarget-impl.js:350:25)
      at invokeEventListeners 
(node_modules/jsdom/lib/jsdom/living/events/EventTarget-impl.js:286:3)
      at HTMLUnknownElementImpl._dispatch 
(node_modules/jsdom/lib/jsdom/living/events/EventTarget-impl.js:233:9)
      at HTMLUnknownElementImpl.dispatchEvent 
(node_modules/jsdom/lib/jsdom/living/events/EventTarget-impl.js:104:17)
      at HTMLUnknownElement.dispatchEvent 
(node_modules/jsdom/lib/jsdom/living/generated/EventTarget.js:241:34)
      at Object.invokeGuardedCallbackDev 
(node_modules/react-dom/cjs/react-dom.development.js:4213:16)
      at invokeGuardedCallback 
(node_modules/react-dom/cjs/react-dom.development.js:4277:31)
      at invokeGuardedCallbackAndCatchFirstError 
(node_modules/react-dom/cjs/react-dom.development.js:4291:25)
      at executeDispatch 
(node_modules/react-dom/cjs/react-dom.development.js:9041:3)
      at processDispatchQueueItemsInOrder 
(node_modules/react-dom/cjs/react-dom.development.js:9073:7)
      at processDispatchQueue 
(node_modules/react-dom/cjs/react-dom.development.js:9086:5)
      at dispatchEventsForPlugins 
(node_modules/react-dom/cjs/react-dom.development.js:9097:3)
      at node_modules/react-dom/cjs/react-dom.development.js:9288:12
      at batchedUpdates$1 
(node_modules/react-dom/cjs/react-dom.development.js:26179:12)
      at batchedUpdates 
(node_modules/react-dom/cjs/react-dom.development.js:3991:12)
      at dispatchEventForPluginEventSystem 
(node_modules/react-dom/cjs/react-dom.development.js:9287:3)
      at dispatchEventWithEnableCapturePhaseSelectiveHydrationWithoutDiscreteEv
entReplay (node_modules/react-dom/cjs/react-dom.development.js:6465:5)
      at dispatchEvent 
(node_modules/react-dom/cjs/react-dom.development.js:6457:5)
      at dispatchDiscreteEvent 
(node_modules/react-dom/cjs/react-dom.development.js:6430:5)
      at HTMLDivElement.callTheUserObjectsOperation 
(node_modules/jsdom/lib/jsdom/living/generated/EventListener.js:26:30)
      at innerInvokeEventListeners 
(node_modules/jsdom/lib/jsdom/living/events/EventTarget-impl.js:350:25)
      at invokeEventListeners 
(node_modules/jsdom/lib/jsdom/living/events/EventTarget-impl.js:286:3)
      at HTMLInputElementImpl._dispatch 
(node_modules/jsdom/lib/jsdom/living/events/EventTarget-impl.js:233:9)
      at HTMLInputElementImpl.dispatchEvent 
(node_modules/jsdom/lib/jsdom/living/events/EventTarget-impl.js:104:17)
      at HTMLInputElement.dispatchEvent 
(node_modules/jsdom/lib/jsdom/living/generated/EventTarget.js:241:34)
      at 
node_modules/@testing-library/user-event/dist/cjs/event/dispatchEvent.js:45:43
      at Object.eventWrapper 
(node_modules/@testing-library/dom/dist/config.js:25:23)
      at Object.wrapEvent 
(node_modules/@testing-library/user-event/dist/cjs/event/wrapEvent.js:6:28)
      at Object.dispatchEvent (node_modules/@testing-library/user-event/dist/cj
s/event/dispatchEvent.js:45:22)
      at Object.dispatchUIEvent (node_modules/@testing-library/user-event/dist/
cjs/event/dispatchEvent.js:22:26)
      at commitInput 
(node_modules/@testing-library/user-event/dist/cjs/event/input.js:145:14)
      at editInputElement 
(node_modules/@testing-library/user-event/dist/cjs/event/input.js:115:9)
      at Object.input 
(node_modules/@testing-library/user-event/dist/cjs/event/input.js:37:9)
      at node_modules/@testing-library/user-event/dist/cjs/event/behavior/keypr
ess.js:31:26
      at Object.dispatchEvent (node_modules/@testing-library/user-event/dist/cj
s/event/dispatchEvent.js:41:13)
      at Object.dispatchUIEvent (node_modules/@testing-library/user-event/dist/
cjs/event/dispatchEvent.js:22:26)
      at KeyboardHost.keydown 
(node_modules/@testing-library/user-event/dist/cjs/system/keyboard.js:76:22)
      at keyboardAction 
(node_modules/@testing-library/user-event/dist/cjs/keyboard/index.js:22:35)
      at Object.keyboard 
(node_modules/@testing-library/user-event/dist/cjs/keyboard/index.js:11:15)
      at Object.type 
(node_modules/@testing-library/user-event/dist/cjs/utility/type.js:17:5)
      at Object.<anonymous> (src/profile/__tests__/profile.test.tsx:271:5)

    console.error
      Warning: An update to ProfilePage inside a test was not wrapped in 
act(...).
      
      When testing, code that causes React state updates should be wrapped 
into act(...):
      
      act(() => {
        /* fire events that update state */
      });
      /* assert on the output */
      
      This ensures that you're testing the behavior the user would see in the 
browser. Learn more at https://reactjs.org/link/wrap-tests-with-act
          at ProfilePage (C:\Users\samhe\OneDrive\Desktop\Cleaned\frontend\src\
profile\ProfilePage.tsx:17:41)
          at basenameProp (C:\Users\samhe\OneDrive\Desktop\Cleaned\frontend\nod
e_modules\react-router\lib\components.tsx:421:13)
          at basename (C:\Users\samhe\OneDrive\Desktop\Cleaned\frontend\node_mo
dules\react-router\lib\components.tsx:225:3)

      172 |               className="border border-gray-300 rounded-md px-3 
py-2 text-sm"
      173 |               value={newPassword}
    > 174 |               onChange={e => setNewPassword(e.target.value)}
          |                              ^
      175 |             />
      176 |             <p className="text-xs text-gray-500">
      177 |               Minimum 8 characters, at least 1 uppercase letter 
and 1 number.

      at printWarning 
(node_modules/react-dom/cjs/react-dom.development.js:86:30)
      at error (node_modules/react-dom/cjs/react-dom.development.js:60:7)
      at warnIfUpdatesNotWrappedWithActDEV 
(node_modules/react-dom/cjs/react-dom.development.js:27628:9)
      at scheduleUpdateOnFiber 
(node_modules/react-dom/cjs/react-dom.development.js:25547:5)
      at dispatchSetState 
(node_modules/react-dom/cjs/react-dom.development.js:16708:7)
      at onChange (src/profile/ProfilePage.tsx:174:30)
      at HTMLUnknownElement.callCallback 
(node_modules/react-dom/cjs/react-dom.development.js:4164:14)
      at HTMLUnknownElement.callTheUserObjectsOperation 
(node_modules/jsdom/lib/jsdom/living/generated/EventListener.js:26:30)
      at innerInvokeEventListeners 
(node_modules/jsdom/lib/jsdom/living/events/EventTarget-impl.js:350:25)
      at invokeEventListeners 
(node_modules/jsdom/lib/jsdom/living/events/EventTarget-impl.js:286:3)
      at HTMLUnknownElementImpl._dispatch 
(node_modules/jsdom/lib/jsdom/living/events/EventTarget-impl.js:233:9)
      at HTMLUnknownElementImpl.dispatchEvent 
(node_modules/jsdom/lib/jsdom/living/events/EventTarget-impl.js:104:17)
      at HTMLUnknownElement.dispatchEvent 
(node_modules/jsdom/lib/jsdom/living/generated/EventTarget.js:241:34)
      at Object.invokeGuardedCallbackDev 
(node_modules/react-dom/cjs/react-dom.development.js:4213:16)
      at invokeGuardedCallback 
(node_modules/react-dom/cjs/react-dom.development.js:4277:31)
      at invokeGuardedCallbackAndCatchFirstError 
(node_modules/react-dom/cjs/react-dom.development.js:4291:25)
      at executeDispatch 
(node_modules/react-dom/cjs/react-dom.development.js:9041:3)
      at processDispatchQueueItemsInOrder 
(node_modules/react-dom/cjs/react-dom.development.js:9073:7)
      at processDispatchQueue 
(node_modules/react-dom/cjs/react-dom.development.js:9086:5)
      at dispatchEventsForPlugins 
(node_modules/react-dom/cjs/react-dom.development.js:9097:3)
      at node_modules/react-dom/cjs/react-dom.development.js:9288:12
      at batchedUpdates$1 
(node_modules/react-dom/cjs/react-dom.development.js:26179:12)
      at batchedUpdates 
(node_modules/react-dom/cjs/react-dom.development.js:3991:12)
      at dispatchEventForPluginEventSystem 
(node_modules/react-dom/cjs/react-dom.development.js:9287:3)
      at dispatchEventWithEnableCapturePhaseSelectiveHydrationWithoutDiscreteEv
entReplay (node_modules/react-dom/cjs/react-dom.development.js:6465:5)
      at dispatchEvent 
(node_modules/react-dom/cjs/react-dom.development.js:6457:5)
      at dispatchDiscreteEvent 
(node_modules/react-dom/cjs/react-dom.development.js:6430:5)
      at HTMLDivElement.callTheUserObjectsOperation 
(node_modules/jsdom/lib/jsdom/living/generated/EventListener.js:26:30)
      at innerInvokeEventListeners 
(node_modules/jsdom/lib/jsdom/living/events/EventTarget-impl.js:350:25)
      at invokeEventListeners 
(node_modules/jsdom/lib/jsdom/living/events/EventTarget-impl.js:286:3)
      at HTMLInputElementImpl._dispatch 
(node_modules/jsdom/lib/jsdom/living/events/EventTarget-impl.js:233:9)
      at HTMLInputElementImpl.dispatchEvent 
(node_modules/jsdom/lib/jsdom/living/events/EventTarget-impl.js:104:17)
      at HTMLInputElement.dispatchEvent 
(node_modules/jsdom/lib/jsdom/living/generated/EventTarget.js:241:34)
      at 
node_modules/@testing-library/user-event/dist/cjs/event/dispatchEvent.js:45:43
      at Object.eventWrapper 
(node_modules/@testing-library/dom/dist/config.js:25:23)
      at Object.wrapEvent 
(node_modules/@testing-library/user-event/dist/cjs/event/wrapEvent.js:6:28)
      at Object.dispatchEvent (node_modules/@testing-library/user-event/dist/cj
s/event/dispatchEvent.js:45:22)
      at Object.dispatchUIEvent (node_modules/@testing-library/user-event/dist/
cjs/event/dispatchEvent.js:22:26)
      at commitInput 
(node_modules/@testing-library/user-event/dist/cjs/event/input.js:145:14)
      at editInputElement 
(node_modules/@testing-library/user-event/dist/cjs/event/input.js:115:9)
      at Object.input 
(node_modules/@testing-library/user-event/dist/cjs/event/input.js:37:9)
      at node_modules/@testing-library/user-event/dist/cjs/event/behavior/keypr
ess.js:31:26
      at Object.dispatchEvent (node_modules/@testing-library/user-event/dist/cj
s/event/dispatchEvent.js:41:13)
      at Object.dispatchUIEvent (node_modules/@testing-library/user-event/dist/
cjs/event/dispatchEvent.js:22:26)
      at KeyboardHost.keydown 
(node_modules/@testing-library/user-event/dist/cjs/system/keyboard.js:76:22)
      at keyboardAction 
(node_modules/@testing-library/user-event/dist/cjs/keyboard/index.js:22:35)
      at Object.keyboard 
(node_modules/@testing-library/user-event/dist/cjs/keyboard/index.js:11:15)
      at Object.type 
(node_modules/@testing-library/user-event/dist/cjs/utility/type.js:17:5)
      at Object.<anonymous> (src/profile/__tests__/profile.test.tsx:282:5)

    console.error
      Warning: An update to ProfilePage inside a test was not wrapped in 
act(...).
      
      When testing, code that causes React state updates should be wrapped 
into act(...):
      
      act(() => {
        /* fire events that update state */
      });
      /* assert on the output */
      
      This ensures that you're testing the behavior the user would see in the 
browser. Learn more at https://reactjs.org/link/wrap-tests-with-act
          at ProfilePage (C:\Users\samhe\OneDrive\Desktop\Cleaned\frontend\src\
profile\ProfilePage.tsx:17:41)
          at basenameProp (C:\Users\samhe\OneDrive\Desktop\Cleaned\frontend\nod
e_modules\react-router\lib\components.tsx:421:13)
          at basename (C:\Users\samhe\OneDrive\Desktop\Cleaned\frontend\node_mo
dules\react-router\lib\components.tsx:225:3)

      172 |               className="border border-gray-300 rounded-md px-3 
py-2 text-sm"
      173 |               value={newPassword}
    > 174 |               onChange={e => setNewPassword(e.target.value)}
          |                              ^
      175 |             />
      176 |             <p className="text-xs text-gray-500">
      177 |               Minimum 8 characters, at least 1 uppercase letter 
and 1 number.

      at printWarning 
(node_modules/react-dom/cjs/react-dom.development.js:86:30)
      at error (node_modules/react-dom/cjs/react-dom.development.js:60:7)
      at warnIfUpdatesNotWrappedWithActDEV 
(node_modules/react-dom/cjs/react-dom.development.js:27628:9)
      at scheduleUpdateOnFiber 
(node_modules/react-dom/cjs/react-dom.development.js:25547:5)
      at dispatchSetState 
(node_modules/react-dom/cjs/react-dom.development.js:16708:7)
      at onChange (src/profile/ProfilePage.tsx:174:30)
      at HTMLUnknownElement.callCallback 
(node_modules/react-dom/cjs/react-dom.development.js:4164:14)
      at HTMLUnknownElement.callTheUserObjectsOperation 
(node_modules/jsdom/lib/jsdom/living/generated/EventListener.js:26:30)
      at innerInvokeEventListeners 
(node_modules/jsdom/lib/jsdom/living/events/EventTarget-impl.js:350:25)
      at invokeEventListeners 
(node_modules/jsdom/lib/jsdom/living/events/EventTarget-impl.js:286:3)
      at HTMLUnknownElementImpl._dispatch 
(node_modules/jsdom/lib/jsdom/living/events/EventTarget-impl.js:233:9)
      at HTMLUnknownElementImpl.dispatchEvent 
(node_modules/jsdom/lib/jsdom/living/events/EventTarget-impl.js:104:17)
      at HTMLUnknownElement.dispatchEvent 
(node_modules/jsdom/lib/jsdom/living/generated/EventTarget.js:241:34)
      at Object.invokeGuardedCallbackDev 
(node_modules/react-dom/cjs/react-dom.development.js:4213:16)
      at invokeGuardedCallback 
(node_modules/react-dom/cjs/react-dom.development.js:4277:31)
      at invokeGuardedCallbackAndCatchFirstError 
(node_modules/react-dom/cjs/react-dom.development.js:4291:25)
      at executeDispatch 
(node_modules/react-dom/cjs/react-dom.development.js:9041:3)
      at processDispatchQueueItemsInOrder 
(node_modules/react-dom/cjs/react-dom.development.js:9073:7)
      at processDispatchQueue 
(node_modules/react-dom/cjs/react-dom.development.js:9086:5)
      at dispatchEventsForPlugins 
(node_modules/react-dom/cjs/react-dom.development.js:9097:3)
      at node_modules/react-dom/cjs/react-dom.development.js:9288:12
      at batchedUpdates$1 
(node_modules/react-dom/cjs/react-dom.development.js:26179:12)
      at batchedUpdates 
(node_modules/react-dom/cjs/react-dom.development.js:3991:12)
      at dispatchEventForPluginEventSystem 
(node_modules/react-dom/cjs/react-dom.development.js:9287:3)
      at dispatchEventWithEnableCapturePhaseSelectiveHydrationWithoutDiscreteEv
entReplay (node_modules/react-dom/cjs/react-dom.development.js:6465:5)
      at dispatchEvent 
(node_modules/react-dom/cjs/react-dom.development.js:6457:5)
      at dispatchDiscreteEvent 
(node_modules/react-dom/cjs/react-dom.development.js:6430:5)
      at HTMLDivElement.callTheUserObjectsOperation 
(node_modules/jsdom/lib/jsdom/living/generated/EventListener.js:26:30)
      at innerInvokeEventListeners 
(node_modules/jsdom/lib/jsdom/living/events/EventTarget-impl.js:350:25)
      at invokeEventListeners 
(node_modules/jsdom/lib/jsdom/living/events/EventTarget-impl.js:286:3)
      at HTMLInputElementImpl._dispatch 
(node_modules/jsdom/lib/jsdom/living/events/EventTarget-impl.js:233:9)
      at HTMLInputElementImpl.dispatchEvent 
(node_modules/jsdom/lib/jsdom/living/events/EventTarget-impl.js:104:17)
      at HTMLInputElement.dispatchEvent 
(node_modules/jsdom/lib/jsdom/living/generated/EventTarget.js:241:34)
      at 
node_modules/@testing-library/user-event/dist/cjs/event/dispatchEvent.js:45:43
      at Object.eventWrapper 
(node_modules/@testing-library/dom/dist/config.js:25:23)
      at Object.wrapEvent 
(node_modules/@testing-library/user-event/dist/cjs/event/wrapEvent.js:6:28)
      at Object.dispatchEvent (node_modules/@testing-library/user-event/dist/cj
s/event/dispatchEvent.js:45:22)
      at Object.dispatchUIEvent (node_modules/@testing-library/user-event/dist/
cjs/event/dispatchEvent.js:22:26)
      at commitInput 
(node_modules/@testing-library/user-event/dist/cjs/event/input.js:145:14)
      at editInputElement 
(node_modules/@testing-library/user-event/dist/cjs/event/input.js:115:9)
      at Object.input 
(node_modules/@testing-library/user-event/dist/cjs/event/input.js:37:9)
      at node_modules/@testing-library/user-event/dist/cjs/event/behavior/keypr
ess.js:31:26
      at Object.dispatchEvent (node_modules/@testing-library/user-event/dist/cj
s/event/dispatchEvent.js:41:13)
      at Object.dispatchUIEvent (node_modules/@testing-library/user-event/dist/
cjs/event/dispatchEvent.js:22:26)
      at KeyboardHost.keydown 
(node_modules/@testing-library/user-event/dist/cjs/system/keyboard.js:76:22)
      at keyboardAction 
(node_modules/@testing-library/user-event/dist/cjs/keyboard/index.js:22:35)
      at Object.keyboard 
(node_modules/@testing-library/user-event/dist/cjs/keyboard/index.js:11:15)
      at Object.type 
(node_modules/@testing-library/user-event/dist/cjs/utility/type.js:17:5)
      at Object.<anonymous> (src/profile/__tests__/profile.test.tsx:282:5)

    console.error
      Warning: An update to ProfilePage inside a test was not wrapped in 
act(...).
      
      When testing, code that causes React state updates should be wrapped 
into act(...):
      
      act(() => {
        /* fire events that update state */
      });
      /* assert on the output */
      
      This ensures that you're testing the behavior the user would see in the 
browser. Learn more at https://reactjs.org/link/wrap-tests-with-act
          at ProfilePage (C:\Users\samhe\OneDrive\Desktop\Cleaned\frontend\src\
profile\ProfilePage.tsx:17:41)
          at basenameProp (C:\Users\samhe\OneDrive\Desktop\Cleaned\frontend\nod
e_modules\react-router\lib\components.tsx:421:13)
          at basename (C:\Users\samhe\OneDrive\Desktop\Cleaned\frontend\node_mo
dules\react-router\lib\components.tsx:225:3)

      172 |               className="border border-gray-300 rounded-md px-3 
py-2 text-sm"
      173 |               value={newPassword}
    > 174 |               onChange={e => setNewPassword(e.target.value)}
          |                              ^
      175 |             />
      176 |             <p className="text-xs text-gray-500">
      177 |               Minimum 8 characters, at least 1 uppercase letter 
and 1 number.

      at printWarning 
(node_modules/react-dom/cjs/react-dom.development.js:86:30)
      at error (node_modules/react-dom/cjs/react-dom.development.js:60:7)
      at warnIfUpdatesNotWrappedWithActDEV 
(node_modules/react-dom/cjs/react-dom.development.js:27628:9)
      at scheduleUpdateOnFiber 
(node_modules/react-dom/cjs/react-dom.development.js:25547:5)
      at dispatchSetState 
(node_modules/react-dom/cjs/react-dom.development.js:16708:7)
      at onChange (src/profile/ProfilePage.tsx:174:30)
      at HTMLUnknownElement.callCallback 
(node_modules/react-dom/cjs/react-dom.development.js:4164:14)
      at HTMLUnknownElement.callTheUserObjectsOperation 
(node_modules/jsdom/lib/jsdom/living/generated/EventListener.js:26:30)
      at innerInvokeEventListeners 
(node_modules/jsdom/lib/jsdom/living/events/EventTarget-impl.js:350:25)
      at invokeEventListeners 
(node_modules/jsdom/lib/jsdom/living/events/EventTarget-impl.js:286:3)
      at HTMLUnknownElementImpl._dispatch 
(node_modules/jsdom/lib/jsdom/living/events/EventTarget-impl.js:233:9)
      at HTMLUnknownElementImpl.dispatchEvent 
(node_modules/jsdom/lib/jsdom/living/events/EventTarget-impl.js:104:17)
      at HTMLUnknownElement.dispatchEvent 
(node_modules/jsdom/lib/jsdom/living/generated/EventTarget.js:241:34)
      at Object.invokeGuardedCallbackDev 
(node_modules/react-dom/cjs/react-dom.development.js:4213:16)
      at invokeGuardedCallback 
(node_modules/react-dom/cjs/react-dom.development.js:4277:31)
      at invokeGuardedCallbackAndCatchFirstError 
(node_modules/react-dom/cjs/react-dom.development.js:4291:25)
      at executeDispatch 
(node_modules/react-dom/cjs/react-dom.development.js:9041:3)
      at processDispatchQueueItemsInOrder 
(node_modules/react-dom/cjs/react-dom.development.js:9073:7)
      at processDispatchQueue 
(node_modules/react-dom/cjs/react-dom.development.js:9086:5)
      at dispatchEventsForPlugins 
(node_modules/react-dom/cjs/react-dom.development.js:9097:3)
      at node_modules/react-dom/cjs/react-dom.development.js:9288:12
      at batchedUpdates$1 
(node_modules/react-dom/cjs/react-dom.development.js:26179:12)
      at batchedUpdates 
(node_modules/react-dom/cjs/react-dom.development.js:3991:12)
      at dispatchEventForPluginEventSystem 
(node_modules/react-dom/cjs/react-dom.development.js:9287:3)
      at dispatchEventWithEnableCapturePhaseSelectiveHydrationWithoutDiscreteEv
entReplay (node_modules/react-dom/cjs/react-dom.development.js:6465:5)
      at dispatchEvent 
(node_modules/react-dom/cjs/react-dom.development.js:6457:5)
      at dispatchDiscreteEvent 
(node_modules/react-dom/cjs/react-dom.development.js:6430:5)
      at HTMLDivElement.callTheUserObjectsOperation 
(node_modules/jsdom/lib/jsdom/living/generated/EventListener.js:26:30)
      at innerInvokeEventListeners 
(node_modules/jsdom/lib/jsdom/living/events/EventTarget-impl.js:350:25)
      at invokeEventListeners 
(node_modules/jsdom/lib/jsdom/living/events/EventTarget-impl.js:286:3)
      at HTMLInputElementImpl._dispatch 
(node_modules/jsdom/lib/jsdom/living/events/EventTarget-impl.js:233:9)
      at HTMLInputElementImpl.dispatchEvent 
(node_modules/jsdom/lib/jsdom/living/events/EventTarget-impl.js:104:17)
      at HTMLInputElement.dispatchEvent 
(node_modules/jsdom/lib/jsdom/living/generated/EventTarget.js:241:34)
      at 
node_modules/@testing-library/user-event/dist/cjs/event/dispatchEvent.js:45:43
      at Object.eventWrapper 
(node_modules/@testing-library/dom/dist/config.js:25:23)
      at Object.wrapEvent 
(node_modules/@testing-library/user-event/dist/cjs/event/wrapEvent.js:6:28)
      at Object.dispatchEvent (node_modules/@testing-library/user-event/dist/cj
s/event/dispatchEvent.js:45:22)
      at Object.dispatchUIEvent (node_modules/@testing-library/user-event/dist/
cjs/event/dispatchEvent.js:22:26)
      at commitInput 
(node_modules/@testing-library/user-event/dist/cjs/event/input.js:145:14)
      at editInputElement 
(node_modules/@testing-library/user-event/dist/cjs/event/input.js:115:9)
      at Object.input 
(node_modules/@testing-library/user-event/dist/cjs/event/input.js:37:9)
      at node_modules/@testing-library/user-event/dist/cjs/event/behavior/keypr
ess.js:31:26
      at Object.dispatchEvent (node_modules/@testing-library/user-event/dist/cj
s/event/dispatchEvent.js:41:13)
      at Object.dispatchUIEvent (node_modules/@testing-library/user-event/dist/
cjs/event/dispatchEvent.js:22:26)
      at KeyboardHost.keydown 
(node_modules/@testing-library/user-event/dist/cjs/system/keyboard.js:76:22)
      at keyboardAction 
(node_modules/@testing-library/user-event/dist/cjs/keyboard/index.js:22:35)
      at Object.keyboard 
(node_modules/@testing-library/user-event/dist/cjs/keyboard/index.js:11:15)
      at Object.type 
(node_modules/@testing-library/user-event/dist/cjs/utility/type.js:17:5)
      at Object.<anonymous> (src/profile/__tests__/profile.test.tsx:282:5)

    console.error
      Warning: An update to ProfilePage inside a test was not wrapped in 
act(...).
      
      When testing, code that causes React state updates should be wrapped 
into act(...):
      
      act(() => {
        /* fire events that update state */
      });
      /* assert on the output */
      
      This ensures that you're testing the behavior the user would see in the 
browser. Learn more at https://reactjs.org/link/wrap-tests-with-act
          at ProfilePage (C:\Users\samhe\OneDrive\Desktop\Cleaned\frontend\src\
profile\ProfilePage.tsx:17:41)
          at basenameProp (C:\Users\samhe\OneDrive\Desktop\Cleaned\frontend\nod
e_modules\react-router\lib\components.tsx:421:13)
          at basename (C:\Users\samhe\OneDrive\Desktop\Cleaned\frontend\node_mo
dules\react-router\lib\components.tsx:225:3)

      172 |               className="border border-gray-300 rounded-md px-3 
py-2 text-sm"
      173 |               value={newPassword}
    > 174 |               onChange={e => setNewPassword(e.target.value)}
          |                              ^
      175 |             />
      176 |             <p className="text-xs text-gray-500">
      177 |               Minimum 8 characters, at least 1 uppercase letter 
and 1 number.

      at printWarning 
(node_modules/react-dom/cjs/react-dom.development.js:86:30)
      at error (node_modules/react-dom/cjs/react-dom.development.js:60:7)
      at warnIfUpdatesNotWrappedWithActDEV 
(node_modules/react-dom/cjs/react-dom.development.js:27628:9)
      at scheduleUpdateOnFiber 
(node_modules/react-dom/cjs/react-dom.development.js:25547:5)
      at dispatchSetState 
(node_modules/react-dom/cjs/react-dom.development.js:16708:7)
      at onChange (src/profile/ProfilePage.tsx:174:30)
      at HTMLUnknownElement.callCallback 
(node_modules/react-dom/cjs/react-dom.development.js:4164:14)
      at HTMLUnknownElement.callTheUserObjectsOperation 
(node_modules/jsdom/lib/jsdom/living/generated/EventListener.js:26:30)
      at innerInvokeEventListeners 
(node_modules/jsdom/lib/jsdom/living/events/EventTarget-impl.js:350:25)
      at invokeEventListeners 
(node_modules/jsdom/lib/jsdom/living/events/EventTarget-impl.js:286:3)
      at HTMLUnknownElementImpl._dispatch 
(node_modules/jsdom/lib/jsdom/living/events/EventTarget-impl.js:233:9)
      at HTMLUnknownElementImpl.dispatchEvent 
(node_modules/jsdom/lib/jsdom/living/events/EventTarget-impl.js:104:17)
      at HTMLUnknownElement.dispatchEvent 
(node_modules/jsdom/lib/jsdom/living/generated/EventTarget.js:241:34)
      at Object.invokeGuardedCallbackDev 
(node_modules/react-dom/cjs/react-dom.development.js:4213:16)
      at invokeGuardedCallback 
(node_modules/react-dom/cjs/react-dom.development.js:4277:31)
      at invokeGuardedCallbackAndCatchFirstError 
(node_modules/react-dom/cjs/react-dom.development.js:4291:25)
      at executeDispatch 
(node_modules/react-dom/cjs/react-dom.development.js:9041:3)
      at processDispatchQueueItemsInOrder 
(node_modules/react-dom/cjs/react-dom.development.js:9073:7)
      at processDispatchQueue 
(node_modules/react-dom/cjs/react-dom.development.js:9086:5)
      at dispatchEventsForPlugins 
(node_modules/react-dom/cjs/react-dom.development.js:9097:3)
      at node_modules/react-dom/cjs/react-dom.development.js:9288:12
      at batchedUpdates$1 
(node_modules/react-dom/cjs/react-dom.development.js:26179:12)
      at batchedUpdates 
(node_modules/react-dom/cjs/react-dom.development.js:3991:12)
      at dispatchEventForPluginEventSystem 
(node_modules/react-dom/cjs/react-dom.development.js:9287:3)
      at dispatchEventWithEnableCapturePhaseSelectiveHydrationWithoutDiscreteEv
entReplay (node_modules/react-dom/cjs/react-dom.development.js:6465:5)
      at dispatchEvent 
(node_modules/react-dom/cjs/react-dom.development.js:6457:5)
      at dispatchDiscreteEvent 
(node_modules/react-dom/cjs/react-dom.development.js:6430:5)
      at HTMLDivElement.callTheUserObjectsOperation 
(node_modules/jsdom/lib/jsdom/living/generated/EventListener.js:26:30)
      at innerInvokeEventListeners 
(node_modules/jsdom/lib/jsdom/living/events/EventTarget-impl.js:350:25)
      at invokeEventListeners 
(node_modules/jsdom/lib/jsdom/living/events/EventTarget-impl.js:286:3)
      at HTMLInputElementImpl._dispatch 
(node_modules/jsdom/lib/jsdom/living/events/EventTarget-impl.js:233:9)
      at HTMLInputElementImpl.dispatchEvent 
(node_modules/jsdom/lib/jsdom/living/events/EventTarget-impl.js:104:17)
      at HTMLInputElement.dispatchEvent 
(node_modules/jsdom/lib/jsdom/living/generated/EventTarget.js:241:34)
      at 
node_modules/@testing-library/user-event/dist/cjs/event/dispatchEvent.js:45:43
      at Object.eventWrapper 
(node_modules/@testing-library/dom/dist/config.js:25:23)
      at Object.wrapEvent 
(node_modules/@testing-library/user-event/dist/cjs/event/wrapEvent.js:6:28)
      at Object.dispatchEvent (node_modules/@testing-library/user-event/dist/cj
s/event/dispatchEvent.js:45:22)
      at Object.dispatchUIEvent (node_modules/@testing-library/user-event/dist/
cjs/event/dispatchEvent.js:22:26)
      at commitInput 
(node_modules/@testing-library/user-event/dist/cjs/event/input.js:145:14)
      at editInputElement 
(node_modules/@testing-library/user-event/dist/cjs/event/input.js:115:9)
      at Object.input 
(node_modules/@testing-library/user-event/dist/cjs/event/input.js:37:9)
      at node_modules/@testing-library/user-event/dist/cjs/event/behavior/keypr
ess.js:31:26
      at Object.dispatchEvent (node_modules/@testing-library/user-event/dist/cj
s/event/dispatchEvent.js:41:13)
      at Object.dispatchUIEvent (node_modules/@testing-library/user-event/dist/
cjs/event/dispatchEvent.js:22:26)
      at KeyboardHost.keydown 
(node_modules/@testing-library/user-event/dist/cjs/system/keyboard.js:76:22)
      at keyboardAction 
(node_modules/@testing-library/user-event/dist/cjs/keyboard/index.js:22:35)
      at Object.keyboard 
(node_modules/@testing-library/user-event/dist/cjs/keyboard/index.js:11:15)
      at Object.type 
(node_modules/@testing-library/user-event/dist/cjs/utility/type.js:17:5)
      at Object.<anonymous> (src/profile/__tests__/profile.test.tsx:282:5)

    console.error
      Warning: An update to ProfilePage inside a test was not wrapped in 
act(...).
      
      When testing, code that causes React state updates should be wrapped 
into act(...):
      
      act(() => {
        /* fire events that update state */
      });
      /* assert on the output */
      
      This ensures that you're testing the behavior the user would see in the 
browser. Learn more at https://reactjs.org/link/wrap-tests-with-act
          at ProfilePage (C:\Users\samhe\OneDrive\Desktop\Cleaned\frontend\src\
profile\ProfilePage.tsx:17:41)
          at basenameProp (C:\Users\samhe\OneDrive\Desktop\Cleaned\frontend\nod
e_modules\react-router\lib\components.tsx:421:13)
          at basename (C:\Users\samhe\OneDrive\Desktop\Cleaned\frontend\node_mo
dules\react-router\lib\components.tsx:225:3)

      172 |               className="border border-gray-300 rounded-md px-3 
py-2 text-sm"
      173 |               value={newPassword}
    > 174 |               onChange={e => setNewPassword(e.target.value)}
          |                              ^
      175 |             />
      176 |             <p className="text-xs text-gray-500">
      177 |               Minimum 8 characters, at least 1 uppercase letter 
and 1 number.

      at printWarning 
(node_modules/react-dom/cjs/react-dom.development.js:86:30)
      at error (node_modules/react-dom/cjs/react-dom.development.js:60:7)
      at warnIfUpdatesNotWrappedWithActDEV 
(node_modules/react-dom/cjs/react-dom.development.js:27628:9)
      at scheduleUpdateOnFiber 
(node_modules/react-dom/cjs/react-dom.development.js:25547:5)
      at dispatchSetState 
(node_modules/react-dom/cjs/react-dom.development.js:16708:7)
      at onChange (src/profile/ProfilePage.tsx:174:30)
      at HTMLUnknownElement.callCallback 
(node_modules/react-dom/cjs/react-dom.development.js:4164:14)
      at HTMLUnknownElement.callTheUserObjectsOperation 
(node_modules/jsdom/lib/jsdom/living/generated/EventListener.js:26:30)
      at innerInvokeEventListeners 
(node_modules/jsdom/lib/jsdom/living/events/EventTarget-impl.js:350:25)
      at invokeEventListeners 
(node_modules/jsdom/lib/jsdom/living/events/EventTarget-impl.js:286:3)
      at HTMLUnknownElementImpl._dispatch 
(node_modules/jsdom/lib/jsdom/living/events/EventTarget-impl.js:233:9)
      at HTMLUnknownElementImpl.dispatchEvent 
(node_modules/jsdom/lib/jsdom/living/events/EventTarget-impl.js:104:17)
      at HTMLUnknownElement.dispatchEvent 
(node_modules/jsdom/lib/jsdom/living/generated/EventTarget.js:241:34)
      at Object.invokeGuardedCallbackDev 
(node_modules/react-dom/cjs/react-dom.development.js:4213:16)
      at invokeGuardedCallback 
(node_modules/react-dom/cjs/react-dom.development.js:4277:31)
      at invokeGuardedCallbackAndCatchFirstError 
(node_modules/react-dom/cjs/react-dom.development.js:4291:25)
      at executeDispatch 
(node_modules/react-dom/cjs/react-dom.development.js:9041:3)
      at processDispatchQueueItemsInOrder 
(node_modules/react-dom/cjs/react-dom.development.js:9073:7)
      at processDispatchQueue 
(node_modules/react-dom/cjs/react-dom.development.js:9086:5)
      at dispatchEventsForPlugins 
(node_modules/react-dom/cjs/react-dom.development.js:9097:3)
      at node_modules/react-dom/cjs/react-dom.development.js:9288:12
      at batchedUpdates$1 
(node_modules/react-dom/cjs/react-dom.development.js:26179:12)
      at batchedUpdates 
(node_modules/react-dom/cjs/react-dom.development.js:3991:12)
      at dispatchEventForPluginEventSystem 
(node_modules/react-dom/cjs/react-dom.development.js:9287:3)
      at dispatchEventWithEnableCapturePhaseSelectiveHydrationWithoutDiscreteEv
entReplay (node_modules/react-dom/cjs/react-dom.development.js:6465:5)
      at dispatchEvent 
(node_modules/react-dom/cjs/react-dom.development.js:6457:5)
      at dispatchDiscreteEvent 
(node_modules/react-dom/cjs/react-dom.development.js:6430:5)
      at HTMLDivElement.callTheUserObjectsOperation 
(node_modules/jsdom/lib/jsdom/living/generated/EventListener.js:26:30)
      at innerInvokeEventListeners 
(node_modules/jsdom/lib/jsdom/living/events/EventTarget-impl.js:350:25)
      at invokeEventListeners 
(node_modules/jsdom/lib/jsdom/living/events/EventTarget-impl.js:286:3)
      at HTMLInputElementImpl._dispatch 
(node_modules/jsdom/lib/jsdom/living/events/EventTarget-impl.js:233:9)
      at HTMLInputElementImpl.dispatchEvent 
(node_modules/jsdom/lib/jsdom/living/events/EventTarget-impl.js:104:17)
      at HTMLInputElement.dispatchEvent 
(node_modules/jsdom/lib/jsdom/living/generated/EventTarget.js:241:34)
      at 
node_modules/@testing-library/user-event/dist/cjs/event/dispatchEvent.js:45:43
      at Object.eventWrapper 
(node_modules/@testing-library/dom/dist/config.js:25:23)
      at Object.wrapEvent 
(node_modules/@testing-library/user-event/dist/cjs/event/wrapEvent.js:6:28)
      at Object.dispatchEvent (node_modules/@testing-library/user-event/dist/cj
s/event/dispatchEvent.js:45:22)
      at Object.dispatchUIEvent (node_modules/@testing-library/user-event/dist/
cjs/event/dispatchEvent.js:22:26)
      at commitInput 
(node_modules/@testing-library/user-event/dist/cjs/event/input.js:145:14)
      at editInputElement 
(node_modules/@testing-library/user-event/dist/cjs/event/input.js:115:9)
      at Object.input 
(node_modules/@testing-library/user-event/dist/cjs/event/input.js:37:9)
      at node_modules/@testing-library/user-event/dist/cjs/event/behavior/keypr
ess.js:31:26
      at Object.dispatchEvent (node_modules/@testing-library/user-event/dist/cj
s/event/dispatchEvent.js:41:13)
      at Object.dispatchUIEvent (node_modules/@testing-library/user-event/dist/
cjs/event/dispatchEvent.js:22:26)
      at KeyboardHost.keydown 
(node_modules/@testing-library/user-event/dist/cjs/system/keyboard.js:76:22)
      at keyboardAction 
(node_modules/@testing-library/user-event/dist/cjs/keyboard/index.js:22:35)
      at Object.keyboard 
(node_modules/@testing-library/user-event/dist/cjs/keyboard/index.js:11:15)
      at Object.type 
(node_modules/@testing-library/user-event/dist/cjs/utility/type.js:17:5)
      at Object.<anonymous> (src/profile/__tests__/profile.test.tsx:282:5)

    console.error
      Warning: An update to ProfilePage inside a test was not wrapped in 
act(...).
      
      When testing, code that causes React state updates should be wrapped 
into act(...):
      
      act(() => {
        /* fire events that update state */
      });
      /* assert on the output */
      
      This ensures that you're testing the behavior the user would see in the 
browser. Learn more at https://reactjs.org/link/wrap-tests-with-act
          at ProfilePage (C:\Users\samhe\OneDrive\Desktop\Cleaned\frontend\src\
profile\ProfilePage.tsx:17:41)
          at basenameProp (C:\Users\samhe\OneDrive\Desktop\Cleaned\frontend\nod
e_modules\react-router\lib\components.tsx:421:13)
          at basename (C:\Users\samhe\OneDrive\Desktop\Cleaned\frontend\node_mo
dules\react-router\lib\components.tsx:225:3)

      172 |               className="border border-gray-300 rounded-md px-3 
py-2 text-sm"
      173 |               value={newPassword}
    > 174 |               onChange={e => setNewPassword(e.target.value)}
          |                              ^
      175 |             />
      176 |             <p className="text-xs text-gray-500">
      177 |               Minimum 8 characters, at least 1 uppercase letter 
and 1 number.

      at printWarning 
(node_modules/react-dom/cjs/react-dom.development.js:86:30)
      at error (node_modules/react-dom/cjs/react-dom.development.js:60:7)
      at warnIfUpdatesNotWrappedWithActDEV 
(node_modules/react-dom/cjs/react-dom.development.js:27628:9)
      at scheduleUpdateOnFiber 
(node_modules/react-dom/cjs/react-dom.development.js:25547:5)
      at dispatchSetState 
(node_modules/react-dom/cjs/react-dom.development.js:16708:7)
      at onChange (src/profile/ProfilePage.tsx:174:30)
      at HTMLUnknownElement.callCallback 
(node_modules/react-dom/cjs/react-dom.development.js:4164:14)
      at HTMLUnknownElement.callTheUserObjectsOperation 
(node_modules/jsdom/lib/jsdom/living/generated/EventListener.js:26:30)
      at innerInvokeEventListeners 
(node_modules/jsdom/lib/jsdom/living/events/EventTarget-impl.js:350:25)
      at invokeEventListeners 
(node_modules/jsdom/lib/jsdom/living/events/EventTarget-impl.js:286:3)
      at HTMLUnknownElementImpl._dispatch 
(node_modules/jsdom/lib/jsdom/living/events/EventTarget-impl.js:233:9)
      at HTMLUnknownElementImpl.dispatchEvent 
(node_modules/jsdom/lib/jsdom/living/events/EventTarget-impl.js:104:17)
      at HTMLUnknownElement.dispatchEvent 
(node_modules/jsdom/lib/jsdom/living/generated/EventTarget.js:241:34)
      at Object.invokeGuardedCallbackDev 
(node_modules/react-dom/cjs/react-dom.development.js:4213:16)
      at invokeGuardedCallback 
(node_modules/react-dom/cjs/react-dom.development.js:4277:31)
      at invokeGuardedCallbackAndCatchFirstError 
(node_modules/react-dom/cjs/react-dom.development.js:4291:25)
      at executeDispatch 
(node_modules/react-dom/cjs/react-dom.development.js:9041:3)
      at processDispatchQueueItemsInOrder 
(node_modules/react-dom/cjs/react-dom.development.js:9073:7)
      at processDispatchQueue 
(node_modules/react-dom/cjs/react-dom.development.js:9086:5)
      at dispatchEventsForPlugins 
(node_modules/react-dom/cjs/react-dom.development.js:9097:3)
      at node_modules/react-dom/cjs/react-dom.development.js:9288:12
      at batchedUpdates$1 
(node_modules/react-dom/cjs/react-dom.development.js:26179:12)
      at batchedUpdates 
(node_modules/react-dom/cjs/react-dom.development.js:3991:12)
      at dispatchEventForPluginEventSystem 
(node_modules/react-dom/cjs/react-dom.development.js:9287:3)
      at dispatchEventWithEnableCapturePhaseSelectiveHydrationWithoutDiscreteEv
entReplay (node_modules/react-dom/cjs/react-dom.development.js:6465:5)
      at dispatchEvent 
(node_modules/react-dom/cjs/react-dom.development.js:6457:5)
      at dispatchDiscreteEvent 
(node_modules/react-dom/cjs/react-dom.development.js:6430:5)
      at HTMLDivElement.callTheUserObjectsOperation 
(node_modules/jsdom/lib/jsdom/living/generated/EventListener.js:26:30)
      at innerInvokeEventListeners 
(node_modules/jsdom/lib/jsdom/living/events/EventTarget-impl.js:350:25)
      at invokeEventListeners 
(node_modules/jsdom/lib/jsdom/living/events/EventTarget-impl.js:286:3)
      at HTMLInputElementImpl._dispatch 
(node_modules/jsdom/lib/jsdom/living/events/EventTarget-impl.js:233:9)
      at HTMLInputElementImpl.dispatchEvent 
(node_modules/jsdom/lib/jsdom/living/events/EventTarget-impl.js:104:17)
      at HTMLInputElement.dispatchEvent 
(node_modules/jsdom/lib/jsdom/living/generated/EventTarget.js:241:34)
      at 
node_modules/@testing-library/user-event/dist/cjs/event/dispatchEvent.js:45:43
      at Object.eventWrapper 
(node_modules/@testing-library/dom/dist/config.js:25:23)
      at Object.wrapEvent 
(node_modules/@testing-library/user-event/dist/cjs/event/wrapEvent.js:6:28)
      at Object.dispatchEvent (node_modules/@testing-library/user-event/dist/cj
s/event/dispatchEvent.js:45:22)
      at Object.dispatchUIEvent (node_modules/@testing-library/user-event/dist/
cjs/event/dispatchEvent.js:22:26)
      at commitInput 
(node_modules/@testing-library/user-event/dist/cjs/event/input.js:145:14)
      at editInputElement 
(node_modules/@testing-library/user-event/dist/cjs/event/input.js:115:9)
      at Object.input 
(node_modules/@testing-library/user-event/dist/cjs/event/input.js:37:9)
      at node_modules/@testing-library/user-event/dist/cjs/event/behavior/keypr
ess.js:31:26
      at Object.dispatchEvent (node_modules/@testing-library/user-event/dist/cj
s/event/dispatchEvent.js:41:13)
      at Object.dispatchUIEvent (node_modules/@testing-library/user-event/dist/
cjs/event/dispatchEvent.js:22:26)
      at KeyboardHost.keydown 
(node_modules/@testing-library/user-event/dist/cjs/system/keyboard.js:76:22)
      at keyboardAction 
(node_modules/@testing-library/user-event/dist/cjs/keyboard/index.js:22:35)
      at Object.keyboard 
(node_modules/@testing-library/user-event/dist/cjs/keyboard/index.js:11:15)
      at Object.type 
(node_modules/@testing-library/user-event/dist/cjs/utility/type.js:17:5)
      at Object.<anonymous> (src/profile/__tests__/profile.test.tsx:282:5)

    console.error
      Warning: An update to ProfilePage inside a test was not wrapped in 
act(...).
      
      When testing, code that causes React state updates should be wrapped 
into act(...):
      
      act(() => {
        /* fire events that update state */
      });
      /* assert on the output */
      
      This ensures that you're testing the behavior the user would see in the 
browser. Learn more at https://reactjs.org/link/wrap-tests-with-act
          at ProfilePage (C:\Users\samhe\OneDrive\Desktop\Cleaned\frontend\src\
profile\ProfilePage.tsx:17:41)
          at basenameProp (C:\Users\samhe\OneDrive\Desktop\Cleaned\frontend\nod
e_modules\react-router\lib\components.tsx:421:13)
          at basename (C:\Users\samhe\OneDrive\Desktop\Cleaned\frontend\node_mo
dules\react-router\lib\components.tsx:225:3)

      172 |               className="border border-gray-300 rounded-md px-3 
py-2 text-sm"
      173 |               value={newPassword}
    > 174 |               onChange={e => setNewPassword(e.target.value)}
          |                              ^
      175 |             />
      176 |             <p className="text-xs text-gray-500">
      177 |               Minimum 8 characters, at least 1 uppercase letter 
and 1 number.

      at printWarning 
(node_modules/react-dom/cjs/react-dom.development.js:86:30)
      at error (node_modules/react-dom/cjs/react-dom.development.js:60:7)
      at warnIfUpdatesNotWrappedWithActDEV 
(node_modules/react-dom/cjs/react-dom.development.js:27628:9)
      at scheduleUpdateOnFiber 
(node_modules/react-dom/cjs/react-dom.development.js:25547:5)
      at dispatchSetState 
(node_modules/react-dom/cjs/react-dom.development.js:16708:7)
      at onChange (src/profile/ProfilePage.tsx:174:30)
      at HTMLUnknownElement.callCallback 
(node_modules/react-dom/cjs/react-dom.development.js:4164:14)
      at HTMLUnknownElement.callTheUserObjectsOperation 
(node_modules/jsdom/lib/jsdom/living/generated/EventListener.js:26:30)
      at innerInvokeEventListeners 
(node_modules/jsdom/lib/jsdom/living/events/EventTarget-impl.js:350:25)
      at invokeEventListeners 
(node_modules/jsdom/lib/jsdom/living/events/EventTarget-impl.js:286:3)
      at HTMLUnknownElementImpl._dispatch 
(node_modules/jsdom/lib/jsdom/living/events/EventTarget-impl.js:233:9)
      at HTMLUnknownElementImpl.dispatchEvent 
(node_modules/jsdom/lib/jsdom/living/events/EventTarget-impl.js:104:17)
      at HTMLUnknownElement.dispatchEvent 
(node_modules/jsdom/lib/jsdom/living/generated/EventTarget.js:241:34)
      at Object.invokeGuardedCallbackDev 
(node_modules/react-dom/cjs/react-dom.development.js:4213:16)
      at invokeGuardedCallback 
(node_modules/react-dom/cjs/react-dom.development.js:4277:31)
      at invokeGuardedCallbackAndCatchFirstError 
(node_modules/react-dom/cjs/react-dom.development.js:4291:25)
      at executeDispatch 
(node_modules/react-dom/cjs/react-dom.development.js:9041:3)
      at processDispatchQueueItemsInOrder 
(node_modules/react-dom/cjs/react-dom.development.js:9073:7)
      at processDispatchQueue 
(node_modules/react-dom/cjs/react-dom.development.js:9086:5)
      at dispatchEventsForPlugins 
(node_modules/react-dom/cjs/react-dom.development.js:9097:3)
      at node_modules/react-dom/cjs/react-dom.development.js:9288:12
      at batchedUpdates$1 
(node_modules/react-dom/cjs/react-dom.development.js:26179:12)
      at batchedUpdates 
(node_modules/react-dom/cjs/react-dom.development.js:3991:12)
      at dispatchEventForPluginEventSystem 
(node_modules/react-dom/cjs/react-dom.development.js:9287:3)
      at dispatchEventWithEnableCapturePhaseSelectiveHydrationWithoutDiscreteEv
entReplay (node_modules/react-dom/cjs/react-dom.development.js:6465:5)
      at dispatchEvent 
(node_modules/react-dom/cjs/react-dom.development.js:6457:5)
      at dispatchDiscreteEvent 
(node_modules/react-dom/cjs/react-dom.development.js:6430:5)
      at HTMLDivElement.callTheUserObjectsOperation 
(node_modules/jsdom/lib/jsdom/living/generated/EventListener.js:26:30)
      at innerInvokeEventListeners 
(node_modules/jsdom/lib/jsdom/living/events/EventTarget-impl.js:350:25)
      at invokeEventListeners 
(node_modules/jsdom/lib/jsdom/living/events/EventTarget-impl.js:286:3)
      at HTMLInputElementImpl._dispatch 
(node_modules/jsdom/lib/jsdom/living/events/EventTarget-impl.js:233:9)
      at HTMLInputElementImpl.dispatchEvent 
(node_modules/jsdom/lib/jsdom/living/events/EventTarget-impl.js:104:17)
      at HTMLInputElement.dispatchEvent 
(node_modules/jsdom/lib/jsdom/living/generated/EventTarget.js:241:34)
      at 
node_modules/@testing-library/user-event/dist/cjs/event/dispatchEvent.js:45:43
      at Object.eventWrapper 
(node_modules/@testing-library/dom/dist/config.js:25:23)
      at Object.wrapEvent 
(node_modules/@testing-library/user-event/dist/cjs/event/wrapEvent.js:6:28)
      at Object.dispatchEvent (node_modules/@testing-library/user-event/dist/cj
s/event/dispatchEvent.js:45:22)
      at Object.dispatchUIEvent (node_modules/@testing-library/user-event/dist/
cjs/event/dispatchEvent.js:22:26)
      at commitInput 
(node_modules/@testing-library/user-event/dist/cjs/event/input.js:145:14)
      at editInputElement 
(node_modules/@testing-library/user-event/dist/cjs/event/input.js:115:9)
      at Object.input 
(node_modules/@testing-library/user-event/dist/cjs/event/input.js:37:9)
      at node_modules/@testing-library/user-event/dist/cjs/event/behavior/keypr
ess.js:31:26
      at Object.dispatchEvent (node_modules/@testing-library/user-event/dist/cj
s/event/dispatchEvent.js:41:13)
      at Object.dispatchUIEvent (node_modules/@testing-library/user-event/dist/
cjs/event/dispatchEvent.js:22:26)
      at KeyboardHost.keydown 
(node_modules/@testing-library/user-event/dist/cjs/system/keyboard.js:76:22)
      at keyboardAction 
(node_modules/@testing-library/user-event/dist/cjs/keyboard/index.js:22:35)
      at Object.keyboard 
(node_modules/@testing-library/user-event/dist/cjs/keyboard/index.js:11:15)
      at Object.type 
(node_modules/@testing-library/user-event/dist/cjs/utility/type.js:17:5)
      at Object.<anonymous> (src/profile/__tests__/profile.test.tsx:282:5)

    console.error
      Warning: An update to ProfilePage inside a test was not wrapped in 
act(...).
      
      When testing, code that causes React state updates should be wrapped 
into act(...):
      
      act(() => {
        /* fire events that update state */
      });
      /* assert on the output */
      
      This ensures that you're testing the behavior the user would see in the 
browser. Learn more at https://reactjs.org/link/wrap-tests-with-act
          at ProfilePage (C:\Users\samhe\OneDrive\Desktop\Cleaned\frontend\src\
profile\ProfilePage.tsx:17:41)
          at basenameProp (C:\Users\samhe\OneDrive\Desktop\Cleaned\frontend\nod
e_modules\react-router\lib\components.tsx:421:13)
          at basename (C:\Users\samhe\OneDrive\Desktop\Cleaned\frontend\node_mo
dules\react-router\lib\components.tsx:225:3)

      172 |               className="border border-gray-300 rounded-md px-3 
py-2 text-sm"
      173 |               value={newPassword}
    > 174 |               onChange={e => setNewPassword(e.target.value)}
          |                              ^
      175 |             />
      176 |             <p className="text-xs text-gray-500">
      177 |               Minimum 8 characters, at least 1 uppercase letter 
and 1 number.

      at printWarning 
(node_modules/react-dom/cjs/react-dom.development.js:86:30)
      at error (node_modules/react-dom/cjs/react-dom.development.js:60:7)
      at warnIfUpdatesNotWrappedWithActDEV 
(node_modules/react-dom/cjs/react-dom.development.js:27628:9)
      at scheduleUpdateOnFiber 
(node_modules/react-dom/cjs/react-dom.development.js:25547:5)
      at dispatchSetState 
(node_modules/react-dom/cjs/react-dom.development.js:16708:7)
      at onChange (src/profile/ProfilePage.tsx:174:30)
      at HTMLUnknownElement.callCallback 
(node_modules/react-dom/cjs/react-dom.development.js:4164:14)
      at HTMLUnknownElement.callTheUserObjectsOperation 
(node_modules/jsdom/lib/jsdom/living/generated/EventListener.js:26:30)
      at innerInvokeEventListeners 
(node_modules/jsdom/lib/jsdom/living/events/EventTarget-impl.js:350:25)
      at invokeEventListeners 
(node_modules/jsdom/lib/jsdom/living/events/EventTarget-impl.js:286:3)
      at HTMLUnknownElementImpl._dispatch 
(node_modules/jsdom/lib/jsdom/living/events/EventTarget-impl.js:233:9)
      at HTMLUnknownElementImpl.dispatchEvent 
(node_modules/jsdom/lib/jsdom/living/events/EventTarget-impl.js:104:17)
      at HTMLUnknownElement.dispatchEvent 
(node_modules/jsdom/lib/jsdom/living/generated/EventTarget.js:241:34)
      at Object.invokeGuardedCallbackDev 
(node_modules/react-dom/cjs/react-dom.development.js:4213:16)
      at invokeGuardedCallback 
(node_modules/react-dom/cjs/react-dom.development.js:4277:31)
      at invokeGuardedCallbackAndCatchFirstError 
(node_modules/react-dom/cjs/react-dom.development.js:4291:25)
      at executeDispatch 
(node_modules/react-dom/cjs/react-dom.development.js:9041:3)
      at processDispatchQueueItemsInOrder 
(node_modules/react-dom/cjs/react-dom.development.js:9073:7)
      at processDispatchQueue 
(node_modules/react-dom/cjs/react-dom.development.js:9086:5)
      at dispatchEventsForPlugins 
(node_modules/react-dom/cjs/react-dom.development.js:9097:3)
      at node_modules/react-dom/cjs/react-dom.development.js:9288:12
      at batchedUpdates$1 
(node_modules/react-dom/cjs/react-dom.development.js:26179:12)
      at batchedUpdates 
(node_modules/react-dom/cjs/react-dom.development.js:3991:12)
      at dispatchEventForPluginEventSystem 
(node_modules/react-dom/cjs/react-dom.development.js:9287:3)
      at dispatchEventWithEnableCapturePhaseSelectiveHydrationWithoutDiscreteEv
entReplay (node_modules/react-dom/cjs/react-dom.development.js:6465:5)
      at dispatchEvent 
(node_modules/react-dom/cjs/react-dom.development.js:6457:5)
      at dispatchDiscreteEvent 
(node_modules/react-dom/cjs/react-dom.development.js:6430:5)
      at HTMLDivElement.callTheUserObjectsOperation 
(node_modules/jsdom/lib/jsdom/living/generated/EventListener.js:26:30)
      at innerInvokeEventListeners 
(node_modules/jsdom/lib/jsdom/living/events/EventTarget-impl.js:350:25)
      at invokeEventListeners 
(node_modules/jsdom/lib/jsdom/living/events/EventTarget-impl.js:286:3)
      at HTMLInputElementImpl._dispatch 
(node_modules/jsdom/lib/jsdom/living/events/EventTarget-impl.js:233:9)
      at HTMLInputElementImpl.dispatchEvent 
(node_modules/jsdom/lib/jsdom/living/events/EventTarget-impl.js:104:17)
      at HTMLInputElement.dispatchEvent 
(node_modules/jsdom/lib/jsdom/living/generated/EventTarget.js:241:34)
      at 
node_modules/@testing-library/user-event/dist/cjs/event/dispatchEvent.js:45:43
      at Object.eventWrapper 
(node_modules/@testing-library/dom/dist/config.js:25:23)
      at Object.wrapEvent 
(node_modules/@testing-library/user-event/dist/cjs/event/wrapEvent.js:6:28)
      at Object.dispatchEvent (node_modules/@testing-library/user-event/dist/cj
s/event/dispatchEvent.js:45:22)
      at Object.dispatchUIEvent (node_modules/@testing-library/user-event/dist/
cjs/event/dispatchEvent.js:22:26)
      at commitInput 
(node_modules/@testing-library/user-event/dist/cjs/event/input.js:145:14)
      at editInputElement 
(node_modules/@testing-library/user-event/dist/cjs/event/input.js:115:9)
      at Object.input 
(node_modules/@testing-library/user-event/dist/cjs/event/input.js:37:9)
      at node_modules/@testing-library/user-event/dist/cjs/event/behavior/keypr
ess.js:31:26
      at Object.dispatchEvent (node_modules/@testing-library/user-event/dist/cj
s/event/dispatchEvent.js:41:13)
      at Object.dispatchUIEvent (node_modules/@testing-library/user-event/dist/
cjs/event/dispatchEvent.js:22:26)
      at KeyboardHost.keydown 
(node_modules/@testing-library/user-event/dist/cjs/system/keyboard.js:76:22)
      at keyboardAction 
(node_modules/@testing-library/user-event/dist/cjs/keyboard/index.js:22:35)
      at Object.keyboard 
(node_modules/@testing-library/user-event/dist/cjs/keyboard/index.js:11:15)
      at Object.type 
(node_modules/@testing-library/user-event/dist/cjs/utility/type.js:17:5)
      at Object.<anonymous> (src/profile/__tests__/profile.test.tsx:282:5)

    console.error
      Warning: An update to ProfilePage inside a test was not wrapped in 
act(...).
      
      When testing, code that causes React state updates should be wrapped 
into act(...):
      
      act(() => {
        /* fire events that update state */
      });
      /* assert on the output */
      
      This ensures that you're testing the behavior the user would see in the 
browser. Learn more at https://reactjs.org/link/wrap-tests-with-act
          at ProfilePage (C:\Users\samhe\OneDrive\Desktop\Cleaned\frontend\src\
profile\ProfilePage.tsx:17:41)
          at basenameProp (C:\Users\samhe\OneDrive\Desktop\Cleaned\frontend\nod
e_modules\react-router\lib\components.tsx:421:13)
          at basename (C:\Users\samhe\OneDrive\Desktop\Cleaned\frontend\node_mo
dules\react-router\lib\components.tsx:225:3)

      172 |               className="border border-gray-300 rounded-md px-3 
py-2 text-sm"
      173 |               value={newPassword}
    > 174 |               onChange={e => setNewPassword(e.target.value)}
          |                              ^
      175 |             />
      176 |             <p className="text-xs text-gray-500">
      177 |               Minimum 8 characters, at least 1 uppercase letter 
and 1 number.

      at printWarning 
(node_modules/react-dom/cjs/react-dom.development.js:86:30)
      at error (node_modules/react-dom/cjs/react-dom.development.js:60:7)
      at warnIfUpdatesNotWrappedWithActDEV 
(node_modules/react-dom/cjs/react-dom.development.js:27628:9)
      at scheduleUpdateOnFiber 
(node_modules/react-dom/cjs/react-dom.development.js:25547:5)
      at dispatchSetState 
(node_modules/react-dom/cjs/react-dom.development.js:16708:7)
      at onChange (src/profile/ProfilePage.tsx:174:30)
      at HTMLUnknownElement.callCallback 
(node_modules/react-dom/cjs/react-dom.development.js:4164:14)
      at HTMLUnknownElement.callTheUserObjectsOperation 
(node_modules/jsdom/lib/jsdom/living/generated/EventListener.js:26:30)
      at innerInvokeEventListeners 
(node_modules/jsdom/lib/jsdom/living/events/EventTarget-impl.js:350:25)
      at invokeEventListeners 
(node_modules/jsdom/lib/jsdom/living/events/EventTarget-impl.js:286:3)
      at HTMLUnknownElementImpl._dispatch 
(node_modules/jsdom/lib/jsdom/living/events/EventTarget-impl.js:233:9)
      at HTMLUnknownElementImpl.dispatchEvent 
(node_modules/jsdom/lib/jsdom/living/events/EventTarget-impl.js:104:17)
      at HTMLUnknownElement.dispatchEvent 
(node_modules/jsdom/lib/jsdom/living/generated/EventTarget.js:241:34)
      at Object.invokeGuardedCallbackDev 
(node_modules/react-dom/cjs/react-dom.development.js:4213:16)
      at invokeGuardedCallback 
(node_modules/react-dom/cjs/react-dom.development.js:4277:31)
      at invokeGuardedCallbackAndCatchFirstError 
(node_modules/react-dom/cjs/react-dom.development.js:4291:25)
      at executeDispatch 
(node_modules/react-dom/cjs/react-dom.development.js:9041:3)
      at processDispatchQueueItemsInOrder 
(node_modules/react-dom/cjs/react-dom.development.js:9073:7)
      at processDispatchQueue 
(node_modules/react-dom/cjs/react-dom.development.js:9086:5)
      at dispatchEventsForPlugins 
(node_modules/react-dom/cjs/react-dom.development.js:9097:3)
      at node_modules/react-dom/cjs/react-dom.development.js:9288:12
      at batchedUpdates$1 
(node_modules/react-dom/cjs/react-dom.development.js:26179:12)
      at batchedUpdates 
(node_modules/react-dom/cjs/react-dom.development.js:3991:12)
      at dispatchEventForPluginEventSystem 
(node_modules/react-dom/cjs/react-dom.development.js:9287:3)
      at dispatchEventWithEnableCapturePhaseSelectiveHydrationWithoutDiscreteEv
entReplay (node_modules/react-dom/cjs/react-dom.development.js:6465:5)
      at dispatchEvent 
(node_modules/react-dom/cjs/react-dom.development.js:6457:5)
      at dispatchDiscreteEvent 
(node_modules/react-dom/cjs/react-dom.development.js:6430:5)
      at HTMLDivElement.callTheUserObjectsOperation 
(node_modules/jsdom/lib/jsdom/living/generated/EventListener.js:26:30)
      at innerInvokeEventListeners 
(node_modules/jsdom/lib/jsdom/living/events/EventTarget-impl.js:350:25)
      at invokeEventListeners 
(node_modules/jsdom/lib/jsdom/living/events/EventTarget-impl.js:286:3)
      at HTMLInputElementImpl._dispatch 
(node_modules/jsdom/lib/jsdom/living/events/EventTarget-impl.js:233:9)
      at HTMLInputElementImpl.dispatchEvent 
(node_modules/jsdom/lib/jsdom/living/events/EventTarget-impl.js:104:17)
      at HTMLInputElement.dispatchEvent 
(node_modules/jsdom/lib/jsdom/living/generated/EventTarget.js:241:34)
      at 
node_modules/@testing-library/user-event/dist/cjs/event/dispatchEvent.js:45:43
      at Object.eventWrapper 
(node_modules/@testing-library/dom/dist/config.js:25:23)
      at Object.wrapEvent 
(node_modules/@testing-library/user-event/dist/cjs/event/wrapEvent.js:6:28)
      at Object.dispatchEvent (node_modules/@testing-library/user-event/dist/cj
s/event/dispatchEvent.js:45:22)
      at Object.dispatchUIEvent (node_modules/@testing-library/user-event/dist/
cjs/event/dispatchEvent.js:22:26)
      at commitInput 
(node_modules/@testing-library/user-event/dist/cjs/event/input.js:145:14)
      at editInputElement 
(node_modules/@testing-library/user-event/dist/cjs/event/input.js:115:9)
      at Object.input 
(node_modules/@testing-library/user-event/dist/cjs/event/input.js:37:9)
      at node_modules/@testing-library/user-event/dist/cjs/event/behavior/keypr
ess.js:31:26
      at Object.dispatchEvent (node_modules/@testing-library/user-event/dist/cj
s/event/dispatchEvent.js:41:13)
      at Object.dispatchUIEvent (node_modules/@testing-library/user-event/dist/
cjs/event/dispatchEvent.js:22:26)
      at KeyboardHost.keydown 
(node_modules/@testing-library/user-event/dist/cjs/system/keyboard.js:76:22)
      at keyboardAction 
(node_modules/@testing-library/user-event/dist/cjs/keyboard/index.js:22:35)
      at Object.keyboard 
(node_modules/@testing-library/user-event/dist/cjs/keyboard/index.js:11:15)
      at Object.type 
(node_modules/@testing-library/user-event/dist/cjs/utility/type.js:17:5)
      at Object.<anonymous> (src/profile/__tests__/profile.test.tsx:282:5)

    console.error
      Warning: An update to ProfilePage inside a test was not wrapped in 
act(...).
      
      When testing, code that causes React state updates should be wrapped 
into act(...):
      
      act(() => {
        /* fire events that update state */
      });
      /* assert on the output */
      
      This ensures that you're testing the behavior the user would see in the 
browser. Learn more at https://reactjs.org/link/wrap-tests-with-act
          at ProfilePage (C:\Users\samhe\OneDrive\Desktop\Cleaned\frontend\src\
profile\ProfilePage.tsx:17:41)
          at basenameProp (C:\Users\samhe\OneDrive\Desktop\Cleaned\frontend\nod
e_modules\react-router\lib\components.tsx:421:13)
          at basename (C:\Users\samhe\OneDrive\Desktop\Cleaned\frontend\node_mo
dules\react-router\lib\components.tsx:225:3)

      172 |               className="border border-gray-300 rounded-md px-3 
py-2 text-sm"
      173 |               value={newPassword}
    > 174 |               onChange={e => setNewPassword(e.target.value)}
          |                              ^
      175 |             />
      176 |             <p className="text-xs text-gray-500">
      177 |               Minimum 8 characters, at least 1 uppercase letter 
and 1 number.

      at printWarning 
(node_modules/react-dom/cjs/react-dom.development.js:86:30)
      at error (node_modules/react-dom/cjs/react-dom.development.js:60:7)
      at warnIfUpdatesNotWrappedWithActDEV 
(node_modules/react-dom/cjs/react-dom.development.js:27628:9)
      at scheduleUpdateOnFiber 
(node_modules/react-dom/cjs/react-dom.development.js:25547:5)
      at dispatchSetState 
(node_modules/react-dom/cjs/react-dom.development.js:16708:7)
      at onChange (src/profile/ProfilePage.tsx:174:30)
      at HTMLUnknownElement.callCallback 
(node_modules/react-dom/cjs/react-dom.development.js:4164:14)
      at HTMLUnknownElement.callTheUserObjectsOperation 
(node_modules/jsdom/lib/jsdom/living/generated/EventListener.js:26:30)
      at innerInvokeEventListeners 
(node_modules/jsdom/lib/jsdom/living/events/EventTarget-impl.js:350:25)
      at invokeEventListeners 
(node_modules/jsdom/lib/jsdom/living/events/EventTarget-impl.js:286:3)
      at HTMLUnknownElementImpl._dispatch 
(node_modules/jsdom/lib/jsdom/living/events/EventTarget-impl.js:233:9)
      at HTMLUnknownElementImpl.dispatchEvent 
(node_modules/jsdom/lib/jsdom/living/events/EventTarget-impl.js:104:17)
      at HTMLUnknownElement.dispatchEvent 
(node_modules/jsdom/lib/jsdom/living/generated/EventTarget.js:241:34)
      at Object.invokeGuardedCallbackDev 
(node_modules/react-dom/cjs/react-dom.development.js:4213:16)
      at invokeGuardedCallback 
(node_modules/react-dom/cjs/react-dom.development.js:4277:31)
      at invokeGuardedCallbackAndCatchFirstError 
(node_modules/react-dom/cjs/react-dom.development.js:4291:25)
      at executeDispatch 
(node_modules/react-dom/cjs/react-dom.development.js:9041:3)
      at processDispatchQueueItemsInOrder 
(node_modules/react-dom/cjs/react-dom.development.js:9073:7)
      at processDispatchQueue 
(node_modules/react-dom/cjs/react-dom.development.js:9086:5)
      at dispatchEventsForPlugins 
(node_modules/react-dom/cjs/react-dom.development.js:9097:3)
      at node_modules/react-dom/cjs/react-dom.development.js:9288:12
      at batchedUpdates$1 
(node_modules/react-dom/cjs/react-dom.development.js:26179:12)
      at batchedUpdates 
(node_modules/react-dom/cjs/react-dom.development.js:3991:12)
      at dispatchEventForPluginEventSystem 
(node_modules/react-dom/cjs/react-dom.development.js:9287:3)
      at dispatchEventWithEnableCapturePhaseSelectiveHydrationWithoutDiscreteEv
entReplay (node_modules/react-dom/cjs/react-dom.development.js:6465:5)
      at dispatchEvent 
(node_modules/react-dom/cjs/react-dom.development.js:6457:5)
      at dispatchDiscreteEvent 
(node_modules/react-dom/cjs/react-dom.development.js:6430:5)
      at HTMLDivElement.callTheUserObjectsOperation 
(node_modules/jsdom/lib/jsdom/living/generated/EventListener.js:26:30)
      at innerInvokeEventListeners 
(node_modules/jsdom/lib/jsdom/living/events/EventTarget-impl.js:350:25)
      at invokeEventListeners 
(node_modules/jsdom/lib/jsdom/living/events/EventTarget-impl.js:286:3)
      at HTMLInputElementImpl._dispatch 
(node_modules/jsdom/lib/jsdom/living/events/EventTarget-impl.js:233:9)
      at HTMLInputElementImpl.dispatchEvent 
(node_modules/jsdom/lib/jsdom/living/events/EventTarget-impl.js:104:17)
      at HTMLInputElement.dispatchEvent 
(node_modules/jsdom/lib/jsdom/living/generated/EventTarget.js:241:34)
      at 
node_modules/@testing-library/user-event/dist/cjs/event/dispatchEvent.js:45:43
      at Object.eventWrapper 
(node_modules/@testing-library/dom/dist/config.js:25:23)
      at Object.wrapEvent 
(node_modules/@testing-library/user-event/dist/cjs/event/wrapEvent.js:6:28)
      at Object.dispatchEvent (node_modules/@testing-library/user-event/dist/cj
s/event/dispatchEvent.js:45:22)
      at Object.dispatchUIEvent (node_modules/@testing-library/user-event/dist/
cjs/event/dispatchEvent.js:22:26)
      at commitInput 
(node_modules/@testing-library/user-event/dist/cjs/event/input.js:145:14)
      at editInputElement 
(node_modules/@testing-library/user-event/dist/cjs/event/input.js:115:9)
      at Object.input 
(node_modules/@testing-library/user-event/dist/cjs/event/input.js:37:9)
      at node_modules/@testing-library/user-event/dist/cjs/event/behavior/keypr
ess.js:31:26
      at Object.dispatchEvent (node_modules/@testing-library/user-event/dist/cj
s/event/dispatchEvent.js:41:13)
      at Object.dispatchUIEvent (node_modules/@testing-library/user-event/dist/
cjs/event/dispatchEvent.js:22:26)
      at KeyboardHost.keydown 
(node_modules/@testing-library/user-event/dist/cjs/system/keyboard.js:76:22)
      at keyboardAction 
(node_modules/@testing-library/user-event/dist/cjs/keyboard/index.js:22:35)
      at Object.keyboard 
(node_modules/@testing-library/user-event/dist/cjs/keyboard/index.js:11:15)
      at Object.type 
(node_modules/@testing-library/user-event/dist/cjs/utility/type.js:17:5)
      at Object.<anonymous> (src/profile/__tests__/profile.test.tsx:282:5)

    console.error
      Warning: An update to ProfilePage inside a test was not wrapped in 
act(...).
      
      When testing, code that causes React state updates should be wrapped 
into act(...):
      
      act(() => {
        /* fire events that update state */
      });
      /* assert on the output */
      
      This ensures that you're testing the behavior the user would see in the 
browser. Learn more at https://reactjs.org/link/wrap-tests-with-act
          at ProfilePage (C:\Users\samhe\OneDrive\Desktop\Cleaned\frontend\src\
profile\ProfilePage.tsx:17:41)
          at basenameProp (C:\Users\samhe\OneDrive\Desktop\Cleaned\frontend\nod
e_modules\react-router\lib\components.tsx:421:13)
          at basename (C:\Users\samhe\OneDrive\Desktop\Cleaned\frontend\node_mo
dules\react-router\lib\components.tsx:225:3)

      191 |               className="border border-gray-300 rounded-md px-3 
py-2 text-sm"
      192 |               value={confirmPassword}
    > 193 |               onChange={e => setConfirmPassword(e.target.value)}
          |                              ^
      194 |             />
      195 |             {confirmPassword && !passwordsMatch && (
      196 |               <p className="text-sm text-red-600">Passwords do not 
match</p>

      at printWarning 
(node_modules/react-dom/cjs/react-dom.development.js:86:30)
      at error (node_modules/react-dom/cjs/react-dom.development.js:60:7)
      at warnIfUpdatesNotWrappedWithActDEV 
(node_modules/react-dom/cjs/react-dom.development.js:27628:9)
      at scheduleUpdateOnFiber 
(node_modules/react-dom/cjs/react-dom.development.js:25547:5)
      at dispatchSetState 
(node_modules/react-dom/cjs/react-dom.development.js:16708:7)
      at onChange (src/profile/ProfilePage.tsx:193:30)
      at HTMLUnknownElement.callCallback 
(node_modules/react-dom/cjs/react-dom.development.js:4164:14)
      at HTMLUnknownElement.callTheUserObjectsOperation 
(node_modules/jsdom/lib/jsdom/living/generated/EventListener.js:26:30)
      at innerInvokeEventListeners 
(node_modules/jsdom/lib/jsdom/living/events/EventTarget-impl.js:350:25)
      at invokeEventListeners 
(node_modules/jsdom/lib/jsdom/living/events/EventTarget-impl.js:286:3)
      at HTMLUnknownElementImpl._dispatch 
(node_modules/jsdom/lib/jsdom/living/events/EventTarget-impl.js:233:9)
      at HTMLUnknownElementImpl.dispatchEvent 
(node_modules/jsdom/lib/jsdom/living/events/EventTarget-impl.js:104:17)
      at HTMLUnknownElement.dispatchEvent 
(node_modules/jsdom/lib/jsdom/living/generated/EventTarget.js:241:34)
      at Object.invokeGuardedCallbackDev 
(node_modules/react-dom/cjs/react-dom.development.js:4213:16)
      at invokeGuardedCallback 
(node_modules/react-dom/cjs/react-dom.development.js:4277:31)
      at invokeGuardedCallbackAndCatchFirstError 
(node_modules/react-dom/cjs/react-dom.development.js:4291:25)
      at executeDispatch 
(node_modules/react-dom/cjs/react-dom.development.js:9041:3)
      at processDispatchQueueItemsInOrder 
(node_modules/react-dom/cjs/react-dom.development.js:9073:7)
      at processDispatchQueue 
(node_modules/react-dom/cjs/react-dom.development.js:9086:5)
      at dispatchEventsForPlugins 
(node_modules/react-dom/cjs/react-dom.development.js:9097:3)
      at node_modules/react-dom/cjs/react-dom.development.js:9288:12
      at batchedUpdates$1 
(node_modules/react-dom/cjs/react-dom.development.js:26179:12)
      at batchedUpdates 
(node_modules/react-dom/cjs/react-dom.development.js:3991:12)
      at dispatchEventForPluginEventSystem 
(node_modules/react-dom/cjs/react-dom.development.js:9287:3)
      at dispatchEventWithEnableCapturePhaseSelectiveHydrationWithoutDiscreteEv
entReplay (node_modules/react-dom/cjs/react-dom.development.js:6465:5)
      at dispatchEvent 
(node_modules/react-dom/cjs/react-dom.development.js:6457:5)
      at dispatchDiscreteEvent 
(node_modules/react-dom/cjs/react-dom.development.js:6430:5)
      at HTMLDivElement.callTheUserObjectsOperation 
(node_modules/jsdom/lib/jsdom/living/generated/EventListener.js:26:30)
      at innerInvokeEventListeners 
(node_modules/jsdom/lib/jsdom/living/events/EventTarget-impl.js:350:25)
      at invokeEventListeners 
(node_modules/jsdom/lib/jsdom/living/events/EventTarget-impl.js:286:3)
      at HTMLInputElementImpl._dispatch 
(node_modules/jsdom/lib/jsdom/living/events/EventTarget-impl.js:233:9)
      at HTMLInputElementImpl.dispatchEvent 
(node_modules/jsdom/lib/jsdom/living/events/EventTarget-impl.js:104:17)
      at HTMLInputElement.dispatchEvent 
(node_modules/jsdom/lib/jsdom/living/generated/EventTarget.js:241:34)
      at 
node_modules/@testing-library/user-event/dist/cjs/event/dispatchEvent.js:45:43
      at Object.eventWrapper 
(node_modules/@testing-library/dom/dist/config.js:25:23)
      at Object.wrapEvent 
(node_modules/@testing-library/user-event/dist/cjs/event/wrapEvent.js:6:28)
      at Object.dispatchEvent (node_modules/@testing-library/user-event/dist/cj
s/event/dispatchEvent.js:45:22)
      at Object.dispatchUIEvent (node_modules/@testing-library/user-event/dist/
cjs/event/dispatchEvent.js:22:26)
      at commitInput 
(node_modules/@testing-library/user-event/dist/cjs/event/input.js:145:14)
      at editInputElement 
(node_modules/@testing-library/user-event/dist/cjs/event/input.js:115:9)
      at Object.input 
(node_modules/@testing-library/user-event/dist/cjs/event/input.js:37:9)
      at node_modules/@testing-library/user-event/dist/cjs/event/behavior/keypr
ess.js:31:26
      at Object.dispatchEvent (node_modules/@testing-library/user-event/dist/cj
s/event/dispatchEvent.js:41:13)
      at Object.dispatchUIEvent (node_modules/@testing-library/user-event/dist/
cjs/event/dispatchEvent.js:22:26)
      at KeyboardHost.keydown 
(node_modules/@testing-library/user-event/dist/cjs/system/keyboard.js:76:22)
      at keyboardAction 
(node_modules/@testing-library/user-event/dist/cjs/keyboard/index.js:22:35)
      at Object.keyboard 
(node_modules/@testing-library/user-event/dist/cjs/keyboard/index.js:11:15)
      at Object.type 
(node_modules/@testing-library/user-event/dist/cjs/utility/type.js:17:5)
      at Object.<anonymous> (src/profile/__tests__/profile.test.tsx:283:5)

    console.error
      Warning: An update to ProfilePage inside a test was not wrapped in 
act(...).
      
      When testing, code that causes React state updates should be wrapped 
into act(...):
      
      act(() => {
        /* fire events that update state */
      });
      /* assert on the output */
      
      This ensures that you're testing the behavior the user would see in the 
browser. Learn more at https://reactjs.org/link/wrap-tests-with-act
          at ProfilePage (C:\Users\samhe\OneDrive\Desktop\Cleaned\frontend\src\
profile\ProfilePage.tsx:17:41)
          at basenameProp (C:\Users\samhe\OneDrive\Desktop\Cleaned\frontend\nod
e_modules\react-router\lib\components.tsx:421:13)
          at basename (C:\Users\samhe\OneDrive\Desktop\Cleaned\frontend\node_mo
dules\react-router\lib\components.tsx:225:3)

      191 |               className="border border-gray-300 rounded-md px-3 
py-2 text-sm"
      192 |               value={confirmPassword}
    > 193 |               onChange={e => setConfirmPassword(e.target.value)}
          |                              ^
      194 |             />
      195 |             {confirmPassword && !passwordsMatch && (
      196 |               <p className="text-sm text-red-600">Passwords do not 
match</p>

      at printWarning 
(node_modules/react-dom/cjs/react-dom.development.js:86:30)
      at error (node_modules/react-dom/cjs/react-dom.development.js:60:7)
      at warnIfUpdatesNotWrappedWithActDEV 
(node_modules/react-dom/cjs/react-dom.development.js:27628:9)
      at scheduleUpdateOnFiber 
(node_modules/react-dom/cjs/react-dom.development.js:25547:5)
      at dispatchSetState 
(node_modules/react-dom/cjs/react-dom.development.js:16708:7)
      at onChange (src/profile/ProfilePage.tsx:193:30)
      at HTMLUnknownElement.callCallback 
(node_modules/react-dom/cjs/react-dom.development.js:4164:14)
      at HTMLUnknownElement.callTheUserObjectsOperation 
(node_modules/jsdom/lib/jsdom/living/generated/EventListener.js:26:30)
      at innerInvokeEventListeners 
(node_modules/jsdom/lib/jsdom/living/events/EventTarget-impl.js:350:25)
      at invokeEventListeners 
(node_modules/jsdom/lib/jsdom/living/events/EventTarget-impl.js:286:3)
      at HTMLUnknownElementImpl._dispatch 
(node_modules/jsdom/lib/jsdom/living/events/EventTarget-impl.js:233:9)
      at HTMLUnknownElementImpl.dispatchEvent 
(node_modules/jsdom/lib/jsdom/living/events/EventTarget-impl.js:104:17)
      at HTMLUnknownElement.dispatchEvent 
(node_modules/jsdom/lib/jsdom/living/generated/EventTarget.js:241:34)
      at Object.invokeGuardedCallbackDev 
(node_modules/react-dom/cjs/react-dom.development.js:4213:16)
      at invokeGuardedCallback 
(node_modules/react-dom/cjs/react-dom.development.js:4277:31)
      at invokeGuardedCallbackAndCatchFirstError 
(node_modules/react-dom/cjs/react-dom.development.js:4291:25)
      at executeDispatch 
(node_modules/react-dom/cjs/react-dom.development.js:9041:3)
      at processDispatchQueueItemsInOrder 
(node_modules/react-dom/cjs/react-dom.development.js:9073:7)
      at processDispatchQueue 
(node_modules/react-dom/cjs/react-dom.development.js:9086:5)
      at dispatchEventsForPlugins 
(node_modules/react-dom/cjs/react-dom.development.js:9097:3)
      at node_modules/react-dom/cjs/react-dom.development.js:9288:12
      at batchedUpdates$1 
(node_modules/react-dom/cjs/react-dom.development.js:26179:12)
      at batchedUpdates 
(node_modules/react-dom/cjs/react-dom.development.js:3991:12)
      at dispatchEventForPluginEventSystem 
(node_modules/react-dom/cjs/react-dom.development.js:9287:3)
      at dispatchEventWithEnableCapturePhaseSelectiveHydrationWithoutDiscreteEv
entReplay (node_modules/react-dom/cjs/react-dom.development.js:6465:5)
      at dispatchEvent 
(node_modules/react-dom/cjs/react-dom.development.js:6457:5)
      at dispatchDiscreteEvent 
(node_modules/react-dom/cjs/react-dom.development.js:6430:5)
      at HTMLDivElement.callTheUserObjectsOperation 
(node_modules/jsdom/lib/jsdom/living/generated/EventListener.js:26:30)
      at innerInvokeEventListeners 
(node_modules/jsdom/lib/jsdom/living/events/EventTarget-impl.js:350:25)
      at invokeEventListeners 
(node_modules/jsdom/lib/jsdom/living/events/EventTarget-impl.js:286:3)
      at HTMLInputElementImpl._dispatch 
(node_modules/jsdom/lib/jsdom/living/events/EventTarget-impl.js:233:9)
      at HTMLInputElementImpl.dispatchEvent 
(node_modules/jsdom/lib/jsdom/living/events/EventTarget-impl.js:104:17)
      at HTMLInputElement.dispatchEvent 
(node_modules/jsdom/lib/jsdom/living/generated/EventTarget.js:241:34)
      at 
node_modules/@testing-library/user-event/dist/cjs/event/dispatchEvent.js:45:43
      at Object.eventWrapper 
(node_modules/@testing-library/dom/dist/config.js:25:23)
      at Object.wrapEvent 
(node_modules/@testing-library/user-event/dist/cjs/event/wrapEvent.js:6:28)
      at Object.dispatchEvent (node_modules/@testing-library/user-event/dist/cj
s/event/dispatchEvent.js:45:22)
      at Object.dispatchUIEvent (node_modules/@testing-library/user-event/dist/
cjs/event/dispatchEvent.js:22:26)
      at commitInput 
(node_modules/@testing-library/user-event/dist/cjs/event/input.js:145:14)
      at editInputElement 
(node_modules/@testing-library/user-event/dist/cjs/event/input.js:115:9)
      at Object.input 
(node_modules/@testing-library/user-event/dist/cjs/event/input.js:37:9)
      at node_modules/@testing-library/user-event/dist/cjs/event/behavior/keypr
ess.js:31:26
      at Object.dispatchEvent (node_modules/@testing-library/user-event/dist/cj
s/event/dispatchEvent.js:41:13)
      at Object.dispatchUIEvent (node_modules/@testing-library/user-event/dist/
cjs/event/dispatchEvent.js:22:26)
      at KeyboardHost.keydown 
(node_modules/@testing-library/user-event/dist/cjs/system/keyboard.js:76:22)
      at keyboardAction 
(node_modules/@testing-library/user-event/dist/cjs/keyboard/index.js:22:35)
      at Object.keyboard 
(node_modules/@testing-library/user-event/dist/cjs/keyboard/index.js:11:15)
      at Object.type 
(node_modules/@testing-library/user-event/dist/cjs/utility/type.js:17:5)
      at Object.<anonymous> (src/profile/__tests__/profile.test.tsx:283:5)

    console.error
      Warning: An update to ProfilePage inside a test was not wrapped in 
act(...).
      
      When testing, code that causes React state updates should be wrapped 
into act(...):
      
      act(() => {
        /* fire events that update state */
      });
      /* assert on the output */
      
      This ensures that you're testing the behavior the user would see in the 
browser. Learn more at https://reactjs.org/link/wrap-tests-with-act
          at ProfilePage (C:\Users\samhe\OneDrive\Desktop\Cleaned\frontend\src\
profile\ProfilePage.tsx:17:41)
          at basenameProp (C:\Users\samhe\OneDrive\Desktop\Cleaned\frontend\nod
e_modules\react-router\lib\components.tsx:421:13)
          at basename (C:\Users\samhe\OneDrive\Desktop\Cleaned\frontend\node_mo
dules\react-router\lib\components.tsx:225:3)

      191 |               className="border border-gray-300 rounded-md px-3 
py-2 text-sm"
      192 |               value={confirmPassword}
    > 193 |               onChange={e => setConfirmPassword(e.target.value)}
          |                              ^
      194 |             />
      195 |             {confirmPassword && !passwordsMatch && (
      196 |               <p className="text-sm text-red-600">Passwords do not 
match</p>

      at printWarning 
(node_modules/react-dom/cjs/react-dom.development.js:86:30)
      at error (node_modules/react-dom/cjs/react-dom.development.js:60:7)
      at warnIfUpdatesNotWrappedWithActDEV 
(node_modules/react-dom/cjs/react-dom.development.js:27628:9)
      at scheduleUpdateOnFiber 
(node_modules/react-dom/cjs/react-dom.development.js:25547:5)
      at dispatchSetState 
(node_modules/react-dom/cjs/react-dom.development.js:16708:7)
      at onChange (src/profile/ProfilePage.tsx:193:30)
      at HTMLUnknownElement.callCallback 
(node_modules/react-dom/cjs/react-dom.development.js:4164:14)
      at HTMLUnknownElement.callTheUserObjectsOperation 
(node_modules/jsdom/lib/jsdom/living/generated/EventListener.js:26:30)
      at innerInvokeEventListeners 
(node_modules/jsdom/lib/jsdom/living/events/EventTarget-impl.js:350:25)
      at invokeEventListeners 
(node_modules/jsdom/lib/jsdom/living/events/EventTarget-impl.js:286:3)
      at HTMLUnknownElementImpl._dispatch 
(node_modules/jsdom/lib/jsdom/living/events/EventTarget-impl.js:233:9)
      at HTMLUnknownElementImpl.dispatchEvent 
(node_modules/jsdom/lib/jsdom/living/events/EventTarget-impl.js:104:17)
      at HTMLUnknownElement.dispatchEvent 
(node_modules/jsdom/lib/jsdom/living/generated/EventTarget.js:241:34)
      at Object.invokeGuardedCallbackDev 
(node_modules/react-dom/cjs/react-dom.development.js:4213:16)
      at invokeGuardedCallback 
(node_modules/react-dom/cjs/react-dom.development.js:4277:31)
      at invokeGuardedCallbackAndCatchFirstError 
(node_modules/react-dom/cjs/react-dom.development.js:4291:25)
      at executeDispatch 
(node_modules/react-dom/cjs/react-dom.development.js:9041:3)
      at processDispatchQueueItemsInOrder 
(node_modules/react-dom/cjs/react-dom.development.js:9073:7)
      at processDispatchQueue 
(node_modules/react-dom/cjs/react-dom.development.js:9086:5)
      at dispatchEventsForPlugins 
(node_modules/react-dom/cjs/react-dom.development.js:9097:3)
      at node_modules/react-dom/cjs/react-dom.development.js:9288:12
      at batchedUpdates$1 
(node_modules/react-dom/cjs/react-dom.development.js:26179:12)
      at batchedUpdates 
(node_modules/react-dom/cjs/react-dom.development.js:3991:12)
      at dispatchEventForPluginEventSystem 
(node_modules/react-dom/cjs/react-dom.development.js:9287:3)
      at dispatchEventWithEnableCapturePhaseSelectiveHydrationWithoutDiscreteEv
entReplay (node_modules/react-dom/cjs/react-dom.development.js:6465:5)
      at dispatchEvent 
(node_modules/react-dom/cjs/react-dom.development.js:6457:5)
      at dispatchDiscreteEvent 
(node_modules/react-dom/cjs/react-dom.development.js:6430:5)
      at HTMLDivElement.callTheUserObjectsOperation 
(node_modules/jsdom/lib/jsdom/living/generated/EventListener.js:26:30)
      at innerInvokeEventListeners 
(node_modules/jsdom/lib/jsdom/living/events/EventTarget-impl.js:350:25)
      at invokeEventListeners 
(node_modules/jsdom/lib/jsdom/living/events/EventTarget-impl.js:286:3)
      at HTMLInputElementImpl._dispatch 
(node_modules/jsdom/lib/jsdom/living/events/EventTarget-impl.js:233:9)
      at HTMLInputElementImpl.dispatchEvent 
(node_modules/jsdom/lib/jsdom/living/events/EventTarget-impl.js:104:17)
      at HTMLInputElement.dispatchEvent 
(node_modules/jsdom/lib/jsdom/living/generated/EventTarget.js:241:34)
      at 
node_modules/@testing-library/user-event/dist/cjs/event/dispatchEvent.js:45:43
      at Object.eventWrapper 
(node_modules/@testing-library/dom/dist/config.js:25:23)
      at Object.wrapEvent 
(node_modules/@testing-library/user-event/dist/cjs/event/wrapEvent.js:6:28)
      at Object.dispatchEvent (node_modules/@testing-library/user-event/dist/cj
s/event/dispatchEvent.js:45:22)
      at Object.dispatchUIEvent (node_modules/@testing-library/user-event/dist/
cjs/event/dispatchEvent.js:22:26)
      at commitInput 
(node_modules/@testing-library/user-event/dist/cjs/event/input.js:145:14)
      at editInputElement 
(node_modules/@testing-library/user-event/dist/cjs/event/input.js:115:9)
      at Object.input 
(node_modules/@testing-library/user-event/dist/cjs/event/input.js:37:9)
      at node_modules/@testing-library/user-event/dist/cjs/event/behavior/keypr
ess.js:31:26
      at Object.dispatchEvent (node_modules/@testing-library/user-event/dist/cj
s/event/dispatchEvent.js:41:13)
      at Object.dispatchUIEvent (node_modules/@testing-library/user-event/dist/
cjs/event/dispatchEvent.js:22:26)
      at KeyboardHost.keydown 
(node_modules/@testing-library/user-event/dist/cjs/system/keyboard.js:76:22)
      at keyboardAction 
(node_modules/@testing-library/user-event/dist/cjs/keyboard/index.js:22:35)
      at Object.keyboard 
(node_modules/@testing-library/user-event/dist/cjs/keyboard/index.js:11:15)
      at Object.type 
(node_modules/@testing-library/user-event/dist/cjs/utility/type.js:17:5)
      at Object.<anonymous> (src/profile/__tests__/profile.test.tsx:283:5)

    console.error
      Warning: An update to ProfilePage inside a test was not wrapped in 
act(...).
      
      When testing, code that causes React state updates should be wrapped 
into act(...):
      
      act(() => {
        /* fire events that update state */
      });
      /* assert on the output */
      
      This ensures that you're testing the behavior the user would see in the 
browser. Learn more at https://reactjs.org/link/wrap-tests-with-act
          at ProfilePage (C:\Users\samhe\OneDrive\Desktop\Cleaned\frontend\src\
profile\ProfilePage.tsx:17:41)
          at basenameProp (C:\Users\samhe\OneDrive\Desktop\Cleaned\frontend\nod
e_modules\react-router\lib\components.tsx:421:13)
          at basename (C:\Users\samhe\OneDrive\Desktop\Cleaned\frontend\node_mo
dules\react-router\lib\components.tsx:225:3)

      191 |               className="border border-gray-300 rounded-md px-3 
py-2 text-sm"
      192 |               value={confirmPassword}
    > 193 |               onChange={e => setConfirmPassword(e.target.value)}
          |                              ^
      194 |             />
      195 |             {confirmPassword && !passwordsMatch && (
      196 |               <p className="text-sm text-red-600">Passwords do not 
match</p>

      at printWarning 
(node_modules/react-dom/cjs/react-dom.development.js:86:30)
      at error (node_modules/react-dom/cjs/react-dom.development.js:60:7)
      at warnIfUpdatesNotWrappedWithActDEV 
(node_modules/react-dom/cjs/react-dom.development.js:27628:9)
      at scheduleUpdateOnFiber 
(node_modules/react-dom/cjs/react-dom.development.js:25547:5)
      at dispatchSetState 
(node_modules/react-dom/cjs/react-dom.development.js:16708:7)
      at onChange (src/profile/ProfilePage.tsx:193:30)
      at HTMLUnknownElement.callCallback 
(node_modules/react-dom/cjs/react-dom.development.js:4164:14)
      at HTMLUnknownElement.callTheUserObjectsOperation 
(node_modules/jsdom/lib/jsdom/living/generated/EventListener.js:26:30)
      at innerInvokeEventListeners 
(node_modules/jsdom/lib/jsdom/living/events/EventTarget-impl.js:350:25)
      at invokeEventListeners 
(node_modules/jsdom/lib/jsdom/living/events/EventTarget-impl.js:286:3)
      at HTMLUnknownElementImpl._dispatch 
(node_modules/jsdom/lib/jsdom/living/events/EventTarget-impl.js:233:9)
      at HTMLUnknownElementImpl.dispatchEvent 
(node_modules/jsdom/lib/jsdom/living/events/EventTarget-impl.js:104:17)
      at HTMLUnknownElement.dispatchEvent 
(node_modules/jsdom/lib/jsdom/living/generated/EventTarget.js:241:34)
      at Object.invokeGuardedCallbackDev 
(node_modules/react-dom/cjs/react-dom.development.js:4213:16)
      at invokeGuardedCallback 
(node_modules/react-dom/cjs/react-dom.development.js:4277:31)
      at invokeGuardedCallbackAndCatchFirstError 
(node_modules/react-dom/cjs/react-dom.development.js:4291:25)
      at executeDispatch 
(node_modules/react-dom/cjs/react-dom.development.js:9041:3)
      at processDispatchQueueItemsInOrder 
(node_modules/react-dom/cjs/react-dom.development.js:9073:7)
      at processDispatchQueue 
(node_modules/react-dom/cjs/react-dom.development.js:9086:5)
      at dispatchEventsForPlugins 
(node_modules/react-dom/cjs/react-dom.development.js:9097:3)
      at node_modules/react-dom/cjs/react-dom.development.js:9288:12
      at batchedUpdates$1 
(node_modules/react-dom/cjs/react-dom.development.js:26179:12)
      at batchedUpdates 
(node_modules/react-dom/cjs/react-dom.development.js:3991:12)
      at dispatchEventForPluginEventSystem 
(node_modules/react-dom/cjs/react-dom.development.js:9287:3)
      at dispatchEventWithEnableCapturePhaseSelectiveHydrationWithoutDiscreteEv
entReplay (node_modules/react-dom/cjs/react-dom.development.js:6465:5)
      at dispatchEvent 
(node_modules/react-dom/cjs/react-dom.development.js:6457:5)
      at dispatchDiscreteEvent 
(node_modules/react-dom/cjs/react-dom.development.js:6430:5)
      at HTMLDivElement.callTheUserObjectsOperation 
(node_modules/jsdom/lib/jsdom/living/generated/EventListener.js:26:30)
      at innerInvokeEventListeners 
(node_modules/jsdom/lib/jsdom/living/events/EventTarget-impl.js:350:25)
      at invokeEventListeners 
(node_modules/jsdom/lib/jsdom/living/events/EventTarget-impl.js:286:3)
      at HTMLInputElementImpl._dispatch 
(node_modules/jsdom/lib/jsdom/living/events/EventTarget-impl.js:233:9)
      at HTMLInputElementImpl.dispatchEvent 
(node_modules/jsdom/lib/jsdom/living/events/EventTarget-impl.js:104:17)
      at HTMLInputElement.dispatchEvent 
(node_modules/jsdom/lib/jsdom/living/generated/EventTarget.js:241:34)
      at 
node_modules/@testing-library/user-event/dist/cjs/event/dispatchEvent.js:45:43
      at Object.eventWrapper 
(node_modules/@testing-library/dom/dist/config.js:25:23)
      at Object.wrapEvent 
(node_modules/@testing-library/user-event/dist/cjs/event/wrapEvent.js:6:28)
      at Object.dispatchEvent (node_modules/@testing-library/user-event/dist/cj
s/event/dispatchEvent.js:45:22)
      at Object.dispatchUIEvent (node_modules/@testing-library/user-event/dist/
cjs/event/dispatchEvent.js:22:26)
      at commitInput 
(node_modules/@testing-library/user-event/dist/cjs/event/input.js:145:14)
      at editInputElement 
(node_modules/@testing-library/user-event/dist/cjs/event/input.js:115:9)
      at Object.input 
(node_modules/@testing-library/user-event/dist/cjs/event/input.js:37:9)
      at node_modules/@testing-library/user-event/dist/cjs/event/behavior/keypr
ess.js:31:26
      at Object.dispatchEvent (node_modules/@testing-library/user-event/dist/cj
s/event/dispatchEvent.js:41:13)
      at Object.dispatchUIEvent (node_modules/@testing-library/user-event/dist/
cjs/event/dispatchEvent.js:22:26)
      at KeyboardHost.keydown 
(node_modules/@testing-library/user-event/dist/cjs/system/keyboard.js:76:22)
      at keyboardAction 
(node_modules/@testing-library/user-event/dist/cjs/keyboard/index.js:22:35)
      at Object.keyboard 
(node_modules/@testing-library/user-event/dist/cjs/keyboard/index.js:11:15)
      at Object.type 
(node_modules/@testing-library/user-event/dist/cjs/utility/type.js:17:5)
      at Object.<anonymous> (src/profile/__tests__/profile.test.tsx:283:5)

    console.error
      Warning: An update to ProfilePage inside a test was not wrapped in 
act(...).
      
      When testing, code that causes React state updates should be wrapped 
into act(...):
      
      act(() => {
        /* fire events that update state */
      });
      /* assert on the output */
      
      This ensures that you're testing the behavior the user would see in the 
browser. Learn more at https://reactjs.org/link/wrap-tests-with-act
          at ProfilePage (C:\Users\samhe\OneDrive\Desktop\Cleaned\frontend\src\
profile\ProfilePage.tsx:17:41)
          at basenameProp (C:\Users\samhe\OneDrive\Desktop\Cleaned\frontend\nod
e_modules\react-router\lib\components.tsx:421:13)
          at basename (C:\Users\samhe\OneDrive\Desktop\Cleaned\frontend\node_mo
dules\react-router\lib\components.tsx:225:3)

      191 |               className="border border-gray-300 rounded-md px-3 
py-2 text-sm"
      192 |               value={confirmPassword}
    > 193 |               onChange={e => setConfirmPassword(e.target.value)}
          |                              ^
      194 |             />
      195 |             {confirmPassword && !passwordsMatch && (
      196 |               <p className="text-sm text-red-600">Passwords do not 
match</p>

      at printWarning 
(node_modules/react-dom/cjs/react-dom.development.js:86:30)
      at error (node_modules/react-dom/cjs/react-dom.development.js:60:7)
      at warnIfUpdatesNotWrappedWithActDEV 
(node_modules/react-dom/cjs/react-dom.development.js:27628:9)
      at scheduleUpdateOnFiber 
(node_modules/react-dom/cjs/react-dom.development.js:25547:5)
      at dispatchSetState 
(node_modules/react-dom/cjs/react-dom.development.js:16708:7)
      at onChange (src/profile/ProfilePage.tsx:193:30)
      at HTMLUnknownElement.callCallback 
(node_modules/react-dom/cjs/react-dom.development.js:4164:14)
      at HTMLUnknownElement.callTheUserObjectsOperation 
(node_modules/jsdom/lib/jsdom/living/generated/EventListener.js:26:30)
      at innerInvokeEventListeners 
(node_modules/jsdom/lib/jsdom/living/events/EventTarget-impl.js:350:25)
      at invokeEventListeners 
(node_modules/jsdom/lib/jsdom/living/events/EventTarget-impl.js:286:3)
      at HTMLUnknownElementImpl._dispatch 
(node_modules/jsdom/lib/jsdom/living/events/EventTarget-impl.js:233:9)
      at HTMLUnknownElementImpl.dispatchEvent 
(node_modules/jsdom/lib/jsdom/living/events/EventTarget-impl.js:104:17)
      at HTMLUnknownElement.dispatchEvent 
(node_modules/jsdom/lib/jsdom/living/generated/EventTarget.js:241:34)
      at Object.invokeGuardedCallbackDev 
(node_modules/react-dom/cjs/react-dom.development.js:4213:16)
      at invokeGuardedCallback 
(node_modules/react-dom/cjs/react-dom.development.js:4277:31)
      at invokeGuardedCallbackAndCatchFirstError 
(node_modules/react-dom/cjs/react-dom.development.js:4291:25)
      at executeDispatch 
(node_modules/react-dom/cjs/react-dom.development.js:9041:3)
      at processDispatchQueueItemsInOrder 
(node_modules/react-dom/cjs/react-dom.development.js:9073:7)
      at processDispatchQueue 
(node_modules/react-dom/cjs/react-dom.development.js:9086:5)
      at dispatchEventsForPlugins 
(node_modules/react-dom/cjs/react-dom.development.js:9097:3)
      at node_modules/react-dom/cjs/react-dom.development.js:9288:12
      at batchedUpdates$1 
(node_modules/react-dom/cjs/react-dom.development.js:26179:12)
      at batchedUpdates 
(node_modules/react-dom/cjs/react-dom.development.js:3991:12)
      at dispatchEventForPluginEventSystem 
(node_modules/react-dom/cjs/react-dom.development.js:9287:3)
      at dispatchEventWithEnableCapturePhaseSelectiveHydrationWithoutDiscreteEv
entReplay (node_modules/react-dom/cjs/react-dom.development.js:6465:5)
      at dispatchEvent 
(node_modules/react-dom/cjs/react-dom.development.js:6457:5)
      at dispatchDiscreteEvent 
(node_modules/react-dom/cjs/react-dom.development.js:6430:5)
      at HTMLDivElement.callTheUserObjectsOperation 
(node_modules/jsdom/lib/jsdom/living/generated/EventListener.js:26:30)
      at innerInvokeEventListeners 
(node_modules/jsdom/lib/jsdom/living/events/EventTarget-impl.js:350:25)
      at invokeEventListeners 
(node_modules/jsdom/lib/jsdom/living/events/EventTarget-impl.js:286:3)
      at HTMLInputElementImpl._dispatch 
(node_modules/jsdom/lib/jsdom/living/events/EventTarget-impl.js:233:9)
      at HTMLInputElementImpl.dispatchEvent 
(node_modules/jsdom/lib/jsdom/living/events/EventTarget-impl.js:104:17)
      at HTMLInputElement.dispatchEvent 
(node_modules/jsdom/lib/jsdom/living/generated/EventTarget.js:241:34)
      at 
node_modules/@testing-library/user-event/dist/cjs/event/dispatchEvent.js:45:43
      at Object.eventWrapper 
(node_modules/@testing-library/dom/dist/config.js:25:23)
      at Object.wrapEvent 
(node_modules/@testing-library/user-event/dist/cjs/event/wrapEvent.js:6:28)
      at Object.dispatchEvent (node_modules/@testing-library/user-event/dist/cj
s/event/dispatchEvent.js:45:22)
      at Object.dispatchUIEvent (node_modules/@testing-library/user-event/dist/
cjs/event/dispatchEvent.js:22:26)
      at commitInput 
(node_modules/@testing-library/user-event/dist/cjs/event/input.js:145:14)
      at editInputElement 
(node_modules/@testing-library/user-event/dist/cjs/event/input.js:115:9)
      at Object.input 
(node_modules/@testing-library/user-event/dist/cjs/event/input.js:37:9)
      at node_modules/@testing-library/user-event/dist/cjs/event/behavior/keypr
ess.js:31:26
      at Object.dispatchEvent (node_modules/@testing-library/user-event/dist/cj
s/event/dispatchEvent.js:41:13)
      at Object.dispatchUIEvent (node_modules/@testing-library/user-event/dist/
cjs/event/dispatchEvent.js:22:26)
      at KeyboardHost.keydown 
(node_modules/@testing-library/user-event/dist/cjs/system/keyboard.js:76:22)
      at keyboardAction 
(node_modules/@testing-library/user-event/dist/cjs/keyboard/index.js:22:35)
      at Object.keyboard 
(node_modules/@testing-library/user-event/dist/cjs/keyboard/index.js:11:15)
      at Object.type 
(node_modules/@testing-library/user-event/dist/cjs/utility/type.js:17:5)
      at Object.<anonymous> (src/profile/__tests__/profile.test.tsx:283:5)

    console.error
      Warning: An update to ProfilePage inside a test was not wrapped in 
act(...).
      
      When testing, code that causes React state updates should be wrapped 
into act(...):
      
      act(() => {
        /* fire events that update state */
      });
      /* assert on the output */
      
      This ensures that you're testing the behavior the user would see in the 
browser. Learn more at https://reactjs.org/link/wrap-tests-with-act
          at ProfilePage (C:\Users\samhe\OneDrive\Desktop\Cleaned\frontend\src\
profile\ProfilePage.tsx:17:41)
          at basenameProp (C:\Users\samhe\OneDrive\Desktop\Cleaned\frontend\nod
e_modules\react-router\lib\components.tsx:421:13)
          at basename (C:\Users\samhe\OneDrive\Desktop\Cleaned\frontend\node_mo
dules\react-router\lib\components.tsx:225:3)

      191 |               className="border border-gray-300 rounded-md px-3 
py-2 text-sm"
      192 |               value={confirmPassword}
    > 193 |               onChange={e => setConfirmPassword(e.target.value)}
          |                              ^
      194 |             />
      195 |             {confirmPassword && !passwordsMatch && (
      196 |               <p className="text-sm text-red-600">Passwords do not 
match</p>

      at printWarning 
(node_modules/react-dom/cjs/react-dom.development.js:86:30)
      at error (node_modules/react-dom/cjs/react-dom.development.js:60:7)
      at warnIfUpdatesNotWrappedWithActDEV 
(node_modules/react-dom/cjs/react-dom.development.js:27628:9)
      at scheduleUpdateOnFiber 
(node_modules/react-dom/cjs/react-dom.development.js:25547:5)
      at dispatchSetState 
(node_modules/react-dom/cjs/react-dom.development.js:16708:7)
      at onChange (src/profile/ProfilePage.tsx:193:30)
      at HTMLUnknownElement.callCallback 
(node_modules/react-dom/cjs/react-dom.development.js:4164:14)
      at HTMLUnknownElement.callTheUserObjectsOperation 
(node_modules/jsdom/lib/jsdom/living/generated/EventListener.js:26:30)
      at innerInvokeEventListeners 
(node_modules/jsdom/lib/jsdom/living/events/EventTarget-impl.js:350:25)
      at invokeEventListeners 
(node_modules/jsdom/lib/jsdom/living/events/EventTarget-impl.js:286:3)
      at HTMLUnknownElementImpl._dispatch 
(node_modules/jsdom/lib/jsdom/living/events/EventTarget-impl.js:233:9)
      at HTMLUnknownElementImpl.dispatchEvent 
(node_modules/jsdom/lib/jsdom/living/events/EventTarget-impl.js:104:17)
      at HTMLUnknownElement.dispatchEvent 
(node_modules/jsdom/lib/jsdom/living/generated/EventTarget.js:241:34)
      at Object.invokeGuardedCallbackDev 
(node_modules/react-dom/cjs/react-dom.development.js:4213:16)
      at invokeGuardedCallback 
(node_modules/react-dom/cjs/react-dom.development.js:4277:31)
      at invokeGuardedCallbackAndCatchFirstError 
(node_modules/react-dom/cjs/react-dom.development.js:4291:25)
      at executeDispatch 
(node_modules/react-dom/cjs/react-dom.development.js:9041:3)
      at processDispatchQueueItemsInOrder 
(node_modules/react-dom/cjs/react-dom.development.js:9073:7)
      at processDispatchQueue 
(node_modules/react-dom/cjs/react-dom.development.js:9086:5)
      at dispatchEventsForPlugins 
(node_modules/react-dom/cjs/react-dom.development.js:9097:3)
      at node_modules/react-dom/cjs/react-dom.development.js:9288:12
      at batchedUpdates$1 
(node_modules/react-dom/cjs/react-dom.development.js:26179:12)
      at batchedUpdates 
(node_modules/react-dom/cjs/react-dom.development.js:3991:12)
      at dispatchEventForPluginEventSystem 
(node_modules/react-dom/cjs/react-dom.development.js:9287:3)
      at dispatchEventWithEnableCapturePhaseSelectiveHydrationWithoutDiscreteEv
entReplay (node_modules/react-dom/cjs/react-dom.development.js:6465:5)
      at dispatchEvent 
(node_modules/react-dom/cjs/react-dom.development.js:6457:5)
      at dispatchDiscreteEvent 
(node_modules/react-dom/cjs/react-dom.development.js:6430:5)
      at HTMLDivElement.callTheUserObjectsOperation 
(node_modules/jsdom/lib/jsdom/living/generated/EventListener.js:26:30)
      at innerInvokeEventListeners 
(node_modules/jsdom/lib/jsdom/living/events/EventTarget-impl.js:350:25)
      at invokeEventListeners 
(node_modules/jsdom/lib/jsdom/living/events/EventTarget-impl.js:286:3)
      at HTMLInputElementImpl._dispatch 
(node_modules/jsdom/lib/jsdom/living/events/EventTarget-impl.js:233:9)
      at HTMLInputElementImpl.dispatchEvent 
(node_modules/jsdom/lib/jsdom/living/events/EventTarget-impl.js:104:17)
      at HTMLInputElement.dispatchEvent 
(node_modules/jsdom/lib/jsdom/living/generated/EventTarget.js:241:34)
      at 
node_modules/@testing-library/user-event/dist/cjs/event/dispatchEvent.js:45:43
      at Object.eventWrapper 
(node_modules/@testing-library/dom/dist/config.js:25:23)
      at Object.wrapEvent 
(node_modules/@testing-library/user-event/dist/cjs/event/wrapEvent.js:6:28)
      at Object.dispatchEvent (node_modules/@testing-library/user-event/dist/cj
s/event/dispatchEvent.js:45:22)
      at Object.dispatchUIEvent (node_modules/@testing-library/user-event/dist/
cjs/event/dispatchEvent.js:22:26)
      at commitInput 
(node_modules/@testing-library/user-event/dist/cjs/event/input.js:145:14)
      at editInputElement 
(node_modules/@testing-library/user-event/dist/cjs/event/input.js:115:9)
      at Object.input 
(node_modules/@testing-library/user-event/dist/cjs/event/input.js:37:9)
      at node_modules/@testing-library/user-event/dist/cjs/event/behavior/keypr
ess.js:31:26
      at Object.dispatchEvent (node_modules/@testing-library/user-event/dist/cj
s/event/dispatchEvent.js:41:13)
      at Object.dispatchUIEvent (node_modules/@testing-library/user-event/dist/
cjs/event/dispatchEvent.js:22:26)
      at KeyboardHost.keydown 
(node_modules/@testing-library/user-event/dist/cjs/system/keyboard.js:76:22)
      at keyboardAction 
(node_modules/@testing-library/user-event/dist/cjs/keyboard/index.js:22:35)
      at Object.keyboard 
(node_modules/@testing-library/user-event/dist/cjs/keyboard/index.js:11:15)
      at Object.type 
(node_modules/@testing-library/user-event/dist/cjs/utility/type.js:17:5)
      at Object.<anonymous> (src/profile/__tests__/profile.test.tsx:283:5)

    console.error
      Warning: An update to ProfilePage inside a test was not wrapped in 
act(...).
      
      When testing, code that causes React state updates should be wrapped 
into act(...):
      
      act(() => {
        /* fire events that update state */
      });
      /* assert on the output */
      
      This ensures that you're testing the behavior the user would see in the 
browser. Learn more at https://reactjs.org/link/wrap-tests-with-act
          at ProfilePage (C:\Users\samhe\OneDrive\Desktop\Cleaned\frontend\src\
profile\ProfilePage.tsx:17:41)
          at basenameProp (C:\Users\samhe\OneDrive\Desktop\Cleaned\frontend\nod
e_modules\react-router\lib\components.tsx:421:13)
          at basename (C:\Users\samhe\OneDrive\Desktop\Cleaned\frontend\node_mo
dules\react-router\lib\components.tsx:225:3)

      191 |               className="border border-gray-300 rounded-md px-3 
py-2 text-sm"
      192 |               value={confirmPassword}
    > 193 |               onChange={e => setConfirmPassword(e.target.value)}
          |                              ^
      194 |             />
      195 |             {confirmPassword && !passwordsMatch && (
      196 |               <p className="text-sm text-red-600">Passwords do not 
match</p>

      at printWarning 
(node_modules/react-dom/cjs/react-dom.development.js:86:30)
      at error (node_modules/react-dom/cjs/react-dom.development.js:60:7)
      at warnIfUpdatesNotWrappedWithActDEV 
(node_modules/react-dom/cjs/react-dom.development.js:27628:9)
      at scheduleUpdateOnFiber 
(node_modules/react-dom/cjs/react-dom.development.js:25547:5)
      at dispatchSetState 
(node_modules/react-dom/cjs/react-dom.development.js:16708:7)
      at onChange (src/profile/ProfilePage.tsx:193:30)
      at HTMLUnknownElement.callCallback 
(node_modules/react-dom/cjs/react-dom.development.js:4164:14)
      at HTMLUnknownElement.callTheUserObjectsOperation 
(node_modules/jsdom/lib/jsdom/living/generated/EventListener.js:26:30)
      at innerInvokeEventListeners 
(node_modules/jsdom/lib/jsdom/living/events/EventTarget-impl.js:350:25)
      at invokeEventListeners 
(node_modules/jsdom/lib/jsdom/living/events/EventTarget-impl.js:286:3)
      at HTMLUnknownElementImpl._dispatch 
(node_modules/jsdom/lib/jsdom/living/events/EventTarget-impl.js:233:9)
      at HTMLUnknownElementImpl.dispatchEvent 
(node_modules/jsdom/lib/jsdom/living/events/EventTarget-impl.js:104:17)
      at HTMLUnknownElement.dispatchEvent 
(node_modules/jsdom/lib/jsdom/living/generated/EventTarget.js:241:34)
      at Object.invokeGuardedCallbackDev 
(node_modules/react-dom/cjs/react-dom.development.js:4213:16)
      at invokeGuardedCallback 
(node_modules/react-dom/cjs/react-dom.development.js:4277:31)
      at invokeGuardedCallbackAndCatchFirstError 
(node_modules/react-dom/cjs/react-dom.development.js:4291:25)
      at executeDispatch 
(node_modules/react-dom/cjs/react-dom.development.js:9041:3)
      at processDispatchQueueItemsInOrder 
(node_modules/react-dom/cjs/react-dom.development.js:9073:7)
      at processDispatchQueue 
(node_modules/react-dom/cjs/react-dom.development.js:9086:5)
      at dispatchEventsForPlugins 
(node_modules/react-dom/cjs/react-dom.development.js:9097:3)
      at node_modules/react-dom/cjs/react-dom.development.js:9288:12
      at batchedUpdates$1 
(node_modules/react-dom/cjs/react-dom.development.js:26179:12)
      at batchedUpdates 
(node_modules/react-dom/cjs/react-dom.development.js:3991:12)
      at dispatchEventForPluginEventSystem 
(node_modules/react-dom/cjs/react-dom.development.js:9287:3)
      at dispatchEventWithEnableCapturePhaseSelectiveHydrationWithoutDiscreteEv
entReplay (node_modules/react-dom/cjs/react-dom.development.js:6465:5)
      at dispatchEvent 
(node_modules/react-dom/cjs/react-dom.development.js:6457:5)
      at dispatchDiscreteEvent 
(node_modules/react-dom/cjs/react-dom.development.js:6430:5)
      at HTMLDivElement.callTheUserObjectsOperation 
(node_modules/jsdom/lib/jsdom/living/generated/EventListener.js:26:30)
      at innerInvokeEventListeners 
(node_modules/jsdom/lib/jsdom/living/events/EventTarget-impl.js:350:25)
      at invokeEventListeners 
(node_modules/jsdom/lib/jsdom/living/events/EventTarget-impl.js:286:3)
      at HTMLInputElementImpl._dispatch 
(node_modules/jsdom/lib/jsdom/living/events/EventTarget-impl.js:233:9)
      at HTMLInputElementImpl.dispatchEvent 
(node_modules/jsdom/lib/jsdom/living/events/EventTarget-impl.js:104:17)
      at HTMLInputElement.dispatchEvent 
(node_modules/jsdom/lib/jsdom/living/generated/EventTarget.js:241:34)
      at 
node_modules/@testing-library/user-event/dist/cjs/event/dispatchEvent.js:45:43
      at Object.eventWrapper 
(node_modules/@testing-library/dom/dist/config.js:25:23)
      at Object.wrapEvent 
(node_modules/@testing-library/user-event/dist/cjs/event/wrapEvent.js:6:28)
      at Object.dispatchEvent (node_modules/@testing-library/user-event/dist/cj
s/event/dispatchEvent.js:45:22)
      at Object.dispatchUIEvent (node_modules/@testing-library/user-event/dist/
cjs/event/dispatchEvent.js:22:26)
      at commitInput 
(node_modules/@testing-library/user-event/dist/cjs/event/input.js:145:14)
      at editInputElement 
(node_modules/@testing-library/user-event/dist/cjs/event/input.js:115:9)
      at Object.input 
(node_modules/@testing-library/user-event/dist/cjs/event/input.js:37:9)
      at node_modules/@testing-library/user-event/dist/cjs/event/behavior/keypr
ess.js:31:26
      at Object.dispatchEvent (node_modules/@testing-library/user-event/dist/cj
s/event/dispatchEvent.js:41:13)
      at Object.dispatchUIEvent (node_modules/@testing-library/user-event/dist/
cjs/event/dispatchEvent.js:22:26)
      at KeyboardHost.keydown 
(node_modules/@testing-library/user-event/dist/cjs/system/keyboard.js:76:22)
      at keyboardAction 
(node_modules/@testing-library/user-event/dist/cjs/keyboard/index.js:22:35)
      at Object.keyboard 
(node_modules/@testing-library/user-event/dist/cjs/keyboard/index.js:11:15)
      at Object.type 
(node_modules/@testing-library/user-event/dist/cjs/utility/type.js:17:5)
      at Object.<anonymous> (src/profile/__tests__/profile.test.tsx:283:5)

    console.error
      Warning: An update to ProfilePage inside a test was not wrapped in 
act(...).
      
      When testing, code that causes React state updates should be wrapped 
into act(...):
      
      act(() => {
        /* fire events that update state */
      });
      /* assert on the output */
      
      This ensures that you're testing the behavior the user would see in the 
browser. Learn more at https://reactjs.org/link/wrap-tests-with-act
          at ProfilePage (C:\Users\samhe\OneDrive\Desktop\Cleaned\frontend\src\
profile\ProfilePage.tsx:17:41)
          at basenameProp (C:\Users\samhe\OneDrive\Desktop\Cleaned\frontend\nod
e_modules\react-router\lib\components.tsx:421:13)
          at basename (C:\Users\samhe\OneDrive\Desktop\Cleaned\frontend\node_mo
dules\react-router\lib\components.tsx:225:3)

      191 |               className="border border-gray-300 rounded-md px-3 
py-2 text-sm"
      192 |               value={confirmPassword}
    > 193 |               onChange={e => setConfirmPassword(e.target.value)}
          |                              ^
      194 |             />
      195 |             {confirmPassword && !passwordsMatch && (
      196 |               <p className="text-sm text-red-600">Passwords do not 
match</p>

      at printWarning 
(node_modules/react-dom/cjs/react-dom.development.js:86:30)
      at error (node_modules/react-dom/cjs/react-dom.development.js:60:7)
      at warnIfUpdatesNotWrappedWithActDEV 
(node_modules/react-dom/cjs/react-dom.development.js:27628:9)
      at scheduleUpdateOnFiber 
(node_modules/react-dom/cjs/react-dom.development.js:25547:5)
      at dispatchSetState 
(node_modules/react-dom/cjs/react-dom.development.js:16708:7)
      at onChange (src/profile/ProfilePage.tsx:193:30)
      at HTMLUnknownElement.callCallback 
(node_modules/react-dom/cjs/react-dom.development.js:4164:14)
      at HTMLUnknownElement.callTheUserObjectsOperation 
(node_modules/jsdom/lib/jsdom/living/generated/EventListener.js:26:30)
      at innerInvokeEventListeners 
(node_modules/jsdom/lib/jsdom/living/events/EventTarget-impl.js:350:25)
      at invokeEventListeners 
(node_modules/jsdom/lib/jsdom/living/events/EventTarget-impl.js:286:3)
      at HTMLUnknownElementImpl._dispatch 
(node_modules/jsdom/lib/jsdom/living/events/EventTarget-impl.js:233:9)
      at HTMLUnknownElementImpl.dispatchEvent 
(node_modules/jsdom/lib/jsdom/living/events/EventTarget-impl.js:104:17)
      at HTMLUnknownElement.dispatchEvent 
(node_modules/jsdom/lib/jsdom/living/generated/EventTarget.js:241:34)
      at Object.invokeGuardedCallbackDev 
(node_modules/react-dom/cjs/react-dom.development.js:4213:16)
      at invokeGuardedCallback 
(node_modules/react-dom/cjs/react-dom.development.js:4277:31)
      at invokeGuardedCallbackAndCatchFirstError 
(node_modules/react-dom/cjs/react-dom.development.js:4291:25)
      at executeDispatch 
(node_modules/react-dom/cjs/react-dom.development.js:9041:3)
      at processDispatchQueueItemsInOrder 
(node_modules/react-dom/cjs/react-dom.development.js:9073:7)
      at processDispatchQueue 
(node_modules/react-dom/cjs/react-dom.development.js:9086:5)
      at dispatchEventsForPlugins 
(node_modules/react-dom/cjs/react-dom.development.js:9097:3)
      at node_modules/react-dom/cjs/react-dom.development.js:9288:12
      at batchedUpdates$1 
(node_modules/react-dom/cjs/react-dom.development.js:26179:12)
      at batchedUpdates 
(node_modules/react-dom/cjs/react-dom.development.js:3991:12)
      at dispatchEventForPluginEventSystem 
(node_modules/react-dom/cjs/react-dom.development.js:9287:3)
      at dispatchEventWithEnableCapturePhaseSelectiveHydrationWithoutDiscreteEv
entReplay (node_modules/react-dom/cjs/react-dom.development.js:6465:5)
      at dispatchEvent 
(node_modules/react-dom/cjs/react-dom.development.js:6457:5)
      at dispatchDiscreteEvent 
(node_modules/react-dom/cjs/react-dom.development.js:6430:5)
      at HTMLDivElement.callTheUserObjectsOperation 
(node_modules/jsdom/lib/jsdom/living/generated/EventListener.js:26:30)
      at innerInvokeEventListeners 
(node_modules/jsdom/lib/jsdom/living/events/EventTarget-impl.js:350:25)
      at invokeEventListeners 
(node_modules/jsdom/lib/jsdom/living/events/EventTarget-impl.js:286:3)
      at HTMLInputElementImpl._dispatch 
(node_modules/jsdom/lib/jsdom/living/events/EventTarget-impl.js:233:9)
      at HTMLInputElementImpl.dispatchEvent 
(node_modules/jsdom/lib/jsdom/living/events/EventTarget-impl.js:104:17)
      at HTMLInputElement.dispatchEvent 
(node_modules/jsdom/lib/jsdom/living/generated/EventTarget.js:241:34)
      at 
node_modules/@testing-library/user-event/dist/cjs/event/dispatchEvent.js:45:43
      at Object.eventWrapper 
(node_modules/@testing-library/dom/dist/config.js:25:23)
      at Object.wrapEvent 
(node_modules/@testing-library/user-event/dist/cjs/event/wrapEvent.js:6:28)
      at Object.dispatchEvent (node_modules/@testing-library/user-event/dist/cj
s/event/dispatchEvent.js:45:22)
      at Object.dispatchUIEvent (node_modules/@testing-library/user-event/dist/
cjs/event/dispatchEvent.js:22:26)
      at commitInput 
(node_modules/@testing-library/user-event/dist/cjs/event/input.js:145:14)
      at editInputElement 
(node_modules/@testing-library/user-event/dist/cjs/event/input.js:115:9)
      at Object.input 
(node_modules/@testing-library/user-event/dist/cjs/event/input.js:37:9)
      at node_modules/@testing-library/user-event/dist/cjs/event/behavior/keypr
ess.js:31:26
      at Object.dispatchEvent (node_modules/@testing-library/user-event/dist/cj
s/event/dispatchEvent.js:41:13)
      at Object.dispatchUIEvent (node_modules/@testing-library/user-event/dist/
cjs/event/dispatchEvent.js:22:26)
      at KeyboardHost.keydown 
(node_modules/@testing-library/user-event/dist/cjs/system/keyboard.js:76:22)
      at keyboardAction 
(node_modules/@testing-library/user-event/dist/cjs/keyboard/index.js:22:35)
      at Object.keyboard 
(node_modules/@testing-library/user-event/dist/cjs/keyboard/index.js:11:15)
      at Object.type 
(node_modules/@testing-library/user-event/dist/cjs/utility/type.js:17:5)
      at Object.<anonymous> (src/profile/__tests__/profile.test.tsx:283:5)

    console.error
      Warning: An update to ProfilePage inside a test was not wrapped in 
act(...).
      
      When testing, code that causes React state updates should be wrapped 
into act(...):
      
      act(() => {
        /* fire events that update state */
      });
      /* assert on the output */
      
      This ensures that you're testing the behavior the user would see in the 
browser. Learn more at https://reactjs.org/link/wrap-tests-with-act
          at ProfilePage (C:\Users\samhe\OneDrive\Desktop\Cleaned\frontend\src\
profile\ProfilePage.tsx:17:41)
          at basenameProp (C:\Users\samhe\OneDrive\Desktop\Cleaned\frontend\nod
e_modules\react-router\lib\components.tsx:421:13)
          at basename (C:\Users\samhe\OneDrive\Desktop\Cleaned\frontend\node_mo
dules\react-router\lib\components.tsx:225:3)

      191 |               className="border border-gray-300 rounded-md px-3 
py-2 text-sm"
      192 |               value={confirmPassword}
    > 193 |               onChange={e => setConfirmPassword(e.target.value)}
          |                              ^
      194 |             />
      195 |             {confirmPassword && !passwordsMatch && (
      196 |               <p className="text-sm text-red-600">Passwords do not 
match</p>

      at printWarning 
(node_modules/react-dom/cjs/react-dom.development.js:86:30)
      at error (node_modules/react-dom/cjs/react-dom.development.js:60:7)
      at warnIfUpdatesNotWrappedWithActDEV 
(node_modules/react-dom/cjs/react-dom.development.js:27628:9)
      at scheduleUpdateOnFiber 
(node_modules/react-dom/cjs/react-dom.development.js:25547:5)
      at dispatchSetState 
(node_modules/react-dom/cjs/react-dom.development.js:16708:7)
      at onChange (src/profile/ProfilePage.tsx:193:30)
      at HTMLUnknownElement.callCallback 
(node_modules/react-dom/cjs/react-dom.development.js:4164:14)
      at HTMLUnknownElement.callTheUserObjectsOperation 
(node_modules/jsdom/lib/jsdom/living/generated/EventListener.js:26:30)
      at innerInvokeEventListeners 
(node_modules/jsdom/lib/jsdom/living/events/EventTarget-impl.js:350:25)
      at invokeEventListeners 
(node_modules/jsdom/lib/jsdom/living/events/EventTarget-impl.js:286:3)
      at HTMLUnknownElementImpl._dispatch 
(node_modules/jsdom/lib/jsdom/living/events/EventTarget-impl.js:233:9)
      at HTMLUnknownElementImpl.dispatchEvent 
(node_modules/jsdom/lib/jsdom/living/events/EventTarget-impl.js:104:17)
      at HTMLUnknownElement.dispatchEvent 
(node_modules/jsdom/lib/jsdom/living/generated/EventTarget.js:241:34)
      at Object.invokeGuardedCallbackDev 
(node_modules/react-dom/cjs/react-dom.development.js:4213:16)
      at invokeGuardedCallback 
(node_modules/react-dom/cjs/react-dom.development.js:4277:31)
      at invokeGuardedCallbackAndCatchFirstError 
(node_modules/react-dom/cjs/react-dom.development.js:4291:25)
      at executeDispatch 
(node_modules/react-dom/cjs/react-dom.development.js:9041:3)
      at processDispatchQueueItemsInOrder 
(node_modules/react-dom/cjs/react-dom.development.js:9073:7)
      at processDispatchQueue 
(node_modules/react-dom/cjs/react-dom.development.js:9086:5)
      at dispatchEventsForPlugins 
(node_modules/react-dom/cjs/react-dom.development.js:9097:3)
      at node_modules/react-dom/cjs/react-dom.development.js:9288:12
      at batchedUpdates$1 
(node_modules/react-dom/cjs/react-dom.development.js:26179:12)
      at batchedUpdates 
(node_modules/react-dom/cjs/react-dom.development.js:3991:12)
      at dispatchEventForPluginEventSystem 
(node_modules/react-dom/cjs/react-dom.development.js:9287:3)
      at dispatchEventWithEnableCapturePhaseSelectiveHydrationWithoutDiscreteEv
entReplay (node_modules/react-dom/cjs/react-dom.development.js:6465:5)
      at dispatchEvent 
(node_modules/react-dom/cjs/react-dom.development.js:6457:5)
      at dispatchDiscreteEvent 
(node_modules/react-dom/cjs/react-dom.development.js:6430:5)
      at HTMLDivElement.callTheUserObjectsOperation 
(node_modules/jsdom/lib/jsdom/living/generated/EventListener.js:26:30)
      at innerInvokeEventListeners 
(node_modules/jsdom/lib/jsdom/living/events/EventTarget-impl.js:350:25)
      at invokeEventListeners 
(node_modules/jsdom/lib/jsdom/living/events/EventTarget-impl.js:286:3)
      at HTMLInputElementImpl._dispatch 
(node_modules/jsdom/lib/jsdom/living/events/EventTarget-impl.js:233:9)
      at HTMLInputElementImpl.dispatchEvent 
(node_modules/jsdom/lib/jsdom/living/events/EventTarget-impl.js:104:17)
      at HTMLInputElement.dispatchEvent 
(node_modules/jsdom/lib/jsdom/living/generated/EventTarget.js:241:34)
      at 
node_modules/@testing-library/user-event/dist/cjs/event/dispatchEvent.js:45:43
      at Object.eventWrapper 
(node_modules/@testing-library/dom/dist/config.js:25:23)
      at Object.wrapEvent 
(node_modules/@testing-library/user-event/dist/cjs/event/wrapEvent.js:6:28)
      at Object.dispatchEvent (node_modules/@testing-library/user-event/dist/cj
s/event/dispatchEvent.js:45:22)
      at Object.dispatchUIEvent (node_modules/@testing-library/user-event/dist/
cjs/event/dispatchEvent.js:22:26)
      at commitInput 
(node_modules/@testing-library/user-event/dist/cjs/event/input.js:145:14)
      at editInputElement 
(node_modules/@testing-library/user-event/dist/cjs/event/input.js:115:9)
      at Object.input 
(node_modules/@testing-library/user-event/dist/cjs/event/input.js:37:9)
      at node_modules/@testing-library/user-event/dist/cjs/event/behavior/keypr
ess.js:31:26
      at Object.dispatchEvent (node_modules/@testing-library/user-event/dist/cj
s/event/dispatchEvent.js:41:13)
      at Object.dispatchUIEvent (node_modules/@testing-library/user-event/dist/
cjs/event/dispatchEvent.js:22:26)
      at KeyboardHost.keydown 
(node_modules/@testing-library/user-event/dist/cjs/system/keyboard.js:76:22)
      at keyboardAction 
(node_modules/@testing-library/user-event/dist/cjs/keyboard/index.js:22:35)
      at Object.keyboard 
(node_modules/@testing-library/user-event/dist/cjs/keyboard/index.js:11:15)
      at Object.type 
(node_modules/@testing-library/user-event/dist/cjs/utility/type.js:17:5)
      at Object.<anonymous> (src/profile/__tests__/profile.test.tsx:283:5)

    console.error
      Warning: An update to ProfilePage inside a test was not wrapped in 
act(...).
      
      When testing, code that causes React state updates should be wrapped 
into act(...):
      
      act(() => {
        /* fire events that update state */
      });
      /* assert on the output */
      
      This ensures that you're testing the behavior the user would see in the 
browser. Learn more at https://reactjs.org/link/wrap-tests-with-act
          at ProfilePage (C:\Users\samhe\OneDrive\Desktop\Cleaned\frontend\src\
profile\ProfilePage.tsx:17:41)
          at basenameProp (C:\Users\samhe\OneDrive\Desktop\Cleaned\frontend\nod
e_modules\react-router\lib\components.tsx:421:13)
          at basename (C:\Users\samhe\OneDrive\Desktop\Cleaned\frontend\node_mo
dules\react-router\lib\components.tsx:225:3)

      191 |               className="border border-gray-300 rounded-md px-3 
py-2 text-sm"
      192 |               value={confirmPassword}
    > 193 |               onChange={e => setConfirmPassword(e.target.value)}
          |                              ^
      194 |             />
      195 |             {confirmPassword && !passwordsMatch && (
      196 |               <p className="text-sm text-red-600">Passwords do not 
match</p>

      at printWarning 
(node_modules/react-dom/cjs/react-dom.development.js:86:30)
      at error (node_modules/react-dom/cjs/react-dom.development.js:60:7)
      at warnIfUpdatesNotWrappedWithActDEV 
(node_modules/react-dom/cjs/react-dom.development.js:27628:9)
      at scheduleUpdateOnFiber 
(node_modules/react-dom/cjs/react-dom.development.js:25547:5)
      at dispatchSetState 
(node_modules/react-dom/cjs/react-dom.development.js:16708:7)
      at onChange (src/profile/ProfilePage.tsx:193:30)
      at HTMLUnknownElement.callCallback 
(node_modules/react-dom/cjs/react-dom.development.js:4164:14)
      at HTMLUnknownElement.callTheUserObjectsOperation 
(node_modules/jsdom/lib/jsdom/living/generated/EventListener.js:26:30)
      at innerInvokeEventListeners 
(node_modules/jsdom/lib/jsdom/living/events/EventTarget-impl.js:350:25)
      at invokeEventListeners 
(node_modules/jsdom/lib/jsdom/living/events/EventTarget-impl.js:286:3)
      at HTMLUnknownElementImpl._dispatch 
(node_modules/jsdom/lib/jsdom/living/events/EventTarget-impl.js:233:9)
      at HTMLUnknownElementImpl.dispatchEvent 
(node_modules/jsdom/lib/jsdom/living/events/EventTarget-impl.js:104:17)
      at HTMLUnknownElement.dispatchEvent 
(node_modules/jsdom/lib/jsdom/living/generated/EventTarget.js:241:34)
      at Object.invokeGuardedCallbackDev 
(node_modules/react-dom/cjs/react-dom.development.js:4213:16)
      at invokeGuardedCallback 
(node_modules/react-dom/cjs/react-dom.development.js:4277:31)
      at invokeGuardedCallbackAndCatchFirstError 
(node_modules/react-dom/cjs/react-dom.development.js:4291:25)
      at executeDispatch 
(node_modules/react-dom/cjs/react-dom.development.js:9041:3)
      at processDispatchQueueItemsInOrder 
(node_modules/react-dom/cjs/react-dom.development.js:9073:7)
      at processDispatchQueue 
(node_modules/react-dom/cjs/react-dom.development.js:9086:5)
      at dispatchEventsForPlugins 
(node_modules/react-dom/cjs/react-dom.development.js:9097:3)
      at node_modules/react-dom/cjs/react-dom.development.js:9288:12
      at batchedUpdates$1 
(node_modules/react-dom/cjs/react-dom.development.js:26179:12)
      at batchedUpdates 
(node_modules/react-dom/cjs/react-dom.development.js:3991:12)
      at dispatchEventForPluginEventSystem 
(node_modules/react-dom/cjs/react-dom.development.js:9287:3)
      at dispatchEventWithEnableCapturePhaseSelectiveHydrationWithoutDiscreteEv
entReplay (node_modules/react-dom/cjs/react-dom.development.js:6465:5)
      at dispatchEvent 
(node_modules/react-dom/cjs/react-dom.development.js:6457:5)
      at dispatchDiscreteEvent 
(node_modules/react-dom/cjs/react-dom.development.js:6430:5)
      at HTMLDivElement.callTheUserObjectsOperation 
(node_modules/jsdom/lib/jsdom/living/generated/EventListener.js:26:30)
      at innerInvokeEventListeners 
(node_modules/jsdom/lib/jsdom/living/events/EventTarget-impl.js:350:25)
      at invokeEventListeners 
(node_modules/jsdom/lib/jsdom/living/events/EventTarget-impl.js:286:3)
      at HTMLInputElementImpl._dispatch 
(node_modules/jsdom/lib/jsdom/living/events/EventTarget-impl.js:233:9)
      at HTMLInputElementImpl.dispatchEvent 
(node_modules/jsdom/lib/jsdom/living/events/EventTarget-impl.js:104:17)
      at HTMLInputElement.dispatchEvent 
(node_modules/jsdom/lib/jsdom/living/generated/EventTarget.js:241:34)
      at 
node_modules/@testing-library/user-event/dist/cjs/event/dispatchEvent.js:45:43
      at Object.eventWrapper 
(node_modules/@testing-library/dom/dist/config.js:25:23)
      at Object.wrapEvent 
(node_modules/@testing-library/user-event/dist/cjs/event/wrapEvent.js:6:28)
      at Object.dispatchEvent (node_modules/@testing-library/user-event/dist/cj
s/event/dispatchEvent.js:45:22)
      at Object.dispatchUIEvent (node_modules/@testing-library/user-event/dist/
cjs/event/dispatchEvent.js:22:26)
      at commitInput 
(node_modules/@testing-library/user-event/dist/cjs/event/input.js:145:14)
      at editInputElement 
(node_modules/@testing-library/user-event/dist/cjs/event/input.js:115:9)
      at Object.input 
(node_modules/@testing-library/user-event/dist/cjs/event/input.js:37:9)
      at node_modules/@testing-library/user-event/dist/cjs/event/behavior/keypr
ess.js:31:26
      at Object.dispatchEvent (node_modules/@testing-library/user-event/dist/cj
s/event/dispatchEvent.js:41:13)
      at Object.dispatchUIEvent (node_modules/@testing-library/user-event/dist/
cjs/event/dispatchEvent.js:22:26)
      at KeyboardHost.keydown 
(node_modules/@testing-library/user-event/dist/cjs/system/keyboard.js:76:22)
      at keyboardAction 
(node_modules/@testing-library/user-event/dist/cjs/keyboard/index.js:22:35)
      at Object.keyboard 
(node_modules/@testing-library/user-event/dist/cjs/keyboard/index.js:11:15)
      at Object.type 
(node_modules/@testing-library/user-event/dist/cjs/utility/type.js:17:5)
      at Object.<anonymous> (src/profile/__tests__/profile.test.tsx:283:5)

    console.error
      Warning: An update to ProfilePage inside a test was not wrapped in 
act(...).
      
      When testing, code that causes React state updates should be wrapped 
into act(...):
      
      act(() => {
        /* fire events that update state */
      });
      /* assert on the output */
      
      This ensures that you're testing the behavior the user would see in the 
browser. Learn more at https://reactjs.org/link/wrap-tests-with-act
          at ProfilePage (C:\Users\samhe\OneDrive\Desktop\Cleaned\frontend\src\
profile\ProfilePage.tsx:17:41)
          at basenameProp (C:\Users\samhe\OneDrive\Desktop\Cleaned\frontend\nod
e_modules\react-router\lib\components.tsx:421:13)
          at basename (C:\Users\samhe\OneDrive\Desktop\Cleaned\frontend\node_mo
dules\react-router\lib\components.tsx:225:3)

      159 |               className="border border-gray-300 rounded-md px-3 
py-2 text-sm"
      160 |               value={currentPassword}
    > 161 |               onChange={e => setCurrentPassword(e.target.value)}
          |                              ^
      162 |             />
      163 |           </div>
      164 |

      at printWarning 
(node_modules/react-dom/cjs/react-dom.development.js:86:30)
      at error (node_modules/react-dom/cjs/react-dom.development.js:60:7)
      at warnIfUpdatesNotWrappedWithActDEV 
(node_modules/react-dom/cjs/react-dom.development.js:27628:9)
      at scheduleUpdateOnFiber 
(node_modules/react-dom/cjs/react-dom.development.js:25547:5)
      at dispatchSetState 
(node_modules/react-dom/cjs/react-dom.development.js:16708:7)
      at onChange (src/profile/ProfilePage.tsx:161:30)
      at HTMLUnknownElement.callCallback 
(node_modules/react-dom/cjs/react-dom.development.js:4164:14)
      at HTMLUnknownElement.callTheUserObjectsOperation 
(node_modules/jsdom/lib/jsdom/living/generated/EventListener.js:26:30)
      at innerInvokeEventListeners 
(node_modules/jsdom/lib/jsdom/living/events/EventTarget-impl.js:350:25)
      at invokeEventListeners 
(node_modules/jsdom/lib/jsdom/living/events/EventTarget-impl.js:286:3)
      at HTMLUnknownElementImpl._dispatch 
(node_modules/jsdom/lib/jsdom/living/events/EventTarget-impl.js:233:9)
      at HTMLUnknownElementImpl.dispatchEvent 
(node_modules/jsdom/lib/jsdom/living/events/EventTarget-impl.js:104:17)
      at HTMLUnknownElement.dispatchEvent 
(node_modules/jsdom/lib/jsdom/living/generated/EventTarget.js:241:34)
      at Object.invokeGuardedCallbackDev 
(node_modules/react-dom/cjs/react-dom.development.js:4213:16)
      at invokeGuardedCallback 
(node_modules/react-dom/cjs/react-dom.development.js:4277:31)
      at invokeGuardedCallbackAndCatchFirstError 
(node_modules/react-dom/cjs/react-dom.development.js:4291:25)
      at executeDispatch 
(node_modules/react-dom/cjs/react-dom.development.js:9041:3)
      at processDispatchQueueItemsInOrder 
(node_modules/react-dom/cjs/react-dom.development.js:9073:7)
      at processDispatchQueue 
(node_modules/react-dom/cjs/react-dom.development.js:9086:5)
      at dispatchEventsForPlugins 
(node_modules/react-dom/cjs/react-dom.development.js:9097:3)
      at node_modules/react-dom/cjs/react-dom.development.js:9288:12
      at batchedUpdates$1 
(node_modules/react-dom/cjs/react-dom.development.js:26179:12)
      at batchedUpdates 
(node_modules/react-dom/cjs/react-dom.development.js:3991:12)
      at dispatchEventForPluginEventSystem 
(node_modules/react-dom/cjs/react-dom.development.js:9287:3)
      at dispatchEventWithEnableCapturePhaseSelectiveHydrationWithoutDiscreteEv
entReplay (node_modules/react-dom/cjs/react-dom.development.js:6465:5)
      at dispatchEvent 
(node_modules/react-dom/cjs/react-dom.development.js:6457:5)
      at dispatchDiscreteEvent 
(node_modules/react-dom/cjs/react-dom.development.js:6430:5)
      at HTMLDivElement.callTheUserObjectsOperation 
(node_modules/jsdom/lib/jsdom/living/generated/EventListener.js:26:30)
      at innerInvokeEventListeners 
(node_modules/jsdom/lib/jsdom/living/events/EventTarget-impl.js:350:25)
      at invokeEventListeners 
(node_modules/jsdom/lib/jsdom/living/events/EventTarget-impl.js:286:3)
      at HTMLInputElementImpl._dispatch 
(node_modules/jsdom/lib/jsdom/living/events/EventTarget-impl.js:233:9)
      at HTMLInputElementImpl.dispatchEvent 
(node_modules/jsdom/lib/jsdom/living/events/EventTarget-impl.js:104:17)
      at HTMLInputElement.dispatchEvent 
(node_modules/jsdom/lib/jsdom/living/generated/EventTarget.js:241:34)
      at 
node_modules/@testing-library/user-event/dist/cjs/event/dispatchEvent.js:45:43
      at Object.eventWrapper 
(node_modules/@testing-library/dom/dist/config.js:25:23)
      at Object.wrapEvent 
(node_modules/@testing-library/user-event/dist/cjs/event/wrapEvent.js:6:28)
      at Object.dispatchEvent (node_modules/@testing-library/user-event/dist/cj
s/event/dispatchEvent.js:45:22)
      at Object.dispatchUIEvent (node_modules/@testing-library/user-event/dist/
cjs/event/dispatchEvent.js:22:26)
      at commitInput 
(node_modules/@testing-library/user-event/dist/cjs/event/input.js:145:14)
      at editInputElement 
(node_modules/@testing-library/user-event/dist/cjs/event/input.js:115:9)
      at Object.input 
(node_modules/@testing-library/user-event/dist/cjs/event/input.js:37:9)
      at node_modules/@testing-library/user-event/dist/cjs/event/behavior/keypr
ess.js:31:26
      at Object.dispatchEvent (node_modules/@testing-library/user-event/dist/cj
s/event/dispatchEvent.js:41:13)
      at Object.dispatchUIEvent (node_modules/@testing-library/user-event/dist/
cjs/event/dispatchEvent.js:22:26)
      at KeyboardHost.keydown 
(node_modules/@testing-library/user-event/dist/cjs/system/keyboard.js:76:22)
      at keyboardAction 
(node_modules/@testing-library/user-event/dist/cjs/keyboard/index.js:22:35)
      at Object.keyboard 
(node_modules/@testing-library/user-event/dist/cjs/keyboard/index.js:11:15)
      at Object.type 
(node_modules/@testing-library/user-event/dist/cjs/utility/type.js:17:5)
      at Object.<anonymous> (src/profile/__tests__/profile.test.tsx:299:5)

    console.error
      Warning: An update to ProfilePage inside a test was not wrapped in 
act(...).
      
      When testing, code that causes React state updates should be wrapped 
into act(...):
      
      act(() => {
        /* fire events that update state */
      });
      /* assert on the output */
      
      This ensures that you're testing the behavior the user would see in the 
browser. Learn more at https://reactjs.org/link/wrap-tests-with-act
          at ProfilePage (C:\Users\samhe\OneDrive\Desktop\Cleaned\frontend\src\
profile\ProfilePage.tsx:17:41)
          at basenameProp (C:\Users\samhe\OneDrive\Desktop\Cleaned\frontend\nod
e_modules\react-router\lib\components.tsx:421:13)
          at basename (C:\Users\samhe\OneDrive\Desktop\Cleaned\frontend\node_mo
dules\react-router\lib\components.tsx:225:3)

      159 |               className="border border-gray-300 rounded-md px-3 
py-2 text-sm"
      160 |               value={currentPassword}
    > 161 |               onChange={e => setCurrentPassword(e.target.value)}
          |                              ^
      162 |             />
      163 |           </div>
      164 |

      at printWarning 
(node_modules/react-dom/cjs/react-dom.development.js:86:30)
      at error (node_modules/react-dom/cjs/react-dom.development.js:60:7)
      at warnIfUpdatesNotWrappedWithActDEV 
(node_modules/react-dom/cjs/react-dom.development.js:27628:9)
      at scheduleUpdateOnFiber 
(node_modules/react-dom/cjs/react-dom.development.js:25547:5)
      at dispatchSetState 
(node_modules/react-dom/cjs/react-dom.development.js:16708:7)
      at onChange (src/profile/ProfilePage.tsx:161:30)
      at HTMLUnknownElement.callCallback 
(node_modules/react-dom/cjs/react-dom.development.js:4164:14)
      at HTMLUnknownElement.callTheUserObjectsOperation 
(node_modules/jsdom/lib/jsdom/living/generated/EventListener.js:26:30)
      at innerInvokeEventListeners 
(node_modules/jsdom/lib/jsdom/living/events/EventTarget-impl.js:350:25)
      at invokeEventListeners 
(node_modules/jsdom/lib/jsdom/living/events/EventTarget-impl.js:286:3)
      at HTMLUnknownElementImpl._dispatch 
(node_modules/jsdom/lib/jsdom/living/events/EventTarget-impl.js:233:9)
      at HTMLUnknownElementImpl.dispatchEvent 
(node_modules/jsdom/lib/jsdom/living/events/EventTarget-impl.js:104:17)
      at HTMLUnknownElement.dispatchEvent 
(node_modules/jsdom/lib/jsdom/living/generated/EventTarget.js:241:34)
      at Object.invokeGuardedCallbackDev 
(node_modules/react-dom/cjs/react-dom.development.js:4213:16)
      at invokeGuardedCallback 
(node_modules/react-dom/cjs/react-dom.development.js:4277:31)
      at invokeGuardedCallbackAndCatchFirstError 
(node_modules/react-dom/cjs/react-dom.development.js:4291:25)
      at executeDispatch 
(node_modules/react-dom/cjs/react-dom.development.js:9041:3)
      at processDispatchQueueItemsInOrder 
(node_modules/react-dom/cjs/react-dom.development.js:9073:7)
      at processDispatchQueue 
(node_modules/react-dom/cjs/react-dom.development.js:9086:5)
      at dispatchEventsForPlugins 
(node_modules/react-dom/cjs/react-dom.development.js:9097:3)
      at node_modules/react-dom/cjs/react-dom.development.js:9288:12
      at batchedUpdates$1 
(node_modules/react-dom/cjs/react-dom.development.js:26179:12)
      at batchedUpdates 
(node_modules/react-dom/cjs/react-dom.development.js:3991:12)
      at dispatchEventForPluginEventSystem 
(node_modules/react-dom/cjs/react-dom.development.js:9287:3)
      at dispatchEventWithEnableCapturePhaseSelectiveHydrationWithoutDiscreteEv
entReplay (node_modules/react-dom/cjs/react-dom.development.js:6465:5)
      at dispatchEvent 
(node_modules/react-dom/cjs/react-dom.development.js:6457:5)
      at dispatchDiscreteEvent 
(node_modules/react-dom/cjs/react-dom.development.js:6430:5)
      at HTMLDivElement.callTheUserObjectsOperation 
(node_modules/jsdom/lib/jsdom/living/generated/EventListener.js:26:30)
      at innerInvokeEventListeners 
(node_modules/jsdom/lib/jsdom/living/events/EventTarget-impl.js:350:25)
      at invokeEventListeners 
(node_modules/jsdom/lib/jsdom/living/events/EventTarget-impl.js:286:3)
      at HTMLInputElementImpl._dispatch 
(node_modules/jsdom/lib/jsdom/living/events/EventTarget-impl.js:233:9)
      at HTMLInputElementImpl.dispatchEvent 
(node_modules/jsdom/lib/jsdom/living/events/EventTarget-impl.js:104:17)
      at HTMLInputElement.dispatchEvent 
(node_modules/jsdom/lib/jsdom/living/generated/EventTarget.js:241:34)
      at 
node_modules/@testing-library/user-event/dist/cjs/event/dispatchEvent.js:45:43
      at Object.eventWrapper 
(node_modules/@testing-library/dom/dist/config.js:25:23)
      at Object.wrapEvent 
(node_modules/@testing-library/user-event/dist/cjs/event/wrapEvent.js:6:28)
      at Object.dispatchEvent (node_modules/@testing-library/user-event/dist/cj
s/event/dispatchEvent.js:45:22)
      at Object.dispatchUIEvent (node_modules/@testing-library/user-event/dist/
cjs/event/dispatchEvent.js:22:26)
      at commitInput 
(node_modules/@testing-library/user-event/dist/cjs/event/input.js:145:14)
      at editInputElement 
(node_modules/@testing-library/user-event/dist/cjs/event/input.js:115:9)
      at Object.input 
(node_modules/@testing-library/user-event/dist/cjs/event/input.js:37:9)
      at node_modules/@testing-library/user-event/dist/cjs/event/behavior/keypr
ess.js:31:26
      at Object.dispatchEvent (node_modules/@testing-library/user-event/dist/cj
s/event/dispatchEvent.js:41:13)
      at Object.dispatchUIEvent (node_modules/@testing-library/user-event/dist/
cjs/event/dispatchEvent.js:22:26)
      at KeyboardHost.keydown 
(node_modules/@testing-library/user-event/dist/cjs/system/keyboard.js:76:22)
      at keyboardAction 
(node_modules/@testing-library/user-event/dist/cjs/keyboard/index.js:22:35)
      at Object.keyboard 
(node_modules/@testing-library/user-event/dist/cjs/keyboard/index.js:11:15)
      at Object.type 
(node_modules/@testing-library/user-event/dist/cjs/utility/type.js:17:5)
      at Object.<anonymous> (src/profile/__tests__/profile.test.tsx:299:5)

    console.error
      Warning: An update to ProfilePage inside a test was not wrapped in 
act(...).
      
      When testing, code that causes React state updates should be wrapped 
into act(...):
      
      act(() => {
        /* fire events that update state */
      });
      /* assert on the output */
      
      This ensures that you're testing the behavior the user would see in the 
browser. Learn more at https://reactjs.org/link/wrap-tests-with-act
          at ProfilePage (C:\Users\samhe\OneDrive\Desktop\Cleaned\frontend\src\
profile\ProfilePage.tsx:17:41)
          at basenameProp (C:\Users\samhe\OneDrive\Desktop\Cleaned\frontend\nod
e_modules\react-router\lib\components.tsx:421:13)
          at basename (C:\Users\samhe\OneDrive\Desktop\Cleaned\frontend\node_mo
dules\react-router\lib\components.tsx:225:3)

      159 |               className="border border-gray-300 rounded-md px-3 
py-2 text-sm"
      160 |               value={currentPassword}
    > 161 |               onChange={e => setCurrentPassword(e.target.value)}
          |                              ^
      162 |             />
      163 |           </div>
      164 |

      at printWarning 
(node_modules/react-dom/cjs/react-dom.development.js:86:30)
      at error (node_modules/react-dom/cjs/react-dom.development.js:60:7)
      at warnIfUpdatesNotWrappedWithActDEV 
(node_modules/react-dom/cjs/react-dom.development.js:27628:9)
      at scheduleUpdateOnFiber 
(node_modules/react-dom/cjs/react-dom.development.js:25547:5)
      at dispatchSetState 
(node_modules/react-dom/cjs/react-dom.development.js:16708:7)
      at onChange (src/profile/ProfilePage.tsx:161:30)
      at HTMLUnknownElement.callCallback 
(node_modules/react-dom/cjs/react-dom.development.js:4164:14)
      at HTMLUnknownElement.callTheUserObjectsOperation 
(node_modules/jsdom/lib/jsdom/living/generated/EventListener.js:26:30)
      at innerInvokeEventListeners 
(node_modules/jsdom/lib/jsdom/living/events/EventTarget-impl.js:350:25)
      at invokeEventListeners 
(node_modules/jsdom/lib/jsdom/living/events/EventTarget-impl.js:286:3)
      at HTMLUnknownElementImpl._dispatch 
(node_modules/jsdom/lib/jsdom/living/events/EventTarget-impl.js:233:9)
      at HTMLUnknownElementImpl.dispatchEvent 
(node_modules/jsdom/lib/jsdom/living/events/EventTarget-impl.js:104:17)
      at HTMLUnknownElement.dispatchEvent 
(node_modules/jsdom/lib/jsdom/living/generated/EventTarget.js:241:34)
      at Object.invokeGuardedCallbackDev 
(node_modules/react-dom/cjs/react-dom.development.js:4213:16)
      at invokeGuardedCallback 
(node_modules/react-dom/cjs/react-dom.development.js:4277:31)
      at invokeGuardedCallbackAndCatchFirstError 
(node_modules/react-dom/cjs/react-dom.development.js:4291:25)
      at executeDispatch 
(node_modules/react-dom/cjs/react-dom.development.js:9041:3)
      at processDispatchQueueItemsInOrder 
(node_modules/react-dom/cjs/react-dom.development.js:9073:7)
      at processDispatchQueue 
(node_modules/react-dom/cjs/react-dom.development.js:9086:5)
      at dispatchEventsForPlugins 
(node_modules/react-dom/cjs/react-dom.development.js:9097:3)
      at node_modules/react-dom/cjs/react-dom.development.js:9288:12
      at batchedUpdates$1 
(node_modules/react-dom/cjs/react-dom.development.js:26179:12)
      at batchedUpdates 
(node_modules/react-dom/cjs/react-dom.development.js:3991:12)
      at dispatchEventForPluginEventSystem 
(node_modules/react-dom/cjs/react-dom.development.js:9287:3)
      at dispatchEventWithEnableCapturePhaseSelectiveHydrationWithoutDiscreteEv
entReplay (node_modules/react-dom/cjs/react-dom.development.js:6465:5)
      at dispatchEvent 
(node_modules/react-dom/cjs/react-dom.development.js:6457:5)
      at dispatchDiscreteEvent 
(node_modules/react-dom/cjs/react-dom.development.js:6430:5)
      at HTMLDivElement.callTheUserObjectsOperation 
(node_modules/jsdom/lib/jsdom/living/generated/EventListener.js:26:30)
      at innerInvokeEventListeners 
(node_modules/jsdom/lib/jsdom/living/events/EventTarget-impl.js:350:25)
      at invokeEventListeners 
(node_modules/jsdom/lib/jsdom/living/events/EventTarget-impl.js:286:3)
      at HTMLInputElementImpl._dispatch 
(node_modules/jsdom/lib/jsdom/living/events/EventTarget-impl.js:233:9)
      at HTMLInputElementImpl.dispatchEvent 
(node_modules/jsdom/lib/jsdom/living/events/EventTarget-impl.js:104:17)
      at HTMLInputElement.dispatchEvent 
(node_modules/jsdom/lib/jsdom/living/generated/EventTarget.js:241:34)
      at 
node_modules/@testing-library/user-event/dist/cjs/event/dispatchEvent.js:45:43
      at Object.eventWrapper 
(node_modules/@testing-library/dom/dist/config.js:25:23)
      at Object.wrapEvent 
(node_modules/@testing-library/user-event/dist/cjs/event/wrapEvent.js:6:28)
      at Object.dispatchEvent (node_modules/@testing-library/user-event/dist/cj
s/event/dispatchEvent.js:45:22)
      at Object.dispatchUIEvent (node_modules/@testing-library/user-event/dist/
cjs/event/dispatchEvent.js:22:26)
      at commitInput 
(node_modules/@testing-library/user-event/dist/cjs/event/input.js:145:14)
      at editInputElement 
(node_modules/@testing-library/user-event/dist/cjs/event/input.js:115:9)
      at Object.input 
(node_modules/@testing-library/user-event/dist/cjs/event/input.js:37:9)
      at node_modules/@testing-library/user-event/dist/cjs/event/behavior/keypr
ess.js:31:26
      at Object.dispatchEvent (node_modules/@testing-library/user-event/dist/cj
s/event/dispatchEvent.js:41:13)
      at Object.dispatchUIEvent (node_modules/@testing-library/user-event/dist/
cjs/event/dispatchEvent.js:22:26)
      at KeyboardHost.keydown 
(node_modules/@testing-library/user-event/dist/cjs/system/keyboard.js:76:22)
      at keyboardAction 
(node_modules/@testing-library/user-event/dist/cjs/keyboard/index.js:22:35)
      at Object.keyboard 
(node_modules/@testing-library/user-event/dist/cjs/keyboard/index.js:11:15)
      at Object.type 
(node_modules/@testing-library/user-event/dist/cjs/utility/type.js:17:5)
      at Object.<anonymous> (src/profile/__tests__/profile.test.tsx:299:5)

    console.error
      Warning: An update to ProfilePage inside a test was not wrapped in 
act(...).
      
      When testing, code that causes React state updates should be wrapped 
into act(...):
      
      act(() => {
        /* fire events that update state */
      });
      /* assert on the output */
      
      This ensures that you're testing the behavior the user would see in the 
browser. Learn more at https://reactjs.org/link/wrap-tests-with-act
          at ProfilePage (C:\Users\samhe\OneDrive\Desktop\Cleaned\frontend\src\
profile\ProfilePage.tsx:17:41)
          at basenameProp (C:\Users\samhe\OneDrive\Desktop\Cleaned\frontend\nod
e_modules\react-router\lib\components.tsx:421:13)
          at basename (C:\Users\samhe\OneDrive\Desktop\Cleaned\frontend\node_mo
dules\react-router\lib\components.tsx:225:3)

      159 |               className="border border-gray-300 rounded-md px-3 
py-2 text-sm"
      160 |               value={currentPassword}
    > 161 |               onChange={e => setCurrentPassword(e.target.value)}
          |                              ^
      162 |             />
      163 |           </div>
      164 |

      at printWarning 
(node_modules/react-dom/cjs/react-dom.development.js:86:30)
      at error (node_modules/react-dom/cjs/react-dom.development.js:60:7)
      at warnIfUpdatesNotWrappedWithActDEV 
(node_modules/react-dom/cjs/react-dom.development.js:27628:9)
      at scheduleUpdateOnFiber 
(node_modules/react-dom/cjs/react-dom.development.js:25547:5)
      at dispatchSetState 
(node_modules/react-dom/cjs/react-dom.development.js:16708:7)
      at onChange (src/profile/ProfilePage.tsx:161:30)
      at HTMLUnknownElement.callCallback 
(node_modules/react-dom/cjs/react-dom.development.js:4164:14)
      at HTMLUnknownElement.callTheUserObjectsOperation 
(node_modules/jsdom/lib/jsdom/living/generated/EventListener.js:26:30)
      at innerInvokeEventListeners 
(node_modules/jsdom/lib/jsdom/living/events/EventTarget-impl.js:350:25)
      at invokeEventListeners 
(node_modules/jsdom/lib/jsdom/living/events/EventTarget-impl.js:286:3)
      at HTMLUnknownElementImpl._dispatch 
(node_modules/jsdom/lib/jsdom/living/events/EventTarget-impl.js:233:9)
      at HTMLUnknownElementImpl.dispatchEvent 
(node_modules/jsdom/lib/jsdom/living/events/EventTarget-impl.js:104:17)
      at HTMLUnknownElement.dispatchEvent 
(node_modules/jsdom/lib/jsdom/living/generated/EventTarget.js:241:34)
      at Object.invokeGuardedCallbackDev 
(node_modules/react-dom/cjs/react-dom.development.js:4213:16)
      at invokeGuardedCallback 
(node_modules/react-dom/cjs/react-dom.development.js:4277:31)
      at invokeGuardedCallbackAndCatchFirstError 
(node_modules/react-dom/cjs/react-dom.development.js:4291:25)
      at executeDispatch 
(node_modules/react-dom/cjs/react-dom.development.js:9041:3)
      at processDispatchQueueItemsInOrder 
(node_modules/react-dom/cjs/react-dom.development.js:9073:7)
      at processDispatchQueue 
(node_modules/react-dom/cjs/react-dom.development.js:9086:5)
      at dispatchEventsForPlugins 
(node_modules/react-dom/cjs/react-dom.development.js:9097:3)
      at node_modules/react-dom/cjs/react-dom.development.js:9288:12
      at batchedUpdates$1 
(node_modules/react-dom/cjs/react-dom.development.js:26179:12)
      at batchedUpdates 
(node_modules/react-dom/cjs/react-dom.development.js:3991:12)
      at dispatchEventForPluginEventSystem 
(node_modules/react-dom/cjs/react-dom.development.js:9287:3)
      at dispatchEventWithEnableCapturePhaseSelectiveHydrationWithoutDiscreteEv
entReplay (node_modules/react-dom/cjs/react-dom.development.js:6465:5)
      at dispatchEvent 
(node_modules/react-dom/cjs/react-dom.development.js:6457:5)
      at dispatchDiscreteEvent 
(node_modules/react-dom/cjs/react-dom.development.js:6430:5)
      at HTMLDivElement.callTheUserObjectsOperation 
(node_modules/jsdom/lib/jsdom/living/generated/EventListener.js:26:30)
      at innerInvokeEventListeners 
(node_modules/jsdom/lib/jsdom/living/events/EventTarget-impl.js:350:25)
      at invokeEventListeners 
(node_modules/jsdom/lib/jsdom/living/events/EventTarget-impl.js:286:3)
      at HTMLInputElementImpl._dispatch 
(node_modules/jsdom/lib/jsdom/living/events/EventTarget-impl.js:233:9)
      at HTMLInputElementImpl.dispatchEvent 
(node_modules/jsdom/lib/jsdom/living/events/EventTarget-impl.js:104:17)
      at HTMLInputElement.dispatchEvent 
(node_modules/jsdom/lib/jsdom/living/generated/EventTarget.js:241:34)
      at 
node_modules/@testing-library/user-event/dist/cjs/event/dispatchEvent.js:45:43
      at Object.eventWrapper 
(node_modules/@testing-library/dom/dist/config.js:25:23)
      at Object.wrapEvent 
(node_modules/@testing-library/user-event/dist/cjs/event/wrapEvent.js:6:28)
      at Object.dispatchEvent (node_modules/@testing-library/user-event/dist/cj
s/event/dispatchEvent.js:45:22)
      at Object.dispatchUIEvent (node_modules/@testing-library/user-event/dist/
cjs/event/dispatchEvent.js:22:26)
      at commitInput 
(node_modules/@testing-library/user-event/dist/cjs/event/input.js:145:14)
      at editInputElement 
(node_modules/@testing-library/user-event/dist/cjs/event/input.js:115:9)
      at Object.input 
(node_modules/@testing-library/user-event/dist/cjs/event/input.js:37:9)
      at node_modules/@testing-library/user-event/dist/cjs/event/behavior/keypr
ess.js:31:26
      at Object.dispatchEvent (node_modules/@testing-library/user-event/dist/cj
s/event/dispatchEvent.js:41:13)
      at Object.dispatchUIEvent (node_modules/@testing-library/user-event/dist/
cjs/event/dispatchEvent.js:22:26)
      at KeyboardHost.keydown 
(node_modules/@testing-library/user-event/dist/cjs/system/keyboard.js:76:22)
      at keyboardAction 
(node_modules/@testing-library/user-event/dist/cjs/keyboard/index.js:22:35)
      at Object.keyboard 
(node_modules/@testing-library/user-event/dist/cjs/keyboard/index.js:11:15)
      at Object.type 
(node_modules/@testing-library/user-event/dist/cjs/utility/type.js:17:5)
      at Object.<anonymous> (src/profile/__tests__/profile.test.tsx:299:5)

    console.error
      Warning: An update to ProfilePage inside a test was not wrapped in 
act(...).
      
      When testing, code that causes React state updates should be wrapped 
into act(...):
      
      act(() => {
        /* fire events that update state */
      });
      /* assert on the output */
      
      This ensures that you're testing the behavior the user would see in the 
browser. Learn more at https://reactjs.org/link/wrap-tests-with-act
          at ProfilePage (C:\Users\samhe\OneDrive\Desktop\Cleaned\frontend\src\
profile\ProfilePage.tsx:17:41)
          at basenameProp (C:\Users\samhe\OneDrive\Desktop\Cleaned\frontend\nod
e_modules\react-router\lib\components.tsx:421:13)
          at basename (C:\Users\samhe\OneDrive\Desktop\Cleaned\frontend\node_mo
dules\react-router\lib\components.tsx:225:3)

      159 |               className="border border-gray-300 rounded-md px-3 
py-2 text-sm"
      160 |               value={currentPassword}
    > 161 |               onChange={e => setCurrentPassword(e.target.value)}
          |                              ^
      162 |             />
      163 |           </div>
      164 |

      at printWarning 
(node_modules/react-dom/cjs/react-dom.development.js:86:30)
      at error (node_modules/react-dom/cjs/react-dom.development.js:60:7)
      at warnIfUpdatesNotWrappedWithActDEV 
(node_modules/react-dom/cjs/react-dom.development.js:27628:9)
      at scheduleUpdateOnFiber 
(node_modules/react-dom/cjs/react-dom.development.js:25547:5)
      at dispatchSetState 
(node_modules/react-dom/cjs/react-dom.development.js:16708:7)
      at onChange (src/profile/ProfilePage.tsx:161:30)
      at HTMLUnknownElement.callCallback 
(node_modules/react-dom/cjs/react-dom.development.js:4164:14)
      at HTMLUnknownElement.callTheUserObjectsOperation 
(node_modules/jsdom/lib/jsdom/living/generated/EventListener.js:26:30)
      at innerInvokeEventListeners 
(node_modules/jsdom/lib/jsdom/living/events/EventTarget-impl.js:350:25)
      at invokeEventListeners 
(node_modules/jsdom/lib/jsdom/living/events/EventTarget-impl.js:286:3)
      at HTMLUnknownElementImpl._dispatch 
(node_modules/jsdom/lib/jsdom/living/events/EventTarget-impl.js:233:9)
      at HTMLUnknownElementImpl.dispatchEvent 
(node_modules/jsdom/lib/jsdom/living/events/EventTarget-impl.js:104:17)
      at HTMLUnknownElement.dispatchEvent 
(node_modules/jsdom/lib/jsdom/living/generated/EventTarget.js:241:34)
      at Object.invokeGuardedCallbackDev 
(node_modules/react-dom/cjs/react-dom.development.js:4213:16)
      at invokeGuardedCallback 
(node_modules/react-dom/cjs/react-dom.development.js:4277:31)
      at invokeGuardedCallbackAndCatchFirstError 
(node_modules/react-dom/cjs/react-dom.development.js:4291:25)
      at executeDispatch 
(node_modules/react-dom/cjs/react-dom.development.js:9041:3)
      at processDispatchQueueItemsInOrder 
(node_modules/react-dom/cjs/react-dom.development.js:9073:7)
      at processDispatchQueue 
(node_modules/react-dom/cjs/react-dom.development.js:9086:5)
      at dispatchEventsForPlugins 
(node_modules/react-dom/cjs/react-dom.development.js:9097:3)
      at node_modules/react-dom/cjs/react-dom.development.js:9288:12
      at batchedUpdates$1 
(node_modules/react-dom/cjs/react-dom.development.js:26179:12)
      at batchedUpdates 
(node_modules/react-dom/cjs/react-dom.development.js:3991:12)
      at dispatchEventForPluginEventSystem 
(node_modules/react-dom/cjs/react-dom.development.js:9287:3)
      at dispatchEventWithEnableCapturePhaseSelectiveHydrationWithoutDiscreteEv
entReplay (node_modules/react-dom/cjs/react-dom.development.js:6465:5)
      at dispatchEvent 
(node_modules/react-dom/cjs/react-dom.development.js:6457:5)
      at dispatchDiscreteEvent 
(node_modules/react-dom/cjs/react-dom.development.js:6430:5)
      at HTMLDivElement.callTheUserObjectsOperation 
(node_modules/jsdom/lib/jsdom/living/generated/EventListener.js:26:30)
      at innerInvokeEventListeners 
(node_modules/jsdom/lib/jsdom/living/events/EventTarget-impl.js:350:25)
      at invokeEventListeners 
(node_modules/jsdom/lib/jsdom/living/events/EventTarget-impl.js:286:3)
      at HTMLInputElementImpl._dispatch 
(node_modules/jsdom/lib/jsdom/living/events/EventTarget-impl.js:233:9)
      at HTMLInputElementImpl.dispatchEvent 
(node_modules/jsdom/lib/jsdom/living/events/EventTarget-impl.js:104:17)
      at HTMLInputElement.dispatchEvent 
(node_modules/jsdom/lib/jsdom/living/generated/EventTarget.js:241:34)
      at 
node_modules/@testing-library/user-event/dist/cjs/event/dispatchEvent.js:45:43
      at Object.eventWrapper 
(node_modules/@testing-library/dom/dist/config.js:25:23)
      at Object.wrapEvent 
(node_modules/@testing-library/user-event/dist/cjs/event/wrapEvent.js:6:28)
      at Object.dispatchEvent (node_modules/@testing-library/user-event/dist/cj
s/event/dispatchEvent.js:45:22)
      at Object.dispatchUIEvent (node_modules/@testing-library/user-event/dist/
cjs/event/dispatchEvent.js:22:26)
      at commitInput 
(node_modules/@testing-library/user-event/dist/cjs/event/input.js:145:14)
      at editInputElement 
(node_modules/@testing-library/user-event/dist/cjs/event/input.js:115:9)
      at Object.input 
(node_modules/@testing-library/user-event/dist/cjs/event/input.js:37:9)
      at node_modules/@testing-library/user-event/dist/cjs/event/behavior/keypr
ess.js:31:26
      at Object.dispatchEvent (node_modules/@testing-library/user-event/dist/cj
s/event/dispatchEvent.js:41:13)
      at Object.dispatchUIEvent (node_modules/@testing-library/user-event/dist/
cjs/event/dispatchEvent.js:22:26)
      at KeyboardHost.keydown 
(node_modules/@testing-library/user-event/dist/cjs/system/keyboard.js:76:22)
      at keyboardAction 
(node_modules/@testing-library/user-event/dist/cjs/keyboard/index.js:22:35)
      at Object.keyboard 
(node_modules/@testing-library/user-event/dist/cjs/keyboard/index.js:11:15)
      at Object.type 
(node_modules/@testing-library/user-event/dist/cjs/utility/type.js:17:5)
      at Object.<anonymous> (src/profile/__tests__/profile.test.tsx:299:5)

    console.error
      Warning: An update to ProfilePage inside a test was not wrapped in 
act(...).
      
      When testing, code that causes React state updates should be wrapped 
into act(...):
      
      act(() => {
        /* fire events that update state */
      });
      /* assert on the output */
      
      This ensures that you're testing the behavior the user would see in the 
browser. Learn more at https://reactjs.org/link/wrap-tests-with-act
          at ProfilePage (C:\Users\samhe\OneDrive\Desktop\Cleaned\frontend\src\
profile\ProfilePage.tsx:17:41)
          at basenameProp (C:\Users\samhe\OneDrive\Desktop\Cleaned\frontend\nod
e_modules\react-router\lib\components.tsx:421:13)
          at basename (C:\Users\samhe\OneDrive\Desktop\Cleaned\frontend\node_mo
dules\react-router\lib\components.tsx:225:3)

      159 |               className="border border-gray-300 rounded-md px-3 
py-2 text-sm"
      160 |               value={currentPassword}
    > 161 |               onChange={e => setCurrentPassword(e.target.value)}
          |                              ^
      162 |             />
      163 |           </div>
      164 |

      at printWarning 
(node_modules/react-dom/cjs/react-dom.development.js:86:30)
      at error (node_modules/react-dom/cjs/react-dom.development.js:60:7)
      at warnIfUpdatesNotWrappedWithActDEV 
(node_modules/react-dom/cjs/react-dom.development.js:27628:9)
      at scheduleUpdateOnFiber 
(node_modules/react-dom/cjs/react-dom.development.js:25547:5)
      at dispatchSetState 
(node_modules/react-dom/cjs/react-dom.development.js:16708:7)
      at onChange (src/profile/ProfilePage.tsx:161:30)
      at HTMLUnknownElement.callCallback 
(node_modules/react-dom/cjs/react-dom.development.js:4164:14)
      at HTMLUnknownElement.callTheUserObjectsOperation 
(node_modules/jsdom/lib/jsdom/living/generated/EventListener.js:26:30)
      at innerInvokeEventListeners 
(node_modules/jsdom/lib/jsdom/living/events/EventTarget-impl.js:350:25)
      at invokeEventListeners 
(node_modules/jsdom/lib/jsdom/living/events/EventTarget-impl.js:286:3)
      at HTMLUnknownElementImpl._dispatch 
(node_modules/jsdom/lib/jsdom/living/events/EventTarget-impl.js:233:9)
      at HTMLUnknownElementImpl.dispatchEvent 
(node_modules/jsdom/lib/jsdom/living/events/EventTarget-impl.js:104:17)
      at HTMLUnknownElement.dispatchEvent 
(node_modules/jsdom/lib/jsdom/living/generated/EventTarget.js:241:34)
      at Object.invokeGuardedCallbackDev 
(node_modules/react-dom/cjs/react-dom.development.js:4213:16)
      at invokeGuardedCallback 
(node_modules/react-dom/cjs/react-dom.development.js:4277:31)
      at invokeGuardedCallbackAndCatchFirstError 
(node_modules/react-dom/cjs/react-dom.development.js:4291:25)
      at executeDispatch 
(node_modules/react-dom/cjs/react-dom.development.js:9041:3)
      at processDispatchQueueItemsInOrder 
(node_modules/react-dom/cjs/react-dom.development.js:9073:7)
      at processDispatchQueue 
(node_modules/react-dom/cjs/react-dom.development.js:9086:5)
      at dispatchEventsForPlugins 
(node_modules/react-dom/cjs/react-dom.development.js:9097:3)
      at node_modules/react-dom/cjs/react-dom.development.js:9288:12
      at batchedUpdates$1 
(node_modules/react-dom/cjs/react-dom.development.js:26179:12)
      at batchedUpdates 
(node_modules/react-dom/cjs/react-dom.development.js:3991:12)
      at dispatchEventForPluginEventSystem 
(node_modules/react-dom/cjs/react-dom.development.js:9287:3)
      at dispatchEventWithEnableCapturePhaseSelectiveHydrationWithoutDiscreteEv
entReplay (node_modules/react-dom/cjs/react-dom.development.js:6465:5)
      at dispatchEvent 
(node_modules/react-dom/cjs/react-dom.development.js:6457:5)
      at dispatchDiscreteEvent 
(node_modules/react-dom/cjs/react-dom.development.js:6430:5)
      at HTMLDivElement.callTheUserObjectsOperation 
(node_modules/jsdom/lib/jsdom/living/generated/EventListener.js:26:30)
      at innerInvokeEventListeners 
(node_modules/jsdom/lib/jsdom/living/events/EventTarget-impl.js:350:25)
      at invokeEventListeners 
(node_modules/jsdom/lib/jsdom/living/events/EventTarget-impl.js:286:3)
      at HTMLInputElementImpl._dispatch 
(node_modules/jsdom/lib/jsdom/living/events/EventTarget-impl.js:233:9)
      at HTMLInputElementImpl.dispatchEvent 
(node_modules/jsdom/lib/jsdom/living/events/EventTarget-impl.js:104:17)
      at HTMLInputElement.dispatchEvent 
(node_modules/jsdom/lib/jsdom/living/generated/EventTarget.js:241:34)
      at 
node_modules/@testing-library/user-event/dist/cjs/event/dispatchEvent.js:45:43
      at Object.eventWrapper 
(node_modules/@testing-library/dom/dist/config.js:25:23)
      at Object.wrapEvent 
(node_modules/@testing-library/user-event/dist/cjs/event/wrapEvent.js:6:28)
      at Object.dispatchEvent (node_modules/@testing-library/user-event/dist/cj
s/event/dispatchEvent.js:45:22)
      at Object.dispatchUIEvent (node_modules/@testing-library/user-event/dist/
cjs/event/dispatchEvent.js:22:26)
      at commitInput 
(node_modules/@testing-library/user-event/dist/cjs/event/input.js:145:14)
      at editInputElement 
(node_modules/@testing-library/user-event/dist/cjs/event/input.js:115:9)
      at Object.input 
(node_modules/@testing-library/user-event/dist/cjs/event/input.js:37:9)
      at node_modules/@testing-library/user-event/dist/cjs/event/behavior/keypr
ess.js:31:26
      at Object.dispatchEvent (node_modules/@testing-library/user-event/dist/cj
s/event/dispatchEvent.js:41:13)
      at Object.dispatchUIEvent (node_modules/@testing-library/user-event/dist/
cjs/event/dispatchEvent.js:22:26)
      at KeyboardHost.keydown 
(node_modules/@testing-library/user-event/dist/cjs/system/keyboard.js:76:22)
      at keyboardAction 
(node_modules/@testing-library/user-event/dist/cjs/keyboard/index.js:22:35)
      at Object.keyboard 
(node_modules/@testing-library/user-event/dist/cjs/keyboard/index.js:11:15)
      at Object.type 
(node_modules/@testing-library/user-event/dist/cjs/utility/type.js:17:5)
      at Object.<anonymous> (src/profile/__tests__/profile.test.tsx:299:5)

    console.error
      Warning: An update to ProfilePage inside a test was not wrapped in 
act(...).
      
      When testing, code that causes React state updates should be wrapped 
into act(...):
      
      act(() => {
        /* fire events that update state */
      });
      /* assert on the output */
      
      This ensures that you're testing the behavior the user would see in the 
browser. Learn more at https://reactjs.org/link/wrap-tests-with-act
          at ProfilePage (C:\Users\samhe\OneDrive\Desktop\Cleaned\frontend\src\
profile\ProfilePage.tsx:17:41)
          at basenameProp (C:\Users\samhe\OneDrive\Desktop\Cleaned\frontend\nod
e_modules\react-router\lib\components.tsx:421:13)
          at basename (C:\Users\samhe\OneDrive\Desktop\Cleaned\frontend\node_mo
dules\react-router\lib\components.tsx:225:3)

      159 |               className="border border-gray-300 rounded-md px-3 
py-2 text-sm"
      160 |               value={currentPassword}
    > 161 |               onChange={e => setCurrentPassword(e.target.value)}
          |                              ^
      162 |             />
      163 |           </div>
      164 |

      at printWarning 
(node_modules/react-dom/cjs/react-dom.development.js:86:30)
      at error (node_modules/react-dom/cjs/react-dom.development.js:60:7)
      at warnIfUpdatesNotWrappedWithActDEV 
(node_modules/react-dom/cjs/react-dom.development.js:27628:9)
      at scheduleUpdateOnFiber 
(node_modules/react-dom/cjs/react-dom.development.js:25547:5)
      at dispatchSetState 
(node_modules/react-dom/cjs/react-dom.development.js:16708:7)
      at onChange (src/profile/ProfilePage.tsx:161:30)
      at HTMLUnknownElement.callCallback 
(node_modules/react-dom/cjs/react-dom.development.js:4164:14)
      at HTMLUnknownElement.callTheUserObjectsOperation 
(node_modules/jsdom/lib/jsdom/living/generated/EventListener.js:26:30)
      at innerInvokeEventListeners 
(node_modules/jsdom/lib/jsdom/living/events/EventTarget-impl.js:350:25)
      at invokeEventListeners 
(node_modules/jsdom/lib/jsdom/living/events/EventTarget-impl.js:286:3)
      at HTMLUnknownElementImpl._dispatch 
(node_modules/jsdom/lib/jsdom/living/events/EventTarget-impl.js:233:9)
      at HTMLUnknownElementImpl.dispatchEvent 
(node_modules/jsdom/lib/jsdom/living/events/EventTarget-impl.js:104:17)
      at HTMLUnknownElement.dispatchEvent 
(node_modules/jsdom/lib/jsdom/living/generated/EventTarget.js:241:34)
      at Object.invokeGuardedCallbackDev 
(node_modules/react-dom/cjs/react-dom.development.js:4213:16)
      at invokeGuardedCallback 
(node_modules/react-dom/cjs/react-dom.development.js:4277:31)
      at invokeGuardedCallbackAndCatchFirstError 
(node_modules/react-dom/cjs/react-dom.development.js:4291:25)
      at executeDispatch 
(node_modules/react-dom/cjs/react-dom.development.js:9041:3)
      at processDispatchQueueItemsInOrder 
(node_modules/react-dom/cjs/react-dom.development.js:9073:7)
      at processDispatchQueue 
(node_modules/react-dom/cjs/react-dom.development.js:9086:5)
      at dispatchEventsForPlugins 
(node_modules/react-dom/cjs/react-dom.development.js:9097:3)
      at node_modules/react-dom/cjs/react-dom.development.js:9288:12
      at batchedUpdates$1 
(node_modules/react-dom/cjs/react-dom.development.js:26179:12)
      at batchedUpdates 
(node_modules/react-dom/cjs/react-dom.development.js:3991:12)
      at dispatchEventForPluginEventSystem 
(node_modules/react-dom/cjs/react-dom.development.js:9287:3)
      at dispatchEventWithEnableCapturePhaseSelectiveHydrationWithoutDiscreteEv
entReplay (node_modules/react-dom/cjs/react-dom.development.js:6465:5)
      at dispatchEvent 
(node_modules/react-dom/cjs/react-dom.development.js:6457:5)
      at dispatchDiscreteEvent 
(node_modules/react-dom/cjs/react-dom.development.js:6430:5)
      at HTMLDivElement.callTheUserObjectsOperation 
(node_modules/jsdom/lib/jsdom/living/generated/EventListener.js:26:30)
      at innerInvokeEventListeners 
(node_modules/jsdom/lib/jsdom/living/events/EventTarget-impl.js:350:25)
      at invokeEventListeners 
(node_modules/jsdom/lib/jsdom/living/events/EventTarget-impl.js:286:3)
      at HTMLInputElementImpl._dispatch 
(node_modules/jsdom/lib/jsdom/living/events/EventTarget-impl.js:233:9)
      at HTMLInputElementImpl.dispatchEvent 
(node_modules/jsdom/lib/jsdom/living/events/EventTarget-impl.js:104:17)
      at HTMLInputElement.dispatchEvent 
(node_modules/jsdom/lib/jsdom/living/generated/EventTarget.js:241:34)
      at 
node_modules/@testing-library/user-event/dist/cjs/event/dispatchEvent.js:45:43
      at Object.eventWrapper 
(node_modules/@testing-library/dom/dist/config.js:25:23)
      at Object.wrapEvent 
(node_modules/@testing-library/user-event/dist/cjs/event/wrapEvent.js:6:28)
      at Object.dispatchEvent (node_modules/@testing-library/user-event/dist/cj
s/event/dispatchEvent.js:45:22)
      at Object.dispatchUIEvent (node_modules/@testing-library/user-event/dist/
cjs/event/dispatchEvent.js:22:26)
      at commitInput 
(node_modules/@testing-library/user-event/dist/cjs/event/input.js:145:14)
      at editInputElement 
(node_modules/@testing-library/user-event/dist/cjs/event/input.js:115:9)
      at Object.input 
(node_modules/@testing-library/user-event/dist/cjs/event/input.js:37:9)
      at node_modules/@testing-library/user-event/dist/cjs/event/behavior/keypr
ess.js:31:26
      at Object.dispatchEvent (node_modules/@testing-library/user-event/dist/cj
s/event/dispatchEvent.js:41:13)
      at Object.dispatchUIEvent (node_modules/@testing-library/user-event/dist/
cjs/event/dispatchEvent.js:22:26)
      at KeyboardHost.keydown 
(node_modules/@testing-library/user-event/dist/cjs/system/keyboard.js:76:22)
      at keyboardAction 
(node_modules/@testing-library/user-event/dist/cjs/keyboard/index.js:22:35)
      at Object.keyboard 
(node_modules/@testing-library/user-event/dist/cjs/keyboard/index.js:11:15)
      at Object.type 
(node_modules/@testing-library/user-event/dist/cjs/utility/type.js:17:5)
      at Object.<anonymous> (src/profile/__tests__/profile.test.tsx:299:5)

    console.error
      Warning: An update to ProfilePage inside a test was not wrapped in 
act(...).
      
      When testing, code that causes React state updates should be wrapped 
into act(...):
      
      act(() => {
        /* fire events that update state */
      });
      /* assert on the output */
      
      This ensures that you're testing the behavior the user would see in the 
browser. Learn more at https://reactjs.org/link/wrap-tests-with-act
          at ProfilePage (C:\Users\samhe\OneDrive\Desktop\Cleaned\frontend\src\
profile\ProfilePage.tsx:17:41)
          at basenameProp (C:\Users\samhe\OneDrive\Desktop\Cleaned\frontend\nod
e_modules\react-router\lib\components.tsx:421:13)
          at basename (C:\Users\samhe\OneDrive\Desktop\Cleaned\frontend\node_mo
dules\react-router\lib\components.tsx:225:3)

      159 |               className="border border-gray-300 rounded-md px-3 
py-2 text-sm"
      160 |               value={currentPassword}
    > 161 |               onChange={e => setCurrentPassword(e.target.value)}
          |                              ^
      162 |             />
      163 |           </div>
      164 |

      at printWarning 
(node_modules/react-dom/cjs/react-dom.development.js:86:30)
      at error (node_modules/react-dom/cjs/react-dom.development.js:60:7)
      at warnIfUpdatesNotWrappedWithActDEV 
(node_modules/react-dom/cjs/react-dom.development.js:27628:9)
      at scheduleUpdateOnFiber 
(node_modules/react-dom/cjs/react-dom.development.js:25547:5)
      at dispatchSetState 
(node_modules/react-dom/cjs/react-dom.development.js:16708:7)
      at onChange (src/profile/ProfilePage.tsx:161:30)
      at HTMLUnknownElement.callCallback 
(node_modules/react-dom/cjs/react-dom.development.js:4164:14)
      at HTMLUnknownElement.callTheUserObjectsOperation 
(node_modules/jsdom/lib/jsdom/living/generated/EventListener.js:26:30)
      at innerInvokeEventListeners 
(node_modules/jsdom/lib/jsdom/living/events/EventTarget-impl.js:350:25)
      at invokeEventListeners 
(node_modules/jsdom/lib/jsdom/living/events/EventTarget-impl.js:286:3)
      at HTMLUnknownElementImpl._dispatch 
(node_modules/jsdom/lib/jsdom/living/events/EventTarget-impl.js:233:9)
      at HTMLUnknownElementImpl.dispatchEvent 
(node_modules/jsdom/lib/jsdom/living/events/EventTarget-impl.js:104:17)
      at HTMLUnknownElement.dispatchEvent 
(node_modules/jsdom/lib/jsdom/living/generated/EventTarget.js:241:34)
      at Object.invokeGuardedCallbackDev 
(node_modules/react-dom/cjs/react-dom.development.js:4213:16)
      at invokeGuardedCallback 
(node_modules/react-dom/cjs/react-dom.development.js:4277:31)
      at invokeGuardedCallbackAndCatchFirstError 
(node_modules/react-dom/cjs/react-dom.development.js:4291:25)
      at executeDispatch 
(node_modules/react-dom/cjs/react-dom.development.js:9041:3)
      at processDispatchQueueItemsInOrder 
(node_modules/react-dom/cjs/react-dom.development.js:9073:7)
      at processDispatchQueue 
(node_modules/react-dom/cjs/react-dom.development.js:9086:5)
      at dispatchEventsForPlugins 
(node_modules/react-dom/cjs/react-dom.development.js:9097:3)
      at node_modules/react-dom/cjs/react-dom.development.js:9288:12
      at batchedUpdates$1 
(node_modules/react-dom/cjs/react-dom.development.js:26179:12)
      at batchedUpdates 
(node_modules/react-dom/cjs/react-dom.development.js:3991:12)
      at dispatchEventForPluginEventSystem 
(node_modules/react-dom/cjs/react-dom.development.js:9287:3)
      at dispatchEventWithEnableCapturePhaseSelectiveHydrationWithoutDiscreteEv
entReplay (node_modules/react-dom/cjs/react-dom.development.js:6465:5)
      at dispatchEvent 
(node_modules/react-dom/cjs/react-dom.development.js:6457:5)
      at dispatchDiscreteEvent 
(node_modules/react-dom/cjs/react-dom.development.js:6430:5)
      at HTMLDivElement.callTheUserObjectsOperation 
(node_modules/jsdom/lib/jsdom/living/generated/EventListener.js:26:30)
      at innerInvokeEventListeners 
(node_modules/jsdom/lib/jsdom/living/events/EventTarget-impl.js:350:25)
      at invokeEventListeners 
(node_modules/jsdom/lib/jsdom/living/events/EventTarget-impl.js:286:3)
      at HTMLInputElementImpl._dispatch 
(node_modules/jsdom/lib/jsdom/living/events/EventTarget-impl.js:233:9)
      at HTMLInputElementImpl.dispatchEvent 
(node_modules/jsdom/lib/jsdom/living/events/EventTarget-impl.js:104:17)
      at HTMLInputElement.dispatchEvent 
(node_modules/jsdom/lib/jsdom/living/generated/EventTarget.js:241:34)
      at 
node_modules/@testing-library/user-event/dist/cjs/event/dispatchEvent.js:45:43
      at Object.eventWrapper 
(node_modules/@testing-library/dom/dist/config.js:25:23)
      at Object.wrapEvent 
(node_modules/@testing-library/user-event/dist/cjs/event/wrapEvent.js:6:28)
      at Object.dispatchEvent (node_modules/@testing-library/user-event/dist/cj
s/event/dispatchEvent.js:45:22)
      at Object.dispatchUIEvent (node_modules/@testing-library/user-event/dist/
cjs/event/dispatchEvent.js:22:26)
      at commitInput 
(node_modules/@testing-library/user-event/dist/cjs/event/input.js:145:14)
      at editInputElement 
(node_modules/@testing-library/user-event/dist/cjs/event/input.js:115:9)
      at Object.input 
(node_modules/@testing-library/user-event/dist/cjs/event/input.js:37:9)
      at node_modules/@testing-library/user-event/dist/cjs/event/behavior/keypr
ess.js:31:26
      at Object.dispatchEvent (node_modules/@testing-library/user-event/dist/cj
s/event/dispatchEvent.js:41:13)
      at Object.dispatchUIEvent (node_modules/@testing-library/user-event/dist/
cjs/event/dispatchEvent.js:22:26)
      at KeyboardHost.keydown 
(node_modules/@testing-library/user-event/dist/cjs/system/keyboard.js:76:22)
      at keyboardAction 
(node_modules/@testing-library/user-event/dist/cjs/keyboard/index.js:22:35)
      at Object.keyboard 
(node_modules/@testing-library/user-event/dist/cjs/keyboard/index.js:11:15)
      at Object.type 
(node_modules/@testing-library/user-event/dist/cjs/utility/type.js:17:5)
      at Object.<anonymous> (src/profile/__tests__/profile.test.tsx:299:5)

    console.error
      Warning: An update to ProfilePage inside a test was not wrapped in 
act(...).
      
      When testing, code that causes React state updates should be wrapped 
into act(...):
      
      act(() => {
        /* fire events that update state */
      });
      /* assert on the output */
      
      This ensures that you're testing the behavior the user would see in the 
browser. Learn more at https://reactjs.org/link/wrap-tests-with-act
          at ProfilePage (C:\Users\samhe\OneDrive\Desktop\Cleaned\frontend\src\
profile\ProfilePage.tsx:17:41)
          at basenameProp (C:\Users\samhe\OneDrive\Desktop\Cleaned\frontend\nod
e_modules\react-router\lib\components.tsx:421:13)
          at basename (C:\Users\samhe\OneDrive\Desktop\Cleaned\frontend\node_mo
dules\react-router\lib\components.tsx:225:3)

      159 |               className="border border-gray-300 rounded-md px-3 
py-2 text-sm"
      160 |               value={currentPassword}
    > 161 |               onChange={e => setCurrentPassword(e.target.value)}
          |                              ^
      162 |             />
      163 |           </div>
      164 |

      at printWarning 
(node_modules/react-dom/cjs/react-dom.development.js:86:30)
      at error (node_modules/react-dom/cjs/react-dom.development.js:60:7)
      at warnIfUpdatesNotWrappedWithActDEV 
(node_modules/react-dom/cjs/react-dom.development.js:27628:9)
      at scheduleUpdateOnFiber 
(node_modules/react-dom/cjs/react-dom.development.js:25547:5)
      at dispatchSetState 
(node_modules/react-dom/cjs/react-dom.development.js:16708:7)
      at onChange (src/profile/ProfilePage.tsx:161:30)
      at HTMLUnknownElement.callCallback 
(node_modules/react-dom/cjs/react-dom.development.js:4164:14)
      at HTMLUnknownElement.callTheUserObjectsOperation 
(node_modules/jsdom/lib/jsdom/living/generated/EventListener.js:26:30)
      at innerInvokeEventListeners 
(node_modules/jsdom/lib/jsdom/living/events/EventTarget-impl.js:350:25)
      at invokeEventListeners 
(node_modules/jsdom/lib/jsdom/living/events/EventTarget-impl.js:286:3)
      at HTMLUnknownElementImpl._dispatch 
(node_modules/jsdom/lib/jsdom/living/events/EventTarget-impl.js:233:9)
      at HTMLUnknownElementImpl.dispatchEvent 
(node_modules/jsdom/lib/jsdom/living/events/EventTarget-impl.js:104:17)
      at HTMLUnknownElement.dispatchEvent 
(node_modules/jsdom/lib/jsdom/living/generated/EventTarget.js:241:34)
      at Object.invokeGuardedCallbackDev 
(node_modules/react-dom/cjs/react-dom.development.js:4213:16)
      at invokeGuardedCallback 
(node_modules/react-dom/cjs/react-dom.development.js:4277:31)
      at invokeGuardedCallbackAndCatchFirstError 
(node_modules/react-dom/cjs/react-dom.development.js:4291:25)
      at executeDispatch 
(node_modules/react-dom/cjs/react-dom.development.js:9041:3)
      at processDispatchQueueItemsInOrder 
(node_modules/react-dom/cjs/react-dom.development.js:9073:7)
      at processDispatchQueue 
(node_modules/react-dom/cjs/react-dom.development.js:9086:5)
      at dispatchEventsForPlugins 
(node_modules/react-dom/cjs/react-dom.development.js:9097:3)
      at node_modules/react-dom/cjs/react-dom.development.js:9288:12
      at batchedUpdates$1 
(node_modules/react-dom/cjs/react-dom.development.js:26179:12)
      at batchedUpdates 
(node_modules/react-dom/cjs/react-dom.development.js:3991:12)
      at dispatchEventForPluginEventSystem 
(node_modules/react-dom/cjs/react-dom.development.js:9287:3)
      at dispatchEventWithEnableCapturePhaseSelectiveHydrationWithoutDiscreteEv
entReplay (node_modules/react-dom/cjs/react-dom.development.js:6465:5)
      at dispatchEvent 
(node_modules/react-dom/cjs/react-dom.development.js:6457:5)
      at dispatchDiscreteEvent 
(node_modules/react-dom/cjs/react-dom.development.js:6430:5)
      at HTMLDivElement.callTheUserObjectsOperation 
(node_modules/jsdom/lib/jsdom/living/generated/EventListener.js:26:30)
      at innerInvokeEventListeners 
(node_modules/jsdom/lib/jsdom/living/events/EventTarget-impl.js:350:25)
      at invokeEventListeners 
(node_modules/jsdom/lib/jsdom/living/events/EventTarget-impl.js:286:3)
      at HTMLInputElementImpl._dispatch 
(node_modules/jsdom/lib/jsdom/living/events/EventTarget-impl.js:233:9)
      at HTMLInputElementImpl.dispatchEvent 
(node_modules/jsdom/lib/jsdom/living/events/EventTarget-impl.js:104:17)
      at HTMLInputElement.dispatchEvent 
(node_modules/jsdom/lib/jsdom/living/generated/EventTarget.js:241:34)
      at 
node_modules/@testing-library/user-event/dist/cjs/event/dispatchEvent.js:45:43
      at Object.eventWrapper 
(node_modules/@testing-library/dom/dist/config.js:25:23)
      at Object.wrapEvent 
(node_modules/@testing-library/user-event/dist/cjs/event/wrapEvent.js:6:28)
      at Object.dispatchEvent (node_modules/@testing-library/user-event/dist/cj
s/event/dispatchEvent.js:45:22)
      at Object.dispatchUIEvent (node_modules/@testing-library/user-event/dist/
cjs/event/dispatchEvent.js:22:26)
      at commitInput 
(node_modules/@testing-library/user-event/dist/cjs/event/input.js:145:14)
      at editInputElement 
(node_modules/@testing-library/user-event/dist/cjs/event/input.js:115:9)
      at Object.input 
(node_modules/@testing-library/user-event/dist/cjs/event/input.js:37:9)
      at node_modules/@testing-library/user-event/dist/cjs/event/behavior/keypr
ess.js:31:26
      at Object.dispatchEvent (node_modules/@testing-library/user-event/dist/cj
s/event/dispatchEvent.js:41:13)
      at Object.dispatchUIEvent (node_modules/@testing-library/user-event/dist/
cjs/event/dispatchEvent.js:22:26)
      at KeyboardHost.keydown 
(node_modules/@testing-library/user-event/dist/cjs/system/keyboard.js:76:22)
      at keyboardAction 
(node_modules/@testing-library/user-event/dist/cjs/keyboard/index.js:22:35)
      at Object.keyboard 
(node_modules/@testing-library/user-event/dist/cjs/keyboard/index.js:11:15)
      at Object.type 
(node_modules/@testing-library/user-event/dist/cjs/utility/type.js:17:5)
      at Object.<anonymous> (src/profile/__tests__/profile.test.tsx:299:5)

    console.error
      Warning: An update to ProfilePage inside a test was not wrapped in 
act(...).
      
      When testing, code that causes React state updates should be wrapped 
into act(...):
      
      act(() => {
        /* fire events that update state */
      });
      /* assert on the output */
      
      This ensures that you're testing the behavior the user would see in the 
browser. Learn more at https://reactjs.org/link/wrap-tests-with-act
          at ProfilePage (C:\Users\samhe\OneDrive\Desktop\Cleaned\frontend\src\
profile\ProfilePage.tsx:17:41)
          at basenameProp (C:\Users\samhe\OneDrive\Desktop\Cleaned\frontend\nod
e_modules\react-router\lib\components.tsx:421:13)
          at basename (C:\Users\samhe\OneDrive\Desktop\Cleaned\frontend\node_mo
dules\react-router\lib\components.tsx:225:3)

      159 |               className="border border-gray-300 rounded-md px-3 
py-2 text-sm"
      160 |               value={currentPassword}
    > 161 |               onChange={e => setCurrentPassword(e.target.value)}
          |                              ^
      162 |             />
      163 |           </div>
      164 |

      at printWarning 
(node_modules/react-dom/cjs/react-dom.development.js:86:30)
      at error (node_modules/react-dom/cjs/react-dom.development.js:60:7)
      at warnIfUpdatesNotWrappedWithActDEV 
(node_modules/react-dom/cjs/react-dom.development.js:27628:9)
      at scheduleUpdateOnFiber 
(node_modules/react-dom/cjs/react-dom.development.js:25547:5)
      at dispatchSetState 
(node_modules/react-dom/cjs/react-dom.development.js:16708:7)
      at onChange (src/profile/ProfilePage.tsx:161:30)
      at HTMLUnknownElement.callCallback 
(node_modules/react-dom/cjs/react-dom.development.js:4164:14)
      at HTMLUnknownElement.callTheUserObjectsOperation 
(node_modules/jsdom/lib/jsdom/living/generated/EventListener.js:26:30)
      at innerInvokeEventListeners 
(node_modules/jsdom/lib/jsdom/living/events/EventTarget-impl.js:350:25)
      at invokeEventListeners 
(node_modules/jsdom/lib/jsdom/living/events/EventTarget-impl.js:286:3)
      at HTMLUnknownElementImpl._dispatch 
(node_modules/jsdom/lib/jsdom/living/events/EventTarget-impl.js:233:9)
      at HTMLUnknownElementImpl.dispatchEvent 
(node_modules/jsdom/lib/jsdom/living/events/EventTarget-impl.js:104:17)
      at HTMLUnknownElement.dispatchEvent 
(node_modules/jsdom/lib/jsdom/living/generated/EventTarget.js:241:34)
      at Object.invokeGuardedCallbackDev 
(node_modules/react-dom/cjs/react-dom.development.js:4213:16)
      at invokeGuardedCallback 
(node_modules/react-dom/cjs/react-dom.development.js:4277:31)
      at invokeGuardedCallbackAndCatchFirstError 
(node_modules/react-dom/cjs/react-dom.development.js:4291:25)
      at executeDispatch 
(node_modules/react-dom/cjs/react-dom.development.js:9041:3)
      at processDispatchQueueItemsInOrder 
(node_modules/react-dom/cjs/react-dom.development.js:9073:7)
      at processDispatchQueue 
(node_modules/react-dom/cjs/react-dom.development.js:9086:5)
      at dispatchEventsForPlugins 
(node_modules/react-dom/cjs/react-dom.development.js:9097:3)
      at node_modules/react-dom/cjs/react-dom.development.js:9288:12
      at batchedUpdates$1 
(node_modules/react-dom/cjs/react-dom.development.js:26179:12)
      at batchedUpdates 
(node_modules/react-dom/cjs/react-dom.development.js:3991:12)
      at dispatchEventForPluginEventSystem 
(node_modules/react-dom/cjs/react-dom.development.js:9287:3)
      at dispatchEventWithEnableCapturePhaseSelectiveHydrationWithoutDiscreteEv
entReplay (node_modules/react-dom/cjs/react-dom.development.js:6465:5)
      at dispatchEvent 
(node_modules/react-dom/cjs/react-dom.development.js:6457:5)
      at dispatchDiscreteEvent 
(node_modules/react-dom/cjs/react-dom.development.js:6430:5)
      at HTMLDivElement.callTheUserObjectsOperation 
(node_modules/jsdom/lib/jsdom/living/generated/EventListener.js:26:30)
      at innerInvokeEventListeners 
(node_modules/jsdom/lib/jsdom/living/events/EventTarget-impl.js:350:25)
      at invokeEventListeners 
(node_modules/jsdom/lib/jsdom/living/events/EventTarget-impl.js:286:3)
      at HTMLInputElementImpl._dispatch 
(node_modules/jsdom/lib/jsdom/living/events/EventTarget-impl.js:233:9)
      at HTMLInputElementImpl.dispatchEvent 
(node_modules/jsdom/lib/jsdom/living/events/EventTarget-impl.js:104:17)
      at HTMLInputElement.dispatchEvent 
(node_modules/jsdom/lib/jsdom/living/generated/EventTarget.js:241:34)
      at 
node_modules/@testing-library/user-event/dist/cjs/event/dispatchEvent.js:45:43
      at Object.eventWrapper 
(node_modules/@testing-library/dom/dist/config.js:25:23)
      at Object.wrapEvent 
(node_modules/@testing-library/user-event/dist/cjs/event/wrapEvent.js:6:28)
      at Object.dispatchEvent (node_modules/@testing-library/user-event/dist/cj
s/event/dispatchEvent.js:45:22)
      at Object.dispatchUIEvent (node_modules/@testing-library/user-event/dist/
cjs/event/dispatchEvent.js:22:26)
      at commitInput 
(node_modules/@testing-library/user-event/dist/cjs/event/input.js:145:14)
      at editInputElement 
(node_modules/@testing-library/user-event/dist/cjs/event/input.js:115:9)
      at Object.input 
(node_modules/@testing-library/user-event/dist/cjs/event/input.js:37:9)
      at node_modules/@testing-library/user-event/dist/cjs/event/behavior/keypr
ess.js:31:26
      at Object.dispatchEvent (node_modules/@testing-library/user-event/dist/cj
s/event/dispatchEvent.js:41:13)
      at Object.dispatchUIEvent (node_modules/@testing-library/user-event/dist/
cjs/event/dispatchEvent.js:22:26)
      at KeyboardHost.keydown 
(node_modules/@testing-library/user-event/dist/cjs/system/keyboard.js:76:22)
      at keyboardAction 
(node_modules/@testing-library/user-event/dist/cjs/keyboard/index.js:22:35)
      at Object.keyboard 
(node_modules/@testing-library/user-event/dist/cjs/keyboard/index.js:11:15)
      at Object.type 
(node_modules/@testing-library/user-event/dist/cjs/utility/type.js:17:5)
      at Object.<anonymous> (src/profile/__tests__/profile.test.tsx:299:5)

    console.error
      Warning: An update to ProfilePage inside a test was not wrapped in 
act(...).
      
      When testing, code that causes React state updates should be wrapped 
into act(...):
      
      act(() => {
        /* fire events that update state */
      });
      /* assert on the output */
      
      This ensures that you're testing the behavior the user would see in the 
browser. Learn more at https://reactjs.org/link/wrap-tests-with-act
          at ProfilePage (C:\Users\samhe\OneDrive\Desktop\Cleaned\frontend\src\
profile\ProfilePage.tsx:17:41)
          at basenameProp (C:\Users\samhe\OneDrive\Desktop\Cleaned\frontend\nod
e_modules\react-router\lib\components.tsx:421:13)
          at basename (C:\Users\samhe\OneDrive\Desktop\Cleaned\frontend\node_mo
dules\react-router\lib\components.tsx:225:3)

      172 |               className="border border-gray-300 rounded-md px-3 
py-2 text-sm"
      173 |               value={newPassword}
    > 174 |               onChange={e => setNewPassword(e.target.value)}
          |                              ^
      175 |             />
      176 |             <p className="text-xs text-gray-500">
      177 |               Minimum 8 characters, at least 1 uppercase letter 
and 1 number.

      at printWarning 
(node_modules/react-dom/cjs/react-dom.development.js:86:30)
      at error (node_modules/react-dom/cjs/react-dom.development.js:60:7)
      at warnIfUpdatesNotWrappedWithActDEV 
(node_modules/react-dom/cjs/react-dom.development.js:27628:9)
      at scheduleUpdateOnFiber 
(node_modules/react-dom/cjs/react-dom.development.js:25547:5)
      at dispatchSetState 
(node_modules/react-dom/cjs/react-dom.development.js:16708:7)
      at onChange (src/profile/ProfilePage.tsx:174:30)
      at HTMLUnknownElement.callCallback 
(node_modules/react-dom/cjs/react-dom.development.js:4164:14)
      at HTMLUnknownElement.callTheUserObjectsOperation 
(node_modules/jsdom/lib/jsdom/living/generated/EventListener.js:26:30)
      at innerInvokeEventListeners 
(node_modules/jsdom/lib/jsdom/living/events/EventTarget-impl.js:350:25)
      at invokeEventListeners 
(node_modules/jsdom/lib/jsdom/living/events/EventTarget-impl.js:286:3)
      at HTMLUnknownElementImpl._dispatch 
(node_modules/jsdom/lib/jsdom/living/events/EventTarget-impl.js:233:9)
      at HTMLUnknownElementImpl.dispatchEvent 
(node_modules/jsdom/lib/jsdom/living/events/EventTarget-impl.js:104:17)
      at HTMLUnknownElement.dispatchEvent 
(node_modules/jsdom/lib/jsdom/living/generated/EventTarget.js:241:34)
      at Object.invokeGuardedCallbackDev 
(node_modules/react-dom/cjs/react-dom.development.js:4213:16)
      at invokeGuardedCallback 
(node_modules/react-dom/cjs/react-dom.development.js:4277:31)
      at invokeGuardedCallbackAndCatchFirstError 
(node_modules/react-dom/cjs/react-dom.development.js:4291:25)
      at executeDispatch 
(node_modules/react-dom/cjs/react-dom.development.js:9041:3)
      at processDispatchQueueItemsInOrder 
(node_modules/react-dom/cjs/react-dom.development.js:9073:7)
      at processDispatchQueue 
(node_modules/react-dom/cjs/react-dom.development.js:9086:5)
      at dispatchEventsForPlugins 
(node_modules/react-dom/cjs/react-dom.development.js:9097:3)
      at node_modules/react-dom/cjs/react-dom.development.js:9288:12
      at batchedUpdates$1 
(node_modules/react-dom/cjs/react-dom.development.js:26179:12)
      at batchedUpdates 
(node_modules/react-dom/cjs/react-dom.development.js:3991:12)
      at dispatchEventForPluginEventSystem 
(node_modules/react-dom/cjs/react-dom.development.js:9287:3)
      at dispatchEventWithEnableCapturePhaseSelectiveHydrationWithoutDiscreteEv
entReplay (node_modules/react-dom/cjs/react-dom.development.js:6465:5)
      at dispatchEvent 
(node_modules/react-dom/cjs/react-dom.development.js:6457:5)
      at dispatchDiscreteEvent 
(node_modules/react-dom/cjs/react-dom.development.js:6430:5)
      at HTMLDivElement.callTheUserObjectsOperation 
(node_modules/jsdom/lib/jsdom/living/generated/EventListener.js:26:30)
      at innerInvokeEventListeners 
(node_modules/jsdom/lib/jsdom/living/events/EventTarget-impl.js:350:25)
      at invokeEventListeners 
(node_modules/jsdom/lib/jsdom/living/events/EventTarget-impl.js:286:3)
      at HTMLInputElementImpl._dispatch 
(node_modules/jsdom/lib/jsdom/living/events/EventTarget-impl.js:233:9)
      at HTMLInputElementImpl.dispatchEvent 
(node_modules/jsdom/lib/jsdom/living/events/EventTarget-impl.js:104:17)
      at HTMLInputElement.dispatchEvent 
(node_modules/jsdom/lib/jsdom/living/generated/EventTarget.js:241:34)
      at 
node_modules/@testing-library/user-event/dist/cjs/event/dispatchEvent.js:45:43
      at Object.eventWrapper 
(node_modules/@testing-library/dom/dist/config.js:25:23)
      at Object.wrapEvent 
(node_modules/@testing-library/user-event/dist/cjs/event/wrapEvent.js:6:28)
      at Object.dispatchEvent (node_modules/@testing-library/user-event/dist/cj
s/event/dispatchEvent.js:45:22)
      at Object.dispatchUIEvent (node_modules/@testing-library/user-event/dist/
cjs/event/dispatchEvent.js:22:26)
      at commitInput 
(node_modules/@testing-library/user-event/dist/cjs/event/input.js:145:14)
      at editInputElement 
(node_modules/@testing-library/user-event/dist/cjs/event/input.js:115:9)
      at Object.input 
(node_modules/@testing-library/user-event/dist/cjs/event/input.js:37:9)
      at node_modules/@testing-library/user-event/dist/cjs/event/behavior/keypr
ess.js:31:26
      at Object.dispatchEvent (node_modules/@testing-library/user-event/dist/cj
s/event/dispatchEvent.js:41:13)
      at Object.dispatchUIEvent (node_modules/@testing-library/user-event/dist/
cjs/event/dispatchEvent.js:22:26)
      at KeyboardHost.keydown 
(node_modules/@testing-library/user-event/dist/cjs/system/keyboard.js:76:22)
      at keyboardAction 
(node_modules/@testing-library/user-event/dist/cjs/keyboard/index.js:22:35)
      at Object.keyboard 
(node_modules/@testing-library/user-event/dist/cjs/keyboard/index.js:11:15)
      at Object.type 
(node_modules/@testing-library/user-event/dist/cjs/utility/type.js:17:5)
      at Object.<anonymous> (src/profile/__tests__/profile.test.tsx:300:5)

    console.error
      Warning: An update to ProfilePage inside a test was not wrapped in 
act(...).
      
      When testing, code that causes React state updates should be wrapped 
into act(...):
      
      act(() => {
        /* fire events that update state */
      });
      /* assert on the output */
      
      This ensures that you're testing the behavior the user would see in the 
browser. Learn more at https://reactjs.org/link/wrap-tests-with-act
          at ProfilePage (C:\Users\samhe\OneDrive\Desktop\Cleaned\frontend\src\
profile\ProfilePage.tsx:17:41)
          at basenameProp (C:\Users\samhe\OneDrive\Desktop\Cleaned\frontend\nod
e_modules\react-router\lib\components.tsx:421:13)
          at basename (C:\Users\samhe\OneDrive\Desktop\Cleaned\frontend\node_mo
dules\react-router\lib\components.tsx:225:3)

      172 |               className="border border-gray-300 rounded-md px-3 
py-2 text-sm"
      173 |               value={newPassword}
    > 174 |               onChange={e => setNewPassword(e.target.value)}
          |                              ^
      175 |             />
      176 |             <p className="text-xs text-gray-500">
      177 |               Minimum 8 characters, at least 1 uppercase letter 
and 1 number.

      at printWarning 
(node_modules/react-dom/cjs/react-dom.development.js:86:30)
      at error (node_modules/react-dom/cjs/react-dom.development.js:60:7)
      at warnIfUpdatesNotWrappedWithActDEV 
(node_modules/react-dom/cjs/react-dom.development.js:27628:9)
      at scheduleUpdateOnFiber 
(node_modules/react-dom/cjs/react-dom.development.js:25547:5)
      at dispatchSetState 
(node_modules/react-dom/cjs/react-dom.development.js:16708:7)
      at onChange (src/profile/ProfilePage.tsx:174:30)
      at HTMLUnknownElement.callCallback 
(node_modules/react-dom/cjs/react-dom.development.js:4164:14)
      at HTMLUnknownElement.callTheUserObjectsOperation 
(node_modules/jsdom/lib/jsdom/living/generated/EventListener.js:26:30)
      at innerInvokeEventListeners 
(node_modules/jsdom/lib/jsdom/living/events/EventTarget-impl.js:350:25)
      at invokeEventListeners 
(node_modules/jsdom/lib/jsdom/living/events/EventTarget-impl.js:286:3)
      at HTMLUnknownElementImpl._dispatch 
(node_modules/jsdom/lib/jsdom/living/events/EventTarget-impl.js:233:9)
      at HTMLUnknownElementImpl.dispatchEvent 
(node_modules/jsdom/lib/jsdom/living/events/EventTarget-impl.js:104:17)
      at HTMLUnknownElement.dispatchEvent 
(node_modules/jsdom/lib/jsdom/living/generated/EventTarget.js:241:34)
      at Object.invokeGuardedCallbackDev 
(node_modules/react-dom/cjs/react-dom.development.js:4213:16)
      at invokeGuardedCallback 
(node_modules/react-dom/cjs/react-dom.development.js:4277:31)
      at invokeGuardedCallbackAndCatchFirstError 
(node_modules/react-dom/cjs/react-dom.development.js:4291:25)
      at executeDispatch 
(node_modules/react-dom/cjs/react-dom.development.js:9041:3)
      at processDispatchQueueItemsInOrder 
(node_modules/react-dom/cjs/react-dom.development.js:9073:7)
      at processDispatchQueue 
(node_modules/react-dom/cjs/react-dom.development.js:9086:5)
      at dispatchEventsForPlugins 
(node_modules/react-dom/cjs/react-dom.development.js:9097:3)
      at node_modules/react-dom/cjs/react-dom.development.js:9288:12
      at batchedUpdates$1 
(node_modules/react-dom/cjs/react-dom.development.js:26179:12)
      at batchedUpdates 
(node_modules/react-dom/cjs/react-dom.development.js:3991:12)
      at dispatchEventForPluginEventSystem 
(node_modules/react-dom/cjs/react-dom.development.js:9287:3)
      at dispatchEventWithEnableCapturePhaseSelectiveHydrationWithoutDiscreteEv
entReplay (node_modules/react-dom/cjs/react-dom.development.js:6465:5)
      at dispatchEvent 
(node_modules/react-dom/cjs/react-dom.development.js:6457:5)
      at dispatchDiscreteEvent 
(node_modules/react-dom/cjs/react-dom.development.js:6430:5)
      at HTMLDivElement.callTheUserObjectsOperation 
(node_modules/jsdom/lib/jsdom/living/generated/EventListener.js:26:30)
      at innerInvokeEventListeners 
(node_modules/jsdom/lib/jsdom/living/events/EventTarget-impl.js:350:25)
      at invokeEventListeners 
(node_modules/jsdom/lib/jsdom/living/events/EventTarget-impl.js:286:3)
      at HTMLInputElementImpl._dispatch 
(node_modules/jsdom/lib/jsdom/living/events/EventTarget-impl.js:233:9)
      at HTMLInputElementImpl.dispatchEvent 
(node_modules/jsdom/lib/jsdom/living/events/EventTarget-impl.js:104:17)
      at HTMLInputElement.dispatchEvent 
(node_modules/jsdom/lib/jsdom/living/generated/EventTarget.js:241:34)
      at 
node_modules/@testing-library/user-event/dist/cjs/event/dispatchEvent.js:45:43
      at Object.eventWrapper 
(node_modules/@testing-library/dom/dist/config.js:25:23)
      at Object.wrapEvent 
(node_modules/@testing-library/user-event/dist/cjs/event/wrapEvent.js:6:28)
      at Object.dispatchEvent (node_modules/@testing-library/user-event/dist/cj
s/event/dispatchEvent.js:45:22)
      at Object.dispatchUIEvent (node_modules/@testing-library/user-event/dist/
cjs/event/dispatchEvent.js:22:26)
      at commitInput 
(node_modules/@testing-library/user-event/dist/cjs/event/input.js:145:14)
      at editInputElement 
(node_modules/@testing-library/user-event/dist/cjs/event/input.js:115:9)
      at Object.input 
(node_modules/@testing-library/user-event/dist/cjs/event/input.js:37:9)
      at node_modules/@testing-library/user-event/dist/cjs/event/behavior/keypr
ess.js:31:26
      at Object.dispatchEvent (node_modules/@testing-library/user-event/dist/cj
s/event/dispatchEvent.js:41:13)
      at Object.dispatchUIEvent (node_modules/@testing-library/user-event/dist/
cjs/event/dispatchEvent.js:22:26)
      at KeyboardHost.keydown 
(node_modules/@testing-library/user-event/dist/cjs/system/keyboard.js:76:22)
      at keyboardAction 
(node_modules/@testing-library/user-event/dist/cjs/keyboard/index.js:22:35)
      at Object.keyboard 
(node_modules/@testing-library/user-event/dist/cjs/keyboard/index.js:11:15)
      at Object.type 
(node_modules/@testing-library/user-event/dist/cjs/utility/type.js:17:5)
      at Object.<anonymous> (src/profile/__tests__/profile.test.tsx:300:5)

    console.error
      Warning: An update to ProfilePage inside a test was not wrapped in 
act(...).
      
      When testing, code that causes React state updates should be wrapped 
into act(...):
      
      act(() => {
        /* fire events that update state */
      });
      /* assert on the output */
      
      This ensures that you're testing the behavior the user would see in the 
browser. Learn more at https://reactjs.org/link/wrap-tests-with-act
          at ProfilePage (C:\Users\samhe\OneDrive\Desktop\Cleaned\frontend\src\
profile\ProfilePage.tsx:17:41)
          at basenameProp (C:\Users\samhe\OneDrive\Desktop\Cleaned\frontend\nod
e_modules\react-router\lib\components.tsx:421:13)
          at basename (C:\Users\samhe\OneDrive\Desktop\Cleaned\frontend\node_mo
dules\react-router\lib\components.tsx:225:3)

      172 |               className="border border-gray-300 rounded-md px-3 
py-2 text-sm"
      173 |               value={newPassword}
    > 174 |               onChange={e => setNewPassword(e.target.value)}
          |                              ^
      175 |             />
      176 |             <p className="text-xs text-gray-500">
      177 |               Minimum 8 characters, at least 1 uppercase letter 
and 1 number.

      at printWarning 
(node_modules/react-dom/cjs/react-dom.development.js:86:30)
      at error (node_modules/react-dom/cjs/react-dom.development.js:60:7)
      at warnIfUpdatesNotWrappedWithActDEV 
(node_modules/react-dom/cjs/react-dom.development.js:27628:9)
      at scheduleUpdateOnFiber 
(node_modules/react-dom/cjs/react-dom.development.js:25547:5)
      at dispatchSetState 
(node_modules/react-dom/cjs/react-dom.development.js:16708:7)
      at onChange (src/profile/ProfilePage.tsx:174:30)
      at HTMLUnknownElement.callCallback 
(node_modules/react-dom/cjs/react-dom.development.js:4164:14)
      at HTMLUnknownElement.callTheUserObjectsOperation 
(node_modules/jsdom/lib/jsdom/living/generated/EventListener.js:26:30)
      at innerInvokeEventListeners 
(node_modules/jsdom/lib/jsdom/living/events/EventTarget-impl.js:350:25)
      at invokeEventListeners 
(node_modules/jsdom/lib/jsdom/living/events/EventTarget-impl.js:286:3)
      at HTMLUnknownElementImpl._dispatch 
(node_modules/jsdom/lib/jsdom/living/events/EventTarget-impl.js:233:9)
      at HTMLUnknownElementImpl.dispatchEvent 
(node_modules/jsdom/lib/jsdom/living/events/EventTarget-impl.js:104:17)
      at HTMLUnknownElement.dispatchEvent 
(node_modules/jsdom/lib/jsdom/living/generated/EventTarget.js:241:34)
      at Object.invokeGuardedCallbackDev 
(node_modules/react-dom/cjs/react-dom.development.js:4213:16)
      at invokeGuardedCallback 
(node_modules/react-dom/cjs/react-dom.development.js:4277:31)
      at invokeGuardedCallbackAndCatchFirstError 
(node_modules/react-dom/cjs/react-dom.development.js:4291:25)
      at executeDispatch 
(node_modules/react-dom/cjs/react-dom.development.js:9041:3)
      at processDispatchQueueItemsInOrder 
(node_modules/react-dom/cjs/react-dom.development.js:9073:7)
      at processDispatchQueue 
(node_modules/react-dom/cjs/react-dom.development.js:9086:5)
      at dispatchEventsForPlugins 
(node_modules/react-dom/cjs/react-dom.development.js:9097:3)
      at node_modules/react-dom/cjs/react-dom.development.js:9288:12
      at batchedUpdates$1 
(node_modules/react-dom/cjs/react-dom.development.js:26179:12)
      at batchedUpdates 
(node_modules/react-dom/cjs/react-dom.development.js:3991:12)
      at dispatchEventForPluginEventSystem 
(node_modules/react-dom/cjs/react-dom.development.js:9287:3)
      at dispatchEventWithEnableCapturePhaseSelectiveHydrationWithoutDiscreteEv
entReplay (node_modules/react-dom/cjs/react-dom.development.js:6465:5)
      at dispatchEvent 
(node_modules/react-dom/cjs/react-dom.development.js:6457:5)
      at dispatchDiscreteEvent 
(node_modules/react-dom/cjs/react-dom.development.js:6430:5)
      at HTMLDivElement.callTheUserObjectsOperation 
(node_modules/jsdom/lib/jsdom/living/generated/EventListener.js:26:30)
      at innerInvokeEventListeners 
(node_modules/jsdom/lib/jsdom/living/events/EventTarget-impl.js:350:25)
      at invokeEventListeners 
(node_modules/jsdom/lib/jsdom/living/events/EventTarget-impl.js:286:3)
      at HTMLInputElementImpl._dispatch 
(node_modules/jsdom/lib/jsdom/living/events/EventTarget-impl.js:233:9)
      at HTMLInputElementImpl.dispatchEvent 
(node_modules/jsdom/lib/jsdom/living/events/EventTarget-impl.js:104:17)
      at HTMLInputElement.dispatchEvent 
(node_modules/jsdom/lib/jsdom/living/generated/EventTarget.js:241:34)
      at 
node_modules/@testing-library/user-event/dist/cjs/event/dispatchEvent.js:45:43
      at Object.eventWrapper 
(node_modules/@testing-library/dom/dist/config.js:25:23)
      at Object.wrapEvent 
(node_modules/@testing-library/user-event/dist/cjs/event/wrapEvent.js:6:28)
      at Object.dispatchEvent (node_modules/@testing-library/user-event/dist/cj
s/event/dispatchEvent.js:45:22)
      at Object.dispatchUIEvent (node_modules/@testing-library/user-event/dist/
cjs/event/dispatchEvent.js:22:26)
      at commitInput 
(node_modules/@testing-library/user-event/dist/cjs/event/input.js:145:14)
      at editInputElement 
(node_modules/@testing-library/user-event/dist/cjs/event/input.js:115:9)
      at Object.input 
(node_modules/@testing-library/user-event/dist/cjs/event/input.js:37:9)
      at node_modules/@testing-library/user-event/dist/cjs/event/behavior/keypr
ess.js:31:26
      at Object.dispatchEvent (node_modules/@testing-library/user-event/dist/cj
s/event/dispatchEvent.js:41:13)
      at Object.dispatchUIEvent (node_modules/@testing-library/user-event/dist/
cjs/event/dispatchEvent.js:22:26)
      at KeyboardHost.keydown 
(node_modules/@testing-library/user-event/dist/cjs/system/keyboard.js:76:22)
      at keyboardAction 
(node_modules/@testing-library/user-event/dist/cjs/keyboard/index.js:22:35)
      at Object.keyboard 
(node_modules/@testing-library/user-event/dist/cjs/keyboard/index.js:11:15)
      at Object.type 
(node_modules/@testing-library/user-event/dist/cjs/utility/type.js:17:5)
      at Object.<anonymous> (src/profile/__tests__/profile.test.tsx:300:5)

    console.error
      Warning: An update to ProfilePage inside a test was not wrapped in 
act(...).
      
      When testing, code that causes React state updates should be wrapped 
into act(...):
      
      act(() => {
        /* fire events that update state */
      });
      /* assert on the output */
      
      This ensures that you're testing the behavior the user would see in the 
browser. Learn more at https://reactjs.org/link/wrap-tests-with-act
          at ProfilePage (C:\Users\samhe\OneDrive\Desktop\Cleaned\frontend\src\
profile\ProfilePage.tsx:17:41)
          at basenameProp (C:\Users\samhe\OneDrive\Desktop\Cleaned\frontend\nod
e_modules\react-router\lib\components.tsx:421:13)
          at basename (C:\Users\samhe\OneDrive\Desktop\Cleaned\frontend\node_mo
dules\react-router\lib\components.tsx:225:3)

      172 |               className="border border-gray-300 rounded-md px-3 
py-2 text-sm"
      173 |               value={newPassword}
    > 174 |               onChange={e => setNewPassword(e.target.value)}
          |                              ^
      175 |             />
      176 |             <p className="text-xs text-gray-500">
      177 |               Minimum 8 characters, at least 1 uppercase letter 
and 1 number.

      at printWarning 
(node_modules/react-dom/cjs/react-dom.development.js:86:30)
      at error (node_modules/react-dom/cjs/react-dom.development.js:60:7)
      at warnIfUpdatesNotWrappedWithActDEV 
(node_modules/react-dom/cjs/react-dom.development.js:27628:9)
      at scheduleUpdateOnFiber 
(node_modules/react-dom/cjs/react-dom.development.js:25547:5)
      at dispatchSetState 
(node_modules/react-dom/cjs/react-dom.development.js:16708:7)
      at onChange (src/profile/ProfilePage.tsx:174:30)
      at HTMLUnknownElement.callCallback 
(node_modules/react-dom/cjs/react-dom.development.js:4164:14)
      at HTMLUnknownElement.callTheUserObjectsOperation 
(node_modules/jsdom/lib/jsdom/living/generated/EventListener.js:26:30)
      at innerInvokeEventListeners 
(node_modules/jsdom/lib/jsdom/living/events/EventTarget-impl.js:350:25)
      at invokeEventListeners 
(node_modules/jsdom/lib/jsdom/living/events/EventTarget-impl.js:286:3)
      at HTMLUnknownElementImpl._dispatch 
(node_modules/jsdom/lib/jsdom/living/events/EventTarget-impl.js:233:9)
      at HTMLUnknownElementImpl.dispatchEvent 
(node_modules/jsdom/lib/jsdom/living/events/EventTarget-impl.js:104:17)
      at HTMLUnknownElement.dispatchEvent 
(node_modules/jsdom/lib/jsdom/living/generated/EventTarget.js:241:34)
      at Object.invokeGuardedCallbackDev 
(node_modules/react-dom/cjs/react-dom.development.js:4213:16)
      at invokeGuardedCallback 
(node_modules/react-dom/cjs/react-dom.development.js:4277:31)
      at invokeGuardedCallbackAndCatchFirstError 
(node_modules/react-dom/cjs/react-dom.development.js:4291:25)
      at executeDispatch 
(node_modules/react-dom/cjs/react-dom.development.js:9041:3)
      at processDispatchQueueItemsInOrder 
(node_modules/react-dom/cjs/react-dom.development.js:9073:7)
      at processDispatchQueue 
(node_modules/react-dom/cjs/react-dom.development.js:9086:5)
      at dispatchEventsForPlugins 
(node_modules/react-dom/cjs/react-dom.development.js:9097:3)
      at node_modules/react-dom/cjs/react-dom.development.js:9288:12
      at batchedUpdates$1 
(node_modules/react-dom/cjs/react-dom.development.js:26179:12)
      at batchedUpdates 
(node_modules/react-dom/cjs/react-dom.development.js:3991:12)
      at dispatchEventForPluginEventSystem 
(node_modules/react-dom/cjs/react-dom.development.js:9287:3)
      at dispatchEventWithEnableCapturePhaseSelectiveHydrationWithoutDiscreteEv
entReplay (node_modules/react-dom/cjs/react-dom.development.js:6465:5)
      at dispatchEvent 
(node_modules/react-dom/cjs/react-dom.development.js:6457:5)
      at dispatchDiscreteEvent 
(node_modules/react-dom/cjs/react-dom.development.js:6430:5)
      at HTMLDivElement.callTheUserObjectsOperation 
(node_modules/jsdom/lib/jsdom/living/generated/EventListener.js:26:30)
      at innerInvokeEventListeners 
(node_modules/jsdom/lib/jsdom/living/events/EventTarget-impl.js:350:25)
      at invokeEventListeners 
(node_modules/jsdom/lib/jsdom/living/events/EventTarget-impl.js:286:3)
      at HTMLInputElementImpl._dispatch 
(node_modules/jsdom/lib/jsdom/living/events/EventTarget-impl.js:233:9)
      at HTMLInputElementImpl.dispatchEvent 
(node_modules/jsdom/lib/jsdom/living/events/EventTarget-impl.js:104:17)
      at HTMLInputElement.dispatchEvent 
(node_modules/jsdom/lib/jsdom/living/generated/EventTarget.js:241:34)
      at 
node_modules/@testing-library/user-event/dist/cjs/event/dispatchEvent.js:45:43
      at Object.eventWrapper 
(node_modules/@testing-library/dom/dist/config.js:25:23)
      at Object.wrapEvent 
(node_modules/@testing-library/user-event/dist/cjs/event/wrapEvent.js:6:28)
      at Object.dispatchEvent (node_modules/@testing-library/user-event/dist/cj
s/event/dispatchEvent.js:45:22)
      at Object.dispatchUIEvent (node_modules/@testing-library/user-event/dist/
cjs/event/dispatchEvent.js:22:26)
      at commitInput 
(node_modules/@testing-library/user-event/dist/cjs/event/input.js:145:14)
      at editInputElement 
(node_modules/@testing-library/user-event/dist/cjs/event/input.js:115:9)
      at Object.input 
(node_modules/@testing-library/user-event/dist/cjs/event/input.js:37:9)
      at node_modules/@testing-library/user-event/dist/cjs/event/behavior/keypr
ess.js:31:26
      at Object.dispatchEvent (node_modules/@testing-library/user-event/dist/cj
s/event/dispatchEvent.js:41:13)
      at Object.dispatchUIEvent (node_modules/@testing-library/user-event/dist/
cjs/event/dispatchEvent.js:22:26)
      at KeyboardHost.keydown 
(node_modules/@testing-library/user-event/dist/cjs/system/keyboard.js:76:22)
      at keyboardAction 
(node_modules/@testing-library/user-event/dist/cjs/keyboard/index.js:22:35)
      at Object.keyboard 
(node_modules/@testing-library/user-event/dist/cjs/keyboard/index.js:11:15)
      at Object.type 
(node_modules/@testing-library/user-event/dist/cjs/utility/type.js:17:5)
      at Object.<anonymous> (src/profile/__tests__/profile.test.tsx:300:5)

    console.error
      Warning: An update to ProfilePage inside a test was not wrapped in 
act(...).
      
      When testing, code that causes React state updates should be wrapped 
into act(...):
      
      act(() => {
        /* fire events that update state */
      });
      /* assert on the output */
      
      This ensures that you're testing the behavior the user would see in the 
browser. Learn more at https://reactjs.org/link/wrap-tests-with-act
          at ProfilePage (C:\Users\samhe\OneDrive\Desktop\Cleaned\frontend\src\
profile\ProfilePage.tsx:17:41)
          at basenameProp (C:\Users\samhe\OneDrive\Desktop\Cleaned\frontend\nod
e_modules\react-router\lib\components.tsx:421:13)
          at basename (C:\Users\samhe\OneDrive\Desktop\Cleaned\frontend\node_mo
dules\react-router\lib\components.tsx:225:3)

      172 |               className="border border-gray-300 rounded-md px-3 
py-2 text-sm"
      173 |               value={newPassword}
    > 174 |               onChange={e => setNewPassword(e.target.value)}
          |                              ^
      175 |             />
      176 |             <p className="text-xs text-gray-500">
      177 |               Minimum 8 characters, at least 1 uppercase letter 
and 1 number.

      at printWarning 
(node_modules/react-dom/cjs/react-dom.development.js:86:30)
      at error (node_modules/react-dom/cjs/react-dom.development.js:60:7)
      at warnIfUpdatesNotWrappedWithActDEV 
(node_modules/react-dom/cjs/react-dom.development.js:27628:9)
      at scheduleUpdateOnFiber 
(node_modules/react-dom/cjs/react-dom.development.js:25547:5)
      at dispatchSetState 
(node_modules/react-dom/cjs/react-dom.development.js:16708:7)
      at onChange (src/profile/ProfilePage.tsx:174:30)
      at HTMLUnknownElement.callCallback 
(node_modules/react-dom/cjs/react-dom.development.js:4164:14)
      at HTMLUnknownElement.callTheUserObjectsOperation 
(node_modules/jsdom/lib/jsdom/living/generated/EventListener.js:26:30)
      at innerInvokeEventListeners 
(node_modules/jsdom/lib/jsdom/living/events/EventTarget-impl.js:350:25)
      at invokeEventListeners 
(node_modules/jsdom/lib/jsdom/living/events/EventTarget-impl.js:286:3)
      at HTMLUnknownElementImpl._dispatch 
(node_modules/jsdom/lib/jsdom/living/events/EventTarget-impl.js:233:9)
      at HTMLUnknownElementImpl.dispatchEvent 
(node_modules/jsdom/lib/jsdom/living/events/EventTarget-impl.js:104:17)
      at HTMLUnknownElement.dispatchEvent 
(node_modules/jsdom/lib/jsdom/living/generated/EventTarget.js:241:34)
      at Object.invokeGuardedCallbackDev 
(node_modules/react-dom/cjs/react-dom.development.js:4213:16)
      at invokeGuardedCallback 
(node_modules/react-dom/cjs/react-dom.development.js:4277:31)
      at invokeGuardedCallbackAndCatchFirstError 
(node_modules/react-dom/cjs/react-dom.development.js:4291:25)
      at executeDispatch 
(node_modules/react-dom/cjs/react-dom.development.js:9041:3)
      at processDispatchQueueItemsInOrder 
(node_modules/react-dom/cjs/react-dom.development.js:9073:7)
      at processDispatchQueue 
(node_modules/react-dom/cjs/react-dom.development.js:9086:5)
      at dispatchEventsForPlugins 
(node_modules/react-dom/cjs/react-dom.development.js:9097:3)
      at node_modules/react-dom/cjs/react-dom.development.js:9288:12
      at batchedUpdates$1 
(node_modules/react-dom/cjs/react-dom.development.js:26179:12)
      at batchedUpdates 
(node_modules/react-dom/cjs/react-dom.development.js:3991:12)
      at dispatchEventForPluginEventSystem 
(node_modules/react-dom/cjs/react-dom.development.js:9287:3)
      at dispatchEventWithEnableCapturePhaseSelectiveHydrationWithoutDiscreteEv
entReplay (node_modules/react-dom/cjs/react-dom.development.js:6465:5)
      at dispatchEvent 
(node_modules/react-dom/cjs/react-dom.development.js:6457:5)
      at dispatchDiscreteEvent 
(node_modules/react-dom/cjs/react-dom.development.js:6430:5)
      at HTMLDivElement.callTheUserObjectsOperation 
(node_modules/jsdom/lib/jsdom/living/generated/EventListener.js:26:30)
      at innerInvokeEventListeners 
(node_modules/jsdom/lib/jsdom/living/events/EventTarget-impl.js:350:25)
      at invokeEventListeners 
(node_modules/jsdom/lib/jsdom/living/events/EventTarget-impl.js:286:3)
      at HTMLInputElementImpl._dispatch 
(node_modules/jsdom/lib/jsdom/living/events/EventTarget-impl.js:233:9)
      at HTMLInputElementImpl.dispatchEvent 
(node_modules/jsdom/lib/jsdom/living/events/EventTarget-impl.js:104:17)
      at HTMLInputElement.dispatchEvent 
(node_modules/jsdom/lib/jsdom/living/generated/EventTarget.js:241:34)
      at 
node_modules/@testing-library/user-event/dist/cjs/event/dispatchEvent.js:45:43
      at Object.eventWrapper 
(node_modules/@testing-library/dom/dist/config.js:25:23)
      at Object.wrapEvent 
(node_modules/@testing-library/user-event/dist/cjs/event/wrapEvent.js:6:28)
      at Object.dispatchEvent (node_modules/@testing-library/user-event/dist/cj
s/event/dispatchEvent.js:45:22)
      at Object.dispatchUIEvent (node_modules/@testing-library/user-event/dist/
cjs/event/dispatchEvent.js:22:26)
      at commitInput 
(node_modules/@testing-library/user-event/dist/cjs/event/input.js:145:14)
      at editInputElement 
(node_modules/@testing-library/user-event/dist/cjs/event/input.js:115:9)
      at Object.input 
(node_modules/@testing-library/user-event/dist/cjs/event/input.js:37:9)
      at node_modules/@testing-library/user-event/dist/cjs/event/behavior/keypr
ess.js:31:26
      at Object.dispatchEvent (node_modules/@testing-library/user-event/dist/cj
s/event/dispatchEvent.js:41:13)
      at Object.dispatchUIEvent (node_modules/@testing-library/user-event/dist/
cjs/event/dispatchEvent.js:22:26)
      at KeyboardHost.keydown 
(node_modules/@testing-library/user-event/dist/cjs/system/keyboard.js:76:22)
      at keyboardAction 
(node_modules/@testing-library/user-event/dist/cjs/keyboard/index.js:22:35)
      at Object.keyboard 
(node_modules/@testing-library/user-event/dist/cjs/keyboard/index.js:11:15)
      at Object.type 
(node_modules/@testing-library/user-event/dist/cjs/utility/type.js:17:5)
      at Object.<anonymous> (src/profile/__tests__/profile.test.tsx:300:5)

    console.error
      Warning: An update to ProfilePage inside a test was not wrapped in 
act(...).
      
      When testing, code that causes React state updates should be wrapped 
into act(...):
      
      act(() => {
        /* fire events that update state */
      });
      /* assert on the output */
      
      This ensures that you're testing the behavior the user would see in the 
browser. Learn more at https://reactjs.org/link/wrap-tests-with-act
          at ProfilePage (C:\Users\samhe\OneDrive\Desktop\Cleaned\frontend\src\
profile\ProfilePage.tsx:17:41)
          at basenameProp (C:\Users\samhe\OneDrive\Desktop\Cleaned\frontend\nod
e_modules\react-router\lib\components.tsx:421:13)
          at basename (C:\Users\samhe\OneDrive\Desktop\Cleaned\frontend\node_mo
dules\react-router\lib\components.tsx:225:3)

      172 |               className="border border-gray-300 rounded-md px-3 
py-2 text-sm"
      173 |               value={newPassword}
    > 174 |               onChange={e => setNewPassword(e.target.value)}
          |                              ^
      175 |             />
      176 |             <p className="text-xs text-gray-500">
      177 |               Minimum 8 characters, at least 1 uppercase letter 
and 1 number.

      at printWarning 
(node_modules/react-dom/cjs/react-dom.development.js:86:30)
      at error (node_modules/react-dom/cjs/react-dom.development.js:60:7)
      at warnIfUpdatesNotWrappedWithActDEV 
(node_modules/react-dom/cjs/react-dom.development.js:27628:9)
      at scheduleUpdateOnFiber 
(node_modules/react-dom/cjs/react-dom.development.js:25547:5)
      at dispatchSetState 
(node_modules/react-dom/cjs/react-dom.development.js:16708:7)
      at onChange (src/profile/ProfilePage.tsx:174:30)
      at HTMLUnknownElement.callCallback 
(node_modules/react-dom/cjs/react-dom.development.js:4164:14)
      at HTMLUnknownElement.callTheUserObjectsOperation 
(node_modules/jsdom/lib/jsdom/living/generated/EventListener.js:26:30)
      at innerInvokeEventListeners 
(node_modules/jsdom/lib/jsdom/living/events/EventTarget-impl.js:350:25)
      at invokeEventListeners 
(node_modules/jsdom/lib/jsdom/living/events/EventTarget-impl.js:286:3)
      at HTMLUnknownElementImpl._dispatch 
(node_modules/jsdom/lib/jsdom/living/events/EventTarget-impl.js:233:9)
      at HTMLUnknownElementImpl.dispatchEvent 
(node_modules/jsdom/lib/jsdom/living/events/EventTarget-impl.js:104:17)
      at HTMLUnknownElement.dispatchEvent 
(node_modules/jsdom/lib/jsdom/living/generated/EventTarget.js:241:34)
      at Object.invokeGuardedCallbackDev 
(node_modules/react-dom/cjs/react-dom.development.js:4213:16)
      at invokeGuardedCallback 
(node_modules/react-dom/cjs/react-dom.development.js:4277:31)
      at invokeGuardedCallbackAndCatchFirstError 
(node_modules/react-dom/cjs/react-dom.development.js:4291:25)
      at executeDispatch 
(node_modules/react-dom/cjs/react-dom.development.js:9041:3)
      at processDispatchQueueItemsInOrder 
(node_modules/react-dom/cjs/react-dom.development.js:9073:7)
      at processDispatchQueue 
(node_modules/react-dom/cjs/react-dom.development.js:9086:5)
      at dispatchEventsForPlugins 
(node_modules/react-dom/cjs/react-dom.development.js:9097:3)
      at node_modules/react-dom/cjs/react-dom.development.js:9288:12
      at batchedUpdates$1 
(node_modules/react-dom/cjs/react-dom.development.js:26179:12)
      at batchedUpdates 
(node_modules/react-dom/cjs/react-dom.development.js:3991:12)
      at dispatchEventForPluginEventSystem 
(node_modules/react-dom/cjs/react-dom.development.js:9287:3)
      at dispatchEventWithEnableCapturePhaseSelectiveHydrationWithoutDiscreteEv
entReplay (node_modules/react-dom/cjs/react-dom.development.js:6465:5)
      at dispatchEvent 
(node_modules/react-dom/cjs/react-dom.development.js:6457:5)
      at dispatchDiscreteEvent 
(node_modules/react-dom/cjs/react-dom.development.js:6430:5)
      at HTMLDivElement.callTheUserObjectsOperation 
(node_modules/jsdom/lib/jsdom/living/generated/EventListener.js:26:30)
      at innerInvokeEventListeners 
(node_modules/jsdom/lib/jsdom/living/events/EventTarget-impl.js:350:25)
      at invokeEventListeners 
(node_modules/jsdom/lib/jsdom/living/events/EventTarget-impl.js:286:3)
      at HTMLInputElementImpl._dispatch 
(node_modules/jsdom/lib/jsdom/living/events/EventTarget-impl.js:233:9)
      at HTMLInputElementImpl.dispatchEvent 
(node_modules/jsdom/lib/jsdom/living/events/EventTarget-impl.js:104:17)
      at HTMLInputElement.dispatchEvent 
(node_modules/jsdom/lib/jsdom/living/generated/EventTarget.js:241:34)
      at 
node_modules/@testing-library/user-event/dist/cjs/event/dispatchEvent.js:45:43
      at Object.eventWrapper 
(node_modules/@testing-library/dom/dist/config.js:25:23)
      at Object.wrapEvent 
(node_modules/@testing-library/user-event/dist/cjs/event/wrapEvent.js:6:28)
      at Object.dispatchEvent (node_modules/@testing-library/user-event/dist/cj
s/event/dispatchEvent.js:45:22)
      at Object.dispatchUIEvent (node_modules/@testing-library/user-event/dist/
cjs/event/dispatchEvent.js:22:26)
      at commitInput 
(node_modules/@testing-library/user-event/dist/cjs/event/input.js:145:14)
      at editInputElement 
(node_modules/@testing-library/user-event/dist/cjs/event/input.js:115:9)
      at Object.input 
(node_modules/@testing-library/user-event/dist/cjs/event/input.js:37:9)
      at node_modules/@testing-library/user-event/dist/cjs/event/behavior/keypr
ess.js:31:26
      at Object.dispatchEvent (node_modules/@testing-library/user-event/dist/cj
s/event/dispatchEvent.js:41:13)
      at Object.dispatchUIEvent (node_modules/@testing-library/user-event/dist/
cjs/event/dispatchEvent.js:22:26)
      at KeyboardHost.keydown 
(node_modules/@testing-library/user-event/dist/cjs/system/keyboard.js:76:22)
      at keyboardAction 
(node_modules/@testing-library/user-event/dist/cjs/keyboard/index.js:22:35)
      at Object.keyboard 
(node_modules/@testing-library/user-event/dist/cjs/keyboard/index.js:11:15)
      at Object.type 
(node_modules/@testing-library/user-event/dist/cjs/utility/type.js:17:5)
      at Object.<anonymous> (src/profile/__tests__/profile.test.tsx:300:5)

    console.error
      Warning: An update to ProfilePage inside a test was not wrapped in 
act(...).
      
      When testing, code that causes React state updates should be wrapped 
into act(...):
      
      act(() => {
        /* fire events that update state */
      });
      /* assert on the output */
      
      This ensures that you're testing the behavior the user would see in the 
browser. Learn more at https://reactjs.org/link/wrap-tests-with-act
          at ProfilePage (C:\Users\samhe\OneDrive\Desktop\Cleaned\frontend\src\
profile\ProfilePage.tsx:17:41)
          at basenameProp (C:\Users\samhe\OneDrive\Desktop\Cleaned\frontend\nod
e_modules\react-router\lib\components.tsx:421:13)
          at basename (C:\Users\samhe\OneDrive\Desktop\Cleaned\frontend\node_mo
dules\react-router\lib\components.tsx:225:3)

      172 |               className="border border-gray-300 rounded-md px-3 
py-2 text-sm"
      173 |               value={newPassword}
    > 174 |               onChange={e => setNewPassword(e.target.value)}
          |                              ^
      175 |             />
      176 |             <p className="text-xs text-gray-500">
      177 |               Minimum 8 characters, at least 1 uppercase letter 
and 1 number.

      at printWarning 
(node_modules/react-dom/cjs/react-dom.development.js:86:30)
      at error (node_modules/react-dom/cjs/react-dom.development.js:60:7)
      at warnIfUpdatesNotWrappedWithActDEV 
(node_modules/react-dom/cjs/react-dom.development.js:27628:9)
      at scheduleUpdateOnFiber 
(node_modules/react-dom/cjs/react-dom.development.js:25547:5)
      at dispatchSetState 
(node_modules/react-dom/cjs/react-dom.development.js:16708:7)
      at onChange (src/profile/ProfilePage.tsx:174:30)
      at HTMLUnknownElement.callCallback 
(node_modules/react-dom/cjs/react-dom.development.js:4164:14)
      at HTMLUnknownElement.callTheUserObjectsOperation 
(node_modules/jsdom/lib/jsdom/living/generated/EventListener.js:26:30)
      at innerInvokeEventListeners 
(node_modules/jsdom/lib/jsdom/living/events/EventTarget-impl.js:350:25)
      at invokeEventListeners 
(node_modules/jsdom/lib/jsdom/living/events/EventTarget-impl.js:286:3)
      at HTMLUnknownElementImpl._dispatch 
(node_modules/jsdom/lib/jsdom/living/events/EventTarget-impl.js:233:9)
      at HTMLUnknownElementImpl.dispatchEvent 
(node_modules/jsdom/lib/jsdom/living/events/EventTarget-impl.js:104:17)
      at HTMLUnknownElement.dispatchEvent 
(node_modules/jsdom/lib/jsdom/living/generated/EventTarget.js:241:34)
      at Object.invokeGuardedCallbackDev 
(node_modules/react-dom/cjs/react-dom.development.js:4213:16)
      at invokeGuardedCallback 
(node_modules/react-dom/cjs/react-dom.development.js:4277:31)
      at invokeGuardedCallbackAndCatchFirstError 
(node_modules/react-dom/cjs/react-dom.development.js:4291:25)
      at executeDispatch 
(node_modules/react-dom/cjs/react-dom.development.js:9041:3)
      at processDispatchQueueItemsInOrder 
(node_modules/react-dom/cjs/react-dom.development.js:9073:7)
      at processDispatchQueue 
(node_modules/react-dom/cjs/react-dom.development.js:9086:5)
      at dispatchEventsForPlugins 
(node_modules/react-dom/cjs/react-dom.development.js:9097:3)
      at node_modules/react-dom/cjs/react-dom.development.js:9288:12
      at batchedUpdates$1 
(node_modules/react-dom/cjs/react-dom.development.js:26179:12)
      at batchedUpdates 
(node_modules/react-dom/cjs/react-dom.development.js:3991:12)
      at dispatchEventForPluginEventSystem 
(node_modules/react-dom/cjs/react-dom.development.js:9287:3)
      at dispatchEventWithEnableCapturePhaseSelectiveHydrationWithoutDiscreteEv
entReplay (node_modules/react-dom/cjs/react-dom.development.js:6465:5)
      at dispatchEvent 
(node_modules/react-dom/cjs/react-dom.development.js:6457:5)
      at dispatchDiscreteEvent 
(node_modules/react-dom/cjs/react-dom.development.js:6430:5)
      at HTMLDivElement.callTheUserObjectsOperation 
(node_modules/jsdom/lib/jsdom/living/generated/EventListener.js:26:30)
      at innerInvokeEventListeners 
(node_modules/jsdom/lib/jsdom/living/events/EventTarget-impl.js:350:25)
      at invokeEventListeners 
(node_modules/jsdom/lib/jsdom/living/events/EventTarget-impl.js:286:3)
      at HTMLInputElementImpl._dispatch 
(node_modules/jsdom/lib/jsdom/living/events/EventTarget-impl.js:233:9)
      at HTMLInputElementImpl.dispatchEvent 
(node_modules/jsdom/lib/jsdom/living/events/EventTarget-impl.js:104:17)
      at HTMLInputElement.dispatchEvent 
(node_modules/jsdom/lib/jsdom/living/generated/EventTarget.js:241:34)
      at 
node_modules/@testing-library/user-event/dist/cjs/event/dispatchEvent.js:45:43
      at Object.eventWrapper 
(node_modules/@testing-library/dom/dist/config.js:25:23)
      at Object.wrapEvent 
(node_modules/@testing-library/user-event/dist/cjs/event/wrapEvent.js:6:28)
      at Object.dispatchEvent (node_modules/@testing-library/user-event/dist/cj
s/event/dispatchEvent.js:45:22)
      at Object.dispatchUIEvent (node_modules/@testing-library/user-event/dist/
cjs/event/dispatchEvent.js:22:26)
      at commitInput 
(node_modules/@testing-library/user-event/dist/cjs/event/input.js:145:14)
      at editInputElement 
(node_modules/@testing-library/user-event/dist/cjs/event/input.js:115:9)
      at Object.input 
(node_modules/@testing-library/user-event/dist/cjs/event/input.js:37:9)
      at node_modules/@testing-library/user-event/dist/cjs/event/behavior/keypr
ess.js:31:26
      at Object.dispatchEvent (node_modules/@testing-library/user-event/dist/cj
s/event/dispatchEvent.js:41:13)
      at Object.dispatchUIEvent (node_modules/@testing-library/user-event/dist/
cjs/event/dispatchEvent.js:22:26)
      at KeyboardHost.keydown 
(node_modules/@testing-library/user-event/dist/cjs/system/keyboard.js:76:22)
      at keyboardAction 
(node_modules/@testing-library/user-event/dist/cjs/keyboard/index.js:22:35)
      at Object.keyboard 
(node_modules/@testing-library/user-event/dist/cjs/keyboard/index.js:11:15)
      at Object.type 
(node_modules/@testing-library/user-event/dist/cjs/utility/type.js:17:5)
      at Object.<anonymous> (src/profile/__tests__/profile.test.tsx:300:5)

    console.error
      Warning: An update to ProfilePage inside a test was not wrapped in 
act(...).
      
      When testing, code that causes React state updates should be wrapped 
into act(...):
      
      act(() => {
        /* fire events that update state */
      });
      /* assert on the output */
      
      This ensures that you're testing the behavior the user would see in the 
browser. Learn more at https://reactjs.org/link/wrap-tests-with-act
          at ProfilePage (C:\Users\samhe\OneDrive\Desktop\Cleaned\frontend\src\
profile\ProfilePage.tsx:17:41)
          at basenameProp (C:\Users\samhe\OneDrive\Desktop\Cleaned\frontend\nod
e_modules\react-router\lib\components.tsx:421:13)
          at basename (C:\Users\samhe\OneDrive\Desktop\Cleaned\frontend\node_mo
dules\react-router\lib\components.tsx:225:3)

      172 |               className="border border-gray-300 rounded-md px-3 
py-2 text-sm"
      173 |               value={newPassword}
    > 174 |               onChange={e => setNewPassword(e.target.value)}
          |                              ^
      175 |             />
      176 |             <p className="text-xs text-gray-500">
      177 |               Minimum 8 characters, at least 1 uppercase letter 
and 1 number.

      at printWarning 
(node_modules/react-dom/cjs/react-dom.development.js:86:30)
      at error (node_modules/react-dom/cjs/react-dom.development.js:60:7)
      at warnIfUpdatesNotWrappedWithActDEV 
(node_modules/react-dom/cjs/react-dom.development.js:27628:9)
      at scheduleUpdateOnFiber 
(node_modules/react-dom/cjs/react-dom.development.js:25547:5)
      at dispatchSetState 
(node_modules/react-dom/cjs/react-dom.development.js:16708:7)
      at onChange (src/profile/ProfilePage.tsx:174:30)
      at HTMLUnknownElement.callCallback 
(node_modules/react-dom/cjs/react-dom.development.js:4164:14)
      at HTMLUnknownElement.callTheUserObjectsOperation 
(node_modules/jsdom/lib/jsdom/living/generated/EventListener.js:26:30)
      at innerInvokeEventListeners 
(node_modules/jsdom/lib/jsdom/living/events/EventTarget-impl.js:350:25)
      at invokeEventListeners 
(node_modules/jsdom/lib/jsdom/living/events/EventTarget-impl.js:286:3)
      at HTMLUnknownElementImpl._dispatch 
(node_modules/jsdom/lib/jsdom/living/events/EventTarget-impl.js:233:9)
      at HTMLUnknownElementImpl.dispatchEvent 
(node_modules/jsdom/lib/jsdom/living/events/EventTarget-impl.js:104:17)
      at HTMLUnknownElement.dispatchEvent 
(node_modules/jsdom/lib/jsdom/living/generated/EventTarget.js:241:34)
      at Object.invokeGuardedCallbackDev 
(node_modules/react-dom/cjs/react-dom.development.js:4213:16)
      at invokeGuardedCallback 
(node_modules/react-dom/cjs/react-dom.development.js:4277:31)
      at invokeGuardedCallbackAndCatchFirstError 
(node_modules/react-dom/cjs/react-dom.development.js:4291:25)
      at executeDispatch 
(node_modules/react-dom/cjs/react-dom.development.js:9041:3)
      at processDispatchQueueItemsInOrder 
(node_modules/react-dom/cjs/react-dom.development.js:9073:7)
      at processDispatchQueue 
(node_modules/react-dom/cjs/react-dom.development.js:9086:5)
      at dispatchEventsForPlugins 
(node_modules/react-dom/cjs/react-dom.development.js:9097:3)
      at node_modules/react-dom/cjs/react-dom.development.js:9288:12
      at batchedUpdates$1 
(node_modules/react-dom/cjs/react-dom.development.js:26179:12)
      at batchedUpdates 
(node_modules/react-dom/cjs/react-dom.development.js:3991:12)
      at dispatchEventForPluginEventSystem 
(node_modules/react-dom/cjs/react-dom.development.js:9287:3)
      at dispatchEventWithEnableCapturePhaseSelectiveHydrationWithoutDiscreteEv
entReplay (node_modules/react-dom/cjs/react-dom.development.js:6465:5)
      at dispatchEvent 
(node_modules/react-dom/cjs/react-dom.development.js:6457:5)
      at dispatchDiscreteEvent 
(node_modules/react-dom/cjs/react-dom.development.js:6430:5)
      at HTMLDivElement.callTheUserObjectsOperation 
(node_modules/jsdom/lib/jsdom/living/generated/EventListener.js:26:30)
      at innerInvokeEventListeners 
(node_modules/jsdom/lib/jsdom/living/events/EventTarget-impl.js:350:25)
      at invokeEventListeners 
(node_modules/jsdom/lib/jsdom/living/events/EventTarget-impl.js:286:3)
      at HTMLInputElementImpl._dispatch 
(node_modules/jsdom/lib/jsdom/living/events/EventTarget-impl.js:233:9)
      at HTMLInputElementImpl.dispatchEvent 
(node_modules/jsdom/lib/jsdom/living/events/EventTarget-impl.js:104:17)
      at HTMLInputElement.dispatchEvent 
(node_modules/jsdom/lib/jsdom/living/generated/EventTarget.js:241:34)
      at 
node_modules/@testing-library/user-event/dist/cjs/event/dispatchEvent.js:45:43
      at Object.eventWrapper 
(node_modules/@testing-library/dom/dist/config.js:25:23)
      at Object.wrapEvent 
(node_modules/@testing-library/user-event/dist/cjs/event/wrapEvent.js:6:28)
      at Object.dispatchEvent (node_modules/@testing-library/user-event/dist/cj
s/event/dispatchEvent.js:45:22)
      at Object.dispatchUIEvent (node_modules/@testing-library/user-event/dist/
cjs/event/dispatchEvent.js:22:26)
      at commitInput 
(node_modules/@testing-library/user-event/dist/cjs/event/input.js:145:14)
      at editInputElement 
(node_modules/@testing-library/user-event/dist/cjs/event/input.js:115:9)
      at Object.input 
(node_modules/@testing-library/user-event/dist/cjs/event/input.js:37:9)
      at node_modules/@testing-library/user-event/dist/cjs/event/behavior/keypr
ess.js:31:26
      at Object.dispatchEvent (node_modules/@testing-library/user-event/dist/cj
s/event/dispatchEvent.js:41:13)
      at Object.dispatchUIEvent (node_modules/@testing-library/user-event/dist/
cjs/event/dispatchEvent.js:22:26)
      at KeyboardHost.keydown 
(node_modules/@testing-library/user-event/dist/cjs/system/keyboard.js:76:22)
      at keyboardAction 
(node_modules/@testing-library/user-event/dist/cjs/keyboard/index.js:22:35)
      at Object.keyboard 
(node_modules/@testing-library/user-event/dist/cjs/keyboard/index.js:11:15)
      at Object.type 
(node_modules/@testing-library/user-event/dist/cjs/utility/type.js:17:5)
      at Object.<anonymous> (src/profile/__tests__/profile.test.tsx:300:5)

    console.error
      Warning: An update to ProfilePage inside a test was not wrapped in 
act(...).
      
      When testing, code that causes React state updates should be wrapped 
into act(...):
      
      act(() => {
        /* fire events that update state */
      });
      /* assert on the output */
      
      This ensures that you're testing the behavior the user would see in the 
browser. Learn more at https://reactjs.org/link/wrap-tests-with-act
          at ProfilePage (C:\Users\samhe\OneDrive\Desktop\Cleaned\frontend\src\
profile\ProfilePage.tsx:17:41)
          at basenameProp (C:\Users\samhe\OneDrive\Desktop\Cleaned\frontend\nod
e_modules\react-router\lib\components.tsx:421:13)
          at basename (C:\Users\samhe\OneDrive\Desktop\Cleaned\frontend\node_mo
dules\react-router\lib\components.tsx:225:3)

      172 |               className="border border-gray-300 rounded-md px-3 
py-2 text-sm"
      173 |               value={newPassword}
    > 174 |               onChange={e => setNewPassword(e.target.value)}
          |                              ^
      175 |             />
      176 |             <p className="text-xs text-gray-500">
      177 |               Minimum 8 characters, at least 1 uppercase letter 
and 1 number.

      at printWarning 
(node_modules/react-dom/cjs/react-dom.development.js:86:30)
      at error (node_modules/react-dom/cjs/react-dom.development.js:60:7)
      at warnIfUpdatesNotWrappedWithActDEV 
(node_modules/react-dom/cjs/react-dom.development.js:27628:9)
      at scheduleUpdateOnFiber 
(node_modules/react-dom/cjs/react-dom.development.js:25547:5)
      at dispatchSetState 
(node_modules/react-dom/cjs/react-dom.development.js:16708:7)
      at onChange (src/profile/ProfilePage.tsx:174:30)
      at HTMLUnknownElement.callCallback 
(node_modules/react-dom/cjs/react-dom.development.js:4164:14)
      at HTMLUnknownElement.callTheUserObjectsOperation 
(node_modules/jsdom/lib/jsdom/living/generated/EventListener.js:26:30)
      at innerInvokeEventListeners 
(node_modules/jsdom/lib/jsdom/living/events/EventTarget-impl.js:350:25)
      at invokeEventListeners 
(node_modules/jsdom/lib/jsdom/living/events/EventTarget-impl.js:286:3)
      at HTMLUnknownElementImpl._dispatch 
(node_modules/jsdom/lib/jsdom/living/events/EventTarget-impl.js:233:9)
      at HTMLUnknownElementImpl.dispatchEvent 
(node_modules/jsdom/lib/jsdom/living/events/EventTarget-impl.js:104:17)
      at HTMLUnknownElement.dispatchEvent 
(node_modules/jsdom/lib/jsdom/living/generated/EventTarget.js:241:34)
      at Object.invokeGuardedCallbackDev 
(node_modules/react-dom/cjs/react-dom.development.js:4213:16)
      at invokeGuardedCallback 
(node_modules/react-dom/cjs/react-dom.development.js:4277:31)
      at invokeGuardedCallbackAndCatchFirstError 
(node_modules/react-dom/cjs/react-dom.development.js:4291:25)
      at executeDispatch 
(node_modules/react-dom/cjs/react-dom.development.js:9041:3)
      at processDispatchQueueItemsInOrder 
(node_modules/react-dom/cjs/react-dom.development.js:9073:7)
      at processDispatchQueue 
(node_modules/react-dom/cjs/react-dom.development.js:9086:5)
      at dispatchEventsForPlugins 
(node_modules/react-dom/cjs/react-dom.development.js:9097:3)
      at node_modules/react-dom/cjs/react-dom.development.js:9288:12
      at batchedUpdates$1 
(node_modules/react-dom/cjs/react-dom.development.js:26179:12)
      at batchedUpdates 
(node_modules/react-dom/cjs/react-dom.development.js:3991:12)
      at dispatchEventForPluginEventSystem 
(node_modules/react-dom/cjs/react-dom.development.js:9287:3)
      at dispatchEventWithEnableCapturePhaseSelectiveHydrationWithoutDiscreteEv
entReplay (node_modules/react-dom/cjs/react-dom.development.js:6465:5)
      at dispatchEvent 
(node_modules/react-dom/cjs/react-dom.development.js:6457:5)
      at dispatchDiscreteEvent 
(node_modules/react-dom/cjs/react-dom.development.js:6430:5)
      at HTMLDivElement.callTheUserObjectsOperation 
(node_modules/jsdom/lib/jsdom/living/generated/EventListener.js:26:30)
      at innerInvokeEventListeners 
(node_modules/jsdom/lib/jsdom/living/events/EventTarget-impl.js:350:25)
      at invokeEventListeners 
(node_modules/jsdom/lib/jsdom/living/events/EventTarget-impl.js:286:3)
      at HTMLInputElementImpl._dispatch 
(node_modules/jsdom/lib/jsdom/living/events/EventTarget-impl.js:233:9)
      at HTMLInputElementImpl.dispatchEvent 
(node_modules/jsdom/lib/jsdom/living/events/EventTarget-impl.js:104:17)
      at HTMLInputElement.dispatchEvent 
(node_modules/jsdom/lib/jsdom/living/generated/EventTarget.js:241:34)
      at 
node_modules/@testing-library/user-event/dist/cjs/event/dispatchEvent.js:45:43
      at Object.eventWrapper 
(node_modules/@testing-library/dom/dist/config.js:25:23)
      at Object.wrapEvent 
(node_modules/@testing-library/user-event/dist/cjs/event/wrapEvent.js:6:28)
      at Object.dispatchEvent (node_modules/@testing-library/user-event/dist/cj
s/event/dispatchEvent.js:45:22)
      at Object.dispatchUIEvent (node_modules/@testing-library/user-event/dist/
cjs/event/dispatchEvent.js:22:26)
      at commitInput 
(node_modules/@testing-library/user-event/dist/cjs/event/input.js:145:14)
      at editInputElement 
(node_modules/@testing-library/user-event/dist/cjs/event/input.js:115:9)
      at Object.input 
(node_modules/@testing-library/user-event/dist/cjs/event/input.js:37:9)
      at node_modules/@testing-library/user-event/dist/cjs/event/behavior/keypr
ess.js:31:26
      at Object.dispatchEvent (node_modules/@testing-library/user-event/dist/cj
s/event/dispatchEvent.js:41:13)
      at Object.dispatchUIEvent (node_modules/@testing-library/user-event/dist/
cjs/event/dispatchEvent.js:22:26)
      at KeyboardHost.keydown 
(node_modules/@testing-library/user-event/dist/cjs/system/keyboard.js:76:22)
      at keyboardAction 
(node_modules/@testing-library/user-event/dist/cjs/keyboard/index.js:22:35)
      at Object.keyboard 
(node_modules/@testing-library/user-event/dist/cjs/keyboard/index.js:11:15)
      at Object.type 
(node_modules/@testing-library/user-event/dist/cjs/utility/type.js:17:5)
      at Object.<anonymous> (src/profile/__tests__/profile.test.tsx:300:5)

    console.error
      Warning: An update to ProfilePage inside a test was not wrapped in 
act(...).
      
      When testing, code that causes React state updates should be wrapped 
into act(...):
      
      act(() => {
        /* fire events that update state */
      });
      /* assert on the output */
      
      This ensures that you're testing the behavior the user would see in the 
browser. Learn more at https://reactjs.org/link/wrap-tests-with-act
          at ProfilePage (C:\Users\samhe\OneDrive\Desktop\Cleaned\frontend\src\
profile\ProfilePage.tsx:17:41)
          at basenameProp (C:\Users\samhe\OneDrive\Desktop\Cleaned\frontend\nod
e_modules\react-router\lib\components.tsx:421:13)
          at basename (C:\Users\samhe\OneDrive\Desktop\Cleaned\frontend\node_mo
dules\react-router\lib\components.tsx:225:3)

      172 |               className="border border-gray-300 rounded-md px-3 
py-2 text-sm"
      173 |               value={newPassword}
    > 174 |               onChange={e => setNewPassword(e.target.value)}
          |                              ^
      175 |             />
      176 |             <p className="text-xs text-gray-500">
      177 |               Minimum 8 characters, at least 1 uppercase letter 
and 1 number.

      at printWarning 
(node_modules/react-dom/cjs/react-dom.development.js:86:30)
      at error (node_modules/react-dom/cjs/react-dom.development.js:60:7)
      at warnIfUpdatesNotWrappedWithActDEV 
(node_modules/react-dom/cjs/react-dom.development.js:27628:9)
      at scheduleUpdateOnFiber 
(node_modules/react-dom/cjs/react-dom.development.js:25547:5)
      at dispatchSetState 
(node_modules/react-dom/cjs/react-dom.development.js:16708:7)
      at onChange (src/profile/ProfilePage.tsx:174:30)
      at HTMLUnknownElement.callCallback 
(node_modules/react-dom/cjs/react-dom.development.js:4164:14)
      at HTMLUnknownElement.callTheUserObjectsOperation 
(node_modules/jsdom/lib/jsdom/living/generated/EventListener.js:26:30)
      at innerInvokeEventListeners 
(node_modules/jsdom/lib/jsdom/living/events/EventTarget-impl.js:350:25)
      at invokeEventListeners 
(node_modules/jsdom/lib/jsdom/living/events/EventTarget-impl.js:286:3)
      at HTMLUnknownElementImpl._dispatch 
(node_modules/jsdom/lib/jsdom/living/events/EventTarget-impl.js:233:9)
      at HTMLUnknownElementImpl.dispatchEvent 
(node_modules/jsdom/lib/jsdom/living/events/EventTarget-impl.js:104:17)
      at HTMLUnknownElement.dispatchEvent 
(node_modules/jsdom/lib/jsdom/living/generated/EventTarget.js:241:34)
      at Object.invokeGuardedCallbackDev 
(node_modules/react-dom/cjs/react-dom.development.js:4213:16)
      at invokeGuardedCallback 
(node_modules/react-dom/cjs/react-dom.development.js:4277:31)
      at invokeGuardedCallbackAndCatchFirstError 
(node_modules/react-dom/cjs/react-dom.development.js:4291:25)
      at executeDispatch 
(node_modules/react-dom/cjs/react-dom.development.js:9041:3)
      at processDispatchQueueItemsInOrder 
(node_modules/react-dom/cjs/react-dom.development.js:9073:7)
      at processDispatchQueue 
(node_modules/react-dom/cjs/react-dom.development.js:9086:5)
      at dispatchEventsForPlugins 
(node_modules/react-dom/cjs/react-dom.development.js:9097:3)
      at node_modules/react-dom/cjs/react-dom.development.js:9288:12
      at batchedUpdates$1 
(node_modules/react-dom/cjs/react-dom.development.js:26179:12)
      at batchedUpdates 
(node_modules/react-dom/cjs/react-dom.development.js:3991:12)
      at dispatchEventForPluginEventSystem 
(node_modules/react-dom/cjs/react-dom.development.js:9287:3)
      at dispatchEventWithEnableCapturePhaseSelectiveHydrationWithoutDiscreteEv
entReplay (node_modules/react-dom/cjs/react-dom.development.js:6465:5)
      at dispatchEvent 
(node_modules/react-dom/cjs/react-dom.development.js:6457:5)
      at dispatchDiscreteEvent 
(node_modules/react-dom/cjs/react-dom.development.js:6430:5)
      at HTMLDivElement.callTheUserObjectsOperation 
(node_modules/jsdom/lib/jsdom/living/generated/EventListener.js:26:30)
      at innerInvokeEventListeners 
(node_modules/jsdom/lib/jsdom/living/events/EventTarget-impl.js:350:25)
      at invokeEventListeners 
(node_modules/jsdom/lib/jsdom/living/events/EventTarget-impl.js:286:3)
      at HTMLInputElementImpl._dispatch 
(node_modules/jsdom/lib/jsdom/living/events/EventTarget-impl.js:233:9)
      at HTMLInputElementImpl.dispatchEvent 
(node_modules/jsdom/lib/jsdom/living/events/EventTarget-impl.js:104:17)
      at HTMLInputElement.dispatchEvent 
(node_modules/jsdom/lib/jsdom/living/generated/EventTarget.js:241:34)
      at 
node_modules/@testing-library/user-event/dist/cjs/event/dispatchEvent.js:45:43
      at Object.eventWrapper 
(node_modules/@testing-library/dom/dist/config.js:25:23)
      at Object.wrapEvent 
(node_modules/@testing-library/user-event/dist/cjs/event/wrapEvent.js:6:28)
      at Object.dispatchEvent (node_modules/@testing-library/user-event/dist/cj
s/event/dispatchEvent.js:45:22)
      at Object.dispatchUIEvent (node_modules/@testing-library/user-event/dist/
cjs/event/dispatchEvent.js:22:26)
      at commitInput 
(node_modules/@testing-library/user-event/dist/cjs/event/input.js:145:14)
      at editInputElement 
(node_modules/@testing-library/user-event/dist/cjs/event/input.js:115:9)
      at Object.input 
(node_modules/@testing-library/user-event/dist/cjs/event/input.js:37:9)
      at node_modules/@testing-library/user-event/dist/cjs/event/behavior/keypr
ess.js:31:26
      at Object.dispatchEvent (node_modules/@testing-library/user-event/dist/cj
s/event/dispatchEvent.js:41:13)
      at Object.dispatchUIEvent (node_modules/@testing-library/user-event/dist/
cjs/event/dispatchEvent.js:22:26)
      at KeyboardHost.keydown 
(node_modules/@testing-library/user-event/dist/cjs/system/keyboard.js:76:22)
      at keyboardAction 
(node_modules/@testing-library/user-event/dist/cjs/keyboard/index.js:22:35)
      at Object.keyboard 
(node_modules/@testing-library/user-event/dist/cjs/keyboard/index.js:11:15)
      at Object.type 
(node_modules/@testing-library/user-event/dist/cjs/utility/type.js:17:5)
      at Object.<anonymous> (src/profile/__tests__/profile.test.tsx:300:5)

    console.error
      Warning: An update to ProfilePage inside a test was not wrapped in 
act(...).
      
      When testing, code that causes React state updates should be wrapped 
into act(...):
      
      act(() => {
        /* fire events that update state */
      });
      /* assert on the output */
      
      This ensures that you're testing the behavior the user would see in the 
browser. Learn more at https://reactjs.org/link/wrap-tests-with-act
          at ProfilePage (C:\Users\samhe\OneDrive\Desktop\Cleaned\frontend\src\
profile\ProfilePage.tsx:17:41)
          at basenameProp (C:\Users\samhe\OneDrive\Desktop\Cleaned\frontend\nod
e_modules\react-router\lib\components.tsx:421:13)
          at basename (C:\Users\samhe\OneDrive\Desktop\Cleaned\frontend\node_mo
dules\react-router\lib\components.tsx:225:3)

      191 |               className="border border-gray-300 rounded-md px-3 
py-2 text-sm"
      192 |               value={confirmPassword}
    > 193 |               onChange={e => setConfirmPassword(e.target.value)}
          |                              ^
      194 |             />
      195 |             {confirmPassword && !passwordsMatch && (
      196 |               <p className="text-sm text-red-600">Passwords do not 
match</p>

      at printWarning 
(node_modules/react-dom/cjs/react-dom.development.js:86:30)
      at error (node_modules/react-dom/cjs/react-dom.development.js:60:7)
      at warnIfUpdatesNotWrappedWithActDEV 
(node_modules/react-dom/cjs/react-dom.development.js:27628:9)
      at scheduleUpdateOnFiber 
(node_modules/react-dom/cjs/react-dom.development.js:25547:5)
      at dispatchSetState 
(node_modules/react-dom/cjs/react-dom.development.js:16708:7)
      at onChange (src/profile/ProfilePage.tsx:193:30)
      at HTMLUnknownElement.callCallback 
(node_modules/react-dom/cjs/react-dom.development.js:4164:14)
      at HTMLUnknownElement.callTheUserObjectsOperation 
(node_modules/jsdom/lib/jsdom/living/generated/EventListener.js:26:30)
      at innerInvokeEventListeners 
(node_modules/jsdom/lib/jsdom/living/events/EventTarget-impl.js:350:25)
      at invokeEventListeners 
(node_modules/jsdom/lib/jsdom/living/events/EventTarget-impl.js:286:3)
      at HTMLUnknownElementImpl._dispatch 
(node_modules/jsdom/lib/jsdom/living/events/EventTarget-impl.js:233:9)
      at HTMLUnknownElementImpl.dispatchEvent 
(node_modules/jsdom/lib/jsdom/living/events/EventTarget-impl.js:104:17)
      at HTMLUnknownElement.dispatchEvent 
(node_modules/jsdom/lib/jsdom/living/generated/EventTarget.js:241:34)
      at Object.invokeGuardedCallbackDev 
(node_modules/react-dom/cjs/react-dom.development.js:4213:16)
      at invokeGuardedCallback 
(node_modules/react-dom/cjs/react-dom.development.js:4277:31)
      at invokeGuardedCallbackAndCatchFirstError 
(node_modules/react-dom/cjs/react-dom.development.js:4291:25)
      at executeDispatch 
(node_modules/react-dom/cjs/react-dom.development.js:9041:3)
      at processDispatchQueueItemsInOrder 
(node_modules/react-dom/cjs/react-dom.development.js:9073:7)
      at processDispatchQueue 
(node_modules/react-dom/cjs/react-dom.development.js:9086:5)
      at dispatchEventsForPlugins 
(node_modules/react-dom/cjs/react-dom.development.js:9097:3)
      at node_modules/react-dom/cjs/react-dom.development.js:9288:12
      at batchedUpdates$1 
(node_modules/react-dom/cjs/react-dom.development.js:26179:12)
      at batchedUpdates 
(node_modules/react-dom/cjs/react-dom.development.js:3991:12)
      at dispatchEventForPluginEventSystem 
(node_modules/react-dom/cjs/react-dom.development.js:9287:3)
      at dispatchEventWithEnableCapturePhaseSelectiveHydrationWithoutDiscreteEv
entReplay (node_modules/react-dom/cjs/react-dom.development.js:6465:5)
      at dispatchEvent 
(node_modules/react-dom/cjs/react-dom.development.js:6457:5)
      at dispatchDiscreteEvent 
(node_modules/react-dom/cjs/react-dom.development.js:6430:5)
      at HTMLDivElement.callTheUserObjectsOperation 
(node_modules/jsdom/lib/jsdom/living/generated/EventListener.js:26:30)
      at innerInvokeEventListeners 
(node_modules/jsdom/lib/jsdom/living/events/EventTarget-impl.js:350:25)
      at invokeEventListeners 
(node_modules/jsdom/lib/jsdom/living/events/EventTarget-impl.js:286:3)
      at HTMLInputElementImpl._dispatch 
(node_modules/jsdom/lib/jsdom/living/events/EventTarget-impl.js:233:9)
      at HTMLInputElementImpl.dispatchEvent 
(node_modules/jsdom/lib/jsdom/living/events/EventTarget-impl.js:104:17)
      at HTMLInputElement.dispatchEvent 
(node_modules/jsdom/lib/jsdom/living/generated/EventTarget.js:241:34)
      at 
node_modules/@testing-library/user-event/dist/cjs/event/dispatchEvent.js:45:43
      at Object.eventWrapper 
(node_modules/@testing-library/dom/dist/config.js:25:23)
      at Object.wrapEvent 
(node_modules/@testing-library/user-event/dist/cjs/event/wrapEvent.js:6:28)
      at Object.dispatchEvent (node_modules/@testing-library/user-event/dist/cj
s/event/dispatchEvent.js:45:22)
      at Object.dispatchUIEvent (node_modules/@testing-library/user-event/dist/
cjs/event/dispatchEvent.js:22:26)
      at commitInput 
(node_modules/@testing-library/user-event/dist/cjs/event/input.js:145:14)
      at editInputElement 
(node_modules/@testing-library/user-event/dist/cjs/event/input.js:115:9)
      at Object.input 
(node_modules/@testing-library/user-event/dist/cjs/event/input.js:37:9)
      at node_modules/@testing-library/user-event/dist/cjs/event/behavior/keypr
ess.js:31:26
      at Object.dispatchEvent (node_modules/@testing-library/user-event/dist/cj
s/event/dispatchEvent.js:41:13)
      at Object.dispatchUIEvent (node_modules/@testing-library/user-event/dist/
cjs/event/dispatchEvent.js:22:26)
      at KeyboardHost.keydown 
(node_modules/@testing-library/user-event/dist/cjs/system/keyboard.js:76:22)
      at keyboardAction 
(node_modules/@testing-library/user-event/dist/cjs/keyboard/index.js:22:35)
      at Object.keyboard 
(node_modules/@testing-library/user-event/dist/cjs/keyboard/index.js:11:15)
      at Object.type 
(node_modules/@testing-library/user-event/dist/cjs/utility/type.js:17:5)
      at Object.<anonymous> (src/profile/__tests__/profile.test.tsx:301:5)

    console.error
      Warning: An update to ProfilePage inside a test was not wrapped in 
act(...).
      
      When testing, code that causes React state updates should be wrapped 
into act(...):
      
      act(() => {
        /* fire events that update state */
      });
      /* assert on the output */
      
      This ensures that you're testing the behavior the user would see in the 
browser. Learn more at https://reactjs.org/link/wrap-tests-with-act
          at ProfilePage (C:\Users\samhe\OneDrive\Desktop\Cleaned\frontend\src\
profile\ProfilePage.tsx:17:41)
          at basenameProp (C:\Users\samhe\OneDrive\Desktop\Cleaned\frontend\nod
e_modules\react-router\lib\components.tsx:421:13)
          at basename (C:\Users\samhe\OneDrive\Desktop\Cleaned\frontend\node_mo
dules\react-router\lib\components.tsx:225:3)

      191 |               className="border border-gray-300 rounded-md px-3 
py-2 text-sm"
      192 |               value={confirmPassword}
    > 193 |               onChange={e => setConfirmPassword(e.target.value)}
          |                              ^
      194 |             />
      195 |             {confirmPassword && !passwordsMatch && (
      196 |               <p className="text-sm text-red-600">Passwords do not 
match</p>

      at printWarning 
(node_modules/react-dom/cjs/react-dom.development.js:86:30)
      at error (node_modules/react-dom/cjs/react-dom.development.js:60:7)
      at warnIfUpdatesNotWrappedWithActDEV 
(node_modules/react-dom/cjs/react-dom.development.js:27628:9)
      at scheduleUpdateOnFiber 
(node_modules/react-dom/cjs/react-dom.development.js:25547:5)
      at dispatchSetState 
(node_modules/react-dom/cjs/react-dom.development.js:16708:7)
      at onChange (src/profile/ProfilePage.tsx:193:30)
      at HTMLUnknownElement.callCallback 
(node_modules/react-dom/cjs/react-dom.development.js:4164:14)
      at HTMLUnknownElement.callTheUserObjectsOperation 
(node_modules/jsdom/lib/jsdom/living/generated/EventListener.js:26:30)
      at innerInvokeEventListeners 
(node_modules/jsdom/lib/jsdom/living/events/EventTarget-impl.js:350:25)
      at invokeEventListeners 
(node_modules/jsdom/lib/jsdom/living/events/EventTarget-impl.js:286:3)
      at HTMLUnknownElementImpl._dispatch 
(node_modules/jsdom/lib/jsdom/living/events/EventTarget-impl.js:233:9)
      at HTMLUnknownElementImpl.dispatchEvent 
(node_modules/jsdom/lib/jsdom/living/events/EventTarget-impl.js:104:17)
      at HTMLUnknownElement.dispatchEvent 
(node_modules/jsdom/lib/jsdom/living/generated/EventTarget.js:241:34)
      at Object.invokeGuardedCallbackDev 
(node_modules/react-dom/cjs/react-dom.development.js:4213:16)
      at invokeGuardedCallback 
(node_modules/react-dom/cjs/react-dom.development.js:4277:31)
      at invokeGuardedCallbackAndCatchFirstError 
(node_modules/react-dom/cjs/react-dom.development.js:4291:25)
      at executeDispatch 
(node_modules/react-dom/cjs/react-dom.development.js:9041:3)
      at processDispatchQueueItemsInOrder 
(node_modules/react-dom/cjs/react-dom.development.js:9073:7)
      at processDispatchQueue 
(node_modules/react-dom/cjs/react-dom.development.js:9086:5)
      at dispatchEventsForPlugins 
(node_modules/react-dom/cjs/react-dom.development.js:9097:3)
      at node_modules/react-dom/cjs/react-dom.development.js:9288:12
      at batchedUpdates$1 
(node_modules/react-dom/cjs/react-dom.development.js:26179:12)
      at batchedUpdates 
(node_modules/react-dom/cjs/react-dom.development.js:3991:12)
      at dispatchEventForPluginEventSystem 
(node_modules/react-dom/cjs/react-dom.development.js:9287:3)
      at dispatchEventWithEnableCapturePhaseSelectiveHydrationWithoutDiscreteEv
entReplay (node_modules/react-dom/cjs/react-dom.development.js:6465:5)
      at dispatchEvent 
(node_modules/react-dom/cjs/react-dom.development.js:6457:5)
      at dispatchDiscreteEvent 
(node_modules/react-dom/cjs/react-dom.development.js:6430:5)
      at HTMLDivElement.callTheUserObjectsOperation 
(node_modules/jsdom/lib/jsdom/living/generated/EventListener.js:26:30)
      at innerInvokeEventListeners 
(node_modules/jsdom/lib/jsdom/living/events/EventTarget-impl.js:350:25)
      at invokeEventListeners 
(node_modules/jsdom/lib/jsdom/living/events/EventTarget-impl.js:286:3)
      at HTMLInputElementImpl._dispatch 
(node_modules/jsdom/lib/jsdom/living/events/EventTarget-impl.js:233:9)
      at HTMLInputElementImpl.dispatchEvent 
(node_modules/jsdom/lib/jsdom/living/events/EventTarget-impl.js:104:17)
      at HTMLInputElement.dispatchEvent 
(node_modules/jsdom/lib/jsdom/living/generated/EventTarget.js:241:34)
      at 
node_modules/@testing-library/user-event/dist/cjs/event/dispatchEvent.js:45:43
      at Object.eventWrapper 
(node_modules/@testing-library/dom/dist/config.js:25:23)
      at Object.wrapEvent 
(node_modules/@testing-library/user-event/dist/cjs/event/wrapEvent.js:6:28)
      at Object.dispatchEvent (node_modules/@testing-library/user-event/dist/cj
s/event/dispatchEvent.js:45:22)
      at Object.dispatchUIEvent (node_modules/@testing-library/user-event/dist/
cjs/event/dispatchEvent.js:22:26)
      at commitInput 
(node_modules/@testing-library/user-event/dist/cjs/event/input.js:145:14)
      at editInputElement 
(node_modules/@testing-library/user-event/dist/cjs/event/input.js:115:9)
      at Object.input 
(node_modules/@testing-library/user-event/dist/cjs/event/input.js:37:9)
      at node_modules/@testing-library/user-event/dist/cjs/event/behavior/keypr
ess.js:31:26
      at Object.dispatchEvent (node_modules/@testing-library/user-event/dist/cj
s/event/dispatchEvent.js:41:13)
      at Object.dispatchUIEvent (node_modules/@testing-library/user-event/dist/
cjs/event/dispatchEvent.js:22:26)
      at KeyboardHost.keydown 
(node_modules/@testing-library/user-event/dist/cjs/system/keyboard.js:76:22)
      at keyboardAction 
(node_modules/@testing-library/user-event/dist/cjs/keyboard/index.js:22:35)
      at Object.keyboard 
(node_modules/@testing-library/user-event/dist/cjs/keyboard/index.js:11:15)
      at Object.type 
(node_modules/@testing-library/user-event/dist/cjs/utility/type.js:17:5)
      at Object.<anonymous> (src/profile/__tests__/profile.test.tsx:301:5)

    console.error
      Warning: An update to ProfilePage inside a test was not wrapped in 
act(...).
      
      When testing, code that causes React state updates should be wrapped 
into act(...):
      
      act(() => {
        /* fire events that update state */
      });
      /* assert on the output */
      
      This ensures that you're testing the behavior the user would see in the 
browser. Learn more at https://reactjs.org/link/wrap-tests-with-act
          at ProfilePage (C:\Users\samhe\OneDrive\Desktop\Cleaned\frontend\src\
profile\ProfilePage.tsx:17:41)
          at basenameProp (C:\Users\samhe\OneDrive\Desktop\Cleaned\frontend\nod
e_modules\react-router\lib\components.tsx:421:13)
          at basename (C:\Users\samhe\OneDrive\Desktop\Cleaned\frontend\node_mo
dules\react-router\lib\components.tsx:225:3)

      191 |               className="border border-gray-300 rounded-md px-3 
py-2 text-sm"
      192 |               value={confirmPassword}
    > 193 |               onChange={e => setConfirmPassword(e.target.value)}
          |                              ^
      194 |             />
      195 |             {confirmPassword && !passwordsMatch && (
      196 |               <p className="text-sm text-red-600">Passwords do not 
match</p>

      at printWarning 
(node_modules/react-dom/cjs/react-dom.development.js:86:30)
      at error (node_modules/react-dom/cjs/react-dom.development.js:60:7)
      at warnIfUpdatesNotWrappedWithActDEV 
(node_modules/react-dom/cjs/react-dom.development.js:27628:9)
      at scheduleUpdateOnFiber 
(node_modules/react-dom/cjs/react-dom.development.js:25547:5)
      at dispatchSetState 
(node_modules/react-dom/cjs/react-dom.development.js:16708:7)
      at onChange (src/profile/ProfilePage.tsx:193:30)
      at HTMLUnknownElement.callCallback 
(node_modules/react-dom/cjs/react-dom.development.js:4164:14)
      at HTMLUnknownElement.callTheUserObjectsOperation 
(node_modules/jsdom/lib/jsdom/living/generated/EventListener.js:26:30)
      at innerInvokeEventListeners 
(node_modules/jsdom/lib/jsdom/living/events/EventTarget-impl.js:350:25)
      at invokeEventListeners 
(node_modules/jsdom/lib/jsdom/living/events/EventTarget-impl.js:286:3)
      at HTMLUnknownElementImpl._dispatch 
(node_modules/jsdom/lib/jsdom/living/events/EventTarget-impl.js:233:9)
      at HTMLUnknownElementImpl.dispatchEvent 
(node_modules/jsdom/lib/jsdom/living/events/EventTarget-impl.js:104:17)
      at HTMLUnknownElement.dispatchEvent 
(node_modules/jsdom/lib/jsdom/living/generated/EventTarget.js:241:34)
      at Object.invokeGuardedCallbackDev 
(node_modules/react-dom/cjs/react-dom.development.js:4213:16)
      at invokeGuardedCallback 
(node_modules/react-dom/cjs/react-dom.development.js:4277:31)
      at invokeGuardedCallbackAndCatchFirstError 
(node_modules/react-dom/cjs/react-dom.development.js:4291:25)
      at executeDispatch 
(node_modules/react-dom/cjs/react-dom.development.js:9041:3)
      at processDispatchQueueItemsInOrder 
(node_modules/react-dom/cjs/react-dom.development.js:9073:7)
      at processDispatchQueue 
(node_modules/react-dom/cjs/react-dom.development.js:9086:5)
      at dispatchEventsForPlugins 
(node_modules/react-dom/cjs/react-dom.development.js:9097:3)
      at node_modules/react-dom/cjs/react-dom.development.js:9288:12
      at batchedUpdates$1 
(node_modules/react-dom/cjs/react-dom.development.js:26179:12)
      at batchedUpdates 
(node_modules/react-dom/cjs/react-dom.development.js:3991:12)
      at dispatchEventForPluginEventSystem 
(node_modules/react-dom/cjs/react-dom.development.js:9287:3)
      at dispatchEventWithEnableCapturePhaseSelectiveHydrationWithoutDiscreteEv
entReplay (node_modules/react-dom/cjs/react-dom.development.js:6465:5)
      at dispatchEvent 
(node_modules/react-dom/cjs/react-dom.development.js:6457:5)
      at dispatchDiscreteEvent 
(node_modules/react-dom/cjs/react-dom.development.js:6430:5)
      at HTMLDivElement.callTheUserObjectsOperation 
(node_modules/jsdom/lib/jsdom/living/generated/EventListener.js:26:30)
      at innerInvokeEventListeners 
(node_modules/jsdom/lib/jsdom/living/events/EventTarget-impl.js:350:25)
      at invokeEventListeners 
(node_modules/jsdom/lib/jsdom/living/events/EventTarget-impl.js:286:3)
      at HTMLInputElementImpl._dispatch 
(node_modules/jsdom/lib/jsdom/living/events/EventTarget-impl.js:233:9)
      at HTMLInputElementImpl.dispatchEvent 
(node_modules/jsdom/lib/jsdom/living/events/EventTarget-impl.js:104:17)
      at HTMLInputElement.dispatchEvent 
(node_modules/jsdom/lib/jsdom/living/generated/EventTarget.js:241:34)
      at 
node_modules/@testing-library/user-event/dist/cjs/event/dispatchEvent.js:45:43
      at Object.eventWrapper 
(node_modules/@testing-library/dom/dist/config.js:25:23)
      at Object.wrapEvent 
(node_modules/@testing-library/user-event/dist/cjs/event/wrapEvent.js:6:28)
      at Object.dispatchEvent (node_modules/@testing-library/user-event/dist/cj
s/event/dispatchEvent.js:45:22)
      at Object.dispatchUIEvent (node_modules/@testing-library/user-event/dist/
cjs/event/dispatchEvent.js:22:26)
      at commitInput 
(node_modules/@testing-library/user-event/dist/cjs/event/input.js:145:14)
      at editInputElement 
(node_modules/@testing-library/user-event/dist/cjs/event/input.js:115:9)
      at Object.input 
(node_modules/@testing-library/user-event/dist/cjs/event/input.js:37:9)
      at node_modules/@testing-library/user-event/dist/cjs/event/behavior/keypr
ess.js:31:26
      at Object.dispatchEvent (node_modules/@testing-library/user-event/dist/cj
s/event/dispatchEvent.js:41:13)
      at Object.dispatchUIEvent (node_modules/@testing-library/user-event/dist/
cjs/event/dispatchEvent.js:22:26)
      at KeyboardHost.keydown 
(node_modules/@testing-library/user-event/dist/cjs/system/keyboard.js:76:22)
      at keyboardAction 
(node_modules/@testing-library/user-event/dist/cjs/keyboard/index.js:22:35)
      at Object.keyboard 
(node_modules/@testing-library/user-event/dist/cjs/keyboard/index.js:11:15)
      at Object.type 
(node_modules/@testing-library/user-event/dist/cjs/utility/type.js:17:5)
      at Object.<anonymous> (src/profile/__tests__/profile.test.tsx:301:5)

    console.error
      Warning: An update to ProfilePage inside a test was not wrapped in 
act(...).
      
      When testing, code that causes React state updates should be wrapped 
into act(...):
      
      act(() => {
        /* fire events that update state */
      });
      /* assert on the output */
      
      This ensures that you're testing the behavior the user would see in the 
browser. Learn more at https://reactjs.org/link/wrap-tests-with-act
          at ProfilePage (C:\Users\samhe\OneDrive\Desktop\Cleaned\frontend\src\
profile\ProfilePage.tsx:17:41)
          at basenameProp (C:\Users\samhe\OneDrive\Desktop\Cleaned\frontend\nod
e_modules\react-router\lib\components.tsx:421:13)
          at basename (C:\Users\samhe\OneDrive\Desktop\Cleaned\frontend\node_mo
dules\react-router\lib\components.tsx:225:3)

      191 |               className="border border-gray-300 rounded-md px-3 
py-2 text-sm"
      192 |               value={confirmPassword}
    > 193 |               onChange={e => setConfirmPassword(e.target.value)}
          |                              ^
      194 |             />
      195 |             {confirmPassword && !passwordsMatch && (
      196 |               <p className="text-sm text-red-600">Passwords do not 
match</p>

      at printWarning 
(node_modules/react-dom/cjs/react-dom.development.js:86:30)
      at error (node_modules/react-dom/cjs/react-dom.development.js:60:7)
      at warnIfUpdatesNotWrappedWithActDEV 
(node_modules/react-dom/cjs/react-dom.development.js:27628:9)
      at scheduleUpdateOnFiber 
(node_modules/react-dom/cjs/react-dom.development.js:25547:5)
      at dispatchSetState 
(node_modules/react-dom/cjs/react-dom.development.js:16708:7)
      at onChange (src/profile/ProfilePage.tsx:193:30)
      at HTMLUnknownElement.callCallback 
(node_modules/react-dom/cjs/react-dom.development.js:4164:14)
      at HTMLUnknownElement.callTheUserObjectsOperation 
(node_modules/jsdom/lib/jsdom/living/generated/EventListener.js:26:30)
      at innerInvokeEventListeners 
(node_modules/jsdom/lib/jsdom/living/events/EventTarget-impl.js:350:25)
      at invokeEventListeners 
(node_modules/jsdom/lib/jsdom/living/events/EventTarget-impl.js:286:3)
      at HTMLUnknownElementImpl._dispatch 
(node_modules/jsdom/lib/jsdom/living/events/EventTarget-impl.js:233:9)
      at HTMLUnknownElementImpl.dispatchEvent 
(node_modules/jsdom/lib/jsdom/living/events/EventTarget-impl.js:104:17)
      at HTMLUnknownElement.dispatchEvent 
(node_modules/jsdom/lib/jsdom/living/generated/EventTarget.js:241:34)
      at Object.invokeGuardedCallbackDev 
(node_modules/react-dom/cjs/react-dom.development.js:4213:16)
      at invokeGuardedCallback 
(node_modules/react-dom/cjs/react-dom.development.js:4277:31)
      at invokeGuardedCallbackAndCatchFirstError 
(node_modules/react-dom/cjs/react-dom.development.js:4291:25)
      at executeDispatch 
(node_modules/react-dom/cjs/react-dom.development.js:9041:3)
      at processDispatchQueueItemsInOrder 
(node_modules/react-dom/cjs/react-dom.development.js:9073:7)
      at processDispatchQueue 
(node_modules/react-dom/cjs/react-dom.development.js:9086:5)
      at dispatchEventsForPlugins 
(node_modules/react-dom/cjs/react-dom.development.js:9097:3)
      at node_modules/react-dom/cjs/react-dom.development.js:9288:12
      at batchedUpdates$1 
(node_modules/react-dom/cjs/react-dom.development.js:26179:12)
      at batchedUpdates 
(node_modules/react-dom/cjs/react-dom.development.js:3991:12)
      at dispatchEventForPluginEventSystem 
(node_modules/react-dom/cjs/react-dom.development.js:9287:3)
      at dispatchEventWithEnableCapturePhaseSelectiveHydrationWithoutDiscreteEv
entReplay (node_modules/react-dom/cjs/react-dom.development.js:6465:5)
      at dispatchEvent 
(node_modules/react-dom/cjs/react-dom.development.js:6457:5)
      at dispatchDiscreteEvent 
(node_modules/react-dom/cjs/react-dom.development.js:6430:5)
      at HTMLDivElement.callTheUserObjectsOperation 
(node_modules/jsdom/lib/jsdom/living/generated/EventListener.js:26:30)
      at innerInvokeEventListeners 
(node_modules/jsdom/lib/jsdom/living/events/EventTarget-impl.js:350:25)
      at invokeEventListeners 
(node_modules/jsdom/lib/jsdom/living/events/EventTarget-impl.js:286:3)
      at HTMLInputElementImpl._dispatch 
(node_modules/jsdom/lib/jsdom/living/events/EventTarget-impl.js:233:9)
      at HTMLInputElementImpl.dispatchEvent 
(node_modules/jsdom/lib/jsdom/living/events/EventTarget-impl.js:104:17)
      at HTMLInputElement.dispatchEvent 
(node_modules/jsdom/lib/jsdom/living/generated/EventTarget.js:241:34)
      at 
node_modules/@testing-library/user-event/dist/cjs/event/dispatchEvent.js:45:43
      at Object.eventWrapper 
(node_modules/@testing-library/dom/dist/config.js:25:23)
      at Object.wrapEvent 
(node_modules/@testing-library/user-event/dist/cjs/event/wrapEvent.js:6:28)
      at Object.dispatchEvent (node_modules/@testing-library/user-event/dist/cj
s/event/dispatchEvent.js:45:22)
      at Object.dispatchUIEvent (node_modules/@testing-library/user-event/dist/
cjs/event/dispatchEvent.js:22:26)
      at commitInput 
(node_modules/@testing-library/user-event/dist/cjs/event/input.js:145:14)
      at editInputElement 
(node_modules/@testing-library/user-event/dist/cjs/event/input.js:115:9)
      at Object.input 
(node_modules/@testing-library/user-event/dist/cjs/event/input.js:37:9)
      at node_modules/@testing-library/user-event/dist/cjs/event/behavior/keypr
ess.js:31:26
      at Object.dispatchEvent (node_modules/@testing-library/user-event/dist/cj
s/event/dispatchEvent.js:41:13)
      at Object.dispatchUIEvent (node_modules/@testing-library/user-event/dist/
cjs/event/dispatchEvent.js:22:26)
      at KeyboardHost.keydown 
(node_modules/@testing-library/user-event/dist/cjs/system/keyboard.js:76:22)
      at keyboardAction 
(node_modules/@testing-library/user-event/dist/cjs/keyboard/index.js:22:35)
      at Object.keyboard 
(node_modules/@testing-library/user-event/dist/cjs/keyboard/index.js:11:15)
      at Object.type 
(node_modules/@testing-library/user-event/dist/cjs/utility/type.js:17:5)
      at Object.<anonymous> (src/profile/__tests__/profile.test.tsx:301:5)

    console.error
      Warning: An update to ProfilePage inside a test was not wrapped in 
act(...).
      
      When testing, code that causes React state updates should be wrapped 
into act(...):
      
      act(() => {
        /* fire events that update state */
      });
      /* assert on the output */
      
      This ensures that you're testing the behavior the user would see in the 
browser. Learn more at https://reactjs.org/link/wrap-tests-with-act
          at ProfilePage (C:\Users\samhe\OneDrive\Desktop\Cleaned\frontend\src\
profile\ProfilePage.tsx:17:41)
          at basenameProp (C:\Users\samhe\OneDrive\Desktop\Cleaned\frontend\nod
e_modules\react-router\lib\components.tsx:421:13)
          at basename (C:\Users\samhe\OneDrive\Desktop\Cleaned\frontend\node_mo
dules\react-router\lib\components.tsx:225:3)

      191 |               className="border border-gray-300 rounded-md px-3 
py-2 text-sm"
      192 |               value={confirmPassword}
    > 193 |               onChange={e => setConfirmPassword(e.target.value)}
          |                              ^
      194 |             />
      195 |             {confirmPassword && !passwordsMatch && (
      196 |               <p className="text-sm text-red-600">Passwords do not 
match</p>

      at printWarning 
(node_modules/react-dom/cjs/react-dom.development.js:86:30)
      at error (node_modules/react-dom/cjs/react-dom.development.js:60:7)
      at warnIfUpdatesNotWrappedWithActDEV 
(node_modules/react-dom/cjs/react-dom.development.js:27628:9)
      at scheduleUpdateOnFiber 
(node_modules/react-dom/cjs/react-dom.development.js:25547:5)
      at dispatchSetState 
(node_modules/react-dom/cjs/react-dom.development.js:16708:7)
      at onChange (src/profile/ProfilePage.tsx:193:30)
      at HTMLUnknownElement.callCallback 
(node_modules/react-dom/cjs/react-dom.development.js:4164:14)
      at HTMLUnknownElement.callTheUserObjectsOperation 
(node_modules/jsdom/lib/jsdom/living/generated/EventListener.js:26:30)
      at innerInvokeEventListeners 
(node_modules/jsdom/lib/jsdom/living/events/EventTarget-impl.js:350:25)
      at invokeEventListeners 
(node_modules/jsdom/lib/jsdom/living/events/EventTarget-impl.js:286:3)
      at HTMLUnknownElementImpl._dispatch 
(node_modules/jsdom/lib/jsdom/living/events/EventTarget-impl.js:233:9)
      at HTMLUnknownElementImpl.dispatchEvent 
(node_modules/jsdom/lib/jsdom/living/events/EventTarget-impl.js:104:17)
      at HTMLUnknownElement.dispatchEvent 
(node_modules/jsdom/lib/jsdom/living/generated/EventTarget.js:241:34)
      at Object.invokeGuardedCallbackDev 
(node_modules/react-dom/cjs/react-dom.development.js:4213:16)
      at invokeGuardedCallback 
(node_modules/react-dom/cjs/react-dom.development.js:4277:31)
      at invokeGuardedCallbackAndCatchFirstError 
(node_modules/react-dom/cjs/react-dom.development.js:4291:25)
      at executeDispatch 
(node_modules/react-dom/cjs/react-dom.development.js:9041:3)
      at processDispatchQueueItemsInOrder 
(node_modules/react-dom/cjs/react-dom.development.js:9073:7)
      at processDispatchQueue 
(node_modules/react-dom/cjs/react-dom.development.js:9086:5)
      at dispatchEventsForPlugins 
(node_modules/react-dom/cjs/react-dom.development.js:9097:3)
      at node_modules/react-dom/cjs/react-dom.development.js:9288:12
      at batchedUpdates$1 
(node_modules/react-dom/cjs/react-dom.development.js:26179:12)
      at batchedUpdates 
(node_modules/react-dom/cjs/react-dom.development.js:3991:12)
      at dispatchEventForPluginEventSystem 
(node_modules/react-dom/cjs/react-dom.development.js:9287:3)
      at dispatchEventWithEnableCapturePhaseSelectiveHydrationWithoutDiscreteEv
entReplay (node_modules/react-dom/cjs/react-dom.development.js:6465:5)
      at dispatchEvent 
(node_modules/react-dom/cjs/react-dom.development.js:6457:5)
      at dispatchDiscreteEvent 
(node_modules/react-dom/cjs/react-dom.development.js:6430:5)
      at HTMLDivElement.callTheUserObjectsOperation 
(node_modules/jsdom/lib/jsdom/living/generated/EventListener.js:26:30)
      at innerInvokeEventListeners 
(node_modules/jsdom/lib/jsdom/living/events/EventTarget-impl.js:350:25)
      at invokeEventListeners 
(node_modules/jsdom/lib/jsdom/living/events/EventTarget-impl.js:286:3)
      at HTMLInputElementImpl._dispatch 
(node_modules/jsdom/lib/jsdom/living/events/EventTarget-impl.js:233:9)
      at HTMLInputElementImpl.dispatchEvent 
(node_modules/jsdom/lib/jsdom/living/events/EventTarget-impl.js:104:17)
      at HTMLInputElement.dispatchEvent 
(node_modules/jsdom/lib/jsdom/living/generated/EventTarget.js:241:34)
      at 
node_modules/@testing-library/user-event/dist/cjs/event/dispatchEvent.js:45:43
      at Object.eventWrapper 
(node_modules/@testing-library/dom/dist/config.js:25:23)
      at Object.wrapEvent 
(node_modules/@testing-library/user-event/dist/cjs/event/wrapEvent.js:6:28)
      at Object.dispatchEvent (node_modules/@testing-library/user-event/dist/cj
s/event/dispatchEvent.js:45:22)
      at Object.dispatchUIEvent (node_modules/@testing-library/user-event/dist/
cjs/event/dispatchEvent.js:22:26)
      at commitInput 
(node_modules/@testing-library/user-event/dist/cjs/event/input.js:145:14)
      at editInputElement 
(node_modules/@testing-library/user-event/dist/cjs/event/input.js:115:9)
      at Object.input 
(node_modules/@testing-library/user-event/dist/cjs/event/input.js:37:9)
      at node_modules/@testing-library/user-event/dist/cjs/event/behavior/keypr
ess.js:31:26
      at Object.dispatchEvent (node_modules/@testing-library/user-event/dist/cj
s/event/dispatchEvent.js:41:13)
      at Object.dispatchUIEvent (node_modules/@testing-library/user-event/dist/
cjs/event/dispatchEvent.js:22:26)
      at KeyboardHost.keydown 
(node_modules/@testing-library/user-event/dist/cjs/system/keyboard.js:76:22)
      at keyboardAction 
(node_modules/@testing-library/user-event/dist/cjs/keyboard/index.js:22:35)
      at Object.keyboard 
(node_modules/@testing-library/user-event/dist/cjs/keyboard/index.js:11:15)
      at Object.type 
(node_modules/@testing-library/user-event/dist/cjs/utility/type.js:17:5)
      at Object.<anonymous> (src/profile/__tests__/profile.test.tsx:301:5)

    console.error
      Warning: An update to ProfilePage inside a test was not wrapped in 
act(...).
      
      When testing, code that causes React state updates should be wrapped 
into act(...):
      
      act(() => {
        /* fire events that update state */
      });
      /* assert on the output */
      
      This ensures that you're testing the behavior the user would see in the 
browser. Learn more at https://reactjs.org/link/wrap-tests-with-act
          at ProfilePage (C:\Users\samhe\OneDrive\Desktop\Cleaned\frontend\src\
profile\ProfilePage.tsx:17:41)
          at basenameProp (C:\Users\samhe\OneDrive\Desktop\Cleaned\frontend\nod
e_modules\react-router\lib\components.tsx:421:13)
          at basename (C:\Users\samhe\OneDrive\Desktop\Cleaned\frontend\node_mo
dules\react-router\lib\components.tsx:225:3)

      191 |               className="border border-gray-300 rounded-md px-3 
py-2 text-sm"
      192 |               value={confirmPassword}
    > 193 |               onChange={e => setConfirmPassword(e.target.value)}
          |                              ^
      194 |             />
      195 |             {confirmPassword && !passwordsMatch && (
      196 |               <p className="text-sm text-red-600">Passwords do not 
match</p>

      at printWarning 
(node_modules/react-dom/cjs/react-dom.development.js:86:30)
      at error (node_modules/react-dom/cjs/react-dom.development.js:60:7)
      at warnIfUpdatesNotWrappedWithActDEV 
(node_modules/react-dom/cjs/react-dom.development.js:27628:9)
      at scheduleUpdateOnFiber 
(node_modules/react-dom/cjs/react-dom.development.js:25547:5)
      at dispatchSetState 
(node_modules/react-dom/cjs/react-dom.development.js:16708:7)
      at onChange (src/profile/ProfilePage.tsx:193:30)
      at HTMLUnknownElement.callCallback 
(node_modules/react-dom/cjs/react-dom.development.js:4164:14)
      at HTMLUnknownElement.callTheUserObjectsOperation 
(node_modules/jsdom/lib/jsdom/living/generated/EventListener.js:26:30)
      at innerInvokeEventListeners 
(node_modules/jsdom/lib/jsdom/living/events/EventTarget-impl.js:350:25)
      at invokeEventListeners 
(node_modules/jsdom/lib/jsdom/living/events/EventTarget-impl.js:286:3)
      at HTMLUnknownElementImpl._dispatch 
(node_modules/jsdom/lib/jsdom/living/events/EventTarget-impl.js:233:9)
      at HTMLUnknownElementImpl.dispatchEvent 
(node_modules/jsdom/lib/jsdom/living/events/EventTarget-impl.js:104:17)
      at HTMLUnknownElement.dispatchEvent 
(node_modules/jsdom/lib/jsdom/living/generated/EventTarget.js:241:34)
      at Object.invokeGuardedCallbackDev 
(node_modules/react-dom/cjs/react-dom.development.js:4213:16)
      at invokeGuardedCallback 
(node_modules/react-dom/cjs/react-dom.development.js:4277:31)
      at invokeGuardedCallbackAndCatchFirstError 
(node_modules/react-dom/cjs/react-dom.development.js:4291:25)
      at executeDispatch 
(node_modules/react-dom/cjs/react-dom.development.js:9041:3)
      at processDispatchQueueItemsInOrder 
(node_modules/react-dom/cjs/react-dom.development.js:9073:7)
      at processDispatchQueue 
(node_modules/react-dom/cjs/react-dom.development.js:9086:5)
      at dispatchEventsForPlugins 
(node_modules/react-dom/cjs/react-dom.development.js:9097:3)
      at node_modules/react-dom/cjs/react-dom.development.js:9288:12
      at batchedUpdates$1 
(node_modules/react-dom/cjs/react-dom.development.js:26179:12)
      at batchedUpdates 
(node_modules/react-dom/cjs/react-dom.development.js:3991:12)
      at dispatchEventForPluginEventSystem 
(node_modules/react-dom/cjs/react-dom.development.js:9287:3)
      at dispatchEventWithEnableCapturePhaseSelectiveHydrationWithoutDiscreteEv
entReplay (node_modules/react-dom/cjs/react-dom.development.js:6465:5)
      at dispatchEvent 
(node_modules/react-dom/cjs/react-dom.development.js:6457:5)
      at dispatchDiscreteEvent 
(node_modules/react-dom/cjs/react-dom.development.js:6430:5)
      at HTMLDivElement.callTheUserObjectsOperation 
(node_modules/jsdom/lib/jsdom/living/generated/EventListener.js:26:30)
      at innerInvokeEventListeners 
(node_modules/jsdom/lib/jsdom/living/events/EventTarget-impl.js:350:25)
      at invokeEventListeners 
(node_modules/jsdom/lib/jsdom/living/events/EventTarget-impl.js:286:3)
      at HTMLInputElementImpl._dispatch 
(node_modules/jsdom/lib/jsdom/living/events/EventTarget-impl.js:233:9)
      at HTMLInputElementImpl.dispatchEvent 
(node_modules/jsdom/lib/jsdom/living/events/EventTarget-impl.js:104:17)
      at HTMLInputElement.dispatchEvent 
(node_modules/jsdom/lib/jsdom/living/generated/EventTarget.js:241:34)
      at 
node_modules/@testing-library/user-event/dist/cjs/event/dispatchEvent.js:45:43
      at Object.eventWrapper 
(node_modules/@testing-library/dom/dist/config.js:25:23)
      at Object.wrapEvent 
(node_modules/@testing-library/user-event/dist/cjs/event/wrapEvent.js:6:28)
      at Object.dispatchEvent (node_modules/@testing-library/user-event/dist/cj
s/event/dispatchEvent.js:45:22)
      at Object.dispatchUIEvent (node_modules/@testing-library/user-event/dist/
cjs/event/dispatchEvent.js:22:26)
      at commitInput 
(node_modules/@testing-library/user-event/dist/cjs/event/input.js:145:14)
      at editInputElement 
(node_modules/@testing-library/user-event/dist/cjs/event/input.js:115:9)
      at Object.input 
(node_modules/@testing-library/user-event/dist/cjs/event/input.js:37:9)
      at node_modules/@testing-library/user-event/dist/cjs/event/behavior/keypr
ess.js:31:26
      at Object.dispatchEvent (node_modules/@testing-library/user-event/dist/cj
s/event/dispatchEvent.js:41:13)
      at Object.dispatchUIEvent (node_modules/@testing-library/user-event/dist/
cjs/event/dispatchEvent.js:22:26)
      at KeyboardHost.keydown 
(node_modules/@testing-library/user-event/dist/cjs/system/keyboard.js:76:22)
      at keyboardAction 
(node_modules/@testing-library/user-event/dist/cjs/keyboard/index.js:22:35)
      at Object.keyboard 
(node_modules/@testing-library/user-event/dist/cjs/keyboard/index.js:11:15)
      at Object.type 
(node_modules/@testing-library/user-event/dist/cjs/utility/type.js:17:5)
      at Object.<anonymous> (src/profile/__tests__/profile.test.tsx:301:5)

    console.error
      Warning: An update to ProfilePage inside a test was not wrapped in 
act(...).
      
      When testing, code that causes React state updates should be wrapped 
into act(...):
      
      act(() => {
        /* fire events that update state */
      });
      /* assert on the output */
      
      This ensures that you're testing the behavior the user would see in the 
browser. Learn more at https://reactjs.org/link/wrap-tests-with-act
          at ProfilePage (C:\Users\samhe\OneDrive\Desktop\Cleaned\frontend\src\
profile\ProfilePage.tsx:17:41)
          at basenameProp (C:\Users\samhe\OneDrive\Desktop\Cleaned\frontend\nod
e_modules\react-router\lib\components.tsx:421:13)
          at basename (C:\Users\samhe\OneDrive\Desktop\Cleaned\frontend\node_mo
dules\react-router\lib\components.tsx:225:3)

      191 |               className="border border-gray-300 rounded-md px-3 
py-2 text-sm"
      192 |               value={confirmPassword}
    > 193 |               onChange={e => setConfirmPassword(e.target.value)}
          |                              ^
      194 |             />
      195 |             {confirmPassword && !passwordsMatch && (
      196 |               <p className="text-sm text-red-600">Passwords do not 
match</p>

      at printWarning 
(node_modules/react-dom/cjs/react-dom.development.js:86:30)
      at error (node_modules/react-dom/cjs/react-dom.development.js:60:7)
      at warnIfUpdatesNotWrappedWithActDEV 
(node_modules/react-dom/cjs/react-dom.development.js:27628:9)
      at scheduleUpdateOnFiber 
(node_modules/react-dom/cjs/react-dom.development.js:25547:5)
      at dispatchSetState 
(node_modules/react-dom/cjs/react-dom.development.js:16708:7)
      at onChange (src/profile/ProfilePage.tsx:193:30)
      at HTMLUnknownElement.callCallback 
(node_modules/react-dom/cjs/react-dom.development.js:4164:14)
      at HTMLUnknownElement.callTheUserObjectsOperation 
(node_modules/jsdom/lib/jsdom/living/generated/EventListener.js:26:30)
      at innerInvokeEventListeners 
(node_modules/jsdom/lib/jsdom/living/events/EventTarget-impl.js:350:25)
      at invokeEventListeners 
(node_modules/jsdom/lib/jsdom/living/events/EventTarget-impl.js:286:3)
      at HTMLUnknownElementImpl._dispatch 
(node_modules/jsdom/lib/jsdom/living/events/EventTarget-impl.js:233:9)
      at HTMLUnknownElementImpl.dispatchEvent 
(node_modules/jsdom/lib/jsdom/living/events/EventTarget-impl.js:104:17)
      at HTMLUnknownElement.dispatchEvent 
(node_modules/jsdom/lib/jsdom/living/generated/EventTarget.js:241:34)
      at Object.invokeGuardedCallbackDev 
(node_modules/react-dom/cjs/react-dom.development.js:4213:16)
      at invokeGuardedCallback 
(node_modules/react-dom/cjs/react-dom.development.js:4277:31)
      at invokeGuardedCallbackAndCatchFirstError 
(node_modules/react-dom/cjs/react-dom.development.js:4291:25)
      at executeDispatch 
(node_modules/react-dom/cjs/react-dom.development.js:9041:3)
      at processDispatchQueueItemsInOrder 
(node_modules/react-dom/cjs/react-dom.development.js:9073:7)
      at processDispatchQueue 
(node_modules/react-dom/cjs/react-dom.development.js:9086:5)
      at dispatchEventsForPlugins 
(node_modules/react-dom/cjs/react-dom.development.js:9097:3)
      at node_modules/react-dom/cjs/react-dom.development.js:9288:12
      at batchedUpdates$1 
(node_modules/react-dom/cjs/react-dom.development.js:26179:12)
      at batchedUpdates 
(node_modules/react-dom/cjs/react-dom.development.js:3991:12)
      at dispatchEventForPluginEventSystem 
(node_modules/react-dom/cjs/react-dom.development.js:9287:3)
      at dispatchEventWithEnableCapturePhaseSelectiveHydrationWithoutDiscreteEv
entReplay (node_modules/react-dom/cjs/react-dom.development.js:6465:5)
      at dispatchEvent 
(node_modules/react-dom/cjs/react-dom.development.js:6457:5)
      at dispatchDiscreteEvent 
(node_modules/react-dom/cjs/react-dom.development.js:6430:5)
      at HTMLDivElement.callTheUserObjectsOperation 
(node_modules/jsdom/lib/jsdom/living/generated/EventListener.js:26:30)
      at innerInvokeEventListeners 
(node_modules/jsdom/lib/jsdom/living/events/EventTarget-impl.js:350:25)
      at invokeEventListeners 
(node_modules/jsdom/lib/jsdom/living/events/EventTarget-impl.js:286:3)
      at HTMLInputElementImpl._dispatch 
(node_modules/jsdom/lib/jsdom/living/events/EventTarget-impl.js:233:9)
      at HTMLInputElementImpl.dispatchEvent 
(node_modules/jsdom/lib/jsdom/living/events/EventTarget-impl.js:104:17)
      at HTMLInputElement.dispatchEvent 
(node_modules/jsdom/lib/jsdom/living/generated/EventTarget.js:241:34)
      at 
node_modules/@testing-library/user-event/dist/cjs/event/dispatchEvent.js:45:43
      at Object.eventWrapper 
(node_modules/@testing-library/dom/dist/config.js:25:23)
      at Object.wrapEvent 
(node_modules/@testing-library/user-event/dist/cjs/event/wrapEvent.js:6:28)
      at Object.dispatchEvent (node_modules/@testing-library/user-event/dist/cj
s/event/dispatchEvent.js:45:22)
      at Object.dispatchUIEvent (node_modules/@testing-library/user-event/dist/
cjs/event/dispatchEvent.js:22:26)
      at commitInput 
(node_modules/@testing-library/user-event/dist/cjs/event/input.js:145:14)
      at editInputElement 
(node_modules/@testing-library/user-event/dist/cjs/event/input.js:115:9)
      at Object.input 
(node_modules/@testing-library/user-event/dist/cjs/event/input.js:37:9)
      at node_modules/@testing-library/user-event/dist/cjs/event/behavior/keypr
ess.js:31:26
      at Object.dispatchEvent (node_modules/@testing-library/user-event/dist/cj
s/event/dispatchEvent.js:41:13)
      at Object.dispatchUIEvent (node_modules/@testing-library/user-event/dist/
cjs/event/dispatchEvent.js:22:26)
      at KeyboardHost.keydown 
(node_modules/@testing-library/user-event/dist/cjs/system/keyboard.js:76:22)
      at keyboardAction 
(node_modules/@testing-library/user-event/dist/cjs/keyboard/index.js:22:35)
      at Object.keyboard 
(node_modules/@testing-library/user-event/dist/cjs/keyboard/index.js:11:15)
      at Object.type 
(node_modules/@testing-library/user-event/dist/cjs/utility/type.js:17:5)
      at Object.<anonymous> (src/profile/__tests__/profile.test.tsx:301:5)

    console.error
      Warning: An update to ProfilePage inside a test was not wrapped in 
act(...).
      
      When testing, code that causes React state updates should be wrapped 
into act(...):
      
      act(() => {
        /* fire events that update state */
      });
      /* assert on the output */
      
      This ensures that you're testing the behavior the user would see in the 
browser. Learn more at https://reactjs.org/link/wrap-tests-with-act
          at ProfilePage (C:\Users\samhe\OneDrive\Desktop\Cleaned\frontend\src\
profile\ProfilePage.tsx:17:41)
          at basenameProp (C:\Users\samhe\OneDrive\Desktop\Cleaned\frontend\nod
e_modules\react-router\lib\components.tsx:421:13)
          at basename (C:\Users\samhe\OneDrive\Desktop\Cleaned\frontend\node_mo
dules\react-router\lib\components.tsx:225:3)

      191 |               className="border border-gray-300 rounded-md px-3 
py-2 text-sm"
      192 |               value={confirmPassword}
    > 193 |               onChange={e => setConfirmPassword(e.target.value)}
          |                              ^
      194 |             />
      195 |             {confirmPassword && !passwordsMatch && (
      196 |               <p className="text-sm text-red-600">Passwords do not 
match</p>

      at printWarning 
(node_modules/react-dom/cjs/react-dom.development.js:86:30)
      at error (node_modules/react-dom/cjs/react-dom.development.js:60:7)
      at warnIfUpdatesNotWrappedWithActDEV 
(node_modules/react-dom/cjs/react-dom.development.js:27628:9)
      at scheduleUpdateOnFiber 
(node_modules/react-dom/cjs/react-dom.development.js:25547:5)
      at dispatchSetState 
(node_modules/react-dom/cjs/react-dom.development.js:16708:7)
      at onChange (src/profile/ProfilePage.tsx:193:30)
      at HTMLUnknownElement.callCallback 
(node_modules/react-dom/cjs/react-dom.development.js:4164:14)
      at HTMLUnknownElement.callTheUserObjectsOperation 
(node_modules/jsdom/lib/jsdom/living/generated/EventListener.js:26:30)
      at innerInvokeEventListeners 
(node_modules/jsdom/lib/jsdom/living/events/EventTarget-impl.js:350:25)
      at invokeEventListeners 
(node_modules/jsdom/lib/jsdom/living/events/EventTarget-impl.js:286:3)
      at HTMLUnknownElementImpl._dispatch 
(node_modules/jsdom/lib/jsdom/living/events/EventTarget-impl.js:233:9)
      at HTMLUnknownElementImpl.dispatchEvent 
(node_modules/jsdom/lib/jsdom/living/events/EventTarget-impl.js:104:17)
      at HTMLUnknownElement.dispatchEvent 
(node_modules/jsdom/lib/jsdom/living/generated/EventTarget.js:241:34)
      at Object.invokeGuardedCallbackDev 
(node_modules/react-dom/cjs/react-dom.development.js:4213:16)
      at invokeGuardedCallback 
(node_modules/react-dom/cjs/react-dom.development.js:4277:31)
      at invokeGuardedCallbackAndCatchFirstError 
(node_modules/react-dom/cjs/react-dom.development.js:4291:25)
      at executeDispatch 
(node_modules/react-dom/cjs/react-dom.development.js:9041:3)
      at processDispatchQueueItemsInOrder 
(node_modules/react-dom/cjs/react-dom.development.js:9073:7)
      at processDispatchQueue 
(node_modules/react-dom/cjs/react-dom.development.js:9086:5)
      at dispatchEventsForPlugins 
(node_modules/react-dom/cjs/react-dom.development.js:9097:3)
      at node_modules/react-dom/cjs/react-dom.development.js:9288:12
      at batchedUpdates$1 
(node_modules/react-dom/cjs/react-dom.development.js:26179:12)
      at batchedUpdates 
(node_modules/react-dom/cjs/react-dom.development.js:3991:12)
      at dispatchEventForPluginEventSystem 
(node_modules/react-dom/cjs/react-dom.development.js:9287:3)
      at dispatchEventWithEnableCapturePhaseSelectiveHydrationWithoutDiscreteEv
entReplay (node_modules/react-dom/cjs/react-dom.development.js:6465:5)
      at dispatchEvent 
(node_modules/react-dom/cjs/react-dom.development.js:6457:5)
      at dispatchDiscreteEvent 
(node_modules/react-dom/cjs/react-dom.development.js:6430:5)
      at HTMLDivElement.callTheUserObjectsOperation 
(node_modules/jsdom/lib/jsdom/living/generated/EventListener.js:26:30)
      at innerInvokeEventListeners 
(node_modules/jsdom/lib/jsdom/living/events/EventTarget-impl.js:350:25)
      at invokeEventListeners 
(node_modules/jsdom/lib/jsdom/living/events/EventTarget-impl.js:286:3)
      at HTMLInputElementImpl._dispatch 
(node_modules/jsdom/lib/jsdom/living/events/EventTarget-impl.js:233:9)
      at HTMLInputElementImpl.dispatchEvent 
(node_modules/jsdom/lib/jsdom/living/events/EventTarget-impl.js:104:17)
      at HTMLInputElement.dispatchEvent 
(node_modules/jsdom/lib/jsdom/living/generated/EventTarget.js:241:34)
      at 
node_modules/@testing-library/user-event/dist/cjs/event/dispatchEvent.js:45:43
      at Object.eventWrapper 
(node_modules/@testing-library/dom/dist/config.js:25:23)
      at Object.wrapEvent 
(node_modules/@testing-library/user-event/dist/cjs/event/wrapEvent.js:6:28)
      at Object.dispatchEvent (node_modules/@testing-library/user-event/dist/cj
s/event/dispatchEvent.js:45:22)
      at Object.dispatchUIEvent (node_modules/@testing-library/user-event/dist/
cjs/event/dispatchEvent.js:22:26)
      at commitInput 
(node_modules/@testing-library/user-event/dist/cjs/event/input.js:145:14)
      at editInputElement 
(node_modules/@testing-library/user-event/dist/cjs/event/input.js:115:9)
      at Object.input 
(node_modules/@testing-library/user-event/dist/cjs/event/input.js:37:9)
      at node_modules/@testing-library/user-event/dist/cjs/event/behavior/keypr
ess.js:31:26
      at Object.dispatchEvent (node_modules/@testing-library/user-event/dist/cj
s/event/dispatchEvent.js:41:13)
      at Object.dispatchUIEvent (node_modules/@testing-library/user-event/dist/
cjs/event/dispatchEvent.js:22:26)
      at KeyboardHost.keydown 
(node_modules/@testing-library/user-event/dist/cjs/system/keyboard.js:76:22)
      at keyboardAction 
(node_modules/@testing-library/user-event/dist/cjs/keyboard/index.js:22:35)
      at Object.keyboard 
(node_modules/@testing-library/user-event/dist/cjs/keyboard/index.js:11:15)
      at Object.type 
(node_modules/@testing-library/user-event/dist/cjs/utility/type.js:17:5)
      at Object.<anonymous> (src/profile/__tests__/profile.test.tsx:301:5)

    console.error
      Warning: An update to ProfilePage inside a test was not wrapped in 
act(...).
      
      When testing, code that causes React state updates should be wrapped 
into act(...):
      
      act(() => {
        /* fire events that update state */
      });
      /* assert on the output */
      
      This ensures that you're testing the behavior the user would see in the 
browser. Learn more at https://reactjs.org/link/wrap-tests-with-act
          at ProfilePage (C:\Users\samhe\OneDrive\Desktop\Cleaned\frontend\src\
profile\ProfilePage.tsx:17:41)
          at basenameProp (C:\Users\samhe\OneDrive\Desktop\Cleaned\frontend\nod
e_modules\react-router\lib\components.tsx:421:13)
          at basename (C:\Users\samhe\OneDrive\Desktop\Cleaned\frontend\node_mo
dules\react-router\lib\components.tsx:225:3)

      191 |               className="border border-gray-300 rounded-md px-3 
py-2 text-sm"
      192 |               value={confirmPassword}
    > 193 |               onChange={e => setConfirmPassword(e.target.value)}
          |                              ^
      194 |             />
      195 |             {confirmPassword && !passwordsMatch && (
      196 |               <p className="text-sm text-red-600">Passwords do not 
match</p>

      at printWarning 
(node_modules/react-dom/cjs/react-dom.development.js:86:30)
      at error (node_modules/react-dom/cjs/react-dom.development.js:60:7)
      at warnIfUpdatesNotWrappedWithActDEV 
(node_modules/react-dom/cjs/react-dom.development.js:27628:9)
      at scheduleUpdateOnFiber 
(node_modules/react-dom/cjs/react-dom.development.js:25547:5)
      at dispatchSetState 
(node_modules/react-dom/cjs/react-dom.development.js:16708:7)
      at onChange (src/profile/ProfilePage.tsx:193:30)
      at HTMLUnknownElement.callCallback 
(node_modules/react-dom/cjs/react-dom.development.js:4164:14)
      at HTMLUnknownElement.callTheUserObjectsOperation 
(node_modules/jsdom/lib/jsdom/living/generated/EventListener.js:26:30)
      at innerInvokeEventListeners 
(node_modules/jsdom/lib/jsdom/living/events/EventTarget-impl.js:350:25)
      at invokeEventListeners 
(node_modules/jsdom/lib/jsdom/living/events/EventTarget-impl.js:286:3)
      at HTMLUnknownElementImpl._dispatch 
(node_modules/jsdom/lib/jsdom/living/events/EventTarget-impl.js:233:9)
      at HTMLUnknownElementImpl.dispatchEvent 
(node_modules/jsdom/lib/jsdom/living/events/EventTarget-impl.js:104:17)
      at HTMLUnknownElement.dispatchEvent 
(node_modules/jsdom/lib/jsdom/living/generated/EventTarget.js:241:34)
      at Object.invokeGuardedCallbackDev 
(node_modules/react-dom/cjs/react-dom.development.js:4213:16)
      at invokeGuardedCallback 
(node_modules/react-dom/cjs/react-dom.development.js:4277:31)
      at invokeGuardedCallbackAndCatchFirstError 
(node_modules/react-dom/cjs/react-dom.development.js:4291:25)
      at executeDispatch 
(node_modules/react-dom/cjs/react-dom.development.js:9041:3)
      at processDispatchQueueItemsInOrder 
(node_modules/react-dom/cjs/react-dom.development.js:9073:7)
      at processDispatchQueue 
(node_modules/react-dom/cjs/react-dom.development.js:9086:5)
      at dispatchEventsForPlugins 
(node_modules/react-dom/cjs/react-dom.development.js:9097:3)
      at node_modules/react-dom/cjs/react-dom.development.js:9288:12
      at batchedUpdates$1 
(node_modules/react-dom/cjs/react-dom.development.js:26179:12)
      at batchedUpdates 
(node_modules/react-dom/cjs/react-dom.development.js:3991:12)
      at dispatchEventForPluginEventSystem 
(node_modules/react-dom/cjs/react-dom.development.js:9287:3)
      at dispatchEventWithEnableCapturePhaseSelectiveHydrationWithoutDiscreteEv
entReplay (node_modules/react-dom/cjs/react-dom.development.js:6465:5)
      at dispatchEvent 
(node_modules/react-dom/cjs/react-dom.development.js:6457:5)
      at dispatchDiscreteEvent 
(node_modules/react-dom/cjs/react-dom.development.js:6430:5)
      at HTMLDivElement.callTheUserObjectsOperation 
(node_modules/jsdom/lib/jsdom/living/generated/EventListener.js:26:30)
      at innerInvokeEventListeners 
(node_modules/jsdom/lib/jsdom/living/events/EventTarget-impl.js:350:25)
      at invokeEventListeners 
(node_modules/jsdom/lib/jsdom/living/events/EventTarget-impl.js:286:3)
      at HTMLInputElementImpl._dispatch 
(node_modules/jsdom/lib/jsdom/living/events/EventTarget-impl.js:233:9)
      at HTMLInputElementImpl.dispatchEvent 
(node_modules/jsdom/lib/jsdom/living/events/EventTarget-impl.js:104:17)
      at HTMLInputElement.dispatchEvent 
(node_modules/jsdom/lib/jsdom/living/generated/EventTarget.js:241:34)
      at 
node_modules/@testing-library/user-event/dist/cjs/event/dispatchEvent.js:45:43
      at Object.eventWrapper 
(node_modules/@testing-library/dom/dist/config.js:25:23)
      at Object.wrapEvent 
(node_modules/@testing-library/user-event/dist/cjs/event/wrapEvent.js:6:28)
      at Object.dispatchEvent (node_modules/@testing-library/user-event/dist/cj
s/event/dispatchEvent.js:45:22)
      at Object.dispatchUIEvent (node_modules/@testing-library/user-event/dist/
cjs/event/dispatchEvent.js:22:26)
      at commitInput 
(node_modules/@testing-library/user-event/dist/cjs/event/input.js:145:14)
      at editInputElement 
(node_modules/@testing-library/user-event/dist/cjs/event/input.js:115:9)
      at Object.input 
(node_modules/@testing-library/user-event/dist/cjs/event/input.js:37:9)
      at node_modules/@testing-library/user-event/dist/cjs/event/behavior/keypr
ess.js:31:26
      at Object.dispatchEvent (node_modules/@testing-library/user-event/dist/cj
s/event/dispatchEvent.js:41:13)
      at Object.dispatchUIEvent (node_modules/@testing-library/user-event/dist/
cjs/event/dispatchEvent.js:22:26)
      at KeyboardHost.keydown 
(node_modules/@testing-library/user-event/dist/cjs/system/keyboard.js:76:22)
      at keyboardAction 
(node_modules/@testing-library/user-event/dist/cjs/keyboard/index.js:22:35)
      at Object.keyboard 
(node_modules/@testing-library/user-event/dist/cjs/keyboard/index.js:11:15)
      at Object.type 
(node_modules/@testing-library/user-event/dist/cjs/utility/type.js:17:5)
      at Object.<anonymous> (src/profile/__tests__/profile.test.tsx:301:5)

    console.error
      Warning: An update to ProfilePage inside a test was not wrapped in 
act(...).
      
      When testing, code that causes React state updates should be wrapped 
into act(...):
      
      act(() => {
        /* fire events that update state */
      });
      /* assert on the output */
      
      This ensures that you're testing the behavior the user would see in the 
browser. Learn more at https://reactjs.org/link/wrap-tests-with-act
          at ProfilePage (C:\Users\samhe\OneDrive\Desktop\Cleaned\frontend\src\
profile\ProfilePage.tsx:17:41)
          at basenameProp (C:\Users\samhe\OneDrive\Desktop\Cleaned\frontend\nod
e_modules\react-router\lib\components.tsx:421:13)
          at basename (C:\Users\samhe\OneDrive\Desktop\Cleaned\frontend\node_mo
dules\react-router\lib\components.tsx:225:3)

      191 |               className="border border-gray-300 rounded-md px-3 
py-2 text-sm"
      192 |               value={confirmPassword}
    > 193 |               onChange={e => setConfirmPassword(e.target.value)}
          |                              ^
      194 |             />
      195 |             {confirmPassword && !passwordsMatch && (
      196 |               <p className="text-sm text-red-600">Passwords do not 
match</p>

      at printWarning 
(node_modules/react-dom/cjs/react-dom.development.js:86:30)
      at error (node_modules/react-dom/cjs/react-dom.development.js:60:7)
      at warnIfUpdatesNotWrappedWithActDEV 
(node_modules/react-dom/cjs/react-dom.development.js:27628:9)
      at scheduleUpdateOnFiber 
(node_modules/react-dom/cjs/react-dom.development.js:25547:5)
      at dispatchSetState 
(node_modules/react-dom/cjs/react-dom.development.js:16708:7)
      at onChange (src/profile/ProfilePage.tsx:193:30)
      at HTMLUnknownElement.callCallback 
(node_modules/react-dom/cjs/react-dom.development.js:4164:14)
      at HTMLUnknownElement.callTheUserObjectsOperation 
(node_modules/jsdom/lib/jsdom/living/generated/EventListener.js:26:30)
      at innerInvokeEventListeners 
(node_modules/jsdom/lib/jsdom/living/events/EventTarget-impl.js:350:25)
      at invokeEventListeners 
(node_modules/jsdom/lib/jsdom/living/events/EventTarget-impl.js:286:3)
      at HTMLUnknownElementImpl._dispatch 
(node_modules/jsdom/lib/jsdom/living/events/EventTarget-impl.js:233:9)
      at HTMLUnknownElementImpl.dispatchEvent 
(node_modules/jsdom/lib/jsdom/living/events/EventTarget-impl.js:104:17)
      at HTMLUnknownElement.dispatchEvent 
(node_modules/jsdom/lib/jsdom/living/generated/EventTarget.js:241:34)
      at Object.invokeGuardedCallbackDev 
(node_modules/react-dom/cjs/react-dom.development.js:4213:16)
      at invokeGuardedCallback 
(node_modules/react-dom/cjs/react-dom.development.js:4277:31)
      at invokeGuardedCallbackAndCatchFirstError 
(node_modules/react-dom/cjs/react-dom.development.js:4291:25)
      at executeDispatch 
(node_modules/react-dom/cjs/react-dom.development.js:9041:3)
      at processDispatchQueueItemsInOrder 
(node_modules/react-dom/cjs/react-dom.development.js:9073:7)
      at processDispatchQueue 
(node_modules/react-dom/cjs/react-dom.development.js:9086:5)
      at dispatchEventsForPlugins 
(node_modules/react-dom/cjs/react-dom.development.js:9097:3)
      at node_modules/react-dom/cjs/react-dom.development.js:9288:12
      at batchedUpdates$1 
(node_modules/react-dom/cjs/react-dom.development.js:26179:12)
      at batchedUpdates 
(node_modules/react-dom/cjs/react-dom.development.js:3991:12)
      at dispatchEventForPluginEventSystem 
(node_modules/react-dom/cjs/react-dom.development.js:9287:3)
      at dispatchEventWithEnableCapturePhaseSelectiveHydrationWithoutDiscreteEv
entReplay (node_modules/react-dom/cjs/react-dom.development.js:6465:5)
      at dispatchEvent 
(node_modules/react-dom/cjs/react-dom.development.js:6457:5)
      at dispatchDiscreteEvent 
(node_modules/react-dom/cjs/react-dom.development.js:6430:5)
      at HTMLDivElement.callTheUserObjectsOperation 
(node_modules/jsdom/lib/jsdom/living/generated/EventListener.js:26:30)
      at innerInvokeEventListeners 
(node_modules/jsdom/lib/jsdom/living/events/EventTarget-impl.js:350:25)
      at invokeEventListeners 
(node_modules/jsdom/lib/jsdom/living/events/EventTarget-impl.js:286:3)
      at HTMLInputElementImpl._dispatch 
(node_modules/jsdom/lib/jsdom/living/events/EventTarget-impl.js:233:9)
      at HTMLInputElementImpl.dispatchEvent 
(node_modules/jsdom/lib/jsdom/living/events/EventTarget-impl.js:104:17)
      at HTMLInputElement.dispatchEvent 
(node_modules/jsdom/lib/jsdom/living/generated/EventTarget.js:241:34)
      at 
node_modules/@testing-library/user-event/dist/cjs/event/dispatchEvent.js:45:43
      at Object.eventWrapper 
(node_modules/@testing-library/dom/dist/config.js:25:23)
      at Object.wrapEvent 
(node_modules/@testing-library/user-event/dist/cjs/event/wrapEvent.js:6:28)
      at Object.dispatchEvent (node_modules/@testing-library/user-event/dist/cj
s/event/dispatchEvent.js:45:22)
      at Object.dispatchUIEvent (node_modules/@testing-library/user-event/dist/
cjs/event/dispatchEvent.js:22:26)
      at commitInput 
(node_modules/@testing-library/user-event/dist/cjs/event/input.js:145:14)
      at editInputElement 
(node_modules/@testing-library/user-event/dist/cjs/event/input.js:115:9)
      at Object.input 
(node_modules/@testing-library/user-event/dist/cjs/event/input.js:37:9)
      at node_modules/@testing-library/user-event/dist/cjs/event/behavior/keypr
ess.js:31:26
      at Object.dispatchEvent (node_modules/@testing-library/user-event/dist/cj
s/event/dispatchEvent.js:41:13)
      at Object.dispatchUIEvent (node_modules/@testing-library/user-event/dist/
cjs/event/dispatchEvent.js:22:26)
      at KeyboardHost.keydown 
(node_modules/@testing-library/user-event/dist/cjs/system/keyboard.js:76:22)
      at keyboardAction 
(node_modules/@testing-library/user-event/dist/cjs/keyboard/index.js:22:35)
      at Object.keyboard 
(node_modules/@testing-library/user-event/dist/cjs/keyboard/index.js:11:15)
      at Object.type 
(node_modules/@testing-library/user-event/dist/cjs/utility/type.js:17:5)
      at Object.<anonymous> (src/profile/__tests__/profile.test.tsx:301:5)

    console.error
      Warning: An update to ProfilePage inside a test was not wrapped in 
act(...).
      
      When testing, code that causes React state updates should be wrapped 
into act(...):
      
      act(() => {
        /* fire events that update state */
      });
      /* assert on the output */
      
      This ensures that you're testing the behavior the user would see in the 
browser. Learn more at https://reactjs.org/link/wrap-tests-with-act
          at ProfilePage (C:\Users\samhe\OneDrive\Desktop\Cleaned\frontend\src\
profile\ProfilePage.tsx:17:41)
          at basenameProp (C:\Users\samhe\OneDrive\Desktop\Cleaned\frontend\nod
e_modules\react-router\lib\components.tsx:421:13)
          at basename (C:\Users\samhe\OneDrive\Desktop\Cleaned\frontend\node_mo
dules\react-router\lib\components.tsx:225:3)

      71 |
      72 |   async function handleChangePassword() {
    > 73 |     setPasswordError('')
         |     ^
      74 |     try {
      75 |       await changePassword(currentPassword, newPassword)
      76 |       addNotification('Password changed successfully', 'success')

      at printWarning 
(node_modules/react-dom/cjs/react-dom.development.js:86:30)
      at error (node_modules/react-dom/cjs/react-dom.development.js:60:7)
      at warnIfUpdatesNotWrappedWithActDEV 
(node_modules/react-dom/cjs/react-dom.development.js:27628:9)
      at scheduleUpdateOnFiber 
(node_modules/react-dom/cjs/react-dom.development.js:25547:5)
      at dispatchSetState 
(node_modules/react-dom/cjs/react-dom.development.js:16708:7)
      at handleChangePassword (src/profile/ProfilePage.tsx:73:5)
      at HTMLUnknownElement.callCallback 
(node_modules/react-dom/cjs/react-dom.development.js:4164:14)
      at HTMLUnknownElement.callTheUserObjectsOperation 
(node_modules/jsdom/lib/jsdom/living/generated/EventListener.js:26:30)
      at innerInvokeEventListeners 
(node_modules/jsdom/lib/jsdom/living/events/EventTarget-impl.js:350:25)
      at invokeEventListeners 
(node_modules/jsdom/lib/jsdom/living/events/EventTarget-impl.js:286:3)
      at HTMLUnknownElementImpl._dispatch 
(node_modules/jsdom/lib/jsdom/living/events/EventTarget-impl.js:233:9)
      at HTMLUnknownElementImpl.dispatchEvent 
(node_modules/jsdom/lib/jsdom/living/events/EventTarget-impl.js:104:17)
      at HTMLUnknownElement.dispatchEvent 
(node_modules/jsdom/lib/jsdom/living/generated/EventTarget.js:241:34)
      at Object.invokeGuardedCallbackDev 
(node_modules/react-dom/cjs/react-dom.development.js:4213:16)
      at invokeGuardedCallback 
(node_modules/react-dom/cjs/react-dom.development.js:4277:31)
      at invokeGuardedCallbackAndCatchFirstError 
(node_modules/react-dom/cjs/react-dom.development.js:4291:25)
      at executeDispatch 
(node_modules/react-dom/cjs/react-dom.development.js:9041:3)
      at processDispatchQueueItemsInOrder 
(node_modules/react-dom/cjs/react-dom.development.js:9073:7)
      at processDispatchQueue 
(node_modules/react-dom/cjs/react-dom.development.js:9086:5)
      at dispatchEventsForPlugins 
(node_modules/react-dom/cjs/react-dom.development.js:9097:3)
      at node_modules/react-dom/cjs/react-dom.development.js:9288:12
      at batchedUpdates$1 
(node_modules/react-dom/cjs/react-dom.development.js:26179:12)
      at batchedUpdates 
(node_modules/react-dom/cjs/react-dom.development.js:3991:12)
      at dispatchEventForPluginEventSystem 
(node_modules/react-dom/cjs/react-dom.development.js:9287:3)
      at dispatchEventWithEnableCapturePhaseSelectiveHydrationWithoutDiscreteEv
entReplay (node_modules/react-dom/cjs/react-dom.development.js:6465:5)
      at dispatchEvent 
(node_modules/react-dom/cjs/react-dom.development.js:6457:5)
      at dispatchDiscreteEvent 
(node_modules/react-dom/cjs/react-dom.development.js:6430:5)
      at HTMLDivElement.callTheUserObjectsOperation 
(node_modules/jsdom/lib/jsdom/living/generated/EventListener.js:26:30)
      at innerInvokeEventListeners 
(node_modules/jsdom/lib/jsdom/living/events/EventTarget-impl.js:350:25)
      at invokeEventListeners 
(node_modules/jsdom/lib/jsdom/living/events/EventTarget-impl.js:286:3)
      at HTMLButtonElementImpl._dispatch 
(node_modules/jsdom/lib/jsdom/living/events/EventTarget-impl.js:233:9)
      at HTMLButtonElementImpl.dispatchEvent 
(node_modules/jsdom/lib/jsdom/living/events/EventTarget-impl.js:104:17)
      at HTMLButtonElement.dispatchEvent 
(node_modules/jsdom/lib/jsdom/living/generated/EventTarget.js:241:34)
      at 
node_modules/@testing-library/user-event/dist/cjs/event/dispatchEvent.js:45:43
      at Object.eventWrapper 
(node_modules/@testing-library/dom/dist/config.js:25:23)
      at Object.wrapEvent 
(node_modules/@testing-library/user-event/dist/cjs/event/wrapEvent.js:6:28)
      at Object.dispatchEvent (node_modules/@testing-library/user-event/dist/cj
s/event/dispatchEvent.js:45:22)
      at Object.dispatchUIEvent (node_modules/@testing-library/user-event/dist/
cjs/event/dispatchEvent.js:22:26)
      at Mouse.up (node_modules/@testing-library/user-event/dist/cjs/system/poi
nter/mouse.js:100:30)
      at PointerHost.release (node_modules/@testing-library/user-event/dist/cjs
/system/pointer/index.js:87:24)
      at pointerAction 
(node_modules/@testing-library/user-event/dist/cjs/pointer/index.js:54:47)
      at Object.pointer 
(node_modules/@testing-library/user-event/dist/cjs/pointer/index.js:27:9)
      at Object.<anonymous> (src/profile/__tests__/profile.test.tsx:303:5)

    console.error
      Warning: An update to ProfilePage inside a test was not wrapped in 
act(...).
      
      When testing, code that causes React state updates should be wrapped 
into act(...):
      
      act(() => {
        /* fire events that update state */
      });
      /* assert on the output */
      
      This ensures that you're testing the behavior the user would see in the 
browser. Learn more at https://reactjs.org/link/wrap-tests-with-act
          at ProfilePage (C:\Users\samhe\OneDrive\Desktop\Cleaned\frontend\src\
profile\ProfilePage.tsx:17:41)
          at basenameProp (C:\Users\samhe\OneDrive\Desktop\Cleaned\frontend\nod
e_modules\react-router\lib\components.tsx:421:13)
          at basename (C:\Users\samhe\OneDrive\Desktop\Cleaned\frontend\node_mo
dules\react-router\lib\components.tsx:225:3)

      80 |     } catch (err: any) {
      81 |       if (err?.status === 401) {
    > 82 |         setPasswordError('Current password is incorrect')
         |         ^
      83 |       } else {
      84 |         addNotification('Failed to change password', 'error')
      85 |       }

      at printWarning 
(node_modules/react-dom/cjs/react-dom.development.js:86:30)
      at error (node_modules/react-dom/cjs/react-dom.development.js:60:7)
      at warnIfUpdatesNotWrappedWithActDEV 
(node_modules/react-dom/cjs/react-dom.development.js:27628:9)
      at scheduleUpdateOnFiber 
(node_modules/react-dom/cjs/react-dom.development.js:25547:5)
      at dispatchSetState 
(node_modules/react-dom/cjs/react-dom.development.js:16708:7)
      at handleChangePassword (src/profile/ProfilePage.tsx:82:9)

PASS src/profile/profile.test.tsx (14.056 s)
  ÔùÅ Console

    console.warn
      ÔÜá´©Å React Router Future Flag Warning: React Router will begin 
wrapping state updates in `React.startTransition` in v7. You can use the 
`v7_startTransition` future flag to opt-in early. For more information, see 
https://reactrouter.com/v6/upgrading/future#v7_starttransition.

      54 | function renderProfile() {
      55 |     const { default: ProfilePage } = require('./index')
    > 56 |     return render(
         |                  ^
      57 |         <MemoryRouter>
      58 |             <ProfilePage />
      59 |         </MemoryRouter>

      at warn (node_modules/react-router/lib/deprecations.ts:9:13)
      at warnOnce (node_modules/react-router/lib/deprecations.ts:14:3)
      at logDeprecation (node_modules/react-router/lib/deprecations.ts:26:5)
      at logV6DeprecationWarnings 
(node_modules/react-router/lib/components.tsx:257:25)
      at commitHookEffectListMount 
(node_modules/react-dom/cjs/react-dom.development.js:23189:26)
      at commitPassiveMountOnFiber 
(node_modules/react-dom/cjs/react-dom.development.js:24970:11)
      at commitPassiveMountEffects_complete 
(node_modules/react-dom/cjs/react-dom.development.js:24930:9)
      at commitPassiveMountEffects_begin 
(node_modules/react-dom/cjs/react-dom.development.js:24917:7)
      at commitPassiveMountEffects 
(node_modules/react-dom/cjs/react-dom.development.js:24905:3)
      at flushPassiveEffectsImpl 
(node_modules/react-dom/cjs/react-dom.development.js:27078:3)
      at flushPassiveEffects 
(node_modules/react-dom/cjs/react-dom.development.js:27023:14)
      at node_modules/react-dom/cjs/react-dom.development.js:26808:9
      at flushActQueue (node_modules/react/cjs/react.development.js:2667:24)
      at act (node_modules/react/cjs/react.development.js:2582:11)
      at node_modules/@testing-library/react/dist/act-compat.js:47:25
      at renderRoot (node_modules/@testing-library/react/dist/pure.js:180:26)
      at render (node_modules/@testing-library/react/dist/pure.js:271:10)
      at renderProfile (src/profile/profile.test.tsx:56:18)
      at Object.<anonymous> (src/profile/profile.test.tsx:76:9)

    console.warn
      ÔÜá´©Å React Router Future Flag Warning: Relative route resolution 
within Splat routes is changing in v7. You can use the `v7_relativeSplatPath` 
future flag to opt-in early. For more information, see 
https://reactrouter.com/v6/upgrading/future#v7_relativesplatpath.

      54 | function renderProfile() {
      55 |     const { default: ProfilePage } = require('./index')
    > 56 |     return render(
         |                  ^
      57 |         <MemoryRouter>
      58 |             <ProfilePage />
      59 |         </MemoryRouter>

      at warn (node_modules/react-router/lib/deprecations.ts:9:13)
      at warnOnce (node_modules/react-router/lib/deprecations.ts:14:3)
      at logDeprecation (node_modules/react-router/lib/deprecations.ts:37:5)
      at logV6DeprecationWarnings 
(node_modules/react-router/lib/components.tsx:257:25)
      at commitHookEffectListMount 
(node_modules/react-dom/cjs/react-dom.development.js:23189:26)
      at commitPassiveMountOnFiber 
(node_modules/react-dom/cjs/react-dom.development.js:24970:11)
      at commitPassiveMountEffects_complete 
(node_modules/react-dom/cjs/react-dom.development.js:24930:9)
      at commitPassiveMountEffects_begin 
(node_modules/react-dom/cjs/react-dom.development.js:24917:7)
      at commitPassiveMountEffects 
(node_modules/react-dom/cjs/react-dom.development.js:24905:3)
      at flushPassiveEffectsImpl 
(node_modules/react-dom/cjs/react-dom.development.js:27078:3)
      at flushPassiveEffects 
(node_modules/react-dom/cjs/react-dom.development.js:27023:14)
      at node_modules/react-dom/cjs/react-dom.development.js:26808:9
      at flushActQueue (node_modules/react/cjs/react.development.js:2667:24)
      at act (node_modules/react/cjs/react.development.js:2582:11)
      at node_modules/@testing-library/react/dist/act-compat.js:47:25
      at renderRoot (node_modules/@testing-library/react/dist/pure.js:180:26)
      at render (node_modules/@testing-library/react/dist/pure.js:271:10)
      at renderProfile (src/profile/profile.test.tsx:56:18)
      at Object.<anonymous> (src/profile/profile.test.tsx:76:9)

    console.error
      Warning: An update to ProfilePage inside a test was not wrapped in 
act(...).
      
      When testing, code that causes React state updates should be wrapped 
into act(...):
      
      act(() => {
        /* fire events that update state */
      });
      /* assert on the output */
      
      This ensures that you're testing the behavior the user would see in the 
browser. Learn more at https://reactjs.org/link/wrap-tests-with-act
          at ProfilePage 
(C:\Users\samhe\OneDrive\Desktop\Cleaned\frontend\src\profile\index.tsx:25:41)
          at basenameProp (C:\Users\samhe\OneDrive\Desktop\Cleaned\frontend\nod
e_modules\react-router\lib\components.tsx:421:13)
          at basename (C:\Users\samhe\OneDrive\Desktop\Cleaned\frontend\node_mo
dules\react-router\lib\components.tsx:225:3)

      118 |               className="border border-gray-300 rounded-md px-3 
py-2 text-sm focus:outline-none focus:ring-2 focus:ring-brand-500"
      119 |               value={name}
    > 120 |               onChange={e => setName(e.target.value)}
          |                              ^
      121 |             />
      122 |             {nameError && <p className="text-sm 
text-red-600">{nameError}</p>}
      123 |           </div>

      at printWarning 
(node_modules/react-dom/cjs/react-dom.development.js:86:30)
      at error (node_modules/react-dom/cjs/react-dom.development.js:60:7)
      at warnIfUpdatesNotWrappedWithActDEV 
(node_modules/react-dom/cjs/react-dom.development.js:27628:9)
      at scheduleUpdateOnFiber 
(node_modules/react-dom/cjs/react-dom.development.js:25547:5)
      at dispatchSetState 
(node_modules/react-dom/cjs/react-dom.development.js:16708:7)
      at onChange (src/profile/index.tsx:120:30)
      at HTMLUnknownElement.callCallback 
(node_modules/react-dom/cjs/react-dom.development.js:4164:14)
      at HTMLUnknownElement.callTheUserObjectsOperation 
(node_modules/jsdom/lib/jsdom/living/generated/EventListener.js:26:30)
      at innerInvokeEventListeners 
(node_modules/jsdom/lib/jsdom/living/events/EventTarget-impl.js:350:25)
      at invokeEventListeners 
(node_modules/jsdom/lib/jsdom/living/events/EventTarget-impl.js:286:3)
      at HTMLUnknownElementImpl._dispatch 
(node_modules/jsdom/lib/jsdom/living/events/EventTarget-impl.js:233:9)
      at HTMLUnknownElementImpl.dispatchEvent 
(node_modules/jsdom/lib/jsdom/living/events/EventTarget-impl.js:104:17)
      at HTMLUnknownElement.dispatchEvent 
(node_modules/jsdom/lib/jsdom/living/generated/EventTarget.js:241:34)
      at Object.invokeGuardedCallbackDev 
(node_modules/react-dom/cjs/react-dom.development.js:4213:16)
      at invokeGuardedCallback 
(node_modules/react-dom/cjs/react-dom.development.js:4277:31)
      at invokeGuardedCallbackAndCatchFirstError 
(node_modules/react-dom/cjs/react-dom.development.js:4291:25)
      at executeDispatch 
(node_modules/react-dom/cjs/react-dom.development.js:9041:3)
      at processDispatchQueueItemsInOrder 
(node_modules/react-dom/cjs/react-dom.development.js:9073:7)
      at processDispatchQueue 
(node_modules/react-dom/cjs/react-dom.development.js:9086:5)
      at dispatchEventsForPlugins 
(node_modules/react-dom/cjs/react-dom.development.js:9097:3)
      at node_modules/react-dom/cjs/react-dom.development.js:9288:12
      at batchedUpdates$1 
(node_modules/react-dom/cjs/react-dom.development.js:26179:12)
      at batchedUpdates 
(node_modules/react-dom/cjs/react-dom.development.js:3991:12)
      at dispatchEventForPluginEventSystem 
(node_modules/react-dom/cjs/react-dom.development.js:9287:3)
      at dispatchEventWithEnableCapturePhaseSelectiveHydrationWithoutDiscreteEv
entReplay (node_modules/react-dom/cjs/react-dom.development.js:6465:5)
      at dispatchEvent 
(node_modules/react-dom/cjs/react-dom.development.js:6457:5)
      at dispatchDiscreteEvent 
(node_modules/react-dom/cjs/react-dom.development.js:6430:5)
      at HTMLDivElement.callTheUserObjectsOperation 
(node_modules/jsdom/lib/jsdom/living/generated/EventListener.js:26:30)
      at innerInvokeEventListeners 
(node_modules/jsdom/lib/jsdom/living/events/EventTarget-impl.js:350:25)
      at invokeEventListeners 
(node_modules/jsdom/lib/jsdom/living/events/EventTarget-impl.js:286:3)
      at HTMLInputElementImpl._dispatch 
(node_modules/jsdom/lib/jsdom/living/events/EventTarget-impl.js:233:9)
      at HTMLInputElementImpl.dispatchEvent 
(node_modules/jsdom/lib/jsdom/living/events/EventTarget-impl.js:104:17)
      at HTMLInputElement.dispatchEvent 
(node_modules/jsdom/lib/jsdom/living/generated/EventTarget.js:241:34)
      at 
node_modules/@testing-library/user-event/dist/cjs/event/dispatchEvent.js:45:43
      at Object.eventWrapper 
(node_modules/@testing-library/dom/dist/config.js:25:23)
      at Object.wrapEvent 
(node_modules/@testing-library/user-event/dist/cjs/event/wrapEvent.js:6:28)
      at Object.dispatchEvent (node_modules/@testing-library/user-event/dist/cj
s/event/dispatchEvent.js:45:22)
      at Object.dispatchUIEvent (node_modules/@testing-library/user-event/dist/
cjs/event/dispatchEvent.js:22:26)
      at commitInput 
(node_modules/@testing-library/user-event/dist/cjs/event/input.js:145:14)
      at editInputElement 
(node_modules/@testing-library/user-event/dist/cjs/event/input.js:115:9)
      at Object.input 
(node_modules/@testing-library/user-event/dist/cjs/event/input.js:37:9)
      at Object.clear 
(node_modules/@testing-library/user-event/dist/cjs/utility/clear.js:29:11)
      at node_modules/@testing-library/user-event/dist/cjs/setup/setup.js:85:45
      at Object.asyncWrapper 
(node_modules/@testing-library/dom/dist/config.js:23:23)
      at Object.wrapAsync 
(node_modules/@testing-library/user-event/dist/cjs/setup/wrapAsync.js:8:28)
      at Object.method [as clear] 
(node_modules/@testing-library/user-event/dist/cjs/setup/setup.js:85:26)
      at Object.clear 
(node_modules/@testing-library/user-event/dist/cjs/setup/directApi.js:6:36)
      at Object.<anonymous> (src/profile/profile.test.tsx:137:25)

    console.error
      Warning: An update to ProfilePage inside a test was not wrapped in 
act(...).
      
      When testing, code that causes React state updates should be wrapped 
into act(...):
      
      act(() => {
        /* fire events that update state */
      });
      /* assert on the output */
      
      This ensures that you're testing the behavior the user would see in the 
browser. Learn more at https://reactjs.org/link/wrap-tests-with-act
          at ProfilePage 
(C:\Users\samhe\OneDrive\Desktop\Cleaned\frontend\src\profile\index.tsx:25:41)
          at basenameProp (C:\Users\samhe\OneDrive\Desktop\Cleaned\frontend\nod
e_modules\react-router\lib\components.tsx:421:13)
          at basename (C:\Users\samhe\OneDrive\Desktop\Cleaned\frontend\node_mo
dules\react-router\lib\components.tsx:225:3)

      118 |               className="border border-gray-300 rounded-md px-3 
py-2 text-sm focus:outline-none focus:ring-2 focus:ring-brand-500"
      119 |               value={name}
    > 120 |               onChange={e => setName(e.target.value)}
          |                              ^
      121 |             />
      122 |             {nameError && <p className="text-sm 
text-red-600">{nameError}</p>}
      123 |           </div>

      at printWarning 
(node_modules/react-dom/cjs/react-dom.development.js:86:30)
      at error (node_modules/react-dom/cjs/react-dom.development.js:60:7)
      at warnIfUpdatesNotWrappedWithActDEV 
(node_modules/react-dom/cjs/react-dom.development.js:27628:9)
      at scheduleUpdateOnFiber 
(node_modules/react-dom/cjs/react-dom.development.js:25547:5)
      at dispatchSetState 
(node_modules/react-dom/cjs/react-dom.development.js:16708:7)
      at onChange (src/profile/index.tsx:120:30)
      at HTMLUnknownElement.callCallback 
(node_modules/react-dom/cjs/react-dom.development.js:4164:14)
      at HTMLUnknownElement.callTheUserObjectsOperation 
(node_modules/jsdom/lib/jsdom/living/generated/EventListener.js:26:30)
      at innerInvokeEventListeners 
(node_modules/jsdom/lib/jsdom/living/events/EventTarget-impl.js:350:25)
      at invokeEventListeners 
(node_modules/jsdom/lib/jsdom/living/events/EventTarget-impl.js:286:3)
      at HTMLUnknownElementImpl._dispatch 
(node_modules/jsdom/lib/jsdom/living/events/EventTarget-impl.js:233:9)
      at HTMLUnknownElementImpl.dispatchEvent 
(node_modules/jsdom/lib/jsdom/living/events/EventTarget-impl.js:104:17)
      at HTMLUnknownElement.dispatchEvent 
(node_modules/jsdom/lib/jsdom/living/generated/EventTarget.js:241:34)
      at Object.invokeGuardedCallbackDev 
(node_modules/react-dom/cjs/react-dom.development.js:4213:16)
      at invokeGuardedCallback 
(node_modules/react-dom/cjs/react-dom.development.js:4277:31)
      at invokeGuardedCallbackAndCatchFirstError 
(node_modules/react-dom/cjs/react-dom.development.js:4291:25)
      at executeDispatch 
(node_modules/react-dom/cjs/react-dom.development.js:9041:3)
      at processDispatchQueueItemsInOrder 
(node_modules/react-dom/cjs/react-dom.development.js:9073:7)
      at processDispatchQueue 
(node_modules/react-dom/cjs/react-dom.development.js:9086:5)
      at dispatchEventsForPlugins 
(node_modules/react-dom/cjs/react-dom.development.js:9097:3)
      at node_modules/react-dom/cjs/react-dom.development.js:9288:12
      at batchedUpdates$1 
(node_modules/react-dom/cjs/react-dom.development.js:26179:12)
      at batchedUpdates 
(node_modules/react-dom/cjs/react-dom.development.js:3991:12)
      at dispatchEventForPluginEventSystem 
(node_modules/react-dom/cjs/react-dom.development.js:9287:3)
      at dispatchEventWithEnableCapturePhaseSelectiveHydrationWithoutDiscreteEv
entReplay (node_modules/react-dom/cjs/react-dom.development.js:6465:5)
      at dispatchEvent 
(node_modules/react-dom/cjs/react-dom.development.js:6457:5)
      at dispatchDiscreteEvent 
(node_modules/react-dom/cjs/react-dom.development.js:6430:5)
      at HTMLDivElement.callTheUserObjectsOperation 
(node_modules/jsdom/lib/jsdom/living/generated/EventListener.js:26:30)
      at innerInvokeEventListeners 
(node_modules/jsdom/lib/jsdom/living/events/EventTarget-impl.js:350:25)
      at invokeEventListeners 
(node_modules/jsdom/lib/jsdom/living/events/EventTarget-impl.js:286:3)
      at HTMLInputElementImpl._dispatch 
(node_modules/jsdom/lib/jsdom/living/events/EventTarget-impl.js:233:9)
      at HTMLInputElementImpl.dispatchEvent 
(node_modules/jsdom/lib/jsdom/living/events/EventTarget-impl.js:104:17)
      at HTMLInputElement.dispatchEvent 
(node_modules/jsdom/lib/jsdom/living/generated/EventTarget.js:241:34)
      at 
node_modules/@testing-library/user-event/dist/cjs/event/dispatchEvent.js:45:43
      at Object.eventWrapper 
(node_modules/@testing-library/dom/dist/config.js:25:23)
      at Object.wrapEvent 
(node_modules/@testing-library/user-event/dist/cjs/event/wrapEvent.js:6:28)
      at Object.dispatchEvent (node_modules/@testing-library/user-event/dist/cj
s/event/dispatchEvent.js:45:22)
      at Object.dispatchUIEvent (node_modules/@testing-library/user-event/dist/
cjs/event/dispatchEvent.js:22:26)
      at commitInput 
(node_modules/@testing-library/user-event/dist/cjs/event/input.js:145:14)
      at editInputElement 
(node_modules/@testing-library/user-event/dist/cjs/event/input.js:115:9)
      at Object.input 
(node_modules/@testing-library/user-event/dist/cjs/event/input.js:37:9)
      at node_modules/@testing-library/user-event/dist/cjs/event/behavior/keypr
ess.js:31:26
      at Object.dispatchEvent (node_modules/@testing-library/user-event/dist/cj
s/event/dispatchEvent.js:41:13)
      at Object.dispatchUIEvent (node_modules/@testing-library/user-event/dist/
cjs/event/dispatchEvent.js:22:26)
      at KeyboardHost.keydown 
(node_modules/@testing-library/user-event/dist/cjs/system/keyboard.js:76:22)
      at keyboardAction 
(node_modules/@testing-library/user-event/dist/cjs/keyboard/index.js:22:35)
      at Object.keyboard 
(node_modules/@testing-library/user-event/dist/cjs/keyboard/index.js:11:15)
      at Object.type 
(node_modules/@testing-library/user-event/dist/cjs/utility/type.js:17:5)
      at Object.<anonymous> (src/profile/profile.test.tsx:138:9)

    console.error
      Warning: An update to ProfilePage inside a test was not wrapped in 
act(...).
      
      When testing, code that causes React state updates should be wrapped 
into act(...):
      
      act(() => {
        /* fire events that update state */
      });
      /* assert on the output */
      
      This ensures that you're testing the behavior the user would see in the 
browser. Learn more at https://reactjs.org/link/wrap-tests-with-act
          at ProfilePage 
(C:\Users\samhe\OneDrive\Desktop\Cleaned\frontend\src\profile\index.tsx:25:41)
          at basenameProp (C:\Users\samhe\OneDrive\Desktop\Cleaned\frontend\nod
e_modules\react-router\lib\components.tsx:421:13)
          at basename (C:\Users\samhe\OneDrive\Desktop\Cleaned\frontend\node_mo
dules\react-router\lib\components.tsx:225:3)

      118 |               className="border border-gray-300 rounded-md px-3 
py-2 text-sm focus:outline-none focus:ring-2 focus:ring-brand-500"
      119 |               value={name}
    > 120 |               onChange={e => setName(e.target.value)}
          |                              ^
      121 |             />
      122 |             {nameError && <p className="text-sm 
text-red-600">{nameError}</p>}
      123 |           </div>

      at printWarning 
(node_modules/react-dom/cjs/react-dom.development.js:86:30)
      at error (node_modules/react-dom/cjs/react-dom.development.js:60:7)
      at warnIfUpdatesNotWrappedWithActDEV 
(node_modules/react-dom/cjs/react-dom.development.js:27628:9)
      at scheduleUpdateOnFiber 
(node_modules/react-dom/cjs/react-dom.development.js:25547:5)
      at dispatchSetState 
(node_modules/react-dom/cjs/react-dom.development.js:16708:7)
      at onChange (src/profile/index.tsx:120:30)
      at HTMLUnknownElement.callCallback 
(node_modules/react-dom/cjs/react-dom.development.js:4164:14)
      at HTMLUnknownElement.callTheUserObjectsOperation 
(node_modules/jsdom/lib/jsdom/living/generated/EventListener.js:26:30)
      at innerInvokeEventListeners 
(node_modules/jsdom/lib/jsdom/living/events/EventTarget-impl.js:350:25)
      at invokeEventListeners 
(node_modules/jsdom/lib/jsdom/living/events/EventTarget-impl.js:286:3)
      at HTMLUnknownElementImpl._dispatch 
(node_modules/jsdom/lib/jsdom/living/events/EventTarget-impl.js:233:9)
      at HTMLUnknownElementImpl.dispatchEvent 
(node_modules/jsdom/lib/jsdom/living/events/EventTarget-impl.js:104:17)
      at HTMLUnknownElement.dispatchEvent 
(node_modules/jsdom/lib/jsdom/living/generated/EventTarget.js:241:34)
      at Object.invokeGuardedCallbackDev 
(node_modules/react-dom/cjs/react-dom.development.js:4213:16)
      at invokeGuardedCallback 
(node_modules/react-dom/cjs/react-dom.development.js:4277:31)
      at invokeGuardedCallbackAndCatchFirstError 
(node_modules/react-dom/cjs/react-dom.development.js:4291:25)
      at executeDispatch 
(node_modules/react-dom/cjs/react-dom.development.js:9041:3)
      at processDispatchQueueItemsInOrder 
(node_modules/react-dom/cjs/react-dom.development.js:9073:7)
      at processDispatchQueue 
(node_modules/react-dom/cjs/react-dom.development.js:9086:5)
      at dispatchEventsForPlugins 
(node_modules/react-dom/cjs/react-dom.development.js:9097:3)
      at node_modules/react-dom/cjs/react-dom.development.js:9288:12
      at batchedUpdates$1 
(node_modules/react-dom/cjs/react-dom.development.js:26179:12)
      at batchedUpdates 
(node_modules/react-dom/cjs/react-dom.development.js:3991:12)
      at dispatchEventForPluginEventSystem 
(node_modules/react-dom/cjs/react-dom.development.js:9287:3)
      at dispatchEventWithEnableCapturePhaseSelectiveHydrationWithoutDiscreteEv
entReplay (node_modules/react-dom/cjs/react-dom.development.js:6465:5)
      at dispatchEvent 
(node_modules/react-dom/cjs/react-dom.development.js:6457:5)
      at dispatchDiscreteEvent 
(node_modules/react-dom/cjs/react-dom.development.js:6430:5)
      at HTMLDivElement.callTheUserObjectsOperation 
(node_modules/jsdom/lib/jsdom/living/generated/EventListener.js:26:30)
      at innerInvokeEventListeners 
(node_modules/jsdom/lib/jsdom/living/events/EventTarget-impl.js:350:25)
      at invokeEventListeners 
(node_modules/jsdom/lib/jsdom/living/events/EventTarget-impl.js:286:3)
      at HTMLInputElementImpl._dispatch 
(node_modules/jsdom/lib/jsdom/living/events/EventTarget-impl.js:233:9)
      at HTMLInputElementImpl.dispatchEvent 
(node_modules/jsdom/lib/jsdom/living/events/EventTarget-impl.js:104:17)
      at HTMLInputElement.dispatchEvent 
(node_modules/jsdom/lib/jsdom/living/generated/EventTarget.js:241:34)
      at 
node_modules/@testing-library/user-event/dist/cjs/event/dispatchEvent.js:45:43
      at Object.eventWrapper 
(node_modules/@testing-library/dom/dist/config.js:25:23)
      at Object.wrapEvent 
(node_modules/@testing-library/user-event/dist/cjs/event/wrapEvent.js:6:28)
      at Object.dispatchEvent (node_modules/@testing-library/user-event/dist/cj
s/event/dispatchEvent.js:45:22)
      at Object.dispatchUIEvent (node_modules/@testing-library/user-event/dist/
cjs/event/dispatchEvent.js:22:26)
      at commitInput 
(node_modules/@testing-library/user-event/dist/cjs/event/input.js:145:14)
      at editInputElement 
(node_modules/@testing-library/user-event/dist/cjs/event/input.js:115:9)
      at Object.input 
(node_modules/@testing-library/user-event/dist/cjs/event/input.js:37:9)
      at node_modules/@testing-library/user-event/dist/cjs/event/behavior/keypr
ess.js:31:26
      at Object.dispatchEvent (node_modules/@testing-library/user-event/dist/cj
s/event/dispatchEvent.js:41:13)
      at Object.dispatchUIEvent (node_modules/@testing-library/user-event/dist/
cjs/event/dispatchEvent.js:22:26)
      at KeyboardHost.keydown 
(node_modules/@testing-library/user-event/dist/cjs/system/keyboard.js:76:22)
      at keyboardAction 
(node_modules/@testing-library/user-event/dist/cjs/keyboard/index.js:22:35)
      at Object.keyboard 
(node_modules/@testing-library/user-event/dist/cjs/keyboard/index.js:11:15)
      at Object.type 
(node_modules/@testing-library/user-event/dist/cjs/utility/type.js:17:5)
      at Object.<anonymous> (src/profile/profile.test.tsx:138:9)

    console.error
      Warning: An update to ProfilePage inside a test was not wrapped in 
act(...).
      
      When testing, code that causes React state updates should be wrapped 
into act(...):
      
      act(() => {
        /* fire events that update state */
      });
      /* assert on the output */
      
      This ensures that you're testing the behavior the user would see in the 
browser. Learn more at https://reactjs.org/link/wrap-tests-with-act
          at ProfilePage 
(C:\Users\samhe\OneDrive\Desktop\Cleaned\frontend\src\profile\index.tsx:25:41)
          at basenameProp (C:\Users\samhe\OneDrive\Desktop\Cleaned\frontend\nod
e_modules\react-router\lib\components.tsx:421:13)
          at basename (C:\Users\samhe\OneDrive\Desktop\Cleaned\frontend\node_mo
dules\react-router\lib\components.tsx:225:3)

      118 |               className="border border-gray-300 rounded-md px-3 
py-2 text-sm focus:outline-none focus:ring-2 focus:ring-brand-500"
      119 |               value={name}
    > 120 |               onChange={e => setName(e.target.value)}
          |                              ^
      121 |             />
      122 |             {nameError && <p className="text-sm 
text-red-600">{nameError}</p>}
      123 |           </div>

      at printWarning 
(node_modules/react-dom/cjs/react-dom.development.js:86:30)
      at error (node_modules/react-dom/cjs/react-dom.development.js:60:7)
      at warnIfUpdatesNotWrappedWithActDEV 
(node_modules/react-dom/cjs/react-dom.development.js:27628:9)
      at scheduleUpdateOnFiber 
(node_modules/react-dom/cjs/react-dom.development.js:25547:5)
      at dispatchSetState 
(node_modules/react-dom/cjs/react-dom.development.js:16708:7)
      at onChange (src/profile/index.tsx:120:30)
      at HTMLUnknownElement.callCallback 
(node_modules/react-dom/cjs/react-dom.development.js:4164:14)
      at HTMLUnknownElement.callTheUserObjectsOperation 
(node_modules/jsdom/lib/jsdom/living/generated/EventListener.js:26:30)
      at innerInvokeEventListeners 
(node_modules/jsdom/lib/jsdom/living/events/EventTarget-impl.js:350:25)
      at invokeEventListeners 
(node_modules/jsdom/lib/jsdom/living/events/EventTarget-impl.js:286:3)
      at HTMLUnknownElementImpl._dispatch 
(node_modules/jsdom/lib/jsdom/living/events/EventTarget-impl.js:233:9)
      at HTMLUnknownElementImpl.dispatchEvent 
(node_modules/jsdom/lib/jsdom/living/events/EventTarget-impl.js:104:17)
      at HTMLUnknownElement.dispatchEvent 
(node_modules/jsdom/lib/jsdom/living/generated/EventTarget.js:241:34)
      at Object.invokeGuardedCallbackDev 
(node_modules/react-dom/cjs/react-dom.development.js:4213:16)
      at invokeGuardedCallback 
(node_modules/react-dom/cjs/react-dom.development.js:4277:31)
      at invokeGuardedCallbackAndCatchFirstError 
(node_modules/react-dom/cjs/react-dom.development.js:4291:25)
      at executeDispatch 
(node_modules/react-dom/cjs/react-dom.development.js:9041:3)
      at processDispatchQueueItemsInOrder 
(node_modules/react-dom/cjs/react-dom.development.js:9073:7)
      at processDispatchQueue 
(node_modules/react-dom/cjs/react-dom.development.js:9086:5)
      at dispatchEventsForPlugins 
(node_modules/react-dom/cjs/react-dom.development.js:9097:3)
      at node_modules/react-dom/cjs/react-dom.development.js:9288:12
      at batchedUpdates$1 
(node_modules/react-dom/cjs/react-dom.development.js:26179:12)
      at batchedUpdates 
(node_modules/react-dom/cjs/react-dom.development.js:3991:12)
      at dispatchEventForPluginEventSystem 
(node_modules/react-dom/cjs/react-dom.development.js:9287:3)
      at dispatchEventWithEnableCapturePhaseSelectiveHydrationWithoutDiscreteEv
entReplay (node_modules/react-dom/cjs/react-dom.development.js:6465:5)
      at dispatchEvent 
(node_modules/react-dom/cjs/react-dom.development.js:6457:5)
      at dispatchDiscreteEvent 
(node_modules/react-dom/cjs/react-dom.development.js:6430:5)
      at HTMLDivElement.callTheUserObjectsOperation 
(node_modules/jsdom/lib/jsdom/living/generated/EventListener.js:26:30)
      at innerInvokeEventListeners 
(node_modules/jsdom/lib/jsdom/living/events/EventTarget-impl.js:350:25)
      at invokeEventListeners 
(node_modules/jsdom/lib/jsdom/living/events/EventTarget-impl.js:286:3)
      at HTMLInputElementImpl._dispatch 
(node_modules/jsdom/lib/jsdom/living/events/EventTarget-impl.js:233:9)
      at HTMLInputElementImpl.dispatchEvent 
(node_modules/jsdom/lib/jsdom/living/events/EventTarget-impl.js:104:17)
      at HTMLInputElement.dispatchEvent 
(node_modules/jsdom/lib/jsdom/living/generated/EventTarget.js:241:34)
      at 
node_modules/@testing-library/user-event/dist/cjs/event/dispatchEvent.js:45:43
      at Object.eventWrapper 
(node_modules/@testing-library/dom/dist/config.js:25:23)
      at Object.wrapEvent 
(node_modules/@testing-library/user-event/dist/cjs/event/wrapEvent.js:6:28)
      at Object.dispatchEvent (node_modules/@testing-library/user-event/dist/cj
s/event/dispatchEvent.js:45:22)
      at Object.dispatchUIEvent (node_modules/@testing-library/user-event/dist/
cjs/event/dispatchEvent.js:22:26)
      at commitInput 
(node_modules/@testing-library/user-event/dist/cjs/event/input.js:145:14)
      at editInputElement 
(node_modules/@testing-library/user-event/dist/cjs/event/input.js:115:9)
      at Object.input 
(node_modules/@testing-library/user-event/dist/cjs/event/input.js:37:9)
      at node_modules/@testing-library/user-event/dist/cjs/event/behavior/keypr
ess.js:31:26
      at Object.dispatchEvent (node_modules/@testing-library/user-event/dist/cj
s/event/dispatchEvent.js:41:13)
      at Object.dispatchUIEvent (node_modules/@testing-library/user-event/dist/
cjs/event/dispatchEvent.js:22:26)
      at KeyboardHost.keydown 
(node_modules/@testing-library/user-event/dist/cjs/system/keyboard.js:76:22)
      at keyboardAction 
(node_modules/@testing-library/user-event/dist/cjs/keyboard/index.js:22:35)
      at Object.keyboard 
(node_modules/@testing-library/user-event/dist/cjs/keyboard/index.js:11:15)
      at Object.type 
(node_modules/@testing-library/user-event/dist/cjs/utility/type.js:17:5)
      at Object.<anonymous> (src/profile/profile.test.tsx:138:9)

    console.error
      Warning: An update to ProfilePage inside a test was not wrapped in 
act(...).
      
      When testing, code that causes React state updates should be wrapped 
into act(...):
      
      act(() => {
        /* fire events that update state */
      });
      /* assert on the output */
      
      This ensures that you're testing the behavior the user would see in the 
browser. Learn more at https://reactjs.org/link/wrap-tests-with-act
          at ProfilePage 
(C:\Users\samhe\OneDrive\Desktop\Cleaned\frontend\src\profile\index.tsx:25:41)
          at basenameProp (C:\Users\samhe\OneDrive\Desktop\Cleaned\frontend\nod
e_modules\react-router\lib\components.tsx:421:13)
          at basename (C:\Users\samhe\OneDrive\Desktop\Cleaned\frontend\node_mo
dules\react-router\lib\components.tsx:225:3)

      118 |               className="border border-gray-300 rounded-md px-3 
py-2 text-sm focus:outline-none focus:ring-2 focus:ring-brand-500"
      119 |               value={name}
    > 120 |               onChange={e => setName(e.target.value)}
          |                              ^
      121 |             />
      122 |             {nameError && <p className="text-sm 
text-red-600">{nameError}</p>}
      123 |           </div>

      at printWarning 
(node_modules/react-dom/cjs/react-dom.development.js:86:30)
      at error (node_modules/react-dom/cjs/react-dom.development.js:60:7)
      at warnIfUpdatesNotWrappedWithActDEV 
(node_modules/react-dom/cjs/react-dom.development.js:27628:9)
      at scheduleUpdateOnFiber 
(node_modules/react-dom/cjs/react-dom.development.js:25547:5)
      at dispatchSetState 
(node_modules/react-dom/cjs/react-dom.development.js:16708:7)
      at onChange (src/profile/index.tsx:120:30)
      at HTMLUnknownElement.callCallback 
(node_modules/react-dom/cjs/react-dom.development.js:4164:14)
      at HTMLUnknownElement.callTheUserObjectsOperation 
(node_modules/jsdom/lib/jsdom/living/generated/EventListener.js:26:30)
      at innerInvokeEventListeners 
(node_modules/jsdom/lib/jsdom/living/events/EventTarget-impl.js:350:25)
      at invokeEventListeners 
(node_modules/jsdom/lib/jsdom/living/events/EventTarget-impl.js:286:3)
      at HTMLUnknownElementImpl._dispatch 
(node_modules/jsdom/lib/jsdom/living/events/EventTarget-impl.js:233:9)
      at HTMLUnknownElementImpl.dispatchEvent 
(node_modules/jsdom/lib/jsdom/living/events/EventTarget-impl.js:104:17)
      at HTMLUnknownElement.dispatchEvent 
(node_modules/jsdom/lib/jsdom/living/generated/EventTarget.js:241:34)
      at Object.invokeGuardedCallbackDev 
(node_modules/react-dom/cjs/react-dom.development.js:4213:16)
      at invokeGuardedCallback 
(node_modules/react-dom/cjs/react-dom.development.js:4277:31)
      at invokeGuardedCallbackAndCatchFirstError 
(node_modules/react-dom/cjs/react-dom.development.js:4291:25)
      at executeDispatch 
(node_modules/react-dom/cjs/react-dom.development.js:9041:3)
      at processDispatchQueueItemsInOrder 
(node_modules/react-dom/cjs/react-dom.development.js:9073:7)
      at processDispatchQueue 
(node_modules/react-dom/cjs/react-dom.development.js:9086:5)
      at dispatchEventsForPlugins 
(node_modules/react-dom/cjs/react-dom.development.js:9097:3)
      at node_modules/react-dom/cjs/react-dom.development.js:9288:12
      at batchedUpdates$1 
(node_modules/react-dom/cjs/react-dom.development.js:26179:12)
      at batchedUpdates 
(node_modules/react-dom/cjs/react-dom.development.js:3991:12)
      at dispatchEventForPluginEventSystem 
(node_modules/react-dom/cjs/react-dom.development.js:9287:3)
      at dispatchEventWithEnableCapturePhaseSelectiveHydrationWithoutDiscreteEv
entReplay (node_modules/react-dom/cjs/react-dom.development.js:6465:5)
      at dispatchEvent 
(node_modules/react-dom/cjs/react-dom.development.js:6457:5)
      at dispatchDiscreteEvent 
(node_modules/react-dom/cjs/react-dom.development.js:6430:5)
      at HTMLDivElement.callTheUserObjectsOperation 
(node_modules/jsdom/lib/jsdom/living/generated/EventListener.js:26:30)
      at innerInvokeEventListeners 
(node_modules/jsdom/lib/jsdom/living/events/EventTarget-impl.js:350:25)
      at invokeEventListeners 
(node_modules/jsdom/lib/jsdom/living/events/EventTarget-impl.js:286:3)
      at HTMLInputElementImpl._dispatch 
(node_modules/jsdom/lib/jsdom/living/events/EventTarget-impl.js:233:9)
      at HTMLInputElementImpl.dispatchEvent 
(node_modules/jsdom/lib/jsdom/living/events/EventTarget-impl.js:104:17)
      at HTMLInputElement.dispatchEvent 
(node_modules/jsdom/lib/jsdom/living/generated/EventTarget.js:241:34)
      at 
node_modules/@testing-library/user-event/dist/cjs/event/dispatchEvent.js:45:43
      at Object.eventWrapper 
(node_modules/@testing-library/dom/dist/config.js:25:23)
      at Object.wrapEvent 
(node_modules/@testing-library/user-event/dist/cjs/event/wrapEvent.js:6:28)
      at Object.dispatchEvent (node_modules/@testing-library/user-event/dist/cj
s/event/dispatchEvent.js:45:22)
      at Object.dispatchUIEvent (node_modules/@testing-library/user-event/dist/
cjs/event/dispatchEvent.js:22:26)
      at commitInput 
(node_modules/@testing-library/user-event/dist/cjs/event/input.js:145:14)
      at editInputElement 
(node_modules/@testing-library/user-event/dist/cjs/event/input.js:115:9)
      at Object.input 
(node_modules/@testing-library/user-event/dist/cjs/event/input.js:37:9)
      at node_modules/@testing-library/user-event/dist/cjs/event/behavior/keypr
ess.js:31:26
      at Object.dispatchEvent (node_modules/@testing-library/user-event/dist/cj
s/event/dispatchEvent.js:41:13)
      at Object.dispatchUIEvent (node_modules/@testing-library/user-event/dist/
cjs/event/dispatchEvent.js:22:26)
      at KeyboardHost.keydown 
(node_modules/@testing-library/user-event/dist/cjs/system/keyboard.js:76:22)
      at keyboardAction 
(node_modules/@testing-library/user-event/dist/cjs/keyboard/index.js:22:35)
      at Object.keyboard 
(node_modules/@testing-library/user-event/dist/cjs/keyboard/index.js:11:15)
      at Object.type 
(node_modules/@testing-library/user-event/dist/cjs/utility/type.js:17:5)
      at Object.<anonymous> (src/profile/profile.test.tsx:138:9)

    console.error
      Warning: An update to ProfilePage inside a test was not wrapped in 
act(...).
      
      When testing, code that causes React state updates should be wrapped 
into act(...):
      
      act(() => {
        /* fire events that update state */
      });
      /* assert on the output */
      
      This ensures that you're testing the behavior the user would see in the 
browser. Learn more at https://reactjs.org/link/wrap-tests-with-act
          at ProfilePage 
(C:\Users\samhe\OneDrive\Desktop\Cleaned\frontend\src\profile\index.tsx:25:41)
          at basenameProp (C:\Users\samhe\OneDrive\Desktop\Cleaned\frontend\nod
e_modules\react-router\lib\components.tsx:421:13)
          at basename (C:\Users\samhe\OneDrive\Desktop\Cleaned\frontend\node_mo
dules\react-router\lib\components.tsx:225:3)

      118 |               className="border border-gray-300 rounded-md px-3 
py-2 text-sm focus:outline-none focus:ring-2 focus:ring-brand-500"
      119 |               value={name}
    > 120 |               onChange={e => setName(e.target.value)}
          |                              ^
      121 |             />
      122 |             {nameError && <p className="text-sm 
text-red-600">{nameError}</p>}
      123 |           </div>

      at printWarning 
(node_modules/react-dom/cjs/react-dom.development.js:86:30)
      at error (node_modules/react-dom/cjs/react-dom.development.js:60:7)
      at warnIfUpdatesNotWrappedWithActDEV 
(node_modules/react-dom/cjs/react-dom.development.js:27628:9)
      at scheduleUpdateOnFiber 
(node_modules/react-dom/cjs/react-dom.development.js:25547:5)
      at dispatchSetState 
(node_modules/react-dom/cjs/react-dom.development.js:16708:7)
      at onChange (src/profile/index.tsx:120:30)
      at HTMLUnknownElement.callCallback 
(node_modules/react-dom/cjs/react-dom.development.js:4164:14)
      at HTMLUnknownElement.callTheUserObjectsOperation 
(node_modules/jsdom/lib/jsdom/living/generated/EventListener.js:26:30)
      at innerInvokeEventListeners 
(node_modules/jsdom/lib/jsdom/living/events/EventTarget-impl.js:350:25)
      at invokeEventListeners 
(node_modules/jsdom/lib/jsdom/living/events/EventTarget-impl.js:286:3)
      at HTMLUnknownElementImpl._dispatch 
(node_modules/jsdom/lib/jsdom/living/events/EventTarget-impl.js:233:9)
      at HTMLUnknownElementImpl.dispatchEvent 
(node_modules/jsdom/lib/jsdom/living/events/EventTarget-impl.js:104:17)
      at HTMLUnknownElement.dispatchEvent 
(node_modules/jsdom/lib/jsdom/living/generated/EventTarget.js:241:34)
      at Object.invokeGuardedCallbackDev 
(node_modules/react-dom/cjs/react-dom.development.js:4213:16)
      at invokeGuardedCallback 
(node_modules/react-dom/cjs/react-dom.development.js:4277:31)
      at invokeGuardedCallbackAndCatchFirstError 
(node_modules/react-dom/cjs/react-dom.development.js:4291:25)
      at executeDispatch 
(node_modules/react-dom/cjs/react-dom.development.js:9041:3)
      at processDispatchQueueItemsInOrder 
(node_modules/react-dom/cjs/react-dom.development.js:9073:7)
      at processDispatchQueue 
(node_modules/react-dom/cjs/react-dom.development.js:9086:5)
      at dispatchEventsForPlugins 
(node_modules/react-dom/cjs/react-dom.development.js:9097:3)
      at node_modules/react-dom/cjs/react-dom.development.js:9288:12
      at batchedUpdates$1 
(node_modules/react-dom/cjs/react-dom.development.js:26179:12)
      at batchedUpdates 
(node_modules/react-dom/cjs/react-dom.development.js:3991:12)
      at dispatchEventForPluginEventSystem 
(node_modules/react-dom/cjs/react-dom.development.js:9287:3)
      at dispatchEventWithEnableCapturePhaseSelectiveHydrationWithoutDiscreteEv
entReplay (node_modules/react-dom/cjs/react-dom.development.js:6465:5)
      at dispatchEvent 
(node_modules/react-dom/cjs/react-dom.development.js:6457:5)
      at dispatchDiscreteEvent 
(node_modules/react-dom/cjs/react-dom.development.js:6430:5)
      at HTMLDivElement.callTheUserObjectsOperation 
(node_modules/jsdom/lib/jsdom/living/generated/EventListener.js:26:30)
      at innerInvokeEventListeners 
(node_modules/jsdom/lib/jsdom/living/events/EventTarget-impl.js:350:25)
      at invokeEventListeners 
(node_modules/jsdom/lib/jsdom/living/events/EventTarget-impl.js:286:3)
      at HTMLInputElementImpl._dispatch 
(node_modules/jsdom/lib/jsdom/living/events/EventTarget-impl.js:233:9)
      at HTMLInputElementImpl.dispatchEvent 
(node_modules/jsdom/lib/jsdom/living/events/EventTarget-impl.js:104:17)
      at HTMLInputElement.dispatchEvent 
(node_modules/jsdom/lib/jsdom/living/generated/EventTarget.js:241:34)
      at 
node_modules/@testing-library/user-event/dist/cjs/event/dispatchEvent.js:45:43
      at Object.eventWrapper 
(node_modules/@testing-library/dom/dist/config.js:25:23)
      at Object.wrapEvent 
(node_modules/@testing-library/user-event/dist/cjs/event/wrapEvent.js:6:28)
      at Object.dispatchEvent (node_modules/@testing-library/user-event/dist/cj
s/event/dispatchEvent.js:45:22)
      at Object.dispatchUIEvent (node_modules/@testing-library/user-event/dist/
cjs/event/dispatchEvent.js:22:26)
      at commitInput 
(node_modules/@testing-library/user-event/dist/cjs/event/input.js:145:14)
      at editInputElement 
(node_modules/@testing-library/user-event/dist/cjs/event/input.js:115:9)
      at Object.input 
(node_modules/@testing-library/user-event/dist/cjs/event/input.js:37:9)
      at node_modules/@testing-library/user-event/dist/cjs/event/behavior/keypr
ess.js:31:26
      at Object.dispatchEvent (node_modules/@testing-library/user-event/dist/cj
s/event/dispatchEvent.js:41:13)
      at Object.dispatchUIEvent (node_modules/@testing-library/user-event/dist/
cjs/event/dispatchEvent.js:22:26)
      at KeyboardHost.keydown 
(node_modules/@testing-library/user-event/dist/cjs/system/keyboard.js:76:22)
      at keyboardAction 
(node_modules/@testing-library/user-event/dist/cjs/keyboard/index.js:22:35)
      at Object.keyboard 
(node_modules/@testing-library/user-event/dist/cjs/keyboard/index.js:11:15)
      at Object.type 
(node_modules/@testing-library/user-event/dist/cjs/utility/type.js:17:5)
      at Object.<anonymous> (src/profile/profile.test.tsx:138:9)

    console.error
      Warning: An update to ProfilePage inside a test was not wrapped in 
act(...).
      
      When testing, code that causes React state updates should be wrapped 
into act(...):
      
      act(() => {
        /* fire events that update state */
      });
      /* assert on the output */
      
      This ensures that you're testing the behavior the user would see in the 
browser. Learn more at https://reactjs.org/link/wrap-tests-with-act
          at ProfilePage 
(C:\Users\samhe\OneDrive\Desktop\Cleaned\frontend\src\profile\index.tsx:25:41)
          at basenameProp (C:\Users\samhe\OneDrive\Desktop\Cleaned\frontend\nod
e_modules\react-router\lib\components.tsx:421:13)
          at basename (C:\Users\samhe\OneDrive\Desktop\Cleaned\frontend\node_mo
dules\react-router\lib\components.tsx:225:3)

      118 |               className="border border-gray-300 rounded-md px-3 
py-2 text-sm focus:outline-none focus:ring-2 focus:ring-brand-500"
      119 |               value={name}
    > 120 |               onChange={e => setName(e.target.value)}
          |                              ^
      121 |             />
      122 |             {nameError && <p className="text-sm 
text-red-600">{nameError}</p>}
      123 |           </div>

      at printWarning 
(node_modules/react-dom/cjs/react-dom.development.js:86:30)
      at error (node_modules/react-dom/cjs/react-dom.development.js:60:7)
      at warnIfUpdatesNotWrappedWithActDEV 
(node_modules/react-dom/cjs/react-dom.development.js:27628:9)
      at scheduleUpdateOnFiber 
(node_modules/react-dom/cjs/react-dom.development.js:25547:5)
      at dispatchSetState 
(node_modules/react-dom/cjs/react-dom.development.js:16708:7)
      at onChange (src/profile/index.tsx:120:30)
      at HTMLUnknownElement.callCallback 
(node_modules/react-dom/cjs/react-dom.development.js:4164:14)
      at HTMLUnknownElement.callTheUserObjectsOperation 
(node_modules/jsdom/lib/jsdom/living/generated/EventListener.js:26:30)
      at innerInvokeEventListeners 
(node_modules/jsdom/lib/jsdom/living/events/EventTarget-impl.js:350:25)
      at invokeEventListeners 
(node_modules/jsdom/lib/jsdom/living/events/EventTarget-impl.js:286:3)
      at HTMLUnknownElementImpl._dispatch 
(node_modules/jsdom/lib/jsdom/living/events/EventTarget-impl.js:233:9)
      at HTMLUnknownElementImpl.dispatchEvent 
(node_modules/jsdom/lib/jsdom/living/events/EventTarget-impl.js:104:17)
      at HTMLUnknownElement.dispatchEvent 
(node_modules/jsdom/lib/jsdom/living/generated/EventTarget.js:241:34)
      at Object.invokeGuardedCallbackDev 
(node_modules/react-dom/cjs/react-dom.development.js:4213:16)
      at invokeGuardedCallback 
(node_modules/react-dom/cjs/react-dom.development.js:4277:31)
      at invokeGuardedCallbackAndCatchFirstError 
(node_modules/react-dom/cjs/react-dom.development.js:4291:25)
      at executeDispatch 
(node_modules/react-dom/cjs/react-dom.development.js:9041:3)
      at processDispatchQueueItemsInOrder 
(node_modules/react-dom/cjs/react-dom.development.js:9073:7)
      at processDispatchQueue 
(node_modules/react-dom/cjs/react-dom.development.js:9086:5)
      at dispatchEventsForPlugins 
(node_modules/react-dom/cjs/react-dom.development.js:9097:3)
      at node_modules/react-dom/cjs/react-dom.development.js:9288:12
      at batchedUpdates$1 
(node_modules/react-dom/cjs/react-dom.development.js:26179:12)
      at batchedUpdates 
(node_modules/react-dom/cjs/react-dom.development.js:3991:12)
      at dispatchEventForPluginEventSystem 
(node_modules/react-dom/cjs/react-dom.development.js:9287:3)
      at dispatchEventWithEnableCapturePhaseSelectiveHydrationWithoutDiscreteEv
entReplay (node_modules/react-dom/cjs/react-dom.development.js:6465:5)
      at dispatchEvent 
(node_modules/react-dom/cjs/react-dom.development.js:6457:5)
      at dispatchDiscreteEvent 
(node_modules/react-dom/cjs/react-dom.development.js:6430:5)
      at HTMLDivElement.callTheUserObjectsOperation 
(node_modules/jsdom/lib/jsdom/living/generated/EventListener.js:26:30)
      at innerInvokeEventListeners 
(node_modules/jsdom/lib/jsdom/living/events/EventTarget-impl.js:350:25)
      at invokeEventListeners 
(node_modules/jsdom/lib/jsdom/living/events/EventTarget-impl.js:286:3)
      at HTMLInputElementImpl._dispatch 
(node_modules/jsdom/lib/jsdom/living/events/EventTarget-impl.js:233:9)
      at HTMLInputElementImpl.dispatchEvent 
(node_modules/jsdom/lib/jsdom/living/events/EventTarget-impl.js:104:17)
      at HTMLInputElement.dispatchEvent 
(node_modules/jsdom/lib/jsdom/living/generated/EventTarget.js:241:34)
      at 
node_modules/@testing-library/user-event/dist/cjs/event/dispatchEvent.js:45:43
      at Object.eventWrapper 
(node_modules/@testing-library/dom/dist/config.js:25:23)
      at Object.wrapEvent 
(node_modules/@testing-library/user-event/dist/cjs/event/wrapEvent.js:6:28)
      at Object.dispatchEvent (node_modules/@testing-library/user-event/dist/cj
s/event/dispatchEvent.js:45:22)
      at Object.dispatchUIEvent (node_modules/@testing-library/user-event/dist/
cjs/event/dispatchEvent.js:22:26)
      at commitInput 
(node_modules/@testing-library/user-event/dist/cjs/event/input.js:145:14)
      at editInputElement 
(node_modules/@testing-library/user-event/dist/cjs/event/input.js:115:9)
      at Object.input 
(node_modules/@testing-library/user-event/dist/cjs/event/input.js:37:9)
      at node_modules/@testing-library/user-event/dist/cjs/event/behavior/keypr
ess.js:31:26
      at Object.dispatchEvent (node_modules/@testing-library/user-event/dist/cj
s/event/dispatchEvent.js:41:13)
      at Object.dispatchUIEvent (node_modules/@testing-library/user-event/dist/
cjs/event/dispatchEvent.js:22:26)
      at KeyboardHost.keydown 
(node_modules/@testing-library/user-event/dist/cjs/system/keyboard.js:76:22)
      at keyboardAction 
(node_modules/@testing-library/user-event/dist/cjs/keyboard/index.js:22:35)
      at Object.keyboard 
(node_modules/@testing-library/user-event/dist/cjs/keyboard/index.js:11:15)
      at Object.type 
(node_modules/@testing-library/user-event/dist/cjs/utility/type.js:17:5)
      at Object.<anonymous> (src/profile/profile.test.tsx:138:9)

    console.error
      Warning: An update to ProfilePage inside a test was not wrapped in 
act(...).
      
      When testing, code that causes React state updates should be wrapped 
into act(...):
      
      act(() => {
        /* fire events that update state */
      });
      /* assert on the output */
      
      This ensures that you're testing the behavior the user would see in the 
browser. Learn more at https://reactjs.org/link/wrap-tests-with-act
          at ProfilePage 
(C:\Users\samhe\OneDrive\Desktop\Cleaned\frontend\src\profile\index.tsx:25:41)
          at basenameProp (C:\Users\samhe\OneDrive\Desktop\Cleaned\frontend\nod
e_modules\react-router\lib\components.tsx:421:13)
          at basename (C:\Users\samhe\OneDrive\Desktop\Cleaned\frontend\node_mo
dules\react-router\lib\components.tsx:225:3)

      118 |               className="border border-gray-300 rounded-md px-3 
py-2 text-sm focus:outline-none focus:ring-2 focus:ring-brand-500"
      119 |               value={name}
    > 120 |               onChange={e => setName(e.target.value)}
          |                              ^
      121 |             />
      122 |             {nameError && <p className="text-sm 
text-red-600">{nameError}</p>}
      123 |           </div>

      at printWarning 
(node_modules/react-dom/cjs/react-dom.development.js:86:30)
      at error (node_modules/react-dom/cjs/react-dom.development.js:60:7)
      at warnIfUpdatesNotWrappedWithActDEV 
(node_modules/react-dom/cjs/react-dom.development.js:27628:9)
      at scheduleUpdateOnFiber 
(node_modules/react-dom/cjs/react-dom.development.js:25547:5)
      at dispatchSetState 
(node_modules/react-dom/cjs/react-dom.development.js:16708:7)
      at onChange (src/profile/index.tsx:120:30)
      at HTMLUnknownElement.callCallback 
(node_modules/react-dom/cjs/react-dom.development.js:4164:14)
      at HTMLUnknownElement.callTheUserObjectsOperation 
(node_modules/jsdom/lib/jsdom/living/generated/EventListener.js:26:30)
      at innerInvokeEventListeners 
(node_modules/jsdom/lib/jsdom/living/events/EventTarget-impl.js:350:25)
      at invokeEventListeners 
(node_modules/jsdom/lib/jsdom/living/events/EventTarget-impl.js:286:3)
      at HTMLUnknownElementImpl._dispatch 
(node_modules/jsdom/lib/jsdom/living/events/EventTarget-impl.js:233:9)
      at HTMLUnknownElementImpl.dispatchEvent 
(node_modules/jsdom/lib/jsdom/living/events/EventTarget-impl.js:104:17)
      at HTMLUnknownElement.dispatchEvent 
(node_modules/jsdom/lib/jsdom/living/generated/EventTarget.js:241:34)
      at Object.invokeGuardedCallbackDev 
(node_modules/react-dom/cjs/react-dom.development.js:4213:16)
      at invokeGuardedCallback 
(node_modules/react-dom/cjs/react-dom.development.js:4277:31)
      at invokeGuardedCallbackAndCatchFirstError 
(node_modules/react-dom/cjs/react-dom.development.js:4291:25)
      at executeDispatch 
(node_modules/react-dom/cjs/react-dom.development.js:9041:3)
      at processDispatchQueueItemsInOrder 
(node_modules/react-dom/cjs/react-dom.development.js:9073:7)
      at processDispatchQueue 
(node_modules/react-dom/cjs/react-dom.development.js:9086:5)
      at dispatchEventsForPlugins 
(node_modules/react-dom/cjs/react-dom.development.js:9097:3)
      at node_modules/react-dom/cjs/react-dom.development.js:9288:12
      at batchedUpdates$1 
(node_modules/react-dom/cjs/react-dom.development.js:26179:12)
      at batchedUpdates 
(node_modules/react-dom/cjs/react-dom.development.js:3991:12)
      at dispatchEventForPluginEventSystem 
(node_modules/react-dom/cjs/react-dom.development.js:9287:3)
      at dispatchEventWithEnableCapturePhaseSelectiveHydrationWithoutDiscreteEv
entReplay (node_modules/react-dom/cjs/react-dom.development.js:6465:5)
      at dispatchEvent 
(node_modules/react-dom/cjs/react-dom.development.js:6457:5)
      at dispatchDiscreteEvent 
(node_modules/react-dom/cjs/react-dom.development.js:6430:5)
      at HTMLDivElement.callTheUserObjectsOperation 
(node_modules/jsdom/lib/jsdom/living/generated/EventListener.js:26:30)
      at innerInvokeEventListeners 
(node_modules/jsdom/lib/jsdom/living/events/EventTarget-impl.js:350:25)
      at invokeEventListeners 
(node_modules/jsdom/lib/jsdom/living/events/EventTarget-impl.js:286:3)
      at HTMLInputElementImpl._dispatch 
(node_modules/jsdom/lib/jsdom/living/events/EventTarget-impl.js:233:9)
      at HTMLInputElementImpl.dispatchEvent 
(node_modules/jsdom/lib/jsdom/living/events/EventTarget-impl.js:104:17)
      at HTMLInputElement.dispatchEvent 
(node_modules/jsdom/lib/jsdom/living/generated/EventTarget.js:241:34)
      at 
node_modules/@testing-library/user-event/dist/cjs/event/dispatchEvent.js:45:43
      at Object.eventWrapper 
(node_modules/@testing-library/dom/dist/config.js:25:23)
      at Object.wrapEvent 
(node_modules/@testing-library/user-event/dist/cjs/event/wrapEvent.js:6:28)
      at Object.dispatchEvent (node_modules/@testing-library/user-event/dist/cj
s/event/dispatchEvent.js:45:22)
      at Object.dispatchUIEvent (node_modules/@testing-library/user-event/dist/
cjs/event/dispatchEvent.js:22:26)
      at commitInput 
(node_modules/@testing-library/user-event/dist/cjs/event/input.js:145:14)
      at editInputElement 
(node_modules/@testing-library/user-event/dist/cjs/event/input.js:115:9)
      at Object.input 
(node_modules/@testing-library/user-event/dist/cjs/event/input.js:37:9)
      at node_modules/@testing-library/user-event/dist/cjs/event/behavior/keypr
ess.js:31:26
      at Object.dispatchEvent (node_modules/@testing-library/user-event/dist/cj
s/event/dispatchEvent.js:41:13)
      at Object.dispatchUIEvent (node_modules/@testing-library/user-event/dist/
cjs/event/dispatchEvent.js:22:26)
      at KeyboardHost.keydown 
(node_modules/@testing-library/user-event/dist/cjs/system/keyboard.js:76:22)
      at keyboardAction 
(node_modules/@testing-library/user-event/dist/cjs/keyboard/index.js:22:35)
      at Object.keyboard 
(node_modules/@testing-library/user-event/dist/cjs/keyboard/index.js:11:15)
      at Object.type 
(node_modules/@testing-library/user-event/dist/cjs/utility/type.js:17:5)
      at Object.<anonymous> (src/profile/profile.test.tsx:138:9)

    console.error
      Warning: An update to ProfilePage inside a test was not wrapped in 
act(...).
      
      When testing, code that causes React state updates should be wrapped 
into act(...):
      
      act(() => {
        /* fire events that update state */
      });
      /* assert on the output */
      
      This ensures that you're testing the behavior the user would see in the 
browser. Learn more at https://reactjs.org/link/wrap-tests-with-act
          at ProfilePage 
(C:\Users\samhe\OneDrive\Desktop\Cleaned\frontend\src\profile\index.tsx:25:41)
          at basenameProp (C:\Users\samhe\OneDrive\Desktop\Cleaned\frontend\nod
e_modules\react-router\lib\components.tsx:421:13)
          at basename (C:\Users\samhe\OneDrive\Desktop\Cleaned\frontend\node_mo
dules\react-router\lib\components.tsx:225:3)

      118 |               className="border border-gray-300 rounded-md px-3 
py-2 text-sm focus:outline-none focus:ring-2 focus:ring-brand-500"
      119 |               value={name}
    > 120 |               onChange={e => setName(e.target.value)}
          |                              ^
      121 |             />
      122 |             {nameError && <p className="text-sm 
text-red-600">{nameError}</p>}
      123 |           </div>

      at printWarning 
(node_modules/react-dom/cjs/react-dom.development.js:86:30)
      at error (node_modules/react-dom/cjs/react-dom.development.js:60:7)
      at warnIfUpdatesNotWrappedWithActDEV 
(node_modules/react-dom/cjs/react-dom.development.js:27628:9)
      at scheduleUpdateOnFiber 
(node_modules/react-dom/cjs/react-dom.development.js:25547:5)
      at dispatchSetState 
(node_modules/react-dom/cjs/react-dom.development.js:16708:7)
      at onChange (src/profile/index.tsx:120:30)
      at HTMLUnknownElement.callCallback 
(node_modules/react-dom/cjs/react-dom.development.js:4164:14)
      at HTMLUnknownElement.callTheUserObjectsOperation 
(node_modules/jsdom/lib/jsdom/living/generated/EventListener.js:26:30)
      at innerInvokeEventListeners 
(node_modules/jsdom/lib/jsdom/living/events/EventTarget-impl.js:350:25)
      at invokeEventListeners 
(node_modules/jsdom/lib/jsdom/living/events/EventTarget-impl.js:286:3)
      at HTMLUnknownElementImpl._dispatch 
(node_modules/jsdom/lib/jsdom/living/events/EventTarget-impl.js:233:9)
      at HTMLUnknownElementImpl.dispatchEvent 
(node_modules/jsdom/lib/jsdom/living/events/EventTarget-impl.js:104:17)
      at HTMLUnknownElement.dispatchEvent 
(node_modules/jsdom/lib/jsdom/living/generated/EventTarget.js:241:34)
      at Object.invokeGuardedCallbackDev 
(node_modules/react-dom/cjs/react-dom.development.js:4213:16)
      at invokeGuardedCallback 
(node_modules/react-dom/cjs/react-dom.development.js:4277:31)
      at invokeGuardedCallbackAndCatchFirstError 
(node_modules/react-dom/cjs/react-dom.development.js:4291:25)
      at executeDispatch 
(node_modules/react-dom/cjs/react-dom.development.js:9041:3)
      at processDispatchQueueItemsInOrder 
(node_modules/react-dom/cjs/react-dom.development.js:9073:7)
      at processDispatchQueue 
(node_modules/react-dom/cjs/react-dom.development.js:9086:5)
      at dispatchEventsForPlugins 
(node_modules/react-dom/cjs/react-dom.development.js:9097:3)
      at node_modules/react-dom/cjs/react-dom.development.js:9288:12
      at batchedUpdates$1 
(node_modules/react-dom/cjs/react-dom.development.js:26179:12)
      at batchedUpdates 
(node_modules/react-dom/cjs/react-dom.development.js:3991:12)
      at dispatchEventForPluginEventSystem 
(node_modules/react-dom/cjs/react-dom.development.js:9287:3)
      at dispatchEventWithEnableCapturePhaseSelectiveHydrationWithoutDiscreteEv
entReplay (node_modules/react-dom/cjs/react-dom.development.js:6465:5)
      at dispatchEvent 
(node_modules/react-dom/cjs/react-dom.development.js:6457:5)
      at dispatchDiscreteEvent 
(node_modules/react-dom/cjs/react-dom.development.js:6430:5)
      at HTMLDivElement.callTheUserObjectsOperation 
(node_modules/jsdom/lib/jsdom/living/generated/EventListener.js:26:30)
      at innerInvokeEventListeners 
(node_modules/jsdom/lib/jsdom/living/events/EventTarget-impl.js:350:25)
      at invokeEventListeners 
(node_modules/jsdom/lib/jsdom/living/events/EventTarget-impl.js:286:3)
      at HTMLInputElementImpl._dispatch 
(node_modules/jsdom/lib/jsdom/living/events/EventTarget-impl.js:233:9)
      at HTMLInputElementImpl.dispatchEvent 
(node_modules/jsdom/lib/jsdom/living/events/EventTarget-impl.js:104:17)
      at HTMLInputElement.dispatchEvent 
(node_modules/jsdom/lib/jsdom/living/generated/EventTarget.js:241:34)
      at 
node_modules/@testing-library/user-event/dist/cjs/event/dispatchEvent.js:45:43
      at Object.eventWrapper 
(node_modules/@testing-library/dom/dist/config.js:25:23)
      at Object.wrapEvent 
(node_modules/@testing-library/user-event/dist/cjs/event/wrapEvent.js:6:28)
      at Object.dispatchEvent (node_modules/@testing-library/user-event/dist/cj
s/event/dispatchEvent.js:45:22)
      at Object.dispatchUIEvent (node_modules/@testing-library/user-event/dist/
cjs/event/dispatchEvent.js:22:26)
      at commitInput 
(node_modules/@testing-library/user-event/dist/cjs/event/input.js:145:14)
      at editInputElement 
(node_modules/@testing-library/user-event/dist/cjs/event/input.js:115:9)
      at Object.input 
(node_modules/@testing-library/user-event/dist/cjs/event/input.js:37:9)
      at node_modules/@testing-library/user-event/dist/cjs/event/behavior/keypr
ess.js:31:26
      at Object.dispatchEvent (node_modules/@testing-library/user-event/dist/cj
s/event/dispatchEvent.js:41:13)
      at Object.dispatchUIEvent (node_modules/@testing-library/user-event/dist/
cjs/event/dispatchEvent.js:22:26)
      at KeyboardHost.keydown 
(node_modules/@testing-library/user-event/dist/cjs/system/keyboard.js:76:22)
      at keyboardAction 
(node_modules/@testing-library/user-event/dist/cjs/keyboard/index.js:22:35)
      at Object.keyboard 
(node_modules/@testing-library/user-event/dist/cjs/keyboard/index.js:11:15)
      at Object.type 
(node_modules/@testing-library/user-event/dist/cjs/utility/type.js:17:5)
      at Object.<anonymous> (src/profile/profile.test.tsx:138:9)

    console.error
      Warning: An update to ProfilePage inside a test was not wrapped in 
act(...).
      
      When testing, code that causes React state updates should be wrapped 
into act(...):
      
      act(() => {
        /* fire events that update state */
      });
      /* assert on the output */
      
      This ensures that you're testing the behavior the user would see in the 
browser. Learn more at https://reactjs.org/link/wrap-tests-with-act
          at ProfilePage 
(C:\Users\samhe\OneDrive\Desktop\Cleaned\frontend\src\profile\index.tsx:25:41)
          at basenameProp (C:\Users\samhe\OneDrive\Desktop\Cleaned\frontend\nod
e_modules\react-router\lib\components.tsx:421:13)
          at basename (C:\Users\samhe\OneDrive\Desktop\Cleaned\frontend\node_mo
dules\react-router\lib\components.tsx:225:3)

      118 |               className="border border-gray-300 rounded-md px-3 
py-2 text-sm focus:outline-none focus:ring-2 focus:ring-brand-500"
      119 |               value={name}
    > 120 |               onChange={e => setName(e.target.value)}
          |                              ^
      121 |             />
      122 |             {nameError && <p className="text-sm 
text-red-600">{nameError}</p>}
      123 |           </div>

      at printWarning 
(node_modules/react-dom/cjs/react-dom.development.js:86:30)
      at error (node_modules/react-dom/cjs/react-dom.development.js:60:7)
      at warnIfUpdatesNotWrappedWithActDEV 
(node_modules/react-dom/cjs/react-dom.development.js:27628:9)
      at scheduleUpdateOnFiber 
(node_modules/react-dom/cjs/react-dom.development.js:25547:5)
      at dispatchSetState 
(node_modules/react-dom/cjs/react-dom.development.js:16708:7)
      at onChange (src/profile/index.tsx:120:30)
      at HTMLUnknownElement.callCallback 
(node_modules/react-dom/cjs/react-dom.development.js:4164:14)
      at HTMLUnknownElement.callTheUserObjectsOperation 
(node_modules/jsdom/lib/jsdom/living/generated/EventListener.js:26:30)
      at innerInvokeEventListeners 
(node_modules/jsdom/lib/jsdom/living/events/EventTarget-impl.js:350:25)
      at invokeEventListeners 
(node_modules/jsdom/lib/jsdom/living/events/EventTarget-impl.js:286:3)
      at HTMLUnknownElementImpl._dispatch 
(node_modules/jsdom/lib/jsdom/living/events/EventTarget-impl.js:233:9)
      at HTMLUnknownElementImpl.dispatchEvent 
(node_modules/jsdom/lib/jsdom/living/events/EventTarget-impl.js:104:17)
      at HTMLUnknownElement.dispatchEvent 
(node_modules/jsdom/lib/jsdom/living/generated/EventTarget.js:241:34)
      at Object.invokeGuardedCallbackDev 
(node_modules/react-dom/cjs/react-dom.development.js:4213:16)
      at invokeGuardedCallback 
(node_modules/react-dom/cjs/react-dom.development.js:4277:31)
      at invokeGuardedCallbackAndCatchFirstError 
(node_modules/react-dom/cjs/react-dom.development.js:4291:25)
      at executeDispatch 
(node_modules/react-dom/cjs/react-dom.development.js:9041:3)
      at processDispatchQueueItemsInOrder 
(node_modules/react-dom/cjs/react-dom.development.js:9073:7)
      at processDispatchQueue 
(node_modules/react-dom/cjs/react-dom.development.js:9086:5)
      at dispatchEventsForPlugins 
(node_modules/react-dom/cjs/react-dom.development.js:9097:3)
      at node_modules/react-dom/cjs/react-dom.development.js:9288:12
      at batchedUpdates$1 
(node_modules/react-dom/cjs/react-dom.development.js:26179:12)
      at batchedUpdates 
(node_modules/react-dom/cjs/react-dom.development.js:3991:12)
      at dispatchEventForPluginEventSystem 
(node_modules/react-dom/cjs/react-dom.development.js:9287:3)
      at dispatchEventWithEnableCapturePhaseSelectiveHydrationWithoutDiscreteEv
entReplay (node_modules/react-dom/cjs/react-dom.development.js:6465:5)
      at dispatchEvent 
(node_modules/react-dom/cjs/react-dom.development.js:6457:5)
      at dispatchDiscreteEvent 
(node_modules/react-dom/cjs/react-dom.development.js:6430:5)
      at HTMLDivElement.callTheUserObjectsOperation 
(node_modules/jsdom/lib/jsdom/living/generated/EventListener.js:26:30)
      at innerInvokeEventListeners 
(node_modules/jsdom/lib/jsdom/living/events/EventTarget-impl.js:350:25)
      at invokeEventListeners 
(node_modules/jsdom/lib/jsdom/living/events/EventTarget-impl.js:286:3)
      at HTMLInputElementImpl._dispatch 
(node_modules/jsdom/lib/jsdom/living/events/EventTarget-impl.js:233:9)
      at HTMLInputElementImpl.dispatchEvent 
(node_modules/jsdom/lib/jsdom/living/events/EventTarget-impl.js:104:17)
      at HTMLInputElement.dispatchEvent 
(node_modules/jsdom/lib/jsdom/living/generated/EventTarget.js:241:34)
      at 
node_modules/@testing-library/user-event/dist/cjs/event/dispatchEvent.js:45:43
      at Object.eventWrapper 
(node_modules/@testing-library/dom/dist/config.js:25:23)
      at Object.wrapEvent 
(node_modules/@testing-library/user-event/dist/cjs/event/wrapEvent.js:6:28)
      at Object.dispatchEvent (node_modules/@testing-library/user-event/dist/cj
s/event/dispatchEvent.js:45:22)
      at Object.dispatchUIEvent (node_modules/@testing-library/user-event/dist/
cjs/event/dispatchEvent.js:22:26)
      at commitInput 
(node_modules/@testing-library/user-event/dist/cjs/event/input.js:145:14)
      at editInputElement 
(node_modules/@testing-library/user-event/dist/cjs/event/input.js:115:9)
      at Object.input 
(node_modules/@testing-library/user-event/dist/cjs/event/input.js:37:9)
      at node_modules/@testing-library/user-event/dist/cjs/event/behavior/keypr
ess.js:31:26
      at Object.dispatchEvent (node_modules/@testing-library/user-event/dist/cj
s/event/dispatchEvent.js:41:13)
      at Object.dispatchUIEvent (node_modules/@testing-library/user-event/dist/
cjs/event/dispatchEvent.js:22:26)
      at KeyboardHost.keydown 
(node_modules/@testing-library/user-event/dist/cjs/system/keyboard.js:76:22)
      at keyboardAction 
(node_modules/@testing-library/user-event/dist/cjs/keyboard/index.js:22:35)
      at Object.keyboard 
(node_modules/@testing-library/user-event/dist/cjs/keyboard/index.js:11:15)
      at Object.type 
(node_modules/@testing-library/user-event/dist/cjs/utility/type.js:17:5)
      at Object.<anonymous> (src/profile/profile.test.tsx:138:9)

    console.error
      Warning: An update to ProfilePage inside a test was not wrapped in 
act(...).
      
      When testing, code that causes React state updates should be wrapped 
into act(...):
      
      act(() => {
        /* fire events that update state */
      });
      /* assert on the output */
      
      This ensures that you're testing the behavior the user would see in the 
browser. Learn more at https://reactjs.org/link/wrap-tests-with-act
          at ProfilePage 
(C:\Users\samhe\OneDrive\Desktop\Cleaned\frontend\src\profile\index.tsx:25:41)
          at basenameProp (C:\Users\samhe\OneDrive\Desktop\Cleaned\frontend\nod
e_modules\react-router\lib\components.tsx:421:13)
          at basename (C:\Users\samhe\OneDrive\Desktop\Cleaned\frontend\node_mo
dules\react-router\lib\components.tsx:225:3)

      118 |               className="border border-gray-300 rounded-md px-3 
py-2 text-sm focus:outline-none focus:ring-2 focus:ring-brand-500"
      119 |               value={name}
    > 120 |               onChange={e => setName(e.target.value)}
          |                              ^
      121 |             />
      122 |             {nameError && <p className="text-sm 
text-red-600">{nameError}</p>}
      123 |           </div>

      at printWarning 
(node_modules/react-dom/cjs/react-dom.development.js:86:30)
      at error (node_modules/react-dom/cjs/react-dom.development.js:60:7)
      at warnIfUpdatesNotWrappedWithActDEV 
(node_modules/react-dom/cjs/react-dom.development.js:27628:9)
      at scheduleUpdateOnFiber 
(node_modules/react-dom/cjs/react-dom.development.js:25547:5)
      at dispatchSetState 
(node_modules/react-dom/cjs/react-dom.development.js:16708:7)
      at onChange (src/profile/index.tsx:120:30)
      at HTMLUnknownElement.callCallback 
(node_modules/react-dom/cjs/react-dom.development.js:4164:14)
      at HTMLUnknownElement.callTheUserObjectsOperation 
(node_modules/jsdom/lib/jsdom/living/generated/EventListener.js:26:30)
      at innerInvokeEventListeners 
(node_modules/jsdom/lib/jsdom/living/events/EventTarget-impl.js:350:25)
      at invokeEventListeners 
(node_modules/jsdom/lib/jsdom/living/events/EventTarget-impl.js:286:3)
      at HTMLUnknownElementImpl._dispatch 
(node_modules/jsdom/lib/jsdom/living/events/EventTarget-impl.js:233:9)
      at HTMLUnknownElementImpl.dispatchEvent 
(node_modules/jsdom/lib/jsdom/living/events/EventTarget-impl.js:104:17)
      at HTMLUnknownElement.dispatchEvent 
(node_modules/jsdom/lib/jsdom/living/generated/EventTarget.js:241:34)
      at Object.invokeGuardedCallbackDev 
(node_modules/react-dom/cjs/react-dom.development.js:4213:16)
      at invokeGuardedCallback 
(node_modules/react-dom/cjs/react-dom.development.js:4277:31)
      at invokeGuardedCallbackAndCatchFirstError 
(node_modules/react-dom/cjs/react-dom.development.js:4291:25)
      at executeDispatch 
(node_modules/react-dom/cjs/react-dom.development.js:9041:3)
      at processDispatchQueueItemsInOrder 
(node_modules/react-dom/cjs/react-dom.development.js:9073:7)
      at processDispatchQueue 
(node_modules/react-dom/cjs/react-dom.development.js:9086:5)
      at dispatchEventsForPlugins 
(node_modules/react-dom/cjs/react-dom.development.js:9097:3)
      at node_modules/react-dom/cjs/react-dom.development.js:9288:12
      at batchedUpdates$1 
(node_modules/react-dom/cjs/react-dom.development.js:26179:12)
      at batchedUpdates 
(node_modules/react-dom/cjs/react-dom.development.js:3991:12)
      at dispatchEventForPluginEventSystem 
(node_modules/react-dom/cjs/react-dom.development.js:9287:3)
      at dispatchEventWithEnableCapturePhaseSelectiveHydrationWithoutDiscreteEv
entReplay (node_modules/react-dom/cjs/react-dom.development.js:6465:5)
      at dispatchEvent 
(node_modules/react-dom/cjs/react-dom.development.js:6457:5)
      at dispatchDiscreteEvent 
(node_modules/react-dom/cjs/react-dom.development.js:6430:5)
      at HTMLDivElement.callTheUserObjectsOperation 
(node_modules/jsdom/lib/jsdom/living/generated/EventListener.js:26:30)
      at innerInvokeEventListeners 
(node_modules/jsdom/lib/jsdom/living/events/EventTarget-impl.js:350:25)
      at invokeEventListeners 
(node_modules/jsdom/lib/jsdom/living/events/EventTarget-impl.js:286:3)
      at HTMLInputElementImpl._dispatch 
(node_modules/jsdom/lib/jsdom/living/events/EventTarget-impl.js:233:9)
      at HTMLInputElementImpl.dispatchEvent 
(node_modules/jsdom/lib/jsdom/living/events/EventTarget-impl.js:104:17)
      at HTMLInputElement.dispatchEvent 
(node_modules/jsdom/lib/jsdom/living/generated/EventTarget.js:241:34)
      at 
node_modules/@testing-library/user-event/dist/cjs/event/dispatchEvent.js:45:43
      at Object.eventWrapper 
(node_modules/@testing-library/dom/dist/config.js:25:23)
      at Object.wrapEvent 
(node_modules/@testing-library/user-event/dist/cjs/event/wrapEvent.js:6:28)
      at Object.dispatchEvent (node_modules/@testing-library/user-event/dist/cj
s/event/dispatchEvent.js:45:22)
      at Object.dispatchUIEvent (node_modules/@testing-library/user-event/dist/
cjs/event/dispatchEvent.js:22:26)
      at commitInput 
(node_modules/@testing-library/user-event/dist/cjs/event/input.js:145:14)
      at editInputElement 
(node_modules/@testing-library/user-event/dist/cjs/event/input.js:115:9)
      at Object.input 
(node_modules/@testing-library/user-event/dist/cjs/event/input.js:37:9)
      at node_modules/@testing-library/user-event/dist/cjs/event/behavior/keypr
ess.js:31:26
      at Object.dispatchEvent (node_modules/@testing-library/user-event/dist/cj
s/event/dispatchEvent.js:41:13)
      at Object.dispatchUIEvent (node_modules/@testing-library/user-event/dist/
cjs/event/dispatchEvent.js:22:26)
      at KeyboardHost.keydown 
(node_modules/@testing-library/user-event/dist/cjs/system/keyboard.js:76:22)
      at keyboardAction 
(node_modules/@testing-library/user-event/dist/cjs/keyboard/index.js:22:35)
      at Object.keyboard 
(node_modules/@testing-library/user-event/dist/cjs/keyboard/index.js:11:15)
      at Object.type 
(node_modules/@testing-library/user-event/dist/cjs/utility/type.js:17:5)
      at Object.<anonymous> (src/profile/profile.test.tsx:138:9)

    console.error
      Warning: An update to ProfilePage inside a test was not wrapped in 
act(...).
      
      When testing, code that causes React state updates should be wrapped 
into act(...):
      
      act(() => {
        /* fire events that update state */
      });
      /* assert on the output */
      
      This ensures that you're testing the behavior the user would see in the 
browser. Learn more at https://reactjs.org/link/wrap-tests-with-act
          at ProfilePage 
(C:\Users\samhe\OneDrive\Desktop\Cleaned\frontend\src\profile\index.tsx:25:41)
          at basenameProp (C:\Users\samhe\OneDrive\Desktop\Cleaned\frontend\nod
e_modules\react-router\lib\components.tsx:421:13)
          at basename (C:\Users\samhe\OneDrive\Desktop\Cleaned\frontend\node_mo
dules\react-router\lib\components.tsx:225:3)

      118 |               className="border border-gray-300 rounded-md px-3 
py-2 text-sm focus:outline-none focus:ring-2 focus:ring-brand-500"
      119 |               value={name}
    > 120 |               onChange={e => setName(e.target.value)}
          |                              ^
      121 |             />
      122 |             {nameError && <p className="text-sm 
text-red-600">{nameError}</p>}
      123 |           </div>

      at printWarning 
(node_modules/react-dom/cjs/react-dom.development.js:86:30)
      at error (node_modules/react-dom/cjs/react-dom.development.js:60:7)
      at warnIfUpdatesNotWrappedWithActDEV 
(node_modules/react-dom/cjs/react-dom.development.js:27628:9)
      at scheduleUpdateOnFiber 
(node_modules/react-dom/cjs/react-dom.development.js:25547:5)
      at dispatchSetState 
(node_modules/react-dom/cjs/react-dom.development.js:16708:7)
      at onChange (src/profile/index.tsx:120:30)
      at HTMLUnknownElement.callCallback 
(node_modules/react-dom/cjs/react-dom.development.js:4164:14)
      at HTMLUnknownElement.callTheUserObjectsOperation 
(node_modules/jsdom/lib/jsdom/living/generated/EventListener.js:26:30)
      at innerInvokeEventListeners 
(node_modules/jsdom/lib/jsdom/living/events/EventTarget-impl.js:350:25)
      at invokeEventListeners 
(node_modules/jsdom/lib/jsdom/living/events/EventTarget-impl.js:286:3)
      at HTMLUnknownElementImpl._dispatch 
(node_modules/jsdom/lib/jsdom/living/events/EventTarget-impl.js:233:9)
      at HTMLUnknownElementImpl.dispatchEvent 
(node_modules/jsdom/lib/jsdom/living/events/EventTarget-impl.js:104:17)
      at HTMLUnknownElement.dispatchEvent 
(node_modules/jsdom/lib/jsdom/living/generated/EventTarget.js:241:34)
      at Object.invokeGuardedCallbackDev 
(node_modules/react-dom/cjs/react-dom.development.js:4213:16)
      at invokeGuardedCallback 
(node_modules/react-dom/cjs/react-dom.development.js:4277:31)
      at invokeGuardedCallbackAndCatchFirstError 
(node_modules/react-dom/cjs/react-dom.development.js:4291:25)
      at executeDispatch 
(node_modules/react-dom/cjs/react-dom.development.js:9041:3)
      at processDispatchQueueItemsInOrder 
(node_modules/react-dom/cjs/react-dom.development.js:9073:7)
      at processDispatchQueue 
(node_modules/react-dom/cjs/react-dom.development.js:9086:5)
      at dispatchEventsForPlugins 
(node_modules/react-dom/cjs/react-dom.development.js:9097:3)
      at node_modules/react-dom/cjs/react-dom.development.js:9288:12
      at batchedUpdates$1 
(node_modules/react-dom/cjs/react-dom.development.js:26179:12)
      at batchedUpdates 
(node_modules/react-dom/cjs/react-dom.development.js:3991:12)
      at dispatchEventForPluginEventSystem 
(node_modules/react-dom/cjs/react-dom.development.js:9287:3)
      at dispatchEventWithEnableCapturePhaseSelectiveHydrationWithoutDiscreteEv
entReplay (node_modules/react-dom/cjs/react-dom.development.js:6465:5)
      at dispatchEvent 
(node_modules/react-dom/cjs/react-dom.development.js:6457:5)
      at dispatchDiscreteEvent 
(node_modules/react-dom/cjs/react-dom.development.js:6430:5)
      at HTMLDivElement.callTheUserObjectsOperation 
(node_modules/jsdom/lib/jsdom/living/generated/EventListener.js:26:30)
      at innerInvokeEventListeners 
(node_modules/jsdom/lib/jsdom/living/events/EventTarget-impl.js:350:25)
      at invokeEventListeners 
(node_modules/jsdom/lib/jsdom/living/events/EventTarget-impl.js:286:3)
      at HTMLInputElementImpl._dispatch 
(node_modules/jsdom/lib/jsdom/living/events/EventTarget-impl.js:233:9)
      at HTMLInputElementImpl.dispatchEvent 
(node_modules/jsdom/lib/jsdom/living/events/EventTarget-impl.js:104:17)
      at HTMLInputElement.dispatchEvent 
(node_modules/jsdom/lib/jsdom/living/generated/EventTarget.js:241:34)
      at 
node_modules/@testing-library/user-event/dist/cjs/event/dispatchEvent.js:45:43
      at Object.eventWrapper 
(node_modules/@testing-library/dom/dist/config.js:25:23)
      at Object.wrapEvent 
(node_modules/@testing-library/user-event/dist/cjs/event/wrapEvent.js:6:28)
      at Object.dispatchEvent (node_modules/@testing-library/user-event/dist/cj
s/event/dispatchEvent.js:45:22)
      at Object.dispatchUIEvent (node_modules/@testing-library/user-event/dist/
cjs/event/dispatchEvent.js:22:26)
      at commitInput 
(node_modules/@testing-library/user-event/dist/cjs/event/input.js:145:14)
      at editInputElement 
(node_modules/@testing-library/user-event/dist/cjs/event/input.js:115:9)
      at Object.input 
(node_modules/@testing-library/user-event/dist/cjs/event/input.js:37:9)
      at node_modules/@testing-library/user-event/dist/cjs/event/behavior/keypr
ess.js:31:26
      at Object.dispatchEvent (node_modules/@testing-library/user-event/dist/cj
s/event/dispatchEvent.js:41:13)
      at Object.dispatchUIEvent (node_modules/@testing-library/user-event/dist/
cjs/event/dispatchEvent.js:22:26)
      at KeyboardHost.keydown 
(node_modules/@testing-library/user-event/dist/cjs/system/keyboard.js:76:22)
      at keyboardAction 
(node_modules/@testing-library/user-event/dist/cjs/keyboard/index.js:22:35)
      at Object.keyboard 
(node_modules/@testing-library/user-event/dist/cjs/keyboard/index.js:11:15)
      at Object.type 
(node_modules/@testing-library/user-event/dist/cjs/utility/type.js:17:5)
      at Object.<anonymous> (src/profile/profile.test.tsx:138:9)

    console.error
      Warning: An update to ProfilePage inside a test was not wrapped in 
act(...).
      
      When testing, code that causes React state updates should be wrapped 
into act(...):
      
      act(() => {
        /* fire events that update state */
      });
      /* assert on the output */
      
      This ensures that you're testing the behavior the user would see in the 
browser. Learn more at https://reactjs.org/link/wrap-tests-with-act
          at ProfilePage 
(C:\Users\samhe\OneDrive\Desktop\Cleaned\frontend\src\profile\index.tsx:25:41)
          at basenameProp (C:\Users\samhe\OneDrive\Desktop\Cleaned\frontend\nod
e_modules\react-router\lib\components.tsx:421:13)
          at basename (C:\Users\samhe\OneDrive\Desktop\Cleaned\frontend\node_mo
dules\react-router\lib\components.tsx:225:3)

      118 |               className="border border-gray-300 rounded-md px-3 
py-2 text-sm focus:outline-none focus:ring-2 focus:ring-brand-500"
      119 |               value={name}
    > 120 |               onChange={e => setName(e.target.value)}
          |                              ^
      121 |             />
      122 |             {nameError && <p className="text-sm 
text-red-600">{nameError}</p>}
      123 |           </div>

      at printWarning 
(node_modules/react-dom/cjs/react-dom.development.js:86:30)
      at error (node_modules/react-dom/cjs/react-dom.development.js:60:7)
      at warnIfUpdatesNotWrappedWithActDEV 
(node_modules/react-dom/cjs/react-dom.development.js:27628:9)
      at scheduleUpdateOnFiber 
(node_modules/react-dom/cjs/react-dom.development.js:25547:5)
      at dispatchSetState 
(node_modules/react-dom/cjs/react-dom.development.js:16708:7)
      at onChange (src/profile/index.tsx:120:30)
      at HTMLUnknownElement.callCallback 
(node_modules/react-dom/cjs/react-dom.development.js:4164:14)
      at HTMLUnknownElement.callTheUserObjectsOperation 
(node_modules/jsdom/lib/jsdom/living/generated/EventListener.js:26:30)
      at innerInvokeEventListeners 
(node_modules/jsdom/lib/jsdom/living/events/EventTarget-impl.js:350:25)
      at invokeEventListeners 
(node_modules/jsdom/lib/jsdom/living/events/EventTarget-impl.js:286:3)
      at HTMLUnknownElementImpl._dispatch 
(node_modules/jsdom/lib/jsdom/living/events/EventTarget-impl.js:233:9)
      at HTMLUnknownElementImpl.dispatchEvent 
(node_modules/jsdom/lib/jsdom/living/events/EventTarget-impl.js:104:17)
      at HTMLUnknownElement.dispatchEvent 
(node_modules/jsdom/lib/jsdom/living/generated/EventTarget.js:241:34)
      at Object.invokeGuardedCallbackDev 
(node_modules/react-dom/cjs/react-dom.development.js:4213:16)
      at invokeGuardedCallback 
(node_modules/react-dom/cjs/react-dom.development.js:4277:31)
      at invokeGuardedCallbackAndCatchFirstError 
(node_modules/react-dom/cjs/react-dom.development.js:4291:25)
      at executeDispatch 
(node_modules/react-dom/cjs/react-dom.development.js:9041:3)
      at processDispatchQueueItemsInOrder 
(node_modules/react-dom/cjs/react-dom.development.js:9073:7)
      at processDispatchQueue 
(node_modules/react-dom/cjs/react-dom.development.js:9086:5)
      at dispatchEventsForPlugins 
(node_modules/react-dom/cjs/react-dom.development.js:9097:3)
      at node_modules/react-dom/cjs/react-dom.development.js:9288:12
      at batchedUpdates$1 
(node_modules/react-dom/cjs/react-dom.development.js:26179:12)
      at batchedUpdates 
(node_modules/react-dom/cjs/react-dom.development.js:3991:12)
      at dispatchEventForPluginEventSystem 
(node_modules/react-dom/cjs/react-dom.development.js:9287:3)
      at dispatchEventWithEnableCapturePhaseSelectiveHydrationWithoutDiscreteEv
entReplay (node_modules/react-dom/cjs/react-dom.development.js:6465:5)
      at dispatchEvent 
(node_modules/react-dom/cjs/react-dom.development.js:6457:5)
      at dispatchDiscreteEvent 
(node_modules/react-dom/cjs/react-dom.development.js:6430:5)
      at HTMLDivElement.callTheUserObjectsOperation 
(node_modules/jsdom/lib/jsdom/living/generated/EventListener.js:26:30)
      at innerInvokeEventListeners 
(node_modules/jsdom/lib/jsdom/living/events/EventTarget-impl.js:350:25)
      at invokeEventListeners 
(node_modules/jsdom/lib/jsdom/living/events/EventTarget-impl.js:286:3)
      at HTMLInputElementImpl._dispatch 
(node_modules/jsdom/lib/jsdom/living/events/EventTarget-impl.js:233:9)
      at HTMLInputElementImpl.dispatchEvent 
(node_modules/jsdom/lib/jsdom/living/events/EventTarget-impl.js:104:17)
      at HTMLInputElement.dispatchEvent 
(node_modules/jsdom/lib/jsdom/living/generated/EventTarget.js:241:34)
      at 
node_modules/@testing-library/user-event/dist/cjs/event/dispatchEvent.js:45:43
      at Object.eventWrapper 
(node_modules/@testing-library/dom/dist/config.js:25:23)
      at Object.wrapEvent 
(node_modules/@testing-library/user-event/dist/cjs/event/wrapEvent.js:6:28)
      at Object.dispatchEvent (node_modules/@testing-library/user-event/dist/cj
s/event/dispatchEvent.js:45:22)
      at Object.dispatchUIEvent (node_modules/@testing-library/user-event/dist/
cjs/event/dispatchEvent.js:22:26)
      at commitInput 
(node_modules/@testing-library/user-event/dist/cjs/event/input.js:145:14)
      at editInputElement 
(node_modules/@testing-library/user-event/dist/cjs/event/input.js:115:9)
      at Object.input 
(node_modules/@testing-library/user-event/dist/cjs/event/input.js:37:9)
      at node_modules/@testing-library/user-event/dist/cjs/event/behavior/keypr
ess.js:31:26
      at Object.dispatchEvent (node_modules/@testing-library/user-event/dist/cj
s/event/dispatchEvent.js:41:13)
      at Object.dispatchUIEvent (node_modules/@testing-library/user-event/dist/
cjs/event/dispatchEvent.js:22:26)
      at KeyboardHost.keydown 
(node_modules/@testing-library/user-event/dist/cjs/system/keyboard.js:76:22)
      at keyboardAction 
(node_modules/@testing-library/user-event/dist/cjs/keyboard/index.js:22:35)
      at Object.keyboard 
(node_modules/@testing-library/user-event/dist/cjs/keyboard/index.js:11:15)
      at Object.type 
(node_modules/@testing-library/user-event/dist/cjs/utility/type.js:17:5)
      at Object.<anonymous> (src/profile/profile.test.tsx:138:9)

    console.error
      Warning: An update to ProfilePage inside a test was not wrapped in 
act(...).
      
      When testing, code that causes React state updates should be wrapped 
into act(...):
      
      act(() => {
        /* fire events that update state */
      });
      /* assert on the output */
      
      This ensures that you're testing the behavior the user would see in the 
browser. Learn more at https://reactjs.org/link/wrap-tests-with-act
          at ProfilePage 
(C:\Users\samhe\OneDrive\Desktop\Cleaned\frontend\src\profile\index.tsx:25:41)
          at basenameProp (C:\Users\samhe\OneDrive\Desktop\Cleaned\frontend\nod
e_modules\react-router\lib\components.tsx:421:13)
          at basename (C:\Users\samhe\OneDrive\Desktop\Cleaned\frontend\node_mo
dules\react-router\lib\components.tsx:225:3)

      118 |               className="border border-gray-300 rounded-md px-3 
py-2 text-sm focus:outline-none focus:ring-2 focus:ring-brand-500"
      119 |               value={name}
    > 120 |               onChange={e => setName(e.target.value)}
          |                              ^
      121 |             />
      122 |             {nameError && <p className="text-sm 
text-red-600">{nameError}</p>}
      123 |           </div>

      at printWarning 
(node_modules/react-dom/cjs/react-dom.development.js:86:30)
      at error (node_modules/react-dom/cjs/react-dom.development.js:60:7)
      at warnIfUpdatesNotWrappedWithActDEV 
(node_modules/react-dom/cjs/react-dom.development.js:27628:9)
      at scheduleUpdateOnFiber 
(node_modules/react-dom/cjs/react-dom.development.js:25547:5)
      at dispatchSetState 
(node_modules/react-dom/cjs/react-dom.development.js:16708:7)
      at onChange (src/profile/index.tsx:120:30)
      at HTMLUnknownElement.callCallback 
(node_modules/react-dom/cjs/react-dom.development.js:4164:14)
      at HTMLUnknownElement.callTheUserObjectsOperation 
(node_modules/jsdom/lib/jsdom/living/generated/EventListener.js:26:30)
      at innerInvokeEventListeners 
(node_modules/jsdom/lib/jsdom/living/events/EventTarget-impl.js:350:25)
      at invokeEventListeners 
(node_modules/jsdom/lib/jsdom/living/events/EventTarget-impl.js:286:3)
      at HTMLUnknownElementImpl._dispatch 
(node_modules/jsdom/lib/jsdom/living/events/EventTarget-impl.js:233:9)
      at HTMLUnknownElementImpl.dispatchEvent 
(node_modules/jsdom/lib/jsdom/living/events/EventTarget-impl.js:104:17)
      at HTMLUnknownElement.dispatchEvent 
(node_modules/jsdom/lib/jsdom/living/generated/EventTarget.js:241:34)
      at Object.invokeGuardedCallbackDev 
(node_modules/react-dom/cjs/react-dom.development.js:4213:16)
      at invokeGuardedCallback 
(node_modules/react-dom/cjs/react-dom.development.js:4277:31)
      at invokeGuardedCallbackAndCatchFirstError 
(node_modules/react-dom/cjs/react-dom.development.js:4291:25)
      at executeDispatch 
(node_modules/react-dom/cjs/react-dom.development.js:9041:3)
      at processDispatchQueueItemsInOrder 
(node_modules/react-dom/cjs/react-dom.development.js:9073:7)
      at processDispatchQueue 
(node_modules/react-dom/cjs/react-dom.development.js:9086:5)
      at dispatchEventsForPlugins 
(node_modules/react-dom/cjs/react-dom.development.js:9097:3)
      at node_modules/react-dom/cjs/react-dom.development.js:9288:12
      at batchedUpdates$1 
(node_modules/react-dom/cjs/react-dom.development.js:26179:12)
      at batchedUpdates 
(node_modules/react-dom/cjs/react-dom.development.js:3991:12)
      at dispatchEventForPluginEventSystem 
(node_modules/react-dom/cjs/react-dom.development.js:9287:3)
      at dispatchEventWithEnableCapturePhaseSelectiveHydrationWithoutDiscreteEv
entReplay (node_modules/react-dom/cjs/react-dom.development.js:6465:5)
      at dispatchEvent 
(node_modules/react-dom/cjs/react-dom.development.js:6457:5)
      at dispatchDiscreteEvent 
(node_modules/react-dom/cjs/react-dom.development.js:6430:5)
      at HTMLDivElement.callTheUserObjectsOperation 
(node_modules/jsdom/lib/jsdom/living/generated/EventListener.js:26:30)
      at innerInvokeEventListeners 
(node_modules/jsdom/lib/jsdom/living/events/EventTarget-impl.js:350:25)
      at invokeEventListeners 
(node_modules/jsdom/lib/jsdom/living/events/EventTarget-impl.js:286:3)
      at HTMLInputElementImpl._dispatch 
(node_modules/jsdom/lib/jsdom/living/events/EventTarget-impl.js:233:9)
      at HTMLInputElementImpl.dispatchEvent 
(node_modules/jsdom/lib/jsdom/living/events/EventTarget-impl.js:104:17)
      at HTMLInputElement.dispatchEvent 
(node_modules/jsdom/lib/jsdom/living/generated/EventTarget.js:241:34)
      at 
node_modules/@testing-library/user-event/dist/cjs/event/dispatchEvent.js:45:43
      at Object.eventWrapper 
(node_modules/@testing-library/dom/dist/config.js:25:23)
      at Object.wrapEvent 
(node_modules/@testing-library/user-event/dist/cjs/event/wrapEvent.js:6:28)
      at Object.dispatchEvent (node_modules/@testing-library/user-event/dist/cj
s/event/dispatchEvent.js:45:22)
      at Object.dispatchUIEvent (node_modules/@testing-library/user-event/dist/
cjs/event/dispatchEvent.js:22:26)
      at commitInput 
(node_modules/@testing-library/user-event/dist/cjs/event/input.js:145:14)
      at editInputElement 
(node_modules/@testing-library/user-event/dist/cjs/event/input.js:115:9)
      at Object.input 
(node_modules/@testing-library/user-event/dist/cjs/event/input.js:37:9)
      at node_modules/@testing-library/user-event/dist/cjs/event/behavior/keypr
ess.js:31:26
      at Object.dispatchEvent (node_modules/@testing-library/user-event/dist/cj
s/event/dispatchEvent.js:41:13)
      at Object.dispatchUIEvent (node_modules/@testing-library/user-event/dist/
cjs/event/dispatchEvent.js:22:26)
      at KeyboardHost.keydown 
(node_modules/@testing-library/user-event/dist/cjs/system/keyboard.js:76:22)
      at keyboardAction 
(node_modules/@testing-library/user-event/dist/cjs/keyboard/index.js:22:35)
      at Object.keyboard 
(node_modules/@testing-library/user-event/dist/cjs/keyboard/index.js:11:15)
      at Object.type 
(node_modules/@testing-library/user-event/dist/cjs/utility/type.js:17:5)
      at Object.<anonymous> (src/profile/profile.test.tsx:138:9)

    console.error
      Warning: An update to ProfilePage inside a test was not wrapped in 
act(...).
      
      When testing, code that causes React state updates should be wrapped 
into act(...):
      
      act(() => {
        /* fire events that update state */
      });
      /* assert on the output */
      
      This ensures that you're testing the behavior the user would see in the 
browser. Learn more at https://reactjs.org/link/wrap-tests-with-act
          at ProfilePage 
(C:\Users\samhe\OneDrive\Desktop\Cleaned\frontend\src\profile\index.tsx:25:41)
          at basenameProp (C:\Users\samhe\OneDrive\Desktop\Cleaned\frontend\nod
e_modules\react-router\lib\components.tsx:421:13)
          at basename (C:\Users\samhe\OneDrive\Desktop\Cleaned\frontend\node_mo
dules\react-router\lib\components.tsx:225:3)

      68 |       return
      69 |     }
    > 70 |     setNameError('')
         |     ^
      71 |
      72 |     await apiClient.put('/api/auth/profile', { name: name.trim() })
      73 |     addNotification('Profile updated successfully', 'success')

      at printWarning 
(node_modules/react-dom/cjs/react-dom.development.js:86:30)
      at error (node_modules/react-dom/cjs/react-dom.development.js:60:7)
      at warnIfUpdatesNotWrappedWithActDEV 
(node_modules/react-dom/cjs/react-dom.development.js:27628:9)
      at scheduleUpdateOnFiber 
(node_modules/react-dom/cjs/react-dom.development.js:25547:5)
      at dispatchSetState 
(node_modules/react-dom/cjs/react-dom.development.js:16708:7)
      at handleSaveProfile (src/profile/index.tsx:70:5)
      at HTMLUnknownElement.callCallback 
(node_modules/react-dom/cjs/react-dom.development.js:4164:14)
      at HTMLUnknownElement.callTheUserObjectsOperation 
(node_modules/jsdom/lib/jsdom/living/generated/EventListener.js:26:30)
      at innerInvokeEventListeners 
(node_modules/jsdom/lib/jsdom/living/events/EventTarget-impl.js:350:25)
      at invokeEventListeners 
(node_modules/jsdom/lib/jsdom/living/events/EventTarget-impl.js:286:3)
      at HTMLUnknownElementImpl._dispatch 
(node_modules/jsdom/lib/jsdom/living/events/EventTarget-impl.js:233:9)
      at HTMLUnknownElementImpl.dispatchEvent 
(node_modules/jsdom/lib/jsdom/living/events/EventTarget-impl.js:104:17)
      at HTMLUnknownElement.dispatchEvent 
(node_modules/jsdom/lib/jsdom/living/generated/EventTarget.js:241:34)
      at Object.invokeGuardedCallbackDev 
(node_modules/react-dom/cjs/react-dom.development.js:4213:16)
      at invokeGuardedCallback 
(node_modules/react-dom/cjs/react-dom.development.js:4277:31)
      at invokeGuardedCallbackAndCatchFirstError 
(node_modules/react-dom/cjs/react-dom.development.js:4291:25)
      at executeDispatch 
(node_modules/react-dom/cjs/react-dom.development.js:9041:3)
      at processDispatchQueueItemsInOrder 
(node_modules/react-dom/cjs/react-dom.development.js:9073:7)
      at processDispatchQueue 
(node_modules/react-dom/cjs/react-dom.development.js:9086:5)
      at dispatchEventsForPlugins 
(node_modules/react-dom/cjs/react-dom.development.js:9097:3)
      at node_modules/react-dom/cjs/react-dom.development.js:9288:12
      at batchedUpdates$1 
(node_modules/react-dom/cjs/react-dom.development.js:26179:12)
      at batchedUpdates 
(node_modules/react-dom/cjs/react-dom.development.js:3991:12)
      at dispatchEventForPluginEventSystem 
(node_modules/react-dom/cjs/react-dom.development.js:9287:3)
      at dispatchEventWithEnableCapturePhaseSelectiveHydrationWithoutDiscreteEv
entReplay (node_modules/react-dom/cjs/react-dom.development.js:6465:5)
      at dispatchEvent 
(node_modules/react-dom/cjs/react-dom.development.js:6457:5)
      at dispatchDiscreteEvent 
(node_modules/react-dom/cjs/react-dom.development.js:6430:5)
      at HTMLDivElement.callTheUserObjectsOperation 
(node_modules/jsdom/lib/jsdom/living/generated/EventListener.js:26:30)
      at innerInvokeEventListeners 
(node_modules/jsdom/lib/jsdom/living/events/EventTarget-impl.js:350:25)
      at invokeEventListeners 
(node_modules/jsdom/lib/jsdom/living/events/EventTarget-impl.js:286:3)
      at HTMLButtonElementImpl._dispatch 
(node_modules/jsdom/lib/jsdom/living/events/EventTarget-impl.js:233:9)
      at HTMLButtonElementImpl.dispatchEvent 
(node_modules/jsdom/lib/jsdom/living/events/EventTarget-impl.js:104:17)
      at HTMLButtonElement.dispatchEvent 
(node_modules/jsdom/lib/jsdom/living/generated/EventTarget.js:241:34)
      at 
node_modules/@testing-library/user-event/dist/cjs/event/dispatchEvent.js:45:43
      at Object.eventWrapper 
(node_modules/@testing-library/dom/dist/config.js:25:23)
      at Object.wrapEvent 
(node_modules/@testing-library/user-event/dist/cjs/event/wrapEvent.js:6:28)
      at Object.dispatchEvent (node_modules/@testing-library/user-event/dist/cj
s/event/dispatchEvent.js:45:22)
      at Object.dispatchUIEvent (node_modules/@testing-library/user-event/dist/
cjs/event/dispatchEvent.js:22:26)
      at Mouse.up (node_modules/@testing-library/user-event/dist/cjs/system/poi
nter/mouse.js:100:30)
      at PointerHost.release (node_modules/@testing-library/user-event/dist/cjs
/system/pointer/index.js:87:24)
      at pointerAction 
(node_modules/@testing-library/user-event/dist/cjs/pointer/index.js:54:47)
      at Object.pointer 
(node_modules/@testing-library/user-event/dist/cjs/pointer/index.js:27:9)
      at Object.<anonymous> (src/profile/profile.test.tsx:141:9)

    console.error
      Warning: An update to ProfilePage inside a test was not wrapped in 
act(...).
      
      When testing, code that causes React state updates should be wrapped 
into act(...):
      
      act(() => {
        /* fire events that update state */
      });
      /* assert on the output */
      
      This ensures that you're testing the behavior the user would see in the 
browser. Learn more at https://reactjs.org/link/wrap-tests-with-act
          at ProfilePage 
(C:\Users\samhe\OneDrive\Desktop\Cleaned\frontend\src\profile\index.tsx:25:41)
          at basenameProp (C:\Users\samhe\OneDrive\Desktop\Cleaned\frontend\nod
e_modules\react-router\lib\components.tsx:421:13)
          at basename (C:\Users\samhe\OneDrive\Desktop\Cleaned\frontend\node_mo
dules\react-router\lib\components.tsx:225:3)

      68 |       return
      69 |     }
    > 70 |     setNameError('')
         |     ^
      71 |
      72 |     await apiClient.put('/api/auth/profile', { name: name.trim() })
      73 |     addNotification('Profile updated successfully', 'success')

      at printWarning 
(node_modules/react-dom/cjs/react-dom.development.js:86:30)
      at error (node_modules/react-dom/cjs/react-dom.development.js:60:7)
      at warnIfUpdatesNotWrappedWithActDEV 
(node_modules/react-dom/cjs/react-dom.development.js:27628:9)
      at scheduleUpdateOnFiber 
(node_modules/react-dom/cjs/react-dom.development.js:25547:5)
      at dispatchSetState 
(node_modules/react-dom/cjs/react-dom.development.js:16708:7)
      at handleSaveProfile (src/profile/index.tsx:70:5)
      at HTMLUnknownElement.callCallback 
(node_modules/react-dom/cjs/react-dom.development.js:4164:14)
      at HTMLUnknownElement.callTheUserObjectsOperation 
(node_modules/jsdom/lib/jsdom/living/generated/EventListener.js:26:30)
      at innerInvokeEventListeners 
(node_modules/jsdom/lib/jsdom/living/events/EventTarget-impl.js:350:25)
      at invokeEventListeners 
(node_modules/jsdom/lib/jsdom/living/events/EventTarget-impl.js:286:3)
      at HTMLUnknownElementImpl._dispatch 
(node_modules/jsdom/lib/jsdom/living/events/EventTarget-impl.js:233:9)
      at HTMLUnknownElementImpl.dispatchEvent 
(node_modules/jsdom/lib/jsdom/living/events/EventTarget-impl.js:104:17)
      at HTMLUnknownElement.dispatchEvent 
(node_modules/jsdom/lib/jsdom/living/generated/EventTarget.js:241:34)
      at Object.invokeGuardedCallbackDev 
(node_modules/react-dom/cjs/react-dom.development.js:4213:16)
      at invokeGuardedCallback 
(node_modules/react-dom/cjs/react-dom.development.js:4277:31)
      at invokeGuardedCallbackAndCatchFirstError 
(node_modules/react-dom/cjs/react-dom.development.js:4291:25)
      at executeDispatch 
(node_modules/react-dom/cjs/react-dom.development.js:9041:3)
      at processDispatchQueueItemsInOrder 
(node_modules/react-dom/cjs/react-dom.development.js:9073:7)
      at processDispatchQueue 
(node_modules/react-dom/cjs/react-dom.development.js:9086:5)
      at dispatchEventsForPlugins 
(node_modules/react-dom/cjs/react-dom.development.js:9097:3)
      at node_modules/react-dom/cjs/react-dom.development.js:9288:12
      at batchedUpdates$1 
(node_modules/react-dom/cjs/react-dom.development.js:26179:12)
      at batchedUpdates 
(node_modules/react-dom/cjs/react-dom.development.js:3991:12)
      at dispatchEventForPluginEventSystem 
(node_modules/react-dom/cjs/react-dom.development.js:9287:3)
      at dispatchEventWithEnableCapturePhaseSelectiveHydrationWithoutDiscreteEv
entReplay (node_modules/react-dom/cjs/react-dom.development.js:6465:5)
      at dispatchEvent 
(node_modules/react-dom/cjs/react-dom.development.js:6457:5)
      at dispatchDiscreteEvent 
(node_modules/react-dom/cjs/react-dom.development.js:6430:5)
      at HTMLDivElement.callTheUserObjectsOperation 
(node_modules/jsdom/lib/jsdom/living/generated/EventListener.js:26:30)
      at innerInvokeEventListeners 
(node_modules/jsdom/lib/jsdom/living/events/EventTarget-impl.js:350:25)
      at invokeEventListeners 
(node_modules/jsdom/lib/jsdom/living/events/EventTarget-impl.js:286:3)
      at HTMLButtonElementImpl._dispatch 
(node_modules/jsdom/lib/jsdom/living/events/EventTarget-impl.js:233:9)
      at HTMLButtonElementImpl.dispatchEvent 
(node_modules/jsdom/lib/jsdom/living/events/EventTarget-impl.js:104:17)
      at HTMLButtonElement.dispatchEvent 
(node_modules/jsdom/lib/jsdom/living/generated/EventTarget.js:241:34)
      at 
node_modules/@testing-library/user-event/dist/cjs/event/dispatchEvent.js:45:43
      at Object.eventWrapper 
(node_modules/@testing-library/dom/dist/config.js:25:23)
      at Object.wrapEvent 
(node_modules/@testing-library/user-event/dist/cjs/event/wrapEvent.js:6:28)
      at Object.dispatchEvent (node_modules/@testing-library/user-event/dist/cj
s/event/dispatchEvent.js:45:22)
      at Object.dispatchUIEvent (node_modules/@testing-library/user-event/dist/
cjs/event/dispatchEvent.js:22:26)
      at Mouse.up (node_modules/@testing-library/user-event/dist/cjs/system/poi
nter/mouse.js:100:30)
      at PointerHost.release (node_modules/@testing-library/user-event/dist/cjs
/system/pointer/index.js:87:24)
      at pointerAction 
(node_modules/@testing-library/user-event/dist/cjs/pointer/index.js:54:47)
      at Object.pointer 
(node_modules/@testing-library/user-event/dist/cjs/pointer/index.js:27:9)
      at Object.<anonymous> (src/profile/profile.test.tsx:156:9)

    console.error
      Warning: An update to ProfilePage inside a test was not wrapped in 
act(...).
      
      When testing, code that causes React state updates should be wrapped 
into act(...):
      
      act(() => {
        /* fire events that update state */
      });
      /* assert on the output */
      
      This ensures that you're testing the behavior the user would see in the 
browser. Learn more at https://reactjs.org/link/wrap-tests-with-act
          at ProfilePage 
(C:\Users\samhe\OneDrive\Desktop\Cleaned\frontend\src\profile\index.tsx:25:41)
          at basenameProp (C:\Users\samhe\OneDrive\Desktop\Cleaned\frontend\nod
e_modules\react-router\lib\components.tsx:421:13)
          at basename (C:\Users\samhe\OneDrive\Desktop\Cleaned\frontend\node_mo
dules\react-router\lib\components.tsx:225:3)

      118 |               className="border border-gray-300 rounded-md px-3 
py-2 text-sm focus:outline-none focus:ring-2 focus:ring-brand-500"
      119 |               value={name}
    > 120 |               onChange={e => setName(e.target.value)}
          |                              ^
      121 |             />
      122 |             {nameError && <p className="text-sm 
text-red-600">{nameError}</p>}
      123 |           </div>

      at printWarning 
(node_modules/react-dom/cjs/react-dom.development.js:86:30)
      at error (node_modules/react-dom/cjs/react-dom.development.js:60:7)
      at warnIfUpdatesNotWrappedWithActDEV 
(node_modules/react-dom/cjs/react-dom.development.js:27628:9)
      at scheduleUpdateOnFiber 
(node_modules/react-dom/cjs/react-dom.development.js:25547:5)
      at dispatchSetState 
(node_modules/react-dom/cjs/react-dom.development.js:16708:7)
      at onChange (src/profile/index.tsx:120:30)
      at HTMLUnknownElement.callCallback 
(node_modules/react-dom/cjs/react-dom.development.js:4164:14)
      at HTMLUnknownElement.callTheUserObjectsOperation 
(node_modules/jsdom/lib/jsdom/living/generated/EventListener.js:26:30)
      at innerInvokeEventListeners 
(node_modules/jsdom/lib/jsdom/living/events/EventTarget-impl.js:350:25)
      at invokeEventListeners 
(node_modules/jsdom/lib/jsdom/living/events/EventTarget-impl.js:286:3)
      at HTMLUnknownElementImpl._dispatch 
(node_modules/jsdom/lib/jsdom/living/events/EventTarget-impl.js:233:9)
      at HTMLUnknownElementImpl.dispatchEvent 
(node_modules/jsdom/lib/jsdom/living/events/EventTarget-impl.js:104:17)
      at HTMLUnknownElement.dispatchEvent 
(node_modules/jsdom/lib/jsdom/living/generated/EventTarget.js:241:34)
      at Object.invokeGuardedCallbackDev 
(node_modules/react-dom/cjs/react-dom.development.js:4213:16)
      at invokeGuardedCallback 
(node_modules/react-dom/cjs/react-dom.development.js:4277:31)
      at invokeGuardedCallbackAndCatchFirstError 
(node_modules/react-dom/cjs/react-dom.development.js:4291:25)
      at executeDispatch 
(node_modules/react-dom/cjs/react-dom.development.js:9041:3)
      at processDispatchQueueItemsInOrder 
(node_modules/react-dom/cjs/react-dom.development.js:9073:7)
      at processDispatchQueue 
(node_modules/react-dom/cjs/react-dom.development.js:9086:5)
      at dispatchEventsForPlugins 
(node_modules/react-dom/cjs/react-dom.development.js:9097:3)
      at node_modules/react-dom/cjs/react-dom.development.js:9288:12
      at batchedUpdates$1 
(node_modules/react-dom/cjs/react-dom.development.js:26179:12)
      at batchedUpdates 
(node_modules/react-dom/cjs/react-dom.development.js:3991:12)
      at dispatchEventForPluginEventSystem 
(node_modules/react-dom/cjs/react-dom.development.js:9287:3)
      at dispatchEventWithEnableCapturePhaseSelectiveHydrationWithoutDiscreteEv
entReplay (node_modules/react-dom/cjs/react-dom.development.js:6465:5)
      at dispatchEvent 
(node_modules/react-dom/cjs/react-dom.development.js:6457:5)
      at dispatchDiscreteEvent 
(node_modules/react-dom/cjs/react-dom.development.js:6430:5)
      at HTMLDivElement.callTheUserObjectsOperation 
(node_modules/jsdom/lib/jsdom/living/generated/EventListener.js:26:30)
      at innerInvokeEventListeners 
(node_modules/jsdom/lib/jsdom/living/events/EventTarget-impl.js:350:25)
      at invokeEventListeners 
(node_modules/jsdom/lib/jsdom/living/events/EventTarget-impl.js:286:3)
      at HTMLInputElementImpl._dispatch 
(node_modules/jsdom/lib/jsdom/living/events/EventTarget-impl.js:233:9)
      at HTMLInputElementImpl.dispatchEvent 
(node_modules/jsdom/lib/jsdom/living/events/EventTarget-impl.js:104:17)
      at HTMLInputElement.dispatchEvent 
(node_modules/jsdom/lib/jsdom/living/generated/EventTarget.js:241:34)
      at 
node_modules/@testing-library/user-event/dist/cjs/event/dispatchEvent.js:45:43
      at Object.eventWrapper 
(node_modules/@testing-library/dom/dist/config.js:25:23)
      at Object.wrapEvent 
(node_modules/@testing-library/user-event/dist/cjs/event/wrapEvent.js:6:28)
      at Object.dispatchEvent (node_modules/@testing-library/user-event/dist/cj
s/event/dispatchEvent.js:45:22)
      at Object.dispatchUIEvent (node_modules/@testing-library/user-event/dist/
cjs/event/dispatchEvent.js:22:26)
      at commitInput 
(node_modules/@testing-library/user-event/dist/cjs/event/input.js:145:14)
      at editInputElement 
(node_modules/@testing-library/user-event/dist/cjs/event/input.js:115:9)
      at Object.input 
(node_modules/@testing-library/user-event/dist/cjs/event/input.js:37:9)
      at Object.clear 
(node_modules/@testing-library/user-event/dist/cjs/utility/clear.js:29:11)
      at node_modules/@testing-library/user-event/dist/cjs/setup/setup.js:85:45
      at Object.asyncWrapper 
(node_modules/@testing-library/dom/dist/config.js:23:23)
      at Object.wrapAsync 
(node_modules/@testing-library/user-event/dist/cjs/setup/wrapAsync.js:8:28)
      at Object.method [as clear] 
(node_modules/@testing-library/user-event/dist/cjs/setup/setup.js:85:26)
      at Object.clear 
(node_modules/@testing-library/user-event/dist/cjs/setup/directApi.js:6:36)
      at Object.<anonymous> (src/profile/profile.test.tsx:173:25)

    console.error
      Warning: An update to ProfilePage inside a test was not wrapped in 
act(...).
      
      When testing, code that causes React state updates should be wrapped 
into act(...):
      
      act(() => {
        /* fire events that update state */
      });
      /* assert on the output */
      
      This ensures that you're testing the behavior the user would see in the 
browser. Learn more at https://reactjs.org/link/wrap-tests-with-act
          at ProfilePage 
(C:\Users\samhe\OneDrive\Desktop\Cleaned\frontend\src\profile\index.tsx:25:41)
          at basenameProp (C:\Users\samhe\OneDrive\Desktop\Cleaned\frontend\nod
e_modules\react-router\lib\components.tsx:421:13)
          at basename (C:\Users\samhe\OneDrive\Desktop\Cleaned\frontend\node_mo
dules\react-router\lib\components.tsx:225:3)

      61 |   async function handleSaveProfile() {
      62 |     if (!name.trim()) {
    > 63 |       setNameError('Name is required')
         |       ^
      64 |       return
      65 |     }
      66 |     if (name.trim().length > 100) {

      at printWarning 
(node_modules/react-dom/cjs/react-dom.development.js:86:30)
      at error (node_modules/react-dom/cjs/react-dom.development.js:60:7)
      at warnIfUpdatesNotWrappedWithActDEV 
(node_modules/react-dom/cjs/react-dom.development.js:27628:9)
      at scheduleUpdateOnFiber 
(node_modules/react-dom/cjs/react-dom.development.js:25547:5)
      at dispatchSetState 
(node_modules/react-dom/cjs/react-dom.development.js:16708:7)
      at handleSaveProfile (src/profile/index.tsx:63:7)
      at HTMLUnknownElement.callCallback 
(node_modules/react-dom/cjs/react-dom.development.js:4164:14)
      at HTMLUnknownElement.callTheUserObjectsOperation 
(node_modules/jsdom/lib/jsdom/living/generated/EventListener.js:26:30)
      at innerInvokeEventListeners 
(node_modules/jsdom/lib/jsdom/living/events/EventTarget-impl.js:350:25)
      at invokeEventListeners 
(node_modules/jsdom/lib/jsdom/living/events/EventTarget-impl.js:286:3)
      at HTMLUnknownElementImpl._dispatch 
(node_modules/jsdom/lib/jsdom/living/events/EventTarget-impl.js:233:9)
      at HTMLUnknownElementImpl.dispatchEvent 
(node_modules/jsdom/lib/jsdom/living/events/EventTarget-impl.js:104:17)
      at HTMLUnknownElement.dispatchEvent 
(node_modules/jsdom/lib/jsdom/living/generated/EventTarget.js:241:34)
      at Object.invokeGuardedCallbackDev 
(node_modules/react-dom/cjs/react-dom.development.js:4213:16)
      at invokeGuardedCallback 
(node_modules/react-dom/cjs/react-dom.development.js:4277:31)
      at invokeGuardedCallbackAndCatchFirstError 
(node_modules/react-dom/cjs/react-dom.development.js:4291:25)
      at executeDispatch 
(node_modules/react-dom/cjs/react-dom.development.js:9041:3)
      at processDispatchQueueItemsInOrder 
(node_modules/react-dom/cjs/react-dom.development.js:9073:7)
      at processDispatchQueue 
(node_modules/react-dom/cjs/react-dom.development.js:9086:5)
      at dispatchEventsForPlugins 
(node_modules/react-dom/cjs/react-dom.development.js:9097:3)
      at node_modules/react-dom/cjs/react-dom.development.js:9288:12
      at batchedUpdates$1 
(node_modules/react-dom/cjs/react-dom.development.js:26179:12)
      at batchedUpdates 
(node_modules/react-dom/cjs/react-dom.development.js:3991:12)
      at dispatchEventForPluginEventSystem 
(node_modules/react-dom/cjs/react-dom.development.js:9287:3)
      at dispatchEventWithEnableCapturePhaseSelectiveHydrationWithoutDiscreteEv
entReplay (node_modules/react-dom/cjs/react-dom.development.js:6465:5)
      at dispatchEvent 
(node_modules/react-dom/cjs/react-dom.development.js:6457:5)
      at dispatchDiscreteEvent 
(node_modules/react-dom/cjs/react-dom.development.js:6430:5)
      at HTMLDivElement.callTheUserObjectsOperation 
(node_modules/jsdom/lib/jsdom/living/generated/EventListener.js:26:30)
      at innerInvokeEventListeners 
(node_modules/jsdom/lib/jsdom/living/events/EventTarget-impl.js:350:25)
      at invokeEventListeners 
(node_modules/jsdom/lib/jsdom/living/events/EventTarget-impl.js:286:3)
      at HTMLButtonElementImpl._dispatch 
(node_modules/jsdom/lib/jsdom/living/events/EventTarget-impl.js:233:9)
      at HTMLButtonElementImpl.dispatchEvent 
(node_modules/jsdom/lib/jsdom/living/events/EventTarget-impl.js:104:17)
      at HTMLButtonElement.dispatchEvent 
(node_modules/jsdom/lib/jsdom/living/generated/EventTarget.js:241:34)
      at 
node_modules/@testing-library/user-event/dist/cjs/event/dispatchEvent.js:45:43
      at Object.eventWrapper 
(node_modules/@testing-library/dom/dist/config.js:25:23)
      at Object.wrapEvent 
(node_modules/@testing-library/user-event/dist/cjs/event/wrapEvent.js:6:28)
      at Object.dispatchEvent (node_modules/@testing-library/user-event/dist/cj
s/event/dispatchEvent.js:45:22)
      at Object.dispatchUIEvent (node_modules/@testing-library/user-event/dist/
cjs/event/dispatchEvent.js:22:26)
      at Mouse.up (node_modules/@testing-library/user-event/dist/cjs/system/poi
nter/mouse.js:100:30)
      at PointerHost.release (node_modules/@testing-library/user-event/dist/cjs
/system/pointer/index.js:87:24)
      at pointerAction 
(node_modules/@testing-library/user-event/dist/cjs/pointer/index.js:54:47)
      at Object.pointer 
(node_modules/@testing-library/user-event/dist/cjs/pointer/index.js:27:9)
      at Object.<anonymous> (src/profile/profile.test.tsx:176:9)

    console.error
      Warning: An update to ProfilePage inside a test was not wrapped in 
act(...).
      
      When testing, code that causes React state updates should be wrapped 
into act(...):
      
      act(() => {
        /* fire events that update state */
      });
      /* assert on the output */
      
      This ensures that you're testing the behavior the user would see in the 
browser. Learn more at https://reactjs.org/link/wrap-tests-with-act
          at ProfilePage 
(C:\Users\samhe\OneDrive\Desktop\Cleaned\frontend\src\profile\index.tsx:25:41)
          at basenameProp (C:\Users\samhe\OneDrive\Desktop\Cleaned\frontend\nod
e_modules\react-router\lib\components.tsx:421:13)
          at basename (C:\Users\samhe\OneDrive\Desktop\Cleaned\frontend\node_mo
dules\react-router\lib\components.tsx:225:3)

      167 |               className="border border-gray-300 rounded-md px-3 
py-2 text-sm"
      168 |               value={currentPassword}
    > 169 |               onChange={e => setCurrentPassword(e.target.value)}
          |                              ^
      170 |             />
      171 |           </div>
      172 |

      at printWarning 
(node_modules/react-dom/cjs/react-dom.development.js:86:30)
      at error (node_modules/react-dom/cjs/react-dom.development.js:60:7)
      at warnIfUpdatesNotWrappedWithActDEV 
(node_modules/react-dom/cjs/react-dom.development.js:27628:9)
      at scheduleUpdateOnFiber 
(node_modules/react-dom/cjs/react-dom.development.js:25547:5)
      at dispatchSetState 
(node_modules/react-dom/cjs/react-dom.development.js:16708:7)
      at onChange (src/profile/index.tsx:169:30)
      at HTMLUnknownElement.callCallback 
(node_modules/react-dom/cjs/react-dom.development.js:4164:14)
      at HTMLUnknownElement.callTheUserObjectsOperation 
(node_modules/jsdom/lib/jsdom/living/generated/EventListener.js:26:30)
      at innerInvokeEventListeners 
(node_modules/jsdom/lib/jsdom/living/events/EventTarget-impl.js:350:25)
      at invokeEventListeners 
(node_modules/jsdom/lib/jsdom/living/events/EventTarget-impl.js:286:3)
      at HTMLUnknownElementImpl._dispatch 
(node_modules/jsdom/lib/jsdom/living/events/EventTarget-impl.js:233:9)
      at HTMLUnknownElementImpl.dispatchEvent 
(node_modules/jsdom/lib/jsdom/living/events/EventTarget-impl.js:104:17)
      at HTMLUnknownElement.dispatchEvent 
(node_modules/jsdom/lib/jsdom/living/generated/EventTarget.js:241:34)
      at Object.invokeGuardedCallbackDev 
(node_modules/react-dom/cjs/react-dom.development.js:4213:16)
      at invokeGuardedCallback 
(node_modules/react-dom/cjs/react-dom.development.js:4277:31)
      at invokeGuardedCallbackAndCatchFirstError 
(node_modules/react-dom/cjs/react-dom.development.js:4291:25)
      at executeDispatch 
(node_modules/react-dom/cjs/react-dom.development.js:9041:3)
      at processDispatchQueueItemsInOrder 
(node_modules/react-dom/cjs/react-dom.development.js:9073:7)
      at processDispatchQueue 
(node_modules/react-dom/cjs/react-dom.development.js:9086:5)
      at dispatchEventsForPlugins 
(node_modules/react-dom/cjs/react-dom.development.js:9097:3)
      at node_modules/react-dom/cjs/react-dom.development.js:9288:12
      at batchedUpdates$1 
(node_modules/react-dom/cjs/react-dom.development.js:26179:12)
      at batchedUpdates 
(node_modules/react-dom/cjs/react-dom.development.js:3991:12)
      at dispatchEventForPluginEventSystem 
(node_modules/react-dom/cjs/react-dom.development.js:9287:3)
      at dispatchEventWithEnableCapturePhaseSelectiveHydrationWithoutDiscreteEv
entReplay (node_modules/react-dom/cjs/react-dom.development.js:6465:5)
      at dispatchEvent 
(node_modules/react-dom/cjs/react-dom.development.js:6457:5)
      at dispatchDiscreteEvent 
(node_modules/react-dom/cjs/react-dom.development.js:6430:5)
      at HTMLDivElement.callTheUserObjectsOperation 
(node_modules/jsdom/lib/jsdom/living/generated/EventListener.js:26:30)
      at innerInvokeEventListeners 
(node_modules/jsdom/lib/jsdom/living/events/EventTarget-impl.js:350:25)
      at invokeEventListeners 
(node_modules/jsdom/lib/jsdom/living/events/EventTarget-impl.js:286:3)
      at HTMLInputElementImpl._dispatch 
(node_modules/jsdom/lib/jsdom/living/events/EventTarget-impl.js:233:9)
      at HTMLInputElementImpl.dispatchEvent 
(node_modules/jsdom/lib/jsdom/living/events/EventTarget-impl.js:104:17)
      at HTMLInputElement.dispatchEvent 
(node_modules/jsdom/lib/jsdom/living/generated/EventTarget.js:241:34)
      at 
node_modules/@testing-library/user-event/dist/cjs/event/dispatchEvent.js:45:43
      at Object.eventWrapper 
(node_modules/@testing-library/dom/dist/config.js:25:23)
      at Object.wrapEvent 
(node_modules/@testing-library/user-event/dist/cjs/event/wrapEvent.js:6:28)
      at Object.dispatchEvent (node_modules/@testing-library/user-event/dist/cj
s/event/dispatchEvent.js:45:22)
      at Object.dispatchUIEvent (node_modules/@testing-library/user-event/dist/
cjs/event/dispatchEvent.js:22:26)
      at commitInput 
(node_modules/@testing-library/user-event/dist/cjs/event/input.js:145:14)
      at editInputElement 
(node_modules/@testing-library/user-event/dist/cjs/event/input.js:115:9)
      at Object.input 
(node_modules/@testing-library/user-event/dist/cjs/event/input.js:37:9)
      at node_modules/@testing-library/user-event/dist/cjs/event/behavior/keypr
ess.js:31:26
      at Object.dispatchEvent (node_modules/@testing-library/user-event/dist/cj
s/event/dispatchEvent.js:41:13)
      at Object.dispatchUIEvent (node_modules/@testing-library/user-event/dist/
cjs/event/dispatchEvent.js:22:26)
      at KeyboardHost.keydown 
(node_modules/@testing-library/user-event/dist/cjs/system/keyboard.js:76:22)
      at keyboardAction 
(node_modules/@testing-library/user-event/dist/cjs/keyboard/index.js:22:35)
      at Object.keyboard 
(node_modules/@testing-library/user-event/dist/cjs/keyboard/index.js:11:15)
      at Object.type 
(node_modules/@testing-library/user-event/dist/cjs/utility/type.js:17:5)
      at Object.<anonymous> (src/profile/profile.test.tsx:192:9)

    console.error
      Warning: An update to ProfilePage inside a test was not wrapped in 
act(...).
      
      When testing, code that causes React state updates should be wrapped 
into act(...):
      
      act(() => {
        /* fire events that update state */
      });
      /* assert on the output */
      
      This ensures that you're testing the behavior the user would see in the 
browser. Learn more at https://reactjs.org/link/wrap-tests-with-act
          at ProfilePage 
(C:\Users\samhe\OneDrive\Desktop\Cleaned\frontend\src\profile\index.tsx:25:41)
          at basenameProp (C:\Users\samhe\OneDrive\Desktop\Cleaned\frontend\nod
e_modules\react-router\lib\components.tsx:421:13)
          at basename (C:\Users\samhe\OneDrive\Desktop\Cleaned\frontend\node_mo
dules\react-router\lib\components.tsx:225:3)

      167 |               className="border border-gray-300 rounded-md px-3 
py-2 text-sm"
      168 |               value={currentPassword}
    > 169 |               onChange={e => setCurrentPassword(e.target.value)}
          |                              ^
      170 |             />
      171 |           </div>
      172 |

      at printWarning 
(node_modules/react-dom/cjs/react-dom.development.js:86:30)
      at error (node_modules/react-dom/cjs/react-dom.development.js:60:7)
      at warnIfUpdatesNotWrappedWithActDEV 
(node_modules/react-dom/cjs/react-dom.development.js:27628:9)
      at scheduleUpdateOnFiber 
(node_modules/react-dom/cjs/react-dom.development.js:25547:5)
      at dispatchSetState 
(node_modules/react-dom/cjs/react-dom.development.js:16708:7)
      at onChange (src/profile/index.tsx:169:30)
      at HTMLUnknownElement.callCallback 
(node_modules/react-dom/cjs/react-dom.development.js:4164:14)
      at HTMLUnknownElement.callTheUserObjectsOperation 
(node_modules/jsdom/lib/jsdom/living/generated/EventListener.js:26:30)
      at innerInvokeEventListeners 
(node_modules/jsdom/lib/jsdom/living/events/EventTarget-impl.js:350:25)
      at invokeEventListeners 
(node_modules/jsdom/lib/jsdom/living/events/EventTarget-impl.js:286:3)
      at HTMLUnknownElementImpl._dispatch 
(node_modules/jsdom/lib/jsdom/living/events/EventTarget-impl.js:233:9)
      at HTMLUnknownElementImpl.dispatchEvent 
(node_modules/jsdom/lib/jsdom/living/events/EventTarget-impl.js:104:17)
      at HTMLUnknownElement.dispatchEvent 
(node_modules/jsdom/lib/jsdom/living/generated/EventTarget.js:241:34)
      at Object.invokeGuardedCallbackDev 
(node_modules/react-dom/cjs/react-dom.development.js:4213:16)
      at invokeGuardedCallback 
(node_modules/react-dom/cjs/react-dom.development.js:4277:31)
      at invokeGuardedCallbackAndCatchFirstError 
(node_modules/react-dom/cjs/react-dom.development.js:4291:25)
      at executeDispatch 
(node_modules/react-dom/cjs/react-dom.development.js:9041:3)
      at processDispatchQueueItemsInOrder 
(node_modules/react-dom/cjs/react-dom.development.js:9073:7)
      at processDispatchQueue 
(node_modules/react-dom/cjs/react-dom.development.js:9086:5)
      at dispatchEventsForPlugins 
(node_modules/react-dom/cjs/react-dom.development.js:9097:3)
      at node_modules/react-dom/cjs/react-dom.development.js:9288:12
      at batchedUpdates$1 
(node_modules/react-dom/cjs/react-dom.development.js:26179:12)
      at batchedUpdates 
(node_modules/react-dom/cjs/react-dom.development.js:3991:12)
      at dispatchEventForPluginEventSystem 
(node_modules/react-dom/cjs/react-dom.development.js:9287:3)
      at dispatchEventWithEnableCapturePhaseSelectiveHydrationWithoutDiscreteEv
entReplay (node_modules/react-dom/cjs/react-dom.development.js:6465:5)
      at dispatchEvent 
(node_modules/react-dom/cjs/react-dom.development.js:6457:5)
      at dispatchDiscreteEvent 
(node_modules/react-dom/cjs/react-dom.development.js:6430:5)
      at HTMLDivElement.callTheUserObjectsOperation 
(node_modules/jsdom/lib/jsdom/living/generated/EventListener.js:26:30)
      at innerInvokeEventListeners 
(node_modules/jsdom/lib/jsdom/living/events/EventTarget-impl.js:350:25)
      at invokeEventListeners 
(node_modules/jsdom/lib/jsdom/living/events/EventTarget-impl.js:286:3)
      at HTMLInputElementImpl._dispatch 
(node_modules/jsdom/lib/jsdom/living/events/EventTarget-impl.js:233:9)
      at HTMLInputElementImpl.dispatchEvent 
(node_modules/jsdom/lib/jsdom/living/events/EventTarget-impl.js:104:17)
      at HTMLInputElement.dispatchEvent 
(node_modules/jsdom/lib/jsdom/living/generated/EventTarget.js:241:34)
      at 
node_modules/@testing-library/user-event/dist/cjs/event/dispatchEvent.js:45:43
      at Object.eventWrapper 
(node_modules/@testing-library/dom/dist/config.js:25:23)
      at Object.wrapEvent 
(node_modules/@testing-library/user-event/dist/cjs/event/wrapEvent.js:6:28)
      at Object.dispatchEvent (node_modules/@testing-library/user-event/dist/cj
s/event/dispatchEvent.js:45:22)
      at Object.dispatchUIEvent (node_modules/@testing-library/user-event/dist/
cjs/event/dispatchEvent.js:22:26)
      at commitInput 
(node_modules/@testing-library/user-event/dist/cjs/event/input.js:145:14)
      at editInputElement 
(node_modules/@testing-library/user-event/dist/cjs/event/input.js:115:9)
      at Object.input 
(node_modules/@testing-library/user-event/dist/cjs/event/input.js:37:9)
      at node_modules/@testing-library/user-event/dist/cjs/event/behavior/keypr
ess.js:31:26
      at Object.dispatchEvent (node_modules/@testing-library/user-event/dist/cj
s/event/dispatchEvent.js:41:13)
      at Object.dispatchUIEvent (node_modules/@testing-library/user-event/dist/
cjs/event/dispatchEvent.js:22:26)
      at KeyboardHost.keydown 
(node_modules/@testing-library/user-event/dist/cjs/system/keyboard.js:76:22)
      at keyboardAction 
(node_modules/@testing-library/user-event/dist/cjs/keyboard/index.js:22:35)
      at Object.keyboard 
(node_modules/@testing-library/user-event/dist/cjs/keyboard/index.js:11:15)
      at Object.type 
(node_modules/@testing-library/user-event/dist/cjs/utility/type.js:17:5)
      at Object.<anonymous> (src/profile/profile.test.tsx:192:9)

    console.error
      Warning: An update to ProfilePage inside a test was not wrapped in 
act(...).
      
      When testing, code that causes React state updates should be wrapped 
into act(...):
      
      act(() => {
        /* fire events that update state */
      });
      /* assert on the output */
      
      This ensures that you're testing the behavior the user would see in the 
browser. Learn more at https://reactjs.org/link/wrap-tests-with-act
          at ProfilePage 
(C:\Users\samhe\OneDrive\Desktop\Cleaned\frontend\src\profile\index.tsx:25:41)
          at basenameProp (C:\Users\samhe\OneDrive\Desktop\Cleaned\frontend\nod
e_modules\react-router\lib\components.tsx:421:13)
          at basename (C:\Users\samhe\OneDrive\Desktop\Cleaned\frontend\node_mo
dules\react-router\lib\components.tsx:225:3)

      167 |               className="border border-gray-300 rounded-md px-3 
py-2 text-sm"
      168 |               value={currentPassword}
    > 169 |               onChange={e => setCurrentPassword(e.target.value)}
          |                              ^
      170 |             />
      171 |           </div>
      172 |

      at printWarning 
(node_modules/react-dom/cjs/react-dom.development.js:86:30)
      at error (node_modules/react-dom/cjs/react-dom.development.js:60:7)
      at warnIfUpdatesNotWrappedWithActDEV 
(node_modules/react-dom/cjs/react-dom.development.js:27628:9)
      at scheduleUpdateOnFiber 
(node_modules/react-dom/cjs/react-dom.development.js:25547:5)
      at dispatchSetState 
(node_modules/react-dom/cjs/react-dom.development.js:16708:7)
      at onChange (src/profile/index.tsx:169:30)
      at HTMLUnknownElement.callCallback 
(node_modules/react-dom/cjs/react-dom.development.js:4164:14)
      at HTMLUnknownElement.callTheUserObjectsOperation 
(node_modules/jsdom/lib/jsdom/living/generated/EventListener.js:26:30)
      at innerInvokeEventListeners 
(node_modules/jsdom/lib/jsdom/living/events/EventTarget-impl.js:350:25)
      at invokeEventListeners 
(node_modules/jsdom/lib/jsdom/living/events/EventTarget-impl.js:286:3)
      at HTMLUnknownElementImpl._dispatch 
(node_modules/jsdom/lib/jsdom/living/events/EventTarget-impl.js:233:9)
      at HTMLUnknownElementImpl.dispatchEvent 
(node_modules/jsdom/lib/jsdom/living/events/EventTarget-impl.js:104:17)
      at HTMLUnknownElement.dispatchEvent 
(node_modules/jsdom/lib/jsdom/living/generated/EventTarget.js:241:34)
      at Object.invokeGuardedCallbackDev 
(node_modules/react-dom/cjs/react-dom.development.js:4213:16)
      at invokeGuardedCallback 
(node_modules/react-dom/cjs/react-dom.development.js:4277:31)
      at invokeGuardedCallbackAndCatchFirstError 
(node_modules/react-dom/cjs/react-dom.development.js:4291:25)
      at executeDispatch 
(node_modules/react-dom/cjs/react-dom.development.js:9041:3)
      at processDispatchQueueItemsInOrder 
(node_modules/react-dom/cjs/react-dom.development.js:9073:7)
      at processDispatchQueue 
(node_modules/react-dom/cjs/react-dom.development.js:9086:5)
      at dispatchEventsForPlugins 
(node_modules/react-dom/cjs/react-dom.development.js:9097:3)
      at node_modules/react-dom/cjs/react-dom.development.js:9288:12
      at batchedUpdates$1 
(node_modules/react-dom/cjs/react-dom.development.js:26179:12)
      at batchedUpdates 
(node_modules/react-dom/cjs/react-dom.development.js:3991:12)
      at dispatchEventForPluginEventSystem 
(node_modules/react-dom/cjs/react-dom.development.js:9287:3)
      at dispatchEventWithEnableCapturePhaseSelectiveHydrationWithoutDiscreteEv
entReplay (node_modules/react-dom/cjs/react-dom.development.js:6465:5)
      at dispatchEvent 
(node_modules/react-dom/cjs/react-dom.development.js:6457:5)
      at dispatchDiscreteEvent 
(node_modules/react-dom/cjs/react-dom.development.js:6430:5)
      at HTMLDivElement.callTheUserObjectsOperation 
(node_modules/jsdom/lib/jsdom/living/generated/EventListener.js:26:30)
      at innerInvokeEventListeners 
(node_modules/jsdom/lib/jsdom/living/events/EventTarget-impl.js:350:25)
      at invokeEventListeners 
(node_modules/jsdom/lib/jsdom/living/events/EventTarget-impl.js:286:3)
      at HTMLInputElementImpl._dispatch 
(node_modules/jsdom/lib/jsdom/living/events/EventTarget-impl.js:233:9)
      at HTMLInputElementImpl.dispatchEvent 
(node_modules/jsdom/lib/jsdom/living/events/EventTarget-impl.js:104:17)
      at HTMLInputElement.dispatchEvent 
(node_modules/jsdom/lib/jsdom/living/generated/EventTarget.js:241:34)
      at 
node_modules/@testing-library/user-event/dist/cjs/event/dispatchEvent.js:45:43
      at Object.eventWrapper 
(node_modules/@testing-library/dom/dist/config.js:25:23)
      at Object.wrapEvent 
(node_modules/@testing-library/user-event/dist/cjs/event/wrapEvent.js:6:28)
      at Object.dispatchEvent (node_modules/@testing-library/user-event/dist/cj
s/event/dispatchEvent.js:45:22)
      at Object.dispatchUIEvent (node_modules/@testing-library/user-event/dist/
cjs/event/dispatchEvent.js:22:26)
      at commitInput 
(node_modules/@testing-library/user-event/dist/cjs/event/input.js:145:14)
      at editInputElement 
(node_modules/@testing-library/user-event/dist/cjs/event/input.js:115:9)
      at Object.input 
(node_modules/@testing-library/user-event/dist/cjs/event/input.js:37:9)
      at node_modules/@testing-library/user-event/dist/cjs/event/behavior/keypr
ess.js:31:26
      at Object.dispatchEvent (node_modules/@testing-library/user-event/dist/cj
s/event/dispatchEvent.js:41:13)
      at Object.dispatchUIEvent (node_modules/@testing-library/user-event/dist/
cjs/event/dispatchEvent.js:22:26)
      at KeyboardHost.keydown 
(node_modules/@testing-library/user-event/dist/cjs/system/keyboard.js:76:22)
      at keyboardAction 
(node_modules/@testing-library/user-event/dist/cjs/keyboard/index.js:22:35)
      at Object.keyboard 
(node_modules/@testing-library/user-event/dist/cjs/keyboard/index.js:11:15)
      at Object.type 
(node_modules/@testing-library/user-event/dist/cjs/utility/type.js:17:5)
      at Object.<anonymous> (src/profile/profile.test.tsx:192:9)

    console.error
      Warning: An update to ProfilePage inside a test was not wrapped in 
act(...).
      
      When testing, code that causes React state updates should be wrapped 
into act(...):
      
      act(() => {
        /* fire events that update state */
      });
      /* assert on the output */
      
      This ensures that you're testing the behavior the user would see in the 
browser. Learn more at https://reactjs.org/link/wrap-tests-with-act
          at ProfilePage 
(C:\Users\samhe\OneDrive\Desktop\Cleaned\frontend\src\profile\index.tsx:25:41)
          at basenameProp (C:\Users\samhe\OneDrive\Desktop\Cleaned\frontend\nod
e_modules\react-router\lib\components.tsx:421:13)
          at basename (C:\Users\samhe\OneDrive\Desktop\Cleaned\frontend\node_mo
dules\react-router\lib\components.tsx:225:3)

      167 |               className="border border-gray-300 rounded-md px-3 
py-2 text-sm"
      168 |               value={currentPassword}
    > 169 |               onChange={e => setCurrentPassword(e.target.value)}
          |                              ^
      170 |             />
      171 |           </div>
      172 |

      at printWarning 
(node_modules/react-dom/cjs/react-dom.development.js:86:30)
      at error (node_modules/react-dom/cjs/react-dom.development.js:60:7)
      at warnIfUpdatesNotWrappedWithActDEV 
(node_modules/react-dom/cjs/react-dom.development.js:27628:9)
      at scheduleUpdateOnFiber 
(node_modules/react-dom/cjs/react-dom.development.js:25547:5)
      at dispatchSetState 
(node_modules/react-dom/cjs/react-dom.development.js:16708:7)
      at onChange (src/profile/index.tsx:169:30)
      at HTMLUnknownElement.callCallback 
(node_modules/react-dom/cjs/react-dom.development.js:4164:14)
      at HTMLUnknownElement.callTheUserObjectsOperation 
(node_modules/jsdom/lib/jsdom/living/generated/EventListener.js:26:30)
      at innerInvokeEventListeners 
(node_modules/jsdom/lib/jsdom/living/events/EventTarget-impl.js:350:25)
      at invokeEventListeners 
(node_modules/jsdom/lib/jsdom/living/events/EventTarget-impl.js:286:3)
      at HTMLUnknownElementImpl._dispatch 
(node_modules/jsdom/lib/jsdom/living/events/EventTarget-impl.js:233:9)
      at HTMLUnknownElementImpl.dispatchEvent 
(node_modules/jsdom/lib/jsdom/living/events/EventTarget-impl.js:104:17)
      at HTMLUnknownElement.dispatchEvent 
(node_modules/jsdom/lib/jsdom/living/generated/EventTarget.js:241:34)
      at Object.invokeGuardedCallbackDev 
(node_modules/react-dom/cjs/react-dom.development.js:4213:16)
      at invokeGuardedCallback 
(node_modules/react-dom/cjs/react-dom.development.js:4277:31)
      at invokeGuardedCallbackAndCatchFirstError 
(node_modules/react-dom/cjs/react-dom.development.js:4291:25)
      at executeDispatch 
(node_modules/react-dom/cjs/react-dom.development.js:9041:3)
      at processDispatchQueueItemsInOrder 
(node_modules/react-dom/cjs/react-dom.development.js:9073:7)
      at processDispatchQueue 
(node_modules/react-dom/cjs/react-dom.development.js:9086:5)
      at dispatchEventsForPlugins 
(node_modules/react-dom/cjs/react-dom.development.js:9097:3)
      at node_modules/react-dom/cjs/react-dom.development.js:9288:12
      at batchedUpdates$1 
(node_modules/react-dom/cjs/react-dom.development.js:26179:12)
      at batchedUpdates 
(node_modules/react-dom/cjs/react-dom.development.js:3991:12)
      at dispatchEventForPluginEventSystem 
(node_modules/react-dom/cjs/react-dom.development.js:9287:3)
      at dispatchEventWithEnableCapturePhaseSelectiveHydrationWithoutDiscreteEv
entReplay (node_modules/react-dom/cjs/react-dom.development.js:6465:5)
      at dispatchEvent 
(node_modules/react-dom/cjs/react-dom.development.js:6457:5)
      at dispatchDiscreteEvent 
(node_modules/react-dom/cjs/react-dom.development.js:6430:5)
      at HTMLDivElement.callTheUserObjectsOperation 
(node_modules/jsdom/lib/jsdom/living/generated/EventListener.js:26:30)
      at innerInvokeEventListeners 
(node_modules/jsdom/lib/jsdom/living/events/EventTarget-impl.js:350:25)
      at invokeEventListeners 
(node_modules/jsdom/lib/jsdom/living/events/EventTarget-impl.js:286:3)
      at HTMLInputElementImpl._dispatch 
(node_modules/jsdom/lib/jsdom/living/events/EventTarget-impl.js:233:9)
      at HTMLInputElementImpl.dispatchEvent 
(node_modules/jsdom/lib/jsdom/living/events/EventTarget-impl.js:104:17)
      at HTMLInputElement.dispatchEvent 
(node_modules/jsdom/lib/jsdom/living/generated/EventTarget.js:241:34)
      at 
node_modules/@testing-library/user-event/dist/cjs/event/dispatchEvent.js:45:43
      at Object.eventWrapper 
(node_modules/@testing-library/dom/dist/config.js:25:23)
      at Object.wrapEvent 
(node_modules/@testing-library/user-event/dist/cjs/event/wrapEvent.js:6:28)
      at Object.dispatchEvent (node_modules/@testing-library/user-event/dist/cj
s/event/dispatchEvent.js:45:22)
      at Object.dispatchUIEvent (node_modules/@testing-library/user-event/dist/
cjs/event/dispatchEvent.js:22:26)
      at commitInput 
(node_modules/@testing-library/user-event/dist/cjs/event/input.js:145:14)
      at editInputElement 
(node_modules/@testing-library/user-event/dist/cjs/event/input.js:115:9)
      at Object.input 
(node_modules/@testing-library/user-event/dist/cjs/event/input.js:37:9)
      at node_modules/@testing-library/user-event/dist/cjs/event/behavior/keypr
ess.js:31:26
      at Object.dispatchEvent (node_modules/@testing-library/user-event/dist/cj
s/event/dispatchEvent.js:41:13)
      at Object.dispatchUIEvent (node_modules/@testing-library/user-event/dist/
cjs/event/dispatchEvent.js:22:26)
      at KeyboardHost.keydown 
(node_modules/@testing-library/user-event/dist/cjs/system/keyboard.js:76:22)
      at keyboardAction 
(node_modules/@testing-library/user-event/dist/cjs/keyboard/index.js:22:35)
      at Object.keyboard 
(node_modules/@testing-library/user-event/dist/cjs/keyboard/index.js:11:15)
      at Object.type 
(node_modules/@testing-library/user-event/dist/cjs/utility/type.js:17:5)
      at Object.<anonymous> (src/profile/profile.test.tsx:192:9)

    console.error
      Warning: An update to ProfilePage inside a test was not wrapped in 
act(...).
      
      When testing, code that causes React state updates should be wrapped 
into act(...):
      
      act(() => {
        /* fire events that update state */
      });
      /* assert on the output */
      
      This ensures that you're testing the behavior the user would see in the 
browser. Learn more at https://reactjs.org/link/wrap-tests-with-act
          at ProfilePage 
(C:\Users\samhe\OneDrive\Desktop\Cleaned\frontend\src\profile\index.tsx:25:41)
          at basenameProp (C:\Users\samhe\OneDrive\Desktop\Cleaned\frontend\nod
e_modules\react-router\lib\components.tsx:421:13)
          at basename (C:\Users\samhe\OneDrive\Desktop\Cleaned\frontend\node_mo
dules\react-router\lib\components.tsx:225:3)

      167 |               className="border border-gray-300 rounded-md px-3 
py-2 text-sm"
      168 |               value={currentPassword}
    > 169 |               onChange={e => setCurrentPassword(e.target.value)}
          |                              ^
      170 |             />
      171 |           </div>
      172 |

      at printWarning 
(node_modules/react-dom/cjs/react-dom.development.js:86:30)
      at error (node_modules/react-dom/cjs/react-dom.development.js:60:7)
      at warnIfUpdatesNotWrappedWithActDEV 
(node_modules/react-dom/cjs/react-dom.development.js:27628:9)
      at scheduleUpdateOnFiber 
(node_modules/react-dom/cjs/react-dom.development.js:25547:5)
      at dispatchSetState 
(node_modules/react-dom/cjs/react-dom.development.js:16708:7)
      at onChange (src/profile/index.tsx:169:30)
      at HTMLUnknownElement.callCallback 
(node_modules/react-dom/cjs/react-dom.development.js:4164:14)
      at HTMLUnknownElement.callTheUserObjectsOperation 
(node_modules/jsdom/lib/jsdom/living/generated/EventListener.js:26:30)
      at innerInvokeEventListeners 
(node_modules/jsdom/lib/jsdom/living/events/EventTarget-impl.js:350:25)
      at invokeEventListeners 
(node_modules/jsdom/lib/jsdom/living/events/EventTarget-impl.js:286:3)
      at HTMLUnknownElementImpl._dispatch 
(node_modules/jsdom/lib/jsdom/living/events/EventTarget-impl.js:233:9)
      at HTMLUnknownElementImpl.dispatchEvent 
(node_modules/jsdom/lib/jsdom/living/events/EventTarget-impl.js:104:17)
      at HTMLUnknownElement.dispatchEvent 
(node_modules/jsdom/lib/jsdom/living/generated/EventTarget.js:241:34)
      at Object.invokeGuardedCallbackDev 
(node_modules/react-dom/cjs/react-dom.development.js:4213:16)
      at invokeGuardedCallback 
(node_modules/react-dom/cjs/react-dom.development.js:4277:31)
      at invokeGuardedCallbackAndCatchFirstError 
(node_modules/react-dom/cjs/react-dom.development.js:4291:25)
      at executeDispatch 
(node_modules/react-dom/cjs/react-dom.development.js:9041:3)
      at processDispatchQueueItemsInOrder 
(node_modules/react-dom/cjs/react-dom.development.js:9073:7)
      at processDispatchQueue 
(node_modules/react-dom/cjs/react-dom.development.js:9086:5)
      at dispatchEventsForPlugins 
(node_modules/react-dom/cjs/react-dom.development.js:9097:3)
      at node_modules/react-dom/cjs/react-dom.development.js:9288:12
      at batchedUpdates$1 
(node_modules/react-dom/cjs/react-dom.development.js:26179:12)
      at batchedUpdates 
(node_modules/react-dom/cjs/react-dom.development.js:3991:12)
      at dispatchEventForPluginEventSystem 
(node_modules/react-dom/cjs/react-dom.development.js:9287:3)
      at dispatchEventWithEnableCapturePhaseSelectiveHydrationWithoutDiscreteEv
entReplay (node_modules/react-dom/cjs/react-dom.development.js:6465:5)
      at dispatchEvent 
(node_modules/react-dom/cjs/react-dom.development.js:6457:5)
      at dispatchDiscreteEvent 
(node_modules/react-dom/cjs/react-dom.development.js:6430:5)
      at HTMLDivElement.callTheUserObjectsOperation 
(node_modules/jsdom/lib/jsdom/living/generated/EventListener.js:26:30)
      at innerInvokeEventListeners 
(node_modules/jsdom/lib/jsdom/living/events/EventTarget-impl.js:350:25)
      at invokeEventListeners 
(node_modules/jsdom/lib/jsdom/living/events/EventTarget-impl.js:286:3)
      at HTMLInputElementImpl._dispatch 
(node_modules/jsdom/lib/jsdom/living/events/EventTarget-impl.js:233:9)
      at HTMLInputElementImpl.dispatchEvent 
(node_modules/jsdom/lib/jsdom/living/events/EventTarget-impl.js:104:17)
      at HTMLInputElement.dispatchEvent 
(node_modules/jsdom/lib/jsdom/living/generated/EventTarget.js:241:34)
      at 
node_modules/@testing-library/user-event/dist/cjs/event/dispatchEvent.js:45:43
      at Object.eventWrapper 
(node_modules/@testing-library/dom/dist/config.js:25:23)
      at Object.wrapEvent 
(node_modules/@testing-library/user-event/dist/cjs/event/wrapEvent.js:6:28)
      at Object.dispatchEvent (node_modules/@testing-library/user-event/dist/cj
s/event/dispatchEvent.js:45:22)
      at Object.dispatchUIEvent (node_modules/@testing-library/user-event/dist/
cjs/event/dispatchEvent.js:22:26)
      at commitInput 
(node_modules/@testing-library/user-event/dist/cjs/event/input.js:145:14)
      at editInputElement 
(node_modules/@testing-library/user-event/dist/cjs/event/input.js:115:9)
      at Object.input 
(node_modules/@testing-library/user-event/dist/cjs/event/input.js:37:9)
      at node_modules/@testing-library/user-event/dist/cjs/event/behavior/keypr
ess.js:31:26
      at Object.dispatchEvent (node_modules/@testing-library/user-event/dist/cj
s/event/dispatchEvent.js:41:13)
      at Object.dispatchUIEvent (node_modules/@testing-library/user-event/dist/
cjs/event/dispatchEvent.js:22:26)
      at KeyboardHost.keydown 
(node_modules/@testing-library/user-event/dist/cjs/system/keyboard.js:76:22)
      at keyboardAction 
(node_modules/@testing-library/user-event/dist/cjs/keyboard/index.js:22:35)
      at Object.keyboard 
(node_modules/@testing-library/user-event/dist/cjs/keyboard/index.js:11:15)
      at Object.type 
(node_modules/@testing-library/user-event/dist/cjs/utility/type.js:17:5)
      at Object.<anonymous> (src/profile/profile.test.tsx:192:9)

    console.error
      Warning: An update to ProfilePage inside a test was not wrapped in 
act(...).
      
      When testing, code that causes React state updates should be wrapped 
into act(...):
      
      act(() => {
        /* fire events that update state */
      });
      /* assert on the output */
      
      This ensures that you're testing the behavior the user would see in the 
browser. Learn more at https://reactjs.org/link/wrap-tests-with-act
          at ProfilePage 
(C:\Users\samhe\OneDrive\Desktop\Cleaned\frontend\src\profile\index.tsx:25:41)
          at basenameProp (C:\Users\samhe\OneDrive\Desktop\Cleaned\frontend\nod
e_modules\react-router\lib\components.tsx:421:13)
          at basename (C:\Users\samhe\OneDrive\Desktop\Cleaned\frontend\node_mo
dules\react-router\lib\components.tsx:225:3)

      167 |               className="border border-gray-300 rounded-md px-3 
py-2 text-sm"
      168 |               value={currentPassword}
    > 169 |               onChange={e => setCurrentPassword(e.target.value)}
          |                              ^
      170 |             />
      171 |           </div>
      172 |

      at printWarning 
(node_modules/react-dom/cjs/react-dom.development.js:86:30)
      at error (node_modules/react-dom/cjs/react-dom.development.js:60:7)
      at warnIfUpdatesNotWrappedWithActDEV 
(node_modules/react-dom/cjs/react-dom.development.js:27628:9)
      at scheduleUpdateOnFiber 
(node_modules/react-dom/cjs/react-dom.development.js:25547:5)
      at dispatchSetState 
(node_modules/react-dom/cjs/react-dom.development.js:16708:7)
      at onChange (src/profile/index.tsx:169:30)
      at HTMLUnknownElement.callCallback 
(node_modules/react-dom/cjs/react-dom.development.js:4164:14)
      at HTMLUnknownElement.callTheUserObjectsOperation 
(node_modules/jsdom/lib/jsdom/living/generated/EventListener.js:26:30)
      at innerInvokeEventListeners 
(node_modules/jsdom/lib/jsdom/living/events/EventTarget-impl.js:350:25)
      at invokeEventListeners 
(node_modules/jsdom/lib/jsdom/living/events/EventTarget-impl.js:286:3)
      at HTMLUnknownElementImpl._dispatch 
(node_modules/jsdom/lib/jsdom/living/events/EventTarget-impl.js:233:9)
      at HTMLUnknownElementImpl.dispatchEvent 
(node_modules/jsdom/lib/jsdom/living/events/EventTarget-impl.js:104:17)
      at HTMLUnknownElement.dispatchEvent 
(node_modules/jsdom/lib/jsdom/living/generated/EventTarget.js:241:34)
      at Object.invokeGuardedCallbackDev 
(node_modules/react-dom/cjs/react-dom.development.js:4213:16)
      at invokeGuardedCallback 
(node_modules/react-dom/cjs/react-dom.development.js:4277:31)
      at invokeGuardedCallbackAndCatchFirstError 
(node_modules/react-dom/cjs/react-dom.development.js:4291:25)
      at executeDispatch 
(node_modules/react-dom/cjs/react-dom.development.js:9041:3)
      at processDispatchQueueItemsInOrder 
(node_modules/react-dom/cjs/react-dom.development.js:9073:7)
      at processDispatchQueue 
(node_modules/react-dom/cjs/react-dom.development.js:9086:5)
      at dispatchEventsForPlugins 
(node_modules/react-dom/cjs/react-dom.development.js:9097:3)
      at node_modules/react-dom/cjs/react-dom.development.js:9288:12
      at batchedUpdates$1 
(node_modules/react-dom/cjs/react-dom.development.js:26179:12)
      at batchedUpdates 
(node_modules/react-dom/cjs/react-dom.development.js:3991:12)
      at dispatchEventForPluginEventSystem 
(node_modules/react-dom/cjs/react-dom.development.js:9287:3)
      at dispatchEventWithEnableCapturePhaseSelectiveHydrationWithoutDiscreteEv
entReplay (node_modules/react-dom/cjs/react-dom.development.js:6465:5)
      at dispatchEvent 
(node_modules/react-dom/cjs/react-dom.development.js:6457:5)
      at dispatchDiscreteEvent 
(node_modules/react-dom/cjs/react-dom.development.js:6430:5)
      at HTMLDivElement.callTheUserObjectsOperation 
(node_modules/jsdom/lib/jsdom/living/generated/EventListener.js:26:30)
      at innerInvokeEventListeners 
(node_modules/jsdom/lib/jsdom/living/events/EventTarget-impl.js:350:25)
      at invokeEventListeners 
(node_modules/jsdom/lib/jsdom/living/events/EventTarget-impl.js:286:3)
      at HTMLInputElementImpl._dispatch 
(node_modules/jsdom/lib/jsdom/living/events/EventTarget-impl.js:233:9)
      at HTMLInputElementImpl.dispatchEvent 
(node_modules/jsdom/lib/jsdom/living/events/EventTarget-impl.js:104:17)
      at HTMLInputElement.dispatchEvent 
(node_modules/jsdom/lib/jsdom/living/generated/EventTarget.js:241:34)
      at 
node_modules/@testing-library/user-event/dist/cjs/event/dispatchEvent.js:45:43
      at Object.eventWrapper 
(node_modules/@testing-library/dom/dist/config.js:25:23)
      at Object.wrapEvent 
(node_modules/@testing-library/user-event/dist/cjs/event/wrapEvent.js:6:28)
      at Object.dispatchEvent (node_modules/@testing-library/user-event/dist/cj
s/event/dispatchEvent.js:45:22)
      at Object.dispatchUIEvent (node_modules/@testing-library/user-event/dist/
cjs/event/dispatchEvent.js:22:26)
      at commitInput 
(node_modules/@testing-library/user-event/dist/cjs/event/input.js:145:14)
      at editInputElement 
(node_modules/@testing-library/user-event/dist/cjs/event/input.js:115:9)
      at Object.input 
(node_modules/@testing-library/user-event/dist/cjs/event/input.js:37:9)
      at node_modules/@testing-library/user-event/dist/cjs/event/behavior/keypr
ess.js:31:26
      at Object.dispatchEvent (node_modules/@testing-library/user-event/dist/cj
s/event/dispatchEvent.js:41:13)
      at Object.dispatchUIEvent (node_modules/@testing-library/user-event/dist/
cjs/event/dispatchEvent.js:22:26)
      at KeyboardHost.keydown 
(node_modules/@testing-library/user-event/dist/cjs/system/keyboard.js:76:22)
      at keyboardAction 
(node_modules/@testing-library/user-event/dist/cjs/keyboard/index.js:22:35)
      at Object.keyboard 
(node_modules/@testing-library/user-event/dist/cjs/keyboard/index.js:11:15)
      at Object.type 
(node_modules/@testing-library/user-event/dist/cjs/utility/type.js:17:5)
      at Object.<anonymous> (src/profile/profile.test.tsx:192:9)

    console.error
      Warning: An update to ProfilePage inside a test was not wrapped in 
act(...).
      
      When testing, code that causes React state updates should be wrapped 
into act(...):
      
      act(() => {
        /* fire events that update state */
      });
      /* assert on the output */
      
      This ensures that you're testing the behavior the user would see in the 
browser. Learn more at https://reactjs.org/link/wrap-tests-with-act
          at ProfilePage 
(C:\Users\samhe\OneDrive\Desktop\Cleaned\frontend\src\profile\index.tsx:25:41)
          at basenameProp (C:\Users\samhe\OneDrive\Desktop\Cleaned\frontend\nod
e_modules\react-router\lib\components.tsx:421:13)
          at basename (C:\Users\samhe\OneDrive\Desktop\Cleaned\frontend\node_mo
dules\react-router\lib\components.tsx:225:3)

      167 |               className="border border-gray-300 rounded-md px-3 
py-2 text-sm"
      168 |               value={currentPassword}
    > 169 |               onChange={e => setCurrentPassword(e.target.value)}
          |                              ^
      170 |             />
      171 |           </div>
      172 |

      at printWarning 
(node_modules/react-dom/cjs/react-dom.development.js:86:30)
      at error (node_modules/react-dom/cjs/react-dom.development.js:60:7)
      at warnIfUpdatesNotWrappedWithActDEV 
(node_modules/react-dom/cjs/react-dom.development.js:27628:9)
      at scheduleUpdateOnFiber 
(node_modules/react-dom/cjs/react-dom.development.js:25547:5)
      at dispatchSetState 
(node_modules/react-dom/cjs/react-dom.development.js:16708:7)
      at onChange (src/profile/index.tsx:169:30)
      at HTMLUnknownElement.callCallback 
(node_modules/react-dom/cjs/react-dom.development.js:4164:14)
      at HTMLUnknownElement.callTheUserObjectsOperation 
(node_modules/jsdom/lib/jsdom/living/generated/EventListener.js:26:30)
      at innerInvokeEventListeners 
(node_modules/jsdom/lib/jsdom/living/events/EventTarget-impl.js:350:25)
      at invokeEventListeners 
(node_modules/jsdom/lib/jsdom/living/events/EventTarget-impl.js:286:3)
      at HTMLUnknownElementImpl._dispatch 
(node_modules/jsdom/lib/jsdom/living/events/EventTarget-impl.js:233:9)
      at HTMLUnknownElementImpl.dispatchEvent 
(node_modules/jsdom/lib/jsdom/living/events/EventTarget-impl.js:104:17)
      at HTMLUnknownElement.dispatchEvent 
(node_modules/jsdom/lib/jsdom/living/generated/EventTarget.js:241:34)
      at Object.invokeGuardedCallbackDev 
(node_modules/react-dom/cjs/react-dom.development.js:4213:16)
      at invokeGuardedCallback 
(node_modules/react-dom/cjs/react-dom.development.js:4277:31)
      at invokeGuardedCallbackAndCatchFirstError 
(node_modules/react-dom/cjs/react-dom.development.js:4291:25)
      at executeDispatch 
(node_modules/react-dom/cjs/react-dom.development.js:9041:3)
      at processDispatchQueueItemsInOrder 
(node_modules/react-dom/cjs/react-dom.development.js:9073:7)
      at processDispatchQueue 
(node_modules/react-dom/cjs/react-dom.development.js:9086:5)
      at dispatchEventsForPlugins 
(node_modules/react-dom/cjs/react-dom.development.js:9097:3)
      at node_modules/react-dom/cjs/react-dom.development.js:9288:12
      at batchedUpdates$1 
(node_modules/react-dom/cjs/react-dom.development.js:26179:12)
      at batchedUpdates 
(node_modules/react-dom/cjs/react-dom.development.js:3991:12)
      at dispatchEventForPluginEventSystem 
(node_modules/react-dom/cjs/react-dom.development.js:9287:3)
      at dispatchEventWithEnableCapturePhaseSelectiveHydrationWithoutDiscreteEv
entReplay (node_modules/react-dom/cjs/react-dom.development.js:6465:5)
      at dispatchEvent 
(node_modules/react-dom/cjs/react-dom.development.js:6457:5)
      at dispatchDiscreteEvent 
(node_modules/react-dom/cjs/react-dom.development.js:6430:5)
      at HTMLDivElement.callTheUserObjectsOperation 
(node_modules/jsdom/lib/jsdom/living/generated/EventListener.js:26:30)
      at innerInvokeEventListeners 
(node_modules/jsdom/lib/jsdom/living/events/EventTarget-impl.js:350:25)
      at invokeEventListeners 
(node_modules/jsdom/lib/jsdom/living/events/EventTarget-impl.js:286:3)
      at HTMLInputElementImpl._dispatch 
(node_modules/jsdom/lib/jsdom/living/events/EventTarget-impl.js:233:9)
      at HTMLInputElementImpl.dispatchEvent 
(node_modules/jsdom/lib/jsdom/living/events/EventTarget-impl.js:104:17)
      at HTMLInputElement.dispatchEvent 
(node_modules/jsdom/lib/jsdom/living/generated/EventTarget.js:241:34)
      at 
node_modules/@testing-library/user-event/dist/cjs/event/dispatchEvent.js:45:43
      at Object.eventWrapper 
(node_modules/@testing-library/dom/dist/config.js:25:23)
      at Object.wrapEvent 
(node_modules/@testing-library/user-event/dist/cjs/event/wrapEvent.js:6:28)
      at Object.dispatchEvent (node_modules/@testing-library/user-event/dist/cj
s/event/dispatchEvent.js:45:22)
      at Object.dispatchUIEvent (node_modules/@testing-library/user-event/dist/
cjs/event/dispatchEvent.js:22:26)
      at commitInput 
(node_modules/@testing-library/user-event/dist/cjs/event/input.js:145:14)
      at editInputElement 
(node_modules/@testing-library/user-event/dist/cjs/event/input.js:115:9)
      at Object.input 
(node_modules/@testing-library/user-event/dist/cjs/event/input.js:37:9)
      at node_modules/@testing-library/user-event/dist/cjs/event/behavior/keypr
ess.js:31:26
      at Object.dispatchEvent (node_modules/@testing-library/user-event/dist/cj
s/event/dispatchEvent.js:41:13)
      at Object.dispatchUIEvent (node_modules/@testing-library/user-event/dist/
cjs/event/dispatchEvent.js:22:26)
      at KeyboardHost.keydown 
(node_modules/@testing-library/user-event/dist/cjs/system/keyboard.js:76:22)
      at keyboardAction 
(node_modules/@testing-library/user-event/dist/cjs/keyboard/index.js:22:35)
      at Object.keyboard 
(node_modules/@testing-library/user-event/dist/cjs/keyboard/index.js:11:15)
      at Object.type 
(node_modules/@testing-library/user-event/dist/cjs/utility/type.js:17:5)
      at Object.<anonymous> (src/profile/profile.test.tsx:192:9)

    console.error
      Warning: An update to ProfilePage inside a test was not wrapped in 
act(...).
      
      When testing, code that causes React state updates should be wrapped 
into act(...):
      
      act(() => {
        /* fire events that update state */
      });
      /* assert on the output */
      
      This ensures that you're testing the behavior the user would see in the 
browser. Learn more at https://reactjs.org/link/wrap-tests-with-act
          at ProfilePage 
(C:\Users\samhe\OneDrive\Desktop\Cleaned\frontend\src\profile\index.tsx:25:41)
          at basenameProp (C:\Users\samhe\OneDrive\Desktop\Cleaned\frontend\nod
e_modules\react-router\lib\components.tsx:421:13)
          at basename (C:\Users\samhe\OneDrive\Desktop\Cleaned\frontend\node_mo
dules\react-router\lib\components.tsx:225:3)

      167 |               className="border border-gray-300 rounded-md px-3 
py-2 text-sm"
      168 |               value={currentPassword}
    > 169 |               onChange={e => setCurrentPassword(e.target.value)}
          |                              ^
      170 |             />
      171 |           </div>
      172 |

      at printWarning 
(node_modules/react-dom/cjs/react-dom.development.js:86:30)
      at error (node_modules/react-dom/cjs/react-dom.development.js:60:7)
      at warnIfUpdatesNotWrappedWithActDEV 
(node_modules/react-dom/cjs/react-dom.development.js:27628:9)
      at scheduleUpdateOnFiber 
(node_modules/react-dom/cjs/react-dom.development.js:25547:5)
      at dispatchSetState 
(node_modules/react-dom/cjs/react-dom.development.js:16708:7)
      at onChange (src/profile/index.tsx:169:30)
      at HTMLUnknownElement.callCallback 
(node_modules/react-dom/cjs/react-dom.development.js:4164:14)
      at HTMLUnknownElement.callTheUserObjectsOperation 
(node_modules/jsdom/lib/jsdom/living/generated/EventListener.js:26:30)
      at innerInvokeEventListeners 
(node_modules/jsdom/lib/jsdom/living/events/EventTarget-impl.js:350:25)
      at invokeEventListeners 
(node_modules/jsdom/lib/jsdom/living/events/EventTarget-impl.js:286:3)
      at HTMLUnknownElementImpl._dispatch 
(node_modules/jsdom/lib/jsdom/living/events/EventTarget-impl.js:233:9)
      at HTMLUnknownElementImpl.dispatchEvent 
(node_modules/jsdom/lib/jsdom/living/events/EventTarget-impl.js:104:17)
      at HTMLUnknownElement.dispatchEvent 
(node_modules/jsdom/lib/jsdom/living/generated/EventTarget.js:241:34)
      at Object.invokeGuardedCallbackDev 
(node_modules/react-dom/cjs/react-dom.development.js:4213:16)
      at invokeGuardedCallback 
(node_modules/react-dom/cjs/react-dom.development.js:4277:31)
      at invokeGuardedCallbackAndCatchFirstError 
(node_modules/react-dom/cjs/react-dom.development.js:4291:25)
      at executeDispatch 
(node_modules/react-dom/cjs/react-dom.development.js:9041:3)
      at processDispatchQueueItemsInOrder 
(node_modules/react-dom/cjs/react-dom.development.js:9073:7)
      at processDispatchQueue 
(node_modules/react-dom/cjs/react-dom.development.js:9086:5)
      at dispatchEventsForPlugins 
(node_modules/react-dom/cjs/react-dom.development.js:9097:3)
      at node_modules/react-dom/cjs/react-dom.development.js:9288:12
      at batchedUpdates$1 
(node_modules/react-dom/cjs/react-dom.development.js:26179:12)
      at batchedUpdates 
(node_modules/react-dom/cjs/react-dom.development.js:3991:12)
      at dispatchEventForPluginEventSystem 
(node_modules/react-dom/cjs/react-dom.development.js:9287:3)
      at dispatchEventWithEnableCapturePhaseSelectiveHydrationWithoutDiscreteEv
entReplay (node_modules/react-dom/cjs/react-dom.development.js:6465:5)
      at dispatchEvent 
(node_modules/react-dom/cjs/react-dom.development.js:6457:5)
      at dispatchDiscreteEvent 
(node_modules/react-dom/cjs/react-dom.development.js:6430:5)
      at HTMLDivElement.callTheUserObjectsOperation 
(node_modules/jsdom/lib/jsdom/living/generated/EventListener.js:26:30)
      at innerInvokeEventListeners 
(node_modules/jsdom/lib/jsdom/living/events/EventTarget-impl.js:350:25)
      at invokeEventListeners 
(node_modules/jsdom/lib/jsdom/living/events/EventTarget-impl.js:286:3)
      at HTMLInputElementImpl._dispatch 
(node_modules/jsdom/lib/jsdom/living/events/EventTarget-impl.js:233:9)
      at HTMLInputElementImpl.dispatchEvent 
(node_modules/jsdom/lib/jsdom/living/events/EventTarget-impl.js:104:17)
      at HTMLInputElement.dispatchEvent 
(node_modules/jsdom/lib/jsdom/living/generated/EventTarget.js:241:34)
      at 
node_modules/@testing-library/user-event/dist/cjs/event/dispatchEvent.js:45:43
      at Object.eventWrapper 
(node_modules/@testing-library/dom/dist/config.js:25:23)
      at Object.wrapEvent 
(node_modules/@testing-library/user-event/dist/cjs/event/wrapEvent.js:6:28)
      at Object.dispatchEvent (node_modules/@testing-library/user-event/dist/cj
s/event/dispatchEvent.js:45:22)
      at Object.dispatchUIEvent (node_modules/@testing-library/user-event/dist/
cjs/event/dispatchEvent.js:22:26)
      at commitInput 
(node_modules/@testing-library/user-event/dist/cjs/event/input.js:145:14)
      at editInputElement 
(node_modules/@testing-library/user-event/dist/cjs/event/input.js:115:9)
      at Object.input 
(node_modules/@testing-library/user-event/dist/cjs/event/input.js:37:9)
      at node_modules/@testing-library/user-event/dist/cjs/event/behavior/keypr
ess.js:31:26
      at Object.dispatchEvent (node_modules/@testing-library/user-event/dist/cj
s/event/dispatchEvent.js:41:13)
      at Object.dispatchUIEvent (node_modules/@testing-library/user-event/dist/
cjs/event/dispatchEvent.js:22:26)
      at KeyboardHost.keydown 
(node_modules/@testing-library/user-event/dist/cjs/system/keyboard.js:76:22)
      at keyboardAction 
(node_modules/@testing-library/user-event/dist/cjs/keyboard/index.js:22:35)
      at Object.keyboard 
(node_modules/@testing-library/user-event/dist/cjs/keyboard/index.js:11:15)
      at Object.type 
(node_modules/@testing-library/user-event/dist/cjs/utility/type.js:17:5)
      at Object.<anonymous> (src/profile/profile.test.tsx:192:9)

    console.error
      Warning: An update to ProfilePage inside a test was not wrapped in 
act(...).
      
      When testing, code that causes React state updates should be wrapped 
into act(...):
      
      act(() => {
        /* fire events that update state */
      });
      /* assert on the output */
      
      This ensures that you're testing the behavior the user would see in the 
browser. Learn more at https://reactjs.org/link/wrap-tests-with-act
          at ProfilePage 
(C:\Users\samhe\OneDrive\Desktop\Cleaned\frontend\src\profile\index.tsx:25:41)
          at basenameProp (C:\Users\samhe\OneDrive\Desktop\Cleaned\frontend\nod
e_modules\react-router\lib\components.tsx:421:13)
          at basename (C:\Users\samhe\OneDrive\Desktop\Cleaned\frontend\node_mo
dules\react-router\lib\components.tsx:225:3)

      180 |               className="border border-gray-300 rounded-md px-3 
py-2 text-sm"
      181 |               value={newPassword}
    > 182 |               onChange={e => setNewPassword(e.target.value)}
          |                              ^
      183 |             />
      184 |             <p className="text-xs text-gray-500">
      185 |               Minimum 8 characters, at least 1 uppercase letter 
and 1 number.

      at printWarning 
(node_modules/react-dom/cjs/react-dom.development.js:86:30)
      at error (node_modules/react-dom/cjs/react-dom.development.js:60:7)
      at warnIfUpdatesNotWrappedWithActDEV 
(node_modules/react-dom/cjs/react-dom.development.js:27628:9)
      at scheduleUpdateOnFiber 
(node_modules/react-dom/cjs/react-dom.development.js:25547:5)
      at dispatchSetState 
(node_modules/react-dom/cjs/react-dom.development.js:16708:7)
      at onChange (src/profile/index.tsx:182:30)
      at HTMLUnknownElement.callCallback 
(node_modules/react-dom/cjs/react-dom.development.js:4164:14)
      at HTMLUnknownElement.callTheUserObjectsOperation 
(node_modules/jsdom/lib/jsdom/living/generated/EventListener.js:26:30)
      at innerInvokeEventListeners 
(node_modules/jsdom/lib/jsdom/living/events/EventTarget-impl.js:350:25)
      at invokeEventListeners 
(node_modules/jsdom/lib/jsdom/living/events/EventTarget-impl.js:286:3)
      at HTMLUnknownElementImpl._dispatch 
(node_modules/jsdom/lib/jsdom/living/events/EventTarget-impl.js:233:9)
      at HTMLUnknownElementImpl.dispatchEvent 
(node_modules/jsdom/lib/jsdom/living/events/EventTarget-impl.js:104:17)
      at HTMLUnknownElement.dispatchEvent 
(node_modules/jsdom/lib/jsdom/living/generated/EventTarget.js:241:34)
      at Object.invokeGuardedCallbackDev 
(node_modules/react-dom/cjs/react-dom.development.js:4213:16)
      at invokeGuardedCallback 
(node_modules/react-dom/cjs/react-dom.development.js:4277:31)
      at invokeGuardedCallbackAndCatchFirstError 
(node_modules/react-dom/cjs/react-dom.development.js:4291:25)
      at executeDispatch 
(node_modules/react-dom/cjs/react-dom.development.js:9041:3)
      at processDispatchQueueItemsInOrder 
(node_modules/react-dom/cjs/react-dom.development.js:9073:7)
      at processDispatchQueue 
(node_modules/react-dom/cjs/react-dom.development.js:9086:5)
      at dispatchEventsForPlugins 
(node_modules/react-dom/cjs/react-dom.development.js:9097:3)
      at node_modules/react-dom/cjs/react-dom.development.js:9288:12
      at batchedUpdates$1 
(node_modules/react-dom/cjs/react-dom.development.js:26179:12)
      at batchedUpdates 
(node_modules/react-dom/cjs/react-dom.development.js:3991:12)
      at dispatchEventForPluginEventSystem 
(node_modules/react-dom/cjs/react-dom.development.js:9287:3)
      at dispatchEventWithEnableCapturePhaseSelectiveHydrationWithoutDiscreteEv
entReplay (node_modules/react-dom/cjs/react-dom.development.js:6465:5)
      at dispatchEvent 
(node_modules/react-dom/cjs/react-dom.development.js:6457:5)
      at dispatchDiscreteEvent 
(node_modules/react-dom/cjs/react-dom.development.js:6430:5)
      at HTMLDivElement.callTheUserObjectsOperation 
(node_modules/jsdom/lib/jsdom/living/generated/EventListener.js:26:30)
      at innerInvokeEventListeners 
(node_modules/jsdom/lib/jsdom/living/events/EventTarget-impl.js:350:25)
      at invokeEventListeners 
(node_modules/jsdom/lib/jsdom/living/events/EventTarget-impl.js:286:3)
      at HTMLInputElementImpl._dispatch 
(node_modules/jsdom/lib/jsdom/living/events/EventTarget-impl.js:233:9)
      at HTMLInputElementImpl.dispatchEvent 
(node_modules/jsdom/lib/jsdom/living/events/EventTarget-impl.js:104:17)
      at HTMLInputElement.dispatchEvent 
(node_modules/jsdom/lib/jsdom/living/generated/EventTarget.js:241:34)
      at 
node_modules/@testing-library/user-event/dist/cjs/event/dispatchEvent.js:45:43
      at Object.eventWrapper 
(node_modules/@testing-library/dom/dist/config.js:25:23)
      at Object.wrapEvent 
(node_modules/@testing-library/user-event/dist/cjs/event/wrapEvent.js:6:28)
      at Object.dispatchEvent (node_modules/@testing-library/user-event/dist/cj
s/event/dispatchEvent.js:45:22)
      at Object.dispatchUIEvent (node_modules/@testing-library/user-event/dist/
cjs/event/dispatchEvent.js:22:26)
      at commitInput 
(node_modules/@testing-library/user-event/dist/cjs/event/input.js:145:14)
      at editInputElement 
(node_modules/@testing-library/user-event/dist/cjs/event/input.js:115:9)
      at Object.input 
(node_modules/@testing-library/user-event/dist/cjs/event/input.js:37:9)
      at node_modules/@testing-library/user-event/dist/cjs/event/behavior/keypr
ess.js:31:26
      at Object.dispatchEvent (node_modules/@testing-library/user-event/dist/cj
s/event/dispatchEvent.js:41:13)
      at Object.dispatchUIEvent (node_modules/@testing-library/user-event/dist/
cjs/event/dispatchEvent.js:22:26)
      at KeyboardHost.keydown 
(node_modules/@testing-library/user-event/dist/cjs/system/keyboard.js:76:22)
      at keyboardAction 
(node_modules/@testing-library/user-event/dist/cjs/keyboard/index.js:22:35)
      at Object.keyboard 
(node_modules/@testing-library/user-event/dist/cjs/keyboard/index.js:11:15)
      at Object.type 
(node_modules/@testing-library/user-event/dist/cjs/utility/type.js:17:5)
      at Object.<anonymous> (src/profile/profile.test.tsx:193:9)

    console.error
      Warning: An update to ProfilePage inside a test was not wrapped in 
act(...).
      
      When testing, code that causes React state updates should be wrapped 
into act(...):
      
      act(() => {
        /* fire events that update state */
      });
      /* assert on the output */
      
      This ensures that you're testing the behavior the user would see in the 
browser. Learn more at https://reactjs.org/link/wrap-tests-with-act
          at ProfilePage 
(C:\Users\samhe\OneDrive\Desktop\Cleaned\frontend\src\profile\index.tsx:25:41)
          at basenameProp (C:\Users\samhe\OneDrive\Desktop\Cleaned\frontend\nod
e_modules\react-router\lib\components.tsx:421:13)
          at basename (C:\Users\samhe\OneDrive\Desktop\Cleaned\frontend\node_mo
dules\react-router\lib\components.tsx:225:3)

      180 |               className="border border-gray-300 rounded-md px-3 
py-2 text-sm"
      181 |               value={newPassword}
    > 182 |               onChange={e => setNewPassword(e.target.value)}
          |                              ^
      183 |             />
      184 |             <p className="text-xs text-gray-500">
      185 |               Minimum 8 characters, at least 1 uppercase letter 
and 1 number.

      at printWarning 
(node_modules/react-dom/cjs/react-dom.development.js:86:30)
      at error (node_modules/react-dom/cjs/react-dom.development.js:60:7)
      at warnIfUpdatesNotWrappedWithActDEV 
(node_modules/react-dom/cjs/react-dom.development.js:27628:9)
      at scheduleUpdateOnFiber 
(node_modules/react-dom/cjs/react-dom.development.js:25547:5)
      at dispatchSetState 
(node_modules/react-dom/cjs/react-dom.development.js:16708:7)
      at onChange (src/profile/index.tsx:182:30)
      at HTMLUnknownElement.callCallback 
(node_modules/react-dom/cjs/react-dom.development.js:4164:14)
      at HTMLUnknownElement.callTheUserObjectsOperation 
(node_modules/jsdom/lib/jsdom/living/generated/EventListener.js:26:30)
      at innerInvokeEventListeners 
(node_modules/jsdom/lib/jsdom/living/events/EventTarget-impl.js:350:25)
      at invokeEventListeners 
(node_modules/jsdom/lib/jsdom/living/events/EventTarget-impl.js:286:3)
      at HTMLUnknownElementImpl._dispatch 
(node_modules/jsdom/lib/jsdom/living/events/EventTarget-impl.js:233:9)
      at HTMLUnknownElementImpl.dispatchEvent 
(node_modules/jsdom/lib/jsdom/living/events/EventTarget-impl.js:104:17)
      at HTMLUnknownElement.dispatchEvent 
(node_modules/jsdom/lib/jsdom/living/generated/EventTarget.js:241:34)
      at Object.invokeGuardedCallbackDev 
(node_modules/react-dom/cjs/react-dom.development.js:4213:16)
      at invokeGuardedCallback 
(node_modules/react-dom/cjs/react-dom.development.js:4277:31)
      at invokeGuardedCallbackAndCatchFirstError 
(node_modules/react-dom/cjs/react-dom.development.js:4291:25)
      at executeDispatch 
(node_modules/react-dom/cjs/react-dom.development.js:9041:3)
      at processDispatchQueueItemsInOrder 
(node_modules/react-dom/cjs/react-dom.development.js:9073:7)
      at processDispatchQueue 
(node_modules/react-dom/cjs/react-dom.development.js:9086:5)
      at dispatchEventsForPlugins 
(node_modules/react-dom/cjs/react-dom.development.js:9097:3)
      at node_modules/react-dom/cjs/react-dom.development.js:9288:12
      at batchedUpdates$1 
(node_modules/react-dom/cjs/react-dom.development.js:26179:12)
      at batchedUpdates 
(node_modules/react-dom/cjs/react-dom.development.js:3991:12)
      at dispatchEventForPluginEventSystem 
(node_modules/react-dom/cjs/react-dom.development.js:9287:3)
      at dispatchEventWithEnableCapturePhaseSelectiveHydrationWithoutDiscreteEv
entReplay (node_modules/react-dom/cjs/react-dom.development.js:6465:5)
      at dispatchEvent 
(node_modules/react-dom/cjs/react-dom.development.js:6457:5)
      at dispatchDiscreteEvent 
(node_modules/react-dom/cjs/react-dom.development.js:6430:5)
      at HTMLDivElement.callTheUserObjectsOperation 
(node_modules/jsdom/lib/jsdom/living/generated/EventListener.js:26:30)
      at innerInvokeEventListeners 
(node_modules/jsdom/lib/jsdom/living/events/EventTarget-impl.js:350:25)
      at invokeEventListeners 
(node_modules/jsdom/lib/jsdom/living/events/EventTarget-impl.js:286:3)
      at HTMLInputElementImpl._dispatch 
(node_modules/jsdom/lib/jsdom/living/events/EventTarget-impl.js:233:9)
      at HTMLInputElementImpl.dispatchEvent 
(node_modules/jsdom/lib/jsdom/living/events/EventTarget-impl.js:104:17)
      at HTMLInputElement.dispatchEvent 
(node_modules/jsdom/lib/jsdom/living/generated/EventTarget.js:241:34)
      at 
node_modules/@testing-library/user-event/dist/cjs/event/dispatchEvent.js:45:43
      at Object.eventWrapper 
(node_modules/@testing-library/dom/dist/config.js:25:23)
      at Object.wrapEvent 
(node_modules/@testing-library/user-event/dist/cjs/event/wrapEvent.js:6:28)
      at Object.dispatchEvent (node_modules/@testing-library/user-event/dist/cj
s/event/dispatchEvent.js:45:22)
      at Object.dispatchUIEvent (node_modules/@testing-library/user-event/dist/
cjs/event/dispatchEvent.js:22:26)
      at commitInput 
(node_modules/@testing-library/user-event/dist/cjs/event/input.js:145:14)
      at editInputElement 
(node_modules/@testing-library/user-event/dist/cjs/event/input.js:115:9)
      at Object.input 
(node_modules/@testing-library/user-event/dist/cjs/event/input.js:37:9)
      at node_modules/@testing-library/user-event/dist/cjs/event/behavior/keypr
ess.js:31:26
      at Object.dispatchEvent (node_modules/@testing-library/user-event/dist/cj
s/event/dispatchEvent.js:41:13)
      at Object.dispatchUIEvent (node_modules/@testing-library/user-event/dist/
cjs/event/dispatchEvent.js:22:26)
      at KeyboardHost.keydown 
(node_modules/@testing-library/user-event/dist/cjs/system/keyboard.js:76:22)
      at keyboardAction 
(node_modules/@testing-library/user-event/dist/cjs/keyboard/index.js:22:35)
      at Object.keyboard 
(node_modules/@testing-library/user-event/dist/cjs/keyboard/index.js:11:15)
      at Object.type 
(node_modules/@testing-library/user-event/dist/cjs/utility/type.js:17:5)
      at Object.<anonymous> (src/profile/profile.test.tsx:193:9)

    console.error
      Warning: An update to ProfilePage inside a test was not wrapped in 
act(...).
      
      When testing, code that causes React state updates should be wrapped 
into act(...):
      
      act(() => {
        /* fire events that update state */
      });
      /* assert on the output */
      
      This ensures that you're testing the behavior the user would see in the 
browser. Learn more at https://reactjs.org/link/wrap-tests-with-act
          at ProfilePage 
(C:\Users\samhe\OneDrive\Desktop\Cleaned\frontend\src\profile\index.tsx:25:41)
          at basenameProp (C:\Users\samhe\OneDrive\Desktop\Cleaned\frontend\nod
e_modules\react-router\lib\components.tsx:421:13)
          at basename (C:\Users\samhe\OneDrive\Desktop\Cleaned\frontend\node_mo
dules\react-router\lib\components.tsx:225:3)

      180 |               className="border border-gray-300 rounded-md px-3 
py-2 text-sm"
      181 |               value={newPassword}
    > 182 |               onChange={e => setNewPassword(e.target.value)}
          |                              ^
      183 |             />
      184 |             <p className="text-xs text-gray-500">
      185 |               Minimum 8 characters, at least 1 uppercase letter 
and 1 number.

      at printWarning 
(node_modules/react-dom/cjs/react-dom.development.js:86:30)
      at error (node_modules/react-dom/cjs/react-dom.development.js:60:7)
      at warnIfUpdatesNotWrappedWithActDEV 
(node_modules/react-dom/cjs/react-dom.development.js:27628:9)
      at scheduleUpdateOnFiber 
(node_modules/react-dom/cjs/react-dom.development.js:25547:5)
      at dispatchSetState 
(node_modules/react-dom/cjs/react-dom.development.js:16708:7)
      at onChange (src/profile/index.tsx:182:30)
      at HTMLUnknownElement.callCallback 
(node_modules/react-dom/cjs/react-dom.development.js:4164:14)
      at HTMLUnknownElement.callTheUserObjectsOperation 
(node_modules/jsdom/lib/jsdom/living/generated/EventListener.js:26:30)
      at innerInvokeEventListeners 
(node_modules/jsdom/lib/jsdom/living/events/EventTarget-impl.js:350:25)
      at invokeEventListeners 
(node_modules/jsdom/lib/jsdom/living/events/EventTarget-impl.js:286:3)
      at HTMLUnknownElementImpl._dispatch 
(node_modules/jsdom/lib/jsdom/living/events/EventTarget-impl.js:233:9)
      at HTMLUnknownElementImpl.dispatchEvent 
(node_modules/jsdom/lib/jsdom/living/events/EventTarget-impl.js:104:17)
      at HTMLUnknownElement.dispatchEvent 
(node_modules/jsdom/lib/jsdom/living/generated/EventTarget.js:241:34)
      at Object.invokeGuardedCallbackDev 
(node_modules/react-dom/cjs/react-dom.development.js:4213:16)
      at invokeGuardedCallback 
(node_modules/react-dom/cjs/react-dom.development.js:4277:31)
      at invokeGuardedCallbackAndCatchFirstError 
(node_modules/react-dom/cjs/react-dom.development.js:4291:25)
      at executeDispatch 
(node_modules/react-dom/cjs/react-dom.development.js:9041:3)
      at processDispatchQueueItemsInOrder 
(node_modules/react-dom/cjs/react-dom.development.js:9073:7)
      at processDispatchQueue 
(node_modules/react-dom/cjs/react-dom.development.js:9086:5)
      at dispatchEventsForPlugins 
(node_modules/react-dom/cjs/react-dom.development.js:9097:3)
      at node_modules/react-dom/cjs/react-dom.development.js:9288:12
      at batchedUpdates$1 
(node_modules/react-dom/cjs/react-dom.development.js:26179:12)
      at batchedUpdates 
(node_modules/react-dom/cjs/react-dom.development.js:3991:12)
      at dispatchEventForPluginEventSystem 
(node_modules/react-dom/cjs/react-dom.development.js:9287:3)
      at dispatchEventWithEnableCapturePhaseSelectiveHydrationWithoutDiscreteEv
entReplay (node_modules/react-dom/cjs/react-dom.development.js:6465:5)
      at dispatchEvent 
(node_modules/react-dom/cjs/react-dom.development.js:6457:5)
      at dispatchDiscreteEvent 
(node_modules/react-dom/cjs/react-dom.development.js:6430:5)
      at HTMLDivElement.callTheUserObjectsOperation 
(node_modules/jsdom/lib/jsdom/living/generated/EventListener.js:26:30)
      at innerInvokeEventListeners 
(node_modules/jsdom/lib/jsdom/living/events/EventTarget-impl.js:350:25)
      at invokeEventListeners 
(node_modules/jsdom/lib/jsdom/living/events/EventTarget-impl.js:286:3)
      at HTMLInputElementImpl._dispatch 
(node_modules/jsdom/lib/jsdom/living/events/EventTarget-impl.js:233:9)
      at HTMLInputElementImpl.dispatchEvent 
(node_modules/jsdom/lib/jsdom/living/events/EventTarget-impl.js:104:17)
      at HTMLInputElement.dispatchEvent 
(node_modules/jsdom/lib/jsdom/living/generated/EventTarget.js:241:34)
      at 
node_modules/@testing-library/user-event/dist/cjs/event/dispatchEvent.js:45:43
      at Object.eventWrapper 
(node_modules/@testing-library/dom/dist/config.js:25:23)
      at Object.wrapEvent 
(node_modules/@testing-library/user-event/dist/cjs/event/wrapEvent.js:6:28)
      at Object.dispatchEvent (node_modules/@testing-library/user-event/dist/cj
s/event/dispatchEvent.js:45:22)
      at Object.dispatchUIEvent (node_modules/@testing-library/user-event/dist/
cjs/event/dispatchEvent.js:22:26)
      at commitInput 
(node_modules/@testing-library/user-event/dist/cjs/event/input.js:145:14)
      at editInputElement 
(node_modules/@testing-library/user-event/dist/cjs/event/input.js:115:9)
      at Object.input 
(node_modules/@testing-library/user-event/dist/cjs/event/input.js:37:9)
      at node_modules/@testing-library/user-event/dist/cjs/event/behavior/keypr
ess.js:31:26
      at Object.dispatchEvent (node_modules/@testing-library/user-event/dist/cj
s/event/dispatchEvent.js:41:13)
      at Object.dispatchUIEvent (node_modules/@testing-library/user-event/dist/
cjs/event/dispatchEvent.js:22:26)
      at KeyboardHost.keydown 
(node_modules/@testing-library/user-event/dist/cjs/system/keyboard.js:76:22)
      at keyboardAction 
(node_modules/@testing-library/user-event/dist/cjs/keyboard/index.js:22:35)
      at Object.keyboard 
(node_modules/@testing-library/user-event/dist/cjs/keyboard/index.js:11:15)
      at Object.type 
(node_modules/@testing-library/user-event/dist/cjs/utility/type.js:17:5)
      at Object.<anonymous> (src/profile/profile.test.tsx:193:9)

    console.error
      Warning: An update to ProfilePage inside a test was not wrapped in 
act(...).
      
      When testing, code that causes React state updates should be wrapped 
into act(...):
      
      act(() => {
        /* fire events that update state */
      });
      /* assert on the output */
      
      This ensures that you're testing the behavior the user would see in the 
browser. Learn more at https://reactjs.org/link/wrap-tests-with-act
          at ProfilePage 
(C:\Users\samhe\OneDrive\Desktop\Cleaned\frontend\src\profile\index.tsx:25:41)
          at basenameProp (C:\Users\samhe\OneDrive\Desktop\Cleaned\frontend\nod
e_modules\react-router\lib\components.tsx:421:13)
          at basename (C:\Users\samhe\OneDrive\Desktop\Cleaned\frontend\node_mo
dules\react-router\lib\components.tsx:225:3)

      180 |               className="border border-gray-300 rounded-md px-3 
py-2 text-sm"
      181 |               value={newPassword}
    > 182 |               onChange={e => setNewPassword(e.target.value)}
          |                              ^
      183 |             />
      184 |             <p className="text-xs text-gray-500">
      185 |               Minimum 8 characters, at least 1 uppercase letter 
and 1 number.

      at printWarning 
(node_modules/react-dom/cjs/react-dom.development.js:86:30)
      at error (node_modules/react-dom/cjs/react-dom.development.js:60:7)
      at warnIfUpdatesNotWrappedWithActDEV 
(node_modules/react-dom/cjs/react-dom.development.js:27628:9)
      at scheduleUpdateOnFiber 
(node_modules/react-dom/cjs/react-dom.development.js:25547:5)
      at dispatchSetState 
(node_modules/react-dom/cjs/react-dom.development.js:16708:7)
      at onChange (src/profile/index.tsx:182:30)
      at HTMLUnknownElement.callCallback 
(node_modules/react-dom/cjs/react-dom.development.js:4164:14)
      at HTMLUnknownElement.callTheUserObjectsOperation 
(node_modules/jsdom/lib/jsdom/living/generated/EventListener.js:26:30)
      at innerInvokeEventListeners 
(node_modules/jsdom/lib/jsdom/living/events/EventTarget-impl.js:350:25)
      at invokeEventListeners 
(node_modules/jsdom/lib/jsdom/living/events/EventTarget-impl.js:286:3)
      at HTMLUnknownElementImpl._dispatch 
(node_modules/jsdom/lib/jsdom/living/events/EventTarget-impl.js:233:9)
      at HTMLUnknownElementImpl.dispatchEvent 
(node_modules/jsdom/lib/jsdom/living/events/EventTarget-impl.js:104:17)
      at HTMLUnknownElement.dispatchEvent 
(node_modules/jsdom/lib/jsdom/living/generated/EventTarget.js:241:34)
      at Object.invokeGuardedCallbackDev 
(node_modules/react-dom/cjs/react-dom.development.js:4213:16)
      at invokeGuardedCallback 
(node_modules/react-dom/cjs/react-dom.development.js:4277:31)
      at invokeGuardedCallbackAndCatchFirstError 
(node_modules/react-dom/cjs/react-dom.development.js:4291:25)
      at executeDispatch 
(node_modules/react-dom/cjs/react-dom.development.js:9041:3)
      at processDispatchQueueItemsInOrder 
(node_modules/react-dom/cjs/react-dom.development.js:9073:7)
      at processDispatchQueue 
(node_modules/react-dom/cjs/react-dom.development.js:9086:5)
      at dispatchEventsForPlugins 
(node_modules/react-dom/cjs/react-dom.development.js:9097:3)
      at node_modules/react-dom/cjs/react-dom.development.js:9288:12
      at batchedUpdates$1 
(node_modules/react-dom/cjs/react-dom.development.js:26179:12)
      at batchedUpdates 
(node_modules/react-dom/cjs/react-dom.development.js:3991:12)
      at dispatchEventForPluginEventSystem 
(node_modules/react-dom/cjs/react-dom.development.js:9287:3)
      at dispatchEventWithEnableCapturePhaseSelectiveHydrationWithoutDiscreteEv
entReplay (node_modules/react-dom/cjs/react-dom.development.js:6465:5)
      at dispatchEvent 
(node_modules/react-dom/cjs/react-dom.development.js:6457:5)
      at dispatchDiscreteEvent 
(node_modules/react-dom/cjs/react-dom.development.js:6430:5)
      at HTMLDivElement.callTheUserObjectsOperation 
(node_modules/jsdom/lib/jsdom/living/generated/EventListener.js:26:30)
      at innerInvokeEventListeners 
(node_modules/jsdom/lib/jsdom/living/events/EventTarget-impl.js:350:25)
      at invokeEventListeners 
(node_modules/jsdom/lib/jsdom/living/events/EventTarget-impl.js:286:3)
      at HTMLInputElementImpl._dispatch 
(node_modules/jsdom/lib/jsdom/living/events/EventTarget-impl.js:233:9)
      at HTMLInputElementImpl.dispatchEvent 
(node_modules/jsdom/lib/jsdom/living/events/EventTarget-impl.js:104:17)
      at HTMLInputElement.dispatchEvent 
(node_modules/jsdom/lib/jsdom/living/generated/EventTarget.js:241:34)
      at 
node_modules/@testing-library/user-event/dist/cjs/event/dispatchEvent.js:45:43
      at Object.eventWrapper 
(node_modules/@testing-library/dom/dist/config.js:25:23)
      at Object.wrapEvent 
(node_modules/@testing-library/user-event/dist/cjs/event/wrapEvent.js:6:28)
      at Object.dispatchEvent (node_modules/@testing-library/user-event/dist/cj
s/event/dispatchEvent.js:45:22)
      at Object.dispatchUIEvent (node_modules/@testing-library/user-event/dist/
cjs/event/dispatchEvent.js:22:26)
      at commitInput 
(node_modules/@testing-library/user-event/dist/cjs/event/input.js:145:14)
      at editInputElement 
(node_modules/@testing-library/user-event/dist/cjs/event/input.js:115:9)
      at Object.input 
(node_modules/@testing-library/user-event/dist/cjs/event/input.js:37:9)
      at node_modules/@testing-library/user-event/dist/cjs/event/behavior/keypr
ess.js:31:26
      at Object.dispatchEvent (node_modules/@testing-library/user-event/dist/cj
s/event/dispatchEvent.js:41:13)
      at Object.dispatchUIEvent (node_modules/@testing-library/user-event/dist/
cjs/event/dispatchEvent.js:22:26)
      at KeyboardHost.keydown 
(node_modules/@testing-library/user-event/dist/cjs/system/keyboard.js:76:22)
      at keyboardAction 
(node_modules/@testing-library/user-event/dist/cjs/keyboard/index.js:22:35)
      at Object.keyboard 
(node_modules/@testing-library/user-event/dist/cjs/keyboard/index.js:11:15)
      at Object.type 
(node_modules/@testing-library/user-event/dist/cjs/utility/type.js:17:5)
      at Object.<anonymous> (src/profile/profile.test.tsx:193:9)

    console.error
      Warning: An update to ProfilePage inside a test was not wrapped in 
act(...).
      
      When testing, code that causes React state updates should be wrapped 
into act(...):
      
      act(() => {
        /* fire events that update state */
      });
      /* assert on the output */
      
      This ensures that you're testing the behavior the user would see in the 
browser. Learn more at https://reactjs.org/link/wrap-tests-with-act
          at ProfilePage 
(C:\Users\samhe\OneDrive\Desktop\Cleaned\frontend\src\profile\index.tsx:25:41)
          at basenameProp (C:\Users\samhe\OneDrive\Desktop\Cleaned\frontend\nod
e_modules\react-router\lib\components.tsx:421:13)
          at basename (C:\Users\samhe\OneDrive\Desktop\Cleaned\frontend\node_mo
dules\react-router\lib\components.tsx:225:3)

      180 |               className="border border-gray-300 rounded-md px-3 
py-2 text-sm"
      181 |               value={newPassword}
    > 182 |               onChange={e => setNewPassword(e.target.value)}
          |                              ^
      183 |             />
      184 |             <p className="text-xs text-gray-500">
      185 |               Minimum 8 characters, at least 1 uppercase letter 
and 1 number.

      at printWarning 
(node_modules/react-dom/cjs/react-dom.development.js:86:30)
      at error (node_modules/react-dom/cjs/react-dom.development.js:60:7)
      at warnIfUpdatesNotWrappedWithActDEV 
(node_modules/react-dom/cjs/react-dom.development.js:27628:9)
      at scheduleUpdateOnFiber 
(node_modules/react-dom/cjs/react-dom.development.js:25547:5)
      at dispatchSetState 
(node_modules/react-dom/cjs/react-dom.development.js:16708:7)
      at onChange (src/profile/index.tsx:182:30)
      at HTMLUnknownElement.callCallback 
(node_modules/react-dom/cjs/react-dom.development.js:4164:14)
      at HTMLUnknownElement.callTheUserObjectsOperation 
(node_modules/jsdom/lib/jsdom/living/generated/EventListener.js:26:30)
      at innerInvokeEventListeners 
(node_modules/jsdom/lib/jsdom/living/events/EventTarget-impl.js:350:25)
      at invokeEventListeners 
(node_modules/jsdom/lib/jsdom/living/events/EventTarget-impl.js:286:3)
      at HTMLUnknownElementImpl._dispatch 
(node_modules/jsdom/lib/jsdom/living/events/EventTarget-impl.js:233:9)
      at HTMLUnknownElementImpl.dispatchEvent 
(node_modules/jsdom/lib/jsdom/living/events/EventTarget-impl.js:104:17)
      at HTMLUnknownElement.dispatchEvent 
(node_modules/jsdom/lib/jsdom/living/generated/EventTarget.js:241:34)
      at Object.invokeGuardedCallbackDev 
(node_modules/react-dom/cjs/react-dom.development.js:4213:16)
      at invokeGuardedCallback 
(node_modules/react-dom/cjs/react-dom.development.js:4277:31)
      at invokeGuardedCallbackAndCatchFirstError 
(node_modules/react-dom/cjs/react-dom.development.js:4291:25)
      at executeDispatch 
(node_modules/react-dom/cjs/react-dom.development.js:9041:3)
      at processDispatchQueueItemsInOrder 
(node_modules/react-dom/cjs/react-dom.development.js:9073:7)
      at processDispatchQueue 
(node_modules/react-dom/cjs/react-dom.development.js:9086:5)
      at dispatchEventsForPlugins 
(node_modules/react-dom/cjs/react-dom.development.js:9097:3)
      at node_modules/react-dom/cjs/react-dom.development.js:9288:12
      at batchedUpdates$1 
(node_modules/react-dom/cjs/react-dom.development.js:26179:12)
      at batchedUpdates 
(node_modules/react-dom/cjs/react-dom.development.js:3991:12)
      at dispatchEventForPluginEventSystem 
(node_modules/react-dom/cjs/react-dom.development.js:9287:3)
      at dispatchEventWithEnableCapturePhaseSelectiveHydrationWithoutDiscreteEv
entReplay (node_modules/react-dom/cjs/react-dom.development.js:6465:5)
      at dispatchEvent 
(node_modules/react-dom/cjs/react-dom.development.js:6457:5)
      at dispatchDiscreteEvent 
(node_modules/react-dom/cjs/react-dom.development.js:6430:5)
      at HTMLDivElement.callTheUserObjectsOperation 
(node_modules/jsdom/lib/jsdom/living/generated/EventListener.js:26:30)
      at innerInvokeEventListeners 
(node_modules/jsdom/lib/jsdom/living/events/EventTarget-impl.js:350:25)
      at invokeEventListeners 
(node_modules/jsdom/lib/jsdom/living/events/EventTarget-impl.js:286:3)
      at HTMLInputElementImpl._dispatch 
(node_modules/jsdom/lib/jsdom/living/events/EventTarget-impl.js:233:9)
      at HTMLInputElementImpl.dispatchEvent 
(node_modules/jsdom/lib/jsdom/living/events/EventTarget-impl.js:104:17)
      at HTMLInputElement.dispatchEvent 
(node_modules/jsdom/lib/jsdom/living/generated/EventTarget.js:241:34)
      at 
node_modules/@testing-library/user-event/dist/cjs/event/dispatchEvent.js:45:43
      at Object.eventWrapper 
(node_modules/@testing-library/dom/dist/config.js:25:23)
      at Object.wrapEvent 
(node_modules/@testing-library/user-event/dist/cjs/event/wrapEvent.js:6:28)
      at Object.dispatchEvent (node_modules/@testing-library/user-event/dist/cj
s/event/dispatchEvent.js:45:22)
      at Object.dispatchUIEvent (node_modules/@testing-library/user-event/dist/
cjs/event/dispatchEvent.js:22:26)
      at commitInput 
(node_modules/@testing-library/user-event/dist/cjs/event/input.js:145:14)
      at editInputElement 
(node_modules/@testing-library/user-event/dist/cjs/event/input.js:115:9)
      at Object.input 
(node_modules/@testing-library/user-event/dist/cjs/event/input.js:37:9)
      at node_modules/@testing-library/user-event/dist/cjs/event/behavior/keypr
ess.js:31:26
      at Object.dispatchEvent (node_modules/@testing-library/user-event/dist/cj
s/event/dispatchEvent.js:41:13)
      at Object.dispatchUIEvent (node_modules/@testing-library/user-event/dist/
cjs/event/dispatchEvent.js:22:26)
      at KeyboardHost.keydown 
(node_modules/@testing-library/user-event/dist/cjs/system/keyboard.js:76:22)
      at keyboardAction 
(node_modules/@testing-library/user-event/dist/cjs/keyboard/index.js:22:35)
      at Object.keyboard 
(node_modules/@testing-library/user-event/dist/cjs/keyboard/index.js:11:15)
      at Object.type 
(node_modules/@testing-library/user-event/dist/cjs/utility/type.js:17:5)
      at Object.<anonymous> (src/profile/profile.test.tsx:193:9)

    console.error
      Warning: An update to ProfilePage inside a test was not wrapped in 
act(...).
      
      When testing, code that causes React state updates should be wrapped 
into act(...):
      
      act(() => {
        /* fire events that update state */
      });
      /* assert on the output */
      
      This ensures that you're testing the behavior the user would see in the 
browser. Learn more at https://reactjs.org/link/wrap-tests-with-act
          at ProfilePage 
(C:\Users\samhe\OneDrive\Desktop\Cleaned\frontend\src\profile\index.tsx:25:41)
          at basenameProp (C:\Users\samhe\OneDrive\Desktop\Cleaned\frontend\nod
e_modules\react-router\lib\components.tsx:421:13)
          at basename (C:\Users\samhe\OneDrive\Desktop\Cleaned\frontend\node_mo
dules\react-router\lib\components.tsx:225:3)

      180 |               className="border border-gray-300 rounded-md px-3 
py-2 text-sm"
      181 |               value={newPassword}
    > 182 |               onChange={e => setNewPassword(e.target.value)}
          |                              ^
      183 |             />
      184 |             <p className="text-xs text-gray-500">
      185 |               Minimum 8 characters, at least 1 uppercase letter 
and 1 number.

      at printWarning 
(node_modules/react-dom/cjs/react-dom.development.js:86:30)
      at error (node_modules/react-dom/cjs/react-dom.development.js:60:7)
      at warnIfUpdatesNotWrappedWithActDEV 
(node_modules/react-dom/cjs/react-dom.development.js:27628:9)
      at scheduleUpdateOnFiber 
(node_modules/react-dom/cjs/react-dom.development.js:25547:5)
      at dispatchSetState 
(node_modules/react-dom/cjs/react-dom.development.js:16708:7)
      at onChange (src/profile/index.tsx:182:30)
      at HTMLUnknownElement.callCallback 
(node_modules/react-dom/cjs/react-dom.development.js:4164:14)
      at HTMLUnknownElement.callTheUserObjectsOperation 
(node_modules/jsdom/lib/jsdom/living/generated/EventListener.js:26:30)
      at innerInvokeEventListeners 
(node_modules/jsdom/lib/jsdom/living/events/EventTarget-impl.js:350:25)
      at invokeEventListeners 
(node_modules/jsdom/lib/jsdom/living/events/EventTarget-impl.js:286:3)
      at HTMLUnknownElementImpl._dispatch 
(node_modules/jsdom/lib/jsdom/living/events/EventTarget-impl.js:233:9)
      at HTMLUnknownElementImpl.dispatchEvent 
(node_modules/jsdom/lib/jsdom/living/events/EventTarget-impl.js:104:17)
      at HTMLUnknownElement.dispatchEvent 
(node_modules/jsdom/lib/jsdom/living/generated/EventTarget.js:241:34)
      at Object.invokeGuardedCallbackDev 
(node_modules/react-dom/cjs/react-dom.development.js:4213:16)
      at invokeGuardedCallback 
(node_modules/react-dom/cjs/react-dom.development.js:4277:31)
      at invokeGuardedCallbackAndCatchFirstError 
(node_modules/react-dom/cjs/react-dom.development.js:4291:25)
      at executeDispatch 
(node_modules/react-dom/cjs/react-dom.development.js:9041:3)
      at processDispatchQueueItemsInOrder 
(node_modules/react-dom/cjs/react-dom.development.js:9073:7)
      at processDispatchQueue 
(node_modules/react-dom/cjs/react-dom.development.js:9086:5)
      at dispatchEventsForPlugins 
(node_modules/react-dom/cjs/react-dom.development.js:9097:3)
      at node_modules/react-dom/cjs/react-dom.development.js:9288:12
      at batchedUpdates$1 
(node_modules/react-dom/cjs/react-dom.development.js:26179:12)
      at batchedUpdates 
(node_modules/react-dom/cjs/react-dom.development.js:3991:12)
      at dispatchEventForPluginEventSystem 
(node_modules/react-dom/cjs/react-dom.development.js:9287:3)
      at dispatchEventWithEnableCapturePhaseSelectiveHydrationWithoutDiscreteEv
entReplay (node_modules/react-dom/cjs/react-dom.development.js:6465:5)
      at dispatchEvent 
(node_modules/react-dom/cjs/react-dom.development.js:6457:5)
      at dispatchDiscreteEvent 
(node_modules/react-dom/cjs/react-dom.development.js:6430:5)
      at HTMLDivElement.callTheUserObjectsOperation 
(node_modules/jsdom/lib/jsdom/living/generated/EventListener.js:26:30)
      at innerInvokeEventListeners 
(node_modules/jsdom/lib/jsdom/living/events/EventTarget-impl.js:350:25)
      at invokeEventListeners 
(node_modules/jsdom/lib/jsdom/living/events/EventTarget-impl.js:286:3)
      at HTMLInputElementImpl._dispatch 
(node_modules/jsdom/lib/jsdom/living/events/EventTarget-impl.js:233:9)
      at HTMLInputElementImpl.dispatchEvent 
(node_modules/jsdom/lib/jsdom/living/events/EventTarget-impl.js:104:17)
      at HTMLInputElement.dispatchEvent 
(node_modules/jsdom/lib/jsdom/living/generated/EventTarget.js:241:34)
      at 
node_modules/@testing-library/user-event/dist/cjs/event/dispatchEvent.js:45:43
      at Object.eventWrapper 
(node_modules/@testing-library/dom/dist/config.js:25:23)
      at Object.wrapEvent 
(node_modules/@testing-library/user-event/dist/cjs/event/wrapEvent.js:6:28)
      at Object.dispatchEvent (node_modules/@testing-library/user-event/dist/cj
s/event/dispatchEvent.js:45:22)
      at Object.dispatchUIEvent (node_modules/@testing-library/user-event/dist/
cjs/event/dispatchEvent.js:22:26)
      at commitInput 
(node_modules/@testing-library/user-event/dist/cjs/event/input.js:145:14)
      at editInputElement 
(node_modules/@testing-library/user-event/dist/cjs/event/input.js:115:9)
      at Object.input 
(node_modules/@testing-library/user-event/dist/cjs/event/input.js:37:9)
      at node_modules/@testing-library/user-event/dist/cjs/event/behavior/keypr
ess.js:31:26
      at Object.dispatchEvent (node_modules/@testing-library/user-event/dist/cj
s/event/dispatchEvent.js:41:13)
      at Object.dispatchUIEvent (node_modules/@testing-library/user-event/dist/
cjs/event/dispatchEvent.js:22:26)
      at KeyboardHost.keydown 
(node_modules/@testing-library/user-event/dist/cjs/system/keyboard.js:76:22)
      at keyboardAction 
(node_modules/@testing-library/user-event/dist/cjs/keyboard/index.js:22:35)
      at Object.keyboard 
(node_modules/@testing-library/user-event/dist/cjs/keyboard/index.js:11:15)
      at Object.type 
(node_modules/@testing-library/user-event/dist/cjs/utility/type.js:17:5)
      at Object.<anonymous> (src/profile/profile.test.tsx:193:9)

    console.error
      Warning: An update to ProfilePage inside a test was not wrapped in 
act(...).
      
      When testing, code that causes React state updates should be wrapped 
into act(...):
      
      act(() => {
        /* fire events that update state */
      });
      /* assert on the output */
      
      This ensures that you're testing the behavior the user would see in the 
browser. Learn more at https://reactjs.org/link/wrap-tests-with-act
          at ProfilePage 
(C:\Users\samhe\OneDrive\Desktop\Cleaned\frontend\src\profile\index.tsx:25:41)
          at basenameProp (C:\Users\samhe\OneDrive\Desktop\Cleaned\frontend\nod
e_modules\react-router\lib\components.tsx:421:13)
          at basename (C:\Users\samhe\OneDrive\Desktop\Cleaned\frontend\node_mo
dules\react-router\lib\components.tsx:225:3)

      180 |               className="border border-gray-300 rounded-md px-3 
py-2 text-sm"
      181 |               value={newPassword}
    > 182 |               onChange={e => setNewPassword(e.target.value)}
          |                              ^
      183 |             />
      184 |             <p className="text-xs text-gray-500">
      185 |               Minimum 8 characters, at least 1 uppercase letter 
and 1 number.

      at printWarning 
(node_modules/react-dom/cjs/react-dom.development.js:86:30)
      at error (node_modules/react-dom/cjs/react-dom.development.js:60:7)
      at warnIfUpdatesNotWrappedWithActDEV 
(node_modules/react-dom/cjs/react-dom.development.js:27628:9)
      at scheduleUpdateOnFiber 
(node_modules/react-dom/cjs/react-dom.development.js:25547:5)
      at dispatchSetState 
(node_modules/react-dom/cjs/react-dom.development.js:16708:7)
      at onChange (src/profile/index.tsx:182:30)
      at HTMLUnknownElement.callCallback 
(node_modules/react-dom/cjs/react-dom.development.js:4164:14)
      at HTMLUnknownElement.callTheUserObjectsOperation 
(node_modules/jsdom/lib/jsdom/living/generated/EventListener.js:26:30)
      at innerInvokeEventListeners 
(node_modules/jsdom/lib/jsdom/living/events/EventTarget-impl.js:350:25)
      at invokeEventListeners 
(node_modules/jsdom/lib/jsdom/living/events/EventTarget-impl.js:286:3)
      at HTMLUnknownElementImpl._dispatch 
(node_modules/jsdom/lib/jsdom/living/events/EventTarget-impl.js:233:9)
      at HTMLUnknownElementImpl.dispatchEvent 
(node_modules/jsdom/lib/jsdom/living/events/EventTarget-impl.js:104:17)
      at HTMLUnknownElement.dispatchEvent 
(node_modules/jsdom/lib/jsdom/living/generated/EventTarget.js:241:34)
      at Object.invokeGuardedCallbackDev 
(node_modules/react-dom/cjs/react-dom.development.js:4213:16)
      at invokeGuardedCallback 
(node_modules/react-dom/cjs/react-dom.development.js:4277:31)
      at invokeGuardedCallbackAndCatchFirstError 
(node_modules/react-dom/cjs/react-dom.development.js:4291:25)
      at executeDispatch 
(node_modules/react-dom/cjs/react-dom.development.js:9041:3)
      at processDispatchQueueItemsInOrder 
(node_modules/react-dom/cjs/react-dom.development.js:9073:7)
      at processDispatchQueue 
(node_modules/react-dom/cjs/react-dom.development.js:9086:5)
      at dispatchEventsForPlugins 
(node_modules/react-dom/cjs/react-dom.development.js:9097:3)
      at node_modules/react-dom/cjs/react-dom.development.js:9288:12
      at batchedUpdates$1 
(node_modules/react-dom/cjs/react-dom.development.js:26179:12)
      at batchedUpdates 
(node_modules/react-dom/cjs/react-dom.development.js:3991:12)
      at dispatchEventForPluginEventSystem 
(node_modules/react-dom/cjs/react-dom.development.js:9287:3)
      at dispatchEventWithEnableCapturePhaseSelectiveHydrationWithoutDiscreteEv
entReplay (node_modules/react-dom/cjs/react-dom.development.js:6465:5)
      at dispatchEvent 
(node_modules/react-dom/cjs/react-dom.development.js:6457:5)
      at dispatchDiscreteEvent 
(node_modules/react-dom/cjs/react-dom.development.js:6430:5)
      at HTMLDivElement.callTheUserObjectsOperation 
(node_modules/jsdom/lib/jsdom/living/generated/EventListener.js:26:30)
      at innerInvokeEventListeners 
(node_modules/jsdom/lib/jsdom/living/events/EventTarget-impl.js:350:25)
      at invokeEventListeners 
(node_modules/jsdom/lib/jsdom/living/events/EventTarget-impl.js:286:3)
      at HTMLInputElementImpl._dispatch 
(node_modules/jsdom/lib/jsdom/living/events/EventTarget-impl.js:233:9)
      at HTMLInputElementImpl.dispatchEvent 
(node_modules/jsdom/lib/jsdom/living/events/EventTarget-impl.js:104:17)
      at HTMLInputElement.dispatchEvent 
(node_modules/jsdom/lib/jsdom/living/generated/EventTarget.js:241:34)
      at 
node_modules/@testing-library/user-event/dist/cjs/event/dispatchEvent.js:45:43
      at Object.eventWrapper 
(node_modules/@testing-library/dom/dist/config.js:25:23)
      at Object.wrapEvent 
(node_modules/@testing-library/user-event/dist/cjs/event/wrapEvent.js:6:28)
      at Object.dispatchEvent (node_modules/@testing-library/user-event/dist/cj
s/event/dispatchEvent.js:45:22)
      at Object.dispatchUIEvent (node_modules/@testing-library/user-event/dist/
cjs/event/dispatchEvent.js:22:26)
      at commitInput 
(node_modules/@testing-library/user-event/dist/cjs/event/input.js:145:14)
      at editInputElement 
(node_modules/@testing-library/user-event/dist/cjs/event/input.js:115:9)
      at Object.input 
(node_modules/@testing-library/user-event/dist/cjs/event/input.js:37:9)
      at node_modules/@testing-library/user-event/dist/cjs/event/behavior/keypr
ess.js:31:26
      at Object.dispatchEvent (node_modules/@testing-library/user-event/dist/cj
s/event/dispatchEvent.js:41:13)
      at Object.dispatchUIEvent (node_modules/@testing-library/user-event/dist/
cjs/event/dispatchEvent.js:22:26)
      at KeyboardHost.keydown 
(node_modules/@testing-library/user-event/dist/cjs/system/keyboard.js:76:22)
      at keyboardAction 
(node_modules/@testing-library/user-event/dist/cjs/keyboard/index.js:22:35)
      at Object.keyboard 
(node_modules/@testing-library/user-event/dist/cjs/keyboard/index.js:11:15)
      at Object.type 
(node_modules/@testing-library/user-event/dist/cjs/utility/type.js:17:5)
      at Object.<anonymous> (src/profile/profile.test.tsx:193:9)

    console.error
      Warning: An update to ProfilePage inside a test was not wrapped in 
act(...).
      
      When testing, code that causes React state updates should be wrapped 
into act(...):
      
      act(() => {
        /* fire events that update state */
      });
      /* assert on the output */
      
      This ensures that you're testing the behavior the user would see in the 
browser. Learn more at https://reactjs.org/link/wrap-tests-with-act
          at ProfilePage 
(C:\Users\samhe\OneDrive\Desktop\Cleaned\frontend\src\profile\index.tsx:25:41)
          at basenameProp (C:\Users\samhe\OneDrive\Desktop\Cleaned\frontend\nod
e_modules\react-router\lib\components.tsx:421:13)
          at basename (C:\Users\samhe\OneDrive\Desktop\Cleaned\frontend\node_mo
dules\react-router\lib\components.tsx:225:3)

      180 |               className="border border-gray-300 rounded-md px-3 
py-2 text-sm"
      181 |               value={newPassword}
    > 182 |               onChange={e => setNewPassword(e.target.value)}
          |                              ^
      183 |             />
      184 |             <p className="text-xs text-gray-500">
      185 |               Minimum 8 characters, at least 1 uppercase letter 
and 1 number.

      at printWarning 
(node_modules/react-dom/cjs/react-dom.development.js:86:30)
      at error (node_modules/react-dom/cjs/react-dom.development.js:60:7)
      at warnIfUpdatesNotWrappedWithActDEV 
(node_modules/react-dom/cjs/react-dom.development.js:27628:9)
      at scheduleUpdateOnFiber 
(node_modules/react-dom/cjs/react-dom.development.js:25547:5)
      at dispatchSetState 
(node_modules/react-dom/cjs/react-dom.development.js:16708:7)
      at onChange (src/profile/index.tsx:182:30)
      at HTMLUnknownElement.callCallback 
(node_modules/react-dom/cjs/react-dom.development.js:4164:14)
      at HTMLUnknownElement.callTheUserObjectsOperation 
(node_modules/jsdom/lib/jsdom/living/generated/EventListener.js:26:30)
      at innerInvokeEventListeners 
(node_modules/jsdom/lib/jsdom/living/events/EventTarget-impl.js:350:25)
      at invokeEventListeners 
(node_modules/jsdom/lib/jsdom/living/events/EventTarget-impl.js:286:3)
      at HTMLUnknownElementImpl._dispatch 
(node_modules/jsdom/lib/jsdom/living/events/EventTarget-impl.js:233:9)
      at HTMLUnknownElementImpl.dispatchEvent 
(node_modules/jsdom/lib/jsdom/living/events/EventTarget-impl.js:104:17)
      at HTMLUnknownElement.dispatchEvent 
(node_modules/jsdom/lib/jsdom/living/generated/EventTarget.js:241:34)
      at Object.invokeGuardedCallbackDev 
(node_modules/react-dom/cjs/react-dom.development.js:4213:16)
      at invokeGuardedCallback 
(node_modules/react-dom/cjs/react-dom.development.js:4277:31)
      at invokeGuardedCallbackAndCatchFirstError 
(node_modules/react-dom/cjs/react-dom.development.js:4291:25)
      at executeDispatch 
(node_modules/react-dom/cjs/react-dom.development.js:9041:3)
      at processDispatchQueueItemsInOrder 
(node_modules/react-dom/cjs/react-dom.development.js:9073:7)
      at processDispatchQueue 
(node_modules/react-dom/cjs/react-dom.development.js:9086:5)
      at dispatchEventsForPlugins 
(node_modules/react-dom/cjs/react-dom.development.js:9097:3)
      at node_modules/react-dom/cjs/react-dom.development.js:9288:12
      at batchedUpdates$1 
(node_modules/react-dom/cjs/react-dom.development.js:26179:12)
      at batchedUpdates 
(node_modules/react-dom/cjs/react-dom.development.js:3991:12)
      at dispatchEventForPluginEventSystem 
(node_modules/react-dom/cjs/react-dom.development.js:9287:3)
      at dispatchEventWithEnableCapturePhaseSelectiveHydrationWithoutDiscreteEv
entReplay (node_modules/react-dom/cjs/react-dom.development.js:6465:5)
      at dispatchEvent 
(node_modules/react-dom/cjs/react-dom.development.js:6457:5)
      at dispatchDiscreteEvent 
(node_modules/react-dom/cjs/react-dom.development.js:6430:5)
      at HTMLDivElement.callTheUserObjectsOperation 
(node_modules/jsdom/lib/jsdom/living/generated/EventListener.js:26:30)
      at innerInvokeEventListeners 
(node_modules/jsdom/lib/jsdom/living/events/EventTarget-impl.js:350:25)
      at invokeEventListeners 
(node_modules/jsdom/lib/jsdom/living/events/EventTarget-impl.js:286:3)
      at HTMLInputElementImpl._dispatch 
(node_modules/jsdom/lib/jsdom/living/events/EventTarget-impl.js:233:9)
      at HTMLInputElementImpl.dispatchEvent 
(node_modules/jsdom/lib/jsdom/living/events/EventTarget-impl.js:104:17)
      at HTMLInputElement.dispatchEvent 
(node_modules/jsdom/lib/jsdom/living/generated/EventTarget.js:241:34)
      at 
node_modules/@testing-library/user-event/dist/cjs/event/dispatchEvent.js:45:43
      at Object.eventWrapper 
(node_modules/@testing-library/dom/dist/config.js:25:23)
      at Object.wrapEvent 
(node_modules/@testing-library/user-event/dist/cjs/event/wrapEvent.js:6:28)
      at Object.dispatchEvent (node_modules/@testing-library/user-event/dist/cj
s/event/dispatchEvent.js:45:22)
      at Object.dispatchUIEvent (node_modules/@testing-library/user-event/dist/
cjs/event/dispatchEvent.js:22:26)
      at commitInput 
(node_modules/@testing-library/user-event/dist/cjs/event/input.js:145:14)
      at editInputElement 
(node_modules/@testing-library/user-event/dist/cjs/event/input.js:115:9)
      at Object.input 
(node_modules/@testing-library/user-event/dist/cjs/event/input.js:37:9)
      at node_modules/@testing-library/user-event/dist/cjs/event/behavior/keypr
ess.js:31:26
      at Object.dispatchEvent (node_modules/@testing-library/user-event/dist/cj
s/event/dispatchEvent.js:41:13)
      at Object.dispatchUIEvent (node_modules/@testing-library/user-event/dist/
cjs/event/dispatchEvent.js:22:26)
      at KeyboardHost.keydown 
(node_modules/@testing-library/user-event/dist/cjs/system/keyboard.js:76:22)
      at keyboardAction 
(node_modules/@testing-library/user-event/dist/cjs/keyboard/index.js:22:35)
      at Object.keyboard 
(node_modules/@testing-library/user-event/dist/cjs/keyboard/index.js:11:15)
      at Object.type 
(node_modules/@testing-library/user-event/dist/cjs/utility/type.js:17:5)
      at Object.<anonymous> (src/profile/profile.test.tsx:193:9)

    console.error
      Warning: An update to ProfilePage inside a test was not wrapped in 
act(...).
      
      When testing, code that causes React state updates should be wrapped 
into act(...):
      
      act(() => {
        /* fire events that update state */
      });
      /* assert on the output */
      
      This ensures that you're testing the behavior the user would see in the 
browser. Learn more at https://reactjs.org/link/wrap-tests-with-act
          at ProfilePage 
(C:\Users\samhe\OneDrive\Desktop\Cleaned\frontend\src\profile\index.tsx:25:41)
          at basenameProp (C:\Users\samhe\OneDrive\Desktop\Cleaned\frontend\nod
e_modules\react-router\lib\components.tsx:421:13)
          at basename (C:\Users\samhe\OneDrive\Desktop\Cleaned\frontend\node_mo
dules\react-router\lib\components.tsx:225:3)

      196 |               className="border border-gray-300 rounded-md px-3 
py-2 text-sm"
      197 |               value={confirmPassword}
    > 198 |               onChange={e => setConfirmPassword(e.target.value)}
          |                              ^
      199 |             />
      200 |             {confirmPassword && !passwordsMatch && (
      201 |               <p className="text-sm text-red-600">Passwords do not 
match</p>

      at printWarning 
(node_modules/react-dom/cjs/react-dom.development.js:86:30)
      at error (node_modules/react-dom/cjs/react-dom.development.js:60:7)
      at warnIfUpdatesNotWrappedWithActDEV 
(node_modules/react-dom/cjs/react-dom.development.js:27628:9)
      at scheduleUpdateOnFiber 
(node_modules/react-dom/cjs/react-dom.development.js:25547:5)
      at dispatchSetState 
(node_modules/react-dom/cjs/react-dom.development.js:16708:7)
      at onChange (src/profile/index.tsx:198:30)
      at HTMLUnknownElement.callCallback 
(node_modules/react-dom/cjs/react-dom.development.js:4164:14)
      at HTMLUnknownElement.callTheUserObjectsOperation 
(node_modules/jsdom/lib/jsdom/living/generated/EventListener.js:26:30)
      at innerInvokeEventListeners 
(node_modules/jsdom/lib/jsdom/living/events/EventTarget-impl.js:350:25)
      at invokeEventListeners 
(node_modules/jsdom/lib/jsdom/living/events/EventTarget-impl.js:286:3)
      at HTMLUnknownElementImpl._dispatch 
(node_modules/jsdom/lib/jsdom/living/events/EventTarget-impl.js:233:9)
      at HTMLUnknownElementImpl.dispatchEvent 
(node_modules/jsdom/lib/jsdom/living/events/EventTarget-impl.js:104:17)
      at HTMLUnknownElement.dispatchEvent 
(node_modules/jsdom/lib/jsdom/living/generated/EventTarget.js:241:34)
      at Object.invokeGuardedCallbackDev 
(node_modules/react-dom/cjs/react-dom.development.js:4213:16)
      at invokeGuardedCallback 
(node_modules/react-dom/cjs/react-dom.development.js:4277:31)
      at invokeGuardedCallbackAndCatchFirstError 
(node_modules/react-dom/cjs/react-dom.development.js:4291:25)
      at executeDispatch 
(node_modules/react-dom/cjs/react-dom.development.js:9041:3)
      at processDispatchQueueItemsInOrder 
(node_modules/react-dom/cjs/react-dom.development.js:9073:7)
      at processDispatchQueue 
(node_modules/react-dom/cjs/react-dom.development.js:9086:5)
      at dispatchEventsForPlugins 
(node_modules/react-dom/cjs/react-dom.development.js:9097:3)
      at node_modules/react-dom/cjs/react-dom.development.js:9288:12
      at batchedUpdates$1 
(node_modules/react-dom/cjs/react-dom.development.js:26179:12)
      at batchedUpdates 
(node_modules/react-dom/cjs/react-dom.development.js:3991:12)
      at dispatchEventForPluginEventSystem 
(node_modules/react-dom/cjs/react-dom.development.js:9287:3)
      at dispatchEventWithEnableCapturePhaseSelectiveHydrationWithoutDiscreteEv
entReplay (node_modules/react-dom/cjs/react-dom.development.js:6465:5)
      at dispatchEvent 
(node_modules/react-dom/cjs/react-dom.development.js:6457:5)
      at dispatchDiscreteEvent 
(node_modules/react-dom/cjs/react-dom.development.js:6430:5)
      at HTMLDivElement.callTheUserObjectsOperation 
(node_modules/jsdom/lib/jsdom/living/generated/EventListener.js:26:30)
      at innerInvokeEventListeners 
(node_modules/jsdom/lib/jsdom/living/events/EventTarget-impl.js:350:25)
      at invokeEventListeners 
(node_modules/jsdom/lib/jsdom/living/events/EventTarget-impl.js:286:3)
      at HTMLInputElementImpl._dispatch 
(node_modules/jsdom/lib/jsdom/living/events/EventTarget-impl.js:233:9)
      at HTMLInputElementImpl.dispatchEvent 
(node_modules/jsdom/lib/jsdom/living/events/EventTarget-impl.js:104:17)
      at HTMLInputElement.dispatchEvent 
(node_modules/jsdom/lib/jsdom/living/generated/EventTarget.js:241:34)
      at 
node_modules/@testing-library/user-event/dist/cjs/event/dispatchEvent.js:45:43
      at Object.eventWrapper 
(node_modules/@testing-library/dom/dist/config.js:25:23)
      at Object.wrapEvent 
(node_modules/@testing-library/user-event/dist/cjs/event/wrapEvent.js:6:28)
      at Object.dispatchEvent (node_modules/@testing-library/user-event/dist/cj
s/event/dispatchEvent.js:45:22)
      at Object.dispatchUIEvent (node_modules/@testing-library/user-event/dist/
cjs/event/dispatchEvent.js:22:26)
      at commitInput 
(node_modules/@testing-library/user-event/dist/cjs/event/input.js:145:14)
      at editInputElement 
(node_modules/@testing-library/user-event/dist/cjs/event/input.js:115:9)
      at Object.input 
(node_modules/@testing-library/user-event/dist/cjs/event/input.js:37:9)
      at node_modules/@testing-library/user-event/dist/cjs/event/behavior/keypr
ess.js:31:26
      at Object.dispatchEvent (node_modules/@testing-library/user-event/dist/cj
s/event/dispatchEvent.js:41:13)
      at Object.dispatchUIEvent (node_modules/@testing-library/user-event/dist/
cjs/event/dispatchEvent.js:22:26)
      at KeyboardHost.keydown 
(node_modules/@testing-library/user-event/dist/cjs/system/keyboard.js:76:22)
      at keyboardAction 
(node_modules/@testing-library/user-event/dist/cjs/keyboard/index.js:22:35)
      at Object.keyboard 
(node_modules/@testing-library/user-event/dist/cjs/keyboard/index.js:11:15)
      at Object.type 
(node_modules/@testing-library/user-event/dist/cjs/utility/type.js:17:5)
      at Object.<anonymous> (src/profile/profile.test.tsx:194:9)

    console.error
      Warning: An update to ProfilePage inside a test was not wrapped in 
act(...).
      
      When testing, code that causes React state updates should be wrapped 
into act(...):
      
      act(() => {
        /* fire events that update state */
      });
      /* assert on the output */
      
      This ensures that you're testing the behavior the user would see in the 
browser. Learn more at https://reactjs.org/link/wrap-tests-with-act
          at ProfilePage 
(C:\Users\samhe\OneDrive\Desktop\Cleaned\frontend\src\profile\index.tsx:25:41)
          at basenameProp (C:\Users\samhe\OneDrive\Desktop\Cleaned\frontend\nod
e_modules\react-router\lib\components.tsx:421:13)
          at basename (C:\Users\samhe\OneDrive\Desktop\Cleaned\frontend\node_mo
dules\react-router\lib\components.tsx:225:3)

      196 |               className="border border-gray-300 rounded-md px-3 
py-2 text-sm"
      197 |               value={confirmPassword}
    > 198 |               onChange={e => setConfirmPassword(e.target.value)}
          |                              ^
      199 |             />
      200 |             {confirmPassword && !passwordsMatch && (
      201 |               <p className="text-sm text-red-600">Passwords do not 
match</p>

      at printWarning 
(node_modules/react-dom/cjs/react-dom.development.js:86:30)
      at error (node_modules/react-dom/cjs/react-dom.development.js:60:7)
      at warnIfUpdatesNotWrappedWithActDEV 
(node_modules/react-dom/cjs/react-dom.development.js:27628:9)
      at scheduleUpdateOnFiber 
(node_modules/react-dom/cjs/react-dom.development.js:25547:5)
      at dispatchSetState 
(node_modules/react-dom/cjs/react-dom.development.js:16708:7)
      at onChange (src/profile/index.tsx:198:30)
      at HTMLUnknownElement.callCallback 
(node_modules/react-dom/cjs/react-dom.development.js:4164:14)
      at HTMLUnknownElement.callTheUserObjectsOperation 
(node_modules/jsdom/lib/jsdom/living/generated/EventListener.js:26:30)
      at innerInvokeEventListeners 
(node_modules/jsdom/lib/jsdom/living/events/EventTarget-impl.js:350:25)
      at invokeEventListeners 
(node_modules/jsdom/lib/jsdom/living/events/EventTarget-impl.js:286:3)
      at HTMLUnknownElementImpl._dispatch 
(node_modules/jsdom/lib/jsdom/living/events/EventTarget-impl.js:233:9)
      at HTMLUnknownElementImpl.dispatchEvent 
(node_modules/jsdom/lib/jsdom/living/events/EventTarget-impl.js:104:17)
      at HTMLUnknownElement.dispatchEvent 
(node_modules/jsdom/lib/jsdom/living/generated/EventTarget.js:241:34)
      at Object.invokeGuardedCallbackDev 
(node_modules/react-dom/cjs/react-dom.development.js:4213:16)
      at invokeGuardedCallback 
(node_modules/react-dom/cjs/react-dom.development.js:4277:31)
      at invokeGuardedCallbackAndCatchFirstError 
(node_modules/react-dom/cjs/react-dom.development.js:4291:25)
      at executeDispatch 
(node_modules/react-dom/cjs/react-dom.development.js:9041:3)
      at processDispatchQueueItemsInOrder 
(node_modules/react-dom/cjs/react-dom.development.js:9073:7)
      at processDispatchQueue 
(node_modules/react-dom/cjs/react-dom.development.js:9086:5)
      at dispatchEventsForPlugins 
(node_modules/react-dom/cjs/react-dom.development.js:9097:3)
      at node_modules/react-dom/cjs/react-dom.development.js:9288:12
      at batchedUpdates$1 
(node_modules/react-dom/cjs/react-dom.development.js:26179:12)
      at batchedUpdates 
(node_modules/react-dom/cjs/react-dom.development.js:3991:12)
      at dispatchEventForPluginEventSystem 
(node_modules/react-dom/cjs/react-dom.development.js:9287:3)
      at dispatchEventWithEnableCapturePhaseSelectiveHydrationWithoutDiscreteEv
entReplay (node_modules/react-dom/cjs/react-dom.development.js:6465:5)
      at dispatchEvent 
(node_modules/react-dom/cjs/react-dom.development.js:6457:5)
      at dispatchDiscreteEvent 
(node_modules/react-dom/cjs/react-dom.development.js:6430:5)
      at HTMLDivElement.callTheUserObjectsOperation 
(node_modules/jsdom/lib/jsdom/living/generated/EventListener.js:26:30)
      at innerInvokeEventListeners 
(node_modules/jsdom/lib/jsdom/living/events/EventTarget-impl.js:350:25)
      at invokeEventListeners 
(node_modules/jsdom/lib/jsdom/living/events/EventTarget-impl.js:286:3)
      at HTMLInputElementImpl._dispatch 
(node_modules/jsdom/lib/jsdom/living/events/EventTarget-impl.js:233:9)
      at HTMLInputElementImpl.dispatchEvent 
(node_modules/jsdom/lib/jsdom/living/events/EventTarget-impl.js:104:17)
      at HTMLInputElement.dispatchEvent 
(node_modules/jsdom/lib/jsdom/living/generated/EventTarget.js:241:34)
      at 
node_modules/@testing-library/user-event/dist/cjs/event/dispatchEvent.js:45:43
      at Object.eventWrapper 
(node_modules/@testing-library/dom/dist/config.js:25:23)
      at Object.wrapEvent 
(node_modules/@testing-library/user-event/dist/cjs/event/wrapEvent.js:6:28)
      at Object.dispatchEvent (node_modules/@testing-library/user-event/dist/cj
s/event/dispatchEvent.js:45:22)
      at Object.dispatchUIEvent (node_modules/@testing-library/user-event/dist/
cjs/event/dispatchEvent.js:22:26)
      at commitInput 
(node_modules/@testing-library/user-event/dist/cjs/event/input.js:145:14)
      at editInputElement 
(node_modules/@testing-library/user-event/dist/cjs/event/input.js:115:9)
      at Object.input 
(node_modules/@testing-library/user-event/dist/cjs/event/input.js:37:9)
      at node_modules/@testing-library/user-event/dist/cjs/event/behavior/keypr
ess.js:31:26
      at Object.dispatchEvent (node_modules/@testing-library/user-event/dist/cj
s/event/dispatchEvent.js:41:13)
      at Object.dispatchUIEvent (node_modules/@testing-library/user-event/dist/
cjs/event/dispatchEvent.js:22:26)
      at KeyboardHost.keydown 
(node_modules/@testing-library/user-event/dist/cjs/system/keyboard.js:76:22)
      at keyboardAction 
(node_modules/@testing-library/user-event/dist/cjs/keyboard/index.js:22:35)
      at Object.keyboard 
(node_modules/@testing-library/user-event/dist/cjs/keyboard/index.js:11:15)
      at Object.type 
(node_modules/@testing-library/user-event/dist/cjs/utility/type.js:17:5)
      at Object.<anonymous> (src/profile/profile.test.tsx:194:9)

    console.error
      Warning: An update to ProfilePage inside a test was not wrapped in 
act(...).
      
      When testing, code that causes React state updates should be wrapped 
into act(...):
      
      act(() => {
        /* fire events that update state */
      });
      /* assert on the output */
      
      This ensures that you're testing the behavior the user would see in the 
browser. Learn more at https://reactjs.org/link/wrap-tests-with-act
          at ProfilePage 
(C:\Users\samhe\OneDrive\Desktop\Cleaned\frontend\src\profile\index.tsx:25:41)
          at basenameProp (C:\Users\samhe\OneDrive\Desktop\Cleaned\frontend\nod
e_modules\react-router\lib\components.tsx:421:13)
          at basename (C:\Users\samhe\OneDrive\Desktop\Cleaned\frontend\node_mo
dules\react-router\lib\components.tsx:225:3)

      196 |               className="border border-gray-300 rounded-md px-3 
py-2 text-sm"
      197 |               value={confirmPassword}
    > 198 |               onChange={e => setConfirmPassword(e.target.value)}
          |                              ^
      199 |             />
      200 |             {confirmPassword && !passwordsMatch && (
      201 |               <p className="text-sm text-red-600">Passwords do not 
match</p>

      at printWarning 
(node_modules/react-dom/cjs/react-dom.development.js:86:30)
      at error (node_modules/react-dom/cjs/react-dom.development.js:60:7)
      at warnIfUpdatesNotWrappedWithActDEV 
(node_modules/react-dom/cjs/react-dom.development.js:27628:9)
      at scheduleUpdateOnFiber 
(node_modules/react-dom/cjs/react-dom.development.js:25547:5)
      at dispatchSetState 
(node_modules/react-dom/cjs/react-dom.development.js:16708:7)
      at onChange (src/profile/index.tsx:198:30)
      at HTMLUnknownElement.callCallback 
(node_modules/react-dom/cjs/react-dom.development.js:4164:14)
      at HTMLUnknownElement.callTheUserObjectsOperation 
(node_modules/jsdom/lib/jsdom/living/generated/EventListener.js:26:30)
      at innerInvokeEventListeners 
(node_modules/jsdom/lib/jsdom/living/events/EventTarget-impl.js:350:25)
      at invokeEventListeners 
(node_modules/jsdom/lib/jsdom/living/events/EventTarget-impl.js:286:3)
      at HTMLUnknownElementImpl._dispatch 
(node_modules/jsdom/lib/jsdom/living/events/EventTarget-impl.js:233:9)
      at HTMLUnknownElementImpl.dispatchEvent 
(node_modules/jsdom/lib/jsdom/living/events/EventTarget-impl.js:104:17)
      at HTMLUnknownElement.dispatchEvent 
(node_modules/jsdom/lib/jsdom/living/generated/EventTarget.js:241:34)
      at Object.invokeGuardedCallbackDev 
(node_modules/react-dom/cjs/react-dom.development.js:4213:16)
      at invokeGuardedCallback 
(node_modules/react-dom/cjs/react-dom.development.js:4277:31)
      at invokeGuardedCallbackAndCatchFirstError 
(node_modules/react-dom/cjs/react-dom.development.js:4291:25)
      at executeDispatch 
(node_modules/react-dom/cjs/react-dom.development.js:9041:3)
      at processDispatchQueueItemsInOrder 
(node_modules/react-dom/cjs/react-dom.development.js:9073:7)
      at processDispatchQueue 
(node_modules/react-dom/cjs/react-dom.development.js:9086:5)
      at dispatchEventsForPlugins 
(node_modules/react-dom/cjs/react-dom.development.js:9097:3)
      at node_modules/react-dom/cjs/react-dom.development.js:9288:12
      at batchedUpdates$1 
(node_modules/react-dom/cjs/react-dom.development.js:26179:12)
      at batchedUpdates 
(node_modules/react-dom/cjs/react-dom.development.js:3991:12)
      at dispatchEventForPluginEventSystem 
(node_modules/react-dom/cjs/react-dom.development.js:9287:3)
      at dispatchEventWithEnableCapturePhaseSelectiveHydrationWithoutDiscreteEv
entReplay (node_modules/react-dom/cjs/react-dom.development.js:6465:5)
      at dispatchEvent 
(node_modules/react-dom/cjs/react-dom.development.js:6457:5)
      at dispatchDiscreteEvent 
(node_modules/react-dom/cjs/react-dom.development.js:6430:5)
      at HTMLDivElement.callTheUserObjectsOperation 
(node_modules/jsdom/lib/jsdom/living/generated/EventListener.js:26:30)
      at innerInvokeEventListeners 
(node_modules/jsdom/lib/jsdom/living/events/EventTarget-impl.js:350:25)
      at invokeEventListeners 
(node_modules/jsdom/lib/jsdom/living/events/EventTarget-impl.js:286:3)
      at HTMLInputElementImpl._dispatch 
(node_modules/jsdom/lib/jsdom/living/events/EventTarget-impl.js:233:9)
      at HTMLInputElementImpl.dispatchEvent 
(node_modules/jsdom/lib/jsdom/living/events/EventTarget-impl.js:104:17)
      at HTMLInputElement.dispatchEvent 
(node_modules/jsdom/lib/jsdom/living/generated/EventTarget.js:241:34)
      at 
node_modules/@testing-library/user-event/dist/cjs/event/dispatchEvent.js:45:43
      at Object.eventWrapper 
(node_modules/@testing-library/dom/dist/config.js:25:23)
      at Object.wrapEvent 
(node_modules/@testing-library/user-event/dist/cjs/event/wrapEvent.js:6:28)
      at Object.dispatchEvent (node_modules/@testing-library/user-event/dist/cj
s/event/dispatchEvent.js:45:22)
      at Object.dispatchUIEvent (node_modules/@testing-library/user-event/dist/
cjs/event/dispatchEvent.js:22:26)
      at commitInput 
(node_modules/@testing-library/user-event/dist/cjs/event/input.js:145:14)
      at editInputElement 
(node_modules/@testing-library/user-event/dist/cjs/event/input.js:115:9)
      at Object.input 
(node_modules/@testing-library/user-event/dist/cjs/event/input.js:37:9)
      at node_modules/@testing-library/user-event/dist/cjs/event/behavior/keypr
ess.js:31:26
      at Object.dispatchEvent (node_modules/@testing-library/user-event/dist/cj
s/event/dispatchEvent.js:41:13)
      at Object.dispatchUIEvent (node_modules/@testing-library/user-event/dist/
cjs/event/dispatchEvent.js:22:26)
      at KeyboardHost.keydown 
(node_modules/@testing-library/user-event/dist/cjs/system/keyboard.js:76:22)
      at keyboardAction 
(node_modules/@testing-library/user-event/dist/cjs/keyboard/index.js:22:35)
      at Object.keyboard 
(node_modules/@testing-library/user-event/dist/cjs/keyboard/index.js:11:15)
      at Object.type 
(node_modules/@testing-library/user-event/dist/cjs/utility/type.js:17:5)
      at Object.<anonymous> (src/profile/profile.test.tsx:194:9)

    console.error
      Warning: An update to ProfilePage inside a test was not wrapped in 
act(...).
      
      When testing, code that causes React state updates should be wrapped 
into act(...):
      
      act(() => {
        /* fire events that update state */
      });
      /* assert on the output */
      
      This ensures that you're testing the behavior the user would see in the 
browser. Learn more at https://reactjs.org/link/wrap-tests-with-act
          at ProfilePage 
(C:\Users\samhe\OneDrive\Desktop\Cleaned\frontend\src\profile\index.tsx:25:41)
          at basenameProp (C:\Users\samhe\OneDrive\Desktop\Cleaned\frontend\nod
e_modules\react-router\lib\components.tsx:421:13)
          at basename (C:\Users\samhe\OneDrive\Desktop\Cleaned\frontend\node_mo
dules\react-router\lib\components.tsx:225:3)

      196 |               className="border border-gray-300 rounded-md px-3 
py-2 text-sm"
      197 |               value={confirmPassword}
    > 198 |               onChange={e => setConfirmPassword(e.target.value)}
          |                              ^
      199 |             />
      200 |             {confirmPassword && !passwordsMatch && (
      201 |               <p className="text-sm text-red-600">Passwords do not 
match</p>

      at printWarning 
(node_modules/react-dom/cjs/react-dom.development.js:86:30)
      at error (node_modules/react-dom/cjs/react-dom.development.js:60:7)
      at warnIfUpdatesNotWrappedWithActDEV 
(node_modules/react-dom/cjs/react-dom.development.js:27628:9)
      at scheduleUpdateOnFiber 
(node_modules/react-dom/cjs/react-dom.development.js:25547:5)
      at dispatchSetState 
(node_modules/react-dom/cjs/react-dom.development.js:16708:7)
      at onChange (src/profile/index.tsx:198:30)
      at HTMLUnknownElement.callCallback 
(node_modules/react-dom/cjs/react-dom.development.js:4164:14)
      at HTMLUnknownElement.callTheUserObjectsOperation 
(node_modules/jsdom/lib/jsdom/living/generated/EventListener.js:26:30)
      at innerInvokeEventListeners 
(node_modules/jsdom/lib/jsdom/living/events/EventTarget-impl.js:350:25)
      at invokeEventListeners 
(node_modules/jsdom/lib/jsdom/living/events/EventTarget-impl.js:286:3)
      at HTMLUnknownElementImpl._dispatch 
(node_modules/jsdom/lib/jsdom/living/events/EventTarget-impl.js:233:9)
      at HTMLUnknownElementImpl.dispatchEvent 
(node_modules/jsdom/lib/jsdom/living/events/EventTarget-impl.js:104:17)
      at HTMLUnknownElement.dispatchEvent 
(node_modules/jsdom/lib/jsdom/living/generated/EventTarget.js:241:34)
      at Object.invokeGuardedCallbackDev 
(node_modules/react-dom/cjs/react-dom.development.js:4213:16)
      at invokeGuardedCallback 
(node_modules/react-dom/cjs/react-dom.development.js:4277:31)
      at invokeGuardedCallbackAndCatchFirstError 
(node_modules/react-dom/cjs/react-dom.development.js:4291:25)
      at executeDispatch 
(node_modules/react-dom/cjs/react-dom.development.js:9041:3)
      at processDispatchQueueItemsInOrder 
(node_modules/react-dom/cjs/react-dom.development.js:9073:7)
      at processDispatchQueue 
(node_modules/react-dom/cjs/react-dom.development.js:9086:5)
      at dispatchEventsForPlugins 
(node_modules/react-dom/cjs/react-dom.development.js:9097:3)
      at node_modules/react-dom/cjs/react-dom.development.js:9288:12
      at batchedUpdates$1 
(node_modules/react-dom/cjs/react-dom.development.js:26179:12)
      at batchedUpdates 
(node_modules/react-dom/cjs/react-dom.development.js:3991:12)
      at dispatchEventForPluginEventSystem 
(node_modules/react-dom/cjs/react-dom.development.js:9287:3)
      at dispatchEventWithEnableCapturePhaseSelectiveHydrationWithoutDiscreteEv
entReplay (node_modules/react-dom/cjs/react-dom.development.js:6465:5)
      at dispatchEvent 
(node_modules/react-dom/cjs/react-dom.development.js:6457:5)
      at dispatchDiscreteEvent 
(node_modules/react-dom/cjs/react-dom.development.js:6430:5)
      at HTMLDivElement.callTheUserObjectsOperation 
(node_modules/jsdom/lib/jsdom/living/generated/EventListener.js:26:30)
      at innerInvokeEventListeners 
(node_modules/jsdom/lib/jsdom/living/events/EventTarget-impl.js:350:25)
      at invokeEventListeners 
(node_modules/jsdom/lib/jsdom/living/events/EventTarget-impl.js:286:3)
      at HTMLInputElementImpl._dispatch 
(node_modules/jsdom/lib/jsdom/living/events/EventTarget-impl.js:233:9)
      at HTMLInputElementImpl.dispatchEvent 
(node_modules/jsdom/lib/jsdom/living/events/EventTarget-impl.js:104:17)
      at HTMLInputElement.dispatchEvent 
(node_modules/jsdom/lib/jsdom/living/generated/EventTarget.js:241:34)
      at 
node_modules/@testing-library/user-event/dist/cjs/event/dispatchEvent.js:45:43
      at Object.eventWrapper 
(node_modules/@testing-library/dom/dist/config.js:25:23)
      at Object.wrapEvent 
(node_modules/@testing-library/user-event/dist/cjs/event/wrapEvent.js:6:28)
      at Object.dispatchEvent (node_modules/@testing-library/user-event/dist/cj
s/event/dispatchEvent.js:45:22)
      at Object.dispatchUIEvent (node_modules/@testing-library/user-event/dist/
cjs/event/dispatchEvent.js:22:26)
      at commitInput 
(node_modules/@testing-library/user-event/dist/cjs/event/input.js:145:14)
      at editInputElement 
(node_modules/@testing-library/user-event/dist/cjs/event/input.js:115:9)
      at Object.input 
(node_modules/@testing-library/user-event/dist/cjs/event/input.js:37:9)
      at node_modules/@testing-library/user-event/dist/cjs/event/behavior/keypr
ess.js:31:26
      at Object.dispatchEvent (node_modules/@testing-library/user-event/dist/cj
s/event/dispatchEvent.js:41:13)
      at Object.dispatchUIEvent (node_modules/@testing-library/user-event/dist/
cjs/event/dispatchEvent.js:22:26)
      at KeyboardHost.keydown 
(node_modules/@testing-library/user-event/dist/cjs/system/keyboard.js:76:22)
      at keyboardAction 
(node_modules/@testing-library/user-event/dist/cjs/keyboard/index.js:22:35)
      at Object.keyboard 
(node_modules/@testing-library/user-event/dist/cjs/keyboard/index.js:11:15)
      at Object.type 
(node_modules/@testing-library/user-event/dist/cjs/utility/type.js:17:5)
      at Object.<anonymous> (src/profile/profile.test.tsx:194:9)

    console.error
      Warning: An update to ProfilePage inside a test was not wrapped in 
act(...).
      
      When testing, code that causes React state updates should be wrapped 
into act(...):
      
      act(() => {
        /* fire events that update state */
      });
      /* assert on the output */
      
      This ensures that you're testing the behavior the user would see in the 
browser. Learn more at https://reactjs.org/link/wrap-tests-with-act
          at ProfilePage 
(C:\Users\samhe\OneDrive\Desktop\Cleaned\frontend\src\profile\index.tsx:25:41)
          at basenameProp (C:\Users\samhe\OneDrive\Desktop\Cleaned\frontend\nod
e_modules\react-router\lib\components.tsx:421:13)
          at basename (C:\Users\samhe\OneDrive\Desktop\Cleaned\frontend\node_mo
dules\react-router\lib\components.tsx:225:3)

      196 |               className="border border-gray-300 rounded-md px-3 
py-2 text-sm"
      197 |               value={confirmPassword}
    > 198 |               onChange={e => setConfirmPassword(e.target.value)}
          |                              ^
      199 |             />
      200 |             {confirmPassword && !passwordsMatch && (
      201 |               <p className="text-sm text-red-600">Passwords do not 
match</p>

      at printWarning 
(node_modules/react-dom/cjs/react-dom.development.js:86:30)
      at error (node_modules/react-dom/cjs/react-dom.development.js:60:7)
      at warnIfUpdatesNotWrappedWithActDEV 
(node_modules/react-dom/cjs/react-dom.development.js:27628:9)
      at scheduleUpdateOnFiber 
(node_modules/react-dom/cjs/react-dom.development.js:25547:5)
      at dispatchSetState 
(node_modules/react-dom/cjs/react-dom.development.js:16708:7)
      at onChange (src/profile/index.tsx:198:30)
      at HTMLUnknownElement.callCallback 
(node_modules/react-dom/cjs/react-dom.development.js:4164:14)
      at HTMLUnknownElement.callTheUserObjectsOperation 
(node_modules/jsdom/lib/jsdom/living/generated/EventListener.js:26:30)
      at innerInvokeEventListeners 
(node_modules/jsdom/lib/jsdom/living/events/EventTarget-impl.js:350:25)
      at invokeEventListeners 
(node_modules/jsdom/lib/jsdom/living/events/EventTarget-impl.js:286:3)
      at HTMLUnknownElementImpl._dispatch 
(node_modules/jsdom/lib/jsdom/living/events/EventTarget-impl.js:233:9)
      at HTMLUnknownElementImpl.dispatchEvent 
(node_modules/jsdom/lib/jsdom/living/events/EventTarget-impl.js:104:17)
      at HTMLUnknownElement.dispatchEvent 
(node_modules/jsdom/lib/jsdom/living/generated/EventTarget.js:241:34)
      at Object.invokeGuardedCallbackDev 
(node_modules/react-dom/cjs/react-dom.development.js:4213:16)
      at invokeGuardedCallback 
(node_modules/react-dom/cjs/react-dom.development.js:4277:31)
      at invokeGuardedCallbackAndCatchFirstError 
(node_modules/react-dom/cjs/react-dom.development.js:4291:25)
      at executeDispatch 
(node_modules/react-dom/cjs/react-dom.development.js:9041:3)
      at processDispatchQueueItemsInOrder 
(node_modules/react-dom/cjs/react-dom.development.js:9073:7)
      at processDispatchQueue 
(node_modules/react-dom/cjs/react-dom.development.js:9086:5)
      at dispatchEventsForPlugins 
(node_modules/react-dom/cjs/react-dom.development.js:9097:3)
      at node_modules/react-dom/cjs/react-dom.development.js:9288:12
      at batchedUpdates$1 
(node_modules/react-dom/cjs/react-dom.development.js:26179:12)
      at batchedUpdates 
(node_modules/react-dom/cjs/react-dom.development.js:3991:12)
      at dispatchEventForPluginEventSystem 
(node_modules/react-dom/cjs/react-dom.development.js:9287:3)
      at dispatchEventWithEnableCapturePhaseSelectiveHydrationWithoutDiscreteEv
entReplay (node_modules/react-dom/cjs/react-dom.development.js:6465:5)
      at dispatchEvent 
(node_modules/react-dom/cjs/react-dom.development.js:6457:5)
      at dispatchDiscreteEvent 
(node_modules/react-dom/cjs/react-dom.development.js:6430:5)
      at HTMLDivElement.callTheUserObjectsOperation 
(node_modules/jsdom/lib/jsdom/living/generated/EventListener.js:26:30)
      at innerInvokeEventListeners 
(node_modules/jsdom/lib/jsdom/living/events/EventTarget-impl.js:350:25)
      at invokeEventListeners 
(node_modules/jsdom/lib/jsdom/living/events/EventTarget-impl.js:286:3)
      at HTMLInputElementImpl._dispatch 
(node_modules/jsdom/lib/jsdom/living/events/EventTarget-impl.js:233:9)
      at HTMLInputElementImpl.dispatchEvent 
(node_modules/jsdom/lib/jsdom/living/events/EventTarget-impl.js:104:17)
      at HTMLInputElement.dispatchEvent 
(node_modules/jsdom/lib/jsdom/living/generated/EventTarget.js:241:34)
      at 
node_modules/@testing-library/user-event/dist/cjs/event/dispatchEvent.js:45:43
      at Object.eventWrapper 
(node_modules/@testing-library/dom/dist/config.js:25:23)
      at Object.wrapEvent 
(node_modules/@testing-library/user-event/dist/cjs/event/wrapEvent.js:6:28)
      at Object.dispatchEvent (node_modules/@testing-library/user-event/dist/cj
s/event/dispatchEvent.js:45:22)
      at Object.dispatchUIEvent (node_modules/@testing-library/user-event/dist/
cjs/event/dispatchEvent.js:22:26)
      at commitInput 
(node_modules/@testing-library/user-event/dist/cjs/event/input.js:145:14)
      at editInputElement 
(node_modules/@testing-library/user-event/dist/cjs/event/input.js:115:9)
      at Object.input 
(node_modules/@testing-library/user-event/dist/cjs/event/input.js:37:9)
      at node_modules/@testing-library/user-event/dist/cjs/event/behavior/keypr
ess.js:31:26
      at Object.dispatchEvent (node_modules/@testing-library/user-event/dist/cj
s/event/dispatchEvent.js:41:13)
      at Object.dispatchUIEvent (node_modules/@testing-library/user-event/dist/
cjs/event/dispatchEvent.js:22:26)
      at KeyboardHost.keydown 
(node_modules/@testing-library/user-event/dist/cjs/system/keyboard.js:76:22)
      at keyboardAction 
(node_modules/@testing-library/user-event/dist/cjs/keyboard/index.js:22:35)
      at Object.keyboard 
(node_modules/@testing-library/user-event/dist/cjs/keyboard/index.js:11:15)
      at Object.type 
(node_modules/@testing-library/user-event/dist/cjs/utility/type.js:17:5)
      at Object.<anonymous> (src/profile/profile.test.tsx:194:9)

    console.error
      Warning: An update to ProfilePage inside a test was not wrapped in 
act(...).
      
      When testing, code that causes React state updates should be wrapped 
into act(...):
      
      act(() => {
        /* fire events that update state */
      });
      /* assert on the output */
      
      This ensures that you're testing the behavior the user would see in the 
browser. Learn more at https://reactjs.org/link/wrap-tests-with-act
          at ProfilePage 
(C:\Users\samhe\OneDrive\Desktop\Cleaned\frontend\src\profile\index.tsx:25:41)
          at basenameProp (C:\Users\samhe\OneDrive\Desktop\Cleaned\frontend\nod
e_modules\react-router\lib\components.tsx:421:13)
          at basename (C:\Users\samhe\OneDrive\Desktop\Cleaned\frontend\node_mo
dules\react-router\lib\components.tsx:225:3)

      196 |               className="border border-gray-300 rounded-md px-3 
py-2 text-sm"
      197 |               value={confirmPassword}
    > 198 |               onChange={e => setConfirmPassword(e.target.value)}
          |                              ^
      199 |             />
      200 |             {confirmPassword && !passwordsMatch && (
      201 |               <p className="text-sm text-red-600">Passwords do not 
match</p>

      at printWarning 
(node_modules/react-dom/cjs/react-dom.development.js:86:30)
      at error (node_modules/react-dom/cjs/react-dom.development.js:60:7)
      at warnIfUpdatesNotWrappedWithActDEV 
(node_modules/react-dom/cjs/react-dom.development.js:27628:9)
      at scheduleUpdateOnFiber 
(node_modules/react-dom/cjs/react-dom.development.js:25547:5)
      at dispatchSetState 
(node_modules/react-dom/cjs/react-dom.development.js:16708:7)
      at onChange (src/profile/index.tsx:198:30)
      at HTMLUnknownElement.callCallback 
(node_modules/react-dom/cjs/react-dom.development.js:4164:14)
      at HTMLUnknownElement.callTheUserObjectsOperation 
(node_modules/jsdom/lib/jsdom/living/generated/EventListener.js:26:30)
      at innerInvokeEventListeners 
(node_modules/jsdom/lib/jsdom/living/events/EventTarget-impl.js:350:25)
      at invokeEventListeners 
(node_modules/jsdom/lib/jsdom/living/events/EventTarget-impl.js:286:3)
      at HTMLUnknownElementImpl._dispatch 
(node_modules/jsdom/lib/jsdom/living/events/EventTarget-impl.js:233:9)
      at HTMLUnknownElementImpl.dispatchEvent 
(node_modules/jsdom/lib/jsdom/living/events/EventTarget-impl.js:104:17)
      at HTMLUnknownElement.dispatchEvent 
(node_modules/jsdom/lib/jsdom/living/generated/EventTarget.js:241:34)
      at Object.invokeGuardedCallbackDev 
(node_modules/react-dom/cjs/react-dom.development.js:4213:16)
      at invokeGuardedCallback 
(node_modules/react-dom/cjs/react-dom.development.js:4277:31)
      at invokeGuardedCallbackAndCatchFirstError 
(node_modules/react-dom/cjs/react-dom.development.js:4291:25)
      at executeDispatch 
(node_modules/react-dom/cjs/react-dom.development.js:9041:3)
      at processDispatchQueueItemsInOrder 
(node_modules/react-dom/cjs/react-dom.development.js:9073:7)
      at processDispatchQueue 
(node_modules/react-dom/cjs/react-dom.development.js:9086:5)
      at dispatchEventsForPlugins 
(node_modules/react-dom/cjs/react-dom.development.js:9097:3)
      at node_modules/react-dom/cjs/react-dom.development.js:9288:12
      at batchedUpdates$1 
(node_modules/react-dom/cjs/react-dom.development.js:26179:12)
      at batchedUpdates 
(node_modules/react-dom/cjs/react-dom.development.js:3991:12)
      at dispatchEventForPluginEventSystem 
(node_modules/react-dom/cjs/react-dom.development.js:9287:3)
      at dispatchEventWithEnableCapturePhaseSelectiveHydrationWithoutDiscreteEv
entReplay (node_modules/react-dom/cjs/react-dom.development.js:6465:5)
      at dispatchEvent 
(node_modules/react-dom/cjs/react-dom.development.js:6457:5)
      at dispatchDiscreteEvent 
(node_modules/react-dom/cjs/react-dom.development.js:6430:5)
      at HTMLDivElement.callTheUserObjectsOperation 
(node_modules/jsdom/lib/jsdom/living/generated/EventListener.js:26:30)
      at innerInvokeEventListeners 
(node_modules/jsdom/lib/jsdom/living/events/EventTarget-impl.js:350:25)
      at invokeEventListeners 
(node_modules/jsdom/lib/jsdom/living/events/EventTarget-impl.js:286:3)
      at HTMLInputElementImpl._dispatch 
(node_modules/jsdom/lib/jsdom/living/events/EventTarget-impl.js:233:9)
      at HTMLInputElementImpl.dispatchEvent 
(node_modules/jsdom/lib/jsdom/living/events/EventTarget-impl.js:104:17)
      at HTMLInputElement.dispatchEvent 
(node_modules/jsdom/lib/jsdom/living/generated/EventTarget.js:241:34)
      at 
node_modules/@testing-library/user-event/dist/cjs/event/dispatchEvent.js:45:43
      at Object.eventWrapper 
(node_modules/@testing-library/dom/dist/config.js:25:23)
      at Object.wrapEvent 
(node_modules/@testing-library/user-event/dist/cjs/event/wrapEvent.js:6:28)
      at Object.dispatchEvent (node_modules/@testing-library/user-event/dist/cj
s/event/dispatchEvent.js:45:22)
      at Object.dispatchUIEvent (node_modules/@testing-library/user-event/dist/
cjs/event/dispatchEvent.js:22:26)
      at commitInput 
(node_modules/@testing-library/user-event/dist/cjs/event/input.js:145:14)
      at editInputElement 
(node_modules/@testing-library/user-event/dist/cjs/event/input.js:115:9)
      at Object.input 
(node_modules/@testing-library/user-event/dist/cjs/event/input.js:37:9)
      at node_modules/@testing-library/user-event/dist/cjs/event/behavior/keypr
ess.js:31:26
      at Object.dispatchEvent (node_modules/@testing-library/user-event/dist/cj
s/event/dispatchEvent.js:41:13)
      at Object.dispatchUIEvent (node_modules/@testing-library/user-event/dist/
cjs/event/dispatchEvent.js:22:26)
      at KeyboardHost.keydown 
(node_modules/@testing-library/user-event/dist/cjs/system/keyboard.js:76:22)
      at keyboardAction 
(node_modules/@testing-library/user-event/dist/cjs/keyboard/index.js:22:35)
      at Object.keyboard 
(node_modules/@testing-library/user-event/dist/cjs/keyboard/index.js:11:15)
      at Object.type 
(node_modules/@testing-library/user-event/dist/cjs/utility/type.js:17:5)
      at Object.<anonymous> (src/profile/profile.test.tsx:194:9)

    console.error
      Warning: An update to ProfilePage inside a test was not wrapped in 
act(...).
      
      When testing, code that causes React state updates should be wrapped 
into act(...):
      
      act(() => {
        /* fire events that update state */
      });
      /* assert on the output */
      
      This ensures that you're testing the behavior the user would see in the 
browser. Learn more at https://reactjs.org/link/wrap-tests-with-act
          at ProfilePage 
(C:\Users\samhe\OneDrive\Desktop\Cleaned\frontend\src\profile\index.tsx:25:41)
          at basenameProp (C:\Users\samhe\OneDrive\Desktop\Cleaned\frontend\nod
e_modules\react-router\lib\components.tsx:421:13)
          at basename (C:\Users\samhe\OneDrive\Desktop\Cleaned\frontend\node_mo
dules\react-router\lib\components.tsx:225:3)

      196 |               className="border border-gray-300 rounded-md px-3 
py-2 text-sm"
      197 |               value={confirmPassword}
    > 198 |               onChange={e => setConfirmPassword(e.target.value)}
          |                              ^
      199 |             />
      200 |             {confirmPassword && !passwordsMatch && (
      201 |               <p className="text-sm text-red-600">Passwords do not 
match</p>

      at printWarning 
(node_modules/react-dom/cjs/react-dom.development.js:86:30)
      at error (node_modules/react-dom/cjs/react-dom.development.js:60:7)
      at warnIfUpdatesNotWrappedWithActDEV 
(node_modules/react-dom/cjs/react-dom.development.js:27628:9)
      at scheduleUpdateOnFiber 
(node_modules/react-dom/cjs/react-dom.development.js:25547:5)
      at dispatchSetState 
(node_modules/react-dom/cjs/react-dom.development.js:16708:7)
      at onChange (src/profile/index.tsx:198:30)
      at HTMLUnknownElement.callCallback 
(node_modules/react-dom/cjs/react-dom.development.js:4164:14)
      at HTMLUnknownElement.callTheUserObjectsOperation 
(node_modules/jsdom/lib/jsdom/living/generated/EventListener.js:26:30)
      at innerInvokeEventListeners 
(node_modules/jsdom/lib/jsdom/living/events/EventTarget-impl.js:350:25)
      at invokeEventListeners 
(node_modules/jsdom/lib/jsdom/living/events/EventTarget-impl.js:286:3)
      at HTMLUnknownElementImpl._dispatch 
(node_modules/jsdom/lib/jsdom/living/events/EventTarget-impl.js:233:9)
      at HTMLUnknownElementImpl.dispatchEvent 
(node_modules/jsdom/lib/jsdom/living/events/EventTarget-impl.js:104:17)
      at HTMLUnknownElement.dispatchEvent 
(node_modules/jsdom/lib/jsdom/living/generated/EventTarget.js:241:34)
      at Object.invokeGuardedCallbackDev 
(node_modules/react-dom/cjs/react-dom.development.js:4213:16)
      at invokeGuardedCallback 
(node_modules/react-dom/cjs/react-dom.development.js:4277:31)
      at invokeGuardedCallbackAndCatchFirstError 
(node_modules/react-dom/cjs/react-dom.development.js:4291:25)
      at executeDispatch 
(node_modules/react-dom/cjs/react-dom.development.js:9041:3)
      at processDispatchQueueItemsInOrder 
(node_modules/react-dom/cjs/react-dom.development.js:9073:7)
      at processDispatchQueue 
(node_modules/react-dom/cjs/react-dom.development.js:9086:5)
      at dispatchEventsForPlugins 
(node_modules/react-dom/cjs/react-dom.development.js:9097:3)
      at node_modules/react-dom/cjs/react-dom.development.js:9288:12
      at batchedUpdates$1 
(node_modules/react-dom/cjs/react-dom.development.js:26179:12)
      at batchedUpdates 
(node_modules/react-dom/cjs/react-dom.development.js:3991:12)
      at dispatchEventForPluginEventSystem 
(node_modules/react-dom/cjs/react-dom.development.js:9287:3)
      at dispatchEventWithEnableCapturePhaseSelectiveHydrationWithoutDiscreteEv
entReplay (node_modules/react-dom/cjs/react-dom.development.js:6465:5)
      at dispatchEvent 
(node_modules/react-dom/cjs/react-dom.development.js:6457:5)
      at dispatchDiscreteEvent 
(node_modules/react-dom/cjs/react-dom.development.js:6430:5)
      at HTMLDivElement.callTheUserObjectsOperation 
(node_modules/jsdom/lib/jsdom/living/generated/EventListener.js:26:30)
      at innerInvokeEventListeners 
(node_modules/jsdom/lib/jsdom/living/events/EventTarget-impl.js:350:25)
      at invokeEventListeners 
(node_modules/jsdom/lib/jsdom/living/events/EventTarget-impl.js:286:3)
      at HTMLInputElementImpl._dispatch 
(node_modules/jsdom/lib/jsdom/living/events/EventTarget-impl.js:233:9)
      at HTMLInputElementImpl.dispatchEvent 
(node_modules/jsdom/lib/jsdom/living/events/EventTarget-impl.js:104:17)
      at HTMLInputElement.dispatchEvent 
(node_modules/jsdom/lib/jsdom/living/generated/EventTarget.js:241:34)
      at 
node_modules/@testing-library/user-event/dist/cjs/event/dispatchEvent.js:45:43
      at Object.eventWrapper 
(node_modules/@testing-library/dom/dist/config.js:25:23)
      at Object.wrapEvent 
(node_modules/@testing-library/user-event/dist/cjs/event/wrapEvent.js:6:28)
      at Object.dispatchEvent (node_modules/@testing-library/user-event/dist/cj
s/event/dispatchEvent.js:45:22)
      at Object.dispatchUIEvent (node_modules/@testing-library/user-event/dist/
cjs/event/dispatchEvent.js:22:26)
      at commitInput 
(node_modules/@testing-library/user-event/dist/cjs/event/input.js:145:14)
      at editInputElement 
(node_modules/@testing-library/user-event/dist/cjs/event/input.js:115:9)
      at Object.input 
(node_modules/@testing-library/user-event/dist/cjs/event/input.js:37:9)
      at node_modules/@testing-library/user-event/dist/cjs/event/behavior/keypr
ess.js:31:26
      at Object.dispatchEvent (node_modules/@testing-library/user-event/dist/cj
s/event/dispatchEvent.js:41:13)
      at Object.dispatchUIEvent (node_modules/@testing-library/user-event/dist/
cjs/event/dispatchEvent.js:22:26)
      at KeyboardHost.keydown 
(node_modules/@testing-library/user-event/dist/cjs/system/keyboard.js:76:22)
      at keyboardAction 
(node_modules/@testing-library/user-event/dist/cjs/keyboard/index.js:22:35)
      at Object.keyboard 
(node_modules/@testing-library/user-event/dist/cjs/keyboard/index.js:11:15)
      at Object.type 
(node_modules/@testing-library/user-event/dist/cjs/utility/type.js:17:5)
      at Object.<anonymous> (src/profile/profile.test.tsx:194:9)

    console.error
      Warning: An update to ProfilePage inside a test was not wrapped in 
act(...).
      
      When testing, code that causes React state updates should be wrapped 
into act(...):
      
      act(() => {
        /* fire events that update state */
      });
      /* assert on the output */
      
      This ensures that you're testing the behavior the user would see in the 
browser. Learn more at https://reactjs.org/link/wrap-tests-with-act
          at ProfilePage 
(C:\Users\samhe\OneDrive\Desktop\Cleaned\frontend\src\profile\index.tsx:25:41)
          at basenameProp (C:\Users\samhe\OneDrive\Desktop\Cleaned\frontend\nod
e_modules\react-router\lib\components.tsx:421:13)
          at basename (C:\Users\samhe\OneDrive\Desktop\Cleaned\frontend\node_mo
dules\react-router\lib\components.tsx:225:3)

      196 |               className="border border-gray-300 rounded-md px-3 
py-2 text-sm"
      197 |               value={confirmPassword}
    > 198 |               onChange={e => setConfirmPassword(e.target.value)}
          |                              ^
      199 |             />
      200 |             {confirmPassword && !passwordsMatch && (
      201 |               <p className="text-sm text-red-600">Passwords do not 
match</p>

      at printWarning 
(node_modules/react-dom/cjs/react-dom.development.js:86:30)
      at error (node_modules/react-dom/cjs/react-dom.development.js:60:7)
      at warnIfUpdatesNotWrappedWithActDEV 
(node_modules/react-dom/cjs/react-dom.development.js:27628:9)
      at scheduleUpdateOnFiber 
(node_modules/react-dom/cjs/react-dom.development.js:25547:5)
      at dispatchSetState 
(node_modules/react-dom/cjs/react-dom.development.js:16708:7)
      at onChange (src/profile/index.tsx:198:30)
      at HTMLUnknownElement.callCallback 
(node_modules/react-dom/cjs/react-dom.development.js:4164:14)
      at HTMLUnknownElement.callTheUserObjectsOperation 
(node_modules/jsdom/lib/jsdom/living/generated/EventListener.js:26:30)
      at innerInvokeEventListeners 
(node_modules/jsdom/lib/jsdom/living/events/EventTarget-impl.js:350:25)
      at invokeEventListeners 
(node_modules/jsdom/lib/jsdom/living/events/EventTarget-impl.js:286:3)
      at HTMLUnknownElementImpl._dispatch 
(node_modules/jsdom/lib/jsdom/living/events/EventTarget-impl.js:233:9)
      at HTMLUnknownElementImpl.dispatchEvent 
(node_modules/jsdom/lib/jsdom/living/events/EventTarget-impl.js:104:17)
      at HTMLUnknownElement.dispatchEvent 
(node_modules/jsdom/lib/jsdom/living/generated/EventTarget.js:241:34)
      at Object.invokeGuardedCallbackDev 
(node_modules/react-dom/cjs/react-dom.development.js:4213:16)
      at invokeGuardedCallback 
(node_modules/react-dom/cjs/react-dom.development.js:4277:31)
      at invokeGuardedCallbackAndCatchFirstError 
(node_modules/react-dom/cjs/react-dom.development.js:4291:25)
      at executeDispatch 
(node_modules/react-dom/cjs/react-dom.development.js:9041:3)
      at processDispatchQueueItemsInOrder 
(node_modules/react-dom/cjs/react-dom.development.js:9073:7)
      at processDispatchQueue 
(node_modules/react-dom/cjs/react-dom.development.js:9086:5)
      at dispatchEventsForPlugins 
(node_modules/react-dom/cjs/react-dom.development.js:9097:3)
      at node_modules/react-dom/cjs/react-dom.development.js:9288:12
      at batchedUpdates$1 
(node_modules/react-dom/cjs/react-dom.development.js:26179:12)
      at batchedUpdates 
(node_modules/react-dom/cjs/react-dom.development.js:3991:12)
      at dispatchEventForPluginEventSystem 
(node_modules/react-dom/cjs/react-dom.development.js:9287:3)
      at dispatchEventWithEnableCapturePhaseSelectiveHydrationWithoutDiscreteEv
entReplay (node_modules/react-dom/cjs/react-dom.development.js:6465:5)
      at dispatchEvent 
(node_modules/react-dom/cjs/react-dom.development.js:6457:5)
      at dispatchDiscreteEvent 
(node_modules/react-dom/cjs/react-dom.development.js:6430:5)
      at HTMLDivElement.callTheUserObjectsOperation 
(node_modules/jsdom/lib/jsdom/living/generated/EventListener.js:26:30)
      at innerInvokeEventListeners 
(node_modules/jsdom/lib/jsdom/living/events/EventTarget-impl.js:350:25)
      at invokeEventListeners 
(node_modules/jsdom/lib/jsdom/living/events/EventTarget-impl.js:286:3)
      at HTMLInputElementImpl._dispatch 
(node_modules/jsdom/lib/jsdom/living/events/EventTarget-impl.js:233:9)
      at HTMLInputElementImpl.dispatchEvent 
(node_modules/jsdom/lib/jsdom/living/events/EventTarget-impl.js:104:17)
      at HTMLInputElement.dispatchEvent 
(node_modules/jsdom/lib/jsdom/living/generated/EventTarget.js:241:34)
      at 
node_modules/@testing-library/user-event/dist/cjs/event/dispatchEvent.js:45:43
      at Object.eventWrapper 
(node_modules/@testing-library/dom/dist/config.js:25:23)
      at Object.wrapEvent 
(node_modules/@testing-library/user-event/dist/cjs/event/wrapEvent.js:6:28)
      at Object.dispatchEvent (node_modules/@testing-library/user-event/dist/cj
s/event/dispatchEvent.js:45:22)
      at Object.dispatchUIEvent (node_modules/@testing-library/user-event/dist/
cjs/event/dispatchEvent.js:22:26)
      at commitInput 
(node_modules/@testing-library/user-event/dist/cjs/event/input.js:145:14)
      at editInputElement 
(node_modules/@testing-library/user-event/dist/cjs/event/input.js:115:9)
      at Object.input 
(node_modules/@testing-library/user-event/dist/cjs/event/input.js:37:9)
      at node_modules/@testing-library/user-event/dist/cjs/event/behavior/keypr
ess.js:31:26
      at Object.dispatchEvent (node_modules/@testing-library/user-event/dist/cj
s/event/dispatchEvent.js:41:13)
      at Object.dispatchUIEvent (node_modules/@testing-library/user-event/dist/
cjs/event/dispatchEvent.js:22:26)
      at KeyboardHost.keydown 
(node_modules/@testing-library/user-event/dist/cjs/system/keyboard.js:76:22)
      at keyboardAction 
(node_modules/@testing-library/user-event/dist/cjs/keyboard/index.js:22:35)
      at Object.keyboard 
(node_modules/@testing-library/user-event/dist/cjs/keyboard/index.js:11:15)
      at Object.type 
(node_modules/@testing-library/user-event/dist/cjs/utility/type.js:17:5)
      at Object.<anonymous> (src/profile/profile.test.tsx:194:9)

    console.error
      Warning: An update to ProfilePage inside a test was not wrapped in 
act(...).
      
      When testing, code that causes React state updates should be wrapped 
into act(...):
      
      act(() => {
        /* fire events that update state */
      });
      /* assert on the output */
      
      This ensures that you're testing the behavior the user would see in the 
browser. Learn more at https://reactjs.org/link/wrap-tests-with-act
          at ProfilePage 
(C:\Users\samhe\OneDrive\Desktop\Cleaned\frontend\src\profile\index.tsx:25:41)
          at basenameProp (C:\Users\samhe\OneDrive\Desktop\Cleaned\frontend\nod
e_modules\react-router\lib\components.tsx:421:13)
          at basename (C:\Users\samhe\OneDrive\Desktop\Cleaned\frontend\node_mo
dules\react-router\lib\components.tsx:225:3)

      79 |
      80 |   async function handleChangePassword() {
    > 81 |     setPasswordError('')
         |     ^
      82 |     try {
      83 |       await apiClient.post('/api/auth/change-password', { 
currentPassword, newPassword })
      84 |       addNotification('Password changed successfully', 'success')

      at printWarning 
(node_modules/react-dom/cjs/react-dom.development.js:86:30)
      at error (node_modules/react-dom/cjs/react-dom.development.js:60:7)
      at warnIfUpdatesNotWrappedWithActDEV 
(node_modules/react-dom/cjs/react-dom.development.js:27628:9)
      at scheduleUpdateOnFiber 
(node_modules/react-dom/cjs/react-dom.development.js:25547:5)
      at dispatchSetState 
(node_modules/react-dom/cjs/react-dom.development.js:16708:7)
      at handleChangePassword (src/profile/index.tsx:81:5)
      at HTMLUnknownElement.callCallback 
(node_modules/react-dom/cjs/react-dom.development.js:4164:14)
      at HTMLUnknownElement.callTheUserObjectsOperation 
(node_modules/jsdom/lib/jsdom/living/generated/EventListener.js:26:30)
      at innerInvokeEventListeners 
(node_modules/jsdom/lib/jsdom/living/events/EventTarget-impl.js:350:25)
      at invokeEventListeners 
(node_modules/jsdom/lib/jsdom/living/events/EventTarget-impl.js:286:3)
      at HTMLUnknownElementImpl._dispatch 
(node_modules/jsdom/lib/jsdom/living/events/EventTarget-impl.js:233:9)
      at HTMLUnknownElementImpl.dispatchEvent 
(node_modules/jsdom/lib/jsdom/living/events/EventTarget-impl.js:104:17)
      at HTMLUnknownElement.dispatchEvent 
(node_modules/jsdom/lib/jsdom/living/generated/EventTarget.js:241:34)
      at Object.invokeGuardedCallbackDev 
(node_modules/react-dom/cjs/react-dom.development.js:4213:16)
      at invokeGuardedCallback 
(node_modules/react-dom/cjs/react-dom.development.js:4277:31)
      at invokeGuardedCallbackAndCatchFirstError 
(node_modules/react-dom/cjs/react-dom.development.js:4291:25)
      at executeDispatch 
(node_modules/react-dom/cjs/react-dom.development.js:9041:3)
      at processDispatchQueueItemsInOrder 
(node_modules/react-dom/cjs/react-dom.development.js:9073:7)
      at processDispatchQueue 
(node_modules/react-dom/cjs/react-dom.development.js:9086:5)
      at dispatchEventsForPlugins 
(node_modules/react-dom/cjs/react-dom.development.js:9097:3)
      at node_modules/react-dom/cjs/react-dom.development.js:9288:12
      at batchedUpdates$1 
(node_modules/react-dom/cjs/react-dom.development.js:26179:12)
      at batchedUpdates 
(node_modules/react-dom/cjs/react-dom.development.js:3991:12)
      at dispatchEventForPluginEventSystem 
(node_modules/react-dom/cjs/react-dom.development.js:9287:3)
      at dispatchEventWithEnableCapturePhaseSelectiveHydrationWithoutDiscreteEv
entReplay (node_modules/react-dom/cjs/react-dom.development.js:6465:5)
      at dispatchEvent 
(node_modules/react-dom/cjs/react-dom.development.js:6457:5)
      at dispatchDiscreteEvent 
(node_modules/react-dom/cjs/react-dom.development.js:6430:5)
      at HTMLDivElement.callTheUserObjectsOperation 
(node_modules/jsdom/lib/jsdom/living/generated/EventListener.js:26:30)
      at innerInvokeEventListeners 
(node_modules/jsdom/lib/jsdom/living/events/EventTarget-impl.js:350:25)
      at invokeEventListeners 
(node_modules/jsdom/lib/jsdom/living/events/EventTarget-impl.js:286:3)
      at HTMLButtonElementImpl._dispatch 
(node_modules/jsdom/lib/jsdom/living/events/EventTarget-impl.js:233:9)
      at HTMLButtonElementImpl.dispatchEvent 
(node_modules/jsdom/lib/jsdom/living/events/EventTarget-impl.js:104:17)
      at HTMLButtonElement.dispatchEvent 
(node_modules/jsdom/lib/jsdom/living/generated/EventTarget.js:241:34)
      at 
node_modules/@testing-library/user-event/dist/cjs/event/dispatchEvent.js:45:43
      at Object.eventWrapper 
(node_modules/@testing-library/dom/dist/config.js:25:23)
      at Object.wrapEvent 
(node_modules/@testing-library/user-event/dist/cjs/event/wrapEvent.js:6:28)
      at Object.dispatchEvent (node_modules/@testing-library/user-event/dist/cj
s/event/dispatchEvent.js:45:22)
      at Object.dispatchUIEvent (node_modules/@testing-library/user-event/dist/
cjs/event/dispatchEvent.js:22:26)
      at Mouse.up (node_modules/@testing-library/user-event/dist/cjs/system/poi
nter/mouse.js:100:30)
      at PointerHost.release (node_modules/@testing-library/user-event/dist/cjs
/system/pointer/index.js:87:24)
      at pointerAction 
(node_modules/@testing-library/user-event/dist/cjs/pointer/index.js:54:47)
      at Object.pointer 
(node_modules/@testing-library/user-event/dist/cjs/pointer/index.js:27:9)
      at Object.<anonymous> (src/profile/profile.test.tsx:197:9)

    console.error
      Warning: An update to ProfilePage inside a test was not wrapped in 
act(...).
      
      When testing, code that causes React state updates should be wrapped 
into act(...):
      
      act(() => {
        /* fire events that update state */
      });
      /* assert on the output */
      
      This ensures that you're testing the behavior the user would see in the 
browser. Learn more at https://reactjs.org/link/wrap-tests-with-act
          at ProfilePage 
(C:\Users\samhe\OneDrive\Desktop\Cleaned\frontend\src\profile\index.tsx:25:41)
          at basenameProp (C:\Users\samhe\OneDrive\Desktop\Cleaned\frontend\nod
e_modules\react-router\lib\components.tsx:421:13)
          at basename (C:\Users\samhe\OneDrive\Desktop\Cleaned\frontend\node_mo
dules\react-router\lib\components.tsx:225:3)

      83 |       await apiClient.post('/api/auth/change-password', { 
currentPassword, newPassword })
      84 |       addNotification('Password changed successfully', 'success')
    > 85 |       setCurrentPassword('')
         |       ^
      86 |       setNewPassword('')
      87 |       setConfirmPassword('')
      88 |     } catch (err: any) {

      at printWarning 
(node_modules/react-dom/cjs/react-dom.development.js:86:30)
      at error (node_modules/react-dom/cjs/react-dom.development.js:60:7)
      at warnIfUpdatesNotWrappedWithActDEV 
(node_modules/react-dom/cjs/react-dom.development.js:27628:9)
      at scheduleUpdateOnFiber 
(node_modules/react-dom/cjs/react-dom.development.js:25547:5)
      at dispatchSetState 
(node_modules/react-dom/cjs/react-dom.development.js:16708:7)
      at handleChangePassword (src/profile/index.tsx:85:7)

    console.error
      Warning: An update to ProfilePage inside a test was not wrapped in 
act(...).
      
      When testing, code that causes React state updates should be wrapped 
into act(...):
      
      act(() => {
        /* fire events that update state */
      });
      /* assert on the output */
      
      This ensures that you're testing the behavior the user would see in the 
browser. Learn more at https://reactjs.org/link/wrap-tests-with-act
          at ProfilePage 
(C:\Users\samhe\OneDrive\Desktop\Cleaned\frontend\src\profile\index.tsx:25:41)
          at basenameProp (C:\Users\samhe\OneDrive\Desktop\Cleaned\frontend\nod
e_modules\react-router\lib\components.tsx:421:13)
          at basename (C:\Users\samhe\OneDrive\Desktop\Cleaned\frontend\node_mo
dules\react-router\lib\components.tsx:225:3)

      84 |       addNotification('Password changed successfully', 'success')
      85 |       setCurrentPassword('')
    > 86 |       setNewPassword('')
         |       ^
      87 |       setConfirmPassword('')
      88 |     } catch (err: any) {
      89 |       if (err?.status === 401) {

      at printWarning 
(node_modules/react-dom/cjs/react-dom.development.js:86:30)
      at error (node_modules/react-dom/cjs/react-dom.development.js:60:7)
      at warnIfUpdatesNotWrappedWithActDEV 
(node_modules/react-dom/cjs/react-dom.development.js:27628:9)
      at scheduleUpdateOnFiber 
(node_modules/react-dom/cjs/react-dom.development.js:25547:5)
      at dispatchSetState 
(node_modules/react-dom/cjs/react-dom.development.js:16708:7)
      at handleChangePassword (src/profile/index.tsx:86:7)

    console.error
      Warning: An update to ProfilePage inside a test was not wrapped in 
act(...).
      
      When testing, code that causes React state updates should be wrapped 
into act(...):
      
      act(() => {
        /* fire events that update state */
      });
      /* assert on the output */
      
      This ensures that you're testing the behavior the user would see in the 
browser. Learn more at https://reactjs.org/link/wrap-tests-with-act
          at ProfilePage 
(C:\Users\samhe\OneDrive\Desktop\Cleaned\frontend\src\profile\index.tsx:25:41)
          at basenameProp (C:\Users\samhe\OneDrive\Desktop\Cleaned\frontend\nod
e_modules\react-router\lib\components.tsx:421:13)
          at basename (C:\Users\samhe\OneDrive\Desktop\Cleaned\frontend\node_mo
dules\react-router\lib\components.tsx:225:3)

      85 |       setCurrentPassword('')
      86 |       setNewPassword('')
    > 87 |       setConfirmPassword('')
         |       ^
      88 |     } catch (err: any) {
      89 |       if (err?.status === 401) {
      90 |         setPasswordError('Current password is incorrect')

      at printWarning 
(node_modules/react-dom/cjs/react-dom.development.js:86:30)
      at error (node_modules/react-dom/cjs/react-dom.development.js:60:7)
      at warnIfUpdatesNotWrappedWithActDEV 
(node_modules/react-dom/cjs/react-dom.development.js:27628:9)
      at scheduleUpdateOnFiber 
(node_modules/react-dom/cjs/react-dom.development.js:25547:5)
      at dispatchSetState 
(node_modules/react-dom/cjs/react-dom.development.js:16708:7)
      at handleChangePassword (src/profile/index.tsx:87:7)

    console.error
      Warning: An update to ProfilePage inside a test was not wrapped in 
act(...).
      
      When testing, code that causes React state updates should be wrapped 
into act(...):
      
      act(() => {
        /* fire events that update state */
      });
      /* assert on the output */
      
      This ensures that you're testing the behavior the user would see in the 
browser. Learn more at https://reactjs.org/link/wrap-tests-with-act
          at ProfilePage 
(C:\Users\samhe\OneDrive\Desktop\Cleaned\frontend\src\profile\index.tsx:25:41)
          at basenameProp (C:\Users\samhe\OneDrive\Desktop\Cleaned\frontend\nod
e_modules\react-router\lib\components.tsx:421:13)
          at basename (C:\Users\samhe\OneDrive\Desktop\Cleaned\frontend\node_mo
dules\react-router\lib\components.tsx:225:3)

      167 |               className="border border-gray-300 rounded-md px-3 
py-2 text-sm"
      168 |               value={currentPassword}
    > 169 |               onChange={e => setCurrentPassword(e.target.value)}
          |                              ^
      170 |             />
      171 |           </div>
      172 |

      at printWarning 
(node_modules/react-dom/cjs/react-dom.development.js:86:30)
      at error (node_modules/react-dom/cjs/react-dom.development.js:60:7)
      at warnIfUpdatesNotWrappedWithActDEV 
(node_modules/react-dom/cjs/react-dom.development.js:27628:9)
      at scheduleUpdateOnFiber 
(node_modules/react-dom/cjs/react-dom.development.js:25547:5)
      at dispatchSetState 
(node_modules/react-dom/cjs/react-dom.development.js:16708:7)
      at onChange (src/profile/index.tsx:169:30)
      at HTMLUnknownElement.callCallback 
(node_modules/react-dom/cjs/react-dom.development.js:4164:14)
      at HTMLUnknownElement.callTheUserObjectsOperation 
(node_modules/jsdom/lib/jsdom/living/generated/EventListener.js:26:30)
      at innerInvokeEventListeners 
(node_modules/jsdom/lib/jsdom/living/events/EventTarget-impl.js:350:25)
      at invokeEventListeners 
(node_modules/jsdom/lib/jsdom/living/events/EventTarget-impl.js:286:3)
      at HTMLUnknownElementImpl._dispatch 
(node_modules/jsdom/lib/jsdom/living/events/EventTarget-impl.js:233:9)
      at HTMLUnknownElementImpl.dispatchEvent 
(node_modules/jsdom/lib/jsdom/living/events/EventTarget-impl.js:104:17)
      at HTMLUnknownElement.dispatchEvent 
(node_modules/jsdom/lib/jsdom/living/generated/EventTarget.js:241:34)
      at Object.invokeGuardedCallbackDev 
(node_modules/react-dom/cjs/react-dom.development.js:4213:16)
      at invokeGuardedCallback 
(node_modules/react-dom/cjs/react-dom.development.js:4277:31)
      at invokeGuardedCallbackAndCatchFirstError 
(node_modules/react-dom/cjs/react-dom.development.js:4291:25)
      at executeDispatch 
(node_modules/react-dom/cjs/react-dom.development.js:9041:3)
      at processDispatchQueueItemsInOrder 
(node_modules/react-dom/cjs/react-dom.development.js:9073:7)
      at processDispatchQueue 
(node_modules/react-dom/cjs/react-dom.development.js:9086:5)
      at dispatchEventsForPlugins 
(node_modules/react-dom/cjs/react-dom.development.js:9097:3)
      at node_modules/react-dom/cjs/react-dom.development.js:9288:12
      at batchedUpdates$1 
(node_modules/react-dom/cjs/react-dom.development.js:26179:12)
      at batchedUpdates 
(node_modules/react-dom/cjs/react-dom.development.js:3991:12)
      at dispatchEventForPluginEventSystem 
(node_modules/react-dom/cjs/react-dom.development.js:9287:3)
      at dispatchEventWithEnableCapturePhaseSelectiveHydrationWithoutDiscreteEv
entReplay (node_modules/react-dom/cjs/react-dom.development.js:6465:5)
      at dispatchEvent 
(node_modules/react-dom/cjs/react-dom.development.js:6457:5)
      at dispatchDiscreteEvent 
(node_modules/react-dom/cjs/react-dom.development.js:6430:5)
      at HTMLDivElement.callTheUserObjectsOperation 
(node_modules/jsdom/lib/jsdom/living/generated/EventListener.js:26:30)
      at innerInvokeEventListeners 
(node_modules/jsdom/lib/jsdom/living/events/EventTarget-impl.js:350:25)
      at invokeEventListeners 
(node_modules/jsdom/lib/jsdom/living/events/EventTarget-impl.js:286:3)
      at HTMLInputElementImpl._dispatch 
(node_modules/jsdom/lib/jsdom/living/events/EventTarget-impl.js:233:9)
      at HTMLInputElementImpl.dispatchEvent 
(node_modules/jsdom/lib/jsdom/living/events/EventTarget-impl.js:104:17)
      at HTMLInputElement.dispatchEvent 
(node_modules/jsdom/lib/jsdom/living/generated/EventTarget.js:241:34)
      at 
node_modules/@testing-library/user-event/dist/cjs/event/dispatchEvent.js:45:43
      at Object.eventWrapper 
(node_modules/@testing-library/dom/dist/config.js:25:23)
      at Object.wrapEvent 
(node_modules/@testing-library/user-event/dist/cjs/event/wrapEvent.js:6:28)
      at Object.dispatchEvent (node_modules/@testing-library/user-event/dist/cj
s/event/dispatchEvent.js:45:22)
      at Object.dispatchUIEvent (node_modules/@testing-library/user-event/dist/
cjs/event/dispatchEvent.js:22:26)
      at commitInput 
(node_modules/@testing-library/user-event/dist/cjs/event/input.js:145:14)
      at editInputElement 
(node_modules/@testing-library/user-event/dist/cjs/event/input.js:115:9)
      at Object.input 
(node_modules/@testing-library/user-event/dist/cjs/event/input.js:37:9)
      at node_modules/@testing-library/user-event/dist/cjs/event/behavior/keypr
ess.js:31:26
      at Object.dispatchEvent (node_modules/@testing-library/user-event/dist/cj
s/event/dispatchEvent.js:41:13)
      at Object.dispatchUIEvent (node_modules/@testing-library/user-event/dist/
cjs/event/dispatchEvent.js:22:26)
      at KeyboardHost.keydown 
(node_modules/@testing-library/user-event/dist/cjs/system/keyboard.js:76:22)
      at keyboardAction 
(node_modules/@testing-library/user-event/dist/cjs/keyboard/index.js:22:35)
      at Object.keyboard 
(node_modules/@testing-library/user-event/dist/cjs/keyboard/index.js:11:15)
      at Object.type 
(node_modules/@testing-library/user-event/dist/cjs/utility/type.js:17:5)
      at Object.<anonymous> (src/profile/profile.test.tsx:214:9)

    console.error
      Warning: An update to ProfilePage inside a test was not wrapped in 
act(...).
      
      When testing, code that causes React state updates should be wrapped 
into act(...):
      
      act(() => {
        /* fire events that update state */
      });
      /* assert on the output */
      
      This ensures that you're testing the behavior the user would see in the 
browser. Learn more at https://reactjs.org/link/wrap-tests-with-act
          at ProfilePage 
(C:\Users\samhe\OneDrive\Desktop\Cleaned\frontend\src\profile\index.tsx:25:41)
          at basenameProp (C:\Users\samhe\OneDrive\Desktop\Cleaned\frontend\nod
e_modules\react-router\lib\components.tsx:421:13)
          at basename (C:\Users\samhe\OneDrive\Desktop\Cleaned\frontend\node_mo
dules\react-router\lib\components.tsx:225:3)

      167 |               className="border border-gray-300 rounded-md px-3 
py-2 text-sm"
      168 |               value={currentPassword}
    > 169 |               onChange={e => setCurrentPassword(e.target.value)}
          |                              ^
      170 |             />
      171 |           </div>
      172 |

      at printWarning 
(node_modules/react-dom/cjs/react-dom.development.js:86:30)
      at error (node_modules/react-dom/cjs/react-dom.development.js:60:7)
      at warnIfUpdatesNotWrappedWithActDEV 
(node_modules/react-dom/cjs/react-dom.development.js:27628:9)
      at scheduleUpdateOnFiber 
(node_modules/react-dom/cjs/react-dom.development.js:25547:5)
      at dispatchSetState 
(node_modules/react-dom/cjs/react-dom.development.js:16708:7)
      at onChange (src/profile/index.tsx:169:30)
      at HTMLUnknownElement.callCallback 
(node_modules/react-dom/cjs/react-dom.development.js:4164:14)
      at HTMLUnknownElement.callTheUserObjectsOperation 
(node_modules/jsdom/lib/jsdom/living/generated/EventListener.js:26:30)
      at innerInvokeEventListeners 
(node_modules/jsdom/lib/jsdom/living/events/EventTarget-impl.js:350:25)
      at invokeEventListeners 
(node_modules/jsdom/lib/jsdom/living/events/EventTarget-impl.js:286:3)
      at HTMLUnknownElementImpl._dispatch 
(node_modules/jsdom/lib/jsdom/living/events/EventTarget-impl.js:233:9)
      at HTMLUnknownElementImpl.dispatchEvent 
(node_modules/jsdom/lib/jsdom/living/events/EventTarget-impl.js:104:17)
      at HTMLUnknownElement.dispatchEvent 
(node_modules/jsdom/lib/jsdom/living/generated/EventTarget.js:241:34)
      at Object.invokeGuardedCallbackDev 
(node_modules/react-dom/cjs/react-dom.development.js:4213:16)
      at invokeGuardedCallback 
(node_modules/react-dom/cjs/react-dom.development.js:4277:31)
      at invokeGuardedCallbackAndCatchFirstError 
(node_modules/react-dom/cjs/react-dom.development.js:4291:25)
      at executeDispatch 
(node_modules/react-dom/cjs/react-dom.development.js:9041:3)
      at processDispatchQueueItemsInOrder 
(node_modules/react-dom/cjs/react-dom.development.js:9073:7)
      at processDispatchQueue 
(node_modules/react-dom/cjs/react-dom.development.js:9086:5)
      at dispatchEventsForPlugins 
(node_modules/react-dom/cjs/react-dom.development.js:9097:3)
      at node_modules/react-dom/cjs/react-dom.development.js:9288:12
      at batchedUpdates$1 
(node_modules/react-dom/cjs/react-dom.development.js:26179:12)
      at batchedUpdates 
(node_modules/react-dom/cjs/react-dom.development.js:3991:12)
      at dispatchEventForPluginEventSystem 
(node_modules/react-dom/cjs/react-dom.development.js:9287:3)
      at dispatchEventWithEnableCapturePhaseSelectiveHydrationWithoutDiscreteEv
entReplay (node_modules/react-dom/cjs/react-dom.development.js:6465:5)
      at dispatchEvent 
(node_modules/react-dom/cjs/react-dom.development.js:6457:5)
      at dispatchDiscreteEvent 
(node_modules/react-dom/cjs/react-dom.development.js:6430:5)
      at HTMLDivElement.callTheUserObjectsOperation 
(node_modules/jsdom/lib/jsdom/living/generated/EventListener.js:26:30)
      at innerInvokeEventListeners 
(node_modules/jsdom/lib/jsdom/living/events/EventTarget-impl.js:350:25)
      at invokeEventListeners 
(node_modules/jsdom/lib/jsdom/living/events/EventTarget-impl.js:286:3)
      at HTMLInputElementImpl._dispatch 
(node_modules/jsdom/lib/jsdom/living/events/EventTarget-impl.js:233:9)
      at HTMLInputElementImpl.dispatchEvent 
(node_modules/jsdom/lib/jsdom/living/events/EventTarget-impl.js:104:17)
      at HTMLInputElement.dispatchEvent 
(node_modules/jsdom/lib/jsdom/living/generated/EventTarget.js:241:34)
      at 
node_modules/@testing-library/user-event/dist/cjs/event/dispatchEvent.js:45:43
      at Object.eventWrapper 
(node_modules/@testing-library/dom/dist/config.js:25:23)
      at Object.wrapEvent 
(node_modules/@testing-library/user-event/dist/cjs/event/wrapEvent.js:6:28)
      at Object.dispatchEvent (node_modules/@testing-library/user-event/dist/cj
s/event/dispatchEvent.js:45:22)
      at Object.dispatchUIEvent (node_modules/@testing-library/user-event/dist/
cjs/event/dispatchEvent.js:22:26)
      at commitInput 
(node_modules/@testing-library/user-event/dist/cjs/event/input.js:145:14)
      at editInputElement 
(node_modules/@testing-library/user-event/dist/cjs/event/input.js:115:9)
      at Object.input 
(node_modules/@testing-library/user-event/dist/cjs/event/input.js:37:9)
      at node_modules/@testing-library/user-event/dist/cjs/event/behavior/keypr
ess.js:31:26
      at Object.dispatchEvent (node_modules/@testing-library/user-event/dist/cj
s/event/dispatchEvent.js:41:13)
      at Object.dispatchUIEvent (node_modules/@testing-library/user-event/dist/
cjs/event/dispatchEvent.js:22:26)
      at KeyboardHost.keydown 
(node_modules/@testing-library/user-event/dist/cjs/system/keyboard.js:76:22)
      at keyboardAction 
(node_modules/@testing-library/user-event/dist/cjs/keyboard/index.js:22:35)
      at Object.keyboard 
(node_modules/@testing-library/user-event/dist/cjs/keyboard/index.js:11:15)
      at Object.type 
(node_modules/@testing-library/user-event/dist/cjs/utility/type.js:17:5)
      at Object.<anonymous> (src/profile/profile.test.tsx:214:9)

    console.error
      Warning: An update to ProfilePage inside a test was not wrapped in 
act(...).
      
      When testing, code that causes React state updates should be wrapped 
into act(...):
      
      act(() => {
        /* fire events that update state */
      });
      /* assert on the output */
      
      This ensures that you're testing the behavior the user would see in the 
browser. Learn more at https://reactjs.org/link/wrap-tests-with-act
          at ProfilePage 
(C:\Users\samhe\OneDrive\Desktop\Cleaned\frontend\src\profile\index.tsx:25:41)
          at basenameProp (C:\Users\samhe\OneDrive\Desktop\Cleaned\frontend\nod
e_modules\react-router\lib\components.tsx:421:13)
          at basename (C:\Users\samhe\OneDrive\Desktop\Cleaned\frontend\node_mo
dules\react-router\lib\components.tsx:225:3)

      167 |               className="border border-gray-300 rounded-md px-3 
py-2 text-sm"
      168 |               value={currentPassword}
    > 169 |               onChange={e => setCurrentPassword(e.target.value)}
          |                              ^
      170 |             />
      171 |           </div>
      172 |

      at printWarning 
(node_modules/react-dom/cjs/react-dom.development.js:86:30)
      at error (node_modules/react-dom/cjs/react-dom.development.js:60:7)
      at warnIfUpdatesNotWrappedWithActDEV 
(node_modules/react-dom/cjs/react-dom.development.js:27628:9)
      at scheduleUpdateOnFiber 
(node_modules/react-dom/cjs/react-dom.development.js:25547:5)
      at dispatchSetState 
(node_modules/react-dom/cjs/react-dom.development.js:16708:7)
      at onChange (src/profile/index.tsx:169:30)
      at HTMLUnknownElement.callCallback 
(node_modules/react-dom/cjs/react-dom.development.js:4164:14)
      at HTMLUnknownElement.callTheUserObjectsOperation 
(node_modules/jsdom/lib/jsdom/living/generated/EventListener.js:26:30)
      at innerInvokeEventListeners 
(node_modules/jsdom/lib/jsdom/living/events/EventTarget-impl.js:350:25)
      at invokeEventListeners 
(node_modules/jsdom/lib/jsdom/living/events/EventTarget-impl.js:286:3)
      at HTMLUnknownElementImpl._dispatch 
(node_modules/jsdom/lib/jsdom/living/events/EventTarget-impl.js:233:9)
      at HTMLUnknownElementImpl.dispatchEvent 
(node_modules/jsdom/lib/jsdom/living/events/EventTarget-impl.js:104:17)
      at HTMLUnknownElement.dispatchEvent 
(node_modules/jsdom/lib/jsdom/living/generated/EventTarget.js:241:34)
      at Object.invokeGuardedCallbackDev 
(node_modules/react-dom/cjs/react-dom.development.js:4213:16)
      at invokeGuardedCallback 
(node_modules/react-dom/cjs/react-dom.development.js:4277:31)
      at invokeGuardedCallbackAndCatchFirstError 
(node_modules/react-dom/cjs/react-dom.development.js:4291:25)
      at executeDispatch 
(node_modules/react-dom/cjs/react-dom.development.js:9041:3)
      at processDispatchQueueItemsInOrder 
(node_modules/react-dom/cjs/react-dom.development.js:9073:7)
      at processDispatchQueue 
(node_modules/react-dom/cjs/react-dom.development.js:9086:5)
      at dispatchEventsForPlugins 
(node_modules/react-dom/cjs/react-dom.development.js:9097:3)
      at node_modules/react-dom/cjs/react-dom.development.js:9288:12
      at batchedUpdates$1 
(node_modules/react-dom/cjs/react-dom.development.js:26179:12)
      at batchedUpdates 
(node_modules/react-dom/cjs/react-dom.development.js:3991:12)
      at dispatchEventForPluginEventSystem 
(node_modules/react-dom/cjs/react-dom.development.js:9287:3)
      at dispatchEventWithEnableCapturePhaseSelectiveHydrationWithoutDiscreteEv
entReplay (node_modules/react-dom/cjs/react-dom.development.js:6465:5)
      at dispatchEvent 
(node_modules/react-dom/cjs/react-dom.development.js:6457:5)
      at dispatchDiscreteEvent 
(node_modules/react-dom/cjs/react-dom.development.js:6430:5)
      at HTMLDivElement.callTheUserObjectsOperation 
(node_modules/jsdom/lib/jsdom/living/generated/EventListener.js:26:30)
      at innerInvokeEventListeners 
(node_modules/jsdom/lib/jsdom/living/events/EventTarget-impl.js:350:25)
      at invokeEventListeners 
(node_modules/jsdom/lib/jsdom/living/events/EventTarget-impl.js:286:3)
      at HTMLInputElementImpl._dispatch 
(node_modules/jsdom/lib/jsdom/living/events/EventTarget-impl.js:233:9)
      at HTMLInputElementImpl.dispatchEvent 
(node_modules/jsdom/lib/jsdom/living/events/EventTarget-impl.js:104:17)
      at HTMLInputElement.dispatchEvent 
(node_modules/jsdom/lib/jsdom/living/generated/EventTarget.js:241:34)
      at 
node_modules/@testing-library/user-event/dist/cjs/event/dispatchEvent.js:45:43
      at Object.eventWrapper 
(node_modules/@testing-library/dom/dist/config.js:25:23)
      at Object.wrapEvent 
(node_modules/@testing-library/user-event/dist/cjs/event/wrapEvent.js:6:28)
      at Object.dispatchEvent (node_modules/@testing-library/user-event/dist/cj
s/event/dispatchEvent.js:45:22)
      at Object.dispatchUIEvent (node_modules/@testing-library/user-event/dist/
cjs/event/dispatchEvent.js:22:26)
      at commitInput 
(node_modules/@testing-library/user-event/dist/cjs/event/input.js:145:14)
      at editInputElement 
(node_modules/@testing-library/user-event/dist/cjs/event/input.js:115:9)
      at Object.input 
(node_modules/@testing-library/user-event/dist/cjs/event/input.js:37:9)
      at node_modules/@testing-library/user-event/dist/cjs/event/behavior/keypr
ess.js:31:26
      at Object.dispatchEvent (node_modules/@testing-library/user-event/dist/cj
s/event/dispatchEvent.js:41:13)
      at Object.dispatchUIEvent (node_modules/@testing-library/user-event/dist/
cjs/event/dispatchEvent.js:22:26)
      at KeyboardHost.keydown 
(node_modules/@testing-library/user-event/dist/cjs/system/keyboard.js:76:22)
      at keyboardAction 
(node_modules/@testing-library/user-event/dist/cjs/keyboard/index.js:22:35)
      at Object.keyboard 
(node_modules/@testing-library/user-event/dist/cjs/keyboard/index.js:11:15)
      at Object.type 
(node_modules/@testing-library/user-event/dist/cjs/utility/type.js:17:5)
      at Object.<anonymous> (src/profile/profile.test.tsx:214:9)

    console.error
      Warning: An update to ProfilePage inside a test was not wrapped in 
act(...).
      
      When testing, code that causes React state updates should be wrapped 
into act(...):
      
      act(() => {
        /* fire events that update state */
      });
      /* assert on the output */
      
      This ensures that you're testing the behavior the user would see in the 
browser. Learn more at https://reactjs.org/link/wrap-tests-with-act
          at ProfilePage 
(C:\Users\samhe\OneDrive\Desktop\Cleaned\frontend\src\profile\index.tsx:25:41)
          at basenameProp (C:\Users\samhe\OneDrive\Desktop\Cleaned\frontend\nod
e_modules\react-router\lib\components.tsx:421:13)
          at basename (C:\Users\samhe\OneDrive\Desktop\Cleaned\frontend\node_mo
dules\react-router\lib\components.tsx:225:3)

      167 |               className="border border-gray-300 rounded-md px-3 
py-2 text-sm"
      168 |               value={currentPassword}
    > 169 |               onChange={e => setCurrentPassword(e.target.value)}
          |                              ^
      170 |             />
      171 |           </div>
      172 |

      at printWarning 
(node_modules/react-dom/cjs/react-dom.development.js:86:30)
      at error (node_modules/react-dom/cjs/react-dom.development.js:60:7)
      at warnIfUpdatesNotWrappedWithActDEV 
(node_modules/react-dom/cjs/react-dom.development.js:27628:9)
      at scheduleUpdateOnFiber 
(node_modules/react-dom/cjs/react-dom.development.js:25547:5)
      at dispatchSetState 
(node_modules/react-dom/cjs/react-dom.development.js:16708:7)
      at onChange (src/profile/index.tsx:169:30)
      at HTMLUnknownElement.callCallback 
(node_modules/react-dom/cjs/react-dom.development.js:4164:14)
      at HTMLUnknownElement.callTheUserObjectsOperation 
(node_modules/jsdom/lib/jsdom/living/generated/EventListener.js:26:30)
      at innerInvokeEventListeners 
(node_modules/jsdom/lib/jsdom/living/events/EventTarget-impl.js:350:25)
      at invokeEventListeners 
(node_modules/jsdom/lib/jsdom/living/events/EventTarget-impl.js:286:3)
      at HTMLUnknownElementImpl._dispatch 
(node_modules/jsdom/lib/jsdom/living/events/EventTarget-impl.js:233:9)
      at HTMLUnknownElementImpl.dispatchEvent 
(node_modules/jsdom/lib/jsdom/living/events/EventTarget-impl.js:104:17)
      at HTMLUnknownElement.dispatchEvent 
(node_modules/jsdom/lib/jsdom/living/generated/EventTarget.js:241:34)
      at Object.invokeGuardedCallbackDev 
(node_modules/react-dom/cjs/react-dom.development.js:4213:16)
      at invokeGuardedCallback 
(node_modules/react-dom/cjs/react-dom.development.js:4277:31)
      at invokeGuardedCallbackAndCatchFirstError 
(node_modules/react-dom/cjs/react-dom.development.js:4291:25)
      at executeDispatch 
(node_modules/react-dom/cjs/react-dom.development.js:9041:3)
      at processDispatchQueueItemsInOrder 
(node_modules/react-dom/cjs/react-dom.development.js:9073:7)
      at processDispatchQueue 
(node_modules/react-dom/cjs/react-dom.development.js:9086:5)
      at dispatchEventsForPlugins 
(node_modules/react-dom/cjs/react-dom.development.js:9097:3)
      at node_modules/react-dom/cjs/react-dom.development.js:9288:12
      at batchedUpdates$1 
(node_modules/react-dom/cjs/react-dom.development.js:26179:12)
      at batchedUpdates 
(node_modules/react-dom/cjs/react-dom.development.js:3991:12)
      at dispatchEventForPluginEventSystem 
(node_modules/react-dom/cjs/react-dom.development.js:9287:3)
      at dispatchEventWithEnableCapturePhaseSelectiveHydrationWithoutDiscreteEv
entReplay (node_modules/react-dom/cjs/react-dom.development.js:6465:5)
      at dispatchEvent 
(node_modules/react-dom/cjs/react-dom.development.js:6457:5)
      at dispatchDiscreteEvent 
(node_modules/react-dom/cjs/react-dom.development.js:6430:5)
      at HTMLDivElement.callTheUserObjectsOperation 
(node_modules/jsdom/lib/jsdom/living/generated/EventListener.js:26:30)
      at innerInvokeEventListeners 
(node_modules/jsdom/lib/jsdom/living/events/EventTarget-impl.js:350:25)
      at invokeEventListeners 
(node_modules/jsdom/lib/jsdom/living/events/EventTarget-impl.js:286:3)
      at HTMLInputElementImpl._dispatch 
(node_modules/jsdom/lib/jsdom/living/events/EventTarget-impl.js:233:9)
      at HTMLInputElementImpl.dispatchEvent 
(node_modules/jsdom/lib/jsdom/living/events/EventTarget-impl.js:104:17)
      at HTMLInputElement.dispatchEvent 
(node_modules/jsdom/lib/jsdom/living/generated/EventTarget.js:241:34)
      at 
node_modules/@testing-library/user-event/dist/cjs/event/dispatchEvent.js:45:43
      at Object.eventWrapper 
(node_modules/@testing-library/dom/dist/config.js:25:23)
      at Object.wrapEvent 
(node_modules/@testing-library/user-event/dist/cjs/event/wrapEvent.js:6:28)
      at Object.dispatchEvent (node_modules/@testing-library/user-event/dist/cj
s/event/dispatchEvent.js:45:22)
      at Object.dispatchUIEvent (node_modules/@testing-library/user-event/dist/
cjs/event/dispatchEvent.js:22:26)
      at commitInput 
(node_modules/@testing-library/user-event/dist/cjs/event/input.js:145:14)
      at editInputElement 
(node_modules/@testing-library/user-event/dist/cjs/event/input.js:115:9)
      at Object.input 
(node_modules/@testing-library/user-event/dist/cjs/event/input.js:37:9)
      at node_modules/@testing-library/user-event/dist/cjs/event/behavior/keypr
ess.js:31:26
      at Object.dispatchEvent (node_modules/@testing-library/user-event/dist/cj
s/event/dispatchEvent.js:41:13)
      at Object.dispatchUIEvent (node_modules/@testing-library/user-event/dist/
cjs/event/dispatchEvent.js:22:26)
      at KeyboardHost.keydown 
(node_modules/@testing-library/user-event/dist/cjs/system/keyboard.js:76:22)
      at keyboardAction 
(node_modules/@testing-library/user-event/dist/cjs/keyboard/index.js:22:35)
      at Object.keyboard 
(node_modules/@testing-library/user-event/dist/cjs/keyboard/index.js:11:15)
      at Object.type 
(node_modules/@testing-library/user-event/dist/cjs/utility/type.js:17:5)
      at Object.<anonymous> (src/profile/profile.test.tsx:214:9)

    console.error
      Warning: An update to ProfilePage inside a test was not wrapped in 
act(...).
      
      When testing, code that causes React state updates should be wrapped 
into act(...):
      
      act(() => {
        /* fire events that update state */
      });
      /* assert on the output */
      
      This ensures that you're testing the behavior the user would see in the 
browser. Learn more at https://reactjs.org/link/wrap-tests-with-act
          at ProfilePage 
(C:\Users\samhe\OneDrive\Desktop\Cleaned\frontend\src\profile\index.tsx:25:41)
          at basenameProp (C:\Users\samhe\OneDrive\Desktop\Cleaned\frontend\nod
e_modules\react-router\lib\components.tsx:421:13)
          at basename (C:\Users\samhe\OneDrive\Desktop\Cleaned\frontend\node_mo
dules\react-router\lib\components.tsx:225:3)

      167 |               className="border border-gray-300 rounded-md px-3 
py-2 text-sm"
      168 |               value={currentPassword}
    > 169 |               onChange={e => setCurrentPassword(e.target.value)}
          |                              ^
      170 |             />
      171 |           </div>
      172 |

      at printWarning 
(node_modules/react-dom/cjs/react-dom.development.js:86:30)
      at error (node_modules/react-dom/cjs/react-dom.development.js:60:7)
      at warnIfUpdatesNotWrappedWithActDEV 
(node_modules/react-dom/cjs/react-dom.development.js:27628:9)
      at scheduleUpdateOnFiber 
(node_modules/react-dom/cjs/react-dom.development.js:25547:5)
      at dispatchSetState 
(node_modules/react-dom/cjs/react-dom.development.js:16708:7)
      at onChange (src/profile/index.tsx:169:30)
      at HTMLUnknownElement.callCallback 
(node_modules/react-dom/cjs/react-dom.development.js:4164:14)
      at HTMLUnknownElement.callTheUserObjectsOperation 
(node_modules/jsdom/lib/jsdom/living/generated/EventListener.js:26:30)
      at innerInvokeEventListeners 
(node_modules/jsdom/lib/jsdom/living/events/EventTarget-impl.js:350:25)
      at invokeEventListeners 
(node_modules/jsdom/lib/jsdom/living/events/EventTarget-impl.js:286:3)
      at HTMLUnknownElementImpl._dispatch 
(node_modules/jsdom/lib/jsdom/living/events/EventTarget-impl.js:233:9)
      at HTMLUnknownElementImpl.dispatchEvent 
(node_modules/jsdom/lib/jsdom/living/events/EventTarget-impl.js:104:17)
      at HTMLUnknownElement.dispatchEvent 
(node_modules/jsdom/lib/jsdom/living/generated/EventTarget.js:241:34)
      at Object.invokeGuardedCallbackDev 
(node_modules/react-dom/cjs/react-dom.development.js:4213:16)
      at invokeGuardedCallback 
(node_modules/react-dom/cjs/react-dom.development.js:4277:31)
      at invokeGuardedCallbackAndCatchFirstError 
(node_modules/react-dom/cjs/react-dom.development.js:4291:25)
      at executeDispatch 
(node_modules/react-dom/cjs/react-dom.development.js:9041:3)
      at processDispatchQueueItemsInOrder 
(node_modules/react-dom/cjs/react-dom.development.js:9073:7)
      at processDispatchQueue 
(node_modules/react-dom/cjs/react-dom.development.js:9086:5)
      at dispatchEventsForPlugins 
(node_modules/react-dom/cjs/react-dom.development.js:9097:3)
      at node_modules/react-dom/cjs/react-dom.development.js:9288:12
      at batchedUpdates$1 
(node_modules/react-dom/cjs/react-dom.development.js:26179:12)
      at batchedUpdates 
(node_modules/react-dom/cjs/react-dom.development.js:3991:12)
      at dispatchEventForPluginEventSystem 
(node_modules/react-dom/cjs/react-dom.development.js:9287:3)
      at dispatchEventWithEnableCapturePhaseSelectiveHydrationWithoutDiscreteEv
entReplay (node_modules/react-dom/cjs/react-dom.development.js:6465:5)
      at dispatchEvent 
(node_modules/react-dom/cjs/react-dom.development.js:6457:5)
      at dispatchDiscreteEvent 
(node_modules/react-dom/cjs/react-dom.development.js:6430:5)
      at HTMLDivElement.callTheUserObjectsOperation 
(node_modules/jsdom/lib/jsdom/living/generated/EventListener.js:26:30)
      at innerInvokeEventListeners 
(node_modules/jsdom/lib/jsdom/living/events/EventTarget-impl.js:350:25)
      at invokeEventListeners 
(node_modules/jsdom/lib/jsdom/living/events/EventTarget-impl.js:286:3)
      at HTMLInputElementImpl._dispatch 
(node_modules/jsdom/lib/jsdom/living/events/EventTarget-impl.js:233:9)
      at HTMLInputElementImpl.dispatchEvent 
(node_modules/jsdom/lib/jsdom/living/events/EventTarget-impl.js:104:17)
      at HTMLInputElement.dispatchEvent 
(node_modules/jsdom/lib/jsdom/living/generated/EventTarget.js:241:34)
      at 
node_modules/@testing-library/user-event/dist/cjs/event/dispatchEvent.js:45:43
      at Object.eventWrapper 
(node_modules/@testing-library/dom/dist/config.js:25:23)
      at Object.wrapEvent 
(node_modules/@testing-library/user-event/dist/cjs/event/wrapEvent.js:6:28)
      at Object.dispatchEvent (node_modules/@testing-library/user-event/dist/cj
s/event/dispatchEvent.js:45:22)
      at Object.dispatchUIEvent (node_modules/@testing-library/user-event/dist/
cjs/event/dispatchEvent.js:22:26)
      at commitInput 
(node_modules/@testing-library/user-event/dist/cjs/event/input.js:145:14)
      at editInputElement 
(node_modules/@testing-library/user-event/dist/cjs/event/input.js:115:9)
      at Object.input 
(node_modules/@testing-library/user-event/dist/cjs/event/input.js:37:9)
      at node_modules/@testing-library/user-event/dist/cjs/event/behavior/keypr
ess.js:31:26
      at Object.dispatchEvent (node_modules/@testing-library/user-event/dist/cj
s/event/dispatchEvent.js:41:13)
      at Object.dispatchUIEvent (node_modules/@testing-library/user-event/dist/
cjs/event/dispatchEvent.js:22:26)
      at KeyboardHost.keydown 
(node_modules/@testing-library/user-event/dist/cjs/system/keyboard.js:76:22)
      at keyboardAction 
(node_modules/@testing-library/user-event/dist/cjs/keyboard/index.js:22:35)
      at Object.keyboard 
(node_modules/@testing-library/user-event/dist/cjs/keyboard/index.js:11:15)
      at Object.type 
(node_modules/@testing-library/user-event/dist/cjs/utility/type.js:17:5)
      at Object.<anonymous> (src/profile/profile.test.tsx:214:9)

    console.error
      Warning: An update to ProfilePage inside a test was not wrapped in 
act(...).
      
      When testing, code that causes React state updates should be wrapped 
into act(...):
      
      act(() => {
        /* fire events that update state */
      });
      /* assert on the output */
      
      This ensures that you're testing the behavior the user would see in the 
browser. Learn more at https://reactjs.org/link/wrap-tests-with-act
          at ProfilePage 
(C:\Users\samhe\OneDrive\Desktop\Cleaned\frontend\src\profile\index.tsx:25:41)
          at basenameProp (C:\Users\samhe\OneDrive\Desktop\Cleaned\frontend\nod
e_modules\react-router\lib\components.tsx:421:13)
          at basename (C:\Users\samhe\OneDrive\Desktop\Cleaned\frontend\node_mo
dules\react-router\lib\components.tsx:225:3)

      167 |               className="border border-gray-300 rounded-md px-3 
py-2 text-sm"
      168 |               value={currentPassword}
    > 169 |               onChange={e => setCurrentPassword(e.target.value)}
          |                              ^
      170 |             />
      171 |           </div>
      172 |

      at printWarning 
(node_modules/react-dom/cjs/react-dom.development.js:86:30)
      at error (node_modules/react-dom/cjs/react-dom.development.js:60:7)
      at warnIfUpdatesNotWrappedWithActDEV 
(node_modules/react-dom/cjs/react-dom.development.js:27628:9)
      at scheduleUpdateOnFiber 
(node_modules/react-dom/cjs/react-dom.development.js:25547:5)
      at dispatchSetState 
(node_modules/react-dom/cjs/react-dom.development.js:16708:7)
      at onChange (src/profile/index.tsx:169:30)
      at HTMLUnknownElement.callCallback 
(node_modules/react-dom/cjs/react-dom.development.js:4164:14)
      at HTMLUnknownElement.callTheUserObjectsOperation 
(node_modules/jsdom/lib/jsdom/living/generated/EventListener.js:26:30)
      at innerInvokeEventListeners 
(node_modules/jsdom/lib/jsdom/living/events/EventTarget-impl.js:350:25)
      at invokeEventListeners 
(node_modules/jsdom/lib/jsdom/living/events/EventTarget-impl.js:286:3)
      at HTMLUnknownElementImpl._dispatch 
(node_modules/jsdom/lib/jsdom/living/events/EventTarget-impl.js:233:9)
      at HTMLUnknownElementImpl.dispatchEvent 
(node_modules/jsdom/lib/jsdom/living/events/EventTarget-impl.js:104:17)
      at HTMLUnknownElement.dispatchEvent 
(node_modules/jsdom/lib/jsdom/living/generated/EventTarget.js:241:34)
      at Object.invokeGuardedCallbackDev 
(node_modules/react-dom/cjs/react-dom.development.js:4213:16)
      at invokeGuardedCallback 
(node_modules/react-dom/cjs/react-dom.development.js:4277:31)
      at invokeGuardedCallbackAndCatchFirstError 
(node_modules/react-dom/cjs/react-dom.development.js:4291:25)
      at executeDispatch 
(node_modules/react-dom/cjs/react-dom.development.js:9041:3)
      at processDispatchQueueItemsInOrder 
(node_modules/react-dom/cjs/react-dom.development.js:9073:7)
      at processDispatchQueue 
(node_modules/react-dom/cjs/react-dom.development.js:9086:5)
      at dispatchEventsForPlugins 
(node_modules/react-dom/cjs/react-dom.development.js:9097:3)
      at node_modules/react-dom/cjs/react-dom.development.js:9288:12
      at batchedUpdates$1 
(node_modules/react-dom/cjs/react-dom.development.js:26179:12)
      at batchedUpdates 
(node_modules/react-dom/cjs/react-dom.development.js:3991:12)
      at dispatchEventForPluginEventSystem 
(node_modules/react-dom/cjs/react-dom.development.js:9287:3)
      at dispatchEventWithEnableCapturePhaseSelectiveHydrationWithoutDiscreteEv
entReplay (node_modules/react-dom/cjs/react-dom.development.js:6465:5)
      at dispatchEvent 
(node_modules/react-dom/cjs/react-dom.development.js:6457:5)
      at dispatchDiscreteEvent 
(node_modules/react-dom/cjs/react-dom.development.js:6430:5)
      at HTMLDivElement.callTheUserObjectsOperation 
(node_modules/jsdom/lib/jsdom/living/generated/EventListener.js:26:30)
      at innerInvokeEventListeners 
(node_modules/jsdom/lib/jsdom/living/events/EventTarget-impl.js:350:25)
      at invokeEventListeners 
(node_modules/jsdom/lib/jsdom/living/events/EventTarget-impl.js:286:3)
      at HTMLInputElementImpl._dispatch 
(node_modules/jsdom/lib/jsdom/living/events/EventTarget-impl.js:233:9)
      at HTMLInputElementImpl.dispatchEvent 
(node_modules/jsdom/lib/jsdom/living/events/EventTarget-impl.js:104:17)
      at HTMLInputElement.dispatchEvent 
(node_modules/jsdom/lib/jsdom/living/generated/EventTarget.js:241:34)
      at 
node_modules/@testing-library/user-event/dist/cjs/event/dispatchEvent.js:45:43
      at Object.eventWrapper 
(node_modules/@testing-library/dom/dist/config.js:25:23)
      at Object.wrapEvent 
(node_modules/@testing-library/user-event/dist/cjs/event/wrapEvent.js:6:28)
      at Object.dispatchEvent (node_modules/@testing-library/user-event/dist/cj
s/event/dispatchEvent.js:45:22)
      at Object.dispatchUIEvent (node_modules/@testing-library/user-event/dist/
cjs/event/dispatchEvent.js:22:26)
      at commitInput 
(node_modules/@testing-library/user-event/dist/cjs/event/input.js:145:14)
      at editInputElement 
(node_modules/@testing-library/user-event/dist/cjs/event/input.js:115:9)
      at Object.input 
(node_modules/@testing-library/user-event/dist/cjs/event/input.js:37:9)
      at node_modules/@testing-library/user-event/dist/cjs/event/behavior/keypr
ess.js:31:26
      at Object.dispatchEvent (node_modules/@testing-library/user-event/dist/cj
s/event/dispatchEvent.js:41:13)
      at Object.dispatchUIEvent (node_modules/@testing-library/user-event/dist/
cjs/event/dispatchEvent.js:22:26)
      at KeyboardHost.keydown 
(node_modules/@testing-library/user-event/dist/cjs/system/keyboard.js:76:22)
      at keyboardAction 
(node_modules/@testing-library/user-event/dist/cjs/keyboard/index.js:22:35)
      at Object.keyboard 
(node_modules/@testing-library/user-event/dist/cjs/keyboard/index.js:11:15)
      at Object.type 
(node_modules/@testing-library/user-event/dist/cjs/utility/type.js:17:5)
      at Object.<anonymous> (src/profile/profile.test.tsx:214:9)

    console.error
      Warning: An update to ProfilePage inside a test was not wrapped in 
act(...).
      
      When testing, code that causes React state updates should be wrapped 
into act(...):
      
      act(() => {
        /* fire events that update state */
      });
      /* assert on the output */
      
      This ensures that you're testing the behavior the user would see in the 
browser. Learn more at https://reactjs.org/link/wrap-tests-with-act
          at ProfilePage 
(C:\Users\samhe\OneDrive\Desktop\Cleaned\frontend\src\profile\index.tsx:25:41)
          at basenameProp (C:\Users\samhe\OneDrive\Desktop\Cleaned\frontend\nod
e_modules\react-router\lib\components.tsx:421:13)
          at basename (C:\Users\samhe\OneDrive\Desktop\Cleaned\frontend\node_mo
dules\react-router\lib\components.tsx:225:3)

      167 |               className="border border-gray-300 rounded-md px-3 
py-2 text-sm"
      168 |               value={currentPassword}
    > 169 |               onChange={e => setCurrentPassword(e.target.value)}
          |                              ^
      170 |             />
      171 |           </div>
      172 |

      at printWarning 
(node_modules/react-dom/cjs/react-dom.development.js:86:30)
      at error (node_modules/react-dom/cjs/react-dom.development.js:60:7)
      at warnIfUpdatesNotWrappedWithActDEV 
(node_modules/react-dom/cjs/react-dom.development.js:27628:9)
      at scheduleUpdateOnFiber 
(node_modules/react-dom/cjs/react-dom.development.js:25547:5)
      at dispatchSetState 
(node_modules/react-dom/cjs/react-dom.development.js:16708:7)
      at onChange (src/profile/index.tsx:169:30)
      at HTMLUnknownElement.callCallback 
(node_modules/react-dom/cjs/react-dom.development.js:4164:14)
      at HTMLUnknownElement.callTheUserObjectsOperation 
(node_modules/jsdom/lib/jsdom/living/generated/EventListener.js:26:30)
      at innerInvokeEventListeners 
(node_modules/jsdom/lib/jsdom/living/events/EventTarget-impl.js:350:25)
      at invokeEventListeners 
(node_modules/jsdom/lib/jsdom/living/events/EventTarget-impl.js:286:3)
      at HTMLUnknownElementImpl._dispatch 
(node_modules/jsdom/lib/jsdom/living/events/EventTarget-impl.js:233:9)
      at HTMLUnknownElementImpl.dispatchEvent 
(node_modules/jsdom/lib/jsdom/living/events/EventTarget-impl.js:104:17)
      at HTMLUnknownElement.dispatchEvent 
(node_modules/jsdom/lib/jsdom/living/generated/EventTarget.js:241:34)
      at Object.invokeGuardedCallbackDev 
(node_modules/react-dom/cjs/react-dom.development.js:4213:16)
      at invokeGuardedCallback 
(node_modules/react-dom/cjs/react-dom.development.js:4277:31)
      at invokeGuardedCallbackAndCatchFirstError 
(node_modules/react-dom/cjs/react-dom.development.js:4291:25)
      at executeDispatch 
(node_modules/react-dom/cjs/react-dom.development.js:9041:3)
      at processDispatchQueueItemsInOrder 
(node_modules/react-dom/cjs/react-dom.development.js:9073:7)
      at processDispatchQueue 
(node_modules/react-dom/cjs/react-dom.development.js:9086:5)
      at dispatchEventsForPlugins 
(node_modules/react-dom/cjs/react-dom.development.js:9097:3)
      at node_modules/react-dom/cjs/react-dom.development.js:9288:12
      at batchedUpdates$1 
(node_modules/react-dom/cjs/react-dom.development.js:26179:12)
      at batchedUpdates 
(node_modules/react-dom/cjs/react-dom.development.js:3991:12)
      at dispatchEventForPluginEventSystem 
(node_modules/react-dom/cjs/react-dom.development.js:9287:3)
      at dispatchEventWithEnableCapturePhaseSelectiveHydrationWithoutDiscreteEv
entReplay (node_modules/react-dom/cjs/react-dom.development.js:6465:5)
      at dispatchEvent 
(node_modules/react-dom/cjs/react-dom.development.js:6457:5)
      at dispatchDiscreteEvent 
(node_modules/react-dom/cjs/react-dom.development.js:6430:5)
      at HTMLDivElement.callTheUserObjectsOperation 
(node_modules/jsdom/lib/jsdom/living/generated/EventListener.js:26:30)
      at innerInvokeEventListeners 
(node_modules/jsdom/lib/jsdom/living/events/EventTarget-impl.js:350:25)
      at invokeEventListeners 
(node_modules/jsdom/lib/jsdom/living/events/EventTarget-impl.js:286:3)
      at HTMLInputElementImpl._dispatch 
(node_modules/jsdom/lib/jsdom/living/events/EventTarget-impl.js:233:9)
      at HTMLInputElementImpl.dispatchEvent 
(node_modules/jsdom/lib/jsdom/living/events/EventTarget-impl.js:104:17)
      at HTMLInputElement.dispatchEvent 
(node_modules/jsdom/lib/jsdom/living/generated/EventTarget.js:241:34)
      at 
node_modules/@testing-library/user-event/dist/cjs/event/dispatchEvent.js:45:43
      at Object.eventWrapper 
(node_modules/@testing-library/dom/dist/config.js:25:23)
      at Object.wrapEvent 
(node_modules/@testing-library/user-event/dist/cjs/event/wrapEvent.js:6:28)
      at Object.dispatchEvent (node_modules/@testing-library/user-event/dist/cj
s/event/dispatchEvent.js:45:22)
      at Object.dispatchUIEvent (node_modules/@testing-library/user-event/dist/
cjs/event/dispatchEvent.js:22:26)
      at commitInput 
(node_modules/@testing-library/user-event/dist/cjs/event/input.js:145:14)
      at editInputElement 
(node_modules/@testing-library/user-event/dist/cjs/event/input.js:115:9)
      at Object.input 
(node_modules/@testing-library/user-event/dist/cjs/event/input.js:37:9)
      at node_modules/@testing-library/user-event/dist/cjs/event/behavior/keypr
ess.js:31:26
      at Object.dispatchEvent (node_modules/@testing-library/user-event/dist/cj
s/event/dispatchEvent.js:41:13)
      at Object.dispatchUIEvent (node_modules/@testing-library/user-event/dist/
cjs/event/dispatchEvent.js:22:26)
      at KeyboardHost.keydown 
(node_modules/@testing-library/user-event/dist/cjs/system/keyboard.js:76:22)
      at keyboardAction 
(node_modules/@testing-library/user-event/dist/cjs/keyboard/index.js:22:35)
      at Object.keyboard 
(node_modules/@testing-library/user-event/dist/cjs/keyboard/index.js:11:15)
      at Object.type 
(node_modules/@testing-library/user-event/dist/cjs/utility/type.js:17:5)
      at Object.<anonymous> (src/profile/profile.test.tsx:214:9)

    console.error
      Warning: An update to ProfilePage inside a test was not wrapped in 
act(...).
      
      When testing, code that causes React state updates should be wrapped 
into act(...):
      
      act(() => {
        /* fire events that update state */
      });
      /* assert on the output */
      
      This ensures that you're testing the behavior the user would see in the 
browser. Learn more at https://reactjs.org/link/wrap-tests-with-act
          at ProfilePage 
(C:\Users\samhe\OneDrive\Desktop\Cleaned\frontend\src\profile\index.tsx:25:41)
          at basenameProp (C:\Users\samhe\OneDrive\Desktop\Cleaned\frontend\nod
e_modules\react-router\lib\components.tsx:421:13)
          at basename (C:\Users\samhe\OneDrive\Desktop\Cleaned\frontend\node_mo
dules\react-router\lib\components.tsx:225:3)

      167 |               className="border border-gray-300 rounded-md px-3 
py-2 text-sm"
      168 |               value={currentPassword}
    > 169 |               onChange={e => setCurrentPassword(e.target.value)}
          |                              ^
      170 |             />
      171 |           </div>
      172 |

      at printWarning 
(node_modules/react-dom/cjs/react-dom.development.js:86:30)
      at error (node_modules/react-dom/cjs/react-dom.development.js:60:7)
      at warnIfUpdatesNotWrappedWithActDEV 
(node_modules/react-dom/cjs/react-dom.development.js:27628:9)
      at scheduleUpdateOnFiber 
(node_modules/react-dom/cjs/react-dom.development.js:25547:5)
      at dispatchSetState 
(node_modules/react-dom/cjs/react-dom.development.js:16708:7)
      at onChange (src/profile/index.tsx:169:30)
      at HTMLUnknownElement.callCallback 
(node_modules/react-dom/cjs/react-dom.development.js:4164:14)
      at HTMLUnknownElement.callTheUserObjectsOperation 
(node_modules/jsdom/lib/jsdom/living/generated/EventListener.js:26:30)
      at innerInvokeEventListeners 
(node_modules/jsdom/lib/jsdom/living/events/EventTarget-impl.js:350:25)
      at invokeEventListeners 
(node_modules/jsdom/lib/jsdom/living/events/EventTarget-impl.js:286:3)
      at HTMLUnknownElementImpl._dispatch 
(node_modules/jsdom/lib/jsdom/living/events/EventTarget-impl.js:233:9)
      at HTMLUnknownElementImpl.dispatchEvent 
(node_modules/jsdom/lib/jsdom/living/events/EventTarget-impl.js:104:17)
      at HTMLUnknownElement.dispatchEvent 
(node_modules/jsdom/lib/jsdom/living/generated/EventTarget.js:241:34)
      at Object.invokeGuardedCallbackDev 
(node_modules/react-dom/cjs/react-dom.development.js:4213:16)
      at invokeGuardedCallback 
(node_modules/react-dom/cjs/react-dom.development.js:4277:31)
      at invokeGuardedCallbackAndCatchFirstError 
(node_modules/react-dom/cjs/react-dom.development.js:4291:25)
      at executeDispatch 
(node_modules/react-dom/cjs/react-dom.development.js:9041:3)
      at processDispatchQueueItemsInOrder 
(node_modules/react-dom/cjs/react-dom.development.js:9073:7)
      at processDispatchQueue 
(node_modules/react-dom/cjs/react-dom.development.js:9086:5)
      at dispatchEventsForPlugins 
(node_modules/react-dom/cjs/react-dom.development.js:9097:3)
      at node_modules/react-dom/cjs/react-dom.development.js:9288:12
      at batchedUpdates$1 
(node_modules/react-dom/cjs/react-dom.development.js:26179:12)
      at batchedUpdates 
(node_modules/react-dom/cjs/react-dom.development.js:3991:12)
      at dispatchEventForPluginEventSystem 
(node_modules/react-dom/cjs/react-dom.development.js:9287:3)
      at dispatchEventWithEnableCapturePhaseSelectiveHydrationWithoutDiscreteEv
entReplay (node_modules/react-dom/cjs/react-dom.development.js:6465:5)
      at dispatchEvent 
(node_modules/react-dom/cjs/react-dom.development.js:6457:5)
      at dispatchDiscreteEvent 
(node_modules/react-dom/cjs/react-dom.development.js:6430:5)
      at HTMLDivElement.callTheUserObjectsOperation 
(node_modules/jsdom/lib/jsdom/living/generated/EventListener.js:26:30)
      at innerInvokeEventListeners 
(node_modules/jsdom/lib/jsdom/living/events/EventTarget-impl.js:350:25)
      at invokeEventListeners 
(node_modules/jsdom/lib/jsdom/living/events/EventTarget-impl.js:286:3)
      at HTMLInputElementImpl._dispatch 
(node_modules/jsdom/lib/jsdom/living/events/EventTarget-impl.js:233:9)
      at HTMLInputElementImpl.dispatchEvent 
(node_modules/jsdom/lib/jsdom/living/events/EventTarget-impl.js:104:17)
      at HTMLInputElement.dispatchEvent 
(node_modules/jsdom/lib/jsdom/living/generated/EventTarget.js:241:34)
      at 
node_modules/@testing-library/user-event/dist/cjs/event/dispatchEvent.js:45:43
      at Object.eventWrapper 
(node_modules/@testing-library/dom/dist/config.js:25:23)
      at Object.wrapEvent 
(node_modules/@testing-library/user-event/dist/cjs/event/wrapEvent.js:6:28)
      at Object.dispatchEvent (node_modules/@testing-library/user-event/dist/cj
s/event/dispatchEvent.js:45:22)
      at Object.dispatchUIEvent (node_modules/@testing-library/user-event/dist/
cjs/event/dispatchEvent.js:22:26)
      at commitInput 
(node_modules/@testing-library/user-event/dist/cjs/event/input.js:145:14)
      at editInputElement 
(node_modules/@testing-library/user-event/dist/cjs/event/input.js:115:9)
      at Object.input 
(node_modules/@testing-library/user-event/dist/cjs/event/input.js:37:9)
      at node_modules/@testing-library/user-event/dist/cjs/event/behavior/keypr
ess.js:31:26
      at Object.dispatchEvent (node_modules/@testing-library/user-event/dist/cj
s/event/dispatchEvent.js:41:13)
      at Object.dispatchUIEvent (node_modules/@testing-library/user-event/dist/
cjs/event/dispatchEvent.js:22:26)
      at KeyboardHost.keydown 
(node_modules/@testing-library/user-event/dist/cjs/system/keyboard.js:76:22)
      at keyboardAction 
(node_modules/@testing-library/user-event/dist/cjs/keyboard/index.js:22:35)
      at Object.keyboard 
(node_modules/@testing-library/user-event/dist/cjs/keyboard/index.js:11:15)
      at Object.type 
(node_modules/@testing-library/user-event/dist/cjs/utility/type.js:17:5)
      at Object.<anonymous> (src/profile/profile.test.tsx:214:9)

    console.error
      Warning: An update to ProfilePage inside a test was not wrapped in 
act(...).
      
      When testing, code that causes React state updates should be wrapped 
into act(...):
      
      act(() => {
        /* fire events that update state */
      });
      /* assert on the output */
      
      This ensures that you're testing the behavior the user would see in the 
browser. Learn more at https://reactjs.org/link/wrap-tests-with-act
          at ProfilePage 
(C:\Users\samhe\OneDrive\Desktop\Cleaned\frontend\src\profile\index.tsx:25:41)
          at basenameProp (C:\Users\samhe\OneDrive\Desktop\Cleaned\frontend\nod
e_modules\react-router\lib\components.tsx:421:13)
          at basename (C:\Users\samhe\OneDrive\Desktop\Cleaned\frontend\node_mo
dules\react-router\lib\components.tsx:225:3)

      180 |               className="border border-gray-300 rounded-md px-3 
py-2 text-sm"
      181 |               value={newPassword}
    > 182 |               onChange={e => setNewPassword(e.target.value)}
          |                              ^
      183 |             />
      184 |             <p className="text-xs text-gray-500">
      185 |               Minimum 8 characters, at least 1 uppercase letter 
and 1 number.

      at printWarning 
(node_modules/react-dom/cjs/react-dom.development.js:86:30)
      at error (node_modules/react-dom/cjs/react-dom.development.js:60:7)
      at warnIfUpdatesNotWrappedWithActDEV 
(node_modules/react-dom/cjs/react-dom.development.js:27628:9)
      at scheduleUpdateOnFiber 
(node_modules/react-dom/cjs/react-dom.development.js:25547:5)
      at dispatchSetState 
(node_modules/react-dom/cjs/react-dom.development.js:16708:7)
      at onChange (src/profile/index.tsx:182:30)
      at HTMLUnknownElement.callCallback 
(node_modules/react-dom/cjs/react-dom.development.js:4164:14)
      at HTMLUnknownElement.callTheUserObjectsOperation 
(node_modules/jsdom/lib/jsdom/living/generated/EventListener.js:26:30)
      at innerInvokeEventListeners 
(node_modules/jsdom/lib/jsdom/living/events/EventTarget-impl.js:350:25)
      at invokeEventListeners 
(node_modules/jsdom/lib/jsdom/living/events/EventTarget-impl.js:286:3)
      at HTMLUnknownElementImpl._dispatch 
(node_modules/jsdom/lib/jsdom/living/events/EventTarget-impl.js:233:9)
      at HTMLUnknownElementImpl.dispatchEvent 
(node_modules/jsdom/lib/jsdom/living/events/EventTarget-impl.js:104:17)
      at HTMLUnknownElement.dispatchEvent 
(node_modules/jsdom/lib/jsdom/living/generated/EventTarget.js:241:34)
      at Object.invokeGuardedCallbackDev 
(node_modules/react-dom/cjs/react-dom.development.js:4213:16)
      at invokeGuardedCallback 
(node_modules/react-dom/cjs/react-dom.development.js:4277:31)
      at invokeGuardedCallbackAndCatchFirstError 
(node_modules/react-dom/cjs/react-dom.development.js:4291:25)
      at executeDispatch 
(node_modules/react-dom/cjs/react-dom.development.js:9041:3)
      at processDispatchQueueItemsInOrder 
(node_modules/react-dom/cjs/react-dom.development.js:9073:7)
      at processDispatchQueue 
(node_modules/react-dom/cjs/react-dom.development.js:9086:5)
      at dispatchEventsForPlugins 
(node_modules/react-dom/cjs/react-dom.development.js:9097:3)
      at node_modules/react-dom/cjs/react-dom.development.js:9288:12
      at batchedUpdates$1 
(node_modules/react-dom/cjs/react-dom.development.js:26179:12)
      at batchedUpdates 
(node_modules/react-dom/cjs/react-dom.development.js:3991:12)
      at dispatchEventForPluginEventSystem 
(node_modules/react-dom/cjs/react-dom.development.js:9287:3)
      at dispatchEventWithEnableCapturePhaseSelectiveHydrationWithoutDiscreteEv
entReplay (node_modules/react-dom/cjs/react-dom.development.js:6465:5)
      at dispatchEvent 
(node_modules/react-dom/cjs/react-dom.development.js:6457:5)
      at dispatchDiscreteEvent 
(node_modules/react-dom/cjs/react-dom.development.js:6430:5)
      at HTMLDivElement.callTheUserObjectsOperation 
(node_modules/jsdom/lib/jsdom/living/generated/EventListener.js:26:30)
      at innerInvokeEventListeners 
(node_modules/jsdom/lib/jsdom/living/events/EventTarget-impl.js:350:25)
      at invokeEventListeners 
(node_modules/jsdom/lib/jsdom/living/events/EventTarget-impl.js:286:3)
      at HTMLInputElementImpl._dispatch 
(node_modules/jsdom/lib/jsdom/living/events/EventTarget-impl.js:233:9)
      at HTMLInputElementImpl.dispatchEvent 
(node_modules/jsdom/lib/jsdom/living/events/EventTarget-impl.js:104:17)
      at HTMLInputElement.dispatchEvent 
(node_modules/jsdom/lib/jsdom/living/generated/EventTarget.js:241:34)
      at 
node_modules/@testing-library/user-event/dist/cjs/event/dispatchEvent.js:45:43
      at Object.eventWrapper 
(node_modules/@testing-library/dom/dist/config.js:25:23)
      at Object.wrapEvent 
(node_modules/@testing-library/user-event/dist/cjs/event/wrapEvent.js:6:28)
      at Object.dispatchEvent (node_modules/@testing-library/user-event/dist/cj
s/event/dispatchEvent.js:45:22)
      at Object.dispatchUIEvent (node_modules/@testing-library/user-event/dist/
cjs/event/dispatchEvent.js:22:26)
      at commitInput 
(node_modules/@testing-library/user-event/dist/cjs/event/input.js:145:14)
      at editInputElement 
(node_modules/@testing-library/user-event/dist/cjs/event/input.js:115:9)
      at Object.input 
(node_modules/@testing-library/user-event/dist/cjs/event/input.js:37:9)
      at node_modules/@testing-library/user-event/dist/cjs/event/behavior/keypr
ess.js:31:26
      at Object.dispatchEvent (node_modules/@testing-library/user-event/dist/cj
s/event/dispatchEvent.js:41:13)
      at Object.dispatchUIEvent (node_modules/@testing-library/user-event/dist/
cjs/event/dispatchEvent.js:22:26)
      at KeyboardHost.keydown 
(node_modules/@testing-library/user-event/dist/cjs/system/keyboard.js:76:22)
      at keyboardAction 
(node_modules/@testing-library/user-event/dist/cjs/keyboard/index.js:22:35)
      at Object.keyboard 
(node_modules/@testing-library/user-event/dist/cjs/keyboard/index.js:11:15)
      at Object.type 
(node_modules/@testing-library/user-event/dist/cjs/utility/type.js:17:5)
      at Object.<anonymous> (src/profile/profile.test.tsx:215:9)

    console.error
      Warning: An update to ProfilePage inside a test was not wrapped in 
act(...).
      
      When testing, code that causes React state updates should be wrapped 
into act(...):
      
      act(() => {
        /* fire events that update state */
      });
      /* assert on the output */
      
      This ensures that you're testing the behavior the user would see in the 
browser. Learn more at https://reactjs.org/link/wrap-tests-with-act
          at ProfilePage 
(C:\Users\samhe\OneDrive\Desktop\Cleaned\frontend\src\profile\index.tsx:25:41)
          at basenameProp (C:\Users\samhe\OneDrive\Desktop\Cleaned\frontend\nod
e_modules\react-router\lib\components.tsx:421:13)
          at basename (C:\Users\samhe\OneDrive\Desktop\Cleaned\frontend\node_mo
dules\react-router\lib\components.tsx:225:3)

      180 |               className="border border-gray-300 rounded-md px-3 
py-2 text-sm"
      181 |               value={newPassword}
    > 182 |               onChange={e => setNewPassword(e.target.value)}
          |                              ^
      183 |             />
      184 |             <p className="text-xs text-gray-500">
      185 |               Minimum 8 characters, at least 1 uppercase letter 
and 1 number.

      at printWarning 
(node_modules/react-dom/cjs/react-dom.development.js:86:30)
      at error (node_modules/react-dom/cjs/react-dom.development.js:60:7)
      at warnIfUpdatesNotWrappedWithActDEV 
(node_modules/react-dom/cjs/react-dom.development.js:27628:9)
      at scheduleUpdateOnFiber 
(node_modules/react-dom/cjs/react-dom.development.js:25547:5)
      at dispatchSetState 
(node_modules/react-dom/cjs/react-dom.development.js:16708:7)
      at onChange (src/profile/index.tsx:182:30)
      at HTMLUnknownElement.callCallback 
(node_modules/react-dom/cjs/react-dom.development.js:4164:14)
      at HTMLUnknownElement.callTheUserObjectsOperation 
(node_modules/jsdom/lib/jsdom/living/generated/EventListener.js:26:30)
      at innerInvokeEventListeners 
(node_modules/jsdom/lib/jsdom/living/events/EventTarget-impl.js:350:25)
      at invokeEventListeners 
(node_modules/jsdom/lib/jsdom/living/events/EventTarget-impl.js:286:3)
      at HTMLUnknownElementImpl._dispatch 
(node_modules/jsdom/lib/jsdom/living/events/EventTarget-impl.js:233:9)
      at HTMLUnknownElementImpl.dispatchEvent 
(node_modules/jsdom/lib/jsdom/living/events/EventTarget-impl.js:104:17)
      at HTMLUnknownElement.dispatchEvent 
(node_modules/jsdom/lib/jsdom/living/generated/EventTarget.js:241:34)
      at Object.invokeGuardedCallbackDev 
(node_modules/react-dom/cjs/react-dom.development.js:4213:16)
      at invokeGuardedCallback 
(node_modules/react-dom/cjs/react-dom.development.js:4277:31)
      at invokeGuardedCallbackAndCatchFirstError 
(node_modules/react-dom/cjs/react-dom.development.js:4291:25)
      at executeDispatch 
(node_modules/react-dom/cjs/react-dom.development.js:9041:3)
      at processDispatchQueueItemsInOrder 
(node_modules/react-dom/cjs/react-dom.development.js:9073:7)
      at processDispatchQueue 
(node_modules/react-dom/cjs/react-dom.development.js:9086:5)
      at dispatchEventsForPlugins 
(node_modules/react-dom/cjs/react-dom.development.js:9097:3)
      at node_modules/react-dom/cjs/react-dom.development.js:9288:12
      at batchedUpdates$1 
(node_modules/react-dom/cjs/react-dom.development.js:26179:12)
      at batchedUpdates 
(node_modules/react-dom/cjs/react-dom.development.js:3991:12)
      at dispatchEventForPluginEventSystem 
(node_modules/react-dom/cjs/react-dom.development.js:9287:3)
      at dispatchEventWithEnableCapturePhaseSelectiveHydrationWithoutDiscreteEv
entReplay (node_modules/react-dom/cjs/react-dom.development.js:6465:5)
      at dispatchEvent 
(node_modules/react-dom/cjs/react-dom.development.js:6457:5)
      at dispatchDiscreteEvent 
(node_modules/react-dom/cjs/react-dom.development.js:6430:5)
      at HTMLDivElement.callTheUserObjectsOperation 
(node_modules/jsdom/lib/jsdom/living/generated/EventListener.js:26:30)
      at innerInvokeEventListeners 
(node_modules/jsdom/lib/jsdom/living/events/EventTarget-impl.js:350:25)
      at invokeEventListeners 
(node_modules/jsdom/lib/jsdom/living/events/EventTarget-impl.js:286:3)
      at HTMLInputElementImpl._dispatch 
(node_modules/jsdom/lib/jsdom/living/events/EventTarget-impl.js:233:9)
      at HTMLInputElementImpl.dispatchEvent 
(node_modules/jsdom/lib/jsdom/living/events/EventTarget-impl.js:104:17)
      at HTMLInputElement.dispatchEvent 
(node_modules/jsdom/lib/jsdom/living/generated/EventTarget.js:241:34)
      at 
node_modules/@testing-library/user-event/dist/cjs/event/dispatchEvent.js:45:43
      at Object.eventWrapper 
(node_modules/@testing-library/dom/dist/config.js:25:23)
      at Object.wrapEvent 
(node_modules/@testing-library/user-event/dist/cjs/event/wrapEvent.js:6:28)
      at Object.dispatchEvent (node_modules/@testing-library/user-event/dist/cj
s/event/dispatchEvent.js:45:22)
      at Object.dispatchUIEvent (node_modules/@testing-library/user-event/dist/
cjs/event/dispatchEvent.js:22:26)
      at commitInput 
(node_modules/@testing-library/user-event/dist/cjs/event/input.js:145:14)
      at editInputElement 
(node_modules/@testing-library/user-event/dist/cjs/event/input.js:115:9)
      at Object.input 
(node_modules/@testing-library/user-event/dist/cjs/event/input.js:37:9)
      at node_modules/@testing-library/user-event/dist/cjs/event/behavior/keypr
ess.js:31:26
      at Object.dispatchEvent (node_modules/@testing-library/user-event/dist/cj
s/event/dispatchEvent.js:41:13)
      at Object.dispatchUIEvent (node_modules/@testing-library/user-event/dist/
cjs/event/dispatchEvent.js:22:26)
      at KeyboardHost.keydown 
(node_modules/@testing-library/user-event/dist/cjs/system/keyboard.js:76:22)
      at keyboardAction 
(node_modules/@testing-library/user-event/dist/cjs/keyboard/index.js:22:35)
      at Object.keyboard 
(node_modules/@testing-library/user-event/dist/cjs/keyboard/index.js:11:15)
      at Object.type 
(node_modules/@testing-library/user-event/dist/cjs/utility/type.js:17:5)
      at Object.<anonymous> (src/profile/profile.test.tsx:215:9)

    console.error
      Warning: An update to ProfilePage inside a test was not wrapped in 
act(...).
      
      When testing, code that causes React state updates should be wrapped 
into act(...):
      
      act(() => {
        /* fire events that update state */
      });
      /* assert on the output */
      
      This ensures that you're testing the behavior the user would see in the 
browser. Learn more at https://reactjs.org/link/wrap-tests-with-act
          at ProfilePage 
(C:\Users\samhe\OneDrive\Desktop\Cleaned\frontend\src\profile\index.tsx:25:41)
          at basenameProp (C:\Users\samhe\OneDrive\Desktop\Cleaned\frontend\nod
e_modules\react-router\lib\components.tsx:421:13)
          at basename (C:\Users\samhe\OneDrive\Desktop\Cleaned\frontend\node_mo
dules\react-router\lib\components.tsx:225:3)

      180 |               className="border border-gray-300 rounded-md px-3 
py-2 text-sm"
      181 |               value={newPassword}
    > 182 |               onChange={e => setNewPassword(e.target.value)}
          |                              ^
      183 |             />
      184 |             <p className="text-xs text-gray-500">
      185 |               Minimum 8 characters, at least 1 uppercase letter 
and 1 number.

      at printWarning 
(node_modules/react-dom/cjs/react-dom.development.js:86:30)
      at error (node_modules/react-dom/cjs/react-dom.development.js:60:7)
      at warnIfUpdatesNotWrappedWithActDEV 
(node_modules/react-dom/cjs/react-dom.development.js:27628:9)
      at scheduleUpdateOnFiber 
(node_modules/react-dom/cjs/react-dom.development.js:25547:5)
      at dispatchSetState 
(node_modules/react-dom/cjs/react-dom.development.js:16708:7)
      at onChange (src/profile/index.tsx:182:30)
      at HTMLUnknownElement.callCallback 
(node_modules/react-dom/cjs/react-dom.development.js:4164:14)
      at HTMLUnknownElement.callTheUserObjectsOperation 
(node_modules/jsdom/lib/jsdom/living/generated/EventListener.js:26:30)
      at innerInvokeEventListeners 
(node_modules/jsdom/lib/jsdom/living/events/EventTarget-impl.js:350:25)
      at invokeEventListeners 
(node_modules/jsdom/lib/jsdom/living/events/EventTarget-impl.js:286:3)
      at HTMLUnknownElementImpl._dispatch 
(node_modules/jsdom/lib/jsdom/living/events/EventTarget-impl.js:233:9)
      at HTMLUnknownElementImpl.dispatchEvent 
(node_modules/jsdom/lib/jsdom/living/events/EventTarget-impl.js:104:17)
      at HTMLUnknownElement.dispatchEvent 
(node_modules/jsdom/lib/jsdom/living/generated/EventTarget.js:241:34)
      at Object.invokeGuardedCallbackDev 
(node_modules/react-dom/cjs/react-dom.development.js:4213:16)
      at invokeGuardedCallback 
(node_modules/react-dom/cjs/react-dom.development.js:4277:31)
      at invokeGuardedCallbackAndCatchFirstError 
(node_modules/react-dom/cjs/react-dom.development.js:4291:25)
      at executeDispatch 
(node_modules/react-dom/cjs/react-dom.development.js:9041:3)
      at processDispatchQueueItemsInOrder 
(node_modules/react-dom/cjs/react-dom.development.js:9073:7)
      at processDispatchQueue 
(node_modules/react-dom/cjs/react-dom.development.js:9086:5)
      at dispatchEventsForPlugins 
(node_modules/react-dom/cjs/react-dom.development.js:9097:3)
      at node_modules/react-dom/cjs/react-dom.development.js:9288:12
      at batchedUpdates$1 
(node_modules/react-dom/cjs/react-dom.development.js:26179:12)
      at batchedUpdates 
(node_modules/react-dom/cjs/react-dom.development.js:3991:12)
      at dispatchEventForPluginEventSystem 
(node_modules/react-dom/cjs/react-dom.development.js:9287:3)
      at dispatchEventWithEnableCapturePhaseSelectiveHydrationWithoutDiscreteEv
entReplay (node_modules/react-dom/cjs/react-dom.development.js:6465:5)
      at dispatchEvent 
(node_modules/react-dom/cjs/react-dom.development.js:6457:5)
      at dispatchDiscreteEvent 
(node_modules/react-dom/cjs/react-dom.development.js:6430:5)
      at HTMLDivElement.callTheUserObjectsOperation 
(node_modules/jsdom/lib/jsdom/living/generated/EventListener.js:26:30)
      at innerInvokeEventListeners 
(node_modules/jsdom/lib/jsdom/living/events/EventTarget-impl.js:350:25)
      at invokeEventListeners 
(node_modules/jsdom/lib/jsdom/living/events/EventTarget-impl.js:286:3)
      at HTMLInputElementImpl._dispatch 
(node_modules/jsdom/lib/jsdom/living/events/EventTarget-impl.js:233:9)
      at HTMLInputElementImpl.dispatchEvent 
(node_modules/jsdom/lib/jsdom/living/events/EventTarget-impl.js:104:17)
      at HTMLInputElement.dispatchEvent 
(node_modules/jsdom/lib/jsdom/living/generated/EventTarget.js:241:34)
      at 
node_modules/@testing-library/user-event/dist/cjs/event/dispatchEvent.js:45:43
      at Object.eventWrapper 
(node_modules/@testing-library/dom/dist/config.js:25:23)
      at Object.wrapEvent 
(node_modules/@testing-library/user-event/dist/cjs/event/wrapEvent.js:6:28)
      at Object.dispatchEvent (node_modules/@testing-library/user-event/dist/cj
s/event/dispatchEvent.js:45:22)
      at Object.dispatchUIEvent (node_modules/@testing-library/user-event/dist/
cjs/event/dispatchEvent.js:22:26)
      at commitInput 
(node_modules/@testing-library/user-event/dist/cjs/event/input.js:145:14)
      at editInputElement 
(node_modules/@testing-library/user-event/dist/cjs/event/input.js:115:9)
      at Object.input 
(node_modules/@testing-library/user-event/dist/cjs/event/input.js:37:9)
      at node_modules/@testing-library/user-event/dist/cjs/event/behavior/keypr
ess.js:31:26
      at Object.dispatchEvent (node_modules/@testing-library/user-event/dist/cj
s/event/dispatchEvent.js:41:13)
      at Object.dispatchUIEvent (node_modules/@testing-library/user-event/dist/
cjs/event/dispatchEvent.js:22:26)
      at KeyboardHost.keydown 
(node_modules/@testing-library/user-event/dist/cjs/system/keyboard.js:76:22)
      at keyboardAction 
(node_modules/@testing-library/user-event/dist/cjs/keyboard/index.js:22:35)
      at Object.keyboard 
(node_modules/@testing-library/user-event/dist/cjs/keyboard/index.js:11:15)
      at Object.type 
(node_modules/@testing-library/user-event/dist/cjs/utility/type.js:17:5)
      at Object.<anonymous> (src/profile/profile.test.tsx:215:9)

    console.error
      Warning: An update to ProfilePage inside a test was not wrapped in 
act(...).
      
      When testing, code that causes React state updates should be wrapped 
into act(...):
      
      act(() => {
        /* fire events that update state */
      });
      /* assert on the output */
      
      This ensures that you're testing the behavior the user would see in the 
browser. Learn more at https://reactjs.org/link/wrap-tests-with-act
          at ProfilePage 
(C:\Users\samhe\OneDrive\Desktop\Cleaned\frontend\src\profile\index.tsx:25:41)
          at basenameProp (C:\Users\samhe\OneDrive\Desktop\Cleaned\frontend\nod
e_modules\react-router\lib\components.tsx:421:13)
          at basename (C:\Users\samhe\OneDrive\Desktop\Cleaned\frontend\node_mo
dules\react-router\lib\components.tsx:225:3)

      180 |               className="border border-gray-300 rounded-md px-3 
py-2 text-sm"
      181 |               value={newPassword}
    > 182 |               onChange={e => setNewPassword(e.target.value)}
          |                              ^
      183 |             />
      184 |             <p className="text-xs text-gray-500">
      185 |               Minimum 8 characters, at least 1 uppercase letter 
and 1 number.

      at printWarning 
(node_modules/react-dom/cjs/react-dom.development.js:86:30)
      at error (node_modules/react-dom/cjs/react-dom.development.js:60:7)
      at warnIfUpdatesNotWrappedWithActDEV 
(node_modules/react-dom/cjs/react-dom.development.js:27628:9)
      at scheduleUpdateOnFiber 
(node_modules/react-dom/cjs/react-dom.development.js:25547:5)
      at dispatchSetState 
(node_modules/react-dom/cjs/react-dom.development.js:16708:7)
      at onChange (src/profile/index.tsx:182:30)
      at HTMLUnknownElement.callCallback 
(node_modules/react-dom/cjs/react-dom.development.js:4164:14)
      at HTMLUnknownElement.callTheUserObjectsOperation 
(node_modules/jsdom/lib/jsdom/living/generated/EventListener.js:26:30)
      at innerInvokeEventListeners 
(node_modules/jsdom/lib/jsdom/living/events/EventTarget-impl.js:350:25)
      at invokeEventListeners 
(node_modules/jsdom/lib/jsdom/living/events/EventTarget-impl.js:286:3)
      at HTMLUnknownElementImpl._dispatch 
(node_modules/jsdom/lib/jsdom/living/events/EventTarget-impl.js:233:9)
      at HTMLUnknownElementImpl.dispatchEvent 
(node_modules/jsdom/lib/jsdom/living/events/EventTarget-impl.js:104:17)
      at HTMLUnknownElement.dispatchEvent 
(node_modules/jsdom/lib/jsdom/living/generated/EventTarget.js:241:34)
      at Object.invokeGuardedCallbackDev 
(node_modules/react-dom/cjs/react-dom.development.js:4213:16)
      at invokeGuardedCallback 
(node_modules/react-dom/cjs/react-dom.development.js:4277:31)
      at invokeGuardedCallbackAndCatchFirstError 
(node_modules/react-dom/cjs/react-dom.development.js:4291:25)
      at executeDispatch 
(node_modules/react-dom/cjs/react-dom.development.js:9041:3)
      at processDispatchQueueItemsInOrder 
(node_modules/react-dom/cjs/react-dom.development.js:9073:7)
      at processDispatchQueue 
(node_modules/react-dom/cjs/react-dom.development.js:9086:5)
      at dispatchEventsForPlugins 
(node_modules/react-dom/cjs/react-dom.development.js:9097:3)
      at node_modules/react-dom/cjs/react-dom.development.js:9288:12
      at batchedUpdates$1 
(node_modules/react-dom/cjs/react-dom.development.js:26179:12)
      at batchedUpdates 
(node_modules/react-dom/cjs/react-dom.development.js:3991:12)
      at dispatchEventForPluginEventSystem 
(node_modules/react-dom/cjs/react-dom.development.js:9287:3)
      at dispatchEventWithEnableCapturePhaseSelectiveHydrationWithoutDiscreteEv
entReplay (node_modules/react-dom/cjs/react-dom.development.js:6465:5)
      at dispatchEvent 
(node_modules/react-dom/cjs/react-dom.development.js:6457:5)
      at dispatchDiscreteEvent 
(node_modules/react-dom/cjs/react-dom.development.js:6430:5)
      at HTMLDivElement.callTheUserObjectsOperation 
(node_modules/jsdom/lib/jsdom/living/generated/EventListener.js:26:30)
      at innerInvokeEventListeners 
(node_modules/jsdom/lib/jsdom/living/events/EventTarget-impl.js:350:25)
      at invokeEventListeners 
(node_modules/jsdom/lib/jsdom/living/events/EventTarget-impl.js:286:3)
      at HTMLInputElementImpl._dispatch 
(node_modules/jsdom/lib/jsdom/living/events/EventTarget-impl.js:233:9)
      at HTMLInputElementImpl.dispatchEvent 
(node_modules/jsdom/lib/jsdom/living/events/EventTarget-impl.js:104:17)
      at HTMLInputElement.dispatchEvent 
(node_modules/jsdom/lib/jsdom/living/generated/EventTarget.js:241:34)
      at 
node_modules/@testing-library/user-event/dist/cjs/event/dispatchEvent.js:45:43
      at Object.eventWrapper 
(node_modules/@testing-library/dom/dist/config.js:25:23)
      at Object.wrapEvent 
(node_modules/@testing-library/user-event/dist/cjs/event/wrapEvent.js:6:28)
      at Object.dispatchEvent (node_modules/@testing-library/user-event/dist/cj
s/event/dispatchEvent.js:45:22)
      at Object.dispatchUIEvent (node_modules/@testing-library/user-event/dist/
cjs/event/dispatchEvent.js:22:26)
      at commitInput 
(node_modules/@testing-library/user-event/dist/cjs/event/input.js:145:14)
      at editInputElement 
(node_modules/@testing-library/user-event/dist/cjs/event/input.js:115:9)
      at Object.input 
(node_modules/@testing-library/user-event/dist/cjs/event/input.js:37:9)
      at node_modules/@testing-library/user-event/dist/cjs/event/behavior/keypr
ess.js:31:26
      at Object.dispatchEvent (node_modules/@testing-library/user-event/dist/cj
s/event/dispatchEvent.js:41:13)
      at Object.dispatchUIEvent (node_modules/@testing-library/user-event/dist/
cjs/event/dispatchEvent.js:22:26)
      at KeyboardHost.keydown 
(node_modules/@testing-library/user-event/dist/cjs/system/keyboard.js:76:22)
      at keyboardAction 
(node_modules/@testing-library/user-event/dist/cjs/keyboard/index.js:22:35)
      at Object.keyboard 
(node_modules/@testing-library/user-event/dist/cjs/keyboard/index.js:11:15)
      at Object.type 
(node_modules/@testing-library/user-event/dist/cjs/utility/type.js:17:5)
      at Object.<anonymous> (src/profile/profile.test.tsx:215:9)

    console.error
      Warning: An update to ProfilePage inside a test was not wrapped in 
act(...).
      
      When testing, code that causes React state updates should be wrapped 
into act(...):
      
      act(() => {
        /* fire events that update state */
      });
      /* assert on the output */
      
      This ensures that you're testing the behavior the user would see in the 
browser. Learn more at https://reactjs.org/link/wrap-tests-with-act
          at ProfilePage 
(C:\Users\samhe\OneDrive\Desktop\Cleaned\frontend\src\profile\index.tsx:25:41)
          at basenameProp (C:\Users\samhe\OneDrive\Desktop\Cleaned\frontend\nod
e_modules\react-router\lib\components.tsx:421:13)
          at basename (C:\Users\samhe\OneDrive\Desktop\Cleaned\frontend\node_mo
dules\react-router\lib\components.tsx:225:3)

      180 |               className="border border-gray-300 rounded-md px-3 
py-2 text-sm"
      181 |               value={newPassword}
    > 182 |               onChange={e => setNewPassword(e.target.value)}
          |                              ^
      183 |             />
      184 |             <p className="text-xs text-gray-500">
      185 |               Minimum 8 characters, at least 1 uppercase letter 
and 1 number.

      at printWarning 
(node_modules/react-dom/cjs/react-dom.development.js:86:30)
      at error (node_modules/react-dom/cjs/react-dom.development.js:60:7)
      at warnIfUpdatesNotWrappedWithActDEV 
(node_modules/react-dom/cjs/react-dom.development.js:27628:9)
      at scheduleUpdateOnFiber 
(node_modules/react-dom/cjs/react-dom.development.js:25547:5)
      at dispatchSetState 
(node_modules/react-dom/cjs/react-dom.development.js:16708:7)
      at onChange (src/profile/index.tsx:182:30)
      at HTMLUnknownElement.callCallback 
(node_modules/react-dom/cjs/react-dom.development.js:4164:14)
      at HTMLUnknownElement.callTheUserObjectsOperation 
(node_modules/jsdom/lib/jsdom/living/generated/EventListener.js:26:30)
      at innerInvokeEventListeners 
(node_modules/jsdom/lib/jsdom/living/events/EventTarget-impl.js:350:25)
      at invokeEventListeners 
(node_modules/jsdom/lib/jsdom/living/events/EventTarget-impl.js:286:3)
      at HTMLUnknownElementImpl._dispatch 
(node_modules/jsdom/lib/jsdom/living/events/EventTarget-impl.js:233:9)
      at HTMLUnknownElementImpl.dispatchEvent 
(node_modules/jsdom/lib/jsdom/living/events/EventTarget-impl.js:104:17)
      at HTMLUnknownElement.dispatchEvent 
(node_modules/jsdom/lib/jsdom/living/generated/EventTarget.js:241:34)
      at Object.invokeGuardedCallbackDev 
(node_modules/react-dom/cjs/react-dom.development.js:4213:16)
      at invokeGuardedCallback 
(node_modules/react-dom/cjs/react-dom.development.js:4277:31)
      at invokeGuardedCallbackAndCatchFirstError 
(node_modules/react-dom/cjs/react-dom.development.js:4291:25)
      at executeDispatch 
(node_modules/react-dom/cjs/react-dom.development.js:9041:3)
      at processDispatchQueueItemsInOrder 
(node_modules/react-dom/cjs/react-dom.development.js:9073:7)
      at processDispatchQueue 
(node_modules/react-dom/cjs/react-dom.development.js:9086:5)
      at dispatchEventsForPlugins 
(node_modules/react-dom/cjs/react-dom.development.js:9097:3)
      at node_modules/react-dom/cjs/react-dom.development.js:9288:12
      at batchedUpdates$1 
(node_modules/react-dom/cjs/react-dom.development.js:26179:12)
      at batchedUpdates 
(node_modules/react-dom/cjs/react-dom.development.js:3991:12)
      at dispatchEventForPluginEventSystem 
(node_modules/react-dom/cjs/react-dom.development.js:9287:3)
      at dispatchEventWithEnableCapturePhaseSelectiveHydrationWithoutDiscreteEv
entReplay (node_modules/react-dom/cjs/react-dom.development.js:6465:5)
      at dispatchEvent 
(node_modules/react-dom/cjs/react-dom.development.js:6457:5)
      at dispatchDiscreteEvent 
(node_modules/react-dom/cjs/react-dom.development.js:6430:5)
      at HTMLDivElement.callTheUserObjectsOperation 
(node_modules/jsdom/lib/jsdom/living/generated/EventListener.js:26:30)
      at innerInvokeEventListeners 
(node_modules/jsdom/lib/jsdom/living/events/EventTarget-impl.js:350:25)
      at invokeEventListeners 
(node_modules/jsdom/lib/jsdom/living/events/EventTarget-impl.js:286:3)
      at HTMLInputElementImpl._dispatch 
(node_modules/jsdom/lib/jsdom/living/events/EventTarget-impl.js:233:9)
      at HTMLInputElementImpl.dispatchEvent 
(node_modules/jsdom/lib/jsdom/living/events/EventTarget-impl.js:104:17)
      at HTMLInputElement.dispatchEvent 
(node_modules/jsdom/lib/jsdom/living/generated/EventTarget.js:241:34)
      at 
node_modules/@testing-library/user-event/dist/cjs/event/dispatchEvent.js:45:43
      at Object.eventWrapper 
(node_modules/@testing-library/dom/dist/config.js:25:23)
      at Object.wrapEvent 
(node_modules/@testing-library/user-event/dist/cjs/event/wrapEvent.js:6:28)
      at Object.dispatchEvent (node_modules/@testing-library/user-event/dist/cj
s/event/dispatchEvent.js:45:22)
      at Object.dispatchUIEvent (node_modules/@testing-library/user-event/dist/
cjs/event/dispatchEvent.js:22:26)
      at commitInput 
(node_modules/@testing-library/user-event/dist/cjs/event/input.js:145:14)
      at editInputElement 
(node_modules/@testing-library/user-event/dist/cjs/event/input.js:115:9)
      at Object.input 
(node_modules/@testing-library/user-event/dist/cjs/event/input.js:37:9)
      at node_modules/@testing-library/user-event/dist/cjs/event/behavior/keypr
ess.js:31:26
      at Object.dispatchEvent (node_modules/@testing-library/user-event/dist/cj
s/event/dispatchEvent.js:41:13)
      at Object.dispatchUIEvent (node_modules/@testing-library/user-event/dist/
cjs/event/dispatchEvent.js:22:26)
      at KeyboardHost.keydown 
(node_modules/@testing-library/user-event/dist/cjs/system/keyboard.js:76:22)
      at keyboardAction 
(node_modules/@testing-library/user-event/dist/cjs/keyboard/index.js:22:35)
      at Object.keyboard 
(node_modules/@testing-library/user-event/dist/cjs/keyboard/index.js:11:15)
      at Object.type 
(node_modules/@testing-library/user-event/dist/cjs/utility/type.js:17:5)
      at Object.<anonymous> (src/profile/profile.test.tsx:215:9)

    console.error
      Warning: An update to ProfilePage inside a test was not wrapped in 
act(...).
      
      When testing, code that causes React state updates should be wrapped 
into act(...):
      
      act(() => {
        /* fire events that update state */
      });
      /* assert on the output */
      
      This ensures that you're testing the behavior the user would see in the 
browser. Learn more at https://reactjs.org/link/wrap-tests-with-act
          at ProfilePage 
(C:\Users\samhe\OneDrive\Desktop\Cleaned\frontend\src\profile\index.tsx:25:41)
          at basenameProp (C:\Users\samhe\OneDrive\Desktop\Cleaned\frontend\nod
e_modules\react-router\lib\components.tsx:421:13)
          at basename (C:\Users\samhe\OneDrive\Desktop\Cleaned\frontend\node_mo
dules\react-router\lib\components.tsx:225:3)

      180 |               className="border border-gray-300 rounded-md px-3 
py-2 text-sm"
      181 |               value={newPassword}
    > 182 |               onChange={e => setNewPassword(e.target.value)}
          |                              ^
      183 |             />
      184 |             <p className="text-xs text-gray-500">
      185 |               Minimum 8 characters, at least 1 uppercase letter 
and 1 number.

      at printWarning 
(node_modules/react-dom/cjs/react-dom.development.js:86:30)
      at error (node_modules/react-dom/cjs/react-dom.development.js:60:7)
      at warnIfUpdatesNotWrappedWithActDEV 
(node_modules/react-dom/cjs/react-dom.development.js:27628:9)
      at scheduleUpdateOnFiber 
(node_modules/react-dom/cjs/react-dom.development.js:25547:5)
      at dispatchSetState 
(node_modules/react-dom/cjs/react-dom.development.js:16708:7)
      at onChange (src/profile/index.tsx:182:30)
      at HTMLUnknownElement.callCallback 
(node_modules/react-dom/cjs/react-dom.development.js:4164:14)
      at HTMLUnknownElement.callTheUserObjectsOperation 
(node_modules/jsdom/lib/jsdom/living/generated/EventListener.js:26:30)
      at innerInvokeEventListeners 
(node_modules/jsdom/lib/jsdom/living/events/EventTarget-impl.js:350:25)
      at invokeEventListeners 
(node_modules/jsdom/lib/jsdom/living/events/EventTarget-impl.js:286:3)
      at HTMLUnknownElementImpl._dispatch 
(node_modules/jsdom/lib/jsdom/living/events/EventTarget-impl.js:233:9)
      at HTMLUnknownElementImpl.dispatchEvent 
(node_modules/jsdom/lib/jsdom/living/events/EventTarget-impl.js:104:17)
      at HTMLUnknownElement.dispatchEvent 
(node_modules/jsdom/lib/jsdom/living/generated/EventTarget.js:241:34)
      at Object.invokeGuardedCallbackDev 
(node_modules/react-dom/cjs/react-dom.development.js:4213:16)
      at invokeGuardedCallback 
(node_modules/react-dom/cjs/react-dom.development.js:4277:31)
      at invokeGuardedCallbackAndCatchFirstError 
(node_modules/react-dom/cjs/react-dom.development.js:4291:25)
      at executeDispatch 
(node_modules/react-dom/cjs/react-dom.development.js:9041:3)
      at processDispatchQueueItemsInOrder 
(node_modules/react-dom/cjs/react-dom.development.js:9073:7)
      at processDispatchQueue 
(node_modules/react-dom/cjs/react-dom.development.js:9086:5)
      at dispatchEventsForPlugins 
(node_modules/react-dom/cjs/react-dom.development.js:9097:3)
      at node_modules/react-dom/cjs/react-dom.development.js:9288:12
      at batchedUpdates$1 
(node_modules/react-dom/cjs/react-dom.development.js:26179:12)
      at batchedUpdates 
(node_modules/react-dom/cjs/react-dom.development.js:3991:12)
      at dispatchEventForPluginEventSystem 
(node_modules/react-dom/cjs/react-dom.development.js:9287:3)
      at dispatchEventWithEnableCapturePhaseSelectiveHydrationWithoutDiscreteEv
entReplay (node_modules/react-dom/cjs/react-dom.development.js:6465:5)
      at dispatchEvent 
(node_modules/react-dom/cjs/react-dom.development.js:6457:5)
      at dispatchDiscreteEvent 
(node_modules/react-dom/cjs/react-dom.development.js:6430:5)
      at HTMLDivElement.callTheUserObjectsOperation 
(node_modules/jsdom/lib/jsdom/living/generated/EventListener.js:26:30)
      at innerInvokeEventListeners 
(node_modules/jsdom/lib/jsdom/living/events/EventTarget-impl.js:350:25)
      at invokeEventListeners 
(node_modules/jsdom/lib/jsdom/living/events/EventTarget-impl.js:286:3)
      at HTMLInputElementImpl._dispatch 
(node_modules/jsdom/lib/jsdom/living/events/EventTarget-impl.js:233:9)
      at HTMLInputElementImpl.dispatchEvent 
(node_modules/jsdom/lib/jsdom/living/events/EventTarget-impl.js:104:17)
      at HTMLInputElement.dispatchEvent 
(node_modules/jsdom/lib/jsdom/living/generated/EventTarget.js:241:34)
      at 
node_modules/@testing-library/user-event/dist/cjs/event/dispatchEvent.js:45:43
      at Object.eventWrapper 
(node_modules/@testing-library/dom/dist/config.js:25:23)
      at Object.wrapEvent 
(node_modules/@testing-library/user-event/dist/cjs/event/wrapEvent.js:6:28)
      at Object.dispatchEvent (node_modules/@testing-library/user-event/dist/cj
s/event/dispatchEvent.js:45:22)
      at Object.dispatchUIEvent (node_modules/@testing-library/user-event/dist/
cjs/event/dispatchEvent.js:22:26)
      at commitInput 
(node_modules/@testing-library/user-event/dist/cjs/event/input.js:145:14)
      at editInputElement 
(node_modules/@testing-library/user-event/dist/cjs/event/input.js:115:9)
      at Object.input 
(node_modules/@testing-library/user-event/dist/cjs/event/input.js:37:9)
      at node_modules/@testing-library/user-event/dist/cjs/event/behavior/keypr
ess.js:31:26
      at Object.dispatchEvent (node_modules/@testing-library/user-event/dist/cj
s/event/dispatchEvent.js:41:13)
      at Object.dispatchUIEvent (node_modules/@testing-library/user-event/dist/
cjs/event/dispatchEvent.js:22:26)
      at KeyboardHost.keydown 
(node_modules/@testing-library/user-event/dist/cjs/system/keyboard.js:76:22)
      at keyboardAction 
(node_modules/@testing-library/user-event/dist/cjs/keyboard/index.js:22:35)
      at Object.keyboard 
(node_modules/@testing-library/user-event/dist/cjs/keyboard/index.js:11:15)
      at Object.type 
(node_modules/@testing-library/user-event/dist/cjs/utility/type.js:17:5)
      at Object.<anonymous> (src/profile/profile.test.tsx:215:9)

    console.error
      Warning: An update to ProfilePage inside a test was not wrapped in 
act(...).
      
      When testing, code that causes React state updates should be wrapped 
into act(...):
      
      act(() => {
        /* fire events that update state */
      });
      /* assert on the output */
      
      This ensures that you're testing the behavior the user would see in the 
browser. Learn more at https://reactjs.org/link/wrap-tests-with-act
          at ProfilePage 
(C:\Users\samhe\OneDrive\Desktop\Cleaned\frontend\src\profile\index.tsx:25:41)
          at basenameProp (C:\Users\samhe\OneDrive\Desktop\Cleaned\frontend\nod
e_modules\react-router\lib\components.tsx:421:13)
          at basename (C:\Users\samhe\OneDrive\Desktop\Cleaned\frontend\node_mo
dules\react-router\lib\components.tsx:225:3)

      180 |               className="border border-gray-300 rounded-md px-3 
py-2 text-sm"
      181 |               value={newPassword}
    > 182 |               onChange={e => setNewPassword(e.target.value)}
          |                              ^
      183 |             />
      184 |             <p className="text-xs text-gray-500">
      185 |               Minimum 8 characters, at least 1 uppercase letter 
and 1 number.

      at printWarning 
(node_modules/react-dom/cjs/react-dom.development.js:86:30)
      at error (node_modules/react-dom/cjs/react-dom.development.js:60:7)
      at warnIfUpdatesNotWrappedWithActDEV 
(node_modules/react-dom/cjs/react-dom.development.js:27628:9)
      at scheduleUpdateOnFiber 
(node_modules/react-dom/cjs/react-dom.development.js:25547:5)
      at dispatchSetState 
(node_modules/react-dom/cjs/react-dom.development.js:16708:7)
      at onChange (src/profile/index.tsx:182:30)
      at HTMLUnknownElement.callCallback 
(node_modules/react-dom/cjs/react-dom.development.js:4164:14)
      at HTMLUnknownElement.callTheUserObjectsOperation 
(node_modules/jsdom/lib/jsdom/living/generated/EventListener.js:26:30)
      at innerInvokeEventListeners 
(node_modules/jsdom/lib/jsdom/living/events/EventTarget-impl.js:350:25)
      at invokeEventListeners 
(node_modules/jsdom/lib/jsdom/living/events/EventTarget-impl.js:286:3)
      at HTMLUnknownElementImpl._dispatch 
(node_modules/jsdom/lib/jsdom/living/events/EventTarget-impl.js:233:9)
      at HTMLUnknownElementImpl.dispatchEvent 
(node_modules/jsdom/lib/jsdom/living/events/EventTarget-impl.js:104:17)
      at HTMLUnknownElement.dispatchEvent 
(node_modules/jsdom/lib/jsdom/living/generated/EventTarget.js:241:34)
      at Object.invokeGuardedCallbackDev 
(node_modules/react-dom/cjs/react-dom.development.js:4213:16)
      at invokeGuardedCallback 
(node_modules/react-dom/cjs/react-dom.development.js:4277:31)
      at invokeGuardedCallbackAndCatchFirstError 
(node_modules/react-dom/cjs/react-dom.development.js:4291:25)
      at executeDispatch 
(node_modules/react-dom/cjs/react-dom.development.js:9041:3)
      at processDispatchQueueItemsInOrder 
(node_modules/react-dom/cjs/react-dom.development.js:9073:7)
      at processDispatchQueue 
(node_modules/react-dom/cjs/react-dom.development.js:9086:5)
      at dispatchEventsForPlugins 
(node_modules/react-dom/cjs/react-dom.development.js:9097:3)
      at node_modules/react-dom/cjs/react-dom.development.js:9288:12
      at batchedUpdates$1 
(node_modules/react-dom/cjs/react-dom.development.js:26179:12)
      at batchedUpdates 
(node_modules/react-dom/cjs/react-dom.development.js:3991:12)
      at dispatchEventForPluginEventSystem 
(node_modules/react-dom/cjs/react-dom.development.js:9287:3)
      at dispatchEventWithEnableCapturePhaseSelectiveHydrationWithoutDiscreteEv
entReplay (node_modules/react-dom/cjs/react-dom.development.js:6465:5)
      at dispatchEvent 
(node_modules/react-dom/cjs/react-dom.development.js:6457:5)
      at dispatchDiscreteEvent 
(node_modules/react-dom/cjs/react-dom.development.js:6430:5)
      at HTMLDivElement.callTheUserObjectsOperation 
(node_modules/jsdom/lib/jsdom/living/generated/EventListener.js:26:30)
      at innerInvokeEventListeners 
(node_modules/jsdom/lib/jsdom/living/events/EventTarget-impl.js:350:25)
      at invokeEventListeners 
(node_modules/jsdom/lib/jsdom/living/events/EventTarget-impl.js:286:3)
      at HTMLInputElementImpl._dispatch 
(node_modules/jsdom/lib/jsdom/living/events/EventTarget-impl.js:233:9)
      at HTMLInputElementImpl.dispatchEvent 
(node_modules/jsdom/lib/jsdom/living/events/EventTarget-impl.js:104:17)
      at HTMLInputElement.dispatchEvent 
(node_modules/jsdom/lib/jsdom/living/generated/EventTarget.js:241:34)
      at 
node_modules/@testing-library/user-event/dist/cjs/event/dispatchEvent.js:45:43
      at Object.eventWrapper 
(node_modules/@testing-library/dom/dist/config.js:25:23)
      at Object.wrapEvent 
(node_modules/@testing-library/user-event/dist/cjs/event/wrapEvent.js:6:28)
      at Object.dispatchEvent (node_modules/@testing-library/user-event/dist/cj
s/event/dispatchEvent.js:45:22)
      at Object.dispatchUIEvent (node_modules/@testing-library/user-event/dist/
cjs/event/dispatchEvent.js:22:26)
      at commitInput 
(node_modules/@testing-library/user-event/dist/cjs/event/input.js:145:14)
      at editInputElement 
(node_modules/@testing-library/user-event/dist/cjs/event/input.js:115:9)
      at Object.input 
(node_modules/@testing-library/user-event/dist/cjs/event/input.js:37:9)
      at node_modules/@testing-library/user-event/dist/cjs/event/behavior/keypr
ess.js:31:26
      at Object.dispatchEvent (node_modules/@testing-library/user-event/dist/cj
s/event/dispatchEvent.js:41:13)
      at Object.dispatchUIEvent (node_modules/@testing-library/user-event/dist/
cjs/event/dispatchEvent.js:22:26)
      at KeyboardHost.keydown 
(node_modules/@testing-library/user-event/dist/cjs/system/keyboard.js:76:22)
      at keyboardAction 
(node_modules/@testing-library/user-event/dist/cjs/keyboard/index.js:22:35)
      at Object.keyboard 
(node_modules/@testing-library/user-event/dist/cjs/keyboard/index.js:11:15)
      at Object.type 
(node_modules/@testing-library/user-event/dist/cjs/utility/type.js:17:5)
      at Object.<anonymous> (src/profile/profile.test.tsx:215:9)

    console.error
      Warning: An update to ProfilePage inside a test was not wrapped in 
act(...).
      
      When testing, code that causes React state updates should be wrapped 
into act(...):
      
      act(() => {
        /* fire events that update state */
      });
      /* assert on the output */
      
      This ensures that you're testing the behavior the user would see in the 
browser. Learn more at https://reactjs.org/link/wrap-tests-with-act
          at ProfilePage 
(C:\Users\samhe\OneDrive\Desktop\Cleaned\frontend\src\profile\index.tsx:25:41)
          at basenameProp (C:\Users\samhe\OneDrive\Desktop\Cleaned\frontend\nod
e_modules\react-router\lib\components.tsx:421:13)
          at basename (C:\Users\samhe\OneDrive\Desktop\Cleaned\frontend\node_mo
dules\react-router\lib\components.tsx:225:3)

      180 |               className="border border-gray-300 rounded-md px-3 
py-2 text-sm"
      181 |               value={newPassword}
    > 182 |               onChange={e => setNewPassword(e.target.value)}
          |                              ^
      183 |             />
      184 |             <p className="text-xs text-gray-500">
      185 |               Minimum 8 characters, at least 1 uppercase letter 
and 1 number.

      at printWarning 
(node_modules/react-dom/cjs/react-dom.development.js:86:30)
      at error (node_modules/react-dom/cjs/react-dom.development.js:60:7)
      at warnIfUpdatesNotWrappedWithActDEV 
(node_modules/react-dom/cjs/react-dom.development.js:27628:9)
      at scheduleUpdateOnFiber 
(node_modules/react-dom/cjs/react-dom.development.js:25547:5)
      at dispatchSetState 
(node_modules/react-dom/cjs/react-dom.development.js:16708:7)
      at onChange (src/profile/index.tsx:182:30)
      at HTMLUnknownElement.callCallback 
(node_modules/react-dom/cjs/react-dom.development.js:4164:14)
      at HTMLUnknownElement.callTheUserObjectsOperation 
(node_modules/jsdom/lib/jsdom/living/generated/EventListener.js:26:30)
      at innerInvokeEventListeners 
(node_modules/jsdom/lib/jsdom/living/events/EventTarget-impl.js:350:25)
      at invokeEventListeners 
(node_modules/jsdom/lib/jsdom/living/events/EventTarget-impl.js:286:3)
      at HTMLUnknownElementImpl._dispatch 
(node_modules/jsdom/lib/jsdom/living/events/EventTarget-impl.js:233:9)
      at HTMLUnknownElementImpl.dispatchEvent 
(node_modules/jsdom/lib/jsdom/living/events/EventTarget-impl.js:104:17)
      at HTMLUnknownElement.dispatchEvent 
(node_modules/jsdom/lib/jsdom/living/generated/EventTarget.js:241:34)
      at Object.invokeGuardedCallbackDev 
(node_modules/react-dom/cjs/react-dom.development.js:4213:16)
      at invokeGuardedCallback 
(node_modules/react-dom/cjs/react-dom.development.js:4277:31)
      at invokeGuardedCallbackAndCatchFirstError 
(node_modules/react-dom/cjs/react-dom.development.js:4291:25)
      at executeDispatch 
(node_modules/react-dom/cjs/react-dom.development.js:9041:3)
      at processDispatchQueueItemsInOrder 
(node_modules/react-dom/cjs/react-dom.development.js:9073:7)
      at processDispatchQueue 
(node_modules/react-dom/cjs/react-dom.development.js:9086:5)
      at dispatchEventsForPlugins 
(node_modules/react-dom/cjs/react-dom.development.js:9097:3)
      at node_modules/react-dom/cjs/react-dom.development.js:9288:12
      at batchedUpdates$1 
(node_modules/react-dom/cjs/react-dom.development.js:26179:12)
      at batchedUpdates 
(node_modules/react-dom/cjs/react-dom.development.js:3991:12)
      at dispatchEventForPluginEventSystem 
(node_modules/react-dom/cjs/react-dom.development.js:9287:3)
      at dispatchEventWithEnableCapturePhaseSelectiveHydrationWithoutDiscreteEv
entReplay (node_modules/react-dom/cjs/react-dom.development.js:6465:5)
      at dispatchEvent 
(node_modules/react-dom/cjs/react-dom.development.js:6457:5)
      at dispatchDiscreteEvent 
(node_modules/react-dom/cjs/react-dom.development.js:6430:5)
      at HTMLDivElement.callTheUserObjectsOperation 
(node_modules/jsdom/lib/jsdom/living/generated/EventListener.js:26:30)
      at innerInvokeEventListeners 
(node_modules/jsdom/lib/jsdom/living/events/EventTarget-impl.js:350:25)
      at invokeEventListeners 
(node_modules/jsdom/lib/jsdom/living/events/EventTarget-impl.js:286:3)
      at HTMLInputElementImpl._dispatch 
(node_modules/jsdom/lib/jsdom/living/events/EventTarget-impl.js:233:9)
      at HTMLInputElementImpl.dispatchEvent 
(node_modules/jsdom/lib/jsdom/living/events/EventTarget-impl.js:104:17)
      at HTMLInputElement.dispatchEvent 
(node_modules/jsdom/lib/jsdom/living/generated/EventTarget.js:241:34)
      at 
node_modules/@testing-library/user-event/dist/cjs/event/dispatchEvent.js:45:43
      at Object.eventWrapper 
(node_modules/@testing-library/dom/dist/config.js:25:23)
      at Object.wrapEvent 
(node_modules/@testing-library/user-event/dist/cjs/event/wrapEvent.js:6:28)
      at Object.dispatchEvent (node_modules/@testing-library/user-event/dist/cj
s/event/dispatchEvent.js:45:22)
      at Object.dispatchUIEvent (node_modules/@testing-library/user-event/dist/
cjs/event/dispatchEvent.js:22:26)
      at commitInput 
(node_modules/@testing-library/user-event/dist/cjs/event/input.js:145:14)
      at editInputElement 
(node_modules/@testing-library/user-event/dist/cjs/event/input.js:115:9)
      at Object.input 
(node_modules/@testing-library/user-event/dist/cjs/event/input.js:37:9)
      at node_modules/@testing-library/user-event/dist/cjs/event/behavior/keypr
ess.js:31:26
      at Object.dispatchEvent (node_modules/@testing-library/user-event/dist/cj
s/event/dispatchEvent.js:41:13)
      at Object.dispatchUIEvent (node_modules/@testing-library/user-event/dist/
cjs/event/dispatchEvent.js:22:26)
      at KeyboardHost.keydown 
(node_modules/@testing-library/user-event/dist/cjs/system/keyboard.js:76:22)
      at keyboardAction 
(node_modules/@testing-library/user-event/dist/cjs/keyboard/index.js:22:35)
      at Object.keyboard 
(node_modules/@testing-library/user-event/dist/cjs/keyboard/index.js:11:15)
      at Object.type 
(node_modules/@testing-library/user-event/dist/cjs/utility/type.js:17:5)
      at Object.<anonymous> (src/profile/profile.test.tsx:215:9)

    console.error
      Warning: An update to ProfilePage inside a test was not wrapped in 
act(...).
      
      When testing, code that causes React state updates should be wrapped 
into act(...):
      
      act(() => {
        /* fire events that update state */
      });
      /* assert on the output */
      
      This ensures that you're testing the behavior the user would see in the 
browser. Learn more at https://reactjs.org/link/wrap-tests-with-act
          at ProfilePage 
(C:\Users\samhe\OneDrive\Desktop\Cleaned\frontend\src\profile\index.tsx:25:41)
          at basenameProp (C:\Users\samhe\OneDrive\Desktop\Cleaned\frontend\nod
e_modules\react-router\lib\components.tsx:421:13)
          at basename (C:\Users\samhe\OneDrive\Desktop\Cleaned\frontend\node_mo
dules\react-router\lib\components.tsx:225:3)

      196 |               className="border border-gray-300 rounded-md px-3 
py-2 text-sm"
      197 |               value={confirmPassword}
    > 198 |               onChange={e => setConfirmPassword(e.target.value)}
          |                              ^
      199 |             />
      200 |             {confirmPassword && !passwordsMatch && (
      201 |               <p className="text-sm text-red-600">Passwords do not 
match</p>

      at printWarning 
(node_modules/react-dom/cjs/react-dom.development.js:86:30)
      at error (node_modules/react-dom/cjs/react-dom.development.js:60:7)
      at warnIfUpdatesNotWrappedWithActDEV 
(node_modules/react-dom/cjs/react-dom.development.js:27628:9)
      at scheduleUpdateOnFiber 
(node_modules/react-dom/cjs/react-dom.development.js:25547:5)
      at dispatchSetState 
(node_modules/react-dom/cjs/react-dom.development.js:16708:7)
      at onChange (src/profile/index.tsx:198:30)
      at HTMLUnknownElement.callCallback 
(node_modules/react-dom/cjs/react-dom.development.js:4164:14)
      at HTMLUnknownElement.callTheUserObjectsOperation 
(node_modules/jsdom/lib/jsdom/living/generated/EventListener.js:26:30)
      at innerInvokeEventListeners 
(node_modules/jsdom/lib/jsdom/living/events/EventTarget-impl.js:350:25)
      at invokeEventListeners 
(node_modules/jsdom/lib/jsdom/living/events/EventTarget-impl.js:286:3)
      at HTMLUnknownElementImpl._dispatch 
(node_modules/jsdom/lib/jsdom/living/events/EventTarget-impl.js:233:9)
      at HTMLUnknownElementImpl.dispatchEvent 
(node_modules/jsdom/lib/jsdom/living/events/EventTarget-impl.js:104:17)
      at HTMLUnknownElement.dispatchEvent 
(node_modules/jsdom/lib/jsdom/living/generated/EventTarget.js:241:34)
      at Object.invokeGuardedCallbackDev 
(node_modules/react-dom/cjs/react-dom.development.js:4213:16)
      at invokeGuardedCallback 
(node_modules/react-dom/cjs/react-dom.development.js:4277:31)
      at invokeGuardedCallbackAndCatchFirstError 
(node_modules/react-dom/cjs/react-dom.development.js:4291:25)
      at executeDispatch 
(node_modules/react-dom/cjs/react-dom.development.js:9041:3)
      at processDispatchQueueItemsInOrder 
(node_modules/react-dom/cjs/react-dom.development.js:9073:7)
      at processDispatchQueue 
(node_modules/react-dom/cjs/react-dom.development.js:9086:5)
      at dispatchEventsForPlugins 
(node_modules/react-dom/cjs/react-dom.development.js:9097:3)
      at node_modules/react-dom/cjs/react-dom.development.js:9288:12
      at batchedUpdates$1 
(node_modules/react-dom/cjs/react-dom.development.js:26179:12)
      at batchedUpdates 
(node_modules/react-dom/cjs/react-dom.development.js:3991:12)
      at dispatchEventForPluginEventSystem 
(node_modules/react-dom/cjs/react-dom.development.js:9287:3)
      at dispatchEventWithEnableCapturePhaseSelectiveHydrationWithoutDiscreteEv
entReplay (node_modules/react-dom/cjs/react-dom.development.js:6465:5)
      at dispatchEvent 
(node_modules/react-dom/cjs/react-dom.development.js:6457:5)
      at dispatchDiscreteEvent 
(node_modules/react-dom/cjs/react-dom.development.js:6430:5)
      at HTMLDivElement.callTheUserObjectsOperation 
(node_modules/jsdom/lib/jsdom/living/generated/EventListener.js:26:30)
      at innerInvokeEventListeners 
(node_modules/jsdom/lib/jsdom/living/events/EventTarget-impl.js:350:25)
      at invokeEventListeners 
(node_modules/jsdom/lib/jsdom/living/events/EventTarget-impl.js:286:3)
      at HTMLInputElementImpl._dispatch 
(node_modules/jsdom/lib/jsdom/living/events/EventTarget-impl.js:233:9)
      at HTMLInputElementImpl.dispatchEvent 
(node_modules/jsdom/lib/jsdom/living/events/EventTarget-impl.js:104:17)
      at HTMLInputElement.dispatchEvent 
(node_modules/jsdom/lib/jsdom/living/generated/EventTarget.js:241:34)
      at 
node_modules/@testing-library/user-event/dist/cjs/event/dispatchEvent.js:45:43
      at Object.eventWrapper 
(node_modules/@testing-library/dom/dist/config.js:25:23)
      at Object.wrapEvent 
(node_modules/@testing-library/user-event/dist/cjs/event/wrapEvent.js:6:28)
      at Object.dispatchEvent (node_modules/@testing-library/user-event/dist/cj
s/event/dispatchEvent.js:45:22)
      at Object.dispatchUIEvent (node_modules/@testing-library/user-event/dist/
cjs/event/dispatchEvent.js:22:26)
      at commitInput 
(node_modules/@testing-library/user-event/dist/cjs/event/input.js:145:14)
      at editInputElement 
(node_modules/@testing-library/user-event/dist/cjs/event/input.js:115:9)
      at Object.input 
(node_modules/@testing-library/user-event/dist/cjs/event/input.js:37:9)
      at node_modules/@testing-library/user-event/dist/cjs/event/behavior/keypr
ess.js:31:26
      at Object.dispatchEvent (node_modules/@testing-library/user-event/dist/cj
s/event/dispatchEvent.js:41:13)
      at Object.dispatchUIEvent (node_modules/@testing-library/user-event/dist/
cjs/event/dispatchEvent.js:22:26)
      at KeyboardHost.keydown 
(node_modules/@testing-library/user-event/dist/cjs/system/keyboard.js:76:22)
      at keyboardAction 
(node_modules/@testing-library/user-event/dist/cjs/keyboard/index.js:22:35)
      at Object.keyboard 
(node_modules/@testing-library/user-event/dist/cjs/keyboard/index.js:11:15)
      at Object.type 
(node_modules/@testing-library/user-event/dist/cjs/utility/type.js:17:5)
      at Object.<anonymous> (src/profile/profile.test.tsx:216:9)

    console.error
      Warning: An update to ProfilePage inside a test was not wrapped in 
act(...).
      
      When testing, code that causes React state updates should be wrapped 
into act(...):
      
      act(() => {
        /* fire events that update state */
      });
      /* assert on the output */
      
      This ensures that you're testing the behavior the user would see in the 
browser. Learn more at https://reactjs.org/link/wrap-tests-with-act
          at ProfilePage 
(C:\Users\samhe\OneDrive\Desktop\Cleaned\frontend\src\profile\index.tsx:25:41)
          at basenameProp (C:\Users\samhe\OneDrive\Desktop\Cleaned\frontend\nod
e_modules\react-router\lib\components.tsx:421:13)
          at basename (C:\Users\samhe\OneDrive\Desktop\Cleaned\frontend\node_mo
dules\react-router\lib\components.tsx:225:3)

      196 |               className="border border-gray-300 rounded-md px-3 
py-2 text-sm"
      197 |               value={confirmPassword}
    > 198 |               onChange={e => setConfirmPassword(e.target.value)}
          |                              ^
      199 |             />
      200 |             {confirmPassword && !passwordsMatch && (
      201 |               <p className="text-sm text-red-600">Passwords do not 
match</p>

      at printWarning 
(node_modules/react-dom/cjs/react-dom.development.js:86:30)
      at error (node_modules/react-dom/cjs/react-dom.development.js:60:7)
      at warnIfUpdatesNotWrappedWithActDEV 
(node_modules/react-dom/cjs/react-dom.development.js:27628:9)
      at scheduleUpdateOnFiber 
(node_modules/react-dom/cjs/react-dom.development.js:25547:5)
      at dispatchSetState 
(node_modules/react-dom/cjs/react-dom.development.js:16708:7)
      at onChange (src/profile/index.tsx:198:30)
      at HTMLUnknownElement.callCallback 
(node_modules/react-dom/cjs/react-dom.development.js:4164:14)
      at HTMLUnknownElement.callTheUserObjectsOperation 
(node_modules/jsdom/lib/jsdom/living/generated/EventListener.js:26:30)
      at innerInvokeEventListeners 
(node_modules/jsdom/lib/jsdom/living/events/EventTarget-impl.js:350:25)
      at invokeEventListeners 
(node_modules/jsdom/lib/jsdom/living/events/EventTarget-impl.js:286:3)
      at HTMLUnknownElementImpl._dispatch 
(node_modules/jsdom/lib/jsdom/living/events/EventTarget-impl.js:233:9)
      at HTMLUnknownElementImpl.dispatchEvent 
(node_modules/jsdom/lib/jsdom/living/events/EventTarget-impl.js:104:17)
      at HTMLUnknownElement.dispatchEvent 
(node_modules/jsdom/lib/jsdom/living/generated/EventTarget.js:241:34)
      at Object.invokeGuardedCallbackDev 
(node_modules/react-dom/cjs/react-dom.development.js:4213:16)
      at invokeGuardedCallback 
(node_modules/react-dom/cjs/react-dom.development.js:4277:31)
      at invokeGuardedCallbackAndCatchFirstError 
(node_modules/react-dom/cjs/react-dom.development.js:4291:25)
      at executeDispatch 
(node_modules/react-dom/cjs/react-dom.development.js:9041:3)
      at processDispatchQueueItemsInOrder 
(node_modules/react-dom/cjs/react-dom.development.js:9073:7)
      at processDispatchQueue 
(node_modules/react-dom/cjs/react-dom.development.js:9086:5)
      at dispatchEventsForPlugins 
(node_modules/react-dom/cjs/react-dom.development.js:9097:3)
      at node_modules/react-dom/cjs/react-dom.development.js:9288:12
      at batchedUpdates$1 
(node_modules/react-dom/cjs/react-dom.development.js:26179:12)
      at batchedUpdates 
(node_modules/react-dom/cjs/react-dom.development.js:3991:12)
      at dispatchEventForPluginEventSystem 
(node_modules/react-dom/cjs/react-dom.development.js:9287:3)
      at dispatchEventWithEnableCapturePhaseSelectiveHydrationWithoutDiscreteEv
entReplay (node_modules/react-dom/cjs/react-dom.development.js:6465:5)
      at dispatchEvent 
(node_modules/react-dom/cjs/react-dom.development.js:6457:5)
      at dispatchDiscreteEvent 
(node_modules/react-dom/cjs/react-dom.development.js:6430:5)
      at HTMLDivElement.callTheUserObjectsOperation 
(node_modules/jsdom/lib/jsdom/living/generated/EventListener.js:26:30)
      at innerInvokeEventListeners 
(node_modules/jsdom/lib/jsdom/living/events/EventTarget-impl.js:350:25)
      at invokeEventListeners 
(node_modules/jsdom/lib/jsdom/living/events/EventTarget-impl.js:286:3)
      at HTMLInputElementImpl._dispatch 
(node_modules/jsdom/lib/jsdom/living/events/EventTarget-impl.js:233:9)
      at HTMLInputElementImpl.dispatchEvent 
(node_modules/jsdom/lib/jsdom/living/events/EventTarget-impl.js:104:17)
      at HTMLInputElement.dispatchEvent 
(node_modules/jsdom/lib/jsdom/living/generated/EventTarget.js:241:34)
      at 
node_modules/@testing-library/user-event/dist/cjs/event/dispatchEvent.js:45:43
      at Object.eventWrapper 
(node_modules/@testing-library/dom/dist/config.js:25:23)
      at Object.wrapEvent 
(node_modules/@testing-library/user-event/dist/cjs/event/wrapEvent.js:6:28)
      at Object.dispatchEvent (node_modules/@testing-library/user-event/dist/cj
s/event/dispatchEvent.js:45:22)
      at Object.dispatchUIEvent (node_modules/@testing-library/user-event/dist/
cjs/event/dispatchEvent.js:22:26)
      at commitInput 
(node_modules/@testing-library/user-event/dist/cjs/event/input.js:145:14)
      at editInputElement 
(node_modules/@testing-library/user-event/dist/cjs/event/input.js:115:9)
      at Object.input 
(node_modules/@testing-library/user-event/dist/cjs/event/input.js:37:9)
      at node_modules/@testing-library/user-event/dist/cjs/event/behavior/keypr
ess.js:31:26
      at Object.dispatchEvent (node_modules/@testing-library/user-event/dist/cj
s/event/dispatchEvent.js:41:13)
      at Object.dispatchUIEvent (node_modules/@testing-library/user-event/dist/
cjs/event/dispatchEvent.js:22:26)
      at KeyboardHost.keydown 
(node_modules/@testing-library/user-event/dist/cjs/system/keyboard.js:76:22)
      at keyboardAction 
(node_modules/@testing-library/user-event/dist/cjs/keyboard/index.js:22:35)
      at Object.keyboard 
(node_modules/@testing-library/user-event/dist/cjs/keyboard/index.js:11:15)
      at Object.type 
(node_modules/@testing-library/user-event/dist/cjs/utility/type.js:17:5)
      at Object.<anonymous> (src/profile/profile.test.tsx:216:9)

    console.error
      Warning: An update to ProfilePage inside a test was not wrapped in 
act(...).
      
      When testing, code that causes React state updates should be wrapped 
into act(...):
      
      act(() => {
        /* fire events that update state */
      });
      /* assert on the output */
      
      This ensures that you're testing the behavior the user would see in the 
browser. Learn more at https://reactjs.org/link/wrap-tests-with-act
          at ProfilePage 
(C:\Users\samhe\OneDrive\Desktop\Cleaned\frontend\src\profile\index.tsx:25:41)
          at basenameProp (C:\Users\samhe\OneDrive\Desktop\Cleaned\frontend\nod
e_modules\react-router\lib\components.tsx:421:13)
          at basename (C:\Users\samhe\OneDrive\Desktop\Cleaned\frontend\node_mo
dules\react-router\lib\components.tsx:225:3)

      196 |               className="border border-gray-300 rounded-md px-3 
py-2 text-sm"
      197 |               value={confirmPassword}
    > 198 |               onChange={e => setConfirmPassword(e.target.value)}
          |                              ^
      199 |             />
      200 |             {confirmPassword && !passwordsMatch && (
      201 |               <p className="text-sm text-red-600">Passwords do not 
match</p>

      at printWarning 
(node_modules/react-dom/cjs/react-dom.development.js:86:30)
      at error (node_modules/react-dom/cjs/react-dom.development.js:60:7)
      at warnIfUpdatesNotWrappedWithActDEV 
(node_modules/react-dom/cjs/react-dom.development.js:27628:9)
      at scheduleUpdateOnFiber 
(node_modules/react-dom/cjs/react-dom.development.js:25547:5)
      at dispatchSetState 
(node_modules/react-dom/cjs/react-dom.development.js:16708:7)
      at onChange (src/profile/index.tsx:198:30)
      at HTMLUnknownElement.callCallback 
(node_modules/react-dom/cjs/react-dom.development.js:4164:14)
      at HTMLUnknownElement.callTheUserObjectsOperation 
(node_modules/jsdom/lib/jsdom/living/generated/EventListener.js:26:30)
      at innerInvokeEventListeners 
(node_modules/jsdom/lib/jsdom/living/events/EventTarget-impl.js:350:25)
      at invokeEventListeners 
(node_modules/jsdom/lib/jsdom/living/events/EventTarget-impl.js:286:3)
      at HTMLUnknownElementImpl._dispatch 
(node_modules/jsdom/lib/jsdom/living/events/EventTarget-impl.js:233:9)
      at HTMLUnknownElementImpl.dispatchEvent 
(node_modules/jsdom/lib/jsdom/living/events/EventTarget-impl.js:104:17)
      at HTMLUnknownElement.dispatchEvent 
(node_modules/jsdom/lib/jsdom/living/generated/EventTarget.js:241:34)
      at Object.invokeGuardedCallbackDev 
(node_modules/react-dom/cjs/react-dom.development.js:4213:16)
      at invokeGuardedCallback 
(node_modules/react-dom/cjs/react-dom.development.js:4277:31)
      at invokeGuardedCallbackAndCatchFirstError 
(node_modules/react-dom/cjs/react-dom.development.js:4291:25)
      at executeDispatch 
(node_modules/react-dom/cjs/react-dom.development.js:9041:3)
      at processDispatchQueueItemsInOrder 
(node_modules/react-dom/cjs/react-dom.development.js:9073:7)
      at processDispatchQueue 
(node_modules/react-dom/cjs/react-dom.development.js:9086:5)
      at dispatchEventsForPlugins 
(node_modules/react-dom/cjs/react-dom.development.js:9097:3)
      at node_modules/react-dom/cjs/react-dom.development.js:9288:12
      at batchedUpdates$1 
(node_modules/react-dom/cjs/react-dom.development.js:26179:12)
      at batchedUpdates 
(node_modules/react-dom/cjs/react-dom.development.js:3991:12)
      at dispatchEventForPluginEventSystem 
(node_modules/react-dom/cjs/react-dom.development.js:9287:3)
      at dispatchEventWithEnableCapturePhaseSelectiveHydrationWithoutDiscreteEv
entReplay (node_modules/react-dom/cjs/react-dom.development.js:6465:5)
      at dispatchEvent 
(node_modules/react-dom/cjs/react-dom.development.js:6457:5)
      at dispatchDiscreteEvent 
(node_modules/react-dom/cjs/react-dom.development.js:6430:5)
      at HTMLDivElement.callTheUserObjectsOperation 
(node_modules/jsdom/lib/jsdom/living/generated/EventListener.js:26:30)
      at innerInvokeEventListeners 
(node_modules/jsdom/lib/jsdom/living/events/EventTarget-impl.js:350:25)
      at invokeEventListeners 
(node_modules/jsdom/lib/jsdom/living/events/EventTarget-impl.js:286:3)
      at HTMLInputElementImpl._dispatch 
(node_modules/jsdom/lib/jsdom/living/events/EventTarget-impl.js:233:9)
      at HTMLInputElementImpl.dispatchEvent 
(node_modules/jsdom/lib/jsdom/living/events/EventTarget-impl.js:104:17)
      at HTMLInputElement.dispatchEvent 
(node_modules/jsdom/lib/jsdom/living/generated/EventTarget.js:241:34)
      at 
node_modules/@testing-library/user-event/dist/cjs/event/dispatchEvent.js:45:43
      at Object.eventWrapper 
(node_modules/@testing-library/dom/dist/config.js:25:23)
      at Object.wrapEvent 
(node_modules/@testing-library/user-event/dist/cjs/event/wrapEvent.js:6:28)
      at Object.dispatchEvent (node_modules/@testing-library/user-event/dist/cj
s/event/dispatchEvent.js:45:22)
      at Object.dispatchUIEvent (node_modules/@testing-library/user-event/dist/
cjs/event/dispatchEvent.js:22:26)
      at commitInput 
(node_modules/@testing-library/user-event/dist/cjs/event/input.js:145:14)
      at editInputElement 
(node_modules/@testing-library/user-event/dist/cjs/event/input.js:115:9)
      at Object.input 
(node_modules/@testing-library/user-event/dist/cjs/event/input.js:37:9)
      at node_modules/@testing-library/user-event/dist/cjs/event/behavior/keypr
ess.js:31:26
      at Object.dispatchEvent (node_modules/@testing-library/user-event/dist/cj
s/event/dispatchEvent.js:41:13)
      at Object.dispatchUIEvent (node_modules/@testing-library/user-event/dist/
cjs/event/dispatchEvent.js:22:26)
      at KeyboardHost.keydown 
(node_modules/@testing-library/user-event/dist/cjs/system/keyboard.js:76:22)
      at keyboardAction 
(node_modules/@testing-library/user-event/dist/cjs/keyboard/index.js:22:35)
      at Object.keyboard 
(node_modules/@testing-library/user-event/dist/cjs/keyboard/index.js:11:15)
      at Object.type 
(node_modules/@testing-library/user-event/dist/cjs/utility/type.js:17:5)
      at Object.<anonymous> (src/profile/profile.test.tsx:216:9)

    console.error
      Warning: An update to ProfilePage inside a test was not wrapped in 
act(...).
      
      When testing, code that causes React state updates should be wrapped 
into act(...):
      
      act(() => {
        /* fire events that update state */
      });
      /* assert on the output */
      
      This ensures that you're testing the behavior the user would see in the 
browser. Learn more at https://reactjs.org/link/wrap-tests-with-act
          at ProfilePage 
(C:\Users\samhe\OneDrive\Desktop\Cleaned\frontend\src\profile\index.tsx:25:41)
          at basenameProp (C:\Users\samhe\OneDrive\Desktop\Cleaned\frontend\nod
e_modules\react-router\lib\components.tsx:421:13)
          at basename (C:\Users\samhe\OneDrive\Desktop\Cleaned\frontend\node_mo
dules\react-router\lib\components.tsx:225:3)

      196 |               className="border border-gray-300 rounded-md px-3 
py-2 text-sm"
      197 |               value={confirmPassword}
    > 198 |               onChange={e => setConfirmPassword(e.target.value)}
          |                              ^
      199 |             />
      200 |             {confirmPassword && !passwordsMatch && (
      201 |               <p className="text-sm text-red-600">Passwords do not 
match</p>

      at printWarning 
(node_modules/react-dom/cjs/react-dom.development.js:86:30)
      at error (node_modules/react-dom/cjs/react-dom.development.js:60:7)
      at warnIfUpdatesNotWrappedWithActDEV 
(node_modules/react-dom/cjs/react-dom.development.js:27628:9)
      at scheduleUpdateOnFiber 
(node_modules/react-dom/cjs/react-dom.development.js:25547:5)
      at dispatchSetState 
(node_modules/react-dom/cjs/react-dom.development.js:16708:7)
      at onChange (src/profile/index.tsx:198:30)
      at HTMLUnknownElement.callCallback 
(node_modules/react-dom/cjs/react-dom.development.js:4164:14)
      at HTMLUnknownElement.callTheUserObjectsOperation 
(node_modules/jsdom/lib/jsdom/living/generated/EventListener.js:26:30)
      at innerInvokeEventListeners 
(node_modules/jsdom/lib/jsdom/living/events/EventTarget-impl.js:350:25)
      at invokeEventListeners 
(node_modules/jsdom/lib/jsdom/living/events/EventTarget-impl.js:286:3)
      at HTMLUnknownElementImpl._dispatch 
(node_modules/jsdom/lib/jsdom/living/events/EventTarget-impl.js:233:9)
      at HTMLUnknownElementImpl.dispatchEvent 
(node_modules/jsdom/lib/jsdom/living/events/EventTarget-impl.js:104:17)
      at HTMLUnknownElement.dispatchEvent 
(node_modules/jsdom/lib/jsdom/living/generated/EventTarget.js:241:34)
      at Object.invokeGuardedCallbackDev 
(node_modules/react-dom/cjs/react-dom.development.js:4213:16)
      at invokeGuardedCallback 
(node_modules/react-dom/cjs/react-dom.development.js:4277:31)
      at invokeGuardedCallbackAndCatchFirstError 
(node_modules/react-dom/cjs/react-dom.development.js:4291:25)
      at executeDispatch 
(node_modules/react-dom/cjs/react-dom.development.js:9041:3)
      at processDispatchQueueItemsInOrder 
(node_modules/react-dom/cjs/react-dom.development.js:9073:7)
      at processDispatchQueue 
(node_modules/react-dom/cjs/react-dom.development.js:9086:5)
      at dispatchEventsForPlugins 
(node_modules/react-dom/cjs/react-dom.development.js:9097:3)
      at node_modules/react-dom/cjs/react-dom.development.js:9288:12
      at batchedUpdates$1 
(node_modules/react-dom/cjs/react-dom.development.js:26179:12)
      at batchedUpdates 
(node_modules/react-dom/cjs/react-dom.development.js:3991:12)
      at dispatchEventForPluginEventSystem 
(node_modules/react-dom/cjs/react-dom.development.js:9287:3)
      at dispatchEventWithEnableCapturePhaseSelectiveHydrationWithoutDiscreteEv
entReplay (node_modules/react-dom/cjs/react-dom.development.js:6465:5)
      at dispatchEvent 
(node_modules/react-dom/cjs/react-dom.development.js:6457:5)
      at dispatchDiscreteEvent 
(node_modules/react-dom/cjs/react-dom.development.js:6430:5)
      at HTMLDivElement.callTheUserObjectsOperation 
(node_modules/jsdom/lib/jsdom/living/generated/EventListener.js:26:30)
      at innerInvokeEventListeners 
(node_modules/jsdom/lib/jsdom/living/events/EventTarget-impl.js:350:25)
      at invokeEventListeners 
(node_modules/jsdom/lib/jsdom/living/events/EventTarget-impl.js:286:3)
      at HTMLInputElementImpl._dispatch 
(node_modules/jsdom/lib/jsdom/living/events/EventTarget-impl.js:233:9)
      at HTMLInputElementImpl.dispatchEvent 
(node_modules/jsdom/lib/jsdom/living/events/EventTarget-impl.js:104:17)
      at HTMLInputElement.dispatchEvent 
(node_modules/jsdom/lib/jsdom/living/generated/EventTarget.js:241:34)
      at 
node_modules/@testing-library/user-event/dist/cjs/event/dispatchEvent.js:45:43
      at Object.eventWrapper 
(node_modules/@testing-library/dom/dist/config.js:25:23)
      at Object.wrapEvent 
(node_modules/@testing-library/user-event/dist/cjs/event/wrapEvent.js:6:28)
      at Object.dispatchEvent (node_modules/@testing-library/user-event/dist/cj
s/event/dispatchEvent.js:45:22)
      at Object.dispatchUIEvent (node_modules/@testing-library/user-event/dist/
cjs/event/dispatchEvent.js:22:26)
      at commitInput 
(node_modules/@testing-library/user-event/dist/cjs/event/input.js:145:14)
      at editInputElement 
(node_modules/@testing-library/user-event/dist/cjs/event/input.js:115:9)
      at Object.input 
(node_modules/@testing-library/user-event/dist/cjs/event/input.js:37:9)
      at node_modules/@testing-library/user-event/dist/cjs/event/behavior/keypr
ess.js:31:26
      at Object.dispatchEvent (node_modules/@testing-library/user-event/dist/cj
s/event/dispatchEvent.js:41:13)
      at Object.dispatchUIEvent (node_modules/@testing-library/user-event/dist/
cjs/event/dispatchEvent.js:22:26)
      at KeyboardHost.keydown 
(node_modules/@testing-library/user-event/dist/cjs/system/keyboard.js:76:22)
      at keyboardAction 
(node_modules/@testing-library/user-event/dist/cjs/keyboard/index.js:22:35)
      at Object.keyboard 
(node_modules/@testing-library/user-event/dist/cjs/keyboard/index.js:11:15)
      at Object.type 
(node_modules/@testing-library/user-event/dist/cjs/utility/type.js:17:5)
      at Object.<anonymous> (src/profile/profile.test.tsx:216:9)

    console.error
      Warning: An update to ProfilePage inside a test was not wrapped in 
act(...).
      
      When testing, code that causes React state updates should be wrapped 
into act(...):
      
      act(() => {
        /* fire events that update state */
      });
      /* assert on the output */
      
      This ensures that you're testing the behavior the user would see in the 
browser. Learn more at https://reactjs.org/link/wrap-tests-with-act
          at ProfilePage 
(C:\Users\samhe\OneDrive\Desktop\Cleaned\frontend\src\profile\index.tsx:25:41)
          at basenameProp (C:\Users\samhe\OneDrive\Desktop\Cleaned\frontend\nod
e_modules\react-router\lib\components.tsx:421:13)
          at basename (C:\Users\samhe\OneDrive\Desktop\Cleaned\frontend\node_mo
dules\react-router\lib\components.tsx:225:3)

      196 |               className="border border-gray-300 rounded-md px-3 
py-2 text-sm"
      197 |               value={confirmPassword}
    > 198 |               onChange={e => setConfirmPassword(e.target.value)}
          |                              ^
      199 |             />
      200 |             {confirmPassword && !passwordsMatch && (
      201 |               <p className="text-sm text-red-600">Passwords do not 
match</p>

      at printWarning 
(node_modules/react-dom/cjs/react-dom.development.js:86:30)
      at error (node_modules/react-dom/cjs/react-dom.development.js:60:7)
      at warnIfUpdatesNotWrappedWithActDEV 
(node_modules/react-dom/cjs/react-dom.development.js:27628:9)
      at scheduleUpdateOnFiber 
(node_modules/react-dom/cjs/react-dom.development.js:25547:5)
      at dispatchSetState 
(node_modules/react-dom/cjs/react-dom.development.js:16708:7)
      at onChange (src/profile/index.tsx:198:30)
      at HTMLUnknownElement.callCallback 
(node_modules/react-dom/cjs/react-dom.development.js:4164:14)
      at HTMLUnknownElement.callTheUserObjectsOperation 
(node_modules/jsdom/lib/jsdom/living/generated/EventListener.js:26:30)
      at innerInvokeEventListeners 
(node_modules/jsdom/lib/jsdom/living/events/EventTarget-impl.js:350:25)
      at invokeEventListeners 
(node_modules/jsdom/lib/jsdom/living/events/EventTarget-impl.js:286:3)
      at HTMLUnknownElementImpl._dispatch 
(node_modules/jsdom/lib/jsdom/living/events/EventTarget-impl.js:233:9)
      at HTMLUnknownElementImpl.dispatchEvent 
(node_modules/jsdom/lib/jsdom/living/events/EventTarget-impl.js:104:17)
      at HTMLUnknownElement.dispatchEvent 
(node_modules/jsdom/lib/jsdom/living/generated/EventTarget.js:241:34)
      at Object.invokeGuardedCallbackDev 
(node_modules/react-dom/cjs/react-dom.development.js:4213:16)
      at invokeGuardedCallback 
(node_modules/react-dom/cjs/react-dom.development.js:4277:31)
      at invokeGuardedCallbackAndCatchFirstError 
(node_modules/react-dom/cjs/react-dom.development.js:4291:25)
      at executeDispatch 
(node_modules/react-dom/cjs/react-dom.development.js:9041:3)
      at processDispatchQueueItemsInOrder 
(node_modules/react-dom/cjs/react-dom.development.js:9073:7)
      at processDispatchQueue 
(node_modules/react-dom/cjs/react-dom.development.js:9086:5)
      at dispatchEventsForPlugins 
(node_modules/react-dom/cjs/react-dom.development.js:9097:3)
      at node_modules/react-dom/cjs/react-dom.development.js:9288:12
      at batchedUpdates$1 
(node_modules/react-dom/cjs/react-dom.development.js:26179:12)
      at batchedUpdates 
(node_modules/react-dom/cjs/react-dom.development.js:3991:12)
      at dispatchEventForPluginEventSystem 
(node_modules/react-dom/cjs/react-dom.development.js:9287:3)
      at dispatchEventWithEnableCapturePhaseSelectiveHydrationWithoutDiscreteEv
entReplay (node_modules/react-dom/cjs/react-dom.development.js:6465:5)
      at dispatchEvent 
(node_modules/react-dom/cjs/react-dom.development.js:6457:5)
      at dispatchDiscreteEvent 
(node_modules/react-dom/cjs/react-dom.development.js:6430:5)
      at HTMLDivElement.callTheUserObjectsOperation 
(node_modules/jsdom/lib/jsdom/living/generated/EventListener.js:26:30)
      at innerInvokeEventListeners 
(node_modules/jsdom/lib/jsdom/living/events/EventTarget-impl.js:350:25)
      at invokeEventListeners 
(node_modules/jsdom/lib/jsdom/living/events/EventTarget-impl.js:286:3)
      at HTMLInputElementImpl._dispatch 
(node_modules/jsdom/lib/jsdom/living/events/EventTarget-impl.js:233:9)
      at HTMLInputElementImpl.dispatchEvent 
(node_modules/jsdom/lib/jsdom/living/events/EventTarget-impl.js:104:17)
      at HTMLInputElement.dispatchEvent 
(node_modules/jsdom/lib/jsdom/living/generated/EventTarget.js:241:34)
      at 
node_modules/@testing-library/user-event/dist/cjs/event/dispatchEvent.js:45:43
      at Object.eventWrapper 
(node_modules/@testing-library/dom/dist/config.js:25:23)
      at Object.wrapEvent 
(node_modules/@testing-library/user-event/dist/cjs/event/wrapEvent.js:6:28)
      at Object.dispatchEvent (node_modules/@testing-library/user-event/dist/cj
s/event/dispatchEvent.js:45:22)
      at Object.dispatchUIEvent (node_modules/@testing-library/user-event/dist/
cjs/event/dispatchEvent.js:22:26)
      at commitInput 
(node_modules/@testing-library/user-event/dist/cjs/event/input.js:145:14)
      at editInputElement 
(node_modules/@testing-library/user-event/dist/cjs/event/input.js:115:9)
      at Object.input 
(node_modules/@testing-library/user-event/dist/cjs/event/input.js:37:9)
      at node_modules/@testing-library/user-event/dist/cjs/event/behavior/keypr
ess.js:31:26
      at Object.dispatchEvent (node_modules/@testing-library/user-event/dist/cj
s/event/dispatchEvent.js:41:13)
      at Object.dispatchUIEvent (node_modules/@testing-library/user-event/dist/
cjs/event/dispatchEvent.js:22:26)
      at KeyboardHost.keydown 
(node_modules/@testing-library/user-event/dist/cjs/system/keyboard.js:76:22)
      at keyboardAction 
(node_modules/@testing-library/user-event/dist/cjs/keyboard/index.js:22:35)
      at Object.keyboard 
(node_modules/@testing-library/user-event/dist/cjs/keyboard/index.js:11:15)
      at Object.type 
(node_modules/@testing-library/user-event/dist/cjs/utility/type.js:17:5)
      at Object.<anonymous> (src/profile/profile.test.tsx:216:9)

    console.error
      Warning: An update to ProfilePage inside a test was not wrapped in 
act(...).
      
      When testing, code that causes React state updates should be wrapped 
into act(...):
      
      act(() => {
        /* fire events that update state */
      });
      /* assert on the output */
      
      This ensures that you're testing the behavior the user would see in the 
browser. Learn more at https://reactjs.org/link/wrap-tests-with-act
          at ProfilePage 
(C:\Users\samhe\OneDrive\Desktop\Cleaned\frontend\src\profile\index.tsx:25:41)
          at basenameProp (C:\Users\samhe\OneDrive\Desktop\Cleaned\frontend\nod
e_modules\react-router\lib\components.tsx:421:13)
          at basename (C:\Users\samhe\OneDrive\Desktop\Cleaned\frontend\node_mo
dules\react-router\lib\components.tsx:225:3)

      196 |               className="border border-gray-300 rounded-md px-3 
py-2 text-sm"
      197 |               value={confirmPassword}
    > 198 |               onChange={e => setConfirmPassword(e.target.value)}
          |                              ^
      199 |             />
      200 |             {confirmPassword && !passwordsMatch && (
      201 |               <p className="text-sm text-red-600">Passwords do not 
match</p>

      at printWarning 
(node_modules/react-dom/cjs/react-dom.development.js:86:30)
      at error (node_modules/react-dom/cjs/react-dom.development.js:60:7)
      at warnIfUpdatesNotWrappedWithActDEV 
(node_modules/react-dom/cjs/react-dom.development.js:27628:9)
      at scheduleUpdateOnFiber 
(node_modules/react-dom/cjs/react-dom.development.js:25547:5)
      at dispatchSetState 
(node_modules/react-dom/cjs/react-dom.development.js:16708:7)
      at onChange (src/profile/index.tsx:198:30)
      at HTMLUnknownElement.callCallback 
(node_modules/react-dom/cjs/react-dom.development.js:4164:14)
      at HTMLUnknownElement.callTheUserObjectsOperation 
(node_modules/jsdom/lib/jsdom/living/generated/EventListener.js:26:30)
      at innerInvokeEventListeners 
(node_modules/jsdom/lib/jsdom/living/events/EventTarget-impl.js:350:25)
      at invokeEventListeners 
(node_modules/jsdom/lib/jsdom/living/events/EventTarget-impl.js:286:3)
      at HTMLUnknownElementImpl._dispatch 
(node_modules/jsdom/lib/jsdom/living/events/EventTarget-impl.js:233:9)
      at HTMLUnknownElementImpl.dispatchEvent 
(node_modules/jsdom/lib/jsdom/living/events/EventTarget-impl.js:104:17)
      at HTMLUnknownElement.dispatchEvent 
(node_modules/jsdom/lib/jsdom/living/generated/EventTarget.js:241:34)
      at Object.invokeGuardedCallbackDev 
(node_modules/react-dom/cjs/react-dom.development.js:4213:16)
      at invokeGuardedCallback 
(node_modules/react-dom/cjs/react-dom.development.js:4277:31)
      at invokeGuardedCallbackAndCatchFirstError 
(node_modules/react-dom/cjs/react-dom.development.js:4291:25)
      at executeDispatch 
(node_modules/react-dom/cjs/react-dom.development.js:9041:3)
      at processDispatchQueueItemsInOrder 
(node_modules/react-dom/cjs/react-dom.development.js:9073:7)
      at processDispatchQueue 
(node_modules/react-dom/cjs/react-dom.development.js:9086:5)
      at dispatchEventsForPlugins 
(node_modules/react-dom/cjs/react-dom.development.js:9097:3)
      at node_modules/react-dom/cjs/react-dom.development.js:9288:12
      at batchedUpdates$1 
(node_modules/react-dom/cjs/react-dom.development.js:26179:12)
      at batchedUpdates 
(node_modules/react-dom/cjs/react-dom.development.js:3991:12)
      at dispatchEventForPluginEventSystem 
(node_modules/react-dom/cjs/react-dom.development.js:9287:3)
      at dispatchEventWithEnableCapturePhaseSelectiveHydrationWithoutDiscreteEv
entReplay (node_modules/react-dom/cjs/react-dom.development.js:6465:5)
      at dispatchEvent 
(node_modules/react-dom/cjs/react-dom.development.js:6457:5)
      at dispatchDiscreteEvent 
(node_modules/react-dom/cjs/react-dom.development.js:6430:5)
      at HTMLDivElement.callTheUserObjectsOperation 
(node_modules/jsdom/lib/jsdom/living/generated/EventListener.js:26:30)
      at innerInvokeEventListeners 
(node_modules/jsdom/lib/jsdom/living/events/EventTarget-impl.js:350:25)
      at invokeEventListeners 
(node_modules/jsdom/lib/jsdom/living/events/EventTarget-impl.js:286:3)
      at HTMLInputElementImpl._dispatch 
(node_modules/jsdom/lib/jsdom/living/events/EventTarget-impl.js:233:9)
      at HTMLInputElementImpl.dispatchEvent 
(node_modules/jsdom/lib/jsdom/living/events/EventTarget-impl.js:104:17)
      at HTMLInputElement.dispatchEvent 
(node_modules/jsdom/lib/jsdom/living/generated/EventTarget.js:241:34)
      at 
node_modules/@testing-library/user-event/dist/cjs/event/dispatchEvent.js:45:43
      at Object.eventWrapper 
(node_modules/@testing-library/dom/dist/config.js:25:23)
      at Object.wrapEvent 
(node_modules/@testing-library/user-event/dist/cjs/event/wrapEvent.js:6:28)
      at Object.dispatchEvent (node_modules/@testing-library/user-event/dist/cj
s/event/dispatchEvent.js:45:22)
      at Object.dispatchUIEvent (node_modules/@testing-library/user-event/dist/
cjs/event/dispatchEvent.js:22:26)
      at commitInput 
(node_modules/@testing-library/user-event/dist/cjs/event/input.js:145:14)
      at editInputElement 
(node_modules/@testing-library/user-event/dist/cjs/event/input.js:115:9)
      at Object.input 
(node_modules/@testing-library/user-event/dist/cjs/event/input.js:37:9)
      at node_modules/@testing-library/user-event/dist/cjs/event/behavior/keypr
ess.js:31:26
      at Object.dispatchEvent (node_modules/@testing-library/user-event/dist/cj
s/event/dispatchEvent.js:41:13)
      at Object.dispatchUIEvent (node_modules/@testing-library/user-event/dist/
cjs/event/dispatchEvent.js:22:26)
      at KeyboardHost.keydown 
(node_modules/@testing-library/user-event/dist/cjs/system/keyboard.js:76:22)
      at keyboardAction 
(node_modules/@testing-library/user-event/dist/cjs/keyboard/index.js:22:35)
      at Object.keyboard 
(node_modules/@testing-library/user-event/dist/cjs/keyboard/index.js:11:15)
      at Object.type 
(node_modules/@testing-library/user-event/dist/cjs/utility/type.js:17:5)
      at Object.<anonymous> (src/profile/profile.test.tsx:216:9)

    console.error
      Warning: An update to ProfilePage inside a test was not wrapped in 
act(...).
      
      When testing, code that causes React state updates should be wrapped 
into act(...):
      
      act(() => {
        /* fire events that update state */
      });
      /* assert on the output */
      
      This ensures that you're testing the behavior the user would see in the 
browser. Learn more at https://reactjs.org/link/wrap-tests-with-act
          at ProfilePage 
(C:\Users\samhe\OneDrive\Desktop\Cleaned\frontend\src\profile\index.tsx:25:41)
          at basenameProp (C:\Users\samhe\OneDrive\Desktop\Cleaned\frontend\nod
e_modules\react-router\lib\components.tsx:421:13)
          at basename (C:\Users\samhe\OneDrive\Desktop\Cleaned\frontend\node_mo
dules\react-router\lib\components.tsx:225:3)

      196 |               className="border border-gray-300 rounded-md px-3 
py-2 text-sm"
      197 |               value={confirmPassword}
    > 198 |               onChange={e => setConfirmPassword(e.target.value)}
          |                              ^
      199 |             />
      200 |             {confirmPassword && !passwordsMatch && (
      201 |               <p className="text-sm text-red-600">Passwords do not 
match</p>

      at printWarning 
(node_modules/react-dom/cjs/react-dom.development.js:86:30)
      at error (node_modules/react-dom/cjs/react-dom.development.js:60:7)
      at warnIfUpdatesNotWrappedWithActDEV 
(node_modules/react-dom/cjs/react-dom.development.js:27628:9)
      at scheduleUpdateOnFiber 
(node_modules/react-dom/cjs/react-dom.development.js:25547:5)
      at dispatchSetState 
(node_modules/react-dom/cjs/react-dom.development.js:16708:7)
      at onChange (src/profile/index.tsx:198:30)
      at HTMLUnknownElement.callCallback 
(node_modules/react-dom/cjs/react-dom.development.js:4164:14)
      at HTMLUnknownElement.callTheUserObjectsOperation 
(node_modules/jsdom/lib/jsdom/living/generated/EventListener.js:26:30)
      at innerInvokeEventListeners 
(node_modules/jsdom/lib/jsdom/living/events/EventTarget-impl.js:350:25)
      at invokeEventListeners 
(node_modules/jsdom/lib/jsdom/living/events/EventTarget-impl.js:286:3)
      at HTMLUnknownElementImpl._dispatch 
(node_modules/jsdom/lib/jsdom/living/events/EventTarget-impl.js:233:9)
      at HTMLUnknownElementImpl.dispatchEvent 
(node_modules/jsdom/lib/jsdom/living/events/EventTarget-impl.js:104:17)
      at HTMLUnknownElement.dispatchEvent 
(node_modules/jsdom/lib/jsdom/living/generated/EventTarget.js:241:34)
      at Object.invokeGuardedCallbackDev 
(node_modules/react-dom/cjs/react-dom.development.js:4213:16)
      at invokeGuardedCallback 
(node_modules/react-dom/cjs/react-dom.development.js:4277:31)
      at invokeGuardedCallbackAndCatchFirstError 
(node_modules/react-dom/cjs/react-dom.development.js:4291:25)
      at executeDispatch 
(node_modules/react-dom/cjs/react-dom.development.js:9041:3)
      at processDispatchQueueItemsInOrder 
(node_modules/react-dom/cjs/react-dom.development.js:9073:7)
      at processDispatchQueue 
(node_modules/react-dom/cjs/react-dom.development.js:9086:5)
      at dispatchEventsForPlugins 
(node_modules/react-dom/cjs/react-dom.development.js:9097:3)
      at node_modules/react-dom/cjs/react-dom.development.js:9288:12
      at batchedUpdates$1 
(node_modules/react-dom/cjs/react-dom.development.js:26179:12)
      at batchedUpdates 
(node_modules/react-dom/cjs/react-dom.development.js:3991:12)
      at dispatchEventForPluginEventSystem 
(node_modules/react-dom/cjs/react-dom.development.js:9287:3)
      at dispatchEventWithEnableCapturePhaseSelectiveHydrationWithoutDiscreteEv
entReplay (node_modules/react-dom/cjs/react-dom.development.js:6465:5)
      at dispatchEvent 
(node_modules/react-dom/cjs/react-dom.development.js:6457:5)
      at dispatchDiscreteEvent 
(node_modules/react-dom/cjs/react-dom.development.js:6430:5)
      at HTMLDivElement.callTheUserObjectsOperation 
(node_modules/jsdom/lib/jsdom/living/generated/EventListener.js:26:30)
      at innerInvokeEventListeners 
(node_modules/jsdom/lib/jsdom/living/events/EventTarget-impl.js:350:25)
      at invokeEventListeners 
(node_modules/jsdom/lib/jsdom/living/events/EventTarget-impl.js:286:3)
      at HTMLInputElementImpl._dispatch 
(node_modules/jsdom/lib/jsdom/living/events/EventTarget-impl.js:233:9)
      at HTMLInputElementImpl.dispatchEvent 
(node_modules/jsdom/lib/jsdom/living/events/EventTarget-impl.js:104:17)
      at HTMLInputElement.dispatchEvent 
(node_modules/jsdom/lib/jsdom/living/generated/EventTarget.js:241:34)
      at 
node_modules/@testing-library/user-event/dist/cjs/event/dispatchEvent.js:45:43
      at Object.eventWrapper 
(node_modules/@testing-library/dom/dist/config.js:25:23)
      at Object.wrapEvent 
(node_modules/@testing-library/user-event/dist/cjs/event/wrapEvent.js:6:28)
      at Object.dispatchEvent (node_modules/@testing-library/user-event/dist/cj
s/event/dispatchEvent.js:45:22)
      at Object.dispatchUIEvent (node_modules/@testing-library/user-event/dist/
cjs/event/dispatchEvent.js:22:26)
      at commitInput 
(node_modules/@testing-library/user-event/dist/cjs/event/input.js:145:14)
      at editInputElement 
(node_modules/@testing-library/user-event/dist/cjs/event/input.js:115:9)
      at Object.input 
(node_modules/@testing-library/user-event/dist/cjs/event/input.js:37:9)
      at node_modules/@testing-library/user-event/dist/cjs/event/behavior/keypr
ess.js:31:26
      at Object.dispatchEvent (node_modules/@testing-library/user-event/dist/cj
s/event/dispatchEvent.js:41:13)
      at Object.dispatchUIEvent (node_modules/@testing-library/user-event/dist/
cjs/event/dispatchEvent.js:22:26)
      at KeyboardHost.keydown 
(node_modules/@testing-library/user-event/dist/cjs/system/keyboard.js:76:22)
      at keyboardAction 
(node_modules/@testing-library/user-event/dist/cjs/keyboard/index.js:22:35)
      at Object.keyboard 
(node_modules/@testing-library/user-event/dist/cjs/keyboard/index.js:11:15)
      at Object.type 
(node_modules/@testing-library/user-event/dist/cjs/utility/type.js:17:5)
      at Object.<anonymous> (src/profile/profile.test.tsx:216:9)

    console.error
      Warning: An update to ProfilePage inside a test was not wrapped in 
act(...).
      
      When testing, code that causes React state updates should be wrapped 
into act(...):
      
      act(() => {
        /* fire events that update state */
      });
      /* assert on the output */
      
      This ensures that you're testing the behavior the user would see in the 
browser. Learn more at https://reactjs.org/link/wrap-tests-with-act
          at ProfilePage 
(C:\Users\samhe\OneDrive\Desktop\Cleaned\frontend\src\profile\index.tsx:25:41)
          at basenameProp (C:\Users\samhe\OneDrive\Desktop\Cleaned\frontend\nod
e_modules\react-router\lib\components.tsx:421:13)
          at basename (C:\Users\samhe\OneDrive\Desktop\Cleaned\frontend\node_mo
dules\react-router\lib\components.tsx:225:3)

      196 |               className="border border-gray-300 rounded-md px-3 
py-2 text-sm"
      197 |               value={confirmPassword}
    > 198 |               onChange={e => setConfirmPassword(e.target.value)}
          |                              ^
      199 |             />
      200 |             {confirmPassword && !passwordsMatch && (
      201 |               <p className="text-sm text-red-600">Passwords do not 
match</p>

      at printWarning 
(node_modules/react-dom/cjs/react-dom.development.js:86:30)
      at error (node_modules/react-dom/cjs/react-dom.development.js:60:7)
      at warnIfUpdatesNotWrappedWithActDEV 
(node_modules/react-dom/cjs/react-dom.development.js:27628:9)
      at scheduleUpdateOnFiber 
(node_modules/react-dom/cjs/react-dom.development.js:25547:5)
      at dispatchSetState 
(node_modules/react-dom/cjs/react-dom.development.js:16708:7)
      at onChange (src/profile/index.tsx:198:30)
      at HTMLUnknownElement.callCallback 
(node_modules/react-dom/cjs/react-dom.development.js:4164:14)
      at HTMLUnknownElement.callTheUserObjectsOperation 
(node_modules/jsdom/lib/jsdom/living/generated/EventListener.js:26:30)
      at innerInvokeEventListeners 
(node_modules/jsdom/lib/jsdom/living/events/EventTarget-impl.js:350:25)
      at invokeEventListeners 
(node_modules/jsdom/lib/jsdom/living/events/EventTarget-impl.js:286:3)
      at HTMLUnknownElementImpl._dispatch 
(node_modules/jsdom/lib/jsdom/living/events/EventTarget-impl.js:233:9)
      at HTMLUnknownElementImpl.dispatchEvent 
(node_modules/jsdom/lib/jsdom/living/events/EventTarget-impl.js:104:17)
      at HTMLUnknownElement.dispatchEvent 
(node_modules/jsdom/lib/jsdom/living/generated/EventTarget.js:241:34)
      at Object.invokeGuardedCallbackDev 
(node_modules/react-dom/cjs/react-dom.development.js:4213:16)
      at invokeGuardedCallback 
(node_modules/react-dom/cjs/react-dom.development.js:4277:31)
      at invokeGuardedCallbackAndCatchFirstError 
(node_modules/react-dom/cjs/react-dom.development.js:4291:25)
      at executeDispatch 
(node_modules/react-dom/cjs/react-dom.development.js:9041:3)
      at processDispatchQueueItemsInOrder 
(node_modules/react-dom/cjs/react-dom.development.js:9073:7)
      at processDispatchQueue 
(node_modules/react-dom/cjs/react-dom.development.js:9086:5)
      at dispatchEventsForPlugins 
(node_modules/react-dom/cjs/react-dom.development.js:9097:3)
      at node_modules/react-dom/cjs/react-dom.development.js:9288:12
      at batchedUpdates$1 
(node_modules/react-dom/cjs/react-dom.development.js:26179:12)
      at batchedUpdates 
(node_modules/react-dom/cjs/react-dom.development.js:3991:12)
      at dispatchEventForPluginEventSystem 
(node_modules/react-dom/cjs/react-dom.development.js:9287:3)
      at dispatchEventWithEnableCapturePhaseSelectiveHydrationWithoutDiscreteEv
entReplay (node_modules/react-dom/cjs/react-dom.development.js:6465:5)
      at dispatchEvent 
(node_modules/react-dom/cjs/react-dom.development.js:6457:5)
      at dispatchDiscreteEvent 
(node_modules/react-dom/cjs/react-dom.development.js:6430:5)
      at HTMLDivElement.callTheUserObjectsOperation 
(node_modules/jsdom/lib/jsdom/living/generated/EventListener.js:26:30)
      at innerInvokeEventListeners 
(node_modules/jsdom/lib/jsdom/living/events/EventTarget-impl.js:350:25)
      at invokeEventListeners 
(node_modules/jsdom/lib/jsdom/living/events/EventTarget-impl.js:286:3)
      at HTMLInputElementImpl._dispatch 
(node_modules/jsdom/lib/jsdom/living/events/EventTarget-impl.js:233:9)
      at HTMLInputElementImpl.dispatchEvent 
(node_modules/jsdom/lib/jsdom/living/events/EventTarget-impl.js:104:17)
      at HTMLInputElement.dispatchEvent 
(node_modules/jsdom/lib/jsdom/living/generated/EventTarget.js:241:34)
      at 
node_modules/@testing-library/user-event/dist/cjs/event/dispatchEvent.js:45:43
      at Object.eventWrapper 
(node_modules/@testing-library/dom/dist/config.js:25:23)
      at Object.wrapEvent 
(node_modules/@testing-library/user-event/dist/cjs/event/wrapEvent.js:6:28)
      at Object.dispatchEvent (node_modules/@testing-library/user-event/dist/cj
s/event/dispatchEvent.js:45:22)
      at Object.dispatchUIEvent (node_modules/@testing-library/user-event/dist/
cjs/event/dispatchEvent.js:22:26)
      at commitInput 
(node_modules/@testing-library/user-event/dist/cjs/event/input.js:145:14)
      at editInputElement 
(node_modules/@testing-library/user-event/dist/cjs/event/input.js:115:9)
      at Object.input 
(node_modules/@testing-library/user-event/dist/cjs/event/input.js:37:9)
      at node_modules/@testing-library/user-event/dist/cjs/event/behavior/keypr
ess.js:31:26
      at Object.dispatchEvent (node_modules/@testing-library/user-event/dist/cj
s/event/dispatchEvent.js:41:13)
      at Object.dispatchUIEvent (node_modules/@testing-library/user-event/dist/
cjs/event/dispatchEvent.js:22:26)
      at KeyboardHost.keydown 
(node_modules/@testing-library/user-event/dist/cjs/system/keyboard.js:76:22)
      at keyboardAction 
(node_modules/@testing-library/user-event/dist/cjs/keyboard/index.js:22:35)
      at Object.keyboard 
(node_modules/@testing-library/user-event/dist/cjs/keyboard/index.js:11:15)
      at Object.type 
(node_modules/@testing-library/user-event/dist/cjs/utility/type.js:17:5)
      at Object.<anonymous> (src/profile/profile.test.tsx:216:9)

    console.error
      Warning: An update to ProfilePage inside a test was not wrapped in 
act(...).
      
      When testing, code that causes React state updates should be wrapped 
into act(...):
      
      act(() => {
        /* fire events that update state */
      });
      /* assert on the output */
      
      This ensures that you're testing the behavior the user would see in the 
browser. Learn more at https://reactjs.org/link/wrap-tests-with-act
          at ProfilePage 
(C:\Users\samhe\OneDrive\Desktop\Cleaned\frontend\src\profile\index.tsx:25:41)
          at basenameProp (C:\Users\samhe\OneDrive\Desktop\Cleaned\frontend\nod
e_modules\react-router\lib\components.tsx:421:13)
          at basename (C:\Users\samhe\OneDrive\Desktop\Cleaned\frontend\node_mo
dules\react-router\lib\components.tsx:225:3)

      79 |
      80 |   async function handleChangePassword() {
    > 81 |     setPasswordError('')
         |     ^
      82 |     try {
      83 |       await apiClient.post('/api/auth/change-password', { 
currentPassword, newPassword })
      84 |       addNotification('Password changed successfully', 'success')

      at printWarning 
(node_modules/react-dom/cjs/react-dom.development.js:86:30)
      at error (node_modules/react-dom/cjs/react-dom.development.js:60:7)
      at warnIfUpdatesNotWrappedWithActDEV 
(node_modules/react-dom/cjs/react-dom.development.js:27628:9)
      at scheduleUpdateOnFiber 
(node_modules/react-dom/cjs/react-dom.development.js:25547:5)
      at dispatchSetState 
(node_modules/react-dom/cjs/react-dom.development.js:16708:7)
      at handleChangePassword (src/profile/index.tsx:81:5)
      at HTMLUnknownElement.callCallback 
(node_modules/react-dom/cjs/react-dom.development.js:4164:14)
      at HTMLUnknownElement.callTheUserObjectsOperation 
(node_modules/jsdom/lib/jsdom/living/generated/EventListener.js:26:30)
      at innerInvokeEventListeners 
(node_modules/jsdom/lib/jsdom/living/events/EventTarget-impl.js:350:25)
      at invokeEventListeners 
(node_modules/jsdom/lib/jsdom/living/events/EventTarget-impl.js:286:3)
      at HTMLUnknownElementImpl._dispatch 
(node_modules/jsdom/lib/jsdom/living/events/EventTarget-impl.js:233:9)
      at HTMLUnknownElementImpl.dispatchEvent 
(node_modules/jsdom/lib/jsdom/living/events/EventTarget-impl.js:104:17)
      at HTMLUnknownElement.dispatchEvent 
(node_modules/jsdom/lib/jsdom/living/generated/EventTarget.js:241:34)
      at Object.invokeGuardedCallbackDev 
(node_modules/react-dom/cjs/react-dom.development.js:4213:16)
      at invokeGuardedCallback 
(node_modules/react-dom/cjs/react-dom.development.js:4277:31)
      at invokeGuardedCallbackAndCatchFirstError 
(node_modules/react-dom/cjs/react-dom.development.js:4291:25)
      at executeDispatch 
(node_modules/react-dom/cjs/react-dom.development.js:9041:3)
      at processDispatchQueueItemsInOrder 
(node_modules/react-dom/cjs/react-dom.development.js:9073:7)
      at processDispatchQueue 
(node_modules/react-dom/cjs/react-dom.development.js:9086:5)
      at dispatchEventsForPlugins 
(node_modules/react-dom/cjs/react-dom.development.js:9097:3)
      at node_modules/react-dom/cjs/react-dom.development.js:9288:12
      at batchedUpdates$1 
(node_modules/react-dom/cjs/react-dom.development.js:26179:12)
      at batchedUpdates 
(node_modules/react-dom/cjs/react-dom.development.js:3991:12)
      at dispatchEventForPluginEventSystem 
(node_modules/react-dom/cjs/react-dom.development.js:9287:3)
      at dispatchEventWithEnableCapturePhaseSelectiveHydrationWithoutDiscreteEv
entReplay (node_modules/react-dom/cjs/react-dom.development.js:6465:5)
      at dispatchEvent 
(node_modules/react-dom/cjs/react-dom.development.js:6457:5)
      at dispatchDiscreteEvent 
(node_modules/react-dom/cjs/react-dom.development.js:6430:5)
      at HTMLDivElement.callTheUserObjectsOperation 
(node_modules/jsdom/lib/jsdom/living/generated/EventListener.js:26:30)
      at innerInvokeEventListeners 
(node_modules/jsdom/lib/jsdom/living/events/EventTarget-impl.js:350:25)
      at invokeEventListeners 
(node_modules/jsdom/lib/jsdom/living/events/EventTarget-impl.js:286:3)
      at HTMLButtonElementImpl._dispatch 
(node_modules/jsdom/lib/jsdom/living/events/EventTarget-impl.js:233:9)
      at HTMLButtonElementImpl.dispatchEvent 
(node_modules/jsdom/lib/jsdom/living/events/EventTarget-impl.js:104:17)
      at HTMLButtonElement.dispatchEvent 
(node_modules/jsdom/lib/jsdom/living/generated/EventTarget.js:241:34)
      at 
node_modules/@testing-library/user-event/dist/cjs/event/dispatchEvent.js:45:43
      at Object.eventWrapper 
(node_modules/@testing-library/dom/dist/config.js:25:23)
      at Object.wrapEvent 
(node_modules/@testing-library/user-event/dist/cjs/event/wrapEvent.js:6:28)
      at Object.dispatchEvent (node_modules/@testing-library/user-event/dist/cj
s/event/dispatchEvent.js:45:22)
      at Object.dispatchUIEvent (node_modules/@testing-library/user-event/dist/
cjs/event/dispatchEvent.js:22:26)
      at Mouse.up (node_modules/@testing-library/user-event/dist/cjs/system/poi
nter/mouse.js:100:30)
      at PointerHost.release (node_modules/@testing-library/user-event/dist/cjs
/system/pointer/index.js:87:24)
      at pointerAction 
(node_modules/@testing-library/user-event/dist/cjs/pointer/index.js:54:47)
      at Object.pointer 
(node_modules/@testing-library/user-event/dist/cjs/pointer/index.js:27:9)
      at Object.<anonymous> (src/profile/profile.test.tsx:218:9)

    console.error
      Warning: An update to ProfilePage inside a test was not wrapped in 
act(...).
      
      When testing, code that causes React state updates should be wrapped 
into act(...):
      
      act(() => {
        /* fire events that update state */
      });
      /* assert on the output */
      
      This ensures that you're testing the behavior the user would see in the 
browser. Learn more at https://reactjs.org/link/wrap-tests-with-act
          at ProfilePage 
(C:\Users\samhe\OneDrive\Desktop\Cleaned\frontend\src\profile\index.tsx:25:41)
          at basenameProp (C:\Users\samhe\OneDrive\Desktop\Cleaned\frontend\nod
e_modules\react-router\lib\components.tsx:421:13)
          at basename (C:\Users\samhe\OneDrive\Desktop\Cleaned\frontend\node_mo
dules\react-router\lib\components.tsx:225:3)

      83 |       await apiClient.post('/api/auth/change-password', { 
currentPassword, newPassword })
      84 |       addNotification('Password changed successfully', 'success')
    > 85 |       setCurrentPassword('')
         |       ^
      86 |       setNewPassword('')
      87 |       setConfirmPassword('')
      88 |     } catch (err: any) {

      at printWarning 
(node_modules/react-dom/cjs/react-dom.development.js:86:30)
      at error (node_modules/react-dom/cjs/react-dom.development.js:60:7)
      at warnIfUpdatesNotWrappedWithActDEV 
(node_modules/react-dom/cjs/react-dom.development.js:27628:9)
      at scheduleUpdateOnFiber 
(node_modules/react-dom/cjs/react-dom.development.js:25547:5)
      at dispatchSetState 
(node_modules/react-dom/cjs/react-dom.development.js:16708:7)
      at handleChangePassword (src/profile/index.tsx:85:7)

    console.error
      Warning: An update to ProfilePage inside a test was not wrapped in 
act(...).
      
      When testing, code that causes React state updates should be wrapped 
into act(...):
      
      act(() => {
        /* fire events that update state */
      });
      /* assert on the output */
      
      This ensures that you're testing the behavior the user would see in the 
browser. Learn more at https://reactjs.org/link/wrap-tests-with-act
          at ProfilePage 
(C:\Users\samhe\OneDrive\Desktop\Cleaned\frontend\src\profile\index.tsx:25:41)
          at basenameProp (C:\Users\samhe\OneDrive\Desktop\Cleaned\frontend\nod
e_modules\react-router\lib\components.tsx:421:13)
          at basename (C:\Users\samhe\OneDrive\Desktop\Cleaned\frontend\node_mo
dules\react-router\lib\components.tsx:225:3)

      84 |       addNotification('Password changed successfully', 'success')
      85 |       setCurrentPassword('')
    > 86 |       setNewPassword('')
         |       ^
      87 |       setConfirmPassword('')
      88 |     } catch (err: any) {
      89 |       if (err?.status === 401) {

      at printWarning 
(node_modules/react-dom/cjs/react-dom.development.js:86:30)
      at error (node_modules/react-dom/cjs/react-dom.development.js:60:7)
      at warnIfUpdatesNotWrappedWithActDEV 
(node_modules/react-dom/cjs/react-dom.development.js:27628:9)
      at scheduleUpdateOnFiber 
(node_modules/react-dom/cjs/react-dom.development.js:25547:5)
      at dispatchSetState 
(node_modules/react-dom/cjs/react-dom.development.js:16708:7)
      at handleChangePassword (src/profile/index.tsx:86:7)

    console.error
      Warning: An update to ProfilePage inside a test was not wrapped in 
act(...).
      
      When testing, code that causes React state updates should be wrapped 
into act(...):
      
      act(() => {
        /* fire events that update state */
      });
      /* assert on the output */
      
      This ensures that you're testing the behavior the user would see in the 
browser. Learn more at https://reactjs.org/link/wrap-tests-with-act
          at ProfilePage 
(C:\Users\samhe\OneDrive\Desktop\Cleaned\frontend\src\profile\index.tsx:25:41)
          at basenameProp (C:\Users\samhe\OneDrive\Desktop\Cleaned\frontend\nod
e_modules\react-router\lib\components.tsx:421:13)
          at basename (C:\Users\samhe\OneDrive\Desktop\Cleaned\frontend\node_mo
dules\react-router\lib\components.tsx:225:3)

      85 |       setCurrentPassword('')
      86 |       setNewPassword('')
    > 87 |       setConfirmPassword('')
         |       ^
      88 |     } catch (err: any) {
      89 |       if (err?.status === 401) {
      90 |         setPasswordError('Current password is incorrect')

      at printWarning 
(node_modules/react-dom/cjs/react-dom.development.js:86:30)
      at error (node_modules/react-dom/cjs/react-dom.development.js:60:7)
      at warnIfUpdatesNotWrappedWithActDEV 
(node_modules/react-dom/cjs/react-dom.development.js:27628:9)
      at scheduleUpdateOnFiber 
(node_modules/react-dom/cjs/react-dom.development.js:25547:5)
      at dispatchSetState 
(node_modules/react-dom/cjs/react-dom.development.js:16708:7)
      at handleChangePassword (src/profile/index.tsx:87:7)

    console.error
      Warning: An update to ProfilePage inside a test was not wrapped in 
act(...).
      
      When testing, code that causes React state updates should be wrapped 
into act(...):
      
      act(() => {
        /* fire events that update state */
      });
      /* assert on the output */
      
      This ensures that you're testing the behavior the user would see in the 
browser. Learn more at https://reactjs.org/link/wrap-tests-with-act
          at ProfilePage 
(C:\Users\samhe\OneDrive\Desktop\Cleaned\frontend\src\profile\index.tsx:25:41)
          at basenameProp (C:\Users\samhe\OneDrive\Desktop\Cleaned\frontend\nod
e_modules\react-router\lib\components.tsx:421:13)
          at basename (C:\Users\samhe\OneDrive\Desktop\Cleaned\frontend\node_mo
dules\react-router\lib\components.tsx:225:3)

      180 |               className="border border-gray-300 rounded-md px-3 
py-2 text-sm"
      181 |               value={newPassword}
    > 182 |               onChange={e => setNewPassword(e.target.value)}
          |                              ^
      183 |             />
      184 |             <p className="text-xs text-gray-500">
      185 |               Minimum 8 characters, at least 1 uppercase letter 
and 1 number.

      at printWarning 
(node_modules/react-dom/cjs/react-dom.development.js:86:30)
      at error (node_modules/react-dom/cjs/react-dom.development.js:60:7)
      at warnIfUpdatesNotWrappedWithActDEV 
(node_modules/react-dom/cjs/react-dom.development.js:27628:9)
      at scheduleUpdateOnFiber 
(node_modules/react-dom/cjs/react-dom.development.js:25547:5)
      at dispatchSetState 
(node_modules/react-dom/cjs/react-dom.development.js:16708:7)
      at onChange (src/profile/index.tsx:182:30)
      at HTMLUnknownElement.callCallback 
(node_modules/react-dom/cjs/react-dom.development.js:4164:14)
      at HTMLUnknownElement.callTheUserObjectsOperation 
(node_modules/jsdom/lib/jsdom/living/generated/EventListener.js:26:30)
      at innerInvokeEventListeners 
(node_modules/jsdom/lib/jsdom/living/events/EventTarget-impl.js:350:25)
      at invokeEventListeners 
(node_modules/jsdom/lib/jsdom/living/events/EventTarget-impl.js:286:3)
      at HTMLUnknownElementImpl._dispatch 
(node_modules/jsdom/lib/jsdom/living/events/EventTarget-impl.js:233:9)
      at HTMLUnknownElementImpl.dispatchEvent 
(node_modules/jsdom/lib/jsdom/living/events/EventTarget-impl.js:104:17)
      at HTMLUnknownElement.dispatchEvent 
(node_modules/jsdom/lib/jsdom/living/generated/EventTarget.js:241:34)
      at Object.invokeGuardedCallbackDev 
(node_modules/react-dom/cjs/react-dom.development.js:4213:16)
      at invokeGuardedCallback 
(node_modules/react-dom/cjs/react-dom.development.js:4277:31)
      at invokeGuardedCallbackAndCatchFirstError 
(node_modules/react-dom/cjs/react-dom.development.js:4291:25)
      at executeDispatch 
(node_modules/react-dom/cjs/react-dom.development.js:9041:3)
      at processDispatchQueueItemsInOrder 
(node_modules/react-dom/cjs/react-dom.development.js:9073:7)
      at processDispatchQueue 
(node_modules/react-dom/cjs/react-dom.development.js:9086:5)
      at dispatchEventsForPlugins 
(node_modules/react-dom/cjs/react-dom.development.js:9097:3)
      at node_modules/react-dom/cjs/react-dom.development.js:9288:12
      at batchedUpdates$1 
(node_modules/react-dom/cjs/react-dom.development.js:26179:12)
      at batchedUpdates 
(node_modules/react-dom/cjs/react-dom.development.js:3991:12)
      at dispatchEventForPluginEventSystem 
(node_modules/react-dom/cjs/react-dom.development.js:9287:3)
      at dispatchEventWithEnableCapturePhaseSelectiveHydrationWithoutDiscreteEv
entReplay (node_modules/react-dom/cjs/react-dom.development.js:6465:5)
      at dispatchEvent 
(node_modules/react-dom/cjs/react-dom.development.js:6457:5)
      at dispatchDiscreteEvent 
(node_modules/react-dom/cjs/react-dom.development.js:6430:5)
      at HTMLDivElement.callTheUserObjectsOperation 
(node_modules/jsdom/lib/jsdom/living/generated/EventListener.js:26:30)
      at innerInvokeEventListeners 
(node_modules/jsdom/lib/jsdom/living/events/EventTarget-impl.js:350:25)
      at invokeEventListeners 
(node_modules/jsdom/lib/jsdom/living/events/EventTarget-impl.js:286:3)
      at HTMLInputElementImpl._dispatch 
(node_modules/jsdom/lib/jsdom/living/events/EventTarget-impl.js:233:9)
      at HTMLInputElementImpl.dispatchEvent 
(node_modules/jsdom/lib/jsdom/living/events/EventTarget-impl.js:104:17)
      at HTMLInputElement.dispatchEvent 
(node_modules/jsdom/lib/jsdom/living/generated/EventTarget.js:241:34)
      at 
node_modules/@testing-library/user-event/dist/cjs/event/dispatchEvent.js:45:43
      at Object.eventWrapper 
(node_modules/@testing-library/dom/dist/config.js:25:23)
      at Object.wrapEvent 
(node_modules/@testing-library/user-event/dist/cjs/event/wrapEvent.js:6:28)
      at Object.dispatchEvent (node_modules/@testing-library/user-event/dist/cj
s/event/dispatchEvent.js:45:22)
      at Object.dispatchUIEvent (node_modules/@testing-library/user-event/dist/
cjs/event/dispatchEvent.js:22:26)
      at commitInput 
(node_modules/@testing-library/user-event/dist/cjs/event/input.js:145:14)
      at editInputElement 
(node_modules/@testing-library/user-event/dist/cjs/event/input.js:115:9)
      at Object.input 
(node_modules/@testing-library/user-event/dist/cjs/event/input.js:37:9)
      at node_modules/@testing-library/user-event/dist/cjs/event/behavior/keypr
ess.js:31:26
      at Object.dispatchEvent (node_modules/@testing-library/user-event/dist/cj
s/event/dispatchEvent.js:41:13)
      at Object.dispatchUIEvent (node_modules/@testing-library/user-event/dist/
cjs/event/dispatchEvent.js:22:26)
      at KeyboardHost.keydown 
(node_modules/@testing-library/user-event/dist/cjs/system/keyboard.js:76:22)
      at keyboardAction 
(node_modules/@testing-library/user-event/dist/cjs/keyboard/index.js:22:35)
      at Object.keyboard 
(node_modules/@testing-library/user-event/dist/cjs/keyboard/index.js:11:15)
      at Object.type 
(node_modules/@testing-library/user-event/dist/cjs/utility/type.js:17:5)
      at Object.<anonymous> (src/profile/profile.test.tsx:238:9)

    console.error
      Warning: An update to ProfilePage inside a test was not wrapped in 
act(...).
      
      When testing, code that causes React state updates should be wrapped 
into act(...):
      
      act(() => {
        /* fire events that update state */
      });
      /* assert on the output */
      
      This ensures that you're testing the behavior the user would see in the 
browser. Learn more at https://reactjs.org/link/wrap-tests-with-act
          at ProfilePage 
(C:\Users\samhe\OneDrive\Desktop\Cleaned\frontend\src\profile\index.tsx:25:41)
          at basenameProp (C:\Users\samhe\OneDrive\Desktop\Cleaned\frontend\nod
e_modules\react-router\lib\components.tsx:421:13)
          at basename (C:\Users\samhe\OneDrive\Desktop\Cleaned\frontend\node_mo
dules\react-router\lib\components.tsx:225:3)

      180 |               className="border border-gray-300 rounded-md px-3 
py-2 text-sm"
      181 |               value={newPassword}
    > 182 |               onChange={e => setNewPassword(e.target.value)}
          |                              ^
      183 |             />
      184 |             <p className="text-xs text-gray-500">
      185 |               Minimum 8 characters, at least 1 uppercase letter 
and 1 number.

      at printWarning 
(node_modules/react-dom/cjs/react-dom.development.js:86:30)
      at error (node_modules/react-dom/cjs/react-dom.development.js:60:7)
      at warnIfUpdatesNotWrappedWithActDEV 
(node_modules/react-dom/cjs/react-dom.development.js:27628:9)
      at scheduleUpdateOnFiber 
(node_modules/react-dom/cjs/react-dom.development.js:25547:5)
      at dispatchSetState 
(node_modules/react-dom/cjs/react-dom.development.js:16708:7)
      at onChange (src/profile/index.tsx:182:30)
      at HTMLUnknownElement.callCallback 
(node_modules/react-dom/cjs/react-dom.development.js:4164:14)
      at HTMLUnknownElement.callTheUserObjectsOperation 
(node_modules/jsdom/lib/jsdom/living/generated/EventListener.js:26:30)
      at innerInvokeEventListeners 
(node_modules/jsdom/lib/jsdom/living/events/EventTarget-impl.js:350:25)
      at invokeEventListeners 
(node_modules/jsdom/lib/jsdom/living/events/EventTarget-impl.js:286:3)
      at HTMLUnknownElementImpl._dispatch 
(node_modules/jsdom/lib/jsdom/living/events/EventTarget-impl.js:233:9)
      at HTMLUnknownElementImpl.dispatchEvent 
(node_modules/jsdom/lib/jsdom/living/events/EventTarget-impl.js:104:17)
      at HTMLUnknownElement.dispatchEvent 
(node_modules/jsdom/lib/jsdom/living/generated/EventTarget.js:241:34)
      at Object.invokeGuardedCallbackDev 
(node_modules/react-dom/cjs/react-dom.development.js:4213:16)
      at invokeGuardedCallback 
(node_modules/react-dom/cjs/react-dom.development.js:4277:31)
      at invokeGuardedCallbackAndCatchFirstError 
(node_modules/react-dom/cjs/react-dom.development.js:4291:25)
      at executeDispatch 
(node_modules/react-dom/cjs/react-dom.development.js:9041:3)
      at processDispatchQueueItemsInOrder 
(node_modules/react-dom/cjs/react-dom.development.js:9073:7)
      at processDispatchQueue 
(node_modules/react-dom/cjs/react-dom.development.js:9086:5)
      at dispatchEventsForPlugins 
(node_modules/react-dom/cjs/react-dom.development.js:9097:3)
      at node_modules/react-dom/cjs/react-dom.development.js:9288:12
      at batchedUpdates$1 
(node_modules/react-dom/cjs/react-dom.development.js:26179:12)
      at batchedUpdates 
(node_modules/react-dom/cjs/react-dom.development.js:3991:12)
      at dispatchEventForPluginEventSystem 
(node_modules/react-dom/cjs/react-dom.development.js:9287:3)
      at dispatchEventWithEnableCapturePhaseSelectiveHydrationWithoutDiscreteEv
entReplay (node_modules/react-dom/cjs/react-dom.development.js:6465:5)
      at dispatchEvent 
(node_modules/react-dom/cjs/react-dom.development.js:6457:5)
      at dispatchDiscreteEvent 
(node_modules/react-dom/cjs/react-dom.development.js:6430:5)
      at HTMLDivElement.callTheUserObjectsOperation 
(node_modules/jsdom/lib/jsdom/living/generated/EventListener.js:26:30)
      at innerInvokeEventListeners 
(node_modules/jsdom/lib/jsdom/living/events/EventTarget-impl.js:350:25)
      at invokeEventListeners 
(node_modules/jsdom/lib/jsdom/living/events/EventTarget-impl.js:286:3)
      at HTMLInputElementImpl._dispatch 
(node_modules/jsdom/lib/jsdom/living/events/EventTarget-impl.js:233:9)
      at HTMLInputElementImpl.dispatchEvent 
(node_modules/jsdom/lib/jsdom/living/events/EventTarget-impl.js:104:17)
      at HTMLInputElement.dispatchEvent 
(node_modules/jsdom/lib/jsdom/living/generated/EventTarget.js:241:34)
      at 
node_modules/@testing-library/user-event/dist/cjs/event/dispatchEvent.js:45:43
      at Object.eventWrapper 
(node_modules/@testing-library/dom/dist/config.js:25:23)
      at Object.wrapEvent 
(node_modules/@testing-library/user-event/dist/cjs/event/wrapEvent.js:6:28)
      at Object.dispatchEvent (node_modules/@testing-library/user-event/dist/cj
s/event/dispatchEvent.js:45:22)
      at Object.dispatchUIEvent (node_modules/@testing-library/user-event/dist/
cjs/event/dispatchEvent.js:22:26)
      at commitInput 
(node_modules/@testing-library/user-event/dist/cjs/event/input.js:145:14)
      at editInputElement 
(node_modules/@testing-library/user-event/dist/cjs/event/input.js:115:9)
      at Object.input 
(node_modules/@testing-library/user-event/dist/cjs/event/input.js:37:9)
      at node_modules/@testing-library/user-event/dist/cjs/event/behavior/keypr
ess.js:31:26
      at Object.dispatchEvent (node_modules/@testing-library/user-event/dist/cj
s/event/dispatchEvent.js:41:13)
      at Object.dispatchUIEvent (node_modules/@testing-library/user-event/dist/
cjs/event/dispatchEvent.js:22:26)
      at KeyboardHost.keydown 
(node_modules/@testing-library/user-event/dist/cjs/system/keyboard.js:76:22)
      at keyboardAction 
(node_modules/@testing-library/user-event/dist/cjs/keyboard/index.js:22:35)
      at Object.keyboard 
(node_modules/@testing-library/user-event/dist/cjs/keyboard/index.js:11:15)
      at Object.type 
(node_modules/@testing-library/user-event/dist/cjs/utility/type.js:17:5)
      at Object.<anonymous> (src/profile/profile.test.tsx:238:9)

    console.error
      Warning: An update to ProfilePage inside a test was not wrapped in 
act(...).
      
      When testing, code that causes React state updates should be wrapped 
into act(...):
      
      act(() => {
        /* fire events that update state */
      });
      /* assert on the output */
      
      This ensures that you're testing the behavior the user would see in the 
browser. Learn more at https://reactjs.org/link/wrap-tests-with-act
          at ProfilePage 
(C:\Users\samhe\OneDrive\Desktop\Cleaned\frontend\src\profile\index.tsx:25:41)
          at basenameProp (C:\Users\samhe\OneDrive\Desktop\Cleaned\frontend\nod
e_modules\react-router\lib\components.tsx:421:13)
          at basename (C:\Users\samhe\OneDrive\Desktop\Cleaned\frontend\node_mo
dules\react-router\lib\components.tsx:225:3)

      180 |               className="border border-gray-300 rounded-md px-3 
py-2 text-sm"
      181 |               value={newPassword}
    > 182 |               onChange={e => setNewPassword(e.target.value)}
          |                              ^
      183 |             />
      184 |             <p className="text-xs text-gray-500">
      185 |               Minimum 8 characters, at least 1 uppercase letter 
and 1 number.

      at printWarning 
(node_modules/react-dom/cjs/react-dom.development.js:86:30)
      at error (node_modules/react-dom/cjs/react-dom.development.js:60:7)
      at warnIfUpdatesNotWrappedWithActDEV 
(node_modules/react-dom/cjs/react-dom.development.js:27628:9)
      at scheduleUpdateOnFiber 
(node_modules/react-dom/cjs/react-dom.development.js:25547:5)
      at dispatchSetState 
(node_modules/react-dom/cjs/react-dom.development.js:16708:7)
      at onChange (src/profile/index.tsx:182:30)
      at HTMLUnknownElement.callCallback 
(node_modules/react-dom/cjs/react-dom.development.js:4164:14)
      at HTMLUnknownElement.callTheUserObjectsOperation 
(node_modules/jsdom/lib/jsdom/living/generated/EventListener.js:26:30)
      at innerInvokeEventListeners 
(node_modules/jsdom/lib/jsdom/living/events/EventTarget-impl.js:350:25)
      at invokeEventListeners 
(node_modules/jsdom/lib/jsdom/living/events/EventTarget-impl.js:286:3)
      at HTMLUnknownElementImpl._dispatch 
(node_modules/jsdom/lib/jsdom/living/events/EventTarget-impl.js:233:9)
      at HTMLUnknownElementImpl.dispatchEvent 
(node_modules/jsdom/lib/jsdom/living/events/EventTarget-impl.js:104:17)
      at HTMLUnknownElement.dispatchEvent 
(node_modules/jsdom/lib/jsdom/living/generated/EventTarget.js:241:34)
      at Object.invokeGuardedCallbackDev 
(node_modules/react-dom/cjs/react-dom.development.js:4213:16)
      at invokeGuardedCallback 
(node_modules/react-dom/cjs/react-dom.development.js:4277:31)
      at invokeGuardedCallbackAndCatchFirstError 
(node_modules/react-dom/cjs/react-dom.development.js:4291:25)
      at executeDispatch 
(node_modules/react-dom/cjs/react-dom.development.js:9041:3)
      at processDispatchQueueItemsInOrder 
(node_modules/react-dom/cjs/react-dom.development.js:9073:7)
      at processDispatchQueue 
(node_modules/react-dom/cjs/react-dom.development.js:9086:5)
      at dispatchEventsForPlugins 
(node_modules/react-dom/cjs/react-dom.development.js:9097:3)
      at node_modules/react-dom/cjs/react-dom.development.js:9288:12
      at batchedUpdates$1 
(node_modules/react-dom/cjs/react-dom.development.js:26179:12)
      at batchedUpdates 
(node_modules/react-dom/cjs/react-dom.development.js:3991:12)
      at dispatchEventForPluginEventSystem 
(node_modules/react-dom/cjs/react-dom.development.js:9287:3)
      at dispatchEventWithEnableCapturePhaseSelectiveHydrationWithoutDiscreteEv
entReplay (node_modules/react-dom/cjs/react-dom.development.js:6465:5)
      at dispatchEvent 
(node_modules/react-dom/cjs/react-dom.development.js:6457:5)
      at dispatchDiscreteEvent 
(node_modules/react-dom/cjs/react-dom.development.js:6430:5)
      at HTMLDivElement.callTheUserObjectsOperation 
(node_modules/jsdom/lib/jsdom/living/generated/EventListener.js:26:30)
      at innerInvokeEventListeners 
(node_modules/jsdom/lib/jsdom/living/events/EventTarget-impl.js:350:25)
      at invokeEventListeners 
(node_modules/jsdom/lib/jsdom/living/events/EventTarget-impl.js:286:3)
      at HTMLInputElementImpl._dispatch 
(node_modules/jsdom/lib/jsdom/living/events/EventTarget-impl.js:233:9)
      at HTMLInputElementImpl.dispatchEvent 
(node_modules/jsdom/lib/jsdom/living/events/EventTarget-impl.js:104:17)
      at HTMLInputElement.dispatchEvent 
(node_modules/jsdom/lib/jsdom/living/generated/EventTarget.js:241:34)
      at 
node_modules/@testing-library/user-event/dist/cjs/event/dispatchEvent.js:45:43
      at Object.eventWrapper 
(node_modules/@testing-library/dom/dist/config.js:25:23)
      at Object.wrapEvent 
(node_modules/@testing-library/user-event/dist/cjs/event/wrapEvent.js:6:28)
      at Object.dispatchEvent (node_modules/@testing-library/user-event/dist/cj
s/event/dispatchEvent.js:45:22)
      at Object.dispatchUIEvent (node_modules/@testing-library/user-event/dist/
cjs/event/dispatchEvent.js:22:26)
      at commitInput 
(node_modules/@testing-library/user-event/dist/cjs/event/input.js:145:14)
      at editInputElement 
(node_modules/@testing-library/user-event/dist/cjs/event/input.js:115:9)
      at Object.input 
(node_modules/@testing-library/user-event/dist/cjs/event/input.js:37:9)
      at node_modules/@testing-library/user-event/dist/cjs/event/behavior/keypr
ess.js:31:26
      at Object.dispatchEvent (node_modules/@testing-library/user-event/dist/cj
s/event/dispatchEvent.js:41:13)
      at Object.dispatchUIEvent (node_modules/@testing-library/user-event/dist/
cjs/event/dispatchEvent.js:22:26)
      at KeyboardHost.keydown 
(node_modules/@testing-library/user-event/dist/cjs/system/keyboard.js:76:22)
      at keyboardAction 
(node_modules/@testing-library/user-event/dist/cjs/keyboard/index.js:22:35)
      at Object.keyboard 
(node_modules/@testing-library/user-event/dist/cjs/keyboard/index.js:11:15)
      at Object.type 
(node_modules/@testing-library/user-event/dist/cjs/utility/type.js:17:5)
      at Object.<anonymous> (src/profile/profile.test.tsx:238:9)

    console.error
      Warning: An update to ProfilePage inside a test was not wrapped in 
act(...).
      
      When testing, code that causes React state updates should be wrapped 
into act(...):
      
      act(() => {
        /* fire events that update state */
      });
      /* assert on the output */
      
      This ensures that you're testing the behavior the user would see in the 
browser. Learn more at https://reactjs.org/link/wrap-tests-with-act
          at ProfilePage 
(C:\Users\samhe\OneDrive\Desktop\Cleaned\frontend\src\profile\index.tsx:25:41)
          at basenameProp (C:\Users\samhe\OneDrive\Desktop\Cleaned\frontend\nod
e_modules\react-router\lib\components.tsx:421:13)
          at basename (C:\Users\samhe\OneDrive\Desktop\Cleaned\frontend\node_mo
dules\react-router\lib\components.tsx:225:3)

      180 |               className="border border-gray-300 rounded-md px-3 
py-2 text-sm"
      181 |               value={newPassword}
    > 182 |               onChange={e => setNewPassword(e.target.value)}
          |                              ^
      183 |             />
      184 |             <p className="text-xs text-gray-500">
      185 |               Minimum 8 characters, at least 1 uppercase letter 
and 1 number.

      at printWarning 
(node_modules/react-dom/cjs/react-dom.development.js:86:30)
      at error (node_modules/react-dom/cjs/react-dom.development.js:60:7)
      at warnIfUpdatesNotWrappedWithActDEV 
(node_modules/react-dom/cjs/react-dom.development.js:27628:9)
      at scheduleUpdateOnFiber 
(node_modules/react-dom/cjs/react-dom.development.js:25547:5)
      at dispatchSetState 
(node_modules/react-dom/cjs/react-dom.development.js:16708:7)
      at onChange (src/profile/index.tsx:182:30)
      at HTMLUnknownElement.callCallback 
(node_modules/react-dom/cjs/react-dom.development.js:4164:14)
      at HTMLUnknownElement.callTheUserObjectsOperation 
(node_modules/jsdom/lib/jsdom/living/generated/EventListener.js:26:30)
      at innerInvokeEventListeners 
(node_modules/jsdom/lib/jsdom/living/events/EventTarget-impl.js:350:25)
      at invokeEventListeners 
(node_modules/jsdom/lib/jsdom/living/events/EventTarget-impl.js:286:3)
      at HTMLUnknownElementImpl._dispatch 
(node_modules/jsdom/lib/jsdom/living/events/EventTarget-impl.js:233:9)
      at HTMLUnknownElementImpl.dispatchEvent 
(node_modules/jsdom/lib/jsdom/living/events/EventTarget-impl.js:104:17)
      at HTMLUnknownElement.dispatchEvent 
(node_modules/jsdom/lib/jsdom/living/generated/EventTarget.js:241:34)
      at Object.invokeGuardedCallbackDev 
(node_modules/react-dom/cjs/react-dom.development.js:4213:16)
      at invokeGuardedCallback 
(node_modules/react-dom/cjs/react-dom.development.js:4277:31)
      at invokeGuardedCallbackAndCatchFirstError 
(node_modules/react-dom/cjs/react-dom.development.js:4291:25)
      at executeDispatch 
(node_modules/react-dom/cjs/react-dom.development.js:9041:3)
      at processDispatchQueueItemsInOrder 
(node_modules/react-dom/cjs/react-dom.development.js:9073:7)
      at processDispatchQueue 
(node_modules/react-dom/cjs/react-dom.development.js:9086:5)
      at dispatchEventsForPlugins 
(node_modules/react-dom/cjs/react-dom.development.js:9097:3)
      at node_modules/react-dom/cjs/react-dom.development.js:9288:12
      at batchedUpdates$1 
(node_modules/react-dom/cjs/react-dom.development.js:26179:12)
      at batchedUpdates 
(node_modules/react-dom/cjs/react-dom.development.js:3991:12)
      at dispatchEventForPluginEventSystem 
(node_modules/react-dom/cjs/react-dom.development.js:9287:3)
      at dispatchEventWithEnableCapturePhaseSelectiveHydrationWithoutDiscreteEv
entReplay (node_modules/react-dom/cjs/react-dom.development.js:6465:5)
      at dispatchEvent 
(node_modules/react-dom/cjs/react-dom.development.js:6457:5)
      at dispatchDiscreteEvent 
(node_modules/react-dom/cjs/react-dom.development.js:6430:5)
      at HTMLDivElement.callTheUserObjectsOperation 
(node_modules/jsdom/lib/jsdom/living/generated/EventListener.js:26:30)
      at innerInvokeEventListeners 
(node_modules/jsdom/lib/jsdom/living/events/EventTarget-impl.js:350:25)
      at invokeEventListeners 
(node_modules/jsdom/lib/jsdom/living/events/EventTarget-impl.js:286:3)
      at HTMLInputElementImpl._dispatch 
(node_modules/jsdom/lib/jsdom/living/events/EventTarget-impl.js:233:9)
      at HTMLInputElementImpl.dispatchEvent 
(node_modules/jsdom/lib/jsdom/living/events/EventTarget-impl.js:104:17)
      at HTMLInputElement.dispatchEvent 
(node_modules/jsdom/lib/jsdom/living/generated/EventTarget.js:241:34)
      at 
node_modules/@testing-library/user-event/dist/cjs/event/dispatchEvent.js:45:43
      at Object.eventWrapper 
(node_modules/@testing-library/dom/dist/config.js:25:23)
      at Object.wrapEvent 
(node_modules/@testing-library/user-event/dist/cjs/event/wrapEvent.js:6:28)
      at Object.dispatchEvent (node_modules/@testing-library/user-event/dist/cj
s/event/dispatchEvent.js:45:22)
      at Object.dispatchUIEvent (node_modules/@testing-library/user-event/dist/
cjs/event/dispatchEvent.js:22:26)
      at commitInput 
(node_modules/@testing-library/user-event/dist/cjs/event/input.js:145:14)
      at editInputElement 
(node_modules/@testing-library/user-event/dist/cjs/event/input.js:115:9)
      at Object.input 
(node_modules/@testing-library/user-event/dist/cjs/event/input.js:37:9)
      at node_modules/@testing-library/user-event/dist/cjs/event/behavior/keypr
ess.js:31:26
      at Object.dispatchEvent (node_modules/@testing-library/user-event/dist/cj
s/event/dispatchEvent.js:41:13)
      at Object.dispatchUIEvent (node_modules/@testing-library/user-event/dist/
cjs/event/dispatchEvent.js:22:26)
      at KeyboardHost.keydown 
(node_modules/@testing-library/user-event/dist/cjs/system/keyboard.js:76:22)
      at keyboardAction 
(node_modules/@testing-library/user-event/dist/cjs/keyboard/index.js:22:35)
      at Object.keyboard 
(node_modules/@testing-library/user-event/dist/cjs/keyboard/index.js:11:15)
      at Object.type 
(node_modules/@testing-library/user-event/dist/cjs/utility/type.js:17:5)
      at Object.<anonymous> (src/profile/profile.test.tsx:238:9)

    console.error
      Warning: An update to ProfilePage inside a test was not wrapped in 
act(...).
      
      When testing, code that causes React state updates should be wrapped 
into act(...):
      
      act(() => {
        /* fire events that update state */
      });
      /* assert on the output */
      
      This ensures that you're testing the behavior the user would see in the 
browser. Learn more at https://reactjs.org/link/wrap-tests-with-act
          at ProfilePage 
(C:\Users\samhe\OneDrive\Desktop\Cleaned\frontend\src\profile\index.tsx:25:41)
          at basenameProp (C:\Users\samhe\OneDrive\Desktop\Cleaned\frontend\nod
e_modules\react-router\lib\components.tsx:421:13)
          at basename (C:\Users\samhe\OneDrive\Desktop\Cleaned\frontend\node_mo
dules\react-router\lib\components.tsx:225:3)

      180 |               className="border border-gray-300 rounded-md px-3 
py-2 text-sm"
      181 |               value={newPassword}
    > 182 |               onChange={e => setNewPassword(e.target.value)}
          |                              ^
      183 |             />
      184 |             <p className="text-xs text-gray-500">
      185 |               Minimum 8 characters, at least 1 uppercase letter 
and 1 number.

      at printWarning 
(node_modules/react-dom/cjs/react-dom.development.js:86:30)
      at error (node_modules/react-dom/cjs/react-dom.development.js:60:7)
      at warnIfUpdatesNotWrappedWithActDEV 
(node_modules/react-dom/cjs/react-dom.development.js:27628:9)
      at scheduleUpdateOnFiber 
(node_modules/react-dom/cjs/react-dom.development.js:25547:5)
      at dispatchSetState 
(node_modules/react-dom/cjs/react-dom.development.js:16708:7)
      at onChange (src/profile/index.tsx:182:30)
      at HTMLUnknownElement.callCallback 
(node_modules/react-dom/cjs/react-dom.development.js:4164:14)
      at HTMLUnknownElement.callTheUserObjectsOperation 
(node_modules/jsdom/lib/jsdom/living/generated/EventListener.js:26:30)
      at innerInvokeEventListeners 
(node_modules/jsdom/lib/jsdom/living/events/EventTarget-impl.js:350:25)
      at invokeEventListeners 
(node_modules/jsdom/lib/jsdom/living/events/EventTarget-impl.js:286:3)
      at HTMLUnknownElementImpl._dispatch 
(node_modules/jsdom/lib/jsdom/living/events/EventTarget-impl.js:233:9)
      at HTMLUnknownElementImpl.dispatchEvent 
(node_modules/jsdom/lib/jsdom/living/events/EventTarget-impl.js:104:17)
      at HTMLUnknownElement.dispatchEvent 
(node_modules/jsdom/lib/jsdom/living/generated/EventTarget.js:241:34)
      at Object.invokeGuardedCallbackDev 
(node_modules/react-dom/cjs/react-dom.development.js:4213:16)
      at invokeGuardedCallback 
(node_modules/react-dom/cjs/react-dom.development.js:4277:31)
      at invokeGuardedCallbackAndCatchFirstError 
(node_modules/react-dom/cjs/react-dom.development.js:4291:25)
      at executeDispatch 
(node_modules/react-dom/cjs/react-dom.development.js:9041:3)
      at processDispatchQueueItemsInOrder 
(node_modules/react-dom/cjs/react-dom.development.js:9073:7)
      at processDispatchQueue 
(node_modules/react-dom/cjs/react-dom.development.js:9086:5)
      at dispatchEventsForPlugins 
(node_modules/react-dom/cjs/react-dom.development.js:9097:3)
      at node_modules/react-dom/cjs/react-dom.development.js:9288:12
      at batchedUpdates$1 
(node_modules/react-dom/cjs/react-dom.development.js:26179:12)
      at batchedUpdates 
(node_modules/react-dom/cjs/react-dom.development.js:3991:12)
      at dispatchEventForPluginEventSystem 
(node_modules/react-dom/cjs/react-dom.development.js:9287:3)
      at dispatchEventWithEnableCapturePhaseSelectiveHydrationWithoutDiscreteEv
entReplay (node_modules/react-dom/cjs/react-dom.development.js:6465:5)
      at dispatchEvent 
(node_modules/react-dom/cjs/react-dom.development.js:6457:5)
      at dispatchDiscreteEvent 
(node_modules/react-dom/cjs/react-dom.development.js:6430:5)
      at HTMLDivElement.callTheUserObjectsOperation 
(node_modules/jsdom/lib/jsdom/living/generated/EventListener.js:26:30)
      at innerInvokeEventListeners 
(node_modules/jsdom/lib/jsdom/living/events/EventTarget-impl.js:350:25)
      at invokeEventListeners 
(node_modules/jsdom/lib/jsdom/living/events/EventTarget-impl.js:286:3)
      at HTMLInputElementImpl._dispatch 
(node_modules/jsdom/lib/jsdom/living/events/EventTarget-impl.js:233:9)
      at HTMLInputElementImpl.dispatchEvent 
(node_modules/jsdom/lib/jsdom/living/events/EventTarget-impl.js:104:17)
      at HTMLInputElement.dispatchEvent 
(node_modules/jsdom/lib/jsdom/living/generated/EventTarget.js:241:34)
      at 
node_modules/@testing-library/user-event/dist/cjs/event/dispatchEvent.js:45:43
      at Object.eventWrapper 
(node_modules/@testing-library/dom/dist/config.js:25:23)
      at Object.wrapEvent 
(node_modules/@testing-library/user-event/dist/cjs/event/wrapEvent.js:6:28)
      at Object.dispatchEvent (node_modules/@testing-library/user-event/dist/cj
s/event/dispatchEvent.js:45:22)
      at Object.dispatchUIEvent (node_modules/@testing-library/user-event/dist/
cjs/event/dispatchEvent.js:22:26)
      at commitInput 
(node_modules/@testing-library/user-event/dist/cjs/event/input.js:145:14)
      at editInputElement 
(node_modules/@testing-library/user-event/dist/cjs/event/input.js:115:9)
      at Object.input 
(node_modules/@testing-library/user-event/dist/cjs/event/input.js:37:9)
      at node_modules/@testing-library/user-event/dist/cjs/event/behavior/keypr
ess.js:31:26
      at Object.dispatchEvent (node_modules/@testing-library/user-event/dist/cj
s/event/dispatchEvent.js:41:13)
      at Object.dispatchUIEvent (node_modules/@testing-library/user-event/dist/
cjs/event/dispatchEvent.js:22:26)
      at KeyboardHost.keydown 
(node_modules/@testing-library/user-event/dist/cjs/system/keyboard.js:76:22)
      at keyboardAction 
(node_modules/@testing-library/user-event/dist/cjs/keyboard/index.js:22:35)
      at Object.keyboard 
(node_modules/@testing-library/user-event/dist/cjs/keyboard/index.js:11:15)
      at Object.type 
(node_modules/@testing-library/user-event/dist/cjs/utility/type.js:17:5)
      at Object.<anonymous> (src/profile/profile.test.tsx:238:9)

    console.error
      Warning: An update to ProfilePage inside a test was not wrapped in 
act(...).
      
      When testing, code that causes React state updates should be wrapped 
into act(...):
      
      act(() => {
        /* fire events that update state */
      });
      /* assert on the output */
      
      This ensures that you're testing the behavior the user would see in the 
browser. Learn more at https://reactjs.org/link/wrap-tests-with-act
          at ProfilePage 
(C:\Users\samhe\OneDrive\Desktop\Cleaned\frontend\src\profile\index.tsx:25:41)
          at basenameProp (C:\Users\samhe\OneDrive\Desktop\Cleaned\frontend\nod
e_modules\react-router\lib\components.tsx:421:13)
          at basename (C:\Users\samhe\OneDrive\Desktop\Cleaned\frontend\node_mo
dules\react-router\lib\components.tsx:225:3)

      196 |               className="border border-gray-300 rounded-md px-3 
py-2 text-sm"
      197 |               value={confirmPassword}
    > 198 |               onChange={e => setConfirmPassword(e.target.value)}
          |                              ^
      199 |             />
      200 |             {confirmPassword && !passwordsMatch && (
      201 |               <p className="text-sm text-red-600">Passwords do not 
match</p>

      at printWarning 
(node_modules/react-dom/cjs/react-dom.development.js:86:30)
      at error (node_modules/react-dom/cjs/react-dom.development.js:60:7)
      at warnIfUpdatesNotWrappedWithActDEV 
(node_modules/react-dom/cjs/react-dom.development.js:27628:9)
      at scheduleUpdateOnFiber 
(node_modules/react-dom/cjs/react-dom.development.js:25547:5)
      at dispatchSetState 
(node_modules/react-dom/cjs/react-dom.development.js:16708:7)
      at onChange (src/profile/index.tsx:198:30)
      at HTMLUnknownElement.callCallback 
(node_modules/react-dom/cjs/react-dom.development.js:4164:14)
      at HTMLUnknownElement.callTheUserObjectsOperation 
(node_modules/jsdom/lib/jsdom/living/generated/EventListener.js:26:30)
      at innerInvokeEventListeners 
(node_modules/jsdom/lib/jsdom/living/events/EventTarget-impl.js:350:25)
      at invokeEventListeners 
(node_modules/jsdom/lib/jsdom/living/events/EventTarget-impl.js:286:3)
      at HTMLUnknownElementImpl._dispatch 
(node_modules/jsdom/lib/jsdom/living/events/EventTarget-impl.js:233:9)
      at HTMLUnknownElementImpl.dispatchEvent 
(node_modules/jsdom/lib/jsdom/living/events/EventTarget-impl.js:104:17)
      at HTMLUnknownElement.dispatchEvent 
(node_modules/jsdom/lib/jsdom/living/generated/EventTarget.js:241:34)
      at Object.invokeGuardedCallbackDev 
(node_modules/react-dom/cjs/react-dom.development.js:4213:16)
      at invokeGuardedCallback 
(node_modules/react-dom/cjs/react-dom.development.js:4277:31)
      at invokeGuardedCallbackAndCatchFirstError 
(node_modules/react-dom/cjs/react-dom.development.js:4291:25)
      at executeDispatch 
(node_modules/react-dom/cjs/react-dom.development.js:9041:3)
      at processDispatchQueueItemsInOrder 
(node_modules/react-dom/cjs/react-dom.development.js:9073:7)
      at processDispatchQueue 
(node_modules/react-dom/cjs/react-dom.development.js:9086:5)
      at dispatchEventsForPlugins 
(node_modules/react-dom/cjs/react-dom.development.js:9097:3)
      at node_modules/react-dom/cjs/react-dom.development.js:9288:12
      at batchedUpdates$1 
(node_modules/react-dom/cjs/react-dom.development.js:26179:12)
      at batchedUpdates 
(node_modules/react-dom/cjs/react-dom.development.js:3991:12)
      at dispatchEventForPluginEventSystem 
(node_modules/react-dom/cjs/react-dom.development.js:9287:3)
      at dispatchEventWithEnableCapturePhaseSelectiveHydrationWithoutDiscreteEv
entReplay (node_modules/react-dom/cjs/react-dom.development.js:6465:5)
      at dispatchEvent 
(node_modules/react-dom/cjs/react-dom.development.js:6457:5)
      at dispatchDiscreteEvent 
(node_modules/react-dom/cjs/react-dom.development.js:6430:5)
      at HTMLDivElement.callTheUserObjectsOperation 
(node_modules/jsdom/lib/jsdom/living/generated/EventListener.js:26:30)
      at innerInvokeEventListeners 
(node_modules/jsdom/lib/jsdom/living/events/EventTarget-impl.js:350:25)
      at invokeEventListeners 
(node_modules/jsdom/lib/jsdom/living/events/EventTarget-impl.js:286:3)
      at HTMLInputElementImpl._dispatch 
(node_modules/jsdom/lib/jsdom/living/events/EventTarget-impl.js:233:9)
      at HTMLInputElementImpl.dispatchEvent 
(node_modules/jsdom/lib/jsdom/living/events/EventTarget-impl.js:104:17)
      at HTMLInputElement.dispatchEvent 
(node_modules/jsdom/lib/jsdom/living/generated/EventTarget.js:241:34)
      at 
node_modules/@testing-library/user-event/dist/cjs/event/dispatchEvent.js:45:43
      at Object.eventWrapper 
(node_modules/@testing-library/dom/dist/config.js:25:23)
      at Object.wrapEvent 
(node_modules/@testing-library/user-event/dist/cjs/event/wrapEvent.js:6:28)
      at Object.dispatchEvent (node_modules/@testing-library/user-event/dist/cj
s/event/dispatchEvent.js:45:22)
      at Object.dispatchUIEvent (node_modules/@testing-library/user-event/dist/
cjs/event/dispatchEvent.js:22:26)
      at commitInput 
(node_modules/@testing-library/user-event/dist/cjs/event/input.js:145:14)
      at editInputElement 
(node_modules/@testing-library/user-event/dist/cjs/event/input.js:115:9)
      at Object.input 
(node_modules/@testing-library/user-event/dist/cjs/event/input.js:37:9)
      at node_modules/@testing-library/user-event/dist/cjs/event/behavior/keypr
ess.js:31:26
      at Object.dispatchEvent (node_modules/@testing-library/user-event/dist/cj
s/event/dispatchEvent.js:41:13)
      at Object.dispatchUIEvent (node_modules/@testing-library/user-event/dist/
cjs/event/dispatchEvent.js:22:26)
      at KeyboardHost.keydown 
(node_modules/@testing-library/user-event/dist/cjs/system/keyboard.js:76:22)
      at keyboardAction 
(node_modules/@testing-library/user-event/dist/cjs/keyboard/index.js:22:35)
      at Object.keyboard 
(node_modules/@testing-library/user-event/dist/cjs/keyboard/index.js:11:15)
      at Object.type 
(node_modules/@testing-library/user-event/dist/cjs/utility/type.js:17:5)
      at Object.<anonymous> (src/profile/profile.test.tsx:239:9)

    console.error
      Warning: An update to ProfilePage inside a test was not wrapped in 
act(...).
      
      When testing, code that causes React state updates should be wrapped 
into act(...):
      
      act(() => {
        /* fire events that update state */
      });
      /* assert on the output */
      
      This ensures that you're testing the behavior the user would see in the 
browser. Learn more at https://reactjs.org/link/wrap-tests-with-act
          at ProfilePage 
(C:\Users\samhe\OneDrive\Desktop\Cleaned\frontend\src\profile\index.tsx:25:41)
          at basenameProp (C:\Users\samhe\OneDrive\Desktop\Cleaned\frontend\nod
e_modules\react-router\lib\components.tsx:421:13)
          at basename (C:\Users\samhe\OneDrive\Desktop\Cleaned\frontend\node_mo
dules\react-router\lib\components.tsx:225:3)

      196 |               className="border border-gray-300 rounded-md px-3 
py-2 text-sm"
      197 |               value={confirmPassword}
    > 198 |               onChange={e => setConfirmPassword(e.target.value)}
          |                              ^
      199 |             />
      200 |             {confirmPassword && !passwordsMatch && (
      201 |               <p className="text-sm text-red-600">Passwords do not 
match</p>

      at printWarning 
(node_modules/react-dom/cjs/react-dom.development.js:86:30)
      at error (node_modules/react-dom/cjs/react-dom.development.js:60:7)
      at warnIfUpdatesNotWrappedWithActDEV 
(node_modules/react-dom/cjs/react-dom.development.js:27628:9)
      at scheduleUpdateOnFiber 
(node_modules/react-dom/cjs/react-dom.development.js:25547:5)
      at dispatchSetState 
(node_modules/react-dom/cjs/react-dom.development.js:16708:7)
      at onChange (src/profile/index.tsx:198:30)
      at HTMLUnknownElement.callCallback 
(node_modules/react-dom/cjs/react-dom.development.js:4164:14)
      at HTMLUnknownElement.callTheUserObjectsOperation 
(node_modules/jsdom/lib/jsdom/living/generated/EventListener.js:26:30)
      at innerInvokeEventListeners 
(node_modules/jsdom/lib/jsdom/living/events/EventTarget-impl.js:350:25)
      at invokeEventListeners 
(node_modules/jsdom/lib/jsdom/living/events/EventTarget-impl.js:286:3)
      at HTMLUnknownElementImpl._dispatch 
(node_modules/jsdom/lib/jsdom/living/events/EventTarget-impl.js:233:9)
      at HTMLUnknownElementImpl.dispatchEvent 
(node_modules/jsdom/lib/jsdom/living/events/EventTarget-impl.js:104:17)
      at HTMLUnknownElement.dispatchEvent 
(node_modules/jsdom/lib/jsdom/living/generated/EventTarget.js:241:34)
      at Object.invokeGuardedCallbackDev 
(node_modules/react-dom/cjs/react-dom.development.js:4213:16)
      at invokeGuardedCallback 
(node_modules/react-dom/cjs/react-dom.development.js:4277:31)
      at invokeGuardedCallbackAndCatchFirstError 
(node_modules/react-dom/cjs/react-dom.development.js:4291:25)
      at executeDispatch 
(node_modules/react-dom/cjs/react-dom.development.js:9041:3)
      at processDispatchQueueItemsInOrder 
(node_modules/react-dom/cjs/react-dom.development.js:9073:7)
      at processDispatchQueue 
(node_modules/react-dom/cjs/react-dom.development.js:9086:5)
      at dispatchEventsForPlugins 
(node_modules/react-dom/cjs/react-dom.development.js:9097:3)
      at node_modules/react-dom/cjs/react-dom.development.js:9288:12
      at batchedUpdates$1 
(node_modules/react-dom/cjs/react-dom.development.js:26179:12)
      at batchedUpdates 
(node_modules/react-dom/cjs/react-dom.development.js:3991:12)
      at dispatchEventForPluginEventSystem 
(node_modules/react-dom/cjs/react-dom.development.js:9287:3)
      at dispatchEventWithEnableCapturePhaseSelectiveHydrationWithoutDiscreteEv
entReplay (node_modules/react-dom/cjs/react-dom.development.js:6465:5)
      at dispatchEvent 
(node_modules/react-dom/cjs/react-dom.development.js:6457:5)
      at dispatchDiscreteEvent 
(node_modules/react-dom/cjs/react-dom.development.js:6430:5)
      at HTMLDivElement.callTheUserObjectsOperation 
(node_modules/jsdom/lib/jsdom/living/generated/EventListener.js:26:30)
      at innerInvokeEventListeners 
(node_modules/jsdom/lib/jsdom/living/events/EventTarget-impl.js:350:25)
      at invokeEventListeners 
(node_modules/jsdom/lib/jsdom/living/events/EventTarget-impl.js:286:3)
      at HTMLInputElementImpl._dispatch 
(node_modules/jsdom/lib/jsdom/living/events/EventTarget-impl.js:233:9)
      at HTMLInputElementImpl.dispatchEvent 
(node_modules/jsdom/lib/jsdom/living/events/EventTarget-impl.js:104:17)
      at HTMLInputElement.dispatchEvent 
(node_modules/jsdom/lib/jsdom/living/generated/EventTarget.js:241:34)
      at 
node_modules/@testing-library/user-event/dist/cjs/event/dispatchEvent.js:45:43
      at Object.eventWrapper 
(node_modules/@testing-library/dom/dist/config.js:25:23)
      at Object.wrapEvent 
(node_modules/@testing-library/user-event/dist/cjs/event/wrapEvent.js:6:28)
      at Object.dispatchEvent (node_modules/@testing-library/user-event/dist/cj
s/event/dispatchEvent.js:45:22)
      at Object.dispatchUIEvent (node_modules/@testing-library/user-event/dist/
cjs/event/dispatchEvent.js:22:26)
      at commitInput 
(node_modules/@testing-library/user-event/dist/cjs/event/input.js:145:14)
      at editInputElement 
(node_modules/@testing-library/user-event/dist/cjs/event/input.js:115:9)
      at Object.input 
(node_modules/@testing-library/user-event/dist/cjs/event/input.js:37:9)
      at node_modules/@testing-library/user-event/dist/cjs/event/behavior/keypr
ess.js:31:26
      at Object.dispatchEvent (node_modules/@testing-library/user-event/dist/cj
s/event/dispatchEvent.js:41:13)
      at Object.dispatchUIEvent (node_modules/@testing-library/user-event/dist/
cjs/event/dispatchEvent.js:22:26)
      at KeyboardHost.keydown 
(node_modules/@testing-library/user-event/dist/cjs/system/keyboard.js:76:22)
      at keyboardAction 
(node_modules/@testing-library/user-event/dist/cjs/keyboard/index.js:22:35)
      at Object.keyboard 
(node_modules/@testing-library/user-event/dist/cjs/keyboard/index.js:11:15)
      at Object.type 
(node_modules/@testing-library/user-event/dist/cjs/utility/type.js:17:5)
      at Object.<anonymous> (src/profile/profile.test.tsx:239:9)

    console.error
      Warning: An update to ProfilePage inside a test was not wrapped in 
act(...).
      
      When testing, code that causes React state updates should be wrapped 
into act(...):
      
      act(() => {
        /* fire events that update state */
      });
      /* assert on the output */
      
      This ensures that you're testing the behavior the user would see in the 
browser. Learn more at https://reactjs.org/link/wrap-tests-with-act
          at ProfilePage 
(C:\Users\samhe\OneDrive\Desktop\Cleaned\frontend\src\profile\index.tsx:25:41)
          at basenameProp (C:\Users\samhe\OneDrive\Desktop\Cleaned\frontend\nod
e_modules\react-router\lib\components.tsx:421:13)
          at basename (C:\Users\samhe\OneDrive\Desktop\Cleaned\frontend\node_mo
dules\react-router\lib\components.tsx:225:3)

      196 |               className="border border-gray-300 rounded-md px-3 
py-2 text-sm"
      197 |               value={confirmPassword}
    > 198 |               onChange={e => setConfirmPassword(e.target.value)}
          |                              ^
      199 |             />
      200 |             {confirmPassword && !passwordsMatch && (
      201 |               <p className="text-sm text-red-600">Passwords do not 
match</p>

      at printWarning 
(node_modules/react-dom/cjs/react-dom.development.js:86:30)
      at error (node_modules/react-dom/cjs/react-dom.development.js:60:7)
      at warnIfUpdatesNotWrappedWithActDEV 
(node_modules/react-dom/cjs/react-dom.development.js:27628:9)
      at scheduleUpdateOnFiber 
(node_modules/react-dom/cjs/react-dom.development.js:25547:5)
      at dispatchSetState 
(node_modules/react-dom/cjs/react-dom.development.js:16708:7)
      at onChange (src/profile/index.tsx:198:30)
      at HTMLUnknownElement.callCallback 
(node_modules/react-dom/cjs/react-dom.development.js:4164:14)
      at HTMLUnknownElement.callTheUserObjectsOperation 
(node_modules/jsdom/lib/jsdom/living/generated/EventListener.js:26:30)
      at innerInvokeEventListeners 
(node_modules/jsdom/lib/jsdom/living/events/EventTarget-impl.js:350:25)
      at invokeEventListeners 
(node_modules/jsdom/lib/jsdom/living/events/EventTarget-impl.js:286:3)
      at HTMLUnknownElementImpl._dispatch 
(node_modules/jsdom/lib/jsdom/living/events/EventTarget-impl.js:233:9)
      at HTMLUnknownElementImpl.dispatchEvent 
(node_modules/jsdom/lib/jsdom/living/events/EventTarget-impl.js:104:17)
      at HTMLUnknownElement.dispatchEvent 
(node_modules/jsdom/lib/jsdom/living/generated/EventTarget.js:241:34)
      at Object.invokeGuardedCallbackDev 
(node_modules/react-dom/cjs/react-dom.development.js:4213:16)
      at invokeGuardedCallback 
(node_modules/react-dom/cjs/react-dom.development.js:4277:31)
      at invokeGuardedCallbackAndCatchFirstError 
(node_modules/react-dom/cjs/react-dom.development.js:4291:25)
      at executeDispatch 
(node_modules/react-dom/cjs/react-dom.development.js:9041:3)
      at processDispatchQueueItemsInOrder 
(node_modules/react-dom/cjs/react-dom.development.js:9073:7)
      at processDispatchQueue 
(node_modules/react-dom/cjs/react-dom.development.js:9086:5)
      at dispatchEventsForPlugins 
(node_modules/react-dom/cjs/react-dom.development.js:9097:3)
      at node_modules/react-dom/cjs/react-dom.development.js:9288:12
      at batchedUpdates$1 
(node_modules/react-dom/cjs/react-dom.development.js:26179:12)
      at batchedUpdates 
(node_modules/react-dom/cjs/react-dom.development.js:3991:12)
      at dispatchEventForPluginEventSystem 
(node_modules/react-dom/cjs/react-dom.development.js:9287:3)
      at dispatchEventWithEnableCapturePhaseSelectiveHydrationWithoutDiscreteEv
entReplay (node_modules/react-dom/cjs/react-dom.development.js:6465:5)
      at dispatchEvent 
(node_modules/react-dom/cjs/react-dom.development.js:6457:5)
      at dispatchDiscreteEvent 
(node_modules/react-dom/cjs/react-dom.development.js:6430:5)
      at HTMLDivElement.callTheUserObjectsOperation 
(node_modules/jsdom/lib/jsdom/living/generated/EventListener.js:26:30)
      at innerInvokeEventListeners 
(node_modules/jsdom/lib/jsdom/living/events/EventTarget-impl.js:350:25)
      at invokeEventListeners 
(node_modules/jsdom/lib/jsdom/living/events/EventTarget-impl.js:286:3)
      at HTMLInputElementImpl._dispatch 
(node_modules/jsdom/lib/jsdom/living/events/EventTarget-impl.js:233:9)
      at HTMLInputElementImpl.dispatchEvent 
(node_modules/jsdom/lib/jsdom/living/events/EventTarget-impl.js:104:17)
      at HTMLInputElement.dispatchEvent 
(node_modules/jsdom/lib/jsdom/living/generated/EventTarget.js:241:34)
      at 
node_modules/@testing-library/user-event/dist/cjs/event/dispatchEvent.js:45:43
      at Object.eventWrapper 
(node_modules/@testing-library/dom/dist/config.js:25:23)
      at Object.wrapEvent 
(node_modules/@testing-library/user-event/dist/cjs/event/wrapEvent.js:6:28)
      at Object.dispatchEvent (node_modules/@testing-library/user-event/dist/cj
s/event/dispatchEvent.js:45:22)
      at Object.dispatchUIEvent (node_modules/@testing-library/user-event/dist/
cjs/event/dispatchEvent.js:22:26)
      at commitInput 
(node_modules/@testing-library/user-event/dist/cjs/event/input.js:145:14)
      at editInputElement 
(node_modules/@testing-library/user-event/dist/cjs/event/input.js:115:9)
      at Object.input 
(node_modules/@testing-library/user-event/dist/cjs/event/input.js:37:9)
      at node_modules/@testing-library/user-event/dist/cjs/event/behavior/keypr
ess.js:31:26
      at Object.dispatchEvent (node_modules/@testing-library/user-event/dist/cj
s/event/dispatchEvent.js:41:13)
      at Object.dispatchUIEvent (node_modules/@testing-library/user-event/dist/
cjs/event/dispatchEvent.js:22:26)
      at KeyboardHost.keydown 
(node_modules/@testing-library/user-event/dist/cjs/system/keyboard.js:76:22)
      at keyboardAction 
(node_modules/@testing-library/user-event/dist/cjs/keyboard/index.js:22:35)
      at Object.keyboard 
(node_modules/@testing-library/user-event/dist/cjs/keyboard/index.js:11:15)
      at Object.type 
(node_modules/@testing-library/user-event/dist/cjs/utility/type.js:17:5)
      at Object.<anonymous> (src/profile/profile.test.tsx:239:9)

    console.error
      Warning: An update to ProfilePage inside a test was not wrapped in 
act(...).
      
      When testing, code that causes React state updates should be wrapped 
into act(...):
      
      act(() => {
        /* fire events that update state */
      });
      /* assert on the output */
      
      This ensures that you're testing the behavior the user would see in the 
browser. Learn more at https://reactjs.org/link/wrap-tests-with-act
          at ProfilePage 
(C:\Users\samhe\OneDrive\Desktop\Cleaned\frontend\src\profile\index.tsx:25:41)
          at basenameProp (C:\Users\samhe\OneDrive\Desktop\Cleaned\frontend\nod
e_modules\react-router\lib\components.tsx:421:13)
          at basename (C:\Users\samhe\OneDrive\Desktop\Cleaned\frontend\node_mo
dules\react-router\lib\components.tsx:225:3)

      196 |               className="border border-gray-300 rounded-md px-3 
py-2 text-sm"
      197 |               value={confirmPassword}
    > 198 |               onChange={e => setConfirmPassword(e.target.value)}
          |                              ^
      199 |             />
      200 |             {confirmPassword && !passwordsMatch && (
      201 |               <p className="text-sm text-red-600">Passwords do not 
match</p>

      at printWarning 
(node_modules/react-dom/cjs/react-dom.development.js:86:30)
      at error (node_modules/react-dom/cjs/react-dom.development.js:60:7)
      at warnIfUpdatesNotWrappedWithActDEV 
(node_modules/react-dom/cjs/react-dom.development.js:27628:9)
      at scheduleUpdateOnFiber 
(node_modules/react-dom/cjs/react-dom.development.js:25547:5)
      at dispatchSetState 
(node_modules/react-dom/cjs/react-dom.development.js:16708:7)
      at onChange (src/profile/index.tsx:198:30)
      at HTMLUnknownElement.callCallback 
(node_modules/react-dom/cjs/react-dom.development.js:4164:14)
      at HTMLUnknownElement.callTheUserObjectsOperation 
(node_modules/jsdom/lib/jsdom/living/generated/EventListener.js:26:30)
      at innerInvokeEventListeners 
(node_modules/jsdom/lib/jsdom/living/events/EventTarget-impl.js:350:25)
      at invokeEventListeners 
(node_modules/jsdom/lib/jsdom/living/events/EventTarget-impl.js:286:3)
      at HTMLUnknownElementImpl._dispatch 
(node_modules/jsdom/lib/jsdom/living/events/EventTarget-impl.js:233:9)
      at HTMLUnknownElementImpl.dispatchEvent 
(node_modules/jsdom/lib/jsdom/living/events/EventTarget-impl.js:104:17)
      at HTMLUnknownElement.dispatchEvent 
(node_modules/jsdom/lib/jsdom/living/generated/EventTarget.js:241:34)
      at Object.invokeGuardedCallbackDev 
(node_modules/react-dom/cjs/react-dom.development.js:4213:16)
      at invokeGuardedCallback 
(node_modules/react-dom/cjs/react-dom.development.js:4277:31)
      at invokeGuardedCallbackAndCatchFirstError 
(node_modules/react-dom/cjs/react-dom.development.js:4291:25)
      at executeDispatch 
(node_modules/react-dom/cjs/react-dom.development.js:9041:3)
      at processDispatchQueueItemsInOrder 
(node_modules/react-dom/cjs/react-dom.development.js:9073:7)
      at processDispatchQueue 
(node_modules/react-dom/cjs/react-dom.development.js:9086:5)
      at dispatchEventsForPlugins 
(node_modules/react-dom/cjs/react-dom.development.js:9097:3)
      at node_modules/react-dom/cjs/react-dom.development.js:9288:12
      at batchedUpdates$1 
(node_modules/react-dom/cjs/react-dom.development.js:26179:12)
      at batchedUpdates 
(node_modules/react-dom/cjs/react-dom.development.js:3991:12)
      at dispatchEventForPluginEventSystem 
(node_modules/react-dom/cjs/react-dom.development.js:9287:3)
      at dispatchEventWithEnableCapturePhaseSelectiveHydrationWithoutDiscreteEv
entReplay (node_modules/react-dom/cjs/react-dom.development.js:6465:5)
      at dispatchEvent 
(node_modules/react-dom/cjs/react-dom.development.js:6457:5)
      at dispatchDiscreteEvent 
(node_modules/react-dom/cjs/react-dom.development.js:6430:5)
      at HTMLDivElement.callTheUserObjectsOperation 
(node_modules/jsdom/lib/jsdom/living/generated/EventListener.js:26:30)
      at innerInvokeEventListeners 
(node_modules/jsdom/lib/jsdom/living/events/EventTarget-impl.js:350:25)
      at invokeEventListeners 
(node_modules/jsdom/lib/jsdom/living/events/EventTarget-impl.js:286:3)
      at HTMLInputElementImpl._dispatch 
(node_modules/jsdom/lib/jsdom/living/events/EventTarget-impl.js:233:9)
      at HTMLInputElementImpl.dispatchEvent 
(node_modules/jsdom/lib/jsdom/living/events/EventTarget-impl.js:104:17)
      at HTMLInputElement.dispatchEvent 
(node_modules/jsdom/lib/jsdom/living/generated/EventTarget.js:241:34)
      at 
node_modules/@testing-library/user-event/dist/cjs/event/dispatchEvent.js:45:43
      at Object.eventWrapper 
(node_modules/@testing-library/dom/dist/config.js:25:23)
      at Object.wrapEvent 
(node_modules/@testing-library/user-event/dist/cjs/event/wrapEvent.js:6:28)
      at Object.dispatchEvent (node_modules/@testing-library/user-event/dist/cj
s/event/dispatchEvent.js:45:22)
      at Object.dispatchUIEvent (node_modules/@testing-library/user-event/dist/
cjs/event/dispatchEvent.js:22:26)
      at commitInput 
(node_modules/@testing-library/user-event/dist/cjs/event/input.js:145:14)
      at editInputElement 
(node_modules/@testing-library/user-event/dist/cjs/event/input.js:115:9)
      at Object.input 
(node_modules/@testing-library/user-event/dist/cjs/event/input.js:37:9)
      at node_modules/@testing-library/user-event/dist/cjs/event/behavior/keypr
ess.js:31:26
      at Object.dispatchEvent (node_modules/@testing-library/user-event/dist/cj
s/event/dispatchEvent.js:41:13)
      at Object.dispatchUIEvent (node_modules/@testing-library/user-event/dist/
cjs/event/dispatchEvent.js:22:26)
      at KeyboardHost.keydown 
(node_modules/@testing-library/user-event/dist/cjs/system/keyboard.js:76:22)
      at keyboardAction 
(node_modules/@testing-library/user-event/dist/cjs/keyboard/index.js:22:35)
      at Object.keyboard 
(node_modules/@testing-library/user-event/dist/cjs/keyboard/index.js:11:15)
      at Object.type 
(node_modules/@testing-library/user-event/dist/cjs/utility/type.js:17:5)
      at Object.<anonymous> (src/profile/profile.test.tsx:239:9)

    console.error
      Warning: An update to ProfilePage inside a test was not wrapped in 
act(...).
      
      When testing, code that causes React state updates should be wrapped 
into act(...):
      
      act(() => {
        /* fire events that update state */
      });
      /* assert on the output */
      
      This ensures that you're testing the behavior the user would see in the 
browser. Learn more at https://reactjs.org/link/wrap-tests-with-act
          at ProfilePage 
(C:\Users\samhe\OneDrive\Desktop\Cleaned\frontend\src\profile\index.tsx:25:41)
          at basenameProp (C:\Users\samhe\OneDrive\Desktop\Cleaned\frontend\nod
e_modules\react-router\lib\components.tsx:421:13)
          at basename (C:\Users\samhe\OneDrive\Desktop\Cleaned\frontend\node_mo
dules\react-router\lib\components.tsx:225:3)

      196 |               className="border border-gray-300 rounded-md px-3 
py-2 text-sm"
      197 |               value={confirmPassword}
    > 198 |               onChange={e => setConfirmPassword(e.target.value)}
          |                              ^
      199 |             />
      200 |             {confirmPassword && !passwordsMatch && (
      201 |               <p className="text-sm text-red-600">Passwords do not 
match</p>

      at printWarning 
(node_modules/react-dom/cjs/react-dom.development.js:86:30)
      at error (node_modules/react-dom/cjs/react-dom.development.js:60:7)
      at warnIfUpdatesNotWrappedWithActDEV 
(node_modules/react-dom/cjs/react-dom.development.js:27628:9)
      at scheduleUpdateOnFiber 
(node_modules/react-dom/cjs/react-dom.development.js:25547:5)
      at dispatchSetState 
(node_modules/react-dom/cjs/react-dom.development.js:16708:7)
      at onChange (src/profile/index.tsx:198:30)
      at HTMLUnknownElement.callCallback 
(node_modules/react-dom/cjs/react-dom.development.js:4164:14)
      at HTMLUnknownElement.callTheUserObjectsOperation 
(node_modules/jsdom/lib/jsdom/living/generated/EventListener.js:26:30)
      at innerInvokeEventListeners 
(node_modules/jsdom/lib/jsdom/living/events/EventTarget-impl.js:350:25)
      at invokeEventListeners 
(node_modules/jsdom/lib/jsdom/living/events/EventTarget-impl.js:286:3)
      at HTMLUnknownElementImpl._dispatch 
(node_modules/jsdom/lib/jsdom/living/events/EventTarget-impl.js:233:9)
      at HTMLUnknownElementImpl.dispatchEvent 
(node_modules/jsdom/lib/jsdom/living/events/EventTarget-impl.js:104:17)
      at HTMLUnknownElement.dispatchEvent 
(node_modules/jsdom/lib/jsdom/living/generated/EventTarget.js:241:34)
      at Object.invokeGuardedCallbackDev 
(node_modules/react-dom/cjs/react-dom.development.js:4213:16)
      at invokeGuardedCallback 
(node_modules/react-dom/cjs/react-dom.development.js:4277:31)
      at invokeGuardedCallbackAndCatchFirstError 
(node_modules/react-dom/cjs/react-dom.development.js:4291:25)
      at executeDispatch 
(node_modules/react-dom/cjs/react-dom.development.js:9041:3)
      at processDispatchQueueItemsInOrder 
(node_modules/react-dom/cjs/react-dom.development.js:9073:7)
      at processDispatchQueue 
(node_modules/react-dom/cjs/react-dom.development.js:9086:5)
      at dispatchEventsForPlugins 
(node_modules/react-dom/cjs/react-dom.development.js:9097:3)
      at node_modules/react-dom/cjs/react-dom.development.js:9288:12
      at batchedUpdates$1 
(node_modules/react-dom/cjs/react-dom.development.js:26179:12)
      at batchedUpdates 
(node_modules/react-dom/cjs/react-dom.development.js:3991:12)
      at dispatchEventForPluginEventSystem 
(node_modules/react-dom/cjs/react-dom.development.js:9287:3)
      at dispatchEventWithEnableCapturePhaseSelectiveHydrationWithoutDiscreteEv
entReplay (node_modules/react-dom/cjs/react-dom.development.js:6465:5)
      at dispatchEvent 
(node_modules/react-dom/cjs/react-dom.development.js:6457:5)
      at dispatchDiscreteEvent 
(node_modules/react-dom/cjs/react-dom.development.js:6430:5)
      at HTMLDivElement.callTheUserObjectsOperation 
(node_modules/jsdom/lib/jsdom/living/generated/EventListener.js:26:30)
      at innerInvokeEventListeners 
(node_modules/jsdom/lib/jsdom/living/events/EventTarget-impl.js:350:25)
      at invokeEventListeners 
(node_modules/jsdom/lib/jsdom/living/events/EventTarget-impl.js:286:3)
      at HTMLInputElementImpl._dispatch 
(node_modules/jsdom/lib/jsdom/living/events/EventTarget-impl.js:233:9)
      at HTMLInputElementImpl.dispatchEvent 
(node_modules/jsdom/lib/jsdom/living/events/EventTarget-impl.js:104:17)
      at HTMLInputElement.dispatchEvent 
(node_modules/jsdom/lib/jsdom/living/generated/EventTarget.js:241:34)
      at 
node_modules/@testing-library/user-event/dist/cjs/event/dispatchEvent.js:45:43
      at Object.eventWrapper 
(node_modules/@testing-library/dom/dist/config.js:25:23)
      at Object.wrapEvent 
(node_modules/@testing-library/user-event/dist/cjs/event/wrapEvent.js:6:28)
      at Object.dispatchEvent (node_modules/@testing-library/user-event/dist/cj
s/event/dispatchEvent.js:45:22)
      at Object.dispatchUIEvent (node_modules/@testing-library/user-event/dist/
cjs/event/dispatchEvent.js:22:26)
      at commitInput 
(node_modules/@testing-library/user-event/dist/cjs/event/input.js:145:14)
      at editInputElement 
(node_modules/@testing-library/user-event/dist/cjs/event/input.js:115:9)
      at Object.input 
(node_modules/@testing-library/user-event/dist/cjs/event/input.js:37:9)
      at node_modules/@testing-library/user-event/dist/cjs/event/behavior/keypr
ess.js:31:26
      at Object.dispatchEvent (node_modules/@testing-library/user-event/dist/cj
s/event/dispatchEvent.js:41:13)
      at Object.dispatchUIEvent (node_modules/@testing-library/user-event/dist/
cjs/event/dispatchEvent.js:22:26)
      at KeyboardHost.keydown 
(node_modules/@testing-library/user-event/dist/cjs/system/keyboard.js:76:22)
      at keyboardAction 
(node_modules/@testing-library/user-event/dist/cjs/keyboard/index.js:22:35)
      at Object.keyboard 
(node_modules/@testing-library/user-event/dist/cjs/keyboard/index.js:11:15)
      at Object.type 
(node_modules/@testing-library/user-event/dist/cjs/utility/type.js:17:5)
      at Object.<anonymous> (src/profile/profile.test.tsx:239:9)

    console.error
      Warning: An update to ProfilePage inside a test was not wrapped in 
act(...).
      
      When testing, code that causes React state updates should be wrapped 
into act(...):
      
      act(() => {
        /* fire events that update state */
      });
      /* assert on the output */
      
      This ensures that you're testing the behavior the user would see in the 
browser. Learn more at https://reactjs.org/link/wrap-tests-with-act
          at ProfilePage 
(C:\Users\samhe\OneDrive\Desktop\Cleaned\frontend\src\profile\index.tsx:25:41)
          at basenameProp (C:\Users\samhe\OneDrive\Desktop\Cleaned\frontend\nod
e_modules\react-router\lib\components.tsx:421:13)
          at basename (C:\Users\samhe\OneDrive\Desktop\Cleaned\frontend\node_mo
dules\react-router\lib\components.tsx:225:3)

      180 |               className="border border-gray-300 rounded-md px-3 
py-2 text-sm"
      181 |               value={newPassword}
    > 182 |               onChange={e => setNewPassword(e.target.value)}
          |                              ^
      183 |             />
      184 |             <p className="text-xs text-gray-500">
      185 |               Minimum 8 characters, at least 1 uppercase letter 
and 1 number.

      at printWarning 
(node_modules/react-dom/cjs/react-dom.development.js:86:30)
      at error (node_modules/react-dom/cjs/react-dom.development.js:60:7)
      at warnIfUpdatesNotWrappedWithActDEV 
(node_modules/react-dom/cjs/react-dom.development.js:27628:9)
      at scheduleUpdateOnFiber 
(node_modules/react-dom/cjs/react-dom.development.js:25547:5)
      at dispatchSetState 
(node_modules/react-dom/cjs/react-dom.development.js:16708:7)
      at onChange (src/profile/index.tsx:182:30)
      at HTMLUnknownElement.callCallback 
(node_modules/react-dom/cjs/react-dom.development.js:4164:14)
      at HTMLUnknownElement.callTheUserObjectsOperation 
(node_modules/jsdom/lib/jsdom/living/generated/EventListener.js:26:30)
      at innerInvokeEventListeners 
(node_modules/jsdom/lib/jsdom/living/events/EventTarget-impl.js:350:25)
      at invokeEventListeners 
(node_modules/jsdom/lib/jsdom/living/events/EventTarget-impl.js:286:3)
      at HTMLUnknownElementImpl._dispatch 
(node_modules/jsdom/lib/jsdom/living/events/EventTarget-impl.js:233:9)
      at HTMLUnknownElementImpl.dispatchEvent 
(node_modules/jsdom/lib/jsdom/living/events/EventTarget-impl.js:104:17)
      at HTMLUnknownElement.dispatchEvent 
(node_modules/jsdom/lib/jsdom/living/generated/EventTarget.js:241:34)
      at Object.invokeGuardedCallbackDev 
(node_modules/react-dom/cjs/react-dom.development.js:4213:16)
      at invokeGuardedCallback 
(node_modules/react-dom/cjs/react-dom.development.js:4277:31)
      at invokeGuardedCallbackAndCatchFirstError 
(node_modules/react-dom/cjs/react-dom.development.js:4291:25)
      at executeDispatch 
(node_modules/react-dom/cjs/react-dom.development.js:9041:3)
      at processDispatchQueueItemsInOrder 
(node_modules/react-dom/cjs/react-dom.development.js:9073:7)
      at processDispatchQueue 
(node_modules/react-dom/cjs/react-dom.development.js:9086:5)
      at dispatchEventsForPlugins 
(node_modules/react-dom/cjs/react-dom.development.js:9097:3)
      at node_modules/react-dom/cjs/react-dom.development.js:9288:12
      at batchedUpdates$1 
(node_modules/react-dom/cjs/react-dom.development.js:26179:12)
      at batchedUpdates 
(node_modules/react-dom/cjs/react-dom.development.js:3991:12)
      at dispatchEventForPluginEventSystem 
(node_modules/react-dom/cjs/react-dom.development.js:9287:3)
      at dispatchEventWithEnableCapturePhaseSelectiveHydrationWithoutDiscreteEv
entReplay (node_modules/react-dom/cjs/react-dom.development.js:6465:5)
      at dispatchEvent 
(node_modules/react-dom/cjs/react-dom.development.js:6457:5)
      at dispatchDiscreteEvent 
(node_modules/react-dom/cjs/react-dom.development.js:6430:5)
      at HTMLDivElement.callTheUserObjectsOperation 
(node_modules/jsdom/lib/jsdom/living/generated/EventListener.js:26:30)
      at innerInvokeEventListeners 
(node_modules/jsdom/lib/jsdom/living/events/EventTarget-impl.js:350:25)
      at invokeEventListeners 
(node_modules/jsdom/lib/jsdom/living/events/EventTarget-impl.js:286:3)
      at HTMLInputElementImpl._dispatch 
(node_modules/jsdom/lib/jsdom/living/events/EventTarget-impl.js:233:9)
      at HTMLInputElementImpl.dispatchEvent 
(node_modules/jsdom/lib/jsdom/living/events/EventTarget-impl.js:104:17)
      at HTMLInputElement.dispatchEvent 
(node_modules/jsdom/lib/jsdom/living/generated/EventTarget.js:241:34)
      at 
node_modules/@testing-library/user-event/dist/cjs/event/dispatchEvent.js:45:43
      at Object.eventWrapper 
(node_modules/@testing-library/dom/dist/config.js:25:23)
      at Object.wrapEvent 
(node_modules/@testing-library/user-event/dist/cjs/event/wrapEvent.js:6:28)
      at Object.dispatchEvent (node_modules/@testing-library/user-event/dist/cj
s/event/dispatchEvent.js:45:22)
      at Object.dispatchUIEvent (node_modules/@testing-library/user-event/dist/
cjs/event/dispatchEvent.js:22:26)
      at commitInput 
(node_modules/@testing-library/user-event/dist/cjs/event/input.js:145:14)
      at editInputElement 
(node_modules/@testing-library/user-event/dist/cjs/event/input.js:115:9)
      at Object.input 
(node_modules/@testing-library/user-event/dist/cjs/event/input.js:37:9)
      at node_modules/@testing-library/user-event/dist/cjs/event/behavior/keypr
ess.js:31:26
      at Object.dispatchEvent (node_modules/@testing-library/user-event/dist/cj
s/event/dispatchEvent.js:41:13)
      at Object.dispatchUIEvent (node_modules/@testing-library/user-event/dist/
cjs/event/dispatchEvent.js:22:26)
      at KeyboardHost.keydown 
(node_modules/@testing-library/user-event/dist/cjs/system/keyboard.js:76:22)
      at keyboardAction 
(node_modules/@testing-library/user-event/dist/cjs/keyboard/index.js:22:35)
      at Object.keyboard 
(node_modules/@testing-library/user-event/dist/cjs/keyboard/index.js:11:15)
      at Object.type 
(node_modules/@testing-library/user-event/dist/cjs/utility/type.js:17:5)
      at Object.<anonymous> (src/profile/profile.test.tsx:250:9)

    console.error
      Warning: An update to ProfilePage inside a test was not wrapped in 
act(...).
      
      When testing, code that causes React state updates should be wrapped 
into act(...):
      
      act(() => {
        /* fire events that update state */
      });
      /* assert on the output */
      
      This ensures that you're testing the behavior the user would see in the 
browser. Learn more at https://reactjs.org/link/wrap-tests-with-act
          at ProfilePage 
(C:\Users\samhe\OneDrive\Desktop\Cleaned\frontend\src\profile\index.tsx:25:41)
          at basenameProp (C:\Users\samhe\OneDrive\Desktop\Cleaned\frontend\nod
e_modules\react-router\lib\components.tsx:421:13)
          at basename (C:\Users\samhe\OneDrive\Desktop\Cleaned\frontend\node_mo
dules\react-router\lib\components.tsx:225:3)

      180 |               className="border border-gray-300 rounded-md px-3 
py-2 text-sm"
      181 |               value={newPassword}
    > 182 |               onChange={e => setNewPassword(e.target.value)}
          |                              ^
      183 |             />
      184 |             <p className="text-xs text-gray-500">
      185 |               Minimum 8 characters, at least 1 uppercase letter 
and 1 number.

      at printWarning 
(node_modules/react-dom/cjs/react-dom.development.js:86:30)
      at error (node_modules/react-dom/cjs/react-dom.development.js:60:7)
      at warnIfUpdatesNotWrappedWithActDEV 
(node_modules/react-dom/cjs/react-dom.development.js:27628:9)
      at scheduleUpdateOnFiber 
(node_modules/react-dom/cjs/react-dom.development.js:25547:5)
      at dispatchSetState 
(node_modules/react-dom/cjs/react-dom.development.js:16708:7)
      at onChange (src/profile/index.tsx:182:30)
      at HTMLUnknownElement.callCallback 
(node_modules/react-dom/cjs/react-dom.development.js:4164:14)
      at HTMLUnknownElement.callTheUserObjectsOperation 
(node_modules/jsdom/lib/jsdom/living/generated/EventListener.js:26:30)
      at innerInvokeEventListeners 
(node_modules/jsdom/lib/jsdom/living/events/EventTarget-impl.js:350:25)
      at invokeEventListeners 
(node_modules/jsdom/lib/jsdom/living/events/EventTarget-impl.js:286:3)
      at HTMLUnknownElementImpl._dispatch 
(node_modules/jsdom/lib/jsdom/living/events/EventTarget-impl.js:233:9)
      at HTMLUnknownElementImpl.dispatchEvent 
(node_modules/jsdom/lib/jsdom/living/events/EventTarget-impl.js:104:17)
      at HTMLUnknownElement.dispatchEvent 
(node_modules/jsdom/lib/jsdom/living/generated/EventTarget.js:241:34)
      at Object.invokeGuardedCallbackDev 
(node_modules/react-dom/cjs/react-dom.development.js:4213:16)
      at invokeGuardedCallback 
(node_modules/react-dom/cjs/react-dom.development.js:4277:31)
      at invokeGuardedCallbackAndCatchFirstError 
(node_modules/react-dom/cjs/react-dom.development.js:4291:25)
      at executeDispatch 
(node_modules/react-dom/cjs/react-dom.development.js:9041:3)
      at processDispatchQueueItemsInOrder 
(node_modules/react-dom/cjs/react-dom.development.js:9073:7)
      at processDispatchQueue 
(node_modules/react-dom/cjs/react-dom.development.js:9086:5)
      at dispatchEventsForPlugins 
(node_modules/react-dom/cjs/react-dom.development.js:9097:3)
      at node_modules/react-dom/cjs/react-dom.development.js:9288:12
      at batchedUpdates$1 
(node_modules/react-dom/cjs/react-dom.development.js:26179:12)
      at batchedUpdates 
(node_modules/react-dom/cjs/react-dom.development.js:3991:12)
      at dispatchEventForPluginEventSystem 
(node_modules/react-dom/cjs/react-dom.development.js:9287:3)
      at dispatchEventWithEnableCapturePhaseSelectiveHydrationWithoutDiscreteEv
entReplay (node_modules/react-dom/cjs/react-dom.development.js:6465:5)
      at dispatchEvent 
(node_modules/react-dom/cjs/react-dom.development.js:6457:5)
      at dispatchDiscreteEvent 
(node_modules/react-dom/cjs/react-dom.development.js:6430:5)
      at HTMLDivElement.callTheUserObjectsOperation 
(node_modules/jsdom/lib/jsdom/living/generated/EventListener.js:26:30)
      at innerInvokeEventListeners 
(node_modules/jsdom/lib/jsdom/living/events/EventTarget-impl.js:350:25)
      at invokeEventListeners 
(node_modules/jsdom/lib/jsdom/living/events/EventTarget-impl.js:286:3)
      at HTMLInputElementImpl._dispatch 
(node_modules/jsdom/lib/jsdom/living/events/EventTarget-impl.js:233:9)
      at HTMLInputElementImpl.dispatchEvent 
(node_modules/jsdom/lib/jsdom/living/events/EventTarget-impl.js:104:17)
      at HTMLInputElement.dispatchEvent 
(node_modules/jsdom/lib/jsdom/living/generated/EventTarget.js:241:34)
      at 
node_modules/@testing-library/user-event/dist/cjs/event/dispatchEvent.js:45:43
      at Object.eventWrapper 
(node_modules/@testing-library/dom/dist/config.js:25:23)
      at Object.wrapEvent 
(node_modules/@testing-library/user-event/dist/cjs/event/wrapEvent.js:6:28)
      at Object.dispatchEvent (node_modules/@testing-library/user-event/dist/cj
s/event/dispatchEvent.js:45:22)
      at Object.dispatchUIEvent (node_modules/@testing-library/user-event/dist/
cjs/event/dispatchEvent.js:22:26)
      at commitInput 
(node_modules/@testing-library/user-event/dist/cjs/event/input.js:145:14)
      at editInputElement 
(node_modules/@testing-library/user-event/dist/cjs/event/input.js:115:9)
      at Object.input 
(node_modules/@testing-library/user-event/dist/cjs/event/input.js:37:9)
      at node_modules/@testing-library/user-event/dist/cjs/event/behavior/keypr
ess.js:31:26
      at Object.dispatchEvent (node_modules/@testing-library/user-event/dist/cj
s/event/dispatchEvent.js:41:13)
      at Object.dispatchUIEvent (node_modules/@testing-library/user-event/dist/
cjs/event/dispatchEvent.js:22:26)
      at KeyboardHost.keydown 
(node_modules/@testing-library/user-event/dist/cjs/system/keyboard.js:76:22)
      at keyboardAction 
(node_modules/@testing-library/user-event/dist/cjs/keyboard/index.js:22:35)
      at Object.keyboard 
(node_modules/@testing-library/user-event/dist/cjs/keyboard/index.js:11:15)
      at Object.type 
(node_modules/@testing-library/user-event/dist/cjs/utility/type.js:17:5)
      at Object.<anonymous> (src/profile/profile.test.tsx:250:9)

    console.error
      Warning: An update to ProfilePage inside a test was not wrapped in 
act(...).
      
      When testing, code that causes React state updates should be wrapped 
into act(...):
      
      act(() => {
        /* fire events that update state */
      });
      /* assert on the output */
      
      This ensures that you're testing the behavior the user would see in the 
browser. Learn more at https://reactjs.org/link/wrap-tests-with-act
          at ProfilePage 
(C:\Users\samhe\OneDrive\Desktop\Cleaned\frontend\src\profile\index.tsx:25:41)
          at basenameProp (C:\Users\samhe\OneDrive\Desktop\Cleaned\frontend\nod
e_modules\react-router\lib\components.tsx:421:13)
          at basename (C:\Users\samhe\OneDrive\Desktop\Cleaned\frontend\node_mo
dules\react-router\lib\components.tsx:225:3)

      180 |               className="border border-gray-300 rounded-md px-3 
py-2 text-sm"
      181 |               value={newPassword}
    > 182 |               onChange={e => setNewPassword(e.target.value)}
          |                              ^
      183 |             />
      184 |             <p className="text-xs text-gray-500">
      185 |               Minimum 8 characters, at least 1 uppercase letter 
and 1 number.

      at printWarning 
(node_modules/react-dom/cjs/react-dom.development.js:86:30)
      at error (node_modules/react-dom/cjs/react-dom.development.js:60:7)
      at warnIfUpdatesNotWrappedWithActDEV 
(node_modules/react-dom/cjs/react-dom.development.js:27628:9)
      at scheduleUpdateOnFiber 
(node_modules/react-dom/cjs/react-dom.development.js:25547:5)
      at dispatchSetState 
(node_modules/react-dom/cjs/react-dom.development.js:16708:7)
      at onChange (src/profile/index.tsx:182:30)
      at HTMLUnknownElement.callCallback 
(node_modules/react-dom/cjs/react-dom.development.js:4164:14)
      at HTMLUnknownElement.callTheUserObjectsOperation 
(node_modules/jsdom/lib/jsdom/living/generated/EventListener.js:26:30)
      at innerInvokeEventListeners 
(node_modules/jsdom/lib/jsdom/living/events/EventTarget-impl.js:350:25)
      at invokeEventListeners 
(node_modules/jsdom/lib/jsdom/living/events/EventTarget-impl.js:286:3)
      at HTMLUnknownElementImpl._dispatch 
(node_modules/jsdom/lib/jsdom/living/events/EventTarget-impl.js:233:9)
      at HTMLUnknownElementImpl.dispatchEvent 
(node_modules/jsdom/lib/jsdom/living/events/EventTarget-impl.js:104:17)
      at HTMLUnknownElement.dispatchEvent 
(node_modules/jsdom/lib/jsdom/living/generated/EventTarget.js:241:34)
      at Object.invokeGuardedCallbackDev 
(node_modules/react-dom/cjs/react-dom.development.js:4213:16)
      at invokeGuardedCallback 
(node_modules/react-dom/cjs/react-dom.development.js:4277:31)
      at invokeGuardedCallbackAndCatchFirstError 
(node_modules/react-dom/cjs/react-dom.development.js:4291:25)
      at executeDispatch 
(node_modules/react-dom/cjs/react-dom.development.js:9041:3)
      at processDispatchQueueItemsInOrder 
(node_modules/react-dom/cjs/react-dom.development.js:9073:7)
      at processDispatchQueue 
(node_modules/react-dom/cjs/react-dom.development.js:9086:5)
      at dispatchEventsForPlugins 
(node_modules/react-dom/cjs/react-dom.development.js:9097:3)
      at node_modules/react-dom/cjs/react-dom.development.js:9288:12
      at batchedUpdates$1 
(node_modules/react-dom/cjs/react-dom.development.js:26179:12)
      at batchedUpdates 
(node_modules/react-dom/cjs/react-dom.development.js:3991:12)
      at dispatchEventForPluginEventSystem 
(node_modules/react-dom/cjs/react-dom.development.js:9287:3)
      at dispatchEventWithEnableCapturePhaseSelectiveHydrationWithoutDiscreteEv
entReplay (node_modules/react-dom/cjs/react-dom.development.js:6465:5)
      at dispatchEvent 
(node_modules/react-dom/cjs/react-dom.development.js:6457:5)
      at dispatchDiscreteEvent 
(node_modules/react-dom/cjs/react-dom.development.js:6430:5)
      at HTMLDivElement.callTheUserObjectsOperation 
(node_modules/jsdom/lib/jsdom/living/generated/EventListener.js:26:30)
      at innerInvokeEventListeners 
(node_modules/jsdom/lib/jsdom/living/events/EventTarget-impl.js:350:25)
      at invokeEventListeners 
(node_modules/jsdom/lib/jsdom/living/events/EventTarget-impl.js:286:3)
      at HTMLInputElementImpl._dispatch 
(node_modules/jsdom/lib/jsdom/living/events/EventTarget-impl.js:233:9)
      at HTMLInputElementImpl.dispatchEvent 
(node_modules/jsdom/lib/jsdom/living/events/EventTarget-impl.js:104:17)
      at HTMLInputElement.dispatchEvent 
(node_modules/jsdom/lib/jsdom/living/generated/EventTarget.js:241:34)
      at 
node_modules/@testing-library/user-event/dist/cjs/event/dispatchEvent.js:45:43
      at Object.eventWrapper 
(node_modules/@testing-library/dom/dist/config.js:25:23)
      at Object.wrapEvent 
(node_modules/@testing-library/user-event/dist/cjs/event/wrapEvent.js:6:28)
      at Object.dispatchEvent (node_modules/@testing-library/user-event/dist/cj
s/event/dispatchEvent.js:45:22)
      at Object.dispatchUIEvent (node_modules/@testing-library/user-event/dist/
cjs/event/dispatchEvent.js:22:26)
      at commitInput 
(node_modules/@testing-library/user-event/dist/cjs/event/input.js:145:14)
      at editInputElement 
(node_modules/@testing-library/user-event/dist/cjs/event/input.js:115:9)
      at Object.input 
(node_modules/@testing-library/user-event/dist/cjs/event/input.js:37:9)
      at node_modules/@testing-library/user-event/dist/cjs/event/behavior/keypr
ess.js:31:26
      at Object.dispatchEvent (node_modules/@testing-library/user-event/dist/cj
s/event/dispatchEvent.js:41:13)
      at Object.dispatchUIEvent (node_modules/@testing-library/user-event/dist/
cjs/event/dispatchEvent.js:22:26)
      at KeyboardHost.keydown 
(node_modules/@testing-library/user-event/dist/cjs/system/keyboard.js:76:22)
      at keyboardAction 
(node_modules/@testing-library/user-event/dist/cjs/keyboard/index.js:22:35)
      at Object.keyboard 
(node_modules/@testing-library/user-event/dist/cjs/keyboard/index.js:11:15)
      at Object.type 
(node_modules/@testing-library/user-event/dist/cjs/utility/type.js:17:5)
      at Object.<anonymous> (src/profile/profile.test.tsx:250:9)

    console.error
      Warning: An update to ProfilePage inside a test was not wrapped in 
act(...).
      
      When testing, code that causes React state updates should be wrapped 
into act(...):
      
      act(() => {
        /* fire events that update state */
      });
      /* assert on the output */
      
      This ensures that you're testing the behavior the user would see in the 
browser. Learn more at https://reactjs.org/link/wrap-tests-with-act
          at ProfilePage 
(C:\Users\samhe\OneDrive\Desktop\Cleaned\frontend\src\profile\index.tsx:25:41)
          at basenameProp (C:\Users\samhe\OneDrive\Desktop\Cleaned\frontend\nod
e_modules\react-router\lib\components.tsx:421:13)
          at basename (C:\Users\samhe\OneDrive\Desktop\Cleaned\frontend\node_mo
dules\react-router\lib\components.tsx:225:3)

      180 |               className="border border-gray-300 rounded-md px-3 
py-2 text-sm"
      181 |               value={newPassword}
    > 182 |               onChange={e => setNewPassword(e.target.value)}
          |                              ^
      183 |             />
      184 |             <p className="text-xs text-gray-500">
      185 |               Minimum 8 characters, at least 1 uppercase letter 
and 1 number.

      at printWarning 
(node_modules/react-dom/cjs/react-dom.development.js:86:30)
      at error (node_modules/react-dom/cjs/react-dom.development.js:60:7)
      at warnIfUpdatesNotWrappedWithActDEV 
(node_modules/react-dom/cjs/react-dom.development.js:27628:9)
      at scheduleUpdateOnFiber 
(node_modules/react-dom/cjs/react-dom.development.js:25547:5)
      at dispatchSetState 
(node_modules/react-dom/cjs/react-dom.development.js:16708:7)
      at onChange (src/profile/index.tsx:182:30)
      at HTMLUnknownElement.callCallback 
(node_modules/react-dom/cjs/react-dom.development.js:4164:14)
      at HTMLUnknownElement.callTheUserObjectsOperation 
(node_modules/jsdom/lib/jsdom/living/generated/EventListener.js:26:30)
      at innerInvokeEventListeners 
(node_modules/jsdom/lib/jsdom/living/events/EventTarget-impl.js:350:25)
      at invokeEventListeners 
(node_modules/jsdom/lib/jsdom/living/events/EventTarget-impl.js:286:3)
      at HTMLUnknownElementImpl._dispatch 
(node_modules/jsdom/lib/jsdom/living/events/EventTarget-impl.js:233:9)
      at HTMLUnknownElementImpl.dispatchEvent 
(node_modules/jsdom/lib/jsdom/living/events/EventTarget-impl.js:104:17)
      at HTMLUnknownElement.dispatchEvent 
(node_modules/jsdom/lib/jsdom/living/generated/EventTarget.js:241:34)
      at Object.invokeGuardedCallbackDev 
(node_modules/react-dom/cjs/react-dom.development.js:4213:16)
      at invokeGuardedCallback 
(node_modules/react-dom/cjs/react-dom.development.js:4277:31)
      at invokeGuardedCallbackAndCatchFirstError 
(node_modules/react-dom/cjs/react-dom.development.js:4291:25)
      at executeDispatch 
(node_modules/react-dom/cjs/react-dom.development.js:9041:3)
      at processDispatchQueueItemsInOrder 
(node_modules/react-dom/cjs/react-dom.development.js:9073:7)
      at processDispatchQueue 
(node_modules/react-dom/cjs/react-dom.development.js:9086:5)
      at dispatchEventsForPlugins 
(node_modules/react-dom/cjs/react-dom.development.js:9097:3)
      at node_modules/react-dom/cjs/react-dom.development.js:9288:12
      at batchedUpdates$1 
(node_modules/react-dom/cjs/react-dom.development.js:26179:12)
      at batchedUpdates 
(node_modules/react-dom/cjs/react-dom.development.js:3991:12)
      at dispatchEventForPluginEventSystem 
(node_modules/react-dom/cjs/react-dom.development.js:9287:3)
      at dispatchEventWithEnableCapturePhaseSelectiveHydrationWithoutDiscreteEv
entReplay (node_modules/react-dom/cjs/react-dom.development.js:6465:5)
      at dispatchEvent 
(node_modules/react-dom/cjs/react-dom.development.js:6457:5)
      at dispatchDiscreteEvent 
(node_modules/react-dom/cjs/react-dom.development.js:6430:5)
      at HTMLDivElement.callTheUserObjectsOperation 
(node_modules/jsdom/lib/jsdom/living/generated/EventListener.js:26:30)
      at innerInvokeEventListeners 
(node_modules/jsdom/lib/jsdom/living/events/EventTarget-impl.js:350:25)
      at invokeEventListeners 
(node_modules/jsdom/lib/jsdom/living/events/EventTarget-impl.js:286:3)
      at HTMLInputElementImpl._dispatch 
(node_modules/jsdom/lib/jsdom/living/events/EventTarget-impl.js:233:9)
      at HTMLInputElementImpl.dispatchEvent 
(node_modules/jsdom/lib/jsdom/living/events/EventTarget-impl.js:104:17)
      at HTMLInputElement.dispatchEvent 
(node_modules/jsdom/lib/jsdom/living/generated/EventTarget.js:241:34)
      at 
node_modules/@testing-library/user-event/dist/cjs/event/dispatchEvent.js:45:43
      at Object.eventWrapper 
(node_modules/@testing-library/dom/dist/config.js:25:23)
      at Object.wrapEvent 
(node_modules/@testing-library/user-event/dist/cjs/event/wrapEvent.js:6:28)
      at Object.dispatchEvent (node_modules/@testing-library/user-event/dist/cj
s/event/dispatchEvent.js:45:22)
      at Object.dispatchUIEvent (node_modules/@testing-library/user-event/dist/
cjs/event/dispatchEvent.js:22:26)
      at commitInput 
(node_modules/@testing-library/user-event/dist/cjs/event/input.js:145:14)
      at editInputElement 
(node_modules/@testing-library/user-event/dist/cjs/event/input.js:115:9)
      at Object.input 
(node_modules/@testing-library/user-event/dist/cjs/event/input.js:37:9)
      at node_modules/@testing-library/user-event/dist/cjs/event/behavior/keypr
ess.js:31:26
      at Object.dispatchEvent (node_modules/@testing-library/user-event/dist/cj
s/event/dispatchEvent.js:41:13)
      at Object.dispatchUIEvent (node_modules/@testing-library/user-event/dist/
cjs/event/dispatchEvent.js:22:26)
      at KeyboardHost.keydown 
(node_modules/@testing-library/user-event/dist/cjs/system/keyboard.js:76:22)
      at keyboardAction 
(node_modules/@testing-library/user-event/dist/cjs/keyboard/index.js:22:35)
      at Object.keyboard 
(node_modules/@testing-library/user-event/dist/cjs/keyboard/index.js:11:15)
      at Object.type 
(node_modules/@testing-library/user-event/dist/cjs/utility/type.js:17:5)
      at Object.<anonymous> (src/profile/profile.test.tsx:250:9)

    console.error
      Warning: An update to ProfilePage inside a test was not wrapped in 
act(...).
      
      When testing, code that causes React state updates should be wrapped 
into act(...):
      
      act(() => {
        /* fire events that update state */
      });
      /* assert on the output */
      
      This ensures that you're testing the behavior the user would see in the 
browser. Learn more at https://reactjs.org/link/wrap-tests-with-act
          at ProfilePage 
(C:\Users\samhe\OneDrive\Desktop\Cleaned\frontend\src\profile\index.tsx:25:41)
          at basenameProp (C:\Users\samhe\OneDrive\Desktop\Cleaned\frontend\nod
e_modules\react-router\lib\components.tsx:421:13)
          at basename (C:\Users\samhe\OneDrive\Desktop\Cleaned\frontend\node_mo
dules\react-router\lib\components.tsx:225:3)

      180 |               className="border border-gray-300 rounded-md px-3 
py-2 text-sm"
      181 |               value={newPassword}
    > 182 |               onChange={e => setNewPassword(e.target.value)}
          |                              ^
      183 |             />
      184 |             <p className="text-xs text-gray-500">
      185 |               Minimum 8 characters, at least 1 uppercase letter 
and 1 number.

      at printWarning 
(node_modules/react-dom/cjs/react-dom.development.js:86:30)
      at error (node_modules/react-dom/cjs/react-dom.development.js:60:7)
      at warnIfUpdatesNotWrappedWithActDEV 
(node_modules/react-dom/cjs/react-dom.development.js:27628:9)
      at scheduleUpdateOnFiber 
(node_modules/react-dom/cjs/react-dom.development.js:25547:5)
      at dispatchSetState 
(node_modules/react-dom/cjs/react-dom.development.js:16708:7)
      at onChange (src/profile/index.tsx:182:30)
      at HTMLUnknownElement.callCallback 
(node_modules/react-dom/cjs/react-dom.development.js:4164:14)
      at HTMLUnknownElement.callTheUserObjectsOperation 
(node_modules/jsdom/lib/jsdom/living/generated/EventListener.js:26:30)
      at innerInvokeEventListeners 
(node_modules/jsdom/lib/jsdom/living/events/EventTarget-impl.js:350:25)
      at invokeEventListeners 
(node_modules/jsdom/lib/jsdom/living/events/EventTarget-impl.js:286:3)
      at HTMLUnknownElementImpl._dispatch 
(node_modules/jsdom/lib/jsdom/living/events/EventTarget-impl.js:233:9)
      at HTMLUnknownElementImpl.dispatchEvent 
(node_modules/jsdom/lib/jsdom/living/events/EventTarget-impl.js:104:17)
      at HTMLUnknownElement.dispatchEvent 
(node_modules/jsdom/lib/jsdom/living/generated/EventTarget.js:241:34)
      at Object.invokeGuardedCallbackDev 
(node_modules/react-dom/cjs/react-dom.development.js:4213:16)
      at invokeGuardedCallback 
(node_modules/react-dom/cjs/react-dom.development.js:4277:31)
      at invokeGuardedCallbackAndCatchFirstError 
(node_modules/react-dom/cjs/react-dom.development.js:4291:25)
      at executeDispatch 
(node_modules/react-dom/cjs/react-dom.development.js:9041:3)
      at processDispatchQueueItemsInOrder 
(node_modules/react-dom/cjs/react-dom.development.js:9073:7)
      at processDispatchQueue 
(node_modules/react-dom/cjs/react-dom.development.js:9086:5)
      at dispatchEventsForPlugins 
(node_modules/react-dom/cjs/react-dom.development.js:9097:3)
      at node_modules/react-dom/cjs/react-dom.development.js:9288:12
      at batchedUpdates$1 
(node_modules/react-dom/cjs/react-dom.development.js:26179:12)
      at batchedUpdates 
(node_modules/react-dom/cjs/react-dom.development.js:3991:12)
      at dispatchEventForPluginEventSystem 
(node_modules/react-dom/cjs/react-dom.development.js:9287:3)
      at dispatchEventWithEnableCapturePhaseSelectiveHydrationWithoutDiscreteEv
entReplay (node_modules/react-dom/cjs/react-dom.development.js:6465:5)
      at dispatchEvent 
(node_modules/react-dom/cjs/react-dom.development.js:6457:5)
      at dispatchDiscreteEvent 
(node_modules/react-dom/cjs/react-dom.development.js:6430:5)
      at HTMLDivElement.callTheUserObjectsOperation 
(node_modules/jsdom/lib/jsdom/living/generated/EventListener.js:26:30)
      at innerInvokeEventListeners 
(node_modules/jsdom/lib/jsdom/living/events/EventTarget-impl.js:350:25)
      at invokeEventListeners 
(node_modules/jsdom/lib/jsdom/living/events/EventTarget-impl.js:286:3)
      at HTMLInputElementImpl._dispatch 
(node_modules/jsdom/lib/jsdom/living/events/EventTarget-impl.js:233:9)
      at HTMLInputElementImpl.dispatchEvent 
(node_modules/jsdom/lib/jsdom/living/events/EventTarget-impl.js:104:17)
      at HTMLInputElement.dispatchEvent 
(node_modules/jsdom/lib/jsdom/living/generated/EventTarget.js:241:34)
      at 
node_modules/@testing-library/user-event/dist/cjs/event/dispatchEvent.js:45:43
      at Object.eventWrapper 
(node_modules/@testing-library/dom/dist/config.js:25:23)
      at Object.wrapEvent 
(node_modules/@testing-library/user-event/dist/cjs/event/wrapEvent.js:6:28)
      at Object.dispatchEvent (node_modules/@testing-library/user-event/dist/cj
s/event/dispatchEvent.js:45:22)
      at Object.dispatchUIEvent (node_modules/@testing-library/user-event/dist/
cjs/event/dispatchEvent.js:22:26)
      at commitInput 
(node_modules/@testing-library/user-event/dist/cjs/event/input.js:145:14)
      at editInputElement 
(node_modules/@testing-library/user-event/dist/cjs/event/input.js:115:9)
      at Object.input 
(node_modules/@testing-library/user-event/dist/cjs/event/input.js:37:9)
      at node_modules/@testing-library/user-event/dist/cjs/event/behavior/keypr
ess.js:31:26
      at Object.dispatchEvent (node_modules/@testing-library/user-event/dist/cj
s/event/dispatchEvent.js:41:13)
      at Object.dispatchUIEvent (node_modules/@testing-library/user-event/dist/
cjs/event/dispatchEvent.js:22:26)
      at KeyboardHost.keydown 
(node_modules/@testing-library/user-event/dist/cjs/system/keyboard.js:76:22)
      at keyboardAction 
(node_modules/@testing-library/user-event/dist/cjs/keyboard/index.js:22:35)
      at Object.keyboard 
(node_modules/@testing-library/user-event/dist/cjs/keyboard/index.js:11:15)
      at Object.type 
(node_modules/@testing-library/user-event/dist/cjs/utility/type.js:17:5)
      at Object.<anonymous> (src/profile/profile.test.tsx:250:9)

    console.error
      Warning: An update to ProfilePage inside a test was not wrapped in 
act(...).
      
      When testing, code that causes React state updates should be wrapped 
into act(...):
      
      act(() => {
        /* fire events that update state */
      });
      /* assert on the output */
      
      This ensures that you're testing the behavior the user would see in the 
browser. Learn more at https://reactjs.org/link/wrap-tests-with-act
          at ProfilePage 
(C:\Users\samhe\OneDrive\Desktop\Cleaned\frontend\src\profile\index.tsx:25:41)
          at basenameProp (C:\Users\samhe\OneDrive\Desktop\Cleaned\frontend\nod
e_modules\react-router\lib\components.tsx:421:13)
          at basename (C:\Users\samhe\OneDrive\Desktop\Cleaned\frontend\node_mo
dules\react-router\lib\components.tsx:225:3)

      180 |               className="border border-gray-300 rounded-md px-3 
py-2 text-sm"
      181 |               value={newPassword}
    > 182 |               onChange={e => setNewPassword(e.target.value)}
          |                              ^
      183 |             />
      184 |             <p className="text-xs text-gray-500">
      185 |               Minimum 8 characters, at least 1 uppercase letter 
and 1 number.

      at printWarning 
(node_modules/react-dom/cjs/react-dom.development.js:86:30)
      at error (node_modules/react-dom/cjs/react-dom.development.js:60:7)
      at warnIfUpdatesNotWrappedWithActDEV 
(node_modules/react-dom/cjs/react-dom.development.js:27628:9)
      at scheduleUpdateOnFiber 
(node_modules/react-dom/cjs/react-dom.development.js:25547:5)
      at dispatchSetState 
(node_modules/react-dom/cjs/react-dom.development.js:16708:7)
      at onChange (src/profile/index.tsx:182:30)
      at HTMLUnknownElement.callCallback 
(node_modules/react-dom/cjs/react-dom.development.js:4164:14)
      at HTMLUnknownElement.callTheUserObjectsOperation 
(node_modules/jsdom/lib/jsdom/living/generated/EventListener.js:26:30)
      at innerInvokeEventListeners 
(node_modules/jsdom/lib/jsdom/living/events/EventTarget-impl.js:350:25)
      at invokeEventListeners 
(node_modules/jsdom/lib/jsdom/living/events/EventTarget-impl.js:286:3)
      at HTMLUnknownElementImpl._dispatch 
(node_modules/jsdom/lib/jsdom/living/events/EventTarget-impl.js:233:9)
      at HTMLUnknownElementImpl.dispatchEvent 
(node_modules/jsdom/lib/jsdom/living/events/EventTarget-impl.js:104:17)
      at HTMLUnknownElement.dispatchEvent 
(node_modules/jsdom/lib/jsdom/living/generated/EventTarget.js:241:34)
      at Object.invokeGuardedCallbackDev 
(node_modules/react-dom/cjs/react-dom.development.js:4213:16)
      at invokeGuardedCallback 
(node_modules/react-dom/cjs/react-dom.development.js:4277:31)
      at invokeGuardedCallbackAndCatchFirstError 
(node_modules/react-dom/cjs/react-dom.development.js:4291:25)
      at executeDispatch 
(node_modules/react-dom/cjs/react-dom.development.js:9041:3)
      at processDispatchQueueItemsInOrder 
(node_modules/react-dom/cjs/react-dom.development.js:9073:7)
      at processDispatchQueue 
(node_modules/react-dom/cjs/react-dom.development.js:9086:5)
      at dispatchEventsForPlugins 
(node_modules/react-dom/cjs/react-dom.development.js:9097:3)
      at node_modules/react-dom/cjs/react-dom.development.js:9288:12
      at batchedUpdates$1 
(node_modules/react-dom/cjs/react-dom.development.js:26179:12)
      at batchedUpdates 
(node_modules/react-dom/cjs/react-dom.development.js:3991:12)
      at dispatchEventForPluginEventSystem 
(node_modules/react-dom/cjs/react-dom.development.js:9287:3)
      at dispatchEventWithEnableCapturePhaseSelectiveHydrationWithoutDiscreteEv
entReplay (node_modules/react-dom/cjs/react-dom.development.js:6465:5)
      at dispatchEvent 
(node_modules/react-dom/cjs/react-dom.development.js:6457:5)
      at dispatchDiscreteEvent 
(node_modules/react-dom/cjs/react-dom.development.js:6430:5)
      at HTMLDivElement.callTheUserObjectsOperation 
(node_modules/jsdom/lib/jsdom/living/generated/EventListener.js:26:30)
      at innerInvokeEventListeners 
(node_modules/jsdom/lib/jsdom/living/events/EventTarget-impl.js:350:25)
      at invokeEventListeners 
(node_modules/jsdom/lib/jsdom/living/events/EventTarget-impl.js:286:3)
      at HTMLInputElementImpl._dispatch 
(node_modules/jsdom/lib/jsdom/living/events/EventTarget-impl.js:233:9)
      at HTMLInputElementImpl.dispatchEvent 
(node_modules/jsdom/lib/jsdom/living/events/EventTarget-impl.js:104:17)
      at HTMLInputElement.dispatchEvent 
(node_modules/jsdom/lib/jsdom/living/generated/EventTarget.js:241:34)
      at 
node_modules/@testing-library/user-event/dist/cjs/event/dispatchEvent.js:45:43
      at Object.eventWrapper 
(node_modules/@testing-library/dom/dist/config.js:25:23)
      at Object.wrapEvent 
(node_modules/@testing-library/user-event/dist/cjs/event/wrapEvent.js:6:28)
      at Object.dispatchEvent (node_modules/@testing-library/user-event/dist/cj
s/event/dispatchEvent.js:45:22)
      at Object.dispatchUIEvent (node_modules/@testing-library/user-event/dist/
cjs/event/dispatchEvent.js:22:26)
      at commitInput 
(node_modules/@testing-library/user-event/dist/cjs/event/input.js:145:14)
      at editInputElement 
(node_modules/@testing-library/user-event/dist/cjs/event/input.js:115:9)
      at Object.input 
(node_modules/@testing-library/user-event/dist/cjs/event/input.js:37:9)
      at node_modules/@testing-library/user-event/dist/cjs/event/behavior/keypr
ess.js:31:26
      at Object.dispatchEvent (node_modules/@testing-library/user-event/dist/cj
s/event/dispatchEvent.js:41:13)
      at Object.dispatchUIEvent (node_modules/@testing-library/user-event/dist/
cjs/event/dispatchEvent.js:22:26)
      at KeyboardHost.keydown 
(node_modules/@testing-library/user-event/dist/cjs/system/keyboard.js:76:22)
      at keyboardAction 
(node_modules/@testing-library/user-event/dist/cjs/keyboard/index.js:22:35)
      at Object.keyboard 
(node_modules/@testing-library/user-event/dist/cjs/keyboard/index.js:11:15)
      at Object.type 
(node_modules/@testing-library/user-event/dist/cjs/utility/type.js:17:5)
      at Object.<anonymous> (src/profile/profile.test.tsx:250:9)

    console.error
      Warning: An update to ProfilePage inside a test was not wrapped in 
act(...).
      
      When testing, code that causes React state updates should be wrapped 
into act(...):
      
      act(() => {
        /* fire events that update state */
      });
      /* assert on the output */
      
      This ensures that you're testing the behavior the user would see in the 
browser. Learn more at https://reactjs.org/link/wrap-tests-with-act
          at ProfilePage 
(C:\Users\samhe\OneDrive\Desktop\Cleaned\frontend\src\profile\index.tsx:25:41)
          at basenameProp (C:\Users\samhe\OneDrive\Desktop\Cleaned\frontend\nod
e_modules\react-router\lib\components.tsx:421:13)
          at basename (C:\Users\samhe\OneDrive\Desktop\Cleaned\frontend\node_mo
dules\react-router\lib\components.tsx:225:3)

      180 |               className="border border-gray-300 rounded-md px-3 
py-2 text-sm"
      181 |               value={newPassword}
    > 182 |               onChange={e => setNewPassword(e.target.value)}
          |                              ^
      183 |             />
      184 |             <p className="text-xs text-gray-500">
      185 |               Minimum 8 characters, at least 1 uppercase letter 
and 1 number.

      at printWarning 
(node_modules/react-dom/cjs/react-dom.development.js:86:30)
      at error (node_modules/react-dom/cjs/react-dom.development.js:60:7)
      at warnIfUpdatesNotWrappedWithActDEV 
(node_modules/react-dom/cjs/react-dom.development.js:27628:9)
      at scheduleUpdateOnFiber 
(node_modules/react-dom/cjs/react-dom.development.js:25547:5)
      at dispatchSetState 
(node_modules/react-dom/cjs/react-dom.development.js:16708:7)
      at onChange (src/profile/index.tsx:182:30)
      at HTMLUnknownElement.callCallback 
(node_modules/react-dom/cjs/react-dom.development.js:4164:14)
      at HTMLUnknownElement.callTheUserObjectsOperation 
(node_modules/jsdom/lib/jsdom/living/generated/EventListener.js:26:30)
      at innerInvokeEventListeners 
(node_modules/jsdom/lib/jsdom/living/events/EventTarget-impl.js:350:25)
      at invokeEventListeners 
(node_modules/jsdom/lib/jsdom/living/events/EventTarget-impl.js:286:3)
      at HTMLUnknownElementImpl._dispatch 
(node_modules/jsdom/lib/jsdom/living/events/EventTarget-impl.js:233:9)
      at HTMLUnknownElementImpl.dispatchEvent 
(node_modules/jsdom/lib/jsdom/living/events/EventTarget-impl.js:104:17)
      at HTMLUnknownElement.dispatchEvent 
(node_modules/jsdom/lib/jsdom/living/generated/EventTarget.js:241:34)
      at Object.invokeGuardedCallbackDev 
(node_modules/react-dom/cjs/react-dom.development.js:4213:16)
      at invokeGuardedCallback 
(node_modules/react-dom/cjs/react-dom.development.js:4277:31)
      at invokeGuardedCallbackAndCatchFirstError 
(node_modules/react-dom/cjs/react-dom.development.js:4291:25)
      at executeDispatch 
(node_modules/react-dom/cjs/react-dom.development.js:9041:3)
      at processDispatchQueueItemsInOrder 
(node_modules/react-dom/cjs/react-dom.development.js:9073:7)
      at processDispatchQueue 
(node_modules/react-dom/cjs/react-dom.development.js:9086:5)
      at dispatchEventsForPlugins 
(node_modules/react-dom/cjs/react-dom.development.js:9097:3)
      at node_modules/react-dom/cjs/react-dom.development.js:9288:12
      at batchedUpdates$1 
(node_modules/react-dom/cjs/react-dom.development.js:26179:12)
      at batchedUpdates 
(node_modules/react-dom/cjs/react-dom.development.js:3991:12)
      at dispatchEventForPluginEventSystem 
(node_modules/react-dom/cjs/react-dom.development.js:9287:3)
      at dispatchEventWithEnableCapturePhaseSelectiveHydrationWithoutDiscreteEv
entReplay (node_modules/react-dom/cjs/react-dom.development.js:6465:5)
      at dispatchEvent 
(node_modules/react-dom/cjs/react-dom.development.js:6457:5)
      at dispatchDiscreteEvent 
(node_modules/react-dom/cjs/react-dom.development.js:6430:5)
      at HTMLDivElement.callTheUserObjectsOperation 
(node_modules/jsdom/lib/jsdom/living/generated/EventListener.js:26:30)
      at innerInvokeEventListeners 
(node_modules/jsdom/lib/jsdom/living/events/EventTarget-impl.js:350:25)
      at invokeEventListeners 
(node_modules/jsdom/lib/jsdom/living/events/EventTarget-impl.js:286:3)
      at HTMLInputElementImpl._dispatch 
(node_modules/jsdom/lib/jsdom/living/events/EventTarget-impl.js:233:9)
      at HTMLInputElementImpl.dispatchEvent 
(node_modules/jsdom/lib/jsdom/living/events/EventTarget-impl.js:104:17)
      at HTMLInputElement.dispatchEvent 
(node_modules/jsdom/lib/jsdom/living/generated/EventTarget.js:241:34)
      at 
node_modules/@testing-library/user-event/dist/cjs/event/dispatchEvent.js:45:43
      at Object.eventWrapper 
(node_modules/@testing-library/dom/dist/config.js:25:23)
      at Object.wrapEvent 
(node_modules/@testing-library/user-event/dist/cjs/event/wrapEvent.js:6:28)
      at Object.dispatchEvent (node_modules/@testing-library/user-event/dist/cj
s/event/dispatchEvent.js:45:22)
      at Object.dispatchUIEvent (node_modules/@testing-library/user-event/dist/
cjs/event/dispatchEvent.js:22:26)
      at commitInput 
(node_modules/@testing-library/user-event/dist/cjs/event/input.js:145:14)
      at editInputElement 
(node_modules/@testing-library/user-event/dist/cjs/event/input.js:115:9)
      at Object.input 
(node_modules/@testing-library/user-event/dist/cjs/event/input.js:37:9)
      at node_modules/@testing-library/user-event/dist/cjs/event/behavior/keypr
ess.js:31:26
      at Object.dispatchEvent (node_modules/@testing-library/user-event/dist/cj
s/event/dispatchEvent.js:41:13)
      at Object.dispatchUIEvent (node_modules/@testing-library/user-event/dist/
cjs/event/dispatchEvent.js:22:26)
      at KeyboardHost.keydown 
(node_modules/@testing-library/user-event/dist/cjs/system/keyboard.js:76:22)
      at keyboardAction 
(node_modules/@testing-library/user-event/dist/cjs/keyboard/index.js:22:35)
      at Object.keyboard 
(node_modules/@testing-library/user-event/dist/cjs/keyboard/index.js:11:15)
      at Object.type 
(node_modules/@testing-library/user-event/dist/cjs/utility/type.js:17:5)
      at Object.<anonymous> (src/profile/profile.test.tsx:250:9)

    console.error
      Warning: An update to ProfilePage inside a test was not wrapped in 
act(...).
      
      When testing, code that causes React state updates should be wrapped 
into act(...):
      
      act(() => {
        /* fire events that update state */
      });
      /* assert on the output */
      
      This ensures that you're testing the behavior the user would see in the 
browser. Learn more at https://reactjs.org/link/wrap-tests-with-act
          at ProfilePage 
(C:\Users\samhe\OneDrive\Desktop\Cleaned\frontend\src\profile\index.tsx:25:41)
          at basenameProp (C:\Users\samhe\OneDrive\Desktop\Cleaned\frontend\nod
e_modules\react-router\lib\components.tsx:421:13)
          at basename (C:\Users\samhe\OneDrive\Desktop\Cleaned\frontend\node_mo
dules\react-router\lib\components.tsx:225:3)

      180 |               className="border border-gray-300 rounded-md px-3 
py-2 text-sm"
      181 |               value={newPassword}
    > 182 |               onChange={e => setNewPassword(e.target.value)}
          |                              ^
      183 |             />
      184 |             <p className="text-xs text-gray-500">
      185 |               Minimum 8 characters, at least 1 uppercase letter 
and 1 number.

      at printWarning 
(node_modules/react-dom/cjs/react-dom.development.js:86:30)
      at error (node_modules/react-dom/cjs/react-dom.development.js:60:7)
      at warnIfUpdatesNotWrappedWithActDEV 
(node_modules/react-dom/cjs/react-dom.development.js:27628:9)
      at scheduleUpdateOnFiber 
(node_modules/react-dom/cjs/react-dom.development.js:25547:5)
      at dispatchSetState 
(node_modules/react-dom/cjs/react-dom.development.js:16708:7)
      at onChange (src/profile/index.tsx:182:30)
      at HTMLUnknownElement.callCallback 
(node_modules/react-dom/cjs/react-dom.development.js:4164:14)
      at HTMLUnknownElement.callTheUserObjectsOperation 
(node_modules/jsdom/lib/jsdom/living/generated/EventListener.js:26:30)
      at innerInvokeEventListeners 
(node_modules/jsdom/lib/jsdom/living/events/EventTarget-impl.js:350:25)
      at invokeEventListeners 
(node_modules/jsdom/lib/jsdom/living/events/EventTarget-impl.js:286:3)
      at HTMLUnknownElementImpl._dispatch 
(node_modules/jsdom/lib/jsdom/living/events/EventTarget-impl.js:233:9)
      at HTMLUnknownElementImpl.dispatchEvent 
(node_modules/jsdom/lib/jsdom/living/events/EventTarget-impl.js:104:17)
      at HTMLUnknownElement.dispatchEvent 
(node_modules/jsdom/lib/jsdom/living/generated/EventTarget.js:241:34)
      at Object.invokeGuardedCallbackDev 
(node_modules/react-dom/cjs/react-dom.development.js:4213:16)
      at invokeGuardedCallback 
(node_modules/react-dom/cjs/react-dom.development.js:4277:31)
      at invokeGuardedCallbackAndCatchFirstError 
(node_modules/react-dom/cjs/react-dom.development.js:4291:25)
      at executeDispatch 
(node_modules/react-dom/cjs/react-dom.development.js:9041:3)
      at processDispatchQueueItemsInOrder 
(node_modules/react-dom/cjs/react-dom.development.js:9073:7)
      at processDispatchQueue 
(node_modules/react-dom/cjs/react-dom.development.js:9086:5)
      at dispatchEventsForPlugins 
(node_modules/react-dom/cjs/react-dom.development.js:9097:3)
      at node_modules/react-dom/cjs/react-dom.development.js:9288:12
      at batchedUpdates$1 
(node_modules/react-dom/cjs/react-dom.development.js:26179:12)
      at batchedUpdates 
(node_modules/react-dom/cjs/react-dom.development.js:3991:12)
      at dispatchEventForPluginEventSystem 
(node_modules/react-dom/cjs/react-dom.development.js:9287:3)
      at dispatchEventWithEnableCapturePhaseSelectiveHydrationWithoutDiscreteEv
entReplay (node_modules/react-dom/cjs/react-dom.development.js:6465:5)
      at dispatchEvent 
(node_modules/react-dom/cjs/react-dom.development.js:6457:5)
      at dispatchDiscreteEvent 
(node_modules/react-dom/cjs/react-dom.development.js:6430:5)
      at HTMLDivElement.callTheUserObjectsOperation 
(node_modules/jsdom/lib/jsdom/living/generated/EventListener.js:26:30)
      at innerInvokeEventListeners 
(node_modules/jsdom/lib/jsdom/living/events/EventTarget-impl.js:350:25)
      at invokeEventListeners 
(node_modules/jsdom/lib/jsdom/living/events/EventTarget-impl.js:286:3)
      at HTMLInputElementImpl._dispatch 
(node_modules/jsdom/lib/jsdom/living/events/EventTarget-impl.js:233:9)
      at HTMLInputElementImpl.dispatchEvent 
(node_modules/jsdom/lib/jsdom/living/events/EventTarget-impl.js:104:17)
      at HTMLInputElement.dispatchEvent 
(node_modules/jsdom/lib/jsdom/living/generated/EventTarget.js:241:34)
      at 
node_modules/@testing-library/user-event/dist/cjs/event/dispatchEvent.js:45:43
      at Object.eventWrapper 
(node_modules/@testing-library/dom/dist/config.js:25:23)
      at Object.wrapEvent 
(node_modules/@testing-library/user-event/dist/cjs/event/wrapEvent.js:6:28)
      at Object.dispatchEvent (node_modules/@testing-library/user-event/dist/cj
s/event/dispatchEvent.js:45:22)
      at Object.dispatchUIEvent (node_modules/@testing-library/user-event/dist/
cjs/event/dispatchEvent.js:22:26)
      at commitInput 
(node_modules/@testing-library/user-event/dist/cjs/event/input.js:145:14)
      at editInputElement 
(node_modules/@testing-library/user-event/dist/cjs/event/input.js:115:9)
      at Object.input 
(node_modules/@testing-library/user-event/dist/cjs/event/input.js:37:9)
      at node_modules/@testing-library/user-event/dist/cjs/event/behavior/keypr
ess.js:31:26
      at Object.dispatchEvent (node_modules/@testing-library/user-event/dist/cj
s/event/dispatchEvent.js:41:13)
      at Object.dispatchUIEvent (node_modules/@testing-library/user-event/dist/
cjs/event/dispatchEvent.js:22:26)
      at KeyboardHost.keydown 
(node_modules/@testing-library/user-event/dist/cjs/system/keyboard.js:76:22)
      at keyboardAction 
(node_modules/@testing-library/user-event/dist/cjs/keyboard/index.js:22:35)
      at Object.keyboard 
(node_modules/@testing-library/user-event/dist/cjs/keyboard/index.js:11:15)
      at Object.type 
(node_modules/@testing-library/user-event/dist/cjs/utility/type.js:17:5)
      at Object.<anonymous> (src/profile/profile.test.tsx:250:9)

    console.error
      Warning: An update to ProfilePage inside a test was not wrapped in 
act(...).
      
      When testing, code that causes React state updates should be wrapped 
into act(...):
      
      act(() => {
        /* fire events that update state */
      });
      /* assert on the output */
      
      This ensures that you're testing the behavior the user would see in the 
browser. Learn more at https://reactjs.org/link/wrap-tests-with-act
          at ProfilePage 
(C:\Users\samhe\OneDrive\Desktop\Cleaned\frontend\src\profile\index.tsx:25:41)
          at basenameProp (C:\Users\samhe\OneDrive\Desktop\Cleaned\frontend\nod
e_modules\react-router\lib\components.tsx:421:13)
          at basename (C:\Users\samhe\OneDrive\Desktop\Cleaned\frontend\node_mo
dules\react-router\lib\components.tsx:225:3)

      180 |               className="border border-gray-300 rounded-md px-3 
py-2 text-sm"
      181 |               value={newPassword}
    > 182 |               onChange={e => setNewPassword(e.target.value)}
          |                              ^
      183 |             />
      184 |             <p className="text-xs text-gray-500">
      185 |               Minimum 8 characters, at least 1 uppercase letter 
and 1 number.

      at printWarning 
(node_modules/react-dom/cjs/react-dom.development.js:86:30)
      at error (node_modules/react-dom/cjs/react-dom.development.js:60:7)
      at warnIfUpdatesNotWrappedWithActDEV 
(node_modules/react-dom/cjs/react-dom.development.js:27628:9)
      at scheduleUpdateOnFiber 
(node_modules/react-dom/cjs/react-dom.development.js:25547:5)
      at dispatchSetState 
(node_modules/react-dom/cjs/react-dom.development.js:16708:7)
      at onChange (src/profile/index.tsx:182:30)
      at HTMLUnknownElement.callCallback 
(node_modules/react-dom/cjs/react-dom.development.js:4164:14)
      at HTMLUnknownElement.callTheUserObjectsOperation 
(node_modules/jsdom/lib/jsdom/living/generated/EventListener.js:26:30)
      at innerInvokeEventListeners 
(node_modules/jsdom/lib/jsdom/living/events/EventTarget-impl.js:350:25)
      at invokeEventListeners 
(node_modules/jsdom/lib/jsdom/living/events/EventTarget-impl.js:286:3)
      at HTMLUnknownElementImpl._dispatch 
(node_modules/jsdom/lib/jsdom/living/events/EventTarget-impl.js:233:9)
      at HTMLUnknownElementImpl.dispatchEvent 
(node_modules/jsdom/lib/jsdom/living/events/EventTarget-impl.js:104:17)
      at HTMLUnknownElement.dispatchEvent 
(node_modules/jsdom/lib/jsdom/living/generated/EventTarget.js:241:34)
      at Object.invokeGuardedCallbackDev 
(node_modules/react-dom/cjs/react-dom.development.js:4213:16)
      at invokeGuardedCallback 
(node_modules/react-dom/cjs/react-dom.development.js:4277:31)
      at invokeGuardedCallbackAndCatchFirstError 
(node_modules/react-dom/cjs/react-dom.development.js:4291:25)
      at executeDispatch 
(node_modules/react-dom/cjs/react-dom.development.js:9041:3)
      at processDispatchQueueItemsInOrder 
(node_modules/react-dom/cjs/react-dom.development.js:9073:7)
      at processDispatchQueue 
(node_modules/react-dom/cjs/react-dom.development.js:9086:5)
      at dispatchEventsForPlugins 
(node_modules/react-dom/cjs/react-dom.development.js:9097:3)
      at node_modules/react-dom/cjs/react-dom.development.js:9288:12
      at batchedUpdates$1 
(node_modules/react-dom/cjs/react-dom.development.js:26179:12)
      at batchedUpdates 
(node_modules/react-dom/cjs/react-dom.development.js:3991:12)
      at dispatchEventForPluginEventSystem 
(node_modules/react-dom/cjs/react-dom.development.js:9287:3)
      at dispatchEventWithEnableCapturePhaseSelectiveHydrationWithoutDiscreteEv
entReplay (node_modules/react-dom/cjs/react-dom.development.js:6465:5)
      at dispatchEvent 
(node_modules/react-dom/cjs/react-dom.development.js:6457:5)
      at dispatchDiscreteEvent 
(node_modules/react-dom/cjs/react-dom.development.js:6430:5)
      at HTMLDivElement.callTheUserObjectsOperation 
(node_modules/jsdom/lib/jsdom/living/generated/EventListener.js:26:30)
      at innerInvokeEventListeners 
(node_modules/jsdom/lib/jsdom/living/events/EventTarget-impl.js:350:25)
      at invokeEventListeners 
(node_modules/jsdom/lib/jsdom/living/events/EventTarget-impl.js:286:3)
      at HTMLInputElementImpl._dispatch 
(node_modules/jsdom/lib/jsdom/living/events/EventTarget-impl.js:233:9)
      at HTMLInputElementImpl.dispatchEvent 
(node_modules/jsdom/lib/jsdom/living/events/EventTarget-impl.js:104:17)
      at HTMLInputElement.dispatchEvent 
(node_modules/jsdom/lib/jsdom/living/generated/EventTarget.js:241:34)
      at 
node_modules/@testing-library/user-event/dist/cjs/event/dispatchEvent.js:45:43
      at Object.eventWrapper 
(node_modules/@testing-library/dom/dist/config.js:25:23)
      at Object.wrapEvent 
(node_modules/@testing-library/user-event/dist/cjs/event/wrapEvent.js:6:28)
      at Object.dispatchEvent (node_modules/@testing-library/user-event/dist/cj
s/event/dispatchEvent.js:45:22)
      at Object.dispatchUIEvent (node_modules/@testing-library/user-event/dist/
cjs/event/dispatchEvent.js:22:26)
      at commitInput 
(node_modules/@testing-library/user-event/dist/cjs/event/input.js:145:14)
      at editInputElement 
(node_modules/@testing-library/user-event/dist/cjs/event/input.js:115:9)
      at Object.input 
(node_modules/@testing-library/user-event/dist/cjs/event/input.js:37:9)
      at node_modules/@testing-library/user-event/dist/cjs/event/behavior/keypr
ess.js:31:26
      at Object.dispatchEvent (node_modules/@testing-library/user-event/dist/cj
s/event/dispatchEvent.js:41:13)
      at Object.dispatchUIEvent (node_modules/@testing-library/user-event/dist/
cjs/event/dispatchEvent.js:22:26)
      at KeyboardHost.keydown 
(node_modules/@testing-library/user-event/dist/cjs/system/keyboard.js:76:22)
      at keyboardAction 
(node_modules/@testing-library/user-event/dist/cjs/keyboard/index.js:22:35)
      at Object.keyboard 
(node_modules/@testing-library/user-event/dist/cjs/keyboard/index.js:11:15)
      at Object.type 
(node_modules/@testing-library/user-event/dist/cjs/utility/type.js:17:5)
      at Object.<anonymous> (src/profile/profile.test.tsx:250:9)

    console.error
      Warning: An update to ProfilePage inside a test was not wrapped in 
act(...).
      
      When testing, code that causes React state updates should be wrapped 
into act(...):
      
      act(() => {
        /* fire events that update state */
      });
      /* assert on the output */
      
      This ensures that you're testing the behavior the user would see in the 
browser. Learn more at https://reactjs.org/link/wrap-tests-with-act
          at ProfilePage 
(C:\Users\samhe\OneDrive\Desktop\Cleaned\frontend\src\profile\index.tsx:25:41)
          at basenameProp (C:\Users\samhe\OneDrive\Desktop\Cleaned\frontend\nod
e_modules\react-router\lib\components.tsx:421:13)
          at basename (C:\Users\samhe\OneDrive\Desktop\Cleaned\frontend\node_mo
dules\react-router\lib\components.tsx:225:3)

      180 |               className="border border-gray-300 rounded-md px-3 
py-2 text-sm"
      181 |               value={newPassword}
    > 182 |               onChange={e => setNewPassword(e.target.value)}
          |                              ^
      183 |             />
      184 |             <p className="text-xs text-gray-500">
      185 |               Minimum 8 characters, at least 1 uppercase letter 
and 1 number.

      at printWarning 
(node_modules/react-dom/cjs/react-dom.development.js:86:30)
      at error (node_modules/react-dom/cjs/react-dom.development.js:60:7)
      at warnIfUpdatesNotWrappedWithActDEV 
(node_modules/react-dom/cjs/react-dom.development.js:27628:9)
      at scheduleUpdateOnFiber 
(node_modules/react-dom/cjs/react-dom.development.js:25547:5)
      at dispatchSetState 
(node_modules/react-dom/cjs/react-dom.development.js:16708:7)
      at onChange (src/profile/index.tsx:182:30)
      at HTMLUnknownElement.callCallback 
(node_modules/react-dom/cjs/react-dom.development.js:4164:14)
      at HTMLUnknownElement.callTheUserObjectsOperation 
(node_modules/jsdom/lib/jsdom/living/generated/EventListener.js:26:30)
      at innerInvokeEventListeners 
(node_modules/jsdom/lib/jsdom/living/events/EventTarget-impl.js:350:25)
      at invokeEventListeners 
(node_modules/jsdom/lib/jsdom/living/events/EventTarget-impl.js:286:3)
      at HTMLUnknownElementImpl._dispatch 
(node_modules/jsdom/lib/jsdom/living/events/EventTarget-impl.js:233:9)
      at HTMLUnknownElementImpl.dispatchEvent 
(node_modules/jsdom/lib/jsdom/living/events/EventTarget-impl.js:104:17)
      at HTMLUnknownElement.dispatchEvent 
(node_modules/jsdom/lib/jsdom/living/generated/EventTarget.js:241:34)
      at Object.invokeGuardedCallbackDev 
(node_modules/react-dom/cjs/react-dom.development.js:4213:16)
      at invokeGuardedCallback 
(node_modules/react-dom/cjs/react-dom.development.js:4277:31)
      at invokeGuardedCallbackAndCatchFirstError 
(node_modules/react-dom/cjs/react-dom.development.js:4291:25)
      at executeDispatch 
(node_modules/react-dom/cjs/react-dom.development.js:9041:3)
      at processDispatchQueueItemsInOrder 
(node_modules/react-dom/cjs/react-dom.development.js:9073:7)
      at processDispatchQueue 
(node_modules/react-dom/cjs/react-dom.development.js:9086:5)
      at dispatchEventsForPlugins 
(node_modules/react-dom/cjs/react-dom.development.js:9097:3)
      at node_modules/react-dom/cjs/react-dom.development.js:9288:12
      at batchedUpdates$1 
(node_modules/react-dom/cjs/react-dom.development.js:26179:12)
      at batchedUpdates 
(node_modules/react-dom/cjs/react-dom.development.js:3991:12)
      at dispatchEventForPluginEventSystem 
(node_modules/react-dom/cjs/react-dom.development.js:9287:3)
      at dispatchEventWithEnableCapturePhaseSelectiveHydrationWithoutDiscreteEv
entReplay (node_modules/react-dom/cjs/react-dom.development.js:6465:5)
      at dispatchEvent 
(node_modules/react-dom/cjs/react-dom.development.js:6457:5)
      at dispatchDiscreteEvent 
(node_modules/react-dom/cjs/react-dom.development.js:6430:5)
      at HTMLDivElement.callTheUserObjectsOperation 
(node_modules/jsdom/lib/jsdom/living/generated/EventListener.js:26:30)
      at innerInvokeEventListeners 
(node_modules/jsdom/lib/jsdom/living/events/EventTarget-impl.js:350:25)
      at invokeEventListeners 
(node_modules/jsdom/lib/jsdom/living/events/EventTarget-impl.js:286:3)
      at HTMLInputElementImpl._dispatch 
(node_modules/jsdom/lib/jsdom/living/events/EventTarget-impl.js:233:9)
      at HTMLInputElementImpl.dispatchEvent 
(node_modules/jsdom/lib/jsdom/living/events/EventTarget-impl.js:104:17)
      at HTMLInputElement.dispatchEvent 
(node_modules/jsdom/lib/jsdom/living/generated/EventTarget.js:241:34)
      at 
node_modules/@testing-library/user-event/dist/cjs/event/dispatchEvent.js:45:43
      at Object.eventWrapper 
(node_modules/@testing-library/dom/dist/config.js:25:23)
      at Object.wrapEvent 
(node_modules/@testing-library/user-event/dist/cjs/event/wrapEvent.js:6:28)
      at Object.dispatchEvent (node_modules/@testing-library/user-event/dist/cj
s/event/dispatchEvent.js:45:22)
      at Object.dispatchUIEvent (node_modules/@testing-library/user-event/dist/
cjs/event/dispatchEvent.js:22:26)
      at commitInput 
(node_modules/@testing-library/user-event/dist/cjs/event/input.js:145:14)
      at editInputElement 
(node_modules/@testing-library/user-event/dist/cjs/event/input.js:115:9)
      at Object.input 
(node_modules/@testing-library/user-event/dist/cjs/event/input.js:37:9)
      at node_modules/@testing-library/user-event/dist/cjs/event/behavior/keypr
ess.js:31:26
      at Object.dispatchEvent (node_modules/@testing-library/user-event/dist/cj
s/event/dispatchEvent.js:41:13)
      at Object.dispatchUIEvent (node_modules/@testing-library/user-event/dist/
cjs/event/dispatchEvent.js:22:26)
      at KeyboardHost.keydown 
(node_modules/@testing-library/user-event/dist/cjs/system/keyboard.js:76:22)
      at keyboardAction 
(node_modules/@testing-library/user-event/dist/cjs/keyboard/index.js:22:35)
      at Object.keyboard 
(node_modules/@testing-library/user-event/dist/cjs/keyboard/index.js:11:15)
      at Object.type 
(node_modules/@testing-library/user-event/dist/cjs/utility/type.js:17:5)
      at Object.<anonymous> (src/profile/profile.test.tsx:250:9)

    console.error
      Warning: An update to ProfilePage inside a test was not wrapped in 
act(...).
      
      When testing, code that causes React state updates should be wrapped 
into act(...):
      
      act(() => {
        /* fire events that update state */
      });
      /* assert on the output */
      
      This ensures that you're testing the behavior the user would see in the 
browser. Learn more at https://reactjs.org/link/wrap-tests-with-act
          at ProfilePage 
(C:\Users\samhe\OneDrive\Desktop\Cleaned\frontend\src\profile\index.tsx:25:41)
          at basenameProp (C:\Users\samhe\OneDrive\Desktop\Cleaned\frontend\nod
e_modules\react-router\lib\components.tsx:421:13)
          at basename (C:\Users\samhe\OneDrive\Desktop\Cleaned\frontend\node_mo
dules\react-router\lib\components.tsx:225:3)

      196 |               className="border border-gray-300 rounded-md px-3 
py-2 text-sm"
      197 |               value={confirmPassword}
    > 198 |               onChange={e => setConfirmPassword(e.target.value)}
          |                              ^
      199 |             />
      200 |             {confirmPassword && !passwordsMatch && (
      201 |               <p className="text-sm text-red-600">Passwords do not 
match</p>

      at printWarning 
(node_modules/react-dom/cjs/react-dom.development.js:86:30)
      at error (node_modules/react-dom/cjs/react-dom.development.js:60:7)
      at warnIfUpdatesNotWrappedWithActDEV 
(node_modules/react-dom/cjs/react-dom.development.js:27628:9)
      at scheduleUpdateOnFiber 
(node_modules/react-dom/cjs/react-dom.development.js:25547:5)
      at dispatchSetState 
(node_modules/react-dom/cjs/react-dom.development.js:16708:7)
      at onChange (src/profile/index.tsx:198:30)
      at HTMLUnknownElement.callCallback 
(node_modules/react-dom/cjs/react-dom.development.js:4164:14)
      at HTMLUnknownElement.callTheUserObjectsOperation 
(node_modules/jsdom/lib/jsdom/living/generated/EventListener.js:26:30)
      at innerInvokeEventListeners 
(node_modules/jsdom/lib/jsdom/living/events/EventTarget-impl.js:350:25)
      at invokeEventListeners 
(node_modules/jsdom/lib/jsdom/living/events/EventTarget-impl.js:286:3)
      at HTMLUnknownElementImpl._dispatch 
(node_modules/jsdom/lib/jsdom/living/events/EventTarget-impl.js:233:9)
      at HTMLUnknownElementImpl.dispatchEvent 
(node_modules/jsdom/lib/jsdom/living/events/EventTarget-impl.js:104:17)
      at HTMLUnknownElement.dispatchEvent 
(node_modules/jsdom/lib/jsdom/living/generated/EventTarget.js:241:34)
      at Object.invokeGuardedCallbackDev 
(node_modules/react-dom/cjs/react-dom.development.js:4213:16)
      at invokeGuardedCallback 
(node_modules/react-dom/cjs/react-dom.development.js:4277:31)
      at invokeGuardedCallbackAndCatchFirstError 
(node_modules/react-dom/cjs/react-dom.development.js:4291:25)
      at executeDispatch 
(node_modules/react-dom/cjs/react-dom.development.js:9041:3)
      at processDispatchQueueItemsInOrder 
(node_modules/react-dom/cjs/react-dom.development.js:9073:7)
      at processDispatchQueue 
(node_modules/react-dom/cjs/react-dom.development.js:9086:5)
      at dispatchEventsForPlugins 
(node_modules/react-dom/cjs/react-dom.development.js:9097:3)
      at node_modules/react-dom/cjs/react-dom.development.js:9288:12
      at batchedUpdates$1 
(node_modules/react-dom/cjs/react-dom.development.js:26179:12)
      at batchedUpdates 
(node_modules/react-dom/cjs/react-dom.development.js:3991:12)
      at dispatchEventForPluginEventSystem 
(node_modules/react-dom/cjs/react-dom.development.js:9287:3)
      at dispatchEventWithEnableCapturePhaseSelectiveHydrationWithoutDiscreteEv
entReplay (node_modules/react-dom/cjs/react-dom.development.js:6465:5)
      at dispatchEvent 
(node_modules/react-dom/cjs/react-dom.development.js:6457:5)
      at dispatchDiscreteEvent 
(node_modules/react-dom/cjs/react-dom.development.js:6430:5)
      at HTMLDivElement.callTheUserObjectsOperation 
(node_modules/jsdom/lib/jsdom/living/generated/EventListener.js:26:30)
      at innerInvokeEventListeners 
(node_modules/jsdom/lib/jsdom/living/events/EventTarget-impl.js:350:25)
      at invokeEventListeners 
(node_modules/jsdom/lib/jsdom/living/events/EventTarget-impl.js:286:3)
      at HTMLInputElementImpl._dispatch 
(node_modules/jsdom/lib/jsdom/living/events/EventTarget-impl.js:233:9)
      at HTMLInputElementImpl.dispatchEvent 
(node_modules/jsdom/lib/jsdom/living/events/EventTarget-impl.js:104:17)
      at HTMLInputElement.dispatchEvent 
(node_modules/jsdom/lib/jsdom/living/generated/EventTarget.js:241:34)
      at 
node_modules/@testing-library/user-event/dist/cjs/event/dispatchEvent.js:45:43
      at Object.eventWrapper 
(node_modules/@testing-library/dom/dist/config.js:25:23)
      at Object.wrapEvent 
(node_modules/@testing-library/user-event/dist/cjs/event/wrapEvent.js:6:28)
      at Object.dispatchEvent (node_modules/@testing-library/user-event/dist/cj
s/event/dispatchEvent.js:45:22)
      at Object.dispatchUIEvent (node_modules/@testing-library/user-event/dist/
cjs/event/dispatchEvent.js:22:26)
      at commitInput 
(node_modules/@testing-library/user-event/dist/cjs/event/input.js:145:14)
      at editInputElement 
(node_modules/@testing-library/user-event/dist/cjs/event/input.js:115:9)
      at Object.input 
(node_modules/@testing-library/user-event/dist/cjs/event/input.js:37:9)
      at node_modules/@testing-library/user-event/dist/cjs/event/behavior/keypr
ess.js:31:26
      at Object.dispatchEvent (node_modules/@testing-library/user-event/dist/cj
s/event/dispatchEvent.js:41:13)
      at Object.dispatchUIEvent (node_modules/@testing-library/user-event/dist/
cjs/event/dispatchEvent.js:22:26)
      at KeyboardHost.keydown 
(node_modules/@testing-library/user-event/dist/cjs/system/keyboard.js:76:22)
      at keyboardAction 
(node_modules/@testing-library/user-event/dist/cjs/keyboard/index.js:22:35)
      at Object.keyboard 
(node_modules/@testing-library/user-event/dist/cjs/keyboard/index.js:11:15)
      at Object.type 
(node_modules/@testing-library/user-event/dist/cjs/utility/type.js:17:5)
      at Object.<anonymous> (src/profile/profile.test.tsx:251:9)

    console.error
      Warning: An update to ProfilePage inside a test was not wrapped in 
act(...).
      
      When testing, code that causes React state updates should be wrapped 
into act(...):
      
      act(() => {
        /* fire events that update state */
      });
      /* assert on the output */
      
      This ensures that you're testing the behavior the user would see in the 
browser. Learn more at https://reactjs.org/link/wrap-tests-with-act
          at ProfilePage 
(C:\Users\samhe\OneDrive\Desktop\Cleaned\frontend\src\profile\index.tsx:25:41)
          at basenameProp (C:\Users\samhe\OneDrive\Desktop\Cleaned\frontend\nod
e_modules\react-router\lib\components.tsx:421:13)
          at basename (C:\Users\samhe\OneDrive\Desktop\Cleaned\frontend\node_mo
dules\react-router\lib\components.tsx:225:3)

      196 |               className="border border-gray-300 rounded-md px-3 
py-2 text-sm"
      197 |               value={confirmPassword}
    > 198 |               onChange={e => setConfirmPassword(e.target.value)}
          |                              ^
      199 |             />
      200 |             {confirmPassword && !passwordsMatch && (
      201 |               <p className="text-sm text-red-600">Passwords do not 
match</p>

      at printWarning 
(node_modules/react-dom/cjs/react-dom.development.js:86:30)
      at error (node_modules/react-dom/cjs/react-dom.development.js:60:7)
      at warnIfUpdatesNotWrappedWithActDEV 
(node_modules/react-dom/cjs/react-dom.development.js:27628:9)
      at scheduleUpdateOnFiber 
(node_modules/react-dom/cjs/react-dom.development.js:25547:5)
      at dispatchSetState 
(node_modules/react-dom/cjs/react-dom.development.js:16708:7)
      at onChange (src/profile/index.tsx:198:30)
      at HTMLUnknownElement.callCallback 
(node_modules/react-dom/cjs/react-dom.development.js:4164:14)
      at HTMLUnknownElement.callTheUserObjectsOperation 
(node_modules/jsdom/lib/jsdom/living/generated/EventListener.js:26:30)
      at innerInvokeEventListeners 
(node_modules/jsdom/lib/jsdom/living/events/EventTarget-impl.js:350:25)
      at invokeEventListeners 
(node_modules/jsdom/lib/jsdom/living/events/EventTarget-impl.js:286:3)
      at HTMLUnknownElementImpl._dispatch 
(node_modules/jsdom/lib/jsdom/living/events/EventTarget-impl.js:233:9)
      at HTMLUnknownElementImpl.dispatchEvent 
(node_modules/jsdom/lib/jsdom/living/events/EventTarget-impl.js:104:17)
      at HTMLUnknownElement.dispatchEvent 
(node_modules/jsdom/lib/jsdom/living/generated/EventTarget.js:241:34)
      at Object.invokeGuardedCallbackDev 
(node_modules/react-dom/cjs/react-dom.development.js:4213:16)
      at invokeGuardedCallback 
(node_modules/react-dom/cjs/react-dom.development.js:4277:31)
      at invokeGuardedCallbackAndCatchFirstError 
(node_modules/react-dom/cjs/react-dom.development.js:4291:25)
      at executeDispatch 
(node_modules/react-dom/cjs/react-dom.development.js:9041:3)
      at processDispatchQueueItemsInOrder 
(node_modules/react-dom/cjs/react-dom.development.js:9073:7)
      at processDispatchQueue 
(node_modules/react-dom/cjs/react-dom.development.js:9086:5)
      at dispatchEventsForPlugins 
(node_modules/react-dom/cjs/react-dom.development.js:9097:3)
      at node_modules/react-dom/cjs/react-dom.development.js:9288:12
      at batchedUpdates$1 
(node_modules/react-dom/cjs/react-dom.development.js:26179:12)
      at batchedUpdates 
(node_modules/react-dom/cjs/react-dom.development.js:3991:12)
      at dispatchEventForPluginEventSystem 
(node_modules/react-dom/cjs/react-dom.development.js:9287:3)
      at dispatchEventWithEnableCapturePhaseSelectiveHydrationWithoutDiscreteEv
entReplay (node_modules/react-dom/cjs/react-dom.development.js:6465:5)
      at dispatchEvent 
(node_modules/react-dom/cjs/react-dom.development.js:6457:5)
      at dispatchDiscreteEvent 
(node_modules/react-dom/cjs/react-dom.development.js:6430:5)
      at HTMLDivElement.callTheUserObjectsOperation 
(node_modules/jsdom/lib/jsdom/living/generated/EventListener.js:26:30)
      at innerInvokeEventListeners 
(node_modules/jsdom/lib/jsdom/living/events/EventTarget-impl.js:350:25)
      at invokeEventListeners 
(node_modules/jsdom/lib/jsdom/living/events/EventTarget-impl.js:286:3)
      at HTMLInputElementImpl._dispatch 
(node_modules/jsdom/lib/jsdom/living/events/EventTarget-impl.js:233:9)
      at HTMLInputElementImpl.dispatchEvent 
(node_modules/jsdom/lib/jsdom/living/events/EventTarget-impl.js:104:17)
      at HTMLInputElement.dispatchEvent 
(node_modules/jsdom/lib/jsdom/living/generated/EventTarget.js:241:34)
      at 
node_modules/@testing-library/user-event/dist/cjs/event/dispatchEvent.js:45:43
      at Object.eventWrapper 
(node_modules/@testing-library/dom/dist/config.js:25:23)
      at Object.wrapEvent 
(node_modules/@testing-library/user-event/dist/cjs/event/wrapEvent.js:6:28)
      at Object.dispatchEvent (node_modules/@testing-library/user-event/dist/cj
s/event/dispatchEvent.js:45:22)
      at Object.dispatchUIEvent (node_modules/@testing-library/user-event/dist/
cjs/event/dispatchEvent.js:22:26)
      at commitInput 
(node_modules/@testing-library/user-event/dist/cjs/event/input.js:145:14)
      at editInputElement 
(node_modules/@testing-library/user-event/dist/cjs/event/input.js:115:9)
      at Object.input 
(node_modules/@testing-library/user-event/dist/cjs/event/input.js:37:9)
      at node_modules/@testing-library/user-event/dist/cjs/event/behavior/keypr
ess.js:31:26
      at Object.dispatchEvent (node_modules/@testing-library/user-event/dist/cj
s/event/dispatchEvent.js:41:13)
      at Object.dispatchUIEvent (node_modules/@testing-library/user-event/dist/
cjs/event/dispatchEvent.js:22:26)
      at KeyboardHost.keydown 
(node_modules/@testing-library/user-event/dist/cjs/system/keyboard.js:76:22)
      at keyboardAction 
(node_modules/@testing-library/user-event/dist/cjs/keyboard/index.js:22:35)
      at Object.keyboard 
(node_modules/@testing-library/user-event/dist/cjs/keyboard/index.js:11:15)
      at Object.type 
(node_modules/@testing-library/user-event/dist/cjs/utility/type.js:17:5)
      at Object.<anonymous> (src/profile/profile.test.tsx:251:9)

    console.error
      Warning: An update to ProfilePage inside a test was not wrapped in 
act(...).
      
      When testing, code that causes React state updates should be wrapped 
into act(...):
      
      act(() => {
        /* fire events that update state */
      });
      /* assert on the output */
      
      This ensures that you're testing the behavior the user would see in the 
browser. Learn more at https://reactjs.org/link/wrap-tests-with-act
          at ProfilePage 
(C:\Users\samhe\OneDrive\Desktop\Cleaned\frontend\src\profile\index.tsx:25:41)
          at basenameProp (C:\Users\samhe\OneDrive\Desktop\Cleaned\frontend\nod
e_modules\react-router\lib\components.tsx:421:13)
          at basename (C:\Users\samhe\OneDrive\Desktop\Cleaned\frontend\node_mo
dules\react-router\lib\components.tsx:225:3)

      196 |               className="border border-gray-300 rounded-md px-3 
py-2 text-sm"
      197 |               value={confirmPassword}
    > 198 |               onChange={e => setConfirmPassword(e.target.value)}
          |                              ^
      199 |             />
      200 |             {confirmPassword && !passwordsMatch && (
      201 |               <p className="text-sm text-red-600">Passwords do not 
match</p>

      at printWarning 
(node_modules/react-dom/cjs/react-dom.development.js:86:30)
      at error (node_modules/react-dom/cjs/react-dom.development.js:60:7)
      at warnIfUpdatesNotWrappedWithActDEV 
(node_modules/react-dom/cjs/react-dom.development.js:27628:9)
      at scheduleUpdateOnFiber 
(node_modules/react-dom/cjs/react-dom.development.js:25547:5)
      at dispatchSetState 
(node_modules/react-dom/cjs/react-dom.development.js:16708:7)
      at onChange (src/profile/index.tsx:198:30)
      at HTMLUnknownElement.callCallback 
(node_modules/react-dom/cjs/react-dom.development.js:4164:14)
      at HTMLUnknownElement.callTheUserObjectsOperation 
(node_modules/jsdom/lib/jsdom/living/generated/EventListener.js:26:30)
      at innerInvokeEventListeners 
(node_modules/jsdom/lib/jsdom/living/events/EventTarget-impl.js:350:25)
      at invokeEventListeners 
(node_modules/jsdom/lib/jsdom/living/events/EventTarget-impl.js:286:3)
      at HTMLUnknownElementImpl._dispatch 
(node_modules/jsdom/lib/jsdom/living/events/EventTarget-impl.js:233:9)
      at HTMLUnknownElementImpl.dispatchEvent 
(node_modules/jsdom/lib/jsdom/living/events/EventTarget-impl.js:104:17)
      at HTMLUnknownElement.dispatchEvent 
(node_modules/jsdom/lib/jsdom/living/generated/EventTarget.js:241:34)
      at Object.invokeGuardedCallbackDev 
(node_modules/react-dom/cjs/react-dom.development.js:4213:16)
      at invokeGuardedCallback 
(node_modules/react-dom/cjs/react-dom.development.js:4277:31)
      at invokeGuardedCallbackAndCatchFirstError 
(node_modules/react-dom/cjs/react-dom.development.js:4291:25)
      at executeDispatch 
(node_modules/react-dom/cjs/react-dom.development.js:9041:3)
      at processDispatchQueueItemsInOrder 
(node_modules/react-dom/cjs/react-dom.development.js:9073:7)
      at processDispatchQueue 
(node_modules/react-dom/cjs/react-dom.development.js:9086:5)
      at dispatchEventsForPlugins 
(node_modules/react-dom/cjs/react-dom.development.js:9097:3)
      at node_modules/react-dom/cjs/react-dom.development.js:9288:12
      at batchedUpdates$1 
(node_modules/react-dom/cjs/react-dom.development.js:26179:12)
      at batchedUpdates 
(node_modules/react-dom/cjs/react-dom.development.js:3991:12)
      at dispatchEventForPluginEventSystem 
(node_modules/react-dom/cjs/react-dom.development.js:9287:3)
      at dispatchEventWithEnableCapturePhaseSelectiveHydrationWithoutDiscreteEv
entReplay (node_modules/react-dom/cjs/react-dom.development.js:6465:5)
      at dispatchEvent 
(node_modules/react-dom/cjs/react-dom.development.js:6457:5)
      at dispatchDiscreteEvent 
(node_modules/react-dom/cjs/react-dom.development.js:6430:5)
      at HTMLDivElement.callTheUserObjectsOperation 
(node_modules/jsdom/lib/jsdom/living/generated/EventListener.js:26:30)
      at innerInvokeEventListeners 
(node_modules/jsdom/lib/jsdom/living/events/EventTarget-impl.js:350:25)
      at invokeEventListeners 
(node_modules/jsdom/lib/jsdom/living/events/EventTarget-impl.js:286:3)
      at HTMLInputElementImpl._dispatch 
(node_modules/jsdom/lib/jsdom/living/events/EventTarget-impl.js:233:9)
      at HTMLInputElementImpl.dispatchEvent 
(node_modules/jsdom/lib/jsdom/living/events/EventTarget-impl.js:104:17)
      at HTMLInputElement.dispatchEvent 
(node_modules/jsdom/lib/jsdom/living/generated/EventTarget.js:241:34)
      at 
node_modules/@testing-library/user-event/dist/cjs/event/dispatchEvent.js:45:43
      at Object.eventWrapper 
(node_modules/@testing-library/dom/dist/config.js:25:23)
      at Object.wrapEvent 
(node_modules/@testing-library/user-event/dist/cjs/event/wrapEvent.js:6:28)
      at Object.dispatchEvent (node_modules/@testing-library/user-event/dist/cj
s/event/dispatchEvent.js:45:22)
      at Object.dispatchUIEvent (node_modules/@testing-library/user-event/dist/
cjs/event/dispatchEvent.js:22:26)
      at commitInput 
(node_modules/@testing-library/user-event/dist/cjs/event/input.js:145:14)
      at editInputElement 
(node_modules/@testing-library/user-event/dist/cjs/event/input.js:115:9)
      at Object.input 
(node_modules/@testing-library/user-event/dist/cjs/event/input.js:37:9)
      at node_modules/@testing-library/user-event/dist/cjs/event/behavior/keypr
ess.js:31:26
      at Object.dispatchEvent (node_modules/@testing-library/user-event/dist/cj
s/event/dispatchEvent.js:41:13)
      at Object.dispatchUIEvent (node_modules/@testing-library/user-event/dist/
cjs/event/dispatchEvent.js:22:26)
      at KeyboardHost.keydown 
(node_modules/@testing-library/user-event/dist/cjs/system/keyboard.js:76:22)
      at keyboardAction 
(node_modules/@testing-library/user-event/dist/cjs/keyboard/index.js:22:35)
      at Object.keyboard 
(node_modules/@testing-library/user-event/dist/cjs/keyboard/index.js:11:15)
      at Object.type 
(node_modules/@testing-library/user-event/dist/cjs/utility/type.js:17:5)
      at Object.<anonymous> (src/profile/profile.test.tsx:251:9)

    console.error
      Warning: An update to ProfilePage inside a test was not wrapped in 
act(...).
      
      When testing, code that causes React state updates should be wrapped 
into act(...):
      
      act(() => {
        /* fire events that update state */
      });
      /* assert on the output */
      
      This ensures that you're testing the behavior the user would see in the 
browser. Learn more at https://reactjs.org/link/wrap-tests-with-act
          at ProfilePage 
(C:\Users\samhe\OneDrive\Desktop\Cleaned\frontend\src\profile\index.tsx:25:41)
          at basenameProp (C:\Users\samhe\OneDrive\Desktop\Cleaned\frontend\nod
e_modules\react-router\lib\components.tsx:421:13)
          at basename (C:\Users\samhe\OneDrive\Desktop\Cleaned\frontend\node_mo
dules\react-router\lib\components.tsx:225:3)

      196 |               className="border border-gray-300 rounded-md px-3 
py-2 text-sm"
      197 |               value={confirmPassword}
    > 198 |               onChange={e => setConfirmPassword(e.target.value)}
          |                              ^
      199 |             />
      200 |             {confirmPassword && !passwordsMatch && (
      201 |               <p className="text-sm text-red-600">Passwords do not 
match</p>

      at printWarning 
(node_modules/react-dom/cjs/react-dom.development.js:86:30)
      at error (node_modules/react-dom/cjs/react-dom.development.js:60:7)
      at warnIfUpdatesNotWrappedWithActDEV 
(node_modules/react-dom/cjs/react-dom.development.js:27628:9)
      at scheduleUpdateOnFiber 
(node_modules/react-dom/cjs/react-dom.development.js:25547:5)
      at dispatchSetState 
(node_modules/react-dom/cjs/react-dom.development.js:16708:7)
      at onChange (src/profile/index.tsx:198:30)
      at HTMLUnknownElement.callCallback 
(node_modules/react-dom/cjs/react-dom.development.js:4164:14)
      at HTMLUnknownElement.callTheUserObjectsOperation 
(node_modules/jsdom/lib/jsdom/living/generated/EventListener.js:26:30)
      at innerInvokeEventListeners 
(node_modules/jsdom/lib/jsdom/living/events/EventTarget-impl.js:350:25)
      at invokeEventListeners 
(node_modules/jsdom/lib/jsdom/living/events/EventTarget-impl.js:286:3)
      at HTMLUnknownElementImpl._dispatch 
(node_modules/jsdom/lib/jsdom/living/events/EventTarget-impl.js:233:9)
      at HTMLUnknownElementImpl.dispatchEvent 
(node_modules/jsdom/lib/jsdom/living/events/EventTarget-impl.js:104:17)
      at HTMLUnknownElement.dispatchEvent 
(node_modules/jsdom/lib/jsdom/living/generated/EventTarget.js:241:34)
      at Object.invokeGuardedCallbackDev 
(node_modules/react-dom/cjs/react-dom.development.js:4213:16)
      at invokeGuardedCallback 
(node_modules/react-dom/cjs/react-dom.development.js:4277:31)
      at invokeGuardedCallbackAndCatchFirstError 
(node_modules/react-dom/cjs/react-dom.development.js:4291:25)
      at executeDispatch 
(node_modules/react-dom/cjs/react-dom.development.js:9041:3)
      at processDispatchQueueItemsInOrder 
(node_modules/react-dom/cjs/react-dom.development.js:9073:7)
      at processDispatchQueue 
(node_modules/react-dom/cjs/react-dom.development.js:9086:5)
      at dispatchEventsForPlugins 
(node_modules/react-dom/cjs/react-dom.development.js:9097:3)
      at node_modules/react-dom/cjs/react-dom.development.js:9288:12
      at batchedUpdates$1 
(node_modules/react-dom/cjs/react-dom.development.js:26179:12)
      at batchedUpdates 
(node_modules/react-dom/cjs/react-dom.development.js:3991:12)
      at dispatchEventForPluginEventSystem 
(node_modules/react-dom/cjs/react-dom.development.js:9287:3)
      at dispatchEventWithEnableCapturePhaseSelectiveHydrationWithoutDiscreteEv
entReplay (node_modules/react-dom/cjs/react-dom.development.js:6465:5)
      at dispatchEvent 
(node_modules/react-dom/cjs/react-dom.development.js:6457:5)
      at dispatchDiscreteEvent 
(node_modules/react-dom/cjs/react-dom.development.js:6430:5)
      at HTMLDivElement.callTheUserObjectsOperation 
(node_modules/jsdom/lib/jsdom/living/generated/EventListener.js:26:30)
      at innerInvokeEventListeners 
(node_modules/jsdom/lib/jsdom/living/events/EventTarget-impl.js:350:25)
      at invokeEventListeners 
(node_modules/jsdom/lib/jsdom/living/events/EventTarget-impl.js:286:3)
      at HTMLInputElementImpl._dispatch 
(node_modules/jsdom/lib/jsdom/living/events/EventTarget-impl.js:233:9)
      at HTMLInputElementImpl.dispatchEvent 
(node_modules/jsdom/lib/jsdom/living/events/EventTarget-impl.js:104:17)
      at HTMLInputElement.dispatchEvent 
(node_modules/jsdom/lib/jsdom/living/generated/EventTarget.js:241:34)
      at 
node_modules/@testing-library/user-event/dist/cjs/event/dispatchEvent.js:45:43
      at Object.eventWrapper 
(node_modules/@testing-library/dom/dist/config.js:25:23)
      at Object.wrapEvent 
(node_modules/@testing-library/user-event/dist/cjs/event/wrapEvent.js:6:28)
      at Object.dispatchEvent (node_modules/@testing-library/user-event/dist/cj
s/event/dispatchEvent.js:45:22)
      at Object.dispatchUIEvent (node_modules/@testing-library/user-event/dist/
cjs/event/dispatchEvent.js:22:26)
      at commitInput 
(node_modules/@testing-library/user-event/dist/cjs/event/input.js:145:14)
      at editInputElement 
(node_modules/@testing-library/user-event/dist/cjs/event/input.js:115:9)
      at Object.input 
(node_modules/@testing-library/user-event/dist/cjs/event/input.js:37:9)
      at node_modules/@testing-library/user-event/dist/cjs/event/behavior/keypr
ess.js:31:26
      at Object.dispatchEvent (node_modules/@testing-library/user-event/dist/cj
s/event/dispatchEvent.js:41:13)
      at Object.dispatchUIEvent (node_modules/@testing-library/user-event/dist/
cjs/event/dispatchEvent.js:22:26)
      at KeyboardHost.keydown 
(node_modules/@testing-library/user-event/dist/cjs/system/keyboard.js:76:22)
      at keyboardAction 
(node_modules/@testing-library/user-event/dist/cjs/keyboard/index.js:22:35)
      at Object.keyboard 
(node_modules/@testing-library/user-event/dist/cjs/keyboard/index.js:11:15)
      at Object.type 
(node_modules/@testing-library/user-event/dist/cjs/utility/type.js:17:5)
      at Object.<anonymous> (src/profile/profile.test.tsx:251:9)

    console.error
      Warning: An update to ProfilePage inside a test was not wrapped in 
act(...).
      
      When testing, code that causes React state updates should be wrapped 
into act(...):
      
      act(() => {
        /* fire events that update state */
      });
      /* assert on the output */
      
      This ensures that you're testing the behavior the user would see in the 
browser. Learn more at https://reactjs.org/link/wrap-tests-with-act
          at ProfilePage 
(C:\Users\samhe\OneDrive\Desktop\Cleaned\frontend\src\profile\index.tsx:25:41)
          at basenameProp (C:\Users\samhe\OneDrive\Desktop\Cleaned\frontend\nod
e_modules\react-router\lib\components.tsx:421:13)
          at basename (C:\Users\samhe\OneDrive\Desktop\Cleaned\frontend\node_mo
dules\react-router\lib\components.tsx:225:3)

      196 |               className="border border-gray-300 rounded-md px-3 
py-2 text-sm"
      197 |               value={confirmPassword}
    > 198 |               onChange={e => setConfirmPassword(e.target.value)}
          |                              ^
      199 |             />
      200 |             {confirmPassword && !passwordsMatch && (
      201 |               <p className="text-sm text-red-600">Passwords do not 
match</p>

      at printWarning 
(node_modules/react-dom/cjs/react-dom.development.js:86:30)
      at error (node_modules/react-dom/cjs/react-dom.development.js:60:7)
      at warnIfUpdatesNotWrappedWithActDEV 
(node_modules/react-dom/cjs/react-dom.development.js:27628:9)
      at scheduleUpdateOnFiber 
(node_modules/react-dom/cjs/react-dom.development.js:25547:5)
      at dispatchSetState 
(node_modules/react-dom/cjs/react-dom.development.js:16708:7)
      at onChange (src/profile/index.tsx:198:30)
      at HTMLUnknownElement.callCallback 
(node_modules/react-dom/cjs/react-dom.development.js:4164:14)
      at HTMLUnknownElement.callTheUserObjectsOperation 
(node_modules/jsdom/lib/jsdom/living/generated/EventListener.js:26:30)
      at innerInvokeEventListeners 
(node_modules/jsdom/lib/jsdom/living/events/EventTarget-impl.js:350:25)
      at invokeEventListeners 
(node_modules/jsdom/lib/jsdom/living/events/EventTarget-impl.js:286:3)
      at HTMLUnknownElementImpl._dispatch 
(node_modules/jsdom/lib/jsdom/living/events/EventTarget-impl.js:233:9)
      at HTMLUnknownElementImpl.dispatchEvent 
(node_modules/jsdom/lib/jsdom/living/events/EventTarget-impl.js:104:17)
      at HTMLUnknownElement.dispatchEvent 
(node_modules/jsdom/lib/jsdom/living/generated/EventTarget.js:241:34)
      at Object.invokeGuardedCallbackDev 
(node_modules/react-dom/cjs/react-dom.development.js:4213:16)
      at invokeGuardedCallback 
(node_modules/react-dom/cjs/react-dom.development.js:4277:31)
      at invokeGuardedCallbackAndCatchFirstError 
(node_modules/react-dom/cjs/react-dom.development.js:4291:25)
      at executeDispatch 
(node_modules/react-dom/cjs/react-dom.development.js:9041:3)
      at processDispatchQueueItemsInOrder 
(node_modules/react-dom/cjs/react-dom.development.js:9073:7)
      at processDispatchQueue 
(node_modules/react-dom/cjs/react-dom.development.js:9086:5)
      at dispatchEventsForPlugins 
(node_modules/react-dom/cjs/react-dom.development.js:9097:3)
      at node_modules/react-dom/cjs/react-dom.development.js:9288:12
      at batchedUpdates$1 
(node_modules/react-dom/cjs/react-dom.development.js:26179:12)
      at batchedUpdates 
(node_modules/react-dom/cjs/react-dom.development.js:3991:12)
      at dispatchEventForPluginEventSystem 
(node_modules/react-dom/cjs/react-dom.development.js:9287:3)
      at dispatchEventWithEnableCapturePhaseSelectiveHydrationWithoutDiscreteEv
entReplay (node_modules/react-dom/cjs/react-dom.development.js:6465:5)
      at dispatchEvent 
(node_modules/react-dom/cjs/react-dom.development.js:6457:5)
      at dispatchDiscreteEvent 
(node_modules/react-dom/cjs/react-dom.development.js:6430:5)
      at HTMLDivElement.callTheUserObjectsOperation 
(node_modules/jsdom/lib/jsdom/living/generated/EventListener.js:26:30)
      at innerInvokeEventListeners 
(node_modules/jsdom/lib/jsdom/living/events/EventTarget-impl.js:350:25)
      at invokeEventListeners 
(node_modules/jsdom/lib/jsdom/living/events/EventTarget-impl.js:286:3)
      at HTMLInputElementImpl._dispatch 
(node_modules/jsdom/lib/jsdom/living/events/EventTarget-impl.js:233:9)
      at HTMLInputElementImpl.dispatchEvent 
(node_modules/jsdom/lib/jsdom/living/events/EventTarget-impl.js:104:17)
      at HTMLInputElement.dispatchEvent 
(node_modules/jsdom/lib/jsdom/living/generated/EventTarget.js:241:34)
      at 
node_modules/@testing-library/user-event/dist/cjs/event/dispatchEvent.js:45:43
      at Object.eventWrapper 
(node_modules/@testing-library/dom/dist/config.js:25:23)
      at Object.wrapEvent 
(node_modules/@testing-library/user-event/dist/cjs/event/wrapEvent.js:6:28)
      at Object.dispatchEvent (node_modules/@testing-library/user-event/dist/cj
s/event/dispatchEvent.js:45:22)
      at Object.dispatchUIEvent (node_modules/@testing-library/user-event/dist/
cjs/event/dispatchEvent.js:22:26)
      at commitInput 
(node_modules/@testing-library/user-event/dist/cjs/event/input.js:145:14)
      at editInputElement 
(node_modules/@testing-library/user-event/dist/cjs/event/input.js:115:9)
      at Object.input 
(node_modules/@testing-library/user-event/dist/cjs/event/input.js:37:9)
      at node_modules/@testing-library/user-event/dist/cjs/event/behavior/keypr
ess.js:31:26
      at Object.dispatchEvent (node_modules/@testing-library/user-event/dist/cj
s/event/dispatchEvent.js:41:13)
      at Object.dispatchUIEvent (node_modules/@testing-library/user-event/dist/
cjs/event/dispatchEvent.js:22:26)
      at KeyboardHost.keydown 
(node_modules/@testing-library/user-event/dist/cjs/system/keyboard.js:76:22)
      at keyboardAction 
(node_modules/@testing-library/user-event/dist/cjs/keyboard/index.js:22:35)
      at Object.keyboard 
(node_modules/@testing-library/user-event/dist/cjs/keyboard/index.js:11:15)
      at Object.type 
(node_modules/@testing-library/user-event/dist/cjs/utility/type.js:17:5)
      at Object.<anonymous> (src/profile/profile.test.tsx:251:9)

    console.error
      Warning: An update to ProfilePage inside a test was not wrapped in 
act(...).
      
      When testing, code that causes React state updates should be wrapped 
into act(...):
      
      act(() => {
        /* fire events that update state */
      });
      /* assert on the output */
      
      This ensures that you're testing the behavior the user would see in the 
browser. Learn more at https://reactjs.org/link/wrap-tests-with-act
          at ProfilePage 
(C:\Users\samhe\OneDrive\Desktop\Cleaned\frontend\src\profile\index.tsx:25:41)
          at basenameProp (C:\Users\samhe\OneDrive\Desktop\Cleaned\frontend\nod
e_modules\react-router\lib\components.tsx:421:13)
          at basename (C:\Users\samhe\OneDrive\Desktop\Cleaned\frontend\node_mo
dules\react-router\lib\components.tsx:225:3)

      196 |               className="border border-gray-300 rounded-md px-3 
py-2 text-sm"
      197 |               value={confirmPassword}
    > 198 |               onChange={e => setConfirmPassword(e.target.value)}
          |                              ^
      199 |             />
      200 |             {confirmPassword && !passwordsMatch && (
      201 |               <p className="text-sm text-red-600">Passwords do not 
match</p>

      at printWarning 
(node_modules/react-dom/cjs/react-dom.development.js:86:30)
      at error (node_modules/react-dom/cjs/react-dom.development.js:60:7)
      at warnIfUpdatesNotWrappedWithActDEV 
(node_modules/react-dom/cjs/react-dom.development.js:27628:9)
      at scheduleUpdateOnFiber 
(node_modules/react-dom/cjs/react-dom.development.js:25547:5)
      at dispatchSetState 
(node_modules/react-dom/cjs/react-dom.development.js:16708:7)
      at onChange (src/profile/index.tsx:198:30)
      at HTMLUnknownElement.callCallback 
(node_modules/react-dom/cjs/react-dom.development.js:4164:14)
      at HTMLUnknownElement.callTheUserObjectsOperation 
(node_modules/jsdom/lib/jsdom/living/generated/EventListener.js:26:30)
      at innerInvokeEventListeners 
(node_modules/jsdom/lib/jsdom/living/events/EventTarget-impl.js:350:25)
      at invokeEventListeners 
(node_modules/jsdom/lib/jsdom/living/events/EventTarget-impl.js:286:3)
      at HTMLUnknownElementImpl._dispatch 
(node_modules/jsdom/lib/jsdom/living/events/EventTarget-impl.js:233:9)
      at HTMLUnknownElementImpl.dispatchEvent 
(node_modules/jsdom/lib/jsdom/living/events/EventTarget-impl.js:104:17)
      at HTMLUnknownElement.dispatchEvent 
(node_modules/jsdom/lib/jsdom/living/generated/EventTarget.js:241:34)
      at Object.invokeGuardedCallbackDev 
(node_modules/react-dom/cjs/react-dom.development.js:4213:16)
      at invokeGuardedCallback 
(node_modules/react-dom/cjs/react-dom.development.js:4277:31)
      at invokeGuardedCallbackAndCatchFirstError 
(node_modules/react-dom/cjs/react-dom.development.js:4291:25)
      at executeDispatch 
(node_modules/react-dom/cjs/react-dom.development.js:9041:3)
      at processDispatchQueueItemsInOrder 
(node_modules/react-dom/cjs/react-dom.development.js:9073:7)
      at processDispatchQueue 
(node_modules/react-dom/cjs/react-dom.development.js:9086:5)
      at dispatchEventsForPlugins 
(node_modules/react-dom/cjs/react-dom.development.js:9097:3)
      at node_modules/react-dom/cjs/react-dom.development.js:9288:12
      at batchedUpdates$1 
(node_modules/react-dom/cjs/react-dom.development.js:26179:12)
      at batchedUpdates 
(node_modules/react-dom/cjs/react-dom.development.js:3991:12)
      at dispatchEventForPluginEventSystem 
(node_modules/react-dom/cjs/react-dom.development.js:9287:3)
      at dispatchEventWithEnableCapturePhaseSelectiveHydrationWithoutDiscreteEv
entReplay (node_modules/react-dom/cjs/react-dom.development.js:6465:5)
      at dispatchEvent 
(node_modules/react-dom/cjs/react-dom.development.js:6457:5)
      at dispatchDiscreteEvent 
(node_modules/react-dom/cjs/react-dom.development.js:6430:5)
      at HTMLDivElement.callTheUserObjectsOperation 
(node_modules/jsdom/lib/jsdom/living/generated/EventListener.js:26:30)
      at innerInvokeEventListeners 
(node_modules/jsdom/lib/jsdom/living/events/EventTarget-impl.js:350:25)
      at invokeEventListeners 
(node_modules/jsdom/lib/jsdom/living/events/EventTarget-impl.js:286:3)
      at HTMLInputElementImpl._dispatch 
(node_modules/jsdom/lib/jsdom/living/events/EventTarget-impl.js:233:9)
      at HTMLInputElementImpl.dispatchEvent 
(node_modules/jsdom/lib/jsdom/living/events/EventTarget-impl.js:104:17)
      at HTMLInputElement.dispatchEvent 
(node_modules/jsdom/lib/jsdom/living/generated/EventTarget.js:241:34)
      at 
node_modules/@testing-library/user-event/dist/cjs/event/dispatchEvent.js:45:43
      at Object.eventWrapper 
(node_modules/@testing-library/dom/dist/config.js:25:23)
      at Object.wrapEvent 
(node_modules/@testing-library/user-event/dist/cjs/event/wrapEvent.js:6:28)
      at Object.dispatchEvent (node_modules/@testing-library/user-event/dist/cj
s/event/dispatchEvent.js:45:22)
      at Object.dispatchUIEvent (node_modules/@testing-library/user-event/dist/
cjs/event/dispatchEvent.js:22:26)
      at commitInput 
(node_modules/@testing-library/user-event/dist/cjs/event/input.js:145:14)
      at editInputElement 
(node_modules/@testing-library/user-event/dist/cjs/event/input.js:115:9)
      at Object.input 
(node_modules/@testing-library/user-event/dist/cjs/event/input.js:37:9)
      at node_modules/@testing-library/user-event/dist/cjs/event/behavior/keypr
ess.js:31:26
      at Object.dispatchEvent (node_modules/@testing-library/user-event/dist/cj
s/event/dispatchEvent.js:41:13)
      at Object.dispatchUIEvent (node_modules/@testing-library/user-event/dist/
cjs/event/dispatchEvent.js:22:26)
      at KeyboardHost.keydown 
(node_modules/@testing-library/user-event/dist/cjs/system/keyboard.js:76:22)
      at keyboardAction 
(node_modules/@testing-library/user-event/dist/cjs/keyboard/index.js:22:35)
      at Object.keyboard 
(node_modules/@testing-library/user-event/dist/cjs/keyboard/index.js:11:15)
      at Object.type 
(node_modules/@testing-library/user-event/dist/cjs/utility/type.js:17:5)
      at Object.<anonymous> (src/profile/profile.test.tsx:251:9)

    console.error
      Warning: An update to ProfilePage inside a test was not wrapped in 
act(...).
      
      When testing, code that causes React state updates should be wrapped 
into act(...):
      
      act(() => {
        /* fire events that update state */
      });
      /* assert on the output */
      
      This ensures that you're testing the behavior the user would see in the 
browser. Learn more at https://reactjs.org/link/wrap-tests-with-act
          at ProfilePage 
(C:\Users\samhe\OneDrive\Desktop\Cleaned\frontend\src\profile\index.tsx:25:41)
          at basenameProp (C:\Users\samhe\OneDrive\Desktop\Cleaned\frontend\nod
e_modules\react-router\lib\components.tsx:421:13)
          at basename (C:\Users\samhe\OneDrive\Desktop\Cleaned\frontend\node_mo
dules\react-router\lib\components.tsx:225:3)

      196 |               className="border border-gray-300 rounded-md px-3 
py-2 text-sm"
      197 |               value={confirmPassword}
    > 198 |               onChange={e => setConfirmPassword(e.target.value)}
          |                              ^
      199 |             />
      200 |             {confirmPassword && !passwordsMatch && (
      201 |               <p className="text-sm text-red-600">Passwords do not 
match</p>

      at printWarning 
(node_modules/react-dom/cjs/react-dom.development.js:86:30)
      at error (node_modules/react-dom/cjs/react-dom.development.js:60:7)
      at warnIfUpdatesNotWrappedWithActDEV 
(node_modules/react-dom/cjs/react-dom.development.js:27628:9)
      at scheduleUpdateOnFiber 
(node_modules/react-dom/cjs/react-dom.development.js:25547:5)
      at dispatchSetState 
(node_modules/react-dom/cjs/react-dom.development.js:16708:7)
      at onChange (src/profile/index.tsx:198:30)
      at HTMLUnknownElement.callCallback 
(node_modules/react-dom/cjs/react-dom.development.js:4164:14)
      at HTMLUnknownElement.callTheUserObjectsOperation 
(node_modules/jsdom/lib/jsdom/living/generated/EventListener.js:26:30)
      at innerInvokeEventListeners 
(node_modules/jsdom/lib/jsdom/living/events/EventTarget-impl.js:350:25)
      at invokeEventListeners 
(node_modules/jsdom/lib/jsdom/living/events/EventTarget-impl.js:286:3)
      at HTMLUnknownElementImpl._dispatch 
(node_modules/jsdom/lib/jsdom/living/events/EventTarget-impl.js:233:9)
      at HTMLUnknownElementImpl.dispatchEvent 
(node_modules/jsdom/lib/jsdom/living/events/EventTarget-impl.js:104:17)
      at HTMLUnknownElement.dispatchEvent 
(node_modules/jsdom/lib/jsdom/living/generated/EventTarget.js:241:34)
      at Object.invokeGuardedCallbackDev 
(node_modules/react-dom/cjs/react-dom.development.js:4213:16)
      at invokeGuardedCallback 
(node_modules/react-dom/cjs/react-dom.development.js:4277:31)
      at invokeGuardedCallbackAndCatchFirstError 
(node_modules/react-dom/cjs/react-dom.development.js:4291:25)
      at executeDispatch 
(node_modules/react-dom/cjs/react-dom.development.js:9041:3)
      at processDispatchQueueItemsInOrder 
(node_modules/react-dom/cjs/react-dom.development.js:9073:7)
      at processDispatchQueue 
(node_modules/react-dom/cjs/react-dom.development.js:9086:5)
      at dispatchEventsForPlugins 
(node_modules/react-dom/cjs/react-dom.development.js:9097:3)
      at node_modules/react-dom/cjs/react-dom.development.js:9288:12
      at batchedUpdates$1 
(node_modules/react-dom/cjs/react-dom.development.js:26179:12)
      at batchedUpdates 
(node_modules/react-dom/cjs/react-dom.development.js:3991:12)
      at dispatchEventForPluginEventSystem 
(node_modules/react-dom/cjs/react-dom.development.js:9287:3)
      at dispatchEventWithEnableCapturePhaseSelectiveHydrationWithoutDiscreteEv
entReplay (node_modules/react-dom/cjs/react-dom.development.js:6465:5)
      at dispatchEvent 
(node_modules/react-dom/cjs/react-dom.development.js:6457:5)
      at dispatchDiscreteEvent 
(node_modules/react-dom/cjs/react-dom.development.js:6430:5)
      at HTMLDivElement.callTheUserObjectsOperation 
(node_modules/jsdom/lib/jsdom/living/generated/EventListener.js:26:30)
      at innerInvokeEventListeners 
(node_modules/jsdom/lib/jsdom/living/events/EventTarget-impl.js:350:25)
      at invokeEventListeners 
(node_modules/jsdom/lib/jsdom/living/events/EventTarget-impl.js:286:3)
      at HTMLInputElementImpl._dispatch 
(node_modules/jsdom/lib/jsdom/living/events/EventTarget-impl.js:233:9)
      at HTMLInputElementImpl.dispatchEvent 
(node_modules/jsdom/lib/jsdom/living/events/EventTarget-impl.js:104:17)
      at HTMLInputElement.dispatchEvent 
(node_modules/jsdom/lib/jsdom/living/generated/EventTarget.js:241:34)
      at 
node_modules/@testing-library/user-event/dist/cjs/event/dispatchEvent.js:45:43
      at Object.eventWrapper 
(node_modules/@testing-library/dom/dist/config.js:25:23)
      at Object.wrapEvent 
(node_modules/@testing-library/user-event/dist/cjs/event/wrapEvent.js:6:28)
      at Object.dispatchEvent (node_modules/@testing-library/user-event/dist/cj
s/event/dispatchEvent.js:45:22)
      at Object.dispatchUIEvent (node_modules/@testing-library/user-event/dist/
cjs/event/dispatchEvent.js:22:26)
      at commitInput 
(node_modules/@testing-library/user-event/dist/cjs/event/input.js:145:14)
      at editInputElement 
(node_modules/@testing-library/user-event/dist/cjs/event/input.js:115:9)
      at Object.input 
(node_modules/@testing-library/user-event/dist/cjs/event/input.js:37:9)
      at node_modules/@testing-library/user-event/dist/cjs/event/behavior/keypr
ess.js:31:26
      at Object.dispatchEvent (node_modules/@testing-library/user-event/dist/cj
s/event/dispatchEvent.js:41:13)
      at Object.dispatchUIEvent (node_modules/@testing-library/user-event/dist/
cjs/event/dispatchEvent.js:22:26)
      at KeyboardHost.keydown 
(node_modules/@testing-library/user-event/dist/cjs/system/keyboard.js:76:22)
      at keyboardAction 
(node_modules/@testing-library/user-event/dist/cjs/keyboard/index.js:22:35)
      at Object.keyboard 
(node_modules/@testing-library/user-event/dist/cjs/keyboard/index.js:11:15)
      at Object.type 
(node_modules/@testing-library/user-event/dist/cjs/utility/type.js:17:5)
      at Object.<anonymous> (src/profile/profile.test.tsx:251:9)

    console.error
      Warning: An update to ProfilePage inside a test was not wrapped in 
act(...).
      
      When testing, code that causes React state updates should be wrapped 
into act(...):
      
      act(() => {
        /* fire events that update state */
      });
      /* assert on the output */
      
      This ensures that you're testing the behavior the user would see in the 
browser. Learn more at https://reactjs.org/link/wrap-tests-with-act
          at ProfilePage 
(C:\Users\samhe\OneDrive\Desktop\Cleaned\frontend\src\profile\index.tsx:25:41)
          at basenameProp (C:\Users\samhe\OneDrive\Desktop\Cleaned\frontend\nod
e_modules\react-router\lib\components.tsx:421:13)
          at basename (C:\Users\samhe\OneDrive\Desktop\Cleaned\frontend\node_mo
dules\react-router\lib\components.tsx:225:3)

      196 |               className="border border-gray-300 rounded-md px-3 
py-2 text-sm"
      197 |               value={confirmPassword}
    > 198 |               onChange={e => setConfirmPassword(e.target.value)}
          |                              ^
      199 |             />
      200 |             {confirmPassword && !passwordsMatch && (
      201 |               <p className="text-sm text-red-600">Passwords do not 
match</p>

      at printWarning 
(node_modules/react-dom/cjs/react-dom.development.js:86:30)
      at error (node_modules/react-dom/cjs/react-dom.development.js:60:7)
      at warnIfUpdatesNotWrappedWithActDEV 
(node_modules/react-dom/cjs/react-dom.development.js:27628:9)
      at scheduleUpdateOnFiber 
(node_modules/react-dom/cjs/react-dom.development.js:25547:5)
      at dispatchSetState 
(node_modules/react-dom/cjs/react-dom.development.js:16708:7)
      at onChange (src/profile/index.tsx:198:30)
      at HTMLUnknownElement.callCallback 
(node_modules/react-dom/cjs/react-dom.development.js:4164:14)
      at HTMLUnknownElement.callTheUserObjectsOperation 
(node_modules/jsdom/lib/jsdom/living/generated/EventListener.js:26:30)
      at innerInvokeEventListeners 
(node_modules/jsdom/lib/jsdom/living/events/EventTarget-impl.js:350:25)
      at invokeEventListeners 
(node_modules/jsdom/lib/jsdom/living/events/EventTarget-impl.js:286:3)
      at HTMLUnknownElementImpl._dispatch 
(node_modules/jsdom/lib/jsdom/living/events/EventTarget-impl.js:233:9)
      at HTMLUnknownElementImpl.dispatchEvent 
(node_modules/jsdom/lib/jsdom/living/events/EventTarget-impl.js:104:17)
      at HTMLUnknownElement.dispatchEvent 
(node_modules/jsdom/lib/jsdom/living/generated/EventTarget.js:241:34)
      at Object.invokeGuardedCallbackDev 
(node_modules/react-dom/cjs/react-dom.development.js:4213:16)
      at invokeGuardedCallback 
(node_modules/react-dom/cjs/react-dom.development.js:4277:31)
      at invokeGuardedCallbackAndCatchFirstError 
(node_modules/react-dom/cjs/react-dom.development.js:4291:25)
      at executeDispatch 
(node_modules/react-dom/cjs/react-dom.development.js:9041:3)
      at processDispatchQueueItemsInOrder 
(node_modules/react-dom/cjs/react-dom.development.js:9073:7)
      at processDispatchQueue 
(node_modules/react-dom/cjs/react-dom.development.js:9086:5)
      at dispatchEventsForPlugins 
(node_modules/react-dom/cjs/react-dom.development.js:9097:3)
      at node_modules/react-dom/cjs/react-dom.development.js:9288:12
      at batchedUpdates$1 
(node_modules/react-dom/cjs/react-dom.development.js:26179:12)
      at batchedUpdates 
(node_modules/react-dom/cjs/react-dom.development.js:3991:12)
      at dispatchEventForPluginEventSystem 
(node_modules/react-dom/cjs/react-dom.development.js:9287:3)
      at dispatchEventWithEnableCapturePhaseSelectiveHydrationWithoutDiscreteEv
entReplay (node_modules/react-dom/cjs/react-dom.development.js:6465:5)
      at dispatchEvent 
(node_modules/react-dom/cjs/react-dom.development.js:6457:5)
      at dispatchDiscreteEvent 
(node_modules/react-dom/cjs/react-dom.development.js:6430:5)
      at HTMLDivElement.callTheUserObjectsOperation 
(node_modules/jsdom/lib/jsdom/living/generated/EventListener.js:26:30)
      at innerInvokeEventListeners 
(node_modules/jsdom/lib/jsdom/living/events/EventTarget-impl.js:350:25)
      at invokeEventListeners 
(node_modules/jsdom/lib/jsdom/living/events/EventTarget-impl.js:286:3)
      at HTMLInputElementImpl._dispatch 
(node_modules/jsdom/lib/jsdom/living/events/EventTarget-impl.js:233:9)
      at HTMLInputElementImpl.dispatchEvent 
(node_modules/jsdom/lib/jsdom/living/events/EventTarget-impl.js:104:17)
      at HTMLInputElement.dispatchEvent 
(node_modules/jsdom/lib/jsdom/living/generated/EventTarget.js:241:34)
      at 
node_modules/@testing-library/user-event/dist/cjs/event/dispatchEvent.js:45:43
      at Object.eventWrapper 
(node_modules/@testing-library/dom/dist/config.js:25:23)
      at Object.wrapEvent 
(node_modules/@testing-library/user-event/dist/cjs/event/wrapEvent.js:6:28)
      at Object.dispatchEvent (node_modules/@testing-library/user-event/dist/cj
s/event/dispatchEvent.js:45:22)
      at Object.dispatchUIEvent (node_modules/@testing-library/user-event/dist/
cjs/event/dispatchEvent.js:22:26)
      at commitInput 
(node_modules/@testing-library/user-event/dist/cjs/event/input.js:145:14)
      at editInputElement 
(node_modules/@testing-library/user-event/dist/cjs/event/input.js:115:9)
      at Object.input 
(node_modules/@testing-library/user-event/dist/cjs/event/input.js:37:9)
      at node_modules/@testing-library/user-event/dist/cjs/event/behavior/keypr
ess.js:31:26
      at Object.dispatchEvent (node_modules/@testing-library/user-event/dist/cj
s/event/dispatchEvent.js:41:13)
      at Object.dispatchUIEvent (node_modules/@testing-library/user-event/dist/
cjs/event/dispatchEvent.js:22:26)
      at KeyboardHost.keydown 
(node_modules/@testing-library/user-event/dist/cjs/system/keyboard.js:76:22)
      at keyboardAction 
(node_modules/@testing-library/user-event/dist/cjs/keyboard/index.js:22:35)
      at Object.keyboard 
(node_modules/@testing-library/user-event/dist/cjs/keyboard/index.js:11:15)
      at Object.type 
(node_modules/@testing-library/user-event/dist/cjs/utility/type.js:17:5)
      at Object.<anonymous> (src/profile/profile.test.tsx:251:9)

    console.error
      Warning: An update to ProfilePage inside a test was not wrapped in 
act(...).
      
      When testing, code that causes React state updates should be wrapped 
into act(...):
      
      act(() => {
        /* fire events that update state */
      });
      /* assert on the output */
      
      This ensures that you're testing the behavior the user would see in the 
browser. Learn more at https://reactjs.org/link/wrap-tests-with-act
          at ProfilePage 
(C:\Users\samhe\OneDrive\Desktop\Cleaned\frontend\src\profile\index.tsx:25:41)
          at basenameProp (C:\Users\samhe\OneDrive\Desktop\Cleaned\frontend\nod
e_modules\react-router\lib\components.tsx:421:13)
          at basename (C:\Users\samhe\OneDrive\Desktop\Cleaned\frontend\node_mo
dules\react-router\lib\components.tsx:225:3)

      196 |               className="border border-gray-300 rounded-md px-3 
py-2 text-sm"
      197 |               value={confirmPassword}
    > 198 |               onChange={e => setConfirmPassword(e.target.value)}
          |                              ^
      199 |             />
      200 |             {confirmPassword && !passwordsMatch && (
      201 |               <p className="text-sm text-red-600">Passwords do not 
match</p>

      at printWarning 
(node_modules/react-dom/cjs/react-dom.development.js:86:30)
      at error (node_modules/react-dom/cjs/react-dom.development.js:60:7)
      at warnIfUpdatesNotWrappedWithActDEV 
(node_modules/react-dom/cjs/react-dom.development.js:27628:9)
      at scheduleUpdateOnFiber 
(node_modules/react-dom/cjs/react-dom.development.js:25547:5)
      at dispatchSetState 
(node_modules/react-dom/cjs/react-dom.development.js:16708:7)
      at onChange (src/profile/index.tsx:198:30)
      at HTMLUnknownElement.callCallback 
(node_modules/react-dom/cjs/react-dom.development.js:4164:14)
      at HTMLUnknownElement.callTheUserObjectsOperation 
(node_modules/jsdom/lib/jsdom/living/generated/EventListener.js:26:30)
      at innerInvokeEventListeners 
(node_modules/jsdom/lib/jsdom/living/events/EventTarget-impl.js:350:25)
      at invokeEventListeners 
(node_modules/jsdom/lib/jsdom/living/events/EventTarget-impl.js:286:3)
      at HTMLUnknownElementImpl._dispatch 
(node_modules/jsdom/lib/jsdom/living/events/EventTarget-impl.js:233:9)
      at HTMLUnknownElementImpl.dispatchEvent 
(node_modules/jsdom/lib/jsdom/living/events/EventTarget-impl.js:104:17)
      at HTMLUnknownElement.dispatchEvent 
(node_modules/jsdom/lib/jsdom/living/generated/EventTarget.js:241:34)
      at Object.invokeGuardedCallbackDev 
(node_modules/react-dom/cjs/react-dom.development.js:4213:16)
      at invokeGuardedCallback 
(node_modules/react-dom/cjs/react-dom.development.js:4277:31)
      at invokeGuardedCallbackAndCatchFirstError 
(node_modules/react-dom/cjs/react-dom.development.js:4291:25)
      at executeDispatch 
(node_modules/react-dom/cjs/react-dom.development.js:9041:3)
      at processDispatchQueueItemsInOrder 
(node_modules/react-dom/cjs/react-dom.development.js:9073:7)
      at processDispatchQueue 
(node_modules/react-dom/cjs/react-dom.development.js:9086:5)
      at dispatchEventsForPlugins 
(node_modules/react-dom/cjs/react-dom.development.js:9097:3)
      at node_modules/react-dom/cjs/react-dom.development.js:9288:12
      at batchedUpdates$1 
(node_modules/react-dom/cjs/react-dom.development.js:26179:12)
      at batchedUpdates 
(node_modules/react-dom/cjs/react-dom.development.js:3991:12)
      at dispatchEventForPluginEventSystem 
(node_modules/react-dom/cjs/react-dom.development.js:9287:3)
      at dispatchEventWithEnableCapturePhaseSelectiveHydrationWithoutDiscreteEv
entReplay (node_modules/react-dom/cjs/react-dom.development.js:6465:5)
      at dispatchEvent 
(node_modules/react-dom/cjs/react-dom.development.js:6457:5)
      at dispatchDiscreteEvent 
(node_modules/react-dom/cjs/react-dom.development.js:6430:5)
      at HTMLDivElement.callTheUserObjectsOperation 
(node_modules/jsdom/lib/jsdom/living/generated/EventListener.js:26:30)
      at innerInvokeEventListeners 
(node_modules/jsdom/lib/jsdom/living/events/EventTarget-impl.js:350:25)
      at invokeEventListeners 
(node_modules/jsdom/lib/jsdom/living/events/EventTarget-impl.js:286:3)
      at HTMLInputElementImpl._dispatch 
(node_modules/jsdom/lib/jsdom/living/events/EventTarget-impl.js:233:9)
      at HTMLInputElementImpl.dispatchEvent 
(node_modules/jsdom/lib/jsdom/living/events/EventTarget-impl.js:104:17)
      at HTMLInputElement.dispatchEvent 
(node_modules/jsdom/lib/jsdom/living/generated/EventTarget.js:241:34)
      at 
node_modules/@testing-library/user-event/dist/cjs/event/dispatchEvent.js:45:43
      at Object.eventWrapper 
(node_modules/@testing-library/dom/dist/config.js:25:23)
      at Object.wrapEvent 
(node_modules/@testing-library/user-event/dist/cjs/event/wrapEvent.js:6:28)
      at Object.dispatchEvent (node_modules/@testing-library/user-event/dist/cj
s/event/dispatchEvent.js:45:22)
      at Object.dispatchUIEvent (node_modules/@testing-library/user-event/dist/
cjs/event/dispatchEvent.js:22:26)
      at commitInput 
(node_modules/@testing-library/user-event/dist/cjs/event/input.js:145:14)
      at editInputElement 
(node_modules/@testing-library/user-event/dist/cjs/event/input.js:115:9)
      at Object.input 
(node_modules/@testing-library/user-event/dist/cjs/event/input.js:37:9)
      at node_modules/@testing-library/user-event/dist/cjs/event/behavior/keypr
ess.js:31:26
      at Object.dispatchEvent (node_modules/@testing-library/user-event/dist/cj
s/event/dispatchEvent.js:41:13)
      at Object.dispatchUIEvent (node_modules/@testing-library/user-event/dist/
cjs/event/dispatchEvent.js:22:26)
      at KeyboardHost.keydown 
(node_modules/@testing-library/user-event/dist/cjs/system/keyboard.js:76:22)
      at keyboardAction 
(node_modules/@testing-library/user-event/dist/cjs/keyboard/index.js:22:35)
      at Object.keyboard 
(node_modules/@testing-library/user-event/dist/cjs/keyboard/index.js:11:15)
      at Object.type 
(node_modules/@testing-library/user-event/dist/cjs/utility/type.js:17:5)
      at Object.<anonymous> (src/profile/profile.test.tsx:251:9)

    console.error
      Warning: An update to ProfilePage inside a test was not wrapped in 
act(...).
      
      When testing, code that causes React state updates should be wrapped 
into act(...):
      
      act(() => {
        /* fire events that update state */
      });
      /* assert on the output */
      
      This ensures that you're testing the behavior the user would see in the 
browser. Learn more at https://reactjs.org/link/wrap-tests-with-act
          at ProfilePage 
(C:\Users\samhe\OneDrive\Desktop\Cleaned\frontend\src\profile\index.tsx:25:41)
          at basenameProp (C:\Users\samhe\OneDrive\Desktop\Cleaned\frontend\nod
e_modules\react-router\lib\components.tsx:421:13)
          at basename (C:\Users\samhe\OneDrive\Desktop\Cleaned\frontend\node_mo
dules\react-router\lib\components.tsx:225:3)

      196 |               className="border border-gray-300 rounded-md px-3 
py-2 text-sm"
      197 |               value={confirmPassword}
    > 198 |               onChange={e => setConfirmPassword(e.target.value)}
          |                              ^
      199 |             />
      200 |             {confirmPassword && !passwordsMatch && (
      201 |               <p className="text-sm text-red-600">Passwords do not 
match</p>

      at printWarning 
(node_modules/react-dom/cjs/react-dom.development.js:86:30)
      at error (node_modules/react-dom/cjs/react-dom.development.js:60:7)
      at warnIfUpdatesNotWrappedWithActDEV 
(node_modules/react-dom/cjs/react-dom.development.js:27628:9)
      at scheduleUpdateOnFiber 
(node_modules/react-dom/cjs/react-dom.development.js:25547:5)
      at dispatchSetState 
(node_modules/react-dom/cjs/react-dom.development.js:16708:7)
      at onChange (src/profile/index.tsx:198:30)
      at HTMLUnknownElement.callCallback 
(node_modules/react-dom/cjs/react-dom.development.js:4164:14)
      at HTMLUnknownElement.callTheUserObjectsOperation 
(node_modules/jsdom/lib/jsdom/living/generated/EventListener.js:26:30)
      at innerInvokeEventListeners 
(node_modules/jsdom/lib/jsdom/living/events/EventTarget-impl.js:350:25)
      at invokeEventListeners 
(node_modules/jsdom/lib/jsdom/living/events/EventTarget-impl.js:286:3)
      at HTMLUnknownElementImpl._dispatch 
(node_modules/jsdom/lib/jsdom/living/events/EventTarget-impl.js:233:9)
      at HTMLUnknownElementImpl.dispatchEvent 
(node_modules/jsdom/lib/jsdom/living/events/EventTarget-impl.js:104:17)
      at HTMLUnknownElement.dispatchEvent 
(node_modules/jsdom/lib/jsdom/living/generated/EventTarget.js:241:34)
      at Object.invokeGuardedCallbackDev 
(node_modules/react-dom/cjs/react-dom.development.js:4213:16)
      at invokeGuardedCallback 
(node_modules/react-dom/cjs/react-dom.development.js:4277:31)
      at invokeGuardedCallbackAndCatchFirstError 
(node_modules/react-dom/cjs/react-dom.development.js:4291:25)
      at executeDispatch 
(node_modules/react-dom/cjs/react-dom.development.js:9041:3)
      at processDispatchQueueItemsInOrder 
(node_modules/react-dom/cjs/react-dom.development.js:9073:7)
      at processDispatchQueue 
(node_modules/react-dom/cjs/react-dom.development.js:9086:5)
      at dispatchEventsForPlugins 
(node_modules/react-dom/cjs/react-dom.development.js:9097:3)
      at node_modules/react-dom/cjs/react-dom.development.js:9288:12
      at batchedUpdates$1 
(node_modules/react-dom/cjs/react-dom.development.js:26179:12)
      at batchedUpdates 
(node_modules/react-dom/cjs/react-dom.development.js:3991:12)
      at dispatchEventForPluginEventSystem 
(node_modules/react-dom/cjs/react-dom.development.js:9287:3)
      at dispatchEventWithEnableCapturePhaseSelectiveHydrationWithoutDiscreteEv
entReplay (node_modules/react-dom/cjs/react-dom.development.js:6465:5)
      at dispatchEvent 
(node_modules/react-dom/cjs/react-dom.development.js:6457:5)
      at dispatchDiscreteEvent 
(node_modules/react-dom/cjs/react-dom.development.js:6430:5)
      at HTMLDivElement.callTheUserObjectsOperation 
(node_modules/jsdom/lib/jsdom/living/generated/EventListener.js:26:30)
      at innerInvokeEventListeners 
(node_modules/jsdom/lib/jsdom/living/events/EventTarget-impl.js:350:25)
      at invokeEventListeners 
(node_modules/jsdom/lib/jsdom/living/events/EventTarget-impl.js:286:3)
      at HTMLInputElementImpl._dispatch 
(node_modules/jsdom/lib/jsdom/living/events/EventTarget-impl.js:233:9)
      at HTMLInputElementImpl.dispatchEvent 
(node_modules/jsdom/lib/jsdom/living/events/EventTarget-impl.js:104:17)
      at HTMLInputElement.dispatchEvent 
(node_modules/jsdom/lib/jsdom/living/generated/EventTarget.js:241:34)
      at 
node_modules/@testing-library/user-event/dist/cjs/event/dispatchEvent.js:45:43
      at Object.eventWrapper 
(node_modules/@testing-library/dom/dist/config.js:25:23)
      at Object.wrapEvent 
(node_modules/@testing-library/user-event/dist/cjs/event/wrapEvent.js:6:28)
      at Object.dispatchEvent (node_modules/@testing-library/user-event/dist/cj
s/event/dispatchEvent.js:45:22)
      at Object.dispatchUIEvent (node_modules/@testing-library/user-event/dist/
cjs/event/dispatchEvent.js:22:26)
      at commitInput 
(node_modules/@testing-library/user-event/dist/cjs/event/input.js:145:14)
      at editInputElement 
(node_modules/@testing-library/user-event/dist/cjs/event/input.js:115:9)
      at Object.input 
(node_modules/@testing-library/user-event/dist/cjs/event/input.js:37:9)
      at node_modules/@testing-library/user-event/dist/cjs/event/behavior/keypr
ess.js:31:26
      at Object.dispatchEvent (node_modules/@testing-library/user-event/dist/cj
s/event/dispatchEvent.js:41:13)
      at Object.dispatchUIEvent (node_modules/@testing-library/user-event/dist/
cjs/event/dispatchEvent.js:22:26)
      at KeyboardHost.keydown 
(node_modules/@testing-library/user-event/dist/cjs/system/keyboard.js:76:22)
      at keyboardAction 
(node_modules/@testing-library/user-event/dist/cjs/keyboard/index.js:22:35)
      at Object.keyboard 
(node_modules/@testing-library/user-event/dist/cjs/keyboard/index.js:11:15)
      at Object.type 
(node_modules/@testing-library/user-event/dist/cjs/utility/type.js:17:5)
      at Object.<anonymous> (src/profile/profile.test.tsx:251:9)

    console.error
      Warning: An update to ProfilePage inside a test was not wrapped in 
act(...).
      
      When testing, code that causes React state updates should be wrapped 
into act(...):
      
      act(() => {
        /* fire events that update state */
      });
      /* assert on the output */
      
      This ensures that you're testing the behavior the user would see in the 
browser. Learn more at https://reactjs.org/link/wrap-tests-with-act
          at ProfilePage 
(C:\Users\samhe\OneDrive\Desktop\Cleaned\frontend\src\profile\index.tsx:25:41)
          at basenameProp (C:\Users\samhe\OneDrive\Desktop\Cleaned\frontend\nod
e_modules\react-router\lib\components.tsx:421:13)
          at basename (C:\Users\samhe\OneDrive\Desktop\Cleaned\frontend\node_mo
dules\react-router\lib\components.tsx:225:3)

      180 |               className="border border-gray-300 rounded-md px-3 
py-2 text-sm"
      181 |               value={newPassword}
    > 182 |               onChange={e => setNewPassword(e.target.value)}
          |                              ^
      183 |             />
      184 |             <p className="text-xs text-gray-500">
      185 |               Minimum 8 characters, at least 1 uppercase letter 
and 1 number.

      at printWarning 
(node_modules/react-dom/cjs/react-dom.development.js:86:30)
      at error (node_modules/react-dom/cjs/react-dom.development.js:60:7)
      at warnIfUpdatesNotWrappedWithActDEV 
(node_modules/react-dom/cjs/react-dom.development.js:27628:9)
      at scheduleUpdateOnFiber 
(node_modules/react-dom/cjs/react-dom.development.js:25547:5)
      at dispatchSetState 
(node_modules/react-dom/cjs/react-dom.development.js:16708:7)
      at onChange (src/profile/index.tsx:182:30)
      at HTMLUnknownElement.callCallback 
(node_modules/react-dom/cjs/react-dom.development.js:4164:14)
      at HTMLUnknownElement.callTheUserObjectsOperation 
(node_modules/jsdom/lib/jsdom/living/generated/EventListener.js:26:30)
      at innerInvokeEventListeners 
(node_modules/jsdom/lib/jsdom/living/events/EventTarget-impl.js:350:25)
      at invokeEventListeners 
(node_modules/jsdom/lib/jsdom/living/events/EventTarget-impl.js:286:3)
      at HTMLUnknownElementImpl._dispatch 
(node_modules/jsdom/lib/jsdom/living/events/EventTarget-impl.js:233:9)
      at HTMLUnknownElementImpl.dispatchEvent 
(node_modules/jsdom/lib/jsdom/living/events/EventTarget-impl.js:104:17)
      at HTMLUnknownElement.dispatchEvent 
(node_modules/jsdom/lib/jsdom/living/generated/EventTarget.js:241:34)
      at Object.invokeGuardedCallbackDev 
(node_modules/react-dom/cjs/react-dom.development.js:4213:16)
      at invokeGuardedCallback 
(node_modules/react-dom/cjs/react-dom.development.js:4277:31)
      at invokeGuardedCallbackAndCatchFirstError 
(node_modules/react-dom/cjs/react-dom.development.js:4291:25)
      at executeDispatch 
(node_modules/react-dom/cjs/react-dom.development.js:9041:3)
      at processDispatchQueueItemsInOrder 
(node_modules/react-dom/cjs/react-dom.development.js:9073:7)
      at processDispatchQueue 
(node_modules/react-dom/cjs/react-dom.development.js:9086:5)
      at dispatchEventsForPlugins 
(node_modules/react-dom/cjs/react-dom.development.js:9097:3)
      at node_modules/react-dom/cjs/react-dom.development.js:9288:12
      at batchedUpdates$1 
(node_modules/react-dom/cjs/react-dom.development.js:26179:12)
      at batchedUpdates 
(node_modules/react-dom/cjs/react-dom.development.js:3991:12)
      at dispatchEventForPluginEventSystem 
(node_modules/react-dom/cjs/react-dom.development.js:9287:3)
      at dispatchEventWithEnableCapturePhaseSelectiveHydrationWithoutDiscreteEv
entReplay (node_modules/react-dom/cjs/react-dom.development.js:6465:5)
      at dispatchEvent 
(node_modules/react-dom/cjs/react-dom.development.js:6457:5)
      at dispatchDiscreteEvent 
(node_modules/react-dom/cjs/react-dom.development.js:6430:5)
      at HTMLDivElement.callTheUserObjectsOperation 
(node_modules/jsdom/lib/jsdom/living/generated/EventListener.js:26:30)
      at innerInvokeEventListeners 
(node_modules/jsdom/lib/jsdom/living/events/EventTarget-impl.js:350:25)
      at invokeEventListeners 
(node_modules/jsdom/lib/jsdom/living/events/EventTarget-impl.js:286:3)
      at HTMLInputElementImpl._dispatch 
(node_modules/jsdom/lib/jsdom/living/events/EventTarget-impl.js:233:9)
      at HTMLInputElementImpl.dispatchEvent 
(node_modules/jsdom/lib/jsdom/living/events/EventTarget-impl.js:104:17)
      at HTMLInputElement.dispatchEvent 
(node_modules/jsdom/lib/jsdom/living/generated/EventTarget.js:241:34)
      at 
node_modules/@testing-library/user-event/dist/cjs/event/dispatchEvent.js:45:43
      at Object.eventWrapper 
(node_modules/@testing-library/dom/dist/config.js:25:23)
      at Object.wrapEvent 
(node_modules/@testing-library/user-event/dist/cjs/event/wrapEvent.js:6:28)
      at Object.dispatchEvent (node_modules/@testing-library/user-event/dist/cj
s/event/dispatchEvent.js:45:22)
      at Object.dispatchUIEvent (node_modules/@testing-library/user-event/dist/
cjs/event/dispatchEvent.js:22:26)
      at commitInput 
(node_modules/@testing-library/user-event/dist/cjs/event/input.js:145:14)
      at editInputElement 
(node_modules/@testing-library/user-event/dist/cjs/event/input.js:115:9)
      at Object.input 
(node_modules/@testing-library/user-event/dist/cjs/event/input.js:37:9)
      at node_modules/@testing-library/user-event/dist/cjs/event/behavior/keypr
ess.js:31:26
      at Object.dispatchEvent (node_modules/@testing-library/user-event/dist/cj
s/event/dispatchEvent.js:41:13)
      at Object.dispatchUIEvent (node_modules/@testing-library/user-event/dist/
cjs/event/dispatchEvent.js:22:26)
      at KeyboardHost.keydown 
(node_modules/@testing-library/user-event/dist/cjs/system/keyboard.js:76:22)
      at keyboardAction 
(node_modules/@testing-library/user-event/dist/cjs/keyboard/index.js:22:35)
      at Object.keyboard 
(node_modules/@testing-library/user-event/dist/cjs/keyboard/index.js:11:15)
      at Object.type 
(node_modules/@testing-library/user-event/dist/cjs/utility/type.js:17:5)
      at Object.<anonymous> (src/profile/profile.test.tsx:260:9)

    console.error
      Warning: An update to ProfilePage inside a test was not wrapped in 
act(...).
      
      When testing, code that causes React state updates should be wrapped 
into act(...):
      
      act(() => {
        /* fire events that update state */
      });
      /* assert on the output */
      
      This ensures that you're testing the behavior the user would see in the 
browser. Learn more at https://reactjs.org/link/wrap-tests-with-act
          at ProfilePage 
(C:\Users\samhe\OneDrive\Desktop\Cleaned\frontend\src\profile\index.tsx:25:41)
          at basenameProp (C:\Users\samhe\OneDrive\Desktop\Cleaned\frontend\nod
e_modules\react-router\lib\components.tsx:421:13)
          at basename (C:\Users\samhe\OneDrive\Desktop\Cleaned\frontend\node_mo
dules\react-router\lib\components.tsx:225:3)

      180 |               className="border border-gray-300 rounded-md px-3 
py-2 text-sm"
      181 |               value={newPassword}
    > 182 |               onChange={e => setNewPassword(e.target.value)}
          |                              ^
      183 |             />
      184 |             <p className="text-xs text-gray-500">
      185 |               Minimum 8 characters, at least 1 uppercase letter 
and 1 number.

      at printWarning 
(node_modules/react-dom/cjs/react-dom.development.js:86:30)
      at error (node_modules/react-dom/cjs/react-dom.development.js:60:7)
      at warnIfUpdatesNotWrappedWithActDEV 
(node_modules/react-dom/cjs/react-dom.development.js:27628:9)
      at scheduleUpdateOnFiber 
(node_modules/react-dom/cjs/react-dom.development.js:25547:5)
      at dispatchSetState 
(node_modules/react-dom/cjs/react-dom.development.js:16708:7)
      at onChange (src/profile/index.tsx:182:30)
      at HTMLUnknownElement.callCallback 
(node_modules/react-dom/cjs/react-dom.development.js:4164:14)
      at HTMLUnknownElement.callTheUserObjectsOperation 
(node_modules/jsdom/lib/jsdom/living/generated/EventListener.js:26:30)
      at innerInvokeEventListeners 
(node_modules/jsdom/lib/jsdom/living/events/EventTarget-impl.js:350:25)
      at invokeEventListeners 
(node_modules/jsdom/lib/jsdom/living/events/EventTarget-impl.js:286:3)
      at HTMLUnknownElementImpl._dispatch 
(node_modules/jsdom/lib/jsdom/living/events/EventTarget-impl.js:233:9)
      at HTMLUnknownElementImpl.dispatchEvent 
(node_modules/jsdom/lib/jsdom/living/events/EventTarget-impl.js:104:17)
      at HTMLUnknownElement.dispatchEvent 
(node_modules/jsdom/lib/jsdom/living/generated/EventTarget.js:241:34)
      at Object.invokeGuardedCallbackDev 
(node_modules/react-dom/cjs/react-dom.development.js:4213:16)
      at invokeGuardedCallback 
(node_modules/react-dom/cjs/react-dom.development.js:4277:31)
      at invokeGuardedCallbackAndCatchFirstError 
(node_modules/react-dom/cjs/react-dom.development.js:4291:25)
      at executeDispatch 
(node_modules/react-dom/cjs/react-dom.development.js:9041:3)
      at processDispatchQueueItemsInOrder 
(node_modules/react-dom/cjs/react-dom.development.js:9073:7)
      at processDispatchQueue 
(node_modules/react-dom/cjs/react-dom.development.js:9086:5)
      at dispatchEventsForPlugins 
(node_modules/react-dom/cjs/react-dom.development.js:9097:3)
      at node_modules/react-dom/cjs/react-dom.development.js:9288:12
      at batchedUpdates$1 
(node_modules/react-dom/cjs/react-dom.development.js:26179:12)
      at batchedUpdates 
(node_modules/react-dom/cjs/react-dom.development.js:3991:12)
      at dispatchEventForPluginEventSystem 
(node_modules/react-dom/cjs/react-dom.development.js:9287:3)
      at dispatchEventWithEnableCapturePhaseSelectiveHydrationWithoutDiscreteEv
entReplay (node_modules/react-dom/cjs/react-dom.development.js:6465:5)
      at dispatchEvent 
(node_modules/react-dom/cjs/react-dom.development.js:6457:5)
      at dispatchDiscreteEvent 
(node_modules/react-dom/cjs/react-dom.development.js:6430:5)
      at HTMLDivElement.callTheUserObjectsOperation 
(node_modules/jsdom/lib/jsdom/living/generated/EventListener.js:26:30)
      at innerInvokeEventListeners 
(node_modules/jsdom/lib/jsdom/living/events/EventTarget-impl.js:350:25)
      at invokeEventListeners 
(node_modules/jsdom/lib/jsdom/living/events/EventTarget-impl.js:286:3)
      at HTMLInputElementImpl._dispatch 
(node_modules/jsdom/lib/jsdom/living/events/EventTarget-impl.js:233:9)
      at HTMLInputElementImpl.dispatchEvent 
(node_modules/jsdom/lib/jsdom/living/events/EventTarget-impl.js:104:17)
      at HTMLInputElement.dispatchEvent 
(node_modules/jsdom/lib/jsdom/living/generated/EventTarget.js:241:34)
      at 
node_modules/@testing-library/user-event/dist/cjs/event/dispatchEvent.js:45:43
      at Object.eventWrapper 
(node_modules/@testing-library/dom/dist/config.js:25:23)
      at Object.wrapEvent 
(node_modules/@testing-library/user-event/dist/cjs/event/wrapEvent.js:6:28)
      at Object.dispatchEvent (node_modules/@testing-library/user-event/dist/cj
s/event/dispatchEvent.js:45:22)
      at Object.dispatchUIEvent (node_modules/@testing-library/user-event/dist/
cjs/event/dispatchEvent.js:22:26)
      at commitInput 
(node_modules/@testing-library/user-event/dist/cjs/event/input.js:145:14)
      at editInputElement 
(node_modules/@testing-library/user-event/dist/cjs/event/input.js:115:9)
      at Object.input 
(node_modules/@testing-library/user-event/dist/cjs/event/input.js:37:9)
      at node_modules/@testing-library/user-event/dist/cjs/event/behavior/keypr
ess.js:31:26
      at Object.dispatchEvent (node_modules/@testing-library/user-event/dist/cj
s/event/dispatchEvent.js:41:13)
      at Object.dispatchUIEvent (node_modules/@testing-library/user-event/dist/
cjs/event/dispatchEvent.js:22:26)
      at KeyboardHost.keydown 
(node_modules/@testing-library/user-event/dist/cjs/system/keyboard.js:76:22)
      at keyboardAction 
(node_modules/@testing-library/user-event/dist/cjs/keyboard/index.js:22:35)
      at Object.keyboard 
(node_modules/@testing-library/user-event/dist/cjs/keyboard/index.js:11:15)
      at Object.type 
(node_modules/@testing-library/user-event/dist/cjs/utility/type.js:17:5)
      at Object.<anonymous> (src/profile/profile.test.tsx:260:9)

    console.error
      Warning: An update to ProfilePage inside a test was not wrapped in 
act(...).
      
      When testing, code that causes React state updates should be wrapped 
into act(...):
      
      act(() => {
        /* fire events that update state */
      });
      /* assert on the output */
      
      This ensures that you're testing the behavior the user would see in the 
browser. Learn more at https://reactjs.org/link/wrap-tests-with-act
          at ProfilePage 
(C:\Users\samhe\OneDrive\Desktop\Cleaned\frontend\src\profile\index.tsx:25:41)
          at basenameProp (C:\Users\samhe\OneDrive\Desktop\Cleaned\frontend\nod
e_modules\react-router\lib\components.tsx:421:13)
          at basename (C:\Users\samhe\OneDrive\Desktop\Cleaned\frontend\node_mo
dules\react-router\lib\components.tsx:225:3)

      180 |               className="border border-gray-300 rounded-md px-3 
py-2 text-sm"
      181 |               value={newPassword}
    > 182 |               onChange={e => setNewPassword(e.target.value)}
          |                              ^
      183 |             />
      184 |             <p className="text-xs text-gray-500">
      185 |               Minimum 8 characters, at least 1 uppercase letter 
and 1 number.

      at printWarning 
(node_modules/react-dom/cjs/react-dom.development.js:86:30)
      at error (node_modules/react-dom/cjs/react-dom.development.js:60:7)
      at warnIfUpdatesNotWrappedWithActDEV 
(node_modules/react-dom/cjs/react-dom.development.js:27628:9)
      at scheduleUpdateOnFiber 
(node_modules/react-dom/cjs/react-dom.development.js:25547:5)
      at dispatchSetState 
(node_modules/react-dom/cjs/react-dom.development.js:16708:7)
      at onChange (src/profile/index.tsx:182:30)
      at HTMLUnknownElement.callCallback 
(node_modules/react-dom/cjs/react-dom.development.js:4164:14)
      at HTMLUnknownElement.callTheUserObjectsOperation 
(node_modules/jsdom/lib/jsdom/living/generated/EventListener.js:26:30)
      at innerInvokeEventListeners 
(node_modules/jsdom/lib/jsdom/living/events/EventTarget-impl.js:350:25)
      at invokeEventListeners 
(node_modules/jsdom/lib/jsdom/living/events/EventTarget-impl.js:286:3)
      at HTMLUnknownElementImpl._dispatch 
(node_modules/jsdom/lib/jsdom/living/events/EventTarget-impl.js:233:9)
      at HTMLUnknownElementImpl.dispatchEvent 
(node_modules/jsdom/lib/jsdom/living/events/EventTarget-impl.js:104:17)
      at HTMLUnknownElement.dispatchEvent 
(node_modules/jsdom/lib/jsdom/living/generated/EventTarget.js:241:34)
      at Object.invokeGuardedCallbackDev 
(node_modules/react-dom/cjs/react-dom.development.js:4213:16)
      at invokeGuardedCallback 
(node_modules/react-dom/cjs/react-dom.development.js:4277:31)
      at invokeGuardedCallbackAndCatchFirstError 
(node_modules/react-dom/cjs/react-dom.development.js:4291:25)
      at executeDispatch 
(node_modules/react-dom/cjs/react-dom.development.js:9041:3)
      at processDispatchQueueItemsInOrder 
(node_modules/react-dom/cjs/react-dom.development.js:9073:7)
      at processDispatchQueue 
(node_modules/react-dom/cjs/react-dom.development.js:9086:5)
      at dispatchEventsForPlugins 
(node_modules/react-dom/cjs/react-dom.development.js:9097:3)
      at node_modules/react-dom/cjs/react-dom.development.js:9288:12
      at batchedUpdates$1 
(node_modules/react-dom/cjs/react-dom.development.js:26179:12)
      at batchedUpdates 
(node_modules/react-dom/cjs/react-dom.development.js:3991:12)
      at dispatchEventForPluginEventSystem 
(node_modules/react-dom/cjs/react-dom.development.js:9287:3)
      at dispatchEventWithEnableCapturePhaseSelectiveHydrationWithoutDiscreteEv
entReplay (node_modules/react-dom/cjs/react-dom.development.js:6465:5)
      at dispatchEvent 
(node_modules/react-dom/cjs/react-dom.development.js:6457:5)
      at dispatchDiscreteEvent 
(node_modules/react-dom/cjs/react-dom.development.js:6430:5)
      at HTMLDivElement.callTheUserObjectsOperation 
(node_modules/jsdom/lib/jsdom/living/generated/EventListener.js:26:30)
      at innerInvokeEventListeners 
(node_modules/jsdom/lib/jsdom/living/events/EventTarget-impl.js:350:25)
      at invokeEventListeners 
(node_modules/jsdom/lib/jsdom/living/events/EventTarget-impl.js:286:3)
      at HTMLInputElementImpl._dispatch 
(node_modules/jsdom/lib/jsdom/living/events/EventTarget-impl.js:233:9)
      at HTMLInputElementImpl.dispatchEvent 
(node_modules/jsdom/lib/jsdom/living/events/EventTarget-impl.js:104:17)
      at HTMLInputElement.dispatchEvent 
(node_modules/jsdom/lib/jsdom/living/generated/EventTarget.js:241:34)
      at 
node_modules/@testing-library/user-event/dist/cjs/event/dispatchEvent.js:45:43
      at Object.eventWrapper 
(node_modules/@testing-library/dom/dist/config.js:25:23)
      at Object.wrapEvent 
(node_modules/@testing-library/user-event/dist/cjs/event/wrapEvent.js:6:28)
      at Object.dispatchEvent (node_modules/@testing-library/user-event/dist/cj
s/event/dispatchEvent.js:45:22)
      at Object.dispatchUIEvent (node_modules/@testing-library/user-event/dist/
cjs/event/dispatchEvent.js:22:26)
      at commitInput 
(node_modules/@testing-library/user-event/dist/cjs/event/input.js:145:14)
      at editInputElement 
(node_modules/@testing-library/user-event/dist/cjs/event/input.js:115:9)
      at Object.input 
(node_modules/@testing-library/user-event/dist/cjs/event/input.js:37:9)
      at node_modules/@testing-library/user-event/dist/cjs/event/behavior/keypr
ess.js:31:26
      at Object.dispatchEvent (node_modules/@testing-library/user-event/dist/cj
s/event/dispatchEvent.js:41:13)
      at Object.dispatchUIEvent (node_modules/@testing-library/user-event/dist/
cjs/event/dispatchEvent.js:22:26)
      at KeyboardHost.keydown 
(node_modules/@testing-library/user-event/dist/cjs/system/keyboard.js:76:22)
      at keyboardAction 
(node_modules/@testing-library/user-event/dist/cjs/keyboard/index.js:22:35)
      at Object.keyboard 
(node_modules/@testing-library/user-event/dist/cjs/keyboard/index.js:11:15)
      at Object.type 
(node_modules/@testing-library/user-event/dist/cjs/utility/type.js:17:5)
      at Object.<anonymous> (src/profile/profile.test.tsx:260:9)

    console.error
      Warning: An update to ProfilePage inside a test was not wrapped in 
act(...).
      
      When testing, code that causes React state updates should be wrapped 
into act(...):
      
      act(() => {
        /* fire events that update state */
      });
      /* assert on the output */
      
      This ensures that you're testing the behavior the user would see in the 
browser. Learn more at https://reactjs.org/link/wrap-tests-with-act
          at ProfilePage 
(C:\Users\samhe\OneDrive\Desktop\Cleaned\frontend\src\profile\index.tsx:25:41)
          at basenameProp (C:\Users\samhe\OneDrive\Desktop\Cleaned\frontend\nod
e_modules\react-router\lib\components.tsx:421:13)
          at basename (C:\Users\samhe\OneDrive\Desktop\Cleaned\frontend\node_mo
dules\react-router\lib\components.tsx:225:3)

      180 |               className="border border-gray-300 rounded-md px-3 
py-2 text-sm"
      181 |               value={newPassword}
    > 182 |               onChange={e => setNewPassword(e.target.value)}
          |                              ^
      183 |             />
      184 |             <p className="text-xs text-gray-500">
      185 |               Minimum 8 characters, at least 1 uppercase letter 
and 1 number.

      at printWarning 
(node_modules/react-dom/cjs/react-dom.development.js:86:30)
      at error (node_modules/react-dom/cjs/react-dom.development.js:60:7)
      at warnIfUpdatesNotWrappedWithActDEV 
(node_modules/react-dom/cjs/react-dom.development.js:27628:9)
      at scheduleUpdateOnFiber 
(node_modules/react-dom/cjs/react-dom.development.js:25547:5)
      at dispatchSetState 
(node_modules/react-dom/cjs/react-dom.development.js:16708:7)
      at onChange (src/profile/index.tsx:182:30)
      at HTMLUnknownElement.callCallback 
(node_modules/react-dom/cjs/react-dom.development.js:4164:14)
      at HTMLUnknownElement.callTheUserObjectsOperation 
(node_modules/jsdom/lib/jsdom/living/generated/EventListener.js:26:30)
      at innerInvokeEventListeners 
(node_modules/jsdom/lib/jsdom/living/events/EventTarget-impl.js:350:25)
      at invokeEventListeners 
(node_modules/jsdom/lib/jsdom/living/events/EventTarget-impl.js:286:3)
      at HTMLUnknownElementImpl._dispatch 
(node_modules/jsdom/lib/jsdom/living/events/EventTarget-impl.js:233:9)
      at HTMLUnknownElementImpl.dispatchEvent 
(node_modules/jsdom/lib/jsdom/living/events/EventTarget-impl.js:104:17)
      at HTMLUnknownElement.dispatchEvent 
(node_modules/jsdom/lib/jsdom/living/generated/EventTarget.js:241:34)
      at Object.invokeGuardedCallbackDev 
(node_modules/react-dom/cjs/react-dom.development.js:4213:16)
      at invokeGuardedCallback 
(node_modules/react-dom/cjs/react-dom.development.js:4277:31)
      at invokeGuardedCallbackAndCatchFirstError 
(node_modules/react-dom/cjs/react-dom.development.js:4291:25)
      at executeDispatch 
(node_modules/react-dom/cjs/react-dom.development.js:9041:3)
      at processDispatchQueueItemsInOrder 
(node_modules/react-dom/cjs/react-dom.development.js:9073:7)
      at processDispatchQueue 
(node_modules/react-dom/cjs/react-dom.development.js:9086:5)
      at dispatchEventsForPlugins 
(node_modules/react-dom/cjs/react-dom.development.js:9097:3)
      at node_modules/react-dom/cjs/react-dom.development.js:9288:12
      at batchedUpdates$1 
(node_modules/react-dom/cjs/react-dom.development.js:26179:12)
      at batchedUpdates 
(node_modules/react-dom/cjs/react-dom.development.js:3991:12)
      at dispatchEventForPluginEventSystem 
(node_modules/react-dom/cjs/react-dom.development.js:9287:3)
      at dispatchEventWithEnableCapturePhaseSelectiveHydrationWithoutDiscreteEv
entReplay (node_modules/react-dom/cjs/react-dom.development.js:6465:5)
      at dispatchEvent 
(node_modules/react-dom/cjs/react-dom.development.js:6457:5)
      at dispatchDiscreteEvent 
(node_modules/react-dom/cjs/react-dom.development.js:6430:5)
      at HTMLDivElement.callTheUserObjectsOperation 
(node_modules/jsdom/lib/jsdom/living/generated/EventListener.js:26:30)
      at innerInvokeEventListeners 
(node_modules/jsdom/lib/jsdom/living/events/EventTarget-impl.js:350:25)
      at invokeEventListeners 
(node_modules/jsdom/lib/jsdom/living/events/EventTarget-impl.js:286:3)
      at HTMLInputElementImpl._dispatch 
(node_modules/jsdom/lib/jsdom/living/events/EventTarget-impl.js:233:9)
      at HTMLInputElementImpl.dispatchEvent 
(node_modules/jsdom/lib/jsdom/living/events/EventTarget-impl.js:104:17)
      at HTMLInputElement.dispatchEvent 
(node_modules/jsdom/lib/jsdom/living/generated/EventTarget.js:241:34)
      at 
node_modules/@testing-library/user-event/dist/cjs/event/dispatchEvent.js:45:43
      at Object.eventWrapper 
(node_modules/@testing-library/dom/dist/config.js:25:23)
      at Object.wrapEvent 
(node_modules/@testing-library/user-event/dist/cjs/event/wrapEvent.js:6:28)
      at Object.dispatchEvent (node_modules/@testing-library/user-event/dist/cj
s/event/dispatchEvent.js:45:22)
      at Object.dispatchUIEvent (node_modules/@testing-library/user-event/dist/
cjs/event/dispatchEvent.js:22:26)
      at commitInput 
(node_modules/@testing-library/user-event/dist/cjs/event/input.js:145:14)
      at editInputElement 
(node_modules/@testing-library/user-event/dist/cjs/event/input.js:115:9)
      at Object.input 
(node_modules/@testing-library/user-event/dist/cjs/event/input.js:37:9)
      at node_modules/@testing-library/user-event/dist/cjs/event/behavior/keypr
ess.js:31:26
      at Object.dispatchEvent (node_modules/@testing-library/user-event/dist/cj
s/event/dispatchEvent.js:41:13)
      at Object.dispatchUIEvent (node_modules/@testing-library/user-event/dist/
cjs/event/dispatchEvent.js:22:26)
      at KeyboardHost.keydown 
(node_modules/@testing-library/user-event/dist/cjs/system/keyboard.js:76:22)
      at keyboardAction 
(node_modules/@testing-library/user-event/dist/cjs/keyboard/index.js:22:35)
      at Object.keyboard 
(node_modules/@testing-library/user-event/dist/cjs/keyboard/index.js:11:15)
      at Object.type 
(node_modules/@testing-library/user-event/dist/cjs/utility/type.js:17:5)
      at Object.<anonymous> (src/profile/profile.test.tsx:260:9)

    console.error
      Warning: An update to ProfilePage inside a test was not wrapped in 
act(...).
      
      When testing, code that causes React state updates should be wrapped 
into act(...):
      
      act(() => {
        /* fire events that update state */
      });
      /* assert on the output */
      
      This ensures that you're testing the behavior the user would see in the 
browser. Learn more at https://reactjs.org/link/wrap-tests-with-act
          at ProfilePage 
(C:\Users\samhe\OneDrive\Desktop\Cleaned\frontend\src\profile\index.tsx:25:41)
          at basenameProp (C:\Users\samhe\OneDrive\Desktop\Cleaned\frontend\nod
e_modules\react-router\lib\components.tsx:421:13)
          at basename (C:\Users\samhe\OneDrive\Desktop\Cleaned\frontend\node_mo
dules\react-router\lib\components.tsx:225:3)

      180 |               className="border border-gray-300 rounded-md px-3 
py-2 text-sm"
      181 |               value={newPassword}
    > 182 |               onChange={e => setNewPassword(e.target.value)}
          |                              ^
      183 |             />
      184 |             <p className="text-xs text-gray-500">
      185 |               Minimum 8 characters, at least 1 uppercase letter 
and 1 number.

      at printWarning 
(node_modules/react-dom/cjs/react-dom.development.js:86:30)
      at error (node_modules/react-dom/cjs/react-dom.development.js:60:7)
      at warnIfUpdatesNotWrappedWithActDEV 
(node_modules/react-dom/cjs/react-dom.development.js:27628:9)
      at scheduleUpdateOnFiber 
(node_modules/react-dom/cjs/react-dom.development.js:25547:5)
      at dispatchSetState 
(node_modules/react-dom/cjs/react-dom.development.js:16708:7)
      at onChange (src/profile/index.tsx:182:30)
      at HTMLUnknownElement.callCallback 
(node_modules/react-dom/cjs/react-dom.development.js:4164:14)
      at HTMLUnknownElement.callTheUserObjectsOperation 
(node_modules/jsdom/lib/jsdom/living/generated/EventListener.js:26:30)
      at innerInvokeEventListeners 
(node_modules/jsdom/lib/jsdom/living/events/EventTarget-impl.js:350:25)
      at invokeEventListeners 
(node_modules/jsdom/lib/jsdom/living/events/EventTarget-impl.js:286:3)
      at HTMLUnknownElementImpl._dispatch 
(node_modules/jsdom/lib/jsdom/living/events/EventTarget-impl.js:233:9)
      at HTMLUnknownElementImpl.dispatchEvent 
(node_modules/jsdom/lib/jsdom/living/events/EventTarget-impl.js:104:17)
      at HTMLUnknownElement.dispatchEvent 
(node_modules/jsdom/lib/jsdom/living/generated/EventTarget.js:241:34)
      at Object.invokeGuardedCallbackDev 
(node_modules/react-dom/cjs/react-dom.development.js:4213:16)
      at invokeGuardedCallback 
(node_modules/react-dom/cjs/react-dom.development.js:4277:31)
      at invokeGuardedCallbackAndCatchFirstError 
(node_modules/react-dom/cjs/react-dom.development.js:4291:25)
      at executeDispatch 
(node_modules/react-dom/cjs/react-dom.development.js:9041:3)
      at processDispatchQueueItemsInOrder 
(node_modules/react-dom/cjs/react-dom.development.js:9073:7)
      at processDispatchQueue 
(node_modules/react-dom/cjs/react-dom.development.js:9086:5)
      at dispatchEventsForPlugins 
(node_modules/react-dom/cjs/react-dom.development.js:9097:3)
      at node_modules/react-dom/cjs/react-dom.development.js:9288:12
      at batchedUpdates$1 
(node_modules/react-dom/cjs/react-dom.development.js:26179:12)
      at batchedUpdates 
(node_modules/react-dom/cjs/react-dom.development.js:3991:12)
      at dispatchEventForPluginEventSystem 
(node_modules/react-dom/cjs/react-dom.development.js:9287:3)
      at dispatchEventWithEnableCapturePhaseSelectiveHydrationWithoutDiscreteEv
entReplay (node_modules/react-dom/cjs/react-dom.development.js:6465:5)
      at dispatchEvent 
(node_modules/react-dom/cjs/react-dom.development.js:6457:5)
      at dispatchDiscreteEvent 
(node_modules/react-dom/cjs/react-dom.development.js:6430:5)
      at HTMLDivElement.callTheUserObjectsOperation 
(node_modules/jsdom/lib/jsdom/living/generated/EventListener.js:26:30)
      at innerInvokeEventListeners 
(node_modules/jsdom/lib/jsdom/living/events/EventTarget-impl.js:350:25)
      at invokeEventListeners 
(node_modules/jsdom/lib/jsdom/living/events/EventTarget-impl.js:286:3)
      at HTMLInputElementImpl._dispatch 
(node_modules/jsdom/lib/jsdom/living/events/EventTarget-impl.js:233:9)
      at HTMLInputElementImpl.dispatchEvent 
(node_modules/jsdom/lib/jsdom/living/events/EventTarget-impl.js:104:17)
      at HTMLInputElement.dispatchEvent 
(node_modules/jsdom/lib/jsdom/living/generated/EventTarget.js:241:34)
      at 
node_modules/@testing-library/user-event/dist/cjs/event/dispatchEvent.js:45:43
      at Object.eventWrapper 
(node_modules/@testing-library/dom/dist/config.js:25:23)
      at Object.wrapEvent 
(node_modules/@testing-library/user-event/dist/cjs/event/wrapEvent.js:6:28)
      at Object.dispatchEvent (node_modules/@testing-library/user-event/dist/cj
s/event/dispatchEvent.js:45:22)
      at Object.dispatchUIEvent (node_modules/@testing-library/user-event/dist/
cjs/event/dispatchEvent.js:22:26)
      at commitInput 
(node_modules/@testing-library/user-event/dist/cjs/event/input.js:145:14)
      at editInputElement 
(node_modules/@testing-library/user-event/dist/cjs/event/input.js:115:9)
      at Object.input 
(node_modules/@testing-library/user-event/dist/cjs/event/input.js:37:9)
      at node_modules/@testing-library/user-event/dist/cjs/event/behavior/keypr
ess.js:31:26
      at Object.dispatchEvent (node_modules/@testing-library/user-event/dist/cj
s/event/dispatchEvent.js:41:13)
      at Object.dispatchUIEvent (node_modules/@testing-library/user-event/dist/
cjs/event/dispatchEvent.js:22:26)
      at KeyboardHost.keydown 
(node_modules/@testing-library/user-event/dist/cjs/system/keyboard.js:76:22)
      at keyboardAction 
(node_modules/@testing-library/user-event/dist/cjs/keyboard/index.js:22:35)
      at Object.keyboard 
(node_modules/@testing-library/user-event/dist/cjs/keyboard/index.js:11:15)
      at Object.type 
(node_modules/@testing-library/user-event/dist/cjs/utility/type.js:17:5)
      at Object.<anonymous> (src/profile/profile.test.tsx:260:9)

    console.error
      Warning: An update to ProfilePage inside a test was not wrapped in 
act(...).
      
      When testing, code that causes React state updates should be wrapped 
into act(...):
      
      act(() => {
        /* fire events that update state */
      });
      /* assert on the output */
      
      This ensures that you're testing the behavior the user would see in the 
browser. Learn more at https://reactjs.org/link/wrap-tests-with-act
          at ProfilePage 
(C:\Users\samhe\OneDrive\Desktop\Cleaned\frontend\src\profile\index.tsx:25:41)
          at basenameProp (C:\Users\samhe\OneDrive\Desktop\Cleaned\frontend\nod
e_modules\react-router\lib\components.tsx:421:13)
          at basename (C:\Users\samhe\OneDrive\Desktop\Cleaned\frontend\node_mo
dules\react-router\lib\components.tsx:225:3)

      180 |               className="border border-gray-300 rounded-md px-3 
py-2 text-sm"
      181 |               value={newPassword}
    > 182 |               onChange={e => setNewPassword(e.target.value)}
          |                              ^
      183 |             />
      184 |             <p className="text-xs text-gray-500">
      185 |               Minimum 8 characters, at least 1 uppercase letter 
and 1 number.

      at printWarning 
(node_modules/react-dom/cjs/react-dom.development.js:86:30)
      at error (node_modules/react-dom/cjs/react-dom.development.js:60:7)
      at warnIfUpdatesNotWrappedWithActDEV 
(node_modules/react-dom/cjs/react-dom.development.js:27628:9)
      at scheduleUpdateOnFiber 
(node_modules/react-dom/cjs/react-dom.development.js:25547:5)
      at dispatchSetState 
(node_modules/react-dom/cjs/react-dom.development.js:16708:7)
      at onChange (src/profile/index.tsx:182:30)
      at HTMLUnknownElement.callCallback 
(node_modules/react-dom/cjs/react-dom.development.js:4164:14)
      at HTMLUnknownElement.callTheUserObjectsOperation 
(node_modules/jsdom/lib/jsdom/living/generated/EventListener.js:26:30)
      at innerInvokeEventListeners 
(node_modules/jsdom/lib/jsdom/living/events/EventTarget-impl.js:350:25)
      at invokeEventListeners 
(node_modules/jsdom/lib/jsdom/living/events/EventTarget-impl.js:286:3)
      at HTMLUnknownElementImpl._dispatch 
(node_modules/jsdom/lib/jsdom/living/events/EventTarget-impl.js:233:9)
      at HTMLUnknownElementImpl.dispatchEvent 
(node_modules/jsdom/lib/jsdom/living/events/EventTarget-impl.js:104:17)
      at HTMLUnknownElement.dispatchEvent 
(node_modules/jsdom/lib/jsdom/living/generated/EventTarget.js:241:34)
      at Object.invokeGuardedCallbackDev 
(node_modules/react-dom/cjs/react-dom.development.js:4213:16)
      at invokeGuardedCallback 
(node_modules/react-dom/cjs/react-dom.development.js:4277:31)
      at invokeGuardedCallbackAndCatchFirstError 
(node_modules/react-dom/cjs/react-dom.development.js:4291:25)
      at executeDispatch 
(node_modules/react-dom/cjs/react-dom.development.js:9041:3)
      at processDispatchQueueItemsInOrder 
(node_modules/react-dom/cjs/react-dom.development.js:9073:7)
      at processDispatchQueue 
(node_modules/react-dom/cjs/react-dom.development.js:9086:5)
      at dispatchEventsForPlugins 
(node_modules/react-dom/cjs/react-dom.development.js:9097:3)
      at node_modules/react-dom/cjs/react-dom.development.js:9288:12
      at batchedUpdates$1 
(node_modules/react-dom/cjs/react-dom.development.js:26179:12)
      at batchedUpdates 
(node_modules/react-dom/cjs/react-dom.development.js:3991:12)
      at dispatchEventForPluginEventSystem 
(node_modules/react-dom/cjs/react-dom.development.js:9287:3)
      at dispatchEventWithEnableCapturePhaseSelectiveHydrationWithoutDiscreteEv
entReplay (node_modules/react-dom/cjs/react-dom.development.js:6465:5)
      at dispatchEvent 
(node_modules/react-dom/cjs/react-dom.development.js:6457:5)
      at dispatchDiscreteEvent 
(node_modules/react-dom/cjs/react-dom.development.js:6430:5)
      at HTMLDivElement.callTheUserObjectsOperation 
(node_modules/jsdom/lib/jsdom/living/generated/EventListener.js:26:30)
      at innerInvokeEventListeners 
(node_modules/jsdom/lib/jsdom/living/events/EventTarget-impl.js:350:25)
      at invokeEventListeners 
(node_modules/jsdom/lib/jsdom/living/events/EventTarget-impl.js:286:3)
      at HTMLInputElementImpl._dispatch 
(node_modules/jsdom/lib/jsdom/living/events/EventTarget-impl.js:233:9)
      at HTMLInputElementImpl.dispatchEvent 
(node_modules/jsdom/lib/jsdom/living/events/EventTarget-impl.js:104:17)
      at HTMLInputElement.dispatchEvent 
(node_modules/jsdom/lib/jsdom/living/generated/EventTarget.js:241:34)
      at 
node_modules/@testing-library/user-event/dist/cjs/event/dispatchEvent.js:45:43
      at Object.eventWrapper 
(node_modules/@testing-library/dom/dist/config.js:25:23)
      at Object.wrapEvent 
(node_modules/@testing-library/user-event/dist/cjs/event/wrapEvent.js:6:28)
      at Object.dispatchEvent (node_modules/@testing-library/user-event/dist/cj
s/event/dispatchEvent.js:45:22)
      at Object.dispatchUIEvent (node_modules/@testing-library/user-event/dist/
cjs/event/dispatchEvent.js:22:26)
      at commitInput 
(node_modules/@testing-library/user-event/dist/cjs/event/input.js:145:14)
      at editInputElement 
(node_modules/@testing-library/user-event/dist/cjs/event/input.js:115:9)
      at Object.input 
(node_modules/@testing-library/user-event/dist/cjs/event/input.js:37:9)
      at node_modules/@testing-library/user-event/dist/cjs/event/behavior/keypr
ess.js:31:26
      at Object.dispatchEvent (node_modules/@testing-library/user-event/dist/cj
s/event/dispatchEvent.js:41:13)
      at Object.dispatchUIEvent (node_modules/@testing-library/user-event/dist/
cjs/event/dispatchEvent.js:22:26)
      at KeyboardHost.keydown 
(node_modules/@testing-library/user-event/dist/cjs/system/keyboard.js:76:22)
      at keyboardAction 
(node_modules/@testing-library/user-event/dist/cjs/keyboard/index.js:22:35)
      at Object.keyboard 
(node_modules/@testing-library/user-event/dist/cjs/keyboard/index.js:11:15)
      at Object.type 
(node_modules/@testing-library/user-event/dist/cjs/utility/type.js:17:5)
      at Object.<anonymous> (src/profile/profile.test.tsx:260:9)

    console.error
      Warning: An update to ProfilePage inside a test was not wrapped in 
act(...).
      
      When testing, code that causes React state updates should be wrapped 
into act(...):
      
      act(() => {
        /* fire events that update state */
      });
      /* assert on the output */
      
      This ensures that you're testing the behavior the user would see in the 
browser. Learn more at https://reactjs.org/link/wrap-tests-with-act
          at ProfilePage 
(C:\Users\samhe\OneDrive\Desktop\Cleaned\frontend\src\profile\index.tsx:25:41)
          at basenameProp (C:\Users\samhe\OneDrive\Desktop\Cleaned\frontend\nod
e_modules\react-router\lib\components.tsx:421:13)
          at basename (C:\Users\samhe\OneDrive\Desktop\Cleaned\frontend\node_mo
dules\react-router\lib\components.tsx:225:3)

      180 |               className="border border-gray-300 rounded-md px-3 
py-2 text-sm"
      181 |               value={newPassword}
    > 182 |               onChange={e => setNewPassword(e.target.value)}
          |                              ^
      183 |             />
      184 |             <p className="text-xs text-gray-500">
      185 |               Minimum 8 characters, at least 1 uppercase letter 
and 1 number.

      at printWarning 
(node_modules/react-dom/cjs/react-dom.development.js:86:30)
      at error (node_modules/react-dom/cjs/react-dom.development.js:60:7)
      at warnIfUpdatesNotWrappedWithActDEV 
(node_modules/react-dom/cjs/react-dom.development.js:27628:9)
      at scheduleUpdateOnFiber 
(node_modules/react-dom/cjs/react-dom.development.js:25547:5)
      at dispatchSetState 
(node_modules/react-dom/cjs/react-dom.development.js:16708:7)
      at onChange (src/profile/index.tsx:182:30)
      at HTMLUnknownElement.callCallback 
(node_modules/react-dom/cjs/react-dom.development.js:4164:14)
      at HTMLUnknownElement.callTheUserObjectsOperation 
(node_modules/jsdom/lib/jsdom/living/generated/EventListener.js:26:30)
      at innerInvokeEventListeners 
(node_modules/jsdom/lib/jsdom/living/events/EventTarget-impl.js:350:25)
      at invokeEventListeners 
(node_modules/jsdom/lib/jsdom/living/events/EventTarget-impl.js:286:3)
      at HTMLUnknownElementImpl._dispatch 
(node_modules/jsdom/lib/jsdom/living/events/EventTarget-impl.js:233:9)
      at HTMLUnknownElementImpl.dispatchEvent 
(node_modules/jsdom/lib/jsdom/living/events/EventTarget-impl.js:104:17)
      at HTMLUnknownElement.dispatchEvent 
(node_modules/jsdom/lib/jsdom/living/generated/EventTarget.js:241:34)
      at Object.invokeGuardedCallbackDev 
(node_modules/react-dom/cjs/react-dom.development.js:4213:16)
      at invokeGuardedCallback 
(node_modules/react-dom/cjs/react-dom.development.js:4277:31)
      at invokeGuardedCallbackAndCatchFirstError 
(node_modules/react-dom/cjs/react-dom.development.js:4291:25)
      at executeDispatch 
(node_modules/react-dom/cjs/react-dom.development.js:9041:3)
      at processDispatchQueueItemsInOrder 
(node_modules/react-dom/cjs/react-dom.development.js:9073:7)
      at processDispatchQueue 
(node_modules/react-dom/cjs/react-dom.development.js:9086:5)
      at dispatchEventsForPlugins 
(node_modules/react-dom/cjs/react-dom.development.js:9097:3)
      at node_modules/react-dom/cjs/react-dom.development.js:9288:12
      at batchedUpdates$1 
(node_modules/react-dom/cjs/react-dom.development.js:26179:12)
      at batchedUpdates 
(node_modules/react-dom/cjs/react-dom.development.js:3991:12)
      at dispatchEventForPluginEventSystem 
(node_modules/react-dom/cjs/react-dom.development.js:9287:3)
      at dispatchEventWithEnableCapturePhaseSelectiveHydrationWithoutDiscreteEv
entReplay (node_modules/react-dom/cjs/react-dom.development.js:6465:5)
      at dispatchEvent 
(node_modules/react-dom/cjs/react-dom.development.js:6457:5)
      at dispatchDiscreteEvent 
(node_modules/react-dom/cjs/react-dom.development.js:6430:5)
      at HTMLDivElement.callTheUserObjectsOperation 
(node_modules/jsdom/lib/jsdom/living/generated/EventListener.js:26:30)
      at innerInvokeEventListeners 
(node_modules/jsdom/lib/jsdom/living/events/EventTarget-impl.js:350:25)
      at invokeEventListeners 
(node_modules/jsdom/lib/jsdom/living/events/EventTarget-impl.js:286:3)
      at HTMLInputElementImpl._dispatch 
(node_modules/jsdom/lib/jsdom/living/events/EventTarget-impl.js:233:9)
      at HTMLInputElementImpl.dispatchEvent 
(node_modules/jsdom/lib/jsdom/living/events/EventTarget-impl.js:104:17)
      at HTMLInputElement.dispatchEvent 
(node_modules/jsdom/lib/jsdom/living/generated/EventTarget.js:241:34)
      at 
node_modules/@testing-library/user-event/dist/cjs/event/dispatchEvent.js:45:43
      at Object.eventWrapper 
(node_modules/@testing-library/dom/dist/config.js:25:23)
      at Object.wrapEvent 
(node_modules/@testing-library/user-event/dist/cjs/event/wrapEvent.js:6:28)
      at Object.dispatchEvent (node_modules/@testing-library/user-event/dist/cj
s/event/dispatchEvent.js:45:22)
      at Object.dispatchUIEvent (node_modules/@testing-library/user-event/dist/
cjs/event/dispatchEvent.js:22:26)
      at commitInput 
(node_modules/@testing-library/user-event/dist/cjs/event/input.js:145:14)
      at editInputElement 
(node_modules/@testing-library/user-event/dist/cjs/event/input.js:115:9)
      at Object.input 
(node_modules/@testing-library/user-event/dist/cjs/event/input.js:37:9)
      at node_modules/@testing-library/user-event/dist/cjs/event/behavior/keypr
ess.js:31:26
      at Object.dispatchEvent (node_modules/@testing-library/user-event/dist/cj
s/event/dispatchEvent.js:41:13)
      at Object.dispatchUIEvent (node_modules/@testing-library/user-event/dist/
cjs/event/dispatchEvent.js:22:26)
      at KeyboardHost.keydown 
(node_modules/@testing-library/user-event/dist/cjs/system/keyboard.js:76:22)
      at keyboardAction 
(node_modules/@testing-library/user-event/dist/cjs/keyboard/index.js:22:35)
      at Object.keyboard 
(node_modules/@testing-library/user-event/dist/cjs/keyboard/index.js:11:15)
      at Object.type 
(node_modules/@testing-library/user-event/dist/cjs/utility/type.js:17:5)
      at Object.<anonymous> (src/profile/profile.test.tsx:260:9)

    console.error
      Warning: An update to ProfilePage inside a test was not wrapped in 
act(...).
      
      When testing, code that causes React state updates should be wrapped 
into act(...):
      
      act(() => {
        /* fire events that update state */
      });
      /* assert on the output */
      
      This ensures that you're testing the behavior the user would see in the 
browser. Learn more at https://reactjs.org/link/wrap-tests-with-act
          at ProfilePage 
(C:\Users\samhe\OneDrive\Desktop\Cleaned\frontend\src\profile\index.tsx:25:41)
          at basenameProp (C:\Users\samhe\OneDrive\Desktop\Cleaned\frontend\nod
e_modules\react-router\lib\components.tsx:421:13)
          at basename (C:\Users\samhe\OneDrive\Desktop\Cleaned\frontend\node_mo
dules\react-router\lib\components.tsx:225:3)

      180 |               className="border border-gray-300 rounded-md px-3 
py-2 text-sm"
      181 |               value={newPassword}
    > 182 |               onChange={e => setNewPassword(e.target.value)}
          |                              ^
      183 |             />
      184 |             <p className="text-xs text-gray-500">
      185 |               Minimum 8 characters, at least 1 uppercase letter 
and 1 number.

      at printWarning 
(node_modules/react-dom/cjs/react-dom.development.js:86:30)
      at error (node_modules/react-dom/cjs/react-dom.development.js:60:7)
      at warnIfUpdatesNotWrappedWithActDEV 
(node_modules/react-dom/cjs/react-dom.development.js:27628:9)
      at scheduleUpdateOnFiber 
(node_modules/react-dom/cjs/react-dom.development.js:25547:5)
      at dispatchSetState 
(node_modules/react-dom/cjs/react-dom.development.js:16708:7)
      at onChange (src/profile/index.tsx:182:30)
      at HTMLUnknownElement.callCallback 
(node_modules/react-dom/cjs/react-dom.development.js:4164:14)
      at HTMLUnknownElement.callTheUserObjectsOperation 
(node_modules/jsdom/lib/jsdom/living/generated/EventListener.js:26:30)
      at innerInvokeEventListeners 
(node_modules/jsdom/lib/jsdom/living/events/EventTarget-impl.js:350:25)
      at invokeEventListeners 
(node_modules/jsdom/lib/jsdom/living/events/EventTarget-impl.js:286:3)
      at HTMLUnknownElementImpl._dispatch 
(node_modules/jsdom/lib/jsdom/living/events/EventTarget-impl.js:233:9)
      at HTMLUnknownElementImpl.dispatchEvent 
(node_modules/jsdom/lib/jsdom/living/events/EventTarget-impl.js:104:17)
      at HTMLUnknownElement.dispatchEvent 
(node_modules/jsdom/lib/jsdom/living/generated/EventTarget.js:241:34)
      at Object.invokeGuardedCallbackDev 
(node_modules/react-dom/cjs/react-dom.development.js:4213:16)
      at invokeGuardedCallback 
(node_modules/react-dom/cjs/react-dom.development.js:4277:31)
      at invokeGuardedCallbackAndCatchFirstError 
(node_modules/react-dom/cjs/react-dom.development.js:4291:25)
      at executeDispatch 
(node_modules/react-dom/cjs/react-dom.development.js:9041:3)
      at processDispatchQueueItemsInOrder 
(node_modules/react-dom/cjs/react-dom.development.js:9073:7)
      at processDispatchQueue 
(node_modules/react-dom/cjs/react-dom.development.js:9086:5)
      at dispatchEventsForPlugins 
(node_modules/react-dom/cjs/react-dom.development.js:9097:3)
      at node_modules/react-dom/cjs/react-dom.development.js:9288:12
      at batchedUpdates$1 
(node_modules/react-dom/cjs/react-dom.development.js:26179:12)
      at batchedUpdates 
(node_modules/react-dom/cjs/react-dom.development.js:3991:12)
      at dispatchEventForPluginEventSystem 
(node_modules/react-dom/cjs/react-dom.development.js:9287:3)
      at dispatchEventWithEnableCapturePhaseSelectiveHydrationWithoutDiscreteEv
entReplay (node_modules/react-dom/cjs/react-dom.development.js:6465:5)
      at dispatchEvent 
(node_modules/react-dom/cjs/react-dom.development.js:6457:5)
      at dispatchDiscreteEvent 
(node_modules/react-dom/cjs/react-dom.development.js:6430:5)
      at HTMLDivElement.callTheUserObjectsOperation 
(node_modules/jsdom/lib/jsdom/living/generated/EventListener.js:26:30)
      at innerInvokeEventListeners 
(node_modules/jsdom/lib/jsdom/living/events/EventTarget-impl.js:350:25)
      at invokeEventListeners 
(node_modules/jsdom/lib/jsdom/living/events/EventTarget-impl.js:286:3)
      at HTMLInputElementImpl._dispatch 
(node_modules/jsdom/lib/jsdom/living/events/EventTarget-impl.js:233:9)
      at HTMLInputElementImpl.dispatchEvent 
(node_modules/jsdom/lib/jsdom/living/events/EventTarget-impl.js:104:17)
      at HTMLInputElement.dispatchEvent 
(node_modules/jsdom/lib/jsdom/living/generated/EventTarget.js:241:34)
      at 
node_modules/@testing-library/user-event/dist/cjs/event/dispatchEvent.js:45:43
      at Object.eventWrapper 
(node_modules/@testing-library/dom/dist/config.js:25:23)
      at Object.wrapEvent 
(node_modules/@testing-library/user-event/dist/cjs/event/wrapEvent.js:6:28)
      at Object.dispatchEvent (node_modules/@testing-library/user-event/dist/cj
s/event/dispatchEvent.js:45:22)
      at Object.dispatchUIEvent (node_modules/@testing-library/user-event/dist/
cjs/event/dispatchEvent.js:22:26)
      at commitInput 
(node_modules/@testing-library/user-event/dist/cjs/event/input.js:145:14)
      at editInputElement 
(node_modules/@testing-library/user-event/dist/cjs/event/input.js:115:9)
      at Object.input 
(node_modules/@testing-library/user-event/dist/cjs/event/input.js:37:9)
      at node_modules/@testing-library/user-event/dist/cjs/event/behavior/keypr
ess.js:31:26
      at Object.dispatchEvent (node_modules/@testing-library/user-event/dist/cj
s/event/dispatchEvent.js:41:13)
      at Object.dispatchUIEvent (node_modules/@testing-library/user-event/dist/
cjs/event/dispatchEvent.js:22:26)
      at KeyboardHost.keydown 
(node_modules/@testing-library/user-event/dist/cjs/system/keyboard.js:76:22)
      at keyboardAction 
(node_modules/@testing-library/user-event/dist/cjs/keyboard/index.js:22:35)
      at Object.keyboard 
(node_modules/@testing-library/user-event/dist/cjs/keyboard/index.js:11:15)
      at Object.type 
(node_modules/@testing-library/user-event/dist/cjs/utility/type.js:17:5)
      at Object.<anonymous> (src/profile/profile.test.tsx:260:9)

    console.error
      Warning: An update to ProfilePage inside a test was not wrapped in 
act(...).
      
      When testing, code that causes React state updates should be wrapped 
into act(...):
      
      act(() => {
        /* fire events that update state */
      });
      /* assert on the output */
      
      This ensures that you're testing the behavior the user would see in the 
browser. Learn more at https://reactjs.org/link/wrap-tests-with-act
          at ProfilePage 
(C:\Users\samhe\OneDrive\Desktop\Cleaned\frontend\src\profile\index.tsx:25:41)
          at basenameProp (C:\Users\samhe\OneDrive\Desktop\Cleaned\frontend\nod
e_modules\react-router\lib\components.tsx:421:13)
          at basename (C:\Users\samhe\OneDrive\Desktop\Cleaned\frontend\node_mo
dules\react-router\lib\components.tsx:225:3)

      180 |               className="border border-gray-300 rounded-md px-3 
py-2 text-sm"
      181 |               value={newPassword}
    > 182 |               onChange={e => setNewPassword(e.target.value)}
          |                              ^
      183 |             />
      184 |             <p className="text-xs text-gray-500">
      185 |               Minimum 8 characters, at least 1 uppercase letter 
and 1 number.

      at printWarning 
(node_modules/react-dom/cjs/react-dom.development.js:86:30)
      at error (node_modules/react-dom/cjs/react-dom.development.js:60:7)
      at warnIfUpdatesNotWrappedWithActDEV 
(node_modules/react-dom/cjs/react-dom.development.js:27628:9)
      at scheduleUpdateOnFiber 
(node_modules/react-dom/cjs/react-dom.development.js:25547:5)
      at dispatchSetState 
(node_modules/react-dom/cjs/react-dom.development.js:16708:7)
      at onChange (src/profile/index.tsx:182:30)
      at HTMLUnknownElement.callCallback 
(node_modules/react-dom/cjs/react-dom.development.js:4164:14)
      at HTMLUnknownElement.callTheUserObjectsOperation 
(node_modules/jsdom/lib/jsdom/living/generated/EventListener.js:26:30)
      at innerInvokeEventListeners 
(node_modules/jsdom/lib/jsdom/living/events/EventTarget-impl.js:350:25)
      at invokeEventListeners 
(node_modules/jsdom/lib/jsdom/living/events/EventTarget-impl.js:286:3)
      at HTMLUnknownElementImpl._dispatch 
(node_modules/jsdom/lib/jsdom/living/events/EventTarget-impl.js:233:9)
      at HTMLUnknownElementImpl.dispatchEvent 
(node_modules/jsdom/lib/jsdom/living/events/EventTarget-impl.js:104:17)
      at HTMLUnknownElement.dispatchEvent 
(node_modules/jsdom/lib/jsdom/living/generated/EventTarget.js:241:34)
      at Object.invokeGuardedCallbackDev 
(node_modules/react-dom/cjs/react-dom.development.js:4213:16)
      at invokeGuardedCallback 
(node_modules/react-dom/cjs/react-dom.development.js:4277:31)
      at invokeGuardedCallbackAndCatchFirstError 
(node_modules/react-dom/cjs/react-dom.development.js:4291:25)
      at executeDispatch 
(node_modules/react-dom/cjs/react-dom.development.js:9041:3)
      at processDispatchQueueItemsInOrder 
(node_modules/react-dom/cjs/react-dom.development.js:9073:7)
      at processDispatchQueue 
(node_modules/react-dom/cjs/react-dom.development.js:9086:5)
      at dispatchEventsForPlugins 
(node_modules/react-dom/cjs/react-dom.development.js:9097:3)
      at node_modules/react-dom/cjs/react-dom.development.js:9288:12
      at batchedUpdates$1 
(node_modules/react-dom/cjs/react-dom.development.js:26179:12)
      at batchedUpdates 
(node_modules/react-dom/cjs/react-dom.development.js:3991:12)
      at dispatchEventForPluginEventSystem 
(node_modules/react-dom/cjs/react-dom.development.js:9287:3)
      at dispatchEventWithEnableCapturePhaseSelectiveHydrationWithoutDiscreteEv
entReplay (node_modules/react-dom/cjs/react-dom.development.js:6465:5)
      at dispatchEvent 
(node_modules/react-dom/cjs/react-dom.development.js:6457:5)
      at dispatchDiscreteEvent 
(node_modules/react-dom/cjs/react-dom.development.js:6430:5)
      at HTMLDivElement.callTheUserObjectsOperation 
(node_modules/jsdom/lib/jsdom/living/generated/EventListener.js:26:30)
      at innerInvokeEventListeners 
(node_modules/jsdom/lib/jsdom/living/events/EventTarget-impl.js:350:25)
      at invokeEventListeners 
(node_modules/jsdom/lib/jsdom/living/events/EventTarget-impl.js:286:3)
      at HTMLInputElementImpl._dispatch 
(node_modules/jsdom/lib/jsdom/living/events/EventTarget-impl.js:233:9)
      at HTMLInputElementImpl.dispatchEvent 
(node_modules/jsdom/lib/jsdom/living/events/EventTarget-impl.js:104:17)
      at HTMLInputElement.dispatchEvent 
(node_modules/jsdom/lib/jsdom/living/generated/EventTarget.js:241:34)
      at 
node_modules/@testing-library/user-event/dist/cjs/event/dispatchEvent.js:45:43
      at Object.eventWrapper 
(node_modules/@testing-library/dom/dist/config.js:25:23)
      at Object.wrapEvent 
(node_modules/@testing-library/user-event/dist/cjs/event/wrapEvent.js:6:28)
      at Object.dispatchEvent (node_modules/@testing-library/user-event/dist/cj
s/event/dispatchEvent.js:45:22)
      at Object.dispatchUIEvent (node_modules/@testing-library/user-event/dist/
cjs/event/dispatchEvent.js:22:26)
      at commitInput 
(node_modules/@testing-library/user-event/dist/cjs/event/input.js:145:14)
      at editInputElement 
(node_modules/@testing-library/user-event/dist/cjs/event/input.js:115:9)
      at Object.input 
(node_modules/@testing-library/user-event/dist/cjs/event/input.js:37:9)
      at node_modules/@testing-library/user-event/dist/cjs/event/behavior/keypr
ess.js:31:26
      at Object.dispatchEvent (node_modules/@testing-library/user-event/dist/cj
s/event/dispatchEvent.js:41:13)
      at Object.dispatchUIEvent (node_modules/@testing-library/user-event/dist/
cjs/event/dispatchEvent.js:22:26)
      at KeyboardHost.keydown 
(node_modules/@testing-library/user-event/dist/cjs/system/keyboard.js:76:22)
      at keyboardAction 
(node_modules/@testing-library/user-event/dist/cjs/keyboard/index.js:22:35)
      at Object.keyboard 
(node_modules/@testing-library/user-event/dist/cjs/keyboard/index.js:11:15)
      at Object.type 
(node_modules/@testing-library/user-event/dist/cjs/utility/type.js:17:5)
      at Object.<anonymous> (src/profile/profile.test.tsx:260:9)

    console.error
      Warning: An update to ProfilePage inside a test was not wrapped in 
act(...).
      
      When testing, code that causes React state updates should be wrapped 
into act(...):
      
      act(() => {
        /* fire events that update state */
      });
      /* assert on the output */
      
      This ensures that you're testing the behavior the user would see in the 
browser. Learn more at https://reactjs.org/link/wrap-tests-with-act
          at ProfilePage 
(C:\Users\samhe\OneDrive\Desktop\Cleaned\frontend\src\profile\index.tsx:25:41)
          at basenameProp (C:\Users\samhe\OneDrive\Desktop\Cleaned\frontend\nod
e_modules\react-router\lib\components.tsx:421:13)
          at basename (C:\Users\samhe\OneDrive\Desktop\Cleaned\frontend\node_mo
dules\react-router\lib\components.tsx:225:3)

      180 |               className="border border-gray-300 rounded-md px-3 
py-2 text-sm"
      181 |               value={newPassword}
    > 182 |               onChange={e => setNewPassword(e.target.value)}
          |                              ^
      183 |             />
      184 |             <p className="text-xs text-gray-500">
      185 |               Minimum 8 characters, at least 1 uppercase letter 
and 1 number.

      at printWarning 
(node_modules/react-dom/cjs/react-dom.development.js:86:30)
      at error (node_modules/react-dom/cjs/react-dom.development.js:60:7)
      at warnIfUpdatesNotWrappedWithActDEV 
(node_modules/react-dom/cjs/react-dom.development.js:27628:9)
      at scheduleUpdateOnFiber 
(node_modules/react-dom/cjs/react-dom.development.js:25547:5)
      at dispatchSetState 
(node_modules/react-dom/cjs/react-dom.development.js:16708:7)
      at onChange (src/profile/index.tsx:182:30)
      at HTMLUnknownElement.callCallback 
(node_modules/react-dom/cjs/react-dom.development.js:4164:14)
      at HTMLUnknownElement.callTheUserObjectsOperation 
(node_modules/jsdom/lib/jsdom/living/generated/EventListener.js:26:30)
      at innerInvokeEventListeners 
(node_modules/jsdom/lib/jsdom/living/events/EventTarget-impl.js:350:25)
      at invokeEventListeners 
(node_modules/jsdom/lib/jsdom/living/events/EventTarget-impl.js:286:3)
      at HTMLUnknownElementImpl._dispatch 
(node_modules/jsdom/lib/jsdom/living/events/EventTarget-impl.js:233:9)
      at HTMLUnknownElementImpl.dispatchEvent 
(node_modules/jsdom/lib/jsdom/living/events/EventTarget-impl.js:104:17)
      at HTMLUnknownElement.dispatchEvent 
(node_modules/jsdom/lib/jsdom/living/generated/EventTarget.js:241:34)
      at Object.invokeGuardedCallbackDev 
(node_modules/react-dom/cjs/react-dom.development.js:4213:16)
      at invokeGuardedCallback 
(node_modules/react-dom/cjs/react-dom.development.js:4277:31)
      at invokeGuardedCallbackAndCatchFirstError 
(node_modules/react-dom/cjs/react-dom.development.js:4291:25)
      at executeDispatch 
(node_modules/react-dom/cjs/react-dom.development.js:9041:3)
      at processDispatchQueueItemsInOrder 
(node_modules/react-dom/cjs/react-dom.development.js:9073:7)
      at processDispatchQueue 
(node_modules/react-dom/cjs/react-dom.development.js:9086:5)
      at dispatchEventsForPlugins 
(node_modules/react-dom/cjs/react-dom.development.js:9097:3)
      at node_modules/react-dom/cjs/react-dom.development.js:9288:12
      at batchedUpdates$1 
(node_modules/react-dom/cjs/react-dom.development.js:26179:12)
      at batchedUpdates 
(node_modules/react-dom/cjs/react-dom.development.js:3991:12)
      at dispatchEventForPluginEventSystem 
(node_modules/react-dom/cjs/react-dom.development.js:9287:3)
      at dispatchEventWithEnableCapturePhaseSelectiveHydrationWithoutDiscreteEv
entReplay (node_modules/react-dom/cjs/react-dom.development.js:6465:5)
      at dispatchEvent 
(node_modules/react-dom/cjs/react-dom.development.js:6457:5)
      at dispatchDiscreteEvent 
(node_modules/react-dom/cjs/react-dom.development.js:6430:5)
      at HTMLDivElement.callTheUserObjectsOperation 
(node_modules/jsdom/lib/jsdom/living/generated/EventListener.js:26:30)
      at innerInvokeEventListeners 
(node_modules/jsdom/lib/jsdom/living/events/EventTarget-impl.js:350:25)
      at invokeEventListeners 
(node_modules/jsdom/lib/jsdom/living/events/EventTarget-impl.js:286:3)
      at HTMLInputElementImpl._dispatch 
(node_modules/jsdom/lib/jsdom/living/events/EventTarget-impl.js:233:9)
      at HTMLInputElementImpl.dispatchEvent 
(node_modules/jsdom/lib/jsdom/living/events/EventTarget-impl.js:104:17)
      at HTMLInputElement.dispatchEvent 
(node_modules/jsdom/lib/jsdom/living/generated/EventTarget.js:241:34)
      at 
node_modules/@testing-library/user-event/dist/cjs/event/dispatchEvent.js:45:43
      at Object.eventWrapper 
(node_modules/@testing-library/dom/dist/config.js:25:23)
      at Object.wrapEvent 
(node_modules/@testing-library/user-event/dist/cjs/event/wrapEvent.js:6:28)
      at Object.dispatchEvent (node_modules/@testing-library/user-event/dist/cj
s/event/dispatchEvent.js:45:22)
      at Object.dispatchUIEvent (node_modules/@testing-library/user-event/dist/
cjs/event/dispatchEvent.js:22:26)
      at commitInput 
(node_modules/@testing-library/user-event/dist/cjs/event/input.js:145:14)
      at editInputElement 
(node_modules/@testing-library/user-event/dist/cjs/event/input.js:115:9)
      at Object.input 
(node_modules/@testing-library/user-event/dist/cjs/event/input.js:37:9)
      at node_modules/@testing-library/user-event/dist/cjs/event/behavior/keypr
ess.js:31:26
      at Object.dispatchEvent (node_modules/@testing-library/user-event/dist/cj
s/event/dispatchEvent.js:41:13)
      at Object.dispatchUIEvent (node_modules/@testing-library/user-event/dist/
cjs/event/dispatchEvent.js:22:26)
      at KeyboardHost.keydown 
(node_modules/@testing-library/user-event/dist/cjs/system/keyboard.js:76:22)
      at keyboardAction 
(node_modules/@testing-library/user-event/dist/cjs/keyboard/index.js:22:35)
      at Object.keyboard 
(node_modules/@testing-library/user-event/dist/cjs/keyboard/index.js:11:15)
      at Object.type 
(node_modules/@testing-library/user-event/dist/cjs/utility/type.js:17:5)
      at Object.<anonymous> (src/profile/profile.test.tsx:260:9)

    console.error
      Warning: An update to ProfilePage inside a test was not wrapped in 
act(...).
      
      When testing, code that causes React state updates should be wrapped 
into act(...):
      
      act(() => {
        /* fire events that update state */
      });
      /* assert on the output */
      
      This ensures that you're testing the behavior the user would see in the 
browser. Learn more at https://reactjs.org/link/wrap-tests-with-act
          at ProfilePage 
(C:\Users\samhe\OneDrive\Desktop\Cleaned\frontend\src\profile\index.tsx:25:41)
          at basenameProp (C:\Users\samhe\OneDrive\Desktop\Cleaned\frontend\nod
e_modules\react-router\lib\components.tsx:421:13)
          at basename (C:\Users\samhe\OneDrive\Desktop\Cleaned\frontend\node_mo
dules\react-router\lib\components.tsx:225:3)

      180 |               className="border border-gray-300 rounded-md px-3 
py-2 text-sm"
      181 |               value={newPassword}
    > 182 |               onChange={e => setNewPassword(e.target.value)}
          |                              ^
      183 |             />
      184 |             <p className="text-xs text-gray-500">
      185 |               Minimum 8 characters, at least 1 uppercase letter 
and 1 number.

      at printWarning 
(node_modules/react-dom/cjs/react-dom.development.js:86:30)
      at error (node_modules/react-dom/cjs/react-dom.development.js:60:7)
      at warnIfUpdatesNotWrappedWithActDEV 
(node_modules/react-dom/cjs/react-dom.development.js:27628:9)
      at scheduleUpdateOnFiber 
(node_modules/react-dom/cjs/react-dom.development.js:25547:5)
      at dispatchSetState 
(node_modules/react-dom/cjs/react-dom.development.js:16708:7)
      at onChange (src/profile/index.tsx:182:30)
      at HTMLUnknownElement.callCallback 
(node_modules/react-dom/cjs/react-dom.development.js:4164:14)
      at HTMLUnknownElement.callTheUserObjectsOperation 
(node_modules/jsdom/lib/jsdom/living/generated/EventListener.js:26:30)
      at innerInvokeEventListeners 
(node_modules/jsdom/lib/jsdom/living/events/EventTarget-impl.js:350:25)
      at invokeEventListeners 
(node_modules/jsdom/lib/jsdom/living/events/EventTarget-impl.js:286:3)
      at HTMLUnknownElementImpl._dispatch 
(node_modules/jsdom/lib/jsdom/living/events/EventTarget-impl.js:233:9)
      at HTMLUnknownElementImpl.dispatchEvent 
(node_modules/jsdom/lib/jsdom/living/events/EventTarget-impl.js:104:17)
      at HTMLUnknownElement.dispatchEvent 
(node_modules/jsdom/lib/jsdom/living/generated/EventTarget.js:241:34)
      at Object.invokeGuardedCallbackDev 
(node_modules/react-dom/cjs/react-dom.development.js:4213:16)
      at invokeGuardedCallback 
(node_modules/react-dom/cjs/react-dom.development.js:4277:31)
      at invokeGuardedCallbackAndCatchFirstError 
(node_modules/react-dom/cjs/react-dom.development.js:4291:25)
      at executeDispatch 
(node_modules/react-dom/cjs/react-dom.development.js:9041:3)
      at processDispatchQueueItemsInOrder 
(node_modules/react-dom/cjs/react-dom.development.js:9073:7)
      at processDispatchQueue 
(node_modules/react-dom/cjs/react-dom.development.js:9086:5)
      at dispatchEventsForPlugins 
(node_modules/react-dom/cjs/react-dom.development.js:9097:3)
      at node_modules/react-dom/cjs/react-dom.development.js:9288:12
      at batchedUpdates$1 
(node_modules/react-dom/cjs/react-dom.development.js:26179:12)
      at batchedUpdates 
(node_modules/react-dom/cjs/react-dom.development.js:3991:12)
      at dispatchEventForPluginEventSystem 
(node_modules/react-dom/cjs/react-dom.development.js:9287:3)
      at dispatchEventWithEnableCapturePhaseSelectiveHydrationWithoutDiscreteEv
entReplay (node_modules/react-dom/cjs/react-dom.development.js:6465:5)
      at dispatchEvent 
(node_modules/react-dom/cjs/react-dom.development.js:6457:5)
      at dispatchDiscreteEvent 
(node_modules/react-dom/cjs/react-dom.development.js:6430:5)
      at HTMLDivElement.callTheUserObjectsOperation 
(node_modules/jsdom/lib/jsdom/living/generated/EventListener.js:26:30)
      at innerInvokeEventListeners 
(node_modules/jsdom/lib/jsdom/living/events/EventTarget-impl.js:350:25)
      at invokeEventListeners 
(node_modules/jsdom/lib/jsdom/living/events/EventTarget-impl.js:286:3)
      at HTMLInputElementImpl._dispatch 
(node_modules/jsdom/lib/jsdom/living/events/EventTarget-impl.js:233:9)
      at HTMLInputElementImpl.dispatchEvent 
(node_modules/jsdom/lib/jsdom/living/events/EventTarget-impl.js:104:17)
      at HTMLInputElement.dispatchEvent 
(node_modules/jsdom/lib/jsdom/living/generated/EventTarget.js:241:34)
      at 
node_modules/@testing-library/user-event/dist/cjs/event/dispatchEvent.js:45:43
      at Object.eventWrapper 
(node_modules/@testing-library/dom/dist/config.js:25:23)
      at Object.wrapEvent 
(node_modules/@testing-library/user-event/dist/cjs/event/wrapEvent.js:6:28)
      at Object.dispatchEvent (node_modules/@testing-library/user-event/dist/cj
s/event/dispatchEvent.js:45:22)
      at Object.dispatchUIEvent (node_modules/@testing-library/user-event/dist/
cjs/event/dispatchEvent.js:22:26)
      at commitInput 
(node_modules/@testing-library/user-event/dist/cjs/event/input.js:145:14)
      at editInputElement 
(node_modules/@testing-library/user-event/dist/cjs/event/input.js:115:9)
      at Object.input 
(node_modules/@testing-library/user-event/dist/cjs/event/input.js:37:9)
      at node_modules/@testing-library/user-event/dist/cjs/event/behavior/keypr
ess.js:31:26
      at Object.dispatchEvent (node_modules/@testing-library/user-event/dist/cj
s/event/dispatchEvent.js:41:13)
      at Object.dispatchUIEvent (node_modules/@testing-library/user-event/dist/
cjs/event/dispatchEvent.js:22:26)
      at KeyboardHost.keydown 
(node_modules/@testing-library/user-event/dist/cjs/system/keyboard.js:76:22)
      at keyboardAction 
(node_modules/@testing-library/user-event/dist/cjs/keyboard/index.js:22:35)
      at Object.keyboard 
(node_modules/@testing-library/user-event/dist/cjs/keyboard/index.js:11:15)
      at Object.type 
(node_modules/@testing-library/user-event/dist/cjs/utility/type.js:17:5)
      at Object.<anonymous> (src/profile/profile.test.tsx:260:9)

    console.error
      Warning: An update to ProfilePage inside a test was not wrapped in 
act(...).
      
      When testing, code that causes React state updates should be wrapped 
into act(...):
      
      act(() => {
        /* fire events that update state */
      });
      /* assert on the output */
      
      This ensures that you're testing the behavior the user would see in the 
browser. Learn more at https://reactjs.org/link/wrap-tests-with-act
          at ProfilePage 
(C:\Users\samhe\OneDrive\Desktop\Cleaned\frontend\src\profile\index.tsx:25:41)
          at basenameProp (C:\Users\samhe\OneDrive\Desktop\Cleaned\frontend\nod
e_modules\react-router\lib\components.tsx:421:13)
          at basename (C:\Users\samhe\OneDrive\Desktop\Cleaned\frontend\node_mo
dules\react-router\lib\components.tsx:225:3)

      196 |               className="border border-gray-300 rounded-md px-3 
py-2 text-sm"
      197 |               value={confirmPassword}
    > 198 |               onChange={e => setConfirmPassword(e.target.value)}
          |                              ^
      199 |             />
      200 |             {confirmPassword && !passwordsMatch && (
      201 |               <p className="text-sm text-red-600">Passwords do not 
match</p>

      at printWarning 
(node_modules/react-dom/cjs/react-dom.development.js:86:30)
      at error (node_modules/react-dom/cjs/react-dom.development.js:60:7)
      at warnIfUpdatesNotWrappedWithActDEV 
(node_modules/react-dom/cjs/react-dom.development.js:27628:9)
      at scheduleUpdateOnFiber 
(node_modules/react-dom/cjs/react-dom.development.js:25547:5)
      at dispatchSetState 
(node_modules/react-dom/cjs/react-dom.development.js:16708:7)
      at onChange (src/profile/index.tsx:198:30)
      at HTMLUnknownElement.callCallback 
(node_modules/react-dom/cjs/react-dom.development.js:4164:14)
      at HTMLUnknownElement.callTheUserObjectsOperation 
(node_modules/jsdom/lib/jsdom/living/generated/EventListener.js:26:30)
      at innerInvokeEventListeners 
(node_modules/jsdom/lib/jsdom/living/events/EventTarget-impl.js:350:25)
      at invokeEventListeners 
(node_modules/jsdom/lib/jsdom/living/events/EventTarget-impl.js:286:3)
      at HTMLUnknownElementImpl._dispatch 
(node_modules/jsdom/lib/jsdom/living/events/EventTarget-impl.js:233:9)
      at HTMLUnknownElementImpl.dispatchEvent 
(node_modules/jsdom/lib/jsdom/living/events/EventTarget-impl.js:104:17)
      at HTMLUnknownElement.dispatchEvent 
(node_modules/jsdom/lib/jsdom/living/generated/EventTarget.js:241:34)
      at Object.invokeGuardedCallbackDev 
(node_modules/react-dom/cjs/react-dom.development.js:4213:16)
      at invokeGuardedCallback 
(node_modules/react-dom/cjs/react-dom.development.js:4277:31)
      at invokeGuardedCallbackAndCatchFirstError 
(node_modules/react-dom/cjs/react-dom.development.js:4291:25)
      at executeDispatch 
(node_modules/react-dom/cjs/react-dom.development.js:9041:3)
      at processDispatchQueueItemsInOrder 
(node_modules/react-dom/cjs/react-dom.development.js:9073:7)
      at processDispatchQueue 
(node_modules/react-dom/cjs/react-dom.development.js:9086:5)
      at dispatchEventsForPlugins 
(node_modules/react-dom/cjs/react-dom.development.js:9097:3)
      at node_modules/react-dom/cjs/react-dom.development.js:9288:12
      at batchedUpdates$1 
(node_modules/react-dom/cjs/react-dom.development.js:26179:12)
      at batchedUpdates 
(node_modules/react-dom/cjs/react-dom.development.js:3991:12)
      at dispatchEventForPluginEventSystem 
(node_modules/react-dom/cjs/react-dom.development.js:9287:3)
      at dispatchEventWithEnableCapturePhaseSelectiveHydrationWithoutDiscreteEv
entReplay (node_modules/react-dom/cjs/react-dom.development.js:6465:5)
      at dispatchEvent 
(node_modules/react-dom/cjs/react-dom.development.js:6457:5)
      at dispatchDiscreteEvent 
(node_modules/react-dom/cjs/react-dom.development.js:6430:5)
      at HTMLDivElement.callTheUserObjectsOperation 
(node_modules/jsdom/lib/jsdom/living/generated/EventListener.js:26:30)
      at innerInvokeEventListeners 
(node_modules/jsdom/lib/jsdom/living/events/EventTarget-impl.js:350:25)
      at invokeEventListeners 
(node_modules/jsdom/lib/jsdom/living/events/EventTarget-impl.js:286:3)
      at HTMLInputElementImpl._dispatch 
(node_modules/jsdom/lib/jsdom/living/events/EventTarget-impl.js:233:9)
      at HTMLInputElementImpl.dispatchEvent 
(node_modules/jsdom/lib/jsdom/living/events/EventTarget-impl.js:104:17)
      at HTMLInputElement.dispatchEvent 
(node_modules/jsdom/lib/jsdom/living/generated/EventTarget.js:241:34)
      at 
node_modules/@testing-library/user-event/dist/cjs/event/dispatchEvent.js:45:43
      at Object.eventWrapper 
(node_modules/@testing-library/dom/dist/config.js:25:23)
      at Object.wrapEvent 
(node_modules/@testing-library/user-event/dist/cjs/event/wrapEvent.js:6:28)
      at Object.dispatchEvent (node_modules/@testing-library/user-event/dist/cj
s/event/dispatchEvent.js:45:22)
      at Object.dispatchUIEvent (node_modules/@testing-library/user-event/dist/
cjs/event/dispatchEvent.js:22:26)
      at commitInput 
(node_modules/@testing-library/user-event/dist/cjs/event/input.js:145:14)
      at editInputElement 
(node_modules/@testing-library/user-event/dist/cjs/event/input.js:115:9)
      at Object.input 
(node_modules/@testing-library/user-event/dist/cjs/event/input.js:37:9)
      at node_modules/@testing-library/user-event/dist/cjs/event/behavior/keypr
ess.js:31:26
      at Object.dispatchEvent (node_modules/@testing-library/user-event/dist/cj
s/event/dispatchEvent.js:41:13)
      at Object.dispatchUIEvent (node_modules/@testing-library/user-event/dist/
cjs/event/dispatchEvent.js:22:26)
      at KeyboardHost.keydown 
(node_modules/@testing-library/user-event/dist/cjs/system/keyboard.js:76:22)
      at keyboardAction 
(node_modules/@testing-library/user-event/dist/cjs/keyboard/index.js:22:35)
      at Object.keyboard 
(node_modules/@testing-library/user-event/dist/cjs/keyboard/index.js:11:15)
      at Object.type 
(node_modules/@testing-library/user-event/dist/cjs/utility/type.js:17:5)
      at Object.<anonymous> (src/profile/profile.test.tsx:261:9)

    console.error
      Warning: An update to ProfilePage inside a test was not wrapped in 
act(...).
      
      When testing, code that causes React state updates should be wrapped 
into act(...):
      
      act(() => {
        /* fire events that update state */
      });
      /* assert on the output */
      
      This ensures that you're testing the behavior the user would see in the 
browser. Learn more at https://reactjs.org/link/wrap-tests-with-act
          at ProfilePage 
(C:\Users\samhe\OneDrive\Desktop\Cleaned\frontend\src\profile\index.tsx:25:41)
          at basenameProp (C:\Users\samhe\OneDrive\Desktop\Cleaned\frontend\nod
e_modules\react-router\lib\components.tsx:421:13)
          at basename (C:\Users\samhe\OneDrive\Desktop\Cleaned\frontend\node_mo
dules\react-router\lib\components.tsx:225:3)

      196 |               className="border border-gray-300 rounded-md px-3 
py-2 text-sm"
      197 |               value={confirmPassword}
    > 198 |               onChange={e => setConfirmPassword(e.target.value)}
          |                              ^
      199 |             />
      200 |             {confirmPassword && !passwordsMatch && (
      201 |               <p className="text-sm text-red-600">Passwords do not 
match</p>

      at printWarning 
(node_modules/react-dom/cjs/react-dom.development.js:86:30)
      at error (node_modules/react-dom/cjs/react-dom.development.js:60:7)
      at warnIfUpdatesNotWrappedWithActDEV 
(node_modules/react-dom/cjs/react-dom.development.js:27628:9)
      at scheduleUpdateOnFiber 
(node_modules/react-dom/cjs/react-dom.development.js:25547:5)
      at dispatchSetState 
(node_modules/react-dom/cjs/react-dom.development.js:16708:7)
      at onChange (src/profile/index.tsx:198:30)
      at HTMLUnknownElement.callCallback 
(node_modules/react-dom/cjs/react-dom.development.js:4164:14)
      at HTMLUnknownElement.callTheUserObjectsOperation 
(node_modules/jsdom/lib/jsdom/living/generated/EventListener.js:26:30)
      at innerInvokeEventListeners 
(node_modules/jsdom/lib/jsdom/living/events/EventTarget-impl.js:350:25)
      at invokeEventListeners 
(node_modules/jsdom/lib/jsdom/living/events/EventTarget-impl.js:286:3)
      at HTMLUnknownElementImpl._dispatch 
(node_modules/jsdom/lib/jsdom/living/events/EventTarget-impl.js:233:9)
      at HTMLUnknownElementImpl.dispatchEvent 
(node_modules/jsdom/lib/jsdom/living/events/EventTarget-impl.js:104:17)
      at HTMLUnknownElement.dispatchEvent 
(node_modules/jsdom/lib/jsdom/living/generated/EventTarget.js:241:34)
      at Object.invokeGuardedCallbackDev 
(node_modules/react-dom/cjs/react-dom.development.js:4213:16)
      at invokeGuardedCallback 
(node_modules/react-dom/cjs/react-dom.development.js:4277:31)
      at invokeGuardedCallbackAndCatchFirstError 
(node_modules/react-dom/cjs/react-dom.development.js:4291:25)
      at executeDispatch 
(node_modules/react-dom/cjs/react-dom.development.js:9041:3)
      at processDispatchQueueItemsInOrder 
(node_modules/react-dom/cjs/react-dom.development.js:9073:7)
      at processDispatchQueue 
(node_modules/react-dom/cjs/react-dom.development.js:9086:5)
      at dispatchEventsForPlugins 
(node_modules/react-dom/cjs/react-dom.development.js:9097:3)
      at node_modules/react-dom/cjs/react-dom.development.js:9288:12
      at batchedUpdates$1 
(node_modules/react-dom/cjs/react-dom.development.js:26179:12)
      at batchedUpdates 
(node_modules/react-dom/cjs/react-dom.development.js:3991:12)
      at dispatchEventForPluginEventSystem 
(node_modules/react-dom/cjs/react-dom.development.js:9287:3)
      at dispatchEventWithEnableCapturePhaseSelectiveHydrationWithoutDiscreteEv
entReplay (node_modules/react-dom/cjs/react-dom.development.js:6465:5)
      at dispatchEvent 
(node_modules/react-dom/cjs/react-dom.development.js:6457:5)
      at dispatchDiscreteEvent 
(node_modules/react-dom/cjs/react-dom.development.js:6430:5)
      at HTMLDivElement.callTheUserObjectsOperation 
(node_modules/jsdom/lib/jsdom/living/generated/EventListener.js:26:30)
      at innerInvokeEventListeners 
(node_modules/jsdom/lib/jsdom/living/events/EventTarget-impl.js:350:25)
      at invokeEventListeners 
(node_modules/jsdom/lib/jsdom/living/events/EventTarget-impl.js:286:3)
      at HTMLInputElementImpl._dispatch 
(node_modules/jsdom/lib/jsdom/living/events/EventTarget-impl.js:233:9)
      at HTMLInputElementImpl.dispatchEvent 
(node_modules/jsdom/lib/jsdom/living/events/EventTarget-impl.js:104:17)
      at HTMLInputElement.dispatchEvent 
(node_modules/jsdom/lib/jsdom/living/generated/EventTarget.js:241:34)
      at 
node_modules/@testing-library/user-event/dist/cjs/event/dispatchEvent.js:45:43
      at Object.eventWrapper 
(node_modules/@testing-library/dom/dist/config.js:25:23)
      at Object.wrapEvent 
(node_modules/@testing-library/user-event/dist/cjs/event/wrapEvent.js:6:28)
      at Object.dispatchEvent (node_modules/@testing-library/user-event/dist/cj
s/event/dispatchEvent.js:45:22)
      at Object.dispatchUIEvent (node_modules/@testing-library/user-event/dist/
cjs/event/dispatchEvent.js:22:26)
      at commitInput 
(node_modules/@testing-library/user-event/dist/cjs/event/input.js:145:14)
      at editInputElement 
(node_modules/@testing-library/user-event/dist/cjs/event/input.js:115:9)
      at Object.input 
(node_modules/@testing-library/user-event/dist/cjs/event/input.js:37:9)
      at node_modules/@testing-library/user-event/dist/cjs/event/behavior/keypr
ess.js:31:26
      at Object.dispatchEvent (node_modules/@testing-library/user-event/dist/cj
s/event/dispatchEvent.js:41:13)
      at Object.dispatchUIEvent (node_modules/@testing-library/user-event/dist/
cjs/event/dispatchEvent.js:22:26)
      at KeyboardHost.keydown 
(node_modules/@testing-library/user-event/dist/cjs/system/keyboard.js:76:22)
      at keyboardAction 
(node_modules/@testing-library/user-event/dist/cjs/keyboard/index.js:22:35)
      at Object.keyboard 
(node_modules/@testing-library/user-event/dist/cjs/keyboard/index.js:11:15)
      at Object.type 
(node_modules/@testing-library/user-event/dist/cjs/utility/type.js:17:5)
      at Object.<anonymous> (src/profile/profile.test.tsx:261:9)

    console.error
      Warning: An update to ProfilePage inside a test was not wrapped in 
act(...).
      
      When testing, code that causes React state updates should be wrapped 
into act(...):
      
      act(() => {
        /* fire events that update state */
      });
      /* assert on the output */
      
      This ensures that you're testing the behavior the user would see in the 
browser. Learn more at https://reactjs.org/link/wrap-tests-with-act
          at ProfilePage 
(C:\Users\samhe\OneDrive\Desktop\Cleaned\frontend\src\profile\index.tsx:25:41)
          at basenameProp (C:\Users\samhe\OneDrive\Desktop\Cleaned\frontend\nod
e_modules\react-router\lib\components.tsx:421:13)
          at basename (C:\Users\samhe\OneDrive\Desktop\Cleaned\frontend\node_mo
dules\react-router\lib\components.tsx:225:3)

      196 |               className="border border-gray-300 rounded-md px-3 
py-2 text-sm"
      197 |               value={confirmPassword}
    > 198 |               onChange={e => setConfirmPassword(e.target.value)}
          |                              ^
      199 |             />
      200 |             {confirmPassword && !passwordsMatch && (
      201 |               <p className="text-sm text-red-600">Passwords do not 
match</p>

      at printWarning 
(node_modules/react-dom/cjs/react-dom.development.js:86:30)
      at error (node_modules/react-dom/cjs/react-dom.development.js:60:7)
      at warnIfUpdatesNotWrappedWithActDEV 
(node_modules/react-dom/cjs/react-dom.development.js:27628:9)
      at scheduleUpdateOnFiber 
(node_modules/react-dom/cjs/react-dom.development.js:25547:5)
      at dispatchSetState 
(node_modules/react-dom/cjs/react-dom.development.js:16708:7)
      at onChange (src/profile/index.tsx:198:30)
      at HTMLUnknownElement.callCallback 
(node_modules/react-dom/cjs/react-dom.development.js:4164:14)
      at HTMLUnknownElement.callTheUserObjectsOperation 
(node_modules/jsdom/lib/jsdom/living/generated/EventListener.js:26:30)
      at innerInvokeEventListeners 
(node_modules/jsdom/lib/jsdom/living/events/EventTarget-impl.js:350:25)
      at invokeEventListeners 
(node_modules/jsdom/lib/jsdom/living/events/EventTarget-impl.js:286:3)
      at HTMLUnknownElementImpl._dispatch 
(node_modules/jsdom/lib/jsdom/living/events/EventTarget-impl.js:233:9)
      at HTMLUnknownElementImpl.dispatchEvent 
(node_modules/jsdom/lib/jsdom/living/events/EventTarget-impl.js:104:17)
      at HTMLUnknownElement.dispatchEvent 
(node_modules/jsdom/lib/jsdom/living/generated/EventTarget.js:241:34)
      at Object.invokeGuardedCallbackDev 
(node_modules/react-dom/cjs/react-dom.development.js:4213:16)
      at invokeGuardedCallback 
(node_modules/react-dom/cjs/react-dom.development.js:4277:31)
      at invokeGuardedCallbackAndCatchFirstError 
(node_modules/react-dom/cjs/react-dom.development.js:4291:25)
      at executeDispatch 
(node_modules/react-dom/cjs/react-dom.development.js:9041:3)
      at processDispatchQueueItemsInOrder 
(node_modules/react-dom/cjs/react-dom.development.js:9073:7)
      at processDispatchQueue 
(node_modules/react-dom/cjs/react-dom.development.js:9086:5)
      at dispatchEventsForPlugins 
(node_modules/react-dom/cjs/react-dom.development.js:9097:3)
      at node_modules/react-dom/cjs/react-dom.development.js:9288:12
      at batchedUpdates$1 
(node_modules/react-dom/cjs/react-dom.development.js:26179:12)
      at batchedUpdates 
(node_modules/react-dom/cjs/react-dom.development.js:3991:12)
      at dispatchEventForPluginEventSystem 
(node_modules/react-dom/cjs/react-dom.development.js:9287:3)
      at dispatchEventWithEnableCapturePhaseSelectiveHydrationWithoutDiscreteEv
entReplay (node_modules/react-dom/cjs/react-dom.development.js:6465:5)
      at dispatchEvent 
(node_modules/react-dom/cjs/react-dom.development.js:6457:5)
      at dispatchDiscreteEvent 
(node_modules/react-dom/cjs/react-dom.development.js:6430:5)
      at HTMLDivElement.callTheUserObjectsOperation 
(node_modules/jsdom/lib/jsdom/living/generated/EventListener.js:26:30)
      at innerInvokeEventListeners 
(node_modules/jsdom/lib/jsdom/living/events/EventTarget-impl.js:350:25)
      at invokeEventListeners 
(node_modules/jsdom/lib/jsdom/living/events/EventTarget-impl.js:286:3)
      at HTMLInputElementImpl._dispatch 
(node_modules/jsdom/lib/jsdom/living/events/EventTarget-impl.js:233:9)
      at HTMLInputElementImpl.dispatchEvent 
(node_modules/jsdom/lib/jsdom/living/events/EventTarget-impl.js:104:17)
      at HTMLInputElement.dispatchEvent 
(node_modules/jsdom/lib/jsdom/living/generated/EventTarget.js:241:34)
      at 
node_modules/@testing-library/user-event/dist/cjs/event/dispatchEvent.js:45:43
      at Object.eventWrapper 
(node_modules/@testing-library/dom/dist/config.js:25:23)
      at Object.wrapEvent 
(node_modules/@testing-library/user-event/dist/cjs/event/wrapEvent.js:6:28)
      at Object.dispatchEvent (node_modules/@testing-library/user-event/dist/cj
s/event/dispatchEvent.js:45:22)
      at Object.dispatchUIEvent (node_modules/@testing-library/user-event/dist/
cjs/event/dispatchEvent.js:22:26)
      at commitInput 
(node_modules/@testing-library/user-event/dist/cjs/event/input.js:145:14)
      at editInputElement 
(node_modules/@testing-library/user-event/dist/cjs/event/input.js:115:9)
      at Object.input 
(node_modules/@testing-library/user-event/dist/cjs/event/input.js:37:9)
      at node_modules/@testing-library/user-event/dist/cjs/event/behavior/keypr
ess.js:31:26
      at Object.dispatchEvent (node_modules/@testing-library/user-event/dist/cj
s/event/dispatchEvent.js:41:13)
      at Object.dispatchUIEvent (node_modules/@testing-library/user-event/dist/
cjs/event/dispatchEvent.js:22:26)
      at KeyboardHost.keydown 
(node_modules/@testing-library/user-event/dist/cjs/system/keyboard.js:76:22)
      at keyboardAction 
(node_modules/@testing-library/user-event/dist/cjs/keyboard/index.js:22:35)
      at Object.keyboard 
(node_modules/@testing-library/user-event/dist/cjs/keyboard/index.js:11:15)
      at Object.type 
(node_modules/@testing-library/user-event/dist/cjs/utility/type.js:17:5)
      at Object.<anonymous> (src/profile/profile.test.tsx:261:9)

    console.error
      Warning: An update to ProfilePage inside a test was not wrapped in 
act(...).
      
      When testing, code that causes React state updates should be wrapped 
into act(...):
      
      act(() => {
        /* fire events that update state */
      });
      /* assert on the output */
      
      This ensures that you're testing the behavior the user would see in the 
browser. Learn more at https://reactjs.org/link/wrap-tests-with-act
          at ProfilePage 
(C:\Users\samhe\OneDrive\Desktop\Cleaned\frontend\src\profile\index.tsx:25:41)
          at basenameProp (C:\Users\samhe\OneDrive\Desktop\Cleaned\frontend\nod
e_modules\react-router\lib\components.tsx:421:13)
          at basename (C:\Users\samhe\OneDrive\Desktop\Cleaned\frontend\node_mo
dules\react-router\lib\components.tsx:225:3)

      196 |               className="border border-gray-300 rounded-md px-3 
py-2 text-sm"
      197 |               value={confirmPassword}
    > 198 |               onChange={e => setConfirmPassword(e.target.value)}
          |                              ^
      199 |             />
      200 |             {confirmPassword && !passwordsMatch && (
      201 |               <p className="text-sm text-red-600">Passwords do not 
match</p>

      at printWarning 
(node_modules/react-dom/cjs/react-dom.development.js:86:30)
      at error (node_modules/react-dom/cjs/react-dom.development.js:60:7)
      at warnIfUpdatesNotWrappedWithActDEV 
(node_modules/react-dom/cjs/react-dom.development.js:27628:9)
      at scheduleUpdateOnFiber 
(node_modules/react-dom/cjs/react-dom.development.js:25547:5)
      at dispatchSetState 
(node_modules/react-dom/cjs/react-dom.development.js:16708:7)
      at onChange (src/profile/index.tsx:198:30)
      at HTMLUnknownElement.callCallback 
(node_modules/react-dom/cjs/react-dom.development.js:4164:14)
      at HTMLUnknownElement.callTheUserObjectsOperation 
(node_modules/jsdom/lib/jsdom/living/generated/EventListener.js:26:30)
      at innerInvokeEventListeners 
(node_modules/jsdom/lib/jsdom/living/events/EventTarget-impl.js:350:25)
      at invokeEventListeners 
(node_modules/jsdom/lib/jsdom/living/events/EventTarget-impl.js:286:3)
      at HTMLUnknownElementImpl._dispatch 
(node_modules/jsdom/lib/jsdom/living/events/EventTarget-impl.js:233:9)
      at HTMLUnknownElementImpl.dispatchEvent 
(node_modules/jsdom/lib/jsdom/living/events/EventTarget-impl.js:104:17)
      at HTMLUnknownElement.dispatchEvent 
(node_modules/jsdom/lib/jsdom/living/generated/EventTarget.js:241:34)
      at Object.invokeGuardedCallbackDev 
(node_modules/react-dom/cjs/react-dom.development.js:4213:16)
      at invokeGuardedCallback 
(node_modules/react-dom/cjs/react-dom.development.js:4277:31)
      at invokeGuardedCallbackAndCatchFirstError 
(node_modules/react-dom/cjs/react-dom.development.js:4291:25)
      at executeDispatch 
(node_modules/react-dom/cjs/react-dom.development.js:9041:3)
      at processDispatchQueueItemsInOrder 
(node_modules/react-dom/cjs/react-dom.development.js:9073:7)
      at processDispatchQueue 
(node_modules/react-dom/cjs/react-dom.development.js:9086:5)
      at dispatchEventsForPlugins 
(node_modules/react-dom/cjs/react-dom.development.js:9097:3)
      at node_modules/react-dom/cjs/react-dom.development.js:9288:12
      at batchedUpdates$1 
(node_modules/react-dom/cjs/react-dom.development.js:26179:12)
      at batchedUpdates 
(node_modules/react-dom/cjs/react-dom.development.js:3991:12)
      at dispatchEventForPluginEventSystem 
(node_modules/react-dom/cjs/react-dom.development.js:9287:3)
      at dispatchEventWithEnableCapturePhaseSelectiveHydrationWithoutDiscreteEv
entReplay (node_modules/react-dom/cjs/react-dom.development.js:6465:5)
      at dispatchEvent 
(node_modules/react-dom/cjs/react-dom.development.js:6457:5)
      at dispatchDiscreteEvent 
(node_modules/react-dom/cjs/react-dom.development.js:6430:5)
      at HTMLDivElement.callTheUserObjectsOperation 
(node_modules/jsdom/lib/jsdom/living/generated/EventListener.js:26:30)
      at innerInvokeEventListeners 
(node_modules/jsdom/lib/jsdom/living/events/EventTarget-impl.js:350:25)
      at invokeEventListeners 
(node_modules/jsdom/lib/jsdom/living/events/EventTarget-impl.js:286:3)
      at HTMLInputElementImpl._dispatch 
(node_modules/jsdom/lib/jsdom/living/events/EventTarget-impl.js:233:9)
      at HTMLInputElementImpl.dispatchEvent 
(node_modules/jsdom/lib/jsdom/living/events/EventTarget-impl.js:104:17)
      at HTMLInputElement.dispatchEvent 
(node_modules/jsdom/lib/jsdom/living/generated/EventTarget.js:241:34)
      at 
node_modules/@testing-library/user-event/dist/cjs/event/dispatchEvent.js:45:43
      at Object.eventWrapper 
(node_modules/@testing-library/dom/dist/config.js:25:23)
      at Object.wrapEvent 
(node_modules/@testing-library/user-event/dist/cjs/event/wrapEvent.js:6:28)
      at Object.dispatchEvent (node_modules/@testing-library/user-event/dist/cj
s/event/dispatchEvent.js:45:22)
      at Object.dispatchUIEvent (node_modules/@testing-library/user-event/dist/
cjs/event/dispatchEvent.js:22:26)
      at commitInput 
(node_modules/@testing-library/user-event/dist/cjs/event/input.js:145:14)
      at editInputElement 
(node_modules/@testing-library/user-event/dist/cjs/event/input.js:115:9)
      at Object.input 
(node_modules/@testing-library/user-event/dist/cjs/event/input.js:37:9)
      at node_modules/@testing-library/user-event/dist/cjs/event/behavior/keypr
ess.js:31:26
      at Object.dispatchEvent (node_modules/@testing-library/user-event/dist/cj
s/event/dispatchEvent.js:41:13)
      at Object.dispatchUIEvent (node_modules/@testing-library/user-event/dist/
cjs/event/dispatchEvent.js:22:26)
      at KeyboardHost.keydown 
(node_modules/@testing-library/user-event/dist/cjs/system/keyboard.js:76:22)
      at keyboardAction 
(node_modules/@testing-library/user-event/dist/cjs/keyboard/index.js:22:35)
      at Object.keyboard 
(node_modules/@testing-library/user-event/dist/cjs/keyboard/index.js:11:15)
      at Object.type 
(node_modules/@testing-library/user-event/dist/cjs/utility/type.js:17:5)
      at Object.<anonymous> (src/profile/profile.test.tsx:261:9)

    console.error
      Warning: An update to ProfilePage inside a test was not wrapped in 
act(...).
      
      When testing, code that causes React state updates should be wrapped 
into act(...):
      
      act(() => {
        /* fire events that update state */
      });
      /* assert on the output */
      
      This ensures that you're testing the behavior the user would see in the 
browser. Learn more at https://reactjs.org/link/wrap-tests-with-act
          at ProfilePage 
(C:\Users\samhe\OneDrive\Desktop\Cleaned\frontend\src\profile\index.tsx:25:41)
          at basenameProp (C:\Users\samhe\OneDrive\Desktop\Cleaned\frontend\nod
e_modules\react-router\lib\components.tsx:421:13)
          at basename (C:\Users\samhe\OneDrive\Desktop\Cleaned\frontend\node_mo
dules\react-router\lib\components.tsx:225:3)

      196 |               className="border border-gray-300 rounded-md px-3 
py-2 text-sm"
      197 |               value={confirmPassword}
    > 198 |               onChange={e => setConfirmPassword(e.target.value)}
          |                              ^
      199 |             />
      200 |             {confirmPassword && !passwordsMatch && (
      201 |               <p className="text-sm text-red-600">Passwords do not 
match</p>

      at printWarning 
(node_modules/react-dom/cjs/react-dom.development.js:86:30)
      at error (node_modules/react-dom/cjs/react-dom.development.js:60:7)
      at warnIfUpdatesNotWrappedWithActDEV 
(node_modules/react-dom/cjs/react-dom.development.js:27628:9)
      at scheduleUpdateOnFiber 
(node_modules/react-dom/cjs/react-dom.development.js:25547:5)
      at dispatchSetState 
(node_modules/react-dom/cjs/react-dom.development.js:16708:7)
      at onChange (src/profile/index.tsx:198:30)
      at HTMLUnknownElement.callCallback 
(node_modules/react-dom/cjs/react-dom.development.js:4164:14)
      at HTMLUnknownElement.callTheUserObjectsOperation 
(node_modules/jsdom/lib/jsdom/living/generated/EventListener.js:26:30)
      at innerInvokeEventListeners 
(node_modules/jsdom/lib/jsdom/living/events/EventTarget-impl.js:350:25)
      at invokeEventListeners 
(node_modules/jsdom/lib/jsdom/living/events/EventTarget-impl.js:286:3)
      at HTMLUnknownElementImpl._dispatch 
(node_modules/jsdom/lib/jsdom/living/events/EventTarget-impl.js:233:9)
      at HTMLUnknownElementImpl.dispatchEvent 
(node_modules/jsdom/lib/jsdom/living/events/EventTarget-impl.js:104:17)
      at HTMLUnknownElement.dispatchEvent 
(node_modules/jsdom/lib/jsdom/living/generated/EventTarget.js:241:34)
      at Object.invokeGuardedCallbackDev 
(node_modules/react-dom/cjs/react-dom.development.js:4213:16)
      at invokeGuardedCallback 
(node_modules/react-dom/cjs/react-dom.development.js:4277:31)
      at invokeGuardedCallbackAndCatchFirstError 
(node_modules/react-dom/cjs/react-dom.development.js:4291:25)
      at executeDispatch 
(node_modules/react-dom/cjs/react-dom.development.js:9041:3)
      at processDispatchQueueItemsInOrder 
(node_modules/react-dom/cjs/react-dom.development.js:9073:7)
      at processDispatchQueue 
(node_modules/react-dom/cjs/react-dom.development.js:9086:5)
      at dispatchEventsForPlugins 
(node_modules/react-dom/cjs/react-dom.development.js:9097:3)
      at node_modules/react-dom/cjs/react-dom.development.js:9288:12
      at batchedUpdates$1 
(node_modules/react-dom/cjs/react-dom.development.js:26179:12)
      at batchedUpdates 
(node_modules/react-dom/cjs/react-dom.development.js:3991:12)
      at dispatchEventForPluginEventSystem 
(node_modules/react-dom/cjs/react-dom.development.js:9287:3)
      at dispatchEventWithEnableCapturePhaseSelectiveHydrationWithoutDiscreteEv
entReplay (node_modules/react-dom/cjs/react-dom.development.js:6465:5)
      at dispatchEvent 
(node_modules/react-dom/cjs/react-dom.development.js:6457:5)
      at dispatchDiscreteEvent 
(node_modules/react-dom/cjs/react-dom.development.js:6430:5)
      at HTMLDivElement.callTheUserObjectsOperation 
(node_modules/jsdom/lib/jsdom/living/generated/EventListener.js:26:30)
      at innerInvokeEventListeners 
(node_modules/jsdom/lib/jsdom/living/events/EventTarget-impl.js:350:25)
      at invokeEventListeners 
(node_modules/jsdom/lib/jsdom/living/events/EventTarget-impl.js:286:3)
      at HTMLInputElementImpl._dispatch 
(node_modules/jsdom/lib/jsdom/living/events/EventTarget-impl.js:233:9)
      at HTMLInputElementImpl.dispatchEvent 
(node_modules/jsdom/lib/jsdom/living/events/EventTarget-impl.js:104:17)
      at HTMLInputElement.dispatchEvent 
(node_modules/jsdom/lib/jsdom/living/generated/EventTarget.js:241:34)
      at 
node_modules/@testing-library/user-event/dist/cjs/event/dispatchEvent.js:45:43
      at Object.eventWrapper 
(node_modules/@testing-library/dom/dist/config.js:25:23)
      at Object.wrapEvent 
(node_modules/@testing-library/user-event/dist/cjs/event/wrapEvent.js:6:28)
      at Object.dispatchEvent (node_modules/@testing-library/user-event/dist/cj
s/event/dispatchEvent.js:45:22)
      at Object.dispatchUIEvent (node_modules/@testing-library/user-event/dist/
cjs/event/dispatchEvent.js:22:26)
      at commitInput 
(node_modules/@testing-library/user-event/dist/cjs/event/input.js:145:14)
      at editInputElement 
(node_modules/@testing-library/user-event/dist/cjs/event/input.js:115:9)
      at Object.input 
(node_modules/@testing-library/user-event/dist/cjs/event/input.js:37:9)
      at node_modules/@testing-library/user-event/dist/cjs/event/behavior/keypr
ess.js:31:26
      at Object.dispatchEvent (node_modules/@testing-library/user-event/dist/cj
s/event/dispatchEvent.js:41:13)
      at Object.dispatchUIEvent (node_modules/@testing-library/user-event/dist/
cjs/event/dispatchEvent.js:22:26)
      at KeyboardHost.keydown 
(node_modules/@testing-library/user-event/dist/cjs/system/keyboard.js:76:22)
      at keyboardAction 
(node_modules/@testing-library/user-event/dist/cjs/keyboard/index.js:22:35)
      at Object.keyboard 
(node_modules/@testing-library/user-event/dist/cjs/keyboard/index.js:11:15)
      at Object.type 
(node_modules/@testing-library/user-event/dist/cjs/utility/type.js:17:5)
      at Object.<anonymous> (src/profile/profile.test.tsx:261:9)

    console.error
      Warning: An update to ProfilePage inside a test was not wrapped in 
act(...).
      
      When testing, code that causes React state updates should be wrapped 
into act(...):
      
      act(() => {
        /* fire events that update state */
      });
      /* assert on the output */
      
      This ensures that you're testing the behavior the user would see in the 
browser. Learn more at https://reactjs.org/link/wrap-tests-with-act
          at ProfilePage 
(C:\Users\samhe\OneDrive\Desktop\Cleaned\frontend\src\profile\index.tsx:25:41)
          at basenameProp (C:\Users\samhe\OneDrive\Desktop\Cleaned\frontend\nod
e_modules\react-router\lib\components.tsx:421:13)
          at basename (C:\Users\samhe\OneDrive\Desktop\Cleaned\frontend\node_mo
dules\react-router\lib\components.tsx:225:3)

      196 |               className="border border-gray-300 rounded-md px-3 
py-2 text-sm"
      197 |               value={confirmPassword}
    > 198 |               onChange={e => setConfirmPassword(e.target.value)}
          |                              ^
      199 |             />
      200 |             {confirmPassword && !passwordsMatch && (
      201 |               <p className="text-sm text-red-600">Passwords do not 
match</p>

      at printWarning 
(node_modules/react-dom/cjs/react-dom.development.js:86:30)
      at error (node_modules/react-dom/cjs/react-dom.development.js:60:7)
      at warnIfUpdatesNotWrappedWithActDEV 
(node_modules/react-dom/cjs/react-dom.development.js:27628:9)
      at scheduleUpdateOnFiber 
(node_modules/react-dom/cjs/react-dom.development.js:25547:5)
      at dispatchSetState 
(node_modules/react-dom/cjs/react-dom.development.js:16708:7)
      at onChange (src/profile/index.tsx:198:30)
      at HTMLUnknownElement.callCallback 
(node_modules/react-dom/cjs/react-dom.development.js:4164:14)
      at HTMLUnknownElement.callTheUserObjectsOperation 
(node_modules/jsdom/lib/jsdom/living/generated/EventListener.js:26:30)
      at innerInvokeEventListeners 
(node_modules/jsdom/lib/jsdom/living/events/EventTarget-impl.js:350:25)
      at invokeEventListeners 
(node_modules/jsdom/lib/jsdom/living/events/EventTarget-impl.js:286:3)
      at HTMLUnknownElementImpl._dispatch 
(node_modules/jsdom/lib/jsdom/living/events/EventTarget-impl.js:233:9)
      at HTMLUnknownElementImpl.dispatchEvent 
(node_modules/jsdom/lib/jsdom/living/events/EventTarget-impl.js:104:17)
      at HTMLUnknownElement.dispatchEvent 
(node_modules/jsdom/lib/jsdom/living/generated/EventTarget.js:241:34)
      at Object.invokeGuardedCallbackDev 
(node_modules/react-dom/cjs/react-dom.development.js:4213:16)
      at invokeGuardedCallback 
(node_modules/react-dom/cjs/react-dom.development.js:4277:31)
      at invokeGuardedCallbackAndCatchFirstError 
(node_modules/react-dom/cjs/react-dom.development.js:4291:25)
      at executeDispatch 
(node_modules/react-dom/cjs/react-dom.development.js:9041:3)
      at processDispatchQueueItemsInOrder 
(node_modules/react-dom/cjs/react-dom.development.js:9073:7)
      at processDispatchQueue 
(node_modules/react-dom/cjs/react-dom.development.js:9086:5)
      at dispatchEventsForPlugins 
(node_modules/react-dom/cjs/react-dom.development.js:9097:3)
      at node_modules/react-dom/cjs/react-dom.development.js:9288:12
      at batchedUpdates$1 
(node_modules/react-dom/cjs/react-dom.development.js:26179:12)
      at batchedUpdates 
(node_modules/react-dom/cjs/react-dom.development.js:3991:12)
      at dispatchEventForPluginEventSystem 
(node_modules/react-dom/cjs/react-dom.development.js:9287:3)
      at dispatchEventWithEnableCapturePhaseSelectiveHydrationWithoutDiscreteEv
entReplay (node_modules/react-dom/cjs/react-dom.development.js:6465:5)
      at dispatchEvent 
(node_modules/react-dom/cjs/react-dom.development.js:6457:5)
      at dispatchDiscreteEvent 
(node_modules/react-dom/cjs/react-dom.development.js:6430:5)
      at HTMLDivElement.callTheUserObjectsOperation 
(node_modules/jsdom/lib/jsdom/living/generated/EventListener.js:26:30)
      at innerInvokeEventListeners 
(node_modules/jsdom/lib/jsdom/living/events/EventTarget-impl.js:350:25)
      at invokeEventListeners 
(node_modules/jsdom/lib/jsdom/living/events/EventTarget-impl.js:286:3)
      at HTMLInputElementImpl._dispatch 
(node_modules/jsdom/lib/jsdom/living/events/EventTarget-impl.js:233:9)
      at HTMLInputElementImpl.dispatchEvent 
(node_modules/jsdom/lib/jsdom/living/events/EventTarget-impl.js:104:17)
      at HTMLInputElement.dispatchEvent 
(node_modules/jsdom/lib/jsdom/living/generated/EventTarget.js:241:34)
      at 
node_modules/@testing-library/user-event/dist/cjs/event/dispatchEvent.js:45:43
      at Object.eventWrapper 
(node_modules/@testing-library/dom/dist/config.js:25:23)
      at Object.wrapEvent 
(node_modules/@testing-library/user-event/dist/cjs/event/wrapEvent.js:6:28)
      at Object.dispatchEvent (node_modules/@testing-library/user-event/dist/cj
s/event/dispatchEvent.js:45:22)
      at Object.dispatchUIEvent (node_modules/@testing-library/user-event/dist/
cjs/event/dispatchEvent.js:22:26)
      at commitInput 
(node_modules/@testing-library/user-event/dist/cjs/event/input.js:145:14)
      at editInputElement 
(node_modules/@testing-library/user-event/dist/cjs/event/input.js:115:9)
      at Object.input 
(node_modules/@testing-library/user-event/dist/cjs/event/input.js:37:9)
      at node_modules/@testing-library/user-event/dist/cjs/event/behavior/keypr
ess.js:31:26
      at Object.dispatchEvent (node_modules/@testing-library/user-event/dist/cj
s/event/dispatchEvent.js:41:13)
      at Object.dispatchUIEvent (node_modules/@testing-library/user-event/dist/
cjs/event/dispatchEvent.js:22:26)
      at KeyboardHost.keydown 
(node_modules/@testing-library/user-event/dist/cjs/system/keyboard.js:76:22)
      at keyboardAction 
(node_modules/@testing-library/user-event/dist/cjs/keyboard/index.js:22:35)
      at Object.keyboard 
(node_modules/@testing-library/user-event/dist/cjs/keyboard/index.js:11:15)
      at Object.type 
(node_modules/@testing-library/user-event/dist/cjs/utility/type.js:17:5)
      at Object.<anonymous> (src/profile/profile.test.tsx:261:9)

    console.error
      Warning: An update to ProfilePage inside a test was not wrapped in 
act(...).
      
      When testing, code that causes React state updates should be wrapped 
into act(...):
      
      act(() => {
        /* fire events that update state */
      });
      /* assert on the output */
      
      This ensures that you're testing the behavior the user would see in the 
browser. Learn more at https://reactjs.org/link/wrap-tests-with-act
          at ProfilePage 
(C:\Users\samhe\OneDrive\Desktop\Cleaned\frontend\src\profile\index.tsx:25:41)
          at basenameProp (C:\Users\samhe\OneDrive\Desktop\Cleaned\frontend\nod
e_modules\react-router\lib\components.tsx:421:13)
          at basename (C:\Users\samhe\OneDrive\Desktop\Cleaned\frontend\node_mo
dules\react-router\lib\components.tsx:225:3)

      196 |               className="border border-gray-300 rounded-md px-3 
py-2 text-sm"
      197 |               value={confirmPassword}
    > 198 |               onChange={e => setConfirmPassword(e.target.value)}
          |                              ^
      199 |             />
      200 |             {confirmPassword && !passwordsMatch && (
      201 |               <p className="text-sm text-red-600">Passwords do not 
match</p>

      at printWarning 
(node_modules/react-dom/cjs/react-dom.development.js:86:30)
      at error (node_modules/react-dom/cjs/react-dom.development.js:60:7)
      at warnIfUpdatesNotWrappedWithActDEV 
(node_modules/react-dom/cjs/react-dom.development.js:27628:9)
      at scheduleUpdateOnFiber 
(node_modules/react-dom/cjs/react-dom.development.js:25547:5)
      at dispatchSetState 
(node_modules/react-dom/cjs/react-dom.development.js:16708:7)
      at onChange (src/profile/index.tsx:198:30)
      at HTMLUnknownElement.callCallback 
(node_modules/react-dom/cjs/react-dom.development.js:4164:14)
      at HTMLUnknownElement.callTheUserObjectsOperation 
(node_modules/jsdom/lib/jsdom/living/generated/EventListener.js:26:30)
      at innerInvokeEventListeners 
(node_modules/jsdom/lib/jsdom/living/events/EventTarget-impl.js:350:25)
      at invokeEventListeners 
(node_modules/jsdom/lib/jsdom/living/events/EventTarget-impl.js:286:3)
      at HTMLUnknownElementImpl._dispatch 
(node_modules/jsdom/lib/jsdom/living/events/EventTarget-impl.js:233:9)
      at HTMLUnknownElementImpl.dispatchEvent 
(node_modules/jsdom/lib/jsdom/living/events/EventTarget-impl.js:104:17)
      at HTMLUnknownElement.dispatchEvent 
(node_modules/jsdom/lib/jsdom/living/generated/EventTarget.js:241:34)
      at Object.invokeGuardedCallbackDev 
(node_modules/react-dom/cjs/react-dom.development.js:4213:16)
      at invokeGuardedCallback 
(node_modules/react-dom/cjs/react-dom.development.js:4277:31)
      at invokeGuardedCallbackAndCatchFirstError 
(node_modules/react-dom/cjs/react-dom.development.js:4291:25)
      at executeDispatch 
(node_modules/react-dom/cjs/react-dom.development.js:9041:3)
      at processDispatchQueueItemsInOrder 
(node_modules/react-dom/cjs/react-dom.development.js:9073:7)
      at processDispatchQueue 
(node_modules/react-dom/cjs/react-dom.development.js:9086:5)
      at dispatchEventsForPlugins 
(node_modules/react-dom/cjs/react-dom.development.js:9097:3)
      at node_modules/react-dom/cjs/react-dom.development.js:9288:12
      at batchedUpdates$1 
(node_modules/react-dom/cjs/react-dom.development.js:26179:12)
      at batchedUpdates 
(node_modules/react-dom/cjs/react-dom.development.js:3991:12)
      at dispatchEventForPluginEventSystem 
(node_modules/react-dom/cjs/react-dom.development.js:9287:3)
      at dispatchEventWithEnableCapturePhaseSelectiveHydrationWithoutDiscreteEv
entReplay (node_modules/react-dom/cjs/react-dom.development.js:6465:5)
      at dispatchEvent 
(node_modules/react-dom/cjs/react-dom.development.js:6457:5)
      at dispatchDiscreteEvent 
(node_modules/react-dom/cjs/react-dom.development.js:6430:5)
      at HTMLDivElement.callTheUserObjectsOperation 
(node_modules/jsdom/lib/jsdom/living/generated/EventListener.js:26:30)
      at innerInvokeEventListeners 
(node_modules/jsdom/lib/jsdom/living/events/EventTarget-impl.js:350:25)
      at invokeEventListeners 
(node_modules/jsdom/lib/jsdom/living/events/EventTarget-impl.js:286:3)
      at HTMLInputElementImpl._dispatch 
(node_modules/jsdom/lib/jsdom/living/events/EventTarget-impl.js:233:9)
      at HTMLInputElementImpl.dispatchEvent 
(node_modules/jsdom/lib/jsdom/living/events/EventTarget-impl.js:104:17)
      at HTMLInputElement.dispatchEvent 
(node_modules/jsdom/lib/jsdom/living/generated/EventTarget.js:241:34)
      at 
node_modules/@testing-library/user-event/dist/cjs/event/dispatchEvent.js:45:43
      at Object.eventWrapper 
(node_modules/@testing-library/dom/dist/config.js:25:23)
      at Object.wrapEvent 
(node_modules/@testing-library/user-event/dist/cjs/event/wrapEvent.js:6:28)
      at Object.dispatchEvent (node_modules/@testing-library/user-event/dist/cj
s/event/dispatchEvent.js:45:22)
      at Object.dispatchUIEvent (node_modules/@testing-library/user-event/dist/
cjs/event/dispatchEvent.js:22:26)
      at commitInput 
(node_modules/@testing-library/user-event/dist/cjs/event/input.js:145:14)
      at editInputElement 
(node_modules/@testing-library/user-event/dist/cjs/event/input.js:115:9)
      at Object.input 
(node_modules/@testing-library/user-event/dist/cjs/event/input.js:37:9)
      at node_modules/@testing-library/user-event/dist/cjs/event/behavior/keypr
ess.js:31:26
      at Object.dispatchEvent (node_modules/@testing-library/user-event/dist/cj
s/event/dispatchEvent.js:41:13)
      at Object.dispatchUIEvent (node_modules/@testing-library/user-event/dist/
cjs/event/dispatchEvent.js:22:26)
      at KeyboardHost.keydown 
(node_modules/@testing-library/user-event/dist/cjs/system/keyboard.js:76:22)
      at keyboardAction 
(node_modules/@testing-library/user-event/dist/cjs/keyboard/index.js:22:35)
      at Object.keyboard 
(node_modules/@testing-library/user-event/dist/cjs/keyboard/index.js:11:15)
      at Object.type 
(node_modules/@testing-library/user-event/dist/cjs/utility/type.js:17:5)
      at Object.<anonymous> (src/profile/profile.test.tsx:261:9)

    console.error
      Warning: An update to ProfilePage inside a test was not wrapped in 
act(...).
      
      When testing, code that causes React state updates should be wrapped 
into act(...):
      
      act(() => {
        /* fire events that update state */
      });
      /* assert on the output */
      
      This ensures that you're testing the behavior the user would see in the 
browser. Learn more at https://reactjs.org/link/wrap-tests-with-act
          at ProfilePage 
(C:\Users\samhe\OneDrive\Desktop\Cleaned\frontend\src\profile\index.tsx:25:41)
          at basenameProp (C:\Users\samhe\OneDrive\Desktop\Cleaned\frontend\nod
e_modules\react-router\lib\components.tsx:421:13)
          at basename (C:\Users\samhe\OneDrive\Desktop\Cleaned\frontend\node_mo
dules\react-router\lib\components.tsx:225:3)

      196 |               className="border border-gray-300 rounded-md px-3 
py-2 text-sm"
      197 |               value={confirmPassword}
    > 198 |               onChange={e => setConfirmPassword(e.target.value)}
          |                              ^
      199 |             />
      200 |             {confirmPassword && !passwordsMatch && (
      201 |               <p className="text-sm text-red-600">Passwords do not 
match</p>

      at printWarning 
(node_modules/react-dom/cjs/react-dom.development.js:86:30)
      at error (node_modules/react-dom/cjs/react-dom.development.js:60:7)
      at warnIfUpdatesNotWrappedWithActDEV 
(node_modules/react-dom/cjs/react-dom.development.js:27628:9)
      at scheduleUpdateOnFiber 
(node_modules/react-dom/cjs/react-dom.development.js:25547:5)
      at dispatchSetState 
(node_modules/react-dom/cjs/react-dom.development.js:16708:7)
      at onChange (src/profile/index.tsx:198:30)
      at HTMLUnknownElement.callCallback 
(node_modules/react-dom/cjs/react-dom.development.js:4164:14)
      at HTMLUnknownElement.callTheUserObjectsOperation 
(node_modules/jsdom/lib/jsdom/living/generated/EventListener.js:26:30)
      at innerInvokeEventListeners 
(node_modules/jsdom/lib/jsdom/living/events/EventTarget-impl.js:350:25)
      at invokeEventListeners 
(node_modules/jsdom/lib/jsdom/living/events/EventTarget-impl.js:286:3)
      at HTMLUnknownElementImpl._dispatch 
(node_modules/jsdom/lib/jsdom/living/events/EventTarget-impl.js:233:9)
      at HTMLUnknownElementImpl.dispatchEvent 
(node_modules/jsdom/lib/jsdom/living/events/EventTarget-impl.js:104:17)
      at HTMLUnknownElement.dispatchEvent 
(node_modules/jsdom/lib/jsdom/living/generated/EventTarget.js:241:34)
      at Object.invokeGuardedCallbackDev 
(node_modules/react-dom/cjs/react-dom.development.js:4213:16)
      at invokeGuardedCallback 
(node_modules/react-dom/cjs/react-dom.development.js:4277:31)
      at invokeGuardedCallbackAndCatchFirstError 
(node_modules/react-dom/cjs/react-dom.development.js:4291:25)
      at executeDispatch 
(node_modules/react-dom/cjs/react-dom.development.js:9041:3)
      at processDispatchQueueItemsInOrder 
(node_modules/react-dom/cjs/react-dom.development.js:9073:7)
      at processDispatchQueue 
(node_modules/react-dom/cjs/react-dom.development.js:9086:5)
      at dispatchEventsForPlugins 
(node_modules/react-dom/cjs/react-dom.development.js:9097:3)
      at node_modules/react-dom/cjs/react-dom.development.js:9288:12
      at batchedUpdates$1 
(node_modules/react-dom/cjs/react-dom.development.js:26179:12)
      at batchedUpdates 
(node_modules/react-dom/cjs/react-dom.development.js:3991:12)
      at dispatchEventForPluginEventSystem 
(node_modules/react-dom/cjs/react-dom.development.js:9287:3)
      at dispatchEventWithEnableCapturePhaseSelectiveHydrationWithoutDiscreteEv
entReplay (node_modules/react-dom/cjs/react-dom.development.js:6465:5)
      at dispatchEvent 
(node_modules/react-dom/cjs/react-dom.development.js:6457:5)
      at dispatchDiscreteEvent 
(node_modules/react-dom/cjs/react-dom.development.js:6430:5)
      at HTMLDivElement.callTheUserObjectsOperation 
(node_modules/jsdom/lib/jsdom/living/generated/EventListener.js:26:30)
      at innerInvokeEventListeners 
(node_modules/jsdom/lib/jsdom/living/events/EventTarget-impl.js:350:25)
      at invokeEventListeners 
(node_modules/jsdom/lib/jsdom/living/events/EventTarget-impl.js:286:3)
      at HTMLInputElementImpl._dispatch 
(node_modules/jsdom/lib/jsdom/living/events/EventTarget-impl.js:233:9)
      at HTMLInputElementImpl.dispatchEvent 
(node_modules/jsdom/lib/jsdom/living/events/EventTarget-impl.js:104:17)
      at HTMLInputElement.dispatchEvent 
(node_modules/jsdom/lib/jsdom/living/generated/EventTarget.js:241:34)
      at 
node_modules/@testing-library/user-event/dist/cjs/event/dispatchEvent.js:45:43
      at Object.eventWrapper 
(node_modules/@testing-library/dom/dist/config.js:25:23)
      at Object.wrapEvent 
(node_modules/@testing-library/user-event/dist/cjs/event/wrapEvent.js:6:28)
      at Object.dispatchEvent (node_modules/@testing-library/user-event/dist/cj
s/event/dispatchEvent.js:45:22)
      at Object.dispatchUIEvent (node_modules/@testing-library/user-event/dist/
cjs/event/dispatchEvent.js:22:26)
      at commitInput 
(node_modules/@testing-library/user-event/dist/cjs/event/input.js:145:14)
      at editInputElement 
(node_modules/@testing-library/user-event/dist/cjs/event/input.js:115:9)
      at Object.input 
(node_modules/@testing-library/user-event/dist/cjs/event/input.js:37:9)
      at node_modules/@testing-library/user-event/dist/cjs/event/behavior/keypr
ess.js:31:26
      at Object.dispatchEvent (node_modules/@testing-library/user-event/dist/cj
s/event/dispatchEvent.js:41:13)
      at Object.dispatchUIEvent (node_modules/@testing-library/user-event/dist/
cjs/event/dispatchEvent.js:22:26)
      at KeyboardHost.keydown 
(node_modules/@testing-library/user-event/dist/cjs/system/keyboard.js:76:22)
      at keyboardAction 
(node_modules/@testing-library/user-event/dist/cjs/keyboard/index.js:22:35)
      at Object.keyboard 
(node_modules/@testing-library/user-event/dist/cjs/keyboard/index.js:11:15)
      at Object.type 
(node_modules/@testing-library/user-event/dist/cjs/utility/type.js:17:5)
      at Object.<anonymous> (src/profile/profile.test.tsx:261:9)

    console.error
      Warning: An update to ProfilePage inside a test was not wrapped in 
act(...).
      
      When testing, code that causes React state updates should be wrapped 
into act(...):
      
      act(() => {
        /* fire events that update state */
      });
      /* assert on the output */
      
      This ensures that you're testing the behavior the user would see in the 
browser. Learn more at https://reactjs.org/link/wrap-tests-with-act
          at ProfilePage 
(C:\Users\samhe\OneDrive\Desktop\Cleaned\frontend\src\profile\index.tsx:25:41)
          at basenameProp (C:\Users\samhe\OneDrive\Desktop\Cleaned\frontend\nod
e_modules\react-router\lib\components.tsx:421:13)
          at basename (C:\Users\samhe\OneDrive\Desktop\Cleaned\frontend\node_mo
dules\react-router\lib\components.tsx:225:3)

      196 |               className="border border-gray-300 rounded-md px-3 
py-2 text-sm"
      197 |               value={confirmPassword}
    > 198 |               onChange={e => setConfirmPassword(e.target.value)}
          |                              ^
      199 |             />
      200 |             {confirmPassword && !passwordsMatch && (
      201 |               <p className="text-sm text-red-600">Passwords do not 
match</p>

      at printWarning 
(node_modules/react-dom/cjs/react-dom.development.js:86:30)
      at error (node_modules/react-dom/cjs/react-dom.development.js:60:7)
      at warnIfUpdatesNotWrappedWithActDEV 
(node_modules/react-dom/cjs/react-dom.development.js:27628:9)
      at scheduleUpdateOnFiber 
(node_modules/react-dom/cjs/react-dom.development.js:25547:5)
      at dispatchSetState 
(node_modules/react-dom/cjs/react-dom.development.js:16708:7)
      at onChange (src/profile/index.tsx:198:30)
      at HTMLUnknownElement.callCallback 
(node_modules/react-dom/cjs/react-dom.development.js:4164:14)
      at HTMLUnknownElement.callTheUserObjectsOperation 
(node_modules/jsdom/lib/jsdom/living/generated/EventListener.js:26:30)
      at innerInvokeEventListeners 
(node_modules/jsdom/lib/jsdom/living/events/EventTarget-impl.js:350:25)
      at invokeEventListeners 
(node_modules/jsdom/lib/jsdom/living/events/EventTarget-impl.js:286:3)
      at HTMLUnknownElementImpl._dispatch 
(node_modules/jsdom/lib/jsdom/living/events/EventTarget-impl.js:233:9)
      at HTMLUnknownElementImpl.dispatchEvent 
(node_modules/jsdom/lib/jsdom/living/events/EventTarget-impl.js:104:17)
      at HTMLUnknownElement.dispatchEvent 
(node_modules/jsdom/lib/jsdom/living/generated/EventTarget.js:241:34)
      at Object.invokeGuardedCallbackDev 
(node_modules/react-dom/cjs/react-dom.development.js:4213:16)
      at invokeGuardedCallback 
(node_modules/react-dom/cjs/react-dom.development.js:4277:31)
      at invokeGuardedCallbackAndCatchFirstError 
(node_modules/react-dom/cjs/react-dom.development.js:4291:25)
      at executeDispatch 
(node_modules/react-dom/cjs/react-dom.development.js:9041:3)
      at processDispatchQueueItemsInOrder 
(node_modules/react-dom/cjs/react-dom.development.js:9073:7)
      at processDispatchQueue 
(node_modules/react-dom/cjs/react-dom.development.js:9086:5)
      at dispatchEventsForPlugins 
(node_modules/react-dom/cjs/react-dom.development.js:9097:3)
      at node_modules/react-dom/cjs/react-dom.development.js:9288:12
      at batchedUpdates$1 
(node_modules/react-dom/cjs/react-dom.development.js:26179:12)
      at batchedUpdates 
(node_modules/react-dom/cjs/react-dom.development.js:3991:12)
      at dispatchEventForPluginEventSystem 
(node_modules/react-dom/cjs/react-dom.development.js:9287:3)
      at dispatchEventWithEnableCapturePhaseSelectiveHydrationWithoutDiscreteEv
entReplay (node_modules/react-dom/cjs/react-dom.development.js:6465:5)
      at dispatchEvent 
(node_modules/react-dom/cjs/react-dom.development.js:6457:5)
      at dispatchDiscreteEvent 
(node_modules/react-dom/cjs/react-dom.development.js:6430:5)
      at HTMLDivElement.callTheUserObjectsOperation 
(node_modules/jsdom/lib/jsdom/living/generated/EventListener.js:26:30)
      at innerInvokeEventListeners 
(node_modules/jsdom/lib/jsdom/living/events/EventTarget-impl.js:350:25)
      at invokeEventListeners 
(node_modules/jsdom/lib/jsdom/living/events/EventTarget-impl.js:286:3)
      at HTMLInputElementImpl._dispatch 
(node_modules/jsdom/lib/jsdom/living/events/EventTarget-impl.js:233:9)
      at HTMLInputElementImpl.dispatchEvent 
(node_modules/jsdom/lib/jsdom/living/events/EventTarget-impl.js:104:17)
      at HTMLInputElement.dispatchEvent 
(node_modules/jsdom/lib/jsdom/living/generated/EventTarget.js:241:34)
      at 
node_modules/@testing-library/user-event/dist/cjs/event/dispatchEvent.js:45:43
      at Object.eventWrapper 
(node_modules/@testing-library/dom/dist/config.js:25:23)
      at Object.wrapEvent 
(node_modules/@testing-library/user-event/dist/cjs/event/wrapEvent.js:6:28)
      at Object.dispatchEvent (node_modules/@testing-library/user-event/dist/cj
s/event/dispatchEvent.js:45:22)
      at Object.dispatchUIEvent (node_modules/@testing-library/user-event/dist/
cjs/event/dispatchEvent.js:22:26)
      at commitInput 
(node_modules/@testing-library/user-event/dist/cjs/event/input.js:145:14)
      at editInputElement 
(node_modules/@testing-library/user-event/dist/cjs/event/input.js:115:9)
      at Object.input 
(node_modules/@testing-library/user-event/dist/cjs/event/input.js:37:9)
      at node_modules/@testing-library/user-event/dist/cjs/event/behavior/keypr
ess.js:31:26
      at Object.dispatchEvent (node_modules/@testing-library/user-event/dist/cj
s/event/dispatchEvent.js:41:13)
      at Object.dispatchUIEvent (node_modules/@testing-library/user-event/dist/
cjs/event/dispatchEvent.js:22:26)
      at KeyboardHost.keydown 
(node_modules/@testing-library/user-event/dist/cjs/system/keyboard.js:76:22)
      at keyboardAction 
(node_modules/@testing-library/user-event/dist/cjs/keyboard/index.js:22:35)
      at Object.keyboard 
(node_modules/@testing-library/user-event/dist/cjs/keyboard/index.js:11:15)
      at Object.type 
(node_modules/@testing-library/user-event/dist/cjs/utility/type.js:17:5)
      at Object.<anonymous> (src/profile/profile.test.tsx:261:9)

    console.error
      Warning: An update to ProfilePage inside a test was not wrapped in 
act(...).
      
      When testing, code that causes React state updates should be wrapped 
into act(...):
      
      act(() => {
        /* fire events that update state */
      });
      /* assert on the output */
      
      This ensures that you're testing the behavior the user would see in the 
browser. Learn more at https://reactjs.org/link/wrap-tests-with-act
          at ProfilePage 
(C:\Users\samhe\OneDrive\Desktop\Cleaned\frontend\src\profile\index.tsx:25:41)
          at basenameProp (C:\Users\samhe\OneDrive\Desktop\Cleaned\frontend\nod
e_modules\react-router\lib\components.tsx:421:13)
          at basename (C:\Users\samhe\OneDrive\Desktop\Cleaned\frontend\node_mo
dules\react-router\lib\components.tsx:225:3)

      196 |               className="border border-gray-300 rounded-md px-3 
py-2 text-sm"
      197 |               value={confirmPassword}
    > 198 |               onChange={e => setConfirmPassword(e.target.value)}
          |                              ^
      199 |             />
      200 |             {confirmPassword && !passwordsMatch && (
      201 |               <p className="text-sm text-red-600">Passwords do not 
match</p>

      at printWarning 
(node_modules/react-dom/cjs/react-dom.development.js:86:30)
      at error (node_modules/react-dom/cjs/react-dom.development.js:60:7)
      at warnIfUpdatesNotWrappedWithActDEV 
(node_modules/react-dom/cjs/react-dom.development.js:27628:9)
      at scheduleUpdateOnFiber 
(node_modules/react-dom/cjs/react-dom.development.js:25547:5)
      at dispatchSetState 
(node_modules/react-dom/cjs/react-dom.development.js:16708:7)
      at onChange (src/profile/index.tsx:198:30)
      at HTMLUnknownElement.callCallback 
(node_modules/react-dom/cjs/react-dom.development.js:4164:14)
      at HTMLUnknownElement.callTheUserObjectsOperation 
(node_modules/jsdom/lib/jsdom/living/generated/EventListener.js:26:30)
      at innerInvokeEventListeners 
(node_modules/jsdom/lib/jsdom/living/events/EventTarget-impl.js:350:25)
      at invokeEventListeners 
(node_modules/jsdom/lib/jsdom/living/events/EventTarget-impl.js:286:3)
      at HTMLUnknownElementImpl._dispatch 
(node_modules/jsdom/lib/jsdom/living/events/EventTarget-impl.js:233:9)
      at HTMLUnknownElementImpl.dispatchEvent 
(node_modules/jsdom/lib/jsdom/living/events/EventTarget-impl.js:104:17)
      at HTMLUnknownElement.dispatchEvent 
(node_modules/jsdom/lib/jsdom/living/generated/EventTarget.js:241:34)
      at Object.invokeGuardedCallbackDev 
(node_modules/react-dom/cjs/react-dom.development.js:4213:16)
      at invokeGuardedCallback 
(node_modules/react-dom/cjs/react-dom.development.js:4277:31)
      at invokeGuardedCallbackAndCatchFirstError 
(node_modules/react-dom/cjs/react-dom.development.js:4291:25)
      at executeDispatch 
(node_modules/react-dom/cjs/react-dom.development.js:9041:3)
      at processDispatchQueueItemsInOrder 
(node_modules/react-dom/cjs/react-dom.development.js:9073:7)
      at processDispatchQueue 
(node_modules/react-dom/cjs/react-dom.development.js:9086:5)
      at dispatchEventsForPlugins 
(node_modules/react-dom/cjs/react-dom.development.js:9097:3)
      at node_modules/react-dom/cjs/react-dom.development.js:9288:12
      at batchedUpdates$1 
(node_modules/react-dom/cjs/react-dom.development.js:26179:12)
      at batchedUpdates 
(node_modules/react-dom/cjs/react-dom.development.js:3991:12)
      at dispatchEventForPluginEventSystem 
(node_modules/react-dom/cjs/react-dom.development.js:9287:3)
      at dispatchEventWithEnableCapturePhaseSelectiveHydrationWithoutDiscreteEv
entReplay (node_modules/react-dom/cjs/react-dom.development.js:6465:5)
      at dispatchEvent 
(node_modules/react-dom/cjs/react-dom.development.js:6457:5)
      at dispatchDiscreteEvent 
(node_modules/react-dom/cjs/react-dom.development.js:6430:5)
      at HTMLDivElement.callTheUserObjectsOperation 
(node_modules/jsdom/lib/jsdom/living/generated/EventListener.js:26:30)
      at innerInvokeEventListeners 
(node_modules/jsdom/lib/jsdom/living/events/EventTarget-impl.js:350:25)
      at invokeEventListeners 
(node_modules/jsdom/lib/jsdom/living/events/EventTarget-impl.js:286:3)
      at HTMLInputElementImpl._dispatch 
(node_modules/jsdom/lib/jsdom/living/events/EventTarget-impl.js:233:9)
      at HTMLInputElementImpl.dispatchEvent 
(node_modules/jsdom/lib/jsdom/living/events/EventTarget-impl.js:104:17)
      at HTMLInputElement.dispatchEvent 
(node_modules/jsdom/lib/jsdom/living/generated/EventTarget.js:241:34)
      at 
node_modules/@testing-library/user-event/dist/cjs/event/dispatchEvent.js:45:43
      at Object.eventWrapper 
(node_modules/@testing-library/dom/dist/config.js:25:23)
      at Object.wrapEvent 
(node_modules/@testing-library/user-event/dist/cjs/event/wrapEvent.js:6:28)
      at Object.dispatchEvent (node_modules/@testing-library/user-event/dist/cj
s/event/dispatchEvent.js:45:22)
      at Object.dispatchUIEvent (node_modules/@testing-library/user-event/dist/
cjs/event/dispatchEvent.js:22:26)
      at commitInput 
(node_modules/@testing-library/user-event/dist/cjs/event/input.js:145:14)
      at editInputElement 
(node_modules/@testing-library/user-event/dist/cjs/event/input.js:115:9)
      at Object.input 
(node_modules/@testing-library/user-event/dist/cjs/event/input.js:37:9)
      at node_modules/@testing-library/user-event/dist/cjs/event/behavior/keypr
ess.js:31:26
      at Object.dispatchEvent (node_modules/@testing-library/user-event/dist/cj
s/event/dispatchEvent.js:41:13)
      at Object.dispatchUIEvent (node_modules/@testing-library/user-event/dist/
cjs/event/dispatchEvent.js:22:26)
      at KeyboardHost.keydown 
(node_modules/@testing-library/user-event/dist/cjs/system/keyboard.js:76:22)
      at keyboardAction 
(node_modules/@testing-library/user-event/dist/cjs/keyboard/index.js:22:35)
      at Object.keyboard 
(node_modules/@testing-library/user-event/dist/cjs/keyboard/index.js:11:15)
      at Object.type 
(node_modules/@testing-library/user-event/dist/cjs/utility/type.js:17:5)
      at Object.<anonymous> (src/profile/profile.test.tsx:261:9)

    console.error
      Warning: An update to ProfilePage inside a test was not wrapped in 
act(...).
      
      When testing, code that causes React state updates should be wrapped 
into act(...):
      
      act(() => {
        /* fire events that update state */
      });
      /* assert on the output */
      
      This ensures that you're testing the behavior the user would see in the 
browser. Learn more at https://reactjs.org/link/wrap-tests-with-act
          at ProfilePage 
(C:\Users\samhe\OneDrive\Desktop\Cleaned\frontend\src\profile\index.tsx:25:41)
          at basenameProp (C:\Users\samhe\OneDrive\Desktop\Cleaned\frontend\nod
e_modules\react-router\lib\components.tsx:421:13)
          at basename (C:\Users\samhe\OneDrive\Desktop\Cleaned\frontend\node_mo
dules\react-router\lib\components.tsx:225:3)

      196 |               className="border border-gray-300 rounded-md px-3 
py-2 text-sm"
      197 |               value={confirmPassword}
    > 198 |               onChange={e => setConfirmPassword(e.target.value)}
          |                              ^
      199 |             />
      200 |             {confirmPassword && !passwordsMatch && (
      201 |               <p className="text-sm text-red-600">Passwords do not 
match</p>

      at printWarning 
(node_modules/react-dom/cjs/react-dom.development.js:86:30)
      at error (node_modules/react-dom/cjs/react-dom.development.js:60:7)
      at warnIfUpdatesNotWrappedWithActDEV 
(node_modules/react-dom/cjs/react-dom.development.js:27628:9)
      at scheduleUpdateOnFiber 
(node_modules/react-dom/cjs/react-dom.development.js:25547:5)
      at dispatchSetState 
(node_modules/react-dom/cjs/react-dom.development.js:16708:7)
      at onChange (src/profile/index.tsx:198:30)
      at HTMLUnknownElement.callCallback 
(node_modules/react-dom/cjs/react-dom.development.js:4164:14)
      at HTMLUnknownElement.callTheUserObjectsOperation 
(node_modules/jsdom/lib/jsdom/living/generated/EventListener.js:26:30)
      at innerInvokeEventListeners 
(node_modules/jsdom/lib/jsdom/living/events/EventTarget-impl.js:350:25)
      at invokeEventListeners 
(node_modules/jsdom/lib/jsdom/living/events/EventTarget-impl.js:286:3)
      at HTMLUnknownElementImpl._dispatch 
(node_modules/jsdom/lib/jsdom/living/events/EventTarget-impl.js:233:9)
      at HTMLUnknownElementImpl.dispatchEvent 
(node_modules/jsdom/lib/jsdom/living/events/EventTarget-impl.js:104:17)
      at HTMLUnknownElement.dispatchEvent 
(node_modules/jsdom/lib/jsdom/living/generated/EventTarget.js:241:34)
      at Object.invokeGuardedCallbackDev 
(node_modules/react-dom/cjs/react-dom.development.js:4213:16)
      at invokeGuardedCallback 
(node_modules/react-dom/cjs/react-dom.development.js:4277:31)
      at invokeGuardedCallbackAndCatchFirstError 
(node_modules/react-dom/cjs/react-dom.development.js:4291:25)
      at executeDispatch 
(node_modules/react-dom/cjs/react-dom.development.js:9041:3)
      at processDispatchQueueItemsInOrder 
(node_modules/react-dom/cjs/react-dom.development.js:9073:7)
      at processDispatchQueue 
(node_modules/react-dom/cjs/react-dom.development.js:9086:5)
      at dispatchEventsForPlugins 
(node_modules/react-dom/cjs/react-dom.development.js:9097:3)
      at node_modules/react-dom/cjs/react-dom.development.js:9288:12
      at batchedUpdates$1 
(node_modules/react-dom/cjs/react-dom.development.js:26179:12)
      at batchedUpdates 
(node_modules/react-dom/cjs/react-dom.development.js:3991:12)
      at dispatchEventForPluginEventSystem 
(node_modules/react-dom/cjs/react-dom.development.js:9287:3)
      at dispatchEventWithEnableCapturePhaseSelectiveHydrationWithoutDiscreteEv
entReplay (node_modules/react-dom/cjs/react-dom.development.js:6465:5)
      at dispatchEvent 
(node_modules/react-dom/cjs/react-dom.development.js:6457:5)
      at dispatchDiscreteEvent 
(node_modules/react-dom/cjs/react-dom.development.js:6430:5)
      at HTMLDivElement.callTheUserObjectsOperation 
(node_modules/jsdom/lib/jsdom/living/generated/EventListener.js:26:30)
      at innerInvokeEventListeners 
(node_modules/jsdom/lib/jsdom/living/events/EventTarget-impl.js:350:25)
      at invokeEventListeners 
(node_modules/jsdom/lib/jsdom/living/events/EventTarget-impl.js:286:3)
      at HTMLInputElementImpl._dispatch 
(node_modules/jsdom/lib/jsdom/living/events/EventTarget-impl.js:233:9)
      at HTMLInputElementImpl.dispatchEvent 
(node_modules/jsdom/lib/jsdom/living/events/EventTarget-impl.js:104:17)
      at HTMLInputElement.dispatchEvent 
(node_modules/jsdom/lib/jsdom/living/generated/EventTarget.js:241:34)
      at 
node_modules/@testing-library/user-event/dist/cjs/event/dispatchEvent.js:45:43
      at Object.eventWrapper 
(node_modules/@testing-library/dom/dist/config.js:25:23)
      at Object.wrapEvent 
(node_modules/@testing-library/user-event/dist/cjs/event/wrapEvent.js:6:28)
      at Object.dispatchEvent (node_modules/@testing-library/user-event/dist/cj
s/event/dispatchEvent.js:45:22)
      at Object.dispatchUIEvent (node_modules/@testing-library/user-event/dist/
cjs/event/dispatchEvent.js:22:26)
      at commitInput 
(node_modules/@testing-library/user-event/dist/cjs/event/input.js:145:14)
      at editInputElement 
(node_modules/@testing-library/user-event/dist/cjs/event/input.js:115:9)
      at Object.input 
(node_modules/@testing-library/user-event/dist/cjs/event/input.js:37:9)
      at node_modules/@testing-library/user-event/dist/cjs/event/behavior/keypr
ess.js:31:26
      at Object.dispatchEvent (node_modules/@testing-library/user-event/dist/cj
s/event/dispatchEvent.js:41:13)
      at Object.dispatchUIEvent (node_modules/@testing-library/user-event/dist/
cjs/event/dispatchEvent.js:22:26)
      at KeyboardHost.keydown 
(node_modules/@testing-library/user-event/dist/cjs/system/keyboard.js:76:22)
      at keyboardAction 
(node_modules/@testing-library/user-event/dist/cjs/keyboard/index.js:22:35)
      at Object.keyboard 
(node_modules/@testing-library/user-event/dist/cjs/keyboard/index.js:11:15)
      at Object.type 
(node_modules/@testing-library/user-event/dist/cjs/utility/type.js:17:5)
      at Object.<anonymous> (src/profile/profile.test.tsx:261:9)

    console.error
      Warning: An update to ProfilePage inside a test was not wrapped in 
act(...).
      
      When testing, code that causes React state updates should be wrapped 
into act(...):
      
      act(() => {
        /* fire events that update state */
      });
      /* assert on the output */
      
      This ensures that you're testing the behavior the user would see in the 
browser. Learn more at https://reactjs.org/link/wrap-tests-with-act
          at ProfilePage 
(C:\Users\samhe\OneDrive\Desktop\Cleaned\frontend\src\profile\index.tsx:25:41)
          at basenameProp (C:\Users\samhe\OneDrive\Desktop\Cleaned\frontend\nod
e_modules\react-router\lib\components.tsx:421:13)
          at basename (C:\Users\samhe\OneDrive\Desktop\Cleaned\frontend\node_mo
dules\react-router\lib\components.tsx:225:3)

      167 |               className="border border-gray-300 rounded-md px-3 
py-2 text-sm"
      168 |               value={currentPassword}
    > 169 |               onChange={e => setCurrentPassword(e.target.value)}
          |                              ^
      170 |             />
      171 |           </div>
      172 |

      at printWarning 
(node_modules/react-dom/cjs/react-dom.development.js:86:30)
      at error (node_modules/react-dom/cjs/react-dom.development.js:60:7)
      at warnIfUpdatesNotWrappedWithActDEV 
(node_modules/react-dom/cjs/react-dom.development.js:27628:9)
      at scheduleUpdateOnFiber 
(node_modules/react-dom/cjs/react-dom.development.js:25547:5)
      at dispatchSetState 
(node_modules/react-dom/cjs/react-dom.development.js:16708:7)
      at onChange (src/profile/index.tsx:169:30)
      at HTMLUnknownElement.callCallback 
(node_modules/react-dom/cjs/react-dom.development.js:4164:14)
      at HTMLUnknownElement.callTheUserObjectsOperation 
(node_modules/jsdom/lib/jsdom/living/generated/EventListener.js:26:30)
      at innerInvokeEventListeners 
(node_modules/jsdom/lib/jsdom/living/events/EventTarget-impl.js:350:25)
      at invokeEventListeners 
(node_modules/jsdom/lib/jsdom/living/events/EventTarget-impl.js:286:3)
      at HTMLUnknownElementImpl._dispatch 
(node_modules/jsdom/lib/jsdom/living/events/EventTarget-impl.js:233:9)
      at HTMLUnknownElementImpl.dispatchEvent 
(node_modules/jsdom/lib/jsdom/living/events/EventTarget-impl.js:104:17)
      at HTMLUnknownElement.dispatchEvent 
(node_modules/jsdom/lib/jsdom/living/generated/EventTarget.js:241:34)
      at Object.invokeGuardedCallbackDev 
(node_modules/react-dom/cjs/react-dom.development.js:4213:16)
      at invokeGuardedCallback 
(node_modules/react-dom/cjs/react-dom.development.js:4277:31)
      at invokeGuardedCallbackAndCatchFirstError 
(node_modules/react-dom/cjs/react-dom.development.js:4291:25)
      at executeDispatch 
(node_modules/react-dom/cjs/react-dom.development.js:9041:3)
      at processDispatchQueueItemsInOrder 
(node_modules/react-dom/cjs/react-dom.development.js:9073:7)
      at processDispatchQueue 
(node_modules/react-dom/cjs/react-dom.development.js:9086:5)
      at dispatchEventsForPlugins 
(node_modules/react-dom/cjs/react-dom.development.js:9097:3)
      at node_modules/react-dom/cjs/react-dom.development.js:9288:12
      at batchedUpdates$1 
(node_modules/react-dom/cjs/react-dom.development.js:26179:12)
      at batchedUpdates 
(node_modules/react-dom/cjs/react-dom.development.js:3991:12)
      at dispatchEventForPluginEventSystem 
(node_modules/react-dom/cjs/react-dom.development.js:9287:3)
      at dispatchEventWithEnableCapturePhaseSelectiveHydrationWithoutDiscreteEv
entReplay (node_modules/react-dom/cjs/react-dom.development.js:6465:5)
      at dispatchEvent 
(node_modules/react-dom/cjs/react-dom.development.js:6457:5)
      at dispatchDiscreteEvent 
(node_modules/react-dom/cjs/react-dom.development.js:6430:5)
      at HTMLDivElement.callTheUserObjectsOperation 
(node_modules/jsdom/lib/jsdom/living/generated/EventListener.js:26:30)
      at innerInvokeEventListeners 
(node_modules/jsdom/lib/jsdom/living/events/EventTarget-impl.js:350:25)
      at invokeEventListeners 
(node_modules/jsdom/lib/jsdom/living/events/EventTarget-impl.js:286:3)
      at HTMLInputElementImpl._dispatch 
(node_modules/jsdom/lib/jsdom/living/events/EventTarget-impl.js:233:9)
      at HTMLInputElementImpl.dispatchEvent 
(node_modules/jsdom/lib/jsdom/living/events/EventTarget-impl.js:104:17)
      at HTMLInputElement.dispatchEvent 
(node_modules/jsdom/lib/jsdom/living/generated/EventTarget.js:241:34)
      at 
node_modules/@testing-library/user-event/dist/cjs/event/dispatchEvent.js:45:43
      at Object.eventWrapper 
(node_modules/@testing-library/dom/dist/config.js:25:23)
      at Object.wrapEvent 
(node_modules/@testing-library/user-event/dist/cjs/event/wrapEvent.js:6:28)
      at Object.dispatchEvent (node_modules/@testing-library/user-event/dist/cj
s/event/dispatchEvent.js:45:22)
      at Object.dispatchUIEvent (node_modules/@testing-library/user-event/dist/
cjs/event/dispatchEvent.js:22:26)
      at commitInput 
(node_modules/@testing-library/user-event/dist/cjs/event/input.js:145:14)
      at editInputElement 
(node_modules/@testing-library/user-event/dist/cjs/event/input.js:115:9)
      at Object.input 
(node_modules/@testing-library/user-event/dist/cjs/event/input.js:37:9)
      at node_modules/@testing-library/user-event/dist/cjs/event/behavior/keypr
ess.js:31:26
      at Object.dispatchEvent (node_modules/@testing-library/user-event/dist/cj
s/event/dispatchEvent.js:41:13)
      at Object.dispatchUIEvent (node_modules/@testing-library/user-event/dist/
cjs/event/dispatchEvent.js:22:26)
      at KeyboardHost.keydown 
(node_modules/@testing-library/user-event/dist/cjs/system/keyboard.js:76:22)
      at keyboardAction 
(node_modules/@testing-library/user-event/dist/cjs/keyboard/index.js:22:35)
      at Object.keyboard 
(node_modules/@testing-library/user-event/dist/cjs/keyboard/index.js:11:15)
      at Object.type 
(node_modules/@testing-library/user-event/dist/cjs/utility/type.js:17:5)
      at Object.<anonymous> (src/profile/profile.test.tsx:270:9)

    console.error
      Warning: An update to ProfilePage inside a test was not wrapped in 
act(...).
      
      When testing, code that causes React state updates should be wrapped 
into act(...):
      
      act(() => {
        /* fire events that update state */
      });
      /* assert on the output */
      
      This ensures that you're testing the behavior the user would see in the 
browser. Learn more at https://reactjs.org/link/wrap-tests-with-act
          at ProfilePage 
(C:\Users\samhe\OneDrive\Desktop\Cleaned\frontend\src\profile\index.tsx:25:41)
          at basenameProp (C:\Users\samhe\OneDrive\Desktop\Cleaned\frontend\nod
e_modules\react-router\lib\components.tsx:421:13)
          at basename (C:\Users\samhe\OneDrive\Desktop\Cleaned\frontend\node_mo
dules\react-router\lib\components.tsx:225:3)

      167 |               className="border border-gray-300 rounded-md px-3 
py-2 text-sm"
      168 |               value={currentPassword}
    > 169 |               onChange={e => setCurrentPassword(e.target.value)}
          |                              ^
      170 |             />
      171 |           </div>
      172 |

      at printWarning 
(node_modules/react-dom/cjs/react-dom.development.js:86:30)
      at error (node_modules/react-dom/cjs/react-dom.development.js:60:7)
      at warnIfUpdatesNotWrappedWithActDEV 
(node_modules/react-dom/cjs/react-dom.development.js:27628:9)
      at scheduleUpdateOnFiber 
(node_modules/react-dom/cjs/react-dom.development.js:25547:5)
      at dispatchSetState 
(node_modules/react-dom/cjs/react-dom.development.js:16708:7)
      at onChange (src/profile/index.tsx:169:30)
      at HTMLUnknownElement.callCallback 
(node_modules/react-dom/cjs/react-dom.development.js:4164:14)
      at HTMLUnknownElement.callTheUserObjectsOperation 
(node_modules/jsdom/lib/jsdom/living/generated/EventListener.js:26:30)
      at innerInvokeEventListeners 
(node_modules/jsdom/lib/jsdom/living/events/EventTarget-impl.js:350:25)
      at invokeEventListeners 
(node_modules/jsdom/lib/jsdom/living/events/EventTarget-impl.js:286:3)
      at HTMLUnknownElementImpl._dispatch 
(node_modules/jsdom/lib/jsdom/living/events/EventTarget-impl.js:233:9)
      at HTMLUnknownElementImpl.dispatchEvent 
(node_modules/jsdom/lib/jsdom/living/events/EventTarget-impl.js:104:17)
      at HTMLUnknownElement.dispatchEvent 
(node_modules/jsdom/lib/jsdom/living/generated/EventTarget.js:241:34)
      at Object.invokeGuardedCallbackDev 
(node_modules/react-dom/cjs/react-dom.development.js:4213:16)
      at invokeGuardedCallback 
(node_modules/react-dom/cjs/react-dom.development.js:4277:31)
      at invokeGuardedCallbackAndCatchFirstError 
(node_modules/react-dom/cjs/react-dom.development.js:4291:25)
      at executeDispatch 
(node_modules/react-dom/cjs/react-dom.development.js:9041:3)
      at processDispatchQueueItemsInOrder 
(node_modules/react-dom/cjs/react-dom.development.js:9073:7)
      at processDispatchQueue 
(node_modules/react-dom/cjs/react-dom.development.js:9086:5)
      at dispatchEventsForPlugins 
(node_modules/react-dom/cjs/react-dom.development.js:9097:3)
      at node_modules/react-dom/cjs/react-dom.development.js:9288:12
      at batchedUpdates$1 
(node_modules/react-dom/cjs/react-dom.development.js:26179:12)
      at batchedUpdates 
(node_modules/react-dom/cjs/react-dom.development.js:3991:12)
      at dispatchEventForPluginEventSystem 
(node_modules/react-dom/cjs/react-dom.development.js:9287:3)
      at dispatchEventWithEnableCapturePhaseSelectiveHydrationWithoutDiscreteEv
entReplay (node_modules/react-dom/cjs/react-dom.development.js:6465:5)
      at dispatchEvent 
(node_modules/react-dom/cjs/react-dom.development.js:6457:5)
      at dispatchDiscreteEvent 
(node_modules/react-dom/cjs/react-dom.development.js:6430:5)
      at HTMLDivElement.callTheUserObjectsOperation 
(node_modules/jsdom/lib/jsdom/living/generated/EventListener.js:26:30)
      at innerInvokeEventListeners 
(node_modules/jsdom/lib/jsdom/living/events/EventTarget-impl.js:350:25)
      at invokeEventListeners 
(node_modules/jsdom/lib/jsdom/living/events/EventTarget-impl.js:286:3)
      at HTMLInputElementImpl._dispatch 
(node_modules/jsdom/lib/jsdom/living/events/EventTarget-impl.js:233:9)
      at HTMLInputElementImpl.dispatchEvent 
(node_modules/jsdom/lib/jsdom/living/events/EventTarget-impl.js:104:17)
      at HTMLInputElement.dispatchEvent 
(node_modules/jsdom/lib/jsdom/living/generated/EventTarget.js:241:34)
      at 
node_modules/@testing-library/user-event/dist/cjs/event/dispatchEvent.js:45:43
      at Object.eventWrapper 
(node_modules/@testing-library/dom/dist/config.js:25:23)
      at Object.wrapEvent 
(node_modules/@testing-library/user-event/dist/cjs/event/wrapEvent.js:6:28)
      at Object.dispatchEvent (node_modules/@testing-library/user-event/dist/cj
s/event/dispatchEvent.js:45:22)
      at Object.dispatchUIEvent (node_modules/@testing-library/user-event/dist/
cjs/event/dispatchEvent.js:22:26)
      at commitInput 
(node_modules/@testing-library/user-event/dist/cjs/event/input.js:145:14)
      at editInputElement 
(node_modules/@testing-library/user-event/dist/cjs/event/input.js:115:9)
      at Object.input 
(node_modules/@testing-library/user-event/dist/cjs/event/input.js:37:9)
      at node_modules/@testing-library/user-event/dist/cjs/event/behavior/keypr
ess.js:31:26
      at Object.dispatchEvent (node_modules/@testing-library/user-event/dist/cj
s/event/dispatchEvent.js:41:13)
      at Object.dispatchUIEvent (node_modules/@testing-library/user-event/dist/
cjs/event/dispatchEvent.js:22:26)
      at KeyboardHost.keydown 
(node_modules/@testing-library/user-event/dist/cjs/system/keyboard.js:76:22)
      at keyboardAction 
(node_modules/@testing-library/user-event/dist/cjs/keyboard/index.js:22:35)
      at Object.keyboard 
(node_modules/@testing-library/user-event/dist/cjs/keyboard/index.js:11:15)
      at Object.type 
(node_modules/@testing-library/user-event/dist/cjs/utility/type.js:17:5)
      at Object.<anonymous> (src/profile/profile.test.tsx:270:9)

    console.error
      Warning: An update to ProfilePage inside a test was not wrapped in 
act(...).
      
      When testing, code that causes React state updates should be wrapped 
into act(...):
      
      act(() => {
        /* fire events that update state */
      });
      /* assert on the output */
      
      This ensures that you're testing the behavior the user would see in the 
browser. Learn more at https://reactjs.org/link/wrap-tests-with-act
          at ProfilePage 
(C:\Users\samhe\OneDrive\Desktop\Cleaned\frontend\src\profile\index.tsx:25:41)
          at basenameProp (C:\Users\samhe\OneDrive\Desktop\Cleaned\frontend\nod
e_modules\react-router\lib\components.tsx:421:13)
          at basename (C:\Users\samhe\OneDrive\Desktop\Cleaned\frontend\node_mo
dules\react-router\lib\components.tsx:225:3)

      167 |               className="border border-gray-300 rounded-md px-3 
py-2 text-sm"
      168 |               value={currentPassword}
    > 169 |               onChange={e => setCurrentPassword(e.target.value)}
          |                              ^
      170 |             />
      171 |           </div>
      172 |

      at printWarning 
(node_modules/react-dom/cjs/react-dom.development.js:86:30)
      at error (node_modules/react-dom/cjs/react-dom.development.js:60:7)
      at warnIfUpdatesNotWrappedWithActDEV 
(node_modules/react-dom/cjs/react-dom.development.js:27628:9)
      at scheduleUpdateOnFiber 
(node_modules/react-dom/cjs/react-dom.development.js:25547:5)
      at dispatchSetState 
(node_modules/react-dom/cjs/react-dom.development.js:16708:7)
      at onChange (src/profile/index.tsx:169:30)
      at HTMLUnknownElement.callCallback 
(node_modules/react-dom/cjs/react-dom.development.js:4164:14)
      at HTMLUnknownElement.callTheUserObjectsOperation 
(node_modules/jsdom/lib/jsdom/living/generated/EventListener.js:26:30)
      at innerInvokeEventListeners 
(node_modules/jsdom/lib/jsdom/living/events/EventTarget-impl.js:350:25)
      at invokeEventListeners 
(node_modules/jsdom/lib/jsdom/living/events/EventTarget-impl.js:286:3)
      at HTMLUnknownElementImpl._dispatch 
(node_modules/jsdom/lib/jsdom/living/events/EventTarget-impl.js:233:9)
      at HTMLUnknownElementImpl.dispatchEvent 
(node_modules/jsdom/lib/jsdom/living/events/EventTarget-impl.js:104:17)
      at HTMLUnknownElement.dispatchEvent 
(node_modules/jsdom/lib/jsdom/living/generated/EventTarget.js:241:34)
      at Object.invokeGuardedCallbackDev 
(node_modules/react-dom/cjs/react-dom.development.js:4213:16)
      at invokeGuardedCallback 
(node_modules/react-dom/cjs/react-dom.development.js:4277:31)
      at invokeGuardedCallbackAndCatchFirstError 
(node_modules/react-dom/cjs/react-dom.development.js:4291:25)
      at executeDispatch 
(node_modules/react-dom/cjs/react-dom.development.js:9041:3)
      at processDispatchQueueItemsInOrder 
(node_modules/react-dom/cjs/react-dom.development.js:9073:7)
      at processDispatchQueue 
(node_modules/react-dom/cjs/react-dom.development.js:9086:5)
      at dispatchEventsForPlugins 
(node_modules/react-dom/cjs/react-dom.development.js:9097:3)
      at node_modules/react-dom/cjs/react-dom.development.js:9288:12
      at batchedUpdates$1 
(node_modules/react-dom/cjs/react-dom.development.js:26179:12)
      at batchedUpdates 
(node_modules/react-dom/cjs/react-dom.development.js:3991:12)
      at dispatchEventForPluginEventSystem 
(node_modules/react-dom/cjs/react-dom.development.js:9287:3)
      at dispatchEventWithEnableCapturePhaseSelectiveHydrationWithoutDiscreteEv
entReplay (node_modules/react-dom/cjs/react-dom.development.js:6465:5)
      at dispatchEvent 
(node_modules/react-dom/cjs/react-dom.development.js:6457:5)
      at dispatchDiscreteEvent 
(node_modules/react-dom/cjs/react-dom.development.js:6430:5)
      at HTMLDivElement.callTheUserObjectsOperation 
(node_modules/jsdom/lib/jsdom/living/generated/EventListener.js:26:30)
      at innerInvokeEventListeners 
(node_modules/jsdom/lib/jsdom/living/events/EventTarget-impl.js:350:25)
      at invokeEventListeners 
(node_modules/jsdom/lib/jsdom/living/events/EventTarget-impl.js:286:3)
      at HTMLInputElementImpl._dispatch 
(node_modules/jsdom/lib/jsdom/living/events/EventTarget-impl.js:233:9)
      at HTMLInputElementImpl.dispatchEvent 
(node_modules/jsdom/lib/jsdom/living/events/EventTarget-impl.js:104:17)
      at HTMLInputElement.dispatchEvent 
(node_modules/jsdom/lib/jsdom/living/generated/EventTarget.js:241:34)
      at 
node_modules/@testing-library/user-event/dist/cjs/event/dispatchEvent.js:45:43
      at Object.eventWrapper 
(node_modules/@testing-library/dom/dist/config.js:25:23)
      at Object.wrapEvent 
(node_modules/@testing-library/user-event/dist/cjs/event/wrapEvent.js:6:28)
      at Object.dispatchEvent (node_modules/@testing-library/user-event/dist/cj
s/event/dispatchEvent.js:45:22)
      at Object.dispatchUIEvent (node_modules/@testing-library/user-event/dist/
cjs/event/dispatchEvent.js:22:26)
      at commitInput 
(node_modules/@testing-library/user-event/dist/cjs/event/input.js:145:14)
      at editInputElement 
(node_modules/@testing-library/user-event/dist/cjs/event/input.js:115:9)
      at Object.input 
(node_modules/@testing-library/user-event/dist/cjs/event/input.js:37:9)
      at node_modules/@testing-library/user-event/dist/cjs/event/behavior/keypr
ess.js:31:26
      at Object.dispatchEvent (node_modules/@testing-library/user-event/dist/cj
s/event/dispatchEvent.js:41:13)
      at Object.dispatchUIEvent (node_modules/@testing-library/user-event/dist/
cjs/event/dispatchEvent.js:22:26)
      at KeyboardHost.keydown 
(node_modules/@testing-library/user-event/dist/cjs/system/keyboard.js:76:22)
      at keyboardAction 
(node_modules/@testing-library/user-event/dist/cjs/keyboard/index.js:22:35)
      at Object.keyboard 
(node_modules/@testing-library/user-event/dist/cjs/keyboard/index.js:11:15)
      at Object.type 
(node_modules/@testing-library/user-event/dist/cjs/utility/type.js:17:5)
      at Object.<anonymous> (src/profile/profile.test.tsx:270:9)

    console.error
      Warning: An update to ProfilePage inside a test was not wrapped in 
act(...).
      
      When testing, code that causes React state updates should be wrapped 
into act(...):
      
      act(() => {
        /* fire events that update state */
      });
      /* assert on the output */
      
      This ensures that you're testing the behavior the user would see in the 
browser. Learn more at https://reactjs.org/link/wrap-tests-with-act
          at ProfilePage 
(C:\Users\samhe\OneDrive\Desktop\Cleaned\frontend\src\profile\index.tsx:25:41)
          at basenameProp (C:\Users\samhe\OneDrive\Desktop\Cleaned\frontend\nod
e_modules\react-router\lib\components.tsx:421:13)
          at basename (C:\Users\samhe\OneDrive\Desktop\Cleaned\frontend\node_mo
dules\react-router\lib\components.tsx:225:3)

      167 |               className="border border-gray-300 rounded-md px-3 
py-2 text-sm"
      168 |               value={currentPassword}
    > 169 |               onChange={e => setCurrentPassword(e.target.value)}
          |                              ^
      170 |             />
      171 |           </div>
      172 |

      at printWarning 
(node_modules/react-dom/cjs/react-dom.development.js:86:30)
      at error (node_modules/react-dom/cjs/react-dom.development.js:60:7)
      at warnIfUpdatesNotWrappedWithActDEV 
(node_modules/react-dom/cjs/react-dom.development.js:27628:9)
      at scheduleUpdateOnFiber 
(node_modules/react-dom/cjs/react-dom.development.js:25547:5)
      at dispatchSetState 
(node_modules/react-dom/cjs/react-dom.development.js:16708:7)
      at onChange (src/profile/index.tsx:169:30)
      at HTMLUnknownElement.callCallback 
(node_modules/react-dom/cjs/react-dom.development.js:4164:14)
      at HTMLUnknownElement.callTheUserObjectsOperation 
(node_modules/jsdom/lib/jsdom/living/generated/EventListener.js:26:30)
      at innerInvokeEventListeners 
(node_modules/jsdom/lib/jsdom/living/events/EventTarget-impl.js:350:25)
      at invokeEventListeners 
(node_modules/jsdom/lib/jsdom/living/events/EventTarget-impl.js:286:3)
      at HTMLUnknownElementImpl._dispatch 
(node_modules/jsdom/lib/jsdom/living/events/EventTarget-impl.js:233:9)
      at HTMLUnknownElementImpl.dispatchEvent 
(node_modules/jsdom/lib/jsdom/living/events/EventTarget-impl.js:104:17)
      at HTMLUnknownElement.dispatchEvent 
(node_modules/jsdom/lib/jsdom/living/generated/EventTarget.js:241:34)
      at Object.invokeGuardedCallbackDev 
(node_modules/react-dom/cjs/react-dom.development.js:4213:16)
      at invokeGuardedCallback 
(node_modules/react-dom/cjs/react-dom.development.js:4277:31)
      at invokeGuardedCallbackAndCatchFirstError 
(node_modules/react-dom/cjs/react-dom.development.js:4291:25)
      at executeDispatch 
(node_modules/react-dom/cjs/react-dom.development.js:9041:3)
      at processDispatchQueueItemsInOrder 
(node_modules/react-dom/cjs/react-dom.development.js:9073:7)
      at processDispatchQueue 
(node_modules/react-dom/cjs/react-dom.development.js:9086:5)
      at dispatchEventsForPlugins 
(node_modules/react-dom/cjs/react-dom.development.js:9097:3)
      at node_modules/react-dom/cjs/react-dom.development.js:9288:12
      at batchedUpdates$1 
(node_modules/react-dom/cjs/react-dom.development.js:26179:12)
      at batchedUpdates 
(node_modules/react-dom/cjs/react-dom.development.js:3991:12)
      at dispatchEventForPluginEventSystem 
(node_modules/react-dom/cjs/react-dom.development.js:9287:3)
      at dispatchEventWithEnableCapturePhaseSelectiveHydrationWithoutDiscreteEv
entReplay (node_modules/react-dom/cjs/react-dom.development.js:6465:5)
      at dispatchEvent 
(node_modules/react-dom/cjs/react-dom.development.js:6457:5)
      at dispatchDiscreteEvent 
(node_modules/react-dom/cjs/react-dom.development.js:6430:5)
      at HTMLDivElement.callTheUserObjectsOperation 
(node_modules/jsdom/lib/jsdom/living/generated/EventListener.js:26:30)
      at innerInvokeEventListeners 
(node_modules/jsdom/lib/jsdom/living/events/EventTarget-impl.js:350:25)
      at invokeEventListeners 
(node_modules/jsdom/lib/jsdom/living/events/EventTarget-impl.js:286:3)
      at HTMLInputElementImpl._dispatch 
(node_modules/jsdom/lib/jsdom/living/events/EventTarget-impl.js:233:9)
      at HTMLInputElementImpl.dispatchEvent 
(node_modules/jsdom/lib/jsdom/living/events/EventTarget-impl.js:104:17)
      at HTMLInputElement.dispatchEvent 
(node_modules/jsdom/lib/jsdom/living/generated/EventTarget.js:241:34)
      at 
node_modules/@testing-library/user-event/dist/cjs/event/dispatchEvent.js:45:43
      at Object.eventWrapper 
(node_modules/@testing-library/dom/dist/config.js:25:23)
      at Object.wrapEvent 
(node_modules/@testing-library/user-event/dist/cjs/event/wrapEvent.js:6:28)
      at Object.dispatchEvent (node_modules/@testing-library/user-event/dist/cj
s/event/dispatchEvent.js:45:22)
      at Object.dispatchUIEvent (node_modules/@testing-library/user-event/dist/
cjs/event/dispatchEvent.js:22:26)
      at commitInput 
(node_modules/@testing-library/user-event/dist/cjs/event/input.js:145:14)
      at editInputElement 
(node_modules/@testing-library/user-event/dist/cjs/event/input.js:115:9)
      at Object.input 
(node_modules/@testing-library/user-event/dist/cjs/event/input.js:37:9)
      at node_modules/@testing-library/user-event/dist/cjs/event/behavior/keypr
ess.js:31:26
      at Object.dispatchEvent (node_modules/@testing-library/user-event/dist/cj
s/event/dispatchEvent.js:41:13)
      at Object.dispatchUIEvent (node_modules/@testing-library/user-event/dist/
cjs/event/dispatchEvent.js:22:26)
      at KeyboardHost.keydown 
(node_modules/@testing-library/user-event/dist/cjs/system/keyboard.js:76:22)
      at keyboardAction 
(node_modules/@testing-library/user-event/dist/cjs/keyboard/index.js:22:35)
      at Object.keyboard 
(node_modules/@testing-library/user-event/dist/cjs/keyboard/index.js:11:15)
      at Object.type 
(node_modules/@testing-library/user-event/dist/cjs/utility/type.js:17:5)
      at Object.<anonymous> (src/profile/profile.test.tsx:270:9)

    console.error
      Warning: An update to ProfilePage inside a test was not wrapped in 
act(...).
      
      When testing, code that causes React state updates should be wrapped 
into act(...):
      
      act(() => {
        /* fire events that update state */
      });
      /* assert on the output */
      
      This ensures that you're testing the behavior the user would see in the 
browser. Learn more at https://reactjs.org/link/wrap-tests-with-act
          at ProfilePage 
(C:\Users\samhe\OneDrive\Desktop\Cleaned\frontend\src\profile\index.tsx:25:41)
          at basenameProp (C:\Users\samhe\OneDrive\Desktop\Cleaned\frontend\nod
e_modules\react-router\lib\components.tsx:421:13)
          at basename (C:\Users\samhe\OneDrive\Desktop\Cleaned\frontend\node_mo
dules\react-router\lib\components.tsx:225:3)

      167 |               className="border border-gray-300 rounded-md px-3 
py-2 text-sm"
      168 |               value={currentPassword}
    > 169 |               onChange={e => setCurrentPassword(e.target.value)}
          |                              ^
      170 |             />
      171 |           </div>
      172 |

      at printWarning 
(node_modules/react-dom/cjs/react-dom.development.js:86:30)
      at error (node_modules/react-dom/cjs/react-dom.development.js:60:7)
      at warnIfUpdatesNotWrappedWithActDEV 
(node_modules/react-dom/cjs/react-dom.development.js:27628:9)
      at scheduleUpdateOnFiber 
(node_modules/react-dom/cjs/react-dom.development.js:25547:5)
      at dispatchSetState 
(node_modules/react-dom/cjs/react-dom.development.js:16708:7)
      at onChange (src/profile/index.tsx:169:30)
      at HTMLUnknownElement.callCallback 
(node_modules/react-dom/cjs/react-dom.development.js:4164:14)
      at HTMLUnknownElement.callTheUserObjectsOperation 
(node_modules/jsdom/lib/jsdom/living/generated/EventListener.js:26:30)
      at innerInvokeEventListeners 
(node_modules/jsdom/lib/jsdom/living/events/EventTarget-impl.js:350:25)
      at invokeEventListeners 
(node_modules/jsdom/lib/jsdom/living/events/EventTarget-impl.js:286:3)
      at HTMLUnknownElementImpl._dispatch 
(node_modules/jsdom/lib/jsdom/living/events/EventTarget-impl.js:233:9)
      at HTMLUnknownElementImpl.dispatchEvent 
(node_modules/jsdom/lib/jsdom/living/events/EventTarget-impl.js:104:17)
      at HTMLUnknownElement.dispatchEvent 
(node_modules/jsdom/lib/jsdom/living/generated/EventTarget.js:241:34)
      at Object.invokeGuardedCallbackDev 
(node_modules/react-dom/cjs/react-dom.development.js:4213:16)
      at invokeGuardedCallback 
(node_modules/react-dom/cjs/react-dom.development.js:4277:31)
      at invokeGuardedCallbackAndCatchFirstError 
(node_modules/react-dom/cjs/react-dom.development.js:4291:25)
      at executeDispatch 
(node_modules/react-dom/cjs/react-dom.development.js:9041:3)
      at processDispatchQueueItemsInOrder 
(node_modules/react-dom/cjs/react-dom.development.js:9073:7)
      at processDispatchQueue 
(node_modules/react-dom/cjs/react-dom.development.js:9086:5)
      at dispatchEventsForPlugins 
(node_modules/react-dom/cjs/react-dom.development.js:9097:3)
      at node_modules/react-dom/cjs/react-dom.development.js:9288:12
      at batchedUpdates$1 
(node_modules/react-dom/cjs/react-dom.development.js:26179:12)
      at batchedUpdates 
(node_modules/react-dom/cjs/react-dom.development.js:3991:12)
      at dispatchEventForPluginEventSystem 
(node_modules/react-dom/cjs/react-dom.development.js:9287:3)
      at dispatchEventWithEnableCapturePhaseSelectiveHydrationWithoutDiscreteEv
entReplay (node_modules/react-dom/cjs/react-dom.development.js:6465:5)
      at dispatchEvent 
(node_modules/react-dom/cjs/react-dom.development.js:6457:5)
      at dispatchDiscreteEvent 
(node_modules/react-dom/cjs/react-dom.development.js:6430:5)
      at HTMLDivElement.callTheUserObjectsOperation 
(node_modules/jsdom/lib/jsdom/living/generated/EventListener.js:26:30)
      at innerInvokeEventListeners 
(node_modules/jsdom/lib/jsdom/living/events/EventTarget-impl.js:350:25)
      at invokeEventListeners 
(node_modules/jsdom/lib/jsdom/living/events/EventTarget-impl.js:286:3)
      at HTMLInputElementImpl._dispatch 
(node_modules/jsdom/lib/jsdom/living/events/EventTarget-impl.js:233:9)
      at HTMLInputElementImpl.dispatchEvent 
(node_modules/jsdom/lib/jsdom/living/events/EventTarget-impl.js:104:17)
      at HTMLInputElement.dispatchEvent 
(node_modules/jsdom/lib/jsdom/living/generated/EventTarget.js:241:34)
      at 
node_modules/@testing-library/user-event/dist/cjs/event/dispatchEvent.js:45:43
      at Object.eventWrapper 
(node_modules/@testing-library/dom/dist/config.js:25:23)
      at Object.wrapEvent 
(node_modules/@testing-library/user-event/dist/cjs/event/wrapEvent.js:6:28)
      at Object.dispatchEvent (node_modules/@testing-library/user-event/dist/cj
s/event/dispatchEvent.js:45:22)
      at Object.dispatchUIEvent (node_modules/@testing-library/user-event/dist/
cjs/event/dispatchEvent.js:22:26)
      at commitInput 
(node_modules/@testing-library/user-event/dist/cjs/event/input.js:145:14)
      at editInputElement 
(node_modules/@testing-library/user-event/dist/cjs/event/input.js:115:9)
      at Object.input 
(node_modules/@testing-library/user-event/dist/cjs/event/input.js:37:9)
      at node_modules/@testing-library/user-event/dist/cjs/event/behavior/keypr
ess.js:31:26
      at Object.dispatchEvent (node_modules/@testing-library/user-event/dist/cj
s/event/dispatchEvent.js:41:13)
      at Object.dispatchUIEvent (node_modules/@testing-library/user-event/dist/
cjs/event/dispatchEvent.js:22:26)
      at KeyboardHost.keydown 
(node_modules/@testing-library/user-event/dist/cjs/system/keyboard.js:76:22)
      at keyboardAction 
(node_modules/@testing-library/user-event/dist/cjs/keyboard/index.js:22:35)
      at Object.keyboard 
(node_modules/@testing-library/user-event/dist/cjs/keyboard/index.js:11:15)
      at Object.type 
(node_modules/@testing-library/user-event/dist/cjs/utility/type.js:17:5)
      at Object.<anonymous> (src/profile/profile.test.tsx:270:9)

    console.error
      Warning: An update to ProfilePage inside a test was not wrapped in 
act(...).
      
      When testing, code that causes React state updates should be wrapped 
into act(...):
      
      act(() => {
        /* fire events that update state */
      });
      /* assert on the output */
      
      This ensures that you're testing the behavior the user would see in the 
browser. Learn more at https://reactjs.org/link/wrap-tests-with-act
          at ProfilePage 
(C:\Users\samhe\OneDrive\Desktop\Cleaned\frontend\src\profile\index.tsx:25:41)
          at basenameProp (C:\Users\samhe\OneDrive\Desktop\Cleaned\frontend\nod
e_modules\react-router\lib\components.tsx:421:13)
          at basename (C:\Users\samhe\OneDrive\Desktop\Cleaned\frontend\node_mo
dules\react-router\lib\components.tsx:225:3)

      167 |               className="border border-gray-300 rounded-md px-3 
py-2 text-sm"
      168 |               value={currentPassword}
    > 169 |               onChange={e => setCurrentPassword(e.target.value)}
          |                              ^
      170 |             />
      171 |           </div>
      172 |

      at printWarning 
(node_modules/react-dom/cjs/react-dom.development.js:86:30)
      at error (node_modules/react-dom/cjs/react-dom.development.js:60:7)
      at warnIfUpdatesNotWrappedWithActDEV 
(node_modules/react-dom/cjs/react-dom.development.js:27628:9)
      at scheduleUpdateOnFiber 
(node_modules/react-dom/cjs/react-dom.development.js:25547:5)
      at dispatchSetState 
(node_modules/react-dom/cjs/react-dom.development.js:16708:7)
      at onChange (src/profile/index.tsx:169:30)
      at HTMLUnknownElement.callCallback 
(node_modules/react-dom/cjs/react-dom.development.js:4164:14)
      at HTMLUnknownElement.callTheUserObjectsOperation 
(node_modules/jsdom/lib/jsdom/living/generated/EventListener.js:26:30)
      at innerInvokeEventListeners 
(node_modules/jsdom/lib/jsdom/living/events/EventTarget-impl.js:350:25)
      at invokeEventListeners 
(node_modules/jsdom/lib/jsdom/living/events/EventTarget-impl.js:286:3)
      at HTMLUnknownElementImpl._dispatch 
(node_modules/jsdom/lib/jsdom/living/events/EventTarget-impl.js:233:9)
      at HTMLUnknownElementImpl.dispatchEvent 
(node_modules/jsdom/lib/jsdom/living/events/EventTarget-impl.js:104:17)
      at HTMLUnknownElement.dispatchEvent 
(node_modules/jsdom/lib/jsdom/living/generated/EventTarget.js:241:34)
      at Object.invokeGuardedCallbackDev 
(node_modules/react-dom/cjs/react-dom.development.js:4213:16)
      at invokeGuardedCallback 
(node_modules/react-dom/cjs/react-dom.development.js:4277:31)
      at invokeGuardedCallbackAndCatchFirstError 
(node_modules/react-dom/cjs/react-dom.development.js:4291:25)
      at executeDispatch 
(node_modules/react-dom/cjs/react-dom.development.js:9041:3)
      at processDispatchQueueItemsInOrder 
(node_modules/react-dom/cjs/react-dom.development.js:9073:7)
      at processDispatchQueue 
(node_modules/react-dom/cjs/react-dom.development.js:9086:5)
      at dispatchEventsForPlugins 
(node_modules/react-dom/cjs/react-dom.development.js:9097:3)
      at node_modules/react-dom/cjs/react-dom.development.js:9288:12
      at batchedUpdates$1 
(node_modules/react-dom/cjs/react-dom.development.js:26179:12)
      at batchedUpdates 
(node_modules/react-dom/cjs/react-dom.development.js:3991:12)
      at dispatchEventForPluginEventSystem 
(node_modules/react-dom/cjs/react-dom.development.js:9287:3)
      at dispatchEventWithEnableCapturePhaseSelectiveHydrationWithoutDiscreteEv
entReplay (node_modules/react-dom/cjs/react-dom.development.js:6465:5)
      at dispatchEvent 
(node_modules/react-dom/cjs/react-dom.development.js:6457:5)
      at dispatchDiscreteEvent 
(node_modules/react-dom/cjs/react-dom.development.js:6430:5)
      at HTMLDivElement.callTheUserObjectsOperation 
(node_modules/jsdom/lib/jsdom/living/generated/EventListener.js:26:30)
      at innerInvokeEventListeners 
(node_modules/jsdom/lib/jsdom/living/events/EventTarget-impl.js:350:25)
      at invokeEventListeners 
(node_modules/jsdom/lib/jsdom/living/events/EventTarget-impl.js:286:3)
      at HTMLInputElementImpl._dispatch 
(node_modules/jsdom/lib/jsdom/living/events/EventTarget-impl.js:233:9)
      at HTMLInputElementImpl.dispatchEvent 
(node_modules/jsdom/lib/jsdom/living/events/EventTarget-impl.js:104:17)
      at HTMLInputElement.dispatchEvent 
(node_modules/jsdom/lib/jsdom/living/generated/EventTarget.js:241:34)
      at 
node_modules/@testing-library/user-event/dist/cjs/event/dispatchEvent.js:45:43
      at Object.eventWrapper 
(node_modules/@testing-library/dom/dist/config.js:25:23)
      at Object.wrapEvent 
(node_modules/@testing-library/user-event/dist/cjs/event/wrapEvent.js:6:28)
      at Object.dispatchEvent (node_modules/@testing-library/user-event/dist/cj
s/event/dispatchEvent.js:45:22)
      at Object.dispatchUIEvent (node_modules/@testing-library/user-event/dist/
cjs/event/dispatchEvent.js:22:26)
      at commitInput 
(node_modules/@testing-library/user-event/dist/cjs/event/input.js:145:14)
      at editInputElement 
(node_modules/@testing-library/user-event/dist/cjs/event/input.js:115:9)
      at Object.input 
(node_modules/@testing-library/user-event/dist/cjs/event/input.js:37:9)
      at node_modules/@testing-library/user-event/dist/cjs/event/behavior/keypr
ess.js:31:26
      at Object.dispatchEvent (node_modules/@testing-library/user-event/dist/cj
s/event/dispatchEvent.js:41:13)
      at Object.dispatchUIEvent (node_modules/@testing-library/user-event/dist/
cjs/event/dispatchEvent.js:22:26)
      at KeyboardHost.keydown 
(node_modules/@testing-library/user-event/dist/cjs/system/keyboard.js:76:22)
      at keyboardAction 
(node_modules/@testing-library/user-event/dist/cjs/keyboard/index.js:22:35)
      at Object.keyboard 
(node_modules/@testing-library/user-event/dist/cjs/keyboard/index.js:11:15)
      at Object.type 
(node_modules/@testing-library/user-event/dist/cjs/utility/type.js:17:5)
      at Object.<anonymous> (src/profile/profile.test.tsx:270:9)

    console.error
      Warning: An update to ProfilePage inside a test was not wrapped in 
act(...).
      
      When testing, code that causes React state updates should be wrapped 
into act(...):
      
      act(() => {
        /* fire events that update state */
      });
      /* assert on the output */
      
      This ensures that you're testing the behavior the user would see in the 
browser. Learn more at https://reactjs.org/link/wrap-tests-with-act
          at ProfilePage 
(C:\Users\samhe\OneDrive\Desktop\Cleaned\frontend\src\profile\index.tsx:25:41)
          at basenameProp (C:\Users\samhe\OneDrive\Desktop\Cleaned\frontend\nod
e_modules\react-router\lib\components.tsx:421:13)
          at basename (C:\Users\samhe\OneDrive\Desktop\Cleaned\frontend\node_mo
dules\react-router\lib\components.tsx:225:3)

      167 |               className="border border-gray-300 rounded-md px-3 
py-2 text-sm"
      168 |               value={currentPassword}
    > 169 |               onChange={e => setCurrentPassword(e.target.value)}
          |                              ^
      170 |             />
      171 |           </div>
      172 |

      at printWarning 
(node_modules/react-dom/cjs/react-dom.development.js:86:30)
      at error (node_modules/react-dom/cjs/react-dom.development.js:60:7)
      at warnIfUpdatesNotWrappedWithActDEV 
(node_modules/react-dom/cjs/react-dom.development.js:27628:9)
      at scheduleUpdateOnFiber 
(node_modules/react-dom/cjs/react-dom.development.js:25547:5)
      at dispatchSetState 
(node_modules/react-dom/cjs/react-dom.development.js:16708:7)
      at onChange (src/profile/index.tsx:169:30)
      at HTMLUnknownElement.callCallback 
(node_modules/react-dom/cjs/react-dom.development.js:4164:14)
      at HTMLUnknownElement.callTheUserObjectsOperation 
(node_modules/jsdom/lib/jsdom/living/generated/EventListener.js:26:30)
      at innerInvokeEventListeners 
(node_modules/jsdom/lib/jsdom/living/events/EventTarget-impl.js:350:25)
      at invokeEventListeners 
(node_modules/jsdom/lib/jsdom/living/events/EventTarget-impl.js:286:3)
      at HTMLUnknownElementImpl._dispatch 
(node_modules/jsdom/lib/jsdom/living/events/EventTarget-impl.js:233:9)
      at HTMLUnknownElementImpl.dispatchEvent 
(node_modules/jsdom/lib/jsdom/living/events/EventTarget-impl.js:104:17)
      at HTMLUnknownElement.dispatchEvent 
(node_modules/jsdom/lib/jsdom/living/generated/EventTarget.js:241:34)
      at Object.invokeGuardedCallbackDev 
(node_modules/react-dom/cjs/react-dom.development.js:4213:16)
      at invokeGuardedCallback 
(node_modules/react-dom/cjs/react-dom.development.js:4277:31)
      at invokeGuardedCallbackAndCatchFirstError 
(node_modules/react-dom/cjs/react-dom.development.js:4291:25)
      at executeDispatch 
(node_modules/react-dom/cjs/react-dom.development.js:9041:3)
      at processDispatchQueueItemsInOrder 
(node_modules/react-dom/cjs/react-dom.development.js:9073:7)
      at processDispatchQueue 
(node_modules/react-dom/cjs/react-dom.development.js:9086:5)
      at dispatchEventsForPlugins 
(node_modules/react-dom/cjs/react-dom.development.js:9097:3)
      at node_modules/react-dom/cjs/react-dom.development.js:9288:12
      at batchedUpdates$1 
(node_modules/react-dom/cjs/react-dom.development.js:26179:12)
      at batchedUpdates 
(node_modules/react-dom/cjs/react-dom.development.js:3991:12)
      at dispatchEventForPluginEventSystem 
(node_modules/react-dom/cjs/react-dom.development.js:9287:3)
      at dispatchEventWithEnableCapturePhaseSelectiveHydrationWithoutDiscreteEv
entReplay (node_modules/react-dom/cjs/react-dom.development.js:6465:5)
      at dispatchEvent 
(node_modules/react-dom/cjs/react-dom.development.js:6457:5)
      at dispatchDiscreteEvent 
(node_modules/react-dom/cjs/react-dom.development.js:6430:5)
      at HTMLDivElement.callTheUserObjectsOperation 
(node_modules/jsdom/lib/jsdom/living/generated/EventListener.js:26:30)
      at innerInvokeEventListeners 
(node_modules/jsdom/lib/jsdom/living/events/EventTarget-impl.js:350:25)
      at invokeEventListeners 
(node_modules/jsdom/lib/jsdom/living/events/EventTarget-impl.js:286:3)
      at HTMLInputElementImpl._dispatch 
(node_modules/jsdom/lib/jsdom/living/events/EventTarget-impl.js:233:9)
      at HTMLInputElementImpl.dispatchEvent 
(node_modules/jsdom/lib/jsdom/living/events/EventTarget-impl.js:104:17)
      at HTMLInputElement.dispatchEvent 
(node_modules/jsdom/lib/jsdom/living/generated/EventTarget.js:241:34)
      at 
node_modules/@testing-library/user-event/dist/cjs/event/dispatchEvent.js:45:43
      at Object.eventWrapper 
(node_modules/@testing-library/dom/dist/config.js:25:23)
      at Object.wrapEvent 
(node_modules/@testing-library/user-event/dist/cjs/event/wrapEvent.js:6:28)
      at Object.dispatchEvent (node_modules/@testing-library/user-event/dist/cj
s/event/dispatchEvent.js:45:22)
      at Object.dispatchUIEvent (node_modules/@testing-library/user-event/dist/
cjs/event/dispatchEvent.js:22:26)
      at commitInput 
(node_modules/@testing-library/user-event/dist/cjs/event/input.js:145:14)
      at editInputElement 
(node_modules/@testing-library/user-event/dist/cjs/event/input.js:115:9)
      at Object.input 
(node_modules/@testing-library/user-event/dist/cjs/event/input.js:37:9)
      at node_modules/@testing-library/user-event/dist/cjs/event/behavior/keypr
ess.js:31:26
      at Object.dispatchEvent (node_modules/@testing-library/user-event/dist/cj
s/event/dispatchEvent.js:41:13)
      at Object.dispatchUIEvent (node_modules/@testing-library/user-event/dist/
cjs/event/dispatchEvent.js:22:26)
      at KeyboardHost.keydown 
(node_modules/@testing-library/user-event/dist/cjs/system/keyboard.js:76:22)
      at keyboardAction 
(node_modules/@testing-library/user-event/dist/cjs/keyboard/index.js:22:35)
      at Object.keyboard 
(node_modules/@testing-library/user-event/dist/cjs/keyboard/index.js:11:15)
      at Object.type 
(node_modules/@testing-library/user-event/dist/cjs/utility/type.js:17:5)
      at Object.<anonymous> (src/profile/profile.test.tsx:270:9)

    console.error
      Warning: An update to ProfilePage inside a test was not wrapped in 
act(...).
      
      When testing, code that causes React state updates should be wrapped 
into act(...):
      
      act(() => {
        /* fire events that update state */
      });
      /* assert on the output */
      
      This ensures that you're testing the behavior the user would see in the 
browser. Learn more at https://reactjs.org/link/wrap-tests-with-act
          at ProfilePage 
(C:\Users\samhe\OneDrive\Desktop\Cleaned\frontend\src\profile\index.tsx:25:41)
          at basenameProp (C:\Users\samhe\OneDrive\Desktop\Cleaned\frontend\nod
e_modules\react-router\lib\components.tsx:421:13)
          at basename (C:\Users\samhe\OneDrive\Desktop\Cleaned\frontend\node_mo
dules\react-router\lib\components.tsx:225:3)

      167 |               className="border border-gray-300 rounded-md px-3 
py-2 text-sm"
      168 |               value={currentPassword}
    > 169 |               onChange={e => setCurrentPassword(e.target.value)}
          |                              ^
      170 |             />
      171 |           </div>
      172 |

      at printWarning 
(node_modules/react-dom/cjs/react-dom.development.js:86:30)
      at error (node_modules/react-dom/cjs/react-dom.development.js:60:7)
      at warnIfUpdatesNotWrappedWithActDEV 
(node_modules/react-dom/cjs/react-dom.development.js:27628:9)
      at scheduleUpdateOnFiber 
(node_modules/react-dom/cjs/react-dom.development.js:25547:5)
      at dispatchSetState 
(node_modules/react-dom/cjs/react-dom.development.js:16708:7)
      at onChange (src/profile/index.tsx:169:30)
      at HTMLUnknownElement.callCallback 
(node_modules/react-dom/cjs/react-dom.development.js:4164:14)
      at HTMLUnknownElement.callTheUserObjectsOperation 
(node_modules/jsdom/lib/jsdom/living/generated/EventListener.js:26:30)
      at innerInvokeEventListeners 
(node_modules/jsdom/lib/jsdom/living/events/EventTarget-impl.js:350:25)
      at invokeEventListeners 
(node_modules/jsdom/lib/jsdom/living/events/EventTarget-impl.js:286:3)
      at HTMLUnknownElementImpl._dispatch 
(node_modules/jsdom/lib/jsdom/living/events/EventTarget-impl.js:233:9)
      at HTMLUnknownElementImpl.dispatchEvent 
(node_modules/jsdom/lib/jsdom/living/events/EventTarget-impl.js:104:17)
      at HTMLUnknownElement.dispatchEvent 
(node_modules/jsdom/lib/jsdom/living/generated/EventTarget.js:241:34)
      at Object.invokeGuardedCallbackDev 
(node_modules/react-dom/cjs/react-dom.development.js:4213:16)
      at invokeGuardedCallback 
(node_modules/react-dom/cjs/react-dom.development.js:4277:31)
      at invokeGuardedCallbackAndCatchFirstError 
(node_modules/react-dom/cjs/react-dom.development.js:4291:25)
      at executeDispatch 
(node_modules/react-dom/cjs/react-dom.development.js:9041:3)
      at processDispatchQueueItemsInOrder 
(node_modules/react-dom/cjs/react-dom.development.js:9073:7)
      at processDispatchQueue 
(node_modules/react-dom/cjs/react-dom.development.js:9086:5)
      at dispatchEventsForPlugins 
(node_modules/react-dom/cjs/react-dom.development.js:9097:3)
      at node_modules/react-dom/cjs/react-dom.development.js:9288:12
      at batchedUpdates$1 
(node_modules/react-dom/cjs/react-dom.development.js:26179:12)
      at batchedUpdates 
(node_modules/react-dom/cjs/react-dom.development.js:3991:12)
      at dispatchEventForPluginEventSystem 
(node_modules/react-dom/cjs/react-dom.development.js:9287:3)
      at dispatchEventWithEnableCapturePhaseSelectiveHydrationWithoutDiscreteEv
entReplay (node_modules/react-dom/cjs/react-dom.development.js:6465:5)
      at dispatchEvent 
(node_modules/react-dom/cjs/react-dom.development.js:6457:5)
      at dispatchDiscreteEvent 
(node_modules/react-dom/cjs/react-dom.development.js:6430:5)
      at HTMLDivElement.callTheUserObjectsOperation 
(node_modules/jsdom/lib/jsdom/living/generated/EventListener.js:26:30)
      at innerInvokeEventListeners 
(node_modules/jsdom/lib/jsdom/living/events/EventTarget-impl.js:350:25)
      at invokeEventListeners 
(node_modules/jsdom/lib/jsdom/living/events/EventTarget-impl.js:286:3)
      at HTMLInputElementImpl._dispatch 
(node_modules/jsdom/lib/jsdom/living/events/EventTarget-impl.js:233:9)
      at HTMLInputElementImpl.dispatchEvent 
(node_modules/jsdom/lib/jsdom/living/events/EventTarget-impl.js:104:17)
      at HTMLInputElement.dispatchEvent 
(node_modules/jsdom/lib/jsdom/living/generated/EventTarget.js:241:34)
      at 
node_modules/@testing-library/user-event/dist/cjs/event/dispatchEvent.js:45:43
      at Object.eventWrapper 
(node_modules/@testing-library/dom/dist/config.js:25:23)
      at Object.wrapEvent 
(node_modules/@testing-library/user-event/dist/cjs/event/wrapEvent.js:6:28)
      at Object.dispatchEvent (node_modules/@testing-library/user-event/dist/cj
s/event/dispatchEvent.js:45:22)
      at Object.dispatchUIEvent (node_modules/@testing-library/user-event/dist/
cjs/event/dispatchEvent.js:22:26)
      at commitInput 
(node_modules/@testing-library/user-event/dist/cjs/event/input.js:145:14)
      at editInputElement 
(node_modules/@testing-library/user-event/dist/cjs/event/input.js:115:9)
      at Object.input 
(node_modules/@testing-library/user-event/dist/cjs/event/input.js:37:9)
      at node_modules/@testing-library/user-event/dist/cjs/event/behavior/keypr
ess.js:31:26
      at Object.dispatchEvent (node_modules/@testing-library/user-event/dist/cj
s/event/dispatchEvent.js:41:13)
      at Object.dispatchUIEvent (node_modules/@testing-library/user-event/dist/
cjs/event/dispatchEvent.js:22:26)
      at KeyboardHost.keydown 
(node_modules/@testing-library/user-event/dist/cjs/system/keyboard.js:76:22)
      at keyboardAction 
(node_modules/@testing-library/user-event/dist/cjs/keyboard/index.js:22:35)
      at Object.keyboard 
(node_modules/@testing-library/user-event/dist/cjs/keyboard/index.js:11:15)
      at Object.type 
(node_modules/@testing-library/user-event/dist/cjs/utility/type.js:17:5)
      at Object.<anonymous> (src/profile/profile.test.tsx:270:9)

    console.error
      Warning: An update to ProfilePage inside a test was not wrapped in 
act(...).
      
      When testing, code that causes React state updates should be wrapped 
into act(...):
      
      act(() => {
        /* fire events that update state */
      });
      /* assert on the output */
      
      This ensures that you're testing the behavior the user would see in the 
browser. Learn more at https://reactjs.org/link/wrap-tests-with-act
          at ProfilePage 
(C:\Users\samhe\OneDrive\Desktop\Cleaned\frontend\src\profile\index.tsx:25:41)
          at basenameProp (C:\Users\samhe\OneDrive\Desktop\Cleaned\frontend\nod
e_modules\react-router\lib\components.tsx:421:13)
          at basename (C:\Users\samhe\OneDrive\Desktop\Cleaned\frontend\node_mo
dules\react-router\lib\components.tsx:225:3)

      180 |               className="border border-gray-300 rounded-md px-3 
py-2 text-sm"
      181 |               value={newPassword}
    > 182 |               onChange={e => setNewPassword(e.target.value)}
          |                              ^
      183 |             />
      184 |             <p className="text-xs text-gray-500">
      185 |               Minimum 8 characters, at least 1 uppercase letter 
and 1 number.

      at printWarning 
(node_modules/react-dom/cjs/react-dom.development.js:86:30)
      at error (node_modules/react-dom/cjs/react-dom.development.js:60:7)
      at warnIfUpdatesNotWrappedWithActDEV 
(node_modules/react-dom/cjs/react-dom.development.js:27628:9)
      at scheduleUpdateOnFiber 
(node_modules/react-dom/cjs/react-dom.development.js:25547:5)
      at dispatchSetState 
(node_modules/react-dom/cjs/react-dom.development.js:16708:7)
      at onChange (src/profile/index.tsx:182:30)
      at HTMLUnknownElement.callCallback 
(node_modules/react-dom/cjs/react-dom.development.js:4164:14)
      at HTMLUnknownElement.callTheUserObjectsOperation 
(node_modules/jsdom/lib/jsdom/living/generated/EventListener.js:26:30)
      at innerInvokeEventListeners 
(node_modules/jsdom/lib/jsdom/living/events/EventTarget-impl.js:350:25)
      at invokeEventListeners 
(node_modules/jsdom/lib/jsdom/living/events/EventTarget-impl.js:286:3)
      at HTMLUnknownElementImpl._dispatch 
(node_modules/jsdom/lib/jsdom/living/events/EventTarget-impl.js:233:9)
      at HTMLUnknownElementImpl.dispatchEvent 
(node_modules/jsdom/lib/jsdom/living/events/EventTarget-impl.js:104:17)
      at HTMLUnknownElement.dispatchEvent 
(node_modules/jsdom/lib/jsdom/living/generated/EventTarget.js:241:34)
      at Object.invokeGuardedCallbackDev 
(node_modules/react-dom/cjs/react-dom.development.js:4213:16)
      at invokeGuardedCallback 
(node_modules/react-dom/cjs/react-dom.development.js:4277:31)
      at invokeGuardedCallbackAndCatchFirstError 
(node_modules/react-dom/cjs/react-dom.development.js:4291:25)
      at executeDispatch 
(node_modules/react-dom/cjs/react-dom.development.js:9041:3)
      at processDispatchQueueItemsInOrder 
(node_modules/react-dom/cjs/react-dom.development.js:9073:7)
      at processDispatchQueue 
(node_modules/react-dom/cjs/react-dom.development.js:9086:5)
      at dispatchEventsForPlugins 
(node_modules/react-dom/cjs/react-dom.development.js:9097:3)
      at node_modules/react-dom/cjs/react-dom.development.js:9288:12
      at batchedUpdates$1 
(node_modules/react-dom/cjs/react-dom.development.js:26179:12)
      at batchedUpdates 
(node_modules/react-dom/cjs/react-dom.development.js:3991:12)
      at dispatchEventForPluginEventSystem 
(node_modules/react-dom/cjs/react-dom.development.js:9287:3)
      at dispatchEventWithEnableCapturePhaseSelectiveHydrationWithoutDiscreteEv
entReplay (node_modules/react-dom/cjs/react-dom.development.js:6465:5)
      at dispatchEvent 
(node_modules/react-dom/cjs/react-dom.development.js:6457:5)
      at dispatchDiscreteEvent 
(node_modules/react-dom/cjs/react-dom.development.js:6430:5)
      at HTMLDivElement.callTheUserObjectsOperation 
(node_modules/jsdom/lib/jsdom/living/generated/EventListener.js:26:30)
      at innerInvokeEventListeners 
(node_modules/jsdom/lib/jsdom/living/events/EventTarget-impl.js:350:25)
      at invokeEventListeners 
(node_modules/jsdom/lib/jsdom/living/events/EventTarget-impl.js:286:3)
      at HTMLInputElementImpl._dispatch 
(node_modules/jsdom/lib/jsdom/living/events/EventTarget-impl.js:233:9)
      at HTMLInputElementImpl.dispatchEvent 
(node_modules/jsdom/lib/jsdom/living/events/EventTarget-impl.js:104:17)
      at HTMLInputElement.dispatchEvent 
(node_modules/jsdom/lib/jsdom/living/generated/EventTarget.js:241:34)
      at 
node_modules/@testing-library/user-event/dist/cjs/event/dispatchEvent.js:45:43
      at Object.eventWrapper 
(node_modules/@testing-library/dom/dist/config.js:25:23)
      at Object.wrapEvent 
(node_modules/@testing-library/user-event/dist/cjs/event/wrapEvent.js:6:28)
      at Object.dispatchEvent (node_modules/@testing-library/user-event/dist/cj
s/event/dispatchEvent.js:45:22)
      at Object.dispatchUIEvent (node_modules/@testing-library/user-event/dist/
cjs/event/dispatchEvent.js:22:26)
      at commitInput 
(node_modules/@testing-library/user-event/dist/cjs/event/input.js:145:14)
      at editInputElement 
(node_modules/@testing-library/user-event/dist/cjs/event/input.js:115:9)
      at Object.input 
(node_modules/@testing-library/user-event/dist/cjs/event/input.js:37:9)
      at node_modules/@testing-library/user-event/dist/cjs/event/behavior/keypr
ess.js:31:26
      at Object.dispatchEvent (node_modules/@testing-library/user-event/dist/cj
s/event/dispatchEvent.js:41:13)
      at Object.dispatchUIEvent (node_modules/@testing-library/user-event/dist/
cjs/event/dispatchEvent.js:22:26)
      at KeyboardHost.keydown 
(node_modules/@testing-library/user-event/dist/cjs/system/keyboard.js:76:22)
      at keyboardAction 
(node_modules/@testing-library/user-event/dist/cjs/keyboard/index.js:22:35)
      at Object.keyboard 
(node_modules/@testing-library/user-event/dist/cjs/keyboard/index.js:11:15)
      at Object.type 
(node_modules/@testing-library/user-event/dist/cjs/utility/type.js:17:5)
      at Object.<anonymous> (src/profile/profile.test.tsx:271:9)

    console.error
      Warning: An update to ProfilePage inside a test was not wrapped in 
act(...).
      
      When testing, code that causes React state updates should be wrapped 
into act(...):
      
      act(() => {
        /* fire events that update state */
      });
      /* assert on the output */
      
      This ensures that you're testing the behavior the user would see in the 
browser. Learn more at https://reactjs.org/link/wrap-tests-with-act
          at ProfilePage 
(C:\Users\samhe\OneDrive\Desktop\Cleaned\frontend\src\profile\index.tsx:25:41)
          at basenameProp (C:\Users\samhe\OneDrive\Desktop\Cleaned\frontend\nod
e_modules\react-router\lib\components.tsx:421:13)
          at basename (C:\Users\samhe\OneDrive\Desktop\Cleaned\frontend\node_mo
dules\react-router\lib\components.tsx:225:3)

      180 |               className="border border-gray-300 rounded-md px-3 
py-2 text-sm"
      181 |               value={newPassword}
    > 182 |               onChange={e => setNewPassword(e.target.value)}
          |                              ^
      183 |             />
      184 |             <p className="text-xs text-gray-500">
      185 |               Minimum 8 characters, at least 1 uppercase letter 
and 1 number.

      at printWarning 
(node_modules/react-dom/cjs/react-dom.development.js:86:30)
      at error (node_modules/react-dom/cjs/react-dom.development.js:60:7)
      at warnIfUpdatesNotWrappedWithActDEV 
(node_modules/react-dom/cjs/react-dom.development.js:27628:9)
      at scheduleUpdateOnFiber 
(node_modules/react-dom/cjs/react-dom.development.js:25547:5)
      at dispatchSetState 
(node_modules/react-dom/cjs/react-dom.development.js:16708:7)
      at onChange (src/profile/index.tsx:182:30)
      at HTMLUnknownElement.callCallback 
(node_modules/react-dom/cjs/react-dom.development.js:4164:14)
      at HTMLUnknownElement.callTheUserObjectsOperation 
(node_modules/jsdom/lib/jsdom/living/generated/EventListener.js:26:30)
      at innerInvokeEventListeners 
(node_modules/jsdom/lib/jsdom/living/events/EventTarget-impl.js:350:25)
      at invokeEventListeners 
(node_modules/jsdom/lib/jsdom/living/events/EventTarget-impl.js:286:3)
      at HTMLUnknownElementImpl._dispatch 
(node_modules/jsdom/lib/jsdom/living/events/EventTarget-impl.js:233:9)
      at HTMLUnknownElementImpl.dispatchEvent 
(node_modules/jsdom/lib/jsdom/living/events/EventTarget-impl.js:104:17)
      at HTMLUnknownElement.dispatchEvent 
(node_modules/jsdom/lib/jsdom/living/generated/EventTarget.js:241:34)
      at Object.invokeGuardedCallbackDev 
(node_modules/react-dom/cjs/react-dom.development.js:4213:16)
      at invokeGuardedCallback 
(node_modules/react-dom/cjs/react-dom.development.js:4277:31)
      at invokeGuardedCallbackAndCatchFirstError 
(node_modules/react-dom/cjs/react-dom.development.js:4291:25)
      at executeDispatch 
(node_modules/react-dom/cjs/react-dom.development.js:9041:3)
      at processDispatchQueueItemsInOrder 
(node_modules/react-dom/cjs/react-dom.development.js:9073:7)
      at processDispatchQueue 
(node_modules/react-dom/cjs/react-dom.development.js:9086:5)
      at dispatchEventsForPlugins 
(node_modules/react-dom/cjs/react-dom.development.js:9097:3)
      at node_modules/react-dom/cjs/react-dom.development.js:9288:12
      at batchedUpdates$1 
(node_modules/react-dom/cjs/react-dom.development.js:26179:12)
      at batchedUpdates 
(node_modules/react-dom/cjs/react-dom.development.js:3991:12)
      at dispatchEventForPluginEventSystem 
(node_modules/react-dom/cjs/react-dom.development.js:9287:3)
      at dispatchEventWithEnableCapturePhaseSelectiveHydrationWithoutDiscreteEv
entReplay (node_modules/react-dom/cjs/react-dom.development.js:6465:5)
      at dispatchEvent 
(node_modules/react-dom/cjs/react-dom.development.js:6457:5)
      at dispatchDiscreteEvent 
(node_modules/react-dom/cjs/react-dom.development.js:6430:5)
      at HTMLDivElement.callTheUserObjectsOperation 
(node_modules/jsdom/lib/jsdom/living/generated/EventListener.js:26:30)
      at innerInvokeEventListeners 
(node_modules/jsdom/lib/jsdom/living/events/EventTarget-impl.js:350:25)
      at invokeEventListeners 
(node_modules/jsdom/lib/jsdom/living/events/EventTarget-impl.js:286:3)
      at HTMLInputElementImpl._dispatch 
(node_modules/jsdom/lib/jsdom/living/events/EventTarget-impl.js:233:9)
      at HTMLInputElementImpl.dispatchEvent 
(node_modules/jsdom/lib/jsdom/living/events/EventTarget-impl.js:104:17)
      at HTMLInputElement.dispatchEvent 
(node_modules/jsdom/lib/jsdom/living/generated/EventTarget.js:241:34)
      at 
node_modules/@testing-library/user-event/dist/cjs/event/dispatchEvent.js:45:43
      at Object.eventWrapper 
(node_modules/@testing-library/dom/dist/config.js:25:23)
      at Object.wrapEvent 
(node_modules/@testing-library/user-event/dist/cjs/event/wrapEvent.js:6:28)
      at Object.dispatchEvent (node_modules/@testing-library/user-event/dist/cj
s/event/dispatchEvent.js:45:22)
      at Object.dispatchUIEvent (node_modules/@testing-library/user-event/dist/
cjs/event/dispatchEvent.js:22:26)
      at commitInput 
(node_modules/@testing-library/user-event/dist/cjs/event/input.js:145:14)
      at editInputElement 
(node_modules/@testing-library/user-event/dist/cjs/event/input.js:115:9)
      at Object.input 
(node_modules/@testing-library/user-event/dist/cjs/event/input.js:37:9)
      at node_modules/@testing-library/user-event/dist/cjs/event/behavior/keypr
ess.js:31:26
      at Object.dispatchEvent (node_modules/@testing-library/user-event/dist/cj
s/event/dispatchEvent.js:41:13)
      at Object.dispatchUIEvent (node_modules/@testing-library/user-event/dist/
cjs/event/dispatchEvent.js:22:26)
      at KeyboardHost.keydown 
(node_modules/@testing-library/user-event/dist/cjs/system/keyboard.js:76:22)
      at keyboardAction 
(node_modules/@testing-library/user-event/dist/cjs/keyboard/index.js:22:35)
      at Object.keyboard 
(node_modules/@testing-library/user-event/dist/cjs/keyboard/index.js:11:15)
      at Object.type 
(node_modules/@testing-library/user-event/dist/cjs/utility/type.js:17:5)
      at Object.<anonymous> (src/profile/profile.test.tsx:271:9)

    console.error
      Warning: An update to ProfilePage inside a test was not wrapped in 
act(...).
      
      When testing, code that causes React state updates should be wrapped 
into act(...):
      
      act(() => {
        /* fire events that update state */
      });
      /* assert on the output */
      
      This ensures that you're testing the behavior the user would see in the 
browser. Learn more at https://reactjs.org/link/wrap-tests-with-act
          at ProfilePage 
(C:\Users\samhe\OneDrive\Desktop\Cleaned\frontend\src\profile\index.tsx:25:41)
          at basenameProp (C:\Users\samhe\OneDrive\Desktop\Cleaned\frontend\nod
e_modules\react-router\lib\components.tsx:421:13)
          at basename (C:\Users\samhe\OneDrive\Desktop\Cleaned\frontend\node_mo
dules\react-router\lib\components.tsx:225:3)

      180 |               className="border border-gray-300 rounded-md px-3 
py-2 text-sm"
      181 |               value={newPassword}
    > 182 |               onChange={e => setNewPassword(e.target.value)}
          |                              ^
      183 |             />
      184 |             <p className="text-xs text-gray-500">
      185 |               Minimum 8 characters, at least 1 uppercase letter 
and 1 number.

      at printWarning 
(node_modules/react-dom/cjs/react-dom.development.js:86:30)
      at error (node_modules/react-dom/cjs/react-dom.development.js:60:7)
      at warnIfUpdatesNotWrappedWithActDEV 
(node_modules/react-dom/cjs/react-dom.development.js:27628:9)
      at scheduleUpdateOnFiber 
(node_modules/react-dom/cjs/react-dom.development.js:25547:5)
      at dispatchSetState 
(node_modules/react-dom/cjs/react-dom.development.js:16708:7)
      at onChange (src/profile/index.tsx:182:30)
      at HTMLUnknownElement.callCallback 
(node_modules/react-dom/cjs/react-dom.development.js:4164:14)
      at HTMLUnknownElement.callTheUserObjectsOperation 
(node_modules/jsdom/lib/jsdom/living/generated/EventListener.js:26:30)
      at innerInvokeEventListeners 
(node_modules/jsdom/lib/jsdom/living/events/EventTarget-impl.js:350:25)
      at invokeEventListeners 
(node_modules/jsdom/lib/jsdom/living/events/EventTarget-impl.js:286:3)
      at HTMLUnknownElementImpl._dispatch 
(node_modules/jsdom/lib/jsdom/living/events/EventTarget-impl.js:233:9)
      at HTMLUnknownElementImpl.dispatchEvent 
(node_modules/jsdom/lib/jsdom/living/events/EventTarget-impl.js:104:17)
      at HTMLUnknownElement.dispatchEvent 
(node_modules/jsdom/lib/jsdom/living/generated/EventTarget.js:241:34)
      at Object.invokeGuardedCallbackDev 
(node_modules/react-dom/cjs/react-dom.development.js:4213:16)
      at invokeGuardedCallback 
(node_modules/react-dom/cjs/react-dom.development.js:4277:31)
      at invokeGuardedCallbackAndCatchFirstError 
(node_modules/react-dom/cjs/react-dom.development.js:4291:25)
      at executeDispatch 
(node_modules/react-dom/cjs/react-dom.development.js:9041:3)
      at processDispatchQueueItemsInOrder 
(node_modules/react-dom/cjs/react-dom.development.js:9073:7)
      at processDispatchQueue 
(node_modules/react-dom/cjs/react-dom.development.js:9086:5)
      at dispatchEventsForPlugins 
(node_modules/react-dom/cjs/react-dom.development.js:9097:3)
      at node_modules/react-dom/cjs/react-dom.development.js:9288:12
      at batchedUpdates$1 
(node_modules/react-dom/cjs/react-dom.development.js:26179:12)
      at batchedUpdates 
(node_modules/react-dom/cjs/react-dom.development.js:3991:12)
      at dispatchEventForPluginEventSystem 
(node_modules/react-dom/cjs/react-dom.development.js:9287:3)
      at dispatchEventWithEnableCapturePhaseSelectiveHydrationWithoutDiscreteEv
entReplay (node_modules/react-dom/cjs/react-dom.development.js:6465:5)
      at dispatchEvent 
(node_modules/react-dom/cjs/react-dom.development.js:6457:5)
      at dispatchDiscreteEvent 
(node_modules/react-dom/cjs/react-dom.development.js:6430:5)
      at HTMLDivElement.callTheUserObjectsOperation 
(node_modules/jsdom/lib/jsdom/living/generated/EventListener.js:26:30)
      at innerInvokeEventListeners 
(node_modules/jsdom/lib/jsdom/living/events/EventTarget-impl.js:350:25)
      at invokeEventListeners 
(node_modules/jsdom/lib/jsdom/living/events/EventTarget-impl.js:286:3)
      at HTMLInputElementImpl._dispatch 
(node_modules/jsdom/lib/jsdom/living/events/EventTarget-impl.js:233:9)
      at HTMLInputElementImpl.dispatchEvent 
(node_modules/jsdom/lib/jsdom/living/events/EventTarget-impl.js:104:17)
      at HTMLInputElement.dispatchEvent 
(node_modules/jsdom/lib/jsdom/living/generated/EventTarget.js:241:34)
      at 
node_modules/@testing-library/user-event/dist/cjs/event/dispatchEvent.js:45:43
      at Object.eventWrapper 
(node_modules/@testing-library/dom/dist/config.js:25:23)
      at Object.wrapEvent 
(node_modules/@testing-library/user-event/dist/cjs/event/wrapEvent.js:6:28)
      at Object.dispatchEvent (node_modules/@testing-library/user-event/dist/cj
s/event/dispatchEvent.js:45:22)
      at Object.dispatchUIEvent (node_modules/@testing-library/user-event/dist/
cjs/event/dispatchEvent.js:22:26)
      at commitInput 
(node_modules/@testing-library/user-event/dist/cjs/event/input.js:145:14)
      at editInputElement 
(node_modules/@testing-library/user-event/dist/cjs/event/input.js:115:9)
      at Object.input 
(node_modules/@testing-library/user-event/dist/cjs/event/input.js:37:9)
      at node_modules/@testing-library/user-event/dist/cjs/event/behavior/keypr
ess.js:31:26
      at Object.dispatchEvent (node_modules/@testing-library/user-event/dist/cj
s/event/dispatchEvent.js:41:13)
      at Object.dispatchUIEvent (node_modules/@testing-library/user-event/dist/
cjs/event/dispatchEvent.js:22:26)
      at KeyboardHost.keydown 
(node_modules/@testing-library/user-event/dist/cjs/system/keyboard.js:76:22)
      at keyboardAction 
(node_modules/@testing-library/user-event/dist/cjs/keyboard/index.js:22:35)
      at Object.keyboard 
(node_modules/@testing-library/user-event/dist/cjs/keyboard/index.js:11:15)
      at Object.type 
(node_modules/@testing-library/user-event/dist/cjs/utility/type.js:17:5)
      at Object.<anonymous> (src/profile/profile.test.tsx:271:9)

    console.error
      Warning: An update to ProfilePage inside a test was not wrapped in 
act(...).
      
      When testing, code that causes React state updates should be wrapped 
into act(...):
      
      act(() => {
        /* fire events that update state */
      });
      /* assert on the output */
      
      This ensures that you're testing the behavior the user would see in the 
browser. Learn more at https://reactjs.org/link/wrap-tests-with-act
          at ProfilePage 
(C:\Users\samhe\OneDrive\Desktop\Cleaned\frontend\src\profile\index.tsx:25:41)
          at basenameProp (C:\Users\samhe\OneDrive\Desktop\Cleaned\frontend\nod
e_modules\react-router\lib\components.tsx:421:13)
          at basename (C:\Users\samhe\OneDrive\Desktop\Cleaned\frontend\node_mo
dules\react-router\lib\components.tsx:225:3)

      180 |               className="border border-gray-300 rounded-md px-3 
py-2 text-sm"
      181 |               value={newPassword}
    > 182 |               onChange={e => setNewPassword(e.target.value)}
          |                              ^
      183 |             />
      184 |             <p className="text-xs text-gray-500">
      185 |               Minimum 8 characters, at least 1 uppercase letter 
and 1 number.

      at printWarning 
(node_modules/react-dom/cjs/react-dom.development.js:86:30)
      at error (node_modules/react-dom/cjs/react-dom.development.js:60:7)
      at warnIfUpdatesNotWrappedWithActDEV 
(node_modules/react-dom/cjs/react-dom.development.js:27628:9)
      at scheduleUpdateOnFiber 
(node_modules/react-dom/cjs/react-dom.development.js:25547:5)
      at dispatchSetState 
(node_modules/react-dom/cjs/react-dom.development.js:16708:7)
      at onChange (src/profile/index.tsx:182:30)
      at HTMLUnknownElement.callCallback 
(node_modules/react-dom/cjs/react-dom.development.js:4164:14)
      at HTMLUnknownElement.callTheUserObjectsOperation 
(node_modules/jsdom/lib/jsdom/living/generated/EventListener.js:26:30)
      at innerInvokeEventListeners 
(node_modules/jsdom/lib/jsdom/living/events/EventTarget-impl.js:350:25)
      at invokeEventListeners 
(node_modules/jsdom/lib/jsdom/living/events/EventTarget-impl.js:286:3)
      at HTMLUnknownElementImpl._dispatch 
(node_modules/jsdom/lib/jsdom/living/events/EventTarget-impl.js:233:9)
      at HTMLUnknownElementImpl.dispatchEvent 
(node_modules/jsdom/lib/jsdom/living/events/EventTarget-impl.js:104:17)
      at HTMLUnknownElement.dispatchEvent 
(node_modules/jsdom/lib/jsdom/living/generated/EventTarget.js:241:34)
      at Object.invokeGuardedCallbackDev 
(node_modules/react-dom/cjs/react-dom.development.js:4213:16)
      at invokeGuardedCallback 
(node_modules/react-dom/cjs/react-dom.development.js:4277:31)
      at invokeGuardedCallbackAndCatchFirstError 
(node_modules/react-dom/cjs/react-dom.development.js:4291:25)
      at executeDispatch 
(node_modules/react-dom/cjs/react-dom.development.js:9041:3)
      at processDispatchQueueItemsInOrder 
(node_modules/react-dom/cjs/react-dom.development.js:9073:7)
      at processDispatchQueue 
(node_modules/react-dom/cjs/react-dom.development.js:9086:5)
      at dispatchEventsForPlugins 
(node_modules/react-dom/cjs/react-dom.development.js:9097:3)
      at node_modules/react-dom/cjs/react-dom.development.js:9288:12
      at batchedUpdates$1 
(node_modules/react-dom/cjs/react-dom.development.js:26179:12)
      at batchedUpdates 
(node_modules/react-dom/cjs/react-dom.development.js:3991:12)
      at dispatchEventForPluginEventSystem 
(node_modules/react-dom/cjs/react-dom.development.js:9287:3)
      at dispatchEventWithEnableCapturePhaseSelectiveHydrationWithoutDiscreteEv
entReplay (node_modules/react-dom/cjs/react-dom.development.js:6465:5)
      at dispatchEvent 
(node_modules/react-dom/cjs/react-dom.development.js:6457:5)
      at dispatchDiscreteEvent 
(node_modules/react-dom/cjs/react-dom.development.js:6430:5)
      at HTMLDivElement.callTheUserObjectsOperation 
(node_modules/jsdom/lib/jsdom/living/generated/EventListener.js:26:30)
      at innerInvokeEventListeners 
(node_modules/jsdom/lib/jsdom/living/events/EventTarget-impl.js:350:25)
      at invokeEventListeners 
(node_modules/jsdom/lib/jsdom/living/events/EventTarget-impl.js:286:3)
      at HTMLInputElementImpl._dispatch 
(node_modules/jsdom/lib/jsdom/living/events/EventTarget-impl.js:233:9)
      at HTMLInputElementImpl.dispatchEvent 
(node_modules/jsdom/lib/jsdom/living/events/EventTarget-impl.js:104:17)
      at HTMLInputElement.dispatchEvent 
(node_modules/jsdom/lib/jsdom/living/generated/EventTarget.js:241:34)
      at 
node_modules/@testing-library/user-event/dist/cjs/event/dispatchEvent.js:45:43
      at Object.eventWrapper 
(node_modules/@testing-library/dom/dist/config.js:25:23)
      at Object.wrapEvent 
(node_modules/@testing-library/user-event/dist/cjs/event/wrapEvent.js:6:28)
      at Object.dispatchEvent (node_modules/@testing-library/user-event/dist/cj
s/event/dispatchEvent.js:45:22)
      at Object.dispatchUIEvent (node_modules/@testing-library/user-event/dist/
cjs/event/dispatchEvent.js:22:26)
      at commitInput 
(node_modules/@testing-library/user-event/dist/cjs/event/input.js:145:14)
      at editInputElement 
(node_modules/@testing-library/user-event/dist/cjs/event/input.js:115:9)
      at Object.input 
(node_modules/@testing-library/user-event/dist/cjs/event/input.js:37:9)
      at node_modules/@testing-library/user-event/dist/cjs/event/behavior/keypr
ess.js:31:26
      at Object.dispatchEvent (node_modules/@testing-library/user-event/dist/cj
s/event/dispatchEvent.js:41:13)
      at Object.dispatchUIEvent (node_modules/@testing-library/user-event/dist/
cjs/event/dispatchEvent.js:22:26)
      at KeyboardHost.keydown 
(node_modules/@testing-library/user-event/dist/cjs/system/keyboard.js:76:22)
      at keyboardAction 
(node_modules/@testing-library/user-event/dist/cjs/keyboard/index.js:22:35)
      at Object.keyboard 
(node_modules/@testing-library/user-event/dist/cjs/keyboard/index.js:11:15)
      at Object.type 
(node_modules/@testing-library/user-event/dist/cjs/utility/type.js:17:5)
      at Object.<anonymous> (src/profile/profile.test.tsx:271:9)

    console.error
      Warning: An update to ProfilePage inside a test was not wrapped in 
act(...).
      
      When testing, code that causes React state updates should be wrapped 
into act(...):
      
      act(() => {
        /* fire events that update state */
      });
      /* assert on the output */
      
      This ensures that you're testing the behavior the user would see in the 
browser. Learn more at https://reactjs.org/link/wrap-tests-with-act
          at ProfilePage 
(C:\Users\samhe\OneDrive\Desktop\Cleaned\frontend\src\profile\index.tsx:25:41)
          at basenameProp (C:\Users\samhe\OneDrive\Desktop\Cleaned\frontend\nod
e_modules\react-router\lib\components.tsx:421:13)
          at basename (C:\Users\samhe\OneDrive\Desktop\Cleaned\frontend\node_mo
dules\react-router\lib\components.tsx:225:3)

      180 |               className="border border-gray-300 rounded-md px-3 
py-2 text-sm"
      181 |               value={newPassword}
    > 182 |               onChange={e => setNewPassword(e.target.value)}
          |                              ^
      183 |             />
      184 |             <p className="text-xs text-gray-500">
      185 |               Minimum 8 characters, at least 1 uppercase letter 
and 1 number.

      at printWarning 
(node_modules/react-dom/cjs/react-dom.development.js:86:30)
      at error (node_modules/react-dom/cjs/react-dom.development.js:60:7)
      at warnIfUpdatesNotWrappedWithActDEV 
(node_modules/react-dom/cjs/react-dom.development.js:27628:9)
      at scheduleUpdateOnFiber 
(node_modules/react-dom/cjs/react-dom.development.js:25547:5)
      at dispatchSetState 
(node_modules/react-dom/cjs/react-dom.development.js:16708:7)
      at onChange (src/profile/index.tsx:182:30)
      at HTMLUnknownElement.callCallback 
(node_modules/react-dom/cjs/react-dom.development.js:4164:14)
      at HTMLUnknownElement.callTheUserObjectsOperation 
(node_modules/jsdom/lib/jsdom/living/generated/EventListener.js:26:30)
      at innerInvokeEventListeners 
(node_modules/jsdom/lib/jsdom/living/events/EventTarget-impl.js:350:25)
      at invokeEventListeners 
(node_modules/jsdom/lib/jsdom/living/events/EventTarget-impl.js:286:3)
      at HTMLUnknownElementImpl._dispatch 
(node_modules/jsdom/lib/jsdom/living/events/EventTarget-impl.js:233:9)
      at HTMLUnknownElementImpl.dispatchEvent 
(node_modules/jsdom/lib/jsdom/living/events/EventTarget-impl.js:104:17)
      at HTMLUnknownElement.dispatchEvent 
(node_modules/jsdom/lib/jsdom/living/generated/EventTarget.js:241:34)
      at Object.invokeGuardedCallbackDev 
(node_modules/react-dom/cjs/react-dom.development.js:4213:16)
      at invokeGuardedCallback 
(node_modules/react-dom/cjs/react-dom.development.js:4277:31)
      at invokeGuardedCallbackAndCatchFirstError 
(node_modules/react-dom/cjs/react-dom.development.js:4291:25)
      at executeDispatch 
(node_modules/react-dom/cjs/react-dom.development.js:9041:3)
      at processDispatchQueueItemsInOrder 
(node_modules/react-dom/cjs/react-dom.development.js:9073:7)
      at processDispatchQueue 
(node_modules/react-dom/cjs/react-dom.development.js:9086:5)
      at dispatchEventsForPlugins 
(node_modules/react-dom/cjs/react-dom.development.js:9097:3)
      at node_modules/react-dom/cjs/react-dom.development.js:9288:12
      at batchedUpdates$1 
(node_modules/react-dom/cjs/react-dom.development.js:26179:12)
      at batchedUpdates 
(node_modules/react-dom/cjs/react-dom.development.js:3991:12)
      at dispatchEventForPluginEventSystem 
(node_modules/react-dom/cjs/react-dom.development.js:9287:3)
      at dispatchEventWithEnableCapturePhaseSelectiveHydrationWithoutDiscreteEv
entReplay (node_modules/react-dom/cjs/react-dom.development.js:6465:5)
      at dispatchEvent 
(node_modules/react-dom/cjs/react-dom.development.js:6457:5)
      at dispatchDiscreteEvent 
(node_modules/react-dom/cjs/react-dom.development.js:6430:5)
      at HTMLDivElement.callTheUserObjectsOperation 
(node_modules/jsdom/lib/jsdom/living/generated/EventListener.js:26:30)
      at innerInvokeEventListeners 
(node_modules/jsdom/lib/jsdom/living/events/EventTarget-impl.js:350:25)
      at invokeEventListeners 
(node_modules/jsdom/lib/jsdom/living/events/EventTarget-impl.js:286:3)
      at HTMLInputElementImpl._dispatch 
(node_modules/jsdom/lib/jsdom/living/events/EventTarget-impl.js:233:9)
      at HTMLInputElementImpl.dispatchEvent 
(node_modules/jsdom/lib/jsdom/living/events/EventTarget-impl.js:104:17)
      at HTMLInputElement.dispatchEvent 
(node_modules/jsdom/lib/jsdom/living/generated/EventTarget.js:241:34)
      at 
node_modules/@testing-library/user-event/dist/cjs/event/dispatchEvent.js:45:43
      at Object.eventWrapper 
(node_modules/@testing-library/dom/dist/config.js:25:23)
      at Object.wrapEvent 
(node_modules/@testing-library/user-event/dist/cjs/event/wrapEvent.js:6:28)
      at Object.dispatchEvent (node_modules/@testing-library/user-event/dist/cj
s/event/dispatchEvent.js:45:22)
      at Object.dispatchUIEvent (node_modules/@testing-library/user-event/dist/
cjs/event/dispatchEvent.js:22:26)
      at commitInput 
(node_modules/@testing-library/user-event/dist/cjs/event/input.js:145:14)
      at editInputElement 
(node_modules/@testing-library/user-event/dist/cjs/event/input.js:115:9)
      at Object.input 
(node_modules/@testing-library/user-event/dist/cjs/event/input.js:37:9)
      at node_modules/@testing-library/user-event/dist/cjs/event/behavior/keypr
ess.js:31:26
      at Object.dispatchEvent (node_modules/@testing-library/user-event/dist/cj
s/event/dispatchEvent.js:41:13)
      at Object.dispatchUIEvent (node_modules/@testing-library/user-event/dist/
cjs/event/dispatchEvent.js:22:26)
      at KeyboardHost.keydown 
(node_modules/@testing-library/user-event/dist/cjs/system/keyboard.js:76:22)
      at keyboardAction 
(node_modules/@testing-library/user-event/dist/cjs/keyboard/index.js:22:35)
      at Object.keyboard 
(node_modules/@testing-library/user-event/dist/cjs/keyboard/index.js:11:15)
      at Object.type 
(node_modules/@testing-library/user-event/dist/cjs/utility/type.js:17:5)
      at Object.<anonymous> (src/profile/profile.test.tsx:271:9)

    console.error
      Warning: An update to ProfilePage inside a test was not wrapped in 
act(...).
      
      When testing, code that causes React state updates should be wrapped 
into act(...):
      
      act(() => {
        /* fire events that update state */
      });
      /* assert on the output */
      
      This ensures that you're testing the behavior the user would see in the 
browser. Learn more at https://reactjs.org/link/wrap-tests-with-act
          at ProfilePage 
(C:\Users\samhe\OneDrive\Desktop\Cleaned\frontend\src\profile\index.tsx:25:41)
          at basenameProp (C:\Users\samhe\OneDrive\Desktop\Cleaned\frontend\nod
e_modules\react-router\lib\components.tsx:421:13)
          at basename (C:\Users\samhe\OneDrive\Desktop\Cleaned\frontend\node_mo
dules\react-router\lib\components.tsx:225:3)

      180 |               className="border border-gray-300 rounded-md px-3 
py-2 text-sm"
      181 |               value={newPassword}
    > 182 |               onChange={e => setNewPassword(e.target.value)}
          |                              ^
      183 |             />
      184 |             <p className="text-xs text-gray-500">
      185 |               Minimum 8 characters, at least 1 uppercase letter 
and 1 number.

      at printWarning 
(node_modules/react-dom/cjs/react-dom.development.js:86:30)
      at error (node_modules/react-dom/cjs/react-dom.development.js:60:7)
      at warnIfUpdatesNotWrappedWithActDEV 
(node_modules/react-dom/cjs/react-dom.development.js:27628:9)
      at scheduleUpdateOnFiber 
(node_modules/react-dom/cjs/react-dom.development.js:25547:5)
      at dispatchSetState 
(node_modules/react-dom/cjs/react-dom.development.js:16708:7)
      at onChange (src/profile/index.tsx:182:30)
      at HTMLUnknownElement.callCallback 
(node_modules/react-dom/cjs/react-dom.development.js:4164:14)
      at HTMLUnknownElement.callTheUserObjectsOperation 
(node_modules/jsdom/lib/jsdom/living/generated/EventListener.js:26:30)
      at innerInvokeEventListeners 
(node_modules/jsdom/lib/jsdom/living/events/EventTarget-impl.js:350:25)
      at invokeEventListeners 
(node_modules/jsdom/lib/jsdom/living/events/EventTarget-impl.js:286:3)
      at HTMLUnknownElementImpl._dispatch 
(node_modules/jsdom/lib/jsdom/living/events/EventTarget-impl.js:233:9)
      at HTMLUnknownElementImpl.dispatchEvent 
(node_modules/jsdom/lib/jsdom/living/events/EventTarget-impl.js:104:17)
      at HTMLUnknownElement.dispatchEvent 
(node_modules/jsdom/lib/jsdom/living/generated/EventTarget.js:241:34)
      at Object.invokeGuardedCallbackDev 
(node_modules/react-dom/cjs/react-dom.development.js:4213:16)
      at invokeGuardedCallback 
(node_modules/react-dom/cjs/react-dom.development.js:4277:31)
      at invokeGuardedCallbackAndCatchFirstError 
(node_modules/react-dom/cjs/react-dom.development.js:4291:25)
      at executeDispatch 
(node_modules/react-dom/cjs/react-dom.development.js:9041:3)
      at processDispatchQueueItemsInOrder 
(node_modules/react-dom/cjs/react-dom.development.js:9073:7)
      at processDispatchQueue 
(node_modules/react-dom/cjs/react-dom.development.js:9086:5)
      at dispatchEventsForPlugins 
(node_modules/react-dom/cjs/react-dom.development.js:9097:3)
      at node_modules/react-dom/cjs/react-dom.development.js:9288:12
      at batchedUpdates$1 
(node_modules/react-dom/cjs/react-dom.development.js:26179:12)
      at batchedUpdates 
(node_modules/react-dom/cjs/react-dom.development.js:3991:12)
      at dispatchEventForPluginEventSystem 
(node_modules/react-dom/cjs/react-dom.development.js:9287:3)
      at dispatchEventWithEnableCapturePhaseSelectiveHydrationWithoutDiscreteEv
entReplay (node_modules/react-dom/cjs/react-dom.development.js:6465:5)
      at dispatchEvent 
(node_modules/react-dom/cjs/react-dom.development.js:6457:5)
      at dispatchDiscreteEvent 
(node_modules/react-dom/cjs/react-dom.development.js:6430:5)
      at HTMLDivElement.callTheUserObjectsOperation 
(node_modules/jsdom/lib/jsdom/living/generated/EventListener.js:26:30)
      at innerInvokeEventListeners 
(node_modules/jsdom/lib/jsdom/living/events/EventTarget-impl.js:350:25)
      at invokeEventListeners 
(node_modules/jsdom/lib/jsdom/living/events/EventTarget-impl.js:286:3)
      at HTMLInputElementImpl._dispatch 
(node_modules/jsdom/lib/jsdom/living/events/EventTarget-impl.js:233:9)
      at HTMLInputElementImpl.dispatchEvent 
(node_modules/jsdom/lib/jsdom/living/events/EventTarget-impl.js:104:17)
      at HTMLInputElement.dispatchEvent 
(node_modules/jsdom/lib/jsdom/living/generated/EventTarget.js:241:34)
      at 
node_modules/@testing-library/user-event/dist/cjs/event/dispatchEvent.js:45:43
      at Object.eventWrapper 
(node_modules/@testing-library/dom/dist/config.js:25:23)
      at Object.wrapEvent 
(node_modules/@testing-library/user-event/dist/cjs/event/wrapEvent.js:6:28)
      at Object.dispatchEvent (node_modules/@testing-library/user-event/dist/cj
s/event/dispatchEvent.js:45:22)
      at Object.dispatchUIEvent (node_modules/@testing-library/user-event/dist/
cjs/event/dispatchEvent.js:22:26)
      at commitInput 
(node_modules/@testing-library/user-event/dist/cjs/event/input.js:145:14)
      at editInputElement 
(node_modules/@testing-library/user-event/dist/cjs/event/input.js:115:9)
      at Object.input 
(node_modules/@testing-library/user-event/dist/cjs/event/input.js:37:9)
      at node_modules/@testing-library/user-event/dist/cjs/event/behavior/keypr
ess.js:31:26
      at Object.dispatchEvent (node_modules/@testing-library/user-event/dist/cj
s/event/dispatchEvent.js:41:13)
      at Object.dispatchUIEvent (node_modules/@testing-library/user-event/dist/
cjs/event/dispatchEvent.js:22:26)
      at KeyboardHost.keydown 
(node_modules/@testing-library/user-event/dist/cjs/system/keyboard.js:76:22)
      at keyboardAction 
(node_modules/@testing-library/user-event/dist/cjs/keyboard/index.js:22:35)
      at Object.keyboard 
(node_modules/@testing-library/user-event/dist/cjs/keyboard/index.js:11:15)
      at Object.type 
(node_modules/@testing-library/user-event/dist/cjs/utility/type.js:17:5)
      at Object.<anonymous> (src/profile/profile.test.tsx:271:9)

    console.error
      Warning: An update to ProfilePage inside a test was not wrapped in 
act(...).
      
      When testing, code that causes React state updates should be wrapped 
into act(...):
      
      act(() => {
        /* fire events that update state */
      });
      /* assert on the output */
      
      This ensures that you're testing the behavior the user would see in the 
browser. Learn more at https://reactjs.org/link/wrap-tests-with-act
          at ProfilePage 
(C:\Users\samhe\OneDrive\Desktop\Cleaned\frontend\src\profile\index.tsx:25:41)
          at basenameProp (C:\Users\samhe\OneDrive\Desktop\Cleaned\frontend\nod
e_modules\react-router\lib\components.tsx:421:13)
          at basename (C:\Users\samhe\OneDrive\Desktop\Cleaned\frontend\node_mo
dules\react-router\lib\components.tsx:225:3)

      180 |               className="border border-gray-300 rounded-md px-3 
py-2 text-sm"
      181 |               value={newPassword}
    > 182 |               onChange={e => setNewPassword(e.target.value)}
          |                              ^
      183 |             />
      184 |             <p className="text-xs text-gray-500">
      185 |               Minimum 8 characters, at least 1 uppercase letter 
and 1 number.

      at printWarning 
(node_modules/react-dom/cjs/react-dom.development.js:86:30)
      at error (node_modules/react-dom/cjs/react-dom.development.js:60:7)
      at warnIfUpdatesNotWrappedWithActDEV 
(node_modules/react-dom/cjs/react-dom.development.js:27628:9)
      at scheduleUpdateOnFiber 
(node_modules/react-dom/cjs/react-dom.development.js:25547:5)
      at dispatchSetState 
(node_modules/react-dom/cjs/react-dom.development.js:16708:7)
      at onChange (src/profile/index.tsx:182:30)
      at HTMLUnknownElement.callCallback 
(node_modules/react-dom/cjs/react-dom.development.js:4164:14)
      at HTMLUnknownElement.callTheUserObjectsOperation 
(node_modules/jsdom/lib/jsdom/living/generated/EventListener.js:26:30)
      at innerInvokeEventListeners 
(node_modules/jsdom/lib/jsdom/living/events/EventTarget-impl.js:350:25)
      at invokeEventListeners 
(node_modules/jsdom/lib/jsdom/living/events/EventTarget-impl.js:286:3)
      at HTMLUnknownElementImpl._dispatch 
(node_modules/jsdom/lib/jsdom/living/events/EventTarget-impl.js:233:9)
      at HTMLUnknownElementImpl.dispatchEvent 
(node_modules/jsdom/lib/jsdom/living/events/EventTarget-impl.js:104:17)
      at HTMLUnknownElement.dispatchEvent 
(node_modules/jsdom/lib/jsdom/living/generated/EventTarget.js:241:34)
      at Object.invokeGuardedCallbackDev 
(node_modules/react-dom/cjs/react-dom.development.js:4213:16)
      at invokeGuardedCallback 
(node_modules/react-dom/cjs/react-dom.development.js:4277:31)
      at invokeGuardedCallbackAndCatchFirstError 
(node_modules/react-dom/cjs/react-dom.development.js:4291:25)
      at executeDispatch 
(node_modules/react-dom/cjs/react-dom.development.js:9041:3)
      at processDispatchQueueItemsInOrder 
(node_modules/react-dom/cjs/react-dom.development.js:9073:7)
      at processDispatchQueue 
(node_modules/react-dom/cjs/react-dom.development.js:9086:5)
      at dispatchEventsForPlugins 
(node_modules/react-dom/cjs/react-dom.development.js:9097:3)
      at node_modules/react-dom/cjs/react-dom.development.js:9288:12
      at batchedUpdates$1 
(node_modules/react-dom/cjs/react-dom.development.js:26179:12)
      at batchedUpdates 
(node_modules/react-dom/cjs/react-dom.development.js:3991:12)
      at dispatchEventForPluginEventSystem 
(node_modules/react-dom/cjs/react-dom.development.js:9287:3)
      at dispatchEventWithEnableCapturePhaseSelectiveHydrationWithoutDiscreteEv
entReplay (node_modules/react-dom/cjs/react-dom.development.js:6465:5)
      at dispatchEvent 
(node_modules/react-dom/cjs/react-dom.development.js:6457:5)
      at dispatchDiscreteEvent 
(node_modules/react-dom/cjs/react-dom.development.js:6430:5)
      at HTMLDivElement.callTheUserObjectsOperation 
(node_modules/jsdom/lib/jsdom/living/generated/EventListener.js:26:30)
      at innerInvokeEventListeners 
(node_modules/jsdom/lib/jsdom/living/events/EventTarget-impl.js:350:25)
      at invokeEventListeners 
(node_modules/jsdom/lib/jsdom/living/events/EventTarget-impl.js:286:3)
      at HTMLInputElementImpl._dispatch 
(node_modules/jsdom/lib/jsdom/living/events/EventTarget-impl.js:233:9)
      at HTMLInputElementImpl.dispatchEvent 
(node_modules/jsdom/lib/jsdom/living/events/EventTarget-impl.js:104:17)
      at HTMLInputElement.dispatchEvent 
(node_modules/jsdom/lib/jsdom/living/generated/EventTarget.js:241:34)
      at 
node_modules/@testing-library/user-event/dist/cjs/event/dispatchEvent.js:45:43
      at Object.eventWrapper 
(node_modules/@testing-library/dom/dist/config.js:25:23)
      at Object.wrapEvent 
(node_modules/@testing-library/user-event/dist/cjs/event/wrapEvent.js:6:28)
      at Object.dispatchEvent (node_modules/@testing-library/user-event/dist/cj
s/event/dispatchEvent.js:45:22)
      at Object.dispatchUIEvent (node_modules/@testing-library/user-event/dist/
cjs/event/dispatchEvent.js:22:26)
      at commitInput 
(node_modules/@testing-library/user-event/dist/cjs/event/input.js:145:14)
      at editInputElement 
(node_modules/@testing-library/user-event/dist/cjs/event/input.js:115:9)
      at Object.input 
(node_modules/@testing-library/user-event/dist/cjs/event/input.js:37:9)
      at node_modules/@testing-library/user-event/dist/cjs/event/behavior/keypr
ess.js:31:26
      at Object.dispatchEvent (node_modules/@testing-library/user-event/dist/cj
s/event/dispatchEvent.js:41:13)
      at Object.dispatchUIEvent (node_modules/@testing-library/user-event/dist/
cjs/event/dispatchEvent.js:22:26)
      at KeyboardHost.keydown 
(node_modules/@testing-library/user-event/dist/cjs/system/keyboard.js:76:22)
      at keyboardAction 
(node_modules/@testing-library/user-event/dist/cjs/keyboard/index.js:22:35)
      at Object.keyboard 
(node_modules/@testing-library/user-event/dist/cjs/keyboard/index.js:11:15)
      at Object.type 
(node_modules/@testing-library/user-event/dist/cjs/utility/type.js:17:5)
      at Object.<anonymous> (src/profile/profile.test.tsx:271:9)

    console.error
      Warning: An update to ProfilePage inside a test was not wrapped in 
act(...).
      
      When testing, code that causes React state updates should be wrapped 
into act(...):
      
      act(() => {
        /* fire events that update state */
      });
      /* assert on the output */
      
      This ensures that you're testing the behavior the user would see in the 
browser. Learn more at https://reactjs.org/link/wrap-tests-with-act
          at ProfilePage 
(C:\Users\samhe\OneDrive\Desktop\Cleaned\frontend\src\profile\index.tsx:25:41)
          at basenameProp (C:\Users\samhe\OneDrive\Desktop\Cleaned\frontend\nod
e_modules\react-router\lib\components.tsx:421:13)
          at basename (C:\Users\samhe\OneDrive\Desktop\Cleaned\frontend\node_mo
dules\react-router\lib\components.tsx:225:3)

      180 |               className="border border-gray-300 rounded-md px-3 
py-2 text-sm"
      181 |               value={newPassword}
    > 182 |               onChange={e => setNewPassword(e.target.value)}
          |                              ^
      183 |             />
      184 |             <p className="text-xs text-gray-500">
      185 |               Minimum 8 characters, at least 1 uppercase letter 
and 1 number.

      at printWarning 
(node_modules/react-dom/cjs/react-dom.development.js:86:30)
      at error (node_modules/react-dom/cjs/react-dom.development.js:60:7)
      at warnIfUpdatesNotWrappedWithActDEV 
(node_modules/react-dom/cjs/react-dom.development.js:27628:9)
      at scheduleUpdateOnFiber 
(node_modules/react-dom/cjs/react-dom.development.js:25547:5)
      at dispatchSetState 
(node_modules/react-dom/cjs/react-dom.development.js:16708:7)
      at onChange (src/profile/index.tsx:182:30)
      at HTMLUnknownElement.callCallback 
(node_modules/react-dom/cjs/react-dom.development.js:4164:14)
      at HTMLUnknownElement.callTheUserObjectsOperation 
(node_modules/jsdom/lib/jsdom/living/generated/EventListener.js:26:30)
      at innerInvokeEventListeners 
(node_modules/jsdom/lib/jsdom/living/events/EventTarget-impl.js:350:25)
      at invokeEventListeners 
(node_modules/jsdom/lib/jsdom/living/events/EventTarget-impl.js:286:3)
      at HTMLUnknownElementImpl._dispatch 
(node_modules/jsdom/lib/jsdom/living/events/EventTarget-impl.js:233:9)
      at HTMLUnknownElementImpl.dispatchEvent 
(node_modules/jsdom/lib/jsdom/living/events/EventTarget-impl.js:104:17)
      at HTMLUnknownElement.dispatchEvent 
(node_modules/jsdom/lib/jsdom/living/generated/EventTarget.js:241:34)
      at Object.invokeGuardedCallbackDev 
(node_modules/react-dom/cjs/react-dom.development.js:4213:16)
      at invokeGuardedCallback 
(node_modules/react-dom/cjs/react-dom.development.js:4277:31)
      at invokeGuardedCallbackAndCatchFirstError 
(node_modules/react-dom/cjs/react-dom.development.js:4291:25)
      at executeDispatch 
(node_modules/react-dom/cjs/react-dom.development.js:9041:3)
      at processDispatchQueueItemsInOrder 
(node_modules/react-dom/cjs/react-dom.development.js:9073:7)
      at processDispatchQueue 
(node_modules/react-dom/cjs/react-dom.development.js:9086:5)
      at dispatchEventsForPlugins 
(node_modules/react-dom/cjs/react-dom.development.js:9097:3)
      at node_modules/react-dom/cjs/react-dom.development.js:9288:12
      at batchedUpdates$1 
(node_modules/react-dom/cjs/react-dom.development.js:26179:12)
      at batchedUpdates 
(node_modules/react-dom/cjs/react-dom.development.js:3991:12)
      at dispatchEventForPluginEventSystem 
(node_modules/react-dom/cjs/react-dom.development.js:9287:3)
      at dispatchEventWithEnableCapturePhaseSelectiveHydrationWithoutDiscreteEv
entReplay (node_modules/react-dom/cjs/react-dom.development.js:6465:5)
      at dispatchEvent 
(node_modules/react-dom/cjs/react-dom.development.js:6457:5)
      at dispatchDiscreteEvent 
(node_modules/react-dom/cjs/react-dom.development.js:6430:5)
      at HTMLDivElement.callTheUserObjectsOperation 
(node_modules/jsdom/lib/jsdom/living/generated/EventListener.js:26:30)
      at innerInvokeEventListeners 
(node_modules/jsdom/lib/jsdom/living/events/EventTarget-impl.js:350:25)
      at invokeEventListeners 
(node_modules/jsdom/lib/jsdom/living/events/EventTarget-impl.js:286:3)
      at HTMLInputElementImpl._dispatch 
(node_modules/jsdom/lib/jsdom/living/events/EventTarget-impl.js:233:9)
      at HTMLInputElementImpl.dispatchEvent 
(node_modules/jsdom/lib/jsdom/living/events/EventTarget-impl.js:104:17)
      at HTMLInputElement.dispatchEvent 
(node_modules/jsdom/lib/jsdom/living/generated/EventTarget.js:241:34)
      at 
node_modules/@testing-library/user-event/dist/cjs/event/dispatchEvent.js:45:43
      at Object.eventWrapper 
(node_modules/@testing-library/dom/dist/config.js:25:23)
      at Object.wrapEvent 
(node_modules/@testing-library/user-event/dist/cjs/event/wrapEvent.js:6:28)
      at Object.dispatchEvent (node_modules/@testing-library/user-event/dist/cj
s/event/dispatchEvent.js:45:22)
      at Object.dispatchUIEvent (node_modules/@testing-library/user-event/dist/
cjs/event/dispatchEvent.js:22:26)
      at commitInput 
(node_modules/@testing-library/user-event/dist/cjs/event/input.js:145:14)
      at editInputElement 
(node_modules/@testing-library/user-event/dist/cjs/event/input.js:115:9)
      at Object.input 
(node_modules/@testing-library/user-event/dist/cjs/event/input.js:37:9)
      at node_modules/@testing-library/user-event/dist/cjs/event/behavior/keypr
ess.js:31:26
      at Object.dispatchEvent (node_modules/@testing-library/user-event/dist/cj
s/event/dispatchEvent.js:41:13)
      at Object.dispatchUIEvent (node_modules/@testing-library/user-event/dist/
cjs/event/dispatchEvent.js:22:26)
      at KeyboardHost.keydown 
(node_modules/@testing-library/user-event/dist/cjs/system/keyboard.js:76:22)
      at keyboardAction 
(node_modules/@testing-library/user-event/dist/cjs/keyboard/index.js:22:35)
      at Object.keyboard 
(node_modules/@testing-library/user-event/dist/cjs/keyboard/index.js:11:15)
      at Object.type 
(node_modules/@testing-library/user-event/dist/cjs/utility/type.js:17:5)
      at Object.<anonymous> (src/profile/profile.test.tsx:271:9)

    console.error
      Warning: An update to ProfilePage inside a test was not wrapped in 
act(...).
      
      When testing, code that causes React state updates should be wrapped 
into act(...):
      
      act(() => {
        /* fire events that update state */
      });
      /* assert on the output */
      
      This ensures that you're testing the behavior the user would see in the 
browser. Learn more at https://reactjs.org/link/wrap-tests-with-act
          at ProfilePage 
(C:\Users\samhe\OneDrive\Desktop\Cleaned\frontend\src\profile\index.tsx:25:41)
          at basenameProp (C:\Users\samhe\OneDrive\Desktop\Cleaned\frontend\nod
e_modules\react-router\lib\components.tsx:421:13)
          at basename (C:\Users\samhe\OneDrive\Desktop\Cleaned\frontend\node_mo
dules\react-router\lib\components.tsx:225:3)

      180 |               className="border border-gray-300 rounded-md px-3 
py-2 text-sm"
      181 |               value={newPassword}
    > 182 |               onChange={e => setNewPassword(e.target.value)}
          |                              ^
      183 |             />
      184 |             <p className="text-xs text-gray-500">
      185 |               Minimum 8 characters, at least 1 uppercase letter 
and 1 number.

      at printWarning 
(node_modules/react-dom/cjs/react-dom.development.js:86:30)
      at error (node_modules/react-dom/cjs/react-dom.development.js:60:7)
      at warnIfUpdatesNotWrappedWithActDEV 
(node_modules/react-dom/cjs/react-dom.development.js:27628:9)
      at scheduleUpdateOnFiber 
(node_modules/react-dom/cjs/react-dom.development.js:25547:5)
      at dispatchSetState 
(node_modules/react-dom/cjs/react-dom.development.js:16708:7)
      at onChange (src/profile/index.tsx:182:30)
      at HTMLUnknownElement.callCallback 
(node_modules/react-dom/cjs/react-dom.development.js:4164:14)
      at HTMLUnknownElement.callTheUserObjectsOperation 
(node_modules/jsdom/lib/jsdom/living/generated/EventListener.js:26:30)
      at innerInvokeEventListeners 
(node_modules/jsdom/lib/jsdom/living/events/EventTarget-impl.js:350:25)
      at invokeEventListeners 
(node_modules/jsdom/lib/jsdom/living/events/EventTarget-impl.js:286:3)
      at HTMLUnknownElementImpl._dispatch 
(node_modules/jsdom/lib/jsdom/living/events/EventTarget-impl.js:233:9)
      at HTMLUnknownElementImpl.dispatchEvent 
(node_modules/jsdom/lib/jsdom/living/events/EventTarget-impl.js:104:17)
      at HTMLUnknownElement.dispatchEvent 
(node_modules/jsdom/lib/jsdom/living/generated/EventTarget.js:241:34)
      at Object.invokeGuardedCallbackDev 
(node_modules/react-dom/cjs/react-dom.development.js:4213:16)
      at invokeGuardedCallback 
(node_modules/react-dom/cjs/react-dom.development.js:4277:31)
      at invokeGuardedCallbackAndCatchFirstError 
(node_modules/react-dom/cjs/react-dom.development.js:4291:25)
      at executeDispatch 
(node_modules/react-dom/cjs/react-dom.development.js:9041:3)
      at processDispatchQueueItemsInOrder 
(node_modules/react-dom/cjs/react-dom.development.js:9073:7)
      at processDispatchQueue 
(node_modules/react-dom/cjs/react-dom.development.js:9086:5)
      at dispatchEventsForPlugins 
(node_modules/react-dom/cjs/react-dom.development.js:9097:3)
      at node_modules/react-dom/cjs/react-dom.development.js:9288:12
      at batchedUpdates$1 
(node_modules/react-dom/cjs/react-dom.development.js:26179:12)
      at batchedUpdates 
(node_modules/react-dom/cjs/react-dom.development.js:3991:12)
      at dispatchEventForPluginEventSystem 
(node_modules/react-dom/cjs/react-dom.development.js:9287:3)
      at dispatchEventWithEnableCapturePhaseSelectiveHydrationWithoutDiscreteEv
entReplay (node_modules/react-dom/cjs/react-dom.development.js:6465:5)
      at dispatchEvent 
(node_modules/react-dom/cjs/react-dom.development.js:6457:5)
      at dispatchDiscreteEvent 
(node_modules/react-dom/cjs/react-dom.development.js:6430:5)
      at HTMLDivElement.callTheUserObjectsOperation 
(node_modules/jsdom/lib/jsdom/living/generated/EventListener.js:26:30)
      at innerInvokeEventListeners 
(node_modules/jsdom/lib/jsdom/living/events/EventTarget-impl.js:350:25)
      at invokeEventListeners 
(node_modules/jsdom/lib/jsdom/living/events/EventTarget-impl.js:286:3)
      at HTMLInputElementImpl._dispatch 
(node_modules/jsdom/lib/jsdom/living/events/EventTarget-impl.js:233:9)
      at HTMLInputElementImpl.dispatchEvent 
(node_modules/jsdom/lib/jsdom/living/events/EventTarget-impl.js:104:17)
      at HTMLInputElement.dispatchEvent 
(node_modules/jsdom/lib/jsdom/living/generated/EventTarget.js:241:34)
      at 
node_modules/@testing-library/user-event/dist/cjs/event/dispatchEvent.js:45:43
      at Object.eventWrapper 
(node_modules/@testing-library/dom/dist/config.js:25:23)
      at Object.wrapEvent 
(node_modules/@testing-library/user-event/dist/cjs/event/wrapEvent.js:6:28)
      at Object.dispatchEvent (node_modules/@testing-library/user-event/dist/cj
s/event/dispatchEvent.js:45:22)
      at Object.dispatchUIEvent (node_modules/@testing-library/user-event/dist/
cjs/event/dispatchEvent.js:22:26)
      at commitInput 
(node_modules/@testing-library/user-event/dist/cjs/event/input.js:145:14)
      at editInputElement 
(node_modules/@testing-library/user-event/dist/cjs/event/input.js:115:9)
      at Object.input 
(node_modules/@testing-library/user-event/dist/cjs/event/input.js:37:9)
      at node_modules/@testing-library/user-event/dist/cjs/event/behavior/keypr
ess.js:31:26
      at Object.dispatchEvent (node_modules/@testing-library/user-event/dist/cj
s/event/dispatchEvent.js:41:13)
      at Object.dispatchUIEvent (node_modules/@testing-library/user-event/dist/
cjs/event/dispatchEvent.js:22:26)
      at KeyboardHost.keydown 
(node_modules/@testing-library/user-event/dist/cjs/system/keyboard.js:76:22)
      at keyboardAction 
(node_modules/@testing-library/user-event/dist/cjs/keyboard/index.js:22:35)
      at Object.keyboard 
(node_modules/@testing-library/user-event/dist/cjs/keyboard/index.js:11:15)
      at Object.type 
(node_modules/@testing-library/user-event/dist/cjs/utility/type.js:17:5)
      at Object.<anonymous> (src/profile/profile.test.tsx:271:9)

    console.error
      Warning: An update to ProfilePage inside a test was not wrapped in 
act(...).
      
      When testing, code that causes React state updates should be wrapped 
into act(...):
      
      act(() => {
        /* fire events that update state */
      });
      /* assert on the output */
      
      This ensures that you're testing the behavior the user would see in the 
browser. Learn more at https://reactjs.org/link/wrap-tests-with-act
          at ProfilePage 
(C:\Users\samhe\OneDrive\Desktop\Cleaned\frontend\src\profile\index.tsx:25:41)
          at basenameProp (C:\Users\samhe\OneDrive\Desktop\Cleaned\frontend\nod
e_modules\react-router\lib\components.tsx:421:13)
          at basename (C:\Users\samhe\OneDrive\Desktop\Cleaned\frontend\node_mo
dules\react-router\lib\components.tsx:225:3)

      180 |               className="border border-gray-300 rounded-md px-3 
py-2 text-sm"
      181 |               value={newPassword}
    > 182 |               onChange={e => setNewPassword(e.target.value)}
          |                              ^
      183 |             />
      184 |             <p className="text-xs text-gray-500">
      185 |               Minimum 8 characters, at least 1 uppercase letter 
and 1 number.

      at printWarning 
(node_modules/react-dom/cjs/react-dom.development.js:86:30)
      at error (node_modules/react-dom/cjs/react-dom.development.js:60:7)
      at warnIfUpdatesNotWrappedWithActDEV 
(node_modules/react-dom/cjs/react-dom.development.js:27628:9)
      at scheduleUpdateOnFiber 
(node_modules/react-dom/cjs/react-dom.development.js:25547:5)
      at dispatchSetState 
(node_modules/react-dom/cjs/react-dom.development.js:16708:7)
      at onChange (src/profile/index.tsx:182:30)
      at HTMLUnknownElement.callCallback 
(node_modules/react-dom/cjs/react-dom.development.js:4164:14)
      at HTMLUnknownElement.callTheUserObjectsOperation 
(node_modules/jsdom/lib/jsdom/living/generated/EventListener.js:26:30)
      at innerInvokeEventListeners 
(node_modules/jsdom/lib/jsdom/living/events/EventTarget-impl.js:350:25)
      at invokeEventListeners 
(node_modules/jsdom/lib/jsdom/living/events/EventTarget-impl.js:286:3)
      at HTMLUnknownElementImpl._dispatch 
(node_modules/jsdom/lib/jsdom/living/events/EventTarget-impl.js:233:9)
      at HTMLUnknownElementImpl.dispatchEvent 
(node_modules/jsdom/lib/jsdom/living/events/EventTarget-impl.js:104:17)
      at HTMLUnknownElement.dispatchEvent 
(node_modules/jsdom/lib/jsdom/living/generated/EventTarget.js:241:34)
      at Object.invokeGuardedCallbackDev 
(node_modules/react-dom/cjs/react-dom.development.js:4213:16)
      at invokeGuardedCallback 
(node_modules/react-dom/cjs/react-dom.development.js:4277:31)
      at invokeGuardedCallbackAndCatchFirstError 
(node_modules/react-dom/cjs/react-dom.development.js:4291:25)
      at executeDispatch 
(node_modules/react-dom/cjs/react-dom.development.js:9041:3)
      at processDispatchQueueItemsInOrder 
(node_modules/react-dom/cjs/react-dom.development.js:9073:7)
      at processDispatchQueue 
(node_modules/react-dom/cjs/react-dom.development.js:9086:5)
      at dispatchEventsForPlugins 
(node_modules/react-dom/cjs/react-dom.development.js:9097:3)
      at node_modules/react-dom/cjs/react-dom.development.js:9288:12
      at batchedUpdates$1 
(node_modules/react-dom/cjs/react-dom.development.js:26179:12)
      at batchedUpdates 
(node_modules/react-dom/cjs/react-dom.development.js:3991:12)
      at dispatchEventForPluginEventSystem 
(node_modules/react-dom/cjs/react-dom.development.js:9287:3)
      at dispatchEventWithEnableCapturePhaseSelectiveHydrationWithoutDiscreteEv
entReplay (node_modules/react-dom/cjs/react-dom.development.js:6465:5)
      at dispatchEvent 
(node_modules/react-dom/cjs/react-dom.development.js:6457:5)
      at dispatchDiscreteEvent 
(node_modules/react-dom/cjs/react-dom.development.js:6430:5)
      at HTMLDivElement.callTheUserObjectsOperation 
(node_modules/jsdom/lib/jsdom/living/generated/EventListener.js:26:30)
      at innerInvokeEventListeners 
(node_modules/jsdom/lib/jsdom/living/events/EventTarget-impl.js:350:25)
      at invokeEventListeners 
(node_modules/jsdom/lib/jsdom/living/events/EventTarget-impl.js:286:3)
      at HTMLInputElementImpl._dispatch 
(node_modules/jsdom/lib/jsdom/living/events/EventTarget-impl.js:233:9)
      at HTMLInputElementImpl.dispatchEvent 
(node_modules/jsdom/lib/jsdom/living/events/EventTarget-impl.js:104:17)
      at HTMLInputElement.dispatchEvent 
(node_modules/jsdom/lib/jsdom/living/generated/EventTarget.js:241:34)
      at 
node_modules/@testing-library/user-event/dist/cjs/event/dispatchEvent.js:45:43
      at Object.eventWrapper 
(node_modules/@testing-library/dom/dist/config.js:25:23)
      at Object.wrapEvent 
(node_modules/@testing-library/user-event/dist/cjs/event/wrapEvent.js:6:28)
      at Object.dispatchEvent (node_modules/@testing-library/user-event/dist/cj
s/event/dispatchEvent.js:45:22)
      at Object.dispatchUIEvent (node_modules/@testing-library/user-event/dist/
cjs/event/dispatchEvent.js:22:26)
      at commitInput 
(node_modules/@testing-library/user-event/dist/cjs/event/input.js:145:14)
      at editInputElement 
(node_modules/@testing-library/user-event/dist/cjs/event/input.js:115:9)
      at Object.input 
(node_modules/@testing-library/user-event/dist/cjs/event/input.js:37:9)
      at node_modules/@testing-library/user-event/dist/cjs/event/behavior/keypr
ess.js:31:26
      at Object.dispatchEvent (node_modules/@testing-library/user-event/dist/cj
s/event/dispatchEvent.js:41:13)
      at Object.dispatchUIEvent (node_modules/@testing-library/user-event/dist/
cjs/event/dispatchEvent.js:22:26)
      at KeyboardHost.keydown 
(node_modules/@testing-library/user-event/dist/cjs/system/keyboard.js:76:22)
      at keyboardAction 
(node_modules/@testing-library/user-event/dist/cjs/keyboard/index.js:22:35)
      at Object.keyboard 
(node_modules/@testing-library/user-event/dist/cjs/keyboard/index.js:11:15)
      at Object.type 
(node_modules/@testing-library/user-event/dist/cjs/utility/type.js:17:5)
      at Object.<anonymous> (src/profile/profile.test.tsx:271:9)

    console.error
      Warning: An update to ProfilePage inside a test was not wrapped in 
act(...).
      
      When testing, code that causes React state updates should be wrapped 
into act(...):
      
      act(() => {
        /* fire events that update state */
      });
      /* assert on the output */
      
      This ensures that you're testing the behavior the user would see in the 
browser. Learn more at https://reactjs.org/link/wrap-tests-with-act
          at ProfilePage 
(C:\Users\samhe\OneDrive\Desktop\Cleaned\frontend\src\profile\index.tsx:25:41)
          at basenameProp (C:\Users\samhe\OneDrive\Desktop\Cleaned\frontend\nod
e_modules\react-router\lib\components.tsx:421:13)
          at basename (C:\Users\samhe\OneDrive\Desktop\Cleaned\frontend\node_mo
dules\react-router\lib\components.tsx:225:3)

      196 |               className="border border-gray-300 rounded-md px-3 
py-2 text-sm"
      197 |               value={confirmPassword}
    > 198 |               onChange={e => setConfirmPassword(e.target.value)}
          |                              ^
      199 |             />
      200 |             {confirmPassword && !passwordsMatch && (
      201 |               <p className="text-sm text-red-600">Passwords do not 
match</p>

      at printWarning 
(node_modules/react-dom/cjs/react-dom.development.js:86:30)
      at error (node_modules/react-dom/cjs/react-dom.development.js:60:7)
      at warnIfUpdatesNotWrappedWithActDEV 
(node_modules/react-dom/cjs/react-dom.development.js:27628:9)
      at scheduleUpdateOnFiber 
(node_modules/react-dom/cjs/react-dom.development.js:25547:5)
      at dispatchSetState 
(node_modules/react-dom/cjs/react-dom.development.js:16708:7)
      at onChange (src/profile/index.tsx:198:30)
      at HTMLUnknownElement.callCallback 
(node_modules/react-dom/cjs/react-dom.development.js:4164:14)
      at HTMLUnknownElement.callTheUserObjectsOperation 
(node_modules/jsdom/lib/jsdom/living/generated/EventListener.js:26:30)
      at innerInvokeEventListeners 
(node_modules/jsdom/lib/jsdom/living/events/EventTarget-impl.js:350:25)
      at invokeEventListeners 
(node_modules/jsdom/lib/jsdom/living/events/EventTarget-impl.js:286:3)
      at HTMLUnknownElementImpl._dispatch 
(node_modules/jsdom/lib/jsdom/living/events/EventTarget-impl.js:233:9)
      at HTMLUnknownElementImpl.dispatchEvent 
(node_modules/jsdom/lib/jsdom/living/events/EventTarget-impl.js:104:17)
      at HTMLUnknownElement.dispatchEvent 
(node_modules/jsdom/lib/jsdom/living/generated/EventTarget.js:241:34)
      at Object.invokeGuardedCallbackDev 
(node_modules/react-dom/cjs/react-dom.development.js:4213:16)
      at invokeGuardedCallback 
(node_modules/react-dom/cjs/react-dom.development.js:4277:31)
      at invokeGuardedCallbackAndCatchFirstError 
(node_modules/react-dom/cjs/react-dom.development.js:4291:25)
      at executeDispatch 
(node_modules/react-dom/cjs/react-dom.development.js:9041:3)
      at processDispatchQueueItemsInOrder 
(node_modules/react-dom/cjs/react-dom.development.js:9073:7)
      at processDispatchQueue 
(node_modules/react-dom/cjs/react-dom.development.js:9086:5)
      at dispatchEventsForPlugins 
(node_modules/react-dom/cjs/react-dom.development.js:9097:3)
      at node_modules/react-dom/cjs/react-dom.development.js:9288:12
      at batchedUpdates$1 
(node_modules/react-dom/cjs/react-dom.development.js:26179:12)
      at batchedUpdates 
(node_modules/react-dom/cjs/react-dom.development.js:3991:12)
      at dispatchEventForPluginEventSystem 
(node_modules/react-dom/cjs/react-dom.development.js:9287:3)
      at dispatchEventWithEnableCapturePhaseSelectiveHydrationWithoutDiscreteEv
entReplay (node_modules/react-dom/cjs/react-dom.development.js:6465:5)
      at dispatchEvent 
(node_modules/react-dom/cjs/react-dom.development.js:6457:5)
      at dispatchDiscreteEvent 
(node_modules/react-dom/cjs/react-dom.development.js:6430:5)
      at HTMLDivElement.callTheUserObjectsOperation 
(node_modules/jsdom/lib/jsdom/living/generated/EventListener.js:26:30)
      at innerInvokeEventListeners 
(node_modules/jsdom/lib/jsdom/living/events/EventTarget-impl.js:350:25)
      at invokeEventListeners 
(node_modules/jsdom/lib/jsdom/living/events/EventTarget-impl.js:286:3)
      at HTMLInputElementImpl._dispatch 
(node_modules/jsdom/lib/jsdom/living/events/EventTarget-impl.js:233:9)
      at HTMLInputElementImpl.dispatchEvent 
(node_modules/jsdom/lib/jsdom/living/events/EventTarget-impl.js:104:17)
      at HTMLInputElement.dispatchEvent 
(node_modules/jsdom/lib/jsdom/living/generated/EventTarget.js:241:34)
      at 
node_modules/@testing-library/user-event/dist/cjs/event/dispatchEvent.js:45:43
      at Object.eventWrapper 
(node_modules/@testing-library/dom/dist/config.js:25:23)
      at Object.wrapEvent 
(node_modules/@testing-library/user-event/dist/cjs/event/wrapEvent.js:6:28)
      at Object.dispatchEvent (node_modules/@testing-library/user-event/dist/cj
s/event/dispatchEvent.js:45:22)
      at Object.dispatchUIEvent (node_modules/@testing-library/user-event/dist/
cjs/event/dispatchEvent.js:22:26)
      at commitInput 
(node_modules/@testing-library/user-event/dist/cjs/event/input.js:145:14)
      at editInputElement 
(node_modules/@testing-library/user-event/dist/cjs/event/input.js:115:9)
      at Object.input 
(node_modules/@testing-library/user-event/dist/cjs/event/input.js:37:9)
      at node_modules/@testing-library/user-event/dist/cjs/event/behavior/keypr
ess.js:31:26
      at Object.dispatchEvent (node_modules/@testing-library/user-event/dist/cj
s/event/dispatchEvent.js:41:13)
      at Object.dispatchUIEvent (node_modules/@testing-library/user-event/dist/
cjs/event/dispatchEvent.js:22:26)
      at KeyboardHost.keydown 
(node_modules/@testing-library/user-event/dist/cjs/system/keyboard.js:76:22)
      at keyboardAction 
(node_modules/@testing-library/user-event/dist/cjs/keyboard/index.js:22:35)
      at Object.keyboard 
(node_modules/@testing-library/user-event/dist/cjs/keyboard/index.js:11:15)
      at Object.type 
(node_modules/@testing-library/user-event/dist/cjs/utility/type.js:17:5)
      at Object.<anonymous> (src/profile/profile.test.tsx:272:9)

    console.error
      Warning: An update to ProfilePage inside a test was not wrapped in 
act(...).
      
      When testing, code that causes React state updates should be wrapped 
into act(...):
      
      act(() => {
        /* fire events that update state */
      });
      /* assert on the output */
      
      This ensures that you're testing the behavior the user would see in the 
browser. Learn more at https://reactjs.org/link/wrap-tests-with-act
          at ProfilePage 
(C:\Users\samhe\OneDrive\Desktop\Cleaned\frontend\src\profile\index.tsx:25:41)
          at basenameProp (C:\Users\samhe\OneDrive\Desktop\Cleaned\frontend\nod
e_modules\react-router\lib\components.tsx:421:13)
          at basename (C:\Users\samhe\OneDrive\Desktop\Cleaned\frontend\node_mo
dules\react-router\lib\components.tsx:225:3)

      196 |               className="border border-gray-300 rounded-md px-3 
py-2 text-sm"
      197 |               value={confirmPassword}
    > 198 |               onChange={e => setConfirmPassword(e.target.value)}
          |                              ^
      199 |             />
      200 |             {confirmPassword && !passwordsMatch && (
      201 |               <p className="text-sm text-red-600">Passwords do not 
match</p>

      at printWarning 
(node_modules/react-dom/cjs/react-dom.development.js:86:30)
      at error (node_modules/react-dom/cjs/react-dom.development.js:60:7)
      at warnIfUpdatesNotWrappedWithActDEV 
(node_modules/react-dom/cjs/react-dom.development.js:27628:9)
      at scheduleUpdateOnFiber 
(node_modules/react-dom/cjs/react-dom.development.js:25547:5)
      at dispatchSetState 
(node_modules/react-dom/cjs/react-dom.development.js:16708:7)
      at onChange (src/profile/index.tsx:198:30)
      at HTMLUnknownElement.callCallback 
(node_modules/react-dom/cjs/react-dom.development.js:4164:14)
      at HTMLUnknownElement.callTheUserObjectsOperation 
(node_modules/jsdom/lib/jsdom/living/generated/EventListener.js:26:30)
      at innerInvokeEventListeners 
(node_modules/jsdom/lib/jsdom/living/events/EventTarget-impl.js:350:25)
      at invokeEventListeners 
(node_modules/jsdom/lib/jsdom/living/events/EventTarget-impl.js:286:3)
      at HTMLUnknownElementImpl._dispatch 
(node_modules/jsdom/lib/jsdom/living/events/EventTarget-impl.js:233:9)
      at HTMLUnknownElementImpl.dispatchEvent 
(node_modules/jsdom/lib/jsdom/living/events/EventTarget-impl.js:104:17)
      at HTMLUnknownElement.dispatchEvent 
(node_modules/jsdom/lib/jsdom/living/generated/EventTarget.js:241:34)
      at Object.invokeGuardedCallbackDev 
(node_modules/react-dom/cjs/react-dom.development.js:4213:16)
      at invokeGuardedCallback 
(node_modules/react-dom/cjs/react-dom.development.js:4277:31)
      at invokeGuardedCallbackAndCatchFirstError 
(node_modules/react-dom/cjs/react-dom.development.js:4291:25)
      at executeDispatch 
(node_modules/react-dom/cjs/react-dom.development.js:9041:3)
      at processDispatchQueueItemsInOrder 
(node_modules/react-dom/cjs/react-dom.development.js:9073:7)
      at processDispatchQueue 
(node_modules/react-dom/cjs/react-dom.development.js:9086:5)
      at dispatchEventsForPlugins 
(node_modules/react-dom/cjs/react-dom.development.js:9097:3)
      at node_modules/react-dom/cjs/react-dom.development.js:9288:12
      at batchedUpdates$1 
(node_modules/react-dom/cjs/react-dom.development.js:26179:12)
      at batchedUpdates 
(node_modules/react-dom/cjs/react-dom.development.js:3991:12)
      at dispatchEventForPluginEventSystem 
(node_modules/react-dom/cjs/react-dom.development.js:9287:3)
      at dispatchEventWithEnableCapturePhaseSelectiveHydrationWithoutDiscreteEv
entReplay (node_modules/react-dom/cjs/react-dom.development.js:6465:5)
      at dispatchEvent 
(node_modules/react-dom/cjs/react-dom.development.js:6457:5)
      at dispatchDiscreteEvent 
(node_modules/react-dom/cjs/react-dom.development.js:6430:5)
      at HTMLDivElement.callTheUserObjectsOperation 
(node_modules/jsdom/lib/jsdom/living/generated/EventListener.js:26:30)
      at innerInvokeEventListeners 
(node_modules/jsdom/lib/jsdom/living/events/EventTarget-impl.js:350:25)
      at invokeEventListeners 
(node_modules/jsdom/lib/jsdom/living/events/EventTarget-impl.js:286:3)
      at HTMLInputElementImpl._dispatch 
(node_modules/jsdom/lib/jsdom/living/events/EventTarget-impl.js:233:9)
      at HTMLInputElementImpl.dispatchEvent 
(node_modules/jsdom/lib/jsdom/living/events/EventTarget-impl.js:104:17)
      at HTMLInputElement.dispatchEvent 
(node_modules/jsdom/lib/jsdom/living/generated/EventTarget.js:241:34)
      at 
node_modules/@testing-library/user-event/dist/cjs/event/dispatchEvent.js:45:43
      at Object.eventWrapper 
(node_modules/@testing-library/dom/dist/config.js:25:23)
      at Object.wrapEvent 
(node_modules/@testing-library/user-event/dist/cjs/event/wrapEvent.js:6:28)
      at Object.dispatchEvent (node_modules/@testing-library/user-event/dist/cj
s/event/dispatchEvent.js:45:22)
      at Object.dispatchUIEvent (node_modules/@testing-library/user-event/dist/
cjs/event/dispatchEvent.js:22:26)
      at commitInput 
(node_modules/@testing-library/user-event/dist/cjs/event/input.js:145:14)
      at editInputElement 
(node_modules/@testing-library/user-event/dist/cjs/event/input.js:115:9)
      at Object.input 
(node_modules/@testing-library/user-event/dist/cjs/event/input.js:37:9)
      at node_modules/@testing-library/user-event/dist/cjs/event/behavior/keypr
ess.js:31:26
      at Object.dispatchEvent (node_modules/@testing-library/user-event/dist/cj
s/event/dispatchEvent.js:41:13)
      at Object.dispatchUIEvent (node_modules/@testing-library/user-event/dist/
cjs/event/dispatchEvent.js:22:26)
      at KeyboardHost.keydown 
(node_modules/@testing-library/user-event/dist/cjs/system/keyboard.js:76:22)
      at keyboardAction 
(node_modules/@testing-library/user-event/dist/cjs/keyboard/index.js:22:35)
      at Object.keyboard 
(node_modules/@testing-library/user-event/dist/cjs/keyboard/index.js:11:15)
      at Object.type 
(node_modules/@testing-library/user-event/dist/cjs/utility/type.js:17:5)
      at Object.<anonymous> (src/profile/profile.test.tsx:272:9)

    console.error
      Warning: An update to ProfilePage inside a test was not wrapped in 
act(...).
      
      When testing, code that causes React state updates should be wrapped 
into act(...):
      
      act(() => {
        /* fire events that update state */
      });
      /* assert on the output */
      
      This ensures that you're testing the behavior the user would see in the 
browser. Learn more at https://reactjs.org/link/wrap-tests-with-act
          at ProfilePage 
(C:\Users\samhe\OneDrive\Desktop\Cleaned\frontend\src\profile\index.tsx:25:41)
          at basenameProp (C:\Users\samhe\OneDrive\Desktop\Cleaned\frontend\nod
e_modules\react-router\lib\components.tsx:421:13)
          at basename (C:\Users\samhe\OneDrive\Desktop\Cleaned\frontend\node_mo
dules\react-router\lib\components.tsx:225:3)

      196 |               className="border border-gray-300 rounded-md px-3 
py-2 text-sm"
      197 |               value={confirmPassword}
    > 198 |               onChange={e => setConfirmPassword(e.target.value)}
          |                              ^
      199 |             />
      200 |             {confirmPassword && !passwordsMatch && (
      201 |               <p className="text-sm text-red-600">Passwords do not 
match</p>

      at printWarning 
(node_modules/react-dom/cjs/react-dom.development.js:86:30)
      at error (node_modules/react-dom/cjs/react-dom.development.js:60:7)
      at warnIfUpdatesNotWrappedWithActDEV 
(node_modules/react-dom/cjs/react-dom.development.js:27628:9)
      at scheduleUpdateOnFiber 
(node_modules/react-dom/cjs/react-dom.development.js:25547:5)
      at dispatchSetState 
(node_modules/react-dom/cjs/react-dom.development.js:16708:7)
      at onChange (src/profile/index.tsx:198:30)
      at HTMLUnknownElement.callCallback 
(node_modules/react-dom/cjs/react-dom.development.js:4164:14)
      at HTMLUnknownElement.callTheUserObjectsOperation 
(node_modules/jsdom/lib/jsdom/living/generated/EventListener.js:26:30)
      at innerInvokeEventListeners 
(node_modules/jsdom/lib/jsdom/living/events/EventTarget-impl.js:350:25)
      at invokeEventListeners 
(node_modules/jsdom/lib/jsdom/living/events/EventTarget-impl.js:286:3)
      at HTMLUnknownElementImpl._dispatch 
(node_modules/jsdom/lib/jsdom/living/events/EventTarget-impl.js:233:9)
      at HTMLUnknownElementImpl.dispatchEvent 
(node_modules/jsdom/lib/jsdom/living/events/EventTarget-impl.js:104:17)
      at HTMLUnknownElement.dispatchEvent 
(node_modules/jsdom/lib/jsdom/living/generated/EventTarget.js:241:34)
      at Object.invokeGuardedCallbackDev 
(node_modules/react-dom/cjs/react-dom.development.js:4213:16)
      at invokeGuardedCallback 
(node_modules/react-dom/cjs/react-dom.development.js:4277:31)
      at invokeGuardedCallbackAndCatchFirstError 
(node_modules/react-dom/cjs/react-dom.development.js:4291:25)
      at executeDispatch 
(node_modules/react-dom/cjs/react-dom.development.js:9041:3)
      at processDispatchQueueItemsInOrder 
(node_modules/react-dom/cjs/react-dom.development.js:9073:7)
      at processDispatchQueue 
(node_modules/react-dom/cjs/react-dom.development.js:9086:5)
      at dispatchEventsForPlugins 
(node_modules/react-dom/cjs/react-dom.development.js:9097:3)
      at node_modules/react-dom/cjs/react-dom.development.js:9288:12
      at batchedUpdates$1 
(node_modules/react-dom/cjs/react-dom.development.js:26179:12)
      at batchedUpdates 
(node_modules/react-dom/cjs/react-dom.development.js:3991:12)
      at dispatchEventForPluginEventSystem 
(node_modules/react-dom/cjs/react-dom.development.js:9287:3)
      at dispatchEventWithEnableCapturePhaseSelectiveHydrationWithoutDiscreteEv
entReplay (node_modules/react-dom/cjs/react-dom.development.js:6465:5)
      at dispatchEvent 
(node_modules/react-dom/cjs/react-dom.development.js:6457:5)
      at dispatchDiscreteEvent 
(node_modules/react-dom/cjs/react-dom.development.js:6430:5)
      at HTMLDivElement.callTheUserObjectsOperation 
(node_modules/jsdom/lib/jsdom/living/generated/EventListener.js:26:30)
      at innerInvokeEventListeners 
(node_modules/jsdom/lib/jsdom/living/events/EventTarget-impl.js:350:25)
      at invokeEventListeners 
(node_modules/jsdom/lib/jsdom/living/events/EventTarget-impl.js:286:3)
      at HTMLInputElementImpl._dispatch 
(node_modules/jsdom/lib/jsdom/living/events/EventTarget-impl.js:233:9)
      at HTMLInputElementImpl.dispatchEvent 
(node_modules/jsdom/lib/jsdom/living/events/EventTarget-impl.js:104:17)
      at HTMLInputElement.dispatchEvent 
(node_modules/jsdom/lib/jsdom/living/generated/EventTarget.js:241:34)
      at 
node_modules/@testing-library/user-event/dist/cjs/event/dispatchEvent.js:45:43
      at Object.eventWrapper 
(node_modules/@testing-library/dom/dist/config.js:25:23)
      at Object.wrapEvent 
(node_modules/@testing-library/user-event/dist/cjs/event/wrapEvent.js:6:28)
      at Object.dispatchEvent (node_modules/@testing-library/user-event/dist/cj
s/event/dispatchEvent.js:45:22)
      at Object.dispatchUIEvent (node_modules/@testing-library/user-event/dist/
cjs/event/dispatchEvent.js:22:26)
      at commitInput 
(node_modules/@testing-library/user-event/dist/cjs/event/input.js:145:14)
      at editInputElement 
(node_modules/@testing-library/user-event/dist/cjs/event/input.js:115:9)
      at Object.input 
(node_modules/@testing-library/user-event/dist/cjs/event/input.js:37:9)
      at node_modules/@testing-library/user-event/dist/cjs/event/behavior/keypr
ess.js:31:26
      at Object.dispatchEvent (node_modules/@testing-library/user-event/dist/cj
s/event/dispatchEvent.js:41:13)
      at Object.dispatchUIEvent (node_modules/@testing-library/user-event/dist/
cjs/event/dispatchEvent.js:22:26)
      at KeyboardHost.keydown 
(node_modules/@testing-library/user-event/dist/cjs/system/keyboard.js:76:22)
      at keyboardAction 
(node_modules/@testing-library/user-event/dist/cjs/keyboard/index.js:22:35)
      at Object.keyboard 
(node_modules/@testing-library/user-event/dist/cjs/keyboard/index.js:11:15)
      at Object.type 
(node_modules/@testing-library/user-event/dist/cjs/utility/type.js:17:5)
      at Object.<anonymous> (src/profile/profile.test.tsx:272:9)

    console.error
      Warning: An update to ProfilePage inside a test was not wrapped in 
act(...).
      
      When testing, code that causes React state updates should be wrapped 
into act(...):
      
      act(() => {
        /* fire events that update state */
      });
      /* assert on the output */
      
      This ensures that you're testing the behavior the user would see in the 
browser. Learn more at https://reactjs.org/link/wrap-tests-with-act
          at ProfilePage 
(C:\Users\samhe\OneDrive\Desktop\Cleaned\frontend\src\profile\index.tsx:25:41)
          at basenameProp (C:\Users\samhe\OneDrive\Desktop\Cleaned\frontend\nod
e_modules\react-router\lib\components.tsx:421:13)
          at basename (C:\Users\samhe\OneDrive\Desktop\Cleaned\frontend\node_mo
dules\react-router\lib\components.tsx:225:3)

      196 |               className="border border-gray-300 rounded-md px-3 
py-2 text-sm"
      197 |               value={confirmPassword}
    > 198 |               onChange={e => setConfirmPassword(e.target.value)}
          |                              ^
      199 |             />
      200 |             {confirmPassword && !passwordsMatch && (
      201 |               <p className="text-sm text-red-600">Passwords do not 
match</p>

      at printWarning 
(node_modules/react-dom/cjs/react-dom.development.js:86:30)
      at error (node_modules/react-dom/cjs/react-dom.development.js:60:7)
      at warnIfUpdatesNotWrappedWithActDEV 
(node_modules/react-dom/cjs/react-dom.development.js:27628:9)
      at scheduleUpdateOnFiber 
(node_modules/react-dom/cjs/react-dom.development.js:25547:5)
      at dispatchSetState 
(node_modules/react-dom/cjs/react-dom.development.js:16708:7)
      at onChange (src/profile/index.tsx:198:30)
      at HTMLUnknownElement.callCallback 
(node_modules/react-dom/cjs/react-dom.development.js:4164:14)
      at HTMLUnknownElement.callTheUserObjectsOperation 
(node_modules/jsdom/lib/jsdom/living/generated/EventListener.js:26:30)
      at innerInvokeEventListeners 
(node_modules/jsdom/lib/jsdom/living/events/EventTarget-impl.js:350:25)
      at invokeEventListeners 
(node_modules/jsdom/lib/jsdom/living/events/EventTarget-impl.js:286:3)
      at HTMLUnknownElementImpl._dispatch 
(node_modules/jsdom/lib/jsdom/living/events/EventTarget-impl.js:233:9)
      at HTMLUnknownElementImpl.dispatchEvent 
(node_modules/jsdom/lib/jsdom/living/events/EventTarget-impl.js:104:17)
      at HTMLUnknownElement.dispatchEvent 
(node_modules/jsdom/lib/jsdom/living/generated/EventTarget.js:241:34)
      at Object.invokeGuardedCallbackDev 
(node_modules/react-dom/cjs/react-dom.development.js:4213:16)
      at invokeGuardedCallback 
(node_modules/react-dom/cjs/react-dom.development.js:4277:31)
      at invokeGuardedCallbackAndCatchFirstError 
(node_modules/react-dom/cjs/react-dom.development.js:4291:25)
      at executeDispatch 
(node_modules/react-dom/cjs/react-dom.development.js:9041:3)
      at processDispatchQueueItemsInOrder 
(node_modules/react-dom/cjs/react-dom.development.js:9073:7)
      at processDispatchQueue 
(node_modules/react-dom/cjs/react-dom.development.js:9086:5)
      at dispatchEventsForPlugins 
(node_modules/react-dom/cjs/react-dom.development.js:9097:3)
      at node_modules/react-dom/cjs/react-dom.development.js:9288:12
      at batchedUpdates$1 
(node_modules/react-dom/cjs/react-dom.development.js:26179:12)
      at batchedUpdates 
(node_modules/react-dom/cjs/react-dom.development.js:3991:12)
      at dispatchEventForPluginEventSystem 
(node_modules/react-dom/cjs/react-dom.development.js:9287:3)
      at dispatchEventWithEnableCapturePhaseSelectiveHydrationWithoutDiscreteEv
entReplay (node_modules/react-dom/cjs/react-dom.development.js:6465:5)
      at dispatchEvent 
(node_modules/react-dom/cjs/react-dom.development.js:6457:5)
      at dispatchDiscreteEvent 
(node_modules/react-dom/cjs/react-dom.development.js:6430:5)
      at HTMLDivElement.callTheUserObjectsOperation 
(node_modules/jsdom/lib/jsdom/living/generated/EventListener.js:26:30)
      at innerInvokeEventListeners 
(node_modules/jsdom/lib/jsdom/living/events/EventTarget-impl.js:350:25)
      at invokeEventListeners 
(node_modules/jsdom/lib/jsdom/living/events/EventTarget-impl.js:286:3)
      at HTMLInputElementImpl._dispatch 
(node_modules/jsdom/lib/jsdom/living/events/EventTarget-impl.js:233:9)
      at HTMLInputElementImpl.dispatchEvent 
(node_modules/jsdom/lib/jsdom/living/events/EventTarget-impl.js:104:17)
      at HTMLInputElement.dispatchEvent 
(node_modules/jsdom/lib/jsdom/living/generated/EventTarget.js:241:34)
      at 
node_modules/@testing-library/user-event/dist/cjs/event/dispatchEvent.js:45:43
      at Object.eventWrapper 
(node_modules/@testing-library/dom/dist/config.js:25:23)
      at Object.wrapEvent 
(node_modules/@testing-library/user-event/dist/cjs/event/wrapEvent.js:6:28)
      at Object.dispatchEvent (node_modules/@testing-library/user-event/dist/cj
s/event/dispatchEvent.js:45:22)
      at Object.dispatchUIEvent (node_modules/@testing-library/user-event/dist/
cjs/event/dispatchEvent.js:22:26)
      at commitInput 
(node_modules/@testing-library/user-event/dist/cjs/event/input.js:145:14)
      at editInputElement 
(node_modules/@testing-library/user-event/dist/cjs/event/input.js:115:9)
      at Object.input 
(node_modules/@testing-library/user-event/dist/cjs/event/input.js:37:9)
      at node_modules/@testing-library/user-event/dist/cjs/event/behavior/keypr
ess.js:31:26
      at Object.dispatchEvent (node_modules/@testing-library/user-event/dist/cj
s/event/dispatchEvent.js:41:13)
      at Object.dispatchUIEvent (node_modules/@testing-library/user-event/dist/
cjs/event/dispatchEvent.js:22:26)
      at KeyboardHost.keydown 
(node_modules/@testing-library/user-event/dist/cjs/system/keyboard.js:76:22)
      at keyboardAction 
(node_modules/@testing-library/user-event/dist/cjs/keyboard/index.js:22:35)
      at Object.keyboard 
(node_modules/@testing-library/user-event/dist/cjs/keyboard/index.js:11:15)
      at Object.type 
(node_modules/@testing-library/user-event/dist/cjs/utility/type.js:17:5)
      at Object.<anonymous> (src/profile/profile.test.tsx:272:9)

    console.error
      Warning: An update to ProfilePage inside a test was not wrapped in 
act(...).
      
      When testing, code that causes React state updates should be wrapped 
into act(...):
      
      act(() => {
        /* fire events that update state */
      });
      /* assert on the output */
      
      This ensures that you're testing the behavior the user would see in the 
browser. Learn more at https://reactjs.org/link/wrap-tests-with-act
          at ProfilePage 
(C:\Users\samhe\OneDrive\Desktop\Cleaned\frontend\src\profile\index.tsx:25:41)
          at basenameProp (C:\Users\samhe\OneDrive\Desktop\Cleaned\frontend\nod
e_modules\react-router\lib\components.tsx:421:13)
          at basename (C:\Users\samhe\OneDrive\Desktop\Cleaned\frontend\node_mo
dules\react-router\lib\components.tsx:225:3)

      196 |               className="border border-gray-300 rounded-md px-3 
py-2 text-sm"
      197 |               value={confirmPassword}
    > 198 |               onChange={e => setConfirmPassword(e.target.value)}
          |                              ^
      199 |             />
      200 |             {confirmPassword && !passwordsMatch && (
      201 |               <p className="text-sm text-red-600">Passwords do not 
match</p>

      at printWarning 
(node_modules/react-dom/cjs/react-dom.development.js:86:30)
      at error (node_modules/react-dom/cjs/react-dom.development.js:60:7)
      at warnIfUpdatesNotWrappedWithActDEV 
(node_modules/react-dom/cjs/react-dom.development.js:27628:9)
      at scheduleUpdateOnFiber 
(node_modules/react-dom/cjs/react-dom.development.js:25547:5)
      at dispatchSetState 
(node_modules/react-dom/cjs/react-dom.development.js:16708:7)
      at onChange (src/profile/index.tsx:198:30)
      at HTMLUnknownElement.callCallback 
(node_modules/react-dom/cjs/react-dom.development.js:4164:14)
      at HTMLUnknownElement.callTheUserObjectsOperation 
(node_modules/jsdom/lib/jsdom/living/generated/EventListener.js:26:30)
      at innerInvokeEventListeners 
(node_modules/jsdom/lib/jsdom/living/events/EventTarget-impl.js:350:25)
      at invokeEventListeners 
(node_modules/jsdom/lib/jsdom/living/events/EventTarget-impl.js:286:3)
      at HTMLUnknownElementImpl._dispatch 
(node_modules/jsdom/lib/jsdom/living/events/EventTarget-impl.js:233:9)
      at HTMLUnknownElementImpl.dispatchEvent 
(node_modules/jsdom/lib/jsdom/living/events/EventTarget-impl.js:104:17)
      at HTMLUnknownElement.dispatchEvent 
(node_modules/jsdom/lib/jsdom/living/generated/EventTarget.js:241:34)
      at Object.invokeGuardedCallbackDev 
(node_modules/react-dom/cjs/react-dom.development.js:4213:16)
      at invokeGuardedCallback 
(node_modules/react-dom/cjs/react-dom.development.js:4277:31)
      at invokeGuardedCallbackAndCatchFirstError 
(node_modules/react-dom/cjs/react-dom.development.js:4291:25)
      at executeDispatch 
(node_modules/react-dom/cjs/react-dom.development.js:9041:3)
      at processDispatchQueueItemsInOrder 
(node_modules/react-dom/cjs/react-dom.development.js:9073:7)
      at processDispatchQueue 
(node_modules/react-dom/cjs/react-dom.development.js:9086:5)
      at dispatchEventsForPlugins 
(node_modules/react-dom/cjs/react-dom.development.js:9097:3)
      at node_modules/react-dom/cjs/react-dom.development.js:9288:12
      at batchedUpdates$1 
(node_modules/react-dom/cjs/react-dom.development.js:26179:12)
      at batchedUpdates 
(node_modules/react-dom/cjs/react-dom.development.js:3991:12)
      at dispatchEventForPluginEventSystem 
(node_modules/react-dom/cjs/react-dom.development.js:9287:3)
      at dispatchEventWithEnableCapturePhaseSelectiveHydrationWithoutDiscreteEv
entReplay (node_modules/react-dom/cjs/react-dom.development.js:6465:5)
      at dispatchEvent 
(node_modules/react-dom/cjs/react-dom.development.js:6457:5)
      at dispatchDiscreteEvent 
(node_modules/react-dom/cjs/react-dom.development.js:6430:5)
      at HTMLDivElement.callTheUserObjectsOperation 
(node_modules/jsdom/lib/jsdom/living/generated/EventListener.js:26:30)
      at innerInvokeEventListeners 
(node_modules/jsdom/lib/jsdom/living/events/EventTarget-impl.js:350:25)
      at invokeEventListeners 
(node_modules/jsdom/lib/jsdom/living/events/EventTarget-impl.js:286:3)
      at HTMLInputElementImpl._dispatch 
(node_modules/jsdom/lib/jsdom/living/events/EventTarget-impl.js:233:9)
      at HTMLInputElementImpl.dispatchEvent 
(node_modules/jsdom/lib/jsdom/living/events/EventTarget-impl.js:104:17)
      at HTMLInputElement.dispatchEvent 
(node_modules/jsdom/lib/jsdom/living/generated/EventTarget.js:241:34)
      at 
node_modules/@testing-library/user-event/dist/cjs/event/dispatchEvent.js:45:43
      at Object.eventWrapper 
(node_modules/@testing-library/dom/dist/config.js:25:23)
      at Object.wrapEvent 
(node_modules/@testing-library/user-event/dist/cjs/event/wrapEvent.js:6:28)
      at Object.dispatchEvent (node_modules/@testing-library/user-event/dist/cj
s/event/dispatchEvent.js:45:22)
      at Object.dispatchUIEvent (node_modules/@testing-library/user-event/dist/
cjs/event/dispatchEvent.js:22:26)
      at commitInput 
(node_modules/@testing-library/user-event/dist/cjs/event/input.js:145:14)
      at editInputElement 
(node_modules/@testing-library/user-event/dist/cjs/event/input.js:115:9)
      at Object.input 
(node_modules/@testing-library/user-event/dist/cjs/event/input.js:37:9)
      at node_modules/@testing-library/user-event/dist/cjs/event/behavior/keypr
ess.js:31:26
      at Object.dispatchEvent (node_modules/@testing-library/user-event/dist/cj
s/event/dispatchEvent.js:41:13)
      at Object.dispatchUIEvent (node_modules/@testing-library/user-event/dist/
cjs/event/dispatchEvent.js:22:26)
      at KeyboardHost.keydown 
(node_modules/@testing-library/user-event/dist/cjs/system/keyboard.js:76:22)
      at keyboardAction 
(node_modules/@testing-library/user-event/dist/cjs/keyboard/index.js:22:35)
      at Object.keyboard 
(node_modules/@testing-library/user-event/dist/cjs/keyboard/index.js:11:15)
      at Object.type 
(node_modules/@testing-library/user-event/dist/cjs/utility/type.js:17:5)
      at Object.<anonymous> (src/profile/profile.test.tsx:272:9)

    console.error
      Warning: An update to ProfilePage inside a test was not wrapped in 
act(...).
      
      When testing, code that causes React state updates should be wrapped 
into act(...):
      
      act(() => {
        /* fire events that update state */
      });
      /* assert on the output */
      
      This ensures that you're testing the behavior the user would see in the 
browser. Learn more at https://reactjs.org/link/wrap-tests-with-act
          at ProfilePage 
(C:\Users\samhe\OneDrive\Desktop\Cleaned\frontend\src\profile\index.tsx:25:41)
          at basenameProp (C:\Users\samhe\OneDrive\Desktop\Cleaned\frontend\nod
e_modules\react-router\lib\components.tsx:421:13)
          at basename (C:\Users\samhe\OneDrive\Desktop\Cleaned\frontend\node_mo
dules\react-router\lib\components.tsx:225:3)

      196 |               className="border border-gray-300 rounded-md px-3 
py-2 text-sm"
      197 |               value={confirmPassword}
    > 198 |               onChange={e => setConfirmPassword(e.target.value)}
          |                              ^
      199 |             />
      200 |             {confirmPassword && !passwordsMatch && (
      201 |               <p className="text-sm text-red-600">Passwords do not 
match</p>

      at printWarning 
(node_modules/react-dom/cjs/react-dom.development.js:86:30)
      at error (node_modules/react-dom/cjs/react-dom.development.js:60:7)
      at warnIfUpdatesNotWrappedWithActDEV 
(node_modules/react-dom/cjs/react-dom.development.js:27628:9)
      at scheduleUpdateOnFiber 
(node_modules/react-dom/cjs/react-dom.development.js:25547:5)
      at dispatchSetState 
(node_modules/react-dom/cjs/react-dom.development.js:16708:7)
      at onChange (src/profile/index.tsx:198:30)
      at HTMLUnknownElement.callCallback 
(node_modules/react-dom/cjs/react-dom.development.js:4164:14)
      at HTMLUnknownElement.callTheUserObjectsOperation 
(node_modules/jsdom/lib/jsdom/living/generated/EventListener.js:26:30)
      at innerInvokeEventListeners 
(node_modules/jsdom/lib/jsdom/living/events/EventTarget-impl.js:350:25)
      at invokeEventListeners 
(node_modules/jsdom/lib/jsdom/living/events/EventTarget-impl.js:286:3)
      at HTMLUnknownElementImpl._dispatch 
(node_modules/jsdom/lib/jsdom/living/events/EventTarget-impl.js:233:9)
      at HTMLUnknownElementImpl.dispatchEvent 
(node_modules/jsdom/lib/jsdom/living/events/EventTarget-impl.js:104:17)
      at HTMLUnknownElement.dispatchEvent 
(node_modules/jsdom/lib/jsdom/living/generated/EventTarget.js:241:34)
      at Object.invokeGuardedCallbackDev 
(node_modules/react-dom/cjs/react-dom.development.js:4213:16)
      at invokeGuardedCallback 
(node_modules/react-dom/cjs/react-dom.development.js:4277:31)
      at invokeGuardedCallbackAndCatchFirstError 
(node_modules/react-dom/cjs/react-dom.development.js:4291:25)
      at executeDispatch 
(node_modules/react-dom/cjs/react-dom.development.js:9041:3)
      at processDispatchQueueItemsInOrder 
(node_modules/react-dom/cjs/react-dom.development.js:9073:7)
      at processDispatchQueue 
(node_modules/react-dom/cjs/react-dom.development.js:9086:5)
      at dispatchEventsForPlugins 
(node_modules/react-dom/cjs/react-dom.development.js:9097:3)
      at node_modules/react-dom/cjs/react-dom.development.js:9288:12
      at batchedUpdates$1 
(node_modules/react-dom/cjs/react-dom.development.js:26179:12)
      at batchedUpdates 
(node_modules/react-dom/cjs/react-dom.development.js:3991:12)
      at dispatchEventForPluginEventSystem 
(node_modules/react-dom/cjs/react-dom.development.js:9287:3)
      at dispatchEventWithEnableCapturePhaseSelectiveHydrationWithoutDiscreteEv
entReplay (node_modules/react-dom/cjs/react-dom.development.js:6465:5)
      at dispatchEvent 
(node_modules/react-dom/cjs/react-dom.development.js:6457:5)
      at dispatchDiscreteEvent 
(node_modules/react-dom/cjs/react-dom.development.js:6430:5)
      at HTMLDivElement.callTheUserObjectsOperation 
(node_modules/jsdom/lib/jsdom/living/generated/EventListener.js:26:30)
      at innerInvokeEventListeners 
(node_modules/jsdom/lib/jsdom/living/events/EventTarget-impl.js:350:25)
      at invokeEventListeners 
(node_modules/jsdom/lib/jsdom/living/events/EventTarget-impl.js:286:3)
      at HTMLInputElementImpl._dispatch 
(node_modules/jsdom/lib/jsdom/living/events/EventTarget-impl.js:233:9)
      at HTMLInputElementImpl.dispatchEvent 
(node_modules/jsdom/lib/jsdom/living/events/EventTarget-impl.js:104:17)
      at HTMLInputElement.dispatchEvent 
(node_modules/jsdom/lib/jsdom/living/generated/EventTarget.js:241:34)
      at 
node_modules/@testing-library/user-event/dist/cjs/event/dispatchEvent.js:45:43
      at Object.eventWrapper 
(node_modules/@testing-library/dom/dist/config.js:25:23)
      at Object.wrapEvent 
(node_modules/@testing-library/user-event/dist/cjs/event/wrapEvent.js:6:28)
      at Object.dispatchEvent (node_modules/@testing-library/user-event/dist/cj
s/event/dispatchEvent.js:45:22)
      at Object.dispatchUIEvent (node_modules/@testing-library/user-event/dist/
cjs/event/dispatchEvent.js:22:26)
      at commitInput 
(node_modules/@testing-library/user-event/dist/cjs/event/input.js:145:14)
      at editInputElement 
(node_modules/@testing-library/user-event/dist/cjs/event/input.js:115:9)
      at Object.input 
(node_modules/@testing-library/user-event/dist/cjs/event/input.js:37:9)
      at node_modules/@testing-library/user-event/dist/cjs/event/behavior/keypr
ess.js:31:26
      at Object.dispatchEvent (node_modules/@testing-library/user-event/dist/cj
s/event/dispatchEvent.js:41:13)
      at Object.dispatchUIEvent (node_modules/@testing-library/user-event/dist/
cjs/event/dispatchEvent.js:22:26)
      at KeyboardHost.keydown 
(node_modules/@testing-library/user-event/dist/cjs/system/keyboard.js:76:22)
      at keyboardAction 
(node_modules/@testing-library/user-event/dist/cjs/keyboard/index.js:22:35)
      at Object.keyboard 
(node_modules/@testing-library/user-event/dist/cjs/keyboard/index.js:11:15)
      at Object.type 
(node_modules/@testing-library/user-event/dist/cjs/utility/type.js:17:5)
      at Object.<anonymous> (src/profile/profile.test.tsx:272:9)

    console.error
      Warning: An update to ProfilePage inside a test was not wrapped in 
act(...).
      
      When testing, code that causes React state updates should be wrapped 
into act(...):
      
      act(() => {
        /* fire events that update state */
      });
      /* assert on the output */
      
      This ensures that you're testing the behavior the user would see in the 
browser. Learn more at https://reactjs.org/link/wrap-tests-with-act
          at ProfilePage 
(C:\Users\samhe\OneDrive\Desktop\Cleaned\frontend\src\profile\index.tsx:25:41)
          at basenameProp (C:\Users\samhe\OneDrive\Desktop\Cleaned\frontend\nod
e_modules\react-router\lib\components.tsx:421:13)
          at basename (C:\Users\samhe\OneDrive\Desktop\Cleaned\frontend\node_mo
dules\react-router\lib\components.tsx:225:3)

      196 |               className="border border-gray-300 rounded-md px-3 
py-2 text-sm"
      197 |               value={confirmPassword}
    > 198 |               onChange={e => setConfirmPassword(e.target.value)}
          |                              ^
      199 |             />
      200 |             {confirmPassword && !passwordsMatch && (
      201 |               <p className="text-sm text-red-600">Passwords do not 
match</p>

      at printWarning 
(node_modules/react-dom/cjs/react-dom.development.js:86:30)
      at error (node_modules/react-dom/cjs/react-dom.development.js:60:7)
      at warnIfUpdatesNotWrappedWithActDEV 
(node_modules/react-dom/cjs/react-dom.development.js:27628:9)
      at scheduleUpdateOnFiber 
(node_modules/react-dom/cjs/react-dom.development.js:25547:5)
      at dispatchSetState 
(node_modules/react-dom/cjs/react-dom.development.js:16708:7)
      at onChange (src/profile/index.tsx:198:30)
      at HTMLUnknownElement.callCallback 
(node_modules/react-dom/cjs/react-dom.development.js:4164:14)
      at HTMLUnknownElement.callTheUserObjectsOperation 
(node_modules/jsdom/lib/jsdom/living/generated/EventListener.js:26:30)
      at innerInvokeEventListeners 
(node_modules/jsdom/lib/jsdom/living/events/EventTarget-impl.js:350:25)
      at invokeEventListeners 
(node_modules/jsdom/lib/jsdom/living/events/EventTarget-impl.js:286:3)
      at HTMLUnknownElementImpl._dispatch 
(node_modules/jsdom/lib/jsdom/living/events/EventTarget-impl.js:233:9)
      at HTMLUnknownElementImpl.dispatchEvent 
(node_modules/jsdom/lib/jsdom/living/events/EventTarget-impl.js:104:17)
      at HTMLUnknownElement.dispatchEvent 
(node_modules/jsdom/lib/jsdom/living/generated/EventTarget.js:241:34)
      at Object.invokeGuardedCallbackDev 
(node_modules/react-dom/cjs/react-dom.development.js:4213:16)
      at invokeGuardedCallback 
(node_modules/react-dom/cjs/react-dom.development.js:4277:31)
      at invokeGuardedCallbackAndCatchFirstError 
(node_modules/react-dom/cjs/react-dom.development.js:4291:25)
      at executeDispatch 
(node_modules/react-dom/cjs/react-dom.development.js:9041:3)
      at processDispatchQueueItemsInOrder 
(node_modules/react-dom/cjs/react-dom.development.js:9073:7)
      at processDispatchQueue 
(node_modules/react-dom/cjs/react-dom.development.js:9086:5)
      at dispatchEventsForPlugins 
(node_modules/react-dom/cjs/react-dom.development.js:9097:3)
      at node_modules/react-dom/cjs/react-dom.development.js:9288:12
      at batchedUpdates$1 
(node_modules/react-dom/cjs/react-dom.development.js:26179:12)
      at batchedUpdates 
(node_modules/react-dom/cjs/react-dom.development.js:3991:12)
      at dispatchEventForPluginEventSystem 
(node_modules/react-dom/cjs/react-dom.development.js:9287:3)
      at dispatchEventWithEnableCapturePhaseSelectiveHydrationWithoutDiscreteEv
entReplay (node_modules/react-dom/cjs/react-dom.development.js:6465:5)
      at dispatchEvent 
(node_modules/react-dom/cjs/react-dom.development.js:6457:5)
      at dispatchDiscreteEvent 
(node_modules/react-dom/cjs/react-dom.development.js:6430:5)
      at HTMLDivElement.callTheUserObjectsOperation 
(node_modules/jsdom/lib/jsdom/living/generated/EventListener.js:26:30)
      at innerInvokeEventListeners 
(node_modules/jsdom/lib/jsdom/living/events/EventTarget-impl.js:350:25)
      at invokeEventListeners 
(node_modules/jsdom/lib/jsdom/living/events/EventTarget-impl.js:286:3)
      at HTMLInputElementImpl._dispatch 
(node_modules/jsdom/lib/jsdom/living/events/EventTarget-impl.js:233:9)
      at HTMLInputElementImpl.dispatchEvent 
(node_modules/jsdom/lib/jsdom/living/events/EventTarget-impl.js:104:17)
      at HTMLInputElement.dispatchEvent 
(node_modules/jsdom/lib/jsdom/living/generated/EventTarget.js:241:34)
      at 
node_modules/@testing-library/user-event/dist/cjs/event/dispatchEvent.js:45:43
      at Object.eventWrapper 
(node_modules/@testing-library/dom/dist/config.js:25:23)
      at Object.wrapEvent 
(node_modules/@testing-library/user-event/dist/cjs/event/wrapEvent.js:6:28)
      at Object.dispatchEvent (node_modules/@testing-library/user-event/dist/cj
s/event/dispatchEvent.js:45:22)
      at Object.dispatchUIEvent (node_modules/@testing-library/user-event/dist/
cjs/event/dispatchEvent.js:22:26)
      at commitInput 
(node_modules/@testing-library/user-event/dist/cjs/event/input.js:145:14)
      at editInputElement 
(node_modules/@testing-library/user-event/dist/cjs/event/input.js:115:9)
      at Object.input 
(node_modules/@testing-library/user-event/dist/cjs/event/input.js:37:9)
      at node_modules/@testing-library/user-event/dist/cjs/event/behavior/keypr
ess.js:31:26
      at Object.dispatchEvent (node_modules/@testing-library/user-event/dist/cj
s/event/dispatchEvent.js:41:13)
      at Object.dispatchUIEvent (node_modules/@testing-library/user-event/dist/
cjs/event/dispatchEvent.js:22:26)
      at KeyboardHost.keydown 
(node_modules/@testing-library/user-event/dist/cjs/system/keyboard.js:76:22)
      at keyboardAction 
(node_modules/@testing-library/user-event/dist/cjs/keyboard/index.js:22:35)
      at Object.keyboard 
(node_modules/@testing-library/user-event/dist/cjs/keyboard/index.js:11:15)
      at Object.type 
(node_modules/@testing-library/user-event/dist/cjs/utility/type.js:17:5)
      at Object.<anonymous> (src/profile/profile.test.tsx:272:9)

    console.error
      Warning: An update to ProfilePage inside a test was not wrapped in 
act(...).
      
      When testing, code that causes React state updates should be wrapped 
into act(...):
      
      act(() => {
        /* fire events that update state */
      });
      /* assert on the output */
      
      This ensures that you're testing the behavior the user would see in the 
browser. Learn more at https://reactjs.org/link/wrap-tests-with-act
          at ProfilePage 
(C:\Users\samhe\OneDrive\Desktop\Cleaned\frontend\src\profile\index.tsx:25:41)
          at basenameProp (C:\Users\samhe\OneDrive\Desktop\Cleaned\frontend\nod
e_modules\react-router\lib\components.tsx:421:13)
          at basename (C:\Users\samhe\OneDrive\Desktop\Cleaned\frontend\node_mo
dules\react-router\lib\components.tsx:225:3)

      196 |               className="border border-gray-300 rounded-md px-3 
py-2 text-sm"
      197 |               value={confirmPassword}
    > 198 |               onChange={e => setConfirmPassword(e.target.value)}
          |                              ^
      199 |             />
      200 |             {confirmPassword && !passwordsMatch && (
      201 |               <p className="text-sm text-red-600">Passwords do not 
match</p>

      at printWarning 
(node_modules/react-dom/cjs/react-dom.development.js:86:30)
      at error (node_modules/react-dom/cjs/react-dom.development.js:60:7)
      at warnIfUpdatesNotWrappedWithActDEV 
(node_modules/react-dom/cjs/react-dom.development.js:27628:9)
      at scheduleUpdateOnFiber 
(node_modules/react-dom/cjs/react-dom.development.js:25547:5)
      at dispatchSetState 
(node_modules/react-dom/cjs/react-dom.development.js:16708:7)
      at onChange (src/profile/index.tsx:198:30)
      at HTMLUnknownElement.callCallback 
(node_modules/react-dom/cjs/react-dom.development.js:4164:14)
      at HTMLUnknownElement.callTheUserObjectsOperation 
(node_modules/jsdom/lib/jsdom/living/generated/EventListener.js:26:30)
      at innerInvokeEventListeners 
(node_modules/jsdom/lib/jsdom/living/events/EventTarget-impl.js:350:25)
      at invokeEventListeners 
(node_modules/jsdom/lib/jsdom/living/events/EventTarget-impl.js:286:3)
      at HTMLUnknownElementImpl._dispatch 
(node_modules/jsdom/lib/jsdom/living/events/EventTarget-impl.js:233:9)
      at HTMLUnknownElementImpl.dispatchEvent 
(node_modules/jsdom/lib/jsdom/living/events/EventTarget-impl.js:104:17)
      at HTMLUnknownElement.dispatchEvent 
(node_modules/jsdom/lib/jsdom/living/generated/EventTarget.js:241:34)
      at Object.invokeGuardedCallbackDev 
(node_modules/react-dom/cjs/react-dom.development.js:4213:16)
      at invokeGuardedCallback 
(node_modules/react-dom/cjs/react-dom.development.js:4277:31)
      at invokeGuardedCallbackAndCatchFirstError 
(node_modules/react-dom/cjs/react-dom.development.js:4291:25)
      at executeDispatch 
(node_modules/react-dom/cjs/react-dom.development.js:9041:3)
      at processDispatchQueueItemsInOrder 
(node_modules/react-dom/cjs/react-dom.development.js:9073:7)
      at processDispatchQueue 
(node_modules/react-dom/cjs/react-dom.development.js:9086:5)
      at dispatchEventsForPlugins 
(node_modules/react-dom/cjs/react-dom.development.js:9097:3)
      at node_modules/react-dom/cjs/react-dom.development.js:9288:12
      at batchedUpdates$1 
(node_modules/react-dom/cjs/react-dom.development.js:26179:12)
      at batchedUpdates 
(node_modules/react-dom/cjs/react-dom.development.js:3991:12)
      at dispatchEventForPluginEventSystem 
(node_modules/react-dom/cjs/react-dom.development.js:9287:3)
      at dispatchEventWithEnableCapturePhaseSelectiveHydrationWithoutDiscreteEv
entReplay (node_modules/react-dom/cjs/react-dom.development.js:6465:5)
      at dispatchEvent 
(node_modules/react-dom/cjs/react-dom.development.js:6457:5)
      at dispatchDiscreteEvent 
(node_modules/react-dom/cjs/react-dom.development.js:6430:5)
      at HTMLDivElement.callTheUserObjectsOperation 
(node_modules/jsdom/lib/jsdom/living/generated/EventListener.js:26:30)
      at innerInvokeEventListeners 
(node_modules/jsdom/lib/jsdom/living/events/EventTarget-impl.js:350:25)
      at invokeEventListeners 
(node_modules/jsdom/lib/jsdom/living/events/EventTarget-impl.js:286:3)
      at HTMLInputElementImpl._dispatch 
(node_modules/jsdom/lib/jsdom/living/events/EventTarget-impl.js:233:9)
      at HTMLInputElementImpl.dispatchEvent 
(node_modules/jsdom/lib/jsdom/living/events/EventTarget-impl.js:104:17)
      at HTMLInputElement.dispatchEvent 
(node_modules/jsdom/lib/jsdom/living/generated/EventTarget.js:241:34)
      at 
node_modules/@testing-library/user-event/dist/cjs/event/dispatchEvent.js:45:43
      at Object.eventWrapper 
(node_modules/@testing-library/dom/dist/config.js:25:23)
      at Object.wrapEvent 
(node_modules/@testing-library/user-event/dist/cjs/event/wrapEvent.js:6:28)
      at Object.dispatchEvent (node_modules/@testing-library/user-event/dist/cj
s/event/dispatchEvent.js:45:22)
      at Object.dispatchUIEvent (node_modules/@testing-library/user-event/dist/
cjs/event/dispatchEvent.js:22:26)
      at commitInput 
(node_modules/@testing-library/user-event/dist/cjs/event/input.js:145:14)
      at editInputElement 
(node_modules/@testing-library/user-event/dist/cjs/event/input.js:115:9)
      at Object.input 
(node_modules/@testing-library/user-event/dist/cjs/event/input.js:37:9)
      at node_modules/@testing-library/user-event/dist/cjs/event/behavior/keypr
ess.js:31:26
      at Object.dispatchEvent (node_modules/@testing-library/user-event/dist/cj
s/event/dispatchEvent.js:41:13)
      at Object.dispatchUIEvent (node_modules/@testing-library/user-event/dist/
cjs/event/dispatchEvent.js:22:26)
      at KeyboardHost.keydown 
(node_modules/@testing-library/user-event/dist/cjs/system/keyboard.js:76:22)
      at keyboardAction 
(node_modules/@testing-library/user-event/dist/cjs/keyboard/index.js:22:35)
      at Object.keyboard 
(node_modules/@testing-library/user-event/dist/cjs/keyboard/index.js:11:15)
      at Object.type 
(node_modules/@testing-library/user-event/dist/cjs/utility/type.js:17:5)
      at Object.<anonymous> (src/profile/profile.test.tsx:272:9)

    console.error
      Warning: An update to ProfilePage inside a test was not wrapped in 
act(...).
      
      When testing, code that causes React state updates should be wrapped 
into act(...):
      
      act(() => {
        /* fire events that update state */
      });
      /* assert on the output */
      
      This ensures that you're testing the behavior the user would see in the 
browser. Learn more at https://reactjs.org/link/wrap-tests-with-act
          at ProfilePage 
(C:\Users\samhe\OneDrive\Desktop\Cleaned\frontend\src\profile\index.tsx:25:41)
          at basenameProp (C:\Users\samhe\OneDrive\Desktop\Cleaned\frontend\nod
e_modules\react-router\lib\components.tsx:421:13)
          at basename (C:\Users\samhe\OneDrive\Desktop\Cleaned\frontend\node_mo
dules\react-router\lib\components.tsx:225:3)

      196 |               className="border border-gray-300 rounded-md px-3 
py-2 text-sm"
      197 |               value={confirmPassword}
    > 198 |               onChange={e => setConfirmPassword(e.target.value)}
          |                              ^
      199 |             />
      200 |             {confirmPassword && !passwordsMatch && (
      201 |               <p className="text-sm text-red-600">Passwords do not 
match</p>

      at printWarning 
(node_modules/react-dom/cjs/react-dom.development.js:86:30)
      at error (node_modules/react-dom/cjs/react-dom.development.js:60:7)
      at warnIfUpdatesNotWrappedWithActDEV 
(node_modules/react-dom/cjs/react-dom.development.js:27628:9)
      at scheduleUpdateOnFiber 
(node_modules/react-dom/cjs/react-dom.development.js:25547:5)
      at dispatchSetState 
(node_modules/react-dom/cjs/react-dom.development.js:16708:7)
      at onChange (src/profile/index.tsx:198:30)
      at HTMLUnknownElement.callCallback 
(node_modules/react-dom/cjs/react-dom.development.js:4164:14)
      at HTMLUnknownElement.callTheUserObjectsOperation 
(node_modules/jsdom/lib/jsdom/living/generated/EventListener.js:26:30)
      at innerInvokeEventListeners 
(node_modules/jsdom/lib/jsdom/living/events/EventTarget-impl.js:350:25)
      at invokeEventListeners 
(node_modules/jsdom/lib/jsdom/living/events/EventTarget-impl.js:286:3)
      at HTMLUnknownElementImpl._dispatch 
(node_modules/jsdom/lib/jsdom/living/events/EventTarget-impl.js:233:9)
      at HTMLUnknownElementImpl.dispatchEvent 
(node_modules/jsdom/lib/jsdom/living/events/EventTarget-impl.js:104:17)
      at HTMLUnknownElement.dispatchEvent 
(node_modules/jsdom/lib/jsdom/living/generated/EventTarget.js:241:34)
      at Object.invokeGuardedCallbackDev 
(node_modules/react-dom/cjs/react-dom.development.js:4213:16)
      at invokeGuardedCallback 
(node_modules/react-dom/cjs/react-dom.development.js:4277:31)
      at invokeGuardedCallbackAndCatchFirstError 
(node_modules/react-dom/cjs/react-dom.development.js:4291:25)
      at executeDispatch 
(node_modules/react-dom/cjs/react-dom.development.js:9041:3)
      at processDispatchQueueItemsInOrder 
(node_modules/react-dom/cjs/react-dom.development.js:9073:7)
      at processDispatchQueue 
(node_modules/react-dom/cjs/react-dom.development.js:9086:5)
      at dispatchEventsForPlugins 
(node_modules/react-dom/cjs/react-dom.development.js:9097:3)
      at node_modules/react-dom/cjs/react-dom.development.js:9288:12
      at batchedUpdates$1 
(node_modules/react-dom/cjs/react-dom.development.js:26179:12)
      at batchedUpdates 
(node_modules/react-dom/cjs/react-dom.development.js:3991:12)
      at dispatchEventForPluginEventSystem 
(node_modules/react-dom/cjs/react-dom.development.js:9287:3)
      at dispatchEventWithEnableCapturePhaseSelectiveHydrationWithoutDiscreteEv
entReplay (node_modules/react-dom/cjs/react-dom.development.js:6465:5)
      at dispatchEvent 
(node_modules/react-dom/cjs/react-dom.development.js:6457:5)
      at dispatchDiscreteEvent 
(node_modules/react-dom/cjs/react-dom.development.js:6430:5)
      at HTMLDivElement.callTheUserObjectsOperation 
(node_modules/jsdom/lib/jsdom/living/generated/EventListener.js:26:30)
      at innerInvokeEventListeners 
(node_modules/jsdom/lib/jsdom/living/events/EventTarget-impl.js:350:25)
      at invokeEventListeners 
(node_modules/jsdom/lib/jsdom/living/events/EventTarget-impl.js:286:3)
      at HTMLInputElementImpl._dispatch 
(node_modules/jsdom/lib/jsdom/living/events/EventTarget-impl.js:233:9)
      at HTMLInputElementImpl.dispatchEvent 
(node_modules/jsdom/lib/jsdom/living/events/EventTarget-impl.js:104:17)
      at HTMLInputElement.dispatchEvent 
(node_modules/jsdom/lib/jsdom/living/generated/EventTarget.js:241:34)
      at 
node_modules/@testing-library/user-event/dist/cjs/event/dispatchEvent.js:45:43
      at Object.eventWrapper 
(node_modules/@testing-library/dom/dist/config.js:25:23)
      at Object.wrapEvent 
(node_modules/@testing-library/user-event/dist/cjs/event/wrapEvent.js:6:28)
      at Object.dispatchEvent (node_modules/@testing-library/user-event/dist/cj
s/event/dispatchEvent.js:45:22)
      at Object.dispatchUIEvent (node_modules/@testing-library/user-event/dist/
cjs/event/dispatchEvent.js:22:26)
      at commitInput 
(node_modules/@testing-library/user-event/dist/cjs/event/input.js:145:14)
      at editInputElement 
(node_modules/@testing-library/user-event/dist/cjs/event/input.js:115:9)
      at Object.input 
(node_modules/@testing-library/user-event/dist/cjs/event/input.js:37:9)
      at node_modules/@testing-library/user-event/dist/cjs/event/behavior/keypr
ess.js:31:26
      at Object.dispatchEvent (node_modules/@testing-library/user-event/dist/cj
s/event/dispatchEvent.js:41:13)
      at Object.dispatchUIEvent (node_modules/@testing-library/user-event/dist/
cjs/event/dispatchEvent.js:22:26)
      at KeyboardHost.keydown 
(node_modules/@testing-library/user-event/dist/cjs/system/keyboard.js:76:22)
      at keyboardAction 
(node_modules/@testing-library/user-event/dist/cjs/keyboard/index.js:22:35)
      at Object.keyboard 
(node_modules/@testing-library/user-event/dist/cjs/keyboard/index.js:11:15)
      at Object.type 
(node_modules/@testing-library/user-event/dist/cjs/utility/type.js:17:5)
      at Object.<anonymous> (src/profile/profile.test.tsx:272:9)

    console.error
      Warning: An update to ProfilePage inside a test was not wrapped in 
act(...).
      
      When testing, code that causes React state updates should be wrapped 
into act(...):
      
      act(() => {
        /* fire events that update state */
      });
      /* assert on the output */
      
      This ensures that you're testing the behavior the user would see in the 
browser. Learn more at https://reactjs.org/link/wrap-tests-with-act
          at ProfilePage 
(C:\Users\samhe\OneDrive\Desktop\Cleaned\frontend\src\profile\index.tsx:25:41)
          at basenameProp (C:\Users\samhe\OneDrive\Desktop\Cleaned\frontend\nod
e_modules\react-router\lib\components.tsx:421:13)
          at basename (C:\Users\samhe\OneDrive\Desktop\Cleaned\frontend\node_mo
dules\react-router\lib\components.tsx:225:3)

      196 |               className="border border-gray-300 rounded-md px-3 
py-2 text-sm"
      197 |               value={confirmPassword}
    > 198 |               onChange={e => setConfirmPassword(e.target.value)}
          |                              ^
      199 |             />
      200 |             {confirmPassword && !passwordsMatch && (
      201 |               <p className="text-sm text-red-600">Passwords do not 
match</p>

      at printWarning 
(node_modules/react-dom/cjs/react-dom.development.js:86:30)
      at error (node_modules/react-dom/cjs/react-dom.development.js:60:7)
      at warnIfUpdatesNotWrappedWithActDEV 
(node_modules/react-dom/cjs/react-dom.development.js:27628:9)
      at scheduleUpdateOnFiber 
(node_modules/react-dom/cjs/react-dom.development.js:25547:5)
      at dispatchSetState 
(node_modules/react-dom/cjs/react-dom.development.js:16708:7)
      at onChange (src/profile/index.tsx:198:30)
      at HTMLUnknownElement.callCallback 
(node_modules/react-dom/cjs/react-dom.development.js:4164:14)
      at HTMLUnknownElement.callTheUserObjectsOperation 
(node_modules/jsdom/lib/jsdom/living/generated/EventListener.js:26:30)
      at innerInvokeEventListeners 
(node_modules/jsdom/lib/jsdom/living/events/EventTarget-impl.js:350:25)
      at invokeEventListeners 
(node_modules/jsdom/lib/jsdom/living/events/EventTarget-impl.js:286:3)
      at HTMLUnknownElementImpl._dispatch 
(node_modules/jsdom/lib/jsdom/living/events/EventTarget-impl.js:233:9)
      at HTMLUnknownElementImpl.dispatchEvent 
(node_modules/jsdom/lib/jsdom/living/events/EventTarget-impl.js:104:17)
      at HTMLUnknownElement.dispatchEvent 
(node_modules/jsdom/lib/jsdom/living/generated/EventTarget.js:241:34)
      at Object.invokeGuardedCallbackDev 
(node_modules/react-dom/cjs/react-dom.development.js:4213:16)
      at invokeGuardedCallback 
(node_modules/react-dom/cjs/react-dom.development.js:4277:31)
      at invokeGuardedCallbackAndCatchFirstError 
(node_modules/react-dom/cjs/react-dom.development.js:4291:25)
      at executeDispatch 
(node_modules/react-dom/cjs/react-dom.development.js:9041:3)
      at processDispatchQueueItemsInOrder 
(node_modules/react-dom/cjs/react-dom.development.js:9073:7)
      at processDispatchQueue 
(node_modules/react-dom/cjs/react-dom.development.js:9086:5)
      at dispatchEventsForPlugins 
(node_modules/react-dom/cjs/react-dom.development.js:9097:3)
      at node_modules/react-dom/cjs/react-dom.development.js:9288:12
      at batchedUpdates$1 
(node_modules/react-dom/cjs/react-dom.development.js:26179:12)
      at batchedUpdates 
(node_modules/react-dom/cjs/react-dom.development.js:3991:12)
      at dispatchEventForPluginEventSystem 
(node_modules/react-dom/cjs/react-dom.development.js:9287:3)
      at dispatchEventWithEnableCapturePhaseSelectiveHydrationWithoutDiscreteEv
entReplay (node_modules/react-dom/cjs/react-dom.development.js:6465:5)
      at dispatchEvent 
(node_modules/react-dom/cjs/react-dom.development.js:6457:5)
      at dispatchDiscreteEvent 
(node_modules/react-dom/cjs/react-dom.development.js:6430:5)
      at HTMLDivElement.callTheUserObjectsOperation 
(node_modules/jsdom/lib/jsdom/living/generated/EventListener.js:26:30)
      at innerInvokeEventListeners 
(node_modules/jsdom/lib/jsdom/living/events/EventTarget-impl.js:350:25)
      at invokeEventListeners 
(node_modules/jsdom/lib/jsdom/living/events/EventTarget-impl.js:286:3)
      at HTMLInputElementImpl._dispatch 
(node_modules/jsdom/lib/jsdom/living/events/EventTarget-impl.js:233:9)
      at HTMLInputElementImpl.dispatchEvent 
(node_modules/jsdom/lib/jsdom/living/events/EventTarget-impl.js:104:17)
      at HTMLInputElement.dispatchEvent 
(node_modules/jsdom/lib/jsdom/living/generated/EventTarget.js:241:34)
      at 
node_modules/@testing-library/user-event/dist/cjs/event/dispatchEvent.js:45:43
      at Object.eventWrapper 
(node_modules/@testing-library/dom/dist/config.js:25:23)
      at Object.wrapEvent 
(node_modules/@testing-library/user-event/dist/cjs/event/wrapEvent.js:6:28)
      at Object.dispatchEvent (node_modules/@testing-library/user-event/dist/cj
s/event/dispatchEvent.js:45:22)
      at Object.dispatchUIEvent (node_modules/@testing-library/user-event/dist/
cjs/event/dispatchEvent.js:22:26)
      at commitInput 
(node_modules/@testing-library/user-event/dist/cjs/event/input.js:145:14)
      at editInputElement 
(node_modules/@testing-library/user-event/dist/cjs/event/input.js:115:9)
      at Object.input 
(node_modules/@testing-library/user-event/dist/cjs/event/input.js:37:9)
      at node_modules/@testing-library/user-event/dist/cjs/event/behavior/keypr
ess.js:31:26
      at Object.dispatchEvent (node_modules/@testing-library/user-event/dist/cj
s/event/dispatchEvent.js:41:13)
      at Object.dispatchUIEvent (node_modules/@testing-library/user-event/dist/
cjs/event/dispatchEvent.js:22:26)
      at KeyboardHost.keydown 
(node_modules/@testing-library/user-event/dist/cjs/system/keyboard.js:76:22)
      at keyboardAction 
(node_modules/@testing-library/user-event/dist/cjs/keyboard/index.js:22:35)
      at Object.keyboard 
(node_modules/@testing-library/user-event/dist/cjs/keyboard/index.js:11:15)
      at Object.type 
(node_modules/@testing-library/user-event/dist/cjs/utility/type.js:17:5)
      at Object.<anonymous> (src/profile/profile.test.tsx:272:9)

    console.error
      Warning: An update to ProfilePage inside a test was not wrapped in 
act(...).
      
      When testing, code that causes React state updates should be wrapped 
into act(...):
      
      act(() => {
        /* fire events that update state */
      });
      /* assert on the output */
      
      This ensures that you're testing the behavior the user would see in the 
browser. Learn more at https://reactjs.org/link/wrap-tests-with-act
          at ProfilePage 
(C:\Users\samhe\OneDrive\Desktop\Cleaned\frontend\src\profile\index.tsx:25:41)
          at basenameProp (C:\Users\samhe\OneDrive\Desktop\Cleaned\frontend\nod
e_modules\react-router\lib\components.tsx:421:13)
          at basename (C:\Users\samhe\OneDrive\Desktop\Cleaned\frontend\node_mo
dules\react-router\lib\components.tsx:225:3)

      180 |               className="border border-gray-300 rounded-md px-3 
py-2 text-sm"
      181 |               value={newPassword}
    > 182 |               onChange={e => setNewPassword(e.target.value)}
          |                              ^
      183 |             />
      184 |             <p className="text-xs text-gray-500">
      185 |               Minimum 8 characters, at least 1 uppercase letter 
and 1 number.

      at printWarning 
(node_modules/react-dom/cjs/react-dom.development.js:86:30)
      at error (node_modules/react-dom/cjs/react-dom.development.js:60:7)
      at warnIfUpdatesNotWrappedWithActDEV 
(node_modules/react-dom/cjs/react-dom.development.js:27628:9)
      at scheduleUpdateOnFiber 
(node_modules/react-dom/cjs/react-dom.development.js:25547:5)
      at dispatchSetState 
(node_modules/react-dom/cjs/react-dom.development.js:16708:7)
      at onChange (src/profile/index.tsx:182:30)
      at HTMLUnknownElement.callCallback 
(node_modules/react-dom/cjs/react-dom.development.js:4164:14)
      at HTMLUnknownElement.callTheUserObjectsOperation 
(node_modules/jsdom/lib/jsdom/living/generated/EventListener.js:26:30)
      at innerInvokeEventListeners 
(node_modules/jsdom/lib/jsdom/living/events/EventTarget-impl.js:350:25)
      at invokeEventListeners 
(node_modules/jsdom/lib/jsdom/living/events/EventTarget-impl.js:286:3)
      at HTMLUnknownElementImpl._dispatch 
(node_modules/jsdom/lib/jsdom/living/events/EventTarget-impl.js:233:9)
      at HTMLUnknownElementImpl.dispatchEvent 
(node_modules/jsdom/lib/jsdom/living/events/EventTarget-impl.js:104:17)
      at HTMLUnknownElement.dispatchEvent 
(node_modules/jsdom/lib/jsdom/living/generated/EventTarget.js:241:34)
      at Object.invokeGuardedCallbackDev 
(node_modules/react-dom/cjs/react-dom.development.js:4213:16)
      at invokeGuardedCallback 
(node_modules/react-dom/cjs/react-dom.development.js:4277:31)
      at invokeGuardedCallbackAndCatchFirstError 
(node_modules/react-dom/cjs/react-dom.development.js:4291:25)
      at executeDispatch 
(node_modules/react-dom/cjs/react-dom.development.js:9041:3)
      at processDispatchQueueItemsInOrder 
(node_modules/react-dom/cjs/react-dom.development.js:9073:7)
      at processDispatchQueue 
(node_modules/react-dom/cjs/react-dom.development.js:9086:5)
      at dispatchEventsForPlugins 
(node_modules/react-dom/cjs/react-dom.development.js:9097:3)
      at node_modules/react-dom/cjs/react-dom.development.js:9288:12
      at batchedUpdates$1 
(node_modules/react-dom/cjs/react-dom.development.js:26179:12)
      at batchedUpdates 
(node_modules/react-dom/cjs/react-dom.development.js:3991:12)
      at dispatchEventForPluginEventSystem 
(node_modules/react-dom/cjs/react-dom.development.js:9287:3)
      at dispatchEventWithEnableCapturePhaseSelectiveHydrationWithoutDiscreteEv
entReplay (node_modules/react-dom/cjs/react-dom.development.js:6465:5)
      at dispatchEvent 
(node_modules/react-dom/cjs/react-dom.development.js:6457:5)
      at dispatchDiscreteEvent 
(node_modules/react-dom/cjs/react-dom.development.js:6430:5)
      at HTMLDivElement.callTheUserObjectsOperation 
(node_modules/jsdom/lib/jsdom/living/generated/EventListener.js:26:30)
      at innerInvokeEventListeners 
(node_modules/jsdom/lib/jsdom/living/events/EventTarget-impl.js:350:25)
      at invokeEventListeners 
(node_modules/jsdom/lib/jsdom/living/events/EventTarget-impl.js:286:3)
      at HTMLInputElementImpl._dispatch 
(node_modules/jsdom/lib/jsdom/living/events/EventTarget-impl.js:233:9)
      at HTMLInputElementImpl.dispatchEvent 
(node_modules/jsdom/lib/jsdom/living/events/EventTarget-impl.js:104:17)
      at HTMLInputElement.dispatchEvent 
(node_modules/jsdom/lib/jsdom/living/generated/EventTarget.js:241:34)
      at 
node_modules/@testing-library/user-event/dist/cjs/event/dispatchEvent.js:45:43
      at Object.eventWrapper 
(node_modules/@testing-library/dom/dist/config.js:25:23)
      at Object.wrapEvent 
(node_modules/@testing-library/user-event/dist/cjs/event/wrapEvent.js:6:28)
      at Object.dispatchEvent (node_modules/@testing-library/user-event/dist/cj
s/event/dispatchEvent.js:45:22)
      at Object.dispatchUIEvent (node_modules/@testing-library/user-event/dist/
cjs/event/dispatchEvent.js:22:26)
      at commitInput 
(node_modules/@testing-library/user-event/dist/cjs/event/input.js:145:14)
      at editInputElement 
(node_modules/@testing-library/user-event/dist/cjs/event/input.js:115:9)
      at Object.input 
(node_modules/@testing-library/user-event/dist/cjs/event/input.js:37:9)
      at node_modules/@testing-library/user-event/dist/cjs/event/behavior/keypr
ess.js:31:26
      at Object.dispatchEvent (node_modules/@testing-library/user-event/dist/cj
s/event/dispatchEvent.js:41:13)
      at Object.dispatchUIEvent (node_modules/@testing-library/user-event/dist/
cjs/event/dispatchEvent.js:22:26)
      at KeyboardHost.keydown 
(node_modules/@testing-library/user-event/dist/cjs/system/keyboard.js:76:22)
      at keyboardAction 
(node_modules/@testing-library/user-event/dist/cjs/keyboard/index.js:22:35)
      at Object.keyboard 
(node_modules/@testing-library/user-event/dist/cjs/keyboard/index.js:11:15)
      at Object.type 
(node_modules/@testing-library/user-event/dist/cjs/utility/type.js:17:5)
      at Object.<anonymous> (src/profile/profile.test.tsx:283:9)

    console.error
      Warning: An update to ProfilePage inside a test was not wrapped in 
act(...).
      
      When testing, code that causes React state updates should be wrapped 
into act(...):
      
      act(() => {
        /* fire events that update state */
      });
      /* assert on the output */
      
      This ensures that you're testing the behavior the user would see in the 
browser. Learn more at https://reactjs.org/link/wrap-tests-with-act
          at ProfilePage 
(C:\Users\samhe\OneDrive\Desktop\Cleaned\frontend\src\profile\index.tsx:25:41)
          at basenameProp (C:\Users\samhe\OneDrive\Desktop\Cleaned\frontend\nod
e_modules\react-router\lib\components.tsx:421:13)
          at basename (C:\Users\samhe\OneDrive\Desktop\Cleaned\frontend\node_mo
dules\react-router\lib\components.tsx:225:3)

      180 |               className="border border-gray-300 rounded-md px-3 
py-2 text-sm"
      181 |               value={newPassword}
    > 182 |               onChange={e => setNewPassword(e.target.value)}
          |                              ^
      183 |             />
      184 |             <p className="text-xs text-gray-500">
      185 |               Minimum 8 characters, at least 1 uppercase letter 
and 1 number.

      at printWarning 
(node_modules/react-dom/cjs/react-dom.development.js:86:30)
      at error (node_modules/react-dom/cjs/react-dom.development.js:60:7)
      at warnIfUpdatesNotWrappedWithActDEV 
(node_modules/react-dom/cjs/react-dom.development.js:27628:9)
      at scheduleUpdateOnFiber 
(node_modules/react-dom/cjs/react-dom.development.js:25547:5)
      at dispatchSetState 
(node_modules/react-dom/cjs/react-dom.development.js:16708:7)
      at onChange (src/profile/index.tsx:182:30)
      at HTMLUnknownElement.callCallback 
(node_modules/react-dom/cjs/react-dom.development.js:4164:14)
      at HTMLUnknownElement.callTheUserObjectsOperation 
(node_modules/jsdom/lib/jsdom/living/generated/EventListener.js:26:30)
      at innerInvokeEventListeners 
(node_modules/jsdom/lib/jsdom/living/events/EventTarget-impl.js:350:25)
      at invokeEventListeners 
(node_modules/jsdom/lib/jsdom/living/events/EventTarget-impl.js:286:3)
      at HTMLUnknownElementImpl._dispatch 
(node_modules/jsdom/lib/jsdom/living/events/EventTarget-impl.js:233:9)
      at HTMLUnknownElementImpl.dispatchEvent 
(node_modules/jsdom/lib/jsdom/living/events/EventTarget-impl.js:104:17)
      at HTMLUnknownElement.dispatchEvent 
(node_modules/jsdom/lib/jsdom/living/generated/EventTarget.js:241:34)
      at Object.invokeGuardedCallbackDev 
(node_modules/react-dom/cjs/react-dom.development.js:4213:16)
      at invokeGuardedCallback 
(node_modules/react-dom/cjs/react-dom.development.js:4277:31)
      at invokeGuardedCallbackAndCatchFirstError 
(node_modules/react-dom/cjs/react-dom.development.js:4291:25)
      at executeDispatch 
(node_modules/react-dom/cjs/react-dom.development.js:9041:3)
      at processDispatchQueueItemsInOrder 
(node_modules/react-dom/cjs/react-dom.development.js:9073:7)
      at processDispatchQueue 
(node_modules/react-dom/cjs/react-dom.development.js:9086:5)
      at dispatchEventsForPlugins 
(node_modules/react-dom/cjs/react-dom.development.js:9097:3)
      at node_modules/react-dom/cjs/react-dom.development.js:9288:12
      at batchedUpdates$1 
(node_modules/react-dom/cjs/react-dom.development.js:26179:12)
      at batchedUpdates 
(node_modules/react-dom/cjs/react-dom.development.js:3991:12)
      at dispatchEventForPluginEventSystem 
(node_modules/react-dom/cjs/react-dom.development.js:9287:3)
      at dispatchEventWithEnableCapturePhaseSelectiveHydrationWithoutDiscreteEv
entReplay (node_modules/react-dom/cjs/react-dom.development.js:6465:5)
      at dispatchEvent 
(node_modules/react-dom/cjs/react-dom.development.js:6457:5)
      at dispatchDiscreteEvent 
(node_modules/react-dom/cjs/react-dom.development.js:6430:5)
      at HTMLDivElement.callTheUserObjectsOperation 
(node_modules/jsdom/lib/jsdom/living/generated/EventListener.js:26:30)
      at innerInvokeEventListeners 
(node_modules/jsdom/lib/jsdom/living/events/EventTarget-impl.js:350:25)
      at invokeEventListeners 
(node_modules/jsdom/lib/jsdom/living/events/EventTarget-impl.js:286:3)
      at HTMLInputElementImpl._dispatch 
(node_modules/jsdom/lib/jsdom/living/events/EventTarget-impl.js:233:9)
      at HTMLInputElementImpl.dispatchEvent 
(node_modules/jsdom/lib/jsdom/living/events/EventTarget-impl.js:104:17)
      at HTMLInputElement.dispatchEvent 
(node_modules/jsdom/lib/jsdom/living/generated/EventTarget.js:241:34)
      at 
node_modules/@testing-library/user-event/dist/cjs/event/dispatchEvent.js:45:43
      at Object.eventWrapper 
(node_modules/@testing-library/dom/dist/config.js:25:23)
      at Object.wrapEvent 
(node_modules/@testing-library/user-event/dist/cjs/event/wrapEvent.js:6:28)
      at Object.dispatchEvent (node_modules/@testing-library/user-event/dist/cj
s/event/dispatchEvent.js:45:22)
      at Object.dispatchUIEvent (node_modules/@testing-library/user-event/dist/
cjs/event/dispatchEvent.js:22:26)
      at commitInput 
(node_modules/@testing-library/user-event/dist/cjs/event/input.js:145:14)
      at editInputElement 
(node_modules/@testing-library/user-event/dist/cjs/event/input.js:115:9)
      at Object.input 
(node_modules/@testing-library/user-event/dist/cjs/event/input.js:37:9)
      at node_modules/@testing-library/user-event/dist/cjs/event/behavior/keypr
ess.js:31:26
      at Object.dispatchEvent (node_modules/@testing-library/user-event/dist/cj
s/event/dispatchEvent.js:41:13)
      at Object.dispatchUIEvent (node_modules/@testing-library/user-event/dist/
cjs/event/dispatchEvent.js:22:26)
      at KeyboardHost.keydown 
(node_modules/@testing-library/user-event/dist/cjs/system/keyboard.js:76:22)
      at keyboardAction 
(node_modules/@testing-library/user-event/dist/cjs/keyboard/index.js:22:35)
      at Object.keyboard 
(node_modules/@testing-library/user-event/dist/cjs/keyboard/index.js:11:15)
      at Object.type 
(node_modules/@testing-library/user-event/dist/cjs/utility/type.js:17:5)
      at Object.<anonymous> (src/profile/profile.test.tsx:283:9)

    console.error
      Warning: An update to ProfilePage inside a test was not wrapped in 
act(...).
      
      When testing, code that causes React state updates should be wrapped 
into act(...):
      
      act(() => {
        /* fire events that update state */
      });
      /* assert on the output */
      
      This ensures that you're testing the behavior the user would see in the 
browser. Learn more at https://reactjs.org/link/wrap-tests-with-act
          at ProfilePage 
(C:\Users\samhe\OneDrive\Desktop\Cleaned\frontend\src\profile\index.tsx:25:41)
          at basenameProp (C:\Users\samhe\OneDrive\Desktop\Cleaned\frontend\nod
e_modules\react-router\lib\components.tsx:421:13)
          at basename (C:\Users\samhe\OneDrive\Desktop\Cleaned\frontend\node_mo
dules\react-router\lib\components.tsx:225:3)

      180 |               className="border border-gray-300 rounded-md px-3 
py-2 text-sm"
      181 |               value={newPassword}
    > 182 |               onChange={e => setNewPassword(e.target.value)}
          |                              ^
      183 |             />
      184 |             <p className="text-xs text-gray-500">
      185 |               Minimum 8 characters, at least 1 uppercase letter 
and 1 number.

      at printWarning 
(node_modules/react-dom/cjs/react-dom.development.js:86:30)
      at error (node_modules/react-dom/cjs/react-dom.development.js:60:7)
      at warnIfUpdatesNotWrappedWithActDEV 
(node_modules/react-dom/cjs/react-dom.development.js:27628:9)
      at scheduleUpdateOnFiber 
(node_modules/react-dom/cjs/react-dom.development.js:25547:5)
      at dispatchSetState 
(node_modules/react-dom/cjs/react-dom.development.js:16708:7)
      at onChange (src/profile/index.tsx:182:30)
      at HTMLUnknownElement.callCallback 
(node_modules/react-dom/cjs/react-dom.development.js:4164:14)
      at HTMLUnknownElement.callTheUserObjectsOperation 
(node_modules/jsdom/lib/jsdom/living/generated/EventListener.js:26:30)
      at innerInvokeEventListeners 
(node_modules/jsdom/lib/jsdom/living/events/EventTarget-impl.js:350:25)
      at invokeEventListeners 
(node_modules/jsdom/lib/jsdom/living/events/EventTarget-impl.js:286:3)
      at HTMLUnknownElementImpl._dispatch 
(node_modules/jsdom/lib/jsdom/living/events/EventTarget-impl.js:233:9)
      at HTMLUnknownElementImpl.dispatchEvent 
(node_modules/jsdom/lib/jsdom/living/events/EventTarget-impl.js:104:17)
      at HTMLUnknownElement.dispatchEvent 
(node_modules/jsdom/lib/jsdom/living/generated/EventTarget.js:241:34)
      at Object.invokeGuardedCallbackDev 
(node_modules/react-dom/cjs/react-dom.development.js:4213:16)
      at invokeGuardedCallback 
(node_modules/react-dom/cjs/react-dom.development.js:4277:31)
      at invokeGuardedCallbackAndCatchFirstError 
(node_modules/react-dom/cjs/react-dom.development.js:4291:25)
      at executeDispatch 
(node_modules/react-dom/cjs/react-dom.development.js:9041:3)
      at processDispatchQueueItemsInOrder 
(node_modules/react-dom/cjs/react-dom.development.js:9073:7)
      at processDispatchQueue 
(node_modules/react-dom/cjs/react-dom.development.js:9086:5)
      at dispatchEventsForPlugins 
(node_modules/react-dom/cjs/react-dom.development.js:9097:3)
      at node_modules/react-dom/cjs/react-dom.development.js:9288:12
      at batchedUpdates$1 
(node_modules/react-dom/cjs/react-dom.development.js:26179:12)
      at batchedUpdates 
(node_modules/react-dom/cjs/react-dom.development.js:3991:12)
      at dispatchEventForPluginEventSystem 
(node_modules/react-dom/cjs/react-dom.development.js:9287:3)
      at dispatchEventWithEnableCapturePhaseSelectiveHydrationWithoutDiscreteEv
entReplay (node_modules/react-dom/cjs/react-dom.development.js:6465:5)
      at dispatchEvent 
(node_modules/react-dom/cjs/react-dom.development.js:6457:5)
      at dispatchDiscreteEvent 
(node_modules/react-dom/cjs/react-dom.development.js:6430:5)
      at HTMLDivElement.callTheUserObjectsOperation 
(node_modules/jsdom/lib/jsdom/living/generated/EventListener.js:26:30)
      at innerInvokeEventListeners 
(node_modules/jsdom/lib/jsdom/living/events/EventTarget-impl.js:350:25)
      at invokeEventListeners 
(node_modules/jsdom/lib/jsdom/living/events/EventTarget-impl.js:286:3)
      at HTMLInputElementImpl._dispatch 
(node_modules/jsdom/lib/jsdom/living/events/EventTarget-impl.js:233:9)
      at HTMLInputElementImpl.dispatchEvent 
(node_modules/jsdom/lib/jsdom/living/events/EventTarget-impl.js:104:17)
      at HTMLInputElement.dispatchEvent 
(node_modules/jsdom/lib/jsdom/living/generated/EventTarget.js:241:34)
      at 
node_modules/@testing-library/user-event/dist/cjs/event/dispatchEvent.js:45:43
      at Object.eventWrapper 
(node_modules/@testing-library/dom/dist/config.js:25:23)
      at Object.wrapEvent 
(node_modules/@testing-library/user-event/dist/cjs/event/wrapEvent.js:6:28)
      at Object.dispatchEvent (node_modules/@testing-library/user-event/dist/cj
s/event/dispatchEvent.js:45:22)
      at Object.dispatchUIEvent (node_modules/@testing-library/user-event/dist/
cjs/event/dispatchEvent.js:22:26)
      at commitInput 
(node_modules/@testing-library/user-event/dist/cjs/event/input.js:145:14)
      at editInputElement 
(node_modules/@testing-library/user-event/dist/cjs/event/input.js:115:9)
      at Object.input 
(node_modules/@testing-library/user-event/dist/cjs/event/input.js:37:9)
      at node_modules/@testing-library/user-event/dist/cjs/event/behavior/keypr
ess.js:31:26
      at Object.dispatchEvent (node_modules/@testing-library/user-event/dist/cj
s/event/dispatchEvent.js:41:13)
      at Object.dispatchUIEvent (node_modules/@testing-library/user-event/dist/
cjs/event/dispatchEvent.js:22:26)
      at KeyboardHost.keydown 
(node_modules/@testing-library/user-event/dist/cjs/system/keyboard.js:76:22)
      at keyboardAction 
(node_modules/@testing-library/user-event/dist/cjs/keyboard/index.js:22:35)
      at Object.keyboard 
(node_modules/@testing-library/user-event/dist/cjs/keyboard/index.js:11:15)
      at Object.type 
(node_modules/@testing-library/user-event/dist/cjs/utility/type.js:17:5)
      at Object.<anonymous> (src/profile/profile.test.tsx:283:9)

    console.error
      Warning: An update to ProfilePage inside a test was not wrapped in 
act(...).
      
      When testing, code that causes React state updates should be wrapped 
into act(...):
      
      act(() => {
        /* fire events that update state */
      });
      /* assert on the output */
      
      This ensures that you're testing the behavior the user would see in the 
browser. Learn more at https://reactjs.org/link/wrap-tests-with-act
          at ProfilePage 
(C:\Users\samhe\OneDrive\Desktop\Cleaned\frontend\src\profile\index.tsx:25:41)
          at basenameProp (C:\Users\samhe\OneDrive\Desktop\Cleaned\frontend\nod
e_modules\react-router\lib\components.tsx:421:13)
          at basename (C:\Users\samhe\OneDrive\Desktop\Cleaned\frontend\node_mo
dules\react-router\lib\components.tsx:225:3)

      180 |               className="border border-gray-300 rounded-md px-3 
py-2 text-sm"
      181 |               value={newPassword}
    > 182 |               onChange={e => setNewPassword(e.target.value)}
          |                              ^
      183 |             />
      184 |             <p className="text-xs text-gray-500">
      185 |               Minimum 8 characters, at least 1 uppercase letter 
and 1 number.

      at printWarning 
(node_modules/react-dom/cjs/react-dom.development.js:86:30)
      at error (node_modules/react-dom/cjs/react-dom.development.js:60:7)
      at warnIfUpdatesNotWrappedWithActDEV 
(node_modules/react-dom/cjs/react-dom.development.js:27628:9)
      at scheduleUpdateOnFiber 
(node_modules/react-dom/cjs/react-dom.development.js:25547:5)
      at dispatchSetState 
(node_modules/react-dom/cjs/react-dom.development.js:16708:7)
      at onChange (src/profile/index.tsx:182:30)
      at HTMLUnknownElement.callCallback 
(node_modules/react-dom/cjs/react-dom.development.js:4164:14)
      at HTMLUnknownElement.callTheUserObjectsOperation 
(node_modules/jsdom/lib/jsdom/living/generated/EventListener.js:26:30)
      at innerInvokeEventListeners 
(node_modules/jsdom/lib/jsdom/living/events/EventTarget-impl.js:350:25)
      at invokeEventListeners 
(node_modules/jsdom/lib/jsdom/living/events/EventTarget-impl.js:286:3)
      at HTMLUnknownElementImpl._dispatch 
(node_modules/jsdom/lib/jsdom/living/events/EventTarget-impl.js:233:9)
      at HTMLUnknownElementImpl.dispatchEvent 
(node_modules/jsdom/lib/jsdom/living/events/EventTarget-impl.js:104:17)
      at HTMLUnknownElement.dispatchEvent 
(node_modules/jsdom/lib/jsdom/living/generated/EventTarget.js:241:34)
      at Object.invokeGuardedCallbackDev 
(node_modules/react-dom/cjs/react-dom.development.js:4213:16)
      at invokeGuardedCallback 
(node_modules/react-dom/cjs/react-dom.development.js:4277:31)
      at invokeGuardedCallbackAndCatchFirstError 
(node_modules/react-dom/cjs/react-dom.development.js:4291:25)
      at executeDispatch 
(node_modules/react-dom/cjs/react-dom.development.js:9041:3)
      at processDispatchQueueItemsInOrder 
(node_modules/react-dom/cjs/react-dom.development.js:9073:7)
      at processDispatchQueue 
(node_modules/react-dom/cjs/react-dom.development.js:9086:5)
      at dispatchEventsForPlugins 
(node_modules/react-dom/cjs/react-dom.development.js:9097:3)
      at node_modules/react-dom/cjs/react-dom.development.js:9288:12
      at batchedUpdates$1 
(node_modules/react-dom/cjs/react-dom.development.js:26179:12)
      at batchedUpdates 
(node_modules/react-dom/cjs/react-dom.development.js:3991:12)
      at dispatchEventForPluginEventSystem 
(node_modules/react-dom/cjs/react-dom.development.js:9287:3)
      at dispatchEventWithEnableCapturePhaseSelectiveHydrationWithoutDiscreteEv
entReplay (node_modules/react-dom/cjs/react-dom.development.js:6465:5)
      at dispatchEvent 
(node_modules/react-dom/cjs/react-dom.development.js:6457:5)
      at dispatchDiscreteEvent 
(node_modules/react-dom/cjs/react-dom.development.js:6430:5)
      at HTMLDivElement.callTheUserObjectsOperation 
(node_modules/jsdom/lib/jsdom/living/generated/EventListener.js:26:30)
      at innerInvokeEventListeners 
(node_modules/jsdom/lib/jsdom/living/events/EventTarget-impl.js:350:25)
      at invokeEventListeners 
(node_modules/jsdom/lib/jsdom/living/events/EventTarget-impl.js:286:3)
      at HTMLInputElementImpl._dispatch 
(node_modules/jsdom/lib/jsdom/living/events/EventTarget-impl.js:233:9)
      at HTMLInputElementImpl.dispatchEvent 
(node_modules/jsdom/lib/jsdom/living/events/EventTarget-impl.js:104:17)
      at HTMLInputElement.dispatchEvent 
(node_modules/jsdom/lib/jsdom/living/generated/EventTarget.js:241:34)
      at 
node_modules/@testing-library/user-event/dist/cjs/event/dispatchEvent.js:45:43
      at Object.eventWrapper 
(node_modules/@testing-library/dom/dist/config.js:25:23)
      at Object.wrapEvent 
(node_modules/@testing-library/user-event/dist/cjs/event/wrapEvent.js:6:28)
      at Object.dispatchEvent (node_modules/@testing-library/user-event/dist/cj
s/event/dispatchEvent.js:45:22)
      at Object.dispatchUIEvent (node_modules/@testing-library/user-event/dist/
cjs/event/dispatchEvent.js:22:26)
      at commitInput 
(node_modules/@testing-library/user-event/dist/cjs/event/input.js:145:14)
      at editInputElement 
(node_modules/@testing-library/user-event/dist/cjs/event/input.js:115:9)
      at Object.input 
(node_modules/@testing-library/user-event/dist/cjs/event/input.js:37:9)
      at node_modules/@testing-library/user-event/dist/cjs/event/behavior/keypr
ess.js:31:26
      at Object.dispatchEvent (node_modules/@testing-library/user-event/dist/cj
s/event/dispatchEvent.js:41:13)
      at Object.dispatchUIEvent (node_modules/@testing-library/user-event/dist/
cjs/event/dispatchEvent.js:22:26)
      at KeyboardHost.keydown 
(node_modules/@testing-library/user-event/dist/cjs/system/keyboard.js:76:22)
      at keyboardAction 
(node_modules/@testing-library/user-event/dist/cjs/keyboard/index.js:22:35)
      at Object.keyboard 
(node_modules/@testing-library/user-event/dist/cjs/keyboard/index.js:11:15)
      at Object.type 
(node_modules/@testing-library/user-event/dist/cjs/utility/type.js:17:5)
      at Object.<anonymous> (src/profile/profile.test.tsx:283:9)

    console.error
      Warning: An update to ProfilePage inside a test was not wrapped in 
act(...).
      
      When testing, code that causes React state updates should be wrapped 
into act(...):
      
      act(() => {
        /* fire events that update state */
      });
      /* assert on the output */
      
      This ensures that you're testing the behavior the user would see in the 
browser. Learn more at https://reactjs.org/link/wrap-tests-with-act
          at ProfilePage 
(C:\Users\samhe\OneDrive\Desktop\Cleaned\frontend\src\profile\index.tsx:25:41)
          at basenameProp (C:\Users\samhe\OneDrive\Desktop\Cleaned\frontend\nod
e_modules\react-router\lib\components.tsx:421:13)
          at basename (C:\Users\samhe\OneDrive\Desktop\Cleaned\frontend\node_mo
dules\react-router\lib\components.tsx:225:3)

      180 |               className="border border-gray-300 rounded-md px-3 
py-2 text-sm"
      181 |               value={newPassword}
    > 182 |               onChange={e => setNewPassword(e.target.value)}
          |                              ^
      183 |             />
      184 |             <p className="text-xs text-gray-500">
      185 |               Minimum 8 characters, at least 1 uppercase letter 
and 1 number.

      at printWarning 
(node_modules/react-dom/cjs/react-dom.development.js:86:30)
      at error (node_modules/react-dom/cjs/react-dom.development.js:60:7)
      at warnIfUpdatesNotWrappedWithActDEV 
(node_modules/react-dom/cjs/react-dom.development.js:27628:9)
      at scheduleUpdateOnFiber 
(node_modules/react-dom/cjs/react-dom.development.js:25547:5)
      at dispatchSetState 
(node_modules/react-dom/cjs/react-dom.development.js:16708:7)
      at onChange (src/profile/index.tsx:182:30)
      at HTMLUnknownElement.callCallback 
(node_modules/react-dom/cjs/react-dom.development.js:4164:14)
      at HTMLUnknownElement.callTheUserObjectsOperation 
(node_modules/jsdom/lib/jsdom/living/generated/EventListener.js:26:30)
      at innerInvokeEventListeners 
(node_modules/jsdom/lib/jsdom/living/events/EventTarget-impl.js:350:25)
      at invokeEventListeners 
(node_modules/jsdom/lib/jsdom/living/events/EventTarget-impl.js:286:3)
      at HTMLUnknownElementImpl._dispatch 
(node_modules/jsdom/lib/jsdom/living/events/EventTarget-impl.js:233:9)
      at HTMLUnknownElementImpl.dispatchEvent 
(node_modules/jsdom/lib/jsdom/living/events/EventTarget-impl.js:104:17)
      at HTMLUnknownElement.dispatchEvent 
(node_modules/jsdom/lib/jsdom/living/generated/EventTarget.js:241:34)
      at Object.invokeGuardedCallbackDev 
(node_modules/react-dom/cjs/react-dom.development.js:4213:16)
      at invokeGuardedCallback 
(node_modules/react-dom/cjs/react-dom.development.js:4277:31)
      at invokeGuardedCallbackAndCatchFirstError 
(node_modules/react-dom/cjs/react-dom.development.js:4291:25)
      at executeDispatch 
(node_modules/react-dom/cjs/react-dom.development.js:9041:3)
      at processDispatchQueueItemsInOrder 
(node_modules/react-dom/cjs/react-dom.development.js:9073:7)
      at processDispatchQueue 
(node_modules/react-dom/cjs/react-dom.development.js:9086:5)
      at dispatchEventsForPlugins 
(node_modules/react-dom/cjs/react-dom.development.js:9097:3)
      at node_modules/react-dom/cjs/react-dom.development.js:9288:12
      at batchedUpdates$1 
(node_modules/react-dom/cjs/react-dom.development.js:26179:12)
      at batchedUpdates 
(node_modules/react-dom/cjs/react-dom.development.js:3991:12)
      at dispatchEventForPluginEventSystem 
(node_modules/react-dom/cjs/react-dom.development.js:9287:3)
      at dispatchEventWithEnableCapturePhaseSelectiveHydrationWithoutDiscreteEv
entReplay (node_modules/react-dom/cjs/react-dom.development.js:6465:5)
      at dispatchEvent 
(node_modules/react-dom/cjs/react-dom.development.js:6457:5)
      at dispatchDiscreteEvent 
(node_modules/react-dom/cjs/react-dom.development.js:6430:5)
      at HTMLDivElement.callTheUserObjectsOperation 
(node_modules/jsdom/lib/jsdom/living/generated/EventListener.js:26:30)
      at innerInvokeEventListeners 
(node_modules/jsdom/lib/jsdom/living/events/EventTarget-impl.js:350:25)
      at invokeEventListeners 
(node_modules/jsdom/lib/jsdom/living/events/EventTarget-impl.js:286:3)
      at HTMLInputElementImpl._dispatch 
(node_modules/jsdom/lib/jsdom/living/events/EventTarget-impl.js:233:9)
      at HTMLInputElementImpl.dispatchEvent 
(node_modules/jsdom/lib/jsdom/living/events/EventTarget-impl.js:104:17)
      at HTMLInputElement.dispatchEvent 
(node_modules/jsdom/lib/jsdom/living/generated/EventTarget.js:241:34)
      at 
node_modules/@testing-library/user-event/dist/cjs/event/dispatchEvent.js:45:43
      at Object.eventWrapper 
(node_modules/@testing-library/dom/dist/config.js:25:23)
      at Object.wrapEvent 
(node_modules/@testing-library/user-event/dist/cjs/event/wrapEvent.js:6:28)
      at Object.dispatchEvent (node_modules/@testing-library/user-event/dist/cj
s/event/dispatchEvent.js:45:22)
      at Object.dispatchUIEvent (node_modules/@testing-library/user-event/dist/
cjs/event/dispatchEvent.js:22:26)
      at commitInput 
(node_modules/@testing-library/user-event/dist/cjs/event/input.js:145:14)
      at editInputElement 
(node_modules/@testing-library/user-event/dist/cjs/event/input.js:115:9)
      at Object.input 
(node_modules/@testing-library/user-event/dist/cjs/event/input.js:37:9)
      at node_modules/@testing-library/user-event/dist/cjs/event/behavior/keypr
ess.js:31:26
      at Object.dispatchEvent (node_modules/@testing-library/user-event/dist/cj
s/event/dispatchEvent.js:41:13)
      at Object.dispatchUIEvent (node_modules/@testing-library/user-event/dist/
cjs/event/dispatchEvent.js:22:26)
      at KeyboardHost.keydown 
(node_modules/@testing-library/user-event/dist/cjs/system/keyboard.js:76:22)
      at keyboardAction 
(node_modules/@testing-library/user-event/dist/cjs/keyboard/index.js:22:35)
      at Object.keyboard 
(node_modules/@testing-library/user-event/dist/cjs/keyboard/index.js:11:15)
      at Object.type 
(node_modules/@testing-library/user-event/dist/cjs/utility/type.js:17:5)
      at Object.<anonymous> (src/profile/profile.test.tsx:283:9)

    console.error
      Warning: An update to ProfilePage inside a test was not wrapped in 
act(...).
      
      When testing, code that causes React state updates should be wrapped 
into act(...):
      
      act(() => {
        /* fire events that update state */
      });
      /* assert on the output */
      
      This ensures that you're testing the behavior the user would see in the 
browser. Learn more at https://reactjs.org/link/wrap-tests-with-act
          at ProfilePage 
(C:\Users\samhe\OneDrive\Desktop\Cleaned\frontend\src\profile\index.tsx:25:41)
          at basenameProp (C:\Users\samhe\OneDrive\Desktop\Cleaned\frontend\nod
e_modules\react-router\lib\components.tsx:421:13)
          at basename (C:\Users\samhe\OneDrive\Desktop\Cleaned\frontend\node_mo
dules\react-router\lib\components.tsx:225:3)

      180 |               className="border border-gray-300 rounded-md px-3 
py-2 text-sm"
      181 |               value={newPassword}
    > 182 |               onChange={e => setNewPassword(e.target.value)}
          |                              ^
      183 |             />
      184 |             <p className="text-xs text-gray-500">
      185 |               Minimum 8 characters, at least 1 uppercase letter 
and 1 number.

      at printWarning 
(node_modules/react-dom/cjs/react-dom.development.js:86:30)
      at error (node_modules/react-dom/cjs/react-dom.development.js:60:7)
      at warnIfUpdatesNotWrappedWithActDEV 
(node_modules/react-dom/cjs/react-dom.development.js:27628:9)
      at scheduleUpdateOnFiber 
(node_modules/react-dom/cjs/react-dom.development.js:25547:5)
      at dispatchSetState 
(node_modules/react-dom/cjs/react-dom.development.js:16708:7)
      at onChange (src/profile/index.tsx:182:30)
      at HTMLUnknownElement.callCallback 
(node_modules/react-dom/cjs/react-dom.development.js:4164:14)
      at HTMLUnknownElement.callTheUserObjectsOperation 
(node_modules/jsdom/lib/jsdom/living/generated/EventListener.js:26:30)
      at innerInvokeEventListeners 
(node_modules/jsdom/lib/jsdom/living/events/EventTarget-impl.js:350:25)
      at invokeEventListeners 
(node_modules/jsdom/lib/jsdom/living/events/EventTarget-impl.js:286:3)
      at HTMLUnknownElementImpl._dispatch 
(node_modules/jsdom/lib/jsdom/living/events/EventTarget-impl.js:233:9)
      at HTMLUnknownElementImpl.dispatchEvent 
(node_modules/jsdom/lib/jsdom/living/events/EventTarget-impl.js:104:17)
      at HTMLUnknownElement.dispatchEvent 
(node_modules/jsdom/lib/jsdom/living/generated/EventTarget.js:241:34)
      at Object.invokeGuardedCallbackDev 
(node_modules/react-dom/cjs/react-dom.development.js:4213:16)
      at invokeGuardedCallback 
(node_modules/react-dom/cjs/react-dom.development.js:4277:31)
      at invokeGuardedCallbackAndCatchFirstError 
(node_modules/react-dom/cjs/react-dom.development.js:4291:25)
      at executeDispatch 
(node_modules/react-dom/cjs/react-dom.development.js:9041:3)
      at processDispatchQueueItemsInOrder 
(node_modules/react-dom/cjs/react-dom.development.js:9073:7)
      at processDispatchQueue 
(node_modules/react-dom/cjs/react-dom.development.js:9086:5)
      at dispatchEventsForPlugins 
(node_modules/react-dom/cjs/react-dom.development.js:9097:3)
      at node_modules/react-dom/cjs/react-dom.development.js:9288:12
      at batchedUpdates$1 
(node_modules/react-dom/cjs/react-dom.development.js:26179:12)
      at batchedUpdates 
(node_modules/react-dom/cjs/react-dom.development.js:3991:12)
      at dispatchEventForPluginEventSystem 
(node_modules/react-dom/cjs/react-dom.development.js:9287:3)
      at dispatchEventWithEnableCapturePhaseSelectiveHydrationWithoutDiscreteEv
entReplay (node_modules/react-dom/cjs/react-dom.development.js:6465:5)
      at dispatchEvent 
(node_modules/react-dom/cjs/react-dom.development.js:6457:5)
      at dispatchDiscreteEvent 
(node_modules/react-dom/cjs/react-dom.development.js:6430:5)
      at HTMLDivElement.callTheUserObjectsOperation 
(node_modules/jsdom/lib/jsdom/living/generated/EventListener.js:26:30)
      at innerInvokeEventListeners 
(node_modules/jsdom/lib/jsdom/living/events/EventTarget-impl.js:350:25)
      at invokeEventListeners 
(node_modules/jsdom/lib/jsdom/living/events/EventTarget-impl.js:286:3)
      at HTMLInputElementImpl._dispatch 
(node_modules/jsdom/lib/jsdom/living/events/EventTarget-impl.js:233:9)
      at HTMLInputElementImpl.dispatchEvent 
(node_modules/jsdom/lib/jsdom/living/events/EventTarget-impl.js:104:17)
      at HTMLInputElement.dispatchEvent 
(node_modules/jsdom/lib/jsdom/living/generated/EventTarget.js:241:34)
      at 
node_modules/@testing-library/user-event/dist/cjs/event/dispatchEvent.js:45:43
      at Object.eventWrapper 
(node_modules/@testing-library/dom/dist/config.js:25:23)
      at Object.wrapEvent 
(node_modules/@testing-library/user-event/dist/cjs/event/wrapEvent.js:6:28)
      at Object.dispatchEvent (node_modules/@testing-library/user-event/dist/cj
s/event/dispatchEvent.js:45:22)
      at Object.dispatchUIEvent (node_modules/@testing-library/user-event/dist/
cjs/event/dispatchEvent.js:22:26)
      at commitInput 
(node_modules/@testing-library/user-event/dist/cjs/event/input.js:145:14)
      at editInputElement 
(node_modules/@testing-library/user-event/dist/cjs/event/input.js:115:9)
      at Object.input 
(node_modules/@testing-library/user-event/dist/cjs/event/input.js:37:9)
      at node_modules/@testing-library/user-event/dist/cjs/event/behavior/keypr
ess.js:31:26
      at Object.dispatchEvent (node_modules/@testing-library/user-event/dist/cj
s/event/dispatchEvent.js:41:13)
      at Object.dispatchUIEvent (node_modules/@testing-library/user-event/dist/
cjs/event/dispatchEvent.js:22:26)
      at KeyboardHost.keydown 
(node_modules/@testing-library/user-event/dist/cjs/system/keyboard.js:76:22)
      at keyboardAction 
(node_modules/@testing-library/user-event/dist/cjs/keyboard/index.js:22:35)
      at Object.keyboard 
(node_modules/@testing-library/user-event/dist/cjs/keyboard/index.js:11:15)
      at Object.type 
(node_modules/@testing-library/user-event/dist/cjs/utility/type.js:17:5)
      at Object.<anonymous> (src/profile/profile.test.tsx:283:9)

    console.error
      Warning: An update to ProfilePage inside a test was not wrapped in 
act(...).
      
      When testing, code that causes React state updates should be wrapped 
into act(...):
      
      act(() => {
        /* fire events that update state */
      });
      /* assert on the output */
      
      This ensures that you're testing the behavior the user would see in the 
browser. Learn more at https://reactjs.org/link/wrap-tests-with-act
          at ProfilePage 
(C:\Users\samhe\OneDrive\Desktop\Cleaned\frontend\src\profile\index.tsx:25:41)
          at basenameProp (C:\Users\samhe\OneDrive\Desktop\Cleaned\frontend\nod
e_modules\react-router\lib\components.tsx:421:13)
          at basename (C:\Users\samhe\OneDrive\Desktop\Cleaned\frontend\node_mo
dules\react-router\lib\components.tsx:225:3)

      180 |               className="border border-gray-300 rounded-md px-3 
py-2 text-sm"
      181 |               value={newPassword}
    > 182 |               onChange={e => setNewPassword(e.target.value)}
          |                              ^
      183 |             />
      184 |             <p className="text-xs text-gray-500">
      185 |               Minimum 8 characters, at least 1 uppercase letter 
and 1 number.

      at printWarning 
(node_modules/react-dom/cjs/react-dom.development.js:86:30)
      at error (node_modules/react-dom/cjs/react-dom.development.js:60:7)
      at warnIfUpdatesNotWrappedWithActDEV 
(node_modules/react-dom/cjs/react-dom.development.js:27628:9)
      at scheduleUpdateOnFiber 
(node_modules/react-dom/cjs/react-dom.development.js:25547:5)
      at dispatchSetState 
(node_modules/react-dom/cjs/react-dom.development.js:16708:7)
      at onChange (src/profile/index.tsx:182:30)
      at HTMLUnknownElement.callCallback 
(node_modules/react-dom/cjs/react-dom.development.js:4164:14)
      at HTMLUnknownElement.callTheUserObjectsOperation 
(node_modules/jsdom/lib/jsdom/living/generated/EventListener.js:26:30)
      at innerInvokeEventListeners 
(node_modules/jsdom/lib/jsdom/living/events/EventTarget-impl.js:350:25)
      at invokeEventListeners 
(node_modules/jsdom/lib/jsdom/living/events/EventTarget-impl.js:286:3)
      at HTMLUnknownElementImpl._dispatch 
(node_modules/jsdom/lib/jsdom/living/events/EventTarget-impl.js:233:9)
      at HTMLUnknownElementImpl.dispatchEvent 
(node_modules/jsdom/lib/jsdom/living/events/EventTarget-impl.js:104:17)
      at HTMLUnknownElement.dispatchEvent 
(node_modules/jsdom/lib/jsdom/living/generated/EventTarget.js:241:34)
      at Object.invokeGuardedCallbackDev 
(node_modules/react-dom/cjs/react-dom.development.js:4213:16)
      at invokeGuardedCallback 
(node_modules/react-dom/cjs/react-dom.development.js:4277:31)
      at invokeGuardedCallbackAndCatchFirstError 
(node_modules/react-dom/cjs/react-dom.development.js:4291:25)
      at executeDispatch 
(node_modules/react-dom/cjs/react-dom.development.js:9041:3)
      at processDispatchQueueItemsInOrder 
(node_modules/react-dom/cjs/react-dom.development.js:9073:7)
      at processDispatchQueue 
(node_modules/react-dom/cjs/react-dom.development.js:9086:5)
      at dispatchEventsForPlugins 
(node_modules/react-dom/cjs/react-dom.development.js:9097:3)
      at node_modules/react-dom/cjs/react-dom.development.js:9288:12
      at batchedUpdates$1 
(node_modules/react-dom/cjs/react-dom.development.js:26179:12)
      at batchedUpdates 
(node_modules/react-dom/cjs/react-dom.development.js:3991:12)
      at dispatchEventForPluginEventSystem 
(node_modules/react-dom/cjs/react-dom.development.js:9287:3)
      at dispatchEventWithEnableCapturePhaseSelectiveHydrationWithoutDiscreteEv
entReplay (node_modules/react-dom/cjs/react-dom.development.js:6465:5)
      at dispatchEvent 
(node_modules/react-dom/cjs/react-dom.development.js:6457:5)
      at dispatchDiscreteEvent 
(node_modules/react-dom/cjs/react-dom.development.js:6430:5)
      at HTMLDivElement.callTheUserObjectsOperation 
(node_modules/jsdom/lib/jsdom/living/generated/EventListener.js:26:30)
      at innerInvokeEventListeners 
(node_modules/jsdom/lib/jsdom/living/events/EventTarget-impl.js:350:25)
      at invokeEventListeners 
(node_modules/jsdom/lib/jsdom/living/events/EventTarget-impl.js:286:3)
      at HTMLInputElementImpl._dispatch 
(node_modules/jsdom/lib/jsdom/living/events/EventTarget-impl.js:233:9)
      at HTMLInputElementImpl.dispatchEvent 
(node_modules/jsdom/lib/jsdom/living/events/EventTarget-impl.js:104:17)
      at HTMLInputElement.dispatchEvent 
(node_modules/jsdom/lib/jsdom/living/generated/EventTarget.js:241:34)
      at 
node_modules/@testing-library/user-event/dist/cjs/event/dispatchEvent.js:45:43
      at Object.eventWrapper 
(node_modules/@testing-library/dom/dist/config.js:25:23)
      at Object.wrapEvent 
(node_modules/@testing-library/user-event/dist/cjs/event/wrapEvent.js:6:28)
      at Object.dispatchEvent (node_modules/@testing-library/user-event/dist/cj
s/event/dispatchEvent.js:45:22)
      at Object.dispatchUIEvent (node_modules/@testing-library/user-event/dist/
cjs/event/dispatchEvent.js:22:26)
      at commitInput 
(node_modules/@testing-library/user-event/dist/cjs/event/input.js:145:14)
      at editInputElement 
(node_modules/@testing-library/user-event/dist/cjs/event/input.js:115:9)
      at Object.input 
(node_modules/@testing-library/user-event/dist/cjs/event/input.js:37:9)
      at node_modules/@testing-library/user-event/dist/cjs/event/behavior/keypr
ess.js:31:26
      at Object.dispatchEvent (node_modules/@testing-library/user-event/dist/cj
s/event/dispatchEvent.js:41:13)
      at Object.dispatchUIEvent (node_modules/@testing-library/user-event/dist/
cjs/event/dispatchEvent.js:22:26)
      at KeyboardHost.keydown 
(node_modules/@testing-library/user-event/dist/cjs/system/keyboard.js:76:22)
      at keyboardAction 
(node_modules/@testing-library/user-event/dist/cjs/keyboard/index.js:22:35)
      at Object.keyboard 
(node_modules/@testing-library/user-event/dist/cjs/keyboard/index.js:11:15)
      at Object.type 
(node_modules/@testing-library/user-event/dist/cjs/utility/type.js:17:5)
      at Object.<anonymous> (src/profile/profile.test.tsx:283:9)

    console.error
      Warning: An update to ProfilePage inside a test was not wrapped in 
act(...).
      
      When testing, code that causes React state updates should be wrapped 
into act(...):
      
      act(() => {
        /* fire events that update state */
      });
      /* assert on the output */
      
      This ensures that you're testing the behavior the user would see in the 
browser. Learn more at https://reactjs.org/link/wrap-tests-with-act
          at ProfilePage 
(C:\Users\samhe\OneDrive\Desktop\Cleaned\frontend\src\profile\index.tsx:25:41)
          at basenameProp (C:\Users\samhe\OneDrive\Desktop\Cleaned\frontend\nod
e_modules\react-router\lib\components.tsx:421:13)
          at basename (C:\Users\samhe\OneDrive\Desktop\Cleaned\frontend\node_mo
dules\react-router\lib\components.tsx:225:3)

      180 |               className="border border-gray-300 rounded-md px-3 
py-2 text-sm"
      181 |               value={newPassword}
    > 182 |               onChange={e => setNewPassword(e.target.value)}
          |                              ^
      183 |             />
      184 |             <p className="text-xs text-gray-500">
      185 |               Minimum 8 characters, at least 1 uppercase letter 
and 1 number.

      at printWarning 
(node_modules/react-dom/cjs/react-dom.development.js:86:30)
      at error (node_modules/react-dom/cjs/react-dom.development.js:60:7)
      at warnIfUpdatesNotWrappedWithActDEV 
(node_modules/react-dom/cjs/react-dom.development.js:27628:9)
      at scheduleUpdateOnFiber 
(node_modules/react-dom/cjs/react-dom.development.js:25547:5)
      at dispatchSetState 
(node_modules/react-dom/cjs/react-dom.development.js:16708:7)
      at onChange (src/profile/index.tsx:182:30)
      at HTMLUnknownElement.callCallback 
(node_modules/react-dom/cjs/react-dom.development.js:4164:14)
      at HTMLUnknownElement.callTheUserObjectsOperation 
(node_modules/jsdom/lib/jsdom/living/generated/EventListener.js:26:30)
      at innerInvokeEventListeners 
(node_modules/jsdom/lib/jsdom/living/events/EventTarget-impl.js:350:25)
      at invokeEventListeners 
(node_modules/jsdom/lib/jsdom/living/events/EventTarget-impl.js:286:3)
      at HTMLUnknownElementImpl._dispatch 
(node_modules/jsdom/lib/jsdom/living/events/EventTarget-impl.js:233:9)
      at HTMLUnknownElementImpl.dispatchEvent 
(node_modules/jsdom/lib/jsdom/living/events/EventTarget-impl.js:104:17)
      at HTMLUnknownElement.dispatchEvent 
(node_modules/jsdom/lib/jsdom/living/generated/EventTarget.js:241:34)
      at Object.invokeGuardedCallbackDev 
(node_modules/react-dom/cjs/react-dom.development.js:4213:16)
      at invokeGuardedCallback 
(node_modules/react-dom/cjs/react-dom.development.js:4277:31)
      at invokeGuardedCallbackAndCatchFirstError 
(node_modules/react-dom/cjs/react-dom.development.js:4291:25)
      at executeDispatch 
(node_modules/react-dom/cjs/react-dom.development.js:9041:3)
      at processDispatchQueueItemsInOrder 
(node_modules/react-dom/cjs/react-dom.development.js:9073:7)
      at processDispatchQueue 
(node_modules/react-dom/cjs/react-dom.development.js:9086:5)
      at dispatchEventsForPlugins 
(node_modules/react-dom/cjs/react-dom.development.js:9097:3)
      at node_modules/react-dom/cjs/react-dom.development.js:9288:12
      at batchedUpdates$1 
(node_modules/react-dom/cjs/react-dom.development.js:26179:12)
      at batchedUpdates 
(node_modules/react-dom/cjs/react-dom.development.js:3991:12)
      at dispatchEventForPluginEventSystem 
(node_modules/react-dom/cjs/react-dom.development.js:9287:3)
      at dispatchEventWithEnableCapturePhaseSelectiveHydrationWithoutDiscreteEv
entReplay (node_modules/react-dom/cjs/react-dom.development.js:6465:5)
      at dispatchEvent 
(node_modules/react-dom/cjs/react-dom.development.js:6457:5)
      at dispatchDiscreteEvent 
(node_modules/react-dom/cjs/react-dom.development.js:6430:5)
      at HTMLDivElement.callTheUserObjectsOperation 
(node_modules/jsdom/lib/jsdom/living/generated/EventListener.js:26:30)
      at innerInvokeEventListeners 
(node_modules/jsdom/lib/jsdom/living/events/EventTarget-impl.js:350:25)
      at invokeEventListeners 
(node_modules/jsdom/lib/jsdom/living/events/EventTarget-impl.js:286:3)
      at HTMLInputElementImpl._dispatch 
(node_modules/jsdom/lib/jsdom/living/events/EventTarget-impl.js:233:9)
      at HTMLInputElementImpl.dispatchEvent 
(node_modules/jsdom/lib/jsdom/living/events/EventTarget-impl.js:104:17)
      at HTMLInputElement.dispatchEvent 
(node_modules/jsdom/lib/jsdom/living/generated/EventTarget.js:241:34)
      at 
node_modules/@testing-library/user-event/dist/cjs/event/dispatchEvent.js:45:43
      at Object.eventWrapper 
(node_modules/@testing-library/dom/dist/config.js:25:23)
      at Object.wrapEvent 
(node_modules/@testing-library/user-event/dist/cjs/event/wrapEvent.js:6:28)
      at Object.dispatchEvent (node_modules/@testing-library/user-event/dist/cj
s/event/dispatchEvent.js:45:22)
      at Object.dispatchUIEvent (node_modules/@testing-library/user-event/dist/
cjs/event/dispatchEvent.js:22:26)
      at commitInput 
(node_modules/@testing-library/user-event/dist/cjs/event/input.js:145:14)
      at editInputElement 
(node_modules/@testing-library/user-event/dist/cjs/event/input.js:115:9)
      at Object.input 
(node_modules/@testing-library/user-event/dist/cjs/event/input.js:37:9)
      at node_modules/@testing-library/user-event/dist/cjs/event/behavior/keypr
ess.js:31:26
      at Object.dispatchEvent (node_modules/@testing-library/user-event/dist/cj
s/event/dispatchEvent.js:41:13)
      at Object.dispatchUIEvent (node_modules/@testing-library/user-event/dist/
cjs/event/dispatchEvent.js:22:26)
      at KeyboardHost.keydown 
(node_modules/@testing-library/user-event/dist/cjs/system/keyboard.js:76:22)
      at keyboardAction 
(node_modules/@testing-library/user-event/dist/cjs/keyboard/index.js:22:35)
      at Object.keyboard 
(node_modules/@testing-library/user-event/dist/cjs/keyboard/index.js:11:15)
      at Object.type 
(node_modules/@testing-library/user-event/dist/cjs/utility/type.js:17:5)
      at Object.<anonymous> (src/profile/profile.test.tsx:283:9)

    console.error
      Warning: An update to ProfilePage inside a test was not wrapped in 
act(...).
      
      When testing, code that causes React state updates should be wrapped 
into act(...):
      
      act(() => {
        /* fire events that update state */
      });
      /* assert on the output */
      
      This ensures that you're testing the behavior the user would see in the 
browser. Learn more at https://reactjs.org/link/wrap-tests-with-act
          at ProfilePage 
(C:\Users\samhe\OneDrive\Desktop\Cleaned\frontend\src\profile\index.tsx:25:41)
          at basenameProp (C:\Users\samhe\OneDrive\Desktop\Cleaned\frontend\nod
e_modules\react-router\lib\components.tsx:421:13)
          at basename (C:\Users\samhe\OneDrive\Desktop\Cleaned\frontend\node_mo
dules\react-router\lib\components.tsx:225:3)

      180 |               className="border border-gray-300 rounded-md px-3 
py-2 text-sm"
      181 |               value={newPassword}
    > 182 |               onChange={e => setNewPassword(e.target.value)}
          |                              ^
      183 |             />
      184 |             <p className="text-xs text-gray-500">
      185 |               Minimum 8 characters, at least 1 uppercase letter 
and 1 number.

      at printWarning 
(node_modules/react-dom/cjs/react-dom.development.js:86:30)
      at error (node_modules/react-dom/cjs/react-dom.development.js:60:7)
      at warnIfUpdatesNotWrappedWithActDEV 
(node_modules/react-dom/cjs/react-dom.development.js:27628:9)
      at scheduleUpdateOnFiber 
(node_modules/react-dom/cjs/react-dom.development.js:25547:5)
      at dispatchSetState 
(node_modules/react-dom/cjs/react-dom.development.js:16708:7)
      at onChange (src/profile/index.tsx:182:30)
      at HTMLUnknownElement.callCallback 
(node_modules/react-dom/cjs/react-dom.development.js:4164:14)
      at HTMLUnknownElement.callTheUserObjectsOperation 
(node_modules/jsdom/lib/jsdom/living/generated/EventListener.js:26:30)
      at innerInvokeEventListeners 
(node_modules/jsdom/lib/jsdom/living/events/EventTarget-impl.js:350:25)
      at invokeEventListeners 
(node_modules/jsdom/lib/jsdom/living/events/EventTarget-impl.js:286:3)
      at HTMLUnknownElementImpl._dispatch 
(node_modules/jsdom/lib/jsdom/living/events/EventTarget-impl.js:233:9)
      at HTMLUnknownElementImpl.dispatchEvent 
(node_modules/jsdom/lib/jsdom/living/events/EventTarget-impl.js:104:17)
      at HTMLUnknownElement.dispatchEvent 
(node_modules/jsdom/lib/jsdom/living/generated/EventTarget.js:241:34)
      at Object.invokeGuardedCallbackDev 
(node_modules/react-dom/cjs/react-dom.development.js:4213:16)
      at invokeGuardedCallback 
(node_modules/react-dom/cjs/react-dom.development.js:4277:31)
      at invokeGuardedCallbackAndCatchFirstError 
(node_modules/react-dom/cjs/react-dom.development.js:4291:25)
      at executeDispatch 
(node_modules/react-dom/cjs/react-dom.development.js:9041:3)
      at processDispatchQueueItemsInOrder 
(node_modules/react-dom/cjs/react-dom.development.js:9073:7)
      at processDispatchQueue 
(node_modules/react-dom/cjs/react-dom.development.js:9086:5)
      at dispatchEventsForPlugins 
(node_modules/react-dom/cjs/react-dom.development.js:9097:3)
      at node_modules/react-dom/cjs/react-dom.development.js:9288:12
      at batchedUpdates$1 
(node_modules/react-dom/cjs/react-dom.development.js:26179:12)
      at batchedUpdates 
(node_modules/react-dom/cjs/react-dom.development.js:3991:12)
      at dispatchEventForPluginEventSystem 
(node_modules/react-dom/cjs/react-dom.development.js:9287:3)
      at dispatchEventWithEnableCapturePhaseSelectiveHydrationWithoutDiscreteEv
entReplay (node_modules/react-dom/cjs/react-dom.development.js:6465:5)
      at dispatchEvent 
(node_modules/react-dom/cjs/react-dom.development.js:6457:5)
      at dispatchDiscreteEvent 
(node_modules/react-dom/cjs/react-dom.development.js:6430:5)
      at HTMLDivElement.callTheUserObjectsOperation 
(node_modules/jsdom/lib/jsdom/living/generated/EventListener.js:26:30)
      at innerInvokeEventListeners 
(node_modules/jsdom/lib/jsdom/living/events/EventTarget-impl.js:350:25)
      at invokeEventListeners 
(node_modules/jsdom/lib/jsdom/living/events/EventTarget-impl.js:286:3)
      at HTMLInputElementImpl._dispatch 
(node_modules/jsdom/lib/jsdom/living/events/EventTarget-impl.js:233:9)
      at HTMLInputElementImpl.dispatchEvent 
(node_modules/jsdom/lib/jsdom/living/events/EventTarget-impl.js:104:17)
      at HTMLInputElement.dispatchEvent 
(node_modules/jsdom/lib/jsdom/living/generated/EventTarget.js:241:34)
      at 
node_modules/@testing-library/user-event/dist/cjs/event/dispatchEvent.js:45:43
      at Object.eventWrapper 
(node_modules/@testing-library/dom/dist/config.js:25:23)
      at Object.wrapEvent 
(node_modules/@testing-library/user-event/dist/cjs/event/wrapEvent.js:6:28)
      at Object.dispatchEvent (node_modules/@testing-library/user-event/dist/cj
s/event/dispatchEvent.js:45:22)
      at Object.dispatchUIEvent (node_modules/@testing-library/user-event/dist/
cjs/event/dispatchEvent.js:22:26)
      at commitInput 
(node_modules/@testing-library/user-event/dist/cjs/event/input.js:145:14)
      at editInputElement 
(node_modules/@testing-library/user-event/dist/cjs/event/input.js:115:9)
      at Object.input 
(node_modules/@testing-library/user-event/dist/cjs/event/input.js:37:9)
      at node_modules/@testing-library/user-event/dist/cjs/event/behavior/keypr
ess.js:31:26
      at Object.dispatchEvent (node_modules/@testing-library/user-event/dist/cj
s/event/dispatchEvent.js:41:13)
      at Object.dispatchUIEvent (node_modules/@testing-library/user-event/dist/
cjs/event/dispatchEvent.js:22:26)
      at KeyboardHost.keydown 
(node_modules/@testing-library/user-event/dist/cjs/system/keyboard.js:76:22)
      at keyboardAction 
(node_modules/@testing-library/user-event/dist/cjs/keyboard/index.js:22:35)
      at Object.keyboard 
(node_modules/@testing-library/user-event/dist/cjs/keyboard/index.js:11:15)
      at Object.type 
(node_modules/@testing-library/user-event/dist/cjs/utility/type.js:17:5)
      at Object.<anonymous> (src/profile/profile.test.tsx:283:9)

    console.error
      Warning: An update to ProfilePage inside a test was not wrapped in 
act(...).
      
      When testing, code that causes React state updates should be wrapped 
into act(...):
      
      act(() => {
        /* fire events that update state */
      });
      /* assert on the output */
      
      This ensures that you're testing the behavior the user would see in the 
browser. Learn more at https://reactjs.org/link/wrap-tests-with-act
          at ProfilePage 
(C:\Users\samhe\OneDrive\Desktop\Cleaned\frontend\src\profile\index.tsx:25:41)
          at basenameProp (C:\Users\samhe\OneDrive\Desktop\Cleaned\frontend\nod
e_modules\react-router\lib\components.tsx:421:13)
          at basename (C:\Users\samhe\OneDrive\Desktop\Cleaned\frontend\node_mo
dules\react-router\lib\components.tsx:225:3)

      180 |               className="border border-gray-300 rounded-md px-3 
py-2 text-sm"
      181 |               value={newPassword}
    > 182 |               onChange={e => setNewPassword(e.target.value)}
          |                              ^
      183 |             />
      184 |             <p className="text-xs text-gray-500">
      185 |               Minimum 8 characters, at least 1 uppercase letter 
and 1 number.

      at printWarning 
(node_modules/react-dom/cjs/react-dom.development.js:86:30)
      at error (node_modules/react-dom/cjs/react-dom.development.js:60:7)
      at warnIfUpdatesNotWrappedWithActDEV 
(node_modules/react-dom/cjs/react-dom.development.js:27628:9)
      at scheduleUpdateOnFiber 
(node_modules/react-dom/cjs/react-dom.development.js:25547:5)
      at dispatchSetState 
(node_modules/react-dom/cjs/react-dom.development.js:16708:7)
      at onChange (src/profile/index.tsx:182:30)
      at HTMLUnknownElement.callCallback 
(node_modules/react-dom/cjs/react-dom.development.js:4164:14)
      at HTMLUnknownElement.callTheUserObjectsOperation 
(node_modules/jsdom/lib/jsdom/living/generated/EventListener.js:26:30)
      at innerInvokeEventListeners 
(node_modules/jsdom/lib/jsdom/living/events/EventTarget-impl.js:350:25)
      at invokeEventListeners 
(node_modules/jsdom/lib/jsdom/living/events/EventTarget-impl.js:286:3)
      at HTMLUnknownElementImpl._dispatch 
(node_modules/jsdom/lib/jsdom/living/events/EventTarget-impl.js:233:9)
      at HTMLUnknownElementImpl.dispatchEvent 
(node_modules/jsdom/lib/jsdom/living/events/EventTarget-impl.js:104:17)
      at HTMLUnknownElement.dispatchEvent 
(node_modules/jsdom/lib/jsdom/living/generated/EventTarget.js:241:34)
      at Object.invokeGuardedCallbackDev 
(node_modules/react-dom/cjs/react-dom.development.js:4213:16)
      at invokeGuardedCallback 
(node_modules/react-dom/cjs/react-dom.development.js:4277:31)
      at invokeGuardedCallbackAndCatchFirstError 
(node_modules/react-dom/cjs/react-dom.development.js:4291:25)
      at executeDispatch 
(node_modules/react-dom/cjs/react-dom.development.js:9041:3)
      at processDispatchQueueItemsInOrder 
(node_modules/react-dom/cjs/react-dom.development.js:9073:7)
      at processDispatchQueue 
(node_modules/react-dom/cjs/react-dom.development.js:9086:5)
      at dispatchEventsForPlugins 
(node_modules/react-dom/cjs/react-dom.development.js:9097:3)
      at node_modules/react-dom/cjs/react-dom.development.js:9288:12
      at batchedUpdates$1 
(node_modules/react-dom/cjs/react-dom.development.js:26179:12)
      at batchedUpdates 
(node_modules/react-dom/cjs/react-dom.development.js:3991:12)
      at dispatchEventForPluginEventSystem 
(node_modules/react-dom/cjs/react-dom.development.js:9287:3)
      at dispatchEventWithEnableCapturePhaseSelectiveHydrationWithoutDiscreteEv
entReplay (node_modules/react-dom/cjs/react-dom.development.js:6465:5)
      at dispatchEvent 
(node_modules/react-dom/cjs/react-dom.development.js:6457:5)
      at dispatchDiscreteEvent 
(node_modules/react-dom/cjs/react-dom.development.js:6430:5)
      at HTMLDivElement.callTheUserObjectsOperation 
(node_modules/jsdom/lib/jsdom/living/generated/EventListener.js:26:30)
      at innerInvokeEventListeners 
(node_modules/jsdom/lib/jsdom/living/events/EventTarget-impl.js:350:25)
      at invokeEventListeners 
(node_modules/jsdom/lib/jsdom/living/events/EventTarget-impl.js:286:3)
      at HTMLInputElementImpl._dispatch 
(node_modules/jsdom/lib/jsdom/living/events/EventTarget-impl.js:233:9)
      at HTMLInputElementImpl.dispatchEvent 
(node_modules/jsdom/lib/jsdom/living/events/EventTarget-impl.js:104:17)
      at HTMLInputElement.dispatchEvent 
(node_modules/jsdom/lib/jsdom/living/generated/EventTarget.js:241:34)
      at 
node_modules/@testing-library/user-event/dist/cjs/event/dispatchEvent.js:45:43
      at Object.eventWrapper 
(node_modules/@testing-library/dom/dist/config.js:25:23)
      at Object.wrapEvent 
(node_modules/@testing-library/user-event/dist/cjs/event/wrapEvent.js:6:28)
      at Object.dispatchEvent (node_modules/@testing-library/user-event/dist/cj
s/event/dispatchEvent.js:45:22)
      at Object.dispatchUIEvent (node_modules/@testing-library/user-event/dist/
cjs/event/dispatchEvent.js:22:26)
      at commitInput 
(node_modules/@testing-library/user-event/dist/cjs/event/input.js:145:14)
      at editInputElement 
(node_modules/@testing-library/user-event/dist/cjs/event/input.js:115:9)
      at Object.input 
(node_modules/@testing-library/user-event/dist/cjs/event/input.js:37:9)
      at node_modules/@testing-library/user-event/dist/cjs/event/behavior/keypr
ess.js:31:26
      at Object.dispatchEvent (node_modules/@testing-library/user-event/dist/cj
s/event/dispatchEvent.js:41:13)
      at Object.dispatchUIEvent (node_modules/@testing-library/user-event/dist/
cjs/event/dispatchEvent.js:22:26)
      at KeyboardHost.keydown 
(node_modules/@testing-library/user-event/dist/cjs/system/keyboard.js:76:22)
      at keyboardAction 
(node_modules/@testing-library/user-event/dist/cjs/keyboard/index.js:22:35)
      at Object.keyboard 
(node_modules/@testing-library/user-event/dist/cjs/keyboard/index.js:11:15)
      at Object.type 
(node_modules/@testing-library/user-event/dist/cjs/utility/type.js:17:5)
      at Object.<anonymous> (src/profile/profile.test.tsx:283:9)

    console.error
      Warning: An update to ProfilePage inside a test was not wrapped in 
act(...).
      
      When testing, code that causes React state updates should be wrapped 
into act(...):
      
      act(() => {
        /* fire events that update state */
      });
      /* assert on the output */
      
      This ensures that you're testing the behavior the user would see in the 
browser. Learn more at https://reactjs.org/link/wrap-tests-with-act
          at ProfilePage 
(C:\Users\samhe\OneDrive\Desktop\Cleaned\frontend\src\profile\index.tsx:25:41)
          at basenameProp (C:\Users\samhe\OneDrive\Desktop\Cleaned\frontend\nod
e_modules\react-router\lib\components.tsx:421:13)
          at basename (C:\Users\samhe\OneDrive\Desktop\Cleaned\frontend\node_mo
dules\react-router\lib\components.tsx:225:3)

      196 |               className="border border-gray-300 rounded-md px-3 
py-2 text-sm"
      197 |               value={confirmPassword}
    > 198 |               onChange={e => setConfirmPassword(e.target.value)}
          |                              ^
      199 |             />
      200 |             {confirmPassword && !passwordsMatch && (
      201 |               <p className="text-sm text-red-600">Passwords do not 
match</p>

      at printWarning 
(node_modules/react-dom/cjs/react-dom.development.js:86:30)
      at error (node_modules/react-dom/cjs/react-dom.development.js:60:7)
      at warnIfUpdatesNotWrappedWithActDEV 
(node_modules/react-dom/cjs/react-dom.development.js:27628:9)
      at scheduleUpdateOnFiber 
(node_modules/react-dom/cjs/react-dom.development.js:25547:5)
      at dispatchSetState 
(node_modules/react-dom/cjs/react-dom.development.js:16708:7)
      at onChange (src/profile/index.tsx:198:30)
      at HTMLUnknownElement.callCallback 
(node_modules/react-dom/cjs/react-dom.development.js:4164:14)
      at HTMLUnknownElement.callTheUserObjectsOperation 
(node_modules/jsdom/lib/jsdom/living/generated/EventListener.js:26:30)
      at innerInvokeEventListeners 
(node_modules/jsdom/lib/jsdom/living/events/EventTarget-impl.js:350:25)
      at invokeEventListeners 
(node_modules/jsdom/lib/jsdom/living/events/EventTarget-impl.js:286:3)
      at HTMLUnknownElementImpl._dispatch 
(node_modules/jsdom/lib/jsdom/living/events/EventTarget-impl.js:233:9)
      at HTMLUnknownElementImpl.dispatchEvent 
(node_modules/jsdom/lib/jsdom/living/events/EventTarget-impl.js:104:17)
      at HTMLUnknownElement.dispatchEvent 
(node_modules/jsdom/lib/jsdom/living/generated/EventTarget.js:241:34)
      at Object.invokeGuardedCallbackDev 
(node_modules/react-dom/cjs/react-dom.development.js:4213:16)
      at invokeGuardedCallback 
(node_modules/react-dom/cjs/react-dom.development.js:4277:31)
      at invokeGuardedCallbackAndCatchFirstError 
(node_modules/react-dom/cjs/react-dom.development.js:4291:25)
      at executeDispatch 
(node_modules/react-dom/cjs/react-dom.development.js:9041:3)
      at processDispatchQueueItemsInOrder 
(node_modules/react-dom/cjs/react-dom.development.js:9073:7)
      at processDispatchQueue 
(node_modules/react-dom/cjs/react-dom.development.js:9086:5)
      at dispatchEventsForPlugins 
(node_modules/react-dom/cjs/react-dom.development.js:9097:3)
      at node_modules/react-dom/cjs/react-dom.development.js:9288:12
      at batchedUpdates$1 
(node_modules/react-dom/cjs/react-dom.development.js:26179:12)
      at batchedUpdates 
(node_modules/react-dom/cjs/react-dom.development.js:3991:12)
      at dispatchEventForPluginEventSystem 
(node_modules/react-dom/cjs/react-dom.development.js:9287:3)
      at dispatchEventWithEnableCapturePhaseSelectiveHydrationWithoutDiscreteEv
entReplay (node_modules/react-dom/cjs/react-dom.development.js:6465:5)
      at dispatchEvent 
(node_modules/react-dom/cjs/react-dom.development.js:6457:5)
      at dispatchDiscreteEvent 
(node_modules/react-dom/cjs/react-dom.development.js:6430:5)
      at HTMLDivElement.callTheUserObjectsOperation 
(node_modules/jsdom/lib/jsdom/living/generated/EventListener.js:26:30)
      at innerInvokeEventListeners 
(node_modules/jsdom/lib/jsdom/living/events/EventTarget-impl.js:350:25)
      at invokeEventListeners 
(node_modules/jsdom/lib/jsdom/living/events/EventTarget-impl.js:286:3)
      at HTMLInputElementImpl._dispatch 
(node_modules/jsdom/lib/jsdom/living/events/EventTarget-impl.js:233:9)
      at HTMLInputElementImpl.dispatchEvent 
(node_modules/jsdom/lib/jsdom/living/events/EventTarget-impl.js:104:17)
      at HTMLInputElement.dispatchEvent 
(node_modules/jsdom/lib/jsdom/living/generated/EventTarget.js:241:34)
      at 
node_modules/@testing-library/user-event/dist/cjs/event/dispatchEvent.js:45:43
      at Object.eventWrapper 
(node_modules/@testing-library/dom/dist/config.js:25:23)
      at Object.wrapEvent 
(node_modules/@testing-library/user-event/dist/cjs/event/wrapEvent.js:6:28)
      at Object.dispatchEvent (node_modules/@testing-library/user-event/dist/cj
s/event/dispatchEvent.js:45:22)
      at Object.dispatchUIEvent (node_modules/@testing-library/user-event/dist/
cjs/event/dispatchEvent.js:22:26)
      at commitInput 
(node_modules/@testing-library/user-event/dist/cjs/event/input.js:145:14)
      at editInputElement 
(node_modules/@testing-library/user-event/dist/cjs/event/input.js:115:9)
      at Object.input 
(node_modules/@testing-library/user-event/dist/cjs/event/input.js:37:9)
      at node_modules/@testing-library/user-event/dist/cjs/event/behavior/keypr
ess.js:31:26
      at Object.dispatchEvent (node_modules/@testing-library/user-event/dist/cj
s/event/dispatchEvent.js:41:13)
      at Object.dispatchUIEvent (node_modules/@testing-library/user-event/dist/
cjs/event/dispatchEvent.js:22:26)
      at KeyboardHost.keydown 
(node_modules/@testing-library/user-event/dist/cjs/system/keyboard.js:76:22)
      at keyboardAction 
(node_modules/@testing-library/user-event/dist/cjs/keyboard/index.js:22:35)
      at Object.keyboard 
(node_modules/@testing-library/user-event/dist/cjs/keyboard/index.js:11:15)
      at Object.type 
(node_modules/@testing-library/user-event/dist/cjs/utility/type.js:17:5)
      at Object.<anonymous> (src/profile/profile.test.tsx:284:9)

    console.error
      Warning: An update to ProfilePage inside a test was not wrapped in 
act(...).
      
      When testing, code that causes React state updates should be wrapped 
into act(...):
      
      act(() => {
        /* fire events that update state */
      });
      /* assert on the output */
      
      This ensures that you're testing the behavior the user would see in the 
browser. Learn more at https://reactjs.org/link/wrap-tests-with-act
          at ProfilePage 
(C:\Users\samhe\OneDrive\Desktop\Cleaned\frontend\src\profile\index.tsx:25:41)
          at basenameProp (C:\Users\samhe\OneDrive\Desktop\Cleaned\frontend\nod
e_modules\react-router\lib\components.tsx:421:13)
          at basename (C:\Users\samhe\OneDrive\Desktop\Cleaned\frontend\node_mo
dules\react-router\lib\components.tsx:225:3)

      196 |               className="border border-gray-300 rounded-md px-3 
py-2 text-sm"
      197 |               value={confirmPassword}
    > 198 |               onChange={e => setConfirmPassword(e.target.value)}
          |                              ^
      199 |             />
      200 |             {confirmPassword && !passwordsMatch && (
      201 |               <p className="text-sm text-red-600">Passwords do not 
match</p>

      at printWarning 
(node_modules/react-dom/cjs/react-dom.development.js:86:30)
      at error (node_modules/react-dom/cjs/react-dom.development.js:60:7)
      at warnIfUpdatesNotWrappedWithActDEV 
(node_modules/react-dom/cjs/react-dom.development.js:27628:9)
      at scheduleUpdateOnFiber 
(node_modules/react-dom/cjs/react-dom.development.js:25547:5)
      at dispatchSetState 
(node_modules/react-dom/cjs/react-dom.development.js:16708:7)
      at onChange (src/profile/index.tsx:198:30)
      at HTMLUnknownElement.callCallback 
(node_modules/react-dom/cjs/react-dom.development.js:4164:14)
      at HTMLUnknownElement.callTheUserObjectsOperation 
(node_modules/jsdom/lib/jsdom/living/generated/EventListener.js:26:30)
      at innerInvokeEventListeners 
(node_modules/jsdom/lib/jsdom/living/events/EventTarget-impl.js:350:25)
      at invokeEventListeners 
(node_modules/jsdom/lib/jsdom/living/events/EventTarget-impl.js:286:3)
      at HTMLUnknownElementImpl._dispatch 
(node_modules/jsdom/lib/jsdom/living/events/EventTarget-impl.js:233:9)
      at HTMLUnknownElementImpl.dispatchEvent 
(node_modules/jsdom/lib/jsdom/living/events/EventTarget-impl.js:104:17)
      at HTMLUnknownElement.dispatchEvent 
(node_modules/jsdom/lib/jsdom/living/generated/EventTarget.js:241:34)
      at Object.invokeGuardedCallbackDev 
(node_modules/react-dom/cjs/react-dom.development.js:4213:16)
      at invokeGuardedCallback 
(node_modules/react-dom/cjs/react-dom.development.js:4277:31)
      at invokeGuardedCallbackAndCatchFirstError 
(node_modules/react-dom/cjs/react-dom.development.js:4291:25)
      at executeDispatch 
(node_modules/react-dom/cjs/react-dom.development.js:9041:3)
      at processDispatchQueueItemsInOrder 
(node_modules/react-dom/cjs/react-dom.development.js:9073:7)
      at processDispatchQueue 
(node_modules/react-dom/cjs/react-dom.development.js:9086:5)
      at dispatchEventsForPlugins 
(node_modules/react-dom/cjs/react-dom.development.js:9097:3)
      at node_modules/react-dom/cjs/react-dom.development.js:9288:12
      at batchedUpdates$1 
(node_modules/react-dom/cjs/react-dom.development.js:26179:12)
      at batchedUpdates 
(node_modules/react-dom/cjs/react-dom.development.js:3991:12)
      at dispatchEventForPluginEventSystem 
(node_modules/react-dom/cjs/react-dom.development.js:9287:3)
      at dispatchEventWithEnableCapturePhaseSelectiveHydrationWithoutDiscreteEv
entReplay (node_modules/react-dom/cjs/react-dom.development.js:6465:5)
      at dispatchEvent 
(node_modules/react-dom/cjs/react-dom.development.js:6457:5)
      at dispatchDiscreteEvent 
(node_modules/react-dom/cjs/react-dom.development.js:6430:5)
      at HTMLDivElement.callTheUserObjectsOperation 
(node_modules/jsdom/lib/jsdom/living/generated/EventListener.js:26:30)
      at innerInvokeEventListeners 
(node_modules/jsdom/lib/jsdom/living/events/EventTarget-impl.js:350:25)
      at invokeEventListeners 
(node_modules/jsdom/lib/jsdom/living/events/EventTarget-impl.js:286:3)
      at HTMLInputElementImpl._dispatch 
(node_modules/jsdom/lib/jsdom/living/events/EventTarget-impl.js:233:9)
      at HTMLInputElementImpl.dispatchEvent 
(node_modules/jsdom/lib/jsdom/living/events/EventTarget-impl.js:104:17)
      at HTMLInputElement.dispatchEvent 
(node_modules/jsdom/lib/jsdom/living/generated/EventTarget.js:241:34)
      at 
node_modules/@testing-library/user-event/dist/cjs/event/dispatchEvent.js:45:43
      at Object.eventWrapper 
(node_modules/@testing-library/dom/dist/config.js:25:23)
      at Object.wrapEvent 
(node_modules/@testing-library/user-event/dist/cjs/event/wrapEvent.js:6:28)
      at Object.dispatchEvent (node_modules/@testing-library/user-event/dist/cj
s/event/dispatchEvent.js:45:22)
      at Object.dispatchUIEvent (node_modules/@testing-library/user-event/dist/
cjs/event/dispatchEvent.js:22:26)
      at commitInput 
(node_modules/@testing-library/user-event/dist/cjs/event/input.js:145:14)
      at editInputElement 
(node_modules/@testing-library/user-event/dist/cjs/event/input.js:115:9)
      at Object.input 
(node_modules/@testing-library/user-event/dist/cjs/event/input.js:37:9)
      at node_modules/@testing-library/user-event/dist/cjs/event/behavior/keypr
ess.js:31:26
      at Object.dispatchEvent (node_modules/@testing-library/user-event/dist/cj
s/event/dispatchEvent.js:41:13)
      at Object.dispatchUIEvent (node_modules/@testing-library/user-event/dist/
cjs/event/dispatchEvent.js:22:26)
      at KeyboardHost.keydown 
(node_modules/@testing-library/user-event/dist/cjs/system/keyboard.js:76:22)
      at keyboardAction 
(node_modules/@testing-library/user-event/dist/cjs/keyboard/index.js:22:35)
      at Object.keyboard 
(node_modules/@testing-library/user-event/dist/cjs/keyboard/index.js:11:15)
      at Object.type 
(node_modules/@testing-library/user-event/dist/cjs/utility/type.js:17:5)
      at Object.<anonymous> (src/profile/profile.test.tsx:284:9)

    console.error
      Warning: An update to ProfilePage inside a test was not wrapped in 
act(...).
      
      When testing, code that causes React state updates should be wrapped 
into act(...):
      
      act(() => {
        /* fire events that update state */
      });
      /* assert on the output */
      
      This ensures that you're testing the behavior the user would see in the 
browser. Learn more at https://reactjs.org/link/wrap-tests-with-act
          at ProfilePage 
(C:\Users\samhe\OneDrive\Desktop\Cleaned\frontend\src\profile\index.tsx:25:41)
          at basenameProp (C:\Users\samhe\OneDrive\Desktop\Cleaned\frontend\nod
e_modules\react-router\lib\components.tsx:421:13)
          at basename (C:\Users\samhe\OneDrive\Desktop\Cleaned\frontend\node_mo
dules\react-router\lib\components.tsx:225:3)

      196 |               className="border border-gray-300 rounded-md px-3 
py-2 text-sm"
      197 |               value={confirmPassword}
    > 198 |               onChange={e => setConfirmPassword(e.target.value)}
          |                              ^
      199 |             />
      200 |             {confirmPassword && !passwordsMatch && (
      201 |               <p className="text-sm text-red-600">Passwords do not 
match</p>

      at printWarning 
(node_modules/react-dom/cjs/react-dom.development.js:86:30)
      at error (node_modules/react-dom/cjs/react-dom.development.js:60:7)
      at warnIfUpdatesNotWrappedWithActDEV 
(node_modules/react-dom/cjs/react-dom.development.js:27628:9)
      at scheduleUpdateOnFiber 
(node_modules/react-dom/cjs/react-dom.development.js:25547:5)
      at dispatchSetState 
(node_modules/react-dom/cjs/react-dom.development.js:16708:7)
      at onChange (src/profile/index.tsx:198:30)
      at HTMLUnknownElement.callCallback 
(node_modules/react-dom/cjs/react-dom.development.js:4164:14)
      at HTMLUnknownElement.callTheUserObjectsOperation 
(node_modules/jsdom/lib/jsdom/living/generated/EventListener.js:26:30)
      at innerInvokeEventListeners 
(node_modules/jsdom/lib/jsdom/living/events/EventTarget-impl.js:350:25)
      at invokeEventListeners 
(node_modules/jsdom/lib/jsdom/living/events/EventTarget-impl.js:286:3)
      at HTMLUnknownElementImpl._dispatch 
(node_modules/jsdom/lib/jsdom/living/events/EventTarget-impl.js:233:9)
      at HTMLUnknownElementImpl.dispatchEvent 
(node_modules/jsdom/lib/jsdom/living/events/EventTarget-impl.js:104:17)
      at HTMLUnknownElement.dispatchEvent 
(node_modules/jsdom/lib/jsdom/living/generated/EventTarget.js:241:34)
      at Object.invokeGuardedCallbackDev 
(node_modules/react-dom/cjs/react-dom.development.js:4213:16)
      at invokeGuardedCallback 
(node_modules/react-dom/cjs/react-dom.development.js:4277:31)
      at invokeGuardedCallbackAndCatchFirstError 
(node_modules/react-dom/cjs/react-dom.development.js:4291:25)
      at executeDispatch 
(node_modules/react-dom/cjs/react-dom.development.js:9041:3)
      at processDispatchQueueItemsInOrder 
(node_modules/react-dom/cjs/react-dom.development.js:9073:7)
      at processDispatchQueue 
(node_modules/react-dom/cjs/react-dom.development.js:9086:5)
      at dispatchEventsForPlugins 
(node_modules/react-dom/cjs/react-dom.development.js:9097:3)
      at node_modules/react-dom/cjs/react-dom.development.js:9288:12
      at batchedUpdates$1 
(node_modules/react-dom/cjs/react-dom.development.js:26179:12)
      at batchedUpdates 
(node_modules/react-dom/cjs/react-dom.development.js:3991:12)
      at dispatchEventForPluginEventSystem 
(node_modules/react-dom/cjs/react-dom.development.js:9287:3)
      at dispatchEventWithEnableCapturePhaseSelectiveHydrationWithoutDiscreteEv
entReplay (node_modules/react-dom/cjs/react-dom.development.js:6465:5)
      at dispatchEvent 
(node_modules/react-dom/cjs/react-dom.development.js:6457:5)
      at dispatchDiscreteEvent 
(node_modules/react-dom/cjs/react-dom.development.js:6430:5)
      at HTMLDivElement.callTheUserObjectsOperation 
(node_modules/jsdom/lib/jsdom/living/generated/EventListener.js:26:30)
      at innerInvokeEventListeners 
(node_modules/jsdom/lib/jsdom/living/events/EventTarget-impl.js:350:25)
      at invokeEventListeners 
(node_modules/jsdom/lib/jsdom/living/events/EventTarget-impl.js:286:3)
      at HTMLInputElementImpl._dispatch 
(node_modules/jsdom/lib/jsdom/living/events/EventTarget-impl.js:233:9)
      at HTMLInputElementImpl.dispatchEvent 
(node_modules/jsdom/lib/jsdom/living/events/EventTarget-impl.js:104:17)
      at HTMLInputElement.dispatchEvent 
(node_modules/jsdom/lib/jsdom/living/generated/EventTarget.js:241:34)
      at 
node_modules/@testing-library/user-event/dist/cjs/event/dispatchEvent.js:45:43
      at Object.eventWrapper 
(node_modules/@testing-library/dom/dist/config.js:25:23)
      at Object.wrapEvent 
(node_modules/@testing-library/user-event/dist/cjs/event/wrapEvent.js:6:28)
      at Object.dispatchEvent (node_modules/@testing-library/user-event/dist/cj
s/event/dispatchEvent.js:45:22)
      at Object.dispatchUIEvent (node_modules/@testing-library/user-event/dist/
cjs/event/dispatchEvent.js:22:26)
      at commitInput 
(node_modules/@testing-library/user-event/dist/cjs/event/input.js:145:14)
      at editInputElement 
(node_modules/@testing-library/user-event/dist/cjs/event/input.js:115:9)
      at Object.input 
(node_modules/@testing-library/user-event/dist/cjs/event/input.js:37:9)
      at node_modules/@testing-library/user-event/dist/cjs/event/behavior/keypr
ess.js:31:26
      at Object.dispatchEvent (node_modules/@testing-library/user-event/dist/cj
s/event/dispatchEvent.js:41:13)
      at Object.dispatchUIEvent (node_modules/@testing-library/user-event/dist/
cjs/event/dispatchEvent.js:22:26)
      at KeyboardHost.keydown 
(node_modules/@testing-library/user-event/dist/cjs/system/keyboard.js:76:22)
      at keyboardAction 
(node_modules/@testing-library/user-event/dist/cjs/keyboard/index.js:22:35)
      at Object.keyboard 
(node_modules/@testing-library/user-event/dist/cjs/keyboard/index.js:11:15)
      at Object.type 
(node_modules/@testing-library/user-event/dist/cjs/utility/type.js:17:5)
      at Object.<anonymous> (src/profile/profile.test.tsx:284:9)

    console.error
      Warning: An update to ProfilePage inside a test was not wrapped in 
act(...).
      
      When testing, code that causes React state updates should be wrapped 
into act(...):
      
      act(() => {
        /* fire events that update state */
      });
      /* assert on the output */
      
      This ensures that you're testing the behavior the user would see in the 
browser. Learn more at https://reactjs.org/link/wrap-tests-with-act
          at ProfilePage 
(C:\Users\samhe\OneDrive\Desktop\Cleaned\frontend\src\profile\index.tsx:25:41)
          at basenameProp (C:\Users\samhe\OneDrive\Desktop\Cleaned\frontend\nod
e_modules\react-router\lib\components.tsx:421:13)
          at basename (C:\Users\samhe\OneDrive\Desktop\Cleaned\frontend\node_mo
dules\react-router\lib\components.tsx:225:3)

      196 |               className="border border-gray-300 rounded-md px-3 
py-2 text-sm"
      197 |               value={confirmPassword}
    > 198 |               onChange={e => setConfirmPassword(e.target.value)}
          |                              ^
      199 |             />
      200 |             {confirmPassword && !passwordsMatch && (
      201 |               <p className="text-sm text-red-600">Passwords do not 
match</p>

      at printWarning 
(node_modules/react-dom/cjs/react-dom.development.js:86:30)
      at error (node_modules/react-dom/cjs/react-dom.development.js:60:7)
      at warnIfUpdatesNotWrappedWithActDEV 
(node_modules/react-dom/cjs/react-dom.development.js:27628:9)
      at scheduleUpdateOnFiber 
(node_modules/react-dom/cjs/react-dom.development.js:25547:5)
      at dispatchSetState 
(node_modules/react-dom/cjs/react-dom.development.js:16708:7)
      at onChange (src/profile/index.tsx:198:30)
      at HTMLUnknownElement.callCallback 
(node_modules/react-dom/cjs/react-dom.development.js:4164:14)
      at HTMLUnknownElement.callTheUserObjectsOperation 
(node_modules/jsdom/lib/jsdom/living/generated/EventListener.js:26:30)
      at innerInvokeEventListeners 
(node_modules/jsdom/lib/jsdom/living/events/EventTarget-impl.js:350:25)
      at invokeEventListeners 
(node_modules/jsdom/lib/jsdom/living/events/EventTarget-impl.js:286:3)
      at HTMLUnknownElementImpl._dispatch 
(node_modules/jsdom/lib/jsdom/living/events/EventTarget-impl.js:233:9)
      at HTMLUnknownElementImpl.dispatchEvent 
(node_modules/jsdom/lib/jsdom/living/events/EventTarget-impl.js:104:17)
      at HTMLUnknownElement.dispatchEvent 
(node_modules/jsdom/lib/jsdom/living/generated/EventTarget.js:241:34)
      at Object.invokeGuardedCallbackDev 
(node_modules/react-dom/cjs/react-dom.development.js:4213:16)
      at invokeGuardedCallback 
(node_modules/react-dom/cjs/react-dom.development.js:4277:31)
      at invokeGuardedCallbackAndCatchFirstError 
(node_modules/react-dom/cjs/react-dom.development.js:4291:25)
      at executeDispatch 
(node_modules/react-dom/cjs/react-dom.development.js:9041:3)
      at processDispatchQueueItemsInOrder 
(node_modules/react-dom/cjs/react-dom.development.js:9073:7)
      at processDispatchQueue 
(node_modules/react-dom/cjs/react-dom.development.js:9086:5)
      at dispatchEventsForPlugins 
(node_modules/react-dom/cjs/react-dom.development.js:9097:3)
      at node_modules/react-dom/cjs/react-dom.development.js:9288:12
      at batchedUpdates$1 
(node_modules/react-dom/cjs/react-dom.development.js:26179:12)
      at batchedUpdates 
(node_modules/react-dom/cjs/react-dom.development.js:3991:12)
      at dispatchEventForPluginEventSystem 
(node_modules/react-dom/cjs/react-dom.development.js:9287:3)
      at dispatchEventWithEnableCapturePhaseSelectiveHydrationWithoutDiscreteEv
entReplay (node_modules/react-dom/cjs/react-dom.development.js:6465:5)
      at dispatchEvent 
(node_modules/react-dom/cjs/react-dom.development.js:6457:5)
      at dispatchDiscreteEvent 
(node_modules/react-dom/cjs/react-dom.development.js:6430:5)
      at HTMLDivElement.callTheUserObjectsOperation 
(node_modules/jsdom/lib/jsdom/living/generated/EventListener.js:26:30)
      at innerInvokeEventListeners 
(node_modules/jsdom/lib/jsdom/living/events/EventTarget-impl.js:350:25)
      at invokeEventListeners 
(node_modules/jsdom/lib/jsdom/living/events/EventTarget-impl.js:286:3)
      at HTMLInputElementImpl._dispatch 
(node_modules/jsdom/lib/jsdom/living/events/EventTarget-impl.js:233:9)
      at HTMLInputElementImpl.dispatchEvent 
(node_modules/jsdom/lib/jsdom/living/events/EventTarget-impl.js:104:17)
      at HTMLInputElement.dispatchEvent 
(node_modules/jsdom/lib/jsdom/living/generated/EventTarget.js:241:34)
      at 
node_modules/@testing-library/user-event/dist/cjs/event/dispatchEvent.js:45:43
      at Object.eventWrapper 
(node_modules/@testing-library/dom/dist/config.js:25:23)
      at Object.wrapEvent 
(node_modules/@testing-library/user-event/dist/cjs/event/wrapEvent.js:6:28)
      at Object.dispatchEvent (node_modules/@testing-library/user-event/dist/cj
s/event/dispatchEvent.js:45:22)
      at Object.dispatchUIEvent (node_modules/@testing-library/user-event/dist/
cjs/event/dispatchEvent.js:22:26)
      at commitInput 
(node_modules/@testing-library/user-event/dist/cjs/event/input.js:145:14)
      at editInputElement 
(node_modules/@testing-library/user-event/dist/cjs/event/input.js:115:9)
      at Object.input 
(node_modules/@testing-library/user-event/dist/cjs/event/input.js:37:9)
      at node_modules/@testing-library/user-event/dist/cjs/event/behavior/keypr
ess.js:31:26
      at Object.dispatchEvent (node_modules/@testing-library/user-event/dist/cj
s/event/dispatchEvent.js:41:13)
      at Object.dispatchUIEvent (node_modules/@testing-library/user-event/dist/
cjs/event/dispatchEvent.js:22:26)
      at KeyboardHost.keydown 
(node_modules/@testing-library/user-event/dist/cjs/system/keyboard.js:76:22)
      at keyboardAction 
(node_modules/@testing-library/user-event/dist/cjs/keyboard/index.js:22:35)
      at Object.keyboard 
(node_modules/@testing-library/user-event/dist/cjs/keyboard/index.js:11:15)
      at Object.type 
(node_modules/@testing-library/user-event/dist/cjs/utility/type.js:17:5)
      at Object.<anonymous> (src/profile/profile.test.tsx:284:9)

    console.error
      Warning: An update to ProfilePage inside a test was not wrapped in 
act(...).
      
      When testing, code that causes React state updates should be wrapped 
into act(...):
      
      act(() => {
        /* fire events that update state */
      });
      /* assert on the output */
      
      This ensures that you're testing the behavior the user would see in the 
browser. Learn more at https://reactjs.org/link/wrap-tests-with-act
          at ProfilePage 
(C:\Users\samhe\OneDrive\Desktop\Cleaned\frontend\src\profile\index.tsx:25:41)
          at basenameProp (C:\Users\samhe\OneDrive\Desktop\Cleaned\frontend\nod
e_modules\react-router\lib\components.tsx:421:13)
          at basename (C:\Users\samhe\OneDrive\Desktop\Cleaned\frontend\node_mo
dules\react-router\lib\components.tsx:225:3)

      196 |               className="border border-gray-300 rounded-md px-3 
py-2 text-sm"
      197 |               value={confirmPassword}
    > 198 |               onChange={e => setConfirmPassword(e.target.value)}
          |                              ^
      199 |             />
      200 |             {confirmPassword && !passwordsMatch && (
      201 |               <p className="text-sm text-red-600">Passwords do not 
match</p>

      at printWarning 
(node_modules/react-dom/cjs/react-dom.development.js:86:30)
      at error (node_modules/react-dom/cjs/react-dom.development.js:60:7)
      at warnIfUpdatesNotWrappedWithActDEV 
(node_modules/react-dom/cjs/react-dom.development.js:27628:9)
      at scheduleUpdateOnFiber 
(node_modules/react-dom/cjs/react-dom.development.js:25547:5)
      at dispatchSetState 
(node_modules/react-dom/cjs/react-dom.development.js:16708:7)
      at onChange (src/profile/index.tsx:198:30)
      at HTMLUnknownElement.callCallback 
(node_modules/react-dom/cjs/react-dom.development.js:4164:14)
      at HTMLUnknownElement.callTheUserObjectsOperation 
(node_modules/jsdom/lib/jsdom/living/generated/EventListener.js:26:30)
      at innerInvokeEventListeners 
(node_modules/jsdom/lib/jsdom/living/events/EventTarget-impl.js:350:25)
      at invokeEventListeners 
(node_modules/jsdom/lib/jsdom/living/events/EventTarget-impl.js:286:3)
      at HTMLUnknownElementImpl._dispatch 
(node_modules/jsdom/lib/jsdom/living/events/EventTarget-impl.js:233:9)
      at HTMLUnknownElementImpl.dispatchEvent 
(node_modules/jsdom/lib/jsdom/living/events/EventTarget-impl.js:104:17)
      at HTMLUnknownElement.dispatchEvent 
(node_modules/jsdom/lib/jsdom/living/generated/EventTarget.js:241:34)
      at Object.invokeGuardedCallbackDev 
(node_modules/react-dom/cjs/react-dom.development.js:4213:16)
      at invokeGuardedCallback 
(node_modules/react-dom/cjs/react-dom.development.js:4277:31)
      at invokeGuardedCallbackAndCatchFirstError 
(node_modules/react-dom/cjs/react-dom.development.js:4291:25)
      at executeDispatch 
(node_modules/react-dom/cjs/react-dom.development.js:9041:3)
      at processDispatchQueueItemsInOrder 
(node_modules/react-dom/cjs/react-dom.development.js:9073:7)
      at processDispatchQueue 
(node_modules/react-dom/cjs/react-dom.development.js:9086:5)
      at dispatchEventsForPlugins 
(node_modules/react-dom/cjs/react-dom.development.js:9097:3)
      at node_modules/react-dom/cjs/react-dom.development.js:9288:12
      at batchedUpdates$1 
(node_modules/react-dom/cjs/react-dom.development.js:26179:12)
      at batchedUpdates 
(node_modules/react-dom/cjs/react-dom.development.js:3991:12)
      at dispatchEventForPluginEventSystem 
(node_modules/react-dom/cjs/react-dom.development.js:9287:3)
      at dispatchEventWithEnableCapturePhaseSelectiveHydrationWithoutDiscreteEv
entReplay (node_modules/react-dom/cjs/react-dom.development.js:6465:5)
      at dispatchEvent 
(node_modules/react-dom/cjs/react-dom.development.js:6457:5)
      at dispatchDiscreteEvent 
(node_modules/react-dom/cjs/react-dom.development.js:6430:5)
      at HTMLDivElement.callTheUserObjectsOperation 
(node_modules/jsdom/lib/jsdom/living/generated/EventListener.js:26:30)
      at innerInvokeEventListeners 
(node_modules/jsdom/lib/jsdom/living/events/EventTarget-impl.js:350:25)
      at invokeEventListeners 
(node_modules/jsdom/lib/jsdom/living/events/EventTarget-impl.js:286:3)
      at HTMLInputElementImpl._dispatch 
(node_modules/jsdom/lib/jsdom/living/events/EventTarget-impl.js:233:9)
      at HTMLInputElementImpl.dispatchEvent 
(node_modules/jsdom/lib/jsdom/living/events/EventTarget-impl.js:104:17)
      at HTMLInputElement.dispatchEvent 
(node_modules/jsdom/lib/jsdom/living/generated/EventTarget.js:241:34)
      at 
node_modules/@testing-library/user-event/dist/cjs/event/dispatchEvent.js:45:43
      at Object.eventWrapper 
(node_modules/@testing-library/dom/dist/config.js:25:23)
      at Object.wrapEvent 
(node_modules/@testing-library/user-event/dist/cjs/event/wrapEvent.js:6:28)
      at Object.dispatchEvent (node_modules/@testing-library/user-event/dist/cj
s/event/dispatchEvent.js:45:22)
      at Object.dispatchUIEvent (node_modules/@testing-library/user-event/dist/
cjs/event/dispatchEvent.js:22:26)
      at commitInput 
(node_modules/@testing-library/user-event/dist/cjs/event/input.js:145:14)
      at editInputElement 
(node_modules/@testing-library/user-event/dist/cjs/event/input.js:115:9)
      at Object.input 
(node_modules/@testing-library/user-event/dist/cjs/event/input.js:37:9)
      at node_modules/@testing-library/user-event/dist/cjs/event/behavior/keypr
ess.js:31:26
      at Object.dispatchEvent (node_modules/@testing-library/user-event/dist/cj
s/event/dispatchEvent.js:41:13)
      at Object.dispatchUIEvent (node_modules/@testing-library/user-event/dist/
cjs/event/dispatchEvent.js:22:26)
      at KeyboardHost.keydown 
(node_modules/@testing-library/user-event/dist/cjs/system/keyboard.js:76:22)
      at keyboardAction 
(node_modules/@testing-library/user-event/dist/cjs/keyboard/index.js:22:35)
      at Object.keyboard 
(node_modules/@testing-library/user-event/dist/cjs/keyboard/index.js:11:15)
      at Object.type 
(node_modules/@testing-library/user-event/dist/cjs/utility/type.js:17:5)
      at Object.<anonymous> (src/profile/profile.test.tsx:284:9)

    console.error
      Warning: An update to ProfilePage inside a test was not wrapped in 
act(...).
      
      When testing, code that causes React state updates should be wrapped 
into act(...):
      
      act(() => {
        /* fire events that update state */
      });
      /* assert on the output */
      
      This ensures that you're testing the behavior the user would see in the 
browser. Learn more at https://reactjs.org/link/wrap-tests-with-act
          at ProfilePage 
(C:\Users\samhe\OneDrive\Desktop\Cleaned\frontend\src\profile\index.tsx:25:41)
          at basenameProp (C:\Users\samhe\OneDrive\Desktop\Cleaned\frontend\nod
e_modules\react-router\lib\components.tsx:421:13)
          at basename (C:\Users\samhe\OneDrive\Desktop\Cleaned\frontend\node_mo
dules\react-router\lib\components.tsx:225:3)

      196 |               className="border border-gray-300 rounded-md px-3 
py-2 text-sm"
      197 |               value={confirmPassword}
    > 198 |               onChange={e => setConfirmPassword(e.target.value)}
          |                              ^
      199 |             />
      200 |             {confirmPassword && !passwordsMatch && (
      201 |               <p className="text-sm text-red-600">Passwords do not 
match</p>

      at printWarning 
(node_modules/react-dom/cjs/react-dom.development.js:86:30)
      at error (node_modules/react-dom/cjs/react-dom.development.js:60:7)
      at warnIfUpdatesNotWrappedWithActDEV 
(node_modules/react-dom/cjs/react-dom.development.js:27628:9)
      at scheduleUpdateOnFiber 
(node_modules/react-dom/cjs/react-dom.development.js:25547:5)
      at dispatchSetState 
(node_modules/react-dom/cjs/react-dom.development.js:16708:7)
      at onChange (src/profile/index.tsx:198:30)
      at HTMLUnknownElement.callCallback 
(node_modules/react-dom/cjs/react-dom.development.js:4164:14)
      at HTMLUnknownElement.callTheUserObjectsOperation 
(node_modules/jsdom/lib/jsdom/living/generated/EventListener.js:26:30)
      at innerInvokeEventListeners 
(node_modules/jsdom/lib/jsdom/living/events/EventTarget-impl.js:350:25)
      at invokeEventListeners 
(node_modules/jsdom/lib/jsdom/living/events/EventTarget-impl.js:286:3)
      at HTMLUnknownElementImpl._dispatch 
(node_modules/jsdom/lib/jsdom/living/events/EventTarget-impl.js:233:9)
      at HTMLUnknownElementImpl.dispatchEvent 
(node_modules/jsdom/lib/jsdom/living/events/EventTarget-impl.js:104:17)
      at HTMLUnknownElement.dispatchEvent 
(node_modules/jsdom/lib/jsdom/living/generated/EventTarget.js:241:34)
      at Object.invokeGuardedCallbackDev 
(node_modules/react-dom/cjs/react-dom.development.js:4213:16)
      at invokeGuardedCallback 
(node_modules/react-dom/cjs/react-dom.development.js:4277:31)
      at invokeGuardedCallbackAndCatchFirstError 
(node_modules/react-dom/cjs/react-dom.development.js:4291:25)
      at executeDispatch 
(node_modules/react-dom/cjs/react-dom.development.js:9041:3)
      at processDispatchQueueItemsInOrder 
(node_modules/react-dom/cjs/react-dom.development.js:9073:7)
      at processDispatchQueue 
(node_modules/react-dom/cjs/react-dom.development.js:9086:5)
      at dispatchEventsForPlugins 
(node_modules/react-dom/cjs/react-dom.development.js:9097:3)
      at node_modules/react-dom/cjs/react-dom.development.js:9288:12
      at batchedUpdates$1 
(node_modules/react-dom/cjs/react-dom.development.js:26179:12)
      at batchedUpdates 
(node_modules/react-dom/cjs/react-dom.development.js:3991:12)
      at dispatchEventForPluginEventSystem 
(node_modules/react-dom/cjs/react-dom.development.js:9287:3)
      at dispatchEventWithEnableCapturePhaseSelectiveHydrationWithoutDiscreteEv
entReplay (node_modules/react-dom/cjs/react-dom.development.js:6465:5)
      at dispatchEvent 
(node_modules/react-dom/cjs/react-dom.development.js:6457:5)
      at dispatchDiscreteEvent 
(node_modules/react-dom/cjs/react-dom.development.js:6430:5)
      at HTMLDivElement.callTheUserObjectsOperation 
(node_modules/jsdom/lib/jsdom/living/generated/EventListener.js:26:30)
      at innerInvokeEventListeners 
(node_modules/jsdom/lib/jsdom/living/events/EventTarget-impl.js:350:25)
      at invokeEventListeners 
(node_modules/jsdom/lib/jsdom/living/events/EventTarget-impl.js:286:3)
      at HTMLInputElementImpl._dispatch 
(node_modules/jsdom/lib/jsdom/living/events/EventTarget-impl.js:233:9)
      at HTMLInputElementImpl.dispatchEvent 
(node_modules/jsdom/lib/jsdom/living/events/EventTarget-impl.js:104:17)
      at HTMLInputElement.dispatchEvent 
(node_modules/jsdom/lib/jsdom/living/generated/EventTarget.js:241:34)
      at 
node_modules/@testing-library/user-event/dist/cjs/event/dispatchEvent.js:45:43
      at Object.eventWrapper 
(node_modules/@testing-library/dom/dist/config.js:25:23)
      at Object.wrapEvent 
(node_modules/@testing-library/user-event/dist/cjs/event/wrapEvent.js:6:28)
      at Object.dispatchEvent (node_modules/@testing-library/user-event/dist/cj
s/event/dispatchEvent.js:45:22)
      at Object.dispatchUIEvent (node_modules/@testing-library/user-event/dist/
cjs/event/dispatchEvent.js:22:26)
      at commitInput 
(node_modules/@testing-library/user-event/dist/cjs/event/input.js:145:14)
      at editInputElement 
(node_modules/@testing-library/user-event/dist/cjs/event/input.js:115:9)
      at Object.input 
(node_modules/@testing-library/user-event/dist/cjs/event/input.js:37:9)
      at node_modules/@testing-library/user-event/dist/cjs/event/behavior/keypr
ess.js:31:26
      at Object.dispatchEvent (node_modules/@testing-library/user-event/dist/cj
s/event/dispatchEvent.js:41:13)
      at Object.dispatchUIEvent (node_modules/@testing-library/user-event/dist/
cjs/event/dispatchEvent.js:22:26)
      at KeyboardHost.keydown 
(node_modules/@testing-library/user-event/dist/cjs/system/keyboard.js:76:22)
      at keyboardAction 
(node_modules/@testing-library/user-event/dist/cjs/keyboard/index.js:22:35)
      at Object.keyboard 
(node_modules/@testing-library/user-event/dist/cjs/keyboard/index.js:11:15)
      at Object.type 
(node_modules/@testing-library/user-event/dist/cjs/utility/type.js:17:5)
      at Object.<anonymous> (src/profile/profile.test.tsx:284:9)

    console.error
      Warning: An update to ProfilePage inside a test was not wrapped in 
act(...).
      
      When testing, code that causes React state updates should be wrapped 
into act(...):
      
      act(() => {
        /* fire events that update state */
      });
      /* assert on the output */
      
      This ensures that you're testing the behavior the user would see in the 
browser. Learn more at https://reactjs.org/link/wrap-tests-with-act
          at ProfilePage 
(C:\Users\samhe\OneDrive\Desktop\Cleaned\frontend\src\profile\index.tsx:25:41)
          at basenameProp (C:\Users\samhe\OneDrive\Desktop\Cleaned\frontend\nod
e_modules\react-router\lib\components.tsx:421:13)
          at basename (C:\Users\samhe\OneDrive\Desktop\Cleaned\frontend\node_mo
dules\react-router\lib\components.tsx:225:3)

      196 |               className="border border-gray-300 rounded-md px-3 
py-2 text-sm"
      197 |               value={confirmPassword}
    > 198 |               onChange={e => setConfirmPassword(e.target.value)}
          |                              ^
      199 |             />
      200 |             {confirmPassword && !passwordsMatch && (
      201 |               <p className="text-sm text-red-600">Passwords do not 
match</p>

      at printWarning 
(node_modules/react-dom/cjs/react-dom.development.js:86:30)
      at error (node_modules/react-dom/cjs/react-dom.development.js:60:7)
      at warnIfUpdatesNotWrappedWithActDEV 
(node_modules/react-dom/cjs/react-dom.development.js:27628:9)
      at scheduleUpdateOnFiber 
(node_modules/react-dom/cjs/react-dom.development.js:25547:5)
      at dispatchSetState 
(node_modules/react-dom/cjs/react-dom.development.js:16708:7)
      at onChange (src/profile/index.tsx:198:30)
      at HTMLUnknownElement.callCallback 
(node_modules/react-dom/cjs/react-dom.development.js:4164:14)
      at HTMLUnknownElement.callTheUserObjectsOperation 
(node_modules/jsdom/lib/jsdom/living/generated/EventListener.js:26:30)
      at innerInvokeEventListeners 
(node_modules/jsdom/lib/jsdom/living/events/EventTarget-impl.js:350:25)
      at invokeEventListeners 
(node_modules/jsdom/lib/jsdom/living/events/EventTarget-impl.js:286:3)
      at HTMLUnknownElementImpl._dispatch 
(node_modules/jsdom/lib/jsdom/living/events/EventTarget-impl.js:233:9)
      at HTMLUnknownElementImpl.dispatchEvent 
(node_modules/jsdom/lib/jsdom/living/events/EventTarget-impl.js:104:17)
      at HTMLUnknownElement.dispatchEvent 
(node_modules/jsdom/lib/jsdom/living/generated/EventTarget.js:241:34)
      at Object.invokeGuardedCallbackDev 
(node_modules/react-dom/cjs/react-dom.development.js:4213:16)
      at invokeGuardedCallback 
(node_modules/react-dom/cjs/react-dom.development.js:4277:31)
      at invokeGuardedCallbackAndCatchFirstError 
(node_modules/react-dom/cjs/react-dom.development.js:4291:25)
      at executeDispatch 
(node_modules/react-dom/cjs/react-dom.development.js:9041:3)
      at processDispatchQueueItemsInOrder 
(node_modules/react-dom/cjs/react-dom.development.js:9073:7)
      at processDispatchQueue 
(node_modules/react-dom/cjs/react-dom.development.js:9086:5)
      at dispatchEventsForPlugins 
(node_modules/react-dom/cjs/react-dom.development.js:9097:3)
      at node_modules/react-dom/cjs/react-dom.development.js:9288:12
      at batchedUpdates$1 
(node_modules/react-dom/cjs/react-dom.development.js:26179:12)
      at batchedUpdates 
(node_modules/react-dom/cjs/react-dom.development.js:3991:12)
      at dispatchEventForPluginEventSystem 
(node_modules/react-dom/cjs/react-dom.development.js:9287:3)
      at dispatchEventWithEnableCapturePhaseSelectiveHydrationWithoutDiscreteEv
entReplay (node_modules/react-dom/cjs/react-dom.development.js:6465:5)
      at dispatchEvent 
(node_modules/react-dom/cjs/react-dom.development.js:6457:5)
      at dispatchDiscreteEvent 
(node_modules/react-dom/cjs/react-dom.development.js:6430:5)
      at HTMLDivElement.callTheUserObjectsOperation 
(node_modules/jsdom/lib/jsdom/living/generated/EventListener.js:26:30)
      at innerInvokeEventListeners 
(node_modules/jsdom/lib/jsdom/living/events/EventTarget-impl.js:350:25)
      at invokeEventListeners 
(node_modules/jsdom/lib/jsdom/living/events/EventTarget-impl.js:286:3)
      at HTMLInputElementImpl._dispatch 
(node_modules/jsdom/lib/jsdom/living/events/EventTarget-impl.js:233:9)
      at HTMLInputElementImpl.dispatchEvent 
(node_modules/jsdom/lib/jsdom/living/events/EventTarget-impl.js:104:17)
      at HTMLInputElement.dispatchEvent 
(node_modules/jsdom/lib/jsdom/living/generated/EventTarget.js:241:34)
      at 
node_modules/@testing-library/user-event/dist/cjs/event/dispatchEvent.js:45:43
      at Object.eventWrapper 
(node_modules/@testing-library/dom/dist/config.js:25:23)
      at Object.wrapEvent 
(node_modules/@testing-library/user-event/dist/cjs/event/wrapEvent.js:6:28)
      at Object.dispatchEvent (node_modules/@testing-library/user-event/dist/cj
s/event/dispatchEvent.js:45:22)
      at Object.dispatchUIEvent (node_modules/@testing-library/user-event/dist/
cjs/event/dispatchEvent.js:22:26)
      at commitInput 
(node_modules/@testing-library/user-event/dist/cjs/event/input.js:145:14)
      at editInputElement 
(node_modules/@testing-library/user-event/dist/cjs/event/input.js:115:9)
      at Object.input 
(node_modules/@testing-library/user-event/dist/cjs/event/input.js:37:9)
      at node_modules/@testing-library/user-event/dist/cjs/event/behavior/keypr
ess.js:31:26
      at Object.dispatchEvent (node_modules/@testing-library/user-event/dist/cj
s/event/dispatchEvent.js:41:13)
      at Object.dispatchUIEvent (node_modules/@testing-library/user-event/dist/
cjs/event/dispatchEvent.js:22:26)
      at KeyboardHost.keydown 
(node_modules/@testing-library/user-event/dist/cjs/system/keyboard.js:76:22)
      at keyboardAction 
(node_modules/@testing-library/user-event/dist/cjs/keyboard/index.js:22:35)
      at Object.keyboard 
(node_modules/@testing-library/user-event/dist/cjs/keyboard/index.js:11:15)
      at Object.type 
(node_modules/@testing-library/user-event/dist/cjs/utility/type.js:17:5)
      at Object.<anonymous> (src/profile/profile.test.tsx:284:9)

    console.error
      Warning: An update to ProfilePage inside a test was not wrapped in 
act(...).
      
      When testing, code that causes React state updates should be wrapped 
into act(...):
      
      act(() => {
        /* fire events that update state */
      });
      /* assert on the output */
      
      This ensures that you're testing the behavior the user would see in the 
browser. Learn more at https://reactjs.org/link/wrap-tests-with-act
          at ProfilePage 
(C:\Users\samhe\OneDrive\Desktop\Cleaned\frontend\src\profile\index.tsx:25:41)
          at basenameProp (C:\Users\samhe\OneDrive\Desktop\Cleaned\frontend\nod
e_modules\react-router\lib\components.tsx:421:13)
          at basename (C:\Users\samhe\OneDrive\Desktop\Cleaned\frontend\node_mo
dules\react-router\lib\components.tsx:225:3)

      196 |               className="border border-gray-300 rounded-md px-3 
py-2 text-sm"
      197 |               value={confirmPassword}
    > 198 |               onChange={e => setConfirmPassword(e.target.value)}
          |                              ^
      199 |             />
      200 |             {confirmPassword && !passwordsMatch && (
      201 |               <p className="text-sm text-red-600">Passwords do not 
match</p>

      at printWarning 
(node_modules/react-dom/cjs/react-dom.development.js:86:30)
      at error (node_modules/react-dom/cjs/react-dom.development.js:60:7)
      at warnIfUpdatesNotWrappedWithActDEV 
(node_modules/react-dom/cjs/react-dom.development.js:27628:9)
      at scheduleUpdateOnFiber 
(node_modules/react-dom/cjs/react-dom.development.js:25547:5)
      at dispatchSetState 
(node_modules/react-dom/cjs/react-dom.development.js:16708:7)
      at onChange (src/profile/index.tsx:198:30)
      at HTMLUnknownElement.callCallback 
(node_modules/react-dom/cjs/react-dom.development.js:4164:14)
      at HTMLUnknownElement.callTheUserObjectsOperation 
(node_modules/jsdom/lib/jsdom/living/generated/EventListener.js:26:30)
      at innerInvokeEventListeners 
(node_modules/jsdom/lib/jsdom/living/events/EventTarget-impl.js:350:25)
      at invokeEventListeners 
(node_modules/jsdom/lib/jsdom/living/events/EventTarget-impl.js:286:3)
      at HTMLUnknownElementImpl._dispatch 
(node_modules/jsdom/lib/jsdom/living/events/EventTarget-impl.js:233:9)
      at HTMLUnknownElementImpl.dispatchEvent 
(node_modules/jsdom/lib/jsdom/living/events/EventTarget-impl.js:104:17)
      at HTMLUnknownElement.dispatchEvent 
(node_modules/jsdom/lib/jsdom/living/generated/EventTarget.js:241:34)
      at Object.invokeGuardedCallbackDev 
(node_modules/react-dom/cjs/react-dom.development.js:4213:16)
      at invokeGuardedCallback 
(node_modules/react-dom/cjs/react-dom.development.js:4277:31)
      at invokeGuardedCallbackAndCatchFirstError 
(node_modules/react-dom/cjs/react-dom.development.js:4291:25)
      at executeDispatch 
(node_modules/react-dom/cjs/react-dom.development.js:9041:3)
      at processDispatchQueueItemsInOrder 
(node_modules/react-dom/cjs/react-dom.development.js:9073:7)
      at processDispatchQueue 
(node_modules/react-dom/cjs/react-dom.development.js:9086:5)
      at dispatchEventsForPlugins 
(node_modules/react-dom/cjs/react-dom.development.js:9097:3)
      at node_modules/react-dom/cjs/react-dom.development.js:9288:12
      at batchedUpdates$1 
(node_modules/react-dom/cjs/react-dom.development.js:26179:12)
      at batchedUpdates 
(node_modules/react-dom/cjs/react-dom.development.js:3991:12)
      at dispatchEventForPluginEventSystem 
(node_modules/react-dom/cjs/react-dom.development.js:9287:3)
      at dispatchEventWithEnableCapturePhaseSelectiveHydrationWithoutDiscreteEv
entReplay (node_modules/react-dom/cjs/react-dom.development.js:6465:5)
      at dispatchEvent 
(node_modules/react-dom/cjs/react-dom.development.js:6457:5)
      at dispatchDiscreteEvent 
(node_modules/react-dom/cjs/react-dom.development.js:6430:5)
      at HTMLDivElement.callTheUserObjectsOperation 
(node_modules/jsdom/lib/jsdom/living/generated/EventListener.js:26:30)
      at innerInvokeEventListeners 
(node_modules/jsdom/lib/jsdom/living/events/EventTarget-impl.js:350:25)
      at invokeEventListeners 
(node_modules/jsdom/lib/jsdom/living/events/EventTarget-impl.js:286:3)
      at HTMLInputElementImpl._dispatch 
(node_modules/jsdom/lib/jsdom/living/events/EventTarget-impl.js:233:9)
      at HTMLInputElementImpl.dispatchEvent 
(node_modules/jsdom/lib/jsdom/living/events/EventTarget-impl.js:104:17)
      at HTMLInputElement.dispatchEvent 
(node_modules/jsdom/lib/jsdom/living/generated/EventTarget.js:241:34)
      at 
node_modules/@testing-library/user-event/dist/cjs/event/dispatchEvent.js:45:43
      at Object.eventWrapper 
(node_modules/@testing-library/dom/dist/config.js:25:23)
      at Object.wrapEvent 
(node_modules/@testing-library/user-event/dist/cjs/event/wrapEvent.js:6:28)
      at Object.dispatchEvent (node_modules/@testing-library/user-event/dist/cj
s/event/dispatchEvent.js:45:22)
      at Object.dispatchUIEvent (node_modules/@testing-library/user-event/dist/
cjs/event/dispatchEvent.js:22:26)
      at commitInput 
(node_modules/@testing-library/user-event/dist/cjs/event/input.js:145:14)
      at editInputElement 
(node_modules/@testing-library/user-event/dist/cjs/event/input.js:115:9)
      at Object.input 
(node_modules/@testing-library/user-event/dist/cjs/event/input.js:37:9)
      at node_modules/@testing-library/user-event/dist/cjs/event/behavior/keypr
ess.js:31:26
      at Object.dispatchEvent (node_modules/@testing-library/user-event/dist/cj
s/event/dispatchEvent.js:41:13)
      at Object.dispatchUIEvent (node_modules/@testing-library/user-event/dist/
cjs/event/dispatchEvent.js:22:26)
      at KeyboardHost.keydown 
(node_modules/@testing-library/user-event/dist/cjs/system/keyboard.js:76:22)
      at keyboardAction 
(node_modules/@testing-library/user-event/dist/cjs/keyboard/index.js:22:35)
      at Object.keyboard 
(node_modules/@testing-library/user-event/dist/cjs/keyboard/index.js:11:15)
      at Object.type 
(node_modules/@testing-library/user-event/dist/cjs/utility/type.js:17:5)
      at Object.<anonymous> (src/profile/profile.test.tsx:284:9)

    console.error
      Warning: An update to ProfilePage inside a test was not wrapped in 
act(...).
      
      When testing, code that causes React state updates should be wrapped 
into act(...):
      
      act(() => {
        /* fire events that update state */
      });
      /* assert on the output */
      
      This ensures that you're testing the behavior the user would see in the 
browser. Learn more at https://reactjs.org/link/wrap-tests-with-act
          at ProfilePage 
(C:\Users\samhe\OneDrive\Desktop\Cleaned\frontend\src\profile\index.tsx:25:41)
          at basenameProp (C:\Users\samhe\OneDrive\Desktop\Cleaned\frontend\nod
e_modules\react-router\lib\components.tsx:421:13)
          at basename (C:\Users\samhe\OneDrive\Desktop\Cleaned\frontend\node_mo
dules\react-router\lib\components.tsx:225:3)

      196 |               className="border border-gray-300 rounded-md px-3 
py-2 text-sm"
      197 |               value={confirmPassword}
    > 198 |               onChange={e => setConfirmPassword(e.target.value)}
          |                              ^
      199 |             />
      200 |             {confirmPassword && !passwordsMatch && (
      201 |               <p className="text-sm text-red-600">Passwords do not 
match</p>

      at printWarning 
(node_modules/react-dom/cjs/react-dom.development.js:86:30)
      at error (node_modules/react-dom/cjs/react-dom.development.js:60:7)
      at warnIfUpdatesNotWrappedWithActDEV 
(node_modules/react-dom/cjs/react-dom.development.js:27628:9)
      at scheduleUpdateOnFiber 
(node_modules/react-dom/cjs/react-dom.development.js:25547:5)
      at dispatchSetState 
(node_modules/react-dom/cjs/react-dom.development.js:16708:7)
      at onChange (src/profile/index.tsx:198:30)
      at HTMLUnknownElement.callCallback 
(node_modules/react-dom/cjs/react-dom.development.js:4164:14)
      at HTMLUnknownElement.callTheUserObjectsOperation 
(node_modules/jsdom/lib/jsdom/living/generated/EventListener.js:26:30)
      at innerInvokeEventListeners 
(node_modules/jsdom/lib/jsdom/living/events/EventTarget-impl.js:350:25)
      at invokeEventListeners 
(node_modules/jsdom/lib/jsdom/living/events/EventTarget-impl.js:286:3)
      at HTMLUnknownElementImpl._dispatch 
(node_modules/jsdom/lib/jsdom/living/events/EventTarget-impl.js:233:9)
      at HTMLUnknownElementImpl.dispatchEvent 
(node_modules/jsdom/lib/jsdom/living/events/EventTarget-impl.js:104:17)
      at HTMLUnknownElement.dispatchEvent 
(node_modules/jsdom/lib/jsdom/living/generated/EventTarget.js:241:34)
      at Object.invokeGuardedCallbackDev 
(node_modules/react-dom/cjs/react-dom.development.js:4213:16)
      at invokeGuardedCallback 
(node_modules/react-dom/cjs/react-dom.development.js:4277:31)
      at invokeGuardedCallbackAndCatchFirstError 
(node_modules/react-dom/cjs/react-dom.development.js:4291:25)
      at executeDispatch 
(node_modules/react-dom/cjs/react-dom.development.js:9041:3)
      at processDispatchQueueItemsInOrder 
(node_modules/react-dom/cjs/react-dom.development.js:9073:7)
      at processDispatchQueue 
(node_modules/react-dom/cjs/react-dom.development.js:9086:5)
      at dispatchEventsForPlugins 
(node_modules/react-dom/cjs/react-dom.development.js:9097:3)
      at node_modules/react-dom/cjs/react-dom.development.js:9288:12
      at batchedUpdates$1 
(node_modules/react-dom/cjs/react-dom.development.js:26179:12)
      at batchedUpdates 
(node_modules/react-dom/cjs/react-dom.development.js:3991:12)
      at dispatchEventForPluginEventSystem 
(node_modules/react-dom/cjs/react-dom.development.js:9287:3)
      at dispatchEventWithEnableCapturePhaseSelectiveHydrationWithoutDiscreteEv
entReplay (node_modules/react-dom/cjs/react-dom.development.js:6465:5)
      at dispatchEvent 
(node_modules/react-dom/cjs/react-dom.development.js:6457:5)
      at dispatchDiscreteEvent 
(node_modules/react-dom/cjs/react-dom.development.js:6430:5)
      at HTMLDivElement.callTheUserObjectsOperation 
(node_modules/jsdom/lib/jsdom/living/generated/EventListener.js:26:30)
      at innerInvokeEventListeners 
(node_modules/jsdom/lib/jsdom/living/events/EventTarget-impl.js:350:25)
      at invokeEventListeners 
(node_modules/jsdom/lib/jsdom/living/events/EventTarget-impl.js:286:3)
      at HTMLInputElementImpl._dispatch 
(node_modules/jsdom/lib/jsdom/living/events/EventTarget-impl.js:233:9)
      at HTMLInputElementImpl.dispatchEvent 
(node_modules/jsdom/lib/jsdom/living/events/EventTarget-impl.js:104:17)
      at HTMLInputElement.dispatchEvent 
(node_modules/jsdom/lib/jsdom/living/generated/EventTarget.js:241:34)
      at 
node_modules/@testing-library/user-event/dist/cjs/event/dispatchEvent.js:45:43
      at Object.eventWrapper 
(node_modules/@testing-library/dom/dist/config.js:25:23)
      at Object.wrapEvent 
(node_modules/@testing-library/user-event/dist/cjs/event/wrapEvent.js:6:28)
      at Object.dispatchEvent (node_modules/@testing-library/user-event/dist/cj
s/event/dispatchEvent.js:45:22)
      at Object.dispatchUIEvent (node_modules/@testing-library/user-event/dist/
cjs/event/dispatchEvent.js:22:26)
      at commitInput 
(node_modules/@testing-library/user-event/dist/cjs/event/input.js:145:14)
      at editInputElement 
(node_modules/@testing-library/user-event/dist/cjs/event/input.js:115:9)
      at Object.input 
(node_modules/@testing-library/user-event/dist/cjs/event/input.js:37:9)
      at node_modules/@testing-library/user-event/dist/cjs/event/behavior/keypr
ess.js:31:26
      at Object.dispatchEvent (node_modules/@testing-library/user-event/dist/cj
s/event/dispatchEvent.js:41:13)
      at Object.dispatchUIEvent (node_modules/@testing-library/user-event/dist/
cjs/event/dispatchEvent.js:22:26)
      at KeyboardHost.keydown 
(node_modules/@testing-library/user-event/dist/cjs/system/keyboard.js:76:22)
      at keyboardAction 
(node_modules/@testing-library/user-event/dist/cjs/keyboard/index.js:22:35)
      at Object.keyboard 
(node_modules/@testing-library/user-event/dist/cjs/keyboard/index.js:11:15)
      at Object.type 
(node_modules/@testing-library/user-event/dist/cjs/utility/type.js:17:5)
      at Object.<anonymous> (src/profile/profile.test.tsx:284:9)

    console.error
      Warning: An update to ProfilePage inside a test was not wrapped in 
act(...).
      
      When testing, code that causes React state updates should be wrapped 
into act(...):
      
      act(() => {
        /* fire events that update state */
      });
      /* assert on the output */
      
      This ensures that you're testing the behavior the user would see in the 
browser. Learn more at https://reactjs.org/link/wrap-tests-with-act
          at ProfilePage 
(C:\Users\samhe\OneDrive\Desktop\Cleaned\frontend\src\profile\index.tsx:25:41)
          at basenameProp (C:\Users\samhe\OneDrive\Desktop\Cleaned\frontend\nod
e_modules\react-router\lib\components.tsx:421:13)
          at basename (C:\Users\samhe\OneDrive\Desktop\Cleaned\frontend\node_mo
dules\react-router\lib\components.tsx:225:3)

      196 |               className="border border-gray-300 rounded-md px-3 
py-2 text-sm"
      197 |               value={confirmPassword}
    > 198 |               onChange={e => setConfirmPassword(e.target.value)}
          |                              ^
      199 |             />
      200 |             {confirmPassword && !passwordsMatch && (
      201 |               <p className="text-sm text-red-600">Passwords do not 
match</p>

      at printWarning 
(node_modules/react-dom/cjs/react-dom.development.js:86:30)
      at error (node_modules/react-dom/cjs/react-dom.development.js:60:7)
      at warnIfUpdatesNotWrappedWithActDEV 
(node_modules/react-dom/cjs/react-dom.development.js:27628:9)
      at scheduleUpdateOnFiber 
(node_modules/react-dom/cjs/react-dom.development.js:25547:5)
      at dispatchSetState 
(node_modules/react-dom/cjs/react-dom.development.js:16708:7)
      at onChange (src/profile/index.tsx:198:30)
      at HTMLUnknownElement.callCallback 
(node_modules/react-dom/cjs/react-dom.development.js:4164:14)
      at HTMLUnknownElement.callTheUserObjectsOperation 
(node_modules/jsdom/lib/jsdom/living/generated/EventListener.js:26:30)
      at innerInvokeEventListeners 
(node_modules/jsdom/lib/jsdom/living/events/EventTarget-impl.js:350:25)
      at invokeEventListeners 
(node_modules/jsdom/lib/jsdom/living/events/EventTarget-impl.js:286:3)
      at HTMLUnknownElementImpl._dispatch 
(node_modules/jsdom/lib/jsdom/living/events/EventTarget-impl.js:233:9)
      at HTMLUnknownElementImpl.dispatchEvent 
(node_modules/jsdom/lib/jsdom/living/events/EventTarget-impl.js:104:17)
      at HTMLUnknownElement.dispatchEvent 
(node_modules/jsdom/lib/jsdom/living/generated/EventTarget.js:241:34)
      at Object.invokeGuardedCallbackDev 
(node_modules/react-dom/cjs/react-dom.development.js:4213:16)
      at invokeGuardedCallback 
(node_modules/react-dom/cjs/react-dom.development.js:4277:31)
      at invokeGuardedCallbackAndCatchFirstError 
(node_modules/react-dom/cjs/react-dom.development.js:4291:25)
      at executeDispatch 
(node_modules/react-dom/cjs/react-dom.development.js:9041:3)
      at processDispatchQueueItemsInOrder 
(node_modules/react-dom/cjs/react-dom.development.js:9073:7)
      at processDispatchQueue 
(node_modules/react-dom/cjs/react-dom.development.js:9086:5)
      at dispatchEventsForPlugins 
(node_modules/react-dom/cjs/react-dom.development.js:9097:3)
      at node_modules/react-dom/cjs/react-dom.development.js:9288:12
      at batchedUpdates$1 
(node_modules/react-dom/cjs/react-dom.development.js:26179:12)
      at batchedUpdates 
(node_modules/react-dom/cjs/react-dom.development.js:3991:12)
      at dispatchEventForPluginEventSystem 
(node_modules/react-dom/cjs/react-dom.development.js:9287:3)
      at dispatchEventWithEnableCapturePhaseSelectiveHydrationWithoutDiscreteEv
entReplay (node_modules/react-dom/cjs/react-dom.development.js:6465:5)
      at dispatchEvent 
(node_modules/react-dom/cjs/react-dom.development.js:6457:5)
      at dispatchDiscreteEvent 
(node_modules/react-dom/cjs/react-dom.development.js:6430:5)
      at HTMLDivElement.callTheUserObjectsOperation 
(node_modules/jsdom/lib/jsdom/living/generated/EventListener.js:26:30)
      at innerInvokeEventListeners 
(node_modules/jsdom/lib/jsdom/living/events/EventTarget-impl.js:350:25)
      at invokeEventListeners 
(node_modules/jsdom/lib/jsdom/living/events/EventTarget-impl.js:286:3)
      at HTMLInputElementImpl._dispatch 
(node_modules/jsdom/lib/jsdom/living/events/EventTarget-impl.js:233:9)
      at HTMLInputElementImpl.dispatchEvent 
(node_modules/jsdom/lib/jsdom/living/events/EventTarget-impl.js:104:17)
      at HTMLInputElement.dispatchEvent 
(node_modules/jsdom/lib/jsdom/living/generated/EventTarget.js:241:34)
      at 
node_modules/@testing-library/user-event/dist/cjs/event/dispatchEvent.js:45:43
      at Object.eventWrapper 
(node_modules/@testing-library/dom/dist/config.js:25:23)
      at Object.wrapEvent 
(node_modules/@testing-library/user-event/dist/cjs/event/wrapEvent.js:6:28)
      at Object.dispatchEvent (node_modules/@testing-library/user-event/dist/cj
s/event/dispatchEvent.js:45:22)
      at Object.dispatchUIEvent (node_modules/@testing-library/user-event/dist/
cjs/event/dispatchEvent.js:22:26)
      at commitInput 
(node_modules/@testing-library/user-event/dist/cjs/event/input.js:145:14)
      at editInputElement 
(node_modules/@testing-library/user-event/dist/cjs/event/input.js:115:9)
      at Object.input 
(node_modules/@testing-library/user-event/dist/cjs/event/input.js:37:9)
      at node_modules/@testing-library/user-event/dist/cjs/event/behavior/keypr
ess.js:31:26
      at Object.dispatchEvent (node_modules/@testing-library/user-event/dist/cj
s/event/dispatchEvent.js:41:13)
      at Object.dispatchUIEvent (node_modules/@testing-library/user-event/dist/
cjs/event/dispatchEvent.js:22:26)
      at KeyboardHost.keydown 
(node_modules/@testing-library/user-event/dist/cjs/system/keyboard.js:76:22)
      at keyboardAction 
(node_modules/@testing-library/user-event/dist/cjs/keyboard/index.js:22:35)
      at Object.keyboard 
(node_modules/@testing-library/user-event/dist/cjs/keyboard/index.js:11:15)
      at Object.type 
(node_modules/@testing-library/user-event/dist/cjs/utility/type.js:17:5)
      at Object.<anonymous> (src/profile/profile.test.tsx:284:9)

    console.error
      Warning: An update to ProfilePage inside a test was not wrapped in 
act(...).
      
      When testing, code that causes React state updates should be wrapped 
into act(...):
      
      act(() => {
        /* fire events that update state */
      });
      /* assert on the output */
      
      This ensures that you're testing the behavior the user would see in the 
browser. Learn more at https://reactjs.org/link/wrap-tests-with-act
          at ProfilePage 
(C:\Users\samhe\OneDrive\Desktop\Cleaned\frontend\src\profile\index.tsx:25:41)
          at basenameProp (C:\Users\samhe\OneDrive\Desktop\Cleaned\frontend\nod
e_modules\react-router\lib\components.tsx:421:13)
          at basename (C:\Users\samhe\OneDrive\Desktop\Cleaned\frontend\node_mo
dules\react-router\lib\components.tsx:225:3)

      167 |               className="border border-gray-300 rounded-md px-3 
py-2 text-sm"
      168 |               value={currentPassword}
    > 169 |               onChange={e => setCurrentPassword(e.target.value)}
          |                              ^
      170 |             />
      171 |           </div>
      172 |

      at printWarning 
(node_modules/react-dom/cjs/react-dom.development.js:86:30)
      at error (node_modules/react-dom/cjs/react-dom.development.js:60:7)
      at warnIfUpdatesNotWrappedWithActDEV 
(node_modules/react-dom/cjs/react-dom.development.js:27628:9)
      at scheduleUpdateOnFiber 
(node_modules/react-dom/cjs/react-dom.development.js:25547:5)
      at dispatchSetState 
(node_modules/react-dom/cjs/react-dom.development.js:16708:7)
      at onChange (src/profile/index.tsx:169:30)
      at HTMLUnknownElement.callCallback 
(node_modules/react-dom/cjs/react-dom.development.js:4164:14)
      at HTMLUnknownElement.callTheUserObjectsOperation 
(node_modules/jsdom/lib/jsdom/living/generated/EventListener.js:26:30)
      at innerInvokeEventListeners 
(node_modules/jsdom/lib/jsdom/living/events/EventTarget-impl.js:350:25)
      at invokeEventListeners 
(node_modules/jsdom/lib/jsdom/living/events/EventTarget-impl.js:286:3)
      at HTMLUnknownElementImpl._dispatch 
(node_modules/jsdom/lib/jsdom/living/events/EventTarget-impl.js:233:9)
      at HTMLUnknownElementImpl.dispatchEvent 
(node_modules/jsdom/lib/jsdom/living/events/EventTarget-impl.js:104:17)
      at HTMLUnknownElement.dispatchEvent 
(node_modules/jsdom/lib/jsdom/living/generated/EventTarget.js:241:34)
      at Object.invokeGuardedCallbackDev 
(node_modules/react-dom/cjs/react-dom.development.js:4213:16)
      at invokeGuardedCallback 
(node_modules/react-dom/cjs/react-dom.development.js:4277:31)
      at invokeGuardedCallbackAndCatchFirstError 
(node_modules/react-dom/cjs/react-dom.development.js:4291:25)
      at executeDispatch 
(node_modules/react-dom/cjs/react-dom.development.js:9041:3)
      at processDispatchQueueItemsInOrder 
(node_modules/react-dom/cjs/react-dom.development.js:9073:7)
      at processDispatchQueue 
(node_modules/react-dom/cjs/react-dom.development.js:9086:5)
      at dispatchEventsForPlugins 
(node_modules/react-dom/cjs/react-dom.development.js:9097:3)
      at node_modules/react-dom/cjs/react-dom.development.js:9288:12
      at batchedUpdates$1 
(node_modules/react-dom/cjs/react-dom.development.js:26179:12)
      at batchedUpdates 
(node_modules/react-dom/cjs/react-dom.development.js:3991:12)
      at dispatchEventForPluginEventSystem 
(node_modules/react-dom/cjs/react-dom.development.js:9287:3)
      at dispatchEventWithEnableCapturePhaseSelectiveHydrationWithoutDiscreteEv
entReplay (node_modules/react-dom/cjs/react-dom.development.js:6465:5)
      at dispatchEvent 
(node_modules/react-dom/cjs/react-dom.development.js:6457:5)
      at dispatchDiscreteEvent 
(node_modules/react-dom/cjs/react-dom.development.js:6430:5)
      at HTMLDivElement.callTheUserObjectsOperation 
(node_modules/jsdom/lib/jsdom/living/generated/EventListener.js:26:30)
      at innerInvokeEventListeners 
(node_modules/jsdom/lib/jsdom/living/events/EventTarget-impl.js:350:25)
      at invokeEventListeners 
(node_modules/jsdom/lib/jsdom/living/events/EventTarget-impl.js:286:3)
      at HTMLInputElementImpl._dispatch 
(node_modules/jsdom/lib/jsdom/living/events/EventTarget-impl.js:233:9)
      at HTMLInputElementImpl.dispatchEvent 
(node_modules/jsdom/lib/jsdom/living/events/EventTarget-impl.js:104:17)
      at HTMLInputElement.dispatchEvent 
(node_modules/jsdom/lib/jsdom/living/generated/EventTarget.js:241:34)
      at 
node_modules/@testing-library/user-event/dist/cjs/event/dispatchEvent.js:45:43
      at Object.eventWrapper 
(node_modules/@testing-library/dom/dist/config.js:25:23)
      at Object.wrapEvent 
(node_modules/@testing-library/user-event/dist/cjs/event/wrapEvent.js:6:28)
      at Object.dispatchEvent (node_modules/@testing-library/user-event/dist/cj
s/event/dispatchEvent.js:45:22)
      at Object.dispatchUIEvent (node_modules/@testing-library/user-event/dist/
cjs/event/dispatchEvent.js:22:26)
      at commitInput 
(node_modules/@testing-library/user-event/dist/cjs/event/input.js:145:14)
      at editInputElement 
(node_modules/@testing-library/user-event/dist/cjs/event/input.js:115:9)
      at Object.input 
(node_modules/@testing-library/user-event/dist/cjs/event/input.js:37:9)
      at node_modules/@testing-library/user-event/dist/cjs/event/behavior/keypr
ess.js:31:26
      at Object.dispatchEvent (node_modules/@testing-library/user-event/dist/cj
s/event/dispatchEvent.js:41:13)
      at Object.dispatchUIEvent (node_modules/@testing-library/user-event/dist/
cjs/event/dispatchEvent.js:22:26)
      at KeyboardHost.keydown 
(node_modules/@testing-library/user-event/dist/cjs/system/keyboard.js:76:22)
      at keyboardAction 
(node_modules/@testing-library/user-event/dist/cjs/keyboard/index.js:22:35)
      at Object.keyboard 
(node_modules/@testing-library/user-event/dist/cjs/keyboard/index.js:11:15)
      at Object.type 
(node_modules/@testing-library/user-event/dist/cjs/utility/type.js:17:5)
      at Object.<anonymous> (src/profile/profile.test.tsx:300:9)

    console.error
      Warning: An update to ProfilePage inside a test was not wrapped in 
act(...).
      
      When testing, code that causes React state updates should be wrapped 
into act(...):
      
      act(() => {
        /* fire events that update state */
      });
      /* assert on the output */
      
      This ensures that you're testing the behavior the user would see in the 
browser. Learn more at https://reactjs.org/link/wrap-tests-with-act
          at ProfilePage 
(C:\Users\samhe\OneDrive\Desktop\Cleaned\frontend\src\profile\index.tsx:25:41)
          at basenameProp (C:\Users\samhe\OneDrive\Desktop\Cleaned\frontend\nod
e_modules\react-router\lib\components.tsx:421:13)
          at basename (C:\Users\samhe\OneDrive\Desktop\Cleaned\frontend\node_mo
dules\react-router\lib\components.tsx:225:3)

      167 |               className="border border-gray-300 rounded-md px-3 
py-2 text-sm"
      168 |               value={currentPassword}
    > 169 |               onChange={e => setCurrentPassword(e.target.value)}
          |                              ^
      170 |             />
      171 |           </div>
      172 |

      at printWarning 
(node_modules/react-dom/cjs/react-dom.development.js:86:30)
      at error (node_modules/react-dom/cjs/react-dom.development.js:60:7)
      at warnIfUpdatesNotWrappedWithActDEV 
(node_modules/react-dom/cjs/react-dom.development.js:27628:9)
      at scheduleUpdateOnFiber 
(node_modules/react-dom/cjs/react-dom.development.js:25547:5)
      at dispatchSetState 
(node_modules/react-dom/cjs/react-dom.development.js:16708:7)
      at onChange (src/profile/index.tsx:169:30)
      at HTMLUnknownElement.callCallback 
(node_modules/react-dom/cjs/react-dom.development.js:4164:14)
      at HTMLUnknownElement.callTheUserObjectsOperation 
(node_modules/jsdom/lib/jsdom/living/generated/EventListener.js:26:30)
      at innerInvokeEventListeners 
(node_modules/jsdom/lib/jsdom/living/events/EventTarget-impl.js:350:25)
      at invokeEventListeners 
(node_modules/jsdom/lib/jsdom/living/events/EventTarget-impl.js:286:3)
      at HTMLUnknownElementImpl._dispatch 
(node_modules/jsdom/lib/jsdom/living/events/EventTarget-impl.js:233:9)
      at HTMLUnknownElementImpl.dispatchEvent 
(node_modules/jsdom/lib/jsdom/living/events/EventTarget-impl.js:104:17)
      at HTMLUnknownElement.dispatchEvent 
(node_modules/jsdom/lib/jsdom/living/generated/EventTarget.js:241:34)
      at Object.invokeGuardedCallbackDev 
(node_modules/react-dom/cjs/react-dom.development.js:4213:16)
      at invokeGuardedCallback 
(node_modules/react-dom/cjs/react-dom.development.js:4277:31)
      at invokeGuardedCallbackAndCatchFirstError 
(node_modules/react-dom/cjs/react-dom.development.js:4291:25)
      at executeDispatch 
(node_modules/react-dom/cjs/react-dom.development.js:9041:3)
      at processDispatchQueueItemsInOrder 
(node_modules/react-dom/cjs/react-dom.development.js:9073:7)
      at processDispatchQueue 
(node_modules/react-dom/cjs/react-dom.development.js:9086:5)
      at dispatchEventsForPlugins 
(node_modules/react-dom/cjs/react-dom.development.js:9097:3)
      at node_modules/react-dom/cjs/react-dom.development.js:9288:12
      at batchedUpdates$1 
(node_modules/react-dom/cjs/react-dom.development.js:26179:12)
      at batchedUpdates 
(node_modules/react-dom/cjs/react-dom.development.js:3991:12)
      at dispatchEventForPluginEventSystem 
(node_modules/react-dom/cjs/react-dom.development.js:9287:3)
      at dispatchEventWithEnableCapturePhaseSelectiveHydrationWithoutDiscreteEv
entReplay (node_modules/react-dom/cjs/react-dom.development.js:6465:5)
      at dispatchEvent 
(node_modules/react-dom/cjs/react-dom.development.js:6457:5)
      at dispatchDiscreteEvent 
(node_modules/react-dom/cjs/react-dom.development.js:6430:5)
      at HTMLDivElement.callTheUserObjectsOperation 
(node_modules/jsdom/lib/jsdom/living/generated/EventListener.js:26:30)
      at innerInvokeEventListeners 
(node_modules/jsdom/lib/jsdom/living/events/EventTarget-impl.js:350:25)
      at invokeEventListeners 
(node_modules/jsdom/lib/jsdom/living/events/EventTarget-impl.js:286:3)
      at HTMLInputElementImpl._dispatch 
(node_modules/jsdom/lib/jsdom/living/events/EventTarget-impl.js:233:9)
      at HTMLInputElementImpl.dispatchEvent 
(node_modules/jsdom/lib/jsdom/living/events/EventTarget-impl.js:104:17)
      at HTMLInputElement.dispatchEvent 
(node_modules/jsdom/lib/jsdom/living/generated/EventTarget.js:241:34)
      at 
node_modules/@testing-library/user-event/dist/cjs/event/dispatchEvent.js:45:43
      at Object.eventWrapper 
(node_modules/@testing-library/dom/dist/config.js:25:23)
      at Object.wrapEvent 
(node_modules/@testing-library/user-event/dist/cjs/event/wrapEvent.js:6:28)
      at Object.dispatchEvent (node_modules/@testing-library/user-event/dist/cj
s/event/dispatchEvent.js:45:22)
      at Object.dispatchUIEvent (node_modules/@testing-library/user-event/dist/
cjs/event/dispatchEvent.js:22:26)
      at commitInput 
(node_modules/@testing-library/user-event/dist/cjs/event/input.js:145:14)
      at editInputElement 
(node_modules/@testing-library/user-event/dist/cjs/event/input.js:115:9)
      at Object.input 
(node_modules/@testing-library/user-event/dist/cjs/event/input.js:37:9)
      at node_modules/@testing-library/user-event/dist/cjs/event/behavior/keypr
ess.js:31:26
      at Object.dispatchEvent (node_modules/@testing-library/user-event/dist/cj
s/event/dispatchEvent.js:41:13)
      at Object.dispatchUIEvent (node_modules/@testing-library/user-event/dist/
cjs/event/dispatchEvent.js:22:26)
      at KeyboardHost.keydown 
(node_modules/@testing-library/user-event/dist/cjs/system/keyboard.js:76:22)
      at keyboardAction 
(node_modules/@testing-library/user-event/dist/cjs/keyboard/index.js:22:35)
      at Object.keyboard 
(node_modules/@testing-library/user-event/dist/cjs/keyboard/index.js:11:15)
      at Object.type 
(node_modules/@testing-library/user-event/dist/cjs/utility/type.js:17:5)
      at Object.<anonymous> (src/profile/profile.test.tsx:300:9)

    console.error
      Warning: An update to ProfilePage inside a test was not wrapped in 
act(...).
      
      When testing, code that causes React state updates should be wrapped 
into act(...):
      
      act(() => {
        /* fire events that update state */
      });
      /* assert on the output */
      
      This ensures that you're testing the behavior the user would see in the 
browser. Learn more at https://reactjs.org/link/wrap-tests-with-act
          at ProfilePage 
(C:\Users\samhe\OneDrive\Desktop\Cleaned\frontend\src\profile\index.tsx:25:41)
          at basenameProp (C:\Users\samhe\OneDrive\Desktop\Cleaned\frontend\nod
e_modules\react-router\lib\components.tsx:421:13)
          at basename (C:\Users\samhe\OneDrive\Desktop\Cleaned\frontend\node_mo
dules\react-router\lib\components.tsx:225:3)

      167 |               className="border border-gray-300 rounded-md px-3 
py-2 text-sm"
      168 |               value={currentPassword}
    > 169 |               onChange={e => setCurrentPassword(e.target.value)}
          |                              ^
      170 |             />
      171 |           </div>
      172 |

      at printWarning 
(node_modules/react-dom/cjs/react-dom.development.js:86:30)
      at error (node_modules/react-dom/cjs/react-dom.development.js:60:7)
      at warnIfUpdatesNotWrappedWithActDEV 
(node_modules/react-dom/cjs/react-dom.development.js:27628:9)
      at scheduleUpdateOnFiber 
(node_modules/react-dom/cjs/react-dom.development.js:25547:5)
      at dispatchSetState 
(node_modules/react-dom/cjs/react-dom.development.js:16708:7)
      at onChange (src/profile/index.tsx:169:30)
      at HTMLUnknownElement.callCallback 
(node_modules/react-dom/cjs/react-dom.development.js:4164:14)
      at HTMLUnknownElement.callTheUserObjectsOperation 
(node_modules/jsdom/lib/jsdom/living/generated/EventListener.js:26:30)
      at innerInvokeEventListeners 
(node_modules/jsdom/lib/jsdom/living/events/EventTarget-impl.js:350:25)
      at invokeEventListeners 
(node_modules/jsdom/lib/jsdom/living/events/EventTarget-impl.js:286:3)
      at HTMLUnknownElementImpl._dispatch 
(node_modules/jsdom/lib/jsdom/living/events/EventTarget-impl.js:233:9)
      at HTMLUnknownElementImpl.dispatchEvent 
(node_modules/jsdom/lib/jsdom/living/events/EventTarget-impl.js:104:17)
      at HTMLUnknownElement.dispatchEvent 
(node_modules/jsdom/lib/jsdom/living/generated/EventTarget.js:241:34)
      at Object.invokeGuardedCallbackDev 
(node_modules/react-dom/cjs/react-dom.development.js:4213:16)
      at invokeGuardedCallback 
(node_modules/react-dom/cjs/react-dom.development.js:4277:31)
      at invokeGuardedCallbackAndCatchFirstError 
(node_modules/react-dom/cjs/react-dom.development.js:4291:25)
      at executeDispatch 
(node_modules/react-dom/cjs/react-dom.development.js:9041:3)
      at processDispatchQueueItemsInOrder 
(node_modules/react-dom/cjs/react-dom.development.js:9073:7)
      at processDispatchQueue 
(node_modules/react-dom/cjs/react-dom.development.js:9086:5)
      at dispatchEventsForPlugins 
(node_modules/react-dom/cjs/react-dom.development.js:9097:3)
      at node_modules/react-dom/cjs/react-dom.development.js:9288:12
      at batchedUpdates$1 
(node_modules/react-dom/cjs/react-dom.development.js:26179:12)
      at batchedUpdates 
(node_modules/react-dom/cjs/react-dom.development.js:3991:12)
      at dispatchEventForPluginEventSystem 
(node_modules/react-dom/cjs/react-dom.development.js:9287:3)
      at dispatchEventWithEnableCapturePhaseSelectiveHydrationWithoutDiscreteEv
entReplay (node_modules/react-dom/cjs/react-dom.development.js:6465:5)
      at dispatchEvent 
(node_modules/react-dom/cjs/react-dom.development.js:6457:5)
      at dispatchDiscreteEvent 
(node_modules/react-dom/cjs/react-dom.development.js:6430:5)
      at HTMLDivElement.callTheUserObjectsOperation 
(node_modules/jsdom/lib/jsdom/living/generated/EventListener.js:26:30)
      at innerInvokeEventListeners 
(node_modules/jsdom/lib/jsdom/living/events/EventTarget-impl.js:350:25)
      at invokeEventListeners 
(node_modules/jsdom/lib/jsdom/living/events/EventTarget-impl.js:286:3)
      at HTMLInputElementImpl._dispatch 
(node_modules/jsdom/lib/jsdom/living/events/EventTarget-impl.js:233:9)
      at HTMLInputElementImpl.dispatchEvent 
(node_modules/jsdom/lib/jsdom/living/events/EventTarget-impl.js:104:17)
      at HTMLInputElement.dispatchEvent 
(node_modules/jsdom/lib/jsdom/living/generated/EventTarget.js:241:34)
      at 
node_modules/@testing-library/user-event/dist/cjs/event/dispatchEvent.js:45:43
      at Object.eventWrapper 
(node_modules/@testing-library/dom/dist/config.js:25:23)
      at Object.wrapEvent 
(node_modules/@testing-library/user-event/dist/cjs/event/wrapEvent.js:6:28)
      at Object.dispatchEvent (node_modules/@testing-library/user-event/dist/cj
s/event/dispatchEvent.js:45:22)
      at Object.dispatchUIEvent (node_modules/@testing-library/user-event/dist/
cjs/event/dispatchEvent.js:22:26)
      at commitInput 
(node_modules/@testing-library/user-event/dist/cjs/event/input.js:145:14)
      at editInputElement 
(node_modules/@testing-library/user-event/dist/cjs/event/input.js:115:9)
      at Object.input 
(node_modules/@testing-library/user-event/dist/cjs/event/input.js:37:9)
      at node_modules/@testing-library/user-event/dist/cjs/event/behavior/keypr
ess.js:31:26
      at Object.dispatchEvent (node_modules/@testing-library/user-event/dist/cj
s/event/dispatchEvent.js:41:13)
      at Object.dispatchUIEvent (node_modules/@testing-library/user-event/dist/
cjs/event/dispatchEvent.js:22:26)
      at KeyboardHost.keydown 
(node_modules/@testing-library/user-event/dist/cjs/system/keyboard.js:76:22)
      at keyboardAction 
(node_modules/@testing-library/user-event/dist/cjs/keyboard/index.js:22:35)
      at Object.keyboard 
(node_modules/@testing-library/user-event/dist/cjs/keyboard/index.js:11:15)
      at Object.type 
(node_modules/@testing-library/user-event/dist/cjs/utility/type.js:17:5)
      at Object.<anonymous> (src/profile/profile.test.tsx:300:9)

    console.error
      Warning: An update to ProfilePage inside a test was not wrapped in 
act(...).
      
      When testing, code that causes React state updates should be wrapped 
into act(...):
      
      act(() => {
        /* fire events that update state */
      });
      /* assert on the output */
      
      This ensures that you're testing the behavior the user would see in the 
browser. Learn more at https://reactjs.org/link/wrap-tests-with-act
          at ProfilePage 
(C:\Users\samhe\OneDrive\Desktop\Cleaned\frontend\src\profile\index.tsx:25:41)
          at basenameProp (C:\Users\samhe\OneDrive\Desktop\Cleaned\frontend\nod
e_modules\react-router\lib\components.tsx:421:13)
          at basename (C:\Users\samhe\OneDrive\Desktop\Cleaned\frontend\node_mo
dules\react-router\lib\components.tsx:225:3)

      167 |               className="border border-gray-300 rounded-md px-3 
py-2 text-sm"
      168 |               value={currentPassword}
    > 169 |               onChange={e => setCurrentPassword(e.target.value)}
          |                              ^
      170 |             />
      171 |           </div>
      172 |

      at printWarning 
(node_modules/react-dom/cjs/react-dom.development.js:86:30)
      at error (node_modules/react-dom/cjs/react-dom.development.js:60:7)
      at warnIfUpdatesNotWrappedWithActDEV 
(node_modules/react-dom/cjs/react-dom.development.js:27628:9)
      at scheduleUpdateOnFiber 
(node_modules/react-dom/cjs/react-dom.development.js:25547:5)
      at dispatchSetState 
(node_modules/react-dom/cjs/react-dom.development.js:16708:7)
      at onChange (src/profile/index.tsx:169:30)
      at HTMLUnknownElement.callCallback 
(node_modules/react-dom/cjs/react-dom.development.js:4164:14)
      at HTMLUnknownElement.callTheUserObjectsOperation 
(node_modules/jsdom/lib/jsdom/living/generated/EventListener.js:26:30)
      at innerInvokeEventListeners 
(node_modules/jsdom/lib/jsdom/living/events/EventTarget-impl.js:350:25)
      at invokeEventListeners 
(node_modules/jsdom/lib/jsdom/living/events/EventTarget-impl.js:286:3)
      at HTMLUnknownElementImpl._dispatch 
(node_modules/jsdom/lib/jsdom/living/events/EventTarget-impl.js:233:9)
      at HTMLUnknownElementImpl.dispatchEvent 
(node_modules/jsdom/lib/jsdom/living/events/EventTarget-impl.js:104:17)
      at HTMLUnknownElement.dispatchEvent 
(node_modules/jsdom/lib/jsdom/living/generated/EventTarget.js:241:34)
      at Object.invokeGuardedCallbackDev 
(node_modules/react-dom/cjs/react-dom.development.js:4213:16)
      at invokeGuardedCallback 
(node_modules/react-dom/cjs/react-dom.development.js:4277:31)
      at invokeGuardedCallbackAndCatchFirstError 
(node_modules/react-dom/cjs/react-dom.development.js:4291:25)
      at executeDispatch 
(node_modules/react-dom/cjs/react-dom.development.js:9041:3)
      at processDispatchQueueItemsInOrder 
(node_modules/react-dom/cjs/react-dom.development.js:9073:7)
      at processDispatchQueue 
(node_modules/react-dom/cjs/react-dom.development.js:9086:5)
      at dispatchEventsForPlugins 
(node_modules/react-dom/cjs/react-dom.development.js:9097:3)
      at node_modules/react-dom/cjs/react-dom.development.js:9288:12
      at batchedUpdates$1 
(node_modules/react-dom/cjs/react-dom.development.js:26179:12)
      at batchedUpdates 
(node_modules/react-dom/cjs/react-dom.development.js:3991:12)
      at dispatchEventForPluginEventSystem 
(node_modules/react-dom/cjs/react-dom.development.js:9287:3)
      at dispatchEventWithEnableCapturePhaseSelectiveHydrationWithoutDiscreteEv
entReplay (node_modules/react-dom/cjs/react-dom.development.js:6465:5)
      at dispatchEvent 
(node_modules/react-dom/cjs/react-dom.development.js:6457:5)
      at dispatchDiscreteEvent 
(node_modules/react-dom/cjs/react-dom.development.js:6430:5)
      at HTMLDivElement.callTheUserObjectsOperation 
(node_modules/jsdom/lib/jsdom/living/generated/EventListener.js:26:30)
      at innerInvokeEventListeners 
(node_modules/jsdom/lib/jsdom/living/events/EventTarget-impl.js:350:25)
      at invokeEventListeners 
(node_modules/jsdom/lib/jsdom/living/events/EventTarget-impl.js:286:3)
      at HTMLInputElementImpl._dispatch 
(node_modules/jsdom/lib/jsdom/living/events/EventTarget-impl.js:233:9)
      at HTMLInputElementImpl.dispatchEvent 
(node_modules/jsdom/lib/jsdom/living/events/EventTarget-impl.js:104:17)
      at HTMLInputElement.dispatchEvent 
(node_modules/jsdom/lib/jsdom/living/generated/EventTarget.js:241:34)
      at 
node_modules/@testing-library/user-event/dist/cjs/event/dispatchEvent.js:45:43
      at Object.eventWrapper 
(node_modules/@testing-library/dom/dist/config.js:25:23)
      at Object.wrapEvent 
(node_modules/@testing-library/user-event/dist/cjs/event/wrapEvent.js:6:28)
      at Object.dispatchEvent (node_modules/@testing-library/user-event/dist/cj
s/event/dispatchEvent.js:45:22)
      at Object.dispatchUIEvent (node_modules/@testing-library/user-event/dist/
cjs/event/dispatchEvent.js:22:26)
      at commitInput 
(node_modules/@testing-library/user-event/dist/cjs/event/input.js:145:14)
      at editInputElement 
(node_modules/@testing-library/user-event/dist/cjs/event/input.js:115:9)
      at Object.input 
(node_modules/@testing-library/user-event/dist/cjs/event/input.js:37:9)
      at node_modules/@testing-library/user-event/dist/cjs/event/behavior/keypr
ess.js:31:26
      at Object.dispatchEvent (node_modules/@testing-library/user-event/dist/cj
s/event/dispatchEvent.js:41:13)
      at Object.dispatchUIEvent (node_modules/@testing-library/user-event/dist/
cjs/event/dispatchEvent.js:22:26)
      at KeyboardHost.keydown 
(node_modules/@testing-library/user-event/dist/cjs/system/keyboard.js:76:22)
      at keyboardAction 
(node_modules/@testing-library/user-event/dist/cjs/keyboard/index.js:22:35)
      at Object.keyboard 
(node_modules/@testing-library/user-event/dist/cjs/keyboard/index.js:11:15)
      at Object.type 
(node_modules/@testing-library/user-event/dist/cjs/utility/type.js:17:5)
      at Object.<anonymous> (src/profile/profile.test.tsx:300:9)

    console.error
      Warning: An update to ProfilePage inside a test was not wrapped in 
act(...).
      
      When testing, code that causes React state updates should be wrapped 
into act(...):
      
      act(() => {
        /* fire events that update state */
      });
      /* assert on the output */
      
      This ensures that you're testing the behavior the user would see in the 
browser. Learn more at https://reactjs.org/link/wrap-tests-with-act
          at ProfilePage 
(C:\Users\samhe\OneDrive\Desktop\Cleaned\frontend\src\profile\index.tsx:25:41)
          at basenameProp (C:\Users\samhe\OneDrive\Desktop\Cleaned\frontend\nod
e_modules\react-router\lib\components.tsx:421:13)
          at basename (C:\Users\samhe\OneDrive\Desktop\Cleaned\frontend\node_mo
dules\react-router\lib\components.tsx:225:3)

      167 |               className="border border-gray-300 rounded-md px-3 
py-2 text-sm"
      168 |               value={currentPassword}
    > 169 |               onChange={e => setCurrentPassword(e.target.value)}
          |                              ^
      170 |             />
      171 |           </div>
      172 |

      at printWarning 
(node_modules/react-dom/cjs/react-dom.development.js:86:30)
      at error (node_modules/react-dom/cjs/react-dom.development.js:60:7)
      at warnIfUpdatesNotWrappedWithActDEV 
(node_modules/react-dom/cjs/react-dom.development.js:27628:9)
      at scheduleUpdateOnFiber 
(node_modules/react-dom/cjs/react-dom.development.js:25547:5)
      at dispatchSetState 
(node_modules/react-dom/cjs/react-dom.development.js:16708:7)
      at onChange (src/profile/index.tsx:169:30)
      at HTMLUnknownElement.callCallback 
(node_modules/react-dom/cjs/react-dom.development.js:4164:14)
      at HTMLUnknownElement.callTheUserObjectsOperation 
(node_modules/jsdom/lib/jsdom/living/generated/EventListener.js:26:30)
      at innerInvokeEventListeners 
(node_modules/jsdom/lib/jsdom/living/events/EventTarget-impl.js:350:25)
      at invokeEventListeners 
(node_modules/jsdom/lib/jsdom/living/events/EventTarget-impl.js:286:3)
      at HTMLUnknownElementImpl._dispatch 
(node_modules/jsdom/lib/jsdom/living/events/EventTarget-impl.js:233:9)
      at HTMLUnknownElementImpl.dispatchEvent 
(node_modules/jsdom/lib/jsdom/living/events/EventTarget-impl.js:104:17)
      at HTMLUnknownElement.dispatchEvent 
(node_modules/jsdom/lib/jsdom/living/generated/EventTarget.js:241:34)
      at Object.invokeGuardedCallbackDev 
(node_modules/react-dom/cjs/react-dom.development.js:4213:16)
      at invokeGuardedCallback 
(node_modules/react-dom/cjs/react-dom.development.js:4277:31)
      at invokeGuardedCallbackAndCatchFirstError 
(node_modules/react-dom/cjs/react-dom.development.js:4291:25)
      at executeDispatch 
(node_modules/react-dom/cjs/react-dom.development.js:9041:3)
      at processDispatchQueueItemsInOrder 
(node_modules/react-dom/cjs/react-dom.development.js:9073:7)
      at processDispatchQueue 
(node_modules/react-dom/cjs/react-dom.development.js:9086:5)
      at dispatchEventsForPlugins 
(node_modules/react-dom/cjs/react-dom.development.js:9097:3)
      at node_modules/react-dom/cjs/react-dom.development.js:9288:12
      at batchedUpdates$1 
(node_modules/react-dom/cjs/react-dom.development.js:26179:12)
      at batchedUpdates 
(node_modules/react-dom/cjs/react-dom.development.js:3991:12)
      at dispatchEventForPluginEventSystem 
(node_modules/react-dom/cjs/react-dom.development.js:9287:3)
      at dispatchEventWithEnableCapturePhaseSelectiveHydrationWithoutDiscreteEv
entReplay (node_modules/react-dom/cjs/react-dom.development.js:6465:5)
      at dispatchEvent 
(node_modules/react-dom/cjs/react-dom.development.js:6457:5)
      at dispatchDiscreteEvent 
(node_modules/react-dom/cjs/react-dom.development.js:6430:5)
      at HTMLDivElement.callTheUserObjectsOperation 
(node_modules/jsdom/lib/jsdom/living/generated/EventListener.js:26:30)
      at innerInvokeEventListeners 
(node_modules/jsdom/lib/jsdom/living/events/EventTarget-impl.js:350:25)
      at invokeEventListeners 
(node_modules/jsdom/lib/jsdom/living/events/EventTarget-impl.js:286:3)
      at HTMLInputElementImpl._dispatch 
(node_modules/jsdom/lib/jsdom/living/events/EventTarget-impl.js:233:9)
      at HTMLInputElementImpl.dispatchEvent 
(node_modules/jsdom/lib/jsdom/living/events/EventTarget-impl.js:104:17)
      at HTMLInputElement.dispatchEvent 
(node_modules/jsdom/lib/jsdom/living/generated/EventTarget.js:241:34)
      at 
node_modules/@testing-library/user-event/dist/cjs/event/dispatchEvent.js:45:43
      at Object.eventWrapper 
(node_modules/@testing-library/dom/dist/config.js:25:23)
      at Object.wrapEvent 
(node_modules/@testing-library/user-event/dist/cjs/event/wrapEvent.js:6:28)
      at Object.dispatchEvent (node_modules/@testing-library/user-event/dist/cj
s/event/dispatchEvent.js:45:22)
      at Object.dispatchUIEvent (node_modules/@testing-library/user-event/dist/
cjs/event/dispatchEvent.js:22:26)
      at commitInput 
(node_modules/@testing-library/user-event/dist/cjs/event/input.js:145:14)
      at editInputElement 
(node_modules/@testing-library/user-event/dist/cjs/event/input.js:115:9)
      at Object.input 
(node_modules/@testing-library/user-event/dist/cjs/event/input.js:37:9)
      at node_modules/@testing-library/user-event/dist/cjs/event/behavior/keypr
ess.js:31:26
      at Object.dispatchEvent (node_modules/@testing-library/user-event/dist/cj
s/event/dispatchEvent.js:41:13)
      at Object.dispatchUIEvent (node_modules/@testing-library/user-event/dist/
cjs/event/dispatchEvent.js:22:26)
      at KeyboardHost.keydown 
(node_modules/@testing-library/user-event/dist/cjs/system/keyboard.js:76:22)
      at keyboardAction 
(node_modules/@testing-library/user-event/dist/cjs/keyboard/index.js:22:35)
      at Object.keyboard 
(node_modules/@testing-library/user-event/dist/cjs/keyboard/index.js:11:15)
      at Object.type 
(node_modules/@testing-library/user-event/dist/cjs/utility/type.js:17:5)
      at Object.<anonymous> (src/profile/profile.test.tsx:300:9)

    console.error
      Warning: An update to ProfilePage inside a test was not wrapped in 
act(...).
      
      When testing, code that causes React state updates should be wrapped 
into act(...):
      
      act(() => {
        /* fire events that update state */
      });
      /* assert on the output */
      
      This ensures that you're testing the behavior the user would see in the 
browser. Learn more at https://reactjs.org/link/wrap-tests-with-act
          at ProfilePage 
(C:\Users\samhe\OneDrive\Desktop\Cleaned\frontend\src\profile\index.tsx:25:41)
          at basenameProp (C:\Users\samhe\OneDrive\Desktop\Cleaned\frontend\nod
e_modules\react-router\lib\components.tsx:421:13)
          at basename (C:\Users\samhe\OneDrive\Desktop\Cleaned\frontend\node_mo
dules\react-router\lib\components.tsx:225:3)

      167 |               className="border border-gray-300 rounded-md px-3 
py-2 text-sm"
      168 |               value={currentPassword}
    > 169 |               onChange={e => setCurrentPassword(e.target.value)}
          |                              ^
      170 |             />
      171 |           </div>
      172 |

      at printWarning 
(node_modules/react-dom/cjs/react-dom.development.js:86:30)
      at error (node_modules/react-dom/cjs/react-dom.development.js:60:7)
      at warnIfUpdatesNotWrappedWithActDEV 
(node_modules/react-dom/cjs/react-dom.development.js:27628:9)
      at scheduleUpdateOnFiber 
(node_modules/react-dom/cjs/react-dom.development.js:25547:5)
      at dispatchSetState 
(node_modules/react-dom/cjs/react-dom.development.js:16708:7)
      at onChange (src/profile/index.tsx:169:30)
      at HTMLUnknownElement.callCallback 
(node_modules/react-dom/cjs/react-dom.development.js:4164:14)
      at HTMLUnknownElement.callTheUserObjectsOperation 
(node_modules/jsdom/lib/jsdom/living/generated/EventListener.js:26:30)
      at innerInvokeEventListeners 
(node_modules/jsdom/lib/jsdom/living/events/EventTarget-impl.js:350:25)
      at invokeEventListeners 
(node_modules/jsdom/lib/jsdom/living/events/EventTarget-impl.js:286:3)
      at HTMLUnknownElementImpl._dispatch 
(node_modules/jsdom/lib/jsdom/living/events/EventTarget-impl.js:233:9)
      at HTMLUnknownElementImpl.dispatchEvent 
(node_modules/jsdom/lib/jsdom/living/events/EventTarget-impl.js:104:17)
      at HTMLUnknownElement.dispatchEvent 
(node_modules/jsdom/lib/jsdom/living/generated/EventTarget.js:241:34)
      at Object.invokeGuardedCallbackDev 
(node_modules/react-dom/cjs/react-dom.development.js:4213:16)
      at invokeGuardedCallback 
(node_modules/react-dom/cjs/react-dom.development.js:4277:31)
      at invokeGuardedCallbackAndCatchFirstError 
(node_modules/react-dom/cjs/react-dom.development.js:4291:25)
      at executeDispatch 
(node_modules/react-dom/cjs/react-dom.development.js:9041:3)
      at processDispatchQueueItemsInOrder 
(node_modules/react-dom/cjs/react-dom.development.js:9073:7)
      at processDispatchQueue 
(node_modules/react-dom/cjs/react-dom.development.js:9086:5)
      at dispatchEventsForPlugins 
(node_modules/react-dom/cjs/react-dom.development.js:9097:3)
      at node_modules/react-dom/cjs/react-dom.development.js:9288:12
      at batchedUpdates$1 
(node_modules/react-dom/cjs/react-dom.development.js:26179:12)
      at batchedUpdates 
(node_modules/react-dom/cjs/react-dom.development.js:3991:12)
      at dispatchEventForPluginEventSystem 
(node_modules/react-dom/cjs/react-dom.development.js:9287:3)
      at dispatchEventWithEnableCapturePhaseSelectiveHydrationWithoutDiscreteEv
entReplay (node_modules/react-dom/cjs/react-dom.development.js:6465:5)
      at dispatchEvent 
(node_modules/react-dom/cjs/react-dom.development.js:6457:5)
      at dispatchDiscreteEvent 
(node_modules/react-dom/cjs/react-dom.development.js:6430:5)
      at HTMLDivElement.callTheUserObjectsOperation 
(node_modules/jsdom/lib/jsdom/living/generated/EventListener.js:26:30)
      at innerInvokeEventListeners 
(node_modules/jsdom/lib/jsdom/living/events/EventTarget-impl.js:350:25)
      at invokeEventListeners 
(node_modules/jsdom/lib/jsdom/living/events/EventTarget-impl.js:286:3)
      at HTMLInputElementImpl._dispatch 
(node_modules/jsdom/lib/jsdom/living/events/EventTarget-impl.js:233:9)
      at HTMLInputElementImpl.dispatchEvent 
(node_modules/jsdom/lib/jsdom/living/events/EventTarget-impl.js:104:17)
      at HTMLInputElement.dispatchEvent 
(node_modules/jsdom/lib/jsdom/living/generated/EventTarget.js:241:34)
      at 
node_modules/@testing-library/user-event/dist/cjs/event/dispatchEvent.js:45:43
      at Object.eventWrapper 
(node_modules/@testing-library/dom/dist/config.js:25:23)
      at Object.wrapEvent 
(node_modules/@testing-library/user-event/dist/cjs/event/wrapEvent.js:6:28)
      at Object.dispatchEvent (node_modules/@testing-library/user-event/dist/cj
s/event/dispatchEvent.js:45:22)
      at Object.dispatchUIEvent (node_modules/@testing-library/user-event/dist/
cjs/event/dispatchEvent.js:22:26)
      at commitInput 
(node_modules/@testing-library/user-event/dist/cjs/event/input.js:145:14)
      at editInputElement 
(node_modules/@testing-library/user-event/dist/cjs/event/input.js:115:9)
      at Object.input 
(node_modules/@testing-library/user-event/dist/cjs/event/input.js:37:9)
      at node_modules/@testing-library/user-event/dist/cjs/event/behavior/keypr
ess.js:31:26
      at Object.dispatchEvent (node_modules/@testing-library/user-event/dist/cj
s/event/dispatchEvent.js:41:13)
      at Object.dispatchUIEvent (node_modules/@testing-library/user-event/dist/
cjs/event/dispatchEvent.js:22:26)
      at KeyboardHost.keydown 
(node_modules/@testing-library/user-event/dist/cjs/system/keyboard.js:76:22)
      at keyboardAction 
(node_modules/@testing-library/user-event/dist/cjs/keyboard/index.js:22:35)
      at Object.keyboard 
(node_modules/@testing-library/user-event/dist/cjs/keyboard/index.js:11:15)
      at Object.type 
(node_modules/@testing-library/user-event/dist/cjs/utility/type.js:17:5)
      at Object.<anonymous> (src/profile/profile.test.tsx:300:9)

    console.error
      Warning: An update to ProfilePage inside a test was not wrapped in 
act(...).
      
      When testing, code that causes React state updates should be wrapped 
into act(...):
      
      act(() => {
        /* fire events that update state */
      });
      /* assert on the output */
      
      This ensures that you're testing the behavior the user would see in the 
browser. Learn more at https://reactjs.org/link/wrap-tests-with-act
          at ProfilePage 
(C:\Users\samhe\OneDrive\Desktop\Cleaned\frontend\src\profile\index.tsx:25:41)
          at basenameProp (C:\Users\samhe\OneDrive\Desktop\Cleaned\frontend\nod
e_modules\react-router\lib\components.tsx:421:13)
          at basename (C:\Users\samhe\OneDrive\Desktop\Cleaned\frontend\node_mo
dules\react-router\lib\components.tsx:225:3)

      167 |               className="border border-gray-300 rounded-md px-3 
py-2 text-sm"
      168 |               value={currentPassword}
    > 169 |               onChange={e => setCurrentPassword(e.target.value)}
          |                              ^
      170 |             />
      171 |           </div>
      172 |

      at printWarning 
(node_modules/react-dom/cjs/react-dom.development.js:86:30)
      at error (node_modules/react-dom/cjs/react-dom.development.js:60:7)
      at warnIfUpdatesNotWrappedWithActDEV 
(node_modules/react-dom/cjs/react-dom.development.js:27628:9)
      at scheduleUpdateOnFiber 
(node_modules/react-dom/cjs/react-dom.development.js:25547:5)
      at dispatchSetState 
(node_modules/react-dom/cjs/react-dom.development.js:16708:7)
      at onChange (src/profile/index.tsx:169:30)
      at HTMLUnknownElement.callCallback 
(node_modules/react-dom/cjs/react-dom.development.js:4164:14)
      at HTMLUnknownElement.callTheUserObjectsOperation 
(node_modules/jsdom/lib/jsdom/living/generated/EventListener.js:26:30)
      at innerInvokeEventListeners 
(node_modules/jsdom/lib/jsdom/living/events/EventTarget-impl.js:350:25)
      at invokeEventListeners 
(node_modules/jsdom/lib/jsdom/living/events/EventTarget-impl.js:286:3)
      at HTMLUnknownElementImpl._dispatch 
(node_modules/jsdom/lib/jsdom/living/events/EventTarget-impl.js:233:9)
      at HTMLUnknownElementImpl.dispatchEvent 
(node_modules/jsdom/lib/jsdom/living/events/EventTarget-impl.js:104:17)
      at HTMLUnknownElement.dispatchEvent 
(node_modules/jsdom/lib/jsdom/living/generated/EventTarget.js:241:34)
      at Object.invokeGuardedCallbackDev 
(node_modules/react-dom/cjs/react-dom.development.js:4213:16)
      at invokeGuardedCallback 
(node_modules/react-dom/cjs/react-dom.development.js:4277:31)
      at invokeGuardedCallbackAndCatchFirstError 
(node_modules/react-dom/cjs/react-dom.development.js:4291:25)
      at executeDispatch 
(node_modules/react-dom/cjs/react-dom.development.js:9041:3)
      at processDispatchQueueItemsInOrder 
(node_modules/react-dom/cjs/react-dom.development.js:9073:7)
      at processDispatchQueue 
(node_modules/react-dom/cjs/react-dom.development.js:9086:5)
      at dispatchEventsForPlugins 
(node_modules/react-dom/cjs/react-dom.development.js:9097:3)
      at node_modules/react-dom/cjs/react-dom.development.js:9288:12
      at batchedUpdates$1 
(node_modules/react-dom/cjs/react-dom.development.js:26179:12)
      at batchedUpdates 
(node_modules/react-dom/cjs/react-dom.development.js:3991:12)
      at dispatchEventForPluginEventSystem 
(node_modules/react-dom/cjs/react-dom.development.js:9287:3)
      at dispatchEventWithEnableCapturePhaseSelectiveHydrationWithoutDiscreteEv
entReplay (node_modules/react-dom/cjs/react-dom.development.js:6465:5)
      at dispatchEvent 
(node_modules/react-dom/cjs/react-dom.development.js:6457:5)
      at dispatchDiscreteEvent 
(node_modules/react-dom/cjs/react-dom.development.js:6430:5)
      at HTMLDivElement.callTheUserObjectsOperation 
(node_modules/jsdom/lib/jsdom/living/generated/EventListener.js:26:30)
      at innerInvokeEventListeners 
(node_modules/jsdom/lib/jsdom/living/events/EventTarget-impl.js:350:25)
      at invokeEventListeners 
(node_modules/jsdom/lib/jsdom/living/events/EventTarget-impl.js:286:3)
      at HTMLInputElementImpl._dispatch 
(node_modules/jsdom/lib/jsdom/living/events/EventTarget-impl.js:233:9)
      at HTMLInputElementImpl.dispatchEvent 
(node_modules/jsdom/lib/jsdom/living/events/EventTarget-impl.js:104:17)
      at HTMLInputElement.dispatchEvent 
(node_modules/jsdom/lib/jsdom/living/generated/EventTarget.js:241:34)
      at 
node_modules/@testing-library/user-event/dist/cjs/event/dispatchEvent.js:45:43
      at Object.eventWrapper 
(node_modules/@testing-library/dom/dist/config.js:25:23)
      at Object.wrapEvent 
(node_modules/@testing-library/user-event/dist/cjs/event/wrapEvent.js:6:28)
      at Object.dispatchEvent (node_modules/@testing-library/user-event/dist/cj
s/event/dispatchEvent.js:45:22)
      at Object.dispatchUIEvent (node_modules/@testing-library/user-event/dist/
cjs/event/dispatchEvent.js:22:26)
      at commitInput 
(node_modules/@testing-library/user-event/dist/cjs/event/input.js:145:14)
      at editInputElement 
(node_modules/@testing-library/user-event/dist/cjs/event/input.js:115:9)
      at Object.input 
(node_modules/@testing-library/user-event/dist/cjs/event/input.js:37:9)
      at node_modules/@testing-library/user-event/dist/cjs/event/behavior/keypr
ess.js:31:26
      at Object.dispatchEvent (node_modules/@testing-library/user-event/dist/cj
s/event/dispatchEvent.js:41:13)
      at Object.dispatchUIEvent (node_modules/@testing-library/user-event/dist/
cjs/event/dispatchEvent.js:22:26)
      at KeyboardHost.keydown 
(node_modules/@testing-library/user-event/dist/cjs/system/keyboard.js:76:22)
      at keyboardAction 
(node_modules/@testing-library/user-event/dist/cjs/keyboard/index.js:22:35)
      at Object.keyboard 
(node_modules/@testing-library/user-event/dist/cjs/keyboard/index.js:11:15)
      at Object.type 
(node_modules/@testing-library/user-event/dist/cjs/utility/type.js:17:5)
      at Object.<anonymous> (src/profile/profile.test.tsx:300:9)

    console.error
      Warning: An update to ProfilePage inside a test was not wrapped in 
act(...).
      
      When testing, code that causes React state updates should be wrapped 
into act(...):
      
      act(() => {
        /* fire events that update state */
      });
      /* assert on the output */
      
      This ensures that you're testing the behavior the user would see in the 
browser. Learn more at https://reactjs.org/link/wrap-tests-with-act
          at ProfilePage 
(C:\Users\samhe\OneDrive\Desktop\Cleaned\frontend\src\profile\index.tsx:25:41)
          at basenameProp (C:\Users\samhe\OneDrive\Desktop\Cleaned\frontend\nod
e_modules\react-router\lib\components.tsx:421:13)
          at basename (C:\Users\samhe\OneDrive\Desktop\Cleaned\frontend\node_mo
dules\react-router\lib\components.tsx:225:3)

      167 |               className="border border-gray-300 rounded-md px-3 
py-2 text-sm"
      168 |               value={currentPassword}
    > 169 |               onChange={e => setCurrentPassword(e.target.value)}
          |                              ^
      170 |             />
      171 |           </div>
      172 |

      at printWarning 
(node_modules/react-dom/cjs/react-dom.development.js:86:30)
      at error (node_modules/react-dom/cjs/react-dom.development.js:60:7)
      at warnIfUpdatesNotWrappedWithActDEV 
(node_modules/react-dom/cjs/react-dom.development.js:27628:9)
      at scheduleUpdateOnFiber 
(node_modules/react-dom/cjs/react-dom.development.js:25547:5)
      at dispatchSetState 
(node_modules/react-dom/cjs/react-dom.development.js:16708:7)
      at onChange (src/profile/index.tsx:169:30)
      at HTMLUnknownElement.callCallback 
(node_modules/react-dom/cjs/react-dom.development.js:4164:14)
      at HTMLUnknownElement.callTheUserObjectsOperation 
(node_modules/jsdom/lib/jsdom/living/generated/EventListener.js:26:30)
      at innerInvokeEventListeners 
(node_modules/jsdom/lib/jsdom/living/events/EventTarget-impl.js:350:25)
      at invokeEventListeners 
(node_modules/jsdom/lib/jsdom/living/events/EventTarget-impl.js:286:3)
      at HTMLUnknownElementImpl._dispatch 
(node_modules/jsdom/lib/jsdom/living/events/EventTarget-impl.js:233:9)
      at HTMLUnknownElementImpl.dispatchEvent 
(node_modules/jsdom/lib/jsdom/living/events/EventTarget-impl.js:104:17)
      at HTMLUnknownElement.dispatchEvent 
(node_modules/jsdom/lib/jsdom/living/generated/EventTarget.js:241:34)
      at Object.invokeGuardedCallbackDev 
(node_modules/react-dom/cjs/react-dom.development.js:4213:16)
      at invokeGuardedCallback 
(node_modules/react-dom/cjs/react-dom.development.js:4277:31)
      at invokeGuardedCallbackAndCatchFirstError 
(node_modules/react-dom/cjs/react-dom.development.js:4291:25)
      at executeDispatch 
(node_modules/react-dom/cjs/react-dom.development.js:9041:3)
      at processDispatchQueueItemsInOrder 
(node_modules/react-dom/cjs/react-dom.development.js:9073:7)
      at processDispatchQueue 
(node_modules/react-dom/cjs/react-dom.development.js:9086:5)
      at dispatchEventsForPlugins 
(node_modules/react-dom/cjs/react-dom.development.js:9097:3)
      at node_modules/react-dom/cjs/react-dom.development.js:9288:12
      at batchedUpdates$1 
(node_modules/react-dom/cjs/react-dom.development.js:26179:12)
      at batchedUpdates 
(node_modules/react-dom/cjs/react-dom.development.js:3991:12)
      at dispatchEventForPluginEventSystem 
(node_modules/react-dom/cjs/react-dom.development.js:9287:3)
      at dispatchEventWithEnableCapturePhaseSelectiveHydrationWithoutDiscreteEv
entReplay (node_modules/react-dom/cjs/react-dom.development.js:6465:5)
      at dispatchEvent 
(node_modules/react-dom/cjs/react-dom.development.js:6457:5)
      at dispatchDiscreteEvent 
(node_modules/react-dom/cjs/react-dom.development.js:6430:5)
      at HTMLDivElement.callTheUserObjectsOperation 
(node_modules/jsdom/lib/jsdom/living/generated/EventListener.js:26:30)
      at innerInvokeEventListeners 
(node_modules/jsdom/lib/jsdom/living/events/EventTarget-impl.js:350:25)
      at invokeEventListeners 
(node_modules/jsdom/lib/jsdom/living/events/EventTarget-impl.js:286:3)
      at HTMLInputElementImpl._dispatch 
(node_modules/jsdom/lib/jsdom/living/events/EventTarget-impl.js:233:9)
      at HTMLInputElementImpl.dispatchEvent 
(node_modules/jsdom/lib/jsdom/living/events/EventTarget-impl.js:104:17)
      at HTMLInputElement.dispatchEvent 
(node_modules/jsdom/lib/jsdom/living/generated/EventTarget.js:241:34)
      at 
node_modules/@testing-library/user-event/dist/cjs/event/dispatchEvent.js:45:43
      at Object.eventWrapper 
(node_modules/@testing-library/dom/dist/config.js:25:23)
      at Object.wrapEvent 
(node_modules/@testing-library/user-event/dist/cjs/event/wrapEvent.js:6:28)
      at Object.dispatchEvent (node_modules/@testing-library/user-event/dist/cj
s/event/dispatchEvent.js:45:22)
      at Object.dispatchUIEvent (node_modules/@testing-library/user-event/dist/
cjs/event/dispatchEvent.js:22:26)
      at commitInput 
(node_modules/@testing-library/user-event/dist/cjs/event/input.js:145:14)
      at editInputElement 
(node_modules/@testing-library/user-event/dist/cjs/event/input.js:115:9)
      at Object.input 
(node_modules/@testing-library/user-event/dist/cjs/event/input.js:37:9)
      at node_modules/@testing-library/user-event/dist/cjs/event/behavior/keypr
ess.js:31:26
      at Object.dispatchEvent (node_modules/@testing-library/user-event/dist/cj
s/event/dispatchEvent.js:41:13)
      at Object.dispatchUIEvent (node_modules/@testing-library/user-event/dist/
cjs/event/dispatchEvent.js:22:26)
      at KeyboardHost.keydown 
(node_modules/@testing-library/user-event/dist/cjs/system/keyboard.js:76:22)
      at keyboardAction 
(node_modules/@testing-library/user-event/dist/cjs/keyboard/index.js:22:35)
      at Object.keyboard 
(node_modules/@testing-library/user-event/dist/cjs/keyboard/index.js:11:15)
      at Object.type 
(node_modules/@testing-library/user-event/dist/cjs/utility/type.js:17:5)
      at Object.<anonymous> (src/profile/profile.test.tsx:300:9)

    console.error
      Warning: An update to ProfilePage inside a test was not wrapped in 
act(...).
      
      When testing, code that causes React state updates should be wrapped 
into act(...):
      
      act(() => {
        /* fire events that update state */
      });
      /* assert on the output */
      
      This ensures that you're testing the behavior the user would see in the 
browser. Learn more at https://reactjs.org/link/wrap-tests-with-act
          at ProfilePage 
(C:\Users\samhe\OneDrive\Desktop\Cleaned\frontend\src\profile\index.tsx:25:41)
          at basenameProp (C:\Users\samhe\OneDrive\Desktop\Cleaned\frontend\nod
e_modules\react-router\lib\components.tsx:421:13)
          at basename (C:\Users\samhe\OneDrive\Desktop\Cleaned\frontend\node_mo
dules\react-router\lib\components.tsx:225:3)

      167 |               className="border border-gray-300 rounded-md px-3 
py-2 text-sm"
      168 |               value={currentPassword}
    > 169 |               onChange={e => setCurrentPassword(e.target.value)}
          |                              ^
      170 |             />
      171 |           </div>
      172 |

      at printWarning 
(node_modules/react-dom/cjs/react-dom.development.js:86:30)
      at error (node_modules/react-dom/cjs/react-dom.development.js:60:7)
      at warnIfUpdatesNotWrappedWithActDEV 
(node_modules/react-dom/cjs/react-dom.development.js:27628:9)
      at scheduleUpdateOnFiber 
(node_modules/react-dom/cjs/react-dom.development.js:25547:5)
      at dispatchSetState 
(node_modules/react-dom/cjs/react-dom.development.js:16708:7)
      at onChange (src/profile/index.tsx:169:30)
      at HTMLUnknownElement.callCallback 
(node_modules/react-dom/cjs/react-dom.development.js:4164:14)
      at HTMLUnknownElement.callTheUserObjectsOperation 
(node_modules/jsdom/lib/jsdom/living/generated/EventListener.js:26:30)
      at innerInvokeEventListeners 
(node_modules/jsdom/lib/jsdom/living/events/EventTarget-impl.js:350:25)
      at invokeEventListeners 
(node_modules/jsdom/lib/jsdom/living/events/EventTarget-impl.js:286:3)
      at HTMLUnknownElementImpl._dispatch 
(node_modules/jsdom/lib/jsdom/living/events/EventTarget-impl.js:233:9)
      at HTMLUnknownElementImpl.dispatchEvent 
(node_modules/jsdom/lib/jsdom/living/events/EventTarget-impl.js:104:17)
      at HTMLUnknownElement.dispatchEvent 
(node_modules/jsdom/lib/jsdom/living/generated/EventTarget.js:241:34)
      at Object.invokeGuardedCallbackDev 
(node_modules/react-dom/cjs/react-dom.development.js:4213:16)
      at invokeGuardedCallback 
(node_modules/react-dom/cjs/react-dom.development.js:4277:31)
      at invokeGuardedCallbackAndCatchFirstError 
(node_modules/react-dom/cjs/react-dom.development.js:4291:25)
      at executeDispatch 
(node_modules/react-dom/cjs/react-dom.development.js:9041:3)
      at processDispatchQueueItemsInOrder 
(node_modules/react-dom/cjs/react-dom.development.js:9073:7)
      at processDispatchQueue 
(node_modules/react-dom/cjs/react-dom.development.js:9086:5)
      at dispatchEventsForPlugins 
(node_modules/react-dom/cjs/react-dom.development.js:9097:3)
      at node_modules/react-dom/cjs/react-dom.development.js:9288:12
      at batchedUpdates$1 
(node_modules/react-dom/cjs/react-dom.development.js:26179:12)
      at batchedUpdates 
(node_modules/react-dom/cjs/react-dom.development.js:3991:12)
      at dispatchEventForPluginEventSystem 
(node_modules/react-dom/cjs/react-dom.development.js:9287:3)
      at dispatchEventWithEnableCapturePhaseSelectiveHydrationWithoutDiscreteEv
entReplay (node_modules/react-dom/cjs/react-dom.development.js:6465:5)
      at dispatchEvent 
(node_modules/react-dom/cjs/react-dom.development.js:6457:5)
      at dispatchDiscreteEvent 
(node_modules/react-dom/cjs/react-dom.development.js:6430:5)
      at HTMLDivElement.callTheUserObjectsOperation 
(node_modules/jsdom/lib/jsdom/living/generated/EventListener.js:26:30)
      at innerInvokeEventListeners 
(node_modules/jsdom/lib/jsdom/living/events/EventTarget-impl.js:350:25)
      at invokeEventListeners 
(node_modules/jsdom/lib/jsdom/living/events/EventTarget-impl.js:286:3)
      at HTMLInputElementImpl._dispatch 
(node_modules/jsdom/lib/jsdom/living/events/EventTarget-impl.js:233:9)
      at HTMLInputElementImpl.dispatchEvent 
(node_modules/jsdom/lib/jsdom/living/events/EventTarget-impl.js:104:17)
      at HTMLInputElement.dispatchEvent 
(node_modules/jsdom/lib/jsdom/living/generated/EventTarget.js:241:34)
      at 
node_modules/@testing-library/user-event/dist/cjs/event/dispatchEvent.js:45:43
      at Object.eventWrapper 
(node_modules/@testing-library/dom/dist/config.js:25:23)
      at Object.wrapEvent 
(node_modules/@testing-library/user-event/dist/cjs/event/wrapEvent.js:6:28)
      at Object.dispatchEvent (node_modules/@testing-library/user-event/dist/cj
s/event/dispatchEvent.js:45:22)
      at Object.dispatchUIEvent (node_modules/@testing-library/user-event/dist/
cjs/event/dispatchEvent.js:22:26)
      at commitInput 
(node_modules/@testing-library/user-event/dist/cjs/event/input.js:145:14)
      at editInputElement 
(node_modules/@testing-library/user-event/dist/cjs/event/input.js:115:9)
      at Object.input 
(node_modules/@testing-library/user-event/dist/cjs/event/input.js:37:9)
      at node_modules/@testing-library/user-event/dist/cjs/event/behavior/keypr
ess.js:31:26
      at Object.dispatchEvent (node_modules/@testing-library/user-event/dist/cj
s/event/dispatchEvent.js:41:13)
      at Object.dispatchUIEvent (node_modules/@testing-library/user-event/dist/
cjs/event/dispatchEvent.js:22:26)
      at KeyboardHost.keydown 
(node_modules/@testing-library/user-event/dist/cjs/system/keyboard.js:76:22)
      at keyboardAction 
(node_modules/@testing-library/user-event/dist/cjs/keyboard/index.js:22:35)
      at Object.keyboard 
(node_modules/@testing-library/user-event/dist/cjs/keyboard/index.js:11:15)
      at Object.type 
(node_modules/@testing-library/user-event/dist/cjs/utility/type.js:17:5)
      at Object.<anonymous> (src/profile/profile.test.tsx:300:9)

    console.error
      Warning: An update to ProfilePage inside a test was not wrapped in 
act(...).
      
      When testing, code that causes React state updates should be wrapped 
into act(...):
      
      act(() => {
        /* fire events that update state */
      });
      /* assert on the output */
      
      This ensures that you're testing the behavior the user would see in the 
browser. Learn more at https://reactjs.org/link/wrap-tests-with-act
          at ProfilePage 
(C:\Users\samhe\OneDrive\Desktop\Cleaned\frontend\src\profile\index.tsx:25:41)
          at basenameProp (C:\Users\samhe\OneDrive\Desktop\Cleaned\frontend\nod
e_modules\react-router\lib\components.tsx:421:13)
          at basename (C:\Users\samhe\OneDrive\Desktop\Cleaned\frontend\node_mo
dules\react-router\lib\components.tsx:225:3)

      167 |               className="border border-gray-300 rounded-md px-3 
py-2 text-sm"
      168 |               value={currentPassword}
    > 169 |               onChange={e => setCurrentPassword(e.target.value)}
          |                              ^
      170 |             />
      171 |           </div>
      172 |

      at printWarning 
(node_modules/react-dom/cjs/react-dom.development.js:86:30)
      at error (node_modules/react-dom/cjs/react-dom.development.js:60:7)
      at warnIfUpdatesNotWrappedWithActDEV 
(node_modules/react-dom/cjs/react-dom.development.js:27628:9)
      at scheduleUpdateOnFiber 
(node_modules/react-dom/cjs/react-dom.development.js:25547:5)
      at dispatchSetState 
(node_modules/react-dom/cjs/react-dom.development.js:16708:7)
      at onChange (src/profile/index.tsx:169:30)
      at HTMLUnknownElement.callCallback 
(node_modules/react-dom/cjs/react-dom.development.js:4164:14)
      at HTMLUnknownElement.callTheUserObjectsOperation 
(node_modules/jsdom/lib/jsdom/living/generated/EventListener.js:26:30)
      at innerInvokeEventListeners 
(node_modules/jsdom/lib/jsdom/living/events/EventTarget-impl.js:350:25)
      at invokeEventListeners 
(node_modules/jsdom/lib/jsdom/living/events/EventTarget-impl.js:286:3)
      at HTMLUnknownElementImpl._dispatch 
(node_modules/jsdom/lib/jsdom/living/events/EventTarget-impl.js:233:9)
      at HTMLUnknownElementImpl.dispatchEvent 
(node_modules/jsdom/lib/jsdom/living/events/EventTarget-impl.js:104:17)
      at HTMLUnknownElement.dispatchEvent 
(node_modules/jsdom/lib/jsdom/living/generated/EventTarget.js:241:34)
      at Object.invokeGuardedCallbackDev 
(node_modules/react-dom/cjs/react-dom.development.js:4213:16)
      at invokeGuardedCallback 
(node_modules/react-dom/cjs/react-dom.development.js:4277:31)
      at invokeGuardedCallbackAndCatchFirstError 
(node_modules/react-dom/cjs/react-dom.development.js:4291:25)
      at executeDispatch 
(node_modules/react-dom/cjs/react-dom.development.js:9041:3)
      at processDispatchQueueItemsInOrder 
(node_modules/react-dom/cjs/react-dom.development.js:9073:7)
      at processDispatchQueue 
(node_modules/react-dom/cjs/react-dom.development.js:9086:5)
      at dispatchEventsForPlugins 
(node_modules/react-dom/cjs/react-dom.development.js:9097:3)
      at node_modules/react-dom/cjs/react-dom.development.js:9288:12
      at batchedUpdates$1 
(node_modules/react-dom/cjs/react-dom.development.js:26179:12)
      at batchedUpdates 
(node_modules/react-dom/cjs/react-dom.development.js:3991:12)
      at dispatchEventForPluginEventSystem 
(node_modules/react-dom/cjs/react-dom.development.js:9287:3)
      at dispatchEventWithEnableCapturePhaseSelectiveHydrationWithoutDiscreteEv
entReplay (node_modules/react-dom/cjs/react-dom.development.js:6465:5)
      at dispatchEvent 
(node_modules/react-dom/cjs/react-dom.development.js:6457:5)
      at dispatchDiscreteEvent 
(node_modules/react-dom/cjs/react-dom.development.js:6430:5)
      at HTMLDivElement.callTheUserObjectsOperation 
(node_modules/jsdom/lib/jsdom/living/generated/EventListener.js:26:30)
      at innerInvokeEventListeners 
(node_modules/jsdom/lib/jsdom/living/events/EventTarget-impl.js:350:25)
      at invokeEventListeners 
(node_modules/jsdom/lib/jsdom/living/events/EventTarget-impl.js:286:3)
      at HTMLInputElementImpl._dispatch 
(node_modules/jsdom/lib/jsdom/living/events/EventTarget-impl.js:233:9)
      at HTMLInputElementImpl.dispatchEvent 
(node_modules/jsdom/lib/jsdom/living/events/EventTarget-impl.js:104:17)
      at HTMLInputElement.dispatchEvent 
(node_modules/jsdom/lib/jsdom/living/generated/EventTarget.js:241:34)
      at 
node_modules/@testing-library/user-event/dist/cjs/event/dispatchEvent.js:45:43
      at Object.eventWrapper 
(node_modules/@testing-library/dom/dist/config.js:25:23)
      at Object.wrapEvent 
(node_modules/@testing-library/user-event/dist/cjs/event/wrapEvent.js:6:28)
      at Object.dispatchEvent (node_modules/@testing-library/user-event/dist/cj
s/event/dispatchEvent.js:45:22)
      at Object.dispatchUIEvent (node_modules/@testing-library/user-event/dist/
cjs/event/dispatchEvent.js:22:26)
      at commitInput 
(node_modules/@testing-library/user-event/dist/cjs/event/input.js:145:14)
      at editInputElement 
(node_modules/@testing-library/user-event/dist/cjs/event/input.js:115:9)
      at Object.input 
(node_modules/@testing-library/user-event/dist/cjs/event/input.js:37:9)
      at node_modules/@testing-library/user-event/dist/cjs/event/behavior/keypr
ess.js:31:26
      at Object.dispatchEvent (node_modules/@testing-library/user-event/dist/cj
s/event/dispatchEvent.js:41:13)
      at Object.dispatchUIEvent (node_modules/@testing-library/user-event/dist/
cjs/event/dispatchEvent.js:22:26)
      at KeyboardHost.keydown 
(node_modules/@testing-library/user-event/dist/cjs/system/keyboard.js:76:22)
      at keyboardAction 
(node_modules/@testing-library/user-event/dist/cjs/keyboard/index.js:22:35)
      at Object.keyboard 
(node_modules/@testing-library/user-event/dist/cjs/keyboard/index.js:11:15)
      at Object.type 
(node_modules/@testing-library/user-event/dist/cjs/utility/type.js:17:5)
      at Object.<anonymous> (src/profile/profile.test.tsx:300:9)

    console.error
      Warning: An update to ProfilePage inside a test was not wrapped in 
act(...).
      
      When testing, code that causes React state updates should be wrapped 
into act(...):
      
      act(() => {
        /* fire events that update state */
      });
      /* assert on the output */
      
      This ensures that you're testing the behavior the user would see in the 
browser. Learn more at https://reactjs.org/link/wrap-tests-with-act
          at ProfilePage 
(C:\Users\samhe\OneDrive\Desktop\Cleaned\frontend\src\profile\index.tsx:25:41)
          at basenameProp (C:\Users\samhe\OneDrive\Desktop\Cleaned\frontend\nod
e_modules\react-router\lib\components.tsx:421:13)
          at basename (C:\Users\samhe\OneDrive\Desktop\Cleaned\frontend\node_mo
dules\react-router\lib\components.tsx:225:3)

      180 |               className="border border-gray-300 rounded-md px-3 
py-2 text-sm"
      181 |               value={newPassword}
    > 182 |               onChange={e => setNewPassword(e.target.value)}
          |                              ^
      183 |             />
      184 |             <p className="text-xs text-gray-500">
      185 |               Minimum 8 characters, at least 1 uppercase letter 
and 1 number.

      at printWarning 
(node_modules/react-dom/cjs/react-dom.development.js:86:30)
      at error (node_modules/react-dom/cjs/react-dom.development.js:60:7)
      at warnIfUpdatesNotWrappedWithActDEV 
(node_modules/react-dom/cjs/react-dom.development.js:27628:9)
      at scheduleUpdateOnFiber 
(node_modules/react-dom/cjs/react-dom.development.js:25547:5)
      at dispatchSetState 
(node_modules/react-dom/cjs/react-dom.development.js:16708:7)
      at onChange (src/profile/index.tsx:182:30)
      at HTMLUnknownElement.callCallback 
(node_modules/react-dom/cjs/react-dom.development.js:4164:14)
      at HTMLUnknownElement.callTheUserObjectsOperation 
(node_modules/jsdom/lib/jsdom/living/generated/EventListener.js:26:30)
      at innerInvokeEventListeners 
(node_modules/jsdom/lib/jsdom/living/events/EventTarget-impl.js:350:25)
      at invokeEventListeners 
(node_modules/jsdom/lib/jsdom/living/events/EventTarget-impl.js:286:3)
      at HTMLUnknownElementImpl._dispatch 
(node_modules/jsdom/lib/jsdom/living/events/EventTarget-impl.js:233:9)
      at HTMLUnknownElementImpl.dispatchEvent 
(node_modules/jsdom/lib/jsdom/living/events/EventTarget-impl.js:104:17)
      at HTMLUnknownElement.dispatchEvent 
(node_modules/jsdom/lib/jsdom/living/generated/EventTarget.js:241:34)
      at Object.invokeGuardedCallbackDev 
(node_modules/react-dom/cjs/react-dom.development.js:4213:16)
      at invokeGuardedCallback 
(node_modules/react-dom/cjs/react-dom.development.js:4277:31)
      at invokeGuardedCallbackAndCatchFirstError 
(node_modules/react-dom/cjs/react-dom.development.js:4291:25)
      at executeDispatch 
(node_modules/react-dom/cjs/react-dom.development.js:9041:3)
      at processDispatchQueueItemsInOrder 
(node_modules/react-dom/cjs/react-dom.development.js:9073:7)
      at processDispatchQueue 
(node_modules/react-dom/cjs/react-dom.development.js:9086:5)
      at dispatchEventsForPlugins 
(node_modules/react-dom/cjs/react-dom.development.js:9097:3)
      at node_modules/react-dom/cjs/react-dom.development.js:9288:12
      at batchedUpdates$1 
(node_modules/react-dom/cjs/react-dom.development.js:26179:12)
      at batchedUpdates 
(node_modules/react-dom/cjs/react-dom.development.js:3991:12)
      at dispatchEventForPluginEventSystem 
(node_modules/react-dom/cjs/react-dom.development.js:9287:3)
      at dispatchEventWithEnableCapturePhaseSelectiveHydrationWithoutDiscreteEv
entReplay (node_modules/react-dom/cjs/react-dom.development.js:6465:5)
      at dispatchEvent 
(node_modules/react-dom/cjs/react-dom.development.js:6457:5)
      at dispatchDiscreteEvent 
(node_modules/react-dom/cjs/react-dom.development.js:6430:5)
      at HTMLDivElement.callTheUserObjectsOperation 
(node_modules/jsdom/lib/jsdom/living/generated/EventListener.js:26:30)
      at innerInvokeEventListeners 
(node_modules/jsdom/lib/jsdom/living/events/EventTarget-impl.js:350:25)
      at invokeEventListeners 
(node_modules/jsdom/lib/jsdom/living/events/EventTarget-impl.js:286:3)
      at HTMLInputElementImpl._dispatch 
(node_modules/jsdom/lib/jsdom/living/events/EventTarget-impl.js:233:9)
      at HTMLInputElementImpl.dispatchEvent 
(node_modules/jsdom/lib/jsdom/living/events/EventTarget-impl.js:104:17)
      at HTMLInputElement.dispatchEvent 
(node_modules/jsdom/lib/jsdom/living/generated/EventTarget.js:241:34)
      at 
node_modules/@testing-library/user-event/dist/cjs/event/dispatchEvent.js:45:43
      at Object.eventWrapper 
(node_modules/@testing-library/dom/dist/config.js:25:23)
      at Object.wrapEvent 
(node_modules/@testing-library/user-event/dist/cjs/event/wrapEvent.js:6:28)
      at Object.dispatchEvent (node_modules/@testing-library/user-event/dist/cj
s/event/dispatchEvent.js:45:22)
      at Object.dispatchUIEvent (node_modules/@testing-library/user-event/dist/
cjs/event/dispatchEvent.js:22:26)
      at commitInput 
(node_modules/@testing-library/user-event/dist/cjs/event/input.js:145:14)
      at editInputElement 
(node_modules/@testing-library/user-event/dist/cjs/event/input.js:115:9)
      at Object.input 
(node_modules/@testing-library/user-event/dist/cjs/event/input.js:37:9)
      at node_modules/@testing-library/user-event/dist/cjs/event/behavior/keypr
ess.js:31:26
      at Object.dispatchEvent (node_modules/@testing-library/user-event/dist/cj
s/event/dispatchEvent.js:41:13)
      at Object.dispatchUIEvent (node_modules/@testing-library/user-event/dist/
cjs/event/dispatchEvent.js:22:26)
      at KeyboardHost.keydown 
(node_modules/@testing-library/user-event/dist/cjs/system/keyboard.js:76:22)
      at keyboardAction 
(node_modules/@testing-library/user-event/dist/cjs/keyboard/index.js:22:35)
      at Object.keyboard 
(node_modules/@testing-library/user-event/dist/cjs/keyboard/index.js:11:15)
      at Object.type 
(node_modules/@testing-library/user-event/dist/cjs/utility/type.js:17:5)
      at Object.<anonymous> (src/profile/profile.test.tsx:301:9)

    console.error
      Warning: An update to ProfilePage inside a test was not wrapped in 
act(...).
      
      When testing, code that causes React state updates should be wrapped 
into act(...):
      
      act(() => {
        /* fire events that update state */
      });
      /* assert on the output */
      
      This ensures that you're testing the behavior the user would see in the 
browser. Learn more at https://reactjs.org/link/wrap-tests-with-act
          at ProfilePage 
(C:\Users\samhe\OneDrive\Desktop\Cleaned\frontend\src\profile\index.tsx:25:41)
          at basenameProp (C:\Users\samhe\OneDrive\Desktop\Cleaned\frontend\nod
e_modules\react-router\lib\components.tsx:421:13)
          at basename (C:\Users\samhe\OneDrive\Desktop\Cleaned\frontend\node_mo
dules\react-router\lib\components.tsx:225:3)

      180 |               className="border border-gray-300 rounded-md px-3 
py-2 text-sm"
      181 |               value={newPassword}
    > 182 |               onChange={e => setNewPassword(e.target.value)}
          |                              ^
      183 |             />
      184 |             <p className="text-xs text-gray-500">
      185 |               Minimum 8 characters, at least 1 uppercase letter 
and 1 number.

      at printWarning 
(node_modules/react-dom/cjs/react-dom.development.js:86:30)
      at error (node_modules/react-dom/cjs/react-dom.development.js:60:7)
      at warnIfUpdatesNotWrappedWithActDEV 
(node_modules/react-dom/cjs/react-dom.development.js:27628:9)
      at scheduleUpdateOnFiber 
(node_modules/react-dom/cjs/react-dom.development.js:25547:5)
      at dispatchSetState 
(node_modules/react-dom/cjs/react-dom.development.js:16708:7)
      at onChange (src/profile/index.tsx:182:30)
      at HTMLUnknownElement.callCallback 
(node_modules/react-dom/cjs/react-dom.development.js:4164:14)
      at HTMLUnknownElement.callTheUserObjectsOperation 
(node_modules/jsdom/lib/jsdom/living/generated/EventListener.js:26:30)
      at innerInvokeEventListeners 
(node_modules/jsdom/lib/jsdom/living/events/EventTarget-impl.js:350:25)
      at invokeEventListeners 
(node_modules/jsdom/lib/jsdom/living/events/EventTarget-impl.js:286:3)
      at HTMLUnknownElementImpl._dispatch 
(node_modules/jsdom/lib/jsdom/living/events/EventTarget-impl.js:233:9)
      at HTMLUnknownElementImpl.dispatchEvent 
(node_modules/jsdom/lib/jsdom/living/events/EventTarget-impl.js:104:17)
      at HTMLUnknownElement.dispatchEvent 
(node_modules/jsdom/lib/jsdom/living/generated/EventTarget.js:241:34)
      at Object.invokeGuardedCallbackDev 
(node_modules/react-dom/cjs/react-dom.development.js:4213:16)
      at invokeGuardedCallback 
(node_modules/react-dom/cjs/react-dom.development.js:4277:31)
      at invokeGuardedCallbackAndCatchFirstError 
(node_modules/react-dom/cjs/react-dom.development.js:4291:25)
      at executeDispatch 
(node_modules/react-dom/cjs/react-dom.development.js:9041:3)
      at processDispatchQueueItemsInOrder 
(node_modules/react-dom/cjs/react-dom.development.js:9073:7)
      at processDispatchQueue 
(node_modules/react-dom/cjs/react-dom.development.js:9086:5)
      at dispatchEventsForPlugins 
(node_modules/react-dom/cjs/react-dom.development.js:9097:3)
      at node_modules/react-dom/cjs/react-dom.development.js:9288:12
      at batchedUpdates$1 
(node_modules/react-dom/cjs/react-dom.development.js:26179:12)
      at batchedUpdates 
(node_modules/react-dom/cjs/react-dom.development.js:3991:12)
      at dispatchEventForPluginEventSystem 
(node_modules/react-dom/cjs/react-dom.development.js:9287:3)
      at dispatchEventWithEnableCapturePhaseSelectiveHydrationWithoutDiscreteEv
entReplay (node_modules/react-dom/cjs/react-dom.development.js:6465:5)
      at dispatchEvent 
(node_modules/react-dom/cjs/react-dom.development.js:6457:5)
      at dispatchDiscreteEvent 
(node_modules/react-dom/cjs/react-dom.development.js:6430:5)
      at HTMLDivElement.callTheUserObjectsOperation 
(node_modules/jsdom/lib/jsdom/living/generated/EventListener.js:26:30)
      at innerInvokeEventListeners 
(node_modules/jsdom/lib/jsdom/living/events/EventTarget-impl.js:350:25)
      at invokeEventListeners 
(node_modules/jsdom/lib/jsdom/living/events/EventTarget-impl.js:286:3)
      at HTMLInputElementImpl._dispatch 
(node_modules/jsdom/lib/jsdom/living/events/EventTarget-impl.js:233:9)
      at HTMLInputElementImpl.dispatchEvent 
(node_modules/jsdom/lib/jsdom/living/events/EventTarget-impl.js:104:17)
      at HTMLInputElement.dispatchEvent 
(node_modules/jsdom/lib/jsdom/living/generated/EventTarget.js:241:34)
      at 
node_modules/@testing-library/user-event/dist/cjs/event/dispatchEvent.js:45:43
      at Object.eventWrapper 
(node_modules/@testing-library/dom/dist/config.js:25:23)
      at Object.wrapEvent 
(node_modules/@testing-library/user-event/dist/cjs/event/wrapEvent.js:6:28)
      at Object.dispatchEvent (node_modules/@testing-library/user-event/dist/cj
s/event/dispatchEvent.js:45:22)
      at Object.dispatchUIEvent (node_modules/@testing-library/user-event/dist/
cjs/event/dispatchEvent.js:22:26)
      at commitInput 
(node_modules/@testing-library/user-event/dist/cjs/event/input.js:145:14)
      at editInputElement 
(node_modules/@testing-library/user-event/dist/cjs/event/input.js:115:9)
      at Object.input 
(node_modules/@testing-library/user-event/dist/cjs/event/input.js:37:9)
      at node_modules/@testing-library/user-event/dist/cjs/event/behavior/keypr
ess.js:31:26
      at Object.dispatchEvent (node_modules/@testing-library/user-event/dist/cj
s/event/dispatchEvent.js:41:13)
      at Object.dispatchUIEvent (node_modules/@testing-library/user-event/dist/
cjs/event/dispatchEvent.js:22:26)
      at KeyboardHost.keydown 
(node_modules/@testing-library/user-event/dist/cjs/system/keyboard.js:76:22)
      at keyboardAction 
(node_modules/@testing-library/user-event/dist/cjs/keyboard/index.js:22:35)
      at Object.keyboard 
(node_modules/@testing-library/user-event/dist/cjs/keyboard/index.js:11:15)
      at Object.type 
(node_modules/@testing-library/user-event/dist/cjs/utility/type.js:17:5)
      at Object.<anonymous> (src/profile/profile.test.tsx:301:9)

    console.error
      Warning: An update to ProfilePage inside a test was not wrapped in 
act(...).
      
      When testing, code that causes React state updates should be wrapped 
into act(...):
      
      act(() => {
        /* fire events that update state */
      });
      /* assert on the output */
      
      This ensures that you're testing the behavior the user would see in the 
browser. Learn more at https://reactjs.org/link/wrap-tests-with-act
          at ProfilePage 
(C:\Users\samhe\OneDrive\Desktop\Cleaned\frontend\src\profile\index.tsx:25:41)
          at basenameProp (C:\Users\samhe\OneDrive\Desktop\Cleaned\frontend\nod
e_modules\react-router\lib\components.tsx:421:13)
          at basename (C:\Users\samhe\OneDrive\Desktop\Cleaned\frontend\node_mo
dules\react-router\lib\components.tsx:225:3)

      180 |               className="border border-gray-300 rounded-md px-3 
py-2 text-sm"
      181 |               value={newPassword}
    > 182 |               onChange={e => setNewPassword(e.target.value)}
          |                              ^
      183 |             />
      184 |             <p className="text-xs text-gray-500">
      185 |               Minimum 8 characters, at least 1 uppercase letter 
and 1 number.

      at printWarning 
(node_modules/react-dom/cjs/react-dom.development.js:86:30)
      at error (node_modules/react-dom/cjs/react-dom.development.js:60:7)
      at warnIfUpdatesNotWrappedWithActDEV 
(node_modules/react-dom/cjs/react-dom.development.js:27628:9)
      at scheduleUpdateOnFiber 
(node_modules/react-dom/cjs/react-dom.development.js:25547:5)
      at dispatchSetState 
(node_modules/react-dom/cjs/react-dom.development.js:16708:7)
      at onChange (src/profile/index.tsx:182:30)
      at HTMLUnknownElement.callCallback 
(node_modules/react-dom/cjs/react-dom.development.js:4164:14)
      at HTMLUnknownElement.callTheUserObjectsOperation 
(node_modules/jsdom/lib/jsdom/living/generated/EventListener.js:26:30)
      at innerInvokeEventListeners 
(node_modules/jsdom/lib/jsdom/living/events/EventTarget-impl.js:350:25)
      at invokeEventListeners 
(node_modules/jsdom/lib/jsdom/living/events/EventTarget-impl.js:286:3)
      at HTMLUnknownElementImpl._dispatch 
(node_modules/jsdom/lib/jsdom/living/events/EventTarget-impl.js:233:9)
      at HTMLUnknownElementImpl.dispatchEvent 
(node_modules/jsdom/lib/jsdom/living/events/EventTarget-impl.js:104:17)
      at HTMLUnknownElement.dispatchEvent 
(node_modules/jsdom/lib/jsdom/living/generated/EventTarget.js:241:34)
      at Object.invokeGuardedCallbackDev 
(node_modules/react-dom/cjs/react-dom.development.js:4213:16)
      at invokeGuardedCallback 
(node_modules/react-dom/cjs/react-dom.development.js:4277:31)
      at invokeGuardedCallbackAndCatchFirstError 
(node_modules/react-dom/cjs/react-dom.development.js:4291:25)
      at executeDispatch 
(node_modules/react-dom/cjs/react-dom.development.js:9041:3)
      at processDispatchQueueItemsInOrder 
(node_modules/react-dom/cjs/react-dom.development.js:9073:7)
      at processDispatchQueue 
(node_modules/react-dom/cjs/react-dom.development.js:9086:5)
      at dispatchEventsForPlugins 
(node_modules/react-dom/cjs/react-dom.development.js:9097:3)
      at node_modules/react-dom/cjs/react-dom.development.js:9288:12
      at batchedUpdates$1 
(node_modules/react-dom/cjs/react-dom.development.js:26179:12)
      at batchedUpdates 
(node_modules/react-dom/cjs/react-dom.development.js:3991:12)
      at dispatchEventForPluginEventSystem 
(node_modules/react-dom/cjs/react-dom.development.js:9287:3)
      at dispatchEventWithEnableCapturePhaseSelectiveHydrationWithoutDiscreteEv
entReplay (node_modules/react-dom/cjs/react-dom.development.js:6465:5)
      at dispatchEvent 
(node_modules/react-dom/cjs/react-dom.development.js:6457:5)
      at dispatchDiscreteEvent 
(node_modules/react-dom/cjs/react-dom.development.js:6430:5)
      at HTMLDivElement.callTheUserObjectsOperation 
(node_modules/jsdom/lib/jsdom/living/generated/EventListener.js:26:30)
      at innerInvokeEventListeners 
(node_modules/jsdom/lib/jsdom/living/events/EventTarget-impl.js:350:25)
      at invokeEventListeners 
(node_modules/jsdom/lib/jsdom/living/events/EventTarget-impl.js:286:3)
      at HTMLInputElementImpl._dispatch 
(node_modules/jsdom/lib/jsdom/living/events/EventTarget-impl.js:233:9)
      at HTMLInputElementImpl.dispatchEvent 
(node_modules/jsdom/lib/jsdom/living/events/EventTarget-impl.js:104:17)
      at HTMLInputElement.dispatchEvent 
(node_modules/jsdom/lib/jsdom/living/generated/EventTarget.js:241:34)
      at 
node_modules/@testing-library/user-event/dist/cjs/event/dispatchEvent.js:45:43
      at Object.eventWrapper 
(node_modules/@testing-library/dom/dist/config.js:25:23)
      at Object.wrapEvent 
(node_modules/@testing-library/user-event/dist/cjs/event/wrapEvent.js:6:28)
      at Object.dispatchEvent (node_modules/@testing-library/user-event/dist/cj
s/event/dispatchEvent.js:45:22)
      at Object.dispatchUIEvent (node_modules/@testing-library/user-event/dist/
cjs/event/dispatchEvent.js:22:26)
      at commitInput 
(node_modules/@testing-library/user-event/dist/cjs/event/input.js:145:14)
      at editInputElement 
(node_modules/@testing-library/user-event/dist/cjs/event/input.js:115:9)
      at Object.input 
(node_modules/@testing-library/user-event/dist/cjs/event/input.js:37:9)
      at node_modules/@testing-library/user-event/dist/cjs/event/behavior/keypr
ess.js:31:26
      at Object.dispatchEvent (node_modules/@testing-library/user-event/dist/cj
s/event/dispatchEvent.js:41:13)
      at Object.dispatchUIEvent (node_modules/@testing-library/user-event/dist/
cjs/event/dispatchEvent.js:22:26)
      at KeyboardHost.keydown 
(node_modules/@testing-library/user-event/dist/cjs/system/keyboard.js:76:22)
      at keyboardAction 
(node_modules/@testing-library/user-event/dist/cjs/keyboard/index.js:22:35)
      at Object.keyboard 
(node_modules/@testing-library/user-event/dist/cjs/keyboard/index.js:11:15)
      at Object.type 
(node_modules/@testing-library/user-event/dist/cjs/utility/type.js:17:5)
      at Object.<anonymous> (src/profile/profile.test.tsx:301:9)

    console.error
      Warning: An update to ProfilePage inside a test was not wrapped in 
act(...).
      
      When testing, code that causes React state updates should be wrapped 
into act(...):
      
      act(() => {
        /* fire events that update state */
      });
      /* assert on the output */
      
      This ensures that you're testing the behavior the user would see in the 
browser. Learn more at https://reactjs.org/link/wrap-tests-with-act
          at ProfilePage 
(C:\Users\samhe\OneDrive\Desktop\Cleaned\frontend\src\profile\index.tsx:25:41)
          at basenameProp (C:\Users\samhe\OneDrive\Desktop\Cleaned\frontend\nod
e_modules\react-router\lib\components.tsx:421:13)
          at basename (C:\Users\samhe\OneDrive\Desktop\Cleaned\frontend\node_mo
dules\react-router\lib\components.tsx:225:3)

      180 |               className="border border-gray-300 rounded-md px-3 
py-2 text-sm"
      181 |               value={newPassword}
    > 182 |               onChange={e => setNewPassword(e.target.value)}
          |                              ^
      183 |             />
      184 |             <p className="text-xs text-gray-500">
      185 |               Minimum 8 characters, at least 1 uppercase letter 
and 1 number.

      at printWarning 
(node_modules/react-dom/cjs/react-dom.development.js:86:30)
      at error (node_modules/react-dom/cjs/react-dom.development.js:60:7)
      at warnIfUpdatesNotWrappedWithActDEV 
(node_modules/react-dom/cjs/react-dom.development.js:27628:9)
      at scheduleUpdateOnFiber 
(node_modules/react-dom/cjs/react-dom.development.js:25547:5)
      at dispatchSetState 
(node_modules/react-dom/cjs/react-dom.development.js:16708:7)
      at onChange (src/profile/index.tsx:182:30)
      at HTMLUnknownElement.callCallback 
(node_modules/react-dom/cjs/react-dom.development.js:4164:14)
      at HTMLUnknownElement.callTheUserObjectsOperation 
(node_modules/jsdom/lib/jsdom/living/generated/EventListener.js:26:30)
      at innerInvokeEventListeners 
(node_modules/jsdom/lib/jsdom/living/events/EventTarget-impl.js:350:25)
      at invokeEventListeners 
(node_modules/jsdom/lib/jsdom/living/events/EventTarget-impl.js:286:3)
      at HTMLUnknownElementImpl._dispatch 
(node_modules/jsdom/lib/jsdom/living/events/EventTarget-impl.js:233:9)
      at HTMLUnknownElementImpl.dispatchEvent 
(node_modules/jsdom/lib/jsdom/living/events/EventTarget-impl.js:104:17)
      at HTMLUnknownElement.dispatchEvent 
(node_modules/jsdom/lib/jsdom/living/generated/EventTarget.js:241:34)
      at Object.invokeGuardedCallbackDev 
(node_modules/react-dom/cjs/react-dom.development.js:4213:16)
      at invokeGuardedCallback 
(node_modules/react-dom/cjs/react-dom.development.js:4277:31)
      at invokeGuardedCallbackAndCatchFirstError 
(node_modules/react-dom/cjs/react-dom.development.js:4291:25)
      at executeDispatch 
(node_modules/react-dom/cjs/react-dom.development.js:9041:3)
      at processDispatchQueueItemsInOrder 
(node_modules/react-dom/cjs/react-dom.development.js:9073:7)
      at processDispatchQueue 
(node_modules/react-dom/cjs/react-dom.development.js:9086:5)
      at dispatchEventsForPlugins 
(node_modules/react-dom/cjs/react-dom.development.js:9097:3)
      at node_modules/react-dom/cjs/react-dom.development.js:9288:12
      at batchedUpdates$1 
(node_modules/react-dom/cjs/react-dom.development.js:26179:12)
      at batchedUpdates 
(node_modules/react-dom/cjs/react-dom.development.js:3991:12)
      at dispatchEventForPluginEventSystem 
(node_modules/react-dom/cjs/react-dom.development.js:9287:3)
      at dispatchEventWithEnableCapturePhaseSelectiveHydrationWithoutDiscreteEv
entReplay (node_modules/react-dom/cjs/react-dom.development.js:6465:5)
      at dispatchEvent 
(node_modules/react-dom/cjs/react-dom.development.js:6457:5)
      at dispatchDiscreteEvent 
(node_modules/react-dom/cjs/react-dom.development.js:6430:5)
      at HTMLDivElement.callTheUserObjectsOperation 
(node_modules/jsdom/lib/jsdom/living/generated/EventListener.js:26:30)
      at innerInvokeEventListeners 
(node_modules/jsdom/lib/jsdom/living/events/EventTarget-impl.js:350:25)
      at invokeEventListeners 
(node_modules/jsdom/lib/jsdom/living/events/EventTarget-impl.js:286:3)
      at HTMLInputElementImpl._dispatch 
(node_modules/jsdom/lib/jsdom/living/events/EventTarget-impl.js:233:9)
      at HTMLInputElementImpl.dispatchEvent 
(node_modules/jsdom/lib/jsdom/living/events/EventTarget-impl.js:104:17)
      at HTMLInputElement.dispatchEvent 
(node_modules/jsdom/lib/jsdom/living/generated/EventTarget.js:241:34)
      at 
node_modules/@testing-library/user-event/dist/cjs/event/dispatchEvent.js:45:43
      at Object.eventWrapper 
(node_modules/@testing-library/dom/dist/config.js:25:23)
      at Object.wrapEvent 
(node_modules/@testing-library/user-event/dist/cjs/event/wrapEvent.js:6:28)
      at Object.dispatchEvent (node_modules/@testing-library/user-event/dist/cj
s/event/dispatchEvent.js:45:22)
      at Object.dispatchUIEvent (node_modules/@testing-library/user-event/dist/
cjs/event/dispatchEvent.js:22:26)
      at commitInput 
(node_modules/@testing-library/user-event/dist/cjs/event/input.js:145:14)
      at editInputElement 
(node_modules/@testing-library/user-event/dist/cjs/event/input.js:115:9)
      at Object.input 
(node_modules/@testing-library/user-event/dist/cjs/event/input.js:37:9)
      at node_modules/@testing-library/user-event/dist/cjs/event/behavior/keypr
ess.js:31:26
      at Object.dispatchEvent (node_modules/@testing-library/user-event/dist/cj
s/event/dispatchEvent.js:41:13)
      at Object.dispatchUIEvent (node_modules/@testing-library/user-event/dist/
cjs/event/dispatchEvent.js:22:26)
      at KeyboardHost.keydown 
(node_modules/@testing-library/user-event/dist/cjs/system/keyboard.js:76:22)
      at keyboardAction 
(node_modules/@testing-library/user-event/dist/cjs/keyboard/index.js:22:35)
      at Object.keyboard 
(node_modules/@testing-library/user-event/dist/cjs/keyboard/index.js:11:15)
      at Object.type 
(node_modules/@testing-library/user-event/dist/cjs/utility/type.js:17:5)
      at Object.<anonymous> (src/profile/profile.test.tsx:301:9)

    console.error
      Warning: An update to ProfilePage inside a test was not wrapped in 
act(...).
      
      When testing, code that causes React state updates should be wrapped 
into act(...):
      
      act(() => {
        /* fire events that update state */
      });
      /* assert on the output */
      
      This ensures that you're testing the behavior the user would see in the 
browser. Learn more at https://reactjs.org/link/wrap-tests-with-act
          at ProfilePage 
(C:\Users\samhe\OneDrive\Desktop\Cleaned\frontend\src\profile\index.tsx:25:41)
          at basenameProp (C:\Users\samhe\OneDrive\Desktop\Cleaned\frontend\nod
e_modules\react-router\lib\components.tsx:421:13)
          at basename (C:\Users\samhe\OneDrive\Desktop\Cleaned\frontend\node_mo
dules\react-router\lib\components.tsx:225:3)

      180 |               className="border border-gray-300 rounded-md px-3 
py-2 text-sm"
      181 |               value={newPassword}
    > 182 |               onChange={e => setNewPassword(e.target.value)}
          |                              ^
      183 |             />
      184 |             <p className="text-xs text-gray-500">
      185 |               Minimum 8 characters, at least 1 uppercase letter 
and 1 number.

      at printWarning 
(node_modules/react-dom/cjs/react-dom.development.js:86:30)
      at error (node_modules/react-dom/cjs/react-dom.development.js:60:7)
      at warnIfUpdatesNotWrappedWithActDEV 
(node_modules/react-dom/cjs/react-dom.development.js:27628:9)
      at scheduleUpdateOnFiber 
(node_modules/react-dom/cjs/react-dom.development.js:25547:5)
      at dispatchSetState 
(node_modules/react-dom/cjs/react-dom.development.js:16708:7)
      at onChange (src/profile/index.tsx:182:30)
      at HTMLUnknownElement.callCallback 
(node_modules/react-dom/cjs/react-dom.development.js:4164:14)
      at HTMLUnknownElement.callTheUserObjectsOperation 
(node_modules/jsdom/lib/jsdom/living/generated/EventListener.js:26:30)
      at innerInvokeEventListeners 
(node_modules/jsdom/lib/jsdom/living/events/EventTarget-impl.js:350:25)
      at invokeEventListeners 
(node_modules/jsdom/lib/jsdom/living/events/EventTarget-impl.js:286:3)
      at HTMLUnknownElementImpl._dispatch 
(node_modules/jsdom/lib/jsdom/living/events/EventTarget-impl.js:233:9)
      at HTMLUnknownElementImpl.dispatchEvent 
(node_modules/jsdom/lib/jsdom/living/events/EventTarget-impl.js:104:17)
      at HTMLUnknownElement.dispatchEvent 
(node_modules/jsdom/lib/jsdom/living/generated/EventTarget.js:241:34)
      at Object.invokeGuardedCallbackDev 
(node_modules/react-dom/cjs/react-dom.development.js:4213:16)
      at invokeGuardedCallback 
(node_modules/react-dom/cjs/react-dom.development.js:4277:31)
      at invokeGuardedCallbackAndCatchFirstError 
(node_modules/react-dom/cjs/react-dom.development.js:4291:25)
      at executeDispatch 
(node_modules/react-dom/cjs/react-dom.development.js:9041:3)
      at processDispatchQueueItemsInOrder 
(node_modules/react-dom/cjs/react-dom.development.js:9073:7)
      at processDispatchQueue 
(node_modules/react-dom/cjs/react-dom.development.js:9086:5)
      at dispatchEventsForPlugins 
(node_modules/react-dom/cjs/react-dom.development.js:9097:3)
      at node_modules/react-dom/cjs/react-dom.development.js:9288:12
      at batchedUpdates$1 
(node_modules/react-dom/cjs/react-dom.development.js:26179:12)
      at batchedUpdates 
(node_modules/react-dom/cjs/react-dom.development.js:3991:12)
      at dispatchEventForPluginEventSystem 
(node_modules/react-dom/cjs/react-dom.development.js:9287:3)
      at dispatchEventWithEnableCapturePhaseSelectiveHydrationWithoutDiscreteEv
entReplay (node_modules/react-dom/cjs/react-dom.development.js:6465:5)
      at dispatchEvent 
(node_modules/react-dom/cjs/react-dom.development.js:6457:5)
      at dispatchDiscreteEvent 
(node_modules/react-dom/cjs/react-dom.development.js:6430:5)
      at HTMLDivElement.callTheUserObjectsOperation 
(node_modules/jsdom/lib/jsdom/living/generated/EventListener.js:26:30)
      at innerInvokeEventListeners 
(node_modules/jsdom/lib/jsdom/living/events/EventTarget-impl.js:350:25)
      at invokeEventListeners 
(node_modules/jsdom/lib/jsdom/living/events/EventTarget-impl.js:286:3)
      at HTMLInputElementImpl._dispatch 
(node_modules/jsdom/lib/jsdom/living/events/EventTarget-impl.js:233:9)
      at HTMLInputElementImpl.dispatchEvent 
(node_modules/jsdom/lib/jsdom/living/events/EventTarget-impl.js:104:17)
      at HTMLInputElement.dispatchEvent 
(node_modules/jsdom/lib/jsdom/living/generated/EventTarget.js:241:34)
      at 
node_modules/@testing-library/user-event/dist/cjs/event/dispatchEvent.js:45:43
      at Object.eventWrapper 
(node_modules/@testing-library/dom/dist/config.js:25:23)
      at Object.wrapEvent 
(node_modules/@testing-library/user-event/dist/cjs/event/wrapEvent.js:6:28)
      at Object.dispatchEvent (node_modules/@testing-library/user-event/dist/cj
s/event/dispatchEvent.js:45:22)
      at Object.dispatchUIEvent (node_modules/@testing-library/user-event/dist/
cjs/event/dispatchEvent.js:22:26)
      at commitInput 
(node_modules/@testing-library/user-event/dist/cjs/event/input.js:145:14)
      at editInputElement 
(node_modules/@testing-library/user-event/dist/cjs/event/input.js:115:9)
      at Object.input 
(node_modules/@testing-library/user-event/dist/cjs/event/input.js:37:9)
      at node_modules/@testing-library/user-event/dist/cjs/event/behavior/keypr
ess.js:31:26
      at Object.dispatchEvent (node_modules/@testing-library/user-event/dist/cj
s/event/dispatchEvent.js:41:13)
      at Object.dispatchUIEvent (node_modules/@testing-library/user-event/dist/
cjs/event/dispatchEvent.js:22:26)
      at KeyboardHost.keydown 
(node_modules/@testing-library/user-event/dist/cjs/system/keyboard.js:76:22)
      at keyboardAction 
(node_modules/@testing-library/user-event/dist/cjs/keyboard/index.js:22:35)
      at Object.keyboard 
(node_modules/@testing-library/user-event/dist/cjs/keyboard/index.js:11:15)
      at Object.type 
(node_modules/@testing-library/user-event/dist/cjs/utility/type.js:17:5)
      at Object.<anonymous> (src/profile/profile.test.tsx:301:9)

    console.error
      Warning: An update to ProfilePage inside a test was not wrapped in 
act(...).
      
      When testing, code that causes React state updates should be wrapped 
into act(...):
      
      act(() => {
        /* fire events that update state */
      });
      /* assert on the output */
      
      This ensures that you're testing the behavior the user would see in the 
browser. Learn more at https://reactjs.org/link/wrap-tests-with-act
          at ProfilePage 
(C:\Users\samhe\OneDrive\Desktop\Cleaned\frontend\src\profile\index.tsx:25:41)
          at basenameProp (C:\Users\samhe\OneDrive\Desktop\Cleaned\frontend\nod
e_modules\react-router\lib\components.tsx:421:13)
          at basename (C:\Users\samhe\OneDrive\Desktop\Cleaned\frontend\node_mo
dules\react-router\lib\components.tsx:225:3)

      180 |               className="border border-gray-300 rounded-md px-3 
py-2 text-sm"
      181 |               value={newPassword}
    > 182 |               onChange={e => setNewPassword(e.target.value)}
          |                              ^
      183 |             />
      184 |             <p className="text-xs text-gray-500">
      185 |               Minimum 8 characters, at least 1 uppercase letter 
and 1 number.

      at printWarning 
(node_modules/react-dom/cjs/react-dom.development.js:86:30)
      at error (node_modules/react-dom/cjs/react-dom.development.js:60:7)
      at warnIfUpdatesNotWrappedWithActDEV 
(node_modules/react-dom/cjs/react-dom.development.js:27628:9)
      at scheduleUpdateOnFiber 
(node_modules/react-dom/cjs/react-dom.development.js:25547:5)
      at dispatchSetState 
(node_modules/react-dom/cjs/react-dom.development.js:16708:7)
      at onChange (src/profile/index.tsx:182:30)
      at HTMLUnknownElement.callCallback 
(node_modules/react-dom/cjs/react-dom.development.js:4164:14)
      at HTMLUnknownElement.callTheUserObjectsOperation 
(node_modules/jsdom/lib/jsdom/living/generated/EventListener.js:26:30)
      at innerInvokeEventListeners 
(node_modules/jsdom/lib/jsdom/living/events/EventTarget-impl.js:350:25)
      at invokeEventListeners 
(node_modules/jsdom/lib/jsdom/living/events/EventTarget-impl.js:286:3)
      at HTMLUnknownElementImpl._dispatch 
(node_modules/jsdom/lib/jsdom/living/events/EventTarget-impl.js:233:9)
      at HTMLUnknownElementImpl.dispatchEvent 
(node_modules/jsdom/lib/jsdom/living/events/EventTarget-impl.js:104:17)
      at HTMLUnknownElement.dispatchEvent 
(node_modules/jsdom/lib/jsdom/living/generated/EventTarget.js:241:34)
      at Object.invokeGuardedCallbackDev 
(node_modules/react-dom/cjs/react-dom.development.js:4213:16)
      at invokeGuardedCallback 
(node_modules/react-dom/cjs/react-dom.development.js:4277:31)
      at invokeGuardedCallbackAndCatchFirstError 
(node_modules/react-dom/cjs/react-dom.development.js:4291:25)
      at executeDispatch 
(node_modules/react-dom/cjs/react-dom.development.js:9041:3)
      at processDispatchQueueItemsInOrder 
(node_modules/react-dom/cjs/react-dom.development.js:9073:7)
      at processDispatchQueue 
(node_modules/react-dom/cjs/react-dom.development.js:9086:5)
      at dispatchEventsForPlugins 
(node_modules/react-dom/cjs/react-dom.development.js:9097:3)
      at node_modules/react-dom/cjs/react-dom.development.js:9288:12
      at batchedUpdates$1 
(node_modules/react-dom/cjs/react-dom.development.js:26179:12)
      at batchedUpdates 
(node_modules/react-dom/cjs/react-dom.development.js:3991:12)
      at dispatchEventForPluginEventSystem 
(node_modules/react-dom/cjs/react-dom.development.js:9287:3)
      at dispatchEventWithEnableCapturePhaseSelectiveHydrationWithoutDiscreteEv
entReplay (node_modules/react-dom/cjs/react-dom.development.js:6465:5)
      at dispatchEvent 
(node_modules/react-dom/cjs/react-dom.development.js:6457:5)
      at dispatchDiscreteEvent 
(node_modules/react-dom/cjs/react-dom.development.js:6430:5)
      at HTMLDivElement.callTheUserObjectsOperation 
(node_modules/jsdom/lib/jsdom/living/generated/EventListener.js:26:30)
      at innerInvokeEventListeners 
(node_modules/jsdom/lib/jsdom/living/events/EventTarget-impl.js:350:25)
      at invokeEventListeners 
(node_modules/jsdom/lib/jsdom/living/events/EventTarget-impl.js:286:3)
      at HTMLInputElementImpl._dispatch 
(node_modules/jsdom/lib/jsdom/living/events/EventTarget-impl.js:233:9)
      at HTMLInputElementImpl.dispatchEvent 
(node_modules/jsdom/lib/jsdom/living/events/EventTarget-impl.js:104:17)
      at HTMLInputElement.dispatchEvent 
(node_modules/jsdom/lib/jsdom/living/generated/EventTarget.js:241:34)
      at 
node_modules/@testing-library/user-event/dist/cjs/event/dispatchEvent.js:45:43
      at Object.eventWrapper 
(node_modules/@testing-library/dom/dist/config.js:25:23)
      at Object.wrapEvent 
(node_modules/@testing-library/user-event/dist/cjs/event/wrapEvent.js:6:28)
      at Object.dispatchEvent (node_modules/@testing-library/user-event/dist/cj
s/event/dispatchEvent.js:45:22)
      at Object.dispatchUIEvent (node_modules/@testing-library/user-event/dist/
cjs/event/dispatchEvent.js:22:26)
      at commitInput 
(node_modules/@testing-library/user-event/dist/cjs/event/input.js:145:14)
      at editInputElement 
(node_modules/@testing-library/user-event/dist/cjs/event/input.js:115:9)
      at Object.input 
(node_modules/@testing-library/user-event/dist/cjs/event/input.js:37:9)
      at node_modules/@testing-library/user-event/dist/cjs/event/behavior/keypr
ess.js:31:26
      at Object.dispatchEvent (node_modules/@testing-library/user-event/dist/cj
s/event/dispatchEvent.js:41:13)
      at Object.dispatchUIEvent (node_modules/@testing-library/user-event/dist/
cjs/event/dispatchEvent.js:22:26)
      at KeyboardHost.keydown 
(node_modules/@testing-library/user-event/dist/cjs/system/keyboard.js:76:22)
      at keyboardAction 
(node_modules/@testing-library/user-event/dist/cjs/keyboard/index.js:22:35)
      at Object.keyboard 
(node_modules/@testing-library/user-event/dist/cjs/keyboard/index.js:11:15)
      at Object.type 
(node_modules/@testing-library/user-event/dist/cjs/utility/type.js:17:5)
      at Object.<anonymous> (src/profile/profile.test.tsx:301:9)

    console.error
      Warning: An update to ProfilePage inside a test was not wrapped in 
act(...).
      
      When testing, code that causes React state updates should be wrapped 
into act(...):
      
      act(() => {
        /* fire events that update state */
      });
      /* assert on the output */
      
      This ensures that you're testing the behavior the user would see in the 
browser. Learn more at https://reactjs.org/link/wrap-tests-with-act
          at ProfilePage 
(C:\Users\samhe\OneDrive\Desktop\Cleaned\frontend\src\profile\index.tsx:25:41)
          at basenameProp (C:\Users\samhe\OneDrive\Desktop\Cleaned\frontend\nod
e_modules\react-router\lib\components.tsx:421:13)
          at basename (C:\Users\samhe\OneDrive\Desktop\Cleaned\frontend\node_mo
dules\react-router\lib\components.tsx:225:3)

      180 |               className="border border-gray-300 rounded-md px-3 
py-2 text-sm"
      181 |               value={newPassword}
    > 182 |               onChange={e => setNewPassword(e.target.value)}
          |                              ^
      183 |             />
      184 |             <p className="text-xs text-gray-500">
      185 |               Minimum 8 characters, at least 1 uppercase letter 
and 1 number.

      at printWarning 
(node_modules/react-dom/cjs/react-dom.development.js:86:30)
      at error (node_modules/react-dom/cjs/react-dom.development.js:60:7)
      at warnIfUpdatesNotWrappedWithActDEV 
(node_modules/react-dom/cjs/react-dom.development.js:27628:9)
      at scheduleUpdateOnFiber 
(node_modules/react-dom/cjs/react-dom.development.js:25547:5)
      at dispatchSetState 
(node_modules/react-dom/cjs/react-dom.development.js:16708:7)
      at onChange (src/profile/index.tsx:182:30)
      at HTMLUnknownElement.callCallback 
(node_modules/react-dom/cjs/react-dom.development.js:4164:14)
      at HTMLUnknownElement.callTheUserObjectsOperation 
(node_modules/jsdom/lib/jsdom/living/generated/EventListener.js:26:30)
      at innerInvokeEventListeners 
(node_modules/jsdom/lib/jsdom/living/events/EventTarget-impl.js:350:25)
      at invokeEventListeners 
(node_modules/jsdom/lib/jsdom/living/events/EventTarget-impl.js:286:3)
      at HTMLUnknownElementImpl._dispatch 
(node_modules/jsdom/lib/jsdom/living/events/EventTarget-impl.js:233:9)
      at HTMLUnknownElementImpl.dispatchEvent 
(node_modules/jsdom/lib/jsdom/living/events/EventTarget-impl.js:104:17)
      at HTMLUnknownElement.dispatchEvent 
(node_modules/jsdom/lib/jsdom/living/generated/EventTarget.js:241:34)
      at Object.invokeGuardedCallbackDev 
(node_modules/react-dom/cjs/react-dom.development.js:4213:16)
      at invokeGuardedCallback 
(node_modules/react-dom/cjs/react-dom.development.js:4277:31)
      at invokeGuardedCallbackAndCatchFirstError 
(node_modules/react-dom/cjs/react-dom.development.js:4291:25)
      at executeDispatch 
(node_modules/react-dom/cjs/react-dom.development.js:9041:3)
      at processDispatchQueueItemsInOrder 
(node_modules/react-dom/cjs/react-dom.development.js:9073:7)
      at processDispatchQueue 
(node_modules/react-dom/cjs/react-dom.development.js:9086:5)
      at dispatchEventsForPlugins 
(node_modules/react-dom/cjs/react-dom.development.js:9097:3)
      at node_modules/react-dom/cjs/react-dom.development.js:9288:12
      at batchedUpdates$1 
(node_modules/react-dom/cjs/react-dom.development.js:26179:12)
      at batchedUpdates 
(node_modules/react-dom/cjs/react-dom.development.js:3991:12)
      at dispatchEventForPluginEventSystem 
(node_modules/react-dom/cjs/react-dom.development.js:9287:3)
      at dispatchEventWithEnableCapturePhaseSelectiveHydrationWithoutDiscreteEv
entReplay (node_modules/react-dom/cjs/react-dom.development.js:6465:5)
      at dispatchEvent 
(node_modules/react-dom/cjs/react-dom.development.js:6457:5)
      at dispatchDiscreteEvent 
(node_modules/react-dom/cjs/react-dom.development.js:6430:5)
      at HTMLDivElement.callTheUserObjectsOperation 
(node_modules/jsdom/lib/jsdom/living/generated/EventListener.js:26:30)
      at innerInvokeEventListeners 
(node_modules/jsdom/lib/jsdom/living/events/EventTarget-impl.js:350:25)
      at invokeEventListeners 
(node_modules/jsdom/lib/jsdom/living/events/EventTarget-impl.js:286:3)
      at HTMLInputElementImpl._dispatch 
(node_modules/jsdom/lib/jsdom/living/events/EventTarget-impl.js:233:9)
      at HTMLInputElementImpl.dispatchEvent 
(node_modules/jsdom/lib/jsdom/living/events/EventTarget-impl.js:104:17)
      at HTMLInputElement.dispatchEvent 
(node_modules/jsdom/lib/jsdom/living/generated/EventTarget.js:241:34)
      at 
node_modules/@testing-library/user-event/dist/cjs/event/dispatchEvent.js:45:43
      at Object.eventWrapper 
(node_modules/@testing-library/dom/dist/config.js:25:23)
      at Object.wrapEvent 
(node_modules/@testing-library/user-event/dist/cjs/event/wrapEvent.js:6:28)
      at Object.dispatchEvent (node_modules/@testing-library/user-event/dist/cj
s/event/dispatchEvent.js:45:22)
      at Object.dispatchUIEvent (node_modules/@testing-library/user-event/dist/
cjs/event/dispatchEvent.js:22:26)
      at commitInput 
(node_modules/@testing-library/user-event/dist/cjs/event/input.js:145:14)
      at editInputElement 
(node_modules/@testing-library/user-event/dist/cjs/event/input.js:115:9)
      at Object.input 
(node_modules/@testing-library/user-event/dist/cjs/event/input.js:37:9)
      at node_modules/@testing-library/user-event/dist/cjs/event/behavior/keypr
ess.js:31:26
      at Object.dispatchEvent (node_modules/@testing-library/user-event/dist/cj
s/event/dispatchEvent.js:41:13)
      at Object.dispatchUIEvent (node_modules/@testing-library/user-event/dist/
cjs/event/dispatchEvent.js:22:26)
      at KeyboardHost.keydown 
(node_modules/@testing-library/user-event/dist/cjs/system/keyboard.js:76:22)
      at keyboardAction 
(node_modules/@testing-library/user-event/dist/cjs/keyboard/index.js:22:35)
      at Object.keyboard 
(node_modules/@testing-library/user-event/dist/cjs/keyboard/index.js:11:15)
      at Object.type 
(node_modules/@testing-library/user-event/dist/cjs/utility/type.js:17:5)
      at Object.<anonymous> (src/profile/profile.test.tsx:301:9)

    console.error
      Warning: An update to ProfilePage inside a test was not wrapped in 
act(...).
      
      When testing, code that causes React state updates should be wrapped 
into act(...):
      
      act(() => {
        /* fire events that update state */
      });
      /* assert on the output */
      
      This ensures that you're testing the behavior the user would see in the 
browser. Learn more at https://reactjs.org/link/wrap-tests-with-act
          at ProfilePage 
(C:\Users\samhe\OneDrive\Desktop\Cleaned\frontend\src\profile\index.tsx:25:41)
          at basenameProp (C:\Users\samhe\OneDrive\Desktop\Cleaned\frontend\nod
e_modules\react-router\lib\components.tsx:421:13)
          at basename (C:\Users\samhe\OneDrive\Desktop\Cleaned\frontend\node_mo
dules\react-router\lib\components.tsx:225:3)

      180 |               className="border border-gray-300 rounded-md px-3 
py-2 text-sm"
      181 |               value={newPassword}
    > 182 |               onChange={e => setNewPassword(e.target.value)}
          |                              ^
      183 |             />
      184 |             <p className="text-xs text-gray-500">
      185 |               Minimum 8 characters, at least 1 uppercase letter 
and 1 number.

      at printWarning 
(node_modules/react-dom/cjs/react-dom.development.js:86:30)
      at error (node_modules/react-dom/cjs/react-dom.development.js:60:7)
      at warnIfUpdatesNotWrappedWithActDEV 
(node_modules/react-dom/cjs/react-dom.development.js:27628:9)
      at scheduleUpdateOnFiber 
(node_modules/react-dom/cjs/react-dom.development.js:25547:5)
      at dispatchSetState 
(node_modules/react-dom/cjs/react-dom.development.js:16708:7)
      at onChange (src/profile/index.tsx:182:30)
      at HTMLUnknownElement.callCallback 
(node_modules/react-dom/cjs/react-dom.development.js:4164:14)
      at HTMLUnknownElement.callTheUserObjectsOperation 
(node_modules/jsdom/lib/jsdom/living/generated/EventListener.js:26:30)
      at innerInvokeEventListeners 
(node_modules/jsdom/lib/jsdom/living/events/EventTarget-impl.js:350:25)
      at invokeEventListeners 
(node_modules/jsdom/lib/jsdom/living/events/EventTarget-impl.js:286:3)
      at HTMLUnknownElementImpl._dispatch 
(node_modules/jsdom/lib/jsdom/living/events/EventTarget-impl.js:233:9)
      at HTMLUnknownElementImpl.dispatchEvent 
(node_modules/jsdom/lib/jsdom/living/events/EventTarget-impl.js:104:17)
      at HTMLUnknownElement.dispatchEvent 
(node_modules/jsdom/lib/jsdom/living/generated/EventTarget.js:241:34)
      at Object.invokeGuardedCallbackDev 
(node_modules/react-dom/cjs/react-dom.development.js:4213:16)
      at invokeGuardedCallback 
(node_modules/react-dom/cjs/react-dom.development.js:4277:31)
      at invokeGuardedCallbackAndCatchFirstError 
(node_modules/react-dom/cjs/react-dom.development.js:4291:25)
      at executeDispatch 
(node_modules/react-dom/cjs/react-dom.development.js:9041:3)
      at processDispatchQueueItemsInOrder 
(node_modules/react-dom/cjs/react-dom.development.js:9073:7)
      at processDispatchQueue 
(node_modules/react-dom/cjs/react-dom.development.js:9086:5)
      at dispatchEventsForPlugins 
(node_modules/react-dom/cjs/react-dom.development.js:9097:3)
      at node_modules/react-dom/cjs/react-dom.development.js:9288:12
      at batchedUpdates$1 
(node_modules/react-dom/cjs/react-dom.development.js:26179:12)
      at batchedUpdates 
(node_modules/react-dom/cjs/react-dom.development.js:3991:12)
      at dispatchEventForPluginEventSystem 
(node_modules/react-dom/cjs/react-dom.development.js:9287:3)
      at dispatchEventWithEnableCapturePhaseSelectiveHydrationWithoutDiscreteEv
entReplay (node_modules/react-dom/cjs/react-dom.development.js:6465:5)
      at dispatchEvent 
(node_modules/react-dom/cjs/react-dom.development.js:6457:5)
      at dispatchDiscreteEvent 
(node_modules/react-dom/cjs/react-dom.development.js:6430:5)
      at HTMLDivElement.callTheUserObjectsOperation 
(node_modules/jsdom/lib/jsdom/living/generated/EventListener.js:26:30)
      at innerInvokeEventListeners 
(node_modules/jsdom/lib/jsdom/living/events/EventTarget-impl.js:350:25)
      at invokeEventListeners 
(node_modules/jsdom/lib/jsdom/living/events/EventTarget-impl.js:286:3)
      at HTMLInputElementImpl._dispatch 
(node_modules/jsdom/lib/jsdom/living/events/EventTarget-impl.js:233:9)
      at HTMLInputElementImpl.dispatchEvent 
(node_modules/jsdom/lib/jsdom/living/events/EventTarget-impl.js:104:17)
      at HTMLInputElement.dispatchEvent 
(node_modules/jsdom/lib/jsdom/living/generated/EventTarget.js:241:34)
      at 
node_modules/@testing-library/user-event/dist/cjs/event/dispatchEvent.js:45:43
      at Object.eventWrapper 
(node_modules/@testing-library/dom/dist/config.js:25:23)
      at Object.wrapEvent 
(node_modules/@testing-library/user-event/dist/cjs/event/wrapEvent.js:6:28)
      at Object.dispatchEvent (node_modules/@testing-library/user-event/dist/cj
s/event/dispatchEvent.js:45:22)
      at Object.dispatchUIEvent (node_modules/@testing-library/user-event/dist/
cjs/event/dispatchEvent.js:22:26)
      at commitInput 
(node_modules/@testing-library/user-event/dist/cjs/event/input.js:145:14)
      at editInputElement 
(node_modules/@testing-library/user-event/dist/cjs/event/input.js:115:9)
      at Object.input 
(node_modules/@testing-library/user-event/dist/cjs/event/input.js:37:9)
      at node_modules/@testing-library/user-event/dist/cjs/event/behavior/keypr
ess.js:31:26
      at Object.dispatchEvent (node_modules/@testing-library/user-event/dist/cj
s/event/dispatchEvent.js:41:13)
      at Object.dispatchUIEvent (node_modules/@testing-library/user-event/dist/
cjs/event/dispatchEvent.js:22:26)
      at KeyboardHost.keydown 
(node_modules/@testing-library/user-event/dist/cjs/system/keyboard.js:76:22)
      at keyboardAction 
(node_modules/@testing-library/user-event/dist/cjs/keyboard/index.js:22:35)
      at Object.keyboard 
(node_modules/@testing-library/user-event/dist/cjs/keyboard/index.js:11:15)
      at Object.type 
(node_modules/@testing-library/user-event/dist/cjs/utility/type.js:17:5)
      at Object.<anonymous> (src/profile/profile.test.tsx:301:9)

    console.error
      Warning: An update to ProfilePage inside a test was not wrapped in 
act(...).
      
      When testing, code that causes React state updates should be wrapped 
into act(...):
      
      act(() => {
        /* fire events that update state */
      });
      /* assert on the output */
      
      This ensures that you're testing the behavior the user would see in the 
browser. Learn more at https://reactjs.org/link/wrap-tests-with-act
          at ProfilePage 
(C:\Users\samhe\OneDrive\Desktop\Cleaned\frontend\src\profile\index.tsx:25:41)
          at basenameProp (C:\Users\samhe\OneDrive\Desktop\Cleaned\frontend\nod
e_modules\react-router\lib\components.tsx:421:13)
          at basename (C:\Users\samhe\OneDrive\Desktop\Cleaned\frontend\node_mo
dules\react-router\lib\components.tsx:225:3)

      180 |               className="border border-gray-300 rounded-md px-3 
py-2 text-sm"
      181 |               value={newPassword}
    > 182 |               onChange={e => setNewPassword(e.target.value)}
          |                              ^
      183 |             />
      184 |             <p className="text-xs text-gray-500">
      185 |               Minimum 8 characters, at least 1 uppercase letter 
and 1 number.

      at printWarning 
(node_modules/react-dom/cjs/react-dom.development.js:86:30)
      at error (node_modules/react-dom/cjs/react-dom.development.js:60:7)
      at warnIfUpdatesNotWrappedWithActDEV 
(node_modules/react-dom/cjs/react-dom.development.js:27628:9)
      at scheduleUpdateOnFiber 
(node_modules/react-dom/cjs/react-dom.development.js:25547:5)
      at dispatchSetState 
(node_modules/react-dom/cjs/react-dom.development.js:16708:7)
      at onChange (src/profile/index.tsx:182:30)
      at HTMLUnknownElement.callCallback 
(node_modules/react-dom/cjs/react-dom.development.js:4164:14)
      at HTMLUnknownElement.callTheUserObjectsOperation 
(node_modules/jsdom/lib/jsdom/living/generated/EventListener.js:26:30)
      at innerInvokeEventListeners 
(node_modules/jsdom/lib/jsdom/living/events/EventTarget-impl.js:350:25)
      at invokeEventListeners 
(node_modules/jsdom/lib/jsdom/living/events/EventTarget-impl.js:286:3)
      at HTMLUnknownElementImpl._dispatch 
(node_modules/jsdom/lib/jsdom/living/events/EventTarget-impl.js:233:9)
      at HTMLUnknownElementImpl.dispatchEvent 
(node_modules/jsdom/lib/jsdom/living/events/EventTarget-impl.js:104:17)
      at HTMLUnknownElement.dispatchEvent 
(node_modules/jsdom/lib/jsdom/living/generated/EventTarget.js:241:34)
      at Object.invokeGuardedCallbackDev 
(node_modules/react-dom/cjs/react-dom.development.js:4213:16)
      at invokeGuardedCallback 
(node_modules/react-dom/cjs/react-dom.development.js:4277:31)
      at invokeGuardedCallbackAndCatchFirstError 
(node_modules/react-dom/cjs/react-dom.development.js:4291:25)
      at executeDispatch 
(node_modules/react-dom/cjs/react-dom.development.js:9041:3)
      at processDispatchQueueItemsInOrder 
(node_modules/react-dom/cjs/react-dom.development.js:9073:7)
      at processDispatchQueue 
(node_modules/react-dom/cjs/react-dom.development.js:9086:5)
      at dispatchEventsForPlugins 
(node_modules/react-dom/cjs/react-dom.development.js:9097:3)
      at node_modules/react-dom/cjs/react-dom.development.js:9288:12
      at batchedUpdates$1 
(node_modules/react-dom/cjs/react-dom.development.js:26179:12)
      at batchedUpdates 
(node_modules/react-dom/cjs/react-dom.development.js:3991:12)
      at dispatchEventForPluginEventSystem 
(node_modules/react-dom/cjs/react-dom.development.js:9287:3)
      at dispatchEventWithEnableCapturePhaseSelectiveHydrationWithoutDiscreteEv
entReplay (node_modules/react-dom/cjs/react-dom.development.js:6465:5)
      at dispatchEvent 
(node_modules/react-dom/cjs/react-dom.development.js:6457:5)
      at dispatchDiscreteEvent 
(node_modules/react-dom/cjs/react-dom.development.js:6430:5)
      at HTMLDivElement.callTheUserObjectsOperation 
(node_modules/jsdom/lib/jsdom/living/generated/EventListener.js:26:30)
      at innerInvokeEventListeners 
(node_modules/jsdom/lib/jsdom/living/events/EventTarget-impl.js:350:25)
      at invokeEventListeners 
(node_modules/jsdom/lib/jsdom/living/events/EventTarget-impl.js:286:3)
      at HTMLInputElementImpl._dispatch 
(node_modules/jsdom/lib/jsdom/living/events/EventTarget-impl.js:233:9)
      at HTMLInputElementImpl.dispatchEvent 
(node_modules/jsdom/lib/jsdom/living/events/EventTarget-impl.js:104:17)
      at HTMLInputElement.dispatchEvent 
(node_modules/jsdom/lib/jsdom/living/generated/EventTarget.js:241:34)
      at 
node_modules/@testing-library/user-event/dist/cjs/event/dispatchEvent.js:45:43
      at Object.eventWrapper 
(node_modules/@testing-library/dom/dist/config.js:25:23)
      at Object.wrapEvent 
(node_modules/@testing-library/user-event/dist/cjs/event/wrapEvent.js:6:28)
      at Object.dispatchEvent (node_modules/@testing-library/user-event/dist/cj
s/event/dispatchEvent.js:45:22)
      at Object.dispatchUIEvent (node_modules/@testing-library/user-event/dist/
cjs/event/dispatchEvent.js:22:26)
      at commitInput 
(node_modules/@testing-library/user-event/dist/cjs/event/input.js:145:14)
      at editInputElement 
(node_modules/@testing-library/user-event/dist/cjs/event/input.js:115:9)
      at Object.input 
(node_modules/@testing-library/user-event/dist/cjs/event/input.js:37:9)
      at node_modules/@testing-library/user-event/dist/cjs/event/behavior/keypr
ess.js:31:26
      at Object.dispatchEvent (node_modules/@testing-library/user-event/dist/cj
s/event/dispatchEvent.js:41:13)
      at Object.dispatchUIEvent (node_modules/@testing-library/user-event/dist/
cjs/event/dispatchEvent.js:22:26)
      at KeyboardHost.keydown 
(node_modules/@testing-library/user-event/dist/cjs/system/keyboard.js:76:22)
      at keyboardAction 
(node_modules/@testing-library/user-event/dist/cjs/keyboard/index.js:22:35)
      at Object.keyboard 
(node_modules/@testing-library/user-event/dist/cjs/keyboard/index.js:11:15)
      at Object.type 
(node_modules/@testing-library/user-event/dist/cjs/utility/type.js:17:5)
      at Object.<anonymous> (src/profile/profile.test.tsx:301:9)

    console.error
      Warning: An update to ProfilePage inside a test was not wrapped in 
act(...).
      
      When testing, code that causes React state updates should be wrapped 
into act(...):
      
      act(() => {
        /* fire events that update state */
      });
      /* assert on the output */
      
      This ensures that you're testing the behavior the user would see in the 
browser. Learn more at https://reactjs.org/link/wrap-tests-with-act
          at ProfilePage 
(C:\Users\samhe\OneDrive\Desktop\Cleaned\frontend\src\profile\index.tsx:25:41)
          at basenameProp (C:\Users\samhe\OneDrive\Desktop\Cleaned\frontend\nod
e_modules\react-router\lib\components.tsx:421:13)
          at basename (C:\Users\samhe\OneDrive\Desktop\Cleaned\frontend\node_mo
dules\react-router\lib\components.tsx:225:3)

      180 |               className="border border-gray-300 rounded-md px-3 
py-2 text-sm"
      181 |               value={newPassword}
    > 182 |               onChange={e => setNewPassword(e.target.value)}
          |                              ^
      183 |             />
      184 |             <p className="text-xs text-gray-500">
      185 |               Minimum 8 characters, at least 1 uppercase letter 
and 1 number.

      at printWarning 
(node_modules/react-dom/cjs/react-dom.development.js:86:30)
      at error (node_modules/react-dom/cjs/react-dom.development.js:60:7)
      at warnIfUpdatesNotWrappedWithActDEV 
(node_modules/react-dom/cjs/react-dom.development.js:27628:9)
      at scheduleUpdateOnFiber 
(node_modules/react-dom/cjs/react-dom.development.js:25547:5)
      at dispatchSetState 
(node_modules/react-dom/cjs/react-dom.development.js:16708:7)
      at onChange (src/profile/index.tsx:182:30)
      at HTMLUnknownElement.callCallback 
(node_modules/react-dom/cjs/react-dom.development.js:4164:14)
      at HTMLUnknownElement.callTheUserObjectsOperation 
(node_modules/jsdom/lib/jsdom/living/generated/EventListener.js:26:30)
      at innerInvokeEventListeners 
(node_modules/jsdom/lib/jsdom/living/events/EventTarget-impl.js:350:25)
      at invokeEventListeners 
(node_modules/jsdom/lib/jsdom/living/events/EventTarget-impl.js:286:3)
      at HTMLUnknownElementImpl._dispatch 
(node_modules/jsdom/lib/jsdom/living/events/EventTarget-impl.js:233:9)
      at HTMLUnknownElementImpl.dispatchEvent 
(node_modules/jsdom/lib/jsdom/living/events/EventTarget-impl.js:104:17)
      at HTMLUnknownElement.dispatchEvent 
(node_modules/jsdom/lib/jsdom/living/generated/EventTarget.js:241:34)
      at Object.invokeGuardedCallbackDev 
(node_modules/react-dom/cjs/react-dom.development.js:4213:16)
      at invokeGuardedCallback 
(node_modules/react-dom/cjs/react-dom.development.js:4277:31)
      at invokeGuardedCallbackAndCatchFirstError 
(node_modules/react-dom/cjs/react-dom.development.js:4291:25)
      at executeDispatch 
(node_modules/react-dom/cjs/react-dom.development.js:9041:3)
      at processDispatchQueueItemsInOrder 
(node_modules/react-dom/cjs/react-dom.development.js:9073:7)
      at processDispatchQueue 
(node_modules/react-dom/cjs/react-dom.development.js:9086:5)
      at dispatchEventsForPlugins 
(node_modules/react-dom/cjs/react-dom.development.js:9097:3)
      at node_modules/react-dom/cjs/react-dom.development.js:9288:12
      at batchedUpdates$1 
(node_modules/react-dom/cjs/react-dom.development.js:26179:12)
      at batchedUpdates 
(node_modules/react-dom/cjs/react-dom.development.js:3991:12)
      at dispatchEventForPluginEventSystem 
(node_modules/react-dom/cjs/react-dom.development.js:9287:3)
      at dispatchEventWithEnableCapturePhaseSelectiveHydrationWithoutDiscreteEv
entReplay (node_modules/react-dom/cjs/react-dom.development.js:6465:5)
      at dispatchEvent 
(node_modules/react-dom/cjs/react-dom.development.js:6457:5)
      at dispatchDiscreteEvent 
(node_modules/react-dom/cjs/react-dom.development.js:6430:5)
      at HTMLDivElement.callTheUserObjectsOperation 
(node_modules/jsdom/lib/jsdom/living/generated/EventListener.js:26:30)
      at innerInvokeEventListeners 
(node_modules/jsdom/lib/jsdom/living/events/EventTarget-impl.js:350:25)
      at invokeEventListeners 
(node_modules/jsdom/lib/jsdom/living/events/EventTarget-impl.js:286:3)
      at HTMLInputElementImpl._dispatch 
(node_modules/jsdom/lib/jsdom/living/events/EventTarget-impl.js:233:9)
      at HTMLInputElementImpl.dispatchEvent 
(node_modules/jsdom/lib/jsdom/living/events/EventTarget-impl.js:104:17)
      at HTMLInputElement.dispatchEvent 
(node_modules/jsdom/lib/jsdom/living/generated/EventTarget.js:241:34)
      at 
node_modules/@testing-library/user-event/dist/cjs/event/dispatchEvent.js:45:43
      at Object.eventWrapper 
(node_modules/@testing-library/dom/dist/config.js:25:23)
      at Object.wrapEvent 
(node_modules/@testing-library/user-event/dist/cjs/event/wrapEvent.js:6:28)
      at Object.dispatchEvent (node_modules/@testing-library/user-event/dist/cj
s/event/dispatchEvent.js:45:22)
      at Object.dispatchUIEvent (node_modules/@testing-library/user-event/dist/
cjs/event/dispatchEvent.js:22:26)
      at commitInput 
(node_modules/@testing-library/user-event/dist/cjs/event/input.js:145:14)
      at editInputElement 
(node_modules/@testing-library/user-event/dist/cjs/event/input.js:115:9)
      at Object.input 
(node_modules/@testing-library/user-event/dist/cjs/event/input.js:37:9)
      at node_modules/@testing-library/user-event/dist/cjs/event/behavior/keypr
ess.js:31:26
      at Object.dispatchEvent (node_modules/@testing-library/user-event/dist/cj
s/event/dispatchEvent.js:41:13)
      at Object.dispatchUIEvent (node_modules/@testing-library/user-event/dist/
cjs/event/dispatchEvent.js:22:26)
      at KeyboardHost.keydown 
(node_modules/@testing-library/user-event/dist/cjs/system/keyboard.js:76:22)
      at keyboardAction 
(node_modules/@testing-library/user-event/dist/cjs/keyboard/index.js:22:35)
      at Object.keyboard 
(node_modules/@testing-library/user-event/dist/cjs/keyboard/index.js:11:15)
      at Object.type 
(node_modules/@testing-library/user-event/dist/cjs/utility/type.js:17:5)
      at Object.<anonymous> (src/profile/profile.test.tsx:301:9)

    console.error
      Warning: An update to ProfilePage inside a test was not wrapped in 
act(...).
      
      When testing, code that causes React state updates should be wrapped 
into act(...):
      
      act(() => {
        /* fire events that update state */
      });
      /* assert on the output */
      
      This ensures that you're testing the behavior the user would see in the 
browser. Learn more at https://reactjs.org/link/wrap-tests-with-act
          at ProfilePage 
(C:\Users\samhe\OneDrive\Desktop\Cleaned\frontend\src\profile\index.tsx:25:41)
          at basenameProp (C:\Users\samhe\OneDrive\Desktop\Cleaned\frontend\nod
e_modules\react-router\lib\components.tsx:421:13)
          at basename (C:\Users\samhe\OneDrive\Desktop\Cleaned\frontend\node_mo
dules\react-router\lib\components.tsx:225:3)

      196 |               className="border border-gray-300 rounded-md px-3 
py-2 text-sm"
      197 |               value={confirmPassword}
    > 198 |               onChange={e => setConfirmPassword(e.target.value)}
          |                              ^
      199 |             />
      200 |             {confirmPassword && !passwordsMatch && (
      201 |               <p className="text-sm text-red-600">Passwords do not 
match</p>

      at printWarning 
(node_modules/react-dom/cjs/react-dom.development.js:86:30)
      at error (node_modules/react-dom/cjs/react-dom.development.js:60:7)
      at warnIfUpdatesNotWrappedWithActDEV 
(node_modules/react-dom/cjs/react-dom.development.js:27628:9)
      at scheduleUpdateOnFiber 
(node_modules/react-dom/cjs/react-dom.development.js:25547:5)
      at dispatchSetState 
(node_modules/react-dom/cjs/react-dom.development.js:16708:7)
      at onChange (src/profile/index.tsx:198:30)
      at HTMLUnknownElement.callCallback 
(node_modules/react-dom/cjs/react-dom.development.js:4164:14)
      at HTMLUnknownElement.callTheUserObjectsOperation 
(node_modules/jsdom/lib/jsdom/living/generated/EventListener.js:26:30)
      at innerInvokeEventListeners 
(node_modules/jsdom/lib/jsdom/living/events/EventTarget-impl.js:350:25)
      at invokeEventListeners 
(node_modules/jsdom/lib/jsdom/living/events/EventTarget-impl.js:286:3)
      at HTMLUnknownElementImpl._dispatch 
(node_modules/jsdom/lib/jsdom/living/events/EventTarget-impl.js:233:9)
      at HTMLUnknownElementImpl.dispatchEvent 
(node_modules/jsdom/lib/jsdom/living/events/EventTarget-impl.js:104:17)
      at HTMLUnknownElement.dispatchEvent 
(node_modules/jsdom/lib/jsdom/living/generated/EventTarget.js:241:34)
      at Object.invokeGuardedCallbackDev 
(node_modules/react-dom/cjs/react-dom.development.js:4213:16)
      at invokeGuardedCallback 
(node_modules/react-dom/cjs/react-dom.development.js:4277:31)
      at invokeGuardedCallbackAndCatchFirstError 
(node_modules/react-dom/cjs/react-dom.development.js:4291:25)
      at executeDispatch 
(node_modules/react-dom/cjs/react-dom.development.js:9041:3)
      at processDispatchQueueItemsInOrder 
(node_modules/react-dom/cjs/react-dom.development.js:9073:7)
      at processDispatchQueue 
(node_modules/react-dom/cjs/react-dom.development.js:9086:5)
      at dispatchEventsForPlugins 
(node_modules/react-dom/cjs/react-dom.development.js:9097:3)
      at node_modules/react-dom/cjs/react-dom.development.js:9288:12
      at batchedUpdates$1 
(node_modules/react-dom/cjs/react-dom.development.js:26179:12)
      at batchedUpdates 
(node_modules/react-dom/cjs/react-dom.development.js:3991:12)
      at dispatchEventForPluginEventSystem 
(node_modules/react-dom/cjs/react-dom.development.js:9287:3)
      at dispatchEventWithEnableCapturePhaseSelectiveHydrationWithoutDiscreteEv
entReplay (node_modules/react-dom/cjs/react-dom.development.js:6465:5)
      at dispatchEvent 
(node_modules/react-dom/cjs/react-dom.development.js:6457:5)
      at dispatchDiscreteEvent 
(node_modules/react-dom/cjs/react-dom.development.js:6430:5)
      at HTMLDivElement.callTheUserObjectsOperation 
(node_modules/jsdom/lib/jsdom/living/generated/EventListener.js:26:30)
      at innerInvokeEventListeners 
(node_modules/jsdom/lib/jsdom/living/events/EventTarget-impl.js:350:25)
      at invokeEventListeners 
(node_modules/jsdom/lib/jsdom/living/events/EventTarget-impl.js:286:3)
      at HTMLInputElementImpl._dispatch 
(node_modules/jsdom/lib/jsdom/living/events/EventTarget-impl.js:233:9)
      at HTMLInputElementImpl.dispatchEvent 
(node_modules/jsdom/lib/jsdom/living/events/EventTarget-impl.js:104:17)
      at HTMLInputElement.dispatchEvent 
(node_modules/jsdom/lib/jsdom/living/generated/EventTarget.js:241:34)
      at 
node_modules/@testing-library/user-event/dist/cjs/event/dispatchEvent.js:45:43
      at Object.eventWrapper 
(node_modules/@testing-library/dom/dist/config.js:25:23)
      at Object.wrapEvent 
(node_modules/@testing-library/user-event/dist/cjs/event/wrapEvent.js:6:28)
      at Object.dispatchEvent (node_modules/@testing-library/user-event/dist/cj
s/event/dispatchEvent.js:45:22)
      at Object.dispatchUIEvent (node_modules/@testing-library/user-event/dist/
cjs/event/dispatchEvent.js:22:26)
      at commitInput 
(node_modules/@testing-library/user-event/dist/cjs/event/input.js:145:14)
      at editInputElement 
(node_modules/@testing-library/user-event/dist/cjs/event/input.js:115:9)
      at Object.input 
(node_modules/@testing-library/user-event/dist/cjs/event/input.js:37:9)
      at node_modules/@testing-library/user-event/dist/cjs/event/behavior/keypr
ess.js:31:26
      at Object.dispatchEvent (node_modules/@testing-library/user-event/dist/cj
s/event/dispatchEvent.js:41:13)
      at Object.dispatchUIEvent (node_modules/@testing-library/user-event/dist/
cjs/event/dispatchEvent.js:22:26)
      at KeyboardHost.keydown 
(node_modules/@testing-library/user-event/dist/cjs/system/keyboard.js:76:22)
      at keyboardAction 
(node_modules/@testing-library/user-event/dist/cjs/keyboard/index.js:22:35)
      at Object.keyboard 
(node_modules/@testing-library/user-event/dist/cjs/keyboard/index.js:11:15)
      at Object.type 
(node_modules/@testing-library/user-event/dist/cjs/utility/type.js:17:5)
      at Object.<anonymous> (src/profile/profile.test.tsx:302:9)

    console.error
      Warning: An update to ProfilePage inside a test was not wrapped in 
act(...).
      
      When testing, code that causes React state updates should be wrapped 
into act(...):
      
      act(() => {
        /* fire events that update state */
      });
      /* assert on the output */
      
      This ensures that you're testing the behavior the user would see in the 
browser. Learn more at https://reactjs.org/link/wrap-tests-with-act
          at ProfilePage 
(C:\Users\samhe\OneDrive\Desktop\Cleaned\frontend\src\profile\index.tsx:25:41)
          at basenameProp (C:\Users\samhe\OneDrive\Desktop\Cleaned\frontend\nod
e_modules\react-router\lib\components.tsx:421:13)
          at basename (C:\Users\samhe\OneDrive\Desktop\Cleaned\frontend\node_mo
dules\react-router\lib\components.tsx:225:3)

      196 |               className="border border-gray-300 rounded-md px-3 
py-2 text-sm"
      197 |               value={confirmPassword}
    > 198 |               onChange={e => setConfirmPassword(e.target.value)}
          |                              ^
      199 |             />
      200 |             {confirmPassword && !passwordsMatch && (
      201 |               <p className="text-sm text-red-600">Passwords do not 
match</p>

      at printWarning 
(node_modules/react-dom/cjs/react-dom.development.js:86:30)
      at error (node_modules/react-dom/cjs/react-dom.development.js:60:7)
      at warnIfUpdatesNotWrappedWithActDEV 
(node_modules/react-dom/cjs/react-dom.development.js:27628:9)
      at scheduleUpdateOnFiber 
(node_modules/react-dom/cjs/react-dom.development.js:25547:5)
      at dispatchSetState 
(node_modules/react-dom/cjs/react-dom.development.js:16708:7)
      at onChange (src/profile/index.tsx:198:30)
      at HTMLUnknownElement.callCallback 
(node_modules/react-dom/cjs/react-dom.development.js:4164:14)
      at HTMLUnknownElement.callTheUserObjectsOperation 
(node_modules/jsdom/lib/jsdom/living/generated/EventListener.js:26:30)
      at innerInvokeEventListeners 
(node_modules/jsdom/lib/jsdom/living/events/EventTarget-impl.js:350:25)
      at invokeEventListeners 
(node_modules/jsdom/lib/jsdom/living/events/EventTarget-impl.js:286:3)
      at HTMLUnknownElementImpl._dispatch 
(node_modules/jsdom/lib/jsdom/living/events/EventTarget-impl.js:233:9)
      at HTMLUnknownElementImpl.dispatchEvent 
(node_modules/jsdom/lib/jsdom/living/events/EventTarget-impl.js:104:17)
      at HTMLUnknownElement.dispatchEvent 
(node_modules/jsdom/lib/jsdom/living/generated/EventTarget.js:241:34)
      at Object.invokeGuardedCallbackDev 
(node_modules/react-dom/cjs/react-dom.development.js:4213:16)
      at invokeGuardedCallback 
(node_modules/react-dom/cjs/react-dom.development.js:4277:31)
      at invokeGuardedCallbackAndCatchFirstError 
(node_modules/react-dom/cjs/react-dom.development.js:4291:25)
      at executeDispatch 
(node_modules/react-dom/cjs/react-dom.development.js:9041:3)
      at processDispatchQueueItemsInOrder 
(node_modules/react-dom/cjs/react-dom.development.js:9073:7)
      at processDispatchQueue 
(node_modules/react-dom/cjs/react-dom.development.js:9086:5)
      at dispatchEventsForPlugins 
(node_modules/react-dom/cjs/react-dom.development.js:9097:3)
      at node_modules/react-dom/cjs/react-dom.development.js:9288:12
      at batchedUpdates$1 
(node_modules/react-dom/cjs/react-dom.development.js:26179:12)
      at batchedUpdates 
(node_modules/react-dom/cjs/react-dom.development.js:3991:12)
      at dispatchEventForPluginEventSystem 
(node_modules/react-dom/cjs/react-dom.development.js:9287:3)
      at dispatchEventWithEnableCapturePhaseSelectiveHydrationWithoutDiscreteEv
entReplay (node_modules/react-dom/cjs/react-dom.development.js:6465:5)
      at dispatchEvent 
(node_modules/react-dom/cjs/react-dom.development.js:6457:5)
      at dispatchDiscreteEvent 
(node_modules/react-dom/cjs/react-dom.development.js:6430:5)
      at HTMLDivElement.callTheUserObjectsOperation 
(node_modules/jsdom/lib/jsdom/living/generated/EventListener.js:26:30)
      at innerInvokeEventListeners 
(node_modules/jsdom/lib/jsdom/living/events/EventTarget-impl.js:350:25)
      at invokeEventListeners 
(node_modules/jsdom/lib/jsdom/living/events/EventTarget-impl.js:286:3)
      at HTMLInputElementImpl._dispatch 
(node_modules/jsdom/lib/jsdom/living/events/EventTarget-impl.js:233:9)
      at HTMLInputElementImpl.dispatchEvent 
(node_modules/jsdom/lib/jsdom/living/events/EventTarget-impl.js:104:17)
      at HTMLInputElement.dispatchEvent 
(node_modules/jsdom/lib/jsdom/living/generated/EventTarget.js:241:34)
      at 
node_modules/@testing-library/user-event/dist/cjs/event/dispatchEvent.js:45:43
      at Object.eventWrapper 
(node_modules/@testing-library/dom/dist/config.js:25:23)
      at Object.wrapEvent 
(node_modules/@testing-library/user-event/dist/cjs/event/wrapEvent.js:6:28)
      at Object.dispatchEvent (node_modules/@testing-library/user-event/dist/cj
s/event/dispatchEvent.js:45:22)
      at Object.dispatchUIEvent (node_modules/@testing-library/user-event/dist/
cjs/event/dispatchEvent.js:22:26)
      at commitInput 
(node_modules/@testing-library/user-event/dist/cjs/event/input.js:145:14)
      at editInputElement 
(node_modules/@testing-library/user-event/dist/cjs/event/input.js:115:9)
      at Object.input 
(node_modules/@testing-library/user-event/dist/cjs/event/input.js:37:9)
      at node_modules/@testing-library/user-event/dist/cjs/event/behavior/keypr
ess.js:31:26
      at Object.dispatchEvent (node_modules/@testing-library/user-event/dist/cj
s/event/dispatchEvent.js:41:13)
      at Object.dispatchUIEvent (node_modules/@testing-library/user-event/dist/
cjs/event/dispatchEvent.js:22:26)
      at KeyboardHost.keydown 
(node_modules/@testing-library/user-event/dist/cjs/system/keyboard.js:76:22)
      at keyboardAction 
(node_modules/@testing-library/user-event/dist/cjs/keyboard/index.js:22:35)
      at Object.keyboard 
(node_modules/@testing-library/user-event/dist/cjs/keyboard/index.js:11:15)
      at Object.type 
(node_modules/@testing-library/user-event/dist/cjs/utility/type.js:17:5)
      at Object.<anonymous> (src/profile/profile.test.tsx:302:9)

    console.error
      Warning: An update to ProfilePage inside a test was not wrapped in 
act(...).
      
      When testing, code that causes React state updates should be wrapped 
into act(...):
      
      act(() => {
        /* fire events that update state */
      });
      /* assert on the output */
      
      This ensures that you're testing the behavior the user would see in the 
browser. Learn more at https://reactjs.org/link/wrap-tests-with-act
          at ProfilePage 
(C:\Users\samhe\OneDrive\Desktop\Cleaned\frontend\src\profile\index.tsx:25:41)
          at basenameProp (C:\Users\samhe\OneDrive\Desktop\Cleaned\frontend\nod
e_modules\react-router\lib\components.tsx:421:13)
          at basename (C:\Users\samhe\OneDrive\Desktop\Cleaned\frontend\node_mo
dules\react-router\lib\components.tsx:225:3)

      196 |               className="border border-gray-300 rounded-md px-3 
py-2 text-sm"
      197 |               value={confirmPassword}
    > 198 |               onChange={e => setConfirmPassword(e.target.value)}
          |                              ^
      199 |             />
      200 |             {confirmPassword && !passwordsMatch && (
      201 |               <p className="text-sm text-red-600">Passwords do not 
match</p>

      at printWarning 
(node_modules/react-dom/cjs/react-dom.development.js:86:30)
      at error (node_modules/react-dom/cjs/react-dom.development.js:60:7)
      at warnIfUpdatesNotWrappedWithActDEV 
(node_modules/react-dom/cjs/react-dom.development.js:27628:9)
      at scheduleUpdateOnFiber 
(node_modules/react-dom/cjs/react-dom.development.js:25547:5)
      at dispatchSetState 
(node_modules/react-dom/cjs/react-dom.development.js:16708:7)
      at onChange (src/profile/index.tsx:198:30)
      at HTMLUnknownElement.callCallback 
(node_modules/react-dom/cjs/react-dom.development.js:4164:14)
      at HTMLUnknownElement.callTheUserObjectsOperation 
(node_modules/jsdom/lib/jsdom/living/generated/EventListener.js:26:30)
      at innerInvokeEventListeners 
(node_modules/jsdom/lib/jsdom/living/events/EventTarget-impl.js:350:25)
      at invokeEventListeners 
(node_modules/jsdom/lib/jsdom/living/events/EventTarget-impl.js:286:3)
      at HTMLUnknownElementImpl._dispatch 
(node_modules/jsdom/lib/jsdom/living/events/EventTarget-impl.js:233:9)
      at HTMLUnknownElementImpl.dispatchEvent 
(node_modules/jsdom/lib/jsdom/living/events/EventTarget-impl.js:104:17)
      at HTMLUnknownElement.dispatchEvent 
(node_modules/jsdom/lib/jsdom/living/generated/EventTarget.js:241:34)
      at Object.invokeGuardedCallbackDev 
(node_modules/react-dom/cjs/react-dom.development.js:4213:16)
      at invokeGuardedCallback 
(node_modules/react-dom/cjs/react-dom.development.js:4277:31)
      at invokeGuardedCallbackAndCatchFirstError 
(node_modules/react-dom/cjs/react-dom.development.js:4291:25)
      at executeDispatch 
(node_modules/react-dom/cjs/react-dom.development.js:9041:3)
      at processDispatchQueueItemsInOrder 
(node_modules/react-dom/cjs/react-dom.development.js:9073:7)
      at processDispatchQueue 
(node_modules/react-dom/cjs/react-dom.development.js:9086:5)
      at dispatchEventsForPlugins 
(node_modules/react-dom/cjs/react-dom.development.js:9097:3)
      at node_modules/react-dom/cjs/react-dom.development.js:9288:12
      at batchedUpdates$1 
(node_modules/react-dom/cjs/react-dom.development.js:26179:12)
      at batchedUpdates 
(node_modules/react-dom/cjs/react-dom.development.js:3991:12)
      at dispatchEventForPluginEventSystem 
(node_modules/react-dom/cjs/react-dom.development.js:9287:3)
      at dispatchEventWithEnableCapturePhaseSelectiveHydrationWithoutDiscreteEv
entReplay (node_modules/react-dom/cjs/react-dom.development.js:6465:5)
      at dispatchEvent 
(node_modules/react-dom/cjs/react-dom.development.js:6457:5)
      at dispatchDiscreteEvent 
(node_modules/react-dom/cjs/react-dom.development.js:6430:5)
      at HTMLDivElement.callTheUserObjectsOperation 
(node_modules/jsdom/lib/jsdom/living/generated/EventListener.js:26:30)
      at innerInvokeEventListeners 
(node_modules/jsdom/lib/jsdom/living/events/EventTarget-impl.js:350:25)
      at invokeEventListeners 
(node_modules/jsdom/lib/jsdom/living/events/EventTarget-impl.js:286:3)
      at HTMLInputElementImpl._dispatch 
(node_modules/jsdom/lib/jsdom/living/events/EventTarget-impl.js:233:9)
      at HTMLInputElementImpl.dispatchEvent 
(node_modules/jsdom/lib/jsdom/living/events/EventTarget-impl.js:104:17)
      at HTMLInputElement.dispatchEvent 
(node_modules/jsdom/lib/jsdom/living/generated/EventTarget.js:241:34)
      at 
node_modules/@testing-library/user-event/dist/cjs/event/dispatchEvent.js:45:43
      at Object.eventWrapper 
(node_modules/@testing-library/dom/dist/config.js:25:23)
      at Object.wrapEvent 
(node_modules/@testing-library/user-event/dist/cjs/event/wrapEvent.js:6:28)
      at Object.dispatchEvent (node_modules/@testing-library/user-event/dist/cj
s/event/dispatchEvent.js:45:22)
      at Object.dispatchUIEvent (node_modules/@testing-library/user-event/dist/
cjs/event/dispatchEvent.js:22:26)
      at commitInput 
(node_modules/@testing-library/user-event/dist/cjs/event/input.js:145:14)
      at editInputElement 
(node_modules/@testing-library/user-event/dist/cjs/event/input.js:115:9)
      at Object.input 
(node_modules/@testing-library/user-event/dist/cjs/event/input.js:37:9)
      at node_modules/@testing-library/user-event/dist/cjs/event/behavior/keypr
ess.js:31:26
      at Object.dispatchEvent (node_modules/@testing-library/user-event/dist/cj
s/event/dispatchEvent.js:41:13)
      at Object.dispatchUIEvent (node_modules/@testing-library/user-event/dist/
cjs/event/dispatchEvent.js:22:26)
      at KeyboardHost.keydown 
(node_modules/@testing-library/user-event/dist/cjs/system/keyboard.js:76:22)
      at keyboardAction 
(node_modules/@testing-library/user-event/dist/cjs/keyboard/index.js:22:35)
      at Object.keyboard 
(node_modules/@testing-library/user-event/dist/cjs/keyboard/index.js:11:15)
      at Object.type 
(node_modules/@testing-library/user-event/dist/cjs/utility/type.js:17:5)
      at Object.<anonymous> (src/profile/profile.test.tsx:302:9)

    console.error
      Warning: An update to ProfilePage inside a test was not wrapped in 
act(...).
      
      When testing, code that causes React state updates should be wrapped 
into act(...):
      
      act(() => {
        /* fire events that update state */
      });
      /* assert on the output */
      
      This ensures that you're testing the behavior the user would see in the 
browser. Learn more at https://reactjs.org/link/wrap-tests-with-act
          at ProfilePage 
(C:\Users\samhe\OneDrive\Desktop\Cleaned\frontend\src\profile\index.tsx:25:41)
          at basenameProp (C:\Users\samhe\OneDrive\Desktop\Cleaned\frontend\nod
e_modules\react-router\lib\components.tsx:421:13)
          at basename (C:\Users\samhe\OneDrive\Desktop\Cleaned\frontend\node_mo
dules\react-router\lib\components.tsx:225:3)

      196 |               className="border border-gray-300 rounded-md px-3 
py-2 text-sm"
      197 |               value={confirmPassword}
    > 198 |               onChange={e => setConfirmPassword(e.target.value)}
          |                              ^
      199 |             />
      200 |             {confirmPassword && !passwordsMatch && (
      201 |               <p className="text-sm text-red-600">Passwords do not 
match</p>

      at printWarning 
(node_modules/react-dom/cjs/react-dom.development.js:86:30)
      at error (node_modules/react-dom/cjs/react-dom.development.js:60:7)
      at warnIfUpdatesNotWrappedWithActDEV 
(node_modules/react-dom/cjs/react-dom.development.js:27628:9)
      at scheduleUpdateOnFiber 
(node_modules/react-dom/cjs/react-dom.development.js:25547:5)
      at dispatchSetState 
(node_modules/react-dom/cjs/react-dom.development.js:16708:7)
      at onChange (src/profile/index.tsx:198:30)
      at HTMLUnknownElement.callCallback 
(node_modules/react-dom/cjs/react-dom.development.js:4164:14)
      at HTMLUnknownElement.callTheUserObjectsOperation 
(node_modules/jsdom/lib/jsdom/living/generated/EventListener.js:26:30)
      at innerInvokeEventListeners 
(node_modules/jsdom/lib/jsdom/living/events/EventTarget-impl.js:350:25)
      at invokeEventListeners 
(node_modules/jsdom/lib/jsdom/living/events/EventTarget-impl.js:286:3)
      at HTMLUnknownElementImpl._dispatch 
(node_modules/jsdom/lib/jsdom/living/events/EventTarget-impl.js:233:9)
      at HTMLUnknownElementImpl.dispatchEvent 
(node_modules/jsdom/lib/jsdom/living/events/EventTarget-impl.js:104:17)
      at HTMLUnknownElement.dispatchEvent 
(node_modules/jsdom/lib/jsdom/living/generated/EventTarget.js:241:34)
      at Object.invokeGuardedCallbackDev 
(node_modules/react-dom/cjs/react-dom.development.js:4213:16)
      at invokeGuardedCallback 
(node_modules/react-dom/cjs/react-dom.development.js:4277:31)
      at invokeGuardedCallbackAndCatchFirstError 
(node_modules/react-dom/cjs/react-dom.development.js:4291:25)
      at executeDispatch 
(node_modules/react-dom/cjs/react-dom.development.js:9041:3)
      at processDispatchQueueItemsInOrder 
(node_modules/react-dom/cjs/react-dom.development.js:9073:7)
      at processDispatchQueue 
(node_modules/react-dom/cjs/react-dom.development.js:9086:5)
      at dispatchEventsForPlugins 
(node_modules/react-dom/cjs/react-dom.development.js:9097:3)
      at node_modules/react-dom/cjs/react-dom.development.js:9288:12
      at batchedUpdates$1 
(node_modules/react-dom/cjs/react-dom.development.js:26179:12)
      at batchedUpdates 
(node_modules/react-dom/cjs/react-dom.development.js:3991:12)
      at dispatchEventForPluginEventSystem 
(node_modules/react-dom/cjs/react-dom.development.js:9287:3)
      at dispatchEventWithEnableCapturePhaseSelectiveHydrationWithoutDiscreteEv
entReplay (node_modules/react-dom/cjs/react-dom.development.js:6465:5)
      at dispatchEvent 
(node_modules/react-dom/cjs/react-dom.development.js:6457:5)
      at dispatchDiscreteEvent 
(node_modules/react-dom/cjs/react-dom.development.js:6430:5)
      at HTMLDivElement.callTheUserObjectsOperation 
(node_modules/jsdom/lib/jsdom/living/generated/EventListener.js:26:30)
      at innerInvokeEventListeners 
(node_modules/jsdom/lib/jsdom/living/events/EventTarget-impl.js:350:25)
      at invokeEventListeners 
(node_modules/jsdom/lib/jsdom/living/events/EventTarget-impl.js:286:3)
      at HTMLInputElementImpl._dispatch 
(node_modules/jsdom/lib/jsdom/living/events/EventTarget-impl.js:233:9)
      at HTMLInputElementImpl.dispatchEvent 
(node_modules/jsdom/lib/jsdom/living/events/EventTarget-impl.js:104:17)
      at HTMLInputElement.dispatchEvent 
(node_modules/jsdom/lib/jsdom/living/generated/EventTarget.js:241:34)
      at 
node_modules/@testing-library/user-event/dist/cjs/event/dispatchEvent.js:45:43
      at Object.eventWrapper 
(node_modules/@testing-library/dom/dist/config.js:25:23)
      at Object.wrapEvent 
(node_modules/@testing-library/user-event/dist/cjs/event/wrapEvent.js:6:28)
      at Object.dispatchEvent (node_modules/@testing-library/user-event/dist/cj
s/event/dispatchEvent.js:45:22)
      at Object.dispatchUIEvent (node_modules/@testing-library/user-event/dist/
cjs/event/dispatchEvent.js:22:26)
      at commitInput 
(node_modules/@testing-library/user-event/dist/cjs/event/input.js:145:14)
      at editInputElement 
(node_modules/@testing-library/user-event/dist/cjs/event/input.js:115:9)
      at Object.input 
(node_modules/@testing-library/user-event/dist/cjs/event/input.js:37:9)
      at node_modules/@testing-library/user-event/dist/cjs/event/behavior/keypr
ess.js:31:26
      at Object.dispatchEvent (node_modules/@testing-library/user-event/dist/cj
s/event/dispatchEvent.js:41:13)
      at Object.dispatchUIEvent (node_modules/@testing-library/user-event/dist/
cjs/event/dispatchEvent.js:22:26)
      at KeyboardHost.keydown 
(node_modules/@testing-library/user-event/dist/cjs/system/keyboard.js:76:22)
      at keyboardAction 
(node_modules/@testing-library/user-event/dist/cjs/keyboard/index.js:22:35)
      at Object.keyboard 
(node_modules/@testing-library/user-event/dist/cjs/keyboard/index.js:11:15)
      at Object.type 
(node_modules/@testing-library/user-event/dist/cjs/utility/type.js:17:5)
      at Object.<anonymous> (src/profile/profile.test.tsx:302:9)

    console.error
      Warning: An update to ProfilePage inside a test was not wrapped in 
act(...).
      
      When testing, code that causes React state updates should be wrapped 
into act(...):
      
      act(() => {
        /* fire events that update state */
      });
      /* assert on the output */
      
      This ensures that you're testing the behavior the user would see in the 
browser. Learn more at https://reactjs.org/link/wrap-tests-with-act
          at ProfilePage 
(C:\Users\samhe\OneDrive\Desktop\Cleaned\frontend\src\profile\index.tsx:25:41)
          at basenameProp (C:\Users\samhe\OneDrive\Desktop\Cleaned\frontend\nod
e_modules\react-router\lib\components.tsx:421:13)
          at basename (C:\Users\samhe\OneDrive\Desktop\Cleaned\frontend\node_mo
dules\react-router\lib\components.tsx:225:3)

      196 |               className="border border-gray-300 rounded-md px-3 
py-2 text-sm"
      197 |               value={confirmPassword}
    > 198 |               onChange={e => setConfirmPassword(e.target.value)}
          |                              ^
      199 |             />
      200 |             {confirmPassword && !passwordsMatch && (
      201 |               <p className="text-sm text-red-600">Passwords do not 
match</p>

      at printWarning 
(node_modules/react-dom/cjs/react-dom.development.js:86:30)
      at error (node_modules/react-dom/cjs/react-dom.development.js:60:7)
      at warnIfUpdatesNotWrappedWithActDEV 
(node_modules/react-dom/cjs/react-dom.development.js:27628:9)
      at scheduleUpdateOnFiber 
(node_modules/react-dom/cjs/react-dom.development.js:25547:5)
      at dispatchSetState 
(node_modules/react-dom/cjs/react-dom.development.js:16708:7)
      at onChange (src/profile/index.tsx:198:30)
      at HTMLUnknownElement.callCallback 
(node_modules/react-dom/cjs/react-dom.development.js:4164:14)
      at HTMLUnknownElement.callTheUserObjectsOperation 
(node_modules/jsdom/lib/jsdom/living/generated/EventListener.js:26:30)
      at innerInvokeEventListeners 
(node_modules/jsdom/lib/jsdom/living/events/EventTarget-impl.js:350:25)
      at invokeEventListeners 
(node_modules/jsdom/lib/jsdom/living/events/EventTarget-impl.js:286:3)
      at HTMLUnknownElementImpl._dispatch 
(node_modules/jsdom/lib/jsdom/living/events/EventTarget-impl.js:233:9)
      at HTMLUnknownElementImpl.dispatchEvent 
(node_modules/jsdom/lib/jsdom/living/events/EventTarget-impl.js:104:17)
      at HTMLUnknownElement.dispatchEvent 
(node_modules/jsdom/lib/jsdom/living/generated/EventTarget.js:241:34)
      at Object.invokeGuardedCallbackDev 
(node_modules/react-dom/cjs/react-dom.development.js:4213:16)
      at invokeGuardedCallback 
(node_modules/react-dom/cjs/react-dom.development.js:4277:31)
      at invokeGuardedCallbackAndCatchFirstError 
(node_modules/react-dom/cjs/react-dom.development.js:4291:25)
      at executeDispatch 
(node_modules/react-dom/cjs/react-dom.development.js:9041:3)
      at processDispatchQueueItemsInOrder 
(node_modules/react-dom/cjs/react-dom.development.js:9073:7)
      at processDispatchQueue 
(node_modules/react-dom/cjs/react-dom.development.js:9086:5)
      at dispatchEventsForPlugins 
(node_modules/react-dom/cjs/react-dom.development.js:9097:3)
      at node_modules/react-dom/cjs/react-dom.development.js:9288:12
      at batchedUpdates$1 
(node_modules/react-dom/cjs/react-dom.development.js:26179:12)
      at batchedUpdates 
(node_modules/react-dom/cjs/react-dom.development.js:3991:12)
      at dispatchEventForPluginEventSystem 
(node_modules/react-dom/cjs/react-dom.development.js:9287:3)
      at dispatchEventWithEnableCapturePhaseSelectiveHydrationWithoutDiscreteEv
entReplay (node_modules/react-dom/cjs/react-dom.development.js:6465:5)
      at dispatchEvent 
(node_modules/react-dom/cjs/react-dom.development.js:6457:5)
      at dispatchDiscreteEvent 
(node_modules/react-dom/cjs/react-dom.development.js:6430:5)
      at HTMLDivElement.callTheUserObjectsOperation 
(node_modules/jsdom/lib/jsdom/living/generated/EventListener.js:26:30)
      at innerInvokeEventListeners 
(node_modules/jsdom/lib/jsdom/living/events/EventTarget-impl.js:350:25)
      at invokeEventListeners 
(node_modules/jsdom/lib/jsdom/living/events/EventTarget-impl.js:286:3)
      at HTMLInputElementImpl._dispatch 
(node_modules/jsdom/lib/jsdom/living/events/EventTarget-impl.js:233:9)
      at HTMLInputElementImpl.dispatchEvent 
(node_modules/jsdom/lib/jsdom/living/events/EventTarget-impl.js:104:17)
      at HTMLInputElement.dispatchEvent 
(node_modules/jsdom/lib/jsdom/living/generated/EventTarget.js:241:34)
      at 
node_modules/@testing-library/user-event/dist/cjs/event/dispatchEvent.js:45:43
      at Object.eventWrapper 
(node_modules/@testing-library/dom/dist/config.js:25:23)
      at Object.wrapEvent 
(node_modules/@testing-library/user-event/dist/cjs/event/wrapEvent.js:6:28)
      at Object.dispatchEvent (node_modules/@testing-library/user-event/dist/cj
s/event/dispatchEvent.js:45:22)
      at Object.dispatchUIEvent (node_modules/@testing-library/user-event/dist/
cjs/event/dispatchEvent.js:22:26)
      at commitInput 
(node_modules/@testing-library/user-event/dist/cjs/event/input.js:145:14)
      at editInputElement 
(node_modules/@testing-library/user-event/dist/cjs/event/input.js:115:9)
      at Object.input 
(node_modules/@testing-library/user-event/dist/cjs/event/input.js:37:9)
      at node_modules/@testing-library/user-event/dist/cjs/event/behavior/keypr
ess.js:31:26
      at Object.dispatchEvent (node_modules/@testing-library/user-event/dist/cj
s/event/dispatchEvent.js:41:13)
      at Object.dispatchUIEvent (node_modules/@testing-library/user-event/dist/
cjs/event/dispatchEvent.js:22:26)
      at KeyboardHost.keydown 
(node_modules/@testing-library/user-event/dist/cjs/system/keyboard.js:76:22)
      at keyboardAction 
(node_modules/@testing-library/user-event/dist/cjs/keyboard/index.js:22:35)
      at Object.keyboard 
(node_modules/@testing-library/user-event/dist/cjs/keyboard/index.js:11:15)
      at Object.type 
(node_modules/@testing-library/user-event/dist/cjs/utility/type.js:17:5)
      at Object.<anonymous> (src/profile/profile.test.tsx:302:9)

    console.error
      Warning: An update to ProfilePage inside a test was not wrapped in 
act(...).
      
      When testing, code that causes React state updates should be wrapped 
into act(...):
      
      act(() => {
        /* fire events that update state */
      });
      /* assert on the output */
      
      This ensures that you're testing the behavior the user would see in the 
browser. Learn more at https://reactjs.org/link/wrap-tests-with-act
          at ProfilePage 
(C:\Users\samhe\OneDrive\Desktop\Cleaned\frontend\src\profile\index.tsx:25:41)
          at basenameProp (C:\Users\samhe\OneDrive\Desktop\Cleaned\frontend\nod
e_modules\react-router\lib\components.tsx:421:13)
          at basename (C:\Users\samhe\OneDrive\Desktop\Cleaned\frontend\node_mo
dules\react-router\lib\components.tsx:225:3)

      196 |               className="border border-gray-300 rounded-md px-3 
py-2 text-sm"
      197 |               value={confirmPassword}
    > 198 |               onChange={e => setConfirmPassword(e.target.value)}
          |                              ^
      199 |             />
      200 |             {confirmPassword && !passwordsMatch && (
      201 |               <p className="text-sm text-red-600">Passwords do not 
match</p>

      at printWarning 
(node_modules/react-dom/cjs/react-dom.development.js:86:30)
      at error (node_modules/react-dom/cjs/react-dom.development.js:60:7)
      at warnIfUpdatesNotWrappedWithActDEV 
(node_modules/react-dom/cjs/react-dom.development.js:27628:9)
      at scheduleUpdateOnFiber 
(node_modules/react-dom/cjs/react-dom.development.js:25547:5)
      at dispatchSetState 
(node_modules/react-dom/cjs/react-dom.development.js:16708:7)
      at onChange (src/profile/index.tsx:198:30)
      at HTMLUnknownElement.callCallback 
(node_modules/react-dom/cjs/react-dom.development.js:4164:14)
      at HTMLUnknownElement.callTheUserObjectsOperation 
(node_modules/jsdom/lib/jsdom/living/generated/EventListener.js:26:30)
      at innerInvokeEventListeners 
(node_modules/jsdom/lib/jsdom/living/events/EventTarget-impl.js:350:25)
      at invokeEventListeners 
(node_modules/jsdom/lib/jsdom/living/events/EventTarget-impl.js:286:3)
      at HTMLUnknownElementImpl._dispatch 
(node_modules/jsdom/lib/jsdom/living/events/EventTarget-impl.js:233:9)
      at HTMLUnknownElementImpl.dispatchEvent 
(node_modules/jsdom/lib/jsdom/living/events/EventTarget-impl.js:104:17)
      at HTMLUnknownElement.dispatchEvent 
(node_modules/jsdom/lib/jsdom/living/generated/EventTarget.js:241:34)
      at Object.invokeGuardedCallbackDev 
(node_modules/react-dom/cjs/react-dom.development.js:4213:16)
      at invokeGuardedCallback 
(node_modules/react-dom/cjs/react-dom.development.js:4277:31)
      at invokeGuardedCallbackAndCatchFirstError 
(node_modules/react-dom/cjs/react-dom.development.js:4291:25)
      at executeDispatch 
(node_modules/react-dom/cjs/react-dom.development.js:9041:3)
      at processDispatchQueueItemsInOrder 
(node_modules/react-dom/cjs/react-dom.development.js:9073:7)
      at processDispatchQueue 
(node_modules/react-dom/cjs/react-dom.development.js:9086:5)
      at dispatchEventsForPlugins 
(node_modules/react-dom/cjs/react-dom.development.js:9097:3)
      at node_modules/react-dom/cjs/react-dom.development.js:9288:12
      at batchedUpdates$1 
(node_modules/react-dom/cjs/react-dom.development.js:26179:12)
      at batchedUpdates 
(node_modules/react-dom/cjs/react-dom.development.js:3991:12)
      at dispatchEventForPluginEventSystem 
(node_modules/react-dom/cjs/react-dom.development.js:9287:3)
      at dispatchEventWithEnableCapturePhaseSelectiveHydrationWithoutDiscreteEv
entReplay (node_modules/react-dom/cjs/react-dom.development.js:6465:5)
      at dispatchEvent 
(node_modules/react-dom/cjs/react-dom.development.js:6457:5)
      at dispatchDiscreteEvent 
(node_modules/react-dom/cjs/react-dom.development.js:6430:5)
      at HTMLDivElement.callTheUserObjectsOperation 
(node_modules/jsdom/lib/jsdom/living/generated/EventListener.js:26:30)
      at innerInvokeEventListeners 
(node_modules/jsdom/lib/jsdom/living/events/EventTarget-impl.js:350:25)
      at invokeEventListeners 
(node_modules/jsdom/lib/jsdom/living/events/EventTarget-impl.js:286:3)
      at HTMLInputElementImpl._dispatch 
(node_modules/jsdom/lib/jsdom/living/events/EventTarget-impl.js:233:9)
      at HTMLInputElementImpl.dispatchEvent 
(node_modules/jsdom/lib/jsdom/living/events/EventTarget-impl.js:104:17)
      at HTMLInputElement.dispatchEvent 
(node_modules/jsdom/lib/jsdom/living/generated/EventTarget.js:241:34)
      at 
node_modules/@testing-library/user-event/dist/cjs/event/dispatchEvent.js:45:43
      at Object.eventWrapper 
(node_modules/@testing-library/dom/dist/config.js:25:23)
      at Object.wrapEvent 
(node_modules/@testing-library/user-event/dist/cjs/event/wrapEvent.js:6:28)
      at Object.dispatchEvent (node_modules/@testing-library/user-event/dist/cj
s/event/dispatchEvent.js:45:22)
      at Object.dispatchUIEvent (node_modules/@testing-library/user-event/dist/
cjs/event/dispatchEvent.js:22:26)
      at commitInput 
(node_modules/@testing-library/user-event/dist/cjs/event/input.js:145:14)
      at editInputElement 
(node_modules/@testing-library/user-event/dist/cjs/event/input.js:115:9)
      at Object.input 
(node_modules/@testing-library/user-event/dist/cjs/event/input.js:37:9)
      at node_modules/@testing-library/user-event/dist/cjs/event/behavior/keypr
ess.js:31:26
      at Object.dispatchEvent (node_modules/@testing-library/user-event/dist/cj
s/event/dispatchEvent.js:41:13)
      at Object.dispatchUIEvent (node_modules/@testing-library/user-event/dist/
cjs/event/dispatchEvent.js:22:26)
      at KeyboardHost.keydown 
(node_modules/@testing-library/user-event/dist/cjs/system/keyboard.js:76:22)
      at keyboardAction 
(node_modules/@testing-library/user-event/dist/cjs/keyboard/index.js:22:35)
      at Object.keyboard 
(node_modules/@testing-library/user-event/dist/cjs/keyboard/index.js:11:15)
      at Object.type 
(node_modules/@testing-library/user-event/dist/cjs/utility/type.js:17:5)
      at Object.<anonymous> (src/profile/profile.test.tsx:302:9)

    console.error
      Warning: An update to ProfilePage inside a test was not wrapped in 
act(...).
      
      When testing, code that causes React state updates should be wrapped 
into act(...):
      
      act(() => {
        /* fire events that update state */
      });
      /* assert on the output */
      
      This ensures that you're testing the behavior the user would see in the 
browser. Learn more at https://reactjs.org/link/wrap-tests-with-act
          at ProfilePage 
(C:\Users\samhe\OneDrive\Desktop\Cleaned\frontend\src\profile\index.tsx:25:41)
          at basenameProp (C:\Users\samhe\OneDrive\Desktop\Cleaned\frontend\nod
e_modules\react-router\lib\components.tsx:421:13)
          at basename (C:\Users\samhe\OneDrive\Desktop\Cleaned\frontend\node_mo
dules\react-router\lib\components.tsx:225:3)

      196 |               className="border border-gray-300 rounded-md px-3 
py-2 text-sm"
      197 |               value={confirmPassword}
    > 198 |               onChange={e => setConfirmPassword(e.target.value)}
          |                              ^
      199 |             />
      200 |             {confirmPassword && !passwordsMatch && (
      201 |               <p className="text-sm text-red-600">Passwords do not 
match</p>

      at printWarning 
(node_modules/react-dom/cjs/react-dom.development.js:86:30)
      at error (node_modules/react-dom/cjs/react-dom.development.js:60:7)
      at warnIfUpdatesNotWrappedWithActDEV 
(node_modules/react-dom/cjs/react-dom.development.js:27628:9)
      at scheduleUpdateOnFiber 
(node_modules/react-dom/cjs/react-dom.development.js:25547:5)
      at dispatchSetState 
(node_modules/react-dom/cjs/react-dom.development.js:16708:7)
      at onChange (src/profile/index.tsx:198:30)
      at HTMLUnknownElement.callCallback 
(node_modules/react-dom/cjs/react-dom.development.js:4164:14)
      at HTMLUnknownElement.callTheUserObjectsOperation 
(node_modules/jsdom/lib/jsdom/living/generated/EventListener.js:26:30)
      at innerInvokeEventListeners 
(node_modules/jsdom/lib/jsdom/living/events/EventTarget-impl.js:350:25)
      at invokeEventListeners 
(node_modules/jsdom/lib/jsdom/living/events/EventTarget-impl.js:286:3)
      at HTMLUnknownElementImpl._dispatch 
(node_modules/jsdom/lib/jsdom/living/events/EventTarget-impl.js:233:9)
      at HTMLUnknownElementImpl.dispatchEvent 
(node_modules/jsdom/lib/jsdom/living/events/EventTarget-impl.js:104:17)
      at HTMLUnknownElement.dispatchEvent 
(node_modules/jsdom/lib/jsdom/living/generated/EventTarget.js:241:34)
      at Object.invokeGuardedCallbackDev 
(node_modules/react-dom/cjs/react-dom.development.js:4213:16)
      at invokeGuardedCallback 
(node_modules/react-dom/cjs/react-dom.development.js:4277:31)
      at invokeGuardedCallbackAndCatchFirstError 
(node_modules/react-dom/cjs/react-dom.development.js:4291:25)
      at executeDispatch 
(node_modules/react-dom/cjs/react-dom.development.js:9041:3)
      at processDispatchQueueItemsInOrder 
(node_modules/react-dom/cjs/react-dom.development.js:9073:7)
      at processDispatchQueue 
(node_modules/react-dom/cjs/react-dom.development.js:9086:5)
      at dispatchEventsForPlugins 
(node_modules/react-dom/cjs/react-dom.development.js:9097:3)
      at node_modules/react-dom/cjs/react-dom.development.js:9288:12
      at batchedUpdates$1 
(node_modules/react-dom/cjs/react-dom.development.js:26179:12)
      at batchedUpdates 
(node_modules/react-dom/cjs/react-dom.development.js:3991:12)
      at dispatchEventForPluginEventSystem 
(node_modules/react-dom/cjs/react-dom.development.js:9287:3)
      at dispatchEventWithEnableCapturePhaseSelectiveHydrationWithoutDiscreteEv
entReplay (node_modules/react-dom/cjs/react-dom.development.js:6465:5)
      at dispatchEvent 
(node_modules/react-dom/cjs/react-dom.development.js:6457:5)
      at dispatchDiscreteEvent 
(node_modules/react-dom/cjs/react-dom.development.js:6430:5)
      at HTMLDivElement.callTheUserObjectsOperation 
(node_modules/jsdom/lib/jsdom/living/generated/EventListener.js:26:30)
      at innerInvokeEventListeners 
(node_modules/jsdom/lib/jsdom/living/events/EventTarget-impl.js:350:25)
      at invokeEventListeners 
(node_modules/jsdom/lib/jsdom/living/events/EventTarget-impl.js:286:3)
      at HTMLInputElementImpl._dispatch 
(node_modules/jsdom/lib/jsdom/living/events/EventTarget-impl.js:233:9)
      at HTMLInputElementImpl.dispatchEvent 
(node_modules/jsdom/lib/jsdom/living/events/EventTarget-impl.js:104:17)
      at HTMLInputElement.dispatchEvent 
(node_modules/jsdom/lib/jsdom/living/generated/EventTarget.js:241:34)
      at 
node_modules/@testing-library/user-event/dist/cjs/event/dispatchEvent.js:45:43
      at Object.eventWrapper 
(node_modules/@testing-library/dom/dist/config.js:25:23)
      at Object.wrapEvent 
(node_modules/@testing-library/user-event/dist/cjs/event/wrapEvent.js:6:28)
      at Object.dispatchEvent (node_modules/@testing-library/user-event/dist/cj
s/event/dispatchEvent.js:45:22)
      at Object.dispatchUIEvent (node_modules/@testing-library/user-event/dist/
cjs/event/dispatchEvent.js:22:26)
      at commitInput 
(node_modules/@testing-library/user-event/dist/cjs/event/input.js:145:14)
      at editInputElement 
(node_modules/@testing-library/user-event/dist/cjs/event/input.js:115:9)
      at Object.input 
(node_modules/@testing-library/user-event/dist/cjs/event/input.js:37:9)
      at node_modules/@testing-library/user-event/dist/cjs/event/behavior/keypr
ess.js:31:26
      at Object.dispatchEvent (node_modules/@testing-library/user-event/dist/cj
s/event/dispatchEvent.js:41:13)
      at Object.dispatchUIEvent (node_modules/@testing-library/user-event/dist/
cjs/event/dispatchEvent.js:22:26)
      at KeyboardHost.keydown 
(node_modules/@testing-library/user-event/dist/cjs/system/keyboard.js:76:22)
      at keyboardAction 
(node_modules/@testing-library/user-event/dist/cjs/keyboard/index.js:22:35)
      at Object.keyboard 
(node_modules/@testing-library/user-event/dist/cjs/keyboard/index.js:11:15)
      at Object.type 
(node_modules/@testing-library/user-event/dist/cjs/utility/type.js:17:5)
      at Object.<anonymous> (src/profile/profile.test.tsx:302:9)

    console.error
      Warning: An update to ProfilePage inside a test was not wrapped in 
act(...).
      
      When testing, code that causes React state updates should be wrapped 
into act(...):
      
      act(() => {
        /* fire events that update state */
      });
      /* assert on the output */
      
      This ensures that you're testing the behavior the user would see in the 
browser. Learn more at https://reactjs.org/link/wrap-tests-with-act
          at ProfilePage 
(C:\Users\samhe\OneDrive\Desktop\Cleaned\frontend\src\profile\index.tsx:25:41)
          at basenameProp (C:\Users\samhe\OneDrive\Desktop\Cleaned\frontend\nod
e_modules\react-router\lib\components.tsx:421:13)
          at basename (C:\Users\samhe\OneDrive\Desktop\Cleaned\frontend\node_mo
dules\react-router\lib\components.tsx:225:3)

      196 |               className="border border-gray-300 rounded-md px-3 
py-2 text-sm"
      197 |               value={confirmPassword}
    > 198 |               onChange={e => setConfirmPassword(e.target.value)}
          |                              ^
      199 |             />
      200 |             {confirmPassword && !passwordsMatch && (
      201 |               <p className="text-sm text-red-600">Passwords do not 
match</p>

      at printWarning 
(node_modules/react-dom/cjs/react-dom.development.js:86:30)
      at error (node_modules/react-dom/cjs/react-dom.development.js:60:7)
      at warnIfUpdatesNotWrappedWithActDEV 
(node_modules/react-dom/cjs/react-dom.development.js:27628:9)
      at scheduleUpdateOnFiber 
(node_modules/react-dom/cjs/react-dom.development.js:25547:5)
      at dispatchSetState 
(node_modules/react-dom/cjs/react-dom.development.js:16708:7)
      at onChange (src/profile/index.tsx:198:30)
      at HTMLUnknownElement.callCallback 
(node_modules/react-dom/cjs/react-dom.development.js:4164:14)
      at HTMLUnknownElement.callTheUserObjectsOperation 
(node_modules/jsdom/lib/jsdom/living/generated/EventListener.js:26:30)
      at innerInvokeEventListeners 
(node_modules/jsdom/lib/jsdom/living/events/EventTarget-impl.js:350:25)
      at invokeEventListeners 
(node_modules/jsdom/lib/jsdom/living/events/EventTarget-impl.js:286:3)
      at HTMLUnknownElementImpl._dispatch 
(node_modules/jsdom/lib/jsdom/living/events/EventTarget-impl.js:233:9)
      at HTMLUnknownElementImpl.dispatchEvent 
(node_modules/jsdom/lib/jsdom/living/events/EventTarget-impl.js:104:17)
      at HTMLUnknownElement.dispatchEvent 
(node_modules/jsdom/lib/jsdom/living/generated/EventTarget.js:241:34)
      at Object.invokeGuardedCallbackDev 
(node_modules/react-dom/cjs/react-dom.development.js:4213:16)
      at invokeGuardedCallback 
(node_modules/react-dom/cjs/react-dom.development.js:4277:31)
      at invokeGuardedCallbackAndCatchFirstError 
(node_modules/react-dom/cjs/react-dom.development.js:4291:25)
      at executeDispatch 
(node_modules/react-dom/cjs/react-dom.development.js:9041:3)
      at processDispatchQueueItemsInOrder 
(node_modules/react-dom/cjs/react-dom.development.js:9073:7)
      at processDispatchQueue 
(node_modules/react-dom/cjs/react-dom.development.js:9086:5)
      at dispatchEventsForPlugins 
(node_modules/react-dom/cjs/react-dom.development.js:9097:3)
      at node_modules/react-dom/cjs/react-dom.development.js:9288:12
      at batchedUpdates$1 
(node_modules/react-dom/cjs/react-dom.development.js:26179:12)
      at batchedUpdates 
(node_modules/react-dom/cjs/react-dom.development.js:3991:12)
      at dispatchEventForPluginEventSystem 
(node_modules/react-dom/cjs/react-dom.development.js:9287:3)
      at dispatchEventWithEnableCapturePhaseSelectiveHydrationWithoutDiscreteEv
entReplay (node_modules/react-dom/cjs/react-dom.development.js:6465:5)
      at dispatchEvent 
(node_modules/react-dom/cjs/react-dom.development.js:6457:5)
      at dispatchDiscreteEvent 
(node_modules/react-dom/cjs/react-dom.development.js:6430:5)
      at HTMLDivElement.callTheUserObjectsOperation 
(node_modules/jsdom/lib/jsdom/living/generated/EventListener.js:26:30)
      at innerInvokeEventListeners 
(node_modules/jsdom/lib/jsdom/living/events/EventTarget-impl.js:350:25)
      at invokeEventListeners 
(node_modules/jsdom/lib/jsdom/living/events/EventTarget-impl.js:286:3)
      at HTMLInputElementImpl._dispatch 
(node_modules/jsdom/lib/jsdom/living/events/EventTarget-impl.js:233:9)
      at HTMLInputElementImpl.dispatchEvent 
(node_modules/jsdom/lib/jsdom/living/events/EventTarget-impl.js:104:17)
      at HTMLInputElement.dispatchEvent 
(node_modules/jsdom/lib/jsdom/living/generated/EventTarget.js:241:34)
      at 
node_modules/@testing-library/user-event/dist/cjs/event/dispatchEvent.js:45:43
      at Object.eventWrapper 
(node_modules/@testing-library/dom/dist/config.js:25:23)
      at Object.wrapEvent 
(node_modules/@testing-library/user-event/dist/cjs/event/wrapEvent.js:6:28)
      at Object.dispatchEvent (node_modules/@testing-library/user-event/dist/cj
s/event/dispatchEvent.js:45:22)
      at Object.dispatchUIEvent (node_modules/@testing-library/user-event/dist/
cjs/event/dispatchEvent.js:22:26)
      at commitInput 
(node_modules/@testing-library/user-event/dist/cjs/event/input.js:145:14)
      at editInputElement 
(node_modules/@testing-library/user-event/dist/cjs/event/input.js:115:9)
      at Object.input 
(node_modules/@testing-library/user-event/dist/cjs/event/input.js:37:9)
      at node_modules/@testing-library/user-event/dist/cjs/event/behavior/keypr
ess.js:31:26
      at Object.dispatchEvent (node_modules/@testing-library/user-event/dist/cj
s/event/dispatchEvent.js:41:13)
      at Object.dispatchUIEvent (node_modules/@testing-library/user-event/dist/
cjs/event/dispatchEvent.js:22:26)
      at KeyboardHost.keydown 
(node_modules/@testing-library/user-event/dist/cjs/system/keyboard.js:76:22)
      at keyboardAction 
(node_modules/@testing-library/user-event/dist/cjs/keyboard/index.js:22:35)
      at Object.keyboard 
(node_modules/@testing-library/user-event/dist/cjs/keyboard/index.js:11:15)
      at Object.type 
(node_modules/@testing-library/user-event/dist/cjs/utility/type.js:17:5)
      at Object.<anonymous> (src/profile/profile.test.tsx:302:9)

    console.error
      Warning: An update to ProfilePage inside a test was not wrapped in 
act(...).
      
      When testing, code that causes React state updates should be wrapped 
into act(...):
      
      act(() => {
        /* fire events that update state */
      });
      /* assert on the output */
      
      This ensures that you're testing the behavior the user would see in the 
browser. Learn more at https://reactjs.org/link/wrap-tests-with-act
          at ProfilePage 
(C:\Users\samhe\OneDrive\Desktop\Cleaned\frontend\src\profile\index.tsx:25:41)
          at basenameProp (C:\Users\samhe\OneDrive\Desktop\Cleaned\frontend\nod
e_modules\react-router\lib\components.tsx:421:13)
          at basename (C:\Users\samhe\OneDrive\Desktop\Cleaned\frontend\node_mo
dules\react-router\lib\components.tsx:225:3)

      196 |               className="border border-gray-300 rounded-md px-3 
py-2 text-sm"
      197 |               value={confirmPassword}
    > 198 |               onChange={e => setConfirmPassword(e.target.value)}
          |                              ^
      199 |             />
      200 |             {confirmPassword && !passwordsMatch && (
      201 |               <p className="text-sm text-red-600">Passwords do not 
match</p>

      at printWarning 
(node_modules/react-dom/cjs/react-dom.development.js:86:30)
      at error (node_modules/react-dom/cjs/react-dom.development.js:60:7)
      at warnIfUpdatesNotWrappedWithActDEV 
(node_modules/react-dom/cjs/react-dom.development.js:27628:9)
      at scheduleUpdateOnFiber 
(node_modules/react-dom/cjs/react-dom.development.js:25547:5)
      at dispatchSetState 
(node_modules/react-dom/cjs/react-dom.development.js:16708:7)
      at onChange (src/profile/index.tsx:198:30)
      at HTMLUnknownElement.callCallback 
(node_modules/react-dom/cjs/react-dom.development.js:4164:14)
      at HTMLUnknownElement.callTheUserObjectsOperation 
(node_modules/jsdom/lib/jsdom/living/generated/EventListener.js:26:30)
      at innerInvokeEventListeners 
(node_modules/jsdom/lib/jsdom/living/events/EventTarget-impl.js:350:25)
      at invokeEventListeners 
(node_modules/jsdom/lib/jsdom/living/events/EventTarget-impl.js:286:3)
      at HTMLUnknownElementImpl._dispatch 
(node_modules/jsdom/lib/jsdom/living/events/EventTarget-impl.js:233:9)
      at HTMLUnknownElementImpl.dispatchEvent 
(node_modules/jsdom/lib/jsdom/living/events/EventTarget-impl.js:104:17)
      at HTMLUnknownElement.dispatchEvent 
(node_modules/jsdom/lib/jsdom/living/generated/EventTarget.js:241:34)
      at Object.invokeGuardedCallbackDev 
(node_modules/react-dom/cjs/react-dom.development.js:4213:16)
      at invokeGuardedCallback 
(node_modules/react-dom/cjs/react-dom.development.js:4277:31)
      at invokeGuardedCallbackAndCatchFirstError 
(node_modules/react-dom/cjs/react-dom.development.js:4291:25)
      at executeDispatch 
(node_modules/react-dom/cjs/react-dom.development.js:9041:3)
      at processDispatchQueueItemsInOrder 
(node_modules/react-dom/cjs/react-dom.development.js:9073:7)
      at processDispatchQueue 
(node_modules/react-dom/cjs/react-dom.development.js:9086:5)
      at dispatchEventsForPlugins 
(node_modules/react-dom/cjs/react-dom.development.js:9097:3)
      at node_modules/react-dom/cjs/react-dom.development.js:9288:12
      at batchedUpdates$1 
(node_modules/react-dom/cjs/react-dom.development.js:26179:12)
      at batchedUpdates 
(node_modules/react-dom/cjs/react-dom.development.js:3991:12)
      at dispatchEventForPluginEventSystem 
(node_modules/react-dom/cjs/react-dom.development.js:9287:3)
      at dispatchEventWithEnableCapturePhaseSelectiveHydrationWithoutDiscreteEv
entReplay (node_modules/react-dom/cjs/react-dom.development.js:6465:5)
      at dispatchEvent 
(node_modules/react-dom/cjs/react-dom.development.js:6457:5)
      at dispatchDiscreteEvent 
(node_modules/react-dom/cjs/react-dom.development.js:6430:5)
      at HTMLDivElement.callTheUserObjectsOperation 
(node_modules/jsdom/lib/jsdom/living/generated/EventListener.js:26:30)
      at innerInvokeEventListeners 
(node_modules/jsdom/lib/jsdom/living/events/EventTarget-impl.js:350:25)
      at invokeEventListeners 
(node_modules/jsdom/lib/jsdom/living/events/EventTarget-impl.js:286:3)
      at HTMLInputElementImpl._dispatch 
(node_modules/jsdom/lib/jsdom/living/events/EventTarget-impl.js:233:9)
      at HTMLInputElementImpl.dispatchEvent 
(node_modules/jsdom/lib/jsdom/living/events/EventTarget-impl.js:104:17)
      at HTMLInputElement.dispatchEvent 
(node_modules/jsdom/lib/jsdom/living/generated/EventTarget.js:241:34)
      at 
node_modules/@testing-library/user-event/dist/cjs/event/dispatchEvent.js:45:43
      at Object.eventWrapper 
(node_modules/@testing-library/dom/dist/config.js:25:23)
      at Object.wrapEvent 
(node_modules/@testing-library/user-event/dist/cjs/event/wrapEvent.js:6:28)
      at Object.dispatchEvent (node_modules/@testing-library/user-event/dist/cj
s/event/dispatchEvent.js:45:22)
      at Object.dispatchUIEvent (node_modules/@testing-library/user-event/dist/
cjs/event/dispatchEvent.js:22:26)
      at commitInput 
(node_modules/@testing-library/user-event/dist/cjs/event/input.js:145:14)
      at editInputElement 
(node_modules/@testing-library/user-event/dist/cjs/event/input.js:115:9)
      at Object.input 
(node_modules/@testing-library/user-event/dist/cjs/event/input.js:37:9)
      at node_modules/@testing-library/user-event/dist/cjs/event/behavior/keypr
ess.js:31:26
      at Object.dispatchEvent (node_modules/@testing-library/user-event/dist/cj
s/event/dispatchEvent.js:41:13)
      at Object.dispatchUIEvent (node_modules/@testing-library/user-event/dist/
cjs/event/dispatchEvent.js:22:26)
      at KeyboardHost.keydown 
(node_modules/@testing-library/user-event/dist/cjs/system/keyboard.js:76:22)
      at keyboardAction 
(node_modules/@testing-library/user-event/dist/cjs/keyboard/index.js:22:35)
      at Object.keyboard 
(node_modules/@testing-library/user-event/dist/cjs/keyboard/index.js:11:15)
      at Object.type 
(node_modules/@testing-library/user-event/dist/cjs/utility/type.js:17:5)
      at Object.<anonymous> (src/profile/profile.test.tsx:302:9)

    console.error
      Warning: An update to ProfilePage inside a test was not wrapped in 
act(...).
      
      When testing, code that causes React state updates should be wrapped 
into act(...):
      
      act(() => {
        /* fire events that update state */
      });
      /* assert on the output */
      
      This ensures that you're testing the behavior the user would see in the 
browser. Learn more at https://reactjs.org/link/wrap-tests-with-act
          at ProfilePage 
(C:\Users\samhe\OneDrive\Desktop\Cleaned\frontend\src\profile\index.tsx:25:41)
          at basenameProp (C:\Users\samhe\OneDrive\Desktop\Cleaned\frontend\nod
e_modules\react-router\lib\components.tsx:421:13)
          at basename (C:\Users\samhe\OneDrive\Desktop\Cleaned\frontend\node_mo
dules\react-router\lib\components.tsx:225:3)

      196 |               className="border border-gray-300 rounded-md px-3 
py-2 text-sm"
      197 |               value={confirmPassword}
    > 198 |               onChange={e => setConfirmPassword(e.target.value)}
          |                              ^
      199 |             />
      200 |             {confirmPassword && !passwordsMatch && (
      201 |               <p className="text-sm text-red-600">Passwords do not 
match</p>

      at printWarning 
(node_modules/react-dom/cjs/react-dom.development.js:86:30)
      at error (node_modules/react-dom/cjs/react-dom.development.js:60:7)
      at warnIfUpdatesNotWrappedWithActDEV 
(node_modules/react-dom/cjs/react-dom.development.js:27628:9)
      at scheduleUpdateOnFiber 
(node_modules/react-dom/cjs/react-dom.development.js:25547:5)
      at dispatchSetState 
(node_modules/react-dom/cjs/react-dom.development.js:16708:7)
      at onChange (src/profile/index.tsx:198:30)
      at HTMLUnknownElement.callCallback 
(node_modules/react-dom/cjs/react-dom.development.js:4164:14)
      at HTMLUnknownElement.callTheUserObjectsOperation 
(node_modules/jsdom/lib/jsdom/living/generated/EventListener.js:26:30)
      at innerInvokeEventListeners 
(node_modules/jsdom/lib/jsdom/living/events/EventTarget-impl.js:350:25)
      at invokeEventListeners 
(node_modules/jsdom/lib/jsdom/living/events/EventTarget-impl.js:286:3)
      at HTMLUnknownElementImpl._dispatch 
(node_modules/jsdom/lib/jsdom/living/events/EventTarget-impl.js:233:9)
      at HTMLUnknownElementImpl.dispatchEvent 
(node_modules/jsdom/lib/jsdom/living/events/EventTarget-impl.js:104:17)
      at HTMLUnknownElement.dispatchEvent 
(node_modules/jsdom/lib/jsdom/living/generated/EventTarget.js:241:34)
      at Object.invokeGuardedCallbackDev 
(node_modules/react-dom/cjs/react-dom.development.js:4213:16)
      at invokeGuardedCallback 
(node_modules/react-dom/cjs/react-dom.development.js:4277:31)
      at invokeGuardedCallbackAndCatchFirstError 
(node_modules/react-dom/cjs/react-dom.development.js:4291:25)
      at executeDispatch 
(node_modules/react-dom/cjs/react-dom.development.js:9041:3)
      at processDispatchQueueItemsInOrder 
(node_modules/react-dom/cjs/react-dom.development.js:9073:7)
      at processDispatchQueue 
(node_modules/react-dom/cjs/react-dom.development.js:9086:5)
      at dispatchEventsForPlugins 
(node_modules/react-dom/cjs/react-dom.development.js:9097:3)
      at node_modules/react-dom/cjs/react-dom.development.js:9288:12
      at batchedUpdates$1 
(node_modules/react-dom/cjs/react-dom.development.js:26179:12)
      at batchedUpdates 
(node_modules/react-dom/cjs/react-dom.development.js:3991:12)
      at dispatchEventForPluginEventSystem 
(node_modules/react-dom/cjs/react-dom.development.js:9287:3)
      at dispatchEventWithEnableCapturePhaseSelectiveHydrationWithoutDiscreteEv
entReplay (node_modules/react-dom/cjs/react-dom.development.js:6465:5)
      at dispatchEvent 
(node_modules/react-dom/cjs/react-dom.development.js:6457:5)
      at dispatchDiscreteEvent 
(node_modules/react-dom/cjs/react-dom.development.js:6430:5)
      at HTMLDivElement.callTheUserObjectsOperation 
(node_modules/jsdom/lib/jsdom/living/generated/EventListener.js:26:30)
      at innerInvokeEventListeners 
(node_modules/jsdom/lib/jsdom/living/events/EventTarget-impl.js:350:25)
      at invokeEventListeners 
(node_modules/jsdom/lib/jsdom/living/events/EventTarget-impl.js:286:3)
      at HTMLInputElementImpl._dispatch 
(node_modules/jsdom/lib/jsdom/living/events/EventTarget-impl.js:233:9)
      at HTMLInputElementImpl.dispatchEvent 
(node_modules/jsdom/lib/jsdom/living/events/EventTarget-impl.js:104:17)
      at HTMLInputElement.dispatchEvent 
(node_modules/jsdom/lib/jsdom/living/generated/EventTarget.js:241:34)
      at 
node_modules/@testing-library/user-event/dist/cjs/event/dispatchEvent.js:45:43
      at Object.eventWrapper 
(node_modules/@testing-library/dom/dist/config.js:25:23)
      at Object.wrapEvent 
(node_modules/@testing-library/user-event/dist/cjs/event/wrapEvent.js:6:28)
      at Object.dispatchEvent (node_modules/@testing-library/user-event/dist/cj
s/event/dispatchEvent.js:45:22)
      at Object.dispatchUIEvent (node_modules/@testing-library/user-event/dist/
cjs/event/dispatchEvent.js:22:26)
      at commitInput 
(node_modules/@testing-library/user-event/dist/cjs/event/input.js:145:14)
      at editInputElement 
(node_modules/@testing-library/user-event/dist/cjs/event/input.js:115:9)
      at Object.input 
(node_modules/@testing-library/user-event/dist/cjs/event/input.js:37:9)
      at node_modules/@testing-library/user-event/dist/cjs/event/behavior/keypr
ess.js:31:26
      at Object.dispatchEvent (node_modules/@testing-library/user-event/dist/cj
s/event/dispatchEvent.js:41:13)
      at Object.dispatchUIEvent (node_modules/@testing-library/user-event/dist/
cjs/event/dispatchEvent.js:22:26)
      at KeyboardHost.keydown 
(node_modules/@testing-library/user-event/dist/cjs/system/keyboard.js:76:22)
      at keyboardAction 
(node_modules/@testing-library/user-event/dist/cjs/keyboard/index.js:22:35)
      at Object.keyboard 
(node_modules/@testing-library/user-event/dist/cjs/keyboard/index.js:11:15)
      at Object.type 
(node_modules/@testing-library/user-event/dist/cjs/utility/type.js:17:5)
      at Object.<anonymous> (src/profile/profile.test.tsx:302:9)

    console.error
      Warning: An update to ProfilePage inside a test was not wrapped in 
act(...).
      
      When testing, code that causes React state updates should be wrapped 
into act(...):
      
      act(() => {
        /* fire events that update state */
      });
      /* assert on the output */
      
      This ensures that you're testing the behavior the user would see in the 
browser. Learn more at https://reactjs.org/link/wrap-tests-with-act
          at ProfilePage 
(C:\Users\samhe\OneDrive\Desktop\Cleaned\frontend\src\profile\index.tsx:25:41)
          at basenameProp (C:\Users\samhe\OneDrive\Desktop\Cleaned\frontend\nod
e_modules\react-router\lib\components.tsx:421:13)
          at basename (C:\Users\samhe\OneDrive\Desktop\Cleaned\frontend\node_mo
dules\react-router\lib\components.tsx:225:3)

      79 |
      80 |   async function handleChangePassword() {
    > 81 |     setPasswordError('')
         |     ^
      82 |     try {
      83 |       await apiClient.post('/api/auth/change-password', { 
currentPassword, newPassword })
      84 |       addNotification('Password changed successfully', 'success')

      at printWarning 
(node_modules/react-dom/cjs/react-dom.development.js:86:30)
      at error (node_modules/react-dom/cjs/react-dom.development.js:60:7)
      at warnIfUpdatesNotWrappedWithActDEV 
(node_modules/react-dom/cjs/react-dom.development.js:27628:9)
      at scheduleUpdateOnFiber 
(node_modules/react-dom/cjs/react-dom.development.js:25547:5)
      at dispatchSetState 
(node_modules/react-dom/cjs/react-dom.development.js:16708:7)
      at handleChangePassword (src/profile/index.tsx:81:5)
      at HTMLUnknownElement.callCallback 
(node_modules/react-dom/cjs/react-dom.development.js:4164:14)
      at HTMLUnknownElement.callTheUserObjectsOperation 
(node_modules/jsdom/lib/jsdom/living/generated/EventListener.js:26:30)
      at innerInvokeEventListeners 
(node_modules/jsdom/lib/jsdom/living/events/EventTarget-impl.js:350:25)
      at invokeEventListeners 
(node_modules/jsdom/lib/jsdom/living/events/EventTarget-impl.js:286:3)
      at HTMLUnknownElementImpl._dispatch 
(node_modules/jsdom/lib/jsdom/living/events/EventTarget-impl.js:233:9)
      at HTMLUnknownElementImpl.dispatchEvent 
(node_modules/jsdom/lib/jsdom/living/events/EventTarget-impl.js:104:17)
      at HTMLUnknownElement.dispatchEvent 
(node_modules/jsdom/lib/jsdom/living/generated/EventTarget.js:241:34)
      at Object.invokeGuardedCallbackDev 
(node_modules/react-dom/cjs/react-dom.development.js:4213:16)
      at invokeGuardedCallback 
(node_modules/react-dom/cjs/react-dom.development.js:4277:31)
      at invokeGuardedCallbackAndCatchFirstError 
(node_modules/react-dom/cjs/react-dom.development.js:4291:25)
      at executeDispatch 
(node_modules/react-dom/cjs/react-dom.development.js:9041:3)
      at processDispatchQueueItemsInOrder 
(node_modules/react-dom/cjs/react-dom.development.js:9073:7)
      at processDispatchQueue 
(node_modules/react-dom/cjs/react-dom.development.js:9086:5)
      at dispatchEventsForPlugins 
(node_modules/react-dom/cjs/react-dom.development.js:9097:3)
      at node_modules/react-dom/cjs/react-dom.development.js:9288:12
      at batchedUpdates$1 
(node_modules/react-dom/cjs/react-dom.development.js:26179:12)
      at batchedUpdates 
(node_modules/react-dom/cjs/react-dom.development.js:3991:12)
      at dispatchEventForPluginEventSystem 
(node_modules/react-dom/cjs/react-dom.development.js:9287:3)
      at dispatchEventWithEnableCapturePhaseSelectiveHydrationWithoutDiscreteEv
entReplay (node_modules/react-dom/cjs/react-dom.development.js:6465:5)
      at dispatchEvent 
(node_modules/react-dom/cjs/react-dom.development.js:6457:5)
      at dispatchDiscreteEvent 
(node_modules/react-dom/cjs/react-dom.development.js:6430:5)
      at HTMLDivElement.callTheUserObjectsOperation 
(node_modules/jsdom/lib/jsdom/living/generated/EventListener.js:26:30)
      at innerInvokeEventListeners 
(node_modules/jsdom/lib/jsdom/living/events/EventTarget-impl.js:350:25)
      at invokeEventListeners 
(node_modules/jsdom/lib/jsdom/living/events/EventTarget-impl.js:286:3)
      at HTMLButtonElementImpl._dispatch 
(node_modules/jsdom/lib/jsdom/living/events/EventTarget-impl.js:233:9)
      at HTMLButtonElementImpl.dispatchEvent 
(node_modules/jsdom/lib/jsdom/living/events/EventTarget-impl.js:104:17)
      at HTMLButtonElement.dispatchEvent 
(node_modules/jsdom/lib/jsdom/living/generated/EventTarget.js:241:34)
      at 
node_modules/@testing-library/user-event/dist/cjs/event/dispatchEvent.js:45:43
      at Object.eventWrapper 
(node_modules/@testing-library/dom/dist/config.js:25:23)
      at Object.wrapEvent 
(node_modules/@testing-library/user-event/dist/cjs/event/wrapEvent.js:6:28)
      at Object.dispatchEvent (node_modules/@testing-library/user-event/dist/cj
s/event/dispatchEvent.js:45:22)
      at Object.dispatchUIEvent (node_modules/@testing-library/user-event/dist/
cjs/event/dispatchEvent.js:22:26)
      at Mouse.up (node_modules/@testing-library/user-event/dist/cjs/system/poi
nter/mouse.js:100:30)
      at PointerHost.release (node_modules/@testing-library/user-event/dist/cjs
/system/pointer/index.js:87:24)
      at pointerAction 
(node_modules/@testing-library/user-event/dist/cjs/pointer/index.js:54:47)
      at Object.pointer 
(node_modules/@testing-library/user-event/dist/cjs/pointer/index.js:27:9)
      at Object.<anonymous> (src/profile/profile.test.tsx:304:9)

    console.error
      Warning: An update to ProfilePage inside a test was not wrapped in 
act(...).
      
      When testing, code that causes React state updates should be wrapped 
into act(...):
      
      act(() => {
        /* fire events that update state */
      });
      /* assert on the output */
      
      This ensures that you're testing the behavior the user would see in the 
browser. Learn more at https://reactjs.org/link/wrap-tests-with-act
          at ProfilePage 
(C:\Users\samhe\OneDrive\Desktop\Cleaned\frontend\src\profile\index.tsx:25:41)
          at basenameProp (C:\Users\samhe\OneDrive\Desktop\Cleaned\frontend\nod
e_modules\react-router\lib\components.tsx:421:13)
          at basename (C:\Users\samhe\OneDrive\Desktop\Cleaned\frontend\node_mo
dules\react-router\lib\components.tsx:225:3)

      88 |     } catch (err: any) {
      89 |       if (err?.status === 401) {
    > 90 |         setPasswordError('Current password is incorrect')
         |         ^
      91 |       } else {
      92 |         addNotification('Failed to change password', 'error')
      93 |       }

      at printWarning 
(node_modules/react-dom/cjs/react-dom.development.js:86:30)
      at error (node_modules/react-dom/cjs/react-dom.development.js:60:7)
      at warnIfUpdatesNotWrappedWithActDEV 
(node_modules/react-dom/cjs/react-dom.development.js:27628:9)
      at scheduleUpdateOnFiber 
(node_modules/react-dom/cjs/react-dom.development.js:25547:5)
      at dispatchSetState 
(node_modules/react-dom/cjs/react-dom.development.js:16708:7)
      at handleChangePassword (src/profile/index.tsx:90:9)

PASS src/quotes/quotes.test.tsx (20.505 s)
  ÔùÅ Console

    console.warn
      ÔÜá´©Å React Router Future Flag Warning: React Router will begin 
wrapping state updates in `React.startTransition` in v7. You can use the 
`v7_startTransition` future flag to opt-in early. For more information, see 
https://reactrouter.com/v6/upgrading/future#v7_starttransition.

      277 |     // REQ-QUO-FE-F-001
      278 |     test('T-quotes-list-R01 ÔÇö renders Quotes heading without 
crash', async () => {
    > 279 |         render(<MemoryRouter><QuotesListPage /></MemoryRouter>)
          |               ^
      280 |         await waitFor(() =>
      281 |             expect(screen.getByRole('heading', { name: /quotes/i 
})).toBeInTheDocument()
      282 |         )

      at warn (node_modules/react-router/lib/deprecations.ts:9:13)
      at warnOnce (node_modules/react-router/lib/deprecations.ts:14:3)
      at logDeprecation (node_modules/react-router/lib/deprecations.ts:26:5)
      at logV6DeprecationWarnings 
(node_modules/react-router/lib/components.tsx:257:25)
      at commitHookEffectListMount 
(node_modules/react-dom/cjs/react-dom.development.js:23189:26)
      at commitPassiveMountOnFiber 
(node_modules/react-dom/cjs/react-dom.development.js:24970:11)
      at commitPassiveMountEffects_complete 
(node_modules/react-dom/cjs/react-dom.development.js:24930:9)
      at commitPassiveMountEffects_begin 
(node_modules/react-dom/cjs/react-dom.development.js:24917:7)
      at commitPassiveMountEffects 
(node_modules/react-dom/cjs/react-dom.development.js:24905:3)
      at flushPassiveEffectsImpl 
(node_modules/react-dom/cjs/react-dom.development.js:27078:3)
      at flushPassiveEffects 
(node_modules/react-dom/cjs/react-dom.development.js:27023:14)
      at node_modules/react-dom/cjs/react-dom.development.js:26808:9
      at flushActQueue (node_modules/react/cjs/react.development.js:2667:24)
      at act (node_modules/react/cjs/react.development.js:2582:11)
      at node_modules/@testing-library/react/dist/act-compat.js:47:25
      at renderRoot (node_modules/@testing-library/react/dist/pure.js:180:26)
      at render (node_modules/@testing-library/react/dist/pure.js:271:10)
      at Object.<anonymous> (src/quotes/quotes.test.tsx:279:15)

    console.warn
      ÔÜá´©Å React Router Future Flag Warning: Relative route resolution 
within Splat routes is changing in v7. You can use the `v7_relativeSplatPath` 
future flag to opt-in early. For more information, see 
https://reactrouter.com/v6/upgrading/future#v7_relativesplatpath.

      277 |     // REQ-QUO-FE-F-001
      278 |     test('T-quotes-list-R01 ÔÇö renders Quotes heading without 
crash', async () => {
    > 279 |         render(<MemoryRouter><QuotesListPage /></MemoryRouter>)
          |               ^
      280 |         await waitFor(() =>
      281 |             expect(screen.getByRole('heading', { name: /quotes/i 
})).toBeInTheDocument()
      282 |         )

      at warn (node_modules/react-router/lib/deprecations.ts:9:13)
      at warnOnce (node_modules/react-router/lib/deprecations.ts:14:3)
      at logDeprecation (node_modules/react-router/lib/deprecations.ts:37:5)
      at logV6DeprecationWarnings 
(node_modules/react-router/lib/components.tsx:257:25)
      at commitHookEffectListMount 
(node_modules/react-dom/cjs/react-dom.development.js:23189:26)
      at commitPassiveMountOnFiber 
(node_modules/react-dom/cjs/react-dom.development.js:24970:11)
      at commitPassiveMountEffects_complete 
(node_modules/react-dom/cjs/react-dom.development.js:24930:9)
      at commitPassiveMountEffects_begin 
(node_modules/react-dom/cjs/react-dom.development.js:24917:7)
      at commitPassiveMountEffects 
(node_modules/react-dom/cjs/react-dom.development.js:24905:3)
      at flushPassiveEffectsImpl 
(node_modules/react-dom/cjs/react-dom.development.js:27078:3)
      at flushPassiveEffects 
(node_modules/react-dom/cjs/react-dom.development.js:27023:14)
      at node_modules/react-dom/cjs/react-dom.development.js:26808:9
      at flushActQueue (node_modules/react/cjs/react.development.js:2667:24)
      at act (node_modules/react/cjs/react.development.js:2582:11)
      at node_modules/@testing-library/react/dist/act-compat.js:47:25
      at renderRoot (node_modules/@testing-library/react/dist/pure.js:180:26)
      at render (node_modules/@testing-library/react/dist/pure.js:271:10)
      at Object.<anonymous> (src/quotes/quotes.test.tsx:279:15)

FAIL src/policies/__tests__/PoliciesPages.test.tsx (19.571 s)
  ÔùÅ Console

    console.warn
      ÔÜá´©Å React Router Future Flag Warning: React Router will begin 
wrapping state updates in `React.startTransition` in v7. You can use the 
`v7_startTransition` future flag to opt-in early. For more information, see 
https://reactrouter.com/v6/upgrading/future#v7_starttransition.

      278 |
      279 | function renderPoliciesListPage() {
    > 280 |     return render(<MemoryRouter 
initialEntries={['/policies']}><PoliciesListPage /></MemoryRouter>)
          |                  ^
      281 | }
      282 |
      283 | function renderPolicyViewPage(id = '1') {

      at warn (node_modules/react-router/lib/deprecations.ts:9:13)
      at warnOnce (node_modules/react-router/lib/deprecations.ts:14:3)
      at logDeprecation (node_modules/react-router/lib/deprecations.ts:26:5)
      at logV6DeprecationWarnings 
(node_modules/react-router/lib/components.tsx:257:25)
      at commitHookEffectListMount 
(node_modules/react-dom/cjs/react-dom.development.js:23189:26)
      at commitPassiveMountOnFiber 
(node_modules/react-dom/cjs/react-dom.development.js:24970:11)
      at commitPassiveMountEffects_complete 
(node_modules/react-dom/cjs/react-dom.development.js:24930:9)
      at commitPassiveMountEffects_begin 
(node_modules/react-dom/cjs/react-dom.development.js:24917:7)
      at commitPassiveMountEffects 
(node_modules/react-dom/cjs/react-dom.development.js:24905:3)
      at flushPassiveEffectsImpl 
(node_modules/react-dom/cjs/react-dom.development.js:27078:3)
      at flushPassiveEffects 
(node_modules/react-dom/cjs/react-dom.development.js:27023:14)
      at node_modules/react-dom/cjs/react-dom.development.js:26808:9
      at flushActQueue (node_modules/react/cjs/react.development.js:2667:24)
      at act (node_modules/react/cjs/react.development.js:2582:11)
      at node_modules/@testing-library/react/dist/act-compat.js:47:25
      at renderRoot (node_modules/@testing-library/react/dist/pure.js:180:26)
      at render (node_modules/@testing-library/react/dist/pure.js:271:10)
      at renderPoliciesListPage 
(src/policies/__tests__/PoliciesPages.test.tsx:280:18)
      at Object.<anonymous> 
(src/policies/__tests__/PoliciesPages.test.tsx:385:9)

    console.warn
      ÔÜá´©Å React Router Future Flag Warning: Relative route resolution 
within Splat routes is changing in v7. You can use the `v7_relativeSplatPath` 
future flag to opt-in early. For more information, see 
https://reactrouter.com/v6/upgrading/future#v7_relativesplatpath.

      278 |
      279 | function renderPoliciesListPage() {
    > 280 |     return render(<MemoryRouter 
initialEntries={['/policies']}><PoliciesListPage /></MemoryRouter>)
          |                  ^
      281 | }
      282 |
      283 | function renderPolicyViewPage(id = '1') {

      at warn (node_modules/react-router/lib/deprecations.ts:9:13)
      at warnOnce (node_modules/react-router/lib/deprecations.ts:14:3)
      at logDeprecation (node_modules/react-router/lib/deprecations.ts:37:5)
      at logV6DeprecationWarnings 
(node_modules/react-router/lib/components.tsx:257:25)
      at commitHookEffectListMount 
(node_modules/react-dom/cjs/react-dom.development.js:23189:26)
      at commitPassiveMountOnFiber 
(node_modules/react-dom/cjs/react-dom.development.js:24970:11)
      at commitPassiveMountEffects_complete 
(node_modules/react-dom/cjs/react-dom.development.js:24930:9)
      at commitPassiveMountEffects_begin 
(node_modules/react-dom/cjs/react-dom.development.js:24917:7)
      at commitPassiveMountEffects 
(node_modules/react-dom/cjs/react-dom.development.js:24905:3)
      at flushPassiveEffectsImpl 
(node_modules/react-dom/cjs/react-dom.development.js:27078:3)
      at flushPassiveEffects 
(node_modules/react-dom/cjs/react-dom.development.js:27023:14)
      at node_modules/react-dom/cjs/react-dom.development.js:26808:9
      at flushActQueue (node_modules/react/cjs/react.development.js:2667:24)
      at act (node_modules/react/cjs/react.development.js:2582:11)
      at node_modules/@testing-library/react/dist/act-compat.js:47:25
      at renderRoot (node_modules/@testing-library/react/dist/pure.js:180:26)
      at render (node_modules/@testing-library/react/dist/pure.js:271:10)
      at renderPoliciesListPage 
(src/policies/__tests__/PoliciesPages.test.tsx:280:18)
      at Object.<anonymous> 
(src/policies/__tests__/PoliciesPages.test.tsx:385:9)

  ÔùÅ PolicyViewPage ÔÇ║ T-POL-FE-F-R007 ÔÇö Sections tab renders column 
headers and section row

    thrown: "Exceeded timeout of 5000 ms for a test.
    Add a timeout value to this test to increase the timeout, if this is a 
long-running test. See https://jestjs.io/docs/api#testname-fn-timeout."

      543 |
      544 |     // REQ-POL-FE-F-007
    > 545 |     test('T-POL-FE-F-R007 ÔÇö Sections tab renders column headers 
and section row', async () => {
          |     ^
      546 |         
mockGetPolicySections.mockResolvedValue([makePolicySection()])
      547 |         renderPolicyViewPage()
      548 |         await waitFor(() => 
expect(mockGetPolicySections).toHaveBeenCalled())

      at src/policies/__tests__/PoliciesPages.test.tsx:545:5
      at Object.<anonymous> 
(src/policies/__tests__/PoliciesPages.test.tsx:426:1)

PASS src/auth/auth.test.tsx (23.977 s)
  ÔùÅ Console

    console.warn
      ÔÜá´©Å React Router Future Flag Warning: React Router will begin 
wrapping state updates in `React.startTransition` in v7. You can use the 
`v7_startTransition` future flag to opt-in early. For more information, see 
https://reactrouter.com/v6/upgrading/future#v7_starttransition.

      63 |     ; (isAuthenticated as 
jest.Mock).mockReturnValue(initialAuthenticated)
      64 |     const { default: LoginPage } = require('./LoginPage')
    > 65 |     return render(
         |                  ^
      66 |         <MemoryRouter initialEntries={['/login']}>
      67 |             <Routes>
      68 |                 <Route path="/login" element={<LoginPage />} />

      at warn (node_modules/react-router/lib/deprecations.ts:9:13)
      at warnOnce (node_modules/react-router/lib/deprecations.ts:14:3)
      at logDeprecation (node_modules/react-router/lib/deprecations.ts:26:5)
      at logV6DeprecationWarnings 
(node_modules/react-router/lib/components.tsx:257:25)
      at commitHookEffectListMount 
(node_modules/react-dom/cjs/react-dom.development.js:23189:26)
      at commitPassiveMountOnFiber 
(node_modules/react-dom/cjs/react-dom.development.js:24970:11)
      at commitPassiveMountEffects_complete 
(node_modules/react-dom/cjs/react-dom.development.js:24930:9)
      at commitPassiveMountEffects_begin 
(node_modules/react-dom/cjs/react-dom.development.js:24917:7)
      at commitPassiveMountEffects 
(node_modules/react-dom/cjs/react-dom.development.js:24905:3)
      at flushPassiveEffectsImpl 
(node_modules/react-dom/cjs/react-dom.development.js:27078:3)
      at flushPassiveEffects 
(node_modules/react-dom/cjs/react-dom.development.js:27023:14)
      at node_modules/react-dom/cjs/react-dom.development.js:26808:9
      at flushActQueue (node_modules/react/cjs/react.development.js:2667:24)
      at act (node_modules/react/cjs/react.development.js:2582:11)
      at node_modules/@testing-library/react/dist/act-compat.js:47:25
      at renderRoot (node_modules/@testing-library/react/dist/pure.js:180:26)
      at render (node_modules/@testing-library/react/dist/pure.js:271:10)
      at renderLoginPage (src/auth/auth.test.tsx:65:18)
      at Object.<anonymous> (src/auth/auth.test.tsx:87:9)

    console.warn
      ÔÜá´©Å React Router Future Flag Warning: Relative route resolution 
within Splat routes is changing in v7. You can use the `v7_relativeSplatPath` 
future flag to opt-in early. For more information, see 
https://reactrouter.com/v6/upgrading/future#v7_relativesplatpath.

      63 |     ; (isAuthenticated as 
jest.Mock).mockReturnValue(initialAuthenticated)
      64 |     const { default: LoginPage } = require('./LoginPage')
    > 65 |     return render(
         |                  ^
      66 |         <MemoryRouter initialEntries={['/login']}>
      67 |             <Routes>
      68 |                 <Route path="/login" element={<LoginPage />} />

      at warn (node_modules/react-router/lib/deprecations.ts:9:13)
      at warnOnce (node_modules/react-router/lib/deprecations.ts:14:3)
      at logDeprecation (node_modules/react-router/lib/deprecations.ts:37:5)
      at logV6DeprecationWarnings 
(node_modules/react-router/lib/components.tsx:257:25)
      at commitHookEffectListMount 
(node_modules/react-dom/cjs/react-dom.development.js:23189:26)
      at commitPassiveMountOnFiber 
(node_modules/react-dom/cjs/react-dom.development.js:24970:11)
      at commitPassiveMountEffects_complete 
(node_modules/react-dom/cjs/react-dom.development.js:24930:9)
      at commitPassiveMountEffects_begin 
(node_modules/react-dom/cjs/react-dom.development.js:24917:7)
      at commitPassiveMountEffects 
(node_modules/react-dom/cjs/react-dom.development.js:24905:3)
      at flushPassiveEffectsImpl 
(node_modules/react-dom/cjs/react-dom.development.js:27078:3)
      at flushPassiveEffects 
(node_modules/react-dom/cjs/react-dom.development.js:27023:14)
      at node_modules/react-dom/cjs/react-dom.development.js:26808:9
      at flushActQueue (node_modules/react/cjs/react.development.js:2667:24)
      at act (node_modules/react/cjs/react.development.js:2582:11)
      at node_modules/@testing-library/react/dist/act-compat.js:47:25
      at renderRoot (node_modules/@testing-library/react/dist/pure.js:180:26)
      at render (node_modules/@testing-library/react/dist/pure.js:271:10)
      at renderLoginPage (src/auth/auth.test.tsx:65:18)
      at Object.<anonymous> (src/auth/auth.test.tsx:87:9)

    console.error
      Warning: An update to LoginForm inside a test was not wrapped in 
act(...).
      
      When testing, code that causes React state updates should be wrapped 
into act(...):
      
      act(() => {
        /* fire events that update state */
      });
      /* assert on the output */
      
      This ensures that you're testing the behavior the user would see in the 
browser. Learn more at https://reactjs.org/link/wrap-tests-with-act
          at LoginForm (C:\Users\samhe\OneDrive\Desktop\Cleaned\frontend\src\au
th\LoginForm\LoginForm.tsx:41:33)
          at div
          at div
          at LoginPage
          at routeContext (C:\Users\samhe\OneDrive\Desktop\Cleaned\frontend\nod
e_modules\react-router\lib\hooks.tsx:658:26)
          at children (C:\Users\samhe\OneDrive\Desktop\Cleaned\frontend\node_mo
dules\react-router\lib\components.tsx:512:3)
          at basenameProp (C:\Users\samhe\OneDrive\Desktop\Cleaned\frontend\nod
e_modules\react-router\lib\components.tsx:421:13)
          at basename (C:\Users\samhe\OneDrive\Desktop\Cleaned\frontend\node_mo
dules\react-router\lib\components.tsx:225:3)

      123 |                     placeholder="email@company.com"
      124 |                     value={email}
    > 125 |                     onChange={(e) => setEmail(e.target.value)}
          |                                      ^
      126 |                     className="w-full rounded-md border 
border-gray-300 px-3 py-2 text-sm focus:outline-none focus:ring-2 
focus:ring-gray-900 disabled:opacity-50"
      127 |                 />
      128 |             </div>

      at printWarning 
(node_modules/react-dom/cjs/react-dom.development.js:86:30)
      at error (node_modules/react-dom/cjs/react-dom.development.js:60:7)
      at warnIfUpdatesNotWrappedWithActDEV 
(node_modules/react-dom/cjs/react-dom.development.js:27628:9)
      at scheduleUpdateOnFiber 
(node_modules/react-dom/cjs/react-dom.development.js:25547:5)
      at dispatchSetState 
(node_modules/react-dom/cjs/react-dom.development.js:16708:7)
      at onChange (src/auth/LoginForm/LoginForm.tsx:125:38)
      at HTMLUnknownElement.callCallback 
(node_modules/react-dom/cjs/react-dom.development.js:4164:14)
      at HTMLUnknownElement.callTheUserObjectsOperation 
(node_modules/jsdom/lib/jsdom/living/generated/EventListener.js:26:30)
      at innerInvokeEventListeners 
(node_modules/jsdom/lib/jsdom/living/events/EventTarget-impl.js:350:25)
      at invokeEventListeners 
(node_modules/jsdom/lib/jsdom/living/events/EventTarget-impl.js:286:3)
      at HTMLUnknownElementImpl._dispatch 
(node_modules/jsdom/lib/jsdom/living/events/EventTarget-impl.js:233:9)
      at HTMLUnknownElementImpl.dispatchEvent 
(node_modules/jsdom/lib/jsdom/living/events/EventTarget-impl.js:104:17)
      at HTMLUnknownElement.dispatchEvent 
(node_modules/jsdom/lib/jsdom/living/generated/EventTarget.js:241:34)
      at Object.invokeGuardedCallbackDev 
(node_modules/react-dom/cjs/react-dom.development.js:4213:16)
      at invokeGuardedCallback 
(node_modules/react-dom/cjs/react-dom.development.js:4277:31)
      at invokeGuardedCallbackAndCatchFirstError 
(node_modules/react-dom/cjs/react-dom.development.js:4291:25)
      at executeDispatch 
(node_modules/react-dom/cjs/react-dom.development.js:9041:3)
      at processDispatchQueueItemsInOrder 
(node_modules/react-dom/cjs/react-dom.development.js:9073:7)
      at processDispatchQueue 
(node_modules/react-dom/cjs/react-dom.development.js:9086:5)
      at dispatchEventsForPlugins 
(node_modules/react-dom/cjs/react-dom.development.js:9097:3)
      at node_modules/react-dom/cjs/react-dom.development.js:9288:12
      at batchedUpdates$1 
(node_modules/react-dom/cjs/react-dom.development.js:26179:12)
      at batchedUpdates 
(node_modules/react-dom/cjs/react-dom.development.js:3991:12)
      at dispatchEventForPluginEventSystem 
(node_modules/react-dom/cjs/react-dom.development.js:9287:3)
      at dispatchEventWithEnableCapturePhaseSelectiveHydrationWithoutDiscreteEv
entReplay (node_modules/react-dom/cjs/react-dom.development.js:6465:5)
      at dispatchEvent 
(node_modules/react-dom/cjs/react-dom.development.js:6457:5)
      at dispatchDiscreteEvent 
(node_modules/react-dom/cjs/react-dom.development.js:6430:5)
      at HTMLDivElement.callTheUserObjectsOperation 
(node_modules/jsdom/lib/jsdom/living/generated/EventListener.js:26:30)
      at innerInvokeEventListeners 
(node_modules/jsdom/lib/jsdom/living/events/EventTarget-impl.js:350:25)
      at invokeEventListeners 
(node_modules/jsdom/lib/jsdom/living/events/EventTarget-impl.js:286:3)
      at HTMLInputElementImpl._dispatch 
(node_modules/jsdom/lib/jsdom/living/events/EventTarget-impl.js:233:9)
      at HTMLInputElementImpl.dispatchEvent 
(node_modules/jsdom/lib/jsdom/living/events/EventTarget-impl.js:104:17)
      at HTMLInputElement.dispatchEvent 
(node_modules/jsdom/lib/jsdom/living/generated/EventTarget.js:241:34)
      at 
node_modules/@testing-library/user-event/dist/cjs/event/dispatchEvent.js:45:43
      at Object.eventWrapper 
(node_modules/@testing-library/dom/dist/config.js:25:23)
      at Object.wrapEvent 
(node_modules/@testing-library/user-event/dist/cjs/event/wrapEvent.js:6:28)
      at Object.dispatchEvent (node_modules/@testing-library/user-event/dist/cj
s/event/dispatchEvent.js:45:22)
      at Object.dispatchUIEvent (node_modules/@testing-library/user-event/dist/
cjs/event/dispatchEvent.js:22:26)
      at commitInput 
(node_modules/@testing-library/user-event/dist/cjs/event/input.js:145:14)
      at editInputElement 
(node_modules/@testing-library/user-event/dist/cjs/event/input.js:115:9)
      at Object.input 
(node_modules/@testing-library/user-event/dist/cjs/event/input.js:37:9)
      at node_modules/@testing-library/user-event/dist/cjs/event/behavior/keypr
ess.js:31:26
      at Object.dispatchEvent (node_modules/@testing-library/user-event/dist/cj
s/event/dispatchEvent.js:41:13)
      at Object.dispatchUIEvent (node_modules/@testing-library/user-event/dist/
cjs/event/dispatchEvent.js:22:26)
      at KeyboardHost.keydown 
(node_modules/@testing-library/user-event/dist/cjs/system/keyboard.js:76:22)
      at keyboardAction 
(node_modules/@testing-library/user-event/dist/cjs/keyboard/index.js:22:35)
      at Object.keyboard 
(node_modules/@testing-library/user-event/dist/cjs/keyboard/index.js:11:15)
      at Object.type 
(node_modules/@testing-library/user-event/dist/cjs/utility/type.js:17:5)
      at Object.<anonymous> (src/auth/auth.test.tsx:119:9)

    console.error
      Warning: An update to LoginForm inside a test was not wrapped in 
act(...).
      
      When testing, code that causes React state updates should be wrapped 
into act(...):
      
      act(() => {
        /* fire events that update state */
      });
      /* assert on the output */
      
      This ensures that you're testing the behavior the user would see in the 
browser. Learn more at https://reactjs.org/link/wrap-tests-with-act
          at LoginForm (C:\Users\samhe\OneDrive\Desktop\Cleaned\frontend\src\au
th\LoginForm\LoginForm.tsx:41:33)
          at div
          at div
          at LoginPage
          at routeContext (C:\Users\samhe\OneDrive\Desktop\Cleaned\frontend\nod
e_modules\react-router\lib\hooks.tsx:658:26)
          at children (C:\Users\samhe\OneDrive\Desktop\Cleaned\frontend\node_mo
dules\react-router\lib\components.tsx:512:3)
          at basenameProp (C:\Users\samhe\OneDrive\Desktop\Cleaned\frontend\nod
e_modules\react-router\lib\components.tsx:421:13)
          at basename (C:\Users\samhe\OneDrive\Desktop\Cleaned\frontend\node_mo
dules\react-router\lib\components.tsx:225:3)

      123 |                     placeholder="email@company.com"
      124 |                     value={email}
    > 125 |                     onChange={(e) => setEmail(e.target.value)}
          |                                      ^
      126 |                     className="w-full rounded-md border 
border-gray-300 px-3 py-2 text-sm focus:outline-none focus:ring-2 
focus:ring-gray-900 disabled:opacity-50"
      127 |                 />
      128 |             </div>

      at printWarning 
(node_modules/react-dom/cjs/react-dom.development.js:86:30)
      at error (node_modules/react-dom/cjs/react-dom.development.js:60:7)
      at warnIfUpdatesNotWrappedWithActDEV 
(node_modules/react-dom/cjs/react-dom.development.js:27628:9)
      at scheduleUpdateOnFiber 
(node_modules/react-dom/cjs/react-dom.development.js:25547:5)
      at dispatchSetState 
(node_modules/react-dom/cjs/react-dom.development.js:16708:7)
      at onChange (src/auth/LoginForm/LoginForm.tsx:125:38)
      at HTMLUnknownElement.callCallback 
(node_modules/react-dom/cjs/react-dom.development.js:4164:14)
      at HTMLUnknownElement.callTheUserObjectsOperation 
(node_modules/jsdom/lib/jsdom/living/generated/EventListener.js:26:30)
      at innerInvokeEventListeners 
(node_modules/jsdom/lib/jsdom/living/events/EventTarget-impl.js:350:25)
      at invokeEventListeners 
(node_modules/jsdom/lib/jsdom/living/events/EventTarget-impl.js:286:3)
      at HTMLUnknownElementImpl._dispatch 
(node_modules/jsdom/lib/jsdom/living/events/EventTarget-impl.js:233:9)
      at HTMLUnknownElementImpl.dispatchEvent 
(node_modules/jsdom/lib/jsdom/living/events/EventTarget-impl.js:104:17)
      at HTMLUnknownElement.dispatchEvent 
(node_modules/jsdom/lib/jsdom/living/generated/EventTarget.js:241:34)
      at Object.invokeGuardedCallbackDev 
(node_modules/react-dom/cjs/react-dom.development.js:4213:16)
      at invokeGuardedCallback 
(node_modules/react-dom/cjs/react-dom.development.js:4277:31)
      at invokeGuardedCallbackAndCatchFirstError 
(node_modules/react-dom/cjs/react-dom.development.js:4291:25)
      at executeDispatch 
(node_modules/react-dom/cjs/react-dom.development.js:9041:3)
      at processDispatchQueueItemsInOrder 
(node_modules/react-dom/cjs/react-dom.development.js:9073:7)
      at processDispatchQueue 
(node_modules/react-dom/cjs/react-dom.development.js:9086:5)
      at dispatchEventsForPlugins 
(node_modules/react-dom/cjs/react-dom.development.js:9097:3)
      at node_modules/react-dom/cjs/react-dom.development.js:9288:12
      at batchedUpdates$1 
(node_modules/react-dom/cjs/react-dom.development.js:26179:12)
      at batchedUpdates 
(node_modules/react-dom/cjs/react-dom.development.js:3991:12)
      at dispatchEventForPluginEventSystem 
(node_modules/react-dom/cjs/react-dom.development.js:9287:3)
      at dispatchEventWithEnableCapturePhaseSelectiveHydrationWithoutDiscreteEv
entReplay (node_modules/react-dom/cjs/react-dom.development.js:6465:5)
      at dispatchEvent 
(node_modules/react-dom/cjs/react-dom.development.js:6457:5)
      at dispatchDiscreteEvent 
(node_modules/react-dom/cjs/react-dom.development.js:6430:5)
      at HTMLDivElement.callTheUserObjectsOperation 
(node_modules/jsdom/lib/jsdom/living/generated/EventListener.js:26:30)
      at innerInvokeEventListeners 
(node_modules/jsdom/lib/jsdom/living/events/EventTarget-impl.js:350:25)
      at invokeEventListeners 
(node_modules/jsdom/lib/jsdom/living/events/EventTarget-impl.js:286:3)
      at HTMLInputElementImpl._dispatch 
(node_modules/jsdom/lib/jsdom/living/events/EventTarget-impl.js:233:9)
      at HTMLInputElementImpl.dispatchEvent 
(node_modules/jsdom/lib/jsdom/living/events/EventTarget-impl.js:104:17)
      at HTMLInputElement.dispatchEvent 
(node_modules/jsdom/lib/jsdom/living/generated/EventTarget.js:241:34)
      at 
node_modules/@testing-library/user-event/dist/cjs/event/dispatchEvent.js:45:43
      at Object.eventWrapper 
(node_modules/@testing-library/dom/dist/config.js:25:23)
      at Object.wrapEvent 
(node_modules/@testing-library/user-event/dist/cjs/event/wrapEvent.js:6:28)
      at Object.dispatchEvent (node_modules/@testing-library/user-event/dist/cj
s/event/dispatchEvent.js:45:22)
      at Object.dispatchUIEvent (node_modules/@testing-library/user-event/dist/
cjs/event/dispatchEvent.js:22:26)
      at commitInput 
(node_modules/@testing-library/user-event/dist/cjs/event/input.js:145:14)
      at editInputElement 
(node_modules/@testing-library/user-event/dist/cjs/event/input.js:115:9)
      at Object.input 
(node_modules/@testing-library/user-event/dist/cjs/event/input.js:37:9)
      at node_modules/@testing-library/user-event/dist/cjs/event/behavior/keypr
ess.js:31:26
      at Object.dispatchEvent (node_modules/@testing-library/user-event/dist/cj
s/event/dispatchEvent.js:41:13)
      at Object.dispatchUIEvent (node_modules/@testing-library/user-event/dist/
cjs/event/dispatchEvent.js:22:26)
      at KeyboardHost.keydown 
(node_modules/@testing-library/user-event/dist/cjs/system/keyboard.js:76:22)
      at keyboardAction 
(node_modules/@testing-library/user-event/dist/cjs/keyboard/index.js:22:35)
      at Object.keyboard 
(node_modules/@testing-library/user-event/dist/cjs/keyboard/index.js:11:15)
      at Object.type 
(node_modules/@testing-library/user-event/dist/cjs/utility/type.js:17:5)
      at Object.<anonymous> (src/auth/auth.test.tsx:119:9)

    console.error
      Warning: An update to LoginForm inside a test was not wrapped in 
act(...).
      
      When testing, code that causes React state updates should be wrapped 
into act(...):
      
      act(() => {
        /* fire events that update state */
      });
      /* assert on the output */
      
      This ensures that you're testing the behavior the user would see in the 
browser. Learn more at https://reactjs.org/link/wrap-tests-with-act
          at LoginForm (C:\Users\samhe\OneDrive\Desktop\Cleaned\frontend\src\au
th\LoginForm\LoginForm.tsx:41:33)
          at div
          at div
          at LoginPage
          at routeContext (C:\Users\samhe\OneDrive\Desktop\Cleaned\frontend\nod
e_modules\react-router\lib\hooks.tsx:658:26)
          at children (C:\Users\samhe\OneDrive\Desktop\Cleaned\frontend\node_mo
dules\react-router\lib\components.tsx:512:3)
          at basenameProp (C:\Users\samhe\OneDrive\Desktop\Cleaned\frontend\nod
e_modules\react-router\lib\components.tsx:421:13)
          at basename (C:\Users\samhe\OneDrive\Desktop\Cleaned\frontend\node_mo
dules\react-router\lib\components.tsx:225:3)

      123 |                     placeholder="email@company.com"
      124 |                     value={email}
    > 125 |                     onChange={(e) => setEmail(e.target.value)}
          |                                      ^
      126 |                     className="w-full rounded-md border 
border-gray-300 px-3 py-2 text-sm focus:outline-none focus:ring-2 
focus:ring-gray-900 disabled:opacity-50"
      127 |                 />
      128 |             </div>

      at printWarning 
(node_modules/react-dom/cjs/react-dom.development.js:86:30)
      at error (node_modules/react-dom/cjs/react-dom.development.js:60:7)
      at warnIfUpdatesNotWrappedWithActDEV 
(node_modules/react-dom/cjs/react-dom.development.js:27628:9)
      at scheduleUpdateOnFiber 
(node_modules/react-dom/cjs/react-dom.development.js:25547:5)
      at dispatchSetState 
(node_modules/react-dom/cjs/react-dom.development.js:16708:7)
      at onChange (src/auth/LoginForm/LoginForm.tsx:125:38)
      at HTMLUnknownElement.callCallback 
(node_modules/react-dom/cjs/react-dom.development.js:4164:14)
      at HTMLUnknownElement.callTheUserObjectsOperation 
(node_modules/jsdom/lib/jsdom/living/generated/EventListener.js:26:30)
      at innerInvokeEventListeners 
(node_modules/jsdom/lib/jsdom/living/events/EventTarget-impl.js:350:25)
      at invokeEventListeners 
(node_modules/jsdom/lib/jsdom/living/events/EventTarget-impl.js:286:3)
      at HTMLUnknownElementImpl._dispatch 
(node_modules/jsdom/lib/jsdom/living/events/EventTarget-impl.js:233:9)
      at HTMLUnknownElementImpl.dispatchEvent 
(node_modules/jsdom/lib/jsdom/living/events/EventTarget-impl.js:104:17)
      at HTMLUnknownElement.dispatchEvent 
(node_modules/jsdom/lib/jsdom/living/generated/EventTarget.js:241:34)
      at Object.invokeGuardedCallbackDev 
(node_modules/react-dom/cjs/react-dom.development.js:4213:16)
      at invokeGuardedCallback 
(node_modules/react-dom/cjs/react-dom.development.js:4277:31)
      at invokeGuardedCallbackAndCatchFirstError 
(node_modules/react-dom/cjs/react-dom.development.js:4291:25)
      at executeDispatch 
(node_modules/react-dom/cjs/react-dom.development.js:9041:3)
      at processDispatchQueueItemsInOrder 
(node_modules/react-dom/cjs/react-dom.development.js:9073:7)
      at processDispatchQueue 
(node_modules/react-dom/cjs/react-dom.development.js:9086:5)
      at dispatchEventsForPlugins 
(node_modules/react-dom/cjs/react-dom.development.js:9097:3)
      at node_modules/react-dom/cjs/react-dom.development.js:9288:12
      at batchedUpdates$1 
(node_modules/react-dom/cjs/react-dom.development.js:26179:12)
      at batchedUpdates 
(node_modules/react-dom/cjs/react-dom.development.js:3991:12)
      at dispatchEventForPluginEventSystem 
(node_modules/react-dom/cjs/react-dom.development.js:9287:3)
      at dispatchEventWithEnableCapturePhaseSelectiveHydrationWithoutDiscreteEv
entReplay (node_modules/react-dom/cjs/react-dom.development.js:6465:5)
      at dispatchEvent 
(node_modules/react-dom/cjs/react-dom.development.js:6457:5)
      at dispatchDiscreteEvent 
(node_modules/react-dom/cjs/react-dom.development.js:6430:5)
      at HTMLDivElement.callTheUserObjectsOperation 
(node_modules/jsdom/lib/jsdom/living/generated/EventListener.js:26:30)
      at innerInvokeEventListeners 
(node_modules/jsdom/lib/jsdom/living/events/EventTarget-impl.js:350:25)
      at invokeEventListeners 
(node_modules/jsdom/lib/jsdom/living/events/EventTarget-impl.js:286:3)
      at HTMLInputElementImpl._dispatch 
(node_modules/jsdom/lib/jsdom/living/events/EventTarget-impl.js:233:9)
      at HTMLInputElementImpl.dispatchEvent 
(node_modules/jsdom/lib/jsdom/living/events/EventTarget-impl.js:104:17)
      at HTMLInputElement.dispatchEvent 
(node_modules/jsdom/lib/jsdom/living/generated/EventTarget.js:241:34)
      at 
node_modules/@testing-library/user-event/dist/cjs/event/dispatchEvent.js:45:43
      at Object.eventWrapper 
(node_modules/@testing-library/dom/dist/config.js:25:23)
      at Object.wrapEvent 
(node_modules/@testing-library/user-event/dist/cjs/event/wrapEvent.js:6:28)
      at Object.dispatchEvent (node_modules/@testing-library/user-event/dist/cj
s/event/dispatchEvent.js:45:22)
      at Object.dispatchUIEvent (node_modules/@testing-library/user-event/dist/
cjs/event/dispatchEvent.js:22:26)
      at commitInput 
(node_modules/@testing-library/user-event/dist/cjs/event/input.js:145:14)
      at editInputElement 
(node_modules/@testing-library/user-event/dist/cjs/event/input.js:115:9)
      at Object.input 
(node_modules/@testing-library/user-event/dist/cjs/event/input.js:37:9)
      at node_modules/@testing-library/user-event/dist/cjs/event/behavior/keypr
ess.js:31:26
      at Object.dispatchEvent (node_modules/@testing-library/user-event/dist/cj
s/event/dispatchEvent.js:41:13)
      at Object.dispatchUIEvent (node_modules/@testing-library/user-event/dist/
cjs/event/dispatchEvent.js:22:26)
      at KeyboardHost.keydown 
(node_modules/@testing-library/user-event/dist/cjs/system/keyboard.js:76:22)
      at keyboardAction 
(node_modules/@testing-library/user-event/dist/cjs/keyboard/index.js:22:35)
      at Object.keyboard 
(node_modules/@testing-library/user-event/dist/cjs/keyboard/index.js:11:15)
      at Object.type 
(node_modules/@testing-library/user-event/dist/cjs/utility/type.js:17:5)
      at Object.<anonymous> (src/auth/auth.test.tsx:119:9)

    console.error
      Warning: An update to LoginForm inside a test was not wrapped in 
act(...).
      
      When testing, code that causes React state updates should be wrapped 
into act(...):
      
      act(() => {
        /* fire events that update state */
      });
      /* assert on the output */
      
      This ensures that you're testing the behavior the user would see in the 
browser. Learn more at https://reactjs.org/link/wrap-tests-with-act
          at LoginForm (C:\Users\samhe\OneDrive\Desktop\Cleaned\frontend\src\au
th\LoginForm\LoginForm.tsx:41:33)
          at div
          at div
          at LoginPage
          at routeContext (C:\Users\samhe\OneDrive\Desktop\Cleaned\frontend\nod
e_modules\react-router\lib\hooks.tsx:658:26)
          at children (C:\Users\samhe\OneDrive\Desktop\Cleaned\frontend\node_mo
dules\react-router\lib\components.tsx:512:3)
          at basenameProp (C:\Users\samhe\OneDrive\Desktop\Cleaned\frontend\nod
e_modules\react-router\lib\components.tsx:421:13)
          at basename (C:\Users\samhe\OneDrive\Desktop\Cleaned\frontend\node_mo
dules\react-router\lib\components.tsx:225:3)

      123 |                     placeholder="email@company.com"
      124 |                     value={email}
    > 125 |                     onChange={(e) => setEmail(e.target.value)}
          |                                      ^
      126 |                     className="w-full rounded-md border 
border-gray-300 px-3 py-2 text-sm focus:outline-none focus:ring-2 
focus:ring-gray-900 disabled:opacity-50"
      127 |                 />
      128 |             </div>

      at printWarning 
(node_modules/react-dom/cjs/react-dom.development.js:86:30)
      at error (node_modules/react-dom/cjs/react-dom.development.js:60:7)
      at warnIfUpdatesNotWrappedWithActDEV 
(node_modules/react-dom/cjs/react-dom.development.js:27628:9)
      at scheduleUpdateOnFiber 
(node_modules/react-dom/cjs/react-dom.development.js:25547:5)
      at dispatchSetState 
(node_modules/react-dom/cjs/react-dom.development.js:16708:7)
      at onChange (src/auth/LoginForm/LoginForm.tsx:125:38)
      at HTMLUnknownElement.callCallback 
(node_modules/react-dom/cjs/react-dom.development.js:4164:14)
      at HTMLUnknownElement.callTheUserObjectsOperation 
(node_modules/jsdom/lib/jsdom/living/generated/EventListener.js:26:30)
      at innerInvokeEventListeners 
(node_modules/jsdom/lib/jsdom/living/events/EventTarget-impl.js:350:25)
      at invokeEventListeners 
(node_modules/jsdom/lib/jsdom/living/events/EventTarget-impl.js:286:3)
      at HTMLUnknownElementImpl._dispatch 
(node_modules/jsdom/lib/jsdom/living/events/EventTarget-impl.js:233:9)
      at HTMLUnknownElementImpl.dispatchEvent 
(node_modules/jsdom/lib/jsdom/living/events/EventTarget-impl.js:104:17)
      at HTMLUnknownElement.dispatchEvent 
(node_modules/jsdom/lib/jsdom/living/generated/EventTarget.js:241:34)
      at Object.invokeGuardedCallbackDev 
(node_modules/react-dom/cjs/react-dom.development.js:4213:16)
      at invokeGuardedCallback 
(node_modules/react-dom/cjs/react-dom.development.js:4277:31)
      at invokeGuardedCallbackAndCatchFirstError 
(node_modules/react-dom/cjs/react-dom.development.js:4291:25)
      at executeDispatch 
(node_modules/react-dom/cjs/react-dom.development.js:9041:3)
      at processDispatchQueueItemsInOrder 
(node_modules/react-dom/cjs/react-dom.development.js:9073:7)
      at processDispatchQueue 
(node_modules/react-dom/cjs/react-dom.development.js:9086:5)
      at dispatchEventsForPlugins 
(node_modules/react-dom/cjs/react-dom.development.js:9097:3)
      at node_modules/react-dom/cjs/react-dom.development.js:9288:12
      at batchedUpdates$1 
(node_modules/react-dom/cjs/react-dom.development.js:26179:12)
      at batchedUpdates 
(node_modules/react-dom/cjs/react-dom.development.js:3991:12)
      at dispatchEventForPluginEventSystem 
(node_modules/react-dom/cjs/react-dom.development.js:9287:3)
      at dispatchEventWithEnableCapturePhaseSelectiveHydrationWithoutDiscreteEv
entReplay (node_modules/react-dom/cjs/react-dom.development.js:6465:5)
      at dispatchEvent 
(node_modules/react-dom/cjs/react-dom.development.js:6457:5)
      at dispatchDiscreteEvent 
(node_modules/react-dom/cjs/react-dom.development.js:6430:5)
      at HTMLDivElement.callTheUserObjectsOperation 
(node_modules/jsdom/lib/jsdom/living/generated/EventListener.js:26:30)
      at innerInvokeEventListeners 
(node_modules/jsdom/lib/jsdom/living/events/EventTarget-impl.js:350:25)
      at invokeEventListeners 
(node_modules/jsdom/lib/jsdom/living/events/EventTarget-impl.js:286:3)
      at HTMLInputElementImpl._dispatch 
(node_modules/jsdom/lib/jsdom/living/events/EventTarget-impl.js:233:9)
      at HTMLInputElementImpl.dispatchEvent 
(node_modules/jsdom/lib/jsdom/living/events/EventTarget-impl.js:104:17)
      at HTMLInputElement.dispatchEvent 
(node_modules/jsdom/lib/jsdom/living/generated/EventTarget.js:241:34)
      at 
node_modules/@testing-library/user-event/dist/cjs/event/dispatchEvent.js:45:43
      at Object.eventWrapper 
(node_modules/@testing-library/dom/dist/config.js:25:23)
      at Object.wrapEvent 
(node_modules/@testing-library/user-event/dist/cjs/event/wrapEvent.js:6:28)
      at Object.dispatchEvent (node_modules/@testing-library/user-event/dist/cj
s/event/dispatchEvent.js:45:22)
      at Object.dispatchUIEvent (node_modules/@testing-library/user-event/dist/
cjs/event/dispatchEvent.js:22:26)
      at commitInput 
(node_modules/@testing-library/user-event/dist/cjs/event/input.js:145:14)
      at editInputElement 
(node_modules/@testing-library/user-event/dist/cjs/event/input.js:115:9)
      at Object.input 
(node_modules/@testing-library/user-event/dist/cjs/event/input.js:37:9)
      at node_modules/@testing-library/user-event/dist/cjs/event/behavior/keypr
ess.js:31:26
      at Object.dispatchEvent (node_modules/@testing-library/user-event/dist/cj
s/event/dispatchEvent.js:41:13)
      at Object.dispatchUIEvent (node_modules/@testing-library/user-event/dist/
cjs/event/dispatchEvent.js:22:26)
      at KeyboardHost.keydown 
(node_modules/@testing-library/user-event/dist/cjs/system/keyboard.js:76:22)
      at keyboardAction 
(node_modules/@testing-library/user-event/dist/cjs/keyboard/index.js:22:35)
      at Object.keyboard 
(node_modules/@testing-library/user-event/dist/cjs/keyboard/index.js:11:15)
      at Object.type 
(node_modules/@testing-library/user-event/dist/cjs/utility/type.js:17:5)
      at Object.<anonymous> (src/auth/auth.test.tsx:119:9)

    console.error
      Warning: An update to LoginForm inside a test was not wrapped in 
act(...).
      
      When testing, code that causes React state updates should be wrapped 
into act(...):
      
      act(() => {
        /* fire events that update state */
      });
      /* assert on the output */
      
      This ensures that you're testing the behavior the user would see in the 
browser. Learn more at https://reactjs.org/link/wrap-tests-with-act
          at LoginForm (C:\Users\samhe\OneDrive\Desktop\Cleaned\frontend\src\au
th\LoginForm\LoginForm.tsx:41:33)
          at div
          at div
          at LoginPage
          at routeContext (C:\Users\samhe\OneDrive\Desktop\Cleaned\frontend\nod
e_modules\react-router\lib\hooks.tsx:658:26)
          at children (C:\Users\samhe\OneDrive\Desktop\Cleaned\frontend\node_mo
dules\react-router\lib\components.tsx:512:3)
          at basenameProp (C:\Users\samhe\OneDrive\Desktop\Cleaned\frontend\nod
e_modules\react-router\lib\components.tsx:421:13)
          at basename (C:\Users\samhe\OneDrive\Desktop\Cleaned\frontend\node_mo
dules\react-router\lib\components.tsx:225:3)

      123 |                     placeholder="email@company.com"
      124 |                     value={email}
    > 125 |                     onChange={(e) => setEmail(e.target.value)}
          |                                      ^
      126 |                     className="w-full rounded-md border 
border-gray-300 px-3 py-2 text-sm focus:outline-none focus:ring-2 
focus:ring-gray-900 disabled:opacity-50"
      127 |                 />
      128 |             </div>

      at printWarning 
(node_modules/react-dom/cjs/react-dom.development.js:86:30)
      at error (node_modules/react-dom/cjs/react-dom.development.js:60:7)
      at warnIfUpdatesNotWrappedWithActDEV 
(node_modules/react-dom/cjs/react-dom.development.js:27628:9)
      at scheduleUpdateOnFiber 
(node_modules/react-dom/cjs/react-dom.development.js:25547:5)
      at dispatchSetState 
(node_modules/react-dom/cjs/react-dom.development.js:16708:7)
      at onChange (src/auth/LoginForm/LoginForm.tsx:125:38)
      at HTMLUnknownElement.callCallback 
(node_modules/react-dom/cjs/react-dom.development.js:4164:14)
      at HTMLUnknownElement.callTheUserObjectsOperation 
(node_modules/jsdom/lib/jsdom/living/generated/EventListener.js:26:30)
      at innerInvokeEventListeners 
(node_modules/jsdom/lib/jsdom/living/events/EventTarget-impl.js:350:25)
      at invokeEventListeners 
(node_modules/jsdom/lib/jsdom/living/events/EventTarget-impl.js:286:3)
      at HTMLUnknownElementImpl._dispatch 
(node_modules/jsdom/lib/jsdom/living/events/EventTarget-impl.js:233:9)
      at HTMLUnknownElementImpl.dispatchEvent 
(node_modules/jsdom/lib/jsdom/living/events/EventTarget-impl.js:104:17)
      at HTMLUnknownElement.dispatchEvent 
(node_modules/jsdom/lib/jsdom/living/generated/EventTarget.js:241:34)
      at Object.invokeGuardedCallbackDev 
(node_modules/react-dom/cjs/react-dom.development.js:4213:16)
      at invokeGuardedCallback 
(node_modules/react-dom/cjs/react-dom.development.js:4277:31)
      at invokeGuardedCallbackAndCatchFirstError 
(node_modules/react-dom/cjs/react-dom.development.js:4291:25)
      at executeDispatch 
(node_modules/react-dom/cjs/react-dom.development.js:9041:3)
      at processDispatchQueueItemsInOrder 
(node_modules/react-dom/cjs/react-dom.development.js:9073:7)
      at processDispatchQueue 
(node_modules/react-dom/cjs/react-dom.development.js:9086:5)
      at dispatchEventsForPlugins 
(node_modules/react-dom/cjs/react-dom.development.js:9097:3)
      at node_modules/react-dom/cjs/react-dom.development.js:9288:12
      at batchedUpdates$1 
(node_modules/react-dom/cjs/react-dom.development.js:26179:12)
      at batchedUpdates 
(node_modules/react-dom/cjs/react-dom.development.js:3991:12)
      at dispatchEventForPluginEventSystem 
(node_modules/react-dom/cjs/react-dom.development.js:9287:3)
      at dispatchEventWithEnableCapturePhaseSelectiveHydrationWithoutDiscreteEv
entReplay (node_modules/react-dom/cjs/react-dom.development.js:6465:5)
      at dispatchEvent 
(node_modules/react-dom/cjs/react-dom.development.js:6457:5)
      at dispatchDiscreteEvent 
(node_modules/react-dom/cjs/react-dom.development.js:6430:5)
      at HTMLDivElement.callTheUserObjectsOperation 
(node_modules/jsdom/lib/jsdom/living/generated/EventListener.js:26:30)
      at innerInvokeEventListeners 
(node_modules/jsdom/lib/jsdom/living/events/EventTarget-impl.js:350:25)
      at invokeEventListeners 
(node_modules/jsdom/lib/jsdom/living/events/EventTarget-impl.js:286:3)
      at HTMLInputElementImpl._dispatch 
(node_modules/jsdom/lib/jsdom/living/events/EventTarget-impl.js:233:9)
      at HTMLInputElementImpl.dispatchEvent 
(node_modules/jsdom/lib/jsdom/living/events/EventTarget-impl.js:104:17)
      at HTMLInputElement.dispatchEvent 
(node_modules/jsdom/lib/jsdom/living/generated/EventTarget.js:241:34)
      at 
node_modules/@testing-library/user-event/dist/cjs/event/dispatchEvent.js:45:43
      at Object.eventWrapper 
(node_modules/@testing-library/dom/dist/config.js:25:23)
      at Object.wrapEvent 
(node_modules/@testing-library/user-event/dist/cjs/event/wrapEvent.js:6:28)
      at Object.dispatchEvent (node_modules/@testing-library/user-event/dist/cj
s/event/dispatchEvent.js:45:22)
      at Object.dispatchUIEvent (node_modules/@testing-library/user-event/dist/
cjs/event/dispatchEvent.js:22:26)
      at commitInput 
(node_modules/@testing-library/user-event/dist/cjs/event/input.js:145:14)
      at editInputElement 
(node_modules/@testing-library/user-event/dist/cjs/event/input.js:115:9)
      at Object.input 
(node_modules/@testing-library/user-event/dist/cjs/event/input.js:37:9)
      at node_modules/@testing-library/user-event/dist/cjs/event/behavior/keypr
ess.js:31:26
      at Object.dispatchEvent (node_modules/@testing-library/user-event/dist/cj
s/event/dispatchEvent.js:41:13)
      at Object.dispatchUIEvent (node_modules/@testing-library/user-event/dist/
cjs/event/dispatchEvent.js:22:26)
      at KeyboardHost.keydown 
(node_modules/@testing-library/user-event/dist/cjs/system/keyboard.js:76:22)
      at keyboardAction 
(node_modules/@testing-library/user-event/dist/cjs/keyboard/index.js:22:35)
      at Object.keyboard 
(node_modules/@testing-library/user-event/dist/cjs/keyboard/index.js:11:15)
      at Object.type 
(node_modules/@testing-library/user-event/dist/cjs/utility/type.js:17:5)
      at Object.<anonymous> (src/auth/auth.test.tsx:119:9)

    console.error
      Warning: An update to LoginForm inside a test was not wrapped in 
act(...).
      
      When testing, code that causes React state updates should be wrapped 
into act(...):
      
      act(() => {
        /* fire events that update state */
      });
      /* assert on the output */
      
      This ensures that you're testing the behavior the user would see in the 
browser. Learn more at https://reactjs.org/link/wrap-tests-with-act
          at LoginForm (C:\Users\samhe\OneDrive\Desktop\Cleaned\frontend\src\au
th\LoginForm\LoginForm.tsx:41:33)
          at div
          at div
          at LoginPage
          at routeContext (C:\Users\samhe\OneDrive\Desktop\Cleaned\frontend\nod
e_modules\react-router\lib\hooks.tsx:658:26)
          at children (C:\Users\samhe\OneDrive\Desktop\Cleaned\frontend\node_mo
dules\react-router\lib\components.tsx:512:3)
          at basenameProp (C:\Users\samhe\OneDrive\Desktop\Cleaned\frontend\nod
e_modules\react-router\lib\components.tsx:421:13)
          at basename (C:\Users\samhe\OneDrive\Desktop\Cleaned\frontend\node_mo
dules\react-router\lib\components.tsx:225:3)

      123 |                     placeholder="email@company.com"
      124 |                     value={email}
    > 125 |                     onChange={(e) => setEmail(e.target.value)}
          |                                      ^
      126 |                     className="w-full rounded-md border 
border-gray-300 px-3 py-2 text-sm focus:outline-none focus:ring-2 
focus:ring-gray-900 disabled:opacity-50"
      127 |                 />
      128 |             </div>

      at printWarning 
(node_modules/react-dom/cjs/react-dom.development.js:86:30)
      at error (node_modules/react-dom/cjs/react-dom.development.js:60:7)
      at warnIfUpdatesNotWrappedWithActDEV 
(node_modules/react-dom/cjs/react-dom.development.js:27628:9)
      at scheduleUpdateOnFiber 
(node_modules/react-dom/cjs/react-dom.development.js:25547:5)
      at dispatchSetState 
(node_modules/react-dom/cjs/react-dom.development.js:16708:7)
      at onChange (src/auth/LoginForm/LoginForm.tsx:125:38)
      at HTMLUnknownElement.callCallback 
(node_modules/react-dom/cjs/react-dom.development.js:4164:14)
      at HTMLUnknownElement.callTheUserObjectsOperation 
(node_modules/jsdom/lib/jsdom/living/generated/EventListener.js:26:30)
      at innerInvokeEventListeners 
(node_modules/jsdom/lib/jsdom/living/events/EventTarget-impl.js:350:25)
      at invokeEventListeners 
(node_modules/jsdom/lib/jsdom/living/events/EventTarget-impl.js:286:3)
      at HTMLUnknownElementImpl._dispatch 
(node_modules/jsdom/lib/jsdom/living/events/EventTarget-impl.js:233:9)
      at HTMLUnknownElementImpl.dispatchEvent 
(node_modules/jsdom/lib/jsdom/living/events/EventTarget-impl.js:104:17)
      at HTMLUnknownElement.dispatchEvent 
(node_modules/jsdom/lib/jsdom/living/generated/EventTarget.js:241:34)
      at Object.invokeGuardedCallbackDev 
(node_modules/react-dom/cjs/react-dom.development.js:4213:16)
      at invokeGuardedCallback 
(node_modules/react-dom/cjs/react-dom.development.js:4277:31)
      at invokeGuardedCallbackAndCatchFirstError 
(node_modules/react-dom/cjs/react-dom.development.js:4291:25)
      at executeDispatch 
(node_modules/react-dom/cjs/react-dom.development.js:9041:3)
      at processDispatchQueueItemsInOrder 
(node_modules/react-dom/cjs/react-dom.development.js:9073:7)
      at processDispatchQueue 
(node_modules/react-dom/cjs/react-dom.development.js:9086:5)
      at dispatchEventsForPlugins 
(node_modules/react-dom/cjs/react-dom.development.js:9097:3)
      at node_modules/react-dom/cjs/react-dom.development.js:9288:12
      at batchedUpdates$1 
(node_modules/react-dom/cjs/react-dom.development.js:26179:12)
      at batchedUpdates 
(node_modules/react-dom/cjs/react-dom.development.js:3991:12)
      at dispatchEventForPluginEventSystem 
(node_modules/react-dom/cjs/react-dom.development.js:9287:3)
      at dispatchEventWithEnableCapturePhaseSelectiveHydrationWithoutDiscreteEv
entReplay (node_modules/react-dom/cjs/react-dom.development.js:6465:5)
      at dispatchEvent 
(node_modules/react-dom/cjs/react-dom.development.js:6457:5)
      at dispatchDiscreteEvent 
(node_modules/react-dom/cjs/react-dom.development.js:6430:5)
      at HTMLDivElement.callTheUserObjectsOperation 
(node_modules/jsdom/lib/jsdom/living/generated/EventListener.js:26:30)
      at innerInvokeEventListeners 
(node_modules/jsdom/lib/jsdom/living/events/EventTarget-impl.js:350:25)
      at invokeEventListeners 
(node_modules/jsdom/lib/jsdom/living/events/EventTarget-impl.js:286:3)
      at HTMLInputElementImpl._dispatch 
(node_modules/jsdom/lib/jsdom/living/events/EventTarget-impl.js:233:9)
      at HTMLInputElementImpl.dispatchEvent 
(node_modules/jsdom/lib/jsdom/living/events/EventTarget-impl.js:104:17)
      at HTMLInputElement.dispatchEvent 
(node_modules/jsdom/lib/jsdom/living/generated/EventTarget.js:241:34)
      at 
node_modules/@testing-library/user-event/dist/cjs/event/dispatchEvent.js:45:43
      at Object.eventWrapper 
(node_modules/@testing-library/dom/dist/config.js:25:23)
      at Object.wrapEvent 
(node_modules/@testing-library/user-event/dist/cjs/event/wrapEvent.js:6:28)
      at Object.dispatchEvent (node_modules/@testing-library/user-event/dist/cj
s/event/dispatchEvent.js:45:22)
      at Object.dispatchUIEvent (node_modules/@testing-library/user-event/dist/
cjs/event/dispatchEvent.js:22:26)
      at commitInput 
(node_modules/@testing-library/user-event/dist/cjs/event/input.js:145:14)
      at editInputElement 
(node_modules/@testing-library/user-event/dist/cjs/event/input.js:115:9)
      at Object.input 
(node_modules/@testing-library/user-event/dist/cjs/event/input.js:37:9)
      at node_modules/@testing-library/user-event/dist/cjs/event/behavior/keypr
ess.js:31:26
      at Object.dispatchEvent (node_modules/@testing-library/user-event/dist/cj
s/event/dispatchEvent.js:41:13)
      at Object.dispatchUIEvent (node_modules/@testing-library/user-event/dist/
cjs/event/dispatchEvent.js:22:26)
      at KeyboardHost.keydown 
(node_modules/@testing-library/user-event/dist/cjs/system/keyboard.js:76:22)
      at keyboardAction 
(node_modules/@testing-library/user-event/dist/cjs/keyboard/index.js:22:35)
      at Object.keyboard 
(node_modules/@testing-library/user-event/dist/cjs/keyboard/index.js:11:15)
      at Object.type 
(node_modules/@testing-library/user-event/dist/cjs/utility/type.js:17:5)
      at Object.<anonymous> (src/auth/auth.test.tsx:119:9)

    console.error
      Warning: An update to LoginForm inside a test was not wrapped in 
act(...).
      
      When testing, code that causes React state updates should be wrapped 
into act(...):
      
      act(() => {
        /* fire events that update state */
      });
      /* assert on the output */
      
      This ensures that you're testing the behavior the user would see in the 
browser. Learn more at https://reactjs.org/link/wrap-tests-with-act
          at LoginForm (C:\Users\samhe\OneDrive\Desktop\Cleaned\frontend\src\au
th\LoginForm\LoginForm.tsx:41:33)
          at div
          at div
          at LoginPage
          at routeContext (C:\Users\samhe\OneDrive\Desktop\Cleaned\frontend\nod
e_modules\react-router\lib\hooks.tsx:658:26)
          at children (C:\Users\samhe\OneDrive\Desktop\Cleaned\frontend\node_mo
dules\react-router\lib\components.tsx:512:3)
          at basenameProp (C:\Users\samhe\OneDrive\Desktop\Cleaned\frontend\nod
e_modules\react-router\lib\components.tsx:421:13)
          at basename (C:\Users\samhe\OneDrive\Desktop\Cleaned\frontend\node_mo
dules\react-router\lib\components.tsx:225:3)

      123 |                     placeholder="email@company.com"
      124 |                     value={email}
    > 125 |                     onChange={(e) => setEmail(e.target.value)}
          |                                      ^
      126 |                     className="w-full rounded-md border 
border-gray-300 px-3 py-2 text-sm focus:outline-none focus:ring-2 
focus:ring-gray-900 disabled:opacity-50"
      127 |                 />
      128 |             </div>

      at printWarning 
(node_modules/react-dom/cjs/react-dom.development.js:86:30)
      at error (node_modules/react-dom/cjs/react-dom.development.js:60:7)
      at warnIfUpdatesNotWrappedWithActDEV 
(node_modules/react-dom/cjs/react-dom.development.js:27628:9)
      at scheduleUpdateOnFiber 
(node_modules/react-dom/cjs/react-dom.development.js:25547:5)
      at dispatchSetState 
(node_modules/react-dom/cjs/react-dom.development.js:16708:7)
      at onChange (src/auth/LoginForm/LoginForm.tsx:125:38)
      at HTMLUnknownElement.callCallback 
(node_modules/react-dom/cjs/react-dom.development.js:4164:14)
      at HTMLUnknownElement.callTheUserObjectsOperation 
(node_modules/jsdom/lib/jsdom/living/generated/EventListener.js:26:30)
      at innerInvokeEventListeners 
(node_modules/jsdom/lib/jsdom/living/events/EventTarget-impl.js:350:25)
      at invokeEventListeners 
(node_modules/jsdom/lib/jsdom/living/events/EventTarget-impl.js:286:3)
      at HTMLUnknownElementImpl._dispatch 
(node_modules/jsdom/lib/jsdom/living/events/EventTarget-impl.js:233:9)
      at HTMLUnknownElementImpl.dispatchEvent 
(node_modules/jsdom/lib/jsdom/living/events/EventTarget-impl.js:104:17)
      at HTMLUnknownElement.dispatchEvent 
(node_modules/jsdom/lib/jsdom/living/generated/EventTarget.js:241:34)
      at Object.invokeGuardedCallbackDev 
(node_modules/react-dom/cjs/react-dom.development.js:4213:16)
      at invokeGuardedCallback 
(node_modules/react-dom/cjs/react-dom.development.js:4277:31)
      at invokeGuardedCallbackAndCatchFirstError 
(node_modules/react-dom/cjs/react-dom.development.js:4291:25)
      at executeDispatch 
(node_modules/react-dom/cjs/react-dom.development.js:9041:3)
      at processDispatchQueueItemsInOrder 
(node_modules/react-dom/cjs/react-dom.development.js:9073:7)
      at processDispatchQueue 
(node_modules/react-dom/cjs/react-dom.development.js:9086:5)
      at dispatchEventsForPlugins 
(node_modules/react-dom/cjs/react-dom.development.js:9097:3)
      at node_modules/react-dom/cjs/react-dom.development.js:9288:12
      at batchedUpdates$1 
(node_modules/react-dom/cjs/react-dom.development.js:26179:12)
      at batchedUpdates 
(node_modules/react-dom/cjs/react-dom.development.js:3991:12)
      at dispatchEventForPluginEventSystem 
(node_modules/react-dom/cjs/react-dom.development.js:9287:3)
      at dispatchEventWithEnableCapturePhaseSelectiveHydrationWithoutDiscreteEv
entReplay (node_modules/react-dom/cjs/react-dom.development.js:6465:5)
      at dispatchEvent 
(node_modules/react-dom/cjs/react-dom.development.js:6457:5)
      at dispatchDiscreteEvent 
(node_modules/react-dom/cjs/react-dom.development.js:6430:5)
      at HTMLDivElement.callTheUserObjectsOperation 
(node_modules/jsdom/lib/jsdom/living/generated/EventListener.js:26:30)
      at innerInvokeEventListeners 
(node_modules/jsdom/lib/jsdom/living/events/EventTarget-impl.js:350:25)
      at invokeEventListeners 
(node_modules/jsdom/lib/jsdom/living/events/EventTarget-impl.js:286:3)
      at HTMLInputElementImpl._dispatch 
(node_modules/jsdom/lib/jsdom/living/events/EventTarget-impl.js:233:9)
      at HTMLInputElementImpl.dispatchEvent 
(node_modules/jsdom/lib/jsdom/living/events/EventTarget-impl.js:104:17)
      at HTMLInputElement.dispatchEvent 
(node_modules/jsdom/lib/jsdom/living/generated/EventTarget.js:241:34)
      at 
node_modules/@testing-library/user-event/dist/cjs/event/dispatchEvent.js:45:43
      at Object.eventWrapper 
(node_modules/@testing-library/dom/dist/config.js:25:23)
      at Object.wrapEvent 
(node_modules/@testing-library/user-event/dist/cjs/event/wrapEvent.js:6:28)
      at Object.dispatchEvent (node_modules/@testing-library/user-event/dist/cj
s/event/dispatchEvent.js:45:22)
      at Object.dispatchUIEvent (node_modules/@testing-library/user-event/dist/
cjs/event/dispatchEvent.js:22:26)
      at commitInput 
(node_modules/@testing-library/user-event/dist/cjs/event/input.js:145:14)
      at editInputElement 
(node_modules/@testing-library/user-event/dist/cjs/event/input.js:115:9)
      at Object.input 
(node_modules/@testing-library/user-event/dist/cjs/event/input.js:37:9)
      at node_modules/@testing-library/user-event/dist/cjs/event/behavior/keypr
ess.js:31:26
      at Object.dispatchEvent (node_modules/@testing-library/user-event/dist/cj
s/event/dispatchEvent.js:41:13)
      at Object.dispatchUIEvent (node_modules/@testing-library/user-event/dist/
cjs/event/dispatchEvent.js:22:26)
      at KeyboardHost.keydown 
(node_modules/@testing-library/user-event/dist/cjs/system/keyboard.js:76:22)
      at keyboardAction 
(node_modules/@testing-library/user-event/dist/cjs/keyboard/index.js:22:35)
      at Object.keyboard 
(node_modules/@testing-library/user-event/dist/cjs/keyboard/index.js:11:15)
      at Object.type 
(node_modules/@testing-library/user-event/dist/cjs/utility/type.js:17:5)
      at Object.<anonymous> (src/auth/auth.test.tsx:119:9)

    console.error
      Warning: An update to LoginForm inside a test was not wrapped in 
act(...).
      
      When testing, code that causes React state updates should be wrapped 
into act(...):
      
      act(() => {
        /* fire events that update state */
      });
      /* assert on the output */
      
      This ensures that you're testing the behavior the user would see in the 
browser. Learn more at https://reactjs.org/link/wrap-tests-with-act
          at LoginForm (C:\Users\samhe\OneDrive\Desktop\Cleaned\frontend\src\au
th\LoginForm\LoginForm.tsx:41:33)
          at div
          at div
          at LoginPage
          at routeContext (C:\Users\samhe\OneDrive\Desktop\Cleaned\frontend\nod
e_modules\react-router\lib\hooks.tsx:658:26)
          at children (C:\Users\samhe\OneDrive\Desktop\Cleaned\frontend\node_mo
dules\react-router\lib\components.tsx:512:3)
          at basenameProp (C:\Users\samhe\OneDrive\Desktop\Cleaned\frontend\nod
e_modules\react-router\lib\components.tsx:421:13)
          at basename (C:\Users\samhe\OneDrive\Desktop\Cleaned\frontend\node_mo
dules\react-router\lib\components.tsx:225:3)

      123 |                     placeholder="email@company.com"
      124 |                     value={email}
    > 125 |                     onChange={(e) => setEmail(e.target.value)}
          |                                      ^
      126 |                     className="w-full rounded-md border 
border-gray-300 px-3 py-2 text-sm focus:outline-none focus:ring-2 
focus:ring-gray-900 disabled:opacity-50"
      127 |                 />
      128 |             </div>

      at printWarning 
(node_modules/react-dom/cjs/react-dom.development.js:86:30)
      at error (node_modules/react-dom/cjs/react-dom.development.js:60:7)
      at warnIfUpdatesNotWrappedWithActDEV 
(node_modules/react-dom/cjs/react-dom.development.js:27628:9)
      at scheduleUpdateOnFiber 
(node_modules/react-dom/cjs/react-dom.development.js:25547:5)
      at dispatchSetState 
(node_modules/react-dom/cjs/react-dom.development.js:16708:7)
      at onChange (src/auth/LoginForm/LoginForm.tsx:125:38)
      at HTMLUnknownElement.callCallback 
(node_modules/react-dom/cjs/react-dom.development.js:4164:14)
      at HTMLUnknownElement.callTheUserObjectsOperation 
(node_modules/jsdom/lib/jsdom/living/generated/EventListener.js:26:30)
      at innerInvokeEventListeners 
(node_modules/jsdom/lib/jsdom/living/events/EventTarget-impl.js:350:25)
      at invokeEventListeners 
(node_modules/jsdom/lib/jsdom/living/events/EventTarget-impl.js:286:3)
      at HTMLUnknownElementImpl._dispatch 
(node_modules/jsdom/lib/jsdom/living/events/EventTarget-impl.js:233:9)
      at HTMLUnknownElementImpl.dispatchEvent 
(node_modules/jsdom/lib/jsdom/living/events/EventTarget-impl.js:104:17)
      at HTMLUnknownElement.dispatchEvent 
(node_modules/jsdom/lib/jsdom/living/generated/EventTarget.js:241:34)
      at Object.invokeGuardedCallbackDev 
(node_modules/react-dom/cjs/react-dom.development.js:4213:16)
      at invokeGuardedCallback 
(node_modules/react-dom/cjs/react-dom.development.js:4277:31)
      at invokeGuardedCallbackAndCatchFirstError 
(node_modules/react-dom/cjs/react-dom.development.js:4291:25)
      at executeDispatch 
(node_modules/react-dom/cjs/react-dom.development.js:9041:3)
      at processDispatchQueueItemsInOrder 
(node_modules/react-dom/cjs/react-dom.development.js:9073:7)
      at processDispatchQueue 
(node_modules/react-dom/cjs/react-dom.development.js:9086:5)
      at dispatchEventsForPlugins 
(node_modules/react-dom/cjs/react-dom.development.js:9097:3)
      at node_modules/react-dom/cjs/react-dom.development.js:9288:12
      at batchedUpdates$1 
(node_modules/react-dom/cjs/react-dom.development.js:26179:12)
      at batchedUpdates 
(node_modules/react-dom/cjs/react-dom.development.js:3991:12)
      at dispatchEventForPluginEventSystem 
(node_modules/react-dom/cjs/react-dom.development.js:9287:3)
      at dispatchEventWithEnableCapturePhaseSelectiveHydrationWithoutDiscreteEv
entReplay (node_modules/react-dom/cjs/react-dom.development.js:6465:5)
      at dispatchEvent 
(node_modules/react-dom/cjs/react-dom.development.js:6457:5)
      at dispatchDiscreteEvent 
(node_modules/react-dom/cjs/react-dom.development.js:6430:5)
      at HTMLDivElement.callTheUserObjectsOperation 
(node_modules/jsdom/lib/jsdom/living/generated/EventListener.js:26:30)
      at innerInvokeEventListeners 
(node_modules/jsdom/lib/jsdom/living/events/EventTarget-impl.js:350:25)
      at invokeEventListeners 
(node_modules/jsdom/lib/jsdom/living/events/EventTarget-impl.js:286:3)
      at HTMLInputElementImpl._dispatch 
(node_modules/jsdom/lib/jsdom/living/events/EventTarget-impl.js:233:9)
      at HTMLInputElementImpl.dispatchEvent 
(node_modules/jsdom/lib/jsdom/living/events/EventTarget-impl.js:104:17)
      at HTMLInputElement.dispatchEvent 
(node_modules/jsdom/lib/jsdom/living/generated/EventTarget.js:241:34)
      at 
node_modules/@testing-library/user-event/dist/cjs/event/dispatchEvent.js:45:43
      at Object.eventWrapper 
(node_modules/@testing-library/dom/dist/config.js:25:23)
      at Object.wrapEvent 
(node_modules/@testing-library/user-event/dist/cjs/event/wrapEvent.js:6:28)
      at Object.dispatchEvent (node_modules/@testing-library/user-event/dist/cj
s/event/dispatchEvent.js:45:22)
      at Object.dispatchUIEvent (node_modules/@testing-library/user-event/dist/
cjs/event/dispatchEvent.js:22:26)
      at commitInput 
(node_modules/@testing-library/user-event/dist/cjs/event/input.js:145:14)
      at editInputElement 
(node_modules/@testing-library/user-event/dist/cjs/event/input.js:115:9)
      at Object.input 
(node_modules/@testing-library/user-event/dist/cjs/event/input.js:37:9)
      at node_modules/@testing-library/user-event/dist/cjs/event/behavior/keypr
ess.js:31:26
      at Object.dispatchEvent (node_modules/@testing-library/user-event/dist/cj
s/event/dispatchEvent.js:41:13)
      at Object.dispatchUIEvent (node_modules/@testing-library/user-event/dist/
cjs/event/dispatchEvent.js:22:26)
      at KeyboardHost.keydown 
(node_modules/@testing-library/user-event/dist/cjs/system/keyboard.js:76:22)
      at keyboardAction 
(node_modules/@testing-library/user-event/dist/cjs/keyboard/index.js:22:35)
      at Object.keyboard 
(node_modules/@testing-library/user-event/dist/cjs/keyboard/index.js:11:15)
      at Object.type 
(node_modules/@testing-library/user-event/dist/cjs/utility/type.js:17:5)
      at Object.<anonymous> (src/auth/auth.test.tsx:119:9)

    console.error
      Warning: An update to LoginForm inside a test was not wrapped in 
act(...).
      
      When testing, code that causes React state updates should be wrapped 
into act(...):
      
      act(() => {
        /* fire events that update state */
      });
      /* assert on the output */
      
      This ensures that you're testing the behavior the user would see in the 
browser. Learn more at https://reactjs.org/link/wrap-tests-with-act
          at LoginForm (C:\Users\samhe\OneDrive\Desktop\Cleaned\frontend\src\au
th\LoginForm\LoginForm.tsx:41:33)
          at div
          at div
          at LoginPage
          at routeContext (C:\Users\samhe\OneDrive\Desktop\Cleaned\frontend\nod
e_modules\react-router\lib\hooks.tsx:658:26)
          at children (C:\Users\samhe\OneDrive\Desktop\Cleaned\frontend\node_mo
dules\react-router\lib\components.tsx:512:3)
          at basenameProp (C:\Users\samhe\OneDrive\Desktop\Cleaned\frontend\nod
e_modules\react-router\lib\components.tsx:421:13)
          at basename (C:\Users\samhe\OneDrive\Desktop\Cleaned\frontend\node_mo
dules\react-router\lib\components.tsx:225:3)

      123 |                     placeholder="email@company.com"
      124 |                     value={email}
    > 125 |                     onChange={(e) => setEmail(e.target.value)}
          |                                      ^
      126 |                     className="w-full rounded-md border 
border-gray-300 px-3 py-2 text-sm focus:outline-none focus:ring-2 
focus:ring-gray-900 disabled:opacity-50"
      127 |                 />
      128 |             </div>

      at printWarning 
(node_modules/react-dom/cjs/react-dom.development.js:86:30)
      at error (node_modules/react-dom/cjs/react-dom.development.js:60:7)
      at warnIfUpdatesNotWrappedWithActDEV 
(node_modules/react-dom/cjs/react-dom.development.js:27628:9)
      at scheduleUpdateOnFiber 
(node_modules/react-dom/cjs/react-dom.development.js:25547:5)
      at dispatchSetState 
(node_modules/react-dom/cjs/react-dom.development.js:16708:7)
      at onChange (src/auth/LoginForm/LoginForm.tsx:125:38)
      at HTMLUnknownElement.callCallback 
(node_modules/react-dom/cjs/react-dom.development.js:4164:14)
      at HTMLUnknownElement.callTheUserObjectsOperation 
(node_modules/jsdom/lib/jsdom/living/generated/EventListener.js:26:30)
      at innerInvokeEventListeners 
(node_modules/jsdom/lib/jsdom/living/events/EventTarget-impl.js:350:25)
      at invokeEventListeners 
(node_modules/jsdom/lib/jsdom/living/events/EventTarget-impl.js:286:3)
      at HTMLUnknownElementImpl._dispatch 
(node_modules/jsdom/lib/jsdom/living/events/EventTarget-impl.js:233:9)
      at HTMLUnknownElementImpl.dispatchEvent 
(node_modules/jsdom/lib/jsdom/living/events/EventTarget-impl.js:104:17)
      at HTMLUnknownElement.dispatchEvent 
(node_modules/jsdom/lib/jsdom/living/generated/EventTarget.js:241:34)
      at Object.invokeGuardedCallbackDev 
(node_modules/react-dom/cjs/react-dom.development.js:4213:16)
      at invokeGuardedCallback 
(node_modules/react-dom/cjs/react-dom.development.js:4277:31)
      at invokeGuardedCallbackAndCatchFirstError 
(node_modules/react-dom/cjs/react-dom.development.js:4291:25)
      at executeDispatch 
(node_modules/react-dom/cjs/react-dom.development.js:9041:3)
      at processDispatchQueueItemsInOrder 
(node_modules/react-dom/cjs/react-dom.development.js:9073:7)
      at processDispatchQueue 
(node_modules/react-dom/cjs/react-dom.development.js:9086:5)
      at dispatchEventsForPlugins 
(node_modules/react-dom/cjs/react-dom.development.js:9097:3)
      at node_modules/react-dom/cjs/react-dom.development.js:9288:12
      at batchedUpdates$1 
(node_modules/react-dom/cjs/react-dom.development.js:26179:12)
      at batchedUpdates 
(node_modules/react-dom/cjs/react-dom.development.js:3991:12)
      at dispatchEventForPluginEventSystem 
(node_modules/react-dom/cjs/react-dom.development.js:9287:3)
      at dispatchEventWithEnableCapturePhaseSelectiveHydrationWithoutDiscreteEv
entReplay (node_modules/react-dom/cjs/react-dom.development.js:6465:5)
      at dispatchEvent 
(node_modules/react-dom/cjs/react-dom.development.js:6457:5)
      at dispatchDiscreteEvent 
(node_modules/react-dom/cjs/react-dom.development.js:6430:5)
      at HTMLDivElement.callTheUserObjectsOperation 
(node_modules/jsdom/lib/jsdom/living/generated/EventListener.js:26:30)
      at innerInvokeEventListeners 
(node_modules/jsdom/lib/jsdom/living/events/EventTarget-impl.js:350:25)
      at invokeEventListeners 
(node_modules/jsdom/lib/jsdom/living/events/EventTarget-impl.js:286:3)
      at HTMLInputElementImpl._dispatch 
(node_modules/jsdom/lib/jsdom/living/events/EventTarget-impl.js:233:9)
      at HTMLInputElementImpl.dispatchEvent 
(node_modules/jsdom/lib/jsdom/living/events/EventTarget-impl.js:104:17)
      at HTMLInputElement.dispatchEvent 
(node_modules/jsdom/lib/jsdom/living/generated/EventTarget.js:241:34)
      at 
node_modules/@testing-library/user-event/dist/cjs/event/dispatchEvent.js:45:43
      at Object.eventWrapper 
(node_modules/@testing-library/dom/dist/config.js:25:23)
      at Object.wrapEvent 
(node_modules/@testing-library/user-event/dist/cjs/event/wrapEvent.js:6:28)
      at Object.dispatchEvent (node_modules/@testing-library/user-event/dist/cj
s/event/dispatchEvent.js:45:22)
      at Object.dispatchUIEvent (node_modules/@testing-library/user-event/dist/
cjs/event/dispatchEvent.js:22:26)
      at commitInput 
(node_modules/@testing-library/user-event/dist/cjs/event/input.js:145:14)
      at editInputElement 
(node_modules/@testing-library/user-event/dist/cjs/event/input.js:115:9)
      at Object.input 
(node_modules/@testing-library/user-event/dist/cjs/event/input.js:37:9)
      at node_modules/@testing-library/user-event/dist/cjs/event/behavior/keypr
ess.js:31:26
      at Object.dispatchEvent (node_modules/@testing-library/user-event/dist/cj
s/event/dispatchEvent.js:41:13)
      at Object.dispatchUIEvent (node_modules/@testing-library/user-event/dist/
cjs/event/dispatchEvent.js:22:26)
      at KeyboardHost.keydown 
(node_modules/@testing-library/user-event/dist/cjs/system/keyboard.js:76:22)
      at keyboardAction 
(node_modules/@testing-library/user-event/dist/cjs/keyboard/index.js:22:35)
      at Object.keyboard 
(node_modules/@testing-library/user-event/dist/cjs/keyboard/index.js:11:15)
      at Object.type 
(node_modules/@testing-library/user-event/dist/cjs/utility/type.js:17:5)
      at Object.<anonymous> (src/auth/auth.test.tsx:119:9)

    console.error
      Warning: An update to LoginForm inside a test was not wrapped in 
act(...).
      
      When testing, code that causes React state updates should be wrapped 
into act(...):
      
      act(() => {
        /* fire events that update state */
      });
      /* assert on the output */
      
      This ensures that you're testing the behavior the user would see in the 
browser. Learn more at https://reactjs.org/link/wrap-tests-with-act
          at LoginForm (C:\Users\samhe\OneDrive\Desktop\Cleaned\frontend\src\au
th\LoginForm\LoginForm.tsx:41:33)
          at div
          at div
          at LoginPage
          at routeContext (C:\Users\samhe\OneDrive\Desktop\Cleaned\frontend\nod
e_modules\react-router\lib\hooks.tsx:658:26)
          at children (C:\Users\samhe\OneDrive\Desktop\Cleaned\frontend\node_mo
dules\react-router\lib\components.tsx:512:3)
          at basenameProp (C:\Users\samhe\OneDrive\Desktop\Cleaned\frontend\nod
e_modules\react-router\lib\components.tsx:421:13)
          at basename (C:\Users\samhe\OneDrive\Desktop\Cleaned\frontend\node_mo
dules\react-router\lib\components.tsx:225:3)

      123 |                     placeholder="email@company.com"
      124 |                     value={email}
    > 125 |                     onChange={(e) => setEmail(e.target.value)}
          |                                      ^
      126 |                     className="w-full rounded-md border 
border-gray-300 px-3 py-2 text-sm focus:outline-none focus:ring-2 
focus:ring-gray-900 disabled:opacity-50"
      127 |                 />
      128 |             </div>

      at printWarning 
(node_modules/react-dom/cjs/react-dom.development.js:86:30)
      at error (node_modules/react-dom/cjs/react-dom.development.js:60:7)
      at warnIfUpdatesNotWrappedWithActDEV 
(node_modules/react-dom/cjs/react-dom.development.js:27628:9)
      at scheduleUpdateOnFiber 
(node_modules/react-dom/cjs/react-dom.development.js:25547:5)
      at dispatchSetState 
(node_modules/react-dom/cjs/react-dom.development.js:16708:7)
      at onChange (src/auth/LoginForm/LoginForm.tsx:125:38)
      at HTMLUnknownElement.callCallback 
(node_modules/react-dom/cjs/react-dom.development.js:4164:14)
      at HTMLUnknownElement.callTheUserObjectsOperation 
(node_modules/jsdom/lib/jsdom/living/generated/EventListener.js:26:30)
      at innerInvokeEventListeners 
(node_modules/jsdom/lib/jsdom/living/events/EventTarget-impl.js:350:25)
      at invokeEventListeners 
(node_modules/jsdom/lib/jsdom/living/events/EventTarget-impl.js:286:3)
      at HTMLUnknownElementImpl._dispatch 
(node_modules/jsdom/lib/jsdom/living/events/EventTarget-impl.js:233:9)
      at HTMLUnknownElementImpl.dispatchEvent 
(node_modules/jsdom/lib/jsdom/living/events/EventTarget-impl.js:104:17)
      at HTMLUnknownElement.dispatchEvent 
(node_modules/jsdom/lib/jsdom/living/generated/EventTarget.js:241:34)
      at Object.invokeGuardedCallbackDev 
(node_modules/react-dom/cjs/react-dom.development.js:4213:16)
      at invokeGuardedCallback 
(node_modules/react-dom/cjs/react-dom.development.js:4277:31)
      at invokeGuardedCallbackAndCatchFirstError 
(node_modules/react-dom/cjs/react-dom.development.js:4291:25)
      at executeDispatch 
(node_modules/react-dom/cjs/react-dom.development.js:9041:3)
      at processDispatchQueueItemsInOrder 
(node_modules/react-dom/cjs/react-dom.development.js:9073:7)
      at processDispatchQueue 
(node_modules/react-dom/cjs/react-dom.development.js:9086:5)
      at dispatchEventsForPlugins 
(node_modules/react-dom/cjs/react-dom.development.js:9097:3)
      at node_modules/react-dom/cjs/react-dom.development.js:9288:12
      at batchedUpdates$1 
(node_modules/react-dom/cjs/react-dom.development.js:26179:12)
      at batchedUpdates 
(node_modules/react-dom/cjs/react-dom.development.js:3991:12)
      at dispatchEventForPluginEventSystem 
(node_modules/react-dom/cjs/react-dom.development.js:9287:3)
      at dispatchEventWithEnableCapturePhaseSelectiveHydrationWithoutDiscreteEv
entReplay (node_modules/react-dom/cjs/react-dom.development.js:6465:5)
      at dispatchEvent 
(node_modules/react-dom/cjs/react-dom.development.js:6457:5)
      at dispatchDiscreteEvent 
(node_modules/react-dom/cjs/react-dom.development.js:6430:5)
      at HTMLDivElement.callTheUserObjectsOperation 
(node_modules/jsdom/lib/jsdom/living/generated/EventListener.js:26:30)
      at innerInvokeEventListeners 
(node_modules/jsdom/lib/jsdom/living/events/EventTarget-impl.js:350:25)
      at invokeEventListeners 
(node_modules/jsdom/lib/jsdom/living/events/EventTarget-impl.js:286:3)
      at HTMLInputElementImpl._dispatch 
(node_modules/jsdom/lib/jsdom/living/events/EventTarget-impl.js:233:9)
      at HTMLInputElementImpl.dispatchEvent 
(node_modules/jsdom/lib/jsdom/living/events/EventTarget-impl.js:104:17)
      at HTMLInputElement.dispatchEvent 
(node_modules/jsdom/lib/jsdom/living/generated/EventTarget.js:241:34)
      at 
node_modules/@testing-library/user-event/dist/cjs/event/dispatchEvent.js:45:43
      at Object.eventWrapper 
(node_modules/@testing-library/dom/dist/config.js:25:23)
      at Object.wrapEvent 
(node_modules/@testing-library/user-event/dist/cjs/event/wrapEvent.js:6:28)
      at Object.dispatchEvent (node_modules/@testing-library/user-event/dist/cj
s/event/dispatchEvent.js:45:22)
      at Object.dispatchUIEvent (node_modules/@testing-library/user-event/dist/
cjs/event/dispatchEvent.js:22:26)
      at commitInput 
(node_modules/@testing-library/user-event/dist/cjs/event/input.js:145:14)
      at editInputElement 
(node_modules/@testing-library/user-event/dist/cjs/event/input.js:115:9)
      at Object.input 
(node_modules/@testing-library/user-event/dist/cjs/event/input.js:37:9)
      at node_modules/@testing-library/user-event/dist/cjs/event/behavior/keypr
ess.js:31:26
      at Object.dispatchEvent (node_modules/@testing-library/user-event/dist/cj
s/event/dispatchEvent.js:41:13)
      at Object.dispatchUIEvent (node_modules/@testing-library/user-event/dist/
cjs/event/dispatchEvent.js:22:26)
      at KeyboardHost.keydown 
(node_modules/@testing-library/user-event/dist/cjs/system/keyboard.js:76:22)
      at keyboardAction 
(node_modules/@testing-library/user-event/dist/cjs/keyboard/index.js:22:35)
      at Object.keyboard 
(node_modules/@testing-library/user-event/dist/cjs/keyboard/index.js:11:15)
      at Object.type 
(node_modules/@testing-library/user-event/dist/cjs/utility/type.js:17:5)
      at Object.<anonymous> (src/auth/auth.test.tsx:119:9)

    console.error
      Warning: An update to LoginForm inside a test was not wrapped in 
act(...).
      
      When testing, code that causes React state updates should be wrapped 
into act(...):
      
      act(() => {
        /* fire events that update state */
      });
      /* assert on the output */
      
      This ensures that you're testing the behavior the user would see in the 
browser. Learn more at https://reactjs.org/link/wrap-tests-with-act
          at LoginForm (C:\Users\samhe\OneDrive\Desktop\Cleaned\frontend\src\au
th\LoginForm\LoginForm.tsx:41:33)
          at div
          at div
          at LoginPage
          at routeContext (C:\Users\samhe\OneDrive\Desktop\Cleaned\frontend\nod
e_modules\react-router\lib\hooks.tsx:658:26)
          at children (C:\Users\samhe\OneDrive\Desktop\Cleaned\frontend\node_mo
dules\react-router\lib\components.tsx:512:3)
          at basenameProp (C:\Users\samhe\OneDrive\Desktop\Cleaned\frontend\nod
e_modules\react-router\lib\components.tsx:421:13)
          at basename (C:\Users\samhe\OneDrive\Desktop\Cleaned\frontend\node_mo
dules\react-router\lib\components.tsx:225:3)

      123 |                     placeholder="email@company.com"
      124 |                     value={email}
    > 125 |                     onChange={(e) => setEmail(e.target.value)}
          |                                      ^
      126 |                     className="w-full rounded-md border 
border-gray-300 px-3 py-2 text-sm focus:outline-none focus:ring-2 
focus:ring-gray-900 disabled:opacity-50"
      127 |                 />
      128 |             </div>

      at printWarning 
(node_modules/react-dom/cjs/react-dom.development.js:86:30)
      at error (node_modules/react-dom/cjs/react-dom.development.js:60:7)
      at warnIfUpdatesNotWrappedWithActDEV 
(node_modules/react-dom/cjs/react-dom.development.js:27628:9)
      at scheduleUpdateOnFiber 
(node_modules/react-dom/cjs/react-dom.development.js:25547:5)
      at dispatchSetState 
(node_modules/react-dom/cjs/react-dom.development.js:16708:7)
      at onChange (src/auth/LoginForm/LoginForm.tsx:125:38)
      at HTMLUnknownElement.callCallback 
(node_modules/react-dom/cjs/react-dom.development.js:4164:14)
      at HTMLUnknownElement.callTheUserObjectsOperation 
(node_modules/jsdom/lib/jsdom/living/generated/EventListener.js:26:30)
      at innerInvokeEventListeners 
(node_modules/jsdom/lib/jsdom/living/events/EventTarget-impl.js:350:25)
      at invokeEventListeners 
(node_modules/jsdom/lib/jsdom/living/events/EventTarget-impl.js:286:3)
      at HTMLUnknownElementImpl._dispatch 
(node_modules/jsdom/lib/jsdom/living/events/EventTarget-impl.js:233:9)
      at HTMLUnknownElementImpl.dispatchEvent 
(node_modules/jsdom/lib/jsdom/living/events/EventTarget-impl.js:104:17)
      at HTMLUnknownElement.dispatchEvent 
(node_modules/jsdom/lib/jsdom/living/generated/EventTarget.js:241:34)
      at Object.invokeGuardedCallbackDev 
(node_modules/react-dom/cjs/react-dom.development.js:4213:16)
      at invokeGuardedCallback 
(node_modules/react-dom/cjs/react-dom.development.js:4277:31)
      at invokeGuardedCallbackAndCatchFirstError 
(node_modules/react-dom/cjs/react-dom.development.js:4291:25)
      at executeDispatch 
(node_modules/react-dom/cjs/react-dom.development.js:9041:3)
      at processDispatchQueueItemsInOrder 
(node_modules/react-dom/cjs/react-dom.development.js:9073:7)
      at processDispatchQueue 
(node_modules/react-dom/cjs/react-dom.development.js:9086:5)
      at dispatchEventsForPlugins 
(node_modules/react-dom/cjs/react-dom.development.js:9097:3)
      at node_modules/react-dom/cjs/react-dom.development.js:9288:12
      at batchedUpdates$1 
(node_modules/react-dom/cjs/react-dom.development.js:26179:12)
      at batchedUpdates 
(node_modules/react-dom/cjs/react-dom.development.js:3991:12)
      at dispatchEventForPluginEventSystem 
(node_modules/react-dom/cjs/react-dom.development.js:9287:3)
      at dispatchEventWithEnableCapturePhaseSelectiveHydrationWithoutDiscreteEv
entReplay (node_modules/react-dom/cjs/react-dom.development.js:6465:5)
      at dispatchEvent 
(node_modules/react-dom/cjs/react-dom.development.js:6457:5)
      at dispatchDiscreteEvent 
(node_modules/react-dom/cjs/react-dom.development.js:6430:5)
      at HTMLDivElement.callTheUserObjectsOperation 
(node_modules/jsdom/lib/jsdom/living/generated/EventListener.js:26:30)
      at innerInvokeEventListeners 
(node_modules/jsdom/lib/jsdom/living/events/EventTarget-impl.js:350:25)
      at invokeEventListeners 
(node_modules/jsdom/lib/jsdom/living/events/EventTarget-impl.js:286:3)
      at HTMLInputElementImpl._dispatch 
(node_modules/jsdom/lib/jsdom/living/events/EventTarget-impl.js:233:9)
      at HTMLInputElementImpl.dispatchEvent 
(node_modules/jsdom/lib/jsdom/living/events/EventTarget-impl.js:104:17)
      at HTMLInputElement.dispatchEvent 
(node_modules/jsdom/lib/jsdom/living/generated/EventTarget.js:241:34)
      at 
node_modules/@testing-library/user-event/dist/cjs/event/dispatchEvent.js:45:43
      at Object.eventWrapper 
(node_modules/@testing-library/dom/dist/config.js:25:23)
      at Object.wrapEvent 
(node_modules/@testing-library/user-event/dist/cjs/event/wrapEvent.js:6:28)
      at Object.dispatchEvent (node_modules/@testing-library/user-event/dist/cj
s/event/dispatchEvent.js:45:22)
      at Object.dispatchUIEvent (node_modules/@testing-library/user-event/dist/
cjs/event/dispatchEvent.js:22:26)
      at commitInput 
(node_modules/@testing-library/user-event/dist/cjs/event/input.js:145:14)
      at editInputElement 
(node_modules/@testing-library/user-event/dist/cjs/event/input.js:115:9)
      at Object.input 
(node_modules/@testing-library/user-event/dist/cjs/event/input.js:37:9)
      at node_modules/@testing-library/user-event/dist/cjs/event/behavior/keypr
ess.js:31:26
      at Object.dispatchEvent (node_modules/@testing-library/user-event/dist/cj
s/event/dispatchEvent.js:41:13)
      at Object.dispatchUIEvent (node_modules/@testing-library/user-event/dist/
cjs/event/dispatchEvent.js:22:26)
      at KeyboardHost.keydown 
(node_modules/@testing-library/user-event/dist/cjs/system/keyboard.js:76:22)
      at keyboardAction 
(node_modules/@testing-library/user-event/dist/cjs/keyboard/index.js:22:35)
      at Object.keyboard 
(node_modules/@testing-library/user-event/dist/cjs/keyboard/index.js:11:15)
      at Object.type 
(node_modules/@testing-library/user-event/dist/cjs/utility/type.js:17:5)
      at Object.<anonymous> (src/auth/auth.test.tsx:119:9)

    console.error
      Warning: An update to LoginForm inside a test was not wrapped in 
act(...).
      
      When testing, code that causes React state updates should be wrapped 
into act(...):
      
      act(() => {
        /* fire events that update state */
      });
      /* assert on the output */
      
      This ensures that you're testing the behavior the user would see in the 
browser. Learn more at https://reactjs.org/link/wrap-tests-with-act
          at LoginForm (C:\Users\samhe\OneDrive\Desktop\Cleaned\frontend\src\au
th\LoginForm\LoginForm.tsx:41:33)
          at div
          at div
          at LoginPage
          at routeContext (C:\Users\samhe\OneDrive\Desktop\Cleaned\frontend\nod
e_modules\react-router\lib\hooks.tsx:658:26)
          at children (C:\Users\samhe\OneDrive\Desktop\Cleaned\frontend\node_mo
dules\react-router\lib\components.tsx:512:3)
          at basenameProp (C:\Users\samhe\OneDrive\Desktop\Cleaned\frontend\nod
e_modules\react-router\lib\components.tsx:421:13)
          at basename (C:\Users\samhe\OneDrive\Desktop\Cleaned\frontend\node_mo
dules\react-router\lib\components.tsx:225:3)

      123 |                     placeholder="email@company.com"
      124 |                     value={email}
    > 125 |                     onChange={(e) => setEmail(e.target.value)}
          |                                      ^
      126 |                     className="w-full rounded-md border 
border-gray-300 px-3 py-2 text-sm focus:outline-none focus:ring-2 
focus:ring-gray-900 disabled:opacity-50"
      127 |                 />
      128 |             </div>

      at printWarning 
(node_modules/react-dom/cjs/react-dom.development.js:86:30)
      at error (node_modules/react-dom/cjs/react-dom.development.js:60:7)
      at warnIfUpdatesNotWrappedWithActDEV 
(node_modules/react-dom/cjs/react-dom.development.js:27628:9)
      at scheduleUpdateOnFiber 
(node_modules/react-dom/cjs/react-dom.development.js:25547:5)
      at dispatchSetState 
(node_modules/react-dom/cjs/react-dom.development.js:16708:7)
      at onChange (src/auth/LoginForm/LoginForm.tsx:125:38)
      at HTMLUnknownElement.callCallback 
(node_modules/react-dom/cjs/react-dom.development.js:4164:14)
      at HTMLUnknownElement.callTheUserObjectsOperation 
(node_modules/jsdom/lib/jsdom/living/generated/EventListener.js:26:30)
      at innerInvokeEventListeners 
(node_modules/jsdom/lib/jsdom/living/events/EventTarget-impl.js:350:25)
      at invokeEventListeners 
(node_modules/jsdom/lib/jsdom/living/events/EventTarget-impl.js:286:3)
      at HTMLUnknownElementImpl._dispatch 
(node_modules/jsdom/lib/jsdom/living/events/EventTarget-impl.js:233:9)
      at HTMLUnknownElementImpl.dispatchEvent 
(node_modules/jsdom/lib/jsdom/living/events/EventTarget-impl.js:104:17)
      at HTMLUnknownElement.dispatchEvent 
(node_modules/jsdom/lib/jsdom/living/generated/EventTarget.js:241:34)
      at Object.invokeGuardedCallbackDev 
(node_modules/react-dom/cjs/react-dom.development.js:4213:16)
      at invokeGuardedCallback 
(node_modules/react-dom/cjs/react-dom.development.js:4277:31)
      at invokeGuardedCallbackAndCatchFirstError 
(node_modules/react-dom/cjs/react-dom.development.js:4291:25)
      at executeDispatch 
(node_modules/react-dom/cjs/react-dom.development.js:9041:3)
      at processDispatchQueueItemsInOrder 
(node_modules/react-dom/cjs/react-dom.development.js:9073:7)
      at processDispatchQueue 
(node_modules/react-dom/cjs/react-dom.development.js:9086:5)
      at dispatchEventsForPlugins 
(node_modules/react-dom/cjs/react-dom.development.js:9097:3)
      at node_modules/react-dom/cjs/react-dom.development.js:9288:12
      at batchedUpdates$1 
(node_modules/react-dom/cjs/react-dom.development.js:26179:12)
      at batchedUpdates 
(node_modules/react-dom/cjs/react-dom.development.js:3991:12)
      at dispatchEventForPluginEventSystem 
(node_modules/react-dom/cjs/react-dom.development.js:9287:3)
      at dispatchEventWithEnableCapturePhaseSelectiveHydrationWithoutDiscreteEv
entReplay (node_modules/react-dom/cjs/react-dom.development.js:6465:5)
      at dispatchEvent 
(node_modules/react-dom/cjs/react-dom.development.js:6457:5)
      at dispatchDiscreteEvent 
(node_modules/react-dom/cjs/react-dom.development.js:6430:5)
      at HTMLDivElement.callTheUserObjectsOperation 
(node_modules/jsdom/lib/jsdom/living/generated/EventListener.js:26:30)
      at innerInvokeEventListeners 
(node_modules/jsdom/lib/jsdom/living/events/EventTarget-impl.js:350:25)
      at invokeEventListeners 
(node_modules/jsdom/lib/jsdom/living/events/EventTarget-impl.js:286:3)
      at HTMLInputElementImpl._dispatch 
(node_modules/jsdom/lib/jsdom/living/events/EventTarget-impl.js:233:9)
      at HTMLInputElementImpl.dispatchEvent 
(node_modules/jsdom/lib/jsdom/living/events/EventTarget-impl.js:104:17)
      at HTMLInputElement.dispatchEvent 
(node_modules/jsdom/lib/jsdom/living/generated/EventTarget.js:241:34)
      at 
node_modules/@testing-library/user-event/dist/cjs/event/dispatchEvent.js:45:43
      at Object.eventWrapper 
(node_modules/@testing-library/dom/dist/config.js:25:23)
      at Object.wrapEvent 
(node_modules/@testing-library/user-event/dist/cjs/event/wrapEvent.js:6:28)
      at Object.dispatchEvent (node_modules/@testing-library/user-event/dist/cj
s/event/dispatchEvent.js:45:22)
      at Object.dispatchUIEvent (node_modules/@testing-library/user-event/dist/
cjs/event/dispatchEvent.js:22:26)
      at commitInput 
(node_modules/@testing-library/user-event/dist/cjs/event/input.js:145:14)
      at editInputElement 
(node_modules/@testing-library/user-event/dist/cjs/event/input.js:115:9)
      at Object.input 
(node_modules/@testing-library/user-event/dist/cjs/event/input.js:37:9)
      at node_modules/@testing-library/user-event/dist/cjs/event/behavior/keypr
ess.js:31:26
      at Object.dispatchEvent (node_modules/@testing-library/user-event/dist/cj
s/event/dispatchEvent.js:41:13)
      at Object.dispatchUIEvent (node_modules/@testing-library/user-event/dist/
cjs/event/dispatchEvent.js:22:26)
      at KeyboardHost.keydown 
(node_modules/@testing-library/user-event/dist/cjs/system/keyboard.js:76:22)
      at keyboardAction 
(node_modules/@testing-library/user-event/dist/cjs/keyboard/index.js:22:35)
      at Object.keyboard 
(node_modules/@testing-library/user-event/dist/cjs/keyboard/index.js:11:15)
      at Object.type 
(node_modules/@testing-library/user-event/dist/cjs/utility/type.js:17:5)
      at Object.<anonymous> (src/auth/auth.test.tsx:119:9)

    console.error
      Warning: An update to LoginForm inside a test was not wrapped in 
act(...).
      
      When testing, code that causes React state updates should be wrapped 
into act(...):
      
      act(() => {
        /* fire events that update state */
      });
      /* assert on the output */
      
      This ensures that you're testing the behavior the user would see in the 
browser. Learn more at https://reactjs.org/link/wrap-tests-with-act
          at LoginForm (C:\Users\samhe\OneDrive\Desktop\Cleaned\frontend\src\au
th\LoginForm\LoginForm.tsx:41:33)
          at div
          at div
          at LoginPage
          at routeContext (C:\Users\samhe\OneDrive\Desktop\Cleaned\frontend\nod
e_modules\react-router\lib\hooks.tsx:658:26)
          at children (C:\Users\samhe\OneDrive\Desktop\Cleaned\frontend\node_mo
dules\react-router\lib\components.tsx:512:3)
          at basenameProp (C:\Users\samhe\OneDrive\Desktop\Cleaned\frontend\nod
e_modules\react-router\lib\components.tsx:421:13)
          at basename (C:\Users\samhe\OneDrive\Desktop\Cleaned\frontend\node_mo
dules\react-router\lib\components.tsx:225:3)

      123 |                     placeholder="email@company.com"
      124 |                     value={email}
    > 125 |                     onChange={(e) => setEmail(e.target.value)}
          |                                      ^
      126 |                     className="w-full rounded-md border 
border-gray-300 px-3 py-2 text-sm focus:outline-none focus:ring-2 
focus:ring-gray-900 disabled:opacity-50"
      127 |                 />
      128 |             </div>

      at printWarning 
(node_modules/react-dom/cjs/react-dom.development.js:86:30)
      at error (node_modules/react-dom/cjs/react-dom.development.js:60:7)
      at warnIfUpdatesNotWrappedWithActDEV 
(node_modules/react-dom/cjs/react-dom.development.js:27628:9)
      at scheduleUpdateOnFiber 
(node_modules/react-dom/cjs/react-dom.development.js:25547:5)
      at dispatchSetState 
(node_modules/react-dom/cjs/react-dom.development.js:16708:7)
      at onChange (src/auth/LoginForm/LoginForm.tsx:125:38)
      at HTMLUnknownElement.callCallback 
(node_modules/react-dom/cjs/react-dom.development.js:4164:14)
      at HTMLUnknownElement.callTheUserObjectsOperation 
(node_modules/jsdom/lib/jsdom/living/generated/EventListener.js:26:30)
      at innerInvokeEventListeners 
(node_modules/jsdom/lib/jsdom/living/events/EventTarget-impl.js:350:25)
      at invokeEventListeners 
(node_modules/jsdom/lib/jsdom/living/events/EventTarget-impl.js:286:3)
      at HTMLUnknownElementImpl._dispatch 
(node_modules/jsdom/lib/jsdom/living/events/EventTarget-impl.js:233:9)
      at HTMLUnknownElementImpl.dispatchEvent 
(node_modules/jsdom/lib/jsdom/living/events/EventTarget-impl.js:104:17)
      at HTMLUnknownElement.dispatchEvent 
(node_modules/jsdom/lib/jsdom/living/generated/EventTarget.js:241:34)
      at Object.invokeGuardedCallbackDev 
(node_modules/react-dom/cjs/react-dom.development.js:4213:16)
      at invokeGuardedCallback 
(node_modules/react-dom/cjs/react-dom.development.js:4277:31)
      at invokeGuardedCallbackAndCatchFirstError 
(node_modules/react-dom/cjs/react-dom.development.js:4291:25)
      at executeDispatch 
(node_modules/react-dom/cjs/react-dom.development.js:9041:3)
      at processDispatchQueueItemsInOrder 
(node_modules/react-dom/cjs/react-dom.development.js:9073:7)
      at processDispatchQueue 
(node_modules/react-dom/cjs/react-dom.development.js:9086:5)
      at dispatchEventsForPlugins 
(node_modules/react-dom/cjs/react-dom.development.js:9097:3)
      at node_modules/react-dom/cjs/react-dom.development.js:9288:12
      at batchedUpdates$1 
(node_modules/react-dom/cjs/react-dom.development.js:26179:12)
      at batchedUpdates 
(node_modules/react-dom/cjs/react-dom.development.js:3991:12)
      at dispatchEventForPluginEventSystem 
(node_modules/react-dom/cjs/react-dom.development.js:9287:3)
      at dispatchEventWithEnableCapturePhaseSelectiveHydrationWithoutDiscreteEv
entReplay (node_modules/react-dom/cjs/react-dom.development.js:6465:5)
      at dispatchEvent 
(node_modules/react-dom/cjs/react-dom.development.js:6457:5)
      at dispatchDiscreteEvent 
(node_modules/react-dom/cjs/react-dom.development.js:6430:5)
      at HTMLDivElement.callTheUserObjectsOperation 
(node_modules/jsdom/lib/jsdom/living/generated/EventListener.js:26:30)
      at innerInvokeEventListeners 
(node_modules/jsdom/lib/jsdom/living/events/EventTarget-impl.js:350:25)
      at invokeEventListeners 
(node_modules/jsdom/lib/jsdom/living/events/EventTarget-impl.js:286:3)
      at HTMLInputElementImpl._dispatch 
(node_modules/jsdom/lib/jsdom/living/events/EventTarget-impl.js:233:9)
      at HTMLInputElementImpl.dispatchEvent 
(node_modules/jsdom/lib/jsdom/living/events/EventTarget-impl.js:104:17)
      at HTMLInputElement.dispatchEvent 
(node_modules/jsdom/lib/jsdom/living/generated/EventTarget.js:241:34)
      at 
node_modules/@testing-library/user-event/dist/cjs/event/dispatchEvent.js:45:43
      at Object.eventWrapper 
(node_modules/@testing-library/dom/dist/config.js:25:23)
      at Object.wrapEvent 
(node_modules/@testing-library/user-event/dist/cjs/event/wrapEvent.js:6:28)
      at Object.dispatchEvent (node_modules/@testing-library/user-event/dist/cj
s/event/dispatchEvent.js:45:22)
      at Object.dispatchUIEvent (node_modules/@testing-library/user-event/dist/
cjs/event/dispatchEvent.js:22:26)
      at commitInput 
(node_modules/@testing-library/user-event/dist/cjs/event/input.js:145:14)
      at editInputElement 
(node_modules/@testing-library/user-event/dist/cjs/event/input.js:115:9)
      at Object.input 
(node_modules/@testing-library/user-event/dist/cjs/event/input.js:37:9)
      at node_modules/@testing-library/user-event/dist/cjs/event/behavior/keypr
ess.js:31:26
      at Object.dispatchEvent (node_modules/@testing-library/user-event/dist/cj
s/event/dispatchEvent.js:41:13)
      at Object.dispatchUIEvent (node_modules/@testing-library/user-event/dist/
cjs/event/dispatchEvent.js:22:26)
      at KeyboardHost.keydown 
(node_modules/@testing-library/user-event/dist/cjs/system/keyboard.js:76:22)
      at keyboardAction 
(node_modules/@testing-library/user-event/dist/cjs/keyboard/index.js:22:35)
      at Object.keyboard 
(node_modules/@testing-library/user-event/dist/cjs/keyboard/index.js:11:15)
      at Object.type 
(node_modules/@testing-library/user-event/dist/cjs/utility/type.js:17:5)
      at Object.<anonymous> (src/auth/auth.test.tsx:119:9)

    console.error
      Warning: An update to LoginForm inside a test was not wrapped in 
act(...).
      
      When testing, code that causes React state updates should be wrapped 
into act(...):
      
      act(() => {
        /* fire events that update state */
      });
      /* assert on the output */
      
      This ensures that you're testing the behavior the user would see in the 
browser. Learn more at https://reactjs.org/link/wrap-tests-with-act
          at LoginForm (C:\Users\samhe\OneDrive\Desktop\Cleaned\frontend\src\au
th\LoginForm\LoginForm.tsx:41:33)
          at div
          at div
          at LoginPage
          at routeContext (C:\Users\samhe\OneDrive\Desktop\Cleaned\frontend\nod
e_modules\react-router\lib\hooks.tsx:658:26)
          at children (C:\Users\samhe\OneDrive\Desktop\Cleaned\frontend\node_mo
dules\react-router\lib\components.tsx:512:3)
          at basenameProp (C:\Users\samhe\OneDrive\Desktop\Cleaned\frontend\nod
e_modules\react-router\lib\components.tsx:421:13)
          at basename (C:\Users\samhe\OneDrive\Desktop\Cleaned\frontend\node_mo
dules\react-router\lib\components.tsx:225:3)

      123 |                     placeholder="email@company.com"
      124 |                     value={email}
    > 125 |                     onChange={(e) => setEmail(e.target.value)}
          |                                      ^
      126 |                     className="w-full rounded-md border 
border-gray-300 px-3 py-2 text-sm focus:outline-none focus:ring-2 
focus:ring-gray-900 disabled:opacity-50"
      127 |                 />
      128 |             </div>

      at printWarning 
(node_modules/react-dom/cjs/react-dom.development.js:86:30)
      at error (node_modules/react-dom/cjs/react-dom.development.js:60:7)
      at warnIfUpdatesNotWrappedWithActDEV 
(node_modules/react-dom/cjs/react-dom.development.js:27628:9)
      at scheduleUpdateOnFiber 
(node_modules/react-dom/cjs/react-dom.development.js:25547:5)
      at dispatchSetState 
(node_modules/react-dom/cjs/react-dom.development.js:16708:7)
      at onChange (src/auth/LoginForm/LoginForm.tsx:125:38)
      at HTMLUnknownElement.callCallback 
(node_modules/react-dom/cjs/react-dom.development.js:4164:14)
      at HTMLUnknownElement.callTheUserObjectsOperation 
(node_modules/jsdom/lib/jsdom/living/generated/EventListener.js:26:30)
      at innerInvokeEventListeners 
(node_modules/jsdom/lib/jsdom/living/events/EventTarget-impl.js:350:25)
      at invokeEventListeners 
(node_modules/jsdom/lib/jsdom/living/events/EventTarget-impl.js:286:3)
      at HTMLUnknownElementImpl._dispatch 
(node_modules/jsdom/lib/jsdom/living/events/EventTarget-impl.js:233:9)
      at HTMLUnknownElementImpl.dispatchEvent 
(node_modules/jsdom/lib/jsdom/living/events/EventTarget-impl.js:104:17)
      at HTMLUnknownElement.dispatchEvent 
(node_modules/jsdom/lib/jsdom/living/generated/EventTarget.js:241:34)
      at Object.invokeGuardedCallbackDev 
(node_modules/react-dom/cjs/react-dom.development.js:4213:16)
      at invokeGuardedCallback 
(node_modules/react-dom/cjs/react-dom.development.js:4277:31)
      at invokeGuardedCallbackAndCatchFirstError 
(node_modules/react-dom/cjs/react-dom.development.js:4291:25)
      at executeDispatch 
(node_modules/react-dom/cjs/react-dom.development.js:9041:3)
      at processDispatchQueueItemsInOrder 
(node_modules/react-dom/cjs/react-dom.development.js:9073:7)
      at processDispatchQueue 
(node_modules/react-dom/cjs/react-dom.development.js:9086:5)
      at dispatchEventsForPlugins 
(node_modules/react-dom/cjs/react-dom.development.js:9097:3)
      at node_modules/react-dom/cjs/react-dom.development.js:9288:12
      at batchedUpdates$1 
(node_modules/react-dom/cjs/react-dom.development.js:26179:12)
      at batchedUpdates 
(node_modules/react-dom/cjs/react-dom.development.js:3991:12)
      at dispatchEventForPluginEventSystem 
(node_modules/react-dom/cjs/react-dom.development.js:9287:3)
      at dispatchEventWithEnableCapturePhaseSelectiveHydrationWithoutDiscreteEv
entReplay (node_modules/react-dom/cjs/react-dom.development.js:6465:5)
      at dispatchEvent 
(node_modules/react-dom/cjs/react-dom.development.js:6457:5)
      at dispatchDiscreteEvent 
(node_modules/react-dom/cjs/react-dom.development.js:6430:5)
      at HTMLDivElement.callTheUserObjectsOperation 
(node_modules/jsdom/lib/jsdom/living/generated/EventListener.js:26:30)
      at innerInvokeEventListeners 
(node_modules/jsdom/lib/jsdom/living/events/EventTarget-impl.js:350:25)
      at invokeEventListeners 
(node_modules/jsdom/lib/jsdom/living/events/EventTarget-impl.js:286:3)
      at HTMLInputElementImpl._dispatch 
(node_modules/jsdom/lib/jsdom/living/events/EventTarget-impl.js:233:9)
      at HTMLInputElementImpl.dispatchEvent 
(node_modules/jsdom/lib/jsdom/living/events/EventTarget-impl.js:104:17)
      at HTMLInputElement.dispatchEvent 
(node_modules/jsdom/lib/jsdom/living/generated/EventTarget.js:241:34)
      at 
node_modules/@testing-library/user-event/dist/cjs/event/dispatchEvent.js:45:43
      at Object.eventWrapper 
(node_modules/@testing-library/dom/dist/config.js:25:23)
      at Object.wrapEvent 
(node_modules/@testing-library/user-event/dist/cjs/event/wrapEvent.js:6:28)
      at Object.dispatchEvent (node_modules/@testing-library/user-event/dist/cj
s/event/dispatchEvent.js:45:22)
      at Object.dispatchUIEvent (node_modules/@testing-library/user-event/dist/
cjs/event/dispatchEvent.js:22:26)
      at commitInput 
(node_modules/@testing-library/user-event/dist/cjs/event/input.js:145:14)
      at editInputElement 
(node_modules/@testing-library/user-event/dist/cjs/event/input.js:115:9)
      at Object.input 
(node_modules/@testing-library/user-event/dist/cjs/event/input.js:37:9)
      at node_modules/@testing-library/user-event/dist/cjs/event/behavior/keypr
ess.js:31:26
      at Object.dispatchEvent (node_modules/@testing-library/user-event/dist/cj
s/event/dispatchEvent.js:41:13)
      at Object.dispatchUIEvent (node_modules/@testing-library/user-event/dist/
cjs/event/dispatchEvent.js:22:26)
      at KeyboardHost.keydown 
(node_modules/@testing-library/user-event/dist/cjs/system/keyboard.js:76:22)
      at keyboardAction 
(node_modules/@testing-library/user-event/dist/cjs/keyboard/index.js:22:35)
      at Object.keyboard 
(node_modules/@testing-library/user-event/dist/cjs/keyboard/index.js:11:15)
      at Object.type 
(node_modules/@testing-library/user-event/dist/cjs/utility/type.js:17:5)
      at Object.<anonymous> (src/auth/auth.test.tsx:119:9)

    console.error
      Warning: An update to LoginForm inside a test was not wrapped in 
act(...).
      
      When testing, code that causes React state updates should be wrapped 
into act(...):
      
      act(() => {
        /* fire events that update state */
      });
      /* assert on the output */
      
      This ensures that you're testing the behavior the user would see in the 
browser. Learn more at https://reactjs.org/link/wrap-tests-with-act
          at LoginForm (C:\Users\samhe\OneDrive\Desktop\Cleaned\frontend\src\au
th\LoginForm\LoginForm.tsx:41:33)
          at div
          at div
          at LoginPage
          at routeContext (C:\Users\samhe\OneDrive\Desktop\Cleaned\frontend\nod
e_modules\react-router\lib\hooks.tsx:658:26)
          at children (C:\Users\samhe\OneDrive\Desktop\Cleaned\frontend\node_mo
dules\react-router\lib\components.tsx:512:3)
          at basenameProp (C:\Users\samhe\OneDrive\Desktop\Cleaned\frontend\nod
e_modules\react-router\lib\components.tsx:421:13)
          at basename (C:\Users\samhe\OneDrive\Desktop\Cleaned\frontend\node_mo
dules\react-router\lib\components.tsx:225:3)

      123 |                     placeholder="email@company.com"
      124 |                     value={email}
    > 125 |                     onChange={(e) => setEmail(e.target.value)}
          |                                      ^
      126 |                     className="w-full rounded-md border 
border-gray-300 px-3 py-2 text-sm focus:outline-none focus:ring-2 
focus:ring-gray-900 disabled:opacity-50"
      127 |                 />
      128 |             </div>

      at printWarning 
(node_modules/react-dom/cjs/react-dom.development.js:86:30)
      at error (node_modules/react-dom/cjs/react-dom.development.js:60:7)
      at warnIfUpdatesNotWrappedWithActDEV 
(node_modules/react-dom/cjs/react-dom.development.js:27628:9)
      at scheduleUpdateOnFiber 
(node_modules/react-dom/cjs/react-dom.development.js:25547:5)
      at dispatchSetState 
(node_modules/react-dom/cjs/react-dom.development.js:16708:7)
      at onChange (src/auth/LoginForm/LoginForm.tsx:125:38)
      at HTMLUnknownElement.callCallback 
(node_modules/react-dom/cjs/react-dom.development.js:4164:14)
      at HTMLUnknownElement.callTheUserObjectsOperation 
(node_modules/jsdom/lib/jsdom/living/generated/EventListener.js:26:30)
      at innerInvokeEventListeners 
(node_modules/jsdom/lib/jsdom/living/events/EventTarget-impl.js:350:25)
      at invokeEventListeners 
(node_modules/jsdom/lib/jsdom/living/events/EventTarget-impl.js:286:3)
      at HTMLUnknownElementImpl._dispatch 
(node_modules/jsdom/lib/jsdom/living/events/EventTarget-impl.js:233:9)
      at HTMLUnknownElementImpl.dispatchEvent 
(node_modules/jsdom/lib/jsdom/living/events/EventTarget-impl.js:104:17)
      at HTMLUnknownElement.dispatchEvent 
(node_modules/jsdom/lib/jsdom/living/generated/EventTarget.js:241:34)
      at Object.invokeGuardedCallbackDev 
(node_modules/react-dom/cjs/react-dom.development.js:4213:16)
      at invokeGuardedCallback 
(node_modules/react-dom/cjs/react-dom.development.js:4277:31)
      at invokeGuardedCallbackAndCatchFirstError 
(node_modules/react-dom/cjs/react-dom.development.js:4291:25)
      at executeDispatch 
(node_modules/react-dom/cjs/react-dom.development.js:9041:3)
      at processDispatchQueueItemsInOrder 
(node_modules/react-dom/cjs/react-dom.development.js:9073:7)
      at processDispatchQueue 
(node_modules/react-dom/cjs/react-dom.development.js:9086:5)
      at dispatchEventsForPlugins 
(node_modules/react-dom/cjs/react-dom.development.js:9097:3)
      at node_modules/react-dom/cjs/react-dom.development.js:9288:12
      at batchedUpdates$1 
(node_modules/react-dom/cjs/react-dom.development.js:26179:12)
      at batchedUpdates 
(node_modules/react-dom/cjs/react-dom.development.js:3991:12)
      at dispatchEventForPluginEventSystem 
(node_modules/react-dom/cjs/react-dom.development.js:9287:3)
      at dispatchEventWithEnableCapturePhaseSelectiveHydrationWithoutDiscreteEv
entReplay (node_modules/react-dom/cjs/react-dom.development.js:6465:5)
      at dispatchEvent 
(node_modules/react-dom/cjs/react-dom.development.js:6457:5)
      at dispatchDiscreteEvent 
(node_modules/react-dom/cjs/react-dom.development.js:6430:5)
      at HTMLDivElement.callTheUserObjectsOperation 
(node_modules/jsdom/lib/jsdom/living/generated/EventListener.js:26:30)
      at innerInvokeEventListeners 
(node_modules/jsdom/lib/jsdom/living/events/EventTarget-impl.js:350:25)
      at invokeEventListeners 
(node_modules/jsdom/lib/jsdom/living/events/EventTarget-impl.js:286:3)
      at HTMLInputElementImpl._dispatch 
(node_modules/jsdom/lib/jsdom/living/events/EventTarget-impl.js:233:9)
      at HTMLInputElementImpl.dispatchEvent 
(node_modules/jsdom/lib/jsdom/living/events/EventTarget-impl.js:104:17)
      at HTMLInputElement.dispatchEvent 
(node_modules/jsdom/lib/jsdom/living/generated/EventTarget.js:241:34)
      at 
node_modules/@testing-library/user-event/dist/cjs/event/dispatchEvent.js:45:43
      at Object.eventWrapper 
(node_modules/@testing-library/dom/dist/config.js:25:23)
      at Object.wrapEvent 
(node_modules/@testing-library/user-event/dist/cjs/event/wrapEvent.js:6:28)
      at Object.dispatchEvent (node_modules/@testing-library/user-event/dist/cj
s/event/dispatchEvent.js:45:22)
      at Object.dispatchUIEvent (node_modules/@testing-library/user-event/dist/
cjs/event/dispatchEvent.js:22:26)
      at commitInput 
(node_modules/@testing-library/user-event/dist/cjs/event/input.js:145:14)
      at editInputElement 
(node_modules/@testing-library/user-event/dist/cjs/event/input.js:115:9)
      at Object.input 
(node_modules/@testing-library/user-event/dist/cjs/event/input.js:37:9)
      at node_modules/@testing-library/user-event/dist/cjs/event/behavior/keypr
ess.js:31:26
      at Object.dispatchEvent (node_modules/@testing-library/user-event/dist/cj
s/event/dispatchEvent.js:41:13)
      at Object.dispatchUIEvent (node_modules/@testing-library/user-event/dist/
cjs/event/dispatchEvent.js:22:26)
      at KeyboardHost.keydown 
(node_modules/@testing-library/user-event/dist/cjs/system/keyboard.js:76:22)
      at keyboardAction 
(node_modules/@testing-library/user-event/dist/cjs/keyboard/index.js:22:35)
      at Object.keyboard 
(node_modules/@testing-library/user-event/dist/cjs/keyboard/index.js:11:15)
      at Object.type 
(node_modules/@testing-library/user-event/dist/cjs/utility/type.js:17:5)
      at Object.<anonymous> (src/auth/auth.test.tsx:119:9)

    console.error
      Warning: An update to LoginForm inside a test was not wrapped in 
act(...).
      
      When testing, code that causes React state updates should be wrapped 
into act(...):
      
      act(() => {
        /* fire events that update state */
      });
      /* assert on the output */
      
      This ensures that you're testing the behavior the user would see in the 
browser. Learn more at https://reactjs.org/link/wrap-tests-with-act
          at LoginForm (C:\Users\samhe\OneDrive\Desktop\Cleaned\frontend\src\au
th\LoginForm\LoginForm.tsx:41:33)
          at div
          at div
          at LoginPage
          at routeContext (C:\Users\samhe\OneDrive\Desktop\Cleaned\frontend\nod
e_modules\react-router\lib\hooks.tsx:658:26)
          at children (C:\Users\samhe\OneDrive\Desktop\Cleaned\frontend\node_mo
dules\react-router\lib\components.tsx:512:3)
          at basenameProp (C:\Users\samhe\OneDrive\Desktop\Cleaned\frontend\nod
e_modules\react-router\lib\components.tsx:421:13)
          at basename (C:\Users\samhe\OneDrive\Desktop\Cleaned\frontend\node_mo
dules\react-router\lib\components.tsx:225:3)

      123 |                     placeholder="email@company.com"
      124 |                     value={email}
    > 125 |                     onChange={(e) => setEmail(e.target.value)}
          |                                      ^
      126 |                     className="w-full rounded-md border 
border-gray-300 px-3 py-2 text-sm focus:outline-none focus:ring-2 
focus:ring-gray-900 disabled:opacity-50"
      127 |                 />
      128 |             </div>

      at printWarning 
(node_modules/react-dom/cjs/react-dom.development.js:86:30)
      at error (node_modules/react-dom/cjs/react-dom.development.js:60:7)
      at warnIfUpdatesNotWrappedWithActDEV 
(node_modules/react-dom/cjs/react-dom.development.js:27628:9)
      at scheduleUpdateOnFiber 
(node_modules/react-dom/cjs/react-dom.development.js:25547:5)
      at dispatchSetState 
(node_modules/react-dom/cjs/react-dom.development.js:16708:7)
      at onChange (src/auth/LoginForm/LoginForm.tsx:125:38)
      at HTMLUnknownElement.callCallback 
(node_modules/react-dom/cjs/react-dom.development.js:4164:14)
      at HTMLUnknownElement.callTheUserObjectsOperation 
(node_modules/jsdom/lib/jsdom/living/generated/EventListener.js:26:30)
      at innerInvokeEventListeners 
(node_modules/jsdom/lib/jsdom/living/events/EventTarget-impl.js:350:25)
      at invokeEventListeners 
(node_modules/jsdom/lib/jsdom/living/events/EventTarget-impl.js:286:3)
      at HTMLUnknownElementImpl._dispatch 
(node_modules/jsdom/lib/jsdom/living/events/EventTarget-impl.js:233:9)
      at HTMLUnknownElementImpl.dispatchEvent 
(node_modules/jsdom/lib/jsdom/living/events/EventTarget-impl.js:104:17)
      at HTMLUnknownElement.dispatchEvent 
(node_modules/jsdom/lib/jsdom/living/generated/EventTarget.js:241:34)
      at Object.invokeGuardedCallbackDev 
(node_modules/react-dom/cjs/react-dom.development.js:4213:16)
      at invokeGuardedCallback 
(node_modules/react-dom/cjs/react-dom.development.js:4277:31)
      at invokeGuardedCallbackAndCatchFirstError 
(node_modules/react-dom/cjs/react-dom.development.js:4291:25)
      at executeDispatch 
(node_modules/react-dom/cjs/react-dom.development.js:9041:3)
      at processDispatchQueueItemsInOrder 
(node_modules/react-dom/cjs/react-dom.development.js:9073:7)
      at processDispatchQueue 
(node_modules/react-dom/cjs/react-dom.development.js:9086:5)
      at dispatchEventsForPlugins 
(node_modules/react-dom/cjs/react-dom.development.js:9097:3)
      at node_modules/react-dom/cjs/react-dom.development.js:9288:12
      at batchedUpdates$1 
(node_modules/react-dom/cjs/react-dom.development.js:26179:12)
      at batchedUpdates 
(node_modules/react-dom/cjs/react-dom.development.js:3991:12)
      at dispatchEventForPluginEventSystem 
(node_modules/react-dom/cjs/react-dom.development.js:9287:3)
      at dispatchEventWithEnableCapturePhaseSelectiveHydrationWithoutDiscreteEv
entReplay (node_modules/react-dom/cjs/react-dom.development.js:6465:5)
      at dispatchEvent 
(node_modules/react-dom/cjs/react-dom.development.js:6457:5)
      at dispatchDiscreteEvent 
(node_modules/react-dom/cjs/react-dom.development.js:6430:5)
      at HTMLDivElement.callTheUserObjectsOperation 
(node_modules/jsdom/lib/jsdom/living/generated/EventListener.js:26:30)
      at innerInvokeEventListeners 
(node_modules/jsdom/lib/jsdom/living/events/EventTarget-impl.js:350:25)
      at invokeEventListeners 
(node_modules/jsdom/lib/jsdom/living/events/EventTarget-impl.js:286:3)
      at HTMLInputElementImpl._dispatch 
(node_modules/jsdom/lib/jsdom/living/events/EventTarget-impl.js:233:9)
      at HTMLInputElementImpl.dispatchEvent 
(node_modules/jsdom/lib/jsdom/living/events/EventTarget-impl.js:104:17)
      at HTMLInputElement.dispatchEvent 
(node_modules/jsdom/lib/jsdom/living/generated/EventTarget.js:241:34)
      at 
node_modules/@testing-library/user-event/dist/cjs/event/dispatchEvent.js:45:43
      at Object.eventWrapper 
(node_modules/@testing-library/dom/dist/config.js:25:23)
      at Object.wrapEvent 
(node_modules/@testing-library/user-event/dist/cjs/event/wrapEvent.js:6:28)
      at Object.dispatchEvent (node_modules/@testing-library/user-event/dist/cj
s/event/dispatchEvent.js:45:22)
      at Object.dispatchUIEvent (node_modules/@testing-library/user-event/dist/
cjs/event/dispatchEvent.js:22:26)
      at commitInput 
(node_modules/@testing-library/user-event/dist/cjs/event/input.js:145:14)
      at editInputElement 
(node_modules/@testing-library/user-event/dist/cjs/event/input.js:115:9)
      at Object.input 
(node_modules/@testing-library/user-event/dist/cjs/event/input.js:37:9)
      at node_modules/@testing-library/user-event/dist/cjs/event/behavior/keypr
ess.js:31:26
      at Object.dispatchEvent (node_modules/@testing-library/user-event/dist/cj
s/event/dispatchEvent.js:41:13)
      at Object.dispatchUIEvent (node_modules/@testing-library/user-event/dist/
cjs/event/dispatchEvent.js:22:26)
      at KeyboardHost.keydown 
(node_modules/@testing-library/user-event/dist/cjs/system/keyboard.js:76:22)
      at keyboardAction 
(node_modules/@testing-library/user-event/dist/cjs/keyboard/index.js:22:35)
      at Object.keyboard 
(node_modules/@testing-library/user-event/dist/cjs/keyboard/index.js:11:15)
      at Object.type 
(node_modules/@testing-library/user-event/dist/cjs/utility/type.js:17:5)
      at Object.<anonymous> (src/auth/auth.test.tsx:119:9)

    console.error
      Warning: An update to LoginForm inside a test was not wrapped in 
act(...).
      
      When testing, code that causes React state updates should be wrapped 
into act(...):
      
      act(() => {
        /* fire events that update state */
      });
      /* assert on the output */
      
      This ensures that you're testing the behavior the user would see in the 
browser. Learn more at https://reactjs.org/link/wrap-tests-with-act
          at LoginForm (C:\Users\samhe\OneDrive\Desktop\Cleaned\frontend\src\au
th\LoginForm\LoginForm.tsx:41:33)
          at div
          at div
          at LoginPage
          at routeContext (C:\Users\samhe\OneDrive\Desktop\Cleaned\frontend\nod
e_modules\react-router\lib\hooks.tsx:658:26)
          at children (C:\Users\samhe\OneDrive\Desktop\Cleaned\frontend\node_mo
dules\react-router\lib\components.tsx:512:3)
          at basenameProp (C:\Users\samhe\OneDrive\Desktop\Cleaned\frontend\nod
e_modules\react-router\lib\components.tsx:421:13)
          at basename (C:\Users\samhe\OneDrive\Desktop\Cleaned\frontend\node_mo
dules\react-router\lib\components.tsx:225:3)

      141 |                         placeholder="Enter your password"
      142 |                         value={password}
    > 143 |                         onChange={(e) => 
setPassword(e.target.value)}
          |                                          ^
      144 |                         className="w-full rounded-md border 
border-gray-300 px-3 py-2 pr-10 text-sm focus:outline-none focus:ring-2 
focus:ring-gray-900 disabled:opacity-50"
      145 |                     />
      146 |                     <button

      at printWarning 
(node_modules/react-dom/cjs/react-dom.development.js:86:30)
      at error (node_modules/react-dom/cjs/react-dom.development.js:60:7)
      at warnIfUpdatesNotWrappedWithActDEV 
(node_modules/react-dom/cjs/react-dom.development.js:27628:9)
      at scheduleUpdateOnFiber 
(node_modules/react-dom/cjs/react-dom.development.js:25547:5)
      at dispatchSetState 
(node_modules/react-dom/cjs/react-dom.development.js:16708:7)
      at onChange (src/auth/LoginForm/LoginForm.tsx:143:42)
      at HTMLUnknownElement.callCallback 
(node_modules/react-dom/cjs/react-dom.development.js:4164:14)
      at HTMLUnknownElement.callTheUserObjectsOperation 
(node_modules/jsdom/lib/jsdom/living/generated/EventListener.js:26:30)
      at innerInvokeEventListeners 
(node_modules/jsdom/lib/jsdom/living/events/EventTarget-impl.js:350:25)
      at invokeEventListeners 
(node_modules/jsdom/lib/jsdom/living/events/EventTarget-impl.js:286:3)
      at HTMLUnknownElementImpl._dispatch 
(node_modules/jsdom/lib/jsdom/living/events/EventTarget-impl.js:233:9)
      at HTMLUnknownElementImpl.dispatchEvent 
(node_modules/jsdom/lib/jsdom/living/events/EventTarget-impl.js:104:17)
      at HTMLUnknownElement.dispatchEvent 
(node_modules/jsdom/lib/jsdom/living/generated/EventTarget.js:241:34)
      at Object.invokeGuardedCallbackDev 
(node_modules/react-dom/cjs/react-dom.development.js:4213:16)
      at invokeGuardedCallback 
(node_modules/react-dom/cjs/react-dom.development.js:4277:31)
      at invokeGuardedCallbackAndCatchFirstError 
(node_modules/react-dom/cjs/react-dom.development.js:4291:25)
      at executeDispatch 
(node_modules/react-dom/cjs/react-dom.development.js:9041:3)
      at processDispatchQueueItemsInOrder 
(node_modules/react-dom/cjs/react-dom.development.js:9073:7)
      at processDispatchQueue 
(node_modules/react-dom/cjs/react-dom.development.js:9086:5)
      at dispatchEventsForPlugins 
(node_modules/react-dom/cjs/react-dom.development.js:9097:3)
      at node_modules/react-dom/cjs/react-dom.development.js:9288:12
      at batchedUpdates$1 
(node_modules/react-dom/cjs/react-dom.development.js:26179:12)
      at batchedUpdates 
(node_modules/react-dom/cjs/react-dom.development.js:3991:12)
      at dispatchEventForPluginEventSystem 
(node_modules/react-dom/cjs/react-dom.development.js:9287:3)
      at dispatchEventWithEnableCapturePhaseSelectiveHydrationWithoutDiscreteEv
entReplay (node_modules/react-dom/cjs/react-dom.development.js:6465:5)
      at dispatchEvent 
(node_modules/react-dom/cjs/react-dom.development.js:6457:5)
      at dispatchDiscreteEvent 
(node_modules/react-dom/cjs/react-dom.development.js:6430:5)
      at HTMLDivElement.callTheUserObjectsOperation 
(node_modules/jsdom/lib/jsdom/living/generated/EventListener.js:26:30)
      at innerInvokeEventListeners 
(node_modules/jsdom/lib/jsdom/living/events/EventTarget-impl.js:350:25)
      at invokeEventListeners 
(node_modules/jsdom/lib/jsdom/living/events/EventTarget-impl.js:286:3)
      at HTMLInputElementImpl._dispatch 
(node_modules/jsdom/lib/jsdom/living/events/EventTarget-impl.js:233:9)
      at HTMLInputElementImpl.dispatchEvent 
(node_modules/jsdom/lib/jsdom/living/events/EventTarget-impl.js:104:17)
      at HTMLInputElement.dispatchEvent 
(node_modules/jsdom/lib/jsdom/living/generated/EventTarget.js:241:34)
      at 
node_modules/@testing-library/user-event/dist/cjs/event/dispatchEvent.js:45:43
      at Object.eventWrapper 
(node_modules/@testing-library/dom/dist/config.js:25:23)
      at Object.wrapEvent 
(node_modules/@testing-library/user-event/dist/cjs/event/wrapEvent.js:6:28)
      at Object.dispatchEvent (node_modules/@testing-library/user-event/dist/cj
s/event/dispatchEvent.js:45:22)
      at Object.dispatchUIEvent (node_modules/@testing-library/user-event/dist/
cjs/event/dispatchEvent.js:22:26)
      at commitInput 
(node_modules/@testing-library/user-event/dist/cjs/event/input.js:145:14)
      at editInputElement 
(node_modules/@testing-library/user-event/dist/cjs/event/input.js:115:9)
      at Object.input 
(node_modules/@testing-library/user-event/dist/cjs/event/input.js:37:9)
      at node_modules/@testing-library/user-event/dist/cjs/event/behavior/keypr
ess.js:31:26
      at Object.dispatchEvent (node_modules/@testing-library/user-event/dist/cj
s/event/dispatchEvent.js:41:13)
      at Object.dispatchUIEvent (node_modules/@testing-library/user-event/dist/
cjs/event/dispatchEvent.js:22:26)
      at KeyboardHost.keydown 
(node_modules/@testing-library/user-event/dist/cjs/system/keyboard.js:76:22)
      at keyboardAction 
(node_modules/@testing-library/user-event/dist/cjs/keyboard/index.js:22:35)
      at Object.keyboard 
(node_modules/@testing-library/user-event/dist/cjs/keyboard/index.js:11:15)
      at Object.type 
(node_modules/@testing-library/user-event/dist/cjs/utility/type.js:17:5)
      at Object.<anonymous> (src/auth/auth.test.tsx:120:9)

    console.error
      Warning: An update to LoginForm inside a test was not wrapped in 
act(...).
      
      When testing, code that causes React state updates should be wrapped 
into act(...):
      
      act(() => {
        /* fire events that update state */
      });
      /* assert on the output */
      
      This ensures that you're testing the behavior the user would see in the 
browser. Learn more at https://reactjs.org/link/wrap-tests-with-act
          at LoginForm (C:\Users\samhe\OneDrive\Desktop\Cleaned\frontend\src\au
th\LoginForm\LoginForm.tsx:41:33)
          at div
          at div
          at LoginPage
          at routeContext (C:\Users\samhe\OneDrive\Desktop\Cleaned\frontend\nod
e_modules\react-router\lib\hooks.tsx:658:26)
          at children (C:\Users\samhe\OneDrive\Desktop\Cleaned\frontend\node_mo
dules\react-router\lib\components.tsx:512:3)
          at basenameProp (C:\Users\samhe\OneDrive\Desktop\Cleaned\frontend\nod
e_modules\react-router\lib\components.tsx:421:13)
          at basename (C:\Users\samhe\OneDrive\Desktop\Cleaned\frontend\node_mo
dules\react-router\lib\components.tsx:225:3)

      141 |                         placeholder="Enter your password"
      142 |                         value={password}
    > 143 |                         onChange={(e) => 
setPassword(e.target.value)}
          |                                          ^
      144 |                         className="w-full rounded-md border 
border-gray-300 px-3 py-2 pr-10 text-sm focus:outline-none focus:ring-2 
focus:ring-gray-900 disabled:opacity-50"
      145 |                     />
      146 |                     <button

      at printWarning 
(node_modules/react-dom/cjs/react-dom.development.js:86:30)
      at error (node_modules/react-dom/cjs/react-dom.development.js:60:7)
      at warnIfUpdatesNotWrappedWithActDEV 
(node_modules/react-dom/cjs/react-dom.development.js:27628:9)
      at scheduleUpdateOnFiber 
(node_modules/react-dom/cjs/react-dom.development.js:25547:5)
      at dispatchSetState 
(node_modules/react-dom/cjs/react-dom.development.js:16708:7)
      at onChange (src/auth/LoginForm/LoginForm.tsx:143:42)
      at HTMLUnknownElement.callCallback 
(node_modules/react-dom/cjs/react-dom.development.js:4164:14)
      at HTMLUnknownElement.callTheUserObjectsOperation 
(node_modules/jsdom/lib/jsdom/living/generated/EventListener.js:26:30)
      at innerInvokeEventListeners 
(node_modules/jsdom/lib/jsdom/living/events/EventTarget-impl.js:350:25)
      at invokeEventListeners 
(node_modules/jsdom/lib/jsdom/living/events/EventTarget-impl.js:286:3)
      at HTMLUnknownElementImpl._dispatch 
(node_modules/jsdom/lib/jsdom/living/events/EventTarget-impl.js:233:9)
      at HTMLUnknownElementImpl.dispatchEvent 
(node_modules/jsdom/lib/jsdom/living/events/EventTarget-impl.js:104:17)
      at HTMLUnknownElement.dispatchEvent 
(node_modules/jsdom/lib/jsdom/living/generated/EventTarget.js:241:34)
      at Object.invokeGuardedCallbackDev 
(node_modules/react-dom/cjs/react-dom.development.js:4213:16)
      at invokeGuardedCallback 
(node_modules/react-dom/cjs/react-dom.development.js:4277:31)
      at invokeGuardedCallbackAndCatchFirstError 
(node_modules/react-dom/cjs/react-dom.development.js:4291:25)
      at executeDispatch 
(node_modules/react-dom/cjs/react-dom.development.js:9041:3)
      at processDispatchQueueItemsInOrder 
(node_modules/react-dom/cjs/react-dom.development.js:9073:7)
      at processDispatchQueue 
(node_modules/react-dom/cjs/react-dom.development.js:9086:5)
      at dispatchEventsForPlugins 
(node_modules/react-dom/cjs/react-dom.development.js:9097:3)
      at node_modules/react-dom/cjs/react-dom.development.js:9288:12
      at batchedUpdates$1 
(node_modules/react-dom/cjs/react-dom.development.js:26179:12)
      at batchedUpdates 
(node_modules/react-dom/cjs/react-dom.development.js:3991:12)
      at dispatchEventForPluginEventSystem 
(node_modules/react-dom/cjs/react-dom.development.js:9287:3)
      at dispatchEventWithEnableCapturePhaseSelectiveHydrationWithoutDiscreteEv
entReplay (node_modules/react-dom/cjs/react-dom.development.js:6465:5)
      at dispatchEvent 
(node_modules/react-dom/cjs/react-dom.development.js:6457:5)
      at dispatchDiscreteEvent 
(node_modules/react-dom/cjs/react-dom.development.js:6430:5)
      at HTMLDivElement.callTheUserObjectsOperation 
(node_modules/jsdom/lib/jsdom/living/generated/EventListener.js:26:30)
      at innerInvokeEventListeners 
(node_modules/jsdom/lib/jsdom/living/events/EventTarget-impl.js:350:25)
      at invokeEventListeners 
(node_modules/jsdom/lib/jsdom/living/events/EventTarget-impl.js:286:3)
      at HTMLInputElementImpl._dispatch 
(node_modules/jsdom/lib/jsdom/living/events/EventTarget-impl.js:233:9)
      at HTMLInputElementImpl.dispatchEvent 
(node_modules/jsdom/lib/jsdom/living/events/EventTarget-impl.js:104:17)
      at HTMLInputElement.dispatchEvent 
(node_modules/jsdom/lib/jsdom/living/generated/EventTarget.js:241:34)
      at 
node_modules/@testing-library/user-event/dist/cjs/event/dispatchEvent.js:45:43
      at Object.eventWrapper 
(node_modules/@testing-library/dom/dist/config.js:25:23)
      at Object.wrapEvent 
(node_modules/@testing-library/user-event/dist/cjs/event/wrapEvent.js:6:28)
      at Object.dispatchEvent (node_modules/@testing-library/user-event/dist/cj
s/event/dispatchEvent.js:45:22)
      at Object.dispatchUIEvent (node_modules/@testing-library/user-event/dist/
cjs/event/dispatchEvent.js:22:26)
      at commitInput 
(node_modules/@testing-library/user-event/dist/cjs/event/input.js:145:14)
      at editInputElement 
(node_modules/@testing-library/user-event/dist/cjs/event/input.js:115:9)
      at Object.input 
(node_modules/@testing-library/user-event/dist/cjs/event/input.js:37:9)
      at node_modules/@testing-library/user-event/dist/cjs/event/behavior/keypr
ess.js:31:26
      at Object.dispatchEvent (node_modules/@testing-library/user-event/dist/cj
s/event/dispatchEvent.js:41:13)
      at Object.dispatchUIEvent (node_modules/@testing-library/user-event/dist/
cjs/event/dispatchEvent.js:22:26)
      at KeyboardHost.keydown 
(node_modules/@testing-library/user-event/dist/cjs/system/keyboard.js:76:22)
      at keyboardAction 
(node_modules/@testing-library/user-event/dist/cjs/keyboard/index.js:22:35)
      at Object.keyboard 
(node_modules/@testing-library/user-event/dist/cjs/keyboard/index.js:11:15)
      at Object.type 
(node_modules/@testing-library/user-event/dist/cjs/utility/type.js:17:5)
      at Object.<anonymous> (src/auth/auth.test.tsx:120:9)

    console.error
      Warning: An update to LoginForm inside a test was not wrapped in 
act(...).
      
      When testing, code that causes React state updates should be wrapped 
into act(...):
      
      act(() => {
        /* fire events that update state */
      });
      /* assert on the output */
      
      This ensures that you're testing the behavior the user would see in the 
browser. Learn more at https://reactjs.org/link/wrap-tests-with-act
          at LoginForm (C:\Users\samhe\OneDrive\Desktop\Cleaned\frontend\src\au
th\LoginForm\LoginForm.tsx:41:33)
          at div
          at div
          at LoginPage
          at routeContext (C:\Users\samhe\OneDrive\Desktop\Cleaned\frontend\nod
e_modules\react-router\lib\hooks.tsx:658:26)
          at children (C:\Users\samhe\OneDrive\Desktop\Cleaned\frontend\node_mo
dules\react-router\lib\components.tsx:512:3)
          at basenameProp (C:\Users\samhe\OneDrive\Desktop\Cleaned\frontend\nod
e_modules\react-router\lib\components.tsx:421:13)
          at basename (C:\Users\samhe\OneDrive\Desktop\Cleaned\frontend\node_mo
dules\react-router\lib\components.tsx:225:3)

      141 |                         placeholder="Enter your password"
      142 |                         value={password}
    > 143 |                         onChange={(e) => 
setPassword(e.target.value)}
          |                                          ^
      144 |                         className="w-full rounded-md border 
border-gray-300 px-3 py-2 pr-10 text-sm focus:outline-none focus:ring-2 
focus:ring-gray-900 disabled:opacity-50"
      145 |                     />
      146 |                     <button

      at printWarning 
(node_modules/react-dom/cjs/react-dom.development.js:86:30)
      at error (node_modules/react-dom/cjs/react-dom.development.js:60:7)
      at warnIfUpdatesNotWrappedWithActDEV 
(node_modules/react-dom/cjs/react-dom.development.js:27628:9)
      at scheduleUpdateOnFiber 
(node_modules/react-dom/cjs/react-dom.development.js:25547:5)
      at dispatchSetState 
(node_modules/react-dom/cjs/react-dom.development.js:16708:7)
      at onChange (src/auth/LoginForm/LoginForm.tsx:143:42)
      at HTMLUnknownElement.callCallback 
(node_modules/react-dom/cjs/react-dom.development.js:4164:14)
      at HTMLUnknownElement.callTheUserObjectsOperation 
(node_modules/jsdom/lib/jsdom/living/generated/EventListener.js:26:30)
      at innerInvokeEventListeners 
(node_modules/jsdom/lib/jsdom/living/events/EventTarget-impl.js:350:25)
      at invokeEventListeners 
(node_modules/jsdom/lib/jsdom/living/events/EventTarget-impl.js:286:3)
      at HTMLUnknownElementImpl._dispatch 
(node_modules/jsdom/lib/jsdom/living/events/EventTarget-impl.js:233:9)
      at HTMLUnknownElementImpl.dispatchEvent 
(node_modules/jsdom/lib/jsdom/living/events/EventTarget-impl.js:104:17)
      at HTMLUnknownElement.dispatchEvent 
(node_modules/jsdom/lib/jsdom/living/generated/EventTarget.js:241:34)
      at Object.invokeGuardedCallbackDev 
(node_modules/react-dom/cjs/react-dom.development.js:4213:16)
      at invokeGuardedCallback 
(node_modules/react-dom/cjs/react-dom.development.js:4277:31)
      at invokeGuardedCallbackAndCatchFirstError 
(node_modules/react-dom/cjs/react-dom.development.js:4291:25)
      at executeDispatch 
(node_modules/react-dom/cjs/react-dom.development.js:9041:3)
      at processDispatchQueueItemsInOrder 
(node_modules/react-dom/cjs/react-dom.development.js:9073:7)
      at processDispatchQueue 
(node_modules/react-dom/cjs/react-dom.development.js:9086:5)
      at dispatchEventsForPlugins 
(node_modules/react-dom/cjs/react-dom.development.js:9097:3)
      at node_modules/react-dom/cjs/react-dom.development.js:9288:12
      at batchedUpdates$1 
(node_modules/react-dom/cjs/react-dom.development.js:26179:12)
      at batchedUpdates 
(node_modules/react-dom/cjs/react-dom.development.js:3991:12)
      at dispatchEventForPluginEventSystem 
(node_modules/react-dom/cjs/react-dom.development.js:9287:3)
      at dispatchEventWithEnableCapturePhaseSelectiveHydrationWithoutDiscreteEv
entReplay (node_modules/react-dom/cjs/react-dom.development.js:6465:5)
      at dispatchEvent 
(node_modules/react-dom/cjs/react-dom.development.js:6457:5)
      at dispatchDiscreteEvent 
(node_modules/react-dom/cjs/react-dom.development.js:6430:5)
      at HTMLDivElement.callTheUserObjectsOperation 
(node_modules/jsdom/lib/jsdom/living/generated/EventListener.js:26:30)
      at innerInvokeEventListeners 
(node_modules/jsdom/lib/jsdom/living/events/EventTarget-impl.js:350:25)
      at invokeEventListeners 
(node_modules/jsdom/lib/jsdom/living/events/EventTarget-impl.js:286:3)
      at HTMLInputElementImpl._dispatch 
(node_modules/jsdom/lib/jsdom/living/events/EventTarget-impl.js:233:9)
      at HTMLInputElementImpl.dispatchEvent 
(node_modules/jsdom/lib/jsdom/living/events/EventTarget-impl.js:104:17)
      at HTMLInputElement.dispatchEvent 
(node_modules/jsdom/lib/jsdom/living/generated/EventTarget.js:241:34)
      at 
node_modules/@testing-library/user-event/dist/cjs/event/dispatchEvent.js:45:43
      at Object.eventWrapper 
(node_modules/@testing-library/dom/dist/config.js:25:23)
      at Object.wrapEvent 
(node_modules/@testing-library/user-event/dist/cjs/event/wrapEvent.js:6:28)
      at Object.dispatchEvent (node_modules/@testing-library/user-event/dist/cj
s/event/dispatchEvent.js:45:22)
      at Object.dispatchUIEvent (node_modules/@testing-library/user-event/dist/
cjs/event/dispatchEvent.js:22:26)
      at commitInput 
(node_modules/@testing-library/user-event/dist/cjs/event/input.js:145:14)
      at editInputElement 
(node_modules/@testing-library/user-event/dist/cjs/event/input.js:115:9)
      at Object.input 
(node_modules/@testing-library/user-event/dist/cjs/event/input.js:37:9)
      at node_modules/@testing-library/user-event/dist/cjs/event/behavior/keypr
ess.js:31:26
      at Object.dispatchEvent (node_modules/@testing-library/user-event/dist/cj
s/event/dispatchEvent.js:41:13)
      at Object.dispatchUIEvent (node_modules/@testing-library/user-event/dist/
cjs/event/dispatchEvent.js:22:26)
      at KeyboardHost.keydown 
(node_modules/@testing-library/user-event/dist/cjs/system/keyboard.js:76:22)
      at keyboardAction 
(node_modules/@testing-library/user-event/dist/cjs/keyboard/index.js:22:35)
      at Object.keyboard 
(node_modules/@testing-library/user-event/dist/cjs/keyboard/index.js:11:15)
      at Object.type 
(node_modules/@testing-library/user-event/dist/cjs/utility/type.js:17:5)
      at Object.<anonymous> (src/auth/auth.test.tsx:120:9)

    console.error
      Warning: An update to LoginForm inside a test was not wrapped in 
act(...).
      
      When testing, code that causes React state updates should be wrapped 
into act(...):
      
      act(() => {
        /* fire events that update state */
      });
      /* assert on the output */
      
      This ensures that you're testing the behavior the user would see in the 
browser. Learn more at https://reactjs.org/link/wrap-tests-with-act
          at LoginForm (C:\Users\samhe\OneDrive\Desktop\Cleaned\frontend\src\au
th\LoginForm\LoginForm.tsx:41:33)
          at div
          at div
          at LoginPage
          at routeContext (C:\Users\samhe\OneDrive\Desktop\Cleaned\frontend\nod
e_modules\react-router\lib\hooks.tsx:658:26)
          at children (C:\Users\samhe\OneDrive\Desktop\Cleaned\frontend\node_mo
dules\react-router\lib\components.tsx:512:3)
          at basenameProp (C:\Users\samhe\OneDrive\Desktop\Cleaned\frontend\nod
e_modules\react-router\lib\components.tsx:421:13)
          at basename (C:\Users\samhe\OneDrive\Desktop\Cleaned\frontend\node_mo
dules\react-router\lib\components.tsx:225:3)

      141 |                         placeholder="Enter your password"
      142 |                         value={password}
    > 143 |                         onChange={(e) => 
setPassword(e.target.value)}
          |                                          ^
      144 |                         className="w-full rounded-md border 
border-gray-300 px-3 py-2 pr-10 text-sm focus:outline-none focus:ring-2 
focus:ring-gray-900 disabled:opacity-50"
      145 |                     />
      146 |                     <button

      at printWarning 
(node_modules/react-dom/cjs/react-dom.development.js:86:30)
      at error (node_modules/react-dom/cjs/react-dom.development.js:60:7)
      at warnIfUpdatesNotWrappedWithActDEV 
(node_modules/react-dom/cjs/react-dom.development.js:27628:9)
      at scheduleUpdateOnFiber 
(node_modules/react-dom/cjs/react-dom.development.js:25547:5)
      at dispatchSetState 
(node_modules/react-dom/cjs/react-dom.development.js:16708:7)
      at onChange (src/auth/LoginForm/LoginForm.tsx:143:42)
      at HTMLUnknownElement.callCallback 
(node_modules/react-dom/cjs/react-dom.development.js:4164:14)
      at HTMLUnknownElement.callTheUserObjectsOperation 
(node_modules/jsdom/lib/jsdom/living/generated/EventListener.js:26:30)
      at innerInvokeEventListeners 
(node_modules/jsdom/lib/jsdom/living/events/EventTarget-impl.js:350:25)
      at invokeEventListeners 
(node_modules/jsdom/lib/jsdom/living/events/EventTarget-impl.js:286:3)
      at HTMLUnknownElementImpl._dispatch 
(node_modules/jsdom/lib/jsdom/living/events/EventTarget-impl.js:233:9)
      at HTMLUnknownElementImpl.dispatchEvent 
(node_modules/jsdom/lib/jsdom/living/events/EventTarget-impl.js:104:17)
      at HTMLUnknownElement.dispatchEvent 
(node_modules/jsdom/lib/jsdom/living/generated/EventTarget.js:241:34)
      at Object.invokeGuardedCallbackDev 
(node_modules/react-dom/cjs/react-dom.development.js:4213:16)
      at invokeGuardedCallback 
(node_modules/react-dom/cjs/react-dom.development.js:4277:31)
      at invokeGuardedCallbackAndCatchFirstError 
(node_modules/react-dom/cjs/react-dom.development.js:4291:25)
      at executeDispatch 
(node_modules/react-dom/cjs/react-dom.development.js:9041:3)
      at processDispatchQueueItemsInOrder 
(node_modules/react-dom/cjs/react-dom.development.js:9073:7)
      at processDispatchQueue 
(node_modules/react-dom/cjs/react-dom.development.js:9086:5)
      at dispatchEventsForPlugins 
(node_modules/react-dom/cjs/react-dom.development.js:9097:3)
      at node_modules/react-dom/cjs/react-dom.development.js:9288:12
      at batchedUpdates$1 
(node_modules/react-dom/cjs/react-dom.development.js:26179:12)
      at batchedUpdates 
(node_modules/react-dom/cjs/react-dom.development.js:3991:12)
      at dispatchEventForPluginEventSystem 
(node_modules/react-dom/cjs/react-dom.development.js:9287:3)
      at dispatchEventWithEnableCapturePhaseSelectiveHydrationWithoutDiscreteEv
entReplay (node_modules/react-dom/cjs/react-dom.development.js:6465:5)
      at dispatchEvent 
(node_modules/react-dom/cjs/react-dom.development.js:6457:5)
      at dispatchDiscreteEvent 
(node_modules/react-dom/cjs/react-dom.development.js:6430:5)
      at HTMLDivElement.callTheUserObjectsOperation 
(node_modules/jsdom/lib/jsdom/living/generated/EventListener.js:26:30)
      at innerInvokeEventListeners 
(node_modules/jsdom/lib/jsdom/living/events/EventTarget-impl.js:350:25)
      at invokeEventListeners 
(node_modules/jsdom/lib/jsdom/living/events/EventTarget-impl.js:286:3)
      at HTMLInputElementImpl._dispatch 
(node_modules/jsdom/lib/jsdom/living/events/EventTarget-impl.js:233:9)
      at HTMLInputElementImpl.dispatchEvent 
(node_modules/jsdom/lib/jsdom/living/events/EventTarget-impl.js:104:17)
      at HTMLInputElement.dispatchEvent 
(node_modules/jsdom/lib/jsdom/living/generated/EventTarget.js:241:34)
      at 
node_modules/@testing-library/user-event/dist/cjs/event/dispatchEvent.js:45:43
      at Object.eventWrapper 
(node_modules/@testing-library/dom/dist/config.js:25:23)
      at Object.wrapEvent 
(node_modules/@testing-library/user-event/dist/cjs/event/wrapEvent.js:6:28)
      at Object.dispatchEvent (node_modules/@testing-library/user-event/dist/cj
s/event/dispatchEvent.js:45:22)
      at Object.dispatchUIEvent (node_modules/@testing-library/user-event/dist/
cjs/event/dispatchEvent.js:22:26)
      at commitInput 
(node_modules/@testing-library/user-event/dist/cjs/event/input.js:145:14)
      at editInputElement 
(node_modules/@testing-library/user-event/dist/cjs/event/input.js:115:9)
      at Object.input 
(node_modules/@testing-library/user-event/dist/cjs/event/input.js:37:9)
      at node_modules/@testing-library/user-event/dist/cjs/event/behavior/keypr
ess.js:31:26
      at Object.dispatchEvent (node_modules/@testing-library/user-event/dist/cj
s/event/dispatchEvent.js:41:13)
      at Object.dispatchUIEvent (node_modules/@testing-library/user-event/dist/
cjs/event/dispatchEvent.js:22:26)
      at KeyboardHost.keydown 
(node_modules/@testing-library/user-event/dist/cjs/system/keyboard.js:76:22)
      at keyboardAction 
(node_modules/@testing-library/user-event/dist/cjs/keyboard/index.js:22:35)
      at Object.keyboard 
(node_modules/@testing-library/user-event/dist/cjs/keyboard/index.js:11:15)
      at Object.type 
(node_modules/@testing-library/user-event/dist/cjs/utility/type.js:17:5)
      at Object.<anonymous> (src/auth/auth.test.tsx:120:9)

    console.error
      Warning: An update to LoginForm inside a test was not wrapped in 
act(...).
      
      When testing, code that causes React state updates should be wrapped 
into act(...):
      
      act(() => {
        /* fire events that update state */
      });
      /* assert on the output */
      
      This ensures that you're testing the behavior the user would see in the 
browser. Learn more at https://reactjs.org/link/wrap-tests-with-act
          at LoginForm (C:\Users\samhe\OneDrive\Desktop\Cleaned\frontend\src\au
th\LoginForm\LoginForm.tsx:41:33)
          at div
          at div
          at LoginPage
          at routeContext (C:\Users\samhe\OneDrive\Desktop\Cleaned\frontend\nod
e_modules\react-router\lib\hooks.tsx:658:26)
          at children (C:\Users\samhe\OneDrive\Desktop\Cleaned\frontend\node_mo
dules\react-router\lib\components.tsx:512:3)
          at basenameProp (C:\Users\samhe\OneDrive\Desktop\Cleaned\frontend\nod
e_modules\react-router\lib\components.tsx:421:13)
          at basename (C:\Users\samhe\OneDrive\Desktop\Cleaned\frontend\node_mo
dules\react-router\lib\components.tsx:225:3)

      141 |                         placeholder="Enter your password"
      142 |                         value={password}
    > 143 |                         onChange={(e) => 
setPassword(e.target.value)}
          |                                          ^
      144 |                         className="w-full rounded-md border 
border-gray-300 px-3 py-2 pr-10 text-sm focus:outline-none focus:ring-2 
focus:ring-gray-900 disabled:opacity-50"
      145 |                     />
      146 |                     <button

      at printWarning 
(node_modules/react-dom/cjs/react-dom.development.js:86:30)
      at error (node_modules/react-dom/cjs/react-dom.development.js:60:7)
      at warnIfUpdatesNotWrappedWithActDEV 
(node_modules/react-dom/cjs/react-dom.development.js:27628:9)
      at scheduleUpdateOnFiber 
(node_modules/react-dom/cjs/react-dom.development.js:25547:5)
      at dispatchSetState 
(node_modules/react-dom/cjs/react-dom.development.js:16708:7)
      at onChange (src/auth/LoginForm/LoginForm.tsx:143:42)
      at HTMLUnknownElement.callCallback 
(node_modules/react-dom/cjs/react-dom.development.js:4164:14)
      at HTMLUnknownElement.callTheUserObjectsOperation 
(node_modules/jsdom/lib/jsdom/living/generated/EventListener.js:26:30)
      at innerInvokeEventListeners 
(node_modules/jsdom/lib/jsdom/living/events/EventTarget-impl.js:350:25)
      at invokeEventListeners 
(node_modules/jsdom/lib/jsdom/living/events/EventTarget-impl.js:286:3)
      at HTMLUnknownElementImpl._dispatch 
(node_modules/jsdom/lib/jsdom/living/events/EventTarget-impl.js:233:9)
      at HTMLUnknownElementImpl.dispatchEvent 
(node_modules/jsdom/lib/jsdom/living/events/EventTarget-impl.js:104:17)
      at HTMLUnknownElement.dispatchEvent 
(node_modules/jsdom/lib/jsdom/living/generated/EventTarget.js:241:34)
      at Object.invokeGuardedCallbackDev 
(node_modules/react-dom/cjs/react-dom.development.js:4213:16)
      at invokeGuardedCallback 
(node_modules/react-dom/cjs/react-dom.development.js:4277:31)
      at invokeGuardedCallbackAndCatchFirstError 
(node_modules/react-dom/cjs/react-dom.development.js:4291:25)
      at executeDispatch 
(node_modules/react-dom/cjs/react-dom.development.js:9041:3)
      at processDispatchQueueItemsInOrder 
(node_modules/react-dom/cjs/react-dom.development.js:9073:7)
      at processDispatchQueue 
(node_modules/react-dom/cjs/react-dom.development.js:9086:5)
      at dispatchEventsForPlugins 
(node_modules/react-dom/cjs/react-dom.development.js:9097:3)
      at node_modules/react-dom/cjs/react-dom.development.js:9288:12
      at batchedUpdates$1 
(node_modules/react-dom/cjs/react-dom.development.js:26179:12)
      at batchedUpdates 
(node_modules/react-dom/cjs/react-dom.development.js:3991:12)
      at dispatchEventForPluginEventSystem 
(node_modules/react-dom/cjs/react-dom.development.js:9287:3)
      at dispatchEventWithEnableCapturePhaseSelectiveHydrationWithoutDiscreteEv
entReplay (node_modules/react-dom/cjs/react-dom.development.js:6465:5)
      at dispatchEvent 
(node_modules/react-dom/cjs/react-dom.development.js:6457:5)
      at dispatchDiscreteEvent 
(node_modules/react-dom/cjs/react-dom.development.js:6430:5)
      at HTMLDivElement.callTheUserObjectsOperation 
(node_modules/jsdom/lib/jsdom/living/generated/EventListener.js:26:30)
      at innerInvokeEventListeners 
(node_modules/jsdom/lib/jsdom/living/events/EventTarget-impl.js:350:25)
      at invokeEventListeners 
(node_modules/jsdom/lib/jsdom/living/events/EventTarget-impl.js:286:3)
      at HTMLInputElementImpl._dispatch 
(node_modules/jsdom/lib/jsdom/living/events/EventTarget-impl.js:233:9)
      at HTMLInputElementImpl.dispatchEvent 
(node_modules/jsdom/lib/jsdom/living/events/EventTarget-impl.js:104:17)
      at HTMLInputElement.dispatchEvent 
(node_modules/jsdom/lib/jsdom/living/generated/EventTarget.js:241:34)
      at 
node_modules/@testing-library/user-event/dist/cjs/event/dispatchEvent.js:45:43
      at Object.eventWrapper 
(node_modules/@testing-library/dom/dist/config.js:25:23)
      at Object.wrapEvent 
(node_modules/@testing-library/user-event/dist/cjs/event/wrapEvent.js:6:28)
      at Object.dispatchEvent (node_modules/@testing-library/user-event/dist/cj
s/event/dispatchEvent.js:45:22)
      at Object.dispatchUIEvent (node_modules/@testing-library/user-event/dist/
cjs/event/dispatchEvent.js:22:26)
      at commitInput 
(node_modules/@testing-library/user-event/dist/cjs/event/input.js:145:14)
      at editInputElement 
(node_modules/@testing-library/user-event/dist/cjs/event/input.js:115:9)
      at Object.input 
(node_modules/@testing-library/user-event/dist/cjs/event/input.js:37:9)
      at node_modules/@testing-library/user-event/dist/cjs/event/behavior/keypr
ess.js:31:26
      at Object.dispatchEvent (node_modules/@testing-library/user-event/dist/cj
s/event/dispatchEvent.js:41:13)
      at Object.dispatchUIEvent (node_modules/@testing-library/user-event/dist/
cjs/event/dispatchEvent.js:22:26)
      at KeyboardHost.keydown 
(node_modules/@testing-library/user-event/dist/cjs/system/keyboard.js:76:22)
      at keyboardAction 
(node_modules/@testing-library/user-event/dist/cjs/keyboard/index.js:22:35)
      at Object.keyboard 
(node_modules/@testing-library/user-event/dist/cjs/keyboard/index.js:11:15)
      at Object.type 
(node_modules/@testing-library/user-event/dist/cjs/utility/type.js:17:5)
      at Object.<anonymous> (src/auth/auth.test.tsx:120:9)

    console.error
      Warning: An update to LoginForm inside a test was not wrapped in 
act(...).
      
      When testing, code that causes React state updates should be wrapped 
into act(...):
      
      act(() => {
        /* fire events that update state */
      });
      /* assert on the output */
      
      This ensures that you're testing the behavior the user would see in the 
browser. Learn more at https://reactjs.org/link/wrap-tests-with-act
          at LoginForm (C:\Users\samhe\OneDrive\Desktop\Cleaned\frontend\src\au
th\LoginForm\LoginForm.tsx:41:33)
          at div
          at div
          at LoginPage
          at routeContext (C:\Users\samhe\OneDrive\Desktop\Cleaned\frontend\nod
e_modules\react-router\lib\hooks.tsx:658:26)
          at children (C:\Users\samhe\OneDrive\Desktop\Cleaned\frontend\node_mo
dules\react-router\lib\components.tsx:512:3)
          at basenameProp (C:\Users\samhe\OneDrive\Desktop\Cleaned\frontend\nod
e_modules\react-router\lib\components.tsx:421:13)
          at basename (C:\Users\samhe\OneDrive\Desktop\Cleaned\frontend\node_mo
dules\react-router\lib\components.tsx:225:3)

      141 |                         placeholder="Enter your password"
      142 |                         value={password}
    > 143 |                         onChange={(e) => 
setPassword(e.target.value)}
          |                                          ^
      144 |                         className="w-full rounded-md border 
border-gray-300 px-3 py-2 pr-10 text-sm focus:outline-none focus:ring-2 
focus:ring-gray-900 disabled:opacity-50"
      145 |                     />
      146 |                     <button

      at printWarning 
(node_modules/react-dom/cjs/react-dom.development.js:86:30)
      at error (node_modules/react-dom/cjs/react-dom.development.js:60:7)
      at warnIfUpdatesNotWrappedWithActDEV 
(node_modules/react-dom/cjs/react-dom.development.js:27628:9)
      at scheduleUpdateOnFiber 
(node_modules/react-dom/cjs/react-dom.development.js:25547:5)
      at dispatchSetState 
(node_modules/react-dom/cjs/react-dom.development.js:16708:7)
      at onChange (src/auth/LoginForm/LoginForm.tsx:143:42)
      at HTMLUnknownElement.callCallback 
(node_modules/react-dom/cjs/react-dom.development.js:4164:14)
      at HTMLUnknownElement.callTheUserObjectsOperation 
(node_modules/jsdom/lib/jsdom/living/generated/EventListener.js:26:30)
      at innerInvokeEventListeners 
(node_modules/jsdom/lib/jsdom/living/events/EventTarget-impl.js:350:25)
      at invokeEventListeners 
(node_modules/jsdom/lib/jsdom/living/events/EventTarget-impl.js:286:3)
      at HTMLUnknownElementImpl._dispatch 
(node_modules/jsdom/lib/jsdom/living/events/EventTarget-impl.js:233:9)
      at HTMLUnknownElementImpl.dispatchEvent 
(node_modules/jsdom/lib/jsdom/living/events/EventTarget-impl.js:104:17)
      at HTMLUnknownElement.dispatchEvent 
(node_modules/jsdom/lib/jsdom/living/generated/EventTarget.js:241:34)
      at Object.invokeGuardedCallbackDev 
(node_modules/react-dom/cjs/react-dom.development.js:4213:16)
      at invokeGuardedCallback 
(node_modules/react-dom/cjs/react-dom.development.js:4277:31)
      at invokeGuardedCallbackAndCatchFirstError 
(node_modules/react-dom/cjs/react-dom.development.js:4291:25)
      at executeDispatch 
(node_modules/react-dom/cjs/react-dom.development.js:9041:3)
      at processDispatchQueueItemsInOrder 
(node_modules/react-dom/cjs/react-dom.development.js:9073:7)
      at processDispatchQueue 
(node_modules/react-dom/cjs/react-dom.development.js:9086:5)
      at dispatchEventsForPlugins 
(node_modules/react-dom/cjs/react-dom.development.js:9097:3)
      at node_modules/react-dom/cjs/react-dom.development.js:9288:12
      at batchedUpdates$1 
(node_modules/react-dom/cjs/react-dom.development.js:26179:12)
      at batchedUpdates 
(node_modules/react-dom/cjs/react-dom.development.js:3991:12)
      at dispatchEventForPluginEventSystem 
(node_modules/react-dom/cjs/react-dom.development.js:9287:3)
      at dispatchEventWithEnableCapturePhaseSelectiveHydrationWithoutDiscreteEv
entReplay (node_modules/react-dom/cjs/react-dom.development.js:6465:5)
      at dispatchEvent 
(node_modules/react-dom/cjs/react-dom.development.js:6457:5)
      at dispatchDiscreteEvent 
(node_modules/react-dom/cjs/react-dom.development.js:6430:5)
      at HTMLDivElement.callTheUserObjectsOperation 
(node_modules/jsdom/lib/jsdom/living/generated/EventListener.js:26:30)
      at innerInvokeEventListeners 
(node_modules/jsdom/lib/jsdom/living/events/EventTarget-impl.js:350:25)
      at invokeEventListeners 
(node_modules/jsdom/lib/jsdom/living/events/EventTarget-impl.js:286:3)
      at HTMLInputElementImpl._dispatch 
(node_modules/jsdom/lib/jsdom/living/events/EventTarget-impl.js:233:9)
      at HTMLInputElementImpl.dispatchEvent 
(node_modules/jsdom/lib/jsdom/living/events/EventTarget-impl.js:104:17)
      at HTMLInputElement.dispatchEvent 
(node_modules/jsdom/lib/jsdom/living/generated/EventTarget.js:241:34)
      at 
node_modules/@testing-library/user-event/dist/cjs/event/dispatchEvent.js:45:43
      at Object.eventWrapper 
(node_modules/@testing-library/dom/dist/config.js:25:23)
      at Object.wrapEvent 
(node_modules/@testing-library/user-event/dist/cjs/event/wrapEvent.js:6:28)
      at Object.dispatchEvent (node_modules/@testing-library/user-event/dist/cj
s/event/dispatchEvent.js:45:22)
      at Object.dispatchUIEvent (node_modules/@testing-library/user-event/dist/
cjs/event/dispatchEvent.js:22:26)
      at commitInput 
(node_modules/@testing-library/user-event/dist/cjs/event/input.js:145:14)
      at editInputElement 
(node_modules/@testing-library/user-event/dist/cjs/event/input.js:115:9)
      at Object.input 
(node_modules/@testing-library/user-event/dist/cjs/event/input.js:37:9)
      at node_modules/@testing-library/user-event/dist/cjs/event/behavior/keypr
ess.js:31:26
      at Object.dispatchEvent (node_modules/@testing-library/user-event/dist/cj
s/event/dispatchEvent.js:41:13)
      at Object.dispatchUIEvent (node_modules/@testing-library/user-event/dist/
cjs/event/dispatchEvent.js:22:26)
      at KeyboardHost.keydown 
(node_modules/@testing-library/user-event/dist/cjs/system/keyboard.js:76:22)
      at keyboardAction 
(node_modules/@testing-library/user-event/dist/cjs/keyboard/index.js:22:35)
      at Object.keyboard 
(node_modules/@testing-library/user-event/dist/cjs/keyboard/index.js:11:15)
      at Object.type 
(node_modules/@testing-library/user-event/dist/cjs/utility/type.js:17:5)
      at Object.<anonymous> (src/auth/auth.test.tsx:120:9)

    console.error
      Warning: An update to LoginForm inside a test was not wrapped in 
act(...).
      
      When testing, code that causes React state updates should be wrapped 
into act(...):
      
      act(() => {
        /* fire events that update state */
      });
      /* assert on the output */
      
      This ensures that you're testing the behavior the user would see in the 
browser. Learn more at https://reactjs.org/link/wrap-tests-with-act
          at LoginForm (C:\Users\samhe\OneDrive\Desktop\Cleaned\frontend\src\au
th\LoginForm\LoginForm.tsx:41:33)
          at div
          at div
          at LoginPage
          at routeContext (C:\Users\samhe\OneDrive\Desktop\Cleaned\frontend\nod
e_modules\react-router\lib\hooks.tsx:658:26)
          at children (C:\Users\samhe\OneDrive\Desktop\Cleaned\frontend\node_mo
dules\react-router\lib\components.tsx:512:3)
          at basenameProp (C:\Users\samhe\OneDrive\Desktop\Cleaned\frontend\nod
e_modules\react-router\lib\components.tsx:421:13)
          at basename (C:\Users\samhe\OneDrive\Desktop\Cleaned\frontend\node_mo
dules\react-router\lib\components.tsx:225:3)

      141 |                         placeholder="Enter your password"
      142 |                         value={password}
    > 143 |                         onChange={(e) => 
setPassword(e.target.value)}
          |                                          ^
      144 |                         className="w-full rounded-md border 
border-gray-300 px-3 py-2 pr-10 text-sm focus:outline-none focus:ring-2 
focus:ring-gray-900 disabled:opacity-50"
      145 |                     />
      146 |                     <button

      at printWarning 
(node_modules/react-dom/cjs/react-dom.development.js:86:30)
      at error (node_modules/react-dom/cjs/react-dom.development.js:60:7)
      at warnIfUpdatesNotWrappedWithActDEV 
(node_modules/react-dom/cjs/react-dom.development.js:27628:9)
      at scheduleUpdateOnFiber 
(node_modules/react-dom/cjs/react-dom.development.js:25547:5)
      at dispatchSetState 
(node_modules/react-dom/cjs/react-dom.development.js:16708:7)
      at onChange (src/auth/LoginForm/LoginForm.tsx:143:42)
      at HTMLUnknownElement.callCallback 
(node_modules/react-dom/cjs/react-dom.development.js:4164:14)
      at HTMLUnknownElement.callTheUserObjectsOperation 
(node_modules/jsdom/lib/jsdom/living/generated/EventListener.js:26:30)
      at innerInvokeEventListeners 
(node_modules/jsdom/lib/jsdom/living/events/EventTarget-impl.js:350:25)
      at invokeEventListeners 
(node_modules/jsdom/lib/jsdom/living/events/EventTarget-impl.js:286:3)
      at HTMLUnknownElementImpl._dispatch 
(node_modules/jsdom/lib/jsdom/living/events/EventTarget-impl.js:233:9)
      at HTMLUnknownElementImpl.dispatchEvent 
(node_modules/jsdom/lib/jsdom/living/events/EventTarget-impl.js:104:17)
      at HTMLUnknownElement.dispatchEvent 
(node_modules/jsdom/lib/jsdom/living/generated/EventTarget.js:241:34)
      at Object.invokeGuardedCallbackDev 
(node_modules/react-dom/cjs/react-dom.development.js:4213:16)
      at invokeGuardedCallback 
(node_modules/react-dom/cjs/react-dom.development.js:4277:31)
      at invokeGuardedCallbackAndCatchFirstError 
(node_modules/react-dom/cjs/react-dom.development.js:4291:25)
      at executeDispatch 
(node_modules/react-dom/cjs/react-dom.development.js:9041:3)
      at processDispatchQueueItemsInOrder 
(node_modules/react-dom/cjs/react-dom.development.js:9073:7)
      at processDispatchQueue 
(node_modules/react-dom/cjs/react-dom.development.js:9086:5)
      at dispatchEventsForPlugins 
(node_modules/react-dom/cjs/react-dom.development.js:9097:3)
      at node_modules/react-dom/cjs/react-dom.development.js:9288:12
      at batchedUpdates$1 
(node_modules/react-dom/cjs/react-dom.development.js:26179:12)
      at batchedUpdates 
(node_modules/react-dom/cjs/react-dom.development.js:3991:12)
      at dispatchEventForPluginEventSystem 
(node_modules/react-dom/cjs/react-dom.development.js:9287:3)
      at dispatchEventWithEnableCapturePhaseSelectiveHydrationWithoutDiscreteEv
entReplay (node_modules/react-dom/cjs/react-dom.development.js:6465:5)
      at dispatchEvent 
(node_modules/react-dom/cjs/react-dom.development.js:6457:5)
      at dispatchDiscreteEvent 
(node_modules/react-dom/cjs/react-dom.development.js:6430:5)
      at HTMLDivElement.callTheUserObjectsOperation 
(node_modules/jsdom/lib/jsdom/living/generated/EventListener.js:26:30)
      at innerInvokeEventListeners 
(node_modules/jsdom/lib/jsdom/living/events/EventTarget-impl.js:350:25)
      at invokeEventListeners 
(node_modules/jsdom/lib/jsdom/living/events/EventTarget-impl.js:286:3)
      at HTMLInputElementImpl._dispatch 
(node_modules/jsdom/lib/jsdom/living/events/EventTarget-impl.js:233:9)
      at HTMLInputElementImpl.dispatchEvent 
(node_modules/jsdom/lib/jsdom/living/events/EventTarget-impl.js:104:17)
      at HTMLInputElement.dispatchEvent 
(node_modules/jsdom/lib/jsdom/living/generated/EventTarget.js:241:34)
      at 
node_modules/@testing-library/user-event/dist/cjs/event/dispatchEvent.js:45:43
      at Object.eventWrapper 
(node_modules/@testing-library/dom/dist/config.js:25:23)
      at Object.wrapEvent 
(node_modules/@testing-library/user-event/dist/cjs/event/wrapEvent.js:6:28)
      at Object.dispatchEvent (node_modules/@testing-library/user-event/dist/cj
s/event/dispatchEvent.js:45:22)
      at Object.dispatchUIEvent (node_modules/@testing-library/user-event/dist/
cjs/event/dispatchEvent.js:22:26)
      at commitInput 
(node_modules/@testing-library/user-event/dist/cjs/event/input.js:145:14)
      at editInputElement 
(node_modules/@testing-library/user-event/dist/cjs/event/input.js:115:9)
      at Object.input 
(node_modules/@testing-library/user-event/dist/cjs/event/input.js:37:9)
      at node_modules/@testing-library/user-event/dist/cjs/event/behavior/keypr
ess.js:31:26
      at Object.dispatchEvent (node_modules/@testing-library/user-event/dist/cj
s/event/dispatchEvent.js:41:13)
      at Object.dispatchUIEvent (node_modules/@testing-library/user-event/dist/
cjs/event/dispatchEvent.js:22:26)
      at KeyboardHost.keydown 
(node_modules/@testing-library/user-event/dist/cjs/system/keyboard.js:76:22)
      at keyboardAction 
(node_modules/@testing-library/user-event/dist/cjs/keyboard/index.js:22:35)
      at Object.keyboard 
(node_modules/@testing-library/user-event/dist/cjs/keyboard/index.js:11:15)
      at Object.type 
(node_modules/@testing-library/user-event/dist/cjs/utility/type.js:17:5)
      at Object.<anonymous> (src/auth/auth.test.tsx:120:9)

    console.error
      Warning: An update to LoginForm inside a test was not wrapped in 
act(...).
      
      When testing, code that causes React state updates should be wrapped 
into act(...):
      
      act(() => {
        /* fire events that update state */
      });
      /* assert on the output */
      
      This ensures that you're testing the behavior the user would see in the 
browser. Learn more at https://reactjs.org/link/wrap-tests-with-act
          at LoginForm (C:\Users\samhe\OneDrive\Desktop\Cleaned\frontend\src\au
th\LoginForm\LoginForm.tsx:41:33)
          at div
          at div
          at LoginPage
          at routeContext (C:\Users\samhe\OneDrive\Desktop\Cleaned\frontend\nod
e_modules\react-router\lib\hooks.tsx:658:26)
          at children (C:\Users\samhe\OneDrive\Desktop\Cleaned\frontend\node_mo
dules\react-router\lib\components.tsx:512:3)
          at basenameProp (C:\Users\samhe\OneDrive\Desktop\Cleaned\frontend\nod
e_modules\react-router\lib\components.tsx:421:13)
          at basename (C:\Users\samhe\OneDrive\Desktop\Cleaned\frontend\node_mo
dules\react-router\lib\components.tsx:225:3)

      141 |                         placeholder="Enter your password"
      142 |                         value={password}
    > 143 |                         onChange={(e) => 
setPassword(e.target.value)}
          |                                          ^
      144 |                         className="w-full rounded-md border 
border-gray-300 px-3 py-2 pr-10 text-sm focus:outline-none focus:ring-2 
focus:ring-gray-900 disabled:opacity-50"
      145 |                     />
      146 |                     <button

      at printWarning 
(node_modules/react-dom/cjs/react-dom.development.js:86:30)
      at error (node_modules/react-dom/cjs/react-dom.development.js:60:7)
      at warnIfUpdatesNotWrappedWithActDEV 
(node_modules/react-dom/cjs/react-dom.development.js:27628:9)
      at scheduleUpdateOnFiber 
(node_modules/react-dom/cjs/react-dom.development.js:25547:5)
      at dispatchSetState 
(node_modules/react-dom/cjs/react-dom.development.js:16708:7)
      at onChange (src/auth/LoginForm/LoginForm.tsx:143:42)
      at HTMLUnknownElement.callCallback 
(node_modules/react-dom/cjs/react-dom.development.js:4164:14)
      at HTMLUnknownElement.callTheUserObjectsOperation 
(node_modules/jsdom/lib/jsdom/living/generated/EventListener.js:26:30)
      at innerInvokeEventListeners 
(node_modules/jsdom/lib/jsdom/living/events/EventTarget-impl.js:350:25)
      at invokeEventListeners 
(node_modules/jsdom/lib/jsdom/living/events/EventTarget-impl.js:286:3)
      at HTMLUnknownElementImpl._dispatch 
(node_modules/jsdom/lib/jsdom/living/events/EventTarget-impl.js:233:9)
      at HTMLUnknownElementImpl.dispatchEvent 
(node_modules/jsdom/lib/jsdom/living/events/EventTarget-impl.js:104:17)
      at HTMLUnknownElement.dispatchEvent 
(node_modules/jsdom/lib/jsdom/living/generated/EventTarget.js:241:34)
      at Object.invokeGuardedCallbackDev 
(node_modules/react-dom/cjs/react-dom.development.js:4213:16)
      at invokeGuardedCallback 
(node_modules/react-dom/cjs/react-dom.development.js:4277:31)
      at invokeGuardedCallbackAndCatchFirstError 
(node_modules/react-dom/cjs/react-dom.development.js:4291:25)
      at executeDispatch 
(node_modules/react-dom/cjs/react-dom.development.js:9041:3)
      at processDispatchQueueItemsInOrder 
(node_modules/react-dom/cjs/react-dom.development.js:9073:7)
      at processDispatchQueue 
(node_modules/react-dom/cjs/react-dom.development.js:9086:5)
      at dispatchEventsForPlugins 
(node_modules/react-dom/cjs/react-dom.development.js:9097:3)
      at node_modules/react-dom/cjs/react-dom.development.js:9288:12
      at batchedUpdates$1 
(node_modules/react-dom/cjs/react-dom.development.js:26179:12)
      at batchedUpdates 
(node_modules/react-dom/cjs/react-dom.development.js:3991:12)
      at dispatchEventForPluginEventSystem 
(node_modules/react-dom/cjs/react-dom.development.js:9287:3)
      at dispatchEventWithEnableCapturePhaseSelectiveHydrationWithoutDiscreteEv
entReplay (node_modules/react-dom/cjs/react-dom.development.js:6465:5)
      at dispatchEvent 
(node_modules/react-dom/cjs/react-dom.development.js:6457:5)
      at dispatchDiscreteEvent 
(node_modules/react-dom/cjs/react-dom.development.js:6430:5)
      at HTMLDivElement.callTheUserObjectsOperation 
(node_modules/jsdom/lib/jsdom/living/generated/EventListener.js:26:30)
      at innerInvokeEventListeners 
(node_modules/jsdom/lib/jsdom/living/events/EventTarget-impl.js:350:25)
      at invokeEventListeners 
(node_modules/jsdom/lib/jsdom/living/events/EventTarget-impl.js:286:3)
      at HTMLInputElementImpl._dispatch 
(node_modules/jsdom/lib/jsdom/living/events/EventTarget-impl.js:233:9)
      at HTMLInputElementImpl.dispatchEvent 
(node_modules/jsdom/lib/jsdom/living/events/EventTarget-impl.js:104:17)
      at HTMLInputElement.dispatchEvent 
(node_modules/jsdom/lib/jsdom/living/generated/EventTarget.js:241:34)
      at 
node_modules/@testing-library/user-event/dist/cjs/event/dispatchEvent.js:45:43
      at Object.eventWrapper 
(node_modules/@testing-library/dom/dist/config.js:25:23)
      at Object.wrapEvent 
(node_modules/@testing-library/user-event/dist/cjs/event/wrapEvent.js:6:28)
      at Object.dispatchEvent (node_modules/@testing-library/user-event/dist/cj
s/event/dispatchEvent.js:45:22)
      at Object.dispatchUIEvent (node_modules/@testing-library/user-event/dist/
cjs/event/dispatchEvent.js:22:26)
      at commitInput 
(node_modules/@testing-library/user-event/dist/cjs/event/input.js:145:14)
      at editInputElement 
(node_modules/@testing-library/user-event/dist/cjs/event/input.js:115:9)
      at Object.input 
(node_modules/@testing-library/user-event/dist/cjs/event/input.js:37:9)
      at node_modules/@testing-library/user-event/dist/cjs/event/behavior/keypr
ess.js:31:26
      at Object.dispatchEvent (node_modules/@testing-library/user-event/dist/cj
s/event/dispatchEvent.js:41:13)
      at Object.dispatchUIEvent (node_modules/@testing-library/user-event/dist/
cjs/event/dispatchEvent.js:22:26)
      at KeyboardHost.keydown 
(node_modules/@testing-library/user-event/dist/cjs/system/keyboard.js:76:22)
      at keyboardAction 
(node_modules/@testing-library/user-event/dist/cjs/keyboard/index.js:22:35)
      at Object.keyboard 
(node_modules/@testing-library/user-event/dist/cjs/keyboard/index.js:11:15)
      at Object.type 
(node_modules/@testing-library/user-event/dist/cjs/utility/type.js:17:5)
      at Object.<anonymous> (src/auth/auth.test.tsx:120:9)

    console.error
      Warning: An update to LoginForm inside a test was not wrapped in 
act(...).
      
      When testing, code that causes React state updates should be wrapped 
into act(...):
      
      act(() => {
        /* fire events that update state */
      });
      /* assert on the output */
      
      This ensures that you're testing the behavior the user would see in the 
browser. Learn more at https://reactjs.org/link/wrap-tests-with-act
          at LoginForm (C:\Users\samhe\OneDrive\Desktop\Cleaned\frontend\src\au
th\LoginForm\LoginForm.tsx:41:33)
          at div
          at div
          at LoginPage
          at routeContext (C:\Users\samhe\OneDrive\Desktop\Cleaned\frontend\nod
e_modules\react-router\lib\hooks.tsx:658:26)
          at children (C:\Users\samhe\OneDrive\Desktop\Cleaned\frontend\node_mo
dules\react-router\lib\components.tsx:512:3)
          at basenameProp (C:\Users\samhe\OneDrive\Desktop\Cleaned\frontend\nod
e_modules\react-router\lib\components.tsx:421:13)
          at basename (C:\Users\samhe\OneDrive\Desktop\Cleaned\frontend\node_mo
dules\react-router\lib\components.tsx:225:3)

      141 |                         placeholder="Enter your password"
      142 |                         value={password}
    > 143 |                         onChange={(e) => 
setPassword(e.target.value)}
          |                                          ^
      144 |                         className="w-full rounded-md border 
border-gray-300 px-3 py-2 pr-10 text-sm focus:outline-none focus:ring-2 
focus:ring-gray-900 disabled:opacity-50"
      145 |                     />
      146 |                     <button

      at printWarning 
(node_modules/react-dom/cjs/react-dom.development.js:86:30)
      at error (node_modules/react-dom/cjs/react-dom.development.js:60:7)
      at warnIfUpdatesNotWrappedWithActDEV 
(node_modules/react-dom/cjs/react-dom.development.js:27628:9)
      at scheduleUpdateOnFiber 
(node_modules/react-dom/cjs/react-dom.development.js:25547:5)
      at dispatchSetState 
(node_modules/react-dom/cjs/react-dom.development.js:16708:7)
      at onChange (src/auth/LoginForm/LoginForm.tsx:143:42)
      at HTMLUnknownElement.callCallback 
(node_modules/react-dom/cjs/react-dom.development.js:4164:14)
      at HTMLUnknownElement.callTheUserObjectsOperation 
(node_modules/jsdom/lib/jsdom/living/generated/EventListener.js:26:30)
      at innerInvokeEventListeners 
(node_modules/jsdom/lib/jsdom/living/events/EventTarget-impl.js:350:25)
      at invokeEventListeners 
(node_modules/jsdom/lib/jsdom/living/events/EventTarget-impl.js:286:3)
      at HTMLUnknownElementImpl._dispatch 
(node_modules/jsdom/lib/jsdom/living/events/EventTarget-impl.js:233:9)
      at HTMLUnknownElementImpl.dispatchEvent 
(node_modules/jsdom/lib/jsdom/living/events/EventTarget-impl.js:104:17)
      at HTMLUnknownElement.dispatchEvent 
(node_modules/jsdom/lib/jsdom/living/generated/EventTarget.js:241:34)
      at Object.invokeGuardedCallbackDev 
(node_modules/react-dom/cjs/react-dom.development.js:4213:16)
      at invokeGuardedCallback 
(node_modules/react-dom/cjs/react-dom.development.js:4277:31)
      at invokeGuardedCallbackAndCatchFirstError 
(node_modules/react-dom/cjs/react-dom.development.js:4291:25)
      at executeDispatch 
(node_modules/react-dom/cjs/react-dom.development.js:9041:3)
      at processDispatchQueueItemsInOrder 
(node_modules/react-dom/cjs/react-dom.development.js:9073:7)
      at processDispatchQueue 
(node_modules/react-dom/cjs/react-dom.development.js:9086:5)
      at dispatchEventsForPlugins 
(node_modules/react-dom/cjs/react-dom.development.js:9097:3)
      at node_modules/react-dom/cjs/react-dom.development.js:9288:12
      at batchedUpdates$1 
(node_modules/react-dom/cjs/react-dom.development.js:26179:12)
      at batchedUpdates 
(node_modules/react-dom/cjs/react-dom.development.js:3991:12)
      at dispatchEventForPluginEventSystem 
(node_modules/react-dom/cjs/react-dom.development.js:9287:3)
      at dispatchEventWithEnableCapturePhaseSelectiveHydrationWithoutDiscreteEv
entReplay (node_modules/react-dom/cjs/react-dom.development.js:6465:5)
      at dispatchEvent 
(node_modules/react-dom/cjs/react-dom.development.js:6457:5)
      at dispatchDiscreteEvent 
(node_modules/react-dom/cjs/react-dom.development.js:6430:5)
      at HTMLDivElement.callTheUserObjectsOperation 
(node_modules/jsdom/lib/jsdom/living/generated/EventListener.js:26:30)
      at innerInvokeEventListeners 
(node_modules/jsdom/lib/jsdom/living/events/EventTarget-impl.js:350:25)
      at invokeEventListeners 
(node_modules/jsdom/lib/jsdom/living/events/EventTarget-impl.js:286:3)
      at HTMLInputElementImpl._dispatch 
(node_modules/jsdom/lib/jsdom/living/events/EventTarget-impl.js:233:9)
      at HTMLInputElementImpl.dispatchEvent 
(node_modules/jsdom/lib/jsdom/living/events/EventTarget-impl.js:104:17)
      at HTMLInputElement.dispatchEvent 
(node_modules/jsdom/lib/jsdom/living/generated/EventTarget.js:241:34)
      at 
node_modules/@testing-library/user-event/dist/cjs/event/dispatchEvent.js:45:43
      at Object.eventWrapper 
(node_modules/@testing-library/dom/dist/config.js:25:23)
      at Object.wrapEvent 
(node_modules/@testing-library/user-event/dist/cjs/event/wrapEvent.js:6:28)
      at Object.dispatchEvent (node_modules/@testing-library/user-event/dist/cj
s/event/dispatchEvent.js:45:22)
      at Object.dispatchUIEvent (node_modules/@testing-library/user-event/dist/
cjs/event/dispatchEvent.js:22:26)
      at commitInput 
(node_modules/@testing-library/user-event/dist/cjs/event/input.js:145:14)
      at editInputElement 
(node_modules/@testing-library/user-event/dist/cjs/event/input.js:115:9)
      at Object.input 
(node_modules/@testing-library/user-event/dist/cjs/event/input.js:37:9)
      at node_modules/@testing-library/user-event/dist/cjs/event/behavior/keypr
ess.js:31:26
      at Object.dispatchEvent (node_modules/@testing-library/user-event/dist/cj
s/event/dispatchEvent.js:41:13)
      at Object.dispatchUIEvent (node_modules/@testing-library/user-event/dist/
cjs/event/dispatchEvent.js:22:26)
      at KeyboardHost.keydown 
(node_modules/@testing-library/user-event/dist/cjs/system/keyboard.js:76:22)
      at keyboardAction 
(node_modules/@testing-library/user-event/dist/cjs/keyboard/index.js:22:35)
      at Object.keyboard 
(node_modules/@testing-library/user-event/dist/cjs/keyboard/index.js:11:15)
      at Object.type 
(node_modules/@testing-library/user-event/dist/cjs/utility/type.js:17:5)
      at Object.<anonymous> (src/auth/auth.test.tsx:120:9)

    console.error
      Warning: An update to LoginForm inside a test was not wrapped in 
act(...).
      
      When testing, code that causes React state updates should be wrapped 
into act(...):
      
      act(() => {
        /* fire events that update state */
      });
      /* assert on the output */
      
      This ensures that you're testing the behavior the user would see in the 
browser. Learn more at https://reactjs.org/link/wrap-tests-with-act
          at LoginForm (C:\Users\samhe\OneDrive\Desktop\Cleaned\frontend\src\au
th\LoginForm\LoginForm.tsx:41:33)
          at div
          at div
          at LoginPage
          at routeContext (C:\Users\samhe\OneDrive\Desktop\Cleaned\frontend\nod
e_modules\react-router\lib\hooks.tsx:658:26)
          at children (C:\Users\samhe\OneDrive\Desktop\Cleaned\frontend\node_mo
dules\react-router\lib\components.tsx:512:3)
          at basenameProp (C:\Users\samhe\OneDrive\Desktop\Cleaned\frontend\nod
e_modules\react-router\lib\components.tsx:421:13)
          at basename (C:\Users\samhe\OneDrive\Desktop\Cleaned\frontend\node_mo
dules\react-router\lib\components.tsx:225:3)

      141 |                         placeholder="Enter your password"
      142 |                         value={password}
    > 143 |                         onChange={(e) => 
setPassword(e.target.value)}
          |                                          ^
      144 |                         className="w-full rounded-md border 
border-gray-300 px-3 py-2 pr-10 text-sm focus:outline-none focus:ring-2 
focus:ring-gray-900 disabled:opacity-50"
      145 |                     />
      146 |                     <button

      at printWarning 
(node_modules/react-dom/cjs/react-dom.development.js:86:30)
      at error (node_modules/react-dom/cjs/react-dom.development.js:60:7)
      at warnIfUpdatesNotWrappedWithActDEV 
(node_modules/react-dom/cjs/react-dom.development.js:27628:9)
      at scheduleUpdateOnFiber 
(node_modules/react-dom/cjs/react-dom.development.js:25547:5)
      at dispatchSetState 
(node_modules/react-dom/cjs/react-dom.development.js:16708:7)
      at onChange (src/auth/LoginForm/LoginForm.tsx:143:42)
      at HTMLUnknownElement.callCallback 
(node_modules/react-dom/cjs/react-dom.development.js:4164:14)
      at HTMLUnknownElement.callTheUserObjectsOperation 
(node_modules/jsdom/lib/jsdom/living/generated/EventListener.js:26:30)
      at innerInvokeEventListeners 
(node_modules/jsdom/lib/jsdom/living/events/EventTarget-impl.js:350:25)
      at invokeEventListeners 
(node_modules/jsdom/lib/jsdom/living/events/EventTarget-impl.js:286:3)
      at HTMLUnknownElementImpl._dispatch 
(node_modules/jsdom/lib/jsdom/living/events/EventTarget-impl.js:233:9)
      at HTMLUnknownElementImpl.dispatchEvent 
(node_modules/jsdom/lib/jsdom/living/events/EventTarget-impl.js:104:17)
      at HTMLUnknownElement.dispatchEvent 
(node_modules/jsdom/lib/jsdom/living/generated/EventTarget.js:241:34)
      at Object.invokeGuardedCallbackDev 
(node_modules/react-dom/cjs/react-dom.development.js:4213:16)
      at invokeGuardedCallback 
(node_modules/react-dom/cjs/react-dom.development.js:4277:31)
      at invokeGuardedCallbackAndCatchFirstError 
(node_modules/react-dom/cjs/react-dom.development.js:4291:25)
      at executeDispatch 
(node_modules/react-dom/cjs/react-dom.development.js:9041:3)
      at processDispatchQueueItemsInOrder 
(node_modules/react-dom/cjs/react-dom.development.js:9073:7)
      at processDispatchQueue 
(node_modules/react-dom/cjs/react-dom.development.js:9086:5)
      at dispatchEventsForPlugins 
(node_modules/react-dom/cjs/react-dom.development.js:9097:3)
      at node_modules/react-dom/cjs/react-dom.development.js:9288:12
      at batchedUpdates$1 
(node_modules/react-dom/cjs/react-dom.development.js:26179:12)
      at batchedUpdates 
(node_modules/react-dom/cjs/react-dom.development.js:3991:12)
      at dispatchEventForPluginEventSystem 
(node_modules/react-dom/cjs/react-dom.development.js:9287:3)
      at dispatchEventWithEnableCapturePhaseSelectiveHydrationWithoutDiscreteEv
entReplay (node_modules/react-dom/cjs/react-dom.development.js:6465:5)
      at dispatchEvent 
(node_modules/react-dom/cjs/react-dom.development.js:6457:5)
      at dispatchDiscreteEvent 
(node_modules/react-dom/cjs/react-dom.development.js:6430:5)
      at HTMLDivElement.callTheUserObjectsOperation 
(node_modules/jsdom/lib/jsdom/living/generated/EventListener.js:26:30)
      at innerInvokeEventListeners 
(node_modules/jsdom/lib/jsdom/living/events/EventTarget-impl.js:350:25)
      at invokeEventListeners 
(node_modules/jsdom/lib/jsdom/living/events/EventTarget-impl.js:286:3)
      at HTMLInputElementImpl._dispatch 
(node_modules/jsdom/lib/jsdom/living/events/EventTarget-impl.js:233:9)
      at HTMLInputElementImpl.dispatchEvent 
(node_modules/jsdom/lib/jsdom/living/events/EventTarget-impl.js:104:17)
      at HTMLInputElement.dispatchEvent 
(node_modules/jsdom/lib/jsdom/living/generated/EventTarget.js:241:34)
      at 
node_modules/@testing-library/user-event/dist/cjs/event/dispatchEvent.js:45:43
      at Object.eventWrapper 
(node_modules/@testing-library/dom/dist/config.js:25:23)
      at Object.wrapEvent 
(node_modules/@testing-library/user-event/dist/cjs/event/wrapEvent.js:6:28)
      at Object.dispatchEvent (node_modules/@testing-library/user-event/dist/cj
s/event/dispatchEvent.js:45:22)
      at Object.dispatchUIEvent (node_modules/@testing-library/user-event/dist/
cjs/event/dispatchEvent.js:22:26)
      at commitInput 
(node_modules/@testing-library/user-event/dist/cjs/event/input.js:145:14)
      at editInputElement 
(node_modules/@testing-library/user-event/dist/cjs/event/input.js:115:9)
      at Object.input 
(node_modules/@testing-library/user-event/dist/cjs/event/input.js:37:9)
      at node_modules/@testing-library/user-event/dist/cjs/event/behavior/keypr
ess.js:31:26
      at Object.dispatchEvent (node_modules/@testing-library/user-event/dist/cj
s/event/dispatchEvent.js:41:13)
      at Object.dispatchUIEvent (node_modules/@testing-library/user-event/dist/
cjs/event/dispatchEvent.js:22:26)
      at KeyboardHost.keydown 
(node_modules/@testing-library/user-event/dist/cjs/system/keyboard.js:76:22)
      at keyboardAction 
(node_modules/@testing-library/user-event/dist/cjs/keyboard/index.js:22:35)
      at Object.keyboard 
(node_modules/@testing-library/user-event/dist/cjs/keyboard/index.js:11:15)
      at Object.type 
(node_modules/@testing-library/user-event/dist/cjs/utility/type.js:17:5)
      at Object.<anonymous> (src/auth/auth.test.tsx:120:9)

    console.error
      Warning: An update to LoginForm inside a test was not wrapped in 
act(...).
      
      When testing, code that causes React state updates should be wrapped 
into act(...):
      
      act(() => {
        /* fire events that update state */
      });
      /* assert on the output */
      
      This ensures that you're testing the behavior the user would see in the 
browser. Learn more at https://reactjs.org/link/wrap-tests-with-act
          at LoginForm (C:\Users\samhe\OneDrive\Desktop\Cleaned\frontend\src\au
th\LoginForm\LoginForm.tsx:41:33)
          at div
          at div
          at LoginPage
          at routeContext (C:\Users\samhe\OneDrive\Desktop\Cleaned\frontend\nod
e_modules\react-router\lib\hooks.tsx:658:26)
          at children (C:\Users\samhe\OneDrive\Desktop\Cleaned\frontend\node_mo
dules\react-router\lib\components.tsx:512:3)
          at basenameProp (C:\Users\samhe\OneDrive\Desktop\Cleaned\frontend\nod
e_modules\react-router\lib\components.tsx:421:13)
          at basename (C:\Users\samhe\OneDrive\Desktop\Cleaned\frontend\node_mo
dules\react-router\lib\components.tsx:225:3)

      141 |                         placeholder="Enter your password"
      142 |                         value={password}
    > 143 |                         onChange={(e) => 
setPassword(e.target.value)}
          |                                          ^
      144 |                         className="w-full rounded-md border 
border-gray-300 px-3 py-2 pr-10 text-sm focus:outline-none focus:ring-2 
focus:ring-gray-900 disabled:opacity-50"
      145 |                     />
      146 |                     <button

      at printWarning 
(node_modules/react-dom/cjs/react-dom.development.js:86:30)
      at error (node_modules/react-dom/cjs/react-dom.development.js:60:7)
      at warnIfUpdatesNotWrappedWithActDEV 
(node_modules/react-dom/cjs/react-dom.development.js:27628:9)
      at scheduleUpdateOnFiber 
(node_modules/react-dom/cjs/react-dom.development.js:25547:5)
      at dispatchSetState 
(node_modules/react-dom/cjs/react-dom.development.js:16708:7)
      at onChange (src/auth/LoginForm/LoginForm.tsx:143:42)
      at HTMLUnknownElement.callCallback 
(node_modules/react-dom/cjs/react-dom.development.js:4164:14)
      at HTMLUnknownElement.callTheUserObjectsOperation 
(node_modules/jsdom/lib/jsdom/living/generated/EventListener.js:26:30)
      at innerInvokeEventListeners 
(node_modules/jsdom/lib/jsdom/living/events/EventTarget-impl.js:350:25)
      at invokeEventListeners 
(node_modules/jsdom/lib/jsdom/living/events/EventTarget-impl.js:286:3)
      at HTMLUnknownElementImpl._dispatch 
(node_modules/jsdom/lib/jsdom/living/events/EventTarget-impl.js:233:9)
      at HTMLUnknownElementImpl.dispatchEvent 
(node_modules/jsdom/lib/jsdom/living/events/EventTarget-impl.js:104:17)
      at HTMLUnknownElement.dispatchEvent 
(node_modules/jsdom/lib/jsdom/living/generated/EventTarget.js:241:34)
      at Object.invokeGuardedCallbackDev 
(node_modules/react-dom/cjs/react-dom.development.js:4213:16)
      at invokeGuardedCallback 
(node_modules/react-dom/cjs/react-dom.development.js:4277:31)
      at invokeGuardedCallbackAndCatchFirstError 
(node_modules/react-dom/cjs/react-dom.development.js:4291:25)
      at executeDispatch 
(node_modules/react-dom/cjs/react-dom.development.js:9041:3)
      at processDispatchQueueItemsInOrder 
(node_modules/react-dom/cjs/react-dom.development.js:9073:7)
      at processDispatchQueue 
(node_modules/react-dom/cjs/react-dom.development.js:9086:5)
      at dispatchEventsForPlugins 
(node_modules/react-dom/cjs/react-dom.development.js:9097:3)
      at node_modules/react-dom/cjs/react-dom.development.js:9288:12
      at batchedUpdates$1 
(node_modules/react-dom/cjs/react-dom.development.js:26179:12)
      at batchedUpdates 
(node_modules/react-dom/cjs/react-dom.development.js:3991:12)
      at dispatchEventForPluginEventSystem 
(node_modules/react-dom/cjs/react-dom.development.js:9287:3)
      at dispatchEventWithEnableCapturePhaseSelectiveHydrationWithoutDiscreteEv
entReplay (node_modules/react-dom/cjs/react-dom.development.js:6465:5)
      at dispatchEvent 
(node_modules/react-dom/cjs/react-dom.development.js:6457:5)
      at dispatchDiscreteEvent 
(node_modules/react-dom/cjs/react-dom.development.js:6430:5)
      at HTMLDivElement.callTheUserObjectsOperation 
(node_modules/jsdom/lib/jsdom/living/generated/EventListener.js:26:30)
      at innerInvokeEventListeners 
(node_modules/jsdom/lib/jsdom/living/events/EventTarget-impl.js:350:25)
      at invokeEventListeners 
(node_modules/jsdom/lib/jsdom/living/events/EventTarget-impl.js:286:3)
      at HTMLInputElementImpl._dispatch 
(node_modules/jsdom/lib/jsdom/living/events/EventTarget-impl.js:233:9)
      at HTMLInputElementImpl.dispatchEvent 
(node_modules/jsdom/lib/jsdom/living/events/EventTarget-impl.js:104:17)
      at HTMLInputElement.dispatchEvent 
(node_modules/jsdom/lib/jsdom/living/generated/EventTarget.js:241:34)
      at 
node_modules/@testing-library/user-event/dist/cjs/event/dispatchEvent.js:45:43
      at Object.eventWrapper 
(node_modules/@testing-library/dom/dist/config.js:25:23)
      at Object.wrapEvent 
(node_modules/@testing-library/user-event/dist/cjs/event/wrapEvent.js:6:28)
      at Object.dispatchEvent (node_modules/@testing-library/user-event/dist/cj
s/event/dispatchEvent.js:45:22)
      at Object.dispatchUIEvent (node_modules/@testing-library/user-event/dist/
cjs/event/dispatchEvent.js:22:26)
      at commitInput 
(node_modules/@testing-library/user-event/dist/cjs/event/input.js:145:14)
      at editInputElement 
(node_modules/@testing-library/user-event/dist/cjs/event/input.js:115:9)
      at Object.input 
(node_modules/@testing-library/user-event/dist/cjs/event/input.js:37:9)
      at node_modules/@testing-library/user-event/dist/cjs/event/behavior/keypr
ess.js:31:26
      at Object.dispatchEvent (node_modules/@testing-library/user-event/dist/cj
s/event/dispatchEvent.js:41:13)
      at Object.dispatchUIEvent (node_modules/@testing-library/user-event/dist/
cjs/event/dispatchEvent.js:22:26)
      at KeyboardHost.keydown 
(node_modules/@testing-library/user-event/dist/cjs/system/keyboard.js:76:22)
      at keyboardAction 
(node_modules/@testing-library/user-event/dist/cjs/keyboard/index.js:22:35)
      at Object.keyboard 
(node_modules/@testing-library/user-event/dist/cjs/keyboard/index.js:11:15)
      at Object.type 
(node_modules/@testing-library/user-event/dist/cjs/utility/type.js:17:5)
      at Object.<anonymous> (src/auth/auth.test.tsx:120:9)

    console.error
      Warning: An update to LoginForm inside a test was not wrapped in 
act(...).
      
      When testing, code that causes React state updates should be wrapped 
into act(...):
      
      act(() => {
        /* fire events that update state */
      });
      /* assert on the output */
      
      This ensures that you're testing the behavior the user would see in the 
browser. Learn more at https://reactjs.org/link/wrap-tests-with-act
          at LoginForm (C:\Users\samhe\OneDrive\Desktop\Cleaned\frontend\src\au
th\LoginForm\LoginForm.tsx:41:33)
          at div
          at div
          at LoginPage
          at routeContext (C:\Users\samhe\OneDrive\Desktop\Cleaned\frontend\nod
e_modules\react-router\lib\hooks.tsx:658:26)
          at children (C:\Users\samhe\OneDrive\Desktop\Cleaned\frontend\node_mo
dules\react-router\lib\components.tsx:512:3)
          at basenameProp (C:\Users\samhe\OneDrive\Desktop\Cleaned\frontend\nod
e_modules\react-router\lib\components.tsx:421:13)
          at basename (C:\Users\samhe\OneDrive\Desktop\Cleaned\frontend\node_mo
dules\react-router\lib\components.tsx:225:3)

      52 |     async function handleSubmit(e: React.FormEvent) {
      53 |         e.preventDefault()
    > 54 |         setError('')
         |         ^
      55 |
      56 |         // Client-side empty field validation (R-AUTH-EMPTY)
      57 |         if (!email.trim() || !password) {

      at printWarning 
(node_modules/react-dom/cjs/react-dom.development.js:86:30)
      at error (node_modules/react-dom/cjs/react-dom.development.js:60:7)
      at warnIfUpdatesNotWrappedWithActDEV 
(node_modules/react-dom/cjs/react-dom.development.js:27628:9)
      at scheduleUpdateOnFiber 
(node_modules/react-dom/cjs/react-dom.development.js:25547:5)
      at dispatchSetState 
(node_modules/react-dom/cjs/react-dom.development.js:16708:7)
      at handleSubmit (src/auth/LoginForm/LoginForm.tsx:54:9)
      at HTMLUnknownElement.callCallback 
(node_modules/react-dom/cjs/react-dom.development.js:4164:14)
      at HTMLUnknownElement.callTheUserObjectsOperation 
(node_modules/jsdom/lib/jsdom/living/generated/EventListener.js:26:30)
      at innerInvokeEventListeners 
(node_modules/jsdom/lib/jsdom/living/events/EventTarget-impl.js:350:25)
      at invokeEventListeners 
(node_modules/jsdom/lib/jsdom/living/events/EventTarget-impl.js:286:3)
      at HTMLUnknownElementImpl._dispatch 
(node_modules/jsdom/lib/jsdom/living/events/EventTarget-impl.js:233:9)
      at HTMLUnknownElementImpl.dispatchEvent 
(node_modules/jsdom/lib/jsdom/living/events/EventTarget-impl.js:104:17)
      at HTMLUnknownElement.dispatchEvent 
(node_modules/jsdom/lib/jsdom/living/generated/EventTarget.js:241:34)
      at Object.invokeGuardedCallbackDev 
(node_modules/react-dom/cjs/react-dom.development.js:4213:16)
      at invokeGuardedCallback 
(node_modules/react-dom/cjs/react-dom.development.js:4277:31)
      at invokeGuardedCallbackAndCatchFirstError 
(node_modules/react-dom/cjs/react-dom.development.js:4291:25)
      at executeDispatch 
(node_modules/react-dom/cjs/react-dom.development.js:9041:3)
      at processDispatchQueueItemsInOrder 
(node_modules/react-dom/cjs/react-dom.development.js:9073:7)
      at processDispatchQueue 
(node_modules/react-dom/cjs/react-dom.development.js:9086:5)
      at dispatchEventsForPlugins 
(node_modules/react-dom/cjs/react-dom.development.js:9097:3)
      at node_modules/react-dom/cjs/react-dom.development.js:9288:12
      at batchedUpdates$1 
(node_modules/react-dom/cjs/react-dom.development.js:26179:12)
      at batchedUpdates 
(node_modules/react-dom/cjs/react-dom.development.js:3991:12)
      at dispatchEventForPluginEventSystem 
(node_modules/react-dom/cjs/react-dom.development.js:9287:3)
      at dispatchEventWithEnableCapturePhaseSelectiveHydrationWithoutDiscreteEv
entReplay (node_modules/react-dom/cjs/react-dom.development.js:6465:5)
      at dispatchEvent 
(node_modules/react-dom/cjs/react-dom.development.js:6457:5)
      at dispatchDiscreteEvent 
(node_modules/react-dom/cjs/react-dom.development.js:6430:5)
      at HTMLDivElement.callTheUserObjectsOperation 
(node_modules/jsdom/lib/jsdom/living/generated/EventListener.js:26:30)
      at innerInvokeEventListeners 
(node_modules/jsdom/lib/jsdom/living/events/EventTarget-impl.js:350:25)
      at invokeEventListeners 
(node_modules/jsdom/lib/jsdom/living/events/EventTarget-impl.js:286:3)
      at HTMLFormElementImpl._dispatch 
(node_modules/jsdom/lib/jsdom/living/events/EventTarget-impl.js:233:9)
      at fireAnEvent 
(node_modules/jsdom/lib/jsdom/living/helpers/events.js:18:36)
      at HTMLFormElementImpl.requestSubmit 
(node_modules/jsdom/lib/jsdom/living/nodes/HTMLFormElement-impl.js:109:10)
      at HTMLFormElementImpl._doRequestSubmit 
(node_modules/jsdom/lib/jsdom/living/nodes/HTMLFormElement-impl.js:79:10)
      at HTMLButtonElementImpl._activationBehavior 
(node_modules/jsdom/lib/jsdom/living/nodes/HTMLButtonElement-impl.js:23:14)
      at HTMLButtonElementImpl._dispatch 
(node_modules/jsdom/lib/jsdom/living/events/EventTarget-impl.js:252:26)
      at HTMLButtonElementImpl.dispatchEvent 
(node_modules/jsdom/lib/jsdom/living/events/EventTarget-impl.js:104:17)
      at HTMLButtonElement.dispatchEvent 
(node_modules/jsdom/lib/jsdom/living/generated/EventTarget.js:241:34)
      at 
node_modules/@testing-library/user-event/dist/cjs/event/dispatchEvent.js:45:43
      at Object.eventWrapper 
(node_modules/@testing-library/dom/dist/config.js:25:23)
      at Object.wrapEvent 
(node_modules/@testing-library/user-event/dist/cjs/event/wrapEvent.js:6:28)
      at Object.dispatchEvent (node_modules/@testing-library/user-event/dist/cj
s/event/dispatchEvent.js:45:22)
      at Object.dispatchUIEvent (node_modules/@testing-library/user-event/dist/
cjs/event/dispatchEvent.js:22:26)
      at Mouse.up (node_modules/@testing-library/user-event/dist/cjs/system/poi
nter/mouse.js:100:30)
      at PointerHost.release (node_modules/@testing-library/user-event/dist/cjs
/system/pointer/index.js:87:24)
      at pointerAction 
(node_modules/@testing-library/user-event/dist/cjs/pointer/index.js:54:47)
      at Object.pointer 
(node_modules/@testing-library/user-event/dist/cjs/pointer/index.js:27:9)
      at Object.<anonymous> (src/auth/auth.test.tsx:121:9)

    console.error
      Warning: An update to LoginForm inside a test was not wrapped in 
act(...).
      
      When testing, code that causes React state updates should be wrapped 
into act(...):
      
      act(() => {
        /* fire events that update state */
      });
      /* assert on the output */
      
      This ensures that you're testing the behavior the user would see in the 
browser. Learn more at https://reactjs.org/link/wrap-tests-with-act
          at LoginForm (C:\Users\samhe\OneDrive\Desktop\Cleaned\frontend\src\au
th\LoginForm\LoginForm.tsx:41:33)
          at div
          at div
          at LoginPage
          at routeContext (C:\Users\samhe\OneDrive\Desktop\Cleaned\frontend\nod
e_modules\react-router\lib\hooks.tsx:658:26)
          at children (C:\Users\samhe\OneDrive\Desktop\Cleaned\frontend\node_mo
dules\react-router\lib\components.tsx:512:3)
          at basenameProp (C:\Users\samhe\OneDrive\Desktop\Cleaned\frontend\nod
e_modules\react-router\lib\components.tsx:421:13)
          at basename (C:\Users\samhe\OneDrive\Desktop\Cleaned\frontend\node_mo
dules\react-router\lib\components.tsx:225:3)

      60 |         }
      61 |
    > 62 |         setLoading(true)
         |         ^
      63 |
      64 |         try {
      65 |             const response = await apiPost<{ token: string; user: 
Record<string, unknown> }>(

      at printWarning 
(node_modules/react-dom/cjs/react-dom.development.js:86:30)
      at error (node_modules/react-dom/cjs/react-dom.development.js:60:7)
      at warnIfUpdatesNotWrappedWithActDEV 
(node_modules/react-dom/cjs/react-dom.development.js:27628:9)
      at scheduleUpdateOnFiber 
(node_modules/react-dom/cjs/react-dom.development.js:25547:5)
      at dispatchSetState 
(node_modules/react-dom/cjs/react-dom.development.js:16708:7)
      at handleSubmit (src/auth/LoginForm/LoginForm.tsx:62:9)
      at HTMLUnknownElement.callCallback 
(node_modules/react-dom/cjs/react-dom.development.js:4164:14)
      at HTMLUnknownElement.callTheUserObjectsOperation 
(node_modules/jsdom/lib/jsdom/living/generated/EventListener.js:26:30)
      at innerInvokeEventListeners 
(node_modules/jsdom/lib/jsdom/living/events/EventTarget-impl.js:350:25)
      at invokeEventListeners 
(node_modules/jsdom/lib/jsdom/living/events/EventTarget-impl.js:286:3)
      at HTMLUnknownElementImpl._dispatch 
(node_modules/jsdom/lib/jsdom/living/events/EventTarget-impl.js:233:9)
      at HTMLUnknownElementImpl.dispatchEvent 
(node_modules/jsdom/lib/jsdom/living/events/EventTarget-impl.js:104:17)
      at HTMLUnknownElement.dispatchEvent 
(node_modules/jsdom/lib/jsdom/living/generated/EventTarget.js:241:34)
      at Object.invokeGuardedCallbackDev 
(node_modules/react-dom/cjs/react-dom.development.js:4213:16)
      at invokeGuardedCallback 
(node_modules/react-dom/cjs/react-dom.development.js:4277:31)
      at invokeGuardedCallbackAndCatchFirstError 
(node_modules/react-dom/cjs/react-dom.development.js:4291:25)
      at executeDispatch 
(node_modules/react-dom/cjs/react-dom.development.js:9041:3)
      at processDispatchQueueItemsInOrder 
(node_modules/react-dom/cjs/react-dom.development.js:9073:7)
      at processDispatchQueue 
(node_modules/react-dom/cjs/react-dom.development.js:9086:5)
      at dispatchEventsForPlugins 
(node_modules/react-dom/cjs/react-dom.development.js:9097:3)
      at node_modules/react-dom/cjs/react-dom.development.js:9288:12
      at batchedUpdates$1 
(node_modules/react-dom/cjs/react-dom.development.js:26179:12)
      at batchedUpdates 
(node_modules/react-dom/cjs/react-dom.development.js:3991:12)
      at dispatchEventForPluginEventSystem 
(node_modules/react-dom/cjs/react-dom.development.js:9287:3)
      at dispatchEventWithEnableCapturePhaseSelectiveHydrationWithoutDiscreteEv
entReplay (node_modules/react-dom/cjs/react-dom.development.js:6465:5)
      at dispatchEvent 
(node_modules/react-dom/cjs/react-dom.development.js:6457:5)
      at dispatchDiscreteEvent 
(node_modules/react-dom/cjs/react-dom.development.js:6430:5)
      at HTMLDivElement.callTheUserObjectsOperation 
(node_modules/jsdom/lib/jsdom/living/generated/EventListener.js:26:30)
      at innerInvokeEventListeners 
(node_modules/jsdom/lib/jsdom/living/events/EventTarget-impl.js:350:25)
      at invokeEventListeners 
(node_modules/jsdom/lib/jsdom/living/events/EventTarget-impl.js:286:3)
      at HTMLFormElementImpl._dispatch 
(node_modules/jsdom/lib/jsdom/living/events/EventTarget-impl.js:233:9)
      at fireAnEvent 
(node_modules/jsdom/lib/jsdom/living/helpers/events.js:18:36)
      at HTMLFormElementImpl.requestSubmit 
(node_modules/jsdom/lib/jsdom/living/nodes/HTMLFormElement-impl.js:109:10)
      at HTMLFormElementImpl._doRequestSubmit 
(node_modules/jsdom/lib/jsdom/living/nodes/HTMLFormElement-impl.js:79:10)
      at HTMLButtonElementImpl._activationBehavior 
(node_modules/jsdom/lib/jsdom/living/nodes/HTMLButtonElement-impl.js:23:14)
      at HTMLButtonElementImpl._dispatch 
(node_modules/jsdom/lib/jsdom/living/events/EventTarget-impl.js:252:26)
      at HTMLButtonElementImpl.dispatchEvent 
(node_modules/jsdom/lib/jsdom/living/events/EventTarget-impl.js:104:17)
      at HTMLButtonElement.dispatchEvent 
(node_modules/jsdom/lib/jsdom/living/generated/EventTarget.js:241:34)
      at 
node_modules/@testing-library/user-event/dist/cjs/event/dispatchEvent.js:45:43
      at Object.eventWrapper 
(node_modules/@testing-library/dom/dist/config.js:25:23)
      at Object.wrapEvent 
(node_modules/@testing-library/user-event/dist/cjs/event/wrapEvent.js:6:28)
      at Object.dispatchEvent (node_modules/@testing-library/user-event/dist/cj
s/event/dispatchEvent.js:45:22)
      at Object.dispatchUIEvent (node_modules/@testing-library/user-event/dist/
cjs/event/dispatchEvent.js:22:26)
      at Mouse.up (node_modules/@testing-library/user-event/dist/cjs/system/poi
nter/mouse.js:100:30)
      at PointerHost.release (node_modules/@testing-library/user-event/dist/cjs
/system/pointer/index.js:87:24)
      at pointerAction 
(node_modules/@testing-library/user-event/dist/cjs/pointer/index.js:54:47)
      at Object.pointer 
(node_modules/@testing-library/user-event/dist/cjs/pointer/index.js:27:9)
      at Object.<anonymous> (src/auth/auth.test.tsx:121:9)

    console.error
      Warning: An update to LoginForm inside a test was not wrapped in 
act(...).
      
      When testing, code that causes React state updates should be wrapped 
into act(...):
      
      act(() => {
        /* fire events that update state */
      });
      /* assert on the output */
      
      This ensures that you're testing the behavior the user would see in the 
browser. Learn more at https://reactjs.org/link/wrap-tests-with-act
          at LoginForm (C:\Users\samhe\OneDrive\Desktop\Cleaned\frontend\src\au
th\LoginForm\LoginForm.tsx:41:33)
          at div
          at div
          at LoginPage
          at routeContext (C:\Users\samhe\OneDrive\Desktop\Cleaned\frontend\nod
e_modules\react-router\lib\hooks.tsx:658:26)
          at children (C:\Users\samhe\OneDrive\Desktop\Cleaned\frontend\node_mo
dules\react-router\lib\components.tsx:512:3)
          at basenameProp (C:\Users\samhe\OneDrive\Desktop\Cleaned\frontend\nod
e_modules\react-router\lib\components.tsx:421:13)
          at basename (C:\Users\samhe\OneDrive\Desktop\Cleaned\frontend\node_mo
dules\react-router\lib\components.tsx:225:3)

      123 |                     placeholder="email@company.com"
      124 |                     value={email}
    > 125 |                     onChange={(e) => setEmail(e.target.value)}
          |                                      ^
      126 |                     className="w-full rounded-md border 
border-gray-300 px-3 py-2 text-sm focus:outline-none focus:ring-2 
focus:ring-gray-900 disabled:opacity-50"
      127 |                 />
      128 |             </div>

      at printWarning 
(node_modules/react-dom/cjs/react-dom.development.js:86:30)
      at error (node_modules/react-dom/cjs/react-dom.development.js:60:7)
      at warnIfUpdatesNotWrappedWithActDEV 
(node_modules/react-dom/cjs/react-dom.development.js:27628:9)
      at scheduleUpdateOnFiber 
(node_modules/react-dom/cjs/react-dom.development.js:25547:5)
      at dispatchSetState 
(node_modules/react-dom/cjs/react-dom.development.js:16708:7)
      at onChange (src/auth/LoginForm/LoginForm.tsx:125:38)
      at HTMLUnknownElement.callCallback 
(node_modules/react-dom/cjs/react-dom.development.js:4164:14)
      at HTMLUnknownElement.callTheUserObjectsOperation 
(node_modules/jsdom/lib/jsdom/living/generated/EventListener.js:26:30)
      at innerInvokeEventListeners 
(node_modules/jsdom/lib/jsdom/living/events/EventTarget-impl.js:350:25)
      at invokeEventListeners 
(node_modules/jsdom/lib/jsdom/living/events/EventTarget-impl.js:286:3)
      at HTMLUnknownElementImpl._dispatch 
(node_modules/jsdom/lib/jsdom/living/events/EventTarget-impl.js:233:9)
      at HTMLUnknownElementImpl.dispatchEvent 
(node_modules/jsdom/lib/jsdom/living/events/EventTarget-impl.js:104:17)
      at HTMLUnknownElement.dispatchEvent 
(node_modules/jsdom/lib/jsdom/living/generated/EventTarget.js:241:34)
      at Object.invokeGuardedCallbackDev 
(node_modules/react-dom/cjs/react-dom.development.js:4213:16)
      at invokeGuardedCallback 
(node_modules/react-dom/cjs/react-dom.development.js:4277:31)
      at invokeGuardedCallbackAndCatchFirstError 
(node_modules/react-dom/cjs/react-dom.development.js:4291:25)
      at executeDispatch 
(node_modules/react-dom/cjs/react-dom.development.js:9041:3)
      at processDispatchQueueItemsInOrder 
(node_modules/react-dom/cjs/react-dom.development.js:9073:7)
      at processDispatchQueue 
(node_modules/react-dom/cjs/react-dom.development.js:9086:5)
      at dispatchEventsForPlugins 
(node_modules/react-dom/cjs/react-dom.development.js:9097:3)
      at node_modules/react-dom/cjs/react-dom.development.js:9288:12
      at batchedUpdates$1 
(node_modules/react-dom/cjs/react-dom.development.js:26179:12)
      at batchedUpdates 
(node_modules/react-dom/cjs/react-dom.development.js:3991:12)
      at dispatchEventForPluginEventSystem 
(node_modules/react-dom/cjs/react-dom.development.js:9287:3)
      at dispatchEventWithEnableCapturePhaseSelectiveHydrationWithoutDiscreteEv
entReplay (node_modules/react-dom/cjs/react-dom.development.js:6465:5)
      at dispatchEvent 
(node_modules/react-dom/cjs/react-dom.development.js:6457:5)
      at dispatchDiscreteEvent 
(node_modules/react-dom/cjs/react-dom.development.js:6430:5)
      at HTMLDivElement.callTheUserObjectsOperation 
(node_modules/jsdom/lib/jsdom/living/generated/EventListener.js:26:30)
      at innerInvokeEventListeners 
(node_modules/jsdom/lib/jsdom/living/events/EventTarget-impl.js:350:25)
      at invokeEventListeners 
(node_modules/jsdom/lib/jsdom/living/events/EventTarget-impl.js:286:3)
      at HTMLInputElementImpl._dispatch 
(node_modules/jsdom/lib/jsdom/living/events/EventTarget-impl.js:233:9)
      at HTMLInputElementImpl.dispatchEvent 
(node_modules/jsdom/lib/jsdom/living/events/EventTarget-impl.js:104:17)
      at HTMLInputElement.dispatchEvent 
(node_modules/jsdom/lib/jsdom/living/generated/EventTarget.js:241:34)
      at 
node_modules/@testing-library/user-event/dist/cjs/event/dispatchEvent.js:45:43
      at Object.eventWrapper 
(node_modules/@testing-library/dom/dist/config.js:25:23)
      at Object.wrapEvent 
(node_modules/@testing-library/user-event/dist/cjs/event/wrapEvent.js:6:28)
      at Object.dispatchEvent (node_modules/@testing-library/user-event/dist/cj
s/event/dispatchEvent.js:45:22)
      at Object.dispatchUIEvent (node_modules/@testing-library/user-event/dist/
cjs/event/dispatchEvent.js:22:26)
      at commitInput 
(node_modules/@testing-library/user-event/dist/cjs/event/input.js:145:14)
      at editInputElement 
(node_modules/@testing-library/user-event/dist/cjs/event/input.js:115:9)
      at Object.input 
(node_modules/@testing-library/user-event/dist/cjs/event/input.js:37:9)
      at node_modules/@testing-library/user-event/dist/cjs/event/behavior/keypr
ess.js:31:26
      at Object.dispatchEvent (node_modules/@testing-library/user-event/dist/cj
s/event/dispatchEvent.js:41:13)
      at Object.dispatchUIEvent (node_modules/@testing-library/user-event/dist/
cjs/event/dispatchEvent.js:22:26)
      at KeyboardHost.keydown 
(node_modules/@testing-library/user-event/dist/cjs/system/keyboard.js:76:22)
      at keyboardAction 
(node_modules/@testing-library/user-event/dist/cjs/keyboard/index.js:22:35)
      at Object.keyboard 
(node_modules/@testing-library/user-event/dist/cjs/keyboard/index.js:11:15)
      at Object.type 
(node_modules/@testing-library/user-event/dist/cjs/utility/type.js:17:5)
      at Object.<anonymous> (src/auth/auth.test.tsx:128:9)

    console.error
      Warning: An update to LoginForm inside a test was not wrapped in 
act(...).
      
      When testing, code that causes React state updates should be wrapped 
into act(...):
      
      act(() => {
        /* fire events that update state */
      });
      /* assert on the output */
      
      This ensures that you're testing the behavior the user would see in the 
browser. Learn more at https://reactjs.org/link/wrap-tests-with-act
          at LoginForm (C:\Users\samhe\OneDrive\Desktop\Cleaned\frontend\src\au
th\LoginForm\LoginForm.tsx:41:33)
          at div
          at div
          at LoginPage
          at routeContext (C:\Users\samhe\OneDrive\Desktop\Cleaned\frontend\nod
e_modules\react-router\lib\hooks.tsx:658:26)
          at children (C:\Users\samhe\OneDrive\Desktop\Cleaned\frontend\node_mo
dules\react-router\lib\components.tsx:512:3)
          at basenameProp (C:\Users\samhe\OneDrive\Desktop\Cleaned\frontend\nod
e_modules\react-router\lib\components.tsx:421:13)
          at basename (C:\Users\samhe\OneDrive\Desktop\Cleaned\frontend\node_mo
dules\react-router\lib\components.tsx:225:3)

      123 |                     placeholder="email@company.com"
      124 |                     value={email}
    > 125 |                     onChange={(e) => setEmail(e.target.value)}
          |                                      ^
      126 |                     className="w-full rounded-md border 
border-gray-300 px-3 py-2 text-sm focus:outline-none focus:ring-2 
focus:ring-gray-900 disabled:opacity-50"
      127 |                 />
      128 |             </div>

      at printWarning 
(node_modules/react-dom/cjs/react-dom.development.js:86:30)
      at error (node_modules/react-dom/cjs/react-dom.development.js:60:7)
      at warnIfUpdatesNotWrappedWithActDEV 
(node_modules/react-dom/cjs/react-dom.development.js:27628:9)
      at scheduleUpdateOnFiber 
(node_modules/react-dom/cjs/react-dom.development.js:25547:5)
      at dispatchSetState 
(node_modules/react-dom/cjs/react-dom.development.js:16708:7)
      at onChange (src/auth/LoginForm/LoginForm.tsx:125:38)
      at HTMLUnknownElement.callCallback 
(node_modules/react-dom/cjs/react-dom.development.js:4164:14)
      at HTMLUnknownElement.callTheUserObjectsOperation 
(node_modules/jsdom/lib/jsdom/living/generated/EventListener.js:26:30)
      at innerInvokeEventListeners 
(node_modules/jsdom/lib/jsdom/living/events/EventTarget-impl.js:350:25)
      at invokeEventListeners 
(node_modules/jsdom/lib/jsdom/living/events/EventTarget-impl.js:286:3)
      at HTMLUnknownElementImpl._dispatch 
(node_modules/jsdom/lib/jsdom/living/events/EventTarget-impl.js:233:9)
      at HTMLUnknownElementImpl.dispatchEvent 
(node_modules/jsdom/lib/jsdom/living/events/EventTarget-impl.js:104:17)
      at HTMLUnknownElement.dispatchEvent 
(node_modules/jsdom/lib/jsdom/living/generated/EventTarget.js:241:34)
      at Object.invokeGuardedCallbackDev 
(node_modules/react-dom/cjs/react-dom.development.js:4213:16)
      at invokeGuardedCallback 
(node_modules/react-dom/cjs/react-dom.development.js:4277:31)
      at invokeGuardedCallbackAndCatchFirstError 
(node_modules/react-dom/cjs/react-dom.development.js:4291:25)
      at executeDispatch 
(node_modules/react-dom/cjs/react-dom.development.js:9041:3)
      at processDispatchQueueItemsInOrder 
(node_modules/react-dom/cjs/react-dom.development.js:9073:7)
      at processDispatchQueue 
(node_modules/react-dom/cjs/react-dom.development.js:9086:5)
      at dispatchEventsForPlugins 
(node_modules/react-dom/cjs/react-dom.development.js:9097:3)
      at node_modules/react-dom/cjs/react-dom.development.js:9288:12
      at batchedUpdates$1 
(node_modules/react-dom/cjs/react-dom.development.js:26179:12)
      at batchedUpdates 
(node_modules/react-dom/cjs/react-dom.development.js:3991:12)
      at dispatchEventForPluginEventSystem 
(node_modules/react-dom/cjs/react-dom.development.js:9287:3)
      at dispatchEventWithEnableCapturePhaseSelectiveHydrationWithoutDiscreteEv
entReplay (node_modules/react-dom/cjs/react-dom.development.js:6465:5)
      at dispatchEvent 
(node_modules/react-dom/cjs/react-dom.development.js:6457:5)
      at dispatchDiscreteEvent 
(node_modules/react-dom/cjs/react-dom.development.js:6430:5)
      at HTMLDivElement.callTheUserObjectsOperation 
(node_modules/jsdom/lib/jsdom/living/generated/EventListener.js:26:30)
      at innerInvokeEventListeners 
(node_modules/jsdom/lib/jsdom/living/events/EventTarget-impl.js:350:25)
      at invokeEventListeners 
(node_modules/jsdom/lib/jsdom/living/events/EventTarget-impl.js:286:3)
      at HTMLInputElementImpl._dispatch 
(node_modules/jsdom/lib/jsdom/living/events/EventTarget-impl.js:233:9)
      at HTMLInputElementImpl.dispatchEvent 
(node_modules/jsdom/lib/jsdom/living/events/EventTarget-impl.js:104:17)
      at HTMLInputElement.dispatchEvent 
(node_modules/jsdom/lib/jsdom/living/generated/EventTarget.js:241:34)
      at 
node_modules/@testing-library/user-event/dist/cjs/event/dispatchEvent.js:45:43
      at Object.eventWrapper 
(node_modules/@testing-library/dom/dist/config.js:25:23)
      at Object.wrapEvent 
(node_modules/@testing-library/user-event/dist/cjs/event/wrapEvent.js:6:28)
      at Object.dispatchEvent (node_modules/@testing-library/user-event/dist/cj
s/event/dispatchEvent.js:45:22)
      at Object.dispatchUIEvent (node_modules/@testing-library/user-event/dist/
cjs/event/dispatchEvent.js:22:26)
      at commitInput 
(node_modules/@testing-library/user-event/dist/cjs/event/input.js:145:14)
      at editInputElement 
(node_modules/@testing-library/user-event/dist/cjs/event/input.js:115:9)
      at Object.input 
(node_modules/@testing-library/user-event/dist/cjs/event/input.js:37:9)
      at node_modules/@testing-library/user-event/dist/cjs/event/behavior/keypr
ess.js:31:26
      at Object.dispatchEvent (node_modules/@testing-library/user-event/dist/cj
s/event/dispatchEvent.js:41:13)
      at Object.dispatchUIEvent (node_modules/@testing-library/user-event/dist/
cjs/event/dispatchEvent.js:22:26)
      at KeyboardHost.keydown 
(node_modules/@testing-library/user-event/dist/cjs/system/keyboard.js:76:22)
      at keyboardAction 
(node_modules/@testing-library/user-event/dist/cjs/keyboard/index.js:22:35)
      at Object.keyboard 
(node_modules/@testing-library/user-event/dist/cjs/keyboard/index.js:11:15)
      at Object.type 
(node_modules/@testing-library/user-event/dist/cjs/utility/type.js:17:5)
      at Object.<anonymous> (src/auth/auth.test.tsx:128:9)

    console.error
      Warning: An update to LoginForm inside a test was not wrapped in 
act(...).
      
      When testing, code that causes React state updates should be wrapped 
into act(...):
      
      act(() => {
        /* fire events that update state */
      });
      /* assert on the output */
      
      This ensures that you're testing the behavior the user would see in the 
browser. Learn more at https://reactjs.org/link/wrap-tests-with-act
          at LoginForm (C:\Users\samhe\OneDrive\Desktop\Cleaned\frontend\src\au
th\LoginForm\LoginForm.tsx:41:33)
          at div
          at div
          at LoginPage
          at routeContext (C:\Users\samhe\OneDrive\Desktop\Cleaned\frontend\nod
e_modules\react-router\lib\hooks.tsx:658:26)
          at children (C:\Users\samhe\OneDrive\Desktop\Cleaned\frontend\node_mo
dules\react-router\lib\components.tsx:512:3)
          at basenameProp (C:\Users\samhe\OneDrive\Desktop\Cleaned\frontend\nod
e_modules\react-router\lib\components.tsx:421:13)
          at basename (C:\Users\samhe\OneDrive\Desktop\Cleaned\frontend\node_mo
dules\react-router\lib\components.tsx:225:3)

      123 |                     placeholder="email@company.com"
      124 |                     value={email}
    > 125 |                     onChange={(e) => setEmail(e.target.value)}
          |                                      ^
      126 |                     className="w-full rounded-md border 
border-gray-300 px-3 py-2 text-sm focus:outline-none focus:ring-2 
focus:ring-gray-900 disabled:opacity-50"
      127 |                 />
      128 |             </div>

      at printWarning 
(node_modules/react-dom/cjs/react-dom.development.js:86:30)
      at error (node_modules/react-dom/cjs/react-dom.development.js:60:7)
      at warnIfUpdatesNotWrappedWithActDEV 
(node_modules/react-dom/cjs/react-dom.development.js:27628:9)
      at scheduleUpdateOnFiber 
(node_modules/react-dom/cjs/react-dom.development.js:25547:5)
      at dispatchSetState 
(node_modules/react-dom/cjs/react-dom.development.js:16708:7)
      at onChange (src/auth/LoginForm/LoginForm.tsx:125:38)
      at HTMLUnknownElement.callCallback 
(node_modules/react-dom/cjs/react-dom.development.js:4164:14)
      at HTMLUnknownElement.callTheUserObjectsOperation 
(node_modules/jsdom/lib/jsdom/living/generated/EventListener.js:26:30)
      at innerInvokeEventListeners 
(node_modules/jsdom/lib/jsdom/living/events/EventTarget-impl.js:350:25)
      at invokeEventListeners 
(node_modules/jsdom/lib/jsdom/living/events/EventTarget-impl.js:286:3)
      at HTMLUnknownElementImpl._dispatch 
(node_modules/jsdom/lib/jsdom/living/events/EventTarget-impl.js:233:9)
      at HTMLUnknownElementImpl.dispatchEvent 
(node_modules/jsdom/lib/jsdom/living/events/EventTarget-impl.js:104:17)
      at HTMLUnknownElement.dispatchEvent 
(node_modules/jsdom/lib/jsdom/living/generated/EventTarget.js:241:34)
      at Object.invokeGuardedCallbackDev 
(node_modules/react-dom/cjs/react-dom.development.js:4213:16)
      at invokeGuardedCallback 
(node_modules/react-dom/cjs/react-dom.development.js:4277:31)
      at invokeGuardedCallbackAndCatchFirstError 
(node_modules/react-dom/cjs/react-dom.development.js:4291:25)
      at executeDispatch 
(node_modules/react-dom/cjs/react-dom.development.js:9041:3)
      at processDispatchQueueItemsInOrder 
(node_modules/react-dom/cjs/react-dom.development.js:9073:7)
      at processDispatchQueue 
(node_modules/react-dom/cjs/react-dom.development.js:9086:5)
      at dispatchEventsForPlugins 
(node_modules/react-dom/cjs/react-dom.development.js:9097:3)
      at node_modules/react-dom/cjs/react-dom.development.js:9288:12
      at batchedUpdates$1 
(node_modules/react-dom/cjs/react-dom.development.js:26179:12)
      at batchedUpdates 
(node_modules/react-dom/cjs/react-dom.development.js:3991:12)
      at dispatchEventForPluginEventSystem 
(node_modules/react-dom/cjs/react-dom.development.js:9287:3)
      at dispatchEventWithEnableCapturePhaseSelectiveHydrationWithoutDiscreteEv
entReplay (node_modules/react-dom/cjs/react-dom.development.js:6465:5)
      at dispatchEvent 
(node_modules/react-dom/cjs/react-dom.development.js:6457:5)
      at dispatchDiscreteEvent 
(node_modules/react-dom/cjs/react-dom.development.js:6430:5)
      at HTMLDivElement.callTheUserObjectsOperation 
(node_modules/jsdom/lib/jsdom/living/generated/EventListener.js:26:30)
      at innerInvokeEventListeners 
(node_modules/jsdom/lib/jsdom/living/events/EventTarget-impl.js:350:25)
      at invokeEventListeners 
(node_modules/jsdom/lib/jsdom/living/events/EventTarget-impl.js:286:3)
      at HTMLInputElementImpl._dispatch 
(node_modules/jsdom/lib/jsdom/living/events/EventTarget-impl.js:233:9)
      at HTMLInputElementImpl.dispatchEvent 
(node_modules/jsdom/lib/jsdom/living/events/EventTarget-impl.js:104:17)
      at HTMLInputElement.dispatchEvent 
(node_modules/jsdom/lib/jsdom/living/generated/EventTarget.js:241:34)
      at 
node_modules/@testing-library/user-event/dist/cjs/event/dispatchEvent.js:45:43
      at Object.eventWrapper 
(node_modules/@testing-library/dom/dist/config.js:25:23)
      at Object.wrapEvent 
(node_modules/@testing-library/user-event/dist/cjs/event/wrapEvent.js:6:28)
      at Object.dispatchEvent (node_modules/@testing-library/user-event/dist/cj
s/event/dispatchEvent.js:45:22)
      at Object.dispatchUIEvent (node_modules/@testing-library/user-event/dist/
cjs/event/dispatchEvent.js:22:26)
      at commitInput 
(node_modules/@testing-library/user-event/dist/cjs/event/input.js:145:14)
      at editInputElement 
(node_modules/@testing-library/user-event/dist/cjs/event/input.js:115:9)
      at Object.input 
(node_modules/@testing-library/user-event/dist/cjs/event/input.js:37:9)
      at node_modules/@testing-library/user-event/dist/cjs/event/behavior/keypr
ess.js:31:26
      at Object.dispatchEvent (node_modules/@testing-library/user-event/dist/cj
s/event/dispatchEvent.js:41:13)
      at Object.dispatchUIEvent (node_modules/@testing-library/user-event/dist/
cjs/event/dispatchEvent.js:22:26)
      at KeyboardHost.keydown 
(node_modules/@testing-library/user-event/dist/cjs/system/keyboard.js:76:22)
      at keyboardAction 
(node_modules/@testing-library/user-event/dist/cjs/keyboard/index.js:22:35)
      at Object.keyboard 
(node_modules/@testing-library/user-event/dist/cjs/keyboard/index.js:11:15)
      at Object.type 
(node_modules/@testing-library/user-event/dist/cjs/utility/type.js:17:5)
      at Object.<anonymous> (src/auth/auth.test.tsx:128:9)

    console.error
      Warning: An update to LoginForm inside a test was not wrapped in 
act(...).
      
      When testing, code that causes React state updates should be wrapped 
into act(...):
      
      act(() => {
        /* fire events that update state */
      });
      /* assert on the output */
      
      This ensures that you're testing the behavior the user would see in the 
browser. Learn more at https://reactjs.org/link/wrap-tests-with-act
          at LoginForm (C:\Users\samhe\OneDrive\Desktop\Cleaned\frontend\src\au
th\LoginForm\LoginForm.tsx:41:33)
          at div
          at div
          at LoginPage
          at routeContext (C:\Users\samhe\OneDrive\Desktop\Cleaned\frontend\nod
e_modules\react-router\lib\hooks.tsx:658:26)
          at children (C:\Users\samhe\OneDrive\Desktop\Cleaned\frontend\node_mo
dules\react-router\lib\components.tsx:512:3)
          at basenameProp (C:\Users\samhe\OneDrive\Desktop\Cleaned\frontend\nod
e_modules\react-router\lib\components.tsx:421:13)
          at basename (C:\Users\samhe\OneDrive\Desktop\Cleaned\frontend\node_mo
dules\react-router\lib\components.tsx:225:3)

      123 |                     placeholder="email@company.com"
      124 |                     value={email}
    > 125 |                     onChange={(e) => setEmail(e.target.value)}
          |                                      ^
      126 |                     className="w-full rounded-md border 
border-gray-300 px-3 py-2 text-sm focus:outline-none focus:ring-2 
focus:ring-gray-900 disabled:opacity-50"
      127 |                 />
      128 |             </div>

      at printWarning 
(node_modules/react-dom/cjs/react-dom.development.js:86:30)
      at error (node_modules/react-dom/cjs/react-dom.development.js:60:7)
      at warnIfUpdatesNotWrappedWithActDEV 
(node_modules/react-dom/cjs/react-dom.development.js:27628:9)
      at scheduleUpdateOnFiber 
(node_modules/react-dom/cjs/react-dom.development.js:25547:5)
      at dispatchSetState 
(node_modules/react-dom/cjs/react-dom.development.js:16708:7)
      at onChange (src/auth/LoginForm/LoginForm.tsx:125:38)
      at HTMLUnknownElement.callCallback 
(node_modules/react-dom/cjs/react-dom.development.js:4164:14)
      at HTMLUnknownElement.callTheUserObjectsOperation 
(node_modules/jsdom/lib/jsdom/living/generated/EventListener.js:26:30)
      at innerInvokeEventListeners 
(node_modules/jsdom/lib/jsdom/living/events/EventTarget-impl.js:350:25)
      at invokeEventListeners 
(node_modules/jsdom/lib/jsdom/living/events/EventTarget-impl.js:286:3)
      at HTMLUnknownElementImpl._dispatch 
(node_modules/jsdom/lib/jsdom/living/events/EventTarget-impl.js:233:9)
      at HTMLUnknownElementImpl.dispatchEvent 
(node_modules/jsdom/lib/jsdom/living/events/EventTarget-impl.js:104:17)
      at HTMLUnknownElement.dispatchEvent 
(node_modules/jsdom/lib/jsdom/living/generated/EventTarget.js:241:34)
      at Object.invokeGuardedCallbackDev 
(node_modules/react-dom/cjs/react-dom.development.js:4213:16)
      at invokeGuardedCallback 
(node_modules/react-dom/cjs/react-dom.development.js:4277:31)
      at invokeGuardedCallbackAndCatchFirstError 
(node_modules/react-dom/cjs/react-dom.development.js:4291:25)
      at executeDispatch 
(node_modules/react-dom/cjs/react-dom.development.js:9041:3)
      at processDispatchQueueItemsInOrder 
(node_modules/react-dom/cjs/react-dom.development.js:9073:7)
      at processDispatchQueue 
(node_modules/react-dom/cjs/react-dom.development.js:9086:5)
      at dispatchEventsForPlugins 
(node_modules/react-dom/cjs/react-dom.development.js:9097:3)
      at node_modules/react-dom/cjs/react-dom.development.js:9288:12
      at batchedUpdates$1 
(node_modules/react-dom/cjs/react-dom.development.js:26179:12)
      at batchedUpdates 
(node_modules/react-dom/cjs/react-dom.development.js:3991:12)
      at dispatchEventForPluginEventSystem 
(node_modules/react-dom/cjs/react-dom.development.js:9287:3)
      at dispatchEventWithEnableCapturePhaseSelectiveHydrationWithoutDiscreteEv
entReplay (node_modules/react-dom/cjs/react-dom.development.js:6465:5)
      at dispatchEvent 
(node_modules/react-dom/cjs/react-dom.development.js:6457:5)
      at dispatchDiscreteEvent 
(node_modules/react-dom/cjs/react-dom.development.js:6430:5)
      at HTMLDivElement.callTheUserObjectsOperation 
(node_modules/jsdom/lib/jsdom/living/generated/EventListener.js:26:30)
      at innerInvokeEventListeners 
(node_modules/jsdom/lib/jsdom/living/events/EventTarget-impl.js:350:25)
      at invokeEventListeners 
(node_modules/jsdom/lib/jsdom/living/events/EventTarget-impl.js:286:3)
      at HTMLInputElementImpl._dispatch 
(node_modules/jsdom/lib/jsdom/living/events/EventTarget-impl.js:233:9)
      at HTMLInputElementImpl.dispatchEvent 
(node_modules/jsdom/lib/jsdom/living/events/EventTarget-impl.js:104:17)
      at HTMLInputElement.dispatchEvent 
(node_modules/jsdom/lib/jsdom/living/generated/EventTarget.js:241:34)
      at 
node_modules/@testing-library/user-event/dist/cjs/event/dispatchEvent.js:45:43
      at Object.eventWrapper 
(node_modules/@testing-library/dom/dist/config.js:25:23)
      at Object.wrapEvent 
(node_modules/@testing-library/user-event/dist/cjs/event/wrapEvent.js:6:28)
      at Object.dispatchEvent (node_modules/@testing-library/user-event/dist/cj
s/event/dispatchEvent.js:45:22)
      at Object.dispatchUIEvent (node_modules/@testing-library/user-event/dist/
cjs/event/dispatchEvent.js:22:26)
      at commitInput 
(node_modules/@testing-library/user-event/dist/cjs/event/input.js:145:14)
      at editInputElement 
(node_modules/@testing-library/user-event/dist/cjs/event/input.js:115:9)
      at Object.input 
(node_modules/@testing-library/user-event/dist/cjs/event/input.js:37:9)
      at node_modules/@testing-library/user-event/dist/cjs/event/behavior/keypr
ess.js:31:26
      at Object.dispatchEvent (node_modules/@testing-library/user-event/dist/cj
s/event/dispatchEvent.js:41:13)
      at Object.dispatchUIEvent (node_modules/@testing-library/user-event/dist/
cjs/event/dispatchEvent.js:22:26)
      at KeyboardHost.keydown 
(node_modules/@testing-library/user-event/dist/cjs/system/keyboard.js:76:22)
      at keyboardAction 
(node_modules/@testing-library/user-event/dist/cjs/keyboard/index.js:22:35)
      at Object.keyboard 
(node_modules/@testing-library/user-event/dist/cjs/keyboard/index.js:11:15)
      at Object.type 
(node_modules/@testing-library/user-event/dist/cjs/utility/type.js:17:5)
      at Object.<anonymous> (src/auth/auth.test.tsx:128:9)

    console.error
      Warning: An update to LoginForm inside a test was not wrapped in 
act(...).
      
      When testing, code that causes React state updates should be wrapped 
into act(...):
      
      act(() => {
        /* fire events that update state */
      });
      /* assert on the output */
      
      This ensures that you're testing the behavior the user would see in the 
browser. Learn more at https://reactjs.org/link/wrap-tests-with-act
          at LoginForm (C:\Users\samhe\OneDrive\Desktop\Cleaned\frontend\src\au
th\LoginForm\LoginForm.tsx:41:33)
          at div
          at div
          at LoginPage
          at routeContext (C:\Users\samhe\OneDrive\Desktop\Cleaned\frontend\nod
e_modules\react-router\lib\hooks.tsx:658:26)
          at children (C:\Users\samhe\OneDrive\Desktop\Cleaned\frontend\node_mo
dules\react-router\lib\components.tsx:512:3)
          at basenameProp (C:\Users\samhe\OneDrive\Desktop\Cleaned\frontend\nod
e_modules\react-router\lib\components.tsx:421:13)
          at basename (C:\Users\samhe\OneDrive\Desktop\Cleaned\frontend\node_mo
dules\react-router\lib\components.tsx:225:3)

      123 |                     placeholder="email@company.com"
      124 |                     value={email}
    > 125 |                     onChange={(e) => setEmail(e.target.value)}
          |                                      ^
      126 |                     className="w-full rounded-md border 
border-gray-300 px-3 py-2 text-sm focus:outline-none focus:ring-2 
focus:ring-gray-900 disabled:opacity-50"
      127 |                 />
      128 |             </div>

      at printWarning 
(node_modules/react-dom/cjs/react-dom.development.js:86:30)
      at error (node_modules/react-dom/cjs/react-dom.development.js:60:7)
      at warnIfUpdatesNotWrappedWithActDEV 
(node_modules/react-dom/cjs/react-dom.development.js:27628:9)
      at scheduleUpdateOnFiber 
(node_modules/react-dom/cjs/react-dom.development.js:25547:5)
      at dispatchSetState 
(node_modules/react-dom/cjs/react-dom.development.js:16708:7)
      at onChange (src/auth/LoginForm/LoginForm.tsx:125:38)
      at HTMLUnknownElement.callCallback 
(node_modules/react-dom/cjs/react-dom.development.js:4164:14)
      at HTMLUnknownElement.callTheUserObjectsOperation 
(node_modules/jsdom/lib/jsdom/living/generated/EventListener.js:26:30)
      at innerInvokeEventListeners 
(node_modules/jsdom/lib/jsdom/living/events/EventTarget-impl.js:350:25)
      at invokeEventListeners 
(node_modules/jsdom/lib/jsdom/living/events/EventTarget-impl.js:286:3)
      at HTMLUnknownElementImpl._dispatch 
(node_modules/jsdom/lib/jsdom/living/events/EventTarget-impl.js:233:9)
      at HTMLUnknownElementImpl.dispatchEvent 
(node_modules/jsdom/lib/jsdom/living/events/EventTarget-impl.js:104:17)
      at HTMLUnknownElement.dispatchEvent 
(node_modules/jsdom/lib/jsdom/living/generated/EventTarget.js:241:34)
      at Object.invokeGuardedCallbackDev 
(node_modules/react-dom/cjs/react-dom.development.js:4213:16)
      at invokeGuardedCallback 
(node_modules/react-dom/cjs/react-dom.development.js:4277:31)
      at invokeGuardedCallbackAndCatchFirstError 
(node_modules/react-dom/cjs/react-dom.development.js:4291:25)
      at executeDispatch 
(node_modules/react-dom/cjs/react-dom.development.js:9041:3)
      at processDispatchQueueItemsInOrder 
(node_modules/react-dom/cjs/react-dom.development.js:9073:7)
      at processDispatchQueue 
(node_modules/react-dom/cjs/react-dom.development.js:9086:5)
      at dispatchEventsForPlugins 
(node_modules/react-dom/cjs/react-dom.development.js:9097:3)
      at node_modules/react-dom/cjs/react-dom.development.js:9288:12
      at batchedUpdates$1 
(node_modules/react-dom/cjs/react-dom.development.js:26179:12)
      at batchedUpdates 
(node_modules/react-dom/cjs/react-dom.development.js:3991:12)
      at dispatchEventForPluginEventSystem 
(node_modules/react-dom/cjs/react-dom.development.js:9287:3)
      at dispatchEventWithEnableCapturePhaseSelectiveHydrationWithoutDiscreteEv
entReplay (node_modules/react-dom/cjs/react-dom.development.js:6465:5)
      at dispatchEvent 
(node_modules/react-dom/cjs/react-dom.development.js:6457:5)
      at dispatchDiscreteEvent 
(node_modules/react-dom/cjs/react-dom.development.js:6430:5)
      at HTMLDivElement.callTheUserObjectsOperation 
(node_modules/jsdom/lib/jsdom/living/generated/EventListener.js:26:30)
      at innerInvokeEventListeners 
(node_modules/jsdom/lib/jsdom/living/events/EventTarget-impl.js:350:25)
      at invokeEventListeners 
(node_modules/jsdom/lib/jsdom/living/events/EventTarget-impl.js:286:3)
      at HTMLInputElementImpl._dispatch 
(node_modules/jsdom/lib/jsdom/living/events/EventTarget-impl.js:233:9)
      at HTMLInputElementImpl.dispatchEvent 
(node_modules/jsdom/lib/jsdom/living/events/EventTarget-impl.js:104:17)
      at HTMLInputElement.dispatchEvent 
(node_modules/jsdom/lib/jsdom/living/generated/EventTarget.js:241:34)
      at 
node_modules/@testing-library/user-event/dist/cjs/event/dispatchEvent.js:45:43
      at Object.eventWrapper 
(node_modules/@testing-library/dom/dist/config.js:25:23)
      at Object.wrapEvent 
(node_modules/@testing-library/user-event/dist/cjs/event/wrapEvent.js:6:28)
      at Object.dispatchEvent (node_modules/@testing-library/user-event/dist/cj
s/event/dispatchEvent.js:45:22)
      at Object.dispatchUIEvent (node_modules/@testing-library/user-event/dist/
cjs/event/dispatchEvent.js:22:26)
      at commitInput 
(node_modules/@testing-library/user-event/dist/cjs/event/input.js:145:14)
      at editInputElement 
(node_modules/@testing-library/user-event/dist/cjs/event/input.js:115:9)
      at Object.input 
(node_modules/@testing-library/user-event/dist/cjs/event/input.js:37:9)
      at node_modules/@testing-library/user-event/dist/cjs/event/behavior/keypr
ess.js:31:26
      at Object.dispatchEvent (node_modules/@testing-library/user-event/dist/cj
s/event/dispatchEvent.js:41:13)
      at Object.dispatchUIEvent (node_modules/@testing-library/user-event/dist/
cjs/event/dispatchEvent.js:22:26)
      at KeyboardHost.keydown 
(node_modules/@testing-library/user-event/dist/cjs/system/keyboard.js:76:22)
      at keyboardAction 
(node_modules/@testing-library/user-event/dist/cjs/keyboard/index.js:22:35)
      at Object.keyboard 
(node_modules/@testing-library/user-event/dist/cjs/keyboard/index.js:11:15)
      at Object.type 
(node_modules/@testing-library/user-event/dist/cjs/utility/type.js:17:5)
      at Object.<anonymous> (src/auth/auth.test.tsx:128:9)

    console.error
      Warning: An update to LoginForm inside a test was not wrapped in 
act(...).
      
      When testing, code that causes React state updates should be wrapped 
into act(...):
      
      act(() => {
        /* fire events that update state */
      });
      /* assert on the output */
      
      This ensures that you're testing the behavior the user would see in the 
browser. Learn more at https://reactjs.org/link/wrap-tests-with-act
          at LoginForm (C:\Users\samhe\OneDrive\Desktop\Cleaned\frontend\src\au
th\LoginForm\LoginForm.tsx:41:33)
          at div
          at div
          at LoginPage
          at routeContext (C:\Users\samhe\OneDrive\Desktop\Cleaned\frontend\nod
e_modules\react-router\lib\hooks.tsx:658:26)
          at children (C:\Users\samhe\OneDrive\Desktop\Cleaned\frontend\node_mo
dules\react-router\lib\components.tsx:512:3)
          at basenameProp (C:\Users\samhe\OneDrive\Desktop\Cleaned\frontend\nod
e_modules\react-router\lib\components.tsx:421:13)
          at basename (C:\Users\samhe\OneDrive\Desktop\Cleaned\frontend\node_mo
dules\react-router\lib\components.tsx:225:3)

      123 |                     placeholder="email@company.com"
      124 |                     value={email}
    > 125 |                     onChange={(e) => setEmail(e.target.value)}
          |                                      ^
      126 |                     className="w-full rounded-md border 
border-gray-300 px-3 py-2 text-sm focus:outline-none focus:ring-2 
focus:ring-gray-900 disabled:opacity-50"
      127 |                 />
      128 |             </div>

      at printWarning 
(node_modules/react-dom/cjs/react-dom.development.js:86:30)
      at error (node_modules/react-dom/cjs/react-dom.development.js:60:7)
      at warnIfUpdatesNotWrappedWithActDEV 
(node_modules/react-dom/cjs/react-dom.development.js:27628:9)
      at scheduleUpdateOnFiber 
(node_modules/react-dom/cjs/react-dom.development.js:25547:5)
      at dispatchSetState 
(node_modules/react-dom/cjs/react-dom.development.js:16708:7)
      at onChange (src/auth/LoginForm/LoginForm.tsx:125:38)
      at HTMLUnknownElement.callCallback 
(node_modules/react-dom/cjs/react-dom.development.js:4164:14)
      at HTMLUnknownElement.callTheUserObjectsOperation 
(node_modules/jsdom/lib/jsdom/living/generated/EventListener.js:26:30)
      at innerInvokeEventListeners 
(node_modules/jsdom/lib/jsdom/living/events/EventTarget-impl.js:350:25)
      at invokeEventListeners 
(node_modules/jsdom/lib/jsdom/living/events/EventTarget-impl.js:286:3)
      at HTMLUnknownElementImpl._dispatch 
(node_modules/jsdom/lib/jsdom/living/events/EventTarget-impl.js:233:9)
      at HTMLUnknownElementImpl.dispatchEvent 
(node_modules/jsdom/lib/jsdom/living/events/EventTarget-impl.js:104:17)
      at HTMLUnknownElement.dispatchEvent 
(node_modules/jsdom/lib/jsdom/living/generated/EventTarget.js:241:34)
      at Object.invokeGuardedCallbackDev 
(node_modules/react-dom/cjs/react-dom.development.js:4213:16)
      at invokeGuardedCallback 
(node_modules/react-dom/cjs/react-dom.development.js:4277:31)
      at invokeGuardedCallbackAndCatchFirstError 
(node_modules/react-dom/cjs/react-dom.development.js:4291:25)
      at executeDispatch 
(node_modules/react-dom/cjs/react-dom.development.js:9041:3)
      at processDispatchQueueItemsInOrder 
(node_modules/react-dom/cjs/react-dom.development.js:9073:7)
      at processDispatchQueue 
(node_modules/react-dom/cjs/react-dom.development.js:9086:5)
      at dispatchEventsForPlugins 
(node_modules/react-dom/cjs/react-dom.development.js:9097:3)
      at node_modules/react-dom/cjs/react-dom.development.js:9288:12
      at batchedUpdates$1 
(node_modules/react-dom/cjs/react-dom.development.js:26179:12)
      at batchedUpdates 
(node_modules/react-dom/cjs/react-dom.development.js:3991:12)
      at dispatchEventForPluginEventSystem 
(node_modules/react-dom/cjs/react-dom.development.js:9287:3)
      at dispatchEventWithEnableCapturePhaseSelectiveHydrationWithoutDiscreteEv
entReplay (node_modules/react-dom/cjs/react-dom.development.js:6465:5)
      at dispatchEvent 
(node_modules/react-dom/cjs/react-dom.development.js:6457:5)
      at dispatchDiscreteEvent 
(node_modules/react-dom/cjs/react-dom.development.js:6430:5)
      at HTMLDivElement.callTheUserObjectsOperation 
(node_modules/jsdom/lib/jsdom/living/generated/EventListener.js:26:30)
      at innerInvokeEventListeners 
(node_modules/jsdom/lib/jsdom/living/events/EventTarget-impl.js:350:25)
      at invokeEventListeners 
(node_modules/jsdom/lib/jsdom/living/events/EventTarget-impl.js:286:3)
      at HTMLInputElementImpl._dispatch 
(node_modules/jsdom/lib/jsdom/living/events/EventTarget-impl.js:233:9)
      at HTMLInputElementImpl.dispatchEvent 
(node_modules/jsdom/lib/jsdom/living/events/EventTarget-impl.js:104:17)
      at HTMLInputElement.dispatchEvent 
(node_modules/jsdom/lib/jsdom/living/generated/EventTarget.js:241:34)
      at 
node_modules/@testing-library/user-event/dist/cjs/event/dispatchEvent.js:45:43
      at Object.eventWrapper 
(node_modules/@testing-library/dom/dist/config.js:25:23)
      at Object.wrapEvent 
(node_modules/@testing-library/user-event/dist/cjs/event/wrapEvent.js:6:28)
      at Object.dispatchEvent (node_modules/@testing-library/user-event/dist/cj
s/event/dispatchEvent.js:45:22)
      at Object.dispatchUIEvent (node_modules/@testing-library/user-event/dist/
cjs/event/dispatchEvent.js:22:26)
      at commitInput 
(node_modules/@testing-library/user-event/dist/cjs/event/input.js:145:14)
      at editInputElement 
(node_modules/@testing-library/user-event/dist/cjs/event/input.js:115:9)
      at Object.input 
(node_modules/@testing-library/user-event/dist/cjs/event/input.js:37:9)
      at node_modules/@testing-library/user-event/dist/cjs/event/behavior/keypr
ess.js:31:26
      at Object.dispatchEvent (node_modules/@testing-library/user-event/dist/cj
s/event/dispatchEvent.js:41:13)
      at Object.dispatchUIEvent (node_modules/@testing-library/user-event/dist/
cjs/event/dispatchEvent.js:22:26)
      at KeyboardHost.keydown 
(node_modules/@testing-library/user-event/dist/cjs/system/keyboard.js:76:22)
      at keyboardAction 
(node_modules/@testing-library/user-event/dist/cjs/keyboard/index.js:22:35)
      at Object.keyboard 
(node_modules/@testing-library/user-event/dist/cjs/keyboard/index.js:11:15)
      at Object.type 
(node_modules/@testing-library/user-event/dist/cjs/utility/type.js:17:5)
      at Object.<anonymous> (src/auth/auth.test.tsx:128:9)

    console.error
      Warning: An update to LoginForm inside a test was not wrapped in 
act(...).
      
      When testing, code that causes React state updates should be wrapped 
into act(...):
      
      act(() => {
        /* fire events that update state */
      });
      /* assert on the output */
      
      This ensures that you're testing the behavior the user would see in the 
browser. Learn more at https://reactjs.org/link/wrap-tests-with-act
          at LoginForm (C:\Users\samhe\OneDrive\Desktop\Cleaned\frontend\src\au
th\LoginForm\LoginForm.tsx:41:33)
          at div
          at div
          at LoginPage
          at routeContext (C:\Users\samhe\OneDrive\Desktop\Cleaned\frontend\nod
e_modules\react-router\lib\hooks.tsx:658:26)
          at children (C:\Users\samhe\OneDrive\Desktop\Cleaned\frontend\node_mo
dules\react-router\lib\components.tsx:512:3)
          at basenameProp (C:\Users\samhe\OneDrive\Desktop\Cleaned\frontend\nod
e_modules\react-router\lib\components.tsx:421:13)
          at basename (C:\Users\samhe\OneDrive\Desktop\Cleaned\frontend\node_mo
dules\react-router\lib\components.tsx:225:3)

      123 |                     placeholder="email@company.com"
      124 |                     value={email}
    > 125 |                     onChange={(e) => setEmail(e.target.value)}
          |                                      ^
      126 |                     className="w-full rounded-md border 
border-gray-300 px-3 py-2 text-sm focus:outline-none focus:ring-2 
focus:ring-gray-900 disabled:opacity-50"
      127 |                 />
      128 |             </div>

      at printWarning 
(node_modules/react-dom/cjs/react-dom.development.js:86:30)
      at error (node_modules/react-dom/cjs/react-dom.development.js:60:7)
      at warnIfUpdatesNotWrappedWithActDEV 
(node_modules/react-dom/cjs/react-dom.development.js:27628:9)
      at scheduleUpdateOnFiber 
(node_modules/react-dom/cjs/react-dom.development.js:25547:5)
      at dispatchSetState 
(node_modules/react-dom/cjs/react-dom.development.js:16708:7)
      at onChange (src/auth/LoginForm/LoginForm.tsx:125:38)
      at HTMLUnknownElement.callCallback 
(node_modules/react-dom/cjs/react-dom.development.js:4164:14)
      at HTMLUnknownElement.callTheUserObjectsOperation 
(node_modules/jsdom/lib/jsdom/living/generated/EventListener.js:26:30)
      at innerInvokeEventListeners 
(node_modules/jsdom/lib/jsdom/living/events/EventTarget-impl.js:350:25)
      at invokeEventListeners 
(node_modules/jsdom/lib/jsdom/living/events/EventTarget-impl.js:286:3)
      at HTMLUnknownElementImpl._dispatch 
(node_modules/jsdom/lib/jsdom/living/events/EventTarget-impl.js:233:9)
      at HTMLUnknownElementImpl.dispatchEvent 
(node_modules/jsdom/lib/jsdom/living/events/EventTarget-impl.js:104:17)
      at HTMLUnknownElement.dispatchEvent 
(node_modules/jsdom/lib/jsdom/living/generated/EventTarget.js:241:34)
      at Object.invokeGuardedCallbackDev 
(node_modules/react-dom/cjs/react-dom.development.js:4213:16)
      at invokeGuardedCallback 
(node_modules/react-dom/cjs/react-dom.development.js:4277:31)
      at invokeGuardedCallbackAndCatchFirstError 
(node_modules/react-dom/cjs/react-dom.development.js:4291:25)
      at executeDispatch 
(node_modules/react-dom/cjs/react-dom.development.js:9041:3)
      at processDispatchQueueItemsInOrder 
(node_modules/react-dom/cjs/react-dom.development.js:9073:7)
      at processDispatchQueue 
(node_modules/react-dom/cjs/react-dom.development.js:9086:5)
      at dispatchEventsForPlugins 
(node_modules/react-dom/cjs/react-dom.development.js:9097:3)
      at node_modules/react-dom/cjs/react-dom.development.js:9288:12
      at batchedUpdates$1 
(node_modules/react-dom/cjs/react-dom.development.js:26179:12)
      at batchedUpdates 
(node_modules/react-dom/cjs/react-dom.development.js:3991:12)
      at dispatchEventForPluginEventSystem 
(node_modules/react-dom/cjs/react-dom.development.js:9287:3)
      at dispatchEventWithEnableCapturePhaseSelectiveHydrationWithoutDiscreteEv
entReplay (node_modules/react-dom/cjs/react-dom.development.js:6465:5)
      at dispatchEvent 
(node_modules/react-dom/cjs/react-dom.development.js:6457:5)
      at dispatchDiscreteEvent 
(node_modules/react-dom/cjs/react-dom.development.js:6430:5)
      at HTMLDivElement.callTheUserObjectsOperation 
(node_modules/jsdom/lib/jsdom/living/generated/EventListener.js:26:30)
      at innerInvokeEventListeners 
(node_modules/jsdom/lib/jsdom/living/events/EventTarget-impl.js:350:25)
      at invokeEventListeners 
(node_modules/jsdom/lib/jsdom/living/events/EventTarget-impl.js:286:3)
      at HTMLInputElementImpl._dispatch 
(node_modules/jsdom/lib/jsdom/living/events/EventTarget-impl.js:233:9)
      at HTMLInputElementImpl.dispatchEvent 
(node_modules/jsdom/lib/jsdom/living/events/EventTarget-impl.js:104:17)
      at HTMLInputElement.dispatchEvent 
(node_modules/jsdom/lib/jsdom/living/generated/EventTarget.js:241:34)
      at 
node_modules/@testing-library/user-event/dist/cjs/event/dispatchEvent.js:45:43
      at Object.eventWrapper 
(node_modules/@testing-library/dom/dist/config.js:25:23)
      at Object.wrapEvent 
(node_modules/@testing-library/user-event/dist/cjs/event/wrapEvent.js:6:28)
      at Object.dispatchEvent (node_modules/@testing-library/user-event/dist/cj
s/event/dispatchEvent.js:45:22)
      at Object.dispatchUIEvent (node_modules/@testing-library/user-event/dist/
cjs/event/dispatchEvent.js:22:26)
      at commitInput 
(node_modules/@testing-library/user-event/dist/cjs/event/input.js:145:14)
      at editInputElement 
(node_modules/@testing-library/user-event/dist/cjs/event/input.js:115:9)
      at Object.input 
(node_modules/@testing-library/user-event/dist/cjs/event/input.js:37:9)
      at node_modules/@testing-library/user-event/dist/cjs/event/behavior/keypr
ess.js:31:26
      at Object.dispatchEvent (node_modules/@testing-library/user-event/dist/cj
s/event/dispatchEvent.js:41:13)
      at Object.dispatchUIEvent (node_modules/@testing-library/user-event/dist/
cjs/event/dispatchEvent.js:22:26)
      at KeyboardHost.keydown 
(node_modules/@testing-library/user-event/dist/cjs/system/keyboard.js:76:22)
      at keyboardAction 
(node_modules/@testing-library/user-event/dist/cjs/keyboard/index.js:22:35)
      at Object.keyboard 
(node_modules/@testing-library/user-event/dist/cjs/keyboard/index.js:11:15)
      at Object.type 
(node_modules/@testing-library/user-event/dist/cjs/utility/type.js:17:5)
      at Object.<anonymous> (src/auth/auth.test.tsx:128:9)

    console.error
      Warning: An update to LoginForm inside a test was not wrapped in 
act(...).
      
      When testing, code that causes React state updates should be wrapped 
into act(...):
      
      act(() => {
        /* fire events that update state */
      });
      /* assert on the output */
      
      This ensures that you're testing the behavior the user would see in the 
browser. Learn more at https://reactjs.org/link/wrap-tests-with-act
          at LoginForm (C:\Users\samhe\OneDrive\Desktop\Cleaned\frontend\src\au
th\LoginForm\LoginForm.tsx:41:33)
          at div
          at div
          at LoginPage
          at routeContext (C:\Users\samhe\OneDrive\Desktop\Cleaned\frontend\nod
e_modules\react-router\lib\hooks.tsx:658:26)
          at children (C:\Users\samhe\OneDrive\Desktop\Cleaned\frontend\node_mo
dules\react-router\lib\components.tsx:512:3)
          at basenameProp (C:\Users\samhe\OneDrive\Desktop\Cleaned\frontend\nod
e_modules\react-router\lib\components.tsx:421:13)
          at basename (C:\Users\samhe\OneDrive\Desktop\Cleaned\frontend\node_mo
dules\react-router\lib\components.tsx:225:3)

      123 |                     placeholder="email@company.com"
      124 |                     value={email}
    > 125 |                     onChange={(e) => setEmail(e.target.value)}
          |                                      ^
      126 |                     className="w-full rounded-md border 
border-gray-300 px-3 py-2 text-sm focus:outline-none focus:ring-2 
focus:ring-gray-900 disabled:opacity-50"
      127 |                 />
      128 |             </div>

      at printWarning 
(node_modules/react-dom/cjs/react-dom.development.js:86:30)
      at error (node_modules/react-dom/cjs/react-dom.development.js:60:7)
      at warnIfUpdatesNotWrappedWithActDEV 
(node_modules/react-dom/cjs/react-dom.development.js:27628:9)
      at scheduleUpdateOnFiber 
(node_modules/react-dom/cjs/react-dom.development.js:25547:5)
      at dispatchSetState 
(node_modules/react-dom/cjs/react-dom.development.js:16708:7)
      at onChange (src/auth/LoginForm/LoginForm.tsx:125:38)
      at HTMLUnknownElement.callCallback 
(node_modules/react-dom/cjs/react-dom.development.js:4164:14)
      at HTMLUnknownElement.callTheUserObjectsOperation 
(node_modules/jsdom/lib/jsdom/living/generated/EventListener.js:26:30)
      at innerInvokeEventListeners 
(node_modules/jsdom/lib/jsdom/living/events/EventTarget-impl.js:350:25)
      at invokeEventListeners 
(node_modules/jsdom/lib/jsdom/living/events/EventTarget-impl.js:286:3)
      at HTMLUnknownElementImpl._dispatch 
(node_modules/jsdom/lib/jsdom/living/events/EventTarget-impl.js:233:9)
      at HTMLUnknownElementImpl.dispatchEvent 
(node_modules/jsdom/lib/jsdom/living/events/EventTarget-impl.js:104:17)
      at HTMLUnknownElement.dispatchEvent 
(node_modules/jsdom/lib/jsdom/living/generated/EventTarget.js:241:34)
      at Object.invokeGuardedCallbackDev 
(node_modules/react-dom/cjs/react-dom.development.js:4213:16)
      at invokeGuardedCallback 
(node_modules/react-dom/cjs/react-dom.development.js:4277:31)
      at invokeGuardedCallbackAndCatchFirstError 
(node_modules/react-dom/cjs/react-dom.development.js:4291:25)
      at executeDispatch 
(node_modules/react-dom/cjs/react-dom.development.js:9041:3)
      at processDispatchQueueItemsInOrder 
(node_modules/react-dom/cjs/react-dom.development.js:9073:7)
      at processDispatchQueue 
(node_modules/react-dom/cjs/react-dom.development.js:9086:5)
      at dispatchEventsForPlugins 
(node_modules/react-dom/cjs/react-dom.development.js:9097:3)
      at node_modules/react-dom/cjs/react-dom.development.js:9288:12
      at batchedUpdates$1 
(node_modules/react-dom/cjs/react-dom.development.js:26179:12)
      at batchedUpdates 
(node_modules/react-dom/cjs/react-dom.development.js:3991:12)
      at dispatchEventForPluginEventSystem 
(node_modules/react-dom/cjs/react-dom.development.js:9287:3)
      at dispatchEventWithEnableCapturePhaseSelectiveHydrationWithoutDiscreteEv
entReplay (node_modules/react-dom/cjs/react-dom.development.js:6465:5)
      at dispatchEvent 
(node_modules/react-dom/cjs/react-dom.development.js:6457:5)
      at dispatchDiscreteEvent 
(node_modules/react-dom/cjs/react-dom.development.js:6430:5)
      at HTMLDivElement.callTheUserObjectsOperation 
(node_modules/jsdom/lib/jsdom/living/generated/EventListener.js:26:30)
      at innerInvokeEventListeners 
(node_modules/jsdom/lib/jsdom/living/events/EventTarget-impl.js:350:25)
      at invokeEventListeners 
(node_modules/jsdom/lib/jsdom/living/events/EventTarget-impl.js:286:3)
      at HTMLInputElementImpl._dispatch 
(node_modules/jsdom/lib/jsdom/living/events/EventTarget-impl.js:233:9)
      at HTMLInputElementImpl.dispatchEvent 
(node_modules/jsdom/lib/jsdom/living/events/EventTarget-impl.js:104:17)
      at HTMLInputElement.dispatchEvent 
(node_modules/jsdom/lib/jsdom/living/generated/EventTarget.js:241:34)
      at 
node_modules/@testing-library/user-event/dist/cjs/event/dispatchEvent.js:45:43
      at Object.eventWrapper 
(node_modules/@testing-library/dom/dist/config.js:25:23)
      at Object.wrapEvent 
(node_modules/@testing-library/user-event/dist/cjs/event/wrapEvent.js:6:28)
      at Object.dispatchEvent (node_modules/@testing-library/user-event/dist/cj
s/event/dispatchEvent.js:45:22)
      at Object.dispatchUIEvent (node_modules/@testing-library/user-event/dist/
cjs/event/dispatchEvent.js:22:26)
      at commitInput 
(node_modules/@testing-library/user-event/dist/cjs/event/input.js:145:14)
      at editInputElement 
(node_modules/@testing-library/user-event/dist/cjs/event/input.js:115:9)
      at Object.input 
(node_modules/@testing-library/user-event/dist/cjs/event/input.js:37:9)
      at node_modules/@testing-library/user-event/dist/cjs/event/behavior/keypr
ess.js:31:26
      at Object.dispatchEvent (node_modules/@testing-library/user-event/dist/cj
s/event/dispatchEvent.js:41:13)
      at Object.dispatchUIEvent (node_modules/@testing-library/user-event/dist/
cjs/event/dispatchEvent.js:22:26)
      at KeyboardHost.keydown 
(node_modules/@testing-library/user-event/dist/cjs/system/keyboard.js:76:22)
      at keyboardAction 
(node_modules/@testing-library/user-event/dist/cjs/keyboard/index.js:22:35)
      at Object.keyboard 
(node_modules/@testing-library/user-event/dist/cjs/keyboard/index.js:11:15)
      at Object.type 
(node_modules/@testing-library/user-event/dist/cjs/utility/type.js:17:5)
      at Object.<anonymous> (src/auth/auth.test.tsx:128:9)

    console.error
      Warning: An update to LoginForm inside a test was not wrapped in 
act(...).
      
      When testing, code that causes React state updates should be wrapped 
into act(...):
      
      act(() => {
        /* fire events that update state */
      });
      /* assert on the output */
      
      This ensures that you're testing the behavior the user would see in the 
browser. Learn more at https://reactjs.org/link/wrap-tests-with-act
          at LoginForm (C:\Users\samhe\OneDrive\Desktop\Cleaned\frontend\src\au
th\LoginForm\LoginForm.tsx:41:33)
          at div
          at div
          at LoginPage
          at routeContext (C:\Users\samhe\OneDrive\Desktop\Cleaned\frontend\nod
e_modules\react-router\lib\hooks.tsx:658:26)
          at children (C:\Users\samhe\OneDrive\Desktop\Cleaned\frontend\node_mo
dules\react-router\lib\components.tsx:512:3)
          at basenameProp (C:\Users\samhe\OneDrive\Desktop\Cleaned\frontend\nod
e_modules\react-router\lib\components.tsx:421:13)
          at basename (C:\Users\samhe\OneDrive\Desktop\Cleaned\frontend\node_mo
dules\react-router\lib\components.tsx:225:3)

      123 |                     placeholder="email@company.com"
      124 |                     value={email}
    > 125 |                     onChange={(e) => setEmail(e.target.value)}
          |                                      ^
      126 |                     className="w-full rounded-md border 
border-gray-300 px-3 py-2 text-sm focus:outline-none focus:ring-2 
focus:ring-gray-900 disabled:opacity-50"
      127 |                 />
      128 |             </div>

      at printWarning 
(node_modules/react-dom/cjs/react-dom.development.js:86:30)
      at error (node_modules/react-dom/cjs/react-dom.development.js:60:7)
      at warnIfUpdatesNotWrappedWithActDEV 
(node_modules/react-dom/cjs/react-dom.development.js:27628:9)
      at scheduleUpdateOnFiber 
(node_modules/react-dom/cjs/react-dom.development.js:25547:5)
      at dispatchSetState 
(node_modules/react-dom/cjs/react-dom.development.js:16708:7)
      at onChange (src/auth/LoginForm/LoginForm.tsx:125:38)
      at HTMLUnknownElement.callCallback 
(node_modules/react-dom/cjs/react-dom.development.js:4164:14)
      at HTMLUnknownElement.callTheUserObjectsOperation 
(node_modules/jsdom/lib/jsdom/living/generated/EventListener.js:26:30)
      at innerInvokeEventListeners 
(node_modules/jsdom/lib/jsdom/living/events/EventTarget-impl.js:350:25)
      at invokeEventListeners 
(node_modules/jsdom/lib/jsdom/living/events/EventTarget-impl.js:286:3)
      at HTMLUnknownElementImpl._dispatch 
(node_modules/jsdom/lib/jsdom/living/events/EventTarget-impl.js:233:9)
      at HTMLUnknownElementImpl.dispatchEvent 
(node_modules/jsdom/lib/jsdom/living/events/EventTarget-impl.js:104:17)
      at HTMLUnknownElement.dispatchEvent 
(node_modules/jsdom/lib/jsdom/living/generated/EventTarget.js:241:34)
      at Object.invokeGuardedCallbackDev 
(node_modules/react-dom/cjs/react-dom.development.js:4213:16)
      at invokeGuardedCallback 
(node_modules/react-dom/cjs/react-dom.development.js:4277:31)
      at invokeGuardedCallbackAndCatchFirstError 
(node_modules/react-dom/cjs/react-dom.development.js:4291:25)
      at executeDispatch 
(node_modules/react-dom/cjs/react-dom.development.js:9041:3)
      at processDispatchQueueItemsInOrder 
(node_modules/react-dom/cjs/react-dom.development.js:9073:7)
      at processDispatchQueue 
(node_modules/react-dom/cjs/react-dom.development.js:9086:5)
      at dispatchEventsForPlugins 
(node_modules/react-dom/cjs/react-dom.development.js:9097:3)
      at node_modules/react-dom/cjs/react-dom.development.js:9288:12
      at batchedUpdates$1 
(node_modules/react-dom/cjs/react-dom.development.js:26179:12)
      at batchedUpdates 
(node_modules/react-dom/cjs/react-dom.development.js:3991:12)
      at dispatchEventForPluginEventSystem 
(node_modules/react-dom/cjs/react-dom.development.js:9287:3)
      at dispatchEventWithEnableCapturePhaseSelectiveHydrationWithoutDiscreteEv
entReplay (node_modules/react-dom/cjs/react-dom.development.js:6465:5)
      at dispatchEvent 
(node_modules/react-dom/cjs/react-dom.development.js:6457:5)
      at dispatchDiscreteEvent 
(node_modules/react-dom/cjs/react-dom.development.js:6430:5)
      at HTMLDivElement.callTheUserObjectsOperation 
(node_modules/jsdom/lib/jsdom/living/generated/EventListener.js:26:30)
      at innerInvokeEventListeners 
(node_modules/jsdom/lib/jsdom/living/events/EventTarget-impl.js:350:25)
      at invokeEventListeners 
(node_modules/jsdom/lib/jsdom/living/events/EventTarget-impl.js:286:3)
      at HTMLInputElementImpl._dispatch 
(node_modules/jsdom/lib/jsdom/living/events/EventTarget-impl.js:233:9)
      at HTMLInputElementImpl.dispatchEvent 
(node_modules/jsdom/lib/jsdom/living/events/EventTarget-impl.js:104:17)
      at HTMLInputElement.dispatchEvent 
(node_modules/jsdom/lib/jsdom/living/generated/EventTarget.js:241:34)
      at 
node_modules/@testing-library/user-event/dist/cjs/event/dispatchEvent.js:45:43
      at Object.eventWrapper 
(node_modules/@testing-library/dom/dist/config.js:25:23)
      at Object.wrapEvent 
(node_modules/@testing-library/user-event/dist/cjs/event/wrapEvent.js:6:28)
      at Object.dispatchEvent (node_modules/@testing-library/user-event/dist/cj
s/event/dispatchEvent.js:45:22)
      at Object.dispatchUIEvent (node_modules/@testing-library/user-event/dist/
cjs/event/dispatchEvent.js:22:26)
      at commitInput 
(node_modules/@testing-library/user-event/dist/cjs/event/input.js:145:14)
      at editInputElement 
(node_modules/@testing-library/user-event/dist/cjs/event/input.js:115:9)
      at Object.input 
(node_modules/@testing-library/user-event/dist/cjs/event/input.js:37:9)
      at node_modules/@testing-library/user-event/dist/cjs/event/behavior/keypr
ess.js:31:26
      at Object.dispatchEvent (node_modules/@testing-library/user-event/dist/cj
s/event/dispatchEvent.js:41:13)
      at Object.dispatchUIEvent (node_modules/@testing-library/user-event/dist/
cjs/event/dispatchEvent.js:22:26)
      at KeyboardHost.keydown 
(node_modules/@testing-library/user-event/dist/cjs/system/keyboard.js:76:22)
      at keyboardAction 
(node_modules/@testing-library/user-event/dist/cjs/keyboard/index.js:22:35)
      at Object.keyboard 
(node_modules/@testing-library/user-event/dist/cjs/keyboard/index.js:11:15)
      at Object.type 
(node_modules/@testing-library/user-event/dist/cjs/utility/type.js:17:5)
      at Object.<anonymous> (src/auth/auth.test.tsx:128:9)

    console.error
      Warning: An update to LoginForm inside a test was not wrapped in 
act(...).
      
      When testing, code that causes React state updates should be wrapped 
into act(...):
      
      act(() => {
        /* fire events that update state */
      });
      /* assert on the output */
      
      This ensures that you're testing the behavior the user would see in the 
browser. Learn more at https://reactjs.org/link/wrap-tests-with-act
          at LoginForm (C:\Users\samhe\OneDrive\Desktop\Cleaned\frontend\src\au
th\LoginForm\LoginForm.tsx:41:33)
          at div
          at div
          at LoginPage
          at routeContext (C:\Users\samhe\OneDrive\Desktop\Cleaned\frontend\nod
e_modules\react-router\lib\hooks.tsx:658:26)
          at children (C:\Users\samhe\OneDrive\Desktop\Cleaned\frontend\node_mo
dules\react-router\lib\components.tsx:512:3)
          at basenameProp (C:\Users\samhe\OneDrive\Desktop\Cleaned\frontend\nod
e_modules\react-router\lib\components.tsx:421:13)
          at basename (C:\Users\samhe\OneDrive\Desktop\Cleaned\frontend\node_mo
dules\react-router\lib\components.tsx:225:3)

      123 |                     placeholder="email@company.com"
      124 |                     value={email}
    > 125 |                     onChange={(e) => setEmail(e.target.value)}
          |                                      ^
      126 |                     className="w-full rounded-md border 
border-gray-300 px-3 py-2 text-sm focus:outline-none focus:ring-2 
focus:ring-gray-900 disabled:opacity-50"
      127 |                 />
      128 |             </div>

      at printWarning 
(node_modules/react-dom/cjs/react-dom.development.js:86:30)
      at error (node_modules/react-dom/cjs/react-dom.development.js:60:7)
      at warnIfUpdatesNotWrappedWithActDEV 
(node_modules/react-dom/cjs/react-dom.development.js:27628:9)
      at scheduleUpdateOnFiber 
(node_modules/react-dom/cjs/react-dom.development.js:25547:5)
      at dispatchSetState 
(node_modules/react-dom/cjs/react-dom.development.js:16708:7)
      at onChange (src/auth/LoginForm/LoginForm.tsx:125:38)
      at HTMLUnknownElement.callCallback 
(node_modules/react-dom/cjs/react-dom.development.js:4164:14)
      at HTMLUnknownElement.callTheUserObjectsOperation 
(node_modules/jsdom/lib/jsdom/living/generated/EventListener.js:26:30)
      at innerInvokeEventListeners 
(node_modules/jsdom/lib/jsdom/living/events/EventTarget-impl.js:350:25)
      at invokeEventListeners 
(node_modules/jsdom/lib/jsdom/living/events/EventTarget-impl.js:286:3)
      at HTMLUnknownElementImpl._dispatch 
(node_modules/jsdom/lib/jsdom/living/events/EventTarget-impl.js:233:9)
      at HTMLUnknownElementImpl.dispatchEvent 
(node_modules/jsdom/lib/jsdom/living/events/EventTarget-impl.js:104:17)
      at HTMLUnknownElement.dispatchEvent 
(node_modules/jsdom/lib/jsdom/living/generated/EventTarget.js:241:34)
      at Object.invokeGuardedCallbackDev 
(node_modules/react-dom/cjs/react-dom.development.js:4213:16)
      at invokeGuardedCallback 
(node_modules/react-dom/cjs/react-dom.development.js:4277:31)
      at invokeGuardedCallbackAndCatchFirstError 
(node_modules/react-dom/cjs/react-dom.development.js:4291:25)
      at executeDispatch 
(node_modules/react-dom/cjs/react-dom.development.js:9041:3)
      at processDispatchQueueItemsInOrder 
(node_modules/react-dom/cjs/react-dom.development.js:9073:7)
      at processDispatchQueue 
(node_modules/react-dom/cjs/react-dom.development.js:9086:5)
      at dispatchEventsForPlugins 
(node_modules/react-dom/cjs/react-dom.development.js:9097:3)
      at node_modules/react-dom/cjs/react-dom.development.js:9288:12
      at batchedUpdates$1 
(node_modules/react-dom/cjs/react-dom.development.js:26179:12)
      at batchedUpdates 
(node_modules/react-dom/cjs/react-dom.development.js:3991:12)
      at dispatchEventForPluginEventSystem 
(node_modules/react-dom/cjs/react-dom.development.js:9287:3)
      at dispatchEventWithEnableCapturePhaseSelectiveHydrationWithoutDiscreteEv
entReplay (node_modules/react-dom/cjs/react-dom.development.js:6465:5)
      at dispatchEvent 
(node_modules/react-dom/cjs/react-dom.development.js:6457:5)
      at dispatchDiscreteEvent 
(node_modules/react-dom/cjs/react-dom.development.js:6430:5)
      at HTMLDivElement.callTheUserObjectsOperation 
(node_modules/jsdom/lib/jsdom/living/generated/EventListener.js:26:30)
      at innerInvokeEventListeners 
(node_modules/jsdom/lib/jsdom/living/events/EventTarget-impl.js:350:25)
      at invokeEventListeners 
(node_modules/jsdom/lib/jsdom/living/events/EventTarget-impl.js:286:3)
      at HTMLInputElementImpl._dispatch 
(node_modules/jsdom/lib/jsdom/living/events/EventTarget-impl.js:233:9)
      at HTMLInputElementImpl.dispatchEvent 
(node_modules/jsdom/lib/jsdom/living/events/EventTarget-impl.js:104:17)
      at HTMLInputElement.dispatchEvent 
(node_modules/jsdom/lib/jsdom/living/generated/EventTarget.js:241:34)
      at 
node_modules/@testing-library/user-event/dist/cjs/event/dispatchEvent.js:45:43
      at Object.eventWrapper 
(node_modules/@testing-library/dom/dist/config.js:25:23)
      at Object.wrapEvent 
(node_modules/@testing-library/user-event/dist/cjs/event/wrapEvent.js:6:28)
      at Object.dispatchEvent (node_modules/@testing-library/user-event/dist/cj
s/event/dispatchEvent.js:45:22)
      at Object.dispatchUIEvent (node_modules/@testing-library/user-event/dist/
cjs/event/dispatchEvent.js:22:26)
      at commitInput 
(node_modules/@testing-library/user-event/dist/cjs/event/input.js:145:14)
      at editInputElement 
(node_modules/@testing-library/user-event/dist/cjs/event/input.js:115:9)
      at Object.input 
(node_modules/@testing-library/user-event/dist/cjs/event/input.js:37:9)
      at node_modules/@testing-library/user-event/dist/cjs/event/behavior/keypr
ess.js:31:26
      at Object.dispatchEvent (node_modules/@testing-library/user-event/dist/cj
s/event/dispatchEvent.js:41:13)
      at Object.dispatchUIEvent (node_modules/@testing-library/user-event/dist/
cjs/event/dispatchEvent.js:22:26)
      at KeyboardHost.keydown 
(node_modules/@testing-library/user-event/dist/cjs/system/keyboard.js:76:22)
      at keyboardAction 
(node_modules/@testing-library/user-event/dist/cjs/keyboard/index.js:22:35)
      at Object.keyboard 
(node_modules/@testing-library/user-event/dist/cjs/keyboard/index.js:11:15)
      at Object.type 
(node_modules/@testing-library/user-event/dist/cjs/utility/type.js:17:5)
      at Object.<anonymous> (src/auth/auth.test.tsx:128:9)

    console.error
      Warning: An update to LoginForm inside a test was not wrapped in 
act(...).
      
      When testing, code that causes React state updates should be wrapped 
into act(...):
      
      act(() => {
        /* fire events that update state */
      });
      /* assert on the output */
      
      This ensures that you're testing the behavior the user would see in the 
browser. Learn more at https://reactjs.org/link/wrap-tests-with-act
          at LoginForm (C:\Users\samhe\OneDrive\Desktop\Cleaned\frontend\src\au
th\LoginForm\LoginForm.tsx:41:33)
          at div
          at div
          at LoginPage
          at routeContext (C:\Users\samhe\OneDrive\Desktop\Cleaned\frontend\nod
e_modules\react-router\lib\hooks.tsx:658:26)
          at children (C:\Users\samhe\OneDrive\Desktop\Cleaned\frontend\node_mo
dules\react-router\lib\components.tsx:512:3)
          at basenameProp (C:\Users\samhe\OneDrive\Desktop\Cleaned\frontend\nod
e_modules\react-router\lib\components.tsx:421:13)
          at basename (C:\Users\samhe\OneDrive\Desktop\Cleaned\frontend\node_mo
dules\react-router\lib\components.tsx:225:3)

      123 |                     placeholder="email@company.com"
      124 |                     value={email}
    > 125 |                     onChange={(e) => setEmail(e.target.value)}
          |                                      ^
      126 |                     className="w-full rounded-md border 
border-gray-300 px-3 py-2 text-sm focus:outline-none focus:ring-2 
focus:ring-gray-900 disabled:opacity-50"
      127 |                 />
      128 |             </div>

      at printWarning 
(node_modules/react-dom/cjs/react-dom.development.js:86:30)
      at error (node_modules/react-dom/cjs/react-dom.development.js:60:7)
      at warnIfUpdatesNotWrappedWithActDEV 
(node_modules/react-dom/cjs/react-dom.development.js:27628:9)
      at scheduleUpdateOnFiber 
(node_modules/react-dom/cjs/react-dom.development.js:25547:5)
      at dispatchSetState 
(node_modules/react-dom/cjs/react-dom.development.js:16708:7)
      at onChange (src/auth/LoginForm/LoginForm.tsx:125:38)
      at HTMLUnknownElement.callCallback 
(node_modules/react-dom/cjs/react-dom.development.js:4164:14)
      at HTMLUnknownElement.callTheUserObjectsOperation 
(node_modules/jsdom/lib/jsdom/living/generated/EventListener.js:26:30)
      at innerInvokeEventListeners 
(node_modules/jsdom/lib/jsdom/living/events/EventTarget-impl.js:350:25)
      at invokeEventListeners 
(node_modules/jsdom/lib/jsdom/living/events/EventTarget-impl.js:286:3)
      at HTMLUnknownElementImpl._dispatch 
(node_modules/jsdom/lib/jsdom/living/events/EventTarget-impl.js:233:9)
      at HTMLUnknownElementImpl.dispatchEvent 
(node_modules/jsdom/lib/jsdom/living/events/EventTarget-impl.js:104:17)
      at HTMLUnknownElement.dispatchEvent 
(node_modules/jsdom/lib/jsdom/living/generated/EventTarget.js:241:34)
      at Object.invokeGuardedCallbackDev 
(node_modules/react-dom/cjs/react-dom.development.js:4213:16)
      at invokeGuardedCallback 
(node_modules/react-dom/cjs/react-dom.development.js:4277:31)
      at invokeGuardedCallbackAndCatchFirstError 
(node_modules/react-dom/cjs/react-dom.development.js:4291:25)
      at executeDispatch 
(node_modules/react-dom/cjs/react-dom.development.js:9041:3)
      at processDispatchQueueItemsInOrder 
(node_modules/react-dom/cjs/react-dom.development.js:9073:7)
      at processDispatchQueue 
(node_modules/react-dom/cjs/react-dom.development.js:9086:5)
      at dispatchEventsForPlugins 
(node_modules/react-dom/cjs/react-dom.development.js:9097:3)
      at node_modules/react-dom/cjs/react-dom.development.js:9288:12
      at batchedUpdates$1 
(node_modules/react-dom/cjs/react-dom.development.js:26179:12)
      at batchedUpdates 
(node_modules/react-dom/cjs/react-dom.development.js:3991:12)
      at dispatchEventForPluginEventSystem 
(node_modules/react-dom/cjs/react-dom.development.js:9287:3)
      at dispatchEventWithEnableCapturePhaseSelectiveHydrationWithoutDiscreteEv
entReplay (node_modules/react-dom/cjs/react-dom.development.js:6465:5)
      at dispatchEvent 
(node_modules/react-dom/cjs/react-dom.development.js:6457:5)
      at dispatchDiscreteEvent 
(node_modules/react-dom/cjs/react-dom.development.js:6430:5)
      at HTMLDivElement.callTheUserObjectsOperation 
(node_modules/jsdom/lib/jsdom/living/generated/EventListener.js:26:30)
      at innerInvokeEventListeners 
(node_modules/jsdom/lib/jsdom/living/events/EventTarget-impl.js:350:25)
      at invokeEventListeners 
(node_modules/jsdom/lib/jsdom/living/events/EventTarget-impl.js:286:3)
      at HTMLInputElementImpl._dispatch 
(node_modules/jsdom/lib/jsdom/living/events/EventTarget-impl.js:233:9)
      at HTMLInputElementImpl.dispatchEvent 
(node_modules/jsdom/lib/jsdom/living/events/EventTarget-impl.js:104:17)
      at HTMLInputElement.dispatchEvent 
(node_modules/jsdom/lib/jsdom/living/generated/EventTarget.js:241:34)
      at 
node_modules/@testing-library/user-event/dist/cjs/event/dispatchEvent.js:45:43
      at Object.eventWrapper 
(node_modules/@testing-library/dom/dist/config.js:25:23)
      at Object.wrapEvent 
(node_modules/@testing-library/user-event/dist/cjs/event/wrapEvent.js:6:28)
      at Object.dispatchEvent (node_modules/@testing-library/user-event/dist/cj
s/event/dispatchEvent.js:45:22)
      at Object.dispatchUIEvent (node_modules/@testing-library/user-event/dist/
cjs/event/dispatchEvent.js:22:26)
      at commitInput 
(node_modules/@testing-library/user-event/dist/cjs/event/input.js:145:14)
      at editInputElement 
(node_modules/@testing-library/user-event/dist/cjs/event/input.js:115:9)
      at Object.input 
(node_modules/@testing-library/user-event/dist/cjs/event/input.js:37:9)
      at node_modules/@testing-library/user-event/dist/cjs/event/behavior/keypr
ess.js:31:26
      at Object.dispatchEvent (node_modules/@testing-library/user-event/dist/cj
s/event/dispatchEvent.js:41:13)
      at Object.dispatchUIEvent (node_modules/@testing-library/user-event/dist/
cjs/event/dispatchEvent.js:22:26)
      at KeyboardHost.keydown 
(node_modules/@testing-library/user-event/dist/cjs/system/keyboard.js:76:22)
      at keyboardAction 
(node_modules/@testing-library/user-event/dist/cjs/keyboard/index.js:22:35)
      at Object.keyboard 
(node_modules/@testing-library/user-event/dist/cjs/keyboard/index.js:11:15)
      at Object.type 
(node_modules/@testing-library/user-event/dist/cjs/utility/type.js:17:5)
      at Object.<anonymous> (src/auth/auth.test.tsx:128:9)

    console.error
      Warning: An update to LoginForm inside a test was not wrapped in 
act(...).
      
      When testing, code that causes React state updates should be wrapped 
into act(...):
      
      act(() => {
        /* fire events that update state */
      });
      /* assert on the output */
      
      This ensures that you're testing the behavior the user would see in the 
browser. Learn more at https://reactjs.org/link/wrap-tests-with-act
          at LoginForm (C:\Users\samhe\OneDrive\Desktop\Cleaned\frontend\src\au
th\LoginForm\LoginForm.tsx:41:33)
          at div
          at div
          at LoginPage
          at routeContext (C:\Users\samhe\OneDrive\Desktop\Cleaned\frontend\nod
e_modules\react-router\lib\hooks.tsx:658:26)
          at children (C:\Users\samhe\OneDrive\Desktop\Cleaned\frontend\node_mo
dules\react-router\lib\components.tsx:512:3)
          at basenameProp (C:\Users\samhe\OneDrive\Desktop\Cleaned\frontend\nod
e_modules\react-router\lib\components.tsx:421:13)
          at basename (C:\Users\samhe\OneDrive\Desktop\Cleaned\frontend\node_mo
dules\react-router\lib\components.tsx:225:3)

      123 |                     placeholder="email@company.com"
      124 |                     value={email}
    > 125 |                     onChange={(e) => setEmail(e.target.value)}
          |                                      ^
      126 |                     className="w-full rounded-md border 
border-gray-300 px-3 py-2 text-sm focus:outline-none focus:ring-2 
focus:ring-gray-900 disabled:opacity-50"
      127 |                 />
      128 |             </div>

      at printWarning 
(node_modules/react-dom/cjs/react-dom.development.js:86:30)
      at error (node_modules/react-dom/cjs/react-dom.development.js:60:7)
      at warnIfUpdatesNotWrappedWithActDEV 
(node_modules/react-dom/cjs/react-dom.development.js:27628:9)
      at scheduleUpdateOnFiber 
(node_modules/react-dom/cjs/react-dom.development.js:25547:5)
      at dispatchSetState 
(node_modules/react-dom/cjs/react-dom.development.js:16708:7)
      at onChange (src/auth/LoginForm/LoginForm.tsx:125:38)
      at HTMLUnknownElement.callCallback 
(node_modules/react-dom/cjs/react-dom.development.js:4164:14)
      at HTMLUnknownElement.callTheUserObjectsOperation 
(node_modules/jsdom/lib/jsdom/living/generated/EventListener.js:26:30)
      at innerInvokeEventListeners 
(node_modules/jsdom/lib/jsdom/living/events/EventTarget-impl.js:350:25)
      at invokeEventListeners 
(node_modules/jsdom/lib/jsdom/living/events/EventTarget-impl.js:286:3)
      at HTMLUnknownElementImpl._dispatch 
(node_modules/jsdom/lib/jsdom/living/events/EventTarget-impl.js:233:9)
      at HTMLUnknownElementImpl.dispatchEvent 
(node_modules/jsdom/lib/jsdom/living/events/EventTarget-impl.js:104:17)
      at HTMLUnknownElement.dispatchEvent 
(node_modules/jsdom/lib/jsdom/living/generated/EventTarget.js:241:34)
      at Object.invokeGuardedCallbackDev 
(node_modules/react-dom/cjs/react-dom.development.js:4213:16)
      at invokeGuardedCallback 
(node_modules/react-dom/cjs/react-dom.development.js:4277:31)
      at invokeGuardedCallbackAndCatchFirstError 
(node_modules/react-dom/cjs/react-dom.development.js:4291:25)
      at executeDispatch 
(node_modules/react-dom/cjs/react-dom.development.js:9041:3)
      at processDispatchQueueItemsInOrder 
(node_modules/react-dom/cjs/react-dom.development.js:9073:7)
      at processDispatchQueue 
(node_modules/react-dom/cjs/react-dom.development.js:9086:5)
      at dispatchEventsForPlugins 
(node_modules/react-dom/cjs/react-dom.development.js:9097:3)
      at node_modules/react-dom/cjs/react-dom.development.js:9288:12
      at batchedUpdates$1 
(node_modules/react-dom/cjs/react-dom.development.js:26179:12)
      at batchedUpdates 
(node_modules/react-dom/cjs/react-dom.development.js:3991:12)
      at dispatchEventForPluginEventSystem 
(node_modules/react-dom/cjs/react-dom.development.js:9287:3)
      at dispatchEventWithEnableCapturePhaseSelectiveHydrationWithoutDiscreteEv
entReplay (node_modules/react-dom/cjs/react-dom.development.js:6465:5)
      at dispatchEvent 
(node_modules/react-dom/cjs/react-dom.development.js:6457:5)
      at dispatchDiscreteEvent 
(node_modules/react-dom/cjs/react-dom.development.js:6430:5)
      at HTMLDivElement.callTheUserObjectsOperation 
(node_modules/jsdom/lib/jsdom/living/generated/EventListener.js:26:30)
      at innerInvokeEventListeners 
(node_modules/jsdom/lib/jsdom/living/events/EventTarget-impl.js:350:25)
      at invokeEventListeners 
(node_modules/jsdom/lib/jsdom/living/events/EventTarget-impl.js:286:3)
      at HTMLInputElementImpl._dispatch 
(node_modules/jsdom/lib/jsdom/living/events/EventTarget-impl.js:233:9)
      at HTMLInputElementImpl.dispatchEvent 
(node_modules/jsdom/lib/jsdom/living/events/EventTarget-impl.js:104:17)
      at HTMLInputElement.dispatchEvent 
(node_modules/jsdom/lib/jsdom/living/generated/EventTarget.js:241:34)
      at 
node_modules/@testing-library/user-event/dist/cjs/event/dispatchEvent.js:45:43
      at Object.eventWrapper 
(node_modules/@testing-library/dom/dist/config.js:25:23)
      at Object.wrapEvent 
(node_modules/@testing-library/user-event/dist/cjs/event/wrapEvent.js:6:28)
      at Object.dispatchEvent (node_modules/@testing-library/user-event/dist/cj
s/event/dispatchEvent.js:45:22)
      at Object.dispatchUIEvent (node_modules/@testing-library/user-event/dist/
cjs/event/dispatchEvent.js:22:26)
      at commitInput 
(node_modules/@testing-library/user-event/dist/cjs/event/input.js:145:14)
      at editInputElement 
(node_modules/@testing-library/user-event/dist/cjs/event/input.js:115:9)
      at Object.input 
(node_modules/@testing-library/user-event/dist/cjs/event/input.js:37:9)
      at node_modules/@testing-library/user-event/dist/cjs/event/behavior/keypr
ess.js:31:26
      at Object.dispatchEvent (node_modules/@testing-library/user-event/dist/cj
s/event/dispatchEvent.js:41:13)
      at Object.dispatchUIEvent (node_modules/@testing-library/user-event/dist/
cjs/event/dispatchEvent.js:22:26)
      at KeyboardHost.keydown 
(node_modules/@testing-library/user-event/dist/cjs/system/keyboard.js:76:22)
      at keyboardAction 
(node_modules/@testing-library/user-event/dist/cjs/keyboard/index.js:22:35)
      at Object.keyboard 
(node_modules/@testing-library/user-event/dist/cjs/keyboard/index.js:11:15)
      at Object.type 
(node_modules/@testing-library/user-event/dist/cjs/utility/type.js:17:5)
      at Object.<anonymous> (src/auth/auth.test.tsx:128:9)

    console.error
      Warning: An update to LoginForm inside a test was not wrapped in 
act(...).
      
      When testing, code that causes React state updates should be wrapped 
into act(...):
      
      act(() => {
        /* fire events that update state */
      });
      /* assert on the output */
      
      This ensures that you're testing the behavior the user would see in the 
browser. Learn more at https://reactjs.org/link/wrap-tests-with-act
          at LoginForm (C:\Users\samhe\OneDrive\Desktop\Cleaned\frontend\src\au
th\LoginForm\LoginForm.tsx:41:33)
          at div
          at div
          at LoginPage
          at routeContext (C:\Users\samhe\OneDrive\Desktop\Cleaned\frontend\nod
e_modules\react-router\lib\hooks.tsx:658:26)
          at children (C:\Users\samhe\OneDrive\Desktop\Cleaned\frontend\node_mo
dules\react-router\lib\components.tsx:512:3)
          at basenameProp (C:\Users\samhe\OneDrive\Desktop\Cleaned\frontend\nod
e_modules\react-router\lib\components.tsx:421:13)
          at basename (C:\Users\samhe\OneDrive\Desktop\Cleaned\frontend\node_mo
dules\react-router\lib\components.tsx:225:3)

      123 |                     placeholder="email@company.com"
      124 |                     value={email}
    > 125 |                     onChange={(e) => setEmail(e.target.value)}
          |                                      ^
      126 |                     className="w-full rounded-md border 
border-gray-300 px-3 py-2 text-sm focus:outline-none focus:ring-2 
focus:ring-gray-900 disabled:opacity-50"
      127 |                 />
      128 |             </div>

      at printWarning 
(node_modules/react-dom/cjs/react-dom.development.js:86:30)
      at error (node_modules/react-dom/cjs/react-dom.development.js:60:7)
      at warnIfUpdatesNotWrappedWithActDEV 
(node_modules/react-dom/cjs/react-dom.development.js:27628:9)
      at scheduleUpdateOnFiber 
(node_modules/react-dom/cjs/react-dom.development.js:25547:5)
      at dispatchSetState 
(node_modules/react-dom/cjs/react-dom.development.js:16708:7)
      at onChange (src/auth/LoginForm/LoginForm.tsx:125:38)
      at HTMLUnknownElement.callCallback 
(node_modules/react-dom/cjs/react-dom.development.js:4164:14)
      at HTMLUnknownElement.callTheUserObjectsOperation 
(node_modules/jsdom/lib/jsdom/living/generated/EventListener.js:26:30)
      at innerInvokeEventListeners 
(node_modules/jsdom/lib/jsdom/living/events/EventTarget-impl.js:350:25)
      at invokeEventListeners 
(node_modules/jsdom/lib/jsdom/living/events/EventTarget-impl.js:286:3)
      at HTMLUnknownElementImpl._dispatch 
(node_modules/jsdom/lib/jsdom/living/events/EventTarget-impl.js:233:9)
      at HTMLUnknownElementImpl.dispatchEvent 
(node_modules/jsdom/lib/jsdom/living/events/EventTarget-impl.js:104:17)
      at HTMLUnknownElement.dispatchEvent 
(node_modules/jsdom/lib/jsdom/living/generated/EventTarget.js:241:34)
      at Object.invokeGuardedCallbackDev 
(node_modules/react-dom/cjs/react-dom.development.js:4213:16)
      at invokeGuardedCallback 
(node_modules/react-dom/cjs/react-dom.development.js:4277:31)
      at invokeGuardedCallbackAndCatchFirstError 
(node_modules/react-dom/cjs/react-dom.development.js:4291:25)
      at executeDispatch 
(node_modules/react-dom/cjs/react-dom.development.js:9041:3)
      at processDispatchQueueItemsInOrder 
(node_modules/react-dom/cjs/react-dom.development.js:9073:7)
      at processDispatchQueue 
(node_modules/react-dom/cjs/react-dom.development.js:9086:5)
      at dispatchEventsForPlugins 
(node_modules/react-dom/cjs/react-dom.development.js:9097:3)
      at node_modules/react-dom/cjs/react-dom.development.js:9288:12
      at batchedUpdates$1 
(node_modules/react-dom/cjs/react-dom.development.js:26179:12)
      at batchedUpdates 
(node_modules/react-dom/cjs/react-dom.development.js:3991:12)
      at dispatchEventForPluginEventSystem 
(node_modules/react-dom/cjs/react-dom.development.js:9287:3)
      at dispatchEventWithEnableCapturePhaseSelectiveHydrationWithoutDiscreteEv
entReplay (node_modules/react-dom/cjs/react-dom.development.js:6465:5)
      at dispatchEvent 
(node_modules/react-dom/cjs/react-dom.development.js:6457:5)
      at dispatchDiscreteEvent 
(node_modules/react-dom/cjs/react-dom.development.js:6430:5)
      at HTMLDivElement.callTheUserObjectsOperation 
(node_modules/jsdom/lib/jsdom/living/generated/EventListener.js:26:30)
      at innerInvokeEventListeners 
(node_modules/jsdom/lib/jsdom/living/events/EventTarget-impl.js:350:25)
      at invokeEventListeners 
(node_modules/jsdom/lib/jsdom/living/events/EventTarget-impl.js:286:3)
      at HTMLInputElementImpl._dispatch 
(node_modules/jsdom/lib/jsdom/living/events/EventTarget-impl.js:233:9)
      at HTMLInputElementImpl.dispatchEvent 
(node_modules/jsdom/lib/jsdom/living/events/EventTarget-impl.js:104:17)
      at HTMLInputElement.dispatchEvent 
(node_modules/jsdom/lib/jsdom/living/generated/EventTarget.js:241:34)
      at 
node_modules/@testing-library/user-event/dist/cjs/event/dispatchEvent.js:45:43
      at Object.eventWrapper 
(node_modules/@testing-library/dom/dist/config.js:25:23)
      at Object.wrapEvent 
(node_modules/@testing-library/user-event/dist/cjs/event/wrapEvent.js:6:28)
      at Object.dispatchEvent (node_modules/@testing-library/user-event/dist/cj
s/event/dispatchEvent.js:45:22)
      at Object.dispatchUIEvent (node_modules/@testing-library/user-event/dist/
cjs/event/dispatchEvent.js:22:26)
      at commitInput 
(node_modules/@testing-library/user-event/dist/cjs/event/input.js:145:14)
      at editInputElement 
(node_modules/@testing-library/user-event/dist/cjs/event/input.js:115:9)
      at Object.input 
(node_modules/@testing-library/user-event/dist/cjs/event/input.js:37:9)
      at node_modules/@testing-library/user-event/dist/cjs/event/behavior/keypr
ess.js:31:26
      at Object.dispatchEvent (node_modules/@testing-library/user-event/dist/cj
s/event/dispatchEvent.js:41:13)
      at Object.dispatchUIEvent (node_modules/@testing-library/user-event/dist/
cjs/event/dispatchEvent.js:22:26)
      at KeyboardHost.keydown 
(node_modules/@testing-library/user-event/dist/cjs/system/keyboard.js:76:22)
      at keyboardAction 
(node_modules/@testing-library/user-event/dist/cjs/keyboard/index.js:22:35)
      at Object.keyboard 
(node_modules/@testing-library/user-event/dist/cjs/keyboard/index.js:11:15)
      at Object.type 
(node_modules/@testing-library/user-event/dist/cjs/utility/type.js:17:5)
      at Object.<anonymous> (src/auth/auth.test.tsx:128:9)

    console.error
      Warning: An update to LoginForm inside a test was not wrapped in 
act(...).
      
      When testing, code that causes React state updates should be wrapped 
into act(...):
      
      act(() => {
        /* fire events that update state */
      });
      /* assert on the output */
      
      This ensures that you're testing the behavior the user would see in the 
browser. Learn more at https://reactjs.org/link/wrap-tests-with-act
          at LoginForm (C:\Users\samhe\OneDrive\Desktop\Cleaned\frontend\src\au
th\LoginForm\LoginForm.tsx:41:33)
          at div
          at div
          at LoginPage
          at routeContext (C:\Users\samhe\OneDrive\Desktop\Cleaned\frontend\nod
e_modules\react-router\lib\hooks.tsx:658:26)
          at children (C:\Users\samhe\OneDrive\Desktop\Cleaned\frontend\node_mo
dules\react-router\lib\components.tsx:512:3)
          at basenameProp (C:\Users\samhe\OneDrive\Desktop\Cleaned\frontend\nod
e_modules\react-router\lib\components.tsx:421:13)
          at basename (C:\Users\samhe\OneDrive\Desktop\Cleaned\frontend\node_mo
dules\react-router\lib\components.tsx:225:3)

      123 |                     placeholder="email@company.com"
      124 |                     value={email}
    > 125 |                     onChange={(e) => setEmail(e.target.value)}
          |                                      ^
      126 |                     className="w-full rounded-md border 
border-gray-300 px-3 py-2 text-sm focus:outline-none focus:ring-2 
focus:ring-gray-900 disabled:opacity-50"
      127 |                 />
      128 |             </div>

      at printWarning 
(node_modules/react-dom/cjs/react-dom.development.js:86:30)
      at error (node_modules/react-dom/cjs/react-dom.development.js:60:7)
      at warnIfUpdatesNotWrappedWithActDEV 
(node_modules/react-dom/cjs/react-dom.development.js:27628:9)
      at scheduleUpdateOnFiber 
(node_modules/react-dom/cjs/react-dom.development.js:25547:5)
      at dispatchSetState 
(node_modules/react-dom/cjs/react-dom.development.js:16708:7)
      at onChange (src/auth/LoginForm/LoginForm.tsx:125:38)
      at HTMLUnknownElement.callCallback 
(node_modules/react-dom/cjs/react-dom.development.js:4164:14)
      at HTMLUnknownElement.callTheUserObjectsOperation 
(node_modules/jsdom/lib/jsdom/living/generated/EventListener.js:26:30)
      at innerInvokeEventListeners 
(node_modules/jsdom/lib/jsdom/living/events/EventTarget-impl.js:350:25)
      at invokeEventListeners 
(node_modules/jsdom/lib/jsdom/living/events/EventTarget-impl.js:286:3)
      at HTMLUnknownElementImpl._dispatch 
(node_modules/jsdom/lib/jsdom/living/events/EventTarget-impl.js:233:9)
      at HTMLUnknownElementImpl.dispatchEvent 
(node_modules/jsdom/lib/jsdom/living/events/EventTarget-impl.js:104:17)
      at HTMLUnknownElement.dispatchEvent 
(node_modules/jsdom/lib/jsdom/living/generated/EventTarget.js:241:34)
      at Object.invokeGuardedCallbackDev 
(node_modules/react-dom/cjs/react-dom.development.js:4213:16)
      at invokeGuardedCallback 
(node_modules/react-dom/cjs/react-dom.development.js:4277:31)
      at invokeGuardedCallbackAndCatchFirstError 
(node_modules/react-dom/cjs/react-dom.development.js:4291:25)
      at executeDispatch 
(node_modules/react-dom/cjs/react-dom.development.js:9041:3)
      at processDispatchQueueItemsInOrder 
(node_modules/react-dom/cjs/react-dom.development.js:9073:7)
      at processDispatchQueue 
(node_modules/react-dom/cjs/react-dom.development.js:9086:5)
      at dispatchEventsForPlugins 
(node_modules/react-dom/cjs/react-dom.development.js:9097:3)
      at node_modules/react-dom/cjs/react-dom.development.js:9288:12
      at batchedUpdates$1 
(node_modules/react-dom/cjs/react-dom.development.js:26179:12)
      at batchedUpdates 
(node_modules/react-dom/cjs/react-dom.development.js:3991:12)
      at dispatchEventForPluginEventSystem 
(node_modules/react-dom/cjs/react-dom.development.js:9287:3)
      at dispatchEventWithEnableCapturePhaseSelectiveHydrationWithoutDiscreteEv
entReplay (node_modules/react-dom/cjs/react-dom.development.js:6465:5)
      at dispatchEvent 
(node_modules/react-dom/cjs/react-dom.development.js:6457:5)
      at dispatchDiscreteEvent 
(node_modules/react-dom/cjs/react-dom.development.js:6430:5)
      at HTMLDivElement.callTheUserObjectsOperation 
(node_modules/jsdom/lib/jsdom/living/generated/EventListener.js:26:30)
      at innerInvokeEventListeners 
(node_modules/jsdom/lib/jsdom/living/events/EventTarget-impl.js:350:25)
      at invokeEventListeners 
(node_modules/jsdom/lib/jsdom/living/events/EventTarget-impl.js:286:3)
      at HTMLInputElementImpl._dispatch 
(node_modules/jsdom/lib/jsdom/living/events/EventTarget-impl.js:233:9)
      at HTMLInputElementImpl.dispatchEvent 
(node_modules/jsdom/lib/jsdom/living/events/EventTarget-impl.js:104:17)
      at HTMLInputElement.dispatchEvent 
(node_modules/jsdom/lib/jsdom/living/generated/EventTarget.js:241:34)
      at 
node_modules/@testing-library/user-event/dist/cjs/event/dispatchEvent.js:45:43
      at Object.eventWrapper 
(node_modules/@testing-library/dom/dist/config.js:25:23)
      at Object.wrapEvent 
(node_modules/@testing-library/user-event/dist/cjs/event/wrapEvent.js:6:28)
      at Object.dispatchEvent (node_modules/@testing-library/user-event/dist/cj
s/event/dispatchEvent.js:45:22)
      at Object.dispatchUIEvent (node_modules/@testing-library/user-event/dist/
cjs/event/dispatchEvent.js:22:26)
      at commitInput 
(node_modules/@testing-library/user-event/dist/cjs/event/input.js:145:14)
      at editInputElement 
(node_modules/@testing-library/user-event/dist/cjs/event/input.js:115:9)
      at Object.input 
(node_modules/@testing-library/user-event/dist/cjs/event/input.js:37:9)
      at node_modules/@testing-library/user-event/dist/cjs/event/behavior/keypr
ess.js:31:26
      at Object.dispatchEvent (node_modules/@testing-library/user-event/dist/cj
s/event/dispatchEvent.js:41:13)
      at Object.dispatchUIEvent (node_modules/@testing-library/user-event/dist/
cjs/event/dispatchEvent.js:22:26)
      at KeyboardHost.keydown 
(node_modules/@testing-library/user-event/dist/cjs/system/keyboard.js:76:22)
      at keyboardAction 
(node_modules/@testing-library/user-event/dist/cjs/keyboard/index.js:22:35)
      at Object.keyboard 
(node_modules/@testing-library/user-event/dist/cjs/keyboard/index.js:11:15)
      at Object.type 
(node_modules/@testing-library/user-event/dist/cjs/utility/type.js:17:5)
      at Object.<anonymous> (src/auth/auth.test.tsx:128:9)

    console.error
      Warning: An update to LoginForm inside a test was not wrapped in 
act(...).
      
      When testing, code that causes React state updates should be wrapped 
into act(...):
      
      act(() => {
        /* fire events that update state */
      });
      /* assert on the output */
      
      This ensures that you're testing the behavior the user would see in the 
browser. Learn more at https://reactjs.org/link/wrap-tests-with-act
          at LoginForm (C:\Users\samhe\OneDrive\Desktop\Cleaned\frontend\src\au
th\LoginForm\LoginForm.tsx:41:33)
          at div
          at div
          at LoginPage
          at routeContext (C:\Users\samhe\OneDrive\Desktop\Cleaned\frontend\nod
e_modules\react-router\lib\hooks.tsx:658:26)
          at children (C:\Users\samhe\OneDrive\Desktop\Cleaned\frontend\node_mo
dules\react-router\lib\components.tsx:512:3)
          at basenameProp (C:\Users\samhe\OneDrive\Desktop\Cleaned\frontend\nod
e_modules\react-router\lib\components.tsx:421:13)
          at basename (C:\Users\samhe\OneDrive\Desktop\Cleaned\frontend\node_mo
dules\react-router\lib\components.tsx:225:3)

      123 |                     placeholder="email@company.com"
      124 |                     value={email}
    > 125 |                     onChange={(e) => setEmail(e.target.value)}
          |                                      ^
      126 |                     className="w-full rounded-md border 
border-gray-300 px-3 py-2 text-sm focus:outline-none focus:ring-2 
focus:ring-gray-900 disabled:opacity-50"
      127 |                 />
      128 |             </div>

      at printWarning 
(node_modules/react-dom/cjs/react-dom.development.js:86:30)
      at error (node_modules/react-dom/cjs/react-dom.development.js:60:7)
      at warnIfUpdatesNotWrappedWithActDEV 
(node_modules/react-dom/cjs/react-dom.development.js:27628:9)
      at scheduleUpdateOnFiber 
(node_modules/react-dom/cjs/react-dom.development.js:25547:5)
      at dispatchSetState 
(node_modules/react-dom/cjs/react-dom.development.js:16708:7)
      at onChange (src/auth/LoginForm/LoginForm.tsx:125:38)
      at HTMLUnknownElement.callCallback 
(node_modules/react-dom/cjs/react-dom.development.js:4164:14)
      at HTMLUnknownElement.callTheUserObjectsOperation 
(node_modules/jsdom/lib/jsdom/living/generated/EventListener.js:26:30)
      at innerInvokeEventListeners 
(node_modules/jsdom/lib/jsdom/living/events/EventTarget-impl.js:350:25)
      at invokeEventListeners 
(node_modules/jsdom/lib/jsdom/living/events/EventTarget-impl.js:286:3)
      at HTMLUnknownElementImpl._dispatch 
(node_modules/jsdom/lib/jsdom/living/events/EventTarget-impl.js:233:9)
      at HTMLUnknownElementImpl.dispatchEvent 
(node_modules/jsdom/lib/jsdom/living/events/EventTarget-impl.js:104:17)
      at HTMLUnknownElement.dispatchEvent 
(node_modules/jsdom/lib/jsdom/living/generated/EventTarget.js:241:34)
      at Object.invokeGuardedCallbackDev 
(node_modules/react-dom/cjs/react-dom.development.js:4213:16)
      at invokeGuardedCallback 
(node_modules/react-dom/cjs/react-dom.development.js:4277:31)
      at invokeGuardedCallbackAndCatchFirstError 
(node_modules/react-dom/cjs/react-dom.development.js:4291:25)
      at executeDispatch 
(node_modules/react-dom/cjs/react-dom.development.js:9041:3)
      at processDispatchQueueItemsInOrder 
(node_modules/react-dom/cjs/react-dom.development.js:9073:7)
      at processDispatchQueue 
(node_modules/react-dom/cjs/react-dom.development.js:9086:5)
      at dispatchEventsForPlugins 
(node_modules/react-dom/cjs/react-dom.development.js:9097:3)
      at node_modules/react-dom/cjs/react-dom.development.js:9288:12
      at batchedUpdates$1 
(node_modules/react-dom/cjs/react-dom.development.js:26179:12)
      at batchedUpdates 
(node_modules/react-dom/cjs/react-dom.development.js:3991:12)
      at dispatchEventForPluginEventSystem 
(node_modules/react-dom/cjs/react-dom.development.js:9287:3)
      at dispatchEventWithEnableCapturePhaseSelectiveHydrationWithoutDiscreteEv
entReplay (node_modules/react-dom/cjs/react-dom.development.js:6465:5)
      at dispatchEvent 
(node_modules/react-dom/cjs/react-dom.development.js:6457:5)
      at dispatchDiscreteEvent 
(node_modules/react-dom/cjs/react-dom.development.js:6430:5)
      at HTMLDivElement.callTheUserObjectsOperation 
(node_modules/jsdom/lib/jsdom/living/generated/EventListener.js:26:30)
      at innerInvokeEventListeners 
(node_modules/jsdom/lib/jsdom/living/events/EventTarget-impl.js:350:25)
      at invokeEventListeners 
(node_modules/jsdom/lib/jsdom/living/events/EventTarget-impl.js:286:3)
      at HTMLInputElementImpl._dispatch 
(node_modules/jsdom/lib/jsdom/living/events/EventTarget-impl.js:233:9)
      at HTMLInputElementImpl.dispatchEvent 
(node_modules/jsdom/lib/jsdom/living/events/EventTarget-impl.js:104:17)
      at HTMLInputElement.dispatchEvent 
(node_modules/jsdom/lib/jsdom/living/generated/EventTarget.js:241:34)
      at 
node_modules/@testing-library/user-event/dist/cjs/event/dispatchEvent.js:45:43
      at Object.eventWrapper 
(node_modules/@testing-library/dom/dist/config.js:25:23)
      at Object.wrapEvent 
(node_modules/@testing-library/user-event/dist/cjs/event/wrapEvent.js:6:28)
      at Object.dispatchEvent (node_modules/@testing-library/user-event/dist/cj
s/event/dispatchEvent.js:45:22)
      at Object.dispatchUIEvent (node_modules/@testing-library/user-event/dist/
cjs/event/dispatchEvent.js:22:26)
      at commitInput 
(node_modules/@testing-library/user-event/dist/cjs/event/input.js:145:14)
      at editInputElement 
(node_modules/@testing-library/user-event/dist/cjs/event/input.js:115:9)
      at Object.input 
(node_modules/@testing-library/user-event/dist/cjs/event/input.js:37:9)
      at node_modules/@testing-library/user-event/dist/cjs/event/behavior/keypr
ess.js:31:26
      at Object.dispatchEvent (node_modules/@testing-library/user-event/dist/cj
s/event/dispatchEvent.js:41:13)
      at Object.dispatchUIEvent (node_modules/@testing-library/user-event/dist/
cjs/event/dispatchEvent.js:22:26)
      at KeyboardHost.keydown 
(node_modules/@testing-library/user-event/dist/cjs/system/keyboard.js:76:22)
      at keyboardAction 
(node_modules/@testing-library/user-event/dist/cjs/keyboard/index.js:22:35)
      at Object.keyboard 
(node_modules/@testing-library/user-event/dist/cjs/keyboard/index.js:11:15)
      at Object.type 
(node_modules/@testing-library/user-event/dist/cjs/utility/type.js:17:5)
      at Object.<anonymous> (src/auth/auth.test.tsx:128:9)

    console.error
      Warning: An update to LoginForm inside a test was not wrapped in 
act(...).
      
      When testing, code that causes React state updates should be wrapped 
into act(...):
      
      act(() => {
        /* fire events that update state */
      });
      /* assert on the output */
      
      This ensures that you're testing the behavior the user would see in the 
browser. Learn more at https://reactjs.org/link/wrap-tests-with-act
          at LoginForm (C:\Users\samhe\OneDrive\Desktop\Cleaned\frontend\src\au
th\LoginForm\LoginForm.tsx:41:33)
          at div
          at div
          at LoginPage
          at routeContext (C:\Users\samhe\OneDrive\Desktop\Cleaned\frontend\nod
e_modules\react-router\lib\hooks.tsx:658:26)
          at children (C:\Users\samhe\OneDrive\Desktop\Cleaned\frontend\node_mo
dules\react-router\lib\components.tsx:512:3)
          at basenameProp (C:\Users\samhe\OneDrive\Desktop\Cleaned\frontend\nod
e_modules\react-router\lib\components.tsx:421:13)
          at basename (C:\Users\samhe\OneDrive\Desktop\Cleaned\frontend\node_mo
dules\react-router\lib\components.tsx:225:3)

      123 |                     placeholder="email@company.com"
      124 |                     value={email}
    > 125 |                     onChange={(e) => setEmail(e.target.value)}
          |                                      ^
      126 |                     className="w-full rounded-md border 
border-gray-300 px-3 py-2 text-sm focus:outline-none focus:ring-2 
focus:ring-gray-900 disabled:opacity-50"
      127 |                 />
      128 |             </div>

      at printWarning 
(node_modules/react-dom/cjs/react-dom.development.js:86:30)
      at error (node_modules/react-dom/cjs/react-dom.development.js:60:7)
      at warnIfUpdatesNotWrappedWithActDEV 
(node_modules/react-dom/cjs/react-dom.development.js:27628:9)
      at scheduleUpdateOnFiber 
(node_modules/react-dom/cjs/react-dom.development.js:25547:5)
      at dispatchSetState 
(node_modules/react-dom/cjs/react-dom.development.js:16708:7)
      at onChange (src/auth/LoginForm/LoginForm.tsx:125:38)
      at HTMLUnknownElement.callCallback 
(node_modules/react-dom/cjs/react-dom.development.js:4164:14)
      at HTMLUnknownElement.callTheUserObjectsOperation 
(node_modules/jsdom/lib/jsdom/living/generated/EventListener.js:26:30)
      at innerInvokeEventListeners 
(node_modules/jsdom/lib/jsdom/living/events/EventTarget-impl.js:350:25)
      at invokeEventListeners 
(node_modules/jsdom/lib/jsdom/living/events/EventTarget-impl.js:286:3)
      at HTMLUnknownElementImpl._dispatch 
(node_modules/jsdom/lib/jsdom/living/events/EventTarget-impl.js:233:9)
      at HTMLUnknownElementImpl.dispatchEvent 
(node_modules/jsdom/lib/jsdom/living/events/EventTarget-impl.js:104:17)
      at HTMLUnknownElement.dispatchEvent 
(node_modules/jsdom/lib/jsdom/living/generated/EventTarget.js:241:34)
      at Object.invokeGuardedCallbackDev 
(node_modules/react-dom/cjs/react-dom.development.js:4213:16)
      at invokeGuardedCallback 
(node_modules/react-dom/cjs/react-dom.development.js:4277:31)
      at invokeGuardedCallbackAndCatchFirstError 
(node_modules/react-dom/cjs/react-dom.development.js:4291:25)
      at executeDispatch 
(node_modules/react-dom/cjs/react-dom.development.js:9041:3)
      at processDispatchQueueItemsInOrder 
(node_modules/react-dom/cjs/react-dom.development.js:9073:7)
      at processDispatchQueue 
(node_modules/react-dom/cjs/react-dom.development.js:9086:5)
      at dispatchEventsForPlugins 
(node_modules/react-dom/cjs/react-dom.development.js:9097:3)
      at node_modules/react-dom/cjs/react-dom.development.js:9288:12
      at batchedUpdates$1 
(node_modules/react-dom/cjs/react-dom.development.js:26179:12)
      at batchedUpdates 
(node_modules/react-dom/cjs/react-dom.development.js:3991:12)
      at dispatchEventForPluginEventSystem 
(node_modules/react-dom/cjs/react-dom.development.js:9287:3)
      at dispatchEventWithEnableCapturePhaseSelectiveHydrationWithoutDiscreteEv
entReplay (node_modules/react-dom/cjs/react-dom.development.js:6465:5)
      at dispatchEvent 
(node_modules/react-dom/cjs/react-dom.development.js:6457:5)
      at dispatchDiscreteEvent 
(node_modules/react-dom/cjs/react-dom.development.js:6430:5)
      at HTMLDivElement.callTheUserObjectsOperation 
(node_modules/jsdom/lib/jsdom/living/generated/EventListener.js:26:30)
      at innerInvokeEventListeners 
(node_modules/jsdom/lib/jsdom/living/events/EventTarget-impl.js:350:25)
      at invokeEventListeners 
(node_modules/jsdom/lib/jsdom/living/events/EventTarget-impl.js:286:3)
      at HTMLInputElementImpl._dispatch 
(node_modules/jsdom/lib/jsdom/living/events/EventTarget-impl.js:233:9)
      at HTMLInputElementImpl.dispatchEvent 
(node_modules/jsdom/lib/jsdom/living/events/EventTarget-impl.js:104:17)
      at HTMLInputElement.dispatchEvent 
(node_modules/jsdom/lib/jsdom/living/generated/EventTarget.js:241:34)
      at 
node_modules/@testing-library/user-event/dist/cjs/event/dispatchEvent.js:45:43
      at Object.eventWrapper 
(node_modules/@testing-library/dom/dist/config.js:25:23)
      at Object.wrapEvent 
(node_modules/@testing-library/user-event/dist/cjs/event/wrapEvent.js:6:28)
      at Object.dispatchEvent (node_modules/@testing-library/user-event/dist/cj
s/event/dispatchEvent.js:45:22)
      at Object.dispatchUIEvent (node_modules/@testing-library/user-event/dist/
cjs/event/dispatchEvent.js:22:26)
      at commitInput 
(node_modules/@testing-library/user-event/dist/cjs/event/input.js:145:14)
      at editInputElement 
(node_modules/@testing-library/user-event/dist/cjs/event/input.js:115:9)
      at Object.input 
(node_modules/@testing-library/user-event/dist/cjs/event/input.js:37:9)
      at node_modules/@testing-library/user-event/dist/cjs/event/behavior/keypr
ess.js:31:26
      at Object.dispatchEvent (node_modules/@testing-library/user-event/dist/cj
s/event/dispatchEvent.js:41:13)
      at Object.dispatchUIEvent (node_modules/@testing-library/user-event/dist/
cjs/event/dispatchEvent.js:22:26)
      at KeyboardHost.keydown 
(node_modules/@testing-library/user-event/dist/cjs/system/keyboard.js:76:22)
      at keyboardAction 
(node_modules/@testing-library/user-event/dist/cjs/keyboard/index.js:22:35)
      at Object.keyboard 
(node_modules/@testing-library/user-event/dist/cjs/keyboard/index.js:11:15)
      at Object.type 
(node_modules/@testing-library/user-event/dist/cjs/utility/type.js:17:5)
      at Object.<anonymous> (src/auth/auth.test.tsx:128:9)

    console.error
      Warning: An update to LoginForm inside a test was not wrapped in 
act(...).
      
      When testing, code that causes React state updates should be wrapped 
into act(...):
      
      act(() => {
        /* fire events that update state */
      });
      /* assert on the output */
      
      This ensures that you're testing the behavior the user would see in the 
browser. Learn more at https://reactjs.org/link/wrap-tests-with-act
          at LoginForm (C:\Users\samhe\OneDrive\Desktop\Cleaned\frontend\src\au
th\LoginForm\LoginForm.tsx:41:33)
          at div
          at div
          at LoginPage
          at routeContext (C:\Users\samhe\OneDrive\Desktop\Cleaned\frontend\nod
e_modules\react-router\lib\hooks.tsx:658:26)
          at children (C:\Users\samhe\OneDrive\Desktop\Cleaned\frontend\node_mo
dules\react-router\lib\components.tsx:512:3)
          at basenameProp (C:\Users\samhe\OneDrive\Desktop\Cleaned\frontend\nod
e_modules\react-router\lib\components.tsx:421:13)
          at basename (C:\Users\samhe\OneDrive\Desktop\Cleaned\frontend\node_mo
dules\react-router\lib\components.tsx:225:3)

      141 |                         placeholder="Enter your password"
      142 |                         value={password}
    > 143 |                         onChange={(e) => 
setPassword(e.target.value)}
          |                                          ^
      144 |                         className="w-full rounded-md border 
border-gray-300 px-3 py-2 pr-10 text-sm focus:outline-none focus:ring-2 
focus:ring-gray-900 disabled:opacity-50"
      145 |                     />
      146 |                     <button

      at printWarning 
(node_modules/react-dom/cjs/react-dom.development.js:86:30)
      at error (node_modules/react-dom/cjs/react-dom.development.js:60:7)
      at warnIfUpdatesNotWrappedWithActDEV 
(node_modules/react-dom/cjs/react-dom.development.js:27628:9)
      at scheduleUpdateOnFiber 
(node_modules/react-dom/cjs/react-dom.development.js:25547:5)
      at dispatchSetState 
(node_modules/react-dom/cjs/react-dom.development.js:16708:7)
      at onChange (src/auth/LoginForm/LoginForm.tsx:143:42)
      at HTMLUnknownElement.callCallback 
(node_modules/react-dom/cjs/react-dom.development.js:4164:14)
      at HTMLUnknownElement.callTheUserObjectsOperation 
(node_modules/jsdom/lib/jsdom/living/generated/EventListener.js:26:30)
      at innerInvokeEventListeners 
(node_modules/jsdom/lib/jsdom/living/events/EventTarget-impl.js:350:25)
      at invokeEventListeners 
(node_modules/jsdom/lib/jsdom/living/events/EventTarget-impl.js:286:3)
      at HTMLUnknownElementImpl._dispatch 
(node_modules/jsdom/lib/jsdom/living/events/EventTarget-impl.js:233:9)
      at HTMLUnknownElementImpl.dispatchEvent 
(node_modules/jsdom/lib/jsdom/living/events/EventTarget-impl.js:104:17)
      at HTMLUnknownElement.dispatchEvent 
(node_modules/jsdom/lib/jsdom/living/generated/EventTarget.js:241:34)
      at Object.invokeGuardedCallbackDev 
(node_modules/react-dom/cjs/react-dom.development.js:4213:16)
      at invokeGuardedCallback 
(node_modules/react-dom/cjs/react-dom.development.js:4277:31)
      at invokeGuardedCallbackAndCatchFirstError 
(node_modules/react-dom/cjs/react-dom.development.js:4291:25)
      at executeDispatch 
(node_modules/react-dom/cjs/react-dom.development.js:9041:3)
      at processDispatchQueueItemsInOrder 
(node_modules/react-dom/cjs/react-dom.development.js:9073:7)
      at processDispatchQueue 
(node_modules/react-dom/cjs/react-dom.development.js:9086:5)
      at dispatchEventsForPlugins 
(node_modules/react-dom/cjs/react-dom.development.js:9097:3)
      at node_modules/react-dom/cjs/react-dom.development.js:9288:12
      at batchedUpdates$1 
(node_modules/react-dom/cjs/react-dom.development.js:26179:12)
      at batchedUpdates 
(node_modules/react-dom/cjs/react-dom.development.js:3991:12)
      at dispatchEventForPluginEventSystem 
(node_modules/react-dom/cjs/react-dom.development.js:9287:3)
      at dispatchEventWithEnableCapturePhaseSelectiveHydrationWithoutDiscreteEv
entReplay (node_modules/react-dom/cjs/react-dom.development.js:6465:5)
      at dispatchEvent 
(node_modules/react-dom/cjs/react-dom.development.js:6457:5)
      at dispatchDiscreteEvent 
(node_modules/react-dom/cjs/react-dom.development.js:6430:5)
      at HTMLDivElement.callTheUserObjectsOperation 
(node_modules/jsdom/lib/jsdom/living/generated/EventListener.js:26:30)
      at innerInvokeEventListeners 
(node_modules/jsdom/lib/jsdom/living/events/EventTarget-impl.js:350:25)
      at invokeEventListeners 
(node_modules/jsdom/lib/jsdom/living/events/EventTarget-impl.js:286:3)
      at HTMLInputElementImpl._dispatch 
(node_modules/jsdom/lib/jsdom/living/events/EventTarget-impl.js:233:9)
      at HTMLInputElementImpl.dispatchEvent 
(node_modules/jsdom/lib/jsdom/living/events/EventTarget-impl.js:104:17)
      at HTMLInputElement.dispatchEvent 
(node_modules/jsdom/lib/jsdom/living/generated/EventTarget.js:241:34)
      at 
node_modules/@testing-library/user-event/dist/cjs/event/dispatchEvent.js:45:43
      at Object.eventWrapper 
(node_modules/@testing-library/dom/dist/config.js:25:23)
      at Object.wrapEvent 
(node_modules/@testing-library/user-event/dist/cjs/event/wrapEvent.js:6:28)
      at Object.dispatchEvent (node_modules/@testing-library/user-event/dist/cj
s/event/dispatchEvent.js:45:22)
      at Object.dispatchUIEvent (node_modules/@testing-library/user-event/dist/
cjs/event/dispatchEvent.js:22:26)
      at commitInput 
(node_modules/@testing-library/user-event/dist/cjs/event/input.js:145:14)
      at editInputElement 
(node_modules/@testing-library/user-event/dist/cjs/event/input.js:115:9)
      at Object.input 
(node_modules/@testing-library/user-event/dist/cjs/event/input.js:37:9)
      at node_modules/@testing-library/user-event/dist/cjs/event/behavior/keypr
ess.js:31:26
      at Object.dispatchEvent (node_modules/@testing-library/user-event/dist/cj
s/event/dispatchEvent.js:41:13)
      at Object.dispatchUIEvent (node_modules/@testing-library/user-event/dist/
cjs/event/dispatchEvent.js:22:26)
      at KeyboardHost.keydown 
(node_modules/@testing-library/user-event/dist/cjs/system/keyboard.js:76:22)
      at keyboardAction 
(node_modules/@testing-library/user-event/dist/cjs/keyboard/index.js:22:35)
      at Object.keyboard 
(node_modules/@testing-library/user-event/dist/cjs/keyboard/index.js:11:15)
      at Object.type 
(node_modules/@testing-library/user-event/dist/cjs/utility/type.js:17:5)
      at Object.<anonymous> (src/auth/auth.test.tsx:129:9)

    console.error
      Warning: An update to LoginForm inside a test was not wrapped in 
act(...).
      
      When testing, code that causes React state updates should be wrapped 
into act(...):
      
      act(() => {
        /* fire events that update state */
      });
      /* assert on the output */
      
      This ensures that you're testing the behavior the user would see in the 
browser. Learn more at https://reactjs.org/link/wrap-tests-with-act
          at LoginForm (C:\Users\samhe\OneDrive\Desktop\Cleaned\frontend\src\au
th\LoginForm\LoginForm.tsx:41:33)
          at div
          at div
          at LoginPage
          at routeContext (C:\Users\samhe\OneDrive\Desktop\Cleaned\frontend\nod
e_modules\react-router\lib\hooks.tsx:658:26)
          at children (C:\Users\samhe\OneDrive\Desktop\Cleaned\frontend\node_mo
dules\react-router\lib\components.tsx:512:3)
          at basenameProp (C:\Users\samhe\OneDrive\Desktop\Cleaned\frontend\nod
e_modules\react-router\lib\components.tsx:421:13)
          at basename (C:\Users\samhe\OneDrive\Desktop\Cleaned\frontend\node_mo
dules\react-router\lib\components.tsx:225:3)

      141 |                         placeholder="Enter your password"
      142 |                         value={password}
    > 143 |                         onChange={(e) => 
setPassword(e.target.value)}
          |                                          ^
      144 |                         className="w-full rounded-md border 
border-gray-300 px-3 py-2 pr-10 text-sm focus:outline-none focus:ring-2 
focus:ring-gray-900 disabled:opacity-50"
      145 |                     />
      146 |                     <button

      at printWarning 
(node_modules/react-dom/cjs/react-dom.development.js:86:30)
      at error (node_modules/react-dom/cjs/react-dom.development.js:60:7)
      at warnIfUpdatesNotWrappedWithActDEV 
(node_modules/react-dom/cjs/react-dom.development.js:27628:9)
      at scheduleUpdateOnFiber 
(node_modules/react-dom/cjs/react-dom.development.js:25547:5)
      at dispatchSetState 
(node_modules/react-dom/cjs/react-dom.development.js:16708:7)
      at onChange (src/auth/LoginForm/LoginForm.tsx:143:42)
      at HTMLUnknownElement.callCallback 
(node_modules/react-dom/cjs/react-dom.development.js:4164:14)
      at HTMLUnknownElement.callTheUserObjectsOperation 
(node_modules/jsdom/lib/jsdom/living/generated/EventListener.js:26:30)
      at innerInvokeEventListeners 
(node_modules/jsdom/lib/jsdom/living/events/EventTarget-impl.js:350:25)
      at invokeEventListeners 
(node_modules/jsdom/lib/jsdom/living/events/EventTarget-impl.js:286:3)
      at HTMLUnknownElementImpl._dispatch 
(node_modules/jsdom/lib/jsdom/living/events/EventTarget-impl.js:233:9)
      at HTMLUnknownElementImpl.dispatchEvent 
(node_modules/jsdom/lib/jsdom/living/events/EventTarget-impl.js:104:17)
      at HTMLUnknownElement.dispatchEvent 
(node_modules/jsdom/lib/jsdom/living/generated/EventTarget.js:241:34)
      at Object.invokeGuardedCallbackDev 
(node_modules/react-dom/cjs/react-dom.development.js:4213:16)
      at invokeGuardedCallback 
(node_modules/react-dom/cjs/react-dom.development.js:4277:31)
      at invokeGuardedCallbackAndCatchFirstError 
(node_modules/react-dom/cjs/react-dom.development.js:4291:25)
      at executeDispatch 
(node_modules/react-dom/cjs/react-dom.development.js:9041:3)
      at processDispatchQueueItemsInOrder 
(node_modules/react-dom/cjs/react-dom.development.js:9073:7)
      at processDispatchQueue 
(node_modules/react-dom/cjs/react-dom.development.js:9086:5)
      at dispatchEventsForPlugins 
(node_modules/react-dom/cjs/react-dom.development.js:9097:3)
      at node_modules/react-dom/cjs/react-dom.development.js:9288:12
      at batchedUpdates$1 
(node_modules/react-dom/cjs/react-dom.development.js:26179:12)
      at batchedUpdates 
(node_modules/react-dom/cjs/react-dom.development.js:3991:12)
      at dispatchEventForPluginEventSystem 
(node_modules/react-dom/cjs/react-dom.development.js:9287:3)
      at dispatchEventWithEnableCapturePhaseSelectiveHydrationWithoutDiscreteEv
entReplay (node_modules/react-dom/cjs/react-dom.development.js:6465:5)
      at dispatchEvent 
(node_modules/react-dom/cjs/react-dom.development.js:6457:5)
      at dispatchDiscreteEvent 
(node_modules/react-dom/cjs/react-dom.development.js:6430:5)
      at HTMLDivElement.callTheUserObjectsOperation 
(node_modules/jsdom/lib/jsdom/living/generated/EventListener.js:26:30)
      at innerInvokeEventListeners 
(node_modules/jsdom/lib/jsdom/living/events/EventTarget-impl.js:350:25)
      at invokeEventListeners 
(node_modules/jsdom/lib/jsdom/living/events/EventTarget-impl.js:286:3)
      at HTMLInputElementImpl._dispatch 
(node_modules/jsdom/lib/jsdom/living/events/EventTarget-impl.js:233:9)
      at HTMLInputElementImpl.dispatchEvent 
(node_modules/jsdom/lib/jsdom/living/events/EventTarget-impl.js:104:17)
      at HTMLInputElement.dispatchEvent 
(node_modules/jsdom/lib/jsdom/living/generated/EventTarget.js:241:34)
      at 
node_modules/@testing-library/user-event/dist/cjs/event/dispatchEvent.js:45:43
      at Object.eventWrapper 
(node_modules/@testing-library/dom/dist/config.js:25:23)
      at Object.wrapEvent 
(node_modules/@testing-library/user-event/dist/cjs/event/wrapEvent.js:6:28)
      at Object.dispatchEvent (node_modules/@testing-library/user-event/dist/cj
s/event/dispatchEvent.js:45:22)
      at Object.dispatchUIEvent (node_modules/@testing-library/user-event/dist/
cjs/event/dispatchEvent.js:22:26)
      at commitInput 
(node_modules/@testing-library/user-event/dist/cjs/event/input.js:145:14)
      at editInputElement 
(node_modules/@testing-library/user-event/dist/cjs/event/input.js:115:9)
      at Object.input 
(node_modules/@testing-library/user-event/dist/cjs/event/input.js:37:9)
      at node_modules/@testing-library/user-event/dist/cjs/event/behavior/keypr
ess.js:31:26
      at Object.dispatchEvent (node_modules/@testing-library/user-event/dist/cj
s/event/dispatchEvent.js:41:13)
      at Object.dispatchUIEvent (node_modules/@testing-library/user-event/dist/
cjs/event/dispatchEvent.js:22:26)
      at KeyboardHost.keydown 
(node_modules/@testing-library/user-event/dist/cjs/system/keyboard.js:76:22)
      at keyboardAction 
(node_modules/@testing-library/user-event/dist/cjs/keyboard/index.js:22:35)
      at Object.keyboard 
(node_modules/@testing-library/user-event/dist/cjs/keyboard/index.js:11:15)
      at Object.type 
(node_modules/@testing-library/user-event/dist/cjs/utility/type.js:17:5)
      at Object.<anonymous> (src/auth/auth.test.tsx:129:9)

    console.error
      Warning: An update to LoginForm inside a test was not wrapped in 
act(...).
      
      When testing, code that causes React state updates should be wrapped 
into act(...):
      
      act(() => {
        /* fire events that update state */
      });
      /* assert on the output */
      
      This ensures that you're testing the behavior the user would see in the 
browser. Learn more at https://reactjs.org/link/wrap-tests-with-act
          at LoginForm (C:\Users\samhe\OneDrive\Desktop\Cleaned\frontend\src\au
th\LoginForm\LoginForm.tsx:41:33)
          at div
          at div
          at LoginPage
          at routeContext (C:\Users\samhe\OneDrive\Desktop\Cleaned\frontend\nod
e_modules\react-router\lib\hooks.tsx:658:26)
          at children (C:\Users\samhe\OneDrive\Desktop\Cleaned\frontend\node_mo
dules\react-router\lib\components.tsx:512:3)
          at basenameProp (C:\Users\samhe\OneDrive\Desktop\Cleaned\frontend\nod
e_modules\react-router\lib\components.tsx:421:13)
          at basename (C:\Users\samhe\OneDrive\Desktop\Cleaned\frontend\node_mo
dules\react-router\lib\components.tsx:225:3)

      141 |                         placeholder="Enter your password"
      142 |                         value={password}
    > 143 |                         onChange={(e) => 
setPassword(e.target.value)}
          |                                          ^
      144 |                         className="w-full rounded-md border 
border-gray-300 px-3 py-2 pr-10 text-sm focus:outline-none focus:ring-2 
focus:ring-gray-900 disabled:opacity-50"
      145 |                     />
      146 |                     <button

      at printWarning 
(node_modules/react-dom/cjs/react-dom.development.js:86:30)
      at error (node_modules/react-dom/cjs/react-dom.development.js:60:7)
      at warnIfUpdatesNotWrappedWithActDEV 
(node_modules/react-dom/cjs/react-dom.development.js:27628:9)
      at scheduleUpdateOnFiber 
(node_modules/react-dom/cjs/react-dom.development.js:25547:5)
      at dispatchSetState 
(node_modules/react-dom/cjs/react-dom.development.js:16708:7)
      at onChange (src/auth/LoginForm/LoginForm.tsx:143:42)
      at HTMLUnknownElement.callCallback 
(node_modules/react-dom/cjs/react-dom.development.js:4164:14)
      at HTMLUnknownElement.callTheUserObjectsOperation 
(node_modules/jsdom/lib/jsdom/living/generated/EventListener.js:26:30)
      at innerInvokeEventListeners 
(node_modules/jsdom/lib/jsdom/living/events/EventTarget-impl.js:350:25)
      at invokeEventListeners 
(node_modules/jsdom/lib/jsdom/living/events/EventTarget-impl.js:286:3)
      at HTMLUnknownElementImpl._dispatch 
(node_modules/jsdom/lib/jsdom/living/events/EventTarget-impl.js:233:9)
      at HTMLUnknownElementImpl.dispatchEvent 
(node_modules/jsdom/lib/jsdom/living/events/EventTarget-impl.js:104:17)
      at HTMLUnknownElement.dispatchEvent 
(node_modules/jsdom/lib/jsdom/living/generated/EventTarget.js:241:34)
      at Object.invokeGuardedCallbackDev 
(node_modules/react-dom/cjs/react-dom.development.js:4213:16)
      at invokeGuardedCallback 
(node_modules/react-dom/cjs/react-dom.development.js:4277:31)
      at invokeGuardedCallbackAndCatchFirstError 
(node_modules/react-dom/cjs/react-dom.development.js:4291:25)
      at executeDispatch 
(node_modules/react-dom/cjs/react-dom.development.js:9041:3)
      at processDispatchQueueItemsInOrder 
(node_modules/react-dom/cjs/react-dom.development.js:9073:7)
      at processDispatchQueue 
(node_modules/react-dom/cjs/react-dom.development.js:9086:5)
      at dispatchEventsForPlugins 
(node_modules/react-dom/cjs/react-dom.development.js:9097:3)
      at node_modules/react-dom/cjs/react-dom.development.js:9288:12
      at batchedUpdates$1 
(node_modules/react-dom/cjs/react-dom.development.js:26179:12)
      at batchedUpdates 
(node_modules/react-dom/cjs/react-dom.development.js:3991:12)
      at dispatchEventForPluginEventSystem 
(node_modules/react-dom/cjs/react-dom.development.js:9287:3)
      at dispatchEventWithEnableCapturePhaseSelectiveHydrationWithoutDiscreteEv
entReplay (node_modules/react-dom/cjs/react-dom.development.js:6465:5)
      at dispatchEvent 
(node_modules/react-dom/cjs/react-dom.development.js:6457:5)
      at dispatchDiscreteEvent 
(node_modules/react-dom/cjs/react-dom.development.js:6430:5)
      at HTMLDivElement.callTheUserObjectsOperation 
(node_modules/jsdom/lib/jsdom/living/generated/EventListener.js:26:30)
      at innerInvokeEventListeners 
(node_modules/jsdom/lib/jsdom/living/events/EventTarget-impl.js:350:25)
      at invokeEventListeners 
(node_modules/jsdom/lib/jsdom/living/events/EventTarget-impl.js:286:3)
      at HTMLInputElementImpl._dispatch 
(node_modules/jsdom/lib/jsdom/living/events/EventTarget-impl.js:233:9)
      at HTMLInputElementImpl.dispatchEvent 
(node_modules/jsdom/lib/jsdom/living/events/EventTarget-impl.js:104:17)
      at HTMLInputElement.dispatchEvent 
(node_modules/jsdom/lib/jsdom/living/generated/EventTarget.js:241:34)
      at 
node_modules/@testing-library/user-event/dist/cjs/event/dispatchEvent.js:45:43
      at Object.eventWrapper 
(node_modules/@testing-library/dom/dist/config.js:25:23)
      at Object.wrapEvent 
(node_modules/@testing-library/user-event/dist/cjs/event/wrapEvent.js:6:28)
      at Object.dispatchEvent (node_modules/@testing-library/user-event/dist/cj
s/event/dispatchEvent.js:45:22)
      at Object.dispatchUIEvent (node_modules/@testing-library/user-event/dist/
cjs/event/dispatchEvent.js:22:26)
      at commitInput 
(node_modules/@testing-library/user-event/dist/cjs/event/input.js:145:14)
      at editInputElement 
(node_modules/@testing-library/user-event/dist/cjs/event/input.js:115:9)
      at Object.input 
(node_modules/@testing-library/user-event/dist/cjs/event/input.js:37:9)
      at node_modules/@testing-library/user-event/dist/cjs/event/behavior/keypr
ess.js:31:26
      at Object.dispatchEvent (node_modules/@testing-library/user-event/dist/cj
s/event/dispatchEvent.js:41:13)
      at Object.dispatchUIEvent (node_modules/@testing-library/user-event/dist/
cjs/event/dispatchEvent.js:22:26)
      at KeyboardHost.keydown 
(node_modules/@testing-library/user-event/dist/cjs/system/keyboard.js:76:22)
      at keyboardAction 
(node_modules/@testing-library/user-event/dist/cjs/keyboard/index.js:22:35)
      at Object.keyboard 
(node_modules/@testing-library/user-event/dist/cjs/keyboard/index.js:11:15)
      at Object.type 
(node_modules/@testing-library/user-event/dist/cjs/utility/type.js:17:5)
      at Object.<anonymous> (src/auth/auth.test.tsx:129:9)

    console.error
      Warning: An update to LoginForm inside a test was not wrapped in 
act(...).
      
      When testing, code that causes React state updates should be wrapped 
into act(...):
      
      act(() => {
        /* fire events that update state */
      });
      /* assert on the output */
      
      This ensures that you're testing the behavior the user would see in the 
browser. Learn more at https://reactjs.org/link/wrap-tests-with-act
          at LoginForm (C:\Users\samhe\OneDrive\Desktop\Cleaned\frontend\src\au
th\LoginForm\LoginForm.tsx:41:33)
          at div
          at div
          at LoginPage
          at routeContext (C:\Users\samhe\OneDrive\Desktop\Cleaned\frontend\nod
e_modules\react-router\lib\hooks.tsx:658:26)
          at children (C:\Users\samhe\OneDrive\Desktop\Cleaned\frontend\node_mo
dules\react-router\lib\components.tsx:512:3)
          at basenameProp (C:\Users\samhe\OneDrive\Desktop\Cleaned\frontend\nod
e_modules\react-router\lib\components.tsx:421:13)
          at basename (C:\Users\samhe\OneDrive\Desktop\Cleaned\frontend\node_mo
dules\react-router\lib\components.tsx:225:3)

      141 |                         placeholder="Enter your password"
      142 |                         value={password}
    > 143 |                         onChange={(e) => 
setPassword(e.target.value)}
          |                                          ^
      144 |                         className="w-full rounded-md border 
border-gray-300 px-3 py-2 pr-10 text-sm focus:outline-none focus:ring-2 
focus:ring-gray-900 disabled:opacity-50"
      145 |                     />
      146 |                     <button

      at printWarning 
(node_modules/react-dom/cjs/react-dom.development.js:86:30)
      at error (node_modules/react-dom/cjs/react-dom.development.js:60:7)
      at warnIfUpdatesNotWrappedWithActDEV 
(node_modules/react-dom/cjs/react-dom.development.js:27628:9)
      at scheduleUpdateOnFiber 
(node_modules/react-dom/cjs/react-dom.development.js:25547:5)
      at dispatchSetState 
(node_modules/react-dom/cjs/react-dom.development.js:16708:7)
      at onChange (src/auth/LoginForm/LoginForm.tsx:143:42)
      at HTMLUnknownElement.callCallback 
(node_modules/react-dom/cjs/react-dom.development.js:4164:14)
      at HTMLUnknownElement.callTheUserObjectsOperation 
(node_modules/jsdom/lib/jsdom/living/generated/EventListener.js:26:30)
      at innerInvokeEventListeners 
(node_modules/jsdom/lib/jsdom/living/events/EventTarget-impl.js:350:25)
      at invokeEventListeners 
(node_modules/jsdom/lib/jsdom/living/events/EventTarget-impl.js:286:3)
      at HTMLUnknownElementImpl._dispatch 
(node_modules/jsdom/lib/jsdom/living/events/EventTarget-impl.js:233:9)
      at HTMLUnknownElementImpl.dispatchEvent 
(node_modules/jsdom/lib/jsdom/living/events/EventTarget-impl.js:104:17)
      at HTMLUnknownElement.dispatchEvent 
(node_modules/jsdom/lib/jsdom/living/generated/EventTarget.js:241:34)
      at Object.invokeGuardedCallbackDev 
(node_modules/react-dom/cjs/react-dom.development.js:4213:16)
      at invokeGuardedCallback 
(node_modules/react-dom/cjs/react-dom.development.js:4277:31)
      at invokeGuardedCallbackAndCatchFirstError 
(node_modules/react-dom/cjs/react-dom.development.js:4291:25)
      at executeDispatch 
(node_modules/react-dom/cjs/react-dom.development.js:9041:3)
      at processDispatchQueueItemsInOrder 
(node_modules/react-dom/cjs/react-dom.development.js:9073:7)
      at processDispatchQueue 
(node_modules/react-dom/cjs/react-dom.development.js:9086:5)
      at dispatchEventsForPlugins 
(node_modules/react-dom/cjs/react-dom.development.js:9097:3)
      at node_modules/react-dom/cjs/react-dom.development.js:9288:12
      at batchedUpdates$1 
(node_modules/react-dom/cjs/react-dom.development.js:26179:12)
      at batchedUpdates 
(node_modules/react-dom/cjs/react-dom.development.js:3991:12)
      at dispatchEventForPluginEventSystem 
(node_modules/react-dom/cjs/react-dom.development.js:9287:3)
      at dispatchEventWithEnableCapturePhaseSelectiveHydrationWithoutDiscreteEv
entReplay (node_modules/react-dom/cjs/react-dom.development.js:6465:5)
      at dispatchEvent 
(node_modules/react-dom/cjs/react-dom.development.js:6457:5)
      at dispatchDiscreteEvent 
(node_modules/react-dom/cjs/react-dom.development.js:6430:5)
      at HTMLDivElement.callTheUserObjectsOperation 
(node_modules/jsdom/lib/jsdom/living/generated/EventListener.js:26:30)
      at innerInvokeEventListeners 
(node_modules/jsdom/lib/jsdom/living/events/EventTarget-impl.js:350:25)
      at invokeEventListeners 
(node_modules/jsdom/lib/jsdom/living/events/EventTarget-impl.js:286:3)
      at HTMLInputElementImpl._dispatch 
(node_modules/jsdom/lib/jsdom/living/events/EventTarget-impl.js:233:9)
      at HTMLInputElementImpl.dispatchEvent 
(node_modules/jsdom/lib/jsdom/living/events/EventTarget-impl.js:104:17)
      at HTMLInputElement.dispatchEvent 
(node_modules/jsdom/lib/jsdom/living/generated/EventTarget.js:241:34)
      at 
node_modules/@testing-library/user-event/dist/cjs/event/dispatchEvent.js:45:43
      at Object.eventWrapper 
(node_modules/@testing-library/dom/dist/config.js:25:23)
      at Object.wrapEvent 
(node_modules/@testing-library/user-event/dist/cjs/event/wrapEvent.js:6:28)
      at Object.dispatchEvent (node_modules/@testing-library/user-event/dist/cj
s/event/dispatchEvent.js:45:22)
      at Object.dispatchUIEvent (node_modules/@testing-library/user-event/dist/
cjs/event/dispatchEvent.js:22:26)
      at commitInput 
(node_modules/@testing-library/user-event/dist/cjs/event/input.js:145:14)
      at editInputElement 
(node_modules/@testing-library/user-event/dist/cjs/event/input.js:115:9)
      at Object.input 
(node_modules/@testing-library/user-event/dist/cjs/event/input.js:37:9)
      at node_modules/@testing-library/user-event/dist/cjs/event/behavior/keypr
ess.js:31:26
      at Object.dispatchEvent (node_modules/@testing-library/user-event/dist/cj
s/event/dispatchEvent.js:41:13)
      at Object.dispatchUIEvent (node_modules/@testing-library/user-event/dist/
cjs/event/dispatchEvent.js:22:26)
      at KeyboardHost.keydown 
(node_modules/@testing-library/user-event/dist/cjs/system/keyboard.js:76:22)
      at keyboardAction 
(node_modules/@testing-library/user-event/dist/cjs/keyboard/index.js:22:35)
      at Object.keyboard 
(node_modules/@testing-library/user-event/dist/cjs/keyboard/index.js:11:15)
      at Object.type 
(node_modules/@testing-library/user-event/dist/cjs/utility/type.js:17:5)
      at Object.<anonymous> (src/auth/auth.test.tsx:129:9)

    console.error
      Warning: An update to LoginForm inside a test was not wrapped in 
act(...).
      
      When testing, code that causes React state updates should be wrapped 
into act(...):
      
      act(() => {
        /* fire events that update state */
      });
      /* assert on the output */
      
      This ensures that you're testing the behavior the user would see in the 
browser. Learn more at https://reactjs.org/link/wrap-tests-with-act
          at LoginForm (C:\Users\samhe\OneDrive\Desktop\Cleaned\frontend\src\au
th\LoginForm\LoginForm.tsx:41:33)
          at div
          at div
          at LoginPage
          at routeContext (C:\Users\samhe\OneDrive\Desktop\Cleaned\frontend\nod
e_modules\react-router\lib\hooks.tsx:658:26)
          at children (C:\Users\samhe\OneDrive\Desktop\Cleaned\frontend\node_mo
dules\react-router\lib\components.tsx:512:3)
          at basenameProp (C:\Users\samhe\OneDrive\Desktop\Cleaned\frontend\nod
e_modules\react-router\lib\components.tsx:421:13)
          at basename (C:\Users\samhe\OneDrive\Desktop\Cleaned\frontend\node_mo
dules\react-router\lib\components.tsx:225:3)

      141 |                         placeholder="Enter your password"
      142 |                         value={password}
    > 143 |                         onChange={(e) => 
setPassword(e.target.value)}
          |                                          ^
      144 |                         className="w-full rounded-md border 
border-gray-300 px-3 py-2 pr-10 text-sm focus:outline-none focus:ring-2 
focus:ring-gray-900 disabled:opacity-50"
      145 |                     />
      146 |                     <button

      at printWarning 
(node_modules/react-dom/cjs/react-dom.development.js:86:30)
      at error (node_modules/react-dom/cjs/react-dom.development.js:60:7)
      at warnIfUpdatesNotWrappedWithActDEV 
(node_modules/react-dom/cjs/react-dom.development.js:27628:9)
      at scheduleUpdateOnFiber 
(node_modules/react-dom/cjs/react-dom.development.js:25547:5)
      at dispatchSetState 
(node_modules/react-dom/cjs/react-dom.development.js:16708:7)
      at onChange (src/auth/LoginForm/LoginForm.tsx:143:42)
      at HTMLUnknownElement.callCallback 
(node_modules/react-dom/cjs/react-dom.development.js:4164:14)
      at HTMLUnknownElement.callTheUserObjectsOperation 
(node_modules/jsdom/lib/jsdom/living/generated/EventListener.js:26:30)
      at innerInvokeEventListeners 
(node_modules/jsdom/lib/jsdom/living/events/EventTarget-impl.js:350:25)
      at invokeEventListeners 
(node_modules/jsdom/lib/jsdom/living/events/EventTarget-impl.js:286:3)
      at HTMLUnknownElementImpl._dispatch 
(node_modules/jsdom/lib/jsdom/living/events/EventTarget-impl.js:233:9)
      at HTMLUnknownElementImpl.dispatchEvent 
(node_modules/jsdom/lib/jsdom/living/events/EventTarget-impl.js:104:17)
      at HTMLUnknownElement.dispatchEvent 
(node_modules/jsdom/lib/jsdom/living/generated/EventTarget.js:241:34)
      at Object.invokeGuardedCallbackDev 
(node_modules/react-dom/cjs/react-dom.development.js:4213:16)
      at invokeGuardedCallback 
(node_modules/react-dom/cjs/react-dom.development.js:4277:31)
      at invokeGuardedCallbackAndCatchFirstError 
(node_modules/react-dom/cjs/react-dom.development.js:4291:25)
      at executeDispatch 
(node_modules/react-dom/cjs/react-dom.development.js:9041:3)
      at processDispatchQueueItemsInOrder 
(node_modules/react-dom/cjs/react-dom.development.js:9073:7)
      at processDispatchQueue 
(node_modules/react-dom/cjs/react-dom.development.js:9086:5)
      at dispatchEventsForPlugins 
(node_modules/react-dom/cjs/react-dom.development.js:9097:3)
      at node_modules/react-dom/cjs/react-dom.development.js:9288:12
      at batchedUpdates$1 
(node_modules/react-dom/cjs/react-dom.development.js:26179:12)
      at batchedUpdates 
(node_modules/react-dom/cjs/react-dom.development.js:3991:12)
      at dispatchEventForPluginEventSystem 
(node_modules/react-dom/cjs/react-dom.development.js:9287:3)
      at dispatchEventWithEnableCapturePhaseSelectiveHydrationWithoutDiscreteEv
entReplay (node_modules/react-dom/cjs/react-dom.development.js:6465:5)
      at dispatchEvent 
(node_modules/react-dom/cjs/react-dom.development.js:6457:5)
      at dispatchDiscreteEvent 
(node_modules/react-dom/cjs/react-dom.development.js:6430:5)
      at HTMLDivElement.callTheUserObjectsOperation 
(node_modules/jsdom/lib/jsdom/living/generated/EventListener.js:26:30)
      at innerInvokeEventListeners 
(node_modules/jsdom/lib/jsdom/living/events/EventTarget-impl.js:350:25)
      at invokeEventListeners 
(node_modules/jsdom/lib/jsdom/living/events/EventTarget-impl.js:286:3)
      at HTMLInputElementImpl._dispatch 
(node_modules/jsdom/lib/jsdom/living/events/EventTarget-impl.js:233:9)
      at HTMLInputElementImpl.dispatchEvent 
(node_modules/jsdom/lib/jsdom/living/events/EventTarget-impl.js:104:17)
      at HTMLInputElement.dispatchEvent 
(node_modules/jsdom/lib/jsdom/living/generated/EventTarget.js:241:34)
      at 
node_modules/@testing-library/user-event/dist/cjs/event/dispatchEvent.js:45:43
      at Object.eventWrapper 
(node_modules/@testing-library/dom/dist/config.js:25:23)
      at Object.wrapEvent 
(node_modules/@testing-library/user-event/dist/cjs/event/wrapEvent.js:6:28)
      at Object.dispatchEvent (node_modules/@testing-library/user-event/dist/cj
s/event/dispatchEvent.js:45:22)
      at Object.dispatchUIEvent (node_modules/@testing-library/user-event/dist/
cjs/event/dispatchEvent.js:22:26)
      at commitInput 
(node_modules/@testing-library/user-event/dist/cjs/event/input.js:145:14)
      at editInputElement 
(node_modules/@testing-library/user-event/dist/cjs/event/input.js:115:9)
      at Object.input 
(node_modules/@testing-library/user-event/dist/cjs/event/input.js:37:9)
      at node_modules/@testing-library/user-event/dist/cjs/event/behavior/keypr
ess.js:31:26
      at Object.dispatchEvent (node_modules/@testing-library/user-event/dist/cj
s/event/dispatchEvent.js:41:13)
      at Object.dispatchUIEvent (node_modules/@testing-library/user-event/dist/
cjs/event/dispatchEvent.js:22:26)
      at KeyboardHost.keydown 
(node_modules/@testing-library/user-event/dist/cjs/system/keyboard.js:76:22)
      at keyboardAction 
(node_modules/@testing-library/user-event/dist/cjs/keyboard/index.js:22:35)
      at Object.keyboard 
(node_modules/@testing-library/user-event/dist/cjs/keyboard/index.js:11:15)
      at Object.type 
(node_modules/@testing-library/user-event/dist/cjs/utility/type.js:17:5)
      at Object.<anonymous> (src/auth/auth.test.tsx:129:9)

    console.error
      Warning: An update to LoginForm inside a test was not wrapped in 
act(...).
      
      When testing, code that causes React state updates should be wrapped 
into act(...):
      
      act(() => {
        /* fire events that update state */
      });
      /* assert on the output */
      
      This ensures that you're testing the behavior the user would see in the 
browser. Learn more at https://reactjs.org/link/wrap-tests-with-act
          at LoginForm (C:\Users\samhe\OneDrive\Desktop\Cleaned\frontend\src\au
th\LoginForm\LoginForm.tsx:41:33)
          at div
          at div
          at LoginPage
          at routeContext (C:\Users\samhe\OneDrive\Desktop\Cleaned\frontend\nod
e_modules\react-router\lib\hooks.tsx:658:26)
          at children (C:\Users\samhe\OneDrive\Desktop\Cleaned\frontend\node_mo
dules\react-router\lib\components.tsx:512:3)
          at basenameProp (C:\Users\samhe\OneDrive\Desktop\Cleaned\frontend\nod
e_modules\react-router\lib\components.tsx:421:13)
          at basename (C:\Users\samhe\OneDrive\Desktop\Cleaned\frontend\node_mo
dules\react-router\lib\components.tsx:225:3)

      141 |                         placeholder="Enter your password"
      142 |                         value={password}
    > 143 |                         onChange={(e) => 
setPassword(e.target.value)}
          |                                          ^
      144 |                         className="w-full rounded-md border 
border-gray-300 px-3 py-2 pr-10 text-sm focus:outline-none focus:ring-2 
focus:ring-gray-900 disabled:opacity-50"
      145 |                     />
      146 |                     <button

      at printWarning 
(node_modules/react-dom/cjs/react-dom.development.js:86:30)
      at error (node_modules/react-dom/cjs/react-dom.development.js:60:7)
      at warnIfUpdatesNotWrappedWithActDEV 
(node_modules/react-dom/cjs/react-dom.development.js:27628:9)
      at scheduleUpdateOnFiber 
(node_modules/react-dom/cjs/react-dom.development.js:25547:5)
      at dispatchSetState 
(node_modules/react-dom/cjs/react-dom.development.js:16708:7)
      at onChange (src/auth/LoginForm/LoginForm.tsx:143:42)
      at HTMLUnknownElement.callCallback 
(node_modules/react-dom/cjs/react-dom.development.js:4164:14)
      at HTMLUnknownElement.callTheUserObjectsOperation 
(node_modules/jsdom/lib/jsdom/living/generated/EventListener.js:26:30)
      at innerInvokeEventListeners 
(node_modules/jsdom/lib/jsdom/living/events/EventTarget-impl.js:350:25)
      at invokeEventListeners 
(node_modules/jsdom/lib/jsdom/living/events/EventTarget-impl.js:286:3)
      at HTMLUnknownElementImpl._dispatch 
(node_modules/jsdom/lib/jsdom/living/events/EventTarget-impl.js:233:9)
      at HTMLUnknownElementImpl.dispatchEvent 
(node_modules/jsdom/lib/jsdom/living/events/EventTarget-impl.js:104:17)
      at HTMLUnknownElement.dispatchEvent 
(node_modules/jsdom/lib/jsdom/living/generated/EventTarget.js:241:34)
      at Object.invokeGuardedCallbackDev 
(node_modules/react-dom/cjs/react-dom.development.js:4213:16)
      at invokeGuardedCallback 
(node_modules/react-dom/cjs/react-dom.development.js:4277:31)
      at invokeGuardedCallbackAndCatchFirstError 
(node_modules/react-dom/cjs/react-dom.development.js:4291:25)
      at executeDispatch 
(node_modules/react-dom/cjs/react-dom.development.js:9041:3)
      at processDispatchQueueItemsInOrder 
(node_modules/react-dom/cjs/react-dom.development.js:9073:7)
      at processDispatchQueue 
(node_modules/react-dom/cjs/react-dom.development.js:9086:5)
      at dispatchEventsForPlugins 
(node_modules/react-dom/cjs/react-dom.development.js:9097:3)
      at node_modules/react-dom/cjs/react-dom.development.js:9288:12
      at batchedUpdates$1 
(node_modules/react-dom/cjs/react-dom.development.js:26179:12)
      at batchedUpdates 
(node_modules/react-dom/cjs/react-dom.development.js:3991:12)
      at dispatchEventForPluginEventSystem 
(node_modules/react-dom/cjs/react-dom.development.js:9287:3)
      at dispatchEventWithEnableCapturePhaseSelectiveHydrationWithoutDiscreteEv
entReplay (node_modules/react-dom/cjs/react-dom.development.js:6465:5)
      at dispatchEvent 
(node_modules/react-dom/cjs/react-dom.development.js:6457:5)
      at dispatchDiscreteEvent 
(node_modules/react-dom/cjs/react-dom.development.js:6430:5)
      at HTMLDivElement.callTheUserObjectsOperation 
(node_modules/jsdom/lib/jsdom/living/generated/EventListener.js:26:30)
      at innerInvokeEventListeners 
(node_modules/jsdom/lib/jsdom/living/events/EventTarget-impl.js:350:25)
      at invokeEventListeners 
(node_modules/jsdom/lib/jsdom/living/events/EventTarget-impl.js:286:3)
      at HTMLInputElementImpl._dispatch 
(node_modules/jsdom/lib/jsdom/living/events/EventTarget-impl.js:233:9)
      at HTMLInputElementImpl.dispatchEvent 
(node_modules/jsdom/lib/jsdom/living/events/EventTarget-impl.js:104:17)
      at HTMLInputElement.dispatchEvent 
(node_modules/jsdom/lib/jsdom/living/generated/EventTarget.js:241:34)
      at 
node_modules/@testing-library/user-event/dist/cjs/event/dispatchEvent.js:45:43
      at Object.eventWrapper 
(node_modules/@testing-library/dom/dist/config.js:25:23)
      at Object.wrapEvent 
(node_modules/@testing-library/user-event/dist/cjs/event/wrapEvent.js:6:28)
      at Object.dispatchEvent (node_modules/@testing-library/user-event/dist/cj
s/event/dispatchEvent.js:45:22)
      at Object.dispatchUIEvent (node_modules/@testing-library/user-event/dist/
cjs/event/dispatchEvent.js:22:26)
      at commitInput 
(node_modules/@testing-library/user-event/dist/cjs/event/input.js:145:14)
      at editInputElement 
(node_modules/@testing-library/user-event/dist/cjs/event/input.js:115:9)
      at Object.input 
(node_modules/@testing-library/user-event/dist/cjs/event/input.js:37:9)
      at node_modules/@testing-library/user-event/dist/cjs/event/behavior/keypr
ess.js:31:26
      at Object.dispatchEvent (node_modules/@testing-library/user-event/dist/cj
s/event/dispatchEvent.js:41:13)
      at Object.dispatchUIEvent (node_modules/@testing-library/user-event/dist/
cjs/event/dispatchEvent.js:22:26)
      at KeyboardHost.keydown 
(node_modules/@testing-library/user-event/dist/cjs/system/keyboard.js:76:22)
      at keyboardAction 
(node_modules/@testing-library/user-event/dist/cjs/keyboard/index.js:22:35)
      at Object.keyboard 
(node_modules/@testing-library/user-event/dist/cjs/keyboard/index.js:11:15)
      at Object.type 
(node_modules/@testing-library/user-event/dist/cjs/utility/type.js:17:5)
      at Object.<anonymous> (src/auth/auth.test.tsx:129:9)

    console.error
      Warning: An update to LoginForm inside a test was not wrapped in 
act(...).
      
      When testing, code that causes React state updates should be wrapped 
into act(...):
      
      act(() => {
        /* fire events that update state */
      });
      /* assert on the output */
      
      This ensures that you're testing the behavior the user would see in the 
browser. Learn more at https://reactjs.org/link/wrap-tests-with-act
          at LoginForm (C:\Users\samhe\OneDrive\Desktop\Cleaned\frontend\src\au
th\LoginForm\LoginForm.tsx:41:33)
          at div
          at div
          at LoginPage
          at routeContext (C:\Users\samhe\OneDrive\Desktop\Cleaned\frontend\nod
e_modules\react-router\lib\hooks.tsx:658:26)
          at children (C:\Users\samhe\OneDrive\Desktop\Cleaned\frontend\node_mo
dules\react-router\lib\components.tsx:512:3)
          at basenameProp (C:\Users\samhe\OneDrive\Desktop\Cleaned\frontend\nod
e_modules\react-router\lib\components.tsx:421:13)
          at basename (C:\Users\samhe\OneDrive\Desktop\Cleaned\frontend\node_mo
dules\react-router\lib\components.tsx:225:3)

      141 |                         placeholder="Enter your password"
      142 |                         value={password}
    > 143 |                         onChange={(e) => 
setPassword(e.target.value)}
          |                                          ^
      144 |                         className="w-full rounded-md border 
border-gray-300 px-3 py-2 pr-10 text-sm focus:outline-none focus:ring-2 
focus:ring-gray-900 disabled:opacity-50"
      145 |                     />
      146 |                     <button

      at printWarning 
(node_modules/react-dom/cjs/react-dom.development.js:86:30)
      at error (node_modules/react-dom/cjs/react-dom.development.js:60:7)
      at warnIfUpdatesNotWrappedWithActDEV 
(node_modules/react-dom/cjs/react-dom.development.js:27628:9)
      at scheduleUpdateOnFiber 
(node_modules/react-dom/cjs/react-dom.development.js:25547:5)
      at dispatchSetState 
(node_modules/react-dom/cjs/react-dom.development.js:16708:7)
      at onChange (src/auth/LoginForm/LoginForm.tsx:143:42)
      at HTMLUnknownElement.callCallback 
(node_modules/react-dom/cjs/react-dom.development.js:4164:14)
      at HTMLUnknownElement.callTheUserObjectsOperation 
(node_modules/jsdom/lib/jsdom/living/generated/EventListener.js:26:30)
      at innerInvokeEventListeners 
(node_modules/jsdom/lib/jsdom/living/events/EventTarget-impl.js:350:25)
      at invokeEventListeners 
(node_modules/jsdom/lib/jsdom/living/events/EventTarget-impl.js:286:3)
      at HTMLUnknownElementImpl._dispatch 
(node_modules/jsdom/lib/jsdom/living/events/EventTarget-impl.js:233:9)
      at HTMLUnknownElementImpl.dispatchEvent 
(node_modules/jsdom/lib/jsdom/living/events/EventTarget-impl.js:104:17)
      at HTMLUnknownElement.dispatchEvent 
(node_modules/jsdom/lib/jsdom/living/generated/EventTarget.js:241:34)
      at Object.invokeGuardedCallbackDev 
(node_modules/react-dom/cjs/react-dom.development.js:4213:16)
      at invokeGuardedCallback 
(node_modules/react-dom/cjs/react-dom.development.js:4277:31)
      at invokeGuardedCallbackAndCatchFirstError 
(node_modules/react-dom/cjs/react-dom.development.js:4291:25)
      at executeDispatch 
(node_modules/react-dom/cjs/react-dom.development.js:9041:3)
      at processDispatchQueueItemsInOrder 
(node_modules/react-dom/cjs/react-dom.development.js:9073:7)
      at processDispatchQueue 
(node_modules/react-dom/cjs/react-dom.development.js:9086:5)
      at dispatchEventsForPlugins 
(node_modules/react-dom/cjs/react-dom.development.js:9097:3)
      at node_modules/react-dom/cjs/react-dom.development.js:9288:12
      at batchedUpdates$1 
(node_modules/react-dom/cjs/react-dom.development.js:26179:12)
      at batchedUpdates 
(node_modules/react-dom/cjs/react-dom.development.js:3991:12)
      at dispatchEventForPluginEventSystem 
(node_modules/react-dom/cjs/react-dom.development.js:9287:3)
      at dispatchEventWithEnableCapturePhaseSelectiveHydrationWithoutDiscreteEv
entReplay (node_modules/react-dom/cjs/react-dom.development.js:6465:5)
      at dispatchEvent 
(node_modules/react-dom/cjs/react-dom.development.js:6457:5)
      at dispatchDiscreteEvent 
(node_modules/react-dom/cjs/react-dom.development.js:6430:5)
      at HTMLDivElement.callTheUserObjectsOperation 
(node_modules/jsdom/lib/jsdom/living/generated/EventListener.js:26:30)
      at innerInvokeEventListeners 
(node_modules/jsdom/lib/jsdom/living/events/EventTarget-impl.js:350:25)
      at invokeEventListeners 
(node_modules/jsdom/lib/jsdom/living/events/EventTarget-impl.js:286:3)
      at HTMLInputElementImpl._dispatch 
(node_modules/jsdom/lib/jsdom/living/events/EventTarget-impl.js:233:9)
      at HTMLInputElementImpl.dispatchEvent 
(node_modules/jsdom/lib/jsdom/living/events/EventTarget-impl.js:104:17)
      at HTMLInputElement.dispatchEvent 
(node_modules/jsdom/lib/jsdom/living/generated/EventTarget.js:241:34)
      at 
node_modules/@testing-library/user-event/dist/cjs/event/dispatchEvent.js:45:43
      at Object.eventWrapper 
(node_modules/@testing-library/dom/dist/config.js:25:23)
      at Object.wrapEvent 
(node_modules/@testing-library/user-event/dist/cjs/event/wrapEvent.js:6:28)
      at Object.dispatchEvent (node_modules/@testing-library/user-event/dist/cj
s/event/dispatchEvent.js:45:22)
      at Object.dispatchUIEvent (node_modules/@testing-library/user-event/dist/
cjs/event/dispatchEvent.js:22:26)
      at commitInput 
(node_modules/@testing-library/user-event/dist/cjs/event/input.js:145:14)
      at editInputElement 
(node_modules/@testing-library/user-event/dist/cjs/event/input.js:115:9)
      at Object.input 
(node_modules/@testing-library/user-event/dist/cjs/event/input.js:37:9)
      at node_modules/@testing-library/user-event/dist/cjs/event/behavior/keypr
ess.js:31:26
      at Object.dispatchEvent (node_modules/@testing-library/user-event/dist/cj
s/event/dispatchEvent.js:41:13)
      at Object.dispatchUIEvent (node_modules/@testing-library/user-event/dist/
cjs/event/dispatchEvent.js:22:26)
      at KeyboardHost.keydown 
(node_modules/@testing-library/user-event/dist/cjs/system/keyboard.js:76:22)
      at keyboardAction 
(node_modules/@testing-library/user-event/dist/cjs/keyboard/index.js:22:35)
      at Object.keyboard 
(node_modules/@testing-library/user-event/dist/cjs/keyboard/index.js:11:15)
      at Object.type 
(node_modules/@testing-library/user-event/dist/cjs/utility/type.js:17:5)
      at Object.<anonymous> (src/auth/auth.test.tsx:129:9)

    console.error
      Warning: An update to LoginForm inside a test was not wrapped in 
act(...).
      
      When testing, code that causes React state updates should be wrapped 
into act(...):
      
      act(() => {
        /* fire events that update state */
      });
      /* assert on the output */
      
      This ensures that you're testing the behavior the user would see in the 
browser. Learn more at https://reactjs.org/link/wrap-tests-with-act
          at LoginForm (C:\Users\samhe\OneDrive\Desktop\Cleaned\frontend\src\au
th\LoginForm\LoginForm.tsx:41:33)
          at div
          at div
          at LoginPage
          at routeContext (C:\Users\samhe\OneDrive\Desktop\Cleaned\frontend\nod
e_modules\react-router\lib\hooks.tsx:658:26)
          at children (C:\Users\samhe\OneDrive\Desktop\Cleaned\frontend\node_mo
dules\react-router\lib\components.tsx:512:3)
          at basenameProp (C:\Users\samhe\OneDrive\Desktop\Cleaned\frontend\nod
e_modules\react-router\lib\components.tsx:421:13)
          at basename (C:\Users\samhe\OneDrive\Desktop\Cleaned\frontend\node_mo
dules\react-router\lib\components.tsx:225:3)

      141 |                         placeholder="Enter your password"
      142 |                         value={password}
    > 143 |                         onChange={(e) => 
setPassword(e.target.value)}
          |                                          ^
      144 |                         className="w-full rounded-md border 
border-gray-300 px-3 py-2 pr-10 text-sm focus:outline-none focus:ring-2 
focus:ring-gray-900 disabled:opacity-50"
      145 |                     />
      146 |                     <button

      at printWarning 
(node_modules/react-dom/cjs/react-dom.development.js:86:30)
      at error (node_modules/react-dom/cjs/react-dom.development.js:60:7)
      at warnIfUpdatesNotWrappedWithActDEV 
(node_modules/react-dom/cjs/react-dom.development.js:27628:9)
      at scheduleUpdateOnFiber 
(node_modules/react-dom/cjs/react-dom.development.js:25547:5)
      at dispatchSetState 
(node_modules/react-dom/cjs/react-dom.development.js:16708:7)
      at onChange (src/auth/LoginForm/LoginForm.tsx:143:42)
      at HTMLUnknownElement.callCallback 
(node_modules/react-dom/cjs/react-dom.development.js:4164:14)
      at HTMLUnknownElement.callTheUserObjectsOperation 
(node_modules/jsdom/lib/jsdom/living/generated/EventListener.js:26:30)
      at innerInvokeEventListeners 
(node_modules/jsdom/lib/jsdom/living/events/EventTarget-impl.js:350:25)
      at invokeEventListeners 
(node_modules/jsdom/lib/jsdom/living/events/EventTarget-impl.js:286:3)
      at HTMLUnknownElementImpl._dispatch 
(node_modules/jsdom/lib/jsdom/living/events/EventTarget-impl.js:233:9)
      at HTMLUnknownElementImpl.dispatchEvent 
(node_modules/jsdom/lib/jsdom/living/events/EventTarget-impl.js:104:17)
      at HTMLUnknownElement.dispatchEvent 
(node_modules/jsdom/lib/jsdom/living/generated/EventTarget.js:241:34)
      at Object.invokeGuardedCallbackDev 
(node_modules/react-dom/cjs/react-dom.development.js:4213:16)
      at invokeGuardedCallback 
(node_modules/react-dom/cjs/react-dom.development.js:4277:31)
      at invokeGuardedCallbackAndCatchFirstError 
(node_modules/react-dom/cjs/react-dom.development.js:4291:25)
      at executeDispatch 
(node_modules/react-dom/cjs/react-dom.development.js:9041:3)
      at processDispatchQueueItemsInOrder 
(node_modules/react-dom/cjs/react-dom.development.js:9073:7)
      at processDispatchQueue 
(node_modules/react-dom/cjs/react-dom.development.js:9086:5)
      at dispatchEventsForPlugins 
(node_modules/react-dom/cjs/react-dom.development.js:9097:3)
      at node_modules/react-dom/cjs/react-dom.development.js:9288:12
      at batchedUpdates$1 
(node_modules/react-dom/cjs/react-dom.development.js:26179:12)
      at batchedUpdates 
(node_modules/react-dom/cjs/react-dom.development.js:3991:12)
      at dispatchEventForPluginEventSystem 
(node_modules/react-dom/cjs/react-dom.development.js:9287:3)
      at dispatchEventWithEnableCapturePhaseSelectiveHydrationWithoutDiscreteEv
entReplay (node_modules/react-dom/cjs/react-dom.development.js:6465:5)
      at dispatchEvent 
(node_modules/react-dom/cjs/react-dom.development.js:6457:5)
      at dispatchDiscreteEvent 
(node_modules/react-dom/cjs/react-dom.development.js:6430:5)
      at HTMLDivElement.callTheUserObjectsOperation 
(node_modules/jsdom/lib/jsdom/living/generated/EventListener.js:26:30)
      at innerInvokeEventListeners 
(node_modules/jsdom/lib/jsdom/living/events/EventTarget-impl.js:350:25)
      at invokeEventListeners 
(node_modules/jsdom/lib/jsdom/living/events/EventTarget-impl.js:286:3)
      at HTMLInputElementImpl._dispatch 
(node_modules/jsdom/lib/jsdom/living/events/EventTarget-impl.js:233:9)
      at HTMLInputElementImpl.dispatchEvent 
(node_modules/jsdom/lib/jsdom/living/events/EventTarget-impl.js:104:17)
      at HTMLInputElement.dispatchEvent 
(node_modules/jsdom/lib/jsdom/living/generated/EventTarget.js:241:34)
      at 
node_modules/@testing-library/user-event/dist/cjs/event/dispatchEvent.js:45:43
      at Object.eventWrapper 
(node_modules/@testing-library/dom/dist/config.js:25:23)
      at Object.wrapEvent 
(node_modules/@testing-library/user-event/dist/cjs/event/wrapEvent.js:6:28)
      at Object.dispatchEvent (node_modules/@testing-library/user-event/dist/cj
s/event/dispatchEvent.js:45:22)
      at Object.dispatchUIEvent (node_modules/@testing-library/user-event/dist/
cjs/event/dispatchEvent.js:22:26)
      at commitInput 
(node_modules/@testing-library/user-event/dist/cjs/event/input.js:145:14)
      at editInputElement 
(node_modules/@testing-library/user-event/dist/cjs/event/input.js:115:9)
      at Object.input 
(node_modules/@testing-library/user-event/dist/cjs/event/input.js:37:9)
      at node_modules/@testing-library/user-event/dist/cjs/event/behavior/keypr
ess.js:31:26
      at Object.dispatchEvent (node_modules/@testing-library/user-event/dist/cj
s/event/dispatchEvent.js:41:13)
      at Object.dispatchUIEvent (node_modules/@testing-library/user-event/dist/
cjs/event/dispatchEvent.js:22:26)
      at KeyboardHost.keydown 
(node_modules/@testing-library/user-event/dist/cjs/system/keyboard.js:76:22)
      at keyboardAction 
(node_modules/@testing-library/user-event/dist/cjs/keyboard/index.js:22:35)
      at Object.keyboard 
(node_modules/@testing-library/user-event/dist/cjs/keyboard/index.js:11:15)
      at Object.type 
(node_modules/@testing-library/user-event/dist/cjs/utility/type.js:17:5)
      at Object.<anonymous> (src/auth/auth.test.tsx:129:9)

    console.error
      Warning: An update to LoginForm inside a test was not wrapped in 
act(...).
      
      When testing, code that causes React state updates should be wrapped 
into act(...):
      
      act(() => {
        /* fire events that update state */
      });
      /* assert on the output */
      
      This ensures that you're testing the behavior the user would see in the 
browser. Learn more at https://reactjs.org/link/wrap-tests-with-act
          at LoginForm (C:\Users\samhe\OneDrive\Desktop\Cleaned\frontend\src\au
th\LoginForm\LoginForm.tsx:41:33)
          at div
          at div
          at LoginPage
          at routeContext (C:\Users\samhe\OneDrive\Desktop\Cleaned\frontend\nod
e_modules\react-router\lib\hooks.tsx:658:26)
          at children (C:\Users\samhe\OneDrive\Desktop\Cleaned\frontend\node_mo
dules\react-router\lib\components.tsx:512:3)
          at basenameProp (C:\Users\samhe\OneDrive\Desktop\Cleaned\frontend\nod
e_modules\react-router\lib\components.tsx:421:13)
          at basename (C:\Users\samhe\OneDrive\Desktop\Cleaned\frontend\node_mo
dules\react-router\lib\components.tsx:225:3)

      141 |                         placeholder="Enter your password"
      142 |                         value={password}
    > 143 |                         onChange={(e) => 
setPassword(e.target.value)}
          |                                          ^
      144 |                         className="w-full rounded-md border 
border-gray-300 px-3 py-2 pr-10 text-sm focus:outline-none focus:ring-2 
focus:ring-gray-900 disabled:opacity-50"
      145 |                     />
      146 |                     <button

      at printWarning 
(node_modules/react-dom/cjs/react-dom.development.js:86:30)
      at error (node_modules/react-dom/cjs/react-dom.development.js:60:7)
      at warnIfUpdatesNotWrappedWithActDEV 
(node_modules/react-dom/cjs/react-dom.development.js:27628:9)
      at scheduleUpdateOnFiber 
(node_modules/react-dom/cjs/react-dom.development.js:25547:5)
      at dispatchSetState 
(node_modules/react-dom/cjs/react-dom.development.js:16708:7)
      at onChange (src/auth/LoginForm/LoginForm.tsx:143:42)
      at HTMLUnknownElement.callCallback 
(node_modules/react-dom/cjs/react-dom.development.js:4164:14)
      at HTMLUnknownElement.callTheUserObjectsOperation 
(node_modules/jsdom/lib/jsdom/living/generated/EventListener.js:26:30)
      at innerInvokeEventListeners 
(node_modules/jsdom/lib/jsdom/living/events/EventTarget-impl.js:350:25)
      at invokeEventListeners 
(node_modules/jsdom/lib/jsdom/living/events/EventTarget-impl.js:286:3)
      at HTMLUnknownElementImpl._dispatch 
(node_modules/jsdom/lib/jsdom/living/events/EventTarget-impl.js:233:9)
      at HTMLUnknownElementImpl.dispatchEvent 
(node_modules/jsdom/lib/jsdom/living/events/EventTarget-impl.js:104:17)
      at HTMLUnknownElement.dispatchEvent 
(node_modules/jsdom/lib/jsdom/living/generated/EventTarget.js:241:34)
      at Object.invokeGuardedCallbackDev 
(node_modules/react-dom/cjs/react-dom.development.js:4213:16)
      at invokeGuardedCallback 
(node_modules/react-dom/cjs/react-dom.development.js:4277:31)
      at invokeGuardedCallbackAndCatchFirstError 
(node_modules/react-dom/cjs/react-dom.development.js:4291:25)
      at executeDispatch 
(node_modules/react-dom/cjs/react-dom.development.js:9041:3)
      at processDispatchQueueItemsInOrder 
(node_modules/react-dom/cjs/react-dom.development.js:9073:7)
      at processDispatchQueue 
(node_modules/react-dom/cjs/react-dom.development.js:9086:5)
      at dispatchEventsForPlugins 
(node_modules/react-dom/cjs/react-dom.development.js:9097:3)
      at node_modules/react-dom/cjs/react-dom.development.js:9288:12
      at batchedUpdates$1 
(node_modules/react-dom/cjs/react-dom.development.js:26179:12)
      at batchedUpdates 
(node_modules/react-dom/cjs/react-dom.development.js:3991:12)
      at dispatchEventForPluginEventSystem 
(node_modules/react-dom/cjs/react-dom.development.js:9287:3)
      at dispatchEventWithEnableCapturePhaseSelectiveHydrationWithoutDiscreteEv
entReplay (node_modules/react-dom/cjs/react-dom.development.js:6465:5)
      at dispatchEvent 
(node_modules/react-dom/cjs/react-dom.development.js:6457:5)
      at dispatchDiscreteEvent 
(node_modules/react-dom/cjs/react-dom.development.js:6430:5)
      at HTMLDivElement.callTheUserObjectsOperation 
(node_modules/jsdom/lib/jsdom/living/generated/EventListener.js:26:30)
      at innerInvokeEventListeners 
(node_modules/jsdom/lib/jsdom/living/events/EventTarget-impl.js:350:25)
      at invokeEventListeners 
(node_modules/jsdom/lib/jsdom/living/events/EventTarget-impl.js:286:3)
      at HTMLInputElementImpl._dispatch 
(node_modules/jsdom/lib/jsdom/living/events/EventTarget-impl.js:233:9)
      at HTMLInputElementImpl.dispatchEvent 
(node_modules/jsdom/lib/jsdom/living/events/EventTarget-impl.js:104:17)
      at HTMLInputElement.dispatchEvent 
(node_modules/jsdom/lib/jsdom/living/generated/EventTarget.js:241:34)
      at 
node_modules/@testing-library/user-event/dist/cjs/event/dispatchEvent.js:45:43
      at Object.eventWrapper 
(node_modules/@testing-library/dom/dist/config.js:25:23)
      at Object.wrapEvent 
(node_modules/@testing-library/user-event/dist/cjs/event/wrapEvent.js:6:28)
      at Object.dispatchEvent (node_modules/@testing-library/user-event/dist/cj
s/event/dispatchEvent.js:45:22)
      at Object.dispatchUIEvent (node_modules/@testing-library/user-event/dist/
cjs/event/dispatchEvent.js:22:26)
      at commitInput 
(node_modules/@testing-library/user-event/dist/cjs/event/input.js:145:14)
      at editInputElement 
(node_modules/@testing-library/user-event/dist/cjs/event/input.js:115:9)
      at Object.input 
(node_modules/@testing-library/user-event/dist/cjs/event/input.js:37:9)
      at node_modules/@testing-library/user-event/dist/cjs/event/behavior/keypr
ess.js:31:26
      at Object.dispatchEvent (node_modules/@testing-library/user-event/dist/cj
s/event/dispatchEvent.js:41:13)
      at Object.dispatchUIEvent (node_modules/@testing-library/user-event/dist/
cjs/event/dispatchEvent.js:22:26)
      at KeyboardHost.keydown 
(node_modules/@testing-library/user-event/dist/cjs/system/keyboard.js:76:22)
      at keyboardAction 
(node_modules/@testing-library/user-event/dist/cjs/keyboard/index.js:22:35)
      at Object.keyboard 
(node_modules/@testing-library/user-event/dist/cjs/keyboard/index.js:11:15)
      at Object.type 
(node_modules/@testing-library/user-event/dist/cjs/utility/type.js:17:5)
      at Object.<anonymous> (src/auth/auth.test.tsx:129:9)

    console.error
      Warning: An update to LoginForm inside a test was not wrapped in 
act(...).
      
      When testing, code that causes React state updates should be wrapped 
into act(...):
      
      act(() => {
        /* fire events that update state */
      });
      /* assert on the output */
      
      This ensures that you're testing the behavior the user would see in the 
browser. Learn more at https://reactjs.org/link/wrap-tests-with-act
          at LoginForm (C:\Users\samhe\OneDrive\Desktop\Cleaned\frontend\src\au
th\LoginForm\LoginForm.tsx:41:33)
          at div
          at div
          at LoginPage
          at routeContext (C:\Users\samhe\OneDrive\Desktop\Cleaned\frontend\nod
e_modules\react-router\lib\hooks.tsx:658:26)
          at children (C:\Users\samhe\OneDrive\Desktop\Cleaned\frontend\node_mo
dules\react-router\lib\components.tsx:512:3)
          at basenameProp (C:\Users\samhe\OneDrive\Desktop\Cleaned\frontend\nod
e_modules\react-router\lib\components.tsx:421:13)
          at basename (C:\Users\samhe\OneDrive\Desktop\Cleaned\frontend\node_mo
dules\react-router\lib\components.tsx:225:3)

      141 |                         placeholder="Enter your password"
      142 |                         value={password}
    > 143 |                         onChange={(e) => 
setPassword(e.target.value)}
          |                                          ^
      144 |                         className="w-full rounded-md border 
border-gray-300 px-3 py-2 pr-10 text-sm focus:outline-none focus:ring-2 
focus:ring-gray-900 disabled:opacity-50"
      145 |                     />
      146 |                     <button

      at printWarning 
(node_modules/react-dom/cjs/react-dom.development.js:86:30)
      at error (node_modules/react-dom/cjs/react-dom.development.js:60:7)
      at warnIfUpdatesNotWrappedWithActDEV 
(node_modules/react-dom/cjs/react-dom.development.js:27628:9)
      at scheduleUpdateOnFiber 
(node_modules/react-dom/cjs/react-dom.development.js:25547:5)
      at dispatchSetState 
(node_modules/react-dom/cjs/react-dom.development.js:16708:7)
      at onChange (src/auth/LoginForm/LoginForm.tsx:143:42)
      at HTMLUnknownElement.callCallback 
(node_modules/react-dom/cjs/react-dom.development.js:4164:14)
      at HTMLUnknownElement.callTheUserObjectsOperation 
(node_modules/jsdom/lib/jsdom/living/generated/EventListener.js:26:30)
      at innerInvokeEventListeners 
(node_modules/jsdom/lib/jsdom/living/events/EventTarget-impl.js:350:25)
      at invokeEventListeners 
(node_modules/jsdom/lib/jsdom/living/events/EventTarget-impl.js:286:3)
      at HTMLUnknownElementImpl._dispatch 
(node_modules/jsdom/lib/jsdom/living/events/EventTarget-impl.js:233:9)
      at HTMLUnknownElementImpl.dispatchEvent 
(node_modules/jsdom/lib/jsdom/living/events/EventTarget-impl.js:104:17)
      at HTMLUnknownElement.dispatchEvent 
(node_modules/jsdom/lib/jsdom/living/generated/EventTarget.js:241:34)
      at Object.invokeGuardedCallbackDev 
(node_modules/react-dom/cjs/react-dom.development.js:4213:16)
      at invokeGuardedCallback 
(node_modules/react-dom/cjs/react-dom.development.js:4277:31)
      at invokeGuardedCallbackAndCatchFirstError 
(node_modules/react-dom/cjs/react-dom.development.js:4291:25)
      at executeDispatch 
(node_modules/react-dom/cjs/react-dom.development.js:9041:3)
      at processDispatchQueueItemsInOrder 
(node_modules/react-dom/cjs/react-dom.development.js:9073:7)
      at processDispatchQueue 
(node_modules/react-dom/cjs/react-dom.development.js:9086:5)
      at dispatchEventsForPlugins 
(node_modules/react-dom/cjs/react-dom.development.js:9097:3)
      at node_modules/react-dom/cjs/react-dom.development.js:9288:12
      at batchedUpdates$1 
(node_modules/react-dom/cjs/react-dom.development.js:26179:12)
      at batchedUpdates 
(node_modules/react-dom/cjs/react-dom.development.js:3991:12)
      at dispatchEventForPluginEventSystem 
(node_modules/react-dom/cjs/react-dom.development.js:9287:3)
      at dispatchEventWithEnableCapturePhaseSelectiveHydrationWithoutDiscreteEv
entReplay (node_modules/react-dom/cjs/react-dom.development.js:6465:5)
      at dispatchEvent 
(node_modules/react-dom/cjs/react-dom.development.js:6457:5)
      at dispatchDiscreteEvent 
(node_modules/react-dom/cjs/react-dom.development.js:6430:5)
      at HTMLDivElement.callTheUserObjectsOperation 
(node_modules/jsdom/lib/jsdom/living/generated/EventListener.js:26:30)
      at innerInvokeEventListeners 
(node_modules/jsdom/lib/jsdom/living/events/EventTarget-impl.js:350:25)
      at invokeEventListeners 
(node_modules/jsdom/lib/jsdom/living/events/EventTarget-impl.js:286:3)
      at HTMLInputElementImpl._dispatch 
(node_modules/jsdom/lib/jsdom/living/events/EventTarget-impl.js:233:9)
      at HTMLInputElementImpl.dispatchEvent 
(node_modules/jsdom/lib/jsdom/living/events/EventTarget-impl.js:104:17)
      at HTMLInputElement.dispatchEvent 
(node_modules/jsdom/lib/jsdom/living/generated/EventTarget.js:241:34)
      at 
node_modules/@testing-library/user-event/dist/cjs/event/dispatchEvent.js:45:43
      at Object.eventWrapper 
(node_modules/@testing-library/dom/dist/config.js:25:23)
      at Object.wrapEvent 
(node_modules/@testing-library/user-event/dist/cjs/event/wrapEvent.js:6:28)
      at Object.dispatchEvent (node_modules/@testing-library/user-event/dist/cj
s/event/dispatchEvent.js:45:22)
      at Object.dispatchUIEvent (node_modules/@testing-library/user-event/dist/
cjs/event/dispatchEvent.js:22:26)
      at commitInput 
(node_modules/@testing-library/user-event/dist/cjs/event/input.js:145:14)
      at editInputElement 
(node_modules/@testing-library/user-event/dist/cjs/event/input.js:115:9)
      at Object.input 
(node_modules/@testing-library/user-event/dist/cjs/event/input.js:37:9)
      at node_modules/@testing-library/user-event/dist/cjs/event/behavior/keypr
ess.js:31:26
      at Object.dispatchEvent (node_modules/@testing-library/user-event/dist/cj
s/event/dispatchEvent.js:41:13)
      at Object.dispatchUIEvent (node_modules/@testing-library/user-event/dist/
cjs/event/dispatchEvent.js:22:26)
      at KeyboardHost.keydown 
(node_modules/@testing-library/user-event/dist/cjs/system/keyboard.js:76:22)
      at keyboardAction 
(node_modules/@testing-library/user-event/dist/cjs/keyboard/index.js:22:35)
      at Object.keyboard 
(node_modules/@testing-library/user-event/dist/cjs/keyboard/index.js:11:15)
      at Object.type 
(node_modules/@testing-library/user-event/dist/cjs/utility/type.js:17:5)
      at Object.<anonymous> (src/auth/auth.test.tsx:129:9)

    console.error
      Warning: An update to LoginForm inside a test was not wrapped in 
act(...).
      
      When testing, code that causes React state updates should be wrapped 
into act(...):
      
      act(() => {
        /* fire events that update state */
      });
      /* assert on the output */
      
      This ensures that you're testing the behavior the user would see in the 
browser. Learn more at https://reactjs.org/link/wrap-tests-with-act
          at LoginForm (C:\Users\samhe\OneDrive\Desktop\Cleaned\frontend\src\au
th\LoginForm\LoginForm.tsx:41:33)
          at div
          at div
          at LoginPage
          at routeContext (C:\Users\samhe\OneDrive\Desktop\Cleaned\frontend\nod
e_modules\react-router\lib\hooks.tsx:658:26)
          at children (C:\Users\samhe\OneDrive\Desktop\Cleaned\frontend\node_mo
dules\react-router\lib\components.tsx:512:3)
          at basenameProp (C:\Users\samhe\OneDrive\Desktop\Cleaned\frontend\nod
e_modules\react-router\lib\components.tsx:421:13)
          at basename (C:\Users\samhe\OneDrive\Desktop\Cleaned\frontend\node_mo
dules\react-router\lib\components.tsx:225:3)

      141 |                         placeholder="Enter your password"
      142 |                         value={password}
    > 143 |                         onChange={(e) => 
setPassword(e.target.value)}
          |                                          ^
      144 |                         className="w-full rounded-md border 
border-gray-300 px-3 py-2 pr-10 text-sm focus:outline-none focus:ring-2 
focus:ring-gray-900 disabled:opacity-50"
      145 |                     />
      146 |                     <button

      at printWarning 
(node_modules/react-dom/cjs/react-dom.development.js:86:30)
      at error (node_modules/react-dom/cjs/react-dom.development.js:60:7)
      at warnIfUpdatesNotWrappedWithActDEV 
(node_modules/react-dom/cjs/react-dom.development.js:27628:9)
      at scheduleUpdateOnFiber 
(node_modules/react-dom/cjs/react-dom.development.js:25547:5)
      at dispatchSetState 
(node_modules/react-dom/cjs/react-dom.development.js:16708:7)
      at onChange (src/auth/LoginForm/LoginForm.tsx:143:42)
      at HTMLUnknownElement.callCallback 
(node_modules/react-dom/cjs/react-dom.development.js:4164:14)
      at HTMLUnknownElement.callTheUserObjectsOperation 
(node_modules/jsdom/lib/jsdom/living/generated/EventListener.js:26:30)
      at innerInvokeEventListeners 
(node_modules/jsdom/lib/jsdom/living/events/EventTarget-impl.js:350:25)
      at invokeEventListeners 
(node_modules/jsdom/lib/jsdom/living/events/EventTarget-impl.js:286:3)
      at HTMLUnknownElementImpl._dispatch 
(node_modules/jsdom/lib/jsdom/living/events/EventTarget-impl.js:233:9)
      at HTMLUnknownElementImpl.dispatchEvent 
(node_modules/jsdom/lib/jsdom/living/events/EventTarget-impl.js:104:17)
      at HTMLUnknownElement.dispatchEvent 
(node_modules/jsdom/lib/jsdom/living/generated/EventTarget.js:241:34)
      at Object.invokeGuardedCallbackDev 
(node_modules/react-dom/cjs/react-dom.development.js:4213:16)
      at invokeGuardedCallback 
(node_modules/react-dom/cjs/react-dom.development.js:4277:31)
      at invokeGuardedCallbackAndCatchFirstError 
(node_modules/react-dom/cjs/react-dom.development.js:4291:25)
      at executeDispatch 
(node_modules/react-dom/cjs/react-dom.development.js:9041:3)
      at processDispatchQueueItemsInOrder 
(node_modules/react-dom/cjs/react-dom.development.js:9073:7)
      at processDispatchQueue 
(node_modules/react-dom/cjs/react-dom.development.js:9086:5)
      at dispatchEventsForPlugins 
(node_modules/react-dom/cjs/react-dom.development.js:9097:3)
      at node_modules/react-dom/cjs/react-dom.development.js:9288:12
      at batchedUpdates$1 
(node_modules/react-dom/cjs/react-dom.development.js:26179:12)
      at batchedUpdates 
(node_modules/react-dom/cjs/react-dom.development.js:3991:12)
      at dispatchEventForPluginEventSystem 
(node_modules/react-dom/cjs/react-dom.development.js:9287:3)
      at dispatchEventWithEnableCapturePhaseSelectiveHydrationWithoutDiscreteEv
entReplay (node_modules/react-dom/cjs/react-dom.development.js:6465:5)
      at dispatchEvent 
(node_modules/react-dom/cjs/react-dom.development.js:6457:5)
      at dispatchDiscreteEvent 
(node_modules/react-dom/cjs/react-dom.development.js:6430:5)
      at HTMLDivElement.callTheUserObjectsOperation 
(node_modules/jsdom/lib/jsdom/living/generated/EventListener.js:26:30)
      at innerInvokeEventListeners 
(node_modules/jsdom/lib/jsdom/living/events/EventTarget-impl.js:350:25)
      at invokeEventListeners 
(node_modules/jsdom/lib/jsdom/living/events/EventTarget-impl.js:286:3)
      at HTMLInputElementImpl._dispatch 
(node_modules/jsdom/lib/jsdom/living/events/EventTarget-impl.js:233:9)
      at HTMLInputElementImpl.dispatchEvent 
(node_modules/jsdom/lib/jsdom/living/events/EventTarget-impl.js:104:17)
      at HTMLInputElement.dispatchEvent 
(node_modules/jsdom/lib/jsdom/living/generated/EventTarget.js:241:34)
      at 
node_modules/@testing-library/user-event/dist/cjs/event/dispatchEvent.js:45:43
      at Object.eventWrapper 
(node_modules/@testing-library/dom/dist/config.js:25:23)
      at Object.wrapEvent 
(node_modules/@testing-library/user-event/dist/cjs/event/wrapEvent.js:6:28)
      at Object.dispatchEvent (node_modules/@testing-library/user-event/dist/cj
s/event/dispatchEvent.js:45:22)
      at Object.dispatchUIEvent (node_modules/@testing-library/user-event/dist/
cjs/event/dispatchEvent.js:22:26)
      at commitInput 
(node_modules/@testing-library/user-event/dist/cjs/event/input.js:145:14)
      at editInputElement 
(node_modules/@testing-library/user-event/dist/cjs/event/input.js:115:9)
      at Object.input 
(node_modules/@testing-library/user-event/dist/cjs/event/input.js:37:9)
      at node_modules/@testing-library/user-event/dist/cjs/event/behavior/keypr
ess.js:31:26
      at Object.dispatchEvent (node_modules/@testing-library/user-event/dist/cj
s/event/dispatchEvent.js:41:13)
      at Object.dispatchUIEvent (node_modules/@testing-library/user-event/dist/
cjs/event/dispatchEvent.js:22:26)
      at KeyboardHost.keydown 
(node_modules/@testing-library/user-event/dist/cjs/system/keyboard.js:76:22)
      at keyboardAction 
(node_modules/@testing-library/user-event/dist/cjs/keyboard/index.js:22:35)
      at Object.keyboard 
(node_modules/@testing-library/user-event/dist/cjs/keyboard/index.js:11:15)
      at Object.type 
(node_modules/@testing-library/user-event/dist/cjs/utility/type.js:17:5)
      at Object.<anonymous> (src/auth/auth.test.tsx:129:9)

    console.error
      Warning: An update to LoginForm inside a test was not wrapped in 
act(...).
      
      When testing, code that causes React state updates should be wrapped 
into act(...):
      
      act(() => {
        /* fire events that update state */
      });
      /* assert on the output */
      
      This ensures that you're testing the behavior the user would see in the 
browser. Learn more at https://reactjs.org/link/wrap-tests-with-act
          at LoginForm (C:\Users\samhe\OneDrive\Desktop\Cleaned\frontend\src\au
th\LoginForm\LoginForm.tsx:41:33)
          at div
          at div
          at LoginPage
          at routeContext (C:\Users\samhe\OneDrive\Desktop\Cleaned\frontend\nod
e_modules\react-router\lib\hooks.tsx:658:26)
          at children (C:\Users\samhe\OneDrive\Desktop\Cleaned\frontend\node_mo
dules\react-router\lib\components.tsx:512:3)
          at basenameProp (C:\Users\samhe\OneDrive\Desktop\Cleaned\frontend\nod
e_modules\react-router\lib\components.tsx:421:13)
          at basename (C:\Users\samhe\OneDrive\Desktop\Cleaned\frontend\node_mo
dules\react-router\lib\components.tsx:225:3)

      52 |     async function handleSubmit(e: React.FormEvent) {
      53 |         e.preventDefault()
    > 54 |         setError('')
         |         ^
      55 |
      56 |         // Client-side empty field validation (R-AUTH-EMPTY)
      57 |         if (!email.trim() || !password) {

      at printWarning 
(node_modules/react-dom/cjs/react-dom.development.js:86:30)
      at error (node_modules/react-dom/cjs/react-dom.development.js:60:7)
      at warnIfUpdatesNotWrappedWithActDEV 
(node_modules/react-dom/cjs/react-dom.development.js:27628:9)
      at scheduleUpdateOnFiber 
(node_modules/react-dom/cjs/react-dom.development.js:25547:5)
      at dispatchSetState 
(node_modules/react-dom/cjs/react-dom.development.js:16708:7)
      at handleSubmit (src/auth/LoginForm/LoginForm.tsx:54:9)
      at HTMLUnknownElement.callCallback 
(node_modules/react-dom/cjs/react-dom.development.js:4164:14)
      at HTMLUnknownElement.callTheUserObjectsOperation 
(node_modules/jsdom/lib/jsdom/living/generated/EventListener.js:26:30)
      at innerInvokeEventListeners 
(node_modules/jsdom/lib/jsdom/living/events/EventTarget-impl.js:350:25)
      at invokeEventListeners 
(node_modules/jsdom/lib/jsdom/living/events/EventTarget-impl.js:286:3)
      at HTMLUnknownElementImpl._dispatch 
(node_modules/jsdom/lib/jsdom/living/events/EventTarget-impl.js:233:9)
      at HTMLUnknownElementImpl.dispatchEvent 
(node_modules/jsdom/lib/jsdom/living/events/EventTarget-impl.js:104:17)
      at HTMLUnknownElement.dispatchEvent 
(node_modules/jsdom/lib/jsdom/living/generated/EventTarget.js:241:34)
      at Object.invokeGuardedCallbackDev 
(node_modules/react-dom/cjs/react-dom.development.js:4213:16)
      at invokeGuardedCallback 
(node_modules/react-dom/cjs/react-dom.development.js:4277:31)
      at invokeGuardedCallbackAndCatchFirstError 
(node_modules/react-dom/cjs/react-dom.development.js:4291:25)
      at executeDispatch 
(node_modules/react-dom/cjs/react-dom.development.js:9041:3)
      at processDispatchQueueItemsInOrder 
(node_modules/react-dom/cjs/react-dom.development.js:9073:7)
      at processDispatchQueue 
(node_modules/react-dom/cjs/react-dom.development.js:9086:5)
      at dispatchEventsForPlugins 
(node_modules/react-dom/cjs/react-dom.development.js:9097:3)
      at node_modules/react-dom/cjs/react-dom.development.js:9288:12
      at batchedUpdates$1 
(node_modules/react-dom/cjs/react-dom.development.js:26179:12)
      at batchedUpdates 
(node_modules/react-dom/cjs/react-dom.development.js:3991:12)
      at dispatchEventForPluginEventSystem 
(node_modules/react-dom/cjs/react-dom.development.js:9287:3)
      at dispatchEventWithEnableCapturePhaseSelectiveHydrationWithoutDiscreteEv
entReplay (node_modules/react-dom/cjs/react-dom.development.js:6465:5)
      at dispatchEvent 
(node_modules/react-dom/cjs/react-dom.development.js:6457:5)
      at dispatchDiscreteEvent 
(node_modules/react-dom/cjs/react-dom.development.js:6430:5)
      at HTMLDivElement.callTheUserObjectsOperation 
(node_modules/jsdom/lib/jsdom/living/generated/EventListener.js:26:30)
      at innerInvokeEventListeners 
(node_modules/jsdom/lib/jsdom/living/events/EventTarget-impl.js:350:25)
      at invokeEventListeners 
(node_modules/jsdom/lib/jsdom/living/events/EventTarget-impl.js:286:3)
      at HTMLFormElementImpl._dispatch 
(node_modules/jsdom/lib/jsdom/living/events/EventTarget-impl.js:233:9)
      at fireAnEvent 
(node_modules/jsdom/lib/jsdom/living/helpers/events.js:18:36)
      at HTMLFormElementImpl.requestSubmit 
(node_modules/jsdom/lib/jsdom/living/nodes/HTMLFormElement-impl.js:109:10)
      at HTMLFormElementImpl._doRequestSubmit 
(node_modules/jsdom/lib/jsdom/living/nodes/HTMLFormElement-impl.js:79:10)
      at HTMLButtonElementImpl._activationBehavior 
(node_modules/jsdom/lib/jsdom/living/nodes/HTMLButtonElement-impl.js:23:14)
      at HTMLButtonElementImpl._dispatch 
(node_modules/jsdom/lib/jsdom/living/events/EventTarget-impl.js:252:26)
      at HTMLButtonElementImpl.dispatchEvent 
(node_modules/jsdom/lib/jsdom/living/events/EventTarget-impl.js:104:17)
      at HTMLButtonElement.dispatchEvent 
(node_modules/jsdom/lib/jsdom/living/generated/EventTarget.js:241:34)
      at 
node_modules/@testing-library/user-event/dist/cjs/event/dispatchEvent.js:45:43
      at Object.eventWrapper 
(node_modules/@testing-library/dom/dist/config.js:25:23)
      at Object.wrapEvent 
(node_modules/@testing-library/user-event/dist/cjs/event/wrapEvent.js:6:28)
      at Object.dispatchEvent (node_modules/@testing-library/user-event/dist/cj
s/event/dispatchEvent.js:45:22)
      at Object.dispatchUIEvent (node_modules/@testing-library/user-event/dist/
cjs/event/dispatchEvent.js:22:26)
      at Mouse.up (node_modules/@testing-library/user-event/dist/cjs/system/poi
nter/mouse.js:100:30)
      at PointerHost.release (node_modules/@testing-library/user-event/dist/cjs
/system/pointer/index.js:87:24)
      at pointerAction 
(node_modules/@testing-library/user-event/dist/cjs/pointer/index.js:54:47)
      at Object.pointer 
(node_modules/@testing-library/user-event/dist/cjs/pointer/index.js:27:9)
      at Object.<anonymous> (src/auth/auth.test.tsx:130:9)

    console.error
      Warning: An update to LoginForm inside a test was not wrapped in 
act(...).
      
      When testing, code that causes React state updates should be wrapped 
into act(...):
      
      act(() => {
        /* fire events that update state */
      });
      /* assert on the output */
      
      This ensures that you're testing the behavior the user would see in the 
browser. Learn more at https://reactjs.org/link/wrap-tests-with-act
          at LoginForm (C:\Users\samhe\OneDrive\Desktop\Cleaned\frontend\src\au
th\LoginForm\LoginForm.tsx:41:33)
          at div
          at div
          at LoginPage
          at routeContext (C:\Users\samhe\OneDrive\Desktop\Cleaned\frontend\nod
e_modules\react-router\lib\hooks.tsx:658:26)
          at children (C:\Users\samhe\OneDrive\Desktop\Cleaned\frontend\node_mo
dules\react-router\lib\components.tsx:512:3)
          at basenameProp (C:\Users\samhe\OneDrive\Desktop\Cleaned\frontend\nod
e_modules\react-router\lib\components.tsx:421:13)
          at basename (C:\Users\samhe\OneDrive\Desktop\Cleaned\frontend\node_mo
dules\react-router\lib\components.tsx:225:3)

      60 |         }
      61 |
    > 62 |         setLoading(true)
         |         ^
      63 |
      64 |         try {
      65 |             const response = await apiPost<{ token: string; user: 
Record<string, unknown> }>(

      at printWarning 
(node_modules/react-dom/cjs/react-dom.development.js:86:30)
      at error (node_modules/react-dom/cjs/react-dom.development.js:60:7)
      at warnIfUpdatesNotWrappedWithActDEV 
(node_modules/react-dom/cjs/react-dom.development.js:27628:9)
      at scheduleUpdateOnFiber 
(node_modules/react-dom/cjs/react-dom.development.js:25547:5)
      at dispatchSetState 
(node_modules/react-dom/cjs/react-dom.development.js:16708:7)
      at handleSubmit (src/auth/LoginForm/LoginForm.tsx:62:9)
      at HTMLUnknownElement.callCallback 
(node_modules/react-dom/cjs/react-dom.development.js:4164:14)
      at HTMLUnknownElement.callTheUserObjectsOperation 
(node_modules/jsdom/lib/jsdom/living/generated/EventListener.js:26:30)
      at innerInvokeEventListeners 
(node_modules/jsdom/lib/jsdom/living/events/EventTarget-impl.js:350:25)
      at invokeEventListeners 
(node_modules/jsdom/lib/jsdom/living/events/EventTarget-impl.js:286:3)
      at HTMLUnknownElementImpl._dispatch 
(node_modules/jsdom/lib/jsdom/living/events/EventTarget-impl.js:233:9)
      at HTMLUnknownElementImpl.dispatchEvent 
(node_modules/jsdom/lib/jsdom/living/events/EventTarget-impl.js:104:17)
      at HTMLUnknownElement.dispatchEvent 
(node_modules/jsdom/lib/jsdom/living/generated/EventTarget.js:241:34)
      at Object.invokeGuardedCallbackDev 
(node_modules/react-dom/cjs/react-dom.development.js:4213:16)
      at invokeGuardedCallback 
(node_modules/react-dom/cjs/react-dom.development.js:4277:31)
      at invokeGuardedCallbackAndCatchFirstError 
(node_modules/react-dom/cjs/react-dom.development.js:4291:25)
      at executeDispatch 
(node_modules/react-dom/cjs/react-dom.development.js:9041:3)
      at processDispatchQueueItemsInOrder 
(node_modules/react-dom/cjs/react-dom.development.js:9073:7)
      at processDispatchQueue 
(node_modules/react-dom/cjs/react-dom.development.js:9086:5)
      at dispatchEventsForPlugins 
(node_modules/react-dom/cjs/react-dom.development.js:9097:3)
      at node_modules/react-dom/cjs/react-dom.development.js:9288:12
      at batchedUpdates$1 
(node_modules/react-dom/cjs/react-dom.development.js:26179:12)
      at batchedUpdates 
(node_modules/react-dom/cjs/react-dom.development.js:3991:12)
      at dispatchEventForPluginEventSystem 
(node_modules/react-dom/cjs/react-dom.development.js:9287:3)
      at dispatchEventWithEnableCapturePhaseSelectiveHydrationWithoutDiscreteEv
entReplay (node_modules/react-dom/cjs/react-dom.development.js:6465:5)
      at dispatchEvent 
(node_modules/react-dom/cjs/react-dom.development.js:6457:5)
      at dispatchDiscreteEvent 
(node_modules/react-dom/cjs/react-dom.development.js:6430:5)
      at HTMLDivElement.callTheUserObjectsOperation 
(node_modules/jsdom/lib/jsdom/living/generated/EventListener.js:26:30)
      at innerInvokeEventListeners 
(node_modules/jsdom/lib/jsdom/living/events/EventTarget-impl.js:350:25)
      at invokeEventListeners 
(node_modules/jsdom/lib/jsdom/living/events/EventTarget-impl.js:286:3)
      at HTMLFormElementImpl._dispatch 
(node_modules/jsdom/lib/jsdom/living/events/EventTarget-impl.js:233:9)
      at fireAnEvent 
(node_modules/jsdom/lib/jsdom/living/helpers/events.js:18:36)
      at HTMLFormElementImpl.requestSubmit 
(node_modules/jsdom/lib/jsdom/living/nodes/HTMLFormElement-impl.js:109:10)
      at HTMLFormElementImpl._doRequestSubmit 
(node_modules/jsdom/lib/jsdom/living/nodes/HTMLFormElement-impl.js:79:10)
      at HTMLButtonElementImpl._activationBehavior 
(node_modules/jsdom/lib/jsdom/living/nodes/HTMLButtonElement-impl.js:23:14)
      at HTMLButtonElementImpl._dispatch 
(node_modules/jsdom/lib/jsdom/living/events/EventTarget-impl.js:252:26)
      at HTMLButtonElementImpl.dispatchEvent 
(node_modules/jsdom/lib/jsdom/living/events/EventTarget-impl.js:104:17)
      at HTMLButtonElement.dispatchEvent 
(node_modules/jsdom/lib/jsdom/living/generated/EventTarget.js:241:34)
      at 
node_modules/@testing-library/user-event/dist/cjs/event/dispatchEvent.js:45:43
      at Object.eventWrapper 
(node_modules/@testing-library/dom/dist/config.js:25:23)
      at Object.wrapEvent 
(node_modules/@testing-library/user-event/dist/cjs/event/wrapEvent.js:6:28)
      at Object.dispatchEvent (node_modules/@testing-library/user-event/dist/cj
s/event/dispatchEvent.js:45:22)
      at Object.dispatchUIEvent (node_modules/@testing-library/user-event/dist/
cjs/event/dispatchEvent.js:22:26)
      at Mouse.up (node_modules/@testing-library/user-event/dist/cjs/system/poi
nter/mouse.js:100:30)
      at PointerHost.release (node_modules/@testing-library/user-event/dist/cjs
/system/pointer/index.js:87:24)
      at pointerAction 
(node_modules/@testing-library/user-event/dist/cjs/pointer/index.js:54:47)
      at Object.pointer 
(node_modules/@testing-library/user-event/dist/cjs/pointer/index.js:27:9)
      at Object.<anonymous> (src/auth/auth.test.tsx:130:9)

    console.error
      Warning: An update to LoginForm inside a test was not wrapped in 
act(...).
      
      When testing, code that causes React state updates should be wrapped 
into act(...):
      
      act(() => {
        /* fire events that update state */
      });
      /* assert on the output */
      
      This ensures that you're testing the behavior the user would see in the 
browser. Learn more at https://reactjs.org/link/wrap-tests-with-act
          at LoginForm (C:\Users\samhe\OneDrive\Desktop\Cleaned\frontend\src\au
th\LoginForm\LoginForm.tsx:41:33)
          at div
          at div
          at LoginPage
          at routeContext (C:\Users\samhe\OneDrive\Desktop\Cleaned\frontend\nod
e_modules\react-router\lib\hooks.tsx:658:26)
          at children (C:\Users\samhe\OneDrive\Desktop\Cleaned\frontend\node_mo
dules\react-router\lib\components.tsx:512:3)
          at basenameProp (C:\Users\samhe\OneDrive\Desktop\Cleaned\frontend\nod
e_modules\react-router\lib\components.tsx:421:13)
          at basename (C:\Users\samhe\OneDrive\Desktop\Cleaned\frontend\node_mo
dules\react-router\lib\components.tsx:225:3)

      123 |                     placeholder="email@company.com"
      124 |                     value={email}
    > 125 |                     onChange={(e) => setEmail(e.target.value)}
          |                                      ^
      126 |                     className="w-full rounded-md border 
border-gray-300 px-3 py-2 text-sm focus:outline-none focus:ring-2 
focus:ring-gray-900 disabled:opacity-50"
      127 |                 />
      128 |             </div>

      at printWarning 
(node_modules/react-dom/cjs/react-dom.development.js:86:30)
      at error (node_modules/react-dom/cjs/react-dom.development.js:60:7)
      at warnIfUpdatesNotWrappedWithActDEV 
(node_modules/react-dom/cjs/react-dom.development.js:27628:9)
      at scheduleUpdateOnFiber 
(node_modules/react-dom/cjs/react-dom.development.js:25547:5)
      at dispatchSetState 
(node_modules/react-dom/cjs/react-dom.development.js:16708:7)
      at onChange (src/auth/LoginForm/LoginForm.tsx:125:38)
      at HTMLUnknownElement.callCallback 
(node_modules/react-dom/cjs/react-dom.development.js:4164:14)
      at HTMLUnknownElement.callTheUserObjectsOperation 
(node_modules/jsdom/lib/jsdom/living/generated/EventListener.js:26:30)
      at innerInvokeEventListeners 
(node_modules/jsdom/lib/jsdom/living/events/EventTarget-impl.js:350:25)
      at invokeEventListeners 
(node_modules/jsdom/lib/jsdom/living/events/EventTarget-impl.js:286:3)
      at HTMLUnknownElementImpl._dispatch 
(node_modules/jsdom/lib/jsdom/living/events/EventTarget-impl.js:233:9)
      at HTMLUnknownElementImpl.dispatchEvent 
(node_modules/jsdom/lib/jsdom/living/events/EventTarget-impl.js:104:17)
      at HTMLUnknownElement.dispatchEvent 
(node_modules/jsdom/lib/jsdom/living/generated/EventTarget.js:241:34)
      at Object.invokeGuardedCallbackDev 
(node_modules/react-dom/cjs/react-dom.development.js:4213:16)
      at invokeGuardedCallback 
(node_modules/react-dom/cjs/react-dom.development.js:4277:31)
      at invokeGuardedCallbackAndCatchFirstError 
(node_modules/react-dom/cjs/react-dom.development.js:4291:25)
      at executeDispatch 
(node_modules/react-dom/cjs/react-dom.development.js:9041:3)
      at processDispatchQueueItemsInOrder 
(node_modules/react-dom/cjs/react-dom.development.js:9073:7)
      at processDispatchQueue 
(node_modules/react-dom/cjs/react-dom.development.js:9086:5)
      at dispatchEventsForPlugins 
(node_modules/react-dom/cjs/react-dom.development.js:9097:3)
      at node_modules/react-dom/cjs/react-dom.development.js:9288:12
      at batchedUpdates$1 
(node_modules/react-dom/cjs/react-dom.development.js:26179:12)
      at batchedUpdates 
(node_modules/react-dom/cjs/react-dom.development.js:3991:12)
      at dispatchEventForPluginEventSystem 
(node_modules/react-dom/cjs/react-dom.development.js:9287:3)
      at dispatchEventWithEnableCapturePhaseSelectiveHydrationWithoutDiscreteEv
entReplay (node_modules/react-dom/cjs/react-dom.development.js:6465:5)
      at dispatchEvent 
(node_modules/react-dom/cjs/react-dom.development.js:6457:5)
      at dispatchDiscreteEvent 
(node_modules/react-dom/cjs/react-dom.development.js:6430:5)
      at HTMLDivElement.callTheUserObjectsOperation 
(node_modules/jsdom/lib/jsdom/living/generated/EventListener.js:26:30)
      at innerInvokeEventListeners 
(node_modules/jsdom/lib/jsdom/living/events/EventTarget-impl.js:350:25)
      at invokeEventListeners 
(node_modules/jsdom/lib/jsdom/living/events/EventTarget-impl.js:286:3)
      at HTMLInputElementImpl._dispatch 
(node_modules/jsdom/lib/jsdom/living/events/EventTarget-impl.js:233:9)
      at HTMLInputElementImpl.dispatchEvent 
(node_modules/jsdom/lib/jsdom/living/events/EventTarget-impl.js:104:17)
      at HTMLInputElement.dispatchEvent 
(node_modules/jsdom/lib/jsdom/living/generated/EventTarget.js:241:34)
      at 
node_modules/@testing-library/user-event/dist/cjs/event/dispatchEvent.js:45:43
      at Object.eventWrapper 
(node_modules/@testing-library/dom/dist/config.js:25:23)
      at Object.wrapEvent 
(node_modules/@testing-library/user-event/dist/cjs/event/wrapEvent.js:6:28)
      at Object.dispatchEvent (node_modules/@testing-library/user-event/dist/cj
s/event/dispatchEvent.js:45:22)
      at Object.dispatchUIEvent (node_modules/@testing-library/user-event/dist/
cjs/event/dispatchEvent.js:22:26)
      at commitInput 
(node_modules/@testing-library/user-event/dist/cjs/event/input.js:145:14)
      at editInputElement 
(node_modules/@testing-library/user-event/dist/cjs/event/input.js:115:9)
      at Object.input 
(node_modules/@testing-library/user-event/dist/cjs/event/input.js:37:9)
      at node_modules/@testing-library/user-event/dist/cjs/event/behavior/keypr
ess.js:31:26
      at Object.dispatchEvent (node_modules/@testing-library/user-event/dist/cj
s/event/dispatchEvent.js:41:13)
      at Object.dispatchUIEvent (node_modules/@testing-library/user-event/dist/
cjs/event/dispatchEvent.js:22:26)
      at KeyboardHost.keydown 
(node_modules/@testing-library/user-event/dist/cjs/system/keyboard.js:76:22)
      at keyboardAction 
(node_modules/@testing-library/user-event/dist/cjs/keyboard/index.js:22:35)
      at Object.keyboard 
(node_modules/@testing-library/user-event/dist/cjs/keyboard/index.js:11:15)
      at Object.type 
(node_modules/@testing-library/user-event/dist/cjs/utility/type.js:17:5)
      at Object.<anonymous> (src/auth/auth.test.tsx:137:9)

    console.error
      Warning: An update to LoginForm inside a test was not wrapped in 
act(...).
      
      When testing, code that causes React state updates should be wrapped 
into act(...):
      
      act(() => {
        /* fire events that update state */
      });
      /* assert on the output */
      
      This ensures that you're testing the behavior the user would see in the 
browser. Learn more at https://reactjs.org/link/wrap-tests-with-act
          at LoginForm (C:\Users\samhe\OneDrive\Desktop\Cleaned\frontend\src\au
th\LoginForm\LoginForm.tsx:41:33)
          at div
          at div
          at LoginPage
          at routeContext (C:\Users\samhe\OneDrive\Desktop\Cleaned\frontend\nod
e_modules\react-router\lib\hooks.tsx:658:26)
          at children (C:\Users\samhe\OneDrive\Desktop\Cleaned\frontend\node_mo
dules\react-router\lib\components.tsx:512:3)
          at basenameProp (C:\Users\samhe\OneDrive\Desktop\Cleaned\frontend\nod
e_modules\react-router\lib\components.tsx:421:13)
          at basename (C:\Users\samhe\OneDrive\Desktop\Cleaned\frontend\node_mo
dules\react-router\lib\components.tsx:225:3)

      123 |                     placeholder="email@company.com"
      124 |                     value={email}
    > 125 |                     onChange={(e) => setEmail(e.target.value)}
          |                                      ^
      126 |                     className="w-full rounded-md border 
border-gray-300 px-3 py-2 text-sm focus:outline-none focus:ring-2 
focus:ring-gray-900 disabled:opacity-50"
      127 |                 />
      128 |             </div>

      at printWarning 
(node_modules/react-dom/cjs/react-dom.development.js:86:30)
      at error (node_modules/react-dom/cjs/react-dom.development.js:60:7)
      at warnIfUpdatesNotWrappedWithActDEV 
(node_modules/react-dom/cjs/react-dom.development.js:27628:9)
      at scheduleUpdateOnFiber 
(node_modules/react-dom/cjs/react-dom.development.js:25547:5)
      at dispatchSetState 
(node_modules/react-dom/cjs/react-dom.development.js:16708:7)
      at onChange (src/auth/LoginForm/LoginForm.tsx:125:38)
      at HTMLUnknownElement.callCallback 
(node_modules/react-dom/cjs/react-dom.development.js:4164:14)
      at HTMLUnknownElement.callTheUserObjectsOperation 
(node_modules/jsdom/lib/jsdom/living/generated/EventListener.js:26:30)
      at innerInvokeEventListeners 
(node_modules/jsdom/lib/jsdom/living/events/EventTarget-impl.js:350:25)
      at invokeEventListeners 
(node_modules/jsdom/lib/jsdom/living/events/EventTarget-impl.js:286:3)
      at HTMLUnknownElementImpl._dispatch 
(node_modules/jsdom/lib/jsdom/living/events/EventTarget-impl.js:233:9)
      at HTMLUnknownElementImpl.dispatchEvent 
(node_modules/jsdom/lib/jsdom/living/events/EventTarget-impl.js:104:17)
      at HTMLUnknownElement.dispatchEvent 
(node_modules/jsdom/lib/jsdom/living/generated/EventTarget.js:241:34)
      at Object.invokeGuardedCallbackDev 
(node_modules/react-dom/cjs/react-dom.development.js:4213:16)
      at invokeGuardedCallback 
(node_modules/react-dom/cjs/react-dom.development.js:4277:31)
      at invokeGuardedCallbackAndCatchFirstError 
(node_modules/react-dom/cjs/react-dom.development.js:4291:25)
      at executeDispatch 
(node_modules/react-dom/cjs/react-dom.development.js:9041:3)
      at processDispatchQueueItemsInOrder 
(node_modules/react-dom/cjs/react-dom.development.js:9073:7)
      at processDispatchQueue 
(node_modules/react-dom/cjs/react-dom.development.js:9086:5)
      at dispatchEventsForPlugins 
(node_modules/react-dom/cjs/react-dom.development.js:9097:3)
      at node_modules/react-dom/cjs/react-dom.development.js:9288:12
      at batchedUpdates$1 
(node_modules/react-dom/cjs/react-dom.development.js:26179:12)
      at batchedUpdates 
(node_modules/react-dom/cjs/react-dom.development.js:3991:12)
      at dispatchEventForPluginEventSystem 
(node_modules/react-dom/cjs/react-dom.development.js:9287:3)
      at dispatchEventWithEnableCapturePhaseSelectiveHydrationWithoutDiscreteEv
entReplay (node_modules/react-dom/cjs/react-dom.development.js:6465:5)
      at dispatchEvent 
(node_modules/react-dom/cjs/react-dom.development.js:6457:5)
      at dispatchDiscreteEvent 
(node_modules/react-dom/cjs/react-dom.development.js:6430:5)
      at HTMLDivElement.callTheUserObjectsOperation 
(node_modules/jsdom/lib/jsdom/living/generated/EventListener.js:26:30)
      at innerInvokeEventListeners 
(node_modules/jsdom/lib/jsdom/living/events/EventTarget-impl.js:350:25)
      at invokeEventListeners 
(node_modules/jsdom/lib/jsdom/living/events/EventTarget-impl.js:286:3)
      at HTMLInputElementImpl._dispatch 
(node_modules/jsdom/lib/jsdom/living/events/EventTarget-impl.js:233:9)
      at HTMLInputElementImpl.dispatchEvent 
(node_modules/jsdom/lib/jsdom/living/events/EventTarget-impl.js:104:17)
      at HTMLInputElement.dispatchEvent 
(node_modules/jsdom/lib/jsdom/living/generated/EventTarget.js:241:34)
      at 
node_modules/@testing-library/user-event/dist/cjs/event/dispatchEvent.js:45:43
      at Object.eventWrapper 
(node_modules/@testing-library/dom/dist/config.js:25:23)
      at Object.wrapEvent 
(node_modules/@testing-library/user-event/dist/cjs/event/wrapEvent.js:6:28)
      at Object.dispatchEvent (node_modules/@testing-library/user-event/dist/cj
s/event/dispatchEvent.js:45:22)
      at Object.dispatchUIEvent (node_modules/@testing-library/user-event/dist/
cjs/event/dispatchEvent.js:22:26)
      at commitInput 
(node_modules/@testing-library/user-event/dist/cjs/event/input.js:145:14)
      at editInputElement 
(node_modules/@testing-library/user-event/dist/cjs/event/input.js:115:9)
      at Object.input 
(node_modules/@testing-library/user-event/dist/cjs/event/input.js:37:9)
      at node_modules/@testing-library/user-event/dist/cjs/event/behavior/keypr
ess.js:31:26
      at Object.dispatchEvent (node_modules/@testing-library/user-event/dist/cj
s/event/dispatchEvent.js:41:13)
      at Object.dispatchUIEvent (node_modules/@testing-library/user-event/dist/
cjs/event/dispatchEvent.js:22:26)
      at KeyboardHost.keydown 
(node_modules/@testing-library/user-event/dist/cjs/system/keyboard.js:76:22)
      at keyboardAction 
(node_modules/@testing-library/user-event/dist/cjs/keyboard/index.js:22:35)
      at Object.keyboard 
(node_modules/@testing-library/user-event/dist/cjs/keyboard/index.js:11:15)
      at Object.type 
(node_modules/@testing-library/user-event/dist/cjs/utility/type.js:17:5)
      at Object.<anonymous> (src/auth/auth.test.tsx:137:9)

    console.error
      Warning: An update to LoginForm inside a test was not wrapped in 
act(...).
      
      When testing, code that causes React state updates should be wrapped 
into act(...):
      
      act(() => {
        /* fire events that update state */
      });
      /* assert on the output */
      
      This ensures that you're testing the behavior the user would see in the 
browser. Learn more at https://reactjs.org/link/wrap-tests-with-act
          at LoginForm (C:\Users\samhe\OneDrive\Desktop\Cleaned\frontend\src\au
th\LoginForm\LoginForm.tsx:41:33)
          at div
          at div
          at LoginPage
          at routeContext (C:\Users\samhe\OneDrive\Desktop\Cleaned\frontend\nod
e_modules\react-router\lib\hooks.tsx:658:26)
          at children (C:\Users\samhe\OneDrive\Desktop\Cleaned\frontend\node_mo
dules\react-router\lib\components.tsx:512:3)
          at basenameProp (C:\Users\samhe\OneDrive\Desktop\Cleaned\frontend\nod
e_modules\react-router\lib\components.tsx:421:13)
          at basename (C:\Users\samhe\OneDrive\Desktop\Cleaned\frontend\node_mo
dules\react-router\lib\components.tsx:225:3)

      123 |                     placeholder="email@company.com"
      124 |                     value={email}
    > 125 |                     onChange={(e) => setEmail(e.target.value)}
          |                                      ^
      126 |                     className="w-full rounded-md border 
border-gray-300 px-3 py-2 text-sm focus:outline-none focus:ring-2 
focus:ring-gray-900 disabled:opacity-50"
      127 |                 />
      128 |             </div>

      at printWarning 
(node_modules/react-dom/cjs/react-dom.development.js:86:30)
      at error (node_modules/react-dom/cjs/react-dom.development.js:60:7)
      at warnIfUpdatesNotWrappedWithActDEV 
(node_modules/react-dom/cjs/react-dom.development.js:27628:9)
      at scheduleUpdateOnFiber 
(node_modules/react-dom/cjs/react-dom.development.js:25547:5)
      at dispatchSetState 
(node_modules/react-dom/cjs/react-dom.development.js:16708:7)
      at onChange (src/auth/LoginForm/LoginForm.tsx:125:38)
      at HTMLUnknownElement.callCallback 
(node_modules/react-dom/cjs/react-dom.development.js:4164:14)
      at HTMLUnknownElement.callTheUserObjectsOperation 
(node_modules/jsdom/lib/jsdom/living/generated/EventListener.js:26:30)
      at innerInvokeEventListeners 
(node_modules/jsdom/lib/jsdom/living/events/EventTarget-impl.js:350:25)
      at invokeEventListeners 
(node_modules/jsdom/lib/jsdom/living/events/EventTarget-impl.js:286:3)
      at HTMLUnknownElementImpl._dispatch 
(node_modules/jsdom/lib/jsdom/living/events/EventTarget-impl.js:233:9)
      at HTMLUnknownElementImpl.dispatchEvent 
(node_modules/jsdom/lib/jsdom/living/events/EventTarget-impl.js:104:17)
      at HTMLUnknownElement.dispatchEvent 
(node_modules/jsdom/lib/jsdom/living/generated/EventTarget.js:241:34)
      at Object.invokeGuardedCallbackDev 
(node_modules/react-dom/cjs/react-dom.development.js:4213:16)
      at invokeGuardedCallback 
(node_modules/react-dom/cjs/react-dom.development.js:4277:31)
      at invokeGuardedCallbackAndCatchFirstError 
(node_modules/react-dom/cjs/react-dom.development.js:4291:25)
      at executeDispatch 
(node_modules/react-dom/cjs/react-dom.development.js:9041:3)
      at processDispatchQueueItemsInOrder 
(node_modules/react-dom/cjs/react-dom.development.js:9073:7)
      at processDispatchQueue 
(node_modules/react-dom/cjs/react-dom.development.js:9086:5)
      at dispatchEventsForPlugins 
(node_modules/react-dom/cjs/react-dom.development.js:9097:3)
      at node_modules/react-dom/cjs/react-dom.development.js:9288:12
      at batchedUpdates$1 
(node_modules/react-dom/cjs/react-dom.development.js:26179:12)
      at batchedUpdates 
(node_modules/react-dom/cjs/react-dom.development.js:3991:12)
      at dispatchEventForPluginEventSystem 
(node_modules/react-dom/cjs/react-dom.development.js:9287:3)
      at dispatchEventWithEnableCapturePhaseSelectiveHydrationWithoutDiscreteEv
entReplay (node_modules/react-dom/cjs/react-dom.development.js:6465:5)
      at dispatchEvent 
(node_modules/react-dom/cjs/react-dom.development.js:6457:5)
      at dispatchDiscreteEvent 
(node_modules/react-dom/cjs/react-dom.development.js:6430:5)
      at HTMLDivElement.callTheUserObjectsOperation 
(node_modules/jsdom/lib/jsdom/living/generated/EventListener.js:26:30)
      at innerInvokeEventListeners 
(node_modules/jsdom/lib/jsdom/living/events/EventTarget-impl.js:350:25)
      at invokeEventListeners 
(node_modules/jsdom/lib/jsdom/living/events/EventTarget-impl.js:286:3)
      at HTMLInputElementImpl._dispatch 
(node_modules/jsdom/lib/jsdom/living/events/EventTarget-impl.js:233:9)
      at HTMLInputElementImpl.dispatchEvent 
(node_modules/jsdom/lib/jsdom/living/events/EventTarget-impl.js:104:17)
      at HTMLInputElement.dispatchEvent 
(node_modules/jsdom/lib/jsdom/living/generated/EventTarget.js:241:34)
      at 
node_modules/@testing-library/user-event/dist/cjs/event/dispatchEvent.js:45:43
      at Object.eventWrapper 
(node_modules/@testing-library/dom/dist/config.js:25:23)
      at Object.wrapEvent 
(node_modules/@testing-library/user-event/dist/cjs/event/wrapEvent.js:6:28)
      at Object.dispatchEvent (node_modules/@testing-library/user-event/dist/cj
s/event/dispatchEvent.js:45:22)
      at Object.dispatchUIEvent (node_modules/@testing-library/user-event/dist/
cjs/event/dispatchEvent.js:22:26)
      at commitInput 
(node_modules/@testing-library/user-event/dist/cjs/event/input.js:145:14)
      at editInputElement 
(node_modules/@testing-library/user-event/dist/cjs/event/input.js:115:9)
      at Object.input 
(node_modules/@testing-library/user-event/dist/cjs/event/input.js:37:9)
      at node_modules/@testing-library/user-event/dist/cjs/event/behavior/keypr
ess.js:31:26
      at Object.dispatchEvent (node_modules/@testing-library/user-event/dist/cj
s/event/dispatchEvent.js:41:13)
      at Object.dispatchUIEvent (node_modules/@testing-library/user-event/dist/
cjs/event/dispatchEvent.js:22:26)
      at KeyboardHost.keydown 
(node_modules/@testing-library/user-event/dist/cjs/system/keyboard.js:76:22)
      at keyboardAction 
(node_modules/@testing-library/user-event/dist/cjs/keyboard/index.js:22:35)
      at Object.keyboard 
(node_modules/@testing-library/user-event/dist/cjs/keyboard/index.js:11:15)
      at Object.type 
(node_modules/@testing-library/user-event/dist/cjs/utility/type.js:17:5)
      at Object.<anonymous> (src/auth/auth.test.tsx:137:9)

    console.error
      Warning: An update to LoginForm inside a test was not wrapped in 
act(...).
      
      When testing, code that causes React state updates should be wrapped 
into act(...):
      
      act(() => {
        /* fire events that update state */
      });
      /* assert on the output */
      
      This ensures that you're testing the behavior the user would see in the 
browser. Learn more at https://reactjs.org/link/wrap-tests-with-act
          at LoginForm (C:\Users\samhe\OneDrive\Desktop\Cleaned\frontend\src\au
th\LoginForm\LoginForm.tsx:41:33)
          at div
          at div
          at LoginPage
          at routeContext (C:\Users\samhe\OneDrive\Desktop\Cleaned\frontend\nod
e_modules\react-router\lib\hooks.tsx:658:26)
          at children (C:\Users\samhe\OneDrive\Desktop\Cleaned\frontend\node_mo
dules\react-router\lib\components.tsx:512:3)
          at basenameProp (C:\Users\samhe\OneDrive\Desktop\Cleaned\frontend\nod
e_modules\react-router\lib\components.tsx:421:13)
          at basename (C:\Users\samhe\OneDrive\Desktop\Cleaned\frontend\node_mo
dules\react-router\lib\components.tsx:225:3)

      123 |                     placeholder="email@company.com"
      124 |                     value={email}
    > 125 |                     onChange={(e) => setEmail(e.target.value)}
          |                                      ^
      126 |                     className="w-full rounded-md border 
border-gray-300 px-3 py-2 text-sm focus:outline-none focus:ring-2 
focus:ring-gray-900 disabled:opacity-50"
      127 |                 />
      128 |             </div>

      at printWarning 
(node_modules/react-dom/cjs/react-dom.development.js:86:30)
      at error (node_modules/react-dom/cjs/react-dom.development.js:60:7)
      at warnIfUpdatesNotWrappedWithActDEV 
(node_modules/react-dom/cjs/react-dom.development.js:27628:9)
      at scheduleUpdateOnFiber 
(node_modules/react-dom/cjs/react-dom.development.js:25547:5)
      at dispatchSetState 
(node_modules/react-dom/cjs/react-dom.development.js:16708:7)
      at onChange (src/auth/LoginForm/LoginForm.tsx:125:38)
      at HTMLUnknownElement.callCallback 
(node_modules/react-dom/cjs/react-dom.development.js:4164:14)
      at HTMLUnknownElement.callTheUserObjectsOperation 
(node_modules/jsdom/lib/jsdom/living/generated/EventListener.js:26:30)
      at innerInvokeEventListeners 
(node_modules/jsdom/lib/jsdom/living/events/EventTarget-impl.js:350:25)
      at invokeEventListeners 
(node_modules/jsdom/lib/jsdom/living/events/EventTarget-impl.js:286:3)
      at HTMLUnknownElementImpl._dispatch 
(node_modules/jsdom/lib/jsdom/living/events/EventTarget-impl.js:233:9)
      at HTMLUnknownElementImpl.dispatchEvent 
(node_modules/jsdom/lib/jsdom/living/events/EventTarget-impl.js:104:17)
      at HTMLUnknownElement.dispatchEvent 
(node_modules/jsdom/lib/jsdom/living/generated/EventTarget.js:241:34)
      at Object.invokeGuardedCallbackDev 
(node_modules/react-dom/cjs/react-dom.development.js:4213:16)
      at invokeGuardedCallback 
(node_modules/react-dom/cjs/react-dom.development.js:4277:31)
      at invokeGuardedCallbackAndCatchFirstError 
(node_modules/react-dom/cjs/react-dom.development.js:4291:25)
      at executeDispatch 
(node_modules/react-dom/cjs/react-dom.development.js:9041:3)
      at processDispatchQueueItemsInOrder 
(node_modules/react-dom/cjs/react-dom.development.js:9073:7)
      at processDispatchQueue 
(node_modules/react-dom/cjs/react-dom.development.js:9086:5)
      at dispatchEventsForPlugins 
(node_modules/react-dom/cjs/react-dom.development.js:9097:3)
      at node_modules/react-dom/cjs/react-dom.development.js:9288:12
      at batchedUpdates$1 
(node_modules/react-dom/cjs/react-dom.development.js:26179:12)
      at batchedUpdates 
(node_modules/react-dom/cjs/react-dom.development.js:3991:12)
      at dispatchEventForPluginEventSystem 
(node_modules/react-dom/cjs/react-dom.development.js:9287:3)
      at dispatchEventWithEnableCapturePhaseSelectiveHydrationWithoutDiscreteEv
entReplay (node_modules/react-dom/cjs/react-dom.development.js:6465:5)
      at dispatchEvent 
(node_modules/react-dom/cjs/react-dom.development.js:6457:5)
      at dispatchDiscreteEvent 
(node_modules/react-dom/cjs/react-dom.development.js:6430:5)
      at HTMLDivElement.callTheUserObjectsOperation 
(node_modules/jsdom/lib/jsdom/living/generated/EventListener.js:26:30)
      at innerInvokeEventListeners 
(node_modules/jsdom/lib/jsdom/living/events/EventTarget-impl.js:350:25)
      at invokeEventListeners 
(node_modules/jsdom/lib/jsdom/living/events/EventTarget-impl.js:286:3)
      at HTMLInputElementImpl._dispatch 
(node_modules/jsdom/lib/jsdom/living/events/EventTarget-impl.js:233:9)
      at HTMLInputElementImpl.dispatchEvent 
(node_modules/jsdom/lib/jsdom/living/events/EventTarget-impl.js:104:17)
      at HTMLInputElement.dispatchEvent 
(node_modules/jsdom/lib/jsdom/living/generated/EventTarget.js:241:34)
      at 
node_modules/@testing-library/user-event/dist/cjs/event/dispatchEvent.js:45:43
      at Object.eventWrapper 
(node_modules/@testing-library/dom/dist/config.js:25:23)
      at Object.wrapEvent 
(node_modules/@testing-library/user-event/dist/cjs/event/wrapEvent.js:6:28)
      at Object.dispatchEvent (node_modules/@testing-library/user-event/dist/cj
s/event/dispatchEvent.js:45:22)
      at Object.dispatchUIEvent (node_modules/@testing-library/user-event/dist/
cjs/event/dispatchEvent.js:22:26)
      at commitInput 
(node_modules/@testing-library/user-event/dist/cjs/event/input.js:145:14)
      at editInputElement 
(node_modules/@testing-library/user-event/dist/cjs/event/input.js:115:9)
      at Object.input 
(node_modules/@testing-library/user-event/dist/cjs/event/input.js:37:9)
      at node_modules/@testing-library/user-event/dist/cjs/event/behavior/keypr
ess.js:31:26
      at Object.dispatchEvent (node_modules/@testing-library/user-event/dist/cj
s/event/dispatchEvent.js:41:13)
      at Object.dispatchUIEvent (node_modules/@testing-library/user-event/dist/
cjs/event/dispatchEvent.js:22:26)
      at KeyboardHost.keydown 
(node_modules/@testing-library/user-event/dist/cjs/system/keyboard.js:76:22)
      at keyboardAction 
(node_modules/@testing-library/user-event/dist/cjs/keyboard/index.js:22:35)
      at Object.keyboard 
(node_modules/@testing-library/user-event/dist/cjs/keyboard/index.js:11:15)
      at Object.type 
(node_modules/@testing-library/user-event/dist/cjs/utility/type.js:17:5)
      at Object.<anonymous> (src/auth/auth.test.tsx:137:9)

    console.error
      Warning: An update to LoginForm inside a test was not wrapped in 
act(...).
      
      When testing, code that causes React state updates should be wrapped 
into act(...):
      
      act(() => {
        /* fire events that update state */
      });
      /* assert on the output */
      
      This ensures that you're testing the behavior the user would see in the 
browser. Learn more at https://reactjs.org/link/wrap-tests-with-act
          at LoginForm (C:\Users\samhe\OneDrive\Desktop\Cleaned\frontend\src\au
th\LoginForm\LoginForm.tsx:41:33)
          at div
          at div
          at LoginPage
          at routeContext (C:\Users\samhe\OneDrive\Desktop\Cleaned\frontend\nod
e_modules\react-router\lib\hooks.tsx:658:26)
          at children (C:\Users\samhe\OneDrive\Desktop\Cleaned\frontend\node_mo
dules\react-router\lib\components.tsx:512:3)
          at basenameProp (C:\Users\samhe\OneDrive\Desktop\Cleaned\frontend\nod
e_modules\react-router\lib\components.tsx:421:13)
          at basename (C:\Users\samhe\OneDrive\Desktop\Cleaned\frontend\node_mo
dules\react-router\lib\components.tsx:225:3)

      123 |                     placeholder="email@company.com"
      124 |                     value={email}
    > 125 |                     onChange={(e) => setEmail(e.target.value)}
          |                                      ^
      126 |                     className="w-full rounded-md border 
border-gray-300 px-3 py-2 text-sm focus:outline-none focus:ring-2 
focus:ring-gray-900 disabled:opacity-50"
      127 |                 />
      128 |             </div>

      at printWarning 
(node_modules/react-dom/cjs/react-dom.development.js:86:30)
      at error (node_modules/react-dom/cjs/react-dom.development.js:60:7)
      at warnIfUpdatesNotWrappedWithActDEV 
(node_modules/react-dom/cjs/react-dom.development.js:27628:9)
      at scheduleUpdateOnFiber 
(node_modules/react-dom/cjs/react-dom.development.js:25547:5)
      at dispatchSetState 
(node_modules/react-dom/cjs/react-dom.development.js:16708:7)
      at onChange (src/auth/LoginForm/LoginForm.tsx:125:38)
      at HTMLUnknownElement.callCallback 
(node_modules/react-dom/cjs/react-dom.development.js:4164:14)
      at HTMLUnknownElement.callTheUserObjectsOperation 
(node_modules/jsdom/lib/jsdom/living/generated/EventListener.js:26:30)
      at innerInvokeEventListeners 
(node_modules/jsdom/lib/jsdom/living/events/EventTarget-impl.js:350:25)
      at invokeEventListeners 
(node_modules/jsdom/lib/jsdom/living/events/EventTarget-impl.js:286:3)
      at HTMLUnknownElementImpl._dispatch 
(node_modules/jsdom/lib/jsdom/living/events/EventTarget-impl.js:233:9)
      at HTMLUnknownElementImpl.dispatchEvent 
(node_modules/jsdom/lib/jsdom/living/events/EventTarget-impl.js:104:17)
      at HTMLUnknownElement.dispatchEvent 
(node_modules/jsdom/lib/jsdom/living/generated/EventTarget.js:241:34)
      at Object.invokeGuardedCallbackDev 
(node_modules/react-dom/cjs/react-dom.development.js:4213:16)
      at invokeGuardedCallback 
(node_modules/react-dom/cjs/react-dom.development.js:4277:31)
      at invokeGuardedCallbackAndCatchFirstError 
(node_modules/react-dom/cjs/react-dom.development.js:4291:25)
      at executeDispatch 
(node_modules/react-dom/cjs/react-dom.development.js:9041:3)
      at processDispatchQueueItemsInOrder 
(node_modules/react-dom/cjs/react-dom.development.js:9073:7)
      at processDispatchQueue 
(node_modules/react-dom/cjs/react-dom.development.js:9086:5)
      at dispatchEventsForPlugins 
(node_modules/react-dom/cjs/react-dom.development.js:9097:3)
      at node_modules/react-dom/cjs/react-dom.development.js:9288:12
      at batchedUpdates$1 
(node_modules/react-dom/cjs/react-dom.development.js:26179:12)
      at batchedUpdates 
(node_modules/react-dom/cjs/react-dom.development.js:3991:12)
      at dispatchEventForPluginEventSystem 
(node_modules/react-dom/cjs/react-dom.development.js:9287:3)
      at dispatchEventWithEnableCapturePhaseSelectiveHydrationWithoutDiscreteEv
entReplay (node_modules/react-dom/cjs/react-dom.development.js:6465:5)
      at dispatchEvent 
(node_modules/react-dom/cjs/react-dom.development.js:6457:5)
      at dispatchDiscreteEvent 
(node_modules/react-dom/cjs/react-dom.development.js:6430:5)
      at HTMLDivElement.callTheUserObjectsOperation 
(node_modules/jsdom/lib/jsdom/living/generated/EventListener.js:26:30)
      at innerInvokeEventListeners 
(node_modules/jsdom/lib/jsdom/living/events/EventTarget-impl.js:350:25)
      at invokeEventListeners 
(node_modules/jsdom/lib/jsdom/living/events/EventTarget-impl.js:286:3)
      at HTMLInputElementImpl._dispatch 
(node_modules/jsdom/lib/jsdom/living/events/EventTarget-impl.js:233:9)
      at HTMLInputElementImpl.dispatchEvent 
(node_modules/jsdom/lib/jsdom/living/events/EventTarget-impl.js:104:17)
      at HTMLInputElement.dispatchEvent 
(node_modules/jsdom/lib/jsdom/living/generated/EventTarget.js:241:34)
      at 
node_modules/@testing-library/user-event/dist/cjs/event/dispatchEvent.js:45:43
      at Object.eventWrapper 
(node_modules/@testing-library/dom/dist/config.js:25:23)
      at Object.wrapEvent 
(node_modules/@testing-library/user-event/dist/cjs/event/wrapEvent.js:6:28)
      at Object.dispatchEvent (node_modules/@testing-library/user-event/dist/cj
s/event/dispatchEvent.js:45:22)
      at Object.dispatchUIEvent (node_modules/@testing-library/user-event/dist/
cjs/event/dispatchEvent.js:22:26)
      at commitInput 
(node_modules/@testing-library/user-event/dist/cjs/event/input.js:145:14)
      at editInputElement 
(node_modules/@testing-library/user-event/dist/cjs/event/input.js:115:9)
      at Object.input 
(node_modules/@testing-library/user-event/dist/cjs/event/input.js:37:9)
      at node_modules/@testing-library/user-event/dist/cjs/event/behavior/keypr
ess.js:31:26
      at Object.dispatchEvent (node_modules/@testing-library/user-event/dist/cj
s/event/dispatchEvent.js:41:13)
      at Object.dispatchUIEvent (node_modules/@testing-library/user-event/dist/
cjs/event/dispatchEvent.js:22:26)
      at KeyboardHost.keydown 
(node_modules/@testing-library/user-event/dist/cjs/system/keyboard.js:76:22)
      at keyboardAction 
(node_modules/@testing-library/user-event/dist/cjs/keyboard/index.js:22:35)
      at Object.keyboard 
(node_modules/@testing-library/user-event/dist/cjs/keyboard/index.js:11:15)
      at Object.type 
(node_modules/@testing-library/user-event/dist/cjs/utility/type.js:17:5)
      at Object.<anonymous> (src/auth/auth.test.tsx:137:9)

    console.error
      Warning: An update to LoginForm inside a test was not wrapped in 
act(...).
      
      When testing, code that causes React state updates should be wrapped 
into act(...):
      
      act(() => {
        /* fire events that update state */
      });
      /* assert on the output */
      
      This ensures that you're testing the behavior the user would see in the 
browser. Learn more at https://reactjs.org/link/wrap-tests-with-act
          at LoginForm (C:\Users\samhe\OneDrive\Desktop\Cleaned\frontend\src\au
th\LoginForm\LoginForm.tsx:41:33)
          at div
          at div
          at LoginPage
          at routeContext (C:\Users\samhe\OneDrive\Desktop\Cleaned\frontend\nod
e_modules\react-router\lib\hooks.tsx:658:26)
          at children (C:\Users\samhe\OneDrive\Desktop\Cleaned\frontend\node_mo
dules\react-router\lib\components.tsx:512:3)
          at basenameProp (C:\Users\samhe\OneDrive\Desktop\Cleaned\frontend\nod
e_modules\react-router\lib\components.tsx:421:13)
          at basename (C:\Users\samhe\OneDrive\Desktop\Cleaned\frontend\node_mo
dules\react-router\lib\components.tsx:225:3)

      123 |                     placeholder="email@company.com"
      124 |                     value={email}
    > 125 |                     onChange={(e) => setEmail(e.target.value)}
          |                                      ^
      126 |                     className="w-full rounded-md border 
border-gray-300 px-3 py-2 text-sm focus:outline-none focus:ring-2 
focus:ring-gray-900 disabled:opacity-50"
      127 |                 />
      128 |             </div>

      at printWarning 
(node_modules/react-dom/cjs/react-dom.development.js:86:30)
      at error (node_modules/react-dom/cjs/react-dom.development.js:60:7)
      at warnIfUpdatesNotWrappedWithActDEV 
(node_modules/react-dom/cjs/react-dom.development.js:27628:9)
      at scheduleUpdateOnFiber 
(node_modules/react-dom/cjs/react-dom.development.js:25547:5)
      at dispatchSetState 
(node_modules/react-dom/cjs/react-dom.development.js:16708:7)
      at onChange (src/auth/LoginForm/LoginForm.tsx:125:38)
      at HTMLUnknownElement.callCallback 
(node_modules/react-dom/cjs/react-dom.development.js:4164:14)
      at HTMLUnknownElement.callTheUserObjectsOperation 
(node_modules/jsdom/lib/jsdom/living/generated/EventListener.js:26:30)
      at innerInvokeEventListeners 
(node_modules/jsdom/lib/jsdom/living/events/EventTarget-impl.js:350:25)
      at invokeEventListeners 
(node_modules/jsdom/lib/jsdom/living/events/EventTarget-impl.js:286:3)
      at HTMLUnknownElementImpl._dispatch 
(node_modules/jsdom/lib/jsdom/living/events/EventTarget-impl.js:233:9)
      at HTMLUnknownElementImpl.dispatchEvent 
(node_modules/jsdom/lib/jsdom/living/events/EventTarget-impl.js:104:17)
      at HTMLUnknownElement.dispatchEvent 
(node_modules/jsdom/lib/jsdom/living/generated/EventTarget.js:241:34)
      at Object.invokeGuardedCallbackDev 
(node_modules/react-dom/cjs/react-dom.development.js:4213:16)
      at invokeGuardedCallback 
(node_modules/react-dom/cjs/react-dom.development.js:4277:31)
      at invokeGuardedCallbackAndCatchFirstError 
(node_modules/react-dom/cjs/react-dom.development.js:4291:25)
      at executeDispatch 
(node_modules/react-dom/cjs/react-dom.development.js:9041:3)
      at processDispatchQueueItemsInOrder 
(node_modules/react-dom/cjs/react-dom.development.js:9073:7)
      at processDispatchQueue 
(node_modules/react-dom/cjs/react-dom.development.js:9086:5)
      at dispatchEventsForPlugins 
(node_modules/react-dom/cjs/react-dom.development.js:9097:3)
      at node_modules/react-dom/cjs/react-dom.development.js:9288:12
      at batchedUpdates$1 
(node_modules/react-dom/cjs/react-dom.development.js:26179:12)
      at batchedUpdates 
(node_modules/react-dom/cjs/react-dom.development.js:3991:12)
      at dispatchEventForPluginEventSystem 
(node_modules/react-dom/cjs/react-dom.development.js:9287:3)
      at dispatchEventWithEnableCapturePhaseSelectiveHydrationWithoutDiscreteEv
entReplay (node_modules/react-dom/cjs/react-dom.development.js:6465:5)
      at dispatchEvent 
(node_modules/react-dom/cjs/react-dom.development.js:6457:5)
      at dispatchDiscreteEvent 
(node_modules/react-dom/cjs/react-dom.development.js:6430:5)
      at HTMLDivElement.callTheUserObjectsOperation 
(node_modules/jsdom/lib/jsdom/living/generated/EventListener.js:26:30)
      at innerInvokeEventListeners 
(node_modules/jsdom/lib/jsdom/living/events/EventTarget-impl.js:350:25)
      at invokeEventListeners 
(node_modules/jsdom/lib/jsdom/living/events/EventTarget-impl.js:286:3)
      at HTMLInputElementImpl._dispatch 
(node_modules/jsdom/lib/jsdom/living/events/EventTarget-impl.js:233:9)
      at HTMLInputElementImpl.dispatchEvent 
(node_modules/jsdom/lib/jsdom/living/events/EventTarget-impl.js:104:17)
      at HTMLInputElement.dispatchEvent 
(node_modules/jsdom/lib/jsdom/living/generated/EventTarget.js:241:34)
      at 
node_modules/@testing-library/user-event/dist/cjs/event/dispatchEvent.js:45:43
      at Object.eventWrapper 
(node_modules/@testing-library/dom/dist/config.js:25:23)
      at Object.wrapEvent 
(node_modules/@testing-library/user-event/dist/cjs/event/wrapEvent.js:6:28)
      at Object.dispatchEvent (node_modules/@testing-library/user-event/dist/cj
s/event/dispatchEvent.js:45:22)
      at Object.dispatchUIEvent (node_modules/@testing-library/user-event/dist/
cjs/event/dispatchEvent.js:22:26)
      at commitInput 
(node_modules/@testing-library/user-event/dist/cjs/event/input.js:145:14)
      at editInputElement 
(node_modules/@testing-library/user-event/dist/cjs/event/input.js:115:9)
      at Object.input 
(node_modules/@testing-library/user-event/dist/cjs/event/input.js:37:9)
      at node_modules/@testing-library/user-event/dist/cjs/event/behavior/keypr
ess.js:31:26
      at Object.dispatchEvent (node_modules/@testing-library/user-event/dist/cj
s/event/dispatchEvent.js:41:13)
      at Object.dispatchUIEvent (node_modules/@testing-library/user-event/dist/
cjs/event/dispatchEvent.js:22:26)
      at KeyboardHost.keydown 
(node_modules/@testing-library/user-event/dist/cjs/system/keyboard.js:76:22)
      at keyboardAction 
(node_modules/@testing-library/user-event/dist/cjs/keyboard/index.js:22:35)
      at Object.keyboard 
(node_modules/@testing-library/user-event/dist/cjs/keyboard/index.js:11:15)
      at Object.type 
(node_modules/@testing-library/user-event/dist/cjs/utility/type.js:17:5)
      at Object.<anonymous> (src/auth/auth.test.tsx:137:9)

    console.error
      Warning: An update to LoginForm inside a test was not wrapped in 
act(...).
      
      When testing, code that causes React state updates should be wrapped 
into act(...):
      
      act(() => {
        /* fire events that update state */
      });
      /* assert on the output */
      
      This ensures that you're testing the behavior the user would see in the 
browser. Learn more at https://reactjs.org/link/wrap-tests-with-act
          at LoginForm (C:\Users\samhe\OneDrive\Desktop\Cleaned\frontend\src\au
th\LoginForm\LoginForm.tsx:41:33)
          at div
          at div
          at LoginPage
          at routeContext (C:\Users\samhe\OneDrive\Desktop\Cleaned\frontend\nod
e_modules\react-router\lib\hooks.tsx:658:26)
          at children (C:\Users\samhe\OneDrive\Desktop\Cleaned\frontend\node_mo
dules\react-router\lib\components.tsx:512:3)
          at basenameProp (C:\Users\samhe\OneDrive\Desktop\Cleaned\frontend\nod
e_modules\react-router\lib\components.tsx:421:13)
          at basename (C:\Users\samhe\OneDrive\Desktop\Cleaned\frontend\node_mo
dules\react-router\lib\components.tsx:225:3)

      123 |                     placeholder="email@company.com"
      124 |                     value={email}
    > 125 |                     onChange={(e) => setEmail(e.target.value)}
          |                                      ^
      126 |                     className="w-full rounded-md border 
border-gray-300 px-3 py-2 text-sm focus:outline-none focus:ring-2 
focus:ring-gray-900 disabled:opacity-50"
      127 |                 />
      128 |             </div>

      at printWarning 
(node_modules/react-dom/cjs/react-dom.development.js:86:30)
      at error (node_modules/react-dom/cjs/react-dom.development.js:60:7)
      at warnIfUpdatesNotWrappedWithActDEV 
(node_modules/react-dom/cjs/react-dom.development.js:27628:9)
      at scheduleUpdateOnFiber 
(node_modules/react-dom/cjs/react-dom.development.js:25547:5)
      at dispatchSetState 
(node_modules/react-dom/cjs/react-dom.development.js:16708:7)
      at onChange (src/auth/LoginForm/LoginForm.tsx:125:38)
      at HTMLUnknownElement.callCallback 
(node_modules/react-dom/cjs/react-dom.development.js:4164:14)
      at HTMLUnknownElement.callTheUserObjectsOperation 
(node_modules/jsdom/lib/jsdom/living/generated/EventListener.js:26:30)
      at innerInvokeEventListeners 
(node_modules/jsdom/lib/jsdom/living/events/EventTarget-impl.js:350:25)
      at invokeEventListeners 
(node_modules/jsdom/lib/jsdom/living/events/EventTarget-impl.js:286:3)
      at HTMLUnknownElementImpl._dispatch 
(node_modules/jsdom/lib/jsdom/living/events/EventTarget-impl.js:233:9)
      at HTMLUnknownElementImpl.dispatchEvent 
(node_modules/jsdom/lib/jsdom/living/events/EventTarget-impl.js:104:17)
      at HTMLUnknownElement.dispatchEvent 
(node_modules/jsdom/lib/jsdom/living/generated/EventTarget.js:241:34)
      at Object.invokeGuardedCallbackDev 
(node_modules/react-dom/cjs/react-dom.development.js:4213:16)
      at invokeGuardedCallback 
(node_modules/react-dom/cjs/react-dom.development.js:4277:31)
      at invokeGuardedCallbackAndCatchFirstError 
(node_modules/react-dom/cjs/react-dom.development.js:4291:25)
      at executeDispatch 
(node_modules/react-dom/cjs/react-dom.development.js:9041:3)
      at processDispatchQueueItemsInOrder 
(node_modules/react-dom/cjs/react-dom.development.js:9073:7)
      at processDispatchQueue 
(node_modules/react-dom/cjs/react-dom.development.js:9086:5)
      at dispatchEventsForPlugins 
(node_modules/react-dom/cjs/react-dom.development.js:9097:3)
      at node_modules/react-dom/cjs/react-dom.development.js:9288:12
      at batchedUpdates$1 
(node_modules/react-dom/cjs/react-dom.development.js:26179:12)
      at batchedUpdates 
(node_modules/react-dom/cjs/react-dom.development.js:3991:12)
      at dispatchEventForPluginEventSystem 
(node_modules/react-dom/cjs/react-dom.development.js:9287:3)
      at dispatchEventWithEnableCapturePhaseSelectiveHydrationWithoutDiscreteEv
entReplay (node_modules/react-dom/cjs/react-dom.development.js:6465:5)
      at dispatchEvent 
(node_modules/react-dom/cjs/react-dom.development.js:6457:5)
      at dispatchDiscreteEvent 
(node_modules/react-dom/cjs/react-dom.development.js:6430:5)
      at HTMLDivElement.callTheUserObjectsOperation 
(node_modules/jsdom/lib/jsdom/living/generated/EventListener.js:26:30)
      at innerInvokeEventListeners 
(node_modules/jsdom/lib/jsdom/living/events/EventTarget-impl.js:350:25)
      at invokeEventListeners 
(node_modules/jsdom/lib/jsdom/living/events/EventTarget-impl.js:286:3)
      at HTMLInputElementImpl._dispatch 
(node_modules/jsdom/lib/jsdom/living/events/EventTarget-impl.js:233:9)
      at HTMLInputElementImpl.dispatchEvent 
(node_modules/jsdom/lib/jsdom/living/events/EventTarget-impl.js:104:17)
      at HTMLInputElement.dispatchEvent 
(node_modules/jsdom/lib/jsdom/living/generated/EventTarget.js:241:34)
      at 
node_modules/@testing-library/user-event/dist/cjs/event/dispatchEvent.js:45:43
      at Object.eventWrapper 
(node_modules/@testing-library/dom/dist/config.js:25:23)
      at Object.wrapEvent 
(node_modules/@testing-library/user-event/dist/cjs/event/wrapEvent.js:6:28)
      at Object.dispatchEvent (node_modules/@testing-library/user-event/dist/cj
s/event/dispatchEvent.js:45:22)
      at Object.dispatchUIEvent (node_modules/@testing-library/user-event/dist/
cjs/event/dispatchEvent.js:22:26)
      at commitInput 
(node_modules/@testing-library/user-event/dist/cjs/event/input.js:145:14)
      at editInputElement 
(node_modules/@testing-library/user-event/dist/cjs/event/input.js:115:9)
      at Object.input 
(node_modules/@testing-library/user-event/dist/cjs/event/input.js:37:9)
      at node_modules/@testing-library/user-event/dist/cjs/event/behavior/keypr
ess.js:31:26
      at Object.dispatchEvent (node_modules/@testing-library/user-event/dist/cj
s/event/dispatchEvent.js:41:13)
      at Object.dispatchUIEvent (node_modules/@testing-library/user-event/dist/
cjs/event/dispatchEvent.js:22:26)
      at KeyboardHost.keydown 
(node_modules/@testing-library/user-event/dist/cjs/system/keyboard.js:76:22)
      at keyboardAction 
(node_modules/@testing-library/user-event/dist/cjs/keyboard/index.js:22:35)
      at Object.keyboard 
(node_modules/@testing-library/user-event/dist/cjs/keyboard/index.js:11:15)
      at Object.type 
(node_modules/@testing-library/user-event/dist/cjs/utility/type.js:17:5)
      at Object.<anonymous> (src/auth/auth.test.tsx:137:9)

    console.error
      Warning: An update to LoginForm inside a test was not wrapped in 
act(...).
      
      When testing, code that causes React state updates should be wrapped 
into act(...):
      
      act(() => {
        /* fire events that update state */
      });
      /* assert on the output */
      
      This ensures that you're testing the behavior the user would see in the 
browser. Learn more at https://reactjs.org/link/wrap-tests-with-act
          at LoginForm (C:\Users\samhe\OneDrive\Desktop\Cleaned\frontend\src\au
th\LoginForm\LoginForm.tsx:41:33)
          at div
          at div
          at LoginPage
          at routeContext (C:\Users\samhe\OneDrive\Desktop\Cleaned\frontend\nod
e_modules\react-router\lib\hooks.tsx:658:26)
          at children (C:\Users\samhe\OneDrive\Desktop\Cleaned\frontend\node_mo
dules\react-router\lib\components.tsx:512:3)
          at basenameProp (C:\Users\samhe\OneDrive\Desktop\Cleaned\frontend\nod
e_modules\react-router\lib\components.tsx:421:13)
          at basename (C:\Users\samhe\OneDrive\Desktop\Cleaned\frontend\node_mo
dules\react-router\lib\components.tsx:225:3)

      123 |                     placeholder="email@company.com"
      124 |                     value={email}
    > 125 |                     onChange={(e) => setEmail(e.target.value)}
          |                                      ^
      126 |                     className="w-full rounded-md border 
border-gray-300 px-3 py-2 text-sm focus:outline-none focus:ring-2 
focus:ring-gray-900 disabled:opacity-50"
      127 |                 />
      128 |             </div>

      at printWarning 
(node_modules/react-dom/cjs/react-dom.development.js:86:30)
      at error (node_modules/react-dom/cjs/react-dom.development.js:60:7)
      at warnIfUpdatesNotWrappedWithActDEV 
(node_modules/react-dom/cjs/react-dom.development.js:27628:9)
      at scheduleUpdateOnFiber 
(node_modules/react-dom/cjs/react-dom.development.js:25547:5)
      at dispatchSetState 
(node_modules/react-dom/cjs/react-dom.development.js:16708:7)
      at onChange (src/auth/LoginForm/LoginForm.tsx:125:38)
      at HTMLUnknownElement.callCallback 
(node_modules/react-dom/cjs/react-dom.development.js:4164:14)
      at HTMLUnknownElement.callTheUserObjectsOperation 
(node_modules/jsdom/lib/jsdom/living/generated/EventListener.js:26:30)
      at innerInvokeEventListeners 
(node_modules/jsdom/lib/jsdom/living/events/EventTarget-impl.js:350:25)
      at invokeEventListeners 
(node_modules/jsdom/lib/jsdom/living/events/EventTarget-impl.js:286:3)
      at HTMLUnknownElementImpl._dispatch 
(node_modules/jsdom/lib/jsdom/living/events/EventTarget-impl.js:233:9)
      at HTMLUnknownElementImpl.dispatchEvent 
(node_modules/jsdom/lib/jsdom/living/events/EventTarget-impl.js:104:17)
      at HTMLUnknownElement.dispatchEvent 
(node_modules/jsdom/lib/jsdom/living/generated/EventTarget.js:241:34)
      at Object.invokeGuardedCallbackDev 
(node_modules/react-dom/cjs/react-dom.development.js:4213:16)
      at invokeGuardedCallback 
(node_modules/react-dom/cjs/react-dom.development.js:4277:31)
      at invokeGuardedCallbackAndCatchFirstError 
(node_modules/react-dom/cjs/react-dom.development.js:4291:25)
      at executeDispatch 
(node_modules/react-dom/cjs/react-dom.development.js:9041:3)
      at processDispatchQueueItemsInOrder 
(node_modules/react-dom/cjs/react-dom.development.js:9073:7)
      at processDispatchQueue 
(node_modules/react-dom/cjs/react-dom.development.js:9086:5)
      at dispatchEventsForPlugins 
(node_modules/react-dom/cjs/react-dom.development.js:9097:3)
      at node_modules/react-dom/cjs/react-dom.development.js:9288:12
      at batchedUpdates$1 
(node_modules/react-dom/cjs/react-dom.development.js:26179:12)
      at batchedUpdates 
(node_modules/react-dom/cjs/react-dom.development.js:3991:12)
      at dispatchEventForPluginEventSystem 
(node_modules/react-dom/cjs/react-dom.development.js:9287:3)
      at dispatchEventWithEnableCapturePhaseSelectiveHydrationWithoutDiscreteEv
entReplay (node_modules/react-dom/cjs/react-dom.development.js:6465:5)
      at dispatchEvent 
(node_modules/react-dom/cjs/react-dom.development.js:6457:5)
      at dispatchDiscreteEvent 
(node_modules/react-dom/cjs/react-dom.development.js:6430:5)
      at HTMLDivElement.callTheUserObjectsOperation 
(node_modules/jsdom/lib/jsdom/living/generated/EventListener.js:26:30)
      at innerInvokeEventListeners 
(node_modules/jsdom/lib/jsdom/living/events/EventTarget-impl.js:350:25)
      at invokeEventListeners 
(node_modules/jsdom/lib/jsdom/living/events/EventTarget-impl.js:286:3)
      at HTMLInputElementImpl._dispatch 
(node_modules/jsdom/lib/jsdom/living/events/EventTarget-impl.js:233:9)
      at HTMLInputElementImpl.dispatchEvent 
(node_modules/jsdom/lib/jsdom/living/events/EventTarget-impl.js:104:17)
      at HTMLInputElement.dispatchEvent 
(node_modules/jsdom/lib/jsdom/living/generated/EventTarget.js:241:34)
      at 
node_modules/@testing-library/user-event/dist/cjs/event/dispatchEvent.js:45:43
      at Object.eventWrapper 
(node_modules/@testing-library/dom/dist/config.js:25:23)
      at Object.wrapEvent 
(node_modules/@testing-library/user-event/dist/cjs/event/wrapEvent.js:6:28)
      at Object.dispatchEvent (node_modules/@testing-library/user-event/dist/cj
s/event/dispatchEvent.js:45:22)
      at Object.dispatchUIEvent (node_modules/@testing-library/user-event/dist/
cjs/event/dispatchEvent.js:22:26)
      at commitInput 
(node_modules/@testing-library/user-event/dist/cjs/event/input.js:145:14)
      at editInputElement 
(node_modules/@testing-library/user-event/dist/cjs/event/input.js:115:9)
      at Object.input 
(node_modules/@testing-library/user-event/dist/cjs/event/input.js:37:9)
      at node_modules/@testing-library/user-event/dist/cjs/event/behavior/keypr
ess.js:31:26
      at Object.dispatchEvent (node_modules/@testing-library/user-event/dist/cj
s/event/dispatchEvent.js:41:13)
      at Object.dispatchUIEvent (node_modules/@testing-library/user-event/dist/
cjs/event/dispatchEvent.js:22:26)
      at KeyboardHost.keydown 
(node_modules/@testing-library/user-event/dist/cjs/system/keyboard.js:76:22)
      at keyboardAction 
(node_modules/@testing-library/user-event/dist/cjs/keyboard/index.js:22:35)
      at Object.keyboard 
(node_modules/@testing-library/user-event/dist/cjs/keyboard/index.js:11:15)
      at Object.type 
(node_modules/@testing-library/user-event/dist/cjs/utility/type.js:17:5)
      at Object.<anonymous> (src/auth/auth.test.tsx:137:9)

    console.error
      Warning: An update to LoginForm inside a test was not wrapped in 
act(...).
      
      When testing, code that causes React state updates should be wrapped 
into act(...):
      
      act(() => {
        /* fire events that update state */
      });
      /* assert on the output */
      
      This ensures that you're testing the behavior the user would see in the 
browser. Learn more at https://reactjs.org/link/wrap-tests-with-act
          at LoginForm (C:\Users\samhe\OneDrive\Desktop\Cleaned\frontend\src\au
th\LoginForm\LoginForm.tsx:41:33)
          at div
          at div
          at LoginPage
          at routeContext (C:\Users\samhe\OneDrive\Desktop\Cleaned\frontend\nod
e_modules\react-router\lib\hooks.tsx:658:26)
          at children (C:\Users\samhe\OneDrive\Desktop\Cleaned\frontend\node_mo
dules\react-router\lib\components.tsx:512:3)
          at basenameProp (C:\Users\samhe\OneDrive\Desktop\Cleaned\frontend\nod
e_modules\react-router\lib\components.tsx:421:13)
          at basename (C:\Users\samhe\OneDrive\Desktop\Cleaned\frontend\node_mo
dules\react-router\lib\components.tsx:225:3)

      123 |                     placeholder="email@company.com"
      124 |                     value={email}
    > 125 |                     onChange={(e) => setEmail(e.target.value)}
          |                                      ^
      126 |                     className="w-full rounded-md border 
border-gray-300 px-3 py-2 text-sm focus:outline-none focus:ring-2 
focus:ring-gray-900 disabled:opacity-50"
      127 |                 />
      128 |             </div>

      at printWarning 
(node_modules/react-dom/cjs/react-dom.development.js:86:30)
      at error (node_modules/react-dom/cjs/react-dom.development.js:60:7)
      at warnIfUpdatesNotWrappedWithActDEV 
(node_modules/react-dom/cjs/react-dom.development.js:27628:9)
      at scheduleUpdateOnFiber 
(node_modules/react-dom/cjs/react-dom.development.js:25547:5)
      at dispatchSetState 
(node_modules/react-dom/cjs/react-dom.development.js:16708:7)
      at onChange (src/auth/LoginForm/LoginForm.tsx:125:38)
      at HTMLUnknownElement.callCallback 
(node_modules/react-dom/cjs/react-dom.development.js:4164:14)
      at HTMLUnknownElement.callTheUserObjectsOperation 
(node_modules/jsdom/lib/jsdom/living/generated/EventListener.js:26:30)
      at innerInvokeEventListeners 
(node_modules/jsdom/lib/jsdom/living/events/EventTarget-impl.js:350:25)
      at invokeEventListeners 
(node_modules/jsdom/lib/jsdom/living/events/EventTarget-impl.js:286:3)
      at HTMLUnknownElementImpl._dispatch 
(node_modules/jsdom/lib/jsdom/living/events/EventTarget-impl.js:233:9)
      at HTMLUnknownElementImpl.dispatchEvent 
(node_modules/jsdom/lib/jsdom/living/events/EventTarget-impl.js:104:17)
      at HTMLUnknownElement.dispatchEvent 
(node_modules/jsdom/lib/jsdom/living/generated/EventTarget.js:241:34)
      at Object.invokeGuardedCallbackDev 
(node_modules/react-dom/cjs/react-dom.development.js:4213:16)
      at invokeGuardedCallback 
(node_modules/react-dom/cjs/react-dom.development.js:4277:31)
      at invokeGuardedCallbackAndCatchFirstError 
(node_modules/react-dom/cjs/react-dom.development.js:4291:25)
      at executeDispatch 
(node_modules/react-dom/cjs/react-dom.development.js:9041:3)
      at processDispatchQueueItemsInOrder 
(node_modules/react-dom/cjs/react-dom.development.js:9073:7)
      at processDispatchQueue 
(node_modules/react-dom/cjs/react-dom.development.js:9086:5)
      at dispatchEventsForPlugins 
(node_modules/react-dom/cjs/react-dom.development.js:9097:3)
      at node_modules/react-dom/cjs/react-dom.development.js:9288:12
      at batchedUpdates$1 
(node_modules/react-dom/cjs/react-dom.development.js:26179:12)
      at batchedUpdates 
(node_modules/react-dom/cjs/react-dom.development.js:3991:12)
      at dispatchEventForPluginEventSystem 
(node_modules/react-dom/cjs/react-dom.development.js:9287:3)
      at dispatchEventWithEnableCapturePhaseSelectiveHydrationWithoutDiscreteEv
entReplay (node_modules/react-dom/cjs/react-dom.development.js:6465:5)
      at dispatchEvent 
(node_modules/react-dom/cjs/react-dom.development.js:6457:5)
      at dispatchDiscreteEvent 
(node_modules/react-dom/cjs/react-dom.development.js:6430:5)
      at HTMLDivElement.callTheUserObjectsOperation 
(node_modules/jsdom/lib/jsdom/living/generated/EventListener.js:26:30)
      at innerInvokeEventListeners 
(node_modules/jsdom/lib/jsdom/living/events/EventTarget-impl.js:350:25)
      at invokeEventListeners 
(node_modules/jsdom/lib/jsdom/living/events/EventTarget-impl.js:286:3)
      at HTMLInputElementImpl._dispatch 
(node_modules/jsdom/lib/jsdom/living/events/EventTarget-impl.js:233:9)
      at HTMLInputElementImpl.dispatchEvent 
(node_modules/jsdom/lib/jsdom/living/events/EventTarget-impl.js:104:17)
      at HTMLInputElement.dispatchEvent 
(node_modules/jsdom/lib/jsdom/living/generated/EventTarget.js:241:34)
      at 
node_modules/@testing-library/user-event/dist/cjs/event/dispatchEvent.js:45:43
      at Object.eventWrapper 
(node_modules/@testing-library/dom/dist/config.js:25:23)
      at Object.wrapEvent 
(node_modules/@testing-library/user-event/dist/cjs/event/wrapEvent.js:6:28)
      at Object.dispatchEvent (node_modules/@testing-library/user-event/dist/cj
s/event/dispatchEvent.js:45:22)
      at Object.dispatchUIEvent (node_modules/@testing-library/user-event/dist/
cjs/event/dispatchEvent.js:22:26)
      at commitInput 
(node_modules/@testing-library/user-event/dist/cjs/event/input.js:145:14)
      at editInputElement 
(node_modules/@testing-library/user-event/dist/cjs/event/input.js:115:9)
      at Object.input 
(node_modules/@testing-library/user-event/dist/cjs/event/input.js:37:9)
      at node_modules/@testing-library/user-event/dist/cjs/event/behavior/keypr
ess.js:31:26
      at Object.dispatchEvent (node_modules/@testing-library/user-event/dist/cj
s/event/dispatchEvent.js:41:13)
      at Object.dispatchUIEvent (node_modules/@testing-library/user-event/dist/
cjs/event/dispatchEvent.js:22:26)
      at KeyboardHost.keydown 
(node_modules/@testing-library/user-event/dist/cjs/system/keyboard.js:76:22)
      at keyboardAction 
(node_modules/@testing-library/user-event/dist/cjs/keyboard/index.js:22:35)
      at Object.keyboard 
(node_modules/@testing-library/user-event/dist/cjs/keyboard/index.js:11:15)
      at Object.type 
(node_modules/@testing-library/user-event/dist/cjs/utility/type.js:17:5)
      at Object.<anonymous> (src/auth/auth.test.tsx:137:9)

    console.error
      Warning: An update to LoginForm inside a test was not wrapped in 
act(...).
      
      When testing, code that causes React state updates should be wrapped 
into act(...):
      
      act(() => {
        /* fire events that update state */
      });
      /* assert on the output */
      
      This ensures that you're testing the behavior the user would see in the 
browser. Learn more at https://reactjs.org/link/wrap-tests-with-act
          at LoginForm (C:\Users\samhe\OneDrive\Desktop\Cleaned\frontend\src\au
th\LoginForm\LoginForm.tsx:41:33)
          at div
          at div
          at LoginPage
          at routeContext (C:\Users\samhe\OneDrive\Desktop\Cleaned\frontend\nod
e_modules\react-router\lib\hooks.tsx:658:26)
          at children (C:\Users\samhe\OneDrive\Desktop\Cleaned\frontend\node_mo
dules\react-router\lib\components.tsx:512:3)
          at basenameProp (C:\Users\samhe\OneDrive\Desktop\Cleaned\frontend\nod
e_modules\react-router\lib\components.tsx:421:13)
          at basename (C:\Users\samhe\OneDrive\Desktop\Cleaned\frontend\node_mo
dules\react-router\lib\components.tsx:225:3)

      123 |                     placeholder="email@company.com"
      124 |                     value={email}
    > 125 |                     onChange={(e) => setEmail(e.target.value)}
          |                                      ^
      126 |                     className="w-full rounded-md border 
border-gray-300 px-3 py-2 text-sm focus:outline-none focus:ring-2 
focus:ring-gray-900 disabled:opacity-50"
      127 |                 />
      128 |             </div>

      at printWarning 
(node_modules/react-dom/cjs/react-dom.development.js:86:30)
      at error (node_modules/react-dom/cjs/react-dom.development.js:60:7)
      at warnIfUpdatesNotWrappedWithActDEV 
(node_modules/react-dom/cjs/react-dom.development.js:27628:9)
      at scheduleUpdateOnFiber 
(node_modules/react-dom/cjs/react-dom.development.js:25547:5)
      at dispatchSetState 
(node_modules/react-dom/cjs/react-dom.development.js:16708:7)
      at onChange (src/auth/LoginForm/LoginForm.tsx:125:38)
      at HTMLUnknownElement.callCallback 
(node_modules/react-dom/cjs/react-dom.development.js:4164:14)
      at HTMLUnknownElement.callTheUserObjectsOperation 
(node_modules/jsdom/lib/jsdom/living/generated/EventListener.js:26:30)
      at innerInvokeEventListeners 
(node_modules/jsdom/lib/jsdom/living/events/EventTarget-impl.js:350:25)
      at invokeEventListeners 
(node_modules/jsdom/lib/jsdom/living/events/EventTarget-impl.js:286:3)
      at HTMLUnknownElementImpl._dispatch 
(node_modules/jsdom/lib/jsdom/living/events/EventTarget-impl.js:233:9)
      at HTMLUnknownElementImpl.dispatchEvent 
(node_modules/jsdom/lib/jsdom/living/events/EventTarget-impl.js:104:17)
      at HTMLUnknownElement.dispatchEvent 
(node_modules/jsdom/lib/jsdom/living/generated/EventTarget.js:241:34)
      at Object.invokeGuardedCallbackDev 
(node_modules/react-dom/cjs/react-dom.development.js:4213:16)
      at invokeGuardedCallback 
(node_modules/react-dom/cjs/react-dom.development.js:4277:31)
      at invokeGuardedCallbackAndCatchFirstError 
(node_modules/react-dom/cjs/react-dom.development.js:4291:25)
      at executeDispatch 
(node_modules/react-dom/cjs/react-dom.development.js:9041:3)
      at processDispatchQueueItemsInOrder 
(node_modules/react-dom/cjs/react-dom.development.js:9073:7)
      at processDispatchQueue 
(node_modules/react-dom/cjs/react-dom.development.js:9086:5)
      at dispatchEventsForPlugins 
(node_modules/react-dom/cjs/react-dom.development.js:9097:3)
      at node_modules/react-dom/cjs/react-dom.development.js:9288:12
      at batchedUpdates$1 
(node_modules/react-dom/cjs/react-dom.development.js:26179:12)
      at batchedUpdates 
(node_modules/react-dom/cjs/react-dom.development.js:3991:12)
      at dispatchEventForPluginEventSystem 
(node_modules/react-dom/cjs/react-dom.development.js:9287:3)
      at dispatchEventWithEnableCapturePhaseSelectiveHydrationWithoutDiscreteEv
entReplay (node_modules/react-dom/cjs/react-dom.development.js:6465:5)
      at dispatchEvent 
(node_modules/react-dom/cjs/react-dom.development.js:6457:5)
      at dispatchDiscreteEvent 
(node_modules/react-dom/cjs/react-dom.development.js:6430:5)
      at HTMLDivElement.callTheUserObjectsOperation 
(node_modules/jsdom/lib/jsdom/living/generated/EventListener.js:26:30)
      at innerInvokeEventListeners 
(node_modules/jsdom/lib/jsdom/living/events/EventTarget-impl.js:350:25)
      at invokeEventListeners 
(node_modules/jsdom/lib/jsdom/living/events/EventTarget-impl.js:286:3)
      at HTMLInputElementImpl._dispatch 
(node_modules/jsdom/lib/jsdom/living/events/EventTarget-impl.js:233:9)
      at HTMLInputElementImpl.dispatchEvent 
(node_modules/jsdom/lib/jsdom/living/events/EventTarget-impl.js:104:17)
      at HTMLInputElement.dispatchEvent 
(node_modules/jsdom/lib/jsdom/living/generated/EventTarget.js:241:34)
      at 
node_modules/@testing-library/user-event/dist/cjs/event/dispatchEvent.js:45:43
      at Object.eventWrapper 
(node_modules/@testing-library/dom/dist/config.js:25:23)
      at Object.wrapEvent 
(node_modules/@testing-library/user-event/dist/cjs/event/wrapEvent.js:6:28)
      at Object.dispatchEvent (node_modules/@testing-library/user-event/dist/cj
s/event/dispatchEvent.js:45:22)
      at Object.dispatchUIEvent (node_modules/@testing-library/user-event/dist/
cjs/event/dispatchEvent.js:22:26)
      at commitInput 
(node_modules/@testing-library/user-event/dist/cjs/event/input.js:145:14)
      at editInputElement 
(node_modules/@testing-library/user-event/dist/cjs/event/input.js:115:9)
      at Object.input 
(node_modules/@testing-library/user-event/dist/cjs/event/input.js:37:9)
      at node_modules/@testing-library/user-event/dist/cjs/event/behavior/keypr
ess.js:31:26
      at Object.dispatchEvent (node_modules/@testing-library/user-event/dist/cj
s/event/dispatchEvent.js:41:13)
      at Object.dispatchUIEvent (node_modules/@testing-library/user-event/dist/
cjs/event/dispatchEvent.js:22:26)
      at KeyboardHost.keydown 
(node_modules/@testing-library/user-event/dist/cjs/system/keyboard.js:76:22)
      at keyboardAction 
(node_modules/@testing-library/user-event/dist/cjs/keyboard/index.js:22:35)
      at Object.keyboard 
(node_modules/@testing-library/user-event/dist/cjs/keyboard/index.js:11:15)
      at Object.type 
(node_modules/@testing-library/user-event/dist/cjs/utility/type.js:17:5)
      at Object.<anonymous> (src/auth/auth.test.tsx:137:9)

    console.error
      Warning: An update to LoginForm inside a test was not wrapped in 
act(...).
      
      When testing, code that causes React state updates should be wrapped 
into act(...):
      
      act(() => {
        /* fire events that update state */
      });
      /* assert on the output */
      
      This ensures that you're testing the behavior the user would see in the 
browser. Learn more at https://reactjs.org/link/wrap-tests-with-act
          at LoginForm (C:\Users\samhe\OneDrive\Desktop\Cleaned\frontend\src\au
th\LoginForm\LoginForm.tsx:41:33)
          at div
          at div
          at LoginPage
          at routeContext (C:\Users\samhe\OneDrive\Desktop\Cleaned\frontend\nod
e_modules\react-router\lib\hooks.tsx:658:26)
          at children (C:\Users\samhe\OneDrive\Desktop\Cleaned\frontend\node_mo
dules\react-router\lib\components.tsx:512:3)
          at basenameProp (C:\Users\samhe\OneDrive\Desktop\Cleaned\frontend\nod
e_modules\react-router\lib\components.tsx:421:13)
          at basename (C:\Users\samhe\OneDrive\Desktop\Cleaned\frontend\node_mo
dules\react-router\lib\components.tsx:225:3)

      123 |                     placeholder="email@company.com"
      124 |                     value={email}
    > 125 |                     onChange={(e) => setEmail(e.target.value)}
          |                                      ^
      126 |                     className="w-full rounded-md border 
border-gray-300 px-3 py-2 text-sm focus:outline-none focus:ring-2 
focus:ring-gray-900 disabled:opacity-50"
      127 |                 />
      128 |             </div>

      at printWarning 
(node_modules/react-dom/cjs/react-dom.development.js:86:30)
      at error (node_modules/react-dom/cjs/react-dom.development.js:60:7)
      at warnIfUpdatesNotWrappedWithActDEV 
(node_modules/react-dom/cjs/react-dom.development.js:27628:9)
      at scheduleUpdateOnFiber 
(node_modules/react-dom/cjs/react-dom.development.js:25547:5)
      at dispatchSetState 
(node_modules/react-dom/cjs/react-dom.development.js:16708:7)
      at onChange (src/auth/LoginForm/LoginForm.tsx:125:38)
      at HTMLUnknownElement.callCallback 
(node_modules/react-dom/cjs/react-dom.development.js:4164:14)
      at HTMLUnknownElement.callTheUserObjectsOperation 
(node_modules/jsdom/lib/jsdom/living/generated/EventListener.js:26:30)
      at innerInvokeEventListeners 
(node_modules/jsdom/lib/jsdom/living/events/EventTarget-impl.js:350:25)
      at invokeEventListeners 
(node_modules/jsdom/lib/jsdom/living/events/EventTarget-impl.js:286:3)
      at HTMLUnknownElementImpl._dispatch 
(node_modules/jsdom/lib/jsdom/living/events/EventTarget-impl.js:233:9)
      at HTMLUnknownElementImpl.dispatchEvent 
(node_modules/jsdom/lib/jsdom/living/events/EventTarget-impl.js:104:17)
      at HTMLUnknownElement.dispatchEvent 
(node_modules/jsdom/lib/jsdom/living/generated/EventTarget.js:241:34)
      at Object.invokeGuardedCallbackDev 
(node_modules/react-dom/cjs/react-dom.development.js:4213:16)
      at invokeGuardedCallback 
(node_modules/react-dom/cjs/react-dom.development.js:4277:31)
      at invokeGuardedCallbackAndCatchFirstError 
(node_modules/react-dom/cjs/react-dom.development.js:4291:25)
      at executeDispatch 
(node_modules/react-dom/cjs/react-dom.development.js:9041:3)
      at processDispatchQueueItemsInOrder 
(node_modules/react-dom/cjs/react-dom.development.js:9073:7)
      at processDispatchQueue 
(node_modules/react-dom/cjs/react-dom.development.js:9086:5)
      at dispatchEventsForPlugins 
(node_modules/react-dom/cjs/react-dom.development.js:9097:3)
      at node_modules/react-dom/cjs/react-dom.development.js:9288:12
      at batchedUpdates$1 
(node_modules/react-dom/cjs/react-dom.development.js:26179:12)
      at batchedUpdates 
(node_modules/react-dom/cjs/react-dom.development.js:3991:12)
      at dispatchEventForPluginEventSystem 
(node_modules/react-dom/cjs/react-dom.development.js:9287:3)
      at dispatchEventWithEnableCapturePhaseSelectiveHydrationWithoutDiscreteEv
entReplay (node_modules/react-dom/cjs/react-dom.development.js:6465:5)
      at dispatchEvent 
(node_modules/react-dom/cjs/react-dom.development.js:6457:5)
      at dispatchDiscreteEvent 
(node_modules/react-dom/cjs/react-dom.development.js:6430:5)
      at HTMLDivElement.callTheUserObjectsOperation 
(node_modules/jsdom/lib/jsdom/living/generated/EventListener.js:26:30)
      at innerInvokeEventListeners 
(node_modules/jsdom/lib/jsdom/living/events/EventTarget-impl.js:350:25)
      at invokeEventListeners 
(node_modules/jsdom/lib/jsdom/living/events/EventTarget-impl.js:286:3)
      at HTMLInputElementImpl._dispatch 
(node_modules/jsdom/lib/jsdom/living/events/EventTarget-impl.js:233:9)
      at HTMLInputElementImpl.dispatchEvent 
(node_modules/jsdom/lib/jsdom/living/events/EventTarget-impl.js:104:17)
      at HTMLInputElement.dispatchEvent 
(node_modules/jsdom/lib/jsdom/living/generated/EventTarget.js:241:34)
      at 
node_modules/@testing-library/user-event/dist/cjs/event/dispatchEvent.js:45:43
      at Object.eventWrapper 
(node_modules/@testing-library/dom/dist/config.js:25:23)
      at Object.wrapEvent 
(node_modules/@testing-library/user-event/dist/cjs/event/wrapEvent.js:6:28)
      at Object.dispatchEvent (node_modules/@testing-library/user-event/dist/cj
s/event/dispatchEvent.js:45:22)
      at Object.dispatchUIEvent (node_modules/@testing-library/user-event/dist/
cjs/event/dispatchEvent.js:22:26)
      at commitInput 
(node_modules/@testing-library/user-event/dist/cjs/event/input.js:145:14)
      at editInputElement 
(node_modules/@testing-library/user-event/dist/cjs/event/input.js:115:9)
      at Object.input 
(node_modules/@testing-library/user-event/dist/cjs/event/input.js:37:9)
      at node_modules/@testing-library/user-event/dist/cjs/event/behavior/keypr
ess.js:31:26
      at Object.dispatchEvent (node_modules/@testing-library/user-event/dist/cj
s/event/dispatchEvent.js:41:13)
      at Object.dispatchUIEvent (node_modules/@testing-library/user-event/dist/
cjs/event/dispatchEvent.js:22:26)
      at KeyboardHost.keydown 
(node_modules/@testing-library/user-event/dist/cjs/system/keyboard.js:76:22)
      at keyboardAction 
(node_modules/@testing-library/user-event/dist/cjs/keyboard/index.js:22:35)
      at Object.keyboard 
(node_modules/@testing-library/user-event/dist/cjs/keyboard/index.js:11:15)
      at Object.type 
(node_modules/@testing-library/user-event/dist/cjs/utility/type.js:17:5)
      at Object.<anonymous> (src/auth/auth.test.tsx:137:9)

    console.error
      Warning: An update to LoginForm inside a test was not wrapped in 
act(...).
      
      When testing, code that causes React state updates should be wrapped 
into act(...):
      
      act(() => {
        /* fire events that update state */
      });
      /* assert on the output */
      
      This ensures that you're testing the behavior the user would see in the 
browser. Learn more at https://reactjs.org/link/wrap-tests-with-act
          at LoginForm (C:\Users\samhe\OneDrive\Desktop\Cleaned\frontend\src\au
th\LoginForm\LoginForm.tsx:41:33)
          at div
          at div
          at LoginPage
          at routeContext (C:\Users\samhe\OneDrive\Desktop\Cleaned\frontend\nod
e_modules\react-router\lib\hooks.tsx:658:26)
          at children (C:\Users\samhe\OneDrive\Desktop\Cleaned\frontend\node_mo
dules\react-router\lib\components.tsx:512:3)
          at basenameProp (C:\Users\samhe\OneDrive\Desktop\Cleaned\frontend\nod
e_modules\react-router\lib\components.tsx:421:13)
          at basename (C:\Users\samhe\OneDrive\Desktop\Cleaned\frontend\node_mo
dules\react-router\lib\components.tsx:225:3)

      123 |                     placeholder="email@company.com"
      124 |                     value={email}
    > 125 |                     onChange={(e) => setEmail(e.target.value)}
          |                                      ^
      126 |                     className="w-full rounded-md border 
border-gray-300 px-3 py-2 text-sm focus:outline-none focus:ring-2 
focus:ring-gray-900 disabled:opacity-50"
      127 |                 />
      128 |             </div>

      at printWarning 
(node_modules/react-dom/cjs/react-dom.development.js:86:30)
      at error (node_modules/react-dom/cjs/react-dom.development.js:60:7)
      at warnIfUpdatesNotWrappedWithActDEV 
(node_modules/react-dom/cjs/react-dom.development.js:27628:9)
      at scheduleUpdateOnFiber 
(node_modules/react-dom/cjs/react-dom.development.js:25547:5)
      at dispatchSetState 
(node_modules/react-dom/cjs/react-dom.development.js:16708:7)
      at onChange (src/auth/LoginForm/LoginForm.tsx:125:38)
      at HTMLUnknownElement.callCallback 
(node_modules/react-dom/cjs/react-dom.development.js:4164:14)
      at HTMLUnknownElement.callTheUserObjectsOperation 
(node_modules/jsdom/lib/jsdom/living/generated/EventListener.js:26:30)
      at innerInvokeEventListeners 
(node_modules/jsdom/lib/jsdom/living/events/EventTarget-impl.js:350:25)
      at invokeEventListeners 
(node_modules/jsdom/lib/jsdom/living/events/EventTarget-impl.js:286:3)
      at HTMLUnknownElementImpl._dispatch 
(node_modules/jsdom/lib/jsdom/living/events/EventTarget-impl.js:233:9)
      at HTMLUnknownElementImpl.dispatchEvent 
(node_modules/jsdom/lib/jsdom/living/events/EventTarget-impl.js:104:17)
      at HTMLUnknownElement.dispatchEvent 
(node_modules/jsdom/lib/jsdom/living/generated/EventTarget.js:241:34)
      at Object.invokeGuardedCallbackDev 
(node_modules/react-dom/cjs/react-dom.development.js:4213:16)
      at invokeGuardedCallback 
(node_modules/react-dom/cjs/react-dom.development.js:4277:31)
      at invokeGuardedCallbackAndCatchFirstError 
(node_modules/react-dom/cjs/react-dom.development.js:4291:25)
      at executeDispatch 
(node_modules/react-dom/cjs/react-dom.development.js:9041:3)
      at processDispatchQueueItemsInOrder 
(node_modules/react-dom/cjs/react-dom.development.js:9073:7)
      at processDispatchQueue 
(node_modules/react-dom/cjs/react-dom.development.js:9086:5)
      at dispatchEventsForPlugins 
(node_modules/react-dom/cjs/react-dom.development.js:9097:3)
      at node_modules/react-dom/cjs/react-dom.development.js:9288:12
      at batchedUpdates$1 
(node_modules/react-dom/cjs/react-dom.development.js:26179:12)
      at batchedUpdates 
(node_modules/react-dom/cjs/react-dom.development.js:3991:12)
      at dispatchEventForPluginEventSystem 
(node_modules/react-dom/cjs/react-dom.development.js:9287:3)
      at dispatchEventWithEnableCapturePhaseSelectiveHydrationWithoutDiscreteEv
entReplay (node_modules/react-dom/cjs/react-dom.development.js:6465:5)
      at dispatchEvent 
(node_modules/react-dom/cjs/react-dom.development.js:6457:5)
      at dispatchDiscreteEvent 
(node_modules/react-dom/cjs/react-dom.development.js:6430:5)
      at HTMLDivElement.callTheUserObjectsOperation 
(node_modules/jsdom/lib/jsdom/living/generated/EventListener.js:26:30)
      at innerInvokeEventListeners 
(node_modules/jsdom/lib/jsdom/living/events/EventTarget-impl.js:350:25)
      at invokeEventListeners 
(node_modules/jsdom/lib/jsdom/living/events/EventTarget-impl.js:286:3)
      at HTMLInputElementImpl._dispatch 
(node_modules/jsdom/lib/jsdom/living/events/EventTarget-impl.js:233:9)
      at HTMLInputElementImpl.dispatchEvent 
(node_modules/jsdom/lib/jsdom/living/events/EventTarget-impl.js:104:17)
      at HTMLInputElement.dispatchEvent 
(node_modules/jsdom/lib/jsdom/living/generated/EventTarget.js:241:34)
      at 
node_modules/@testing-library/user-event/dist/cjs/event/dispatchEvent.js:45:43
      at Object.eventWrapper 
(node_modules/@testing-library/dom/dist/config.js:25:23)
      at Object.wrapEvent 
(node_modules/@testing-library/user-event/dist/cjs/event/wrapEvent.js:6:28)
      at Object.dispatchEvent (node_modules/@testing-library/user-event/dist/cj
s/event/dispatchEvent.js:45:22)
      at Object.dispatchUIEvent (node_modules/@testing-library/user-event/dist/
cjs/event/dispatchEvent.js:22:26)
      at commitInput 
(node_modules/@testing-library/user-event/dist/cjs/event/input.js:145:14)
      at editInputElement 
(node_modules/@testing-library/user-event/dist/cjs/event/input.js:115:9)
      at Object.input 
(node_modules/@testing-library/user-event/dist/cjs/event/input.js:37:9)
      at node_modules/@testing-library/user-event/dist/cjs/event/behavior/keypr
ess.js:31:26
      at Object.dispatchEvent (node_modules/@testing-library/user-event/dist/cj
s/event/dispatchEvent.js:41:13)
      at Object.dispatchUIEvent (node_modules/@testing-library/user-event/dist/
cjs/event/dispatchEvent.js:22:26)
      at KeyboardHost.keydown 
(node_modules/@testing-library/user-event/dist/cjs/system/keyboard.js:76:22)
      at keyboardAction 
(node_modules/@testing-library/user-event/dist/cjs/keyboard/index.js:22:35)
      at Object.keyboard 
(node_modules/@testing-library/user-event/dist/cjs/keyboard/index.js:11:15)
      at Object.type 
(node_modules/@testing-library/user-event/dist/cjs/utility/type.js:17:5)
      at Object.<anonymous> (src/auth/auth.test.tsx:137:9)

    console.error
      Warning: An update to LoginForm inside a test was not wrapped in 
act(...).
      
      When testing, code that causes React state updates should be wrapped 
into act(...):
      
      act(() => {
        /* fire events that update state */
      });
      /* assert on the output */
      
      This ensures that you're testing the behavior the user would see in the 
browser. Learn more at https://reactjs.org/link/wrap-tests-with-act
          at LoginForm (C:\Users\samhe\OneDrive\Desktop\Cleaned\frontend\src\au
th\LoginForm\LoginForm.tsx:41:33)
          at div
          at div
          at LoginPage
          at routeContext (C:\Users\samhe\OneDrive\Desktop\Cleaned\frontend\nod
e_modules\react-router\lib\hooks.tsx:658:26)
          at children (C:\Users\samhe\OneDrive\Desktop\Cleaned\frontend\node_mo
dules\react-router\lib\components.tsx:512:3)
          at basenameProp (C:\Users\samhe\OneDrive\Desktop\Cleaned\frontend\nod
e_modules\react-router\lib\components.tsx:421:13)
          at basename (C:\Users\samhe\OneDrive\Desktop\Cleaned\frontend\node_mo
dules\react-router\lib\components.tsx:225:3)

      123 |                     placeholder="email@company.com"
      124 |                     value={email}
    > 125 |                     onChange={(e) => setEmail(e.target.value)}
          |                                      ^
      126 |                     className="w-full rounded-md border 
border-gray-300 px-3 py-2 text-sm focus:outline-none focus:ring-2 
focus:ring-gray-900 disabled:opacity-50"
      127 |                 />
      128 |             </div>

      at printWarning 
(node_modules/react-dom/cjs/react-dom.development.js:86:30)
      at error (node_modules/react-dom/cjs/react-dom.development.js:60:7)
      at warnIfUpdatesNotWrappedWithActDEV 
(node_modules/react-dom/cjs/react-dom.development.js:27628:9)
      at scheduleUpdateOnFiber 
(node_modules/react-dom/cjs/react-dom.development.js:25547:5)
      at dispatchSetState 
(node_modules/react-dom/cjs/react-dom.development.js:16708:7)
      at onChange (src/auth/LoginForm/LoginForm.tsx:125:38)
      at HTMLUnknownElement.callCallback 
(node_modules/react-dom/cjs/react-dom.development.js:4164:14)
      at HTMLUnknownElement.callTheUserObjectsOperation 
(node_modules/jsdom/lib/jsdom/living/generated/EventListener.js:26:30)
      at innerInvokeEventListeners 
(node_modules/jsdom/lib/jsdom/living/events/EventTarget-impl.js:350:25)
      at invokeEventListeners 
(node_modules/jsdom/lib/jsdom/living/events/EventTarget-impl.js:286:3)
      at HTMLUnknownElementImpl._dispatch 
(node_modules/jsdom/lib/jsdom/living/events/EventTarget-impl.js:233:9)
      at HTMLUnknownElementImpl.dispatchEvent 
(node_modules/jsdom/lib/jsdom/living/events/EventTarget-impl.js:104:17)
      at HTMLUnknownElement.dispatchEvent 
(node_modules/jsdom/lib/jsdom/living/generated/EventTarget.js:241:34)
      at Object.invokeGuardedCallbackDev 
(node_modules/react-dom/cjs/react-dom.development.js:4213:16)
      at invokeGuardedCallback 
(node_modules/react-dom/cjs/react-dom.development.js:4277:31)
      at invokeGuardedCallbackAndCatchFirstError 
(node_modules/react-dom/cjs/react-dom.development.js:4291:25)
      at executeDispatch 
(node_modules/react-dom/cjs/react-dom.development.js:9041:3)
      at processDispatchQueueItemsInOrder 
(node_modules/react-dom/cjs/react-dom.development.js:9073:7)
      at processDispatchQueue 
(node_modules/react-dom/cjs/react-dom.development.js:9086:5)
      at dispatchEventsForPlugins 
(node_modules/react-dom/cjs/react-dom.development.js:9097:3)
      at node_modules/react-dom/cjs/react-dom.development.js:9288:12
      at batchedUpdates$1 
(node_modules/react-dom/cjs/react-dom.development.js:26179:12)
      at batchedUpdates 
(node_modules/react-dom/cjs/react-dom.development.js:3991:12)
      at dispatchEventForPluginEventSystem 
(node_modules/react-dom/cjs/react-dom.development.js:9287:3)
      at dispatchEventWithEnableCapturePhaseSelectiveHydrationWithoutDiscreteEv
entReplay (node_modules/react-dom/cjs/react-dom.development.js:6465:5)
      at dispatchEvent 
(node_modules/react-dom/cjs/react-dom.development.js:6457:5)
      at dispatchDiscreteEvent 
(node_modules/react-dom/cjs/react-dom.development.js:6430:5)
      at HTMLDivElement.callTheUserObjectsOperation 
(node_modules/jsdom/lib/jsdom/living/generated/EventListener.js:26:30)
      at innerInvokeEventListeners 
(node_modules/jsdom/lib/jsdom/living/events/EventTarget-impl.js:350:25)
      at invokeEventListeners 
(node_modules/jsdom/lib/jsdom/living/events/EventTarget-impl.js:286:3)
      at HTMLInputElementImpl._dispatch 
(node_modules/jsdom/lib/jsdom/living/events/EventTarget-impl.js:233:9)
      at HTMLInputElementImpl.dispatchEvent 
(node_modules/jsdom/lib/jsdom/living/events/EventTarget-impl.js:104:17)
      at HTMLInputElement.dispatchEvent 
(node_modules/jsdom/lib/jsdom/living/generated/EventTarget.js:241:34)
      at 
node_modules/@testing-library/user-event/dist/cjs/event/dispatchEvent.js:45:43
      at Object.eventWrapper 
(node_modules/@testing-library/dom/dist/config.js:25:23)
      at Object.wrapEvent 
(node_modules/@testing-library/user-event/dist/cjs/event/wrapEvent.js:6:28)
      at Object.dispatchEvent (node_modules/@testing-library/user-event/dist/cj
s/event/dispatchEvent.js:45:22)
      at Object.dispatchUIEvent (node_modules/@testing-library/user-event/dist/
cjs/event/dispatchEvent.js:22:26)
      at commitInput 
(node_modules/@testing-library/user-event/dist/cjs/event/input.js:145:14)
      at editInputElement 
(node_modules/@testing-library/user-event/dist/cjs/event/input.js:115:9)
      at Object.input 
(node_modules/@testing-library/user-event/dist/cjs/event/input.js:37:9)
      at node_modules/@testing-library/user-event/dist/cjs/event/behavior/keypr
ess.js:31:26
      at Object.dispatchEvent (node_modules/@testing-library/user-event/dist/cj
s/event/dispatchEvent.js:41:13)
      at Object.dispatchUIEvent (node_modules/@testing-library/user-event/dist/
cjs/event/dispatchEvent.js:22:26)
      at KeyboardHost.keydown 
(node_modules/@testing-library/user-event/dist/cjs/system/keyboard.js:76:22)
      at keyboardAction 
(node_modules/@testing-library/user-event/dist/cjs/keyboard/index.js:22:35)
      at Object.keyboard 
(node_modules/@testing-library/user-event/dist/cjs/keyboard/index.js:11:15)
      at Object.type 
(node_modules/@testing-library/user-event/dist/cjs/utility/type.js:17:5)
      at Object.<anonymous> (src/auth/auth.test.tsx:137:9)

    console.error
      Warning: An update to LoginForm inside a test was not wrapped in 
act(...).
      
      When testing, code that causes React state updates should be wrapped 
into act(...):
      
      act(() => {
        /* fire events that update state */
      });
      /* assert on the output */
      
      This ensures that you're testing the behavior the user would see in the 
browser. Learn more at https://reactjs.org/link/wrap-tests-with-act
          at LoginForm (C:\Users\samhe\OneDrive\Desktop\Cleaned\frontend\src\au
th\LoginForm\LoginForm.tsx:41:33)
          at div
          at div
          at LoginPage
          at routeContext (C:\Users\samhe\OneDrive\Desktop\Cleaned\frontend\nod
e_modules\react-router\lib\hooks.tsx:658:26)
          at children (C:\Users\samhe\OneDrive\Desktop\Cleaned\frontend\node_mo
dules\react-router\lib\components.tsx:512:3)
          at basenameProp (C:\Users\samhe\OneDrive\Desktop\Cleaned\frontend\nod
e_modules\react-router\lib\components.tsx:421:13)
          at basename (C:\Users\samhe\OneDrive\Desktop\Cleaned\frontend\node_mo
dules\react-router\lib\components.tsx:225:3)

      123 |                     placeholder="email@company.com"
      124 |                     value={email}
    > 125 |                     onChange={(e) => setEmail(e.target.value)}
          |                                      ^
      126 |                     className="w-full rounded-md border 
border-gray-300 px-3 py-2 text-sm focus:outline-none focus:ring-2 
focus:ring-gray-900 disabled:opacity-50"
      127 |                 />
      128 |             </div>

      at printWarning 
(node_modules/react-dom/cjs/react-dom.development.js:86:30)
      at error (node_modules/react-dom/cjs/react-dom.development.js:60:7)
      at warnIfUpdatesNotWrappedWithActDEV 
(node_modules/react-dom/cjs/react-dom.development.js:27628:9)
      at scheduleUpdateOnFiber 
(node_modules/react-dom/cjs/react-dom.development.js:25547:5)
      at dispatchSetState 
(node_modules/react-dom/cjs/react-dom.development.js:16708:7)
      at onChange (src/auth/LoginForm/LoginForm.tsx:125:38)
      at HTMLUnknownElement.callCallback 
(node_modules/react-dom/cjs/react-dom.development.js:4164:14)
      at HTMLUnknownElement.callTheUserObjectsOperation 
(node_modules/jsdom/lib/jsdom/living/generated/EventListener.js:26:30)
      at innerInvokeEventListeners 
(node_modules/jsdom/lib/jsdom/living/events/EventTarget-impl.js:350:25)
      at invokeEventListeners 
(node_modules/jsdom/lib/jsdom/living/events/EventTarget-impl.js:286:3)
      at HTMLUnknownElementImpl._dispatch 
(node_modules/jsdom/lib/jsdom/living/events/EventTarget-impl.js:233:9)
      at HTMLUnknownElementImpl.dispatchEvent 
(node_modules/jsdom/lib/jsdom/living/events/EventTarget-impl.js:104:17)
      at HTMLUnknownElement.dispatchEvent 
(node_modules/jsdom/lib/jsdom/living/generated/EventTarget.js:241:34)
      at Object.invokeGuardedCallbackDev 
(node_modules/react-dom/cjs/react-dom.development.js:4213:16)
      at invokeGuardedCallback 
(node_modules/react-dom/cjs/react-dom.development.js:4277:31)
      at invokeGuardedCallbackAndCatchFirstError 
(node_modules/react-dom/cjs/react-dom.development.js:4291:25)
      at executeDispatch 
(node_modules/react-dom/cjs/react-dom.development.js:9041:3)
      at processDispatchQueueItemsInOrder 
(node_modules/react-dom/cjs/react-dom.development.js:9073:7)
      at processDispatchQueue 
(node_modules/react-dom/cjs/react-dom.development.js:9086:5)
      at dispatchEventsForPlugins 
(node_modules/react-dom/cjs/react-dom.development.js:9097:3)
      at node_modules/react-dom/cjs/react-dom.development.js:9288:12
      at batchedUpdates$1 
(node_modules/react-dom/cjs/react-dom.development.js:26179:12)
      at batchedUpdates 
(node_modules/react-dom/cjs/react-dom.development.js:3991:12)
      at dispatchEventForPluginEventSystem 
(node_modules/react-dom/cjs/react-dom.development.js:9287:3)
      at dispatchEventWithEnableCapturePhaseSelectiveHydrationWithoutDiscreteEv
entReplay (node_modules/react-dom/cjs/react-dom.development.js:6465:5)
      at dispatchEvent 
(node_modules/react-dom/cjs/react-dom.development.js:6457:5)
      at dispatchDiscreteEvent 
(node_modules/react-dom/cjs/react-dom.development.js:6430:5)
      at HTMLDivElement.callTheUserObjectsOperation 
(node_modules/jsdom/lib/jsdom/living/generated/EventListener.js:26:30)
      at innerInvokeEventListeners 
(node_modules/jsdom/lib/jsdom/living/events/EventTarget-impl.js:350:25)
      at invokeEventListeners 
(node_modules/jsdom/lib/jsdom/living/events/EventTarget-impl.js:286:3)
      at HTMLInputElementImpl._dispatch 
(node_modules/jsdom/lib/jsdom/living/events/EventTarget-impl.js:233:9)
      at HTMLInputElementImpl.dispatchEvent 
(node_modules/jsdom/lib/jsdom/living/events/EventTarget-impl.js:104:17)
      at HTMLInputElement.dispatchEvent 
(node_modules/jsdom/lib/jsdom/living/generated/EventTarget.js:241:34)
      at 
node_modules/@testing-library/user-event/dist/cjs/event/dispatchEvent.js:45:43
      at Object.eventWrapper 
(node_modules/@testing-library/dom/dist/config.js:25:23)
      at Object.wrapEvent 
(node_modules/@testing-library/user-event/dist/cjs/event/wrapEvent.js:6:28)
      at Object.dispatchEvent (node_modules/@testing-library/user-event/dist/cj
s/event/dispatchEvent.js:45:22)
      at Object.dispatchUIEvent (node_modules/@testing-library/user-event/dist/
cjs/event/dispatchEvent.js:22:26)
      at commitInput 
(node_modules/@testing-library/user-event/dist/cjs/event/input.js:145:14)
      at editInputElement 
(node_modules/@testing-library/user-event/dist/cjs/event/input.js:115:9)
      at Object.input 
(node_modules/@testing-library/user-event/dist/cjs/event/input.js:37:9)
      at node_modules/@testing-library/user-event/dist/cjs/event/behavior/keypr
ess.js:31:26
      at Object.dispatchEvent (node_modules/@testing-library/user-event/dist/cj
s/event/dispatchEvent.js:41:13)
      at Object.dispatchUIEvent (node_modules/@testing-library/user-event/dist/
cjs/event/dispatchEvent.js:22:26)
      at KeyboardHost.keydown 
(node_modules/@testing-library/user-event/dist/cjs/system/keyboard.js:76:22)
      at keyboardAction 
(node_modules/@testing-library/user-event/dist/cjs/keyboard/index.js:22:35)
      at Object.keyboard 
(node_modules/@testing-library/user-event/dist/cjs/keyboard/index.js:11:15)
      at Object.type 
(node_modules/@testing-library/user-event/dist/cjs/utility/type.js:17:5)
      at Object.<anonymous> (src/auth/auth.test.tsx:137:9)

    console.error
      Warning: An update to LoginForm inside a test was not wrapped in 
act(...).
      
      When testing, code that causes React state updates should be wrapped 
into act(...):
      
      act(() => {
        /* fire events that update state */
      });
      /* assert on the output */
      
      This ensures that you're testing the behavior the user would see in the 
browser. Learn more at https://reactjs.org/link/wrap-tests-with-act
          at LoginForm (C:\Users\samhe\OneDrive\Desktop\Cleaned\frontend\src\au
th\LoginForm\LoginForm.tsx:41:33)
          at div
          at div
          at LoginPage
          at routeContext (C:\Users\samhe\OneDrive\Desktop\Cleaned\frontend\nod
e_modules\react-router\lib\hooks.tsx:658:26)
          at children (C:\Users\samhe\OneDrive\Desktop\Cleaned\frontend\node_mo
dules\react-router\lib\components.tsx:512:3)
          at basenameProp (C:\Users\samhe\OneDrive\Desktop\Cleaned\frontend\nod
e_modules\react-router\lib\components.tsx:421:13)
          at basename (C:\Users\samhe\OneDrive\Desktop\Cleaned\frontend\node_mo
dules\react-router\lib\components.tsx:225:3)

      123 |                     placeholder="email@company.com"
      124 |                     value={email}
    > 125 |                     onChange={(e) => setEmail(e.target.value)}
          |                                      ^
      126 |                     className="w-full rounded-md border 
border-gray-300 px-3 py-2 text-sm focus:outline-none focus:ring-2 
focus:ring-gray-900 disabled:opacity-50"
      127 |                 />
      128 |             </div>

      at printWarning 
(node_modules/react-dom/cjs/react-dom.development.js:86:30)
      at error (node_modules/react-dom/cjs/react-dom.development.js:60:7)
      at warnIfUpdatesNotWrappedWithActDEV 
(node_modules/react-dom/cjs/react-dom.development.js:27628:9)
      at scheduleUpdateOnFiber 
(node_modules/react-dom/cjs/react-dom.development.js:25547:5)
      at dispatchSetState 
(node_modules/react-dom/cjs/react-dom.development.js:16708:7)
      at onChange (src/auth/LoginForm/LoginForm.tsx:125:38)
      at HTMLUnknownElement.callCallback 
(node_modules/react-dom/cjs/react-dom.development.js:4164:14)
      at HTMLUnknownElement.callTheUserObjectsOperation 
(node_modules/jsdom/lib/jsdom/living/generated/EventListener.js:26:30)
      at innerInvokeEventListeners 
(node_modules/jsdom/lib/jsdom/living/events/EventTarget-impl.js:350:25)
      at invokeEventListeners 
(node_modules/jsdom/lib/jsdom/living/events/EventTarget-impl.js:286:3)
      at HTMLUnknownElementImpl._dispatch 
(node_modules/jsdom/lib/jsdom/living/events/EventTarget-impl.js:233:9)
      at HTMLUnknownElementImpl.dispatchEvent 
(node_modules/jsdom/lib/jsdom/living/events/EventTarget-impl.js:104:17)
      at HTMLUnknownElement.dispatchEvent 
(node_modules/jsdom/lib/jsdom/living/generated/EventTarget.js:241:34)
      at Object.invokeGuardedCallbackDev 
(node_modules/react-dom/cjs/react-dom.development.js:4213:16)
      at invokeGuardedCallback 
(node_modules/react-dom/cjs/react-dom.development.js:4277:31)
      at invokeGuardedCallbackAndCatchFirstError 
(node_modules/react-dom/cjs/react-dom.development.js:4291:25)
      at executeDispatch 
(node_modules/react-dom/cjs/react-dom.development.js:9041:3)
      at processDispatchQueueItemsInOrder 
(node_modules/react-dom/cjs/react-dom.development.js:9073:7)
      at processDispatchQueue 
(node_modules/react-dom/cjs/react-dom.development.js:9086:5)
      at dispatchEventsForPlugins 
(node_modules/react-dom/cjs/react-dom.development.js:9097:3)
      at node_modules/react-dom/cjs/react-dom.development.js:9288:12
      at batchedUpdates$1 
(node_modules/react-dom/cjs/react-dom.development.js:26179:12)
      at batchedUpdates 
(node_modules/react-dom/cjs/react-dom.development.js:3991:12)
      at dispatchEventForPluginEventSystem 
(node_modules/react-dom/cjs/react-dom.development.js:9287:3)
      at dispatchEventWithEnableCapturePhaseSelectiveHydrationWithoutDiscreteEv
entReplay (node_modules/react-dom/cjs/react-dom.development.js:6465:5)
      at dispatchEvent 
(node_modules/react-dom/cjs/react-dom.development.js:6457:5)
      at dispatchDiscreteEvent 
(node_modules/react-dom/cjs/react-dom.development.js:6430:5)
      at HTMLDivElement.callTheUserObjectsOperation 
(node_modules/jsdom/lib/jsdom/living/generated/EventListener.js:26:30)
      at innerInvokeEventListeners 
(node_modules/jsdom/lib/jsdom/living/events/EventTarget-impl.js:350:25)
      at invokeEventListeners 
(node_modules/jsdom/lib/jsdom/living/events/EventTarget-impl.js:286:3)
      at HTMLInputElementImpl._dispatch 
(node_modules/jsdom/lib/jsdom/living/events/EventTarget-impl.js:233:9)
      at HTMLInputElementImpl.dispatchEvent 
(node_modules/jsdom/lib/jsdom/living/events/EventTarget-impl.js:104:17)
      at HTMLInputElement.dispatchEvent 
(node_modules/jsdom/lib/jsdom/living/generated/EventTarget.js:241:34)
      at 
node_modules/@testing-library/user-event/dist/cjs/event/dispatchEvent.js:45:43
      at Object.eventWrapper 
(node_modules/@testing-library/dom/dist/config.js:25:23)
      at Object.wrapEvent 
(node_modules/@testing-library/user-event/dist/cjs/event/wrapEvent.js:6:28)
      at Object.dispatchEvent (node_modules/@testing-library/user-event/dist/cj
s/event/dispatchEvent.js:45:22)
      at Object.dispatchUIEvent (node_modules/@testing-library/user-event/dist/
cjs/event/dispatchEvent.js:22:26)
      at commitInput 
(node_modules/@testing-library/user-event/dist/cjs/event/input.js:145:14)
      at editInputElement 
(node_modules/@testing-library/user-event/dist/cjs/event/input.js:115:9)
      at Object.input 
(node_modules/@testing-library/user-event/dist/cjs/event/input.js:37:9)
      at node_modules/@testing-library/user-event/dist/cjs/event/behavior/keypr
ess.js:31:26
      at Object.dispatchEvent (node_modules/@testing-library/user-event/dist/cj
s/event/dispatchEvent.js:41:13)
      at Object.dispatchUIEvent (node_modules/@testing-library/user-event/dist/
cjs/event/dispatchEvent.js:22:26)
      at KeyboardHost.keydown 
(node_modules/@testing-library/user-event/dist/cjs/system/keyboard.js:76:22)
      at keyboardAction 
(node_modules/@testing-library/user-event/dist/cjs/keyboard/index.js:22:35)
      at Object.keyboard 
(node_modules/@testing-library/user-event/dist/cjs/keyboard/index.js:11:15)
      at Object.type 
(node_modules/@testing-library/user-event/dist/cjs/utility/type.js:17:5)
      at Object.<anonymous> (src/auth/auth.test.tsx:137:9)

    console.error
      Warning: An update to LoginForm inside a test was not wrapped in 
act(...).
      
      When testing, code that causes React state updates should be wrapped 
into act(...):
      
      act(() => {
        /* fire events that update state */
      });
      /* assert on the output */
      
      This ensures that you're testing the behavior the user would see in the 
browser. Learn more at https://reactjs.org/link/wrap-tests-with-act
          at LoginForm (C:\Users\samhe\OneDrive\Desktop\Cleaned\frontend\src\au
th\LoginForm\LoginForm.tsx:41:33)
          at div
          at div
          at LoginPage
          at routeContext (C:\Users\samhe\OneDrive\Desktop\Cleaned\frontend\nod
e_modules\react-router\lib\hooks.tsx:658:26)
          at children (C:\Users\samhe\OneDrive\Desktop\Cleaned\frontend\node_mo
dules\react-router\lib\components.tsx:512:3)
          at basenameProp (C:\Users\samhe\OneDrive\Desktop\Cleaned\frontend\nod
e_modules\react-router\lib\components.tsx:421:13)
          at basename (C:\Users\samhe\OneDrive\Desktop\Cleaned\frontend\node_mo
dules\react-router\lib\components.tsx:225:3)

      123 |                     placeholder="email@company.com"
      124 |                     value={email}
    > 125 |                     onChange={(e) => setEmail(e.target.value)}
          |                                      ^
      126 |                     className="w-full rounded-md border 
border-gray-300 px-3 py-2 text-sm focus:outline-none focus:ring-2 
focus:ring-gray-900 disabled:opacity-50"
      127 |                 />
      128 |             </div>

      at printWarning 
(node_modules/react-dom/cjs/react-dom.development.js:86:30)
      at error (node_modules/react-dom/cjs/react-dom.development.js:60:7)
      at warnIfUpdatesNotWrappedWithActDEV 
(node_modules/react-dom/cjs/react-dom.development.js:27628:9)
      at scheduleUpdateOnFiber 
(node_modules/react-dom/cjs/react-dom.development.js:25547:5)
      at dispatchSetState 
(node_modules/react-dom/cjs/react-dom.development.js:16708:7)
      at onChange (src/auth/LoginForm/LoginForm.tsx:125:38)
      at HTMLUnknownElement.callCallback 
(node_modules/react-dom/cjs/react-dom.development.js:4164:14)
      at HTMLUnknownElement.callTheUserObjectsOperation 
(node_modules/jsdom/lib/jsdom/living/generated/EventListener.js:26:30)
      at innerInvokeEventListeners 
(node_modules/jsdom/lib/jsdom/living/events/EventTarget-impl.js:350:25)
      at invokeEventListeners 
(node_modules/jsdom/lib/jsdom/living/events/EventTarget-impl.js:286:3)
      at HTMLUnknownElementImpl._dispatch 
(node_modules/jsdom/lib/jsdom/living/events/EventTarget-impl.js:233:9)
      at HTMLUnknownElementImpl.dispatchEvent 
(node_modules/jsdom/lib/jsdom/living/events/EventTarget-impl.js:104:17)
      at HTMLUnknownElement.dispatchEvent 
(node_modules/jsdom/lib/jsdom/living/generated/EventTarget.js:241:34)
      at Object.invokeGuardedCallbackDev 
(node_modules/react-dom/cjs/react-dom.development.js:4213:16)
      at invokeGuardedCallback 
(node_modules/react-dom/cjs/react-dom.development.js:4277:31)
      at invokeGuardedCallbackAndCatchFirstError 
(node_modules/react-dom/cjs/react-dom.development.js:4291:25)
      at executeDispatch 
(node_modules/react-dom/cjs/react-dom.development.js:9041:3)
      at processDispatchQueueItemsInOrder 
(node_modules/react-dom/cjs/react-dom.development.js:9073:7)
      at processDispatchQueue 
(node_modules/react-dom/cjs/react-dom.development.js:9086:5)
      at dispatchEventsForPlugins 
(node_modules/react-dom/cjs/react-dom.development.js:9097:3)
      at node_modules/react-dom/cjs/react-dom.development.js:9288:12
      at batchedUpdates$1 
(node_modules/react-dom/cjs/react-dom.development.js:26179:12)
      at batchedUpdates 
(node_modules/react-dom/cjs/react-dom.development.js:3991:12)
      at dispatchEventForPluginEventSystem 
(node_modules/react-dom/cjs/react-dom.development.js:9287:3)
      at dispatchEventWithEnableCapturePhaseSelectiveHydrationWithoutDiscreteEv
entReplay (node_modules/react-dom/cjs/react-dom.development.js:6465:5)
      at dispatchEvent 
(node_modules/react-dom/cjs/react-dom.development.js:6457:5)
      at dispatchDiscreteEvent 
(node_modules/react-dom/cjs/react-dom.development.js:6430:5)
      at HTMLDivElement.callTheUserObjectsOperation 
(node_modules/jsdom/lib/jsdom/living/generated/EventListener.js:26:30)
      at innerInvokeEventListeners 
(node_modules/jsdom/lib/jsdom/living/events/EventTarget-impl.js:350:25)
      at invokeEventListeners 
(node_modules/jsdom/lib/jsdom/living/events/EventTarget-impl.js:286:3)
      at HTMLInputElementImpl._dispatch 
(node_modules/jsdom/lib/jsdom/living/events/EventTarget-impl.js:233:9)
      at HTMLInputElementImpl.dispatchEvent 
(node_modules/jsdom/lib/jsdom/living/events/EventTarget-impl.js:104:17)
      at HTMLInputElement.dispatchEvent 
(node_modules/jsdom/lib/jsdom/living/generated/EventTarget.js:241:34)
      at 
node_modules/@testing-library/user-event/dist/cjs/event/dispatchEvent.js:45:43
      at Object.eventWrapper 
(node_modules/@testing-library/dom/dist/config.js:25:23)
      at Object.wrapEvent 
(node_modules/@testing-library/user-event/dist/cjs/event/wrapEvent.js:6:28)
      at Object.dispatchEvent (node_modules/@testing-library/user-event/dist/cj
s/event/dispatchEvent.js:45:22)
      at Object.dispatchUIEvent (node_modules/@testing-library/user-event/dist/
cjs/event/dispatchEvent.js:22:26)
      at commitInput 
(node_modules/@testing-library/user-event/dist/cjs/event/input.js:145:14)
      at editInputElement 
(node_modules/@testing-library/user-event/dist/cjs/event/input.js:115:9)
      at Object.input 
(node_modules/@testing-library/user-event/dist/cjs/event/input.js:37:9)
      at node_modules/@testing-library/user-event/dist/cjs/event/behavior/keypr
ess.js:31:26
      at Object.dispatchEvent (node_modules/@testing-library/user-event/dist/cj
s/event/dispatchEvent.js:41:13)
      at Object.dispatchUIEvent (node_modules/@testing-library/user-event/dist/
cjs/event/dispatchEvent.js:22:26)
      at KeyboardHost.keydown 
(node_modules/@testing-library/user-event/dist/cjs/system/keyboard.js:76:22)
      at keyboardAction 
(node_modules/@testing-library/user-event/dist/cjs/keyboard/index.js:22:35)
      at Object.keyboard 
(node_modules/@testing-library/user-event/dist/cjs/keyboard/index.js:11:15)
      at Object.type 
(node_modules/@testing-library/user-event/dist/cjs/utility/type.js:17:5)
      at Object.<anonymous> (src/auth/auth.test.tsx:137:9)

    console.error
      Warning: An update to LoginForm inside a test was not wrapped in 
act(...).
      
      When testing, code that causes React state updates should be wrapped 
into act(...):
      
      act(() => {
        /* fire events that update state */
      });
      /* assert on the output */
      
      This ensures that you're testing the behavior the user would see in the 
browser. Learn more at https://reactjs.org/link/wrap-tests-with-act
          at LoginForm (C:\Users\samhe\OneDrive\Desktop\Cleaned\frontend\src\au
th\LoginForm\LoginForm.tsx:41:33)
          at div
          at div
          at LoginPage
          at routeContext (C:\Users\samhe\OneDrive\Desktop\Cleaned\frontend\nod
e_modules\react-router\lib\hooks.tsx:658:26)
          at children (C:\Users\samhe\OneDrive\Desktop\Cleaned\frontend\node_mo
dules\react-router\lib\components.tsx:512:3)
          at basenameProp (C:\Users\samhe\OneDrive\Desktop\Cleaned\frontend\nod
e_modules\react-router\lib\components.tsx:421:13)
          at basename (C:\Users\samhe\OneDrive\Desktop\Cleaned\frontend\node_mo
dules\react-router\lib\components.tsx:225:3)

      141 |                         placeholder="Enter your password"
      142 |                         value={password}
    > 143 |                         onChange={(e) => 
setPassword(e.target.value)}
          |                                          ^
      144 |                         className="w-full rounded-md border 
border-gray-300 px-3 py-2 pr-10 text-sm focus:outline-none focus:ring-2 
focus:ring-gray-900 disabled:opacity-50"
      145 |                     />
      146 |                     <button

      at printWarning 
(node_modules/react-dom/cjs/react-dom.development.js:86:30)
      at error (node_modules/react-dom/cjs/react-dom.development.js:60:7)
      at warnIfUpdatesNotWrappedWithActDEV 
(node_modules/react-dom/cjs/react-dom.development.js:27628:9)
      at scheduleUpdateOnFiber 
(node_modules/react-dom/cjs/react-dom.development.js:25547:5)
      at dispatchSetState 
(node_modules/react-dom/cjs/react-dom.development.js:16708:7)
      at onChange (src/auth/LoginForm/LoginForm.tsx:143:42)
      at HTMLUnknownElement.callCallback 
(node_modules/react-dom/cjs/react-dom.development.js:4164:14)
      at HTMLUnknownElement.callTheUserObjectsOperation 
(node_modules/jsdom/lib/jsdom/living/generated/EventListener.js:26:30)
      at innerInvokeEventListeners 
(node_modules/jsdom/lib/jsdom/living/events/EventTarget-impl.js:350:25)
      at invokeEventListeners 
(node_modules/jsdom/lib/jsdom/living/events/EventTarget-impl.js:286:3)
      at HTMLUnknownElementImpl._dispatch 
(node_modules/jsdom/lib/jsdom/living/events/EventTarget-impl.js:233:9)
      at HTMLUnknownElementImpl.dispatchEvent 
(node_modules/jsdom/lib/jsdom/living/events/EventTarget-impl.js:104:17)
      at HTMLUnknownElement.dispatchEvent 
(node_modules/jsdom/lib/jsdom/living/generated/EventTarget.js:241:34)
      at Object.invokeGuardedCallbackDev 
(node_modules/react-dom/cjs/react-dom.development.js:4213:16)
      at invokeGuardedCallback 
(node_modules/react-dom/cjs/react-dom.development.js:4277:31)
      at invokeGuardedCallbackAndCatchFirstError 
(node_modules/react-dom/cjs/react-dom.development.js:4291:25)
      at executeDispatch 
(node_modules/react-dom/cjs/react-dom.development.js:9041:3)
      at processDispatchQueueItemsInOrder 
(node_modules/react-dom/cjs/react-dom.development.js:9073:7)
      at processDispatchQueue 
(node_modules/react-dom/cjs/react-dom.development.js:9086:5)
      at dispatchEventsForPlugins 
(node_modules/react-dom/cjs/react-dom.development.js:9097:3)
      at node_modules/react-dom/cjs/react-dom.development.js:9288:12
      at batchedUpdates$1 
(node_modules/react-dom/cjs/react-dom.development.js:26179:12)
      at batchedUpdates 
(node_modules/react-dom/cjs/react-dom.development.js:3991:12)
      at dispatchEventForPluginEventSystem 
(node_modules/react-dom/cjs/react-dom.development.js:9287:3)
      at dispatchEventWithEnableCapturePhaseSelectiveHydrationWithoutDiscreteEv
entReplay (node_modules/react-dom/cjs/react-dom.development.js:6465:5)
      at dispatchEvent 
(node_modules/react-dom/cjs/react-dom.development.js:6457:5)
      at dispatchDiscreteEvent 
(node_modules/react-dom/cjs/react-dom.development.js:6430:5)
      at HTMLDivElement.callTheUserObjectsOperation 
(node_modules/jsdom/lib/jsdom/living/generated/EventListener.js:26:30)
      at innerInvokeEventListeners 
(node_modules/jsdom/lib/jsdom/living/events/EventTarget-impl.js:350:25)
      at invokeEventListeners 
(node_modules/jsdom/lib/jsdom/living/events/EventTarget-impl.js:286:3)
      at HTMLInputElementImpl._dispatch 
(node_modules/jsdom/lib/jsdom/living/events/EventTarget-impl.js:233:9)
      at HTMLInputElementImpl.dispatchEvent 
(node_modules/jsdom/lib/jsdom/living/events/EventTarget-impl.js:104:17)
      at HTMLInputElement.dispatchEvent 
(node_modules/jsdom/lib/jsdom/living/generated/EventTarget.js:241:34)
      at 
node_modules/@testing-library/user-event/dist/cjs/event/dispatchEvent.js:45:43
      at Object.eventWrapper 
(node_modules/@testing-library/dom/dist/config.js:25:23)
      at Object.wrapEvent 
(node_modules/@testing-library/user-event/dist/cjs/event/wrapEvent.js:6:28)
      at Object.dispatchEvent (node_modules/@testing-library/user-event/dist/cj
s/event/dispatchEvent.js:45:22)
      at Object.dispatchUIEvent (node_modules/@testing-library/user-event/dist/
cjs/event/dispatchEvent.js:22:26)
      at commitInput 
(node_modules/@testing-library/user-event/dist/cjs/event/input.js:145:14)
      at editInputElement 
(node_modules/@testing-library/user-event/dist/cjs/event/input.js:115:9)
      at Object.input 
(node_modules/@testing-library/user-event/dist/cjs/event/input.js:37:9)
      at node_modules/@testing-library/user-event/dist/cjs/event/behavior/keypr
ess.js:31:26
      at Object.dispatchEvent (node_modules/@testing-library/user-event/dist/cj
s/event/dispatchEvent.js:41:13)
      at Object.dispatchUIEvent (node_modules/@testing-library/user-event/dist/
cjs/event/dispatchEvent.js:22:26)
      at KeyboardHost.keydown 
(node_modules/@testing-library/user-event/dist/cjs/system/keyboard.js:76:22)
      at keyboardAction 
(node_modules/@testing-library/user-event/dist/cjs/keyboard/index.js:22:35)
      at Object.keyboard 
(node_modules/@testing-library/user-event/dist/cjs/keyboard/index.js:11:15)
      at Object.type 
(node_modules/@testing-library/user-event/dist/cjs/utility/type.js:17:5)
      at Object.<anonymous> (src/auth/auth.test.tsx:138:9)

    console.error
      Warning: An update to LoginForm inside a test was not wrapped in 
act(...).
      
      When testing, code that causes React state updates should be wrapped 
into act(...):
      
      act(() => {
        /* fire events that update state */
      });
      /* assert on the output */
      
      This ensures that you're testing the behavior the user would see in the 
browser. Learn more at https://reactjs.org/link/wrap-tests-with-act
          at LoginForm (C:\Users\samhe\OneDrive\Desktop\Cleaned\frontend\src\au
th\LoginForm\LoginForm.tsx:41:33)
          at div
          at div
          at LoginPage
          at routeContext (C:\Users\samhe\OneDrive\Desktop\Cleaned\frontend\nod
e_modules\react-router\lib\hooks.tsx:658:26)
          at children (C:\Users\samhe\OneDrive\Desktop\Cleaned\frontend\node_mo
dules\react-router\lib\components.tsx:512:3)
          at basenameProp (C:\Users\samhe\OneDrive\Desktop\Cleaned\frontend\nod
e_modules\react-router\lib\components.tsx:421:13)
          at basename (C:\Users\samhe\OneDrive\Desktop\Cleaned\frontend\node_mo
dules\react-router\lib\components.tsx:225:3)

      141 |                         placeholder="Enter your password"
      142 |                         value={password}
    > 143 |                         onChange={(e) => 
setPassword(e.target.value)}
          |                                          ^
      144 |                         className="w-full rounded-md border 
border-gray-300 px-3 py-2 pr-10 text-sm focus:outline-none focus:ring-2 
focus:ring-gray-900 disabled:opacity-50"
      145 |                     />
      146 |                     <button

      at printWarning 
(node_modules/react-dom/cjs/react-dom.development.js:86:30)
      at error (node_modules/react-dom/cjs/react-dom.development.js:60:7)
      at warnIfUpdatesNotWrappedWithActDEV 
(node_modules/react-dom/cjs/react-dom.development.js:27628:9)
      at scheduleUpdateOnFiber 
(node_modules/react-dom/cjs/react-dom.development.js:25547:5)
      at dispatchSetState 
(node_modules/react-dom/cjs/react-dom.development.js:16708:7)
      at onChange (src/auth/LoginForm/LoginForm.tsx:143:42)
      at HTMLUnknownElement.callCallback 
(node_modules/react-dom/cjs/react-dom.development.js:4164:14)
      at HTMLUnknownElement.callTheUserObjectsOperation 
(node_modules/jsdom/lib/jsdom/living/generated/EventListener.js:26:30)
      at innerInvokeEventListeners 
(node_modules/jsdom/lib/jsdom/living/events/EventTarget-impl.js:350:25)
      at invokeEventListeners 
(node_modules/jsdom/lib/jsdom/living/events/EventTarget-impl.js:286:3)
      at HTMLUnknownElementImpl._dispatch 
(node_modules/jsdom/lib/jsdom/living/events/EventTarget-impl.js:233:9)
      at HTMLUnknownElementImpl.dispatchEvent 
(node_modules/jsdom/lib/jsdom/living/events/EventTarget-impl.js:104:17)
      at HTMLUnknownElement.dispatchEvent 
(node_modules/jsdom/lib/jsdom/living/generated/EventTarget.js:241:34)
      at Object.invokeGuardedCallbackDev 
(node_modules/react-dom/cjs/react-dom.development.js:4213:16)
      at invokeGuardedCallback 
(node_modules/react-dom/cjs/react-dom.development.js:4277:31)
      at invokeGuardedCallbackAndCatchFirstError 
(node_modules/react-dom/cjs/react-dom.development.js:4291:25)
      at executeDispatch 
(node_modules/react-dom/cjs/react-dom.development.js:9041:3)
      at processDispatchQueueItemsInOrder 
(node_modules/react-dom/cjs/react-dom.development.js:9073:7)
      at processDispatchQueue 
(node_modules/react-dom/cjs/react-dom.development.js:9086:5)
      at dispatchEventsForPlugins 
(node_modules/react-dom/cjs/react-dom.development.js:9097:3)
      at node_modules/react-dom/cjs/react-dom.development.js:9288:12
      at batchedUpdates$1 
(node_modules/react-dom/cjs/react-dom.development.js:26179:12)
      at batchedUpdates 
(node_modules/react-dom/cjs/react-dom.development.js:3991:12)
      at dispatchEventForPluginEventSystem 
(node_modules/react-dom/cjs/react-dom.development.js:9287:3)
      at dispatchEventWithEnableCapturePhaseSelectiveHydrationWithoutDiscreteEv
entReplay (node_modules/react-dom/cjs/react-dom.development.js:6465:5)
      at dispatchEvent 
(node_modules/react-dom/cjs/react-dom.development.js:6457:5)
      at dispatchDiscreteEvent 
(node_modules/react-dom/cjs/react-dom.development.js:6430:5)
      at HTMLDivElement.callTheUserObjectsOperation 
(node_modules/jsdom/lib/jsdom/living/generated/EventListener.js:26:30)
      at innerInvokeEventListeners 
(node_modules/jsdom/lib/jsdom/living/events/EventTarget-impl.js:350:25)
      at invokeEventListeners 
(node_modules/jsdom/lib/jsdom/living/events/EventTarget-impl.js:286:3)
      at HTMLInputElementImpl._dispatch 
(node_modules/jsdom/lib/jsdom/living/events/EventTarget-impl.js:233:9)
      at HTMLInputElementImpl.dispatchEvent 
(node_modules/jsdom/lib/jsdom/living/events/EventTarget-impl.js:104:17)
      at HTMLInputElement.dispatchEvent 
(node_modules/jsdom/lib/jsdom/living/generated/EventTarget.js:241:34)
      at 
node_modules/@testing-library/user-event/dist/cjs/event/dispatchEvent.js:45:43
      at Object.eventWrapper 
(node_modules/@testing-library/dom/dist/config.js:25:23)
      at Object.wrapEvent 
(node_modules/@testing-library/user-event/dist/cjs/event/wrapEvent.js:6:28)
      at Object.dispatchEvent (node_modules/@testing-library/user-event/dist/cj
s/event/dispatchEvent.js:45:22)
      at Object.dispatchUIEvent (node_modules/@testing-library/user-event/dist/
cjs/event/dispatchEvent.js:22:26)
      at commitInput 
(node_modules/@testing-library/user-event/dist/cjs/event/input.js:145:14)
      at editInputElement 
(node_modules/@testing-library/user-event/dist/cjs/event/input.js:115:9)
      at Object.input 
(node_modules/@testing-library/user-event/dist/cjs/event/input.js:37:9)
      at node_modules/@testing-library/user-event/dist/cjs/event/behavior/keypr
ess.js:31:26
      at Object.dispatchEvent (node_modules/@testing-library/user-event/dist/cj
s/event/dispatchEvent.js:41:13)
      at Object.dispatchUIEvent (node_modules/@testing-library/user-event/dist/
cjs/event/dispatchEvent.js:22:26)
      at KeyboardHost.keydown 
(node_modules/@testing-library/user-event/dist/cjs/system/keyboard.js:76:22)
      at keyboardAction 
(node_modules/@testing-library/user-event/dist/cjs/keyboard/index.js:22:35)
      at Object.keyboard 
(node_modules/@testing-library/user-event/dist/cjs/keyboard/index.js:11:15)
      at Object.type 
(node_modules/@testing-library/user-event/dist/cjs/utility/type.js:17:5)
      at Object.<anonymous> (src/auth/auth.test.tsx:138:9)

    console.error
      Warning: An update to LoginForm inside a test was not wrapped in 
act(...).
      
      When testing, code that causes React state updates should be wrapped 
into act(...):
      
      act(() => {
        /* fire events that update state */
      });
      /* assert on the output */
      
      This ensures that you're testing the behavior the user would see in the 
browser. Learn more at https://reactjs.org/link/wrap-tests-with-act
          at LoginForm (C:\Users\samhe\OneDrive\Desktop\Cleaned\frontend\src\au
th\LoginForm\LoginForm.tsx:41:33)
          at div
          at div
          at LoginPage
          at routeContext (C:\Users\samhe\OneDrive\Desktop\Cleaned\frontend\nod
e_modules\react-router\lib\hooks.tsx:658:26)
          at children (C:\Users\samhe\OneDrive\Desktop\Cleaned\frontend\node_mo
dules\react-router\lib\components.tsx:512:3)
          at basenameProp (C:\Users\samhe\OneDrive\Desktop\Cleaned\frontend\nod
e_modules\react-router\lib\components.tsx:421:13)
          at basename (C:\Users\samhe\OneDrive\Desktop\Cleaned\frontend\node_mo
dules\react-router\lib\components.tsx:225:3)

      141 |                         placeholder="Enter your password"
      142 |                         value={password}
    > 143 |                         onChange={(e) => 
setPassword(e.target.value)}
          |                                          ^
      144 |                         className="w-full rounded-md border 
border-gray-300 px-3 py-2 pr-10 text-sm focus:outline-none focus:ring-2 
focus:ring-gray-900 disabled:opacity-50"
      145 |                     />
      146 |                     <button

      at printWarning 
(node_modules/react-dom/cjs/react-dom.development.js:86:30)
      at error (node_modules/react-dom/cjs/react-dom.development.js:60:7)
      at warnIfUpdatesNotWrappedWithActDEV 
(node_modules/react-dom/cjs/react-dom.development.js:27628:9)
      at scheduleUpdateOnFiber 
(node_modules/react-dom/cjs/react-dom.development.js:25547:5)
      at dispatchSetState 
(node_modules/react-dom/cjs/react-dom.development.js:16708:7)
      at onChange (src/auth/LoginForm/LoginForm.tsx:143:42)
      at HTMLUnknownElement.callCallback 
(node_modules/react-dom/cjs/react-dom.development.js:4164:14)
      at HTMLUnknownElement.callTheUserObjectsOperation 
(node_modules/jsdom/lib/jsdom/living/generated/EventListener.js:26:30)
      at innerInvokeEventListeners 
(node_modules/jsdom/lib/jsdom/living/events/EventTarget-impl.js:350:25)
      at invokeEventListeners 
(node_modules/jsdom/lib/jsdom/living/events/EventTarget-impl.js:286:3)
      at HTMLUnknownElementImpl._dispatch 
(node_modules/jsdom/lib/jsdom/living/events/EventTarget-impl.js:233:9)
      at HTMLUnknownElementImpl.dispatchEvent 
(node_modules/jsdom/lib/jsdom/living/events/EventTarget-impl.js:104:17)
      at HTMLUnknownElement.dispatchEvent 
(node_modules/jsdom/lib/jsdom/living/generated/EventTarget.js:241:34)
      at Object.invokeGuardedCallbackDev 
(node_modules/react-dom/cjs/react-dom.development.js:4213:16)
      at invokeGuardedCallback 
(node_modules/react-dom/cjs/react-dom.development.js:4277:31)
      at invokeGuardedCallbackAndCatchFirstError 
(node_modules/react-dom/cjs/react-dom.development.js:4291:25)
      at executeDispatch 
(node_modules/react-dom/cjs/react-dom.development.js:9041:3)
      at processDispatchQueueItemsInOrder 
(node_modules/react-dom/cjs/react-dom.development.js:9073:7)
      at processDispatchQueue 
(node_modules/react-dom/cjs/react-dom.development.js:9086:5)
      at dispatchEventsForPlugins 
(node_modules/react-dom/cjs/react-dom.development.js:9097:3)
      at node_modules/react-dom/cjs/react-dom.development.js:9288:12
      at batchedUpdates$1 
(node_modules/react-dom/cjs/react-dom.development.js:26179:12)
      at batchedUpdates 
(node_modules/react-dom/cjs/react-dom.development.js:3991:12)
      at dispatchEventForPluginEventSystem 
(node_modules/react-dom/cjs/react-dom.development.js:9287:3)
      at dispatchEventWithEnableCapturePhaseSelectiveHydrationWithoutDiscreteEv
entReplay (node_modules/react-dom/cjs/react-dom.development.js:6465:5)
      at dispatchEvent 
(node_modules/react-dom/cjs/react-dom.development.js:6457:5)
      at dispatchDiscreteEvent 
(node_modules/react-dom/cjs/react-dom.development.js:6430:5)
      at HTMLDivElement.callTheUserObjectsOperation 
(node_modules/jsdom/lib/jsdom/living/generated/EventListener.js:26:30)
      at innerInvokeEventListeners 
(node_modules/jsdom/lib/jsdom/living/events/EventTarget-impl.js:350:25)
      at invokeEventListeners 
(node_modules/jsdom/lib/jsdom/living/events/EventTarget-impl.js:286:3)
      at HTMLInputElementImpl._dispatch 
(node_modules/jsdom/lib/jsdom/living/events/EventTarget-impl.js:233:9)
      at HTMLInputElementImpl.dispatchEvent 
(node_modules/jsdom/lib/jsdom/living/events/EventTarget-impl.js:104:17)
      at HTMLInputElement.dispatchEvent 
(node_modules/jsdom/lib/jsdom/living/generated/EventTarget.js:241:34)
      at 
node_modules/@testing-library/user-event/dist/cjs/event/dispatchEvent.js:45:43
      at Object.eventWrapper 
(node_modules/@testing-library/dom/dist/config.js:25:23)
      at Object.wrapEvent 
(node_modules/@testing-library/user-event/dist/cjs/event/wrapEvent.js:6:28)
      at Object.dispatchEvent (node_modules/@testing-library/user-event/dist/cj
s/event/dispatchEvent.js:45:22)
      at Object.dispatchUIEvent (node_modules/@testing-library/user-event/dist/
cjs/event/dispatchEvent.js:22:26)
      at commitInput 
(node_modules/@testing-library/user-event/dist/cjs/event/input.js:145:14)
      at editInputElement 
(node_modules/@testing-library/user-event/dist/cjs/event/input.js:115:9)
      at Object.input 
(node_modules/@testing-library/user-event/dist/cjs/event/input.js:37:9)
      at node_modules/@testing-library/user-event/dist/cjs/event/behavior/keypr
ess.js:31:26
      at Object.dispatchEvent (node_modules/@testing-library/user-event/dist/cj
s/event/dispatchEvent.js:41:13)
      at Object.dispatchUIEvent (node_modules/@testing-library/user-event/dist/
cjs/event/dispatchEvent.js:22:26)
      at KeyboardHost.keydown 
(node_modules/@testing-library/user-event/dist/cjs/system/keyboard.js:76:22)
      at keyboardAction 
(node_modules/@testing-library/user-event/dist/cjs/keyboard/index.js:22:35)
      at Object.keyboard 
(node_modules/@testing-library/user-event/dist/cjs/keyboard/index.js:11:15)
      at Object.type 
(node_modules/@testing-library/user-event/dist/cjs/utility/type.js:17:5)
      at Object.<anonymous> (src/auth/auth.test.tsx:138:9)

    console.error
      Warning: An update to LoginForm inside a test was not wrapped in 
act(...).
      
      When testing, code that causes React state updates should be wrapped 
into act(...):
      
      act(() => {
        /* fire events that update state */
      });
      /* assert on the output */
      
      This ensures that you're testing the behavior the user would see in the 
browser. Learn more at https://reactjs.org/link/wrap-tests-with-act
          at LoginForm (C:\Users\samhe\OneDrive\Desktop\Cleaned\frontend\src\au
th\LoginForm\LoginForm.tsx:41:33)
          at div
          at div
          at LoginPage
          at routeContext (C:\Users\samhe\OneDrive\Desktop\Cleaned\frontend\nod
e_modules\react-router\lib\hooks.tsx:658:26)
          at children (C:\Users\samhe\OneDrive\Desktop\Cleaned\frontend\node_mo
dules\react-router\lib\components.tsx:512:3)
          at basenameProp (C:\Users\samhe\OneDrive\Desktop\Cleaned\frontend\nod
e_modules\react-router\lib\components.tsx:421:13)
          at basename (C:\Users\samhe\OneDrive\Desktop\Cleaned\frontend\node_mo
dules\react-router\lib\components.tsx:225:3)

      141 |                         placeholder="Enter your password"
      142 |                         value={password}
    > 143 |                         onChange={(e) => 
setPassword(e.target.value)}
          |                                          ^
      144 |                         className="w-full rounded-md border 
border-gray-300 px-3 py-2 pr-10 text-sm focus:outline-none focus:ring-2 
focus:ring-gray-900 disabled:opacity-50"
      145 |                     />
      146 |                     <button

      at printWarning 
(node_modules/react-dom/cjs/react-dom.development.js:86:30)
      at error (node_modules/react-dom/cjs/react-dom.development.js:60:7)
      at warnIfUpdatesNotWrappedWithActDEV 
(node_modules/react-dom/cjs/react-dom.development.js:27628:9)
      at scheduleUpdateOnFiber 
(node_modules/react-dom/cjs/react-dom.development.js:25547:5)
      at dispatchSetState 
(node_modules/react-dom/cjs/react-dom.development.js:16708:7)
      at onChange (src/auth/LoginForm/LoginForm.tsx:143:42)
      at HTMLUnknownElement.callCallback 
(node_modules/react-dom/cjs/react-dom.development.js:4164:14)
      at HTMLUnknownElement.callTheUserObjectsOperation 
(node_modules/jsdom/lib/jsdom/living/generated/EventListener.js:26:30)
      at innerInvokeEventListeners 
(node_modules/jsdom/lib/jsdom/living/events/EventTarget-impl.js:350:25)
      at invokeEventListeners 
(node_modules/jsdom/lib/jsdom/living/events/EventTarget-impl.js:286:3)
      at HTMLUnknownElementImpl._dispatch 
(node_modules/jsdom/lib/jsdom/living/events/EventTarget-impl.js:233:9)
      at HTMLUnknownElementImpl.dispatchEvent 
(node_modules/jsdom/lib/jsdom/living/events/EventTarget-impl.js:104:17)
      at HTMLUnknownElement.dispatchEvent 
(node_modules/jsdom/lib/jsdom/living/generated/EventTarget.js:241:34)
      at Object.invokeGuardedCallbackDev 
(node_modules/react-dom/cjs/react-dom.development.js:4213:16)
      at invokeGuardedCallback 
(node_modules/react-dom/cjs/react-dom.development.js:4277:31)
      at invokeGuardedCallbackAndCatchFirstError 
(node_modules/react-dom/cjs/react-dom.development.js:4291:25)
      at executeDispatch 
(node_modules/react-dom/cjs/react-dom.development.js:9041:3)
      at processDispatchQueueItemsInOrder 
(node_modules/react-dom/cjs/react-dom.development.js:9073:7)
      at processDispatchQueue 
(node_modules/react-dom/cjs/react-dom.development.js:9086:5)
      at dispatchEventsForPlugins 
(node_modules/react-dom/cjs/react-dom.development.js:9097:3)
      at node_modules/react-dom/cjs/react-dom.development.js:9288:12
      at batchedUpdates$1 
(node_modules/react-dom/cjs/react-dom.development.js:26179:12)
      at batchedUpdates 
(node_modules/react-dom/cjs/react-dom.development.js:3991:12)
      at dispatchEventForPluginEventSystem 
(node_modules/react-dom/cjs/react-dom.development.js:9287:3)
      at dispatchEventWithEnableCapturePhaseSelectiveHydrationWithoutDiscreteEv
entReplay (node_modules/react-dom/cjs/react-dom.development.js:6465:5)
      at dispatchEvent 
(node_modules/react-dom/cjs/react-dom.development.js:6457:5)
      at dispatchDiscreteEvent 
(node_modules/react-dom/cjs/react-dom.development.js:6430:5)
      at HTMLDivElement.callTheUserObjectsOperation 
(node_modules/jsdom/lib/jsdom/living/generated/EventListener.js:26:30)
      at innerInvokeEventListeners 
(node_modules/jsdom/lib/jsdom/living/events/EventTarget-impl.js:350:25)
      at invokeEventListeners 
(node_modules/jsdom/lib/jsdom/living/events/EventTarget-impl.js:286:3)
      at HTMLInputElementImpl._dispatch 
(node_modules/jsdom/lib/jsdom/living/events/EventTarget-impl.js:233:9)
      at HTMLInputElementImpl.dispatchEvent 
(node_modules/jsdom/lib/jsdom/living/events/EventTarget-impl.js:104:17)
      at HTMLInputElement.dispatchEvent 
(node_modules/jsdom/lib/jsdom/living/generated/EventTarget.js:241:34)
      at 
node_modules/@testing-library/user-event/dist/cjs/event/dispatchEvent.js:45:43
      at Object.eventWrapper 
(node_modules/@testing-library/dom/dist/config.js:25:23)
      at Object.wrapEvent 
(node_modules/@testing-library/user-event/dist/cjs/event/wrapEvent.js:6:28)
      at Object.dispatchEvent (node_modules/@testing-library/user-event/dist/cj
s/event/dispatchEvent.js:45:22)
      at Object.dispatchUIEvent (node_modules/@testing-library/user-event/dist/
cjs/event/dispatchEvent.js:22:26)
      at commitInput 
(node_modules/@testing-library/user-event/dist/cjs/event/input.js:145:14)
      at editInputElement 
(node_modules/@testing-library/user-event/dist/cjs/event/input.js:115:9)
      at Object.input 
(node_modules/@testing-library/user-event/dist/cjs/event/input.js:37:9)
      at node_modules/@testing-library/user-event/dist/cjs/event/behavior/keypr
ess.js:31:26
      at Object.dispatchEvent (node_modules/@testing-library/user-event/dist/cj
s/event/dispatchEvent.js:41:13)
      at Object.dispatchUIEvent (node_modules/@testing-library/user-event/dist/
cjs/event/dispatchEvent.js:22:26)
      at KeyboardHost.keydown 
(node_modules/@testing-library/user-event/dist/cjs/system/keyboard.js:76:22)
      at keyboardAction 
(node_modules/@testing-library/user-event/dist/cjs/keyboard/index.js:22:35)
      at Object.keyboard 
(node_modules/@testing-library/user-event/dist/cjs/keyboard/index.js:11:15)
      at Object.type 
(node_modules/@testing-library/user-event/dist/cjs/utility/type.js:17:5)
      at Object.<anonymous> (src/auth/auth.test.tsx:138:9)

    console.error
      Warning: An update to LoginForm inside a test was not wrapped in 
act(...).
      
      When testing, code that causes React state updates should be wrapped 
into act(...):
      
      act(() => {
        /* fire events that update state */
      });
      /* assert on the output */
      
      This ensures that you're testing the behavior the user would see in the 
browser. Learn more at https://reactjs.org/link/wrap-tests-with-act
          at LoginForm (C:\Users\samhe\OneDrive\Desktop\Cleaned\frontend\src\au
th\LoginForm\LoginForm.tsx:41:33)
          at div
          at div
          at LoginPage
          at routeContext (C:\Users\samhe\OneDrive\Desktop\Cleaned\frontend\nod
e_modules\react-router\lib\hooks.tsx:658:26)
          at children (C:\Users\samhe\OneDrive\Desktop\Cleaned\frontend\node_mo
dules\react-router\lib\components.tsx:512:3)
          at basenameProp (C:\Users\samhe\OneDrive\Desktop\Cleaned\frontend\nod
e_modules\react-router\lib\components.tsx:421:13)
          at basename (C:\Users\samhe\OneDrive\Desktop\Cleaned\frontend\node_mo
dules\react-router\lib\components.tsx:225:3)

      141 |                         placeholder="Enter your password"
      142 |                         value={password}
    > 143 |                         onChange={(e) => 
setPassword(e.target.value)}
          |                                          ^
      144 |                         className="w-full rounded-md border 
border-gray-300 px-3 py-2 pr-10 text-sm focus:outline-none focus:ring-2 
focus:ring-gray-900 disabled:opacity-50"
      145 |                     />
      146 |                     <button

      at printWarning 
(node_modules/react-dom/cjs/react-dom.development.js:86:30)
      at error (node_modules/react-dom/cjs/react-dom.development.js:60:7)
      at warnIfUpdatesNotWrappedWithActDEV 
(node_modules/react-dom/cjs/react-dom.development.js:27628:9)
      at scheduleUpdateOnFiber 
(node_modules/react-dom/cjs/react-dom.development.js:25547:5)
      at dispatchSetState 
(node_modules/react-dom/cjs/react-dom.development.js:16708:7)
      at onChange (src/auth/LoginForm/LoginForm.tsx:143:42)
      at HTMLUnknownElement.callCallback 
(node_modules/react-dom/cjs/react-dom.development.js:4164:14)
      at HTMLUnknownElement.callTheUserObjectsOperation 
(node_modules/jsdom/lib/jsdom/living/generated/EventListener.js:26:30)
      at innerInvokeEventListeners 
(node_modules/jsdom/lib/jsdom/living/events/EventTarget-impl.js:350:25)
      at invokeEventListeners 
(node_modules/jsdom/lib/jsdom/living/events/EventTarget-impl.js:286:3)
      at HTMLUnknownElementImpl._dispatch 
(node_modules/jsdom/lib/jsdom/living/events/EventTarget-impl.js:233:9)
      at HTMLUnknownElementImpl.dispatchEvent 
(node_modules/jsdom/lib/jsdom/living/events/EventTarget-impl.js:104:17)
      at HTMLUnknownElement.dispatchEvent 
(node_modules/jsdom/lib/jsdom/living/generated/EventTarget.js:241:34)
      at Object.invokeGuardedCallbackDev 
(node_modules/react-dom/cjs/react-dom.development.js:4213:16)
      at invokeGuardedCallback 
(node_modules/react-dom/cjs/react-dom.development.js:4277:31)
      at invokeGuardedCallbackAndCatchFirstError 
(node_modules/react-dom/cjs/react-dom.development.js:4291:25)
      at executeDispatch 
(node_modules/react-dom/cjs/react-dom.development.js:9041:3)
      at processDispatchQueueItemsInOrder 
(node_modules/react-dom/cjs/react-dom.development.js:9073:7)
      at processDispatchQueue 
(node_modules/react-dom/cjs/react-dom.development.js:9086:5)
      at dispatchEventsForPlugins 
(node_modules/react-dom/cjs/react-dom.development.js:9097:3)
      at node_modules/react-dom/cjs/react-dom.development.js:9288:12
      at batchedUpdates$1 
(node_modules/react-dom/cjs/react-dom.development.js:26179:12)
      at batchedUpdates 
(node_modules/react-dom/cjs/react-dom.development.js:3991:12)
      at dispatchEventForPluginEventSystem 
(node_modules/react-dom/cjs/react-dom.development.js:9287:3)
      at dispatchEventWithEnableCapturePhaseSelectiveHydrationWithoutDiscreteEv
entReplay (node_modules/react-dom/cjs/react-dom.development.js:6465:5)
      at dispatchEvent 
(node_modules/react-dom/cjs/react-dom.development.js:6457:5)
      at dispatchDiscreteEvent 
(node_modules/react-dom/cjs/react-dom.development.js:6430:5)
      at HTMLDivElement.callTheUserObjectsOperation 
(node_modules/jsdom/lib/jsdom/living/generated/EventListener.js:26:30)
      at innerInvokeEventListeners 
(node_modules/jsdom/lib/jsdom/living/events/EventTarget-impl.js:350:25)
      at invokeEventListeners 
(node_modules/jsdom/lib/jsdom/living/events/EventTarget-impl.js:286:3)
      at HTMLInputElementImpl._dispatch 
(node_modules/jsdom/lib/jsdom/living/events/EventTarget-impl.js:233:9)
      at HTMLInputElementImpl.dispatchEvent 
(node_modules/jsdom/lib/jsdom/living/events/EventTarget-impl.js:104:17)
      at HTMLInputElement.dispatchEvent 
(node_modules/jsdom/lib/jsdom/living/generated/EventTarget.js:241:34)
      at 
node_modules/@testing-library/user-event/dist/cjs/event/dispatchEvent.js:45:43
      at Object.eventWrapper 
(node_modules/@testing-library/dom/dist/config.js:25:23)
      at Object.wrapEvent 
(node_modules/@testing-library/user-event/dist/cjs/event/wrapEvent.js:6:28)
      at Object.dispatchEvent (node_modules/@testing-library/user-event/dist/cj
s/event/dispatchEvent.js:45:22)
      at Object.dispatchUIEvent (node_modules/@testing-library/user-event/dist/
cjs/event/dispatchEvent.js:22:26)
      at commitInput 
(node_modules/@testing-library/user-event/dist/cjs/event/input.js:145:14)
      at editInputElement 
(node_modules/@testing-library/user-event/dist/cjs/event/input.js:115:9)
      at Object.input 
(node_modules/@testing-library/user-event/dist/cjs/event/input.js:37:9)
      at node_modules/@testing-library/user-event/dist/cjs/event/behavior/keypr
ess.js:31:26
      at Object.dispatchEvent (node_modules/@testing-library/user-event/dist/cj
s/event/dispatchEvent.js:41:13)
      at Object.dispatchUIEvent (node_modules/@testing-library/user-event/dist/
cjs/event/dispatchEvent.js:22:26)
      at KeyboardHost.keydown 
(node_modules/@testing-library/user-event/dist/cjs/system/keyboard.js:76:22)
      at keyboardAction 
(node_modules/@testing-library/user-event/dist/cjs/keyboard/index.js:22:35)
      at Object.keyboard 
(node_modules/@testing-library/user-event/dist/cjs/keyboard/index.js:11:15)
      at Object.type 
(node_modules/@testing-library/user-event/dist/cjs/utility/type.js:17:5)
      at Object.<anonymous> (src/auth/auth.test.tsx:138:9)

    console.error
      Warning: An update to LoginForm inside a test was not wrapped in 
act(...).
      
      When testing, code that causes React state updates should be wrapped 
into act(...):
      
      act(() => {
        /* fire events that update state */
      });
      /* assert on the output */
      
      This ensures that you're testing the behavior the user would see in the 
browser. Learn more at https://reactjs.org/link/wrap-tests-with-act
          at LoginForm (C:\Users\samhe\OneDrive\Desktop\Cleaned\frontend\src\au
th\LoginForm\LoginForm.tsx:41:33)
          at div
          at div
          at LoginPage
          at routeContext (C:\Users\samhe\OneDrive\Desktop\Cleaned\frontend\nod
e_modules\react-router\lib\hooks.tsx:658:26)
          at children (C:\Users\samhe\OneDrive\Desktop\Cleaned\frontend\node_mo
dules\react-router\lib\components.tsx:512:3)
          at basenameProp (C:\Users\samhe\OneDrive\Desktop\Cleaned\frontend\nod
e_modules\react-router\lib\components.tsx:421:13)
          at basename (C:\Users\samhe\OneDrive\Desktop\Cleaned\frontend\node_mo
dules\react-router\lib\components.tsx:225:3)

      141 |                         placeholder="Enter your password"
      142 |                         value={password}
    > 143 |                         onChange={(e) => 
setPassword(e.target.value)}
          |                                          ^
      144 |                         className="w-full rounded-md border 
border-gray-300 px-3 py-2 pr-10 text-sm focus:outline-none focus:ring-2 
focus:ring-gray-900 disabled:opacity-50"
      145 |                     />
      146 |                     <button

      at printWarning 
(node_modules/react-dom/cjs/react-dom.development.js:86:30)
      at error (node_modules/react-dom/cjs/react-dom.development.js:60:7)
      at warnIfUpdatesNotWrappedWithActDEV 
(node_modules/react-dom/cjs/react-dom.development.js:27628:9)
      at scheduleUpdateOnFiber 
(node_modules/react-dom/cjs/react-dom.development.js:25547:5)
      at dispatchSetState 
(node_modules/react-dom/cjs/react-dom.development.js:16708:7)
      at onChange (src/auth/LoginForm/LoginForm.tsx:143:42)
      at HTMLUnknownElement.callCallback 
(node_modules/react-dom/cjs/react-dom.development.js:4164:14)
      at HTMLUnknownElement.callTheUserObjectsOperation 
(node_modules/jsdom/lib/jsdom/living/generated/EventListener.js:26:30)
      at innerInvokeEventListeners 
(node_modules/jsdom/lib/jsdom/living/events/EventTarget-impl.js:350:25)
      at invokeEventListeners 
(node_modules/jsdom/lib/jsdom/living/events/EventTarget-impl.js:286:3)
      at HTMLUnknownElementImpl._dispatch 
(node_modules/jsdom/lib/jsdom/living/events/EventTarget-impl.js:233:9)
      at HTMLUnknownElementImpl.dispatchEvent 
(node_modules/jsdom/lib/jsdom/living/events/EventTarget-impl.js:104:17)
      at HTMLUnknownElement.dispatchEvent 
(node_modules/jsdom/lib/jsdom/living/generated/EventTarget.js:241:34)
      at Object.invokeGuardedCallbackDev 
(node_modules/react-dom/cjs/react-dom.development.js:4213:16)
      at invokeGuardedCallback 
(node_modules/react-dom/cjs/react-dom.development.js:4277:31)
      at invokeGuardedCallbackAndCatchFirstError 
(node_modules/react-dom/cjs/react-dom.development.js:4291:25)
      at executeDispatch 
(node_modules/react-dom/cjs/react-dom.development.js:9041:3)
      at processDispatchQueueItemsInOrder 
(node_modules/react-dom/cjs/react-dom.development.js:9073:7)
      at processDispatchQueue 
(node_modules/react-dom/cjs/react-dom.development.js:9086:5)
      at dispatchEventsForPlugins 
(node_modules/react-dom/cjs/react-dom.development.js:9097:3)
      at node_modules/react-dom/cjs/react-dom.development.js:9288:12
      at batchedUpdates$1 
(node_modules/react-dom/cjs/react-dom.development.js:26179:12)
      at batchedUpdates 
(node_modules/react-dom/cjs/react-dom.development.js:3991:12)
      at dispatchEventForPluginEventSystem 
(node_modules/react-dom/cjs/react-dom.development.js:9287:3)
      at dispatchEventWithEnableCapturePhaseSelectiveHydrationWithoutDiscreteEv
entReplay (node_modules/react-dom/cjs/react-dom.development.js:6465:5)
      at dispatchEvent 
(node_modules/react-dom/cjs/react-dom.development.js:6457:5)
      at dispatchDiscreteEvent 
(node_modules/react-dom/cjs/react-dom.development.js:6430:5)
      at HTMLDivElement.callTheUserObjectsOperation 
(node_modules/jsdom/lib/jsdom/living/generated/EventListener.js:26:30)
      at innerInvokeEventListeners 
(node_modules/jsdom/lib/jsdom/living/events/EventTarget-impl.js:350:25)
      at invokeEventListeners 
(node_modules/jsdom/lib/jsdom/living/events/EventTarget-impl.js:286:3)
      at HTMLInputElementImpl._dispatch 
(node_modules/jsdom/lib/jsdom/living/events/EventTarget-impl.js:233:9)
      at HTMLInputElementImpl.dispatchEvent 
(node_modules/jsdom/lib/jsdom/living/events/EventTarget-impl.js:104:17)
      at HTMLInputElement.dispatchEvent 
(node_modules/jsdom/lib/jsdom/living/generated/EventTarget.js:241:34)
      at 
node_modules/@testing-library/user-event/dist/cjs/event/dispatchEvent.js:45:43
      at Object.eventWrapper 
(node_modules/@testing-library/dom/dist/config.js:25:23)
      at Object.wrapEvent 
(node_modules/@testing-library/user-event/dist/cjs/event/wrapEvent.js:6:28)
      at Object.dispatchEvent (node_modules/@testing-library/user-event/dist/cj
s/event/dispatchEvent.js:45:22)
      at Object.dispatchUIEvent (node_modules/@testing-library/user-event/dist/
cjs/event/dispatchEvent.js:22:26)
      at commitInput 
(node_modules/@testing-library/user-event/dist/cjs/event/input.js:145:14)
      at editInputElement 
(node_modules/@testing-library/user-event/dist/cjs/event/input.js:115:9)
      at Object.input 
(node_modules/@testing-library/user-event/dist/cjs/event/input.js:37:9)
      at node_modules/@testing-library/user-event/dist/cjs/event/behavior/keypr
ess.js:31:26
      at Object.dispatchEvent (node_modules/@testing-library/user-event/dist/cj
s/event/dispatchEvent.js:41:13)
      at Object.dispatchUIEvent (node_modules/@testing-library/user-event/dist/
cjs/event/dispatchEvent.js:22:26)
      at KeyboardHost.keydown 
(node_modules/@testing-library/user-event/dist/cjs/system/keyboard.js:76:22)
      at keyboardAction 
(node_modules/@testing-library/user-event/dist/cjs/keyboard/index.js:22:35)
      at Object.keyboard 
(node_modules/@testing-library/user-event/dist/cjs/keyboard/index.js:11:15)
      at Object.type 
(node_modules/@testing-library/user-event/dist/cjs/utility/type.js:17:5)
      at Object.<anonymous> (src/auth/auth.test.tsx:138:9)

    console.error
      Warning: An update to LoginForm inside a test was not wrapped in 
act(...).
      
      When testing, code that causes React state updates should be wrapped 
into act(...):
      
      act(() => {
        /* fire events that update state */
      });
      /* assert on the output */
      
      This ensures that you're testing the behavior the user would see in the 
browser. Learn more at https://reactjs.org/link/wrap-tests-with-act
          at LoginForm (C:\Users\samhe\OneDrive\Desktop\Cleaned\frontend\src\au
th\LoginForm\LoginForm.tsx:41:33)
          at div
          at div
          at LoginPage
          at routeContext (C:\Users\samhe\OneDrive\Desktop\Cleaned\frontend\nod
e_modules\react-router\lib\hooks.tsx:658:26)
          at children (C:\Users\samhe\OneDrive\Desktop\Cleaned\frontend\node_mo
dules\react-router\lib\components.tsx:512:3)
          at basenameProp (C:\Users\samhe\OneDrive\Desktop\Cleaned\frontend\nod
e_modules\react-router\lib\components.tsx:421:13)
          at basename (C:\Users\samhe\OneDrive\Desktop\Cleaned\frontend\node_mo
dules\react-router\lib\components.tsx:225:3)

      141 |                         placeholder="Enter your password"
      142 |                         value={password}
    > 143 |                         onChange={(e) => 
setPassword(e.target.value)}
          |                                          ^
      144 |                         className="w-full rounded-md border 
border-gray-300 px-3 py-2 pr-10 text-sm focus:outline-none focus:ring-2 
focus:ring-gray-900 disabled:opacity-50"
      145 |                     />
      146 |                     <button

      at printWarning 
(node_modules/react-dom/cjs/react-dom.development.js:86:30)
      at error (node_modules/react-dom/cjs/react-dom.development.js:60:7)
      at warnIfUpdatesNotWrappedWithActDEV 
(node_modules/react-dom/cjs/react-dom.development.js:27628:9)
      at scheduleUpdateOnFiber 
(node_modules/react-dom/cjs/react-dom.development.js:25547:5)
      at dispatchSetState 
(node_modules/react-dom/cjs/react-dom.development.js:16708:7)
      at onChange (src/auth/LoginForm/LoginForm.tsx:143:42)
      at HTMLUnknownElement.callCallback 
(node_modules/react-dom/cjs/react-dom.development.js:4164:14)
      at HTMLUnknownElement.callTheUserObjectsOperation 
(node_modules/jsdom/lib/jsdom/living/generated/EventListener.js:26:30)
      at innerInvokeEventListeners 
(node_modules/jsdom/lib/jsdom/living/events/EventTarget-impl.js:350:25)
      at invokeEventListeners 
(node_modules/jsdom/lib/jsdom/living/events/EventTarget-impl.js:286:3)
      at HTMLUnknownElementImpl._dispatch 
(node_modules/jsdom/lib/jsdom/living/events/EventTarget-impl.js:233:9)
      at HTMLUnknownElementImpl.dispatchEvent 
(node_modules/jsdom/lib/jsdom/living/events/EventTarget-impl.js:104:17)
      at HTMLUnknownElement.dispatchEvent 
(node_modules/jsdom/lib/jsdom/living/generated/EventTarget.js:241:34)
      at Object.invokeGuardedCallbackDev 
(node_modules/react-dom/cjs/react-dom.development.js:4213:16)
      at invokeGuardedCallback 
(node_modules/react-dom/cjs/react-dom.development.js:4277:31)
      at invokeGuardedCallbackAndCatchFirstError 
(node_modules/react-dom/cjs/react-dom.development.js:4291:25)
      at executeDispatch 
(node_modules/react-dom/cjs/react-dom.development.js:9041:3)
      at processDispatchQueueItemsInOrder 
(node_modules/react-dom/cjs/react-dom.development.js:9073:7)
      at processDispatchQueue 
(node_modules/react-dom/cjs/react-dom.development.js:9086:5)
      at dispatchEventsForPlugins 
(node_modules/react-dom/cjs/react-dom.development.js:9097:3)
      at node_modules/react-dom/cjs/react-dom.development.js:9288:12
      at batchedUpdates$1 
(node_modules/react-dom/cjs/react-dom.development.js:26179:12)
      at batchedUpdates 
(node_modules/react-dom/cjs/react-dom.development.js:3991:12)
      at dispatchEventForPluginEventSystem 
(node_modules/react-dom/cjs/react-dom.development.js:9287:3)
      at dispatchEventWithEnableCapturePhaseSelectiveHydrationWithoutDiscreteEv
entReplay (node_modules/react-dom/cjs/react-dom.development.js:6465:5)
      at dispatchEvent 
(node_modules/react-dom/cjs/react-dom.development.js:6457:5)
      at dispatchDiscreteEvent 
(node_modules/react-dom/cjs/react-dom.development.js:6430:5)
      at HTMLDivElement.callTheUserObjectsOperation 
(node_modules/jsdom/lib/jsdom/living/generated/EventListener.js:26:30)
      at innerInvokeEventListeners 
(node_modules/jsdom/lib/jsdom/living/events/EventTarget-impl.js:350:25)
      at invokeEventListeners 
(node_modules/jsdom/lib/jsdom/living/events/EventTarget-impl.js:286:3)
      at HTMLInputElementImpl._dispatch 
(node_modules/jsdom/lib/jsdom/living/events/EventTarget-impl.js:233:9)
      at HTMLInputElementImpl.dispatchEvent 
(node_modules/jsdom/lib/jsdom/living/events/EventTarget-impl.js:104:17)
      at HTMLInputElement.dispatchEvent 
(node_modules/jsdom/lib/jsdom/living/generated/EventTarget.js:241:34)
      at 
node_modules/@testing-library/user-event/dist/cjs/event/dispatchEvent.js:45:43
      at Object.eventWrapper 
(node_modules/@testing-library/dom/dist/config.js:25:23)
      at Object.wrapEvent 
(node_modules/@testing-library/user-event/dist/cjs/event/wrapEvent.js:6:28)
      at Object.dispatchEvent (node_modules/@testing-library/user-event/dist/cj
s/event/dispatchEvent.js:45:22)
      at Object.dispatchUIEvent (node_modules/@testing-library/user-event/dist/
cjs/event/dispatchEvent.js:22:26)
      at commitInput 
(node_modules/@testing-library/user-event/dist/cjs/event/input.js:145:14)
      at editInputElement 
(node_modules/@testing-library/user-event/dist/cjs/event/input.js:115:9)
      at Object.input 
(node_modules/@testing-library/user-event/dist/cjs/event/input.js:37:9)
      at node_modules/@testing-library/user-event/dist/cjs/event/behavior/keypr
ess.js:31:26
      at Object.dispatchEvent (node_modules/@testing-library/user-event/dist/cj
s/event/dispatchEvent.js:41:13)
      at Object.dispatchUIEvent (node_modules/@testing-library/user-event/dist/
cjs/event/dispatchEvent.js:22:26)
      at KeyboardHost.keydown 
(node_modules/@testing-library/user-event/dist/cjs/system/keyboard.js:76:22)
      at keyboardAction 
(node_modules/@testing-library/user-event/dist/cjs/keyboard/index.js:22:35)
      at Object.keyboard 
(node_modules/@testing-library/user-event/dist/cjs/keyboard/index.js:11:15)
      at Object.type 
(node_modules/@testing-library/user-event/dist/cjs/utility/type.js:17:5)
      at Object.<anonymous> (src/auth/auth.test.tsx:138:9)

    console.error
      Warning: An update to LoginForm inside a test was not wrapped in 
act(...).
      
      When testing, code that causes React state updates should be wrapped 
into act(...):
      
      act(() => {
        /* fire events that update state */
      });
      /* assert on the output */
      
      This ensures that you're testing the behavior the user would see in the 
browser. Learn more at https://reactjs.org/link/wrap-tests-with-act
          at LoginForm (C:\Users\samhe\OneDrive\Desktop\Cleaned\frontend\src\au
th\LoginForm\LoginForm.tsx:41:33)
          at div
          at div
          at LoginPage
          at routeContext (C:\Users\samhe\OneDrive\Desktop\Cleaned\frontend\nod
e_modules\react-router\lib\hooks.tsx:658:26)
          at children (C:\Users\samhe\OneDrive\Desktop\Cleaned\frontend\node_mo
dules\react-router\lib\components.tsx:512:3)
          at basenameProp (C:\Users\samhe\OneDrive\Desktop\Cleaned\frontend\nod
e_modules\react-router\lib\components.tsx:421:13)
          at basename (C:\Users\samhe\OneDrive\Desktop\Cleaned\frontend\node_mo
dules\react-router\lib\components.tsx:225:3)

      141 |                         placeholder="Enter your password"
      142 |                         value={password}
    > 143 |                         onChange={(e) => 
setPassword(e.target.value)}
          |                                          ^
      144 |                         className="w-full rounded-md border 
border-gray-300 px-3 py-2 pr-10 text-sm focus:outline-none focus:ring-2 
focus:ring-gray-900 disabled:opacity-50"
      145 |                     />
      146 |                     <button

      at printWarning 
(node_modules/react-dom/cjs/react-dom.development.js:86:30)
      at error (node_modules/react-dom/cjs/react-dom.development.js:60:7)
      at warnIfUpdatesNotWrappedWithActDEV 
(node_modules/react-dom/cjs/react-dom.development.js:27628:9)
      at scheduleUpdateOnFiber 
(node_modules/react-dom/cjs/react-dom.development.js:25547:5)
      at dispatchSetState 
(node_modules/react-dom/cjs/react-dom.development.js:16708:7)
      at onChange (src/auth/LoginForm/LoginForm.tsx:143:42)
      at HTMLUnknownElement.callCallback 
(node_modules/react-dom/cjs/react-dom.development.js:4164:14)
      at HTMLUnknownElement.callTheUserObjectsOperation 
(node_modules/jsdom/lib/jsdom/living/generated/EventListener.js:26:30)
      at innerInvokeEventListeners 
(node_modules/jsdom/lib/jsdom/living/events/EventTarget-impl.js:350:25)
      at invokeEventListeners 
(node_modules/jsdom/lib/jsdom/living/events/EventTarget-impl.js:286:3)
      at HTMLUnknownElementImpl._dispatch 
(node_modules/jsdom/lib/jsdom/living/events/EventTarget-impl.js:233:9)
      at HTMLUnknownElementImpl.dispatchEvent 
(node_modules/jsdom/lib/jsdom/living/events/EventTarget-impl.js:104:17)
      at HTMLUnknownElement.dispatchEvent 
(node_modules/jsdom/lib/jsdom/living/generated/EventTarget.js:241:34)
      at Object.invokeGuardedCallbackDev 
(node_modules/react-dom/cjs/react-dom.development.js:4213:16)
      at invokeGuardedCallback 
(node_modules/react-dom/cjs/react-dom.development.js:4277:31)
      at invokeGuardedCallbackAndCatchFirstError 
(node_modules/react-dom/cjs/react-dom.development.js:4291:25)
      at executeDispatch 
(node_modules/react-dom/cjs/react-dom.development.js:9041:3)
      at processDispatchQueueItemsInOrder 
(node_modules/react-dom/cjs/react-dom.development.js:9073:7)
      at processDispatchQueue 
(node_modules/react-dom/cjs/react-dom.development.js:9086:5)
      at dispatchEventsForPlugins 
(node_modules/react-dom/cjs/react-dom.development.js:9097:3)
      at node_modules/react-dom/cjs/react-dom.development.js:9288:12
      at batchedUpdates$1 
(node_modules/react-dom/cjs/react-dom.development.js:26179:12)
      at batchedUpdates 
(node_modules/react-dom/cjs/react-dom.development.js:3991:12)
      at dispatchEventForPluginEventSystem 
(node_modules/react-dom/cjs/react-dom.development.js:9287:3)
      at dispatchEventWithEnableCapturePhaseSelectiveHydrationWithoutDiscreteEv
entReplay (node_modules/react-dom/cjs/react-dom.development.js:6465:5)
      at dispatchEvent 
(node_modules/react-dom/cjs/react-dom.development.js:6457:5)
      at dispatchDiscreteEvent 
(node_modules/react-dom/cjs/react-dom.development.js:6430:5)
      at HTMLDivElement.callTheUserObjectsOperation 
(node_modules/jsdom/lib/jsdom/living/generated/EventListener.js:26:30)
      at innerInvokeEventListeners 
(node_modules/jsdom/lib/jsdom/living/events/EventTarget-impl.js:350:25)
      at invokeEventListeners 
(node_modules/jsdom/lib/jsdom/living/events/EventTarget-impl.js:286:3)
      at HTMLInputElementImpl._dispatch 
(node_modules/jsdom/lib/jsdom/living/events/EventTarget-impl.js:233:9)
      at HTMLInputElementImpl.dispatchEvent 
(node_modules/jsdom/lib/jsdom/living/events/EventTarget-impl.js:104:17)
      at HTMLInputElement.dispatchEvent 
(node_modules/jsdom/lib/jsdom/living/generated/EventTarget.js:241:34)
      at 
node_modules/@testing-library/user-event/dist/cjs/event/dispatchEvent.js:45:43
      at Object.eventWrapper 
(node_modules/@testing-library/dom/dist/config.js:25:23)
      at Object.wrapEvent 
(node_modules/@testing-library/user-event/dist/cjs/event/wrapEvent.js:6:28)
      at Object.dispatchEvent (node_modules/@testing-library/user-event/dist/cj
s/event/dispatchEvent.js:45:22)
      at Object.dispatchUIEvent (node_modules/@testing-library/user-event/dist/
cjs/event/dispatchEvent.js:22:26)
      at commitInput 
(node_modules/@testing-library/user-event/dist/cjs/event/input.js:145:14)
      at editInputElement 
(node_modules/@testing-library/user-event/dist/cjs/event/input.js:115:9)
      at Object.input 
(node_modules/@testing-library/user-event/dist/cjs/event/input.js:37:9)
      at node_modules/@testing-library/user-event/dist/cjs/event/behavior/keypr
ess.js:31:26
      at Object.dispatchEvent (node_modules/@testing-library/user-event/dist/cj
s/event/dispatchEvent.js:41:13)
      at Object.dispatchUIEvent (node_modules/@testing-library/user-event/dist/
cjs/event/dispatchEvent.js:22:26)
      at KeyboardHost.keydown 
(node_modules/@testing-library/user-event/dist/cjs/system/keyboard.js:76:22)
      at keyboardAction 
(node_modules/@testing-library/user-event/dist/cjs/keyboard/index.js:22:35)
      at Object.keyboard 
(node_modules/@testing-library/user-event/dist/cjs/keyboard/index.js:11:15)
      at Object.type 
(node_modules/@testing-library/user-event/dist/cjs/utility/type.js:17:5)
      at Object.<anonymous> (src/auth/auth.test.tsx:138:9)

    console.error
      Warning: An update to LoginForm inside a test was not wrapped in 
act(...).
      
      When testing, code that causes React state updates should be wrapped 
into act(...):
      
      act(() => {
        /* fire events that update state */
      });
      /* assert on the output */
      
      This ensures that you're testing the behavior the user would see in the 
browser. Learn more at https://reactjs.org/link/wrap-tests-with-act
          at LoginForm (C:\Users\samhe\OneDrive\Desktop\Cleaned\frontend\src\au
th\LoginForm\LoginForm.tsx:41:33)
          at div
          at div
          at LoginPage
          at routeContext (C:\Users\samhe\OneDrive\Desktop\Cleaned\frontend\nod
e_modules\react-router\lib\hooks.tsx:658:26)
          at children (C:\Users\samhe\OneDrive\Desktop\Cleaned\frontend\node_mo
dules\react-router\lib\components.tsx:512:3)
          at basenameProp (C:\Users\samhe\OneDrive\Desktop\Cleaned\frontend\nod
e_modules\react-router\lib\components.tsx:421:13)
          at basename (C:\Users\samhe\OneDrive\Desktop\Cleaned\frontend\node_mo
dules\react-router\lib\components.tsx:225:3)

      141 |                         placeholder="Enter your password"
      142 |                         value={password}
    > 143 |                         onChange={(e) => 
setPassword(e.target.value)}
          |                                          ^
      144 |                         className="w-full rounded-md border 
border-gray-300 px-3 py-2 pr-10 text-sm focus:outline-none focus:ring-2 
focus:ring-gray-900 disabled:opacity-50"
      145 |                     />
      146 |                     <button

      at printWarning 
(node_modules/react-dom/cjs/react-dom.development.js:86:30)
      at error (node_modules/react-dom/cjs/react-dom.development.js:60:7)
      at warnIfUpdatesNotWrappedWithActDEV 
(node_modules/react-dom/cjs/react-dom.development.js:27628:9)
      at scheduleUpdateOnFiber 
(node_modules/react-dom/cjs/react-dom.development.js:25547:5)
      at dispatchSetState 
(node_modules/react-dom/cjs/react-dom.development.js:16708:7)
      at onChange (src/auth/LoginForm/LoginForm.tsx:143:42)
      at HTMLUnknownElement.callCallback 
(node_modules/react-dom/cjs/react-dom.development.js:4164:14)
      at HTMLUnknownElement.callTheUserObjectsOperation 
(node_modules/jsdom/lib/jsdom/living/generated/EventListener.js:26:30)
      at innerInvokeEventListeners 
(node_modules/jsdom/lib/jsdom/living/events/EventTarget-impl.js:350:25)
      at invokeEventListeners 
(node_modules/jsdom/lib/jsdom/living/events/EventTarget-impl.js:286:3)
      at HTMLUnknownElementImpl._dispatch 
(node_modules/jsdom/lib/jsdom/living/events/EventTarget-impl.js:233:9)
      at HTMLUnknownElementImpl.dispatchEvent 
(node_modules/jsdom/lib/jsdom/living/events/EventTarget-impl.js:104:17)
      at HTMLUnknownElement.dispatchEvent 
(node_modules/jsdom/lib/jsdom/living/generated/EventTarget.js:241:34)
      at Object.invokeGuardedCallbackDev 
(node_modules/react-dom/cjs/react-dom.development.js:4213:16)
      at invokeGuardedCallback 
(node_modules/react-dom/cjs/react-dom.development.js:4277:31)
      at invokeGuardedCallbackAndCatchFirstError 
(node_modules/react-dom/cjs/react-dom.development.js:4291:25)
      at executeDispatch 
(node_modules/react-dom/cjs/react-dom.development.js:9041:3)
      at processDispatchQueueItemsInOrder 
(node_modules/react-dom/cjs/react-dom.development.js:9073:7)
      at processDispatchQueue 
(node_modules/react-dom/cjs/react-dom.development.js:9086:5)
      at dispatchEventsForPlugins 
(node_modules/react-dom/cjs/react-dom.development.js:9097:3)
      at node_modules/react-dom/cjs/react-dom.development.js:9288:12
      at batchedUpdates$1 
(node_modules/react-dom/cjs/react-dom.development.js:26179:12)
      at batchedUpdates 
(node_modules/react-dom/cjs/react-dom.development.js:3991:12)
      at dispatchEventForPluginEventSystem 
(node_modules/react-dom/cjs/react-dom.development.js:9287:3)
      at dispatchEventWithEnableCapturePhaseSelectiveHydrationWithoutDiscreteEv
entReplay (node_modules/react-dom/cjs/react-dom.development.js:6465:5)
      at dispatchEvent 
(node_modules/react-dom/cjs/react-dom.development.js:6457:5)
      at dispatchDiscreteEvent 
(node_modules/react-dom/cjs/react-dom.development.js:6430:5)
      at HTMLDivElement.callTheUserObjectsOperation 
(node_modules/jsdom/lib/jsdom/living/generated/EventListener.js:26:30)
      at innerInvokeEventListeners 
(node_modules/jsdom/lib/jsdom/living/events/EventTarget-impl.js:350:25)
      at invokeEventListeners 
(node_modules/jsdom/lib/jsdom/living/events/EventTarget-impl.js:286:3)
      at HTMLInputElementImpl._dispatch 
(node_modules/jsdom/lib/jsdom/living/events/EventTarget-impl.js:233:9)
      at HTMLInputElementImpl.dispatchEvent 
(node_modules/jsdom/lib/jsdom/living/events/EventTarget-impl.js:104:17)
      at HTMLInputElement.dispatchEvent 
(node_modules/jsdom/lib/jsdom/living/generated/EventTarget.js:241:34)
      at 
node_modules/@testing-library/user-event/dist/cjs/event/dispatchEvent.js:45:43
      at Object.eventWrapper 
(node_modules/@testing-library/dom/dist/config.js:25:23)
      at Object.wrapEvent 
(node_modules/@testing-library/user-event/dist/cjs/event/wrapEvent.js:6:28)
      at Object.dispatchEvent (node_modules/@testing-library/user-event/dist/cj
s/event/dispatchEvent.js:45:22)
      at Object.dispatchUIEvent (node_modules/@testing-library/user-event/dist/
cjs/event/dispatchEvent.js:22:26)
      at commitInput 
(node_modules/@testing-library/user-event/dist/cjs/event/input.js:145:14)
      at editInputElement 
(node_modules/@testing-library/user-event/dist/cjs/event/input.js:115:9)
      at Object.input 
(node_modules/@testing-library/user-event/dist/cjs/event/input.js:37:9)
      at node_modules/@testing-library/user-event/dist/cjs/event/behavior/keypr
ess.js:31:26
      at Object.dispatchEvent (node_modules/@testing-library/user-event/dist/cj
s/event/dispatchEvent.js:41:13)
      at Object.dispatchUIEvent (node_modules/@testing-library/user-event/dist/
cjs/event/dispatchEvent.js:22:26)
      at KeyboardHost.keydown 
(node_modules/@testing-library/user-event/dist/cjs/system/keyboard.js:76:22)
      at keyboardAction 
(node_modules/@testing-library/user-event/dist/cjs/keyboard/index.js:22:35)
      at Object.keyboard 
(node_modules/@testing-library/user-event/dist/cjs/keyboard/index.js:11:15)
      at Object.type 
(node_modules/@testing-library/user-event/dist/cjs/utility/type.js:17:5)
      at Object.<anonymous> (src/auth/auth.test.tsx:138:9)

    console.error
      Warning: An update to LoginForm inside a test was not wrapped in 
act(...).
      
      When testing, code that causes React state updates should be wrapped 
into act(...):
      
      act(() => {
        /* fire events that update state */
      });
      /* assert on the output */
      
      This ensures that you're testing the behavior the user would see in the 
browser. Learn more at https://reactjs.org/link/wrap-tests-with-act
          at LoginForm (C:\Users\samhe\OneDrive\Desktop\Cleaned\frontend\src\au
th\LoginForm\LoginForm.tsx:41:33)
          at div
          at div
          at LoginPage
          at routeContext (C:\Users\samhe\OneDrive\Desktop\Cleaned\frontend\nod
e_modules\react-router\lib\hooks.tsx:658:26)
          at children (C:\Users\samhe\OneDrive\Desktop\Cleaned\frontend\node_mo
dules\react-router\lib\components.tsx:512:3)
          at basenameProp (C:\Users\samhe\OneDrive\Desktop\Cleaned\frontend\nod
e_modules\react-router\lib\components.tsx:421:13)
          at basename (C:\Users\samhe\OneDrive\Desktop\Cleaned\frontend\node_mo
dules\react-router\lib\components.tsx:225:3)

      141 |                         placeholder="Enter your password"
      142 |                         value={password}
    > 143 |                         onChange={(e) => 
setPassword(e.target.value)}
          |                                          ^
      144 |                         className="w-full rounded-md border 
border-gray-300 px-3 py-2 pr-10 text-sm focus:outline-none focus:ring-2 
focus:ring-gray-900 disabled:opacity-50"
      145 |                     />
      146 |                     <button

      at printWarning 
(node_modules/react-dom/cjs/react-dom.development.js:86:30)
      at error (node_modules/react-dom/cjs/react-dom.development.js:60:7)
      at warnIfUpdatesNotWrappedWithActDEV 
(node_modules/react-dom/cjs/react-dom.development.js:27628:9)
      at scheduleUpdateOnFiber 
(node_modules/react-dom/cjs/react-dom.development.js:25547:5)
      at dispatchSetState 
(node_modules/react-dom/cjs/react-dom.development.js:16708:7)
      at onChange (src/auth/LoginForm/LoginForm.tsx:143:42)
      at HTMLUnknownElement.callCallback 
(node_modules/react-dom/cjs/react-dom.development.js:4164:14)
      at HTMLUnknownElement.callTheUserObjectsOperation 
(node_modules/jsdom/lib/jsdom/living/generated/EventListener.js:26:30)
      at innerInvokeEventListeners 
(node_modules/jsdom/lib/jsdom/living/events/EventTarget-impl.js:350:25)
      at invokeEventListeners 
(node_modules/jsdom/lib/jsdom/living/events/EventTarget-impl.js:286:3)
      at HTMLUnknownElementImpl._dispatch 
(node_modules/jsdom/lib/jsdom/living/events/EventTarget-impl.js:233:9)
      at HTMLUnknownElementImpl.dispatchEvent 
(node_modules/jsdom/lib/jsdom/living/events/EventTarget-impl.js:104:17)
      at HTMLUnknownElement.dispatchEvent 
(node_modules/jsdom/lib/jsdom/living/generated/EventTarget.js:241:34)
      at Object.invokeGuardedCallbackDev 
(node_modules/react-dom/cjs/react-dom.development.js:4213:16)
      at invokeGuardedCallback 
(node_modules/react-dom/cjs/react-dom.development.js:4277:31)
      at invokeGuardedCallbackAndCatchFirstError 
(node_modules/react-dom/cjs/react-dom.development.js:4291:25)
      at executeDispatch 
(node_modules/react-dom/cjs/react-dom.development.js:9041:3)
      at processDispatchQueueItemsInOrder 
(node_modules/react-dom/cjs/react-dom.development.js:9073:7)
      at processDispatchQueue 
(node_modules/react-dom/cjs/react-dom.development.js:9086:5)
      at dispatchEventsForPlugins 
(node_modules/react-dom/cjs/react-dom.development.js:9097:3)
      at node_modules/react-dom/cjs/react-dom.development.js:9288:12
      at batchedUpdates$1 
(node_modules/react-dom/cjs/react-dom.development.js:26179:12)
      at batchedUpdates 
(node_modules/react-dom/cjs/react-dom.development.js:3991:12)
      at dispatchEventForPluginEventSystem 
(node_modules/react-dom/cjs/react-dom.development.js:9287:3)
      at dispatchEventWithEnableCapturePhaseSelectiveHydrationWithoutDiscreteEv
entReplay (node_modules/react-dom/cjs/react-dom.development.js:6465:5)
      at dispatchEvent 
(node_modules/react-dom/cjs/react-dom.development.js:6457:5)
      at dispatchDiscreteEvent 
(node_modules/react-dom/cjs/react-dom.development.js:6430:5)
      at HTMLDivElement.callTheUserObjectsOperation 
(node_modules/jsdom/lib/jsdom/living/generated/EventListener.js:26:30)
      at innerInvokeEventListeners 
(node_modules/jsdom/lib/jsdom/living/events/EventTarget-impl.js:350:25)
      at invokeEventListeners 
(node_modules/jsdom/lib/jsdom/living/events/EventTarget-impl.js:286:3)
      at HTMLInputElementImpl._dispatch 
(node_modules/jsdom/lib/jsdom/living/events/EventTarget-impl.js:233:9)
      at HTMLInputElementImpl.dispatchEvent 
(node_modules/jsdom/lib/jsdom/living/events/EventTarget-impl.js:104:17)
      at HTMLInputElement.dispatchEvent 
(node_modules/jsdom/lib/jsdom/living/generated/EventTarget.js:241:34)
      at 
node_modules/@testing-library/user-event/dist/cjs/event/dispatchEvent.js:45:43
      at Object.eventWrapper 
(node_modules/@testing-library/dom/dist/config.js:25:23)
      at Object.wrapEvent 
(node_modules/@testing-library/user-event/dist/cjs/event/wrapEvent.js:6:28)
      at Object.dispatchEvent (node_modules/@testing-library/user-event/dist/cj
s/event/dispatchEvent.js:45:22)
      at Object.dispatchUIEvent (node_modules/@testing-library/user-event/dist/
cjs/event/dispatchEvent.js:22:26)
      at commitInput 
(node_modules/@testing-library/user-event/dist/cjs/event/input.js:145:14)
      at editInputElement 
(node_modules/@testing-library/user-event/dist/cjs/event/input.js:115:9)
      at Object.input 
(node_modules/@testing-library/user-event/dist/cjs/event/input.js:37:9)
      at node_modules/@testing-library/user-event/dist/cjs/event/behavior/keypr
ess.js:31:26
      at Object.dispatchEvent (node_modules/@testing-library/user-event/dist/cj
s/event/dispatchEvent.js:41:13)
      at Object.dispatchUIEvent (node_modules/@testing-library/user-event/dist/
cjs/event/dispatchEvent.js:22:26)
      at KeyboardHost.keydown 
(node_modules/@testing-library/user-event/dist/cjs/system/keyboard.js:76:22)
      at keyboardAction 
(node_modules/@testing-library/user-event/dist/cjs/keyboard/index.js:22:35)
      at Object.keyboard 
(node_modules/@testing-library/user-event/dist/cjs/keyboard/index.js:11:15)
      at Object.type 
(node_modules/@testing-library/user-event/dist/cjs/utility/type.js:17:5)
      at Object.<anonymous> (src/auth/auth.test.tsx:138:9)

    console.error
      Warning: An update to LoginForm inside a test was not wrapped in 
act(...).
      
      When testing, code that causes React state updates should be wrapped 
into act(...):
      
      act(() => {
        /* fire events that update state */
      });
      /* assert on the output */
      
      This ensures that you're testing the behavior the user would see in the 
browser. Learn more at https://reactjs.org/link/wrap-tests-with-act
          at LoginForm (C:\Users\samhe\OneDrive\Desktop\Cleaned\frontend\src\au
th\LoginForm\LoginForm.tsx:41:33)
          at div
          at div
          at LoginPage
          at routeContext (C:\Users\samhe\OneDrive\Desktop\Cleaned\frontend\nod
e_modules\react-router\lib\hooks.tsx:658:26)
          at children (C:\Users\samhe\OneDrive\Desktop\Cleaned\frontend\node_mo
dules\react-router\lib\components.tsx:512:3)
          at basenameProp (C:\Users\samhe\OneDrive\Desktop\Cleaned\frontend\nod
e_modules\react-router\lib\components.tsx:421:13)
          at basename (C:\Users\samhe\OneDrive\Desktop\Cleaned\frontend\node_mo
dules\react-router\lib\components.tsx:225:3)

      141 |                         placeholder="Enter your password"
      142 |                         value={password}
    > 143 |                         onChange={(e) => 
setPassword(e.target.value)}
          |                                          ^
      144 |                         className="w-full rounded-md border 
border-gray-300 px-3 py-2 pr-10 text-sm focus:outline-none focus:ring-2 
focus:ring-gray-900 disabled:opacity-50"
      145 |                     />
      146 |                     <button

      at printWarning 
(node_modules/react-dom/cjs/react-dom.development.js:86:30)
      at error (node_modules/react-dom/cjs/react-dom.development.js:60:7)
      at warnIfUpdatesNotWrappedWithActDEV 
(node_modules/react-dom/cjs/react-dom.development.js:27628:9)
      at scheduleUpdateOnFiber 
(node_modules/react-dom/cjs/react-dom.development.js:25547:5)
      at dispatchSetState 
(node_modules/react-dom/cjs/react-dom.development.js:16708:7)
      at onChange (src/auth/LoginForm/LoginForm.tsx:143:42)
      at HTMLUnknownElement.callCallback 
(node_modules/react-dom/cjs/react-dom.development.js:4164:14)
      at HTMLUnknownElement.callTheUserObjectsOperation 
(node_modules/jsdom/lib/jsdom/living/generated/EventListener.js:26:30)
      at innerInvokeEventListeners 
(node_modules/jsdom/lib/jsdom/living/events/EventTarget-impl.js:350:25)
      at invokeEventListeners 
(node_modules/jsdom/lib/jsdom/living/events/EventTarget-impl.js:286:3)
      at HTMLUnknownElementImpl._dispatch 
(node_modules/jsdom/lib/jsdom/living/events/EventTarget-impl.js:233:9)
      at HTMLUnknownElementImpl.dispatchEvent 
(node_modules/jsdom/lib/jsdom/living/events/EventTarget-impl.js:104:17)
      at HTMLUnknownElement.dispatchEvent 
(node_modules/jsdom/lib/jsdom/living/generated/EventTarget.js:241:34)
      at Object.invokeGuardedCallbackDev 
(node_modules/react-dom/cjs/react-dom.development.js:4213:16)
      at invokeGuardedCallback 
(node_modules/react-dom/cjs/react-dom.development.js:4277:31)
      at invokeGuardedCallbackAndCatchFirstError 
(node_modules/react-dom/cjs/react-dom.development.js:4291:25)
      at executeDispatch 
(node_modules/react-dom/cjs/react-dom.development.js:9041:3)
      at processDispatchQueueItemsInOrder 
(node_modules/react-dom/cjs/react-dom.development.js:9073:7)
      at processDispatchQueue 
(node_modules/react-dom/cjs/react-dom.development.js:9086:5)
      at dispatchEventsForPlugins 
(node_modules/react-dom/cjs/react-dom.development.js:9097:3)
      at node_modules/react-dom/cjs/react-dom.development.js:9288:12
      at batchedUpdates$1 
(node_modules/react-dom/cjs/react-dom.development.js:26179:12)
      at batchedUpdates 
(node_modules/react-dom/cjs/react-dom.development.js:3991:12)
      at dispatchEventForPluginEventSystem 
(node_modules/react-dom/cjs/react-dom.development.js:9287:3)
      at dispatchEventWithEnableCapturePhaseSelectiveHydrationWithoutDiscreteEv
entReplay (node_modules/react-dom/cjs/react-dom.development.js:6465:5)
      at dispatchEvent 
(node_modules/react-dom/cjs/react-dom.development.js:6457:5)
      at dispatchDiscreteEvent 
(node_modules/react-dom/cjs/react-dom.development.js:6430:5)
      at HTMLDivElement.callTheUserObjectsOperation 
(node_modules/jsdom/lib/jsdom/living/generated/EventListener.js:26:30)
      at innerInvokeEventListeners 
(node_modules/jsdom/lib/jsdom/living/events/EventTarget-impl.js:350:25)
      at invokeEventListeners 
(node_modules/jsdom/lib/jsdom/living/events/EventTarget-impl.js:286:3)
      at HTMLInputElementImpl._dispatch 
(node_modules/jsdom/lib/jsdom/living/events/EventTarget-impl.js:233:9)
      at HTMLInputElementImpl.dispatchEvent 
(node_modules/jsdom/lib/jsdom/living/events/EventTarget-impl.js:104:17)
      at HTMLInputElement.dispatchEvent 
(node_modules/jsdom/lib/jsdom/living/generated/EventTarget.js:241:34)
      at 
node_modules/@testing-library/user-event/dist/cjs/event/dispatchEvent.js:45:43
      at Object.eventWrapper 
(node_modules/@testing-library/dom/dist/config.js:25:23)
      at Object.wrapEvent 
(node_modules/@testing-library/user-event/dist/cjs/event/wrapEvent.js:6:28)
      at Object.dispatchEvent (node_modules/@testing-library/user-event/dist/cj
s/event/dispatchEvent.js:45:22)
      at Object.dispatchUIEvent (node_modules/@testing-library/user-event/dist/
cjs/event/dispatchEvent.js:22:26)
      at commitInput 
(node_modules/@testing-library/user-event/dist/cjs/event/input.js:145:14)
      at editInputElement 
(node_modules/@testing-library/user-event/dist/cjs/event/input.js:115:9)
      at Object.input 
(node_modules/@testing-library/user-event/dist/cjs/event/input.js:37:9)
      at node_modules/@testing-library/user-event/dist/cjs/event/behavior/keypr
ess.js:31:26
      at Object.dispatchEvent (node_modules/@testing-library/user-event/dist/cj
s/event/dispatchEvent.js:41:13)
      at Object.dispatchUIEvent (node_modules/@testing-library/user-event/dist/
cjs/event/dispatchEvent.js:22:26)
      at KeyboardHost.keydown 
(node_modules/@testing-library/user-event/dist/cjs/system/keyboard.js:76:22)
      at keyboardAction 
(node_modules/@testing-library/user-event/dist/cjs/keyboard/index.js:22:35)
      at Object.keyboard 
(node_modules/@testing-library/user-event/dist/cjs/keyboard/index.js:11:15)
      at Object.type 
(node_modules/@testing-library/user-event/dist/cjs/utility/type.js:17:5)
      at Object.<anonymous> (src/auth/auth.test.tsx:138:9)

    console.error
      Warning: An update to LoginForm inside a test was not wrapped in 
act(...).
      
      When testing, code that causes React state updates should be wrapped 
into act(...):
      
      act(() => {
        /* fire events that update state */
      });
      /* assert on the output */
      
      This ensures that you're testing the behavior the user would see in the 
browser. Learn more at https://reactjs.org/link/wrap-tests-with-act
          at LoginForm (C:\Users\samhe\OneDrive\Desktop\Cleaned\frontend\src\au
th\LoginForm\LoginForm.tsx:41:33)
          at div
          at div
          at LoginPage
          at routeContext (C:\Users\samhe\OneDrive\Desktop\Cleaned\frontend\nod
e_modules\react-router\lib\hooks.tsx:658:26)
          at children (C:\Users\samhe\OneDrive\Desktop\Cleaned\frontend\node_mo
dules\react-router\lib\components.tsx:512:3)
          at basenameProp (C:\Users\samhe\OneDrive\Desktop\Cleaned\frontend\nod
e_modules\react-router\lib\components.tsx:421:13)
          at basename (C:\Users\samhe\OneDrive\Desktop\Cleaned\frontend\node_mo
dules\react-router\lib\components.tsx:225:3)

      52 |     async function handleSubmit(e: React.FormEvent) {
      53 |         e.preventDefault()
    > 54 |         setError('')
         |         ^
      55 |
      56 |         // Client-side empty field validation (R-AUTH-EMPTY)
      57 |         if (!email.trim() || !password) {

      at printWarning 
(node_modules/react-dom/cjs/react-dom.development.js:86:30)
      at error (node_modules/react-dom/cjs/react-dom.development.js:60:7)
      at warnIfUpdatesNotWrappedWithActDEV 
(node_modules/react-dom/cjs/react-dom.development.js:27628:9)
      at scheduleUpdateOnFiber 
(node_modules/react-dom/cjs/react-dom.development.js:25547:5)
      at dispatchSetState 
(node_modules/react-dom/cjs/react-dom.development.js:16708:7)
      at handleSubmit (src/auth/LoginForm/LoginForm.tsx:54:9)
      at HTMLUnknownElement.callCallback 
(node_modules/react-dom/cjs/react-dom.development.js:4164:14)
      at HTMLUnknownElement.callTheUserObjectsOperation 
(node_modules/jsdom/lib/jsdom/living/generated/EventListener.js:26:30)
      at innerInvokeEventListeners 
(node_modules/jsdom/lib/jsdom/living/events/EventTarget-impl.js:350:25)
      at invokeEventListeners 
(node_modules/jsdom/lib/jsdom/living/events/EventTarget-impl.js:286:3)
      at HTMLUnknownElementImpl._dispatch 
(node_modules/jsdom/lib/jsdom/living/events/EventTarget-impl.js:233:9)
      at HTMLUnknownElementImpl.dispatchEvent 
(node_modules/jsdom/lib/jsdom/living/events/EventTarget-impl.js:104:17)
      at HTMLUnknownElement.dispatchEvent 
(node_modules/jsdom/lib/jsdom/living/generated/EventTarget.js:241:34)
      at Object.invokeGuardedCallbackDev 
(node_modules/react-dom/cjs/react-dom.development.js:4213:16)
      at invokeGuardedCallback 
(node_modules/react-dom/cjs/react-dom.development.js:4277:31)
      at invokeGuardedCallbackAndCatchFirstError 
(node_modules/react-dom/cjs/react-dom.development.js:4291:25)
      at executeDispatch 
(node_modules/react-dom/cjs/react-dom.development.js:9041:3)
      at processDispatchQueueItemsInOrder 
(node_modules/react-dom/cjs/react-dom.development.js:9073:7)
      at processDispatchQueue 
(node_modules/react-dom/cjs/react-dom.development.js:9086:5)
      at dispatchEventsForPlugins 
(node_modules/react-dom/cjs/react-dom.development.js:9097:3)
      at node_modules/react-dom/cjs/react-dom.development.js:9288:12
      at batchedUpdates$1 
(node_modules/react-dom/cjs/react-dom.development.js:26179:12)
      at batchedUpdates 
(node_modules/react-dom/cjs/react-dom.development.js:3991:12)
      at dispatchEventForPluginEventSystem 
(node_modules/react-dom/cjs/react-dom.development.js:9287:3)
      at dispatchEventWithEnableCapturePhaseSelectiveHydrationWithoutDiscreteEv
entReplay (node_modules/react-dom/cjs/react-dom.development.js:6465:5)
      at dispatchEvent 
(node_modules/react-dom/cjs/react-dom.development.js:6457:5)
      at dispatchDiscreteEvent 
(node_modules/react-dom/cjs/react-dom.development.js:6430:5)
      at HTMLDivElement.callTheUserObjectsOperation 
(node_modules/jsdom/lib/jsdom/living/generated/EventListener.js:26:30)
      at innerInvokeEventListeners 
(node_modules/jsdom/lib/jsdom/living/events/EventTarget-impl.js:350:25)
      at invokeEventListeners 
(node_modules/jsdom/lib/jsdom/living/events/EventTarget-impl.js:286:3)
      at HTMLFormElementImpl._dispatch 
(node_modules/jsdom/lib/jsdom/living/events/EventTarget-impl.js:233:9)
      at fireAnEvent 
(node_modules/jsdom/lib/jsdom/living/helpers/events.js:18:36)
      at HTMLFormElementImpl.requestSubmit 
(node_modules/jsdom/lib/jsdom/living/nodes/HTMLFormElement-impl.js:109:10)
      at HTMLFormElementImpl._doRequestSubmit 
(node_modules/jsdom/lib/jsdom/living/nodes/HTMLFormElement-impl.js:79:10)
      at HTMLButtonElementImpl._activationBehavior 
(node_modules/jsdom/lib/jsdom/living/nodes/HTMLButtonElement-impl.js:23:14)
      at HTMLButtonElementImpl._dispatch 
(node_modules/jsdom/lib/jsdom/living/events/EventTarget-impl.js:252:26)
      at HTMLButtonElementImpl.dispatchEvent 
(node_modules/jsdom/lib/jsdom/living/events/EventTarget-impl.js:104:17)
      at HTMLButtonElement.dispatchEvent 
(node_modules/jsdom/lib/jsdom/living/generated/EventTarget.js:241:34)
      at 
node_modules/@testing-library/user-event/dist/cjs/event/dispatchEvent.js:45:43
      at Object.eventWrapper 
(node_modules/@testing-library/dom/dist/config.js:25:23)
      at Object.wrapEvent 
(node_modules/@testing-library/user-event/dist/cjs/event/wrapEvent.js:6:28)
      at Object.dispatchEvent (node_modules/@testing-library/user-event/dist/cj
s/event/dispatchEvent.js:45:22)
      at Object.dispatchUIEvent (node_modules/@testing-library/user-event/dist/
cjs/event/dispatchEvent.js:22:26)
      at Mouse.up (node_modules/@testing-library/user-event/dist/cjs/system/poi
nter/mouse.js:100:30)
      at PointerHost.release (node_modules/@testing-library/user-event/dist/cjs
/system/pointer/index.js:87:24)
      at pointerAction 
(node_modules/@testing-library/user-event/dist/cjs/pointer/index.js:54:47)
      at Object.pointer 
(node_modules/@testing-library/user-event/dist/cjs/pointer/index.js:27:9)
      at Object.<anonymous> (src/auth/auth.test.tsx:139:9)

    console.error
      Warning: An update to LoginForm inside a test was not wrapped in 
act(...).
      
      When testing, code that causes React state updates should be wrapped 
into act(...):
      
      act(() => {
        /* fire events that update state */
      });
      /* assert on the output */
      
      This ensures that you're testing the behavior the user would see in the 
browser. Learn more at https://reactjs.org/link/wrap-tests-with-act
          at LoginForm (C:\Users\samhe\OneDrive\Desktop\Cleaned\frontend\src\au
th\LoginForm\LoginForm.tsx:41:33)
          at div
          at div
          at LoginPage
          at routeContext (C:\Users\samhe\OneDrive\Desktop\Cleaned\frontend\nod
e_modules\react-router\lib\hooks.tsx:658:26)
          at children (C:\Users\samhe\OneDrive\Desktop\Cleaned\frontend\node_mo
dules\react-router\lib\components.tsx:512:3)
          at basenameProp (C:\Users\samhe\OneDrive\Desktop\Cleaned\frontend\nod
e_modules\react-router\lib\components.tsx:421:13)
          at basename (C:\Users\samhe\OneDrive\Desktop\Cleaned\frontend\node_mo
dules\react-router\lib\components.tsx:225:3)

      60 |         }
      61 |
    > 62 |         setLoading(true)
         |         ^
      63 |
      64 |         try {
      65 |             const response = await apiPost<{ token: string; user: 
Record<string, unknown> }>(

      at printWarning 
(node_modules/react-dom/cjs/react-dom.development.js:86:30)
      at error (node_modules/react-dom/cjs/react-dom.development.js:60:7)
      at warnIfUpdatesNotWrappedWithActDEV 
(node_modules/react-dom/cjs/react-dom.development.js:27628:9)
      at scheduleUpdateOnFiber 
(node_modules/react-dom/cjs/react-dom.development.js:25547:5)
      at dispatchSetState 
(node_modules/react-dom/cjs/react-dom.development.js:16708:7)
      at handleSubmit (src/auth/LoginForm/LoginForm.tsx:62:9)
      at HTMLUnknownElement.callCallback 
(node_modules/react-dom/cjs/react-dom.development.js:4164:14)
      at HTMLUnknownElement.callTheUserObjectsOperation 
(node_modules/jsdom/lib/jsdom/living/generated/EventListener.js:26:30)
      at innerInvokeEventListeners 
(node_modules/jsdom/lib/jsdom/living/events/EventTarget-impl.js:350:25)
      at invokeEventListeners 
(node_modules/jsdom/lib/jsdom/living/events/EventTarget-impl.js:286:3)
      at HTMLUnknownElementImpl._dispatch 
(node_modules/jsdom/lib/jsdom/living/events/EventTarget-impl.js:233:9)
      at HTMLUnknownElementImpl.dispatchEvent 
(node_modules/jsdom/lib/jsdom/living/events/EventTarget-impl.js:104:17)
      at HTMLUnknownElement.dispatchEvent 
(node_modules/jsdom/lib/jsdom/living/generated/EventTarget.js:241:34)
      at Object.invokeGuardedCallbackDev 
(node_modules/react-dom/cjs/react-dom.development.js:4213:16)
      at invokeGuardedCallback 
(node_modules/react-dom/cjs/react-dom.development.js:4277:31)
      at invokeGuardedCallbackAndCatchFirstError 
(node_modules/react-dom/cjs/react-dom.development.js:4291:25)
      at executeDispatch 
(node_modules/react-dom/cjs/react-dom.development.js:9041:3)
      at processDispatchQueueItemsInOrder 
(node_modules/react-dom/cjs/react-dom.development.js:9073:7)
      at processDispatchQueue 
(node_modules/react-dom/cjs/react-dom.development.js:9086:5)
      at dispatchEventsForPlugins 
(node_modules/react-dom/cjs/react-dom.development.js:9097:3)
      at node_modules/react-dom/cjs/react-dom.development.js:9288:12
      at batchedUpdates$1 
(node_modules/react-dom/cjs/react-dom.development.js:26179:12)
      at batchedUpdates 
(node_modules/react-dom/cjs/react-dom.development.js:3991:12)
      at dispatchEventForPluginEventSystem 
(node_modules/react-dom/cjs/react-dom.development.js:9287:3)
      at dispatchEventWithEnableCapturePhaseSelectiveHydrationWithoutDiscreteEv
entReplay (node_modules/react-dom/cjs/react-dom.development.js:6465:5)
      at dispatchEvent 
(node_modules/react-dom/cjs/react-dom.development.js:6457:5)
      at dispatchDiscreteEvent 
(node_modules/react-dom/cjs/react-dom.development.js:6430:5)
      at HTMLDivElement.callTheUserObjectsOperation 
(node_modules/jsdom/lib/jsdom/living/generated/EventListener.js:26:30)
      at innerInvokeEventListeners 
(node_modules/jsdom/lib/jsdom/living/events/EventTarget-impl.js:350:25)
      at invokeEventListeners 
(node_modules/jsdom/lib/jsdom/living/events/EventTarget-impl.js:286:3)
      at HTMLFormElementImpl._dispatch 
(node_modules/jsdom/lib/jsdom/living/events/EventTarget-impl.js:233:9)
      at fireAnEvent 
(node_modules/jsdom/lib/jsdom/living/helpers/events.js:18:36)
      at HTMLFormElementImpl.requestSubmit 
(node_modules/jsdom/lib/jsdom/living/nodes/HTMLFormElement-impl.js:109:10)
      at HTMLFormElementImpl._doRequestSubmit 
(node_modules/jsdom/lib/jsdom/living/nodes/HTMLFormElement-impl.js:79:10)
      at HTMLButtonElementImpl._activationBehavior 
(node_modules/jsdom/lib/jsdom/living/nodes/HTMLButtonElement-impl.js:23:14)
      at HTMLButtonElementImpl._dispatch 
(node_modules/jsdom/lib/jsdom/living/events/EventTarget-impl.js:252:26)
      at HTMLButtonElementImpl.dispatchEvent 
(node_modules/jsdom/lib/jsdom/living/events/EventTarget-impl.js:104:17)
      at HTMLButtonElement.dispatchEvent 
(node_modules/jsdom/lib/jsdom/living/generated/EventTarget.js:241:34)
      at 
node_modules/@testing-library/user-event/dist/cjs/event/dispatchEvent.js:45:43
      at Object.eventWrapper 
(node_modules/@testing-library/dom/dist/config.js:25:23)
      at Object.wrapEvent 
(node_modules/@testing-library/user-event/dist/cjs/event/wrapEvent.js:6:28)
      at Object.dispatchEvent (node_modules/@testing-library/user-event/dist/cj
s/event/dispatchEvent.js:45:22)
      at Object.dispatchUIEvent (node_modules/@testing-library/user-event/dist/
cjs/event/dispatchEvent.js:22:26)
      at Mouse.up (node_modules/@testing-library/user-event/dist/cjs/system/poi
nter/mouse.js:100:30)
      at PointerHost.release (node_modules/@testing-library/user-event/dist/cjs
/system/pointer/index.js:87:24)
      at pointerAction 
(node_modules/@testing-library/user-event/dist/cjs/pointer/index.js:54:47)
      at Object.pointer 
(node_modules/@testing-library/user-event/dist/cjs/pointer/index.js:27:9)
      at Object.<anonymous> (src/auth/auth.test.tsx:139:9)

    console.error
      Warning: An update to LoginForm inside a test was not wrapped in 
act(...).
      
      When testing, code that causes React state updates should be wrapped 
into act(...):
      
      act(() => {
        /* fire events that update state */
      });
      /* assert on the output */
      
      This ensures that you're testing the behavior the user would see in the 
browser. Learn more at https://reactjs.org/link/wrap-tests-with-act
          at LoginForm (C:\Users\samhe\OneDrive\Desktop\Cleaned\frontend\src\au
th\LoginForm\LoginForm.tsx:41:33)
          at div
          at div
          at LoginPage
          at routeContext (C:\Users\samhe\OneDrive\Desktop\Cleaned\frontend\nod
e_modules\react-router\lib\hooks.tsx:658:26)
          at children (C:\Users\samhe\OneDrive\Desktop\Cleaned\frontend\node_mo
dules\react-router\lib\components.tsx:512:3)
          at basenameProp (C:\Users\samhe\OneDrive\Desktop\Cleaned\frontend\nod
e_modules\react-router\lib\components.tsx:421:13)
          at basename (C:\Users\samhe\OneDrive\Desktop\Cleaned\frontend\node_mo
dules\react-router\lib\components.tsx:225:3)

      123 |                     placeholder="email@company.com"
      124 |                     value={email}
    > 125 |                     onChange={(e) => setEmail(e.target.value)}
          |                                      ^
      126 |                     className="w-full rounded-md border 
border-gray-300 px-3 py-2 text-sm focus:outline-none focus:ring-2 
focus:ring-gray-900 disabled:opacity-50"
      127 |                 />
      128 |             </div>

      at printWarning 
(node_modules/react-dom/cjs/react-dom.development.js:86:30)
      at error (node_modules/react-dom/cjs/react-dom.development.js:60:7)
      at warnIfUpdatesNotWrappedWithActDEV 
(node_modules/react-dom/cjs/react-dom.development.js:27628:9)
      at scheduleUpdateOnFiber 
(node_modules/react-dom/cjs/react-dom.development.js:25547:5)
      at dispatchSetState 
(node_modules/react-dom/cjs/react-dom.development.js:16708:7)
      at onChange (src/auth/LoginForm/LoginForm.tsx:125:38)
      at HTMLUnknownElement.callCallback 
(node_modules/react-dom/cjs/react-dom.development.js:4164:14)
      at HTMLUnknownElement.callTheUserObjectsOperation 
(node_modules/jsdom/lib/jsdom/living/generated/EventListener.js:26:30)
      at innerInvokeEventListeners 
(node_modules/jsdom/lib/jsdom/living/events/EventTarget-impl.js:350:25)
      at invokeEventListeners 
(node_modules/jsdom/lib/jsdom/living/events/EventTarget-impl.js:286:3)
      at HTMLUnknownElementImpl._dispatch 
(node_modules/jsdom/lib/jsdom/living/events/EventTarget-impl.js:233:9)
      at HTMLUnknownElementImpl.dispatchEvent 
(node_modules/jsdom/lib/jsdom/living/events/EventTarget-impl.js:104:17)
      at HTMLUnknownElement.dispatchEvent 
(node_modules/jsdom/lib/jsdom/living/generated/EventTarget.js:241:34)
      at Object.invokeGuardedCallbackDev 
(node_modules/react-dom/cjs/react-dom.development.js:4213:16)
      at invokeGuardedCallback 
(node_modules/react-dom/cjs/react-dom.development.js:4277:31)
      at invokeGuardedCallbackAndCatchFirstError 
(node_modules/react-dom/cjs/react-dom.development.js:4291:25)
      at executeDispatch 
(node_modules/react-dom/cjs/react-dom.development.js:9041:3)
      at processDispatchQueueItemsInOrder 
(node_modules/react-dom/cjs/react-dom.development.js:9073:7)
      at processDispatchQueue 
(node_modules/react-dom/cjs/react-dom.development.js:9086:5)
      at dispatchEventsForPlugins 
(node_modules/react-dom/cjs/react-dom.development.js:9097:3)
      at node_modules/react-dom/cjs/react-dom.development.js:9288:12
      at batchedUpdates$1 
(node_modules/react-dom/cjs/react-dom.development.js:26179:12)
      at batchedUpdates 
(node_modules/react-dom/cjs/react-dom.development.js:3991:12)
      at dispatchEventForPluginEventSystem 
(node_modules/react-dom/cjs/react-dom.development.js:9287:3)
      at dispatchEventWithEnableCapturePhaseSelectiveHydrationWithoutDiscreteEv
entReplay (node_modules/react-dom/cjs/react-dom.development.js:6465:5)
      at dispatchEvent 
(node_modules/react-dom/cjs/react-dom.development.js:6457:5)
      at dispatchDiscreteEvent 
(node_modules/react-dom/cjs/react-dom.development.js:6430:5)
      at HTMLDivElement.callTheUserObjectsOperation 
(node_modules/jsdom/lib/jsdom/living/generated/EventListener.js:26:30)
      at innerInvokeEventListeners 
(node_modules/jsdom/lib/jsdom/living/events/EventTarget-impl.js:350:25)
      at invokeEventListeners 
(node_modules/jsdom/lib/jsdom/living/events/EventTarget-impl.js:286:3)
      at HTMLInputElementImpl._dispatch 
(node_modules/jsdom/lib/jsdom/living/events/EventTarget-impl.js:233:9)
      at HTMLInputElementImpl.dispatchEvent 
(node_modules/jsdom/lib/jsdom/living/events/EventTarget-impl.js:104:17)
      at HTMLInputElement.dispatchEvent 
(node_modules/jsdom/lib/jsdom/living/generated/EventTarget.js:241:34)
      at 
node_modules/@testing-library/user-event/dist/cjs/event/dispatchEvent.js:45:43
      at Object.eventWrapper 
(node_modules/@testing-library/dom/dist/config.js:25:23)
      at Object.wrapEvent 
(node_modules/@testing-library/user-event/dist/cjs/event/wrapEvent.js:6:28)
      at Object.dispatchEvent (node_modules/@testing-library/user-event/dist/cj
s/event/dispatchEvent.js:45:22)
      at Object.dispatchUIEvent (node_modules/@testing-library/user-event/dist/
cjs/event/dispatchEvent.js:22:26)
      at commitInput 
(node_modules/@testing-library/user-event/dist/cjs/event/input.js:145:14)
      at editInputElement 
(node_modules/@testing-library/user-event/dist/cjs/event/input.js:115:9)
      at Object.input 
(node_modules/@testing-library/user-event/dist/cjs/event/input.js:37:9)
      at node_modules/@testing-library/user-event/dist/cjs/event/behavior/keypr
ess.js:31:26
      at Object.dispatchEvent (node_modules/@testing-library/user-event/dist/cj
s/event/dispatchEvent.js:41:13)
      at Object.dispatchUIEvent (node_modules/@testing-library/user-event/dist/
cjs/event/dispatchEvent.js:22:26)
      at KeyboardHost.keydown 
(node_modules/@testing-library/user-event/dist/cjs/system/keyboard.js:76:22)
      at keyboardAction 
(node_modules/@testing-library/user-event/dist/cjs/keyboard/index.js:22:35)
      at Object.keyboard 
(node_modules/@testing-library/user-event/dist/cjs/keyboard/index.js:11:15)
      at Object.type 
(node_modules/@testing-library/user-event/dist/cjs/utility/type.js:17:5)
      at Object.<anonymous> (src/auth/auth.test.tsx:149:9)

    console.error
      Warning: An update to LoginForm inside a test was not wrapped in 
act(...).
      
      When testing, code that causes React state updates should be wrapped 
into act(...):
      
      act(() => {
        /* fire events that update state */
      });
      /* assert on the output */
      
      This ensures that you're testing the behavior the user would see in the 
browser. Learn more at https://reactjs.org/link/wrap-tests-with-act
          at LoginForm (C:\Users\samhe\OneDrive\Desktop\Cleaned\frontend\src\au
th\LoginForm\LoginForm.tsx:41:33)
          at div
          at div
          at LoginPage
          at routeContext (C:\Users\samhe\OneDrive\Desktop\Cleaned\frontend\nod
e_modules\react-router\lib\hooks.tsx:658:26)
          at children (C:\Users\samhe\OneDrive\Desktop\Cleaned\frontend\node_mo
dules\react-router\lib\components.tsx:512:3)
          at basenameProp (C:\Users\samhe\OneDrive\Desktop\Cleaned\frontend\nod
e_modules\react-router\lib\components.tsx:421:13)
          at basename (C:\Users\samhe\OneDrive\Desktop\Cleaned\frontend\node_mo
dules\react-router\lib\components.tsx:225:3)

      123 |                     placeholder="email@company.com"
      124 |                     value={email}
    > 125 |                     onChange={(e) => setEmail(e.target.value)}
          |                                      ^
      126 |                     className="w-full rounded-md border 
border-gray-300 px-3 py-2 text-sm focus:outline-none focus:ring-2 
focus:ring-gray-900 disabled:opacity-50"
      127 |                 />
      128 |             </div>

      at printWarning 
(node_modules/react-dom/cjs/react-dom.development.js:86:30)
      at error (node_modules/react-dom/cjs/react-dom.development.js:60:7)
      at warnIfUpdatesNotWrappedWithActDEV 
(node_modules/react-dom/cjs/react-dom.development.js:27628:9)
      at scheduleUpdateOnFiber 
(node_modules/react-dom/cjs/react-dom.development.js:25547:5)
      at dispatchSetState 
(node_modules/react-dom/cjs/react-dom.development.js:16708:7)
      at onChange (src/auth/LoginForm/LoginForm.tsx:125:38)
      at HTMLUnknownElement.callCallback 
(node_modules/react-dom/cjs/react-dom.development.js:4164:14)
      at HTMLUnknownElement.callTheUserObjectsOperation 
(node_modules/jsdom/lib/jsdom/living/generated/EventListener.js:26:30)
      at innerInvokeEventListeners 
(node_modules/jsdom/lib/jsdom/living/events/EventTarget-impl.js:350:25)
      at invokeEventListeners 
(node_modules/jsdom/lib/jsdom/living/events/EventTarget-impl.js:286:3)
      at HTMLUnknownElementImpl._dispatch 
(node_modules/jsdom/lib/jsdom/living/events/EventTarget-impl.js:233:9)
      at HTMLUnknownElementImpl.dispatchEvent 
(node_modules/jsdom/lib/jsdom/living/events/EventTarget-impl.js:104:17)
      at HTMLUnknownElement.dispatchEvent 
(node_modules/jsdom/lib/jsdom/living/generated/EventTarget.js:241:34)
      at Object.invokeGuardedCallbackDev 
(node_modules/react-dom/cjs/react-dom.development.js:4213:16)
      at invokeGuardedCallback 
(node_modules/react-dom/cjs/react-dom.development.js:4277:31)
      at invokeGuardedCallbackAndCatchFirstError 
(node_modules/react-dom/cjs/react-dom.development.js:4291:25)
      at executeDispatch 
(node_modules/react-dom/cjs/react-dom.development.js:9041:3)
      at processDispatchQueueItemsInOrder 
(node_modules/react-dom/cjs/react-dom.development.js:9073:7)
      at processDispatchQueue 
(node_modules/react-dom/cjs/react-dom.development.js:9086:5)
      at dispatchEventsForPlugins 
(node_modules/react-dom/cjs/react-dom.development.js:9097:3)
      at node_modules/react-dom/cjs/react-dom.development.js:9288:12
      at batchedUpdates$1 
(node_modules/react-dom/cjs/react-dom.development.js:26179:12)
      at batchedUpdates 
(node_modules/react-dom/cjs/react-dom.development.js:3991:12)
      at dispatchEventForPluginEventSystem 
(node_modules/react-dom/cjs/react-dom.development.js:9287:3)
      at dispatchEventWithEnableCapturePhaseSelectiveHydrationWithoutDiscreteEv
entReplay (node_modules/react-dom/cjs/react-dom.development.js:6465:5)
      at dispatchEvent 
(node_modules/react-dom/cjs/react-dom.development.js:6457:5)
      at dispatchDiscreteEvent 
(node_modules/react-dom/cjs/react-dom.development.js:6430:5)
      at HTMLDivElement.callTheUserObjectsOperation 
(node_modules/jsdom/lib/jsdom/living/generated/EventListener.js:26:30)
      at innerInvokeEventListeners 
(node_modules/jsdom/lib/jsdom/living/events/EventTarget-impl.js:350:25)
      at invokeEventListeners 
(node_modules/jsdom/lib/jsdom/living/events/EventTarget-impl.js:286:3)
      at HTMLInputElementImpl._dispatch 
(node_modules/jsdom/lib/jsdom/living/events/EventTarget-impl.js:233:9)
      at HTMLInputElementImpl.dispatchEvent 
(node_modules/jsdom/lib/jsdom/living/events/EventTarget-impl.js:104:17)
      at HTMLInputElement.dispatchEvent 
(node_modules/jsdom/lib/jsdom/living/generated/EventTarget.js:241:34)
      at 
node_modules/@testing-library/user-event/dist/cjs/event/dispatchEvent.js:45:43
      at Object.eventWrapper 
(node_modules/@testing-library/dom/dist/config.js:25:23)
      at Object.wrapEvent 
(node_modules/@testing-library/user-event/dist/cjs/event/wrapEvent.js:6:28)
      at Object.dispatchEvent (node_modules/@testing-library/user-event/dist/cj
s/event/dispatchEvent.js:45:22)
      at Object.dispatchUIEvent (node_modules/@testing-library/user-event/dist/
cjs/event/dispatchEvent.js:22:26)
      at commitInput 
(node_modules/@testing-library/user-event/dist/cjs/event/input.js:145:14)
      at editInputElement 
(node_modules/@testing-library/user-event/dist/cjs/event/input.js:115:9)
      at Object.input 
(node_modules/@testing-library/user-event/dist/cjs/event/input.js:37:9)
      at node_modules/@testing-library/user-event/dist/cjs/event/behavior/keypr
ess.js:31:26
      at Object.dispatchEvent (node_modules/@testing-library/user-event/dist/cj
s/event/dispatchEvent.js:41:13)
      at Object.dispatchUIEvent (node_modules/@testing-library/user-event/dist/
cjs/event/dispatchEvent.js:22:26)
      at KeyboardHost.keydown 
(node_modules/@testing-library/user-event/dist/cjs/system/keyboard.js:76:22)
      at keyboardAction 
(node_modules/@testing-library/user-event/dist/cjs/keyboard/index.js:22:35)
      at Object.keyboard 
(node_modules/@testing-library/user-event/dist/cjs/keyboard/index.js:11:15)
      at Object.type 
(node_modules/@testing-library/user-event/dist/cjs/utility/type.js:17:5)
      at Object.<anonymous> (src/auth/auth.test.tsx:149:9)

    console.error
      Warning: An update to LoginForm inside a test was not wrapped in 
act(...).
      
      When testing, code that causes React state updates should be wrapped 
into act(...):
      
      act(() => {
        /* fire events that update state */
      });
      /* assert on the output */
      
      This ensures that you're testing the behavior the user would see in the 
browser. Learn more at https://reactjs.org/link/wrap-tests-with-act
          at LoginForm (C:\Users\samhe\OneDrive\Desktop\Cleaned\frontend\src\au
th\LoginForm\LoginForm.tsx:41:33)
          at div
          at div
          at LoginPage
          at routeContext (C:\Users\samhe\OneDrive\Desktop\Cleaned\frontend\nod
e_modules\react-router\lib\hooks.tsx:658:26)
          at children (C:\Users\samhe\OneDrive\Desktop\Cleaned\frontend\node_mo
dules\react-router\lib\components.tsx:512:3)
          at basenameProp (C:\Users\samhe\OneDrive\Desktop\Cleaned\frontend\nod
e_modules\react-router\lib\components.tsx:421:13)
          at basename (C:\Users\samhe\OneDrive\Desktop\Cleaned\frontend\node_mo
dules\react-router\lib\components.tsx:225:3)

      123 |                     placeholder="email@company.com"
      124 |                     value={email}
    > 125 |                     onChange={(e) => setEmail(e.target.value)}
          |                                      ^
      126 |                     className="w-full rounded-md border 
border-gray-300 px-3 py-2 text-sm focus:outline-none focus:ring-2 
focus:ring-gray-900 disabled:opacity-50"
      127 |                 />
      128 |             </div>

      at printWarning 
(node_modules/react-dom/cjs/react-dom.development.js:86:30)
      at error (node_modules/react-dom/cjs/react-dom.development.js:60:7)
      at warnIfUpdatesNotWrappedWithActDEV 
(node_modules/react-dom/cjs/react-dom.development.js:27628:9)
      at scheduleUpdateOnFiber 
(node_modules/react-dom/cjs/react-dom.development.js:25547:5)
      at dispatchSetState 
(node_modules/react-dom/cjs/react-dom.development.js:16708:7)
      at onChange (src/auth/LoginForm/LoginForm.tsx:125:38)
      at HTMLUnknownElement.callCallback 
(node_modules/react-dom/cjs/react-dom.development.js:4164:14)
      at HTMLUnknownElement.callTheUserObjectsOperation 
(node_modules/jsdom/lib/jsdom/living/generated/EventListener.js:26:30)
      at innerInvokeEventListeners 
(node_modules/jsdom/lib/jsdom/living/events/EventTarget-impl.js:350:25)
      at invokeEventListeners 
(node_modules/jsdom/lib/jsdom/living/events/EventTarget-impl.js:286:3)
      at HTMLUnknownElementImpl._dispatch 
(node_modules/jsdom/lib/jsdom/living/events/EventTarget-impl.js:233:9)
      at HTMLUnknownElementImpl.dispatchEvent 
(node_modules/jsdom/lib/jsdom/living/events/EventTarget-impl.js:104:17)
      at HTMLUnknownElement.dispatchEvent 
(node_modules/jsdom/lib/jsdom/living/generated/EventTarget.js:241:34)
      at Object.invokeGuardedCallbackDev 
(node_modules/react-dom/cjs/react-dom.development.js:4213:16)
      at invokeGuardedCallback 
(node_modules/react-dom/cjs/react-dom.development.js:4277:31)
      at invokeGuardedCallbackAndCatchFirstError 
(node_modules/react-dom/cjs/react-dom.development.js:4291:25)
      at executeDispatch 
(node_modules/react-dom/cjs/react-dom.development.js:9041:3)
      at processDispatchQueueItemsInOrder 
(node_modules/react-dom/cjs/react-dom.development.js:9073:7)
      at processDispatchQueue 
(node_modules/react-dom/cjs/react-dom.development.js:9086:5)
      at dispatchEventsForPlugins 
(node_modules/react-dom/cjs/react-dom.development.js:9097:3)
      at node_modules/react-dom/cjs/react-dom.development.js:9288:12
      at batchedUpdates$1 
(node_modules/react-dom/cjs/react-dom.development.js:26179:12)
      at batchedUpdates 
(node_modules/react-dom/cjs/react-dom.development.js:3991:12)
      at dispatchEventForPluginEventSystem 
(node_modules/react-dom/cjs/react-dom.development.js:9287:3)
      at dispatchEventWithEnableCapturePhaseSelectiveHydrationWithoutDiscreteEv
entReplay (node_modules/react-dom/cjs/react-dom.development.js:6465:5)
      at dispatchEvent 
(node_modules/react-dom/cjs/react-dom.development.js:6457:5)
      at dispatchDiscreteEvent 
(node_modules/react-dom/cjs/react-dom.development.js:6430:5)
      at HTMLDivElement.callTheUserObjectsOperation 
(node_modules/jsdom/lib/jsdom/living/generated/EventListener.js:26:30)
      at innerInvokeEventListeners 
(node_modules/jsdom/lib/jsdom/living/events/EventTarget-impl.js:350:25)
      at invokeEventListeners 
(node_modules/jsdom/lib/jsdom/living/events/EventTarget-impl.js:286:3)
      at HTMLInputElementImpl._dispatch 
(node_modules/jsdom/lib/jsdom/living/events/EventTarget-impl.js:233:9)
      at HTMLInputElementImpl.dispatchEvent 
(node_modules/jsdom/lib/jsdom/living/events/EventTarget-impl.js:104:17)
      at HTMLInputElement.dispatchEvent 
(node_modules/jsdom/lib/jsdom/living/generated/EventTarget.js:241:34)
      at 
node_modules/@testing-library/user-event/dist/cjs/event/dispatchEvent.js:45:43
      at Object.eventWrapper 
(node_modules/@testing-library/dom/dist/config.js:25:23)
      at Object.wrapEvent 
(node_modules/@testing-library/user-event/dist/cjs/event/wrapEvent.js:6:28)
      at Object.dispatchEvent (node_modules/@testing-library/user-event/dist/cj
s/event/dispatchEvent.js:45:22)
      at Object.dispatchUIEvent (node_modules/@testing-library/user-event/dist/
cjs/event/dispatchEvent.js:22:26)
      at commitInput 
(node_modules/@testing-library/user-event/dist/cjs/event/input.js:145:14)
      at editInputElement 
(node_modules/@testing-library/user-event/dist/cjs/event/input.js:115:9)
      at Object.input 
(node_modules/@testing-library/user-event/dist/cjs/event/input.js:37:9)
      at node_modules/@testing-library/user-event/dist/cjs/event/behavior/keypr
ess.js:31:26
      at Object.dispatchEvent (node_modules/@testing-library/user-event/dist/cj
s/event/dispatchEvent.js:41:13)
      at Object.dispatchUIEvent (node_modules/@testing-library/user-event/dist/
cjs/event/dispatchEvent.js:22:26)
      at KeyboardHost.keydown 
(node_modules/@testing-library/user-event/dist/cjs/system/keyboard.js:76:22)
      at keyboardAction 
(node_modules/@testing-library/user-event/dist/cjs/keyboard/index.js:22:35)
      at Object.keyboard 
(node_modules/@testing-library/user-event/dist/cjs/keyboard/index.js:11:15)
      at Object.type 
(node_modules/@testing-library/user-event/dist/cjs/utility/type.js:17:5)
      at Object.<anonymous> (src/auth/auth.test.tsx:149:9)

    console.error
      Warning: An update to LoginForm inside a test was not wrapped in 
act(...).
      
      When testing, code that causes React state updates should be wrapped 
into act(...):
      
      act(() => {
        /* fire events that update state */
      });
      /* assert on the output */
      
      This ensures that you're testing the behavior the user would see in the 
browser. Learn more at https://reactjs.org/link/wrap-tests-with-act
          at LoginForm (C:\Users\samhe\OneDrive\Desktop\Cleaned\frontend\src\au
th\LoginForm\LoginForm.tsx:41:33)
          at div
          at div
          at LoginPage
          at routeContext (C:\Users\samhe\OneDrive\Desktop\Cleaned\frontend\nod
e_modules\react-router\lib\hooks.tsx:658:26)
          at children (C:\Users\samhe\OneDrive\Desktop\Cleaned\frontend\node_mo
dules\react-router\lib\components.tsx:512:3)
          at basenameProp (C:\Users\samhe\OneDrive\Desktop\Cleaned\frontend\nod
e_modules\react-router\lib\components.tsx:421:13)
          at basename (C:\Users\samhe\OneDrive\Desktop\Cleaned\frontend\node_mo
dules\react-router\lib\components.tsx:225:3)

      123 |                     placeholder="email@company.com"
      124 |                     value={email}
    > 125 |                     onChange={(e) => setEmail(e.target.value)}
          |                                      ^
      126 |                     className="w-full rounded-md border 
border-gray-300 px-3 py-2 text-sm focus:outline-none focus:ring-2 
focus:ring-gray-900 disabled:opacity-50"
      127 |                 />
      128 |             </div>

      at printWarning 
(node_modules/react-dom/cjs/react-dom.development.js:86:30)
      at error (node_modules/react-dom/cjs/react-dom.development.js:60:7)
      at warnIfUpdatesNotWrappedWithActDEV 
(node_modules/react-dom/cjs/react-dom.development.js:27628:9)
      at scheduleUpdateOnFiber 
(node_modules/react-dom/cjs/react-dom.development.js:25547:5)
      at dispatchSetState 
(node_modules/react-dom/cjs/react-dom.development.js:16708:7)
      at onChange (src/auth/LoginForm/LoginForm.tsx:125:38)
      at HTMLUnknownElement.callCallback 
(node_modules/react-dom/cjs/react-dom.development.js:4164:14)
      at HTMLUnknownElement.callTheUserObjectsOperation 
(node_modules/jsdom/lib/jsdom/living/generated/EventListener.js:26:30)
      at innerInvokeEventListeners 
(node_modules/jsdom/lib/jsdom/living/events/EventTarget-impl.js:350:25)
      at invokeEventListeners 
(node_modules/jsdom/lib/jsdom/living/events/EventTarget-impl.js:286:3)
      at HTMLUnknownElementImpl._dispatch 
(node_modules/jsdom/lib/jsdom/living/events/EventTarget-impl.js:233:9)
      at HTMLUnknownElementImpl.dispatchEvent 
(node_modules/jsdom/lib/jsdom/living/events/EventTarget-impl.js:104:17)
      at HTMLUnknownElement.dispatchEvent 
(node_modules/jsdom/lib/jsdom/living/generated/EventTarget.js:241:34)
      at Object.invokeGuardedCallbackDev 
(node_modules/react-dom/cjs/react-dom.development.js:4213:16)
      at invokeGuardedCallback 
(node_modules/react-dom/cjs/react-dom.development.js:4277:31)
      at invokeGuardedCallbackAndCatchFirstError 
(node_modules/react-dom/cjs/react-dom.development.js:4291:25)
      at executeDispatch 
(node_modules/react-dom/cjs/react-dom.development.js:9041:3)
      at processDispatchQueueItemsInOrder 
(node_modules/react-dom/cjs/react-dom.development.js:9073:7)
      at processDispatchQueue 
(node_modules/react-dom/cjs/react-dom.development.js:9086:5)
      at dispatchEventsForPlugins 
(node_modules/react-dom/cjs/react-dom.development.js:9097:3)
      at node_modules/react-dom/cjs/react-dom.development.js:9288:12
      at batchedUpdates$1 
(node_modules/react-dom/cjs/react-dom.development.js:26179:12)
      at batchedUpdates 
(node_modules/react-dom/cjs/react-dom.development.js:3991:12)
      at dispatchEventForPluginEventSystem 
(node_modules/react-dom/cjs/react-dom.development.js:9287:3)
      at dispatchEventWithEnableCapturePhaseSelectiveHydrationWithoutDiscreteEv
entReplay (node_modules/react-dom/cjs/react-dom.development.js:6465:5)
      at dispatchEvent 
(node_modules/react-dom/cjs/react-dom.development.js:6457:5)
      at dispatchDiscreteEvent 
(node_modules/react-dom/cjs/react-dom.development.js:6430:5)
      at HTMLDivElement.callTheUserObjectsOperation 
(node_modules/jsdom/lib/jsdom/living/generated/EventListener.js:26:30)
      at innerInvokeEventListeners 
(node_modules/jsdom/lib/jsdom/living/events/EventTarget-impl.js:350:25)
      at invokeEventListeners 
(node_modules/jsdom/lib/jsdom/living/events/EventTarget-impl.js:286:3)
      at HTMLInputElementImpl._dispatch 
(node_modules/jsdom/lib/jsdom/living/events/EventTarget-impl.js:233:9)
      at HTMLInputElementImpl.dispatchEvent 
(node_modules/jsdom/lib/jsdom/living/events/EventTarget-impl.js:104:17)
      at HTMLInputElement.dispatchEvent 
(node_modules/jsdom/lib/jsdom/living/generated/EventTarget.js:241:34)
      at 
node_modules/@testing-library/user-event/dist/cjs/event/dispatchEvent.js:45:43
      at Object.eventWrapper 
(node_modules/@testing-library/dom/dist/config.js:25:23)
      at Object.wrapEvent 
(node_modules/@testing-library/user-event/dist/cjs/event/wrapEvent.js:6:28)
      at Object.dispatchEvent (node_modules/@testing-library/user-event/dist/cj
s/event/dispatchEvent.js:45:22)
      at Object.dispatchUIEvent (node_modules/@testing-library/user-event/dist/
cjs/event/dispatchEvent.js:22:26)
      at commitInput 
(node_modules/@testing-library/user-event/dist/cjs/event/input.js:145:14)
      at editInputElement 
(node_modules/@testing-library/user-event/dist/cjs/event/input.js:115:9)
      at Object.input 
(node_modules/@testing-library/user-event/dist/cjs/event/input.js:37:9)
      at node_modules/@testing-library/user-event/dist/cjs/event/behavior/keypr
ess.js:31:26
      at Object.dispatchEvent (node_modules/@testing-library/user-event/dist/cj
s/event/dispatchEvent.js:41:13)
      at Object.dispatchUIEvent (node_modules/@testing-library/user-event/dist/
cjs/event/dispatchEvent.js:22:26)
      at KeyboardHost.keydown 
(node_modules/@testing-library/user-event/dist/cjs/system/keyboard.js:76:22)
      at keyboardAction 
(node_modules/@testing-library/user-event/dist/cjs/keyboard/index.js:22:35)
      at Object.keyboard 
(node_modules/@testing-library/user-event/dist/cjs/keyboard/index.js:11:15)
      at Object.type 
(node_modules/@testing-library/user-event/dist/cjs/utility/type.js:17:5)
      at Object.<anonymous> (src/auth/auth.test.tsx:149:9)

    console.error
      Warning: An update to LoginForm inside a test was not wrapped in 
act(...).
      
      When testing, code that causes React state updates should be wrapped 
into act(...):
      
      act(() => {
        /* fire events that update state */
      });
      /* assert on the output */
      
      This ensures that you're testing the behavior the user would see in the 
browser. Learn more at https://reactjs.org/link/wrap-tests-with-act
          at LoginForm (C:\Users\samhe\OneDrive\Desktop\Cleaned\frontend\src\au
th\LoginForm\LoginForm.tsx:41:33)
          at div
          at div
          at LoginPage
          at routeContext (C:\Users\samhe\OneDrive\Desktop\Cleaned\frontend\nod
e_modules\react-router\lib\hooks.tsx:658:26)
          at children (C:\Users\samhe\OneDrive\Desktop\Cleaned\frontend\node_mo
dules\react-router\lib\components.tsx:512:3)
          at basenameProp (C:\Users\samhe\OneDrive\Desktop\Cleaned\frontend\nod
e_modules\react-router\lib\components.tsx:421:13)
          at basename (C:\Users\samhe\OneDrive\Desktop\Cleaned\frontend\node_mo
dules\react-router\lib\components.tsx:225:3)

      123 |                     placeholder="email@company.com"
      124 |                     value={email}
    > 125 |                     onChange={(e) => setEmail(e.target.value)}
          |                                      ^
      126 |                     className="w-full rounded-md border 
border-gray-300 px-3 py-2 text-sm focus:outline-none focus:ring-2 
focus:ring-gray-900 disabled:opacity-50"
      127 |                 />
      128 |             </div>

      at printWarning 
(node_modules/react-dom/cjs/react-dom.development.js:86:30)
      at error (node_modules/react-dom/cjs/react-dom.development.js:60:7)
      at warnIfUpdatesNotWrappedWithActDEV 
(node_modules/react-dom/cjs/react-dom.development.js:27628:9)
      at scheduleUpdateOnFiber 
(node_modules/react-dom/cjs/react-dom.development.js:25547:5)
      at dispatchSetState 
(node_modules/react-dom/cjs/react-dom.development.js:16708:7)
      at onChange (src/auth/LoginForm/LoginForm.tsx:125:38)
      at HTMLUnknownElement.callCallback 
(node_modules/react-dom/cjs/react-dom.development.js:4164:14)
      at HTMLUnknownElement.callTheUserObjectsOperation 
(node_modules/jsdom/lib/jsdom/living/generated/EventListener.js:26:30)
      at innerInvokeEventListeners 
(node_modules/jsdom/lib/jsdom/living/events/EventTarget-impl.js:350:25)
      at invokeEventListeners 
(node_modules/jsdom/lib/jsdom/living/events/EventTarget-impl.js:286:3)
      at HTMLUnknownElementImpl._dispatch 
(node_modules/jsdom/lib/jsdom/living/events/EventTarget-impl.js:233:9)
      at HTMLUnknownElementImpl.dispatchEvent 
(node_modules/jsdom/lib/jsdom/living/events/EventTarget-impl.js:104:17)
      at HTMLUnknownElement.dispatchEvent 
(node_modules/jsdom/lib/jsdom/living/generated/EventTarget.js:241:34)
      at Object.invokeGuardedCallbackDev 
(node_modules/react-dom/cjs/react-dom.development.js:4213:16)
      at invokeGuardedCallback 
(node_modules/react-dom/cjs/react-dom.development.js:4277:31)
      at invokeGuardedCallbackAndCatchFirstError 
(node_modules/react-dom/cjs/react-dom.development.js:4291:25)
      at executeDispatch 
(node_modules/react-dom/cjs/react-dom.development.js:9041:3)
      at processDispatchQueueItemsInOrder 
(node_modules/react-dom/cjs/react-dom.development.js:9073:7)
      at processDispatchQueue 
(node_modules/react-dom/cjs/react-dom.development.js:9086:5)
      at dispatchEventsForPlugins 
(node_modules/react-dom/cjs/react-dom.development.js:9097:3)
      at node_modules/react-dom/cjs/react-dom.development.js:9288:12
      at batchedUpdates$1 
(node_modules/react-dom/cjs/react-dom.development.js:26179:12)
      at batchedUpdates 
(node_modules/react-dom/cjs/react-dom.development.js:3991:12)
      at dispatchEventForPluginEventSystem 
(node_modules/react-dom/cjs/react-dom.development.js:9287:3)
      at dispatchEventWithEnableCapturePhaseSelectiveHydrationWithoutDiscreteEv
entReplay (node_modules/react-dom/cjs/react-dom.development.js:6465:5)
      at dispatchEvent 
(node_modules/react-dom/cjs/react-dom.development.js:6457:5)
      at dispatchDiscreteEvent 
(node_modules/react-dom/cjs/react-dom.development.js:6430:5)
      at HTMLDivElement.callTheUserObjectsOperation 
(node_modules/jsdom/lib/jsdom/living/generated/EventListener.js:26:30)
      at innerInvokeEventListeners 
(node_modules/jsdom/lib/jsdom/living/events/EventTarget-impl.js:350:25)
      at invokeEventListeners 
(node_modules/jsdom/lib/jsdom/living/events/EventTarget-impl.js:286:3)
      at HTMLInputElementImpl._dispatch 
(node_modules/jsdom/lib/jsdom/living/events/EventTarget-impl.js:233:9)
      at HTMLInputElementImpl.dispatchEvent 
(node_modules/jsdom/lib/jsdom/living/events/EventTarget-impl.js:104:17)
      at HTMLInputElement.dispatchEvent 
(node_modules/jsdom/lib/jsdom/living/generated/EventTarget.js:241:34)
      at 
node_modules/@testing-library/user-event/dist/cjs/event/dispatchEvent.js:45:43
      at Object.eventWrapper 
(node_modules/@testing-library/dom/dist/config.js:25:23)
      at Object.wrapEvent 
(node_modules/@testing-library/user-event/dist/cjs/event/wrapEvent.js:6:28)
      at Object.dispatchEvent (node_modules/@testing-library/user-event/dist/cj
s/event/dispatchEvent.js:45:22)
      at Object.dispatchUIEvent (node_modules/@testing-library/user-event/dist/
cjs/event/dispatchEvent.js:22:26)
      at commitInput 
(node_modules/@testing-library/user-event/dist/cjs/event/input.js:145:14)
      at editInputElement 
(node_modules/@testing-library/user-event/dist/cjs/event/input.js:115:9)
      at Object.input 
(node_modules/@testing-library/user-event/dist/cjs/event/input.js:37:9)
      at node_modules/@testing-library/user-event/dist/cjs/event/behavior/keypr
ess.js:31:26
      at Object.dispatchEvent (node_modules/@testing-library/user-event/dist/cj
s/event/dispatchEvent.js:41:13)
      at Object.dispatchUIEvent (node_modules/@testing-library/user-event/dist/
cjs/event/dispatchEvent.js:22:26)
      at KeyboardHost.keydown 
(node_modules/@testing-library/user-event/dist/cjs/system/keyboard.js:76:22)
      at keyboardAction 
(node_modules/@testing-library/user-event/dist/cjs/keyboard/index.js:22:35)
      at Object.keyboard 
(node_modules/@testing-library/user-event/dist/cjs/keyboard/index.js:11:15)
      at Object.type 
(node_modules/@testing-library/user-event/dist/cjs/utility/type.js:17:5)
      at Object.<anonymous> (src/auth/auth.test.tsx:149:9)

    console.error
      Warning: An update to LoginForm inside a test was not wrapped in 
act(...).
      
      When testing, code that causes React state updates should be wrapped 
into act(...):
      
      act(() => {
        /* fire events that update state */
      });
      /* assert on the output */
      
      This ensures that you're testing the behavior the user would see in the 
browser. Learn more at https://reactjs.org/link/wrap-tests-with-act
          at LoginForm (C:\Users\samhe\OneDrive\Desktop\Cleaned\frontend\src\au
th\LoginForm\LoginForm.tsx:41:33)
          at div
          at div
          at LoginPage
          at routeContext (C:\Users\samhe\OneDrive\Desktop\Cleaned\frontend\nod
e_modules\react-router\lib\hooks.tsx:658:26)
          at children (C:\Users\samhe\OneDrive\Desktop\Cleaned\frontend\node_mo
dules\react-router\lib\components.tsx:512:3)
          at basenameProp (C:\Users\samhe\OneDrive\Desktop\Cleaned\frontend\nod
e_modules\react-router\lib\components.tsx:421:13)
          at basename (C:\Users\samhe\OneDrive\Desktop\Cleaned\frontend\node_mo
dules\react-router\lib\components.tsx:225:3)

      123 |                     placeholder="email@company.com"
      124 |                     value={email}
    > 125 |                     onChange={(e) => setEmail(e.target.value)}
          |                                      ^
      126 |                     className="w-full rounded-md border 
border-gray-300 px-3 py-2 text-sm focus:outline-none focus:ring-2 
focus:ring-gray-900 disabled:opacity-50"
      127 |                 />
      128 |             </div>

      at printWarning 
(node_modules/react-dom/cjs/react-dom.development.js:86:30)
      at error (node_modules/react-dom/cjs/react-dom.development.js:60:7)
      at warnIfUpdatesNotWrappedWithActDEV 
(node_modules/react-dom/cjs/react-dom.development.js:27628:9)
      at scheduleUpdateOnFiber 
(node_modules/react-dom/cjs/react-dom.development.js:25547:5)
      at dispatchSetState 
(node_modules/react-dom/cjs/react-dom.development.js:16708:7)
      at onChange (src/auth/LoginForm/LoginForm.tsx:125:38)
      at HTMLUnknownElement.callCallback 
(node_modules/react-dom/cjs/react-dom.development.js:4164:14)
      at HTMLUnknownElement.callTheUserObjectsOperation 
(node_modules/jsdom/lib/jsdom/living/generated/EventListener.js:26:30)
      at innerInvokeEventListeners 
(node_modules/jsdom/lib/jsdom/living/events/EventTarget-impl.js:350:25)
      at invokeEventListeners 
(node_modules/jsdom/lib/jsdom/living/events/EventTarget-impl.js:286:3)
      at HTMLUnknownElementImpl._dispatch 
(node_modules/jsdom/lib/jsdom/living/events/EventTarget-impl.js:233:9)
      at HTMLUnknownElementImpl.dispatchEvent 
(node_modules/jsdom/lib/jsdom/living/events/EventTarget-impl.js:104:17)
      at HTMLUnknownElement.dispatchEvent 
(node_modules/jsdom/lib/jsdom/living/generated/EventTarget.js:241:34)
      at Object.invokeGuardedCallbackDev 
(node_modules/react-dom/cjs/react-dom.development.js:4213:16)
      at invokeGuardedCallback 
(node_modules/react-dom/cjs/react-dom.development.js:4277:31)
      at invokeGuardedCallbackAndCatchFirstError 
(node_modules/react-dom/cjs/react-dom.development.js:4291:25)
      at executeDispatch 
(node_modules/react-dom/cjs/react-dom.development.js:9041:3)
      at processDispatchQueueItemsInOrder 
(node_modules/react-dom/cjs/react-dom.development.js:9073:7)
      at processDispatchQueue 
(node_modules/react-dom/cjs/react-dom.development.js:9086:5)
      at dispatchEventsForPlugins 
(node_modules/react-dom/cjs/react-dom.development.js:9097:3)
      at node_modules/react-dom/cjs/react-dom.development.js:9288:12
      at batchedUpdates$1 
(node_modules/react-dom/cjs/react-dom.development.js:26179:12)
      at batchedUpdates 
(node_modules/react-dom/cjs/react-dom.development.js:3991:12)
      at dispatchEventForPluginEventSystem 
(node_modules/react-dom/cjs/react-dom.development.js:9287:3)
      at dispatchEventWithEnableCapturePhaseSelectiveHydrationWithoutDiscreteEv
entReplay (node_modules/react-dom/cjs/react-dom.development.js:6465:5)
      at dispatchEvent 
(node_modules/react-dom/cjs/react-dom.development.js:6457:5)
      at dispatchDiscreteEvent 
(node_modules/react-dom/cjs/react-dom.development.js:6430:5)
      at HTMLDivElement.callTheUserObjectsOperation 
(node_modules/jsdom/lib/jsdom/living/generated/EventListener.js:26:30)
      at innerInvokeEventListeners 
(node_modules/jsdom/lib/jsdom/living/events/EventTarget-impl.js:350:25)
      at invokeEventListeners 
(node_modules/jsdom/lib/jsdom/living/events/EventTarget-impl.js:286:3)
      at HTMLInputElementImpl._dispatch 
(node_modules/jsdom/lib/jsdom/living/events/EventTarget-impl.js:233:9)
      at HTMLInputElementImpl.dispatchEvent 
(node_modules/jsdom/lib/jsdom/living/events/EventTarget-impl.js:104:17)
      at HTMLInputElement.dispatchEvent 
(node_modules/jsdom/lib/jsdom/living/generated/EventTarget.js:241:34)
      at 
node_modules/@testing-library/user-event/dist/cjs/event/dispatchEvent.js:45:43
      at Object.eventWrapper 
(node_modules/@testing-library/dom/dist/config.js:25:23)
      at Object.wrapEvent 
(node_modules/@testing-library/user-event/dist/cjs/event/wrapEvent.js:6:28)
      at Object.dispatchEvent (node_modules/@testing-library/user-event/dist/cj
s/event/dispatchEvent.js:45:22)
      at Object.dispatchUIEvent (node_modules/@testing-library/user-event/dist/
cjs/event/dispatchEvent.js:22:26)
      at commitInput 
(node_modules/@testing-library/user-event/dist/cjs/event/input.js:145:14)
      at editInputElement 
(node_modules/@testing-library/user-event/dist/cjs/event/input.js:115:9)
      at Object.input 
(node_modules/@testing-library/user-event/dist/cjs/event/input.js:37:9)
      at node_modules/@testing-library/user-event/dist/cjs/event/behavior/keypr
ess.js:31:26
      at Object.dispatchEvent (node_modules/@testing-library/user-event/dist/cj
s/event/dispatchEvent.js:41:13)
      at Object.dispatchUIEvent (node_modules/@testing-library/user-event/dist/
cjs/event/dispatchEvent.js:22:26)
      at KeyboardHost.keydown 
(node_modules/@testing-library/user-event/dist/cjs/system/keyboard.js:76:22)
      at keyboardAction 
(node_modules/@testing-library/user-event/dist/cjs/keyboard/index.js:22:35)
      at Object.keyboard 
(node_modules/@testing-library/user-event/dist/cjs/keyboard/index.js:11:15)
      at Object.type 
(node_modules/@testing-library/user-event/dist/cjs/utility/type.js:17:5)
      at Object.<anonymous> (src/auth/auth.test.tsx:149:9)

    console.error
      Warning: An update to LoginForm inside a test was not wrapped in 
act(...).
      
      When testing, code that causes React state updates should be wrapped 
into act(...):
      
      act(() => {
        /* fire events that update state */
      });
      /* assert on the output */
      
      This ensures that you're testing the behavior the user would see in the 
browser. Learn more at https://reactjs.org/link/wrap-tests-with-act
          at LoginForm (C:\Users\samhe\OneDrive\Desktop\Cleaned\frontend\src\au
th\LoginForm\LoginForm.tsx:41:33)
          at div
          at div
          at LoginPage
          at routeContext (C:\Users\samhe\OneDrive\Desktop\Cleaned\frontend\nod
e_modules\react-router\lib\hooks.tsx:658:26)
          at children (C:\Users\samhe\OneDrive\Desktop\Cleaned\frontend\node_mo
dules\react-router\lib\components.tsx:512:3)
          at basenameProp (C:\Users\samhe\OneDrive\Desktop\Cleaned\frontend\nod
e_modules\react-router\lib\components.tsx:421:13)
          at basename (C:\Users\samhe\OneDrive\Desktop\Cleaned\frontend\node_mo
dules\react-router\lib\components.tsx:225:3)

      123 |                     placeholder="email@company.com"
      124 |                     value={email}
    > 125 |                     onChange={(e) => setEmail(e.target.value)}
          |                                      ^
      126 |                     className="w-full rounded-md border 
border-gray-300 px-3 py-2 text-sm focus:outline-none focus:ring-2 
focus:ring-gray-900 disabled:opacity-50"
      127 |                 />
      128 |             </div>

      at printWarning 
(node_modules/react-dom/cjs/react-dom.development.js:86:30)
      at error (node_modules/react-dom/cjs/react-dom.development.js:60:7)
      at warnIfUpdatesNotWrappedWithActDEV 
(node_modules/react-dom/cjs/react-dom.development.js:27628:9)
      at scheduleUpdateOnFiber 
(node_modules/react-dom/cjs/react-dom.development.js:25547:5)
      at dispatchSetState 
(node_modules/react-dom/cjs/react-dom.development.js:16708:7)
      at onChange (src/auth/LoginForm/LoginForm.tsx:125:38)
      at HTMLUnknownElement.callCallback 
(node_modules/react-dom/cjs/react-dom.development.js:4164:14)
      at HTMLUnknownElement.callTheUserObjectsOperation 
(node_modules/jsdom/lib/jsdom/living/generated/EventListener.js:26:30)
      at innerInvokeEventListeners 
(node_modules/jsdom/lib/jsdom/living/events/EventTarget-impl.js:350:25)
      at invokeEventListeners 
(node_modules/jsdom/lib/jsdom/living/events/EventTarget-impl.js:286:3)
      at HTMLUnknownElementImpl._dispatch 
(node_modules/jsdom/lib/jsdom/living/events/EventTarget-impl.js:233:9)
      at HTMLUnknownElementImpl.dispatchEvent 
(node_modules/jsdom/lib/jsdom/living/events/EventTarget-impl.js:104:17)
      at HTMLUnknownElement.dispatchEvent 
(node_modules/jsdom/lib/jsdom/living/generated/EventTarget.js:241:34)
      at Object.invokeGuardedCallbackDev 
(node_modules/react-dom/cjs/react-dom.development.js:4213:16)
      at invokeGuardedCallback 
(node_modules/react-dom/cjs/react-dom.development.js:4277:31)
      at invokeGuardedCallbackAndCatchFirstError 
(node_modules/react-dom/cjs/react-dom.development.js:4291:25)
      at executeDispatch 
(node_modules/react-dom/cjs/react-dom.development.js:9041:3)
      at processDispatchQueueItemsInOrder 
(node_modules/react-dom/cjs/react-dom.development.js:9073:7)
      at processDispatchQueue 
(node_modules/react-dom/cjs/react-dom.development.js:9086:5)
      at dispatchEventsForPlugins 
(node_modules/react-dom/cjs/react-dom.development.js:9097:3)
      at node_modules/react-dom/cjs/react-dom.development.js:9288:12
      at batchedUpdates$1 
(node_modules/react-dom/cjs/react-dom.development.js:26179:12)
      at batchedUpdates 
(node_modules/react-dom/cjs/react-dom.development.js:3991:12)
      at dispatchEventForPluginEventSystem 
(node_modules/react-dom/cjs/react-dom.development.js:9287:3)
      at dispatchEventWithEnableCapturePhaseSelectiveHydrationWithoutDiscreteEv
entReplay (node_modules/react-dom/cjs/react-dom.development.js:6465:5)
      at dispatchEvent 
(node_modules/react-dom/cjs/react-dom.development.js:6457:5)
      at dispatchDiscreteEvent 
(node_modules/react-dom/cjs/react-dom.development.js:6430:5)
      at HTMLDivElement.callTheUserObjectsOperation 
(node_modules/jsdom/lib/jsdom/living/generated/EventListener.js:26:30)
      at innerInvokeEventListeners 
(node_modules/jsdom/lib/jsdom/living/events/EventTarget-impl.js:350:25)
      at invokeEventListeners 
(node_modules/jsdom/lib/jsdom/living/events/EventTarget-impl.js:286:3)
      at HTMLInputElementImpl._dispatch 
(node_modules/jsdom/lib/jsdom/living/events/EventTarget-impl.js:233:9)
      at HTMLInputElementImpl.dispatchEvent 
(node_modules/jsdom/lib/jsdom/living/events/EventTarget-impl.js:104:17)
      at HTMLInputElement.dispatchEvent 
(node_modules/jsdom/lib/jsdom/living/generated/EventTarget.js:241:34)
      at 
node_modules/@testing-library/user-event/dist/cjs/event/dispatchEvent.js:45:43
      at Object.eventWrapper 
(node_modules/@testing-library/dom/dist/config.js:25:23)
      at Object.wrapEvent 
(node_modules/@testing-library/user-event/dist/cjs/event/wrapEvent.js:6:28)
      at Object.dispatchEvent (node_modules/@testing-library/user-event/dist/cj
s/event/dispatchEvent.js:45:22)
      at Object.dispatchUIEvent (node_modules/@testing-library/user-event/dist/
cjs/event/dispatchEvent.js:22:26)
      at commitInput 
(node_modules/@testing-library/user-event/dist/cjs/event/input.js:145:14)
      at editInputElement 
(node_modules/@testing-library/user-event/dist/cjs/event/input.js:115:9)
      at Object.input 
(node_modules/@testing-library/user-event/dist/cjs/event/input.js:37:9)
      at node_modules/@testing-library/user-event/dist/cjs/event/behavior/keypr
ess.js:31:26
      at Object.dispatchEvent (node_modules/@testing-library/user-event/dist/cj
s/event/dispatchEvent.js:41:13)
      at Object.dispatchUIEvent (node_modules/@testing-library/user-event/dist/
cjs/event/dispatchEvent.js:22:26)
      at KeyboardHost.keydown 
(node_modules/@testing-library/user-event/dist/cjs/system/keyboard.js:76:22)
      at keyboardAction 
(node_modules/@testing-library/user-event/dist/cjs/keyboard/index.js:22:35)
      at Object.keyboard 
(node_modules/@testing-library/user-event/dist/cjs/keyboard/index.js:11:15)
      at Object.type 
(node_modules/@testing-library/user-event/dist/cjs/utility/type.js:17:5)
      at Object.<anonymous> (src/auth/auth.test.tsx:149:9)

    console.error
      Warning: An update to LoginForm inside a test was not wrapped in 
act(...).
      
      When testing, code that causes React state updates should be wrapped 
into act(...):
      
      act(() => {
        /* fire events that update state */
      });
      /* assert on the output */
      
      This ensures that you're testing the behavior the user would see in the 
browser. Learn more at https://reactjs.org/link/wrap-tests-with-act
          at LoginForm (C:\Users\samhe\OneDrive\Desktop\Cleaned\frontend\src\au
th\LoginForm\LoginForm.tsx:41:33)
          at div
          at div
          at LoginPage
          at routeContext (C:\Users\samhe\OneDrive\Desktop\Cleaned\frontend\nod
e_modules\react-router\lib\hooks.tsx:658:26)
          at children (C:\Users\samhe\OneDrive\Desktop\Cleaned\frontend\node_mo
dules\react-router\lib\components.tsx:512:3)
          at basenameProp (C:\Users\samhe\OneDrive\Desktop\Cleaned\frontend\nod
e_modules\react-router\lib\components.tsx:421:13)
          at basename (C:\Users\samhe\OneDrive\Desktop\Cleaned\frontend\node_mo
dules\react-router\lib\components.tsx:225:3)

      123 |                     placeholder="email@company.com"
      124 |                     value={email}
    > 125 |                     onChange={(e) => setEmail(e.target.value)}
          |                                      ^
      126 |                     className="w-full rounded-md border 
border-gray-300 px-3 py-2 text-sm focus:outline-none focus:ring-2 
focus:ring-gray-900 disabled:opacity-50"
      127 |                 />
      128 |             </div>

      at printWarning 
(node_modules/react-dom/cjs/react-dom.development.js:86:30)
      at error (node_modules/react-dom/cjs/react-dom.development.js:60:7)
      at warnIfUpdatesNotWrappedWithActDEV 
(node_modules/react-dom/cjs/react-dom.development.js:27628:9)
      at scheduleUpdateOnFiber 
(node_modules/react-dom/cjs/react-dom.development.js:25547:5)
      at dispatchSetState 
(node_modules/react-dom/cjs/react-dom.development.js:16708:7)
      at onChange (src/auth/LoginForm/LoginForm.tsx:125:38)
      at HTMLUnknownElement.callCallback 
(node_modules/react-dom/cjs/react-dom.development.js:4164:14)
      at HTMLUnknownElement.callTheUserObjectsOperation 
(node_modules/jsdom/lib/jsdom/living/generated/EventListener.js:26:30)
      at innerInvokeEventListeners 
(node_modules/jsdom/lib/jsdom/living/events/EventTarget-impl.js:350:25)
      at invokeEventListeners 
(node_modules/jsdom/lib/jsdom/living/events/EventTarget-impl.js:286:3)
      at HTMLUnknownElementImpl._dispatch 
(node_modules/jsdom/lib/jsdom/living/events/EventTarget-impl.js:233:9)
      at HTMLUnknownElementImpl.dispatchEvent 
(node_modules/jsdom/lib/jsdom/living/events/EventTarget-impl.js:104:17)
      at HTMLUnknownElement.dispatchEvent 
(node_modules/jsdom/lib/jsdom/living/generated/EventTarget.js:241:34)
      at Object.invokeGuardedCallbackDev 
(node_modules/react-dom/cjs/react-dom.development.js:4213:16)
      at invokeGuardedCallback 
(node_modules/react-dom/cjs/react-dom.development.js:4277:31)
      at invokeGuardedCallbackAndCatchFirstError 
(node_modules/react-dom/cjs/react-dom.development.js:4291:25)
      at executeDispatch 
(node_modules/react-dom/cjs/react-dom.development.js:9041:3)
      at processDispatchQueueItemsInOrder 
(node_modules/react-dom/cjs/react-dom.development.js:9073:7)
      at processDispatchQueue 
(node_modules/react-dom/cjs/react-dom.development.js:9086:5)
      at dispatchEventsForPlugins 
(node_modules/react-dom/cjs/react-dom.development.js:9097:3)
      at node_modules/react-dom/cjs/react-dom.development.js:9288:12
      at batchedUpdates$1 
(node_modules/react-dom/cjs/react-dom.development.js:26179:12)
      at batchedUpdates 
(node_modules/react-dom/cjs/react-dom.development.js:3991:12)
      at dispatchEventForPluginEventSystem 
(node_modules/react-dom/cjs/react-dom.development.js:9287:3)
      at dispatchEventWithEnableCapturePhaseSelectiveHydrationWithoutDiscreteEv
entReplay (node_modules/react-dom/cjs/react-dom.development.js:6465:5)
      at dispatchEvent 
(node_modules/react-dom/cjs/react-dom.development.js:6457:5)
      at dispatchDiscreteEvent 
(node_modules/react-dom/cjs/react-dom.development.js:6430:5)
      at HTMLDivElement.callTheUserObjectsOperation 
(node_modules/jsdom/lib/jsdom/living/generated/EventListener.js:26:30)
      at innerInvokeEventListeners 
(node_modules/jsdom/lib/jsdom/living/events/EventTarget-impl.js:350:25)
      at invokeEventListeners 
(node_modules/jsdom/lib/jsdom/living/events/EventTarget-impl.js:286:3)
      at HTMLInputElementImpl._dispatch 
(node_modules/jsdom/lib/jsdom/living/events/EventTarget-impl.js:233:9)
      at HTMLInputElementImpl.dispatchEvent 
(node_modules/jsdom/lib/jsdom/living/events/EventTarget-impl.js:104:17)
      at HTMLInputElement.dispatchEvent 
(node_modules/jsdom/lib/jsdom/living/generated/EventTarget.js:241:34)
      at 
node_modules/@testing-library/user-event/dist/cjs/event/dispatchEvent.js:45:43
      at Object.eventWrapper 
(node_modules/@testing-library/dom/dist/config.js:25:23)
      at Object.wrapEvent 
(node_modules/@testing-library/user-event/dist/cjs/event/wrapEvent.js:6:28)
      at Object.dispatchEvent (node_modules/@testing-library/user-event/dist/cj
s/event/dispatchEvent.js:45:22)
      at Object.dispatchUIEvent (node_modules/@testing-library/user-event/dist/
cjs/event/dispatchEvent.js:22:26)
      at commitInput 
(node_modules/@testing-library/user-event/dist/cjs/event/input.js:145:14)
      at editInputElement 
(node_modules/@testing-library/user-event/dist/cjs/event/input.js:115:9)
      at Object.input 
(node_modules/@testing-library/user-event/dist/cjs/event/input.js:37:9)
      at node_modules/@testing-library/user-event/dist/cjs/event/behavior/keypr
ess.js:31:26
      at Object.dispatchEvent (node_modules/@testing-library/user-event/dist/cj
s/event/dispatchEvent.js:41:13)
      at Object.dispatchUIEvent (node_modules/@testing-library/user-event/dist/
cjs/event/dispatchEvent.js:22:26)
      at KeyboardHost.keydown 
(node_modules/@testing-library/user-event/dist/cjs/system/keyboard.js:76:22)
      at keyboardAction 
(node_modules/@testing-library/user-event/dist/cjs/keyboard/index.js:22:35)
      at Object.keyboard 
(node_modules/@testing-library/user-event/dist/cjs/keyboard/index.js:11:15)
      at Object.type 
(node_modules/@testing-library/user-event/dist/cjs/utility/type.js:17:5)
      at Object.<anonymous> (src/auth/auth.test.tsx:149:9)

    console.error
      Warning: An update to LoginForm inside a test was not wrapped in 
act(...).
      
      When testing, code that causes React state updates should be wrapped 
into act(...):
      
      act(() => {
        /* fire events that update state */
      });
      /* assert on the output */
      
      This ensures that you're testing the behavior the user would see in the 
browser. Learn more at https://reactjs.org/link/wrap-tests-with-act
          at LoginForm (C:\Users\samhe\OneDrive\Desktop\Cleaned\frontend\src\au
th\LoginForm\LoginForm.tsx:41:33)
          at div
          at div
          at LoginPage
          at routeContext (C:\Users\samhe\OneDrive\Desktop\Cleaned\frontend\nod
e_modules\react-router\lib\hooks.tsx:658:26)
          at children (C:\Users\samhe\OneDrive\Desktop\Cleaned\frontend\node_mo
dules\react-router\lib\components.tsx:512:3)
          at basenameProp (C:\Users\samhe\OneDrive\Desktop\Cleaned\frontend\nod
e_modules\react-router\lib\components.tsx:421:13)
          at basename (C:\Users\samhe\OneDrive\Desktop\Cleaned\frontend\node_mo
dules\react-router\lib\components.tsx:225:3)

      123 |                     placeholder="email@company.com"
      124 |                     value={email}
    > 125 |                     onChange={(e) => setEmail(e.target.value)}
          |                                      ^
      126 |                     className="w-full rounded-md border 
border-gray-300 px-3 py-2 text-sm focus:outline-none focus:ring-2 
focus:ring-gray-900 disabled:opacity-50"
      127 |                 />
      128 |             </div>

      at printWarning 
(node_modules/react-dom/cjs/react-dom.development.js:86:30)
      at error (node_modules/react-dom/cjs/react-dom.development.js:60:7)
      at warnIfUpdatesNotWrappedWithActDEV 
(node_modules/react-dom/cjs/react-dom.development.js:27628:9)
      at scheduleUpdateOnFiber 
(node_modules/react-dom/cjs/react-dom.development.js:25547:5)
      at dispatchSetState 
(node_modules/react-dom/cjs/react-dom.development.js:16708:7)
      at onChange (src/auth/LoginForm/LoginForm.tsx:125:38)
      at HTMLUnknownElement.callCallback 
(node_modules/react-dom/cjs/react-dom.development.js:4164:14)
      at HTMLUnknownElement.callTheUserObjectsOperation 
(node_modules/jsdom/lib/jsdom/living/generated/EventListener.js:26:30)
      at innerInvokeEventListeners 
(node_modules/jsdom/lib/jsdom/living/events/EventTarget-impl.js:350:25)
      at invokeEventListeners 
(node_modules/jsdom/lib/jsdom/living/events/EventTarget-impl.js:286:3)
      at HTMLUnknownElementImpl._dispatch 
(node_modules/jsdom/lib/jsdom/living/events/EventTarget-impl.js:233:9)
      at HTMLUnknownElementImpl.dispatchEvent 
(node_modules/jsdom/lib/jsdom/living/events/EventTarget-impl.js:104:17)
      at HTMLUnknownElement.dispatchEvent 
(node_modules/jsdom/lib/jsdom/living/generated/EventTarget.js:241:34)
      at Object.invokeGuardedCallbackDev 
(node_modules/react-dom/cjs/react-dom.development.js:4213:16)
      at invokeGuardedCallback 
(node_modules/react-dom/cjs/react-dom.development.js:4277:31)
      at invokeGuardedCallbackAndCatchFirstError 
(node_modules/react-dom/cjs/react-dom.development.js:4291:25)
      at executeDispatch 
(node_modules/react-dom/cjs/react-dom.development.js:9041:3)
      at processDispatchQueueItemsInOrder 
(node_modules/react-dom/cjs/react-dom.development.js:9073:7)
      at processDispatchQueue 
(node_modules/react-dom/cjs/react-dom.development.js:9086:5)
      at dispatchEventsForPlugins 
(node_modules/react-dom/cjs/react-dom.development.js:9097:3)
      at node_modules/react-dom/cjs/react-dom.development.js:9288:12
      at batchedUpdates$1 
(node_modules/react-dom/cjs/react-dom.development.js:26179:12)
      at batchedUpdates 
(node_modules/react-dom/cjs/react-dom.development.js:3991:12)
      at dispatchEventForPluginEventSystem 
(node_modules/react-dom/cjs/react-dom.development.js:9287:3)
      at dispatchEventWithEnableCapturePhaseSelectiveHydrationWithoutDiscreteEv
entReplay (node_modules/react-dom/cjs/react-dom.development.js:6465:5)
      at dispatchEvent 
(node_modules/react-dom/cjs/react-dom.development.js:6457:5)
      at dispatchDiscreteEvent 
(node_modules/react-dom/cjs/react-dom.development.js:6430:5)
      at HTMLDivElement.callTheUserObjectsOperation 
(node_modules/jsdom/lib/jsdom/living/generated/EventListener.js:26:30)
      at innerInvokeEventListeners 
(node_modules/jsdom/lib/jsdom/living/events/EventTarget-impl.js:350:25)
      at invokeEventListeners 
(node_modules/jsdom/lib/jsdom/living/events/EventTarget-impl.js:286:3)
      at HTMLInputElementImpl._dispatch 
(node_modules/jsdom/lib/jsdom/living/events/EventTarget-impl.js:233:9)
      at HTMLInputElementImpl.dispatchEvent 
(node_modules/jsdom/lib/jsdom/living/events/EventTarget-impl.js:104:17)
      at HTMLInputElement.dispatchEvent 
(node_modules/jsdom/lib/jsdom/living/generated/EventTarget.js:241:34)
      at 
node_modules/@testing-library/user-event/dist/cjs/event/dispatchEvent.js:45:43
      at Object.eventWrapper 
(node_modules/@testing-library/dom/dist/config.js:25:23)
      at Object.wrapEvent 
(node_modules/@testing-library/user-event/dist/cjs/event/wrapEvent.js:6:28)
      at Object.dispatchEvent (node_modules/@testing-library/user-event/dist/cj
s/event/dispatchEvent.js:45:22)
      at Object.dispatchUIEvent (node_modules/@testing-library/user-event/dist/
cjs/event/dispatchEvent.js:22:26)
      at commitInput 
(node_modules/@testing-library/user-event/dist/cjs/event/input.js:145:14)
      at editInputElement 
(node_modules/@testing-library/user-event/dist/cjs/event/input.js:115:9)
      at Object.input 
(node_modules/@testing-library/user-event/dist/cjs/event/input.js:37:9)
      at node_modules/@testing-library/user-event/dist/cjs/event/behavior/keypr
ess.js:31:26
      at Object.dispatchEvent (node_modules/@testing-library/user-event/dist/cj
s/event/dispatchEvent.js:41:13)
      at Object.dispatchUIEvent (node_modules/@testing-library/user-event/dist/
cjs/event/dispatchEvent.js:22:26)
      at KeyboardHost.keydown 
(node_modules/@testing-library/user-event/dist/cjs/system/keyboard.js:76:22)
      at keyboardAction 
(node_modules/@testing-library/user-event/dist/cjs/keyboard/index.js:22:35)
      at Object.keyboard 
(node_modules/@testing-library/user-event/dist/cjs/keyboard/index.js:11:15)
      at Object.type 
(node_modules/@testing-library/user-event/dist/cjs/utility/type.js:17:5)
      at Object.<anonymous> (src/auth/auth.test.tsx:149:9)

    console.error
      Warning: An update to LoginForm inside a test was not wrapped in 
act(...).
      
      When testing, code that causes React state updates should be wrapped 
into act(...):
      
      act(() => {
        /* fire events that update state */
      });
      /* assert on the output */
      
      This ensures that you're testing the behavior the user would see in the 
browser. Learn more at https://reactjs.org/link/wrap-tests-with-act
          at LoginForm (C:\Users\samhe\OneDrive\Desktop\Cleaned\frontend\src\au
th\LoginForm\LoginForm.tsx:41:33)
          at div
          at div
          at LoginPage
          at routeContext (C:\Users\samhe\OneDrive\Desktop\Cleaned\frontend\nod
e_modules\react-router\lib\hooks.tsx:658:26)
          at children (C:\Users\samhe\OneDrive\Desktop\Cleaned\frontend\node_mo
dules\react-router\lib\components.tsx:512:3)
          at basenameProp (C:\Users\samhe\OneDrive\Desktop\Cleaned\frontend\nod
e_modules\react-router\lib\components.tsx:421:13)
          at basename (C:\Users\samhe\OneDrive\Desktop\Cleaned\frontend\node_mo
dules\react-router\lib\components.tsx:225:3)

      123 |                     placeholder="email@company.com"
      124 |                     value={email}
    > 125 |                     onChange={(e) => setEmail(e.target.value)}
          |                                      ^
      126 |                     className="w-full rounded-md border 
border-gray-300 px-3 py-2 text-sm focus:outline-none focus:ring-2 
focus:ring-gray-900 disabled:opacity-50"
      127 |                 />
      128 |             </div>

      at printWarning 
(node_modules/react-dom/cjs/react-dom.development.js:86:30)
      at error (node_modules/react-dom/cjs/react-dom.development.js:60:7)
      at warnIfUpdatesNotWrappedWithActDEV 
(node_modules/react-dom/cjs/react-dom.development.js:27628:9)
      at scheduleUpdateOnFiber 
(node_modules/react-dom/cjs/react-dom.development.js:25547:5)
      at dispatchSetState 
(node_modules/react-dom/cjs/react-dom.development.js:16708:7)
      at onChange (src/auth/LoginForm/LoginForm.tsx:125:38)
      at HTMLUnknownElement.callCallback 
(node_modules/react-dom/cjs/react-dom.development.js:4164:14)
      at HTMLUnknownElement.callTheUserObjectsOperation 
(node_modules/jsdom/lib/jsdom/living/generated/EventListener.js:26:30)
      at innerInvokeEventListeners 
(node_modules/jsdom/lib/jsdom/living/events/EventTarget-impl.js:350:25)
      at invokeEventListeners 
(node_modules/jsdom/lib/jsdom/living/events/EventTarget-impl.js:286:3)
      at HTMLUnknownElementImpl._dispatch 
(node_modules/jsdom/lib/jsdom/living/events/EventTarget-impl.js:233:9)
      at HTMLUnknownElementImpl.dispatchEvent 
(node_modules/jsdom/lib/jsdom/living/events/EventTarget-impl.js:104:17)
      at HTMLUnknownElement.dispatchEvent 
(node_modules/jsdom/lib/jsdom/living/generated/EventTarget.js:241:34)
      at Object.invokeGuardedCallbackDev 
(node_modules/react-dom/cjs/react-dom.development.js:4213:16)
      at invokeGuardedCallback 
(node_modules/react-dom/cjs/react-dom.development.js:4277:31)
      at invokeGuardedCallbackAndCatchFirstError 
(node_modules/react-dom/cjs/react-dom.development.js:4291:25)
      at executeDispatch 
(node_modules/react-dom/cjs/react-dom.development.js:9041:3)
      at processDispatchQueueItemsInOrder 
(node_modules/react-dom/cjs/react-dom.development.js:9073:7)
      at processDispatchQueue 
(node_modules/react-dom/cjs/react-dom.development.js:9086:5)
      at dispatchEventsForPlugins 
(node_modules/react-dom/cjs/react-dom.development.js:9097:3)
      at node_modules/react-dom/cjs/react-dom.development.js:9288:12
      at batchedUpdates$1 
(node_modules/react-dom/cjs/react-dom.development.js:26179:12)
      at batchedUpdates 
(node_modules/react-dom/cjs/react-dom.development.js:3991:12)
      at dispatchEventForPluginEventSystem 
(node_modules/react-dom/cjs/react-dom.development.js:9287:3)
      at dispatchEventWithEnableCapturePhaseSelectiveHydrationWithoutDiscreteEv
entReplay (node_modules/react-dom/cjs/react-dom.development.js:6465:5)
      at dispatchEvent 
(node_modules/react-dom/cjs/react-dom.development.js:6457:5)
      at dispatchDiscreteEvent 
(node_modules/react-dom/cjs/react-dom.development.js:6430:5)
      at HTMLDivElement.callTheUserObjectsOperation 
(node_modules/jsdom/lib/jsdom/living/generated/EventListener.js:26:30)
      at innerInvokeEventListeners 
(node_modules/jsdom/lib/jsdom/living/events/EventTarget-impl.js:350:25)
      at invokeEventListeners 
(node_modules/jsdom/lib/jsdom/living/events/EventTarget-impl.js:286:3)
      at HTMLInputElementImpl._dispatch 
(node_modules/jsdom/lib/jsdom/living/events/EventTarget-impl.js:233:9)
      at HTMLInputElementImpl.dispatchEvent 
(node_modules/jsdom/lib/jsdom/living/events/EventTarget-impl.js:104:17)
      at HTMLInputElement.dispatchEvent 
(node_modules/jsdom/lib/jsdom/living/generated/EventTarget.js:241:34)
      at 
node_modules/@testing-library/user-event/dist/cjs/event/dispatchEvent.js:45:43
      at Object.eventWrapper 
(node_modules/@testing-library/dom/dist/config.js:25:23)
      at Object.wrapEvent 
(node_modules/@testing-library/user-event/dist/cjs/event/wrapEvent.js:6:28)
      at Object.dispatchEvent (node_modules/@testing-library/user-event/dist/cj
s/event/dispatchEvent.js:45:22)
      at Object.dispatchUIEvent (node_modules/@testing-library/user-event/dist/
cjs/event/dispatchEvent.js:22:26)
      at commitInput 
(node_modules/@testing-library/user-event/dist/cjs/event/input.js:145:14)
      at editInputElement 
(node_modules/@testing-library/user-event/dist/cjs/event/input.js:115:9)
      at Object.input 
(node_modules/@testing-library/user-event/dist/cjs/event/input.js:37:9)
      at node_modules/@testing-library/user-event/dist/cjs/event/behavior/keypr
ess.js:31:26
      at Object.dispatchEvent (node_modules/@testing-library/user-event/dist/cj
s/event/dispatchEvent.js:41:13)
      at Object.dispatchUIEvent (node_modules/@testing-library/user-event/dist/
cjs/event/dispatchEvent.js:22:26)
      at KeyboardHost.keydown 
(node_modules/@testing-library/user-event/dist/cjs/system/keyboard.js:76:22)
      at keyboardAction 
(node_modules/@testing-library/user-event/dist/cjs/keyboard/index.js:22:35)
      at Object.keyboard 
(node_modules/@testing-library/user-event/dist/cjs/keyboard/index.js:11:15)
      at Object.type 
(node_modules/@testing-library/user-event/dist/cjs/utility/type.js:17:5)
      at Object.<anonymous> (src/auth/auth.test.tsx:149:9)

    console.error
      Warning: An update to LoginForm inside a test was not wrapped in 
act(...).
      
      When testing, code that causes React state updates should be wrapped 
into act(...):
      
      act(() => {
        /* fire events that update state */
      });
      /* assert on the output */
      
      This ensures that you're testing the behavior the user would see in the 
browser. Learn more at https://reactjs.org/link/wrap-tests-with-act
          at LoginForm (C:\Users\samhe\OneDrive\Desktop\Cleaned\frontend\src\au
th\LoginForm\LoginForm.tsx:41:33)
          at div
          at div
          at LoginPage
          at routeContext (C:\Users\samhe\OneDrive\Desktop\Cleaned\frontend\nod
e_modules\react-router\lib\hooks.tsx:658:26)
          at children (C:\Users\samhe\OneDrive\Desktop\Cleaned\frontend\node_mo
dules\react-router\lib\components.tsx:512:3)
          at basenameProp (C:\Users\samhe\OneDrive\Desktop\Cleaned\frontend\nod
e_modules\react-router\lib\components.tsx:421:13)
          at basename (C:\Users\samhe\OneDrive\Desktop\Cleaned\frontend\node_mo
dules\react-router\lib\components.tsx:225:3)

      123 |                     placeholder="email@company.com"
      124 |                     value={email}
    > 125 |                     onChange={(e) => setEmail(e.target.value)}
          |                                      ^
      126 |                     className="w-full rounded-md border 
border-gray-300 px-3 py-2 text-sm focus:outline-none focus:ring-2 
focus:ring-gray-900 disabled:opacity-50"
      127 |                 />
      128 |             </div>

      at printWarning 
(node_modules/react-dom/cjs/react-dom.development.js:86:30)
      at error (node_modules/react-dom/cjs/react-dom.development.js:60:7)
      at warnIfUpdatesNotWrappedWithActDEV 
(node_modules/react-dom/cjs/react-dom.development.js:27628:9)
      at scheduleUpdateOnFiber 
(node_modules/react-dom/cjs/react-dom.development.js:25547:5)
      at dispatchSetState 
(node_modules/react-dom/cjs/react-dom.development.js:16708:7)
      at onChange (src/auth/LoginForm/LoginForm.tsx:125:38)
      at HTMLUnknownElement.callCallback 
(node_modules/react-dom/cjs/react-dom.development.js:4164:14)
      at HTMLUnknownElement.callTheUserObjectsOperation 
(node_modules/jsdom/lib/jsdom/living/generated/EventListener.js:26:30)
      at innerInvokeEventListeners 
(node_modules/jsdom/lib/jsdom/living/events/EventTarget-impl.js:350:25)
      at invokeEventListeners 
(node_modules/jsdom/lib/jsdom/living/events/EventTarget-impl.js:286:3)
      at HTMLUnknownElementImpl._dispatch 
(node_modules/jsdom/lib/jsdom/living/events/EventTarget-impl.js:233:9)
      at HTMLUnknownElementImpl.dispatchEvent 
(node_modules/jsdom/lib/jsdom/living/events/EventTarget-impl.js:104:17)
      at HTMLUnknownElement.dispatchEvent 
(node_modules/jsdom/lib/jsdom/living/generated/EventTarget.js:241:34)
      at Object.invokeGuardedCallbackDev 
(node_modules/react-dom/cjs/react-dom.development.js:4213:16)
      at invokeGuardedCallback 
(node_modules/react-dom/cjs/react-dom.development.js:4277:31)
      at invokeGuardedCallbackAndCatchFirstError 
(node_modules/react-dom/cjs/react-dom.development.js:4291:25)
      at executeDispatch 
(node_modules/react-dom/cjs/react-dom.development.js:9041:3)
      at processDispatchQueueItemsInOrder 
(node_modules/react-dom/cjs/react-dom.development.js:9073:7)
      at processDispatchQueue 
(node_modules/react-dom/cjs/react-dom.development.js:9086:5)
      at dispatchEventsForPlugins 
(node_modules/react-dom/cjs/react-dom.development.js:9097:3)
      at node_modules/react-dom/cjs/react-dom.development.js:9288:12
      at batchedUpdates$1 
(node_modules/react-dom/cjs/react-dom.development.js:26179:12)
      at batchedUpdates 
(node_modules/react-dom/cjs/react-dom.development.js:3991:12)
      at dispatchEventForPluginEventSystem 
(node_modules/react-dom/cjs/react-dom.development.js:9287:3)
      at dispatchEventWithEnableCapturePhaseSelectiveHydrationWithoutDiscreteEv
entReplay (node_modules/react-dom/cjs/react-dom.development.js:6465:5)
      at dispatchEvent 
(node_modules/react-dom/cjs/react-dom.development.js:6457:5)
      at dispatchDiscreteEvent 
(node_modules/react-dom/cjs/react-dom.development.js:6430:5)
      at HTMLDivElement.callTheUserObjectsOperation 
(node_modules/jsdom/lib/jsdom/living/generated/EventListener.js:26:30)
      at innerInvokeEventListeners 
(node_modules/jsdom/lib/jsdom/living/events/EventTarget-impl.js:350:25)
      at invokeEventListeners 
(node_modules/jsdom/lib/jsdom/living/events/EventTarget-impl.js:286:3)
      at HTMLInputElementImpl._dispatch 
(node_modules/jsdom/lib/jsdom/living/events/EventTarget-impl.js:233:9)
      at HTMLInputElementImpl.dispatchEvent 
(node_modules/jsdom/lib/jsdom/living/events/EventTarget-impl.js:104:17)
      at HTMLInputElement.dispatchEvent 
(node_modules/jsdom/lib/jsdom/living/generated/EventTarget.js:241:34)
      at 
node_modules/@testing-library/user-event/dist/cjs/event/dispatchEvent.js:45:43
      at Object.eventWrapper 
(node_modules/@testing-library/dom/dist/config.js:25:23)
      at Object.wrapEvent 
(node_modules/@testing-library/user-event/dist/cjs/event/wrapEvent.js:6:28)
      at Object.dispatchEvent (node_modules/@testing-library/user-event/dist/cj
s/event/dispatchEvent.js:45:22)
      at Object.dispatchUIEvent (node_modules/@testing-library/user-event/dist/
cjs/event/dispatchEvent.js:22:26)
      at commitInput 
(node_modules/@testing-library/user-event/dist/cjs/event/input.js:145:14)
      at editInputElement 
(node_modules/@testing-library/user-event/dist/cjs/event/input.js:115:9)
      at Object.input 
(node_modules/@testing-library/user-event/dist/cjs/event/input.js:37:9)
      at node_modules/@testing-library/user-event/dist/cjs/event/behavior/keypr
ess.js:31:26
      at Object.dispatchEvent (node_modules/@testing-library/user-event/dist/cj
s/event/dispatchEvent.js:41:13)
      at Object.dispatchUIEvent (node_modules/@testing-library/user-event/dist/
cjs/event/dispatchEvent.js:22:26)
      at KeyboardHost.keydown 
(node_modules/@testing-library/user-event/dist/cjs/system/keyboard.js:76:22)
      at keyboardAction 
(node_modules/@testing-library/user-event/dist/cjs/keyboard/index.js:22:35)
      at Object.keyboard 
(node_modules/@testing-library/user-event/dist/cjs/keyboard/index.js:11:15)
      at Object.type 
(node_modules/@testing-library/user-event/dist/cjs/utility/type.js:17:5)
      at Object.<anonymous> (src/auth/auth.test.tsx:149:9)

    console.error
      Warning: An update to LoginForm inside a test was not wrapped in 
act(...).
      
      When testing, code that causes React state updates should be wrapped 
into act(...):
      
      act(() => {
        /* fire events that update state */
      });
      /* assert on the output */
      
      This ensures that you're testing the behavior the user would see in the 
browser. Learn more at https://reactjs.org/link/wrap-tests-with-act
          at LoginForm (C:\Users\samhe\OneDrive\Desktop\Cleaned\frontend\src\au
th\LoginForm\LoginForm.tsx:41:33)
          at div
          at div
          at LoginPage
          at routeContext (C:\Users\samhe\OneDrive\Desktop\Cleaned\frontend\nod
e_modules\react-router\lib\hooks.tsx:658:26)
          at children (C:\Users\samhe\OneDrive\Desktop\Cleaned\frontend\node_mo
dules\react-router\lib\components.tsx:512:3)
          at basenameProp (C:\Users\samhe\OneDrive\Desktop\Cleaned\frontend\nod
e_modules\react-router\lib\components.tsx:421:13)
          at basename (C:\Users\samhe\OneDrive\Desktop\Cleaned\frontend\node_mo
dules\react-router\lib\components.tsx:225:3)

      123 |                     placeholder="email@company.com"
      124 |                     value={email}
    > 125 |                     onChange={(e) => setEmail(e.target.value)}
          |                                      ^
      126 |                     className="w-full rounded-md border 
border-gray-300 px-3 py-2 text-sm focus:outline-none focus:ring-2 
focus:ring-gray-900 disabled:opacity-50"
      127 |                 />
      128 |             </div>

      at printWarning 
(node_modules/react-dom/cjs/react-dom.development.js:86:30)
      at error (node_modules/react-dom/cjs/react-dom.development.js:60:7)
      at warnIfUpdatesNotWrappedWithActDEV 
(node_modules/react-dom/cjs/react-dom.development.js:27628:9)
      at scheduleUpdateOnFiber 
(node_modules/react-dom/cjs/react-dom.development.js:25547:5)
      at dispatchSetState 
(node_modules/react-dom/cjs/react-dom.development.js:16708:7)
      at onChange (src/auth/LoginForm/LoginForm.tsx:125:38)
      at HTMLUnknownElement.callCallback 
(node_modules/react-dom/cjs/react-dom.development.js:4164:14)
      at HTMLUnknownElement.callTheUserObjectsOperation 
(node_modules/jsdom/lib/jsdom/living/generated/EventListener.js:26:30)
      at innerInvokeEventListeners 
(node_modules/jsdom/lib/jsdom/living/events/EventTarget-impl.js:350:25)
      at invokeEventListeners 
(node_modules/jsdom/lib/jsdom/living/events/EventTarget-impl.js:286:3)
      at HTMLUnknownElementImpl._dispatch 
(node_modules/jsdom/lib/jsdom/living/events/EventTarget-impl.js:233:9)
      at HTMLUnknownElementImpl.dispatchEvent 
(node_modules/jsdom/lib/jsdom/living/events/EventTarget-impl.js:104:17)
      at HTMLUnknownElement.dispatchEvent 
(node_modules/jsdom/lib/jsdom/living/generated/EventTarget.js:241:34)
      at Object.invokeGuardedCallbackDev 
(node_modules/react-dom/cjs/react-dom.development.js:4213:16)
      at invokeGuardedCallback 
(node_modules/react-dom/cjs/react-dom.development.js:4277:31)
      at invokeGuardedCallbackAndCatchFirstError 
(node_modules/react-dom/cjs/react-dom.development.js:4291:25)
      at executeDispatch 
(node_modules/react-dom/cjs/react-dom.development.js:9041:3)
      at processDispatchQueueItemsInOrder 
(node_modules/react-dom/cjs/react-dom.development.js:9073:7)
      at processDispatchQueue 
(node_modules/react-dom/cjs/react-dom.development.js:9086:5)
      at dispatchEventsForPlugins 
(node_modules/react-dom/cjs/react-dom.development.js:9097:3)
      at node_modules/react-dom/cjs/react-dom.development.js:9288:12
      at batchedUpdates$1 
(node_modules/react-dom/cjs/react-dom.development.js:26179:12)
      at batchedUpdates 
(node_modules/react-dom/cjs/react-dom.development.js:3991:12)
      at dispatchEventForPluginEventSystem 
(node_modules/react-dom/cjs/react-dom.development.js:9287:3)
      at dispatchEventWithEnableCapturePhaseSelectiveHydrationWithoutDiscreteEv
entReplay (node_modules/react-dom/cjs/react-dom.development.js:6465:5)
      at dispatchEvent 
(node_modules/react-dom/cjs/react-dom.development.js:6457:5)
      at dispatchDiscreteEvent 
(node_modules/react-dom/cjs/react-dom.development.js:6430:5)
      at HTMLDivElement.callTheUserObjectsOperation 
(node_modules/jsdom/lib/jsdom/living/generated/EventListener.js:26:30)
      at innerInvokeEventListeners 
(node_modules/jsdom/lib/jsdom/living/events/EventTarget-impl.js:350:25)
      at invokeEventListeners 
(node_modules/jsdom/lib/jsdom/living/events/EventTarget-impl.js:286:3)
      at HTMLInputElementImpl._dispatch 
(node_modules/jsdom/lib/jsdom/living/events/EventTarget-impl.js:233:9)
      at HTMLInputElementImpl.dispatchEvent 
(node_modules/jsdom/lib/jsdom/living/events/EventTarget-impl.js:104:17)
      at HTMLInputElement.dispatchEvent 
(node_modules/jsdom/lib/jsdom/living/generated/EventTarget.js:241:34)
      at 
node_modules/@testing-library/user-event/dist/cjs/event/dispatchEvent.js:45:43
      at Object.eventWrapper 
(node_modules/@testing-library/dom/dist/config.js:25:23)
      at Object.wrapEvent 
(node_modules/@testing-library/user-event/dist/cjs/event/wrapEvent.js:6:28)
      at Object.dispatchEvent (node_modules/@testing-library/user-event/dist/cj
s/event/dispatchEvent.js:45:22)
      at Object.dispatchUIEvent (node_modules/@testing-library/user-event/dist/
cjs/event/dispatchEvent.js:22:26)
      at commitInput 
(node_modules/@testing-library/user-event/dist/cjs/event/input.js:145:14)
      at editInputElement 
(node_modules/@testing-library/user-event/dist/cjs/event/input.js:115:9)
      at Object.input 
(node_modules/@testing-library/user-event/dist/cjs/event/input.js:37:9)
      at node_modules/@testing-library/user-event/dist/cjs/event/behavior/keypr
ess.js:31:26
      at Object.dispatchEvent (node_modules/@testing-library/user-event/dist/cj
s/event/dispatchEvent.js:41:13)
      at Object.dispatchUIEvent (node_modules/@testing-library/user-event/dist/
cjs/event/dispatchEvent.js:22:26)
      at KeyboardHost.keydown 
(node_modules/@testing-library/user-event/dist/cjs/system/keyboard.js:76:22)
      at keyboardAction 
(node_modules/@testing-library/user-event/dist/cjs/keyboard/index.js:22:35)
      at Object.keyboard 
(node_modules/@testing-library/user-event/dist/cjs/keyboard/index.js:11:15)
      at Object.type 
(node_modules/@testing-library/user-event/dist/cjs/utility/type.js:17:5)
      at Object.<anonymous> (src/auth/auth.test.tsx:149:9)

    console.error
      Warning: An update to LoginForm inside a test was not wrapped in 
act(...).
      
      When testing, code that causes React state updates should be wrapped 
into act(...):
      
      act(() => {
        /* fire events that update state */
      });
      /* assert on the output */
      
      This ensures that you're testing the behavior the user would see in the 
browser. Learn more at https://reactjs.org/link/wrap-tests-with-act
          at LoginForm (C:\Users\samhe\OneDrive\Desktop\Cleaned\frontend\src\au
th\LoginForm\LoginForm.tsx:41:33)
          at div
          at div
          at LoginPage
          at routeContext (C:\Users\samhe\OneDrive\Desktop\Cleaned\frontend\nod
e_modules\react-router\lib\hooks.tsx:658:26)
          at children (C:\Users\samhe\OneDrive\Desktop\Cleaned\frontend\node_mo
dules\react-router\lib\components.tsx:512:3)
          at basenameProp (C:\Users\samhe\OneDrive\Desktop\Cleaned\frontend\nod
e_modules\react-router\lib\components.tsx:421:13)
          at basename (C:\Users\samhe\OneDrive\Desktop\Cleaned\frontend\node_mo
dules\react-router\lib\components.tsx:225:3)

      123 |                     placeholder="email@company.com"
      124 |                     value={email}
    > 125 |                     onChange={(e) => setEmail(e.target.value)}
          |                                      ^
      126 |                     className="w-full rounded-md border 
border-gray-300 px-3 py-2 text-sm focus:outline-none focus:ring-2 
focus:ring-gray-900 disabled:opacity-50"
      127 |                 />
      128 |             </div>

      at printWarning 
(node_modules/react-dom/cjs/react-dom.development.js:86:30)
      at error (node_modules/react-dom/cjs/react-dom.development.js:60:7)
      at warnIfUpdatesNotWrappedWithActDEV 
(node_modules/react-dom/cjs/react-dom.development.js:27628:9)
      at scheduleUpdateOnFiber 
(node_modules/react-dom/cjs/react-dom.development.js:25547:5)
      at dispatchSetState 
(node_modules/react-dom/cjs/react-dom.development.js:16708:7)
      at onChange (src/auth/LoginForm/LoginForm.tsx:125:38)
      at HTMLUnknownElement.callCallback 
(node_modules/react-dom/cjs/react-dom.development.js:4164:14)
      at HTMLUnknownElement.callTheUserObjectsOperation 
(node_modules/jsdom/lib/jsdom/living/generated/EventListener.js:26:30)
      at innerInvokeEventListeners 
(node_modules/jsdom/lib/jsdom/living/events/EventTarget-impl.js:350:25)
      at invokeEventListeners 
(node_modules/jsdom/lib/jsdom/living/events/EventTarget-impl.js:286:3)
      at HTMLUnknownElementImpl._dispatch 
(node_modules/jsdom/lib/jsdom/living/events/EventTarget-impl.js:233:9)
      at HTMLUnknownElementImpl.dispatchEvent 
(node_modules/jsdom/lib/jsdom/living/events/EventTarget-impl.js:104:17)
      at HTMLUnknownElement.dispatchEvent 
(node_modules/jsdom/lib/jsdom/living/generated/EventTarget.js:241:34)
      at Object.invokeGuardedCallbackDev 
(node_modules/react-dom/cjs/react-dom.development.js:4213:16)
      at invokeGuardedCallback 
(node_modules/react-dom/cjs/react-dom.development.js:4277:31)
      at invokeGuardedCallbackAndCatchFirstError 
(node_modules/react-dom/cjs/react-dom.development.js:4291:25)
      at executeDispatch 
(node_modules/react-dom/cjs/react-dom.development.js:9041:3)
      at processDispatchQueueItemsInOrder 
(node_modules/react-dom/cjs/react-dom.development.js:9073:7)
      at processDispatchQueue 
(node_modules/react-dom/cjs/react-dom.development.js:9086:5)
      at dispatchEventsForPlugins 
(node_modules/react-dom/cjs/react-dom.development.js:9097:3)
      at node_modules/react-dom/cjs/react-dom.development.js:9288:12
      at batchedUpdates$1 
(node_modules/react-dom/cjs/react-dom.development.js:26179:12)
      at batchedUpdates 
(node_modules/react-dom/cjs/react-dom.development.js:3991:12)
      at dispatchEventForPluginEventSystem 
(node_modules/react-dom/cjs/react-dom.development.js:9287:3)
      at dispatchEventWithEnableCapturePhaseSelectiveHydrationWithoutDiscreteEv
entReplay (node_modules/react-dom/cjs/react-dom.development.js:6465:5)
      at dispatchEvent 
(node_modules/react-dom/cjs/react-dom.development.js:6457:5)
      at dispatchDiscreteEvent 
(node_modules/react-dom/cjs/react-dom.development.js:6430:5)
      at HTMLDivElement.callTheUserObjectsOperation 
(node_modules/jsdom/lib/jsdom/living/generated/EventListener.js:26:30)
      at innerInvokeEventListeners 
(node_modules/jsdom/lib/jsdom/living/events/EventTarget-impl.js:350:25)
      at invokeEventListeners 
(node_modules/jsdom/lib/jsdom/living/events/EventTarget-impl.js:286:3)
      at HTMLInputElementImpl._dispatch 
(node_modules/jsdom/lib/jsdom/living/events/EventTarget-impl.js:233:9)
      at HTMLInputElementImpl.dispatchEvent 
(node_modules/jsdom/lib/jsdom/living/events/EventTarget-impl.js:104:17)
      at HTMLInputElement.dispatchEvent 
(node_modules/jsdom/lib/jsdom/living/generated/EventTarget.js:241:34)
      at 
node_modules/@testing-library/user-event/dist/cjs/event/dispatchEvent.js:45:43
      at Object.eventWrapper 
(node_modules/@testing-library/dom/dist/config.js:25:23)
      at Object.wrapEvent 
(node_modules/@testing-library/user-event/dist/cjs/event/wrapEvent.js:6:28)
      at Object.dispatchEvent (node_modules/@testing-library/user-event/dist/cj
s/event/dispatchEvent.js:45:22)
      at Object.dispatchUIEvent (node_modules/@testing-library/user-event/dist/
cjs/event/dispatchEvent.js:22:26)
      at commitInput 
(node_modules/@testing-library/user-event/dist/cjs/event/input.js:145:14)
      at editInputElement 
(node_modules/@testing-library/user-event/dist/cjs/event/input.js:115:9)
      at Object.input 
(node_modules/@testing-library/user-event/dist/cjs/event/input.js:37:9)
      at node_modules/@testing-library/user-event/dist/cjs/event/behavior/keypr
ess.js:31:26
      at Object.dispatchEvent (node_modules/@testing-library/user-event/dist/cj
s/event/dispatchEvent.js:41:13)
      at Object.dispatchUIEvent (node_modules/@testing-library/user-event/dist/
cjs/event/dispatchEvent.js:22:26)
      at KeyboardHost.keydown 
(node_modules/@testing-library/user-event/dist/cjs/system/keyboard.js:76:22)
      at keyboardAction 
(node_modules/@testing-library/user-event/dist/cjs/keyboard/index.js:22:35)
      at Object.keyboard 
(node_modules/@testing-library/user-event/dist/cjs/keyboard/index.js:11:15)
      at Object.type 
(node_modules/@testing-library/user-event/dist/cjs/utility/type.js:17:5)
      at Object.<anonymous> (src/auth/auth.test.tsx:149:9)

    console.error
      Warning: An update to LoginForm inside a test was not wrapped in 
act(...).
      
      When testing, code that causes React state updates should be wrapped 
into act(...):
      
      act(() => {
        /* fire events that update state */
      });
      /* assert on the output */
      
      This ensures that you're testing the behavior the user would see in the 
browser. Learn more at https://reactjs.org/link/wrap-tests-with-act
          at LoginForm (C:\Users\samhe\OneDrive\Desktop\Cleaned\frontend\src\au
th\LoginForm\LoginForm.tsx:41:33)
          at div
          at div
          at LoginPage
          at routeContext (C:\Users\samhe\OneDrive\Desktop\Cleaned\frontend\nod
e_modules\react-router\lib\hooks.tsx:658:26)
          at children (C:\Users\samhe\OneDrive\Desktop\Cleaned\frontend\node_mo
dules\react-router\lib\components.tsx:512:3)
          at basenameProp (C:\Users\samhe\OneDrive\Desktop\Cleaned\frontend\nod
e_modules\react-router\lib\components.tsx:421:13)
          at basename (C:\Users\samhe\OneDrive\Desktop\Cleaned\frontend\node_mo
dules\react-router\lib\components.tsx:225:3)

      123 |                     placeholder="email@company.com"
      124 |                     value={email}
    > 125 |                     onChange={(e) => setEmail(e.target.value)}
          |                                      ^
      126 |                     className="w-full rounded-md border 
border-gray-300 px-3 py-2 text-sm focus:outline-none focus:ring-2 
focus:ring-gray-900 disabled:opacity-50"
      127 |                 />
      128 |             </div>

      at printWarning 
(node_modules/react-dom/cjs/react-dom.development.js:86:30)
      at error (node_modules/react-dom/cjs/react-dom.development.js:60:7)
      at warnIfUpdatesNotWrappedWithActDEV 
(node_modules/react-dom/cjs/react-dom.development.js:27628:9)
      at scheduleUpdateOnFiber 
(node_modules/react-dom/cjs/react-dom.development.js:25547:5)
      at dispatchSetState 
(node_modules/react-dom/cjs/react-dom.development.js:16708:7)
      at onChange (src/auth/LoginForm/LoginForm.tsx:125:38)
      at HTMLUnknownElement.callCallback 
(node_modules/react-dom/cjs/react-dom.development.js:4164:14)
      at HTMLUnknownElement.callTheUserObjectsOperation 
(node_modules/jsdom/lib/jsdom/living/generated/EventListener.js:26:30)
      at innerInvokeEventListeners 
(node_modules/jsdom/lib/jsdom/living/events/EventTarget-impl.js:350:25)
      at invokeEventListeners 
(node_modules/jsdom/lib/jsdom/living/events/EventTarget-impl.js:286:3)
      at HTMLUnknownElementImpl._dispatch 
(node_modules/jsdom/lib/jsdom/living/events/EventTarget-impl.js:233:9)
      at HTMLUnknownElementImpl.dispatchEvent 
(node_modules/jsdom/lib/jsdom/living/events/EventTarget-impl.js:104:17)
      at HTMLUnknownElement.dispatchEvent 
(node_modules/jsdom/lib/jsdom/living/generated/EventTarget.js:241:34)
      at Object.invokeGuardedCallbackDev 
(node_modules/react-dom/cjs/react-dom.development.js:4213:16)
      at invokeGuardedCallback 
(node_modules/react-dom/cjs/react-dom.development.js:4277:31)
      at invokeGuardedCallbackAndCatchFirstError 
(node_modules/react-dom/cjs/react-dom.development.js:4291:25)
      at executeDispatch 
(node_modules/react-dom/cjs/react-dom.development.js:9041:3)
      at processDispatchQueueItemsInOrder 
(node_modules/react-dom/cjs/react-dom.development.js:9073:7)
      at processDispatchQueue 
(node_modules/react-dom/cjs/react-dom.development.js:9086:5)
      at dispatchEventsForPlugins 
(node_modules/react-dom/cjs/react-dom.development.js:9097:3)
      at node_modules/react-dom/cjs/react-dom.development.js:9288:12
      at batchedUpdates$1 
(node_modules/react-dom/cjs/react-dom.development.js:26179:12)
      at batchedUpdates 
(node_modules/react-dom/cjs/react-dom.development.js:3991:12)
      at dispatchEventForPluginEventSystem 
(node_modules/react-dom/cjs/react-dom.development.js:9287:3)
      at dispatchEventWithEnableCapturePhaseSelectiveHydrationWithoutDiscreteEv
entReplay (node_modules/react-dom/cjs/react-dom.development.js:6465:5)
      at dispatchEvent 
(node_modules/react-dom/cjs/react-dom.development.js:6457:5)
      at dispatchDiscreteEvent 
(node_modules/react-dom/cjs/react-dom.development.js:6430:5)
      at HTMLDivElement.callTheUserObjectsOperation 
(node_modules/jsdom/lib/jsdom/living/generated/EventListener.js:26:30)
      at innerInvokeEventListeners 
(node_modules/jsdom/lib/jsdom/living/events/EventTarget-impl.js:350:25)
      at invokeEventListeners 
(node_modules/jsdom/lib/jsdom/living/events/EventTarget-impl.js:286:3)
      at HTMLInputElementImpl._dispatch 
(node_modules/jsdom/lib/jsdom/living/events/EventTarget-impl.js:233:9)
      at HTMLInputElementImpl.dispatchEvent 
(node_modules/jsdom/lib/jsdom/living/events/EventTarget-impl.js:104:17)
      at HTMLInputElement.dispatchEvent 
(node_modules/jsdom/lib/jsdom/living/generated/EventTarget.js:241:34)
      at 
node_modules/@testing-library/user-event/dist/cjs/event/dispatchEvent.js:45:43
      at Object.eventWrapper 
(node_modules/@testing-library/dom/dist/config.js:25:23)
      at Object.wrapEvent 
(node_modules/@testing-library/user-event/dist/cjs/event/wrapEvent.js:6:28)
      at Object.dispatchEvent (node_modules/@testing-library/user-event/dist/cj
s/event/dispatchEvent.js:45:22)
      at Object.dispatchUIEvent (node_modules/@testing-library/user-event/dist/
cjs/event/dispatchEvent.js:22:26)
      at commitInput 
(node_modules/@testing-library/user-event/dist/cjs/event/input.js:145:14)
      at editInputElement 
(node_modules/@testing-library/user-event/dist/cjs/event/input.js:115:9)
      at Object.input 
(node_modules/@testing-library/user-event/dist/cjs/event/input.js:37:9)
      at node_modules/@testing-library/user-event/dist/cjs/event/behavior/keypr
ess.js:31:26
      at Object.dispatchEvent (node_modules/@testing-library/user-event/dist/cj
s/event/dispatchEvent.js:41:13)
      at Object.dispatchUIEvent (node_modules/@testing-library/user-event/dist/
cjs/event/dispatchEvent.js:22:26)
      at KeyboardHost.keydown 
(node_modules/@testing-library/user-event/dist/cjs/system/keyboard.js:76:22)
      at keyboardAction 
(node_modules/@testing-library/user-event/dist/cjs/keyboard/index.js:22:35)
      at Object.keyboard 
(node_modules/@testing-library/user-event/dist/cjs/keyboard/index.js:11:15)
      at Object.type 
(node_modules/@testing-library/user-event/dist/cjs/utility/type.js:17:5)
      at Object.<anonymous> (src/auth/auth.test.tsx:149:9)

    console.error
      Warning: An update to LoginForm inside a test was not wrapped in 
act(...).
      
      When testing, code that causes React state updates should be wrapped 
into act(...):
      
      act(() => {
        /* fire events that update state */
      });
      /* assert on the output */
      
      This ensures that you're testing the behavior the user would see in the 
browser. Learn more at https://reactjs.org/link/wrap-tests-with-act
          at LoginForm (C:\Users\samhe\OneDrive\Desktop\Cleaned\frontend\src\au
th\LoginForm\LoginForm.tsx:41:33)
          at div
          at div
          at LoginPage
          at routeContext (C:\Users\samhe\OneDrive\Desktop\Cleaned\frontend\nod
e_modules\react-router\lib\hooks.tsx:658:26)
          at children (C:\Users\samhe\OneDrive\Desktop\Cleaned\frontend\node_mo
dules\react-router\lib\components.tsx:512:3)
          at basenameProp (C:\Users\samhe\OneDrive\Desktop\Cleaned\frontend\nod
e_modules\react-router\lib\components.tsx:421:13)
          at basename (C:\Users\samhe\OneDrive\Desktop\Cleaned\frontend\node_mo
dules\react-router\lib\components.tsx:225:3)

      123 |                     placeholder="email@company.com"
      124 |                     value={email}
    > 125 |                     onChange={(e) => setEmail(e.target.value)}
          |                                      ^
      126 |                     className="w-full rounded-md border 
border-gray-300 px-3 py-2 text-sm focus:outline-none focus:ring-2 
focus:ring-gray-900 disabled:opacity-50"
      127 |                 />
      128 |             </div>

      at printWarning 
(node_modules/react-dom/cjs/react-dom.development.js:86:30)
      at error (node_modules/react-dom/cjs/react-dom.development.js:60:7)
      at warnIfUpdatesNotWrappedWithActDEV 
(node_modules/react-dom/cjs/react-dom.development.js:27628:9)
      at scheduleUpdateOnFiber 
(node_modules/react-dom/cjs/react-dom.development.js:25547:5)
      at dispatchSetState 
(node_modules/react-dom/cjs/react-dom.development.js:16708:7)
      at onChange (src/auth/LoginForm/LoginForm.tsx:125:38)
      at HTMLUnknownElement.callCallback 
(node_modules/react-dom/cjs/react-dom.development.js:4164:14)
      at HTMLUnknownElement.callTheUserObjectsOperation 
(node_modules/jsdom/lib/jsdom/living/generated/EventListener.js:26:30)
      at innerInvokeEventListeners 
(node_modules/jsdom/lib/jsdom/living/events/EventTarget-impl.js:350:25)
      at invokeEventListeners 
(node_modules/jsdom/lib/jsdom/living/events/EventTarget-impl.js:286:3)
      at HTMLUnknownElementImpl._dispatch 
(node_modules/jsdom/lib/jsdom/living/events/EventTarget-impl.js:233:9)
      at HTMLUnknownElementImpl.dispatchEvent 
(node_modules/jsdom/lib/jsdom/living/events/EventTarget-impl.js:104:17)
      at HTMLUnknownElement.dispatchEvent 
(node_modules/jsdom/lib/jsdom/living/generated/EventTarget.js:241:34)
      at Object.invokeGuardedCallbackDev 
(node_modules/react-dom/cjs/react-dom.development.js:4213:16)
      at invokeGuardedCallback 
(node_modules/react-dom/cjs/react-dom.development.js:4277:31)
      at invokeGuardedCallbackAndCatchFirstError 
(node_modules/react-dom/cjs/react-dom.development.js:4291:25)
      at executeDispatch 
(node_modules/react-dom/cjs/react-dom.development.js:9041:3)
      at processDispatchQueueItemsInOrder 
(node_modules/react-dom/cjs/react-dom.development.js:9073:7)
      at processDispatchQueue 
(node_modules/react-dom/cjs/react-dom.development.js:9086:5)
      at dispatchEventsForPlugins 
(node_modules/react-dom/cjs/react-dom.development.js:9097:3)
      at node_modules/react-dom/cjs/react-dom.development.js:9288:12
      at batchedUpdates$1 
(node_modules/react-dom/cjs/react-dom.development.js:26179:12)
      at batchedUpdates 
(node_modules/react-dom/cjs/react-dom.development.js:3991:12)
      at dispatchEventForPluginEventSystem 
(node_modules/react-dom/cjs/react-dom.development.js:9287:3)
      at dispatchEventWithEnableCapturePhaseSelectiveHydrationWithoutDiscreteEv
entReplay (node_modules/react-dom/cjs/react-dom.development.js:6465:5)
      at dispatchEvent 
(node_modules/react-dom/cjs/react-dom.development.js:6457:5)
      at dispatchDiscreteEvent 
(node_modules/react-dom/cjs/react-dom.development.js:6430:5)
      at HTMLDivElement.callTheUserObjectsOperation 
(node_modules/jsdom/lib/jsdom/living/generated/EventListener.js:26:30)
      at innerInvokeEventListeners 
(node_modules/jsdom/lib/jsdom/living/events/EventTarget-impl.js:350:25)
      at invokeEventListeners 
(node_modules/jsdom/lib/jsdom/living/events/EventTarget-impl.js:286:3)
      at HTMLInputElementImpl._dispatch 
(node_modules/jsdom/lib/jsdom/living/events/EventTarget-impl.js:233:9)
      at HTMLInputElementImpl.dispatchEvent 
(node_modules/jsdom/lib/jsdom/living/events/EventTarget-impl.js:104:17)
      at HTMLInputElement.dispatchEvent 
(node_modules/jsdom/lib/jsdom/living/generated/EventTarget.js:241:34)
      at 
node_modules/@testing-library/user-event/dist/cjs/event/dispatchEvent.js:45:43
      at Object.eventWrapper 
(node_modules/@testing-library/dom/dist/config.js:25:23)
      at Object.wrapEvent 
(node_modules/@testing-library/user-event/dist/cjs/event/wrapEvent.js:6:28)
      at Object.dispatchEvent (node_modules/@testing-library/user-event/dist/cj
s/event/dispatchEvent.js:45:22)
      at Object.dispatchUIEvent (node_modules/@testing-library/user-event/dist/
cjs/event/dispatchEvent.js:22:26)
      at commitInput 
(node_modules/@testing-library/user-event/dist/cjs/event/input.js:145:14)
      at editInputElement 
(node_modules/@testing-library/user-event/dist/cjs/event/input.js:115:9)
      at Object.input 
(node_modules/@testing-library/user-event/dist/cjs/event/input.js:37:9)
      at node_modules/@testing-library/user-event/dist/cjs/event/behavior/keypr
ess.js:31:26
      at Object.dispatchEvent (node_modules/@testing-library/user-event/dist/cj
s/event/dispatchEvent.js:41:13)
      at Object.dispatchUIEvent (node_modules/@testing-library/user-event/dist/
cjs/event/dispatchEvent.js:22:26)
      at KeyboardHost.keydown 
(node_modules/@testing-library/user-event/dist/cjs/system/keyboard.js:76:22)
      at keyboardAction 
(node_modules/@testing-library/user-event/dist/cjs/keyboard/index.js:22:35)
      at Object.keyboard 
(node_modules/@testing-library/user-event/dist/cjs/keyboard/index.js:11:15)
      at Object.type 
(node_modules/@testing-library/user-event/dist/cjs/utility/type.js:17:5)
      at Object.<anonymous> (src/auth/auth.test.tsx:149:9)

    console.error
      Warning: An update to LoginForm inside a test was not wrapped in 
act(...).
      
      When testing, code that causes React state updates should be wrapped 
into act(...):
      
      act(() => {
        /* fire events that update state */
      });
      /* assert on the output */
      
      This ensures that you're testing the behavior the user would see in the 
browser. Learn more at https://reactjs.org/link/wrap-tests-with-act
          at LoginForm (C:\Users\samhe\OneDrive\Desktop\Cleaned\frontend\src\au
th\LoginForm\LoginForm.tsx:41:33)
          at div
          at div
          at LoginPage
          at routeContext (C:\Users\samhe\OneDrive\Desktop\Cleaned\frontend\nod
e_modules\react-router\lib\hooks.tsx:658:26)
          at children (C:\Users\samhe\OneDrive\Desktop\Cleaned\frontend\node_mo
dules\react-router\lib\components.tsx:512:3)
          at basenameProp (C:\Users\samhe\OneDrive\Desktop\Cleaned\frontend\nod
e_modules\react-router\lib\components.tsx:421:13)
          at basename (C:\Users\samhe\OneDrive\Desktop\Cleaned\frontend\node_mo
dules\react-router\lib\components.tsx:225:3)

      123 |                     placeholder="email@company.com"
      124 |                     value={email}
    > 125 |                     onChange={(e) => setEmail(e.target.value)}
          |                                      ^
      126 |                     className="w-full rounded-md border 
border-gray-300 px-3 py-2 text-sm focus:outline-none focus:ring-2 
focus:ring-gray-900 disabled:opacity-50"
      127 |                 />
      128 |             </div>

      at printWarning 
(node_modules/react-dom/cjs/react-dom.development.js:86:30)
      at error (node_modules/react-dom/cjs/react-dom.development.js:60:7)
      at warnIfUpdatesNotWrappedWithActDEV 
(node_modules/react-dom/cjs/react-dom.development.js:27628:9)
      at scheduleUpdateOnFiber 
(node_modules/react-dom/cjs/react-dom.development.js:25547:5)
      at dispatchSetState 
(node_modules/react-dom/cjs/react-dom.development.js:16708:7)
      at onChange (src/auth/LoginForm/LoginForm.tsx:125:38)
      at HTMLUnknownElement.callCallback 
(node_modules/react-dom/cjs/react-dom.development.js:4164:14)
      at HTMLUnknownElement.callTheUserObjectsOperation 
(node_modules/jsdom/lib/jsdom/living/generated/EventListener.js:26:30)
      at innerInvokeEventListeners 
(node_modules/jsdom/lib/jsdom/living/events/EventTarget-impl.js:350:25)
      at invokeEventListeners 
(node_modules/jsdom/lib/jsdom/living/events/EventTarget-impl.js:286:3)
      at HTMLUnknownElementImpl._dispatch 
(node_modules/jsdom/lib/jsdom/living/events/EventTarget-impl.js:233:9)
      at HTMLUnknownElementImpl.dispatchEvent 
(node_modules/jsdom/lib/jsdom/living/events/EventTarget-impl.js:104:17)
      at HTMLUnknownElement.dispatchEvent 
(node_modules/jsdom/lib/jsdom/living/generated/EventTarget.js:241:34)
      at Object.invokeGuardedCallbackDev 
(node_modules/react-dom/cjs/react-dom.development.js:4213:16)
      at invokeGuardedCallback 
(node_modules/react-dom/cjs/react-dom.development.js:4277:31)
      at invokeGuardedCallbackAndCatchFirstError 
(node_modules/react-dom/cjs/react-dom.development.js:4291:25)
      at executeDispatch 
(node_modules/react-dom/cjs/react-dom.development.js:9041:3)
      at processDispatchQueueItemsInOrder 
(node_modules/react-dom/cjs/react-dom.development.js:9073:7)
      at processDispatchQueue 
(node_modules/react-dom/cjs/react-dom.development.js:9086:5)
      at dispatchEventsForPlugins 
(node_modules/react-dom/cjs/react-dom.development.js:9097:3)
      at node_modules/react-dom/cjs/react-dom.development.js:9288:12
      at batchedUpdates$1 
(node_modules/react-dom/cjs/react-dom.development.js:26179:12)
      at batchedUpdates 
(node_modules/react-dom/cjs/react-dom.development.js:3991:12)
      at dispatchEventForPluginEventSystem 
(node_modules/react-dom/cjs/react-dom.development.js:9287:3)
      at dispatchEventWithEnableCapturePhaseSelectiveHydrationWithoutDiscreteEv
entReplay (node_modules/react-dom/cjs/react-dom.development.js:6465:5)
      at dispatchEvent 
(node_modules/react-dom/cjs/react-dom.development.js:6457:5)
      at dispatchDiscreteEvent 
(node_modules/react-dom/cjs/react-dom.development.js:6430:5)
      at HTMLDivElement.callTheUserObjectsOperation 
(node_modules/jsdom/lib/jsdom/living/generated/EventListener.js:26:30)
      at innerInvokeEventListeners 
(node_modules/jsdom/lib/jsdom/living/events/EventTarget-impl.js:350:25)
      at invokeEventListeners 
(node_modules/jsdom/lib/jsdom/living/events/EventTarget-impl.js:286:3)
      at HTMLInputElementImpl._dispatch 
(node_modules/jsdom/lib/jsdom/living/events/EventTarget-impl.js:233:9)
      at HTMLInputElementImpl.dispatchEvent 
(node_modules/jsdom/lib/jsdom/living/events/EventTarget-impl.js:104:17)
      at HTMLInputElement.dispatchEvent 
(node_modules/jsdom/lib/jsdom/living/generated/EventTarget.js:241:34)
      at 
node_modules/@testing-library/user-event/dist/cjs/event/dispatchEvent.js:45:43
      at Object.eventWrapper 
(node_modules/@testing-library/dom/dist/config.js:25:23)
      at Object.wrapEvent 
(node_modules/@testing-library/user-event/dist/cjs/event/wrapEvent.js:6:28)
      at Object.dispatchEvent (node_modules/@testing-library/user-event/dist/cj
s/event/dispatchEvent.js:45:22)
      at Object.dispatchUIEvent (node_modules/@testing-library/user-event/dist/
cjs/event/dispatchEvent.js:22:26)
      at commitInput 
(node_modules/@testing-library/user-event/dist/cjs/event/input.js:145:14)
      at editInputElement 
(node_modules/@testing-library/user-event/dist/cjs/event/input.js:115:9)
      at Object.input 
(node_modules/@testing-library/user-event/dist/cjs/event/input.js:37:9)
      at node_modules/@testing-library/user-event/dist/cjs/event/behavior/keypr
ess.js:31:26
      at Object.dispatchEvent (node_modules/@testing-library/user-event/dist/cj
s/event/dispatchEvent.js:41:13)
      at Object.dispatchUIEvent (node_modules/@testing-library/user-event/dist/
cjs/event/dispatchEvent.js:22:26)
      at KeyboardHost.keydown 
(node_modules/@testing-library/user-event/dist/cjs/system/keyboard.js:76:22)
      at keyboardAction 
(node_modules/@testing-library/user-event/dist/cjs/keyboard/index.js:22:35)
      at Object.keyboard 
(node_modules/@testing-library/user-event/dist/cjs/keyboard/index.js:11:15)
      at Object.type 
(node_modules/@testing-library/user-event/dist/cjs/utility/type.js:17:5)
      at Object.<anonymous> (src/auth/auth.test.tsx:149:9)

    console.error
      Warning: An update to LoginForm inside a test was not wrapped in 
act(...).
      
      When testing, code that causes React state updates should be wrapped 
into act(...):
      
      act(() => {
        /* fire events that update state */
      });
      /* assert on the output */
      
      This ensures that you're testing the behavior the user would see in the 
browser. Learn more at https://reactjs.org/link/wrap-tests-with-act
          at LoginForm (C:\Users\samhe\OneDrive\Desktop\Cleaned\frontend\src\au
th\LoginForm\LoginForm.tsx:41:33)
          at div
          at div
          at LoginPage
          at routeContext (C:\Users\samhe\OneDrive\Desktop\Cleaned\frontend\nod
e_modules\react-router\lib\hooks.tsx:658:26)
          at children (C:\Users\samhe\OneDrive\Desktop\Cleaned\frontend\node_mo
dules\react-router\lib\components.tsx:512:3)
          at basenameProp (C:\Users\samhe\OneDrive\Desktop\Cleaned\frontend\nod
e_modules\react-router\lib\components.tsx:421:13)
          at basename (C:\Users\samhe\OneDrive\Desktop\Cleaned\frontend\node_mo
dules\react-router\lib\components.tsx:225:3)

      141 |                         placeholder="Enter your password"
      142 |                         value={password}
    > 143 |                         onChange={(e) => 
setPassword(e.target.value)}
          |                                          ^
      144 |                         className="w-full rounded-md border 
border-gray-300 px-3 py-2 pr-10 text-sm focus:outline-none focus:ring-2 
focus:ring-gray-900 disabled:opacity-50"
      145 |                     />
      146 |                     <button

      at printWarning 
(node_modules/react-dom/cjs/react-dom.development.js:86:30)
      at error (node_modules/react-dom/cjs/react-dom.development.js:60:7)
      at warnIfUpdatesNotWrappedWithActDEV 
(node_modules/react-dom/cjs/react-dom.development.js:27628:9)
      at scheduleUpdateOnFiber 
(node_modules/react-dom/cjs/react-dom.development.js:25547:5)
      at dispatchSetState 
(node_modules/react-dom/cjs/react-dom.development.js:16708:7)
      at onChange (src/auth/LoginForm/LoginForm.tsx:143:42)
      at HTMLUnknownElement.callCallback 
(node_modules/react-dom/cjs/react-dom.development.js:4164:14)
      at HTMLUnknownElement.callTheUserObjectsOperation 
(node_modules/jsdom/lib/jsdom/living/generated/EventListener.js:26:30)
      at innerInvokeEventListeners 
(node_modules/jsdom/lib/jsdom/living/events/EventTarget-impl.js:350:25)
      at invokeEventListeners 
(node_modules/jsdom/lib/jsdom/living/events/EventTarget-impl.js:286:3)
      at HTMLUnknownElementImpl._dispatch 
(node_modules/jsdom/lib/jsdom/living/events/EventTarget-impl.js:233:9)
      at HTMLUnknownElementImpl.dispatchEvent 
(node_modules/jsdom/lib/jsdom/living/events/EventTarget-impl.js:104:17)
      at HTMLUnknownElement.dispatchEvent 
(node_modules/jsdom/lib/jsdom/living/generated/EventTarget.js:241:34)
      at Object.invokeGuardedCallbackDev 
(node_modules/react-dom/cjs/react-dom.development.js:4213:16)
      at invokeGuardedCallback 
(node_modules/react-dom/cjs/react-dom.development.js:4277:31)
      at invokeGuardedCallbackAndCatchFirstError 
(node_modules/react-dom/cjs/react-dom.development.js:4291:25)
      at executeDispatch 
(node_modules/react-dom/cjs/react-dom.development.js:9041:3)
      at processDispatchQueueItemsInOrder 
(node_modules/react-dom/cjs/react-dom.development.js:9073:7)
      at processDispatchQueue 
(node_modules/react-dom/cjs/react-dom.development.js:9086:5)
      at dispatchEventsForPlugins 
(node_modules/react-dom/cjs/react-dom.development.js:9097:3)
      at node_modules/react-dom/cjs/react-dom.development.js:9288:12
      at batchedUpdates$1 
(node_modules/react-dom/cjs/react-dom.development.js:26179:12)
      at batchedUpdates 
(node_modules/react-dom/cjs/react-dom.development.js:3991:12)
      at dispatchEventForPluginEventSystem 
(node_modules/react-dom/cjs/react-dom.development.js:9287:3)
      at dispatchEventWithEnableCapturePhaseSelectiveHydrationWithoutDiscreteEv
entReplay (node_modules/react-dom/cjs/react-dom.development.js:6465:5)
      at dispatchEvent 
(node_modules/react-dom/cjs/react-dom.development.js:6457:5)
      at dispatchDiscreteEvent 
(node_modules/react-dom/cjs/react-dom.development.js:6430:5)
      at HTMLDivElement.callTheUserObjectsOperation 
(node_modules/jsdom/lib/jsdom/living/generated/EventListener.js:26:30)
      at innerInvokeEventListeners 
(node_modules/jsdom/lib/jsdom/living/events/EventTarget-impl.js:350:25)
      at invokeEventListeners 
(node_modules/jsdom/lib/jsdom/living/events/EventTarget-impl.js:286:3)
      at HTMLInputElementImpl._dispatch 
(node_modules/jsdom/lib/jsdom/living/events/EventTarget-impl.js:233:9)
      at HTMLInputElementImpl.dispatchEvent 
(node_modules/jsdom/lib/jsdom/living/events/EventTarget-impl.js:104:17)
      at HTMLInputElement.dispatchEvent 
(node_modules/jsdom/lib/jsdom/living/generated/EventTarget.js:241:34)
      at 
node_modules/@testing-library/user-event/dist/cjs/event/dispatchEvent.js:45:43
      at Object.eventWrapper 
(node_modules/@testing-library/dom/dist/config.js:25:23)
      at Object.wrapEvent 
(node_modules/@testing-library/user-event/dist/cjs/event/wrapEvent.js:6:28)
      at Object.dispatchEvent (node_modules/@testing-library/user-event/dist/cj
s/event/dispatchEvent.js:45:22)
      at Object.dispatchUIEvent (node_modules/@testing-library/user-event/dist/
cjs/event/dispatchEvent.js:22:26)
      at commitInput 
(node_modules/@testing-library/user-event/dist/cjs/event/input.js:145:14)
      at editInputElement 
(node_modules/@testing-library/user-event/dist/cjs/event/input.js:115:9)
      at Object.input 
(node_modules/@testing-library/user-event/dist/cjs/event/input.js:37:9)
      at node_modules/@testing-library/user-event/dist/cjs/event/behavior/keypr
ess.js:31:26
      at Object.dispatchEvent (node_modules/@testing-library/user-event/dist/cj
s/event/dispatchEvent.js:41:13)
      at Object.dispatchUIEvent (node_modules/@testing-library/user-event/dist/
cjs/event/dispatchEvent.js:22:26)
      at KeyboardHost.keydown 
(node_modules/@testing-library/user-event/dist/cjs/system/keyboard.js:76:22)
      at keyboardAction 
(node_modules/@testing-library/user-event/dist/cjs/keyboard/index.js:22:35)
      at Object.keyboard 
(node_modules/@testing-library/user-event/dist/cjs/keyboard/index.js:11:15)
      at Object.type 
(node_modules/@testing-library/user-event/dist/cjs/utility/type.js:17:5)
      at Object.<anonymous> (src/auth/auth.test.tsx:150:9)

    console.error
      Warning: An update to LoginForm inside a test was not wrapped in 
act(...).
      
      When testing, code that causes React state updates should be wrapped 
into act(...):
      
      act(() => {
        /* fire events that update state */
      });
      /* assert on the output */
      
      This ensures that you're testing the behavior the user would see in the 
browser. Learn more at https://reactjs.org/link/wrap-tests-with-act
          at LoginForm (C:\Users\samhe\OneDrive\Desktop\Cleaned\frontend\src\au
th\LoginForm\LoginForm.tsx:41:33)
          at div
          at div
          at LoginPage
          at routeContext (C:\Users\samhe\OneDrive\Desktop\Cleaned\frontend\nod
e_modules\react-router\lib\hooks.tsx:658:26)
          at children (C:\Users\samhe\OneDrive\Desktop\Cleaned\frontend\node_mo
dules\react-router\lib\components.tsx:512:3)
          at basenameProp (C:\Users\samhe\OneDrive\Desktop\Cleaned\frontend\nod
e_modules\react-router\lib\components.tsx:421:13)
          at basename (C:\Users\samhe\OneDrive\Desktop\Cleaned\frontend\node_mo
dules\react-router\lib\components.tsx:225:3)

      141 |                         placeholder="Enter your password"
      142 |                         value={password}
    > 143 |                         onChange={(e) => 
setPassword(e.target.value)}
          |                                          ^
      144 |                         className="w-full rounded-md border 
border-gray-300 px-3 py-2 pr-10 text-sm focus:outline-none focus:ring-2 
focus:ring-gray-900 disabled:opacity-50"
      145 |                     />
      146 |                     <button

      at printWarning 
(node_modules/react-dom/cjs/react-dom.development.js:86:30)
      at error (node_modules/react-dom/cjs/react-dom.development.js:60:7)
      at warnIfUpdatesNotWrappedWithActDEV 
(node_modules/react-dom/cjs/react-dom.development.js:27628:9)
      at scheduleUpdateOnFiber 
(node_modules/react-dom/cjs/react-dom.development.js:25547:5)
      at dispatchSetState 
(node_modules/react-dom/cjs/react-dom.development.js:16708:7)
      at onChange (src/auth/LoginForm/LoginForm.tsx:143:42)
      at HTMLUnknownElement.callCallback 
(node_modules/react-dom/cjs/react-dom.development.js:4164:14)
      at HTMLUnknownElement.callTheUserObjectsOperation 
(node_modules/jsdom/lib/jsdom/living/generated/EventListener.js:26:30)
      at innerInvokeEventListeners 
(node_modules/jsdom/lib/jsdom/living/events/EventTarget-impl.js:350:25)
      at invokeEventListeners 
(node_modules/jsdom/lib/jsdom/living/events/EventTarget-impl.js:286:3)
      at HTMLUnknownElementImpl._dispatch 
(node_modules/jsdom/lib/jsdom/living/events/EventTarget-impl.js:233:9)
      at HTMLUnknownElementImpl.dispatchEvent 
(node_modules/jsdom/lib/jsdom/living/events/EventTarget-impl.js:104:17)
      at HTMLUnknownElement.dispatchEvent 
(node_modules/jsdom/lib/jsdom/living/generated/EventTarget.js:241:34)
      at Object.invokeGuardedCallbackDev 
(node_modules/react-dom/cjs/react-dom.development.js:4213:16)
      at invokeGuardedCallback 
(node_modules/react-dom/cjs/react-dom.development.js:4277:31)
      at invokeGuardedCallbackAndCatchFirstError 
(node_modules/react-dom/cjs/react-dom.development.js:4291:25)
      at executeDispatch 
(node_modules/react-dom/cjs/react-dom.development.js:9041:3)
      at processDispatchQueueItemsInOrder 
(node_modules/react-dom/cjs/react-dom.development.js:9073:7)
      at processDispatchQueue 
(node_modules/react-dom/cjs/react-dom.development.js:9086:5)
      at dispatchEventsForPlugins 
(node_modules/react-dom/cjs/react-dom.development.js:9097:3)
      at node_modules/react-dom/cjs/react-dom.development.js:9288:12
      at batchedUpdates$1 
(node_modules/react-dom/cjs/react-dom.development.js:26179:12)
      at batchedUpdates 
(node_modules/react-dom/cjs/react-dom.development.js:3991:12)
      at dispatchEventForPluginEventSystem 
(node_modules/react-dom/cjs/react-dom.development.js:9287:3)
      at dispatchEventWithEnableCapturePhaseSelectiveHydrationWithoutDiscreteEv
entReplay (node_modules/react-dom/cjs/react-dom.development.js:6465:5)
      at dispatchEvent 
(node_modules/react-dom/cjs/react-dom.development.js:6457:5)
      at dispatchDiscreteEvent 
(node_modules/react-dom/cjs/react-dom.development.js:6430:5)
      at HTMLDivElement.callTheUserObjectsOperation 
(node_modules/jsdom/lib/jsdom/living/generated/EventListener.js:26:30)
      at innerInvokeEventListeners 
(node_modules/jsdom/lib/jsdom/living/events/EventTarget-impl.js:350:25)
      at invokeEventListeners 
(node_modules/jsdom/lib/jsdom/living/events/EventTarget-impl.js:286:3)
      at HTMLInputElementImpl._dispatch 
(node_modules/jsdom/lib/jsdom/living/events/EventTarget-impl.js:233:9)
      at HTMLInputElementImpl.dispatchEvent 
(node_modules/jsdom/lib/jsdom/living/events/EventTarget-impl.js:104:17)
      at HTMLInputElement.dispatchEvent 
(node_modules/jsdom/lib/jsdom/living/generated/EventTarget.js:241:34)
      at 
node_modules/@testing-library/user-event/dist/cjs/event/dispatchEvent.js:45:43
      at Object.eventWrapper 
(node_modules/@testing-library/dom/dist/config.js:25:23)
      at Object.wrapEvent 
(node_modules/@testing-library/user-event/dist/cjs/event/wrapEvent.js:6:28)
      at Object.dispatchEvent (node_modules/@testing-library/user-event/dist/cj
s/event/dispatchEvent.js:45:22)
      at Object.dispatchUIEvent (node_modules/@testing-library/user-event/dist/
cjs/event/dispatchEvent.js:22:26)
      at commitInput 
(node_modules/@testing-library/user-event/dist/cjs/event/input.js:145:14)
      at editInputElement 
(node_modules/@testing-library/user-event/dist/cjs/event/input.js:115:9)
      at Object.input 
(node_modules/@testing-library/user-event/dist/cjs/event/input.js:37:9)
      at node_modules/@testing-library/user-event/dist/cjs/event/behavior/keypr
ess.js:31:26
      at Object.dispatchEvent (node_modules/@testing-library/user-event/dist/cj
s/event/dispatchEvent.js:41:13)
      at Object.dispatchUIEvent (node_modules/@testing-library/user-event/dist/
cjs/event/dispatchEvent.js:22:26)
      at KeyboardHost.keydown 
(node_modules/@testing-library/user-event/dist/cjs/system/keyboard.js:76:22)
      at keyboardAction 
(node_modules/@testing-library/user-event/dist/cjs/keyboard/index.js:22:35)
      at Object.keyboard 
(node_modules/@testing-library/user-event/dist/cjs/keyboard/index.js:11:15)
      at Object.type 
(node_modules/@testing-library/user-event/dist/cjs/utility/type.js:17:5)
      at Object.<anonymous> (src/auth/auth.test.tsx:150:9)

    console.error
      Warning: An update to LoginForm inside a test was not wrapped in 
act(...).
      
      When testing, code that causes React state updates should be wrapped 
into act(...):
      
      act(() => {
        /* fire events that update state */
      });
      /* assert on the output */
      
      This ensures that you're testing the behavior the user would see in the 
browser. Learn more at https://reactjs.org/link/wrap-tests-with-act
          at LoginForm (C:\Users\samhe\OneDrive\Desktop\Cleaned\frontend\src\au
th\LoginForm\LoginForm.tsx:41:33)
          at div
          at div
          at LoginPage
          at routeContext (C:\Users\samhe\OneDrive\Desktop\Cleaned\frontend\nod
e_modules\react-router\lib\hooks.tsx:658:26)
          at children (C:\Users\samhe\OneDrive\Desktop\Cleaned\frontend\node_mo
dules\react-router\lib\components.tsx:512:3)
          at basenameProp (C:\Users\samhe\OneDrive\Desktop\Cleaned\frontend\nod
e_modules\react-router\lib\components.tsx:421:13)
          at basename (C:\Users\samhe\OneDrive\Desktop\Cleaned\frontend\node_mo
dules\react-router\lib\components.tsx:225:3)

      141 |                         placeholder="Enter your password"
      142 |                         value={password}
    > 143 |                         onChange={(e) => 
setPassword(e.target.value)}
          |                                          ^
      144 |                         className="w-full rounded-md border 
border-gray-300 px-3 py-2 pr-10 text-sm focus:outline-none focus:ring-2 
focus:ring-gray-900 disabled:opacity-50"
      145 |                     />
      146 |                     <button

      at printWarning 
(node_modules/react-dom/cjs/react-dom.development.js:86:30)
      at error (node_modules/react-dom/cjs/react-dom.development.js:60:7)
      at warnIfUpdatesNotWrappedWithActDEV 
(node_modules/react-dom/cjs/react-dom.development.js:27628:9)
      at scheduleUpdateOnFiber 
(node_modules/react-dom/cjs/react-dom.development.js:25547:5)
      at dispatchSetState 
(node_modules/react-dom/cjs/react-dom.development.js:16708:7)
      at onChange (src/auth/LoginForm/LoginForm.tsx:143:42)
      at HTMLUnknownElement.callCallback 
(node_modules/react-dom/cjs/react-dom.development.js:4164:14)
      at HTMLUnknownElement.callTheUserObjectsOperation 
(node_modules/jsdom/lib/jsdom/living/generated/EventListener.js:26:30)
      at innerInvokeEventListeners 
(node_modules/jsdom/lib/jsdom/living/events/EventTarget-impl.js:350:25)
      at invokeEventListeners 
(node_modules/jsdom/lib/jsdom/living/events/EventTarget-impl.js:286:3)
      at HTMLUnknownElementImpl._dispatch 
(node_modules/jsdom/lib/jsdom/living/events/EventTarget-impl.js:233:9)
      at HTMLUnknownElementImpl.dispatchEvent 
(node_modules/jsdom/lib/jsdom/living/events/EventTarget-impl.js:104:17)
      at HTMLUnknownElement.dispatchEvent 
(node_modules/jsdom/lib/jsdom/living/generated/EventTarget.js:241:34)
      at Object.invokeGuardedCallbackDev 
(node_modules/react-dom/cjs/react-dom.development.js:4213:16)
      at invokeGuardedCallback 
(node_modules/react-dom/cjs/react-dom.development.js:4277:31)
      at invokeGuardedCallbackAndCatchFirstError 
(node_modules/react-dom/cjs/react-dom.development.js:4291:25)
      at executeDispatch 
(node_modules/react-dom/cjs/react-dom.development.js:9041:3)
      at processDispatchQueueItemsInOrder 
(node_modules/react-dom/cjs/react-dom.development.js:9073:7)
      at processDispatchQueue 
(node_modules/react-dom/cjs/react-dom.development.js:9086:5)
      at dispatchEventsForPlugins 
(node_modules/react-dom/cjs/react-dom.development.js:9097:3)
      at node_modules/react-dom/cjs/react-dom.development.js:9288:12
      at batchedUpdates$1 
(node_modules/react-dom/cjs/react-dom.development.js:26179:12)
      at batchedUpdates 
(node_modules/react-dom/cjs/react-dom.development.js:3991:12)
      at dispatchEventForPluginEventSystem 
(node_modules/react-dom/cjs/react-dom.development.js:9287:3)
      at dispatchEventWithEnableCapturePhaseSelectiveHydrationWithoutDiscreteEv
entReplay (node_modules/react-dom/cjs/react-dom.development.js:6465:5)
      at dispatchEvent 
(node_modules/react-dom/cjs/react-dom.development.js:6457:5)
      at dispatchDiscreteEvent 
(node_modules/react-dom/cjs/react-dom.development.js:6430:5)
      at HTMLDivElement.callTheUserObjectsOperation 
(node_modules/jsdom/lib/jsdom/living/generated/EventListener.js:26:30)
      at innerInvokeEventListeners 
(node_modules/jsdom/lib/jsdom/living/events/EventTarget-impl.js:350:25)
      at invokeEventListeners 
(node_modules/jsdom/lib/jsdom/living/events/EventTarget-impl.js:286:3)
      at HTMLInputElementImpl._dispatch 
(node_modules/jsdom/lib/jsdom/living/events/EventTarget-impl.js:233:9)
      at HTMLInputElementImpl.dispatchEvent 
(node_modules/jsdom/lib/jsdom/living/events/EventTarget-impl.js:104:17)
      at HTMLInputElement.dispatchEvent 
(node_modules/jsdom/lib/jsdom/living/generated/EventTarget.js:241:34)
      at 
node_modules/@testing-library/user-event/dist/cjs/event/dispatchEvent.js:45:43
      at Object.eventWrapper 
(node_modules/@testing-library/dom/dist/config.js:25:23)
      at Object.wrapEvent 
(node_modules/@testing-library/user-event/dist/cjs/event/wrapEvent.js:6:28)
      at Object.dispatchEvent (node_modules/@testing-library/user-event/dist/cj
s/event/dispatchEvent.js:45:22)
      at Object.dispatchUIEvent (node_modules/@testing-library/user-event/dist/
cjs/event/dispatchEvent.js:22:26)
      at commitInput 
(node_modules/@testing-library/user-event/dist/cjs/event/input.js:145:14)
      at editInputElement 
(node_modules/@testing-library/user-event/dist/cjs/event/input.js:115:9)
      at Object.input 
(node_modules/@testing-library/user-event/dist/cjs/event/input.js:37:9)
      at node_modules/@testing-library/user-event/dist/cjs/event/behavior/keypr
ess.js:31:26
      at Object.dispatchEvent (node_modules/@testing-library/user-event/dist/cj
s/event/dispatchEvent.js:41:13)
      at Object.dispatchUIEvent (node_modules/@testing-library/user-event/dist/
cjs/event/dispatchEvent.js:22:26)
      at KeyboardHost.keydown 
(node_modules/@testing-library/user-event/dist/cjs/system/keyboard.js:76:22)
      at keyboardAction 
(node_modules/@testing-library/user-event/dist/cjs/keyboard/index.js:22:35)
      at Object.keyboard 
(node_modules/@testing-library/user-event/dist/cjs/keyboard/index.js:11:15)
      at Object.type 
(node_modules/@testing-library/user-event/dist/cjs/utility/type.js:17:5)
      at Object.<anonymous> (src/auth/auth.test.tsx:150:9)

    console.error
      Warning: An update to LoginForm inside a test was not wrapped in 
act(...).
      
      When testing, code that causes React state updates should be wrapped 
into act(...):
      
      act(() => {
        /* fire events that update state */
      });
      /* assert on the output */
      
      This ensures that you're testing the behavior the user would see in the 
browser. Learn more at https://reactjs.org/link/wrap-tests-with-act
          at LoginForm (C:\Users\samhe\OneDrive\Desktop\Cleaned\frontend\src\au
th\LoginForm\LoginForm.tsx:41:33)
          at div
          at div
          at LoginPage
          at routeContext (C:\Users\samhe\OneDrive\Desktop\Cleaned\frontend\nod
e_modules\react-router\lib\hooks.tsx:658:26)
          at children (C:\Users\samhe\OneDrive\Desktop\Cleaned\frontend\node_mo
dules\react-router\lib\components.tsx:512:3)
          at basenameProp (C:\Users\samhe\OneDrive\Desktop\Cleaned\frontend\nod
e_modules\react-router\lib\components.tsx:421:13)
          at basename (C:\Users\samhe\OneDrive\Desktop\Cleaned\frontend\node_mo
dules\react-router\lib\components.tsx:225:3)

      141 |                         placeholder="Enter your password"
      142 |                         value={password}
    > 143 |                         onChange={(e) => 
setPassword(e.target.value)}
          |                                          ^
      144 |                         className="w-full rounded-md border 
border-gray-300 px-3 py-2 pr-10 text-sm focus:outline-none focus:ring-2 
focus:ring-gray-900 disabled:opacity-50"
      145 |                     />
      146 |                     <button

      at printWarning 
(node_modules/react-dom/cjs/react-dom.development.js:86:30)
      at error (node_modules/react-dom/cjs/react-dom.development.js:60:7)
      at warnIfUpdatesNotWrappedWithActDEV 
(node_modules/react-dom/cjs/react-dom.development.js:27628:9)
      at scheduleUpdateOnFiber 
(node_modules/react-dom/cjs/react-dom.development.js:25547:5)
      at dispatchSetState 
(node_modules/react-dom/cjs/react-dom.development.js:16708:7)
      at onChange (src/auth/LoginForm/LoginForm.tsx:143:42)
      at HTMLUnknownElement.callCallback 
(node_modules/react-dom/cjs/react-dom.development.js:4164:14)
      at HTMLUnknownElement.callTheUserObjectsOperation 
(node_modules/jsdom/lib/jsdom/living/generated/EventListener.js:26:30)
      at innerInvokeEventListeners 
(node_modules/jsdom/lib/jsdom/living/events/EventTarget-impl.js:350:25)
      at invokeEventListeners 
(node_modules/jsdom/lib/jsdom/living/events/EventTarget-impl.js:286:3)
      at HTMLUnknownElementImpl._dispatch 
(node_modules/jsdom/lib/jsdom/living/events/EventTarget-impl.js:233:9)
      at HTMLUnknownElementImpl.dispatchEvent 
(node_modules/jsdom/lib/jsdom/living/events/EventTarget-impl.js:104:17)
      at HTMLUnknownElement.dispatchEvent 
(node_modules/jsdom/lib/jsdom/living/generated/EventTarget.js:241:34)
      at Object.invokeGuardedCallbackDev 
(node_modules/react-dom/cjs/react-dom.development.js:4213:16)
      at invokeGuardedCallback 
(node_modules/react-dom/cjs/react-dom.development.js:4277:31)
      at invokeGuardedCallbackAndCatchFirstError 
(node_modules/react-dom/cjs/react-dom.development.js:4291:25)
      at executeDispatch 
(node_modules/react-dom/cjs/react-dom.development.js:9041:3)
      at processDispatchQueueItemsInOrder 
(node_modules/react-dom/cjs/react-dom.development.js:9073:7)
      at processDispatchQueue 
(node_modules/react-dom/cjs/react-dom.development.js:9086:5)
      at dispatchEventsForPlugins 
(node_modules/react-dom/cjs/react-dom.development.js:9097:3)
      at node_modules/react-dom/cjs/react-dom.development.js:9288:12
      at batchedUpdates$1 
(node_modules/react-dom/cjs/react-dom.development.js:26179:12)
      at batchedUpdates 
(node_modules/react-dom/cjs/react-dom.development.js:3991:12)
      at dispatchEventForPluginEventSystem 
(node_modules/react-dom/cjs/react-dom.development.js:9287:3)
      at dispatchEventWithEnableCapturePhaseSelectiveHydrationWithoutDiscreteEv
entReplay (node_modules/react-dom/cjs/react-dom.development.js:6465:5)
      at dispatchEvent 
(node_modules/react-dom/cjs/react-dom.development.js:6457:5)
      at dispatchDiscreteEvent 
(node_modules/react-dom/cjs/react-dom.development.js:6430:5)
      at HTMLDivElement.callTheUserObjectsOperation 
(node_modules/jsdom/lib/jsdom/living/generated/EventListener.js:26:30)
      at innerInvokeEventListeners 
(node_modules/jsdom/lib/jsdom/living/events/EventTarget-impl.js:350:25)
      at invokeEventListeners 
(node_modules/jsdom/lib/jsdom/living/events/EventTarget-impl.js:286:3)
      at HTMLInputElementImpl._dispatch 
(node_modules/jsdom/lib/jsdom/living/events/EventTarget-impl.js:233:9)
      at HTMLInputElementImpl.dispatchEvent 
(node_modules/jsdom/lib/jsdom/living/events/EventTarget-impl.js:104:17)
      at HTMLInputElement.dispatchEvent 
(node_modules/jsdom/lib/jsdom/living/generated/EventTarget.js:241:34)
      at 
node_modules/@testing-library/user-event/dist/cjs/event/dispatchEvent.js:45:43
      at Object.eventWrapper 
(node_modules/@testing-library/dom/dist/config.js:25:23)
      at Object.wrapEvent 
(node_modules/@testing-library/user-event/dist/cjs/event/wrapEvent.js:6:28)
      at Object.dispatchEvent (node_modules/@testing-library/user-event/dist/cj
s/event/dispatchEvent.js:45:22)
      at Object.dispatchUIEvent (node_modules/@testing-library/user-event/dist/
cjs/event/dispatchEvent.js:22:26)
      at commitInput 
(node_modules/@testing-library/user-event/dist/cjs/event/input.js:145:14)
      at editInputElement 
(node_modules/@testing-library/user-event/dist/cjs/event/input.js:115:9)
      at Object.input 
(node_modules/@testing-library/user-event/dist/cjs/event/input.js:37:9)
      at node_modules/@testing-library/user-event/dist/cjs/event/behavior/keypr
ess.js:31:26
      at Object.dispatchEvent (node_modules/@testing-library/user-event/dist/cj
s/event/dispatchEvent.js:41:13)
      at Object.dispatchUIEvent (node_modules/@testing-library/user-event/dist/
cjs/event/dispatchEvent.js:22:26)
      at KeyboardHost.keydown 
(node_modules/@testing-library/user-event/dist/cjs/system/keyboard.js:76:22)
      at keyboardAction 
(node_modules/@testing-library/user-event/dist/cjs/keyboard/index.js:22:35)
      at Object.keyboard 
(node_modules/@testing-library/user-event/dist/cjs/keyboard/index.js:11:15)
      at Object.type 
(node_modules/@testing-library/user-event/dist/cjs/utility/type.js:17:5)
      at Object.<anonymous> (src/auth/auth.test.tsx:150:9)

    console.error
      Warning: An update to LoginForm inside a test was not wrapped in 
act(...).
      
      When testing, code that causes React state updates should be wrapped 
into act(...):
      
      act(() => {
        /* fire events that update state */
      });
      /* assert on the output */
      
      This ensures that you're testing the behavior the user would see in the 
browser. Learn more at https://reactjs.org/link/wrap-tests-with-act
          at LoginForm (C:\Users\samhe\OneDrive\Desktop\Cleaned\frontend\src\au
th\LoginForm\LoginForm.tsx:41:33)
          at div
          at div
          at LoginPage
          at routeContext (C:\Users\samhe\OneDrive\Desktop\Cleaned\frontend\nod
e_modules\react-router\lib\hooks.tsx:658:26)
          at children (C:\Users\samhe\OneDrive\Desktop\Cleaned\frontend\node_mo
dules\react-router\lib\components.tsx:512:3)
          at basenameProp (C:\Users\samhe\OneDrive\Desktop\Cleaned\frontend\nod
e_modules\react-router\lib\components.tsx:421:13)
          at basename (C:\Users\samhe\OneDrive\Desktop\Cleaned\frontend\node_mo
dules\react-router\lib\components.tsx:225:3)

      141 |                         placeholder="Enter your password"
      142 |                         value={password}
    > 143 |                         onChange={(e) => 
setPassword(e.target.value)}
          |                                          ^
      144 |                         className="w-full rounded-md border 
border-gray-300 px-3 py-2 pr-10 text-sm focus:outline-none focus:ring-2 
focus:ring-gray-900 disabled:opacity-50"
      145 |                     />
      146 |                     <button

      at printWarning 
(node_modules/react-dom/cjs/react-dom.development.js:86:30)
      at error (node_modules/react-dom/cjs/react-dom.development.js:60:7)
      at warnIfUpdatesNotWrappedWithActDEV 
(node_modules/react-dom/cjs/react-dom.development.js:27628:9)
      at scheduleUpdateOnFiber 
(node_modules/react-dom/cjs/react-dom.development.js:25547:5)
      at dispatchSetState 
(node_modules/react-dom/cjs/react-dom.development.js:16708:7)
      at onChange (src/auth/LoginForm/LoginForm.tsx:143:42)
      at HTMLUnknownElement.callCallback 
(node_modules/react-dom/cjs/react-dom.development.js:4164:14)
      at HTMLUnknownElement.callTheUserObjectsOperation 
(node_modules/jsdom/lib/jsdom/living/generated/EventListener.js:26:30)
      at innerInvokeEventListeners 
(node_modules/jsdom/lib/jsdom/living/events/EventTarget-impl.js:350:25)
      at invokeEventListeners 
(node_modules/jsdom/lib/jsdom/living/events/EventTarget-impl.js:286:3)
      at HTMLUnknownElementImpl._dispatch 
(node_modules/jsdom/lib/jsdom/living/events/EventTarget-impl.js:233:9)
      at HTMLUnknownElementImpl.dispatchEvent 
(node_modules/jsdom/lib/jsdom/living/events/EventTarget-impl.js:104:17)
      at HTMLUnknownElement.dispatchEvent 
(node_modules/jsdom/lib/jsdom/living/generated/EventTarget.js:241:34)
      at Object.invokeGuardedCallbackDev 
(node_modules/react-dom/cjs/react-dom.development.js:4213:16)
      at invokeGuardedCallback 
(node_modules/react-dom/cjs/react-dom.development.js:4277:31)
      at invokeGuardedCallbackAndCatchFirstError 
(node_modules/react-dom/cjs/react-dom.development.js:4291:25)
      at executeDispatch 
(node_modules/react-dom/cjs/react-dom.development.js:9041:3)
      at processDispatchQueueItemsInOrder 
(node_modules/react-dom/cjs/react-dom.development.js:9073:7)
      at processDispatchQueue 
(node_modules/react-dom/cjs/react-dom.development.js:9086:5)
      at dispatchEventsForPlugins 
(node_modules/react-dom/cjs/react-dom.development.js:9097:3)
      at node_modules/react-dom/cjs/react-dom.development.js:9288:12
      at batchedUpdates$1 
(node_modules/react-dom/cjs/react-dom.development.js:26179:12)
      at batchedUpdates 
(node_modules/react-dom/cjs/react-dom.development.js:3991:12)
      at dispatchEventForPluginEventSystem 
(node_modules/react-dom/cjs/react-dom.development.js:9287:3)
      at dispatchEventWithEnableCapturePhaseSelectiveHydrationWithoutDiscreteEv
entReplay (node_modules/react-dom/cjs/react-dom.development.js:6465:5)
      at dispatchEvent 
(node_modules/react-dom/cjs/react-dom.development.js:6457:5)
      at dispatchDiscreteEvent 
(node_modules/react-dom/cjs/react-dom.development.js:6430:5)
      at HTMLDivElement.callTheUserObjectsOperation 
(node_modules/jsdom/lib/jsdom/living/generated/EventListener.js:26:30)
      at innerInvokeEventListeners 
(node_modules/jsdom/lib/jsdom/living/events/EventTarget-impl.js:350:25)
      at invokeEventListeners 
(node_modules/jsdom/lib/jsdom/living/events/EventTarget-impl.js:286:3)
      at HTMLInputElementImpl._dispatch 
(node_modules/jsdom/lib/jsdom/living/events/EventTarget-impl.js:233:9)
      at HTMLInputElementImpl.dispatchEvent 
(node_modules/jsdom/lib/jsdom/living/events/EventTarget-impl.js:104:17)
      at HTMLInputElement.dispatchEvent 
(node_modules/jsdom/lib/jsdom/living/generated/EventTarget.js:241:34)
      at 
node_modules/@testing-library/user-event/dist/cjs/event/dispatchEvent.js:45:43
      at Object.eventWrapper 
(node_modules/@testing-library/dom/dist/config.js:25:23)
      at Object.wrapEvent 
(node_modules/@testing-library/user-event/dist/cjs/event/wrapEvent.js:6:28)
      at Object.dispatchEvent (node_modules/@testing-library/user-event/dist/cj
s/event/dispatchEvent.js:45:22)
      at Object.dispatchUIEvent (node_modules/@testing-library/user-event/dist/
cjs/event/dispatchEvent.js:22:26)
      at commitInput 
(node_modules/@testing-library/user-event/dist/cjs/event/input.js:145:14)
      at editInputElement 
(node_modules/@testing-library/user-event/dist/cjs/event/input.js:115:9)
      at Object.input 
(node_modules/@testing-library/user-event/dist/cjs/event/input.js:37:9)
      at node_modules/@testing-library/user-event/dist/cjs/event/behavior/keypr
ess.js:31:26
      at Object.dispatchEvent (node_modules/@testing-library/user-event/dist/cj
s/event/dispatchEvent.js:41:13)
      at Object.dispatchUIEvent (node_modules/@testing-library/user-event/dist/
cjs/event/dispatchEvent.js:22:26)
      at KeyboardHost.keydown 
(node_modules/@testing-library/user-event/dist/cjs/system/keyboard.js:76:22)
      at keyboardAction 
(node_modules/@testing-library/user-event/dist/cjs/keyboard/index.js:22:35)
      at Object.keyboard 
(node_modules/@testing-library/user-event/dist/cjs/keyboard/index.js:11:15)
      at Object.type 
(node_modules/@testing-library/user-event/dist/cjs/utility/type.js:17:5)
      at Object.<anonymous> (src/auth/auth.test.tsx:150:9)

    console.error
      Warning: An update to LoginForm inside a test was not wrapped in 
act(...).
      
      When testing, code that causes React state updates should be wrapped 
into act(...):
      
      act(() => {
        /* fire events that update state */
      });
      /* assert on the output */
      
      This ensures that you're testing the behavior the user would see in the 
browser. Learn more at https://reactjs.org/link/wrap-tests-with-act
          at LoginForm (C:\Users\samhe\OneDrive\Desktop\Cleaned\frontend\src\au
th\LoginForm\LoginForm.tsx:41:33)
          at div
          at div
          at LoginPage
          at routeContext (C:\Users\samhe\OneDrive\Desktop\Cleaned\frontend\nod
e_modules\react-router\lib\hooks.tsx:658:26)
          at children (C:\Users\samhe\OneDrive\Desktop\Cleaned\frontend\node_mo
dules\react-router\lib\components.tsx:512:3)
          at basenameProp (C:\Users\samhe\OneDrive\Desktop\Cleaned\frontend\nod
e_modules\react-router\lib\components.tsx:421:13)
          at basename (C:\Users\samhe\OneDrive\Desktop\Cleaned\frontend\node_mo
dules\react-router\lib\components.tsx:225:3)

      141 |                         placeholder="Enter your password"
      142 |                         value={password}
    > 143 |                         onChange={(e) => 
setPassword(e.target.value)}
          |                                          ^
      144 |                         className="w-full rounded-md border 
border-gray-300 px-3 py-2 pr-10 text-sm focus:outline-none focus:ring-2 
focus:ring-gray-900 disabled:opacity-50"
      145 |                     />
      146 |                     <button

      at printWarning 
(node_modules/react-dom/cjs/react-dom.development.js:86:30)
      at error (node_modules/react-dom/cjs/react-dom.development.js:60:7)
      at warnIfUpdatesNotWrappedWithActDEV 
(node_modules/react-dom/cjs/react-dom.development.js:27628:9)
      at scheduleUpdateOnFiber 
(node_modules/react-dom/cjs/react-dom.development.js:25547:5)
      at dispatchSetState 
(node_modules/react-dom/cjs/react-dom.development.js:16708:7)
      at onChange (src/auth/LoginForm/LoginForm.tsx:143:42)
      at HTMLUnknownElement.callCallback 
(node_modules/react-dom/cjs/react-dom.development.js:4164:14)
      at HTMLUnknownElement.callTheUserObjectsOperation 
(node_modules/jsdom/lib/jsdom/living/generated/EventListener.js:26:30)
      at innerInvokeEventListeners 
(node_modules/jsdom/lib/jsdom/living/events/EventTarget-impl.js:350:25)
      at invokeEventListeners 
(node_modules/jsdom/lib/jsdom/living/events/EventTarget-impl.js:286:3)
      at HTMLUnknownElementImpl._dispatch 
(node_modules/jsdom/lib/jsdom/living/events/EventTarget-impl.js:233:9)
      at HTMLUnknownElementImpl.dispatchEvent 
(node_modules/jsdom/lib/jsdom/living/events/EventTarget-impl.js:104:17)
      at HTMLUnknownElement.dispatchEvent 
(node_modules/jsdom/lib/jsdom/living/generated/EventTarget.js:241:34)
      at Object.invokeGuardedCallbackDev 
(node_modules/react-dom/cjs/react-dom.development.js:4213:16)
      at invokeGuardedCallback 
(node_modules/react-dom/cjs/react-dom.development.js:4277:31)
      at invokeGuardedCallbackAndCatchFirstError 
(node_modules/react-dom/cjs/react-dom.development.js:4291:25)
      at executeDispatch 
(node_modules/react-dom/cjs/react-dom.development.js:9041:3)
      at processDispatchQueueItemsInOrder 
(node_modules/react-dom/cjs/react-dom.development.js:9073:7)
      at processDispatchQueue 
(node_modules/react-dom/cjs/react-dom.development.js:9086:5)
      at dispatchEventsForPlugins 
(node_modules/react-dom/cjs/react-dom.development.js:9097:3)
      at node_modules/react-dom/cjs/react-dom.development.js:9288:12
      at batchedUpdates$1 
(node_modules/react-dom/cjs/react-dom.development.js:26179:12)
      at batchedUpdates 
(node_modules/react-dom/cjs/react-dom.development.js:3991:12)
      at dispatchEventForPluginEventSystem 
(node_modules/react-dom/cjs/react-dom.development.js:9287:3)
      at dispatchEventWithEnableCapturePhaseSelectiveHydrationWithoutDiscreteEv
entReplay (node_modules/react-dom/cjs/react-dom.development.js:6465:5)
      at dispatchEvent 
(node_modules/react-dom/cjs/react-dom.development.js:6457:5)
      at dispatchDiscreteEvent 
(node_modules/react-dom/cjs/react-dom.development.js:6430:5)
      at HTMLDivElement.callTheUserObjectsOperation 
(node_modules/jsdom/lib/jsdom/living/generated/EventListener.js:26:30)
      at innerInvokeEventListeners 
(node_modules/jsdom/lib/jsdom/living/events/EventTarget-impl.js:350:25)
      at invokeEventListeners 
(node_modules/jsdom/lib/jsdom/living/events/EventTarget-impl.js:286:3)
      at HTMLInputElementImpl._dispatch 
(node_modules/jsdom/lib/jsdom/living/events/EventTarget-impl.js:233:9)
      at HTMLInputElementImpl.dispatchEvent 
(node_modules/jsdom/lib/jsdom/living/events/EventTarget-impl.js:104:17)
      at HTMLInputElement.dispatchEvent 
(node_modules/jsdom/lib/jsdom/living/generated/EventTarget.js:241:34)
      at 
node_modules/@testing-library/user-event/dist/cjs/event/dispatchEvent.js:45:43
      at Object.eventWrapper 
(node_modules/@testing-library/dom/dist/config.js:25:23)
      at Object.wrapEvent 
(node_modules/@testing-library/user-event/dist/cjs/event/wrapEvent.js:6:28)
      at Object.dispatchEvent (node_modules/@testing-library/user-event/dist/cj
s/event/dispatchEvent.js:45:22)
      at Object.dispatchUIEvent (node_modules/@testing-library/user-event/dist/
cjs/event/dispatchEvent.js:22:26)
      at commitInput 
(node_modules/@testing-library/user-event/dist/cjs/event/input.js:145:14)
      at editInputElement 
(node_modules/@testing-library/user-event/dist/cjs/event/input.js:115:9)
      at Object.input 
(node_modules/@testing-library/user-event/dist/cjs/event/input.js:37:9)
      at node_modules/@testing-library/user-event/dist/cjs/event/behavior/keypr
ess.js:31:26
      at Object.dispatchEvent (node_modules/@testing-library/user-event/dist/cj
s/event/dispatchEvent.js:41:13)
      at Object.dispatchUIEvent (node_modules/@testing-library/user-event/dist/
cjs/event/dispatchEvent.js:22:26)
      at KeyboardHost.keydown 
(node_modules/@testing-library/user-event/dist/cjs/system/keyboard.js:76:22)
      at keyboardAction 
(node_modules/@testing-library/user-event/dist/cjs/keyboard/index.js:22:35)
      at Object.keyboard 
(node_modules/@testing-library/user-event/dist/cjs/keyboard/index.js:11:15)
      at Object.type 
(node_modules/@testing-library/user-event/dist/cjs/utility/type.js:17:5)
      at Object.<anonymous> (src/auth/auth.test.tsx:150:9)

    console.error
      Warning: An update to LoginForm inside a test was not wrapped in 
act(...).
      
      When testing, code that causes React state updates should be wrapped 
into act(...):
      
      act(() => {
        /* fire events that update state */
      });
      /* assert on the output */
      
      This ensures that you're testing the behavior the user would see in the 
browser. Learn more at https://reactjs.org/link/wrap-tests-with-act
          at LoginForm (C:\Users\samhe\OneDrive\Desktop\Cleaned\frontend\src\au
th\LoginForm\LoginForm.tsx:41:33)
          at div
          at div
          at LoginPage
          at routeContext (C:\Users\samhe\OneDrive\Desktop\Cleaned\frontend\nod
e_modules\react-router\lib\hooks.tsx:658:26)
          at children (C:\Users\samhe\OneDrive\Desktop\Cleaned\frontend\node_mo
dules\react-router\lib\components.tsx:512:3)
          at basenameProp (C:\Users\samhe\OneDrive\Desktop\Cleaned\frontend\nod
e_modules\react-router\lib\components.tsx:421:13)
          at basename (C:\Users\samhe\OneDrive\Desktop\Cleaned\frontend\node_mo
dules\react-router\lib\components.tsx:225:3)

      141 |                         placeholder="Enter your password"
      142 |                         value={password}
    > 143 |                         onChange={(e) => 
setPassword(e.target.value)}
          |                                          ^
      144 |                         className="w-full rounded-md border 
border-gray-300 px-3 py-2 pr-10 text-sm focus:outline-none focus:ring-2 
focus:ring-gray-900 disabled:opacity-50"
      145 |                     />
      146 |                     <button

      at printWarning 
(node_modules/react-dom/cjs/react-dom.development.js:86:30)
      at error (node_modules/react-dom/cjs/react-dom.development.js:60:7)
      at warnIfUpdatesNotWrappedWithActDEV 
(node_modules/react-dom/cjs/react-dom.development.js:27628:9)
      at scheduleUpdateOnFiber 
(node_modules/react-dom/cjs/react-dom.development.js:25547:5)
      at dispatchSetState 
(node_modules/react-dom/cjs/react-dom.development.js:16708:7)
      at onChange (src/auth/LoginForm/LoginForm.tsx:143:42)
      at HTMLUnknownElement.callCallback 
(node_modules/react-dom/cjs/react-dom.development.js:4164:14)
      at HTMLUnknownElement.callTheUserObjectsOperation 
(node_modules/jsdom/lib/jsdom/living/generated/EventListener.js:26:30)
      at innerInvokeEventListeners 
(node_modules/jsdom/lib/jsdom/living/events/EventTarget-impl.js:350:25)
      at invokeEventListeners 
(node_modules/jsdom/lib/jsdom/living/events/EventTarget-impl.js:286:3)
      at HTMLUnknownElementImpl._dispatch 
(node_modules/jsdom/lib/jsdom/living/events/EventTarget-impl.js:233:9)
      at HTMLUnknownElementImpl.dispatchEvent 
(node_modules/jsdom/lib/jsdom/living/events/EventTarget-impl.js:104:17)
      at HTMLUnknownElement.dispatchEvent 
(node_modules/jsdom/lib/jsdom/living/generated/EventTarget.js:241:34)
      at Object.invokeGuardedCallbackDev 
(node_modules/react-dom/cjs/react-dom.development.js:4213:16)
      at invokeGuardedCallback 
(node_modules/react-dom/cjs/react-dom.development.js:4277:31)
      at invokeGuardedCallbackAndCatchFirstError 
(node_modules/react-dom/cjs/react-dom.development.js:4291:25)
      at executeDispatch 
(node_modules/react-dom/cjs/react-dom.development.js:9041:3)
      at processDispatchQueueItemsInOrder 
(node_modules/react-dom/cjs/react-dom.development.js:9073:7)
      at processDispatchQueue 
(node_modules/react-dom/cjs/react-dom.development.js:9086:5)
      at dispatchEventsForPlugins 
(node_modules/react-dom/cjs/react-dom.development.js:9097:3)
      at node_modules/react-dom/cjs/react-dom.development.js:9288:12
      at batchedUpdates$1 
(node_modules/react-dom/cjs/react-dom.development.js:26179:12)
      at batchedUpdates 
(node_modules/react-dom/cjs/react-dom.development.js:3991:12)
      at dispatchEventForPluginEventSystem 
(node_modules/react-dom/cjs/react-dom.development.js:9287:3)
      at dispatchEventWithEnableCapturePhaseSelectiveHydrationWithoutDiscreteEv
entReplay (node_modules/react-dom/cjs/react-dom.development.js:6465:5)
      at dispatchEvent 
(node_modules/react-dom/cjs/react-dom.development.js:6457:5)
      at dispatchDiscreteEvent 
(node_modules/react-dom/cjs/react-dom.development.js:6430:5)
      at HTMLDivElement.callTheUserObjectsOperation 
(node_modules/jsdom/lib/jsdom/living/generated/EventListener.js:26:30)
      at innerInvokeEventListeners 
(node_modules/jsdom/lib/jsdom/living/events/EventTarget-impl.js:350:25)
      at invokeEventListeners 
(node_modules/jsdom/lib/jsdom/living/events/EventTarget-impl.js:286:3)
      at HTMLInputElementImpl._dispatch 
(node_modules/jsdom/lib/jsdom/living/events/EventTarget-impl.js:233:9)
      at HTMLInputElementImpl.dispatchEvent 
(node_modules/jsdom/lib/jsdom/living/events/EventTarget-impl.js:104:17)
      at HTMLInputElement.dispatchEvent 
(node_modules/jsdom/lib/jsdom/living/generated/EventTarget.js:241:34)
      at 
node_modules/@testing-library/user-event/dist/cjs/event/dispatchEvent.js:45:43
      at Object.eventWrapper 
(node_modules/@testing-library/dom/dist/config.js:25:23)
      at Object.wrapEvent 
(node_modules/@testing-library/user-event/dist/cjs/event/wrapEvent.js:6:28)
      at Object.dispatchEvent (node_modules/@testing-library/user-event/dist/cj
s/event/dispatchEvent.js:45:22)
      at Object.dispatchUIEvent (node_modules/@testing-library/user-event/dist/
cjs/event/dispatchEvent.js:22:26)
      at commitInput 
(node_modules/@testing-library/user-event/dist/cjs/event/input.js:145:14)
      at editInputElement 
(node_modules/@testing-library/user-event/dist/cjs/event/input.js:115:9)
      at Object.input 
(node_modules/@testing-library/user-event/dist/cjs/event/input.js:37:9)
      at node_modules/@testing-library/user-event/dist/cjs/event/behavior/keypr
ess.js:31:26
      at Object.dispatchEvent (node_modules/@testing-library/user-event/dist/cj
s/event/dispatchEvent.js:41:13)
      at Object.dispatchUIEvent (node_modules/@testing-library/user-event/dist/
cjs/event/dispatchEvent.js:22:26)
      at KeyboardHost.keydown 
(node_modules/@testing-library/user-event/dist/cjs/system/keyboard.js:76:22)
      at keyboardAction 
(node_modules/@testing-library/user-event/dist/cjs/keyboard/index.js:22:35)
      at Object.keyboard 
(node_modules/@testing-library/user-event/dist/cjs/keyboard/index.js:11:15)
      at Object.type 
(node_modules/@testing-library/user-event/dist/cjs/utility/type.js:17:5)
      at Object.<anonymous> (src/auth/auth.test.tsx:150:9)

    console.error
      Warning: An update to LoginForm inside a test was not wrapped in 
act(...).
      
      When testing, code that causes React state updates should be wrapped 
into act(...):
      
      act(() => {
        /* fire events that update state */
      });
      /* assert on the output */
      
      This ensures that you're testing the behavior the user would see in the 
browser. Learn more at https://reactjs.org/link/wrap-tests-with-act
          at LoginForm (C:\Users\samhe\OneDrive\Desktop\Cleaned\frontend\src\au
th\LoginForm\LoginForm.tsx:41:33)
          at div
          at div
          at LoginPage
          at routeContext (C:\Users\samhe\OneDrive\Desktop\Cleaned\frontend\nod
e_modules\react-router\lib\hooks.tsx:658:26)
          at children (C:\Users\samhe\OneDrive\Desktop\Cleaned\frontend\node_mo
dules\react-router\lib\components.tsx:512:3)
          at basenameProp (C:\Users\samhe\OneDrive\Desktop\Cleaned\frontend\nod
e_modules\react-router\lib\components.tsx:421:13)
          at basename (C:\Users\samhe\OneDrive\Desktop\Cleaned\frontend\node_mo
dules\react-router\lib\components.tsx:225:3)

      141 |                         placeholder="Enter your password"
      142 |                         value={password}
    > 143 |                         onChange={(e) => 
setPassword(e.target.value)}
          |                                          ^
      144 |                         className="w-full rounded-md border 
border-gray-300 px-3 py-2 pr-10 text-sm focus:outline-none focus:ring-2 
focus:ring-gray-900 disabled:opacity-50"
      145 |                     />
      146 |                     <button

      at printWarning 
(node_modules/react-dom/cjs/react-dom.development.js:86:30)
      at error (node_modules/react-dom/cjs/react-dom.development.js:60:7)
      at warnIfUpdatesNotWrappedWithActDEV 
(node_modules/react-dom/cjs/react-dom.development.js:27628:9)
      at scheduleUpdateOnFiber 
(node_modules/react-dom/cjs/react-dom.development.js:25547:5)
      at dispatchSetState 
(node_modules/react-dom/cjs/react-dom.development.js:16708:7)
      at onChange (src/auth/LoginForm/LoginForm.tsx:143:42)
      at HTMLUnknownElement.callCallback 
(node_modules/react-dom/cjs/react-dom.development.js:4164:14)
      at HTMLUnknownElement.callTheUserObjectsOperation 
(node_modules/jsdom/lib/jsdom/living/generated/EventListener.js:26:30)
      at innerInvokeEventListeners 
(node_modules/jsdom/lib/jsdom/living/events/EventTarget-impl.js:350:25)
      at invokeEventListeners 
(node_modules/jsdom/lib/jsdom/living/events/EventTarget-impl.js:286:3)
      at HTMLUnknownElementImpl._dispatch 
(node_modules/jsdom/lib/jsdom/living/events/EventTarget-impl.js:233:9)
      at HTMLUnknownElementImpl.dispatchEvent 
(node_modules/jsdom/lib/jsdom/living/events/EventTarget-impl.js:104:17)
      at HTMLUnknownElement.dispatchEvent 
(node_modules/jsdom/lib/jsdom/living/generated/EventTarget.js:241:34)
      at Object.invokeGuardedCallbackDev 
(node_modules/react-dom/cjs/react-dom.development.js:4213:16)
      at invokeGuardedCallback 
(node_modules/react-dom/cjs/react-dom.development.js:4277:31)
      at invokeGuardedCallbackAndCatchFirstError 
(node_modules/react-dom/cjs/react-dom.development.js:4291:25)
      at executeDispatch 
(node_modules/react-dom/cjs/react-dom.development.js:9041:3)
      at processDispatchQueueItemsInOrder 
(node_modules/react-dom/cjs/react-dom.development.js:9073:7)
      at processDispatchQueue 
(node_modules/react-dom/cjs/react-dom.development.js:9086:5)
      at dispatchEventsForPlugins 
(node_modules/react-dom/cjs/react-dom.development.js:9097:3)
      at node_modules/react-dom/cjs/react-dom.development.js:9288:12
      at batchedUpdates$1 
(node_modules/react-dom/cjs/react-dom.development.js:26179:12)
      at batchedUpdates 
(node_modules/react-dom/cjs/react-dom.development.js:3991:12)
      at dispatchEventForPluginEventSystem 
(node_modules/react-dom/cjs/react-dom.development.js:9287:3)
      at dispatchEventWithEnableCapturePhaseSelectiveHydrationWithoutDiscreteEv
entReplay (node_modules/react-dom/cjs/react-dom.development.js:6465:5)
      at dispatchEvent 
(node_modules/react-dom/cjs/react-dom.development.js:6457:5)
      at dispatchDiscreteEvent 
(node_modules/react-dom/cjs/react-dom.development.js:6430:5)
      at HTMLDivElement.callTheUserObjectsOperation 
(node_modules/jsdom/lib/jsdom/living/generated/EventListener.js:26:30)
      at innerInvokeEventListeners 
(node_modules/jsdom/lib/jsdom/living/events/EventTarget-impl.js:350:25)
      at invokeEventListeners 
(node_modules/jsdom/lib/jsdom/living/events/EventTarget-impl.js:286:3)
      at HTMLInputElementImpl._dispatch 
(node_modules/jsdom/lib/jsdom/living/events/EventTarget-impl.js:233:9)
      at HTMLInputElementImpl.dispatchEvent 
(node_modules/jsdom/lib/jsdom/living/events/EventTarget-impl.js:104:17)
      at HTMLInputElement.dispatchEvent 
(node_modules/jsdom/lib/jsdom/living/generated/EventTarget.js:241:34)
      at 
node_modules/@testing-library/user-event/dist/cjs/event/dispatchEvent.js:45:43
      at Object.eventWrapper 
(node_modules/@testing-library/dom/dist/config.js:25:23)
      at Object.wrapEvent 
(node_modules/@testing-library/user-event/dist/cjs/event/wrapEvent.js:6:28)
      at Object.dispatchEvent (node_modules/@testing-library/user-event/dist/cj
s/event/dispatchEvent.js:45:22)
      at Object.dispatchUIEvent (node_modules/@testing-library/user-event/dist/
cjs/event/dispatchEvent.js:22:26)
      at commitInput 
(node_modules/@testing-library/user-event/dist/cjs/event/input.js:145:14)
      at editInputElement 
(node_modules/@testing-library/user-event/dist/cjs/event/input.js:115:9)
      at Object.input 
(node_modules/@testing-library/user-event/dist/cjs/event/input.js:37:9)
      at node_modules/@testing-library/user-event/dist/cjs/event/behavior/keypr
ess.js:31:26
      at Object.dispatchEvent (node_modules/@testing-library/user-event/dist/cj
s/event/dispatchEvent.js:41:13)
      at Object.dispatchUIEvent (node_modules/@testing-library/user-event/dist/
cjs/event/dispatchEvent.js:22:26)
      at KeyboardHost.keydown 
(node_modules/@testing-library/user-event/dist/cjs/system/keyboard.js:76:22)
      at keyboardAction 
(node_modules/@testing-library/user-event/dist/cjs/keyboard/index.js:22:35)
      at Object.keyboard 
(node_modules/@testing-library/user-event/dist/cjs/keyboard/index.js:11:15)
      at Object.type 
(node_modules/@testing-library/user-event/dist/cjs/utility/type.js:17:5)
      at Object.<anonymous> (src/auth/auth.test.tsx:150:9)

    console.error
      Warning: An update to LoginForm inside a test was not wrapped in 
act(...).
      
      When testing, code that causes React state updates should be wrapped 
into act(...):
      
      act(() => {
        /* fire events that update state */
      });
      /* assert on the output */
      
      This ensures that you're testing the behavior the user would see in the 
browser. Learn more at https://reactjs.org/link/wrap-tests-with-act
          at LoginForm (C:\Users\samhe\OneDrive\Desktop\Cleaned\frontend\src\au
th\LoginForm\LoginForm.tsx:41:33)
          at div
          at div
          at LoginPage
          at routeContext (C:\Users\samhe\OneDrive\Desktop\Cleaned\frontend\nod
e_modules\react-router\lib\hooks.tsx:658:26)
          at children (C:\Users\samhe\OneDrive\Desktop\Cleaned\frontend\node_mo
dules\react-router\lib\components.tsx:512:3)
          at basenameProp (C:\Users\samhe\OneDrive\Desktop\Cleaned\frontend\nod
e_modules\react-router\lib\components.tsx:421:13)
          at basename (C:\Users\samhe\OneDrive\Desktop\Cleaned\frontend\node_mo
dules\react-router\lib\components.tsx:225:3)

      141 |                         placeholder="Enter your password"
      142 |                         value={password}
    > 143 |                         onChange={(e) => 
setPassword(e.target.value)}
          |                                          ^
      144 |                         className="w-full rounded-md border 
border-gray-300 px-3 py-2 pr-10 text-sm focus:outline-none focus:ring-2 
focus:ring-gray-900 disabled:opacity-50"
      145 |                     />
      146 |                     <button

      at printWarning 
(node_modules/react-dom/cjs/react-dom.development.js:86:30)
      at error (node_modules/react-dom/cjs/react-dom.development.js:60:7)
      at warnIfUpdatesNotWrappedWithActDEV 
(node_modules/react-dom/cjs/react-dom.development.js:27628:9)
      at scheduleUpdateOnFiber 
(node_modules/react-dom/cjs/react-dom.development.js:25547:5)
      at dispatchSetState 
(node_modules/react-dom/cjs/react-dom.development.js:16708:7)
      at onChange (src/auth/LoginForm/LoginForm.tsx:143:42)
      at HTMLUnknownElement.callCallback 
(node_modules/react-dom/cjs/react-dom.development.js:4164:14)
      at HTMLUnknownElement.callTheUserObjectsOperation 
(node_modules/jsdom/lib/jsdom/living/generated/EventListener.js:26:30)
      at innerInvokeEventListeners 
(node_modules/jsdom/lib/jsdom/living/events/EventTarget-impl.js:350:25)
      at invokeEventListeners 
(node_modules/jsdom/lib/jsdom/living/events/EventTarget-impl.js:286:3)
      at HTMLUnknownElementImpl._dispatch 
(node_modules/jsdom/lib/jsdom/living/events/EventTarget-impl.js:233:9)
      at HTMLUnknownElementImpl.dispatchEvent 
(node_modules/jsdom/lib/jsdom/living/events/EventTarget-impl.js:104:17)
      at HTMLUnknownElement.dispatchEvent 
(node_modules/jsdom/lib/jsdom/living/generated/EventTarget.js:241:34)
      at Object.invokeGuardedCallbackDev 
(node_modules/react-dom/cjs/react-dom.development.js:4213:16)
      at invokeGuardedCallback 
(node_modules/react-dom/cjs/react-dom.development.js:4277:31)
      at invokeGuardedCallbackAndCatchFirstError 
(node_modules/react-dom/cjs/react-dom.development.js:4291:25)
      at executeDispatch 
(node_modules/react-dom/cjs/react-dom.development.js:9041:3)
      at processDispatchQueueItemsInOrder 
(node_modules/react-dom/cjs/react-dom.development.js:9073:7)
      at processDispatchQueue 
(node_modules/react-dom/cjs/react-dom.development.js:9086:5)
      at dispatchEventsForPlugins 
(node_modules/react-dom/cjs/react-dom.development.js:9097:3)
      at node_modules/react-dom/cjs/react-dom.development.js:9288:12
      at batchedUpdates$1 
(node_modules/react-dom/cjs/react-dom.development.js:26179:12)
      at batchedUpdates 
(node_modules/react-dom/cjs/react-dom.development.js:3991:12)
      at dispatchEventForPluginEventSystem 
(node_modules/react-dom/cjs/react-dom.development.js:9287:3)
      at dispatchEventWithEnableCapturePhaseSelectiveHydrationWithoutDiscreteEv
entReplay (node_modules/react-dom/cjs/react-dom.development.js:6465:5)
      at dispatchEvent 
(node_modules/react-dom/cjs/react-dom.development.js:6457:5)
      at dispatchDiscreteEvent 
(node_modules/react-dom/cjs/react-dom.development.js:6430:5)
      at HTMLDivElement.callTheUserObjectsOperation 
(node_modules/jsdom/lib/jsdom/living/generated/EventListener.js:26:30)
      at innerInvokeEventListeners 
(node_modules/jsdom/lib/jsdom/living/events/EventTarget-impl.js:350:25)
      at invokeEventListeners 
(node_modules/jsdom/lib/jsdom/living/events/EventTarget-impl.js:286:3)
      at HTMLInputElementImpl._dispatch 
(node_modules/jsdom/lib/jsdom/living/events/EventTarget-impl.js:233:9)
      at HTMLInputElementImpl.dispatchEvent 
(node_modules/jsdom/lib/jsdom/living/events/EventTarget-impl.js:104:17)
      at HTMLInputElement.dispatchEvent 
(node_modules/jsdom/lib/jsdom/living/generated/EventTarget.js:241:34)
      at 
node_modules/@testing-library/user-event/dist/cjs/event/dispatchEvent.js:45:43
      at Object.eventWrapper 
(node_modules/@testing-library/dom/dist/config.js:25:23)
      at Object.wrapEvent 
(node_modules/@testing-library/user-event/dist/cjs/event/wrapEvent.js:6:28)
      at Object.dispatchEvent (node_modules/@testing-library/user-event/dist/cj
s/event/dispatchEvent.js:45:22)
      at Object.dispatchUIEvent (node_modules/@testing-library/user-event/dist/
cjs/event/dispatchEvent.js:22:26)
      at commitInput 
(node_modules/@testing-library/user-event/dist/cjs/event/input.js:145:14)
      at editInputElement 
(node_modules/@testing-library/user-event/dist/cjs/event/input.js:115:9)
      at Object.input 
(node_modules/@testing-library/user-event/dist/cjs/event/input.js:37:9)
      at node_modules/@testing-library/user-event/dist/cjs/event/behavior/keypr
ess.js:31:26
      at Object.dispatchEvent (node_modules/@testing-library/user-event/dist/cj
s/event/dispatchEvent.js:41:13)
      at Object.dispatchUIEvent (node_modules/@testing-library/user-event/dist/
cjs/event/dispatchEvent.js:22:26)
      at KeyboardHost.keydown 
(node_modules/@testing-library/user-event/dist/cjs/system/keyboard.js:76:22)
      at keyboardAction 
(node_modules/@testing-library/user-event/dist/cjs/keyboard/index.js:22:35)
      at Object.keyboard 
(node_modules/@testing-library/user-event/dist/cjs/keyboard/index.js:11:15)
      at Object.type 
(node_modules/@testing-library/user-event/dist/cjs/utility/type.js:17:5)
      at Object.<anonymous> (src/auth/auth.test.tsx:150:9)

    console.error
      Warning: An update to LoginForm inside a test was not wrapped in 
act(...).
      
      When testing, code that causes React state updates should be wrapped 
into act(...):
      
      act(() => {
        /* fire events that update state */
      });
      /* assert on the output */
      
      This ensures that you're testing the behavior the user would see in the 
browser. Learn more at https://reactjs.org/link/wrap-tests-with-act
          at LoginForm (C:\Users\samhe\OneDrive\Desktop\Cleaned\frontend\src\au
th\LoginForm\LoginForm.tsx:41:33)
          at div
          at div
          at LoginPage
          at routeContext (C:\Users\samhe\OneDrive\Desktop\Cleaned\frontend\nod
e_modules\react-router\lib\hooks.tsx:658:26)
          at children (C:\Users\samhe\OneDrive\Desktop\Cleaned\frontend\node_mo
dules\react-router\lib\components.tsx:512:3)
          at basenameProp (C:\Users\samhe\OneDrive\Desktop\Cleaned\frontend\nod
e_modules\react-router\lib\components.tsx:421:13)
          at basename (C:\Users\samhe\OneDrive\Desktop\Cleaned\frontend\node_mo
dules\react-router\lib\components.tsx:225:3)

      141 |                         placeholder="Enter your password"
      142 |                         value={password}
    > 143 |                         onChange={(e) => 
setPassword(e.target.value)}
          |                                          ^
      144 |                         className="w-full rounded-md border 
border-gray-300 px-3 py-2 pr-10 text-sm focus:outline-none focus:ring-2 
focus:ring-gray-900 disabled:opacity-50"
      145 |                     />
      146 |                     <button

      at printWarning 
(node_modules/react-dom/cjs/react-dom.development.js:86:30)
      at error (node_modules/react-dom/cjs/react-dom.development.js:60:7)
      at warnIfUpdatesNotWrappedWithActDEV 
(node_modules/react-dom/cjs/react-dom.development.js:27628:9)
      at scheduleUpdateOnFiber 
(node_modules/react-dom/cjs/react-dom.development.js:25547:5)
      at dispatchSetState 
(node_modules/react-dom/cjs/react-dom.development.js:16708:7)
      at onChange (src/auth/LoginForm/LoginForm.tsx:143:42)
      at HTMLUnknownElement.callCallback 
(node_modules/react-dom/cjs/react-dom.development.js:4164:14)
      at HTMLUnknownElement.callTheUserObjectsOperation 
(node_modules/jsdom/lib/jsdom/living/generated/EventListener.js:26:30)
      at innerInvokeEventListeners 
(node_modules/jsdom/lib/jsdom/living/events/EventTarget-impl.js:350:25)
      at invokeEventListeners 
(node_modules/jsdom/lib/jsdom/living/events/EventTarget-impl.js:286:3)
      at HTMLUnknownElementImpl._dispatch 
(node_modules/jsdom/lib/jsdom/living/events/EventTarget-impl.js:233:9)
      at HTMLUnknownElementImpl.dispatchEvent 
(node_modules/jsdom/lib/jsdom/living/events/EventTarget-impl.js:104:17)
      at HTMLUnknownElement.dispatchEvent 
(node_modules/jsdom/lib/jsdom/living/generated/EventTarget.js:241:34)
      at Object.invokeGuardedCallbackDev 
(node_modules/react-dom/cjs/react-dom.development.js:4213:16)
      at invokeGuardedCallback 
(node_modules/react-dom/cjs/react-dom.development.js:4277:31)
      at invokeGuardedCallbackAndCatchFirstError 
(node_modules/react-dom/cjs/react-dom.development.js:4291:25)
      at executeDispatch 
(node_modules/react-dom/cjs/react-dom.development.js:9041:3)
      at processDispatchQueueItemsInOrder 
(node_modules/react-dom/cjs/react-dom.development.js:9073:7)
      at processDispatchQueue 
(node_modules/react-dom/cjs/react-dom.development.js:9086:5)
      at dispatchEventsForPlugins 
(node_modules/react-dom/cjs/react-dom.development.js:9097:3)
      at node_modules/react-dom/cjs/react-dom.development.js:9288:12
      at batchedUpdates$1 
(node_modules/react-dom/cjs/react-dom.development.js:26179:12)
      at batchedUpdates 
(node_modules/react-dom/cjs/react-dom.development.js:3991:12)
      at dispatchEventForPluginEventSystem 
(node_modules/react-dom/cjs/react-dom.development.js:9287:3)
      at dispatchEventWithEnableCapturePhaseSelectiveHydrationWithoutDiscreteEv
entReplay (node_modules/react-dom/cjs/react-dom.development.js:6465:5)
      at dispatchEvent 
(node_modules/react-dom/cjs/react-dom.development.js:6457:5)
      at dispatchDiscreteEvent 
(node_modules/react-dom/cjs/react-dom.development.js:6430:5)
      at HTMLDivElement.callTheUserObjectsOperation 
(node_modules/jsdom/lib/jsdom/living/generated/EventListener.js:26:30)
      at innerInvokeEventListeners 
(node_modules/jsdom/lib/jsdom/living/events/EventTarget-impl.js:350:25)
      at invokeEventListeners 
(node_modules/jsdom/lib/jsdom/living/events/EventTarget-impl.js:286:3)
      at HTMLInputElementImpl._dispatch 
(node_modules/jsdom/lib/jsdom/living/events/EventTarget-impl.js:233:9)
      at HTMLInputElementImpl.dispatchEvent 
(node_modules/jsdom/lib/jsdom/living/events/EventTarget-impl.js:104:17)
      at HTMLInputElement.dispatchEvent 
(node_modules/jsdom/lib/jsdom/living/generated/EventTarget.js:241:34)
      at 
node_modules/@testing-library/user-event/dist/cjs/event/dispatchEvent.js:45:43
      at Object.eventWrapper 
(node_modules/@testing-library/dom/dist/config.js:25:23)
      at Object.wrapEvent 
(node_modules/@testing-library/user-event/dist/cjs/event/wrapEvent.js:6:28)
      at Object.dispatchEvent (node_modules/@testing-library/user-event/dist/cj
s/event/dispatchEvent.js:45:22)
      at Object.dispatchUIEvent (node_modules/@testing-library/user-event/dist/
cjs/event/dispatchEvent.js:22:26)
      at commitInput 
(node_modules/@testing-library/user-event/dist/cjs/event/input.js:145:14)
      at editInputElement 
(node_modules/@testing-library/user-event/dist/cjs/event/input.js:115:9)
      at Object.input 
(node_modules/@testing-library/user-event/dist/cjs/event/input.js:37:9)
      at node_modules/@testing-library/user-event/dist/cjs/event/behavior/keypr
ess.js:31:26
      at Object.dispatchEvent (node_modules/@testing-library/user-event/dist/cj
s/event/dispatchEvent.js:41:13)
      at Object.dispatchUIEvent (node_modules/@testing-library/user-event/dist/
cjs/event/dispatchEvent.js:22:26)
      at KeyboardHost.keydown 
(node_modules/@testing-library/user-event/dist/cjs/system/keyboard.js:76:22)
      at keyboardAction 
(node_modules/@testing-library/user-event/dist/cjs/keyboard/index.js:22:35)
      at Object.keyboard 
(node_modules/@testing-library/user-event/dist/cjs/keyboard/index.js:11:15)
      at Object.type 
(node_modules/@testing-library/user-event/dist/cjs/utility/type.js:17:5)
      at Object.<anonymous> (src/auth/auth.test.tsx:150:9)

    console.error
      Warning: An update to LoginForm inside a test was not wrapped in 
act(...).
      
      When testing, code that causes React state updates should be wrapped 
into act(...):
      
      act(() => {
        /* fire events that update state */
      });
      /* assert on the output */
      
      This ensures that you're testing the behavior the user would see in the 
browser. Learn more at https://reactjs.org/link/wrap-tests-with-act
          at LoginForm (C:\Users\samhe\OneDrive\Desktop\Cleaned\frontend\src\au
th\LoginForm\LoginForm.tsx:41:33)
          at div
          at div
          at LoginPage
          at routeContext (C:\Users\samhe\OneDrive\Desktop\Cleaned\frontend\nod
e_modules\react-router\lib\hooks.tsx:658:26)
          at children (C:\Users\samhe\OneDrive\Desktop\Cleaned\frontend\node_mo
dules\react-router\lib\components.tsx:512:3)
          at basenameProp (C:\Users\samhe\OneDrive\Desktop\Cleaned\frontend\nod
e_modules\react-router\lib\components.tsx:421:13)
          at basename (C:\Users\samhe\OneDrive\Desktop\Cleaned\frontend\node_mo
dules\react-router\lib\components.tsx:225:3)

      141 |                         placeholder="Enter your password"
      142 |                         value={password}
    > 143 |                         onChange={(e) => 
setPassword(e.target.value)}
          |                                          ^
      144 |                         className="w-full rounded-md border 
border-gray-300 px-3 py-2 pr-10 text-sm focus:outline-none focus:ring-2 
focus:ring-gray-900 disabled:opacity-50"
      145 |                     />
      146 |                     <button

      at printWarning 
(node_modules/react-dom/cjs/react-dom.development.js:86:30)
      at error (node_modules/react-dom/cjs/react-dom.development.js:60:7)
      at warnIfUpdatesNotWrappedWithActDEV 
(node_modules/react-dom/cjs/react-dom.development.js:27628:9)
      at scheduleUpdateOnFiber 
(node_modules/react-dom/cjs/react-dom.development.js:25547:5)
      at dispatchSetState 
(node_modules/react-dom/cjs/react-dom.development.js:16708:7)
      at onChange (src/auth/LoginForm/LoginForm.tsx:143:42)
      at HTMLUnknownElement.callCallback 
(node_modules/react-dom/cjs/react-dom.development.js:4164:14)
      at HTMLUnknownElement.callTheUserObjectsOperation 
(node_modules/jsdom/lib/jsdom/living/generated/EventListener.js:26:30)
      at innerInvokeEventListeners 
(node_modules/jsdom/lib/jsdom/living/events/EventTarget-impl.js:350:25)
      at invokeEventListeners 
(node_modules/jsdom/lib/jsdom/living/events/EventTarget-impl.js:286:3)
      at HTMLUnknownElementImpl._dispatch 
(node_modules/jsdom/lib/jsdom/living/events/EventTarget-impl.js:233:9)
      at HTMLUnknownElementImpl.dispatchEvent 
(node_modules/jsdom/lib/jsdom/living/events/EventTarget-impl.js:104:17)
      at HTMLUnknownElement.dispatchEvent 
(node_modules/jsdom/lib/jsdom/living/generated/EventTarget.js:241:34)
      at Object.invokeGuardedCallbackDev 
(node_modules/react-dom/cjs/react-dom.development.js:4213:16)
      at invokeGuardedCallback 
(node_modules/react-dom/cjs/react-dom.development.js:4277:31)
      at invokeGuardedCallbackAndCatchFirstError 
(node_modules/react-dom/cjs/react-dom.development.js:4291:25)
      at executeDispatch 
(node_modules/react-dom/cjs/react-dom.development.js:9041:3)
      at processDispatchQueueItemsInOrder 
(node_modules/react-dom/cjs/react-dom.development.js:9073:7)
      at processDispatchQueue 
(node_modules/react-dom/cjs/react-dom.development.js:9086:5)
      at dispatchEventsForPlugins 
(node_modules/react-dom/cjs/react-dom.development.js:9097:3)
      at node_modules/react-dom/cjs/react-dom.development.js:9288:12
      at batchedUpdates$1 
(node_modules/react-dom/cjs/react-dom.development.js:26179:12)
      at batchedUpdates 
(node_modules/react-dom/cjs/react-dom.development.js:3991:12)
      at dispatchEventForPluginEventSystem 
(node_modules/react-dom/cjs/react-dom.development.js:9287:3)
      at dispatchEventWithEnableCapturePhaseSelectiveHydrationWithoutDiscreteEv
entReplay (node_modules/react-dom/cjs/react-dom.development.js:6465:5)
      at dispatchEvent 
(node_modules/react-dom/cjs/react-dom.development.js:6457:5)
      at dispatchDiscreteEvent 
(node_modules/react-dom/cjs/react-dom.development.js:6430:5)
      at HTMLDivElement.callTheUserObjectsOperation 
(node_modules/jsdom/lib/jsdom/living/generated/EventListener.js:26:30)
      at innerInvokeEventListeners 
(node_modules/jsdom/lib/jsdom/living/events/EventTarget-impl.js:350:25)
      at invokeEventListeners 
(node_modules/jsdom/lib/jsdom/living/events/EventTarget-impl.js:286:3)
      at HTMLInputElementImpl._dispatch 
(node_modules/jsdom/lib/jsdom/living/events/EventTarget-impl.js:233:9)
      at HTMLInputElementImpl.dispatchEvent 
(node_modules/jsdom/lib/jsdom/living/events/EventTarget-impl.js:104:17)
      at HTMLInputElement.dispatchEvent 
(node_modules/jsdom/lib/jsdom/living/generated/EventTarget.js:241:34)
      at 
node_modules/@testing-library/user-event/dist/cjs/event/dispatchEvent.js:45:43
      at Object.eventWrapper 
(node_modules/@testing-library/dom/dist/config.js:25:23)
      at Object.wrapEvent 
(node_modules/@testing-library/user-event/dist/cjs/event/wrapEvent.js:6:28)
      at Object.dispatchEvent (node_modules/@testing-library/user-event/dist/cj
s/event/dispatchEvent.js:45:22)
      at Object.dispatchUIEvent (node_modules/@testing-library/user-event/dist/
cjs/event/dispatchEvent.js:22:26)
      at commitInput 
(node_modules/@testing-library/user-event/dist/cjs/event/input.js:145:14)
      at editInputElement 
(node_modules/@testing-library/user-event/dist/cjs/event/input.js:115:9)
      at Object.input 
(node_modules/@testing-library/user-event/dist/cjs/event/input.js:37:9)
      at node_modules/@testing-library/user-event/dist/cjs/event/behavior/keypr
ess.js:31:26
      at Object.dispatchEvent (node_modules/@testing-library/user-event/dist/cj
s/event/dispatchEvent.js:41:13)
      at Object.dispatchUIEvent (node_modules/@testing-library/user-event/dist/
cjs/event/dispatchEvent.js:22:26)
      at KeyboardHost.keydown 
(node_modules/@testing-library/user-event/dist/cjs/system/keyboard.js:76:22)
      at keyboardAction 
(node_modules/@testing-library/user-event/dist/cjs/keyboard/index.js:22:35)
      at Object.keyboard 
(node_modules/@testing-library/user-event/dist/cjs/keyboard/index.js:11:15)
      at Object.type 
(node_modules/@testing-library/user-event/dist/cjs/utility/type.js:17:5)
      at Object.<anonymous> (src/auth/auth.test.tsx:150:9)

    console.error
      Warning: An update to LoginForm inside a test was not wrapped in 
act(...).
      
      When testing, code that causes React state updates should be wrapped 
into act(...):
      
      act(() => {
        /* fire events that update state */
      });
      /* assert on the output */
      
      This ensures that you're testing the behavior the user would see in the 
browser. Learn more at https://reactjs.org/link/wrap-tests-with-act
          at LoginForm (C:\Users\samhe\OneDrive\Desktop\Cleaned\frontend\src\au
th\LoginForm\LoginForm.tsx:41:33)
          at div
          at div
          at LoginPage
          at routeContext (C:\Users\samhe\OneDrive\Desktop\Cleaned\frontend\nod
e_modules\react-router\lib\hooks.tsx:658:26)
          at children (C:\Users\samhe\OneDrive\Desktop\Cleaned\frontend\node_mo
dules\react-router\lib\components.tsx:512:3)
          at basenameProp (C:\Users\samhe\OneDrive\Desktop\Cleaned\frontend\nod
e_modules\react-router\lib\components.tsx:421:13)
          at basename (C:\Users\samhe\OneDrive\Desktop\Cleaned\frontend\node_mo
dules\react-router\lib\components.tsx:225:3)

      52 |     async function handleSubmit(e: React.FormEvent) {
      53 |         e.preventDefault()
    > 54 |         setError('')
         |         ^
      55 |
      56 |         // Client-side empty field validation (R-AUTH-EMPTY)
      57 |         if (!email.trim() || !password) {

      at printWarning 
(node_modules/react-dom/cjs/react-dom.development.js:86:30)
      at error (node_modules/react-dom/cjs/react-dom.development.js:60:7)
      at warnIfUpdatesNotWrappedWithActDEV 
(node_modules/react-dom/cjs/react-dom.development.js:27628:9)
      at scheduleUpdateOnFiber 
(node_modules/react-dom/cjs/react-dom.development.js:25547:5)
      at dispatchSetState 
(node_modules/react-dom/cjs/react-dom.development.js:16708:7)
      at handleSubmit (src/auth/LoginForm/LoginForm.tsx:54:9)
      at HTMLUnknownElement.callCallback 
(node_modules/react-dom/cjs/react-dom.development.js:4164:14)
      at HTMLUnknownElement.callTheUserObjectsOperation 
(node_modules/jsdom/lib/jsdom/living/generated/EventListener.js:26:30)
      at innerInvokeEventListeners 
(node_modules/jsdom/lib/jsdom/living/events/EventTarget-impl.js:350:25)
      at invokeEventListeners 
(node_modules/jsdom/lib/jsdom/living/events/EventTarget-impl.js:286:3)
      at HTMLUnknownElementImpl._dispatch 
(node_modules/jsdom/lib/jsdom/living/events/EventTarget-impl.js:233:9)
      at HTMLUnknownElementImpl.dispatchEvent 
(node_modules/jsdom/lib/jsdom/living/events/EventTarget-impl.js:104:17)
      at HTMLUnknownElement.dispatchEvent 
(node_modules/jsdom/lib/jsdom/living/generated/EventTarget.js:241:34)
      at Object.invokeGuardedCallbackDev 
(node_modules/react-dom/cjs/react-dom.development.js:4213:16)
      at invokeGuardedCallback 
(node_modules/react-dom/cjs/react-dom.development.js:4277:31)
      at invokeGuardedCallbackAndCatchFirstError 
(node_modules/react-dom/cjs/react-dom.development.js:4291:25)
      at executeDispatch 
(node_modules/react-dom/cjs/react-dom.development.js:9041:3)
      at processDispatchQueueItemsInOrder 
(node_modules/react-dom/cjs/react-dom.development.js:9073:7)
      at processDispatchQueue 
(node_modules/react-dom/cjs/react-dom.development.js:9086:5)
      at dispatchEventsForPlugins 
(node_modules/react-dom/cjs/react-dom.development.js:9097:3)
      at node_modules/react-dom/cjs/react-dom.development.js:9288:12
      at batchedUpdates$1 
(node_modules/react-dom/cjs/react-dom.development.js:26179:12)
      at batchedUpdates 
(node_modules/react-dom/cjs/react-dom.development.js:3991:12)
      at dispatchEventForPluginEventSystem 
(node_modules/react-dom/cjs/react-dom.development.js:9287:3)
      at dispatchEventWithEnableCapturePhaseSelectiveHydrationWithoutDiscreteEv
entReplay (node_modules/react-dom/cjs/react-dom.development.js:6465:5)
      at dispatchEvent 
(node_modules/react-dom/cjs/react-dom.development.js:6457:5)
      at dispatchDiscreteEvent 
(node_modules/react-dom/cjs/react-dom.development.js:6430:5)
      at HTMLDivElement.callTheUserObjectsOperation 
(node_modules/jsdom/lib/jsdom/living/generated/EventListener.js:26:30)
      at innerInvokeEventListeners 
(node_modules/jsdom/lib/jsdom/living/events/EventTarget-impl.js:350:25)
      at invokeEventListeners 
(node_modules/jsdom/lib/jsdom/living/events/EventTarget-impl.js:286:3)
      at HTMLFormElementImpl._dispatch 
(node_modules/jsdom/lib/jsdom/living/events/EventTarget-impl.js:233:9)
      at fireAnEvent 
(node_modules/jsdom/lib/jsdom/living/helpers/events.js:18:36)
      at HTMLFormElementImpl.requestSubmit 
(node_modules/jsdom/lib/jsdom/living/nodes/HTMLFormElement-impl.js:109:10)
      at HTMLFormElementImpl._doRequestSubmit 
(node_modules/jsdom/lib/jsdom/living/nodes/HTMLFormElement-impl.js:79:10)
      at HTMLButtonElementImpl._activationBehavior 
(node_modules/jsdom/lib/jsdom/living/nodes/HTMLButtonElement-impl.js:23:14)
      at HTMLButtonElementImpl._dispatch 
(node_modules/jsdom/lib/jsdom/living/events/EventTarget-impl.js:252:26)
      at HTMLButtonElementImpl.dispatchEvent 
(node_modules/jsdom/lib/jsdom/living/events/EventTarget-impl.js:104:17)
      at HTMLButtonElement.dispatchEvent 
(node_modules/jsdom/lib/jsdom/living/generated/EventTarget.js:241:34)
      at 
node_modules/@testing-library/user-event/dist/cjs/event/dispatchEvent.js:45:43
      at Object.eventWrapper 
(node_modules/@testing-library/dom/dist/config.js:25:23)
      at Object.wrapEvent 
(node_modules/@testing-library/user-event/dist/cjs/event/wrapEvent.js:6:28)
      at Object.dispatchEvent (node_modules/@testing-library/user-event/dist/cj
s/event/dispatchEvent.js:45:22)
      at Object.dispatchUIEvent (node_modules/@testing-library/user-event/dist/
cjs/event/dispatchEvent.js:22:26)
      at Mouse.up (node_modules/@testing-library/user-event/dist/cjs/system/poi
nter/mouse.js:100:30)
      at PointerHost.release (node_modules/@testing-library/user-event/dist/cjs
/system/pointer/index.js:87:24)
      at pointerAction 
(node_modules/@testing-library/user-event/dist/cjs/pointer/index.js:54:47)
      at Object.pointer 
(node_modules/@testing-library/user-event/dist/cjs/pointer/index.js:27:9)
      at Object.<anonymous> (src/auth/auth.test.tsx:151:9)

    console.error
      Warning: An update to LoginForm inside a test was not wrapped in 
act(...).
      
      When testing, code that causes React state updates should be wrapped 
into act(...):
      
      act(() => {
        /* fire events that update state */
      });
      /* assert on the output */
      
      This ensures that you're testing the behavior the user would see in the 
browser. Learn more at https://reactjs.org/link/wrap-tests-with-act
          at LoginForm (C:\Users\samhe\OneDrive\Desktop\Cleaned\frontend\src\au
th\LoginForm\LoginForm.tsx:41:33)
          at div
          at div
          at LoginPage
          at routeContext (C:\Users\samhe\OneDrive\Desktop\Cleaned\frontend\nod
e_modules\react-router\lib\hooks.tsx:658:26)
          at children (C:\Users\samhe\OneDrive\Desktop\Cleaned\frontend\node_mo
dules\react-router\lib\components.tsx:512:3)
          at basenameProp (C:\Users\samhe\OneDrive\Desktop\Cleaned\frontend\nod
e_modules\react-router\lib\components.tsx:421:13)
          at basename (C:\Users\samhe\OneDrive\Desktop\Cleaned\frontend\node_mo
dules\react-router\lib\components.tsx:225:3)

      60 |         }
      61 |
    > 62 |         setLoading(true)
         |         ^
      63 |
      64 |         try {
      65 |             const response = await apiPost<{ token: string; user: 
Record<string, unknown> }>(

      at printWarning 
(node_modules/react-dom/cjs/react-dom.development.js:86:30)
      at error (node_modules/react-dom/cjs/react-dom.development.js:60:7)
      at warnIfUpdatesNotWrappedWithActDEV 
(node_modules/react-dom/cjs/react-dom.development.js:27628:9)
      at scheduleUpdateOnFiber 
(node_modules/react-dom/cjs/react-dom.development.js:25547:5)
      at dispatchSetState 
(node_modules/react-dom/cjs/react-dom.development.js:16708:7)
      at handleSubmit (src/auth/LoginForm/LoginForm.tsx:62:9)
      at HTMLUnknownElement.callCallback 
(node_modules/react-dom/cjs/react-dom.development.js:4164:14)
      at HTMLUnknownElement.callTheUserObjectsOperation 
(node_modules/jsdom/lib/jsdom/living/generated/EventListener.js:26:30)
      at innerInvokeEventListeners 
(node_modules/jsdom/lib/jsdom/living/events/EventTarget-impl.js:350:25)
      at invokeEventListeners 
(node_modules/jsdom/lib/jsdom/living/events/EventTarget-impl.js:286:3)
      at HTMLUnknownElementImpl._dispatch 
(node_modules/jsdom/lib/jsdom/living/events/EventTarget-impl.js:233:9)
      at HTMLUnknownElementImpl.dispatchEvent 
(node_modules/jsdom/lib/jsdom/living/events/EventTarget-impl.js:104:17)
      at HTMLUnknownElement.dispatchEvent 
(node_modules/jsdom/lib/jsdom/living/generated/EventTarget.js:241:34)
      at Object.invokeGuardedCallbackDev 
(node_modules/react-dom/cjs/react-dom.development.js:4213:16)
      at invokeGuardedCallback 
(node_modules/react-dom/cjs/react-dom.development.js:4277:31)
      at invokeGuardedCallbackAndCatchFirstError 
(node_modules/react-dom/cjs/react-dom.development.js:4291:25)
      at executeDispatch 
(node_modules/react-dom/cjs/react-dom.development.js:9041:3)
      at processDispatchQueueItemsInOrder 
(node_modules/react-dom/cjs/react-dom.development.js:9073:7)
      at processDispatchQueue 
(node_modules/react-dom/cjs/react-dom.development.js:9086:5)
      at dispatchEventsForPlugins 
(node_modules/react-dom/cjs/react-dom.development.js:9097:3)
      at node_modules/react-dom/cjs/react-dom.development.js:9288:12
      at batchedUpdates$1 
(node_modules/react-dom/cjs/react-dom.development.js:26179:12)
      at batchedUpdates 
(node_modules/react-dom/cjs/react-dom.development.js:3991:12)
      at dispatchEventForPluginEventSystem 
(node_modules/react-dom/cjs/react-dom.development.js:9287:3)
      at dispatchEventWithEnableCapturePhaseSelectiveHydrationWithoutDiscreteEv
entReplay (node_modules/react-dom/cjs/react-dom.development.js:6465:5)
      at dispatchEvent 
(node_modules/react-dom/cjs/react-dom.development.js:6457:5)
      at dispatchDiscreteEvent 
(node_modules/react-dom/cjs/react-dom.development.js:6430:5)
      at HTMLDivElement.callTheUserObjectsOperation 
(node_modules/jsdom/lib/jsdom/living/generated/EventListener.js:26:30)
      at innerInvokeEventListeners 
(node_modules/jsdom/lib/jsdom/living/events/EventTarget-impl.js:350:25)
      at invokeEventListeners 
(node_modules/jsdom/lib/jsdom/living/events/EventTarget-impl.js:286:3)
      at HTMLFormElementImpl._dispatch 
(node_modules/jsdom/lib/jsdom/living/events/EventTarget-impl.js:233:9)
      at fireAnEvent 
(node_modules/jsdom/lib/jsdom/living/helpers/events.js:18:36)
      at HTMLFormElementImpl.requestSubmit 
(node_modules/jsdom/lib/jsdom/living/nodes/HTMLFormElement-impl.js:109:10)
      at HTMLFormElementImpl._doRequestSubmit 
(node_modules/jsdom/lib/jsdom/living/nodes/HTMLFormElement-impl.js:79:10)
      at HTMLButtonElementImpl._activationBehavior 
(node_modules/jsdom/lib/jsdom/living/nodes/HTMLButtonElement-impl.js:23:14)
      at HTMLButtonElementImpl._dispatch 
(node_modules/jsdom/lib/jsdom/living/events/EventTarget-impl.js:252:26)
      at HTMLButtonElementImpl.dispatchEvent 
(node_modules/jsdom/lib/jsdom/living/events/EventTarget-impl.js:104:17)
      at HTMLButtonElement.dispatchEvent 
(node_modules/jsdom/lib/jsdom/living/generated/EventTarget.js:241:34)
      at 
node_modules/@testing-library/user-event/dist/cjs/event/dispatchEvent.js:45:43
      at Object.eventWrapper 
(node_modules/@testing-library/dom/dist/config.js:25:23)
      at Object.wrapEvent 
(node_modules/@testing-library/user-event/dist/cjs/event/wrapEvent.js:6:28)
      at Object.dispatchEvent (node_modules/@testing-library/user-event/dist/cj
s/event/dispatchEvent.js:45:22)
      at Object.dispatchUIEvent (node_modules/@testing-library/user-event/dist/
cjs/event/dispatchEvent.js:22:26)
      at Mouse.up (node_modules/@testing-library/user-event/dist/cjs/system/poi
nter/mouse.js:100:30)
      at PointerHost.release (node_modules/@testing-library/user-event/dist/cjs
/system/pointer/index.js:87:24)
      at pointerAction 
(node_modules/@testing-library/user-event/dist/cjs/pointer/index.js:54:47)
      at Object.pointer 
(node_modules/@testing-library/user-event/dist/cjs/pointer/index.js:27:9)
      at Object.<anonymous> (src/auth/auth.test.tsx:151:9)

    console.error
      Warning: An update to MemoryRouter inside a test was not wrapped in 
act(...).
      
      When testing, code that causes React state updates should be wrapped 
into act(...):
      
      act(() => {
        /* fire events that update state */
      });
      /* assert on the output */
      
      This ensures that you're testing the behavior the user would see in the 
browser. Learn more at https://reactjs.org/link/wrap-tests-with-act
          at basename (C:\Users\samhe\OneDrive\Desktop\Cleaned\frontend\node_mo
dules\react-router\lib\components.tsx:225:3)

      75 |                 } as 
import('@/shared/lib/auth-session/auth-session').SessionUser,
      76 |             })
    > 77 |             navigate('/app-home')
         |             ^
      78 |         } catch (err: unknown) {
      79 |             const anyErr = err as Record<string, unknown>
      80 |             const response = anyErr?.response as Record<string, 
unknown> | undefined

      at printWarning 
(node_modules/react-dom/cjs/react-dom.development.js:86:30)
      at error (node_modules/react-dom/cjs/react-dom.development.js:60:7)
      at warnIfUpdatesNotWrappedWithActDEV 
(node_modules/react-dom/cjs/react-dom.development.js:27628:9)
      at scheduleUpdateOnFiber 
(node_modules/react-dom/cjs/react-dom.development.js:25547:5)
      at dispatchSetState 
(node_modules/react-dom/cjs/react-dom.development.js:16708:7)
      at setStateImpl (node_modules/react-router/lib/components.tsx:250:11)
      at listener (node_modules/@remix-run/router/history.ts:306:9)
      at node_modules/react-router/lib/hooks.tsx:243:62
      at handleSubmit (src/auth/LoginForm/LoginForm.tsx:77:13)

    console.error
      Warning: An update to LoginForm inside a test was not wrapped in 
act(...).
      
      When testing, code that causes React state updates should be wrapped 
into act(...):
      
      act(() => {
        /* fire events that update state */
      });
      /* assert on the output */
      
      This ensures that you're testing the behavior the user would see in the 
browser. Learn more at https://reactjs.org/link/wrap-tests-with-act
          at LoginForm (C:\Users\samhe\OneDrive\Desktop\Cleaned\frontend\src\au
th\LoginForm\LoginForm.tsx:41:33)
          at div
          at div
          at LoginPage
          at routeContext (C:\Users\samhe\OneDrive\Desktop\Cleaned\frontend\nod
e_modules\react-router\lib\hooks.tsx:658:26)
          at children (C:\Users\samhe\OneDrive\Desktop\Cleaned\frontend\node_mo
dules\react-router\lib\components.tsx:512:3)
          at basenameProp (C:\Users\samhe\OneDrive\Desktop\Cleaned\frontend\nod
e_modules\react-router\lib\components.tsx:421:13)
          at basename (C:\Users\samhe\OneDrive\Desktop\Cleaned\frontend\node_mo
dules\react-router\lib\components.tsx:225:3)

       95 |             }
       96 |         } finally {
    >  97 |             setLoading(false)
          |             ^
       98 |         }
       99 |     }
      100 |

      at printWarning 
(node_modules/react-dom/cjs/react-dom.development.js:86:30)
      at error (node_modules/react-dom/cjs/react-dom.development.js:60:7)
      at warnIfUpdatesNotWrappedWithActDEV 
(node_modules/react-dom/cjs/react-dom.development.js:27628:9)
      at scheduleUpdateOnFiber 
(node_modules/react-dom/cjs/react-dom.development.js:25547:5)
      at dispatchSetState 
(node_modules/react-dom/cjs/react-dom.development.js:16708:7)
      at handleSubmit (src/auth/LoginForm/LoginForm.tsx:97:13)

    console.error
      Warning: An update to LoginForm inside a test was not wrapped in 
act(...).
      
      When testing, code that causes React state updates should be wrapped 
into act(...):
      
      act(() => {
        /* fire events that update state */
      });
      /* assert on the output */
      
      This ensures that you're testing the behavior the user would see in the 
browser. Learn more at https://reactjs.org/link/wrap-tests-with-act
          at LoginForm (C:\Users\samhe\OneDrive\Desktop\Cleaned\frontend\src\au
th\LoginForm\LoginForm.tsx:41:33)
          at div
          at div
          at LoginPage
          at routeContext (C:\Users\samhe\OneDrive\Desktop\Cleaned\frontend\nod
e_modules\react-router\lib\hooks.tsx:658:26)
          at children (C:\Users\samhe\OneDrive\Desktop\Cleaned\frontend\node_mo
dules\react-router\lib\components.tsx:512:3)
          at basenameProp (C:\Users\samhe\OneDrive\Desktop\Cleaned\frontend\nod
e_modules\react-router\lib\components.tsx:421:13)
          at basename (C:\Users\samhe\OneDrive\Desktop\Cleaned\frontend\node_mo
dules\react-router\lib\components.tsx:225:3)

      123 |                     placeholder="email@company.com"
      124 |                     value={email}
    > 125 |                     onChange={(e) => setEmail(e.target.value)}
          |                                      ^
      126 |                     className="w-full rounded-md border 
border-gray-300 px-3 py-2 text-sm focus:outline-none focus:ring-2 
focus:ring-gray-900 disabled:opacity-50"
      127 |                 />
      128 |             </div>

      at printWarning 
(node_modules/react-dom/cjs/react-dom.development.js:86:30)
      at error (node_modules/react-dom/cjs/react-dom.development.js:60:7)
      at warnIfUpdatesNotWrappedWithActDEV 
(node_modules/react-dom/cjs/react-dom.development.js:27628:9)
      at scheduleUpdateOnFiber 
(node_modules/react-dom/cjs/react-dom.development.js:25547:5)
      at dispatchSetState 
(node_modules/react-dom/cjs/react-dom.development.js:16708:7)
      at onChange (src/auth/LoginForm/LoginForm.tsx:125:38)
      at HTMLUnknownElement.callCallback 
(node_modules/react-dom/cjs/react-dom.development.js:4164:14)
      at HTMLUnknownElement.callTheUserObjectsOperation 
(node_modules/jsdom/lib/jsdom/living/generated/EventListener.js:26:30)
      at innerInvokeEventListeners 
(node_modules/jsdom/lib/jsdom/living/events/EventTarget-impl.js:350:25)
      at invokeEventListeners 
(node_modules/jsdom/lib/jsdom/living/events/EventTarget-impl.js:286:3)
      at HTMLUnknownElementImpl._dispatch 
(node_modules/jsdom/lib/jsdom/living/events/EventTarget-impl.js:233:9)
      at HTMLUnknownElementImpl.dispatchEvent 
(node_modules/jsdom/lib/jsdom/living/events/EventTarget-impl.js:104:17)
      at HTMLUnknownElement.dispatchEvent 
(node_modules/jsdom/lib/jsdom/living/generated/EventTarget.js:241:34)
      at Object.invokeGuardedCallbackDev 
(node_modules/react-dom/cjs/react-dom.development.js:4213:16)
      at invokeGuardedCallback 
(node_modules/react-dom/cjs/react-dom.development.js:4277:31)
      at invokeGuardedCallbackAndCatchFirstError 
(node_modules/react-dom/cjs/react-dom.development.js:4291:25)
      at executeDispatch 
(node_modules/react-dom/cjs/react-dom.development.js:9041:3)
      at processDispatchQueueItemsInOrder 
(node_modules/react-dom/cjs/react-dom.development.js:9073:7)
      at processDispatchQueue 
(node_modules/react-dom/cjs/react-dom.development.js:9086:5)
      at dispatchEventsForPlugins 
(node_modules/react-dom/cjs/react-dom.development.js:9097:3)
      at node_modules/react-dom/cjs/react-dom.development.js:9288:12
      at batchedUpdates$1 
(node_modules/react-dom/cjs/react-dom.development.js:26179:12)
      at batchedUpdates 
(node_modules/react-dom/cjs/react-dom.development.js:3991:12)
      at dispatchEventForPluginEventSystem 
(node_modules/react-dom/cjs/react-dom.development.js:9287:3)
      at dispatchEventWithEnableCapturePhaseSelectiveHydrationWithoutDiscreteEv
entReplay (node_modules/react-dom/cjs/react-dom.development.js:6465:5)
      at dispatchEvent 
(node_modules/react-dom/cjs/react-dom.development.js:6457:5)
      at dispatchDiscreteEvent 
(node_modules/react-dom/cjs/react-dom.development.js:6430:5)
      at HTMLDivElement.callTheUserObjectsOperation 
(node_modules/jsdom/lib/jsdom/living/generated/EventListener.js:26:30)
      at innerInvokeEventListeners 
(node_modules/jsdom/lib/jsdom/living/events/EventTarget-impl.js:350:25)
      at invokeEventListeners 
(node_modules/jsdom/lib/jsdom/living/events/EventTarget-impl.js:286:3)
      at HTMLInputElementImpl._dispatch 
(node_modules/jsdom/lib/jsdom/living/events/EventTarget-impl.js:233:9)
      at HTMLInputElementImpl.dispatchEvent 
(node_modules/jsdom/lib/jsdom/living/events/EventTarget-impl.js:104:17)
      at HTMLInputElement.dispatchEvent 
(node_modules/jsdom/lib/jsdom/living/generated/EventTarget.js:241:34)
      at 
node_modules/@testing-library/user-event/dist/cjs/event/dispatchEvent.js:45:43
      at Object.eventWrapper 
(node_modules/@testing-library/dom/dist/config.js:25:23)
      at Object.wrapEvent 
(node_modules/@testing-library/user-event/dist/cjs/event/wrapEvent.js:6:28)
      at Object.dispatchEvent (node_modules/@testing-library/user-event/dist/cj
s/event/dispatchEvent.js:45:22)
      at Object.dispatchUIEvent (node_modules/@testing-library/user-event/dist/
cjs/event/dispatchEvent.js:22:26)
      at commitInput 
(node_modules/@testing-library/user-event/dist/cjs/event/input.js:145:14)
      at editInputElement 
(node_modules/@testing-library/user-event/dist/cjs/event/input.js:115:9)
      at Object.input 
(node_modules/@testing-library/user-event/dist/cjs/event/input.js:37:9)
      at node_modules/@testing-library/user-event/dist/cjs/event/behavior/keypr
ess.js:31:26
      at Object.dispatchEvent (node_modules/@testing-library/user-event/dist/cj
s/event/dispatchEvent.js:41:13)
      at Object.dispatchUIEvent (node_modules/@testing-library/user-event/dist/
cjs/event/dispatchEvent.js:22:26)
      at KeyboardHost.keydown 
(node_modules/@testing-library/user-event/dist/cjs/system/keyboard.js:76:22)
      at keyboardAction 
(node_modules/@testing-library/user-event/dist/cjs/keyboard/index.js:22:35)
      at Object.keyboard 
(node_modules/@testing-library/user-event/dist/cjs/keyboard/index.js:11:15)
      at Object.type 
(node_modules/@testing-library/user-event/dist/cjs/utility/type.js:17:5)
      at Object.<anonymous> (src/auth/auth.test.tsx:167:9)

    console.error
      Warning: An update to LoginForm inside a test was not wrapped in 
act(...).
      
      When testing, code that causes React state updates should be wrapped 
into act(...):
      
      act(() => {
        /* fire events that update state */
      });
      /* assert on the output */
      
      This ensures that you're testing the behavior the user would see in the 
browser. Learn more at https://reactjs.org/link/wrap-tests-with-act
          at LoginForm (C:\Users\samhe\OneDrive\Desktop\Cleaned\frontend\src\au
th\LoginForm\LoginForm.tsx:41:33)
          at div
          at div
          at LoginPage
          at routeContext (C:\Users\samhe\OneDrive\Desktop\Cleaned\frontend\nod
e_modules\react-router\lib\hooks.tsx:658:26)
          at children (C:\Users\samhe\OneDrive\Desktop\Cleaned\frontend\node_mo
dules\react-router\lib\components.tsx:512:3)
          at basenameProp (C:\Users\samhe\OneDrive\Desktop\Cleaned\frontend\nod
e_modules\react-router\lib\components.tsx:421:13)
          at basename (C:\Users\samhe\OneDrive\Desktop\Cleaned\frontend\node_mo
dules\react-router\lib\components.tsx:225:3)

      123 |                     placeholder="email@company.com"
      124 |                     value={email}
    > 125 |                     onChange={(e) => setEmail(e.target.value)}
          |                                      ^
      126 |                     className="w-full rounded-md border 
border-gray-300 px-3 py-2 text-sm focus:outline-none focus:ring-2 
focus:ring-gray-900 disabled:opacity-50"
      127 |                 />
      128 |             </div>

      at printWarning 
(node_modules/react-dom/cjs/react-dom.development.js:86:30)
      at error (node_modules/react-dom/cjs/react-dom.development.js:60:7)
      at warnIfUpdatesNotWrappedWithActDEV 
(node_modules/react-dom/cjs/react-dom.development.js:27628:9)
      at scheduleUpdateOnFiber 
(node_modules/react-dom/cjs/react-dom.development.js:25547:5)
      at dispatchSetState 
(node_modules/react-dom/cjs/react-dom.development.js:16708:7)
      at onChange (src/auth/LoginForm/LoginForm.tsx:125:38)
      at HTMLUnknownElement.callCallback 
(node_modules/react-dom/cjs/react-dom.development.js:4164:14)
      at HTMLUnknownElement.callTheUserObjectsOperation 
(node_modules/jsdom/lib/jsdom/living/generated/EventListener.js:26:30)
      at innerInvokeEventListeners 
(node_modules/jsdom/lib/jsdom/living/events/EventTarget-impl.js:350:25)
      at invokeEventListeners 
(node_modules/jsdom/lib/jsdom/living/events/EventTarget-impl.js:286:3)
      at HTMLUnknownElementImpl._dispatch 
(node_modules/jsdom/lib/jsdom/living/events/EventTarget-impl.js:233:9)
      at HTMLUnknownElementImpl.dispatchEvent 
(node_modules/jsdom/lib/jsdom/living/events/EventTarget-impl.js:104:17)
      at HTMLUnknownElement.dispatchEvent 
(node_modules/jsdom/lib/jsdom/living/generated/EventTarget.js:241:34)
      at Object.invokeGuardedCallbackDev 
(node_modules/react-dom/cjs/react-dom.development.js:4213:16)
      at invokeGuardedCallback 
(node_modules/react-dom/cjs/react-dom.development.js:4277:31)
      at invokeGuardedCallbackAndCatchFirstError 
(node_modules/react-dom/cjs/react-dom.development.js:4291:25)
      at executeDispatch 
(node_modules/react-dom/cjs/react-dom.development.js:9041:3)
      at processDispatchQueueItemsInOrder 
(node_modules/react-dom/cjs/react-dom.development.js:9073:7)
      at processDispatchQueue 
(node_modules/react-dom/cjs/react-dom.development.js:9086:5)
      at dispatchEventsForPlugins 
(node_modules/react-dom/cjs/react-dom.development.js:9097:3)
      at node_modules/react-dom/cjs/react-dom.development.js:9288:12
      at batchedUpdates$1 
(node_modules/react-dom/cjs/react-dom.development.js:26179:12)
      at batchedUpdates 
(node_modules/react-dom/cjs/react-dom.development.js:3991:12)
      at dispatchEventForPluginEventSystem 
(node_modules/react-dom/cjs/react-dom.development.js:9287:3)
      at dispatchEventWithEnableCapturePhaseSelectiveHydrationWithoutDiscreteEv
entReplay (node_modules/react-dom/cjs/react-dom.development.js:6465:5)
      at dispatchEvent 
(node_modules/react-dom/cjs/react-dom.development.js:6457:5)
      at dispatchDiscreteEvent 
(node_modules/react-dom/cjs/react-dom.development.js:6430:5)
      at HTMLDivElement.callTheUserObjectsOperation 
(node_modules/jsdom/lib/jsdom/living/generated/EventListener.js:26:30)
      at innerInvokeEventListeners 
(node_modules/jsdom/lib/jsdom/living/events/EventTarget-impl.js:350:25)
      at invokeEventListeners 
(node_modules/jsdom/lib/jsdom/living/events/EventTarget-impl.js:286:3)
      at HTMLInputElementImpl._dispatch 
(node_modules/jsdom/lib/jsdom/living/events/EventTarget-impl.js:233:9)
      at HTMLInputElementImpl.dispatchEvent 
(node_modules/jsdom/lib/jsdom/living/events/EventTarget-impl.js:104:17)
      at HTMLInputElement.dispatchEvent 
(node_modules/jsdom/lib/jsdom/living/generated/EventTarget.js:241:34)
      at 
node_modules/@testing-library/user-event/dist/cjs/event/dispatchEvent.js:45:43
      at Object.eventWrapper 
(node_modules/@testing-library/dom/dist/config.js:25:23)
      at Object.wrapEvent 
(node_modules/@testing-library/user-event/dist/cjs/event/wrapEvent.js:6:28)
      at Object.dispatchEvent (node_modules/@testing-library/user-event/dist/cj
s/event/dispatchEvent.js:45:22)
      at Object.dispatchUIEvent (node_modules/@testing-library/user-event/dist/
cjs/event/dispatchEvent.js:22:26)
      at commitInput 
(node_modules/@testing-library/user-event/dist/cjs/event/input.js:145:14)
      at editInputElement 
(node_modules/@testing-library/user-event/dist/cjs/event/input.js:115:9)
      at Object.input 
(node_modules/@testing-library/user-event/dist/cjs/event/input.js:37:9)
      at node_modules/@testing-library/user-event/dist/cjs/event/behavior/keypr
ess.js:31:26
      at Object.dispatchEvent (node_modules/@testing-library/user-event/dist/cj
s/event/dispatchEvent.js:41:13)
      at Object.dispatchUIEvent (node_modules/@testing-library/user-event/dist/
cjs/event/dispatchEvent.js:22:26)
      at KeyboardHost.keydown 
(node_modules/@testing-library/user-event/dist/cjs/system/keyboard.js:76:22)
      at keyboardAction 
(node_modules/@testing-library/user-event/dist/cjs/keyboard/index.js:22:35)
      at Object.keyboard 
(node_modules/@testing-library/user-event/dist/cjs/keyboard/index.js:11:15)
      at Object.type 
(node_modules/@testing-library/user-event/dist/cjs/utility/type.js:17:5)
      at Object.<anonymous> (src/auth/auth.test.tsx:167:9)

    console.error
      Warning: An update to LoginForm inside a test was not wrapped in 
act(...).
      
      When testing, code that causes React state updates should be wrapped 
into act(...):
      
      act(() => {
        /* fire events that update state */
      });
      /* assert on the output */
      
      This ensures that you're testing the behavior the user would see in the 
browser. Learn more at https://reactjs.org/link/wrap-tests-with-act
          at LoginForm (C:\Users\samhe\OneDrive\Desktop\Cleaned\frontend\src\au
th\LoginForm\LoginForm.tsx:41:33)
          at div
          at div
          at LoginPage
          at routeContext (C:\Users\samhe\OneDrive\Desktop\Cleaned\frontend\nod
e_modules\react-router\lib\hooks.tsx:658:26)
          at children (C:\Users\samhe\OneDrive\Desktop\Cleaned\frontend\node_mo
dules\react-router\lib\components.tsx:512:3)
          at basenameProp (C:\Users\samhe\OneDrive\Desktop\Cleaned\frontend\nod
e_modules\react-router\lib\components.tsx:421:13)
          at basename (C:\Users\samhe\OneDrive\Desktop\Cleaned\frontend\node_mo
dules\react-router\lib\components.tsx:225:3)

      123 |                     placeholder="email@company.com"
      124 |                     value={email}
    > 125 |                     onChange={(e) => setEmail(e.target.value)}
          |                                      ^
      126 |                     className="w-full rounded-md border 
border-gray-300 px-3 py-2 text-sm focus:outline-none focus:ring-2 
focus:ring-gray-900 disabled:opacity-50"
      127 |                 />
      128 |             </div>

      at printWarning 
(node_modules/react-dom/cjs/react-dom.development.js:86:30)
      at error (node_modules/react-dom/cjs/react-dom.development.js:60:7)
      at warnIfUpdatesNotWrappedWithActDEV 
(node_modules/react-dom/cjs/react-dom.development.js:27628:9)
      at scheduleUpdateOnFiber 
(node_modules/react-dom/cjs/react-dom.development.js:25547:5)
      at dispatchSetState 
(node_modules/react-dom/cjs/react-dom.development.js:16708:7)
      at onChange (src/auth/LoginForm/LoginForm.tsx:125:38)
      at HTMLUnknownElement.callCallback 
(node_modules/react-dom/cjs/react-dom.development.js:4164:14)
      at HTMLUnknownElement.callTheUserObjectsOperation 
(node_modules/jsdom/lib/jsdom/living/generated/EventListener.js:26:30)
      at innerInvokeEventListeners 
(node_modules/jsdom/lib/jsdom/living/events/EventTarget-impl.js:350:25)
      at invokeEventListeners 
(node_modules/jsdom/lib/jsdom/living/events/EventTarget-impl.js:286:3)
      at HTMLUnknownElementImpl._dispatch 
(node_modules/jsdom/lib/jsdom/living/events/EventTarget-impl.js:233:9)
      at HTMLUnknownElementImpl.dispatchEvent 
(node_modules/jsdom/lib/jsdom/living/events/EventTarget-impl.js:104:17)
      at HTMLUnknownElement.dispatchEvent 
(node_modules/jsdom/lib/jsdom/living/generated/EventTarget.js:241:34)
      at Object.invokeGuardedCallbackDev 
(node_modules/react-dom/cjs/react-dom.development.js:4213:16)
      at invokeGuardedCallback 
(node_modules/react-dom/cjs/react-dom.development.js:4277:31)
      at invokeGuardedCallbackAndCatchFirstError 
(node_modules/react-dom/cjs/react-dom.development.js:4291:25)
      at executeDispatch 
(node_modules/react-dom/cjs/react-dom.development.js:9041:3)
      at processDispatchQueueItemsInOrder 
(node_modules/react-dom/cjs/react-dom.development.js:9073:7)
      at processDispatchQueue 
(node_modules/react-dom/cjs/react-dom.development.js:9086:5)
      at dispatchEventsForPlugins 
(node_modules/react-dom/cjs/react-dom.development.js:9097:3)
      at node_modules/react-dom/cjs/react-dom.development.js:9288:12
      at batchedUpdates$1 
(node_modules/react-dom/cjs/react-dom.development.js:26179:12)
      at batchedUpdates 
(node_modules/react-dom/cjs/react-dom.development.js:3991:12)
      at dispatchEventForPluginEventSystem 
(node_modules/react-dom/cjs/react-dom.development.js:9287:3)
      at dispatchEventWithEnableCapturePhaseSelectiveHydrationWithoutDiscreteEv
entReplay (node_modules/react-dom/cjs/react-dom.development.js:6465:5)
      at dispatchEvent 
(node_modules/react-dom/cjs/react-dom.development.js:6457:5)
      at dispatchDiscreteEvent 
(node_modules/react-dom/cjs/react-dom.development.js:6430:5)
      at HTMLDivElement.callTheUserObjectsOperation 
(node_modules/jsdom/lib/jsdom/living/generated/EventListener.js:26:30)
      at innerInvokeEventListeners 
(node_modules/jsdom/lib/jsdom/living/events/EventTarget-impl.js:350:25)
      at invokeEventListeners 
(node_modules/jsdom/lib/jsdom/living/events/EventTarget-impl.js:286:3)
      at HTMLInputElementImpl._dispatch 
(node_modules/jsdom/lib/jsdom/living/events/EventTarget-impl.js:233:9)
      at HTMLInputElementImpl.dispatchEvent 
(node_modules/jsdom/lib/jsdom/living/events/EventTarget-impl.js:104:17)
      at HTMLInputElement.dispatchEvent 
(node_modules/jsdom/lib/jsdom/living/generated/EventTarget.js:241:34)
      at 
node_modules/@testing-library/user-event/dist/cjs/event/dispatchEvent.js:45:43
      at Object.eventWrapper 
(node_modules/@testing-library/dom/dist/config.js:25:23)
      at Object.wrapEvent 
(node_modules/@testing-library/user-event/dist/cjs/event/wrapEvent.js:6:28)
      at Object.dispatchEvent (node_modules/@testing-library/user-event/dist/cj
s/event/dispatchEvent.js:45:22)
      at Object.dispatchUIEvent (node_modules/@testing-library/user-event/dist/
cjs/event/dispatchEvent.js:22:26)
      at commitInput 
(node_modules/@testing-library/user-event/dist/cjs/event/input.js:145:14)
      at editInputElement 
(node_modules/@testing-library/user-event/dist/cjs/event/input.js:115:9)
      at Object.input 
(node_modules/@testing-library/user-event/dist/cjs/event/input.js:37:9)
      at node_modules/@testing-library/user-event/dist/cjs/event/behavior/keypr
ess.js:31:26
      at Object.dispatchEvent (node_modules/@testing-library/user-event/dist/cj
s/event/dispatchEvent.js:41:13)
      at Object.dispatchUIEvent (node_modules/@testing-library/user-event/dist/
cjs/event/dispatchEvent.js:22:26)
      at KeyboardHost.keydown 
(node_modules/@testing-library/user-event/dist/cjs/system/keyboard.js:76:22)
      at keyboardAction 
(node_modules/@testing-library/user-event/dist/cjs/keyboard/index.js:22:35)
      at Object.keyboard 
(node_modules/@testing-library/user-event/dist/cjs/keyboard/index.js:11:15)
      at Object.type 
(node_modules/@testing-library/user-event/dist/cjs/utility/type.js:17:5)
      at Object.<anonymous> (src/auth/auth.test.tsx:167:9)

    console.error
      Warning: An update to LoginForm inside a test was not wrapped in 
act(...).
      
      When testing, code that causes React state updates should be wrapped 
into act(...):
      
      act(() => {
        /* fire events that update state */
      });
      /* assert on the output */
      
      This ensures that you're testing the behavior the user would see in the 
browser. Learn more at https://reactjs.org/link/wrap-tests-with-act
          at LoginForm (C:\Users\samhe\OneDrive\Desktop\Cleaned\frontend\src\au
th\LoginForm\LoginForm.tsx:41:33)
          at div
          at div
          at LoginPage
          at routeContext (C:\Users\samhe\OneDrive\Desktop\Cleaned\frontend\nod
e_modules\react-router\lib\hooks.tsx:658:26)
          at children (C:\Users\samhe\OneDrive\Desktop\Cleaned\frontend\node_mo
dules\react-router\lib\components.tsx:512:3)
          at basenameProp (C:\Users\samhe\OneDrive\Desktop\Cleaned\frontend\nod
e_modules\react-router\lib\components.tsx:421:13)
          at basename (C:\Users\samhe\OneDrive\Desktop\Cleaned\frontend\node_mo
dules\react-router\lib\components.tsx:225:3)

      123 |                     placeholder="email@company.com"
      124 |                     value={email}
    > 125 |                     onChange={(e) => setEmail(e.target.value)}
          |                                      ^
      126 |                     className="w-full rounded-md border 
border-gray-300 px-3 py-2 text-sm focus:outline-none focus:ring-2 
focus:ring-gray-900 disabled:opacity-50"
      127 |                 />
      128 |             </div>

      at printWarning 
(node_modules/react-dom/cjs/react-dom.development.js:86:30)
      at error (node_modules/react-dom/cjs/react-dom.development.js:60:7)
      at warnIfUpdatesNotWrappedWithActDEV 
(node_modules/react-dom/cjs/react-dom.development.js:27628:9)
      at scheduleUpdateOnFiber 
(node_modules/react-dom/cjs/react-dom.development.js:25547:5)
      at dispatchSetState 
(node_modules/react-dom/cjs/react-dom.development.js:16708:7)
      at onChange (src/auth/LoginForm/LoginForm.tsx:125:38)
      at HTMLUnknownElement.callCallback 
(node_modules/react-dom/cjs/react-dom.development.js:4164:14)
      at HTMLUnknownElement.callTheUserObjectsOperation 
(node_modules/jsdom/lib/jsdom/living/generated/EventListener.js:26:30)
      at innerInvokeEventListeners 
(node_modules/jsdom/lib/jsdom/living/events/EventTarget-impl.js:350:25)
      at invokeEventListeners 
(node_modules/jsdom/lib/jsdom/living/events/EventTarget-impl.js:286:3)
      at HTMLUnknownElementImpl._dispatch 
(node_modules/jsdom/lib/jsdom/living/events/EventTarget-impl.js:233:9)
      at HTMLUnknownElementImpl.dispatchEvent 
(node_modules/jsdom/lib/jsdom/living/events/EventTarget-impl.js:104:17)
      at HTMLUnknownElement.dispatchEvent 
(node_modules/jsdom/lib/jsdom/living/generated/EventTarget.js:241:34)
      at Object.invokeGuardedCallbackDev 
(node_modules/react-dom/cjs/react-dom.development.js:4213:16)
      at invokeGuardedCallback 
(node_modules/react-dom/cjs/react-dom.development.js:4277:31)
      at invokeGuardedCallbackAndCatchFirstError 
(node_modules/react-dom/cjs/react-dom.development.js:4291:25)
      at executeDispatch 
(node_modules/react-dom/cjs/react-dom.development.js:9041:3)
      at processDispatchQueueItemsInOrder 
(node_modules/react-dom/cjs/react-dom.development.js:9073:7)
      at processDispatchQueue 
(node_modules/react-dom/cjs/react-dom.development.js:9086:5)
      at dispatchEventsForPlugins 
(node_modules/react-dom/cjs/react-dom.development.js:9097:3)
      at node_modules/react-dom/cjs/react-dom.development.js:9288:12
      at batchedUpdates$1 
(node_modules/react-dom/cjs/react-dom.development.js:26179:12)
      at batchedUpdates 
(node_modules/react-dom/cjs/react-dom.development.js:3991:12)
      at dispatchEventForPluginEventSystem 
(node_modules/react-dom/cjs/react-dom.development.js:9287:3)
      at dispatchEventWithEnableCapturePhaseSelectiveHydrationWithoutDiscreteEv
entReplay (node_modules/react-dom/cjs/react-dom.development.js:6465:5)
      at dispatchEvent 
(node_modules/react-dom/cjs/react-dom.development.js:6457:5)
      at dispatchDiscreteEvent 
(node_modules/react-dom/cjs/react-dom.development.js:6430:5)
      at HTMLDivElement.callTheUserObjectsOperation 
(node_modules/jsdom/lib/jsdom/living/generated/EventListener.js:26:30)
      at innerInvokeEventListeners 
(node_modules/jsdom/lib/jsdom/living/events/EventTarget-impl.js:350:25)
      at invokeEventListeners 
(node_modules/jsdom/lib/jsdom/living/events/EventTarget-impl.js:286:3)
      at HTMLInputElementImpl._dispatch 
(node_modules/jsdom/lib/jsdom/living/events/EventTarget-impl.js:233:9)
      at HTMLInputElementImpl.dispatchEvent 
(node_modules/jsdom/lib/jsdom/living/events/EventTarget-impl.js:104:17)
      at HTMLInputElement.dispatchEvent 
(node_modules/jsdom/lib/jsdom/living/generated/EventTarget.js:241:34)
      at 
node_modules/@testing-library/user-event/dist/cjs/event/dispatchEvent.js:45:43
      at Object.eventWrapper 
(node_modules/@testing-library/dom/dist/config.js:25:23)
      at Object.wrapEvent 
(node_modules/@testing-library/user-event/dist/cjs/event/wrapEvent.js:6:28)
      at Object.dispatchEvent (node_modules/@testing-library/user-event/dist/cj
s/event/dispatchEvent.js:45:22)
      at Object.dispatchUIEvent (node_modules/@testing-library/user-event/dist/
cjs/event/dispatchEvent.js:22:26)
      at commitInput 
(node_modules/@testing-library/user-event/dist/cjs/event/input.js:145:14)
      at editInputElement 
(node_modules/@testing-library/user-event/dist/cjs/event/input.js:115:9)
      at Object.input 
(node_modules/@testing-library/user-event/dist/cjs/event/input.js:37:9)
      at node_modules/@testing-library/user-event/dist/cjs/event/behavior/keypr
ess.js:31:26
      at Object.dispatchEvent (node_modules/@testing-library/user-event/dist/cj
s/event/dispatchEvent.js:41:13)
      at Object.dispatchUIEvent (node_modules/@testing-library/user-event/dist/
cjs/event/dispatchEvent.js:22:26)
      at KeyboardHost.keydown 
(node_modules/@testing-library/user-event/dist/cjs/system/keyboard.js:76:22)
      at keyboardAction 
(node_modules/@testing-library/user-event/dist/cjs/keyboard/index.js:22:35)
      at Object.keyboard 
(node_modules/@testing-library/user-event/dist/cjs/keyboard/index.js:11:15)
      at Object.type 
(node_modules/@testing-library/user-event/dist/cjs/utility/type.js:17:5)
      at Object.<anonymous> (src/auth/auth.test.tsx:167:9)

    console.error
      Warning: An update to LoginForm inside a test was not wrapped in 
act(...).
      
      When testing, code that causes React state updates should be wrapped 
into act(...):
      
      act(() => {
        /* fire events that update state */
      });
      /* assert on the output */
      
      This ensures that you're testing the behavior the user would see in the 
browser. Learn more at https://reactjs.org/link/wrap-tests-with-act
          at LoginForm (C:\Users\samhe\OneDrive\Desktop\Cleaned\frontend\src\au
th\LoginForm\LoginForm.tsx:41:33)
          at div
          at div
          at LoginPage
          at routeContext (C:\Users\samhe\OneDrive\Desktop\Cleaned\frontend\nod
e_modules\react-router\lib\hooks.tsx:658:26)
          at children (C:\Users\samhe\OneDrive\Desktop\Cleaned\frontend\node_mo
dules\react-router\lib\components.tsx:512:3)
          at basenameProp (C:\Users\samhe\OneDrive\Desktop\Cleaned\frontend\nod
e_modules\react-router\lib\components.tsx:421:13)
          at basename (C:\Users\samhe\OneDrive\Desktop\Cleaned\frontend\node_mo
dules\react-router\lib\components.tsx:225:3)

      123 |                     placeholder="email@company.com"
      124 |                     value={email}
    > 125 |                     onChange={(e) => setEmail(e.target.value)}
          |                                      ^
      126 |                     className="w-full rounded-md border 
border-gray-300 px-3 py-2 text-sm focus:outline-none focus:ring-2 
focus:ring-gray-900 disabled:opacity-50"
      127 |                 />
      128 |             </div>

      at printWarning 
(node_modules/react-dom/cjs/react-dom.development.js:86:30)
      at error (node_modules/react-dom/cjs/react-dom.development.js:60:7)
      at warnIfUpdatesNotWrappedWithActDEV 
(node_modules/react-dom/cjs/react-dom.development.js:27628:9)
      at scheduleUpdateOnFiber 
(node_modules/react-dom/cjs/react-dom.development.js:25547:5)
      at dispatchSetState 
(node_modules/react-dom/cjs/react-dom.development.js:16708:7)
      at onChange (src/auth/LoginForm/LoginForm.tsx:125:38)
      at HTMLUnknownElement.callCallback 
(node_modules/react-dom/cjs/react-dom.development.js:4164:14)
      at HTMLUnknownElement.callTheUserObjectsOperation 
(node_modules/jsdom/lib/jsdom/living/generated/EventListener.js:26:30)
      at innerInvokeEventListeners 
(node_modules/jsdom/lib/jsdom/living/events/EventTarget-impl.js:350:25)
      at invokeEventListeners 
(node_modules/jsdom/lib/jsdom/living/events/EventTarget-impl.js:286:3)
      at HTMLUnknownElementImpl._dispatch 
(node_modules/jsdom/lib/jsdom/living/events/EventTarget-impl.js:233:9)
      at HTMLUnknownElementImpl.dispatchEvent 
(node_modules/jsdom/lib/jsdom/living/events/EventTarget-impl.js:104:17)
      at HTMLUnknownElement.dispatchEvent 
(node_modules/jsdom/lib/jsdom/living/generated/EventTarget.js:241:34)
      at Object.invokeGuardedCallbackDev 
(node_modules/react-dom/cjs/react-dom.development.js:4213:16)
      at invokeGuardedCallback 
(node_modules/react-dom/cjs/react-dom.development.js:4277:31)
      at invokeGuardedCallbackAndCatchFirstError 
(node_modules/react-dom/cjs/react-dom.development.js:4291:25)
      at executeDispatch 
(node_modules/react-dom/cjs/react-dom.development.js:9041:3)
      at processDispatchQueueItemsInOrder 
(node_modules/react-dom/cjs/react-dom.development.js:9073:7)
      at processDispatchQueue 
(node_modules/react-dom/cjs/react-dom.development.js:9086:5)
      at dispatchEventsForPlugins 
(node_modules/react-dom/cjs/react-dom.development.js:9097:3)
      at node_modules/react-dom/cjs/react-dom.development.js:9288:12
      at batchedUpdates$1 
(node_modules/react-dom/cjs/react-dom.development.js:26179:12)
      at batchedUpdates 
(node_modules/react-dom/cjs/react-dom.development.js:3991:12)
      at dispatchEventForPluginEventSystem 
(node_modules/react-dom/cjs/react-dom.development.js:9287:3)
      at dispatchEventWithEnableCapturePhaseSelectiveHydrationWithoutDiscreteEv
entReplay (node_modules/react-dom/cjs/react-dom.development.js:6465:5)
      at dispatchEvent 
(node_modules/react-dom/cjs/react-dom.development.js:6457:5)
      at dispatchDiscreteEvent 
(node_modules/react-dom/cjs/react-dom.development.js:6430:5)
      at HTMLDivElement.callTheUserObjectsOperation 
(node_modules/jsdom/lib/jsdom/living/generated/EventListener.js:26:30)
      at innerInvokeEventListeners 
(node_modules/jsdom/lib/jsdom/living/events/EventTarget-impl.js:350:25)
      at invokeEventListeners 
(node_modules/jsdom/lib/jsdom/living/events/EventTarget-impl.js:286:3)
      at HTMLInputElementImpl._dispatch 
(node_modules/jsdom/lib/jsdom/living/events/EventTarget-impl.js:233:9)
      at HTMLInputElementImpl.dispatchEvent 
(node_modules/jsdom/lib/jsdom/living/events/EventTarget-impl.js:104:17)
      at HTMLInputElement.dispatchEvent 
(node_modules/jsdom/lib/jsdom/living/generated/EventTarget.js:241:34)
      at 
node_modules/@testing-library/user-event/dist/cjs/event/dispatchEvent.js:45:43
      at Object.eventWrapper 
(node_modules/@testing-library/dom/dist/config.js:25:23)
      at Object.wrapEvent 
(node_modules/@testing-library/user-event/dist/cjs/event/wrapEvent.js:6:28)
      at Object.dispatchEvent (node_modules/@testing-library/user-event/dist/cj
s/event/dispatchEvent.js:45:22)
      at Object.dispatchUIEvent (node_modules/@testing-library/user-event/dist/
cjs/event/dispatchEvent.js:22:26)
      at commitInput 
(node_modules/@testing-library/user-event/dist/cjs/event/input.js:145:14)
      at editInputElement 
(node_modules/@testing-library/user-event/dist/cjs/event/input.js:115:9)
      at Object.input 
(node_modules/@testing-library/user-event/dist/cjs/event/input.js:37:9)
      at node_modules/@testing-library/user-event/dist/cjs/event/behavior/keypr
ess.js:31:26
      at Object.dispatchEvent (node_modules/@testing-library/user-event/dist/cj
s/event/dispatchEvent.js:41:13)
      at Object.dispatchUIEvent (node_modules/@testing-library/user-event/dist/
cjs/event/dispatchEvent.js:22:26)
      at KeyboardHost.keydown 
(node_modules/@testing-library/user-event/dist/cjs/system/keyboard.js:76:22)
      at keyboardAction 
(node_modules/@testing-library/user-event/dist/cjs/keyboard/index.js:22:35)
      at Object.keyboard 
(node_modules/@testing-library/user-event/dist/cjs/keyboard/index.js:11:15)
      at Object.type 
(node_modules/@testing-library/user-event/dist/cjs/utility/type.js:17:5)
      at Object.<anonymous> (src/auth/auth.test.tsx:167:9)

    console.error
      Warning: An update to LoginForm inside a test was not wrapped in 
act(...).
      
      When testing, code that causes React state updates should be wrapped 
into act(...):
      
      act(() => {
        /* fire events that update state */
      });
      /* assert on the output */
      
      This ensures that you're testing the behavior the user would see in the 
browser. Learn more at https://reactjs.org/link/wrap-tests-with-act
          at LoginForm (C:\Users\samhe\OneDrive\Desktop\Cleaned\frontend\src\au
th\LoginForm\LoginForm.tsx:41:33)
          at div
          at div
          at LoginPage
          at routeContext (C:\Users\samhe\OneDrive\Desktop\Cleaned\frontend\nod
e_modules\react-router\lib\hooks.tsx:658:26)
          at children (C:\Users\samhe\OneDrive\Desktop\Cleaned\frontend\node_mo
dules\react-router\lib\components.tsx:512:3)
          at basenameProp (C:\Users\samhe\OneDrive\Desktop\Cleaned\frontend\nod
e_modules\react-router\lib\components.tsx:421:13)
          at basename (C:\Users\samhe\OneDrive\Desktop\Cleaned\frontend\node_mo
dules\react-router\lib\components.tsx:225:3)

      123 |                     placeholder="email@company.com"
      124 |                     value={email}
    > 125 |                     onChange={(e) => setEmail(e.target.value)}
          |                                      ^
      126 |                     className="w-full rounded-md border 
border-gray-300 px-3 py-2 text-sm focus:outline-none focus:ring-2 
focus:ring-gray-900 disabled:opacity-50"
      127 |                 />
      128 |             </div>

      at printWarning 
(node_modules/react-dom/cjs/react-dom.development.js:86:30)
      at error (node_modules/react-dom/cjs/react-dom.development.js:60:7)
      at warnIfUpdatesNotWrappedWithActDEV 
(node_modules/react-dom/cjs/react-dom.development.js:27628:9)
      at scheduleUpdateOnFiber 
(node_modules/react-dom/cjs/react-dom.development.js:25547:5)
      at dispatchSetState 
(node_modules/react-dom/cjs/react-dom.development.js:16708:7)
      at onChange (src/auth/LoginForm/LoginForm.tsx:125:38)
      at HTMLUnknownElement.callCallback 
(node_modules/react-dom/cjs/react-dom.development.js:4164:14)
      at HTMLUnknownElement.callTheUserObjectsOperation 
(node_modules/jsdom/lib/jsdom/living/generated/EventListener.js:26:30)
      at innerInvokeEventListeners 
(node_modules/jsdom/lib/jsdom/living/events/EventTarget-impl.js:350:25)
      at invokeEventListeners 
(node_modules/jsdom/lib/jsdom/living/events/EventTarget-impl.js:286:3)
      at HTMLUnknownElementImpl._dispatch 
(node_modules/jsdom/lib/jsdom/living/events/EventTarget-impl.js:233:9)
      at HTMLUnknownElementImpl.dispatchEvent 
(node_modules/jsdom/lib/jsdom/living/events/EventTarget-impl.js:104:17)
      at HTMLUnknownElement.dispatchEvent 
(node_modules/jsdom/lib/jsdom/living/generated/EventTarget.js:241:34)
      at Object.invokeGuardedCallbackDev 
(node_modules/react-dom/cjs/react-dom.development.js:4213:16)
      at invokeGuardedCallback 
(node_modules/react-dom/cjs/react-dom.development.js:4277:31)
      at invokeGuardedCallbackAndCatchFirstError 
(node_modules/react-dom/cjs/react-dom.development.js:4291:25)
      at executeDispatch 
(node_modules/react-dom/cjs/react-dom.development.js:9041:3)
      at processDispatchQueueItemsInOrder 
(node_modules/react-dom/cjs/react-dom.development.js:9073:7)
      at processDispatchQueue 
(node_modules/react-dom/cjs/react-dom.development.js:9086:5)
      at dispatchEventsForPlugins 
(node_modules/react-dom/cjs/react-dom.development.js:9097:3)
      at node_modules/react-dom/cjs/react-dom.development.js:9288:12
      at batchedUpdates$1 
(node_modules/react-dom/cjs/react-dom.development.js:26179:12)
      at batchedUpdates 
(node_modules/react-dom/cjs/react-dom.development.js:3991:12)
      at dispatchEventForPluginEventSystem 
(node_modules/react-dom/cjs/react-dom.development.js:9287:3)
      at dispatchEventWithEnableCapturePhaseSelectiveHydrationWithoutDiscreteEv
entReplay (node_modules/react-dom/cjs/react-dom.development.js:6465:5)
      at dispatchEvent 
(node_modules/react-dom/cjs/react-dom.development.js:6457:5)
      at dispatchDiscreteEvent 
(node_modules/react-dom/cjs/react-dom.development.js:6430:5)
      at HTMLDivElement.callTheUserObjectsOperation 
(node_modules/jsdom/lib/jsdom/living/generated/EventListener.js:26:30)
      at innerInvokeEventListeners 
(node_modules/jsdom/lib/jsdom/living/events/EventTarget-impl.js:350:25)
      at invokeEventListeners 
(node_modules/jsdom/lib/jsdom/living/events/EventTarget-impl.js:286:3)
      at HTMLInputElementImpl._dispatch 
(node_modules/jsdom/lib/jsdom/living/events/EventTarget-impl.js:233:9)
      at HTMLInputElementImpl.dispatchEvent 
(node_modules/jsdom/lib/jsdom/living/events/EventTarget-impl.js:104:17)
      at HTMLInputElement.dispatchEvent 
(node_modules/jsdom/lib/jsdom/living/generated/EventTarget.js:241:34)
      at 
node_modules/@testing-library/user-event/dist/cjs/event/dispatchEvent.js:45:43
      at Object.eventWrapper 
(node_modules/@testing-library/dom/dist/config.js:25:23)
      at Object.wrapEvent 
(node_modules/@testing-library/user-event/dist/cjs/event/wrapEvent.js:6:28)
      at Object.dispatchEvent (node_modules/@testing-library/user-event/dist/cj
s/event/dispatchEvent.js:45:22)
      at Object.dispatchUIEvent (node_modules/@testing-library/user-event/dist/
cjs/event/dispatchEvent.js:22:26)
      at commitInput 
(node_modules/@testing-library/user-event/dist/cjs/event/input.js:145:14)
      at editInputElement 
(node_modules/@testing-library/user-event/dist/cjs/event/input.js:115:9)
      at Object.input 
(node_modules/@testing-library/user-event/dist/cjs/event/input.js:37:9)
      at node_modules/@testing-library/user-event/dist/cjs/event/behavior/keypr
ess.js:31:26
      at Object.dispatchEvent (node_modules/@testing-library/user-event/dist/cj
s/event/dispatchEvent.js:41:13)
      at Object.dispatchUIEvent (node_modules/@testing-library/user-event/dist/
cjs/event/dispatchEvent.js:22:26)
      at KeyboardHost.keydown 
(node_modules/@testing-library/user-event/dist/cjs/system/keyboard.js:76:22)
      at keyboardAction 
(node_modules/@testing-library/user-event/dist/cjs/keyboard/index.js:22:35)
      at Object.keyboard 
(node_modules/@testing-library/user-event/dist/cjs/keyboard/index.js:11:15)
      at Object.type 
(node_modules/@testing-library/user-event/dist/cjs/utility/type.js:17:5)
      at Object.<anonymous> (src/auth/auth.test.tsx:167:9)

    console.error
      Warning: An update to LoginForm inside a test was not wrapped in 
act(...).
      
      When testing, code that causes React state updates should be wrapped 
into act(...):
      
      act(() => {
        /* fire events that update state */
      });
      /* assert on the output */
      
      This ensures that you're testing the behavior the user would see in the 
browser. Learn more at https://reactjs.org/link/wrap-tests-with-act
          at LoginForm (C:\Users\samhe\OneDrive\Desktop\Cleaned\frontend\src\au
th\LoginForm\LoginForm.tsx:41:33)
          at div
          at div
          at LoginPage
          at routeContext (C:\Users\samhe\OneDrive\Desktop\Cleaned\frontend\nod
e_modules\react-router\lib\hooks.tsx:658:26)
          at children (C:\Users\samhe\OneDrive\Desktop\Cleaned\frontend\node_mo
dules\react-router\lib\components.tsx:512:3)
          at basenameProp (C:\Users\samhe\OneDrive\Desktop\Cleaned\frontend\nod
e_modules\react-router\lib\components.tsx:421:13)
          at basename (C:\Users\samhe\OneDrive\Desktop\Cleaned\frontend\node_mo
dules\react-router\lib\components.tsx:225:3)

      123 |                     placeholder="email@company.com"
      124 |                     value={email}
    > 125 |                     onChange={(e) => setEmail(e.target.value)}
          |                                      ^
      126 |                     className="w-full rounded-md border 
border-gray-300 px-3 py-2 text-sm focus:outline-none focus:ring-2 
focus:ring-gray-900 disabled:opacity-50"
      127 |                 />
      128 |             </div>

      at printWarning 
(node_modules/react-dom/cjs/react-dom.development.js:86:30)
      at error (node_modules/react-dom/cjs/react-dom.development.js:60:7)
      at warnIfUpdatesNotWrappedWithActDEV 
(node_modules/react-dom/cjs/react-dom.development.js:27628:9)
      at scheduleUpdateOnFiber 
(node_modules/react-dom/cjs/react-dom.development.js:25547:5)
      at dispatchSetState 
(node_modules/react-dom/cjs/react-dom.development.js:16708:7)
      at onChange (src/auth/LoginForm/LoginForm.tsx:125:38)
      at HTMLUnknownElement.callCallback 
(node_modules/react-dom/cjs/react-dom.development.js:4164:14)
      at HTMLUnknownElement.callTheUserObjectsOperation 
(node_modules/jsdom/lib/jsdom/living/generated/EventListener.js:26:30)
      at innerInvokeEventListeners 
(node_modules/jsdom/lib/jsdom/living/events/EventTarget-impl.js:350:25)
      at invokeEventListeners 
(node_modules/jsdom/lib/jsdom/living/events/EventTarget-impl.js:286:3)
      at HTMLUnknownElementImpl._dispatch 
(node_modules/jsdom/lib/jsdom/living/events/EventTarget-impl.js:233:9)
      at HTMLUnknownElementImpl.dispatchEvent 
(node_modules/jsdom/lib/jsdom/living/events/EventTarget-impl.js:104:17)
      at HTMLUnknownElement.dispatchEvent 
(node_modules/jsdom/lib/jsdom/living/generated/EventTarget.js:241:34)
      at Object.invokeGuardedCallbackDev 
(node_modules/react-dom/cjs/react-dom.development.js:4213:16)
      at invokeGuardedCallback 
(node_modules/react-dom/cjs/react-dom.development.js:4277:31)
      at invokeGuardedCallbackAndCatchFirstError 
(node_modules/react-dom/cjs/react-dom.development.js:4291:25)
      at executeDispatch 
(node_modules/react-dom/cjs/react-dom.development.js:9041:3)
      at processDispatchQueueItemsInOrder 
(node_modules/react-dom/cjs/react-dom.development.js:9073:7)
      at processDispatchQueue 
(node_modules/react-dom/cjs/react-dom.development.js:9086:5)
      at dispatchEventsForPlugins 
(node_modules/react-dom/cjs/react-dom.development.js:9097:3)
      at node_modules/react-dom/cjs/react-dom.development.js:9288:12
      at batchedUpdates$1 
(node_modules/react-dom/cjs/react-dom.development.js:26179:12)
      at batchedUpdates 
(node_modules/react-dom/cjs/react-dom.development.js:3991:12)
      at dispatchEventForPluginEventSystem 
(node_modules/react-dom/cjs/react-dom.development.js:9287:3)
      at dispatchEventWithEnableCapturePhaseSelectiveHydrationWithoutDiscreteEv
entReplay (node_modules/react-dom/cjs/react-dom.development.js:6465:5)
      at dispatchEvent 
(node_modules/react-dom/cjs/react-dom.development.js:6457:5)
      at dispatchDiscreteEvent 
(node_modules/react-dom/cjs/react-dom.development.js:6430:5)
      at HTMLDivElement.callTheUserObjectsOperation 
(node_modules/jsdom/lib/jsdom/living/generated/EventListener.js:26:30)
      at innerInvokeEventListeners 
(node_modules/jsdom/lib/jsdom/living/events/EventTarget-impl.js:350:25)
      at invokeEventListeners 
(node_modules/jsdom/lib/jsdom/living/events/EventTarget-impl.js:286:3)
      at HTMLInputElementImpl._dispatch 
(node_modules/jsdom/lib/jsdom/living/events/EventTarget-impl.js:233:9)
      at HTMLInputElementImpl.dispatchEvent 
(node_modules/jsdom/lib/jsdom/living/events/EventTarget-impl.js:104:17)
      at HTMLInputElement.dispatchEvent 
(node_modules/jsdom/lib/jsdom/living/generated/EventTarget.js:241:34)
      at 
node_modules/@testing-library/user-event/dist/cjs/event/dispatchEvent.js:45:43
      at Object.eventWrapper 
(node_modules/@testing-library/dom/dist/config.js:25:23)
      at Object.wrapEvent 
(node_modules/@testing-library/user-event/dist/cjs/event/wrapEvent.js:6:28)
      at Object.dispatchEvent (node_modules/@testing-library/user-event/dist/cj
s/event/dispatchEvent.js:45:22)
      at Object.dispatchUIEvent (node_modules/@testing-library/user-event/dist/
cjs/event/dispatchEvent.js:22:26)
      at commitInput 
(node_modules/@testing-library/user-event/dist/cjs/event/input.js:145:14)
      at editInputElement 
(node_modules/@testing-library/user-event/dist/cjs/event/input.js:115:9)
      at Object.input 
(node_modules/@testing-library/user-event/dist/cjs/event/input.js:37:9)
      at node_modules/@testing-library/user-event/dist/cjs/event/behavior/keypr
ess.js:31:26
      at Object.dispatchEvent (node_modules/@testing-library/user-event/dist/cj
s/event/dispatchEvent.js:41:13)
      at Object.dispatchUIEvent (node_modules/@testing-library/user-event/dist/
cjs/event/dispatchEvent.js:22:26)
      at KeyboardHost.keydown 
(node_modules/@testing-library/user-event/dist/cjs/system/keyboard.js:76:22)
      at keyboardAction 
(node_modules/@testing-library/user-event/dist/cjs/keyboard/index.js:22:35)
      at Object.keyboard 
(node_modules/@testing-library/user-event/dist/cjs/keyboard/index.js:11:15)
      at Object.type 
(node_modules/@testing-library/user-event/dist/cjs/utility/type.js:17:5)
      at Object.<anonymous> (src/auth/auth.test.tsx:167:9)

    console.error
      Warning: An update to LoginForm inside a test was not wrapped in 
act(...).
      
      When testing, code that causes React state updates should be wrapped 
into act(...):
      
      act(() => {
        /* fire events that update state */
      });
      /* assert on the output */
      
      This ensures that you're testing the behavior the user would see in the 
browser. Learn more at https://reactjs.org/link/wrap-tests-with-act
          at LoginForm (C:\Users\samhe\OneDrive\Desktop\Cleaned\frontend\src\au
th\LoginForm\LoginForm.tsx:41:33)
          at div
          at div
          at LoginPage
          at routeContext (C:\Users\samhe\OneDrive\Desktop\Cleaned\frontend\nod
e_modules\react-router\lib\hooks.tsx:658:26)
          at children (C:\Users\samhe\OneDrive\Desktop\Cleaned\frontend\node_mo
dules\react-router\lib\components.tsx:512:3)
          at basenameProp (C:\Users\samhe\OneDrive\Desktop\Cleaned\frontend\nod
e_modules\react-router\lib\components.tsx:421:13)
          at basename (C:\Users\samhe\OneDrive\Desktop\Cleaned\frontend\node_mo
dules\react-router\lib\components.tsx:225:3)

      123 |                     placeholder="email@company.com"
      124 |                     value={email}
    > 125 |                     onChange={(e) => setEmail(e.target.value)}
          |                                      ^
      126 |                     className="w-full rounded-md border 
border-gray-300 px-3 py-2 text-sm focus:outline-none focus:ring-2 
focus:ring-gray-900 disabled:opacity-50"
      127 |                 />
      128 |             </div>

      at printWarning 
(node_modules/react-dom/cjs/react-dom.development.js:86:30)
      at error (node_modules/react-dom/cjs/react-dom.development.js:60:7)
      at warnIfUpdatesNotWrappedWithActDEV 
(node_modules/react-dom/cjs/react-dom.development.js:27628:9)
      at scheduleUpdateOnFiber 
(node_modules/react-dom/cjs/react-dom.development.js:25547:5)
      at dispatchSetState 
(node_modules/react-dom/cjs/react-dom.development.js:16708:7)
      at onChange (src/auth/LoginForm/LoginForm.tsx:125:38)
      at HTMLUnknownElement.callCallback 
(node_modules/react-dom/cjs/react-dom.development.js:4164:14)
      at HTMLUnknownElement.callTheUserObjectsOperation 
(node_modules/jsdom/lib/jsdom/living/generated/EventListener.js:26:30)
      at innerInvokeEventListeners 
(node_modules/jsdom/lib/jsdom/living/events/EventTarget-impl.js:350:25)
      at invokeEventListeners 
(node_modules/jsdom/lib/jsdom/living/events/EventTarget-impl.js:286:3)
      at HTMLUnknownElementImpl._dispatch 
(node_modules/jsdom/lib/jsdom/living/events/EventTarget-impl.js:233:9)
      at HTMLUnknownElementImpl.dispatchEvent 
(node_modules/jsdom/lib/jsdom/living/events/EventTarget-impl.js:104:17)
      at HTMLUnknownElement.dispatchEvent 
(node_modules/jsdom/lib/jsdom/living/generated/EventTarget.js:241:34)
      at Object.invokeGuardedCallbackDev 
(node_modules/react-dom/cjs/react-dom.development.js:4213:16)
      at invokeGuardedCallback 
(node_modules/react-dom/cjs/react-dom.development.js:4277:31)
      at invokeGuardedCallbackAndCatchFirstError 
(node_modules/react-dom/cjs/react-dom.development.js:4291:25)
      at executeDispatch 
(node_modules/react-dom/cjs/react-dom.development.js:9041:3)
      at processDispatchQueueItemsInOrder 
(node_modules/react-dom/cjs/react-dom.development.js:9073:7)
      at processDispatchQueue 
(node_modules/react-dom/cjs/react-dom.development.js:9086:5)
      at dispatchEventsForPlugins 
(node_modules/react-dom/cjs/react-dom.development.js:9097:3)
      at node_modules/react-dom/cjs/react-dom.development.js:9288:12
      at batchedUpdates$1 
(node_modules/react-dom/cjs/react-dom.development.js:26179:12)
      at batchedUpdates 
(node_modules/react-dom/cjs/react-dom.development.js:3991:12)
      at dispatchEventForPluginEventSystem 
(node_modules/react-dom/cjs/react-dom.development.js:9287:3)
      at dispatchEventWithEnableCapturePhaseSelectiveHydrationWithoutDiscreteEv
entReplay (node_modules/react-dom/cjs/react-dom.development.js:6465:5)
      at dispatchEvent 
(node_modules/react-dom/cjs/react-dom.development.js:6457:5)
      at dispatchDiscreteEvent 
(node_modules/react-dom/cjs/react-dom.development.js:6430:5)
      at HTMLDivElement.callTheUserObjectsOperation 
(node_modules/jsdom/lib/jsdom/living/generated/EventListener.js:26:30)
      at innerInvokeEventListeners 
(node_modules/jsdom/lib/jsdom/living/events/EventTarget-impl.js:350:25)
      at invokeEventListeners 
(node_modules/jsdom/lib/jsdom/living/events/EventTarget-impl.js:286:3)
      at HTMLInputElementImpl._dispatch 
(node_modules/jsdom/lib/jsdom/living/events/EventTarget-impl.js:233:9)
      at HTMLInputElementImpl.dispatchEvent 
(node_modules/jsdom/lib/jsdom/living/events/EventTarget-impl.js:104:17)
      at HTMLInputElement.dispatchEvent 
(node_modules/jsdom/lib/jsdom/living/generated/EventTarget.js:241:34)
      at 
node_modules/@testing-library/user-event/dist/cjs/event/dispatchEvent.js:45:43
      at Object.eventWrapper 
(node_modules/@testing-library/dom/dist/config.js:25:23)
      at Object.wrapEvent 
(node_modules/@testing-library/user-event/dist/cjs/event/wrapEvent.js:6:28)
      at Object.dispatchEvent (node_modules/@testing-library/user-event/dist/cj
s/event/dispatchEvent.js:45:22)
      at Object.dispatchUIEvent (node_modules/@testing-library/user-event/dist/
cjs/event/dispatchEvent.js:22:26)
      at commitInput 
(node_modules/@testing-library/user-event/dist/cjs/event/input.js:145:14)
      at editInputElement 
(node_modules/@testing-library/user-event/dist/cjs/event/input.js:115:9)
      at Object.input 
(node_modules/@testing-library/user-event/dist/cjs/event/input.js:37:9)
      at node_modules/@testing-library/user-event/dist/cjs/event/behavior/keypr
ess.js:31:26
      at Object.dispatchEvent (node_modules/@testing-library/user-event/dist/cj
s/event/dispatchEvent.js:41:13)
      at Object.dispatchUIEvent (node_modules/@testing-library/user-event/dist/
cjs/event/dispatchEvent.js:22:26)
      at KeyboardHost.keydown 
(node_modules/@testing-library/user-event/dist/cjs/system/keyboard.js:76:22)
      at keyboardAction 
(node_modules/@testing-library/user-event/dist/cjs/keyboard/index.js:22:35)
      at Object.keyboard 
(node_modules/@testing-library/user-event/dist/cjs/keyboard/index.js:11:15)
      at Object.type 
(node_modules/@testing-library/user-event/dist/cjs/utility/type.js:17:5)
      at Object.<anonymous> (src/auth/auth.test.tsx:167:9)

    console.error
      Warning: An update to LoginForm inside a test was not wrapped in 
act(...).
      
      When testing, code that causes React state updates should be wrapped 
into act(...):
      
      act(() => {
        /* fire events that update state */
      });
      /* assert on the output */
      
      This ensures that you're testing the behavior the user would see in the 
browser. Learn more at https://reactjs.org/link/wrap-tests-with-act
          at LoginForm (C:\Users\samhe\OneDrive\Desktop\Cleaned\frontend\src\au
th\LoginForm\LoginForm.tsx:41:33)
          at div
          at div
          at LoginPage
          at routeContext (C:\Users\samhe\OneDrive\Desktop\Cleaned\frontend\nod
e_modules\react-router\lib\hooks.tsx:658:26)
          at children (C:\Users\samhe\OneDrive\Desktop\Cleaned\frontend\node_mo
dules\react-router\lib\components.tsx:512:3)
          at basenameProp (C:\Users\samhe\OneDrive\Desktop\Cleaned\frontend\nod
e_modules\react-router\lib\components.tsx:421:13)
          at basename (C:\Users\samhe\OneDrive\Desktop\Cleaned\frontend\node_mo
dules\react-router\lib\components.tsx:225:3)

      123 |                     placeholder="email@company.com"
      124 |                     value={email}
    > 125 |                     onChange={(e) => setEmail(e.target.value)}
          |                                      ^
      126 |                     className="w-full rounded-md border 
border-gray-300 px-3 py-2 text-sm focus:outline-none focus:ring-2 
focus:ring-gray-900 disabled:opacity-50"
      127 |                 />
      128 |             </div>

      at printWarning 
(node_modules/react-dom/cjs/react-dom.development.js:86:30)
      at error (node_modules/react-dom/cjs/react-dom.development.js:60:7)
      at warnIfUpdatesNotWrappedWithActDEV 
(node_modules/react-dom/cjs/react-dom.development.js:27628:9)
      at scheduleUpdateOnFiber 
(node_modules/react-dom/cjs/react-dom.development.js:25547:5)
      at dispatchSetState 
(node_modules/react-dom/cjs/react-dom.development.js:16708:7)
      at onChange (src/auth/LoginForm/LoginForm.tsx:125:38)
      at HTMLUnknownElement.callCallback 
(node_modules/react-dom/cjs/react-dom.development.js:4164:14)
      at HTMLUnknownElement.callTheUserObjectsOperation 
(node_modules/jsdom/lib/jsdom/living/generated/EventListener.js:26:30)
      at innerInvokeEventListeners 
(node_modules/jsdom/lib/jsdom/living/events/EventTarget-impl.js:350:25)
      at invokeEventListeners 
(node_modules/jsdom/lib/jsdom/living/events/EventTarget-impl.js:286:3)
      at HTMLUnknownElementImpl._dispatch 
(node_modules/jsdom/lib/jsdom/living/events/EventTarget-impl.js:233:9)
      at HTMLUnknownElementImpl.dispatchEvent 
(node_modules/jsdom/lib/jsdom/living/events/EventTarget-impl.js:104:17)
      at HTMLUnknownElement.dispatchEvent 
(node_modules/jsdom/lib/jsdom/living/generated/EventTarget.js:241:34)
      at Object.invokeGuardedCallbackDev 
(node_modules/react-dom/cjs/react-dom.development.js:4213:16)
      at invokeGuardedCallback 
(node_modules/react-dom/cjs/react-dom.development.js:4277:31)
      at invokeGuardedCallbackAndCatchFirstError 
(node_modules/react-dom/cjs/react-dom.development.js:4291:25)
      at executeDispatch 
(node_modules/react-dom/cjs/react-dom.development.js:9041:3)
      at processDispatchQueueItemsInOrder 
(node_modules/react-dom/cjs/react-dom.development.js:9073:7)
      at processDispatchQueue 
(node_modules/react-dom/cjs/react-dom.development.js:9086:5)
      at dispatchEventsForPlugins 
(node_modules/react-dom/cjs/react-dom.development.js:9097:3)
      at node_modules/react-dom/cjs/react-dom.development.js:9288:12
      at batchedUpdates$1 
(node_modules/react-dom/cjs/react-dom.development.js:26179:12)
      at batchedUpdates 
(node_modules/react-dom/cjs/react-dom.development.js:3991:12)
      at dispatchEventForPluginEventSystem 
(node_modules/react-dom/cjs/react-dom.development.js:9287:3)
      at dispatchEventWithEnableCapturePhaseSelectiveHydrationWithoutDiscreteEv
entReplay (node_modules/react-dom/cjs/react-dom.development.js:6465:5)
      at dispatchEvent 
(node_modules/react-dom/cjs/react-dom.development.js:6457:5)
      at dispatchDiscreteEvent 
(node_modules/react-dom/cjs/react-dom.development.js:6430:5)
      at HTMLDivElement.callTheUserObjectsOperation 
(node_modules/jsdom/lib/jsdom/living/generated/EventListener.js:26:30)
      at innerInvokeEventListeners 
(node_modules/jsdom/lib/jsdom/living/events/EventTarget-impl.js:350:25)
      at invokeEventListeners 
(node_modules/jsdom/lib/jsdom/living/events/EventTarget-impl.js:286:3)
      at HTMLInputElementImpl._dispatch 
(node_modules/jsdom/lib/jsdom/living/events/EventTarget-impl.js:233:9)
      at HTMLInputElementImpl.dispatchEvent 
(node_modules/jsdom/lib/jsdom/living/events/EventTarget-impl.js:104:17)
      at HTMLInputElement.dispatchEvent 
(node_modules/jsdom/lib/jsdom/living/generated/EventTarget.js:241:34)
      at 
node_modules/@testing-library/user-event/dist/cjs/event/dispatchEvent.js:45:43
      at Object.eventWrapper 
(node_modules/@testing-library/dom/dist/config.js:25:23)
      at Object.wrapEvent 
(node_modules/@testing-library/user-event/dist/cjs/event/wrapEvent.js:6:28)
      at Object.dispatchEvent (node_modules/@testing-library/user-event/dist/cj
s/event/dispatchEvent.js:45:22)
      at Object.dispatchUIEvent (node_modules/@testing-library/user-event/dist/
cjs/event/dispatchEvent.js:22:26)
      at commitInput 
(node_modules/@testing-library/user-event/dist/cjs/event/input.js:145:14)
      at editInputElement 
(node_modules/@testing-library/user-event/dist/cjs/event/input.js:115:9)
      at Object.input 
(node_modules/@testing-library/user-event/dist/cjs/event/input.js:37:9)
      at node_modules/@testing-library/user-event/dist/cjs/event/behavior/keypr
ess.js:31:26
      at Object.dispatchEvent (node_modules/@testing-library/user-event/dist/cj
s/event/dispatchEvent.js:41:13)
      at Object.dispatchUIEvent (node_modules/@testing-library/user-event/dist/
cjs/event/dispatchEvent.js:22:26)
      at KeyboardHost.keydown 
(node_modules/@testing-library/user-event/dist/cjs/system/keyboard.js:76:22)
      at keyboardAction 
(node_modules/@testing-library/user-event/dist/cjs/keyboard/index.js:22:35)
      at Object.keyboard 
(node_modules/@testing-library/user-event/dist/cjs/keyboard/index.js:11:15)
      at Object.type 
(node_modules/@testing-library/user-event/dist/cjs/utility/type.js:17:5)
      at Object.<anonymous> (src/auth/auth.test.tsx:167:9)

    console.error
      Warning: An update to LoginForm inside a test was not wrapped in 
act(...).
      
      When testing, code that causes React state updates should be wrapped 
into act(...):
      
      act(() => {
        /* fire events that update state */
      });
      /* assert on the output */
      
      This ensures that you're testing the behavior the user would see in the 
browser. Learn more at https://reactjs.org/link/wrap-tests-with-act
          at LoginForm (C:\Users\samhe\OneDrive\Desktop\Cleaned\frontend\src\au
th\LoginForm\LoginForm.tsx:41:33)
          at div
          at div
          at LoginPage
          at routeContext (C:\Users\samhe\OneDrive\Desktop\Cleaned\frontend\nod
e_modules\react-router\lib\hooks.tsx:658:26)
          at children (C:\Users\samhe\OneDrive\Desktop\Cleaned\frontend\node_mo
dules\react-router\lib\components.tsx:512:3)
          at basenameProp (C:\Users\samhe\OneDrive\Desktop\Cleaned\frontend\nod
e_modules\react-router\lib\components.tsx:421:13)
          at basename (C:\Users\samhe\OneDrive\Desktop\Cleaned\frontend\node_mo
dules\react-router\lib\components.tsx:225:3)

      123 |                     placeholder="email@company.com"
      124 |                     value={email}
    > 125 |                     onChange={(e) => setEmail(e.target.value)}
          |                                      ^
      126 |                     className="w-full rounded-md border 
border-gray-300 px-3 py-2 text-sm focus:outline-none focus:ring-2 
focus:ring-gray-900 disabled:opacity-50"
      127 |                 />
      128 |             </div>

      at printWarning 
(node_modules/react-dom/cjs/react-dom.development.js:86:30)
      at error (node_modules/react-dom/cjs/react-dom.development.js:60:7)
      at warnIfUpdatesNotWrappedWithActDEV 
(node_modules/react-dom/cjs/react-dom.development.js:27628:9)
      at scheduleUpdateOnFiber 
(node_modules/react-dom/cjs/react-dom.development.js:25547:5)
      at dispatchSetState 
(node_modules/react-dom/cjs/react-dom.development.js:16708:7)
      at onChange (src/auth/LoginForm/LoginForm.tsx:125:38)
      at HTMLUnknownElement.callCallback 
(node_modules/react-dom/cjs/react-dom.development.js:4164:14)
      at HTMLUnknownElement.callTheUserObjectsOperation 
(node_modules/jsdom/lib/jsdom/living/generated/EventListener.js:26:30)
      at innerInvokeEventListeners 
(node_modules/jsdom/lib/jsdom/living/events/EventTarget-impl.js:350:25)
      at invokeEventListeners 
(node_modules/jsdom/lib/jsdom/living/events/EventTarget-impl.js:286:3)
      at HTMLUnknownElementImpl._dispatch 
(node_modules/jsdom/lib/jsdom/living/events/EventTarget-impl.js:233:9)
      at HTMLUnknownElementImpl.dispatchEvent 
(node_modules/jsdom/lib/jsdom/living/events/EventTarget-impl.js:104:17)
      at HTMLUnknownElement.dispatchEvent 
(node_modules/jsdom/lib/jsdom/living/generated/EventTarget.js:241:34)
      at Object.invokeGuardedCallbackDev 
(node_modules/react-dom/cjs/react-dom.development.js:4213:16)
      at invokeGuardedCallback 
(node_modules/react-dom/cjs/react-dom.development.js:4277:31)
      at invokeGuardedCallbackAndCatchFirstError 
(node_modules/react-dom/cjs/react-dom.development.js:4291:25)
      at executeDispatch 
(node_modules/react-dom/cjs/react-dom.development.js:9041:3)
      at processDispatchQueueItemsInOrder 
(node_modules/react-dom/cjs/react-dom.development.js:9073:7)
      at processDispatchQueue 
(node_modules/react-dom/cjs/react-dom.development.js:9086:5)
      at dispatchEventsForPlugins 
(node_modules/react-dom/cjs/react-dom.development.js:9097:3)
      at node_modules/react-dom/cjs/react-dom.development.js:9288:12
      at batchedUpdates$1 
(node_modules/react-dom/cjs/react-dom.development.js:26179:12)
      at batchedUpdates 
(node_modules/react-dom/cjs/react-dom.development.js:3991:12)
      at dispatchEventForPluginEventSystem 
(node_modules/react-dom/cjs/react-dom.development.js:9287:3)
      at dispatchEventWithEnableCapturePhaseSelectiveHydrationWithoutDiscreteEv
entReplay (node_modules/react-dom/cjs/react-dom.development.js:6465:5)
      at dispatchEvent 
(node_modules/react-dom/cjs/react-dom.development.js:6457:5)
      at dispatchDiscreteEvent 
(node_modules/react-dom/cjs/react-dom.development.js:6430:5)
      at HTMLDivElement.callTheUserObjectsOperation 
(node_modules/jsdom/lib/jsdom/living/generated/EventListener.js:26:30)
      at innerInvokeEventListeners 
(node_modules/jsdom/lib/jsdom/living/events/EventTarget-impl.js:350:25)
      at invokeEventListeners 
(node_modules/jsdom/lib/jsdom/living/events/EventTarget-impl.js:286:3)
      at HTMLInputElementImpl._dispatch 
(node_modules/jsdom/lib/jsdom/living/events/EventTarget-impl.js:233:9)
      at HTMLInputElementImpl.dispatchEvent 
(node_modules/jsdom/lib/jsdom/living/events/EventTarget-impl.js:104:17)
      at HTMLInputElement.dispatchEvent 
(node_modules/jsdom/lib/jsdom/living/generated/EventTarget.js:241:34)
      at 
node_modules/@testing-library/user-event/dist/cjs/event/dispatchEvent.js:45:43
      at Object.eventWrapper 
(node_modules/@testing-library/dom/dist/config.js:25:23)
      at Object.wrapEvent 
(node_modules/@testing-library/user-event/dist/cjs/event/wrapEvent.js:6:28)
      at Object.dispatchEvent (node_modules/@testing-library/user-event/dist/cj
s/event/dispatchEvent.js:45:22)
      at Object.dispatchUIEvent (node_modules/@testing-library/user-event/dist/
cjs/event/dispatchEvent.js:22:26)
      at commitInput 
(node_modules/@testing-library/user-event/dist/cjs/event/input.js:145:14)
      at editInputElement 
(node_modules/@testing-library/user-event/dist/cjs/event/input.js:115:9)
      at Object.input 
(node_modules/@testing-library/user-event/dist/cjs/event/input.js:37:9)
      at node_modules/@testing-library/user-event/dist/cjs/event/behavior/keypr
ess.js:31:26
      at Object.dispatchEvent (node_modules/@testing-library/user-event/dist/cj
s/event/dispatchEvent.js:41:13)
      at Object.dispatchUIEvent (node_modules/@testing-library/user-event/dist/
cjs/event/dispatchEvent.js:22:26)
      at KeyboardHost.keydown 
(node_modules/@testing-library/user-event/dist/cjs/system/keyboard.js:76:22)
      at keyboardAction 
(node_modules/@testing-library/user-event/dist/cjs/keyboard/index.js:22:35)
      at Object.keyboard 
(node_modules/@testing-library/user-event/dist/cjs/keyboard/index.js:11:15)
      at Object.type 
(node_modules/@testing-library/user-event/dist/cjs/utility/type.js:17:5)
      at Object.<anonymous> (src/auth/auth.test.tsx:167:9)

    console.error
      Warning: An update to LoginForm inside a test was not wrapped in 
act(...).
      
      When testing, code that causes React state updates should be wrapped 
into act(...):
      
      act(() => {
        /* fire events that update state */
      });
      /* assert on the output */
      
      This ensures that you're testing the behavior the user would see in the 
browser. Learn more at https://reactjs.org/link/wrap-tests-with-act
          at LoginForm (C:\Users\samhe\OneDrive\Desktop\Cleaned\frontend\src\au
th\LoginForm\LoginForm.tsx:41:33)
          at div
          at div
          at LoginPage
          at routeContext (C:\Users\samhe\OneDrive\Desktop\Cleaned\frontend\nod
e_modules\react-router\lib\hooks.tsx:658:26)
          at children (C:\Users\samhe\OneDrive\Desktop\Cleaned\frontend\node_mo
dules\react-router\lib\components.tsx:512:3)
          at basenameProp (C:\Users\samhe\OneDrive\Desktop\Cleaned\frontend\nod
e_modules\react-router\lib\components.tsx:421:13)
          at basename (C:\Users\samhe\OneDrive\Desktop\Cleaned\frontend\node_mo
dules\react-router\lib\components.tsx:225:3)

      123 |                     placeholder="email@company.com"
      124 |                     value={email}
    > 125 |                     onChange={(e) => setEmail(e.target.value)}
          |                                      ^
      126 |                     className="w-full rounded-md border 
border-gray-300 px-3 py-2 text-sm focus:outline-none focus:ring-2 
focus:ring-gray-900 disabled:opacity-50"
      127 |                 />
      128 |             </div>

      at printWarning 
(node_modules/react-dom/cjs/react-dom.development.js:86:30)
      at error (node_modules/react-dom/cjs/react-dom.development.js:60:7)
      at warnIfUpdatesNotWrappedWithActDEV 
(node_modules/react-dom/cjs/react-dom.development.js:27628:9)
      at scheduleUpdateOnFiber 
(node_modules/react-dom/cjs/react-dom.development.js:25547:5)
      at dispatchSetState 
(node_modules/react-dom/cjs/react-dom.development.js:16708:7)
      at onChange (src/auth/LoginForm/LoginForm.tsx:125:38)
      at HTMLUnknownElement.callCallback 
(node_modules/react-dom/cjs/react-dom.development.js:4164:14)
      at HTMLUnknownElement.callTheUserObjectsOperation 
(node_modules/jsdom/lib/jsdom/living/generated/EventListener.js:26:30)
      at innerInvokeEventListeners 
(node_modules/jsdom/lib/jsdom/living/events/EventTarget-impl.js:350:25)
      at invokeEventListeners 
(node_modules/jsdom/lib/jsdom/living/events/EventTarget-impl.js:286:3)
      at HTMLUnknownElementImpl._dispatch 
(node_modules/jsdom/lib/jsdom/living/events/EventTarget-impl.js:233:9)
      at HTMLUnknownElementImpl.dispatchEvent 
(node_modules/jsdom/lib/jsdom/living/events/EventTarget-impl.js:104:17)
      at HTMLUnknownElement.dispatchEvent 
(node_modules/jsdom/lib/jsdom/living/generated/EventTarget.js:241:34)
      at Object.invokeGuardedCallbackDev 
(node_modules/react-dom/cjs/react-dom.development.js:4213:16)
      at invokeGuardedCallback 
(node_modules/react-dom/cjs/react-dom.development.js:4277:31)
      at invokeGuardedCallbackAndCatchFirstError 
(node_modules/react-dom/cjs/react-dom.development.js:4291:25)
      at executeDispatch 
(node_modules/react-dom/cjs/react-dom.development.js:9041:3)
      at processDispatchQueueItemsInOrder 
(node_modules/react-dom/cjs/react-dom.development.js:9073:7)
      at processDispatchQueue 
(node_modules/react-dom/cjs/react-dom.development.js:9086:5)
      at dispatchEventsForPlugins 
(node_modules/react-dom/cjs/react-dom.development.js:9097:3)
      at node_modules/react-dom/cjs/react-dom.development.js:9288:12
      at batchedUpdates$1 
(node_modules/react-dom/cjs/react-dom.development.js:26179:12)
      at batchedUpdates 
(node_modules/react-dom/cjs/react-dom.development.js:3991:12)
      at dispatchEventForPluginEventSystem 
(node_modules/react-dom/cjs/react-dom.development.js:9287:3)
      at dispatchEventWithEnableCapturePhaseSelectiveHydrationWithoutDiscreteEv
entReplay (node_modules/react-dom/cjs/react-dom.development.js:6465:5)
      at dispatchEvent 
(node_modules/react-dom/cjs/react-dom.development.js:6457:5)
      at dispatchDiscreteEvent 
(node_modules/react-dom/cjs/react-dom.development.js:6430:5)
      at HTMLDivElement.callTheUserObjectsOperation 
(node_modules/jsdom/lib/jsdom/living/generated/EventListener.js:26:30)
      at innerInvokeEventListeners 
(node_modules/jsdom/lib/jsdom/living/events/EventTarget-impl.js:350:25)
      at invokeEventListeners 
(node_modules/jsdom/lib/jsdom/living/events/EventTarget-impl.js:286:3)
      at HTMLInputElementImpl._dispatch 
(node_modules/jsdom/lib/jsdom/living/events/EventTarget-impl.js:233:9)
      at HTMLInputElementImpl.dispatchEvent 
(node_modules/jsdom/lib/jsdom/living/events/EventTarget-impl.js:104:17)
      at HTMLInputElement.dispatchEvent 
(node_modules/jsdom/lib/jsdom/living/generated/EventTarget.js:241:34)
      at 
node_modules/@testing-library/user-event/dist/cjs/event/dispatchEvent.js:45:43
      at Object.eventWrapper 
(node_modules/@testing-library/dom/dist/config.js:25:23)
      at Object.wrapEvent 
(node_modules/@testing-library/user-event/dist/cjs/event/wrapEvent.js:6:28)
      at Object.dispatchEvent (node_modules/@testing-library/user-event/dist/cj
s/event/dispatchEvent.js:45:22)
      at Object.dispatchUIEvent (node_modules/@testing-library/user-event/dist/
cjs/event/dispatchEvent.js:22:26)
      at commitInput 
(node_modules/@testing-library/user-event/dist/cjs/event/input.js:145:14)
      at editInputElement 
(node_modules/@testing-library/user-event/dist/cjs/event/input.js:115:9)
      at Object.input 
(node_modules/@testing-library/user-event/dist/cjs/event/input.js:37:9)
      at node_modules/@testing-library/user-event/dist/cjs/event/behavior/keypr
ess.js:31:26
      at Object.dispatchEvent (node_modules/@testing-library/user-event/dist/cj
s/event/dispatchEvent.js:41:13)
      at Object.dispatchUIEvent (node_modules/@testing-library/user-event/dist/
cjs/event/dispatchEvent.js:22:26)
      at KeyboardHost.keydown 
(node_modules/@testing-library/user-event/dist/cjs/system/keyboard.js:76:22)
      at keyboardAction 
(node_modules/@testing-library/user-event/dist/cjs/keyboard/index.js:22:35)
      at Object.keyboard 
(node_modules/@testing-library/user-event/dist/cjs/keyboard/index.js:11:15)
      at Object.type 
(node_modules/@testing-library/user-event/dist/cjs/utility/type.js:17:5)
      at Object.<anonymous> (src/auth/auth.test.tsx:167:9)

    console.error
      Warning: An update to LoginForm inside a test was not wrapped in 
act(...).
      
      When testing, code that causes React state updates should be wrapped 
into act(...):
      
      act(() => {
        /* fire events that update state */
      });
      /* assert on the output */
      
      This ensures that you're testing the behavior the user would see in the 
browser. Learn more at https://reactjs.org/link/wrap-tests-with-act
          at LoginForm (C:\Users\samhe\OneDrive\Desktop\Cleaned\frontend\src\au
th\LoginForm\LoginForm.tsx:41:33)
          at div
          at div
          at LoginPage
          at routeContext (C:\Users\samhe\OneDrive\Desktop\Cleaned\frontend\nod
e_modules\react-router\lib\hooks.tsx:658:26)
          at children (C:\Users\samhe\OneDrive\Desktop\Cleaned\frontend\node_mo
dules\react-router\lib\components.tsx:512:3)
          at basenameProp (C:\Users\samhe\OneDrive\Desktop\Cleaned\frontend\nod
e_modules\react-router\lib\components.tsx:421:13)
          at basename (C:\Users\samhe\OneDrive\Desktop\Cleaned\frontend\node_mo
dules\react-router\lib\components.tsx:225:3)

      123 |                     placeholder="email@company.com"
      124 |                     value={email}
    > 125 |                     onChange={(e) => setEmail(e.target.value)}
          |                                      ^
      126 |                     className="w-full rounded-md border 
border-gray-300 px-3 py-2 text-sm focus:outline-none focus:ring-2 
focus:ring-gray-900 disabled:opacity-50"
      127 |                 />
      128 |             </div>

      at printWarning 
(node_modules/react-dom/cjs/react-dom.development.js:86:30)
      at error (node_modules/react-dom/cjs/react-dom.development.js:60:7)
      at warnIfUpdatesNotWrappedWithActDEV 
(node_modules/react-dom/cjs/react-dom.development.js:27628:9)
      at scheduleUpdateOnFiber 
(node_modules/react-dom/cjs/react-dom.development.js:25547:5)
      at dispatchSetState 
(node_modules/react-dom/cjs/react-dom.development.js:16708:7)
      at onChange (src/auth/LoginForm/LoginForm.tsx:125:38)
      at HTMLUnknownElement.callCallback 
(node_modules/react-dom/cjs/react-dom.development.js:4164:14)
      at HTMLUnknownElement.callTheUserObjectsOperation 
(node_modules/jsdom/lib/jsdom/living/generated/EventListener.js:26:30)
      at innerInvokeEventListeners 
(node_modules/jsdom/lib/jsdom/living/events/EventTarget-impl.js:350:25)
      at invokeEventListeners 
(node_modules/jsdom/lib/jsdom/living/events/EventTarget-impl.js:286:3)
      at HTMLUnknownElementImpl._dispatch 
(node_modules/jsdom/lib/jsdom/living/events/EventTarget-impl.js:233:9)
      at HTMLUnknownElementImpl.dispatchEvent 
(node_modules/jsdom/lib/jsdom/living/events/EventTarget-impl.js:104:17)
      at HTMLUnknownElement.dispatchEvent 
(node_modules/jsdom/lib/jsdom/living/generated/EventTarget.js:241:34)
      at Object.invokeGuardedCallbackDev 
(node_modules/react-dom/cjs/react-dom.development.js:4213:16)
      at invokeGuardedCallback 
(node_modules/react-dom/cjs/react-dom.development.js:4277:31)
      at invokeGuardedCallbackAndCatchFirstError 
(node_modules/react-dom/cjs/react-dom.development.js:4291:25)
      at executeDispatch 
(node_modules/react-dom/cjs/react-dom.development.js:9041:3)
      at processDispatchQueueItemsInOrder 
(node_modules/react-dom/cjs/react-dom.development.js:9073:7)
      at processDispatchQueue 
(node_modules/react-dom/cjs/react-dom.development.js:9086:5)
      at dispatchEventsForPlugins 
(node_modules/react-dom/cjs/react-dom.development.js:9097:3)
      at node_modules/react-dom/cjs/react-dom.development.js:9288:12
      at batchedUpdates$1 
(node_modules/react-dom/cjs/react-dom.development.js:26179:12)
      at batchedUpdates 
(node_modules/react-dom/cjs/react-dom.development.js:3991:12)
      at dispatchEventForPluginEventSystem 
(node_modules/react-dom/cjs/react-dom.development.js:9287:3)
      at dispatchEventWithEnableCapturePhaseSelectiveHydrationWithoutDiscreteEv
entReplay (node_modules/react-dom/cjs/react-dom.development.js:6465:5)
      at dispatchEvent 
(node_modules/react-dom/cjs/react-dom.development.js:6457:5)
      at dispatchDiscreteEvent 
(node_modules/react-dom/cjs/react-dom.development.js:6430:5)
      at HTMLDivElement.callTheUserObjectsOperation 
(node_modules/jsdom/lib/jsdom/living/generated/EventListener.js:26:30)
      at innerInvokeEventListeners 
(node_modules/jsdom/lib/jsdom/living/events/EventTarget-impl.js:350:25)
      at invokeEventListeners 
(node_modules/jsdom/lib/jsdom/living/events/EventTarget-impl.js:286:3)
      at HTMLInputElementImpl._dispatch 
(node_modules/jsdom/lib/jsdom/living/events/EventTarget-impl.js:233:9)
      at HTMLInputElementImpl.dispatchEvent 
(node_modules/jsdom/lib/jsdom/living/events/EventTarget-impl.js:104:17)
      at HTMLInputElement.dispatchEvent 
(node_modules/jsdom/lib/jsdom/living/generated/EventTarget.js:241:34)
      at 
node_modules/@testing-library/user-event/dist/cjs/event/dispatchEvent.js:45:43
      at Object.eventWrapper 
(node_modules/@testing-library/dom/dist/config.js:25:23)
      at Object.wrapEvent 
(node_modules/@testing-library/user-event/dist/cjs/event/wrapEvent.js:6:28)
      at Object.dispatchEvent (node_modules/@testing-library/user-event/dist/cj
s/event/dispatchEvent.js:45:22)
      at Object.dispatchUIEvent (node_modules/@testing-library/user-event/dist/
cjs/event/dispatchEvent.js:22:26)
      at commitInput 
(node_modules/@testing-library/user-event/dist/cjs/event/input.js:145:14)
      at editInputElement 
(node_modules/@testing-library/user-event/dist/cjs/event/input.js:115:9)
      at Object.input 
(node_modules/@testing-library/user-event/dist/cjs/event/input.js:37:9)
      at node_modules/@testing-library/user-event/dist/cjs/event/behavior/keypr
ess.js:31:26
      at Object.dispatchEvent (node_modules/@testing-library/user-event/dist/cj
s/event/dispatchEvent.js:41:13)
      at Object.dispatchUIEvent (node_modules/@testing-library/user-event/dist/
cjs/event/dispatchEvent.js:22:26)
      at KeyboardHost.keydown 
(node_modules/@testing-library/user-event/dist/cjs/system/keyboard.js:76:22)
      at keyboardAction 
(node_modules/@testing-library/user-event/dist/cjs/keyboard/index.js:22:35)
      at Object.keyboard 
(node_modules/@testing-library/user-event/dist/cjs/keyboard/index.js:11:15)
      at Object.type 
(node_modules/@testing-library/user-event/dist/cjs/utility/type.js:17:5)
      at Object.<anonymous> (src/auth/auth.test.tsx:167:9)

    console.error
      Warning: An update to LoginForm inside a test was not wrapped in 
act(...).
      
      When testing, code that causes React state updates should be wrapped 
into act(...):
      
      act(() => {
        /* fire events that update state */
      });
      /* assert on the output */
      
      This ensures that you're testing the behavior the user would see in the 
browser. Learn more at https://reactjs.org/link/wrap-tests-with-act
          at LoginForm (C:\Users\samhe\OneDrive\Desktop\Cleaned\frontend\src\au
th\LoginForm\LoginForm.tsx:41:33)
          at div
          at div
          at LoginPage
          at routeContext (C:\Users\samhe\OneDrive\Desktop\Cleaned\frontend\nod
e_modules\react-router\lib\hooks.tsx:658:26)
          at children (C:\Users\samhe\OneDrive\Desktop\Cleaned\frontend\node_mo
dules\react-router\lib\components.tsx:512:3)
          at basenameProp (C:\Users\samhe\OneDrive\Desktop\Cleaned\frontend\nod
e_modules\react-router\lib\components.tsx:421:13)
          at basename (C:\Users\samhe\OneDrive\Desktop\Cleaned\frontend\node_mo
dules\react-router\lib\components.tsx:225:3)

      123 |                     placeholder="email@company.com"
      124 |                     value={email}
    > 125 |                     onChange={(e) => setEmail(e.target.value)}
          |                                      ^
      126 |                     className="w-full rounded-md border 
border-gray-300 px-3 py-2 text-sm focus:outline-none focus:ring-2 
focus:ring-gray-900 disabled:opacity-50"
      127 |                 />
      128 |             </div>

      at printWarning 
(node_modules/react-dom/cjs/react-dom.development.js:86:30)
      at error (node_modules/react-dom/cjs/react-dom.development.js:60:7)
      at warnIfUpdatesNotWrappedWithActDEV 
(node_modules/react-dom/cjs/react-dom.development.js:27628:9)
      at scheduleUpdateOnFiber 
(node_modules/react-dom/cjs/react-dom.development.js:25547:5)
      at dispatchSetState 
(node_modules/react-dom/cjs/react-dom.development.js:16708:7)
      at onChange (src/auth/LoginForm/LoginForm.tsx:125:38)
      at HTMLUnknownElement.callCallback 
(node_modules/react-dom/cjs/react-dom.development.js:4164:14)
      at HTMLUnknownElement.callTheUserObjectsOperation 
(node_modules/jsdom/lib/jsdom/living/generated/EventListener.js:26:30)
      at innerInvokeEventListeners 
(node_modules/jsdom/lib/jsdom/living/events/EventTarget-impl.js:350:25)
      at invokeEventListeners 
(node_modules/jsdom/lib/jsdom/living/events/EventTarget-impl.js:286:3)
      at HTMLUnknownElementImpl._dispatch 
(node_modules/jsdom/lib/jsdom/living/events/EventTarget-impl.js:233:9)
      at HTMLUnknownElementImpl.dispatchEvent 
(node_modules/jsdom/lib/jsdom/living/events/EventTarget-impl.js:104:17)
      at HTMLUnknownElement.dispatchEvent 
(node_modules/jsdom/lib/jsdom/living/generated/EventTarget.js:241:34)
      at Object.invokeGuardedCallbackDev 
(node_modules/react-dom/cjs/react-dom.development.js:4213:16)
      at invokeGuardedCallback 
(node_modules/react-dom/cjs/react-dom.development.js:4277:31)
      at invokeGuardedCallbackAndCatchFirstError 
(node_modules/react-dom/cjs/react-dom.development.js:4291:25)
      at executeDispatch 
(node_modules/react-dom/cjs/react-dom.development.js:9041:3)
      at processDispatchQueueItemsInOrder 
(node_modules/react-dom/cjs/react-dom.development.js:9073:7)
      at processDispatchQueue 
(node_modules/react-dom/cjs/react-dom.development.js:9086:5)
      at dispatchEventsForPlugins 
(node_modules/react-dom/cjs/react-dom.development.js:9097:3)
      at node_modules/react-dom/cjs/react-dom.development.js:9288:12
      at batchedUpdates$1 
(node_modules/react-dom/cjs/react-dom.development.js:26179:12)
      at batchedUpdates 
(node_modules/react-dom/cjs/react-dom.development.js:3991:12)
      at dispatchEventForPluginEventSystem 
(node_modules/react-dom/cjs/react-dom.development.js:9287:3)
      at dispatchEventWithEnableCapturePhaseSelectiveHydrationWithoutDiscreteEv
entReplay (node_modules/react-dom/cjs/react-dom.development.js:6465:5)
      at dispatchEvent 
(node_modules/react-dom/cjs/react-dom.development.js:6457:5)
      at dispatchDiscreteEvent 
(node_modules/react-dom/cjs/react-dom.development.js:6430:5)
      at HTMLDivElement.callTheUserObjectsOperation 
(node_modules/jsdom/lib/jsdom/living/generated/EventListener.js:26:30)
      at innerInvokeEventListeners 
(node_modules/jsdom/lib/jsdom/living/events/EventTarget-impl.js:350:25)
      at invokeEventListeners 
(node_modules/jsdom/lib/jsdom/living/events/EventTarget-impl.js:286:3)
      at HTMLInputElementImpl._dispatch 
(node_modules/jsdom/lib/jsdom/living/events/EventTarget-impl.js:233:9)
      at HTMLInputElementImpl.dispatchEvent 
(node_modules/jsdom/lib/jsdom/living/events/EventTarget-impl.js:104:17)
      at HTMLInputElement.dispatchEvent 
(node_modules/jsdom/lib/jsdom/living/generated/EventTarget.js:241:34)
      at 
node_modules/@testing-library/user-event/dist/cjs/event/dispatchEvent.js:45:43
      at Object.eventWrapper 
(node_modules/@testing-library/dom/dist/config.js:25:23)
      at Object.wrapEvent 
(node_modules/@testing-library/user-event/dist/cjs/event/wrapEvent.js:6:28)
      at Object.dispatchEvent (node_modules/@testing-library/user-event/dist/cj
s/event/dispatchEvent.js:45:22)
      at Object.dispatchUIEvent (node_modules/@testing-library/user-event/dist/
cjs/event/dispatchEvent.js:22:26)
      at commitInput 
(node_modules/@testing-library/user-event/dist/cjs/event/input.js:145:14)
      at editInputElement 
(node_modules/@testing-library/user-event/dist/cjs/event/input.js:115:9)
      at Object.input 
(node_modules/@testing-library/user-event/dist/cjs/event/input.js:37:9)
      at node_modules/@testing-library/user-event/dist/cjs/event/behavior/keypr
ess.js:31:26
      at Object.dispatchEvent (node_modules/@testing-library/user-event/dist/cj
s/event/dispatchEvent.js:41:13)
      at Object.dispatchUIEvent (node_modules/@testing-library/user-event/dist/
cjs/event/dispatchEvent.js:22:26)
      at KeyboardHost.keydown 
(node_modules/@testing-library/user-event/dist/cjs/system/keyboard.js:76:22)
      at keyboardAction 
(node_modules/@testing-library/user-event/dist/cjs/keyboard/index.js:22:35)
      at Object.keyboard 
(node_modules/@testing-library/user-event/dist/cjs/keyboard/index.js:11:15)
      at Object.type 
(node_modules/@testing-library/user-event/dist/cjs/utility/type.js:17:5)
      at Object.<anonymous> (src/auth/auth.test.tsx:167:9)

    console.error
      Warning: An update to LoginForm inside a test was not wrapped in 
act(...).
      
      When testing, code that causes React state updates should be wrapped 
into act(...):
      
      act(() => {
        /* fire events that update state */
      });
      /* assert on the output */
      
      This ensures that you're testing the behavior the user would see in the 
browser. Learn more at https://reactjs.org/link/wrap-tests-with-act
          at LoginForm (C:\Users\samhe\OneDrive\Desktop\Cleaned\frontend\src\au
th\LoginForm\LoginForm.tsx:41:33)
          at div
          at div
          at LoginPage
          at routeContext (C:\Users\samhe\OneDrive\Desktop\Cleaned\frontend\nod
e_modules\react-router\lib\hooks.tsx:658:26)
          at children (C:\Users\samhe\OneDrive\Desktop\Cleaned\frontend\node_mo
dules\react-router\lib\components.tsx:512:3)
          at basenameProp (C:\Users\samhe\OneDrive\Desktop\Cleaned\frontend\nod
e_modules\react-router\lib\components.tsx:421:13)
          at basename (C:\Users\samhe\OneDrive\Desktop\Cleaned\frontend\node_mo
dules\react-router\lib\components.tsx:225:3)

      123 |                     placeholder="email@company.com"
      124 |                     value={email}
    > 125 |                     onChange={(e) => setEmail(e.target.value)}
          |                                      ^
      126 |                     className="w-full rounded-md border 
border-gray-300 px-3 py-2 text-sm focus:outline-none focus:ring-2 
focus:ring-gray-900 disabled:opacity-50"
      127 |                 />
      128 |             </div>

      at printWarning 
(node_modules/react-dom/cjs/react-dom.development.js:86:30)
      at error (node_modules/react-dom/cjs/react-dom.development.js:60:7)
      at warnIfUpdatesNotWrappedWithActDEV 
(node_modules/react-dom/cjs/react-dom.development.js:27628:9)
      at scheduleUpdateOnFiber 
(node_modules/react-dom/cjs/react-dom.development.js:25547:5)
      at dispatchSetState 
(node_modules/react-dom/cjs/react-dom.development.js:16708:7)
      at onChange (src/auth/LoginForm/LoginForm.tsx:125:38)
      at HTMLUnknownElement.callCallback 
(node_modules/react-dom/cjs/react-dom.development.js:4164:14)
      at HTMLUnknownElement.callTheUserObjectsOperation 
(node_modules/jsdom/lib/jsdom/living/generated/EventListener.js:26:30)
      at innerInvokeEventListeners 
(node_modules/jsdom/lib/jsdom/living/events/EventTarget-impl.js:350:25)
      at invokeEventListeners 
(node_modules/jsdom/lib/jsdom/living/events/EventTarget-impl.js:286:3)
      at HTMLUnknownElementImpl._dispatch 
(node_modules/jsdom/lib/jsdom/living/events/EventTarget-impl.js:233:9)
      at HTMLUnknownElementImpl.dispatchEvent 
(node_modules/jsdom/lib/jsdom/living/events/EventTarget-impl.js:104:17)
      at HTMLUnknownElement.dispatchEvent 
(node_modules/jsdom/lib/jsdom/living/generated/EventTarget.js:241:34)
      at Object.invokeGuardedCallbackDev 
(node_modules/react-dom/cjs/react-dom.development.js:4213:16)
      at invokeGuardedCallback 
(node_modules/react-dom/cjs/react-dom.development.js:4277:31)
      at invokeGuardedCallbackAndCatchFirstError 
(node_modules/react-dom/cjs/react-dom.development.js:4291:25)
      at executeDispatch 
(node_modules/react-dom/cjs/react-dom.development.js:9041:3)
      at processDispatchQueueItemsInOrder 
(node_modules/react-dom/cjs/react-dom.development.js:9073:7)
      at processDispatchQueue 
(node_modules/react-dom/cjs/react-dom.development.js:9086:5)
      at dispatchEventsForPlugins 
(node_modules/react-dom/cjs/react-dom.development.js:9097:3)
      at node_modules/react-dom/cjs/react-dom.development.js:9288:12
      at batchedUpdates$1 
(node_modules/react-dom/cjs/react-dom.development.js:26179:12)
      at batchedUpdates 
(node_modules/react-dom/cjs/react-dom.development.js:3991:12)
      at dispatchEventForPluginEventSystem 
(node_modules/react-dom/cjs/react-dom.development.js:9287:3)
      at dispatchEventWithEnableCapturePhaseSelectiveHydrationWithoutDiscreteEv
entReplay (node_modules/react-dom/cjs/react-dom.development.js:6465:5)
      at dispatchEvent 
(node_modules/react-dom/cjs/react-dom.development.js:6457:5)
      at dispatchDiscreteEvent 
(node_modules/react-dom/cjs/react-dom.development.js:6430:5)
      at HTMLDivElement.callTheUserObjectsOperation 
(node_modules/jsdom/lib/jsdom/living/generated/EventListener.js:26:30)
      at innerInvokeEventListeners 
(node_modules/jsdom/lib/jsdom/living/events/EventTarget-impl.js:350:25)
      at invokeEventListeners 
(node_modules/jsdom/lib/jsdom/living/events/EventTarget-impl.js:286:3)
      at HTMLInputElementImpl._dispatch 
(node_modules/jsdom/lib/jsdom/living/events/EventTarget-impl.js:233:9)
      at HTMLInputElementImpl.dispatchEvent 
(node_modules/jsdom/lib/jsdom/living/events/EventTarget-impl.js:104:17)
      at HTMLInputElement.dispatchEvent 
(node_modules/jsdom/lib/jsdom/living/generated/EventTarget.js:241:34)
      at 
node_modules/@testing-library/user-event/dist/cjs/event/dispatchEvent.js:45:43
      at Object.eventWrapper 
(node_modules/@testing-library/dom/dist/config.js:25:23)
      at Object.wrapEvent 
(node_modules/@testing-library/user-event/dist/cjs/event/wrapEvent.js:6:28)
      at Object.dispatchEvent (node_modules/@testing-library/user-event/dist/cj
s/event/dispatchEvent.js:45:22)
      at Object.dispatchUIEvent (node_modules/@testing-library/user-event/dist/
cjs/event/dispatchEvent.js:22:26)
      at commitInput 
(node_modules/@testing-library/user-event/dist/cjs/event/input.js:145:14)
      at editInputElement 
(node_modules/@testing-library/user-event/dist/cjs/event/input.js:115:9)
      at Object.input 
(node_modules/@testing-library/user-event/dist/cjs/event/input.js:37:9)
      at node_modules/@testing-library/user-event/dist/cjs/event/behavior/keypr
ess.js:31:26
      at Object.dispatchEvent (node_modules/@testing-library/user-event/dist/cj
s/event/dispatchEvent.js:41:13)
      at Object.dispatchUIEvent (node_modules/@testing-library/user-event/dist/
cjs/event/dispatchEvent.js:22:26)
      at KeyboardHost.keydown 
(node_modules/@testing-library/user-event/dist/cjs/system/keyboard.js:76:22)
      at keyboardAction 
(node_modules/@testing-library/user-event/dist/cjs/keyboard/index.js:22:35)
      at Object.keyboard 
(node_modules/@testing-library/user-event/dist/cjs/keyboard/index.js:11:15)
      at Object.type 
(node_modules/@testing-library/user-event/dist/cjs/utility/type.js:17:5)
      at Object.<anonymous> (src/auth/auth.test.tsx:167:9)

    console.error
      Warning: An update to LoginForm inside a test was not wrapped in 
act(...).
      
      When testing, code that causes React state updates should be wrapped 
into act(...):
      
      act(() => {
        /* fire events that update state */
      });
      /* assert on the output */
      
      This ensures that you're testing the behavior the user would see in the 
browser. Learn more at https://reactjs.org/link/wrap-tests-with-act
          at LoginForm (C:\Users\samhe\OneDrive\Desktop\Cleaned\frontend\src\au
th\LoginForm\LoginForm.tsx:41:33)
          at div
          at div
          at LoginPage
          at routeContext (C:\Users\samhe\OneDrive\Desktop\Cleaned\frontend\nod
e_modules\react-router\lib\hooks.tsx:658:26)
          at children (C:\Users\samhe\OneDrive\Desktop\Cleaned\frontend\node_mo
dules\react-router\lib\components.tsx:512:3)
          at basenameProp (C:\Users\samhe\OneDrive\Desktop\Cleaned\frontend\nod
e_modules\react-router\lib\components.tsx:421:13)
          at basename (C:\Users\samhe\OneDrive\Desktop\Cleaned\frontend\node_mo
dules\react-router\lib\components.tsx:225:3)

      123 |                     placeholder="email@company.com"
      124 |                     value={email}
    > 125 |                     onChange={(e) => setEmail(e.target.value)}
          |                                      ^
      126 |                     className="w-full rounded-md border 
border-gray-300 px-3 py-2 text-sm focus:outline-none focus:ring-2 
focus:ring-gray-900 disabled:opacity-50"
      127 |                 />
      128 |             </div>

      at printWarning 
(node_modules/react-dom/cjs/react-dom.development.js:86:30)
      at error (node_modules/react-dom/cjs/react-dom.development.js:60:7)
      at warnIfUpdatesNotWrappedWithActDEV 
(node_modules/react-dom/cjs/react-dom.development.js:27628:9)
      at scheduleUpdateOnFiber 
(node_modules/react-dom/cjs/react-dom.development.js:25547:5)
      at dispatchSetState 
(node_modules/react-dom/cjs/react-dom.development.js:16708:7)
      at onChange (src/auth/LoginForm/LoginForm.tsx:125:38)
      at HTMLUnknownElement.callCallback 
(node_modules/react-dom/cjs/react-dom.development.js:4164:14)
      at HTMLUnknownElement.callTheUserObjectsOperation 
(node_modules/jsdom/lib/jsdom/living/generated/EventListener.js:26:30)
      at innerInvokeEventListeners 
(node_modules/jsdom/lib/jsdom/living/events/EventTarget-impl.js:350:25)
      at invokeEventListeners 
(node_modules/jsdom/lib/jsdom/living/events/EventTarget-impl.js:286:3)
      at HTMLUnknownElementImpl._dispatch 
(node_modules/jsdom/lib/jsdom/living/events/EventTarget-impl.js:233:9)
      at HTMLUnknownElementImpl.dispatchEvent 
(node_modules/jsdom/lib/jsdom/living/events/EventTarget-impl.js:104:17)
      at HTMLUnknownElement.dispatchEvent 
(node_modules/jsdom/lib/jsdom/living/generated/EventTarget.js:241:34)
      at Object.invokeGuardedCallbackDev 
(node_modules/react-dom/cjs/react-dom.development.js:4213:16)
      at invokeGuardedCallback 
(node_modules/react-dom/cjs/react-dom.development.js:4277:31)
      at invokeGuardedCallbackAndCatchFirstError 
(node_modules/react-dom/cjs/react-dom.development.js:4291:25)
      at executeDispatch 
(node_modules/react-dom/cjs/react-dom.development.js:9041:3)
      at processDispatchQueueItemsInOrder 
(node_modules/react-dom/cjs/react-dom.development.js:9073:7)
      at processDispatchQueue 
(node_modules/react-dom/cjs/react-dom.development.js:9086:5)
      at dispatchEventsForPlugins 
(node_modules/react-dom/cjs/react-dom.development.js:9097:3)
      at node_modules/react-dom/cjs/react-dom.development.js:9288:12
      at batchedUpdates$1 
(node_modules/react-dom/cjs/react-dom.development.js:26179:12)
      at batchedUpdates 
(node_modules/react-dom/cjs/react-dom.development.js:3991:12)
      at dispatchEventForPluginEventSystem 
(node_modules/react-dom/cjs/react-dom.development.js:9287:3)
      at dispatchEventWithEnableCapturePhaseSelectiveHydrationWithoutDiscreteEv
entReplay (node_modules/react-dom/cjs/react-dom.development.js:6465:5)
      at dispatchEvent 
(node_modules/react-dom/cjs/react-dom.development.js:6457:5)
      at dispatchDiscreteEvent 
(node_modules/react-dom/cjs/react-dom.development.js:6430:5)
      at HTMLDivElement.callTheUserObjectsOperation 
(node_modules/jsdom/lib/jsdom/living/generated/EventListener.js:26:30)
      at innerInvokeEventListeners 
(node_modules/jsdom/lib/jsdom/living/events/EventTarget-impl.js:350:25)
      at invokeEventListeners 
(node_modules/jsdom/lib/jsdom/living/events/EventTarget-impl.js:286:3)
      at HTMLInputElementImpl._dispatch 
(node_modules/jsdom/lib/jsdom/living/events/EventTarget-impl.js:233:9)
      at HTMLInputElementImpl.dispatchEvent 
(node_modules/jsdom/lib/jsdom/living/events/EventTarget-impl.js:104:17)
      at HTMLInputElement.dispatchEvent 
(node_modules/jsdom/lib/jsdom/living/generated/EventTarget.js:241:34)
      at 
node_modules/@testing-library/user-event/dist/cjs/event/dispatchEvent.js:45:43
      at Object.eventWrapper 
(node_modules/@testing-library/dom/dist/config.js:25:23)
      at Object.wrapEvent 
(node_modules/@testing-library/user-event/dist/cjs/event/wrapEvent.js:6:28)
      at Object.dispatchEvent (node_modules/@testing-library/user-event/dist/cj
s/event/dispatchEvent.js:45:22)
      at Object.dispatchUIEvent (node_modules/@testing-library/user-event/dist/
cjs/event/dispatchEvent.js:22:26)
      at commitInput 
(node_modules/@testing-library/user-event/dist/cjs/event/input.js:145:14)
      at editInputElement 
(node_modules/@testing-library/user-event/dist/cjs/event/input.js:115:9)
      at Object.input 
(node_modules/@testing-library/user-event/dist/cjs/event/input.js:37:9)
      at node_modules/@testing-library/user-event/dist/cjs/event/behavior/keypr
ess.js:31:26
      at Object.dispatchEvent (node_modules/@testing-library/user-event/dist/cj
s/event/dispatchEvent.js:41:13)
      at Object.dispatchUIEvent (node_modules/@testing-library/user-event/dist/
cjs/event/dispatchEvent.js:22:26)
      at KeyboardHost.keydown 
(node_modules/@testing-library/user-event/dist/cjs/system/keyboard.js:76:22)
      at keyboardAction 
(node_modules/@testing-library/user-event/dist/cjs/keyboard/index.js:22:35)
      at Object.keyboard 
(node_modules/@testing-library/user-event/dist/cjs/keyboard/index.js:11:15)
      at Object.type 
(node_modules/@testing-library/user-event/dist/cjs/utility/type.js:17:5)
      at Object.<anonymous> (src/auth/auth.test.tsx:167:9)

    console.error
      Warning: An update to LoginForm inside a test was not wrapped in 
act(...).
      
      When testing, code that causes React state updates should be wrapped 
into act(...):
      
      act(() => {
        /* fire events that update state */
      });
      /* assert on the output */
      
      This ensures that you're testing the behavior the user would see in the 
browser. Learn more at https://reactjs.org/link/wrap-tests-with-act
          at LoginForm (C:\Users\samhe\OneDrive\Desktop\Cleaned\frontend\src\au
th\LoginForm\LoginForm.tsx:41:33)
          at div
          at div
          at LoginPage
          at routeContext (C:\Users\samhe\OneDrive\Desktop\Cleaned\frontend\nod
e_modules\react-router\lib\hooks.tsx:658:26)
          at children (C:\Users\samhe\OneDrive\Desktop\Cleaned\frontend\node_mo
dules\react-router\lib\components.tsx:512:3)
          at basenameProp (C:\Users\samhe\OneDrive\Desktop\Cleaned\frontend\nod
e_modules\react-router\lib\components.tsx:421:13)
          at basename (C:\Users\samhe\OneDrive\Desktop\Cleaned\frontend\node_mo
dules\react-router\lib\components.tsx:225:3)

      123 |                     placeholder="email@company.com"
      124 |                     value={email}
    > 125 |                     onChange={(e) => setEmail(e.target.value)}
          |                                      ^
      126 |                     className="w-full rounded-md border 
border-gray-300 px-3 py-2 text-sm focus:outline-none focus:ring-2 
focus:ring-gray-900 disabled:opacity-50"
      127 |                 />
      128 |             </div>

      at printWarning 
(node_modules/react-dom/cjs/react-dom.development.js:86:30)
      at error (node_modules/react-dom/cjs/react-dom.development.js:60:7)
      at warnIfUpdatesNotWrappedWithActDEV 
(node_modules/react-dom/cjs/react-dom.development.js:27628:9)
      at scheduleUpdateOnFiber 
(node_modules/react-dom/cjs/react-dom.development.js:25547:5)
      at dispatchSetState 
(node_modules/react-dom/cjs/react-dom.development.js:16708:7)
      at onChange (src/auth/LoginForm/LoginForm.tsx:125:38)
      at HTMLUnknownElement.callCallback 
(node_modules/react-dom/cjs/react-dom.development.js:4164:14)
      at HTMLUnknownElement.callTheUserObjectsOperation 
(node_modules/jsdom/lib/jsdom/living/generated/EventListener.js:26:30)
      at innerInvokeEventListeners 
(node_modules/jsdom/lib/jsdom/living/events/EventTarget-impl.js:350:25)
      at invokeEventListeners 
(node_modules/jsdom/lib/jsdom/living/events/EventTarget-impl.js:286:3)
      at HTMLUnknownElementImpl._dispatch 
(node_modules/jsdom/lib/jsdom/living/events/EventTarget-impl.js:233:9)
      at HTMLUnknownElementImpl.dispatchEvent 
(node_modules/jsdom/lib/jsdom/living/events/EventTarget-impl.js:104:17)
      at HTMLUnknownElement.dispatchEvent 
(node_modules/jsdom/lib/jsdom/living/generated/EventTarget.js:241:34)
      at Object.invokeGuardedCallbackDev 
(node_modules/react-dom/cjs/react-dom.development.js:4213:16)
      at invokeGuardedCallback 
(node_modules/react-dom/cjs/react-dom.development.js:4277:31)
      at invokeGuardedCallbackAndCatchFirstError 
(node_modules/react-dom/cjs/react-dom.development.js:4291:25)
      at executeDispatch 
(node_modules/react-dom/cjs/react-dom.development.js:9041:3)
      at processDispatchQueueItemsInOrder 
(node_modules/react-dom/cjs/react-dom.development.js:9073:7)
      at processDispatchQueue 
(node_modules/react-dom/cjs/react-dom.development.js:9086:5)
      at dispatchEventsForPlugins 
(node_modules/react-dom/cjs/react-dom.development.js:9097:3)
      at node_modules/react-dom/cjs/react-dom.development.js:9288:12
      at batchedUpdates$1 
(node_modules/react-dom/cjs/react-dom.development.js:26179:12)
      at batchedUpdates 
(node_modules/react-dom/cjs/react-dom.development.js:3991:12)
      at dispatchEventForPluginEventSystem 
(node_modules/react-dom/cjs/react-dom.development.js:9287:3)
      at dispatchEventWithEnableCapturePhaseSelectiveHydrationWithoutDiscreteEv
entReplay (node_modules/react-dom/cjs/react-dom.development.js:6465:5)
      at dispatchEvent 
(node_modules/react-dom/cjs/react-dom.development.js:6457:5)
      at dispatchDiscreteEvent 
(node_modules/react-dom/cjs/react-dom.development.js:6430:5)
      at HTMLDivElement.callTheUserObjectsOperation 
(node_modules/jsdom/lib/jsdom/living/generated/EventListener.js:26:30)
      at innerInvokeEventListeners 
(node_modules/jsdom/lib/jsdom/living/events/EventTarget-impl.js:350:25)
      at invokeEventListeners 
(node_modules/jsdom/lib/jsdom/living/events/EventTarget-impl.js:286:3)
      at HTMLInputElementImpl._dispatch 
(node_modules/jsdom/lib/jsdom/living/events/EventTarget-impl.js:233:9)
      at HTMLInputElementImpl.dispatchEvent 
(node_modules/jsdom/lib/jsdom/living/events/EventTarget-impl.js:104:17)
      at HTMLInputElement.dispatchEvent 
(node_modules/jsdom/lib/jsdom/living/generated/EventTarget.js:241:34)
      at 
node_modules/@testing-library/user-event/dist/cjs/event/dispatchEvent.js:45:43
      at Object.eventWrapper 
(node_modules/@testing-library/dom/dist/config.js:25:23)
      at Object.wrapEvent 
(node_modules/@testing-library/user-event/dist/cjs/event/wrapEvent.js:6:28)
      at Object.dispatchEvent (node_modules/@testing-library/user-event/dist/cj
s/event/dispatchEvent.js:45:22)
      at Object.dispatchUIEvent (node_modules/@testing-library/user-event/dist/
cjs/event/dispatchEvent.js:22:26)
      at commitInput 
(node_modules/@testing-library/user-event/dist/cjs/event/input.js:145:14)
      at editInputElement 
(node_modules/@testing-library/user-event/dist/cjs/event/input.js:115:9)
      at Object.input 
(node_modules/@testing-library/user-event/dist/cjs/event/input.js:37:9)
      at node_modules/@testing-library/user-event/dist/cjs/event/behavior/keypr
ess.js:31:26
      at Object.dispatchEvent (node_modules/@testing-library/user-event/dist/cj
s/event/dispatchEvent.js:41:13)
      at Object.dispatchUIEvent (node_modules/@testing-library/user-event/dist/
cjs/event/dispatchEvent.js:22:26)
      at KeyboardHost.keydown 
(node_modules/@testing-library/user-event/dist/cjs/system/keyboard.js:76:22)
      at keyboardAction 
(node_modules/@testing-library/user-event/dist/cjs/keyboard/index.js:22:35)
      at Object.keyboard 
(node_modules/@testing-library/user-event/dist/cjs/keyboard/index.js:11:15)
      at Object.type 
(node_modules/@testing-library/user-event/dist/cjs/utility/type.js:17:5)
      at Object.<anonymous> (src/auth/auth.test.tsx:167:9)

    console.error
      Warning: An update to LoginForm inside a test was not wrapped in 
act(...).
      
      When testing, code that causes React state updates should be wrapped 
into act(...):
      
      act(() => {
        /* fire events that update state */
      });
      /* assert on the output */
      
      This ensures that you're testing the behavior the user would see in the 
browser. Learn more at https://reactjs.org/link/wrap-tests-with-act
          at LoginForm (C:\Users\samhe\OneDrive\Desktop\Cleaned\frontend\src\au
th\LoginForm\LoginForm.tsx:41:33)
          at div
          at div
          at LoginPage
          at routeContext (C:\Users\samhe\OneDrive\Desktop\Cleaned\frontend\nod
e_modules\react-router\lib\hooks.tsx:658:26)
          at children (C:\Users\samhe\OneDrive\Desktop\Cleaned\frontend\node_mo
dules\react-router\lib\components.tsx:512:3)
          at basenameProp (C:\Users\samhe\OneDrive\Desktop\Cleaned\frontend\nod
e_modules\react-router\lib\components.tsx:421:13)
          at basename (C:\Users\samhe\OneDrive\Desktop\Cleaned\frontend\node_mo
dules\react-router\lib\components.tsx:225:3)

      141 |                         placeholder="Enter your password"
      142 |                         value={password}
    > 143 |                         onChange={(e) => 
setPassword(e.target.value)}
          |                                          ^
      144 |                         className="w-full rounded-md border 
border-gray-300 px-3 py-2 pr-10 text-sm focus:outline-none focus:ring-2 
focus:ring-gray-900 disabled:opacity-50"
      145 |                     />
      146 |                     <button

      at printWarning 
(node_modules/react-dom/cjs/react-dom.development.js:86:30)
      at error (node_modules/react-dom/cjs/react-dom.development.js:60:7)
      at warnIfUpdatesNotWrappedWithActDEV 
(node_modules/react-dom/cjs/react-dom.development.js:27628:9)
      at scheduleUpdateOnFiber 
(node_modules/react-dom/cjs/react-dom.development.js:25547:5)
      at dispatchSetState 
(node_modules/react-dom/cjs/react-dom.development.js:16708:7)
      at onChange (src/auth/LoginForm/LoginForm.tsx:143:42)
      at HTMLUnknownElement.callCallback 
(node_modules/react-dom/cjs/react-dom.development.js:4164:14)
      at HTMLUnknownElement.callTheUserObjectsOperation 
(node_modules/jsdom/lib/jsdom/living/generated/EventListener.js:26:30)
      at innerInvokeEventListeners 
(node_modules/jsdom/lib/jsdom/living/events/EventTarget-impl.js:350:25)
      at invokeEventListeners 
(node_modules/jsdom/lib/jsdom/living/events/EventTarget-impl.js:286:3)
      at HTMLUnknownElementImpl._dispatch 
(node_modules/jsdom/lib/jsdom/living/events/EventTarget-impl.js:233:9)
      at HTMLUnknownElementImpl.dispatchEvent 
(node_modules/jsdom/lib/jsdom/living/events/EventTarget-impl.js:104:17)
      at HTMLUnknownElement.dispatchEvent 
(node_modules/jsdom/lib/jsdom/living/generated/EventTarget.js:241:34)
      at Object.invokeGuardedCallbackDev 
(node_modules/react-dom/cjs/react-dom.development.js:4213:16)
      at invokeGuardedCallback 
(node_modules/react-dom/cjs/react-dom.development.js:4277:31)
      at invokeGuardedCallbackAndCatchFirstError 
(node_modules/react-dom/cjs/react-dom.development.js:4291:25)
      at executeDispatch 
(node_modules/react-dom/cjs/react-dom.development.js:9041:3)
      at processDispatchQueueItemsInOrder 
(node_modules/react-dom/cjs/react-dom.development.js:9073:7)
      at processDispatchQueue 
(node_modules/react-dom/cjs/react-dom.development.js:9086:5)
      at dispatchEventsForPlugins 
(node_modules/react-dom/cjs/react-dom.development.js:9097:3)
      at node_modules/react-dom/cjs/react-dom.development.js:9288:12
      at batchedUpdates$1 
(node_modules/react-dom/cjs/react-dom.development.js:26179:12)
      at batchedUpdates 
(node_modules/react-dom/cjs/react-dom.development.js:3991:12)
      at dispatchEventForPluginEventSystem 
(node_modules/react-dom/cjs/react-dom.development.js:9287:3)
      at dispatchEventWithEnableCapturePhaseSelectiveHydrationWithoutDiscreteEv
entReplay (node_modules/react-dom/cjs/react-dom.development.js:6465:5)
      at dispatchEvent 
(node_modules/react-dom/cjs/react-dom.development.js:6457:5)
      at dispatchDiscreteEvent 
(node_modules/react-dom/cjs/react-dom.development.js:6430:5)
      at HTMLDivElement.callTheUserObjectsOperation 
(node_modules/jsdom/lib/jsdom/living/generated/EventListener.js:26:30)
      at innerInvokeEventListeners 
(node_modules/jsdom/lib/jsdom/living/events/EventTarget-impl.js:350:25)
      at invokeEventListeners 
(node_modules/jsdom/lib/jsdom/living/events/EventTarget-impl.js:286:3)
      at HTMLInputElementImpl._dispatch 
(node_modules/jsdom/lib/jsdom/living/events/EventTarget-impl.js:233:9)
      at HTMLInputElementImpl.dispatchEvent 
(node_modules/jsdom/lib/jsdom/living/events/EventTarget-impl.js:104:17)
      at HTMLInputElement.dispatchEvent 
(node_modules/jsdom/lib/jsdom/living/generated/EventTarget.js:241:34)
      at 
node_modules/@testing-library/user-event/dist/cjs/event/dispatchEvent.js:45:43
      at Object.eventWrapper 
(node_modules/@testing-library/dom/dist/config.js:25:23)
      at Object.wrapEvent 
(node_modules/@testing-library/user-event/dist/cjs/event/wrapEvent.js:6:28)
      at Object.dispatchEvent (node_modules/@testing-library/user-event/dist/cj
s/event/dispatchEvent.js:45:22)
      at Object.dispatchUIEvent (node_modules/@testing-library/user-event/dist/
cjs/event/dispatchEvent.js:22:26)
      at commitInput 
(node_modules/@testing-library/user-event/dist/cjs/event/input.js:145:14)
      at editInputElement 
(node_modules/@testing-library/user-event/dist/cjs/event/input.js:115:9)
      at Object.input 
(node_modules/@testing-library/user-event/dist/cjs/event/input.js:37:9)
      at node_modules/@testing-library/user-event/dist/cjs/event/behavior/keypr
ess.js:31:26
      at Object.dispatchEvent (node_modules/@testing-library/user-event/dist/cj
s/event/dispatchEvent.js:41:13)
      at Object.dispatchUIEvent (node_modules/@testing-library/user-event/dist/
cjs/event/dispatchEvent.js:22:26)
      at KeyboardHost.keydown 
(node_modules/@testing-library/user-event/dist/cjs/system/keyboard.js:76:22)
      at keyboardAction 
(node_modules/@testing-library/user-event/dist/cjs/keyboard/index.js:22:35)
      at Object.keyboard 
(node_modules/@testing-library/user-event/dist/cjs/keyboard/index.js:11:15)
      at Object.type 
(node_modules/@testing-library/user-event/dist/cjs/utility/type.js:17:5)
      at Object.<anonymous> (src/auth/auth.test.tsx:168:9)

    console.error
      Warning: An update to LoginForm inside a test was not wrapped in 
act(...).
      
      When testing, code that causes React state updates should be wrapped 
into act(...):
      
      act(() => {
        /* fire events that update state */
      });
      /* assert on the output */
      
      This ensures that you're testing the behavior the user would see in the 
browser. Learn more at https://reactjs.org/link/wrap-tests-with-act
          at LoginForm (C:\Users\samhe\OneDrive\Desktop\Cleaned\frontend\src\au
th\LoginForm\LoginForm.tsx:41:33)
          at div
          at div
          at LoginPage
          at routeContext (C:\Users\samhe\OneDrive\Desktop\Cleaned\frontend\nod
e_modules\react-router\lib\hooks.tsx:658:26)
          at children (C:\Users\samhe\OneDrive\Desktop\Cleaned\frontend\node_mo
dules\react-router\lib\components.tsx:512:3)
          at basenameProp (C:\Users\samhe\OneDrive\Desktop\Cleaned\frontend\nod
e_modules\react-router\lib\components.tsx:421:13)
          at basename (C:\Users\samhe\OneDrive\Desktop\Cleaned\frontend\node_mo
dules\react-router\lib\components.tsx:225:3)

      141 |                         placeholder="Enter your password"
      142 |                         value={password}
    > 143 |                         onChange={(e) => 
setPassword(e.target.value)}
          |                                          ^
      144 |                         className="w-full rounded-md border 
border-gray-300 px-3 py-2 pr-10 text-sm focus:outline-none focus:ring-2 
focus:ring-gray-900 disabled:opacity-50"
      145 |                     />
      146 |                     <button

      at printWarning 
(node_modules/react-dom/cjs/react-dom.development.js:86:30)
      at error (node_modules/react-dom/cjs/react-dom.development.js:60:7)
      at warnIfUpdatesNotWrappedWithActDEV 
(node_modules/react-dom/cjs/react-dom.development.js:27628:9)
      at scheduleUpdateOnFiber 
(node_modules/react-dom/cjs/react-dom.development.js:25547:5)
      at dispatchSetState 
(node_modules/react-dom/cjs/react-dom.development.js:16708:7)
      at onChange (src/auth/LoginForm/LoginForm.tsx:143:42)
      at HTMLUnknownElement.callCallback 
(node_modules/react-dom/cjs/react-dom.development.js:4164:14)
      at HTMLUnknownElement.callTheUserObjectsOperation 
(node_modules/jsdom/lib/jsdom/living/generated/EventListener.js:26:30)
      at innerInvokeEventListeners 
(node_modules/jsdom/lib/jsdom/living/events/EventTarget-impl.js:350:25)
      at invokeEventListeners 
(node_modules/jsdom/lib/jsdom/living/events/EventTarget-impl.js:286:3)
      at HTMLUnknownElementImpl._dispatch 
(node_modules/jsdom/lib/jsdom/living/events/EventTarget-impl.js:233:9)
      at HTMLUnknownElementImpl.dispatchEvent 
(node_modules/jsdom/lib/jsdom/living/events/EventTarget-impl.js:104:17)
      at HTMLUnknownElement.dispatchEvent 
(node_modules/jsdom/lib/jsdom/living/generated/EventTarget.js:241:34)
      at Object.invokeGuardedCallbackDev 
(node_modules/react-dom/cjs/react-dom.development.js:4213:16)
      at invokeGuardedCallback 
(node_modules/react-dom/cjs/react-dom.development.js:4277:31)
      at invokeGuardedCallbackAndCatchFirstError 
(node_modules/react-dom/cjs/react-dom.development.js:4291:25)
      at executeDispatch 
(node_modules/react-dom/cjs/react-dom.development.js:9041:3)
      at processDispatchQueueItemsInOrder 
(node_modules/react-dom/cjs/react-dom.development.js:9073:7)
      at processDispatchQueue 
(node_modules/react-dom/cjs/react-dom.development.js:9086:5)
      at dispatchEventsForPlugins 
(node_modules/react-dom/cjs/react-dom.development.js:9097:3)
      at node_modules/react-dom/cjs/react-dom.development.js:9288:12
      at batchedUpdates$1 
(node_modules/react-dom/cjs/react-dom.development.js:26179:12)
      at batchedUpdates 
(node_modules/react-dom/cjs/react-dom.development.js:3991:12)
      at dispatchEventForPluginEventSystem 
(node_modules/react-dom/cjs/react-dom.development.js:9287:3)
      at dispatchEventWithEnableCapturePhaseSelectiveHydrationWithoutDiscreteEv
entReplay (node_modules/react-dom/cjs/react-dom.development.js:6465:5)
      at dispatchEvent 
(node_modules/react-dom/cjs/react-dom.development.js:6457:5)
      at dispatchDiscreteEvent 
(node_modules/react-dom/cjs/react-dom.development.js:6430:5)
      at HTMLDivElement.callTheUserObjectsOperation 
(node_modules/jsdom/lib/jsdom/living/generated/EventListener.js:26:30)
      at innerInvokeEventListeners 
(node_modules/jsdom/lib/jsdom/living/events/EventTarget-impl.js:350:25)
      at invokeEventListeners 
(node_modules/jsdom/lib/jsdom/living/events/EventTarget-impl.js:286:3)
      at HTMLInputElementImpl._dispatch 
(node_modules/jsdom/lib/jsdom/living/events/EventTarget-impl.js:233:9)
      at HTMLInputElementImpl.dispatchEvent 
(node_modules/jsdom/lib/jsdom/living/events/EventTarget-impl.js:104:17)
      at HTMLInputElement.dispatchEvent 
(node_modules/jsdom/lib/jsdom/living/generated/EventTarget.js:241:34)
      at 
node_modules/@testing-library/user-event/dist/cjs/event/dispatchEvent.js:45:43
      at Object.eventWrapper 
(node_modules/@testing-library/dom/dist/config.js:25:23)
      at Object.wrapEvent 
(node_modules/@testing-library/user-event/dist/cjs/event/wrapEvent.js:6:28)
      at Object.dispatchEvent (node_modules/@testing-library/user-event/dist/cj
s/event/dispatchEvent.js:45:22)
      at Object.dispatchUIEvent (node_modules/@testing-library/user-event/dist/
cjs/event/dispatchEvent.js:22:26)
      at commitInput 
(node_modules/@testing-library/user-event/dist/cjs/event/input.js:145:14)
      at editInputElement 
(node_modules/@testing-library/user-event/dist/cjs/event/input.js:115:9)
      at Object.input 
(node_modules/@testing-library/user-event/dist/cjs/event/input.js:37:9)
      at node_modules/@testing-library/user-event/dist/cjs/event/behavior/keypr
ess.js:31:26
      at Object.dispatchEvent (node_modules/@testing-library/user-event/dist/cj
s/event/dispatchEvent.js:41:13)
      at Object.dispatchUIEvent (node_modules/@testing-library/user-event/dist/
cjs/event/dispatchEvent.js:22:26)
      at KeyboardHost.keydown 
(node_modules/@testing-library/user-event/dist/cjs/system/keyboard.js:76:22)
      at keyboardAction 
(node_modules/@testing-library/user-event/dist/cjs/keyboard/index.js:22:35)
      at Object.keyboard 
(node_modules/@testing-library/user-event/dist/cjs/keyboard/index.js:11:15)
      at Object.type 
(node_modules/@testing-library/user-event/dist/cjs/utility/type.js:17:5)
      at Object.<anonymous> (src/auth/auth.test.tsx:168:9)

    console.error
      Warning: An update to LoginForm inside a test was not wrapped in 
act(...).
      
      When testing, code that causes React state updates should be wrapped 
into act(...):
      
      act(() => {
        /* fire events that update state */
      });
      /* assert on the output */
      
      This ensures that you're testing the behavior the user would see in the 
browser. Learn more at https://reactjs.org/link/wrap-tests-with-act
          at LoginForm (C:\Users\samhe\OneDrive\Desktop\Cleaned\frontend\src\au
th\LoginForm\LoginForm.tsx:41:33)
          at div
          at div
          at LoginPage
          at routeContext (C:\Users\samhe\OneDrive\Desktop\Cleaned\frontend\nod
e_modules\react-router\lib\hooks.tsx:658:26)
          at children (C:\Users\samhe\OneDrive\Desktop\Cleaned\frontend\node_mo
dules\react-router\lib\components.tsx:512:3)
          at basenameProp (C:\Users\samhe\OneDrive\Desktop\Cleaned\frontend\nod
e_modules\react-router\lib\components.tsx:421:13)
          at basename (C:\Users\samhe\OneDrive\Desktop\Cleaned\frontend\node_mo
dules\react-router\lib\components.tsx:225:3)

      141 |                         placeholder="Enter your password"
      142 |                         value={password}
    > 143 |                         onChange={(e) => 
setPassword(e.target.value)}
          |                                          ^
      144 |                         className="w-full rounded-md border 
border-gray-300 px-3 py-2 pr-10 text-sm focus:outline-none focus:ring-2 
focus:ring-gray-900 disabled:opacity-50"
      145 |                     />
      146 |                     <button

      at printWarning 
(node_modules/react-dom/cjs/react-dom.development.js:86:30)
      at error (node_modules/react-dom/cjs/react-dom.development.js:60:7)
      at warnIfUpdatesNotWrappedWithActDEV 
(node_modules/react-dom/cjs/react-dom.development.js:27628:9)
      at scheduleUpdateOnFiber 
(node_modules/react-dom/cjs/react-dom.development.js:25547:5)
      at dispatchSetState 
(node_modules/react-dom/cjs/react-dom.development.js:16708:7)
      at onChange (src/auth/LoginForm/LoginForm.tsx:143:42)
      at HTMLUnknownElement.callCallback 
(node_modules/react-dom/cjs/react-dom.development.js:4164:14)
      at HTMLUnknownElement.callTheUserObjectsOperation 
(node_modules/jsdom/lib/jsdom/living/generated/EventListener.js:26:30)
      at innerInvokeEventListeners 
(node_modules/jsdom/lib/jsdom/living/events/EventTarget-impl.js:350:25)
      at invokeEventListeners 
(node_modules/jsdom/lib/jsdom/living/events/EventTarget-impl.js:286:3)
      at HTMLUnknownElementImpl._dispatch 
(node_modules/jsdom/lib/jsdom/living/events/EventTarget-impl.js:233:9)
      at HTMLUnknownElementImpl.dispatchEvent 
(node_modules/jsdom/lib/jsdom/living/events/EventTarget-impl.js:104:17)
      at HTMLUnknownElement.dispatchEvent 
(node_modules/jsdom/lib/jsdom/living/generated/EventTarget.js:241:34)
      at Object.invokeGuardedCallbackDev 
(node_modules/react-dom/cjs/react-dom.development.js:4213:16)
      at invokeGuardedCallback 
(node_modules/react-dom/cjs/react-dom.development.js:4277:31)
      at invokeGuardedCallbackAndCatchFirstError 
(node_modules/react-dom/cjs/react-dom.development.js:4291:25)
      at executeDispatch 
(node_modules/react-dom/cjs/react-dom.development.js:9041:3)
      at processDispatchQueueItemsInOrder 
(node_modules/react-dom/cjs/react-dom.development.js:9073:7)
      at processDispatchQueue 
(node_modules/react-dom/cjs/react-dom.development.js:9086:5)
      at dispatchEventsForPlugins 
(node_modules/react-dom/cjs/react-dom.development.js:9097:3)
      at node_modules/react-dom/cjs/react-dom.development.js:9288:12
      at batchedUpdates$1 
(node_modules/react-dom/cjs/react-dom.development.js:26179:12)
      at batchedUpdates 
(node_modules/react-dom/cjs/react-dom.development.js:3991:12)
      at dispatchEventForPluginEventSystem 
(node_modules/react-dom/cjs/react-dom.development.js:9287:3)
      at dispatchEventWithEnableCapturePhaseSelectiveHydrationWithoutDiscreteEv
entReplay (node_modules/react-dom/cjs/react-dom.development.js:6465:5)
      at dispatchEvent 
(node_modules/react-dom/cjs/react-dom.development.js:6457:5)
      at dispatchDiscreteEvent 
(node_modules/react-dom/cjs/react-dom.development.js:6430:5)
      at HTMLDivElement.callTheUserObjectsOperation 
(node_modules/jsdom/lib/jsdom/living/generated/EventListener.js:26:30)
      at innerInvokeEventListeners 
(node_modules/jsdom/lib/jsdom/living/events/EventTarget-impl.js:350:25)
      at invokeEventListeners 
(node_modules/jsdom/lib/jsdom/living/events/EventTarget-impl.js:286:3)
      at HTMLInputElementImpl._dispatch 
(node_modules/jsdom/lib/jsdom/living/events/EventTarget-impl.js:233:9)
      at HTMLInputElementImpl.dispatchEvent 
(node_modules/jsdom/lib/jsdom/living/events/EventTarget-impl.js:104:17)
      at HTMLInputElement.dispatchEvent 
(node_modules/jsdom/lib/jsdom/living/generated/EventTarget.js:241:34)
      at 
node_modules/@testing-library/user-event/dist/cjs/event/dispatchEvent.js:45:43
      at Object.eventWrapper 
(node_modules/@testing-library/dom/dist/config.js:25:23)
      at Object.wrapEvent 
(node_modules/@testing-library/user-event/dist/cjs/event/wrapEvent.js:6:28)
      at Object.dispatchEvent (node_modules/@testing-library/user-event/dist/cj
s/event/dispatchEvent.js:45:22)
      at Object.dispatchUIEvent (node_modules/@testing-library/user-event/dist/
cjs/event/dispatchEvent.js:22:26)
      at commitInput 
(node_modules/@testing-library/user-event/dist/cjs/event/input.js:145:14)
      at editInputElement 
(node_modules/@testing-library/user-event/dist/cjs/event/input.js:115:9)
      at Object.input 
(node_modules/@testing-library/user-event/dist/cjs/event/input.js:37:9)
      at node_modules/@testing-library/user-event/dist/cjs/event/behavior/keypr
ess.js:31:26
      at Object.dispatchEvent (node_modules/@testing-library/user-event/dist/cj
s/event/dispatchEvent.js:41:13)
      at Object.dispatchUIEvent (node_modules/@testing-library/user-event/dist/
cjs/event/dispatchEvent.js:22:26)
      at KeyboardHost.keydown 
(node_modules/@testing-library/user-event/dist/cjs/system/keyboard.js:76:22)
      at keyboardAction 
(node_modules/@testing-library/user-event/dist/cjs/keyboard/index.js:22:35)
      at Object.keyboard 
(node_modules/@testing-library/user-event/dist/cjs/keyboard/index.js:11:15)
      at Object.type 
(node_modules/@testing-library/user-event/dist/cjs/utility/type.js:17:5)
      at Object.<anonymous> (src/auth/auth.test.tsx:168:9)

    console.error
      Warning: An update to LoginForm inside a test was not wrapped in 
act(...).
      
      When testing, code that causes React state updates should be wrapped 
into act(...):
      
      act(() => {
        /* fire events that update state */
      });
      /* assert on the output */
      
      This ensures that you're testing the behavior the user would see in the 
browser. Learn more at https://reactjs.org/link/wrap-tests-with-act
          at LoginForm (C:\Users\samhe\OneDrive\Desktop\Cleaned\frontend\src\au
th\LoginForm\LoginForm.tsx:41:33)
          at div
          at div
          at LoginPage
          at routeContext (C:\Users\samhe\OneDrive\Desktop\Cleaned\frontend\nod
e_modules\react-router\lib\hooks.tsx:658:26)
          at children (C:\Users\samhe\OneDrive\Desktop\Cleaned\frontend\node_mo
dules\react-router\lib\components.tsx:512:3)
          at basenameProp (C:\Users\samhe\OneDrive\Desktop\Cleaned\frontend\nod
e_modules\react-router\lib\components.tsx:421:13)
          at basename (C:\Users\samhe\OneDrive\Desktop\Cleaned\frontend\node_mo
dules\react-router\lib\components.tsx:225:3)

      141 |                         placeholder="Enter your password"
      142 |                         value={password}
    > 143 |                         onChange={(e) => 
setPassword(e.target.value)}
          |                                          ^
      144 |                         className="w-full rounded-md border 
border-gray-300 px-3 py-2 pr-10 text-sm focus:outline-none focus:ring-2 
focus:ring-gray-900 disabled:opacity-50"
      145 |                     />
      146 |                     <button

      at printWarning 
(node_modules/react-dom/cjs/react-dom.development.js:86:30)
      at error (node_modules/react-dom/cjs/react-dom.development.js:60:7)
      at warnIfUpdatesNotWrappedWithActDEV 
(node_modules/react-dom/cjs/react-dom.development.js:27628:9)
      at scheduleUpdateOnFiber 
(node_modules/react-dom/cjs/react-dom.development.js:25547:5)
      at dispatchSetState 
(node_modules/react-dom/cjs/react-dom.development.js:16708:7)
      at onChange (src/auth/LoginForm/LoginForm.tsx:143:42)
      at HTMLUnknownElement.callCallback 
(node_modules/react-dom/cjs/react-dom.development.js:4164:14)
      at HTMLUnknownElement.callTheUserObjectsOperation 
(node_modules/jsdom/lib/jsdom/living/generated/EventListener.js:26:30)
      at innerInvokeEventListeners 
(node_modules/jsdom/lib/jsdom/living/events/EventTarget-impl.js:350:25)
      at invokeEventListeners 
(node_modules/jsdom/lib/jsdom/living/events/EventTarget-impl.js:286:3)
      at HTMLUnknownElementImpl._dispatch 
(node_modules/jsdom/lib/jsdom/living/events/EventTarget-impl.js:233:9)
      at HTMLUnknownElementImpl.dispatchEvent 
(node_modules/jsdom/lib/jsdom/living/events/EventTarget-impl.js:104:17)
      at HTMLUnknownElement.dispatchEvent 
(node_modules/jsdom/lib/jsdom/living/generated/EventTarget.js:241:34)
      at Object.invokeGuardedCallbackDev 
(node_modules/react-dom/cjs/react-dom.development.js:4213:16)
      at invokeGuardedCallback 
(node_modules/react-dom/cjs/react-dom.development.js:4277:31)
      at invokeGuardedCallbackAndCatchFirstError 
(node_modules/react-dom/cjs/react-dom.development.js:4291:25)
      at executeDispatch 
(node_modules/react-dom/cjs/react-dom.development.js:9041:3)
      at processDispatchQueueItemsInOrder 
(node_modules/react-dom/cjs/react-dom.development.js:9073:7)
      at processDispatchQueue 
(node_modules/react-dom/cjs/react-dom.development.js:9086:5)
      at dispatchEventsForPlugins 
(node_modules/react-dom/cjs/react-dom.development.js:9097:3)
      at node_modules/react-dom/cjs/react-dom.development.js:9288:12
      at batchedUpdates$1 
(node_modules/react-dom/cjs/react-dom.development.js:26179:12)
      at batchedUpdates 
(node_modules/react-dom/cjs/react-dom.development.js:3991:12)
      at dispatchEventForPluginEventSystem 
(node_modules/react-dom/cjs/react-dom.development.js:9287:3)
      at dispatchEventWithEnableCapturePhaseSelectiveHydrationWithoutDiscreteEv
entReplay (node_modules/react-dom/cjs/react-dom.development.js:6465:5)
      at dispatchEvent 
(node_modules/react-dom/cjs/react-dom.development.js:6457:5)
      at dispatchDiscreteEvent 
(node_modules/react-dom/cjs/react-dom.development.js:6430:5)
      at HTMLDivElement.callTheUserObjectsOperation 
(node_modules/jsdom/lib/jsdom/living/generated/EventListener.js:26:30)
      at innerInvokeEventListeners 
(node_modules/jsdom/lib/jsdom/living/events/EventTarget-impl.js:350:25)
      at invokeEventListeners 
(node_modules/jsdom/lib/jsdom/living/events/EventTarget-impl.js:286:3)
      at HTMLInputElementImpl._dispatch 
(node_modules/jsdom/lib/jsdom/living/events/EventTarget-impl.js:233:9)
      at HTMLInputElementImpl.dispatchEvent 
(node_modules/jsdom/lib/jsdom/living/events/EventTarget-impl.js:104:17)
      at HTMLInputElement.dispatchEvent 
(node_modules/jsdom/lib/jsdom/living/generated/EventTarget.js:241:34)
      at 
node_modules/@testing-library/user-event/dist/cjs/event/dispatchEvent.js:45:43
      at Object.eventWrapper 
(node_modules/@testing-library/dom/dist/config.js:25:23)
      at Object.wrapEvent 
(node_modules/@testing-library/user-event/dist/cjs/event/wrapEvent.js:6:28)
      at Object.dispatchEvent (node_modules/@testing-library/user-event/dist/cj
s/event/dispatchEvent.js:45:22)
      at Object.dispatchUIEvent (node_modules/@testing-library/user-event/dist/
cjs/event/dispatchEvent.js:22:26)
      at commitInput 
(node_modules/@testing-library/user-event/dist/cjs/event/input.js:145:14)
      at editInputElement 
(node_modules/@testing-library/user-event/dist/cjs/event/input.js:115:9)
      at Object.input 
(node_modules/@testing-library/user-event/dist/cjs/event/input.js:37:9)
      at node_modules/@testing-library/user-event/dist/cjs/event/behavior/keypr
ess.js:31:26
      at Object.dispatchEvent (node_modules/@testing-library/user-event/dist/cj
s/event/dispatchEvent.js:41:13)
      at Object.dispatchUIEvent (node_modules/@testing-library/user-event/dist/
cjs/event/dispatchEvent.js:22:26)
      at KeyboardHost.keydown 
(node_modules/@testing-library/user-event/dist/cjs/system/keyboard.js:76:22)
      at keyboardAction 
(node_modules/@testing-library/user-event/dist/cjs/keyboard/index.js:22:35)
      at Object.keyboard 
(node_modules/@testing-library/user-event/dist/cjs/keyboard/index.js:11:15)
      at Object.type 
(node_modules/@testing-library/user-event/dist/cjs/utility/type.js:17:5)
      at Object.<anonymous> (src/auth/auth.test.tsx:168:9)

    console.error
      Warning: An update to LoginForm inside a test was not wrapped in 
act(...).
      
      When testing, code that causes React state updates should be wrapped 
into act(...):
      
      act(() => {
        /* fire events that update state */
      });
      /* assert on the output */
      
      This ensures that you're testing the behavior the user would see in the 
browser. Learn more at https://reactjs.org/link/wrap-tests-with-act
          at LoginForm (C:\Users\samhe\OneDrive\Desktop\Cleaned\frontend\src\au
th\LoginForm\LoginForm.tsx:41:33)
          at div
          at div
          at LoginPage
          at routeContext (C:\Users\samhe\OneDrive\Desktop\Cleaned\frontend\nod
e_modules\react-router\lib\hooks.tsx:658:26)
          at children (C:\Users\samhe\OneDrive\Desktop\Cleaned\frontend\node_mo
dules\react-router\lib\components.tsx:512:3)
          at basenameProp (C:\Users\samhe\OneDrive\Desktop\Cleaned\frontend\nod
e_modules\react-router\lib\components.tsx:421:13)
          at basename (C:\Users\samhe\OneDrive\Desktop\Cleaned\frontend\node_mo
dules\react-router\lib\components.tsx:225:3)

      141 |                         placeholder="Enter your password"
      142 |                         value={password}
    > 143 |                         onChange={(e) => 
setPassword(e.target.value)}
          |                                          ^
      144 |                         className="w-full rounded-md border 
border-gray-300 px-3 py-2 pr-10 text-sm focus:outline-none focus:ring-2 
focus:ring-gray-900 disabled:opacity-50"
      145 |                     />
      146 |                     <button

      at printWarning 
(node_modules/react-dom/cjs/react-dom.development.js:86:30)
      at error (node_modules/react-dom/cjs/react-dom.development.js:60:7)
      at warnIfUpdatesNotWrappedWithActDEV 
(node_modules/react-dom/cjs/react-dom.development.js:27628:9)
      at scheduleUpdateOnFiber 
(node_modules/react-dom/cjs/react-dom.development.js:25547:5)
      at dispatchSetState 
(node_modules/react-dom/cjs/react-dom.development.js:16708:7)
      at onChange (src/auth/LoginForm/LoginForm.tsx:143:42)
      at HTMLUnknownElement.callCallback 
(node_modules/react-dom/cjs/react-dom.development.js:4164:14)
      at HTMLUnknownElement.callTheUserObjectsOperation 
(node_modules/jsdom/lib/jsdom/living/generated/EventListener.js:26:30)
      at innerInvokeEventListeners 
(node_modules/jsdom/lib/jsdom/living/events/EventTarget-impl.js:350:25)
      at invokeEventListeners 
(node_modules/jsdom/lib/jsdom/living/events/EventTarget-impl.js:286:3)
      at HTMLUnknownElementImpl._dispatch 
(node_modules/jsdom/lib/jsdom/living/events/EventTarget-impl.js:233:9)
      at HTMLUnknownElementImpl.dispatchEvent 
(node_modules/jsdom/lib/jsdom/living/events/EventTarget-impl.js:104:17)
      at HTMLUnknownElement.dispatchEvent 
(node_modules/jsdom/lib/jsdom/living/generated/EventTarget.js:241:34)
      at Object.invokeGuardedCallbackDev 
(node_modules/react-dom/cjs/react-dom.development.js:4213:16)
      at invokeGuardedCallback 
(node_modules/react-dom/cjs/react-dom.development.js:4277:31)
      at invokeGuardedCallbackAndCatchFirstError 
(node_modules/react-dom/cjs/react-dom.development.js:4291:25)
      at executeDispatch 
(node_modules/react-dom/cjs/react-dom.development.js:9041:3)
      at processDispatchQueueItemsInOrder 
(node_modules/react-dom/cjs/react-dom.development.js:9073:7)
      at processDispatchQueue 
(node_modules/react-dom/cjs/react-dom.development.js:9086:5)
      at dispatchEventsForPlugins 
(node_modules/react-dom/cjs/react-dom.development.js:9097:3)
      at node_modules/react-dom/cjs/react-dom.development.js:9288:12
      at batchedUpdates$1 
(node_modules/react-dom/cjs/react-dom.development.js:26179:12)
      at batchedUpdates 
(node_modules/react-dom/cjs/react-dom.development.js:3991:12)
      at dispatchEventForPluginEventSystem 
(node_modules/react-dom/cjs/react-dom.development.js:9287:3)
      at dispatchEventWithEnableCapturePhaseSelectiveHydrationWithoutDiscreteEv
entReplay (node_modules/react-dom/cjs/react-dom.development.js:6465:5)
      at dispatchEvent 
(node_modules/react-dom/cjs/react-dom.development.js:6457:5)
      at dispatchDiscreteEvent 
(node_modules/react-dom/cjs/react-dom.development.js:6430:5)
      at HTMLDivElement.callTheUserObjectsOperation 
(node_modules/jsdom/lib/jsdom/living/generated/EventListener.js:26:30)
      at innerInvokeEventListeners 
(node_modules/jsdom/lib/jsdom/living/events/EventTarget-impl.js:350:25)
      at invokeEventListeners 
(node_modules/jsdom/lib/jsdom/living/events/EventTarget-impl.js:286:3)
      at HTMLInputElementImpl._dispatch 
(node_modules/jsdom/lib/jsdom/living/events/EventTarget-impl.js:233:9)
      at HTMLInputElementImpl.dispatchEvent 
(node_modules/jsdom/lib/jsdom/living/events/EventTarget-impl.js:104:17)
      at HTMLInputElement.dispatchEvent 
(node_modules/jsdom/lib/jsdom/living/generated/EventTarget.js:241:34)
      at 
node_modules/@testing-library/user-event/dist/cjs/event/dispatchEvent.js:45:43
      at Object.eventWrapper 
(node_modules/@testing-library/dom/dist/config.js:25:23)
      at Object.wrapEvent 
(node_modules/@testing-library/user-event/dist/cjs/event/wrapEvent.js:6:28)
      at Object.dispatchEvent (node_modules/@testing-library/user-event/dist/cj
s/event/dispatchEvent.js:45:22)
      at Object.dispatchUIEvent (node_modules/@testing-library/user-event/dist/
cjs/event/dispatchEvent.js:22:26)
      at commitInput 
(node_modules/@testing-library/user-event/dist/cjs/event/input.js:145:14)
      at editInputElement 
(node_modules/@testing-library/user-event/dist/cjs/event/input.js:115:9)
      at Object.input 
(node_modules/@testing-library/user-event/dist/cjs/event/input.js:37:9)
      at node_modules/@testing-library/user-event/dist/cjs/event/behavior/keypr
ess.js:31:26
      at Object.dispatchEvent (node_modules/@testing-library/user-event/dist/cj
s/event/dispatchEvent.js:41:13)
      at Object.dispatchUIEvent (node_modules/@testing-library/user-event/dist/
cjs/event/dispatchEvent.js:22:26)
      at KeyboardHost.keydown 
(node_modules/@testing-library/user-event/dist/cjs/system/keyboard.js:76:22)
      at keyboardAction 
(node_modules/@testing-library/user-event/dist/cjs/keyboard/index.js:22:35)
      at Object.keyboard 
(node_modules/@testing-library/user-event/dist/cjs/keyboard/index.js:11:15)
      at Object.type 
(node_modules/@testing-library/user-event/dist/cjs/utility/type.js:17:5)
      at Object.<anonymous> (src/auth/auth.test.tsx:168:9)

    console.error
      Warning: An update to LoginForm inside a test was not wrapped in 
act(...).
      
      When testing, code that causes React state updates should be wrapped 
into act(...):
      
      act(() => {
        /* fire events that update state */
      });
      /* assert on the output */
      
      This ensures that you're testing the behavior the user would see in the 
browser. Learn more at https://reactjs.org/link/wrap-tests-with-act
          at LoginForm (C:\Users\samhe\OneDrive\Desktop\Cleaned\frontend\src\au
th\LoginForm\LoginForm.tsx:41:33)
          at div
          at div
          at LoginPage
          at routeContext (C:\Users\samhe\OneDrive\Desktop\Cleaned\frontend\nod
e_modules\react-router\lib\hooks.tsx:658:26)
          at children (C:\Users\samhe\OneDrive\Desktop\Cleaned\frontend\node_mo
dules\react-router\lib\components.tsx:512:3)
          at basenameProp (C:\Users\samhe\OneDrive\Desktop\Cleaned\frontend\nod
e_modules\react-router\lib\components.tsx:421:13)
          at basename (C:\Users\samhe\OneDrive\Desktop\Cleaned\frontend\node_mo
dules\react-router\lib\components.tsx:225:3)

      141 |                         placeholder="Enter your password"
      142 |                         value={password}
    > 143 |                         onChange={(e) => 
setPassword(e.target.value)}
          |                                          ^
      144 |                         className="w-full rounded-md border 
border-gray-300 px-3 py-2 pr-10 text-sm focus:outline-none focus:ring-2 
focus:ring-gray-900 disabled:opacity-50"
      145 |                     />
      146 |                     <button

      at printWarning 
(node_modules/react-dom/cjs/react-dom.development.js:86:30)
      at error (node_modules/react-dom/cjs/react-dom.development.js:60:7)
      at warnIfUpdatesNotWrappedWithActDEV 
(node_modules/react-dom/cjs/react-dom.development.js:27628:9)
      at scheduleUpdateOnFiber 
(node_modules/react-dom/cjs/react-dom.development.js:25547:5)
      at dispatchSetState 
(node_modules/react-dom/cjs/react-dom.development.js:16708:7)
      at onChange (src/auth/LoginForm/LoginForm.tsx:143:42)
      at HTMLUnknownElement.callCallback 
(node_modules/react-dom/cjs/react-dom.development.js:4164:14)
      at HTMLUnknownElement.callTheUserObjectsOperation 
(node_modules/jsdom/lib/jsdom/living/generated/EventListener.js:26:30)
      at innerInvokeEventListeners 
(node_modules/jsdom/lib/jsdom/living/events/EventTarget-impl.js:350:25)
      at invokeEventListeners 
(node_modules/jsdom/lib/jsdom/living/events/EventTarget-impl.js:286:3)
      at HTMLUnknownElementImpl._dispatch 
(node_modules/jsdom/lib/jsdom/living/events/EventTarget-impl.js:233:9)
      at HTMLUnknownElementImpl.dispatchEvent 
(node_modules/jsdom/lib/jsdom/living/events/EventTarget-impl.js:104:17)
      at HTMLUnknownElement.dispatchEvent 
(node_modules/jsdom/lib/jsdom/living/generated/EventTarget.js:241:34)
      at Object.invokeGuardedCallbackDev 
(node_modules/react-dom/cjs/react-dom.development.js:4213:16)
      at invokeGuardedCallback 
(node_modules/react-dom/cjs/react-dom.development.js:4277:31)
      at invokeGuardedCallbackAndCatchFirstError 
(node_modules/react-dom/cjs/react-dom.development.js:4291:25)
      at executeDispatch 
(node_modules/react-dom/cjs/react-dom.development.js:9041:3)
      at processDispatchQueueItemsInOrder 
(node_modules/react-dom/cjs/react-dom.development.js:9073:7)
      at processDispatchQueue 
(node_modules/react-dom/cjs/react-dom.development.js:9086:5)
      at dispatchEventsForPlugins 
(node_modules/react-dom/cjs/react-dom.development.js:9097:3)
      at node_modules/react-dom/cjs/react-dom.development.js:9288:12
      at batchedUpdates$1 
(node_modules/react-dom/cjs/react-dom.development.js:26179:12)
      at batchedUpdates 
(node_modules/react-dom/cjs/react-dom.development.js:3991:12)
      at dispatchEventForPluginEventSystem 
(node_modules/react-dom/cjs/react-dom.development.js:9287:3)
      at dispatchEventWithEnableCapturePhaseSelectiveHydrationWithoutDiscreteEv
entReplay (node_modules/react-dom/cjs/react-dom.development.js:6465:5)
      at dispatchEvent 
(node_modules/react-dom/cjs/react-dom.development.js:6457:5)
      at dispatchDiscreteEvent 
(node_modules/react-dom/cjs/react-dom.development.js:6430:5)
      at HTMLDivElement.callTheUserObjectsOperation 
(node_modules/jsdom/lib/jsdom/living/generated/EventListener.js:26:30)
      at innerInvokeEventListeners 
(node_modules/jsdom/lib/jsdom/living/events/EventTarget-impl.js:350:25)
      at invokeEventListeners 
(node_modules/jsdom/lib/jsdom/living/events/EventTarget-impl.js:286:3)
      at HTMLInputElementImpl._dispatch 
(node_modules/jsdom/lib/jsdom/living/events/EventTarget-impl.js:233:9)
      at HTMLInputElementImpl.dispatchEvent 
(node_modules/jsdom/lib/jsdom/living/events/EventTarget-impl.js:104:17)
      at HTMLInputElement.dispatchEvent 
(node_modules/jsdom/lib/jsdom/living/generated/EventTarget.js:241:34)
      at 
node_modules/@testing-library/user-event/dist/cjs/event/dispatchEvent.js:45:43
      at Object.eventWrapper 
(node_modules/@testing-library/dom/dist/config.js:25:23)
      at Object.wrapEvent 
(node_modules/@testing-library/user-event/dist/cjs/event/wrapEvent.js:6:28)
      at Object.dispatchEvent (node_modules/@testing-library/user-event/dist/cj
s/event/dispatchEvent.js:45:22)
      at Object.dispatchUIEvent (node_modules/@testing-library/user-event/dist/
cjs/event/dispatchEvent.js:22:26)
      at commitInput 
(node_modules/@testing-library/user-event/dist/cjs/event/input.js:145:14)
      at editInputElement 
(node_modules/@testing-library/user-event/dist/cjs/event/input.js:115:9)
      at Object.input 
(node_modules/@testing-library/user-event/dist/cjs/event/input.js:37:9)
      at node_modules/@testing-library/user-event/dist/cjs/event/behavior/keypr
ess.js:31:26
      at Object.dispatchEvent (node_modules/@testing-library/user-event/dist/cj
s/event/dispatchEvent.js:41:13)
      at Object.dispatchUIEvent (node_modules/@testing-library/user-event/dist/
cjs/event/dispatchEvent.js:22:26)
      at KeyboardHost.keydown 
(node_modules/@testing-library/user-event/dist/cjs/system/keyboard.js:76:22)
      at keyboardAction 
(node_modules/@testing-library/user-event/dist/cjs/keyboard/index.js:22:35)
      at Object.keyboard 
(node_modules/@testing-library/user-event/dist/cjs/keyboard/index.js:11:15)
      at Object.type 
(node_modules/@testing-library/user-event/dist/cjs/utility/type.js:17:5)
      at Object.<anonymous> (src/auth/auth.test.tsx:168:9)

    console.error
      Warning: An update to LoginForm inside a test was not wrapped in 
act(...).
      
      When testing, code that causes React state updates should be wrapped 
into act(...):
      
      act(() => {
        /* fire events that update state */
      });
      /* assert on the output */
      
      This ensures that you're testing the behavior the user would see in the 
browser. Learn more at https://reactjs.org/link/wrap-tests-with-act
          at LoginForm (C:\Users\samhe\OneDrive\Desktop\Cleaned\frontend\src\au
th\LoginForm\LoginForm.tsx:41:33)
          at div
          at div
          at LoginPage
          at routeContext (C:\Users\samhe\OneDrive\Desktop\Cleaned\frontend\nod
e_modules\react-router\lib\hooks.tsx:658:26)
          at children (C:\Users\samhe\OneDrive\Desktop\Cleaned\frontend\node_mo
dules\react-router\lib\components.tsx:512:3)
          at basenameProp (C:\Users\samhe\OneDrive\Desktop\Cleaned\frontend\nod
e_modules\react-router\lib\components.tsx:421:13)
          at basename (C:\Users\samhe\OneDrive\Desktop\Cleaned\frontend\node_mo
dules\react-router\lib\components.tsx:225:3)

      141 |                         placeholder="Enter your password"
      142 |                         value={password}
    > 143 |                         onChange={(e) => 
setPassword(e.target.value)}
          |                                          ^
      144 |                         className="w-full rounded-md border 
border-gray-300 px-3 py-2 pr-10 text-sm focus:outline-none focus:ring-2 
focus:ring-gray-900 disabled:opacity-50"
      145 |                     />
      146 |                     <button

      at printWarning 
(node_modules/react-dom/cjs/react-dom.development.js:86:30)
      at error (node_modules/react-dom/cjs/react-dom.development.js:60:7)
      at warnIfUpdatesNotWrappedWithActDEV 
(node_modules/react-dom/cjs/react-dom.development.js:27628:9)
      at scheduleUpdateOnFiber 
(node_modules/react-dom/cjs/react-dom.development.js:25547:5)
      at dispatchSetState 
(node_modules/react-dom/cjs/react-dom.development.js:16708:7)
      at onChange (src/auth/LoginForm/LoginForm.tsx:143:42)
      at HTMLUnknownElement.callCallback 
(node_modules/react-dom/cjs/react-dom.development.js:4164:14)
      at HTMLUnknownElement.callTheUserObjectsOperation 
(node_modules/jsdom/lib/jsdom/living/generated/EventListener.js:26:30)
      at innerInvokeEventListeners 
(node_modules/jsdom/lib/jsdom/living/events/EventTarget-impl.js:350:25)
      at invokeEventListeners 
(node_modules/jsdom/lib/jsdom/living/events/EventTarget-impl.js:286:3)
      at HTMLUnknownElementImpl._dispatch 
(node_modules/jsdom/lib/jsdom/living/events/EventTarget-impl.js:233:9)
      at HTMLUnknownElementImpl.dispatchEvent 
(node_modules/jsdom/lib/jsdom/living/events/EventTarget-impl.js:104:17)
      at HTMLUnknownElement.dispatchEvent 
(node_modules/jsdom/lib/jsdom/living/generated/EventTarget.js:241:34)
      at Object.invokeGuardedCallbackDev 
(node_modules/react-dom/cjs/react-dom.development.js:4213:16)
      at invokeGuardedCallback 
(node_modules/react-dom/cjs/react-dom.development.js:4277:31)
      at invokeGuardedCallbackAndCatchFirstError 
(node_modules/react-dom/cjs/react-dom.development.js:4291:25)
      at executeDispatch 
(node_modules/react-dom/cjs/react-dom.development.js:9041:3)
      at processDispatchQueueItemsInOrder 
(node_modules/react-dom/cjs/react-dom.development.js:9073:7)
      at processDispatchQueue 
(node_modules/react-dom/cjs/react-dom.development.js:9086:5)
      at dispatchEventsForPlugins 
(node_modules/react-dom/cjs/react-dom.development.js:9097:3)
      at node_modules/react-dom/cjs/react-dom.development.js:9288:12
      at batchedUpdates$1 
(node_modules/react-dom/cjs/react-dom.development.js:26179:12)
      at batchedUpdates 
(node_modules/react-dom/cjs/react-dom.development.js:3991:12)
      at dispatchEventForPluginEventSystem 
(node_modules/react-dom/cjs/react-dom.development.js:9287:3)
      at dispatchEventWithEnableCapturePhaseSelectiveHydrationWithoutDiscreteEv
entReplay (node_modules/react-dom/cjs/react-dom.development.js:6465:5)
      at dispatchEvent 
(node_modules/react-dom/cjs/react-dom.development.js:6457:5)
      at dispatchDiscreteEvent 
(node_modules/react-dom/cjs/react-dom.development.js:6430:5)
      at HTMLDivElement.callTheUserObjectsOperation 
(node_modules/jsdom/lib/jsdom/living/generated/EventListener.js:26:30)
      at innerInvokeEventListeners 
(node_modules/jsdom/lib/jsdom/living/events/EventTarget-impl.js:350:25)
      at invokeEventListeners 
(node_modules/jsdom/lib/jsdom/living/events/EventTarget-impl.js:286:3)
      at HTMLInputElementImpl._dispatch 
(node_modules/jsdom/lib/jsdom/living/events/EventTarget-impl.js:233:9)
      at HTMLInputElementImpl.dispatchEvent 
(node_modules/jsdom/lib/jsdom/living/events/EventTarget-impl.js:104:17)
      at HTMLInputElement.dispatchEvent 
(node_modules/jsdom/lib/jsdom/living/generated/EventTarget.js:241:34)
      at 
node_modules/@testing-library/user-event/dist/cjs/event/dispatchEvent.js:45:43
      at Object.eventWrapper 
(node_modules/@testing-library/dom/dist/config.js:25:23)
      at Object.wrapEvent 
(node_modules/@testing-library/user-event/dist/cjs/event/wrapEvent.js:6:28)
      at Object.dispatchEvent (node_modules/@testing-library/user-event/dist/cj
s/event/dispatchEvent.js:45:22)
      at Object.dispatchUIEvent (node_modules/@testing-library/user-event/dist/
cjs/event/dispatchEvent.js:22:26)
      at commitInput 
(node_modules/@testing-library/user-event/dist/cjs/event/input.js:145:14)
      at editInputElement 
(node_modules/@testing-library/user-event/dist/cjs/event/input.js:115:9)
      at Object.input 
(node_modules/@testing-library/user-event/dist/cjs/event/input.js:37:9)
      at node_modules/@testing-library/user-event/dist/cjs/event/behavior/keypr
ess.js:31:26
      at Object.dispatchEvent (node_modules/@testing-library/user-event/dist/cj
s/event/dispatchEvent.js:41:13)
      at Object.dispatchUIEvent (node_modules/@testing-library/user-event/dist/
cjs/event/dispatchEvent.js:22:26)
      at KeyboardHost.keydown 
(node_modules/@testing-library/user-event/dist/cjs/system/keyboard.js:76:22)
      at keyboardAction 
(node_modules/@testing-library/user-event/dist/cjs/keyboard/index.js:22:35)
      at Object.keyboard 
(node_modules/@testing-library/user-event/dist/cjs/keyboard/index.js:11:15)
      at Object.type 
(node_modules/@testing-library/user-event/dist/cjs/utility/type.js:17:5)
      at Object.<anonymous> (src/auth/auth.test.tsx:168:9)

    console.error
      Warning: An update to LoginForm inside a test was not wrapped in 
act(...).
      
      When testing, code that causes React state updates should be wrapped 
into act(...):
      
      act(() => {
        /* fire events that update state */
      });
      /* assert on the output */
      
      This ensures that you're testing the behavior the user would see in the 
browser. Learn more at https://reactjs.org/link/wrap-tests-with-act
          at LoginForm (C:\Users\samhe\OneDrive\Desktop\Cleaned\frontend\src\au
th\LoginForm\LoginForm.tsx:41:33)
          at div
          at div
          at LoginPage
          at routeContext (C:\Users\samhe\OneDrive\Desktop\Cleaned\frontend\nod
e_modules\react-router\lib\hooks.tsx:658:26)
          at children (C:\Users\samhe\OneDrive\Desktop\Cleaned\frontend\node_mo
dules\react-router\lib\components.tsx:512:3)
          at basenameProp (C:\Users\samhe\OneDrive\Desktop\Cleaned\frontend\nod
e_modules\react-router\lib\components.tsx:421:13)
          at basename (C:\Users\samhe\OneDrive\Desktop\Cleaned\frontend\node_mo
dules\react-router\lib\components.tsx:225:3)

      141 |                         placeholder="Enter your password"
      142 |                         value={password}
    > 143 |                         onChange={(e) => 
setPassword(e.target.value)}
          |                                          ^
      144 |                         className="w-full rounded-md border 
border-gray-300 px-3 py-2 pr-10 text-sm focus:outline-none focus:ring-2 
focus:ring-gray-900 disabled:opacity-50"
      145 |                     />
      146 |                     <button

      at printWarning 
(node_modules/react-dom/cjs/react-dom.development.js:86:30)
      at error (node_modules/react-dom/cjs/react-dom.development.js:60:7)
      at warnIfUpdatesNotWrappedWithActDEV 
(node_modules/react-dom/cjs/react-dom.development.js:27628:9)
      at scheduleUpdateOnFiber 
(node_modules/react-dom/cjs/react-dom.development.js:25547:5)
      at dispatchSetState 
(node_modules/react-dom/cjs/react-dom.development.js:16708:7)
      at onChange (src/auth/LoginForm/LoginForm.tsx:143:42)
      at HTMLUnknownElement.callCallback 
(node_modules/react-dom/cjs/react-dom.development.js:4164:14)
      at HTMLUnknownElement.callTheUserObjectsOperation 
(node_modules/jsdom/lib/jsdom/living/generated/EventListener.js:26:30)
      at innerInvokeEventListeners 
(node_modules/jsdom/lib/jsdom/living/events/EventTarget-impl.js:350:25)
      at invokeEventListeners 
(node_modules/jsdom/lib/jsdom/living/events/EventTarget-impl.js:286:3)
      at HTMLUnknownElementImpl._dispatch 
(node_modules/jsdom/lib/jsdom/living/events/EventTarget-impl.js:233:9)
      at HTMLUnknownElementImpl.dispatchEvent 
(node_modules/jsdom/lib/jsdom/living/events/EventTarget-impl.js:104:17)
      at HTMLUnknownElement.dispatchEvent 
(node_modules/jsdom/lib/jsdom/living/generated/EventTarget.js:241:34)
      at Object.invokeGuardedCallbackDev 
(node_modules/react-dom/cjs/react-dom.development.js:4213:16)
      at invokeGuardedCallback 
(node_modules/react-dom/cjs/react-dom.development.js:4277:31)
      at invokeGuardedCallbackAndCatchFirstError 
(node_modules/react-dom/cjs/react-dom.development.js:4291:25)
      at executeDispatch 
(node_modules/react-dom/cjs/react-dom.development.js:9041:3)
      at processDispatchQueueItemsInOrder 
(node_modules/react-dom/cjs/react-dom.development.js:9073:7)
      at processDispatchQueue 
(node_modules/react-dom/cjs/react-dom.development.js:9086:5)
      at dispatchEventsForPlugins 
(node_modules/react-dom/cjs/react-dom.development.js:9097:3)
      at node_modules/react-dom/cjs/react-dom.development.js:9288:12
      at batchedUpdates$1 
(node_modules/react-dom/cjs/react-dom.development.js:26179:12)
      at batchedUpdates 
(node_modules/react-dom/cjs/react-dom.development.js:3991:12)
      at dispatchEventForPluginEventSystem 
(node_modules/react-dom/cjs/react-dom.development.js:9287:3)
      at dispatchEventWithEnableCapturePhaseSelectiveHydrationWithoutDiscreteEv
entReplay (node_modules/react-dom/cjs/react-dom.development.js:6465:5)
      at dispatchEvent 
(node_modules/react-dom/cjs/react-dom.development.js:6457:5)
      at dispatchDiscreteEvent 
(node_modules/react-dom/cjs/react-dom.development.js:6430:5)
      at HTMLDivElement.callTheUserObjectsOperation 
(node_modules/jsdom/lib/jsdom/living/generated/EventListener.js:26:30)
      at innerInvokeEventListeners 
(node_modules/jsdom/lib/jsdom/living/events/EventTarget-impl.js:350:25)
      at invokeEventListeners 
(node_modules/jsdom/lib/jsdom/living/events/EventTarget-impl.js:286:3)
      at HTMLInputElementImpl._dispatch 
(node_modules/jsdom/lib/jsdom/living/events/EventTarget-impl.js:233:9)
      at HTMLInputElementImpl.dispatchEvent 
(node_modules/jsdom/lib/jsdom/living/events/EventTarget-impl.js:104:17)
      at HTMLInputElement.dispatchEvent 
(node_modules/jsdom/lib/jsdom/living/generated/EventTarget.js:241:34)
      at 
node_modules/@testing-library/user-event/dist/cjs/event/dispatchEvent.js:45:43
      at Object.eventWrapper 
(node_modules/@testing-library/dom/dist/config.js:25:23)
      at Object.wrapEvent 
(node_modules/@testing-library/user-event/dist/cjs/event/wrapEvent.js:6:28)
      at Object.dispatchEvent (node_modules/@testing-library/user-event/dist/cj
s/event/dispatchEvent.js:45:22)
      at Object.dispatchUIEvent (node_modules/@testing-library/user-event/dist/
cjs/event/dispatchEvent.js:22:26)
      at commitInput 
(node_modules/@testing-library/user-event/dist/cjs/event/input.js:145:14)
      at editInputElement 
(node_modules/@testing-library/user-event/dist/cjs/event/input.js:115:9)
      at Object.input 
(node_modules/@testing-library/user-event/dist/cjs/event/input.js:37:9)
      at node_modules/@testing-library/user-event/dist/cjs/event/behavior/keypr
ess.js:31:26
      at Object.dispatchEvent (node_modules/@testing-library/user-event/dist/cj
s/event/dispatchEvent.js:41:13)
      at Object.dispatchUIEvent (node_modules/@testing-library/user-event/dist/
cjs/event/dispatchEvent.js:22:26)
      at KeyboardHost.keydown 
(node_modules/@testing-library/user-event/dist/cjs/system/keyboard.js:76:22)
      at keyboardAction 
(node_modules/@testing-library/user-event/dist/cjs/keyboard/index.js:22:35)
      at Object.keyboard 
(node_modules/@testing-library/user-event/dist/cjs/keyboard/index.js:11:15)
      at Object.type 
(node_modules/@testing-library/user-event/dist/cjs/utility/type.js:17:5)
      at Object.<anonymous> (src/auth/auth.test.tsx:168:9)

    console.error
      Warning: An update to LoginForm inside a test was not wrapped in 
act(...).
      
      When testing, code that causes React state updates should be wrapped 
into act(...):
      
      act(() => {
        /* fire events that update state */
      });
      /* assert on the output */
      
      This ensures that you're testing the behavior the user would see in the 
browser. Learn more at https://reactjs.org/link/wrap-tests-with-act
          at LoginForm (C:\Users\samhe\OneDrive\Desktop\Cleaned\frontend\src\au
th\LoginForm\LoginForm.tsx:41:33)
          at div
          at div
          at LoginPage
          at routeContext (C:\Users\samhe\OneDrive\Desktop\Cleaned\frontend\nod
e_modules\react-router\lib\hooks.tsx:658:26)
          at children (C:\Users\samhe\OneDrive\Desktop\Cleaned\frontend\node_mo
dules\react-router\lib\components.tsx:512:3)
          at basenameProp (C:\Users\samhe\OneDrive\Desktop\Cleaned\frontend\nod
e_modules\react-router\lib\components.tsx:421:13)
          at basename (C:\Users\samhe\OneDrive\Desktop\Cleaned\frontend\node_mo
dules\react-router\lib\components.tsx:225:3)

      141 |                         placeholder="Enter your password"
      142 |                         value={password}
    > 143 |                         onChange={(e) => 
setPassword(e.target.value)}
          |                                          ^
      144 |                         className="w-full rounded-md border 
border-gray-300 px-3 py-2 pr-10 text-sm focus:outline-none focus:ring-2 
focus:ring-gray-900 disabled:opacity-50"
      145 |                     />
      146 |                     <button

      at printWarning 
(node_modules/react-dom/cjs/react-dom.development.js:86:30)
      at error (node_modules/react-dom/cjs/react-dom.development.js:60:7)
      at warnIfUpdatesNotWrappedWithActDEV 
(node_modules/react-dom/cjs/react-dom.development.js:27628:9)
      at scheduleUpdateOnFiber 
(node_modules/react-dom/cjs/react-dom.development.js:25547:5)
      at dispatchSetState 
(node_modules/react-dom/cjs/react-dom.development.js:16708:7)
      at onChange (src/auth/LoginForm/LoginForm.tsx:143:42)
      at HTMLUnknownElement.callCallback 
(node_modules/react-dom/cjs/react-dom.development.js:4164:14)
      at HTMLUnknownElement.callTheUserObjectsOperation 
(node_modules/jsdom/lib/jsdom/living/generated/EventListener.js:26:30)
      at innerInvokeEventListeners 
(node_modules/jsdom/lib/jsdom/living/events/EventTarget-impl.js:350:25)
      at invokeEventListeners 
(node_modules/jsdom/lib/jsdom/living/events/EventTarget-impl.js:286:3)
      at HTMLUnknownElementImpl._dispatch 
(node_modules/jsdom/lib/jsdom/living/events/EventTarget-impl.js:233:9)
      at HTMLUnknownElementImpl.dispatchEvent 
(node_modules/jsdom/lib/jsdom/living/events/EventTarget-impl.js:104:17)
      at HTMLUnknownElement.dispatchEvent 
(node_modules/jsdom/lib/jsdom/living/generated/EventTarget.js:241:34)
      at Object.invokeGuardedCallbackDev 
(node_modules/react-dom/cjs/react-dom.development.js:4213:16)
      at invokeGuardedCallback 
(node_modules/react-dom/cjs/react-dom.development.js:4277:31)
      at invokeGuardedCallbackAndCatchFirstError 
(node_modules/react-dom/cjs/react-dom.development.js:4291:25)
      at executeDispatch 
(node_modules/react-dom/cjs/react-dom.development.js:9041:3)
      at processDispatchQueueItemsInOrder 
(node_modules/react-dom/cjs/react-dom.development.js:9073:7)
      at processDispatchQueue 
(node_modules/react-dom/cjs/react-dom.development.js:9086:5)
      at dispatchEventsForPlugins 
(node_modules/react-dom/cjs/react-dom.development.js:9097:3)
      at node_modules/react-dom/cjs/react-dom.development.js:9288:12
      at batchedUpdates$1 
(node_modules/react-dom/cjs/react-dom.development.js:26179:12)
      at batchedUpdates 
(node_modules/react-dom/cjs/react-dom.development.js:3991:12)
      at dispatchEventForPluginEventSystem 
(node_modules/react-dom/cjs/react-dom.development.js:9287:3)
      at dispatchEventWithEnableCapturePhaseSelectiveHydrationWithoutDiscreteEv
entReplay (node_modules/react-dom/cjs/react-dom.development.js:6465:5)
      at dispatchEvent 
(node_modules/react-dom/cjs/react-dom.development.js:6457:5)
      at dispatchDiscreteEvent 
(node_modules/react-dom/cjs/react-dom.development.js:6430:5)
      at HTMLDivElement.callTheUserObjectsOperation 
(node_modules/jsdom/lib/jsdom/living/generated/EventListener.js:26:30)
      at innerInvokeEventListeners 
(node_modules/jsdom/lib/jsdom/living/events/EventTarget-impl.js:350:25)
      at invokeEventListeners 
(node_modules/jsdom/lib/jsdom/living/events/EventTarget-impl.js:286:3)
      at HTMLInputElementImpl._dispatch 
(node_modules/jsdom/lib/jsdom/living/events/EventTarget-impl.js:233:9)
      at HTMLInputElementImpl.dispatchEvent 
(node_modules/jsdom/lib/jsdom/living/events/EventTarget-impl.js:104:17)
      at HTMLInputElement.dispatchEvent 
(node_modules/jsdom/lib/jsdom/living/generated/EventTarget.js:241:34)
      at 
node_modules/@testing-library/user-event/dist/cjs/event/dispatchEvent.js:45:43
      at Object.eventWrapper 
(node_modules/@testing-library/dom/dist/config.js:25:23)
      at Object.wrapEvent 
(node_modules/@testing-library/user-event/dist/cjs/event/wrapEvent.js:6:28)
      at Object.dispatchEvent (node_modules/@testing-library/user-event/dist/cj
s/event/dispatchEvent.js:45:22)
      at Object.dispatchUIEvent (node_modules/@testing-library/user-event/dist/
cjs/event/dispatchEvent.js:22:26)
      at commitInput 
(node_modules/@testing-library/user-event/dist/cjs/event/input.js:145:14)
      at editInputElement 
(node_modules/@testing-library/user-event/dist/cjs/event/input.js:115:9)
      at Object.input 
(node_modules/@testing-library/user-event/dist/cjs/event/input.js:37:9)
      at node_modules/@testing-library/user-event/dist/cjs/event/behavior/keypr
ess.js:31:26
      at Object.dispatchEvent (node_modules/@testing-library/user-event/dist/cj
s/event/dispatchEvent.js:41:13)
      at Object.dispatchUIEvent (node_modules/@testing-library/user-event/dist/
cjs/event/dispatchEvent.js:22:26)
      at KeyboardHost.keydown 
(node_modules/@testing-library/user-event/dist/cjs/system/keyboard.js:76:22)
      at keyboardAction 
(node_modules/@testing-library/user-event/dist/cjs/keyboard/index.js:22:35)
      at Object.keyboard 
(node_modules/@testing-library/user-event/dist/cjs/keyboard/index.js:11:15)
      at Object.type 
(node_modules/@testing-library/user-event/dist/cjs/utility/type.js:17:5)
      at Object.<anonymous> (src/auth/auth.test.tsx:168:9)

    console.error
      Warning: An update to LoginForm inside a test was not wrapped in 
act(...).
      
      When testing, code that causes React state updates should be wrapped 
into act(...):
      
      act(() => {
        /* fire events that update state */
      });
      /* assert on the output */
      
      This ensures that you're testing the behavior the user would see in the 
browser. Learn more at https://reactjs.org/link/wrap-tests-with-act
          at LoginForm (C:\Users\samhe\OneDrive\Desktop\Cleaned\frontend\src\au
th\LoginForm\LoginForm.tsx:41:33)
          at div
          at div
          at LoginPage
          at routeContext (C:\Users\samhe\OneDrive\Desktop\Cleaned\frontend\nod
e_modules\react-router\lib\hooks.tsx:658:26)
          at children (C:\Users\samhe\OneDrive\Desktop\Cleaned\frontend\node_mo
dules\react-router\lib\components.tsx:512:3)
          at basenameProp (C:\Users\samhe\OneDrive\Desktop\Cleaned\frontend\nod
e_modules\react-router\lib\components.tsx:421:13)
          at basename (C:\Users\samhe\OneDrive\Desktop\Cleaned\frontend\node_mo
dules\react-router\lib\components.tsx:225:3)

      141 |                         placeholder="Enter your password"
      142 |                         value={password}
    > 143 |                         onChange={(e) => 
setPassword(e.target.value)}
          |                                          ^
      144 |                         className="w-full rounded-md border 
border-gray-300 px-3 py-2 pr-10 text-sm focus:outline-none focus:ring-2 
focus:ring-gray-900 disabled:opacity-50"
      145 |                     />
      146 |                     <button

      at printWarning 
(node_modules/react-dom/cjs/react-dom.development.js:86:30)
      at error (node_modules/react-dom/cjs/react-dom.development.js:60:7)
      at warnIfUpdatesNotWrappedWithActDEV 
(node_modules/react-dom/cjs/react-dom.development.js:27628:9)
      at scheduleUpdateOnFiber 
(node_modules/react-dom/cjs/react-dom.development.js:25547:5)
      at dispatchSetState 
(node_modules/react-dom/cjs/react-dom.development.js:16708:7)
      at onChange (src/auth/LoginForm/LoginForm.tsx:143:42)
      at HTMLUnknownElement.callCallback 
(node_modules/react-dom/cjs/react-dom.development.js:4164:14)
      at HTMLUnknownElement.callTheUserObjectsOperation 
(node_modules/jsdom/lib/jsdom/living/generated/EventListener.js:26:30)
      at innerInvokeEventListeners 
(node_modules/jsdom/lib/jsdom/living/events/EventTarget-impl.js:350:25)
      at invokeEventListeners 
(node_modules/jsdom/lib/jsdom/living/events/EventTarget-impl.js:286:3)
      at HTMLUnknownElementImpl._dispatch 
(node_modules/jsdom/lib/jsdom/living/events/EventTarget-impl.js:233:9)
      at HTMLUnknownElementImpl.dispatchEvent 
(node_modules/jsdom/lib/jsdom/living/events/EventTarget-impl.js:104:17)
      at HTMLUnknownElement.dispatchEvent 
(node_modules/jsdom/lib/jsdom/living/generated/EventTarget.js:241:34)
      at Object.invokeGuardedCallbackDev 
(node_modules/react-dom/cjs/react-dom.development.js:4213:16)
      at invokeGuardedCallback 
(node_modules/react-dom/cjs/react-dom.development.js:4277:31)
      at invokeGuardedCallbackAndCatchFirstError 
(node_modules/react-dom/cjs/react-dom.development.js:4291:25)
      at executeDispatch 
(node_modules/react-dom/cjs/react-dom.development.js:9041:3)
      at processDispatchQueueItemsInOrder 
(node_modules/react-dom/cjs/react-dom.development.js:9073:7)
      at processDispatchQueue 
(node_modules/react-dom/cjs/react-dom.development.js:9086:5)
      at dispatchEventsForPlugins 
(node_modules/react-dom/cjs/react-dom.development.js:9097:3)
      at node_modules/react-dom/cjs/react-dom.development.js:9288:12
      at batchedUpdates$1 
(node_modules/react-dom/cjs/react-dom.development.js:26179:12)
      at batchedUpdates 
(node_modules/react-dom/cjs/react-dom.development.js:3991:12)
      at dispatchEventForPluginEventSystem 
(node_modules/react-dom/cjs/react-dom.development.js:9287:3)
      at dispatchEventWithEnableCapturePhaseSelectiveHydrationWithoutDiscreteEv
entReplay (node_modules/react-dom/cjs/react-dom.development.js:6465:5)
      at dispatchEvent 
(node_modules/react-dom/cjs/react-dom.development.js:6457:5)
      at dispatchDiscreteEvent 
(node_modules/react-dom/cjs/react-dom.development.js:6430:5)
      at HTMLDivElement.callTheUserObjectsOperation 
(node_modules/jsdom/lib/jsdom/living/generated/EventListener.js:26:30)
      at innerInvokeEventListeners 
(node_modules/jsdom/lib/jsdom/living/events/EventTarget-impl.js:350:25)
      at invokeEventListeners 
(node_modules/jsdom/lib/jsdom/living/events/EventTarget-impl.js:286:3)
      at HTMLInputElementImpl._dispatch 
(node_modules/jsdom/lib/jsdom/living/events/EventTarget-impl.js:233:9)
      at HTMLInputElementImpl.dispatchEvent 
(node_modules/jsdom/lib/jsdom/living/events/EventTarget-impl.js:104:17)
      at HTMLInputElement.dispatchEvent 
(node_modules/jsdom/lib/jsdom/living/generated/EventTarget.js:241:34)
      at 
node_modules/@testing-library/user-event/dist/cjs/event/dispatchEvent.js:45:43
      at Object.eventWrapper 
(node_modules/@testing-library/dom/dist/config.js:25:23)
      at Object.wrapEvent 
(node_modules/@testing-library/user-event/dist/cjs/event/wrapEvent.js:6:28)
      at Object.dispatchEvent (node_modules/@testing-library/user-event/dist/cj
s/event/dispatchEvent.js:45:22)
      at Object.dispatchUIEvent (node_modules/@testing-library/user-event/dist/
cjs/event/dispatchEvent.js:22:26)
      at commitInput 
(node_modules/@testing-library/user-event/dist/cjs/event/input.js:145:14)
      at editInputElement 
(node_modules/@testing-library/user-event/dist/cjs/event/input.js:115:9)
      at Object.input 
(node_modules/@testing-library/user-event/dist/cjs/event/input.js:37:9)
      at node_modules/@testing-library/user-event/dist/cjs/event/behavior/keypr
ess.js:31:26
      at Object.dispatchEvent (node_modules/@testing-library/user-event/dist/cj
s/event/dispatchEvent.js:41:13)
      at Object.dispatchUIEvent (node_modules/@testing-library/user-event/dist/
cjs/event/dispatchEvent.js:22:26)
      at KeyboardHost.keydown 
(node_modules/@testing-library/user-event/dist/cjs/system/keyboard.js:76:22)
      at keyboardAction 
(node_modules/@testing-library/user-event/dist/cjs/keyboard/index.js:22:35)
      at Object.keyboard 
(node_modules/@testing-library/user-event/dist/cjs/keyboard/index.js:11:15)
      at Object.type 
(node_modules/@testing-library/user-event/dist/cjs/utility/type.js:17:5)
      at Object.<anonymous> (src/auth/auth.test.tsx:168:9)

    console.error
      Warning: An update to LoginForm inside a test was not wrapped in 
act(...).
      
      When testing, code that causes React state updates should be wrapped 
into act(...):
      
      act(() => {
        /* fire events that update state */
      });
      /* assert on the output */
      
      This ensures that you're testing the behavior the user would see in the 
browser. Learn more at https://reactjs.org/link/wrap-tests-with-act
          at LoginForm (C:\Users\samhe\OneDrive\Desktop\Cleaned\frontend\src\au
th\LoginForm\LoginForm.tsx:41:33)
          at div
          at div
          at LoginPage
          at routeContext (C:\Users\samhe\OneDrive\Desktop\Cleaned\frontend\nod
e_modules\react-router\lib\hooks.tsx:658:26)
          at children (C:\Users\samhe\OneDrive\Desktop\Cleaned\frontend\node_mo
dules\react-router\lib\components.tsx:512:3)
          at basenameProp (C:\Users\samhe\OneDrive\Desktop\Cleaned\frontend\nod
e_modules\react-router\lib\components.tsx:421:13)
          at basename (C:\Users\samhe\OneDrive\Desktop\Cleaned\frontend\node_mo
dules\react-router\lib\components.tsx:225:3)

      141 |                         placeholder="Enter your password"
      142 |                         value={password}
    > 143 |                         onChange={(e) => 
setPassword(e.target.value)}
          |                                          ^
      144 |                         className="w-full rounded-md border 
border-gray-300 px-3 py-2 pr-10 text-sm focus:outline-none focus:ring-2 
focus:ring-gray-900 disabled:opacity-50"
      145 |                     />
      146 |                     <button

      at printWarning 
(node_modules/react-dom/cjs/react-dom.development.js:86:30)
      at error (node_modules/react-dom/cjs/react-dom.development.js:60:7)
      at warnIfUpdatesNotWrappedWithActDEV 
(node_modules/react-dom/cjs/react-dom.development.js:27628:9)
      at scheduleUpdateOnFiber 
(node_modules/react-dom/cjs/react-dom.development.js:25547:5)
      at dispatchSetState 
(node_modules/react-dom/cjs/react-dom.development.js:16708:7)
      at onChange (src/auth/LoginForm/LoginForm.tsx:143:42)
      at HTMLUnknownElement.callCallback 
(node_modules/react-dom/cjs/react-dom.development.js:4164:14)
      at HTMLUnknownElement.callTheUserObjectsOperation 
(node_modules/jsdom/lib/jsdom/living/generated/EventListener.js:26:30)
      at innerInvokeEventListeners 
(node_modules/jsdom/lib/jsdom/living/events/EventTarget-impl.js:350:25)
      at invokeEventListeners 
(node_modules/jsdom/lib/jsdom/living/events/EventTarget-impl.js:286:3)
      at HTMLUnknownElementImpl._dispatch 
(node_modules/jsdom/lib/jsdom/living/events/EventTarget-impl.js:233:9)
      at HTMLUnknownElementImpl.dispatchEvent 
(node_modules/jsdom/lib/jsdom/living/events/EventTarget-impl.js:104:17)
      at HTMLUnknownElement.dispatchEvent 
(node_modules/jsdom/lib/jsdom/living/generated/EventTarget.js:241:34)
      at Object.invokeGuardedCallbackDev 
(node_modules/react-dom/cjs/react-dom.development.js:4213:16)
      at invokeGuardedCallback 
(node_modules/react-dom/cjs/react-dom.development.js:4277:31)
      at invokeGuardedCallbackAndCatchFirstError 
(node_modules/react-dom/cjs/react-dom.development.js:4291:25)
      at executeDispatch 
(node_modules/react-dom/cjs/react-dom.development.js:9041:3)
      at processDispatchQueueItemsInOrder 
(node_modules/react-dom/cjs/react-dom.development.js:9073:7)
      at processDispatchQueue 
(node_modules/react-dom/cjs/react-dom.development.js:9086:5)
      at dispatchEventsForPlugins 
(node_modules/react-dom/cjs/react-dom.development.js:9097:3)
      at node_modules/react-dom/cjs/react-dom.development.js:9288:12
      at batchedUpdates$1 
(node_modules/react-dom/cjs/react-dom.development.js:26179:12)
      at batchedUpdates 
(node_modules/react-dom/cjs/react-dom.development.js:3991:12)
      at dispatchEventForPluginEventSystem 
(node_modules/react-dom/cjs/react-dom.development.js:9287:3)
      at dispatchEventWithEnableCapturePhaseSelectiveHydrationWithoutDiscreteEv
entReplay (node_modules/react-dom/cjs/react-dom.development.js:6465:5)
      at dispatchEvent 
(node_modules/react-dom/cjs/react-dom.development.js:6457:5)
      at dispatchDiscreteEvent 
(node_modules/react-dom/cjs/react-dom.development.js:6430:5)
      at HTMLDivElement.callTheUserObjectsOperation 
(node_modules/jsdom/lib/jsdom/living/generated/EventListener.js:26:30)
      at innerInvokeEventListeners 
(node_modules/jsdom/lib/jsdom/living/events/EventTarget-impl.js:350:25)
      at invokeEventListeners 
(node_modules/jsdom/lib/jsdom/living/events/EventTarget-impl.js:286:3)
      at HTMLInputElementImpl._dispatch 
(node_modules/jsdom/lib/jsdom/living/events/EventTarget-impl.js:233:9)
      at HTMLInputElementImpl.dispatchEvent 
(node_modules/jsdom/lib/jsdom/living/events/EventTarget-impl.js:104:17)
      at HTMLInputElement.dispatchEvent 
(node_modules/jsdom/lib/jsdom/living/generated/EventTarget.js:241:34)
      at 
node_modules/@testing-library/user-event/dist/cjs/event/dispatchEvent.js:45:43
      at Object.eventWrapper 
(node_modules/@testing-library/dom/dist/config.js:25:23)
      at Object.wrapEvent 
(node_modules/@testing-library/user-event/dist/cjs/event/wrapEvent.js:6:28)
      at Object.dispatchEvent (node_modules/@testing-library/user-event/dist/cj
s/event/dispatchEvent.js:45:22)
      at Object.dispatchUIEvent (node_modules/@testing-library/user-event/dist/
cjs/event/dispatchEvent.js:22:26)
      at commitInput 
(node_modules/@testing-library/user-event/dist/cjs/event/input.js:145:14)
      at editInputElement 
(node_modules/@testing-library/user-event/dist/cjs/event/input.js:115:9)
      at Object.input 
(node_modules/@testing-library/user-event/dist/cjs/event/input.js:37:9)
      at node_modules/@testing-library/user-event/dist/cjs/event/behavior/keypr
ess.js:31:26
      at Object.dispatchEvent (node_modules/@testing-library/user-event/dist/cj
s/event/dispatchEvent.js:41:13)
      at Object.dispatchUIEvent (node_modules/@testing-library/user-event/dist/
cjs/event/dispatchEvent.js:22:26)
      at KeyboardHost.keydown 
(node_modules/@testing-library/user-event/dist/cjs/system/keyboard.js:76:22)
      at keyboardAction 
(node_modules/@testing-library/user-event/dist/cjs/keyboard/index.js:22:35)
      at Object.keyboard 
(node_modules/@testing-library/user-event/dist/cjs/keyboard/index.js:11:15)
      at Object.type 
(node_modules/@testing-library/user-event/dist/cjs/utility/type.js:17:5)
      at Object.<anonymous> (src/auth/auth.test.tsx:168:9)

    console.error
      Warning: An update to LoginForm inside a test was not wrapped in 
act(...).
      
      When testing, code that causes React state updates should be wrapped 
into act(...):
      
      act(() => {
        /* fire events that update state */
      });
      /* assert on the output */
      
      This ensures that you're testing the behavior the user would see in the 
browser. Learn more at https://reactjs.org/link/wrap-tests-with-act
          at LoginForm (C:\Users\samhe\OneDrive\Desktop\Cleaned\frontend\src\au
th\LoginForm\LoginForm.tsx:41:33)
          at div
          at div
          at LoginPage
          at routeContext (C:\Users\samhe\OneDrive\Desktop\Cleaned\frontend\nod
e_modules\react-router\lib\hooks.tsx:658:26)
          at children (C:\Users\samhe\OneDrive\Desktop\Cleaned\frontend\node_mo
dules\react-router\lib\components.tsx:512:3)
          at basenameProp (C:\Users\samhe\OneDrive\Desktop\Cleaned\frontend\nod
e_modules\react-router\lib\components.tsx:421:13)
          at basename (C:\Users\samhe\OneDrive\Desktop\Cleaned\frontend\node_mo
dules\react-router\lib\components.tsx:225:3)

      52 |     async function handleSubmit(e: React.FormEvent) {
      53 |         e.preventDefault()
    > 54 |         setError('')
         |         ^
      55 |
      56 |         // Client-side empty field validation (R-AUTH-EMPTY)
      57 |         if (!email.trim() || !password) {

      at printWarning 
(node_modules/react-dom/cjs/react-dom.development.js:86:30)
      at error (node_modules/react-dom/cjs/react-dom.development.js:60:7)
      at warnIfUpdatesNotWrappedWithActDEV 
(node_modules/react-dom/cjs/react-dom.development.js:27628:9)
      at scheduleUpdateOnFiber 
(node_modules/react-dom/cjs/react-dom.development.js:25547:5)
      at dispatchSetState 
(node_modules/react-dom/cjs/react-dom.development.js:16708:7)
      at handleSubmit (src/auth/LoginForm/LoginForm.tsx:54:9)
      at HTMLUnknownElement.callCallback 
(node_modules/react-dom/cjs/react-dom.development.js:4164:14)
      at HTMLUnknownElement.callTheUserObjectsOperation 
(node_modules/jsdom/lib/jsdom/living/generated/EventListener.js:26:30)
      at innerInvokeEventListeners 
(node_modules/jsdom/lib/jsdom/living/events/EventTarget-impl.js:350:25)
      at invokeEventListeners 
(node_modules/jsdom/lib/jsdom/living/events/EventTarget-impl.js:286:3)
      at HTMLUnknownElementImpl._dispatch 
(node_modules/jsdom/lib/jsdom/living/events/EventTarget-impl.js:233:9)
      at HTMLUnknownElementImpl.dispatchEvent 
(node_modules/jsdom/lib/jsdom/living/events/EventTarget-impl.js:104:17)
      at HTMLUnknownElement.dispatchEvent 
(node_modules/jsdom/lib/jsdom/living/generated/EventTarget.js:241:34)
      at Object.invokeGuardedCallbackDev 
(node_modules/react-dom/cjs/react-dom.development.js:4213:16)
      at invokeGuardedCallback 
(node_modules/react-dom/cjs/react-dom.development.js:4277:31)
      at invokeGuardedCallbackAndCatchFirstError 
(node_modules/react-dom/cjs/react-dom.development.js:4291:25)
      at executeDispatch 
(node_modules/react-dom/cjs/react-dom.development.js:9041:3)
      at processDispatchQueueItemsInOrder 
(node_modules/react-dom/cjs/react-dom.development.js:9073:7)
      at processDispatchQueue 
(node_modules/react-dom/cjs/react-dom.development.js:9086:5)
      at dispatchEventsForPlugins 
(node_modules/react-dom/cjs/react-dom.development.js:9097:3)
      at node_modules/react-dom/cjs/react-dom.development.js:9288:12
      at batchedUpdates$1 
(node_modules/react-dom/cjs/react-dom.development.js:26179:12)
      at batchedUpdates 
(node_modules/react-dom/cjs/react-dom.development.js:3991:12)
      at dispatchEventForPluginEventSystem 
(node_modules/react-dom/cjs/react-dom.development.js:9287:3)
      at dispatchEventWithEnableCapturePhaseSelectiveHydrationWithoutDiscreteEv
entReplay (node_modules/react-dom/cjs/react-dom.development.js:6465:5)
      at dispatchEvent 
(node_modules/react-dom/cjs/react-dom.development.js:6457:5)
      at dispatchDiscreteEvent 
(node_modules/react-dom/cjs/react-dom.development.js:6430:5)
      at HTMLDivElement.callTheUserObjectsOperation 
(node_modules/jsdom/lib/jsdom/living/generated/EventListener.js:26:30)
      at innerInvokeEventListeners 
(node_modules/jsdom/lib/jsdom/living/events/EventTarget-impl.js:350:25)
      at invokeEventListeners 
(node_modules/jsdom/lib/jsdom/living/events/EventTarget-impl.js:286:3)
      at HTMLFormElementImpl._dispatch 
(node_modules/jsdom/lib/jsdom/living/events/EventTarget-impl.js:233:9)
      at fireAnEvent 
(node_modules/jsdom/lib/jsdom/living/helpers/events.js:18:36)
      at HTMLFormElementImpl.requestSubmit 
(node_modules/jsdom/lib/jsdom/living/nodes/HTMLFormElement-impl.js:109:10)
      at HTMLFormElementImpl._doRequestSubmit 
(node_modules/jsdom/lib/jsdom/living/nodes/HTMLFormElement-impl.js:79:10)
      at HTMLButtonElementImpl._activationBehavior 
(node_modules/jsdom/lib/jsdom/living/nodes/HTMLButtonElement-impl.js:23:14)
      at HTMLButtonElementImpl._dispatch 
(node_modules/jsdom/lib/jsdom/living/events/EventTarget-impl.js:252:26)
      at HTMLButtonElementImpl.dispatchEvent 
(node_modules/jsdom/lib/jsdom/living/events/EventTarget-impl.js:104:17)
      at HTMLButtonElement.dispatchEvent 
(node_modules/jsdom/lib/jsdom/living/generated/EventTarget.js:241:34)
      at 
node_modules/@testing-library/user-event/dist/cjs/event/dispatchEvent.js:45:43
      at Object.eventWrapper 
(node_modules/@testing-library/dom/dist/config.js:25:23)
      at Object.wrapEvent 
(node_modules/@testing-library/user-event/dist/cjs/event/wrapEvent.js:6:28)
      at Object.dispatchEvent (node_modules/@testing-library/user-event/dist/cj
s/event/dispatchEvent.js:45:22)
      at Object.dispatchUIEvent (node_modules/@testing-library/user-event/dist/
cjs/event/dispatchEvent.js:22:26)
      at Mouse.up (node_modules/@testing-library/user-event/dist/cjs/system/poi
nter/mouse.js:100:30)
      at PointerHost.release (node_modules/@testing-library/user-event/dist/cjs
/system/pointer/index.js:87:24)
      at pointerAction 
(node_modules/@testing-library/user-event/dist/cjs/pointer/index.js:54:47)
      at Object.pointer 
(node_modules/@testing-library/user-event/dist/cjs/pointer/index.js:27:9)
      at Object.<anonymous> (src/auth/auth.test.tsx:169:9)

    console.error
      Warning: An update to LoginForm inside a test was not wrapped in 
act(...).
      
      When testing, code that causes React state updates should be wrapped 
into act(...):
      
      act(() => {
        /* fire events that update state */
      });
      /* assert on the output */
      
      This ensures that you're testing the behavior the user would see in the 
browser. Learn more at https://reactjs.org/link/wrap-tests-with-act
          at LoginForm (C:\Users\samhe\OneDrive\Desktop\Cleaned\frontend\src\au
th\LoginForm\LoginForm.tsx:41:33)
          at div
          at div
          at LoginPage
          at routeContext (C:\Users\samhe\OneDrive\Desktop\Cleaned\frontend\nod
e_modules\react-router\lib\hooks.tsx:658:26)
          at children (C:\Users\samhe\OneDrive\Desktop\Cleaned\frontend\node_mo
dules\react-router\lib\components.tsx:512:3)
          at basenameProp (C:\Users\samhe\OneDrive\Desktop\Cleaned\frontend\nod
e_modules\react-router\lib\components.tsx:421:13)
          at basename (C:\Users\samhe\OneDrive\Desktop\Cleaned\frontend\node_mo
dules\react-router\lib\components.tsx:225:3)

      60 |         }
      61 |
    > 62 |         setLoading(true)
         |         ^
      63 |
      64 |         try {
      65 |             const response = await apiPost<{ token: string; user: 
Record<string, unknown> }>(

      at printWarning 
(node_modules/react-dom/cjs/react-dom.development.js:86:30)
      at error (node_modules/react-dom/cjs/react-dom.development.js:60:7)
      at warnIfUpdatesNotWrappedWithActDEV 
(node_modules/react-dom/cjs/react-dom.development.js:27628:9)
      at scheduleUpdateOnFiber 
(node_modules/react-dom/cjs/react-dom.development.js:25547:5)
      at dispatchSetState 
(node_modules/react-dom/cjs/react-dom.development.js:16708:7)
      at handleSubmit (src/auth/LoginForm/LoginForm.tsx:62:9)
      at HTMLUnknownElement.callCallback 
(node_modules/react-dom/cjs/react-dom.development.js:4164:14)
      at HTMLUnknownElement.callTheUserObjectsOperation 
(node_modules/jsdom/lib/jsdom/living/generated/EventListener.js:26:30)
      at innerInvokeEventListeners 
(node_modules/jsdom/lib/jsdom/living/events/EventTarget-impl.js:350:25)
      at invokeEventListeners 
(node_modules/jsdom/lib/jsdom/living/events/EventTarget-impl.js:286:3)
      at HTMLUnknownElementImpl._dispatch 
(node_modules/jsdom/lib/jsdom/living/events/EventTarget-impl.js:233:9)
      at HTMLUnknownElementImpl.dispatchEvent 
(node_modules/jsdom/lib/jsdom/living/events/EventTarget-impl.js:104:17)
      at HTMLUnknownElement.dispatchEvent 
(node_modules/jsdom/lib/jsdom/living/generated/EventTarget.js:241:34)
      at Object.invokeGuardedCallbackDev 
(node_modules/react-dom/cjs/react-dom.development.js:4213:16)
      at invokeGuardedCallback 
(node_modules/react-dom/cjs/react-dom.development.js:4277:31)
      at invokeGuardedCallbackAndCatchFirstError 
(node_modules/react-dom/cjs/react-dom.development.js:4291:25)
      at executeDispatch 
(node_modules/react-dom/cjs/react-dom.development.js:9041:3)
      at processDispatchQueueItemsInOrder 
(node_modules/react-dom/cjs/react-dom.development.js:9073:7)
      at processDispatchQueue 
(node_modules/react-dom/cjs/react-dom.development.js:9086:5)
      at dispatchEventsForPlugins 
(node_modules/react-dom/cjs/react-dom.development.js:9097:3)
      at node_modules/react-dom/cjs/react-dom.development.js:9288:12
      at batchedUpdates$1 
(node_modules/react-dom/cjs/react-dom.development.js:26179:12)
      at batchedUpdates 
(node_modules/react-dom/cjs/react-dom.development.js:3991:12)
      at dispatchEventForPluginEventSystem 
(node_modules/react-dom/cjs/react-dom.development.js:9287:3)
      at dispatchEventWithEnableCapturePhaseSelectiveHydrationWithoutDiscreteEv
entReplay (node_modules/react-dom/cjs/react-dom.development.js:6465:5)
      at dispatchEvent 
(node_modules/react-dom/cjs/react-dom.development.js:6457:5)
      at dispatchDiscreteEvent 
(node_modules/react-dom/cjs/react-dom.development.js:6430:5)
      at HTMLDivElement.callTheUserObjectsOperation 
(node_modules/jsdom/lib/jsdom/living/generated/EventListener.js:26:30)
      at innerInvokeEventListeners 
(node_modules/jsdom/lib/jsdom/living/events/EventTarget-impl.js:350:25)
      at invokeEventListeners 
(node_modules/jsdom/lib/jsdom/living/events/EventTarget-impl.js:286:3)
      at HTMLFormElementImpl._dispatch 
(node_modules/jsdom/lib/jsdom/living/events/EventTarget-impl.js:233:9)
      at fireAnEvent 
(node_modules/jsdom/lib/jsdom/living/helpers/events.js:18:36)
      at HTMLFormElementImpl.requestSubmit 
(node_modules/jsdom/lib/jsdom/living/nodes/HTMLFormElement-impl.js:109:10)
      at HTMLFormElementImpl._doRequestSubmit 
(node_modules/jsdom/lib/jsdom/living/nodes/HTMLFormElement-impl.js:79:10)
      at HTMLButtonElementImpl._activationBehavior 
(node_modules/jsdom/lib/jsdom/living/nodes/HTMLButtonElement-impl.js:23:14)
      at HTMLButtonElementImpl._dispatch 
(node_modules/jsdom/lib/jsdom/living/events/EventTarget-impl.js:252:26)
      at HTMLButtonElementImpl.dispatchEvent 
(node_modules/jsdom/lib/jsdom/living/events/EventTarget-impl.js:104:17)
      at HTMLButtonElement.dispatchEvent 
(node_modules/jsdom/lib/jsdom/living/generated/EventTarget.js:241:34)
      at 
node_modules/@testing-library/user-event/dist/cjs/event/dispatchEvent.js:45:43
      at Object.eventWrapper 
(node_modules/@testing-library/dom/dist/config.js:25:23)
      at Object.wrapEvent 
(node_modules/@testing-library/user-event/dist/cjs/event/wrapEvent.js:6:28)
      at Object.dispatchEvent (node_modules/@testing-library/user-event/dist/cj
s/event/dispatchEvent.js:45:22)
      at Object.dispatchUIEvent (node_modules/@testing-library/user-event/dist/
cjs/event/dispatchEvent.js:22:26)
      at Mouse.up (node_modules/@testing-library/user-event/dist/cjs/system/poi
nter/mouse.js:100:30)
      at PointerHost.release (node_modules/@testing-library/user-event/dist/cjs
/system/pointer/index.js:87:24)
      at pointerAction 
(node_modules/@testing-library/user-event/dist/cjs/pointer/index.js:54:47)
      at Object.pointer 
(node_modules/@testing-library/user-event/dist/cjs/pointer/index.js:27:9)
      at Object.<anonymous> (src/auth/auth.test.tsx:169:9)

    console.error
      Warning: An update to MemoryRouter inside a test was not wrapped in 
act(...).
      
      When testing, code that causes React state updates should be wrapped 
into act(...):
      
      act(() => {
        /* fire events that update state */
      });
      /* assert on the output */
      
      This ensures that you're testing the behavior the user would see in the 
browser. Learn more at https://reactjs.org/link/wrap-tests-with-act
          at basename (C:\Users\samhe\OneDrive\Desktop\Cleaned\frontend\node_mo
dules\react-router\lib\components.tsx:225:3)

      75 |                 } as 
import('@/shared/lib/auth-session/auth-session').SessionUser,
      76 |             })
    > 77 |             navigate('/app-home')
         |             ^
      78 |         } catch (err: unknown) {
      79 |             const anyErr = err as Record<string, unknown>
      80 |             const response = anyErr?.response as Record<string, 
unknown> | undefined

      at printWarning 
(node_modules/react-dom/cjs/react-dom.development.js:86:30)
      at error (node_modules/react-dom/cjs/react-dom.development.js:60:7)
      at warnIfUpdatesNotWrappedWithActDEV 
(node_modules/react-dom/cjs/react-dom.development.js:27628:9)
      at scheduleUpdateOnFiber 
(node_modules/react-dom/cjs/react-dom.development.js:25547:5)
      at dispatchSetState 
(node_modules/react-dom/cjs/react-dom.development.js:16708:7)
      at setStateImpl (node_modules/react-router/lib/components.tsx:250:11)
      at listener (node_modules/@remix-run/router/history.ts:306:9)
      at node_modules/react-router/lib/hooks.tsx:243:62
      at handleSubmit (src/auth/LoginForm/LoginForm.tsx:77:13)

    console.error
      Warning: An update to LoginForm inside a test was not wrapped in 
act(...).
      
      When testing, code that causes React state updates should be wrapped 
into act(...):
      
      act(() => {
        /* fire events that update state */
      });
      /* assert on the output */
      
      This ensures that you're testing the behavior the user would see in the 
browser. Learn more at https://reactjs.org/link/wrap-tests-with-act
          at LoginForm (C:\Users\samhe\OneDrive\Desktop\Cleaned\frontend\src\au
th\LoginForm\LoginForm.tsx:41:33)
          at div
          at div
          at LoginPage
          at routeContext (C:\Users\samhe\OneDrive\Desktop\Cleaned\frontend\nod
e_modules\react-router\lib\hooks.tsx:658:26)
          at children (C:\Users\samhe\OneDrive\Desktop\Cleaned\frontend\node_mo
dules\react-router\lib\components.tsx:512:3)
          at basenameProp (C:\Users\samhe\OneDrive\Desktop\Cleaned\frontend\nod
e_modules\react-router\lib\components.tsx:421:13)
          at basename (C:\Users\samhe\OneDrive\Desktop\Cleaned\frontend\node_mo
dules\react-router\lib\components.tsx:225:3)

       95 |             }
       96 |         } finally {
    >  97 |             setLoading(false)
          |             ^
       98 |         }
       99 |     }
      100 |

      at printWarning 
(node_modules/react-dom/cjs/react-dom.development.js:86:30)
      at error (node_modules/react-dom/cjs/react-dom.development.js:60:7)
      at warnIfUpdatesNotWrappedWithActDEV 
(node_modules/react-dom/cjs/react-dom.development.js:27628:9)
      at scheduleUpdateOnFiber 
(node_modules/react-dom/cjs/react-dom.development.js:25547:5)
      at dispatchSetState 
(node_modules/react-dom/cjs/react-dom.development.js:16708:7)
      at handleSubmit (src/auth/LoginForm/LoginForm.tsx:97:13)

    console.error
      Warning: An update to LoginForm inside a test was not wrapped in 
act(...).
      
      When testing, code that causes React state updates should be wrapped 
into act(...):
      
      act(() => {
        /* fire events that update state */
      });
      /* assert on the output */
      
      This ensures that you're testing the behavior the user would see in the 
browser. Learn more at https://reactjs.org/link/wrap-tests-with-act
          at LoginForm (C:\Users\samhe\OneDrive\Desktop\Cleaned\frontend\src\au
th\LoginForm\LoginForm.tsx:41:33)
          at div
          at div
          at LoginPage
          at routeContext (C:\Users\samhe\OneDrive\Desktop\Cleaned\frontend\nod
e_modules\react-router\lib\hooks.tsx:658:26)
          at children (C:\Users\samhe\OneDrive\Desktop\Cleaned\frontend\node_mo
dules\react-router\lib\components.tsx:512:3)
          at basenameProp (C:\Users\samhe\OneDrive\Desktop\Cleaned\frontend\nod
e_modules\react-router\lib\components.tsx:421:13)
          at basename (C:\Users\samhe\OneDrive\Desktop\Cleaned\frontend\node_mo
dules\react-router\lib\components.tsx:225:3)

      123 |                     placeholder="email@company.com"
      124 |                     value={email}
    > 125 |                     onChange={(e) => setEmail(e.target.value)}
          |                                      ^
      126 |                     className="w-full rounded-md border 
border-gray-300 px-3 py-2 text-sm focus:outline-none focus:ring-2 
focus:ring-gray-900 disabled:opacity-50"
      127 |                 />
      128 |             </div>

      at printWarning 
(node_modules/react-dom/cjs/react-dom.development.js:86:30)
      at error (node_modules/react-dom/cjs/react-dom.development.js:60:7)
      at warnIfUpdatesNotWrappedWithActDEV 
(node_modules/react-dom/cjs/react-dom.development.js:27628:9)
      at scheduleUpdateOnFiber 
(node_modules/react-dom/cjs/react-dom.development.js:25547:5)
      at dispatchSetState 
(node_modules/react-dom/cjs/react-dom.development.js:16708:7)
      at onChange (src/auth/LoginForm/LoginForm.tsx:125:38)
      at HTMLUnknownElement.callCallback 
(node_modules/react-dom/cjs/react-dom.development.js:4164:14)
      at HTMLUnknownElement.callTheUserObjectsOperation 
(node_modules/jsdom/lib/jsdom/living/generated/EventListener.js:26:30)
      at innerInvokeEventListeners 
(node_modules/jsdom/lib/jsdom/living/events/EventTarget-impl.js:350:25)
      at invokeEventListeners 
(node_modules/jsdom/lib/jsdom/living/events/EventTarget-impl.js:286:3)
      at HTMLUnknownElementImpl._dispatch 
(node_modules/jsdom/lib/jsdom/living/events/EventTarget-impl.js:233:9)
      at HTMLUnknownElementImpl.dispatchEvent 
(node_modules/jsdom/lib/jsdom/living/events/EventTarget-impl.js:104:17)
      at HTMLUnknownElement.dispatchEvent 
(node_modules/jsdom/lib/jsdom/living/generated/EventTarget.js:241:34)
      at Object.invokeGuardedCallbackDev 
(node_modules/react-dom/cjs/react-dom.development.js:4213:16)
      at invokeGuardedCallback 
(node_modules/react-dom/cjs/react-dom.development.js:4277:31)
      at invokeGuardedCallbackAndCatchFirstError 
(node_modules/react-dom/cjs/react-dom.development.js:4291:25)
      at executeDispatch 
(node_modules/react-dom/cjs/react-dom.development.js:9041:3)
      at processDispatchQueueItemsInOrder 
(node_modules/react-dom/cjs/react-dom.development.js:9073:7)
      at processDispatchQueue 
(node_modules/react-dom/cjs/react-dom.development.js:9086:5)
      at dispatchEventsForPlugins 
(node_modules/react-dom/cjs/react-dom.development.js:9097:3)
      at node_modules/react-dom/cjs/react-dom.development.js:9288:12
      at batchedUpdates$1 
(node_modules/react-dom/cjs/react-dom.development.js:26179:12)
      at batchedUpdates 
(node_modules/react-dom/cjs/react-dom.development.js:3991:12)
      at dispatchEventForPluginEventSystem 
(node_modules/react-dom/cjs/react-dom.development.js:9287:3)
      at dispatchEventWithEnableCapturePhaseSelectiveHydrationWithoutDiscreteEv
entReplay (node_modules/react-dom/cjs/react-dom.development.js:6465:5)
      at dispatchEvent 
(node_modules/react-dom/cjs/react-dom.development.js:6457:5)
      at dispatchDiscreteEvent 
(node_modules/react-dom/cjs/react-dom.development.js:6430:5)
      at HTMLDivElement.callTheUserObjectsOperation 
(node_modules/jsdom/lib/jsdom/living/generated/EventListener.js:26:30)
      at innerInvokeEventListeners 
(node_modules/jsdom/lib/jsdom/living/events/EventTarget-impl.js:350:25)
      at invokeEventListeners 
(node_modules/jsdom/lib/jsdom/living/events/EventTarget-impl.js:286:3)
      at HTMLInputElementImpl._dispatch 
(node_modules/jsdom/lib/jsdom/living/events/EventTarget-impl.js:233:9)
      at HTMLInputElementImpl.dispatchEvent 
(node_modules/jsdom/lib/jsdom/living/events/EventTarget-impl.js:104:17)
      at HTMLInputElement.dispatchEvent 
(node_modules/jsdom/lib/jsdom/living/generated/EventTarget.js:241:34)
      at 
node_modules/@testing-library/user-event/dist/cjs/event/dispatchEvent.js:45:43
      at Object.eventWrapper 
(node_modules/@testing-library/dom/dist/config.js:25:23)
      at Object.wrapEvent 
(node_modules/@testing-library/user-event/dist/cjs/event/wrapEvent.js:6:28)
      at Object.dispatchEvent (node_modules/@testing-library/user-event/dist/cj
s/event/dispatchEvent.js:45:22)
      at Object.dispatchUIEvent (node_modules/@testing-library/user-event/dist/
cjs/event/dispatchEvent.js:22:26)
      at commitInput 
(node_modules/@testing-library/user-event/dist/cjs/event/input.js:145:14)
      at editInputElement 
(node_modules/@testing-library/user-event/dist/cjs/event/input.js:115:9)
      at Object.input 
(node_modules/@testing-library/user-event/dist/cjs/event/input.js:37:9)
      at node_modules/@testing-library/user-event/dist/cjs/event/behavior/keypr
ess.js:31:26
      at Object.dispatchEvent (node_modules/@testing-library/user-event/dist/cj
s/event/dispatchEvent.js:41:13)
      at Object.dispatchUIEvent (node_modules/@testing-library/user-event/dist/
cjs/event/dispatchEvent.js:22:26)
      at KeyboardHost.keydown 
(node_modules/@testing-library/user-event/dist/cjs/system/keyboard.js:76:22)
      at keyboardAction 
(node_modules/@testing-library/user-event/dist/cjs/keyboard/index.js:22:35)
      at Object.keyboard 
(node_modules/@testing-library/user-event/dist/cjs/keyboard/index.js:11:15)
      at Object.type 
(node_modules/@testing-library/user-event/dist/cjs/utility/type.js:17:5)
      at Object.<anonymous> (src/auth/auth.test.tsx:180:9)

    console.error
      Warning: An update to LoginForm inside a test was not wrapped in 
act(...).
      
      When testing, code that causes React state updates should be wrapped 
into act(...):
      
      act(() => {
        /* fire events that update state */
      });
      /* assert on the output */
      
      This ensures that you're testing the behavior the user would see in the 
browser. Learn more at https://reactjs.org/link/wrap-tests-with-act
          at LoginForm (C:\Users\samhe\OneDrive\Desktop\Cleaned\frontend\src\au
th\LoginForm\LoginForm.tsx:41:33)
          at div
          at div
          at LoginPage
          at routeContext (C:\Users\samhe\OneDrive\Desktop\Cleaned\frontend\nod
e_modules\react-router\lib\hooks.tsx:658:26)
          at children (C:\Users\samhe\OneDrive\Desktop\Cleaned\frontend\node_mo
dules\react-router\lib\components.tsx:512:3)
          at basenameProp (C:\Users\samhe\OneDrive\Desktop\Cleaned\frontend\nod
e_modules\react-router\lib\components.tsx:421:13)
          at basename (C:\Users\samhe\OneDrive\Desktop\Cleaned\frontend\node_mo
dules\react-router\lib\components.tsx:225:3)

      123 |                     placeholder="email@company.com"
      124 |                     value={email}
    > 125 |                     onChange={(e) => setEmail(e.target.value)}
          |                                      ^
      126 |                     className="w-full rounded-md border 
border-gray-300 px-3 py-2 text-sm focus:outline-none focus:ring-2 
focus:ring-gray-900 disabled:opacity-50"
      127 |                 />
      128 |             </div>

      at printWarning 
(node_modules/react-dom/cjs/react-dom.development.js:86:30)
      at error (node_modules/react-dom/cjs/react-dom.development.js:60:7)
      at warnIfUpdatesNotWrappedWithActDEV 
(node_modules/react-dom/cjs/react-dom.development.js:27628:9)
      at scheduleUpdateOnFiber 
(node_modules/react-dom/cjs/react-dom.development.js:25547:5)
      at dispatchSetState 
(node_modules/react-dom/cjs/react-dom.development.js:16708:7)
      at onChange (src/auth/LoginForm/LoginForm.tsx:125:38)
      at HTMLUnknownElement.callCallback 
(node_modules/react-dom/cjs/react-dom.development.js:4164:14)
      at HTMLUnknownElement.callTheUserObjectsOperation 
(node_modules/jsdom/lib/jsdom/living/generated/EventListener.js:26:30)
      at innerInvokeEventListeners 
(node_modules/jsdom/lib/jsdom/living/events/EventTarget-impl.js:350:25)
      at invokeEventListeners 
(node_modules/jsdom/lib/jsdom/living/events/EventTarget-impl.js:286:3)
      at HTMLUnknownElementImpl._dispatch 
(node_modules/jsdom/lib/jsdom/living/events/EventTarget-impl.js:233:9)
      at HTMLUnknownElementImpl.dispatchEvent 
(node_modules/jsdom/lib/jsdom/living/events/EventTarget-impl.js:104:17)
      at HTMLUnknownElement.dispatchEvent 
(node_modules/jsdom/lib/jsdom/living/generated/EventTarget.js:241:34)
      at Object.invokeGuardedCallbackDev 
(node_modules/react-dom/cjs/react-dom.development.js:4213:16)
      at invokeGuardedCallback 
(node_modules/react-dom/cjs/react-dom.development.js:4277:31)
      at invokeGuardedCallbackAndCatchFirstError 
(node_modules/react-dom/cjs/react-dom.development.js:4291:25)
      at executeDispatch 
(node_modules/react-dom/cjs/react-dom.development.js:9041:3)
      at processDispatchQueueItemsInOrder 
(node_modules/react-dom/cjs/react-dom.development.js:9073:7)
      at processDispatchQueue 
(node_modules/react-dom/cjs/react-dom.development.js:9086:5)
      at dispatchEventsForPlugins 
(node_modules/react-dom/cjs/react-dom.development.js:9097:3)
      at node_modules/react-dom/cjs/react-dom.development.js:9288:12
      at batchedUpdates$1 
(node_modules/react-dom/cjs/react-dom.development.js:26179:12)
      at batchedUpdates 
(node_modules/react-dom/cjs/react-dom.development.js:3991:12)
      at dispatchEventForPluginEventSystem 
(node_modules/react-dom/cjs/react-dom.development.js:9287:3)
      at dispatchEventWithEnableCapturePhaseSelectiveHydrationWithoutDiscreteEv
entReplay (node_modules/react-dom/cjs/react-dom.development.js:6465:5)
      at dispatchEvent 
(node_modules/react-dom/cjs/react-dom.development.js:6457:5)
      at dispatchDiscreteEvent 
(node_modules/react-dom/cjs/react-dom.development.js:6430:5)
      at HTMLDivElement.callTheUserObjectsOperation 
(node_modules/jsdom/lib/jsdom/living/generated/EventListener.js:26:30)
      at innerInvokeEventListeners 
(node_modules/jsdom/lib/jsdom/living/events/EventTarget-impl.js:350:25)
      at invokeEventListeners 
(node_modules/jsdom/lib/jsdom/living/events/EventTarget-impl.js:286:3)
      at HTMLInputElementImpl._dispatch 
(node_modules/jsdom/lib/jsdom/living/events/EventTarget-impl.js:233:9)
      at HTMLInputElementImpl.dispatchEvent 
(node_modules/jsdom/lib/jsdom/living/events/EventTarget-impl.js:104:17)
      at HTMLInputElement.dispatchEvent 
(node_modules/jsdom/lib/jsdom/living/generated/EventTarget.js:241:34)
      at 
node_modules/@testing-library/user-event/dist/cjs/event/dispatchEvent.js:45:43
      at Object.eventWrapper 
(node_modules/@testing-library/dom/dist/config.js:25:23)
      at Object.wrapEvent 
(node_modules/@testing-library/user-event/dist/cjs/event/wrapEvent.js:6:28)
      at Object.dispatchEvent (node_modules/@testing-library/user-event/dist/cj
s/event/dispatchEvent.js:45:22)
      at Object.dispatchUIEvent (node_modules/@testing-library/user-event/dist/
cjs/event/dispatchEvent.js:22:26)
      at commitInput 
(node_modules/@testing-library/user-event/dist/cjs/event/input.js:145:14)
      at editInputElement 
(node_modules/@testing-library/user-event/dist/cjs/event/input.js:115:9)
      at Object.input 
(node_modules/@testing-library/user-event/dist/cjs/event/input.js:37:9)
      at node_modules/@testing-library/user-event/dist/cjs/event/behavior/keypr
ess.js:31:26
      at Object.dispatchEvent (node_modules/@testing-library/user-event/dist/cj
s/event/dispatchEvent.js:41:13)
      at Object.dispatchUIEvent (node_modules/@testing-library/user-event/dist/
cjs/event/dispatchEvent.js:22:26)
      at KeyboardHost.keydown 
(node_modules/@testing-library/user-event/dist/cjs/system/keyboard.js:76:22)
      at keyboardAction 
(node_modules/@testing-library/user-event/dist/cjs/keyboard/index.js:22:35)
      at Object.keyboard 
(node_modules/@testing-library/user-event/dist/cjs/keyboard/index.js:11:15)
      at Object.type 
(node_modules/@testing-library/user-event/dist/cjs/utility/type.js:17:5)
      at Object.<anonymous> (src/auth/auth.test.tsx:180:9)

    console.error
      Warning: An update to LoginForm inside a test was not wrapped in 
act(...).
      
      When testing, code that causes React state updates should be wrapped 
into act(...):
      
      act(() => {
        /* fire events that update state */
      });
      /* assert on the output */
      
      This ensures that you're testing the behavior the user would see in the 
browser. Learn more at https://reactjs.org/link/wrap-tests-with-act
          at LoginForm (C:\Users\samhe\OneDrive\Desktop\Cleaned\frontend\src\au
th\LoginForm\LoginForm.tsx:41:33)
          at div
          at div
          at LoginPage
          at routeContext (C:\Users\samhe\OneDrive\Desktop\Cleaned\frontend\nod
e_modules\react-router\lib\hooks.tsx:658:26)
          at children (C:\Users\samhe\OneDrive\Desktop\Cleaned\frontend\node_mo
dules\react-router\lib\components.tsx:512:3)
          at basenameProp (C:\Users\samhe\OneDrive\Desktop\Cleaned\frontend\nod
e_modules\react-router\lib\components.tsx:421:13)
          at basename (C:\Users\samhe\OneDrive\Desktop\Cleaned\frontend\node_mo
dules\react-router\lib\components.tsx:225:3)

      123 |                     placeholder="email@company.com"
      124 |                     value={email}
    > 125 |                     onChange={(e) => setEmail(e.target.value)}
          |                                      ^
      126 |                     className="w-full rounded-md border 
border-gray-300 px-3 py-2 text-sm focus:outline-none focus:ring-2 
focus:ring-gray-900 disabled:opacity-50"
      127 |                 />
      128 |             </div>

      at printWarning 
(node_modules/react-dom/cjs/react-dom.development.js:86:30)
      at error (node_modules/react-dom/cjs/react-dom.development.js:60:7)
      at warnIfUpdatesNotWrappedWithActDEV 
(node_modules/react-dom/cjs/react-dom.development.js:27628:9)
      at scheduleUpdateOnFiber 
(node_modules/react-dom/cjs/react-dom.development.js:25547:5)
      at dispatchSetState 
(node_modules/react-dom/cjs/react-dom.development.js:16708:7)
      at onChange (src/auth/LoginForm/LoginForm.tsx:125:38)
      at HTMLUnknownElement.callCallback 
(node_modules/react-dom/cjs/react-dom.development.js:4164:14)
      at HTMLUnknownElement.callTheUserObjectsOperation 
(node_modules/jsdom/lib/jsdom/living/generated/EventListener.js:26:30)
      at innerInvokeEventListeners 
(node_modules/jsdom/lib/jsdom/living/events/EventTarget-impl.js:350:25)
      at invokeEventListeners 
(node_modules/jsdom/lib/jsdom/living/events/EventTarget-impl.js:286:3)
      at HTMLUnknownElementImpl._dispatch 
(node_modules/jsdom/lib/jsdom/living/events/EventTarget-impl.js:233:9)
      at HTMLUnknownElementImpl.dispatchEvent 
(node_modules/jsdom/lib/jsdom/living/events/EventTarget-impl.js:104:17)
      at HTMLUnknownElement.dispatchEvent 
(node_modules/jsdom/lib/jsdom/living/generated/EventTarget.js:241:34)
      at Object.invokeGuardedCallbackDev 
(node_modules/react-dom/cjs/react-dom.development.js:4213:16)
      at invokeGuardedCallback 
(node_modules/react-dom/cjs/react-dom.development.js:4277:31)
      at invokeGuardedCallbackAndCatchFirstError 
(node_modules/react-dom/cjs/react-dom.development.js:4291:25)
      at executeDispatch 
(node_modules/react-dom/cjs/react-dom.development.js:9041:3)
      at processDispatchQueueItemsInOrder 
(node_modules/react-dom/cjs/react-dom.development.js:9073:7)
      at processDispatchQueue 
(node_modules/react-dom/cjs/react-dom.development.js:9086:5)
      at dispatchEventsForPlugins 
(node_modules/react-dom/cjs/react-dom.development.js:9097:3)
      at node_modules/react-dom/cjs/react-dom.development.js:9288:12
      at batchedUpdates$1 
(node_modules/react-dom/cjs/react-dom.development.js:26179:12)
      at batchedUpdates 
(node_modules/react-dom/cjs/react-dom.development.js:3991:12)
      at dispatchEventForPluginEventSystem 
(node_modules/react-dom/cjs/react-dom.development.js:9287:3)
      at dispatchEventWithEnableCapturePhaseSelectiveHydrationWithoutDiscreteEv
entReplay (node_modules/react-dom/cjs/react-dom.development.js:6465:5)
      at dispatchEvent 
(node_modules/react-dom/cjs/react-dom.development.js:6457:5)
      at dispatchDiscreteEvent 
(node_modules/react-dom/cjs/react-dom.development.js:6430:5)
      at HTMLDivElement.callTheUserObjectsOperation 
(node_modules/jsdom/lib/jsdom/living/generated/EventListener.js:26:30)
      at innerInvokeEventListeners 
(node_modules/jsdom/lib/jsdom/living/events/EventTarget-impl.js:350:25)
      at invokeEventListeners 
(node_modules/jsdom/lib/jsdom/living/events/EventTarget-impl.js:286:3)
      at HTMLInputElementImpl._dispatch 
(node_modules/jsdom/lib/jsdom/living/events/EventTarget-impl.js:233:9)
      at HTMLInputElementImpl.dispatchEvent 
(node_modules/jsdom/lib/jsdom/living/events/EventTarget-impl.js:104:17)
      at HTMLInputElement.dispatchEvent 
(node_modules/jsdom/lib/jsdom/living/generated/EventTarget.js:241:34)
      at 
node_modules/@testing-library/user-event/dist/cjs/event/dispatchEvent.js:45:43
      at Object.eventWrapper 
(node_modules/@testing-library/dom/dist/config.js:25:23)
      at Object.wrapEvent 
(node_modules/@testing-library/user-event/dist/cjs/event/wrapEvent.js:6:28)
      at Object.dispatchEvent (node_modules/@testing-library/user-event/dist/cj
s/event/dispatchEvent.js:45:22)
      at Object.dispatchUIEvent (node_modules/@testing-library/user-event/dist/
cjs/event/dispatchEvent.js:22:26)
      at commitInput 
(node_modules/@testing-library/user-event/dist/cjs/event/input.js:145:14)
      at editInputElement 
(node_modules/@testing-library/user-event/dist/cjs/event/input.js:115:9)
      at Object.input 
(node_modules/@testing-library/user-event/dist/cjs/event/input.js:37:9)
      at node_modules/@testing-library/user-event/dist/cjs/event/behavior/keypr
ess.js:31:26
      at Object.dispatchEvent (node_modules/@testing-library/user-event/dist/cj
s/event/dispatchEvent.js:41:13)
      at Object.dispatchUIEvent (node_modules/@testing-library/user-event/dist/
cjs/event/dispatchEvent.js:22:26)
      at KeyboardHost.keydown 
(node_modules/@testing-library/user-event/dist/cjs/system/keyboard.js:76:22)
      at keyboardAction 
(node_modules/@testing-library/user-event/dist/cjs/keyboard/index.js:22:35)
      at Object.keyboard 
(node_modules/@testing-library/user-event/dist/cjs/keyboard/index.js:11:15)
      at Object.type 
(node_modules/@testing-library/user-event/dist/cjs/utility/type.js:17:5)
      at Object.<anonymous> (src/auth/auth.test.tsx:180:9)

    console.error
      Warning: An update to LoginForm inside a test was not wrapped in 
act(...).
      
      When testing, code that causes React state updates should be wrapped 
into act(...):
      
      act(() => {
        /* fire events that update state */
      });
      /* assert on the output */
      
      This ensures that you're testing the behavior the user would see in the 
browser. Learn more at https://reactjs.org/link/wrap-tests-with-act
          at LoginForm (C:\Users\samhe\OneDrive\Desktop\Cleaned\frontend\src\au
th\LoginForm\LoginForm.tsx:41:33)
          at div
          at div
          at LoginPage
          at routeContext (C:\Users\samhe\OneDrive\Desktop\Cleaned\frontend\nod
e_modules\react-router\lib\hooks.tsx:658:26)
          at children (C:\Users\samhe\OneDrive\Desktop\Cleaned\frontend\node_mo
dules\react-router\lib\components.tsx:512:3)
          at basenameProp (C:\Users\samhe\OneDrive\Desktop\Cleaned\frontend\nod
e_modules\react-router\lib\components.tsx:421:13)
          at basename (C:\Users\samhe\OneDrive\Desktop\Cleaned\frontend\node_mo
dules\react-router\lib\components.tsx:225:3)

      123 |                     placeholder="email@company.com"
      124 |                     value={email}
    > 125 |                     onChange={(e) => setEmail(e.target.value)}
          |                                      ^
      126 |                     className="w-full rounded-md border 
border-gray-300 px-3 py-2 text-sm focus:outline-none focus:ring-2 
focus:ring-gray-900 disabled:opacity-50"
      127 |                 />
      128 |             </div>

      at printWarning 
(node_modules/react-dom/cjs/react-dom.development.js:86:30)
      at error (node_modules/react-dom/cjs/react-dom.development.js:60:7)
      at warnIfUpdatesNotWrappedWithActDEV 
(node_modules/react-dom/cjs/react-dom.development.js:27628:9)
      at scheduleUpdateOnFiber 
(node_modules/react-dom/cjs/react-dom.development.js:25547:5)
      at dispatchSetState 
(node_modules/react-dom/cjs/react-dom.development.js:16708:7)
      at onChange (src/auth/LoginForm/LoginForm.tsx:125:38)
      at HTMLUnknownElement.callCallback 
(node_modules/react-dom/cjs/react-dom.development.js:4164:14)
      at HTMLUnknownElement.callTheUserObjectsOperation 
(node_modules/jsdom/lib/jsdom/living/generated/EventListener.js:26:30)
      at innerInvokeEventListeners 
(node_modules/jsdom/lib/jsdom/living/events/EventTarget-impl.js:350:25)
      at invokeEventListeners 
(node_modules/jsdom/lib/jsdom/living/events/EventTarget-impl.js:286:3)
      at HTMLUnknownElementImpl._dispatch 
(node_modules/jsdom/lib/jsdom/living/events/EventTarget-impl.js:233:9)
      at HTMLUnknownElementImpl.dispatchEvent 
(node_modules/jsdom/lib/jsdom/living/events/EventTarget-impl.js:104:17)
      at HTMLUnknownElement.dispatchEvent 
(node_modules/jsdom/lib/jsdom/living/generated/EventTarget.js:241:34)
      at Object.invokeGuardedCallbackDev 
(node_modules/react-dom/cjs/react-dom.development.js:4213:16)
      at invokeGuardedCallback 
(node_modules/react-dom/cjs/react-dom.development.js:4277:31)
      at invokeGuardedCallbackAndCatchFirstError 
(node_modules/react-dom/cjs/react-dom.development.js:4291:25)
      at executeDispatch 
(node_modules/react-dom/cjs/react-dom.development.js:9041:3)
      at processDispatchQueueItemsInOrder 
(node_modules/react-dom/cjs/react-dom.development.js:9073:7)
      at processDispatchQueue 
(node_modules/react-dom/cjs/react-dom.development.js:9086:5)
      at dispatchEventsForPlugins 
(node_modules/react-dom/cjs/react-dom.development.js:9097:3)
      at node_modules/react-dom/cjs/react-dom.development.js:9288:12
      at batchedUpdates$1 
(node_modules/react-dom/cjs/react-dom.development.js:26179:12)
      at batchedUpdates 
(node_modules/react-dom/cjs/react-dom.development.js:3991:12)
      at dispatchEventForPluginEventSystem 
(node_modules/react-dom/cjs/react-dom.development.js:9287:3)
      at dispatchEventWithEnableCapturePhaseSelectiveHydrationWithoutDiscreteEv
entReplay (node_modules/react-dom/cjs/react-dom.development.js:6465:5)
      at dispatchEvent 
(node_modules/react-dom/cjs/react-dom.development.js:6457:5)
      at dispatchDiscreteEvent 
(node_modules/react-dom/cjs/react-dom.development.js:6430:5)
      at HTMLDivElement.callTheUserObjectsOperation 
(node_modules/jsdom/lib/jsdom/living/generated/EventListener.js:26:30)
      at innerInvokeEventListeners 
(node_modules/jsdom/lib/jsdom/living/events/EventTarget-impl.js:350:25)
      at invokeEventListeners 
(node_modules/jsdom/lib/jsdom/living/events/EventTarget-impl.js:286:3)
      at HTMLInputElementImpl._dispatch 
(node_modules/jsdom/lib/jsdom/living/events/EventTarget-impl.js:233:9)
      at HTMLInputElementImpl.dispatchEvent 
(node_modules/jsdom/lib/jsdom/living/events/EventTarget-impl.js:104:17)
      at HTMLInputElement.dispatchEvent 
(node_modules/jsdom/lib/jsdom/living/generated/EventTarget.js:241:34)
      at 
node_modules/@testing-library/user-event/dist/cjs/event/dispatchEvent.js:45:43
      at Object.eventWrapper 
(node_modules/@testing-library/dom/dist/config.js:25:23)
      at Object.wrapEvent 
(node_modules/@testing-library/user-event/dist/cjs/event/wrapEvent.js:6:28)
      at Object.dispatchEvent (node_modules/@testing-library/user-event/dist/cj
s/event/dispatchEvent.js:45:22)
      at Object.dispatchUIEvent (node_modules/@testing-library/user-event/dist/
cjs/event/dispatchEvent.js:22:26)
      at commitInput 
(node_modules/@testing-library/user-event/dist/cjs/event/input.js:145:14)
      at editInputElement 
(node_modules/@testing-library/user-event/dist/cjs/event/input.js:115:9)
      at Object.input 
(node_modules/@testing-library/user-event/dist/cjs/event/input.js:37:9)
      at node_modules/@testing-library/user-event/dist/cjs/event/behavior/keypr
ess.js:31:26
      at Object.dispatchEvent (node_modules/@testing-library/user-event/dist/cj
s/event/dispatchEvent.js:41:13)
      at Object.dispatchUIEvent (node_modules/@testing-library/user-event/dist/
cjs/event/dispatchEvent.js:22:26)
      at KeyboardHost.keydown 
(node_modules/@testing-library/user-event/dist/cjs/system/keyboard.js:76:22)
      at keyboardAction 
(node_modules/@testing-library/user-event/dist/cjs/keyboard/index.js:22:35)
      at Object.keyboard 
(node_modules/@testing-library/user-event/dist/cjs/keyboard/index.js:11:15)
      at Object.type 
(node_modules/@testing-library/user-event/dist/cjs/utility/type.js:17:5)
      at Object.<anonymous> (src/auth/auth.test.tsx:180:9)

    console.error
      Warning: An update to LoginForm inside a test was not wrapped in 
act(...).
      
      When testing, code that causes React state updates should be wrapped 
into act(...):
      
      act(() => {
        /* fire events that update state */
      });
      /* assert on the output */
      
      This ensures that you're testing the behavior the user would see in the 
browser. Learn more at https://reactjs.org/link/wrap-tests-with-act
          at LoginForm (C:\Users\samhe\OneDrive\Desktop\Cleaned\frontend\src\au
th\LoginForm\LoginForm.tsx:41:33)
          at div
          at div
          at LoginPage
          at routeContext (C:\Users\samhe\OneDrive\Desktop\Cleaned\frontend\nod
e_modules\react-router\lib\hooks.tsx:658:26)
          at children (C:\Users\samhe\OneDrive\Desktop\Cleaned\frontend\node_mo
dules\react-router\lib\components.tsx:512:3)
          at basenameProp (C:\Users\samhe\OneDrive\Desktop\Cleaned\frontend\nod
e_modules\react-router\lib\components.tsx:421:13)
          at basename (C:\Users\samhe\OneDrive\Desktop\Cleaned\frontend\node_mo
dules\react-router\lib\components.tsx:225:3)

      123 |                     placeholder="email@company.com"
      124 |                     value={email}
    > 125 |                     onChange={(e) => setEmail(e.target.value)}
          |                                      ^
      126 |                     className="w-full rounded-md border 
border-gray-300 px-3 py-2 text-sm focus:outline-none focus:ring-2 
focus:ring-gray-900 disabled:opacity-50"
      127 |                 />
      128 |             </div>

      at printWarning 
(node_modules/react-dom/cjs/react-dom.development.js:86:30)
      at error (node_modules/react-dom/cjs/react-dom.development.js:60:7)
      at warnIfUpdatesNotWrappedWithActDEV 
(node_modules/react-dom/cjs/react-dom.development.js:27628:9)
      at scheduleUpdateOnFiber 
(node_modules/react-dom/cjs/react-dom.development.js:25547:5)
      at dispatchSetState 
(node_modules/react-dom/cjs/react-dom.development.js:16708:7)
      at onChange (src/auth/LoginForm/LoginForm.tsx:125:38)
      at HTMLUnknownElement.callCallback 
(node_modules/react-dom/cjs/react-dom.development.js:4164:14)
      at HTMLUnknownElement.callTheUserObjectsOperation 
(node_modules/jsdom/lib/jsdom/living/generated/EventListener.js:26:30)
      at innerInvokeEventListeners 
(node_modules/jsdom/lib/jsdom/living/events/EventTarget-impl.js:350:25)
      at invokeEventListeners 
(node_modules/jsdom/lib/jsdom/living/events/EventTarget-impl.js:286:3)
      at HTMLUnknownElementImpl._dispatch 
(node_modules/jsdom/lib/jsdom/living/events/EventTarget-impl.js:233:9)
      at HTMLUnknownElementImpl.dispatchEvent 
(node_modules/jsdom/lib/jsdom/living/events/EventTarget-impl.js:104:17)
      at HTMLUnknownElement.dispatchEvent 
(node_modules/jsdom/lib/jsdom/living/generated/EventTarget.js:241:34)
      at Object.invokeGuardedCallbackDev 
(node_modules/react-dom/cjs/react-dom.development.js:4213:16)
      at invokeGuardedCallback 
(node_modules/react-dom/cjs/react-dom.development.js:4277:31)
      at invokeGuardedCallbackAndCatchFirstError 
(node_modules/react-dom/cjs/react-dom.development.js:4291:25)
      at executeDispatch 
(node_modules/react-dom/cjs/react-dom.development.js:9041:3)
      at processDispatchQueueItemsInOrder 
(node_modules/react-dom/cjs/react-dom.development.js:9073:7)
      at processDispatchQueue 
(node_modules/react-dom/cjs/react-dom.development.js:9086:5)
      at dispatchEventsForPlugins 
(node_modules/react-dom/cjs/react-dom.development.js:9097:3)
      at node_modules/react-dom/cjs/react-dom.development.js:9288:12
      at batchedUpdates$1 
(node_modules/react-dom/cjs/react-dom.development.js:26179:12)
      at batchedUpdates 
(node_modules/react-dom/cjs/react-dom.development.js:3991:12)
      at dispatchEventForPluginEventSystem 
(node_modules/react-dom/cjs/react-dom.development.js:9287:3)
      at dispatchEventWithEnableCapturePhaseSelectiveHydrationWithoutDiscreteEv
entReplay (node_modules/react-dom/cjs/react-dom.development.js:6465:5)
      at dispatchEvent 
(node_modules/react-dom/cjs/react-dom.development.js:6457:5)
      at dispatchDiscreteEvent 
(node_modules/react-dom/cjs/react-dom.development.js:6430:5)
      at HTMLDivElement.callTheUserObjectsOperation 
(node_modules/jsdom/lib/jsdom/living/generated/EventListener.js:26:30)
      at innerInvokeEventListeners 
(node_modules/jsdom/lib/jsdom/living/events/EventTarget-impl.js:350:25)
      at invokeEventListeners 
(node_modules/jsdom/lib/jsdom/living/events/EventTarget-impl.js:286:3)
      at HTMLInputElementImpl._dispatch 
(node_modules/jsdom/lib/jsdom/living/events/EventTarget-impl.js:233:9)
      at HTMLInputElementImpl.dispatchEvent 
(node_modules/jsdom/lib/jsdom/living/events/EventTarget-impl.js:104:17)
      at HTMLInputElement.dispatchEvent 
(node_modules/jsdom/lib/jsdom/living/generated/EventTarget.js:241:34)
      at 
node_modules/@testing-library/user-event/dist/cjs/event/dispatchEvent.js:45:43
      at Object.eventWrapper 
(node_modules/@testing-library/dom/dist/config.js:25:23)
      at Object.wrapEvent 
(node_modules/@testing-library/user-event/dist/cjs/event/wrapEvent.js:6:28)
      at Object.dispatchEvent (node_modules/@testing-library/user-event/dist/cj
s/event/dispatchEvent.js:45:22)
      at Object.dispatchUIEvent (node_modules/@testing-library/user-event/dist/
cjs/event/dispatchEvent.js:22:26)
      at commitInput 
(node_modules/@testing-library/user-event/dist/cjs/event/input.js:145:14)
      at editInputElement 
(node_modules/@testing-library/user-event/dist/cjs/event/input.js:115:9)
      at Object.input 
(node_modules/@testing-library/user-event/dist/cjs/event/input.js:37:9)
      at node_modules/@testing-library/user-event/dist/cjs/event/behavior/keypr
ess.js:31:26
      at Object.dispatchEvent (node_modules/@testing-library/user-event/dist/cj
s/event/dispatchEvent.js:41:13)
      at Object.dispatchUIEvent (node_modules/@testing-library/user-event/dist/
cjs/event/dispatchEvent.js:22:26)
      at KeyboardHost.keydown 
(node_modules/@testing-library/user-event/dist/cjs/system/keyboard.js:76:22)
      at keyboardAction 
(node_modules/@testing-library/user-event/dist/cjs/keyboard/index.js:22:35)
      at Object.keyboard 
(node_modules/@testing-library/user-event/dist/cjs/keyboard/index.js:11:15)
      at Object.type 
(node_modules/@testing-library/user-event/dist/cjs/utility/type.js:17:5)
      at Object.<anonymous> (src/auth/auth.test.tsx:180:9)

    console.error
      Warning: An update to LoginForm inside a test was not wrapped in 
act(...).
      
      When testing, code that causes React state updates should be wrapped 
into act(...):
      
      act(() => {
        /* fire events that update state */
      });
      /* assert on the output */
      
      This ensures that you're testing the behavior the user would see in the 
browser. Learn more at https://reactjs.org/link/wrap-tests-with-act
          at LoginForm (C:\Users\samhe\OneDrive\Desktop\Cleaned\frontend\src\au
th\LoginForm\LoginForm.tsx:41:33)
          at div
          at div
          at LoginPage
          at routeContext (C:\Users\samhe\OneDrive\Desktop\Cleaned\frontend\nod
e_modules\react-router\lib\hooks.tsx:658:26)
          at children (C:\Users\samhe\OneDrive\Desktop\Cleaned\frontend\node_mo
dules\react-router\lib\components.tsx:512:3)
          at basenameProp (C:\Users\samhe\OneDrive\Desktop\Cleaned\frontend\nod
e_modules\react-router\lib\components.tsx:421:13)
          at basename (C:\Users\samhe\OneDrive\Desktop\Cleaned\frontend\node_mo
dules\react-router\lib\components.tsx:225:3)

      123 |                     placeholder="email@company.com"
      124 |                     value={email}
    > 125 |                     onChange={(e) => setEmail(e.target.value)}
          |                                      ^
      126 |                     className="w-full rounded-md border 
border-gray-300 px-3 py-2 text-sm focus:outline-none focus:ring-2 
focus:ring-gray-900 disabled:opacity-50"
      127 |                 />
      128 |             </div>

      at printWarning 
(node_modules/react-dom/cjs/react-dom.development.js:86:30)
      at error (node_modules/react-dom/cjs/react-dom.development.js:60:7)
      at warnIfUpdatesNotWrappedWithActDEV 
(node_modules/react-dom/cjs/react-dom.development.js:27628:9)
      at scheduleUpdateOnFiber 
(node_modules/react-dom/cjs/react-dom.development.js:25547:5)
      at dispatchSetState 
(node_modules/react-dom/cjs/react-dom.development.js:16708:7)
      at onChange (src/auth/LoginForm/LoginForm.tsx:125:38)
      at HTMLUnknownElement.callCallback 
(node_modules/react-dom/cjs/react-dom.development.js:4164:14)
      at HTMLUnknownElement.callTheUserObjectsOperation 
(node_modules/jsdom/lib/jsdom/living/generated/EventListener.js:26:30)
      at innerInvokeEventListeners 
(node_modules/jsdom/lib/jsdom/living/events/EventTarget-impl.js:350:25)
      at invokeEventListeners 
(node_modules/jsdom/lib/jsdom/living/events/EventTarget-impl.js:286:3)
      at HTMLUnknownElementImpl._dispatch 
(node_modules/jsdom/lib/jsdom/living/events/EventTarget-impl.js:233:9)
      at HTMLUnknownElementImpl.dispatchEvent 
(node_modules/jsdom/lib/jsdom/living/events/EventTarget-impl.js:104:17)
      at HTMLUnknownElement.dispatchEvent 
(node_modules/jsdom/lib/jsdom/living/generated/EventTarget.js:241:34)
      at Object.invokeGuardedCallbackDev 
(node_modules/react-dom/cjs/react-dom.development.js:4213:16)
      at invokeGuardedCallback 
(node_modules/react-dom/cjs/react-dom.development.js:4277:31)
      at invokeGuardedCallbackAndCatchFirstError 
(node_modules/react-dom/cjs/react-dom.development.js:4291:25)
      at executeDispatch 
(node_modules/react-dom/cjs/react-dom.development.js:9041:3)
      at processDispatchQueueItemsInOrder 
(node_modules/react-dom/cjs/react-dom.development.js:9073:7)
      at processDispatchQueue 
(node_modules/react-dom/cjs/react-dom.development.js:9086:5)
      at dispatchEventsForPlugins 
(node_modules/react-dom/cjs/react-dom.development.js:9097:3)
      at node_modules/react-dom/cjs/react-dom.development.js:9288:12
      at batchedUpdates$1 
(node_modules/react-dom/cjs/react-dom.development.js:26179:12)
      at batchedUpdates 
(node_modules/react-dom/cjs/react-dom.development.js:3991:12)
      at dispatchEventForPluginEventSystem 
(node_modules/react-dom/cjs/react-dom.development.js:9287:3)
      at dispatchEventWithEnableCapturePhaseSelectiveHydrationWithoutDiscreteEv
entReplay (node_modules/react-dom/cjs/react-dom.development.js:6465:5)
      at dispatchEvent 
(node_modules/react-dom/cjs/react-dom.development.js:6457:5)
      at dispatchDiscreteEvent 
(node_modules/react-dom/cjs/react-dom.development.js:6430:5)
      at HTMLDivElement.callTheUserObjectsOperation 
(node_modules/jsdom/lib/jsdom/living/generated/EventListener.js:26:30)
      at innerInvokeEventListeners 
(node_modules/jsdom/lib/jsdom/living/events/EventTarget-impl.js:350:25)
      at invokeEventListeners 
(node_modules/jsdom/lib/jsdom/living/events/EventTarget-impl.js:286:3)
      at HTMLInputElementImpl._dispatch 
(node_modules/jsdom/lib/jsdom/living/events/EventTarget-impl.js:233:9)
      at HTMLInputElementImpl.dispatchEvent 
(node_modules/jsdom/lib/jsdom/living/events/EventTarget-impl.js:104:17)
      at HTMLInputElement.dispatchEvent 
(node_modules/jsdom/lib/jsdom/living/generated/EventTarget.js:241:34)
      at 
node_modules/@testing-library/user-event/dist/cjs/event/dispatchEvent.js:45:43
      at Object.eventWrapper 
(node_modules/@testing-library/dom/dist/config.js:25:23)
      at Object.wrapEvent 
(node_modules/@testing-library/user-event/dist/cjs/event/wrapEvent.js:6:28)
      at Object.dispatchEvent (node_modules/@testing-library/user-event/dist/cj
s/event/dispatchEvent.js:45:22)
      at Object.dispatchUIEvent (node_modules/@testing-library/user-event/dist/
cjs/event/dispatchEvent.js:22:26)
      at commitInput 
(node_modules/@testing-library/user-event/dist/cjs/event/input.js:145:14)
      at editInputElement 
(node_modules/@testing-library/user-event/dist/cjs/event/input.js:115:9)
      at Object.input 
(node_modules/@testing-library/user-event/dist/cjs/event/input.js:37:9)
      at node_modules/@testing-library/user-event/dist/cjs/event/behavior/keypr
ess.js:31:26
      at Object.dispatchEvent (node_modules/@testing-library/user-event/dist/cj
s/event/dispatchEvent.js:41:13)
      at Object.dispatchUIEvent (node_modules/@testing-library/user-event/dist/
cjs/event/dispatchEvent.js:22:26)
      at KeyboardHost.keydown 
(node_modules/@testing-library/user-event/dist/cjs/system/keyboard.js:76:22)
      at keyboardAction 
(node_modules/@testing-library/user-event/dist/cjs/keyboard/index.js:22:35)
      at Object.keyboard 
(node_modules/@testing-library/user-event/dist/cjs/keyboard/index.js:11:15)
      at Object.type 
(node_modules/@testing-library/user-event/dist/cjs/utility/type.js:17:5)
      at Object.<anonymous> (src/auth/auth.test.tsx:180:9)

    console.error
      Warning: An update to LoginForm inside a test was not wrapped in 
act(...).
      
      When testing, code that causes React state updates should be wrapped 
into act(...):
      
      act(() => {
        /* fire events that update state */
      });
      /* assert on the output */
      
      This ensures that you're testing the behavior the user would see in the 
browser. Learn more at https://reactjs.org/link/wrap-tests-with-act
          at LoginForm (C:\Users\samhe\OneDrive\Desktop\Cleaned\frontend\src\au
th\LoginForm\LoginForm.tsx:41:33)
          at div
          at div
          at LoginPage
          at routeContext (C:\Users\samhe\OneDrive\Desktop\Cleaned\frontend\nod
e_modules\react-router\lib\hooks.tsx:658:26)
          at children (C:\Users\samhe\OneDrive\Desktop\Cleaned\frontend\node_mo
dules\react-router\lib\components.tsx:512:3)
          at basenameProp (C:\Users\samhe\OneDrive\Desktop\Cleaned\frontend\nod
e_modules\react-router\lib\components.tsx:421:13)
          at basename (C:\Users\samhe\OneDrive\Desktop\Cleaned\frontend\node_mo
dules\react-router\lib\components.tsx:225:3)

      123 |                     placeholder="email@company.com"
      124 |                     value={email}
    > 125 |                     onChange={(e) => setEmail(e.target.value)}
          |                                      ^
      126 |                     className="w-full rounded-md border 
border-gray-300 px-3 py-2 text-sm focus:outline-none focus:ring-2 
focus:ring-gray-900 disabled:opacity-50"
      127 |                 />
      128 |             </div>

      at printWarning 
(node_modules/react-dom/cjs/react-dom.development.js:86:30)
      at error (node_modules/react-dom/cjs/react-dom.development.js:60:7)
      at warnIfUpdatesNotWrappedWithActDEV 
(node_modules/react-dom/cjs/react-dom.development.js:27628:9)
      at scheduleUpdateOnFiber 
(node_modules/react-dom/cjs/react-dom.development.js:25547:5)
      at dispatchSetState 
(node_modules/react-dom/cjs/react-dom.development.js:16708:7)
      at onChange (src/auth/LoginForm/LoginForm.tsx:125:38)
      at HTMLUnknownElement.callCallback 
(node_modules/react-dom/cjs/react-dom.development.js:4164:14)
      at HTMLUnknownElement.callTheUserObjectsOperation 
(node_modules/jsdom/lib/jsdom/living/generated/EventListener.js:26:30)
      at innerInvokeEventListeners 
(node_modules/jsdom/lib/jsdom/living/events/EventTarget-impl.js:350:25)
      at invokeEventListeners 
(node_modules/jsdom/lib/jsdom/living/events/EventTarget-impl.js:286:3)
      at HTMLUnknownElementImpl._dispatch 
(node_modules/jsdom/lib/jsdom/living/events/EventTarget-impl.js:233:9)
      at HTMLUnknownElementImpl.dispatchEvent 
(node_modules/jsdom/lib/jsdom/living/events/EventTarget-impl.js:104:17)
      at HTMLUnknownElement.dispatchEvent 
(node_modules/jsdom/lib/jsdom/living/generated/EventTarget.js:241:34)
      at Object.invokeGuardedCallbackDev 
(node_modules/react-dom/cjs/react-dom.development.js:4213:16)
      at invokeGuardedCallback 
(node_modules/react-dom/cjs/react-dom.development.js:4277:31)
      at invokeGuardedCallbackAndCatchFirstError 
(node_modules/react-dom/cjs/react-dom.development.js:4291:25)
      at executeDispatch 
(node_modules/react-dom/cjs/react-dom.development.js:9041:3)
      at processDispatchQueueItemsInOrder 
(node_modules/react-dom/cjs/react-dom.development.js:9073:7)
      at processDispatchQueue 
(node_modules/react-dom/cjs/react-dom.development.js:9086:5)
      at dispatchEventsForPlugins 
(node_modules/react-dom/cjs/react-dom.development.js:9097:3)
      at node_modules/react-dom/cjs/react-dom.development.js:9288:12
      at batchedUpdates$1 
(node_modules/react-dom/cjs/react-dom.development.js:26179:12)
      at batchedUpdates 
(node_modules/react-dom/cjs/react-dom.development.js:3991:12)
      at dispatchEventForPluginEventSystem 
(node_modules/react-dom/cjs/react-dom.development.js:9287:3)
      at dispatchEventWithEnableCapturePhaseSelectiveHydrationWithoutDiscreteEv
entReplay (node_modules/react-dom/cjs/react-dom.development.js:6465:5)
      at dispatchEvent 
(node_modules/react-dom/cjs/react-dom.development.js:6457:5)
      at dispatchDiscreteEvent 
(node_modules/react-dom/cjs/react-dom.development.js:6430:5)
      at HTMLDivElement.callTheUserObjectsOperation 
(node_modules/jsdom/lib/jsdom/living/generated/EventListener.js:26:30)
      at innerInvokeEventListeners 
(node_modules/jsdom/lib/jsdom/living/events/EventTarget-impl.js:350:25)
      at invokeEventListeners 
(node_modules/jsdom/lib/jsdom/living/events/EventTarget-impl.js:286:3)
      at HTMLInputElementImpl._dispatch 
(node_modules/jsdom/lib/jsdom/living/events/EventTarget-impl.js:233:9)
      at HTMLInputElementImpl.dispatchEvent 
(node_modules/jsdom/lib/jsdom/living/events/EventTarget-impl.js:104:17)
      at HTMLInputElement.dispatchEvent 
(node_modules/jsdom/lib/jsdom/living/generated/EventTarget.js:241:34)
      at 
node_modules/@testing-library/user-event/dist/cjs/event/dispatchEvent.js:45:43
      at Object.eventWrapper 
(node_modules/@testing-library/dom/dist/config.js:25:23)
      at Object.wrapEvent 
(node_modules/@testing-library/user-event/dist/cjs/event/wrapEvent.js:6:28)
      at Object.dispatchEvent (node_modules/@testing-library/user-event/dist/cj
s/event/dispatchEvent.js:45:22)
      at Object.dispatchUIEvent (node_modules/@testing-library/user-event/dist/
cjs/event/dispatchEvent.js:22:26)
      at commitInput 
(node_modules/@testing-library/user-event/dist/cjs/event/input.js:145:14)
      at editInputElement 
(node_modules/@testing-library/user-event/dist/cjs/event/input.js:115:9)
      at Object.input 
(node_modules/@testing-library/user-event/dist/cjs/event/input.js:37:9)
      at node_modules/@testing-library/user-event/dist/cjs/event/behavior/keypr
ess.js:31:26
      at Object.dispatchEvent (node_modules/@testing-library/user-event/dist/cj
s/event/dispatchEvent.js:41:13)
      at Object.dispatchUIEvent (node_modules/@testing-library/user-event/dist/
cjs/event/dispatchEvent.js:22:26)
      at KeyboardHost.keydown 
(node_modules/@testing-library/user-event/dist/cjs/system/keyboard.js:76:22)
      at keyboardAction 
(node_modules/@testing-library/user-event/dist/cjs/keyboard/index.js:22:35)
      at Object.keyboard 
(node_modules/@testing-library/user-event/dist/cjs/keyboard/index.js:11:15)
      at Object.type 
(node_modules/@testing-library/user-event/dist/cjs/utility/type.js:17:5)
      at Object.<anonymous> (src/auth/auth.test.tsx:180:9)

    console.error
      Warning: An update to LoginForm inside a test was not wrapped in 
act(...).
      
      When testing, code that causes React state updates should be wrapped 
into act(...):
      
      act(() => {
        /* fire events that update state */
      });
      /* assert on the output */
      
      This ensures that you're testing the behavior the user would see in the 
browser. Learn more at https://reactjs.org/link/wrap-tests-with-act
          at LoginForm (C:\Users\samhe\OneDrive\Desktop\Cleaned\frontend\src\au
th\LoginForm\LoginForm.tsx:41:33)
          at div
          at div
          at LoginPage
          at routeContext (C:\Users\samhe\OneDrive\Desktop\Cleaned\frontend\nod
e_modules\react-router\lib\hooks.tsx:658:26)
          at children (C:\Users\samhe\OneDrive\Desktop\Cleaned\frontend\node_mo
dules\react-router\lib\components.tsx:512:3)
          at basenameProp (C:\Users\samhe\OneDrive\Desktop\Cleaned\frontend\nod
e_modules\react-router\lib\components.tsx:421:13)
          at basename (C:\Users\samhe\OneDrive\Desktop\Cleaned\frontend\node_mo
dules\react-router\lib\components.tsx:225:3)

      123 |                     placeholder="email@company.com"
      124 |                     value={email}
    > 125 |                     onChange={(e) => setEmail(e.target.value)}
          |                                      ^
      126 |                     className="w-full rounded-md border 
border-gray-300 px-3 py-2 text-sm focus:outline-none focus:ring-2 
focus:ring-gray-900 disabled:opacity-50"
      127 |                 />
      128 |             </div>

      at printWarning 
(node_modules/react-dom/cjs/react-dom.development.js:86:30)
      at error (node_modules/react-dom/cjs/react-dom.development.js:60:7)
      at warnIfUpdatesNotWrappedWithActDEV 
(node_modules/react-dom/cjs/react-dom.development.js:27628:9)
      at scheduleUpdateOnFiber 
(node_modules/react-dom/cjs/react-dom.development.js:25547:5)
      at dispatchSetState 
(node_modules/react-dom/cjs/react-dom.development.js:16708:7)
      at onChange (src/auth/LoginForm/LoginForm.tsx:125:38)
      at HTMLUnknownElement.callCallback 
(node_modules/react-dom/cjs/react-dom.development.js:4164:14)
      at HTMLUnknownElement.callTheUserObjectsOperation 
(node_modules/jsdom/lib/jsdom/living/generated/EventListener.js:26:30)
      at innerInvokeEventListeners 
(node_modules/jsdom/lib/jsdom/living/events/EventTarget-impl.js:350:25)
      at invokeEventListeners 
(node_modules/jsdom/lib/jsdom/living/events/EventTarget-impl.js:286:3)
      at HTMLUnknownElementImpl._dispatch 
(node_modules/jsdom/lib/jsdom/living/events/EventTarget-impl.js:233:9)
      at HTMLUnknownElementImpl.dispatchEvent 
(node_modules/jsdom/lib/jsdom/living/events/EventTarget-impl.js:104:17)
      at HTMLUnknownElement.dispatchEvent 
(node_modules/jsdom/lib/jsdom/living/generated/EventTarget.js:241:34)
      at Object.invokeGuardedCallbackDev 
(node_modules/react-dom/cjs/react-dom.development.js:4213:16)
      at invokeGuardedCallback 
(node_modules/react-dom/cjs/react-dom.development.js:4277:31)
      at invokeGuardedCallbackAndCatchFirstError 
(node_modules/react-dom/cjs/react-dom.development.js:4291:25)
      at executeDispatch 
(node_modules/react-dom/cjs/react-dom.development.js:9041:3)
      at processDispatchQueueItemsInOrder 
(node_modules/react-dom/cjs/react-dom.development.js:9073:7)
      at processDispatchQueue 
(node_modules/react-dom/cjs/react-dom.development.js:9086:5)
      at dispatchEventsForPlugins 
(node_modules/react-dom/cjs/react-dom.development.js:9097:3)
      at node_modules/react-dom/cjs/react-dom.development.js:9288:12
      at batchedUpdates$1 
(node_modules/react-dom/cjs/react-dom.development.js:26179:12)
      at batchedUpdates 
(node_modules/react-dom/cjs/react-dom.development.js:3991:12)
      at dispatchEventForPluginEventSystem 
(node_modules/react-dom/cjs/react-dom.development.js:9287:3)
      at dispatchEventWithEnableCapturePhaseSelectiveHydrationWithoutDiscreteEv
entReplay (node_modules/react-dom/cjs/react-dom.development.js:6465:5)
      at dispatchEvent 
(node_modules/react-dom/cjs/react-dom.development.js:6457:5)
      at dispatchDiscreteEvent 
(node_modules/react-dom/cjs/react-dom.development.js:6430:5)
      at HTMLDivElement.callTheUserObjectsOperation 
(node_modules/jsdom/lib/jsdom/living/generated/EventListener.js:26:30)
      at innerInvokeEventListeners 
(node_modules/jsdom/lib/jsdom/living/events/EventTarget-impl.js:350:25)
      at invokeEventListeners 
(node_modules/jsdom/lib/jsdom/living/events/EventTarget-impl.js:286:3)
      at HTMLInputElementImpl._dispatch 
(node_modules/jsdom/lib/jsdom/living/events/EventTarget-impl.js:233:9)
      at HTMLInputElementImpl.dispatchEvent 
(node_modules/jsdom/lib/jsdom/living/events/EventTarget-impl.js:104:17)
      at HTMLInputElement.dispatchEvent 
(node_modules/jsdom/lib/jsdom/living/generated/EventTarget.js:241:34)
      at 
node_modules/@testing-library/user-event/dist/cjs/event/dispatchEvent.js:45:43
      at Object.eventWrapper 
(node_modules/@testing-library/dom/dist/config.js:25:23)
      at Object.wrapEvent 
(node_modules/@testing-library/user-event/dist/cjs/event/wrapEvent.js:6:28)
      at Object.dispatchEvent (node_modules/@testing-library/user-event/dist/cj
s/event/dispatchEvent.js:45:22)
      at Object.dispatchUIEvent (node_modules/@testing-library/user-event/dist/
cjs/event/dispatchEvent.js:22:26)
      at commitInput 
(node_modules/@testing-library/user-event/dist/cjs/event/input.js:145:14)
      at editInputElement 
(node_modules/@testing-library/user-event/dist/cjs/event/input.js:115:9)
      at Object.input 
(node_modules/@testing-library/user-event/dist/cjs/event/input.js:37:9)
      at node_modules/@testing-library/user-event/dist/cjs/event/behavior/keypr
ess.js:31:26
      at Object.dispatchEvent (node_modules/@testing-library/user-event/dist/cj
s/event/dispatchEvent.js:41:13)
      at Object.dispatchUIEvent (node_modules/@testing-library/user-event/dist/
cjs/event/dispatchEvent.js:22:26)
      at KeyboardHost.keydown 
(node_modules/@testing-library/user-event/dist/cjs/system/keyboard.js:76:22)
      at keyboardAction 
(node_modules/@testing-library/user-event/dist/cjs/keyboard/index.js:22:35)
      at Object.keyboard 
(node_modules/@testing-library/user-event/dist/cjs/keyboard/index.js:11:15)
      at Object.type 
(node_modules/@testing-library/user-event/dist/cjs/utility/type.js:17:5)
      at Object.<anonymous> (src/auth/auth.test.tsx:180:9)

    console.error
      Warning: An update to LoginForm inside a test was not wrapped in 
act(...).
      
      When testing, code that causes React state updates should be wrapped 
into act(...):
      
      act(() => {
        /* fire events that update state */
      });
      /* assert on the output */
      
      This ensures that you're testing the behavior the user would see in the 
browser. Learn more at https://reactjs.org/link/wrap-tests-with-act
          at LoginForm (C:\Users\samhe\OneDrive\Desktop\Cleaned\frontend\src\au
th\LoginForm\LoginForm.tsx:41:33)
          at div
          at div
          at LoginPage
          at routeContext (C:\Users\samhe\OneDrive\Desktop\Cleaned\frontend\nod
e_modules\react-router\lib\hooks.tsx:658:26)
          at children (C:\Users\samhe\OneDrive\Desktop\Cleaned\frontend\node_mo
dules\react-router\lib\components.tsx:512:3)
          at basenameProp (C:\Users\samhe\OneDrive\Desktop\Cleaned\frontend\nod
e_modules\react-router\lib\components.tsx:421:13)
          at basename (C:\Users\samhe\OneDrive\Desktop\Cleaned\frontend\node_mo
dules\react-router\lib\components.tsx:225:3)

      123 |                     placeholder="email@company.com"
      124 |                     value={email}
    > 125 |                     onChange={(e) => setEmail(e.target.value)}
          |                                      ^
      126 |                     className="w-full rounded-md border 
border-gray-300 px-3 py-2 text-sm focus:outline-none focus:ring-2 
focus:ring-gray-900 disabled:opacity-50"
      127 |                 />
      128 |             </div>

      at printWarning 
(node_modules/react-dom/cjs/react-dom.development.js:86:30)
      at error (node_modules/react-dom/cjs/react-dom.development.js:60:7)
      at warnIfUpdatesNotWrappedWithActDEV 
(node_modules/react-dom/cjs/react-dom.development.js:27628:9)
      at scheduleUpdateOnFiber 
(node_modules/react-dom/cjs/react-dom.development.js:25547:5)
      at dispatchSetState 
(node_modules/react-dom/cjs/react-dom.development.js:16708:7)
      at onChange (src/auth/LoginForm/LoginForm.tsx:125:38)
      at HTMLUnknownElement.callCallback 
(node_modules/react-dom/cjs/react-dom.development.js:4164:14)
      at HTMLUnknownElement.callTheUserObjectsOperation 
(node_modules/jsdom/lib/jsdom/living/generated/EventListener.js:26:30)
      at innerInvokeEventListeners 
(node_modules/jsdom/lib/jsdom/living/events/EventTarget-impl.js:350:25)
      at invokeEventListeners 
(node_modules/jsdom/lib/jsdom/living/events/EventTarget-impl.js:286:3)
      at HTMLUnknownElementImpl._dispatch 
(node_modules/jsdom/lib/jsdom/living/events/EventTarget-impl.js:233:9)
      at HTMLUnknownElementImpl.dispatchEvent 
(node_modules/jsdom/lib/jsdom/living/events/EventTarget-impl.js:104:17)
      at HTMLUnknownElement.dispatchEvent 
(node_modules/jsdom/lib/jsdom/living/generated/EventTarget.js:241:34)
      at Object.invokeGuardedCallbackDev 
(node_modules/react-dom/cjs/react-dom.development.js:4213:16)
      at invokeGuardedCallback 
(node_modules/react-dom/cjs/react-dom.development.js:4277:31)
      at invokeGuardedCallbackAndCatchFirstError 
(node_modules/react-dom/cjs/react-dom.development.js:4291:25)
      at executeDispatch 
(node_modules/react-dom/cjs/react-dom.development.js:9041:3)
      at processDispatchQueueItemsInOrder 
(node_modules/react-dom/cjs/react-dom.development.js:9073:7)
      at processDispatchQueue 
(node_modules/react-dom/cjs/react-dom.development.js:9086:5)
      at dispatchEventsForPlugins 
(node_modules/react-dom/cjs/react-dom.development.js:9097:3)
      at node_modules/react-dom/cjs/react-dom.development.js:9288:12
      at batchedUpdates$1 
(node_modules/react-dom/cjs/react-dom.development.js:26179:12)
      at batchedUpdates 
(node_modules/react-dom/cjs/react-dom.development.js:3991:12)
      at dispatchEventForPluginEventSystem 
(node_modules/react-dom/cjs/react-dom.development.js:9287:3)
      at dispatchEventWithEnableCapturePhaseSelectiveHydrationWithoutDiscreteEv
entReplay (node_modules/react-dom/cjs/react-dom.development.js:6465:5)
      at dispatchEvent 
(node_modules/react-dom/cjs/react-dom.development.js:6457:5)
      at dispatchDiscreteEvent 
(node_modules/react-dom/cjs/react-dom.development.js:6430:5)
      at HTMLDivElement.callTheUserObjectsOperation 
(node_modules/jsdom/lib/jsdom/living/generated/EventListener.js:26:30)
      at innerInvokeEventListeners 
(node_modules/jsdom/lib/jsdom/living/events/EventTarget-impl.js:350:25)
      at invokeEventListeners 
(node_modules/jsdom/lib/jsdom/living/events/EventTarget-impl.js:286:3)
      at HTMLInputElementImpl._dispatch 
(node_modules/jsdom/lib/jsdom/living/events/EventTarget-impl.js:233:9)
      at HTMLInputElementImpl.dispatchEvent 
(node_modules/jsdom/lib/jsdom/living/events/EventTarget-impl.js:104:17)
      at HTMLInputElement.dispatchEvent 
(node_modules/jsdom/lib/jsdom/living/generated/EventTarget.js:241:34)
      at 
node_modules/@testing-library/user-event/dist/cjs/event/dispatchEvent.js:45:43
      at Object.eventWrapper 
(node_modules/@testing-library/dom/dist/config.js:25:23)
      at Object.wrapEvent 
(node_modules/@testing-library/user-event/dist/cjs/event/wrapEvent.js:6:28)
      at Object.dispatchEvent (node_modules/@testing-library/user-event/dist/cj
s/event/dispatchEvent.js:45:22)
      at Object.dispatchUIEvent (node_modules/@testing-library/user-event/dist/
cjs/event/dispatchEvent.js:22:26)
      at commitInput 
(node_modules/@testing-library/user-event/dist/cjs/event/input.js:145:14)
      at editInputElement 
(node_modules/@testing-library/user-event/dist/cjs/event/input.js:115:9)
      at Object.input 
(node_modules/@testing-library/user-event/dist/cjs/event/input.js:37:9)
      at node_modules/@testing-library/user-event/dist/cjs/event/behavior/keypr
ess.js:31:26
      at Object.dispatchEvent (node_modules/@testing-library/user-event/dist/cj
s/event/dispatchEvent.js:41:13)
      at Object.dispatchUIEvent (node_modules/@testing-library/user-event/dist/
cjs/event/dispatchEvent.js:22:26)
      at KeyboardHost.keydown 
(node_modules/@testing-library/user-event/dist/cjs/system/keyboard.js:76:22)
      at keyboardAction 
(node_modules/@testing-library/user-event/dist/cjs/keyboard/index.js:22:35)
      at Object.keyboard 
(node_modules/@testing-library/user-event/dist/cjs/keyboard/index.js:11:15)
      at Object.type 
(node_modules/@testing-library/user-event/dist/cjs/utility/type.js:17:5)
      at Object.<anonymous> (src/auth/auth.test.tsx:180:9)

    console.error
      Warning: An update to LoginForm inside a test was not wrapped in 
act(...).
      
      When testing, code that causes React state updates should be wrapped 
into act(...):
      
      act(() => {
        /* fire events that update state */
      });
      /* assert on the output */
      
      This ensures that you're testing the behavior the user would see in the 
browser. Learn more at https://reactjs.org/link/wrap-tests-with-act
          at LoginForm (C:\Users\samhe\OneDrive\Desktop\Cleaned\frontend\src\au
th\LoginForm\LoginForm.tsx:41:33)
          at div
          at div
          at LoginPage
          at routeContext (C:\Users\samhe\OneDrive\Desktop\Cleaned\frontend\nod
e_modules\react-router\lib\hooks.tsx:658:26)
          at children (C:\Users\samhe\OneDrive\Desktop\Cleaned\frontend\node_mo
dules\react-router\lib\components.tsx:512:3)
          at basenameProp (C:\Users\samhe\OneDrive\Desktop\Cleaned\frontend\nod
e_modules\react-router\lib\components.tsx:421:13)
          at basename (C:\Users\samhe\OneDrive\Desktop\Cleaned\frontend\node_mo
dules\react-router\lib\components.tsx:225:3)

      123 |                     placeholder="email@company.com"
      124 |                     value={email}
    > 125 |                     onChange={(e) => setEmail(e.target.value)}
          |                                      ^
      126 |                     className="w-full rounded-md border 
border-gray-300 px-3 py-2 text-sm focus:outline-none focus:ring-2 
focus:ring-gray-900 disabled:opacity-50"
      127 |                 />
      128 |             </div>

      at printWarning 
(node_modules/react-dom/cjs/react-dom.development.js:86:30)
      at error (node_modules/react-dom/cjs/react-dom.development.js:60:7)
      at warnIfUpdatesNotWrappedWithActDEV 
(node_modules/react-dom/cjs/react-dom.development.js:27628:9)
      at scheduleUpdateOnFiber 
(node_modules/react-dom/cjs/react-dom.development.js:25547:5)
      at dispatchSetState 
(node_modules/react-dom/cjs/react-dom.development.js:16708:7)
      at onChange (src/auth/LoginForm/LoginForm.tsx:125:38)
      at HTMLUnknownElement.callCallback 
(node_modules/react-dom/cjs/react-dom.development.js:4164:14)
      at HTMLUnknownElement.callTheUserObjectsOperation 
(node_modules/jsdom/lib/jsdom/living/generated/EventListener.js:26:30)
      at innerInvokeEventListeners 
(node_modules/jsdom/lib/jsdom/living/events/EventTarget-impl.js:350:25)
      at invokeEventListeners 
(node_modules/jsdom/lib/jsdom/living/events/EventTarget-impl.js:286:3)
      at HTMLUnknownElementImpl._dispatch 
(node_modules/jsdom/lib/jsdom/living/events/EventTarget-impl.js:233:9)
      at HTMLUnknownElementImpl.dispatchEvent 
(node_modules/jsdom/lib/jsdom/living/events/EventTarget-impl.js:104:17)
      at HTMLUnknownElement.dispatchEvent 
(node_modules/jsdom/lib/jsdom/living/generated/EventTarget.js:241:34)
      at Object.invokeGuardedCallbackDev 
(node_modules/react-dom/cjs/react-dom.development.js:4213:16)
      at invokeGuardedCallback 
(node_modules/react-dom/cjs/react-dom.development.js:4277:31)
      at invokeGuardedCallbackAndCatchFirstError 
(node_modules/react-dom/cjs/react-dom.development.js:4291:25)
      at executeDispatch 
(node_modules/react-dom/cjs/react-dom.development.js:9041:3)
      at processDispatchQueueItemsInOrder 
(node_modules/react-dom/cjs/react-dom.development.js:9073:7)
      at processDispatchQueue 
(node_modules/react-dom/cjs/react-dom.development.js:9086:5)
      at dispatchEventsForPlugins 
(node_modules/react-dom/cjs/react-dom.development.js:9097:3)
      at node_modules/react-dom/cjs/react-dom.development.js:9288:12
      at batchedUpdates$1 
(node_modules/react-dom/cjs/react-dom.development.js:26179:12)
      at batchedUpdates 
(node_modules/react-dom/cjs/react-dom.development.js:3991:12)
      at dispatchEventForPluginEventSystem 
(node_modules/react-dom/cjs/react-dom.development.js:9287:3)
      at dispatchEventWithEnableCapturePhaseSelectiveHydrationWithoutDiscreteEv
entReplay (node_modules/react-dom/cjs/react-dom.development.js:6465:5)
      at dispatchEvent 
(node_modules/react-dom/cjs/react-dom.development.js:6457:5)
      at dispatchDiscreteEvent 
(node_modules/react-dom/cjs/react-dom.development.js:6430:5)
      at HTMLDivElement.callTheUserObjectsOperation 
(node_modules/jsdom/lib/jsdom/living/generated/EventListener.js:26:30)
      at innerInvokeEventListeners 
(node_modules/jsdom/lib/jsdom/living/events/EventTarget-impl.js:350:25)
      at invokeEventListeners 
(node_modules/jsdom/lib/jsdom/living/events/EventTarget-impl.js:286:3)
      at HTMLInputElementImpl._dispatch 
(node_modules/jsdom/lib/jsdom/living/events/EventTarget-impl.js:233:9)
      at HTMLInputElementImpl.dispatchEvent 
(node_modules/jsdom/lib/jsdom/living/events/EventTarget-impl.js:104:17)
      at HTMLInputElement.dispatchEvent 
(node_modules/jsdom/lib/jsdom/living/generated/EventTarget.js:241:34)
      at 
node_modules/@testing-library/user-event/dist/cjs/event/dispatchEvent.js:45:43
      at Object.eventWrapper 
(node_modules/@testing-library/dom/dist/config.js:25:23)
      at Object.wrapEvent 
(node_modules/@testing-library/user-event/dist/cjs/event/wrapEvent.js:6:28)
      at Object.dispatchEvent (node_modules/@testing-library/user-event/dist/cj
s/event/dispatchEvent.js:45:22)
      at Object.dispatchUIEvent (node_modules/@testing-library/user-event/dist/
cjs/event/dispatchEvent.js:22:26)
      at commitInput 
(node_modules/@testing-library/user-event/dist/cjs/event/input.js:145:14)
      at editInputElement 
(node_modules/@testing-library/user-event/dist/cjs/event/input.js:115:9)
      at Object.input 
(node_modules/@testing-library/user-event/dist/cjs/event/input.js:37:9)
      at node_modules/@testing-library/user-event/dist/cjs/event/behavior/keypr
ess.js:31:26
      at Object.dispatchEvent (node_modules/@testing-library/user-event/dist/cj
s/event/dispatchEvent.js:41:13)
      at Object.dispatchUIEvent (node_modules/@testing-library/user-event/dist/
cjs/event/dispatchEvent.js:22:26)
      at KeyboardHost.keydown 
(node_modules/@testing-library/user-event/dist/cjs/system/keyboard.js:76:22)
      at keyboardAction 
(node_modules/@testing-library/user-event/dist/cjs/keyboard/index.js:22:35)
      at Object.keyboard 
(node_modules/@testing-library/user-event/dist/cjs/keyboard/index.js:11:15)
      at Object.type 
(node_modules/@testing-library/user-event/dist/cjs/utility/type.js:17:5)
      at Object.<anonymous> (src/auth/auth.test.tsx:180:9)

    console.error
      Warning: An update to LoginForm inside a test was not wrapped in 
act(...).
      
      When testing, code that causes React state updates should be wrapped 
into act(...):
      
      act(() => {
        /* fire events that update state */
      });
      /* assert on the output */
      
      This ensures that you're testing the behavior the user would see in the 
browser. Learn more at https://reactjs.org/link/wrap-tests-with-act
          at LoginForm (C:\Users\samhe\OneDrive\Desktop\Cleaned\frontend\src\au
th\LoginForm\LoginForm.tsx:41:33)
          at div
          at div
          at LoginPage
          at routeContext (C:\Users\samhe\OneDrive\Desktop\Cleaned\frontend\nod
e_modules\react-router\lib\hooks.tsx:658:26)
          at children (C:\Users\samhe\OneDrive\Desktop\Cleaned\frontend\node_mo
dules\react-router\lib\components.tsx:512:3)
          at basenameProp (C:\Users\samhe\OneDrive\Desktop\Cleaned\frontend\nod
e_modules\react-router\lib\components.tsx:421:13)
          at basename (C:\Users\samhe\OneDrive\Desktop\Cleaned\frontend\node_mo
dules\react-router\lib\components.tsx:225:3)

      123 |                     placeholder="email@company.com"
      124 |                     value={email}
    > 125 |                     onChange={(e) => setEmail(e.target.value)}
          |                                      ^
      126 |                     className="w-full rounded-md border 
border-gray-300 px-3 py-2 text-sm focus:outline-none focus:ring-2 
focus:ring-gray-900 disabled:opacity-50"
      127 |                 />
      128 |             </div>

      at printWarning 
(node_modules/react-dom/cjs/react-dom.development.js:86:30)
      at error (node_modules/react-dom/cjs/react-dom.development.js:60:7)
      at warnIfUpdatesNotWrappedWithActDEV 
(node_modules/react-dom/cjs/react-dom.development.js:27628:9)
      at scheduleUpdateOnFiber 
(node_modules/react-dom/cjs/react-dom.development.js:25547:5)
      at dispatchSetState 
(node_modules/react-dom/cjs/react-dom.development.js:16708:7)
      at onChange (src/auth/LoginForm/LoginForm.tsx:125:38)
      at HTMLUnknownElement.callCallback 
(node_modules/react-dom/cjs/react-dom.development.js:4164:14)
      at HTMLUnknownElement.callTheUserObjectsOperation 
(node_modules/jsdom/lib/jsdom/living/generated/EventListener.js:26:30)
      at innerInvokeEventListeners 
(node_modules/jsdom/lib/jsdom/living/events/EventTarget-impl.js:350:25)
      at invokeEventListeners 
(node_modules/jsdom/lib/jsdom/living/events/EventTarget-impl.js:286:3)
      at HTMLUnknownElementImpl._dispatch 
(node_modules/jsdom/lib/jsdom/living/events/EventTarget-impl.js:233:9)
      at HTMLUnknownElementImpl.dispatchEvent 
(node_modules/jsdom/lib/jsdom/living/events/EventTarget-impl.js:104:17)
      at HTMLUnknownElement.dispatchEvent 
(node_modules/jsdom/lib/jsdom/living/generated/EventTarget.js:241:34)
      at Object.invokeGuardedCallbackDev 
(node_modules/react-dom/cjs/react-dom.development.js:4213:16)
      at invokeGuardedCallback 
(node_modules/react-dom/cjs/react-dom.development.js:4277:31)
      at invokeGuardedCallbackAndCatchFirstError 
(node_modules/react-dom/cjs/react-dom.development.js:4291:25)
      at executeDispatch 
(node_modules/react-dom/cjs/react-dom.development.js:9041:3)
      at processDispatchQueueItemsInOrder 
(node_modules/react-dom/cjs/react-dom.development.js:9073:7)
      at processDispatchQueue 
(node_modules/react-dom/cjs/react-dom.development.js:9086:5)
      at dispatchEventsForPlugins 
(node_modules/react-dom/cjs/react-dom.development.js:9097:3)
      at node_modules/react-dom/cjs/react-dom.development.js:9288:12
      at batchedUpdates$1 
(node_modules/react-dom/cjs/react-dom.development.js:26179:12)
      at batchedUpdates 
(node_modules/react-dom/cjs/react-dom.development.js:3991:12)
      at dispatchEventForPluginEventSystem 
(node_modules/react-dom/cjs/react-dom.development.js:9287:3)
      at dispatchEventWithEnableCapturePhaseSelectiveHydrationWithoutDiscreteEv
entReplay (node_modules/react-dom/cjs/react-dom.development.js:6465:5)
      at dispatchEvent 
(node_modules/react-dom/cjs/react-dom.development.js:6457:5)
      at dispatchDiscreteEvent 
(node_modules/react-dom/cjs/react-dom.development.js:6430:5)
      at HTMLDivElement.callTheUserObjectsOperation 
(node_modules/jsdom/lib/jsdom/living/generated/EventListener.js:26:30)
      at innerInvokeEventListeners 
(node_modules/jsdom/lib/jsdom/living/events/EventTarget-impl.js:350:25)
      at invokeEventListeners 
(node_modules/jsdom/lib/jsdom/living/events/EventTarget-impl.js:286:3)
      at HTMLInputElementImpl._dispatch 
(node_modules/jsdom/lib/jsdom/living/events/EventTarget-impl.js:233:9)
      at HTMLInputElementImpl.dispatchEvent 
(node_modules/jsdom/lib/jsdom/living/events/EventTarget-impl.js:104:17)
      at HTMLInputElement.dispatchEvent 
(node_modules/jsdom/lib/jsdom/living/generated/EventTarget.js:241:34)
      at 
node_modules/@testing-library/user-event/dist/cjs/event/dispatchEvent.js:45:43
      at Object.eventWrapper 
(node_modules/@testing-library/dom/dist/config.js:25:23)
      at Object.wrapEvent 
(node_modules/@testing-library/user-event/dist/cjs/event/wrapEvent.js:6:28)
      at Object.dispatchEvent (node_modules/@testing-library/user-event/dist/cj
s/event/dispatchEvent.js:45:22)
      at Object.dispatchUIEvent (node_modules/@testing-library/user-event/dist/
cjs/event/dispatchEvent.js:22:26)
      at commitInput 
(node_modules/@testing-library/user-event/dist/cjs/event/input.js:145:14)
      at editInputElement 
(node_modules/@testing-library/user-event/dist/cjs/event/input.js:115:9)
      at Object.input 
(node_modules/@testing-library/user-event/dist/cjs/event/input.js:37:9)
      at node_modules/@testing-library/user-event/dist/cjs/event/behavior/keypr
ess.js:31:26
      at Object.dispatchEvent (node_modules/@testing-library/user-event/dist/cj
s/event/dispatchEvent.js:41:13)
      at Object.dispatchUIEvent (node_modules/@testing-library/user-event/dist/
cjs/event/dispatchEvent.js:22:26)
      at KeyboardHost.keydown 
(node_modules/@testing-library/user-event/dist/cjs/system/keyboard.js:76:22)
      at keyboardAction 
(node_modules/@testing-library/user-event/dist/cjs/keyboard/index.js:22:35)
      at Object.keyboard 
(node_modules/@testing-library/user-event/dist/cjs/keyboard/index.js:11:15)
      at Object.type 
(node_modules/@testing-library/user-event/dist/cjs/utility/type.js:17:5)
      at Object.<anonymous> (src/auth/auth.test.tsx:180:9)

    console.error
      Warning: An update to LoginForm inside a test was not wrapped in 
act(...).
      
      When testing, code that causes React state updates should be wrapped 
into act(...):
      
      act(() => {
        /* fire events that update state */
      });
      /* assert on the output */
      
      This ensures that you're testing the behavior the user would see in the 
browser. Learn more at https://reactjs.org/link/wrap-tests-with-act
          at LoginForm (C:\Users\samhe\OneDrive\Desktop\Cleaned\frontend\src\au
th\LoginForm\LoginForm.tsx:41:33)
          at div
          at div
          at LoginPage
          at routeContext (C:\Users\samhe\OneDrive\Desktop\Cleaned\frontend\nod
e_modules\react-router\lib\hooks.tsx:658:26)
          at children (C:\Users\samhe\OneDrive\Desktop\Cleaned\frontend\node_mo
dules\react-router\lib\components.tsx:512:3)
          at basenameProp (C:\Users\samhe\OneDrive\Desktop\Cleaned\frontend\nod
e_modules\react-router\lib\components.tsx:421:13)
          at basename (C:\Users\samhe\OneDrive\Desktop\Cleaned\frontend\node_mo
dules\react-router\lib\components.tsx:225:3)

      123 |                     placeholder="email@company.com"
      124 |                     value={email}
    > 125 |                     onChange={(e) => setEmail(e.target.value)}
          |                                      ^
      126 |                     className="w-full rounded-md border 
border-gray-300 px-3 py-2 text-sm focus:outline-none focus:ring-2 
focus:ring-gray-900 disabled:opacity-50"
      127 |                 />
      128 |             </div>

      at printWarning 
(node_modules/react-dom/cjs/react-dom.development.js:86:30)
      at error (node_modules/react-dom/cjs/react-dom.development.js:60:7)
      at warnIfUpdatesNotWrappedWithActDEV 
(node_modules/react-dom/cjs/react-dom.development.js:27628:9)
      at scheduleUpdateOnFiber 
(node_modules/react-dom/cjs/react-dom.development.js:25547:5)
      at dispatchSetState 
(node_modules/react-dom/cjs/react-dom.development.js:16708:7)
      at onChange (src/auth/LoginForm/LoginForm.tsx:125:38)
      at HTMLUnknownElement.callCallback 
(node_modules/react-dom/cjs/react-dom.development.js:4164:14)
      at HTMLUnknownElement.callTheUserObjectsOperation 
(node_modules/jsdom/lib/jsdom/living/generated/EventListener.js:26:30)
      at innerInvokeEventListeners 
(node_modules/jsdom/lib/jsdom/living/events/EventTarget-impl.js:350:25)
      at invokeEventListeners 
(node_modules/jsdom/lib/jsdom/living/events/EventTarget-impl.js:286:3)
      at HTMLUnknownElementImpl._dispatch 
(node_modules/jsdom/lib/jsdom/living/events/EventTarget-impl.js:233:9)
      at HTMLUnknownElementImpl.dispatchEvent 
(node_modules/jsdom/lib/jsdom/living/events/EventTarget-impl.js:104:17)
      at HTMLUnknownElement.dispatchEvent 
(node_modules/jsdom/lib/jsdom/living/generated/EventTarget.js:241:34)
      at Object.invokeGuardedCallbackDev 
(node_modules/react-dom/cjs/react-dom.development.js:4213:16)
      at invokeGuardedCallback 
(node_modules/react-dom/cjs/react-dom.development.js:4277:31)
      at invokeGuardedCallbackAndCatchFirstError 
(node_modules/react-dom/cjs/react-dom.development.js:4291:25)
      at executeDispatch 
(node_modules/react-dom/cjs/react-dom.development.js:9041:3)
      at processDispatchQueueItemsInOrder 
(node_modules/react-dom/cjs/react-dom.development.js:9073:7)
      at processDispatchQueue 
(node_modules/react-dom/cjs/react-dom.development.js:9086:5)
      at dispatchEventsForPlugins 
(node_modules/react-dom/cjs/react-dom.development.js:9097:3)
      at node_modules/react-dom/cjs/react-dom.development.js:9288:12
      at batchedUpdates$1 
(node_modules/react-dom/cjs/react-dom.development.js:26179:12)
      at batchedUpdates 
(node_modules/react-dom/cjs/react-dom.development.js:3991:12)
      at dispatchEventForPluginEventSystem 
(node_modules/react-dom/cjs/react-dom.development.js:9287:3)
      at dispatchEventWithEnableCapturePhaseSelectiveHydrationWithoutDiscreteEv
entReplay (node_modules/react-dom/cjs/react-dom.development.js:6465:5)
      at dispatchEvent 
(node_modules/react-dom/cjs/react-dom.development.js:6457:5)
      at dispatchDiscreteEvent 
(node_modules/react-dom/cjs/react-dom.development.js:6430:5)
      at HTMLDivElement.callTheUserObjectsOperation 
(node_modules/jsdom/lib/jsdom/living/generated/EventListener.js:26:30)
      at innerInvokeEventListeners 
(node_modules/jsdom/lib/jsdom/living/events/EventTarget-impl.js:350:25)
      at invokeEventListeners 
(node_modules/jsdom/lib/jsdom/living/events/EventTarget-impl.js:286:3)
      at HTMLInputElementImpl._dispatch 
(node_modules/jsdom/lib/jsdom/living/events/EventTarget-impl.js:233:9)
      at HTMLInputElementImpl.dispatchEvent 
(node_modules/jsdom/lib/jsdom/living/events/EventTarget-impl.js:104:17)
      at HTMLInputElement.dispatchEvent 
(node_modules/jsdom/lib/jsdom/living/generated/EventTarget.js:241:34)
      at 
node_modules/@testing-library/user-event/dist/cjs/event/dispatchEvent.js:45:43
      at Object.eventWrapper 
(node_modules/@testing-library/dom/dist/config.js:25:23)
      at Object.wrapEvent 
(node_modules/@testing-library/user-event/dist/cjs/event/wrapEvent.js:6:28)
      at Object.dispatchEvent (node_modules/@testing-library/user-event/dist/cj
s/event/dispatchEvent.js:45:22)
      at Object.dispatchUIEvent (node_modules/@testing-library/user-event/dist/
cjs/event/dispatchEvent.js:22:26)
      at commitInput 
(node_modules/@testing-library/user-event/dist/cjs/event/input.js:145:14)
      at editInputElement 
(node_modules/@testing-library/user-event/dist/cjs/event/input.js:115:9)
      at Object.input 
(node_modules/@testing-library/user-event/dist/cjs/event/input.js:37:9)
      at node_modules/@testing-library/user-event/dist/cjs/event/behavior/keypr
ess.js:31:26
      at Object.dispatchEvent (node_modules/@testing-library/user-event/dist/cj
s/event/dispatchEvent.js:41:13)
      at Object.dispatchUIEvent (node_modules/@testing-library/user-event/dist/
cjs/event/dispatchEvent.js:22:26)
      at KeyboardHost.keydown 
(node_modules/@testing-library/user-event/dist/cjs/system/keyboard.js:76:22)
      at keyboardAction 
(node_modules/@testing-library/user-event/dist/cjs/keyboard/index.js:22:35)
      at Object.keyboard 
(node_modules/@testing-library/user-event/dist/cjs/keyboard/index.js:11:15)
      at Object.type 
(node_modules/@testing-library/user-event/dist/cjs/utility/type.js:17:5)
      at Object.<anonymous> (src/auth/auth.test.tsx:180:9)

    console.error
      Warning: An update to LoginForm inside a test was not wrapped in 
act(...).
      
      When testing, code that causes React state updates should be wrapped 
into act(...):
      
      act(() => {
        /* fire events that update state */
      });
      /* assert on the output */
      
      This ensures that you're testing the behavior the user would see in the 
browser. Learn more at https://reactjs.org/link/wrap-tests-with-act
          at LoginForm (C:\Users\samhe\OneDrive\Desktop\Cleaned\frontend\src\au
th\LoginForm\LoginForm.tsx:41:33)
          at div
          at div
          at LoginPage
          at routeContext (C:\Users\samhe\OneDrive\Desktop\Cleaned\frontend\nod
e_modules\react-router\lib\hooks.tsx:658:26)
          at children (C:\Users\samhe\OneDrive\Desktop\Cleaned\frontend\node_mo
dules\react-router\lib\components.tsx:512:3)
          at basenameProp (C:\Users\samhe\OneDrive\Desktop\Cleaned\frontend\nod
e_modules\react-router\lib\components.tsx:421:13)
          at basename (C:\Users\samhe\OneDrive\Desktop\Cleaned\frontend\node_mo
dules\react-router\lib\components.tsx:225:3)

      123 |                     placeholder="email@company.com"
      124 |                     value={email}
    > 125 |                     onChange={(e) => setEmail(e.target.value)}
          |                                      ^
      126 |                     className="w-full rounded-md border 
border-gray-300 px-3 py-2 text-sm focus:outline-none focus:ring-2 
focus:ring-gray-900 disabled:opacity-50"
      127 |                 />
      128 |             </div>

      at printWarning 
(node_modules/react-dom/cjs/react-dom.development.js:86:30)
      at error (node_modules/react-dom/cjs/react-dom.development.js:60:7)
      at warnIfUpdatesNotWrappedWithActDEV 
(node_modules/react-dom/cjs/react-dom.development.js:27628:9)
      at scheduleUpdateOnFiber 
(node_modules/react-dom/cjs/react-dom.development.js:25547:5)
      at dispatchSetState 
(node_modules/react-dom/cjs/react-dom.development.js:16708:7)
      at onChange (src/auth/LoginForm/LoginForm.tsx:125:38)
      at HTMLUnknownElement.callCallback 
(node_modules/react-dom/cjs/react-dom.development.js:4164:14)
      at HTMLUnknownElement.callTheUserObjectsOperation 
(node_modules/jsdom/lib/jsdom/living/generated/EventListener.js:26:30)
      at innerInvokeEventListeners 
(node_modules/jsdom/lib/jsdom/living/events/EventTarget-impl.js:350:25)
      at invokeEventListeners 
(node_modules/jsdom/lib/jsdom/living/events/EventTarget-impl.js:286:3)
      at HTMLUnknownElementImpl._dispatch 
(node_modules/jsdom/lib/jsdom/living/events/EventTarget-impl.js:233:9)
      at HTMLUnknownElementImpl.dispatchEvent 
(node_modules/jsdom/lib/jsdom/living/events/EventTarget-impl.js:104:17)
      at HTMLUnknownElement.dispatchEvent 
(node_modules/jsdom/lib/jsdom/living/generated/EventTarget.js:241:34)
      at Object.invokeGuardedCallbackDev 
(node_modules/react-dom/cjs/react-dom.development.js:4213:16)
      at invokeGuardedCallback 
(node_modules/react-dom/cjs/react-dom.development.js:4277:31)
      at invokeGuardedCallbackAndCatchFirstError 
(node_modules/react-dom/cjs/react-dom.development.js:4291:25)
      at executeDispatch 
(node_modules/react-dom/cjs/react-dom.development.js:9041:3)
      at processDispatchQueueItemsInOrder 
(node_modules/react-dom/cjs/react-dom.development.js:9073:7)
      at processDispatchQueue 
(node_modules/react-dom/cjs/react-dom.development.js:9086:5)
      at dispatchEventsForPlugins 
(node_modules/react-dom/cjs/react-dom.development.js:9097:3)
      at node_modules/react-dom/cjs/react-dom.development.js:9288:12
      at batchedUpdates$1 
(node_modules/react-dom/cjs/react-dom.development.js:26179:12)
      at batchedUpdates 
(node_modules/react-dom/cjs/react-dom.development.js:3991:12)
      at dispatchEventForPluginEventSystem 
(node_modules/react-dom/cjs/react-dom.development.js:9287:3)
      at dispatchEventWithEnableCapturePhaseSelectiveHydrationWithoutDiscreteEv
entReplay (node_modules/react-dom/cjs/react-dom.development.js:6465:5)
      at dispatchEvent 
(node_modules/react-dom/cjs/react-dom.development.js:6457:5)
      at dispatchDiscreteEvent 
(node_modules/react-dom/cjs/react-dom.development.js:6430:5)
      at HTMLDivElement.callTheUserObjectsOperation 
(node_modules/jsdom/lib/jsdom/living/generated/EventListener.js:26:30)
      at innerInvokeEventListeners 
(node_modules/jsdom/lib/jsdom/living/events/EventTarget-impl.js:350:25)
      at invokeEventListeners 
(node_modules/jsdom/lib/jsdom/living/events/EventTarget-impl.js:286:3)
      at HTMLInputElementImpl._dispatch 
(node_modules/jsdom/lib/jsdom/living/events/EventTarget-impl.js:233:9)
      at HTMLInputElementImpl.dispatchEvent 
(node_modules/jsdom/lib/jsdom/living/events/EventTarget-impl.js:104:17)
      at HTMLInputElement.dispatchEvent 
(node_modules/jsdom/lib/jsdom/living/generated/EventTarget.js:241:34)
      at 
node_modules/@testing-library/user-event/dist/cjs/event/dispatchEvent.js:45:43
      at Object.eventWrapper 
(node_modules/@testing-library/dom/dist/config.js:25:23)
      at Object.wrapEvent 
(node_modules/@testing-library/user-event/dist/cjs/event/wrapEvent.js:6:28)
      at Object.dispatchEvent (node_modules/@testing-library/user-event/dist/cj
s/event/dispatchEvent.js:45:22)
      at Object.dispatchUIEvent (node_modules/@testing-library/user-event/dist/
cjs/event/dispatchEvent.js:22:26)
      at commitInput 
(node_modules/@testing-library/user-event/dist/cjs/event/input.js:145:14)
      at editInputElement 
(node_modules/@testing-library/user-event/dist/cjs/event/input.js:115:9)
      at Object.input 
(node_modules/@testing-library/user-event/dist/cjs/event/input.js:37:9)
      at node_modules/@testing-library/user-event/dist/cjs/event/behavior/keypr
ess.js:31:26
      at Object.dispatchEvent (node_modules/@testing-library/user-event/dist/cj
s/event/dispatchEvent.js:41:13)
      at Object.dispatchUIEvent (node_modules/@testing-library/user-event/dist/
cjs/event/dispatchEvent.js:22:26)
      at KeyboardHost.keydown 
(node_modules/@testing-library/user-event/dist/cjs/system/keyboard.js:76:22)
      at keyboardAction 
(node_modules/@testing-library/user-event/dist/cjs/keyboard/index.js:22:35)
      at Object.keyboard 
(node_modules/@testing-library/user-event/dist/cjs/keyboard/index.js:11:15)
      at Object.type 
(node_modules/@testing-library/user-event/dist/cjs/utility/type.js:17:5)
      at Object.<anonymous> (src/auth/auth.test.tsx:180:9)

    console.error
      Warning: An update to LoginForm inside a test was not wrapped in 
act(...).
      
      When testing, code that causes React state updates should be wrapped 
into act(...):
      
      act(() => {
        /* fire events that update state */
      });
      /* assert on the output */
      
      This ensures that you're testing the behavior the user would see in the 
browser. Learn more at https://reactjs.org/link/wrap-tests-with-act
          at LoginForm (C:\Users\samhe\OneDrive\Desktop\Cleaned\frontend\src\au
th\LoginForm\LoginForm.tsx:41:33)
          at div
          at div
          at LoginPage
          at routeContext (C:\Users\samhe\OneDrive\Desktop\Cleaned\frontend\nod
e_modules\react-router\lib\hooks.tsx:658:26)
          at children (C:\Users\samhe\OneDrive\Desktop\Cleaned\frontend\node_mo
dules\react-router\lib\components.tsx:512:3)
          at basenameProp (C:\Users\samhe\OneDrive\Desktop\Cleaned\frontend\nod
e_modules\react-router\lib\components.tsx:421:13)
          at basename (C:\Users\samhe\OneDrive\Desktop\Cleaned\frontend\node_mo
dules\react-router\lib\components.tsx:225:3)

      123 |                     placeholder="email@company.com"
      124 |                     value={email}
    > 125 |                     onChange={(e) => setEmail(e.target.value)}
          |                                      ^
      126 |                     className="w-full rounded-md border 
border-gray-300 px-3 py-2 text-sm focus:outline-none focus:ring-2 
focus:ring-gray-900 disabled:opacity-50"
      127 |                 />
      128 |             </div>

      at printWarning 
(node_modules/react-dom/cjs/react-dom.development.js:86:30)
      at error (node_modules/react-dom/cjs/react-dom.development.js:60:7)
      at warnIfUpdatesNotWrappedWithActDEV 
(node_modules/react-dom/cjs/react-dom.development.js:27628:9)
      at scheduleUpdateOnFiber 
(node_modules/react-dom/cjs/react-dom.development.js:25547:5)
      at dispatchSetState 
(node_modules/react-dom/cjs/react-dom.development.js:16708:7)
      at onChange (src/auth/LoginForm/LoginForm.tsx:125:38)
      at HTMLUnknownElement.callCallback 
(node_modules/react-dom/cjs/react-dom.development.js:4164:14)
      at HTMLUnknownElement.callTheUserObjectsOperation 
(node_modules/jsdom/lib/jsdom/living/generated/EventListener.js:26:30)
      at innerInvokeEventListeners 
(node_modules/jsdom/lib/jsdom/living/events/EventTarget-impl.js:350:25)
      at invokeEventListeners 
(node_modules/jsdom/lib/jsdom/living/events/EventTarget-impl.js:286:3)
      at HTMLUnknownElementImpl._dispatch 
(node_modules/jsdom/lib/jsdom/living/events/EventTarget-impl.js:233:9)
      at HTMLUnknownElementImpl.dispatchEvent 
(node_modules/jsdom/lib/jsdom/living/events/EventTarget-impl.js:104:17)
      at HTMLUnknownElement.dispatchEvent 
(node_modules/jsdom/lib/jsdom/living/generated/EventTarget.js:241:34)
      at Object.invokeGuardedCallbackDev 
(node_modules/react-dom/cjs/react-dom.development.js:4213:16)
      at invokeGuardedCallback 
(node_modules/react-dom/cjs/react-dom.development.js:4277:31)
      at invokeGuardedCallbackAndCatchFirstError 
(node_modules/react-dom/cjs/react-dom.development.js:4291:25)
      at executeDispatch 
(node_modules/react-dom/cjs/react-dom.development.js:9041:3)
      at processDispatchQueueItemsInOrder 
(node_modules/react-dom/cjs/react-dom.development.js:9073:7)
      at processDispatchQueue 
(node_modules/react-dom/cjs/react-dom.development.js:9086:5)
      at dispatchEventsForPlugins 
(node_modules/react-dom/cjs/react-dom.development.js:9097:3)
      at node_modules/react-dom/cjs/react-dom.development.js:9288:12
      at batchedUpdates$1 
(node_modules/react-dom/cjs/react-dom.development.js:26179:12)
      at batchedUpdates 
(node_modules/react-dom/cjs/react-dom.development.js:3991:12)
      at dispatchEventForPluginEventSystem 
(node_modules/react-dom/cjs/react-dom.development.js:9287:3)
      at dispatchEventWithEnableCapturePhaseSelectiveHydrationWithoutDiscreteEv
entReplay (node_modules/react-dom/cjs/react-dom.development.js:6465:5)
      at dispatchEvent 
(node_modules/react-dom/cjs/react-dom.development.js:6457:5)
      at dispatchDiscreteEvent 
(node_modules/react-dom/cjs/react-dom.development.js:6430:5)
      at HTMLDivElement.callTheUserObjectsOperation 
(node_modules/jsdom/lib/jsdom/living/generated/EventListener.js:26:30)
      at innerInvokeEventListeners 
(node_modules/jsdom/lib/jsdom/living/events/EventTarget-impl.js:350:25)
      at invokeEventListeners 
(node_modules/jsdom/lib/jsdom/living/events/EventTarget-impl.js:286:3)
      at HTMLInputElementImpl._dispatch 
(node_modules/jsdom/lib/jsdom/living/events/EventTarget-impl.js:233:9)
      at HTMLInputElementImpl.dispatchEvent 
(node_modules/jsdom/lib/jsdom/living/events/EventTarget-impl.js:104:17)
      at HTMLInputElement.dispatchEvent 
(node_modules/jsdom/lib/jsdom/living/generated/EventTarget.js:241:34)
      at 
node_modules/@testing-library/user-event/dist/cjs/event/dispatchEvent.js:45:43
      at Object.eventWrapper 
(node_modules/@testing-library/dom/dist/config.js:25:23)
      at Object.wrapEvent 
(node_modules/@testing-library/user-event/dist/cjs/event/wrapEvent.js:6:28)
      at Object.dispatchEvent (node_modules/@testing-library/user-event/dist/cj
s/event/dispatchEvent.js:45:22)
      at Object.dispatchUIEvent (node_modules/@testing-library/user-event/dist/
cjs/event/dispatchEvent.js:22:26)
      at commitInput 
(node_modules/@testing-library/user-event/dist/cjs/event/input.js:145:14)
      at editInputElement 
(node_modules/@testing-library/user-event/dist/cjs/event/input.js:115:9)
      at Object.input 
(node_modules/@testing-library/user-event/dist/cjs/event/input.js:37:9)
      at node_modules/@testing-library/user-event/dist/cjs/event/behavior/keypr
ess.js:31:26
      at Object.dispatchEvent (node_modules/@testing-library/user-event/dist/cj
s/event/dispatchEvent.js:41:13)
      at Object.dispatchUIEvent (node_modules/@testing-library/user-event/dist/
cjs/event/dispatchEvent.js:22:26)
      at KeyboardHost.keydown 
(node_modules/@testing-library/user-event/dist/cjs/system/keyboard.js:76:22)
      at keyboardAction 
(node_modules/@testing-library/user-event/dist/cjs/keyboard/index.js:22:35)
      at Object.keyboard 
(node_modules/@testing-library/user-event/dist/cjs/keyboard/index.js:11:15)
      at Object.type 
(node_modules/@testing-library/user-event/dist/cjs/utility/type.js:17:5)
      at Object.<anonymous> (src/auth/auth.test.tsx:180:9)

    console.error
      Warning: An update to LoginForm inside a test was not wrapped in 
act(...).
      
      When testing, code that causes React state updates should be wrapped 
into act(...):
      
      act(() => {
        /* fire events that update state */
      });
      /* assert on the output */
      
      This ensures that you're testing the behavior the user would see in the 
browser. Learn more at https://reactjs.org/link/wrap-tests-with-act
          at LoginForm (C:\Users\samhe\OneDrive\Desktop\Cleaned\frontend\src\au
th\LoginForm\LoginForm.tsx:41:33)
          at div
          at div
          at LoginPage
          at routeContext (C:\Users\samhe\OneDrive\Desktop\Cleaned\frontend\nod
e_modules\react-router\lib\hooks.tsx:658:26)
          at children (C:\Users\samhe\OneDrive\Desktop\Cleaned\frontend\node_mo
dules\react-router\lib\components.tsx:512:3)
          at basenameProp (C:\Users\samhe\OneDrive\Desktop\Cleaned\frontend\nod
e_modules\react-router\lib\components.tsx:421:13)
          at basename (C:\Users\samhe\OneDrive\Desktop\Cleaned\frontend\node_mo
dules\react-router\lib\components.tsx:225:3)

      123 |                     placeholder="email@company.com"
      124 |                     value={email}
    > 125 |                     onChange={(e) => setEmail(e.target.value)}
          |                                      ^
      126 |                     className="w-full rounded-md border 
border-gray-300 px-3 py-2 text-sm focus:outline-none focus:ring-2 
focus:ring-gray-900 disabled:opacity-50"
      127 |                 />
      128 |             </div>

      at printWarning 
(node_modules/react-dom/cjs/react-dom.development.js:86:30)
      at error (node_modules/react-dom/cjs/react-dom.development.js:60:7)
      at warnIfUpdatesNotWrappedWithActDEV 
(node_modules/react-dom/cjs/react-dom.development.js:27628:9)
      at scheduleUpdateOnFiber 
(node_modules/react-dom/cjs/react-dom.development.js:25547:5)
      at dispatchSetState 
(node_modules/react-dom/cjs/react-dom.development.js:16708:7)
      at onChange (src/auth/LoginForm/LoginForm.tsx:125:38)
      at HTMLUnknownElement.callCallback 
(node_modules/react-dom/cjs/react-dom.development.js:4164:14)
      at HTMLUnknownElement.callTheUserObjectsOperation 
(node_modules/jsdom/lib/jsdom/living/generated/EventListener.js:26:30)
      at innerInvokeEventListeners 
(node_modules/jsdom/lib/jsdom/living/events/EventTarget-impl.js:350:25)
      at invokeEventListeners 
(node_modules/jsdom/lib/jsdom/living/events/EventTarget-impl.js:286:3)
      at HTMLUnknownElementImpl._dispatch 
(node_modules/jsdom/lib/jsdom/living/events/EventTarget-impl.js:233:9)
      at HTMLUnknownElementImpl.dispatchEvent 
(node_modules/jsdom/lib/jsdom/living/events/EventTarget-impl.js:104:17)
      at HTMLUnknownElement.dispatchEvent 
(node_modules/jsdom/lib/jsdom/living/generated/EventTarget.js:241:34)
      at Object.invokeGuardedCallbackDev 
(node_modules/react-dom/cjs/react-dom.development.js:4213:16)
      at invokeGuardedCallback 
(node_modules/react-dom/cjs/react-dom.development.js:4277:31)
      at invokeGuardedCallbackAndCatchFirstError 
(node_modules/react-dom/cjs/react-dom.development.js:4291:25)
      at executeDispatch 
(node_modules/react-dom/cjs/react-dom.development.js:9041:3)
      at processDispatchQueueItemsInOrder 
(node_modules/react-dom/cjs/react-dom.development.js:9073:7)
      at processDispatchQueue 
(node_modules/react-dom/cjs/react-dom.development.js:9086:5)
      at dispatchEventsForPlugins 
(node_modules/react-dom/cjs/react-dom.development.js:9097:3)
      at node_modules/react-dom/cjs/react-dom.development.js:9288:12
      at batchedUpdates$1 
(node_modules/react-dom/cjs/react-dom.development.js:26179:12)
      at batchedUpdates 
(node_modules/react-dom/cjs/react-dom.development.js:3991:12)
      at dispatchEventForPluginEventSystem 
(node_modules/react-dom/cjs/react-dom.development.js:9287:3)
      at dispatchEventWithEnableCapturePhaseSelectiveHydrationWithoutDiscreteEv
entReplay (node_modules/react-dom/cjs/react-dom.development.js:6465:5)
      at dispatchEvent 
(node_modules/react-dom/cjs/react-dom.development.js:6457:5)
      at dispatchDiscreteEvent 
(node_modules/react-dom/cjs/react-dom.development.js:6430:5)
      at HTMLDivElement.callTheUserObjectsOperation 
(node_modules/jsdom/lib/jsdom/living/generated/EventListener.js:26:30)
      at innerInvokeEventListeners 
(node_modules/jsdom/lib/jsdom/living/events/EventTarget-impl.js:350:25)
      at invokeEventListeners 
(node_modules/jsdom/lib/jsdom/living/events/EventTarget-impl.js:286:3)
      at HTMLInputElementImpl._dispatch 
(node_modules/jsdom/lib/jsdom/living/events/EventTarget-impl.js:233:9)
      at HTMLInputElementImpl.dispatchEvent 
(node_modules/jsdom/lib/jsdom/living/events/EventTarget-impl.js:104:17)
      at HTMLInputElement.dispatchEvent 
(node_modules/jsdom/lib/jsdom/living/generated/EventTarget.js:241:34)
      at 
node_modules/@testing-library/user-event/dist/cjs/event/dispatchEvent.js:45:43
      at Object.eventWrapper 
(node_modules/@testing-library/dom/dist/config.js:25:23)
      at Object.wrapEvent 
(node_modules/@testing-library/user-event/dist/cjs/event/wrapEvent.js:6:28)
      at Object.dispatchEvent (node_modules/@testing-library/user-event/dist/cj
s/event/dispatchEvent.js:45:22)
      at Object.dispatchUIEvent (node_modules/@testing-library/user-event/dist/
cjs/event/dispatchEvent.js:22:26)
      at commitInput 
(node_modules/@testing-library/user-event/dist/cjs/event/input.js:145:14)
      at editInputElement 
(node_modules/@testing-library/user-event/dist/cjs/event/input.js:115:9)
      at Object.input 
(node_modules/@testing-library/user-event/dist/cjs/event/input.js:37:9)
      at node_modules/@testing-library/user-event/dist/cjs/event/behavior/keypr
ess.js:31:26
      at Object.dispatchEvent (node_modules/@testing-library/user-event/dist/cj
s/event/dispatchEvent.js:41:13)
      at Object.dispatchUIEvent (node_modules/@testing-library/user-event/dist/
cjs/event/dispatchEvent.js:22:26)
      at KeyboardHost.keydown 
(node_modules/@testing-library/user-event/dist/cjs/system/keyboard.js:76:22)
      at keyboardAction 
(node_modules/@testing-library/user-event/dist/cjs/keyboard/index.js:22:35)
      at Object.keyboard 
(node_modules/@testing-library/user-event/dist/cjs/keyboard/index.js:11:15)
      at Object.type 
(node_modules/@testing-library/user-event/dist/cjs/utility/type.js:17:5)
      at Object.<anonymous> (src/auth/auth.test.tsx:180:9)

    console.error
      Warning: An update to LoginForm inside a test was not wrapped in 
act(...).
      
      When testing, code that causes React state updates should be wrapped 
into act(...):
      
      act(() => {
        /* fire events that update state */
      });
      /* assert on the output */
      
      This ensures that you're testing the behavior the user would see in the 
browser. Learn more at https://reactjs.org/link/wrap-tests-with-act
          at LoginForm (C:\Users\samhe\OneDrive\Desktop\Cleaned\frontend\src\au
th\LoginForm\LoginForm.tsx:41:33)
          at div
          at div
          at LoginPage
          at routeContext (C:\Users\samhe\OneDrive\Desktop\Cleaned\frontend\nod
e_modules\react-router\lib\hooks.tsx:658:26)
          at children (C:\Users\samhe\OneDrive\Desktop\Cleaned\frontend\node_mo
dules\react-router\lib\components.tsx:512:3)
          at basenameProp (C:\Users\samhe\OneDrive\Desktop\Cleaned\frontend\nod
e_modules\react-router\lib\components.tsx:421:13)
          at basename (C:\Users\samhe\OneDrive\Desktop\Cleaned\frontend\node_mo
dules\react-router\lib\components.tsx:225:3)

      123 |                     placeholder="email@company.com"
      124 |                     value={email}
    > 125 |                     onChange={(e) => setEmail(e.target.value)}
          |                                      ^
      126 |                     className="w-full rounded-md border 
border-gray-300 px-3 py-2 text-sm focus:outline-none focus:ring-2 
focus:ring-gray-900 disabled:opacity-50"
      127 |                 />
      128 |             </div>

      at printWarning 
(node_modules/react-dom/cjs/react-dom.development.js:86:30)
      at error (node_modules/react-dom/cjs/react-dom.development.js:60:7)
      at warnIfUpdatesNotWrappedWithActDEV 
(node_modules/react-dom/cjs/react-dom.development.js:27628:9)
      at scheduleUpdateOnFiber 
(node_modules/react-dom/cjs/react-dom.development.js:25547:5)
      at dispatchSetState 
(node_modules/react-dom/cjs/react-dom.development.js:16708:7)
      at onChange (src/auth/LoginForm/LoginForm.tsx:125:38)
      at HTMLUnknownElement.callCallback 
(node_modules/react-dom/cjs/react-dom.development.js:4164:14)
      at HTMLUnknownElement.callTheUserObjectsOperation 
(node_modules/jsdom/lib/jsdom/living/generated/EventListener.js:26:30)
      at innerInvokeEventListeners 
(node_modules/jsdom/lib/jsdom/living/events/EventTarget-impl.js:350:25)
      at invokeEventListeners 
(node_modules/jsdom/lib/jsdom/living/events/EventTarget-impl.js:286:3)
      at HTMLUnknownElementImpl._dispatch 
(node_modules/jsdom/lib/jsdom/living/events/EventTarget-impl.js:233:9)
      at HTMLUnknownElementImpl.dispatchEvent 
(node_modules/jsdom/lib/jsdom/living/events/EventTarget-impl.js:104:17)
      at HTMLUnknownElement.dispatchEvent 
(node_modules/jsdom/lib/jsdom/living/generated/EventTarget.js:241:34)
      at Object.invokeGuardedCallbackDev 
(node_modules/react-dom/cjs/react-dom.development.js:4213:16)
      at invokeGuardedCallback 
(node_modules/react-dom/cjs/react-dom.development.js:4277:31)
      at invokeGuardedCallbackAndCatchFirstError 
(node_modules/react-dom/cjs/react-dom.development.js:4291:25)
      at executeDispatch 
(node_modules/react-dom/cjs/react-dom.development.js:9041:3)
      at processDispatchQueueItemsInOrder 
(node_modules/react-dom/cjs/react-dom.development.js:9073:7)
      at processDispatchQueue 
(node_modules/react-dom/cjs/react-dom.development.js:9086:5)
      at dispatchEventsForPlugins 
(node_modules/react-dom/cjs/react-dom.development.js:9097:3)
      at node_modules/react-dom/cjs/react-dom.development.js:9288:12
      at batchedUpdates$1 
(node_modules/react-dom/cjs/react-dom.development.js:26179:12)
      at batchedUpdates 
(node_modules/react-dom/cjs/react-dom.development.js:3991:12)
      at dispatchEventForPluginEventSystem 
(node_modules/react-dom/cjs/react-dom.development.js:9287:3)
      at dispatchEventWithEnableCapturePhaseSelectiveHydrationWithoutDiscreteEv
entReplay (node_modules/react-dom/cjs/react-dom.development.js:6465:5)
      at dispatchEvent 
(node_modules/react-dom/cjs/react-dom.development.js:6457:5)
      at dispatchDiscreteEvent 
(node_modules/react-dom/cjs/react-dom.development.js:6430:5)
      at HTMLDivElement.callTheUserObjectsOperation 
(node_modules/jsdom/lib/jsdom/living/generated/EventListener.js:26:30)
      at innerInvokeEventListeners 
(node_modules/jsdom/lib/jsdom/living/events/EventTarget-impl.js:350:25)
      at invokeEventListeners 
(node_modules/jsdom/lib/jsdom/living/events/EventTarget-impl.js:286:3)
      at HTMLInputElementImpl._dispatch 
(node_modules/jsdom/lib/jsdom/living/events/EventTarget-impl.js:233:9)
      at HTMLInputElementImpl.dispatchEvent 
(node_modules/jsdom/lib/jsdom/living/events/EventTarget-impl.js:104:17)
      at HTMLInputElement.dispatchEvent 
(node_modules/jsdom/lib/jsdom/living/generated/EventTarget.js:241:34)
      at 
node_modules/@testing-library/user-event/dist/cjs/event/dispatchEvent.js:45:43
      at Object.eventWrapper 
(node_modules/@testing-library/dom/dist/config.js:25:23)
      at Object.wrapEvent 
(node_modules/@testing-library/user-event/dist/cjs/event/wrapEvent.js:6:28)
      at Object.dispatchEvent (node_modules/@testing-library/user-event/dist/cj
s/event/dispatchEvent.js:45:22)
      at Object.dispatchUIEvent (node_modules/@testing-library/user-event/dist/
cjs/event/dispatchEvent.js:22:26)
      at commitInput 
(node_modules/@testing-library/user-event/dist/cjs/event/input.js:145:14)
      at editInputElement 
(node_modules/@testing-library/user-event/dist/cjs/event/input.js:115:9)
      at Object.input 
(node_modules/@testing-library/user-event/dist/cjs/event/input.js:37:9)
      at node_modules/@testing-library/user-event/dist/cjs/event/behavior/keypr
ess.js:31:26
      at Object.dispatchEvent (node_modules/@testing-library/user-event/dist/cj
s/event/dispatchEvent.js:41:13)
      at Object.dispatchUIEvent (node_modules/@testing-library/user-event/dist/
cjs/event/dispatchEvent.js:22:26)
      at KeyboardHost.keydown 
(node_modules/@testing-library/user-event/dist/cjs/system/keyboard.js:76:22)
      at keyboardAction 
(node_modules/@testing-library/user-event/dist/cjs/keyboard/index.js:22:35)
      at Object.keyboard 
(node_modules/@testing-library/user-event/dist/cjs/keyboard/index.js:11:15)
      at Object.type 
(node_modules/@testing-library/user-event/dist/cjs/utility/type.js:17:5)
      at Object.<anonymous> (src/auth/auth.test.tsx:180:9)

    console.error
      Warning: An update to LoginForm inside a test was not wrapped in 
act(...).
      
      When testing, code that causes React state updates should be wrapped 
into act(...):
      
      act(() => {
        /* fire events that update state */
      });
      /* assert on the output */
      
      This ensures that you're testing the behavior the user would see in the 
browser. Learn more at https://reactjs.org/link/wrap-tests-with-act
          at LoginForm (C:\Users\samhe\OneDrive\Desktop\Cleaned\frontend\src\au
th\LoginForm\LoginForm.tsx:41:33)
          at div
          at div
          at LoginPage
          at routeContext (C:\Users\samhe\OneDrive\Desktop\Cleaned\frontend\nod
e_modules\react-router\lib\hooks.tsx:658:26)
          at children (C:\Users\samhe\OneDrive\Desktop\Cleaned\frontend\node_mo
dules\react-router\lib\components.tsx:512:3)
          at basenameProp (C:\Users\samhe\OneDrive\Desktop\Cleaned\frontend\nod
e_modules\react-router\lib\components.tsx:421:13)
          at basename (C:\Users\samhe\OneDrive\Desktop\Cleaned\frontend\node_mo
dules\react-router\lib\components.tsx:225:3)

      141 |                         placeholder="Enter your password"
      142 |                         value={password}
    > 143 |                         onChange={(e) => 
setPassword(e.target.value)}
          |                                          ^
      144 |                         className="w-full rounded-md border 
border-gray-300 px-3 py-2 pr-10 text-sm focus:outline-none focus:ring-2 
focus:ring-gray-900 disabled:opacity-50"
      145 |                     />
      146 |                     <button

      at printWarning 
(node_modules/react-dom/cjs/react-dom.development.js:86:30)
      at error (node_modules/react-dom/cjs/react-dom.development.js:60:7)
      at warnIfUpdatesNotWrappedWithActDEV 
(node_modules/react-dom/cjs/react-dom.development.js:27628:9)
      at scheduleUpdateOnFiber 
(node_modules/react-dom/cjs/react-dom.development.js:25547:5)
      at dispatchSetState 
(node_modules/react-dom/cjs/react-dom.development.js:16708:7)
      at onChange (src/auth/LoginForm/LoginForm.tsx:143:42)
      at HTMLUnknownElement.callCallback 
(node_modules/react-dom/cjs/react-dom.development.js:4164:14)
      at HTMLUnknownElement.callTheUserObjectsOperation 
(node_modules/jsdom/lib/jsdom/living/generated/EventListener.js:26:30)
      at innerInvokeEventListeners 
(node_modules/jsdom/lib/jsdom/living/events/EventTarget-impl.js:350:25)
      at invokeEventListeners 
(node_modules/jsdom/lib/jsdom/living/events/EventTarget-impl.js:286:3)
      at HTMLUnknownElementImpl._dispatch 
(node_modules/jsdom/lib/jsdom/living/events/EventTarget-impl.js:233:9)
      at HTMLUnknownElementImpl.dispatchEvent 
(node_modules/jsdom/lib/jsdom/living/events/EventTarget-impl.js:104:17)
      at HTMLUnknownElement.dispatchEvent 
(node_modules/jsdom/lib/jsdom/living/generated/EventTarget.js:241:34)
      at Object.invokeGuardedCallbackDev 
(node_modules/react-dom/cjs/react-dom.development.js:4213:16)
      at invokeGuardedCallback 
(node_modules/react-dom/cjs/react-dom.development.js:4277:31)
      at invokeGuardedCallbackAndCatchFirstError 
(node_modules/react-dom/cjs/react-dom.development.js:4291:25)
      at executeDispatch 
(node_modules/react-dom/cjs/react-dom.development.js:9041:3)
      at processDispatchQueueItemsInOrder 
(node_modules/react-dom/cjs/react-dom.development.js:9073:7)
      at processDispatchQueue 
(node_modules/react-dom/cjs/react-dom.development.js:9086:5)
      at dispatchEventsForPlugins 
(node_modules/react-dom/cjs/react-dom.development.js:9097:3)
      at node_modules/react-dom/cjs/react-dom.development.js:9288:12
      at batchedUpdates$1 
(node_modules/react-dom/cjs/react-dom.development.js:26179:12)
      at batchedUpdates 
(node_modules/react-dom/cjs/react-dom.development.js:3991:12)
      at dispatchEventForPluginEventSystem 
(node_modules/react-dom/cjs/react-dom.development.js:9287:3)
      at dispatchEventWithEnableCapturePhaseSelectiveHydrationWithoutDiscreteEv
entReplay (node_modules/react-dom/cjs/react-dom.development.js:6465:5)
      at dispatchEvent 
(node_modules/react-dom/cjs/react-dom.development.js:6457:5)
      at dispatchDiscreteEvent 
(node_modules/react-dom/cjs/react-dom.development.js:6430:5)
      at HTMLDivElement.callTheUserObjectsOperation 
(node_modules/jsdom/lib/jsdom/living/generated/EventListener.js:26:30)
      at innerInvokeEventListeners 
(node_modules/jsdom/lib/jsdom/living/events/EventTarget-impl.js:350:25)
      at invokeEventListeners 
(node_modules/jsdom/lib/jsdom/living/events/EventTarget-impl.js:286:3)
      at HTMLInputElementImpl._dispatch 
(node_modules/jsdom/lib/jsdom/living/events/EventTarget-impl.js:233:9)
      at HTMLInputElementImpl.dispatchEvent 
(node_modules/jsdom/lib/jsdom/living/events/EventTarget-impl.js:104:17)
      at HTMLInputElement.dispatchEvent 
(node_modules/jsdom/lib/jsdom/living/generated/EventTarget.js:241:34)
      at 
node_modules/@testing-library/user-event/dist/cjs/event/dispatchEvent.js:45:43
      at Object.eventWrapper 
(node_modules/@testing-library/dom/dist/config.js:25:23)
      at Object.wrapEvent 
(node_modules/@testing-library/user-event/dist/cjs/event/wrapEvent.js:6:28)
      at Object.dispatchEvent (node_modules/@testing-library/user-event/dist/cj
s/event/dispatchEvent.js:45:22)
      at Object.dispatchUIEvent (node_modules/@testing-library/user-event/dist/
cjs/event/dispatchEvent.js:22:26)
      at commitInput 
(node_modules/@testing-library/user-event/dist/cjs/event/input.js:145:14)
      at editInputElement 
(node_modules/@testing-library/user-event/dist/cjs/event/input.js:115:9)
      at Object.input 
(node_modules/@testing-library/user-event/dist/cjs/event/input.js:37:9)
      at node_modules/@testing-library/user-event/dist/cjs/event/behavior/keypr
ess.js:31:26
      at Object.dispatchEvent (node_modules/@testing-library/user-event/dist/cj
s/event/dispatchEvent.js:41:13)
      at Object.dispatchUIEvent (node_modules/@testing-library/user-event/dist/
cjs/event/dispatchEvent.js:22:26)
      at KeyboardHost.keydown 
(node_modules/@testing-library/user-event/dist/cjs/system/keyboard.js:76:22)
      at keyboardAction 
(node_modules/@testing-library/user-event/dist/cjs/keyboard/index.js:22:35)
      at Object.keyboard 
(node_modules/@testing-library/user-event/dist/cjs/keyboard/index.js:11:15)
      at Object.type 
(node_modules/@testing-library/user-event/dist/cjs/utility/type.js:17:5)
      at Object.<anonymous> (src/auth/auth.test.tsx:181:9)

    console.error
      Warning: An update to LoginForm inside a test was not wrapped in 
act(...).
      
      When testing, code that causes React state updates should be wrapped 
into act(...):
      
      act(() => {
        /* fire events that update state */
      });
      /* assert on the output */
      
      This ensures that you're testing the behavior the user would see in the 
browser. Learn more at https://reactjs.org/link/wrap-tests-with-act
          at LoginForm (C:\Users\samhe\OneDrive\Desktop\Cleaned\frontend\src\au
th\LoginForm\LoginForm.tsx:41:33)
          at div
          at div
          at LoginPage
          at routeContext (C:\Users\samhe\OneDrive\Desktop\Cleaned\frontend\nod
e_modules\react-router\lib\hooks.tsx:658:26)
          at children (C:\Users\samhe\OneDrive\Desktop\Cleaned\frontend\node_mo
dules\react-router\lib\components.tsx:512:3)
          at basenameProp (C:\Users\samhe\OneDrive\Desktop\Cleaned\frontend\nod
e_modules\react-router\lib\components.tsx:421:13)
          at basename (C:\Users\samhe\OneDrive\Desktop\Cleaned\frontend\node_mo
dules\react-router\lib\components.tsx:225:3)

      141 |                         placeholder="Enter your password"
      142 |                         value={password}
    > 143 |                         onChange={(e) => 
setPassword(e.target.value)}
          |                                          ^
      144 |                         className="w-full rounded-md border 
border-gray-300 px-3 py-2 pr-10 text-sm focus:outline-none focus:ring-2 
focus:ring-gray-900 disabled:opacity-50"
      145 |                     />
      146 |                     <button

      at printWarning 
(node_modules/react-dom/cjs/react-dom.development.js:86:30)
      at error (node_modules/react-dom/cjs/react-dom.development.js:60:7)
      at warnIfUpdatesNotWrappedWithActDEV 
(node_modules/react-dom/cjs/react-dom.development.js:27628:9)
      at scheduleUpdateOnFiber 
(node_modules/react-dom/cjs/react-dom.development.js:25547:5)
      at dispatchSetState 
(node_modules/react-dom/cjs/react-dom.development.js:16708:7)
      at onChange (src/auth/LoginForm/LoginForm.tsx:143:42)
      at HTMLUnknownElement.callCallback 
(node_modules/react-dom/cjs/react-dom.development.js:4164:14)
      at HTMLUnknownElement.callTheUserObjectsOperation 
(node_modules/jsdom/lib/jsdom/living/generated/EventListener.js:26:30)
      at innerInvokeEventListeners 
(node_modules/jsdom/lib/jsdom/living/events/EventTarget-impl.js:350:25)
      at invokeEventListeners 
(node_modules/jsdom/lib/jsdom/living/events/EventTarget-impl.js:286:3)
      at HTMLUnknownElementImpl._dispatch 
(node_modules/jsdom/lib/jsdom/living/events/EventTarget-impl.js:233:9)
      at HTMLUnknownElementImpl.dispatchEvent 
(node_modules/jsdom/lib/jsdom/living/events/EventTarget-impl.js:104:17)
      at HTMLUnknownElement.dispatchEvent 
(node_modules/jsdom/lib/jsdom/living/generated/EventTarget.js:241:34)
      at Object.invokeGuardedCallbackDev 
(node_modules/react-dom/cjs/react-dom.development.js:4213:16)
      at invokeGuardedCallback 
(node_modules/react-dom/cjs/react-dom.development.js:4277:31)
      at invokeGuardedCallbackAndCatchFirstError 
(node_modules/react-dom/cjs/react-dom.development.js:4291:25)
      at executeDispatch 
(node_modules/react-dom/cjs/react-dom.development.js:9041:3)
      at processDispatchQueueItemsInOrder 
(node_modules/react-dom/cjs/react-dom.development.js:9073:7)
      at processDispatchQueue 
(node_modules/react-dom/cjs/react-dom.development.js:9086:5)
      at dispatchEventsForPlugins 
(node_modules/react-dom/cjs/react-dom.development.js:9097:3)
      at node_modules/react-dom/cjs/react-dom.development.js:9288:12
      at batchedUpdates$1 
(node_modules/react-dom/cjs/react-dom.development.js:26179:12)
      at batchedUpdates 
(node_modules/react-dom/cjs/react-dom.development.js:3991:12)
      at dispatchEventForPluginEventSystem 
(node_modules/react-dom/cjs/react-dom.development.js:9287:3)
      at dispatchEventWithEnableCapturePhaseSelectiveHydrationWithoutDiscreteEv
entReplay (node_modules/react-dom/cjs/react-dom.development.js:6465:5)
      at dispatchEvent 
(node_modules/react-dom/cjs/react-dom.development.js:6457:5)
      at dispatchDiscreteEvent 
(node_modules/react-dom/cjs/react-dom.development.js:6430:5)
      at HTMLDivElement.callTheUserObjectsOperation 
(node_modules/jsdom/lib/jsdom/living/generated/EventListener.js:26:30)
      at innerInvokeEventListeners 
(node_modules/jsdom/lib/jsdom/living/events/EventTarget-impl.js:350:25)
      at invokeEventListeners 
(node_modules/jsdom/lib/jsdom/living/events/EventTarget-impl.js:286:3)
      at HTMLInputElementImpl._dispatch 
(node_modules/jsdom/lib/jsdom/living/events/EventTarget-impl.js:233:9)
      at HTMLInputElementImpl.dispatchEvent 
(node_modules/jsdom/lib/jsdom/living/events/EventTarget-impl.js:104:17)
      at HTMLInputElement.dispatchEvent 
(node_modules/jsdom/lib/jsdom/living/generated/EventTarget.js:241:34)
      at 
node_modules/@testing-library/user-event/dist/cjs/event/dispatchEvent.js:45:43
      at Object.eventWrapper 
(node_modules/@testing-library/dom/dist/config.js:25:23)
      at Object.wrapEvent 
(node_modules/@testing-library/user-event/dist/cjs/event/wrapEvent.js:6:28)
      at Object.dispatchEvent (node_modules/@testing-library/user-event/dist/cj
s/event/dispatchEvent.js:45:22)
      at Object.dispatchUIEvent (node_modules/@testing-library/user-event/dist/
cjs/event/dispatchEvent.js:22:26)
      at commitInput 
(node_modules/@testing-library/user-event/dist/cjs/event/input.js:145:14)
      at editInputElement 
(node_modules/@testing-library/user-event/dist/cjs/event/input.js:115:9)
      at Object.input 
(node_modules/@testing-library/user-event/dist/cjs/event/input.js:37:9)
      at node_modules/@testing-library/user-event/dist/cjs/event/behavior/keypr
ess.js:31:26
      at Object.dispatchEvent (node_modules/@testing-library/user-event/dist/cj
s/event/dispatchEvent.js:41:13)
      at Object.dispatchUIEvent (node_modules/@testing-library/user-event/dist/
cjs/event/dispatchEvent.js:22:26)
      at KeyboardHost.keydown 
(node_modules/@testing-library/user-event/dist/cjs/system/keyboard.js:76:22)
      at keyboardAction 
(node_modules/@testing-library/user-event/dist/cjs/keyboard/index.js:22:35)
      at Object.keyboard 
(node_modules/@testing-library/user-event/dist/cjs/keyboard/index.js:11:15)
      at Object.type 
(node_modules/@testing-library/user-event/dist/cjs/utility/type.js:17:5)
      at Object.<anonymous> (src/auth/auth.test.tsx:181:9)

    console.error
      Warning: An update to LoginForm inside a test was not wrapped in 
act(...).
      
      When testing, code that causes React state updates should be wrapped 
into act(...):
      
      act(() => {
        /* fire events that update state */
      });
      /* assert on the output */
      
      This ensures that you're testing the behavior the user would see in the 
browser. Learn more at https://reactjs.org/link/wrap-tests-with-act
          at LoginForm (C:\Users\samhe\OneDrive\Desktop\Cleaned\frontend\src\au
th\LoginForm\LoginForm.tsx:41:33)
          at div
          at div
          at LoginPage
          at routeContext (C:\Users\samhe\OneDrive\Desktop\Cleaned\frontend\nod
e_modules\react-router\lib\hooks.tsx:658:26)
          at children (C:\Users\samhe\OneDrive\Desktop\Cleaned\frontend\node_mo
dules\react-router\lib\components.tsx:512:3)
          at basenameProp (C:\Users\samhe\OneDrive\Desktop\Cleaned\frontend\nod
e_modules\react-router\lib\components.tsx:421:13)
          at basename (C:\Users\samhe\OneDrive\Desktop\Cleaned\frontend\node_mo
dules\react-router\lib\components.tsx:225:3)

      141 |                         placeholder="Enter your password"
      142 |                         value={password}
    > 143 |                         onChange={(e) => 
setPassword(e.target.value)}
          |                                          ^
      144 |                         className="w-full rounded-md border 
border-gray-300 px-3 py-2 pr-10 text-sm focus:outline-none focus:ring-2 
focus:ring-gray-900 disabled:opacity-50"
      145 |                     />
      146 |                     <button

      at printWarning 
(node_modules/react-dom/cjs/react-dom.development.js:86:30)
      at error (node_modules/react-dom/cjs/react-dom.development.js:60:7)
      at warnIfUpdatesNotWrappedWithActDEV 
(node_modules/react-dom/cjs/react-dom.development.js:27628:9)
      at scheduleUpdateOnFiber 
(node_modules/react-dom/cjs/react-dom.development.js:25547:5)
      at dispatchSetState 
(node_modules/react-dom/cjs/react-dom.development.js:16708:7)
      at onChange (src/auth/LoginForm/LoginForm.tsx:143:42)
      at HTMLUnknownElement.callCallback 
(node_modules/react-dom/cjs/react-dom.development.js:4164:14)
      at HTMLUnknownElement.callTheUserObjectsOperation 
(node_modules/jsdom/lib/jsdom/living/generated/EventListener.js:26:30)
      at innerInvokeEventListeners 
(node_modules/jsdom/lib/jsdom/living/events/EventTarget-impl.js:350:25)
      at invokeEventListeners 
(node_modules/jsdom/lib/jsdom/living/events/EventTarget-impl.js:286:3)
      at HTMLUnknownElementImpl._dispatch 
(node_modules/jsdom/lib/jsdom/living/events/EventTarget-impl.js:233:9)
      at HTMLUnknownElementImpl.dispatchEvent 
(node_modules/jsdom/lib/jsdom/living/events/EventTarget-impl.js:104:17)
      at HTMLUnknownElement.dispatchEvent 
(node_modules/jsdom/lib/jsdom/living/generated/EventTarget.js:241:34)
      at Object.invokeGuardedCallbackDev 
(node_modules/react-dom/cjs/react-dom.development.js:4213:16)
      at invokeGuardedCallback 
(node_modules/react-dom/cjs/react-dom.development.js:4277:31)
      at invokeGuardedCallbackAndCatchFirstError 
(node_modules/react-dom/cjs/react-dom.development.js:4291:25)
      at executeDispatch 
(node_modules/react-dom/cjs/react-dom.development.js:9041:3)
      at processDispatchQueueItemsInOrder 
(node_modules/react-dom/cjs/react-dom.development.js:9073:7)
      at processDispatchQueue 
(node_modules/react-dom/cjs/react-dom.development.js:9086:5)
      at dispatchEventsForPlugins 
(node_modules/react-dom/cjs/react-dom.development.js:9097:3)
      at node_modules/react-dom/cjs/react-dom.development.js:9288:12
      at batchedUpdates$1 
(node_modules/react-dom/cjs/react-dom.development.js:26179:12)
      at batchedUpdates 
(node_modules/react-dom/cjs/react-dom.development.js:3991:12)
      at dispatchEventForPluginEventSystem 
(node_modules/react-dom/cjs/react-dom.development.js:9287:3)
      at dispatchEventWithEnableCapturePhaseSelectiveHydrationWithoutDiscreteEv
entReplay (node_modules/react-dom/cjs/react-dom.development.js:6465:5)
      at dispatchEvent 
(node_modules/react-dom/cjs/react-dom.development.js:6457:5)
      at dispatchDiscreteEvent 
(node_modules/react-dom/cjs/react-dom.development.js:6430:5)
      at HTMLDivElement.callTheUserObjectsOperation 
(node_modules/jsdom/lib/jsdom/living/generated/EventListener.js:26:30)
      at innerInvokeEventListeners 
(node_modules/jsdom/lib/jsdom/living/events/EventTarget-impl.js:350:25)
      at invokeEventListeners 
(node_modules/jsdom/lib/jsdom/living/events/EventTarget-impl.js:286:3)
      at HTMLInputElementImpl._dispatch 
(node_modules/jsdom/lib/jsdom/living/events/EventTarget-impl.js:233:9)
      at HTMLInputElementImpl.dispatchEvent 
(node_modules/jsdom/lib/jsdom/living/events/EventTarget-impl.js:104:17)
      at HTMLInputElement.dispatchEvent 
(node_modules/jsdom/lib/jsdom/living/generated/EventTarget.js:241:34)
      at 
node_modules/@testing-library/user-event/dist/cjs/event/dispatchEvent.js:45:43
      at Object.eventWrapper 
(node_modules/@testing-library/dom/dist/config.js:25:23)
      at Object.wrapEvent 
(node_modules/@testing-library/user-event/dist/cjs/event/wrapEvent.js:6:28)
      at Object.dispatchEvent (node_modules/@testing-library/user-event/dist/cj
s/event/dispatchEvent.js:45:22)
      at Object.dispatchUIEvent (node_modules/@testing-library/user-event/dist/
cjs/event/dispatchEvent.js:22:26)
      at commitInput 
(node_modules/@testing-library/user-event/dist/cjs/event/input.js:145:14)
      at editInputElement 
(node_modules/@testing-library/user-event/dist/cjs/event/input.js:115:9)
      at Object.input 
(node_modules/@testing-library/user-event/dist/cjs/event/input.js:37:9)
      at node_modules/@testing-library/user-event/dist/cjs/event/behavior/keypr
ess.js:31:26
      at Object.dispatchEvent (node_modules/@testing-library/user-event/dist/cj
s/event/dispatchEvent.js:41:13)
      at Object.dispatchUIEvent (node_modules/@testing-library/user-event/dist/
cjs/event/dispatchEvent.js:22:26)
      at KeyboardHost.keydown 
(node_modules/@testing-library/user-event/dist/cjs/system/keyboard.js:76:22)
      at keyboardAction 
(node_modules/@testing-library/user-event/dist/cjs/keyboard/index.js:22:35)
      at Object.keyboard 
(node_modules/@testing-library/user-event/dist/cjs/keyboard/index.js:11:15)
      at Object.type 
(node_modules/@testing-library/user-event/dist/cjs/utility/type.js:17:5)
      at Object.<anonymous> (src/auth/auth.test.tsx:181:9)

    console.error
      Warning: An update to LoginForm inside a test was not wrapped in 
act(...).
      
      When testing, code that causes React state updates should be wrapped 
into act(...):
      
      act(() => {
        /* fire events that update state */
      });
      /* assert on the output */
      
      This ensures that you're testing the behavior the user would see in the 
browser. Learn more at https://reactjs.org/link/wrap-tests-with-act
          at LoginForm (C:\Users\samhe\OneDrive\Desktop\Cleaned\frontend\src\au
th\LoginForm\LoginForm.tsx:41:33)
          at div
          at div
          at LoginPage
          at routeContext (C:\Users\samhe\OneDrive\Desktop\Cleaned\frontend\nod
e_modules\react-router\lib\hooks.tsx:658:26)
          at children (C:\Users\samhe\OneDrive\Desktop\Cleaned\frontend\node_mo
dules\react-router\lib\components.tsx:512:3)
          at basenameProp (C:\Users\samhe\OneDrive\Desktop\Cleaned\frontend\nod
e_modules\react-router\lib\components.tsx:421:13)
          at basename (C:\Users\samhe\OneDrive\Desktop\Cleaned\frontend\node_mo
dules\react-router\lib\components.tsx:225:3)

      141 |                         placeholder="Enter your password"
      142 |                         value={password}
    > 143 |                         onChange={(e) => 
setPassword(e.target.value)}
          |                                          ^
      144 |                         className="w-full rounded-md border 
border-gray-300 px-3 py-2 pr-10 text-sm focus:outline-none focus:ring-2 
focus:ring-gray-900 disabled:opacity-50"
      145 |                     />
      146 |                     <button

      at printWarning 
(node_modules/react-dom/cjs/react-dom.development.js:86:30)
      at error (node_modules/react-dom/cjs/react-dom.development.js:60:7)
      at warnIfUpdatesNotWrappedWithActDEV 
(node_modules/react-dom/cjs/react-dom.development.js:27628:9)
      at scheduleUpdateOnFiber 
(node_modules/react-dom/cjs/react-dom.development.js:25547:5)
      at dispatchSetState 
(node_modules/react-dom/cjs/react-dom.development.js:16708:7)
      at onChange (src/auth/LoginForm/LoginForm.tsx:143:42)
      at HTMLUnknownElement.callCallback 
(node_modules/react-dom/cjs/react-dom.development.js:4164:14)
      at HTMLUnknownElement.callTheUserObjectsOperation 
(node_modules/jsdom/lib/jsdom/living/generated/EventListener.js:26:30)
      at innerInvokeEventListeners 
(node_modules/jsdom/lib/jsdom/living/events/EventTarget-impl.js:350:25)
      at invokeEventListeners 
(node_modules/jsdom/lib/jsdom/living/events/EventTarget-impl.js:286:3)
      at HTMLUnknownElementImpl._dispatch 
(node_modules/jsdom/lib/jsdom/living/events/EventTarget-impl.js:233:9)
      at HTMLUnknownElementImpl.dispatchEvent 
(node_modules/jsdom/lib/jsdom/living/events/EventTarget-impl.js:104:17)
      at HTMLUnknownElement.dispatchEvent 
(node_modules/jsdom/lib/jsdom/living/generated/EventTarget.js:241:34)
      at Object.invokeGuardedCallbackDev 
(node_modules/react-dom/cjs/react-dom.development.js:4213:16)
      at invokeGuardedCallback 
(node_modules/react-dom/cjs/react-dom.development.js:4277:31)
      at invokeGuardedCallbackAndCatchFirstError 
(node_modules/react-dom/cjs/react-dom.development.js:4291:25)
      at executeDispatch 
(node_modules/react-dom/cjs/react-dom.development.js:9041:3)
      at processDispatchQueueItemsInOrder 
(node_modules/react-dom/cjs/react-dom.development.js:9073:7)
      at processDispatchQueue 
(node_modules/react-dom/cjs/react-dom.development.js:9086:5)
      at dispatchEventsForPlugins 
(node_modules/react-dom/cjs/react-dom.development.js:9097:3)
      at node_modules/react-dom/cjs/react-dom.development.js:9288:12
      at batchedUpdates$1 
(node_modules/react-dom/cjs/react-dom.development.js:26179:12)
      at batchedUpdates 
(node_modules/react-dom/cjs/react-dom.development.js:3991:12)
      at dispatchEventForPluginEventSystem 
(node_modules/react-dom/cjs/react-dom.development.js:9287:3)
      at dispatchEventWithEnableCapturePhaseSelectiveHydrationWithoutDiscreteEv
entReplay (node_modules/react-dom/cjs/react-dom.development.js:6465:5)
      at dispatchEvent 
(node_modules/react-dom/cjs/react-dom.development.js:6457:5)
      at dispatchDiscreteEvent 
(node_modules/react-dom/cjs/react-dom.development.js:6430:5)
      at HTMLDivElement.callTheUserObjectsOperation 
(node_modules/jsdom/lib/jsdom/living/generated/EventListener.js:26:30)
      at innerInvokeEventListeners 
(node_modules/jsdom/lib/jsdom/living/events/EventTarget-impl.js:350:25)
      at invokeEventListeners 
(node_modules/jsdom/lib/jsdom/living/events/EventTarget-impl.js:286:3)
      at HTMLInputElementImpl._dispatch 
(node_modules/jsdom/lib/jsdom/living/events/EventTarget-impl.js:233:9)
      at HTMLInputElementImpl.dispatchEvent 
(node_modules/jsdom/lib/jsdom/living/events/EventTarget-impl.js:104:17)
      at HTMLInputElement.dispatchEvent 
(node_modules/jsdom/lib/jsdom/living/generated/EventTarget.js:241:34)
      at 
node_modules/@testing-library/user-event/dist/cjs/event/dispatchEvent.js:45:43
      at Object.eventWrapper 
(node_modules/@testing-library/dom/dist/config.js:25:23)
      at Object.wrapEvent 
(node_modules/@testing-library/user-event/dist/cjs/event/wrapEvent.js:6:28)
      at Object.dispatchEvent (node_modules/@testing-library/user-event/dist/cj
s/event/dispatchEvent.js:45:22)
      at Object.dispatchUIEvent (node_modules/@testing-library/user-event/dist/
cjs/event/dispatchEvent.js:22:26)
      at commitInput 
(node_modules/@testing-library/user-event/dist/cjs/event/input.js:145:14)
      at editInputElement 
(node_modules/@testing-library/user-event/dist/cjs/event/input.js:115:9)
      at Object.input 
(node_modules/@testing-library/user-event/dist/cjs/event/input.js:37:9)
      at node_modules/@testing-library/user-event/dist/cjs/event/behavior/keypr
ess.js:31:26
      at Object.dispatchEvent (node_modules/@testing-library/user-event/dist/cj
s/event/dispatchEvent.js:41:13)
      at Object.dispatchUIEvent (node_modules/@testing-library/user-event/dist/
cjs/event/dispatchEvent.js:22:26)
      at KeyboardHost.keydown 
(node_modules/@testing-library/user-event/dist/cjs/system/keyboard.js:76:22)
      at keyboardAction 
(node_modules/@testing-library/user-event/dist/cjs/keyboard/index.js:22:35)
      at Object.keyboard 
(node_modules/@testing-library/user-event/dist/cjs/keyboard/index.js:11:15)
      at Object.type 
(node_modules/@testing-library/user-event/dist/cjs/utility/type.js:17:5)
      at Object.<anonymous> (src/auth/auth.test.tsx:181:9)

    console.error
      Warning: An update to LoginForm inside a test was not wrapped in 
act(...).
      
      When testing, code that causes React state updates should be wrapped 
into act(...):
      
      act(() => {
        /* fire events that update state */
      });
      /* assert on the output */
      
      This ensures that you're testing the behavior the user would see in the 
browser. Learn more at https://reactjs.org/link/wrap-tests-with-act
          at LoginForm (C:\Users\samhe\OneDrive\Desktop\Cleaned\frontend\src\au
th\LoginForm\LoginForm.tsx:41:33)
          at div
          at div
          at LoginPage
          at routeContext (C:\Users\samhe\OneDrive\Desktop\Cleaned\frontend\nod
e_modules\react-router\lib\hooks.tsx:658:26)
          at children (C:\Users\samhe\OneDrive\Desktop\Cleaned\frontend\node_mo
dules\react-router\lib\components.tsx:512:3)
          at basenameProp (C:\Users\samhe\OneDrive\Desktop\Cleaned\frontend\nod
e_modules\react-router\lib\components.tsx:421:13)
          at basename (C:\Users\samhe\OneDrive\Desktop\Cleaned\frontend\node_mo
dules\react-router\lib\components.tsx:225:3)

      141 |                         placeholder="Enter your password"
      142 |                         value={password}
    > 143 |                         onChange={(e) => 
setPassword(e.target.value)}
          |                                          ^
      144 |                         className="w-full rounded-md border 
border-gray-300 px-3 py-2 pr-10 text-sm focus:outline-none focus:ring-2 
focus:ring-gray-900 disabled:opacity-50"
      145 |                     />
      146 |                     <button

      at printWarning 
(node_modules/react-dom/cjs/react-dom.development.js:86:30)
      at error (node_modules/react-dom/cjs/react-dom.development.js:60:7)
      at warnIfUpdatesNotWrappedWithActDEV 
(node_modules/react-dom/cjs/react-dom.development.js:27628:9)
      at scheduleUpdateOnFiber 
(node_modules/react-dom/cjs/react-dom.development.js:25547:5)
      at dispatchSetState 
(node_modules/react-dom/cjs/react-dom.development.js:16708:7)
      at onChange (src/auth/LoginForm/LoginForm.tsx:143:42)
      at HTMLUnknownElement.callCallback 
(node_modules/react-dom/cjs/react-dom.development.js:4164:14)
      at HTMLUnknownElement.callTheUserObjectsOperation 
(node_modules/jsdom/lib/jsdom/living/generated/EventListener.js:26:30)
      at innerInvokeEventListeners 
(node_modules/jsdom/lib/jsdom/living/events/EventTarget-impl.js:350:25)
      at invokeEventListeners 
(node_modules/jsdom/lib/jsdom/living/events/EventTarget-impl.js:286:3)
      at HTMLUnknownElementImpl._dispatch 
(node_modules/jsdom/lib/jsdom/living/events/EventTarget-impl.js:233:9)
      at HTMLUnknownElementImpl.dispatchEvent 
(node_modules/jsdom/lib/jsdom/living/events/EventTarget-impl.js:104:17)
      at HTMLUnknownElement.dispatchEvent 
(node_modules/jsdom/lib/jsdom/living/generated/EventTarget.js:241:34)
      at Object.invokeGuardedCallbackDev 
(node_modules/react-dom/cjs/react-dom.development.js:4213:16)
      at invokeGuardedCallback 
(node_modules/react-dom/cjs/react-dom.development.js:4277:31)
      at invokeGuardedCallbackAndCatchFirstError 
(node_modules/react-dom/cjs/react-dom.development.js:4291:25)
      at executeDispatch 
(node_modules/react-dom/cjs/react-dom.development.js:9041:3)
      at processDispatchQueueItemsInOrder 
(node_modules/react-dom/cjs/react-dom.development.js:9073:7)
      at processDispatchQueue 
(node_modules/react-dom/cjs/react-dom.development.js:9086:5)
      at dispatchEventsForPlugins 
(node_modules/react-dom/cjs/react-dom.development.js:9097:3)
      at node_modules/react-dom/cjs/react-dom.development.js:9288:12
      at batchedUpdates$1 
(node_modules/react-dom/cjs/react-dom.development.js:26179:12)
      at batchedUpdates 
(node_modules/react-dom/cjs/react-dom.development.js:3991:12)
      at dispatchEventForPluginEventSystem 
(node_modules/react-dom/cjs/react-dom.development.js:9287:3)
      at dispatchEventWithEnableCapturePhaseSelectiveHydrationWithoutDiscreteEv
entReplay (node_modules/react-dom/cjs/react-dom.development.js:6465:5)
      at dispatchEvent 
(node_modules/react-dom/cjs/react-dom.development.js:6457:5)
      at dispatchDiscreteEvent 
(node_modules/react-dom/cjs/react-dom.development.js:6430:5)
      at HTMLDivElement.callTheUserObjectsOperation 
(node_modules/jsdom/lib/jsdom/living/generated/EventListener.js:26:30)
      at innerInvokeEventListeners 
(node_modules/jsdom/lib/jsdom/living/events/EventTarget-impl.js:350:25)
      at invokeEventListeners 
(node_modules/jsdom/lib/jsdom/living/events/EventTarget-impl.js:286:3)
      at HTMLInputElementImpl._dispatch 
(node_modules/jsdom/lib/jsdom/living/events/EventTarget-impl.js:233:9)
      at HTMLInputElementImpl.dispatchEvent 
(node_modules/jsdom/lib/jsdom/living/events/EventTarget-impl.js:104:17)
      at HTMLInputElement.dispatchEvent 
(node_modules/jsdom/lib/jsdom/living/generated/EventTarget.js:241:34)
      at 
node_modules/@testing-library/user-event/dist/cjs/event/dispatchEvent.js:45:43
      at Object.eventWrapper 
(node_modules/@testing-library/dom/dist/config.js:25:23)
      at Object.wrapEvent 
(node_modules/@testing-library/user-event/dist/cjs/event/wrapEvent.js:6:28)
      at Object.dispatchEvent (node_modules/@testing-library/user-event/dist/cj
s/event/dispatchEvent.js:45:22)
      at Object.dispatchUIEvent (node_modules/@testing-library/user-event/dist/
cjs/event/dispatchEvent.js:22:26)
      at commitInput 
(node_modules/@testing-library/user-event/dist/cjs/event/input.js:145:14)
      at editInputElement 
(node_modules/@testing-library/user-event/dist/cjs/event/input.js:115:9)
      at Object.input 
(node_modules/@testing-library/user-event/dist/cjs/event/input.js:37:9)
      at node_modules/@testing-library/user-event/dist/cjs/event/behavior/keypr
ess.js:31:26
      at Object.dispatchEvent (node_modules/@testing-library/user-event/dist/cj
s/event/dispatchEvent.js:41:13)
      at Object.dispatchUIEvent (node_modules/@testing-library/user-event/dist/
cjs/event/dispatchEvent.js:22:26)
      at KeyboardHost.keydown 
(node_modules/@testing-library/user-event/dist/cjs/system/keyboard.js:76:22)
      at keyboardAction 
(node_modules/@testing-library/user-event/dist/cjs/keyboard/index.js:22:35)
      at Object.keyboard 
(node_modules/@testing-library/user-event/dist/cjs/keyboard/index.js:11:15)
      at Object.type 
(node_modules/@testing-library/user-event/dist/cjs/utility/type.js:17:5)
      at Object.<anonymous> (src/auth/auth.test.tsx:181:9)

    console.error
      Warning: An update to LoginForm inside a test was not wrapped in 
act(...).
      
      When testing, code that causes React state updates should be wrapped 
into act(...):
      
      act(() => {
        /* fire events that update state */
      });
      /* assert on the output */
      
      This ensures that you're testing the behavior the user would see in the 
browser. Learn more at https://reactjs.org/link/wrap-tests-with-act
          at LoginForm (C:\Users\samhe\OneDrive\Desktop\Cleaned\frontend\src\au
th\LoginForm\LoginForm.tsx:41:33)
          at div
          at div
          at LoginPage
          at routeContext (C:\Users\samhe\OneDrive\Desktop\Cleaned\frontend\nod
e_modules\react-router\lib\hooks.tsx:658:26)
          at children (C:\Users\samhe\OneDrive\Desktop\Cleaned\frontend\node_mo
dules\react-router\lib\components.tsx:512:3)
          at basenameProp (C:\Users\samhe\OneDrive\Desktop\Cleaned\frontend\nod
e_modules\react-router\lib\components.tsx:421:13)
          at basename (C:\Users\samhe\OneDrive\Desktop\Cleaned\frontend\node_mo
dules\react-router\lib\components.tsx:225:3)

      141 |                         placeholder="Enter your password"
      142 |                         value={password}
    > 143 |                         onChange={(e) => 
setPassword(e.target.value)}
          |                                          ^
      144 |                         className="w-full rounded-md border 
border-gray-300 px-3 py-2 pr-10 text-sm focus:outline-none focus:ring-2 
focus:ring-gray-900 disabled:opacity-50"
      145 |                     />
      146 |                     <button

      at printWarning 
(node_modules/react-dom/cjs/react-dom.development.js:86:30)
      at error (node_modules/react-dom/cjs/react-dom.development.js:60:7)
      at warnIfUpdatesNotWrappedWithActDEV 
(node_modules/react-dom/cjs/react-dom.development.js:27628:9)
      at scheduleUpdateOnFiber 
(node_modules/react-dom/cjs/react-dom.development.js:25547:5)
      at dispatchSetState 
(node_modules/react-dom/cjs/react-dom.development.js:16708:7)
      at onChange (src/auth/LoginForm/LoginForm.tsx:143:42)
      at HTMLUnknownElement.callCallback 
(node_modules/react-dom/cjs/react-dom.development.js:4164:14)
      at HTMLUnknownElement.callTheUserObjectsOperation 
(node_modules/jsdom/lib/jsdom/living/generated/EventListener.js:26:30)
      at innerInvokeEventListeners 
(node_modules/jsdom/lib/jsdom/living/events/EventTarget-impl.js:350:25)
      at invokeEventListeners 
(node_modules/jsdom/lib/jsdom/living/events/EventTarget-impl.js:286:3)
      at HTMLUnknownElementImpl._dispatch 
(node_modules/jsdom/lib/jsdom/living/events/EventTarget-impl.js:233:9)
      at HTMLUnknownElementImpl.dispatchEvent 
(node_modules/jsdom/lib/jsdom/living/events/EventTarget-impl.js:104:17)
      at HTMLUnknownElement.dispatchEvent 
(node_modules/jsdom/lib/jsdom/living/generated/EventTarget.js:241:34)
      at Object.invokeGuardedCallbackDev 
(node_modules/react-dom/cjs/react-dom.development.js:4213:16)
      at invokeGuardedCallback 
(node_modules/react-dom/cjs/react-dom.development.js:4277:31)
      at invokeGuardedCallbackAndCatchFirstError 
(node_modules/react-dom/cjs/react-dom.development.js:4291:25)
      at executeDispatch 
(node_modules/react-dom/cjs/react-dom.development.js:9041:3)
      at processDispatchQueueItemsInOrder 
(node_modules/react-dom/cjs/react-dom.development.js:9073:7)
      at processDispatchQueue 
(node_modules/react-dom/cjs/react-dom.development.js:9086:5)
      at dispatchEventsForPlugins 
(node_modules/react-dom/cjs/react-dom.development.js:9097:3)
      at node_modules/react-dom/cjs/react-dom.development.js:9288:12
      at batchedUpdates$1 
(node_modules/react-dom/cjs/react-dom.development.js:26179:12)
      at batchedUpdates 
(node_modules/react-dom/cjs/react-dom.development.js:3991:12)
      at dispatchEventForPluginEventSystem 
(node_modules/react-dom/cjs/react-dom.development.js:9287:3)
      at dispatchEventWithEnableCapturePhaseSelectiveHydrationWithoutDiscreteEv
entReplay (node_modules/react-dom/cjs/react-dom.development.js:6465:5)
      at dispatchEvent 
(node_modules/react-dom/cjs/react-dom.development.js:6457:5)
      at dispatchDiscreteEvent 
(node_modules/react-dom/cjs/react-dom.development.js:6430:5)
      at HTMLDivElement.callTheUserObjectsOperation 
(node_modules/jsdom/lib/jsdom/living/generated/EventListener.js:26:30)
      at innerInvokeEventListeners 
(node_modules/jsdom/lib/jsdom/living/events/EventTarget-impl.js:350:25)
      at invokeEventListeners 
(node_modules/jsdom/lib/jsdom/living/events/EventTarget-impl.js:286:3)
      at HTMLInputElementImpl._dispatch 
(node_modules/jsdom/lib/jsdom/living/events/EventTarget-impl.js:233:9)
      at HTMLInputElementImpl.dispatchEvent 
(node_modules/jsdom/lib/jsdom/living/events/EventTarget-impl.js:104:17)
      at HTMLInputElement.dispatchEvent 
(node_modules/jsdom/lib/jsdom/living/generated/EventTarget.js:241:34)
      at 
node_modules/@testing-library/user-event/dist/cjs/event/dispatchEvent.js:45:43
      at Object.eventWrapper 
(node_modules/@testing-library/dom/dist/config.js:25:23)
      at Object.wrapEvent 
(node_modules/@testing-library/user-event/dist/cjs/event/wrapEvent.js:6:28)
      at Object.dispatchEvent (node_modules/@testing-library/user-event/dist/cj
s/event/dispatchEvent.js:45:22)
      at Object.dispatchUIEvent (node_modules/@testing-library/user-event/dist/
cjs/event/dispatchEvent.js:22:26)
      at commitInput 
(node_modules/@testing-library/user-event/dist/cjs/event/input.js:145:14)
      at editInputElement 
(node_modules/@testing-library/user-event/dist/cjs/event/input.js:115:9)
      at Object.input 
(node_modules/@testing-library/user-event/dist/cjs/event/input.js:37:9)
      at node_modules/@testing-library/user-event/dist/cjs/event/behavior/keypr
ess.js:31:26
      at Object.dispatchEvent (node_modules/@testing-library/user-event/dist/cj
s/event/dispatchEvent.js:41:13)
      at Object.dispatchUIEvent (node_modules/@testing-library/user-event/dist/
cjs/event/dispatchEvent.js:22:26)
      at KeyboardHost.keydown 
(node_modules/@testing-library/user-event/dist/cjs/system/keyboard.js:76:22)
      at keyboardAction 
(node_modules/@testing-library/user-event/dist/cjs/keyboard/index.js:22:35)
      at Object.keyboard 
(node_modules/@testing-library/user-event/dist/cjs/keyboard/index.js:11:15)
      at Object.type 
(node_modules/@testing-library/user-event/dist/cjs/utility/type.js:17:5)
      at Object.<anonymous> (src/auth/auth.test.tsx:181:9)

    console.error
      Warning: An update to LoginForm inside a test was not wrapped in 
act(...).
      
      When testing, code that causes React state updates should be wrapped 
into act(...):
      
      act(() => {
        /* fire events that update state */
      });
      /* assert on the output */
      
      This ensures that you're testing the behavior the user would see in the 
browser. Learn more at https://reactjs.org/link/wrap-tests-with-act
          at LoginForm (C:\Users\samhe\OneDrive\Desktop\Cleaned\frontend\src\au
th\LoginForm\LoginForm.tsx:41:33)
          at div
          at div
          at LoginPage
          at routeContext (C:\Users\samhe\OneDrive\Desktop\Cleaned\frontend\nod
e_modules\react-router\lib\hooks.tsx:658:26)
          at children (C:\Users\samhe\OneDrive\Desktop\Cleaned\frontend\node_mo
dules\react-router\lib\components.tsx:512:3)
          at basenameProp (C:\Users\samhe\OneDrive\Desktop\Cleaned\frontend\nod
e_modules\react-router\lib\components.tsx:421:13)
          at basename (C:\Users\samhe\OneDrive\Desktop\Cleaned\frontend\node_mo
dules\react-router\lib\components.tsx:225:3)

      141 |                         placeholder="Enter your password"
      142 |                         value={password}
    > 143 |                         onChange={(e) => 
setPassword(e.target.value)}
          |                                          ^
      144 |                         className="w-full rounded-md border 
border-gray-300 px-3 py-2 pr-10 text-sm focus:outline-none focus:ring-2 
focus:ring-gray-900 disabled:opacity-50"
      145 |                     />
      146 |                     <button

      at printWarning 
(node_modules/react-dom/cjs/react-dom.development.js:86:30)
      at error (node_modules/react-dom/cjs/react-dom.development.js:60:7)
      at warnIfUpdatesNotWrappedWithActDEV 
(node_modules/react-dom/cjs/react-dom.development.js:27628:9)
      at scheduleUpdateOnFiber 
(node_modules/react-dom/cjs/react-dom.development.js:25547:5)
      at dispatchSetState 
(node_modules/react-dom/cjs/react-dom.development.js:16708:7)
      at onChange (src/auth/LoginForm/LoginForm.tsx:143:42)
      at HTMLUnknownElement.callCallback 
(node_modules/react-dom/cjs/react-dom.development.js:4164:14)
      at HTMLUnknownElement.callTheUserObjectsOperation 
(node_modules/jsdom/lib/jsdom/living/generated/EventListener.js:26:30)
      at innerInvokeEventListeners 
(node_modules/jsdom/lib/jsdom/living/events/EventTarget-impl.js:350:25)
      at invokeEventListeners 
(node_modules/jsdom/lib/jsdom/living/events/EventTarget-impl.js:286:3)
      at HTMLUnknownElementImpl._dispatch 
(node_modules/jsdom/lib/jsdom/living/events/EventTarget-impl.js:233:9)
      at HTMLUnknownElementImpl.dispatchEvent 
(node_modules/jsdom/lib/jsdom/living/events/EventTarget-impl.js:104:17)
      at HTMLUnknownElement.dispatchEvent 
(node_modules/jsdom/lib/jsdom/living/generated/EventTarget.js:241:34)
      at Object.invokeGuardedCallbackDev 
(node_modules/react-dom/cjs/react-dom.development.js:4213:16)
      at invokeGuardedCallback 
(node_modules/react-dom/cjs/react-dom.development.js:4277:31)
      at invokeGuardedCallbackAndCatchFirstError 
(node_modules/react-dom/cjs/react-dom.development.js:4291:25)
      at executeDispatch 
(node_modules/react-dom/cjs/react-dom.development.js:9041:3)
      at processDispatchQueueItemsInOrder 
(node_modules/react-dom/cjs/react-dom.development.js:9073:7)
      at processDispatchQueue 
(node_modules/react-dom/cjs/react-dom.development.js:9086:5)
      at dispatchEventsForPlugins 
(node_modules/react-dom/cjs/react-dom.development.js:9097:3)
      at node_modules/react-dom/cjs/react-dom.development.js:9288:12
      at batchedUpdates$1 
(node_modules/react-dom/cjs/react-dom.development.js:26179:12)
      at batchedUpdates 
(node_modules/react-dom/cjs/react-dom.development.js:3991:12)
      at dispatchEventForPluginEventSystem 
(node_modules/react-dom/cjs/react-dom.development.js:9287:3)
      at dispatchEventWithEnableCapturePhaseSelectiveHydrationWithoutDiscreteEv
entReplay (node_modules/react-dom/cjs/react-dom.development.js:6465:5)
      at dispatchEvent 
(node_modules/react-dom/cjs/react-dom.development.js:6457:5)
      at dispatchDiscreteEvent 
(node_modules/react-dom/cjs/react-dom.development.js:6430:5)
      at HTMLDivElement.callTheUserObjectsOperation 
(node_modules/jsdom/lib/jsdom/living/generated/EventListener.js:26:30)
      at innerInvokeEventListeners 
(node_modules/jsdom/lib/jsdom/living/events/EventTarget-impl.js:350:25)
      at invokeEventListeners 
(node_modules/jsdom/lib/jsdom/living/events/EventTarget-impl.js:286:3)
      at HTMLInputElementImpl._dispatch 
(node_modules/jsdom/lib/jsdom/living/events/EventTarget-impl.js:233:9)
      at HTMLInputElementImpl.dispatchEvent 
(node_modules/jsdom/lib/jsdom/living/events/EventTarget-impl.js:104:17)
      at HTMLInputElement.dispatchEvent 
(node_modules/jsdom/lib/jsdom/living/generated/EventTarget.js:241:34)
      at 
node_modules/@testing-library/user-event/dist/cjs/event/dispatchEvent.js:45:43
      at Object.eventWrapper 
(node_modules/@testing-library/dom/dist/config.js:25:23)
      at Object.wrapEvent 
(node_modules/@testing-library/user-event/dist/cjs/event/wrapEvent.js:6:28)
      at Object.dispatchEvent (node_modules/@testing-library/user-event/dist/cj
s/event/dispatchEvent.js:45:22)
      at Object.dispatchUIEvent (node_modules/@testing-library/user-event/dist/
cjs/event/dispatchEvent.js:22:26)
      at commitInput 
(node_modules/@testing-library/user-event/dist/cjs/event/input.js:145:14)
      at editInputElement 
(node_modules/@testing-library/user-event/dist/cjs/event/input.js:115:9)
      at Object.input 
(node_modules/@testing-library/user-event/dist/cjs/event/input.js:37:9)
      at node_modules/@testing-library/user-event/dist/cjs/event/behavior/keypr
ess.js:31:26
      at Object.dispatchEvent (node_modules/@testing-library/user-event/dist/cj
s/event/dispatchEvent.js:41:13)
      at Object.dispatchUIEvent (node_modules/@testing-library/user-event/dist/
cjs/event/dispatchEvent.js:22:26)
      at KeyboardHost.keydown 
(node_modules/@testing-library/user-event/dist/cjs/system/keyboard.js:76:22)
      at keyboardAction 
(node_modules/@testing-library/user-event/dist/cjs/keyboard/index.js:22:35)
      at Object.keyboard 
(node_modules/@testing-library/user-event/dist/cjs/keyboard/index.js:11:15)
      at Object.type 
(node_modules/@testing-library/user-event/dist/cjs/utility/type.js:17:5)
      at Object.<anonymous> (src/auth/auth.test.tsx:181:9)

    console.error
      Warning: An update to LoginForm inside a test was not wrapped in 
act(...).
      
      When testing, code that causes React state updates should be wrapped 
into act(...):
      
      act(() => {
        /* fire events that update state */
      });
      /* assert on the output */
      
      This ensures that you're testing the behavior the user would see in the 
browser. Learn more at https://reactjs.org/link/wrap-tests-with-act
          at LoginForm (C:\Users\samhe\OneDrive\Desktop\Cleaned\frontend\src\au
th\LoginForm\LoginForm.tsx:41:33)
          at div
          at div
          at LoginPage
          at routeContext (C:\Users\samhe\OneDrive\Desktop\Cleaned\frontend\nod
e_modules\react-router\lib\hooks.tsx:658:26)
          at children (C:\Users\samhe\OneDrive\Desktop\Cleaned\frontend\node_mo
dules\react-router\lib\components.tsx:512:3)
          at basenameProp (C:\Users\samhe\OneDrive\Desktop\Cleaned\frontend\nod
e_modules\react-router\lib\components.tsx:421:13)
          at basename (C:\Users\samhe\OneDrive\Desktop\Cleaned\frontend\node_mo
dules\react-router\lib\components.tsx:225:3)

      141 |                         placeholder="Enter your password"
      142 |                         value={password}
    > 143 |                         onChange={(e) => 
setPassword(e.target.value)}
          |                                          ^
      144 |                         className="w-full rounded-md border 
border-gray-300 px-3 py-2 pr-10 text-sm focus:outline-none focus:ring-2 
focus:ring-gray-900 disabled:opacity-50"
      145 |                     />
      146 |                     <button

      at printWarning 
(node_modules/react-dom/cjs/react-dom.development.js:86:30)
      at error (node_modules/react-dom/cjs/react-dom.development.js:60:7)
      at warnIfUpdatesNotWrappedWithActDEV 
(node_modules/react-dom/cjs/react-dom.development.js:27628:9)
      at scheduleUpdateOnFiber 
(node_modules/react-dom/cjs/react-dom.development.js:25547:5)
      at dispatchSetState 
(node_modules/react-dom/cjs/react-dom.development.js:16708:7)
      at onChange (src/auth/LoginForm/LoginForm.tsx:143:42)
      at HTMLUnknownElement.callCallback 
(node_modules/react-dom/cjs/react-dom.development.js:4164:14)
      at HTMLUnknownElement.callTheUserObjectsOperation 
(node_modules/jsdom/lib/jsdom/living/generated/EventListener.js:26:30)
      at innerInvokeEventListeners 
(node_modules/jsdom/lib/jsdom/living/events/EventTarget-impl.js:350:25)
      at invokeEventListeners 
(node_modules/jsdom/lib/jsdom/living/events/EventTarget-impl.js:286:3)
      at HTMLUnknownElementImpl._dispatch 
(node_modules/jsdom/lib/jsdom/living/events/EventTarget-impl.js:233:9)
      at HTMLUnknownElementImpl.dispatchEvent 
(node_modules/jsdom/lib/jsdom/living/events/EventTarget-impl.js:104:17)
      at HTMLUnknownElement.dispatchEvent 
(node_modules/jsdom/lib/jsdom/living/generated/EventTarget.js:241:34)
      at Object.invokeGuardedCallbackDev 
(node_modules/react-dom/cjs/react-dom.development.js:4213:16)
      at invokeGuardedCallback 
(node_modules/react-dom/cjs/react-dom.development.js:4277:31)
      at invokeGuardedCallbackAndCatchFirstError 
(node_modules/react-dom/cjs/react-dom.development.js:4291:25)
      at executeDispatch 
(node_modules/react-dom/cjs/react-dom.development.js:9041:3)
      at processDispatchQueueItemsInOrder 
(node_modules/react-dom/cjs/react-dom.development.js:9073:7)
      at processDispatchQueue 
(node_modules/react-dom/cjs/react-dom.development.js:9086:5)
      at dispatchEventsForPlugins 
(node_modules/react-dom/cjs/react-dom.development.js:9097:3)
      at node_modules/react-dom/cjs/react-dom.development.js:9288:12
      at batchedUpdates$1 
(node_modules/react-dom/cjs/react-dom.development.js:26179:12)
      at batchedUpdates 
(node_modules/react-dom/cjs/react-dom.development.js:3991:12)
      at dispatchEventForPluginEventSystem 
(node_modules/react-dom/cjs/react-dom.development.js:9287:3)
      at dispatchEventWithEnableCapturePhaseSelectiveHydrationWithoutDiscreteEv
entReplay (node_modules/react-dom/cjs/react-dom.development.js:6465:5)
      at dispatchEvent 
(node_modules/react-dom/cjs/react-dom.development.js:6457:5)
      at dispatchDiscreteEvent 
(node_modules/react-dom/cjs/react-dom.development.js:6430:5)
      at HTMLDivElement.callTheUserObjectsOperation 
(node_modules/jsdom/lib/jsdom/living/generated/EventListener.js:26:30)
      at innerInvokeEventListeners 
(node_modules/jsdom/lib/jsdom/living/events/EventTarget-impl.js:350:25)
      at invokeEventListeners 
(node_modules/jsdom/lib/jsdom/living/events/EventTarget-impl.js:286:3)
      at HTMLInputElementImpl._dispatch 
(node_modules/jsdom/lib/jsdom/living/events/EventTarget-impl.js:233:9)
      at HTMLInputElementImpl.dispatchEvent 
(node_modules/jsdom/lib/jsdom/living/events/EventTarget-impl.js:104:17)
      at HTMLInputElement.dispatchEvent 
(node_modules/jsdom/lib/jsdom/living/generated/EventTarget.js:241:34)
      at 
node_modules/@testing-library/user-event/dist/cjs/event/dispatchEvent.js:45:43
      at Object.eventWrapper 
(node_modules/@testing-library/dom/dist/config.js:25:23)
      at Object.wrapEvent 
(node_modules/@testing-library/user-event/dist/cjs/event/wrapEvent.js:6:28)
      at Object.dispatchEvent (node_modules/@testing-library/user-event/dist/cj
s/event/dispatchEvent.js:45:22)
      at Object.dispatchUIEvent (node_modules/@testing-library/user-event/dist/
cjs/event/dispatchEvent.js:22:26)
      at commitInput 
(node_modules/@testing-library/user-event/dist/cjs/event/input.js:145:14)
      at editInputElement 
(node_modules/@testing-library/user-event/dist/cjs/event/input.js:115:9)
      at Object.input 
(node_modules/@testing-library/user-event/dist/cjs/event/input.js:37:9)
      at node_modules/@testing-library/user-event/dist/cjs/event/behavior/keypr
ess.js:31:26
      at Object.dispatchEvent (node_modules/@testing-library/user-event/dist/cj
s/event/dispatchEvent.js:41:13)
      at Object.dispatchUIEvent (node_modules/@testing-library/user-event/dist/
cjs/event/dispatchEvent.js:22:26)
      at KeyboardHost.keydown 
(node_modules/@testing-library/user-event/dist/cjs/system/keyboard.js:76:22)
      at keyboardAction 
(node_modules/@testing-library/user-event/dist/cjs/keyboard/index.js:22:35)
      at Object.keyboard 
(node_modules/@testing-library/user-event/dist/cjs/keyboard/index.js:11:15)
      at Object.type 
(node_modules/@testing-library/user-event/dist/cjs/utility/type.js:17:5)
      at Object.<anonymous> (src/auth/auth.test.tsx:181:9)

    console.error
      Warning: An update to LoginForm inside a test was not wrapped in 
act(...).
      
      When testing, code that causes React state updates should be wrapped 
into act(...):
      
      act(() => {
        /* fire events that update state */
      });
      /* assert on the output */
      
      This ensures that you're testing the behavior the user would see in the 
browser. Learn more at https://reactjs.org/link/wrap-tests-with-act
          at LoginForm (C:\Users\samhe\OneDrive\Desktop\Cleaned\frontend\src\au
th\LoginForm\LoginForm.tsx:41:33)
          at div
          at div
          at LoginPage
          at routeContext (C:\Users\samhe\OneDrive\Desktop\Cleaned\frontend\nod
e_modules\react-router\lib\hooks.tsx:658:26)
          at children (C:\Users\samhe\OneDrive\Desktop\Cleaned\frontend\node_mo
dules\react-router\lib\components.tsx:512:3)
          at basenameProp (C:\Users\samhe\OneDrive\Desktop\Cleaned\frontend\nod
e_modules\react-router\lib\components.tsx:421:13)
          at basename (C:\Users\samhe\OneDrive\Desktop\Cleaned\frontend\node_mo
dules\react-router\lib\components.tsx:225:3)

      141 |                         placeholder="Enter your password"
      142 |                         value={password}
    > 143 |                         onChange={(e) => 
setPassword(e.target.value)}
          |                                          ^
      144 |                         className="w-full rounded-md border 
border-gray-300 px-3 py-2 pr-10 text-sm focus:outline-none focus:ring-2 
focus:ring-gray-900 disabled:opacity-50"
      145 |                     />
      146 |                     <button

      at printWarning 
(node_modules/react-dom/cjs/react-dom.development.js:86:30)
      at error (node_modules/react-dom/cjs/react-dom.development.js:60:7)
      at warnIfUpdatesNotWrappedWithActDEV 
(node_modules/react-dom/cjs/react-dom.development.js:27628:9)
      at scheduleUpdateOnFiber 
(node_modules/react-dom/cjs/react-dom.development.js:25547:5)
      at dispatchSetState 
(node_modules/react-dom/cjs/react-dom.development.js:16708:7)
      at onChange (src/auth/LoginForm/LoginForm.tsx:143:42)
      at HTMLUnknownElement.callCallback 
(node_modules/react-dom/cjs/react-dom.development.js:4164:14)
      at HTMLUnknownElement.callTheUserObjectsOperation 
(node_modules/jsdom/lib/jsdom/living/generated/EventListener.js:26:30)
      at innerInvokeEventListeners 
(node_modules/jsdom/lib/jsdom/living/events/EventTarget-impl.js:350:25)
      at invokeEventListeners 
(node_modules/jsdom/lib/jsdom/living/events/EventTarget-impl.js:286:3)
      at HTMLUnknownElementImpl._dispatch 
(node_modules/jsdom/lib/jsdom/living/events/EventTarget-impl.js:233:9)
      at HTMLUnknownElementImpl.dispatchEvent 
(node_modules/jsdom/lib/jsdom/living/events/EventTarget-impl.js:104:17)
      at HTMLUnknownElement.dispatchEvent 
(node_modules/jsdom/lib/jsdom/living/generated/EventTarget.js:241:34)
      at Object.invokeGuardedCallbackDev 
(node_modules/react-dom/cjs/react-dom.development.js:4213:16)
      at invokeGuardedCallback 
(node_modules/react-dom/cjs/react-dom.development.js:4277:31)
      at invokeGuardedCallbackAndCatchFirstError 
(node_modules/react-dom/cjs/react-dom.development.js:4291:25)
      at executeDispatch 
(node_modules/react-dom/cjs/react-dom.development.js:9041:3)
      at processDispatchQueueItemsInOrder 
(node_modules/react-dom/cjs/react-dom.development.js:9073:7)
      at processDispatchQueue 
(node_modules/react-dom/cjs/react-dom.development.js:9086:5)
      at dispatchEventsForPlugins 
(node_modules/react-dom/cjs/react-dom.development.js:9097:3)
      at node_modules/react-dom/cjs/react-dom.development.js:9288:12
      at batchedUpdates$1 
(node_modules/react-dom/cjs/react-dom.development.js:26179:12)
      at batchedUpdates 
(node_modules/react-dom/cjs/react-dom.development.js:3991:12)
      at dispatchEventForPluginEventSystem 
(node_modules/react-dom/cjs/react-dom.development.js:9287:3)
      at dispatchEventWithEnableCapturePhaseSelectiveHydrationWithoutDiscreteEv
entReplay (node_modules/react-dom/cjs/react-dom.development.js:6465:5)
      at dispatchEvent 
(node_modules/react-dom/cjs/react-dom.development.js:6457:5)
      at dispatchDiscreteEvent 
(node_modules/react-dom/cjs/react-dom.development.js:6430:5)
      at HTMLDivElement.callTheUserObjectsOperation 
(node_modules/jsdom/lib/jsdom/living/generated/EventListener.js:26:30)
      at innerInvokeEventListeners 
(node_modules/jsdom/lib/jsdom/living/events/EventTarget-impl.js:350:25)
      at invokeEventListeners 
(node_modules/jsdom/lib/jsdom/living/events/EventTarget-impl.js:286:3)
      at HTMLInputElementImpl._dispatch 
(node_modules/jsdom/lib/jsdom/living/events/EventTarget-impl.js:233:9)
      at HTMLInputElementImpl.dispatchEvent 
(node_modules/jsdom/lib/jsdom/living/events/EventTarget-impl.js:104:17)
      at HTMLInputElement.dispatchEvent 
(node_modules/jsdom/lib/jsdom/living/generated/EventTarget.js:241:34)
      at 
node_modules/@testing-library/user-event/dist/cjs/event/dispatchEvent.js:45:43
      at Object.eventWrapper 
(node_modules/@testing-library/dom/dist/config.js:25:23)
      at Object.wrapEvent 
(node_modules/@testing-library/user-event/dist/cjs/event/wrapEvent.js:6:28)
      at Object.dispatchEvent (node_modules/@testing-library/user-event/dist/cj
s/event/dispatchEvent.js:45:22)
      at Object.dispatchUIEvent (node_modules/@testing-library/user-event/dist/
cjs/event/dispatchEvent.js:22:26)
      at commitInput 
(node_modules/@testing-library/user-event/dist/cjs/event/input.js:145:14)
      at editInputElement 
(node_modules/@testing-library/user-event/dist/cjs/event/input.js:115:9)
      at Object.input 
(node_modules/@testing-library/user-event/dist/cjs/event/input.js:37:9)
      at node_modules/@testing-library/user-event/dist/cjs/event/behavior/keypr
ess.js:31:26
      at Object.dispatchEvent (node_modules/@testing-library/user-event/dist/cj
s/event/dispatchEvent.js:41:13)
      at Object.dispatchUIEvent (node_modules/@testing-library/user-event/dist/
cjs/event/dispatchEvent.js:22:26)
      at KeyboardHost.keydown 
(node_modules/@testing-library/user-event/dist/cjs/system/keyboard.js:76:22)
      at keyboardAction 
(node_modules/@testing-library/user-event/dist/cjs/keyboard/index.js:22:35)
      at Object.keyboard 
(node_modules/@testing-library/user-event/dist/cjs/keyboard/index.js:11:15)
      at Object.type 
(node_modules/@testing-library/user-event/dist/cjs/utility/type.js:17:5)
      at Object.<anonymous> (src/auth/auth.test.tsx:181:9)

    console.error
      Warning: An update to LoginForm inside a test was not wrapped in 
act(...).
      
      When testing, code that causes React state updates should be wrapped 
into act(...):
      
      act(() => {
        /* fire events that update state */
      });
      /* assert on the output */
      
      This ensures that you're testing the behavior the user would see in the 
browser. Learn more at https://reactjs.org/link/wrap-tests-with-act
          at LoginForm (C:\Users\samhe\OneDrive\Desktop\Cleaned\frontend\src\au
th\LoginForm\LoginForm.tsx:41:33)
          at div
          at div
          at LoginPage
          at routeContext (C:\Users\samhe\OneDrive\Desktop\Cleaned\frontend\nod
e_modules\react-router\lib\hooks.tsx:658:26)
          at children (C:\Users\samhe\OneDrive\Desktop\Cleaned\frontend\node_mo
dules\react-router\lib\components.tsx:512:3)
          at basenameProp (C:\Users\samhe\OneDrive\Desktop\Cleaned\frontend\nod
e_modules\react-router\lib\components.tsx:421:13)
          at basename (C:\Users\samhe\OneDrive\Desktop\Cleaned\frontend\node_mo
dules\react-router\lib\components.tsx:225:3)

      141 |                         placeholder="Enter your password"
      142 |                         value={password}
    > 143 |                         onChange={(e) => 
setPassword(e.target.value)}
          |                                          ^
      144 |                         className="w-full rounded-md border 
border-gray-300 px-3 py-2 pr-10 text-sm focus:outline-none focus:ring-2 
focus:ring-gray-900 disabled:opacity-50"
      145 |                     />
      146 |                     <button

      at printWarning 
(node_modules/react-dom/cjs/react-dom.development.js:86:30)
      at error (node_modules/react-dom/cjs/react-dom.development.js:60:7)
      at warnIfUpdatesNotWrappedWithActDEV 
(node_modules/react-dom/cjs/react-dom.development.js:27628:9)
      at scheduleUpdateOnFiber 
(node_modules/react-dom/cjs/react-dom.development.js:25547:5)
      at dispatchSetState 
(node_modules/react-dom/cjs/react-dom.development.js:16708:7)
      at onChange (src/auth/LoginForm/LoginForm.tsx:143:42)
      at HTMLUnknownElement.callCallback 
(node_modules/react-dom/cjs/react-dom.development.js:4164:14)
      at HTMLUnknownElement.callTheUserObjectsOperation 
(node_modules/jsdom/lib/jsdom/living/generated/EventListener.js:26:30)
      at innerInvokeEventListeners 
(node_modules/jsdom/lib/jsdom/living/events/EventTarget-impl.js:350:25)
      at invokeEventListeners 
(node_modules/jsdom/lib/jsdom/living/events/EventTarget-impl.js:286:3)
      at HTMLUnknownElementImpl._dispatch 
(node_modules/jsdom/lib/jsdom/living/events/EventTarget-impl.js:233:9)
      at HTMLUnknownElementImpl.dispatchEvent 
(node_modules/jsdom/lib/jsdom/living/events/EventTarget-impl.js:104:17)
      at HTMLUnknownElement.dispatchEvent 
(node_modules/jsdom/lib/jsdom/living/generated/EventTarget.js:241:34)
      at Object.invokeGuardedCallbackDev 
(node_modules/react-dom/cjs/react-dom.development.js:4213:16)
      at invokeGuardedCallback 
(node_modules/react-dom/cjs/react-dom.development.js:4277:31)
      at invokeGuardedCallbackAndCatchFirstError 
(node_modules/react-dom/cjs/react-dom.development.js:4291:25)
      at executeDispatch 
(node_modules/react-dom/cjs/react-dom.development.js:9041:3)
      at processDispatchQueueItemsInOrder 
(node_modules/react-dom/cjs/react-dom.development.js:9073:7)
      at processDispatchQueue 
(node_modules/react-dom/cjs/react-dom.development.js:9086:5)
      at dispatchEventsForPlugins 
(node_modules/react-dom/cjs/react-dom.development.js:9097:3)
      at node_modules/react-dom/cjs/react-dom.development.js:9288:12
      at batchedUpdates$1 
(node_modules/react-dom/cjs/react-dom.development.js:26179:12)
      at batchedUpdates 
(node_modules/react-dom/cjs/react-dom.development.js:3991:12)
      at dispatchEventForPluginEventSystem 
(node_modules/react-dom/cjs/react-dom.development.js:9287:3)
      at dispatchEventWithEnableCapturePhaseSelectiveHydrationWithoutDiscreteEv
entReplay (node_modules/react-dom/cjs/react-dom.development.js:6465:5)
      at dispatchEvent 
(node_modules/react-dom/cjs/react-dom.development.js:6457:5)
      at dispatchDiscreteEvent 
(node_modules/react-dom/cjs/react-dom.development.js:6430:5)
      at HTMLDivElement.callTheUserObjectsOperation 
(node_modules/jsdom/lib/jsdom/living/generated/EventListener.js:26:30)
      at innerInvokeEventListeners 
(node_modules/jsdom/lib/jsdom/living/events/EventTarget-impl.js:350:25)
      at invokeEventListeners 
(node_modules/jsdom/lib/jsdom/living/events/EventTarget-impl.js:286:3)
      at HTMLInputElementImpl._dispatch 
(node_modules/jsdom/lib/jsdom/living/events/EventTarget-impl.js:233:9)
      at HTMLInputElementImpl.dispatchEvent 
(node_modules/jsdom/lib/jsdom/living/events/EventTarget-impl.js:104:17)
      at HTMLInputElement.dispatchEvent 
(node_modules/jsdom/lib/jsdom/living/generated/EventTarget.js:241:34)
      at 
node_modules/@testing-library/user-event/dist/cjs/event/dispatchEvent.js:45:43
      at Object.eventWrapper 
(node_modules/@testing-library/dom/dist/config.js:25:23)
      at Object.wrapEvent 
(node_modules/@testing-library/user-event/dist/cjs/event/wrapEvent.js:6:28)
      at Object.dispatchEvent (node_modules/@testing-library/user-event/dist/cj
s/event/dispatchEvent.js:45:22)
      at Object.dispatchUIEvent (node_modules/@testing-library/user-event/dist/
cjs/event/dispatchEvent.js:22:26)
      at commitInput 
(node_modules/@testing-library/user-event/dist/cjs/event/input.js:145:14)
      at editInputElement 
(node_modules/@testing-library/user-event/dist/cjs/event/input.js:115:9)
      at Object.input 
(node_modules/@testing-library/user-event/dist/cjs/event/input.js:37:9)
      at node_modules/@testing-library/user-event/dist/cjs/event/behavior/keypr
ess.js:31:26
      at Object.dispatchEvent (node_modules/@testing-library/user-event/dist/cj
s/event/dispatchEvent.js:41:13)
      at Object.dispatchUIEvent (node_modules/@testing-library/user-event/dist/
cjs/event/dispatchEvent.js:22:26)
      at KeyboardHost.keydown 
(node_modules/@testing-library/user-event/dist/cjs/system/keyboard.js:76:22)
      at keyboardAction 
(node_modules/@testing-library/user-event/dist/cjs/keyboard/index.js:22:35)
      at Object.keyboard 
(node_modules/@testing-library/user-event/dist/cjs/keyboard/index.js:11:15)
      at Object.type 
(node_modules/@testing-library/user-event/dist/cjs/utility/type.js:17:5)
      at Object.<anonymous> (src/auth/auth.test.tsx:181:9)

    console.error
      Warning: An update to LoginForm inside a test was not wrapped in 
act(...).
      
      When testing, code that causes React state updates should be wrapped 
into act(...):
      
      act(() => {
        /* fire events that update state */
      });
      /* assert on the output */
      
      This ensures that you're testing the behavior the user would see in the 
browser. Learn more at https://reactjs.org/link/wrap-tests-with-act
          at LoginForm (C:\Users\samhe\OneDrive\Desktop\Cleaned\frontend\src\au
th\LoginForm\LoginForm.tsx:41:33)
          at div
          at div
          at LoginPage
          at routeContext (C:\Users\samhe\OneDrive\Desktop\Cleaned\frontend\nod
e_modules\react-router\lib\hooks.tsx:658:26)
          at children (C:\Users\samhe\OneDrive\Desktop\Cleaned\frontend\node_mo
dules\react-router\lib\components.tsx:512:3)
          at basenameProp (C:\Users\samhe\OneDrive\Desktop\Cleaned\frontend\nod
e_modules\react-router\lib\components.tsx:421:13)
          at basename (C:\Users\samhe\OneDrive\Desktop\Cleaned\frontend\node_mo
dules\react-router\lib\components.tsx:225:3)

      141 |                         placeholder="Enter your password"
      142 |                         value={password}
    > 143 |                         onChange={(e) => 
setPassword(e.target.value)}
          |                                          ^
      144 |                         className="w-full rounded-md border 
border-gray-300 px-3 py-2 pr-10 text-sm focus:outline-none focus:ring-2 
focus:ring-gray-900 disabled:opacity-50"
      145 |                     />
      146 |                     <button

      at printWarning 
(node_modules/react-dom/cjs/react-dom.development.js:86:30)
      at error (node_modules/react-dom/cjs/react-dom.development.js:60:7)
      at warnIfUpdatesNotWrappedWithActDEV 
(node_modules/react-dom/cjs/react-dom.development.js:27628:9)
      at scheduleUpdateOnFiber 
(node_modules/react-dom/cjs/react-dom.development.js:25547:5)
      at dispatchSetState 
(node_modules/react-dom/cjs/react-dom.development.js:16708:7)
      at onChange (src/auth/LoginForm/LoginForm.tsx:143:42)
      at HTMLUnknownElement.callCallback 
(node_modules/react-dom/cjs/react-dom.development.js:4164:14)
      at HTMLUnknownElement.callTheUserObjectsOperation 
(node_modules/jsdom/lib/jsdom/living/generated/EventListener.js:26:30)
      at innerInvokeEventListeners 
(node_modules/jsdom/lib/jsdom/living/events/EventTarget-impl.js:350:25)
      at invokeEventListeners 
(node_modules/jsdom/lib/jsdom/living/events/EventTarget-impl.js:286:3)
      at HTMLUnknownElementImpl._dispatch 
(node_modules/jsdom/lib/jsdom/living/events/EventTarget-impl.js:233:9)
      at HTMLUnknownElementImpl.dispatchEvent 
(node_modules/jsdom/lib/jsdom/living/events/EventTarget-impl.js:104:17)
      at HTMLUnknownElement.dispatchEvent 
(node_modules/jsdom/lib/jsdom/living/generated/EventTarget.js:241:34)
      at Object.invokeGuardedCallbackDev 
(node_modules/react-dom/cjs/react-dom.development.js:4213:16)
      at invokeGuardedCallback 
(node_modules/react-dom/cjs/react-dom.development.js:4277:31)
      at invokeGuardedCallbackAndCatchFirstError 
(node_modules/react-dom/cjs/react-dom.development.js:4291:25)
      at executeDispatch 
(node_modules/react-dom/cjs/react-dom.development.js:9041:3)
      at processDispatchQueueItemsInOrder 
(node_modules/react-dom/cjs/react-dom.development.js:9073:7)
      at processDispatchQueue 
(node_modules/react-dom/cjs/react-dom.development.js:9086:5)
      at dispatchEventsForPlugins 
(node_modules/react-dom/cjs/react-dom.development.js:9097:3)
      at node_modules/react-dom/cjs/react-dom.development.js:9288:12
      at batchedUpdates$1 
(node_modules/react-dom/cjs/react-dom.development.js:26179:12)
      at batchedUpdates 
(node_modules/react-dom/cjs/react-dom.development.js:3991:12)
      at dispatchEventForPluginEventSystem 
(node_modules/react-dom/cjs/react-dom.development.js:9287:3)
      at dispatchEventWithEnableCapturePhaseSelectiveHydrationWithoutDiscreteEv
entReplay (node_modules/react-dom/cjs/react-dom.development.js:6465:5)
      at dispatchEvent 
(node_modules/react-dom/cjs/react-dom.development.js:6457:5)
      at dispatchDiscreteEvent 
(node_modules/react-dom/cjs/react-dom.development.js:6430:5)
      at HTMLDivElement.callTheUserObjectsOperation 
(node_modules/jsdom/lib/jsdom/living/generated/EventListener.js:26:30)
      at innerInvokeEventListeners 
(node_modules/jsdom/lib/jsdom/living/events/EventTarget-impl.js:350:25)
      at invokeEventListeners 
(node_modules/jsdom/lib/jsdom/living/events/EventTarget-impl.js:286:3)
      at HTMLInputElementImpl._dispatch 
(node_modules/jsdom/lib/jsdom/living/events/EventTarget-impl.js:233:9)
      at HTMLInputElementImpl.dispatchEvent 
(node_modules/jsdom/lib/jsdom/living/events/EventTarget-impl.js:104:17)
      at HTMLInputElement.dispatchEvent 
(node_modules/jsdom/lib/jsdom/living/generated/EventTarget.js:241:34)
      at 
node_modules/@testing-library/user-event/dist/cjs/event/dispatchEvent.js:45:43
      at Object.eventWrapper 
(node_modules/@testing-library/dom/dist/config.js:25:23)
      at Object.wrapEvent 
(node_modules/@testing-library/user-event/dist/cjs/event/wrapEvent.js:6:28)
      at Object.dispatchEvent (node_modules/@testing-library/user-event/dist/cj
s/event/dispatchEvent.js:45:22)
      at Object.dispatchUIEvent (node_modules/@testing-library/user-event/dist/
cjs/event/dispatchEvent.js:22:26)
      at commitInput 
(node_modules/@testing-library/user-event/dist/cjs/event/input.js:145:14)
      at editInputElement 
(node_modules/@testing-library/user-event/dist/cjs/event/input.js:115:9)
      at Object.input 
(node_modules/@testing-library/user-event/dist/cjs/event/input.js:37:9)
      at node_modules/@testing-library/user-event/dist/cjs/event/behavior/keypr
ess.js:31:26
      at Object.dispatchEvent (node_modules/@testing-library/user-event/dist/cj
s/event/dispatchEvent.js:41:13)
      at Object.dispatchUIEvent (node_modules/@testing-library/user-event/dist/
cjs/event/dispatchEvent.js:22:26)
      at KeyboardHost.keydown 
(node_modules/@testing-library/user-event/dist/cjs/system/keyboard.js:76:22)
      at keyboardAction 
(node_modules/@testing-library/user-event/dist/cjs/keyboard/index.js:22:35)
      at Object.keyboard 
(node_modules/@testing-library/user-event/dist/cjs/keyboard/index.js:11:15)
      at Object.type 
(node_modules/@testing-library/user-event/dist/cjs/utility/type.js:17:5)
      at Object.<anonymous> (src/auth/auth.test.tsx:181:9)

    console.error
      Warning: An update to LoginForm inside a test was not wrapped in 
act(...).
      
      When testing, code that causes React state updates should be wrapped 
into act(...):
      
      act(() => {
        /* fire events that update state */
      });
      /* assert on the output */
      
      This ensures that you're testing the behavior the user would see in the 
browser. Learn more at https://reactjs.org/link/wrap-tests-with-act
          at LoginForm (C:\Users\samhe\OneDrive\Desktop\Cleaned\frontend\src\au
th\LoginForm\LoginForm.tsx:41:33)
          at div
          at div
          at LoginPage
          at routeContext (C:\Users\samhe\OneDrive\Desktop\Cleaned\frontend\nod
e_modules\react-router\lib\hooks.tsx:658:26)
          at children (C:\Users\samhe\OneDrive\Desktop\Cleaned\frontend\node_mo
dules\react-router\lib\components.tsx:512:3)
          at basenameProp (C:\Users\samhe\OneDrive\Desktop\Cleaned\frontend\nod
e_modules\react-router\lib\components.tsx:421:13)
          at basename (C:\Users\samhe\OneDrive\Desktop\Cleaned\frontend\node_mo
dules\react-router\lib\components.tsx:225:3)

      52 |     async function handleSubmit(e: React.FormEvent) {
      53 |         e.preventDefault()
    > 54 |         setError('')
         |         ^
      55 |
      56 |         // Client-side empty field validation (R-AUTH-EMPTY)
      57 |         if (!email.trim() || !password) {

      at printWarning 
(node_modules/react-dom/cjs/react-dom.development.js:86:30)
      at error (node_modules/react-dom/cjs/react-dom.development.js:60:7)
      at warnIfUpdatesNotWrappedWithActDEV 
(node_modules/react-dom/cjs/react-dom.development.js:27628:9)
      at scheduleUpdateOnFiber 
(node_modules/react-dom/cjs/react-dom.development.js:25547:5)
      at dispatchSetState 
(node_modules/react-dom/cjs/react-dom.development.js:16708:7)
      at handleSubmit (src/auth/LoginForm/LoginForm.tsx:54:9)
      at HTMLUnknownElement.callCallback 
(node_modules/react-dom/cjs/react-dom.development.js:4164:14)
      at HTMLUnknownElement.callTheUserObjectsOperation 
(node_modules/jsdom/lib/jsdom/living/generated/EventListener.js:26:30)
      at innerInvokeEventListeners 
(node_modules/jsdom/lib/jsdom/living/events/EventTarget-impl.js:350:25)
      at invokeEventListeners 
(node_modules/jsdom/lib/jsdom/living/events/EventTarget-impl.js:286:3)
      at HTMLUnknownElementImpl._dispatch 
(node_modules/jsdom/lib/jsdom/living/events/EventTarget-impl.js:233:9)
      at HTMLUnknownElementImpl.dispatchEvent 
(node_modules/jsdom/lib/jsdom/living/events/EventTarget-impl.js:104:17)
      at HTMLUnknownElement.dispatchEvent 
(node_modules/jsdom/lib/jsdom/living/generated/EventTarget.js:241:34)
      at Object.invokeGuardedCallbackDev 
(node_modules/react-dom/cjs/react-dom.development.js:4213:16)
      at invokeGuardedCallback 
(node_modules/react-dom/cjs/react-dom.development.js:4277:31)
      at invokeGuardedCallbackAndCatchFirstError 
(node_modules/react-dom/cjs/react-dom.development.js:4291:25)
      at executeDispatch 
(node_modules/react-dom/cjs/react-dom.development.js:9041:3)
      at processDispatchQueueItemsInOrder 
(node_modules/react-dom/cjs/react-dom.development.js:9073:7)
      at processDispatchQueue 
(node_modules/react-dom/cjs/react-dom.development.js:9086:5)
      at dispatchEventsForPlugins 
(node_modules/react-dom/cjs/react-dom.development.js:9097:3)
      at node_modules/react-dom/cjs/react-dom.development.js:9288:12
      at batchedUpdates$1 
(node_modules/react-dom/cjs/react-dom.development.js:26179:12)
      at batchedUpdates 
(node_modules/react-dom/cjs/react-dom.development.js:3991:12)
      at dispatchEventForPluginEventSystem 
(node_modules/react-dom/cjs/react-dom.development.js:9287:3)
      at dispatchEventWithEnableCapturePhaseSelectiveHydrationWithoutDiscreteEv
entReplay (node_modules/react-dom/cjs/react-dom.development.js:6465:5)
      at dispatchEvent 
(node_modules/react-dom/cjs/react-dom.development.js:6457:5)
      at dispatchDiscreteEvent 
(node_modules/react-dom/cjs/react-dom.development.js:6430:5)
      at HTMLDivElement.callTheUserObjectsOperation 
(node_modules/jsdom/lib/jsdom/living/generated/EventListener.js:26:30)
      at innerInvokeEventListeners 
(node_modules/jsdom/lib/jsdom/living/events/EventTarget-impl.js:350:25)
      at invokeEventListeners 
(node_modules/jsdom/lib/jsdom/living/events/EventTarget-impl.js:286:3)
      at HTMLFormElementImpl._dispatch 
(node_modules/jsdom/lib/jsdom/living/events/EventTarget-impl.js:233:9)
      at fireAnEvent 
(node_modules/jsdom/lib/jsdom/living/helpers/events.js:18:36)
      at HTMLFormElementImpl.requestSubmit 
(node_modules/jsdom/lib/jsdom/living/nodes/HTMLFormElement-impl.js:109:10)
      at HTMLFormElementImpl._doRequestSubmit 
(node_modules/jsdom/lib/jsdom/living/nodes/HTMLFormElement-impl.js:79:10)
      at HTMLButtonElementImpl._activationBehavior 
(node_modules/jsdom/lib/jsdom/living/nodes/HTMLButtonElement-impl.js:23:14)
      at HTMLButtonElementImpl._dispatch 
(node_modules/jsdom/lib/jsdom/living/events/EventTarget-impl.js:252:26)
      at HTMLButtonElementImpl.dispatchEvent 
(node_modules/jsdom/lib/jsdom/living/events/EventTarget-impl.js:104:17)
      at HTMLButtonElement.dispatchEvent 
(node_modules/jsdom/lib/jsdom/living/generated/EventTarget.js:241:34)
      at 
node_modules/@testing-library/user-event/dist/cjs/event/dispatchEvent.js:45:43
      at Object.eventWrapper 
(node_modules/@testing-library/dom/dist/config.js:25:23)
      at Object.wrapEvent 
(node_modules/@testing-library/user-event/dist/cjs/event/wrapEvent.js:6:28)
      at Object.dispatchEvent (node_modules/@testing-library/user-event/dist/cj
s/event/dispatchEvent.js:45:22)
      at Object.dispatchUIEvent (node_modules/@testing-library/user-event/dist/
cjs/event/dispatchEvent.js:22:26)
      at Mouse.up (node_modules/@testing-library/user-event/dist/cjs/system/poi
nter/mouse.js:100:30)
      at PointerHost.release (node_modules/@testing-library/user-event/dist/cjs
/system/pointer/index.js:87:24)
      at pointerAction 
(node_modules/@testing-library/user-event/dist/cjs/pointer/index.js:54:47)
      at Object.pointer 
(node_modules/@testing-library/user-event/dist/cjs/pointer/index.js:27:9)
      at Object.<anonymous> (src/auth/auth.test.tsx:182:9)

    console.error
      Warning: An update to LoginForm inside a test was not wrapped in 
act(...).
      
      When testing, code that causes React state updates should be wrapped 
into act(...):
      
      act(() => {
        /* fire events that update state */
      });
      /* assert on the output */
      
      This ensures that you're testing the behavior the user would see in the 
browser. Learn more at https://reactjs.org/link/wrap-tests-with-act
          at LoginForm (C:\Users\samhe\OneDrive\Desktop\Cleaned\frontend\src\au
th\LoginForm\LoginForm.tsx:41:33)
          at div
          at div
          at LoginPage
          at routeContext (C:\Users\samhe\OneDrive\Desktop\Cleaned\frontend\nod
e_modules\react-router\lib\hooks.tsx:658:26)
          at children (C:\Users\samhe\OneDrive\Desktop\Cleaned\frontend\node_mo
dules\react-router\lib\components.tsx:512:3)
          at basenameProp (C:\Users\samhe\OneDrive\Desktop\Cleaned\frontend\nod
e_modules\react-router\lib\components.tsx:421:13)
          at basename (C:\Users\samhe\OneDrive\Desktop\Cleaned\frontend\node_mo
dules\react-router\lib\components.tsx:225:3)

      60 |         }
      61 |
    > 62 |         setLoading(true)
         |         ^
      63 |
      64 |         try {
      65 |             const response = await apiPost<{ token: string; user: 
Record<string, unknown> }>(

      at printWarning 
(node_modules/react-dom/cjs/react-dom.development.js:86:30)
      at error (node_modules/react-dom/cjs/react-dom.development.js:60:7)
      at warnIfUpdatesNotWrappedWithActDEV 
(node_modules/react-dom/cjs/react-dom.development.js:27628:9)
      at scheduleUpdateOnFiber 
(node_modules/react-dom/cjs/react-dom.development.js:25547:5)
      at dispatchSetState 
(node_modules/react-dom/cjs/react-dom.development.js:16708:7)
      at handleSubmit (src/auth/LoginForm/LoginForm.tsx:62:9)
      at HTMLUnknownElement.callCallback 
(node_modules/react-dom/cjs/react-dom.development.js:4164:14)
      at HTMLUnknownElement.callTheUserObjectsOperation 
(node_modules/jsdom/lib/jsdom/living/generated/EventListener.js:26:30)
      at innerInvokeEventListeners 
(node_modules/jsdom/lib/jsdom/living/events/EventTarget-impl.js:350:25)
      at invokeEventListeners 
(node_modules/jsdom/lib/jsdom/living/events/EventTarget-impl.js:286:3)
      at HTMLUnknownElementImpl._dispatch 
(node_modules/jsdom/lib/jsdom/living/events/EventTarget-impl.js:233:9)
      at HTMLUnknownElementImpl.dispatchEvent 
(node_modules/jsdom/lib/jsdom/living/events/EventTarget-impl.js:104:17)
      at HTMLUnknownElement.dispatchEvent 
(node_modules/jsdom/lib/jsdom/living/generated/EventTarget.js:241:34)
      at Object.invokeGuardedCallbackDev 
(node_modules/react-dom/cjs/react-dom.development.js:4213:16)
      at invokeGuardedCallback 
(node_modules/react-dom/cjs/react-dom.development.js:4277:31)
      at invokeGuardedCallbackAndCatchFirstError 
(node_modules/react-dom/cjs/react-dom.development.js:4291:25)
      at executeDispatch 
(node_modules/react-dom/cjs/react-dom.development.js:9041:3)
      at processDispatchQueueItemsInOrder 
(node_modules/react-dom/cjs/react-dom.development.js:9073:7)
      at processDispatchQueue 
(node_modules/react-dom/cjs/react-dom.development.js:9086:5)
      at dispatchEventsForPlugins 
(node_modules/react-dom/cjs/react-dom.development.js:9097:3)
      at node_modules/react-dom/cjs/react-dom.development.js:9288:12
      at batchedUpdates$1 
(node_modules/react-dom/cjs/react-dom.development.js:26179:12)
      at batchedUpdates 
(node_modules/react-dom/cjs/react-dom.development.js:3991:12)
      at dispatchEventForPluginEventSystem 
(node_modules/react-dom/cjs/react-dom.development.js:9287:3)
      at dispatchEventWithEnableCapturePhaseSelectiveHydrationWithoutDiscreteEv
entReplay (node_modules/react-dom/cjs/react-dom.development.js:6465:5)
      at dispatchEvent 
(node_modules/react-dom/cjs/react-dom.development.js:6457:5)
      at dispatchDiscreteEvent 
(node_modules/react-dom/cjs/react-dom.development.js:6430:5)
      at HTMLDivElement.callTheUserObjectsOperation 
(node_modules/jsdom/lib/jsdom/living/generated/EventListener.js:26:30)
      at innerInvokeEventListeners 
(node_modules/jsdom/lib/jsdom/living/events/EventTarget-impl.js:350:25)
      at invokeEventListeners 
(node_modules/jsdom/lib/jsdom/living/events/EventTarget-impl.js:286:3)
      at HTMLFormElementImpl._dispatch 
(node_modules/jsdom/lib/jsdom/living/events/EventTarget-impl.js:233:9)
      at fireAnEvent 
(node_modules/jsdom/lib/jsdom/living/helpers/events.js:18:36)
      at HTMLFormElementImpl.requestSubmit 
(node_modules/jsdom/lib/jsdom/living/nodes/HTMLFormElement-impl.js:109:10)
      at HTMLFormElementImpl._doRequestSubmit 
(node_modules/jsdom/lib/jsdom/living/nodes/HTMLFormElement-impl.js:79:10)
      at HTMLButtonElementImpl._activationBehavior 
(node_modules/jsdom/lib/jsdom/living/nodes/HTMLButtonElement-impl.js:23:14)
      at HTMLButtonElementImpl._dispatch 
(node_modules/jsdom/lib/jsdom/living/events/EventTarget-impl.js:252:26)
      at HTMLButtonElementImpl.dispatchEvent 
(node_modules/jsdom/lib/jsdom/living/events/EventTarget-impl.js:104:17)
      at HTMLButtonElement.dispatchEvent 
(node_modules/jsdom/lib/jsdom/living/generated/EventTarget.js:241:34)
      at 
node_modules/@testing-library/user-event/dist/cjs/event/dispatchEvent.js:45:43
      at Object.eventWrapper 
(node_modules/@testing-library/dom/dist/config.js:25:23)
      at Object.wrapEvent 
(node_modules/@testing-library/user-event/dist/cjs/event/wrapEvent.js:6:28)
      at Object.dispatchEvent (node_modules/@testing-library/user-event/dist/cj
s/event/dispatchEvent.js:45:22)
      at Object.dispatchUIEvent (node_modules/@testing-library/user-event/dist/
cjs/event/dispatchEvent.js:22:26)
      at Mouse.up (node_modules/@testing-library/user-event/dist/cjs/system/poi
nter/mouse.js:100:30)
      at PointerHost.release (node_modules/@testing-library/user-event/dist/cjs
/system/pointer/index.js:87:24)
      at pointerAction 
(node_modules/@testing-library/user-event/dist/cjs/pointer/index.js:54:47)
      at Object.pointer 
(node_modules/@testing-library/user-event/dist/cjs/pointer/index.js:27:9)
      at Object.<anonymous> (src/auth/auth.test.tsx:182:9)

    console.error
      Warning: An update to MemoryRouter inside a test was not wrapped in 
act(...).
      
      When testing, code that causes React state updates should be wrapped 
into act(...):
      
      act(() => {
        /* fire events that update state */
      });
      /* assert on the output */
      
      This ensures that you're testing the behavior the user would see in the 
browser. Learn more at https://reactjs.org/link/wrap-tests-with-act
          at basename (C:\Users\samhe\OneDrive\Desktop\Cleaned\frontend\node_mo
dules\react-router\lib\components.tsx:225:3)

      75 |                 } as 
import('@/shared/lib/auth-session/auth-session').SessionUser,
      76 |             })
    > 77 |             navigate('/app-home')
         |             ^
      78 |         } catch (err: unknown) {
      79 |             const anyErr = err as Record<string, unknown>
      80 |             const response = anyErr?.response as Record<string, 
unknown> | undefined

      at printWarning 
(node_modules/react-dom/cjs/react-dom.development.js:86:30)
      at error (node_modules/react-dom/cjs/react-dom.development.js:60:7)
      at warnIfUpdatesNotWrappedWithActDEV 
(node_modules/react-dom/cjs/react-dom.development.js:27628:9)
      at scheduleUpdateOnFiber 
(node_modules/react-dom/cjs/react-dom.development.js:25547:5)
      at dispatchSetState 
(node_modules/react-dom/cjs/react-dom.development.js:16708:7)
      at setStateImpl (node_modules/react-router/lib/components.tsx:250:11)
      at listener (node_modules/@remix-run/router/history.ts:306:9)
      at node_modules/react-router/lib/hooks.tsx:243:62
      at handleSubmit (src/auth/LoginForm/LoginForm.tsx:77:13)

    console.error
      Warning: An update to LoginForm inside a test was not wrapped in 
act(...).
      
      When testing, code that causes React state updates should be wrapped 
into act(...):
      
      act(() => {
        /* fire events that update state */
      });
      /* assert on the output */
      
      This ensures that you're testing the behavior the user would see in the 
browser. Learn more at https://reactjs.org/link/wrap-tests-with-act
          at LoginForm (C:\Users\samhe\OneDrive\Desktop\Cleaned\frontend\src\au
th\LoginForm\LoginForm.tsx:41:33)
          at div
          at div
          at LoginPage
          at routeContext (C:\Users\samhe\OneDrive\Desktop\Cleaned\frontend\nod
e_modules\react-router\lib\hooks.tsx:658:26)
          at children (C:\Users\samhe\OneDrive\Desktop\Cleaned\frontend\node_mo
dules\react-router\lib\components.tsx:512:3)
          at basenameProp (C:\Users\samhe\OneDrive\Desktop\Cleaned\frontend\nod
e_modules\react-router\lib\components.tsx:421:13)
          at basename (C:\Users\samhe\OneDrive\Desktop\Cleaned\frontend\node_mo
dules\react-router\lib\components.tsx:225:3)

       95 |             }
       96 |         } finally {
    >  97 |             setLoading(false)
          |             ^
       98 |         }
       99 |     }
      100 |

      at printWarning 
(node_modules/react-dom/cjs/react-dom.development.js:86:30)
      at error (node_modules/react-dom/cjs/react-dom.development.js:60:7)
      at warnIfUpdatesNotWrappedWithActDEV 
(node_modules/react-dom/cjs/react-dom.development.js:27628:9)
      at scheduleUpdateOnFiber 
(node_modules/react-dom/cjs/react-dom.development.js:25547:5)
      at dispatchSetState 
(node_modules/react-dom/cjs/react-dom.development.js:16708:7)
      at handleSubmit (src/auth/LoginForm/LoginForm.tsx:97:13)

    console.error
      Warning: An update to LoginForm inside a test was not wrapped in 
act(...).
      
      When testing, code that causes React state updates should be wrapped 
into act(...):
      
      act(() => {
        /* fire events that update state */
      });
      /* assert on the output */
      
      This ensures that you're testing the behavior the user would see in the 
browser. Learn more at https://reactjs.org/link/wrap-tests-with-act
          at LoginForm (C:\Users\samhe\OneDrive\Desktop\Cleaned\frontend\src\au
th\LoginForm\LoginForm.tsx:41:33)
          at div
          at div
          at LoginPage
          at routeContext (C:\Users\samhe\OneDrive\Desktop\Cleaned\frontend\nod
e_modules\react-router\lib\hooks.tsx:658:26)
          at children (C:\Users\samhe\OneDrive\Desktop\Cleaned\frontend\node_mo
dules\react-router\lib\components.tsx:512:3)
          at basenameProp (C:\Users\samhe\OneDrive\Desktop\Cleaned\frontend\nod
e_modules\react-router\lib\components.tsx:421:13)
          at basename (C:\Users\samhe\OneDrive\Desktop\Cleaned\frontend\node_mo
dules\react-router\lib\components.tsx:225:3)

      123 |                     placeholder="email@company.com"
      124 |                     value={email}
    > 125 |                     onChange={(e) => setEmail(e.target.value)}
          |                                      ^
      126 |                     className="w-full rounded-md border 
border-gray-300 px-3 py-2 text-sm focus:outline-none focus:ring-2 
focus:ring-gray-900 disabled:opacity-50"
      127 |                 />
      128 |             </div>

      at printWarning 
(node_modules/react-dom/cjs/react-dom.development.js:86:30)
      at error (node_modules/react-dom/cjs/react-dom.development.js:60:7)
      at warnIfUpdatesNotWrappedWithActDEV 
(node_modules/react-dom/cjs/react-dom.development.js:27628:9)
      at scheduleUpdateOnFiber 
(node_modules/react-dom/cjs/react-dom.development.js:25547:5)
      at dispatchSetState 
(node_modules/react-dom/cjs/react-dom.development.js:16708:7)
      at onChange (src/auth/LoginForm/LoginForm.tsx:125:38)
      at HTMLUnknownElement.callCallback 
(node_modules/react-dom/cjs/react-dom.development.js:4164:14)
      at HTMLUnknownElement.callTheUserObjectsOperation 
(node_modules/jsdom/lib/jsdom/living/generated/EventListener.js:26:30)
      at innerInvokeEventListeners 
(node_modules/jsdom/lib/jsdom/living/events/EventTarget-impl.js:350:25)
      at invokeEventListeners 
(node_modules/jsdom/lib/jsdom/living/events/EventTarget-impl.js:286:3)
      at HTMLUnknownElementImpl._dispatch 
(node_modules/jsdom/lib/jsdom/living/events/EventTarget-impl.js:233:9)
      at HTMLUnknownElementImpl.dispatchEvent 
(node_modules/jsdom/lib/jsdom/living/events/EventTarget-impl.js:104:17)
      at HTMLUnknownElement.dispatchEvent 
(node_modules/jsdom/lib/jsdom/living/generated/EventTarget.js:241:34)
      at Object.invokeGuardedCallbackDev 
(node_modules/react-dom/cjs/react-dom.development.js:4213:16)
      at invokeGuardedCallback 
(node_modules/react-dom/cjs/react-dom.development.js:4277:31)
      at invokeGuardedCallbackAndCatchFirstError 
(node_modules/react-dom/cjs/react-dom.development.js:4291:25)
      at executeDispatch 
(node_modules/react-dom/cjs/react-dom.development.js:9041:3)
      at processDispatchQueueItemsInOrder 
(node_modules/react-dom/cjs/react-dom.development.js:9073:7)
      at processDispatchQueue 
(node_modules/react-dom/cjs/react-dom.development.js:9086:5)
      at dispatchEventsForPlugins 
(node_modules/react-dom/cjs/react-dom.development.js:9097:3)
      at node_modules/react-dom/cjs/react-dom.development.js:9288:12
      at batchedUpdates$1 
(node_modules/react-dom/cjs/react-dom.development.js:26179:12)
      at batchedUpdates 
(node_modules/react-dom/cjs/react-dom.development.js:3991:12)
      at dispatchEventForPluginEventSystem 
(node_modules/react-dom/cjs/react-dom.development.js:9287:3)
      at dispatchEventWithEnableCapturePhaseSelectiveHydrationWithoutDiscreteEv
entReplay (node_modules/react-dom/cjs/react-dom.development.js:6465:5)
      at dispatchEvent 
(node_modules/react-dom/cjs/react-dom.development.js:6457:5)
      at dispatchDiscreteEvent 
(node_modules/react-dom/cjs/react-dom.development.js:6430:5)
      at HTMLDivElement.callTheUserObjectsOperation 
(node_modules/jsdom/lib/jsdom/living/generated/EventListener.js:26:30)
      at innerInvokeEventListeners 
(node_modules/jsdom/lib/jsdom/living/events/EventTarget-impl.js:350:25)
      at invokeEventListeners 
(node_modules/jsdom/lib/jsdom/living/events/EventTarget-impl.js:286:3)
      at HTMLInputElementImpl._dispatch 
(node_modules/jsdom/lib/jsdom/living/events/EventTarget-impl.js:233:9)
      at HTMLInputElementImpl.dispatchEvent 
(node_modules/jsdom/lib/jsdom/living/events/EventTarget-impl.js:104:17)
      at HTMLInputElement.dispatchEvent 
(node_modules/jsdom/lib/jsdom/living/generated/EventTarget.js:241:34)
      at 
node_modules/@testing-library/user-event/dist/cjs/event/dispatchEvent.js:45:43
      at Object.eventWrapper 
(node_modules/@testing-library/dom/dist/config.js:25:23)
      at Object.wrapEvent 
(node_modules/@testing-library/user-event/dist/cjs/event/wrapEvent.js:6:28)
      at Object.dispatchEvent (node_modules/@testing-library/user-event/dist/cj
s/event/dispatchEvent.js:45:22)
      at Object.dispatchUIEvent (node_modules/@testing-library/user-event/dist/
cjs/event/dispatchEvent.js:22:26)
      at commitInput 
(node_modules/@testing-library/user-event/dist/cjs/event/input.js:145:14)
      at editInputElement 
(node_modules/@testing-library/user-event/dist/cjs/event/input.js:115:9)
      at Object.input 
(node_modules/@testing-library/user-event/dist/cjs/event/input.js:37:9)
      at node_modules/@testing-library/user-event/dist/cjs/event/behavior/keypr
ess.js:31:26
      at Object.dispatchEvent (node_modules/@testing-library/user-event/dist/cj
s/event/dispatchEvent.js:41:13)
      at Object.dispatchUIEvent (node_modules/@testing-library/user-event/dist/
cjs/event/dispatchEvent.js:22:26)
      at KeyboardHost.keydown 
(node_modules/@testing-library/user-event/dist/cjs/system/keyboard.js:76:22)
      at keyboardAction 
(node_modules/@testing-library/user-event/dist/cjs/keyboard/index.js:22:35)
      at Object.keyboard 
(node_modules/@testing-library/user-event/dist/cjs/keyboard/index.js:11:15)
      at Object.type 
(node_modules/@testing-library/user-event/dist/cjs/utility/type.js:17:5)
      at Object.<anonymous> (src/auth/auth.test.tsx:192:9)

    console.error
      Warning: An update to LoginForm inside a test was not wrapped in 
act(...).
      
      When testing, code that causes React state updates should be wrapped 
into act(...):
      
      act(() => {
        /* fire events that update state */
      });
      /* assert on the output */
      
      This ensures that you're testing the behavior the user would see in the 
browser. Learn more at https://reactjs.org/link/wrap-tests-with-act
          at LoginForm (C:\Users\samhe\OneDrive\Desktop\Cleaned\frontend\src\au
th\LoginForm\LoginForm.tsx:41:33)
          at div
          at div
          at LoginPage
          at routeContext (C:\Users\samhe\OneDrive\Desktop\Cleaned\frontend\nod
e_modules\react-router\lib\hooks.tsx:658:26)
          at children (C:\Users\samhe\OneDrive\Desktop\Cleaned\frontend\node_mo
dules\react-router\lib\components.tsx:512:3)
          at basenameProp (C:\Users\samhe\OneDrive\Desktop\Cleaned\frontend\nod
e_modules\react-router\lib\components.tsx:421:13)
          at basename (C:\Users\samhe\OneDrive\Desktop\Cleaned\frontend\node_mo
dules\react-router\lib\components.tsx:225:3)

      123 |                     placeholder="email@company.com"
      124 |                     value={email}
    > 125 |                     onChange={(e) => setEmail(e.target.value)}
          |                                      ^
      126 |                     className="w-full rounded-md border 
border-gray-300 px-3 py-2 text-sm focus:outline-none focus:ring-2 
focus:ring-gray-900 disabled:opacity-50"
      127 |                 />
      128 |             </div>

      at printWarning 
(node_modules/react-dom/cjs/react-dom.development.js:86:30)
      at error (node_modules/react-dom/cjs/react-dom.development.js:60:7)
      at warnIfUpdatesNotWrappedWithActDEV 
(node_modules/react-dom/cjs/react-dom.development.js:27628:9)
      at scheduleUpdateOnFiber 
(node_modules/react-dom/cjs/react-dom.development.js:25547:5)
      at dispatchSetState 
(node_modules/react-dom/cjs/react-dom.development.js:16708:7)
      at onChange (src/auth/LoginForm/LoginForm.tsx:125:38)
      at HTMLUnknownElement.callCallback 
(node_modules/react-dom/cjs/react-dom.development.js:4164:14)
      at HTMLUnknownElement.callTheUserObjectsOperation 
(node_modules/jsdom/lib/jsdom/living/generated/EventListener.js:26:30)
      at innerInvokeEventListeners 
(node_modules/jsdom/lib/jsdom/living/events/EventTarget-impl.js:350:25)
      at invokeEventListeners 
(node_modules/jsdom/lib/jsdom/living/events/EventTarget-impl.js:286:3)
      at HTMLUnknownElementImpl._dispatch 
(node_modules/jsdom/lib/jsdom/living/events/EventTarget-impl.js:233:9)
      at HTMLUnknownElementImpl.dispatchEvent 
(node_modules/jsdom/lib/jsdom/living/events/EventTarget-impl.js:104:17)
      at HTMLUnknownElement.dispatchEvent 
(node_modules/jsdom/lib/jsdom/living/generated/EventTarget.js:241:34)
      at Object.invokeGuardedCallbackDev 
(node_modules/react-dom/cjs/react-dom.development.js:4213:16)
      at invokeGuardedCallback 
(node_modules/react-dom/cjs/react-dom.development.js:4277:31)
      at invokeGuardedCallbackAndCatchFirstError 
(node_modules/react-dom/cjs/react-dom.development.js:4291:25)
      at executeDispatch 
(node_modules/react-dom/cjs/react-dom.development.js:9041:3)
      at processDispatchQueueItemsInOrder 
(node_modules/react-dom/cjs/react-dom.development.js:9073:7)
      at processDispatchQueue 
(node_modules/react-dom/cjs/react-dom.development.js:9086:5)
      at dispatchEventsForPlugins 
(node_modules/react-dom/cjs/react-dom.development.js:9097:3)
      at node_modules/react-dom/cjs/react-dom.development.js:9288:12
      at batchedUpdates$1 
(node_modules/react-dom/cjs/react-dom.development.js:26179:12)
      at batchedUpdates 
(node_modules/react-dom/cjs/react-dom.development.js:3991:12)
      at dispatchEventForPluginEventSystem 
(node_modules/react-dom/cjs/react-dom.development.js:9287:3)
      at dispatchEventWithEnableCapturePhaseSelectiveHydrationWithoutDiscreteEv
entReplay (node_modules/react-dom/cjs/react-dom.development.js:6465:5)
      at dispatchEvent 
(node_modules/react-dom/cjs/react-dom.development.js:6457:5)
      at dispatchDiscreteEvent 
(node_modules/react-dom/cjs/react-dom.development.js:6430:5)
      at HTMLDivElement.callTheUserObjectsOperation 
(node_modules/jsdom/lib/jsdom/living/generated/EventListener.js:26:30)
      at innerInvokeEventListeners 
(node_modules/jsdom/lib/jsdom/living/events/EventTarget-impl.js:350:25)
      at invokeEventListeners 
(node_modules/jsdom/lib/jsdom/living/events/EventTarget-impl.js:286:3)
      at HTMLInputElementImpl._dispatch 
(node_modules/jsdom/lib/jsdom/living/events/EventTarget-impl.js:233:9)
      at HTMLInputElementImpl.dispatchEvent 
(node_modules/jsdom/lib/jsdom/living/events/EventTarget-impl.js:104:17)
      at HTMLInputElement.dispatchEvent 
(node_modules/jsdom/lib/jsdom/living/generated/EventTarget.js:241:34)
      at 
node_modules/@testing-library/user-event/dist/cjs/event/dispatchEvent.js:45:43
      at Object.eventWrapper 
(node_modules/@testing-library/dom/dist/config.js:25:23)
      at Object.wrapEvent 
(node_modules/@testing-library/user-event/dist/cjs/event/wrapEvent.js:6:28)
      at Object.dispatchEvent (node_modules/@testing-library/user-event/dist/cj
s/event/dispatchEvent.js:45:22)
      at Object.dispatchUIEvent (node_modules/@testing-library/user-event/dist/
cjs/event/dispatchEvent.js:22:26)
      at commitInput 
(node_modules/@testing-library/user-event/dist/cjs/event/input.js:145:14)
      at editInputElement 
(node_modules/@testing-library/user-event/dist/cjs/event/input.js:115:9)
      at Object.input 
(node_modules/@testing-library/user-event/dist/cjs/event/input.js:37:9)
      at node_modules/@testing-library/user-event/dist/cjs/event/behavior/keypr
ess.js:31:26
      at Object.dispatchEvent (node_modules/@testing-library/user-event/dist/cj
s/event/dispatchEvent.js:41:13)
      at Object.dispatchUIEvent (node_modules/@testing-library/user-event/dist/
cjs/event/dispatchEvent.js:22:26)
      at KeyboardHost.keydown 
(node_modules/@testing-library/user-event/dist/cjs/system/keyboard.js:76:22)
      at keyboardAction 
(node_modules/@testing-library/user-event/dist/cjs/keyboard/index.js:22:35)
      at Object.keyboard 
(node_modules/@testing-library/user-event/dist/cjs/keyboard/index.js:11:15)
      at Object.type 
(node_modules/@testing-library/user-event/dist/cjs/utility/type.js:17:5)
      at Object.<anonymous> (src/auth/auth.test.tsx:192:9)

    console.error
      Warning: An update to LoginForm inside a test was not wrapped in 
act(...).
      
      When testing, code that causes React state updates should be wrapped 
into act(...):
      
      act(() => {
        /* fire events that update state */
      });
      /* assert on the output */
      
      This ensures that you're testing the behavior the user would see in the 
browser. Learn more at https://reactjs.org/link/wrap-tests-with-act
          at LoginForm (C:\Users\samhe\OneDrive\Desktop\Cleaned\frontend\src\au
th\LoginForm\LoginForm.tsx:41:33)
          at div
          at div
          at LoginPage
          at routeContext (C:\Users\samhe\OneDrive\Desktop\Cleaned\frontend\nod
e_modules\react-router\lib\hooks.tsx:658:26)
          at children (C:\Users\samhe\OneDrive\Desktop\Cleaned\frontend\node_mo
dules\react-router\lib\components.tsx:512:3)
          at basenameProp (C:\Users\samhe\OneDrive\Desktop\Cleaned\frontend\nod
e_modules\react-router\lib\components.tsx:421:13)
          at basename (C:\Users\samhe\OneDrive\Desktop\Cleaned\frontend\node_mo
dules\react-router\lib\components.tsx:225:3)

      123 |                     placeholder="email@company.com"
      124 |                     value={email}
    > 125 |                     onChange={(e) => setEmail(e.target.value)}
          |                                      ^
      126 |                     className="w-full rounded-md border 
border-gray-300 px-3 py-2 text-sm focus:outline-none focus:ring-2 
focus:ring-gray-900 disabled:opacity-50"
      127 |                 />
      128 |             </div>

      at printWarning 
(node_modules/react-dom/cjs/react-dom.development.js:86:30)
      at error (node_modules/react-dom/cjs/react-dom.development.js:60:7)
      at warnIfUpdatesNotWrappedWithActDEV 
(node_modules/react-dom/cjs/react-dom.development.js:27628:9)
      at scheduleUpdateOnFiber 
(node_modules/react-dom/cjs/react-dom.development.js:25547:5)
      at dispatchSetState 
(node_modules/react-dom/cjs/react-dom.development.js:16708:7)
      at onChange (src/auth/LoginForm/LoginForm.tsx:125:38)
      at HTMLUnknownElement.callCallback 
(node_modules/react-dom/cjs/react-dom.development.js:4164:14)
      at HTMLUnknownElement.callTheUserObjectsOperation 
(node_modules/jsdom/lib/jsdom/living/generated/EventListener.js:26:30)
      at innerInvokeEventListeners 
(node_modules/jsdom/lib/jsdom/living/events/EventTarget-impl.js:350:25)
      at invokeEventListeners 
(node_modules/jsdom/lib/jsdom/living/events/EventTarget-impl.js:286:3)
      at HTMLUnknownElementImpl._dispatch 
(node_modules/jsdom/lib/jsdom/living/events/EventTarget-impl.js:233:9)
      at HTMLUnknownElementImpl.dispatchEvent 
(node_modules/jsdom/lib/jsdom/living/events/EventTarget-impl.js:104:17)
      at HTMLUnknownElement.dispatchEvent 
(node_modules/jsdom/lib/jsdom/living/generated/EventTarget.js:241:34)
      at Object.invokeGuardedCallbackDev 
(node_modules/react-dom/cjs/react-dom.development.js:4213:16)
      at invokeGuardedCallback 
(node_modules/react-dom/cjs/react-dom.development.js:4277:31)
      at invokeGuardedCallbackAndCatchFirstError 
(node_modules/react-dom/cjs/react-dom.development.js:4291:25)
      at executeDispatch 
(node_modules/react-dom/cjs/react-dom.development.js:9041:3)
      at processDispatchQueueItemsInOrder 
(node_modules/react-dom/cjs/react-dom.development.js:9073:7)
      at processDispatchQueue 
(node_modules/react-dom/cjs/react-dom.development.js:9086:5)
      at dispatchEventsForPlugins 
(node_modules/react-dom/cjs/react-dom.development.js:9097:3)
      at node_modules/react-dom/cjs/react-dom.development.js:9288:12
      at batchedUpdates$1 
(node_modules/react-dom/cjs/react-dom.development.js:26179:12)
      at batchedUpdates 
(node_modules/react-dom/cjs/react-dom.development.js:3991:12)
      at dispatchEventForPluginEventSystem 
(node_modules/react-dom/cjs/react-dom.development.js:9287:3)
      at dispatchEventWithEnableCapturePhaseSelectiveHydrationWithoutDiscreteEv
entReplay (node_modules/react-dom/cjs/react-dom.development.js:6465:5)
      at dispatchEvent 
(node_modules/react-dom/cjs/react-dom.development.js:6457:5)
      at dispatchDiscreteEvent 
(node_modules/react-dom/cjs/react-dom.development.js:6430:5)
      at HTMLDivElement.callTheUserObjectsOperation 
(node_modules/jsdom/lib/jsdom/living/generated/EventListener.js:26:30)
      at innerInvokeEventListeners 
(node_modules/jsdom/lib/jsdom/living/events/EventTarget-impl.js:350:25)
      at invokeEventListeners 
(node_modules/jsdom/lib/jsdom/living/events/EventTarget-impl.js:286:3)
      at HTMLInputElementImpl._dispatch 
(node_modules/jsdom/lib/jsdom/living/events/EventTarget-impl.js:233:9)
      at HTMLInputElementImpl.dispatchEvent 
(node_modules/jsdom/lib/jsdom/living/events/EventTarget-impl.js:104:17)
      at HTMLInputElement.dispatchEvent 
(node_modules/jsdom/lib/jsdom/living/generated/EventTarget.js:241:34)
      at 
node_modules/@testing-library/user-event/dist/cjs/event/dispatchEvent.js:45:43
      at Object.eventWrapper 
(node_modules/@testing-library/dom/dist/config.js:25:23)
      at Object.wrapEvent 
(node_modules/@testing-library/user-event/dist/cjs/event/wrapEvent.js:6:28)
      at Object.dispatchEvent (node_modules/@testing-library/user-event/dist/cj
s/event/dispatchEvent.js:45:22)
      at Object.dispatchUIEvent (node_modules/@testing-library/user-event/dist/
cjs/event/dispatchEvent.js:22:26)
      at commitInput 
(node_modules/@testing-library/user-event/dist/cjs/event/input.js:145:14)
      at editInputElement 
(node_modules/@testing-library/user-event/dist/cjs/event/input.js:115:9)
      at Object.input 
(node_modules/@testing-library/user-event/dist/cjs/event/input.js:37:9)
      at node_modules/@testing-library/user-event/dist/cjs/event/behavior/keypr
ess.js:31:26
      at Object.dispatchEvent (node_modules/@testing-library/user-event/dist/cj
s/event/dispatchEvent.js:41:13)
      at Object.dispatchUIEvent (node_modules/@testing-library/user-event/dist/
cjs/event/dispatchEvent.js:22:26)
      at KeyboardHost.keydown 
(node_modules/@testing-library/user-event/dist/cjs/system/keyboard.js:76:22)
      at keyboardAction 
(node_modules/@testing-library/user-event/dist/cjs/keyboard/index.js:22:35)
      at Object.keyboard 
(node_modules/@testing-library/user-event/dist/cjs/keyboard/index.js:11:15)
      at Object.type 
(node_modules/@testing-library/user-event/dist/cjs/utility/type.js:17:5)
      at Object.<anonymous> (src/auth/auth.test.tsx:192:9)

    console.error
      Warning: An update to LoginForm inside a test was not wrapped in 
act(...).
      
      When testing, code that causes React state updates should be wrapped 
into act(...):
      
      act(() => {
        /* fire events that update state */
      });
      /* assert on the output */
      
      This ensures that you're testing the behavior the user would see in the 
browser. Learn more at https://reactjs.org/link/wrap-tests-with-act
          at LoginForm (C:\Users\samhe\OneDrive\Desktop\Cleaned\frontend\src\au
th\LoginForm\LoginForm.tsx:41:33)
          at div
          at div
          at LoginPage
          at routeContext (C:\Users\samhe\OneDrive\Desktop\Cleaned\frontend\nod
e_modules\react-router\lib\hooks.tsx:658:26)
          at children (C:\Users\samhe\OneDrive\Desktop\Cleaned\frontend\node_mo
dules\react-router\lib\components.tsx:512:3)
          at basenameProp (C:\Users\samhe\OneDrive\Desktop\Cleaned\frontend\nod
e_modules\react-router\lib\components.tsx:421:13)
          at basename (C:\Users\samhe\OneDrive\Desktop\Cleaned\frontend\node_mo
dules\react-router\lib\components.tsx:225:3)

      123 |                     placeholder="email@company.com"
      124 |                     value={email}
    > 125 |                     onChange={(e) => setEmail(e.target.value)}
          |                                      ^
      126 |                     className="w-full rounded-md border 
border-gray-300 px-3 py-2 text-sm focus:outline-none focus:ring-2 
focus:ring-gray-900 disabled:opacity-50"
      127 |                 />
      128 |             </div>

      at printWarning 
(node_modules/react-dom/cjs/react-dom.development.js:86:30)
      at error (node_modules/react-dom/cjs/react-dom.development.js:60:7)
      at warnIfUpdatesNotWrappedWithActDEV 
(node_modules/react-dom/cjs/react-dom.development.js:27628:9)
      at scheduleUpdateOnFiber 
(node_modules/react-dom/cjs/react-dom.development.js:25547:5)
      at dispatchSetState 
(node_modules/react-dom/cjs/react-dom.development.js:16708:7)
      at onChange (src/auth/LoginForm/LoginForm.tsx:125:38)
      at HTMLUnknownElement.callCallback 
(node_modules/react-dom/cjs/react-dom.development.js:4164:14)
      at HTMLUnknownElement.callTheUserObjectsOperation 
(node_modules/jsdom/lib/jsdom/living/generated/EventListener.js:26:30)
      at innerInvokeEventListeners 
(node_modules/jsdom/lib/jsdom/living/events/EventTarget-impl.js:350:25)
      at invokeEventListeners 
(node_modules/jsdom/lib/jsdom/living/events/EventTarget-impl.js:286:3)
      at HTMLUnknownElementImpl._dispatch 
(node_modules/jsdom/lib/jsdom/living/events/EventTarget-impl.js:233:9)
      at HTMLUnknownElementImpl.dispatchEvent 
(node_modules/jsdom/lib/jsdom/living/events/EventTarget-impl.js:104:17)
      at HTMLUnknownElement.dispatchEvent 
(node_modules/jsdom/lib/jsdom/living/generated/EventTarget.js:241:34)
      at Object.invokeGuardedCallbackDev 
(node_modules/react-dom/cjs/react-dom.development.js:4213:16)
      at invokeGuardedCallback 
(node_modules/react-dom/cjs/react-dom.development.js:4277:31)
      at invokeGuardedCallbackAndCatchFirstError 
(node_modules/react-dom/cjs/react-dom.development.js:4291:25)
      at executeDispatch 
(node_modules/react-dom/cjs/react-dom.development.js:9041:3)
      at processDispatchQueueItemsInOrder 
(node_modules/react-dom/cjs/react-dom.development.js:9073:7)
      at processDispatchQueue 
(node_modules/react-dom/cjs/react-dom.development.js:9086:5)
      at dispatchEventsForPlugins 
(node_modules/react-dom/cjs/react-dom.development.js:9097:3)
      at node_modules/react-dom/cjs/react-dom.development.js:9288:12
      at batchedUpdates$1 
(node_modules/react-dom/cjs/react-dom.development.js:26179:12)
      at batchedUpdates 
(node_modules/react-dom/cjs/react-dom.development.js:3991:12)
      at dispatchEventForPluginEventSystem 
(node_modules/react-dom/cjs/react-dom.development.js:9287:3)
      at dispatchEventWithEnableCapturePhaseSelectiveHydrationWithoutDiscreteEv
entReplay (node_modules/react-dom/cjs/react-dom.development.js:6465:5)
      at dispatchEvent 
(node_modules/react-dom/cjs/react-dom.development.js:6457:5)
      at dispatchDiscreteEvent 
(node_modules/react-dom/cjs/react-dom.development.js:6430:5)
      at HTMLDivElement.callTheUserObjectsOperation 
(node_modules/jsdom/lib/jsdom/living/generated/EventListener.js:26:30)
      at innerInvokeEventListeners 
(node_modules/jsdom/lib/jsdom/living/events/EventTarget-impl.js:350:25)
      at invokeEventListeners 
(node_modules/jsdom/lib/jsdom/living/events/EventTarget-impl.js:286:3)
      at HTMLInputElementImpl._dispatch 
(node_modules/jsdom/lib/jsdom/living/events/EventTarget-impl.js:233:9)
      at HTMLInputElementImpl.dispatchEvent 
(node_modules/jsdom/lib/jsdom/living/events/EventTarget-impl.js:104:17)
      at HTMLInputElement.dispatchEvent 
(node_modules/jsdom/lib/jsdom/living/generated/EventTarget.js:241:34)
      at 
node_modules/@testing-library/user-event/dist/cjs/event/dispatchEvent.js:45:43
      at Object.eventWrapper 
(node_modules/@testing-library/dom/dist/config.js:25:23)
      at Object.wrapEvent 
(node_modules/@testing-library/user-event/dist/cjs/event/wrapEvent.js:6:28)
      at Object.dispatchEvent (node_modules/@testing-library/user-event/dist/cj
s/event/dispatchEvent.js:45:22)
      at Object.dispatchUIEvent (node_modules/@testing-library/user-event/dist/
cjs/event/dispatchEvent.js:22:26)
      at commitInput 
(node_modules/@testing-library/user-event/dist/cjs/event/input.js:145:14)
      at editInputElement 
(node_modules/@testing-library/user-event/dist/cjs/event/input.js:115:9)
      at Object.input 
(node_modules/@testing-library/user-event/dist/cjs/event/input.js:37:9)
      at node_modules/@testing-library/user-event/dist/cjs/event/behavior/keypr
ess.js:31:26
      at Object.dispatchEvent (node_modules/@testing-library/user-event/dist/cj
s/event/dispatchEvent.js:41:13)
      at Object.dispatchUIEvent (node_modules/@testing-library/user-event/dist/
cjs/event/dispatchEvent.js:22:26)
      at KeyboardHost.keydown 
(node_modules/@testing-library/user-event/dist/cjs/system/keyboard.js:76:22)
      at keyboardAction 
(node_modules/@testing-library/user-event/dist/cjs/keyboard/index.js:22:35)
      at Object.keyboard 
(node_modules/@testing-library/user-event/dist/cjs/keyboard/index.js:11:15)
      at Object.type 
(node_modules/@testing-library/user-event/dist/cjs/utility/type.js:17:5)
      at Object.<anonymous> (src/auth/auth.test.tsx:192:9)

    console.error
      Warning: An update to LoginForm inside a test was not wrapped in 
act(...).
      
      When testing, code that causes React state updates should be wrapped 
into act(...):
      
      act(() => {
        /* fire events that update state */
      });
      /* assert on the output */
      
      This ensures that you're testing the behavior the user would see in the 
browser. Learn more at https://reactjs.org/link/wrap-tests-with-act
          at LoginForm (C:\Users\samhe\OneDrive\Desktop\Cleaned\frontend\src\au
th\LoginForm\LoginForm.tsx:41:33)
          at div
          at div
          at LoginPage
          at routeContext (C:\Users\samhe\OneDrive\Desktop\Cleaned\frontend\nod
e_modules\react-router\lib\hooks.tsx:658:26)
          at children (C:\Users\samhe\OneDrive\Desktop\Cleaned\frontend\node_mo
dules\react-router\lib\components.tsx:512:3)
          at basenameProp (C:\Users\samhe\OneDrive\Desktop\Cleaned\frontend\nod
e_modules\react-router\lib\components.tsx:421:13)
          at basename (C:\Users\samhe\OneDrive\Desktop\Cleaned\frontend\node_mo
dules\react-router\lib\components.tsx:225:3)

      123 |                     placeholder="email@company.com"
      124 |                     value={email}
    > 125 |                     onChange={(e) => setEmail(e.target.value)}
          |                                      ^
      126 |                     className="w-full rounded-md border 
border-gray-300 px-3 py-2 text-sm focus:outline-none focus:ring-2 
focus:ring-gray-900 disabled:opacity-50"
      127 |                 />
      128 |             </div>

      at printWarning 
(node_modules/react-dom/cjs/react-dom.development.js:86:30)
      at error (node_modules/react-dom/cjs/react-dom.development.js:60:7)
      at warnIfUpdatesNotWrappedWithActDEV 
(node_modules/react-dom/cjs/react-dom.development.js:27628:9)
      at scheduleUpdateOnFiber 
(node_modules/react-dom/cjs/react-dom.development.js:25547:5)
      at dispatchSetState 
(node_modules/react-dom/cjs/react-dom.development.js:16708:7)
      at onChange (src/auth/LoginForm/LoginForm.tsx:125:38)
      at HTMLUnknownElement.callCallback 
(node_modules/react-dom/cjs/react-dom.development.js:4164:14)
      at HTMLUnknownElement.callTheUserObjectsOperation 
(node_modules/jsdom/lib/jsdom/living/generated/EventListener.js:26:30)
      at innerInvokeEventListeners 
(node_modules/jsdom/lib/jsdom/living/events/EventTarget-impl.js:350:25)
      at invokeEventListeners 
(node_modules/jsdom/lib/jsdom/living/events/EventTarget-impl.js:286:3)
      at HTMLUnknownElementImpl._dispatch 
(node_modules/jsdom/lib/jsdom/living/events/EventTarget-impl.js:233:9)
      at HTMLUnknownElementImpl.dispatchEvent 
(node_modules/jsdom/lib/jsdom/living/events/EventTarget-impl.js:104:17)
      at HTMLUnknownElement.dispatchEvent 
(node_modules/jsdom/lib/jsdom/living/generated/EventTarget.js:241:34)
      at Object.invokeGuardedCallbackDev 
(node_modules/react-dom/cjs/react-dom.development.js:4213:16)
      at invokeGuardedCallback 
(node_modules/react-dom/cjs/react-dom.development.js:4277:31)
      at invokeGuardedCallbackAndCatchFirstError 
(node_modules/react-dom/cjs/react-dom.development.js:4291:25)
      at executeDispatch 
(node_modules/react-dom/cjs/react-dom.development.js:9041:3)
      at processDispatchQueueItemsInOrder 
(node_modules/react-dom/cjs/react-dom.development.js:9073:7)
      at processDispatchQueue 
(node_modules/react-dom/cjs/react-dom.development.js:9086:5)
      at dispatchEventsForPlugins 
(node_modules/react-dom/cjs/react-dom.development.js:9097:3)
      at node_modules/react-dom/cjs/react-dom.development.js:9288:12
      at batchedUpdates$1 
(node_modules/react-dom/cjs/react-dom.development.js:26179:12)
      at batchedUpdates 
(node_modules/react-dom/cjs/react-dom.development.js:3991:12)
      at dispatchEventForPluginEventSystem 
(node_modules/react-dom/cjs/react-dom.development.js:9287:3)
      at dispatchEventWithEnableCapturePhaseSelectiveHydrationWithoutDiscreteEv
entReplay (node_modules/react-dom/cjs/react-dom.development.js:6465:5)
      at dispatchEvent 
(node_modules/react-dom/cjs/react-dom.development.js:6457:5)
      at dispatchDiscreteEvent 
(node_modules/react-dom/cjs/react-dom.development.js:6430:5)
      at HTMLDivElement.callTheUserObjectsOperation 
(node_modules/jsdom/lib/jsdom/living/generated/EventListener.js:26:30)
      at innerInvokeEventListeners 
(node_modules/jsdom/lib/jsdom/living/events/EventTarget-impl.js:350:25)
      at invokeEventListeners 
(node_modules/jsdom/lib/jsdom/living/events/EventTarget-impl.js:286:3)
      at HTMLInputElementImpl._dispatch 
(node_modules/jsdom/lib/jsdom/living/events/EventTarget-impl.js:233:9)
      at HTMLInputElementImpl.dispatchEvent 
(node_modules/jsdom/lib/jsdom/living/events/EventTarget-impl.js:104:17)
      at HTMLInputElement.dispatchEvent 
(node_modules/jsdom/lib/jsdom/living/generated/EventTarget.js:241:34)
      at 
node_modules/@testing-library/user-event/dist/cjs/event/dispatchEvent.js:45:43
      at Object.eventWrapper 
(node_modules/@testing-library/dom/dist/config.js:25:23)
      at Object.wrapEvent 
(node_modules/@testing-library/user-event/dist/cjs/event/wrapEvent.js:6:28)
      at Object.dispatchEvent (node_modules/@testing-library/user-event/dist/cj
s/event/dispatchEvent.js:45:22)
      at Object.dispatchUIEvent (node_modules/@testing-library/user-event/dist/
cjs/event/dispatchEvent.js:22:26)
      at commitInput 
(node_modules/@testing-library/user-event/dist/cjs/event/input.js:145:14)
      at editInputElement 
(node_modules/@testing-library/user-event/dist/cjs/event/input.js:115:9)
      at Object.input 
(node_modules/@testing-library/user-event/dist/cjs/event/input.js:37:9)
      at node_modules/@testing-library/user-event/dist/cjs/event/behavior/keypr
ess.js:31:26
      at Object.dispatchEvent (node_modules/@testing-library/user-event/dist/cj
s/event/dispatchEvent.js:41:13)
      at Object.dispatchUIEvent (node_modules/@testing-library/user-event/dist/
cjs/event/dispatchEvent.js:22:26)
      at KeyboardHost.keydown 
(node_modules/@testing-library/user-event/dist/cjs/system/keyboard.js:76:22)
      at keyboardAction 
(node_modules/@testing-library/user-event/dist/cjs/keyboard/index.js:22:35)
      at Object.keyboard 
(node_modules/@testing-library/user-event/dist/cjs/keyboard/index.js:11:15)
      at Object.type 
(node_modules/@testing-library/user-event/dist/cjs/utility/type.js:17:5)
      at Object.<anonymous> (src/auth/auth.test.tsx:192:9)

    console.error
      Warning: An update to LoginForm inside a test was not wrapped in 
act(...).
      
      When testing, code that causes React state updates should be wrapped 
into act(...):
      
      act(() => {
        /* fire events that update state */
      });
      /* assert on the output */
      
      This ensures that you're testing the behavior the user would see in the 
browser. Learn more at https://reactjs.org/link/wrap-tests-with-act
          at LoginForm (C:\Users\samhe\OneDrive\Desktop\Cleaned\frontend\src\au
th\LoginForm\LoginForm.tsx:41:33)
          at div
          at div
          at LoginPage
          at routeContext (C:\Users\samhe\OneDrive\Desktop\Cleaned\frontend\nod
e_modules\react-router\lib\hooks.tsx:658:26)
          at children (C:\Users\samhe\OneDrive\Desktop\Cleaned\frontend\node_mo
dules\react-router\lib\components.tsx:512:3)
          at basenameProp (C:\Users\samhe\OneDrive\Desktop\Cleaned\frontend\nod
e_modules\react-router\lib\components.tsx:421:13)
          at basename (C:\Users\samhe\OneDrive\Desktop\Cleaned\frontend\node_mo
dules\react-router\lib\components.tsx:225:3)

      123 |                     placeholder="email@company.com"
      124 |                     value={email}
    > 125 |                     onChange={(e) => setEmail(e.target.value)}
          |                                      ^
      126 |                     className="w-full rounded-md border 
border-gray-300 px-3 py-2 text-sm focus:outline-none focus:ring-2 
focus:ring-gray-900 disabled:opacity-50"
      127 |                 />
      128 |             </div>

      at printWarning 
(node_modules/react-dom/cjs/react-dom.development.js:86:30)
      at error (node_modules/react-dom/cjs/react-dom.development.js:60:7)
      at warnIfUpdatesNotWrappedWithActDEV 
(node_modules/react-dom/cjs/react-dom.development.js:27628:9)
      at scheduleUpdateOnFiber 
(node_modules/react-dom/cjs/react-dom.development.js:25547:5)
      at dispatchSetState 
(node_modules/react-dom/cjs/react-dom.development.js:16708:7)
      at onChange (src/auth/LoginForm/LoginForm.tsx:125:38)
      at HTMLUnknownElement.callCallback 
(node_modules/react-dom/cjs/react-dom.development.js:4164:14)
      at HTMLUnknownElement.callTheUserObjectsOperation 
(node_modules/jsdom/lib/jsdom/living/generated/EventListener.js:26:30)
      at innerInvokeEventListeners 
(node_modules/jsdom/lib/jsdom/living/events/EventTarget-impl.js:350:25)
      at invokeEventListeners 
(node_modules/jsdom/lib/jsdom/living/events/EventTarget-impl.js:286:3)
      at HTMLUnknownElementImpl._dispatch 
(node_modules/jsdom/lib/jsdom/living/events/EventTarget-impl.js:233:9)
      at HTMLUnknownElementImpl.dispatchEvent 
(node_modules/jsdom/lib/jsdom/living/events/EventTarget-impl.js:104:17)
      at HTMLUnknownElement.dispatchEvent 
(node_modules/jsdom/lib/jsdom/living/generated/EventTarget.js:241:34)
      at Object.invokeGuardedCallbackDev 
(node_modules/react-dom/cjs/react-dom.development.js:4213:16)
      at invokeGuardedCallback 
(node_modules/react-dom/cjs/react-dom.development.js:4277:31)
      at invokeGuardedCallbackAndCatchFirstError 
(node_modules/react-dom/cjs/react-dom.development.js:4291:25)
      at executeDispatch 
(node_modules/react-dom/cjs/react-dom.development.js:9041:3)
      at processDispatchQueueItemsInOrder 
(node_modules/react-dom/cjs/react-dom.development.js:9073:7)
      at processDispatchQueue 
(node_modules/react-dom/cjs/react-dom.development.js:9086:5)
      at dispatchEventsForPlugins 
(node_modules/react-dom/cjs/react-dom.development.js:9097:3)
      at node_modules/react-dom/cjs/react-dom.development.js:9288:12
      at batchedUpdates$1 
(node_modules/react-dom/cjs/react-dom.development.js:26179:12)
      at batchedUpdates 
(node_modules/react-dom/cjs/react-dom.development.js:3991:12)
      at dispatchEventForPluginEventSystem 
(node_modules/react-dom/cjs/react-dom.development.js:9287:3)
      at dispatchEventWithEnableCapturePhaseSelectiveHydrationWithoutDiscreteEv
entReplay (node_modules/react-dom/cjs/react-dom.development.js:6465:5)
      at dispatchEvent 
(node_modules/react-dom/cjs/react-dom.development.js:6457:5)
      at dispatchDiscreteEvent 
(node_modules/react-dom/cjs/react-dom.development.js:6430:5)
      at HTMLDivElement.callTheUserObjectsOperation 
(node_modules/jsdom/lib/jsdom/living/generated/EventListener.js:26:30)
      at innerInvokeEventListeners 
(node_modules/jsdom/lib/jsdom/living/events/EventTarget-impl.js:350:25)
      at invokeEventListeners 
(node_modules/jsdom/lib/jsdom/living/events/EventTarget-impl.js:286:3)
      at HTMLInputElementImpl._dispatch 
(node_modules/jsdom/lib/jsdom/living/events/EventTarget-impl.js:233:9)
      at HTMLInputElementImpl.dispatchEvent 
(node_modules/jsdom/lib/jsdom/living/events/EventTarget-impl.js:104:17)
      at HTMLInputElement.dispatchEvent 
(node_modules/jsdom/lib/jsdom/living/generated/EventTarget.js:241:34)
      at 
node_modules/@testing-library/user-event/dist/cjs/event/dispatchEvent.js:45:43
      at Object.eventWrapper 
(node_modules/@testing-library/dom/dist/config.js:25:23)
      at Object.wrapEvent 
(node_modules/@testing-library/user-event/dist/cjs/event/wrapEvent.js:6:28)
      at Object.dispatchEvent (node_modules/@testing-library/user-event/dist/cj
s/event/dispatchEvent.js:45:22)
      at Object.dispatchUIEvent (node_modules/@testing-library/user-event/dist/
cjs/event/dispatchEvent.js:22:26)
      at commitInput 
(node_modules/@testing-library/user-event/dist/cjs/event/input.js:145:14)
      at editInputElement 
(node_modules/@testing-library/user-event/dist/cjs/event/input.js:115:9)
      at Object.input 
(node_modules/@testing-library/user-event/dist/cjs/event/input.js:37:9)
      at node_modules/@testing-library/user-event/dist/cjs/event/behavior/keypr
ess.js:31:26
      at Object.dispatchEvent (node_modules/@testing-library/user-event/dist/cj
s/event/dispatchEvent.js:41:13)
      at Object.dispatchUIEvent (node_modules/@testing-library/user-event/dist/
cjs/event/dispatchEvent.js:22:26)
      at KeyboardHost.keydown 
(node_modules/@testing-library/user-event/dist/cjs/system/keyboard.js:76:22)
      at keyboardAction 
(node_modules/@testing-library/user-event/dist/cjs/keyboard/index.js:22:35)
      at Object.keyboard 
(node_modules/@testing-library/user-event/dist/cjs/keyboard/index.js:11:15)
      at Object.type 
(node_modules/@testing-library/user-event/dist/cjs/utility/type.js:17:5)
      at Object.<anonymous> (src/auth/auth.test.tsx:192:9)

    console.error
      Warning: An update to LoginForm inside a test was not wrapped in 
act(...).
      
      When testing, code that causes React state updates should be wrapped 
into act(...):
      
      act(() => {
        /* fire events that update state */
      });
      /* assert on the output */
      
      This ensures that you're testing the behavior the user would see in the 
browser. Learn more at https://reactjs.org/link/wrap-tests-with-act
          at LoginForm (C:\Users\samhe\OneDrive\Desktop\Cleaned\frontend\src\au
th\LoginForm\LoginForm.tsx:41:33)
          at div
          at div
          at LoginPage
          at routeContext (C:\Users\samhe\OneDrive\Desktop\Cleaned\frontend\nod
e_modules\react-router\lib\hooks.tsx:658:26)
          at children (C:\Users\samhe\OneDrive\Desktop\Cleaned\frontend\node_mo
dules\react-router\lib\components.tsx:512:3)
          at basenameProp (C:\Users\samhe\OneDrive\Desktop\Cleaned\frontend\nod
e_modules\react-router\lib\components.tsx:421:13)
          at basename (C:\Users\samhe\OneDrive\Desktop\Cleaned\frontend\node_mo
dules\react-router\lib\components.tsx:225:3)

      123 |                     placeholder="email@company.com"
      124 |                     value={email}
    > 125 |                     onChange={(e) => setEmail(e.target.value)}
          |                                      ^
      126 |                     className="w-full rounded-md border 
border-gray-300 px-3 py-2 text-sm focus:outline-none focus:ring-2 
focus:ring-gray-900 disabled:opacity-50"
      127 |                 />
      128 |             </div>

      at printWarning 
(node_modules/react-dom/cjs/react-dom.development.js:86:30)
      at error (node_modules/react-dom/cjs/react-dom.development.js:60:7)
      at warnIfUpdatesNotWrappedWithActDEV 
(node_modules/react-dom/cjs/react-dom.development.js:27628:9)
      at scheduleUpdateOnFiber 
(node_modules/react-dom/cjs/react-dom.development.js:25547:5)
      at dispatchSetState 
(node_modules/react-dom/cjs/react-dom.development.js:16708:7)
      at onChange (src/auth/LoginForm/LoginForm.tsx:125:38)
      at HTMLUnknownElement.callCallback 
(node_modules/react-dom/cjs/react-dom.development.js:4164:14)
      at HTMLUnknownElement.callTheUserObjectsOperation 
(node_modules/jsdom/lib/jsdom/living/generated/EventListener.js:26:30)
      at innerInvokeEventListeners 
(node_modules/jsdom/lib/jsdom/living/events/EventTarget-impl.js:350:25)
      at invokeEventListeners 
(node_modules/jsdom/lib/jsdom/living/events/EventTarget-impl.js:286:3)
      at HTMLUnknownElementImpl._dispatch 
(node_modules/jsdom/lib/jsdom/living/events/EventTarget-impl.js:233:9)
      at HTMLUnknownElementImpl.dispatchEvent 
(node_modules/jsdom/lib/jsdom/living/events/EventTarget-impl.js:104:17)
      at HTMLUnknownElement.dispatchEvent 
(node_modules/jsdom/lib/jsdom/living/generated/EventTarget.js:241:34)
      at Object.invokeGuardedCallbackDev 
(node_modules/react-dom/cjs/react-dom.development.js:4213:16)
      at invokeGuardedCallback 
(node_modules/react-dom/cjs/react-dom.development.js:4277:31)
      at invokeGuardedCallbackAndCatchFirstError 
(node_modules/react-dom/cjs/react-dom.development.js:4291:25)
      at executeDispatch 
(node_modules/react-dom/cjs/react-dom.development.js:9041:3)
      at processDispatchQueueItemsInOrder 
(node_modules/react-dom/cjs/react-dom.development.js:9073:7)
      at processDispatchQueue 
(node_modules/react-dom/cjs/react-dom.development.js:9086:5)
      at dispatchEventsForPlugins 
(node_modules/react-dom/cjs/react-dom.development.js:9097:3)
      at node_modules/react-dom/cjs/react-dom.development.js:9288:12
      at batchedUpdates$1 
(node_modules/react-dom/cjs/react-dom.development.js:26179:12)
      at batchedUpdates 
(node_modules/react-dom/cjs/react-dom.development.js:3991:12)
      at dispatchEventForPluginEventSystem 
(node_modules/react-dom/cjs/react-dom.development.js:9287:3)
      at dispatchEventWithEnableCapturePhaseSelectiveHydrationWithoutDiscreteEv
entReplay (node_modules/react-dom/cjs/react-dom.development.js:6465:5)
      at dispatchEvent 
(node_modules/react-dom/cjs/react-dom.development.js:6457:5)
      at dispatchDiscreteEvent 
(node_modules/react-dom/cjs/react-dom.development.js:6430:5)
      at HTMLDivElement.callTheUserObjectsOperation 
(node_modules/jsdom/lib/jsdom/living/generated/EventListener.js:26:30)
      at innerInvokeEventListeners 
(node_modules/jsdom/lib/jsdom/living/events/EventTarget-impl.js:350:25)
      at invokeEventListeners 
(node_modules/jsdom/lib/jsdom/living/events/EventTarget-impl.js:286:3)
      at HTMLInputElementImpl._dispatch 
(node_modules/jsdom/lib/jsdom/living/events/EventTarget-impl.js:233:9)
      at HTMLInputElementImpl.dispatchEvent 
(node_modules/jsdom/lib/jsdom/living/events/EventTarget-impl.js:104:17)
      at HTMLInputElement.dispatchEvent 
(node_modules/jsdom/lib/jsdom/living/generated/EventTarget.js:241:34)
      at 
node_modules/@testing-library/user-event/dist/cjs/event/dispatchEvent.js:45:43
      at Object.eventWrapper 
(node_modules/@testing-library/dom/dist/config.js:25:23)
      at Object.wrapEvent 
(node_modules/@testing-library/user-event/dist/cjs/event/wrapEvent.js:6:28)
      at Object.dispatchEvent (node_modules/@testing-library/user-event/dist/cj
s/event/dispatchEvent.js:45:22)
      at Object.dispatchUIEvent (node_modules/@testing-library/user-event/dist/
cjs/event/dispatchEvent.js:22:26)
      at commitInput 
(node_modules/@testing-library/user-event/dist/cjs/event/input.js:145:14)
      at editInputElement 
(node_modules/@testing-library/user-event/dist/cjs/event/input.js:115:9)
      at Object.input 
(node_modules/@testing-library/user-event/dist/cjs/event/input.js:37:9)
      at node_modules/@testing-library/user-event/dist/cjs/event/behavior/keypr
ess.js:31:26
      at Object.dispatchEvent (node_modules/@testing-library/user-event/dist/cj
s/event/dispatchEvent.js:41:13)
      at Object.dispatchUIEvent (node_modules/@testing-library/user-event/dist/
cjs/event/dispatchEvent.js:22:26)
      at KeyboardHost.keydown 
(node_modules/@testing-library/user-event/dist/cjs/system/keyboard.js:76:22)
      at keyboardAction 
(node_modules/@testing-library/user-event/dist/cjs/keyboard/index.js:22:35)
      at Object.keyboard 
(node_modules/@testing-library/user-event/dist/cjs/keyboard/index.js:11:15)
      at Object.type 
(node_modules/@testing-library/user-event/dist/cjs/utility/type.js:17:5)
      at Object.<anonymous> (src/auth/auth.test.tsx:192:9)

    console.error
      Warning: An update to LoginForm inside a test was not wrapped in 
act(...).
      
      When testing, code that causes React state updates should be wrapped 
into act(...):
      
      act(() => {
        /* fire events that update state */
      });
      /* assert on the output */
      
      This ensures that you're testing the behavior the user would see in the 
browser. Learn more at https://reactjs.org/link/wrap-tests-with-act
          at LoginForm (C:\Users\samhe\OneDrive\Desktop\Cleaned\frontend\src\au
th\LoginForm\LoginForm.tsx:41:33)
          at div
          at div
          at LoginPage
          at routeContext (C:\Users\samhe\OneDrive\Desktop\Cleaned\frontend\nod
e_modules\react-router\lib\hooks.tsx:658:26)
          at children (C:\Users\samhe\OneDrive\Desktop\Cleaned\frontend\node_mo
dules\react-router\lib\components.tsx:512:3)
          at basenameProp (C:\Users\samhe\OneDrive\Desktop\Cleaned\frontend\nod
e_modules\react-router\lib\components.tsx:421:13)
          at basename (C:\Users\samhe\OneDrive\Desktop\Cleaned\frontend\node_mo
dules\react-router\lib\components.tsx:225:3)

      123 |                     placeholder="email@company.com"
      124 |                     value={email}
    > 125 |                     onChange={(e) => setEmail(e.target.value)}
          |                                      ^
      126 |                     className="w-full rounded-md border 
border-gray-300 px-3 py-2 text-sm focus:outline-none focus:ring-2 
focus:ring-gray-900 disabled:opacity-50"
      127 |                 />
      128 |             </div>

      at printWarning 
(node_modules/react-dom/cjs/react-dom.development.js:86:30)
      at error (node_modules/react-dom/cjs/react-dom.development.js:60:7)
      at warnIfUpdatesNotWrappedWithActDEV 
(node_modules/react-dom/cjs/react-dom.development.js:27628:9)
      at scheduleUpdateOnFiber 
(node_modules/react-dom/cjs/react-dom.development.js:25547:5)
      at dispatchSetState 
(node_modules/react-dom/cjs/react-dom.development.js:16708:7)
      at onChange (src/auth/LoginForm/LoginForm.tsx:125:38)
      at HTMLUnknownElement.callCallback 
(node_modules/react-dom/cjs/react-dom.development.js:4164:14)
      at HTMLUnknownElement.callTheUserObjectsOperation 
(node_modules/jsdom/lib/jsdom/living/generated/EventListener.js:26:30)
      at innerInvokeEventListeners 
(node_modules/jsdom/lib/jsdom/living/events/EventTarget-impl.js:350:25)
      at invokeEventListeners 
(node_modules/jsdom/lib/jsdom/living/events/EventTarget-impl.js:286:3)
      at HTMLUnknownElementImpl._dispatch 
(node_modules/jsdom/lib/jsdom/living/events/EventTarget-impl.js:233:9)
      at HTMLUnknownElementImpl.dispatchEvent 
(node_modules/jsdom/lib/jsdom/living/events/EventTarget-impl.js:104:17)
      at HTMLUnknownElement.dispatchEvent 
(node_modules/jsdom/lib/jsdom/living/generated/EventTarget.js:241:34)
      at Object.invokeGuardedCallbackDev 
(node_modules/react-dom/cjs/react-dom.development.js:4213:16)
      at invokeGuardedCallback 
(node_modules/react-dom/cjs/react-dom.development.js:4277:31)
      at invokeGuardedCallbackAndCatchFirstError 
(node_modules/react-dom/cjs/react-dom.development.js:4291:25)
      at executeDispatch 
(node_modules/react-dom/cjs/react-dom.development.js:9041:3)
      at processDispatchQueueItemsInOrder 
(node_modules/react-dom/cjs/react-dom.development.js:9073:7)
      at processDispatchQueue 
(node_modules/react-dom/cjs/react-dom.development.js:9086:5)
      at dispatchEventsForPlugins 
(node_modules/react-dom/cjs/react-dom.development.js:9097:3)
      at node_modules/react-dom/cjs/react-dom.development.js:9288:12
      at batchedUpdates$1 
(node_modules/react-dom/cjs/react-dom.development.js:26179:12)
      at batchedUpdates 
(node_modules/react-dom/cjs/react-dom.development.js:3991:12)
      at dispatchEventForPluginEventSystem 
(node_modules/react-dom/cjs/react-dom.development.js:9287:3)
      at dispatchEventWithEnableCapturePhaseSelectiveHydrationWithoutDiscreteEv
entReplay (node_modules/react-dom/cjs/react-dom.development.js:6465:5)
      at dispatchEvent 
(node_modules/react-dom/cjs/react-dom.development.js:6457:5)
      at dispatchDiscreteEvent 
(node_modules/react-dom/cjs/react-dom.development.js:6430:5)
      at HTMLDivElement.callTheUserObjectsOperation 
(node_modules/jsdom/lib/jsdom/living/generated/EventListener.js:26:30)
      at innerInvokeEventListeners 
(node_modules/jsdom/lib/jsdom/living/events/EventTarget-impl.js:350:25)
      at invokeEventListeners 
(node_modules/jsdom/lib/jsdom/living/events/EventTarget-impl.js:286:3)
      at HTMLInputElementImpl._dispatch 
(node_modules/jsdom/lib/jsdom/living/events/EventTarget-impl.js:233:9)
      at HTMLInputElementImpl.dispatchEvent 
(node_modules/jsdom/lib/jsdom/living/events/EventTarget-impl.js:104:17)
      at HTMLInputElement.dispatchEvent 
(node_modules/jsdom/lib/jsdom/living/generated/EventTarget.js:241:34)
      at 
node_modules/@testing-library/user-event/dist/cjs/event/dispatchEvent.js:45:43
      at Object.eventWrapper 
(node_modules/@testing-library/dom/dist/config.js:25:23)
      at Object.wrapEvent 
(node_modules/@testing-library/user-event/dist/cjs/event/wrapEvent.js:6:28)
      at Object.dispatchEvent (node_modules/@testing-library/user-event/dist/cj
s/event/dispatchEvent.js:45:22)
      at Object.dispatchUIEvent (node_modules/@testing-library/user-event/dist/
cjs/event/dispatchEvent.js:22:26)
      at commitInput 
(node_modules/@testing-library/user-event/dist/cjs/event/input.js:145:14)
      at editInputElement 
(node_modules/@testing-library/user-event/dist/cjs/event/input.js:115:9)
      at Object.input 
(node_modules/@testing-library/user-event/dist/cjs/event/input.js:37:9)
      at node_modules/@testing-library/user-event/dist/cjs/event/behavior/keypr
ess.js:31:26
      at Object.dispatchEvent (node_modules/@testing-library/user-event/dist/cj
s/event/dispatchEvent.js:41:13)
      at Object.dispatchUIEvent (node_modules/@testing-library/user-event/dist/
cjs/event/dispatchEvent.js:22:26)
      at KeyboardHost.keydown 
(node_modules/@testing-library/user-event/dist/cjs/system/keyboard.js:76:22)
      at keyboardAction 
(node_modules/@testing-library/user-event/dist/cjs/keyboard/index.js:22:35)
      at Object.keyboard 
(node_modules/@testing-library/user-event/dist/cjs/keyboard/index.js:11:15)
      at Object.type 
(node_modules/@testing-library/user-event/dist/cjs/utility/type.js:17:5)
      at Object.<anonymous> (src/auth/auth.test.tsx:192:9)

    console.error
      Warning: An update to LoginForm inside a test was not wrapped in 
act(...).
      
      When testing, code that causes React state updates should be wrapped 
into act(...):
      
      act(() => {
        /* fire events that update state */
      });
      /* assert on the output */
      
      This ensures that you're testing the behavior the user would see in the 
browser. Learn more at https://reactjs.org/link/wrap-tests-with-act
          at LoginForm (C:\Users\samhe\OneDrive\Desktop\Cleaned\frontend\src\au
th\LoginForm\LoginForm.tsx:41:33)
          at div
          at div
          at LoginPage
          at routeContext (C:\Users\samhe\OneDrive\Desktop\Cleaned\frontend\nod
e_modules\react-router\lib\hooks.tsx:658:26)
          at children (C:\Users\samhe\OneDrive\Desktop\Cleaned\frontend\node_mo
dules\react-router\lib\components.tsx:512:3)
          at basenameProp (C:\Users\samhe\OneDrive\Desktop\Cleaned\frontend\nod
e_modules\react-router\lib\components.tsx:421:13)
          at basename (C:\Users\samhe\OneDrive\Desktop\Cleaned\frontend\node_mo
dules\react-router\lib\components.tsx:225:3)

      123 |                     placeholder="email@company.com"
      124 |                     value={email}
    > 125 |                     onChange={(e) => setEmail(e.target.value)}
          |                                      ^
      126 |                     className="w-full rounded-md border 
border-gray-300 px-3 py-2 text-sm focus:outline-none focus:ring-2 
focus:ring-gray-900 disabled:opacity-50"
      127 |                 />
      128 |             </div>

      at printWarning 
(node_modules/react-dom/cjs/react-dom.development.js:86:30)
      at error (node_modules/react-dom/cjs/react-dom.development.js:60:7)
      at warnIfUpdatesNotWrappedWithActDEV 
(node_modules/react-dom/cjs/react-dom.development.js:27628:9)
      at scheduleUpdateOnFiber 
(node_modules/react-dom/cjs/react-dom.development.js:25547:5)
      at dispatchSetState 
(node_modules/react-dom/cjs/react-dom.development.js:16708:7)
      at onChange (src/auth/LoginForm/LoginForm.tsx:125:38)
      at HTMLUnknownElement.callCallback 
(node_modules/react-dom/cjs/react-dom.development.js:4164:14)
      at HTMLUnknownElement.callTheUserObjectsOperation 
(node_modules/jsdom/lib/jsdom/living/generated/EventListener.js:26:30)
      at innerInvokeEventListeners 
(node_modules/jsdom/lib/jsdom/living/events/EventTarget-impl.js:350:25)
      at invokeEventListeners 
(node_modules/jsdom/lib/jsdom/living/events/EventTarget-impl.js:286:3)
      at HTMLUnknownElementImpl._dispatch 
(node_modules/jsdom/lib/jsdom/living/events/EventTarget-impl.js:233:9)
      at HTMLUnknownElementImpl.dispatchEvent 
(node_modules/jsdom/lib/jsdom/living/events/EventTarget-impl.js:104:17)
      at HTMLUnknownElement.dispatchEvent 
(node_modules/jsdom/lib/jsdom/living/generated/EventTarget.js:241:34)
      at Object.invokeGuardedCallbackDev 
(node_modules/react-dom/cjs/react-dom.development.js:4213:16)
      at invokeGuardedCallback 
(node_modules/react-dom/cjs/react-dom.development.js:4277:31)
      at invokeGuardedCallbackAndCatchFirstError 
(node_modules/react-dom/cjs/react-dom.development.js:4291:25)
      at executeDispatch 
(node_modules/react-dom/cjs/react-dom.development.js:9041:3)
      at processDispatchQueueItemsInOrder 
(node_modules/react-dom/cjs/react-dom.development.js:9073:7)
      at processDispatchQueue 
(node_modules/react-dom/cjs/react-dom.development.js:9086:5)
      at dispatchEventsForPlugins 
(node_modules/react-dom/cjs/react-dom.development.js:9097:3)
      at node_modules/react-dom/cjs/react-dom.development.js:9288:12
      at batchedUpdates$1 
(node_modules/react-dom/cjs/react-dom.development.js:26179:12)
      at batchedUpdates 
(node_modules/react-dom/cjs/react-dom.development.js:3991:12)
      at dispatchEventForPluginEventSystem 
(node_modules/react-dom/cjs/react-dom.development.js:9287:3)
      at dispatchEventWithEnableCapturePhaseSelectiveHydrationWithoutDiscreteEv
entReplay (node_modules/react-dom/cjs/react-dom.development.js:6465:5)
      at dispatchEvent 
(node_modules/react-dom/cjs/react-dom.development.js:6457:5)
      at dispatchDiscreteEvent 
(node_modules/react-dom/cjs/react-dom.development.js:6430:5)
      at HTMLDivElement.callTheUserObjectsOperation 
(node_modules/jsdom/lib/jsdom/living/generated/EventListener.js:26:30)
      at innerInvokeEventListeners 
(node_modules/jsdom/lib/jsdom/living/events/EventTarget-impl.js:350:25)
      at invokeEventListeners 
(node_modules/jsdom/lib/jsdom/living/events/EventTarget-impl.js:286:3)
      at HTMLInputElementImpl._dispatch 
(node_modules/jsdom/lib/jsdom/living/events/EventTarget-impl.js:233:9)
      at HTMLInputElementImpl.dispatchEvent 
(node_modules/jsdom/lib/jsdom/living/events/EventTarget-impl.js:104:17)
      at HTMLInputElement.dispatchEvent 
(node_modules/jsdom/lib/jsdom/living/generated/EventTarget.js:241:34)
      at 
node_modules/@testing-library/user-event/dist/cjs/event/dispatchEvent.js:45:43
      at Object.eventWrapper 
(node_modules/@testing-library/dom/dist/config.js:25:23)
      at Object.wrapEvent 
(node_modules/@testing-library/user-event/dist/cjs/event/wrapEvent.js:6:28)
      at Object.dispatchEvent (node_modules/@testing-library/user-event/dist/cj
s/event/dispatchEvent.js:45:22)
      at Object.dispatchUIEvent (node_modules/@testing-library/user-event/dist/
cjs/event/dispatchEvent.js:22:26)
      at commitInput 
(node_modules/@testing-library/user-event/dist/cjs/event/input.js:145:14)
      at editInputElement 
(node_modules/@testing-library/user-event/dist/cjs/event/input.js:115:9)
      at Object.input 
(node_modules/@testing-library/user-event/dist/cjs/event/input.js:37:9)
      at node_modules/@testing-library/user-event/dist/cjs/event/behavior/keypr
ess.js:31:26
      at Object.dispatchEvent (node_modules/@testing-library/user-event/dist/cj
s/event/dispatchEvent.js:41:13)
      at Object.dispatchUIEvent (node_modules/@testing-library/user-event/dist/
cjs/event/dispatchEvent.js:22:26)
      at KeyboardHost.keydown 
(node_modules/@testing-library/user-event/dist/cjs/system/keyboard.js:76:22)
      at keyboardAction 
(node_modules/@testing-library/user-event/dist/cjs/keyboard/index.js:22:35)
      at Object.keyboard 
(node_modules/@testing-library/user-event/dist/cjs/keyboard/index.js:11:15)
      at Object.type 
(node_modules/@testing-library/user-event/dist/cjs/utility/type.js:17:5)
      at Object.<anonymous> (src/auth/auth.test.tsx:192:9)

    console.error
      Warning: An update to LoginForm inside a test was not wrapped in 
act(...).
      
      When testing, code that causes React state updates should be wrapped 
into act(...):
      
      act(() => {
        /* fire events that update state */
      });
      /* assert on the output */
      
      This ensures that you're testing the behavior the user would see in the 
browser. Learn more at https://reactjs.org/link/wrap-tests-with-act
          at LoginForm (C:\Users\samhe\OneDrive\Desktop\Cleaned\frontend\src\au
th\LoginForm\LoginForm.tsx:41:33)
          at div
          at div
          at LoginPage
          at routeContext (C:\Users\samhe\OneDrive\Desktop\Cleaned\frontend\nod
e_modules\react-router\lib\hooks.tsx:658:26)
          at children (C:\Users\samhe\OneDrive\Desktop\Cleaned\frontend\node_mo
dules\react-router\lib\components.tsx:512:3)
          at basenameProp (C:\Users\samhe\OneDrive\Desktop\Cleaned\frontend\nod
e_modules\react-router\lib\components.tsx:421:13)
          at basename (C:\Users\samhe\OneDrive\Desktop\Cleaned\frontend\node_mo
dules\react-router\lib\components.tsx:225:3)

      123 |                     placeholder="email@company.com"
      124 |                     value={email}
    > 125 |                     onChange={(e) => setEmail(e.target.value)}
          |                                      ^
      126 |                     className="w-full rounded-md border 
border-gray-300 px-3 py-2 text-sm focus:outline-none focus:ring-2 
focus:ring-gray-900 disabled:opacity-50"
      127 |                 />
      128 |             </div>

      at printWarning 
(node_modules/react-dom/cjs/react-dom.development.js:86:30)
      at error (node_modules/react-dom/cjs/react-dom.development.js:60:7)
      at warnIfUpdatesNotWrappedWithActDEV 
(node_modules/react-dom/cjs/react-dom.development.js:27628:9)
      at scheduleUpdateOnFiber 
(node_modules/react-dom/cjs/react-dom.development.js:25547:5)
      at dispatchSetState 
(node_modules/react-dom/cjs/react-dom.development.js:16708:7)
      at onChange (src/auth/LoginForm/LoginForm.tsx:125:38)
      at HTMLUnknownElement.callCallback 
(node_modules/react-dom/cjs/react-dom.development.js:4164:14)
      at HTMLUnknownElement.callTheUserObjectsOperation 
(node_modules/jsdom/lib/jsdom/living/generated/EventListener.js:26:30)
      at innerInvokeEventListeners 
(node_modules/jsdom/lib/jsdom/living/events/EventTarget-impl.js:350:25)
      at invokeEventListeners 
(node_modules/jsdom/lib/jsdom/living/events/EventTarget-impl.js:286:3)
      at HTMLUnknownElementImpl._dispatch 
(node_modules/jsdom/lib/jsdom/living/events/EventTarget-impl.js:233:9)
      at HTMLUnknownElementImpl.dispatchEvent 
(node_modules/jsdom/lib/jsdom/living/events/EventTarget-impl.js:104:17)
      at HTMLUnknownElement.dispatchEvent 
(node_modules/jsdom/lib/jsdom/living/generated/EventTarget.js:241:34)
      at Object.invokeGuardedCallbackDev 
(node_modules/react-dom/cjs/react-dom.development.js:4213:16)
      at invokeGuardedCallback 
(node_modules/react-dom/cjs/react-dom.development.js:4277:31)
      at invokeGuardedCallbackAndCatchFirstError 
(node_modules/react-dom/cjs/react-dom.development.js:4291:25)
      at executeDispatch 
(node_modules/react-dom/cjs/react-dom.development.js:9041:3)
      at processDispatchQueueItemsInOrder 
(node_modules/react-dom/cjs/react-dom.development.js:9073:7)
      at processDispatchQueue 
(node_modules/react-dom/cjs/react-dom.development.js:9086:5)
      at dispatchEventsForPlugins 
(node_modules/react-dom/cjs/react-dom.development.js:9097:3)
      at node_modules/react-dom/cjs/react-dom.development.js:9288:12
      at batchedUpdates$1 
(node_modules/react-dom/cjs/react-dom.development.js:26179:12)
      at batchedUpdates 
(node_modules/react-dom/cjs/react-dom.development.js:3991:12)
      at dispatchEventForPluginEventSystem 
(node_modules/react-dom/cjs/react-dom.development.js:9287:3)
      at dispatchEventWithEnableCapturePhaseSelectiveHydrationWithoutDiscreteEv
entReplay (node_modules/react-dom/cjs/react-dom.development.js:6465:5)
      at dispatchEvent 
(node_modules/react-dom/cjs/react-dom.development.js:6457:5)
      at dispatchDiscreteEvent 
(node_modules/react-dom/cjs/react-dom.development.js:6430:5)
      at HTMLDivElement.callTheUserObjectsOperation 
(node_modules/jsdom/lib/jsdom/living/generated/EventListener.js:26:30)
      at innerInvokeEventListeners 
(node_modules/jsdom/lib/jsdom/living/events/EventTarget-impl.js:350:25)
      at invokeEventListeners 
(node_modules/jsdom/lib/jsdom/living/events/EventTarget-impl.js:286:3)
      at HTMLInputElementImpl._dispatch 
(node_modules/jsdom/lib/jsdom/living/events/EventTarget-impl.js:233:9)
      at HTMLInputElementImpl.dispatchEvent 
(node_modules/jsdom/lib/jsdom/living/events/EventTarget-impl.js:104:17)
      at HTMLInputElement.dispatchEvent 
(node_modules/jsdom/lib/jsdom/living/generated/EventTarget.js:241:34)
      at 
node_modules/@testing-library/user-event/dist/cjs/event/dispatchEvent.js:45:43
      at Object.eventWrapper 
(node_modules/@testing-library/dom/dist/config.js:25:23)
      at Object.wrapEvent 
(node_modules/@testing-library/user-event/dist/cjs/event/wrapEvent.js:6:28)
      at Object.dispatchEvent (node_modules/@testing-library/user-event/dist/cj
s/event/dispatchEvent.js:45:22)
      at Object.dispatchUIEvent (node_modules/@testing-library/user-event/dist/
cjs/event/dispatchEvent.js:22:26)
      at commitInput 
(node_modules/@testing-library/user-event/dist/cjs/event/input.js:145:14)
      at editInputElement 
(node_modules/@testing-library/user-event/dist/cjs/event/input.js:115:9)
      at Object.input 
(node_modules/@testing-library/user-event/dist/cjs/event/input.js:37:9)
      at node_modules/@testing-library/user-event/dist/cjs/event/behavior/keypr
ess.js:31:26
      at Object.dispatchEvent (node_modules/@testing-library/user-event/dist/cj
s/event/dispatchEvent.js:41:13)
      at Object.dispatchUIEvent (node_modules/@testing-library/user-event/dist/
cjs/event/dispatchEvent.js:22:26)
      at KeyboardHost.keydown 
(node_modules/@testing-library/user-event/dist/cjs/system/keyboard.js:76:22)
      at keyboardAction 
(node_modules/@testing-library/user-event/dist/cjs/keyboard/index.js:22:35)
      at Object.keyboard 
(node_modules/@testing-library/user-event/dist/cjs/keyboard/index.js:11:15)
      at Object.type 
(node_modules/@testing-library/user-event/dist/cjs/utility/type.js:17:5)
      at Object.<anonymous> (src/auth/auth.test.tsx:192:9)

    console.error
      Warning: An update to LoginForm inside a test was not wrapped in 
act(...).
      
      When testing, code that causes React state updates should be wrapped 
into act(...):
      
      act(() => {
        /* fire events that update state */
      });
      /* assert on the output */
      
      This ensures that you're testing the behavior the user would see in the 
browser. Learn more at https://reactjs.org/link/wrap-tests-with-act
          at LoginForm (C:\Users\samhe\OneDrive\Desktop\Cleaned\frontend\src\au
th\LoginForm\LoginForm.tsx:41:33)
          at div
          at div
          at LoginPage
          at routeContext (C:\Users\samhe\OneDrive\Desktop\Cleaned\frontend\nod
e_modules\react-router\lib\hooks.tsx:658:26)
          at children (C:\Users\samhe\OneDrive\Desktop\Cleaned\frontend\node_mo
dules\react-router\lib\components.tsx:512:3)
          at basenameProp (C:\Users\samhe\OneDrive\Desktop\Cleaned\frontend\nod
e_modules\react-router\lib\components.tsx:421:13)
          at basename (C:\Users\samhe\OneDrive\Desktop\Cleaned\frontend\node_mo
dules\react-router\lib\components.tsx:225:3)

      123 |                     placeholder="email@company.com"
      124 |                     value={email}
    > 125 |                     onChange={(e) => setEmail(e.target.value)}
          |                                      ^
      126 |                     className="w-full rounded-md border 
border-gray-300 px-3 py-2 text-sm focus:outline-none focus:ring-2 
focus:ring-gray-900 disabled:opacity-50"
      127 |                 />
      128 |             </div>

      at printWarning 
(node_modules/react-dom/cjs/react-dom.development.js:86:30)
      at error (node_modules/react-dom/cjs/react-dom.development.js:60:7)
      at warnIfUpdatesNotWrappedWithActDEV 
(node_modules/react-dom/cjs/react-dom.development.js:27628:9)
      at scheduleUpdateOnFiber 
(node_modules/react-dom/cjs/react-dom.development.js:25547:5)
      at dispatchSetState 
(node_modules/react-dom/cjs/react-dom.development.js:16708:7)
      at onChange (src/auth/LoginForm/LoginForm.tsx:125:38)
      at HTMLUnknownElement.callCallback 
(node_modules/react-dom/cjs/react-dom.development.js:4164:14)
      at HTMLUnknownElement.callTheUserObjectsOperation 
(node_modules/jsdom/lib/jsdom/living/generated/EventListener.js:26:30)
      at innerInvokeEventListeners 
(node_modules/jsdom/lib/jsdom/living/events/EventTarget-impl.js:350:25)
      at invokeEventListeners 
(node_modules/jsdom/lib/jsdom/living/events/EventTarget-impl.js:286:3)
      at HTMLUnknownElementImpl._dispatch 
(node_modules/jsdom/lib/jsdom/living/events/EventTarget-impl.js:233:9)
      at HTMLUnknownElementImpl.dispatchEvent 
(node_modules/jsdom/lib/jsdom/living/events/EventTarget-impl.js:104:17)
      at HTMLUnknownElement.dispatchEvent 
(node_modules/jsdom/lib/jsdom/living/generated/EventTarget.js:241:34)
      at Object.invokeGuardedCallbackDev 
(node_modules/react-dom/cjs/react-dom.development.js:4213:16)
      at invokeGuardedCallback 
(node_modules/react-dom/cjs/react-dom.development.js:4277:31)
      at invokeGuardedCallbackAndCatchFirstError 
(node_modules/react-dom/cjs/react-dom.development.js:4291:25)
      at executeDispatch 
(node_modules/react-dom/cjs/react-dom.development.js:9041:3)
      at processDispatchQueueItemsInOrder 
(node_modules/react-dom/cjs/react-dom.development.js:9073:7)
      at processDispatchQueue 
(node_modules/react-dom/cjs/react-dom.development.js:9086:5)
      at dispatchEventsForPlugins 
(node_modules/react-dom/cjs/react-dom.development.js:9097:3)
      at node_modules/react-dom/cjs/react-dom.development.js:9288:12
      at batchedUpdates$1 
(node_modules/react-dom/cjs/react-dom.development.js:26179:12)
      at batchedUpdates 
(node_modules/react-dom/cjs/react-dom.development.js:3991:12)
      at dispatchEventForPluginEventSystem 
(node_modules/react-dom/cjs/react-dom.development.js:9287:3)
      at dispatchEventWithEnableCapturePhaseSelectiveHydrationWithoutDiscreteEv
entReplay (node_modules/react-dom/cjs/react-dom.development.js:6465:5)
      at dispatchEvent 
(node_modules/react-dom/cjs/react-dom.development.js:6457:5)
      at dispatchDiscreteEvent 
(node_modules/react-dom/cjs/react-dom.development.js:6430:5)
      at HTMLDivElement.callTheUserObjectsOperation 
(node_modules/jsdom/lib/jsdom/living/generated/EventListener.js:26:30)
      at innerInvokeEventListeners 
(node_modules/jsdom/lib/jsdom/living/events/EventTarget-impl.js:350:25)
      at invokeEventListeners 
(node_modules/jsdom/lib/jsdom/living/events/EventTarget-impl.js:286:3)
      at HTMLInputElementImpl._dispatch 
(node_modules/jsdom/lib/jsdom/living/events/EventTarget-impl.js:233:9)
      at HTMLInputElementImpl.dispatchEvent 
(node_modules/jsdom/lib/jsdom/living/events/EventTarget-impl.js:104:17)
      at HTMLInputElement.dispatchEvent 
(node_modules/jsdom/lib/jsdom/living/generated/EventTarget.js:241:34)
      at 
node_modules/@testing-library/user-event/dist/cjs/event/dispatchEvent.js:45:43
      at Object.eventWrapper 
(node_modules/@testing-library/dom/dist/config.js:25:23)
      at Object.wrapEvent 
(node_modules/@testing-library/user-event/dist/cjs/event/wrapEvent.js:6:28)
      at Object.dispatchEvent (node_modules/@testing-library/user-event/dist/cj
s/event/dispatchEvent.js:45:22)
      at Object.dispatchUIEvent (node_modules/@testing-library/user-event/dist/
cjs/event/dispatchEvent.js:22:26)
      at commitInput 
(node_modules/@testing-library/user-event/dist/cjs/event/input.js:145:14)
      at editInputElement 
(node_modules/@testing-library/user-event/dist/cjs/event/input.js:115:9)
      at Object.input 
(node_modules/@testing-library/user-event/dist/cjs/event/input.js:37:9)
      at node_modules/@testing-library/user-event/dist/cjs/event/behavior/keypr
ess.js:31:26
      at Object.dispatchEvent (node_modules/@testing-library/user-event/dist/cj
s/event/dispatchEvent.js:41:13)
      at Object.dispatchUIEvent (node_modules/@testing-library/user-event/dist/
cjs/event/dispatchEvent.js:22:26)
      at KeyboardHost.keydown 
(node_modules/@testing-library/user-event/dist/cjs/system/keyboard.js:76:22)
      at keyboardAction 
(node_modules/@testing-library/user-event/dist/cjs/keyboard/index.js:22:35)
      at Object.keyboard 
(node_modules/@testing-library/user-event/dist/cjs/keyboard/index.js:11:15)
      at Object.type 
(node_modules/@testing-library/user-event/dist/cjs/utility/type.js:17:5)
      at Object.<anonymous> (src/auth/auth.test.tsx:192:9)

    console.error
      Warning: An update to LoginForm inside a test was not wrapped in 
act(...).
      
      When testing, code that causes React state updates should be wrapped 
into act(...):
      
      act(() => {
        /* fire events that update state */
      });
      /* assert on the output */
      
      This ensures that you're testing the behavior the user would see in the 
browser. Learn more at https://reactjs.org/link/wrap-tests-with-act
          at LoginForm (C:\Users\samhe\OneDrive\Desktop\Cleaned\frontend\src\au
th\LoginForm\LoginForm.tsx:41:33)
          at div
          at div
          at LoginPage
          at routeContext (C:\Users\samhe\OneDrive\Desktop\Cleaned\frontend\nod
e_modules\react-router\lib\hooks.tsx:658:26)
          at children (C:\Users\samhe\OneDrive\Desktop\Cleaned\frontend\node_mo
dules\react-router\lib\components.tsx:512:3)
          at basenameProp (C:\Users\samhe\OneDrive\Desktop\Cleaned\frontend\nod
e_modules\react-router\lib\components.tsx:421:13)
          at basename (C:\Users\samhe\OneDrive\Desktop\Cleaned\frontend\node_mo
dules\react-router\lib\components.tsx:225:3)

      123 |                     placeholder="email@company.com"
      124 |                     value={email}
    > 125 |                     onChange={(e) => setEmail(e.target.value)}
          |                                      ^
      126 |                     className="w-full rounded-md border 
border-gray-300 px-3 py-2 text-sm focus:outline-none focus:ring-2 
focus:ring-gray-900 disabled:opacity-50"
      127 |                 />
      128 |             </div>

      at printWarning 
(node_modules/react-dom/cjs/react-dom.development.js:86:30)
      at error (node_modules/react-dom/cjs/react-dom.development.js:60:7)
      at warnIfUpdatesNotWrappedWithActDEV 
(node_modules/react-dom/cjs/react-dom.development.js:27628:9)
      at scheduleUpdateOnFiber 
(node_modules/react-dom/cjs/react-dom.development.js:25547:5)
      at dispatchSetState 
(node_modules/react-dom/cjs/react-dom.development.js:16708:7)
      at onChange (src/auth/LoginForm/LoginForm.tsx:125:38)
      at HTMLUnknownElement.callCallback 
(node_modules/react-dom/cjs/react-dom.development.js:4164:14)
      at HTMLUnknownElement.callTheUserObjectsOperation 
(node_modules/jsdom/lib/jsdom/living/generated/EventListener.js:26:30)
      at innerInvokeEventListeners 
(node_modules/jsdom/lib/jsdom/living/events/EventTarget-impl.js:350:25)
      at invokeEventListeners 
(node_modules/jsdom/lib/jsdom/living/events/EventTarget-impl.js:286:3)
      at HTMLUnknownElementImpl._dispatch 
(node_modules/jsdom/lib/jsdom/living/events/EventTarget-impl.js:233:9)
      at HTMLUnknownElementImpl.dispatchEvent 
(node_modules/jsdom/lib/jsdom/living/events/EventTarget-impl.js:104:17)
      at HTMLUnknownElement.dispatchEvent 
(node_modules/jsdom/lib/jsdom/living/generated/EventTarget.js:241:34)
      at Object.invokeGuardedCallbackDev 
(node_modules/react-dom/cjs/react-dom.development.js:4213:16)
      at invokeGuardedCallback 
(node_modules/react-dom/cjs/react-dom.development.js:4277:31)
      at invokeGuardedCallbackAndCatchFirstError 
(node_modules/react-dom/cjs/react-dom.development.js:4291:25)
      at executeDispatch 
(node_modules/react-dom/cjs/react-dom.development.js:9041:3)
      at processDispatchQueueItemsInOrder 
(node_modules/react-dom/cjs/react-dom.development.js:9073:7)
      at processDispatchQueue 
(node_modules/react-dom/cjs/react-dom.development.js:9086:5)
      at dispatchEventsForPlugins 
(node_modules/react-dom/cjs/react-dom.development.js:9097:3)
      at node_modules/react-dom/cjs/react-dom.development.js:9288:12
      at batchedUpdates$1 
(node_modules/react-dom/cjs/react-dom.development.js:26179:12)
      at batchedUpdates 
(node_modules/react-dom/cjs/react-dom.development.js:3991:12)
      at dispatchEventForPluginEventSystem 
(node_modules/react-dom/cjs/react-dom.development.js:9287:3)
      at dispatchEventWithEnableCapturePhaseSelectiveHydrationWithoutDiscreteEv
entReplay (node_modules/react-dom/cjs/react-dom.development.js:6465:5)
      at dispatchEvent 
(node_modules/react-dom/cjs/react-dom.development.js:6457:5)
      at dispatchDiscreteEvent 
(node_modules/react-dom/cjs/react-dom.development.js:6430:5)
      at HTMLDivElement.callTheUserObjectsOperation 
(node_modules/jsdom/lib/jsdom/living/generated/EventListener.js:26:30)
      at innerInvokeEventListeners 
(node_modules/jsdom/lib/jsdom/living/events/EventTarget-impl.js:350:25)
      at invokeEventListeners 
(node_modules/jsdom/lib/jsdom/living/events/EventTarget-impl.js:286:3)
      at HTMLInputElementImpl._dispatch 
(node_modules/jsdom/lib/jsdom/living/events/EventTarget-impl.js:233:9)
      at HTMLInputElementImpl.dispatchEvent 
(node_modules/jsdom/lib/jsdom/living/events/EventTarget-impl.js:104:17)
      at HTMLInputElement.dispatchEvent 
(node_modules/jsdom/lib/jsdom/living/generated/EventTarget.js:241:34)
      at 
node_modules/@testing-library/user-event/dist/cjs/event/dispatchEvent.js:45:43
      at Object.eventWrapper 
(node_modules/@testing-library/dom/dist/config.js:25:23)
      at Object.wrapEvent 
(node_modules/@testing-library/user-event/dist/cjs/event/wrapEvent.js:6:28)
      at Object.dispatchEvent (node_modules/@testing-library/user-event/dist/cj
s/event/dispatchEvent.js:45:22)
      at Object.dispatchUIEvent (node_modules/@testing-library/user-event/dist/
cjs/event/dispatchEvent.js:22:26)
      at commitInput 
(node_modules/@testing-library/user-event/dist/cjs/event/input.js:145:14)
      at editInputElement 
(node_modules/@testing-library/user-event/dist/cjs/event/input.js:115:9)
      at Object.input 
(node_modules/@testing-library/user-event/dist/cjs/event/input.js:37:9)
      at node_modules/@testing-library/user-event/dist/cjs/event/behavior/keypr
ess.js:31:26
      at Object.dispatchEvent (node_modules/@testing-library/user-event/dist/cj
s/event/dispatchEvent.js:41:13)
      at Object.dispatchUIEvent (node_modules/@testing-library/user-event/dist/
cjs/event/dispatchEvent.js:22:26)
      at KeyboardHost.keydown 
(node_modules/@testing-library/user-event/dist/cjs/system/keyboard.js:76:22)
      at keyboardAction 
(node_modules/@testing-library/user-event/dist/cjs/keyboard/index.js:22:35)
      at Object.keyboard 
(node_modules/@testing-library/user-event/dist/cjs/keyboard/index.js:11:15)
      at Object.type 
(node_modules/@testing-library/user-event/dist/cjs/utility/type.js:17:5)
      at Object.<anonymous> (src/auth/auth.test.tsx:192:9)

    console.error
      Warning: An update to LoginForm inside a test was not wrapped in 
act(...).
      
      When testing, code that causes React state updates should be wrapped 
into act(...):
      
      act(() => {
        /* fire events that update state */
      });
      /* assert on the output */
      
      This ensures that you're testing the behavior the user would see in the 
browser. Learn more at https://reactjs.org/link/wrap-tests-with-act
          at LoginForm (C:\Users\samhe\OneDrive\Desktop\Cleaned\frontend\src\au
th\LoginForm\LoginForm.tsx:41:33)
          at div
          at div
          at LoginPage
          at routeContext (C:\Users\samhe\OneDrive\Desktop\Cleaned\frontend\nod
e_modules\react-router\lib\hooks.tsx:658:26)
          at children (C:\Users\samhe\OneDrive\Desktop\Cleaned\frontend\node_mo
dules\react-router\lib\components.tsx:512:3)
          at basenameProp (C:\Users\samhe\OneDrive\Desktop\Cleaned\frontend\nod
e_modules\react-router\lib\components.tsx:421:13)
          at basename (C:\Users\samhe\OneDrive\Desktop\Cleaned\frontend\node_mo
dules\react-router\lib\components.tsx:225:3)

      123 |                     placeholder="email@company.com"
      124 |                     value={email}
    > 125 |                     onChange={(e) => setEmail(e.target.value)}
          |                                      ^
      126 |                     className="w-full rounded-md border 
border-gray-300 px-3 py-2 text-sm focus:outline-none focus:ring-2 
focus:ring-gray-900 disabled:opacity-50"
      127 |                 />
      128 |             </div>

      at printWarning 
(node_modules/react-dom/cjs/react-dom.development.js:86:30)
      at error (node_modules/react-dom/cjs/react-dom.development.js:60:7)
      at warnIfUpdatesNotWrappedWithActDEV 
(node_modules/react-dom/cjs/react-dom.development.js:27628:9)
      at scheduleUpdateOnFiber 
(node_modules/react-dom/cjs/react-dom.development.js:25547:5)
      at dispatchSetState 
(node_modules/react-dom/cjs/react-dom.development.js:16708:7)
      at onChange (src/auth/LoginForm/LoginForm.tsx:125:38)
      at HTMLUnknownElement.callCallback 
(node_modules/react-dom/cjs/react-dom.development.js:4164:14)
      at HTMLUnknownElement.callTheUserObjectsOperation 
(node_modules/jsdom/lib/jsdom/living/generated/EventListener.js:26:30)
      at innerInvokeEventListeners 
(node_modules/jsdom/lib/jsdom/living/events/EventTarget-impl.js:350:25)
      at invokeEventListeners 
(node_modules/jsdom/lib/jsdom/living/events/EventTarget-impl.js:286:3)
      at HTMLUnknownElementImpl._dispatch 
(node_modules/jsdom/lib/jsdom/living/events/EventTarget-impl.js:233:9)
      at HTMLUnknownElementImpl.dispatchEvent 
(node_modules/jsdom/lib/jsdom/living/events/EventTarget-impl.js:104:17)
      at HTMLUnknownElement.dispatchEvent 
(node_modules/jsdom/lib/jsdom/living/generated/EventTarget.js:241:34)
      at Object.invokeGuardedCallbackDev 
(node_modules/react-dom/cjs/react-dom.development.js:4213:16)
      at invokeGuardedCallback 
(node_modules/react-dom/cjs/react-dom.development.js:4277:31)
      at invokeGuardedCallbackAndCatchFirstError 
(node_modules/react-dom/cjs/react-dom.development.js:4291:25)
      at executeDispatch 
(node_modules/react-dom/cjs/react-dom.development.js:9041:3)
      at processDispatchQueueItemsInOrder 
(node_modules/react-dom/cjs/react-dom.development.js:9073:7)
      at processDispatchQueue 
(node_modules/react-dom/cjs/react-dom.development.js:9086:5)
      at dispatchEventsForPlugins 
(node_modules/react-dom/cjs/react-dom.development.js:9097:3)
      at node_modules/react-dom/cjs/react-dom.development.js:9288:12
      at batchedUpdates$1 
(node_modules/react-dom/cjs/react-dom.development.js:26179:12)
      at batchedUpdates 
(node_modules/react-dom/cjs/react-dom.development.js:3991:12)
      at dispatchEventForPluginEventSystem 
(node_modules/react-dom/cjs/react-dom.development.js:9287:3)
      at dispatchEventWithEnableCapturePhaseSelectiveHydrationWithoutDiscreteEv
entReplay (node_modules/react-dom/cjs/react-dom.development.js:6465:5)
      at dispatchEvent 
(node_modules/react-dom/cjs/react-dom.development.js:6457:5)
      at dispatchDiscreteEvent 
(node_modules/react-dom/cjs/react-dom.development.js:6430:5)
      at HTMLDivElement.callTheUserObjectsOperation 
(node_modules/jsdom/lib/jsdom/living/generated/EventListener.js:26:30)
      at innerInvokeEventListeners 
(node_modules/jsdom/lib/jsdom/living/events/EventTarget-impl.js:350:25)
      at invokeEventListeners 
(node_modules/jsdom/lib/jsdom/living/events/EventTarget-impl.js:286:3)
      at HTMLInputElementImpl._dispatch 
(node_modules/jsdom/lib/jsdom/living/events/EventTarget-impl.js:233:9)
      at HTMLInputElementImpl.dispatchEvent 
(node_modules/jsdom/lib/jsdom/living/events/EventTarget-impl.js:104:17)
      at HTMLInputElement.dispatchEvent 
(node_modules/jsdom/lib/jsdom/living/generated/EventTarget.js:241:34)
      at 
node_modules/@testing-library/user-event/dist/cjs/event/dispatchEvent.js:45:43
      at Object.eventWrapper 
(node_modules/@testing-library/dom/dist/config.js:25:23)
      at Object.wrapEvent 
(node_modules/@testing-library/user-event/dist/cjs/event/wrapEvent.js:6:28)
      at Object.dispatchEvent (node_modules/@testing-library/user-event/dist/cj
s/event/dispatchEvent.js:45:22)
      at Object.dispatchUIEvent (node_modules/@testing-library/user-event/dist/
cjs/event/dispatchEvent.js:22:26)
      at commitInput 
(node_modules/@testing-library/user-event/dist/cjs/event/input.js:145:14)
      at editInputElement 
(node_modules/@testing-library/user-event/dist/cjs/event/input.js:115:9)
      at Object.input 
(node_modules/@testing-library/user-event/dist/cjs/event/input.js:37:9)
      at node_modules/@testing-library/user-event/dist/cjs/event/behavior/keypr
ess.js:31:26
      at Object.dispatchEvent (node_modules/@testing-library/user-event/dist/cj
s/event/dispatchEvent.js:41:13)
      at Object.dispatchUIEvent (node_modules/@testing-library/user-event/dist/
cjs/event/dispatchEvent.js:22:26)
      at KeyboardHost.keydown 
(node_modules/@testing-library/user-event/dist/cjs/system/keyboard.js:76:22)
      at keyboardAction 
(node_modules/@testing-library/user-event/dist/cjs/keyboard/index.js:22:35)
      at Object.keyboard 
(node_modules/@testing-library/user-event/dist/cjs/keyboard/index.js:11:15)
      at Object.type 
(node_modules/@testing-library/user-event/dist/cjs/utility/type.js:17:5)
      at Object.<anonymous> (src/auth/auth.test.tsx:192:9)

    console.error
      Warning: An update to LoginForm inside a test was not wrapped in 
act(...).
      
      When testing, code that causes React state updates should be wrapped 
into act(...):
      
      act(() => {
        /* fire events that update state */
      });
      /* assert on the output */
      
      This ensures that you're testing the behavior the user would see in the 
browser. Learn more at https://reactjs.org/link/wrap-tests-with-act
          at LoginForm (C:\Users\samhe\OneDrive\Desktop\Cleaned\frontend\src\au
th\LoginForm\LoginForm.tsx:41:33)
          at div
          at div
          at LoginPage
          at routeContext (C:\Users\samhe\OneDrive\Desktop\Cleaned\frontend\nod
e_modules\react-router\lib\hooks.tsx:658:26)
          at children (C:\Users\samhe\OneDrive\Desktop\Cleaned\frontend\node_mo
dules\react-router\lib\components.tsx:512:3)
          at basenameProp (C:\Users\samhe\OneDrive\Desktop\Cleaned\frontend\nod
e_modules\react-router\lib\components.tsx:421:13)
          at basename (C:\Users\samhe\OneDrive\Desktop\Cleaned\frontend\node_mo
dules\react-router\lib\components.tsx:225:3)

      123 |                     placeholder="email@company.com"
      124 |                     value={email}
    > 125 |                     onChange={(e) => setEmail(e.target.value)}
          |                                      ^
      126 |                     className="w-full rounded-md border 
border-gray-300 px-3 py-2 text-sm focus:outline-none focus:ring-2 
focus:ring-gray-900 disabled:opacity-50"
      127 |                 />
      128 |             </div>

      at printWarning 
(node_modules/react-dom/cjs/react-dom.development.js:86:30)
      at error (node_modules/react-dom/cjs/react-dom.development.js:60:7)
      at warnIfUpdatesNotWrappedWithActDEV 
(node_modules/react-dom/cjs/react-dom.development.js:27628:9)
      at scheduleUpdateOnFiber 
(node_modules/react-dom/cjs/react-dom.development.js:25547:5)
      at dispatchSetState 
(node_modules/react-dom/cjs/react-dom.development.js:16708:7)
      at onChange (src/auth/LoginForm/LoginForm.tsx:125:38)
      at HTMLUnknownElement.callCallback 
(node_modules/react-dom/cjs/react-dom.development.js:4164:14)
      at HTMLUnknownElement.callTheUserObjectsOperation 
(node_modules/jsdom/lib/jsdom/living/generated/EventListener.js:26:30)
      at innerInvokeEventListeners 
(node_modules/jsdom/lib/jsdom/living/events/EventTarget-impl.js:350:25)
      at invokeEventListeners 
(node_modules/jsdom/lib/jsdom/living/events/EventTarget-impl.js:286:3)
      at HTMLUnknownElementImpl._dispatch 
(node_modules/jsdom/lib/jsdom/living/events/EventTarget-impl.js:233:9)
      at HTMLUnknownElementImpl.dispatchEvent 
(node_modules/jsdom/lib/jsdom/living/events/EventTarget-impl.js:104:17)
      at HTMLUnknownElement.dispatchEvent 
(node_modules/jsdom/lib/jsdom/living/generated/EventTarget.js:241:34)
      at Object.invokeGuardedCallbackDev 
(node_modules/react-dom/cjs/react-dom.development.js:4213:16)
      at invokeGuardedCallback 
(node_modules/react-dom/cjs/react-dom.development.js:4277:31)
      at invokeGuardedCallbackAndCatchFirstError 
(node_modules/react-dom/cjs/react-dom.development.js:4291:25)
      at executeDispatch 
(node_modules/react-dom/cjs/react-dom.development.js:9041:3)
      at processDispatchQueueItemsInOrder 
(node_modules/react-dom/cjs/react-dom.development.js:9073:7)
      at processDispatchQueue 
(node_modules/react-dom/cjs/react-dom.development.js:9086:5)
      at dispatchEventsForPlugins 
(node_modules/react-dom/cjs/react-dom.development.js:9097:3)
      at node_modules/react-dom/cjs/react-dom.development.js:9288:12
      at batchedUpdates$1 
(node_modules/react-dom/cjs/react-dom.development.js:26179:12)
      at batchedUpdates 
(node_modules/react-dom/cjs/react-dom.development.js:3991:12)
      at dispatchEventForPluginEventSystem 
(node_modules/react-dom/cjs/react-dom.development.js:9287:3)
      at dispatchEventWithEnableCapturePhaseSelectiveHydrationWithoutDiscreteEv
entReplay (node_modules/react-dom/cjs/react-dom.development.js:6465:5)
      at dispatchEvent 
(node_modules/react-dom/cjs/react-dom.development.js:6457:5)
      at dispatchDiscreteEvent 
(node_modules/react-dom/cjs/react-dom.development.js:6430:5)
      at HTMLDivElement.callTheUserObjectsOperation 
(node_modules/jsdom/lib/jsdom/living/generated/EventListener.js:26:30)
      at innerInvokeEventListeners 
(node_modules/jsdom/lib/jsdom/living/events/EventTarget-impl.js:350:25)
      at invokeEventListeners 
(node_modules/jsdom/lib/jsdom/living/events/EventTarget-impl.js:286:3)
      at HTMLInputElementImpl._dispatch 
(node_modules/jsdom/lib/jsdom/living/events/EventTarget-impl.js:233:9)
      at HTMLInputElementImpl.dispatchEvent 
(node_modules/jsdom/lib/jsdom/living/events/EventTarget-impl.js:104:17)
      at HTMLInputElement.dispatchEvent 
(node_modules/jsdom/lib/jsdom/living/generated/EventTarget.js:241:34)
      at 
node_modules/@testing-library/user-event/dist/cjs/event/dispatchEvent.js:45:43
      at Object.eventWrapper 
(node_modules/@testing-library/dom/dist/config.js:25:23)
      at Object.wrapEvent 
(node_modules/@testing-library/user-event/dist/cjs/event/wrapEvent.js:6:28)
      at Object.dispatchEvent (node_modules/@testing-library/user-event/dist/cj
s/event/dispatchEvent.js:45:22)
      at Object.dispatchUIEvent (node_modules/@testing-library/user-event/dist/
cjs/event/dispatchEvent.js:22:26)
      at commitInput 
(node_modules/@testing-library/user-event/dist/cjs/event/input.js:145:14)
      at editInputElement 
(node_modules/@testing-library/user-event/dist/cjs/event/input.js:115:9)
      at Object.input 
(node_modules/@testing-library/user-event/dist/cjs/event/input.js:37:9)
      at node_modules/@testing-library/user-event/dist/cjs/event/behavior/keypr
ess.js:31:26
      at Object.dispatchEvent (node_modules/@testing-library/user-event/dist/cj
s/event/dispatchEvent.js:41:13)
      at Object.dispatchUIEvent (node_modules/@testing-library/user-event/dist/
cjs/event/dispatchEvent.js:22:26)
      at KeyboardHost.keydown 
(node_modules/@testing-library/user-event/dist/cjs/system/keyboard.js:76:22)
      at keyboardAction 
(node_modules/@testing-library/user-event/dist/cjs/keyboard/index.js:22:35)
      at Object.keyboard 
(node_modules/@testing-library/user-event/dist/cjs/keyboard/index.js:11:15)
      at Object.type 
(node_modules/@testing-library/user-event/dist/cjs/utility/type.js:17:5)
      at Object.<anonymous> (src/auth/auth.test.tsx:192:9)

    console.error
      Warning: An update to LoginForm inside a test was not wrapped in 
act(...).
      
      When testing, code that causes React state updates should be wrapped 
into act(...):
      
      act(() => {
        /* fire events that update state */
      });
      /* assert on the output */
      
      This ensures that you're testing the behavior the user would see in the 
browser. Learn more at https://reactjs.org/link/wrap-tests-with-act
          at LoginForm (C:\Users\samhe\OneDrive\Desktop\Cleaned\frontend\src\au
th\LoginForm\LoginForm.tsx:41:33)
          at div
          at div
          at LoginPage
          at routeContext (C:\Users\samhe\OneDrive\Desktop\Cleaned\frontend\nod
e_modules\react-router\lib\hooks.tsx:658:26)
          at children (C:\Users\samhe\OneDrive\Desktop\Cleaned\frontend\node_mo
dules\react-router\lib\components.tsx:512:3)
          at basenameProp (C:\Users\samhe\OneDrive\Desktop\Cleaned\frontend\nod
e_modules\react-router\lib\components.tsx:421:13)
          at basename (C:\Users\samhe\OneDrive\Desktop\Cleaned\frontend\node_mo
dules\react-router\lib\components.tsx:225:3)

      123 |                     placeholder="email@company.com"
      124 |                     value={email}
    > 125 |                     onChange={(e) => setEmail(e.target.value)}
          |                                      ^
      126 |                     className="w-full rounded-md border 
border-gray-300 px-3 py-2 text-sm focus:outline-none focus:ring-2 
focus:ring-gray-900 disabled:opacity-50"
      127 |                 />
      128 |             </div>

      at printWarning 
(node_modules/react-dom/cjs/react-dom.development.js:86:30)
      at error (node_modules/react-dom/cjs/react-dom.development.js:60:7)
      at warnIfUpdatesNotWrappedWithActDEV 
(node_modules/react-dom/cjs/react-dom.development.js:27628:9)
      at scheduleUpdateOnFiber 
(node_modules/react-dom/cjs/react-dom.development.js:25547:5)
      at dispatchSetState 
(node_modules/react-dom/cjs/react-dom.development.js:16708:7)
      at onChange (src/auth/LoginForm/LoginForm.tsx:125:38)
      at HTMLUnknownElement.callCallback 
(node_modules/react-dom/cjs/react-dom.development.js:4164:14)
      at HTMLUnknownElement.callTheUserObjectsOperation 
(node_modules/jsdom/lib/jsdom/living/generated/EventListener.js:26:30)
      at innerInvokeEventListeners 
(node_modules/jsdom/lib/jsdom/living/events/EventTarget-impl.js:350:25)
      at invokeEventListeners 
(node_modules/jsdom/lib/jsdom/living/events/EventTarget-impl.js:286:3)
      at HTMLUnknownElementImpl._dispatch 
(node_modules/jsdom/lib/jsdom/living/events/EventTarget-impl.js:233:9)
      at HTMLUnknownElementImpl.dispatchEvent 
(node_modules/jsdom/lib/jsdom/living/events/EventTarget-impl.js:104:17)
      at HTMLUnknownElement.dispatchEvent 
(node_modules/jsdom/lib/jsdom/living/generated/EventTarget.js:241:34)
      at Object.invokeGuardedCallbackDev 
(node_modules/react-dom/cjs/react-dom.development.js:4213:16)
      at invokeGuardedCallback 
(node_modules/react-dom/cjs/react-dom.development.js:4277:31)
      at invokeGuardedCallbackAndCatchFirstError 
(node_modules/react-dom/cjs/react-dom.development.js:4291:25)
      at executeDispatch 
(node_modules/react-dom/cjs/react-dom.development.js:9041:3)
      at processDispatchQueueItemsInOrder 
(node_modules/react-dom/cjs/react-dom.development.js:9073:7)
      at processDispatchQueue 
(node_modules/react-dom/cjs/react-dom.development.js:9086:5)
      at dispatchEventsForPlugins 
(node_modules/react-dom/cjs/react-dom.development.js:9097:3)
      at node_modules/react-dom/cjs/react-dom.development.js:9288:12
      at batchedUpdates$1 
(node_modules/react-dom/cjs/react-dom.development.js:26179:12)
      at batchedUpdates 
(node_modules/react-dom/cjs/react-dom.development.js:3991:12)
      at dispatchEventForPluginEventSystem 
(node_modules/react-dom/cjs/react-dom.development.js:9287:3)
      at dispatchEventWithEnableCapturePhaseSelectiveHydrationWithoutDiscreteEv
entReplay (node_modules/react-dom/cjs/react-dom.development.js:6465:5)
      at dispatchEvent 
(node_modules/react-dom/cjs/react-dom.development.js:6457:5)
      at dispatchDiscreteEvent 
(node_modules/react-dom/cjs/react-dom.development.js:6430:5)
      at HTMLDivElement.callTheUserObjectsOperation 
(node_modules/jsdom/lib/jsdom/living/generated/EventListener.js:26:30)
      at innerInvokeEventListeners 
(node_modules/jsdom/lib/jsdom/living/events/EventTarget-impl.js:350:25)
      at invokeEventListeners 
(node_modules/jsdom/lib/jsdom/living/events/EventTarget-impl.js:286:3)
      at HTMLInputElementImpl._dispatch 
(node_modules/jsdom/lib/jsdom/living/events/EventTarget-impl.js:233:9)
      at HTMLInputElementImpl.dispatchEvent 
(node_modules/jsdom/lib/jsdom/living/events/EventTarget-impl.js:104:17)
      at HTMLInputElement.dispatchEvent 
(node_modules/jsdom/lib/jsdom/living/generated/EventTarget.js:241:34)
      at 
node_modules/@testing-library/user-event/dist/cjs/event/dispatchEvent.js:45:43
      at Object.eventWrapper 
(node_modules/@testing-library/dom/dist/config.js:25:23)
      at Object.wrapEvent 
(node_modules/@testing-library/user-event/dist/cjs/event/wrapEvent.js:6:28)
      at Object.dispatchEvent (node_modules/@testing-library/user-event/dist/cj
s/event/dispatchEvent.js:45:22)
      at Object.dispatchUIEvent (node_modules/@testing-library/user-event/dist/
cjs/event/dispatchEvent.js:22:26)
      at commitInput 
(node_modules/@testing-library/user-event/dist/cjs/event/input.js:145:14)
      at editInputElement 
(node_modules/@testing-library/user-event/dist/cjs/event/input.js:115:9)
      at Object.input 
(node_modules/@testing-library/user-event/dist/cjs/event/input.js:37:9)
      at node_modules/@testing-library/user-event/dist/cjs/event/behavior/keypr
ess.js:31:26
      at Object.dispatchEvent (node_modules/@testing-library/user-event/dist/cj
s/event/dispatchEvent.js:41:13)
      at Object.dispatchUIEvent (node_modules/@testing-library/user-event/dist/
cjs/event/dispatchEvent.js:22:26)
      at KeyboardHost.keydown 
(node_modules/@testing-library/user-event/dist/cjs/system/keyboard.js:76:22)
      at keyboardAction 
(node_modules/@testing-library/user-event/dist/cjs/keyboard/index.js:22:35)
      at Object.keyboard 
(node_modules/@testing-library/user-event/dist/cjs/keyboard/index.js:11:15)
      at Object.type 
(node_modules/@testing-library/user-event/dist/cjs/utility/type.js:17:5)
      at Object.<anonymous> (src/auth/auth.test.tsx:192:9)

    console.error
      Warning: An update to LoginForm inside a test was not wrapped in 
act(...).
      
      When testing, code that causes React state updates should be wrapped 
into act(...):
      
      act(() => {
        /* fire events that update state */
      });
      /* assert on the output */
      
      This ensures that you're testing the behavior the user would see in the 
browser. Learn more at https://reactjs.org/link/wrap-tests-with-act
          at LoginForm (C:\Users\samhe\OneDrive\Desktop\Cleaned\frontend\src\au
th\LoginForm\LoginForm.tsx:41:33)
          at div
          at div
          at LoginPage
          at routeContext (C:\Users\samhe\OneDrive\Desktop\Cleaned\frontend\nod
e_modules\react-router\lib\hooks.tsx:658:26)
          at children (C:\Users\samhe\OneDrive\Desktop\Cleaned\frontend\node_mo
dules\react-router\lib\components.tsx:512:3)
          at basenameProp (C:\Users\samhe\OneDrive\Desktop\Cleaned\frontend\nod
e_modules\react-router\lib\components.tsx:421:13)
          at basename (C:\Users\samhe\OneDrive\Desktop\Cleaned\frontend\node_mo
dules\react-router\lib\components.tsx:225:3)

      123 |                     placeholder="email@company.com"
      124 |                     value={email}
    > 125 |                     onChange={(e) => setEmail(e.target.value)}
          |                                      ^
      126 |                     className="w-full rounded-md border 
border-gray-300 px-3 py-2 text-sm focus:outline-none focus:ring-2 
focus:ring-gray-900 disabled:opacity-50"
      127 |                 />
      128 |             </div>

      at printWarning 
(node_modules/react-dom/cjs/react-dom.development.js:86:30)
      at error (node_modules/react-dom/cjs/react-dom.development.js:60:7)
      at warnIfUpdatesNotWrappedWithActDEV 
(node_modules/react-dom/cjs/react-dom.development.js:27628:9)
      at scheduleUpdateOnFiber 
(node_modules/react-dom/cjs/react-dom.development.js:25547:5)
      at dispatchSetState 
(node_modules/react-dom/cjs/react-dom.development.js:16708:7)
      at onChange (src/auth/LoginForm/LoginForm.tsx:125:38)
      at HTMLUnknownElement.callCallback 
(node_modules/react-dom/cjs/react-dom.development.js:4164:14)
      at HTMLUnknownElement.callTheUserObjectsOperation 
(node_modules/jsdom/lib/jsdom/living/generated/EventListener.js:26:30)
      at innerInvokeEventListeners 
(node_modules/jsdom/lib/jsdom/living/events/EventTarget-impl.js:350:25)
      at invokeEventListeners 
(node_modules/jsdom/lib/jsdom/living/events/EventTarget-impl.js:286:3)
      at HTMLUnknownElementImpl._dispatch 
(node_modules/jsdom/lib/jsdom/living/events/EventTarget-impl.js:233:9)
      at HTMLUnknownElementImpl.dispatchEvent 
(node_modules/jsdom/lib/jsdom/living/events/EventTarget-impl.js:104:17)
      at HTMLUnknownElement.dispatchEvent 
(node_modules/jsdom/lib/jsdom/living/generated/EventTarget.js:241:34)
      at Object.invokeGuardedCallbackDev 
(node_modules/react-dom/cjs/react-dom.development.js:4213:16)
      at invokeGuardedCallback 
(node_modules/react-dom/cjs/react-dom.development.js:4277:31)
      at invokeGuardedCallbackAndCatchFirstError 
(node_modules/react-dom/cjs/react-dom.development.js:4291:25)
      at executeDispatch 
(node_modules/react-dom/cjs/react-dom.development.js:9041:3)
      at processDispatchQueueItemsInOrder 
(node_modules/react-dom/cjs/react-dom.development.js:9073:7)
      at processDispatchQueue 
(node_modules/react-dom/cjs/react-dom.development.js:9086:5)
      at dispatchEventsForPlugins 
(node_modules/react-dom/cjs/react-dom.development.js:9097:3)
      at node_modules/react-dom/cjs/react-dom.development.js:9288:12
      at batchedUpdates$1 
(node_modules/react-dom/cjs/react-dom.development.js:26179:12)
      at batchedUpdates 
(node_modules/react-dom/cjs/react-dom.development.js:3991:12)
      at dispatchEventForPluginEventSystem 
(node_modules/react-dom/cjs/react-dom.development.js:9287:3)
      at dispatchEventWithEnableCapturePhaseSelectiveHydrationWithoutDiscreteEv
entReplay (node_modules/react-dom/cjs/react-dom.development.js:6465:5)
      at dispatchEvent 
(node_modules/react-dom/cjs/react-dom.development.js:6457:5)
      at dispatchDiscreteEvent 
(node_modules/react-dom/cjs/react-dom.development.js:6430:5)
      at HTMLDivElement.callTheUserObjectsOperation 
(node_modules/jsdom/lib/jsdom/living/generated/EventListener.js:26:30)
      at innerInvokeEventListeners 
(node_modules/jsdom/lib/jsdom/living/events/EventTarget-impl.js:350:25)
      at invokeEventListeners 
(node_modules/jsdom/lib/jsdom/living/events/EventTarget-impl.js:286:3)
      at HTMLInputElementImpl._dispatch 
(node_modules/jsdom/lib/jsdom/living/events/EventTarget-impl.js:233:9)
      at HTMLInputElementImpl.dispatchEvent 
(node_modules/jsdom/lib/jsdom/living/events/EventTarget-impl.js:104:17)
      at HTMLInputElement.dispatchEvent 
(node_modules/jsdom/lib/jsdom/living/generated/EventTarget.js:241:34)
      at 
node_modules/@testing-library/user-event/dist/cjs/event/dispatchEvent.js:45:43
      at Object.eventWrapper 
(node_modules/@testing-library/dom/dist/config.js:25:23)
      at Object.wrapEvent 
(node_modules/@testing-library/user-event/dist/cjs/event/wrapEvent.js:6:28)
      at Object.dispatchEvent (node_modules/@testing-library/user-event/dist/cj
s/event/dispatchEvent.js:45:22)
      at Object.dispatchUIEvent (node_modules/@testing-library/user-event/dist/
cjs/event/dispatchEvent.js:22:26)
      at commitInput 
(node_modules/@testing-library/user-event/dist/cjs/event/input.js:145:14)
      at editInputElement 
(node_modules/@testing-library/user-event/dist/cjs/event/input.js:115:9)
      at Object.input 
(node_modules/@testing-library/user-event/dist/cjs/event/input.js:37:9)
      at node_modules/@testing-library/user-event/dist/cjs/event/behavior/keypr
ess.js:31:26
      at Object.dispatchEvent (node_modules/@testing-library/user-event/dist/cj
s/event/dispatchEvent.js:41:13)
      at Object.dispatchUIEvent (node_modules/@testing-library/user-event/dist/
cjs/event/dispatchEvent.js:22:26)
      at KeyboardHost.keydown 
(node_modules/@testing-library/user-event/dist/cjs/system/keyboard.js:76:22)
      at keyboardAction 
(node_modules/@testing-library/user-event/dist/cjs/keyboard/index.js:22:35)
      at Object.keyboard 
(node_modules/@testing-library/user-event/dist/cjs/keyboard/index.js:11:15)
      at Object.type 
(node_modules/@testing-library/user-event/dist/cjs/utility/type.js:17:5)
      at Object.<anonymous> (src/auth/auth.test.tsx:192:9)

    console.error
      Warning: An update to LoginForm inside a test was not wrapped in 
act(...).
      
      When testing, code that causes React state updates should be wrapped 
into act(...):
      
      act(() => {
        /* fire events that update state */
      });
      /* assert on the output */
      
      This ensures that you're testing the behavior the user would see in the 
browser. Learn more at https://reactjs.org/link/wrap-tests-with-act
          at LoginForm (C:\Users\samhe\OneDrive\Desktop\Cleaned\frontend\src\au
th\LoginForm\LoginForm.tsx:41:33)
          at div
          at div
          at LoginPage
          at routeContext (C:\Users\samhe\OneDrive\Desktop\Cleaned\frontend\nod
e_modules\react-router\lib\hooks.tsx:658:26)
          at children (C:\Users\samhe\OneDrive\Desktop\Cleaned\frontend\node_mo
dules\react-router\lib\components.tsx:512:3)
          at basenameProp (C:\Users\samhe\OneDrive\Desktop\Cleaned\frontend\nod
e_modules\react-router\lib\components.tsx:421:13)
          at basename (C:\Users\samhe\OneDrive\Desktop\Cleaned\frontend\node_mo
dules\react-router\lib\components.tsx:225:3)

      123 |                     placeholder="email@company.com"
      124 |                     value={email}
    > 125 |                     onChange={(e) => setEmail(e.target.value)}
          |                                      ^
      126 |                     className="w-full rounded-md border 
border-gray-300 px-3 py-2 text-sm focus:outline-none focus:ring-2 
focus:ring-gray-900 disabled:opacity-50"
      127 |                 />
      128 |             </div>

      at printWarning 
(node_modules/react-dom/cjs/react-dom.development.js:86:30)
      at error (node_modules/react-dom/cjs/react-dom.development.js:60:7)
      at warnIfUpdatesNotWrappedWithActDEV 
(node_modules/react-dom/cjs/react-dom.development.js:27628:9)
      at scheduleUpdateOnFiber 
(node_modules/react-dom/cjs/react-dom.development.js:25547:5)
      at dispatchSetState 
(node_modules/react-dom/cjs/react-dom.development.js:16708:7)
      at onChange (src/auth/LoginForm/LoginForm.tsx:125:38)
      at HTMLUnknownElement.callCallback 
(node_modules/react-dom/cjs/react-dom.development.js:4164:14)
      at HTMLUnknownElement.callTheUserObjectsOperation 
(node_modules/jsdom/lib/jsdom/living/generated/EventListener.js:26:30)
      at innerInvokeEventListeners 
(node_modules/jsdom/lib/jsdom/living/events/EventTarget-impl.js:350:25)
      at invokeEventListeners 
(node_modules/jsdom/lib/jsdom/living/events/EventTarget-impl.js:286:3)
      at HTMLUnknownElementImpl._dispatch 
(node_modules/jsdom/lib/jsdom/living/events/EventTarget-impl.js:233:9)
      at HTMLUnknownElementImpl.dispatchEvent 
(node_modules/jsdom/lib/jsdom/living/events/EventTarget-impl.js:104:17)
      at HTMLUnknownElement.dispatchEvent 
(node_modules/jsdom/lib/jsdom/living/generated/EventTarget.js:241:34)
      at Object.invokeGuardedCallbackDev 
(node_modules/react-dom/cjs/react-dom.development.js:4213:16)
      at invokeGuardedCallback 
(node_modules/react-dom/cjs/react-dom.development.js:4277:31)
      at invokeGuardedCallbackAndCatchFirstError 
(node_modules/react-dom/cjs/react-dom.development.js:4291:25)
      at executeDispatch 
(node_modules/react-dom/cjs/react-dom.development.js:9041:3)
      at processDispatchQueueItemsInOrder 
(node_modules/react-dom/cjs/react-dom.development.js:9073:7)
      at processDispatchQueue 
(node_modules/react-dom/cjs/react-dom.development.js:9086:5)
      at dispatchEventsForPlugins 
(node_modules/react-dom/cjs/react-dom.development.js:9097:3)
      at node_modules/react-dom/cjs/react-dom.development.js:9288:12
      at batchedUpdates$1 
(node_modules/react-dom/cjs/react-dom.development.js:26179:12)
      at batchedUpdates 
(node_modules/react-dom/cjs/react-dom.development.js:3991:12)
      at dispatchEventForPluginEventSystem 
(node_modules/react-dom/cjs/react-dom.development.js:9287:3)
      at dispatchEventWithEnableCapturePhaseSelectiveHydrationWithoutDiscreteEv
entReplay (node_modules/react-dom/cjs/react-dom.development.js:6465:5)
      at dispatchEvent 
(node_modules/react-dom/cjs/react-dom.development.js:6457:5)
      at dispatchDiscreteEvent 
(node_modules/react-dom/cjs/react-dom.development.js:6430:5)
      at HTMLDivElement.callTheUserObjectsOperation 
(node_modules/jsdom/lib/jsdom/living/generated/EventListener.js:26:30)
      at innerInvokeEventListeners 
(node_modules/jsdom/lib/jsdom/living/events/EventTarget-impl.js:350:25)
      at invokeEventListeners 
(node_modules/jsdom/lib/jsdom/living/events/EventTarget-impl.js:286:3)
      at HTMLInputElementImpl._dispatch 
(node_modules/jsdom/lib/jsdom/living/events/EventTarget-impl.js:233:9)
      at HTMLInputElementImpl.dispatchEvent 
(node_modules/jsdom/lib/jsdom/living/events/EventTarget-impl.js:104:17)
      at HTMLInputElement.dispatchEvent 
(node_modules/jsdom/lib/jsdom/living/generated/EventTarget.js:241:34)
      at 
node_modules/@testing-library/user-event/dist/cjs/event/dispatchEvent.js:45:43
      at Object.eventWrapper 
(node_modules/@testing-library/dom/dist/config.js:25:23)
      at Object.wrapEvent 
(node_modules/@testing-library/user-event/dist/cjs/event/wrapEvent.js:6:28)
      at Object.dispatchEvent (node_modules/@testing-library/user-event/dist/cj
s/event/dispatchEvent.js:45:22)
      at Object.dispatchUIEvent (node_modules/@testing-library/user-event/dist/
cjs/event/dispatchEvent.js:22:26)
      at commitInput 
(node_modules/@testing-library/user-event/dist/cjs/event/input.js:145:14)
      at editInputElement 
(node_modules/@testing-library/user-event/dist/cjs/event/input.js:115:9)
      at Object.input 
(node_modules/@testing-library/user-event/dist/cjs/event/input.js:37:9)
      at node_modules/@testing-library/user-event/dist/cjs/event/behavior/keypr
ess.js:31:26
      at Object.dispatchEvent (node_modules/@testing-library/user-event/dist/cj
s/event/dispatchEvent.js:41:13)
      at Object.dispatchUIEvent (node_modules/@testing-library/user-event/dist/
cjs/event/dispatchEvent.js:22:26)
      at KeyboardHost.keydown 
(node_modules/@testing-library/user-event/dist/cjs/system/keyboard.js:76:22)
      at keyboardAction 
(node_modules/@testing-library/user-event/dist/cjs/keyboard/index.js:22:35)
      at Object.keyboard 
(node_modules/@testing-library/user-event/dist/cjs/keyboard/index.js:11:15)
      at Object.type 
(node_modules/@testing-library/user-event/dist/cjs/utility/type.js:17:5)
      at Object.<anonymous> (src/auth/auth.test.tsx:192:9)

    console.error
      Warning: An update to LoginForm inside a test was not wrapped in 
act(...).
      
      When testing, code that causes React state updates should be wrapped 
into act(...):
      
      act(() => {
        /* fire events that update state */
      });
      /* assert on the output */
      
      This ensures that you're testing the behavior the user would see in the 
browser. Learn more at https://reactjs.org/link/wrap-tests-with-act
          at LoginForm (C:\Users\samhe\OneDrive\Desktop\Cleaned\frontend\src\au
th\LoginForm\LoginForm.tsx:41:33)
          at div
          at div
          at LoginPage
          at routeContext (C:\Users\samhe\OneDrive\Desktop\Cleaned\frontend\nod
e_modules\react-router\lib\hooks.tsx:658:26)
          at children (C:\Users\samhe\OneDrive\Desktop\Cleaned\frontend\node_mo
dules\react-router\lib\components.tsx:512:3)
          at basenameProp (C:\Users\samhe\OneDrive\Desktop\Cleaned\frontend\nod
e_modules\react-router\lib\components.tsx:421:13)
          at basename (C:\Users\samhe\OneDrive\Desktop\Cleaned\frontend\node_mo
dules\react-router\lib\components.tsx:225:3)

      141 |                         placeholder="Enter your password"
      142 |                         value={password}
    > 143 |                         onChange={(e) => 
setPassword(e.target.value)}
          |                                          ^
      144 |                         className="w-full rounded-md border 
border-gray-300 px-3 py-2 pr-10 text-sm focus:outline-none focus:ring-2 
focus:ring-gray-900 disabled:opacity-50"
      145 |                     />
      146 |                     <button

      at printWarning 
(node_modules/react-dom/cjs/react-dom.development.js:86:30)
      at error (node_modules/react-dom/cjs/react-dom.development.js:60:7)
      at warnIfUpdatesNotWrappedWithActDEV 
(node_modules/react-dom/cjs/react-dom.development.js:27628:9)
      at scheduleUpdateOnFiber 
(node_modules/react-dom/cjs/react-dom.development.js:25547:5)
      at dispatchSetState 
(node_modules/react-dom/cjs/react-dom.development.js:16708:7)
      at onChange (src/auth/LoginForm/LoginForm.tsx:143:42)
      at HTMLUnknownElement.callCallback 
(node_modules/react-dom/cjs/react-dom.development.js:4164:14)
      at HTMLUnknownElement.callTheUserObjectsOperation 
(node_modules/jsdom/lib/jsdom/living/generated/EventListener.js:26:30)
      at innerInvokeEventListeners 
(node_modules/jsdom/lib/jsdom/living/events/EventTarget-impl.js:350:25)
      at invokeEventListeners 
(node_modules/jsdom/lib/jsdom/living/events/EventTarget-impl.js:286:3)
      at HTMLUnknownElementImpl._dispatch 
(node_modules/jsdom/lib/jsdom/living/events/EventTarget-impl.js:233:9)
      at HTMLUnknownElementImpl.dispatchEvent 
(node_modules/jsdom/lib/jsdom/living/events/EventTarget-impl.js:104:17)
      at HTMLUnknownElement.dispatchEvent 
(node_modules/jsdom/lib/jsdom/living/generated/EventTarget.js:241:34)
      at Object.invokeGuardedCallbackDev 
(node_modules/react-dom/cjs/react-dom.development.js:4213:16)
      at invokeGuardedCallback 
(node_modules/react-dom/cjs/react-dom.development.js:4277:31)
      at invokeGuardedCallbackAndCatchFirstError 
(node_modules/react-dom/cjs/react-dom.development.js:4291:25)
      at executeDispatch 
(node_modules/react-dom/cjs/react-dom.development.js:9041:3)
      at processDispatchQueueItemsInOrder 
(node_modules/react-dom/cjs/react-dom.development.js:9073:7)
      at processDispatchQueue 
(node_modules/react-dom/cjs/react-dom.development.js:9086:5)
      at dispatchEventsForPlugins 
(node_modules/react-dom/cjs/react-dom.development.js:9097:3)
      at node_modules/react-dom/cjs/react-dom.development.js:9288:12
      at batchedUpdates$1 
(node_modules/react-dom/cjs/react-dom.development.js:26179:12)
      at batchedUpdates 
(node_modules/react-dom/cjs/react-dom.development.js:3991:12)
      at dispatchEventForPluginEventSystem 
(node_modules/react-dom/cjs/react-dom.development.js:9287:3)
      at dispatchEventWithEnableCapturePhaseSelectiveHydrationWithoutDiscreteEv
entReplay (node_modules/react-dom/cjs/react-dom.development.js:6465:5)
      at dispatchEvent 
(node_modules/react-dom/cjs/react-dom.development.js:6457:5)
      at dispatchDiscreteEvent 
(node_modules/react-dom/cjs/react-dom.development.js:6430:5)
      at HTMLDivElement.callTheUserObjectsOperation 
(node_modules/jsdom/lib/jsdom/living/generated/EventListener.js:26:30)
      at innerInvokeEventListeners 
(node_modules/jsdom/lib/jsdom/living/events/EventTarget-impl.js:350:25)
      at invokeEventListeners 
(node_modules/jsdom/lib/jsdom/living/events/EventTarget-impl.js:286:3)
      at HTMLInputElementImpl._dispatch 
(node_modules/jsdom/lib/jsdom/living/events/EventTarget-impl.js:233:9)
      at HTMLInputElementImpl.dispatchEvent 
(node_modules/jsdom/lib/jsdom/living/events/EventTarget-impl.js:104:17)
      at HTMLInputElement.dispatchEvent 
(node_modules/jsdom/lib/jsdom/living/generated/EventTarget.js:241:34)
      at 
node_modules/@testing-library/user-event/dist/cjs/event/dispatchEvent.js:45:43
      at Object.eventWrapper 
(node_modules/@testing-library/dom/dist/config.js:25:23)
      at Object.wrapEvent 
(node_modules/@testing-library/user-event/dist/cjs/event/wrapEvent.js:6:28)
      at Object.dispatchEvent (node_modules/@testing-library/user-event/dist/cj
s/event/dispatchEvent.js:45:22)
      at Object.dispatchUIEvent (node_modules/@testing-library/user-event/dist/
cjs/event/dispatchEvent.js:22:26)
      at commitInput 
(node_modules/@testing-library/user-event/dist/cjs/event/input.js:145:14)
      at editInputElement 
(node_modules/@testing-library/user-event/dist/cjs/event/input.js:115:9)
      at Object.input 
(node_modules/@testing-library/user-event/dist/cjs/event/input.js:37:9)
      at node_modules/@testing-library/user-event/dist/cjs/event/behavior/keypr
ess.js:31:26
      at Object.dispatchEvent (node_modules/@testing-library/user-event/dist/cj
s/event/dispatchEvent.js:41:13)
      at Object.dispatchUIEvent (node_modules/@testing-library/user-event/dist/
cjs/event/dispatchEvent.js:22:26)
      at KeyboardHost.keydown 
(node_modules/@testing-library/user-event/dist/cjs/system/keyboard.js:76:22)
      at keyboardAction 
(node_modules/@testing-library/user-event/dist/cjs/keyboard/index.js:22:35)
      at Object.keyboard 
(node_modules/@testing-library/user-event/dist/cjs/keyboard/index.js:11:15)
      at Object.type 
(node_modules/@testing-library/user-event/dist/cjs/utility/type.js:17:5)
      at Object.<anonymous> (src/auth/auth.test.tsx:193:9)

    console.error
      Warning: An update to LoginForm inside a test was not wrapped in 
act(...).
      
      When testing, code that causes React state updates should be wrapped 
into act(...):
      
      act(() => {
        /* fire events that update state */
      });
      /* assert on the output */
      
      This ensures that you're testing the behavior the user would see in the 
browser. Learn more at https://reactjs.org/link/wrap-tests-with-act
          at LoginForm (C:\Users\samhe\OneDrive\Desktop\Cleaned\frontend\src\au
th\LoginForm\LoginForm.tsx:41:33)
          at div
          at div
          at LoginPage
          at routeContext (C:\Users\samhe\OneDrive\Desktop\Cleaned\frontend\nod
e_modules\react-router\lib\hooks.tsx:658:26)
          at children (C:\Users\samhe\OneDrive\Desktop\Cleaned\frontend\node_mo
dules\react-router\lib\components.tsx:512:3)
          at basenameProp (C:\Users\samhe\OneDrive\Desktop\Cleaned\frontend\nod
e_modules\react-router\lib\components.tsx:421:13)
          at basename (C:\Users\samhe\OneDrive\Desktop\Cleaned\frontend\node_mo
dules\react-router\lib\components.tsx:225:3)

      141 |                         placeholder="Enter your password"
      142 |                         value={password}
    > 143 |                         onChange={(e) => 
setPassword(e.target.value)}
          |                                          ^
      144 |                         className="w-full rounded-md border 
border-gray-300 px-3 py-2 pr-10 text-sm focus:outline-none focus:ring-2 
focus:ring-gray-900 disabled:opacity-50"
      145 |                     />
      146 |                     <button

      at printWarning 
(node_modules/react-dom/cjs/react-dom.development.js:86:30)
      at error (node_modules/react-dom/cjs/react-dom.development.js:60:7)
      at warnIfUpdatesNotWrappedWithActDEV 
(node_modules/react-dom/cjs/react-dom.development.js:27628:9)
      at scheduleUpdateOnFiber 
(node_modules/react-dom/cjs/react-dom.development.js:25547:5)
      at dispatchSetState 
(node_modules/react-dom/cjs/react-dom.development.js:16708:7)
      at onChange (src/auth/LoginForm/LoginForm.tsx:143:42)
      at HTMLUnknownElement.callCallback 
(node_modules/react-dom/cjs/react-dom.development.js:4164:14)
      at HTMLUnknownElement.callTheUserObjectsOperation 
(node_modules/jsdom/lib/jsdom/living/generated/EventListener.js:26:30)
      at innerInvokeEventListeners 
(node_modules/jsdom/lib/jsdom/living/events/EventTarget-impl.js:350:25)
      at invokeEventListeners 
(node_modules/jsdom/lib/jsdom/living/events/EventTarget-impl.js:286:3)
      at HTMLUnknownElementImpl._dispatch 
(node_modules/jsdom/lib/jsdom/living/events/EventTarget-impl.js:233:9)
      at HTMLUnknownElementImpl.dispatchEvent 
(node_modules/jsdom/lib/jsdom/living/events/EventTarget-impl.js:104:17)
      at HTMLUnknownElement.dispatchEvent 
(node_modules/jsdom/lib/jsdom/living/generated/EventTarget.js:241:34)
      at Object.invokeGuardedCallbackDev 
(node_modules/react-dom/cjs/react-dom.development.js:4213:16)
      at invokeGuardedCallback 
(node_modules/react-dom/cjs/react-dom.development.js:4277:31)
      at invokeGuardedCallbackAndCatchFirstError 
(node_modules/react-dom/cjs/react-dom.development.js:4291:25)
      at executeDispatch 
(node_modules/react-dom/cjs/react-dom.development.js:9041:3)
      at processDispatchQueueItemsInOrder 
(node_modules/react-dom/cjs/react-dom.development.js:9073:7)
      at processDispatchQueue 
(node_modules/react-dom/cjs/react-dom.development.js:9086:5)
      at dispatchEventsForPlugins 
(node_modules/react-dom/cjs/react-dom.development.js:9097:3)
      at node_modules/react-dom/cjs/react-dom.development.js:9288:12
      at batchedUpdates$1 
(node_modules/react-dom/cjs/react-dom.development.js:26179:12)
      at batchedUpdates 
(node_modules/react-dom/cjs/react-dom.development.js:3991:12)
      at dispatchEventForPluginEventSystem 
(node_modules/react-dom/cjs/react-dom.development.js:9287:3)
      at dispatchEventWithEnableCapturePhaseSelectiveHydrationWithoutDiscreteEv
entReplay (node_modules/react-dom/cjs/react-dom.development.js:6465:5)
      at dispatchEvent 
(node_modules/react-dom/cjs/react-dom.development.js:6457:5)
      at dispatchDiscreteEvent 
(node_modules/react-dom/cjs/react-dom.development.js:6430:5)
      at HTMLDivElement.callTheUserObjectsOperation 
(node_modules/jsdom/lib/jsdom/living/generated/EventListener.js:26:30)
      at innerInvokeEventListeners 
(node_modules/jsdom/lib/jsdom/living/events/EventTarget-impl.js:350:25)
      at invokeEventListeners 
(node_modules/jsdom/lib/jsdom/living/events/EventTarget-impl.js:286:3)
      at HTMLInputElementImpl._dispatch 
(node_modules/jsdom/lib/jsdom/living/events/EventTarget-impl.js:233:9)
      at HTMLInputElementImpl.dispatchEvent 
(node_modules/jsdom/lib/jsdom/living/events/EventTarget-impl.js:104:17)
      at HTMLInputElement.dispatchEvent 
(node_modules/jsdom/lib/jsdom/living/generated/EventTarget.js:241:34)
      at 
node_modules/@testing-library/user-event/dist/cjs/event/dispatchEvent.js:45:43
      at Object.eventWrapper 
(node_modules/@testing-library/dom/dist/config.js:25:23)
      at Object.wrapEvent 
(node_modules/@testing-library/user-event/dist/cjs/event/wrapEvent.js:6:28)
      at Object.dispatchEvent (node_modules/@testing-library/user-event/dist/cj
s/event/dispatchEvent.js:45:22)
      at Object.dispatchUIEvent (node_modules/@testing-library/user-event/dist/
cjs/event/dispatchEvent.js:22:26)
      at commitInput 
(node_modules/@testing-library/user-event/dist/cjs/event/input.js:145:14)
      at editInputElement 
(node_modules/@testing-library/user-event/dist/cjs/event/input.js:115:9)
      at Object.input 
(node_modules/@testing-library/user-event/dist/cjs/event/input.js:37:9)
      at node_modules/@testing-library/user-event/dist/cjs/event/behavior/keypr
ess.js:31:26
      at Object.dispatchEvent (node_modules/@testing-library/user-event/dist/cj
s/event/dispatchEvent.js:41:13)
      at Object.dispatchUIEvent (node_modules/@testing-library/user-event/dist/
cjs/event/dispatchEvent.js:22:26)
      at KeyboardHost.keydown 
(node_modules/@testing-library/user-event/dist/cjs/system/keyboard.js:76:22)
      at keyboardAction 
(node_modules/@testing-library/user-event/dist/cjs/keyboard/index.js:22:35)
      at Object.keyboard 
(node_modules/@testing-library/user-event/dist/cjs/keyboard/index.js:11:15)
      at Object.type 
(node_modules/@testing-library/user-event/dist/cjs/utility/type.js:17:5)
      at Object.<anonymous> (src/auth/auth.test.tsx:193:9)

    console.error
      Warning: An update to LoginForm inside a test was not wrapped in 
act(...).
      
      When testing, code that causes React state updates should be wrapped 
into act(...):
      
      act(() => {
        /* fire events that update state */
      });
      /* assert on the output */
      
      This ensures that you're testing the behavior the user would see in the 
browser. Learn more at https://reactjs.org/link/wrap-tests-with-act
          at LoginForm (C:\Users\samhe\OneDrive\Desktop\Cleaned\frontend\src\au
th\LoginForm\LoginForm.tsx:41:33)
          at div
          at div
          at LoginPage
          at routeContext (C:\Users\samhe\OneDrive\Desktop\Cleaned\frontend\nod
e_modules\react-router\lib\hooks.tsx:658:26)
          at children (C:\Users\samhe\OneDrive\Desktop\Cleaned\frontend\node_mo
dules\react-router\lib\components.tsx:512:3)
          at basenameProp (C:\Users\samhe\OneDrive\Desktop\Cleaned\frontend\nod
e_modules\react-router\lib\components.tsx:421:13)
          at basename (C:\Users\samhe\OneDrive\Desktop\Cleaned\frontend\node_mo
dules\react-router\lib\components.tsx:225:3)

      141 |                         placeholder="Enter your password"
      142 |                         value={password}
    > 143 |                         onChange={(e) => 
setPassword(e.target.value)}
          |                                          ^
      144 |                         className="w-full rounded-md border 
border-gray-300 px-3 py-2 pr-10 text-sm focus:outline-none focus:ring-2 
focus:ring-gray-900 disabled:opacity-50"
      145 |                     />
      146 |                     <button

      at printWarning 
(node_modules/react-dom/cjs/react-dom.development.js:86:30)
      at error (node_modules/react-dom/cjs/react-dom.development.js:60:7)
      at warnIfUpdatesNotWrappedWithActDEV 
(node_modules/react-dom/cjs/react-dom.development.js:27628:9)
      at scheduleUpdateOnFiber 
(node_modules/react-dom/cjs/react-dom.development.js:25547:5)
      at dispatchSetState 
(node_modules/react-dom/cjs/react-dom.development.js:16708:7)
      at onChange (src/auth/LoginForm/LoginForm.tsx:143:42)
      at HTMLUnknownElement.callCallback 
(node_modules/react-dom/cjs/react-dom.development.js:4164:14)
      at HTMLUnknownElement.callTheUserObjectsOperation 
(node_modules/jsdom/lib/jsdom/living/generated/EventListener.js:26:30)
      at innerInvokeEventListeners 
(node_modules/jsdom/lib/jsdom/living/events/EventTarget-impl.js:350:25)
      at invokeEventListeners 
(node_modules/jsdom/lib/jsdom/living/events/EventTarget-impl.js:286:3)
      at HTMLUnknownElementImpl._dispatch 
(node_modules/jsdom/lib/jsdom/living/events/EventTarget-impl.js:233:9)
      at HTMLUnknownElementImpl.dispatchEvent 
(node_modules/jsdom/lib/jsdom/living/events/EventTarget-impl.js:104:17)
      at HTMLUnknownElement.dispatchEvent 
(node_modules/jsdom/lib/jsdom/living/generated/EventTarget.js:241:34)
      at Object.invokeGuardedCallbackDev 
(node_modules/react-dom/cjs/react-dom.development.js:4213:16)
      at invokeGuardedCallback 
(node_modules/react-dom/cjs/react-dom.development.js:4277:31)
      at invokeGuardedCallbackAndCatchFirstError 
(node_modules/react-dom/cjs/react-dom.development.js:4291:25)
      at executeDispatch 
(node_modules/react-dom/cjs/react-dom.development.js:9041:3)
      at processDispatchQueueItemsInOrder 
(node_modules/react-dom/cjs/react-dom.development.js:9073:7)
      at processDispatchQueue 
(node_modules/react-dom/cjs/react-dom.development.js:9086:5)
      at dispatchEventsForPlugins 
(node_modules/react-dom/cjs/react-dom.development.js:9097:3)
      at node_modules/react-dom/cjs/react-dom.development.js:9288:12
      at batchedUpdates$1 
(node_modules/react-dom/cjs/react-dom.development.js:26179:12)
      at batchedUpdates 
(node_modules/react-dom/cjs/react-dom.development.js:3991:12)
      at dispatchEventForPluginEventSystem 
(node_modules/react-dom/cjs/react-dom.development.js:9287:3)
      at dispatchEventWithEnableCapturePhaseSelectiveHydrationWithoutDiscreteEv
entReplay (node_modules/react-dom/cjs/react-dom.development.js:6465:5)
      at dispatchEvent 
(node_modules/react-dom/cjs/react-dom.development.js:6457:5)
      at dispatchDiscreteEvent 
(node_modules/react-dom/cjs/react-dom.development.js:6430:5)
      at HTMLDivElement.callTheUserObjectsOperation 
(node_modules/jsdom/lib/jsdom/living/generated/EventListener.js:26:30)
      at innerInvokeEventListeners 
(node_modules/jsdom/lib/jsdom/living/events/EventTarget-impl.js:350:25)
      at invokeEventListeners 
(node_modules/jsdom/lib/jsdom/living/events/EventTarget-impl.js:286:3)
      at HTMLInputElementImpl._dispatch 
(node_modules/jsdom/lib/jsdom/living/events/EventTarget-impl.js:233:9)
      at HTMLInputElementImpl.dispatchEvent 
(node_modules/jsdom/lib/jsdom/living/events/EventTarget-impl.js:104:17)
      at HTMLInputElement.dispatchEvent 
(node_modules/jsdom/lib/jsdom/living/generated/EventTarget.js:241:34)
      at 
node_modules/@testing-library/user-event/dist/cjs/event/dispatchEvent.js:45:43
      at Object.eventWrapper 
(node_modules/@testing-library/dom/dist/config.js:25:23)
      at Object.wrapEvent 
(node_modules/@testing-library/user-event/dist/cjs/event/wrapEvent.js:6:28)
      at Object.dispatchEvent (node_modules/@testing-library/user-event/dist/cj
s/event/dispatchEvent.js:45:22)
      at Object.dispatchUIEvent (node_modules/@testing-library/user-event/dist/
cjs/event/dispatchEvent.js:22:26)
      at commitInput 
(node_modules/@testing-library/user-event/dist/cjs/event/input.js:145:14)
      at editInputElement 
(node_modules/@testing-library/user-event/dist/cjs/event/input.js:115:9)
      at Object.input 
(node_modules/@testing-library/user-event/dist/cjs/event/input.js:37:9)
      at node_modules/@testing-library/user-event/dist/cjs/event/behavior/keypr
ess.js:31:26
      at Object.dispatchEvent (node_modules/@testing-library/user-event/dist/cj
s/event/dispatchEvent.js:41:13)
      at Object.dispatchUIEvent (node_modules/@testing-library/user-event/dist/
cjs/event/dispatchEvent.js:22:26)
      at KeyboardHost.keydown 
(node_modules/@testing-library/user-event/dist/cjs/system/keyboard.js:76:22)
      at keyboardAction 
(node_modules/@testing-library/user-event/dist/cjs/keyboard/index.js:22:35)
      at Object.keyboard 
(node_modules/@testing-library/user-event/dist/cjs/keyboard/index.js:11:15)
      at Object.type 
(node_modules/@testing-library/user-event/dist/cjs/utility/type.js:17:5)
      at Object.<anonymous> (src/auth/auth.test.tsx:193:9)

    console.error
      Warning: An update to LoginForm inside a test was not wrapped in 
act(...).
      
      When testing, code that causes React state updates should be wrapped 
into act(...):
      
      act(() => {
        /* fire events that update state */
      });
      /* assert on the output */
      
      This ensures that you're testing the behavior the user would see in the 
browser. Learn more at https://reactjs.org/link/wrap-tests-with-act
          at LoginForm (C:\Users\samhe\OneDrive\Desktop\Cleaned\frontend\src\au
th\LoginForm\LoginForm.tsx:41:33)
          at div
          at div
          at LoginPage
          at routeContext (C:\Users\samhe\OneDrive\Desktop\Cleaned\frontend\nod
e_modules\react-router\lib\hooks.tsx:658:26)
          at children (C:\Users\samhe\OneDrive\Desktop\Cleaned\frontend\node_mo
dules\react-router\lib\components.tsx:512:3)
          at basenameProp (C:\Users\samhe\OneDrive\Desktop\Cleaned\frontend\nod
e_modules\react-router\lib\components.tsx:421:13)
          at basename (C:\Users\samhe\OneDrive\Desktop\Cleaned\frontend\node_mo
dules\react-router\lib\components.tsx:225:3)

      141 |                         placeholder="Enter your password"
      142 |                         value={password}
    > 143 |                         onChange={(e) => 
setPassword(e.target.value)}
          |                                          ^
      144 |                         className="w-full rounded-md border 
border-gray-300 px-3 py-2 pr-10 text-sm focus:outline-none focus:ring-2 
focus:ring-gray-900 disabled:opacity-50"
      145 |                     />
      146 |                     <button

      at printWarning 
(node_modules/react-dom/cjs/react-dom.development.js:86:30)
      at error (node_modules/react-dom/cjs/react-dom.development.js:60:7)
      at warnIfUpdatesNotWrappedWithActDEV 
(node_modules/react-dom/cjs/react-dom.development.js:27628:9)
      at scheduleUpdateOnFiber 
(node_modules/react-dom/cjs/react-dom.development.js:25547:5)
      at dispatchSetState 
(node_modules/react-dom/cjs/react-dom.development.js:16708:7)
      at onChange (src/auth/LoginForm/LoginForm.tsx:143:42)
      at HTMLUnknownElement.callCallback 
(node_modules/react-dom/cjs/react-dom.development.js:4164:14)
      at HTMLUnknownElement.callTheUserObjectsOperation 
(node_modules/jsdom/lib/jsdom/living/generated/EventListener.js:26:30)
      at innerInvokeEventListeners 
(node_modules/jsdom/lib/jsdom/living/events/EventTarget-impl.js:350:25)
      at invokeEventListeners 
(node_modules/jsdom/lib/jsdom/living/events/EventTarget-impl.js:286:3)
      at HTMLUnknownElementImpl._dispatch 
(node_modules/jsdom/lib/jsdom/living/events/EventTarget-impl.js:233:9)
      at HTMLUnknownElementImpl.dispatchEvent 
(node_modules/jsdom/lib/jsdom/living/events/EventTarget-impl.js:104:17)
      at HTMLUnknownElement.dispatchEvent 
(node_modules/jsdom/lib/jsdom/living/generated/EventTarget.js:241:34)
      at Object.invokeGuardedCallbackDev 
(node_modules/react-dom/cjs/react-dom.development.js:4213:16)
      at invokeGuardedCallback 
(node_modules/react-dom/cjs/react-dom.development.js:4277:31)
      at invokeGuardedCallbackAndCatchFirstError 
(node_modules/react-dom/cjs/react-dom.development.js:4291:25)
      at executeDispatch 
(node_modules/react-dom/cjs/react-dom.development.js:9041:3)
      at processDispatchQueueItemsInOrder 
(node_modules/react-dom/cjs/react-dom.development.js:9073:7)
      at processDispatchQueue 
(node_modules/react-dom/cjs/react-dom.development.js:9086:5)
      at dispatchEventsForPlugins 
(node_modules/react-dom/cjs/react-dom.development.js:9097:3)
      at node_modules/react-dom/cjs/react-dom.development.js:9288:12
      at batchedUpdates$1 
(node_modules/react-dom/cjs/react-dom.development.js:26179:12)
      at batchedUpdates 
(node_modules/react-dom/cjs/react-dom.development.js:3991:12)
      at dispatchEventForPluginEventSystem 
(node_modules/react-dom/cjs/react-dom.development.js:9287:3)
      at dispatchEventWithEnableCapturePhaseSelectiveHydrationWithoutDiscreteEv
entReplay (node_modules/react-dom/cjs/react-dom.development.js:6465:5)
      at dispatchEvent 
(node_modules/react-dom/cjs/react-dom.development.js:6457:5)
      at dispatchDiscreteEvent 
(node_modules/react-dom/cjs/react-dom.development.js:6430:5)
      at HTMLDivElement.callTheUserObjectsOperation 
(node_modules/jsdom/lib/jsdom/living/generated/EventListener.js:26:30)
      at innerInvokeEventListeners 
(node_modules/jsdom/lib/jsdom/living/events/EventTarget-impl.js:350:25)
      at invokeEventListeners 
(node_modules/jsdom/lib/jsdom/living/events/EventTarget-impl.js:286:3)
      at HTMLInputElementImpl._dispatch 
(node_modules/jsdom/lib/jsdom/living/events/EventTarget-impl.js:233:9)
      at HTMLInputElementImpl.dispatchEvent 
(node_modules/jsdom/lib/jsdom/living/events/EventTarget-impl.js:104:17)
      at HTMLInputElement.dispatchEvent 
(node_modules/jsdom/lib/jsdom/living/generated/EventTarget.js:241:34)
      at 
node_modules/@testing-library/user-event/dist/cjs/event/dispatchEvent.js:45:43
      at Object.eventWrapper 
(node_modules/@testing-library/dom/dist/config.js:25:23)
      at Object.wrapEvent 
(node_modules/@testing-library/user-event/dist/cjs/event/wrapEvent.js:6:28)
      at Object.dispatchEvent (node_modules/@testing-library/user-event/dist/cj
s/event/dispatchEvent.js:45:22)
      at Object.dispatchUIEvent (node_modules/@testing-library/user-event/dist/
cjs/event/dispatchEvent.js:22:26)
      at commitInput 
(node_modules/@testing-library/user-event/dist/cjs/event/input.js:145:14)
      at editInputElement 
(node_modules/@testing-library/user-event/dist/cjs/event/input.js:115:9)
      at Object.input 
(node_modules/@testing-library/user-event/dist/cjs/event/input.js:37:9)
      at node_modules/@testing-library/user-event/dist/cjs/event/behavior/keypr
ess.js:31:26
      at Object.dispatchEvent (node_modules/@testing-library/user-event/dist/cj
s/event/dispatchEvent.js:41:13)
      at Object.dispatchUIEvent (node_modules/@testing-library/user-event/dist/
cjs/event/dispatchEvent.js:22:26)
      at KeyboardHost.keydown 
(node_modules/@testing-library/user-event/dist/cjs/system/keyboard.js:76:22)
      at keyboardAction 
(node_modules/@testing-library/user-event/dist/cjs/keyboard/index.js:22:35)
      at Object.keyboard 
(node_modules/@testing-library/user-event/dist/cjs/keyboard/index.js:11:15)
      at Object.type 
(node_modules/@testing-library/user-event/dist/cjs/utility/type.js:17:5)
      at Object.<anonymous> (src/auth/auth.test.tsx:193:9)

    console.error
      Warning: An update to LoginForm inside a test was not wrapped in 
act(...).
      
      When testing, code that causes React state updates should be wrapped 
into act(...):
      
      act(() => {
        /* fire events that update state */
      });
      /* assert on the output */
      
      This ensures that you're testing the behavior the user would see in the 
browser. Learn more at https://reactjs.org/link/wrap-tests-with-act
          at LoginForm (C:\Users\samhe\OneDrive\Desktop\Cleaned\frontend\src\au
th\LoginForm\LoginForm.tsx:41:33)
          at div
          at div
          at LoginPage
          at routeContext (C:\Users\samhe\OneDrive\Desktop\Cleaned\frontend\nod
e_modules\react-router\lib\hooks.tsx:658:26)
          at children (C:\Users\samhe\OneDrive\Desktop\Cleaned\frontend\node_mo
dules\react-router\lib\components.tsx:512:3)
          at basenameProp (C:\Users\samhe\OneDrive\Desktop\Cleaned\frontend\nod
e_modules\react-router\lib\components.tsx:421:13)
          at basename (C:\Users\samhe\OneDrive\Desktop\Cleaned\frontend\node_mo
dules\react-router\lib\components.tsx:225:3)

      141 |                         placeholder="Enter your password"
      142 |                         value={password}
    > 143 |                         onChange={(e) => 
setPassword(e.target.value)}
          |                                          ^
      144 |                         className="w-full rounded-md border 
border-gray-300 px-3 py-2 pr-10 text-sm focus:outline-none focus:ring-2 
focus:ring-gray-900 disabled:opacity-50"
      145 |                     />
      146 |                     <button

      at printWarning 
(node_modules/react-dom/cjs/react-dom.development.js:86:30)
      at error (node_modules/react-dom/cjs/react-dom.development.js:60:7)
      at warnIfUpdatesNotWrappedWithActDEV 
(node_modules/react-dom/cjs/react-dom.development.js:27628:9)
      at scheduleUpdateOnFiber 
(node_modules/react-dom/cjs/react-dom.development.js:25547:5)
      at dispatchSetState 
(node_modules/react-dom/cjs/react-dom.development.js:16708:7)
      at onChange (src/auth/LoginForm/LoginForm.tsx:143:42)
      at HTMLUnknownElement.callCallback 
(node_modules/react-dom/cjs/react-dom.development.js:4164:14)
      at HTMLUnknownElement.callTheUserObjectsOperation 
(node_modules/jsdom/lib/jsdom/living/generated/EventListener.js:26:30)
      at innerInvokeEventListeners 
(node_modules/jsdom/lib/jsdom/living/events/EventTarget-impl.js:350:25)
      at invokeEventListeners 
(node_modules/jsdom/lib/jsdom/living/events/EventTarget-impl.js:286:3)
      at HTMLUnknownElementImpl._dispatch 
(node_modules/jsdom/lib/jsdom/living/events/EventTarget-impl.js:233:9)
      at HTMLUnknownElementImpl.dispatchEvent 
(node_modules/jsdom/lib/jsdom/living/events/EventTarget-impl.js:104:17)
      at HTMLUnknownElement.dispatchEvent 
(node_modules/jsdom/lib/jsdom/living/generated/EventTarget.js:241:34)
      at Object.invokeGuardedCallbackDev 
(node_modules/react-dom/cjs/react-dom.development.js:4213:16)
      at invokeGuardedCallback 
(node_modules/react-dom/cjs/react-dom.development.js:4277:31)
      at invokeGuardedCallbackAndCatchFirstError 
(node_modules/react-dom/cjs/react-dom.development.js:4291:25)
      at executeDispatch 
(node_modules/react-dom/cjs/react-dom.development.js:9041:3)
      at processDispatchQueueItemsInOrder 
(node_modules/react-dom/cjs/react-dom.development.js:9073:7)
      at processDispatchQueue 
(node_modules/react-dom/cjs/react-dom.development.js:9086:5)
      at dispatchEventsForPlugins 
(node_modules/react-dom/cjs/react-dom.development.js:9097:3)
      at node_modules/react-dom/cjs/react-dom.development.js:9288:12
      at batchedUpdates$1 
(node_modules/react-dom/cjs/react-dom.development.js:26179:12)
      at batchedUpdates 
(node_modules/react-dom/cjs/react-dom.development.js:3991:12)
      at dispatchEventForPluginEventSystem 
(node_modules/react-dom/cjs/react-dom.development.js:9287:3)
      at dispatchEventWithEnableCapturePhaseSelectiveHydrationWithoutDiscreteEv
entReplay (node_modules/react-dom/cjs/react-dom.development.js:6465:5)
      at dispatchEvent 
(node_modules/react-dom/cjs/react-dom.development.js:6457:5)
      at dispatchDiscreteEvent 
(node_modules/react-dom/cjs/react-dom.development.js:6430:5)
      at HTMLDivElement.callTheUserObjectsOperation 
(node_modules/jsdom/lib/jsdom/living/generated/EventListener.js:26:30)
      at innerInvokeEventListeners 
(node_modules/jsdom/lib/jsdom/living/events/EventTarget-impl.js:350:25)
      at invokeEventListeners 
(node_modules/jsdom/lib/jsdom/living/events/EventTarget-impl.js:286:3)
      at HTMLInputElementImpl._dispatch 
(node_modules/jsdom/lib/jsdom/living/events/EventTarget-impl.js:233:9)
      at HTMLInputElementImpl.dispatchEvent 
(node_modules/jsdom/lib/jsdom/living/events/EventTarget-impl.js:104:17)
      at HTMLInputElement.dispatchEvent 
(node_modules/jsdom/lib/jsdom/living/generated/EventTarget.js:241:34)
      at 
node_modules/@testing-library/user-event/dist/cjs/event/dispatchEvent.js:45:43
      at Object.eventWrapper 
(node_modules/@testing-library/dom/dist/config.js:25:23)
      at Object.wrapEvent 
(node_modules/@testing-library/user-event/dist/cjs/event/wrapEvent.js:6:28)
      at Object.dispatchEvent (node_modules/@testing-library/user-event/dist/cj
s/event/dispatchEvent.js:45:22)
      at Object.dispatchUIEvent (node_modules/@testing-library/user-event/dist/
cjs/event/dispatchEvent.js:22:26)
      at commitInput 
(node_modules/@testing-library/user-event/dist/cjs/event/input.js:145:14)
      at editInputElement 
(node_modules/@testing-library/user-event/dist/cjs/event/input.js:115:9)
      at Object.input 
(node_modules/@testing-library/user-event/dist/cjs/event/input.js:37:9)
      at node_modules/@testing-library/user-event/dist/cjs/event/behavior/keypr
ess.js:31:26
      at Object.dispatchEvent (node_modules/@testing-library/user-event/dist/cj
s/event/dispatchEvent.js:41:13)
      at Object.dispatchUIEvent (node_modules/@testing-library/user-event/dist/
cjs/event/dispatchEvent.js:22:26)
      at KeyboardHost.keydown 
(node_modules/@testing-library/user-event/dist/cjs/system/keyboard.js:76:22)
      at keyboardAction 
(node_modules/@testing-library/user-event/dist/cjs/keyboard/index.js:22:35)
      at Object.keyboard 
(node_modules/@testing-library/user-event/dist/cjs/keyboard/index.js:11:15)
      at Object.type 
(node_modules/@testing-library/user-event/dist/cjs/utility/type.js:17:5)
      at Object.<anonymous> (src/auth/auth.test.tsx:193:9)

    console.error
      Warning: An update to LoginForm inside a test was not wrapped in 
act(...).
      
      When testing, code that causes React state updates should be wrapped 
into act(...):
      
      act(() => {
        /* fire events that update state */
      });
      /* assert on the output */
      
      This ensures that you're testing the behavior the user would see in the 
browser. Learn more at https://reactjs.org/link/wrap-tests-with-act
          at LoginForm (C:\Users\samhe\OneDrive\Desktop\Cleaned\frontend\src\au
th\LoginForm\LoginForm.tsx:41:33)
          at div
          at div
          at LoginPage
          at routeContext (C:\Users\samhe\OneDrive\Desktop\Cleaned\frontend\nod
e_modules\react-router\lib\hooks.tsx:658:26)
          at children (C:\Users\samhe\OneDrive\Desktop\Cleaned\frontend\node_mo
dules\react-router\lib\components.tsx:512:3)
          at basenameProp (C:\Users\samhe\OneDrive\Desktop\Cleaned\frontend\nod
e_modules\react-router\lib\components.tsx:421:13)
          at basename (C:\Users\samhe\OneDrive\Desktop\Cleaned\frontend\node_mo
dules\react-router\lib\components.tsx:225:3)

      141 |                         placeholder="Enter your password"
      142 |                         value={password}
    > 143 |                         onChange={(e) => 
setPassword(e.target.value)}
          |                                          ^
      144 |                         className="w-full rounded-md border 
border-gray-300 px-3 py-2 pr-10 text-sm focus:outline-none focus:ring-2 
focus:ring-gray-900 disabled:opacity-50"
      145 |                     />
      146 |                     <button

      at printWarning 
(node_modules/react-dom/cjs/react-dom.development.js:86:30)
      at error (node_modules/react-dom/cjs/react-dom.development.js:60:7)
      at warnIfUpdatesNotWrappedWithActDEV 
(node_modules/react-dom/cjs/react-dom.development.js:27628:9)
      at scheduleUpdateOnFiber 
(node_modules/react-dom/cjs/react-dom.development.js:25547:5)
      at dispatchSetState 
(node_modules/react-dom/cjs/react-dom.development.js:16708:7)
      at onChange (src/auth/LoginForm/LoginForm.tsx:143:42)
      at HTMLUnknownElement.callCallback 
(node_modules/react-dom/cjs/react-dom.development.js:4164:14)
      at HTMLUnknownElement.callTheUserObjectsOperation 
(node_modules/jsdom/lib/jsdom/living/generated/EventListener.js:26:30)
      at innerInvokeEventListeners 
(node_modules/jsdom/lib/jsdom/living/events/EventTarget-impl.js:350:25)
      at invokeEventListeners 
(node_modules/jsdom/lib/jsdom/living/events/EventTarget-impl.js:286:3)
      at HTMLUnknownElementImpl._dispatch 
(node_modules/jsdom/lib/jsdom/living/events/EventTarget-impl.js:233:9)
      at HTMLUnknownElementImpl.dispatchEvent 
(node_modules/jsdom/lib/jsdom/living/events/EventTarget-impl.js:104:17)
      at HTMLUnknownElement.dispatchEvent 
(node_modules/jsdom/lib/jsdom/living/generated/EventTarget.js:241:34)
      at Object.invokeGuardedCallbackDev 
(node_modules/react-dom/cjs/react-dom.development.js:4213:16)
      at invokeGuardedCallback 
(node_modules/react-dom/cjs/react-dom.development.js:4277:31)
      at invokeGuardedCallbackAndCatchFirstError 
(node_modules/react-dom/cjs/react-dom.development.js:4291:25)
      at executeDispatch 
(node_modules/react-dom/cjs/react-dom.development.js:9041:3)
      at processDispatchQueueItemsInOrder 
(node_modules/react-dom/cjs/react-dom.development.js:9073:7)
      at processDispatchQueue 
(node_modules/react-dom/cjs/react-dom.development.js:9086:5)
      at dispatchEventsForPlugins 
(node_modules/react-dom/cjs/react-dom.development.js:9097:3)
      at node_modules/react-dom/cjs/react-dom.development.js:9288:12
      at batchedUpdates$1 
(node_modules/react-dom/cjs/react-dom.development.js:26179:12)
      at batchedUpdates 
(node_modules/react-dom/cjs/react-dom.development.js:3991:12)
      at dispatchEventForPluginEventSystem 
(node_modules/react-dom/cjs/react-dom.development.js:9287:3)
      at dispatchEventWithEnableCapturePhaseSelectiveHydrationWithoutDiscreteEv
entReplay (node_modules/react-dom/cjs/react-dom.development.js:6465:5)
      at dispatchEvent 
(node_modules/react-dom/cjs/react-dom.development.js:6457:5)
      at dispatchDiscreteEvent 
(node_modules/react-dom/cjs/react-dom.development.js:6430:5)
      at HTMLDivElement.callTheUserObjectsOperation 
(node_modules/jsdom/lib/jsdom/living/generated/EventListener.js:26:30)
      at innerInvokeEventListeners 
(node_modules/jsdom/lib/jsdom/living/events/EventTarget-impl.js:350:25)
      at invokeEventListeners 
(node_modules/jsdom/lib/jsdom/living/events/EventTarget-impl.js:286:3)
      at HTMLInputElementImpl._dispatch 
(node_modules/jsdom/lib/jsdom/living/events/EventTarget-impl.js:233:9)
      at HTMLInputElementImpl.dispatchEvent 
(node_modules/jsdom/lib/jsdom/living/events/EventTarget-impl.js:104:17)
      at HTMLInputElement.dispatchEvent 
(node_modules/jsdom/lib/jsdom/living/generated/EventTarget.js:241:34)
      at 
node_modules/@testing-library/user-event/dist/cjs/event/dispatchEvent.js:45:43
      at Object.eventWrapper 
(node_modules/@testing-library/dom/dist/config.js:25:23)
      at Object.wrapEvent 
(node_modules/@testing-library/user-event/dist/cjs/event/wrapEvent.js:6:28)
      at Object.dispatchEvent (node_modules/@testing-library/user-event/dist/cj
s/event/dispatchEvent.js:45:22)
      at Object.dispatchUIEvent (node_modules/@testing-library/user-event/dist/
cjs/event/dispatchEvent.js:22:26)
      at commitInput 
(node_modules/@testing-library/user-event/dist/cjs/event/input.js:145:14)
      at editInputElement 
(node_modules/@testing-library/user-event/dist/cjs/event/input.js:115:9)
      at Object.input 
(node_modules/@testing-library/user-event/dist/cjs/event/input.js:37:9)
      at node_modules/@testing-library/user-event/dist/cjs/event/behavior/keypr
ess.js:31:26
      at Object.dispatchEvent (node_modules/@testing-library/user-event/dist/cj
s/event/dispatchEvent.js:41:13)
      at Object.dispatchUIEvent (node_modules/@testing-library/user-event/dist/
cjs/event/dispatchEvent.js:22:26)
      at KeyboardHost.keydown 
(node_modules/@testing-library/user-event/dist/cjs/system/keyboard.js:76:22)
      at keyboardAction 
(node_modules/@testing-library/user-event/dist/cjs/keyboard/index.js:22:35)
      at Object.keyboard 
(node_modules/@testing-library/user-event/dist/cjs/keyboard/index.js:11:15)
      at Object.type 
(node_modules/@testing-library/user-event/dist/cjs/utility/type.js:17:5)
      at Object.<anonymous> (src/auth/auth.test.tsx:193:9)

    console.error
      Warning: An update to LoginForm inside a test was not wrapped in 
act(...).
      
      When testing, code that causes React state updates should be wrapped 
into act(...):
      
      act(() => {
        /* fire events that update state */
      });
      /* assert on the output */
      
      This ensures that you're testing the behavior the user would see in the 
browser. Learn more at https://reactjs.org/link/wrap-tests-with-act
          at LoginForm (C:\Users\samhe\OneDrive\Desktop\Cleaned\frontend\src\au
th\LoginForm\LoginForm.tsx:41:33)
          at div
          at div
          at LoginPage
          at routeContext (C:\Users\samhe\OneDrive\Desktop\Cleaned\frontend\nod
e_modules\react-router\lib\hooks.tsx:658:26)
          at children (C:\Users\samhe\OneDrive\Desktop\Cleaned\frontend\node_mo
dules\react-router\lib\components.tsx:512:3)
          at basenameProp (C:\Users\samhe\OneDrive\Desktop\Cleaned\frontend\nod
e_modules\react-router\lib\components.tsx:421:13)
          at basename (C:\Users\samhe\OneDrive\Desktop\Cleaned\frontend\node_mo
dules\react-router\lib\components.tsx:225:3)

      141 |                         placeholder="Enter your password"
      142 |                         value={password}
    > 143 |                         onChange={(e) => 
setPassword(e.target.value)}
          |                                          ^
      144 |                         className="w-full rounded-md border 
border-gray-300 px-3 py-2 pr-10 text-sm focus:outline-none focus:ring-2 
focus:ring-gray-900 disabled:opacity-50"
      145 |                     />
      146 |                     <button

      at printWarning 
(node_modules/react-dom/cjs/react-dom.development.js:86:30)
      at error (node_modules/react-dom/cjs/react-dom.development.js:60:7)
      at warnIfUpdatesNotWrappedWithActDEV 
(node_modules/react-dom/cjs/react-dom.development.js:27628:9)
      at scheduleUpdateOnFiber 
(node_modules/react-dom/cjs/react-dom.development.js:25547:5)
      at dispatchSetState 
(node_modules/react-dom/cjs/react-dom.development.js:16708:7)
      at onChange (src/auth/LoginForm/LoginForm.tsx:143:42)
      at HTMLUnknownElement.callCallback 
(node_modules/react-dom/cjs/react-dom.development.js:4164:14)
      at HTMLUnknownElement.callTheUserObjectsOperation 
(node_modules/jsdom/lib/jsdom/living/generated/EventListener.js:26:30)
      at innerInvokeEventListeners 
(node_modules/jsdom/lib/jsdom/living/events/EventTarget-impl.js:350:25)
      at invokeEventListeners 
(node_modules/jsdom/lib/jsdom/living/events/EventTarget-impl.js:286:3)
      at HTMLUnknownElementImpl._dispatch 
(node_modules/jsdom/lib/jsdom/living/events/EventTarget-impl.js:233:9)
      at HTMLUnknownElementImpl.dispatchEvent 
(node_modules/jsdom/lib/jsdom/living/events/EventTarget-impl.js:104:17)
      at HTMLUnknownElement.dispatchEvent 
(node_modules/jsdom/lib/jsdom/living/generated/EventTarget.js:241:34)
      at Object.invokeGuardedCallbackDev 
(node_modules/react-dom/cjs/react-dom.development.js:4213:16)
      at invokeGuardedCallback 
(node_modules/react-dom/cjs/react-dom.development.js:4277:31)
      at invokeGuardedCallbackAndCatchFirstError 
(node_modules/react-dom/cjs/react-dom.development.js:4291:25)
      at executeDispatch 
(node_modules/react-dom/cjs/react-dom.development.js:9041:3)
      at processDispatchQueueItemsInOrder 
(node_modules/react-dom/cjs/react-dom.development.js:9073:7)
      at processDispatchQueue 
(node_modules/react-dom/cjs/react-dom.development.js:9086:5)
      at dispatchEventsForPlugins 
(node_modules/react-dom/cjs/react-dom.development.js:9097:3)
      at node_modules/react-dom/cjs/react-dom.development.js:9288:12
      at batchedUpdates$1 
(node_modules/react-dom/cjs/react-dom.development.js:26179:12)
      at batchedUpdates 
(node_modules/react-dom/cjs/react-dom.development.js:3991:12)
      at dispatchEventForPluginEventSystem 
(node_modules/react-dom/cjs/react-dom.development.js:9287:3)
      at dispatchEventWithEnableCapturePhaseSelectiveHydrationWithoutDiscreteEv
entReplay (node_modules/react-dom/cjs/react-dom.development.js:6465:5)
      at dispatchEvent 
(node_modules/react-dom/cjs/react-dom.development.js:6457:5)
      at dispatchDiscreteEvent 
(node_modules/react-dom/cjs/react-dom.development.js:6430:5)
      at HTMLDivElement.callTheUserObjectsOperation 
(node_modules/jsdom/lib/jsdom/living/generated/EventListener.js:26:30)
      at innerInvokeEventListeners 
(node_modules/jsdom/lib/jsdom/living/events/EventTarget-impl.js:350:25)
      at invokeEventListeners 
(node_modules/jsdom/lib/jsdom/living/events/EventTarget-impl.js:286:3)
      at HTMLInputElementImpl._dispatch 
(node_modules/jsdom/lib/jsdom/living/events/EventTarget-impl.js:233:9)
      at HTMLInputElementImpl.dispatchEvent 
(node_modules/jsdom/lib/jsdom/living/events/EventTarget-impl.js:104:17)
      at HTMLInputElement.dispatchEvent 
(node_modules/jsdom/lib/jsdom/living/generated/EventTarget.js:241:34)
      at 
node_modules/@testing-library/user-event/dist/cjs/event/dispatchEvent.js:45:43
      at Object.eventWrapper 
(node_modules/@testing-library/dom/dist/config.js:25:23)
      at Object.wrapEvent 
(node_modules/@testing-library/user-event/dist/cjs/event/wrapEvent.js:6:28)
      at Object.dispatchEvent (node_modules/@testing-library/user-event/dist/cj
s/event/dispatchEvent.js:45:22)
      at Object.dispatchUIEvent (node_modules/@testing-library/user-event/dist/
cjs/event/dispatchEvent.js:22:26)
      at commitInput 
(node_modules/@testing-library/user-event/dist/cjs/event/input.js:145:14)
      at editInputElement 
(node_modules/@testing-library/user-event/dist/cjs/event/input.js:115:9)
      at Object.input 
(node_modules/@testing-library/user-event/dist/cjs/event/input.js:37:9)
      at node_modules/@testing-library/user-event/dist/cjs/event/behavior/keypr
ess.js:31:26
      at Object.dispatchEvent (node_modules/@testing-library/user-event/dist/cj
s/event/dispatchEvent.js:41:13)
      at Object.dispatchUIEvent (node_modules/@testing-library/user-event/dist/
cjs/event/dispatchEvent.js:22:26)
      at KeyboardHost.keydown 
(node_modules/@testing-library/user-event/dist/cjs/system/keyboard.js:76:22)
      at keyboardAction 
(node_modules/@testing-library/user-event/dist/cjs/keyboard/index.js:22:35)
      at Object.keyboard 
(node_modules/@testing-library/user-event/dist/cjs/keyboard/index.js:11:15)
      at Object.type 
(node_modules/@testing-library/user-event/dist/cjs/utility/type.js:17:5)
      at Object.<anonymous> (src/auth/auth.test.tsx:193:9)

    console.error
      Warning: An update to LoginForm inside a test was not wrapped in 
act(...).
      
      When testing, code that causes React state updates should be wrapped 
into act(...):
      
      act(() => {
        /* fire events that update state */
      });
      /* assert on the output */
      
      This ensures that you're testing the behavior the user would see in the 
browser. Learn more at https://reactjs.org/link/wrap-tests-with-act
          at LoginForm (C:\Users\samhe\OneDrive\Desktop\Cleaned\frontend\src\au
th\LoginForm\LoginForm.tsx:41:33)
          at div
          at div
          at LoginPage
          at routeContext (C:\Users\samhe\OneDrive\Desktop\Cleaned\frontend\nod
e_modules\react-router\lib\hooks.tsx:658:26)
          at children (C:\Users\samhe\OneDrive\Desktop\Cleaned\frontend\node_mo
dules\react-router\lib\components.tsx:512:3)
          at basenameProp (C:\Users\samhe\OneDrive\Desktop\Cleaned\frontend\nod
e_modules\react-router\lib\components.tsx:421:13)
          at basename (C:\Users\samhe\OneDrive\Desktop\Cleaned\frontend\node_mo
dules\react-router\lib\components.tsx:225:3)

      141 |                         placeholder="Enter your password"
      142 |                         value={password}
    > 143 |                         onChange={(e) => 
setPassword(e.target.value)}
          |                                          ^
      144 |                         className="w-full rounded-md border 
border-gray-300 px-3 py-2 pr-10 text-sm focus:outline-none focus:ring-2 
focus:ring-gray-900 disabled:opacity-50"
      145 |                     />
      146 |                     <button

      at printWarning 
(node_modules/react-dom/cjs/react-dom.development.js:86:30)
      at error (node_modules/react-dom/cjs/react-dom.development.js:60:7)
      at warnIfUpdatesNotWrappedWithActDEV 
(node_modules/react-dom/cjs/react-dom.development.js:27628:9)
      at scheduleUpdateOnFiber 
(node_modules/react-dom/cjs/react-dom.development.js:25547:5)
      at dispatchSetState 
(node_modules/react-dom/cjs/react-dom.development.js:16708:7)
      at onChange (src/auth/LoginForm/LoginForm.tsx:143:42)
      at HTMLUnknownElement.callCallback 
(node_modules/react-dom/cjs/react-dom.development.js:4164:14)
      at HTMLUnknownElement.callTheUserObjectsOperation 
(node_modules/jsdom/lib/jsdom/living/generated/EventListener.js:26:30)
      at innerInvokeEventListeners 
(node_modules/jsdom/lib/jsdom/living/events/EventTarget-impl.js:350:25)
      at invokeEventListeners 
(node_modules/jsdom/lib/jsdom/living/events/EventTarget-impl.js:286:3)
      at HTMLUnknownElementImpl._dispatch 
(node_modules/jsdom/lib/jsdom/living/events/EventTarget-impl.js:233:9)
      at HTMLUnknownElementImpl.dispatchEvent 
(node_modules/jsdom/lib/jsdom/living/events/EventTarget-impl.js:104:17)
      at HTMLUnknownElement.dispatchEvent 
(node_modules/jsdom/lib/jsdom/living/generated/EventTarget.js:241:34)
      at Object.invokeGuardedCallbackDev 
(node_modules/react-dom/cjs/react-dom.development.js:4213:16)
      at invokeGuardedCallback 
(node_modules/react-dom/cjs/react-dom.development.js:4277:31)
      at invokeGuardedCallbackAndCatchFirstError 
(node_modules/react-dom/cjs/react-dom.development.js:4291:25)
      at executeDispatch 
(node_modules/react-dom/cjs/react-dom.development.js:9041:3)
      at processDispatchQueueItemsInOrder 
(node_modules/react-dom/cjs/react-dom.development.js:9073:7)
      at processDispatchQueue 
(node_modules/react-dom/cjs/react-dom.development.js:9086:5)
      at dispatchEventsForPlugins 
(node_modules/react-dom/cjs/react-dom.development.js:9097:3)
      at node_modules/react-dom/cjs/react-dom.development.js:9288:12
      at batchedUpdates$1 
(node_modules/react-dom/cjs/react-dom.development.js:26179:12)
      at batchedUpdates 
(node_modules/react-dom/cjs/react-dom.development.js:3991:12)
      at dispatchEventForPluginEventSystem 
(node_modules/react-dom/cjs/react-dom.development.js:9287:3)
      at dispatchEventWithEnableCapturePhaseSelectiveHydrationWithoutDiscreteEv
entReplay (node_modules/react-dom/cjs/react-dom.development.js:6465:5)
      at dispatchEvent 
(node_modules/react-dom/cjs/react-dom.development.js:6457:5)
      at dispatchDiscreteEvent 
(node_modules/react-dom/cjs/react-dom.development.js:6430:5)
      at HTMLDivElement.callTheUserObjectsOperation 
(node_modules/jsdom/lib/jsdom/living/generated/EventListener.js:26:30)
      at innerInvokeEventListeners 
(node_modules/jsdom/lib/jsdom/living/events/EventTarget-impl.js:350:25)
      at invokeEventListeners 
(node_modules/jsdom/lib/jsdom/living/events/EventTarget-impl.js:286:3)
      at HTMLInputElementImpl._dispatch 
(node_modules/jsdom/lib/jsdom/living/events/EventTarget-impl.js:233:9)
      at HTMLInputElementImpl.dispatchEvent 
(node_modules/jsdom/lib/jsdom/living/events/EventTarget-impl.js:104:17)
      at HTMLInputElement.dispatchEvent 
(node_modules/jsdom/lib/jsdom/living/generated/EventTarget.js:241:34)
      at 
node_modules/@testing-library/user-event/dist/cjs/event/dispatchEvent.js:45:43
      at Object.eventWrapper 
(node_modules/@testing-library/dom/dist/config.js:25:23)
      at Object.wrapEvent 
(node_modules/@testing-library/user-event/dist/cjs/event/wrapEvent.js:6:28)
      at Object.dispatchEvent (node_modules/@testing-library/user-event/dist/cj
s/event/dispatchEvent.js:45:22)
      at Object.dispatchUIEvent (node_modules/@testing-library/user-event/dist/
cjs/event/dispatchEvent.js:22:26)
      at commitInput 
(node_modules/@testing-library/user-event/dist/cjs/event/input.js:145:14)
      at editInputElement 
(node_modules/@testing-library/user-event/dist/cjs/event/input.js:115:9)
      at Object.input 
(node_modules/@testing-library/user-event/dist/cjs/event/input.js:37:9)
      at node_modules/@testing-library/user-event/dist/cjs/event/behavior/keypr
ess.js:31:26
      at Object.dispatchEvent (node_modules/@testing-library/user-event/dist/cj
s/event/dispatchEvent.js:41:13)
      at Object.dispatchUIEvent (node_modules/@testing-library/user-event/dist/
cjs/event/dispatchEvent.js:22:26)
      at KeyboardHost.keydown 
(node_modules/@testing-library/user-event/dist/cjs/system/keyboard.js:76:22)
      at keyboardAction 
(node_modules/@testing-library/user-event/dist/cjs/keyboard/index.js:22:35)
      at Object.keyboard 
(node_modules/@testing-library/user-event/dist/cjs/keyboard/index.js:11:15)
      at Object.type 
(node_modules/@testing-library/user-event/dist/cjs/utility/type.js:17:5)
      at Object.<anonymous> (src/auth/auth.test.tsx:193:9)

    console.error
      Warning: An update to LoginForm inside a test was not wrapped in 
act(...).
      
      When testing, code that causes React state updates should be wrapped 
into act(...):
      
      act(() => {
        /* fire events that update state */
      });
      /* assert on the output */
      
      This ensures that you're testing the behavior the user would see in the 
browser. Learn more at https://reactjs.org/link/wrap-tests-with-act
          at LoginForm (C:\Users\samhe\OneDrive\Desktop\Cleaned\frontend\src\au
th\LoginForm\LoginForm.tsx:41:33)
          at div
          at div
          at LoginPage
          at routeContext (C:\Users\samhe\OneDrive\Desktop\Cleaned\frontend\nod
e_modules\react-router\lib\hooks.tsx:658:26)
          at children (C:\Users\samhe\OneDrive\Desktop\Cleaned\frontend\node_mo
dules\react-router\lib\components.tsx:512:3)
          at basenameProp (C:\Users\samhe\OneDrive\Desktop\Cleaned\frontend\nod
e_modules\react-router\lib\components.tsx:421:13)
          at basename (C:\Users\samhe\OneDrive\Desktop\Cleaned\frontend\node_mo
dules\react-router\lib\components.tsx:225:3)

      141 |                         placeholder="Enter your password"
      142 |                         value={password}
    > 143 |                         onChange={(e) => 
setPassword(e.target.value)}
          |                                          ^
      144 |                         className="w-full rounded-md border 
border-gray-300 px-3 py-2 pr-10 text-sm focus:outline-none focus:ring-2 
focus:ring-gray-900 disabled:opacity-50"
      145 |                     />
      146 |                     <button

      at printWarning 
(node_modules/react-dom/cjs/react-dom.development.js:86:30)
      at error (node_modules/react-dom/cjs/react-dom.development.js:60:7)
      at warnIfUpdatesNotWrappedWithActDEV 
(node_modules/react-dom/cjs/react-dom.development.js:27628:9)
      at scheduleUpdateOnFiber 
(node_modules/react-dom/cjs/react-dom.development.js:25547:5)
      at dispatchSetState 
(node_modules/react-dom/cjs/react-dom.development.js:16708:7)
      at onChange (src/auth/LoginForm/LoginForm.tsx:143:42)
      at HTMLUnknownElement.callCallback 
(node_modules/react-dom/cjs/react-dom.development.js:4164:14)
      at HTMLUnknownElement.callTheUserObjectsOperation 
(node_modules/jsdom/lib/jsdom/living/generated/EventListener.js:26:30)
      at innerInvokeEventListeners 
(node_modules/jsdom/lib/jsdom/living/events/EventTarget-impl.js:350:25)
      at invokeEventListeners 
(node_modules/jsdom/lib/jsdom/living/events/EventTarget-impl.js:286:3)
      at HTMLUnknownElementImpl._dispatch 
(node_modules/jsdom/lib/jsdom/living/events/EventTarget-impl.js:233:9)
      at HTMLUnknownElementImpl.dispatchEvent 
(node_modules/jsdom/lib/jsdom/living/events/EventTarget-impl.js:104:17)
      at HTMLUnknownElement.dispatchEvent 
(node_modules/jsdom/lib/jsdom/living/generated/EventTarget.js:241:34)
      at Object.invokeGuardedCallbackDev 
(node_modules/react-dom/cjs/react-dom.development.js:4213:16)
      at invokeGuardedCallback 
(node_modules/react-dom/cjs/react-dom.development.js:4277:31)
      at invokeGuardedCallbackAndCatchFirstError 
(node_modules/react-dom/cjs/react-dom.development.js:4291:25)
      at executeDispatch 
(node_modules/react-dom/cjs/react-dom.development.js:9041:3)
      at processDispatchQueueItemsInOrder 
(node_modules/react-dom/cjs/react-dom.development.js:9073:7)
      at processDispatchQueue 
(node_modules/react-dom/cjs/react-dom.development.js:9086:5)
      at dispatchEventsForPlugins 
(node_modules/react-dom/cjs/react-dom.development.js:9097:3)
      at node_modules/react-dom/cjs/react-dom.development.js:9288:12
      at batchedUpdates$1 
(node_modules/react-dom/cjs/react-dom.development.js:26179:12)
      at batchedUpdates 
(node_modules/react-dom/cjs/react-dom.development.js:3991:12)
      at dispatchEventForPluginEventSystem 
(node_modules/react-dom/cjs/react-dom.development.js:9287:3)
      at dispatchEventWithEnableCapturePhaseSelectiveHydrationWithoutDiscreteEv
entReplay (node_modules/react-dom/cjs/react-dom.development.js:6465:5)
      at dispatchEvent 
(node_modules/react-dom/cjs/react-dom.development.js:6457:5)
      at dispatchDiscreteEvent 
(node_modules/react-dom/cjs/react-dom.development.js:6430:5)
      at HTMLDivElement.callTheUserObjectsOperation 
(node_modules/jsdom/lib/jsdom/living/generated/EventListener.js:26:30)
      at innerInvokeEventListeners 
(node_modules/jsdom/lib/jsdom/living/events/EventTarget-impl.js:350:25)
      at invokeEventListeners 
(node_modules/jsdom/lib/jsdom/living/events/EventTarget-impl.js:286:3)
      at HTMLInputElementImpl._dispatch 
(node_modules/jsdom/lib/jsdom/living/events/EventTarget-impl.js:233:9)
      at HTMLInputElementImpl.dispatchEvent 
(node_modules/jsdom/lib/jsdom/living/events/EventTarget-impl.js:104:17)
      at HTMLInputElement.dispatchEvent 
(node_modules/jsdom/lib/jsdom/living/generated/EventTarget.js:241:34)
      at 
node_modules/@testing-library/user-event/dist/cjs/event/dispatchEvent.js:45:43
      at Object.eventWrapper 
(node_modules/@testing-library/dom/dist/config.js:25:23)
      at Object.wrapEvent 
(node_modules/@testing-library/user-event/dist/cjs/event/wrapEvent.js:6:28)
      at Object.dispatchEvent (node_modules/@testing-library/user-event/dist/cj
s/event/dispatchEvent.js:45:22)
      at Object.dispatchUIEvent (node_modules/@testing-library/user-event/dist/
cjs/event/dispatchEvent.js:22:26)
      at commitInput 
(node_modules/@testing-library/user-event/dist/cjs/event/input.js:145:14)
      at editInputElement 
(node_modules/@testing-library/user-event/dist/cjs/event/input.js:115:9)
      at Object.input 
(node_modules/@testing-library/user-event/dist/cjs/event/input.js:37:9)
      at node_modules/@testing-library/user-event/dist/cjs/event/behavior/keypr
ess.js:31:26
      at Object.dispatchEvent (node_modules/@testing-library/user-event/dist/cj
s/event/dispatchEvent.js:41:13)
      at Object.dispatchUIEvent (node_modules/@testing-library/user-event/dist/
cjs/event/dispatchEvent.js:22:26)
      at KeyboardHost.keydown 
(node_modules/@testing-library/user-event/dist/cjs/system/keyboard.js:76:22)
      at keyboardAction 
(node_modules/@testing-library/user-event/dist/cjs/keyboard/index.js:22:35)
      at Object.keyboard 
(node_modules/@testing-library/user-event/dist/cjs/keyboard/index.js:11:15)
      at Object.type 
(node_modules/@testing-library/user-event/dist/cjs/utility/type.js:17:5)
      at Object.<anonymous> (src/auth/auth.test.tsx:193:9)

    console.error
      Warning: An update to LoginForm inside a test was not wrapped in 
act(...).
      
      When testing, code that causes React state updates should be wrapped 
into act(...):
      
      act(() => {
        /* fire events that update state */
      });
      /* assert on the output */
      
      This ensures that you're testing the behavior the user would see in the 
browser. Learn more at https://reactjs.org/link/wrap-tests-with-act
          at LoginForm (C:\Users\samhe\OneDrive\Desktop\Cleaned\frontend\src\au
th\LoginForm\LoginForm.tsx:41:33)
          at div
          at div
          at LoginPage
          at routeContext (C:\Users\samhe\OneDrive\Desktop\Cleaned\frontend\nod
e_modules\react-router\lib\hooks.tsx:658:26)
          at children (C:\Users\samhe\OneDrive\Desktop\Cleaned\frontend\node_mo
dules\react-router\lib\components.tsx:512:3)
          at basenameProp (C:\Users\samhe\OneDrive\Desktop\Cleaned\frontend\nod
e_modules\react-router\lib\components.tsx:421:13)
          at basename (C:\Users\samhe\OneDrive\Desktop\Cleaned\frontend\node_mo
dules\react-router\lib\components.tsx:225:3)

      141 |                         placeholder="Enter your password"
      142 |                         value={password}
    > 143 |                         onChange={(e) => 
setPassword(e.target.value)}
          |                                          ^
      144 |                         className="w-full rounded-md border 
border-gray-300 px-3 py-2 pr-10 text-sm focus:outline-none focus:ring-2 
focus:ring-gray-900 disabled:opacity-50"
      145 |                     />
      146 |                     <button

      at printWarning 
(node_modules/react-dom/cjs/react-dom.development.js:86:30)
      at error (node_modules/react-dom/cjs/react-dom.development.js:60:7)
      at warnIfUpdatesNotWrappedWithActDEV 
(node_modules/react-dom/cjs/react-dom.development.js:27628:9)
      at scheduleUpdateOnFiber 
(node_modules/react-dom/cjs/react-dom.development.js:25547:5)
      at dispatchSetState 
(node_modules/react-dom/cjs/react-dom.development.js:16708:7)
      at onChange (src/auth/LoginForm/LoginForm.tsx:143:42)
      at HTMLUnknownElement.callCallback 
(node_modules/react-dom/cjs/react-dom.development.js:4164:14)
      at HTMLUnknownElement.callTheUserObjectsOperation 
(node_modules/jsdom/lib/jsdom/living/generated/EventListener.js:26:30)
      at innerInvokeEventListeners 
(node_modules/jsdom/lib/jsdom/living/events/EventTarget-impl.js:350:25)
      at invokeEventListeners 
(node_modules/jsdom/lib/jsdom/living/events/EventTarget-impl.js:286:3)
      at HTMLUnknownElementImpl._dispatch 
(node_modules/jsdom/lib/jsdom/living/events/EventTarget-impl.js:233:9)
      at HTMLUnknownElementImpl.dispatchEvent 
(node_modules/jsdom/lib/jsdom/living/events/EventTarget-impl.js:104:17)
      at HTMLUnknownElement.dispatchEvent 
(node_modules/jsdom/lib/jsdom/living/generated/EventTarget.js:241:34)
      at Object.invokeGuardedCallbackDev 
(node_modules/react-dom/cjs/react-dom.development.js:4213:16)
      at invokeGuardedCallback 
(node_modules/react-dom/cjs/react-dom.development.js:4277:31)
      at invokeGuardedCallbackAndCatchFirstError 
(node_modules/react-dom/cjs/react-dom.development.js:4291:25)
      at executeDispatch 
(node_modules/react-dom/cjs/react-dom.development.js:9041:3)
      at processDispatchQueueItemsInOrder 
(node_modules/react-dom/cjs/react-dom.development.js:9073:7)
      at processDispatchQueue 
(node_modules/react-dom/cjs/react-dom.development.js:9086:5)
      at dispatchEventsForPlugins 
(node_modules/react-dom/cjs/react-dom.development.js:9097:3)
      at node_modules/react-dom/cjs/react-dom.development.js:9288:12
      at batchedUpdates$1 
(node_modules/react-dom/cjs/react-dom.development.js:26179:12)
      at batchedUpdates 
(node_modules/react-dom/cjs/react-dom.development.js:3991:12)
      at dispatchEventForPluginEventSystem 
(node_modules/react-dom/cjs/react-dom.development.js:9287:3)
      at dispatchEventWithEnableCapturePhaseSelectiveHydrationWithoutDiscreteEv
entReplay (node_modules/react-dom/cjs/react-dom.development.js:6465:5)
      at dispatchEvent 
(node_modules/react-dom/cjs/react-dom.development.js:6457:5)
      at dispatchDiscreteEvent 
(node_modules/react-dom/cjs/react-dom.development.js:6430:5)
      at HTMLDivElement.callTheUserObjectsOperation 
(node_modules/jsdom/lib/jsdom/living/generated/EventListener.js:26:30)
      at innerInvokeEventListeners 
(node_modules/jsdom/lib/jsdom/living/events/EventTarget-impl.js:350:25)
      at invokeEventListeners 
(node_modules/jsdom/lib/jsdom/living/events/EventTarget-impl.js:286:3)
      at HTMLInputElementImpl._dispatch 
(node_modules/jsdom/lib/jsdom/living/events/EventTarget-impl.js:233:9)
      at HTMLInputElementImpl.dispatchEvent 
(node_modules/jsdom/lib/jsdom/living/events/EventTarget-impl.js:104:17)
      at HTMLInputElement.dispatchEvent 
(node_modules/jsdom/lib/jsdom/living/generated/EventTarget.js:241:34)
      at 
node_modules/@testing-library/user-event/dist/cjs/event/dispatchEvent.js:45:43
      at Object.eventWrapper 
(node_modules/@testing-library/dom/dist/config.js:25:23)
      at Object.wrapEvent 
(node_modules/@testing-library/user-event/dist/cjs/event/wrapEvent.js:6:28)
      at Object.dispatchEvent (node_modules/@testing-library/user-event/dist/cj
s/event/dispatchEvent.js:45:22)
      at Object.dispatchUIEvent (node_modules/@testing-library/user-event/dist/
cjs/event/dispatchEvent.js:22:26)
      at commitInput 
(node_modules/@testing-library/user-event/dist/cjs/event/input.js:145:14)
      at editInputElement 
(node_modules/@testing-library/user-event/dist/cjs/event/input.js:115:9)
      at Object.input 
(node_modules/@testing-library/user-event/dist/cjs/event/input.js:37:9)
      at node_modules/@testing-library/user-event/dist/cjs/event/behavior/keypr
ess.js:31:26
      at Object.dispatchEvent (node_modules/@testing-library/user-event/dist/cj
s/event/dispatchEvent.js:41:13)
      at Object.dispatchUIEvent (node_modules/@testing-library/user-event/dist/
cjs/event/dispatchEvent.js:22:26)
      at KeyboardHost.keydown 
(node_modules/@testing-library/user-event/dist/cjs/system/keyboard.js:76:22)
      at keyboardAction 
(node_modules/@testing-library/user-event/dist/cjs/keyboard/index.js:22:35)
      at Object.keyboard 
(node_modules/@testing-library/user-event/dist/cjs/keyboard/index.js:11:15)
      at Object.type 
(node_modules/@testing-library/user-event/dist/cjs/utility/type.js:17:5)
      at Object.<anonymous> (src/auth/auth.test.tsx:193:9)

    console.error
      Warning: An update to LoginForm inside a test was not wrapped in 
act(...).
      
      When testing, code that causes React state updates should be wrapped 
into act(...):
      
      act(() => {
        /* fire events that update state */
      });
      /* assert on the output */
      
      This ensures that you're testing the behavior the user would see in the 
browser. Learn more at https://reactjs.org/link/wrap-tests-with-act
          at LoginForm (C:\Users\samhe\OneDrive\Desktop\Cleaned\frontend\src\au
th\LoginForm\LoginForm.tsx:41:33)
          at div
          at div
          at LoginPage
          at routeContext (C:\Users\samhe\OneDrive\Desktop\Cleaned\frontend\nod
e_modules\react-router\lib\hooks.tsx:658:26)
          at children (C:\Users\samhe\OneDrive\Desktop\Cleaned\frontend\node_mo
dules\react-router\lib\components.tsx:512:3)
          at basenameProp (C:\Users\samhe\OneDrive\Desktop\Cleaned\frontend\nod
e_modules\react-router\lib\components.tsx:421:13)
          at basename (C:\Users\samhe\OneDrive\Desktop\Cleaned\frontend\node_mo
dules\react-router\lib\components.tsx:225:3)

      141 |                         placeholder="Enter your password"
      142 |                         value={password}
    > 143 |                         onChange={(e) => 
setPassword(e.target.value)}
          |                                          ^
      144 |                         className="w-full rounded-md border 
border-gray-300 px-3 py-2 pr-10 text-sm focus:outline-none focus:ring-2 
focus:ring-gray-900 disabled:opacity-50"
      145 |                     />
      146 |                     <button

      at printWarning 
(node_modules/react-dom/cjs/react-dom.development.js:86:30)
      at error (node_modules/react-dom/cjs/react-dom.development.js:60:7)
      at warnIfUpdatesNotWrappedWithActDEV 
(node_modules/react-dom/cjs/react-dom.development.js:27628:9)
      at scheduleUpdateOnFiber 
(node_modules/react-dom/cjs/react-dom.development.js:25547:5)
      at dispatchSetState 
(node_modules/react-dom/cjs/react-dom.development.js:16708:7)
      at onChange (src/auth/LoginForm/LoginForm.tsx:143:42)
      at HTMLUnknownElement.callCallback 
(node_modules/react-dom/cjs/react-dom.development.js:4164:14)
      at HTMLUnknownElement.callTheUserObjectsOperation 
(node_modules/jsdom/lib/jsdom/living/generated/EventListener.js:26:30)
      at innerInvokeEventListeners 
(node_modules/jsdom/lib/jsdom/living/events/EventTarget-impl.js:350:25)
      at invokeEventListeners 
(node_modules/jsdom/lib/jsdom/living/events/EventTarget-impl.js:286:3)
      at HTMLUnknownElementImpl._dispatch 
(node_modules/jsdom/lib/jsdom/living/events/EventTarget-impl.js:233:9)
      at HTMLUnknownElementImpl.dispatchEvent 
(node_modules/jsdom/lib/jsdom/living/events/EventTarget-impl.js:104:17)
      at HTMLUnknownElement.dispatchEvent 
(node_modules/jsdom/lib/jsdom/living/generated/EventTarget.js:241:34)
      at Object.invokeGuardedCallbackDev 
(node_modules/react-dom/cjs/react-dom.development.js:4213:16)
      at invokeGuardedCallback 
(node_modules/react-dom/cjs/react-dom.development.js:4277:31)
      at invokeGuardedCallbackAndCatchFirstError 
(node_modules/react-dom/cjs/react-dom.development.js:4291:25)
      at executeDispatch 
(node_modules/react-dom/cjs/react-dom.development.js:9041:3)
      at processDispatchQueueItemsInOrder 
(node_modules/react-dom/cjs/react-dom.development.js:9073:7)
      at processDispatchQueue 
(node_modules/react-dom/cjs/react-dom.development.js:9086:5)
      at dispatchEventsForPlugins 
(node_modules/react-dom/cjs/react-dom.development.js:9097:3)
      at node_modules/react-dom/cjs/react-dom.development.js:9288:12
      at batchedUpdates$1 
(node_modules/react-dom/cjs/react-dom.development.js:26179:12)
      at batchedUpdates 
(node_modules/react-dom/cjs/react-dom.development.js:3991:12)
      at dispatchEventForPluginEventSystem 
(node_modules/react-dom/cjs/react-dom.development.js:9287:3)
      at dispatchEventWithEnableCapturePhaseSelectiveHydrationWithoutDiscreteEv
entReplay (node_modules/react-dom/cjs/react-dom.development.js:6465:5)
      at dispatchEvent 
(node_modules/react-dom/cjs/react-dom.development.js:6457:5)
      at dispatchDiscreteEvent 
(node_modules/react-dom/cjs/react-dom.development.js:6430:5)
      at HTMLDivElement.callTheUserObjectsOperation 
(node_modules/jsdom/lib/jsdom/living/generated/EventListener.js:26:30)
      at innerInvokeEventListeners 
(node_modules/jsdom/lib/jsdom/living/events/EventTarget-impl.js:350:25)
      at invokeEventListeners 
(node_modules/jsdom/lib/jsdom/living/events/EventTarget-impl.js:286:3)
      at HTMLInputElementImpl._dispatch 
(node_modules/jsdom/lib/jsdom/living/events/EventTarget-impl.js:233:9)
      at HTMLInputElementImpl.dispatchEvent 
(node_modules/jsdom/lib/jsdom/living/events/EventTarget-impl.js:104:17)
      at HTMLInputElement.dispatchEvent 
(node_modules/jsdom/lib/jsdom/living/generated/EventTarget.js:241:34)
      at 
node_modules/@testing-library/user-event/dist/cjs/event/dispatchEvent.js:45:43
      at Object.eventWrapper 
(node_modules/@testing-library/dom/dist/config.js:25:23)
      at Object.wrapEvent 
(node_modules/@testing-library/user-event/dist/cjs/event/wrapEvent.js:6:28)
      at Object.dispatchEvent (node_modules/@testing-library/user-event/dist/cj
s/event/dispatchEvent.js:45:22)
      at Object.dispatchUIEvent (node_modules/@testing-library/user-event/dist/
cjs/event/dispatchEvent.js:22:26)
      at commitInput 
(node_modules/@testing-library/user-event/dist/cjs/event/input.js:145:14)
      at editInputElement 
(node_modules/@testing-library/user-event/dist/cjs/event/input.js:115:9)
      at Object.input 
(node_modules/@testing-library/user-event/dist/cjs/event/input.js:37:9)
      at node_modules/@testing-library/user-event/dist/cjs/event/behavior/keypr
ess.js:31:26
      at Object.dispatchEvent (node_modules/@testing-library/user-event/dist/cj
s/event/dispatchEvent.js:41:13)
      at Object.dispatchUIEvent (node_modules/@testing-library/user-event/dist/
cjs/event/dispatchEvent.js:22:26)
      at KeyboardHost.keydown 
(node_modules/@testing-library/user-event/dist/cjs/system/keyboard.js:76:22)
      at keyboardAction 
(node_modules/@testing-library/user-event/dist/cjs/keyboard/index.js:22:35)
      at Object.keyboard 
(node_modules/@testing-library/user-event/dist/cjs/keyboard/index.js:11:15)
      at Object.type 
(node_modules/@testing-library/user-event/dist/cjs/utility/type.js:17:5)
      at Object.<anonymous> (src/auth/auth.test.tsx:193:9)

    console.error
      Warning: An update to LoginForm inside a test was not wrapped in 
act(...).
      
      When testing, code that causes React state updates should be wrapped 
into act(...):
      
      act(() => {
        /* fire events that update state */
      });
      /* assert on the output */
      
      This ensures that you're testing the behavior the user would see in the 
browser. Learn more at https://reactjs.org/link/wrap-tests-with-act
          at LoginForm (C:\Users\samhe\OneDrive\Desktop\Cleaned\frontend\src\au
th\LoginForm\LoginForm.tsx:41:33)
          at div
          at div
          at LoginPage
          at routeContext (C:\Users\samhe\OneDrive\Desktop\Cleaned\frontend\nod
e_modules\react-router\lib\hooks.tsx:658:26)
          at children (C:\Users\samhe\OneDrive\Desktop\Cleaned\frontend\node_mo
dules\react-router\lib\components.tsx:512:3)
          at basenameProp (C:\Users\samhe\OneDrive\Desktop\Cleaned\frontend\nod
e_modules\react-router\lib\components.tsx:421:13)
          at basename (C:\Users\samhe\OneDrive\Desktop\Cleaned\frontend\node_mo
dules\react-router\lib\components.tsx:225:3)

      141 |                         placeholder="Enter your password"
      142 |                         value={password}
    > 143 |                         onChange={(e) => 
setPassword(e.target.value)}
          |                                          ^
      144 |                         className="w-full rounded-md border 
border-gray-300 px-3 py-2 pr-10 text-sm focus:outline-none focus:ring-2 
focus:ring-gray-900 disabled:opacity-50"
      145 |                     />
      146 |                     <button

      at printWarning 
(node_modules/react-dom/cjs/react-dom.development.js:86:30)
      at error (node_modules/react-dom/cjs/react-dom.development.js:60:7)
      at warnIfUpdatesNotWrappedWithActDEV 
(node_modules/react-dom/cjs/react-dom.development.js:27628:9)
      at scheduleUpdateOnFiber 
(node_modules/react-dom/cjs/react-dom.development.js:25547:5)
      at dispatchSetState 
(node_modules/react-dom/cjs/react-dom.development.js:16708:7)
      at onChange (src/auth/LoginForm/LoginForm.tsx:143:42)
      at HTMLUnknownElement.callCallback 
(node_modules/react-dom/cjs/react-dom.development.js:4164:14)
      at HTMLUnknownElement.callTheUserObjectsOperation 
(node_modules/jsdom/lib/jsdom/living/generated/EventListener.js:26:30)
      at innerInvokeEventListeners 
(node_modules/jsdom/lib/jsdom/living/events/EventTarget-impl.js:350:25)
      at invokeEventListeners 
(node_modules/jsdom/lib/jsdom/living/events/EventTarget-impl.js:286:3)
      at HTMLUnknownElementImpl._dispatch 
(node_modules/jsdom/lib/jsdom/living/events/EventTarget-impl.js:233:9)
      at HTMLUnknownElementImpl.dispatchEvent 
(node_modules/jsdom/lib/jsdom/living/events/EventTarget-impl.js:104:17)
      at HTMLUnknownElement.dispatchEvent 
(node_modules/jsdom/lib/jsdom/living/generated/EventTarget.js:241:34)
      at Object.invokeGuardedCallbackDev 
(node_modules/react-dom/cjs/react-dom.development.js:4213:16)
      at invokeGuardedCallback 
(node_modules/react-dom/cjs/react-dom.development.js:4277:31)
      at invokeGuardedCallbackAndCatchFirstError 
(node_modules/react-dom/cjs/react-dom.development.js:4291:25)
      at executeDispatch 
(node_modules/react-dom/cjs/react-dom.development.js:9041:3)
      at processDispatchQueueItemsInOrder 
(node_modules/react-dom/cjs/react-dom.development.js:9073:7)
      at processDispatchQueue 
(node_modules/react-dom/cjs/react-dom.development.js:9086:5)
      at dispatchEventsForPlugins 
(node_modules/react-dom/cjs/react-dom.development.js:9097:3)
      at node_modules/react-dom/cjs/react-dom.development.js:9288:12
      at batchedUpdates$1 
(node_modules/react-dom/cjs/react-dom.development.js:26179:12)
      at batchedUpdates 
(node_modules/react-dom/cjs/react-dom.development.js:3991:12)
      at dispatchEventForPluginEventSystem 
(node_modules/react-dom/cjs/react-dom.development.js:9287:3)
      at dispatchEventWithEnableCapturePhaseSelectiveHydrationWithoutDiscreteEv
entReplay (node_modules/react-dom/cjs/react-dom.development.js:6465:5)
      at dispatchEvent 
(node_modules/react-dom/cjs/react-dom.development.js:6457:5)
      at dispatchDiscreteEvent 
(node_modules/react-dom/cjs/react-dom.development.js:6430:5)
      at HTMLDivElement.callTheUserObjectsOperation 
(node_modules/jsdom/lib/jsdom/living/generated/EventListener.js:26:30)
      at innerInvokeEventListeners 
(node_modules/jsdom/lib/jsdom/living/events/EventTarget-impl.js:350:25)
      at invokeEventListeners 
(node_modules/jsdom/lib/jsdom/living/events/EventTarget-impl.js:286:3)
      at HTMLInputElementImpl._dispatch 
(node_modules/jsdom/lib/jsdom/living/events/EventTarget-impl.js:233:9)
      at HTMLInputElementImpl.dispatchEvent 
(node_modules/jsdom/lib/jsdom/living/events/EventTarget-impl.js:104:17)
      at HTMLInputElement.dispatchEvent 
(node_modules/jsdom/lib/jsdom/living/generated/EventTarget.js:241:34)
      at 
node_modules/@testing-library/user-event/dist/cjs/event/dispatchEvent.js:45:43
      at Object.eventWrapper 
(node_modules/@testing-library/dom/dist/config.js:25:23)
      at Object.wrapEvent 
(node_modules/@testing-library/user-event/dist/cjs/event/wrapEvent.js:6:28)
      at Object.dispatchEvent (node_modules/@testing-library/user-event/dist/cj
s/event/dispatchEvent.js:45:22)
      at Object.dispatchUIEvent (node_modules/@testing-library/user-event/dist/
cjs/event/dispatchEvent.js:22:26)
      at commitInput 
(node_modules/@testing-library/user-event/dist/cjs/event/input.js:145:14)
      at editInputElement 
(node_modules/@testing-library/user-event/dist/cjs/event/input.js:115:9)
      at Object.input 
(node_modules/@testing-library/user-event/dist/cjs/event/input.js:37:9)
      at node_modules/@testing-library/user-event/dist/cjs/event/behavior/keypr
ess.js:31:26
      at Object.dispatchEvent (node_modules/@testing-library/user-event/dist/cj
s/event/dispatchEvent.js:41:13)
      at Object.dispatchUIEvent (node_modules/@testing-library/user-event/dist/
cjs/event/dispatchEvent.js:22:26)
      at KeyboardHost.keydown 
(node_modules/@testing-library/user-event/dist/cjs/system/keyboard.js:76:22)
      at keyboardAction 
(node_modules/@testing-library/user-event/dist/cjs/keyboard/index.js:22:35)
      at Object.keyboard 
(node_modules/@testing-library/user-event/dist/cjs/keyboard/index.js:11:15)
      at Object.type 
(node_modules/@testing-library/user-event/dist/cjs/utility/type.js:17:5)
      at Object.<anonymous> (src/auth/auth.test.tsx:193:9)

    console.error
      Warning: An update to LoginForm inside a test was not wrapped in 
act(...).
      
      When testing, code that causes React state updates should be wrapped 
into act(...):
      
      act(() => {
        /* fire events that update state */
      });
      /* assert on the output */
      
      This ensures that you're testing the behavior the user would see in the 
browser. Learn more at https://reactjs.org/link/wrap-tests-with-act
          at LoginForm (C:\Users\samhe\OneDrive\Desktop\Cleaned\frontend\src\au
th\LoginForm\LoginForm.tsx:41:33)
          at div
          at div
          at LoginPage
          at routeContext (C:\Users\samhe\OneDrive\Desktop\Cleaned\frontend\nod
e_modules\react-router\lib\hooks.tsx:658:26)
          at children (C:\Users\samhe\OneDrive\Desktop\Cleaned\frontend\node_mo
dules\react-router\lib\components.tsx:512:3)
          at basenameProp (C:\Users\samhe\OneDrive\Desktop\Cleaned\frontend\nod
e_modules\react-router\lib\components.tsx:421:13)
          at basename (C:\Users\samhe\OneDrive\Desktop\Cleaned\frontend\node_mo
dules\react-router\lib\components.tsx:225:3)

      141 |                         placeholder="Enter your password"
      142 |                         value={password}
    > 143 |                         onChange={(e) => 
setPassword(e.target.value)}
          |                                          ^
      144 |                         className="w-full rounded-md border 
border-gray-300 px-3 py-2 pr-10 text-sm focus:outline-none focus:ring-2 
focus:ring-gray-900 disabled:opacity-50"
      145 |                     />
      146 |                     <button

      at printWarning 
(node_modules/react-dom/cjs/react-dom.development.js:86:30)
      at error (node_modules/react-dom/cjs/react-dom.development.js:60:7)
      at warnIfUpdatesNotWrappedWithActDEV 
(node_modules/react-dom/cjs/react-dom.development.js:27628:9)
      at scheduleUpdateOnFiber 
(node_modules/react-dom/cjs/react-dom.development.js:25547:5)
      at dispatchSetState 
(node_modules/react-dom/cjs/react-dom.development.js:16708:7)
      at onChange (src/auth/LoginForm/LoginForm.tsx:143:42)
      at HTMLUnknownElement.callCallback 
(node_modules/react-dom/cjs/react-dom.development.js:4164:14)
      at HTMLUnknownElement.callTheUserObjectsOperation 
(node_modules/jsdom/lib/jsdom/living/generated/EventListener.js:26:30)
      at innerInvokeEventListeners 
(node_modules/jsdom/lib/jsdom/living/events/EventTarget-impl.js:350:25)
      at invokeEventListeners 
(node_modules/jsdom/lib/jsdom/living/events/EventTarget-impl.js:286:3)
      at HTMLUnknownElementImpl._dispatch 
(node_modules/jsdom/lib/jsdom/living/events/EventTarget-impl.js:233:9)
      at HTMLUnknownElementImpl.dispatchEvent 
(node_modules/jsdom/lib/jsdom/living/events/EventTarget-impl.js:104:17)
      at HTMLUnknownElement.dispatchEvent 
(node_modules/jsdom/lib/jsdom/living/generated/EventTarget.js:241:34)
      at Object.invokeGuardedCallbackDev 
(node_modules/react-dom/cjs/react-dom.development.js:4213:16)
      at invokeGuardedCallback 
(node_modules/react-dom/cjs/react-dom.development.js:4277:31)
      at invokeGuardedCallbackAndCatchFirstError 
(node_modules/react-dom/cjs/react-dom.development.js:4291:25)
      at executeDispatch 
(node_modules/react-dom/cjs/react-dom.development.js:9041:3)
      at processDispatchQueueItemsInOrder 
(node_modules/react-dom/cjs/react-dom.development.js:9073:7)
      at processDispatchQueue 
(node_modules/react-dom/cjs/react-dom.development.js:9086:5)
      at dispatchEventsForPlugins 
(node_modules/react-dom/cjs/react-dom.development.js:9097:3)
      at node_modules/react-dom/cjs/react-dom.development.js:9288:12
      at batchedUpdates$1 
(node_modules/react-dom/cjs/react-dom.development.js:26179:12)
      at batchedUpdates 
(node_modules/react-dom/cjs/react-dom.development.js:3991:12)
      at dispatchEventForPluginEventSystem 
(node_modules/react-dom/cjs/react-dom.development.js:9287:3)
      at dispatchEventWithEnableCapturePhaseSelectiveHydrationWithoutDiscreteEv
entReplay (node_modules/react-dom/cjs/react-dom.development.js:6465:5)
      at dispatchEvent 
(node_modules/react-dom/cjs/react-dom.development.js:6457:5)
      at dispatchDiscreteEvent 
(node_modules/react-dom/cjs/react-dom.development.js:6430:5)
      at HTMLDivElement.callTheUserObjectsOperation 
(node_modules/jsdom/lib/jsdom/living/generated/EventListener.js:26:30)
      at innerInvokeEventListeners 
(node_modules/jsdom/lib/jsdom/living/events/EventTarget-impl.js:350:25)
      at invokeEventListeners 
(node_modules/jsdom/lib/jsdom/living/events/EventTarget-impl.js:286:3)
      at HTMLInputElementImpl._dispatch 
(node_modules/jsdom/lib/jsdom/living/events/EventTarget-impl.js:233:9)
      at HTMLInputElementImpl.dispatchEvent 
(node_modules/jsdom/lib/jsdom/living/events/EventTarget-impl.js:104:17)
      at HTMLInputElement.dispatchEvent 
(node_modules/jsdom/lib/jsdom/living/generated/EventTarget.js:241:34)
      at 
node_modules/@testing-library/user-event/dist/cjs/event/dispatchEvent.js:45:43
      at Object.eventWrapper 
(node_modules/@testing-library/dom/dist/config.js:25:23)
      at Object.wrapEvent 
(node_modules/@testing-library/user-event/dist/cjs/event/wrapEvent.js:6:28)
      at Object.dispatchEvent (node_modules/@testing-library/user-event/dist/cj
s/event/dispatchEvent.js:45:22)
      at Object.dispatchUIEvent (node_modules/@testing-library/user-event/dist/
cjs/event/dispatchEvent.js:22:26)
      at commitInput 
(node_modules/@testing-library/user-event/dist/cjs/event/input.js:145:14)
      at editInputElement 
(node_modules/@testing-library/user-event/dist/cjs/event/input.js:115:9)
      at Object.input 
(node_modules/@testing-library/user-event/dist/cjs/event/input.js:37:9)
      at node_modules/@testing-library/user-event/dist/cjs/event/behavior/keypr
ess.js:31:26
      at Object.dispatchEvent (node_modules/@testing-library/user-event/dist/cj
s/event/dispatchEvent.js:41:13)
      at Object.dispatchUIEvent (node_modules/@testing-library/user-event/dist/
cjs/event/dispatchEvent.js:22:26)
      at KeyboardHost.keydown 
(node_modules/@testing-library/user-event/dist/cjs/system/keyboard.js:76:22)
      at keyboardAction 
(node_modules/@testing-library/user-event/dist/cjs/keyboard/index.js:22:35)
      at Object.keyboard 
(node_modules/@testing-library/user-event/dist/cjs/keyboard/index.js:11:15)
      at Object.type 
(node_modules/@testing-library/user-event/dist/cjs/utility/type.js:17:5)
      at Object.<anonymous> (src/auth/auth.test.tsx:193:9)

    console.error
      Warning: An update to LoginForm inside a test was not wrapped in 
act(...).
      
      When testing, code that causes React state updates should be wrapped 
into act(...):
      
      act(() => {
        /* fire events that update state */
      });
      /* assert on the output */
      
      This ensures that you're testing the behavior the user would see in the 
browser. Learn more at https://reactjs.org/link/wrap-tests-with-act
          at LoginForm (C:\Users\samhe\OneDrive\Desktop\Cleaned\frontend\src\au
th\LoginForm\LoginForm.tsx:41:33)
          at div
          at div
          at LoginPage
          at routeContext (C:\Users\samhe\OneDrive\Desktop\Cleaned\frontend\nod
e_modules\react-router\lib\hooks.tsx:658:26)
          at children (C:\Users\samhe\OneDrive\Desktop\Cleaned\frontend\node_mo
dules\react-router\lib\components.tsx:512:3)
          at basenameProp (C:\Users\samhe\OneDrive\Desktop\Cleaned\frontend\nod
e_modules\react-router\lib\components.tsx:421:13)
          at basename (C:\Users\samhe\OneDrive\Desktop\Cleaned\frontend\node_mo
dules\react-router\lib\components.tsx:225:3)

      52 |     async function handleSubmit(e: React.FormEvent) {
      53 |         e.preventDefault()
    > 54 |         setError('')
         |         ^
      55 |
      56 |         // Client-side empty field validation (R-AUTH-EMPTY)
      57 |         if (!email.trim() || !password) {

      at printWarning 
(node_modules/react-dom/cjs/react-dom.development.js:86:30)
      at error (node_modules/react-dom/cjs/react-dom.development.js:60:7)
      at warnIfUpdatesNotWrappedWithActDEV 
(node_modules/react-dom/cjs/react-dom.development.js:27628:9)
      at scheduleUpdateOnFiber 
(node_modules/react-dom/cjs/react-dom.development.js:25547:5)
      at dispatchSetState 
(node_modules/react-dom/cjs/react-dom.development.js:16708:7)
      at handleSubmit (src/auth/LoginForm/LoginForm.tsx:54:9)
      at HTMLUnknownElement.callCallback 
(node_modules/react-dom/cjs/react-dom.development.js:4164:14)
      at HTMLUnknownElement.callTheUserObjectsOperation 
(node_modules/jsdom/lib/jsdom/living/generated/EventListener.js:26:30)
      at innerInvokeEventListeners 
(node_modules/jsdom/lib/jsdom/living/events/EventTarget-impl.js:350:25)
      at invokeEventListeners 
(node_modules/jsdom/lib/jsdom/living/events/EventTarget-impl.js:286:3)
      at HTMLUnknownElementImpl._dispatch 
(node_modules/jsdom/lib/jsdom/living/events/EventTarget-impl.js:233:9)
      at HTMLUnknownElementImpl.dispatchEvent 
(node_modules/jsdom/lib/jsdom/living/events/EventTarget-impl.js:104:17)
      at HTMLUnknownElement.dispatchEvent 
(node_modules/jsdom/lib/jsdom/living/generated/EventTarget.js:241:34)
      at Object.invokeGuardedCallbackDev 
(node_modules/react-dom/cjs/react-dom.development.js:4213:16)
      at invokeGuardedCallback 
(node_modules/react-dom/cjs/react-dom.development.js:4277:31)
      at invokeGuardedCallbackAndCatchFirstError 
(node_modules/react-dom/cjs/react-dom.development.js:4291:25)
      at executeDispatch 
(node_modules/react-dom/cjs/react-dom.development.js:9041:3)
      at processDispatchQueueItemsInOrder 
(node_modules/react-dom/cjs/react-dom.development.js:9073:7)
      at processDispatchQueue 
(node_modules/react-dom/cjs/react-dom.development.js:9086:5)
      at dispatchEventsForPlugins 
(node_modules/react-dom/cjs/react-dom.development.js:9097:3)
      at node_modules/react-dom/cjs/react-dom.development.js:9288:12
      at batchedUpdates$1 
(node_modules/react-dom/cjs/react-dom.development.js:26179:12)
      at batchedUpdates 
(node_modules/react-dom/cjs/react-dom.development.js:3991:12)
      at dispatchEventForPluginEventSystem 
(node_modules/react-dom/cjs/react-dom.development.js:9287:3)
      at dispatchEventWithEnableCapturePhaseSelectiveHydrationWithoutDiscreteEv
entReplay (node_modules/react-dom/cjs/react-dom.development.js:6465:5)
      at dispatchEvent 
(node_modules/react-dom/cjs/react-dom.development.js:6457:5)
      at dispatchDiscreteEvent 
(node_modules/react-dom/cjs/react-dom.development.js:6430:5)
      at HTMLDivElement.callTheUserObjectsOperation 
(node_modules/jsdom/lib/jsdom/living/generated/EventListener.js:26:30)
      at innerInvokeEventListeners 
(node_modules/jsdom/lib/jsdom/living/events/EventTarget-impl.js:350:25)
      at invokeEventListeners 
(node_modules/jsdom/lib/jsdom/living/events/EventTarget-impl.js:286:3)
      at HTMLFormElementImpl._dispatch 
(node_modules/jsdom/lib/jsdom/living/events/EventTarget-impl.js:233:9)
      at fireAnEvent 
(node_modules/jsdom/lib/jsdom/living/helpers/events.js:18:36)
      at HTMLFormElementImpl.requestSubmit 
(node_modules/jsdom/lib/jsdom/living/nodes/HTMLFormElement-impl.js:109:10)
      at HTMLFormElementImpl._doRequestSubmit 
(node_modules/jsdom/lib/jsdom/living/nodes/HTMLFormElement-impl.js:79:10)
      at HTMLButtonElementImpl._activationBehavior 
(node_modules/jsdom/lib/jsdom/living/nodes/HTMLButtonElement-impl.js:23:14)
      at HTMLButtonElementImpl._dispatch 
(node_modules/jsdom/lib/jsdom/living/events/EventTarget-impl.js:252:26)
      at HTMLButtonElementImpl.dispatchEvent 
(node_modules/jsdom/lib/jsdom/living/events/EventTarget-impl.js:104:17)
      at HTMLButtonElement.dispatchEvent 
(node_modules/jsdom/lib/jsdom/living/generated/EventTarget.js:241:34)
      at 
node_modules/@testing-library/user-event/dist/cjs/event/dispatchEvent.js:45:43
      at Object.eventWrapper 
(node_modules/@testing-library/dom/dist/config.js:25:23)
      at Object.wrapEvent 
(node_modules/@testing-library/user-event/dist/cjs/event/wrapEvent.js:6:28)
      at Object.dispatchEvent (node_modules/@testing-library/user-event/dist/cj
s/event/dispatchEvent.js:45:22)
      at Object.dispatchUIEvent (node_modules/@testing-library/user-event/dist/
cjs/event/dispatchEvent.js:22:26)
      at Mouse.up (node_modules/@testing-library/user-event/dist/cjs/system/poi
nter/mouse.js:100:30)
      at PointerHost.release (node_modules/@testing-library/user-event/dist/cjs
/system/pointer/index.js:87:24)
      at pointerAction 
(node_modules/@testing-library/user-event/dist/cjs/pointer/index.js:54:47)
      at Object.pointer 
(node_modules/@testing-library/user-event/dist/cjs/pointer/index.js:27:9)
      at Object.<anonymous> (src/auth/auth.test.tsx:194:9)

    console.error
      Warning: An update to LoginForm inside a test was not wrapped in 
act(...).
      
      When testing, code that causes React state updates should be wrapped 
into act(...):
      
      act(() => {
        /* fire events that update state */
      });
      /* assert on the output */
      
      This ensures that you're testing the behavior the user would see in the 
browser. Learn more at https://reactjs.org/link/wrap-tests-with-act
          at LoginForm (C:\Users\samhe\OneDrive\Desktop\Cleaned\frontend\src\au
th\LoginForm\LoginForm.tsx:41:33)
          at div
          at div
          at LoginPage
          at routeContext (C:\Users\samhe\OneDrive\Desktop\Cleaned\frontend\nod
e_modules\react-router\lib\hooks.tsx:658:26)
          at children (C:\Users\samhe\OneDrive\Desktop\Cleaned\frontend\node_mo
dules\react-router\lib\components.tsx:512:3)
          at basenameProp (C:\Users\samhe\OneDrive\Desktop\Cleaned\frontend\nod
e_modules\react-router\lib\components.tsx:421:13)
          at basename (C:\Users\samhe\OneDrive\Desktop\Cleaned\frontend\node_mo
dules\react-router\lib\components.tsx:225:3)

      60 |         }
      61 |
    > 62 |         setLoading(true)
         |         ^
      63 |
      64 |         try {
      65 |             const response = await apiPost<{ token: string; user: 
Record<string, unknown> }>(

      at printWarning 
(node_modules/react-dom/cjs/react-dom.development.js:86:30)
      at error (node_modules/react-dom/cjs/react-dom.development.js:60:7)
      at warnIfUpdatesNotWrappedWithActDEV 
(node_modules/react-dom/cjs/react-dom.development.js:27628:9)
      at scheduleUpdateOnFiber 
(node_modules/react-dom/cjs/react-dom.development.js:25547:5)
      at dispatchSetState 
(node_modules/react-dom/cjs/react-dom.development.js:16708:7)
      at handleSubmit (src/auth/LoginForm/LoginForm.tsx:62:9)
      at HTMLUnknownElement.callCallback 
(node_modules/react-dom/cjs/react-dom.development.js:4164:14)
      at HTMLUnknownElement.callTheUserObjectsOperation 
(node_modules/jsdom/lib/jsdom/living/generated/EventListener.js:26:30)
      at innerInvokeEventListeners 
(node_modules/jsdom/lib/jsdom/living/events/EventTarget-impl.js:350:25)
      at invokeEventListeners 
(node_modules/jsdom/lib/jsdom/living/events/EventTarget-impl.js:286:3)
      at HTMLUnknownElementImpl._dispatch 
(node_modules/jsdom/lib/jsdom/living/events/EventTarget-impl.js:233:9)
      at HTMLUnknownElementImpl.dispatchEvent 
(node_modules/jsdom/lib/jsdom/living/events/EventTarget-impl.js:104:17)
      at HTMLUnknownElement.dispatchEvent 
(node_modules/jsdom/lib/jsdom/living/generated/EventTarget.js:241:34)
      at Object.invokeGuardedCallbackDev 
(node_modules/react-dom/cjs/react-dom.development.js:4213:16)
      at invokeGuardedCallback 
(node_modules/react-dom/cjs/react-dom.development.js:4277:31)
      at invokeGuardedCallbackAndCatchFirstError 
(node_modules/react-dom/cjs/react-dom.development.js:4291:25)
      at executeDispatch 
(node_modules/react-dom/cjs/react-dom.development.js:9041:3)
      at processDispatchQueueItemsInOrder 
(node_modules/react-dom/cjs/react-dom.development.js:9073:7)
      at processDispatchQueue 
(node_modules/react-dom/cjs/react-dom.development.js:9086:5)
      at dispatchEventsForPlugins 
(node_modules/react-dom/cjs/react-dom.development.js:9097:3)
      at node_modules/react-dom/cjs/react-dom.development.js:9288:12
      at batchedUpdates$1 
(node_modules/react-dom/cjs/react-dom.development.js:26179:12)
      at batchedUpdates 
(node_modules/react-dom/cjs/react-dom.development.js:3991:12)
      at dispatchEventForPluginEventSystem 
(node_modules/react-dom/cjs/react-dom.development.js:9287:3)
      at dispatchEventWithEnableCapturePhaseSelectiveHydrationWithoutDiscreteEv
entReplay (node_modules/react-dom/cjs/react-dom.development.js:6465:5)
      at dispatchEvent 
(node_modules/react-dom/cjs/react-dom.development.js:6457:5)
      at dispatchDiscreteEvent 
(node_modules/react-dom/cjs/react-dom.development.js:6430:5)
      at HTMLDivElement.callTheUserObjectsOperation 
(node_modules/jsdom/lib/jsdom/living/generated/EventListener.js:26:30)
      at innerInvokeEventListeners 
(node_modules/jsdom/lib/jsdom/living/events/EventTarget-impl.js:350:25)
      at invokeEventListeners 
(node_modules/jsdom/lib/jsdom/living/events/EventTarget-impl.js:286:3)
      at HTMLFormElementImpl._dispatch 
(node_modules/jsdom/lib/jsdom/living/events/EventTarget-impl.js:233:9)
      at fireAnEvent 
(node_modules/jsdom/lib/jsdom/living/helpers/events.js:18:36)
      at HTMLFormElementImpl.requestSubmit 
(node_modules/jsdom/lib/jsdom/living/nodes/HTMLFormElement-impl.js:109:10)
      at HTMLFormElementImpl._doRequestSubmit 
(node_modules/jsdom/lib/jsdom/living/nodes/HTMLFormElement-impl.js:79:10)
      at HTMLButtonElementImpl._activationBehavior 
(node_modules/jsdom/lib/jsdom/living/nodes/HTMLButtonElement-impl.js:23:14)
      at HTMLButtonElementImpl._dispatch 
(node_modules/jsdom/lib/jsdom/living/events/EventTarget-impl.js:252:26)
      at HTMLButtonElementImpl.dispatchEvent 
(node_modules/jsdom/lib/jsdom/living/events/EventTarget-impl.js:104:17)
      at HTMLButtonElement.dispatchEvent 
(node_modules/jsdom/lib/jsdom/living/generated/EventTarget.js:241:34)
      at 
node_modules/@testing-library/user-event/dist/cjs/event/dispatchEvent.js:45:43
      at Object.eventWrapper 
(node_modules/@testing-library/dom/dist/config.js:25:23)
      at Object.wrapEvent 
(node_modules/@testing-library/user-event/dist/cjs/event/wrapEvent.js:6:28)
      at Object.dispatchEvent (node_modules/@testing-library/user-event/dist/cj
s/event/dispatchEvent.js:45:22)
      at Object.dispatchUIEvent (node_modules/@testing-library/user-event/dist/
cjs/event/dispatchEvent.js:22:26)
      at Mouse.up (node_modules/@testing-library/user-event/dist/cjs/system/poi
nter/mouse.js:100:30)
      at PointerHost.release (node_modules/@testing-library/user-event/dist/cjs
/system/pointer/index.js:87:24)
      at pointerAction 
(node_modules/@testing-library/user-event/dist/cjs/pointer/index.js:54:47)
      at Object.pointer 
(node_modules/@testing-library/user-event/dist/cjs/pointer/index.js:27:9)
      at Object.<anonymous> (src/auth/auth.test.tsx:194:9)

    console.error
      Warning: An update to LoginForm inside a test was not wrapped in 
act(...).
      
      When testing, code that causes React state updates should be wrapped 
into act(...):
      
      act(() => {
        /* fire events that update state */
      });
      /* assert on the output */
      
      This ensures that you're testing the behavior the user would see in the 
browser. Learn more at https://reactjs.org/link/wrap-tests-with-act
          at LoginForm (C:\Users\samhe\OneDrive\Desktop\Cleaned\frontend\src\au
th\LoginForm\LoginForm.tsx:41:33)
          at div
          at div
          at LoginPage
          at routeContext (C:\Users\samhe\OneDrive\Desktop\Cleaned\frontend\nod
e_modules\react-router\lib\hooks.tsx:658:26)
          at children (C:\Users\samhe\OneDrive\Desktop\Cleaned\frontend\node_mo
dules\react-router\lib\components.tsx:512:3)
          at basenameProp (C:\Users\samhe\OneDrive\Desktop\Cleaned\frontend\nod
e_modules\react-router\lib\components.tsx:421:13)
          at basename (C:\Users\samhe\OneDrive\Desktop\Cleaned\frontend\node_mo
dules\react-router\lib\components.tsx:225:3)

      89 |                     setError(`Incorrect email or password. 
${attemptsRemaining} attempts remaining.`)
      90 |                 } else {
    > 91 |                     setError('Incorrect email or password.')
         |                     ^
      92 |                 }
      93 |             } else {
      94 |                 setError('Something went wrong. Please try again 
later.')

      at printWarning 
(node_modules/react-dom/cjs/react-dom.development.js:86:30)
      at error (node_modules/react-dom/cjs/react-dom.development.js:60:7)
      at warnIfUpdatesNotWrappedWithActDEV 
(node_modules/react-dom/cjs/react-dom.development.js:27628:9)
      at scheduleUpdateOnFiber 
(node_modules/react-dom/cjs/react-dom.development.js:25547:5)
      at dispatchSetState 
(node_modules/react-dom/cjs/react-dom.development.js:16708:7)
      at handleSubmit (src/auth/LoginForm/LoginForm.tsx:91:21)

    console.error
      Warning: An update to LoginForm inside a test was not wrapped in 
act(...).
      
      When testing, code that causes React state updates should be wrapped 
into act(...):
      
      act(() => {
        /* fire events that update state */
      });
      /* assert on the output */
      
      This ensures that you're testing the behavior the user would see in the 
browser. Learn more at https://reactjs.org/link/wrap-tests-with-act
          at LoginForm (C:\Users\samhe\OneDrive\Desktop\Cleaned\frontend\src\au
th\LoginForm\LoginForm.tsx:41:33)
          at div
          at div
          at LoginPage
          at routeContext (C:\Users\samhe\OneDrive\Desktop\Cleaned\frontend\nod
e_modules\react-router\lib\hooks.tsx:658:26)
          at children (C:\Users\samhe\OneDrive\Desktop\Cleaned\frontend\node_mo
dules\react-router\lib\components.tsx:512:3)
          at basenameProp (C:\Users\samhe\OneDrive\Desktop\Cleaned\frontend\nod
e_modules\react-router\lib\components.tsx:421:13)
          at basename (C:\Users\samhe\OneDrive\Desktop\Cleaned\frontend\node_mo
dules\react-router\lib\components.tsx:225:3)

       95 |             }
       96 |         } finally {
    >  97 |             setLoading(false)
          |             ^
       98 |         }
       99 |     }
      100 |

      at printWarning 
(node_modules/react-dom/cjs/react-dom.development.js:86:30)
      at error (node_modules/react-dom/cjs/react-dom.development.js:60:7)
      at warnIfUpdatesNotWrappedWithActDEV 
(node_modules/react-dom/cjs/react-dom.development.js:27628:9)
      at scheduleUpdateOnFiber 
(node_modules/react-dom/cjs/react-dom.development.js:25547:5)
      at dispatchSetState 
(node_modules/react-dom/cjs/react-dom.development.js:16708:7)
      at handleSubmit (src/auth/LoginForm/LoginForm.tsx:97:13)

    console.error
      Warning: An update to LoginForm inside a test was not wrapped in 
act(...).
      
      When testing, code that causes React state updates should be wrapped 
into act(...):
      
      act(() => {
        /* fire events that update state */
      });
      /* assert on the output */
      
      This ensures that you're testing the behavior the user would see in the 
browser. Learn more at https://reactjs.org/link/wrap-tests-with-act
          at LoginForm (C:\Users\samhe\OneDrive\Desktop\Cleaned\frontend\src\au
th\LoginForm\LoginForm.tsx:41:33)
          at div
          at div
          at LoginPage
          at routeContext (C:\Users\samhe\OneDrive\Desktop\Cleaned\frontend\nod
e_modules\react-router\lib\hooks.tsx:658:26)
          at children (C:\Users\samhe\OneDrive\Desktop\Cleaned\frontend\node_mo
dules\react-router\lib\components.tsx:512:3)
          at basenameProp (C:\Users\samhe\OneDrive\Desktop\Cleaned\frontend\nod
e_modules\react-router\lib\components.tsx:421:13)
          at basename (C:\Users\samhe\OneDrive\Desktop\Cleaned\frontend\node_mo
dules\react-router\lib\components.tsx:225:3)

      123 |                     placeholder="email@company.com"
      124 |                     value={email}
    > 125 |                     onChange={(e) => setEmail(e.target.value)}
          |                                      ^
      126 |                     className="w-full rounded-md border 
border-gray-300 px-3 py-2 text-sm focus:outline-none focus:ring-2 
focus:ring-gray-900 disabled:opacity-50"
      127 |                 />
      128 |             </div>

      at printWarning 
(node_modules/react-dom/cjs/react-dom.development.js:86:30)
      at error (node_modules/react-dom/cjs/react-dom.development.js:60:7)
      at warnIfUpdatesNotWrappedWithActDEV 
(node_modules/react-dom/cjs/react-dom.development.js:27628:9)
      at scheduleUpdateOnFiber 
(node_modules/react-dom/cjs/react-dom.development.js:25547:5)
      at dispatchSetState 
(node_modules/react-dom/cjs/react-dom.development.js:16708:7)
      at onChange (src/auth/LoginForm/LoginForm.tsx:125:38)
      at HTMLUnknownElement.callCallback 
(node_modules/react-dom/cjs/react-dom.development.js:4164:14)
      at HTMLUnknownElement.callTheUserObjectsOperation 
(node_modules/jsdom/lib/jsdom/living/generated/EventListener.js:26:30)
      at innerInvokeEventListeners 
(node_modules/jsdom/lib/jsdom/living/events/EventTarget-impl.js:350:25)
      at invokeEventListeners 
(node_modules/jsdom/lib/jsdom/living/events/EventTarget-impl.js:286:3)
      at HTMLUnknownElementImpl._dispatch 
(node_modules/jsdom/lib/jsdom/living/events/EventTarget-impl.js:233:9)
      at HTMLUnknownElementImpl.dispatchEvent 
(node_modules/jsdom/lib/jsdom/living/events/EventTarget-impl.js:104:17)
      at HTMLUnknownElement.dispatchEvent 
(node_modules/jsdom/lib/jsdom/living/generated/EventTarget.js:241:34)
      at Object.invokeGuardedCallbackDev 
(node_modules/react-dom/cjs/react-dom.development.js:4213:16)
      at invokeGuardedCallback 
(node_modules/react-dom/cjs/react-dom.development.js:4277:31)
      at invokeGuardedCallbackAndCatchFirstError 
(node_modules/react-dom/cjs/react-dom.development.js:4291:25)
      at executeDispatch 
(node_modules/react-dom/cjs/react-dom.development.js:9041:3)
      at processDispatchQueueItemsInOrder 
(node_modules/react-dom/cjs/react-dom.development.js:9073:7)
      at processDispatchQueue 
(node_modules/react-dom/cjs/react-dom.development.js:9086:5)
      at dispatchEventsForPlugins 
(node_modules/react-dom/cjs/react-dom.development.js:9097:3)
      at node_modules/react-dom/cjs/react-dom.development.js:9288:12
      at batchedUpdates$1 
(node_modules/react-dom/cjs/react-dom.development.js:26179:12)
      at batchedUpdates 
(node_modules/react-dom/cjs/react-dom.development.js:3991:12)
      at dispatchEventForPluginEventSystem 
(node_modules/react-dom/cjs/react-dom.development.js:9287:3)
      at dispatchEventWithEnableCapturePhaseSelectiveHydrationWithoutDiscreteEv
entReplay (node_modules/react-dom/cjs/react-dom.development.js:6465:5)
      at dispatchEvent 
(node_modules/react-dom/cjs/react-dom.development.js:6457:5)
      at dispatchDiscreteEvent 
(node_modules/react-dom/cjs/react-dom.development.js:6430:5)
      at HTMLDivElement.callTheUserObjectsOperation 
(node_modules/jsdom/lib/jsdom/living/generated/EventListener.js:26:30)
      at innerInvokeEventListeners 
(node_modules/jsdom/lib/jsdom/living/events/EventTarget-impl.js:350:25)
      at invokeEventListeners 
(node_modules/jsdom/lib/jsdom/living/events/EventTarget-impl.js:286:3)
      at HTMLInputElementImpl._dispatch 
(node_modules/jsdom/lib/jsdom/living/events/EventTarget-impl.js:233:9)
      at HTMLInputElementImpl.dispatchEvent 
(node_modules/jsdom/lib/jsdom/living/events/EventTarget-impl.js:104:17)
      at HTMLInputElement.dispatchEvent 
(node_modules/jsdom/lib/jsdom/living/generated/EventTarget.js:241:34)
      at 
node_modules/@testing-library/user-event/dist/cjs/event/dispatchEvent.js:45:43
      at Object.eventWrapper 
(node_modules/@testing-library/dom/dist/config.js:25:23)
      at Object.wrapEvent 
(node_modules/@testing-library/user-event/dist/cjs/event/wrapEvent.js:6:28)
      at Object.dispatchEvent (node_modules/@testing-library/user-event/dist/cj
s/event/dispatchEvent.js:45:22)
      at Object.dispatchUIEvent (node_modules/@testing-library/user-event/dist/
cjs/event/dispatchEvent.js:22:26)
      at commitInput 
(node_modules/@testing-library/user-event/dist/cjs/event/input.js:145:14)
      at editInputElement 
(node_modules/@testing-library/user-event/dist/cjs/event/input.js:115:9)
      at Object.input 
(node_modules/@testing-library/user-event/dist/cjs/event/input.js:37:9)
      at node_modules/@testing-library/user-event/dist/cjs/event/behavior/keypr
ess.js:31:26
      at Object.dispatchEvent (node_modules/@testing-library/user-event/dist/cj
s/event/dispatchEvent.js:41:13)
      at Object.dispatchUIEvent (node_modules/@testing-library/user-event/dist/
cjs/event/dispatchEvent.js:22:26)
      at KeyboardHost.keydown 
(node_modules/@testing-library/user-event/dist/cjs/system/keyboard.js:76:22)
      at keyboardAction 
(node_modules/@testing-library/user-event/dist/cjs/keyboard/index.js:22:35)
      at Object.keyboard 
(node_modules/@testing-library/user-event/dist/cjs/keyboard/index.js:11:15)
      at Object.type 
(node_modules/@testing-library/user-event/dist/cjs/utility/type.js:17:5)
      at Object.<anonymous> (src/auth/auth.test.tsx:203:9)

    console.error
      Warning: An update to LoginForm inside a test was not wrapped in 
act(...).
      
      When testing, code that causes React state updates should be wrapped 
into act(...):
      
      act(() => {
        /* fire events that update state */
      });
      /* assert on the output */
      
      This ensures that you're testing the behavior the user would see in the 
browser. Learn more at https://reactjs.org/link/wrap-tests-with-act
          at LoginForm (C:\Users\samhe\OneDrive\Desktop\Cleaned\frontend\src\au
th\LoginForm\LoginForm.tsx:41:33)
          at div
          at div
          at LoginPage
          at routeContext (C:\Users\samhe\OneDrive\Desktop\Cleaned\frontend\nod
e_modules\react-router\lib\hooks.tsx:658:26)
          at children (C:\Users\samhe\OneDrive\Desktop\Cleaned\frontend\node_mo
dules\react-router\lib\components.tsx:512:3)
          at basenameProp (C:\Users\samhe\OneDrive\Desktop\Cleaned\frontend\nod
e_modules\react-router\lib\components.tsx:421:13)
          at basename (C:\Users\samhe\OneDrive\Desktop\Cleaned\frontend\node_mo
dules\react-router\lib\components.tsx:225:3)

      123 |                     placeholder="email@company.com"
      124 |                     value={email}
    > 125 |                     onChange={(e) => setEmail(e.target.value)}
          |                                      ^
      126 |                     className="w-full rounded-md border 
border-gray-300 px-3 py-2 text-sm focus:outline-none focus:ring-2 
focus:ring-gray-900 disabled:opacity-50"
      127 |                 />
      128 |             </div>

      at printWarning 
(node_modules/react-dom/cjs/react-dom.development.js:86:30)
      at error (node_modules/react-dom/cjs/react-dom.development.js:60:7)
      at warnIfUpdatesNotWrappedWithActDEV 
(node_modules/react-dom/cjs/react-dom.development.js:27628:9)
      at scheduleUpdateOnFiber 
(node_modules/react-dom/cjs/react-dom.development.js:25547:5)
      at dispatchSetState 
(node_modules/react-dom/cjs/react-dom.development.js:16708:7)
      at onChange (src/auth/LoginForm/LoginForm.tsx:125:38)
      at HTMLUnknownElement.callCallback 
(node_modules/react-dom/cjs/react-dom.development.js:4164:14)
      at HTMLUnknownElement.callTheUserObjectsOperation 
(node_modules/jsdom/lib/jsdom/living/generated/EventListener.js:26:30)
      at innerInvokeEventListeners 
(node_modules/jsdom/lib/jsdom/living/events/EventTarget-impl.js:350:25)
      at invokeEventListeners 
(node_modules/jsdom/lib/jsdom/living/events/EventTarget-impl.js:286:3)
      at HTMLUnknownElementImpl._dispatch 
(node_modules/jsdom/lib/jsdom/living/events/EventTarget-impl.js:233:9)
      at HTMLUnknownElementImpl.dispatchEvent 
(node_modules/jsdom/lib/jsdom/living/events/EventTarget-impl.js:104:17)
      at HTMLUnknownElement.dispatchEvent 
(node_modules/jsdom/lib/jsdom/living/generated/EventTarget.js:241:34)
      at Object.invokeGuardedCallbackDev 
(node_modules/react-dom/cjs/react-dom.development.js:4213:16)
      at invokeGuardedCallback 
(node_modules/react-dom/cjs/react-dom.development.js:4277:31)
      at invokeGuardedCallbackAndCatchFirstError 
(node_modules/react-dom/cjs/react-dom.development.js:4291:25)
      at executeDispatch 
(node_modules/react-dom/cjs/react-dom.development.js:9041:3)
      at processDispatchQueueItemsInOrder 
(node_modules/react-dom/cjs/react-dom.development.js:9073:7)
      at processDispatchQueue 
(node_modules/react-dom/cjs/react-dom.development.js:9086:5)
      at dispatchEventsForPlugins 
(node_modules/react-dom/cjs/react-dom.development.js:9097:3)
      at node_modules/react-dom/cjs/react-dom.development.js:9288:12
      at batchedUpdates$1 
(node_modules/react-dom/cjs/react-dom.development.js:26179:12)
      at batchedUpdates 
(node_modules/react-dom/cjs/react-dom.development.js:3991:12)
      at dispatchEventForPluginEventSystem 
(node_modules/react-dom/cjs/react-dom.development.js:9287:3)
      at dispatchEventWithEnableCapturePhaseSelectiveHydrationWithoutDiscreteEv
entReplay (node_modules/react-dom/cjs/react-dom.development.js:6465:5)
      at dispatchEvent 
(node_modules/react-dom/cjs/react-dom.development.js:6457:5)
      at dispatchDiscreteEvent 
(node_modules/react-dom/cjs/react-dom.development.js:6430:5)
      at HTMLDivElement.callTheUserObjectsOperation 
(node_modules/jsdom/lib/jsdom/living/generated/EventListener.js:26:30)
      at innerInvokeEventListeners 
(node_modules/jsdom/lib/jsdom/living/events/EventTarget-impl.js:350:25)
      at invokeEventListeners 
(node_modules/jsdom/lib/jsdom/living/events/EventTarget-impl.js:286:3)
      at HTMLInputElementImpl._dispatch 
(node_modules/jsdom/lib/jsdom/living/events/EventTarget-impl.js:233:9)
      at HTMLInputElementImpl.dispatchEvent 
(node_modules/jsdom/lib/jsdom/living/events/EventTarget-impl.js:104:17)
      at HTMLInputElement.dispatchEvent 
(node_modules/jsdom/lib/jsdom/living/generated/EventTarget.js:241:34)
      at 
node_modules/@testing-library/user-event/dist/cjs/event/dispatchEvent.js:45:43
      at Object.eventWrapper 
(node_modules/@testing-library/dom/dist/config.js:25:23)
      at Object.wrapEvent 
(node_modules/@testing-library/user-event/dist/cjs/event/wrapEvent.js:6:28)
      at Object.dispatchEvent (node_modules/@testing-library/user-event/dist/cj
s/event/dispatchEvent.js:45:22)
      at Object.dispatchUIEvent (node_modules/@testing-library/user-event/dist/
cjs/event/dispatchEvent.js:22:26)
      at commitInput 
(node_modules/@testing-library/user-event/dist/cjs/event/input.js:145:14)
      at editInputElement 
(node_modules/@testing-library/user-event/dist/cjs/event/input.js:115:9)
      at Object.input 
(node_modules/@testing-library/user-event/dist/cjs/event/input.js:37:9)
      at node_modules/@testing-library/user-event/dist/cjs/event/behavior/keypr
ess.js:31:26
      at Object.dispatchEvent (node_modules/@testing-library/user-event/dist/cj
s/event/dispatchEvent.js:41:13)
      at Object.dispatchUIEvent (node_modules/@testing-library/user-event/dist/
cjs/event/dispatchEvent.js:22:26)
      at KeyboardHost.keydown 
(node_modules/@testing-library/user-event/dist/cjs/system/keyboard.js:76:22)
      at keyboardAction 
(node_modules/@testing-library/user-event/dist/cjs/keyboard/index.js:22:35)
      at Object.keyboard 
(node_modules/@testing-library/user-event/dist/cjs/keyboard/index.js:11:15)
      at Object.type 
(node_modules/@testing-library/user-event/dist/cjs/utility/type.js:17:5)
      at Object.<anonymous> (src/auth/auth.test.tsx:203:9)

    console.error
      Warning: An update to LoginForm inside a test was not wrapped in 
act(...).
      
      When testing, code that causes React state updates should be wrapped 
into act(...):
      
      act(() => {
        /* fire events that update state */
      });
      /* assert on the output */
      
      This ensures that you're testing the behavior the user would see in the 
browser. Learn more at https://reactjs.org/link/wrap-tests-with-act
          at LoginForm (C:\Users\samhe\OneDrive\Desktop\Cleaned\frontend\src\au
th\LoginForm\LoginForm.tsx:41:33)
          at div
          at div
          at LoginPage
          at routeContext (C:\Users\samhe\OneDrive\Desktop\Cleaned\frontend\nod
e_modules\react-router\lib\hooks.tsx:658:26)
          at children (C:\Users\samhe\OneDrive\Desktop\Cleaned\frontend\node_mo
dules\react-router\lib\components.tsx:512:3)
          at basenameProp (C:\Users\samhe\OneDrive\Desktop\Cleaned\frontend\nod
e_modules\react-router\lib\components.tsx:421:13)
          at basename (C:\Users\samhe\OneDrive\Desktop\Cleaned\frontend\node_mo
dules\react-router\lib\components.tsx:225:3)

      123 |                     placeholder="email@company.com"
      124 |                     value={email}
    > 125 |                     onChange={(e) => setEmail(e.target.value)}
          |                                      ^
      126 |                     className="w-full rounded-md border 
border-gray-300 px-3 py-2 text-sm focus:outline-none focus:ring-2 
focus:ring-gray-900 disabled:opacity-50"
      127 |                 />
      128 |             </div>

      at printWarning 
(node_modules/react-dom/cjs/react-dom.development.js:86:30)
      at error (node_modules/react-dom/cjs/react-dom.development.js:60:7)
      at warnIfUpdatesNotWrappedWithActDEV 
(node_modules/react-dom/cjs/react-dom.development.js:27628:9)
      at scheduleUpdateOnFiber 
(node_modules/react-dom/cjs/react-dom.development.js:25547:5)
      at dispatchSetState 
(node_modules/react-dom/cjs/react-dom.development.js:16708:7)
      at onChange (src/auth/LoginForm/LoginForm.tsx:125:38)
      at HTMLUnknownElement.callCallback 
(node_modules/react-dom/cjs/react-dom.development.js:4164:14)
      at HTMLUnknownElement.callTheUserObjectsOperation 
(node_modules/jsdom/lib/jsdom/living/generated/EventListener.js:26:30)
      at innerInvokeEventListeners 
(node_modules/jsdom/lib/jsdom/living/events/EventTarget-impl.js:350:25)
      at invokeEventListeners 
(node_modules/jsdom/lib/jsdom/living/events/EventTarget-impl.js:286:3)
      at HTMLUnknownElementImpl._dispatch 
(node_modules/jsdom/lib/jsdom/living/events/EventTarget-impl.js:233:9)
      at HTMLUnknownElementImpl.dispatchEvent 
(node_modules/jsdom/lib/jsdom/living/events/EventTarget-impl.js:104:17)
      at HTMLUnknownElement.dispatchEvent 
(node_modules/jsdom/lib/jsdom/living/generated/EventTarget.js:241:34)
      at Object.invokeGuardedCallbackDev 
(node_modules/react-dom/cjs/react-dom.development.js:4213:16)
      at invokeGuardedCallback 
(node_modules/react-dom/cjs/react-dom.development.js:4277:31)
      at invokeGuardedCallbackAndCatchFirstError 
(node_modules/react-dom/cjs/react-dom.development.js:4291:25)
      at executeDispatch 
(node_modules/react-dom/cjs/react-dom.development.js:9041:3)
      at processDispatchQueueItemsInOrder 
(node_modules/react-dom/cjs/react-dom.development.js:9073:7)
      at processDispatchQueue 
(node_modules/react-dom/cjs/react-dom.development.js:9086:5)
      at dispatchEventsForPlugins 
(node_modules/react-dom/cjs/react-dom.development.js:9097:3)
      at node_modules/react-dom/cjs/react-dom.development.js:9288:12
      at batchedUpdates$1 
(node_modules/react-dom/cjs/react-dom.development.js:26179:12)
      at batchedUpdates 
(node_modules/react-dom/cjs/react-dom.development.js:3991:12)
      at dispatchEventForPluginEventSystem 
(node_modules/react-dom/cjs/react-dom.development.js:9287:3)
      at dispatchEventWithEnableCapturePhaseSelectiveHydrationWithoutDiscreteEv
entReplay (node_modules/react-dom/cjs/react-dom.development.js:6465:5)
      at dispatchEvent 
(node_modules/react-dom/cjs/react-dom.development.js:6457:5)
      at dispatchDiscreteEvent 
(node_modules/react-dom/cjs/react-dom.development.js:6430:5)
      at HTMLDivElement.callTheUserObjectsOperation 
(node_modules/jsdom/lib/jsdom/living/generated/EventListener.js:26:30)
      at innerInvokeEventListeners 
(node_modules/jsdom/lib/jsdom/living/events/EventTarget-impl.js:350:25)
      at invokeEventListeners 
(node_modules/jsdom/lib/jsdom/living/events/EventTarget-impl.js:286:3)
      at HTMLInputElementImpl._dispatch 
(node_modules/jsdom/lib/jsdom/living/events/EventTarget-impl.js:233:9)
      at HTMLInputElementImpl.dispatchEvent 
(node_modules/jsdom/lib/jsdom/living/events/EventTarget-impl.js:104:17)
      at HTMLInputElement.dispatchEvent 
(node_modules/jsdom/lib/jsdom/living/generated/EventTarget.js:241:34)
      at 
node_modules/@testing-library/user-event/dist/cjs/event/dispatchEvent.js:45:43
      at Object.eventWrapper 
(node_modules/@testing-library/dom/dist/config.js:25:23)
      at Object.wrapEvent 
(node_modules/@testing-library/user-event/dist/cjs/event/wrapEvent.js:6:28)
      at Object.dispatchEvent (node_modules/@testing-library/user-event/dist/cj
s/event/dispatchEvent.js:45:22)
      at Object.dispatchUIEvent (node_modules/@testing-library/user-event/dist/
cjs/event/dispatchEvent.js:22:26)
      at commitInput 
(node_modules/@testing-library/user-event/dist/cjs/event/input.js:145:14)
      at editInputElement 
(node_modules/@testing-library/user-event/dist/cjs/event/input.js:115:9)
      at Object.input 
(node_modules/@testing-library/user-event/dist/cjs/event/input.js:37:9)
      at node_modules/@testing-library/user-event/dist/cjs/event/behavior/keypr
ess.js:31:26
      at Object.dispatchEvent (node_modules/@testing-library/user-event/dist/cj
s/event/dispatchEvent.js:41:13)
      at Object.dispatchUIEvent (node_modules/@testing-library/user-event/dist/
cjs/event/dispatchEvent.js:22:26)
      at KeyboardHost.keydown 
(node_modules/@testing-library/user-event/dist/cjs/system/keyboard.js:76:22)
      at keyboardAction 
(node_modules/@testing-library/user-event/dist/cjs/keyboard/index.js:22:35)
      at Object.keyboard 
(node_modules/@testing-library/user-event/dist/cjs/keyboard/index.js:11:15)
      at Object.type 
(node_modules/@testing-library/user-event/dist/cjs/utility/type.js:17:5)
      at Object.<anonymous> (src/auth/auth.test.tsx:203:9)

    console.error
      Warning: An update to LoginForm inside a test was not wrapped in 
act(...).
      
      When testing, code that causes React state updates should be wrapped 
into act(...):
      
      act(() => {
        /* fire events that update state */
      });
      /* assert on the output */
      
      This ensures that you're testing the behavior the user would see in the 
browser. Learn more at https://reactjs.org/link/wrap-tests-with-act
          at LoginForm (C:\Users\samhe\OneDrive\Desktop\Cleaned\frontend\src\au
th\LoginForm\LoginForm.tsx:41:33)
          at div
          at div
          at LoginPage
          at routeContext (C:\Users\samhe\OneDrive\Desktop\Cleaned\frontend\nod
e_modules\react-router\lib\hooks.tsx:658:26)
          at children (C:\Users\samhe\OneDrive\Desktop\Cleaned\frontend\node_mo
dules\react-router\lib\components.tsx:512:3)
          at basenameProp (C:\Users\samhe\OneDrive\Desktop\Cleaned\frontend\nod
e_modules\react-router\lib\components.tsx:421:13)
          at basename (C:\Users\samhe\OneDrive\Desktop\Cleaned\frontend\node_mo
dules\react-router\lib\components.tsx:225:3)

      123 |                     placeholder="email@company.com"
      124 |                     value={email}
    > 125 |                     onChange={(e) => setEmail(e.target.value)}
          |                                      ^
      126 |                     className="w-full rounded-md border 
border-gray-300 px-3 py-2 text-sm focus:outline-none focus:ring-2 
focus:ring-gray-900 disabled:opacity-50"
      127 |                 />
      128 |             </div>

      at printWarning 
(node_modules/react-dom/cjs/react-dom.development.js:86:30)
      at error (node_modules/react-dom/cjs/react-dom.development.js:60:7)
      at warnIfUpdatesNotWrappedWithActDEV 
(node_modules/react-dom/cjs/react-dom.development.js:27628:9)
      at scheduleUpdateOnFiber 
(node_modules/react-dom/cjs/react-dom.development.js:25547:5)
      at dispatchSetState 
(node_modules/react-dom/cjs/react-dom.development.js:16708:7)
      at onChange (src/auth/LoginForm/LoginForm.tsx:125:38)
      at HTMLUnknownElement.callCallback 
(node_modules/react-dom/cjs/react-dom.development.js:4164:14)
      at HTMLUnknownElement.callTheUserObjectsOperation 
(node_modules/jsdom/lib/jsdom/living/generated/EventListener.js:26:30)
      at innerInvokeEventListeners 
(node_modules/jsdom/lib/jsdom/living/events/EventTarget-impl.js:350:25)
      at invokeEventListeners 
(node_modules/jsdom/lib/jsdom/living/events/EventTarget-impl.js:286:3)
      at HTMLUnknownElementImpl._dispatch 
(node_modules/jsdom/lib/jsdom/living/events/EventTarget-impl.js:233:9)
      at HTMLUnknownElementImpl.dispatchEvent 
(node_modules/jsdom/lib/jsdom/living/events/EventTarget-impl.js:104:17)
      at HTMLUnknownElement.dispatchEvent 
(node_modules/jsdom/lib/jsdom/living/generated/EventTarget.js:241:34)
      at Object.invokeGuardedCallbackDev 
(node_modules/react-dom/cjs/react-dom.development.js:4213:16)
      at invokeGuardedCallback 
(node_modules/react-dom/cjs/react-dom.development.js:4277:31)
      at invokeGuardedCallbackAndCatchFirstError 
(node_modules/react-dom/cjs/react-dom.development.js:4291:25)
      at executeDispatch 
(node_modules/react-dom/cjs/react-dom.development.js:9041:3)
      at processDispatchQueueItemsInOrder 
(node_modules/react-dom/cjs/react-dom.development.js:9073:7)
      at processDispatchQueue 
(node_modules/react-dom/cjs/react-dom.development.js:9086:5)
      at dispatchEventsForPlugins 
(node_modules/react-dom/cjs/react-dom.development.js:9097:3)
      at node_modules/react-dom/cjs/react-dom.development.js:9288:12
      at batchedUpdates$1 
(node_modules/react-dom/cjs/react-dom.development.js:26179:12)
      at batchedUpdates 
(node_modules/react-dom/cjs/react-dom.development.js:3991:12)
      at dispatchEventForPluginEventSystem 
(node_modules/react-dom/cjs/react-dom.development.js:9287:3)
      at dispatchEventWithEnableCapturePhaseSelectiveHydrationWithoutDiscreteEv
entReplay (node_modules/react-dom/cjs/react-dom.development.js:6465:5)
      at dispatchEvent 
(node_modules/react-dom/cjs/react-dom.development.js:6457:5)
      at dispatchDiscreteEvent 
(node_modules/react-dom/cjs/react-dom.development.js:6430:5)
      at HTMLDivElement.callTheUserObjectsOperation 
(node_modules/jsdom/lib/jsdom/living/generated/EventListener.js:26:30)
      at innerInvokeEventListeners 
(node_modules/jsdom/lib/jsdom/living/events/EventTarget-impl.js:350:25)
      at invokeEventListeners 
(node_modules/jsdom/lib/jsdom/living/events/EventTarget-impl.js:286:3)
      at HTMLInputElementImpl._dispatch 
(node_modules/jsdom/lib/jsdom/living/events/EventTarget-impl.js:233:9)
      at HTMLInputElementImpl.dispatchEvent 
(node_modules/jsdom/lib/jsdom/living/events/EventTarget-impl.js:104:17)
      at HTMLInputElement.dispatchEvent 
(node_modules/jsdom/lib/jsdom/living/generated/EventTarget.js:241:34)
      at 
node_modules/@testing-library/user-event/dist/cjs/event/dispatchEvent.js:45:43
      at Object.eventWrapper 
(node_modules/@testing-library/dom/dist/config.js:25:23)
      at Object.wrapEvent 
(node_modules/@testing-library/user-event/dist/cjs/event/wrapEvent.js:6:28)
      at Object.dispatchEvent (node_modules/@testing-library/user-event/dist/cj
s/event/dispatchEvent.js:45:22)
      at Object.dispatchUIEvent (node_modules/@testing-library/user-event/dist/
cjs/event/dispatchEvent.js:22:26)
      at commitInput 
(node_modules/@testing-library/user-event/dist/cjs/event/input.js:145:14)
      at editInputElement 
(node_modules/@testing-library/user-event/dist/cjs/event/input.js:115:9)
      at Object.input 
(node_modules/@testing-library/user-event/dist/cjs/event/input.js:37:9)
      at node_modules/@testing-library/user-event/dist/cjs/event/behavior/keypr
ess.js:31:26
      at Object.dispatchEvent (node_modules/@testing-library/user-event/dist/cj
s/event/dispatchEvent.js:41:13)
      at Object.dispatchUIEvent (node_modules/@testing-library/user-event/dist/
cjs/event/dispatchEvent.js:22:26)
      at KeyboardHost.keydown 
(node_modules/@testing-library/user-event/dist/cjs/system/keyboard.js:76:22)
      at keyboardAction 
(node_modules/@testing-library/user-event/dist/cjs/keyboard/index.js:22:35)
      at Object.keyboard 
(node_modules/@testing-library/user-event/dist/cjs/keyboard/index.js:11:15)
      at Object.type 
(node_modules/@testing-library/user-event/dist/cjs/utility/type.js:17:5)
      at Object.<anonymous> (src/auth/auth.test.tsx:203:9)

    console.error
      Warning: An update to LoginForm inside a test was not wrapped in 
act(...).
      
      When testing, code that causes React state updates should be wrapped 
into act(...):
      
      act(() => {
        /* fire events that update state */
      });
      /* assert on the output */
      
      This ensures that you're testing the behavior the user would see in the 
browser. Learn more at https://reactjs.org/link/wrap-tests-with-act
          at LoginForm (C:\Users\samhe\OneDrive\Desktop\Cleaned\frontend\src\au
th\LoginForm\LoginForm.tsx:41:33)
          at div
          at div
          at LoginPage
          at routeContext (C:\Users\samhe\OneDrive\Desktop\Cleaned\frontend\nod
e_modules\react-router\lib\hooks.tsx:658:26)
          at children (C:\Users\samhe\OneDrive\Desktop\Cleaned\frontend\node_mo
dules\react-router\lib\components.tsx:512:3)
          at basenameProp (C:\Users\samhe\OneDrive\Desktop\Cleaned\frontend\nod
e_modules\react-router\lib\components.tsx:421:13)
          at basename (C:\Users\samhe\OneDrive\Desktop\Cleaned\frontend\node_mo
dules\react-router\lib\components.tsx:225:3)

      123 |                     placeholder="email@company.com"
      124 |                     value={email}
    > 125 |                     onChange={(e) => setEmail(e.target.value)}
          |                                      ^
      126 |                     className="w-full rounded-md border 
border-gray-300 px-3 py-2 text-sm focus:outline-none focus:ring-2 
focus:ring-gray-900 disabled:opacity-50"
      127 |                 />
      128 |             </div>

      at printWarning 
(node_modules/react-dom/cjs/react-dom.development.js:86:30)
      at error (node_modules/react-dom/cjs/react-dom.development.js:60:7)
      at warnIfUpdatesNotWrappedWithActDEV 
(node_modules/react-dom/cjs/react-dom.development.js:27628:9)
      at scheduleUpdateOnFiber 
(node_modules/react-dom/cjs/react-dom.development.js:25547:5)
      at dispatchSetState 
(node_modules/react-dom/cjs/react-dom.development.js:16708:7)
      at onChange (src/auth/LoginForm/LoginForm.tsx:125:38)
      at HTMLUnknownElement.callCallback 
(node_modules/react-dom/cjs/react-dom.development.js:4164:14)
      at HTMLUnknownElement.callTheUserObjectsOperation 
(node_modules/jsdom/lib/jsdom/living/generated/EventListener.js:26:30)
      at innerInvokeEventListeners 
(node_modules/jsdom/lib/jsdom/living/events/EventTarget-impl.js:350:25)
      at invokeEventListeners 
(node_modules/jsdom/lib/jsdom/living/events/EventTarget-impl.js:286:3)
      at HTMLUnknownElementImpl._dispatch 
(node_modules/jsdom/lib/jsdom/living/events/EventTarget-impl.js:233:9)
      at HTMLUnknownElementImpl.dispatchEvent 
(node_modules/jsdom/lib/jsdom/living/events/EventTarget-impl.js:104:17)
      at HTMLUnknownElement.dispatchEvent 
(node_modules/jsdom/lib/jsdom/living/generated/EventTarget.js:241:34)
      at Object.invokeGuardedCallbackDev 
(node_modules/react-dom/cjs/react-dom.development.js:4213:16)
      at invokeGuardedCallback 
(node_modules/react-dom/cjs/react-dom.development.js:4277:31)
      at invokeGuardedCallbackAndCatchFirstError 
(node_modules/react-dom/cjs/react-dom.development.js:4291:25)
      at executeDispatch 
(node_modules/react-dom/cjs/react-dom.development.js:9041:3)
      at processDispatchQueueItemsInOrder 
(node_modules/react-dom/cjs/react-dom.development.js:9073:7)
      at processDispatchQueue 
(node_modules/react-dom/cjs/react-dom.development.js:9086:5)
      at dispatchEventsForPlugins 
(node_modules/react-dom/cjs/react-dom.development.js:9097:3)
      at node_modules/react-dom/cjs/react-dom.development.js:9288:12
      at batchedUpdates$1 
(node_modules/react-dom/cjs/react-dom.development.js:26179:12)
      at batchedUpdates 
(node_modules/react-dom/cjs/react-dom.development.js:3991:12)
      at dispatchEventForPluginEventSystem 
(node_modules/react-dom/cjs/react-dom.development.js:9287:3)
      at dispatchEventWithEnableCapturePhaseSelectiveHydrationWithoutDiscreteEv
entReplay (node_modules/react-dom/cjs/react-dom.development.js:6465:5)
      at dispatchEvent 
(node_modules/react-dom/cjs/react-dom.development.js:6457:5)
      at dispatchDiscreteEvent 
(node_modules/react-dom/cjs/react-dom.development.js:6430:5)
      at HTMLDivElement.callTheUserObjectsOperation 
(node_modules/jsdom/lib/jsdom/living/generated/EventListener.js:26:30)
      at innerInvokeEventListeners 
(node_modules/jsdom/lib/jsdom/living/events/EventTarget-impl.js:350:25)
      at invokeEventListeners 
(node_modules/jsdom/lib/jsdom/living/events/EventTarget-impl.js:286:3)
      at HTMLInputElementImpl._dispatch 
(node_modules/jsdom/lib/jsdom/living/events/EventTarget-impl.js:233:9)
      at HTMLInputElementImpl.dispatchEvent 
(node_modules/jsdom/lib/jsdom/living/events/EventTarget-impl.js:104:17)
      at HTMLInputElement.dispatchEvent 
(node_modules/jsdom/lib/jsdom/living/generated/EventTarget.js:241:34)
      at 
node_modules/@testing-library/user-event/dist/cjs/event/dispatchEvent.js:45:43
      at Object.eventWrapper 
(node_modules/@testing-library/dom/dist/config.js:25:23)
      at Object.wrapEvent 
(node_modules/@testing-library/user-event/dist/cjs/event/wrapEvent.js:6:28)
      at Object.dispatchEvent (node_modules/@testing-library/user-event/dist/cj
s/event/dispatchEvent.js:45:22)
      at Object.dispatchUIEvent (node_modules/@testing-library/user-event/dist/
cjs/event/dispatchEvent.js:22:26)
      at commitInput 
(node_modules/@testing-library/user-event/dist/cjs/event/input.js:145:14)
      at editInputElement 
(node_modules/@testing-library/user-event/dist/cjs/event/input.js:115:9)
      at Object.input 
(node_modules/@testing-library/user-event/dist/cjs/event/input.js:37:9)
      at node_modules/@testing-library/user-event/dist/cjs/event/behavior/keypr
ess.js:31:26
      at Object.dispatchEvent (node_modules/@testing-library/user-event/dist/cj
s/event/dispatchEvent.js:41:13)
      at Object.dispatchUIEvent (node_modules/@testing-library/user-event/dist/
cjs/event/dispatchEvent.js:22:26)
      at KeyboardHost.keydown 
(node_modules/@testing-library/user-event/dist/cjs/system/keyboard.js:76:22)
      at keyboardAction 
(node_modules/@testing-library/user-event/dist/cjs/keyboard/index.js:22:35)
      at Object.keyboard 
(node_modules/@testing-library/user-event/dist/cjs/keyboard/index.js:11:15)
      at Object.type 
(node_modules/@testing-library/user-event/dist/cjs/utility/type.js:17:5)
      at Object.<anonymous> (src/auth/auth.test.tsx:203:9)

    console.error
      Warning: An update to LoginForm inside a test was not wrapped in 
act(...).
      
      When testing, code that causes React state updates should be wrapped 
into act(...):
      
      act(() => {
        /* fire events that update state */
      });
      /* assert on the output */
      
      This ensures that you're testing the behavior the user would see in the 
browser. Learn more at https://reactjs.org/link/wrap-tests-with-act
          at LoginForm (C:\Users\samhe\OneDrive\Desktop\Cleaned\frontend\src\au
th\LoginForm\LoginForm.tsx:41:33)
          at div
          at div
          at LoginPage
          at routeContext (C:\Users\samhe\OneDrive\Desktop\Cleaned\frontend\nod
e_modules\react-router\lib\hooks.tsx:658:26)
          at children (C:\Users\samhe\OneDrive\Desktop\Cleaned\frontend\node_mo
dules\react-router\lib\components.tsx:512:3)
          at basenameProp (C:\Users\samhe\OneDrive\Desktop\Cleaned\frontend\nod
e_modules\react-router\lib\components.tsx:421:13)
          at basename (C:\Users\samhe\OneDrive\Desktop\Cleaned\frontend\node_mo
dules\react-router\lib\components.tsx:225:3)

      123 |                     placeholder="email@company.com"
      124 |                     value={email}
    > 125 |                     onChange={(e) => setEmail(e.target.value)}
          |                                      ^
      126 |                     className="w-full rounded-md border 
border-gray-300 px-3 py-2 text-sm focus:outline-none focus:ring-2 
focus:ring-gray-900 disabled:opacity-50"
      127 |                 />
      128 |             </div>

      at printWarning 
(node_modules/react-dom/cjs/react-dom.development.js:86:30)
      at error (node_modules/react-dom/cjs/react-dom.development.js:60:7)
      at warnIfUpdatesNotWrappedWithActDEV 
(node_modules/react-dom/cjs/react-dom.development.js:27628:9)
      at scheduleUpdateOnFiber 
(node_modules/react-dom/cjs/react-dom.development.js:25547:5)
      at dispatchSetState 
(node_modules/react-dom/cjs/react-dom.development.js:16708:7)
      at onChange (src/auth/LoginForm/LoginForm.tsx:125:38)
      at HTMLUnknownElement.callCallback 
(node_modules/react-dom/cjs/react-dom.development.js:4164:14)
      at HTMLUnknownElement.callTheUserObjectsOperation 
(node_modules/jsdom/lib/jsdom/living/generated/EventListener.js:26:30)
      at innerInvokeEventListeners 
(node_modules/jsdom/lib/jsdom/living/events/EventTarget-impl.js:350:25)
      at invokeEventListeners 
(node_modules/jsdom/lib/jsdom/living/events/EventTarget-impl.js:286:3)
      at HTMLUnknownElementImpl._dispatch 
(node_modules/jsdom/lib/jsdom/living/events/EventTarget-impl.js:233:9)
      at HTMLUnknownElementImpl.dispatchEvent 
(node_modules/jsdom/lib/jsdom/living/events/EventTarget-impl.js:104:17)
      at HTMLUnknownElement.dispatchEvent 
(node_modules/jsdom/lib/jsdom/living/generated/EventTarget.js:241:34)
      at Object.invokeGuardedCallbackDev 
(node_modules/react-dom/cjs/react-dom.development.js:4213:16)
      at invokeGuardedCallback 
(node_modules/react-dom/cjs/react-dom.development.js:4277:31)
      at invokeGuardedCallbackAndCatchFirstError 
(node_modules/react-dom/cjs/react-dom.development.js:4291:25)
      at executeDispatch 
(node_modules/react-dom/cjs/react-dom.development.js:9041:3)
      at processDispatchQueueItemsInOrder 
(node_modules/react-dom/cjs/react-dom.development.js:9073:7)
      at processDispatchQueue 
(node_modules/react-dom/cjs/react-dom.development.js:9086:5)
      at dispatchEventsForPlugins 
(node_modules/react-dom/cjs/react-dom.development.js:9097:3)
      at node_modules/react-dom/cjs/react-dom.development.js:9288:12
      at batchedUpdates$1 
(node_modules/react-dom/cjs/react-dom.development.js:26179:12)
      at batchedUpdates 
(node_modules/react-dom/cjs/react-dom.development.js:3991:12)
      at dispatchEventForPluginEventSystem 
(node_modules/react-dom/cjs/react-dom.development.js:9287:3)
      at dispatchEventWithEnableCapturePhaseSelectiveHydrationWithoutDiscreteEv
entReplay (node_modules/react-dom/cjs/react-dom.development.js:6465:5)
      at dispatchEvent 
(node_modules/react-dom/cjs/react-dom.development.js:6457:5)
      at dispatchDiscreteEvent 
(node_modules/react-dom/cjs/react-dom.development.js:6430:5)
      at HTMLDivElement.callTheUserObjectsOperation 
(node_modules/jsdom/lib/jsdom/living/generated/EventListener.js:26:30)
      at innerInvokeEventListeners 
(node_modules/jsdom/lib/jsdom/living/events/EventTarget-impl.js:350:25)
      at invokeEventListeners 
(node_modules/jsdom/lib/jsdom/living/events/EventTarget-impl.js:286:3)
      at HTMLInputElementImpl._dispatch 
(node_modules/jsdom/lib/jsdom/living/events/EventTarget-impl.js:233:9)
      at HTMLInputElementImpl.dispatchEvent 
(node_modules/jsdom/lib/jsdom/living/events/EventTarget-impl.js:104:17)
      at HTMLInputElement.dispatchEvent 
(node_modules/jsdom/lib/jsdom/living/generated/EventTarget.js:241:34)
      at 
node_modules/@testing-library/user-event/dist/cjs/event/dispatchEvent.js:45:43
      at Object.eventWrapper 
(node_modules/@testing-library/dom/dist/config.js:25:23)
      at Object.wrapEvent 
(node_modules/@testing-library/user-event/dist/cjs/event/wrapEvent.js:6:28)
      at Object.dispatchEvent (node_modules/@testing-library/user-event/dist/cj
s/event/dispatchEvent.js:45:22)
      at Object.dispatchUIEvent (node_modules/@testing-library/user-event/dist/
cjs/event/dispatchEvent.js:22:26)
      at commitInput 
(node_modules/@testing-library/user-event/dist/cjs/event/input.js:145:14)
      at editInputElement 
(node_modules/@testing-library/user-event/dist/cjs/event/input.js:115:9)
      at Object.input 
(node_modules/@testing-library/user-event/dist/cjs/event/input.js:37:9)
      at node_modules/@testing-library/user-event/dist/cjs/event/behavior/keypr
ess.js:31:26
      at Object.dispatchEvent (node_modules/@testing-library/user-event/dist/cj
s/event/dispatchEvent.js:41:13)
      at Object.dispatchUIEvent (node_modules/@testing-library/user-event/dist/
cjs/event/dispatchEvent.js:22:26)
      at KeyboardHost.keydown 
(node_modules/@testing-library/user-event/dist/cjs/system/keyboard.js:76:22)
      at keyboardAction 
(node_modules/@testing-library/user-event/dist/cjs/keyboard/index.js:22:35)
      at Object.keyboard 
(node_modules/@testing-library/user-event/dist/cjs/keyboard/index.js:11:15)
      at Object.type 
(node_modules/@testing-library/user-event/dist/cjs/utility/type.js:17:5)
      at Object.<anonymous> (src/auth/auth.test.tsx:203:9)

    console.error
      Warning: An update to LoginForm inside a test was not wrapped in 
act(...).
      
      When testing, code that causes React state updates should be wrapped 
into act(...):
      
      act(() => {
        /* fire events that update state */
      });
      /* assert on the output */
      
      This ensures that you're testing the behavior the user would see in the 
browser. Learn more at https://reactjs.org/link/wrap-tests-with-act
          at LoginForm (C:\Users\samhe\OneDrive\Desktop\Cleaned\frontend\src\au
th\LoginForm\LoginForm.tsx:41:33)
          at div
          at div
          at LoginPage
          at routeContext (C:\Users\samhe\OneDrive\Desktop\Cleaned\frontend\nod
e_modules\react-router\lib\hooks.tsx:658:26)
          at children (C:\Users\samhe\OneDrive\Desktop\Cleaned\frontend\node_mo
dules\react-router\lib\components.tsx:512:3)
          at basenameProp (C:\Users\samhe\OneDrive\Desktop\Cleaned\frontend\nod
e_modules\react-router\lib\components.tsx:421:13)
          at basename (C:\Users\samhe\OneDrive\Desktop\Cleaned\frontend\node_mo
dules\react-router\lib\components.tsx:225:3)

      123 |                     placeholder="email@company.com"
      124 |                     value={email}
    > 125 |                     onChange={(e) => setEmail(e.target.value)}
          |                                      ^
      126 |                     className="w-full rounded-md border 
border-gray-300 px-3 py-2 text-sm focus:outline-none focus:ring-2 
focus:ring-gray-900 disabled:opacity-50"
      127 |                 />
      128 |             </div>

      at printWarning 
(node_modules/react-dom/cjs/react-dom.development.js:86:30)
      at error (node_modules/react-dom/cjs/react-dom.development.js:60:7)
      at warnIfUpdatesNotWrappedWithActDEV 
(node_modules/react-dom/cjs/react-dom.development.js:27628:9)
      at scheduleUpdateOnFiber 
(node_modules/react-dom/cjs/react-dom.development.js:25547:5)
      at dispatchSetState 
(node_modules/react-dom/cjs/react-dom.development.js:16708:7)
      at onChange (src/auth/LoginForm/LoginForm.tsx:125:38)
      at HTMLUnknownElement.callCallback 
(node_modules/react-dom/cjs/react-dom.development.js:4164:14)
      at HTMLUnknownElement.callTheUserObjectsOperation 
(node_modules/jsdom/lib/jsdom/living/generated/EventListener.js:26:30)
      at innerInvokeEventListeners 
(node_modules/jsdom/lib/jsdom/living/events/EventTarget-impl.js:350:25)
      at invokeEventListeners 
(node_modules/jsdom/lib/jsdom/living/events/EventTarget-impl.js:286:3)
      at HTMLUnknownElementImpl._dispatch 
(node_modules/jsdom/lib/jsdom/living/events/EventTarget-impl.js:233:9)
      at HTMLUnknownElementImpl.dispatchEvent 
(node_modules/jsdom/lib/jsdom/living/events/EventTarget-impl.js:104:17)
      at HTMLUnknownElement.dispatchEvent 
(node_modules/jsdom/lib/jsdom/living/generated/EventTarget.js:241:34)
      at Object.invokeGuardedCallbackDev 
(node_modules/react-dom/cjs/react-dom.development.js:4213:16)
      at invokeGuardedCallback 
(node_modules/react-dom/cjs/react-dom.development.js:4277:31)
      at invokeGuardedCallbackAndCatchFirstError 
(node_modules/react-dom/cjs/react-dom.development.js:4291:25)
      at executeDispatch 
(node_modules/react-dom/cjs/react-dom.development.js:9041:3)
      at processDispatchQueueItemsInOrder 
(node_modules/react-dom/cjs/react-dom.development.js:9073:7)
      at processDispatchQueue 
(node_modules/react-dom/cjs/react-dom.development.js:9086:5)
      at dispatchEventsForPlugins 
(node_modules/react-dom/cjs/react-dom.development.js:9097:3)
      at node_modules/react-dom/cjs/react-dom.development.js:9288:12
      at batchedUpdates$1 
(node_modules/react-dom/cjs/react-dom.development.js:26179:12)
      at batchedUpdates 
(node_modules/react-dom/cjs/react-dom.development.js:3991:12)
      at dispatchEventForPluginEventSystem 
(node_modules/react-dom/cjs/react-dom.development.js:9287:3)
      at dispatchEventWithEnableCapturePhaseSelectiveHydrationWithoutDiscreteEv
entReplay (node_modules/react-dom/cjs/react-dom.development.js:6465:5)
      at dispatchEvent 
(node_modules/react-dom/cjs/react-dom.development.js:6457:5)
      at dispatchDiscreteEvent 
(node_modules/react-dom/cjs/react-dom.development.js:6430:5)
      at HTMLDivElement.callTheUserObjectsOperation 
(node_modules/jsdom/lib/jsdom/living/generated/EventListener.js:26:30)
      at innerInvokeEventListeners 
(node_modules/jsdom/lib/jsdom/living/events/EventTarget-impl.js:350:25)
      at invokeEventListeners 
(node_modules/jsdom/lib/jsdom/living/events/EventTarget-impl.js:286:3)
      at HTMLInputElementImpl._dispatch 
(node_modules/jsdom/lib/jsdom/living/events/EventTarget-impl.js:233:9)
      at HTMLInputElementImpl.dispatchEvent 
(node_modules/jsdom/lib/jsdom/living/events/EventTarget-impl.js:104:17)
      at HTMLInputElement.dispatchEvent 
(node_modules/jsdom/lib/jsdom/living/generated/EventTarget.js:241:34)
      at 
node_modules/@testing-library/user-event/dist/cjs/event/dispatchEvent.js:45:43
      at Object.eventWrapper 
(node_modules/@testing-library/dom/dist/config.js:25:23)
      at Object.wrapEvent 
(node_modules/@testing-library/user-event/dist/cjs/event/wrapEvent.js:6:28)
      at Object.dispatchEvent (node_modules/@testing-library/user-event/dist/cj
s/event/dispatchEvent.js:45:22)
      at Object.dispatchUIEvent (node_modules/@testing-library/user-event/dist/
cjs/event/dispatchEvent.js:22:26)
      at commitInput 
(node_modules/@testing-library/user-event/dist/cjs/event/input.js:145:14)
      at editInputElement 
(node_modules/@testing-library/user-event/dist/cjs/event/input.js:115:9)
      at Object.input 
(node_modules/@testing-library/user-event/dist/cjs/event/input.js:37:9)
      at node_modules/@testing-library/user-event/dist/cjs/event/behavior/keypr
ess.js:31:26
      at Object.dispatchEvent (node_modules/@testing-library/user-event/dist/cj
s/event/dispatchEvent.js:41:13)
      at Object.dispatchUIEvent (node_modules/@testing-library/user-event/dist/
cjs/event/dispatchEvent.js:22:26)
      at KeyboardHost.keydown 
(node_modules/@testing-library/user-event/dist/cjs/system/keyboard.js:76:22)
      at keyboardAction 
(node_modules/@testing-library/user-event/dist/cjs/keyboard/index.js:22:35)
      at Object.keyboard 
(node_modules/@testing-library/user-event/dist/cjs/keyboard/index.js:11:15)
      at Object.type 
(node_modules/@testing-library/user-event/dist/cjs/utility/type.js:17:5)
      at Object.<anonymous> (src/auth/auth.test.tsx:203:9)

    console.error
      Warning: An update to LoginForm inside a test was not wrapped in 
act(...).
      
      When testing, code that causes React state updates should be wrapped 
into act(...):
      
      act(() => {
        /* fire events that update state */
      });
      /* assert on the output */
      
      This ensures that you're testing the behavior the user would see in the 
browser. Learn more at https://reactjs.org/link/wrap-tests-with-act
          at LoginForm (C:\Users\samhe\OneDrive\Desktop\Cleaned\frontend\src\au
th\LoginForm\LoginForm.tsx:41:33)
          at div
          at div
          at LoginPage
          at routeContext (C:\Users\samhe\OneDrive\Desktop\Cleaned\frontend\nod
e_modules\react-router\lib\hooks.tsx:658:26)
          at children (C:\Users\samhe\OneDrive\Desktop\Cleaned\frontend\node_mo
dules\react-router\lib\components.tsx:512:3)
          at basenameProp (C:\Users\samhe\OneDrive\Desktop\Cleaned\frontend\nod
e_modules\react-router\lib\components.tsx:421:13)
          at basename (C:\Users\samhe\OneDrive\Desktop\Cleaned\frontend\node_mo
dules\react-router\lib\components.tsx:225:3)

      123 |                     placeholder="email@company.com"
      124 |                     value={email}
    > 125 |                     onChange={(e) => setEmail(e.target.value)}
          |                                      ^
      126 |                     className="w-full rounded-md border 
border-gray-300 px-3 py-2 text-sm focus:outline-none focus:ring-2 
focus:ring-gray-900 disabled:opacity-50"
      127 |                 />
      128 |             </div>

      at printWarning 
(node_modules/react-dom/cjs/react-dom.development.js:86:30)
      at error (node_modules/react-dom/cjs/react-dom.development.js:60:7)
      at warnIfUpdatesNotWrappedWithActDEV 
(node_modules/react-dom/cjs/react-dom.development.js:27628:9)
      at scheduleUpdateOnFiber 
(node_modules/react-dom/cjs/react-dom.development.js:25547:5)
      at dispatchSetState 
(node_modules/react-dom/cjs/react-dom.development.js:16708:7)
      at onChange (src/auth/LoginForm/LoginForm.tsx:125:38)
      at HTMLUnknownElement.callCallback 
(node_modules/react-dom/cjs/react-dom.development.js:4164:14)
      at HTMLUnknownElement.callTheUserObjectsOperation 
(node_modules/jsdom/lib/jsdom/living/generated/EventListener.js:26:30)
      at innerInvokeEventListeners 
(node_modules/jsdom/lib/jsdom/living/events/EventTarget-impl.js:350:25)
      at invokeEventListeners 
(node_modules/jsdom/lib/jsdom/living/events/EventTarget-impl.js:286:3)
      at HTMLUnknownElementImpl._dispatch 
(node_modules/jsdom/lib/jsdom/living/events/EventTarget-impl.js:233:9)
      at HTMLUnknownElementImpl.dispatchEvent 
(node_modules/jsdom/lib/jsdom/living/events/EventTarget-impl.js:104:17)
      at HTMLUnknownElement.dispatchEvent 
(node_modules/jsdom/lib/jsdom/living/generated/EventTarget.js:241:34)
      at Object.invokeGuardedCallbackDev 
(node_modules/react-dom/cjs/react-dom.development.js:4213:16)
      at invokeGuardedCallback 
(node_modules/react-dom/cjs/react-dom.development.js:4277:31)
      at invokeGuardedCallbackAndCatchFirstError 
(node_modules/react-dom/cjs/react-dom.development.js:4291:25)
      at executeDispatch 
(node_modules/react-dom/cjs/react-dom.development.js:9041:3)
      at processDispatchQueueItemsInOrder 
(node_modules/react-dom/cjs/react-dom.development.js:9073:7)
      at processDispatchQueue 
(node_modules/react-dom/cjs/react-dom.development.js:9086:5)
      at dispatchEventsForPlugins 
(node_modules/react-dom/cjs/react-dom.development.js:9097:3)
      at node_modules/react-dom/cjs/react-dom.development.js:9288:12
      at batchedUpdates$1 
(node_modules/react-dom/cjs/react-dom.development.js:26179:12)
      at batchedUpdates 
(node_modules/react-dom/cjs/react-dom.development.js:3991:12)
      at dispatchEventForPluginEventSystem 
(node_modules/react-dom/cjs/react-dom.development.js:9287:3)
      at dispatchEventWithEnableCapturePhaseSelectiveHydrationWithoutDiscreteEv
entReplay (node_modules/react-dom/cjs/react-dom.development.js:6465:5)
      at dispatchEvent 
(node_modules/react-dom/cjs/react-dom.development.js:6457:5)
      at dispatchDiscreteEvent 
(node_modules/react-dom/cjs/react-dom.development.js:6430:5)
      at HTMLDivElement.callTheUserObjectsOperation 
(node_modules/jsdom/lib/jsdom/living/generated/EventListener.js:26:30)
      at innerInvokeEventListeners 
(node_modules/jsdom/lib/jsdom/living/events/EventTarget-impl.js:350:25)
      at invokeEventListeners 
(node_modules/jsdom/lib/jsdom/living/events/EventTarget-impl.js:286:3)
      at HTMLInputElementImpl._dispatch 
(node_modules/jsdom/lib/jsdom/living/events/EventTarget-impl.js:233:9)
      at HTMLInputElementImpl.dispatchEvent 
(node_modules/jsdom/lib/jsdom/living/events/EventTarget-impl.js:104:17)
      at HTMLInputElement.dispatchEvent 
(node_modules/jsdom/lib/jsdom/living/generated/EventTarget.js:241:34)
      at 
node_modules/@testing-library/user-event/dist/cjs/event/dispatchEvent.js:45:43
      at Object.eventWrapper 
(node_modules/@testing-library/dom/dist/config.js:25:23)
      at Object.wrapEvent 
(node_modules/@testing-library/user-event/dist/cjs/event/wrapEvent.js:6:28)
      at Object.dispatchEvent (node_modules/@testing-library/user-event/dist/cj
s/event/dispatchEvent.js:45:22)
      at Object.dispatchUIEvent (node_modules/@testing-library/user-event/dist/
cjs/event/dispatchEvent.js:22:26)
      at commitInput 
(node_modules/@testing-library/user-event/dist/cjs/event/input.js:145:14)
      at editInputElement 
(node_modules/@testing-library/user-event/dist/cjs/event/input.js:115:9)
      at Object.input 
(node_modules/@testing-library/user-event/dist/cjs/event/input.js:37:9)
      at node_modules/@testing-library/user-event/dist/cjs/event/behavior/keypr
ess.js:31:26
      at Object.dispatchEvent (node_modules/@testing-library/user-event/dist/cj
s/event/dispatchEvent.js:41:13)
      at Object.dispatchUIEvent (node_modules/@testing-library/user-event/dist/
cjs/event/dispatchEvent.js:22:26)
      at KeyboardHost.keydown 
(node_modules/@testing-library/user-event/dist/cjs/system/keyboard.js:76:22)
      at keyboardAction 
(node_modules/@testing-library/user-event/dist/cjs/keyboard/index.js:22:35)
      at Object.keyboard 
(node_modules/@testing-library/user-event/dist/cjs/keyboard/index.js:11:15)
      at Object.type 
(node_modules/@testing-library/user-event/dist/cjs/utility/type.js:17:5)
      at Object.<anonymous> (src/auth/auth.test.tsx:203:9)

    console.error
      Warning: An update to LoginForm inside a test was not wrapped in 
act(...).
      
      When testing, code that causes React state updates should be wrapped 
into act(...):
      
      act(() => {
        /* fire events that update state */
      });
      /* assert on the output */
      
      This ensures that you're testing the behavior the user would see in the 
browser. Learn more at https://reactjs.org/link/wrap-tests-with-act
          at LoginForm (C:\Users\samhe\OneDrive\Desktop\Cleaned\frontend\src\au
th\LoginForm\LoginForm.tsx:41:33)
          at div
          at div
          at LoginPage
          at routeContext (C:\Users\samhe\OneDrive\Desktop\Cleaned\frontend\nod
e_modules\react-router\lib\hooks.tsx:658:26)
          at children (C:\Users\samhe\OneDrive\Desktop\Cleaned\frontend\node_mo
dules\react-router\lib\components.tsx:512:3)
          at basenameProp (C:\Users\samhe\OneDrive\Desktop\Cleaned\frontend\nod
e_modules\react-router\lib\components.tsx:421:13)
          at basename (C:\Users\samhe\OneDrive\Desktop\Cleaned\frontend\node_mo
dules\react-router\lib\components.tsx:225:3)

      123 |                     placeholder="email@company.com"
      124 |                     value={email}
    > 125 |                     onChange={(e) => setEmail(e.target.value)}
          |                                      ^
      126 |                     className="w-full rounded-md border 
border-gray-300 px-3 py-2 text-sm focus:outline-none focus:ring-2 
focus:ring-gray-900 disabled:opacity-50"
      127 |                 />
      128 |             </div>

      at printWarning 
(node_modules/react-dom/cjs/react-dom.development.js:86:30)
      at error (node_modules/react-dom/cjs/react-dom.development.js:60:7)
      at warnIfUpdatesNotWrappedWithActDEV 
(node_modules/react-dom/cjs/react-dom.development.js:27628:9)
      at scheduleUpdateOnFiber 
(node_modules/react-dom/cjs/react-dom.development.js:25547:5)
      at dispatchSetState 
(node_modules/react-dom/cjs/react-dom.development.js:16708:7)
      at onChange (src/auth/LoginForm/LoginForm.tsx:125:38)
      at HTMLUnknownElement.callCallback 
(node_modules/react-dom/cjs/react-dom.development.js:4164:14)
      at HTMLUnknownElement.callTheUserObjectsOperation 
(node_modules/jsdom/lib/jsdom/living/generated/EventListener.js:26:30)
      at innerInvokeEventListeners 
(node_modules/jsdom/lib/jsdom/living/events/EventTarget-impl.js:350:25)
      at invokeEventListeners 
(node_modules/jsdom/lib/jsdom/living/events/EventTarget-impl.js:286:3)
      at HTMLUnknownElementImpl._dispatch 
(node_modules/jsdom/lib/jsdom/living/events/EventTarget-impl.js:233:9)
      at HTMLUnknownElementImpl.dispatchEvent 
(node_modules/jsdom/lib/jsdom/living/events/EventTarget-impl.js:104:17)
      at HTMLUnknownElement.dispatchEvent 
(node_modules/jsdom/lib/jsdom/living/generated/EventTarget.js:241:34)
      at Object.invokeGuardedCallbackDev 
(node_modules/react-dom/cjs/react-dom.development.js:4213:16)
      at invokeGuardedCallback 
(node_modules/react-dom/cjs/react-dom.development.js:4277:31)
      at invokeGuardedCallbackAndCatchFirstError 
(node_modules/react-dom/cjs/react-dom.development.js:4291:25)
      at executeDispatch 
(node_modules/react-dom/cjs/react-dom.development.js:9041:3)
      at processDispatchQueueItemsInOrder 
(node_modules/react-dom/cjs/react-dom.development.js:9073:7)
      at processDispatchQueue 
(node_modules/react-dom/cjs/react-dom.development.js:9086:5)
      at dispatchEventsForPlugins 
(node_modules/react-dom/cjs/react-dom.development.js:9097:3)
      at node_modules/react-dom/cjs/react-dom.development.js:9288:12
      at batchedUpdates$1 
(node_modules/react-dom/cjs/react-dom.development.js:26179:12)
      at batchedUpdates 
(node_modules/react-dom/cjs/react-dom.development.js:3991:12)
      at dispatchEventForPluginEventSystem 
(node_modules/react-dom/cjs/react-dom.development.js:9287:3)
      at dispatchEventWithEnableCapturePhaseSelectiveHydrationWithoutDiscreteEv
entReplay (node_modules/react-dom/cjs/react-dom.development.js:6465:5)
      at dispatchEvent 
(node_modules/react-dom/cjs/react-dom.development.js:6457:5)
      at dispatchDiscreteEvent 
(node_modules/react-dom/cjs/react-dom.development.js:6430:5)
      at HTMLDivElement.callTheUserObjectsOperation 
(node_modules/jsdom/lib/jsdom/living/generated/EventListener.js:26:30)
      at innerInvokeEventListeners 
(node_modules/jsdom/lib/jsdom/living/events/EventTarget-impl.js:350:25)
      at invokeEventListeners 
(node_modules/jsdom/lib/jsdom/living/events/EventTarget-impl.js:286:3)
      at HTMLInputElementImpl._dispatch 
(node_modules/jsdom/lib/jsdom/living/events/EventTarget-impl.js:233:9)
      at HTMLInputElementImpl.dispatchEvent 
(node_modules/jsdom/lib/jsdom/living/events/EventTarget-impl.js:104:17)
      at HTMLInputElement.dispatchEvent 
(node_modules/jsdom/lib/jsdom/living/generated/EventTarget.js:241:34)
      at 
node_modules/@testing-library/user-event/dist/cjs/event/dispatchEvent.js:45:43
      at Object.eventWrapper 
(node_modules/@testing-library/dom/dist/config.js:25:23)
      at Object.wrapEvent 
(node_modules/@testing-library/user-event/dist/cjs/event/wrapEvent.js:6:28)
      at Object.dispatchEvent (node_modules/@testing-library/user-event/dist/cj
s/event/dispatchEvent.js:45:22)
      at Object.dispatchUIEvent (node_modules/@testing-library/user-event/dist/
cjs/event/dispatchEvent.js:22:26)
      at commitInput 
(node_modules/@testing-library/user-event/dist/cjs/event/input.js:145:14)
      at editInputElement 
(node_modules/@testing-library/user-event/dist/cjs/event/input.js:115:9)
      at Object.input 
(node_modules/@testing-library/user-event/dist/cjs/event/input.js:37:9)
      at node_modules/@testing-library/user-event/dist/cjs/event/behavior/keypr
ess.js:31:26
      at Object.dispatchEvent (node_modules/@testing-library/user-event/dist/cj
s/event/dispatchEvent.js:41:13)
      at Object.dispatchUIEvent (node_modules/@testing-library/user-event/dist/
cjs/event/dispatchEvent.js:22:26)
      at KeyboardHost.keydown 
(node_modules/@testing-library/user-event/dist/cjs/system/keyboard.js:76:22)
      at keyboardAction 
(node_modules/@testing-library/user-event/dist/cjs/keyboard/index.js:22:35)
      at Object.keyboard 
(node_modules/@testing-library/user-event/dist/cjs/keyboard/index.js:11:15)
      at Object.type 
(node_modules/@testing-library/user-event/dist/cjs/utility/type.js:17:5)
      at Object.<anonymous> (src/auth/auth.test.tsx:203:9)

    console.error
      Warning: An update to LoginForm inside a test was not wrapped in 
act(...).
      
      When testing, code that causes React state updates should be wrapped 
into act(...):
      
      act(() => {
        /* fire events that update state */
      });
      /* assert on the output */
      
      This ensures that you're testing the behavior the user would see in the 
browser. Learn more at https://reactjs.org/link/wrap-tests-with-act
          at LoginForm (C:\Users\samhe\OneDrive\Desktop\Cleaned\frontend\src\au
th\LoginForm\LoginForm.tsx:41:33)
          at div
          at div
          at LoginPage
          at routeContext (C:\Users\samhe\OneDrive\Desktop\Cleaned\frontend\nod
e_modules\react-router\lib\hooks.tsx:658:26)
          at children (C:\Users\samhe\OneDrive\Desktop\Cleaned\frontend\node_mo
dules\react-router\lib\components.tsx:512:3)
          at basenameProp (C:\Users\samhe\OneDrive\Desktop\Cleaned\frontend\nod
e_modules\react-router\lib\components.tsx:421:13)
          at basename (C:\Users\samhe\OneDrive\Desktop\Cleaned\frontend\node_mo
dules\react-router\lib\components.tsx:225:3)

      123 |                     placeholder="email@company.com"
      124 |                     value={email}
    > 125 |                     onChange={(e) => setEmail(e.target.value)}
          |                                      ^
      126 |                     className="w-full rounded-md border 
border-gray-300 px-3 py-2 text-sm focus:outline-none focus:ring-2 
focus:ring-gray-900 disabled:opacity-50"
      127 |                 />
      128 |             </div>

      at printWarning 
(node_modules/react-dom/cjs/react-dom.development.js:86:30)
      at error (node_modules/react-dom/cjs/react-dom.development.js:60:7)
      at warnIfUpdatesNotWrappedWithActDEV 
(node_modules/react-dom/cjs/react-dom.development.js:27628:9)
      at scheduleUpdateOnFiber 
(node_modules/react-dom/cjs/react-dom.development.js:25547:5)
      at dispatchSetState 
(node_modules/react-dom/cjs/react-dom.development.js:16708:7)
      at onChange (src/auth/LoginForm/LoginForm.tsx:125:38)
      at HTMLUnknownElement.callCallback 
(node_modules/react-dom/cjs/react-dom.development.js:4164:14)
      at HTMLUnknownElement.callTheUserObjectsOperation 
(node_modules/jsdom/lib/jsdom/living/generated/EventListener.js:26:30)
      at innerInvokeEventListeners 
(node_modules/jsdom/lib/jsdom/living/events/EventTarget-impl.js:350:25)
      at invokeEventListeners 
(node_modules/jsdom/lib/jsdom/living/events/EventTarget-impl.js:286:3)
      at HTMLUnknownElementImpl._dispatch 
(node_modules/jsdom/lib/jsdom/living/events/EventTarget-impl.js:233:9)
      at HTMLUnknownElementImpl.dispatchEvent 
(node_modules/jsdom/lib/jsdom/living/events/EventTarget-impl.js:104:17)
      at HTMLUnknownElement.dispatchEvent 
(node_modules/jsdom/lib/jsdom/living/generated/EventTarget.js:241:34)
      at Object.invokeGuardedCallbackDev 
(node_modules/react-dom/cjs/react-dom.development.js:4213:16)
      at invokeGuardedCallback 
(node_modules/react-dom/cjs/react-dom.development.js:4277:31)
      at invokeGuardedCallbackAndCatchFirstError 
(node_modules/react-dom/cjs/react-dom.development.js:4291:25)
      at executeDispatch 
(node_modules/react-dom/cjs/react-dom.development.js:9041:3)
      at processDispatchQueueItemsInOrder 
(node_modules/react-dom/cjs/react-dom.development.js:9073:7)
      at processDispatchQueue 
(node_modules/react-dom/cjs/react-dom.development.js:9086:5)
      at dispatchEventsForPlugins 
(node_modules/react-dom/cjs/react-dom.development.js:9097:3)
      at node_modules/react-dom/cjs/react-dom.development.js:9288:12
      at batchedUpdates$1 
(node_modules/react-dom/cjs/react-dom.development.js:26179:12)
      at batchedUpdates 
(node_modules/react-dom/cjs/react-dom.development.js:3991:12)
      at dispatchEventForPluginEventSystem 
(node_modules/react-dom/cjs/react-dom.development.js:9287:3)
      at dispatchEventWithEnableCapturePhaseSelectiveHydrationWithoutDiscreteEv
entReplay (node_modules/react-dom/cjs/react-dom.development.js:6465:5)
      at dispatchEvent 
(node_modules/react-dom/cjs/react-dom.development.js:6457:5)
      at dispatchDiscreteEvent 
(node_modules/react-dom/cjs/react-dom.development.js:6430:5)
      at HTMLDivElement.callTheUserObjectsOperation 
(node_modules/jsdom/lib/jsdom/living/generated/EventListener.js:26:30)
      at innerInvokeEventListeners 
(node_modules/jsdom/lib/jsdom/living/events/EventTarget-impl.js:350:25)
      at invokeEventListeners 
(node_modules/jsdom/lib/jsdom/living/events/EventTarget-impl.js:286:3)
      at HTMLInputElementImpl._dispatch 
(node_modules/jsdom/lib/jsdom/living/events/EventTarget-impl.js:233:9)
      at HTMLInputElementImpl.dispatchEvent 
(node_modules/jsdom/lib/jsdom/living/events/EventTarget-impl.js:104:17)
      at HTMLInputElement.dispatchEvent 
(node_modules/jsdom/lib/jsdom/living/generated/EventTarget.js:241:34)
      at 
node_modules/@testing-library/user-event/dist/cjs/event/dispatchEvent.js:45:43
      at Object.eventWrapper 
(node_modules/@testing-library/dom/dist/config.js:25:23)
      at Object.wrapEvent 
(node_modules/@testing-library/user-event/dist/cjs/event/wrapEvent.js:6:28)
      at Object.dispatchEvent (node_modules/@testing-library/user-event/dist/cj
s/event/dispatchEvent.js:45:22)
      at Object.dispatchUIEvent (node_modules/@testing-library/user-event/dist/
cjs/event/dispatchEvent.js:22:26)
      at commitInput 
(node_modules/@testing-library/user-event/dist/cjs/event/input.js:145:14)
      at editInputElement 
(node_modules/@testing-library/user-event/dist/cjs/event/input.js:115:9)
      at Object.input 
(node_modules/@testing-library/user-event/dist/cjs/event/input.js:37:9)
      at node_modules/@testing-library/user-event/dist/cjs/event/behavior/keypr
ess.js:31:26
      at Object.dispatchEvent (node_modules/@testing-library/user-event/dist/cj
s/event/dispatchEvent.js:41:13)
      at Object.dispatchUIEvent (node_modules/@testing-library/user-event/dist/
cjs/event/dispatchEvent.js:22:26)
      at KeyboardHost.keydown 
(node_modules/@testing-library/user-event/dist/cjs/system/keyboard.js:76:22)
      at keyboardAction 
(node_modules/@testing-library/user-event/dist/cjs/keyboard/index.js:22:35)
      at Object.keyboard 
(node_modules/@testing-library/user-event/dist/cjs/keyboard/index.js:11:15)
      at Object.type 
(node_modules/@testing-library/user-event/dist/cjs/utility/type.js:17:5)
      at Object.<anonymous> (src/auth/auth.test.tsx:203:9)

    console.error
      Warning: An update to LoginForm inside a test was not wrapped in 
act(...).
      
      When testing, code that causes React state updates should be wrapped 
into act(...):
      
      act(() => {
        /* fire events that update state */
      });
      /* assert on the output */
      
      This ensures that you're testing the behavior the user would see in the 
browser. Learn more at https://reactjs.org/link/wrap-tests-with-act
          at LoginForm (C:\Users\samhe\OneDrive\Desktop\Cleaned\frontend\src\au
th\LoginForm\LoginForm.tsx:41:33)
          at div
          at div
          at LoginPage
          at routeContext (C:\Users\samhe\OneDrive\Desktop\Cleaned\frontend\nod
e_modules\react-router\lib\hooks.tsx:658:26)
          at children (C:\Users\samhe\OneDrive\Desktop\Cleaned\frontend\node_mo
dules\react-router\lib\components.tsx:512:3)
          at basenameProp (C:\Users\samhe\OneDrive\Desktop\Cleaned\frontend\nod
e_modules\react-router\lib\components.tsx:421:13)
          at basename (C:\Users\samhe\OneDrive\Desktop\Cleaned\frontend\node_mo
dules\react-router\lib\components.tsx:225:3)

      123 |                     placeholder="email@company.com"
      124 |                     value={email}
    > 125 |                     onChange={(e) => setEmail(e.target.value)}
          |                                      ^
      126 |                     className="w-full rounded-md border 
border-gray-300 px-3 py-2 text-sm focus:outline-none focus:ring-2 
focus:ring-gray-900 disabled:opacity-50"
      127 |                 />
      128 |             </div>

      at printWarning 
(node_modules/react-dom/cjs/react-dom.development.js:86:30)
      at error (node_modules/react-dom/cjs/react-dom.development.js:60:7)
      at warnIfUpdatesNotWrappedWithActDEV 
(node_modules/react-dom/cjs/react-dom.development.js:27628:9)
      at scheduleUpdateOnFiber 
(node_modules/react-dom/cjs/react-dom.development.js:25547:5)
      at dispatchSetState 
(node_modules/react-dom/cjs/react-dom.development.js:16708:7)
      at onChange (src/auth/LoginForm/LoginForm.tsx:125:38)
      at HTMLUnknownElement.callCallback 
(node_modules/react-dom/cjs/react-dom.development.js:4164:14)
      at HTMLUnknownElement.callTheUserObjectsOperation 
(node_modules/jsdom/lib/jsdom/living/generated/EventListener.js:26:30)
      at innerInvokeEventListeners 
(node_modules/jsdom/lib/jsdom/living/events/EventTarget-impl.js:350:25)
      at invokeEventListeners 
(node_modules/jsdom/lib/jsdom/living/events/EventTarget-impl.js:286:3)
      at HTMLUnknownElementImpl._dispatch 
(node_modules/jsdom/lib/jsdom/living/events/EventTarget-impl.js:233:9)
      at HTMLUnknownElementImpl.dispatchEvent 
(node_modules/jsdom/lib/jsdom/living/events/EventTarget-impl.js:104:17)
      at HTMLUnknownElement.dispatchEvent 
(node_modules/jsdom/lib/jsdom/living/generated/EventTarget.js:241:34)
      at Object.invokeGuardedCallbackDev 
(node_modules/react-dom/cjs/react-dom.development.js:4213:16)
      at invokeGuardedCallback 
(node_modules/react-dom/cjs/react-dom.development.js:4277:31)
      at invokeGuardedCallbackAndCatchFirstError 
(node_modules/react-dom/cjs/react-dom.development.js:4291:25)
      at executeDispatch 
(node_modules/react-dom/cjs/react-dom.development.js:9041:3)
      at processDispatchQueueItemsInOrder 
(node_modules/react-dom/cjs/react-dom.development.js:9073:7)
      at processDispatchQueue 
(node_modules/react-dom/cjs/react-dom.development.js:9086:5)
      at dispatchEventsForPlugins 
(node_modules/react-dom/cjs/react-dom.development.js:9097:3)
      at node_modules/react-dom/cjs/react-dom.development.js:9288:12
      at batchedUpdates$1 
(node_modules/react-dom/cjs/react-dom.development.js:26179:12)
      at batchedUpdates 
(node_modules/react-dom/cjs/react-dom.development.js:3991:12)
      at dispatchEventForPluginEventSystem 
(node_modules/react-dom/cjs/react-dom.development.js:9287:3)
      at dispatchEventWithEnableCapturePhaseSelectiveHydrationWithoutDiscreteEv
entReplay (node_modules/react-dom/cjs/react-dom.development.js:6465:5)
      at dispatchEvent 
(node_modules/react-dom/cjs/react-dom.development.js:6457:5)
      at dispatchDiscreteEvent 
(node_modules/react-dom/cjs/react-dom.development.js:6430:5)
      at HTMLDivElement.callTheUserObjectsOperation 
(node_modules/jsdom/lib/jsdom/living/generated/EventListener.js:26:30)
      at innerInvokeEventListeners 
(node_modules/jsdom/lib/jsdom/living/events/EventTarget-impl.js:350:25)
      at invokeEventListeners 
(node_modules/jsdom/lib/jsdom/living/events/EventTarget-impl.js:286:3)
      at HTMLInputElementImpl._dispatch 
(node_modules/jsdom/lib/jsdom/living/events/EventTarget-impl.js:233:9)
      at HTMLInputElementImpl.dispatchEvent 
(node_modules/jsdom/lib/jsdom/living/events/EventTarget-impl.js:104:17)
      at HTMLInputElement.dispatchEvent 
(node_modules/jsdom/lib/jsdom/living/generated/EventTarget.js:241:34)
      at 
node_modules/@testing-library/user-event/dist/cjs/event/dispatchEvent.js:45:43
      at Object.eventWrapper 
(node_modules/@testing-library/dom/dist/config.js:25:23)
      at Object.wrapEvent 
(node_modules/@testing-library/user-event/dist/cjs/event/wrapEvent.js:6:28)
      at Object.dispatchEvent (node_modules/@testing-library/user-event/dist/cj
s/event/dispatchEvent.js:45:22)
      at Object.dispatchUIEvent (node_modules/@testing-library/user-event/dist/
cjs/event/dispatchEvent.js:22:26)
      at commitInput 
(node_modules/@testing-library/user-event/dist/cjs/event/input.js:145:14)
      at editInputElement 
(node_modules/@testing-library/user-event/dist/cjs/event/input.js:115:9)
      at Object.input 
(node_modules/@testing-library/user-event/dist/cjs/event/input.js:37:9)
      at node_modules/@testing-library/user-event/dist/cjs/event/behavior/keypr
ess.js:31:26
      at Object.dispatchEvent (node_modules/@testing-library/user-event/dist/cj
s/event/dispatchEvent.js:41:13)
      at Object.dispatchUIEvent (node_modules/@testing-library/user-event/dist/
cjs/event/dispatchEvent.js:22:26)
      at KeyboardHost.keydown 
(node_modules/@testing-library/user-event/dist/cjs/system/keyboard.js:76:22)
      at keyboardAction 
(node_modules/@testing-library/user-event/dist/cjs/keyboard/index.js:22:35)
      at Object.keyboard 
(node_modules/@testing-library/user-event/dist/cjs/keyboard/index.js:11:15)
      at Object.type 
(node_modules/@testing-library/user-event/dist/cjs/utility/type.js:17:5)
      at Object.<anonymous> (src/auth/auth.test.tsx:203:9)

    console.error
      Warning: An update to LoginForm inside a test was not wrapped in 
act(...).
      
      When testing, code that causes React state updates should be wrapped 
into act(...):
      
      act(() => {
        /* fire events that update state */
      });
      /* assert on the output */
      
      This ensures that you're testing the behavior the user would see in the 
browser. Learn more at https://reactjs.org/link/wrap-tests-with-act
          at LoginForm (C:\Users\samhe\OneDrive\Desktop\Cleaned\frontend\src\au
th\LoginForm\LoginForm.tsx:41:33)
          at div
          at div
          at LoginPage
          at routeContext (C:\Users\samhe\OneDrive\Desktop\Cleaned\frontend\nod
e_modules\react-router\lib\hooks.tsx:658:26)
          at children (C:\Users\samhe\OneDrive\Desktop\Cleaned\frontend\node_mo
dules\react-router\lib\components.tsx:512:3)
          at basenameProp (C:\Users\samhe\OneDrive\Desktop\Cleaned\frontend\nod
e_modules\react-router\lib\components.tsx:421:13)
          at basename (C:\Users\samhe\OneDrive\Desktop\Cleaned\frontend\node_mo
dules\react-router\lib\components.tsx:225:3)

      123 |                     placeholder="email@company.com"
      124 |                     value={email}
    > 125 |                     onChange={(e) => setEmail(e.target.value)}
          |                                      ^
      126 |                     className="w-full rounded-md border 
border-gray-300 px-3 py-2 text-sm focus:outline-none focus:ring-2 
focus:ring-gray-900 disabled:opacity-50"
      127 |                 />
      128 |             </div>

      at printWarning 
(node_modules/react-dom/cjs/react-dom.development.js:86:30)
      at error (node_modules/react-dom/cjs/react-dom.development.js:60:7)
      at warnIfUpdatesNotWrappedWithActDEV 
(node_modules/react-dom/cjs/react-dom.development.js:27628:9)
      at scheduleUpdateOnFiber 
(node_modules/react-dom/cjs/react-dom.development.js:25547:5)
      at dispatchSetState 
(node_modules/react-dom/cjs/react-dom.development.js:16708:7)
      at onChange (src/auth/LoginForm/LoginForm.tsx:125:38)
      at HTMLUnknownElement.callCallback 
(node_modules/react-dom/cjs/react-dom.development.js:4164:14)
      at HTMLUnknownElement.callTheUserObjectsOperation 
(node_modules/jsdom/lib/jsdom/living/generated/EventListener.js:26:30)
      at innerInvokeEventListeners 
(node_modules/jsdom/lib/jsdom/living/events/EventTarget-impl.js:350:25)
      at invokeEventListeners 
(node_modules/jsdom/lib/jsdom/living/events/EventTarget-impl.js:286:3)
      at HTMLUnknownElementImpl._dispatch 
(node_modules/jsdom/lib/jsdom/living/events/EventTarget-impl.js:233:9)
      at HTMLUnknownElementImpl.dispatchEvent 
(node_modules/jsdom/lib/jsdom/living/events/EventTarget-impl.js:104:17)
      at HTMLUnknownElement.dispatchEvent 
(node_modules/jsdom/lib/jsdom/living/generated/EventTarget.js:241:34)
      at Object.invokeGuardedCallbackDev 
(node_modules/react-dom/cjs/react-dom.development.js:4213:16)
      at invokeGuardedCallback 
(node_modules/react-dom/cjs/react-dom.development.js:4277:31)
      at invokeGuardedCallbackAndCatchFirstError 
(node_modules/react-dom/cjs/react-dom.development.js:4291:25)
      at executeDispatch 
(node_modules/react-dom/cjs/react-dom.development.js:9041:3)
      at processDispatchQueueItemsInOrder 
(node_modules/react-dom/cjs/react-dom.development.js:9073:7)
      at processDispatchQueue 
(node_modules/react-dom/cjs/react-dom.development.js:9086:5)
      at dispatchEventsForPlugins 
(node_modules/react-dom/cjs/react-dom.development.js:9097:3)
      at node_modules/react-dom/cjs/react-dom.development.js:9288:12
      at batchedUpdates$1 
(node_modules/react-dom/cjs/react-dom.development.js:26179:12)
      at batchedUpdates 
(node_modules/react-dom/cjs/react-dom.development.js:3991:12)
      at dispatchEventForPluginEventSystem 
(node_modules/react-dom/cjs/react-dom.development.js:9287:3)
      at dispatchEventWithEnableCapturePhaseSelectiveHydrationWithoutDiscreteEv
entReplay (node_modules/react-dom/cjs/react-dom.development.js:6465:5)
      at dispatchEvent 
(node_modules/react-dom/cjs/react-dom.development.js:6457:5)
      at dispatchDiscreteEvent 
(node_modules/react-dom/cjs/react-dom.development.js:6430:5)
      at HTMLDivElement.callTheUserObjectsOperation 
(node_modules/jsdom/lib/jsdom/living/generated/EventListener.js:26:30)
      at innerInvokeEventListeners 
(node_modules/jsdom/lib/jsdom/living/events/EventTarget-impl.js:350:25)
      at invokeEventListeners 
(node_modules/jsdom/lib/jsdom/living/events/EventTarget-impl.js:286:3)
      at HTMLInputElementImpl._dispatch 
(node_modules/jsdom/lib/jsdom/living/events/EventTarget-impl.js:233:9)
      at HTMLInputElementImpl.dispatchEvent 
(node_modules/jsdom/lib/jsdom/living/events/EventTarget-impl.js:104:17)
      at HTMLInputElement.dispatchEvent 
(node_modules/jsdom/lib/jsdom/living/generated/EventTarget.js:241:34)
      at 
node_modules/@testing-library/user-event/dist/cjs/event/dispatchEvent.js:45:43
      at Object.eventWrapper 
(node_modules/@testing-library/dom/dist/config.js:25:23)
      at Object.wrapEvent 
(node_modules/@testing-library/user-event/dist/cjs/event/wrapEvent.js:6:28)
      at Object.dispatchEvent (node_modules/@testing-library/user-event/dist/cj
s/event/dispatchEvent.js:45:22)
      at Object.dispatchUIEvent (node_modules/@testing-library/user-event/dist/
cjs/event/dispatchEvent.js:22:26)
      at commitInput 
(node_modules/@testing-library/user-event/dist/cjs/event/input.js:145:14)
      at editInputElement 
(node_modules/@testing-library/user-event/dist/cjs/event/input.js:115:9)
      at Object.input 
(node_modules/@testing-library/user-event/dist/cjs/event/input.js:37:9)
      at node_modules/@testing-library/user-event/dist/cjs/event/behavior/keypr
ess.js:31:26
      at Object.dispatchEvent (node_modules/@testing-library/user-event/dist/cj
s/event/dispatchEvent.js:41:13)
      at Object.dispatchUIEvent (node_modules/@testing-library/user-event/dist/
cjs/event/dispatchEvent.js:22:26)
      at KeyboardHost.keydown 
(node_modules/@testing-library/user-event/dist/cjs/system/keyboard.js:76:22)
      at keyboardAction 
(node_modules/@testing-library/user-event/dist/cjs/keyboard/index.js:22:35)
      at Object.keyboard 
(node_modules/@testing-library/user-event/dist/cjs/keyboard/index.js:11:15)
      at Object.type 
(node_modules/@testing-library/user-event/dist/cjs/utility/type.js:17:5)
      at Object.<anonymous> (src/auth/auth.test.tsx:203:9)

    console.error
      Warning: An update to LoginForm inside a test was not wrapped in 
act(...).
      
      When testing, code that causes React state updates should be wrapped 
into act(...):
      
      act(() => {
        /* fire events that update state */
      });
      /* assert on the output */
      
      This ensures that you're testing the behavior the user would see in the 
browser. Learn more at https://reactjs.org/link/wrap-tests-with-act
          at LoginForm (C:\Users\samhe\OneDrive\Desktop\Cleaned\frontend\src\au
th\LoginForm\LoginForm.tsx:41:33)
          at div
          at div
          at LoginPage
          at routeContext (C:\Users\samhe\OneDrive\Desktop\Cleaned\frontend\nod
e_modules\react-router\lib\hooks.tsx:658:26)
          at children (C:\Users\samhe\OneDrive\Desktop\Cleaned\frontend\node_mo
dules\react-router\lib\components.tsx:512:3)
          at basenameProp (C:\Users\samhe\OneDrive\Desktop\Cleaned\frontend\nod
e_modules\react-router\lib\components.tsx:421:13)
          at basename (C:\Users\samhe\OneDrive\Desktop\Cleaned\frontend\node_mo
dules\react-router\lib\components.tsx:225:3)

      123 |                     placeholder="email@company.com"
      124 |                     value={email}
    > 125 |                     onChange={(e) => setEmail(e.target.value)}
          |                                      ^
      126 |                     className="w-full rounded-md border 
border-gray-300 px-3 py-2 text-sm focus:outline-none focus:ring-2 
focus:ring-gray-900 disabled:opacity-50"
      127 |                 />
      128 |             </div>

      at printWarning 
(node_modules/react-dom/cjs/react-dom.development.js:86:30)
      at error (node_modules/react-dom/cjs/react-dom.development.js:60:7)
      at warnIfUpdatesNotWrappedWithActDEV 
(node_modules/react-dom/cjs/react-dom.development.js:27628:9)
      at scheduleUpdateOnFiber 
(node_modules/react-dom/cjs/react-dom.development.js:25547:5)
      at dispatchSetState 
(node_modules/react-dom/cjs/react-dom.development.js:16708:7)
      at onChange (src/auth/LoginForm/LoginForm.tsx:125:38)
      at HTMLUnknownElement.callCallback 
(node_modules/react-dom/cjs/react-dom.development.js:4164:14)
      at HTMLUnknownElement.callTheUserObjectsOperation 
(node_modules/jsdom/lib/jsdom/living/generated/EventListener.js:26:30)
      at innerInvokeEventListeners 
(node_modules/jsdom/lib/jsdom/living/events/EventTarget-impl.js:350:25)
      at invokeEventListeners 
(node_modules/jsdom/lib/jsdom/living/events/EventTarget-impl.js:286:3)
      at HTMLUnknownElementImpl._dispatch 
(node_modules/jsdom/lib/jsdom/living/events/EventTarget-impl.js:233:9)
      at HTMLUnknownElementImpl.dispatchEvent 
(node_modules/jsdom/lib/jsdom/living/events/EventTarget-impl.js:104:17)
      at HTMLUnknownElement.dispatchEvent 
(node_modules/jsdom/lib/jsdom/living/generated/EventTarget.js:241:34)
      at Object.invokeGuardedCallbackDev 
(node_modules/react-dom/cjs/react-dom.development.js:4213:16)
      at invokeGuardedCallback 
(node_modules/react-dom/cjs/react-dom.development.js:4277:31)
      at invokeGuardedCallbackAndCatchFirstError 
(node_modules/react-dom/cjs/react-dom.development.js:4291:25)
      at executeDispatch 
(node_modules/react-dom/cjs/react-dom.development.js:9041:3)
      at processDispatchQueueItemsInOrder 
(node_modules/react-dom/cjs/react-dom.development.js:9073:7)
      at processDispatchQueue 
(node_modules/react-dom/cjs/react-dom.development.js:9086:5)
      at dispatchEventsForPlugins 
(node_modules/react-dom/cjs/react-dom.development.js:9097:3)
      at node_modules/react-dom/cjs/react-dom.development.js:9288:12
      at batchedUpdates$1 
(node_modules/react-dom/cjs/react-dom.development.js:26179:12)
      at batchedUpdates 
(node_modules/react-dom/cjs/react-dom.development.js:3991:12)
      at dispatchEventForPluginEventSystem 
(node_modules/react-dom/cjs/react-dom.development.js:9287:3)
      at dispatchEventWithEnableCapturePhaseSelectiveHydrationWithoutDiscreteEv
entReplay (node_modules/react-dom/cjs/react-dom.development.js:6465:5)
      at dispatchEvent 
(node_modules/react-dom/cjs/react-dom.development.js:6457:5)
      at dispatchDiscreteEvent 
(node_modules/react-dom/cjs/react-dom.development.js:6430:5)
      at HTMLDivElement.callTheUserObjectsOperation 
(node_modules/jsdom/lib/jsdom/living/generated/EventListener.js:26:30)
      at innerInvokeEventListeners 
(node_modules/jsdom/lib/jsdom/living/events/EventTarget-impl.js:350:25)
      at invokeEventListeners 
(node_modules/jsdom/lib/jsdom/living/events/EventTarget-impl.js:286:3)
      at HTMLInputElementImpl._dispatch 
(node_modules/jsdom/lib/jsdom/living/events/EventTarget-impl.js:233:9)
      at HTMLInputElementImpl.dispatchEvent 
(node_modules/jsdom/lib/jsdom/living/events/EventTarget-impl.js:104:17)
      at HTMLInputElement.dispatchEvent 
(node_modules/jsdom/lib/jsdom/living/generated/EventTarget.js:241:34)
      at 
node_modules/@testing-library/user-event/dist/cjs/event/dispatchEvent.js:45:43
      at Object.eventWrapper 
(node_modules/@testing-library/dom/dist/config.js:25:23)
      at Object.wrapEvent 
(node_modules/@testing-library/user-event/dist/cjs/event/wrapEvent.js:6:28)
      at Object.dispatchEvent (node_modules/@testing-library/user-event/dist/cj
s/event/dispatchEvent.js:45:22)
      at Object.dispatchUIEvent (node_modules/@testing-library/user-event/dist/
cjs/event/dispatchEvent.js:22:26)
      at commitInput 
(node_modules/@testing-library/user-event/dist/cjs/event/input.js:145:14)
      at editInputElement 
(node_modules/@testing-library/user-event/dist/cjs/event/input.js:115:9)
      at Object.input 
(node_modules/@testing-library/user-event/dist/cjs/event/input.js:37:9)
      at node_modules/@testing-library/user-event/dist/cjs/event/behavior/keypr
ess.js:31:26
      at Object.dispatchEvent (node_modules/@testing-library/user-event/dist/cj
s/event/dispatchEvent.js:41:13)
      at Object.dispatchUIEvent (node_modules/@testing-library/user-event/dist/
cjs/event/dispatchEvent.js:22:26)
      at KeyboardHost.keydown 
(node_modules/@testing-library/user-event/dist/cjs/system/keyboard.js:76:22)
      at keyboardAction 
(node_modules/@testing-library/user-event/dist/cjs/keyboard/index.js:22:35)
      at Object.keyboard 
(node_modules/@testing-library/user-event/dist/cjs/keyboard/index.js:11:15)
      at Object.type 
(node_modules/@testing-library/user-event/dist/cjs/utility/type.js:17:5)
      at Object.<anonymous> (src/auth/auth.test.tsx:203:9)

    console.error
      Warning: An update to LoginForm inside a test was not wrapped in 
act(...).
      
      When testing, code that causes React state updates should be wrapped 
into act(...):
      
      act(() => {
        /* fire events that update state */
      });
      /* assert on the output */
      
      This ensures that you're testing the behavior the user would see in the 
browser. Learn more at https://reactjs.org/link/wrap-tests-with-act
          at LoginForm (C:\Users\samhe\OneDrive\Desktop\Cleaned\frontend\src\au
th\LoginForm\LoginForm.tsx:41:33)
          at div
          at div
          at LoginPage
          at routeContext (C:\Users\samhe\OneDrive\Desktop\Cleaned\frontend\nod
e_modules\react-router\lib\hooks.tsx:658:26)
          at children (C:\Users\samhe\OneDrive\Desktop\Cleaned\frontend\node_mo
dules\react-router\lib\components.tsx:512:3)
          at basenameProp (C:\Users\samhe\OneDrive\Desktop\Cleaned\frontend\nod
e_modules\react-router\lib\components.tsx:421:13)
          at basename (C:\Users\samhe\OneDrive\Desktop\Cleaned\frontend\node_mo
dules\react-router\lib\components.tsx:225:3)

      123 |                     placeholder="email@company.com"
      124 |                     value={email}
    > 125 |                     onChange={(e) => setEmail(e.target.value)}
          |                                      ^
      126 |                     className="w-full rounded-md border 
border-gray-300 px-3 py-2 text-sm focus:outline-none focus:ring-2 
focus:ring-gray-900 disabled:opacity-50"
      127 |                 />
      128 |             </div>

      at printWarning 
(node_modules/react-dom/cjs/react-dom.development.js:86:30)
      at error (node_modules/react-dom/cjs/react-dom.development.js:60:7)
      at warnIfUpdatesNotWrappedWithActDEV 
(node_modules/react-dom/cjs/react-dom.development.js:27628:9)
      at scheduleUpdateOnFiber 
(node_modules/react-dom/cjs/react-dom.development.js:25547:5)
      at dispatchSetState 
(node_modules/react-dom/cjs/react-dom.development.js:16708:7)
      at onChange (src/auth/LoginForm/LoginForm.tsx:125:38)
      at HTMLUnknownElement.callCallback 
(node_modules/react-dom/cjs/react-dom.development.js:4164:14)
      at HTMLUnknownElement.callTheUserObjectsOperation 
(node_modules/jsdom/lib/jsdom/living/generated/EventListener.js:26:30)
      at innerInvokeEventListeners 
(node_modules/jsdom/lib/jsdom/living/events/EventTarget-impl.js:350:25)
      at invokeEventListeners 
(node_modules/jsdom/lib/jsdom/living/events/EventTarget-impl.js:286:3)
      at HTMLUnknownElementImpl._dispatch 
(node_modules/jsdom/lib/jsdom/living/events/EventTarget-impl.js:233:9)
      at HTMLUnknownElementImpl.dispatchEvent 
(node_modules/jsdom/lib/jsdom/living/events/EventTarget-impl.js:104:17)
      at HTMLUnknownElement.dispatchEvent 
(node_modules/jsdom/lib/jsdom/living/generated/EventTarget.js:241:34)
      at Object.invokeGuardedCallbackDev 
(node_modules/react-dom/cjs/react-dom.development.js:4213:16)
      at invokeGuardedCallback 
(node_modules/react-dom/cjs/react-dom.development.js:4277:31)
      at invokeGuardedCallbackAndCatchFirstError 
(node_modules/react-dom/cjs/react-dom.development.js:4291:25)
      at executeDispatch 
(node_modules/react-dom/cjs/react-dom.development.js:9041:3)
      at processDispatchQueueItemsInOrder 
(node_modules/react-dom/cjs/react-dom.development.js:9073:7)
      at processDispatchQueue 
(node_modules/react-dom/cjs/react-dom.development.js:9086:5)
      at dispatchEventsForPlugins 
(node_modules/react-dom/cjs/react-dom.development.js:9097:3)
      at node_modules/react-dom/cjs/react-dom.development.js:9288:12
      at batchedUpdates$1 
(node_modules/react-dom/cjs/react-dom.development.js:26179:12)
      at batchedUpdates 
(node_modules/react-dom/cjs/react-dom.development.js:3991:12)
      at dispatchEventForPluginEventSystem 
(node_modules/react-dom/cjs/react-dom.development.js:9287:3)
      at dispatchEventWithEnableCapturePhaseSelectiveHydrationWithoutDiscreteEv
entReplay (node_modules/react-dom/cjs/react-dom.development.js:6465:5)
      at dispatchEvent 
(node_modules/react-dom/cjs/react-dom.development.js:6457:5)
      at dispatchDiscreteEvent 
(node_modules/react-dom/cjs/react-dom.development.js:6430:5)
      at HTMLDivElement.callTheUserObjectsOperation 
(node_modules/jsdom/lib/jsdom/living/generated/EventListener.js:26:30)
      at innerInvokeEventListeners 
(node_modules/jsdom/lib/jsdom/living/events/EventTarget-impl.js:350:25)
      at invokeEventListeners 
(node_modules/jsdom/lib/jsdom/living/events/EventTarget-impl.js:286:3)
      at HTMLInputElementImpl._dispatch 
(node_modules/jsdom/lib/jsdom/living/events/EventTarget-impl.js:233:9)
      at HTMLInputElementImpl.dispatchEvent 
(node_modules/jsdom/lib/jsdom/living/events/EventTarget-impl.js:104:17)
      at HTMLInputElement.dispatchEvent 
(node_modules/jsdom/lib/jsdom/living/generated/EventTarget.js:241:34)
      at 
node_modules/@testing-library/user-event/dist/cjs/event/dispatchEvent.js:45:43
      at Object.eventWrapper 
(node_modules/@testing-library/dom/dist/config.js:25:23)
      at Object.wrapEvent 
(node_modules/@testing-library/user-event/dist/cjs/event/wrapEvent.js:6:28)
      at Object.dispatchEvent (node_modules/@testing-library/user-event/dist/cj
s/event/dispatchEvent.js:45:22)
      at Object.dispatchUIEvent (node_modules/@testing-library/user-event/dist/
cjs/event/dispatchEvent.js:22:26)
      at commitInput 
(node_modules/@testing-library/user-event/dist/cjs/event/input.js:145:14)
      at editInputElement 
(node_modules/@testing-library/user-event/dist/cjs/event/input.js:115:9)
      at Object.input 
(node_modules/@testing-library/user-event/dist/cjs/event/input.js:37:9)
      at node_modules/@testing-library/user-event/dist/cjs/event/behavior/keypr
ess.js:31:26
      at Object.dispatchEvent (node_modules/@testing-library/user-event/dist/cj
s/event/dispatchEvent.js:41:13)
      at Object.dispatchUIEvent (node_modules/@testing-library/user-event/dist/
cjs/event/dispatchEvent.js:22:26)
      at KeyboardHost.keydown 
(node_modules/@testing-library/user-event/dist/cjs/system/keyboard.js:76:22)
      at keyboardAction 
(node_modules/@testing-library/user-event/dist/cjs/keyboard/index.js:22:35)
      at Object.keyboard 
(node_modules/@testing-library/user-event/dist/cjs/keyboard/index.js:11:15)
      at Object.type 
(node_modules/@testing-library/user-event/dist/cjs/utility/type.js:17:5)
      at Object.<anonymous> (src/auth/auth.test.tsx:203:9)

    console.error
      Warning: An update to LoginForm inside a test was not wrapped in 
act(...).
      
      When testing, code that causes React state updates should be wrapped 
into act(...):
      
      act(() => {
        /* fire events that update state */
      });
      /* assert on the output */
      
      This ensures that you're testing the behavior the user would see in the 
browser. Learn more at https://reactjs.org/link/wrap-tests-with-act
          at LoginForm (C:\Users\samhe\OneDrive\Desktop\Cleaned\frontend\src\au
th\LoginForm\LoginForm.tsx:41:33)
          at div
          at div
          at LoginPage
          at routeContext (C:\Users\samhe\OneDrive\Desktop\Cleaned\frontend\nod
e_modules\react-router\lib\hooks.tsx:658:26)
          at children (C:\Users\samhe\OneDrive\Desktop\Cleaned\frontend\node_mo
dules\react-router\lib\components.tsx:512:3)
          at basenameProp (C:\Users\samhe\OneDrive\Desktop\Cleaned\frontend\nod
e_modules\react-router\lib\components.tsx:421:13)
          at basename (C:\Users\samhe\OneDrive\Desktop\Cleaned\frontend\node_mo
dules\react-router\lib\components.tsx:225:3)

      123 |                     placeholder="email@company.com"
      124 |                     value={email}
    > 125 |                     onChange={(e) => setEmail(e.target.value)}
          |                                      ^
      126 |                     className="w-full rounded-md border 
border-gray-300 px-3 py-2 text-sm focus:outline-none focus:ring-2 
focus:ring-gray-900 disabled:opacity-50"
      127 |                 />
      128 |             </div>

      at printWarning 
(node_modules/react-dom/cjs/react-dom.development.js:86:30)
      at error (node_modules/react-dom/cjs/react-dom.development.js:60:7)
      at warnIfUpdatesNotWrappedWithActDEV 
(node_modules/react-dom/cjs/react-dom.development.js:27628:9)
      at scheduleUpdateOnFiber 
(node_modules/react-dom/cjs/react-dom.development.js:25547:5)
      at dispatchSetState 
(node_modules/react-dom/cjs/react-dom.development.js:16708:7)
      at onChange (src/auth/LoginForm/LoginForm.tsx:125:38)
      at HTMLUnknownElement.callCallback 
(node_modules/react-dom/cjs/react-dom.development.js:4164:14)
      at HTMLUnknownElement.callTheUserObjectsOperation 
(node_modules/jsdom/lib/jsdom/living/generated/EventListener.js:26:30)
      at innerInvokeEventListeners 
(node_modules/jsdom/lib/jsdom/living/events/EventTarget-impl.js:350:25)
      at invokeEventListeners 
(node_modules/jsdom/lib/jsdom/living/events/EventTarget-impl.js:286:3)
      at HTMLUnknownElementImpl._dispatch 
(node_modules/jsdom/lib/jsdom/living/events/EventTarget-impl.js:233:9)
      at HTMLUnknownElementImpl.dispatchEvent 
(node_modules/jsdom/lib/jsdom/living/events/EventTarget-impl.js:104:17)
      at HTMLUnknownElement.dispatchEvent 
(node_modules/jsdom/lib/jsdom/living/generated/EventTarget.js:241:34)
      at Object.invokeGuardedCallbackDev 
(node_modules/react-dom/cjs/react-dom.development.js:4213:16)
      at invokeGuardedCallback 
(node_modules/react-dom/cjs/react-dom.development.js:4277:31)
      at invokeGuardedCallbackAndCatchFirstError 
(node_modules/react-dom/cjs/react-dom.development.js:4291:25)
      at executeDispatch 
(node_modules/react-dom/cjs/react-dom.development.js:9041:3)
      at processDispatchQueueItemsInOrder 
(node_modules/react-dom/cjs/react-dom.development.js:9073:7)
      at processDispatchQueue 
(node_modules/react-dom/cjs/react-dom.development.js:9086:5)
      at dispatchEventsForPlugins 
(node_modules/react-dom/cjs/react-dom.development.js:9097:3)
      at node_modules/react-dom/cjs/react-dom.development.js:9288:12
      at batchedUpdates$1 
(node_modules/react-dom/cjs/react-dom.development.js:26179:12)
      at batchedUpdates 
(node_modules/react-dom/cjs/react-dom.development.js:3991:12)
      at dispatchEventForPluginEventSystem 
(node_modules/react-dom/cjs/react-dom.development.js:9287:3)
      at dispatchEventWithEnableCapturePhaseSelectiveHydrationWithoutDiscreteEv
entReplay (node_modules/react-dom/cjs/react-dom.development.js:6465:5)
      at dispatchEvent 
(node_modules/react-dom/cjs/react-dom.development.js:6457:5)
      at dispatchDiscreteEvent 
(node_modules/react-dom/cjs/react-dom.development.js:6430:5)
      at HTMLDivElement.callTheUserObjectsOperation 
(node_modules/jsdom/lib/jsdom/living/generated/EventListener.js:26:30)
      at innerInvokeEventListeners 
(node_modules/jsdom/lib/jsdom/living/events/EventTarget-impl.js:350:25)
      at invokeEventListeners 
(node_modules/jsdom/lib/jsdom/living/events/EventTarget-impl.js:286:3)
      at HTMLInputElementImpl._dispatch 
(node_modules/jsdom/lib/jsdom/living/events/EventTarget-impl.js:233:9)
      at HTMLInputElementImpl.dispatchEvent 
(node_modules/jsdom/lib/jsdom/living/events/EventTarget-impl.js:104:17)
      at HTMLInputElement.dispatchEvent 
(node_modules/jsdom/lib/jsdom/living/generated/EventTarget.js:241:34)
      at 
node_modules/@testing-library/user-event/dist/cjs/event/dispatchEvent.js:45:43
      at Object.eventWrapper 
(node_modules/@testing-library/dom/dist/config.js:25:23)
      at Object.wrapEvent 
(node_modules/@testing-library/user-event/dist/cjs/event/wrapEvent.js:6:28)
      at Object.dispatchEvent (node_modules/@testing-library/user-event/dist/cj
s/event/dispatchEvent.js:45:22)
      at Object.dispatchUIEvent (node_modules/@testing-library/user-event/dist/
cjs/event/dispatchEvent.js:22:26)
      at commitInput 
(node_modules/@testing-library/user-event/dist/cjs/event/input.js:145:14)
      at editInputElement 
(node_modules/@testing-library/user-event/dist/cjs/event/input.js:115:9)
      at Object.input 
(node_modules/@testing-library/user-event/dist/cjs/event/input.js:37:9)
      at node_modules/@testing-library/user-event/dist/cjs/event/behavior/keypr
ess.js:31:26
      at Object.dispatchEvent (node_modules/@testing-library/user-event/dist/cj
s/event/dispatchEvent.js:41:13)
      at Object.dispatchUIEvent (node_modules/@testing-library/user-event/dist/
cjs/event/dispatchEvent.js:22:26)
      at KeyboardHost.keydown 
(node_modules/@testing-library/user-event/dist/cjs/system/keyboard.js:76:22)
      at keyboardAction 
(node_modules/@testing-library/user-event/dist/cjs/keyboard/index.js:22:35)
      at Object.keyboard 
(node_modules/@testing-library/user-event/dist/cjs/keyboard/index.js:11:15)
      at Object.type 
(node_modules/@testing-library/user-event/dist/cjs/utility/type.js:17:5)
      at Object.<anonymous> (src/auth/auth.test.tsx:203:9)

    console.error
      Warning: An update to LoginForm inside a test was not wrapped in 
act(...).
      
      When testing, code that causes React state updates should be wrapped 
into act(...):
      
      act(() => {
        /* fire events that update state */
      });
      /* assert on the output */
      
      This ensures that you're testing the behavior the user would see in the 
browser. Learn more at https://reactjs.org/link/wrap-tests-with-act
          at LoginForm (C:\Users\samhe\OneDrive\Desktop\Cleaned\frontend\src\au
th\LoginForm\LoginForm.tsx:41:33)
          at div
          at div
          at LoginPage
          at routeContext (C:\Users\samhe\OneDrive\Desktop\Cleaned\frontend\nod
e_modules\react-router\lib\hooks.tsx:658:26)
          at children (C:\Users\samhe\OneDrive\Desktop\Cleaned\frontend\node_mo
dules\react-router\lib\components.tsx:512:3)
          at basenameProp (C:\Users\samhe\OneDrive\Desktop\Cleaned\frontend\nod
e_modules\react-router\lib\components.tsx:421:13)
          at basename (C:\Users\samhe\OneDrive\Desktop\Cleaned\frontend\node_mo
dules\react-router\lib\components.tsx:225:3)

      123 |                     placeholder="email@company.com"
      124 |                     value={email}
    > 125 |                     onChange={(e) => setEmail(e.target.value)}
          |                                      ^
      126 |                     className="w-full rounded-md border 
border-gray-300 px-3 py-2 text-sm focus:outline-none focus:ring-2 
focus:ring-gray-900 disabled:opacity-50"
      127 |                 />
      128 |             </div>

      at printWarning 
(node_modules/react-dom/cjs/react-dom.development.js:86:30)
      at error (node_modules/react-dom/cjs/react-dom.development.js:60:7)
      at warnIfUpdatesNotWrappedWithActDEV 
(node_modules/react-dom/cjs/react-dom.development.js:27628:9)
      at scheduleUpdateOnFiber 
(node_modules/react-dom/cjs/react-dom.development.js:25547:5)
      at dispatchSetState 
(node_modules/react-dom/cjs/react-dom.development.js:16708:7)
      at onChange (src/auth/LoginForm/LoginForm.tsx:125:38)
      at HTMLUnknownElement.callCallback 
(node_modules/react-dom/cjs/react-dom.development.js:4164:14)
      at HTMLUnknownElement.callTheUserObjectsOperation 
(node_modules/jsdom/lib/jsdom/living/generated/EventListener.js:26:30)
      at innerInvokeEventListeners 
(node_modules/jsdom/lib/jsdom/living/events/EventTarget-impl.js:350:25)
      at invokeEventListeners 
(node_modules/jsdom/lib/jsdom/living/events/EventTarget-impl.js:286:3)
      at HTMLUnknownElementImpl._dispatch 
(node_modules/jsdom/lib/jsdom/living/events/EventTarget-impl.js:233:9)
      at HTMLUnknownElementImpl.dispatchEvent 
(node_modules/jsdom/lib/jsdom/living/events/EventTarget-impl.js:104:17)
      at HTMLUnknownElement.dispatchEvent 
(node_modules/jsdom/lib/jsdom/living/generated/EventTarget.js:241:34)
      at Object.invokeGuardedCallbackDev 
(node_modules/react-dom/cjs/react-dom.development.js:4213:16)
      at invokeGuardedCallback 
(node_modules/react-dom/cjs/react-dom.development.js:4277:31)
      at invokeGuardedCallbackAndCatchFirstError 
(node_modules/react-dom/cjs/react-dom.development.js:4291:25)
      at executeDispatch 
(node_modules/react-dom/cjs/react-dom.development.js:9041:3)
      at processDispatchQueueItemsInOrder 
(node_modules/react-dom/cjs/react-dom.development.js:9073:7)
      at processDispatchQueue 
(node_modules/react-dom/cjs/react-dom.development.js:9086:5)
      at dispatchEventsForPlugins 
(node_modules/react-dom/cjs/react-dom.development.js:9097:3)
      at node_modules/react-dom/cjs/react-dom.development.js:9288:12
      at batchedUpdates$1 
(node_modules/react-dom/cjs/react-dom.development.js:26179:12)
      at batchedUpdates 
(node_modules/react-dom/cjs/react-dom.development.js:3991:12)
      at dispatchEventForPluginEventSystem 
(node_modules/react-dom/cjs/react-dom.development.js:9287:3)
      at dispatchEventWithEnableCapturePhaseSelectiveHydrationWithoutDiscreteEv
entReplay (node_modules/react-dom/cjs/react-dom.development.js:6465:5)
      at dispatchEvent 
(node_modules/react-dom/cjs/react-dom.development.js:6457:5)
      at dispatchDiscreteEvent 
(node_modules/react-dom/cjs/react-dom.development.js:6430:5)
      at HTMLDivElement.callTheUserObjectsOperation 
(node_modules/jsdom/lib/jsdom/living/generated/EventListener.js:26:30)
      at innerInvokeEventListeners 
(node_modules/jsdom/lib/jsdom/living/events/EventTarget-impl.js:350:25)
      at invokeEventListeners 
(node_modules/jsdom/lib/jsdom/living/events/EventTarget-impl.js:286:3)
      at HTMLInputElementImpl._dispatch 
(node_modules/jsdom/lib/jsdom/living/events/EventTarget-impl.js:233:9)
      at HTMLInputElementImpl.dispatchEvent 
(node_modules/jsdom/lib/jsdom/living/events/EventTarget-impl.js:104:17)
      at HTMLInputElement.dispatchEvent 
(node_modules/jsdom/lib/jsdom/living/generated/EventTarget.js:241:34)
      at 
node_modules/@testing-library/user-event/dist/cjs/event/dispatchEvent.js:45:43
      at Object.eventWrapper 
(node_modules/@testing-library/dom/dist/config.js:25:23)
      at Object.wrapEvent 
(node_modules/@testing-library/user-event/dist/cjs/event/wrapEvent.js:6:28)
      at Object.dispatchEvent (node_modules/@testing-library/user-event/dist/cj
s/event/dispatchEvent.js:45:22)
      at Object.dispatchUIEvent (node_modules/@testing-library/user-event/dist/
cjs/event/dispatchEvent.js:22:26)
      at commitInput 
(node_modules/@testing-library/user-event/dist/cjs/event/input.js:145:14)
      at editInputElement 
(node_modules/@testing-library/user-event/dist/cjs/event/input.js:115:9)
      at Object.input 
(node_modules/@testing-library/user-event/dist/cjs/event/input.js:37:9)
      at node_modules/@testing-library/user-event/dist/cjs/event/behavior/keypr
ess.js:31:26
      at Object.dispatchEvent (node_modules/@testing-library/user-event/dist/cj
s/event/dispatchEvent.js:41:13)
      at Object.dispatchUIEvent (node_modules/@testing-library/user-event/dist/
cjs/event/dispatchEvent.js:22:26)
      at KeyboardHost.keydown 
(node_modules/@testing-library/user-event/dist/cjs/system/keyboard.js:76:22)
      at keyboardAction 
(node_modules/@testing-library/user-event/dist/cjs/keyboard/index.js:22:35)
      at Object.keyboard 
(node_modules/@testing-library/user-event/dist/cjs/keyboard/index.js:11:15)
      at Object.type 
(node_modules/@testing-library/user-event/dist/cjs/utility/type.js:17:5)
      at Object.<anonymous> (src/auth/auth.test.tsx:203:9)

    console.error
      Warning: An update to LoginForm inside a test was not wrapped in 
act(...).
      
      When testing, code that causes React state updates should be wrapped 
into act(...):
      
      act(() => {
        /* fire events that update state */
      });
      /* assert on the output */
      
      This ensures that you're testing the behavior the user would see in the 
browser. Learn more at https://reactjs.org/link/wrap-tests-with-act
          at LoginForm (C:\Users\samhe\OneDrive\Desktop\Cleaned\frontend\src\au
th\LoginForm\LoginForm.tsx:41:33)
          at div
          at div
          at LoginPage
          at routeContext (C:\Users\samhe\OneDrive\Desktop\Cleaned\frontend\nod
e_modules\react-router\lib\hooks.tsx:658:26)
          at children (C:\Users\samhe\OneDrive\Desktop\Cleaned\frontend\node_mo
dules\react-router\lib\components.tsx:512:3)
          at basenameProp (C:\Users\samhe\OneDrive\Desktop\Cleaned\frontend\nod
e_modules\react-router\lib\components.tsx:421:13)
          at basename (C:\Users\samhe\OneDrive\Desktop\Cleaned\frontend\node_mo
dules\react-router\lib\components.tsx:225:3)

      123 |                     placeholder="email@company.com"
      124 |                     value={email}
    > 125 |                     onChange={(e) => setEmail(e.target.value)}
          |                                      ^
      126 |                     className="w-full rounded-md border 
border-gray-300 px-3 py-2 text-sm focus:outline-none focus:ring-2 
focus:ring-gray-900 disabled:opacity-50"
      127 |                 />
      128 |             </div>

      at printWarning 
(node_modules/react-dom/cjs/react-dom.development.js:86:30)
      at error (node_modules/react-dom/cjs/react-dom.development.js:60:7)
      at warnIfUpdatesNotWrappedWithActDEV 
(node_modules/react-dom/cjs/react-dom.development.js:27628:9)
      at scheduleUpdateOnFiber 
(node_modules/react-dom/cjs/react-dom.development.js:25547:5)
      at dispatchSetState 
(node_modules/react-dom/cjs/react-dom.development.js:16708:7)
      at onChange (src/auth/LoginForm/LoginForm.tsx:125:38)
      at HTMLUnknownElement.callCallback 
(node_modules/react-dom/cjs/react-dom.development.js:4164:14)
      at HTMLUnknownElement.callTheUserObjectsOperation 
(node_modules/jsdom/lib/jsdom/living/generated/EventListener.js:26:30)
      at innerInvokeEventListeners 
(node_modules/jsdom/lib/jsdom/living/events/EventTarget-impl.js:350:25)
      at invokeEventListeners 
(node_modules/jsdom/lib/jsdom/living/events/EventTarget-impl.js:286:3)
      at HTMLUnknownElementImpl._dispatch 
(node_modules/jsdom/lib/jsdom/living/events/EventTarget-impl.js:233:9)
      at HTMLUnknownElementImpl.dispatchEvent 
(node_modules/jsdom/lib/jsdom/living/events/EventTarget-impl.js:104:17)
      at HTMLUnknownElement.dispatchEvent 
(node_modules/jsdom/lib/jsdom/living/generated/EventTarget.js:241:34)
      at Object.invokeGuardedCallbackDev 
(node_modules/react-dom/cjs/react-dom.development.js:4213:16)
      at invokeGuardedCallback 
(node_modules/react-dom/cjs/react-dom.development.js:4277:31)
      at invokeGuardedCallbackAndCatchFirstError 
(node_modules/react-dom/cjs/react-dom.development.js:4291:25)
      at executeDispatch 
(node_modules/react-dom/cjs/react-dom.development.js:9041:3)
      at processDispatchQueueItemsInOrder 
(node_modules/react-dom/cjs/react-dom.development.js:9073:7)
      at processDispatchQueue 
(node_modules/react-dom/cjs/react-dom.development.js:9086:5)
      at dispatchEventsForPlugins 
(node_modules/react-dom/cjs/react-dom.development.js:9097:3)
      at node_modules/react-dom/cjs/react-dom.development.js:9288:12
      at batchedUpdates$1 
(node_modules/react-dom/cjs/react-dom.development.js:26179:12)
      at batchedUpdates 
(node_modules/react-dom/cjs/react-dom.development.js:3991:12)
      at dispatchEventForPluginEventSystem 
(node_modules/react-dom/cjs/react-dom.development.js:9287:3)
      at dispatchEventWithEnableCapturePhaseSelectiveHydrationWithoutDiscreteEv
entReplay (node_modules/react-dom/cjs/react-dom.development.js:6465:5)
      at dispatchEvent 
(node_modules/react-dom/cjs/react-dom.development.js:6457:5)
      at dispatchDiscreteEvent 
(node_modules/react-dom/cjs/react-dom.development.js:6430:5)
      at HTMLDivElement.callTheUserObjectsOperation 
(node_modules/jsdom/lib/jsdom/living/generated/EventListener.js:26:30)
      at innerInvokeEventListeners 
(node_modules/jsdom/lib/jsdom/living/events/EventTarget-impl.js:350:25)
      at invokeEventListeners 
(node_modules/jsdom/lib/jsdom/living/events/EventTarget-impl.js:286:3)
      at HTMLInputElementImpl._dispatch 
(node_modules/jsdom/lib/jsdom/living/events/EventTarget-impl.js:233:9)
      at HTMLInputElementImpl.dispatchEvent 
(node_modules/jsdom/lib/jsdom/living/events/EventTarget-impl.js:104:17)
      at HTMLInputElement.dispatchEvent 
(node_modules/jsdom/lib/jsdom/living/generated/EventTarget.js:241:34)
      at 
node_modules/@testing-library/user-event/dist/cjs/event/dispatchEvent.js:45:43
      at Object.eventWrapper 
(node_modules/@testing-library/dom/dist/config.js:25:23)
      at Object.wrapEvent 
(node_modules/@testing-library/user-event/dist/cjs/event/wrapEvent.js:6:28)
      at Object.dispatchEvent (node_modules/@testing-library/user-event/dist/cj
s/event/dispatchEvent.js:45:22)
      at Object.dispatchUIEvent (node_modules/@testing-library/user-event/dist/
cjs/event/dispatchEvent.js:22:26)
      at commitInput 
(node_modules/@testing-library/user-event/dist/cjs/event/input.js:145:14)
      at editInputElement 
(node_modules/@testing-library/user-event/dist/cjs/event/input.js:115:9)
      at Object.input 
(node_modules/@testing-library/user-event/dist/cjs/event/input.js:37:9)
      at node_modules/@testing-library/user-event/dist/cjs/event/behavior/keypr
ess.js:31:26
      at Object.dispatchEvent (node_modules/@testing-library/user-event/dist/cj
s/event/dispatchEvent.js:41:13)
      at Object.dispatchUIEvent (node_modules/@testing-library/user-event/dist/
cjs/event/dispatchEvent.js:22:26)
      at KeyboardHost.keydown 
(node_modules/@testing-library/user-event/dist/cjs/system/keyboard.js:76:22)
      at keyboardAction 
(node_modules/@testing-library/user-event/dist/cjs/keyboard/index.js:22:35)
      at Object.keyboard 
(node_modules/@testing-library/user-event/dist/cjs/keyboard/index.js:11:15)
      at Object.type 
(node_modules/@testing-library/user-event/dist/cjs/utility/type.js:17:5)
      at Object.<anonymous> (src/auth/auth.test.tsx:203:9)

    console.error
      Warning: An update to LoginForm inside a test was not wrapped in 
act(...).
      
      When testing, code that causes React state updates should be wrapped 
into act(...):
      
      act(() => {
        /* fire events that update state */
      });
      /* assert on the output */
      
      This ensures that you're testing the behavior the user would see in the 
browser. Learn more at https://reactjs.org/link/wrap-tests-with-act
          at LoginForm (C:\Users\samhe\OneDrive\Desktop\Cleaned\frontend\src\au
th\LoginForm\LoginForm.tsx:41:33)
          at div
          at div
          at LoginPage
          at routeContext (C:\Users\samhe\OneDrive\Desktop\Cleaned\frontend\nod
e_modules\react-router\lib\hooks.tsx:658:26)
          at children (C:\Users\samhe\OneDrive\Desktop\Cleaned\frontend\node_mo
dules\react-router\lib\components.tsx:512:3)
          at basenameProp (C:\Users\samhe\OneDrive\Desktop\Cleaned\frontend\nod
e_modules\react-router\lib\components.tsx:421:13)
          at basename (C:\Users\samhe\OneDrive\Desktop\Cleaned\frontend\node_mo
dules\react-router\lib\components.tsx:225:3)

      141 |                         placeholder="Enter your password"
      142 |                         value={password}
    > 143 |                         onChange={(e) => 
setPassword(e.target.value)}
          |                                          ^
      144 |                         className="w-full rounded-md border 
border-gray-300 px-3 py-2 pr-10 text-sm focus:outline-none focus:ring-2 
focus:ring-gray-900 disabled:opacity-50"
      145 |                     />
      146 |                     <button

      at printWarning 
(node_modules/react-dom/cjs/react-dom.development.js:86:30)
      at error (node_modules/react-dom/cjs/react-dom.development.js:60:7)
      at warnIfUpdatesNotWrappedWithActDEV 
(node_modules/react-dom/cjs/react-dom.development.js:27628:9)
      at scheduleUpdateOnFiber 
(node_modules/react-dom/cjs/react-dom.development.js:25547:5)
      at dispatchSetState 
(node_modules/react-dom/cjs/react-dom.development.js:16708:7)
      at onChange (src/auth/LoginForm/LoginForm.tsx:143:42)
      at HTMLUnknownElement.callCallback 
(node_modules/react-dom/cjs/react-dom.development.js:4164:14)
      at HTMLUnknownElement.callTheUserObjectsOperation 
(node_modules/jsdom/lib/jsdom/living/generated/EventListener.js:26:30)
      at innerInvokeEventListeners 
(node_modules/jsdom/lib/jsdom/living/events/EventTarget-impl.js:350:25)
      at invokeEventListeners 
(node_modules/jsdom/lib/jsdom/living/events/EventTarget-impl.js:286:3)
      at HTMLUnknownElementImpl._dispatch 
(node_modules/jsdom/lib/jsdom/living/events/EventTarget-impl.js:233:9)
      at HTMLUnknownElementImpl.dispatchEvent 
(node_modules/jsdom/lib/jsdom/living/events/EventTarget-impl.js:104:17)
      at HTMLUnknownElement.dispatchEvent 
(node_modules/jsdom/lib/jsdom/living/generated/EventTarget.js:241:34)
      at Object.invokeGuardedCallbackDev 
(node_modules/react-dom/cjs/react-dom.development.js:4213:16)
      at invokeGuardedCallback 
(node_modules/react-dom/cjs/react-dom.development.js:4277:31)
      at invokeGuardedCallbackAndCatchFirstError 
(node_modules/react-dom/cjs/react-dom.development.js:4291:25)
      at executeDispatch 
(node_modules/react-dom/cjs/react-dom.development.js:9041:3)
      at processDispatchQueueItemsInOrder 
(node_modules/react-dom/cjs/react-dom.development.js:9073:7)
      at processDispatchQueue 
(node_modules/react-dom/cjs/react-dom.development.js:9086:5)
      at dispatchEventsForPlugins 
(node_modules/react-dom/cjs/react-dom.development.js:9097:3)
      at node_modules/react-dom/cjs/react-dom.development.js:9288:12
      at batchedUpdates$1 
(node_modules/react-dom/cjs/react-dom.development.js:26179:12)
      at batchedUpdates 
(node_modules/react-dom/cjs/react-dom.development.js:3991:12)
      at dispatchEventForPluginEventSystem 
(node_modules/react-dom/cjs/react-dom.development.js:9287:3)
      at dispatchEventWithEnableCapturePhaseSelectiveHydrationWithoutDiscreteEv
entReplay (node_modules/react-dom/cjs/react-dom.development.js:6465:5)
      at dispatchEvent 
(node_modules/react-dom/cjs/react-dom.development.js:6457:5)
      at dispatchDiscreteEvent 
(node_modules/react-dom/cjs/react-dom.development.js:6430:5)
      at HTMLDivElement.callTheUserObjectsOperation 
(node_modules/jsdom/lib/jsdom/living/generated/EventListener.js:26:30)
      at innerInvokeEventListeners 
(node_modules/jsdom/lib/jsdom/living/events/EventTarget-impl.js:350:25)
      at invokeEventListeners 
(node_modules/jsdom/lib/jsdom/living/events/EventTarget-impl.js:286:3)
      at HTMLInputElementImpl._dispatch 
(node_modules/jsdom/lib/jsdom/living/events/EventTarget-impl.js:233:9)
      at HTMLInputElementImpl.dispatchEvent 
(node_modules/jsdom/lib/jsdom/living/events/EventTarget-impl.js:104:17)
      at HTMLInputElement.dispatchEvent 
(node_modules/jsdom/lib/jsdom/living/generated/EventTarget.js:241:34)
      at 
node_modules/@testing-library/user-event/dist/cjs/event/dispatchEvent.js:45:43
      at Object.eventWrapper 
(node_modules/@testing-library/dom/dist/config.js:25:23)
      at Object.wrapEvent 
(node_modules/@testing-library/user-event/dist/cjs/event/wrapEvent.js:6:28)
      at Object.dispatchEvent (node_modules/@testing-library/user-event/dist/cj
s/event/dispatchEvent.js:45:22)
      at Object.dispatchUIEvent (node_modules/@testing-library/user-event/dist/
cjs/event/dispatchEvent.js:22:26)
      at commitInput 
(node_modules/@testing-library/user-event/dist/cjs/event/input.js:145:14)
      at editInputElement 
(node_modules/@testing-library/user-event/dist/cjs/event/input.js:115:9)
      at Object.input 
(node_modules/@testing-library/user-event/dist/cjs/event/input.js:37:9)
      at node_modules/@testing-library/user-event/dist/cjs/event/behavior/keypr
ess.js:31:26
      at Object.dispatchEvent (node_modules/@testing-library/user-event/dist/cj
s/event/dispatchEvent.js:41:13)
      at Object.dispatchUIEvent (node_modules/@testing-library/user-event/dist/
cjs/event/dispatchEvent.js:22:26)
      at KeyboardHost.keydown 
(node_modules/@testing-library/user-event/dist/cjs/system/keyboard.js:76:22)
      at keyboardAction 
(node_modules/@testing-library/user-event/dist/cjs/keyboard/index.js:22:35)
      at Object.keyboard 
(node_modules/@testing-library/user-event/dist/cjs/keyboard/index.js:11:15)
      at Object.type 
(node_modules/@testing-library/user-event/dist/cjs/utility/type.js:17:5)
      at Object.<anonymous> (src/auth/auth.test.tsx:204:9)

    console.error
      Warning: An update to LoginForm inside a test was not wrapped in 
act(...).
      
      When testing, code that causes React state updates should be wrapped 
into act(...):
      
      act(() => {
        /* fire events that update state */
      });
      /* assert on the output */
      
      This ensures that you're testing the behavior the user would see in the 
browser. Learn more at https://reactjs.org/link/wrap-tests-with-act
          at LoginForm (C:\Users\samhe\OneDrive\Desktop\Cleaned\frontend\src\au
th\LoginForm\LoginForm.tsx:41:33)
          at div
          at div
          at LoginPage
          at routeContext (C:\Users\samhe\OneDrive\Desktop\Cleaned\frontend\nod
e_modules\react-router\lib\hooks.tsx:658:26)
          at children (C:\Users\samhe\OneDrive\Desktop\Cleaned\frontend\node_mo
dules\react-router\lib\components.tsx:512:3)
          at basenameProp (C:\Users\samhe\OneDrive\Desktop\Cleaned\frontend\nod
e_modules\react-router\lib\components.tsx:421:13)
          at basename (C:\Users\samhe\OneDrive\Desktop\Cleaned\frontend\node_mo
dules\react-router\lib\components.tsx:225:3)

      141 |                         placeholder="Enter your password"
      142 |                         value={password}
    > 143 |                         onChange={(e) => 
setPassword(e.target.value)}
          |                                          ^
      144 |                         className="w-full rounded-md border 
border-gray-300 px-3 py-2 pr-10 text-sm focus:outline-none focus:ring-2 
focus:ring-gray-900 disabled:opacity-50"
      145 |                     />
      146 |                     <button

      at printWarning 
(node_modules/react-dom/cjs/react-dom.development.js:86:30)
      at error (node_modules/react-dom/cjs/react-dom.development.js:60:7)
      at warnIfUpdatesNotWrappedWithActDEV 
(node_modules/react-dom/cjs/react-dom.development.js:27628:9)
      at scheduleUpdateOnFiber 
(node_modules/react-dom/cjs/react-dom.development.js:25547:5)
      at dispatchSetState 
(node_modules/react-dom/cjs/react-dom.development.js:16708:7)
      at onChange (src/auth/LoginForm/LoginForm.tsx:143:42)
      at HTMLUnknownElement.callCallback 
(node_modules/react-dom/cjs/react-dom.development.js:4164:14)
      at HTMLUnknownElement.callTheUserObjectsOperation 
(node_modules/jsdom/lib/jsdom/living/generated/EventListener.js:26:30)
      at innerInvokeEventListeners 
(node_modules/jsdom/lib/jsdom/living/events/EventTarget-impl.js:350:25)
      at invokeEventListeners 
(node_modules/jsdom/lib/jsdom/living/events/EventTarget-impl.js:286:3)
      at HTMLUnknownElementImpl._dispatch 
(node_modules/jsdom/lib/jsdom/living/events/EventTarget-impl.js:233:9)
      at HTMLUnknownElementImpl.dispatchEvent 
(node_modules/jsdom/lib/jsdom/living/events/EventTarget-impl.js:104:17)
      at HTMLUnknownElement.dispatchEvent 
(node_modules/jsdom/lib/jsdom/living/generated/EventTarget.js:241:34)
      at Object.invokeGuardedCallbackDev 
(node_modules/react-dom/cjs/react-dom.development.js:4213:16)
      at invokeGuardedCallback 
(node_modules/react-dom/cjs/react-dom.development.js:4277:31)
      at invokeGuardedCallbackAndCatchFirstError 
(node_modules/react-dom/cjs/react-dom.development.js:4291:25)
      at executeDispatch 
(node_modules/react-dom/cjs/react-dom.development.js:9041:3)
      at processDispatchQueueItemsInOrder 
(node_modules/react-dom/cjs/react-dom.development.js:9073:7)
      at processDispatchQueue 
(node_modules/react-dom/cjs/react-dom.development.js:9086:5)
      at dispatchEventsForPlugins 
(node_modules/react-dom/cjs/react-dom.development.js:9097:3)
      at node_modules/react-dom/cjs/react-dom.development.js:9288:12
      at batchedUpdates$1 
(node_modules/react-dom/cjs/react-dom.development.js:26179:12)
      at batchedUpdates 
(node_modules/react-dom/cjs/react-dom.development.js:3991:12)
      at dispatchEventForPluginEventSystem 
(node_modules/react-dom/cjs/react-dom.development.js:9287:3)
      at dispatchEventWithEnableCapturePhaseSelectiveHydrationWithoutDiscreteEv
entReplay (node_modules/react-dom/cjs/react-dom.development.js:6465:5)
      at dispatchEvent 
(node_modules/react-dom/cjs/react-dom.development.js:6457:5)
      at dispatchDiscreteEvent 
(node_modules/react-dom/cjs/react-dom.development.js:6430:5)
      at HTMLDivElement.callTheUserObjectsOperation 
(node_modules/jsdom/lib/jsdom/living/generated/EventListener.js:26:30)
      at innerInvokeEventListeners 
(node_modules/jsdom/lib/jsdom/living/events/EventTarget-impl.js:350:25)
      at invokeEventListeners 
(node_modules/jsdom/lib/jsdom/living/events/EventTarget-impl.js:286:3)
      at HTMLInputElementImpl._dispatch 
(node_modules/jsdom/lib/jsdom/living/events/EventTarget-impl.js:233:9)
      at HTMLInputElementImpl.dispatchEvent 
(node_modules/jsdom/lib/jsdom/living/events/EventTarget-impl.js:104:17)
      at HTMLInputElement.dispatchEvent 
(node_modules/jsdom/lib/jsdom/living/generated/EventTarget.js:241:34)
      at 
node_modules/@testing-library/user-event/dist/cjs/event/dispatchEvent.js:45:43
      at Object.eventWrapper 
(node_modules/@testing-library/dom/dist/config.js:25:23)
      at Object.wrapEvent 
(node_modules/@testing-library/user-event/dist/cjs/event/wrapEvent.js:6:28)
      at Object.dispatchEvent (node_modules/@testing-library/user-event/dist/cj
s/event/dispatchEvent.js:45:22)
      at Object.dispatchUIEvent (node_modules/@testing-library/user-event/dist/
cjs/event/dispatchEvent.js:22:26)
      at commitInput 
(node_modules/@testing-library/user-event/dist/cjs/event/input.js:145:14)
      at editInputElement 
(node_modules/@testing-library/user-event/dist/cjs/event/input.js:115:9)
      at Object.input 
(node_modules/@testing-library/user-event/dist/cjs/event/input.js:37:9)
      at node_modules/@testing-library/user-event/dist/cjs/event/behavior/keypr
ess.js:31:26
      at Object.dispatchEvent (node_modules/@testing-library/user-event/dist/cj
s/event/dispatchEvent.js:41:13)
      at Object.dispatchUIEvent (node_modules/@testing-library/user-event/dist/
cjs/event/dispatchEvent.js:22:26)
      at KeyboardHost.keydown 
(node_modules/@testing-library/user-event/dist/cjs/system/keyboard.js:76:22)
      at keyboardAction 
(node_modules/@testing-library/user-event/dist/cjs/keyboard/index.js:22:35)
      at Object.keyboard 
(node_modules/@testing-library/user-event/dist/cjs/keyboard/index.js:11:15)
      at Object.type 
(node_modules/@testing-library/user-event/dist/cjs/utility/type.js:17:5)
      at Object.<anonymous> (src/auth/auth.test.tsx:204:9)

    console.error
      Warning: An update to LoginForm inside a test was not wrapped in 
act(...).
      
      When testing, code that causes React state updates should be wrapped 
into act(...):
      
      act(() => {
        /* fire events that update state */
      });
      /* assert on the output */
      
      This ensures that you're testing the behavior the user would see in the 
browser. Learn more at https://reactjs.org/link/wrap-tests-with-act
          at LoginForm (C:\Users\samhe\OneDrive\Desktop\Cleaned\frontend\src\au
th\LoginForm\LoginForm.tsx:41:33)
          at div
          at div
          at LoginPage
          at routeContext (C:\Users\samhe\OneDrive\Desktop\Cleaned\frontend\nod
e_modules\react-router\lib\hooks.tsx:658:26)
          at children (C:\Users\samhe\OneDrive\Desktop\Cleaned\frontend\node_mo
dules\react-router\lib\components.tsx:512:3)
          at basenameProp (C:\Users\samhe\OneDrive\Desktop\Cleaned\frontend\nod
e_modules\react-router\lib\components.tsx:421:13)
          at basename (C:\Users\samhe\OneDrive\Desktop\Cleaned\frontend\node_mo
dules\react-router\lib\components.tsx:225:3)

      141 |                         placeholder="Enter your password"
      142 |                         value={password}
    > 143 |                         onChange={(e) => 
setPassword(e.target.value)}
          |                                          ^
      144 |                         className="w-full rounded-md border 
border-gray-300 px-3 py-2 pr-10 text-sm focus:outline-none focus:ring-2 
focus:ring-gray-900 disabled:opacity-50"
      145 |                     />
      146 |                     <button

      at printWarning 
(node_modules/react-dom/cjs/react-dom.development.js:86:30)
      at error (node_modules/react-dom/cjs/react-dom.development.js:60:7)
      at warnIfUpdatesNotWrappedWithActDEV 
(node_modules/react-dom/cjs/react-dom.development.js:27628:9)
      at scheduleUpdateOnFiber 
(node_modules/react-dom/cjs/react-dom.development.js:25547:5)
      at dispatchSetState 
(node_modules/react-dom/cjs/react-dom.development.js:16708:7)
      at onChange (src/auth/LoginForm/LoginForm.tsx:143:42)
      at HTMLUnknownElement.callCallback 
(node_modules/react-dom/cjs/react-dom.development.js:4164:14)
      at HTMLUnknownElement.callTheUserObjectsOperation 
(node_modules/jsdom/lib/jsdom/living/generated/EventListener.js:26:30)
      at innerInvokeEventListeners 
(node_modules/jsdom/lib/jsdom/living/events/EventTarget-impl.js:350:25)
      at invokeEventListeners 
(node_modules/jsdom/lib/jsdom/living/events/EventTarget-impl.js:286:3)
      at HTMLUnknownElementImpl._dispatch 
(node_modules/jsdom/lib/jsdom/living/events/EventTarget-impl.js:233:9)
      at HTMLUnknownElementImpl.dispatchEvent 
(node_modules/jsdom/lib/jsdom/living/events/EventTarget-impl.js:104:17)
      at HTMLUnknownElement.dispatchEvent 
(node_modules/jsdom/lib/jsdom/living/generated/EventTarget.js:241:34)
      at Object.invokeGuardedCallbackDev 
(node_modules/react-dom/cjs/react-dom.development.js:4213:16)
      at invokeGuardedCallback 
(node_modules/react-dom/cjs/react-dom.development.js:4277:31)
      at invokeGuardedCallbackAndCatchFirstError 
(node_modules/react-dom/cjs/react-dom.development.js:4291:25)
      at executeDispatch 
(node_modules/react-dom/cjs/react-dom.development.js:9041:3)
      at processDispatchQueueItemsInOrder 
(node_modules/react-dom/cjs/react-dom.development.js:9073:7)
      at processDispatchQueue 
(node_modules/react-dom/cjs/react-dom.development.js:9086:5)
      at dispatchEventsForPlugins 
(node_modules/react-dom/cjs/react-dom.development.js:9097:3)
      at node_modules/react-dom/cjs/react-dom.development.js:9288:12
      at batchedUpdates$1 
(node_modules/react-dom/cjs/react-dom.development.js:26179:12)
      at batchedUpdates 
(node_modules/react-dom/cjs/react-dom.development.js:3991:12)
      at dispatchEventForPluginEventSystem 
(node_modules/react-dom/cjs/react-dom.development.js:9287:3)
      at dispatchEventWithEnableCapturePhaseSelectiveHydrationWithoutDiscreteEv
entReplay (node_modules/react-dom/cjs/react-dom.development.js:6465:5)
      at dispatchEvent 
(node_modules/react-dom/cjs/react-dom.development.js:6457:5)
      at dispatchDiscreteEvent 
(node_modules/react-dom/cjs/react-dom.development.js:6430:5)
      at HTMLDivElement.callTheUserObjectsOperation 
(node_modules/jsdom/lib/jsdom/living/generated/EventListener.js:26:30)
      at innerInvokeEventListeners 
(node_modules/jsdom/lib/jsdom/living/events/EventTarget-impl.js:350:25)
      at invokeEventListeners 
(node_modules/jsdom/lib/jsdom/living/events/EventTarget-impl.js:286:3)
      at HTMLInputElementImpl._dispatch 
(node_modules/jsdom/lib/jsdom/living/events/EventTarget-impl.js:233:9)
      at HTMLInputElementImpl.dispatchEvent 
(node_modules/jsdom/lib/jsdom/living/events/EventTarget-impl.js:104:17)
      at HTMLInputElement.dispatchEvent 
(node_modules/jsdom/lib/jsdom/living/generated/EventTarget.js:241:34)
      at 
node_modules/@testing-library/user-event/dist/cjs/event/dispatchEvent.js:45:43
      at Object.eventWrapper 
(node_modules/@testing-library/dom/dist/config.js:25:23)
      at Object.wrapEvent 
(node_modules/@testing-library/user-event/dist/cjs/event/wrapEvent.js:6:28)
      at Object.dispatchEvent (node_modules/@testing-library/user-event/dist/cj
s/event/dispatchEvent.js:45:22)
      at Object.dispatchUIEvent (node_modules/@testing-library/user-event/dist/
cjs/event/dispatchEvent.js:22:26)
      at commitInput 
(node_modules/@testing-library/user-event/dist/cjs/event/input.js:145:14)
      at editInputElement 
(node_modules/@testing-library/user-event/dist/cjs/event/input.js:115:9)
      at Object.input 
(node_modules/@testing-library/user-event/dist/cjs/event/input.js:37:9)
      at node_modules/@testing-library/user-event/dist/cjs/event/behavior/keypr
ess.js:31:26
      at Object.dispatchEvent (node_modules/@testing-library/user-event/dist/cj
s/event/dispatchEvent.js:41:13)
      at Object.dispatchUIEvent (node_modules/@testing-library/user-event/dist/
cjs/event/dispatchEvent.js:22:26)
      at KeyboardHost.keydown 
(node_modules/@testing-library/user-event/dist/cjs/system/keyboard.js:76:22)
      at keyboardAction 
(node_modules/@testing-library/user-event/dist/cjs/keyboard/index.js:22:35)
      at Object.keyboard 
(node_modules/@testing-library/user-event/dist/cjs/keyboard/index.js:11:15)
      at Object.type 
(node_modules/@testing-library/user-event/dist/cjs/utility/type.js:17:5)
      at Object.<anonymous> (src/auth/auth.test.tsx:204:9)

    console.error
      Warning: An update to LoginForm inside a test was not wrapped in 
act(...).
      
      When testing, code that causes React state updates should be wrapped 
into act(...):
      
      act(() => {
        /* fire events that update state */
      });
      /* assert on the output */
      
      This ensures that you're testing the behavior the user would see in the 
browser. Learn more at https://reactjs.org/link/wrap-tests-with-act
          at LoginForm (C:\Users\samhe\OneDrive\Desktop\Cleaned\frontend\src\au
th\LoginForm\LoginForm.tsx:41:33)
          at div
          at div
          at LoginPage
          at routeContext (C:\Users\samhe\OneDrive\Desktop\Cleaned\frontend\nod
e_modules\react-router\lib\hooks.tsx:658:26)
          at children (C:\Users\samhe\OneDrive\Desktop\Cleaned\frontend\node_mo
dules\react-router\lib\components.tsx:512:3)
          at basenameProp (C:\Users\samhe\OneDrive\Desktop\Cleaned\frontend\nod
e_modules\react-router\lib\components.tsx:421:13)
          at basename (C:\Users\samhe\OneDrive\Desktop\Cleaned\frontend\node_mo
dules\react-router\lib\components.tsx:225:3)

      141 |                         placeholder="Enter your password"
      142 |                         value={password}
    > 143 |                         onChange={(e) => 
setPassword(e.target.value)}
          |                                          ^
      144 |                         className="w-full rounded-md border 
border-gray-300 px-3 py-2 pr-10 text-sm focus:outline-none focus:ring-2 
focus:ring-gray-900 disabled:opacity-50"
      145 |                     />
      146 |                     <button

      at printWarning 
(node_modules/react-dom/cjs/react-dom.development.js:86:30)
      at error (node_modules/react-dom/cjs/react-dom.development.js:60:7)
      at warnIfUpdatesNotWrappedWithActDEV 
(node_modules/react-dom/cjs/react-dom.development.js:27628:9)
      at scheduleUpdateOnFiber 
(node_modules/react-dom/cjs/react-dom.development.js:25547:5)
      at dispatchSetState 
(node_modules/react-dom/cjs/react-dom.development.js:16708:7)
      at onChange (src/auth/LoginForm/LoginForm.tsx:143:42)
      at HTMLUnknownElement.callCallback 
(node_modules/react-dom/cjs/react-dom.development.js:4164:14)
      at HTMLUnknownElement.callTheUserObjectsOperation 
(node_modules/jsdom/lib/jsdom/living/generated/EventListener.js:26:30)
      at innerInvokeEventListeners 
(node_modules/jsdom/lib/jsdom/living/events/EventTarget-impl.js:350:25)
      at invokeEventListeners 
(node_modules/jsdom/lib/jsdom/living/events/EventTarget-impl.js:286:3)
      at HTMLUnknownElementImpl._dispatch 
(node_modules/jsdom/lib/jsdom/living/events/EventTarget-impl.js:233:9)
      at HTMLUnknownElementImpl.dispatchEvent 
(node_modules/jsdom/lib/jsdom/living/events/EventTarget-impl.js:104:17)
      at HTMLUnknownElement.dispatchEvent 
(node_modules/jsdom/lib/jsdom/living/generated/EventTarget.js:241:34)
      at Object.invokeGuardedCallbackDev 
(node_modules/react-dom/cjs/react-dom.development.js:4213:16)
      at invokeGuardedCallback 
(node_modules/react-dom/cjs/react-dom.development.js:4277:31)
      at invokeGuardedCallbackAndCatchFirstError 
(node_modules/react-dom/cjs/react-dom.development.js:4291:25)
      at executeDispatch 
(node_modules/react-dom/cjs/react-dom.development.js:9041:3)
      at processDispatchQueueItemsInOrder 
(node_modules/react-dom/cjs/react-dom.development.js:9073:7)
      at processDispatchQueue 
(node_modules/react-dom/cjs/react-dom.development.js:9086:5)
      at dispatchEventsForPlugins 
(node_modules/react-dom/cjs/react-dom.development.js:9097:3)
      at node_modules/react-dom/cjs/react-dom.development.js:9288:12
      at batchedUpdates$1 
(node_modules/react-dom/cjs/react-dom.development.js:26179:12)
      at batchedUpdates 
(node_modules/react-dom/cjs/react-dom.development.js:3991:12)
      at dispatchEventForPluginEventSystem 
(node_modules/react-dom/cjs/react-dom.development.js:9287:3)
      at dispatchEventWithEnableCapturePhaseSelectiveHydrationWithoutDiscreteEv
entReplay (node_modules/react-dom/cjs/react-dom.development.js:6465:5)
      at dispatchEvent 
(node_modules/react-dom/cjs/react-dom.development.js:6457:5)
      at dispatchDiscreteEvent 
(node_modules/react-dom/cjs/react-dom.development.js:6430:5)
      at HTMLDivElement.callTheUserObjectsOperation 
(node_modules/jsdom/lib/jsdom/living/generated/EventListener.js:26:30)
      at innerInvokeEventListeners 
(node_modules/jsdom/lib/jsdom/living/events/EventTarget-impl.js:350:25)
      at invokeEventListeners 
(node_modules/jsdom/lib/jsdom/living/events/EventTarget-impl.js:286:3)
      at HTMLInputElementImpl._dispatch 
(node_modules/jsdom/lib/jsdom/living/events/EventTarget-impl.js:233:9)
      at HTMLInputElementImpl.dispatchEvent 
(node_modules/jsdom/lib/jsdom/living/events/EventTarget-impl.js:104:17)
      at HTMLInputElement.dispatchEvent 
(node_modules/jsdom/lib/jsdom/living/generated/EventTarget.js:241:34)
      at 
node_modules/@testing-library/user-event/dist/cjs/event/dispatchEvent.js:45:43
      at Object.eventWrapper 
(node_modules/@testing-library/dom/dist/config.js:25:23)
      at Object.wrapEvent 
(node_modules/@testing-library/user-event/dist/cjs/event/wrapEvent.js:6:28)
      at Object.dispatchEvent (node_modules/@testing-library/user-event/dist/cj
s/event/dispatchEvent.js:45:22)
      at Object.dispatchUIEvent (node_modules/@testing-library/user-event/dist/
cjs/event/dispatchEvent.js:22:26)
      at commitInput 
(node_modules/@testing-library/user-event/dist/cjs/event/input.js:145:14)
      at editInputElement 
(node_modules/@testing-library/user-event/dist/cjs/event/input.js:115:9)
      at Object.input 
(node_modules/@testing-library/user-event/dist/cjs/event/input.js:37:9)
      at node_modules/@testing-library/user-event/dist/cjs/event/behavior/keypr
ess.js:31:26
      at Object.dispatchEvent (node_modules/@testing-library/user-event/dist/cj
s/event/dispatchEvent.js:41:13)
      at Object.dispatchUIEvent (node_modules/@testing-library/user-event/dist/
cjs/event/dispatchEvent.js:22:26)
      at KeyboardHost.keydown 
(node_modules/@testing-library/user-event/dist/cjs/system/keyboard.js:76:22)
      at keyboardAction 
(node_modules/@testing-library/user-event/dist/cjs/keyboard/index.js:22:35)
      at Object.keyboard 
(node_modules/@testing-library/user-event/dist/cjs/keyboard/index.js:11:15)
      at Object.type 
(node_modules/@testing-library/user-event/dist/cjs/utility/type.js:17:5)
      at Object.<anonymous> (src/auth/auth.test.tsx:204:9)

    console.error
      Warning: An update to LoginForm inside a test was not wrapped in 
act(...).
      
      When testing, code that causes React state updates should be wrapped 
into act(...):
      
      act(() => {
        /* fire events that update state */
      });
      /* assert on the output */
      
      This ensures that you're testing the behavior the user would see in the 
browser. Learn more at https://reactjs.org/link/wrap-tests-with-act
          at LoginForm (C:\Users\samhe\OneDrive\Desktop\Cleaned\frontend\src\au
th\LoginForm\LoginForm.tsx:41:33)
          at div
          at div
          at LoginPage
          at routeContext (C:\Users\samhe\OneDrive\Desktop\Cleaned\frontend\nod
e_modules\react-router\lib\hooks.tsx:658:26)
          at children (C:\Users\samhe\OneDrive\Desktop\Cleaned\frontend\node_mo
dules\react-router\lib\components.tsx:512:3)
          at basenameProp (C:\Users\samhe\OneDrive\Desktop\Cleaned\frontend\nod
e_modules\react-router\lib\components.tsx:421:13)
          at basename (C:\Users\samhe\OneDrive\Desktop\Cleaned\frontend\node_mo
dules\react-router\lib\components.tsx:225:3)

      141 |                         placeholder="Enter your password"
      142 |                         value={password}
    > 143 |                         onChange={(e) => 
setPassword(e.target.value)}
          |                                          ^
      144 |                         className="w-full rounded-md border 
border-gray-300 px-3 py-2 pr-10 text-sm focus:outline-none focus:ring-2 
focus:ring-gray-900 disabled:opacity-50"
      145 |                     />
      146 |                     <button

      at printWarning 
(node_modules/react-dom/cjs/react-dom.development.js:86:30)
      at error (node_modules/react-dom/cjs/react-dom.development.js:60:7)
      at warnIfUpdatesNotWrappedWithActDEV 
(node_modules/react-dom/cjs/react-dom.development.js:27628:9)
      at scheduleUpdateOnFiber 
(node_modules/react-dom/cjs/react-dom.development.js:25547:5)
      at dispatchSetState 
(node_modules/react-dom/cjs/react-dom.development.js:16708:7)
      at onChange (src/auth/LoginForm/LoginForm.tsx:143:42)
      at HTMLUnknownElement.callCallback 
(node_modules/react-dom/cjs/react-dom.development.js:4164:14)
      at HTMLUnknownElement.callTheUserObjectsOperation 
(node_modules/jsdom/lib/jsdom/living/generated/EventListener.js:26:30)
      at innerInvokeEventListeners 
(node_modules/jsdom/lib/jsdom/living/events/EventTarget-impl.js:350:25)
      at invokeEventListeners 
(node_modules/jsdom/lib/jsdom/living/events/EventTarget-impl.js:286:3)
      at HTMLUnknownElementImpl._dispatch 
(node_modules/jsdom/lib/jsdom/living/events/EventTarget-impl.js:233:9)
      at HTMLUnknownElementImpl.dispatchEvent 
(node_modules/jsdom/lib/jsdom/living/events/EventTarget-impl.js:104:17)
      at HTMLUnknownElement.dispatchEvent 
(node_modules/jsdom/lib/jsdom/living/generated/EventTarget.js:241:34)
      at Object.invokeGuardedCallbackDev 
(node_modules/react-dom/cjs/react-dom.development.js:4213:16)
      at invokeGuardedCallback 
(node_modules/react-dom/cjs/react-dom.development.js:4277:31)
      at invokeGuardedCallbackAndCatchFirstError 
(node_modules/react-dom/cjs/react-dom.development.js:4291:25)
      at executeDispatch 
(node_modules/react-dom/cjs/react-dom.development.js:9041:3)
      at processDispatchQueueItemsInOrder 
(node_modules/react-dom/cjs/react-dom.development.js:9073:7)
      at processDispatchQueue 
(node_modules/react-dom/cjs/react-dom.development.js:9086:5)
      at dispatchEventsForPlugins 
(node_modules/react-dom/cjs/react-dom.development.js:9097:3)
      at node_modules/react-dom/cjs/react-dom.development.js:9288:12
      at batchedUpdates$1 
(node_modules/react-dom/cjs/react-dom.development.js:26179:12)
      at batchedUpdates 
(node_modules/react-dom/cjs/react-dom.development.js:3991:12)
      at dispatchEventForPluginEventSystem 
(node_modules/react-dom/cjs/react-dom.development.js:9287:3)
      at dispatchEventWithEnableCapturePhaseSelectiveHydrationWithoutDiscreteEv
entReplay (node_modules/react-dom/cjs/react-dom.development.js:6465:5)
      at dispatchEvent 
(node_modules/react-dom/cjs/react-dom.development.js:6457:5)
      at dispatchDiscreteEvent 
(node_modules/react-dom/cjs/react-dom.development.js:6430:5)
      at HTMLDivElement.callTheUserObjectsOperation 
(node_modules/jsdom/lib/jsdom/living/generated/EventListener.js:26:30)
      at innerInvokeEventListeners 
(node_modules/jsdom/lib/jsdom/living/events/EventTarget-impl.js:350:25)
      at invokeEventListeners 
(node_modules/jsdom/lib/jsdom/living/events/EventTarget-impl.js:286:3)
      at HTMLInputElementImpl._dispatch 
(node_modules/jsdom/lib/jsdom/living/events/EventTarget-impl.js:233:9)
      at HTMLInputElementImpl.dispatchEvent 
(node_modules/jsdom/lib/jsdom/living/events/EventTarget-impl.js:104:17)
      at HTMLInputElement.dispatchEvent 
(node_modules/jsdom/lib/jsdom/living/generated/EventTarget.js:241:34)
      at 
node_modules/@testing-library/user-event/dist/cjs/event/dispatchEvent.js:45:43
      at Object.eventWrapper 
(node_modules/@testing-library/dom/dist/config.js:25:23)
      at Object.wrapEvent 
(node_modules/@testing-library/user-event/dist/cjs/event/wrapEvent.js:6:28)
      at Object.dispatchEvent (node_modules/@testing-library/user-event/dist/cj
s/event/dispatchEvent.js:45:22)
      at Object.dispatchUIEvent (node_modules/@testing-library/user-event/dist/
cjs/event/dispatchEvent.js:22:26)
      at commitInput 
(node_modules/@testing-library/user-event/dist/cjs/event/input.js:145:14)
      at editInputElement 
(node_modules/@testing-library/user-event/dist/cjs/event/input.js:115:9)
      at Object.input 
(node_modules/@testing-library/user-event/dist/cjs/event/input.js:37:9)
      at node_modules/@testing-library/user-event/dist/cjs/event/behavior/keypr
ess.js:31:26
      at Object.dispatchEvent (node_modules/@testing-library/user-event/dist/cj
s/event/dispatchEvent.js:41:13)
      at Object.dispatchUIEvent (node_modules/@testing-library/user-event/dist/
cjs/event/dispatchEvent.js:22:26)
      at KeyboardHost.keydown 
(node_modules/@testing-library/user-event/dist/cjs/system/keyboard.js:76:22)
      at keyboardAction 
(node_modules/@testing-library/user-event/dist/cjs/keyboard/index.js:22:35)
      at Object.keyboard 
(node_modules/@testing-library/user-event/dist/cjs/keyboard/index.js:11:15)
      at Object.type 
(node_modules/@testing-library/user-event/dist/cjs/utility/type.js:17:5)
      at Object.<anonymous> (src/auth/auth.test.tsx:204:9)

    console.error
      Warning: An update to LoginForm inside a test was not wrapped in 
act(...).
      
      When testing, code that causes React state updates should be wrapped 
into act(...):
      
      act(() => {
        /* fire events that update state */
      });
      /* assert on the output */
      
      This ensures that you're testing the behavior the user would see in the 
browser. Learn more at https://reactjs.org/link/wrap-tests-with-act
          at LoginForm (C:\Users\samhe\OneDrive\Desktop\Cleaned\frontend\src\au
th\LoginForm\LoginForm.tsx:41:33)
          at div
          at div
          at LoginPage
          at routeContext (C:\Users\samhe\OneDrive\Desktop\Cleaned\frontend\nod
e_modules\react-router\lib\hooks.tsx:658:26)
          at children (C:\Users\samhe\OneDrive\Desktop\Cleaned\frontend\node_mo
dules\react-router\lib\components.tsx:512:3)
          at basenameProp (C:\Users\samhe\OneDrive\Desktop\Cleaned\frontend\nod
e_modules\react-router\lib\components.tsx:421:13)
          at basename (C:\Users\samhe\OneDrive\Desktop\Cleaned\frontend\node_mo
dules\react-router\lib\components.tsx:225:3)

      141 |                         placeholder="Enter your password"
      142 |                         value={password}
    > 143 |                         onChange={(e) => 
setPassword(e.target.value)}
          |                                          ^
      144 |                         className="w-full rounded-md border 
border-gray-300 px-3 py-2 pr-10 text-sm focus:outline-none focus:ring-2 
focus:ring-gray-900 disabled:opacity-50"
      145 |                     />
      146 |                     <button

      at printWarning 
(node_modules/react-dom/cjs/react-dom.development.js:86:30)
      at error (node_modules/react-dom/cjs/react-dom.development.js:60:7)
      at warnIfUpdatesNotWrappedWithActDEV 
(node_modules/react-dom/cjs/react-dom.development.js:27628:9)
      at scheduleUpdateOnFiber 
(node_modules/react-dom/cjs/react-dom.development.js:25547:5)
      at dispatchSetState 
(node_modules/react-dom/cjs/react-dom.development.js:16708:7)
      at onChange (src/auth/LoginForm/LoginForm.tsx:143:42)
      at HTMLUnknownElement.callCallback 
(node_modules/react-dom/cjs/react-dom.development.js:4164:14)
      at HTMLUnknownElement.callTheUserObjectsOperation 
(node_modules/jsdom/lib/jsdom/living/generated/EventListener.js:26:30)
      at innerInvokeEventListeners 
(node_modules/jsdom/lib/jsdom/living/events/EventTarget-impl.js:350:25)
      at invokeEventListeners 
(node_modules/jsdom/lib/jsdom/living/events/EventTarget-impl.js:286:3)
      at HTMLUnknownElementImpl._dispatch 
(node_modules/jsdom/lib/jsdom/living/events/EventTarget-impl.js:233:9)
      at HTMLUnknownElementImpl.dispatchEvent 
(node_modules/jsdom/lib/jsdom/living/events/EventTarget-impl.js:104:17)
      at HTMLUnknownElement.dispatchEvent 
(node_modules/jsdom/lib/jsdom/living/generated/EventTarget.js:241:34)
      at Object.invokeGuardedCallbackDev 
(node_modules/react-dom/cjs/react-dom.development.js:4213:16)
      at invokeGuardedCallback 
(node_modules/react-dom/cjs/react-dom.development.js:4277:31)
      at invokeGuardedCallbackAndCatchFirstError 
(node_modules/react-dom/cjs/react-dom.development.js:4291:25)
      at executeDispatch 
(node_modules/react-dom/cjs/react-dom.development.js:9041:3)
      at processDispatchQueueItemsInOrder 
(node_modules/react-dom/cjs/react-dom.development.js:9073:7)
      at processDispatchQueue 
(node_modules/react-dom/cjs/react-dom.development.js:9086:5)
      at dispatchEventsForPlugins 
(node_modules/react-dom/cjs/react-dom.development.js:9097:3)
      at node_modules/react-dom/cjs/react-dom.development.js:9288:12
      at batchedUpdates$1 
(node_modules/react-dom/cjs/react-dom.development.js:26179:12)
      at batchedUpdates 
(node_modules/react-dom/cjs/react-dom.development.js:3991:12)
      at dispatchEventForPluginEventSystem 
(node_modules/react-dom/cjs/react-dom.development.js:9287:3)
      at dispatchEventWithEnableCapturePhaseSelectiveHydrationWithoutDiscreteEv
entReplay (node_modules/react-dom/cjs/react-dom.development.js:6465:5)
      at dispatchEvent 
(node_modules/react-dom/cjs/react-dom.development.js:6457:5)
      at dispatchDiscreteEvent 
(node_modules/react-dom/cjs/react-dom.development.js:6430:5)
      at HTMLDivElement.callTheUserObjectsOperation 
(node_modules/jsdom/lib/jsdom/living/generated/EventListener.js:26:30)
      at innerInvokeEventListeners 
(node_modules/jsdom/lib/jsdom/living/events/EventTarget-impl.js:350:25)
      at invokeEventListeners 
(node_modules/jsdom/lib/jsdom/living/events/EventTarget-impl.js:286:3)
      at HTMLInputElementImpl._dispatch 
(node_modules/jsdom/lib/jsdom/living/events/EventTarget-impl.js:233:9)
      at HTMLInputElementImpl.dispatchEvent 
(node_modules/jsdom/lib/jsdom/living/events/EventTarget-impl.js:104:17)
      at HTMLInputElement.dispatchEvent 
(node_modules/jsdom/lib/jsdom/living/generated/EventTarget.js:241:34)
      at 
node_modules/@testing-library/user-event/dist/cjs/event/dispatchEvent.js:45:43
      at Object.eventWrapper 
(node_modules/@testing-library/dom/dist/config.js:25:23)
      at Object.wrapEvent 
(node_modules/@testing-library/user-event/dist/cjs/event/wrapEvent.js:6:28)
      at Object.dispatchEvent (node_modules/@testing-library/user-event/dist/cj
s/event/dispatchEvent.js:45:22)
      at Object.dispatchUIEvent (node_modules/@testing-library/user-event/dist/
cjs/event/dispatchEvent.js:22:26)
      at commitInput 
(node_modules/@testing-library/user-event/dist/cjs/event/input.js:145:14)
      at editInputElement 
(node_modules/@testing-library/user-event/dist/cjs/event/input.js:115:9)
      at Object.input 
(node_modules/@testing-library/user-event/dist/cjs/event/input.js:37:9)
      at node_modules/@testing-library/user-event/dist/cjs/event/behavior/keypr
ess.js:31:26
      at Object.dispatchEvent (node_modules/@testing-library/user-event/dist/cj
s/event/dispatchEvent.js:41:13)
      at Object.dispatchUIEvent (node_modules/@testing-library/user-event/dist/
cjs/event/dispatchEvent.js:22:26)
      at KeyboardHost.keydown 
(node_modules/@testing-library/user-event/dist/cjs/system/keyboard.js:76:22)
      at keyboardAction 
(node_modules/@testing-library/user-event/dist/cjs/keyboard/index.js:22:35)
      at Object.keyboard 
(node_modules/@testing-library/user-event/dist/cjs/keyboard/index.js:11:15)
      at Object.type 
(node_modules/@testing-library/user-event/dist/cjs/utility/type.js:17:5)
      at Object.<anonymous> (src/auth/auth.test.tsx:204:9)

    console.error
      Warning: An update to LoginForm inside a test was not wrapped in 
act(...).
      
      When testing, code that causes React state updates should be wrapped 
into act(...):
      
      act(() => {
        /* fire events that update state */
      });
      /* assert on the output */
      
      This ensures that you're testing the behavior the user would see in the 
browser. Learn more at https://reactjs.org/link/wrap-tests-with-act
          at LoginForm (C:\Users\samhe\OneDrive\Desktop\Cleaned\frontend\src\au
th\LoginForm\LoginForm.tsx:41:33)
          at div
          at div
          at LoginPage
          at routeContext (C:\Users\samhe\OneDrive\Desktop\Cleaned\frontend\nod
e_modules\react-router\lib\hooks.tsx:658:26)
          at children (C:\Users\samhe\OneDrive\Desktop\Cleaned\frontend\node_mo
dules\react-router\lib\components.tsx:512:3)
          at basenameProp (C:\Users\samhe\OneDrive\Desktop\Cleaned\frontend\nod
e_modules\react-router\lib\components.tsx:421:13)
          at basename (C:\Users\samhe\OneDrive\Desktop\Cleaned\frontend\node_mo
dules\react-router\lib\components.tsx:225:3)

      141 |                         placeholder="Enter your password"
      142 |                         value={password}
    > 143 |                         onChange={(e) => 
setPassword(e.target.value)}
          |                                          ^
      144 |                         className="w-full rounded-md border 
border-gray-300 px-3 py-2 pr-10 text-sm focus:outline-none focus:ring-2 
focus:ring-gray-900 disabled:opacity-50"
      145 |                     />
      146 |                     <button

      at printWarning 
(node_modules/react-dom/cjs/react-dom.development.js:86:30)
      at error (node_modules/react-dom/cjs/react-dom.development.js:60:7)
      at warnIfUpdatesNotWrappedWithActDEV 
(node_modules/react-dom/cjs/react-dom.development.js:27628:9)
      at scheduleUpdateOnFiber 
(node_modules/react-dom/cjs/react-dom.development.js:25547:5)
      at dispatchSetState 
(node_modules/react-dom/cjs/react-dom.development.js:16708:7)
      at onChange (src/auth/LoginForm/LoginForm.tsx:143:42)
      at HTMLUnknownElement.callCallback 
(node_modules/react-dom/cjs/react-dom.development.js:4164:14)
      at HTMLUnknownElement.callTheUserObjectsOperation 
(node_modules/jsdom/lib/jsdom/living/generated/EventListener.js:26:30)
      at innerInvokeEventListeners 
(node_modules/jsdom/lib/jsdom/living/events/EventTarget-impl.js:350:25)
      at invokeEventListeners 
(node_modules/jsdom/lib/jsdom/living/events/EventTarget-impl.js:286:3)
      at HTMLUnknownElementImpl._dispatch 
(node_modules/jsdom/lib/jsdom/living/events/EventTarget-impl.js:233:9)
      at HTMLUnknownElementImpl.dispatchEvent 
(node_modules/jsdom/lib/jsdom/living/events/EventTarget-impl.js:104:17)
      at HTMLUnknownElement.dispatchEvent 
(node_modules/jsdom/lib/jsdom/living/generated/EventTarget.js:241:34)
      at Object.invokeGuardedCallbackDev 
(node_modules/react-dom/cjs/react-dom.development.js:4213:16)
      at invokeGuardedCallback 
(node_modules/react-dom/cjs/react-dom.development.js:4277:31)
      at invokeGuardedCallbackAndCatchFirstError 
(node_modules/react-dom/cjs/react-dom.development.js:4291:25)
      at executeDispatch 
(node_modules/react-dom/cjs/react-dom.development.js:9041:3)
      at processDispatchQueueItemsInOrder 
(node_modules/react-dom/cjs/react-dom.development.js:9073:7)
      at processDispatchQueue 
(node_modules/react-dom/cjs/react-dom.development.js:9086:5)
      at dispatchEventsForPlugins 
(node_modules/react-dom/cjs/react-dom.development.js:9097:3)
      at node_modules/react-dom/cjs/react-dom.development.js:9288:12
      at batchedUpdates$1 
(node_modules/react-dom/cjs/react-dom.development.js:26179:12)
      at batchedUpdates 
(node_modules/react-dom/cjs/react-dom.development.js:3991:12)
      at dispatchEventForPluginEventSystem 
(node_modules/react-dom/cjs/react-dom.development.js:9287:3)
      at dispatchEventWithEnableCapturePhaseSelectiveHydrationWithoutDiscreteEv
entReplay (node_modules/react-dom/cjs/react-dom.development.js:6465:5)
      at dispatchEvent 
(node_modules/react-dom/cjs/react-dom.development.js:6457:5)
      at dispatchDiscreteEvent 
(node_modules/react-dom/cjs/react-dom.development.js:6430:5)
      at HTMLDivElement.callTheUserObjectsOperation 
(node_modules/jsdom/lib/jsdom/living/generated/EventListener.js:26:30)
      at innerInvokeEventListeners 
(node_modules/jsdom/lib/jsdom/living/events/EventTarget-impl.js:350:25)
      at invokeEventListeners 
(node_modules/jsdom/lib/jsdom/living/events/EventTarget-impl.js:286:3)
      at HTMLInputElementImpl._dispatch 
(node_modules/jsdom/lib/jsdom/living/events/EventTarget-impl.js:233:9)
      at HTMLInputElementImpl.dispatchEvent 
(node_modules/jsdom/lib/jsdom/living/events/EventTarget-impl.js:104:17)
      at HTMLInputElement.dispatchEvent 
(node_modules/jsdom/lib/jsdom/living/generated/EventTarget.js:241:34)
      at 
node_modules/@testing-library/user-event/dist/cjs/event/dispatchEvent.js:45:43
      at Object.eventWrapper 
(node_modules/@testing-library/dom/dist/config.js:25:23)
      at Object.wrapEvent 
(node_modules/@testing-library/user-event/dist/cjs/event/wrapEvent.js:6:28)
      at Object.dispatchEvent (node_modules/@testing-library/user-event/dist/cj
s/event/dispatchEvent.js:45:22)
      at Object.dispatchUIEvent (node_modules/@testing-library/user-event/dist/
cjs/event/dispatchEvent.js:22:26)
      at commitInput 
(node_modules/@testing-library/user-event/dist/cjs/event/input.js:145:14)
      at editInputElement 
(node_modules/@testing-library/user-event/dist/cjs/event/input.js:115:9)
      at Object.input 
(node_modules/@testing-library/user-event/dist/cjs/event/input.js:37:9)
      at node_modules/@testing-library/user-event/dist/cjs/event/behavior/keypr
ess.js:31:26
      at Object.dispatchEvent (node_modules/@testing-library/user-event/dist/cj
s/event/dispatchEvent.js:41:13)
      at Object.dispatchUIEvent (node_modules/@testing-library/user-event/dist/
cjs/event/dispatchEvent.js:22:26)
      at KeyboardHost.keydown 
(node_modules/@testing-library/user-event/dist/cjs/system/keyboard.js:76:22)
      at keyboardAction 
(node_modules/@testing-library/user-event/dist/cjs/keyboard/index.js:22:35)
      at Object.keyboard 
(node_modules/@testing-library/user-event/dist/cjs/keyboard/index.js:11:15)
      at Object.type 
(node_modules/@testing-library/user-event/dist/cjs/utility/type.js:17:5)
      at Object.<anonymous> (src/auth/auth.test.tsx:204:9)

    console.error
      Warning: An update to LoginForm inside a test was not wrapped in 
act(...).
      
      When testing, code that causes React state updates should be wrapped 
into act(...):
      
      act(() => {
        /* fire events that update state */
      });
      /* assert on the output */
      
      This ensures that you're testing the behavior the user would see in the 
browser. Learn more at https://reactjs.org/link/wrap-tests-with-act
          at LoginForm (C:\Users\samhe\OneDrive\Desktop\Cleaned\frontend\src\au
th\LoginForm\LoginForm.tsx:41:33)
          at div
          at div
          at LoginPage
          at routeContext (C:\Users\samhe\OneDrive\Desktop\Cleaned\frontend\nod
e_modules\react-router\lib\hooks.tsx:658:26)
          at children (C:\Users\samhe\OneDrive\Desktop\Cleaned\frontend\node_mo
dules\react-router\lib\components.tsx:512:3)
          at basenameProp (C:\Users\samhe\OneDrive\Desktop\Cleaned\frontend\nod
e_modules\react-router\lib\components.tsx:421:13)
          at basename (C:\Users\samhe\OneDrive\Desktop\Cleaned\frontend\node_mo
dules\react-router\lib\components.tsx:225:3)

      141 |                         placeholder="Enter your password"
      142 |                         value={password}
    > 143 |                         onChange={(e) => 
setPassword(e.target.value)}
          |                                          ^
      144 |                         className="w-full rounded-md border 
border-gray-300 px-3 py-2 pr-10 text-sm focus:outline-none focus:ring-2 
focus:ring-gray-900 disabled:opacity-50"
      145 |                     />
      146 |                     <button

      at printWarning 
(node_modules/react-dom/cjs/react-dom.development.js:86:30)
      at error (node_modules/react-dom/cjs/react-dom.development.js:60:7)
      at warnIfUpdatesNotWrappedWithActDEV 
(node_modules/react-dom/cjs/react-dom.development.js:27628:9)
      at scheduleUpdateOnFiber 
(node_modules/react-dom/cjs/react-dom.development.js:25547:5)
      at dispatchSetState 
(node_modules/react-dom/cjs/react-dom.development.js:16708:7)
      at onChange (src/auth/LoginForm/LoginForm.tsx:143:42)
      at HTMLUnknownElement.callCallback 
(node_modules/react-dom/cjs/react-dom.development.js:4164:14)
      at HTMLUnknownElement.callTheUserObjectsOperation 
(node_modules/jsdom/lib/jsdom/living/generated/EventListener.js:26:30)
      at innerInvokeEventListeners 
(node_modules/jsdom/lib/jsdom/living/events/EventTarget-impl.js:350:25)
      at invokeEventListeners 
(node_modules/jsdom/lib/jsdom/living/events/EventTarget-impl.js:286:3)
      at HTMLUnknownElementImpl._dispatch 
(node_modules/jsdom/lib/jsdom/living/events/EventTarget-impl.js:233:9)
      at HTMLUnknownElementImpl.dispatchEvent 
(node_modules/jsdom/lib/jsdom/living/events/EventTarget-impl.js:104:17)
      at HTMLUnknownElement.dispatchEvent 
(node_modules/jsdom/lib/jsdom/living/generated/EventTarget.js:241:34)
      at Object.invokeGuardedCallbackDev 
(node_modules/react-dom/cjs/react-dom.development.js:4213:16)
      at invokeGuardedCallback 
(node_modules/react-dom/cjs/react-dom.development.js:4277:31)
      at invokeGuardedCallbackAndCatchFirstError 
(node_modules/react-dom/cjs/react-dom.development.js:4291:25)
      at executeDispatch 
(node_modules/react-dom/cjs/react-dom.development.js:9041:3)
      at processDispatchQueueItemsInOrder 
(node_modules/react-dom/cjs/react-dom.development.js:9073:7)
      at processDispatchQueue 
(node_modules/react-dom/cjs/react-dom.development.js:9086:5)
      at dispatchEventsForPlugins 
(node_modules/react-dom/cjs/react-dom.development.js:9097:3)
      at node_modules/react-dom/cjs/react-dom.development.js:9288:12
      at batchedUpdates$1 
(node_modules/react-dom/cjs/react-dom.development.js:26179:12)
      at batchedUpdates 
(node_modules/react-dom/cjs/react-dom.development.js:3991:12)
      at dispatchEventForPluginEventSystem 
(node_modules/react-dom/cjs/react-dom.development.js:9287:3)
      at dispatchEventWithEnableCapturePhaseSelectiveHydrationWithoutDiscreteEv
entReplay (node_modules/react-dom/cjs/react-dom.development.js:6465:5)
      at dispatchEvent 
(node_modules/react-dom/cjs/react-dom.development.js:6457:5)
      at dispatchDiscreteEvent 
(node_modules/react-dom/cjs/react-dom.development.js:6430:5)
      at HTMLDivElement.callTheUserObjectsOperation 
(node_modules/jsdom/lib/jsdom/living/generated/EventListener.js:26:30)
      at innerInvokeEventListeners 
(node_modules/jsdom/lib/jsdom/living/events/EventTarget-impl.js:350:25)
      at invokeEventListeners 
(node_modules/jsdom/lib/jsdom/living/events/EventTarget-impl.js:286:3)
      at HTMLInputElementImpl._dispatch 
(node_modules/jsdom/lib/jsdom/living/events/EventTarget-impl.js:233:9)
      at HTMLInputElementImpl.dispatchEvent 
(node_modules/jsdom/lib/jsdom/living/events/EventTarget-impl.js:104:17)
      at HTMLInputElement.dispatchEvent 
(node_modules/jsdom/lib/jsdom/living/generated/EventTarget.js:241:34)
      at 
node_modules/@testing-library/user-event/dist/cjs/event/dispatchEvent.js:45:43
      at Object.eventWrapper 
(node_modules/@testing-library/dom/dist/config.js:25:23)
      at Object.wrapEvent 
(node_modules/@testing-library/user-event/dist/cjs/event/wrapEvent.js:6:28)
      at Object.dispatchEvent (node_modules/@testing-library/user-event/dist/cj
s/event/dispatchEvent.js:45:22)
      at Object.dispatchUIEvent (node_modules/@testing-library/user-event/dist/
cjs/event/dispatchEvent.js:22:26)
      at commitInput 
(node_modules/@testing-library/user-event/dist/cjs/event/input.js:145:14)
      at editInputElement 
(node_modules/@testing-library/user-event/dist/cjs/event/input.js:115:9)
      at Object.input 
(node_modules/@testing-library/user-event/dist/cjs/event/input.js:37:9)
      at node_modules/@testing-library/user-event/dist/cjs/event/behavior/keypr
ess.js:31:26
      at Object.dispatchEvent (node_modules/@testing-library/user-event/dist/cj
s/event/dispatchEvent.js:41:13)
      at Object.dispatchUIEvent (node_modules/@testing-library/user-event/dist/
cjs/event/dispatchEvent.js:22:26)
      at KeyboardHost.keydown 
(node_modules/@testing-library/user-event/dist/cjs/system/keyboard.js:76:22)
      at keyboardAction 
(node_modules/@testing-library/user-event/dist/cjs/keyboard/index.js:22:35)
      at Object.keyboard 
(node_modules/@testing-library/user-event/dist/cjs/keyboard/index.js:11:15)
      at Object.type 
(node_modules/@testing-library/user-event/dist/cjs/utility/type.js:17:5)
      at Object.<anonymous> (src/auth/auth.test.tsx:204:9)

    console.error
      Warning: An update to LoginForm inside a test was not wrapped in 
act(...).
      
      When testing, code that causes React state updates should be wrapped 
into act(...):
      
      act(() => {
        /* fire events that update state */
      });
      /* assert on the output */
      
      This ensures that you're testing the behavior the user would see in the 
browser. Learn more at https://reactjs.org/link/wrap-tests-with-act
          at LoginForm (C:\Users\samhe\OneDrive\Desktop\Cleaned\frontend\src\au
th\LoginForm\LoginForm.tsx:41:33)
          at div
          at div
          at LoginPage
          at routeContext (C:\Users\samhe\OneDrive\Desktop\Cleaned\frontend\nod
e_modules\react-router\lib\hooks.tsx:658:26)
          at children (C:\Users\samhe\OneDrive\Desktop\Cleaned\frontend\node_mo
dules\react-router\lib\components.tsx:512:3)
          at basenameProp (C:\Users\samhe\OneDrive\Desktop\Cleaned\frontend\nod
e_modules\react-router\lib\components.tsx:421:13)
          at basename (C:\Users\samhe\OneDrive\Desktop\Cleaned\frontend\node_mo
dules\react-router\lib\components.tsx:225:3)

      141 |                         placeholder="Enter your password"
      142 |                         value={password}
    > 143 |                         onChange={(e) => 
setPassword(e.target.value)}
          |                                          ^
      144 |                         className="w-full rounded-md border 
border-gray-300 px-3 py-2 pr-10 text-sm focus:outline-none focus:ring-2 
focus:ring-gray-900 disabled:opacity-50"
      145 |                     />
      146 |                     <button

      at printWarning 
(node_modules/react-dom/cjs/react-dom.development.js:86:30)
      at error (node_modules/react-dom/cjs/react-dom.development.js:60:7)
      at warnIfUpdatesNotWrappedWithActDEV 
(node_modules/react-dom/cjs/react-dom.development.js:27628:9)
      at scheduleUpdateOnFiber 
(node_modules/react-dom/cjs/react-dom.development.js:25547:5)
      at dispatchSetState 
(node_modules/react-dom/cjs/react-dom.development.js:16708:7)
      at onChange (src/auth/LoginForm/LoginForm.tsx:143:42)
      at HTMLUnknownElement.callCallback 
(node_modules/react-dom/cjs/react-dom.development.js:4164:14)
      at HTMLUnknownElement.callTheUserObjectsOperation 
(node_modules/jsdom/lib/jsdom/living/generated/EventListener.js:26:30)
      at innerInvokeEventListeners 
(node_modules/jsdom/lib/jsdom/living/events/EventTarget-impl.js:350:25)
      at invokeEventListeners 
(node_modules/jsdom/lib/jsdom/living/events/EventTarget-impl.js:286:3)
      at HTMLUnknownElementImpl._dispatch 
(node_modules/jsdom/lib/jsdom/living/events/EventTarget-impl.js:233:9)
      at HTMLUnknownElementImpl.dispatchEvent 
(node_modules/jsdom/lib/jsdom/living/events/EventTarget-impl.js:104:17)
      at HTMLUnknownElement.dispatchEvent 
(node_modules/jsdom/lib/jsdom/living/generated/EventTarget.js:241:34)
      at Object.invokeGuardedCallbackDev 
(node_modules/react-dom/cjs/react-dom.development.js:4213:16)
      at invokeGuardedCallback 
(node_modules/react-dom/cjs/react-dom.development.js:4277:31)
      at invokeGuardedCallbackAndCatchFirstError 
(node_modules/react-dom/cjs/react-dom.development.js:4291:25)
      at executeDispatch 
(node_modules/react-dom/cjs/react-dom.development.js:9041:3)
      at processDispatchQueueItemsInOrder 
(node_modules/react-dom/cjs/react-dom.development.js:9073:7)
      at processDispatchQueue 
(node_modules/react-dom/cjs/react-dom.development.js:9086:5)
      at dispatchEventsForPlugins 
(node_modules/react-dom/cjs/react-dom.development.js:9097:3)
      at node_modules/react-dom/cjs/react-dom.development.js:9288:12
      at batchedUpdates$1 
(node_modules/react-dom/cjs/react-dom.development.js:26179:12)
      at batchedUpdates 
(node_modules/react-dom/cjs/react-dom.development.js:3991:12)
      at dispatchEventForPluginEventSystem 
(node_modules/react-dom/cjs/react-dom.development.js:9287:3)
      at dispatchEventWithEnableCapturePhaseSelectiveHydrationWithoutDiscreteEv
entReplay (node_modules/react-dom/cjs/react-dom.development.js:6465:5)
      at dispatchEvent 
(node_modules/react-dom/cjs/react-dom.development.js:6457:5)
      at dispatchDiscreteEvent 
(node_modules/react-dom/cjs/react-dom.development.js:6430:5)
      at HTMLDivElement.callTheUserObjectsOperation 
(node_modules/jsdom/lib/jsdom/living/generated/EventListener.js:26:30)
      at innerInvokeEventListeners 
(node_modules/jsdom/lib/jsdom/living/events/EventTarget-impl.js:350:25)
      at invokeEventListeners 
(node_modules/jsdom/lib/jsdom/living/events/EventTarget-impl.js:286:3)
      at HTMLInputElementImpl._dispatch 
(node_modules/jsdom/lib/jsdom/living/events/EventTarget-impl.js:233:9)
      at HTMLInputElementImpl.dispatchEvent 
(node_modules/jsdom/lib/jsdom/living/events/EventTarget-impl.js:104:17)
      at HTMLInputElement.dispatchEvent 
(node_modules/jsdom/lib/jsdom/living/generated/EventTarget.js:241:34)
      at 
node_modules/@testing-library/user-event/dist/cjs/event/dispatchEvent.js:45:43
      at Object.eventWrapper 
(node_modules/@testing-library/dom/dist/config.js:25:23)
      at Object.wrapEvent 
(node_modules/@testing-library/user-event/dist/cjs/event/wrapEvent.js:6:28)
      at Object.dispatchEvent (node_modules/@testing-library/user-event/dist/cj
s/event/dispatchEvent.js:45:22)
      at Object.dispatchUIEvent (node_modules/@testing-library/user-event/dist/
cjs/event/dispatchEvent.js:22:26)
      at commitInput 
(node_modules/@testing-library/user-event/dist/cjs/event/input.js:145:14)
      at editInputElement 
(node_modules/@testing-library/user-event/dist/cjs/event/input.js:115:9)
      at Object.input 
(node_modules/@testing-library/user-event/dist/cjs/event/input.js:37:9)
      at node_modules/@testing-library/user-event/dist/cjs/event/behavior/keypr
ess.js:31:26
      at Object.dispatchEvent (node_modules/@testing-library/user-event/dist/cj
s/event/dispatchEvent.js:41:13)
      at Object.dispatchUIEvent (node_modules/@testing-library/user-event/dist/
cjs/event/dispatchEvent.js:22:26)
      at KeyboardHost.keydown 
(node_modules/@testing-library/user-event/dist/cjs/system/keyboard.js:76:22)
      at keyboardAction 
(node_modules/@testing-library/user-event/dist/cjs/keyboard/index.js:22:35)
      at Object.keyboard 
(node_modules/@testing-library/user-event/dist/cjs/keyboard/index.js:11:15)
      at Object.type 
(node_modules/@testing-library/user-event/dist/cjs/utility/type.js:17:5)
      at Object.<anonymous> (src/auth/auth.test.tsx:204:9)

    console.error
      Warning: An update to LoginForm inside a test was not wrapped in 
act(...).
      
      When testing, code that causes React state updates should be wrapped 
into act(...):
      
      act(() => {
        /* fire events that update state */
      });
      /* assert on the output */
      
      This ensures that you're testing the behavior the user would see in the 
browser. Learn more at https://reactjs.org/link/wrap-tests-with-act
          at LoginForm (C:\Users\samhe\OneDrive\Desktop\Cleaned\frontend\src\au
th\LoginForm\LoginForm.tsx:41:33)
          at div
          at div
          at LoginPage
          at routeContext (C:\Users\samhe\OneDrive\Desktop\Cleaned\frontend\nod
e_modules\react-router\lib\hooks.tsx:658:26)
          at children (C:\Users\samhe\OneDrive\Desktop\Cleaned\frontend\node_mo
dules\react-router\lib\components.tsx:512:3)
          at basenameProp (C:\Users\samhe\OneDrive\Desktop\Cleaned\frontend\nod
e_modules\react-router\lib\components.tsx:421:13)
          at basename (C:\Users\samhe\OneDrive\Desktop\Cleaned\frontend\node_mo
dules\react-router\lib\components.tsx:225:3)

      141 |                         placeholder="Enter your password"
      142 |                         value={password}
    > 143 |                         onChange={(e) => 
setPassword(e.target.value)}
          |                                          ^
      144 |                         className="w-full rounded-md border 
border-gray-300 px-3 py-2 pr-10 text-sm focus:outline-none focus:ring-2 
focus:ring-gray-900 disabled:opacity-50"
      145 |                     />
      146 |                     <button

      at printWarning 
(node_modules/react-dom/cjs/react-dom.development.js:86:30)
      at error (node_modules/react-dom/cjs/react-dom.development.js:60:7)
      at warnIfUpdatesNotWrappedWithActDEV 
(node_modules/react-dom/cjs/react-dom.development.js:27628:9)
      at scheduleUpdateOnFiber 
(node_modules/react-dom/cjs/react-dom.development.js:25547:5)
      at dispatchSetState 
(node_modules/react-dom/cjs/react-dom.development.js:16708:7)
      at onChange (src/auth/LoginForm/LoginForm.tsx:143:42)
      at HTMLUnknownElement.callCallback 
(node_modules/react-dom/cjs/react-dom.development.js:4164:14)
      at HTMLUnknownElement.callTheUserObjectsOperation 
(node_modules/jsdom/lib/jsdom/living/generated/EventListener.js:26:30)
      at innerInvokeEventListeners 
(node_modules/jsdom/lib/jsdom/living/events/EventTarget-impl.js:350:25)
      at invokeEventListeners 
(node_modules/jsdom/lib/jsdom/living/events/EventTarget-impl.js:286:3)
      at HTMLUnknownElementImpl._dispatch 
(node_modules/jsdom/lib/jsdom/living/events/EventTarget-impl.js:233:9)
      at HTMLUnknownElementImpl.dispatchEvent 
(node_modules/jsdom/lib/jsdom/living/events/EventTarget-impl.js:104:17)
      at HTMLUnknownElement.dispatchEvent 
(node_modules/jsdom/lib/jsdom/living/generated/EventTarget.js:241:34)
      at Object.invokeGuardedCallbackDev 
(node_modules/react-dom/cjs/react-dom.development.js:4213:16)
      at invokeGuardedCallback 
(node_modules/react-dom/cjs/react-dom.development.js:4277:31)
      at invokeGuardedCallbackAndCatchFirstError 
(node_modules/react-dom/cjs/react-dom.development.js:4291:25)
      at executeDispatch 
(node_modules/react-dom/cjs/react-dom.development.js:9041:3)
      at processDispatchQueueItemsInOrder 
(node_modules/react-dom/cjs/react-dom.development.js:9073:7)
      at processDispatchQueue 
(node_modules/react-dom/cjs/react-dom.development.js:9086:5)
      at dispatchEventsForPlugins 
(node_modules/react-dom/cjs/react-dom.development.js:9097:3)
      at node_modules/react-dom/cjs/react-dom.development.js:9288:12
      at batchedUpdates$1 
(node_modules/react-dom/cjs/react-dom.development.js:26179:12)
      at batchedUpdates 
(node_modules/react-dom/cjs/react-dom.development.js:3991:12)
      at dispatchEventForPluginEventSystem 
(node_modules/react-dom/cjs/react-dom.development.js:9287:3)
      at dispatchEventWithEnableCapturePhaseSelectiveHydrationWithoutDiscreteEv
entReplay (node_modules/react-dom/cjs/react-dom.development.js:6465:5)
      at dispatchEvent 
(node_modules/react-dom/cjs/react-dom.development.js:6457:5)
      at dispatchDiscreteEvent 
(node_modules/react-dom/cjs/react-dom.development.js:6430:5)
      at HTMLDivElement.callTheUserObjectsOperation 
(node_modules/jsdom/lib/jsdom/living/generated/EventListener.js:26:30)
      at innerInvokeEventListeners 
(node_modules/jsdom/lib/jsdom/living/events/EventTarget-impl.js:350:25)
      at invokeEventListeners 
(node_modules/jsdom/lib/jsdom/living/events/EventTarget-impl.js:286:3)
      at HTMLInputElementImpl._dispatch 
(node_modules/jsdom/lib/jsdom/living/events/EventTarget-impl.js:233:9)
      at HTMLInputElementImpl.dispatchEvent 
(node_modules/jsdom/lib/jsdom/living/events/EventTarget-impl.js:104:17)
      at HTMLInputElement.dispatchEvent 
(node_modules/jsdom/lib/jsdom/living/generated/EventTarget.js:241:34)
      at 
node_modules/@testing-library/user-event/dist/cjs/event/dispatchEvent.js:45:43
      at Object.eventWrapper 
(node_modules/@testing-library/dom/dist/config.js:25:23)
      at Object.wrapEvent 
(node_modules/@testing-library/user-event/dist/cjs/event/wrapEvent.js:6:28)
      at Object.dispatchEvent (node_modules/@testing-library/user-event/dist/cj
s/event/dispatchEvent.js:45:22)
      at Object.dispatchUIEvent (node_modules/@testing-library/user-event/dist/
cjs/event/dispatchEvent.js:22:26)
      at commitInput 
(node_modules/@testing-library/user-event/dist/cjs/event/input.js:145:14)
      at editInputElement 
(node_modules/@testing-library/user-event/dist/cjs/event/input.js:115:9)
      at Object.input 
(node_modules/@testing-library/user-event/dist/cjs/event/input.js:37:9)
      at node_modules/@testing-library/user-event/dist/cjs/event/behavior/keypr
ess.js:31:26
      at Object.dispatchEvent (node_modules/@testing-library/user-event/dist/cj
s/event/dispatchEvent.js:41:13)
      at Object.dispatchUIEvent (node_modules/@testing-library/user-event/dist/
cjs/event/dispatchEvent.js:22:26)
      at KeyboardHost.keydown 
(node_modules/@testing-library/user-event/dist/cjs/system/keyboard.js:76:22)
      at keyboardAction 
(node_modules/@testing-library/user-event/dist/cjs/keyboard/index.js:22:35)
      at Object.keyboard 
(node_modules/@testing-library/user-event/dist/cjs/keyboard/index.js:11:15)
      at Object.type 
(node_modules/@testing-library/user-event/dist/cjs/utility/type.js:17:5)
      at Object.<anonymous> (src/auth/auth.test.tsx:204:9)

    console.error
      Warning: An update to LoginForm inside a test was not wrapped in 
act(...).
      
      When testing, code that causes React state updates should be wrapped 
into act(...):
      
      act(() => {
        /* fire events that update state */
      });
      /* assert on the output */
      
      This ensures that you're testing the behavior the user would see in the 
browser. Learn more at https://reactjs.org/link/wrap-tests-with-act
          at LoginForm (C:\Users\samhe\OneDrive\Desktop\Cleaned\frontend\src\au
th\LoginForm\LoginForm.tsx:41:33)
          at div
          at div
          at LoginPage
          at routeContext (C:\Users\samhe\OneDrive\Desktop\Cleaned\frontend\nod
e_modules\react-router\lib\hooks.tsx:658:26)
          at children (C:\Users\samhe\OneDrive\Desktop\Cleaned\frontend\node_mo
dules\react-router\lib\components.tsx:512:3)
          at basenameProp (C:\Users\samhe\OneDrive\Desktop\Cleaned\frontend\nod
e_modules\react-router\lib\components.tsx:421:13)
          at basename (C:\Users\samhe\OneDrive\Desktop\Cleaned\frontend\node_mo
dules\react-router\lib\components.tsx:225:3)

      141 |                         placeholder="Enter your password"
      142 |                         value={password}
    > 143 |                         onChange={(e) => 
setPassword(e.target.value)}
          |                                          ^
      144 |                         className="w-full rounded-md border 
border-gray-300 px-3 py-2 pr-10 text-sm focus:outline-none focus:ring-2 
focus:ring-gray-900 disabled:opacity-50"
      145 |                     />
      146 |                     <button

      at printWarning 
(node_modules/react-dom/cjs/react-dom.development.js:86:30)
      at error (node_modules/react-dom/cjs/react-dom.development.js:60:7)
      at warnIfUpdatesNotWrappedWithActDEV 
(node_modules/react-dom/cjs/react-dom.development.js:27628:9)
      at scheduleUpdateOnFiber 
(node_modules/react-dom/cjs/react-dom.development.js:25547:5)
      at dispatchSetState 
(node_modules/react-dom/cjs/react-dom.development.js:16708:7)
      at onChange (src/auth/LoginForm/LoginForm.tsx:143:42)
      at HTMLUnknownElement.callCallback 
(node_modules/react-dom/cjs/react-dom.development.js:4164:14)
      at HTMLUnknownElement.callTheUserObjectsOperation 
(node_modules/jsdom/lib/jsdom/living/generated/EventListener.js:26:30)
      at innerInvokeEventListeners 
(node_modules/jsdom/lib/jsdom/living/events/EventTarget-impl.js:350:25)
      at invokeEventListeners 
(node_modules/jsdom/lib/jsdom/living/events/EventTarget-impl.js:286:3)
      at HTMLUnknownElementImpl._dispatch 
(node_modules/jsdom/lib/jsdom/living/events/EventTarget-impl.js:233:9)
      at HTMLUnknownElementImpl.dispatchEvent 
(node_modules/jsdom/lib/jsdom/living/events/EventTarget-impl.js:104:17)
      at HTMLUnknownElement.dispatchEvent 
(node_modules/jsdom/lib/jsdom/living/generated/EventTarget.js:241:34)
      at Object.invokeGuardedCallbackDev 
(node_modules/react-dom/cjs/react-dom.development.js:4213:16)
      at invokeGuardedCallback 
(node_modules/react-dom/cjs/react-dom.development.js:4277:31)
      at invokeGuardedCallbackAndCatchFirstError 
(node_modules/react-dom/cjs/react-dom.development.js:4291:25)
      at executeDispatch 
(node_modules/react-dom/cjs/react-dom.development.js:9041:3)
      at processDispatchQueueItemsInOrder 
(node_modules/react-dom/cjs/react-dom.development.js:9073:7)
      at processDispatchQueue 
(node_modules/react-dom/cjs/react-dom.development.js:9086:5)
      at dispatchEventsForPlugins 
(node_modules/react-dom/cjs/react-dom.development.js:9097:3)
      at node_modules/react-dom/cjs/react-dom.development.js:9288:12
      at batchedUpdates$1 
(node_modules/react-dom/cjs/react-dom.development.js:26179:12)
      at batchedUpdates 
(node_modules/react-dom/cjs/react-dom.development.js:3991:12)
      at dispatchEventForPluginEventSystem 
(node_modules/react-dom/cjs/react-dom.development.js:9287:3)
      at dispatchEventWithEnableCapturePhaseSelectiveHydrationWithoutDiscreteEv
entReplay (node_modules/react-dom/cjs/react-dom.development.js:6465:5)
      at dispatchEvent 
(node_modules/react-dom/cjs/react-dom.development.js:6457:5)
      at dispatchDiscreteEvent 
(node_modules/react-dom/cjs/react-dom.development.js:6430:5)
      at HTMLDivElement.callTheUserObjectsOperation 
(node_modules/jsdom/lib/jsdom/living/generated/EventListener.js:26:30)
      at innerInvokeEventListeners 
(node_modules/jsdom/lib/jsdom/living/events/EventTarget-impl.js:350:25)
      at invokeEventListeners 
(node_modules/jsdom/lib/jsdom/living/events/EventTarget-impl.js:286:3)
      at HTMLInputElementImpl._dispatch 
(node_modules/jsdom/lib/jsdom/living/events/EventTarget-impl.js:233:9)
      at HTMLInputElementImpl.dispatchEvent 
(node_modules/jsdom/lib/jsdom/living/events/EventTarget-impl.js:104:17)
      at HTMLInputElement.dispatchEvent 
(node_modules/jsdom/lib/jsdom/living/generated/EventTarget.js:241:34)
      at 
node_modules/@testing-library/user-event/dist/cjs/event/dispatchEvent.js:45:43
      at Object.eventWrapper 
(node_modules/@testing-library/dom/dist/config.js:25:23)
      at Object.wrapEvent 
(node_modules/@testing-library/user-event/dist/cjs/event/wrapEvent.js:6:28)
      at Object.dispatchEvent (node_modules/@testing-library/user-event/dist/cj
s/event/dispatchEvent.js:45:22)
      at Object.dispatchUIEvent (node_modules/@testing-library/user-event/dist/
cjs/event/dispatchEvent.js:22:26)
      at commitInput 
(node_modules/@testing-library/user-event/dist/cjs/event/input.js:145:14)
      at editInputElement 
(node_modules/@testing-library/user-event/dist/cjs/event/input.js:115:9)
      at Object.input 
(node_modules/@testing-library/user-event/dist/cjs/event/input.js:37:9)
      at node_modules/@testing-library/user-event/dist/cjs/event/behavior/keypr
ess.js:31:26
      at Object.dispatchEvent (node_modules/@testing-library/user-event/dist/cj
s/event/dispatchEvent.js:41:13)
      at Object.dispatchUIEvent (node_modules/@testing-library/user-event/dist/
cjs/event/dispatchEvent.js:22:26)
      at KeyboardHost.keydown 
(node_modules/@testing-library/user-event/dist/cjs/system/keyboard.js:76:22)
      at keyboardAction 
(node_modules/@testing-library/user-event/dist/cjs/keyboard/index.js:22:35)
      at Object.keyboard 
(node_modules/@testing-library/user-event/dist/cjs/keyboard/index.js:11:15)
      at Object.type 
(node_modules/@testing-library/user-event/dist/cjs/utility/type.js:17:5)
      at Object.<anonymous> (src/auth/auth.test.tsx:204:9)

    console.error
      Warning: An update to LoginForm inside a test was not wrapped in 
act(...).
      
      When testing, code that causes React state updates should be wrapped 
into act(...):
      
      act(() => {
        /* fire events that update state */
      });
      /* assert on the output */
      
      This ensures that you're testing the behavior the user would see in the 
browser. Learn more at https://reactjs.org/link/wrap-tests-with-act
          at LoginForm (C:\Users\samhe\OneDrive\Desktop\Cleaned\frontend\src\au
th\LoginForm\LoginForm.tsx:41:33)
          at div
          at div
          at LoginPage
          at routeContext (C:\Users\samhe\OneDrive\Desktop\Cleaned\frontend\nod
e_modules\react-router\lib\hooks.tsx:658:26)
          at children (C:\Users\samhe\OneDrive\Desktop\Cleaned\frontend\node_mo
dules\react-router\lib\components.tsx:512:3)
          at basenameProp (C:\Users\samhe\OneDrive\Desktop\Cleaned\frontend\nod
e_modules\react-router\lib\components.tsx:421:13)
          at basename (C:\Users\samhe\OneDrive\Desktop\Cleaned\frontend\node_mo
dules\react-router\lib\components.tsx:225:3)

      141 |                         placeholder="Enter your password"
      142 |                         value={password}
    > 143 |                         onChange={(e) => 
setPassword(e.target.value)}
          |                                          ^
      144 |                         className="w-full rounded-md border 
border-gray-300 px-3 py-2 pr-10 text-sm focus:outline-none focus:ring-2 
focus:ring-gray-900 disabled:opacity-50"
      145 |                     />
      146 |                     <button

      at printWarning 
(node_modules/react-dom/cjs/react-dom.development.js:86:30)
      at error (node_modules/react-dom/cjs/react-dom.development.js:60:7)
      at warnIfUpdatesNotWrappedWithActDEV 
(node_modules/react-dom/cjs/react-dom.development.js:27628:9)
      at scheduleUpdateOnFiber 
(node_modules/react-dom/cjs/react-dom.development.js:25547:5)
      at dispatchSetState 
(node_modules/react-dom/cjs/react-dom.development.js:16708:7)
      at onChange (src/auth/LoginForm/LoginForm.tsx:143:42)
      at HTMLUnknownElement.callCallback 
(node_modules/react-dom/cjs/react-dom.development.js:4164:14)
      at HTMLUnknownElement.callTheUserObjectsOperation 
(node_modules/jsdom/lib/jsdom/living/generated/EventListener.js:26:30)
      at innerInvokeEventListeners 
(node_modules/jsdom/lib/jsdom/living/events/EventTarget-impl.js:350:25)
      at invokeEventListeners 
(node_modules/jsdom/lib/jsdom/living/events/EventTarget-impl.js:286:3)
      at HTMLUnknownElementImpl._dispatch 
(node_modules/jsdom/lib/jsdom/living/events/EventTarget-impl.js:233:9)
      at HTMLUnknownElementImpl.dispatchEvent 
(node_modules/jsdom/lib/jsdom/living/events/EventTarget-impl.js:104:17)
      at HTMLUnknownElement.dispatchEvent 
(node_modules/jsdom/lib/jsdom/living/generated/EventTarget.js:241:34)
      at Object.invokeGuardedCallbackDev 
(node_modules/react-dom/cjs/react-dom.development.js:4213:16)
      at invokeGuardedCallback 
(node_modules/react-dom/cjs/react-dom.development.js:4277:31)
      at invokeGuardedCallbackAndCatchFirstError 
(node_modules/react-dom/cjs/react-dom.development.js:4291:25)
      at executeDispatch 
(node_modules/react-dom/cjs/react-dom.development.js:9041:3)
      at processDispatchQueueItemsInOrder 
(node_modules/react-dom/cjs/react-dom.development.js:9073:7)
      at processDispatchQueue 
(node_modules/react-dom/cjs/react-dom.development.js:9086:5)
      at dispatchEventsForPlugins 
(node_modules/react-dom/cjs/react-dom.development.js:9097:3)
      at node_modules/react-dom/cjs/react-dom.development.js:9288:12
      at batchedUpdates$1 
(node_modules/react-dom/cjs/react-dom.development.js:26179:12)
      at batchedUpdates 
(node_modules/react-dom/cjs/react-dom.development.js:3991:12)
      at dispatchEventForPluginEventSystem 
(node_modules/react-dom/cjs/react-dom.development.js:9287:3)
      at dispatchEventWithEnableCapturePhaseSelectiveHydrationWithoutDiscreteEv
entReplay (node_modules/react-dom/cjs/react-dom.development.js:6465:5)
      at dispatchEvent 
(node_modules/react-dom/cjs/react-dom.development.js:6457:5)
      at dispatchDiscreteEvent 
(node_modules/react-dom/cjs/react-dom.development.js:6430:5)
      at HTMLDivElement.callTheUserObjectsOperation 
(node_modules/jsdom/lib/jsdom/living/generated/EventListener.js:26:30)
      at innerInvokeEventListeners 
(node_modules/jsdom/lib/jsdom/living/events/EventTarget-impl.js:350:25)
      at invokeEventListeners 
(node_modules/jsdom/lib/jsdom/living/events/EventTarget-impl.js:286:3)
      at HTMLInputElementImpl._dispatch 
(node_modules/jsdom/lib/jsdom/living/events/EventTarget-impl.js:233:9)
      at HTMLInputElementImpl.dispatchEvent 
(node_modules/jsdom/lib/jsdom/living/events/EventTarget-impl.js:104:17)
      at HTMLInputElement.dispatchEvent 
(node_modules/jsdom/lib/jsdom/living/generated/EventTarget.js:241:34)
      at 
node_modules/@testing-library/user-event/dist/cjs/event/dispatchEvent.js:45:43
      at Object.eventWrapper 
(node_modules/@testing-library/dom/dist/config.js:25:23)
      at Object.wrapEvent 
(node_modules/@testing-library/user-event/dist/cjs/event/wrapEvent.js:6:28)
      at Object.dispatchEvent (node_modules/@testing-library/user-event/dist/cj
s/event/dispatchEvent.js:45:22)
      at Object.dispatchUIEvent (node_modules/@testing-library/user-event/dist/
cjs/event/dispatchEvent.js:22:26)
      at commitInput 
(node_modules/@testing-library/user-event/dist/cjs/event/input.js:145:14)
      at editInputElement 
(node_modules/@testing-library/user-event/dist/cjs/event/input.js:115:9)
      at Object.input 
(node_modules/@testing-library/user-event/dist/cjs/event/input.js:37:9)
      at node_modules/@testing-library/user-event/dist/cjs/event/behavior/keypr
ess.js:31:26
      at Object.dispatchEvent (node_modules/@testing-library/user-event/dist/cj
s/event/dispatchEvent.js:41:13)
      at Object.dispatchUIEvent (node_modules/@testing-library/user-event/dist/
cjs/event/dispatchEvent.js:22:26)
      at KeyboardHost.keydown 
(node_modules/@testing-library/user-event/dist/cjs/system/keyboard.js:76:22)
      at keyboardAction 
(node_modules/@testing-library/user-event/dist/cjs/keyboard/index.js:22:35)
      at Object.keyboard 
(node_modules/@testing-library/user-event/dist/cjs/keyboard/index.js:11:15)
      at Object.type 
(node_modules/@testing-library/user-event/dist/cjs/utility/type.js:17:5)
      at Object.<anonymous> (src/auth/auth.test.tsx:204:9)

    console.error
      Warning: An update to LoginForm inside a test was not wrapped in 
act(...).
      
      When testing, code that causes React state updates should be wrapped 
into act(...):
      
      act(() => {
        /* fire events that update state */
      });
      /* assert on the output */
      
      This ensures that you're testing the behavior the user would see in the 
browser. Learn more at https://reactjs.org/link/wrap-tests-with-act
          at LoginForm (C:\Users\samhe\OneDrive\Desktop\Cleaned\frontend\src\au
th\LoginForm\LoginForm.tsx:41:33)
          at div
          at div
          at LoginPage
          at routeContext (C:\Users\samhe\OneDrive\Desktop\Cleaned\frontend\nod
e_modules\react-router\lib\hooks.tsx:658:26)
          at children (C:\Users\samhe\OneDrive\Desktop\Cleaned\frontend\node_mo
dules\react-router\lib\components.tsx:512:3)
          at basenameProp (C:\Users\samhe\OneDrive\Desktop\Cleaned\frontend\nod
e_modules\react-router\lib\components.tsx:421:13)
          at basename (C:\Users\samhe\OneDrive\Desktop\Cleaned\frontend\node_mo
dules\react-router\lib\components.tsx:225:3)

      141 |                         placeholder="Enter your password"
      142 |                         value={password}
    > 143 |                         onChange={(e) => 
setPassword(e.target.value)}
          |                                          ^
      144 |                         className="w-full rounded-md border 
border-gray-300 px-3 py-2 pr-10 text-sm focus:outline-none focus:ring-2 
focus:ring-gray-900 disabled:opacity-50"
      145 |                     />
      146 |                     <button

      at printWarning 
(node_modules/react-dom/cjs/react-dom.development.js:86:30)
      at error (node_modules/react-dom/cjs/react-dom.development.js:60:7)
      at warnIfUpdatesNotWrappedWithActDEV 
(node_modules/react-dom/cjs/react-dom.development.js:27628:9)
      at scheduleUpdateOnFiber 
(node_modules/react-dom/cjs/react-dom.development.js:25547:5)
      at dispatchSetState 
(node_modules/react-dom/cjs/react-dom.development.js:16708:7)
      at onChange (src/auth/LoginForm/LoginForm.tsx:143:42)
      at HTMLUnknownElement.callCallback 
(node_modules/react-dom/cjs/react-dom.development.js:4164:14)
      at HTMLUnknownElement.callTheUserObjectsOperation 
(node_modules/jsdom/lib/jsdom/living/generated/EventListener.js:26:30)
      at innerInvokeEventListeners 
(node_modules/jsdom/lib/jsdom/living/events/EventTarget-impl.js:350:25)
      at invokeEventListeners 
(node_modules/jsdom/lib/jsdom/living/events/EventTarget-impl.js:286:3)
      at HTMLUnknownElementImpl._dispatch 
(node_modules/jsdom/lib/jsdom/living/events/EventTarget-impl.js:233:9)
      at HTMLUnknownElementImpl.dispatchEvent 
(node_modules/jsdom/lib/jsdom/living/events/EventTarget-impl.js:104:17)
      at HTMLUnknownElement.dispatchEvent 
(node_modules/jsdom/lib/jsdom/living/generated/EventTarget.js:241:34)
      at Object.invokeGuardedCallbackDev 
(node_modules/react-dom/cjs/react-dom.development.js:4213:16)
      at invokeGuardedCallback 
(node_modules/react-dom/cjs/react-dom.development.js:4277:31)
      at invokeGuardedCallbackAndCatchFirstError 
(node_modules/react-dom/cjs/react-dom.development.js:4291:25)
      at executeDispatch 
(node_modules/react-dom/cjs/react-dom.development.js:9041:3)
      at processDispatchQueueItemsInOrder 
(node_modules/react-dom/cjs/react-dom.development.js:9073:7)
      at processDispatchQueue 
(node_modules/react-dom/cjs/react-dom.development.js:9086:5)
      at dispatchEventsForPlugins 
(node_modules/react-dom/cjs/react-dom.development.js:9097:3)
      at node_modules/react-dom/cjs/react-dom.development.js:9288:12
      at batchedUpdates$1 
(node_modules/react-dom/cjs/react-dom.development.js:26179:12)
      at batchedUpdates 
(node_modules/react-dom/cjs/react-dom.development.js:3991:12)
      at dispatchEventForPluginEventSystem 
(node_modules/react-dom/cjs/react-dom.development.js:9287:3)
      at dispatchEventWithEnableCapturePhaseSelectiveHydrationWithoutDiscreteEv
entReplay (node_modules/react-dom/cjs/react-dom.development.js:6465:5)
      at dispatchEvent 
(node_modules/react-dom/cjs/react-dom.development.js:6457:5)
      at dispatchDiscreteEvent 
(node_modules/react-dom/cjs/react-dom.development.js:6430:5)
      at HTMLDivElement.callTheUserObjectsOperation 
(node_modules/jsdom/lib/jsdom/living/generated/EventListener.js:26:30)
      at innerInvokeEventListeners 
(node_modules/jsdom/lib/jsdom/living/events/EventTarget-impl.js:350:25)
      at invokeEventListeners 
(node_modules/jsdom/lib/jsdom/living/events/EventTarget-impl.js:286:3)
      at HTMLInputElementImpl._dispatch 
(node_modules/jsdom/lib/jsdom/living/events/EventTarget-impl.js:233:9)
      at HTMLInputElementImpl.dispatchEvent 
(node_modules/jsdom/lib/jsdom/living/events/EventTarget-impl.js:104:17)
      at HTMLInputElement.dispatchEvent 
(node_modules/jsdom/lib/jsdom/living/generated/EventTarget.js:241:34)
      at 
node_modules/@testing-library/user-event/dist/cjs/event/dispatchEvent.js:45:43
      at Object.eventWrapper 
(node_modules/@testing-library/dom/dist/config.js:25:23)
      at Object.wrapEvent 
(node_modules/@testing-library/user-event/dist/cjs/event/wrapEvent.js:6:28)
      at Object.dispatchEvent (node_modules/@testing-library/user-event/dist/cj
s/event/dispatchEvent.js:45:22)
      at Object.dispatchUIEvent (node_modules/@testing-library/user-event/dist/
cjs/event/dispatchEvent.js:22:26)
      at commitInput 
(node_modules/@testing-library/user-event/dist/cjs/event/input.js:145:14)
      at editInputElement 
(node_modules/@testing-library/user-event/dist/cjs/event/input.js:115:9)
      at Object.input 
(node_modules/@testing-library/user-event/dist/cjs/event/input.js:37:9)
      at node_modules/@testing-library/user-event/dist/cjs/event/behavior/keypr
ess.js:31:26
      at Object.dispatchEvent (node_modules/@testing-library/user-event/dist/cj
s/event/dispatchEvent.js:41:13)
      at Object.dispatchUIEvent (node_modules/@testing-library/user-event/dist/
cjs/event/dispatchEvent.js:22:26)
      at KeyboardHost.keydown 
(node_modules/@testing-library/user-event/dist/cjs/system/keyboard.js:76:22)
      at keyboardAction 
(node_modules/@testing-library/user-event/dist/cjs/keyboard/index.js:22:35)
      at Object.keyboard 
(node_modules/@testing-library/user-event/dist/cjs/keyboard/index.js:11:15)
      at Object.type 
(node_modules/@testing-library/user-event/dist/cjs/utility/type.js:17:5)
      at Object.<anonymous> (src/auth/auth.test.tsx:204:9)

    console.error
      Warning: An update to LoginForm inside a test was not wrapped in 
act(...).
      
      When testing, code that causes React state updates should be wrapped 
into act(...):
      
      act(() => {
        /* fire events that update state */
      });
      /* assert on the output */
      
      This ensures that you're testing the behavior the user would see in the 
browser. Learn more at https://reactjs.org/link/wrap-tests-with-act
          at LoginForm (C:\Users\samhe\OneDrive\Desktop\Cleaned\frontend\src\au
th\LoginForm\LoginForm.tsx:41:33)
          at div
          at div
          at LoginPage
          at routeContext (C:\Users\samhe\OneDrive\Desktop\Cleaned\frontend\nod
e_modules\react-router\lib\hooks.tsx:658:26)
          at children (C:\Users\samhe\OneDrive\Desktop\Cleaned\frontend\node_mo
dules\react-router\lib\components.tsx:512:3)
          at basenameProp (C:\Users\samhe\OneDrive\Desktop\Cleaned\frontend\nod
e_modules\react-router\lib\components.tsx:421:13)
          at basename (C:\Users\samhe\OneDrive\Desktop\Cleaned\frontend\node_mo
dules\react-router\lib\components.tsx:225:3)

      52 |     async function handleSubmit(e: React.FormEvent) {
      53 |         e.preventDefault()
    > 54 |         setError('')
         |         ^
      55 |
      56 |         // Client-side empty field validation (R-AUTH-EMPTY)
      57 |         if (!email.trim() || !password) {

      at printWarning 
(node_modules/react-dom/cjs/react-dom.development.js:86:30)
      at error (node_modules/react-dom/cjs/react-dom.development.js:60:7)
      at warnIfUpdatesNotWrappedWithActDEV 
(node_modules/react-dom/cjs/react-dom.development.js:27628:9)
      at scheduleUpdateOnFiber 
(node_modules/react-dom/cjs/react-dom.development.js:25547:5)
      at dispatchSetState 
(node_modules/react-dom/cjs/react-dom.development.js:16708:7)
      at handleSubmit (src/auth/LoginForm/LoginForm.tsx:54:9)
      at HTMLUnknownElement.callCallback 
(node_modules/react-dom/cjs/react-dom.development.js:4164:14)
      at HTMLUnknownElement.callTheUserObjectsOperation 
(node_modules/jsdom/lib/jsdom/living/generated/EventListener.js:26:30)
      at innerInvokeEventListeners 
(node_modules/jsdom/lib/jsdom/living/events/EventTarget-impl.js:350:25)
      at invokeEventListeners 
(node_modules/jsdom/lib/jsdom/living/events/EventTarget-impl.js:286:3)
      at HTMLUnknownElementImpl._dispatch 
(node_modules/jsdom/lib/jsdom/living/events/EventTarget-impl.js:233:9)
      at HTMLUnknownElementImpl.dispatchEvent 
(node_modules/jsdom/lib/jsdom/living/events/EventTarget-impl.js:104:17)
      at HTMLUnknownElement.dispatchEvent 
(node_modules/jsdom/lib/jsdom/living/generated/EventTarget.js:241:34)
      at Object.invokeGuardedCallbackDev 
(node_modules/react-dom/cjs/react-dom.development.js:4213:16)
      at invokeGuardedCallback 
(node_modules/react-dom/cjs/react-dom.development.js:4277:31)
      at invokeGuardedCallbackAndCatchFirstError 
(node_modules/react-dom/cjs/react-dom.development.js:4291:25)
      at executeDispatch 
(node_modules/react-dom/cjs/react-dom.development.js:9041:3)
      at processDispatchQueueItemsInOrder 
(node_modules/react-dom/cjs/react-dom.development.js:9073:7)
      at processDispatchQueue 
(node_modules/react-dom/cjs/react-dom.development.js:9086:5)
      at dispatchEventsForPlugins 
(node_modules/react-dom/cjs/react-dom.development.js:9097:3)
      at node_modules/react-dom/cjs/react-dom.development.js:9288:12
      at batchedUpdates$1 
(node_modules/react-dom/cjs/react-dom.development.js:26179:12)
      at batchedUpdates 
(node_modules/react-dom/cjs/react-dom.development.js:3991:12)
      at dispatchEventForPluginEventSystem 
(node_modules/react-dom/cjs/react-dom.development.js:9287:3)
      at dispatchEventWithEnableCapturePhaseSelectiveHydrationWithoutDiscreteEv
entReplay (node_modules/react-dom/cjs/react-dom.development.js:6465:5)
      at dispatchEvent 
(node_modules/react-dom/cjs/react-dom.development.js:6457:5)
      at dispatchDiscreteEvent 
(node_modules/react-dom/cjs/react-dom.development.js:6430:5)
      at HTMLDivElement.callTheUserObjectsOperation 
(node_modules/jsdom/lib/jsdom/living/generated/EventListener.js:26:30)
      at innerInvokeEventListeners 
(node_modules/jsdom/lib/jsdom/living/events/EventTarget-impl.js:350:25)
      at invokeEventListeners 
(node_modules/jsdom/lib/jsdom/living/events/EventTarget-impl.js:286:3)
      at HTMLFormElementImpl._dispatch 
(node_modules/jsdom/lib/jsdom/living/events/EventTarget-impl.js:233:9)
      at fireAnEvent 
(node_modules/jsdom/lib/jsdom/living/helpers/events.js:18:36)
      at HTMLFormElementImpl.requestSubmit 
(node_modules/jsdom/lib/jsdom/living/nodes/HTMLFormElement-impl.js:109:10)
      at HTMLFormElementImpl._doRequestSubmit 
(node_modules/jsdom/lib/jsdom/living/nodes/HTMLFormElement-impl.js:79:10)
      at HTMLButtonElementImpl._activationBehavior 
(node_modules/jsdom/lib/jsdom/living/nodes/HTMLButtonElement-impl.js:23:14)
      at HTMLButtonElementImpl._dispatch 
(node_modules/jsdom/lib/jsdom/living/events/EventTarget-impl.js:252:26)
      at HTMLButtonElementImpl.dispatchEvent 
(node_modules/jsdom/lib/jsdom/living/events/EventTarget-impl.js:104:17)
      at HTMLButtonElement.dispatchEvent 
(node_modules/jsdom/lib/jsdom/living/generated/EventTarget.js:241:34)
      at 
node_modules/@testing-library/user-event/dist/cjs/event/dispatchEvent.js:45:43
      at Object.eventWrapper 
(node_modules/@testing-library/dom/dist/config.js:25:23)
      at Object.wrapEvent 
(node_modules/@testing-library/user-event/dist/cjs/event/wrapEvent.js:6:28)
      at Object.dispatchEvent (node_modules/@testing-library/user-event/dist/cj
s/event/dispatchEvent.js:45:22)
      at Object.dispatchUIEvent (node_modules/@testing-library/user-event/dist/
cjs/event/dispatchEvent.js:22:26)
      at Mouse.up (node_modules/@testing-library/user-event/dist/cjs/system/poi
nter/mouse.js:100:30)
      at PointerHost.release (node_modules/@testing-library/user-event/dist/cjs
/system/pointer/index.js:87:24)
      at pointerAction 
(node_modules/@testing-library/user-event/dist/cjs/pointer/index.js:54:47)
      at Object.pointer 
(node_modules/@testing-library/user-event/dist/cjs/pointer/index.js:27:9)
      at Object.<anonymous> (src/auth/auth.test.tsx:205:9)

    console.error
      Warning: An update to LoginForm inside a test was not wrapped in 
act(...).
      
      When testing, code that causes React state updates should be wrapped 
into act(...):
      
      act(() => {
        /* fire events that update state */
      });
      /* assert on the output */
      
      This ensures that you're testing the behavior the user would see in the 
browser. Learn more at https://reactjs.org/link/wrap-tests-with-act
          at LoginForm (C:\Users\samhe\OneDrive\Desktop\Cleaned\frontend\src\au
th\LoginForm\LoginForm.tsx:41:33)
          at div
          at div
          at LoginPage
          at routeContext (C:\Users\samhe\OneDrive\Desktop\Cleaned\frontend\nod
e_modules\react-router\lib\hooks.tsx:658:26)
          at children (C:\Users\samhe\OneDrive\Desktop\Cleaned\frontend\node_mo
dules\react-router\lib\components.tsx:512:3)
          at basenameProp (C:\Users\samhe\OneDrive\Desktop\Cleaned\frontend\nod
e_modules\react-router\lib\components.tsx:421:13)
          at basename (C:\Users\samhe\OneDrive\Desktop\Cleaned\frontend\node_mo
dules\react-router\lib\components.tsx:225:3)

      60 |         }
      61 |
    > 62 |         setLoading(true)
         |         ^
      63 |
      64 |         try {
      65 |             const response = await apiPost<{ token: string; user: 
Record<string, unknown> }>(

      at printWarning 
(node_modules/react-dom/cjs/react-dom.development.js:86:30)
      at error (node_modules/react-dom/cjs/react-dom.development.js:60:7)
      at warnIfUpdatesNotWrappedWithActDEV 
(node_modules/react-dom/cjs/react-dom.development.js:27628:9)
      at scheduleUpdateOnFiber 
(node_modules/react-dom/cjs/react-dom.development.js:25547:5)
      at dispatchSetState 
(node_modules/react-dom/cjs/react-dom.development.js:16708:7)
      at handleSubmit (src/auth/LoginForm/LoginForm.tsx:62:9)
      at HTMLUnknownElement.callCallback 
(node_modules/react-dom/cjs/react-dom.development.js:4164:14)
      at HTMLUnknownElement.callTheUserObjectsOperation 
(node_modules/jsdom/lib/jsdom/living/generated/EventListener.js:26:30)
      at innerInvokeEventListeners 
(node_modules/jsdom/lib/jsdom/living/events/EventTarget-impl.js:350:25)
      at invokeEventListeners 
(node_modules/jsdom/lib/jsdom/living/events/EventTarget-impl.js:286:3)
      at HTMLUnknownElementImpl._dispatch 
(node_modules/jsdom/lib/jsdom/living/events/EventTarget-impl.js:233:9)
      at HTMLUnknownElementImpl.dispatchEvent 
(node_modules/jsdom/lib/jsdom/living/events/EventTarget-impl.js:104:17)
      at HTMLUnknownElement.dispatchEvent 
(node_modules/jsdom/lib/jsdom/living/generated/EventTarget.js:241:34)
      at Object.invokeGuardedCallbackDev 
(node_modules/react-dom/cjs/react-dom.development.js:4213:16)
      at invokeGuardedCallback 
(node_modules/react-dom/cjs/react-dom.development.js:4277:31)
      at invokeGuardedCallbackAndCatchFirstError 
(node_modules/react-dom/cjs/react-dom.development.js:4291:25)
      at executeDispatch 
(node_modules/react-dom/cjs/react-dom.development.js:9041:3)
      at processDispatchQueueItemsInOrder 
(node_modules/react-dom/cjs/react-dom.development.js:9073:7)
      at processDispatchQueue 
(node_modules/react-dom/cjs/react-dom.development.js:9086:5)
      at dispatchEventsForPlugins 
(node_modules/react-dom/cjs/react-dom.development.js:9097:3)
      at node_modules/react-dom/cjs/react-dom.development.js:9288:12
      at batchedUpdates$1 
(node_modules/react-dom/cjs/react-dom.development.js:26179:12)
      at batchedUpdates 
(node_modules/react-dom/cjs/react-dom.development.js:3991:12)
      at dispatchEventForPluginEventSystem 
(node_modules/react-dom/cjs/react-dom.development.js:9287:3)
      at dispatchEventWithEnableCapturePhaseSelectiveHydrationWithoutDiscreteEv
entReplay (node_modules/react-dom/cjs/react-dom.development.js:6465:5)
      at dispatchEvent 
(node_modules/react-dom/cjs/react-dom.development.js:6457:5)
      at dispatchDiscreteEvent 
(node_modules/react-dom/cjs/react-dom.development.js:6430:5)
      at HTMLDivElement.callTheUserObjectsOperation 
(node_modules/jsdom/lib/jsdom/living/generated/EventListener.js:26:30)
      at innerInvokeEventListeners 
(node_modules/jsdom/lib/jsdom/living/events/EventTarget-impl.js:350:25)
      at invokeEventListeners 
(node_modules/jsdom/lib/jsdom/living/events/EventTarget-impl.js:286:3)
      at HTMLFormElementImpl._dispatch 
(node_modules/jsdom/lib/jsdom/living/events/EventTarget-impl.js:233:9)
      at fireAnEvent 
(node_modules/jsdom/lib/jsdom/living/helpers/events.js:18:36)
      at HTMLFormElementImpl.requestSubmit 
(node_modules/jsdom/lib/jsdom/living/nodes/HTMLFormElement-impl.js:109:10)
      at HTMLFormElementImpl._doRequestSubmit 
(node_modules/jsdom/lib/jsdom/living/nodes/HTMLFormElement-impl.js:79:10)
      at HTMLButtonElementImpl._activationBehavior 
(node_modules/jsdom/lib/jsdom/living/nodes/HTMLButtonElement-impl.js:23:14)
      at HTMLButtonElementImpl._dispatch 
(node_modules/jsdom/lib/jsdom/living/events/EventTarget-impl.js:252:26)
      at HTMLButtonElementImpl.dispatchEvent 
(node_modules/jsdom/lib/jsdom/living/events/EventTarget-impl.js:104:17)
      at HTMLButtonElement.dispatchEvent 
(node_modules/jsdom/lib/jsdom/living/generated/EventTarget.js:241:34)
      at 
node_modules/@testing-library/user-event/dist/cjs/event/dispatchEvent.js:45:43
      at Object.eventWrapper 
(node_modules/@testing-library/dom/dist/config.js:25:23)
      at Object.wrapEvent 
(node_modules/@testing-library/user-event/dist/cjs/event/wrapEvent.js:6:28)
      at Object.dispatchEvent (node_modules/@testing-library/user-event/dist/cj
s/event/dispatchEvent.js:45:22)
      at Object.dispatchUIEvent (node_modules/@testing-library/user-event/dist/
cjs/event/dispatchEvent.js:22:26)
      at Mouse.up (node_modules/@testing-library/user-event/dist/cjs/system/poi
nter/mouse.js:100:30)
      at PointerHost.release (node_modules/@testing-library/user-event/dist/cjs
/system/pointer/index.js:87:24)
      at pointerAction 
(node_modules/@testing-library/user-event/dist/cjs/pointer/index.js:54:47)
      at Object.pointer 
(node_modules/@testing-library/user-event/dist/cjs/pointer/index.js:27:9)
      at Object.<anonymous> (src/auth/auth.test.tsx:205:9)

    console.error
      Warning: An update to LoginForm inside a test was not wrapped in 
act(...).
      
      When testing, code that causes React state updates should be wrapped 
into act(...):
      
      act(() => {
        /* fire events that update state */
      });
      /* assert on the output */
      
      This ensures that you're testing the behavior the user would see in the 
browser. Learn more at https://reactjs.org/link/wrap-tests-with-act
          at LoginForm (C:\Users\samhe\OneDrive\Desktop\Cleaned\frontend\src\au
th\LoginForm\LoginForm.tsx:41:33)
          at div
          at div
          at LoginPage
          at routeContext (C:\Users\samhe\OneDrive\Desktop\Cleaned\frontend\nod
e_modules\react-router\lib\hooks.tsx:658:26)
          at children (C:\Users\samhe\OneDrive\Desktop\Cleaned\frontend\node_mo
dules\react-router\lib\components.tsx:512:3)
          at basenameProp (C:\Users\samhe\OneDrive\Desktop\Cleaned\frontend\nod
e_modules\react-router\lib\components.tsx:421:13)
          at basename (C:\Users\samhe\OneDrive\Desktop\Cleaned\frontend\node_mo
dules\react-router\lib\components.tsx:225:3)

      89 |                     setError(`Incorrect email or password. 
${attemptsRemaining} attempts remaining.`)
      90 |                 } else {
    > 91 |                     setError('Incorrect email or password.')
         |                     ^
      92 |                 }
      93 |             } else {
      94 |                 setError('Something went wrong. Please try again 
later.')

      at printWarning 
(node_modules/react-dom/cjs/react-dom.development.js:86:30)
      at error (node_modules/react-dom/cjs/react-dom.development.js:60:7)
      at warnIfUpdatesNotWrappedWithActDEV 
(node_modules/react-dom/cjs/react-dom.development.js:27628:9)
      at scheduleUpdateOnFiber 
(node_modules/react-dom/cjs/react-dom.development.js:25547:5)
      at dispatchSetState 
(node_modules/react-dom/cjs/react-dom.development.js:16708:7)
      at handleSubmit (src/auth/LoginForm/LoginForm.tsx:91:21)

    console.error
      Warning: An update to LoginForm inside a test was not wrapped in 
act(...).
      
      When testing, code that causes React state updates should be wrapped 
into act(...):
      
      act(() => {
        /* fire events that update state */
      });
      /* assert on the output */
      
      This ensures that you're testing the behavior the user would see in the 
browser. Learn more at https://reactjs.org/link/wrap-tests-with-act
          at LoginForm (C:\Users\samhe\OneDrive\Desktop\Cleaned\frontend\src\au
th\LoginForm\LoginForm.tsx:41:33)
          at div
          at div
          at LoginPage
          at routeContext (C:\Users\samhe\OneDrive\Desktop\Cleaned\frontend\nod
e_modules\react-router\lib\hooks.tsx:658:26)
          at children (C:\Users\samhe\OneDrive\Desktop\Cleaned\frontend\node_mo
dules\react-router\lib\components.tsx:512:3)
          at basenameProp (C:\Users\samhe\OneDrive\Desktop\Cleaned\frontend\nod
e_modules\react-router\lib\components.tsx:421:13)
          at basename (C:\Users\samhe\OneDrive\Desktop\Cleaned\frontend\node_mo
dules\react-router\lib\components.tsx:225:3)

       95 |             }
       96 |         } finally {
    >  97 |             setLoading(false)
          |             ^
       98 |         }
       99 |     }
      100 |

      at printWarning 
(node_modules/react-dom/cjs/react-dom.development.js:86:30)
      at error (node_modules/react-dom/cjs/react-dom.development.js:60:7)
      at warnIfUpdatesNotWrappedWithActDEV 
(node_modules/react-dom/cjs/react-dom.development.js:27628:9)
      at scheduleUpdateOnFiber 
(node_modules/react-dom/cjs/react-dom.development.js:25547:5)
      at dispatchSetState 
(node_modules/react-dom/cjs/react-dom.development.js:16708:7)
      at handleSubmit (src/auth/LoginForm/LoginForm.tsx:97:13)

    console.error
      Warning: An update to LoginForm inside a test was not wrapped in 
act(...).
      
      When testing, code that causes React state updates should be wrapped 
into act(...):
      
      act(() => {
        /* fire events that update state */
      });
      /* assert on the output */
      
      This ensures that you're testing the behavior the user would see in the 
browser. Learn more at https://reactjs.org/link/wrap-tests-with-act
          at LoginForm (C:\Users\samhe\OneDrive\Desktop\Cleaned\frontend\src\au
th\LoginForm\LoginForm.tsx:41:33)
          at div
          at div
          at LoginPage
          at routeContext (C:\Users\samhe\OneDrive\Desktop\Cleaned\frontend\nod
e_modules\react-router\lib\hooks.tsx:658:26)
          at children (C:\Users\samhe\OneDrive\Desktop\Cleaned\frontend\node_mo
dules\react-router\lib\components.tsx:512:3)
          at basenameProp (C:\Users\samhe\OneDrive\Desktop\Cleaned\frontend\nod
e_modules\react-router\lib\components.tsx:421:13)
          at basename (C:\Users\samhe\OneDrive\Desktop\Cleaned\frontend\node_mo
dules\react-router\lib\components.tsx:225:3)

      123 |                     placeholder="email@company.com"
      124 |                     value={email}
    > 125 |                     onChange={(e) => setEmail(e.target.value)}
          |                                      ^
      126 |                     className="w-full rounded-md border 
border-gray-300 px-3 py-2 text-sm focus:outline-none focus:ring-2 
focus:ring-gray-900 disabled:opacity-50"
      127 |                 />
      128 |             </div>

      at printWarning 
(node_modules/react-dom/cjs/react-dom.development.js:86:30)
      at error (node_modules/react-dom/cjs/react-dom.development.js:60:7)
      at warnIfUpdatesNotWrappedWithActDEV 
(node_modules/react-dom/cjs/react-dom.development.js:27628:9)
      at scheduleUpdateOnFiber 
(node_modules/react-dom/cjs/react-dom.development.js:25547:5)
      at dispatchSetState 
(node_modules/react-dom/cjs/react-dom.development.js:16708:7)
      at onChange (src/auth/LoginForm/LoginForm.tsx:125:38)
      at HTMLUnknownElement.callCallback 
(node_modules/react-dom/cjs/react-dom.development.js:4164:14)
      at HTMLUnknownElement.callTheUserObjectsOperation 
(node_modules/jsdom/lib/jsdom/living/generated/EventListener.js:26:30)
      at innerInvokeEventListeners 
(node_modules/jsdom/lib/jsdom/living/events/EventTarget-impl.js:350:25)
      at invokeEventListeners 
(node_modules/jsdom/lib/jsdom/living/events/EventTarget-impl.js:286:3)
      at HTMLUnknownElementImpl._dispatch 
(node_modules/jsdom/lib/jsdom/living/events/EventTarget-impl.js:233:9)
      at HTMLUnknownElementImpl.dispatchEvent 
(node_modules/jsdom/lib/jsdom/living/events/EventTarget-impl.js:104:17)
      at HTMLUnknownElement.dispatchEvent 
(node_modules/jsdom/lib/jsdom/living/generated/EventTarget.js:241:34)
      at Object.invokeGuardedCallbackDev 
(node_modules/react-dom/cjs/react-dom.development.js:4213:16)
      at invokeGuardedCallback 
(node_modules/react-dom/cjs/react-dom.development.js:4277:31)
      at invokeGuardedCallbackAndCatchFirstError 
(node_modules/react-dom/cjs/react-dom.development.js:4291:25)
      at executeDispatch 
(node_modules/react-dom/cjs/react-dom.development.js:9041:3)
      at processDispatchQueueItemsInOrder 
(node_modules/react-dom/cjs/react-dom.development.js:9073:7)
      at processDispatchQueue 
(node_modules/react-dom/cjs/react-dom.development.js:9086:5)
      at dispatchEventsForPlugins 
(node_modules/react-dom/cjs/react-dom.development.js:9097:3)
      at node_modules/react-dom/cjs/react-dom.development.js:9288:12
      at batchedUpdates$1 
(node_modules/react-dom/cjs/react-dom.development.js:26179:12)
      at batchedUpdates 
(node_modules/react-dom/cjs/react-dom.development.js:3991:12)
      at dispatchEventForPluginEventSystem 
(node_modules/react-dom/cjs/react-dom.development.js:9287:3)
      at dispatchEventWithEnableCapturePhaseSelectiveHydrationWithoutDiscreteEv
entReplay (node_modules/react-dom/cjs/react-dom.development.js:6465:5)
      at dispatchEvent 
(node_modules/react-dom/cjs/react-dom.development.js:6457:5)
      at dispatchDiscreteEvent 
(node_modules/react-dom/cjs/react-dom.development.js:6430:5)
      at HTMLDivElement.callTheUserObjectsOperation 
(node_modules/jsdom/lib/jsdom/living/generated/EventListener.js:26:30)
      at innerInvokeEventListeners 
(node_modules/jsdom/lib/jsdom/living/events/EventTarget-impl.js:350:25)
      at invokeEventListeners 
(node_modules/jsdom/lib/jsdom/living/events/EventTarget-impl.js:286:3)
      at HTMLInputElementImpl._dispatch 
(node_modules/jsdom/lib/jsdom/living/events/EventTarget-impl.js:233:9)
      at HTMLInputElementImpl.dispatchEvent 
(node_modules/jsdom/lib/jsdom/living/events/EventTarget-impl.js:104:17)
      at HTMLInputElement.dispatchEvent 
(node_modules/jsdom/lib/jsdom/living/generated/EventTarget.js:241:34)
      at 
node_modules/@testing-library/user-event/dist/cjs/event/dispatchEvent.js:45:43
      at Object.eventWrapper 
(node_modules/@testing-library/dom/dist/config.js:25:23)
      at Object.wrapEvent 
(node_modules/@testing-library/user-event/dist/cjs/event/wrapEvent.js:6:28)
      at Object.dispatchEvent (node_modules/@testing-library/user-event/dist/cj
s/event/dispatchEvent.js:45:22)
      at Object.dispatchUIEvent (node_modules/@testing-library/user-event/dist/
cjs/event/dispatchEvent.js:22:26)
      at commitInput 
(node_modules/@testing-library/user-event/dist/cjs/event/input.js:145:14)
      at editInputElement 
(node_modules/@testing-library/user-event/dist/cjs/event/input.js:115:9)
      at Object.input 
(node_modules/@testing-library/user-event/dist/cjs/event/input.js:37:9)
      at node_modules/@testing-library/user-event/dist/cjs/event/behavior/keypr
ess.js:31:26
      at Object.dispatchEvent (node_modules/@testing-library/user-event/dist/cj
s/event/dispatchEvent.js:41:13)
      at Object.dispatchUIEvent (node_modules/@testing-library/user-event/dist/
cjs/event/dispatchEvent.js:22:26)
      at KeyboardHost.keydown 
(node_modules/@testing-library/user-event/dist/cjs/system/keyboard.js:76:22)
      at keyboardAction 
(node_modules/@testing-library/user-event/dist/cjs/keyboard/index.js:22:35)
      at Object.keyboard 
(node_modules/@testing-library/user-event/dist/cjs/keyboard/index.js:11:15)
      at Object.type 
(node_modules/@testing-library/user-event/dist/cjs/utility/type.js:17:5)
      at Object.<anonymous> (src/auth/auth.test.tsx:213:9)

    console.error
      Warning: An update to LoginForm inside a test was not wrapped in 
act(...).
      
      When testing, code that causes React state updates should be wrapped 
into act(...):
      
      act(() => {
        /* fire events that update state */
      });
      /* assert on the output */
      
      This ensures that you're testing the behavior the user would see in the 
browser. Learn more at https://reactjs.org/link/wrap-tests-with-act
          at LoginForm (C:\Users\samhe\OneDrive\Desktop\Cleaned\frontend\src\au
th\LoginForm\LoginForm.tsx:41:33)
          at div
          at div
          at LoginPage
          at routeContext (C:\Users\samhe\OneDrive\Desktop\Cleaned\frontend\nod
e_modules\react-router\lib\hooks.tsx:658:26)
          at children (C:\Users\samhe\OneDrive\Desktop\Cleaned\frontend\node_mo
dules\react-router\lib\components.tsx:512:3)
          at basenameProp (C:\Users\samhe\OneDrive\Desktop\Cleaned\frontend\nod
e_modules\react-router\lib\components.tsx:421:13)
          at basename (C:\Users\samhe\OneDrive\Desktop\Cleaned\frontend\node_mo
dules\react-router\lib\components.tsx:225:3)

      123 |                     placeholder="email@company.com"
      124 |                     value={email}
    > 125 |                     onChange={(e) => setEmail(e.target.value)}
          |                                      ^
      126 |                     className="w-full rounded-md border 
border-gray-300 px-3 py-2 text-sm focus:outline-none focus:ring-2 
focus:ring-gray-900 disabled:opacity-50"
      127 |                 />
      128 |             </div>

      at printWarning 
(node_modules/react-dom/cjs/react-dom.development.js:86:30)
      at error (node_modules/react-dom/cjs/react-dom.development.js:60:7)
      at warnIfUpdatesNotWrappedWithActDEV 
(node_modules/react-dom/cjs/react-dom.development.js:27628:9)
      at scheduleUpdateOnFiber 
(node_modules/react-dom/cjs/react-dom.development.js:25547:5)
      at dispatchSetState 
(node_modules/react-dom/cjs/react-dom.development.js:16708:7)
      at onChange (src/auth/LoginForm/LoginForm.tsx:125:38)
      at HTMLUnknownElement.callCallback 
(node_modules/react-dom/cjs/react-dom.development.js:4164:14)
      at HTMLUnknownElement.callTheUserObjectsOperation 
(node_modules/jsdom/lib/jsdom/living/generated/EventListener.js:26:30)
      at innerInvokeEventListeners 
(node_modules/jsdom/lib/jsdom/living/events/EventTarget-impl.js:350:25)
      at invokeEventListeners 
(node_modules/jsdom/lib/jsdom/living/events/EventTarget-impl.js:286:3)
      at HTMLUnknownElementImpl._dispatch 
(node_modules/jsdom/lib/jsdom/living/events/EventTarget-impl.js:233:9)
      at HTMLUnknownElementImpl.dispatchEvent 
(node_modules/jsdom/lib/jsdom/living/events/EventTarget-impl.js:104:17)
      at HTMLUnknownElement.dispatchEvent 
(node_modules/jsdom/lib/jsdom/living/generated/EventTarget.js:241:34)
      at Object.invokeGuardedCallbackDev 
(node_modules/react-dom/cjs/react-dom.development.js:4213:16)
      at invokeGuardedCallback 
(node_modules/react-dom/cjs/react-dom.development.js:4277:31)
      at invokeGuardedCallbackAndCatchFirstError 
(node_modules/react-dom/cjs/react-dom.development.js:4291:25)
      at executeDispatch 
(node_modules/react-dom/cjs/react-dom.development.js:9041:3)
      at processDispatchQueueItemsInOrder 
(node_modules/react-dom/cjs/react-dom.development.js:9073:7)
      at processDispatchQueue 
(node_modules/react-dom/cjs/react-dom.development.js:9086:5)
      at dispatchEventsForPlugins 
(node_modules/react-dom/cjs/react-dom.development.js:9097:3)
      at node_modules/react-dom/cjs/react-dom.development.js:9288:12
      at batchedUpdates$1 
(node_modules/react-dom/cjs/react-dom.development.js:26179:12)
      at batchedUpdates 
(node_modules/react-dom/cjs/react-dom.development.js:3991:12)
      at dispatchEventForPluginEventSystem 
(node_modules/react-dom/cjs/react-dom.development.js:9287:3)
      at dispatchEventWithEnableCapturePhaseSelectiveHydrationWithoutDiscreteEv
entReplay (node_modules/react-dom/cjs/react-dom.development.js:6465:5)
      at dispatchEvent 
(node_modules/react-dom/cjs/react-dom.development.js:6457:5)
      at dispatchDiscreteEvent 
(node_modules/react-dom/cjs/react-dom.development.js:6430:5)
      at HTMLDivElement.callTheUserObjectsOperation 
(node_modules/jsdom/lib/jsdom/living/generated/EventListener.js:26:30)
      at innerInvokeEventListeners 
(node_modules/jsdom/lib/jsdom/living/events/EventTarget-impl.js:350:25)
      at invokeEventListeners 
(node_modules/jsdom/lib/jsdom/living/events/EventTarget-impl.js:286:3)
      at HTMLInputElementImpl._dispatch 
(node_modules/jsdom/lib/jsdom/living/events/EventTarget-impl.js:233:9)
      at HTMLInputElementImpl.dispatchEvent 
(node_modules/jsdom/lib/jsdom/living/events/EventTarget-impl.js:104:17)
      at HTMLInputElement.dispatchEvent 
(node_modules/jsdom/lib/jsdom/living/generated/EventTarget.js:241:34)
      at 
node_modules/@testing-library/user-event/dist/cjs/event/dispatchEvent.js:45:43
      at Object.eventWrapper 
(node_modules/@testing-library/dom/dist/config.js:25:23)
      at Object.wrapEvent 
(node_modules/@testing-library/user-event/dist/cjs/event/wrapEvent.js:6:28)
      at Object.dispatchEvent (node_modules/@testing-library/user-event/dist/cj
s/event/dispatchEvent.js:45:22)
      at Object.dispatchUIEvent (node_modules/@testing-library/user-event/dist/
cjs/event/dispatchEvent.js:22:26)
      at commitInput 
(node_modules/@testing-library/user-event/dist/cjs/event/input.js:145:14)
      at editInputElement 
(node_modules/@testing-library/user-event/dist/cjs/event/input.js:115:9)
      at Object.input 
(node_modules/@testing-library/user-event/dist/cjs/event/input.js:37:9)
      at node_modules/@testing-library/user-event/dist/cjs/event/behavior/keypr
ess.js:31:26
      at Object.dispatchEvent (node_modules/@testing-library/user-event/dist/cj
s/event/dispatchEvent.js:41:13)
      at Object.dispatchUIEvent (node_modules/@testing-library/user-event/dist/
cjs/event/dispatchEvent.js:22:26)
      at KeyboardHost.keydown 
(node_modules/@testing-library/user-event/dist/cjs/system/keyboard.js:76:22)
      at keyboardAction 
(node_modules/@testing-library/user-event/dist/cjs/keyboard/index.js:22:35)
      at Object.keyboard 
(node_modules/@testing-library/user-event/dist/cjs/keyboard/index.js:11:15)
      at Object.type 
(node_modules/@testing-library/user-event/dist/cjs/utility/type.js:17:5)
      at Object.<anonymous> (src/auth/auth.test.tsx:213:9)

    console.error
      Warning: An update to LoginForm inside a test was not wrapped in 
act(...).
      
      When testing, code that causes React state updates should be wrapped 
into act(...):
      
      act(() => {
        /* fire events that update state */
      });
      /* assert on the output */
      
      This ensures that you're testing the behavior the user would see in the 
browser. Learn more at https://reactjs.org/link/wrap-tests-with-act
          at LoginForm (C:\Users\samhe\OneDrive\Desktop\Cleaned\frontend\src\au
th\LoginForm\LoginForm.tsx:41:33)
          at div
          at div
          at LoginPage
          at routeContext (C:\Users\samhe\OneDrive\Desktop\Cleaned\frontend\nod
e_modules\react-router\lib\hooks.tsx:658:26)
          at children (C:\Users\samhe\OneDrive\Desktop\Cleaned\frontend\node_mo
dules\react-router\lib\components.tsx:512:3)
          at basenameProp (C:\Users\samhe\OneDrive\Desktop\Cleaned\frontend\nod
e_modules\react-router\lib\components.tsx:421:13)
          at basename (C:\Users\samhe\OneDrive\Desktop\Cleaned\frontend\node_mo
dules\react-router\lib\components.tsx:225:3)

      123 |                     placeholder="email@company.com"
      124 |                     value={email}
    > 125 |                     onChange={(e) => setEmail(e.target.value)}
          |                                      ^
      126 |                     className="w-full rounded-md border 
border-gray-300 px-3 py-2 text-sm focus:outline-none focus:ring-2 
focus:ring-gray-900 disabled:opacity-50"
      127 |                 />
      128 |             </div>

      at printWarning 
(node_modules/react-dom/cjs/react-dom.development.js:86:30)
      at error (node_modules/react-dom/cjs/react-dom.development.js:60:7)
      at warnIfUpdatesNotWrappedWithActDEV 
(node_modules/react-dom/cjs/react-dom.development.js:27628:9)
      at scheduleUpdateOnFiber 
(node_modules/react-dom/cjs/react-dom.development.js:25547:5)
      at dispatchSetState 
(node_modules/react-dom/cjs/react-dom.development.js:16708:7)
      at onChange (src/auth/LoginForm/LoginForm.tsx:125:38)
      at HTMLUnknownElement.callCallback 
(node_modules/react-dom/cjs/react-dom.development.js:4164:14)
      at HTMLUnknownElement.callTheUserObjectsOperation 
(node_modules/jsdom/lib/jsdom/living/generated/EventListener.js:26:30)
      at innerInvokeEventListeners 
(node_modules/jsdom/lib/jsdom/living/events/EventTarget-impl.js:350:25)
      at invokeEventListeners 
(node_modules/jsdom/lib/jsdom/living/events/EventTarget-impl.js:286:3)
      at HTMLUnknownElementImpl._dispatch 
(node_modules/jsdom/lib/jsdom/living/events/EventTarget-impl.js:233:9)
      at HTMLUnknownElementImpl.dispatchEvent 
(node_modules/jsdom/lib/jsdom/living/events/EventTarget-impl.js:104:17)
      at HTMLUnknownElement.dispatchEvent 
(node_modules/jsdom/lib/jsdom/living/generated/EventTarget.js:241:34)
      at Object.invokeGuardedCallbackDev 
(node_modules/react-dom/cjs/react-dom.development.js:4213:16)
      at invokeGuardedCallback 
(node_modules/react-dom/cjs/react-dom.development.js:4277:31)
      at invokeGuardedCallbackAndCatchFirstError 
(node_modules/react-dom/cjs/react-dom.development.js:4291:25)
      at executeDispatch 
(node_modules/react-dom/cjs/react-dom.development.js:9041:3)
      at processDispatchQueueItemsInOrder 
(node_modules/react-dom/cjs/react-dom.development.js:9073:7)
      at processDispatchQueue 
(node_modules/react-dom/cjs/react-dom.development.js:9086:5)
      at dispatchEventsForPlugins 
(node_modules/react-dom/cjs/react-dom.development.js:9097:3)
      at node_modules/react-dom/cjs/react-dom.development.js:9288:12
      at batchedUpdates$1 
(node_modules/react-dom/cjs/react-dom.development.js:26179:12)
      at batchedUpdates 
(node_modules/react-dom/cjs/react-dom.development.js:3991:12)
      at dispatchEventForPluginEventSystem 
(node_modules/react-dom/cjs/react-dom.development.js:9287:3)
      at dispatchEventWithEnableCapturePhaseSelectiveHydrationWithoutDiscreteEv
entReplay (node_modules/react-dom/cjs/react-dom.development.js:6465:5)
      at dispatchEvent 
(node_modules/react-dom/cjs/react-dom.development.js:6457:5)
      at dispatchDiscreteEvent 
(node_modules/react-dom/cjs/react-dom.development.js:6430:5)
      at HTMLDivElement.callTheUserObjectsOperation 
(node_modules/jsdom/lib/jsdom/living/generated/EventListener.js:26:30)
      at innerInvokeEventListeners 
(node_modules/jsdom/lib/jsdom/living/events/EventTarget-impl.js:350:25)
      at invokeEventListeners 
(node_modules/jsdom/lib/jsdom/living/events/EventTarget-impl.js:286:3)
      at HTMLInputElementImpl._dispatch 
(node_modules/jsdom/lib/jsdom/living/events/EventTarget-impl.js:233:9)
      at HTMLInputElementImpl.dispatchEvent 
(node_modules/jsdom/lib/jsdom/living/events/EventTarget-impl.js:104:17)
      at HTMLInputElement.dispatchEvent 
(node_modules/jsdom/lib/jsdom/living/generated/EventTarget.js:241:34)
      at 
node_modules/@testing-library/user-event/dist/cjs/event/dispatchEvent.js:45:43
      at Object.eventWrapper 
(node_modules/@testing-library/dom/dist/config.js:25:23)
      at Object.wrapEvent 
(node_modules/@testing-library/user-event/dist/cjs/event/wrapEvent.js:6:28)
      at Object.dispatchEvent (node_modules/@testing-library/user-event/dist/cj
s/event/dispatchEvent.js:45:22)
      at Object.dispatchUIEvent (node_modules/@testing-library/user-event/dist/
cjs/event/dispatchEvent.js:22:26)
      at commitInput 
(node_modules/@testing-library/user-event/dist/cjs/event/input.js:145:14)
      at editInputElement 
(node_modules/@testing-library/user-event/dist/cjs/event/input.js:115:9)
      at Object.input 
(node_modules/@testing-library/user-event/dist/cjs/event/input.js:37:9)
      at node_modules/@testing-library/user-event/dist/cjs/event/behavior/keypr
ess.js:31:26
      at Object.dispatchEvent (node_modules/@testing-library/user-event/dist/cj
s/event/dispatchEvent.js:41:13)
      at Object.dispatchUIEvent (node_modules/@testing-library/user-event/dist/
cjs/event/dispatchEvent.js:22:26)
      at KeyboardHost.keydown 
(node_modules/@testing-library/user-event/dist/cjs/system/keyboard.js:76:22)
      at keyboardAction 
(node_modules/@testing-library/user-event/dist/cjs/keyboard/index.js:22:35)
      at Object.keyboard 
(node_modules/@testing-library/user-event/dist/cjs/keyboard/index.js:11:15)
      at Object.type 
(node_modules/@testing-library/user-event/dist/cjs/utility/type.js:17:5)
      at Object.<anonymous> (src/auth/auth.test.tsx:213:9)

    console.error
      Warning: An update to LoginForm inside a test was not wrapped in 
act(...).
      
      When testing, code that causes React state updates should be wrapped 
into act(...):
      
      act(() => {
        /* fire events that update state */
      });
      /* assert on the output */
      
      This ensures that you're testing the behavior the user would see in the 
browser. Learn more at https://reactjs.org/link/wrap-tests-with-act
          at LoginForm (C:\Users\samhe\OneDrive\Desktop\Cleaned\frontend\src\au
th\LoginForm\LoginForm.tsx:41:33)
          at div
          at div
          at LoginPage
          at routeContext (C:\Users\samhe\OneDrive\Desktop\Cleaned\frontend\nod
e_modules\react-router\lib\hooks.tsx:658:26)
          at children (C:\Users\samhe\OneDrive\Desktop\Cleaned\frontend\node_mo
dules\react-router\lib\components.tsx:512:3)
          at basenameProp (C:\Users\samhe\OneDrive\Desktop\Cleaned\frontend\nod
e_modules\react-router\lib\components.tsx:421:13)
          at basename (C:\Users\samhe\OneDrive\Desktop\Cleaned\frontend\node_mo
dules\react-router\lib\components.tsx:225:3)

      123 |                     placeholder="email@company.com"
      124 |                     value={email}
    > 125 |                     onChange={(e) => setEmail(e.target.value)}
          |                                      ^
      126 |                     className="w-full rounded-md border 
border-gray-300 px-3 py-2 text-sm focus:outline-none focus:ring-2 
focus:ring-gray-900 disabled:opacity-50"
      127 |                 />
      128 |             </div>

      at printWarning 
(node_modules/react-dom/cjs/react-dom.development.js:86:30)
      at error (node_modules/react-dom/cjs/react-dom.development.js:60:7)
      at warnIfUpdatesNotWrappedWithActDEV 
(node_modules/react-dom/cjs/react-dom.development.js:27628:9)
      at scheduleUpdateOnFiber 
(node_modules/react-dom/cjs/react-dom.development.js:25547:5)
      at dispatchSetState 
(node_modules/react-dom/cjs/react-dom.development.js:16708:7)
      at onChange (src/auth/LoginForm/LoginForm.tsx:125:38)
      at HTMLUnknownElement.callCallback 
(node_modules/react-dom/cjs/react-dom.development.js:4164:14)
      at HTMLUnknownElement.callTheUserObjectsOperation 
(node_modules/jsdom/lib/jsdom/living/generated/EventListener.js:26:30)
      at innerInvokeEventListeners 
(node_modules/jsdom/lib/jsdom/living/events/EventTarget-impl.js:350:25)
      at invokeEventListeners 
(node_modules/jsdom/lib/jsdom/living/events/EventTarget-impl.js:286:3)
      at HTMLUnknownElementImpl._dispatch 
(node_modules/jsdom/lib/jsdom/living/events/EventTarget-impl.js:233:9)
      at HTMLUnknownElementImpl.dispatchEvent 
(node_modules/jsdom/lib/jsdom/living/events/EventTarget-impl.js:104:17)
      at HTMLUnknownElement.dispatchEvent 
(node_modules/jsdom/lib/jsdom/living/generated/EventTarget.js:241:34)
      at Object.invokeGuardedCallbackDev 
(node_modules/react-dom/cjs/react-dom.development.js:4213:16)
      at invokeGuardedCallback 
(node_modules/react-dom/cjs/react-dom.development.js:4277:31)
      at invokeGuardedCallbackAndCatchFirstError 
(node_modules/react-dom/cjs/react-dom.development.js:4291:25)
      at executeDispatch 
(node_modules/react-dom/cjs/react-dom.development.js:9041:3)
      at processDispatchQueueItemsInOrder 
(node_modules/react-dom/cjs/react-dom.development.js:9073:7)
      at processDispatchQueue 
(node_modules/react-dom/cjs/react-dom.development.js:9086:5)
      at dispatchEventsForPlugins 
(node_modules/react-dom/cjs/react-dom.development.js:9097:3)
      at node_modules/react-dom/cjs/react-dom.development.js:9288:12
      at batchedUpdates$1 
(node_modules/react-dom/cjs/react-dom.development.js:26179:12)
      at batchedUpdates 
(node_modules/react-dom/cjs/react-dom.development.js:3991:12)
      at dispatchEventForPluginEventSystem 
(node_modules/react-dom/cjs/react-dom.development.js:9287:3)
      at dispatchEventWithEnableCapturePhaseSelectiveHydrationWithoutDiscreteEv
entReplay (node_modules/react-dom/cjs/react-dom.development.js:6465:5)
      at dispatchEvent 
(node_modules/react-dom/cjs/react-dom.development.js:6457:5)
      at dispatchDiscreteEvent 
(node_modules/react-dom/cjs/react-dom.development.js:6430:5)
      at HTMLDivElement.callTheUserObjectsOperation 
(node_modules/jsdom/lib/jsdom/living/generated/EventListener.js:26:30)
      at innerInvokeEventListeners 
(node_modules/jsdom/lib/jsdom/living/events/EventTarget-impl.js:350:25)
      at invokeEventListeners 
(node_modules/jsdom/lib/jsdom/living/events/EventTarget-impl.js:286:3)
      at HTMLInputElementImpl._dispatch 
(node_modules/jsdom/lib/jsdom/living/events/EventTarget-impl.js:233:9)
      at HTMLInputElementImpl.dispatchEvent 
(node_modules/jsdom/lib/jsdom/living/events/EventTarget-impl.js:104:17)
      at HTMLInputElement.dispatchEvent 
(node_modules/jsdom/lib/jsdom/living/generated/EventTarget.js:241:34)
      at 
node_modules/@testing-library/user-event/dist/cjs/event/dispatchEvent.js:45:43
      at Object.eventWrapper 
(node_modules/@testing-library/dom/dist/config.js:25:23)
      at Object.wrapEvent 
(node_modules/@testing-library/user-event/dist/cjs/event/wrapEvent.js:6:28)
      at Object.dispatchEvent (node_modules/@testing-library/user-event/dist/cj
s/event/dispatchEvent.js:45:22)
      at Object.dispatchUIEvent (node_modules/@testing-library/user-event/dist/
cjs/event/dispatchEvent.js:22:26)
      at commitInput 
(node_modules/@testing-library/user-event/dist/cjs/event/input.js:145:14)
      at editInputElement 
(node_modules/@testing-library/user-event/dist/cjs/event/input.js:115:9)
      at Object.input 
(node_modules/@testing-library/user-event/dist/cjs/event/input.js:37:9)
      at node_modules/@testing-library/user-event/dist/cjs/event/behavior/keypr
ess.js:31:26
      at Object.dispatchEvent (node_modules/@testing-library/user-event/dist/cj
s/event/dispatchEvent.js:41:13)
      at Object.dispatchUIEvent (node_modules/@testing-library/user-event/dist/
cjs/event/dispatchEvent.js:22:26)
      at KeyboardHost.keydown 
(node_modules/@testing-library/user-event/dist/cjs/system/keyboard.js:76:22)
      at keyboardAction 
(node_modules/@testing-library/user-event/dist/cjs/keyboard/index.js:22:35)
      at Object.keyboard 
(node_modules/@testing-library/user-event/dist/cjs/keyboard/index.js:11:15)
      at Object.type 
(node_modules/@testing-library/user-event/dist/cjs/utility/type.js:17:5)
      at Object.<anonymous> (src/auth/auth.test.tsx:213:9)

    console.error
      Warning: An update to LoginForm inside a test was not wrapped in 
act(...).
      
      When testing, code that causes React state updates should be wrapped 
into act(...):
      
      act(() => {
        /* fire events that update state */
      });
      /* assert on the output */
      
      This ensures that you're testing the behavior the user would see in the 
browser. Learn more at https://reactjs.org/link/wrap-tests-with-act
          at LoginForm (C:\Users\samhe\OneDrive\Desktop\Cleaned\frontend\src\au
th\LoginForm\LoginForm.tsx:41:33)
          at div
          at div
          at LoginPage
          at routeContext (C:\Users\samhe\OneDrive\Desktop\Cleaned\frontend\nod
e_modules\react-router\lib\hooks.tsx:658:26)
          at children (C:\Users\samhe\OneDrive\Desktop\Cleaned\frontend\node_mo
dules\react-router\lib\components.tsx:512:3)
          at basenameProp (C:\Users\samhe\OneDrive\Desktop\Cleaned\frontend\nod
e_modules\react-router\lib\components.tsx:421:13)
          at basename (C:\Users\samhe\OneDrive\Desktop\Cleaned\frontend\node_mo
dules\react-router\lib\components.tsx:225:3)

      123 |                     placeholder="email@company.com"
      124 |                     value={email}
    > 125 |                     onChange={(e) => setEmail(e.target.value)}
          |                                      ^
      126 |                     className="w-full rounded-md border 
border-gray-300 px-3 py-2 text-sm focus:outline-none focus:ring-2 
focus:ring-gray-900 disabled:opacity-50"
      127 |                 />
      128 |             </div>

      at printWarning 
(node_modules/react-dom/cjs/react-dom.development.js:86:30)
      at error (node_modules/react-dom/cjs/react-dom.development.js:60:7)
      at warnIfUpdatesNotWrappedWithActDEV 
(node_modules/react-dom/cjs/react-dom.development.js:27628:9)
      at scheduleUpdateOnFiber 
(node_modules/react-dom/cjs/react-dom.development.js:25547:5)
      at dispatchSetState 
(node_modules/react-dom/cjs/react-dom.development.js:16708:7)
      at onChange (src/auth/LoginForm/LoginForm.tsx:125:38)
      at HTMLUnknownElement.callCallback 
(node_modules/react-dom/cjs/react-dom.development.js:4164:14)
      at HTMLUnknownElement.callTheUserObjectsOperation 
(node_modules/jsdom/lib/jsdom/living/generated/EventListener.js:26:30)
      at innerInvokeEventListeners 
(node_modules/jsdom/lib/jsdom/living/events/EventTarget-impl.js:350:25)
      at invokeEventListeners 
(node_modules/jsdom/lib/jsdom/living/events/EventTarget-impl.js:286:3)
      at HTMLUnknownElementImpl._dispatch 
(node_modules/jsdom/lib/jsdom/living/events/EventTarget-impl.js:233:9)
      at HTMLUnknownElementImpl.dispatchEvent 
(node_modules/jsdom/lib/jsdom/living/events/EventTarget-impl.js:104:17)
      at HTMLUnknownElement.dispatchEvent 
(node_modules/jsdom/lib/jsdom/living/generated/EventTarget.js:241:34)
      at Object.invokeGuardedCallbackDev 
(node_modules/react-dom/cjs/react-dom.development.js:4213:16)
      at invokeGuardedCallback 
(node_modules/react-dom/cjs/react-dom.development.js:4277:31)
      at invokeGuardedCallbackAndCatchFirstError 
(node_modules/react-dom/cjs/react-dom.development.js:4291:25)
      at executeDispatch 
(node_modules/react-dom/cjs/react-dom.development.js:9041:3)
      at processDispatchQueueItemsInOrder 
(node_modules/react-dom/cjs/react-dom.development.js:9073:7)
      at processDispatchQueue 
(node_modules/react-dom/cjs/react-dom.development.js:9086:5)
      at dispatchEventsForPlugins 
(node_modules/react-dom/cjs/react-dom.development.js:9097:3)
      at node_modules/react-dom/cjs/react-dom.development.js:9288:12
      at batchedUpdates$1 
(node_modules/react-dom/cjs/react-dom.development.js:26179:12)
      at batchedUpdates 
(node_modules/react-dom/cjs/react-dom.development.js:3991:12)
      at dispatchEventForPluginEventSystem 
(node_modules/react-dom/cjs/react-dom.development.js:9287:3)
      at dispatchEventWithEnableCapturePhaseSelectiveHydrationWithoutDiscreteEv
entReplay (node_modules/react-dom/cjs/react-dom.development.js:6465:5)
      at dispatchEvent 
(node_modules/react-dom/cjs/react-dom.development.js:6457:5)
      at dispatchDiscreteEvent 
(node_modules/react-dom/cjs/react-dom.development.js:6430:5)
      at HTMLDivElement.callTheUserObjectsOperation 
(node_modules/jsdom/lib/jsdom/living/generated/EventListener.js:26:30)
      at innerInvokeEventListeners 
(node_modules/jsdom/lib/jsdom/living/events/EventTarget-impl.js:350:25)
      at invokeEventListeners 
(node_modules/jsdom/lib/jsdom/living/events/EventTarget-impl.js:286:3)
      at HTMLInputElementImpl._dispatch 
(node_modules/jsdom/lib/jsdom/living/events/EventTarget-impl.js:233:9)
      at HTMLInputElementImpl.dispatchEvent 
(node_modules/jsdom/lib/jsdom/living/events/EventTarget-impl.js:104:17)
      at HTMLInputElement.dispatchEvent 
(node_modules/jsdom/lib/jsdom/living/generated/EventTarget.js:241:34)
      at 
node_modules/@testing-library/user-event/dist/cjs/event/dispatchEvent.js:45:43
      at Object.eventWrapper 
(node_modules/@testing-library/dom/dist/config.js:25:23)
      at Object.wrapEvent 
(node_modules/@testing-library/user-event/dist/cjs/event/wrapEvent.js:6:28)
      at Object.dispatchEvent (node_modules/@testing-library/user-event/dist/cj
s/event/dispatchEvent.js:45:22)
      at Object.dispatchUIEvent (node_modules/@testing-library/user-event/dist/
cjs/event/dispatchEvent.js:22:26)
      at commitInput 
(node_modules/@testing-library/user-event/dist/cjs/event/input.js:145:14)
      at editInputElement 
(node_modules/@testing-library/user-event/dist/cjs/event/input.js:115:9)
      at Object.input 
(node_modules/@testing-library/user-event/dist/cjs/event/input.js:37:9)
      at node_modules/@testing-library/user-event/dist/cjs/event/behavior/keypr
ess.js:31:26
      at Object.dispatchEvent (node_modules/@testing-library/user-event/dist/cj
s/event/dispatchEvent.js:41:13)
      at Object.dispatchUIEvent (node_modules/@testing-library/user-event/dist/
cjs/event/dispatchEvent.js:22:26)
      at KeyboardHost.keydown 
(node_modules/@testing-library/user-event/dist/cjs/system/keyboard.js:76:22)
      at keyboardAction 
(node_modules/@testing-library/user-event/dist/cjs/keyboard/index.js:22:35)
      at Object.keyboard 
(node_modules/@testing-library/user-event/dist/cjs/keyboard/index.js:11:15)
      at Object.type 
(node_modules/@testing-library/user-event/dist/cjs/utility/type.js:17:5)
      at Object.<anonymous> (src/auth/auth.test.tsx:213:9)

    console.error
      Warning: An update to LoginForm inside a test was not wrapped in 
act(...).
      
      When testing, code that causes React state updates should be wrapped 
into act(...):
      
      act(() => {
        /* fire events that update state */
      });
      /* assert on the output */
      
      This ensures that you're testing the behavior the user would see in the 
browser. Learn more at https://reactjs.org/link/wrap-tests-with-act
          at LoginForm (C:\Users\samhe\OneDrive\Desktop\Cleaned\frontend\src\au
th\LoginForm\LoginForm.tsx:41:33)
          at div
          at div
          at LoginPage
          at routeContext (C:\Users\samhe\OneDrive\Desktop\Cleaned\frontend\nod
e_modules\react-router\lib\hooks.tsx:658:26)
          at children (C:\Users\samhe\OneDrive\Desktop\Cleaned\frontend\node_mo
dules\react-router\lib\components.tsx:512:3)
          at basenameProp (C:\Users\samhe\OneDrive\Desktop\Cleaned\frontend\nod
e_modules\react-router\lib\components.tsx:421:13)
          at basename (C:\Users\samhe\OneDrive\Desktop\Cleaned\frontend\node_mo
dules\react-router\lib\components.tsx:225:3)

      123 |                     placeholder="email@company.com"
      124 |                     value={email}
    > 125 |                     onChange={(e) => setEmail(e.target.value)}
          |                                      ^
      126 |                     className="w-full rounded-md border 
border-gray-300 px-3 py-2 text-sm focus:outline-none focus:ring-2 
focus:ring-gray-900 disabled:opacity-50"
      127 |                 />
      128 |             </div>

      at printWarning 
(node_modules/react-dom/cjs/react-dom.development.js:86:30)
      at error (node_modules/react-dom/cjs/react-dom.development.js:60:7)
      at warnIfUpdatesNotWrappedWithActDEV 
(node_modules/react-dom/cjs/react-dom.development.js:27628:9)
      at scheduleUpdateOnFiber 
(node_modules/react-dom/cjs/react-dom.development.js:25547:5)
      at dispatchSetState 
(node_modules/react-dom/cjs/react-dom.development.js:16708:7)
      at onChange (src/auth/LoginForm/LoginForm.tsx:125:38)
      at HTMLUnknownElement.callCallback 
(node_modules/react-dom/cjs/react-dom.development.js:4164:14)
      at HTMLUnknownElement.callTheUserObjectsOperation 
(node_modules/jsdom/lib/jsdom/living/generated/EventListener.js:26:30)
      at innerInvokeEventListeners 
(node_modules/jsdom/lib/jsdom/living/events/EventTarget-impl.js:350:25)
      at invokeEventListeners 
(node_modules/jsdom/lib/jsdom/living/events/EventTarget-impl.js:286:3)
      at HTMLUnknownElementImpl._dispatch 
(node_modules/jsdom/lib/jsdom/living/events/EventTarget-impl.js:233:9)
      at HTMLUnknownElementImpl.dispatchEvent 
(node_modules/jsdom/lib/jsdom/living/events/EventTarget-impl.js:104:17)
      at HTMLUnknownElement.dispatchEvent 
(node_modules/jsdom/lib/jsdom/living/generated/EventTarget.js:241:34)
      at Object.invokeGuardedCallbackDev 
(node_modules/react-dom/cjs/react-dom.development.js:4213:16)
      at invokeGuardedCallback 
(node_modules/react-dom/cjs/react-dom.development.js:4277:31)
      at invokeGuardedCallbackAndCatchFirstError 
(node_modules/react-dom/cjs/react-dom.development.js:4291:25)
      at executeDispatch 
(node_modules/react-dom/cjs/react-dom.development.js:9041:3)
      at processDispatchQueueItemsInOrder 
(node_modules/react-dom/cjs/react-dom.development.js:9073:7)
      at processDispatchQueue 
(node_modules/react-dom/cjs/react-dom.development.js:9086:5)
      at dispatchEventsForPlugins 
(node_modules/react-dom/cjs/react-dom.development.js:9097:3)
      at node_modules/react-dom/cjs/react-dom.development.js:9288:12
      at batchedUpdates$1 
(node_modules/react-dom/cjs/react-dom.development.js:26179:12)
      at batchedUpdates 
(node_modules/react-dom/cjs/react-dom.development.js:3991:12)
      at dispatchEventForPluginEventSystem 
(node_modules/react-dom/cjs/react-dom.development.js:9287:3)
      at dispatchEventWithEnableCapturePhaseSelectiveHydrationWithoutDiscreteEv
entReplay (node_modules/react-dom/cjs/react-dom.development.js:6465:5)
      at dispatchEvent 
(node_modules/react-dom/cjs/react-dom.development.js:6457:5)
      at dispatchDiscreteEvent 
(node_modules/react-dom/cjs/react-dom.development.js:6430:5)
      at HTMLDivElement.callTheUserObjectsOperation 
(node_modules/jsdom/lib/jsdom/living/generated/EventListener.js:26:30)
      at innerInvokeEventListeners 
(node_modules/jsdom/lib/jsdom/living/events/EventTarget-impl.js:350:25)
      at invokeEventListeners 
(node_modules/jsdom/lib/jsdom/living/events/EventTarget-impl.js:286:3)
      at HTMLInputElementImpl._dispatch 
(node_modules/jsdom/lib/jsdom/living/events/EventTarget-impl.js:233:9)
      at HTMLInputElementImpl.dispatchEvent 
(node_modules/jsdom/lib/jsdom/living/events/EventTarget-impl.js:104:17)
      at HTMLInputElement.dispatchEvent 
(node_modules/jsdom/lib/jsdom/living/generated/EventTarget.js:241:34)
      at 
node_modules/@testing-library/user-event/dist/cjs/event/dispatchEvent.js:45:43
      at Object.eventWrapper 
(node_modules/@testing-library/dom/dist/config.js:25:23)
      at Object.wrapEvent 
(node_modules/@testing-library/user-event/dist/cjs/event/wrapEvent.js:6:28)
      at Object.dispatchEvent (node_modules/@testing-library/user-event/dist/cj
s/event/dispatchEvent.js:45:22)
      at Object.dispatchUIEvent (node_modules/@testing-library/user-event/dist/
cjs/event/dispatchEvent.js:22:26)
      at commitInput 
(node_modules/@testing-library/user-event/dist/cjs/event/input.js:145:14)
      at editInputElement 
(node_modules/@testing-library/user-event/dist/cjs/event/input.js:115:9)
      at Object.input 
(node_modules/@testing-library/user-event/dist/cjs/event/input.js:37:9)
      at node_modules/@testing-library/user-event/dist/cjs/event/behavior/keypr
ess.js:31:26
      at Object.dispatchEvent (node_modules/@testing-library/user-event/dist/cj
s/event/dispatchEvent.js:41:13)
      at Object.dispatchUIEvent (node_modules/@testing-library/user-event/dist/
cjs/event/dispatchEvent.js:22:26)
      at KeyboardHost.keydown 
(node_modules/@testing-library/user-event/dist/cjs/system/keyboard.js:76:22)
      at keyboardAction 
(node_modules/@testing-library/user-event/dist/cjs/keyboard/index.js:22:35)
      at Object.keyboard 
(node_modules/@testing-library/user-event/dist/cjs/keyboard/index.js:11:15)
      at Object.type 
(node_modules/@testing-library/user-event/dist/cjs/utility/type.js:17:5)
      at Object.<anonymous> (src/auth/auth.test.tsx:213:9)

    console.error
      Warning: An update to LoginForm inside a test was not wrapped in 
act(...).
      
      When testing, code that causes React state updates should be wrapped 
into act(...):
      
      act(() => {
        /* fire events that update state */
      });
      /* assert on the output */
      
      This ensures that you're testing the behavior the user would see in the 
browser. Learn more at https://reactjs.org/link/wrap-tests-with-act
          at LoginForm (C:\Users\samhe\OneDrive\Desktop\Cleaned\frontend\src\au
th\LoginForm\LoginForm.tsx:41:33)
          at div
          at div
          at LoginPage
          at routeContext (C:\Users\samhe\OneDrive\Desktop\Cleaned\frontend\nod
e_modules\react-router\lib\hooks.tsx:658:26)
          at children (C:\Users\samhe\OneDrive\Desktop\Cleaned\frontend\node_mo
dules\react-router\lib\components.tsx:512:3)
          at basenameProp (C:\Users\samhe\OneDrive\Desktop\Cleaned\frontend\nod
e_modules\react-router\lib\components.tsx:421:13)
          at basename (C:\Users\samhe\OneDrive\Desktop\Cleaned\frontend\node_mo
dules\react-router\lib\components.tsx:225:3)

      123 |                     placeholder="email@company.com"
      124 |                     value={email}
    > 125 |                     onChange={(e) => setEmail(e.target.value)}
          |                                      ^
      126 |                     className="w-full rounded-md border 
border-gray-300 px-3 py-2 text-sm focus:outline-none focus:ring-2 
focus:ring-gray-900 disabled:opacity-50"
      127 |                 />
      128 |             </div>

      at printWarning 
(node_modules/react-dom/cjs/react-dom.development.js:86:30)
      at error (node_modules/react-dom/cjs/react-dom.development.js:60:7)
      at warnIfUpdatesNotWrappedWithActDEV 
(node_modules/react-dom/cjs/react-dom.development.js:27628:9)
      at scheduleUpdateOnFiber 
(node_modules/react-dom/cjs/react-dom.development.js:25547:5)
      at dispatchSetState 
(node_modules/react-dom/cjs/react-dom.development.js:16708:7)
      at onChange (src/auth/LoginForm/LoginForm.tsx:125:38)
      at HTMLUnknownElement.callCallback 
(node_modules/react-dom/cjs/react-dom.development.js:4164:14)
      at HTMLUnknownElement.callTheUserObjectsOperation 
(node_modules/jsdom/lib/jsdom/living/generated/EventListener.js:26:30)
      at innerInvokeEventListeners 
(node_modules/jsdom/lib/jsdom/living/events/EventTarget-impl.js:350:25)
      at invokeEventListeners 
(node_modules/jsdom/lib/jsdom/living/events/EventTarget-impl.js:286:3)
      at HTMLUnknownElementImpl._dispatch 
(node_modules/jsdom/lib/jsdom/living/events/EventTarget-impl.js:233:9)
      at HTMLUnknownElementImpl.dispatchEvent 
(node_modules/jsdom/lib/jsdom/living/events/EventTarget-impl.js:104:17)
      at HTMLUnknownElement.dispatchEvent 
(node_modules/jsdom/lib/jsdom/living/generated/EventTarget.js:241:34)
      at Object.invokeGuardedCallbackDev 
(node_modules/react-dom/cjs/react-dom.development.js:4213:16)
      at invokeGuardedCallback 
(node_modules/react-dom/cjs/react-dom.development.js:4277:31)
      at invokeGuardedCallbackAndCatchFirstError 
(node_modules/react-dom/cjs/react-dom.development.js:4291:25)
      at executeDispatch 
(node_modules/react-dom/cjs/react-dom.development.js:9041:3)
      at processDispatchQueueItemsInOrder 
(node_modules/react-dom/cjs/react-dom.development.js:9073:7)
      at processDispatchQueue 
(node_modules/react-dom/cjs/react-dom.development.js:9086:5)
      at dispatchEventsForPlugins 
(node_modules/react-dom/cjs/react-dom.development.js:9097:3)
      at node_modules/react-dom/cjs/react-dom.development.js:9288:12
      at batchedUpdates$1 
(node_modules/react-dom/cjs/react-dom.development.js:26179:12)
      at batchedUpdates 
(node_modules/react-dom/cjs/react-dom.development.js:3991:12)
      at dispatchEventForPluginEventSystem 
(node_modules/react-dom/cjs/react-dom.development.js:9287:3)
      at dispatchEventWithEnableCapturePhaseSelectiveHydrationWithoutDiscreteEv
entReplay (node_modules/react-dom/cjs/react-dom.development.js:6465:5)
      at dispatchEvent 
(node_modules/react-dom/cjs/react-dom.development.js:6457:5)
      at dispatchDiscreteEvent 
(node_modules/react-dom/cjs/react-dom.development.js:6430:5)
      at HTMLDivElement.callTheUserObjectsOperation 
(node_modules/jsdom/lib/jsdom/living/generated/EventListener.js:26:30)
      at innerInvokeEventListeners 
(node_modules/jsdom/lib/jsdom/living/events/EventTarget-impl.js:350:25)
      at invokeEventListeners 
(node_modules/jsdom/lib/jsdom/living/events/EventTarget-impl.js:286:3)
      at HTMLInputElementImpl._dispatch 
(node_modules/jsdom/lib/jsdom/living/events/EventTarget-impl.js:233:9)
      at HTMLInputElementImpl.dispatchEvent 
(node_modules/jsdom/lib/jsdom/living/events/EventTarget-impl.js:104:17)
      at HTMLInputElement.dispatchEvent 
(node_modules/jsdom/lib/jsdom/living/generated/EventTarget.js:241:34)
      at 
node_modules/@testing-library/user-event/dist/cjs/event/dispatchEvent.js:45:43
      at Object.eventWrapper 
(node_modules/@testing-library/dom/dist/config.js:25:23)
      at Object.wrapEvent 
(node_modules/@testing-library/user-event/dist/cjs/event/wrapEvent.js:6:28)
      at Object.dispatchEvent (node_modules/@testing-library/user-event/dist/cj
s/event/dispatchEvent.js:45:22)
      at Object.dispatchUIEvent (node_modules/@testing-library/user-event/dist/
cjs/event/dispatchEvent.js:22:26)
      at commitInput 
(node_modules/@testing-library/user-event/dist/cjs/event/input.js:145:14)
      at editInputElement 
(node_modules/@testing-library/user-event/dist/cjs/event/input.js:115:9)
      at Object.input 
(node_modules/@testing-library/user-event/dist/cjs/event/input.js:37:9)
      at node_modules/@testing-library/user-event/dist/cjs/event/behavior/keypr
ess.js:31:26
      at Object.dispatchEvent (node_modules/@testing-library/user-event/dist/cj
s/event/dispatchEvent.js:41:13)
      at Object.dispatchUIEvent (node_modules/@testing-library/user-event/dist/
cjs/event/dispatchEvent.js:22:26)
      at KeyboardHost.keydown 
(node_modules/@testing-library/user-event/dist/cjs/system/keyboard.js:76:22)
      at keyboardAction 
(node_modules/@testing-library/user-event/dist/cjs/keyboard/index.js:22:35)
      at Object.keyboard 
(node_modules/@testing-library/user-event/dist/cjs/keyboard/index.js:11:15)
      at Object.type 
(node_modules/@testing-library/user-event/dist/cjs/utility/type.js:17:5)
      at Object.<anonymous> (src/auth/auth.test.tsx:213:9)

    console.error
      Warning: An update to LoginForm inside a test was not wrapped in 
act(...).
      
      When testing, code that causes React state updates should be wrapped 
into act(...):
      
      act(() => {
        /* fire events that update state */
      });
      /* assert on the output */
      
      This ensures that you're testing the behavior the user would see in the 
browser. Learn more at https://reactjs.org/link/wrap-tests-with-act
          at LoginForm (C:\Users\samhe\OneDrive\Desktop\Cleaned\frontend\src\au
th\LoginForm\LoginForm.tsx:41:33)
          at div
          at div
          at LoginPage
          at routeContext (C:\Users\samhe\OneDrive\Desktop\Cleaned\frontend\nod
e_modules\react-router\lib\hooks.tsx:658:26)
          at children (C:\Users\samhe\OneDrive\Desktop\Cleaned\frontend\node_mo
dules\react-router\lib\components.tsx:512:3)
          at basenameProp (C:\Users\samhe\OneDrive\Desktop\Cleaned\frontend\nod
e_modules\react-router\lib\components.tsx:421:13)
          at basename (C:\Users\samhe\OneDrive\Desktop\Cleaned\frontend\node_mo
dules\react-router\lib\components.tsx:225:3)

      123 |                     placeholder="email@company.com"
      124 |                     value={email}
    > 125 |                     onChange={(e) => setEmail(e.target.value)}
          |                                      ^
      126 |                     className="w-full rounded-md border 
border-gray-300 px-3 py-2 text-sm focus:outline-none focus:ring-2 
focus:ring-gray-900 disabled:opacity-50"
      127 |                 />
      128 |             </div>

      at printWarning 
(node_modules/react-dom/cjs/react-dom.development.js:86:30)
      at error (node_modules/react-dom/cjs/react-dom.development.js:60:7)
      at warnIfUpdatesNotWrappedWithActDEV 
(node_modules/react-dom/cjs/react-dom.development.js:27628:9)
      at scheduleUpdateOnFiber 
(node_modules/react-dom/cjs/react-dom.development.js:25547:5)
      at dispatchSetState 
(node_modules/react-dom/cjs/react-dom.development.js:16708:7)
      at onChange (src/auth/LoginForm/LoginForm.tsx:125:38)
      at HTMLUnknownElement.callCallback 
(node_modules/react-dom/cjs/react-dom.development.js:4164:14)
      at HTMLUnknownElement.callTheUserObjectsOperation 
(node_modules/jsdom/lib/jsdom/living/generated/EventListener.js:26:30)
      at innerInvokeEventListeners 
(node_modules/jsdom/lib/jsdom/living/events/EventTarget-impl.js:350:25)
      at invokeEventListeners 
(node_modules/jsdom/lib/jsdom/living/events/EventTarget-impl.js:286:3)
      at HTMLUnknownElementImpl._dispatch 
(node_modules/jsdom/lib/jsdom/living/events/EventTarget-impl.js:233:9)
      at HTMLUnknownElementImpl.dispatchEvent 
(node_modules/jsdom/lib/jsdom/living/events/EventTarget-impl.js:104:17)
      at HTMLUnknownElement.dispatchEvent 
(node_modules/jsdom/lib/jsdom/living/generated/EventTarget.js:241:34)
      at Object.invokeGuardedCallbackDev 
(node_modules/react-dom/cjs/react-dom.development.js:4213:16)
      at invokeGuardedCallback 
(node_modules/react-dom/cjs/react-dom.development.js:4277:31)
      at invokeGuardedCallbackAndCatchFirstError 
(node_modules/react-dom/cjs/react-dom.development.js:4291:25)
      at executeDispatch 
(node_modules/react-dom/cjs/react-dom.development.js:9041:3)
      at processDispatchQueueItemsInOrder 
(node_modules/react-dom/cjs/react-dom.development.js:9073:7)
      at processDispatchQueue 
(node_modules/react-dom/cjs/react-dom.development.js:9086:5)
      at dispatchEventsForPlugins 
(node_modules/react-dom/cjs/react-dom.development.js:9097:3)
      at node_modules/react-dom/cjs/react-dom.development.js:9288:12
      at batchedUpdates$1 
(node_modules/react-dom/cjs/react-dom.development.js:26179:12)
      at batchedUpdates 
(node_modules/react-dom/cjs/react-dom.development.js:3991:12)
      at dispatchEventForPluginEventSystem 
(node_modules/react-dom/cjs/react-dom.development.js:9287:3)
      at dispatchEventWithEnableCapturePhaseSelectiveHydrationWithoutDiscreteEv
entReplay (node_modules/react-dom/cjs/react-dom.development.js:6465:5)
      at dispatchEvent 
(node_modules/react-dom/cjs/react-dom.development.js:6457:5)
      at dispatchDiscreteEvent 
(node_modules/react-dom/cjs/react-dom.development.js:6430:5)
      at HTMLDivElement.callTheUserObjectsOperation 
(node_modules/jsdom/lib/jsdom/living/generated/EventListener.js:26:30)
      at innerInvokeEventListeners 
(node_modules/jsdom/lib/jsdom/living/events/EventTarget-impl.js:350:25)
      at invokeEventListeners 
(node_modules/jsdom/lib/jsdom/living/events/EventTarget-impl.js:286:3)
      at HTMLInputElementImpl._dispatch 
(node_modules/jsdom/lib/jsdom/living/events/EventTarget-impl.js:233:9)
      at HTMLInputElementImpl.dispatchEvent 
(node_modules/jsdom/lib/jsdom/living/events/EventTarget-impl.js:104:17)
      at HTMLInputElement.dispatchEvent 
(node_modules/jsdom/lib/jsdom/living/generated/EventTarget.js:241:34)
      at 
node_modules/@testing-library/user-event/dist/cjs/event/dispatchEvent.js:45:43
      at Object.eventWrapper 
(node_modules/@testing-library/dom/dist/config.js:25:23)
      at Object.wrapEvent 
(node_modules/@testing-library/user-event/dist/cjs/event/wrapEvent.js:6:28)
      at Object.dispatchEvent (node_modules/@testing-library/user-event/dist/cj
s/event/dispatchEvent.js:45:22)
      at Object.dispatchUIEvent (node_modules/@testing-library/user-event/dist/
cjs/event/dispatchEvent.js:22:26)
      at commitInput 
(node_modules/@testing-library/user-event/dist/cjs/event/input.js:145:14)
      at editInputElement 
(node_modules/@testing-library/user-event/dist/cjs/event/input.js:115:9)
      at Object.input 
(node_modules/@testing-library/user-event/dist/cjs/event/input.js:37:9)
      at node_modules/@testing-library/user-event/dist/cjs/event/behavior/keypr
ess.js:31:26
      at Object.dispatchEvent (node_modules/@testing-library/user-event/dist/cj
s/event/dispatchEvent.js:41:13)
      at Object.dispatchUIEvent (node_modules/@testing-library/user-event/dist/
cjs/event/dispatchEvent.js:22:26)
      at KeyboardHost.keydown 
(node_modules/@testing-library/user-event/dist/cjs/system/keyboard.js:76:22)
      at keyboardAction 
(node_modules/@testing-library/user-event/dist/cjs/keyboard/index.js:22:35)
      at Object.keyboard 
(node_modules/@testing-library/user-event/dist/cjs/keyboard/index.js:11:15)
      at Object.type 
(node_modules/@testing-library/user-event/dist/cjs/utility/type.js:17:5)
      at Object.<anonymous> (src/auth/auth.test.tsx:213:9)

    console.error
      Warning: An update to LoginForm inside a test was not wrapped in 
act(...).
      
      When testing, code that causes React state updates should be wrapped 
into act(...):
      
      act(() => {
        /* fire events that update state */
      });
      /* assert on the output */
      
      This ensures that you're testing the behavior the user would see in the 
browser. Learn more at https://reactjs.org/link/wrap-tests-with-act
          at LoginForm (C:\Users\samhe\OneDrive\Desktop\Cleaned\frontend\src\au
th\LoginForm\LoginForm.tsx:41:33)
          at div
          at div
          at LoginPage
          at routeContext (C:\Users\samhe\OneDrive\Desktop\Cleaned\frontend\nod
e_modules\react-router\lib\hooks.tsx:658:26)
          at children (C:\Users\samhe\OneDrive\Desktop\Cleaned\frontend\node_mo
dules\react-router\lib\components.tsx:512:3)
          at basenameProp (C:\Users\samhe\OneDrive\Desktop\Cleaned\frontend\nod
e_modules\react-router\lib\components.tsx:421:13)
          at basename (C:\Users\samhe\OneDrive\Desktop\Cleaned\frontend\node_mo
dules\react-router\lib\components.tsx:225:3)

      123 |                     placeholder="email@company.com"
      124 |                     value={email}
    > 125 |                     onChange={(e) => setEmail(e.target.value)}
          |                                      ^
      126 |                     className="w-full rounded-md border 
border-gray-300 px-3 py-2 text-sm focus:outline-none focus:ring-2 
focus:ring-gray-900 disabled:opacity-50"
      127 |                 />
      128 |             </div>

      at printWarning 
(node_modules/react-dom/cjs/react-dom.development.js:86:30)
      at error (node_modules/react-dom/cjs/react-dom.development.js:60:7)
      at warnIfUpdatesNotWrappedWithActDEV 
(node_modules/react-dom/cjs/react-dom.development.js:27628:9)
      at scheduleUpdateOnFiber 
(node_modules/react-dom/cjs/react-dom.development.js:25547:5)
      at dispatchSetState 
(node_modules/react-dom/cjs/react-dom.development.js:16708:7)
      at onChange (src/auth/LoginForm/LoginForm.tsx:125:38)
      at HTMLUnknownElement.callCallback 
(node_modules/react-dom/cjs/react-dom.development.js:4164:14)
      at HTMLUnknownElement.callTheUserObjectsOperation 
(node_modules/jsdom/lib/jsdom/living/generated/EventListener.js:26:30)
      at innerInvokeEventListeners 
(node_modules/jsdom/lib/jsdom/living/events/EventTarget-impl.js:350:25)
      at invokeEventListeners 
(node_modules/jsdom/lib/jsdom/living/events/EventTarget-impl.js:286:3)
      at HTMLUnknownElementImpl._dispatch 
(node_modules/jsdom/lib/jsdom/living/events/EventTarget-impl.js:233:9)
      at HTMLUnknownElementImpl.dispatchEvent 
(node_modules/jsdom/lib/jsdom/living/events/EventTarget-impl.js:104:17)
      at HTMLUnknownElement.dispatchEvent 
(node_modules/jsdom/lib/jsdom/living/generated/EventTarget.js:241:34)
      at Object.invokeGuardedCallbackDev 
(node_modules/react-dom/cjs/react-dom.development.js:4213:16)
      at invokeGuardedCallback 
(node_modules/react-dom/cjs/react-dom.development.js:4277:31)
      at invokeGuardedCallbackAndCatchFirstError 
(node_modules/react-dom/cjs/react-dom.development.js:4291:25)
      at executeDispatch 
(node_modules/react-dom/cjs/react-dom.development.js:9041:3)
      at processDispatchQueueItemsInOrder 
(node_modules/react-dom/cjs/react-dom.development.js:9073:7)
      at processDispatchQueue 
(node_modules/react-dom/cjs/react-dom.development.js:9086:5)
      at dispatchEventsForPlugins 
(node_modules/react-dom/cjs/react-dom.development.js:9097:3)
      at node_modules/react-dom/cjs/react-dom.development.js:9288:12
      at batchedUpdates$1 
(node_modules/react-dom/cjs/react-dom.development.js:26179:12)
      at batchedUpdates 
(node_modules/react-dom/cjs/react-dom.development.js:3991:12)
      at dispatchEventForPluginEventSystem 
(node_modules/react-dom/cjs/react-dom.development.js:9287:3)
      at dispatchEventWithEnableCapturePhaseSelectiveHydrationWithoutDiscreteEv
entReplay (node_modules/react-dom/cjs/react-dom.development.js:6465:5)
      at dispatchEvent 
(node_modules/react-dom/cjs/react-dom.development.js:6457:5)
      at dispatchDiscreteEvent 
(node_modules/react-dom/cjs/react-dom.development.js:6430:5)
      at HTMLDivElement.callTheUserObjectsOperation 
(node_modules/jsdom/lib/jsdom/living/generated/EventListener.js:26:30)
      at innerInvokeEventListeners 
(node_modules/jsdom/lib/jsdom/living/events/EventTarget-impl.js:350:25)
      at invokeEventListeners 
(node_modules/jsdom/lib/jsdom/living/events/EventTarget-impl.js:286:3)
      at HTMLInputElementImpl._dispatch 
(node_modules/jsdom/lib/jsdom/living/events/EventTarget-impl.js:233:9)
      at HTMLInputElementImpl.dispatchEvent 
(node_modules/jsdom/lib/jsdom/living/events/EventTarget-impl.js:104:17)
      at HTMLInputElement.dispatchEvent 
(node_modules/jsdom/lib/jsdom/living/generated/EventTarget.js:241:34)
      at 
node_modules/@testing-library/user-event/dist/cjs/event/dispatchEvent.js:45:43
      at Object.eventWrapper 
(node_modules/@testing-library/dom/dist/config.js:25:23)
      at Object.wrapEvent 
(node_modules/@testing-library/user-event/dist/cjs/event/wrapEvent.js:6:28)
      at Object.dispatchEvent (node_modules/@testing-library/user-event/dist/cj
s/event/dispatchEvent.js:45:22)
      at Object.dispatchUIEvent (node_modules/@testing-library/user-event/dist/
cjs/event/dispatchEvent.js:22:26)
      at commitInput 
(node_modules/@testing-library/user-event/dist/cjs/event/input.js:145:14)
      at editInputElement 
(node_modules/@testing-library/user-event/dist/cjs/event/input.js:115:9)
      at Object.input 
(node_modules/@testing-library/user-event/dist/cjs/event/input.js:37:9)
      at node_modules/@testing-library/user-event/dist/cjs/event/behavior/keypr
ess.js:31:26
      at Object.dispatchEvent (node_modules/@testing-library/user-event/dist/cj
s/event/dispatchEvent.js:41:13)
      at Object.dispatchUIEvent (node_modules/@testing-library/user-event/dist/
cjs/event/dispatchEvent.js:22:26)
      at KeyboardHost.keydown 
(node_modules/@testing-library/user-event/dist/cjs/system/keyboard.js:76:22)
      at keyboardAction 
(node_modules/@testing-library/user-event/dist/cjs/keyboard/index.js:22:35)
      at Object.keyboard 
(node_modules/@testing-library/user-event/dist/cjs/keyboard/index.js:11:15)
      at Object.type 
(node_modules/@testing-library/user-event/dist/cjs/utility/type.js:17:5)
      at Object.<anonymous> (src/auth/auth.test.tsx:213:9)

    console.error
      Warning: An update to LoginForm inside a test was not wrapped in 
act(...).
      
      When testing, code that causes React state updates should be wrapped 
into act(...):
      
      act(() => {
        /* fire events that update state */
      });
      /* assert on the output */
      
      This ensures that you're testing the behavior the user would see in the 
browser. Learn more at https://reactjs.org/link/wrap-tests-with-act
          at LoginForm (C:\Users\samhe\OneDrive\Desktop\Cleaned\frontend\src\au
th\LoginForm\LoginForm.tsx:41:33)
          at div
          at div
          at LoginPage
          at routeContext (C:\Users\samhe\OneDrive\Desktop\Cleaned\frontend\nod
e_modules\react-router\lib\hooks.tsx:658:26)
          at children (C:\Users\samhe\OneDrive\Desktop\Cleaned\frontend\node_mo
dules\react-router\lib\components.tsx:512:3)
          at basenameProp (C:\Users\samhe\OneDrive\Desktop\Cleaned\frontend\nod
e_modules\react-router\lib\components.tsx:421:13)
          at basename (C:\Users\samhe\OneDrive\Desktop\Cleaned\frontend\node_mo
dules\react-router\lib\components.tsx:225:3)

      123 |                     placeholder="email@company.com"
      124 |                     value={email}
    > 125 |                     onChange={(e) => setEmail(e.target.value)}
          |                                      ^
      126 |                     className="w-full rounded-md border 
border-gray-300 px-3 py-2 text-sm focus:outline-none focus:ring-2 
focus:ring-gray-900 disabled:opacity-50"
      127 |                 />
      128 |             </div>

      at printWarning 
(node_modules/react-dom/cjs/react-dom.development.js:86:30)
      at error (node_modules/react-dom/cjs/react-dom.development.js:60:7)
      at warnIfUpdatesNotWrappedWithActDEV 
(node_modules/react-dom/cjs/react-dom.development.js:27628:9)
      at scheduleUpdateOnFiber 
(node_modules/react-dom/cjs/react-dom.development.js:25547:5)
      at dispatchSetState 
(node_modules/react-dom/cjs/react-dom.development.js:16708:7)
      at onChange (src/auth/LoginForm/LoginForm.tsx:125:38)
      at HTMLUnknownElement.callCallback 
(node_modules/react-dom/cjs/react-dom.development.js:4164:14)
      at HTMLUnknownElement.callTheUserObjectsOperation 
(node_modules/jsdom/lib/jsdom/living/generated/EventListener.js:26:30)
      at innerInvokeEventListeners 
(node_modules/jsdom/lib/jsdom/living/events/EventTarget-impl.js:350:25)
      at invokeEventListeners 
(node_modules/jsdom/lib/jsdom/living/events/EventTarget-impl.js:286:3)
      at HTMLUnknownElementImpl._dispatch 
(node_modules/jsdom/lib/jsdom/living/events/EventTarget-impl.js:233:9)
      at HTMLUnknownElementImpl.dispatchEvent 
(node_modules/jsdom/lib/jsdom/living/events/EventTarget-impl.js:104:17)
      at HTMLUnknownElement.dispatchEvent 
(node_modules/jsdom/lib/jsdom/living/generated/EventTarget.js:241:34)
      at Object.invokeGuardedCallbackDev 
(node_modules/react-dom/cjs/react-dom.development.js:4213:16)
      at invokeGuardedCallback 
(node_modules/react-dom/cjs/react-dom.development.js:4277:31)
      at invokeGuardedCallbackAndCatchFirstError 
(node_modules/react-dom/cjs/react-dom.development.js:4291:25)
      at executeDispatch 
(node_modules/react-dom/cjs/react-dom.development.js:9041:3)
      at processDispatchQueueItemsInOrder 
(node_modules/react-dom/cjs/react-dom.development.js:9073:7)
      at processDispatchQueue 
(node_modules/react-dom/cjs/react-dom.development.js:9086:5)
      at dispatchEventsForPlugins 
(node_modules/react-dom/cjs/react-dom.development.js:9097:3)
      at node_modules/react-dom/cjs/react-dom.development.js:9288:12
      at batchedUpdates$1 
(node_modules/react-dom/cjs/react-dom.development.js:26179:12)
      at batchedUpdates 
(node_modules/react-dom/cjs/react-dom.development.js:3991:12)
      at dispatchEventForPluginEventSystem 
(node_modules/react-dom/cjs/react-dom.development.js:9287:3)
      at dispatchEventWithEnableCapturePhaseSelectiveHydrationWithoutDiscreteEv
entReplay (node_modules/react-dom/cjs/react-dom.development.js:6465:5)
      at dispatchEvent 
(node_modules/react-dom/cjs/react-dom.development.js:6457:5)
      at dispatchDiscreteEvent 
(node_modules/react-dom/cjs/react-dom.development.js:6430:5)
      at HTMLDivElement.callTheUserObjectsOperation 
(node_modules/jsdom/lib/jsdom/living/generated/EventListener.js:26:30)
      at innerInvokeEventListeners 
(node_modules/jsdom/lib/jsdom/living/events/EventTarget-impl.js:350:25)
      at invokeEventListeners 
(node_modules/jsdom/lib/jsdom/living/events/EventTarget-impl.js:286:3)
      at HTMLInputElementImpl._dispatch 
(node_modules/jsdom/lib/jsdom/living/events/EventTarget-impl.js:233:9)
      at HTMLInputElementImpl.dispatchEvent 
(node_modules/jsdom/lib/jsdom/living/events/EventTarget-impl.js:104:17)
      at HTMLInputElement.dispatchEvent 
(node_modules/jsdom/lib/jsdom/living/generated/EventTarget.js:241:34)
      at 
node_modules/@testing-library/user-event/dist/cjs/event/dispatchEvent.js:45:43
      at Object.eventWrapper 
(node_modules/@testing-library/dom/dist/config.js:25:23)
      at Object.wrapEvent 
(node_modules/@testing-library/user-event/dist/cjs/event/wrapEvent.js:6:28)
      at Object.dispatchEvent (node_modules/@testing-library/user-event/dist/cj
s/event/dispatchEvent.js:45:22)
      at Object.dispatchUIEvent (node_modules/@testing-library/user-event/dist/
cjs/event/dispatchEvent.js:22:26)
      at commitInput 
(node_modules/@testing-library/user-event/dist/cjs/event/input.js:145:14)
      at editInputElement 
(node_modules/@testing-library/user-event/dist/cjs/event/input.js:115:9)
      at Object.input 
(node_modules/@testing-library/user-event/dist/cjs/event/input.js:37:9)
      at node_modules/@testing-library/user-event/dist/cjs/event/behavior/keypr
ess.js:31:26
      at Object.dispatchEvent (node_modules/@testing-library/user-event/dist/cj
s/event/dispatchEvent.js:41:13)
      at Object.dispatchUIEvent (node_modules/@testing-library/user-event/dist/
cjs/event/dispatchEvent.js:22:26)
      at KeyboardHost.keydown 
(node_modules/@testing-library/user-event/dist/cjs/system/keyboard.js:76:22)
      at keyboardAction 
(node_modules/@testing-library/user-event/dist/cjs/keyboard/index.js:22:35)
      at Object.keyboard 
(node_modules/@testing-library/user-event/dist/cjs/keyboard/index.js:11:15)
      at Object.type 
(node_modules/@testing-library/user-event/dist/cjs/utility/type.js:17:5)
      at Object.<anonymous> (src/auth/auth.test.tsx:213:9)

    console.error
      Warning: An update to LoginForm inside a test was not wrapped in 
act(...).
      
      When testing, code that causes React state updates should be wrapped 
into act(...):
      
      act(() => {
        /* fire events that update state */
      });
      /* assert on the output */
      
      This ensures that you're testing the behavior the user would see in the 
browser. Learn more at https://reactjs.org/link/wrap-tests-with-act
          at LoginForm (C:\Users\samhe\OneDrive\Desktop\Cleaned\frontend\src\au
th\LoginForm\LoginForm.tsx:41:33)
          at div
          at div
          at LoginPage
          at routeContext (C:\Users\samhe\OneDrive\Desktop\Cleaned\frontend\nod
e_modules\react-router\lib\hooks.tsx:658:26)
          at children (C:\Users\samhe\OneDrive\Desktop\Cleaned\frontend\node_mo
dules\react-router\lib\components.tsx:512:3)
          at basenameProp (C:\Users\samhe\OneDrive\Desktop\Cleaned\frontend\nod
e_modules\react-router\lib\components.tsx:421:13)
          at basename (C:\Users\samhe\OneDrive\Desktop\Cleaned\frontend\node_mo
dules\react-router\lib\components.tsx:225:3)

      123 |                     placeholder="email@company.com"
      124 |                     value={email}
    > 125 |                     onChange={(e) => setEmail(e.target.value)}
          |                                      ^
      126 |                     className="w-full rounded-md border 
border-gray-300 px-3 py-2 text-sm focus:outline-none focus:ring-2 
focus:ring-gray-900 disabled:opacity-50"
      127 |                 />
      128 |             </div>

      at printWarning 
(node_modules/react-dom/cjs/react-dom.development.js:86:30)
      at error (node_modules/react-dom/cjs/react-dom.development.js:60:7)
      at warnIfUpdatesNotWrappedWithActDEV 
(node_modules/react-dom/cjs/react-dom.development.js:27628:9)
      at scheduleUpdateOnFiber 
(node_modules/react-dom/cjs/react-dom.development.js:25547:5)
      at dispatchSetState 
(node_modules/react-dom/cjs/react-dom.development.js:16708:7)
      at onChange (src/auth/LoginForm/LoginForm.tsx:125:38)
      at HTMLUnknownElement.callCallback 
(node_modules/react-dom/cjs/react-dom.development.js:4164:14)
      at HTMLUnknownElement.callTheUserObjectsOperation 
(node_modules/jsdom/lib/jsdom/living/generated/EventListener.js:26:30)
      at innerInvokeEventListeners 
(node_modules/jsdom/lib/jsdom/living/events/EventTarget-impl.js:350:25)
      at invokeEventListeners 
(node_modules/jsdom/lib/jsdom/living/events/EventTarget-impl.js:286:3)
      at HTMLUnknownElementImpl._dispatch 
(node_modules/jsdom/lib/jsdom/living/events/EventTarget-impl.js:233:9)
      at HTMLUnknownElementImpl.dispatchEvent 
(node_modules/jsdom/lib/jsdom/living/events/EventTarget-impl.js:104:17)
      at HTMLUnknownElement.dispatchEvent 
(node_modules/jsdom/lib/jsdom/living/generated/EventTarget.js:241:34)
      at Object.invokeGuardedCallbackDev 
(node_modules/react-dom/cjs/react-dom.development.js:4213:16)
      at invokeGuardedCallback 
(node_modules/react-dom/cjs/react-dom.development.js:4277:31)
      at invokeGuardedCallbackAndCatchFirstError 
(node_modules/react-dom/cjs/react-dom.development.js:4291:25)
      at executeDispatch 
(node_modules/react-dom/cjs/react-dom.development.js:9041:3)
      at processDispatchQueueItemsInOrder 
(node_modules/react-dom/cjs/react-dom.development.js:9073:7)
      at processDispatchQueue 
(node_modules/react-dom/cjs/react-dom.development.js:9086:5)
      at dispatchEventsForPlugins 
(node_modules/react-dom/cjs/react-dom.development.js:9097:3)
      at node_modules/react-dom/cjs/react-dom.development.js:9288:12
      at batchedUpdates$1 
(node_modules/react-dom/cjs/react-dom.development.js:26179:12)
      at batchedUpdates 
(node_modules/react-dom/cjs/react-dom.development.js:3991:12)
      at dispatchEventForPluginEventSystem 
(node_modules/react-dom/cjs/react-dom.development.js:9287:3)
      at dispatchEventWithEnableCapturePhaseSelectiveHydrationWithoutDiscreteEv
entReplay (node_modules/react-dom/cjs/react-dom.development.js:6465:5)
      at dispatchEvent 
(node_modules/react-dom/cjs/react-dom.development.js:6457:5)
      at dispatchDiscreteEvent 
(node_modules/react-dom/cjs/react-dom.development.js:6430:5)
      at HTMLDivElement.callTheUserObjectsOperation 
(node_modules/jsdom/lib/jsdom/living/generated/EventListener.js:26:30)
      at innerInvokeEventListeners 
(node_modules/jsdom/lib/jsdom/living/events/EventTarget-impl.js:350:25)
      at invokeEventListeners 
(node_modules/jsdom/lib/jsdom/living/events/EventTarget-impl.js:286:3)
      at HTMLInputElementImpl._dispatch 
(node_modules/jsdom/lib/jsdom/living/events/EventTarget-impl.js:233:9)
      at HTMLInputElementImpl.dispatchEvent 
(node_modules/jsdom/lib/jsdom/living/events/EventTarget-impl.js:104:17)
      at HTMLInputElement.dispatchEvent 
(node_modules/jsdom/lib/jsdom/living/generated/EventTarget.js:241:34)
      at 
node_modules/@testing-library/user-event/dist/cjs/event/dispatchEvent.js:45:43
      at Object.eventWrapper 
(node_modules/@testing-library/dom/dist/config.js:25:23)
      at Object.wrapEvent 
(node_modules/@testing-library/user-event/dist/cjs/event/wrapEvent.js:6:28)
      at Object.dispatchEvent (node_modules/@testing-library/user-event/dist/cj
s/event/dispatchEvent.js:45:22)
      at Object.dispatchUIEvent (node_modules/@testing-library/user-event/dist/
cjs/event/dispatchEvent.js:22:26)
      at commitInput 
(node_modules/@testing-library/user-event/dist/cjs/event/input.js:145:14)
      at editInputElement 
(node_modules/@testing-library/user-event/dist/cjs/event/input.js:115:9)
      at Object.input 
(node_modules/@testing-library/user-event/dist/cjs/event/input.js:37:9)
      at node_modules/@testing-library/user-event/dist/cjs/event/behavior/keypr
ess.js:31:26
      at Object.dispatchEvent (node_modules/@testing-library/user-event/dist/cj
s/event/dispatchEvent.js:41:13)
      at Object.dispatchUIEvent (node_modules/@testing-library/user-event/dist/
cjs/event/dispatchEvent.js:22:26)
      at KeyboardHost.keydown 
(node_modules/@testing-library/user-event/dist/cjs/system/keyboard.js:76:22)
      at keyboardAction 
(node_modules/@testing-library/user-event/dist/cjs/keyboard/index.js:22:35)
      at Object.keyboard 
(node_modules/@testing-library/user-event/dist/cjs/keyboard/index.js:11:15)
      at Object.type 
(node_modules/@testing-library/user-event/dist/cjs/utility/type.js:17:5)
      at Object.<anonymous> (src/auth/auth.test.tsx:213:9)

    console.error
      Warning: An update to LoginForm inside a test was not wrapped in 
act(...).
      
      When testing, code that causes React state updates should be wrapped 
into act(...):
      
      act(() => {
        /* fire events that update state */
      });
      /* assert on the output */
      
      This ensures that you're testing the behavior the user would see in the 
browser. Learn more at https://reactjs.org/link/wrap-tests-with-act
          at LoginForm (C:\Users\samhe\OneDrive\Desktop\Cleaned\frontend\src\au
th\LoginForm\LoginForm.tsx:41:33)
          at div
          at div
          at LoginPage
          at routeContext (C:\Users\samhe\OneDrive\Desktop\Cleaned\frontend\nod
e_modules\react-router\lib\hooks.tsx:658:26)
          at children (C:\Users\samhe\OneDrive\Desktop\Cleaned\frontend\node_mo
dules\react-router\lib\components.tsx:512:3)
          at basenameProp (C:\Users\samhe\OneDrive\Desktop\Cleaned\frontend\nod
e_modules\react-router\lib\components.tsx:421:13)
          at basename (C:\Users\samhe\OneDrive\Desktop\Cleaned\frontend\node_mo
dules\react-router\lib\components.tsx:225:3)

      123 |                     placeholder="email@company.com"
      124 |                     value={email}
    > 125 |                     onChange={(e) => setEmail(e.target.value)}
          |                                      ^
      126 |                     className="w-full rounded-md border 
border-gray-300 px-3 py-2 text-sm focus:outline-none focus:ring-2 
focus:ring-gray-900 disabled:opacity-50"
      127 |                 />
      128 |             </div>

      at printWarning 
(node_modules/react-dom/cjs/react-dom.development.js:86:30)
      at error (node_modules/react-dom/cjs/react-dom.development.js:60:7)
      at warnIfUpdatesNotWrappedWithActDEV 
(node_modules/react-dom/cjs/react-dom.development.js:27628:9)
      at scheduleUpdateOnFiber 
(node_modules/react-dom/cjs/react-dom.development.js:25547:5)
      at dispatchSetState 
(node_modules/react-dom/cjs/react-dom.development.js:16708:7)
      at onChange (src/auth/LoginForm/LoginForm.tsx:125:38)
      at HTMLUnknownElement.callCallback 
(node_modules/react-dom/cjs/react-dom.development.js:4164:14)
      at HTMLUnknownElement.callTheUserObjectsOperation 
(node_modules/jsdom/lib/jsdom/living/generated/EventListener.js:26:30)
      at innerInvokeEventListeners 
(node_modules/jsdom/lib/jsdom/living/events/EventTarget-impl.js:350:25)
      at invokeEventListeners 
(node_modules/jsdom/lib/jsdom/living/events/EventTarget-impl.js:286:3)
      at HTMLUnknownElementImpl._dispatch 
(node_modules/jsdom/lib/jsdom/living/events/EventTarget-impl.js:233:9)
      at HTMLUnknownElementImpl.dispatchEvent 
(node_modules/jsdom/lib/jsdom/living/events/EventTarget-impl.js:104:17)
      at HTMLUnknownElement.dispatchEvent 
(node_modules/jsdom/lib/jsdom/living/generated/EventTarget.js:241:34)
      at Object.invokeGuardedCallbackDev 
(node_modules/react-dom/cjs/react-dom.development.js:4213:16)
      at invokeGuardedCallback 
(node_modules/react-dom/cjs/react-dom.development.js:4277:31)
      at invokeGuardedCallbackAndCatchFirstError 
(node_modules/react-dom/cjs/react-dom.development.js:4291:25)
      at executeDispatch 
(node_modules/react-dom/cjs/react-dom.development.js:9041:3)
      at processDispatchQueueItemsInOrder 
(node_modules/react-dom/cjs/react-dom.development.js:9073:7)
      at processDispatchQueue 
(node_modules/react-dom/cjs/react-dom.development.js:9086:5)
      at dispatchEventsForPlugins 
(node_modules/react-dom/cjs/react-dom.development.js:9097:3)
      at node_modules/react-dom/cjs/react-dom.development.js:9288:12
      at batchedUpdates$1 
(node_modules/react-dom/cjs/react-dom.development.js:26179:12)
      at batchedUpdates 
(node_modules/react-dom/cjs/react-dom.development.js:3991:12)
      at dispatchEventForPluginEventSystem 
(node_modules/react-dom/cjs/react-dom.development.js:9287:3)
      at dispatchEventWithEnableCapturePhaseSelectiveHydrationWithoutDiscreteEv
entReplay (node_modules/react-dom/cjs/react-dom.development.js:6465:5)
      at dispatchEvent 
(node_modules/react-dom/cjs/react-dom.development.js:6457:5)
      at dispatchDiscreteEvent 
(node_modules/react-dom/cjs/react-dom.development.js:6430:5)
      at HTMLDivElement.callTheUserObjectsOperation 
(node_modules/jsdom/lib/jsdom/living/generated/EventListener.js:26:30)
      at innerInvokeEventListeners 
(node_modules/jsdom/lib/jsdom/living/events/EventTarget-impl.js:350:25)
      at invokeEventListeners 
(node_modules/jsdom/lib/jsdom/living/events/EventTarget-impl.js:286:3)
      at HTMLInputElementImpl._dispatch 
(node_modules/jsdom/lib/jsdom/living/events/EventTarget-impl.js:233:9)
      at HTMLInputElementImpl.dispatchEvent 
(node_modules/jsdom/lib/jsdom/living/events/EventTarget-impl.js:104:17)
      at HTMLInputElement.dispatchEvent 
(node_modules/jsdom/lib/jsdom/living/generated/EventTarget.js:241:34)
      at 
node_modules/@testing-library/user-event/dist/cjs/event/dispatchEvent.js:45:43
      at Object.eventWrapper 
(node_modules/@testing-library/dom/dist/config.js:25:23)
      at Object.wrapEvent 
(node_modules/@testing-library/user-event/dist/cjs/event/wrapEvent.js:6:28)
      at Object.dispatchEvent (node_modules/@testing-library/user-event/dist/cj
s/event/dispatchEvent.js:45:22)
      at Object.dispatchUIEvent (node_modules/@testing-library/user-event/dist/
cjs/event/dispatchEvent.js:22:26)
      at commitInput 
(node_modules/@testing-library/user-event/dist/cjs/event/input.js:145:14)
      at editInputElement 
(node_modules/@testing-library/user-event/dist/cjs/event/input.js:115:9)
      at Object.input 
(node_modules/@testing-library/user-event/dist/cjs/event/input.js:37:9)
      at node_modules/@testing-library/user-event/dist/cjs/event/behavior/keypr
ess.js:31:26
      at Object.dispatchEvent (node_modules/@testing-library/user-event/dist/cj
s/event/dispatchEvent.js:41:13)
      at Object.dispatchUIEvent (node_modules/@testing-library/user-event/dist/
cjs/event/dispatchEvent.js:22:26)
      at KeyboardHost.keydown 
(node_modules/@testing-library/user-event/dist/cjs/system/keyboard.js:76:22)
      at keyboardAction 
(node_modules/@testing-library/user-event/dist/cjs/keyboard/index.js:22:35)
      at Object.keyboard 
(node_modules/@testing-library/user-event/dist/cjs/keyboard/index.js:11:15)
      at Object.type 
(node_modules/@testing-library/user-event/dist/cjs/utility/type.js:17:5)
      at Object.<anonymous> (src/auth/auth.test.tsx:213:9)

    console.error
      Warning: An update to LoginForm inside a test was not wrapped in 
act(...).
      
      When testing, code that causes React state updates should be wrapped 
into act(...):
      
      act(() => {
        /* fire events that update state */
      });
      /* assert on the output */
      
      This ensures that you're testing the behavior the user would see in the 
browser. Learn more at https://reactjs.org/link/wrap-tests-with-act
          at LoginForm (C:\Users\samhe\OneDrive\Desktop\Cleaned\frontend\src\au
th\LoginForm\LoginForm.tsx:41:33)
          at div
          at div
          at LoginPage
          at routeContext (C:\Users\samhe\OneDrive\Desktop\Cleaned\frontend\nod
e_modules\react-router\lib\hooks.tsx:658:26)
          at children (C:\Users\samhe\OneDrive\Desktop\Cleaned\frontend\node_mo
dules\react-router\lib\components.tsx:512:3)
          at basenameProp (C:\Users\samhe\OneDrive\Desktop\Cleaned\frontend\nod
e_modules\react-router\lib\components.tsx:421:13)
          at basename (C:\Users\samhe\OneDrive\Desktop\Cleaned\frontend\node_mo
dules\react-router\lib\components.tsx:225:3)

      123 |                     placeholder="email@company.com"
      124 |                     value={email}
    > 125 |                     onChange={(e) => setEmail(e.target.value)}
          |                                      ^
      126 |                     className="w-full rounded-md border 
border-gray-300 px-3 py-2 text-sm focus:outline-none focus:ring-2 
focus:ring-gray-900 disabled:opacity-50"
      127 |                 />
      128 |             </div>

      at printWarning 
(node_modules/react-dom/cjs/react-dom.development.js:86:30)
      at error (node_modules/react-dom/cjs/react-dom.development.js:60:7)
      at warnIfUpdatesNotWrappedWithActDEV 
(node_modules/react-dom/cjs/react-dom.development.js:27628:9)
      at scheduleUpdateOnFiber 
(node_modules/react-dom/cjs/react-dom.development.js:25547:5)
      at dispatchSetState 
(node_modules/react-dom/cjs/react-dom.development.js:16708:7)
      at onChange (src/auth/LoginForm/LoginForm.tsx:125:38)
      at HTMLUnknownElement.callCallback 
(node_modules/react-dom/cjs/react-dom.development.js:4164:14)
      at HTMLUnknownElement.callTheUserObjectsOperation 
(node_modules/jsdom/lib/jsdom/living/generated/EventListener.js:26:30)
      at innerInvokeEventListeners 
(node_modules/jsdom/lib/jsdom/living/events/EventTarget-impl.js:350:25)
      at invokeEventListeners 
(node_modules/jsdom/lib/jsdom/living/events/EventTarget-impl.js:286:3)
      at HTMLUnknownElementImpl._dispatch 
(node_modules/jsdom/lib/jsdom/living/events/EventTarget-impl.js:233:9)
      at HTMLUnknownElementImpl.dispatchEvent 
(node_modules/jsdom/lib/jsdom/living/events/EventTarget-impl.js:104:17)
      at HTMLUnknownElement.dispatchEvent 
(node_modules/jsdom/lib/jsdom/living/generated/EventTarget.js:241:34)
      at Object.invokeGuardedCallbackDev 
(node_modules/react-dom/cjs/react-dom.development.js:4213:16)
      at invokeGuardedCallback 
(node_modules/react-dom/cjs/react-dom.development.js:4277:31)
      at invokeGuardedCallbackAndCatchFirstError 
(node_modules/react-dom/cjs/react-dom.development.js:4291:25)
      at executeDispatch 
(node_modules/react-dom/cjs/react-dom.development.js:9041:3)
      at processDispatchQueueItemsInOrder 
(node_modules/react-dom/cjs/react-dom.development.js:9073:7)
      at processDispatchQueue 
(node_modules/react-dom/cjs/react-dom.development.js:9086:5)
      at dispatchEventsForPlugins 
(node_modules/react-dom/cjs/react-dom.development.js:9097:3)
      at node_modules/react-dom/cjs/react-dom.development.js:9288:12
      at batchedUpdates$1 
(node_modules/react-dom/cjs/react-dom.development.js:26179:12)
      at batchedUpdates 
(node_modules/react-dom/cjs/react-dom.development.js:3991:12)
      at dispatchEventForPluginEventSystem 
(node_modules/react-dom/cjs/react-dom.development.js:9287:3)
      at dispatchEventWithEnableCapturePhaseSelectiveHydrationWithoutDiscreteEv
entReplay (node_modules/react-dom/cjs/react-dom.development.js:6465:5)
      at dispatchEvent 
(node_modules/react-dom/cjs/react-dom.development.js:6457:5)
      at dispatchDiscreteEvent 
(node_modules/react-dom/cjs/react-dom.development.js:6430:5)
      at HTMLDivElement.callTheUserObjectsOperation 
(node_modules/jsdom/lib/jsdom/living/generated/EventListener.js:26:30)
      at innerInvokeEventListeners 
(node_modules/jsdom/lib/jsdom/living/events/EventTarget-impl.js:350:25)
      at invokeEventListeners 
(node_modules/jsdom/lib/jsdom/living/events/EventTarget-impl.js:286:3)
      at HTMLInputElementImpl._dispatch 
(node_modules/jsdom/lib/jsdom/living/events/EventTarget-impl.js:233:9)
      at HTMLInputElementImpl.dispatchEvent 
(node_modules/jsdom/lib/jsdom/living/events/EventTarget-impl.js:104:17)
      at HTMLInputElement.dispatchEvent 
(node_modules/jsdom/lib/jsdom/living/generated/EventTarget.js:241:34)
      at 
node_modules/@testing-library/user-event/dist/cjs/event/dispatchEvent.js:45:43
      at Object.eventWrapper 
(node_modules/@testing-library/dom/dist/config.js:25:23)
      at Object.wrapEvent 
(node_modules/@testing-library/user-event/dist/cjs/event/wrapEvent.js:6:28)
      at Object.dispatchEvent (node_modules/@testing-library/user-event/dist/cj
s/event/dispatchEvent.js:45:22)
      at Object.dispatchUIEvent (node_modules/@testing-library/user-event/dist/
cjs/event/dispatchEvent.js:22:26)
      at commitInput 
(node_modules/@testing-library/user-event/dist/cjs/event/input.js:145:14)
      at editInputElement 
(node_modules/@testing-library/user-event/dist/cjs/event/input.js:115:9)
      at Object.input 
(node_modules/@testing-library/user-event/dist/cjs/event/input.js:37:9)
      at node_modules/@testing-library/user-event/dist/cjs/event/behavior/keypr
ess.js:31:26
      at Object.dispatchEvent (node_modules/@testing-library/user-event/dist/cj
s/event/dispatchEvent.js:41:13)
      at Object.dispatchUIEvent (node_modules/@testing-library/user-event/dist/
cjs/event/dispatchEvent.js:22:26)
      at KeyboardHost.keydown 
(node_modules/@testing-library/user-event/dist/cjs/system/keyboard.js:76:22)
      at keyboardAction 
(node_modules/@testing-library/user-event/dist/cjs/keyboard/index.js:22:35)
      at Object.keyboard 
(node_modules/@testing-library/user-event/dist/cjs/keyboard/index.js:11:15)
      at Object.type 
(node_modules/@testing-library/user-event/dist/cjs/utility/type.js:17:5)
      at Object.<anonymous> (src/auth/auth.test.tsx:213:9)

    console.error
      Warning: An update to LoginForm inside a test was not wrapped in 
act(...).
      
      When testing, code that causes React state updates should be wrapped 
into act(...):
      
      act(() => {
        /* fire events that update state */
      });
      /* assert on the output */
      
      This ensures that you're testing the behavior the user would see in the 
browser. Learn more at https://reactjs.org/link/wrap-tests-with-act
          at LoginForm (C:\Users\samhe\OneDrive\Desktop\Cleaned\frontend\src\au
th\LoginForm\LoginForm.tsx:41:33)
          at div
          at div
          at LoginPage
          at routeContext (C:\Users\samhe\OneDrive\Desktop\Cleaned\frontend\nod
e_modules\react-router\lib\hooks.tsx:658:26)
          at children (C:\Users\samhe\OneDrive\Desktop\Cleaned\frontend\node_mo
dules\react-router\lib\components.tsx:512:3)
          at basenameProp (C:\Users\samhe\OneDrive\Desktop\Cleaned\frontend\nod
e_modules\react-router\lib\components.tsx:421:13)
          at basename (C:\Users\samhe\OneDrive\Desktop\Cleaned\frontend\node_mo
dules\react-router\lib\components.tsx:225:3)

      123 |                     placeholder="email@company.com"
      124 |                     value={email}
    > 125 |                     onChange={(e) => setEmail(e.target.value)}
          |                                      ^
      126 |                     className="w-full rounded-md border 
border-gray-300 px-3 py-2 text-sm focus:outline-none focus:ring-2 
focus:ring-gray-900 disabled:opacity-50"
      127 |                 />
      128 |             </div>

      at printWarning 
(node_modules/react-dom/cjs/react-dom.development.js:86:30)
      at error (node_modules/react-dom/cjs/react-dom.development.js:60:7)
      at warnIfUpdatesNotWrappedWithActDEV 
(node_modules/react-dom/cjs/react-dom.development.js:27628:9)
      at scheduleUpdateOnFiber 
(node_modules/react-dom/cjs/react-dom.development.js:25547:5)
      at dispatchSetState 
(node_modules/react-dom/cjs/react-dom.development.js:16708:7)
      at onChange (src/auth/LoginForm/LoginForm.tsx:125:38)
      at HTMLUnknownElement.callCallback 
(node_modules/react-dom/cjs/react-dom.development.js:4164:14)
      at HTMLUnknownElement.callTheUserObjectsOperation 
(node_modules/jsdom/lib/jsdom/living/generated/EventListener.js:26:30)
      at innerInvokeEventListeners 
(node_modules/jsdom/lib/jsdom/living/events/EventTarget-impl.js:350:25)
      at invokeEventListeners 
(node_modules/jsdom/lib/jsdom/living/events/EventTarget-impl.js:286:3)
      at HTMLUnknownElementImpl._dispatch 
(node_modules/jsdom/lib/jsdom/living/events/EventTarget-impl.js:233:9)
      at HTMLUnknownElementImpl.dispatchEvent 
(node_modules/jsdom/lib/jsdom/living/events/EventTarget-impl.js:104:17)
      at HTMLUnknownElement.dispatchEvent 
(node_modules/jsdom/lib/jsdom/living/generated/EventTarget.js:241:34)
      at Object.invokeGuardedCallbackDev 
(node_modules/react-dom/cjs/react-dom.development.js:4213:16)
      at invokeGuardedCallback 
(node_modules/react-dom/cjs/react-dom.development.js:4277:31)
      at invokeGuardedCallbackAndCatchFirstError 
(node_modules/react-dom/cjs/react-dom.development.js:4291:25)
      at executeDispatch 
(node_modules/react-dom/cjs/react-dom.development.js:9041:3)
      at processDispatchQueueItemsInOrder 
(node_modules/react-dom/cjs/react-dom.development.js:9073:7)
      at processDispatchQueue 
(node_modules/react-dom/cjs/react-dom.development.js:9086:5)
      at dispatchEventsForPlugins 
(node_modules/react-dom/cjs/react-dom.development.js:9097:3)
      at node_modules/react-dom/cjs/react-dom.development.js:9288:12
      at batchedUpdates$1 
(node_modules/react-dom/cjs/react-dom.development.js:26179:12)
      at batchedUpdates 
(node_modules/react-dom/cjs/react-dom.development.js:3991:12)
      at dispatchEventForPluginEventSystem 
(node_modules/react-dom/cjs/react-dom.development.js:9287:3)
      at dispatchEventWithEnableCapturePhaseSelectiveHydrationWithoutDiscreteEv
entReplay (node_modules/react-dom/cjs/react-dom.development.js:6465:5)
      at dispatchEvent 
(node_modules/react-dom/cjs/react-dom.development.js:6457:5)
      at dispatchDiscreteEvent 
(node_modules/react-dom/cjs/react-dom.development.js:6430:5)
      at HTMLDivElement.callTheUserObjectsOperation 
(node_modules/jsdom/lib/jsdom/living/generated/EventListener.js:26:30)
      at innerInvokeEventListeners 
(node_modules/jsdom/lib/jsdom/living/events/EventTarget-impl.js:350:25)
      at invokeEventListeners 
(node_modules/jsdom/lib/jsdom/living/events/EventTarget-impl.js:286:3)
      at HTMLInputElementImpl._dispatch 
(node_modules/jsdom/lib/jsdom/living/events/EventTarget-impl.js:233:9)
      at HTMLInputElementImpl.dispatchEvent 
(node_modules/jsdom/lib/jsdom/living/events/EventTarget-impl.js:104:17)
      at HTMLInputElement.dispatchEvent 
(node_modules/jsdom/lib/jsdom/living/generated/EventTarget.js:241:34)
      at 
node_modules/@testing-library/user-event/dist/cjs/event/dispatchEvent.js:45:43
      at Object.eventWrapper 
(node_modules/@testing-library/dom/dist/config.js:25:23)
      at Object.wrapEvent 
(node_modules/@testing-library/user-event/dist/cjs/event/wrapEvent.js:6:28)
      at Object.dispatchEvent (node_modules/@testing-library/user-event/dist/cj
s/event/dispatchEvent.js:45:22)
      at Object.dispatchUIEvent (node_modules/@testing-library/user-event/dist/
cjs/event/dispatchEvent.js:22:26)
      at commitInput 
(node_modules/@testing-library/user-event/dist/cjs/event/input.js:145:14)
      at editInputElement 
(node_modules/@testing-library/user-event/dist/cjs/event/input.js:115:9)
      at Object.input 
(node_modules/@testing-library/user-event/dist/cjs/event/input.js:37:9)
      at node_modules/@testing-library/user-event/dist/cjs/event/behavior/keypr
ess.js:31:26
      at Object.dispatchEvent (node_modules/@testing-library/user-event/dist/cj
s/event/dispatchEvent.js:41:13)
      at Object.dispatchUIEvent (node_modules/@testing-library/user-event/dist/
cjs/event/dispatchEvent.js:22:26)
      at KeyboardHost.keydown 
(node_modules/@testing-library/user-event/dist/cjs/system/keyboard.js:76:22)
      at keyboardAction 
(node_modules/@testing-library/user-event/dist/cjs/keyboard/index.js:22:35)
      at Object.keyboard 
(node_modules/@testing-library/user-event/dist/cjs/keyboard/index.js:11:15)
      at Object.type 
(node_modules/@testing-library/user-event/dist/cjs/utility/type.js:17:5)
      at Object.<anonymous> (src/auth/auth.test.tsx:213:9)

    console.error
      Warning: An update to LoginForm inside a test was not wrapped in 
act(...).
      
      When testing, code that causes React state updates should be wrapped 
into act(...):
      
      act(() => {
        /* fire events that update state */
      });
      /* assert on the output */
      
      This ensures that you're testing the behavior the user would see in the 
browser. Learn more at https://reactjs.org/link/wrap-tests-with-act
          at LoginForm (C:\Users\samhe\OneDrive\Desktop\Cleaned\frontend\src\au
th\LoginForm\LoginForm.tsx:41:33)
          at div
          at div
          at LoginPage
          at routeContext (C:\Users\samhe\OneDrive\Desktop\Cleaned\frontend\nod
e_modules\react-router\lib\hooks.tsx:658:26)
          at children (C:\Users\samhe\OneDrive\Desktop\Cleaned\frontend\node_mo
dules\react-router\lib\components.tsx:512:3)
          at basenameProp (C:\Users\samhe\OneDrive\Desktop\Cleaned\frontend\nod
e_modules\react-router\lib\components.tsx:421:13)
          at basename (C:\Users\samhe\OneDrive\Desktop\Cleaned\frontend\node_mo
dules\react-router\lib\components.tsx:225:3)

      123 |                     placeholder="email@company.com"
      124 |                     value={email}
    > 125 |                     onChange={(e) => setEmail(e.target.value)}
          |                                      ^
      126 |                     className="w-full rounded-md border 
border-gray-300 px-3 py-2 text-sm focus:outline-none focus:ring-2 
focus:ring-gray-900 disabled:opacity-50"
      127 |                 />
      128 |             </div>

      at printWarning 
(node_modules/react-dom/cjs/react-dom.development.js:86:30)
      at error (node_modules/react-dom/cjs/react-dom.development.js:60:7)
      at warnIfUpdatesNotWrappedWithActDEV 
(node_modules/react-dom/cjs/react-dom.development.js:27628:9)
      at scheduleUpdateOnFiber 
(node_modules/react-dom/cjs/react-dom.development.js:25547:5)
      at dispatchSetState 
(node_modules/react-dom/cjs/react-dom.development.js:16708:7)
      at onChange (src/auth/LoginForm/LoginForm.tsx:125:38)
      at HTMLUnknownElement.callCallback 
(node_modules/react-dom/cjs/react-dom.development.js:4164:14)
      at HTMLUnknownElement.callTheUserObjectsOperation 
(node_modules/jsdom/lib/jsdom/living/generated/EventListener.js:26:30)
      at innerInvokeEventListeners 
(node_modules/jsdom/lib/jsdom/living/events/EventTarget-impl.js:350:25)
      at invokeEventListeners 
(node_modules/jsdom/lib/jsdom/living/events/EventTarget-impl.js:286:3)
      at HTMLUnknownElementImpl._dispatch 
(node_modules/jsdom/lib/jsdom/living/events/EventTarget-impl.js:233:9)
      at HTMLUnknownElementImpl.dispatchEvent 
(node_modules/jsdom/lib/jsdom/living/events/EventTarget-impl.js:104:17)
      at HTMLUnknownElement.dispatchEvent 
(node_modules/jsdom/lib/jsdom/living/generated/EventTarget.js:241:34)
      at Object.invokeGuardedCallbackDev 
(node_modules/react-dom/cjs/react-dom.development.js:4213:16)
      at invokeGuardedCallback 
(node_modules/react-dom/cjs/react-dom.development.js:4277:31)
      at invokeGuardedCallbackAndCatchFirstError 
(node_modules/react-dom/cjs/react-dom.development.js:4291:25)
      at executeDispatch 
(node_modules/react-dom/cjs/react-dom.development.js:9041:3)
      at processDispatchQueueItemsInOrder 
(node_modules/react-dom/cjs/react-dom.development.js:9073:7)
      at processDispatchQueue 
(node_modules/react-dom/cjs/react-dom.development.js:9086:5)
      at dispatchEventsForPlugins 
(node_modules/react-dom/cjs/react-dom.development.js:9097:3)
      at node_modules/react-dom/cjs/react-dom.development.js:9288:12
      at batchedUpdates$1 
(node_modules/react-dom/cjs/react-dom.development.js:26179:12)
      at batchedUpdates 
(node_modules/react-dom/cjs/react-dom.development.js:3991:12)
      at dispatchEventForPluginEventSystem 
(node_modules/react-dom/cjs/react-dom.development.js:9287:3)
      at dispatchEventWithEnableCapturePhaseSelectiveHydrationWithoutDiscreteEv
entReplay (node_modules/react-dom/cjs/react-dom.development.js:6465:5)
      at dispatchEvent 
(node_modules/react-dom/cjs/react-dom.development.js:6457:5)
      at dispatchDiscreteEvent 
(node_modules/react-dom/cjs/react-dom.development.js:6430:5)
      at HTMLDivElement.callTheUserObjectsOperation 
(node_modules/jsdom/lib/jsdom/living/generated/EventListener.js:26:30)
      at innerInvokeEventListeners 
(node_modules/jsdom/lib/jsdom/living/events/EventTarget-impl.js:350:25)
      at invokeEventListeners 
(node_modules/jsdom/lib/jsdom/living/events/EventTarget-impl.js:286:3)
      at HTMLInputElementImpl._dispatch 
(node_modules/jsdom/lib/jsdom/living/events/EventTarget-impl.js:233:9)
      at HTMLInputElementImpl.dispatchEvent 
(node_modules/jsdom/lib/jsdom/living/events/EventTarget-impl.js:104:17)
      at HTMLInputElement.dispatchEvent 
(node_modules/jsdom/lib/jsdom/living/generated/EventTarget.js:241:34)
      at 
node_modules/@testing-library/user-event/dist/cjs/event/dispatchEvent.js:45:43
      at Object.eventWrapper 
(node_modules/@testing-library/dom/dist/config.js:25:23)
      at Object.wrapEvent 
(node_modules/@testing-library/user-event/dist/cjs/event/wrapEvent.js:6:28)
      at Object.dispatchEvent (node_modules/@testing-library/user-event/dist/cj
s/event/dispatchEvent.js:45:22)
      at Object.dispatchUIEvent (node_modules/@testing-library/user-event/dist/
cjs/event/dispatchEvent.js:22:26)
      at commitInput 
(node_modules/@testing-library/user-event/dist/cjs/event/input.js:145:14)
      at editInputElement 
(node_modules/@testing-library/user-event/dist/cjs/event/input.js:115:9)
      at Object.input 
(node_modules/@testing-library/user-event/dist/cjs/event/input.js:37:9)
      at node_modules/@testing-library/user-event/dist/cjs/event/behavior/keypr
ess.js:31:26
      at Object.dispatchEvent (node_modules/@testing-library/user-event/dist/cj
s/event/dispatchEvent.js:41:13)
      at Object.dispatchUIEvent (node_modules/@testing-library/user-event/dist/
cjs/event/dispatchEvent.js:22:26)
      at KeyboardHost.keydown 
(node_modules/@testing-library/user-event/dist/cjs/system/keyboard.js:76:22)
      at keyboardAction 
(node_modules/@testing-library/user-event/dist/cjs/keyboard/index.js:22:35)
      at Object.keyboard 
(node_modules/@testing-library/user-event/dist/cjs/keyboard/index.js:11:15)
      at Object.type 
(node_modules/@testing-library/user-event/dist/cjs/utility/type.js:17:5)
      at Object.<anonymous> (src/auth/auth.test.tsx:213:9)

    console.error
      Warning: An update to LoginForm inside a test was not wrapped in 
act(...).
      
      When testing, code that causes React state updates should be wrapped 
into act(...):
      
      act(() => {
        /* fire events that update state */
      });
      /* assert on the output */
      
      This ensures that you're testing the behavior the user would see in the 
browser. Learn more at https://reactjs.org/link/wrap-tests-with-act
          at LoginForm (C:\Users\samhe\OneDrive\Desktop\Cleaned\frontend\src\au
th\LoginForm\LoginForm.tsx:41:33)
          at div
          at div
          at LoginPage
          at routeContext (C:\Users\samhe\OneDrive\Desktop\Cleaned\frontend\nod
e_modules\react-router\lib\hooks.tsx:658:26)
          at children (C:\Users\samhe\OneDrive\Desktop\Cleaned\frontend\node_mo
dules\react-router\lib\components.tsx:512:3)
          at basenameProp (C:\Users\samhe\OneDrive\Desktop\Cleaned\frontend\nod
e_modules\react-router\lib\components.tsx:421:13)
          at basename (C:\Users\samhe\OneDrive\Desktop\Cleaned\frontend\node_mo
dules\react-router\lib\components.tsx:225:3)

      123 |                     placeholder="email@company.com"
      124 |                     value={email}
    > 125 |                     onChange={(e) => setEmail(e.target.value)}
          |                                      ^
      126 |                     className="w-full rounded-md border 
border-gray-300 px-3 py-2 text-sm focus:outline-none focus:ring-2 
focus:ring-gray-900 disabled:opacity-50"
      127 |                 />
      128 |             </div>

      at printWarning 
(node_modules/react-dom/cjs/react-dom.development.js:86:30)
      at error (node_modules/react-dom/cjs/react-dom.development.js:60:7)
      at warnIfUpdatesNotWrappedWithActDEV 
(node_modules/react-dom/cjs/react-dom.development.js:27628:9)
      at scheduleUpdateOnFiber 
(node_modules/react-dom/cjs/react-dom.development.js:25547:5)
      at dispatchSetState 
(node_modules/react-dom/cjs/react-dom.development.js:16708:7)
      at onChange (src/auth/LoginForm/LoginForm.tsx:125:38)
      at HTMLUnknownElement.callCallback 
(node_modules/react-dom/cjs/react-dom.development.js:4164:14)
      at HTMLUnknownElement.callTheUserObjectsOperation 
(node_modules/jsdom/lib/jsdom/living/generated/EventListener.js:26:30)
      at innerInvokeEventListeners 
(node_modules/jsdom/lib/jsdom/living/events/EventTarget-impl.js:350:25)
      at invokeEventListeners 
(node_modules/jsdom/lib/jsdom/living/events/EventTarget-impl.js:286:3)
      at HTMLUnknownElementImpl._dispatch 
(node_modules/jsdom/lib/jsdom/living/events/EventTarget-impl.js:233:9)
      at HTMLUnknownElementImpl.dispatchEvent 
(node_modules/jsdom/lib/jsdom/living/events/EventTarget-impl.js:104:17)
      at HTMLUnknownElement.dispatchEvent 
(node_modules/jsdom/lib/jsdom/living/generated/EventTarget.js:241:34)
      at Object.invokeGuardedCallbackDev 
(node_modules/react-dom/cjs/react-dom.development.js:4213:16)
      at invokeGuardedCallback 
(node_modules/react-dom/cjs/react-dom.development.js:4277:31)
      at invokeGuardedCallbackAndCatchFirstError 
(node_modules/react-dom/cjs/react-dom.development.js:4291:25)
      at executeDispatch 
(node_modules/react-dom/cjs/react-dom.development.js:9041:3)
      at processDispatchQueueItemsInOrder 
(node_modules/react-dom/cjs/react-dom.development.js:9073:7)
      at processDispatchQueue 
(node_modules/react-dom/cjs/react-dom.development.js:9086:5)
      at dispatchEventsForPlugins 
(node_modules/react-dom/cjs/react-dom.development.js:9097:3)
      at node_modules/react-dom/cjs/react-dom.development.js:9288:12
      at batchedUpdates$1 
(node_modules/react-dom/cjs/react-dom.development.js:26179:12)
      at batchedUpdates 
(node_modules/react-dom/cjs/react-dom.development.js:3991:12)
      at dispatchEventForPluginEventSystem 
(node_modules/react-dom/cjs/react-dom.development.js:9287:3)
      at dispatchEventWithEnableCapturePhaseSelectiveHydrationWithoutDiscreteEv
entReplay (node_modules/react-dom/cjs/react-dom.development.js:6465:5)
      at dispatchEvent 
(node_modules/react-dom/cjs/react-dom.development.js:6457:5)
      at dispatchDiscreteEvent 
(node_modules/react-dom/cjs/react-dom.development.js:6430:5)
      at HTMLDivElement.callTheUserObjectsOperation 
(node_modules/jsdom/lib/jsdom/living/generated/EventListener.js:26:30)
      at innerInvokeEventListeners 
(node_modules/jsdom/lib/jsdom/living/events/EventTarget-impl.js:350:25)
      at invokeEventListeners 
(node_modules/jsdom/lib/jsdom/living/events/EventTarget-impl.js:286:3)
      at HTMLInputElementImpl._dispatch 
(node_modules/jsdom/lib/jsdom/living/events/EventTarget-impl.js:233:9)
      at HTMLInputElementImpl.dispatchEvent 
(node_modules/jsdom/lib/jsdom/living/events/EventTarget-impl.js:104:17)
      at HTMLInputElement.dispatchEvent 
(node_modules/jsdom/lib/jsdom/living/generated/EventTarget.js:241:34)
      at 
node_modules/@testing-library/user-event/dist/cjs/event/dispatchEvent.js:45:43
      at Object.eventWrapper 
(node_modules/@testing-library/dom/dist/config.js:25:23)
      at Object.wrapEvent 
(node_modules/@testing-library/user-event/dist/cjs/event/wrapEvent.js:6:28)
      at Object.dispatchEvent (node_modules/@testing-library/user-event/dist/cj
s/event/dispatchEvent.js:45:22)
      at Object.dispatchUIEvent (node_modules/@testing-library/user-event/dist/
cjs/event/dispatchEvent.js:22:26)
      at commitInput 
(node_modules/@testing-library/user-event/dist/cjs/event/input.js:145:14)
      at editInputElement 
(node_modules/@testing-library/user-event/dist/cjs/event/input.js:115:9)
      at Object.input 
(node_modules/@testing-library/user-event/dist/cjs/event/input.js:37:9)
      at node_modules/@testing-library/user-event/dist/cjs/event/behavior/keypr
ess.js:31:26
      at Object.dispatchEvent (node_modules/@testing-library/user-event/dist/cj
s/event/dispatchEvent.js:41:13)
      at Object.dispatchUIEvent (node_modules/@testing-library/user-event/dist/
cjs/event/dispatchEvent.js:22:26)
      at KeyboardHost.keydown 
(node_modules/@testing-library/user-event/dist/cjs/system/keyboard.js:76:22)
      at keyboardAction 
(node_modules/@testing-library/user-event/dist/cjs/keyboard/index.js:22:35)
      at Object.keyboard 
(node_modules/@testing-library/user-event/dist/cjs/keyboard/index.js:11:15)
      at Object.type 
(node_modules/@testing-library/user-event/dist/cjs/utility/type.js:17:5)
      at Object.<anonymous> (src/auth/auth.test.tsx:213:9)

    console.error
      Warning: An update to LoginForm inside a test was not wrapped in 
act(...).
      
      When testing, code that causes React state updates should be wrapped 
into act(...):
      
      act(() => {
        /* fire events that update state */
      });
      /* assert on the output */
      
      This ensures that you're testing the behavior the user would see in the 
browser. Learn more at https://reactjs.org/link/wrap-tests-with-act
          at LoginForm (C:\Users\samhe\OneDrive\Desktop\Cleaned\frontend\src\au
th\LoginForm\LoginForm.tsx:41:33)
          at div
          at div
          at LoginPage
          at routeContext (C:\Users\samhe\OneDrive\Desktop\Cleaned\frontend\nod
e_modules\react-router\lib\hooks.tsx:658:26)
          at children (C:\Users\samhe\OneDrive\Desktop\Cleaned\frontend\node_mo
dules\react-router\lib\components.tsx:512:3)
          at basenameProp (C:\Users\samhe\OneDrive\Desktop\Cleaned\frontend\nod
e_modules\react-router\lib\components.tsx:421:13)
          at basename (C:\Users\samhe\OneDrive\Desktop\Cleaned\frontend\node_mo
dules\react-router\lib\components.tsx:225:3)

      123 |                     placeholder="email@company.com"
      124 |                     value={email}
    > 125 |                     onChange={(e) => setEmail(e.target.value)}
          |                                      ^
      126 |                     className="w-full rounded-md border 
border-gray-300 px-3 py-2 text-sm focus:outline-none focus:ring-2 
focus:ring-gray-900 disabled:opacity-50"
      127 |                 />
      128 |             </div>

      at printWarning 
(node_modules/react-dom/cjs/react-dom.development.js:86:30)
      at error (node_modules/react-dom/cjs/react-dom.development.js:60:7)
      at warnIfUpdatesNotWrappedWithActDEV 
(node_modules/react-dom/cjs/react-dom.development.js:27628:9)
      at scheduleUpdateOnFiber 
(node_modules/react-dom/cjs/react-dom.development.js:25547:5)
      at dispatchSetState 
(node_modules/react-dom/cjs/react-dom.development.js:16708:7)
      at onChange (src/auth/LoginForm/LoginForm.tsx:125:38)
      at HTMLUnknownElement.callCallback 
(node_modules/react-dom/cjs/react-dom.development.js:4164:14)
      at HTMLUnknownElement.callTheUserObjectsOperation 
(node_modules/jsdom/lib/jsdom/living/generated/EventListener.js:26:30)
      at innerInvokeEventListeners 
(node_modules/jsdom/lib/jsdom/living/events/EventTarget-impl.js:350:25)
      at invokeEventListeners 
(node_modules/jsdom/lib/jsdom/living/events/EventTarget-impl.js:286:3)
      at HTMLUnknownElementImpl._dispatch 
(node_modules/jsdom/lib/jsdom/living/events/EventTarget-impl.js:233:9)
      at HTMLUnknownElementImpl.dispatchEvent 
(node_modules/jsdom/lib/jsdom/living/events/EventTarget-impl.js:104:17)
      at HTMLUnknownElement.dispatchEvent 
(node_modules/jsdom/lib/jsdom/living/generated/EventTarget.js:241:34)
      at Object.invokeGuardedCallbackDev 
(node_modules/react-dom/cjs/react-dom.development.js:4213:16)
      at invokeGuardedCallback 
(node_modules/react-dom/cjs/react-dom.development.js:4277:31)
      at invokeGuardedCallbackAndCatchFirstError 
(node_modules/react-dom/cjs/react-dom.development.js:4291:25)
      at executeDispatch 
(node_modules/react-dom/cjs/react-dom.development.js:9041:3)
      at processDispatchQueueItemsInOrder 
(node_modules/react-dom/cjs/react-dom.development.js:9073:7)
      at processDispatchQueue 
(node_modules/react-dom/cjs/react-dom.development.js:9086:5)
      at dispatchEventsForPlugins 
(node_modules/react-dom/cjs/react-dom.development.js:9097:3)
      at node_modules/react-dom/cjs/react-dom.development.js:9288:12
      at batchedUpdates$1 
(node_modules/react-dom/cjs/react-dom.development.js:26179:12)
      at batchedUpdates 
(node_modules/react-dom/cjs/react-dom.development.js:3991:12)
      at dispatchEventForPluginEventSystem 
(node_modules/react-dom/cjs/react-dom.development.js:9287:3)
      at dispatchEventWithEnableCapturePhaseSelectiveHydrationWithoutDiscreteEv
entReplay (node_modules/react-dom/cjs/react-dom.development.js:6465:5)
      at dispatchEvent 
(node_modules/react-dom/cjs/react-dom.development.js:6457:5)
      at dispatchDiscreteEvent 
(node_modules/react-dom/cjs/react-dom.development.js:6430:5)
      at HTMLDivElement.callTheUserObjectsOperation 
(node_modules/jsdom/lib/jsdom/living/generated/EventListener.js:26:30)
      at innerInvokeEventListeners 
(node_modules/jsdom/lib/jsdom/living/events/EventTarget-impl.js:350:25)
      at invokeEventListeners 
(node_modules/jsdom/lib/jsdom/living/events/EventTarget-impl.js:286:3)
      at HTMLInputElementImpl._dispatch 
(node_modules/jsdom/lib/jsdom/living/events/EventTarget-impl.js:233:9)
      at HTMLInputElementImpl.dispatchEvent 
(node_modules/jsdom/lib/jsdom/living/events/EventTarget-impl.js:104:17)
      at HTMLInputElement.dispatchEvent 
(node_modules/jsdom/lib/jsdom/living/generated/EventTarget.js:241:34)
      at 
node_modules/@testing-library/user-event/dist/cjs/event/dispatchEvent.js:45:43
      at Object.eventWrapper 
(node_modules/@testing-library/dom/dist/config.js:25:23)
      at Object.wrapEvent 
(node_modules/@testing-library/user-event/dist/cjs/event/wrapEvent.js:6:28)
      at Object.dispatchEvent (node_modules/@testing-library/user-event/dist/cj
s/event/dispatchEvent.js:45:22)
      at Object.dispatchUIEvent (node_modules/@testing-library/user-event/dist/
cjs/event/dispatchEvent.js:22:26)
      at commitInput 
(node_modules/@testing-library/user-event/dist/cjs/event/input.js:145:14)
      at editInputElement 
(node_modules/@testing-library/user-event/dist/cjs/event/input.js:115:9)
      at Object.input 
(node_modules/@testing-library/user-event/dist/cjs/event/input.js:37:9)
      at node_modules/@testing-library/user-event/dist/cjs/event/behavior/keypr
ess.js:31:26
      at Object.dispatchEvent (node_modules/@testing-library/user-event/dist/cj
s/event/dispatchEvent.js:41:13)
      at Object.dispatchUIEvent (node_modules/@testing-library/user-event/dist/
cjs/event/dispatchEvent.js:22:26)
      at KeyboardHost.keydown 
(node_modules/@testing-library/user-event/dist/cjs/system/keyboard.js:76:22)
      at keyboardAction 
(node_modules/@testing-library/user-event/dist/cjs/keyboard/index.js:22:35)
      at Object.keyboard 
(node_modules/@testing-library/user-event/dist/cjs/keyboard/index.js:11:15)
      at Object.type 
(node_modules/@testing-library/user-event/dist/cjs/utility/type.js:17:5)
      at Object.<anonymous> (src/auth/auth.test.tsx:213:9)

    console.error
      Warning: An update to LoginForm inside a test was not wrapped in 
act(...).
      
      When testing, code that causes React state updates should be wrapped 
into act(...):
      
      act(() => {
        /* fire events that update state */
      });
      /* assert on the output */
      
      This ensures that you're testing the behavior the user would see in the 
browser. Learn more at https://reactjs.org/link/wrap-tests-with-act
          at LoginForm (C:\Users\samhe\OneDrive\Desktop\Cleaned\frontend\src\au
th\LoginForm\LoginForm.tsx:41:33)
          at div
          at div
          at LoginPage
          at routeContext (C:\Users\samhe\OneDrive\Desktop\Cleaned\frontend\nod
e_modules\react-router\lib\hooks.tsx:658:26)
          at children (C:\Users\samhe\OneDrive\Desktop\Cleaned\frontend\node_mo
dules\react-router\lib\components.tsx:512:3)
          at basenameProp (C:\Users\samhe\OneDrive\Desktop\Cleaned\frontend\nod
e_modules\react-router\lib\components.tsx:421:13)
          at basename (C:\Users\samhe\OneDrive\Desktop\Cleaned\frontend\node_mo
dules\react-router\lib\components.tsx:225:3)

      141 |                         placeholder="Enter your password"
      142 |                         value={password}
    > 143 |                         onChange={(e) => 
setPassword(e.target.value)}
          |                                          ^
      144 |                         className="w-full rounded-md border 
border-gray-300 px-3 py-2 pr-10 text-sm focus:outline-none focus:ring-2 
focus:ring-gray-900 disabled:opacity-50"
      145 |                     />
      146 |                     <button

      at printWarning 
(node_modules/react-dom/cjs/react-dom.development.js:86:30)
      at error (node_modules/react-dom/cjs/react-dom.development.js:60:7)
      at warnIfUpdatesNotWrappedWithActDEV 
(node_modules/react-dom/cjs/react-dom.development.js:27628:9)
      at scheduleUpdateOnFiber 
(node_modules/react-dom/cjs/react-dom.development.js:25547:5)
      at dispatchSetState 
(node_modules/react-dom/cjs/react-dom.development.js:16708:7)
      at onChange (src/auth/LoginForm/LoginForm.tsx:143:42)
      at HTMLUnknownElement.callCallback 
(node_modules/react-dom/cjs/react-dom.development.js:4164:14)
      at HTMLUnknownElement.callTheUserObjectsOperation 
(node_modules/jsdom/lib/jsdom/living/generated/EventListener.js:26:30)
      at innerInvokeEventListeners 
(node_modules/jsdom/lib/jsdom/living/events/EventTarget-impl.js:350:25)
      at invokeEventListeners 
(node_modules/jsdom/lib/jsdom/living/events/EventTarget-impl.js:286:3)
      at HTMLUnknownElementImpl._dispatch 
(node_modules/jsdom/lib/jsdom/living/events/EventTarget-impl.js:233:9)
      at HTMLUnknownElementImpl.dispatchEvent 
(node_modules/jsdom/lib/jsdom/living/events/EventTarget-impl.js:104:17)
      at HTMLUnknownElement.dispatchEvent 
(node_modules/jsdom/lib/jsdom/living/generated/EventTarget.js:241:34)
      at Object.invokeGuardedCallbackDev 
(node_modules/react-dom/cjs/react-dom.development.js:4213:16)
      at invokeGuardedCallback 
(node_modules/react-dom/cjs/react-dom.development.js:4277:31)
      at invokeGuardedCallbackAndCatchFirstError 
(node_modules/react-dom/cjs/react-dom.development.js:4291:25)
      at executeDispatch 
(node_modules/react-dom/cjs/react-dom.development.js:9041:3)
      at processDispatchQueueItemsInOrder 
(node_modules/react-dom/cjs/react-dom.development.js:9073:7)
      at processDispatchQueue 
(node_modules/react-dom/cjs/react-dom.development.js:9086:5)
      at dispatchEventsForPlugins 
(node_modules/react-dom/cjs/react-dom.development.js:9097:3)
      at node_modules/react-dom/cjs/react-dom.development.js:9288:12
      at batchedUpdates$1 
(node_modules/react-dom/cjs/react-dom.development.js:26179:12)
      at batchedUpdates 
(node_modules/react-dom/cjs/react-dom.development.js:3991:12)
      at dispatchEventForPluginEventSystem 
(node_modules/react-dom/cjs/react-dom.development.js:9287:3)
      at dispatchEventWithEnableCapturePhaseSelectiveHydrationWithoutDiscreteEv
entReplay (node_modules/react-dom/cjs/react-dom.development.js:6465:5)
      at dispatchEvent 
(node_modules/react-dom/cjs/react-dom.development.js:6457:5)
      at dispatchDiscreteEvent 
(node_modules/react-dom/cjs/react-dom.development.js:6430:5)
      at HTMLDivElement.callTheUserObjectsOperation 
(node_modules/jsdom/lib/jsdom/living/generated/EventListener.js:26:30)
      at innerInvokeEventListeners 
(node_modules/jsdom/lib/jsdom/living/events/EventTarget-impl.js:350:25)
      at invokeEventListeners 
(node_modules/jsdom/lib/jsdom/living/events/EventTarget-impl.js:286:3)
      at HTMLInputElementImpl._dispatch 
(node_modules/jsdom/lib/jsdom/living/events/EventTarget-impl.js:233:9)
      at HTMLInputElementImpl.dispatchEvent 
(node_modules/jsdom/lib/jsdom/living/events/EventTarget-impl.js:104:17)
      at HTMLInputElement.dispatchEvent 
(node_modules/jsdom/lib/jsdom/living/generated/EventTarget.js:241:34)
      at 
node_modules/@testing-library/user-event/dist/cjs/event/dispatchEvent.js:45:43
      at Object.eventWrapper 
(node_modules/@testing-library/dom/dist/config.js:25:23)
      at Object.wrapEvent 
(node_modules/@testing-library/user-event/dist/cjs/event/wrapEvent.js:6:28)
      at Object.dispatchEvent (node_modules/@testing-library/user-event/dist/cj
s/event/dispatchEvent.js:45:22)
      at Object.dispatchUIEvent (node_modules/@testing-library/user-event/dist/
cjs/event/dispatchEvent.js:22:26)
      at commitInput 
(node_modules/@testing-library/user-event/dist/cjs/event/input.js:145:14)
      at editInputElement 
(node_modules/@testing-library/user-event/dist/cjs/event/input.js:115:9)
      at Object.input 
(node_modules/@testing-library/user-event/dist/cjs/event/input.js:37:9)
      at node_modules/@testing-library/user-event/dist/cjs/event/behavior/keypr
ess.js:31:26
      at Object.dispatchEvent (node_modules/@testing-library/user-event/dist/cj
s/event/dispatchEvent.js:41:13)
      at Object.dispatchUIEvent (node_modules/@testing-library/user-event/dist/
cjs/event/dispatchEvent.js:22:26)
      at KeyboardHost.keydown 
(node_modules/@testing-library/user-event/dist/cjs/system/keyboard.js:76:22)
      at keyboardAction 
(node_modules/@testing-library/user-event/dist/cjs/keyboard/index.js:22:35)
      at Object.keyboard 
(node_modules/@testing-library/user-event/dist/cjs/keyboard/index.js:11:15)
      at Object.type 
(node_modules/@testing-library/user-event/dist/cjs/utility/type.js:17:5)
      at Object.<anonymous> (src/auth/auth.test.tsx:214:9)

    console.error
      Warning: An update to LoginForm inside a test was not wrapped in 
act(...).
      
      When testing, code that causes React state updates should be wrapped 
into act(...):
      
      act(() => {
        /* fire events that update state */
      });
      /* assert on the output */
      
      This ensures that you're testing the behavior the user would see in the 
browser. Learn more at https://reactjs.org/link/wrap-tests-with-act
          at LoginForm (C:\Users\samhe\OneDrive\Desktop\Cleaned\frontend\src\au
th\LoginForm\LoginForm.tsx:41:33)
          at div
          at div
          at LoginPage
          at routeContext (C:\Users\samhe\OneDrive\Desktop\Cleaned\frontend\nod
e_modules\react-router\lib\hooks.tsx:658:26)
          at children (C:\Users\samhe\OneDrive\Desktop\Cleaned\frontend\node_mo
dules\react-router\lib\components.tsx:512:3)
          at basenameProp (C:\Users\samhe\OneDrive\Desktop\Cleaned\frontend\nod
e_modules\react-router\lib\components.tsx:421:13)
          at basename (C:\Users\samhe\OneDrive\Desktop\Cleaned\frontend\node_mo
dules\react-router\lib\components.tsx:225:3)

      141 |                         placeholder="Enter your password"
      142 |                         value={password}
    > 143 |                         onChange={(e) => 
setPassword(e.target.value)}
          |                                          ^
      144 |                         className="w-full rounded-md border 
border-gray-300 px-3 py-2 pr-10 text-sm focus:outline-none focus:ring-2 
focus:ring-gray-900 disabled:opacity-50"
      145 |                     />
      146 |                     <button

      at printWarning 
(node_modules/react-dom/cjs/react-dom.development.js:86:30)
      at error (node_modules/react-dom/cjs/react-dom.development.js:60:7)
      at warnIfUpdatesNotWrappedWithActDEV 
(node_modules/react-dom/cjs/react-dom.development.js:27628:9)
      at scheduleUpdateOnFiber 
(node_modules/react-dom/cjs/react-dom.development.js:25547:5)
      at dispatchSetState 
(node_modules/react-dom/cjs/react-dom.development.js:16708:7)
      at onChange (src/auth/LoginForm/LoginForm.tsx:143:42)
      at HTMLUnknownElement.callCallback 
(node_modules/react-dom/cjs/react-dom.development.js:4164:14)
      at HTMLUnknownElement.callTheUserObjectsOperation 
(node_modules/jsdom/lib/jsdom/living/generated/EventListener.js:26:30)
      at innerInvokeEventListeners 
(node_modules/jsdom/lib/jsdom/living/events/EventTarget-impl.js:350:25)
      at invokeEventListeners 
(node_modules/jsdom/lib/jsdom/living/events/EventTarget-impl.js:286:3)
      at HTMLUnknownElementImpl._dispatch 
(node_modules/jsdom/lib/jsdom/living/events/EventTarget-impl.js:233:9)
      at HTMLUnknownElementImpl.dispatchEvent 
(node_modules/jsdom/lib/jsdom/living/events/EventTarget-impl.js:104:17)
      at HTMLUnknownElement.dispatchEvent 
(node_modules/jsdom/lib/jsdom/living/generated/EventTarget.js:241:34)
      at Object.invokeGuardedCallbackDev 
(node_modules/react-dom/cjs/react-dom.development.js:4213:16)
      at invokeGuardedCallback 
(node_modules/react-dom/cjs/react-dom.development.js:4277:31)
      at invokeGuardedCallbackAndCatchFirstError 
(node_modules/react-dom/cjs/react-dom.development.js:4291:25)
      at executeDispatch 
(node_modules/react-dom/cjs/react-dom.development.js:9041:3)
      at processDispatchQueueItemsInOrder 
(node_modules/react-dom/cjs/react-dom.development.js:9073:7)
      at processDispatchQueue 
(node_modules/react-dom/cjs/react-dom.development.js:9086:5)
      at dispatchEventsForPlugins 
(node_modules/react-dom/cjs/react-dom.development.js:9097:3)
      at node_modules/react-dom/cjs/react-dom.development.js:9288:12
      at batchedUpdates$1 
(node_modules/react-dom/cjs/react-dom.development.js:26179:12)
      at batchedUpdates 
(node_modules/react-dom/cjs/react-dom.development.js:3991:12)
      at dispatchEventForPluginEventSystem 
(node_modules/react-dom/cjs/react-dom.development.js:9287:3)
      at dispatchEventWithEnableCapturePhaseSelectiveHydrationWithoutDiscreteEv
entReplay (node_modules/react-dom/cjs/react-dom.development.js:6465:5)
      at dispatchEvent 
(node_modules/react-dom/cjs/react-dom.development.js:6457:5)
      at dispatchDiscreteEvent 
(node_modules/react-dom/cjs/react-dom.development.js:6430:5)
      at HTMLDivElement.callTheUserObjectsOperation 
(node_modules/jsdom/lib/jsdom/living/generated/EventListener.js:26:30)
      at innerInvokeEventListeners 
(node_modules/jsdom/lib/jsdom/living/events/EventTarget-impl.js:350:25)
      at invokeEventListeners 
(node_modules/jsdom/lib/jsdom/living/events/EventTarget-impl.js:286:3)
      at HTMLInputElementImpl._dispatch 
(node_modules/jsdom/lib/jsdom/living/events/EventTarget-impl.js:233:9)
      at HTMLInputElementImpl.dispatchEvent 
(node_modules/jsdom/lib/jsdom/living/events/EventTarget-impl.js:104:17)
      at HTMLInputElement.dispatchEvent 
(node_modules/jsdom/lib/jsdom/living/generated/EventTarget.js:241:34)
      at 
node_modules/@testing-library/user-event/dist/cjs/event/dispatchEvent.js:45:43
      at Object.eventWrapper 
(node_modules/@testing-library/dom/dist/config.js:25:23)
      at Object.wrapEvent 
(node_modules/@testing-library/user-event/dist/cjs/event/wrapEvent.js:6:28)
      at Object.dispatchEvent (node_modules/@testing-library/user-event/dist/cj
s/event/dispatchEvent.js:45:22)
      at Object.dispatchUIEvent (node_modules/@testing-library/user-event/dist/
cjs/event/dispatchEvent.js:22:26)
      at commitInput 
(node_modules/@testing-library/user-event/dist/cjs/event/input.js:145:14)
      at editInputElement 
(node_modules/@testing-library/user-event/dist/cjs/event/input.js:115:9)
      at Object.input 
(node_modules/@testing-library/user-event/dist/cjs/event/input.js:37:9)
      at node_modules/@testing-library/user-event/dist/cjs/event/behavior/keypr
ess.js:31:26
      at Object.dispatchEvent (node_modules/@testing-library/user-event/dist/cj
s/event/dispatchEvent.js:41:13)
      at Object.dispatchUIEvent (node_modules/@testing-library/user-event/dist/
cjs/event/dispatchEvent.js:22:26)
      at KeyboardHost.keydown 
(node_modules/@testing-library/user-event/dist/cjs/system/keyboard.js:76:22)
      at keyboardAction 
(node_modules/@testing-library/user-event/dist/cjs/keyboard/index.js:22:35)
      at Object.keyboard 
(node_modules/@testing-library/user-event/dist/cjs/keyboard/index.js:11:15)
      at Object.type 
(node_modules/@testing-library/user-event/dist/cjs/utility/type.js:17:5)
      at Object.<anonymous> (src/auth/auth.test.tsx:214:9)

    console.error
      Warning: An update to LoginForm inside a test was not wrapped in 
act(...).
      
      When testing, code that causes React state updates should be wrapped 
into act(...):
      
      act(() => {
        /* fire events that update state */
      });
      /* assert on the output */
      
      This ensures that you're testing the behavior the user would see in the 
browser. Learn more at https://reactjs.org/link/wrap-tests-with-act
          at LoginForm (C:\Users\samhe\OneDrive\Desktop\Cleaned\frontend\src\au
th\LoginForm\LoginForm.tsx:41:33)
          at div
          at div
          at LoginPage
          at routeContext (C:\Users\samhe\OneDrive\Desktop\Cleaned\frontend\nod
e_modules\react-router\lib\hooks.tsx:658:26)
          at children (C:\Users\samhe\OneDrive\Desktop\Cleaned\frontend\node_mo
dules\react-router\lib\components.tsx:512:3)
          at basenameProp (C:\Users\samhe\OneDrive\Desktop\Cleaned\frontend\nod
e_modules\react-router\lib\components.tsx:421:13)
          at basename (C:\Users\samhe\OneDrive\Desktop\Cleaned\frontend\node_mo
dules\react-router\lib\components.tsx:225:3)

      141 |                         placeholder="Enter your password"
      142 |                         value={password}
    > 143 |                         onChange={(e) => 
setPassword(e.target.value)}
          |                                          ^
      144 |                         className="w-full rounded-md border 
border-gray-300 px-3 py-2 pr-10 text-sm focus:outline-none focus:ring-2 
focus:ring-gray-900 disabled:opacity-50"
      145 |                     />
      146 |                     <button

      at printWarning 
(node_modules/react-dom/cjs/react-dom.development.js:86:30)
      at error (node_modules/react-dom/cjs/react-dom.development.js:60:7)
      at warnIfUpdatesNotWrappedWithActDEV 
(node_modules/react-dom/cjs/react-dom.development.js:27628:9)
      at scheduleUpdateOnFiber 
(node_modules/react-dom/cjs/react-dom.development.js:25547:5)
      at dispatchSetState 
(node_modules/react-dom/cjs/react-dom.development.js:16708:7)
      at onChange (src/auth/LoginForm/LoginForm.tsx:143:42)
      at HTMLUnknownElement.callCallback 
(node_modules/react-dom/cjs/react-dom.development.js:4164:14)
      at HTMLUnknownElement.callTheUserObjectsOperation 
(node_modules/jsdom/lib/jsdom/living/generated/EventListener.js:26:30)
      at innerInvokeEventListeners 
(node_modules/jsdom/lib/jsdom/living/events/EventTarget-impl.js:350:25)
      at invokeEventListeners 
(node_modules/jsdom/lib/jsdom/living/events/EventTarget-impl.js:286:3)
      at HTMLUnknownElementImpl._dispatch 
(node_modules/jsdom/lib/jsdom/living/events/EventTarget-impl.js:233:9)
      at HTMLUnknownElementImpl.dispatchEvent 
(node_modules/jsdom/lib/jsdom/living/events/EventTarget-impl.js:104:17)
      at HTMLUnknownElement.dispatchEvent 
(node_modules/jsdom/lib/jsdom/living/generated/EventTarget.js:241:34)
      at Object.invokeGuardedCallbackDev 
(node_modules/react-dom/cjs/react-dom.development.js:4213:16)
      at invokeGuardedCallback 
(node_modules/react-dom/cjs/react-dom.development.js:4277:31)
      at invokeGuardedCallbackAndCatchFirstError 
(node_modules/react-dom/cjs/react-dom.development.js:4291:25)
      at executeDispatch 
(node_modules/react-dom/cjs/react-dom.development.js:9041:3)
      at processDispatchQueueItemsInOrder 
(node_modules/react-dom/cjs/react-dom.development.js:9073:7)
      at processDispatchQueue 
(node_modules/react-dom/cjs/react-dom.development.js:9086:5)
      at dispatchEventsForPlugins 
(node_modules/react-dom/cjs/react-dom.development.js:9097:3)
      at node_modules/react-dom/cjs/react-dom.development.js:9288:12
      at batchedUpdates$1 
(node_modules/react-dom/cjs/react-dom.development.js:26179:12)
      at batchedUpdates 
(node_modules/react-dom/cjs/react-dom.development.js:3991:12)
      at dispatchEventForPluginEventSystem 
(node_modules/react-dom/cjs/react-dom.development.js:9287:3)
      at dispatchEventWithEnableCapturePhaseSelectiveHydrationWithoutDiscreteEv
entReplay (node_modules/react-dom/cjs/react-dom.development.js:6465:5)
      at dispatchEvent 
(node_modules/react-dom/cjs/react-dom.development.js:6457:5)
      at dispatchDiscreteEvent 
(node_modules/react-dom/cjs/react-dom.development.js:6430:5)
      at HTMLDivElement.callTheUserObjectsOperation 
(node_modules/jsdom/lib/jsdom/living/generated/EventListener.js:26:30)
      at innerInvokeEventListeners 
(node_modules/jsdom/lib/jsdom/living/events/EventTarget-impl.js:350:25)
      at invokeEventListeners 
(node_modules/jsdom/lib/jsdom/living/events/EventTarget-impl.js:286:3)
      at HTMLInputElementImpl._dispatch 
(node_modules/jsdom/lib/jsdom/living/events/EventTarget-impl.js:233:9)
      at HTMLInputElementImpl.dispatchEvent 
(node_modules/jsdom/lib/jsdom/living/events/EventTarget-impl.js:104:17)
      at HTMLInputElement.dispatchEvent 
(node_modules/jsdom/lib/jsdom/living/generated/EventTarget.js:241:34)
      at 
node_modules/@testing-library/user-event/dist/cjs/event/dispatchEvent.js:45:43
      at Object.eventWrapper 
(node_modules/@testing-library/dom/dist/config.js:25:23)
      at Object.wrapEvent 
(node_modules/@testing-library/user-event/dist/cjs/event/wrapEvent.js:6:28)
      at Object.dispatchEvent (node_modules/@testing-library/user-event/dist/cj
s/event/dispatchEvent.js:45:22)
      at Object.dispatchUIEvent (node_modules/@testing-library/user-event/dist/
cjs/event/dispatchEvent.js:22:26)
      at commitInput 
(node_modules/@testing-library/user-event/dist/cjs/event/input.js:145:14)
      at editInputElement 
(node_modules/@testing-library/user-event/dist/cjs/event/input.js:115:9)
      at Object.input 
(node_modules/@testing-library/user-event/dist/cjs/event/input.js:37:9)
      at node_modules/@testing-library/user-event/dist/cjs/event/behavior/keypr
ess.js:31:26
      at Object.dispatchEvent (node_modules/@testing-library/user-event/dist/cj
s/event/dispatchEvent.js:41:13)
      at Object.dispatchUIEvent (node_modules/@testing-library/user-event/dist/
cjs/event/dispatchEvent.js:22:26)
      at KeyboardHost.keydown 
(node_modules/@testing-library/user-event/dist/cjs/system/keyboard.js:76:22)
      at keyboardAction 
(node_modules/@testing-library/user-event/dist/cjs/keyboard/index.js:22:35)
      at Object.keyboard 
(node_modules/@testing-library/user-event/dist/cjs/keyboard/index.js:11:15)
      at Object.type 
(node_modules/@testing-library/user-event/dist/cjs/utility/type.js:17:5)
      at Object.<anonymous> (src/auth/auth.test.tsx:214:9)

    console.error
      Warning: An update to LoginForm inside a test was not wrapped in 
act(...).
      
      When testing, code that causes React state updates should be wrapped 
into act(...):
      
      act(() => {
        /* fire events that update state */
      });
      /* assert on the output */
      
      This ensures that you're testing the behavior the user would see in the 
browser. Learn more at https://reactjs.org/link/wrap-tests-with-act
          at LoginForm (C:\Users\samhe\OneDrive\Desktop\Cleaned\frontend\src\au
th\LoginForm\LoginForm.tsx:41:33)
          at div
          at div
          at LoginPage
          at routeContext (C:\Users\samhe\OneDrive\Desktop\Cleaned\frontend\nod
e_modules\react-router\lib\hooks.tsx:658:26)
          at children (C:\Users\samhe\OneDrive\Desktop\Cleaned\frontend\node_mo
dules\react-router\lib\components.tsx:512:3)
          at basenameProp (C:\Users\samhe\OneDrive\Desktop\Cleaned\frontend\nod
e_modules\react-router\lib\components.tsx:421:13)
          at basename (C:\Users\samhe\OneDrive\Desktop\Cleaned\frontend\node_mo
dules\react-router\lib\components.tsx:225:3)

      141 |                         placeholder="Enter your password"
      142 |                         value={password}
    > 143 |                         onChange={(e) => 
setPassword(e.target.value)}
          |                                          ^
      144 |                         className="w-full rounded-md border 
border-gray-300 px-3 py-2 pr-10 text-sm focus:outline-none focus:ring-2 
focus:ring-gray-900 disabled:opacity-50"
      145 |                     />
      146 |                     <button

      at printWarning 
(node_modules/react-dom/cjs/react-dom.development.js:86:30)
      at error (node_modules/react-dom/cjs/react-dom.development.js:60:7)
      at warnIfUpdatesNotWrappedWithActDEV 
(node_modules/react-dom/cjs/react-dom.development.js:27628:9)
      at scheduleUpdateOnFiber 
(node_modules/react-dom/cjs/react-dom.development.js:25547:5)
      at dispatchSetState 
(node_modules/react-dom/cjs/react-dom.development.js:16708:7)
      at onChange (src/auth/LoginForm/LoginForm.tsx:143:42)
      at HTMLUnknownElement.callCallback 
(node_modules/react-dom/cjs/react-dom.development.js:4164:14)
      at HTMLUnknownElement.callTheUserObjectsOperation 
(node_modules/jsdom/lib/jsdom/living/generated/EventListener.js:26:30)
      at innerInvokeEventListeners 
(node_modules/jsdom/lib/jsdom/living/events/EventTarget-impl.js:350:25)
      at invokeEventListeners 
(node_modules/jsdom/lib/jsdom/living/events/EventTarget-impl.js:286:3)
      at HTMLUnknownElementImpl._dispatch 
(node_modules/jsdom/lib/jsdom/living/events/EventTarget-impl.js:233:9)
      at HTMLUnknownElementImpl.dispatchEvent 
(node_modules/jsdom/lib/jsdom/living/events/EventTarget-impl.js:104:17)
      at HTMLUnknownElement.dispatchEvent 
(node_modules/jsdom/lib/jsdom/living/generated/EventTarget.js:241:34)
      at Object.invokeGuardedCallbackDev 
(node_modules/react-dom/cjs/react-dom.development.js:4213:16)
      at invokeGuardedCallback 
(node_modules/react-dom/cjs/react-dom.development.js:4277:31)
      at invokeGuardedCallbackAndCatchFirstError 
(node_modules/react-dom/cjs/react-dom.development.js:4291:25)
      at executeDispatch 
(node_modules/react-dom/cjs/react-dom.development.js:9041:3)
      at processDispatchQueueItemsInOrder 
(node_modules/react-dom/cjs/react-dom.development.js:9073:7)
      at processDispatchQueue 
(node_modules/react-dom/cjs/react-dom.development.js:9086:5)
      at dispatchEventsForPlugins 
(node_modules/react-dom/cjs/react-dom.development.js:9097:3)
      at node_modules/react-dom/cjs/react-dom.development.js:9288:12
      at batchedUpdates$1 
(node_modules/react-dom/cjs/react-dom.development.js:26179:12)
      at batchedUpdates 
(node_modules/react-dom/cjs/react-dom.development.js:3991:12)
      at dispatchEventForPluginEventSystem 
(node_modules/react-dom/cjs/react-dom.development.js:9287:3)
      at dispatchEventWithEnableCapturePhaseSelectiveHydrationWithoutDiscreteEv
entReplay (node_modules/react-dom/cjs/react-dom.development.js:6465:5)
      at dispatchEvent 
(node_modules/react-dom/cjs/react-dom.development.js:6457:5)
      at dispatchDiscreteEvent 
(node_modules/react-dom/cjs/react-dom.development.js:6430:5)
      at HTMLDivElement.callTheUserObjectsOperation 
(node_modules/jsdom/lib/jsdom/living/generated/EventListener.js:26:30)
      at innerInvokeEventListeners 
(node_modules/jsdom/lib/jsdom/living/events/EventTarget-impl.js:350:25)
      at invokeEventListeners 
(node_modules/jsdom/lib/jsdom/living/events/EventTarget-impl.js:286:3)
      at HTMLInputElementImpl._dispatch 
(node_modules/jsdom/lib/jsdom/living/events/EventTarget-impl.js:233:9)
      at HTMLInputElementImpl.dispatchEvent 
(node_modules/jsdom/lib/jsdom/living/events/EventTarget-impl.js:104:17)
      at HTMLInputElement.dispatchEvent 
(node_modules/jsdom/lib/jsdom/living/generated/EventTarget.js:241:34)
      at 
node_modules/@testing-library/user-event/dist/cjs/event/dispatchEvent.js:45:43
      at Object.eventWrapper 
(node_modules/@testing-library/dom/dist/config.js:25:23)
      at Object.wrapEvent 
(node_modules/@testing-library/user-event/dist/cjs/event/wrapEvent.js:6:28)
      at Object.dispatchEvent (node_modules/@testing-library/user-event/dist/cj
s/event/dispatchEvent.js:45:22)
      at Object.dispatchUIEvent (node_modules/@testing-library/user-event/dist/
cjs/event/dispatchEvent.js:22:26)
      at commitInput 
(node_modules/@testing-library/user-event/dist/cjs/event/input.js:145:14)
      at editInputElement 
(node_modules/@testing-library/user-event/dist/cjs/event/input.js:115:9)
      at Object.input 
(node_modules/@testing-library/user-event/dist/cjs/event/input.js:37:9)
      at node_modules/@testing-library/user-event/dist/cjs/event/behavior/keypr
ess.js:31:26
      at Object.dispatchEvent (node_modules/@testing-library/user-event/dist/cj
s/event/dispatchEvent.js:41:13)
      at Object.dispatchUIEvent (node_modules/@testing-library/user-event/dist/
cjs/event/dispatchEvent.js:22:26)
      at KeyboardHost.keydown 
(node_modules/@testing-library/user-event/dist/cjs/system/keyboard.js:76:22)
      at keyboardAction 
(node_modules/@testing-library/user-event/dist/cjs/keyboard/index.js:22:35)
      at Object.keyboard 
(node_modules/@testing-library/user-event/dist/cjs/keyboard/index.js:11:15)
      at Object.type 
(node_modules/@testing-library/user-event/dist/cjs/utility/type.js:17:5)
      at Object.<anonymous> (src/auth/auth.test.tsx:214:9)

    console.error
      Warning: An update to LoginForm inside a test was not wrapped in 
act(...).
      
      When testing, code that causes React state updates should be wrapped 
into act(...):
      
      act(() => {
        /* fire events that update state */
      });
      /* assert on the output */
      
      This ensures that you're testing the behavior the user would see in the 
browser. Learn more at https://reactjs.org/link/wrap-tests-with-act
          at LoginForm (C:\Users\samhe\OneDrive\Desktop\Cleaned\frontend\src\au
th\LoginForm\LoginForm.tsx:41:33)
          at div
          at div
          at LoginPage
          at routeContext (C:\Users\samhe\OneDrive\Desktop\Cleaned\frontend\nod
e_modules\react-router\lib\hooks.tsx:658:26)
          at children (C:\Users\samhe\OneDrive\Desktop\Cleaned\frontend\node_mo
dules\react-router\lib\components.tsx:512:3)
          at basenameProp (C:\Users\samhe\OneDrive\Desktop\Cleaned\frontend\nod
e_modules\react-router\lib\components.tsx:421:13)
          at basename (C:\Users\samhe\OneDrive\Desktop\Cleaned\frontend\node_mo
dules\react-router\lib\components.tsx:225:3)

      141 |                         placeholder="Enter your password"
      142 |                         value={password}
    > 143 |                         onChange={(e) => 
setPassword(e.target.value)}
          |                                          ^
      144 |                         className="w-full rounded-md border 
border-gray-300 px-3 py-2 pr-10 text-sm focus:outline-none focus:ring-2 
focus:ring-gray-900 disabled:opacity-50"
      145 |                     />
      146 |                     <button

      at printWarning 
(node_modules/react-dom/cjs/react-dom.development.js:86:30)
      at error (node_modules/react-dom/cjs/react-dom.development.js:60:7)
      at warnIfUpdatesNotWrappedWithActDEV 
(node_modules/react-dom/cjs/react-dom.development.js:27628:9)
      at scheduleUpdateOnFiber 
(node_modules/react-dom/cjs/react-dom.development.js:25547:5)
      at dispatchSetState 
(node_modules/react-dom/cjs/react-dom.development.js:16708:7)
      at onChange (src/auth/LoginForm/LoginForm.tsx:143:42)
      at HTMLUnknownElement.callCallback 
(node_modules/react-dom/cjs/react-dom.development.js:4164:14)
      at HTMLUnknownElement.callTheUserObjectsOperation 
(node_modules/jsdom/lib/jsdom/living/generated/EventListener.js:26:30)
      at innerInvokeEventListeners 
(node_modules/jsdom/lib/jsdom/living/events/EventTarget-impl.js:350:25)
      at invokeEventListeners 
(node_modules/jsdom/lib/jsdom/living/events/EventTarget-impl.js:286:3)
      at HTMLUnknownElementImpl._dispatch 
(node_modules/jsdom/lib/jsdom/living/events/EventTarget-impl.js:233:9)
      at HTMLUnknownElementImpl.dispatchEvent 
(node_modules/jsdom/lib/jsdom/living/events/EventTarget-impl.js:104:17)
      at HTMLUnknownElement.dispatchEvent 
(node_modules/jsdom/lib/jsdom/living/generated/EventTarget.js:241:34)
      at Object.invokeGuardedCallbackDev 
(node_modules/react-dom/cjs/react-dom.development.js:4213:16)
      at invokeGuardedCallback 
(node_modules/react-dom/cjs/react-dom.development.js:4277:31)
      at invokeGuardedCallbackAndCatchFirstError 
(node_modules/react-dom/cjs/react-dom.development.js:4291:25)
      at executeDispatch 
(node_modules/react-dom/cjs/react-dom.development.js:9041:3)
      at processDispatchQueueItemsInOrder 
(node_modules/react-dom/cjs/react-dom.development.js:9073:7)
      at processDispatchQueue 
(node_modules/react-dom/cjs/react-dom.development.js:9086:5)
      at dispatchEventsForPlugins 
(node_modules/react-dom/cjs/react-dom.development.js:9097:3)
      at node_modules/react-dom/cjs/react-dom.development.js:9288:12
      at batchedUpdates$1 
(node_modules/react-dom/cjs/react-dom.development.js:26179:12)
      at batchedUpdates 
(node_modules/react-dom/cjs/react-dom.development.js:3991:12)
      at dispatchEventForPluginEventSystem 
(node_modules/react-dom/cjs/react-dom.development.js:9287:3)
      at dispatchEventWithEnableCapturePhaseSelectiveHydrationWithoutDiscreteEv
entReplay (node_modules/react-dom/cjs/react-dom.development.js:6465:5)
      at dispatchEvent 
(node_modules/react-dom/cjs/react-dom.development.js:6457:5)
      at dispatchDiscreteEvent 
(node_modules/react-dom/cjs/react-dom.development.js:6430:5)
      at HTMLDivElement.callTheUserObjectsOperation 
(node_modules/jsdom/lib/jsdom/living/generated/EventListener.js:26:30)
      at innerInvokeEventListeners 
(node_modules/jsdom/lib/jsdom/living/events/EventTarget-impl.js:350:25)
      at invokeEventListeners 
(node_modules/jsdom/lib/jsdom/living/events/EventTarget-impl.js:286:3)
      at HTMLInputElementImpl._dispatch 
(node_modules/jsdom/lib/jsdom/living/events/EventTarget-impl.js:233:9)
      at HTMLInputElementImpl.dispatchEvent 
(node_modules/jsdom/lib/jsdom/living/events/EventTarget-impl.js:104:17)
      at HTMLInputElement.dispatchEvent 
(node_modules/jsdom/lib/jsdom/living/generated/EventTarget.js:241:34)
      at 
node_modules/@testing-library/user-event/dist/cjs/event/dispatchEvent.js:45:43
      at Object.eventWrapper 
(node_modules/@testing-library/dom/dist/config.js:25:23)
      at Object.wrapEvent 
(node_modules/@testing-library/user-event/dist/cjs/event/wrapEvent.js:6:28)
      at Object.dispatchEvent (node_modules/@testing-library/user-event/dist/cj
s/event/dispatchEvent.js:45:22)
      at Object.dispatchUIEvent (node_modules/@testing-library/user-event/dist/
cjs/event/dispatchEvent.js:22:26)
      at commitInput 
(node_modules/@testing-library/user-event/dist/cjs/event/input.js:145:14)
      at editInputElement 
(node_modules/@testing-library/user-event/dist/cjs/event/input.js:115:9)
      at Object.input 
(node_modules/@testing-library/user-event/dist/cjs/event/input.js:37:9)
      at node_modules/@testing-library/user-event/dist/cjs/event/behavior/keypr
ess.js:31:26
      at Object.dispatchEvent (node_modules/@testing-library/user-event/dist/cj
s/event/dispatchEvent.js:41:13)
      at Object.dispatchUIEvent (node_modules/@testing-library/user-event/dist/
cjs/event/dispatchEvent.js:22:26)
      at KeyboardHost.keydown 
(node_modules/@testing-library/user-event/dist/cjs/system/keyboard.js:76:22)
      at keyboardAction 
(node_modules/@testing-library/user-event/dist/cjs/keyboard/index.js:22:35)
      at Object.keyboard 
(node_modules/@testing-library/user-event/dist/cjs/keyboard/index.js:11:15)
      at Object.type 
(node_modules/@testing-library/user-event/dist/cjs/utility/type.js:17:5)
      at Object.<anonymous> (src/auth/auth.test.tsx:214:9)

    console.error
      Warning: An update to LoginForm inside a test was not wrapped in 
act(...).
      
      When testing, code that causes React state updates should be wrapped 
into act(...):
      
      act(() => {
        /* fire events that update state */
      });
      /* assert on the output */
      
      This ensures that you're testing the behavior the user would see in the 
browser. Learn more at https://reactjs.org/link/wrap-tests-with-act
          at LoginForm (C:\Users\samhe\OneDrive\Desktop\Cleaned\frontend\src\au
th\LoginForm\LoginForm.tsx:41:33)
          at div
          at div
          at LoginPage
          at routeContext (C:\Users\samhe\OneDrive\Desktop\Cleaned\frontend\nod
e_modules\react-router\lib\hooks.tsx:658:26)
          at children (C:\Users\samhe\OneDrive\Desktop\Cleaned\frontend\node_mo
dules\react-router\lib\components.tsx:512:3)
          at basenameProp (C:\Users\samhe\OneDrive\Desktop\Cleaned\frontend\nod
e_modules\react-router\lib\components.tsx:421:13)
          at basename (C:\Users\samhe\OneDrive\Desktop\Cleaned\frontend\node_mo
dules\react-router\lib\components.tsx:225:3)

      141 |                         placeholder="Enter your password"
      142 |                         value={password}
    > 143 |                         onChange={(e) => 
setPassword(e.target.value)}
          |                                          ^
      144 |                         className="w-full rounded-md border 
border-gray-300 px-3 py-2 pr-10 text-sm focus:outline-none focus:ring-2 
focus:ring-gray-900 disabled:opacity-50"
      145 |                     />
      146 |                     <button

      at printWarning 
(node_modules/react-dom/cjs/react-dom.development.js:86:30)
      at error (node_modules/react-dom/cjs/react-dom.development.js:60:7)
      at warnIfUpdatesNotWrappedWithActDEV 
(node_modules/react-dom/cjs/react-dom.development.js:27628:9)
      at scheduleUpdateOnFiber 
(node_modules/react-dom/cjs/react-dom.development.js:25547:5)
      at dispatchSetState 
(node_modules/react-dom/cjs/react-dom.development.js:16708:7)
      at onChange (src/auth/LoginForm/LoginForm.tsx:143:42)
      at HTMLUnknownElement.callCallback 
(node_modules/react-dom/cjs/react-dom.development.js:4164:14)
      at HTMLUnknownElement.callTheUserObjectsOperation 
(node_modules/jsdom/lib/jsdom/living/generated/EventListener.js:26:30)
      at innerInvokeEventListeners 
(node_modules/jsdom/lib/jsdom/living/events/EventTarget-impl.js:350:25)
      at invokeEventListeners 
(node_modules/jsdom/lib/jsdom/living/events/EventTarget-impl.js:286:3)
      at HTMLUnknownElementImpl._dispatch 
(node_modules/jsdom/lib/jsdom/living/events/EventTarget-impl.js:233:9)
      at HTMLUnknownElementImpl.dispatchEvent 
(node_modules/jsdom/lib/jsdom/living/events/EventTarget-impl.js:104:17)
      at HTMLUnknownElement.dispatchEvent 
(node_modules/jsdom/lib/jsdom/living/generated/EventTarget.js:241:34)
      at Object.invokeGuardedCallbackDev 
(node_modules/react-dom/cjs/react-dom.development.js:4213:16)
      at invokeGuardedCallback 
(node_modules/react-dom/cjs/react-dom.development.js:4277:31)
      at invokeGuardedCallbackAndCatchFirstError 
(node_modules/react-dom/cjs/react-dom.development.js:4291:25)
      at executeDispatch 
(node_modules/react-dom/cjs/react-dom.development.js:9041:3)
      at processDispatchQueueItemsInOrder 
(node_modules/react-dom/cjs/react-dom.development.js:9073:7)
      at processDispatchQueue 
(node_modules/react-dom/cjs/react-dom.development.js:9086:5)
      at dispatchEventsForPlugins 
(node_modules/react-dom/cjs/react-dom.development.js:9097:3)
      at node_modules/react-dom/cjs/react-dom.development.js:9288:12
      at batchedUpdates$1 
(node_modules/react-dom/cjs/react-dom.development.js:26179:12)
      at batchedUpdates 
(node_modules/react-dom/cjs/react-dom.development.js:3991:12)
      at dispatchEventForPluginEventSystem 
(node_modules/react-dom/cjs/react-dom.development.js:9287:3)
      at dispatchEventWithEnableCapturePhaseSelectiveHydrationWithoutDiscreteEv
entReplay (node_modules/react-dom/cjs/react-dom.development.js:6465:5)
      at dispatchEvent 
(node_modules/react-dom/cjs/react-dom.development.js:6457:5)
      at dispatchDiscreteEvent 
(node_modules/react-dom/cjs/react-dom.development.js:6430:5)
      at HTMLDivElement.callTheUserObjectsOperation 
(node_modules/jsdom/lib/jsdom/living/generated/EventListener.js:26:30)
      at innerInvokeEventListeners 
(node_modules/jsdom/lib/jsdom/living/events/EventTarget-impl.js:350:25)
      at invokeEventListeners 
(node_modules/jsdom/lib/jsdom/living/events/EventTarget-impl.js:286:3)
      at HTMLInputElementImpl._dispatch 
(node_modules/jsdom/lib/jsdom/living/events/EventTarget-impl.js:233:9)
      at HTMLInputElementImpl.dispatchEvent 
(node_modules/jsdom/lib/jsdom/living/events/EventTarget-impl.js:104:17)
      at HTMLInputElement.dispatchEvent 
(node_modules/jsdom/lib/jsdom/living/generated/EventTarget.js:241:34)
      at 
node_modules/@testing-library/user-event/dist/cjs/event/dispatchEvent.js:45:43
      at Object.eventWrapper 
(node_modules/@testing-library/dom/dist/config.js:25:23)
      at Object.wrapEvent 
(node_modules/@testing-library/user-event/dist/cjs/event/wrapEvent.js:6:28)
      at Object.dispatchEvent (node_modules/@testing-library/user-event/dist/cj
s/event/dispatchEvent.js:45:22)
      at Object.dispatchUIEvent (node_modules/@testing-library/user-event/dist/
cjs/event/dispatchEvent.js:22:26)
      at commitInput 
(node_modules/@testing-library/user-event/dist/cjs/event/input.js:145:14)
      at editInputElement 
(node_modules/@testing-library/user-event/dist/cjs/event/input.js:115:9)
      at Object.input 
(node_modules/@testing-library/user-event/dist/cjs/event/input.js:37:9)
      at node_modules/@testing-library/user-event/dist/cjs/event/behavior/keypr
ess.js:31:26
      at Object.dispatchEvent (node_modules/@testing-library/user-event/dist/cj
s/event/dispatchEvent.js:41:13)
      at Object.dispatchUIEvent (node_modules/@testing-library/user-event/dist/
cjs/event/dispatchEvent.js:22:26)
      at KeyboardHost.keydown 
(node_modules/@testing-library/user-event/dist/cjs/system/keyboard.js:76:22)
      at keyboardAction 
(node_modules/@testing-library/user-event/dist/cjs/keyboard/index.js:22:35)
      at Object.keyboard 
(node_modules/@testing-library/user-event/dist/cjs/keyboard/index.js:11:15)
      at Object.type 
(node_modules/@testing-library/user-event/dist/cjs/utility/type.js:17:5)
      at Object.<anonymous> (src/auth/auth.test.tsx:214:9)

    console.error
      Warning: An update to LoginForm inside a test was not wrapped in 
act(...).
      
      When testing, code that causes React state updates should be wrapped 
into act(...):
      
      act(() => {
        /* fire events that update state */
      });
      /* assert on the output */
      
      This ensures that you're testing the behavior the user would see in the 
browser. Learn more at https://reactjs.org/link/wrap-tests-with-act
          at LoginForm (C:\Users\samhe\OneDrive\Desktop\Cleaned\frontend\src\au
th\LoginForm\LoginForm.tsx:41:33)
          at div
          at div
          at LoginPage
          at routeContext (C:\Users\samhe\OneDrive\Desktop\Cleaned\frontend\nod
e_modules\react-router\lib\hooks.tsx:658:26)
          at children (C:\Users\samhe\OneDrive\Desktop\Cleaned\frontend\node_mo
dules\react-router\lib\components.tsx:512:3)
          at basenameProp (C:\Users\samhe\OneDrive\Desktop\Cleaned\frontend\nod
e_modules\react-router\lib\components.tsx:421:13)
          at basename (C:\Users\samhe\OneDrive\Desktop\Cleaned\frontend\node_mo
dules\react-router\lib\components.tsx:225:3)

      141 |                         placeholder="Enter your password"
      142 |                         value={password}
    > 143 |                         onChange={(e) => 
setPassword(e.target.value)}
          |                                          ^
      144 |                         className="w-full rounded-md border 
border-gray-300 px-3 py-2 pr-10 text-sm focus:outline-none focus:ring-2 
focus:ring-gray-900 disabled:opacity-50"
      145 |                     />
      146 |                     <button

      at printWarning 
(node_modules/react-dom/cjs/react-dom.development.js:86:30)
      at error (node_modules/react-dom/cjs/react-dom.development.js:60:7)
      at warnIfUpdatesNotWrappedWithActDEV 
(node_modules/react-dom/cjs/react-dom.development.js:27628:9)
      at scheduleUpdateOnFiber 
(node_modules/react-dom/cjs/react-dom.development.js:25547:5)
      at dispatchSetState 
(node_modules/react-dom/cjs/react-dom.development.js:16708:7)
      at onChange (src/auth/LoginForm/LoginForm.tsx:143:42)
      at HTMLUnknownElement.callCallback 
(node_modules/react-dom/cjs/react-dom.development.js:4164:14)
      at HTMLUnknownElement.callTheUserObjectsOperation 
(node_modules/jsdom/lib/jsdom/living/generated/EventListener.js:26:30)
      at innerInvokeEventListeners 
(node_modules/jsdom/lib/jsdom/living/events/EventTarget-impl.js:350:25)
      at invokeEventListeners 
(node_modules/jsdom/lib/jsdom/living/events/EventTarget-impl.js:286:3)
      at HTMLUnknownElementImpl._dispatch 
(node_modules/jsdom/lib/jsdom/living/events/EventTarget-impl.js:233:9)
      at HTMLUnknownElementImpl.dispatchEvent 
(node_modules/jsdom/lib/jsdom/living/events/EventTarget-impl.js:104:17)
      at HTMLUnknownElement.dispatchEvent 
(node_modules/jsdom/lib/jsdom/living/generated/EventTarget.js:241:34)
      at Object.invokeGuardedCallbackDev 
(node_modules/react-dom/cjs/react-dom.development.js:4213:16)
      at invokeGuardedCallback 
(node_modules/react-dom/cjs/react-dom.development.js:4277:31)
      at invokeGuardedCallbackAndCatchFirstError 
(node_modules/react-dom/cjs/react-dom.development.js:4291:25)
      at executeDispatch 
(node_modules/react-dom/cjs/react-dom.development.js:9041:3)
      at processDispatchQueueItemsInOrder 
(node_modules/react-dom/cjs/react-dom.development.js:9073:7)
      at processDispatchQueue 
(node_modules/react-dom/cjs/react-dom.development.js:9086:5)
      at dispatchEventsForPlugins 
(node_modules/react-dom/cjs/react-dom.development.js:9097:3)
      at node_modules/react-dom/cjs/react-dom.development.js:9288:12
      at batchedUpdates$1 
(node_modules/react-dom/cjs/react-dom.development.js:26179:12)
      at batchedUpdates 
(node_modules/react-dom/cjs/react-dom.development.js:3991:12)
      at dispatchEventForPluginEventSystem 
(node_modules/react-dom/cjs/react-dom.development.js:9287:3)
      at dispatchEventWithEnableCapturePhaseSelectiveHydrationWithoutDiscreteEv
entReplay (node_modules/react-dom/cjs/react-dom.development.js:6465:5)
      at dispatchEvent 
(node_modules/react-dom/cjs/react-dom.development.js:6457:5)
      at dispatchDiscreteEvent 
(node_modules/react-dom/cjs/react-dom.development.js:6430:5)
      at HTMLDivElement.callTheUserObjectsOperation 
(node_modules/jsdom/lib/jsdom/living/generated/EventListener.js:26:30)
      at innerInvokeEventListeners 
(node_modules/jsdom/lib/jsdom/living/events/EventTarget-impl.js:350:25)
      at invokeEventListeners 
(node_modules/jsdom/lib/jsdom/living/events/EventTarget-impl.js:286:3)
      at HTMLInputElementImpl._dispatch 
(node_modules/jsdom/lib/jsdom/living/events/EventTarget-impl.js:233:9)
      at HTMLInputElementImpl.dispatchEvent 
(node_modules/jsdom/lib/jsdom/living/events/EventTarget-impl.js:104:17)
      at HTMLInputElement.dispatchEvent 
(node_modules/jsdom/lib/jsdom/living/generated/EventTarget.js:241:34)
      at 
node_modules/@testing-library/user-event/dist/cjs/event/dispatchEvent.js:45:43
      at Object.eventWrapper 
(node_modules/@testing-library/dom/dist/config.js:25:23)
      at Object.wrapEvent 
(node_modules/@testing-library/user-event/dist/cjs/event/wrapEvent.js:6:28)
      at Object.dispatchEvent (node_modules/@testing-library/user-event/dist/cj
s/event/dispatchEvent.js:45:22)
      at Object.dispatchUIEvent (node_modules/@testing-library/user-event/dist/
cjs/event/dispatchEvent.js:22:26)
      at commitInput 
(node_modules/@testing-library/user-event/dist/cjs/event/input.js:145:14)
      at editInputElement 
(node_modules/@testing-library/user-event/dist/cjs/event/input.js:115:9)
      at Object.input 
(node_modules/@testing-library/user-event/dist/cjs/event/input.js:37:9)
      at node_modules/@testing-library/user-event/dist/cjs/event/behavior/keypr
ess.js:31:26
      at Object.dispatchEvent (node_modules/@testing-library/user-event/dist/cj
s/event/dispatchEvent.js:41:13)
      at Object.dispatchUIEvent (node_modules/@testing-library/user-event/dist/
cjs/event/dispatchEvent.js:22:26)
      at KeyboardHost.keydown 
(node_modules/@testing-library/user-event/dist/cjs/system/keyboard.js:76:22)
      at keyboardAction 
(node_modules/@testing-library/user-event/dist/cjs/keyboard/index.js:22:35)
      at Object.keyboard 
(node_modules/@testing-library/user-event/dist/cjs/keyboard/index.js:11:15)
      at Object.type 
(node_modules/@testing-library/user-event/dist/cjs/utility/type.js:17:5)
      at Object.<anonymous> (src/auth/auth.test.tsx:214:9)

    console.error
      Warning: An update to LoginForm inside a test was not wrapped in 
act(...).
      
      When testing, code that causes React state updates should be wrapped 
into act(...):
      
      act(() => {
        /* fire events that update state */
      });
      /* assert on the output */
      
      This ensures that you're testing the behavior the user would see in the 
browser. Learn more at https://reactjs.org/link/wrap-tests-with-act
          at LoginForm (C:\Users\samhe\OneDrive\Desktop\Cleaned\frontend\src\au
th\LoginForm\LoginForm.tsx:41:33)
          at div
          at div
          at LoginPage
          at routeContext (C:\Users\samhe\OneDrive\Desktop\Cleaned\frontend\nod
e_modules\react-router\lib\hooks.tsx:658:26)
          at children (C:\Users\samhe\OneDrive\Desktop\Cleaned\frontend\node_mo
dules\react-router\lib\components.tsx:512:3)
          at basenameProp (C:\Users\samhe\OneDrive\Desktop\Cleaned\frontend\nod
e_modules\react-router\lib\components.tsx:421:13)
          at basename (C:\Users\samhe\OneDrive\Desktop\Cleaned\frontend\node_mo
dules\react-router\lib\components.tsx:225:3)

      141 |                         placeholder="Enter your password"
      142 |                         value={password}
    > 143 |                         onChange={(e) => 
setPassword(e.target.value)}
          |                                          ^
      144 |                         className="w-full rounded-md border 
border-gray-300 px-3 py-2 pr-10 text-sm focus:outline-none focus:ring-2 
focus:ring-gray-900 disabled:opacity-50"
      145 |                     />
      146 |                     <button

      at printWarning 
(node_modules/react-dom/cjs/react-dom.development.js:86:30)
      at error (node_modules/react-dom/cjs/react-dom.development.js:60:7)
      at warnIfUpdatesNotWrappedWithActDEV 
(node_modules/react-dom/cjs/react-dom.development.js:27628:9)
      at scheduleUpdateOnFiber 
(node_modules/react-dom/cjs/react-dom.development.js:25547:5)
      at dispatchSetState 
(node_modules/react-dom/cjs/react-dom.development.js:16708:7)
      at onChange (src/auth/LoginForm/LoginForm.tsx:143:42)
      at HTMLUnknownElement.callCallback 
(node_modules/react-dom/cjs/react-dom.development.js:4164:14)
      at HTMLUnknownElement.callTheUserObjectsOperation 
(node_modules/jsdom/lib/jsdom/living/generated/EventListener.js:26:30)
      at innerInvokeEventListeners 
(node_modules/jsdom/lib/jsdom/living/events/EventTarget-impl.js:350:25)
      at invokeEventListeners 
(node_modules/jsdom/lib/jsdom/living/events/EventTarget-impl.js:286:3)
      at HTMLUnknownElementImpl._dispatch 
(node_modules/jsdom/lib/jsdom/living/events/EventTarget-impl.js:233:9)
      at HTMLUnknownElementImpl.dispatchEvent 
(node_modules/jsdom/lib/jsdom/living/events/EventTarget-impl.js:104:17)
      at HTMLUnknownElement.dispatchEvent 
(node_modules/jsdom/lib/jsdom/living/generated/EventTarget.js:241:34)
      at Object.invokeGuardedCallbackDev 
(node_modules/react-dom/cjs/react-dom.development.js:4213:16)
      at invokeGuardedCallback 
(node_modules/react-dom/cjs/react-dom.development.js:4277:31)
      at invokeGuardedCallbackAndCatchFirstError 
(node_modules/react-dom/cjs/react-dom.development.js:4291:25)
      at executeDispatch 
(node_modules/react-dom/cjs/react-dom.development.js:9041:3)
      at processDispatchQueueItemsInOrder 
(node_modules/react-dom/cjs/react-dom.development.js:9073:7)
      at processDispatchQueue 
(node_modules/react-dom/cjs/react-dom.development.js:9086:5)
      at dispatchEventsForPlugins 
(node_modules/react-dom/cjs/react-dom.development.js:9097:3)
      at node_modules/react-dom/cjs/react-dom.development.js:9288:12
      at batchedUpdates$1 
(node_modules/react-dom/cjs/react-dom.development.js:26179:12)
      at batchedUpdates 
(node_modules/react-dom/cjs/react-dom.development.js:3991:12)
      at dispatchEventForPluginEventSystem 
(node_modules/react-dom/cjs/react-dom.development.js:9287:3)
      at dispatchEventWithEnableCapturePhaseSelectiveHydrationWithoutDiscreteEv
entReplay (node_modules/react-dom/cjs/react-dom.development.js:6465:5)
      at dispatchEvent 
(node_modules/react-dom/cjs/react-dom.development.js:6457:5)
      at dispatchDiscreteEvent 
(node_modules/react-dom/cjs/react-dom.development.js:6430:5)
      at HTMLDivElement.callTheUserObjectsOperation 
(node_modules/jsdom/lib/jsdom/living/generated/EventListener.js:26:30)
      at innerInvokeEventListeners 
(node_modules/jsdom/lib/jsdom/living/events/EventTarget-impl.js:350:25)
      at invokeEventListeners 
(node_modules/jsdom/lib/jsdom/living/events/EventTarget-impl.js:286:3)
      at HTMLInputElementImpl._dispatch 
(node_modules/jsdom/lib/jsdom/living/events/EventTarget-impl.js:233:9)
      at HTMLInputElementImpl.dispatchEvent 
(node_modules/jsdom/lib/jsdom/living/events/EventTarget-impl.js:104:17)
      at HTMLInputElement.dispatchEvent 
(node_modules/jsdom/lib/jsdom/living/generated/EventTarget.js:241:34)
      at 
node_modules/@testing-library/user-event/dist/cjs/event/dispatchEvent.js:45:43
      at Object.eventWrapper 
(node_modules/@testing-library/dom/dist/config.js:25:23)
      at Object.wrapEvent 
(node_modules/@testing-library/user-event/dist/cjs/event/wrapEvent.js:6:28)
      at Object.dispatchEvent (node_modules/@testing-library/user-event/dist/cj
s/event/dispatchEvent.js:45:22)
      at Object.dispatchUIEvent (node_modules/@testing-library/user-event/dist/
cjs/event/dispatchEvent.js:22:26)
      at commitInput 
(node_modules/@testing-library/user-event/dist/cjs/event/input.js:145:14)
      at editInputElement 
(node_modules/@testing-library/user-event/dist/cjs/event/input.js:115:9)
      at Object.input 
(node_modules/@testing-library/user-event/dist/cjs/event/input.js:37:9)
      at node_modules/@testing-library/user-event/dist/cjs/event/behavior/keypr
ess.js:31:26
      at Object.dispatchEvent (node_modules/@testing-library/user-event/dist/cj
s/event/dispatchEvent.js:41:13)
      at Object.dispatchUIEvent (node_modules/@testing-library/user-event/dist/
cjs/event/dispatchEvent.js:22:26)
      at KeyboardHost.keydown 
(node_modules/@testing-library/user-event/dist/cjs/system/keyboard.js:76:22)
      at keyboardAction 
(node_modules/@testing-library/user-event/dist/cjs/keyboard/index.js:22:35)
      at Object.keyboard 
(node_modules/@testing-library/user-event/dist/cjs/keyboard/index.js:11:15)
      at Object.type 
(node_modules/@testing-library/user-event/dist/cjs/utility/type.js:17:5)
      at Object.<anonymous> (src/auth/auth.test.tsx:214:9)

    console.error
      Warning: An update to LoginForm inside a test was not wrapped in 
act(...).
      
      When testing, code that causes React state updates should be wrapped 
into act(...):
      
      act(() => {
        /* fire events that update state */
      });
      /* assert on the output */
      
      This ensures that you're testing the behavior the user would see in the 
browser. Learn more at https://reactjs.org/link/wrap-tests-with-act
          at LoginForm (C:\Users\samhe\OneDrive\Desktop\Cleaned\frontend\src\au
th\LoginForm\LoginForm.tsx:41:33)
          at div
          at div
          at LoginPage
          at routeContext (C:\Users\samhe\OneDrive\Desktop\Cleaned\frontend\nod
e_modules\react-router\lib\hooks.tsx:658:26)
          at children (C:\Users\samhe\OneDrive\Desktop\Cleaned\frontend\node_mo
dules\react-router\lib\components.tsx:512:3)
          at basenameProp (C:\Users\samhe\OneDrive\Desktop\Cleaned\frontend\nod
e_modules\react-router\lib\components.tsx:421:13)
          at basename (C:\Users\samhe\OneDrive\Desktop\Cleaned\frontend\node_mo
dules\react-router\lib\components.tsx:225:3)

      141 |                         placeholder="Enter your password"
      142 |                         value={password}
    > 143 |                         onChange={(e) => 
setPassword(e.target.value)}
          |                                          ^
      144 |                         className="w-full rounded-md border 
border-gray-300 px-3 py-2 pr-10 text-sm focus:outline-none focus:ring-2 
focus:ring-gray-900 disabled:opacity-50"
      145 |                     />
      146 |                     <button

      at printWarning 
(node_modules/react-dom/cjs/react-dom.development.js:86:30)
      at error (node_modules/react-dom/cjs/react-dom.development.js:60:7)
      at warnIfUpdatesNotWrappedWithActDEV 
(node_modules/react-dom/cjs/react-dom.development.js:27628:9)
      at scheduleUpdateOnFiber 
(node_modules/react-dom/cjs/react-dom.development.js:25547:5)
      at dispatchSetState 
(node_modules/react-dom/cjs/react-dom.development.js:16708:7)
      at onChange (src/auth/LoginForm/LoginForm.tsx:143:42)
      at HTMLUnknownElement.callCallback 
(node_modules/react-dom/cjs/react-dom.development.js:4164:14)
      at HTMLUnknownElement.callTheUserObjectsOperation 
(node_modules/jsdom/lib/jsdom/living/generated/EventListener.js:26:30)
      at innerInvokeEventListeners 
(node_modules/jsdom/lib/jsdom/living/events/EventTarget-impl.js:350:25)
      at invokeEventListeners 
(node_modules/jsdom/lib/jsdom/living/events/EventTarget-impl.js:286:3)
      at HTMLUnknownElementImpl._dispatch 
(node_modules/jsdom/lib/jsdom/living/events/EventTarget-impl.js:233:9)
      at HTMLUnknownElementImpl.dispatchEvent 
(node_modules/jsdom/lib/jsdom/living/events/EventTarget-impl.js:104:17)
      at HTMLUnknownElement.dispatchEvent 
(node_modules/jsdom/lib/jsdom/living/generated/EventTarget.js:241:34)
      at Object.invokeGuardedCallbackDev 
(node_modules/react-dom/cjs/react-dom.development.js:4213:16)
      at invokeGuardedCallback 
(node_modules/react-dom/cjs/react-dom.development.js:4277:31)
      at invokeGuardedCallbackAndCatchFirstError 
(node_modules/react-dom/cjs/react-dom.development.js:4291:25)
      at executeDispatch 
(node_modules/react-dom/cjs/react-dom.development.js:9041:3)
      at processDispatchQueueItemsInOrder 
(node_modules/react-dom/cjs/react-dom.development.js:9073:7)
      at processDispatchQueue 
(node_modules/react-dom/cjs/react-dom.development.js:9086:5)
      at dispatchEventsForPlugins 
(node_modules/react-dom/cjs/react-dom.development.js:9097:3)
      at node_modules/react-dom/cjs/react-dom.development.js:9288:12
      at batchedUpdates$1 
(node_modules/react-dom/cjs/react-dom.development.js:26179:12)
      at batchedUpdates 
(node_modules/react-dom/cjs/react-dom.development.js:3991:12)
      at dispatchEventForPluginEventSystem 
(node_modules/react-dom/cjs/react-dom.development.js:9287:3)
      at dispatchEventWithEnableCapturePhaseSelectiveHydrationWithoutDiscreteEv
entReplay (node_modules/react-dom/cjs/react-dom.development.js:6465:5)
      at dispatchEvent 
(node_modules/react-dom/cjs/react-dom.development.js:6457:5)
      at dispatchDiscreteEvent 
(node_modules/react-dom/cjs/react-dom.development.js:6430:5)
      at HTMLDivElement.callTheUserObjectsOperation 
(node_modules/jsdom/lib/jsdom/living/generated/EventListener.js:26:30)
      at innerInvokeEventListeners 
(node_modules/jsdom/lib/jsdom/living/events/EventTarget-impl.js:350:25)
      at invokeEventListeners 
(node_modules/jsdom/lib/jsdom/living/events/EventTarget-impl.js:286:3)
      at HTMLInputElementImpl._dispatch 
(node_modules/jsdom/lib/jsdom/living/events/EventTarget-impl.js:233:9)
      at HTMLInputElementImpl.dispatchEvent 
(node_modules/jsdom/lib/jsdom/living/events/EventTarget-impl.js:104:17)
      at HTMLInputElement.dispatchEvent 
(node_modules/jsdom/lib/jsdom/living/generated/EventTarget.js:241:34)
      at 
node_modules/@testing-library/user-event/dist/cjs/event/dispatchEvent.js:45:43
      at Object.eventWrapper 
(node_modules/@testing-library/dom/dist/config.js:25:23)
      at Object.wrapEvent 
(node_modules/@testing-library/user-event/dist/cjs/event/wrapEvent.js:6:28)
      at Object.dispatchEvent (node_modules/@testing-library/user-event/dist/cj
s/event/dispatchEvent.js:45:22)
      at Object.dispatchUIEvent (node_modules/@testing-library/user-event/dist/
cjs/event/dispatchEvent.js:22:26)
      at commitInput 
(node_modules/@testing-library/user-event/dist/cjs/event/input.js:145:14)
      at editInputElement 
(node_modules/@testing-library/user-event/dist/cjs/event/input.js:115:9)
      at Object.input 
(node_modules/@testing-library/user-event/dist/cjs/event/input.js:37:9)
      at node_modules/@testing-library/user-event/dist/cjs/event/behavior/keypr
ess.js:31:26
      at Object.dispatchEvent (node_modules/@testing-library/user-event/dist/cj
s/event/dispatchEvent.js:41:13)
      at Object.dispatchUIEvent (node_modules/@testing-library/user-event/dist/
cjs/event/dispatchEvent.js:22:26)
      at KeyboardHost.keydown 
(node_modules/@testing-library/user-event/dist/cjs/system/keyboard.js:76:22)
      at keyboardAction 
(node_modules/@testing-library/user-event/dist/cjs/keyboard/index.js:22:35)
      at Object.keyboard 
(node_modules/@testing-library/user-event/dist/cjs/keyboard/index.js:11:15)
      at Object.type 
(node_modules/@testing-library/user-event/dist/cjs/utility/type.js:17:5)
      at Object.<anonymous> (src/auth/auth.test.tsx:214:9)

    console.error
      Warning: An update to LoginForm inside a test was not wrapped in 
act(...).
      
      When testing, code that causes React state updates should be wrapped 
into act(...):
      
      act(() => {
        /* fire events that update state */
      });
      /* assert on the output */
      
      This ensures that you're testing the behavior the user would see in the 
browser. Learn more at https://reactjs.org/link/wrap-tests-with-act
          at LoginForm (C:\Users\samhe\OneDrive\Desktop\Cleaned\frontend\src\au
th\LoginForm\LoginForm.tsx:41:33)
          at div
          at div
          at LoginPage
          at routeContext (C:\Users\samhe\OneDrive\Desktop\Cleaned\frontend\nod
e_modules\react-router\lib\hooks.tsx:658:26)
          at children (C:\Users\samhe\OneDrive\Desktop\Cleaned\frontend\node_mo
dules\react-router\lib\components.tsx:512:3)
          at basenameProp (C:\Users\samhe\OneDrive\Desktop\Cleaned\frontend\nod
e_modules\react-router\lib\components.tsx:421:13)
          at basename (C:\Users\samhe\OneDrive\Desktop\Cleaned\frontend\node_mo
dules\react-router\lib\components.tsx:225:3)

      141 |                         placeholder="Enter your password"
      142 |                         value={password}
    > 143 |                         onChange={(e) => 
setPassword(e.target.value)}
          |                                          ^
      144 |                         className="w-full rounded-md border 
border-gray-300 px-3 py-2 pr-10 text-sm focus:outline-none focus:ring-2 
focus:ring-gray-900 disabled:opacity-50"
      145 |                     />
      146 |                     <button

      at printWarning 
(node_modules/react-dom/cjs/react-dom.development.js:86:30)
      at error (node_modules/react-dom/cjs/react-dom.development.js:60:7)
      at warnIfUpdatesNotWrappedWithActDEV 
(node_modules/react-dom/cjs/react-dom.development.js:27628:9)
      at scheduleUpdateOnFiber 
(node_modules/react-dom/cjs/react-dom.development.js:25547:5)
      at dispatchSetState 
(node_modules/react-dom/cjs/react-dom.development.js:16708:7)
      at onChange (src/auth/LoginForm/LoginForm.tsx:143:42)
      at HTMLUnknownElement.callCallback 
(node_modules/react-dom/cjs/react-dom.development.js:4164:14)
      at HTMLUnknownElement.callTheUserObjectsOperation 
(node_modules/jsdom/lib/jsdom/living/generated/EventListener.js:26:30)
      at innerInvokeEventListeners 
(node_modules/jsdom/lib/jsdom/living/events/EventTarget-impl.js:350:25)
      at invokeEventListeners 
(node_modules/jsdom/lib/jsdom/living/events/EventTarget-impl.js:286:3)
      at HTMLUnknownElementImpl._dispatch 
(node_modules/jsdom/lib/jsdom/living/events/EventTarget-impl.js:233:9)
      at HTMLUnknownElementImpl.dispatchEvent 
(node_modules/jsdom/lib/jsdom/living/events/EventTarget-impl.js:104:17)
      at HTMLUnknownElement.dispatchEvent 
(node_modules/jsdom/lib/jsdom/living/generated/EventTarget.js:241:34)
      at Object.invokeGuardedCallbackDev 
(node_modules/react-dom/cjs/react-dom.development.js:4213:16)
      at invokeGuardedCallback 
(node_modules/react-dom/cjs/react-dom.development.js:4277:31)
      at invokeGuardedCallbackAndCatchFirstError 
(node_modules/react-dom/cjs/react-dom.development.js:4291:25)
      at executeDispatch 
(node_modules/react-dom/cjs/react-dom.development.js:9041:3)
      at processDispatchQueueItemsInOrder 
(node_modules/react-dom/cjs/react-dom.development.js:9073:7)
      at processDispatchQueue 
(node_modules/react-dom/cjs/react-dom.development.js:9086:5)
      at dispatchEventsForPlugins 
(node_modules/react-dom/cjs/react-dom.development.js:9097:3)
      at node_modules/react-dom/cjs/react-dom.development.js:9288:12
      at batchedUpdates$1 
(node_modules/react-dom/cjs/react-dom.development.js:26179:12)
      at batchedUpdates 
(node_modules/react-dom/cjs/react-dom.development.js:3991:12)
      at dispatchEventForPluginEventSystem 
(node_modules/react-dom/cjs/react-dom.development.js:9287:3)
      at dispatchEventWithEnableCapturePhaseSelectiveHydrationWithoutDiscreteEv
entReplay (node_modules/react-dom/cjs/react-dom.development.js:6465:5)
      at dispatchEvent 
(node_modules/react-dom/cjs/react-dom.development.js:6457:5)
      at dispatchDiscreteEvent 
(node_modules/react-dom/cjs/react-dom.development.js:6430:5)
      at HTMLDivElement.callTheUserObjectsOperation 
(node_modules/jsdom/lib/jsdom/living/generated/EventListener.js:26:30)
      at innerInvokeEventListeners 
(node_modules/jsdom/lib/jsdom/living/events/EventTarget-impl.js:350:25)
      at invokeEventListeners 
(node_modules/jsdom/lib/jsdom/living/events/EventTarget-impl.js:286:3)
      at HTMLInputElementImpl._dispatch 
(node_modules/jsdom/lib/jsdom/living/events/EventTarget-impl.js:233:9)
      at HTMLInputElementImpl.dispatchEvent 
(node_modules/jsdom/lib/jsdom/living/events/EventTarget-impl.js:104:17)
      at HTMLInputElement.dispatchEvent 
(node_modules/jsdom/lib/jsdom/living/generated/EventTarget.js:241:34)
      at 
node_modules/@testing-library/user-event/dist/cjs/event/dispatchEvent.js:45:43
      at Object.eventWrapper 
(node_modules/@testing-library/dom/dist/config.js:25:23)
      at Object.wrapEvent 
(node_modules/@testing-library/user-event/dist/cjs/event/wrapEvent.js:6:28)
      at Object.dispatchEvent (node_modules/@testing-library/user-event/dist/cj
s/event/dispatchEvent.js:45:22)
      at Object.dispatchUIEvent (node_modules/@testing-library/user-event/dist/
cjs/event/dispatchEvent.js:22:26)
      at commitInput 
(node_modules/@testing-library/user-event/dist/cjs/event/input.js:145:14)
      at editInputElement 
(node_modules/@testing-library/user-event/dist/cjs/event/input.js:115:9)
      at Object.input 
(node_modules/@testing-library/user-event/dist/cjs/event/input.js:37:9)
      at node_modules/@testing-library/user-event/dist/cjs/event/behavior/keypr
ess.js:31:26
      at Object.dispatchEvent (node_modules/@testing-library/user-event/dist/cj
s/event/dispatchEvent.js:41:13)
      at Object.dispatchUIEvent (node_modules/@testing-library/user-event/dist/
cjs/event/dispatchEvent.js:22:26)
      at KeyboardHost.keydown 
(node_modules/@testing-library/user-event/dist/cjs/system/keyboard.js:76:22)
      at keyboardAction 
(node_modules/@testing-library/user-event/dist/cjs/keyboard/index.js:22:35)
      at Object.keyboard 
(node_modules/@testing-library/user-event/dist/cjs/keyboard/index.js:11:15)
      at Object.type 
(node_modules/@testing-library/user-event/dist/cjs/utility/type.js:17:5)
      at Object.<anonymous> (src/auth/auth.test.tsx:214:9)

    console.error
      Warning: An update to LoginForm inside a test was not wrapped in 
act(...).
      
      When testing, code that causes React state updates should be wrapped 
into act(...):
      
      act(() => {
        /* fire events that update state */
      });
      /* assert on the output */
      
      This ensures that you're testing the behavior the user would see in the 
browser. Learn more at https://reactjs.org/link/wrap-tests-with-act
          at LoginForm (C:\Users\samhe\OneDrive\Desktop\Cleaned\frontend\src\au
th\LoginForm\LoginForm.tsx:41:33)
          at div
          at div
          at LoginPage
          at routeContext (C:\Users\samhe\OneDrive\Desktop\Cleaned\frontend\nod
e_modules\react-router\lib\hooks.tsx:658:26)
          at children (C:\Users\samhe\OneDrive\Desktop\Cleaned\frontend\node_mo
dules\react-router\lib\components.tsx:512:3)
          at basenameProp (C:\Users\samhe\OneDrive\Desktop\Cleaned\frontend\nod
e_modules\react-router\lib\components.tsx:421:13)
          at basename (C:\Users\samhe\OneDrive\Desktop\Cleaned\frontend\node_mo
dules\react-router\lib\components.tsx:225:3)

      141 |                         placeholder="Enter your password"
      142 |                         value={password}
    > 143 |                         onChange={(e) => 
setPassword(e.target.value)}
          |                                          ^
      144 |                         className="w-full rounded-md border 
border-gray-300 px-3 py-2 pr-10 text-sm focus:outline-none focus:ring-2 
focus:ring-gray-900 disabled:opacity-50"
      145 |                     />
      146 |                     <button

      at printWarning 
(node_modules/react-dom/cjs/react-dom.development.js:86:30)
      at error (node_modules/react-dom/cjs/react-dom.development.js:60:7)
      at warnIfUpdatesNotWrappedWithActDEV 
(node_modules/react-dom/cjs/react-dom.development.js:27628:9)
      at scheduleUpdateOnFiber 
(node_modules/react-dom/cjs/react-dom.development.js:25547:5)
      at dispatchSetState 
(node_modules/react-dom/cjs/react-dom.development.js:16708:7)
      at onChange (src/auth/LoginForm/LoginForm.tsx:143:42)
      at HTMLUnknownElement.callCallback 
(node_modules/react-dom/cjs/react-dom.development.js:4164:14)
      at HTMLUnknownElement.callTheUserObjectsOperation 
(node_modules/jsdom/lib/jsdom/living/generated/EventListener.js:26:30)
      at innerInvokeEventListeners 
(node_modules/jsdom/lib/jsdom/living/events/EventTarget-impl.js:350:25)
      at invokeEventListeners 
(node_modules/jsdom/lib/jsdom/living/events/EventTarget-impl.js:286:3)
      at HTMLUnknownElementImpl._dispatch 
(node_modules/jsdom/lib/jsdom/living/events/EventTarget-impl.js:233:9)
      at HTMLUnknownElementImpl.dispatchEvent 
(node_modules/jsdom/lib/jsdom/living/events/EventTarget-impl.js:104:17)
      at HTMLUnknownElement.dispatchEvent 
(node_modules/jsdom/lib/jsdom/living/generated/EventTarget.js:241:34)
      at Object.invokeGuardedCallbackDev 
(node_modules/react-dom/cjs/react-dom.development.js:4213:16)
      at invokeGuardedCallback 
(node_modules/react-dom/cjs/react-dom.development.js:4277:31)
      at invokeGuardedCallbackAndCatchFirstError 
(node_modules/react-dom/cjs/react-dom.development.js:4291:25)
      at executeDispatch 
(node_modules/react-dom/cjs/react-dom.development.js:9041:3)
      at processDispatchQueueItemsInOrder 
(node_modules/react-dom/cjs/react-dom.development.js:9073:7)
      at processDispatchQueue 
(node_modules/react-dom/cjs/react-dom.development.js:9086:5)
      at dispatchEventsForPlugins 
(node_modules/react-dom/cjs/react-dom.development.js:9097:3)
      at node_modules/react-dom/cjs/react-dom.development.js:9288:12
      at batchedUpdates$1 
(node_modules/react-dom/cjs/react-dom.development.js:26179:12)
      at batchedUpdates 
(node_modules/react-dom/cjs/react-dom.development.js:3991:12)
      at dispatchEventForPluginEventSystem 
(node_modules/react-dom/cjs/react-dom.development.js:9287:3)
      at dispatchEventWithEnableCapturePhaseSelectiveHydrationWithoutDiscreteEv
entReplay (node_modules/react-dom/cjs/react-dom.development.js:6465:5)
      at dispatchEvent 
(node_modules/react-dom/cjs/react-dom.development.js:6457:5)
      at dispatchDiscreteEvent 
(node_modules/react-dom/cjs/react-dom.development.js:6430:5)
      at HTMLDivElement.callTheUserObjectsOperation 
(node_modules/jsdom/lib/jsdom/living/generated/EventListener.js:26:30)
      at innerInvokeEventListeners 
(node_modules/jsdom/lib/jsdom/living/events/EventTarget-impl.js:350:25)
      at invokeEventListeners 
(node_modules/jsdom/lib/jsdom/living/events/EventTarget-impl.js:286:3)
      at HTMLInputElementImpl._dispatch 
(node_modules/jsdom/lib/jsdom/living/events/EventTarget-impl.js:233:9)
      at HTMLInputElementImpl.dispatchEvent 
(node_modules/jsdom/lib/jsdom/living/events/EventTarget-impl.js:104:17)
      at HTMLInputElement.dispatchEvent 
(node_modules/jsdom/lib/jsdom/living/generated/EventTarget.js:241:34)
      at 
node_modules/@testing-library/user-event/dist/cjs/event/dispatchEvent.js:45:43
      at Object.eventWrapper 
(node_modules/@testing-library/dom/dist/config.js:25:23)
      at Object.wrapEvent 
(node_modules/@testing-library/user-event/dist/cjs/event/wrapEvent.js:6:28)
      at Object.dispatchEvent (node_modules/@testing-library/user-event/dist/cj
s/event/dispatchEvent.js:45:22)
      at Object.dispatchUIEvent (node_modules/@testing-library/user-event/dist/
cjs/event/dispatchEvent.js:22:26)
      at commitInput 
(node_modules/@testing-library/user-event/dist/cjs/event/input.js:145:14)
      at editInputElement 
(node_modules/@testing-library/user-event/dist/cjs/event/input.js:115:9)
      at Object.input 
(node_modules/@testing-library/user-event/dist/cjs/event/input.js:37:9)
      at node_modules/@testing-library/user-event/dist/cjs/event/behavior/keypr
ess.js:31:26
      at Object.dispatchEvent (node_modules/@testing-library/user-event/dist/cj
s/event/dispatchEvent.js:41:13)
      at Object.dispatchUIEvent (node_modules/@testing-library/user-event/dist/
cjs/event/dispatchEvent.js:22:26)
      at KeyboardHost.keydown 
(node_modules/@testing-library/user-event/dist/cjs/system/keyboard.js:76:22)
      at keyboardAction 
(node_modules/@testing-library/user-event/dist/cjs/keyboard/index.js:22:35)
      at Object.keyboard 
(node_modules/@testing-library/user-event/dist/cjs/keyboard/index.js:11:15)
      at Object.type 
(node_modules/@testing-library/user-event/dist/cjs/utility/type.js:17:5)
      at Object.<anonymous> (src/auth/auth.test.tsx:214:9)

    console.error
      Warning: An update to LoginForm inside a test was not wrapped in 
act(...).
      
      When testing, code that causes React state updates should be wrapped 
into act(...):
      
      act(() => {
        /* fire events that update state */
      });
      /* assert on the output */
      
      This ensures that you're testing the behavior the user would see in the 
browser. Learn more at https://reactjs.org/link/wrap-tests-with-act
          at LoginForm (C:\Users\samhe\OneDrive\Desktop\Cleaned\frontend\src\au
th\LoginForm\LoginForm.tsx:41:33)
          at div
          at div
          at LoginPage
          at routeContext (C:\Users\samhe\OneDrive\Desktop\Cleaned\frontend\nod
e_modules\react-router\lib\hooks.tsx:658:26)
          at children (C:\Users\samhe\OneDrive\Desktop\Cleaned\frontend\node_mo
dules\react-router\lib\components.tsx:512:3)
          at basenameProp (C:\Users\samhe\OneDrive\Desktop\Cleaned\frontend\nod
e_modules\react-router\lib\components.tsx:421:13)
          at basename (C:\Users\samhe\OneDrive\Desktop\Cleaned\frontend\node_mo
dules\react-router\lib\components.tsx:225:3)

      141 |                         placeholder="Enter your password"
      142 |                         value={password}
    > 143 |                         onChange={(e) => 
setPassword(e.target.value)}
          |                                          ^
      144 |                         className="w-full rounded-md border 
border-gray-300 px-3 py-2 pr-10 text-sm focus:outline-none focus:ring-2 
focus:ring-gray-900 disabled:opacity-50"
      145 |                     />
      146 |                     <button

      at printWarning 
(node_modules/react-dom/cjs/react-dom.development.js:86:30)
      at error (node_modules/react-dom/cjs/react-dom.development.js:60:7)
      at warnIfUpdatesNotWrappedWithActDEV 
(node_modules/react-dom/cjs/react-dom.development.js:27628:9)
      at scheduleUpdateOnFiber 
(node_modules/react-dom/cjs/react-dom.development.js:25547:5)
      at dispatchSetState 
(node_modules/react-dom/cjs/react-dom.development.js:16708:7)
      at onChange (src/auth/LoginForm/LoginForm.tsx:143:42)
      at HTMLUnknownElement.callCallback 
(node_modules/react-dom/cjs/react-dom.development.js:4164:14)
      at HTMLUnknownElement.callTheUserObjectsOperation 
(node_modules/jsdom/lib/jsdom/living/generated/EventListener.js:26:30)
      at innerInvokeEventListeners 
(node_modules/jsdom/lib/jsdom/living/events/EventTarget-impl.js:350:25)
      at invokeEventListeners 
(node_modules/jsdom/lib/jsdom/living/events/EventTarget-impl.js:286:3)
      at HTMLUnknownElementImpl._dispatch 
(node_modules/jsdom/lib/jsdom/living/events/EventTarget-impl.js:233:9)
      at HTMLUnknownElementImpl.dispatchEvent 
(node_modules/jsdom/lib/jsdom/living/events/EventTarget-impl.js:104:17)
      at HTMLUnknownElement.dispatchEvent 
(node_modules/jsdom/lib/jsdom/living/generated/EventTarget.js:241:34)
      at Object.invokeGuardedCallbackDev 
(node_modules/react-dom/cjs/react-dom.development.js:4213:16)
      at invokeGuardedCallback 
(node_modules/react-dom/cjs/react-dom.development.js:4277:31)
      at invokeGuardedCallbackAndCatchFirstError 
(node_modules/react-dom/cjs/react-dom.development.js:4291:25)
      at executeDispatch 
(node_modules/react-dom/cjs/react-dom.development.js:9041:3)
      at processDispatchQueueItemsInOrder 
(node_modules/react-dom/cjs/react-dom.development.js:9073:7)
      at processDispatchQueue 
(node_modules/react-dom/cjs/react-dom.development.js:9086:5)
      at dispatchEventsForPlugins 
(node_modules/react-dom/cjs/react-dom.development.js:9097:3)
      at node_modules/react-dom/cjs/react-dom.development.js:9288:12
      at batchedUpdates$1 
(node_modules/react-dom/cjs/react-dom.development.js:26179:12)
      at batchedUpdates 
(node_modules/react-dom/cjs/react-dom.development.js:3991:12)
      at dispatchEventForPluginEventSystem 
(node_modules/react-dom/cjs/react-dom.development.js:9287:3)
      at dispatchEventWithEnableCapturePhaseSelectiveHydrationWithoutDiscreteEv
entReplay (node_modules/react-dom/cjs/react-dom.development.js:6465:5)
      at dispatchEvent 
(node_modules/react-dom/cjs/react-dom.development.js:6457:5)
      at dispatchDiscreteEvent 
(node_modules/react-dom/cjs/react-dom.development.js:6430:5)
      at HTMLDivElement.callTheUserObjectsOperation 
(node_modules/jsdom/lib/jsdom/living/generated/EventListener.js:26:30)
      at innerInvokeEventListeners 
(node_modules/jsdom/lib/jsdom/living/events/EventTarget-impl.js:350:25)
      at invokeEventListeners 
(node_modules/jsdom/lib/jsdom/living/events/EventTarget-impl.js:286:3)
      at HTMLInputElementImpl._dispatch 
(node_modules/jsdom/lib/jsdom/living/events/EventTarget-impl.js:233:9)
      at HTMLInputElementImpl.dispatchEvent 
(node_modules/jsdom/lib/jsdom/living/events/EventTarget-impl.js:104:17)
      at HTMLInputElement.dispatchEvent 
(node_modules/jsdom/lib/jsdom/living/generated/EventTarget.js:241:34)
      at 
node_modules/@testing-library/user-event/dist/cjs/event/dispatchEvent.js:45:43
      at Object.eventWrapper 
(node_modules/@testing-library/dom/dist/config.js:25:23)
      at Object.wrapEvent 
(node_modules/@testing-library/user-event/dist/cjs/event/wrapEvent.js:6:28)
      at Object.dispatchEvent (node_modules/@testing-library/user-event/dist/cj
s/event/dispatchEvent.js:45:22)
      at Object.dispatchUIEvent (node_modules/@testing-library/user-event/dist/
cjs/event/dispatchEvent.js:22:26)
      at commitInput 
(node_modules/@testing-library/user-event/dist/cjs/event/input.js:145:14)
      at editInputElement 
(node_modules/@testing-library/user-event/dist/cjs/event/input.js:115:9)
      at Object.input 
(node_modules/@testing-library/user-event/dist/cjs/event/input.js:37:9)
      at node_modules/@testing-library/user-event/dist/cjs/event/behavior/keypr
ess.js:31:26
      at Object.dispatchEvent (node_modules/@testing-library/user-event/dist/cj
s/event/dispatchEvent.js:41:13)
      at Object.dispatchUIEvent (node_modules/@testing-library/user-event/dist/
cjs/event/dispatchEvent.js:22:26)
      at KeyboardHost.keydown 
(node_modules/@testing-library/user-event/dist/cjs/system/keyboard.js:76:22)
      at keyboardAction 
(node_modules/@testing-library/user-event/dist/cjs/keyboard/index.js:22:35)
      at Object.keyboard 
(node_modules/@testing-library/user-event/dist/cjs/keyboard/index.js:11:15)
      at Object.type 
(node_modules/@testing-library/user-event/dist/cjs/utility/type.js:17:5)
      at Object.<anonymous> (src/auth/auth.test.tsx:214:9)

    console.error
      Warning: An update to LoginForm inside a test was not wrapped in 
act(...).
      
      When testing, code that causes React state updates should be wrapped 
into act(...):
      
      act(() => {
        /* fire events that update state */
      });
      /* assert on the output */
      
      This ensures that you're testing the behavior the user would see in the 
browser. Learn more at https://reactjs.org/link/wrap-tests-with-act
          at LoginForm (C:\Users\samhe\OneDrive\Desktop\Cleaned\frontend\src\au
th\LoginForm\LoginForm.tsx:41:33)
          at div
          at div
          at LoginPage
          at routeContext (C:\Users\samhe\OneDrive\Desktop\Cleaned\frontend\nod
e_modules\react-router\lib\hooks.tsx:658:26)
          at children (C:\Users\samhe\OneDrive\Desktop\Cleaned\frontend\node_mo
dules\react-router\lib\components.tsx:512:3)
          at basenameProp (C:\Users\samhe\OneDrive\Desktop\Cleaned\frontend\nod
e_modules\react-router\lib\components.tsx:421:13)
          at basename (C:\Users\samhe\OneDrive\Desktop\Cleaned\frontend\node_mo
dules\react-router\lib\components.tsx:225:3)

      141 |                         placeholder="Enter your password"
      142 |                         value={password}
    > 143 |                         onChange={(e) => 
setPassword(e.target.value)}
          |                                          ^
      144 |                         className="w-full rounded-md border 
border-gray-300 px-3 py-2 pr-10 text-sm focus:outline-none focus:ring-2 
focus:ring-gray-900 disabled:opacity-50"
      145 |                     />
      146 |                     <button

      at printWarning 
(node_modules/react-dom/cjs/react-dom.development.js:86:30)
      at error (node_modules/react-dom/cjs/react-dom.development.js:60:7)
      at warnIfUpdatesNotWrappedWithActDEV 
(node_modules/react-dom/cjs/react-dom.development.js:27628:9)
      at scheduleUpdateOnFiber 
(node_modules/react-dom/cjs/react-dom.development.js:25547:5)
      at dispatchSetState 
(node_modules/react-dom/cjs/react-dom.development.js:16708:7)
      at onChange (src/auth/LoginForm/LoginForm.tsx:143:42)
      at HTMLUnknownElement.callCallback 
(node_modules/react-dom/cjs/react-dom.development.js:4164:14)
      at HTMLUnknownElement.callTheUserObjectsOperation 
(node_modules/jsdom/lib/jsdom/living/generated/EventListener.js:26:30)
      at innerInvokeEventListeners 
(node_modules/jsdom/lib/jsdom/living/events/EventTarget-impl.js:350:25)
      at invokeEventListeners 
(node_modules/jsdom/lib/jsdom/living/events/EventTarget-impl.js:286:3)
      at HTMLUnknownElementImpl._dispatch 
(node_modules/jsdom/lib/jsdom/living/events/EventTarget-impl.js:233:9)
      at HTMLUnknownElementImpl.dispatchEvent 
(node_modules/jsdom/lib/jsdom/living/events/EventTarget-impl.js:104:17)
      at HTMLUnknownElement.dispatchEvent 
(node_modules/jsdom/lib/jsdom/living/generated/EventTarget.js:241:34)
      at Object.invokeGuardedCallbackDev 
(node_modules/react-dom/cjs/react-dom.development.js:4213:16)
      at invokeGuardedCallback 
(node_modules/react-dom/cjs/react-dom.development.js:4277:31)
      at invokeGuardedCallbackAndCatchFirstError 
(node_modules/react-dom/cjs/react-dom.development.js:4291:25)
      at executeDispatch 
(node_modules/react-dom/cjs/react-dom.development.js:9041:3)
      at processDispatchQueueItemsInOrder 
(node_modules/react-dom/cjs/react-dom.development.js:9073:7)
      at processDispatchQueue 
(node_modules/react-dom/cjs/react-dom.development.js:9086:5)
      at dispatchEventsForPlugins 
(node_modules/react-dom/cjs/react-dom.development.js:9097:3)
      at node_modules/react-dom/cjs/react-dom.development.js:9288:12
      at batchedUpdates$1 
(node_modules/react-dom/cjs/react-dom.development.js:26179:12)
      at batchedUpdates 
(node_modules/react-dom/cjs/react-dom.development.js:3991:12)
      at dispatchEventForPluginEventSystem 
(node_modules/react-dom/cjs/react-dom.development.js:9287:3)
      at dispatchEventWithEnableCapturePhaseSelectiveHydrationWithoutDiscreteEv
entReplay (node_modules/react-dom/cjs/react-dom.development.js:6465:5)
      at dispatchEvent 
(node_modules/react-dom/cjs/react-dom.development.js:6457:5)
      at dispatchDiscreteEvent 
(node_modules/react-dom/cjs/react-dom.development.js:6430:5)
      at HTMLDivElement.callTheUserObjectsOperation 
(node_modules/jsdom/lib/jsdom/living/generated/EventListener.js:26:30)
      at innerInvokeEventListeners 
(node_modules/jsdom/lib/jsdom/living/events/EventTarget-impl.js:350:25)
      at invokeEventListeners 
(node_modules/jsdom/lib/jsdom/living/events/EventTarget-impl.js:286:3)
      at HTMLInputElementImpl._dispatch 
(node_modules/jsdom/lib/jsdom/living/events/EventTarget-impl.js:233:9)
      at HTMLInputElementImpl.dispatchEvent 
(node_modules/jsdom/lib/jsdom/living/events/EventTarget-impl.js:104:17)
      at HTMLInputElement.dispatchEvent 
(node_modules/jsdom/lib/jsdom/living/generated/EventTarget.js:241:34)
      at 
node_modules/@testing-library/user-event/dist/cjs/event/dispatchEvent.js:45:43
      at Object.eventWrapper 
(node_modules/@testing-library/dom/dist/config.js:25:23)
      at Object.wrapEvent 
(node_modules/@testing-library/user-event/dist/cjs/event/wrapEvent.js:6:28)
      at Object.dispatchEvent (node_modules/@testing-library/user-event/dist/cj
s/event/dispatchEvent.js:45:22)
      at Object.dispatchUIEvent (node_modules/@testing-library/user-event/dist/
cjs/event/dispatchEvent.js:22:26)
      at commitInput 
(node_modules/@testing-library/user-event/dist/cjs/event/input.js:145:14)
      at editInputElement 
(node_modules/@testing-library/user-event/dist/cjs/event/input.js:115:9)
      at Object.input 
(node_modules/@testing-library/user-event/dist/cjs/event/input.js:37:9)
      at node_modules/@testing-library/user-event/dist/cjs/event/behavior/keypr
ess.js:31:26
      at Object.dispatchEvent (node_modules/@testing-library/user-event/dist/cj
s/event/dispatchEvent.js:41:13)
      at Object.dispatchUIEvent (node_modules/@testing-library/user-event/dist/
cjs/event/dispatchEvent.js:22:26)
      at KeyboardHost.keydown 
(node_modules/@testing-library/user-event/dist/cjs/system/keyboard.js:76:22)
      at keyboardAction 
(node_modules/@testing-library/user-event/dist/cjs/keyboard/index.js:22:35)
      at Object.keyboard 
(node_modules/@testing-library/user-event/dist/cjs/keyboard/index.js:11:15)
      at Object.type 
(node_modules/@testing-library/user-event/dist/cjs/utility/type.js:17:5)
      at Object.<anonymous> (src/auth/auth.test.tsx:214:9)

    console.error
      Warning: An update to LoginForm inside a test was not wrapped in 
act(...).
      
      When testing, code that causes React state updates should be wrapped 
into act(...):
      
      act(() => {
        /* fire events that update state */
      });
      /* assert on the output */
      
      This ensures that you're testing the behavior the user would see in the 
browser. Learn more at https://reactjs.org/link/wrap-tests-with-act
          at LoginForm (C:\Users\samhe\OneDrive\Desktop\Cleaned\frontend\src\au
th\LoginForm\LoginForm.tsx:41:33)
          at div
          at div
          at LoginPage
          at routeContext (C:\Users\samhe\OneDrive\Desktop\Cleaned\frontend\nod
e_modules\react-router\lib\hooks.tsx:658:26)
          at children (C:\Users\samhe\OneDrive\Desktop\Cleaned\frontend\node_mo
dules\react-router\lib\components.tsx:512:3)
          at basenameProp (C:\Users\samhe\OneDrive\Desktop\Cleaned\frontend\nod
e_modules\react-router\lib\components.tsx:421:13)
          at basename (C:\Users\samhe\OneDrive\Desktop\Cleaned\frontend\node_mo
dules\react-router\lib\components.tsx:225:3)

      52 |     async function handleSubmit(e: React.FormEvent) {
      53 |         e.preventDefault()
    > 54 |         setError('')
         |         ^
      55 |
      56 |         // Client-side empty field validation (R-AUTH-EMPTY)
      57 |         if (!email.trim() || !password) {

      at printWarning 
(node_modules/react-dom/cjs/react-dom.development.js:86:30)
      at error (node_modules/react-dom/cjs/react-dom.development.js:60:7)
      at warnIfUpdatesNotWrappedWithActDEV 
(node_modules/react-dom/cjs/react-dom.development.js:27628:9)
      at scheduleUpdateOnFiber 
(node_modules/react-dom/cjs/react-dom.development.js:25547:5)
      at dispatchSetState 
(node_modules/react-dom/cjs/react-dom.development.js:16708:7)
      at handleSubmit (src/auth/LoginForm/LoginForm.tsx:54:9)
      at HTMLUnknownElement.callCallback 
(node_modules/react-dom/cjs/react-dom.development.js:4164:14)
      at HTMLUnknownElement.callTheUserObjectsOperation 
(node_modules/jsdom/lib/jsdom/living/generated/EventListener.js:26:30)
      at innerInvokeEventListeners 
(node_modules/jsdom/lib/jsdom/living/events/EventTarget-impl.js:350:25)
      at invokeEventListeners 
(node_modules/jsdom/lib/jsdom/living/events/EventTarget-impl.js:286:3)
      at HTMLUnknownElementImpl._dispatch 
(node_modules/jsdom/lib/jsdom/living/events/EventTarget-impl.js:233:9)
      at HTMLUnknownElementImpl.dispatchEvent 
(node_modules/jsdom/lib/jsdom/living/events/EventTarget-impl.js:104:17)
      at HTMLUnknownElement.dispatchEvent 
(node_modules/jsdom/lib/jsdom/living/generated/EventTarget.js:241:34)
      at Object.invokeGuardedCallbackDev 
(node_modules/react-dom/cjs/react-dom.development.js:4213:16)
      at invokeGuardedCallback 
(node_modules/react-dom/cjs/react-dom.development.js:4277:31)
      at invokeGuardedCallbackAndCatchFirstError 
(node_modules/react-dom/cjs/react-dom.development.js:4291:25)
      at executeDispatch 
(node_modules/react-dom/cjs/react-dom.development.js:9041:3)
      at processDispatchQueueItemsInOrder 
(node_modules/react-dom/cjs/react-dom.development.js:9073:7)
      at processDispatchQueue 
(node_modules/react-dom/cjs/react-dom.development.js:9086:5)
      at dispatchEventsForPlugins 
(node_modules/react-dom/cjs/react-dom.development.js:9097:3)
      at node_modules/react-dom/cjs/react-dom.development.js:9288:12
      at batchedUpdates$1 
(node_modules/react-dom/cjs/react-dom.development.js:26179:12)
      at batchedUpdates 
(node_modules/react-dom/cjs/react-dom.development.js:3991:12)
      at dispatchEventForPluginEventSystem 
(node_modules/react-dom/cjs/react-dom.development.js:9287:3)
      at dispatchEventWithEnableCapturePhaseSelectiveHydrationWithoutDiscreteEv
entReplay (node_modules/react-dom/cjs/react-dom.development.js:6465:5)
      at dispatchEvent 
(node_modules/react-dom/cjs/react-dom.development.js:6457:5)
      at dispatchDiscreteEvent 
(node_modules/react-dom/cjs/react-dom.development.js:6430:5)
      at HTMLDivElement.callTheUserObjectsOperation 
(node_modules/jsdom/lib/jsdom/living/generated/EventListener.js:26:30)
      at innerInvokeEventListeners 
(node_modules/jsdom/lib/jsdom/living/events/EventTarget-impl.js:350:25)
      at invokeEventListeners 
(node_modules/jsdom/lib/jsdom/living/events/EventTarget-impl.js:286:3)
      at HTMLFormElementImpl._dispatch 
(node_modules/jsdom/lib/jsdom/living/events/EventTarget-impl.js:233:9)
      at fireAnEvent 
(node_modules/jsdom/lib/jsdom/living/helpers/events.js:18:36)
      at HTMLFormElementImpl.requestSubmit 
(node_modules/jsdom/lib/jsdom/living/nodes/HTMLFormElement-impl.js:109:10)
      at HTMLFormElementImpl._doRequestSubmit 
(node_modules/jsdom/lib/jsdom/living/nodes/HTMLFormElement-impl.js:79:10)
      at HTMLButtonElementImpl._activationBehavior 
(node_modules/jsdom/lib/jsdom/living/nodes/HTMLButtonElement-impl.js:23:14)
      at HTMLButtonElementImpl._dispatch 
(node_modules/jsdom/lib/jsdom/living/events/EventTarget-impl.js:252:26)
      at HTMLButtonElementImpl.dispatchEvent 
(node_modules/jsdom/lib/jsdom/living/events/EventTarget-impl.js:104:17)
      at HTMLButtonElement.dispatchEvent 
(node_modules/jsdom/lib/jsdom/living/generated/EventTarget.js:241:34)
      at 
node_modules/@testing-library/user-event/dist/cjs/event/dispatchEvent.js:45:43
      at Object.eventWrapper 
(node_modules/@testing-library/dom/dist/config.js:25:23)
      at Object.wrapEvent 
(node_modules/@testing-library/user-event/dist/cjs/event/wrapEvent.js:6:28)
      at Object.dispatchEvent (node_modules/@testing-library/user-event/dist/cj
s/event/dispatchEvent.js:45:22)
      at Object.dispatchUIEvent (node_modules/@testing-library/user-event/dist/
cjs/event/dispatchEvent.js:22:26)
      at Mouse.up (node_modules/@testing-library/user-event/dist/cjs/system/poi
nter/mouse.js:100:30)
      at PointerHost.release (node_modules/@testing-library/user-event/dist/cjs
/system/pointer/index.js:87:24)
      at pointerAction 
(node_modules/@testing-library/user-event/dist/cjs/pointer/index.js:54:47)
      at Object.pointer 
(node_modules/@testing-library/user-event/dist/cjs/pointer/index.js:27:9)
      at Object.<anonymous> (src/auth/auth.test.tsx:215:9)

    console.error
      Warning: An update to LoginForm inside a test was not wrapped in 
act(...).
      
      When testing, code that causes React state updates should be wrapped 
into act(...):
      
      act(() => {
        /* fire events that update state */
      });
      /* assert on the output */
      
      This ensures that you're testing the behavior the user would see in the 
browser. Learn more at https://reactjs.org/link/wrap-tests-with-act
          at LoginForm (C:\Users\samhe\OneDrive\Desktop\Cleaned\frontend\src\au
th\LoginForm\LoginForm.tsx:41:33)
          at div
          at div
          at LoginPage
          at routeContext (C:\Users\samhe\OneDrive\Desktop\Cleaned\frontend\nod
e_modules\react-router\lib\hooks.tsx:658:26)
          at children (C:\Users\samhe\OneDrive\Desktop\Cleaned\frontend\node_mo
dules\react-router\lib\components.tsx:512:3)
          at basenameProp (C:\Users\samhe\OneDrive\Desktop\Cleaned\frontend\nod
e_modules\react-router\lib\components.tsx:421:13)
          at basename (C:\Users\samhe\OneDrive\Desktop\Cleaned\frontend\node_mo
dules\react-router\lib\components.tsx:225:3)

      60 |         }
      61 |
    > 62 |         setLoading(true)
         |         ^
      63 |
      64 |         try {
      65 |             const response = await apiPost<{ token: string; user: 
Record<string, unknown> }>(

      at printWarning 
(node_modules/react-dom/cjs/react-dom.development.js:86:30)
      at error (node_modules/react-dom/cjs/react-dom.development.js:60:7)
      at warnIfUpdatesNotWrappedWithActDEV 
(node_modules/react-dom/cjs/react-dom.development.js:27628:9)
      at scheduleUpdateOnFiber 
(node_modules/react-dom/cjs/react-dom.development.js:25547:5)
      at dispatchSetState 
(node_modules/react-dom/cjs/react-dom.development.js:16708:7)
      at handleSubmit (src/auth/LoginForm/LoginForm.tsx:62:9)
      at HTMLUnknownElement.callCallback 
(node_modules/react-dom/cjs/react-dom.development.js:4164:14)
      at HTMLUnknownElement.callTheUserObjectsOperation 
(node_modules/jsdom/lib/jsdom/living/generated/EventListener.js:26:30)
      at innerInvokeEventListeners 
(node_modules/jsdom/lib/jsdom/living/events/EventTarget-impl.js:350:25)
      at invokeEventListeners 
(node_modules/jsdom/lib/jsdom/living/events/EventTarget-impl.js:286:3)
      at HTMLUnknownElementImpl._dispatch 
(node_modules/jsdom/lib/jsdom/living/events/EventTarget-impl.js:233:9)
      at HTMLUnknownElementImpl.dispatchEvent 
(node_modules/jsdom/lib/jsdom/living/events/EventTarget-impl.js:104:17)
      at HTMLUnknownElement.dispatchEvent 
(node_modules/jsdom/lib/jsdom/living/generated/EventTarget.js:241:34)
      at Object.invokeGuardedCallbackDev 
(node_modules/react-dom/cjs/react-dom.development.js:4213:16)
      at invokeGuardedCallback 
(node_modules/react-dom/cjs/react-dom.development.js:4277:31)
      at invokeGuardedCallbackAndCatchFirstError 
(node_modules/react-dom/cjs/react-dom.development.js:4291:25)
      at executeDispatch 
(node_modules/react-dom/cjs/react-dom.development.js:9041:3)
      at processDispatchQueueItemsInOrder 
(node_modules/react-dom/cjs/react-dom.development.js:9073:7)
      at processDispatchQueue 
(node_modules/react-dom/cjs/react-dom.development.js:9086:5)
      at dispatchEventsForPlugins 
(node_modules/react-dom/cjs/react-dom.development.js:9097:3)
      at node_modules/react-dom/cjs/react-dom.development.js:9288:12
      at batchedUpdates$1 
(node_modules/react-dom/cjs/react-dom.development.js:26179:12)
      at batchedUpdates 
(node_modules/react-dom/cjs/react-dom.development.js:3991:12)
      at dispatchEventForPluginEventSystem 
(node_modules/react-dom/cjs/react-dom.development.js:9287:3)
      at dispatchEventWithEnableCapturePhaseSelectiveHydrationWithoutDiscreteEv
entReplay (node_modules/react-dom/cjs/react-dom.development.js:6465:5)
      at dispatchEvent 
(node_modules/react-dom/cjs/react-dom.development.js:6457:5)
      at dispatchDiscreteEvent 
(node_modules/react-dom/cjs/react-dom.development.js:6430:5)
      at HTMLDivElement.callTheUserObjectsOperation 
(node_modules/jsdom/lib/jsdom/living/generated/EventListener.js:26:30)
      at innerInvokeEventListeners 
(node_modules/jsdom/lib/jsdom/living/events/EventTarget-impl.js:350:25)
      at invokeEventListeners 
(node_modules/jsdom/lib/jsdom/living/events/EventTarget-impl.js:286:3)
      at HTMLFormElementImpl._dispatch 
(node_modules/jsdom/lib/jsdom/living/events/EventTarget-impl.js:233:9)
      at fireAnEvent 
(node_modules/jsdom/lib/jsdom/living/helpers/events.js:18:36)
      at HTMLFormElementImpl.requestSubmit 
(node_modules/jsdom/lib/jsdom/living/nodes/HTMLFormElement-impl.js:109:10)
      at HTMLFormElementImpl._doRequestSubmit 
(node_modules/jsdom/lib/jsdom/living/nodes/HTMLFormElement-impl.js:79:10)
      at HTMLButtonElementImpl._activationBehavior 
(node_modules/jsdom/lib/jsdom/living/nodes/HTMLButtonElement-impl.js:23:14)
      at HTMLButtonElementImpl._dispatch 
(node_modules/jsdom/lib/jsdom/living/events/EventTarget-impl.js:252:26)
      at HTMLButtonElementImpl.dispatchEvent 
(node_modules/jsdom/lib/jsdom/living/events/EventTarget-impl.js:104:17)
      at HTMLButtonElement.dispatchEvent 
(node_modules/jsdom/lib/jsdom/living/generated/EventTarget.js:241:34)
      at 
node_modules/@testing-library/user-event/dist/cjs/event/dispatchEvent.js:45:43
      at Object.eventWrapper 
(node_modules/@testing-library/dom/dist/config.js:25:23)
      at Object.wrapEvent 
(node_modules/@testing-library/user-event/dist/cjs/event/wrapEvent.js:6:28)
      at Object.dispatchEvent (node_modules/@testing-library/user-event/dist/cj
s/event/dispatchEvent.js:45:22)
      at Object.dispatchUIEvent (node_modules/@testing-library/user-event/dist/
cjs/event/dispatchEvent.js:22:26)
      at Mouse.up (node_modules/@testing-library/user-event/dist/cjs/system/poi
nter/mouse.js:100:30)
      at PointerHost.release (node_modules/@testing-library/user-event/dist/cjs
/system/pointer/index.js:87:24)
      at pointerAction 
(node_modules/@testing-library/user-event/dist/cjs/pointer/index.js:54:47)
      at Object.pointer 
(node_modules/@testing-library/user-event/dist/cjs/pointer/index.js:27:9)
      at Object.<anonymous> (src/auth/auth.test.tsx:215:9)

    console.error
      Warning: An update to LoginForm inside a test was not wrapped in 
act(...).
      
      When testing, code that causes React state updates should be wrapped 
into act(...):
      
      act(() => {
        /* fire events that update state */
      });
      /* assert on the output */
      
      This ensures that you're testing the behavior the user would see in the 
browser. Learn more at https://reactjs.org/link/wrap-tests-with-act
          at LoginForm (C:\Users\samhe\OneDrive\Desktop\Cleaned\frontend\src\au
th\LoginForm\LoginForm.tsx:41:33)
          at div
          at div
          at LoginPage
          at routeContext (C:\Users\samhe\OneDrive\Desktop\Cleaned\frontend\nod
e_modules\react-router\lib\hooks.tsx:658:26)
          at children (C:\Users\samhe\OneDrive\Desktop\Cleaned\frontend\node_mo
dules\react-router\lib\components.tsx:512:3)
          at basenameProp (C:\Users\samhe\OneDrive\Desktop\Cleaned\frontend\nod
e_modules\react-router\lib\components.tsx:421:13)
          at basename (C:\Users\samhe\OneDrive\Desktop\Cleaned\frontend\node_mo
dules\react-router\lib\components.tsx:225:3)

      89 |                     setError(`Incorrect email or password. 
${attemptsRemaining} attempts remaining.`)
      90 |                 } else {
    > 91 |                     setError('Incorrect email or password.')
         |                     ^
      92 |                 }
      93 |             } else {
      94 |                 setError('Something went wrong. Please try again 
later.')

      at printWarning 
(node_modules/react-dom/cjs/react-dom.development.js:86:30)
      at error (node_modules/react-dom/cjs/react-dom.development.js:60:7)
      at warnIfUpdatesNotWrappedWithActDEV 
(node_modules/react-dom/cjs/react-dom.development.js:27628:9)
      at scheduleUpdateOnFiber 
(node_modules/react-dom/cjs/react-dom.development.js:25547:5)
      at dispatchSetState 
(node_modules/react-dom/cjs/react-dom.development.js:16708:7)
      at handleSubmit (src/auth/LoginForm/LoginForm.tsx:91:21)

    console.error
      Warning: An update to LoginForm inside a test was not wrapped in 
act(...).
      
      When testing, code that causes React state updates should be wrapped 
into act(...):
      
      act(() => {
        /* fire events that update state */
      });
      /* assert on the output */
      
      This ensures that you're testing the behavior the user would see in the 
browser. Learn more at https://reactjs.org/link/wrap-tests-with-act
          at LoginForm (C:\Users\samhe\OneDrive\Desktop\Cleaned\frontend\src\au
th\LoginForm\LoginForm.tsx:41:33)
          at div
          at div
          at LoginPage
          at routeContext (C:\Users\samhe\OneDrive\Desktop\Cleaned\frontend\nod
e_modules\react-router\lib\hooks.tsx:658:26)
          at children (C:\Users\samhe\OneDrive\Desktop\Cleaned\frontend\node_mo
dules\react-router\lib\components.tsx:512:3)
          at basenameProp (C:\Users\samhe\OneDrive\Desktop\Cleaned\frontend\nod
e_modules\react-router\lib\components.tsx:421:13)
          at basename (C:\Users\samhe\OneDrive\Desktop\Cleaned\frontend\node_mo
dules\react-router\lib\components.tsx:225:3)

       95 |             }
       96 |         } finally {
    >  97 |             setLoading(false)
          |             ^
       98 |         }
       99 |     }
      100 |

      at printWarning 
(node_modules/react-dom/cjs/react-dom.development.js:86:30)
      at error (node_modules/react-dom/cjs/react-dom.development.js:60:7)
      at warnIfUpdatesNotWrappedWithActDEV 
(node_modules/react-dom/cjs/react-dom.development.js:27628:9)
      at scheduleUpdateOnFiber 
(node_modules/react-dom/cjs/react-dom.development.js:25547:5)
      at dispatchSetState 
(node_modules/react-dom/cjs/react-dom.development.js:16708:7)
      at handleSubmit (src/auth/LoginForm/LoginForm.tsx:97:13)

    console.error
      Warning: An update to LoginForm inside a test was not wrapped in 
act(...).
      
      When testing, code that causes React state updates should be wrapped 
into act(...):
      
      act(() => {
        /* fire events that update state */
      });
      /* assert on the output */
      
      This ensures that you're testing the behavior the user would see in the 
browser. Learn more at https://reactjs.org/link/wrap-tests-with-act
          at LoginForm (C:\Users\samhe\OneDrive\Desktop\Cleaned\frontend\src\au
th\LoginForm\LoginForm.tsx:41:33)
          at div
          at div
          at LoginPage
          at routeContext (C:\Users\samhe\OneDrive\Desktop\Cleaned\frontend\nod
e_modules\react-router\lib\hooks.tsx:658:26)
          at children (C:\Users\samhe\OneDrive\Desktop\Cleaned\frontend\node_mo
dules\react-router\lib\components.tsx:512:3)
          at basenameProp (C:\Users\samhe\OneDrive\Desktop\Cleaned\frontend\nod
e_modules\react-router\lib\components.tsx:421:13)
          at basename (C:\Users\samhe\OneDrive\Desktop\Cleaned\frontend\node_mo
dules\react-router\lib\components.tsx:225:3)

      123 |                     placeholder="email@company.com"
      124 |                     value={email}
    > 125 |                     onChange={(e) => setEmail(e.target.value)}
          |                                      ^
      126 |                     className="w-full rounded-md border 
border-gray-300 px-3 py-2 text-sm focus:outline-none focus:ring-2 
focus:ring-gray-900 disabled:opacity-50"
      127 |                 />
      128 |             </div>

      at printWarning 
(node_modules/react-dom/cjs/react-dom.development.js:86:30)
      at error (node_modules/react-dom/cjs/react-dom.development.js:60:7)
      at warnIfUpdatesNotWrappedWithActDEV 
(node_modules/react-dom/cjs/react-dom.development.js:27628:9)
      at scheduleUpdateOnFiber 
(node_modules/react-dom/cjs/react-dom.development.js:25547:5)
      at dispatchSetState 
(node_modules/react-dom/cjs/react-dom.development.js:16708:7)
      at onChange (src/auth/LoginForm/LoginForm.tsx:125:38)
      at HTMLUnknownElement.callCallback 
(node_modules/react-dom/cjs/react-dom.development.js:4164:14)
      at HTMLUnknownElement.callTheUserObjectsOperation 
(node_modules/jsdom/lib/jsdom/living/generated/EventListener.js:26:30)
      at innerInvokeEventListeners 
(node_modules/jsdom/lib/jsdom/living/events/EventTarget-impl.js:350:25)
      at invokeEventListeners 
(node_modules/jsdom/lib/jsdom/living/events/EventTarget-impl.js:286:3)
      at HTMLUnknownElementImpl._dispatch 
(node_modules/jsdom/lib/jsdom/living/events/EventTarget-impl.js:233:9)
      at HTMLUnknownElementImpl.dispatchEvent 
(node_modules/jsdom/lib/jsdom/living/events/EventTarget-impl.js:104:17)
      at HTMLUnknownElement.dispatchEvent 
(node_modules/jsdom/lib/jsdom/living/generated/EventTarget.js:241:34)
      at Object.invokeGuardedCallbackDev 
(node_modules/react-dom/cjs/react-dom.development.js:4213:16)
      at invokeGuardedCallback 
(node_modules/react-dom/cjs/react-dom.development.js:4277:31)
      at invokeGuardedCallbackAndCatchFirstError 
(node_modules/react-dom/cjs/react-dom.development.js:4291:25)
      at executeDispatch 
(node_modules/react-dom/cjs/react-dom.development.js:9041:3)
      at processDispatchQueueItemsInOrder 
(node_modules/react-dom/cjs/react-dom.development.js:9073:7)
      at processDispatchQueue 
(node_modules/react-dom/cjs/react-dom.development.js:9086:5)
      at dispatchEventsForPlugins 
(node_modules/react-dom/cjs/react-dom.development.js:9097:3)
      at node_modules/react-dom/cjs/react-dom.development.js:9288:12
      at batchedUpdates$1 
(node_modules/react-dom/cjs/react-dom.development.js:26179:12)
      at batchedUpdates 
(node_modules/react-dom/cjs/react-dom.development.js:3991:12)
      at dispatchEventForPluginEventSystem 
(node_modules/react-dom/cjs/react-dom.development.js:9287:3)
      at dispatchEventWithEnableCapturePhaseSelectiveHydrationWithoutDiscreteEv
entReplay (node_modules/react-dom/cjs/react-dom.development.js:6465:5)
      at dispatchEvent 
(node_modules/react-dom/cjs/react-dom.development.js:6457:5)
      at dispatchDiscreteEvent 
(node_modules/react-dom/cjs/react-dom.development.js:6430:5)
      at HTMLDivElement.callTheUserObjectsOperation 
(node_modules/jsdom/lib/jsdom/living/generated/EventListener.js:26:30)
      at innerInvokeEventListeners 
(node_modules/jsdom/lib/jsdom/living/events/EventTarget-impl.js:350:25)
      at invokeEventListeners 
(node_modules/jsdom/lib/jsdom/living/events/EventTarget-impl.js:286:3)
      at HTMLInputElementImpl._dispatch 
(node_modules/jsdom/lib/jsdom/living/events/EventTarget-impl.js:233:9)
      at HTMLInputElementImpl.dispatchEvent 
(node_modules/jsdom/lib/jsdom/living/events/EventTarget-impl.js:104:17)
      at HTMLInputElement.dispatchEvent 
(node_modules/jsdom/lib/jsdom/living/generated/EventTarget.js:241:34)
      at 
node_modules/@testing-library/user-event/dist/cjs/event/dispatchEvent.js:45:43
      at Object.eventWrapper 
(node_modules/@testing-library/dom/dist/config.js:25:23)
      at Object.wrapEvent 
(node_modules/@testing-library/user-event/dist/cjs/event/wrapEvent.js:6:28)
      at Object.dispatchEvent (node_modules/@testing-library/user-event/dist/cj
s/event/dispatchEvent.js:45:22)
      at Object.dispatchUIEvent (node_modules/@testing-library/user-event/dist/
cjs/event/dispatchEvent.js:22:26)
      at commitInput 
(node_modules/@testing-library/user-event/dist/cjs/event/input.js:145:14)
      at editInputElement 
(node_modules/@testing-library/user-event/dist/cjs/event/input.js:115:9)
      at Object.input 
(node_modules/@testing-library/user-event/dist/cjs/event/input.js:37:9)
      at node_modules/@testing-library/user-event/dist/cjs/event/behavior/keypr
ess.js:31:26
      at Object.dispatchEvent (node_modules/@testing-library/user-event/dist/cj
s/event/dispatchEvent.js:41:13)
      at Object.dispatchUIEvent (node_modules/@testing-library/user-event/dist/
cjs/event/dispatchEvent.js:22:26)
      at KeyboardHost.keydown 
(node_modules/@testing-library/user-event/dist/cjs/system/keyboard.js:76:22)
      at keyboardAction 
(node_modules/@testing-library/user-event/dist/cjs/keyboard/index.js:22:35)
      at Object.keyboard 
(node_modules/@testing-library/user-event/dist/cjs/keyboard/index.js:11:15)
      at Object.type 
(node_modules/@testing-library/user-event/dist/cjs/utility/type.js:17:5)
      at Object.<anonymous> (src/auth/auth.test.tsx:226:9)

    console.error
      Warning: An update to LoginForm inside a test was not wrapped in 
act(...).
      
      When testing, code that causes React state updates should be wrapped 
into act(...):
      
      act(() => {
        /* fire events that update state */
      });
      /* assert on the output */
      
      This ensures that you're testing the behavior the user would see in the 
browser. Learn more at https://reactjs.org/link/wrap-tests-with-act
          at LoginForm (C:\Users\samhe\OneDrive\Desktop\Cleaned\frontend\src\au
th\LoginForm\LoginForm.tsx:41:33)
          at div
          at div
          at LoginPage
          at routeContext (C:\Users\samhe\OneDrive\Desktop\Cleaned\frontend\nod
e_modules\react-router\lib\hooks.tsx:658:26)
          at children (C:\Users\samhe\OneDrive\Desktop\Cleaned\frontend\node_mo
dules\react-router\lib\components.tsx:512:3)
          at basenameProp (C:\Users\samhe\OneDrive\Desktop\Cleaned\frontend\nod
e_modules\react-router\lib\components.tsx:421:13)
          at basename (C:\Users\samhe\OneDrive\Desktop\Cleaned\frontend\node_mo
dules\react-router\lib\components.tsx:225:3)

      123 |                     placeholder="email@company.com"
      124 |                     value={email}
    > 125 |                     onChange={(e) => setEmail(e.target.value)}
          |                                      ^
      126 |                     className="w-full rounded-md border 
border-gray-300 px-3 py-2 text-sm focus:outline-none focus:ring-2 
focus:ring-gray-900 disabled:opacity-50"
      127 |                 />
      128 |             </div>

      at printWarning 
(node_modules/react-dom/cjs/react-dom.development.js:86:30)
      at error (node_modules/react-dom/cjs/react-dom.development.js:60:7)
      at warnIfUpdatesNotWrappedWithActDEV 
(node_modules/react-dom/cjs/react-dom.development.js:27628:9)
      at scheduleUpdateOnFiber 
(node_modules/react-dom/cjs/react-dom.development.js:25547:5)
      at dispatchSetState 
(node_modules/react-dom/cjs/react-dom.development.js:16708:7)
      at onChange (src/auth/LoginForm/LoginForm.tsx:125:38)
      at HTMLUnknownElement.callCallback 
(node_modules/react-dom/cjs/react-dom.development.js:4164:14)
      at HTMLUnknownElement.callTheUserObjectsOperation 
(node_modules/jsdom/lib/jsdom/living/generated/EventListener.js:26:30)
      at innerInvokeEventListeners 
(node_modules/jsdom/lib/jsdom/living/events/EventTarget-impl.js:350:25)
      at invokeEventListeners 
(node_modules/jsdom/lib/jsdom/living/events/EventTarget-impl.js:286:3)
      at HTMLUnknownElementImpl._dispatch 
(node_modules/jsdom/lib/jsdom/living/events/EventTarget-impl.js:233:9)
      at HTMLUnknownElementImpl.dispatchEvent 
(node_modules/jsdom/lib/jsdom/living/events/EventTarget-impl.js:104:17)
      at HTMLUnknownElement.dispatchEvent 
(node_modules/jsdom/lib/jsdom/living/generated/EventTarget.js:241:34)
      at Object.invokeGuardedCallbackDev 
(node_modules/react-dom/cjs/react-dom.development.js:4213:16)
      at invokeGuardedCallback 
(node_modules/react-dom/cjs/react-dom.development.js:4277:31)
      at invokeGuardedCallbackAndCatchFirstError 
(node_modules/react-dom/cjs/react-dom.development.js:4291:25)
      at executeDispatch 
(node_modules/react-dom/cjs/react-dom.development.js:9041:3)
      at processDispatchQueueItemsInOrder 
(node_modules/react-dom/cjs/react-dom.development.js:9073:7)
      at processDispatchQueue 
(node_modules/react-dom/cjs/react-dom.development.js:9086:5)
      at dispatchEventsForPlugins 
(node_modules/react-dom/cjs/react-dom.development.js:9097:3)
      at node_modules/react-dom/cjs/react-dom.development.js:9288:12
      at batchedUpdates$1 
(node_modules/react-dom/cjs/react-dom.development.js:26179:12)
      at batchedUpdates 
(node_modules/react-dom/cjs/react-dom.development.js:3991:12)
      at dispatchEventForPluginEventSystem 
(node_modules/react-dom/cjs/react-dom.development.js:9287:3)
      at dispatchEventWithEnableCapturePhaseSelectiveHydrationWithoutDiscreteEv
entReplay (node_modules/react-dom/cjs/react-dom.development.js:6465:5)
      at dispatchEvent 
(node_modules/react-dom/cjs/react-dom.development.js:6457:5)
      at dispatchDiscreteEvent 
(node_modules/react-dom/cjs/react-dom.development.js:6430:5)
      at HTMLDivElement.callTheUserObjectsOperation 
(node_modules/jsdom/lib/jsdom/living/generated/EventListener.js:26:30)
      at innerInvokeEventListeners 
(node_modules/jsdom/lib/jsdom/living/events/EventTarget-impl.js:350:25)
      at invokeEventListeners 
(node_modules/jsdom/lib/jsdom/living/events/EventTarget-impl.js:286:3)
      at HTMLInputElementImpl._dispatch 
(node_modules/jsdom/lib/jsdom/living/events/EventTarget-impl.js:233:9)
      at HTMLInputElementImpl.dispatchEvent 
(node_modules/jsdom/lib/jsdom/living/events/EventTarget-impl.js:104:17)
      at HTMLInputElement.dispatchEvent 
(node_modules/jsdom/lib/jsdom/living/generated/EventTarget.js:241:34)
      at 
node_modules/@testing-library/user-event/dist/cjs/event/dispatchEvent.js:45:43
      at Object.eventWrapper 
(node_modules/@testing-library/dom/dist/config.js:25:23)
      at Object.wrapEvent 
(node_modules/@testing-library/user-event/dist/cjs/event/wrapEvent.js:6:28)
      at Object.dispatchEvent (node_modules/@testing-library/user-event/dist/cj
s/event/dispatchEvent.js:45:22)
      at Object.dispatchUIEvent (node_modules/@testing-library/user-event/dist/
cjs/event/dispatchEvent.js:22:26)
      at commitInput 
(node_modules/@testing-library/user-event/dist/cjs/event/input.js:145:14)
      at editInputElement 
(node_modules/@testing-library/user-event/dist/cjs/event/input.js:115:9)
      at Object.input 
(node_modules/@testing-library/user-event/dist/cjs/event/input.js:37:9)
      at node_modules/@testing-library/user-event/dist/cjs/event/behavior/keypr
ess.js:31:26
      at Object.dispatchEvent (node_modules/@testing-library/user-event/dist/cj
s/event/dispatchEvent.js:41:13)
      at Object.dispatchUIEvent (node_modules/@testing-library/user-event/dist/
cjs/event/dispatchEvent.js:22:26)
      at KeyboardHost.keydown 
(node_modules/@testing-library/user-event/dist/cjs/system/keyboard.js:76:22)
      at keyboardAction 
(node_modules/@testing-library/user-event/dist/cjs/keyboard/index.js:22:35)
      at Object.keyboard 
(node_modules/@testing-library/user-event/dist/cjs/keyboard/index.js:11:15)
      at Object.type 
(node_modules/@testing-library/user-event/dist/cjs/utility/type.js:17:5)
      at Object.<anonymous> (src/auth/auth.test.tsx:226:9)

    console.error
      Warning: An update to LoginForm inside a test was not wrapped in 
act(...).
      
      When testing, code that causes React state updates should be wrapped 
into act(...):
      
      act(() => {
        /* fire events that update state */
      });
      /* assert on the output */
      
      This ensures that you're testing the behavior the user would see in the 
browser. Learn more at https://reactjs.org/link/wrap-tests-with-act
          at LoginForm (C:\Users\samhe\OneDrive\Desktop\Cleaned\frontend\src\au
th\LoginForm\LoginForm.tsx:41:33)
          at div
          at div
          at LoginPage
          at routeContext (C:\Users\samhe\OneDrive\Desktop\Cleaned\frontend\nod
e_modules\react-router\lib\hooks.tsx:658:26)
          at children (C:\Users\samhe\OneDrive\Desktop\Cleaned\frontend\node_mo
dules\react-router\lib\components.tsx:512:3)
          at basenameProp (C:\Users\samhe\OneDrive\Desktop\Cleaned\frontend\nod
e_modules\react-router\lib\components.tsx:421:13)
          at basename (C:\Users\samhe\OneDrive\Desktop\Cleaned\frontend\node_mo
dules\react-router\lib\components.tsx:225:3)

      123 |                     placeholder="email@company.com"
      124 |                     value={email}
    > 125 |                     onChange={(e) => setEmail(e.target.value)}
          |                                      ^
      126 |                     className="w-full rounded-md border 
border-gray-300 px-3 py-2 text-sm focus:outline-none focus:ring-2 
focus:ring-gray-900 disabled:opacity-50"
      127 |                 />
      128 |             </div>

      at printWarning 
(node_modules/react-dom/cjs/react-dom.development.js:86:30)
      at error (node_modules/react-dom/cjs/react-dom.development.js:60:7)
      at warnIfUpdatesNotWrappedWithActDEV 
(node_modules/react-dom/cjs/react-dom.development.js:27628:9)
      at scheduleUpdateOnFiber 
(node_modules/react-dom/cjs/react-dom.development.js:25547:5)
      at dispatchSetState 
(node_modules/react-dom/cjs/react-dom.development.js:16708:7)
      at onChange (src/auth/LoginForm/LoginForm.tsx:125:38)
      at HTMLUnknownElement.callCallback 
(node_modules/react-dom/cjs/react-dom.development.js:4164:14)
      at HTMLUnknownElement.callTheUserObjectsOperation 
(node_modules/jsdom/lib/jsdom/living/generated/EventListener.js:26:30)
      at innerInvokeEventListeners 
(node_modules/jsdom/lib/jsdom/living/events/EventTarget-impl.js:350:25)
      at invokeEventListeners 
(node_modules/jsdom/lib/jsdom/living/events/EventTarget-impl.js:286:3)
      at HTMLUnknownElementImpl._dispatch 
(node_modules/jsdom/lib/jsdom/living/events/EventTarget-impl.js:233:9)
      at HTMLUnknownElementImpl.dispatchEvent 
(node_modules/jsdom/lib/jsdom/living/events/EventTarget-impl.js:104:17)
      at HTMLUnknownElement.dispatchEvent 
(node_modules/jsdom/lib/jsdom/living/generated/EventTarget.js:241:34)
      at Object.invokeGuardedCallbackDev 
(node_modules/react-dom/cjs/react-dom.development.js:4213:16)
      at invokeGuardedCallback 
(node_modules/react-dom/cjs/react-dom.development.js:4277:31)
      at invokeGuardedCallbackAndCatchFirstError 
(node_modules/react-dom/cjs/react-dom.development.js:4291:25)
      at executeDispatch 
(node_modules/react-dom/cjs/react-dom.development.js:9041:3)
      at processDispatchQueueItemsInOrder 
(node_modules/react-dom/cjs/react-dom.development.js:9073:7)
      at processDispatchQueue 
(node_modules/react-dom/cjs/react-dom.development.js:9086:5)
      at dispatchEventsForPlugins 
(node_modules/react-dom/cjs/react-dom.development.js:9097:3)
      at node_modules/react-dom/cjs/react-dom.development.js:9288:12
      at batchedUpdates$1 
(node_modules/react-dom/cjs/react-dom.development.js:26179:12)
      at batchedUpdates 
(node_modules/react-dom/cjs/react-dom.development.js:3991:12)
      at dispatchEventForPluginEventSystem 
(node_modules/react-dom/cjs/react-dom.development.js:9287:3)
      at dispatchEventWithEnableCapturePhaseSelectiveHydrationWithoutDiscreteEv
entReplay (node_modules/react-dom/cjs/react-dom.development.js:6465:5)
      at dispatchEvent 
(node_modules/react-dom/cjs/react-dom.development.js:6457:5)
      at dispatchDiscreteEvent 
(node_modules/react-dom/cjs/react-dom.development.js:6430:5)
      at HTMLDivElement.callTheUserObjectsOperation 
(node_modules/jsdom/lib/jsdom/living/generated/EventListener.js:26:30)
      at innerInvokeEventListeners 
(node_modules/jsdom/lib/jsdom/living/events/EventTarget-impl.js:350:25)
      at invokeEventListeners 
(node_modules/jsdom/lib/jsdom/living/events/EventTarget-impl.js:286:3)
      at HTMLInputElementImpl._dispatch 
(node_modules/jsdom/lib/jsdom/living/events/EventTarget-impl.js:233:9)
      at HTMLInputElementImpl.dispatchEvent 
(node_modules/jsdom/lib/jsdom/living/events/EventTarget-impl.js:104:17)
      at HTMLInputElement.dispatchEvent 
(node_modules/jsdom/lib/jsdom/living/generated/EventTarget.js:241:34)
      at 
node_modules/@testing-library/user-event/dist/cjs/event/dispatchEvent.js:45:43
      at Object.eventWrapper 
(node_modules/@testing-library/dom/dist/config.js:25:23)
      at Object.wrapEvent 
(node_modules/@testing-library/user-event/dist/cjs/event/wrapEvent.js:6:28)
      at Object.dispatchEvent (node_modules/@testing-library/user-event/dist/cj
s/event/dispatchEvent.js:45:22)
      at Object.dispatchUIEvent (node_modules/@testing-library/user-event/dist/
cjs/event/dispatchEvent.js:22:26)
      at commitInput 
(node_modules/@testing-library/user-event/dist/cjs/event/input.js:145:14)
      at editInputElement 
(node_modules/@testing-library/user-event/dist/cjs/event/input.js:115:9)
      at Object.input 
(node_modules/@testing-library/user-event/dist/cjs/event/input.js:37:9)
      at node_modules/@testing-library/user-event/dist/cjs/event/behavior/keypr
ess.js:31:26
      at Object.dispatchEvent (node_modules/@testing-library/user-event/dist/cj
s/event/dispatchEvent.js:41:13)
      at Object.dispatchUIEvent (node_modules/@testing-library/user-event/dist/
cjs/event/dispatchEvent.js:22:26)
      at KeyboardHost.keydown 
(node_modules/@testing-library/user-event/dist/cjs/system/keyboard.js:76:22)
      at keyboardAction 
(node_modules/@testing-library/user-event/dist/cjs/keyboard/index.js:22:35)
      at Object.keyboard 
(node_modules/@testing-library/user-event/dist/cjs/keyboard/index.js:11:15)
      at Object.type 
(node_modules/@testing-library/user-event/dist/cjs/utility/type.js:17:5)
      at Object.<anonymous> (src/auth/auth.test.tsx:226:9)

    console.error
      Warning: An update to LoginForm inside a test was not wrapped in 
act(...).
      
      When testing, code that causes React state updates should be wrapped 
into act(...):
      
      act(() => {
        /* fire events that update state */
      });
      /* assert on the output */
      
      This ensures that you're testing the behavior the user would see in the 
browser. Learn more at https://reactjs.org/link/wrap-tests-with-act
          at LoginForm (C:\Users\samhe\OneDrive\Desktop\Cleaned\frontend\src\au
th\LoginForm\LoginForm.tsx:41:33)
          at div
          at div
          at LoginPage
          at routeContext (C:\Users\samhe\OneDrive\Desktop\Cleaned\frontend\nod
e_modules\react-router\lib\hooks.tsx:658:26)
          at children (C:\Users\samhe\OneDrive\Desktop\Cleaned\frontend\node_mo
dules\react-router\lib\components.tsx:512:3)
          at basenameProp (C:\Users\samhe\OneDrive\Desktop\Cleaned\frontend\nod
e_modules\react-router\lib\components.tsx:421:13)
          at basename (C:\Users\samhe\OneDrive\Desktop\Cleaned\frontend\node_mo
dules\react-router\lib\components.tsx:225:3)

      123 |                     placeholder="email@company.com"
      124 |                     value={email}
    > 125 |                     onChange={(e) => setEmail(e.target.value)}
          |                                      ^
      126 |                     className="w-full rounded-md border 
border-gray-300 px-3 py-2 text-sm focus:outline-none focus:ring-2 
focus:ring-gray-900 disabled:opacity-50"
      127 |                 />
      128 |             </div>

      at printWarning 
(node_modules/react-dom/cjs/react-dom.development.js:86:30)
      at error (node_modules/react-dom/cjs/react-dom.development.js:60:7)
      at warnIfUpdatesNotWrappedWithActDEV 
(node_modules/react-dom/cjs/react-dom.development.js:27628:9)
      at scheduleUpdateOnFiber 
(node_modules/react-dom/cjs/react-dom.development.js:25547:5)
      at dispatchSetState 
(node_modules/react-dom/cjs/react-dom.development.js:16708:7)
      at onChange (src/auth/LoginForm/LoginForm.tsx:125:38)
      at HTMLUnknownElement.callCallback 
(node_modules/react-dom/cjs/react-dom.development.js:4164:14)
      at HTMLUnknownElement.callTheUserObjectsOperation 
(node_modules/jsdom/lib/jsdom/living/generated/EventListener.js:26:30)
      at innerInvokeEventListeners 
(node_modules/jsdom/lib/jsdom/living/events/EventTarget-impl.js:350:25)
      at invokeEventListeners 
(node_modules/jsdom/lib/jsdom/living/events/EventTarget-impl.js:286:3)
      at HTMLUnknownElementImpl._dispatch 
(node_modules/jsdom/lib/jsdom/living/events/EventTarget-impl.js:233:9)
      at HTMLUnknownElementImpl.dispatchEvent 
(node_modules/jsdom/lib/jsdom/living/events/EventTarget-impl.js:104:17)
      at HTMLUnknownElement.dispatchEvent 
(node_modules/jsdom/lib/jsdom/living/generated/EventTarget.js:241:34)
      at Object.invokeGuardedCallbackDev 
(node_modules/react-dom/cjs/react-dom.development.js:4213:16)
      at invokeGuardedCallback 
(node_modules/react-dom/cjs/react-dom.development.js:4277:31)
      at invokeGuardedCallbackAndCatchFirstError 
(node_modules/react-dom/cjs/react-dom.development.js:4291:25)
      at executeDispatch 
(node_modules/react-dom/cjs/react-dom.development.js:9041:3)
      at processDispatchQueueItemsInOrder 
(node_modules/react-dom/cjs/react-dom.development.js:9073:7)
      at processDispatchQueue 
(node_modules/react-dom/cjs/react-dom.development.js:9086:5)
      at dispatchEventsForPlugins 
(node_modules/react-dom/cjs/react-dom.development.js:9097:3)
      at node_modules/react-dom/cjs/react-dom.development.js:9288:12
      at batchedUpdates$1 
(node_modules/react-dom/cjs/react-dom.development.js:26179:12)
      at batchedUpdates 
(node_modules/react-dom/cjs/react-dom.development.js:3991:12)
      at dispatchEventForPluginEventSystem 
(node_modules/react-dom/cjs/react-dom.development.js:9287:3)
      at dispatchEventWithEnableCapturePhaseSelectiveHydrationWithoutDiscreteEv
entReplay (node_modules/react-dom/cjs/react-dom.development.js:6465:5)
      at dispatchEvent 
(node_modules/react-dom/cjs/react-dom.development.js:6457:5)
      at dispatchDiscreteEvent 
(node_modules/react-dom/cjs/react-dom.development.js:6430:5)
      at HTMLDivElement.callTheUserObjectsOperation 
(node_modules/jsdom/lib/jsdom/living/generated/EventListener.js:26:30)
      at innerInvokeEventListeners 
(node_modules/jsdom/lib/jsdom/living/events/EventTarget-impl.js:350:25)
      at invokeEventListeners 
(node_modules/jsdom/lib/jsdom/living/events/EventTarget-impl.js:286:3)
      at HTMLInputElementImpl._dispatch 
(node_modules/jsdom/lib/jsdom/living/events/EventTarget-impl.js:233:9)
      at HTMLInputElementImpl.dispatchEvent 
(node_modules/jsdom/lib/jsdom/living/events/EventTarget-impl.js:104:17)
      at HTMLInputElement.dispatchEvent 
(node_modules/jsdom/lib/jsdom/living/generated/EventTarget.js:241:34)
      at 
node_modules/@testing-library/user-event/dist/cjs/event/dispatchEvent.js:45:43
      at Object.eventWrapper 
(node_modules/@testing-library/dom/dist/config.js:25:23)
      at Object.wrapEvent 
(node_modules/@testing-library/user-event/dist/cjs/event/wrapEvent.js:6:28)
      at Object.dispatchEvent (node_modules/@testing-library/user-event/dist/cj
s/event/dispatchEvent.js:45:22)
      at Object.dispatchUIEvent (node_modules/@testing-library/user-event/dist/
cjs/event/dispatchEvent.js:22:26)
      at commitInput 
(node_modules/@testing-library/user-event/dist/cjs/event/input.js:145:14)
      at editInputElement 
(node_modules/@testing-library/user-event/dist/cjs/event/input.js:115:9)
      at Object.input 
(node_modules/@testing-library/user-event/dist/cjs/event/input.js:37:9)
      at node_modules/@testing-library/user-event/dist/cjs/event/behavior/keypr
ess.js:31:26
      at Object.dispatchEvent (node_modules/@testing-library/user-event/dist/cj
s/event/dispatchEvent.js:41:13)
      at Object.dispatchUIEvent (node_modules/@testing-library/user-event/dist/
cjs/event/dispatchEvent.js:22:26)
      at KeyboardHost.keydown 
(node_modules/@testing-library/user-event/dist/cjs/system/keyboard.js:76:22)
      at keyboardAction 
(node_modules/@testing-library/user-event/dist/cjs/keyboard/index.js:22:35)
      at Object.keyboard 
(node_modules/@testing-library/user-event/dist/cjs/keyboard/index.js:11:15)
      at Object.type 
(node_modules/@testing-library/user-event/dist/cjs/utility/type.js:17:5)
      at Object.<anonymous> (src/auth/auth.test.tsx:226:9)

    console.error
      Warning: An update to LoginForm inside a test was not wrapped in 
act(...).
      
      When testing, code that causes React state updates should be wrapped 
into act(...):
      
      act(() => {
        /* fire events that update state */
      });
      /* assert on the output */
      
      This ensures that you're testing the behavior the user would see in the 
browser. Learn more at https://reactjs.org/link/wrap-tests-with-act
          at LoginForm (C:\Users\samhe\OneDrive\Desktop\Cleaned\frontend\src\au
th\LoginForm\LoginForm.tsx:41:33)
          at div
          at div
          at LoginPage
          at routeContext (C:\Users\samhe\OneDrive\Desktop\Cleaned\frontend\nod
e_modules\react-router\lib\hooks.tsx:658:26)
          at children (C:\Users\samhe\OneDrive\Desktop\Cleaned\frontend\node_mo
dules\react-router\lib\components.tsx:512:3)
          at basenameProp (C:\Users\samhe\OneDrive\Desktop\Cleaned\frontend\nod
e_modules\react-router\lib\components.tsx:421:13)
          at basename (C:\Users\samhe\OneDrive\Desktop\Cleaned\frontend\node_mo
dules\react-router\lib\components.tsx:225:3)

      123 |                     placeholder="email@company.com"
      124 |                     value={email}
    > 125 |                     onChange={(e) => setEmail(e.target.value)}
          |                                      ^
      126 |                     className="w-full rounded-md border 
border-gray-300 px-3 py-2 text-sm focus:outline-none focus:ring-2 
focus:ring-gray-900 disabled:opacity-50"
      127 |                 />
      128 |             </div>

      at printWarning 
(node_modules/react-dom/cjs/react-dom.development.js:86:30)
      at error (node_modules/react-dom/cjs/react-dom.development.js:60:7)
      at warnIfUpdatesNotWrappedWithActDEV 
(node_modules/react-dom/cjs/react-dom.development.js:27628:9)
      at scheduleUpdateOnFiber 
(node_modules/react-dom/cjs/react-dom.development.js:25547:5)
      at dispatchSetState 
(node_modules/react-dom/cjs/react-dom.development.js:16708:7)
      at onChange (src/auth/LoginForm/LoginForm.tsx:125:38)
      at HTMLUnknownElement.callCallback 
(node_modules/react-dom/cjs/react-dom.development.js:4164:14)
      at HTMLUnknownElement.callTheUserObjectsOperation 
(node_modules/jsdom/lib/jsdom/living/generated/EventListener.js:26:30)
      at innerInvokeEventListeners 
(node_modules/jsdom/lib/jsdom/living/events/EventTarget-impl.js:350:25)
      at invokeEventListeners 
(node_modules/jsdom/lib/jsdom/living/events/EventTarget-impl.js:286:3)
      at HTMLUnknownElementImpl._dispatch 
(node_modules/jsdom/lib/jsdom/living/events/EventTarget-impl.js:233:9)
      at HTMLUnknownElementImpl.dispatchEvent 
(node_modules/jsdom/lib/jsdom/living/events/EventTarget-impl.js:104:17)
      at HTMLUnknownElement.dispatchEvent 
(node_modules/jsdom/lib/jsdom/living/generated/EventTarget.js:241:34)
      at Object.invokeGuardedCallbackDev 
(node_modules/react-dom/cjs/react-dom.development.js:4213:16)
      at invokeGuardedCallback 
(node_modules/react-dom/cjs/react-dom.development.js:4277:31)
      at invokeGuardedCallbackAndCatchFirstError 
(node_modules/react-dom/cjs/react-dom.development.js:4291:25)
      at executeDispatch 
(node_modules/react-dom/cjs/react-dom.development.js:9041:3)
      at processDispatchQueueItemsInOrder 
(node_modules/react-dom/cjs/react-dom.development.js:9073:7)
      at processDispatchQueue 
(node_modules/react-dom/cjs/react-dom.development.js:9086:5)
      at dispatchEventsForPlugins 
(node_modules/react-dom/cjs/react-dom.development.js:9097:3)
      at node_modules/react-dom/cjs/react-dom.development.js:9288:12
      at batchedUpdates$1 
(node_modules/react-dom/cjs/react-dom.development.js:26179:12)
      at batchedUpdates 
(node_modules/react-dom/cjs/react-dom.development.js:3991:12)
      at dispatchEventForPluginEventSystem 
(node_modules/react-dom/cjs/react-dom.development.js:9287:3)
      at dispatchEventWithEnableCapturePhaseSelectiveHydrationWithoutDiscreteEv
entReplay (node_modules/react-dom/cjs/react-dom.development.js:6465:5)
      at dispatchEvent 
(node_modules/react-dom/cjs/react-dom.development.js:6457:5)
      at dispatchDiscreteEvent 
(node_modules/react-dom/cjs/react-dom.development.js:6430:5)
      at HTMLDivElement.callTheUserObjectsOperation 
(node_modules/jsdom/lib/jsdom/living/generated/EventListener.js:26:30)
      at innerInvokeEventListeners 
(node_modules/jsdom/lib/jsdom/living/events/EventTarget-impl.js:350:25)
      at invokeEventListeners 
(node_modules/jsdom/lib/jsdom/living/events/EventTarget-impl.js:286:3)
      at HTMLInputElementImpl._dispatch 
(node_modules/jsdom/lib/jsdom/living/events/EventTarget-impl.js:233:9)
      at HTMLInputElementImpl.dispatchEvent 
(node_modules/jsdom/lib/jsdom/living/events/EventTarget-impl.js:104:17)
      at HTMLInputElement.dispatchEvent 
(node_modules/jsdom/lib/jsdom/living/generated/EventTarget.js:241:34)
      at 
node_modules/@testing-library/user-event/dist/cjs/event/dispatchEvent.js:45:43
      at Object.eventWrapper 
(node_modules/@testing-library/dom/dist/config.js:25:23)
      at Object.wrapEvent 
(node_modules/@testing-library/user-event/dist/cjs/event/wrapEvent.js:6:28)
      at Object.dispatchEvent (node_modules/@testing-library/user-event/dist/cj
s/event/dispatchEvent.js:45:22)
      at Object.dispatchUIEvent (node_modules/@testing-library/user-event/dist/
cjs/event/dispatchEvent.js:22:26)
      at commitInput 
(node_modules/@testing-library/user-event/dist/cjs/event/input.js:145:14)
      at editInputElement 
(node_modules/@testing-library/user-event/dist/cjs/event/input.js:115:9)
      at Object.input 
(node_modules/@testing-library/user-event/dist/cjs/event/input.js:37:9)
      at node_modules/@testing-library/user-event/dist/cjs/event/behavior/keypr
ess.js:31:26
      at Object.dispatchEvent (node_modules/@testing-library/user-event/dist/cj
s/event/dispatchEvent.js:41:13)
      at Object.dispatchUIEvent (node_modules/@testing-library/user-event/dist/
cjs/event/dispatchEvent.js:22:26)
      at KeyboardHost.keydown 
(node_modules/@testing-library/user-event/dist/cjs/system/keyboard.js:76:22)
      at keyboardAction 
(node_modules/@testing-library/user-event/dist/cjs/keyboard/index.js:22:35)
      at Object.keyboard 
(node_modules/@testing-library/user-event/dist/cjs/keyboard/index.js:11:15)
      at Object.type 
(node_modules/@testing-library/user-event/dist/cjs/utility/type.js:17:5)
      at Object.<anonymous> (src/auth/auth.test.tsx:226:9)

    console.error
      Warning: An update to LoginForm inside a test was not wrapped in 
act(...).
      
      When testing, code that causes React state updates should be wrapped 
into act(...):
      
      act(() => {
        /* fire events that update state */
      });
      /* assert on the output */
      
      This ensures that you're testing the behavior the user would see in the 
browser. Learn more at https://reactjs.org/link/wrap-tests-with-act
          at LoginForm (C:\Users\samhe\OneDrive\Desktop\Cleaned\frontend\src\au
th\LoginForm\LoginForm.tsx:41:33)
          at div
          at div
          at LoginPage
          at routeContext (C:\Users\samhe\OneDrive\Desktop\Cleaned\frontend\nod
e_modules\react-router\lib\hooks.tsx:658:26)
          at children (C:\Users\samhe\OneDrive\Desktop\Cleaned\frontend\node_mo
dules\react-router\lib\components.tsx:512:3)
          at basenameProp (C:\Users\samhe\OneDrive\Desktop\Cleaned\frontend\nod
e_modules\react-router\lib\components.tsx:421:13)
          at basename (C:\Users\samhe\OneDrive\Desktop\Cleaned\frontend\node_mo
dules\react-router\lib\components.tsx:225:3)

      123 |                     placeholder="email@company.com"
      124 |                     value={email}
    > 125 |                     onChange={(e) => setEmail(e.target.value)}
          |                                      ^
      126 |                     className="w-full rounded-md border 
border-gray-300 px-3 py-2 text-sm focus:outline-none focus:ring-2 
focus:ring-gray-900 disabled:opacity-50"
      127 |                 />
      128 |             </div>

      at printWarning 
(node_modules/react-dom/cjs/react-dom.development.js:86:30)
      at error (node_modules/react-dom/cjs/react-dom.development.js:60:7)
      at warnIfUpdatesNotWrappedWithActDEV 
(node_modules/react-dom/cjs/react-dom.development.js:27628:9)
      at scheduleUpdateOnFiber 
(node_modules/react-dom/cjs/react-dom.development.js:25547:5)
      at dispatchSetState 
(node_modules/react-dom/cjs/react-dom.development.js:16708:7)
      at onChange (src/auth/LoginForm/LoginForm.tsx:125:38)
      at HTMLUnknownElement.callCallback 
(node_modules/react-dom/cjs/react-dom.development.js:4164:14)
      at HTMLUnknownElement.callTheUserObjectsOperation 
(node_modules/jsdom/lib/jsdom/living/generated/EventListener.js:26:30)
      at innerInvokeEventListeners 
(node_modules/jsdom/lib/jsdom/living/events/EventTarget-impl.js:350:25)
      at invokeEventListeners 
(node_modules/jsdom/lib/jsdom/living/events/EventTarget-impl.js:286:3)
      at HTMLUnknownElementImpl._dispatch 
(node_modules/jsdom/lib/jsdom/living/events/EventTarget-impl.js:233:9)
      at HTMLUnknownElementImpl.dispatchEvent 
(node_modules/jsdom/lib/jsdom/living/events/EventTarget-impl.js:104:17)
      at HTMLUnknownElement.dispatchEvent 
(node_modules/jsdom/lib/jsdom/living/generated/EventTarget.js:241:34)
      at Object.invokeGuardedCallbackDev 
(node_modules/react-dom/cjs/react-dom.development.js:4213:16)
      at invokeGuardedCallback 
(node_modules/react-dom/cjs/react-dom.development.js:4277:31)
      at invokeGuardedCallbackAndCatchFirstError 
(node_modules/react-dom/cjs/react-dom.development.js:4291:25)
      at executeDispatch 
(node_modules/react-dom/cjs/react-dom.development.js:9041:3)
      at processDispatchQueueItemsInOrder 
(node_modules/react-dom/cjs/react-dom.development.js:9073:7)
      at processDispatchQueue 
(node_modules/react-dom/cjs/react-dom.development.js:9086:5)
      at dispatchEventsForPlugins 
(node_modules/react-dom/cjs/react-dom.development.js:9097:3)
      at node_modules/react-dom/cjs/react-dom.development.js:9288:12
      at batchedUpdates$1 
(node_modules/react-dom/cjs/react-dom.development.js:26179:12)
      at batchedUpdates 
(node_modules/react-dom/cjs/react-dom.development.js:3991:12)
      at dispatchEventForPluginEventSystem 
(node_modules/react-dom/cjs/react-dom.development.js:9287:3)
      at dispatchEventWithEnableCapturePhaseSelectiveHydrationWithoutDiscreteEv
entReplay (node_modules/react-dom/cjs/react-dom.development.js:6465:5)
      at dispatchEvent 
(node_modules/react-dom/cjs/react-dom.development.js:6457:5)
      at dispatchDiscreteEvent 
(node_modules/react-dom/cjs/react-dom.development.js:6430:5)
      at HTMLDivElement.callTheUserObjectsOperation 
(node_modules/jsdom/lib/jsdom/living/generated/EventListener.js:26:30)
      at innerInvokeEventListeners 
(node_modules/jsdom/lib/jsdom/living/events/EventTarget-impl.js:350:25)
      at invokeEventListeners 
(node_modules/jsdom/lib/jsdom/living/events/EventTarget-impl.js:286:3)
      at HTMLInputElementImpl._dispatch 
(node_modules/jsdom/lib/jsdom/living/events/EventTarget-impl.js:233:9)
      at HTMLInputElementImpl.dispatchEvent 
(node_modules/jsdom/lib/jsdom/living/events/EventTarget-impl.js:104:17)
      at HTMLInputElement.dispatchEvent 
(node_modules/jsdom/lib/jsdom/living/generated/EventTarget.js:241:34)
      at 
node_modules/@testing-library/user-event/dist/cjs/event/dispatchEvent.js:45:43
      at Object.eventWrapper 
(node_modules/@testing-library/dom/dist/config.js:25:23)
      at Object.wrapEvent 
(node_modules/@testing-library/user-event/dist/cjs/event/wrapEvent.js:6:28)
      at Object.dispatchEvent (node_modules/@testing-library/user-event/dist/cj
s/event/dispatchEvent.js:45:22)
      at Object.dispatchUIEvent (node_modules/@testing-library/user-event/dist/
cjs/event/dispatchEvent.js:22:26)
      at commitInput 
(node_modules/@testing-library/user-event/dist/cjs/event/input.js:145:14)
      at editInputElement 
(node_modules/@testing-library/user-event/dist/cjs/event/input.js:115:9)
      at Object.input 
(node_modules/@testing-library/user-event/dist/cjs/event/input.js:37:9)
      at node_modules/@testing-library/user-event/dist/cjs/event/behavior/keypr
ess.js:31:26
      at Object.dispatchEvent (node_modules/@testing-library/user-event/dist/cj
s/event/dispatchEvent.js:41:13)
      at Object.dispatchUIEvent (node_modules/@testing-library/user-event/dist/
cjs/event/dispatchEvent.js:22:26)
      at KeyboardHost.keydown 
(node_modules/@testing-library/user-event/dist/cjs/system/keyboard.js:76:22)
      at keyboardAction 
(node_modules/@testing-library/user-event/dist/cjs/keyboard/index.js:22:35)
      at Object.keyboard 
(node_modules/@testing-library/user-event/dist/cjs/keyboard/index.js:11:15)
      at Object.type 
(node_modules/@testing-library/user-event/dist/cjs/utility/type.js:17:5)
      at Object.<anonymous> (src/auth/auth.test.tsx:226:9)

    console.error
      Warning: An update to LoginForm inside a test was not wrapped in 
act(...).
      
      When testing, code that causes React state updates should be wrapped 
into act(...):
      
      act(() => {
        /* fire events that update state */
      });
      /* assert on the output */
      
      This ensures that you're testing the behavior the user would see in the 
browser. Learn more at https://reactjs.org/link/wrap-tests-with-act
          at LoginForm (C:\Users\samhe\OneDrive\Desktop\Cleaned\frontend\src\au
th\LoginForm\LoginForm.tsx:41:33)
          at div
          at div
          at LoginPage
          at routeContext (C:\Users\samhe\OneDrive\Desktop\Cleaned\frontend\nod
e_modules\react-router\lib\hooks.tsx:658:26)
          at children (C:\Users\samhe\OneDrive\Desktop\Cleaned\frontend\node_mo
dules\react-router\lib\components.tsx:512:3)
          at basenameProp (C:\Users\samhe\OneDrive\Desktop\Cleaned\frontend\nod
e_modules\react-router\lib\components.tsx:421:13)
          at basename (C:\Users\samhe\OneDrive\Desktop\Cleaned\frontend\node_mo
dules\react-router\lib\components.tsx:225:3)

      123 |                     placeholder="email@company.com"
      124 |                     value={email}
    > 125 |                     onChange={(e) => setEmail(e.target.value)}
          |                                      ^
      126 |                     className="w-full rounded-md border 
border-gray-300 px-3 py-2 text-sm focus:outline-none focus:ring-2 
focus:ring-gray-900 disabled:opacity-50"
      127 |                 />
      128 |             </div>

      at printWarning 
(node_modules/react-dom/cjs/react-dom.development.js:86:30)
      at error (node_modules/react-dom/cjs/react-dom.development.js:60:7)
      at warnIfUpdatesNotWrappedWithActDEV 
(node_modules/react-dom/cjs/react-dom.development.js:27628:9)
      at scheduleUpdateOnFiber 
(node_modules/react-dom/cjs/react-dom.development.js:25547:5)
      at dispatchSetState 
(node_modules/react-dom/cjs/react-dom.development.js:16708:7)
      at onChange (src/auth/LoginForm/LoginForm.tsx:125:38)
      at HTMLUnknownElement.callCallback 
(node_modules/react-dom/cjs/react-dom.development.js:4164:14)
      at HTMLUnknownElement.callTheUserObjectsOperation 
(node_modules/jsdom/lib/jsdom/living/generated/EventListener.js:26:30)
      at innerInvokeEventListeners 
(node_modules/jsdom/lib/jsdom/living/events/EventTarget-impl.js:350:25)
      at invokeEventListeners 
(node_modules/jsdom/lib/jsdom/living/events/EventTarget-impl.js:286:3)
      at HTMLUnknownElementImpl._dispatch 
(node_modules/jsdom/lib/jsdom/living/events/EventTarget-impl.js:233:9)
      at HTMLUnknownElementImpl.dispatchEvent 
(node_modules/jsdom/lib/jsdom/living/events/EventTarget-impl.js:104:17)
      at HTMLUnknownElement.dispatchEvent 
(node_modules/jsdom/lib/jsdom/living/generated/EventTarget.js:241:34)
      at Object.invokeGuardedCallbackDev 
(node_modules/react-dom/cjs/react-dom.development.js:4213:16)
      at invokeGuardedCallback 
(node_modules/react-dom/cjs/react-dom.development.js:4277:31)
      at invokeGuardedCallbackAndCatchFirstError 
(node_modules/react-dom/cjs/react-dom.development.js:4291:25)
      at executeDispatch 
(node_modules/react-dom/cjs/react-dom.development.js:9041:3)
      at processDispatchQueueItemsInOrder 
(node_modules/react-dom/cjs/react-dom.development.js:9073:7)
      at processDispatchQueue 
(node_modules/react-dom/cjs/react-dom.development.js:9086:5)
      at dispatchEventsForPlugins 
(node_modules/react-dom/cjs/react-dom.development.js:9097:3)
      at node_modules/react-dom/cjs/react-dom.development.js:9288:12
      at batchedUpdates$1 
(node_modules/react-dom/cjs/react-dom.development.js:26179:12)
      at batchedUpdates 
(node_modules/react-dom/cjs/react-dom.development.js:3991:12)
      at dispatchEventForPluginEventSystem 
(node_modules/react-dom/cjs/react-dom.development.js:9287:3)
      at dispatchEventWithEnableCapturePhaseSelectiveHydrationWithoutDiscreteEv
entReplay (node_modules/react-dom/cjs/react-dom.development.js:6465:5)
      at dispatchEvent 
(node_modules/react-dom/cjs/react-dom.development.js:6457:5)
      at dispatchDiscreteEvent 
(node_modules/react-dom/cjs/react-dom.development.js:6430:5)
      at HTMLDivElement.callTheUserObjectsOperation 
(node_modules/jsdom/lib/jsdom/living/generated/EventListener.js:26:30)
      at innerInvokeEventListeners 
(node_modules/jsdom/lib/jsdom/living/events/EventTarget-impl.js:350:25)
      at invokeEventListeners 
(node_modules/jsdom/lib/jsdom/living/events/EventTarget-impl.js:286:3)
      at HTMLInputElementImpl._dispatch 
(node_modules/jsdom/lib/jsdom/living/events/EventTarget-impl.js:233:9)
      at HTMLInputElementImpl.dispatchEvent 
(node_modules/jsdom/lib/jsdom/living/events/EventTarget-impl.js:104:17)
      at HTMLInputElement.dispatchEvent 
(node_modules/jsdom/lib/jsdom/living/generated/EventTarget.js:241:34)
      at 
node_modules/@testing-library/user-event/dist/cjs/event/dispatchEvent.js:45:43
      at Object.eventWrapper 
(node_modules/@testing-library/dom/dist/config.js:25:23)
      at Object.wrapEvent 
(node_modules/@testing-library/user-event/dist/cjs/event/wrapEvent.js:6:28)
      at Object.dispatchEvent (node_modules/@testing-library/user-event/dist/cj
s/event/dispatchEvent.js:45:22)
      at Object.dispatchUIEvent (node_modules/@testing-library/user-event/dist/
cjs/event/dispatchEvent.js:22:26)
      at commitInput 
(node_modules/@testing-library/user-event/dist/cjs/event/input.js:145:14)
      at editInputElement 
(node_modules/@testing-library/user-event/dist/cjs/event/input.js:115:9)
      at Object.input 
(node_modules/@testing-library/user-event/dist/cjs/event/input.js:37:9)
      at node_modules/@testing-library/user-event/dist/cjs/event/behavior/keypr
ess.js:31:26
      at Object.dispatchEvent (node_modules/@testing-library/user-event/dist/cj
s/event/dispatchEvent.js:41:13)
      at Object.dispatchUIEvent (node_modules/@testing-library/user-event/dist/
cjs/event/dispatchEvent.js:22:26)
      at KeyboardHost.keydown 
(node_modules/@testing-library/user-event/dist/cjs/system/keyboard.js:76:22)
      at keyboardAction 
(node_modules/@testing-library/user-event/dist/cjs/keyboard/index.js:22:35)
      at Object.keyboard 
(node_modules/@testing-library/user-event/dist/cjs/keyboard/index.js:11:15)
      at Object.type 
(node_modules/@testing-library/user-event/dist/cjs/utility/type.js:17:5)
      at Object.<anonymous> (src/auth/auth.test.tsx:226:9)

    console.error
      Warning: An update to LoginForm inside a test was not wrapped in 
act(...).
      
      When testing, code that causes React state updates should be wrapped 
into act(...):
      
      act(() => {
        /* fire events that update state */
      });
      /* assert on the output */
      
      This ensures that you're testing the behavior the user would see in the 
browser. Learn more at https://reactjs.org/link/wrap-tests-with-act
          at LoginForm (C:\Users\samhe\OneDrive\Desktop\Cleaned\frontend\src\au
th\LoginForm\LoginForm.tsx:41:33)
          at div
          at div
          at LoginPage
          at routeContext (C:\Users\samhe\OneDrive\Desktop\Cleaned\frontend\nod
e_modules\react-router\lib\hooks.tsx:658:26)
          at children (C:\Users\samhe\OneDrive\Desktop\Cleaned\frontend\node_mo
dules\react-router\lib\components.tsx:512:3)
          at basenameProp (C:\Users\samhe\OneDrive\Desktop\Cleaned\frontend\nod
e_modules\react-router\lib\components.tsx:421:13)
          at basename (C:\Users\samhe\OneDrive\Desktop\Cleaned\frontend\node_mo
dules\react-router\lib\components.tsx:225:3)

      123 |                     placeholder="email@company.com"
      124 |                     value={email}
    > 125 |                     onChange={(e) => setEmail(e.target.value)}
          |                                      ^
      126 |                     className="w-full rounded-md border 
border-gray-300 px-3 py-2 text-sm focus:outline-none focus:ring-2 
focus:ring-gray-900 disabled:opacity-50"
      127 |                 />
      128 |             </div>

      at printWarning 
(node_modules/react-dom/cjs/react-dom.development.js:86:30)
      at error (node_modules/react-dom/cjs/react-dom.development.js:60:7)
      at warnIfUpdatesNotWrappedWithActDEV 
(node_modules/react-dom/cjs/react-dom.development.js:27628:9)
      at scheduleUpdateOnFiber 
(node_modules/react-dom/cjs/react-dom.development.js:25547:5)
      at dispatchSetState 
(node_modules/react-dom/cjs/react-dom.development.js:16708:7)
      at onChange (src/auth/LoginForm/LoginForm.tsx:125:38)
      at HTMLUnknownElement.callCallback 
(node_modules/react-dom/cjs/react-dom.development.js:4164:14)
      at HTMLUnknownElement.callTheUserObjectsOperation 
(node_modules/jsdom/lib/jsdom/living/generated/EventListener.js:26:30)
      at innerInvokeEventListeners 
(node_modules/jsdom/lib/jsdom/living/events/EventTarget-impl.js:350:25)
      at invokeEventListeners 
(node_modules/jsdom/lib/jsdom/living/events/EventTarget-impl.js:286:3)
      at HTMLUnknownElementImpl._dispatch 
(node_modules/jsdom/lib/jsdom/living/events/EventTarget-impl.js:233:9)
      at HTMLUnknownElementImpl.dispatchEvent 
(node_modules/jsdom/lib/jsdom/living/events/EventTarget-impl.js:104:17)
      at HTMLUnknownElement.dispatchEvent 
(node_modules/jsdom/lib/jsdom/living/generated/EventTarget.js:241:34)
      at Object.invokeGuardedCallbackDev 
(node_modules/react-dom/cjs/react-dom.development.js:4213:16)
      at invokeGuardedCallback 
(node_modules/react-dom/cjs/react-dom.development.js:4277:31)
      at invokeGuardedCallbackAndCatchFirstError 
(node_modules/react-dom/cjs/react-dom.development.js:4291:25)
      at executeDispatch 
(node_modules/react-dom/cjs/react-dom.development.js:9041:3)
      at processDispatchQueueItemsInOrder 
(node_modules/react-dom/cjs/react-dom.development.js:9073:7)
      at processDispatchQueue 
(node_modules/react-dom/cjs/react-dom.development.js:9086:5)
      at dispatchEventsForPlugins 
(node_modules/react-dom/cjs/react-dom.development.js:9097:3)
      at node_modules/react-dom/cjs/react-dom.development.js:9288:12
      at batchedUpdates$1 
(node_modules/react-dom/cjs/react-dom.development.js:26179:12)
      at batchedUpdates 
(node_modules/react-dom/cjs/react-dom.development.js:3991:12)
      at dispatchEventForPluginEventSystem 
(node_modules/react-dom/cjs/react-dom.development.js:9287:3)
      at dispatchEventWithEnableCapturePhaseSelectiveHydrationWithoutDiscreteEv
entReplay (node_modules/react-dom/cjs/react-dom.development.js:6465:5)
      at dispatchEvent 
(node_modules/react-dom/cjs/react-dom.development.js:6457:5)
      at dispatchDiscreteEvent 
(node_modules/react-dom/cjs/react-dom.development.js:6430:5)
      at HTMLDivElement.callTheUserObjectsOperation 
(node_modules/jsdom/lib/jsdom/living/generated/EventListener.js:26:30)
      at innerInvokeEventListeners 
(node_modules/jsdom/lib/jsdom/living/events/EventTarget-impl.js:350:25)
      at invokeEventListeners 
(node_modules/jsdom/lib/jsdom/living/events/EventTarget-impl.js:286:3)
      at HTMLInputElementImpl._dispatch 
(node_modules/jsdom/lib/jsdom/living/events/EventTarget-impl.js:233:9)
      at HTMLInputElementImpl.dispatchEvent 
(node_modules/jsdom/lib/jsdom/living/events/EventTarget-impl.js:104:17)
      at HTMLInputElement.dispatchEvent 
(node_modules/jsdom/lib/jsdom/living/generated/EventTarget.js:241:34)
      at 
node_modules/@testing-library/user-event/dist/cjs/event/dispatchEvent.js:45:43
      at Object.eventWrapper 
(node_modules/@testing-library/dom/dist/config.js:25:23)
      at Object.wrapEvent 
(node_modules/@testing-library/user-event/dist/cjs/event/wrapEvent.js:6:28)
      at Object.dispatchEvent (node_modules/@testing-library/user-event/dist/cj
s/event/dispatchEvent.js:45:22)
      at Object.dispatchUIEvent (node_modules/@testing-library/user-event/dist/
cjs/event/dispatchEvent.js:22:26)
      at commitInput 
(node_modules/@testing-library/user-event/dist/cjs/event/input.js:145:14)
      at editInputElement 
(node_modules/@testing-library/user-event/dist/cjs/event/input.js:115:9)
      at Object.input 
(node_modules/@testing-library/user-event/dist/cjs/event/input.js:37:9)
      at node_modules/@testing-library/user-event/dist/cjs/event/behavior/keypr
ess.js:31:26
      at Object.dispatchEvent (node_modules/@testing-library/user-event/dist/cj
s/event/dispatchEvent.js:41:13)
      at Object.dispatchUIEvent (node_modules/@testing-library/user-event/dist/
cjs/event/dispatchEvent.js:22:26)
      at KeyboardHost.keydown 
(node_modules/@testing-library/user-event/dist/cjs/system/keyboard.js:76:22)
      at keyboardAction 
(node_modules/@testing-library/user-event/dist/cjs/keyboard/index.js:22:35)
      at Object.keyboard 
(node_modules/@testing-library/user-event/dist/cjs/keyboard/index.js:11:15)
      at Object.type 
(node_modules/@testing-library/user-event/dist/cjs/utility/type.js:17:5)
      at Object.<anonymous> (src/auth/auth.test.tsx:226:9)

    console.error
      Warning: An update to LoginForm inside a test was not wrapped in 
act(...).
      
      When testing, code that causes React state updates should be wrapped 
into act(...):
      
      act(() => {
        /* fire events that update state */
      });
      /* assert on the output */
      
      This ensures that you're testing the behavior the user would see in the 
browser. Learn more at https://reactjs.org/link/wrap-tests-with-act
          at LoginForm (C:\Users\samhe\OneDrive\Desktop\Cleaned\frontend\src\au
th\LoginForm\LoginForm.tsx:41:33)
          at div
          at div
          at LoginPage
          at routeContext (C:\Users\samhe\OneDrive\Desktop\Cleaned\frontend\nod
e_modules\react-router\lib\hooks.tsx:658:26)
          at children (C:\Users\samhe\OneDrive\Desktop\Cleaned\frontend\node_mo
dules\react-router\lib\components.tsx:512:3)
          at basenameProp (C:\Users\samhe\OneDrive\Desktop\Cleaned\frontend\nod
e_modules\react-router\lib\components.tsx:421:13)
          at basename (C:\Users\samhe\OneDrive\Desktop\Cleaned\frontend\node_mo
dules\react-router\lib\components.tsx:225:3)

      123 |                     placeholder="email@company.com"
      124 |                     value={email}
    > 125 |                     onChange={(e) => setEmail(e.target.value)}
          |                                      ^
      126 |                     className="w-full rounded-md border 
border-gray-300 px-3 py-2 text-sm focus:outline-none focus:ring-2 
focus:ring-gray-900 disabled:opacity-50"
      127 |                 />
      128 |             </div>

      at printWarning 
(node_modules/react-dom/cjs/react-dom.development.js:86:30)
      at error (node_modules/react-dom/cjs/react-dom.development.js:60:7)
      at warnIfUpdatesNotWrappedWithActDEV 
(node_modules/react-dom/cjs/react-dom.development.js:27628:9)
      at scheduleUpdateOnFiber 
(node_modules/react-dom/cjs/react-dom.development.js:25547:5)
      at dispatchSetState 
(node_modules/react-dom/cjs/react-dom.development.js:16708:7)
      at onChange (src/auth/LoginForm/LoginForm.tsx:125:38)
      at HTMLUnknownElement.callCallback 
(node_modules/react-dom/cjs/react-dom.development.js:4164:14)
      at HTMLUnknownElement.callTheUserObjectsOperation 
(node_modules/jsdom/lib/jsdom/living/generated/EventListener.js:26:30)
      at innerInvokeEventListeners 
(node_modules/jsdom/lib/jsdom/living/events/EventTarget-impl.js:350:25)
      at invokeEventListeners 
(node_modules/jsdom/lib/jsdom/living/events/EventTarget-impl.js:286:3)
      at HTMLUnknownElementImpl._dispatch 
(node_modules/jsdom/lib/jsdom/living/events/EventTarget-impl.js:233:9)
      at HTMLUnknownElementImpl.dispatchEvent 
(node_modules/jsdom/lib/jsdom/living/events/EventTarget-impl.js:104:17)
      at HTMLUnknownElement.dispatchEvent 
(node_modules/jsdom/lib/jsdom/living/generated/EventTarget.js:241:34)
      at Object.invokeGuardedCallbackDev 
(node_modules/react-dom/cjs/react-dom.development.js:4213:16)
      at invokeGuardedCallback 
(node_modules/react-dom/cjs/react-dom.development.js:4277:31)
      at invokeGuardedCallbackAndCatchFirstError 
(node_modules/react-dom/cjs/react-dom.development.js:4291:25)
      at executeDispatch 
(node_modules/react-dom/cjs/react-dom.development.js:9041:3)
      at processDispatchQueueItemsInOrder 
(node_modules/react-dom/cjs/react-dom.development.js:9073:7)
      at processDispatchQueue 
(node_modules/react-dom/cjs/react-dom.development.js:9086:5)
      at dispatchEventsForPlugins 
(node_modules/react-dom/cjs/react-dom.development.js:9097:3)
      at node_modules/react-dom/cjs/react-dom.development.js:9288:12
      at batchedUpdates$1 
(node_modules/react-dom/cjs/react-dom.development.js:26179:12)
      at batchedUpdates 
(node_modules/react-dom/cjs/react-dom.development.js:3991:12)
      at dispatchEventForPluginEventSystem 
(node_modules/react-dom/cjs/react-dom.development.js:9287:3)
      at dispatchEventWithEnableCapturePhaseSelectiveHydrationWithoutDiscreteEv
entReplay (node_modules/react-dom/cjs/react-dom.development.js:6465:5)
      at dispatchEvent 
(node_modules/react-dom/cjs/react-dom.development.js:6457:5)
      at dispatchDiscreteEvent 
(node_modules/react-dom/cjs/react-dom.development.js:6430:5)
      at HTMLDivElement.callTheUserObjectsOperation 
(node_modules/jsdom/lib/jsdom/living/generated/EventListener.js:26:30)
      at innerInvokeEventListeners 
(node_modules/jsdom/lib/jsdom/living/events/EventTarget-impl.js:350:25)
      at invokeEventListeners 
(node_modules/jsdom/lib/jsdom/living/events/EventTarget-impl.js:286:3)
      at HTMLInputElementImpl._dispatch 
(node_modules/jsdom/lib/jsdom/living/events/EventTarget-impl.js:233:9)
      at HTMLInputElementImpl.dispatchEvent 
(node_modules/jsdom/lib/jsdom/living/events/EventTarget-impl.js:104:17)
      at HTMLInputElement.dispatchEvent 
(node_modules/jsdom/lib/jsdom/living/generated/EventTarget.js:241:34)
      at 
node_modules/@testing-library/user-event/dist/cjs/event/dispatchEvent.js:45:43
      at Object.eventWrapper 
(node_modules/@testing-library/dom/dist/config.js:25:23)
      at Object.wrapEvent 
(node_modules/@testing-library/user-event/dist/cjs/event/wrapEvent.js:6:28)
      at Object.dispatchEvent (node_modules/@testing-library/user-event/dist/cj
s/event/dispatchEvent.js:45:22)
      at Object.dispatchUIEvent (node_modules/@testing-library/user-event/dist/
cjs/event/dispatchEvent.js:22:26)
      at commitInput 
(node_modules/@testing-library/user-event/dist/cjs/event/input.js:145:14)
      at editInputElement 
(node_modules/@testing-library/user-event/dist/cjs/event/input.js:115:9)
      at Object.input 
(node_modules/@testing-library/user-event/dist/cjs/event/input.js:37:9)
      at node_modules/@testing-library/user-event/dist/cjs/event/behavior/keypr
ess.js:31:26
      at Object.dispatchEvent (node_modules/@testing-library/user-event/dist/cj
s/event/dispatchEvent.js:41:13)
      at Object.dispatchUIEvent (node_modules/@testing-library/user-event/dist/
cjs/event/dispatchEvent.js:22:26)
      at KeyboardHost.keydown 
(node_modules/@testing-library/user-event/dist/cjs/system/keyboard.js:76:22)
      at keyboardAction 
(node_modules/@testing-library/user-event/dist/cjs/keyboard/index.js:22:35)
      at Object.keyboard 
(node_modules/@testing-library/user-event/dist/cjs/keyboard/index.js:11:15)
      at Object.type 
(node_modules/@testing-library/user-event/dist/cjs/utility/type.js:17:5)
      at Object.<anonymous> (src/auth/auth.test.tsx:226:9)

    console.error
      Warning: An update to LoginForm inside a test was not wrapped in 
act(...).
      
      When testing, code that causes React state updates should be wrapped 
into act(...):
      
      act(() => {
        /* fire events that update state */
      });
      /* assert on the output */
      
      This ensures that you're testing the behavior the user would see in the 
browser. Learn more at https://reactjs.org/link/wrap-tests-with-act
          at LoginForm (C:\Users\samhe\OneDrive\Desktop\Cleaned\frontend\src\au
th\LoginForm\LoginForm.tsx:41:33)
          at div
          at div
          at LoginPage
          at routeContext (C:\Users\samhe\OneDrive\Desktop\Cleaned\frontend\nod
e_modules\react-router\lib\hooks.tsx:658:26)
          at children (C:\Users\samhe\OneDrive\Desktop\Cleaned\frontend\node_mo
dules\react-router\lib\components.tsx:512:3)
          at basenameProp (C:\Users\samhe\OneDrive\Desktop\Cleaned\frontend\nod
e_modules\react-router\lib\components.tsx:421:13)
          at basename (C:\Users\samhe\OneDrive\Desktop\Cleaned\frontend\node_mo
dules\react-router\lib\components.tsx:225:3)

      123 |                     placeholder="email@company.com"
      124 |                     value={email}
    > 125 |                     onChange={(e) => setEmail(e.target.value)}
          |                                      ^
      126 |                     className="w-full rounded-md border 
border-gray-300 px-3 py-2 text-sm focus:outline-none focus:ring-2 
focus:ring-gray-900 disabled:opacity-50"
      127 |                 />
      128 |             </div>

      at printWarning 
(node_modules/react-dom/cjs/react-dom.development.js:86:30)
      at error (node_modules/react-dom/cjs/react-dom.development.js:60:7)
      at warnIfUpdatesNotWrappedWithActDEV 
(node_modules/react-dom/cjs/react-dom.development.js:27628:9)
      at scheduleUpdateOnFiber 
(node_modules/react-dom/cjs/react-dom.development.js:25547:5)
      at dispatchSetState 
(node_modules/react-dom/cjs/react-dom.development.js:16708:7)
      at onChange (src/auth/LoginForm/LoginForm.tsx:125:38)
      at HTMLUnknownElement.callCallback 
(node_modules/react-dom/cjs/react-dom.development.js:4164:14)
      at HTMLUnknownElement.callTheUserObjectsOperation 
(node_modules/jsdom/lib/jsdom/living/generated/EventListener.js:26:30)
      at innerInvokeEventListeners 
(node_modules/jsdom/lib/jsdom/living/events/EventTarget-impl.js:350:25)
      at invokeEventListeners 
(node_modules/jsdom/lib/jsdom/living/events/EventTarget-impl.js:286:3)
      at HTMLUnknownElementImpl._dispatch 
(node_modules/jsdom/lib/jsdom/living/events/EventTarget-impl.js:233:9)
      at HTMLUnknownElementImpl.dispatchEvent 
(node_modules/jsdom/lib/jsdom/living/events/EventTarget-impl.js:104:17)
      at HTMLUnknownElement.dispatchEvent 
(node_modules/jsdom/lib/jsdom/living/generated/EventTarget.js:241:34)
      at Object.invokeGuardedCallbackDev 
(node_modules/react-dom/cjs/react-dom.development.js:4213:16)
      at invokeGuardedCallback 
(node_modules/react-dom/cjs/react-dom.development.js:4277:31)
      at invokeGuardedCallbackAndCatchFirstError 
(node_modules/react-dom/cjs/react-dom.development.js:4291:25)
      at executeDispatch 
(node_modules/react-dom/cjs/react-dom.development.js:9041:3)
      at processDispatchQueueItemsInOrder 
(node_modules/react-dom/cjs/react-dom.development.js:9073:7)
      at processDispatchQueue 
(node_modules/react-dom/cjs/react-dom.development.js:9086:5)
      at dispatchEventsForPlugins 
(node_modules/react-dom/cjs/react-dom.development.js:9097:3)
      at node_modules/react-dom/cjs/react-dom.development.js:9288:12
      at batchedUpdates$1 
(node_modules/react-dom/cjs/react-dom.development.js:26179:12)
      at batchedUpdates 
(node_modules/react-dom/cjs/react-dom.development.js:3991:12)
      at dispatchEventForPluginEventSystem 
(node_modules/react-dom/cjs/react-dom.development.js:9287:3)
      at dispatchEventWithEnableCapturePhaseSelectiveHydrationWithoutDiscreteEv
entReplay (node_modules/react-dom/cjs/react-dom.development.js:6465:5)
      at dispatchEvent 
(node_modules/react-dom/cjs/react-dom.development.js:6457:5)
      at dispatchDiscreteEvent 
(node_modules/react-dom/cjs/react-dom.development.js:6430:5)
      at HTMLDivElement.callTheUserObjectsOperation 
(node_modules/jsdom/lib/jsdom/living/generated/EventListener.js:26:30)
      at innerInvokeEventListeners 
(node_modules/jsdom/lib/jsdom/living/events/EventTarget-impl.js:350:25)
      at invokeEventListeners 
(node_modules/jsdom/lib/jsdom/living/events/EventTarget-impl.js:286:3)
      at HTMLInputElementImpl._dispatch 
(node_modules/jsdom/lib/jsdom/living/events/EventTarget-impl.js:233:9)
      at HTMLInputElementImpl.dispatchEvent 
(node_modules/jsdom/lib/jsdom/living/events/EventTarget-impl.js:104:17)
      at HTMLInputElement.dispatchEvent 
(node_modules/jsdom/lib/jsdom/living/generated/EventTarget.js:241:34)
      at 
node_modules/@testing-library/user-event/dist/cjs/event/dispatchEvent.js:45:43
      at Object.eventWrapper 
(node_modules/@testing-library/dom/dist/config.js:25:23)
      at Object.wrapEvent 
(node_modules/@testing-library/user-event/dist/cjs/event/wrapEvent.js:6:28)
      at Object.dispatchEvent (node_modules/@testing-library/user-event/dist/cj
s/event/dispatchEvent.js:45:22)
      at Object.dispatchUIEvent (node_modules/@testing-library/user-event/dist/
cjs/event/dispatchEvent.js:22:26)
      at commitInput 
(node_modules/@testing-library/user-event/dist/cjs/event/input.js:145:14)
      at editInputElement 
(node_modules/@testing-library/user-event/dist/cjs/event/input.js:115:9)
      at Object.input 
(node_modules/@testing-library/user-event/dist/cjs/event/input.js:37:9)
      at node_modules/@testing-library/user-event/dist/cjs/event/behavior/keypr
ess.js:31:26
      at Object.dispatchEvent (node_modules/@testing-library/user-event/dist/cj
s/event/dispatchEvent.js:41:13)
      at Object.dispatchUIEvent (node_modules/@testing-library/user-event/dist/
cjs/event/dispatchEvent.js:22:26)
      at KeyboardHost.keydown 
(node_modules/@testing-library/user-event/dist/cjs/system/keyboard.js:76:22)
      at keyboardAction 
(node_modules/@testing-library/user-event/dist/cjs/keyboard/index.js:22:35)
      at Object.keyboard 
(node_modules/@testing-library/user-event/dist/cjs/keyboard/index.js:11:15)
      at Object.type 
(node_modules/@testing-library/user-event/dist/cjs/utility/type.js:17:5)
      at Object.<anonymous> (src/auth/auth.test.tsx:226:9)

    console.error
      Warning: An update to LoginForm inside a test was not wrapped in 
act(...).
      
      When testing, code that causes React state updates should be wrapped 
into act(...):
      
      act(() => {
        /* fire events that update state */
      });
      /* assert on the output */
      
      This ensures that you're testing the behavior the user would see in the 
browser. Learn more at https://reactjs.org/link/wrap-tests-with-act
          at LoginForm (C:\Users\samhe\OneDrive\Desktop\Cleaned\frontend\src\au
th\LoginForm\LoginForm.tsx:41:33)
          at div
          at div
          at LoginPage
          at routeContext (C:\Users\samhe\OneDrive\Desktop\Cleaned\frontend\nod
e_modules\react-router\lib\hooks.tsx:658:26)
          at children (C:\Users\samhe\OneDrive\Desktop\Cleaned\frontend\node_mo
dules\react-router\lib\components.tsx:512:3)
          at basenameProp (C:\Users\samhe\OneDrive\Desktop\Cleaned\frontend\nod
e_modules\react-router\lib\components.tsx:421:13)
          at basename (C:\Users\samhe\OneDrive\Desktop\Cleaned\frontend\node_mo
dules\react-router\lib\components.tsx:225:3)

      123 |                     placeholder="email@company.com"
      124 |                     value={email}
    > 125 |                     onChange={(e) => setEmail(e.target.value)}
          |                                      ^
      126 |                     className="w-full rounded-md border 
border-gray-300 px-3 py-2 text-sm focus:outline-none focus:ring-2 
focus:ring-gray-900 disabled:opacity-50"
      127 |                 />
      128 |             </div>

      at printWarning 
(node_modules/react-dom/cjs/react-dom.development.js:86:30)
      at error (node_modules/react-dom/cjs/react-dom.development.js:60:7)
      at warnIfUpdatesNotWrappedWithActDEV 
(node_modules/react-dom/cjs/react-dom.development.js:27628:9)
      at scheduleUpdateOnFiber 
(node_modules/react-dom/cjs/react-dom.development.js:25547:5)
      at dispatchSetState 
(node_modules/react-dom/cjs/react-dom.development.js:16708:7)
      at onChange (src/auth/LoginForm/LoginForm.tsx:125:38)
      at HTMLUnknownElement.callCallback 
(node_modules/react-dom/cjs/react-dom.development.js:4164:14)
      at HTMLUnknownElement.callTheUserObjectsOperation 
(node_modules/jsdom/lib/jsdom/living/generated/EventListener.js:26:30)
      at innerInvokeEventListeners 
(node_modules/jsdom/lib/jsdom/living/events/EventTarget-impl.js:350:25)
      at invokeEventListeners 
(node_modules/jsdom/lib/jsdom/living/events/EventTarget-impl.js:286:3)
      at HTMLUnknownElementImpl._dispatch 
(node_modules/jsdom/lib/jsdom/living/events/EventTarget-impl.js:233:9)
      at HTMLUnknownElementImpl.dispatchEvent 
(node_modules/jsdom/lib/jsdom/living/events/EventTarget-impl.js:104:17)
      at HTMLUnknownElement.dispatchEvent 
(node_modules/jsdom/lib/jsdom/living/generated/EventTarget.js:241:34)
      at Object.invokeGuardedCallbackDev 
(node_modules/react-dom/cjs/react-dom.development.js:4213:16)
      at invokeGuardedCallback 
(node_modules/react-dom/cjs/react-dom.development.js:4277:31)
      at invokeGuardedCallbackAndCatchFirstError 
(node_modules/react-dom/cjs/react-dom.development.js:4291:25)
      at executeDispatch 
(node_modules/react-dom/cjs/react-dom.development.js:9041:3)
      at processDispatchQueueItemsInOrder 
(node_modules/react-dom/cjs/react-dom.development.js:9073:7)
      at processDispatchQueue 
(node_modules/react-dom/cjs/react-dom.development.js:9086:5)
      at dispatchEventsForPlugins 
(node_modules/react-dom/cjs/react-dom.development.js:9097:3)
      at node_modules/react-dom/cjs/react-dom.development.js:9288:12
      at batchedUpdates$1 
(node_modules/react-dom/cjs/react-dom.development.js:26179:12)
      at batchedUpdates 
(node_modules/react-dom/cjs/react-dom.development.js:3991:12)
      at dispatchEventForPluginEventSystem 
(node_modules/react-dom/cjs/react-dom.development.js:9287:3)
      at dispatchEventWithEnableCapturePhaseSelectiveHydrationWithoutDiscreteEv
entReplay (node_modules/react-dom/cjs/react-dom.development.js:6465:5)
      at dispatchEvent 
(node_modules/react-dom/cjs/react-dom.development.js:6457:5)
      at dispatchDiscreteEvent 
(node_modules/react-dom/cjs/react-dom.development.js:6430:5)
      at HTMLDivElement.callTheUserObjectsOperation 
(node_modules/jsdom/lib/jsdom/living/generated/EventListener.js:26:30)
      at innerInvokeEventListeners 
(node_modules/jsdom/lib/jsdom/living/events/EventTarget-impl.js:350:25)
      at invokeEventListeners 
(node_modules/jsdom/lib/jsdom/living/events/EventTarget-impl.js:286:3)
      at HTMLInputElementImpl._dispatch 
(node_modules/jsdom/lib/jsdom/living/events/EventTarget-impl.js:233:9)
      at HTMLInputElementImpl.dispatchEvent 
(node_modules/jsdom/lib/jsdom/living/events/EventTarget-impl.js:104:17)
      at HTMLInputElement.dispatchEvent 
(node_modules/jsdom/lib/jsdom/living/generated/EventTarget.js:241:34)
      at 
node_modules/@testing-library/user-event/dist/cjs/event/dispatchEvent.js:45:43
      at Object.eventWrapper 
(node_modules/@testing-library/dom/dist/config.js:25:23)
      at Object.wrapEvent 
(node_modules/@testing-library/user-event/dist/cjs/event/wrapEvent.js:6:28)
      at Object.dispatchEvent (node_modules/@testing-library/user-event/dist/cj
s/event/dispatchEvent.js:45:22)
      at Object.dispatchUIEvent (node_modules/@testing-library/user-event/dist/
cjs/event/dispatchEvent.js:22:26)
      at commitInput 
(node_modules/@testing-library/user-event/dist/cjs/event/input.js:145:14)
      at editInputElement 
(node_modules/@testing-library/user-event/dist/cjs/event/input.js:115:9)
      at Object.input 
(node_modules/@testing-library/user-event/dist/cjs/event/input.js:37:9)
      at node_modules/@testing-library/user-event/dist/cjs/event/behavior/keypr
ess.js:31:26
      at Object.dispatchEvent (node_modules/@testing-library/user-event/dist/cj
s/event/dispatchEvent.js:41:13)
      at Object.dispatchUIEvent (node_modules/@testing-library/user-event/dist/
cjs/event/dispatchEvent.js:22:26)
      at KeyboardHost.keydown 
(node_modules/@testing-library/user-event/dist/cjs/system/keyboard.js:76:22)
      at keyboardAction 
(node_modules/@testing-library/user-event/dist/cjs/keyboard/index.js:22:35)
      at Object.keyboard 
(node_modules/@testing-library/user-event/dist/cjs/keyboard/index.js:11:15)
      at Object.type 
(node_modules/@testing-library/user-event/dist/cjs/utility/type.js:17:5)
      at Object.<anonymous> (src/auth/auth.test.tsx:226:9)

    console.error
      Warning: An update to LoginForm inside a test was not wrapped in 
act(...).
      
      When testing, code that causes React state updates should be wrapped 
into act(...):
      
      act(() => {
        /* fire events that update state */
      });
      /* assert on the output */
      
      This ensures that you're testing the behavior the user would see in the 
browser. Learn more at https://reactjs.org/link/wrap-tests-with-act
          at LoginForm (C:\Users\samhe\OneDrive\Desktop\Cleaned\frontend\src\au
th\LoginForm\LoginForm.tsx:41:33)
          at div
          at div
          at LoginPage
          at routeContext (C:\Users\samhe\OneDrive\Desktop\Cleaned\frontend\nod
e_modules\react-router\lib\hooks.tsx:658:26)
          at children (C:\Users\samhe\OneDrive\Desktop\Cleaned\frontend\node_mo
dules\react-router\lib\components.tsx:512:3)
          at basenameProp (C:\Users\samhe\OneDrive\Desktop\Cleaned\frontend\nod
e_modules\react-router\lib\components.tsx:421:13)
          at basename (C:\Users\samhe\OneDrive\Desktop\Cleaned\frontend\node_mo
dules\react-router\lib\components.tsx:225:3)

      123 |                     placeholder="email@company.com"
      124 |                     value={email}
    > 125 |                     onChange={(e) => setEmail(e.target.value)}
          |                                      ^
      126 |                     className="w-full rounded-md border 
border-gray-300 px-3 py-2 text-sm focus:outline-none focus:ring-2 
focus:ring-gray-900 disabled:opacity-50"
      127 |                 />
      128 |             </div>

      at printWarning 
(node_modules/react-dom/cjs/react-dom.development.js:86:30)
      at error (node_modules/react-dom/cjs/react-dom.development.js:60:7)
      at warnIfUpdatesNotWrappedWithActDEV 
(node_modules/react-dom/cjs/react-dom.development.js:27628:9)
      at scheduleUpdateOnFiber 
(node_modules/react-dom/cjs/react-dom.development.js:25547:5)
      at dispatchSetState 
(node_modules/react-dom/cjs/react-dom.development.js:16708:7)
      at onChange (src/auth/LoginForm/LoginForm.tsx:125:38)
      at HTMLUnknownElement.callCallback 
(node_modules/react-dom/cjs/react-dom.development.js:4164:14)
      at HTMLUnknownElement.callTheUserObjectsOperation 
(node_modules/jsdom/lib/jsdom/living/generated/EventListener.js:26:30)
      at innerInvokeEventListeners 
(node_modules/jsdom/lib/jsdom/living/events/EventTarget-impl.js:350:25)
      at invokeEventListeners 
(node_modules/jsdom/lib/jsdom/living/events/EventTarget-impl.js:286:3)
      at HTMLUnknownElementImpl._dispatch 
(node_modules/jsdom/lib/jsdom/living/events/EventTarget-impl.js:233:9)
      at HTMLUnknownElementImpl.dispatchEvent 
(node_modules/jsdom/lib/jsdom/living/events/EventTarget-impl.js:104:17)
      at HTMLUnknownElement.dispatchEvent 
(node_modules/jsdom/lib/jsdom/living/generated/EventTarget.js:241:34)
      at Object.invokeGuardedCallbackDev 
(node_modules/react-dom/cjs/react-dom.development.js:4213:16)
      at invokeGuardedCallback 
(node_modules/react-dom/cjs/react-dom.development.js:4277:31)
      at invokeGuardedCallbackAndCatchFirstError 
(node_modules/react-dom/cjs/react-dom.development.js:4291:25)
      at executeDispatch 
(node_modules/react-dom/cjs/react-dom.development.js:9041:3)
      at processDispatchQueueItemsInOrder 
(node_modules/react-dom/cjs/react-dom.development.js:9073:7)
      at processDispatchQueue 
(node_modules/react-dom/cjs/react-dom.development.js:9086:5)
      at dispatchEventsForPlugins 
(node_modules/react-dom/cjs/react-dom.development.js:9097:3)
      at node_modules/react-dom/cjs/react-dom.development.js:9288:12
      at batchedUpdates$1 
(node_modules/react-dom/cjs/react-dom.development.js:26179:12)
      at batchedUpdates 
(node_modules/react-dom/cjs/react-dom.development.js:3991:12)
      at dispatchEventForPluginEventSystem 
(node_modules/react-dom/cjs/react-dom.development.js:9287:3)
      at dispatchEventWithEnableCapturePhaseSelectiveHydrationWithoutDiscreteEv
entReplay (node_modules/react-dom/cjs/react-dom.development.js:6465:5)
      at dispatchEvent 
(node_modules/react-dom/cjs/react-dom.development.js:6457:5)
      at dispatchDiscreteEvent 
(node_modules/react-dom/cjs/react-dom.development.js:6430:5)
      at HTMLDivElement.callTheUserObjectsOperation 
(node_modules/jsdom/lib/jsdom/living/generated/EventListener.js:26:30)
      at innerInvokeEventListeners 
(node_modules/jsdom/lib/jsdom/living/events/EventTarget-impl.js:350:25)
      at invokeEventListeners 
(node_modules/jsdom/lib/jsdom/living/events/EventTarget-impl.js:286:3)
      at HTMLInputElementImpl._dispatch 
(node_modules/jsdom/lib/jsdom/living/events/EventTarget-impl.js:233:9)
      at HTMLInputElementImpl.dispatchEvent 
(node_modules/jsdom/lib/jsdom/living/events/EventTarget-impl.js:104:17)
      at HTMLInputElement.dispatchEvent 
(node_modules/jsdom/lib/jsdom/living/generated/EventTarget.js:241:34)
      at 
node_modules/@testing-library/user-event/dist/cjs/event/dispatchEvent.js:45:43
      at Object.eventWrapper 
(node_modules/@testing-library/dom/dist/config.js:25:23)
      at Object.wrapEvent 
(node_modules/@testing-library/user-event/dist/cjs/event/wrapEvent.js:6:28)
      at Object.dispatchEvent (node_modules/@testing-library/user-event/dist/cj
s/event/dispatchEvent.js:45:22)
      at Object.dispatchUIEvent (node_modules/@testing-library/user-event/dist/
cjs/event/dispatchEvent.js:22:26)
      at commitInput 
(node_modules/@testing-library/user-event/dist/cjs/event/input.js:145:14)
      at editInputElement 
(node_modules/@testing-library/user-event/dist/cjs/event/input.js:115:9)
      at Object.input 
(node_modules/@testing-library/user-event/dist/cjs/event/input.js:37:9)
      at node_modules/@testing-library/user-event/dist/cjs/event/behavior/keypr
ess.js:31:26
      at Object.dispatchEvent (node_modules/@testing-library/user-event/dist/cj
s/event/dispatchEvent.js:41:13)
      at Object.dispatchUIEvent (node_modules/@testing-library/user-event/dist/
cjs/event/dispatchEvent.js:22:26)
      at KeyboardHost.keydown 
(node_modules/@testing-library/user-event/dist/cjs/system/keyboard.js:76:22)
      at keyboardAction 
(node_modules/@testing-library/user-event/dist/cjs/keyboard/index.js:22:35)
      at Object.keyboard 
(node_modules/@testing-library/user-event/dist/cjs/keyboard/index.js:11:15)
      at Object.type 
(node_modules/@testing-library/user-event/dist/cjs/utility/type.js:17:5)
      at Object.<anonymous> (src/auth/auth.test.tsx:226:9)

    console.error
      Warning: An update to LoginForm inside a test was not wrapped in 
act(...).
      
      When testing, code that causes React state updates should be wrapped 
into act(...):
      
      act(() => {
        /* fire events that update state */
      });
      /* assert on the output */
      
      This ensures that you're testing the behavior the user would see in the 
browser. Learn more at https://reactjs.org/link/wrap-tests-with-act
          at LoginForm (C:\Users\samhe\OneDrive\Desktop\Cleaned\frontend\src\au
th\LoginForm\LoginForm.tsx:41:33)
          at div
          at div
          at LoginPage
          at routeContext (C:\Users\samhe\OneDrive\Desktop\Cleaned\frontend\nod
e_modules\react-router\lib\hooks.tsx:658:26)
          at children (C:\Users\samhe\OneDrive\Desktop\Cleaned\frontend\node_mo
dules\react-router\lib\components.tsx:512:3)
          at basenameProp (C:\Users\samhe\OneDrive\Desktop\Cleaned\frontend\nod
e_modules\react-router\lib\components.tsx:421:13)
          at basename (C:\Users\samhe\OneDrive\Desktop\Cleaned\frontend\node_mo
dules\react-router\lib\components.tsx:225:3)

      123 |                     placeholder="email@company.com"
      124 |                     value={email}
    > 125 |                     onChange={(e) => setEmail(e.target.value)}
          |                                      ^
      126 |                     className="w-full rounded-md border 
border-gray-300 px-3 py-2 text-sm focus:outline-none focus:ring-2 
focus:ring-gray-900 disabled:opacity-50"
      127 |                 />
      128 |             </div>

      at printWarning 
(node_modules/react-dom/cjs/react-dom.development.js:86:30)
      at error (node_modules/react-dom/cjs/react-dom.development.js:60:7)
      at warnIfUpdatesNotWrappedWithActDEV 
(node_modules/react-dom/cjs/react-dom.development.js:27628:9)
      at scheduleUpdateOnFiber 
(node_modules/react-dom/cjs/react-dom.development.js:25547:5)
      at dispatchSetState 
(node_modules/react-dom/cjs/react-dom.development.js:16708:7)
      at onChange (src/auth/LoginForm/LoginForm.tsx:125:38)
      at HTMLUnknownElement.callCallback 
(node_modules/react-dom/cjs/react-dom.development.js:4164:14)
      at HTMLUnknownElement.callTheUserObjectsOperation 
(node_modules/jsdom/lib/jsdom/living/generated/EventListener.js:26:30)
      at innerInvokeEventListeners 
(node_modules/jsdom/lib/jsdom/living/events/EventTarget-impl.js:350:25)
      at invokeEventListeners 
(node_modules/jsdom/lib/jsdom/living/events/EventTarget-impl.js:286:3)
      at HTMLUnknownElementImpl._dispatch 
(node_modules/jsdom/lib/jsdom/living/events/EventTarget-impl.js:233:9)
      at HTMLUnknownElementImpl.dispatchEvent 
(node_modules/jsdom/lib/jsdom/living/events/EventTarget-impl.js:104:17)
      at HTMLUnknownElement.dispatchEvent 
(node_modules/jsdom/lib/jsdom/living/generated/EventTarget.js:241:34)
      at Object.invokeGuardedCallbackDev 
(node_modules/react-dom/cjs/react-dom.development.js:4213:16)
      at invokeGuardedCallback 
(node_modules/react-dom/cjs/react-dom.development.js:4277:31)
      at invokeGuardedCallbackAndCatchFirstError 
(node_modules/react-dom/cjs/react-dom.development.js:4291:25)
      at executeDispatch 
(node_modules/react-dom/cjs/react-dom.development.js:9041:3)
      at processDispatchQueueItemsInOrder 
(node_modules/react-dom/cjs/react-dom.development.js:9073:7)
      at processDispatchQueue 
(node_modules/react-dom/cjs/react-dom.development.js:9086:5)
      at dispatchEventsForPlugins 
(node_modules/react-dom/cjs/react-dom.development.js:9097:3)
      at node_modules/react-dom/cjs/react-dom.development.js:9288:12
      at batchedUpdates$1 
(node_modules/react-dom/cjs/react-dom.development.js:26179:12)
      at batchedUpdates 
(node_modules/react-dom/cjs/react-dom.development.js:3991:12)
      at dispatchEventForPluginEventSystem 
(node_modules/react-dom/cjs/react-dom.development.js:9287:3)
      at dispatchEventWithEnableCapturePhaseSelectiveHydrationWithoutDiscreteEv
entReplay (node_modules/react-dom/cjs/react-dom.development.js:6465:5)
      at dispatchEvent 
(node_modules/react-dom/cjs/react-dom.development.js:6457:5)
      at dispatchDiscreteEvent 
(node_modules/react-dom/cjs/react-dom.development.js:6430:5)
      at HTMLDivElement.callTheUserObjectsOperation 
(node_modules/jsdom/lib/jsdom/living/generated/EventListener.js:26:30)
      at innerInvokeEventListeners 
(node_modules/jsdom/lib/jsdom/living/events/EventTarget-impl.js:350:25)
      at invokeEventListeners 
(node_modules/jsdom/lib/jsdom/living/events/EventTarget-impl.js:286:3)
      at HTMLInputElementImpl._dispatch 
(node_modules/jsdom/lib/jsdom/living/events/EventTarget-impl.js:233:9)
      at HTMLInputElementImpl.dispatchEvent 
(node_modules/jsdom/lib/jsdom/living/events/EventTarget-impl.js:104:17)
      at HTMLInputElement.dispatchEvent 
(node_modules/jsdom/lib/jsdom/living/generated/EventTarget.js:241:34)
      at 
node_modules/@testing-library/user-event/dist/cjs/event/dispatchEvent.js:45:43
      at Object.eventWrapper 
(node_modules/@testing-library/dom/dist/config.js:25:23)
      at Object.wrapEvent 
(node_modules/@testing-library/user-event/dist/cjs/event/wrapEvent.js:6:28)
      at Object.dispatchEvent (node_modules/@testing-library/user-event/dist/cj
s/event/dispatchEvent.js:45:22)
      at Object.dispatchUIEvent (node_modules/@testing-library/user-event/dist/
cjs/event/dispatchEvent.js:22:26)
      at commitInput 
(node_modules/@testing-library/user-event/dist/cjs/event/input.js:145:14)
      at editInputElement 
(node_modules/@testing-library/user-event/dist/cjs/event/input.js:115:9)
      at Object.input 
(node_modules/@testing-library/user-event/dist/cjs/event/input.js:37:9)
      at node_modules/@testing-library/user-event/dist/cjs/event/behavior/keypr
ess.js:31:26
      at Object.dispatchEvent (node_modules/@testing-library/user-event/dist/cj
s/event/dispatchEvent.js:41:13)
      at Object.dispatchUIEvent (node_modules/@testing-library/user-event/dist/
cjs/event/dispatchEvent.js:22:26)
      at KeyboardHost.keydown 
(node_modules/@testing-library/user-event/dist/cjs/system/keyboard.js:76:22)
      at keyboardAction 
(node_modules/@testing-library/user-event/dist/cjs/keyboard/index.js:22:35)
      at Object.keyboard 
(node_modules/@testing-library/user-event/dist/cjs/keyboard/index.js:11:15)
      at Object.type 
(node_modules/@testing-library/user-event/dist/cjs/utility/type.js:17:5)
      at Object.<anonymous> (src/auth/auth.test.tsx:226:9)

    console.error
      Warning: An update to LoginForm inside a test was not wrapped in 
act(...).
      
      When testing, code that causes React state updates should be wrapped 
into act(...):
      
      act(() => {
        /* fire events that update state */
      });
      /* assert on the output */
      
      This ensures that you're testing the behavior the user would see in the 
browser. Learn more at https://reactjs.org/link/wrap-tests-with-act
          at LoginForm (C:\Users\samhe\OneDrive\Desktop\Cleaned\frontend\src\au
th\LoginForm\LoginForm.tsx:41:33)
          at div
          at div
          at LoginPage
          at routeContext (C:\Users\samhe\OneDrive\Desktop\Cleaned\frontend\nod
e_modules\react-router\lib\hooks.tsx:658:26)
          at children (C:\Users\samhe\OneDrive\Desktop\Cleaned\frontend\node_mo
dules\react-router\lib\components.tsx:512:3)
          at basenameProp (C:\Users\samhe\OneDrive\Desktop\Cleaned\frontend\nod
e_modules\react-router\lib\components.tsx:421:13)
          at basename (C:\Users\samhe\OneDrive\Desktop\Cleaned\frontend\node_mo
dules\react-router\lib\components.tsx:225:3)

      123 |                     placeholder="email@company.com"
      124 |                     value={email}
    > 125 |                     onChange={(e) => setEmail(e.target.value)}
          |                                      ^
      126 |                     className="w-full rounded-md border 
border-gray-300 px-3 py-2 text-sm focus:outline-none focus:ring-2 
focus:ring-gray-900 disabled:opacity-50"
      127 |                 />
      128 |             </div>

      at printWarning 
(node_modules/react-dom/cjs/react-dom.development.js:86:30)
      at error (node_modules/react-dom/cjs/react-dom.development.js:60:7)
      at warnIfUpdatesNotWrappedWithActDEV 
(node_modules/react-dom/cjs/react-dom.development.js:27628:9)
      at scheduleUpdateOnFiber 
(node_modules/react-dom/cjs/react-dom.development.js:25547:5)
      at dispatchSetState 
(node_modules/react-dom/cjs/react-dom.development.js:16708:7)
      at onChange (src/auth/LoginForm/LoginForm.tsx:125:38)
      at HTMLUnknownElement.callCallback 
(node_modules/react-dom/cjs/react-dom.development.js:4164:14)
      at HTMLUnknownElement.callTheUserObjectsOperation 
(node_modules/jsdom/lib/jsdom/living/generated/EventListener.js:26:30)
      at innerInvokeEventListeners 
(node_modules/jsdom/lib/jsdom/living/events/EventTarget-impl.js:350:25)
      at invokeEventListeners 
(node_modules/jsdom/lib/jsdom/living/events/EventTarget-impl.js:286:3)
      at HTMLUnknownElementImpl._dispatch 
(node_modules/jsdom/lib/jsdom/living/events/EventTarget-impl.js:233:9)
      at HTMLUnknownElementImpl.dispatchEvent 
(node_modules/jsdom/lib/jsdom/living/events/EventTarget-impl.js:104:17)
      at HTMLUnknownElement.dispatchEvent 
(node_modules/jsdom/lib/jsdom/living/generated/EventTarget.js:241:34)
      at Object.invokeGuardedCallbackDev 
(node_modules/react-dom/cjs/react-dom.development.js:4213:16)
      at invokeGuardedCallback 
(node_modules/react-dom/cjs/react-dom.development.js:4277:31)
      at invokeGuardedCallbackAndCatchFirstError 
(node_modules/react-dom/cjs/react-dom.development.js:4291:25)
      at executeDispatch 
(node_modules/react-dom/cjs/react-dom.development.js:9041:3)
      at processDispatchQueueItemsInOrder 
(node_modules/react-dom/cjs/react-dom.development.js:9073:7)
      at processDispatchQueue 
(node_modules/react-dom/cjs/react-dom.development.js:9086:5)
      at dispatchEventsForPlugins 
(node_modules/react-dom/cjs/react-dom.development.js:9097:3)
      at node_modules/react-dom/cjs/react-dom.development.js:9288:12
      at batchedUpdates$1 
(node_modules/react-dom/cjs/react-dom.development.js:26179:12)
      at batchedUpdates 
(node_modules/react-dom/cjs/react-dom.development.js:3991:12)
      at dispatchEventForPluginEventSystem 
(node_modules/react-dom/cjs/react-dom.development.js:9287:3)
      at dispatchEventWithEnableCapturePhaseSelectiveHydrationWithoutDiscreteEv
entReplay (node_modules/react-dom/cjs/react-dom.development.js:6465:5)
      at dispatchEvent 
(node_modules/react-dom/cjs/react-dom.development.js:6457:5)
      at dispatchDiscreteEvent 
(node_modules/react-dom/cjs/react-dom.development.js:6430:5)
      at HTMLDivElement.callTheUserObjectsOperation 
(node_modules/jsdom/lib/jsdom/living/generated/EventListener.js:26:30)
      at innerInvokeEventListeners 
(node_modules/jsdom/lib/jsdom/living/events/EventTarget-impl.js:350:25)
      at invokeEventListeners 
(node_modules/jsdom/lib/jsdom/living/events/EventTarget-impl.js:286:3)
      at HTMLInputElementImpl._dispatch 
(node_modules/jsdom/lib/jsdom/living/events/EventTarget-impl.js:233:9)
      at HTMLInputElementImpl.dispatchEvent 
(node_modules/jsdom/lib/jsdom/living/events/EventTarget-impl.js:104:17)
      at HTMLInputElement.dispatchEvent 
(node_modules/jsdom/lib/jsdom/living/generated/EventTarget.js:241:34)
      at 
node_modules/@testing-library/user-event/dist/cjs/event/dispatchEvent.js:45:43
      at Object.eventWrapper 
(node_modules/@testing-library/dom/dist/config.js:25:23)
      at Object.wrapEvent 
(node_modules/@testing-library/user-event/dist/cjs/event/wrapEvent.js:6:28)
      at Object.dispatchEvent (node_modules/@testing-library/user-event/dist/cj
s/event/dispatchEvent.js:45:22)
      at Object.dispatchUIEvent (node_modules/@testing-library/user-event/dist/
cjs/event/dispatchEvent.js:22:26)
      at commitInput 
(node_modules/@testing-library/user-event/dist/cjs/event/input.js:145:14)
      at editInputElement 
(node_modules/@testing-library/user-event/dist/cjs/event/input.js:115:9)
      at Object.input 
(node_modules/@testing-library/user-event/dist/cjs/event/input.js:37:9)
      at node_modules/@testing-library/user-event/dist/cjs/event/behavior/keypr
ess.js:31:26
      at Object.dispatchEvent (node_modules/@testing-library/user-event/dist/cj
s/event/dispatchEvent.js:41:13)
      at Object.dispatchUIEvent (node_modules/@testing-library/user-event/dist/
cjs/event/dispatchEvent.js:22:26)
      at KeyboardHost.keydown 
(node_modules/@testing-library/user-event/dist/cjs/system/keyboard.js:76:22)
      at keyboardAction 
(node_modules/@testing-library/user-event/dist/cjs/keyboard/index.js:22:35)
      at Object.keyboard 
(node_modules/@testing-library/user-event/dist/cjs/keyboard/index.js:11:15)
      at Object.type 
(node_modules/@testing-library/user-event/dist/cjs/utility/type.js:17:5)
      at Object.<anonymous> (src/auth/auth.test.tsx:226:9)

    console.error
      Warning: An update to LoginForm inside a test was not wrapped in 
act(...).
      
      When testing, code that causes React state updates should be wrapped 
into act(...):
      
      act(() => {
        /* fire events that update state */
      });
      /* assert on the output */
      
      This ensures that you're testing the behavior the user would see in the 
browser. Learn more at https://reactjs.org/link/wrap-tests-with-act
          at LoginForm (C:\Users\samhe\OneDrive\Desktop\Cleaned\frontend\src\au
th\LoginForm\LoginForm.tsx:41:33)
          at div
          at div
          at LoginPage
          at routeContext (C:\Users\samhe\OneDrive\Desktop\Cleaned\frontend\nod
e_modules\react-router\lib\hooks.tsx:658:26)
          at children (C:\Users\samhe\OneDrive\Desktop\Cleaned\frontend\node_mo
dules\react-router\lib\components.tsx:512:3)
          at basenameProp (C:\Users\samhe\OneDrive\Desktop\Cleaned\frontend\nod
e_modules\react-router\lib\components.tsx:421:13)
          at basename (C:\Users\samhe\OneDrive\Desktop\Cleaned\frontend\node_mo
dules\react-router\lib\components.tsx:225:3)

      123 |                     placeholder="email@company.com"
      124 |                     value={email}
    > 125 |                     onChange={(e) => setEmail(e.target.value)}
          |                                      ^
      126 |                     className="w-full rounded-md border 
border-gray-300 px-3 py-2 text-sm focus:outline-none focus:ring-2 
focus:ring-gray-900 disabled:opacity-50"
      127 |                 />
      128 |             </div>

      at printWarning 
(node_modules/react-dom/cjs/react-dom.development.js:86:30)
      at error (node_modules/react-dom/cjs/react-dom.development.js:60:7)
      at warnIfUpdatesNotWrappedWithActDEV 
(node_modules/react-dom/cjs/react-dom.development.js:27628:9)
      at scheduleUpdateOnFiber 
(node_modules/react-dom/cjs/react-dom.development.js:25547:5)
      at dispatchSetState 
(node_modules/react-dom/cjs/react-dom.development.js:16708:7)
      at onChange (src/auth/LoginForm/LoginForm.tsx:125:38)
      at HTMLUnknownElement.callCallback 
(node_modules/react-dom/cjs/react-dom.development.js:4164:14)
      at HTMLUnknownElement.callTheUserObjectsOperation 
(node_modules/jsdom/lib/jsdom/living/generated/EventListener.js:26:30)
      at innerInvokeEventListeners 
(node_modules/jsdom/lib/jsdom/living/events/EventTarget-impl.js:350:25)
      at invokeEventListeners 
(node_modules/jsdom/lib/jsdom/living/events/EventTarget-impl.js:286:3)
      at HTMLUnknownElementImpl._dispatch 
(node_modules/jsdom/lib/jsdom/living/events/EventTarget-impl.js:233:9)
      at HTMLUnknownElementImpl.dispatchEvent 
(node_modules/jsdom/lib/jsdom/living/events/EventTarget-impl.js:104:17)
      at HTMLUnknownElement.dispatchEvent 
(node_modules/jsdom/lib/jsdom/living/generated/EventTarget.js:241:34)
      at Object.invokeGuardedCallbackDev 
(node_modules/react-dom/cjs/react-dom.development.js:4213:16)
      at invokeGuardedCallback 
(node_modules/react-dom/cjs/react-dom.development.js:4277:31)
      at invokeGuardedCallbackAndCatchFirstError 
(node_modules/react-dom/cjs/react-dom.development.js:4291:25)
      at executeDispatch 
(node_modules/react-dom/cjs/react-dom.development.js:9041:3)
      at processDispatchQueueItemsInOrder 
(node_modules/react-dom/cjs/react-dom.development.js:9073:7)
      at processDispatchQueue 
(node_modules/react-dom/cjs/react-dom.development.js:9086:5)
      at dispatchEventsForPlugins 
(node_modules/react-dom/cjs/react-dom.development.js:9097:3)
      at node_modules/react-dom/cjs/react-dom.development.js:9288:12
      at batchedUpdates$1 
(node_modules/react-dom/cjs/react-dom.development.js:26179:12)
      at batchedUpdates 
(node_modules/react-dom/cjs/react-dom.development.js:3991:12)
      at dispatchEventForPluginEventSystem 
(node_modules/react-dom/cjs/react-dom.development.js:9287:3)
      at dispatchEventWithEnableCapturePhaseSelectiveHydrationWithoutDiscreteEv
entReplay (node_modules/react-dom/cjs/react-dom.development.js:6465:5)
      at dispatchEvent 
(node_modules/react-dom/cjs/react-dom.development.js:6457:5)
      at dispatchDiscreteEvent 
(node_modules/react-dom/cjs/react-dom.development.js:6430:5)
      at HTMLDivElement.callTheUserObjectsOperation 
(node_modules/jsdom/lib/jsdom/living/generated/EventListener.js:26:30)
      at innerInvokeEventListeners 
(node_modules/jsdom/lib/jsdom/living/events/EventTarget-impl.js:350:25)
      at invokeEventListeners 
(node_modules/jsdom/lib/jsdom/living/events/EventTarget-impl.js:286:3)
      at HTMLInputElementImpl._dispatch 
(node_modules/jsdom/lib/jsdom/living/events/EventTarget-impl.js:233:9)
      at HTMLInputElementImpl.dispatchEvent 
(node_modules/jsdom/lib/jsdom/living/events/EventTarget-impl.js:104:17)
      at HTMLInputElement.dispatchEvent 
(node_modules/jsdom/lib/jsdom/living/generated/EventTarget.js:241:34)
      at 
node_modules/@testing-library/user-event/dist/cjs/event/dispatchEvent.js:45:43
      at Object.eventWrapper 
(node_modules/@testing-library/dom/dist/config.js:25:23)
      at Object.wrapEvent 
(node_modules/@testing-library/user-event/dist/cjs/event/wrapEvent.js:6:28)
      at Object.dispatchEvent (node_modules/@testing-library/user-event/dist/cj
s/event/dispatchEvent.js:45:22)
      at Object.dispatchUIEvent (node_modules/@testing-library/user-event/dist/
cjs/event/dispatchEvent.js:22:26)
      at commitInput 
(node_modules/@testing-library/user-event/dist/cjs/event/input.js:145:14)
      at editInputElement 
(node_modules/@testing-library/user-event/dist/cjs/event/input.js:115:9)
      at Object.input 
(node_modules/@testing-library/user-event/dist/cjs/event/input.js:37:9)
      at node_modules/@testing-library/user-event/dist/cjs/event/behavior/keypr
ess.js:31:26
      at Object.dispatchEvent (node_modules/@testing-library/user-event/dist/cj
s/event/dispatchEvent.js:41:13)
      at Object.dispatchUIEvent (node_modules/@testing-library/user-event/dist/
cjs/event/dispatchEvent.js:22:26)
      at KeyboardHost.keydown 
(node_modules/@testing-library/user-event/dist/cjs/system/keyboard.js:76:22)
      at keyboardAction 
(node_modules/@testing-library/user-event/dist/cjs/keyboard/index.js:22:35)
      at Object.keyboard 
(node_modules/@testing-library/user-event/dist/cjs/keyboard/index.js:11:15)
      at Object.type 
(node_modules/@testing-library/user-event/dist/cjs/utility/type.js:17:5)
      at Object.<anonymous> (src/auth/auth.test.tsx:226:9)

    console.error
      Warning: An update to LoginForm inside a test was not wrapped in 
act(...).
      
      When testing, code that causes React state updates should be wrapped 
into act(...):
      
      act(() => {
        /* fire events that update state */
      });
      /* assert on the output */
      
      This ensures that you're testing the behavior the user would see in the 
browser. Learn more at https://reactjs.org/link/wrap-tests-with-act
          at LoginForm (C:\Users\samhe\OneDrive\Desktop\Cleaned\frontend\src\au
th\LoginForm\LoginForm.tsx:41:33)
          at div
          at div
          at LoginPage
          at routeContext (C:\Users\samhe\OneDrive\Desktop\Cleaned\frontend\nod
e_modules\react-router\lib\hooks.tsx:658:26)
          at children (C:\Users\samhe\OneDrive\Desktop\Cleaned\frontend\node_mo
dules\react-router\lib\components.tsx:512:3)
          at basenameProp (C:\Users\samhe\OneDrive\Desktop\Cleaned\frontend\nod
e_modules\react-router\lib\components.tsx:421:13)
          at basename (C:\Users\samhe\OneDrive\Desktop\Cleaned\frontend\node_mo
dules\react-router\lib\components.tsx:225:3)

      123 |                     placeholder="email@company.com"
      124 |                     value={email}
    > 125 |                     onChange={(e) => setEmail(e.target.value)}
          |                                      ^
      126 |                     className="w-full rounded-md border 
border-gray-300 px-3 py-2 text-sm focus:outline-none focus:ring-2 
focus:ring-gray-900 disabled:opacity-50"
      127 |                 />
      128 |             </div>

      at printWarning 
(node_modules/react-dom/cjs/react-dom.development.js:86:30)
      at error (node_modules/react-dom/cjs/react-dom.development.js:60:7)
      at warnIfUpdatesNotWrappedWithActDEV 
(node_modules/react-dom/cjs/react-dom.development.js:27628:9)
      at scheduleUpdateOnFiber 
(node_modules/react-dom/cjs/react-dom.development.js:25547:5)
      at dispatchSetState 
(node_modules/react-dom/cjs/react-dom.development.js:16708:7)
      at onChange (src/auth/LoginForm/LoginForm.tsx:125:38)
      at HTMLUnknownElement.callCallback 
(node_modules/react-dom/cjs/react-dom.development.js:4164:14)
      at HTMLUnknownElement.callTheUserObjectsOperation 
(node_modules/jsdom/lib/jsdom/living/generated/EventListener.js:26:30)
      at innerInvokeEventListeners 
(node_modules/jsdom/lib/jsdom/living/events/EventTarget-impl.js:350:25)
      at invokeEventListeners 
(node_modules/jsdom/lib/jsdom/living/events/EventTarget-impl.js:286:3)
      at HTMLUnknownElementImpl._dispatch 
(node_modules/jsdom/lib/jsdom/living/events/EventTarget-impl.js:233:9)
      at HTMLUnknownElementImpl.dispatchEvent 
(node_modules/jsdom/lib/jsdom/living/events/EventTarget-impl.js:104:17)
      at HTMLUnknownElement.dispatchEvent 
(node_modules/jsdom/lib/jsdom/living/generated/EventTarget.js:241:34)
      at Object.invokeGuardedCallbackDev 
(node_modules/react-dom/cjs/react-dom.development.js:4213:16)
      at invokeGuardedCallback 
(node_modules/react-dom/cjs/react-dom.development.js:4277:31)
      at invokeGuardedCallbackAndCatchFirstError 
(node_modules/react-dom/cjs/react-dom.development.js:4291:25)
      at executeDispatch 
(node_modules/react-dom/cjs/react-dom.development.js:9041:3)
      at processDispatchQueueItemsInOrder 
(node_modules/react-dom/cjs/react-dom.development.js:9073:7)
      at processDispatchQueue 
(node_modules/react-dom/cjs/react-dom.development.js:9086:5)
      at dispatchEventsForPlugins 
(node_modules/react-dom/cjs/react-dom.development.js:9097:3)
      at node_modules/react-dom/cjs/react-dom.development.js:9288:12
      at batchedUpdates$1 
(node_modules/react-dom/cjs/react-dom.development.js:26179:12)
      at batchedUpdates 
(node_modules/react-dom/cjs/react-dom.development.js:3991:12)
      at dispatchEventForPluginEventSystem 
(node_modules/react-dom/cjs/react-dom.development.js:9287:3)
      at dispatchEventWithEnableCapturePhaseSelectiveHydrationWithoutDiscreteEv
entReplay (node_modules/react-dom/cjs/react-dom.development.js:6465:5)
      at dispatchEvent 
(node_modules/react-dom/cjs/react-dom.development.js:6457:5)
      at dispatchDiscreteEvent 
(node_modules/react-dom/cjs/react-dom.development.js:6430:5)
      at HTMLDivElement.callTheUserObjectsOperation 
(node_modules/jsdom/lib/jsdom/living/generated/EventListener.js:26:30)
      at innerInvokeEventListeners 
(node_modules/jsdom/lib/jsdom/living/events/EventTarget-impl.js:350:25)
      at invokeEventListeners 
(node_modules/jsdom/lib/jsdom/living/events/EventTarget-impl.js:286:3)
      at HTMLInputElementImpl._dispatch 
(node_modules/jsdom/lib/jsdom/living/events/EventTarget-impl.js:233:9)
      at HTMLInputElementImpl.dispatchEvent 
(node_modules/jsdom/lib/jsdom/living/events/EventTarget-impl.js:104:17)
      at HTMLInputElement.dispatchEvent 
(node_modules/jsdom/lib/jsdom/living/generated/EventTarget.js:241:34)
      at 
node_modules/@testing-library/user-event/dist/cjs/event/dispatchEvent.js:45:43
      at Object.eventWrapper 
(node_modules/@testing-library/dom/dist/config.js:25:23)
      at Object.wrapEvent 
(node_modules/@testing-library/user-event/dist/cjs/event/wrapEvent.js:6:28)
      at Object.dispatchEvent (node_modules/@testing-library/user-event/dist/cj
s/event/dispatchEvent.js:45:22)
      at Object.dispatchUIEvent (node_modules/@testing-library/user-event/dist/
cjs/event/dispatchEvent.js:22:26)
      at commitInput 
(node_modules/@testing-library/user-event/dist/cjs/event/input.js:145:14)
      at editInputElement 
(node_modules/@testing-library/user-event/dist/cjs/event/input.js:115:9)
      at Object.input 
(node_modules/@testing-library/user-event/dist/cjs/event/input.js:37:9)
      at node_modules/@testing-library/user-event/dist/cjs/event/behavior/keypr
ess.js:31:26
      at Object.dispatchEvent (node_modules/@testing-library/user-event/dist/cj
s/event/dispatchEvent.js:41:13)
      at Object.dispatchUIEvent (node_modules/@testing-library/user-event/dist/
cjs/event/dispatchEvent.js:22:26)
      at KeyboardHost.keydown 
(node_modules/@testing-library/user-event/dist/cjs/system/keyboard.js:76:22)
      at keyboardAction 
(node_modules/@testing-library/user-event/dist/cjs/keyboard/index.js:22:35)
      at Object.keyboard 
(node_modules/@testing-library/user-event/dist/cjs/keyboard/index.js:11:15)
      at Object.type 
(node_modules/@testing-library/user-event/dist/cjs/utility/type.js:17:5)
      at Object.<anonymous> (src/auth/auth.test.tsx:226:9)

    console.error
      Warning: An update to LoginForm inside a test was not wrapped in 
act(...).
      
      When testing, code that causes React state updates should be wrapped 
into act(...):
      
      act(() => {
        /* fire events that update state */
      });
      /* assert on the output */
      
      This ensures that you're testing the behavior the user would see in the 
browser. Learn more at https://reactjs.org/link/wrap-tests-with-act
          at LoginForm (C:\Users\samhe\OneDrive\Desktop\Cleaned\frontend\src\au
th\LoginForm\LoginForm.tsx:41:33)
          at div
          at div
          at LoginPage
          at routeContext (C:\Users\samhe\OneDrive\Desktop\Cleaned\frontend\nod
e_modules\react-router\lib\hooks.tsx:658:26)
          at children (C:\Users\samhe\OneDrive\Desktop\Cleaned\frontend\node_mo
dules\react-router\lib\components.tsx:512:3)
          at basenameProp (C:\Users\samhe\OneDrive\Desktop\Cleaned\frontend\nod
e_modules\react-router\lib\components.tsx:421:13)
          at basename (C:\Users\samhe\OneDrive\Desktop\Cleaned\frontend\node_mo
dules\react-router\lib\components.tsx:225:3)

      141 |                         placeholder="Enter your password"
      142 |                         value={password}
    > 143 |                         onChange={(e) => 
setPassword(e.target.value)}
          |                                          ^
      144 |                         className="w-full rounded-md border 
border-gray-300 px-3 py-2 pr-10 text-sm focus:outline-none focus:ring-2 
focus:ring-gray-900 disabled:opacity-50"
      145 |                     />
      146 |                     <button

      at printWarning 
(node_modules/react-dom/cjs/react-dom.development.js:86:30)
      at error (node_modules/react-dom/cjs/react-dom.development.js:60:7)
      at warnIfUpdatesNotWrappedWithActDEV 
(node_modules/react-dom/cjs/react-dom.development.js:27628:9)
      at scheduleUpdateOnFiber 
(node_modules/react-dom/cjs/react-dom.development.js:25547:5)
      at dispatchSetState 
(node_modules/react-dom/cjs/react-dom.development.js:16708:7)
      at onChange (src/auth/LoginForm/LoginForm.tsx:143:42)
      at HTMLUnknownElement.callCallback 
(node_modules/react-dom/cjs/react-dom.development.js:4164:14)
      at HTMLUnknownElement.callTheUserObjectsOperation 
(node_modules/jsdom/lib/jsdom/living/generated/EventListener.js:26:30)
      at innerInvokeEventListeners 
(node_modules/jsdom/lib/jsdom/living/events/EventTarget-impl.js:350:25)
      at invokeEventListeners 
(node_modules/jsdom/lib/jsdom/living/events/EventTarget-impl.js:286:3)
      at HTMLUnknownElementImpl._dispatch 
(node_modules/jsdom/lib/jsdom/living/events/EventTarget-impl.js:233:9)
      at HTMLUnknownElementImpl.dispatchEvent 
(node_modules/jsdom/lib/jsdom/living/events/EventTarget-impl.js:104:17)
      at HTMLUnknownElement.dispatchEvent 
(node_modules/jsdom/lib/jsdom/living/generated/EventTarget.js:241:34)
      at Object.invokeGuardedCallbackDev 
(node_modules/react-dom/cjs/react-dom.development.js:4213:16)
      at invokeGuardedCallback 
(node_modules/react-dom/cjs/react-dom.development.js:4277:31)
      at invokeGuardedCallbackAndCatchFirstError 
(node_modules/react-dom/cjs/react-dom.development.js:4291:25)
      at executeDispatch 
(node_modules/react-dom/cjs/react-dom.development.js:9041:3)
      at processDispatchQueueItemsInOrder 
(node_modules/react-dom/cjs/react-dom.development.js:9073:7)
      at processDispatchQueue 
(node_modules/react-dom/cjs/react-dom.development.js:9086:5)
      at dispatchEventsForPlugins 
(node_modules/react-dom/cjs/react-dom.development.js:9097:3)
      at node_modules/react-dom/cjs/react-dom.development.js:9288:12
      at batchedUpdates$1 
(node_modules/react-dom/cjs/react-dom.development.js:26179:12)
      at batchedUpdates 
(node_modules/react-dom/cjs/react-dom.development.js:3991:12)
      at dispatchEventForPluginEventSystem 
(node_modules/react-dom/cjs/react-dom.development.js:9287:3)
      at dispatchEventWithEnableCapturePhaseSelectiveHydrationWithoutDiscreteEv
entReplay (node_modules/react-dom/cjs/react-dom.development.js:6465:5)
      at dispatchEvent 
(node_modules/react-dom/cjs/react-dom.development.js:6457:5)
      at dispatchDiscreteEvent 
(node_modules/react-dom/cjs/react-dom.development.js:6430:5)
      at HTMLDivElement.callTheUserObjectsOperation 
(node_modules/jsdom/lib/jsdom/living/generated/EventListener.js:26:30)
      at innerInvokeEventListeners 
(node_modules/jsdom/lib/jsdom/living/events/EventTarget-impl.js:350:25)
      at invokeEventListeners 
(node_modules/jsdom/lib/jsdom/living/events/EventTarget-impl.js:286:3)
      at HTMLInputElementImpl._dispatch 
(node_modules/jsdom/lib/jsdom/living/events/EventTarget-impl.js:233:9)
      at HTMLInputElementImpl.dispatchEvent 
(node_modules/jsdom/lib/jsdom/living/events/EventTarget-impl.js:104:17)
      at HTMLInputElement.dispatchEvent 
(node_modules/jsdom/lib/jsdom/living/generated/EventTarget.js:241:34)
      at 
node_modules/@testing-library/user-event/dist/cjs/event/dispatchEvent.js:45:43
      at Object.eventWrapper 
(node_modules/@testing-library/dom/dist/config.js:25:23)
      at Object.wrapEvent 
(node_modules/@testing-library/user-event/dist/cjs/event/wrapEvent.js:6:28)
      at Object.dispatchEvent (node_modules/@testing-library/user-event/dist/cj
s/event/dispatchEvent.js:45:22)
      at Object.dispatchUIEvent (node_modules/@testing-library/user-event/dist/
cjs/event/dispatchEvent.js:22:26)
      at commitInput 
(node_modules/@testing-library/user-event/dist/cjs/event/input.js:145:14)
      at editInputElement 
(node_modules/@testing-library/user-event/dist/cjs/event/input.js:115:9)
      at Object.input 
(node_modules/@testing-library/user-event/dist/cjs/event/input.js:37:9)
      at node_modules/@testing-library/user-event/dist/cjs/event/behavior/keypr
ess.js:31:26
      at Object.dispatchEvent (node_modules/@testing-library/user-event/dist/cj
s/event/dispatchEvent.js:41:13)
      at Object.dispatchUIEvent (node_modules/@testing-library/user-event/dist/
cjs/event/dispatchEvent.js:22:26)
      at KeyboardHost.keydown 
(node_modules/@testing-library/user-event/dist/cjs/system/keyboard.js:76:22)
      at keyboardAction 
(node_modules/@testing-library/user-event/dist/cjs/keyboard/index.js:22:35)
      at Object.keyboard 
(node_modules/@testing-library/user-event/dist/cjs/keyboard/index.js:11:15)
      at Object.type 
(node_modules/@testing-library/user-event/dist/cjs/utility/type.js:17:5)
      at Object.<anonymous> (src/auth/auth.test.tsx:227:9)

    console.error
      Warning: An update to LoginForm inside a test was not wrapped in 
act(...).
      
      When testing, code that causes React state updates should be wrapped 
into act(...):
      
      act(() => {
        /* fire events that update state */
      });
      /* assert on the output */
      
      This ensures that you're testing the behavior the user would see in the 
browser. Learn more at https://reactjs.org/link/wrap-tests-with-act
          at LoginForm (C:\Users\samhe\OneDrive\Desktop\Cleaned\frontend\src\au
th\LoginForm\LoginForm.tsx:41:33)
          at div
          at div
          at LoginPage
          at routeContext (C:\Users\samhe\OneDrive\Desktop\Cleaned\frontend\nod
e_modules\react-router\lib\hooks.tsx:658:26)
          at children (C:\Users\samhe\OneDrive\Desktop\Cleaned\frontend\node_mo
dules\react-router\lib\components.tsx:512:3)
          at basenameProp (C:\Users\samhe\OneDrive\Desktop\Cleaned\frontend\nod
e_modules\react-router\lib\components.tsx:421:13)
          at basename (C:\Users\samhe\OneDrive\Desktop\Cleaned\frontend\node_mo
dules\react-router\lib\components.tsx:225:3)

      141 |                         placeholder="Enter your password"
      142 |                         value={password}
    > 143 |                         onChange={(e) => 
setPassword(e.target.value)}
          |                                          ^
      144 |                         className="w-full rounded-md border 
border-gray-300 px-3 py-2 pr-10 text-sm focus:outline-none focus:ring-2 
focus:ring-gray-900 disabled:opacity-50"
      145 |                     />
      146 |                     <button

      at printWarning 
(node_modules/react-dom/cjs/react-dom.development.js:86:30)
      at error (node_modules/react-dom/cjs/react-dom.development.js:60:7)
      at warnIfUpdatesNotWrappedWithActDEV 
(node_modules/react-dom/cjs/react-dom.development.js:27628:9)
      at scheduleUpdateOnFiber 
(node_modules/react-dom/cjs/react-dom.development.js:25547:5)
      at dispatchSetState 
(node_modules/react-dom/cjs/react-dom.development.js:16708:7)
      at onChange (src/auth/LoginForm/LoginForm.tsx:143:42)
      at HTMLUnknownElement.callCallback 
(node_modules/react-dom/cjs/react-dom.development.js:4164:14)
      at HTMLUnknownElement.callTheUserObjectsOperation 
(node_modules/jsdom/lib/jsdom/living/generated/EventListener.js:26:30)
      at innerInvokeEventListeners 
(node_modules/jsdom/lib/jsdom/living/events/EventTarget-impl.js:350:25)
      at invokeEventListeners 
(node_modules/jsdom/lib/jsdom/living/events/EventTarget-impl.js:286:3)
      at HTMLUnknownElementImpl._dispatch 
(node_modules/jsdom/lib/jsdom/living/events/EventTarget-impl.js:233:9)
      at HTMLUnknownElementImpl.dispatchEvent 
(node_modules/jsdom/lib/jsdom/living/events/EventTarget-impl.js:104:17)
      at HTMLUnknownElement.dispatchEvent 
(node_modules/jsdom/lib/jsdom/living/generated/EventTarget.js:241:34)
      at Object.invokeGuardedCallbackDev 
(node_modules/react-dom/cjs/react-dom.development.js:4213:16)
      at invokeGuardedCallback 
(node_modules/react-dom/cjs/react-dom.development.js:4277:31)
      at invokeGuardedCallbackAndCatchFirstError 
(node_modules/react-dom/cjs/react-dom.development.js:4291:25)
      at executeDispatch 
(node_modules/react-dom/cjs/react-dom.development.js:9041:3)
      at processDispatchQueueItemsInOrder 
(node_modules/react-dom/cjs/react-dom.development.js:9073:7)
      at processDispatchQueue 
(node_modules/react-dom/cjs/react-dom.development.js:9086:5)
      at dispatchEventsForPlugins 
(node_modules/react-dom/cjs/react-dom.development.js:9097:3)
      at node_modules/react-dom/cjs/react-dom.development.js:9288:12
      at batchedUpdates$1 
(node_modules/react-dom/cjs/react-dom.development.js:26179:12)
      at batchedUpdates 
(node_modules/react-dom/cjs/react-dom.development.js:3991:12)
      at dispatchEventForPluginEventSystem 
(node_modules/react-dom/cjs/react-dom.development.js:9287:3)
      at dispatchEventWithEnableCapturePhaseSelectiveHydrationWithoutDiscreteEv
entReplay (node_modules/react-dom/cjs/react-dom.development.js:6465:5)
      at dispatchEvent 
(node_modules/react-dom/cjs/react-dom.development.js:6457:5)
      at dispatchDiscreteEvent 
(node_modules/react-dom/cjs/react-dom.development.js:6430:5)
      at HTMLDivElement.callTheUserObjectsOperation 
(node_modules/jsdom/lib/jsdom/living/generated/EventListener.js:26:30)
      at innerInvokeEventListeners 
(node_modules/jsdom/lib/jsdom/living/events/EventTarget-impl.js:350:25)
      at invokeEventListeners 
(node_modules/jsdom/lib/jsdom/living/events/EventTarget-impl.js:286:3)
      at HTMLInputElementImpl._dispatch 
(node_modules/jsdom/lib/jsdom/living/events/EventTarget-impl.js:233:9)
      at HTMLInputElementImpl.dispatchEvent 
(node_modules/jsdom/lib/jsdom/living/events/EventTarget-impl.js:104:17)
      at HTMLInputElement.dispatchEvent 
(node_modules/jsdom/lib/jsdom/living/generated/EventTarget.js:241:34)
      at 
node_modules/@testing-library/user-event/dist/cjs/event/dispatchEvent.js:45:43
      at Object.eventWrapper 
(node_modules/@testing-library/dom/dist/config.js:25:23)
      at Object.wrapEvent 
(node_modules/@testing-library/user-event/dist/cjs/event/wrapEvent.js:6:28)
      at Object.dispatchEvent (node_modules/@testing-library/user-event/dist/cj
s/event/dispatchEvent.js:45:22)
      at Object.dispatchUIEvent (node_modules/@testing-library/user-event/dist/
cjs/event/dispatchEvent.js:22:26)
      at commitInput 
(node_modules/@testing-library/user-event/dist/cjs/event/input.js:145:14)
      at editInputElement 
(node_modules/@testing-library/user-event/dist/cjs/event/input.js:115:9)
      at Object.input 
(node_modules/@testing-library/user-event/dist/cjs/event/input.js:37:9)
      at node_modules/@testing-library/user-event/dist/cjs/event/behavior/keypr
ess.js:31:26
      at Object.dispatchEvent (node_modules/@testing-library/user-event/dist/cj
s/event/dispatchEvent.js:41:13)
      at Object.dispatchUIEvent (node_modules/@testing-library/user-event/dist/
cjs/event/dispatchEvent.js:22:26)
      at KeyboardHost.keydown 
(node_modules/@testing-library/user-event/dist/cjs/system/keyboard.js:76:22)
      at keyboardAction 
(node_modules/@testing-library/user-event/dist/cjs/keyboard/index.js:22:35)
      at Object.keyboard 
(node_modules/@testing-library/user-event/dist/cjs/keyboard/index.js:11:15)
      at Object.type 
(node_modules/@testing-library/user-event/dist/cjs/utility/type.js:17:5)
      at Object.<anonymous> (src/auth/auth.test.tsx:227:9)

    console.error
      Warning: An update to LoginForm inside a test was not wrapped in 
act(...).
      
      When testing, code that causes React state updates should be wrapped 
into act(...):
      
      act(() => {
        /* fire events that update state */
      });
      /* assert on the output */
      
      This ensures that you're testing the behavior the user would see in the 
browser. Learn more at https://reactjs.org/link/wrap-tests-with-act
          at LoginForm (C:\Users\samhe\OneDrive\Desktop\Cleaned\frontend\src\au
th\LoginForm\LoginForm.tsx:41:33)
          at div
          at div
          at LoginPage
          at routeContext (C:\Users\samhe\OneDrive\Desktop\Cleaned\frontend\nod
e_modules\react-router\lib\hooks.tsx:658:26)
          at children (C:\Users\samhe\OneDrive\Desktop\Cleaned\frontend\node_mo
dules\react-router\lib\components.tsx:512:3)
          at basenameProp (C:\Users\samhe\OneDrive\Desktop\Cleaned\frontend\nod
e_modules\react-router\lib\components.tsx:421:13)
          at basename (C:\Users\samhe\OneDrive\Desktop\Cleaned\frontend\node_mo
dules\react-router\lib\components.tsx:225:3)

      141 |                         placeholder="Enter your password"
      142 |                         value={password}
    > 143 |                         onChange={(e) => 
setPassword(e.target.value)}
          |                                          ^
      144 |                         className="w-full rounded-md border 
border-gray-300 px-3 py-2 pr-10 text-sm focus:outline-none focus:ring-2 
focus:ring-gray-900 disabled:opacity-50"
      145 |                     />
      146 |                     <button

      at printWarning 
(node_modules/react-dom/cjs/react-dom.development.js:86:30)
      at error (node_modules/react-dom/cjs/react-dom.development.js:60:7)
      at warnIfUpdatesNotWrappedWithActDEV 
(node_modules/react-dom/cjs/react-dom.development.js:27628:9)
      at scheduleUpdateOnFiber 
(node_modules/react-dom/cjs/react-dom.development.js:25547:5)
      at dispatchSetState 
(node_modules/react-dom/cjs/react-dom.development.js:16708:7)
      at onChange (src/auth/LoginForm/LoginForm.tsx:143:42)
      at HTMLUnknownElement.callCallback 
(node_modules/react-dom/cjs/react-dom.development.js:4164:14)
      at HTMLUnknownElement.callTheUserObjectsOperation 
(node_modules/jsdom/lib/jsdom/living/generated/EventListener.js:26:30)
      at innerInvokeEventListeners 
(node_modules/jsdom/lib/jsdom/living/events/EventTarget-impl.js:350:25)
      at invokeEventListeners 
(node_modules/jsdom/lib/jsdom/living/events/EventTarget-impl.js:286:3)
      at HTMLUnknownElementImpl._dispatch 
(node_modules/jsdom/lib/jsdom/living/events/EventTarget-impl.js:233:9)
      at HTMLUnknownElementImpl.dispatchEvent 
(node_modules/jsdom/lib/jsdom/living/events/EventTarget-impl.js:104:17)
      at HTMLUnknownElement.dispatchEvent 
(node_modules/jsdom/lib/jsdom/living/generated/EventTarget.js:241:34)
      at Object.invokeGuardedCallbackDev 
(node_modules/react-dom/cjs/react-dom.development.js:4213:16)
      at invokeGuardedCallback 
(node_modules/react-dom/cjs/react-dom.development.js:4277:31)
      at invokeGuardedCallbackAndCatchFirstError 
(node_modules/react-dom/cjs/react-dom.development.js:4291:25)
      at executeDispatch 
(node_modules/react-dom/cjs/react-dom.development.js:9041:3)
      at processDispatchQueueItemsInOrder 
(node_modules/react-dom/cjs/react-dom.development.js:9073:7)
      at processDispatchQueue 
(node_modules/react-dom/cjs/react-dom.development.js:9086:5)
      at dispatchEventsForPlugins 
(node_modules/react-dom/cjs/react-dom.development.js:9097:3)
      at node_modules/react-dom/cjs/react-dom.development.js:9288:12
      at batchedUpdates$1 
(node_modules/react-dom/cjs/react-dom.development.js:26179:12)
      at batchedUpdates 
(node_modules/react-dom/cjs/react-dom.development.js:3991:12)
      at dispatchEventForPluginEventSystem 
(node_modules/react-dom/cjs/react-dom.development.js:9287:3)
      at dispatchEventWithEnableCapturePhaseSelectiveHydrationWithoutDiscreteEv
entReplay (node_modules/react-dom/cjs/react-dom.development.js:6465:5)
      at dispatchEvent 
(node_modules/react-dom/cjs/react-dom.development.js:6457:5)
      at dispatchDiscreteEvent 
(node_modules/react-dom/cjs/react-dom.development.js:6430:5)
      at HTMLDivElement.callTheUserObjectsOperation 
(node_modules/jsdom/lib/jsdom/living/generated/EventListener.js:26:30)
      at innerInvokeEventListeners 
(node_modules/jsdom/lib/jsdom/living/events/EventTarget-impl.js:350:25)
      at invokeEventListeners 
(node_modules/jsdom/lib/jsdom/living/events/EventTarget-impl.js:286:3)
      at HTMLInputElementImpl._dispatch 
(node_modules/jsdom/lib/jsdom/living/events/EventTarget-impl.js:233:9)
      at HTMLInputElementImpl.dispatchEvent 
(node_modules/jsdom/lib/jsdom/living/events/EventTarget-impl.js:104:17)
      at HTMLInputElement.dispatchEvent 
(node_modules/jsdom/lib/jsdom/living/generated/EventTarget.js:241:34)
      at 
node_modules/@testing-library/user-event/dist/cjs/event/dispatchEvent.js:45:43
      at Object.eventWrapper 
(node_modules/@testing-library/dom/dist/config.js:25:23)
      at Object.wrapEvent 
(node_modules/@testing-library/user-event/dist/cjs/event/wrapEvent.js:6:28)
      at Object.dispatchEvent (node_modules/@testing-library/user-event/dist/cj
s/event/dispatchEvent.js:45:22)
      at Object.dispatchUIEvent (node_modules/@testing-library/user-event/dist/
cjs/event/dispatchEvent.js:22:26)
      at commitInput 
(node_modules/@testing-library/user-event/dist/cjs/event/input.js:145:14)
      at editInputElement 
(node_modules/@testing-library/user-event/dist/cjs/event/input.js:115:9)
      at Object.input 
(node_modules/@testing-library/user-event/dist/cjs/event/input.js:37:9)
      at node_modules/@testing-library/user-event/dist/cjs/event/behavior/keypr
ess.js:31:26
      at Object.dispatchEvent (node_modules/@testing-library/user-event/dist/cj
s/event/dispatchEvent.js:41:13)
      at Object.dispatchUIEvent (node_modules/@testing-library/user-event/dist/
cjs/event/dispatchEvent.js:22:26)
      at KeyboardHost.keydown 
(node_modules/@testing-library/user-event/dist/cjs/system/keyboard.js:76:22)
      at keyboardAction 
(node_modules/@testing-library/user-event/dist/cjs/keyboard/index.js:22:35)
      at Object.keyboard 
(node_modules/@testing-library/user-event/dist/cjs/keyboard/index.js:11:15)
      at Object.type 
(node_modules/@testing-library/user-event/dist/cjs/utility/type.js:17:5)
      at Object.<anonymous> (src/auth/auth.test.tsx:227:9)

    console.error
      Warning: An update to LoginForm inside a test was not wrapped in 
act(...).
      
      When testing, code that causes React state updates should be wrapped 
into act(...):
      
      act(() => {
        /* fire events that update state */
      });
      /* assert on the output */
      
      This ensures that you're testing the behavior the user would see in the 
browser. Learn more at https://reactjs.org/link/wrap-tests-with-act
          at LoginForm (C:\Users\samhe\OneDrive\Desktop\Cleaned\frontend\src\au
th\LoginForm\LoginForm.tsx:41:33)
          at div
          at div
          at LoginPage
          at routeContext (C:\Users\samhe\OneDrive\Desktop\Cleaned\frontend\nod
e_modules\react-router\lib\hooks.tsx:658:26)
          at children (C:\Users\samhe\OneDrive\Desktop\Cleaned\frontend\node_mo
dules\react-router\lib\components.tsx:512:3)
          at basenameProp (C:\Users\samhe\OneDrive\Desktop\Cleaned\frontend\nod
e_modules\react-router\lib\components.tsx:421:13)
          at basename (C:\Users\samhe\OneDrive\Desktop\Cleaned\frontend\node_mo
dules\react-router\lib\components.tsx:225:3)

      141 |                         placeholder="Enter your password"
      142 |                         value={password}
    > 143 |                         onChange={(e) => 
setPassword(e.target.value)}
          |                                          ^
      144 |                         className="w-full rounded-md border 
border-gray-300 px-3 py-2 pr-10 text-sm focus:outline-none focus:ring-2 
focus:ring-gray-900 disabled:opacity-50"
      145 |                     />
      146 |                     <button

      at printWarning 
(node_modules/react-dom/cjs/react-dom.development.js:86:30)
      at error (node_modules/react-dom/cjs/react-dom.development.js:60:7)
      at warnIfUpdatesNotWrappedWithActDEV 
(node_modules/react-dom/cjs/react-dom.development.js:27628:9)
      at scheduleUpdateOnFiber 
(node_modules/react-dom/cjs/react-dom.development.js:25547:5)
      at dispatchSetState 
(node_modules/react-dom/cjs/react-dom.development.js:16708:7)
      at onChange (src/auth/LoginForm/LoginForm.tsx:143:42)
      at HTMLUnknownElement.callCallback 
(node_modules/react-dom/cjs/react-dom.development.js:4164:14)
      at HTMLUnknownElement.callTheUserObjectsOperation 
(node_modules/jsdom/lib/jsdom/living/generated/EventListener.js:26:30)
      at innerInvokeEventListeners 
(node_modules/jsdom/lib/jsdom/living/events/EventTarget-impl.js:350:25)
      at invokeEventListeners 
(node_modules/jsdom/lib/jsdom/living/events/EventTarget-impl.js:286:3)
      at HTMLUnknownElementImpl._dispatch 
(node_modules/jsdom/lib/jsdom/living/events/EventTarget-impl.js:233:9)
      at HTMLUnknownElementImpl.dispatchEvent 
(node_modules/jsdom/lib/jsdom/living/events/EventTarget-impl.js:104:17)
      at HTMLUnknownElement.dispatchEvent 
(node_modules/jsdom/lib/jsdom/living/generated/EventTarget.js:241:34)
      at Object.invokeGuardedCallbackDev 
(node_modules/react-dom/cjs/react-dom.development.js:4213:16)
      at invokeGuardedCallback 
(node_modules/react-dom/cjs/react-dom.development.js:4277:31)
      at invokeGuardedCallbackAndCatchFirstError 
(node_modules/react-dom/cjs/react-dom.development.js:4291:25)
      at executeDispatch 
(node_modules/react-dom/cjs/react-dom.development.js:9041:3)
      at processDispatchQueueItemsInOrder 
(node_modules/react-dom/cjs/react-dom.development.js:9073:7)
      at processDispatchQueue 
(node_modules/react-dom/cjs/react-dom.development.js:9086:5)
      at dispatchEventsForPlugins 
(node_modules/react-dom/cjs/react-dom.development.js:9097:3)
      at node_modules/react-dom/cjs/react-dom.development.js:9288:12
      at batchedUpdates$1 
(node_modules/react-dom/cjs/react-dom.development.js:26179:12)
      at batchedUpdates 
(node_modules/react-dom/cjs/react-dom.development.js:3991:12)
      at dispatchEventForPluginEventSystem 
(node_modules/react-dom/cjs/react-dom.development.js:9287:3)
      at dispatchEventWithEnableCapturePhaseSelectiveHydrationWithoutDiscreteEv
entReplay (node_modules/react-dom/cjs/react-dom.development.js:6465:5)
      at dispatchEvent 
(node_modules/react-dom/cjs/react-dom.development.js:6457:5)
      at dispatchDiscreteEvent 
(node_modules/react-dom/cjs/react-dom.development.js:6430:5)
      at HTMLDivElement.callTheUserObjectsOperation 
(node_modules/jsdom/lib/jsdom/living/generated/EventListener.js:26:30)
      at innerInvokeEventListeners 
(node_modules/jsdom/lib/jsdom/living/events/EventTarget-impl.js:350:25)
      at invokeEventListeners 
(node_modules/jsdom/lib/jsdom/living/events/EventTarget-impl.js:286:3)
      at HTMLInputElementImpl._dispatch 
(node_modules/jsdom/lib/jsdom/living/events/EventTarget-impl.js:233:9)
      at HTMLInputElementImpl.dispatchEvent 
(node_modules/jsdom/lib/jsdom/living/events/EventTarget-impl.js:104:17)
      at HTMLInputElement.dispatchEvent 
(node_modules/jsdom/lib/jsdom/living/generated/EventTarget.js:241:34)
      at 
node_modules/@testing-library/user-event/dist/cjs/event/dispatchEvent.js:45:43
      at Object.eventWrapper 
(node_modules/@testing-library/dom/dist/config.js:25:23)
      at Object.wrapEvent 
(node_modules/@testing-library/user-event/dist/cjs/event/wrapEvent.js:6:28)
      at Object.dispatchEvent (node_modules/@testing-library/user-event/dist/cj
s/event/dispatchEvent.js:45:22)
      at Object.dispatchUIEvent (node_modules/@testing-library/user-event/dist/
cjs/event/dispatchEvent.js:22:26)
      at commitInput 
(node_modules/@testing-library/user-event/dist/cjs/event/input.js:145:14)
      at editInputElement 
(node_modules/@testing-library/user-event/dist/cjs/event/input.js:115:9)
      at Object.input 
(node_modules/@testing-library/user-event/dist/cjs/event/input.js:37:9)
      at node_modules/@testing-library/user-event/dist/cjs/event/behavior/keypr
ess.js:31:26
      at Object.dispatchEvent (node_modules/@testing-library/user-event/dist/cj
s/event/dispatchEvent.js:41:13)
      at Object.dispatchUIEvent (node_modules/@testing-library/user-event/dist/
cjs/event/dispatchEvent.js:22:26)
      at KeyboardHost.keydown 
(node_modules/@testing-library/user-event/dist/cjs/system/keyboard.js:76:22)
      at keyboardAction 
(node_modules/@testing-library/user-event/dist/cjs/keyboard/index.js:22:35)
      at Object.keyboard 
(node_modules/@testing-library/user-event/dist/cjs/keyboard/index.js:11:15)
      at Object.type 
(node_modules/@testing-library/user-event/dist/cjs/utility/type.js:17:5)
      at Object.<anonymous> (src/auth/auth.test.tsx:227:9)

    console.error
      Warning: An update to LoginForm inside a test was not wrapped in 
act(...).
      
      When testing, code that causes React state updates should be wrapped 
into act(...):
      
      act(() => {
        /* fire events that update state */
      });
      /* assert on the output */
      
      This ensures that you're testing the behavior the user would see in the 
browser. Learn more at https://reactjs.org/link/wrap-tests-with-act
          at LoginForm (C:\Users\samhe\OneDrive\Desktop\Cleaned\frontend\src\au
th\LoginForm\LoginForm.tsx:41:33)
          at div
          at div
          at LoginPage
          at routeContext (C:\Users\samhe\OneDrive\Desktop\Cleaned\frontend\nod
e_modules\react-router\lib\hooks.tsx:658:26)
          at children (C:\Users\samhe\OneDrive\Desktop\Cleaned\frontend\node_mo
dules\react-router\lib\components.tsx:512:3)
          at basenameProp (C:\Users\samhe\OneDrive\Desktop\Cleaned\frontend\nod
e_modules\react-router\lib\components.tsx:421:13)
          at basename (C:\Users\samhe\OneDrive\Desktop\Cleaned\frontend\node_mo
dules\react-router\lib\components.tsx:225:3)

      141 |                         placeholder="Enter your password"
      142 |                         value={password}
    > 143 |                         onChange={(e) => 
setPassword(e.target.value)}
          |                                          ^
      144 |                         className="w-full rounded-md border 
border-gray-300 px-3 py-2 pr-10 text-sm focus:outline-none focus:ring-2 
focus:ring-gray-900 disabled:opacity-50"
      145 |                     />
      146 |                     <button

      at printWarning 
(node_modules/react-dom/cjs/react-dom.development.js:86:30)
      at error (node_modules/react-dom/cjs/react-dom.development.js:60:7)
      at warnIfUpdatesNotWrappedWithActDEV 
(node_modules/react-dom/cjs/react-dom.development.js:27628:9)
      at scheduleUpdateOnFiber 
(node_modules/react-dom/cjs/react-dom.development.js:25547:5)
      at dispatchSetState 
(node_modules/react-dom/cjs/react-dom.development.js:16708:7)
      at onChange (src/auth/LoginForm/LoginForm.tsx:143:42)
      at HTMLUnknownElement.callCallback 
(node_modules/react-dom/cjs/react-dom.development.js:4164:14)
      at HTMLUnknownElement.callTheUserObjectsOperation 
(node_modules/jsdom/lib/jsdom/living/generated/EventListener.js:26:30)
      at innerInvokeEventListeners 
(node_modules/jsdom/lib/jsdom/living/events/EventTarget-impl.js:350:25)
      at invokeEventListeners 
(node_modules/jsdom/lib/jsdom/living/events/EventTarget-impl.js:286:3)
      at HTMLUnknownElementImpl._dispatch 
(node_modules/jsdom/lib/jsdom/living/events/EventTarget-impl.js:233:9)
      at HTMLUnknownElementImpl.dispatchEvent 
(node_modules/jsdom/lib/jsdom/living/events/EventTarget-impl.js:104:17)
      at HTMLUnknownElement.dispatchEvent 
(node_modules/jsdom/lib/jsdom/living/generated/EventTarget.js:241:34)
      at Object.invokeGuardedCallbackDev 
(node_modules/react-dom/cjs/react-dom.development.js:4213:16)
      at invokeGuardedCallback 
(node_modules/react-dom/cjs/react-dom.development.js:4277:31)
      at invokeGuardedCallbackAndCatchFirstError 
(node_modules/react-dom/cjs/react-dom.development.js:4291:25)
      at executeDispatch 
(node_modules/react-dom/cjs/react-dom.development.js:9041:3)
      at processDispatchQueueItemsInOrder 
(node_modules/react-dom/cjs/react-dom.development.js:9073:7)
      at processDispatchQueue 
(node_modules/react-dom/cjs/react-dom.development.js:9086:5)
      at dispatchEventsForPlugins 
(node_modules/react-dom/cjs/react-dom.development.js:9097:3)
      at node_modules/react-dom/cjs/react-dom.development.js:9288:12
      at batchedUpdates$1 
(node_modules/react-dom/cjs/react-dom.development.js:26179:12)
      at batchedUpdates 
(node_modules/react-dom/cjs/react-dom.development.js:3991:12)
      at dispatchEventForPluginEventSystem 
(node_modules/react-dom/cjs/react-dom.development.js:9287:3)
      at dispatchEventWithEnableCapturePhaseSelectiveHydrationWithoutDiscreteEv
entReplay (node_modules/react-dom/cjs/react-dom.development.js:6465:5)
      at dispatchEvent 
(node_modules/react-dom/cjs/react-dom.development.js:6457:5)
      at dispatchDiscreteEvent 
(node_modules/react-dom/cjs/react-dom.development.js:6430:5)
      at HTMLDivElement.callTheUserObjectsOperation 
(node_modules/jsdom/lib/jsdom/living/generated/EventListener.js:26:30)
      at innerInvokeEventListeners 
(node_modules/jsdom/lib/jsdom/living/events/EventTarget-impl.js:350:25)
      at invokeEventListeners 
(node_modules/jsdom/lib/jsdom/living/events/EventTarget-impl.js:286:3)
      at HTMLInputElementImpl._dispatch 
(node_modules/jsdom/lib/jsdom/living/events/EventTarget-impl.js:233:9)
      at HTMLInputElementImpl.dispatchEvent 
(node_modules/jsdom/lib/jsdom/living/events/EventTarget-impl.js:104:17)
      at HTMLInputElement.dispatchEvent 
(node_modules/jsdom/lib/jsdom/living/generated/EventTarget.js:241:34)
      at 
node_modules/@testing-library/user-event/dist/cjs/event/dispatchEvent.js:45:43
      at Object.eventWrapper 
(node_modules/@testing-library/dom/dist/config.js:25:23)
      at Object.wrapEvent 
(node_modules/@testing-library/user-event/dist/cjs/event/wrapEvent.js:6:28)
      at Object.dispatchEvent (node_modules/@testing-library/user-event/dist/cj
s/event/dispatchEvent.js:45:22)
      at Object.dispatchUIEvent (node_modules/@testing-library/user-event/dist/
cjs/event/dispatchEvent.js:22:26)
      at commitInput 
(node_modules/@testing-library/user-event/dist/cjs/event/input.js:145:14)
      at editInputElement 
(node_modules/@testing-library/user-event/dist/cjs/event/input.js:115:9)
      at Object.input 
(node_modules/@testing-library/user-event/dist/cjs/event/input.js:37:9)
      at node_modules/@testing-library/user-event/dist/cjs/event/behavior/keypr
ess.js:31:26
      at Object.dispatchEvent (node_modules/@testing-library/user-event/dist/cj
s/event/dispatchEvent.js:41:13)
      at Object.dispatchUIEvent (node_modules/@testing-library/user-event/dist/
cjs/event/dispatchEvent.js:22:26)
      at KeyboardHost.keydown 
(node_modules/@testing-library/user-event/dist/cjs/system/keyboard.js:76:22)
      at keyboardAction 
(node_modules/@testing-library/user-event/dist/cjs/keyboard/index.js:22:35)
      at Object.keyboard 
(node_modules/@testing-library/user-event/dist/cjs/keyboard/index.js:11:15)
      at Object.type 
(node_modules/@testing-library/user-event/dist/cjs/utility/type.js:17:5)
      at Object.<anonymous> (src/auth/auth.test.tsx:227:9)

    console.error
      Warning: An update to LoginForm inside a test was not wrapped in 
act(...).
      
      When testing, code that causes React state updates should be wrapped 
into act(...):
      
      act(() => {
        /* fire events that update state */
      });
      /* assert on the output */
      
      This ensures that you're testing the behavior the user would see in the 
browser. Learn more at https://reactjs.org/link/wrap-tests-with-act
          at LoginForm (C:\Users\samhe\OneDrive\Desktop\Cleaned\frontend\src\au
th\LoginForm\LoginForm.tsx:41:33)
          at div
          at div
          at LoginPage
          at routeContext (C:\Users\samhe\OneDrive\Desktop\Cleaned\frontend\nod
e_modules\react-router\lib\hooks.tsx:658:26)
          at children (C:\Users\samhe\OneDrive\Desktop\Cleaned\frontend\node_mo
dules\react-router\lib\components.tsx:512:3)
          at basenameProp (C:\Users\samhe\OneDrive\Desktop\Cleaned\frontend\nod
e_modules\react-router\lib\components.tsx:421:13)
          at basename (C:\Users\samhe\OneDrive\Desktop\Cleaned\frontend\node_mo
dules\react-router\lib\components.tsx:225:3)

      141 |                         placeholder="Enter your password"
      142 |                         value={password}
    > 143 |                         onChange={(e) => 
setPassword(e.target.value)}
          |                                          ^
      144 |                         className="w-full rounded-md border 
border-gray-300 px-3 py-2 pr-10 text-sm focus:outline-none focus:ring-2 
focus:ring-gray-900 disabled:opacity-50"
      145 |                     />
      146 |                     <button

      at printWarning 
(node_modules/react-dom/cjs/react-dom.development.js:86:30)
      at error (node_modules/react-dom/cjs/react-dom.development.js:60:7)
      at warnIfUpdatesNotWrappedWithActDEV 
(node_modules/react-dom/cjs/react-dom.development.js:27628:9)
      at scheduleUpdateOnFiber 
(node_modules/react-dom/cjs/react-dom.development.js:25547:5)
      at dispatchSetState 
(node_modules/react-dom/cjs/react-dom.development.js:16708:7)
      at onChange (src/auth/LoginForm/LoginForm.tsx:143:42)
      at HTMLUnknownElement.callCallback 
(node_modules/react-dom/cjs/react-dom.development.js:4164:14)
      at HTMLUnknownElement.callTheUserObjectsOperation 
(node_modules/jsdom/lib/jsdom/living/generated/EventListener.js:26:30)
      at innerInvokeEventListeners 
(node_modules/jsdom/lib/jsdom/living/events/EventTarget-impl.js:350:25)
      at invokeEventListeners 
(node_modules/jsdom/lib/jsdom/living/events/EventTarget-impl.js:286:3)
      at HTMLUnknownElementImpl._dispatch 
(node_modules/jsdom/lib/jsdom/living/events/EventTarget-impl.js:233:9)
      at HTMLUnknownElementImpl.dispatchEvent 
(node_modules/jsdom/lib/jsdom/living/events/EventTarget-impl.js:104:17)
      at HTMLUnknownElement.dispatchEvent 
(node_modules/jsdom/lib/jsdom/living/generated/EventTarget.js:241:34)
      at Object.invokeGuardedCallbackDev 
(node_modules/react-dom/cjs/react-dom.development.js:4213:16)
      at invokeGuardedCallback 
(node_modules/react-dom/cjs/react-dom.development.js:4277:31)
      at invokeGuardedCallbackAndCatchFirstError 
(node_modules/react-dom/cjs/react-dom.development.js:4291:25)
      at executeDispatch 
(node_modules/react-dom/cjs/react-dom.development.js:9041:3)
      at processDispatchQueueItemsInOrder 
(node_modules/react-dom/cjs/react-dom.development.js:9073:7)
      at processDispatchQueue 
(node_modules/react-dom/cjs/react-dom.development.js:9086:5)
      at dispatchEventsForPlugins 
(node_modules/react-dom/cjs/react-dom.development.js:9097:3)
      at node_modules/react-dom/cjs/react-dom.development.js:9288:12
      at batchedUpdates$1 
(node_modules/react-dom/cjs/react-dom.development.js:26179:12)
      at batchedUpdates 
(node_modules/react-dom/cjs/react-dom.development.js:3991:12)
      at dispatchEventForPluginEventSystem 
(node_modules/react-dom/cjs/react-dom.development.js:9287:3)
      at dispatchEventWithEnableCapturePhaseSelectiveHydrationWithoutDiscreteEv
entReplay (node_modules/react-dom/cjs/react-dom.development.js:6465:5)
      at dispatchEvent 
(node_modules/react-dom/cjs/react-dom.development.js:6457:5)
      at dispatchDiscreteEvent 
(node_modules/react-dom/cjs/react-dom.development.js:6430:5)
      at HTMLDivElement.callTheUserObjectsOperation 
(node_modules/jsdom/lib/jsdom/living/generated/EventListener.js:26:30)
      at innerInvokeEventListeners 
(node_modules/jsdom/lib/jsdom/living/events/EventTarget-impl.js:350:25)
      at invokeEventListeners 
(node_modules/jsdom/lib/jsdom/living/events/EventTarget-impl.js:286:3)
      at HTMLInputElementImpl._dispatch 
(node_modules/jsdom/lib/jsdom/living/events/EventTarget-impl.js:233:9)
      at HTMLInputElementImpl.dispatchEvent 
(node_modules/jsdom/lib/jsdom/living/events/EventTarget-impl.js:104:17)
      at HTMLInputElement.dispatchEvent 
(node_modules/jsdom/lib/jsdom/living/generated/EventTarget.js:241:34)
      at 
node_modules/@testing-library/user-event/dist/cjs/event/dispatchEvent.js:45:43
      at Object.eventWrapper 
(node_modules/@testing-library/dom/dist/config.js:25:23)
      at Object.wrapEvent 
(node_modules/@testing-library/user-event/dist/cjs/event/wrapEvent.js:6:28)
      at Object.dispatchEvent (node_modules/@testing-library/user-event/dist/cj
s/event/dispatchEvent.js:45:22)
      at Object.dispatchUIEvent (node_modules/@testing-library/user-event/dist/
cjs/event/dispatchEvent.js:22:26)
      at commitInput 
(node_modules/@testing-library/user-event/dist/cjs/event/input.js:145:14)
      at editInputElement 
(node_modules/@testing-library/user-event/dist/cjs/event/input.js:115:9)
      at Object.input 
(node_modules/@testing-library/user-event/dist/cjs/event/input.js:37:9)
      at node_modules/@testing-library/user-event/dist/cjs/event/behavior/keypr
ess.js:31:26
      at Object.dispatchEvent (node_modules/@testing-library/user-event/dist/cj
s/event/dispatchEvent.js:41:13)
      at Object.dispatchUIEvent (node_modules/@testing-library/user-event/dist/
cjs/event/dispatchEvent.js:22:26)
      at KeyboardHost.keydown 
(node_modules/@testing-library/user-event/dist/cjs/system/keyboard.js:76:22)
      at keyboardAction 
(node_modules/@testing-library/user-event/dist/cjs/keyboard/index.js:22:35)
      at Object.keyboard 
(node_modules/@testing-library/user-event/dist/cjs/keyboard/index.js:11:15)
      at Object.type 
(node_modules/@testing-library/user-event/dist/cjs/utility/type.js:17:5)
      at Object.<anonymous> (src/auth/auth.test.tsx:227:9)

    console.error
      Warning: An update to LoginForm inside a test was not wrapped in 
act(...).
      
      When testing, code that causes React state updates should be wrapped 
into act(...):
      
      act(() => {
        /* fire events that update state */
      });
      /* assert on the output */
      
      This ensures that you're testing the behavior the user would see in the 
browser. Learn more at https://reactjs.org/link/wrap-tests-with-act
          at LoginForm (C:\Users\samhe\OneDrive\Desktop\Cleaned\frontend\src\au
th\LoginForm\LoginForm.tsx:41:33)
          at div
          at div
          at LoginPage
          at routeContext (C:\Users\samhe\OneDrive\Desktop\Cleaned\frontend\nod
e_modules\react-router\lib\hooks.tsx:658:26)
          at children (C:\Users\samhe\OneDrive\Desktop\Cleaned\frontend\node_mo
dules\react-router\lib\components.tsx:512:3)
          at basenameProp (C:\Users\samhe\OneDrive\Desktop\Cleaned\frontend\nod
e_modules\react-router\lib\components.tsx:421:13)
          at basename (C:\Users\samhe\OneDrive\Desktop\Cleaned\frontend\node_mo
dules\react-router\lib\components.tsx:225:3)

      141 |                         placeholder="Enter your password"
      142 |                         value={password}
    > 143 |                         onChange={(e) => 
setPassword(e.target.value)}
          |                                          ^
      144 |                         className="w-full rounded-md border 
border-gray-300 px-3 py-2 pr-10 text-sm focus:outline-none focus:ring-2 
focus:ring-gray-900 disabled:opacity-50"
      145 |                     />
      146 |                     <button

      at printWarning 
(node_modules/react-dom/cjs/react-dom.development.js:86:30)
      at error (node_modules/react-dom/cjs/react-dom.development.js:60:7)
      at warnIfUpdatesNotWrappedWithActDEV 
(node_modules/react-dom/cjs/react-dom.development.js:27628:9)
      at scheduleUpdateOnFiber 
(node_modules/react-dom/cjs/react-dom.development.js:25547:5)
      at dispatchSetState 
(node_modules/react-dom/cjs/react-dom.development.js:16708:7)
      at onChange (src/auth/LoginForm/LoginForm.tsx:143:42)
      at HTMLUnknownElement.callCallback 
(node_modules/react-dom/cjs/react-dom.development.js:4164:14)
      at HTMLUnknownElement.callTheUserObjectsOperation 
(node_modules/jsdom/lib/jsdom/living/generated/EventListener.js:26:30)
      at innerInvokeEventListeners 
(node_modules/jsdom/lib/jsdom/living/events/EventTarget-impl.js:350:25)
      at invokeEventListeners 
(node_modules/jsdom/lib/jsdom/living/events/EventTarget-impl.js:286:3)
      at HTMLUnknownElementImpl._dispatch 
(node_modules/jsdom/lib/jsdom/living/events/EventTarget-impl.js:233:9)
      at HTMLUnknownElementImpl.dispatchEvent 
(node_modules/jsdom/lib/jsdom/living/events/EventTarget-impl.js:104:17)
      at HTMLUnknownElement.dispatchEvent 
(node_modules/jsdom/lib/jsdom/living/generated/EventTarget.js:241:34)
      at Object.invokeGuardedCallbackDev 
(node_modules/react-dom/cjs/react-dom.development.js:4213:16)
      at invokeGuardedCallback 
(node_modules/react-dom/cjs/react-dom.development.js:4277:31)
      at invokeGuardedCallbackAndCatchFirstError 
(node_modules/react-dom/cjs/react-dom.development.js:4291:25)
      at executeDispatch 
(node_modules/react-dom/cjs/react-dom.development.js:9041:3)
      at processDispatchQueueItemsInOrder 
(node_modules/react-dom/cjs/react-dom.development.js:9073:7)
      at processDispatchQueue 
(node_modules/react-dom/cjs/react-dom.development.js:9086:5)
      at dispatchEventsForPlugins 
(node_modules/react-dom/cjs/react-dom.development.js:9097:3)
      at node_modules/react-dom/cjs/react-dom.development.js:9288:12
      at batchedUpdates$1 
(node_modules/react-dom/cjs/react-dom.development.js:26179:12)
      at batchedUpdates 
(node_modules/react-dom/cjs/react-dom.development.js:3991:12)
      at dispatchEventForPluginEventSystem 
(node_modules/react-dom/cjs/react-dom.development.js:9287:3)
      at dispatchEventWithEnableCapturePhaseSelectiveHydrationWithoutDiscreteEv
entReplay (node_modules/react-dom/cjs/react-dom.development.js:6465:5)
      at dispatchEvent 
(node_modules/react-dom/cjs/react-dom.development.js:6457:5)
      at dispatchDiscreteEvent 
(node_modules/react-dom/cjs/react-dom.development.js:6430:5)
      at HTMLDivElement.callTheUserObjectsOperation 
(node_modules/jsdom/lib/jsdom/living/generated/EventListener.js:26:30)
      at innerInvokeEventListeners 
(node_modules/jsdom/lib/jsdom/living/events/EventTarget-impl.js:350:25)
      at invokeEventListeners 
(node_modules/jsdom/lib/jsdom/living/events/EventTarget-impl.js:286:3)
      at HTMLInputElementImpl._dispatch 
(node_modules/jsdom/lib/jsdom/living/events/EventTarget-impl.js:233:9)
      at HTMLInputElementImpl.dispatchEvent 
(node_modules/jsdom/lib/jsdom/living/events/EventTarget-impl.js:104:17)
      at HTMLInputElement.dispatchEvent 
(node_modules/jsdom/lib/jsdom/living/generated/EventTarget.js:241:34)
      at 
node_modules/@testing-library/user-event/dist/cjs/event/dispatchEvent.js:45:43
      at Object.eventWrapper 
(node_modules/@testing-library/dom/dist/config.js:25:23)
      at Object.wrapEvent 
(node_modules/@testing-library/user-event/dist/cjs/event/wrapEvent.js:6:28)
      at Object.dispatchEvent (node_modules/@testing-library/user-event/dist/cj
s/event/dispatchEvent.js:45:22)
      at Object.dispatchUIEvent (node_modules/@testing-library/user-event/dist/
cjs/event/dispatchEvent.js:22:26)
      at commitInput 
(node_modules/@testing-library/user-event/dist/cjs/event/input.js:145:14)
      at editInputElement 
(node_modules/@testing-library/user-event/dist/cjs/event/input.js:115:9)
      at Object.input 
(node_modules/@testing-library/user-event/dist/cjs/event/input.js:37:9)
      at node_modules/@testing-library/user-event/dist/cjs/event/behavior/keypr
ess.js:31:26
      at Object.dispatchEvent (node_modules/@testing-library/user-event/dist/cj
s/event/dispatchEvent.js:41:13)
      at Object.dispatchUIEvent (node_modules/@testing-library/user-event/dist/
cjs/event/dispatchEvent.js:22:26)
      at KeyboardHost.keydown 
(node_modules/@testing-library/user-event/dist/cjs/system/keyboard.js:76:22)
      at keyboardAction 
(node_modules/@testing-library/user-event/dist/cjs/keyboard/index.js:22:35)
      at Object.keyboard 
(node_modules/@testing-library/user-event/dist/cjs/keyboard/index.js:11:15)
      at Object.type 
(node_modules/@testing-library/user-event/dist/cjs/utility/type.js:17:5)
      at Object.<anonymous> (src/auth/auth.test.tsx:227:9)

    console.error
      Warning: An update to LoginForm inside a test was not wrapped in 
act(...).
      
      When testing, code that causes React state updates should be wrapped 
into act(...):
      
      act(() => {
        /* fire events that update state */
      });
      /* assert on the output */
      
      This ensures that you're testing the behavior the user would see in the 
browser. Learn more at https://reactjs.org/link/wrap-tests-with-act
          at LoginForm (C:\Users\samhe\OneDrive\Desktop\Cleaned\frontend\src\au
th\LoginForm\LoginForm.tsx:41:33)
          at div
          at div
          at LoginPage
          at routeContext (C:\Users\samhe\OneDrive\Desktop\Cleaned\frontend\nod
e_modules\react-router\lib\hooks.tsx:658:26)
          at children (C:\Users\samhe\OneDrive\Desktop\Cleaned\frontend\node_mo
dules\react-router\lib\components.tsx:512:3)
          at basenameProp (C:\Users\samhe\OneDrive\Desktop\Cleaned\frontend\nod
e_modules\react-router\lib\components.tsx:421:13)
          at basename (C:\Users\samhe\OneDrive\Desktop\Cleaned\frontend\node_mo
dules\react-router\lib\components.tsx:225:3)

      141 |                         placeholder="Enter your password"
      142 |                         value={password}
    > 143 |                         onChange={(e) => 
setPassword(e.target.value)}
          |                                          ^
      144 |                         className="w-full rounded-md border 
border-gray-300 px-3 py-2 pr-10 text-sm focus:outline-none focus:ring-2 
focus:ring-gray-900 disabled:opacity-50"
      145 |                     />
      146 |                     <button

      at printWarning 
(node_modules/react-dom/cjs/react-dom.development.js:86:30)
      at error (node_modules/react-dom/cjs/react-dom.development.js:60:7)
      at warnIfUpdatesNotWrappedWithActDEV 
(node_modules/react-dom/cjs/react-dom.development.js:27628:9)
      at scheduleUpdateOnFiber 
(node_modules/react-dom/cjs/react-dom.development.js:25547:5)
      at dispatchSetState 
(node_modules/react-dom/cjs/react-dom.development.js:16708:7)
      at onChange (src/auth/LoginForm/LoginForm.tsx:143:42)
      at HTMLUnknownElement.callCallback 
(node_modules/react-dom/cjs/react-dom.development.js:4164:14)
      at HTMLUnknownElement.callTheUserObjectsOperation 
(node_modules/jsdom/lib/jsdom/living/generated/EventListener.js:26:30)
      at innerInvokeEventListeners 
(node_modules/jsdom/lib/jsdom/living/events/EventTarget-impl.js:350:25)
      at invokeEventListeners 
(node_modules/jsdom/lib/jsdom/living/events/EventTarget-impl.js:286:3)
      at HTMLUnknownElementImpl._dispatch 
(node_modules/jsdom/lib/jsdom/living/events/EventTarget-impl.js:233:9)
      at HTMLUnknownElementImpl.dispatchEvent 
(node_modules/jsdom/lib/jsdom/living/events/EventTarget-impl.js:104:17)
      at HTMLUnknownElement.dispatchEvent 
(node_modules/jsdom/lib/jsdom/living/generated/EventTarget.js:241:34)
      at Object.invokeGuardedCallbackDev 
(node_modules/react-dom/cjs/react-dom.development.js:4213:16)
      at invokeGuardedCallback 
(node_modules/react-dom/cjs/react-dom.development.js:4277:31)
      at invokeGuardedCallbackAndCatchFirstError 
(node_modules/react-dom/cjs/react-dom.development.js:4291:25)
      at executeDispatch 
(node_modules/react-dom/cjs/react-dom.development.js:9041:3)
      at processDispatchQueueItemsInOrder 
(node_modules/react-dom/cjs/react-dom.development.js:9073:7)
      at processDispatchQueue 
(node_modules/react-dom/cjs/react-dom.development.js:9086:5)
      at dispatchEventsForPlugins 
(node_modules/react-dom/cjs/react-dom.development.js:9097:3)
      at node_modules/react-dom/cjs/react-dom.development.js:9288:12
      at batchedUpdates$1 
(node_modules/react-dom/cjs/react-dom.development.js:26179:12)
      at batchedUpdates 
(node_modules/react-dom/cjs/react-dom.development.js:3991:12)
      at dispatchEventForPluginEventSystem 
(node_modules/react-dom/cjs/react-dom.development.js:9287:3)
      at dispatchEventWithEnableCapturePhaseSelectiveHydrationWithoutDiscreteEv
entReplay (node_modules/react-dom/cjs/react-dom.development.js:6465:5)
      at dispatchEvent 
(node_modules/react-dom/cjs/react-dom.development.js:6457:5)
      at dispatchDiscreteEvent 
(node_modules/react-dom/cjs/react-dom.development.js:6430:5)
      at HTMLDivElement.callTheUserObjectsOperation 
(node_modules/jsdom/lib/jsdom/living/generated/EventListener.js:26:30)
      at innerInvokeEventListeners 
(node_modules/jsdom/lib/jsdom/living/events/EventTarget-impl.js:350:25)
      at invokeEventListeners 
(node_modules/jsdom/lib/jsdom/living/events/EventTarget-impl.js:286:3)
      at HTMLInputElementImpl._dispatch 
(node_modules/jsdom/lib/jsdom/living/events/EventTarget-impl.js:233:9)
      at HTMLInputElementImpl.dispatchEvent 
(node_modules/jsdom/lib/jsdom/living/events/EventTarget-impl.js:104:17)
      at HTMLInputElement.dispatchEvent 
(node_modules/jsdom/lib/jsdom/living/generated/EventTarget.js:241:34)
      at 
node_modules/@testing-library/user-event/dist/cjs/event/dispatchEvent.js:45:43
      at Object.eventWrapper 
(node_modules/@testing-library/dom/dist/config.js:25:23)
      at Object.wrapEvent 
(node_modules/@testing-library/user-event/dist/cjs/event/wrapEvent.js:6:28)
      at Object.dispatchEvent (node_modules/@testing-library/user-event/dist/cj
s/event/dispatchEvent.js:45:22)
      at Object.dispatchUIEvent (node_modules/@testing-library/user-event/dist/
cjs/event/dispatchEvent.js:22:26)
      at commitInput 
(node_modules/@testing-library/user-event/dist/cjs/event/input.js:145:14)
      at editInputElement 
(node_modules/@testing-library/user-event/dist/cjs/event/input.js:115:9)
      at Object.input 
(node_modules/@testing-library/user-event/dist/cjs/event/input.js:37:9)
      at node_modules/@testing-library/user-event/dist/cjs/event/behavior/keypr
ess.js:31:26
      at Object.dispatchEvent (node_modules/@testing-library/user-event/dist/cj
s/event/dispatchEvent.js:41:13)
      at Object.dispatchUIEvent (node_modules/@testing-library/user-event/dist/
cjs/event/dispatchEvent.js:22:26)
      at KeyboardHost.keydown 
(node_modules/@testing-library/user-event/dist/cjs/system/keyboard.js:76:22)
      at keyboardAction 
(node_modules/@testing-library/user-event/dist/cjs/keyboard/index.js:22:35)
      at Object.keyboard 
(node_modules/@testing-library/user-event/dist/cjs/keyboard/index.js:11:15)
      at Object.type 
(node_modules/@testing-library/user-event/dist/cjs/utility/type.js:17:5)
      at Object.<anonymous> (src/auth/auth.test.tsx:227:9)

    console.error
      Warning: An update to LoginForm inside a test was not wrapped in 
act(...).
      
      When testing, code that causes React state updates should be wrapped 
into act(...):
      
      act(() => {
        /* fire events that update state */
      });
      /* assert on the output */
      
      This ensures that you're testing the behavior the user would see in the 
browser. Learn more at https://reactjs.org/link/wrap-tests-with-act
          at LoginForm (C:\Users\samhe\OneDrive\Desktop\Cleaned\frontend\src\au
th\LoginForm\LoginForm.tsx:41:33)
          at div
          at div
          at LoginPage
          at routeContext (C:\Users\samhe\OneDrive\Desktop\Cleaned\frontend\nod
e_modules\react-router\lib\hooks.tsx:658:26)
          at children (C:\Users\samhe\OneDrive\Desktop\Cleaned\frontend\node_mo
dules\react-router\lib\components.tsx:512:3)
          at basenameProp (C:\Users\samhe\OneDrive\Desktop\Cleaned\frontend\nod
e_modules\react-router\lib\components.tsx:421:13)
          at basename (C:\Users\samhe\OneDrive\Desktop\Cleaned\frontend\node_mo
dules\react-router\lib\components.tsx:225:3)

      141 |                         placeholder="Enter your password"
      142 |                         value={password}
    > 143 |                         onChange={(e) => 
setPassword(e.target.value)}
          |                                          ^
      144 |                         className="w-full rounded-md border 
border-gray-300 px-3 py-2 pr-10 text-sm focus:outline-none focus:ring-2 
focus:ring-gray-900 disabled:opacity-50"
      145 |                     />
      146 |                     <button

      at printWarning 
(node_modules/react-dom/cjs/react-dom.development.js:86:30)
      at error (node_modules/react-dom/cjs/react-dom.development.js:60:7)
      at warnIfUpdatesNotWrappedWithActDEV 
(node_modules/react-dom/cjs/react-dom.development.js:27628:9)
      at scheduleUpdateOnFiber 
(node_modules/react-dom/cjs/react-dom.development.js:25547:5)
      at dispatchSetState 
(node_modules/react-dom/cjs/react-dom.development.js:16708:7)
      at onChange (src/auth/LoginForm/LoginForm.tsx:143:42)
      at HTMLUnknownElement.callCallback 
(node_modules/react-dom/cjs/react-dom.development.js:4164:14)
      at HTMLUnknownElement.callTheUserObjectsOperation 
(node_modules/jsdom/lib/jsdom/living/generated/EventListener.js:26:30)
      at innerInvokeEventListeners 
(node_modules/jsdom/lib/jsdom/living/events/EventTarget-impl.js:350:25)
      at invokeEventListeners 
(node_modules/jsdom/lib/jsdom/living/events/EventTarget-impl.js:286:3)
      at HTMLUnknownElementImpl._dispatch 
(node_modules/jsdom/lib/jsdom/living/events/EventTarget-impl.js:233:9)
      at HTMLUnknownElementImpl.dispatchEvent 
(node_modules/jsdom/lib/jsdom/living/events/EventTarget-impl.js:104:17)
      at HTMLUnknownElement.dispatchEvent 
(node_modules/jsdom/lib/jsdom/living/generated/EventTarget.js:241:34)
      at Object.invokeGuardedCallbackDev 
(node_modules/react-dom/cjs/react-dom.development.js:4213:16)
      at invokeGuardedCallback 
(node_modules/react-dom/cjs/react-dom.development.js:4277:31)
      at invokeGuardedCallbackAndCatchFirstError 
(node_modules/react-dom/cjs/react-dom.development.js:4291:25)
      at executeDispatch 
(node_modules/react-dom/cjs/react-dom.development.js:9041:3)
      at processDispatchQueueItemsInOrder 
(node_modules/react-dom/cjs/react-dom.development.js:9073:7)
      at processDispatchQueue 
(node_modules/react-dom/cjs/react-dom.development.js:9086:5)
      at dispatchEventsForPlugins 
(node_modules/react-dom/cjs/react-dom.development.js:9097:3)
      at node_modules/react-dom/cjs/react-dom.development.js:9288:12
      at batchedUpdates$1 
(node_modules/react-dom/cjs/react-dom.development.js:26179:12)
      at batchedUpdates 
(node_modules/react-dom/cjs/react-dom.development.js:3991:12)
      at dispatchEventForPluginEventSystem 
(node_modules/react-dom/cjs/react-dom.development.js:9287:3)
      at dispatchEventWithEnableCapturePhaseSelectiveHydrationWithoutDiscreteEv
entReplay (node_modules/react-dom/cjs/react-dom.development.js:6465:5)
      at dispatchEvent 
(node_modules/react-dom/cjs/react-dom.development.js:6457:5)
      at dispatchDiscreteEvent 
(node_modules/react-dom/cjs/react-dom.development.js:6430:5)
      at HTMLDivElement.callTheUserObjectsOperation 
(node_modules/jsdom/lib/jsdom/living/generated/EventListener.js:26:30)
      at innerInvokeEventListeners 
(node_modules/jsdom/lib/jsdom/living/events/EventTarget-impl.js:350:25)
      at invokeEventListeners 
(node_modules/jsdom/lib/jsdom/living/events/EventTarget-impl.js:286:3)
      at HTMLInputElementImpl._dispatch 
(node_modules/jsdom/lib/jsdom/living/events/EventTarget-impl.js:233:9)
      at HTMLInputElementImpl.dispatchEvent 
(node_modules/jsdom/lib/jsdom/living/events/EventTarget-impl.js:104:17)
      at HTMLInputElement.dispatchEvent 
(node_modules/jsdom/lib/jsdom/living/generated/EventTarget.js:241:34)
      at 
node_modules/@testing-library/user-event/dist/cjs/event/dispatchEvent.js:45:43
      at Object.eventWrapper 
(node_modules/@testing-library/dom/dist/config.js:25:23)
      at Object.wrapEvent 
(node_modules/@testing-library/user-event/dist/cjs/event/wrapEvent.js:6:28)
      at Object.dispatchEvent (node_modules/@testing-library/user-event/dist/cj
s/event/dispatchEvent.js:45:22)
      at Object.dispatchUIEvent (node_modules/@testing-library/user-event/dist/
cjs/event/dispatchEvent.js:22:26)
      at commitInput 
(node_modules/@testing-library/user-event/dist/cjs/event/input.js:145:14)
      at editInputElement 
(node_modules/@testing-library/user-event/dist/cjs/event/input.js:115:9)
      at Object.input 
(node_modules/@testing-library/user-event/dist/cjs/event/input.js:37:9)
      at node_modules/@testing-library/user-event/dist/cjs/event/behavior/keypr
ess.js:31:26
      at Object.dispatchEvent (node_modules/@testing-library/user-event/dist/cj
s/event/dispatchEvent.js:41:13)
      at Object.dispatchUIEvent (node_modules/@testing-library/user-event/dist/
cjs/event/dispatchEvent.js:22:26)
      at KeyboardHost.keydown 
(node_modules/@testing-library/user-event/dist/cjs/system/keyboard.js:76:22)
      at keyboardAction 
(node_modules/@testing-library/user-event/dist/cjs/keyboard/index.js:22:35)
      at Object.keyboard 
(node_modules/@testing-library/user-event/dist/cjs/keyboard/index.js:11:15)
      at Object.type 
(node_modules/@testing-library/user-event/dist/cjs/utility/type.js:17:5)
      at Object.<anonymous> (src/auth/auth.test.tsx:227:9)

    console.error
      Warning: An update to LoginForm inside a test was not wrapped in 
act(...).
      
      When testing, code that causes React state updates should be wrapped 
into act(...):
      
      act(() => {
        /* fire events that update state */
      });
      /* assert on the output */
      
      This ensures that you're testing the behavior the user would see in the 
browser. Learn more at https://reactjs.org/link/wrap-tests-with-act
          at LoginForm (C:\Users\samhe\OneDrive\Desktop\Cleaned\frontend\src\au
th\LoginForm\LoginForm.tsx:41:33)
          at div
          at div
          at LoginPage
          at routeContext (C:\Users\samhe\OneDrive\Desktop\Cleaned\frontend\nod
e_modules\react-router\lib\hooks.tsx:658:26)
          at children (C:\Users\samhe\OneDrive\Desktop\Cleaned\frontend\node_mo
dules\react-router\lib\components.tsx:512:3)
          at basenameProp (C:\Users\samhe\OneDrive\Desktop\Cleaned\frontend\nod
e_modules\react-router\lib\components.tsx:421:13)
          at basename (C:\Users\samhe\OneDrive\Desktop\Cleaned\frontend\node_mo
dules\react-router\lib\components.tsx:225:3)

      141 |                         placeholder="Enter your password"
      142 |                         value={password}
    > 143 |                         onChange={(e) => 
setPassword(e.target.value)}
          |                                          ^
      144 |                         className="w-full rounded-md border 
border-gray-300 px-3 py-2 pr-10 text-sm focus:outline-none focus:ring-2 
focus:ring-gray-900 disabled:opacity-50"
      145 |                     />
      146 |                     <button

      at printWarning 
(node_modules/react-dom/cjs/react-dom.development.js:86:30)
      at error (node_modules/react-dom/cjs/react-dom.development.js:60:7)
      at warnIfUpdatesNotWrappedWithActDEV 
(node_modules/react-dom/cjs/react-dom.development.js:27628:9)
      at scheduleUpdateOnFiber 
(node_modules/react-dom/cjs/react-dom.development.js:25547:5)
      at dispatchSetState 
(node_modules/react-dom/cjs/react-dom.development.js:16708:7)
      at onChange (src/auth/LoginForm/LoginForm.tsx:143:42)
      at HTMLUnknownElement.callCallback 
(node_modules/react-dom/cjs/react-dom.development.js:4164:14)
      at HTMLUnknownElement.callTheUserObjectsOperation 
(node_modules/jsdom/lib/jsdom/living/generated/EventListener.js:26:30)
      at innerInvokeEventListeners 
(node_modules/jsdom/lib/jsdom/living/events/EventTarget-impl.js:350:25)
      at invokeEventListeners 
(node_modules/jsdom/lib/jsdom/living/events/EventTarget-impl.js:286:3)
      at HTMLUnknownElementImpl._dispatch 
(node_modules/jsdom/lib/jsdom/living/events/EventTarget-impl.js:233:9)
      at HTMLUnknownElementImpl.dispatchEvent 
(node_modules/jsdom/lib/jsdom/living/events/EventTarget-impl.js:104:17)
      at HTMLUnknownElement.dispatchEvent 
(node_modules/jsdom/lib/jsdom/living/generated/EventTarget.js:241:34)
      at Object.invokeGuardedCallbackDev 
(node_modules/react-dom/cjs/react-dom.development.js:4213:16)
      at invokeGuardedCallback 
(node_modules/react-dom/cjs/react-dom.development.js:4277:31)
      at invokeGuardedCallbackAndCatchFirstError 
(node_modules/react-dom/cjs/react-dom.development.js:4291:25)
      at executeDispatch 
(node_modules/react-dom/cjs/react-dom.development.js:9041:3)
      at processDispatchQueueItemsInOrder 
(node_modules/react-dom/cjs/react-dom.development.js:9073:7)
      at processDispatchQueue 
(node_modules/react-dom/cjs/react-dom.development.js:9086:5)
      at dispatchEventsForPlugins 
(node_modules/react-dom/cjs/react-dom.development.js:9097:3)
      at node_modules/react-dom/cjs/react-dom.development.js:9288:12
      at batchedUpdates$1 
(node_modules/react-dom/cjs/react-dom.development.js:26179:12)
      at batchedUpdates 
(node_modules/react-dom/cjs/react-dom.development.js:3991:12)
      at dispatchEventForPluginEventSystem 
(node_modules/react-dom/cjs/react-dom.development.js:9287:3)
      at dispatchEventWithEnableCapturePhaseSelectiveHydrationWithoutDiscreteEv
entReplay (node_modules/react-dom/cjs/react-dom.development.js:6465:5)
      at dispatchEvent 
(node_modules/react-dom/cjs/react-dom.development.js:6457:5)
      at dispatchDiscreteEvent 
(node_modules/react-dom/cjs/react-dom.development.js:6430:5)
      at HTMLDivElement.callTheUserObjectsOperation 
(node_modules/jsdom/lib/jsdom/living/generated/EventListener.js:26:30)
      at innerInvokeEventListeners 
(node_modules/jsdom/lib/jsdom/living/events/EventTarget-impl.js:350:25)
      at invokeEventListeners 
(node_modules/jsdom/lib/jsdom/living/events/EventTarget-impl.js:286:3)
      at HTMLInputElementImpl._dispatch 
(node_modules/jsdom/lib/jsdom/living/events/EventTarget-impl.js:233:9)
      at HTMLInputElementImpl.dispatchEvent 
(node_modules/jsdom/lib/jsdom/living/events/EventTarget-impl.js:104:17)
      at HTMLInputElement.dispatchEvent 
(node_modules/jsdom/lib/jsdom/living/generated/EventTarget.js:241:34)
      at 
node_modules/@testing-library/user-event/dist/cjs/event/dispatchEvent.js:45:43
      at Object.eventWrapper 
(node_modules/@testing-library/dom/dist/config.js:25:23)
      at Object.wrapEvent 
(node_modules/@testing-library/user-event/dist/cjs/event/wrapEvent.js:6:28)
      at Object.dispatchEvent (node_modules/@testing-library/user-event/dist/cj
s/event/dispatchEvent.js:45:22)
      at Object.dispatchUIEvent (node_modules/@testing-library/user-event/dist/
cjs/event/dispatchEvent.js:22:26)
      at commitInput 
(node_modules/@testing-library/user-event/dist/cjs/event/input.js:145:14)
      at editInputElement 
(node_modules/@testing-library/user-event/dist/cjs/event/input.js:115:9)
      at Object.input 
(node_modules/@testing-library/user-event/dist/cjs/event/input.js:37:9)
      at node_modules/@testing-library/user-event/dist/cjs/event/behavior/keypr
ess.js:31:26
      at Object.dispatchEvent (node_modules/@testing-library/user-event/dist/cj
s/event/dispatchEvent.js:41:13)
      at Object.dispatchUIEvent (node_modules/@testing-library/user-event/dist/
cjs/event/dispatchEvent.js:22:26)
      at KeyboardHost.keydown 
(node_modules/@testing-library/user-event/dist/cjs/system/keyboard.js:76:22)
      at keyboardAction 
(node_modules/@testing-library/user-event/dist/cjs/keyboard/index.js:22:35)
      at Object.keyboard 
(node_modules/@testing-library/user-event/dist/cjs/keyboard/index.js:11:15)
      at Object.type 
(node_modules/@testing-library/user-event/dist/cjs/utility/type.js:17:5)
      at Object.<anonymous> (src/auth/auth.test.tsx:227:9)

    console.error
      Warning: An update to LoginForm inside a test was not wrapped in 
act(...).
      
      When testing, code that causes React state updates should be wrapped 
into act(...):
      
      act(() => {
        /* fire events that update state */
      });
      /* assert on the output */
      
      This ensures that you're testing the behavior the user would see in the 
browser. Learn more at https://reactjs.org/link/wrap-tests-with-act
          at LoginForm (C:\Users\samhe\OneDrive\Desktop\Cleaned\frontend\src\au
th\LoginForm\LoginForm.tsx:41:33)
          at div
          at div
          at LoginPage
          at routeContext (C:\Users\samhe\OneDrive\Desktop\Cleaned\frontend\nod
e_modules\react-router\lib\hooks.tsx:658:26)
          at children (C:\Users\samhe\OneDrive\Desktop\Cleaned\frontend\node_mo
dules\react-router\lib\components.tsx:512:3)
          at basenameProp (C:\Users\samhe\OneDrive\Desktop\Cleaned\frontend\nod
e_modules\react-router\lib\components.tsx:421:13)
          at basename (C:\Users\samhe\OneDrive\Desktop\Cleaned\frontend\node_mo
dules\react-router\lib\components.tsx:225:3)

      141 |                         placeholder="Enter your password"
      142 |                         value={password}
    > 143 |                         onChange={(e) => 
setPassword(e.target.value)}
          |                                          ^
      144 |                         className="w-full rounded-md border 
border-gray-300 px-3 py-2 pr-10 text-sm focus:outline-none focus:ring-2 
focus:ring-gray-900 disabled:opacity-50"
      145 |                     />
      146 |                     <button

      at printWarning 
(node_modules/react-dom/cjs/react-dom.development.js:86:30)
      at error (node_modules/react-dom/cjs/react-dom.development.js:60:7)
      at warnIfUpdatesNotWrappedWithActDEV 
(node_modules/react-dom/cjs/react-dom.development.js:27628:9)
      at scheduleUpdateOnFiber 
(node_modules/react-dom/cjs/react-dom.development.js:25547:5)
      at dispatchSetState 
(node_modules/react-dom/cjs/react-dom.development.js:16708:7)
      at onChange (src/auth/LoginForm/LoginForm.tsx:143:42)
      at HTMLUnknownElement.callCallback 
(node_modules/react-dom/cjs/react-dom.development.js:4164:14)
      at HTMLUnknownElement.callTheUserObjectsOperation 
(node_modules/jsdom/lib/jsdom/living/generated/EventListener.js:26:30)
      at innerInvokeEventListeners 
(node_modules/jsdom/lib/jsdom/living/events/EventTarget-impl.js:350:25)
      at invokeEventListeners 
(node_modules/jsdom/lib/jsdom/living/events/EventTarget-impl.js:286:3)
      at HTMLUnknownElementImpl._dispatch 
(node_modules/jsdom/lib/jsdom/living/events/EventTarget-impl.js:233:9)
      at HTMLUnknownElementImpl.dispatchEvent 
(node_modules/jsdom/lib/jsdom/living/events/EventTarget-impl.js:104:17)
      at HTMLUnknownElement.dispatchEvent 
(node_modules/jsdom/lib/jsdom/living/generated/EventTarget.js:241:34)
      at Object.invokeGuardedCallbackDev 
(node_modules/react-dom/cjs/react-dom.development.js:4213:16)
      at invokeGuardedCallback 
(node_modules/react-dom/cjs/react-dom.development.js:4277:31)
      at invokeGuardedCallbackAndCatchFirstError 
(node_modules/react-dom/cjs/react-dom.development.js:4291:25)
      at executeDispatch 
(node_modules/react-dom/cjs/react-dom.development.js:9041:3)
      at processDispatchQueueItemsInOrder 
(node_modules/react-dom/cjs/react-dom.development.js:9073:7)
      at processDispatchQueue 
(node_modules/react-dom/cjs/react-dom.development.js:9086:5)
      at dispatchEventsForPlugins 
(node_modules/react-dom/cjs/react-dom.development.js:9097:3)
      at node_modules/react-dom/cjs/react-dom.development.js:9288:12
      at batchedUpdates$1 
(node_modules/react-dom/cjs/react-dom.development.js:26179:12)
      at batchedUpdates 
(node_modules/react-dom/cjs/react-dom.development.js:3991:12)
      at dispatchEventForPluginEventSystem 
(node_modules/react-dom/cjs/react-dom.development.js:9287:3)
      at dispatchEventWithEnableCapturePhaseSelectiveHydrationWithoutDiscreteEv
entReplay (node_modules/react-dom/cjs/react-dom.development.js:6465:5)
      at dispatchEvent 
(node_modules/react-dom/cjs/react-dom.development.js:6457:5)
      at dispatchDiscreteEvent 
(node_modules/react-dom/cjs/react-dom.development.js:6430:5)
      at HTMLDivElement.callTheUserObjectsOperation 
(node_modules/jsdom/lib/jsdom/living/generated/EventListener.js:26:30)
      at innerInvokeEventListeners 
(node_modules/jsdom/lib/jsdom/living/events/EventTarget-impl.js:350:25)
      at invokeEventListeners 
(node_modules/jsdom/lib/jsdom/living/events/EventTarget-impl.js:286:3)
      at HTMLInputElementImpl._dispatch 
(node_modules/jsdom/lib/jsdom/living/events/EventTarget-impl.js:233:9)
      at HTMLInputElementImpl.dispatchEvent 
(node_modules/jsdom/lib/jsdom/living/events/EventTarget-impl.js:104:17)
      at HTMLInputElement.dispatchEvent 
(node_modules/jsdom/lib/jsdom/living/generated/EventTarget.js:241:34)
      at 
node_modules/@testing-library/user-event/dist/cjs/event/dispatchEvent.js:45:43
      at Object.eventWrapper 
(node_modules/@testing-library/dom/dist/config.js:25:23)
      at Object.wrapEvent 
(node_modules/@testing-library/user-event/dist/cjs/event/wrapEvent.js:6:28)
      at Object.dispatchEvent (node_modules/@testing-library/user-event/dist/cj
s/event/dispatchEvent.js:45:22)
      at Object.dispatchUIEvent (node_modules/@testing-library/user-event/dist/
cjs/event/dispatchEvent.js:22:26)
      at commitInput 
(node_modules/@testing-library/user-event/dist/cjs/event/input.js:145:14)
      at editInputElement 
(node_modules/@testing-library/user-event/dist/cjs/event/input.js:115:9)
      at Object.input 
(node_modules/@testing-library/user-event/dist/cjs/event/input.js:37:9)
      at node_modules/@testing-library/user-event/dist/cjs/event/behavior/keypr
ess.js:31:26
      at Object.dispatchEvent (node_modules/@testing-library/user-event/dist/cj
s/event/dispatchEvent.js:41:13)
      at Object.dispatchUIEvent (node_modules/@testing-library/user-event/dist/
cjs/event/dispatchEvent.js:22:26)
      at KeyboardHost.keydown 
(node_modules/@testing-library/user-event/dist/cjs/system/keyboard.js:76:22)
      at keyboardAction 
(node_modules/@testing-library/user-event/dist/cjs/keyboard/index.js:22:35)
      at Object.keyboard 
(node_modules/@testing-library/user-event/dist/cjs/keyboard/index.js:11:15)
      at Object.type 
(node_modules/@testing-library/user-event/dist/cjs/utility/type.js:17:5)
      at Object.<anonymous> (src/auth/auth.test.tsx:227:9)

    console.error
      Warning: An update to LoginForm inside a test was not wrapped in 
act(...).
      
      When testing, code that causes React state updates should be wrapped 
into act(...):
      
      act(() => {
        /* fire events that update state */
      });
      /* assert on the output */
      
      This ensures that you're testing the behavior the user would see in the 
browser. Learn more at https://reactjs.org/link/wrap-tests-with-act
          at LoginForm (C:\Users\samhe\OneDrive\Desktop\Cleaned\frontend\src\au
th\LoginForm\LoginForm.tsx:41:33)
          at div
          at div
          at LoginPage
          at routeContext (C:\Users\samhe\OneDrive\Desktop\Cleaned\frontend\nod
e_modules\react-router\lib\hooks.tsx:658:26)
          at children (C:\Users\samhe\OneDrive\Desktop\Cleaned\frontend\node_mo
dules\react-router\lib\components.tsx:512:3)
          at basenameProp (C:\Users\samhe\OneDrive\Desktop\Cleaned\frontend\nod
e_modules\react-router\lib\components.tsx:421:13)
          at basename (C:\Users\samhe\OneDrive\Desktop\Cleaned\frontend\node_mo
dules\react-router\lib\components.tsx:225:3)

      52 |     async function handleSubmit(e: React.FormEvent) {
      53 |         e.preventDefault()
    > 54 |         setError('')
         |         ^
      55 |
      56 |         // Client-side empty field validation (R-AUTH-EMPTY)
      57 |         if (!email.trim() || !password) {

      at printWarning 
(node_modules/react-dom/cjs/react-dom.development.js:86:30)
      at error (node_modules/react-dom/cjs/react-dom.development.js:60:7)
      at warnIfUpdatesNotWrappedWithActDEV 
(node_modules/react-dom/cjs/react-dom.development.js:27628:9)
      at scheduleUpdateOnFiber 
(node_modules/react-dom/cjs/react-dom.development.js:25547:5)
      at dispatchSetState 
(node_modules/react-dom/cjs/react-dom.development.js:16708:7)
      at handleSubmit (src/auth/LoginForm/LoginForm.tsx:54:9)
      at HTMLUnknownElement.callCallback 
(node_modules/react-dom/cjs/react-dom.development.js:4164:14)
      at HTMLUnknownElement.callTheUserObjectsOperation 
(node_modules/jsdom/lib/jsdom/living/generated/EventListener.js:26:30)
      at innerInvokeEventListeners 
(node_modules/jsdom/lib/jsdom/living/events/EventTarget-impl.js:350:25)
      at invokeEventListeners 
(node_modules/jsdom/lib/jsdom/living/events/EventTarget-impl.js:286:3)
      at HTMLUnknownElementImpl._dispatch 
(node_modules/jsdom/lib/jsdom/living/events/EventTarget-impl.js:233:9)
      at HTMLUnknownElementImpl.dispatchEvent 
(node_modules/jsdom/lib/jsdom/living/events/EventTarget-impl.js:104:17)
      at HTMLUnknownElement.dispatchEvent 
(node_modules/jsdom/lib/jsdom/living/generated/EventTarget.js:241:34)
      at Object.invokeGuardedCallbackDev 
(node_modules/react-dom/cjs/react-dom.development.js:4213:16)
      at invokeGuardedCallback 
(node_modules/react-dom/cjs/react-dom.development.js:4277:31)
      at invokeGuardedCallbackAndCatchFirstError 
(node_modules/react-dom/cjs/react-dom.development.js:4291:25)
      at executeDispatch 
(node_modules/react-dom/cjs/react-dom.development.js:9041:3)
      at processDispatchQueueItemsInOrder 
(node_modules/react-dom/cjs/react-dom.development.js:9073:7)
      at processDispatchQueue 
(node_modules/react-dom/cjs/react-dom.development.js:9086:5)
      at dispatchEventsForPlugins 
(node_modules/react-dom/cjs/react-dom.development.js:9097:3)
      at node_modules/react-dom/cjs/react-dom.development.js:9288:12
      at batchedUpdates$1 
(node_modules/react-dom/cjs/react-dom.development.js:26179:12)
      at batchedUpdates 
(node_modules/react-dom/cjs/react-dom.development.js:3991:12)
      at dispatchEventForPluginEventSystem 
(node_modules/react-dom/cjs/react-dom.development.js:9287:3)
      at dispatchEventWithEnableCapturePhaseSelectiveHydrationWithoutDiscreteEv
entReplay (node_modules/react-dom/cjs/react-dom.development.js:6465:5)
      at dispatchEvent 
(node_modules/react-dom/cjs/react-dom.development.js:6457:5)
      at dispatchDiscreteEvent 
(node_modules/react-dom/cjs/react-dom.development.js:6430:5)
      at HTMLDivElement.callTheUserObjectsOperation 
(node_modules/jsdom/lib/jsdom/living/generated/EventListener.js:26:30)
      at innerInvokeEventListeners 
(node_modules/jsdom/lib/jsdom/living/events/EventTarget-impl.js:350:25)
      at invokeEventListeners 
(node_modules/jsdom/lib/jsdom/living/events/EventTarget-impl.js:286:3)
      at HTMLFormElementImpl._dispatch 
(node_modules/jsdom/lib/jsdom/living/events/EventTarget-impl.js:233:9)
      at fireAnEvent 
(node_modules/jsdom/lib/jsdom/living/helpers/events.js:18:36)
      at HTMLFormElementImpl.requestSubmit 
(node_modules/jsdom/lib/jsdom/living/nodes/HTMLFormElement-impl.js:109:10)
      at HTMLFormElementImpl._doRequestSubmit 
(node_modules/jsdom/lib/jsdom/living/nodes/HTMLFormElement-impl.js:79:10)
      at HTMLButtonElementImpl._activationBehavior 
(node_modules/jsdom/lib/jsdom/living/nodes/HTMLButtonElement-impl.js:23:14)
      at HTMLButtonElementImpl._dispatch 
(node_modules/jsdom/lib/jsdom/living/events/EventTarget-impl.js:252:26)
      at HTMLButtonElementImpl.dispatchEvent 
(node_modules/jsdom/lib/jsdom/living/events/EventTarget-impl.js:104:17)
      at HTMLButtonElement.dispatchEvent 
(node_modules/jsdom/lib/jsdom/living/generated/EventTarget.js:241:34)
      at 
node_modules/@testing-library/user-event/dist/cjs/event/dispatchEvent.js:45:43
      at Object.eventWrapper 
(node_modules/@testing-library/dom/dist/config.js:25:23)
      at Object.wrapEvent 
(node_modules/@testing-library/user-event/dist/cjs/event/wrapEvent.js:6:28)
      at Object.dispatchEvent (node_modules/@testing-library/user-event/dist/cj
s/event/dispatchEvent.js:45:22)
      at Object.dispatchUIEvent (node_modules/@testing-library/user-event/dist/
cjs/event/dispatchEvent.js:22:26)
      at Mouse.up (node_modules/@testing-library/user-event/dist/cjs/system/poi
nter/mouse.js:100:30)
      at PointerHost.release (node_modules/@testing-library/user-event/dist/cjs
/system/pointer/index.js:87:24)
      at pointerAction 
(node_modules/@testing-library/user-event/dist/cjs/pointer/index.js:54:47)
      at Object.pointer 
(node_modules/@testing-library/user-event/dist/cjs/pointer/index.js:27:9)
      at Object.<anonymous> (src/auth/auth.test.tsx:228:9)

    console.error
      Warning: An update to LoginForm inside a test was not wrapped in 
act(...).
      
      When testing, code that causes React state updates should be wrapped 
into act(...):
      
      act(() => {
        /* fire events that update state */
      });
      /* assert on the output */
      
      This ensures that you're testing the behavior the user would see in the 
browser. Learn more at https://reactjs.org/link/wrap-tests-with-act
          at LoginForm (C:\Users\samhe\OneDrive\Desktop\Cleaned\frontend\src\au
th\LoginForm\LoginForm.tsx:41:33)
          at div
          at div
          at LoginPage
          at routeContext (C:\Users\samhe\OneDrive\Desktop\Cleaned\frontend\nod
e_modules\react-router\lib\hooks.tsx:658:26)
          at children (C:\Users\samhe\OneDrive\Desktop\Cleaned\frontend\node_mo
dules\react-router\lib\components.tsx:512:3)
          at basenameProp (C:\Users\samhe\OneDrive\Desktop\Cleaned\frontend\nod
e_modules\react-router\lib\components.tsx:421:13)
          at basename (C:\Users\samhe\OneDrive\Desktop\Cleaned\frontend\node_mo
dules\react-router\lib\components.tsx:225:3)

      60 |         }
      61 |
    > 62 |         setLoading(true)
         |         ^
      63 |
      64 |         try {
      65 |             const response = await apiPost<{ token: string; user: 
Record<string, unknown> }>(

      at printWarning 
(node_modules/react-dom/cjs/react-dom.development.js:86:30)
      at error (node_modules/react-dom/cjs/react-dom.development.js:60:7)
      at warnIfUpdatesNotWrappedWithActDEV 
(node_modules/react-dom/cjs/react-dom.development.js:27628:9)
      at scheduleUpdateOnFiber 
(node_modules/react-dom/cjs/react-dom.development.js:25547:5)
      at dispatchSetState 
(node_modules/react-dom/cjs/react-dom.development.js:16708:7)
      at handleSubmit (src/auth/LoginForm/LoginForm.tsx:62:9)
      at HTMLUnknownElement.callCallback 
(node_modules/react-dom/cjs/react-dom.development.js:4164:14)
      at HTMLUnknownElement.callTheUserObjectsOperation 
(node_modules/jsdom/lib/jsdom/living/generated/EventListener.js:26:30)
      at innerInvokeEventListeners 
(node_modules/jsdom/lib/jsdom/living/events/EventTarget-impl.js:350:25)
      at invokeEventListeners 
(node_modules/jsdom/lib/jsdom/living/events/EventTarget-impl.js:286:3)
      at HTMLUnknownElementImpl._dispatch 
(node_modules/jsdom/lib/jsdom/living/events/EventTarget-impl.js:233:9)
      at HTMLUnknownElementImpl.dispatchEvent 
(node_modules/jsdom/lib/jsdom/living/events/EventTarget-impl.js:104:17)
      at HTMLUnknownElement.dispatchEvent 
(node_modules/jsdom/lib/jsdom/living/generated/EventTarget.js:241:34)
      at Object.invokeGuardedCallbackDev 
(node_modules/react-dom/cjs/react-dom.development.js:4213:16)
      at invokeGuardedCallback 
(node_modules/react-dom/cjs/react-dom.development.js:4277:31)
      at invokeGuardedCallbackAndCatchFirstError 
(node_modules/react-dom/cjs/react-dom.development.js:4291:25)
      at executeDispatch 
(node_modules/react-dom/cjs/react-dom.development.js:9041:3)
      at processDispatchQueueItemsInOrder 
(node_modules/react-dom/cjs/react-dom.development.js:9073:7)
      at processDispatchQueue 
(node_modules/react-dom/cjs/react-dom.development.js:9086:5)
      at dispatchEventsForPlugins 
(node_modules/react-dom/cjs/react-dom.development.js:9097:3)
      at node_modules/react-dom/cjs/react-dom.development.js:9288:12
      at batchedUpdates$1 
(node_modules/react-dom/cjs/react-dom.development.js:26179:12)
      at batchedUpdates 
(node_modules/react-dom/cjs/react-dom.development.js:3991:12)
      at dispatchEventForPluginEventSystem 
(node_modules/react-dom/cjs/react-dom.development.js:9287:3)
      at dispatchEventWithEnableCapturePhaseSelectiveHydrationWithoutDiscreteEv
entReplay (node_modules/react-dom/cjs/react-dom.development.js:6465:5)
      at dispatchEvent 
(node_modules/react-dom/cjs/react-dom.development.js:6457:5)
      at dispatchDiscreteEvent 
(node_modules/react-dom/cjs/react-dom.development.js:6430:5)
      at HTMLDivElement.callTheUserObjectsOperation 
(node_modules/jsdom/lib/jsdom/living/generated/EventListener.js:26:30)
      at innerInvokeEventListeners 
(node_modules/jsdom/lib/jsdom/living/events/EventTarget-impl.js:350:25)
      at invokeEventListeners 
(node_modules/jsdom/lib/jsdom/living/events/EventTarget-impl.js:286:3)
      at HTMLFormElementImpl._dispatch 
(node_modules/jsdom/lib/jsdom/living/events/EventTarget-impl.js:233:9)
      at fireAnEvent 
(node_modules/jsdom/lib/jsdom/living/helpers/events.js:18:36)
      at HTMLFormElementImpl.requestSubmit 
(node_modules/jsdom/lib/jsdom/living/nodes/HTMLFormElement-impl.js:109:10)
      at HTMLFormElementImpl._doRequestSubmit 
(node_modules/jsdom/lib/jsdom/living/nodes/HTMLFormElement-impl.js:79:10)
      at HTMLButtonElementImpl._activationBehavior 
(node_modules/jsdom/lib/jsdom/living/nodes/HTMLButtonElement-impl.js:23:14)
      at HTMLButtonElementImpl._dispatch 
(node_modules/jsdom/lib/jsdom/living/events/EventTarget-impl.js:252:26)
      at HTMLButtonElementImpl.dispatchEvent 
(node_modules/jsdom/lib/jsdom/living/events/EventTarget-impl.js:104:17)
      at HTMLButtonElement.dispatchEvent 
(node_modules/jsdom/lib/jsdom/living/generated/EventTarget.js:241:34)
      at 
node_modules/@testing-library/user-event/dist/cjs/event/dispatchEvent.js:45:43
      at Object.eventWrapper 
(node_modules/@testing-library/dom/dist/config.js:25:23)
      at Object.wrapEvent 
(node_modules/@testing-library/user-event/dist/cjs/event/wrapEvent.js:6:28)
      at Object.dispatchEvent (node_modules/@testing-library/user-event/dist/cj
s/event/dispatchEvent.js:45:22)
      at Object.dispatchUIEvent (node_modules/@testing-library/user-event/dist/
cjs/event/dispatchEvent.js:22:26)
      at Mouse.up (node_modules/@testing-library/user-event/dist/cjs/system/poi
nter/mouse.js:100:30)
      at PointerHost.release (node_modules/@testing-library/user-event/dist/cjs
/system/pointer/index.js:87:24)
      at pointerAction 
(node_modules/@testing-library/user-event/dist/cjs/pointer/index.js:54:47)
      at Object.pointer 
(node_modules/@testing-library/user-event/dist/cjs/pointer/index.js:27:9)
      at Object.<anonymous> (src/auth/auth.test.tsx:228:9)

    console.error
      Warning: An update to LoginForm inside a test was not wrapped in 
act(...).
      
      When testing, code that causes React state updates should be wrapped 
into act(...):
      
      act(() => {
        /* fire events that update state */
      });
      /* assert on the output */
      
      This ensures that you're testing the behavior the user would see in the 
browser. Learn more at https://reactjs.org/link/wrap-tests-with-act
          at LoginForm (C:\Users\samhe\OneDrive\Desktop\Cleaned\frontend\src\au
th\LoginForm\LoginForm.tsx:41:33)
          at div
          at div
          at LoginPage
          at routeContext (C:\Users\samhe\OneDrive\Desktop\Cleaned\frontend\nod
e_modules\react-router\lib\hooks.tsx:658:26)
          at children (C:\Users\samhe\OneDrive\Desktop\Cleaned\frontend\node_mo
dules\react-router\lib\components.tsx:512:3)
          at basenameProp (C:\Users\samhe\OneDrive\Desktop\Cleaned\frontend\nod
e_modules\react-router\lib\components.tsx:421:13)
          at basename (C:\Users\samhe\OneDrive\Desktop\Cleaned\frontend\node_mo
dules\react-router\lib\components.tsx:225:3)

      92 |                 }
      93 |             } else {
    > 94 |                 setError('Something went wrong. Please try again 
later.')
         |                 ^
      95 |             }
      96 |         } finally {
      97 |             setLoading(false)

      at printWarning 
(node_modules/react-dom/cjs/react-dom.development.js:86:30)
      at error (node_modules/react-dom/cjs/react-dom.development.js:60:7)
      at warnIfUpdatesNotWrappedWithActDEV 
(node_modules/react-dom/cjs/react-dom.development.js:27628:9)
      at scheduleUpdateOnFiber 
(node_modules/react-dom/cjs/react-dom.development.js:25547:5)
      at dispatchSetState 
(node_modules/react-dom/cjs/react-dom.development.js:16708:7)
      at handleSubmit (src/auth/LoginForm/LoginForm.tsx:94:17)

    console.error
      Warning: An update to LoginForm inside a test was not wrapped in 
act(...).
      
      When testing, code that causes React state updates should be wrapped 
into act(...):
      
      act(() => {
        /* fire events that update state */
      });
      /* assert on the output */
      
      This ensures that you're testing the behavior the user would see in the 
browser. Learn more at https://reactjs.org/link/wrap-tests-with-act
          at LoginForm (C:\Users\samhe\OneDrive\Desktop\Cleaned\frontend\src\au
th\LoginForm\LoginForm.tsx:41:33)
          at div
          at div
          at LoginPage
          at routeContext (C:\Users\samhe\OneDrive\Desktop\Cleaned\frontend\nod
e_modules\react-router\lib\hooks.tsx:658:26)
          at children (C:\Users\samhe\OneDrive\Desktop\Cleaned\frontend\node_mo
dules\react-router\lib\components.tsx:512:3)
          at basenameProp (C:\Users\samhe\OneDrive\Desktop\Cleaned\frontend\nod
e_modules\react-router\lib\components.tsx:421:13)
          at basename (C:\Users\samhe\OneDrive\Desktop\Cleaned\frontend\node_mo
dules\react-router\lib\components.tsx:225:3)

       95 |             }
       96 |         } finally {
    >  97 |             setLoading(false)
          |             ^
       98 |         }
       99 |     }
      100 |

      at printWarning 
(node_modules/react-dom/cjs/react-dom.development.js:86:30)
      at error (node_modules/react-dom/cjs/react-dom.development.js:60:7)
      at warnIfUpdatesNotWrappedWithActDEV 
(node_modules/react-dom/cjs/react-dom.development.js:27628:9)
      at scheduleUpdateOnFiber 
(node_modules/react-dom/cjs/react-dom.development.js:25547:5)
      at dispatchSetState 
(node_modules/react-dom/cjs/react-dom.development.js:16708:7)
      at handleSubmit (src/auth/LoginForm/LoginForm.tsx:97:13)

    console.error
      Warning: An update to LoginForm inside a test was not wrapped in 
act(...).
      
      When testing, code that causes React state updates should be wrapped 
into act(...):
      
      act(() => {
        /* fire events that update state */
      });
      /* assert on the output */
      
      This ensures that you're testing the behavior the user would see in the 
browser. Learn more at https://reactjs.org/link/wrap-tests-with-act
          at LoginForm (C:\Users\samhe\OneDrive\Desktop\Cleaned\frontend\src\au
th\LoginForm\LoginForm.tsx:41:33)
          at div
          at div
          at LoginPage
          at routeContext (C:\Users\samhe\OneDrive\Desktop\Cleaned\frontend\nod
e_modules\react-router\lib\hooks.tsx:658:26)
          at children (C:\Users\samhe\OneDrive\Desktop\Cleaned\frontend\node_mo
dules\react-router\lib\components.tsx:512:3)
          at basenameProp (C:\Users\samhe\OneDrive\Desktop\Cleaned\frontend\nod
e_modules\react-router\lib\components.tsx:421:13)
          at basename (C:\Users\samhe\OneDrive\Desktop\Cleaned\frontend\node_mo
dules\react-router\lib\components.tsx:225:3)

      123 |                     placeholder="email@company.com"
      124 |                     value={email}
    > 125 |                     onChange={(e) => setEmail(e.target.value)}
          |                                      ^
      126 |                     className="w-full rounded-md border 
border-gray-300 px-3 py-2 text-sm focus:outline-none focus:ring-2 
focus:ring-gray-900 disabled:opacity-50"
      127 |                 />
      128 |             </div>

      at printWarning 
(node_modules/react-dom/cjs/react-dom.development.js:86:30)
      at error (node_modules/react-dom/cjs/react-dom.development.js:60:7)
      at warnIfUpdatesNotWrappedWithActDEV 
(node_modules/react-dom/cjs/react-dom.development.js:27628:9)
      at scheduleUpdateOnFiber 
(node_modules/react-dom/cjs/react-dom.development.js:25547:5)
      at dispatchSetState 
(node_modules/react-dom/cjs/react-dom.development.js:16708:7)
      at onChange (src/auth/LoginForm/LoginForm.tsx:125:38)
      at HTMLUnknownElement.callCallback 
(node_modules/react-dom/cjs/react-dom.development.js:4164:14)
      at HTMLUnknownElement.callTheUserObjectsOperation 
(node_modules/jsdom/lib/jsdom/living/generated/EventListener.js:26:30)
      at innerInvokeEventListeners 
(node_modules/jsdom/lib/jsdom/living/events/EventTarget-impl.js:350:25)
      at invokeEventListeners 
(node_modules/jsdom/lib/jsdom/living/events/EventTarget-impl.js:286:3)
      at HTMLUnknownElementImpl._dispatch 
(node_modules/jsdom/lib/jsdom/living/events/EventTarget-impl.js:233:9)
      at HTMLUnknownElementImpl.dispatchEvent 
(node_modules/jsdom/lib/jsdom/living/events/EventTarget-impl.js:104:17)
      at HTMLUnknownElement.dispatchEvent 
(node_modules/jsdom/lib/jsdom/living/generated/EventTarget.js:241:34)
      at Object.invokeGuardedCallbackDev 
(node_modules/react-dom/cjs/react-dom.development.js:4213:16)
      at invokeGuardedCallback 
(node_modules/react-dom/cjs/react-dom.development.js:4277:31)
      at invokeGuardedCallbackAndCatchFirstError 
(node_modules/react-dom/cjs/react-dom.development.js:4291:25)
      at executeDispatch 
(node_modules/react-dom/cjs/react-dom.development.js:9041:3)
      at processDispatchQueueItemsInOrder 
(node_modules/react-dom/cjs/react-dom.development.js:9073:7)
      at processDispatchQueue 
(node_modules/react-dom/cjs/react-dom.development.js:9086:5)
      at dispatchEventsForPlugins 
(node_modules/react-dom/cjs/react-dom.development.js:9097:3)
      at node_modules/react-dom/cjs/react-dom.development.js:9288:12
      at batchedUpdates$1 
(node_modules/react-dom/cjs/react-dom.development.js:26179:12)
      at batchedUpdates 
(node_modules/react-dom/cjs/react-dom.development.js:3991:12)
      at dispatchEventForPluginEventSystem 
(node_modules/react-dom/cjs/react-dom.development.js:9287:3)
      at dispatchEventWithEnableCapturePhaseSelectiveHydrationWithoutDiscreteEv
entReplay (node_modules/react-dom/cjs/react-dom.development.js:6465:5)
      at dispatchEvent 
(node_modules/react-dom/cjs/react-dom.development.js:6457:5)
      at dispatchDiscreteEvent 
(node_modules/react-dom/cjs/react-dom.development.js:6430:5)
      at HTMLDivElement.callTheUserObjectsOperation 
(node_modules/jsdom/lib/jsdom/living/generated/EventListener.js:26:30)
      at innerInvokeEventListeners 
(node_modules/jsdom/lib/jsdom/living/events/EventTarget-impl.js:350:25)
      at invokeEventListeners 
(node_modules/jsdom/lib/jsdom/living/events/EventTarget-impl.js:286:3)
      at HTMLInputElementImpl._dispatch 
(node_modules/jsdom/lib/jsdom/living/events/EventTarget-impl.js:233:9)
      at HTMLInputElementImpl.dispatchEvent 
(node_modules/jsdom/lib/jsdom/living/events/EventTarget-impl.js:104:17)
      at HTMLInputElement.dispatchEvent 
(node_modules/jsdom/lib/jsdom/living/generated/EventTarget.js:241:34)
      at 
node_modules/@testing-library/user-event/dist/cjs/event/dispatchEvent.js:45:43
      at Object.eventWrapper 
(node_modules/@testing-library/dom/dist/config.js:25:23)
      at Object.wrapEvent 
(node_modules/@testing-library/user-event/dist/cjs/event/wrapEvent.js:6:28)
      at Object.dispatchEvent (node_modules/@testing-library/user-event/dist/cj
s/event/dispatchEvent.js:45:22)
      at Object.dispatchUIEvent (node_modules/@testing-library/user-event/dist/
cjs/event/dispatchEvent.js:22:26)
      at commitInput 
(node_modules/@testing-library/user-event/dist/cjs/event/input.js:145:14)
      at editInputElement 
(node_modules/@testing-library/user-event/dist/cjs/event/input.js:115:9)
      at Object.input 
(node_modules/@testing-library/user-event/dist/cjs/event/input.js:37:9)
      at node_modules/@testing-library/user-event/dist/cjs/event/behavior/keypr
ess.js:31:26
      at Object.dispatchEvent (node_modules/@testing-library/user-event/dist/cj
s/event/dispatchEvent.js:41:13)
      at Object.dispatchUIEvent (node_modules/@testing-library/user-event/dist/
cjs/event/dispatchEvent.js:22:26)
      at KeyboardHost.keydown 
(node_modules/@testing-library/user-event/dist/cjs/system/keyboard.js:76:22)
      at keyboardAction 
(node_modules/@testing-library/user-event/dist/cjs/keyboard/index.js:22:35)
      at Object.keyboard 
(node_modules/@testing-library/user-event/dist/cjs/keyboard/index.js:11:15)
      at Object.type 
(node_modules/@testing-library/user-event/dist/cjs/utility/type.js:17:5)
      at Object.<anonymous> (src/auth/auth.test.tsx:237:9)

    console.error
      Warning: An update to LoginForm inside a test was not wrapped in 
act(...).
      
      When testing, code that causes React state updates should be wrapped 
into act(...):
      
      act(() => {
        /* fire events that update state */
      });
      /* assert on the output */
      
      This ensures that you're testing the behavior the user would see in the 
browser. Learn more at https://reactjs.org/link/wrap-tests-with-act
          at LoginForm (C:\Users\samhe\OneDrive\Desktop\Cleaned\frontend\src\au
th\LoginForm\LoginForm.tsx:41:33)
          at div
          at div
          at LoginPage
          at routeContext (C:\Users\samhe\OneDrive\Desktop\Cleaned\frontend\nod
e_modules\react-router\lib\hooks.tsx:658:26)
          at children (C:\Users\samhe\OneDrive\Desktop\Cleaned\frontend\node_mo
dules\react-router\lib\components.tsx:512:3)
          at basenameProp (C:\Users\samhe\OneDrive\Desktop\Cleaned\frontend\nod
e_modules\react-router\lib\components.tsx:421:13)
          at basename (C:\Users\samhe\OneDrive\Desktop\Cleaned\frontend\node_mo
dules\react-router\lib\components.tsx:225:3)

      123 |                     placeholder="email@company.com"
      124 |                     value={email}
    > 125 |                     onChange={(e) => setEmail(e.target.value)}
          |                                      ^
      126 |                     className="w-full rounded-md border 
border-gray-300 px-3 py-2 text-sm focus:outline-none focus:ring-2 
focus:ring-gray-900 disabled:opacity-50"
      127 |                 />
      128 |             </div>

      at printWarning 
(node_modules/react-dom/cjs/react-dom.development.js:86:30)
      at error (node_modules/react-dom/cjs/react-dom.development.js:60:7)
      at warnIfUpdatesNotWrappedWithActDEV 
(node_modules/react-dom/cjs/react-dom.development.js:27628:9)
      at scheduleUpdateOnFiber 
(node_modules/react-dom/cjs/react-dom.development.js:25547:5)
      at dispatchSetState 
(node_modules/react-dom/cjs/react-dom.development.js:16708:7)
      at onChange (src/auth/LoginForm/LoginForm.tsx:125:38)
      at HTMLUnknownElement.callCallback 
(node_modules/react-dom/cjs/react-dom.development.js:4164:14)
      at HTMLUnknownElement.callTheUserObjectsOperation 
(node_modules/jsdom/lib/jsdom/living/generated/EventListener.js:26:30)
      at innerInvokeEventListeners 
(node_modules/jsdom/lib/jsdom/living/events/EventTarget-impl.js:350:25)
      at invokeEventListeners 
(node_modules/jsdom/lib/jsdom/living/events/EventTarget-impl.js:286:3)
      at HTMLUnknownElementImpl._dispatch 
(node_modules/jsdom/lib/jsdom/living/events/EventTarget-impl.js:233:9)
      at HTMLUnknownElementImpl.dispatchEvent 
(node_modules/jsdom/lib/jsdom/living/events/EventTarget-impl.js:104:17)
      at HTMLUnknownElement.dispatchEvent 
(node_modules/jsdom/lib/jsdom/living/generated/EventTarget.js:241:34)
      at Object.invokeGuardedCallbackDev 
(node_modules/react-dom/cjs/react-dom.development.js:4213:16)
      at invokeGuardedCallback 
(node_modules/react-dom/cjs/react-dom.development.js:4277:31)
      at invokeGuardedCallbackAndCatchFirstError 
(node_modules/react-dom/cjs/react-dom.development.js:4291:25)
      at executeDispatch 
(node_modules/react-dom/cjs/react-dom.development.js:9041:3)
      at processDispatchQueueItemsInOrder 
(node_modules/react-dom/cjs/react-dom.development.js:9073:7)
      at processDispatchQueue 
(node_modules/react-dom/cjs/react-dom.development.js:9086:5)
      at dispatchEventsForPlugins 
(node_modules/react-dom/cjs/react-dom.development.js:9097:3)
      at node_modules/react-dom/cjs/react-dom.development.js:9288:12
      at batchedUpdates$1 
(node_modules/react-dom/cjs/react-dom.development.js:26179:12)
      at batchedUpdates 
(node_modules/react-dom/cjs/react-dom.development.js:3991:12)
      at dispatchEventForPluginEventSystem 
(node_modules/react-dom/cjs/react-dom.development.js:9287:3)
      at dispatchEventWithEnableCapturePhaseSelectiveHydrationWithoutDiscreteEv
entReplay (node_modules/react-dom/cjs/react-dom.development.js:6465:5)
      at dispatchEvent 
(node_modules/react-dom/cjs/react-dom.development.js:6457:5)
      at dispatchDiscreteEvent 
(node_modules/react-dom/cjs/react-dom.development.js:6430:5)
      at HTMLDivElement.callTheUserObjectsOperation 
(node_modules/jsdom/lib/jsdom/living/generated/EventListener.js:26:30)
      at innerInvokeEventListeners 
(node_modules/jsdom/lib/jsdom/living/events/EventTarget-impl.js:350:25)
      at invokeEventListeners 
(node_modules/jsdom/lib/jsdom/living/events/EventTarget-impl.js:286:3)
      at HTMLInputElementImpl._dispatch 
(node_modules/jsdom/lib/jsdom/living/events/EventTarget-impl.js:233:9)
      at HTMLInputElementImpl.dispatchEvent 
(node_modules/jsdom/lib/jsdom/living/events/EventTarget-impl.js:104:17)
      at HTMLInputElement.dispatchEvent 
(node_modules/jsdom/lib/jsdom/living/generated/EventTarget.js:241:34)
      at 
node_modules/@testing-library/user-event/dist/cjs/event/dispatchEvent.js:45:43
      at Object.eventWrapper 
(node_modules/@testing-library/dom/dist/config.js:25:23)
      at Object.wrapEvent 
(node_modules/@testing-library/user-event/dist/cjs/event/wrapEvent.js:6:28)
      at Object.dispatchEvent (node_modules/@testing-library/user-event/dist/cj
s/event/dispatchEvent.js:45:22)
      at Object.dispatchUIEvent (node_modules/@testing-library/user-event/dist/
cjs/event/dispatchEvent.js:22:26)
      at commitInput 
(node_modules/@testing-library/user-event/dist/cjs/event/input.js:145:14)
      at editInputElement 
(node_modules/@testing-library/user-event/dist/cjs/event/input.js:115:9)
      at Object.input 
(node_modules/@testing-library/user-event/dist/cjs/event/input.js:37:9)
      at node_modules/@testing-library/user-event/dist/cjs/event/behavior/keypr
ess.js:31:26
      at Object.dispatchEvent (node_modules/@testing-library/user-event/dist/cj
s/event/dispatchEvent.js:41:13)
      at Object.dispatchUIEvent (node_modules/@testing-library/user-event/dist/
cjs/event/dispatchEvent.js:22:26)
      at KeyboardHost.keydown 
(node_modules/@testing-library/user-event/dist/cjs/system/keyboard.js:76:22)
      at keyboardAction 
(node_modules/@testing-library/user-event/dist/cjs/keyboard/index.js:22:35)
      at Object.keyboard 
(node_modules/@testing-library/user-event/dist/cjs/keyboard/index.js:11:15)
      at Object.type 
(node_modules/@testing-library/user-event/dist/cjs/utility/type.js:17:5)
      at Object.<anonymous> (src/auth/auth.test.tsx:237:9)

    console.error
      Warning: An update to LoginForm inside a test was not wrapped in 
act(...).
      
      When testing, code that causes React state updates should be wrapped 
into act(...):
      
      act(() => {
        /* fire events that update state */
      });
      /* assert on the output */
      
      This ensures that you're testing the behavior the user would see in the 
browser. Learn more at https://reactjs.org/link/wrap-tests-with-act
          at LoginForm (C:\Users\samhe\OneDrive\Desktop\Cleaned\frontend\src\au
th\LoginForm\LoginForm.tsx:41:33)
          at div
          at div
          at LoginPage
          at routeContext (C:\Users\samhe\OneDrive\Desktop\Cleaned\frontend\nod
e_modules\react-router\lib\hooks.tsx:658:26)
          at children (C:\Users\samhe\OneDrive\Desktop\Cleaned\frontend\node_mo
dules\react-router\lib\components.tsx:512:3)
          at basenameProp (C:\Users\samhe\OneDrive\Desktop\Cleaned\frontend\nod
e_modules\react-router\lib\components.tsx:421:13)
          at basename (C:\Users\samhe\OneDrive\Desktop\Cleaned\frontend\node_mo
dules\react-router\lib\components.tsx:225:3)

      123 |                     placeholder="email@company.com"
      124 |                     value={email}
    > 125 |                     onChange={(e) => setEmail(e.target.value)}
          |                                      ^
      126 |                     className="w-full rounded-md border 
border-gray-300 px-3 py-2 text-sm focus:outline-none focus:ring-2 
focus:ring-gray-900 disabled:opacity-50"
      127 |                 />
      128 |             </div>

      at printWarning 
(node_modules/react-dom/cjs/react-dom.development.js:86:30)
      at error (node_modules/react-dom/cjs/react-dom.development.js:60:7)
      at warnIfUpdatesNotWrappedWithActDEV 
(node_modules/react-dom/cjs/react-dom.development.js:27628:9)
      at scheduleUpdateOnFiber 
(node_modules/react-dom/cjs/react-dom.development.js:25547:5)
      at dispatchSetState 
(node_modules/react-dom/cjs/react-dom.development.js:16708:7)
      at onChange (src/auth/LoginForm/LoginForm.tsx:125:38)
      at HTMLUnknownElement.callCallback 
(node_modules/react-dom/cjs/react-dom.development.js:4164:14)
      at HTMLUnknownElement.callTheUserObjectsOperation 
(node_modules/jsdom/lib/jsdom/living/generated/EventListener.js:26:30)
      at innerInvokeEventListeners 
(node_modules/jsdom/lib/jsdom/living/events/EventTarget-impl.js:350:25)
      at invokeEventListeners 
(node_modules/jsdom/lib/jsdom/living/events/EventTarget-impl.js:286:3)
      at HTMLUnknownElementImpl._dispatch 
(node_modules/jsdom/lib/jsdom/living/events/EventTarget-impl.js:233:9)
      at HTMLUnknownElementImpl.dispatchEvent 
(node_modules/jsdom/lib/jsdom/living/events/EventTarget-impl.js:104:17)
      at HTMLUnknownElement.dispatchEvent 
(node_modules/jsdom/lib/jsdom/living/generated/EventTarget.js:241:34)
      at Object.invokeGuardedCallbackDev 
(node_modules/react-dom/cjs/react-dom.development.js:4213:16)
      at invokeGuardedCallback 
(node_modules/react-dom/cjs/react-dom.development.js:4277:31)
      at invokeGuardedCallbackAndCatchFirstError 
(node_modules/react-dom/cjs/react-dom.development.js:4291:25)
      at executeDispatch 
(node_modules/react-dom/cjs/react-dom.development.js:9041:3)
      at processDispatchQueueItemsInOrder 
(node_modules/react-dom/cjs/react-dom.development.js:9073:7)
      at processDispatchQueue 
(node_modules/react-dom/cjs/react-dom.development.js:9086:5)
      at dispatchEventsForPlugins 
(node_modules/react-dom/cjs/react-dom.development.js:9097:3)
      at node_modules/react-dom/cjs/react-dom.development.js:9288:12
      at batchedUpdates$1 
(node_modules/react-dom/cjs/react-dom.development.js:26179:12)
      at batchedUpdates 
(node_modules/react-dom/cjs/react-dom.development.js:3991:12)
      at dispatchEventForPluginEventSystem 
(node_modules/react-dom/cjs/react-dom.development.js:9287:3)
      at dispatchEventWithEnableCapturePhaseSelectiveHydrationWithoutDiscreteEv
entReplay (node_modules/react-dom/cjs/react-dom.development.js:6465:5)
      at dispatchEvent 
(node_modules/react-dom/cjs/react-dom.development.js:6457:5)
      at dispatchDiscreteEvent 
(node_modules/react-dom/cjs/react-dom.development.js:6430:5)
      at HTMLDivElement.callTheUserObjectsOperation 
(node_modules/jsdom/lib/jsdom/living/generated/EventListener.js:26:30)
      at innerInvokeEventListeners 
(node_modules/jsdom/lib/jsdom/living/events/EventTarget-impl.js:350:25)
      at invokeEventListeners 
(node_modules/jsdom/lib/jsdom/living/events/EventTarget-impl.js:286:3)
      at HTMLInputElementImpl._dispatch 
(node_modules/jsdom/lib/jsdom/living/events/EventTarget-impl.js:233:9)
      at HTMLInputElementImpl.dispatchEvent 
(node_modules/jsdom/lib/jsdom/living/events/EventTarget-impl.js:104:17)
      at HTMLInputElement.dispatchEvent 
(node_modules/jsdom/lib/jsdom/living/generated/EventTarget.js:241:34)
      at 
node_modules/@testing-library/user-event/dist/cjs/event/dispatchEvent.js:45:43
      at Object.eventWrapper 
(node_modules/@testing-library/dom/dist/config.js:25:23)
      at Object.wrapEvent 
(node_modules/@testing-library/user-event/dist/cjs/event/wrapEvent.js:6:28)
      at Object.dispatchEvent (node_modules/@testing-library/user-event/dist/cj
s/event/dispatchEvent.js:45:22)
      at Object.dispatchUIEvent (node_modules/@testing-library/user-event/dist/
cjs/event/dispatchEvent.js:22:26)
      at commitInput 
(node_modules/@testing-library/user-event/dist/cjs/event/input.js:145:14)
      at editInputElement 
(node_modules/@testing-library/user-event/dist/cjs/event/input.js:115:9)
      at Object.input 
(node_modules/@testing-library/user-event/dist/cjs/event/input.js:37:9)
      at node_modules/@testing-library/user-event/dist/cjs/event/behavior/keypr
ess.js:31:26
      at Object.dispatchEvent (node_modules/@testing-library/user-event/dist/cj
s/event/dispatchEvent.js:41:13)
      at Object.dispatchUIEvent (node_modules/@testing-library/user-event/dist/
cjs/event/dispatchEvent.js:22:26)
      at KeyboardHost.keydown 
(node_modules/@testing-library/user-event/dist/cjs/system/keyboard.js:76:22)
      at keyboardAction 
(node_modules/@testing-library/user-event/dist/cjs/keyboard/index.js:22:35)
      at Object.keyboard 
(node_modules/@testing-library/user-event/dist/cjs/keyboard/index.js:11:15)
      at Object.type 
(node_modules/@testing-library/user-event/dist/cjs/utility/type.js:17:5)
      at Object.<anonymous> (src/auth/auth.test.tsx:237:9)

    console.error
      Warning: An update to LoginForm inside a test was not wrapped in 
act(...).
      
      When testing, code that causes React state updates should be wrapped 
into act(...):
      
      act(() => {
        /* fire events that update state */
      });
      /* assert on the output */
      
      This ensures that you're testing the behavior the user would see in the 
browser. Learn more at https://reactjs.org/link/wrap-tests-with-act
          at LoginForm (C:\Users\samhe\OneDrive\Desktop\Cleaned\frontend\src\au
th\LoginForm\LoginForm.tsx:41:33)
          at div
          at div
          at LoginPage
          at routeContext (C:\Users\samhe\OneDrive\Desktop\Cleaned\frontend\nod
e_modules\react-router\lib\hooks.tsx:658:26)
          at children (C:\Users\samhe\OneDrive\Desktop\Cleaned\frontend\node_mo
dules\react-router\lib\components.tsx:512:3)
          at basenameProp (C:\Users\samhe\OneDrive\Desktop\Cleaned\frontend\nod
e_modules\react-router\lib\components.tsx:421:13)
          at basename (C:\Users\samhe\OneDrive\Desktop\Cleaned\frontend\node_mo
dules\react-router\lib\components.tsx:225:3)

      123 |                     placeholder="email@company.com"
      124 |                     value={email}
    > 125 |                     onChange={(e) => setEmail(e.target.value)}
          |                                      ^
      126 |                     className="w-full rounded-md border 
border-gray-300 px-3 py-2 text-sm focus:outline-none focus:ring-2 
focus:ring-gray-900 disabled:opacity-50"
      127 |                 />
      128 |             </div>

      at printWarning 
(node_modules/react-dom/cjs/react-dom.development.js:86:30)
      at error (node_modules/react-dom/cjs/react-dom.development.js:60:7)
      at warnIfUpdatesNotWrappedWithActDEV 
(node_modules/react-dom/cjs/react-dom.development.js:27628:9)
      at scheduleUpdateOnFiber 
(node_modules/react-dom/cjs/react-dom.development.js:25547:5)
      at dispatchSetState 
(node_modules/react-dom/cjs/react-dom.development.js:16708:7)
      at onChange (src/auth/LoginForm/LoginForm.tsx:125:38)
      at HTMLUnknownElement.callCallback 
(node_modules/react-dom/cjs/react-dom.development.js:4164:14)
      at HTMLUnknownElement.callTheUserObjectsOperation 
(node_modules/jsdom/lib/jsdom/living/generated/EventListener.js:26:30)
      at innerInvokeEventListeners 
(node_modules/jsdom/lib/jsdom/living/events/EventTarget-impl.js:350:25)
      at invokeEventListeners 
(node_modules/jsdom/lib/jsdom/living/events/EventTarget-impl.js:286:3)
      at HTMLUnknownElementImpl._dispatch 
(node_modules/jsdom/lib/jsdom/living/events/EventTarget-impl.js:233:9)
      at HTMLUnknownElementImpl.dispatchEvent 
(node_modules/jsdom/lib/jsdom/living/events/EventTarget-impl.js:104:17)
      at HTMLUnknownElement.dispatchEvent 
(node_modules/jsdom/lib/jsdom/living/generated/EventTarget.js:241:34)
      at Object.invokeGuardedCallbackDev 
(node_modules/react-dom/cjs/react-dom.development.js:4213:16)
      at invokeGuardedCallback 
(node_modules/react-dom/cjs/react-dom.development.js:4277:31)
      at invokeGuardedCallbackAndCatchFirstError 
(node_modules/react-dom/cjs/react-dom.development.js:4291:25)
      at executeDispatch 
(node_modules/react-dom/cjs/react-dom.development.js:9041:3)
      at processDispatchQueueItemsInOrder 
(node_modules/react-dom/cjs/react-dom.development.js:9073:7)
      at processDispatchQueue 
(node_modules/react-dom/cjs/react-dom.development.js:9086:5)
      at dispatchEventsForPlugins 
(node_modules/react-dom/cjs/react-dom.development.js:9097:3)
      at node_modules/react-dom/cjs/react-dom.development.js:9288:12
      at batchedUpdates$1 
(node_modules/react-dom/cjs/react-dom.development.js:26179:12)
      at batchedUpdates 
(node_modules/react-dom/cjs/react-dom.development.js:3991:12)
      at dispatchEventForPluginEventSystem 
(node_modules/react-dom/cjs/react-dom.development.js:9287:3)
      at dispatchEventWithEnableCapturePhaseSelectiveHydrationWithoutDiscreteEv
entReplay (node_modules/react-dom/cjs/react-dom.development.js:6465:5)
      at dispatchEvent 
(node_modules/react-dom/cjs/react-dom.development.js:6457:5)
      at dispatchDiscreteEvent 
(node_modules/react-dom/cjs/react-dom.development.js:6430:5)
      at HTMLDivElement.callTheUserObjectsOperation 
(node_modules/jsdom/lib/jsdom/living/generated/EventListener.js:26:30)
      at innerInvokeEventListeners 
(node_modules/jsdom/lib/jsdom/living/events/EventTarget-impl.js:350:25)
      at invokeEventListeners 
(node_modules/jsdom/lib/jsdom/living/events/EventTarget-impl.js:286:3)
      at HTMLInputElementImpl._dispatch 
(node_modules/jsdom/lib/jsdom/living/events/EventTarget-impl.js:233:9)
      at HTMLInputElementImpl.dispatchEvent 
(node_modules/jsdom/lib/jsdom/living/events/EventTarget-impl.js:104:17)
      at HTMLInputElement.dispatchEvent 
(node_modules/jsdom/lib/jsdom/living/generated/EventTarget.js:241:34)
      at 
node_modules/@testing-library/user-event/dist/cjs/event/dispatchEvent.js:45:43
      at Object.eventWrapper 
(node_modules/@testing-library/dom/dist/config.js:25:23)
      at Object.wrapEvent 
(node_modules/@testing-library/user-event/dist/cjs/event/wrapEvent.js:6:28)
      at Object.dispatchEvent (node_modules/@testing-library/user-event/dist/cj
s/event/dispatchEvent.js:45:22)
      at Object.dispatchUIEvent (node_modules/@testing-library/user-event/dist/
cjs/event/dispatchEvent.js:22:26)
      at commitInput 
(node_modules/@testing-library/user-event/dist/cjs/event/input.js:145:14)
      at editInputElement 
(node_modules/@testing-library/user-event/dist/cjs/event/input.js:115:9)
      at Object.input 
(node_modules/@testing-library/user-event/dist/cjs/event/input.js:37:9)
      at node_modules/@testing-library/user-event/dist/cjs/event/behavior/keypr
ess.js:31:26
      at Object.dispatchEvent (node_modules/@testing-library/user-event/dist/cj
s/event/dispatchEvent.js:41:13)
      at Object.dispatchUIEvent (node_modules/@testing-library/user-event/dist/
cjs/event/dispatchEvent.js:22:26)
      at KeyboardHost.keydown 
(node_modules/@testing-library/user-event/dist/cjs/system/keyboard.js:76:22)
      at keyboardAction 
(node_modules/@testing-library/user-event/dist/cjs/keyboard/index.js:22:35)
      at Object.keyboard 
(node_modules/@testing-library/user-event/dist/cjs/keyboard/index.js:11:15)
      at Object.type 
(node_modules/@testing-library/user-event/dist/cjs/utility/type.js:17:5)
      at Object.<anonymous> (src/auth/auth.test.tsx:237:9)

    console.error
      Warning: An update to LoginForm inside a test was not wrapped in 
act(...).
      
      When testing, code that causes React state updates should be wrapped 
into act(...):
      
      act(() => {
        /* fire events that update state */
      });
      /* assert on the output */
      
      This ensures that you're testing the behavior the user would see in the 
browser. Learn more at https://reactjs.org/link/wrap-tests-with-act
          at LoginForm (C:\Users\samhe\OneDrive\Desktop\Cleaned\frontend\src\au
th\LoginForm\LoginForm.tsx:41:33)
          at div
          at div
          at LoginPage
          at routeContext (C:\Users\samhe\OneDrive\Desktop\Cleaned\frontend\nod
e_modules\react-router\lib\hooks.tsx:658:26)
          at children (C:\Users\samhe\OneDrive\Desktop\Cleaned\frontend\node_mo
dules\react-router\lib\components.tsx:512:3)
          at basenameProp (C:\Users\samhe\OneDrive\Desktop\Cleaned\frontend\nod
e_modules\react-router\lib\components.tsx:421:13)
          at basename (C:\Users\samhe\OneDrive\Desktop\Cleaned\frontend\node_mo
dules\react-router\lib\components.tsx:225:3)

      123 |                     placeholder="email@company.com"
      124 |                     value={email}
    > 125 |                     onChange={(e) => setEmail(e.target.value)}
          |                                      ^
      126 |                     className="w-full rounded-md border 
border-gray-300 px-3 py-2 text-sm focus:outline-none focus:ring-2 
focus:ring-gray-900 disabled:opacity-50"
      127 |                 />
      128 |             </div>

      at printWarning 
(node_modules/react-dom/cjs/react-dom.development.js:86:30)
      at error (node_modules/react-dom/cjs/react-dom.development.js:60:7)
      at warnIfUpdatesNotWrappedWithActDEV 
(node_modules/react-dom/cjs/react-dom.development.js:27628:9)
      at scheduleUpdateOnFiber 
(node_modules/react-dom/cjs/react-dom.development.js:25547:5)
      at dispatchSetState 
(node_modules/react-dom/cjs/react-dom.development.js:16708:7)
      at onChange (src/auth/LoginForm/LoginForm.tsx:125:38)
      at HTMLUnknownElement.callCallback 
(node_modules/react-dom/cjs/react-dom.development.js:4164:14)
      at HTMLUnknownElement.callTheUserObjectsOperation 
(node_modules/jsdom/lib/jsdom/living/generated/EventListener.js:26:30)
      at innerInvokeEventListeners 
(node_modules/jsdom/lib/jsdom/living/events/EventTarget-impl.js:350:25)
      at invokeEventListeners 
(node_modules/jsdom/lib/jsdom/living/events/EventTarget-impl.js:286:3)
      at HTMLUnknownElementImpl._dispatch 
(node_modules/jsdom/lib/jsdom/living/events/EventTarget-impl.js:233:9)
      at HTMLUnknownElementImpl.dispatchEvent 
(node_modules/jsdom/lib/jsdom/living/events/EventTarget-impl.js:104:17)
      at HTMLUnknownElement.dispatchEvent 
(node_modules/jsdom/lib/jsdom/living/generated/EventTarget.js:241:34)
      at Object.invokeGuardedCallbackDev 
(node_modules/react-dom/cjs/react-dom.development.js:4213:16)
      at invokeGuardedCallback 
(node_modules/react-dom/cjs/react-dom.development.js:4277:31)
      at invokeGuardedCallbackAndCatchFirstError 
(node_modules/react-dom/cjs/react-dom.development.js:4291:25)
      at executeDispatch 
(node_modules/react-dom/cjs/react-dom.development.js:9041:3)
      at processDispatchQueueItemsInOrder 
(node_modules/react-dom/cjs/react-dom.development.js:9073:7)
      at processDispatchQueue 
(node_modules/react-dom/cjs/react-dom.development.js:9086:5)
      at dispatchEventsForPlugins 
(node_modules/react-dom/cjs/react-dom.development.js:9097:3)
      at node_modules/react-dom/cjs/react-dom.development.js:9288:12
      at batchedUpdates$1 
(node_modules/react-dom/cjs/react-dom.development.js:26179:12)
      at batchedUpdates 
(node_modules/react-dom/cjs/react-dom.development.js:3991:12)
      at dispatchEventForPluginEventSystem 
(node_modules/react-dom/cjs/react-dom.development.js:9287:3)
      at dispatchEventWithEnableCapturePhaseSelectiveHydrationWithoutDiscreteEv
entReplay (node_modules/react-dom/cjs/react-dom.development.js:6465:5)
      at dispatchEvent 
(node_modules/react-dom/cjs/react-dom.development.js:6457:5)
      at dispatchDiscreteEvent 
(node_modules/react-dom/cjs/react-dom.development.js:6430:5)
      at HTMLDivElement.callTheUserObjectsOperation 
(node_modules/jsdom/lib/jsdom/living/generated/EventListener.js:26:30)
      at innerInvokeEventListeners 
(node_modules/jsdom/lib/jsdom/living/events/EventTarget-impl.js:350:25)
      at invokeEventListeners 
(node_modules/jsdom/lib/jsdom/living/events/EventTarget-impl.js:286:3)
      at HTMLInputElementImpl._dispatch 
(node_modules/jsdom/lib/jsdom/living/events/EventTarget-impl.js:233:9)
      at HTMLInputElementImpl.dispatchEvent 
(node_modules/jsdom/lib/jsdom/living/events/EventTarget-impl.js:104:17)
      at HTMLInputElement.dispatchEvent 
(node_modules/jsdom/lib/jsdom/living/generated/EventTarget.js:241:34)
      at 
node_modules/@testing-library/user-event/dist/cjs/event/dispatchEvent.js:45:43
      at Object.eventWrapper 
(node_modules/@testing-library/dom/dist/config.js:25:23)
      at Object.wrapEvent 
(node_modules/@testing-library/user-event/dist/cjs/event/wrapEvent.js:6:28)
      at Object.dispatchEvent (node_modules/@testing-library/user-event/dist/cj
s/event/dispatchEvent.js:45:22)
      at Object.dispatchUIEvent (node_modules/@testing-library/user-event/dist/
cjs/event/dispatchEvent.js:22:26)
      at commitInput 
(node_modules/@testing-library/user-event/dist/cjs/event/input.js:145:14)
      at editInputElement 
(node_modules/@testing-library/user-event/dist/cjs/event/input.js:115:9)
      at Object.input 
(node_modules/@testing-library/user-event/dist/cjs/event/input.js:37:9)
      at node_modules/@testing-library/user-event/dist/cjs/event/behavior/keypr
ess.js:31:26
      at Object.dispatchEvent (node_modules/@testing-library/user-event/dist/cj
s/event/dispatchEvent.js:41:13)
      at Object.dispatchUIEvent (node_modules/@testing-library/user-event/dist/
cjs/event/dispatchEvent.js:22:26)
      at KeyboardHost.keydown 
(node_modules/@testing-library/user-event/dist/cjs/system/keyboard.js:76:22)
      at keyboardAction 
(node_modules/@testing-library/user-event/dist/cjs/keyboard/index.js:22:35)
      at Object.keyboard 
(node_modules/@testing-library/user-event/dist/cjs/keyboard/index.js:11:15)
      at Object.type 
(node_modules/@testing-library/user-event/dist/cjs/utility/type.js:17:5)
      at Object.<anonymous> (src/auth/auth.test.tsx:237:9)

    console.error
      Warning: An update to LoginForm inside a test was not wrapped in 
act(...).
      
      When testing, code that causes React state updates should be wrapped 
into act(...):
      
      act(() => {
        /* fire events that update state */
      });
      /* assert on the output */
      
      This ensures that you're testing the behavior the user would see in the 
browser. Learn more at https://reactjs.org/link/wrap-tests-with-act
          at LoginForm (C:\Users\samhe\OneDrive\Desktop\Cleaned\frontend\src\au
th\LoginForm\LoginForm.tsx:41:33)
          at div
          at div
          at LoginPage
          at routeContext (C:\Users\samhe\OneDrive\Desktop\Cleaned\frontend\nod
e_modules\react-router\lib\hooks.tsx:658:26)
          at children (C:\Users\samhe\OneDrive\Desktop\Cleaned\frontend\node_mo
dules\react-router\lib\components.tsx:512:3)
          at basenameProp (C:\Users\samhe\OneDrive\Desktop\Cleaned\frontend\nod
e_modules\react-router\lib\components.tsx:421:13)
          at basename (C:\Users\samhe\OneDrive\Desktop\Cleaned\frontend\node_mo
dules\react-router\lib\components.tsx:225:3)

      123 |                     placeholder="email@company.com"
      124 |                     value={email}
    > 125 |                     onChange={(e) => setEmail(e.target.value)}
          |                                      ^
      126 |                     className="w-full rounded-md border 
border-gray-300 px-3 py-2 text-sm focus:outline-none focus:ring-2 
focus:ring-gray-900 disabled:opacity-50"
      127 |                 />
      128 |             </div>

      at printWarning 
(node_modules/react-dom/cjs/react-dom.development.js:86:30)
      at error (node_modules/react-dom/cjs/react-dom.development.js:60:7)
      at warnIfUpdatesNotWrappedWithActDEV 
(node_modules/react-dom/cjs/react-dom.development.js:27628:9)
      at scheduleUpdateOnFiber 
(node_modules/react-dom/cjs/react-dom.development.js:25547:5)
      at dispatchSetState 
(node_modules/react-dom/cjs/react-dom.development.js:16708:7)
      at onChange (src/auth/LoginForm/LoginForm.tsx:125:38)
      at HTMLUnknownElement.callCallback 
(node_modules/react-dom/cjs/react-dom.development.js:4164:14)
      at HTMLUnknownElement.callTheUserObjectsOperation 
(node_modules/jsdom/lib/jsdom/living/generated/EventListener.js:26:30)
      at innerInvokeEventListeners 
(node_modules/jsdom/lib/jsdom/living/events/EventTarget-impl.js:350:25)
      at invokeEventListeners 
(node_modules/jsdom/lib/jsdom/living/events/EventTarget-impl.js:286:3)
      at HTMLUnknownElementImpl._dispatch 
(node_modules/jsdom/lib/jsdom/living/events/EventTarget-impl.js:233:9)
      at HTMLUnknownElementImpl.dispatchEvent 
(node_modules/jsdom/lib/jsdom/living/events/EventTarget-impl.js:104:17)
      at HTMLUnknownElement.dispatchEvent 
(node_modules/jsdom/lib/jsdom/living/generated/EventTarget.js:241:34)
      at Object.invokeGuardedCallbackDev 
(node_modules/react-dom/cjs/react-dom.development.js:4213:16)
      at invokeGuardedCallback 
(node_modules/react-dom/cjs/react-dom.development.js:4277:31)
      at invokeGuardedCallbackAndCatchFirstError 
(node_modules/react-dom/cjs/react-dom.development.js:4291:25)
      at executeDispatch 
(node_modules/react-dom/cjs/react-dom.development.js:9041:3)
      at processDispatchQueueItemsInOrder 
(node_modules/react-dom/cjs/react-dom.development.js:9073:7)
      at processDispatchQueue 
(node_modules/react-dom/cjs/react-dom.development.js:9086:5)
      at dispatchEventsForPlugins 
(node_modules/react-dom/cjs/react-dom.development.js:9097:3)
      at node_modules/react-dom/cjs/react-dom.development.js:9288:12
      at batchedUpdates$1 
(node_modules/react-dom/cjs/react-dom.development.js:26179:12)
      at batchedUpdates 
(node_modules/react-dom/cjs/react-dom.development.js:3991:12)
      at dispatchEventForPluginEventSystem 
(node_modules/react-dom/cjs/react-dom.development.js:9287:3)
      at dispatchEventWithEnableCapturePhaseSelectiveHydrationWithoutDiscreteEv
entReplay (node_modules/react-dom/cjs/react-dom.development.js:6465:5)
      at dispatchEvent 
(node_modules/react-dom/cjs/react-dom.development.js:6457:5)
      at dispatchDiscreteEvent 
(node_modules/react-dom/cjs/react-dom.development.js:6430:5)
      at HTMLDivElement.callTheUserObjectsOperation 
(node_modules/jsdom/lib/jsdom/living/generated/EventListener.js:26:30)
      at innerInvokeEventListeners 
(node_modules/jsdom/lib/jsdom/living/events/EventTarget-impl.js:350:25)
      at invokeEventListeners 
(node_modules/jsdom/lib/jsdom/living/events/EventTarget-impl.js:286:3)
      at HTMLInputElementImpl._dispatch 
(node_modules/jsdom/lib/jsdom/living/events/EventTarget-impl.js:233:9)
      at HTMLInputElementImpl.dispatchEvent 
(node_modules/jsdom/lib/jsdom/living/events/EventTarget-impl.js:104:17)
      at HTMLInputElement.dispatchEvent 
(node_modules/jsdom/lib/jsdom/living/generated/EventTarget.js:241:34)
      at 
node_modules/@testing-library/user-event/dist/cjs/event/dispatchEvent.js:45:43
      at Object.eventWrapper 
(node_modules/@testing-library/dom/dist/config.js:25:23)
      at Object.wrapEvent 
(node_modules/@testing-library/user-event/dist/cjs/event/wrapEvent.js:6:28)
      at Object.dispatchEvent (node_modules/@testing-library/user-event/dist/cj
s/event/dispatchEvent.js:45:22)
      at Object.dispatchUIEvent (node_modules/@testing-library/user-event/dist/
cjs/event/dispatchEvent.js:22:26)
      at commitInput 
(node_modules/@testing-library/user-event/dist/cjs/event/input.js:145:14)
      at editInputElement 
(node_modules/@testing-library/user-event/dist/cjs/event/input.js:115:9)
      at Object.input 
(node_modules/@testing-library/user-event/dist/cjs/event/input.js:37:9)
      at node_modules/@testing-library/user-event/dist/cjs/event/behavior/keypr
ess.js:31:26
      at Object.dispatchEvent (node_modules/@testing-library/user-event/dist/cj
s/event/dispatchEvent.js:41:13)
      at Object.dispatchUIEvent (node_modules/@testing-library/user-event/dist/
cjs/event/dispatchEvent.js:22:26)
      at KeyboardHost.keydown 
(node_modules/@testing-library/user-event/dist/cjs/system/keyboard.js:76:22)
      at keyboardAction 
(node_modules/@testing-library/user-event/dist/cjs/keyboard/index.js:22:35)
      at Object.keyboard 
(node_modules/@testing-library/user-event/dist/cjs/keyboard/index.js:11:15)
      at Object.type 
(node_modules/@testing-library/user-event/dist/cjs/utility/type.js:17:5)
      at Object.<anonymous> (src/auth/auth.test.tsx:237:9)

    console.error
      Warning: An update to LoginForm inside a test was not wrapped in 
act(...).
      
      When testing, code that causes React state updates should be wrapped 
into act(...):
      
      act(() => {
        /* fire events that update state */
      });
      /* assert on the output */
      
      This ensures that you're testing the behavior the user would see in the 
browser. Learn more at https://reactjs.org/link/wrap-tests-with-act
          at LoginForm (C:\Users\samhe\OneDrive\Desktop\Cleaned\frontend\src\au
th\LoginForm\LoginForm.tsx:41:33)
          at div
          at div
          at LoginPage
          at routeContext (C:\Users\samhe\OneDrive\Desktop\Cleaned\frontend\nod
e_modules\react-router\lib\hooks.tsx:658:26)
          at children (C:\Users\samhe\OneDrive\Desktop\Cleaned\frontend\node_mo
dules\react-router\lib\components.tsx:512:3)
          at basenameProp (C:\Users\samhe\OneDrive\Desktop\Cleaned\frontend\nod
e_modules\react-router\lib\components.tsx:421:13)
          at basename (C:\Users\samhe\OneDrive\Desktop\Cleaned\frontend\node_mo
dules\react-router\lib\components.tsx:225:3)

      123 |                     placeholder="email@company.com"
      124 |                     value={email}
    > 125 |                     onChange={(e) => setEmail(e.target.value)}
          |                                      ^
      126 |                     className="w-full rounded-md border 
border-gray-300 px-3 py-2 text-sm focus:outline-none focus:ring-2 
focus:ring-gray-900 disabled:opacity-50"
      127 |                 />
      128 |             </div>

      at printWarning 
(node_modules/react-dom/cjs/react-dom.development.js:86:30)
      at error (node_modules/react-dom/cjs/react-dom.development.js:60:7)
      at warnIfUpdatesNotWrappedWithActDEV 
(node_modules/react-dom/cjs/react-dom.development.js:27628:9)
      at scheduleUpdateOnFiber 
(node_modules/react-dom/cjs/react-dom.development.js:25547:5)
      at dispatchSetState 
(node_modules/react-dom/cjs/react-dom.development.js:16708:7)
      at onChange (src/auth/LoginForm/LoginForm.tsx:125:38)
      at HTMLUnknownElement.callCallback 
(node_modules/react-dom/cjs/react-dom.development.js:4164:14)
      at HTMLUnknownElement.callTheUserObjectsOperation 
(node_modules/jsdom/lib/jsdom/living/generated/EventListener.js:26:30)
      at innerInvokeEventListeners 
(node_modules/jsdom/lib/jsdom/living/events/EventTarget-impl.js:350:25)
      at invokeEventListeners 
(node_modules/jsdom/lib/jsdom/living/events/EventTarget-impl.js:286:3)
      at HTMLUnknownElementImpl._dispatch 
(node_modules/jsdom/lib/jsdom/living/events/EventTarget-impl.js:233:9)
      at HTMLUnknownElementImpl.dispatchEvent 
(node_modules/jsdom/lib/jsdom/living/events/EventTarget-impl.js:104:17)
      at HTMLUnknownElement.dispatchEvent 
(node_modules/jsdom/lib/jsdom/living/generated/EventTarget.js:241:34)
      at Object.invokeGuardedCallbackDev 
(node_modules/react-dom/cjs/react-dom.development.js:4213:16)
      at invokeGuardedCallback 
(node_modules/react-dom/cjs/react-dom.development.js:4277:31)
      at invokeGuardedCallbackAndCatchFirstError 
(node_modules/react-dom/cjs/react-dom.development.js:4291:25)
      at executeDispatch 
(node_modules/react-dom/cjs/react-dom.development.js:9041:3)
      at processDispatchQueueItemsInOrder 
(node_modules/react-dom/cjs/react-dom.development.js:9073:7)
      at processDispatchQueue 
(node_modules/react-dom/cjs/react-dom.development.js:9086:5)
      at dispatchEventsForPlugins 
(node_modules/react-dom/cjs/react-dom.development.js:9097:3)
      at node_modules/react-dom/cjs/react-dom.development.js:9288:12
      at batchedUpdates$1 
(node_modules/react-dom/cjs/react-dom.development.js:26179:12)
      at batchedUpdates 
(node_modules/react-dom/cjs/react-dom.development.js:3991:12)
      at dispatchEventForPluginEventSystem 
(node_modules/react-dom/cjs/react-dom.development.js:9287:3)
      at dispatchEventWithEnableCapturePhaseSelectiveHydrationWithoutDiscreteEv
entReplay (node_modules/react-dom/cjs/react-dom.development.js:6465:5)
      at dispatchEvent 
(node_modules/react-dom/cjs/react-dom.development.js:6457:5)
      at dispatchDiscreteEvent 
(node_modules/react-dom/cjs/react-dom.development.js:6430:5)
      at HTMLDivElement.callTheUserObjectsOperation 
(node_modules/jsdom/lib/jsdom/living/generated/EventListener.js:26:30)
      at innerInvokeEventListeners 
(node_modules/jsdom/lib/jsdom/living/events/EventTarget-impl.js:350:25)
      at invokeEventListeners 
(node_modules/jsdom/lib/jsdom/living/events/EventTarget-impl.js:286:3)
      at HTMLInputElementImpl._dispatch 
(node_modules/jsdom/lib/jsdom/living/events/EventTarget-impl.js:233:9)
      at HTMLInputElementImpl.dispatchEvent 
(node_modules/jsdom/lib/jsdom/living/events/EventTarget-impl.js:104:17)
      at HTMLInputElement.dispatchEvent 
(node_modules/jsdom/lib/jsdom/living/generated/EventTarget.js:241:34)
      at 
node_modules/@testing-library/user-event/dist/cjs/event/dispatchEvent.js:45:43
      at Object.eventWrapper 
(node_modules/@testing-library/dom/dist/config.js:25:23)
      at Object.wrapEvent 
(node_modules/@testing-library/user-event/dist/cjs/event/wrapEvent.js:6:28)
      at Object.dispatchEvent (node_modules/@testing-library/user-event/dist/cj
s/event/dispatchEvent.js:45:22)
      at Object.dispatchUIEvent (node_modules/@testing-library/user-event/dist/
cjs/event/dispatchEvent.js:22:26)
      at commitInput 
(node_modules/@testing-library/user-event/dist/cjs/event/input.js:145:14)
      at editInputElement 
(node_modules/@testing-library/user-event/dist/cjs/event/input.js:115:9)
      at Object.input 
(node_modules/@testing-library/user-event/dist/cjs/event/input.js:37:9)
      at node_modules/@testing-library/user-event/dist/cjs/event/behavior/keypr
ess.js:31:26
      at Object.dispatchEvent (node_modules/@testing-library/user-event/dist/cj
s/event/dispatchEvent.js:41:13)
      at Object.dispatchUIEvent (node_modules/@testing-library/user-event/dist/
cjs/event/dispatchEvent.js:22:26)
      at KeyboardHost.keydown 
(node_modules/@testing-library/user-event/dist/cjs/system/keyboard.js:76:22)
      at keyboardAction 
(node_modules/@testing-library/user-event/dist/cjs/keyboard/index.js:22:35)
      at Object.keyboard 
(node_modules/@testing-library/user-event/dist/cjs/keyboard/index.js:11:15)
      at Object.type 
(node_modules/@testing-library/user-event/dist/cjs/utility/type.js:17:5)
      at Object.<anonymous> (src/auth/auth.test.tsx:237:9)

    console.error
      Warning: An update to LoginForm inside a test was not wrapped in 
act(...).
      
      When testing, code that causes React state updates should be wrapped 
into act(...):
      
      act(() => {
        /* fire events that update state */
      });
      /* assert on the output */
      
      This ensures that you're testing the behavior the user would see in the 
browser. Learn more at https://reactjs.org/link/wrap-tests-with-act
          at LoginForm (C:\Users\samhe\OneDrive\Desktop\Cleaned\frontend\src\au
th\LoginForm\LoginForm.tsx:41:33)
          at div
          at div
          at LoginPage
          at routeContext (C:\Users\samhe\OneDrive\Desktop\Cleaned\frontend\nod
e_modules\react-router\lib\hooks.tsx:658:26)
          at children (C:\Users\samhe\OneDrive\Desktop\Cleaned\frontend\node_mo
dules\react-router\lib\components.tsx:512:3)
          at basenameProp (C:\Users\samhe\OneDrive\Desktop\Cleaned\frontend\nod
e_modules\react-router\lib\components.tsx:421:13)
          at basename (C:\Users\samhe\OneDrive\Desktop\Cleaned\frontend\node_mo
dules\react-router\lib\components.tsx:225:3)

      123 |                     placeholder="email@company.com"
      124 |                     value={email}
    > 125 |                     onChange={(e) => setEmail(e.target.value)}
          |                                      ^
      126 |                     className="w-full rounded-md border 
border-gray-300 px-3 py-2 text-sm focus:outline-none focus:ring-2 
focus:ring-gray-900 disabled:opacity-50"
      127 |                 />
      128 |             </div>

      at printWarning 
(node_modules/react-dom/cjs/react-dom.development.js:86:30)
      at error (node_modules/react-dom/cjs/react-dom.development.js:60:7)
      at warnIfUpdatesNotWrappedWithActDEV 
(node_modules/react-dom/cjs/react-dom.development.js:27628:9)
      at scheduleUpdateOnFiber 
(node_modules/react-dom/cjs/react-dom.development.js:25547:5)
      at dispatchSetState 
(node_modules/react-dom/cjs/react-dom.development.js:16708:7)
      at onChange (src/auth/LoginForm/LoginForm.tsx:125:38)
      at HTMLUnknownElement.callCallback 
(node_modules/react-dom/cjs/react-dom.development.js:4164:14)
      at HTMLUnknownElement.callTheUserObjectsOperation 
(node_modules/jsdom/lib/jsdom/living/generated/EventListener.js:26:30)
      at innerInvokeEventListeners 
(node_modules/jsdom/lib/jsdom/living/events/EventTarget-impl.js:350:25)
      at invokeEventListeners 
(node_modules/jsdom/lib/jsdom/living/events/EventTarget-impl.js:286:3)
      at HTMLUnknownElementImpl._dispatch 
(node_modules/jsdom/lib/jsdom/living/events/EventTarget-impl.js:233:9)
      at HTMLUnknownElementImpl.dispatchEvent 
(node_modules/jsdom/lib/jsdom/living/events/EventTarget-impl.js:104:17)
      at HTMLUnknownElement.dispatchEvent 
(node_modules/jsdom/lib/jsdom/living/generated/EventTarget.js:241:34)
      at Object.invokeGuardedCallbackDev 
(node_modules/react-dom/cjs/react-dom.development.js:4213:16)
      at invokeGuardedCallback 
(node_modules/react-dom/cjs/react-dom.development.js:4277:31)
      at invokeGuardedCallbackAndCatchFirstError 
(node_modules/react-dom/cjs/react-dom.development.js:4291:25)
      at executeDispatch 
(node_modules/react-dom/cjs/react-dom.development.js:9041:3)
      at processDispatchQueueItemsInOrder 
(node_modules/react-dom/cjs/react-dom.development.js:9073:7)
      at processDispatchQueue 
(node_modules/react-dom/cjs/react-dom.development.js:9086:5)
      at dispatchEventsForPlugins 
(node_modules/react-dom/cjs/react-dom.development.js:9097:3)
      at node_modules/react-dom/cjs/react-dom.development.js:9288:12
      at batchedUpdates$1 
(node_modules/react-dom/cjs/react-dom.development.js:26179:12)
      at batchedUpdates 
(node_modules/react-dom/cjs/react-dom.development.js:3991:12)
      at dispatchEventForPluginEventSystem 
(node_modules/react-dom/cjs/react-dom.development.js:9287:3)
      at dispatchEventWithEnableCapturePhaseSelectiveHydrationWithoutDiscreteEv
entReplay (node_modules/react-dom/cjs/react-dom.development.js:6465:5)
      at dispatchEvent 
(node_modules/react-dom/cjs/react-dom.development.js:6457:5)
      at dispatchDiscreteEvent 
(node_modules/react-dom/cjs/react-dom.development.js:6430:5)
      at HTMLDivElement.callTheUserObjectsOperation 
(node_modules/jsdom/lib/jsdom/living/generated/EventListener.js:26:30)
      at innerInvokeEventListeners 
(node_modules/jsdom/lib/jsdom/living/events/EventTarget-impl.js:350:25)
      at invokeEventListeners 
(node_modules/jsdom/lib/jsdom/living/events/EventTarget-impl.js:286:3)
      at HTMLInputElementImpl._dispatch 
(node_modules/jsdom/lib/jsdom/living/events/EventTarget-impl.js:233:9)
      at HTMLInputElementImpl.dispatchEvent 
(node_modules/jsdom/lib/jsdom/living/events/EventTarget-impl.js:104:17)
      at HTMLInputElement.dispatchEvent 
(node_modules/jsdom/lib/jsdom/living/generated/EventTarget.js:241:34)
      at 
node_modules/@testing-library/user-event/dist/cjs/event/dispatchEvent.js:45:43
      at Object.eventWrapper 
(node_modules/@testing-library/dom/dist/config.js:25:23)
      at Object.wrapEvent 
(node_modules/@testing-library/user-event/dist/cjs/event/wrapEvent.js:6:28)
      at Object.dispatchEvent (node_modules/@testing-library/user-event/dist/cj
s/event/dispatchEvent.js:45:22)
      at Object.dispatchUIEvent (node_modules/@testing-library/user-event/dist/
cjs/event/dispatchEvent.js:22:26)
      at commitInput 
(node_modules/@testing-library/user-event/dist/cjs/event/input.js:145:14)
      at editInputElement 
(node_modules/@testing-library/user-event/dist/cjs/event/input.js:115:9)
      at Object.input 
(node_modules/@testing-library/user-event/dist/cjs/event/input.js:37:9)
      at node_modules/@testing-library/user-event/dist/cjs/event/behavior/keypr
ess.js:31:26
      at Object.dispatchEvent (node_modules/@testing-library/user-event/dist/cj
s/event/dispatchEvent.js:41:13)
      at Object.dispatchUIEvent (node_modules/@testing-library/user-event/dist/
cjs/event/dispatchEvent.js:22:26)
      at KeyboardHost.keydown 
(node_modules/@testing-library/user-event/dist/cjs/system/keyboard.js:76:22)
      at keyboardAction 
(node_modules/@testing-library/user-event/dist/cjs/keyboard/index.js:22:35)
      at Object.keyboard 
(node_modules/@testing-library/user-event/dist/cjs/keyboard/index.js:11:15)
      at Object.type 
(node_modules/@testing-library/user-event/dist/cjs/utility/type.js:17:5)
      at Object.<anonymous> (src/auth/auth.test.tsx:237:9)

    console.error
      Warning: An update to LoginForm inside a test was not wrapped in 
act(...).
      
      When testing, code that causes React state updates should be wrapped 
into act(...):
      
      act(() => {
        /* fire events that update state */
      });
      /* assert on the output */
      
      This ensures that you're testing the behavior the user would see in the 
browser. Learn more at https://reactjs.org/link/wrap-tests-with-act
          at LoginForm (C:\Users\samhe\OneDrive\Desktop\Cleaned\frontend\src\au
th\LoginForm\LoginForm.tsx:41:33)
          at div
          at div
          at LoginPage
          at routeContext (C:\Users\samhe\OneDrive\Desktop\Cleaned\frontend\nod
e_modules\react-router\lib\hooks.tsx:658:26)
          at children (C:\Users\samhe\OneDrive\Desktop\Cleaned\frontend\node_mo
dules\react-router\lib\components.tsx:512:3)
          at basenameProp (C:\Users\samhe\OneDrive\Desktop\Cleaned\frontend\nod
e_modules\react-router\lib\components.tsx:421:13)
          at basename (C:\Users\samhe\OneDrive\Desktop\Cleaned\frontend\node_mo
dules\react-router\lib\components.tsx:225:3)

      123 |                     placeholder="email@company.com"
      124 |                     value={email}
    > 125 |                     onChange={(e) => setEmail(e.target.value)}
          |                                      ^
      126 |                     className="w-full rounded-md border 
border-gray-300 px-3 py-2 text-sm focus:outline-none focus:ring-2 
focus:ring-gray-900 disabled:opacity-50"
      127 |                 />
      128 |             </div>

      at printWarning 
(node_modules/react-dom/cjs/react-dom.development.js:86:30)
      at error (node_modules/react-dom/cjs/react-dom.development.js:60:7)
      at warnIfUpdatesNotWrappedWithActDEV 
(node_modules/react-dom/cjs/react-dom.development.js:27628:9)
      at scheduleUpdateOnFiber 
(node_modules/react-dom/cjs/react-dom.development.js:25547:5)
      at dispatchSetState 
(node_modules/react-dom/cjs/react-dom.development.js:16708:7)
      at onChange (src/auth/LoginForm/LoginForm.tsx:125:38)
      at HTMLUnknownElement.callCallback 
(node_modules/react-dom/cjs/react-dom.development.js:4164:14)
      at HTMLUnknownElement.callTheUserObjectsOperation 
(node_modules/jsdom/lib/jsdom/living/generated/EventListener.js:26:30)
      at innerInvokeEventListeners 
(node_modules/jsdom/lib/jsdom/living/events/EventTarget-impl.js:350:25)
      at invokeEventListeners 
(node_modules/jsdom/lib/jsdom/living/events/EventTarget-impl.js:286:3)
      at HTMLUnknownElementImpl._dispatch 
(node_modules/jsdom/lib/jsdom/living/events/EventTarget-impl.js:233:9)
      at HTMLUnknownElementImpl.dispatchEvent 
(node_modules/jsdom/lib/jsdom/living/events/EventTarget-impl.js:104:17)
      at HTMLUnknownElement.dispatchEvent 
(node_modules/jsdom/lib/jsdom/living/generated/EventTarget.js:241:34)
      at Object.invokeGuardedCallbackDev 
(node_modules/react-dom/cjs/react-dom.development.js:4213:16)
      at invokeGuardedCallback 
(node_modules/react-dom/cjs/react-dom.development.js:4277:31)
      at invokeGuardedCallbackAndCatchFirstError 
(node_modules/react-dom/cjs/react-dom.development.js:4291:25)
      at executeDispatch 
(node_modules/react-dom/cjs/react-dom.development.js:9041:3)
      at processDispatchQueueItemsInOrder 
(node_modules/react-dom/cjs/react-dom.development.js:9073:7)
      at processDispatchQueue 
(node_modules/react-dom/cjs/react-dom.development.js:9086:5)
      at dispatchEventsForPlugins 
(node_modules/react-dom/cjs/react-dom.development.js:9097:3)
      at node_modules/react-dom/cjs/react-dom.development.js:9288:12
      at batchedUpdates$1 
(node_modules/react-dom/cjs/react-dom.development.js:26179:12)
      at batchedUpdates 
(node_modules/react-dom/cjs/react-dom.development.js:3991:12)
      at dispatchEventForPluginEventSystem 
(node_modules/react-dom/cjs/react-dom.development.js:9287:3)
      at dispatchEventWithEnableCapturePhaseSelectiveHydrationWithoutDiscreteEv
entReplay (node_modules/react-dom/cjs/react-dom.development.js:6465:5)
      at dispatchEvent 
(node_modules/react-dom/cjs/react-dom.development.js:6457:5)
      at dispatchDiscreteEvent 
(node_modules/react-dom/cjs/react-dom.development.js:6430:5)
      at HTMLDivElement.callTheUserObjectsOperation 
(node_modules/jsdom/lib/jsdom/living/generated/EventListener.js:26:30)
      at innerInvokeEventListeners 
(node_modules/jsdom/lib/jsdom/living/events/EventTarget-impl.js:350:25)
      at invokeEventListeners 
(node_modules/jsdom/lib/jsdom/living/events/EventTarget-impl.js:286:3)
      at HTMLInputElementImpl._dispatch 
(node_modules/jsdom/lib/jsdom/living/events/EventTarget-impl.js:233:9)
      at HTMLInputElementImpl.dispatchEvent 
(node_modules/jsdom/lib/jsdom/living/events/EventTarget-impl.js:104:17)
      at HTMLInputElement.dispatchEvent 
(node_modules/jsdom/lib/jsdom/living/generated/EventTarget.js:241:34)
      at 
node_modules/@testing-library/user-event/dist/cjs/event/dispatchEvent.js:45:43
      at Object.eventWrapper 
(node_modules/@testing-library/dom/dist/config.js:25:23)
      at Object.wrapEvent 
(node_modules/@testing-library/user-event/dist/cjs/event/wrapEvent.js:6:28)
      at Object.dispatchEvent (node_modules/@testing-library/user-event/dist/cj
s/event/dispatchEvent.js:45:22)
      at Object.dispatchUIEvent (node_modules/@testing-library/user-event/dist/
cjs/event/dispatchEvent.js:22:26)
      at commitInput 
(node_modules/@testing-library/user-event/dist/cjs/event/input.js:145:14)
      at editInputElement 
(node_modules/@testing-library/user-event/dist/cjs/event/input.js:115:9)
      at Object.input 
(node_modules/@testing-library/user-event/dist/cjs/event/input.js:37:9)
      at node_modules/@testing-library/user-event/dist/cjs/event/behavior/keypr
ess.js:31:26
      at Object.dispatchEvent (node_modules/@testing-library/user-event/dist/cj
s/event/dispatchEvent.js:41:13)
      at Object.dispatchUIEvent (node_modules/@testing-library/user-event/dist/
cjs/event/dispatchEvent.js:22:26)
      at KeyboardHost.keydown 
(node_modules/@testing-library/user-event/dist/cjs/system/keyboard.js:76:22)
      at keyboardAction 
(node_modules/@testing-library/user-event/dist/cjs/keyboard/index.js:22:35)
      at Object.keyboard 
(node_modules/@testing-library/user-event/dist/cjs/keyboard/index.js:11:15)
      at Object.type 
(node_modules/@testing-library/user-event/dist/cjs/utility/type.js:17:5)
      at Object.<anonymous> (src/auth/auth.test.tsx:237:9)

    console.error
      Warning: An update to LoginForm inside a test was not wrapped in 
act(...).
      
      When testing, code that causes React state updates should be wrapped 
into act(...):
      
      act(() => {
        /* fire events that update state */
      });
      /* assert on the output */
      
      This ensures that you're testing the behavior the user would see in the 
browser. Learn more at https://reactjs.org/link/wrap-tests-with-act
          at LoginForm (C:\Users\samhe\OneDrive\Desktop\Cleaned\frontend\src\au
th\LoginForm\LoginForm.tsx:41:33)
          at div
          at div
          at LoginPage
          at routeContext (C:\Users\samhe\OneDrive\Desktop\Cleaned\frontend\nod
e_modules\react-router\lib\hooks.tsx:658:26)
          at children (C:\Users\samhe\OneDrive\Desktop\Cleaned\frontend\node_mo
dules\react-router\lib\components.tsx:512:3)
          at basenameProp (C:\Users\samhe\OneDrive\Desktop\Cleaned\frontend\nod
e_modules\react-router\lib\components.tsx:421:13)
          at basename (C:\Users\samhe\OneDrive\Desktop\Cleaned\frontend\node_mo
dules\react-router\lib\components.tsx:225:3)

      123 |                     placeholder="email@company.com"
      124 |                     value={email}
    > 125 |                     onChange={(e) => setEmail(e.target.value)}
          |                                      ^
      126 |                     className="w-full rounded-md border 
border-gray-300 px-3 py-2 text-sm focus:outline-none focus:ring-2 
focus:ring-gray-900 disabled:opacity-50"
      127 |                 />
      128 |             </div>

      at printWarning 
(node_modules/react-dom/cjs/react-dom.development.js:86:30)
      at error (node_modules/react-dom/cjs/react-dom.development.js:60:7)
      at warnIfUpdatesNotWrappedWithActDEV 
(node_modules/react-dom/cjs/react-dom.development.js:27628:9)
      at scheduleUpdateOnFiber 
(node_modules/react-dom/cjs/react-dom.development.js:25547:5)
      at dispatchSetState 
(node_modules/react-dom/cjs/react-dom.development.js:16708:7)
      at onChange (src/auth/LoginForm/LoginForm.tsx:125:38)
      at HTMLUnknownElement.callCallback 
(node_modules/react-dom/cjs/react-dom.development.js:4164:14)
      at HTMLUnknownElement.callTheUserObjectsOperation 
(node_modules/jsdom/lib/jsdom/living/generated/EventListener.js:26:30)
      at innerInvokeEventListeners 
(node_modules/jsdom/lib/jsdom/living/events/EventTarget-impl.js:350:25)
      at invokeEventListeners 
(node_modules/jsdom/lib/jsdom/living/events/EventTarget-impl.js:286:3)
      at HTMLUnknownElementImpl._dispatch 
(node_modules/jsdom/lib/jsdom/living/events/EventTarget-impl.js:233:9)
      at HTMLUnknownElementImpl.dispatchEvent 
(node_modules/jsdom/lib/jsdom/living/events/EventTarget-impl.js:104:17)
      at HTMLUnknownElement.dispatchEvent 
(node_modules/jsdom/lib/jsdom/living/generated/EventTarget.js:241:34)
      at Object.invokeGuardedCallbackDev 
(node_modules/react-dom/cjs/react-dom.development.js:4213:16)
      at invokeGuardedCallback 
(node_modules/react-dom/cjs/react-dom.development.js:4277:31)
      at invokeGuardedCallbackAndCatchFirstError 
(node_modules/react-dom/cjs/react-dom.development.js:4291:25)
      at executeDispatch 
(node_modules/react-dom/cjs/react-dom.development.js:9041:3)
      at processDispatchQueueItemsInOrder 
(node_modules/react-dom/cjs/react-dom.development.js:9073:7)
      at processDispatchQueue 
(node_modules/react-dom/cjs/react-dom.development.js:9086:5)
      at dispatchEventsForPlugins 
(node_modules/react-dom/cjs/react-dom.development.js:9097:3)
      at node_modules/react-dom/cjs/react-dom.development.js:9288:12
      at batchedUpdates$1 
(node_modules/react-dom/cjs/react-dom.development.js:26179:12)
      at batchedUpdates 
(node_modules/react-dom/cjs/react-dom.development.js:3991:12)
      at dispatchEventForPluginEventSystem 
(node_modules/react-dom/cjs/react-dom.development.js:9287:3)
      at dispatchEventWithEnableCapturePhaseSelectiveHydrationWithoutDiscreteEv
entReplay (node_modules/react-dom/cjs/react-dom.development.js:6465:5)
      at dispatchEvent 
(node_modules/react-dom/cjs/react-dom.development.js:6457:5)
      at dispatchDiscreteEvent 
(node_modules/react-dom/cjs/react-dom.development.js:6430:5)
      at HTMLDivElement.callTheUserObjectsOperation 
(node_modules/jsdom/lib/jsdom/living/generated/EventListener.js:26:30)
      at innerInvokeEventListeners 
(node_modules/jsdom/lib/jsdom/living/events/EventTarget-impl.js:350:25)
      at invokeEventListeners 
(node_modules/jsdom/lib/jsdom/living/events/EventTarget-impl.js:286:3)
      at HTMLInputElementImpl._dispatch 
(node_modules/jsdom/lib/jsdom/living/events/EventTarget-impl.js:233:9)
      at HTMLInputElementImpl.dispatchEvent 
(node_modules/jsdom/lib/jsdom/living/events/EventTarget-impl.js:104:17)
      at HTMLInputElement.dispatchEvent 
(node_modules/jsdom/lib/jsdom/living/generated/EventTarget.js:241:34)
      at 
node_modules/@testing-library/user-event/dist/cjs/event/dispatchEvent.js:45:43
      at Object.eventWrapper 
(node_modules/@testing-library/dom/dist/config.js:25:23)
      at Object.wrapEvent 
(node_modules/@testing-library/user-event/dist/cjs/event/wrapEvent.js:6:28)
      at Object.dispatchEvent (node_modules/@testing-library/user-event/dist/cj
s/event/dispatchEvent.js:45:22)
      at Object.dispatchUIEvent (node_modules/@testing-library/user-event/dist/
cjs/event/dispatchEvent.js:22:26)
      at commitInput 
(node_modules/@testing-library/user-event/dist/cjs/event/input.js:145:14)
      at editInputElement 
(node_modules/@testing-library/user-event/dist/cjs/event/input.js:115:9)
      at Object.input 
(node_modules/@testing-library/user-event/dist/cjs/event/input.js:37:9)
      at node_modules/@testing-library/user-event/dist/cjs/event/behavior/keypr
ess.js:31:26
      at Object.dispatchEvent (node_modules/@testing-library/user-event/dist/cj
s/event/dispatchEvent.js:41:13)
      at Object.dispatchUIEvent (node_modules/@testing-library/user-event/dist/
cjs/event/dispatchEvent.js:22:26)
      at KeyboardHost.keydown 
(node_modules/@testing-library/user-event/dist/cjs/system/keyboard.js:76:22)
      at keyboardAction 
(node_modules/@testing-library/user-event/dist/cjs/keyboard/index.js:22:35)
      at Object.keyboard 
(node_modules/@testing-library/user-event/dist/cjs/keyboard/index.js:11:15)
      at Object.type 
(node_modules/@testing-library/user-event/dist/cjs/utility/type.js:17:5)
      at Object.<anonymous> (src/auth/auth.test.tsx:237:9)

    console.error
      Warning: An update to LoginForm inside a test was not wrapped in 
act(...).
      
      When testing, code that causes React state updates should be wrapped 
into act(...):
      
      act(() => {
        /* fire events that update state */
      });
      /* assert on the output */
      
      This ensures that you're testing the behavior the user would see in the 
browser. Learn more at https://reactjs.org/link/wrap-tests-with-act
          at LoginForm (C:\Users\samhe\OneDrive\Desktop\Cleaned\frontend\src\au
th\LoginForm\LoginForm.tsx:41:33)
          at div
          at div
          at LoginPage
          at routeContext (C:\Users\samhe\OneDrive\Desktop\Cleaned\frontend\nod
e_modules\react-router\lib\hooks.tsx:658:26)
          at children (C:\Users\samhe\OneDrive\Desktop\Cleaned\frontend\node_mo
dules\react-router\lib\components.tsx:512:3)
          at basenameProp (C:\Users\samhe\OneDrive\Desktop\Cleaned\frontend\nod
e_modules\react-router\lib\components.tsx:421:13)
          at basename (C:\Users\samhe\OneDrive\Desktop\Cleaned\frontend\node_mo
dules\react-router\lib\components.tsx:225:3)

      123 |                     placeholder="email@company.com"
      124 |                     value={email}
    > 125 |                     onChange={(e) => setEmail(e.target.value)}
          |                                      ^
      126 |                     className="w-full rounded-md border 
border-gray-300 px-3 py-2 text-sm focus:outline-none focus:ring-2 
focus:ring-gray-900 disabled:opacity-50"
      127 |                 />
      128 |             </div>

      at printWarning 
(node_modules/react-dom/cjs/react-dom.development.js:86:30)
      at error (node_modules/react-dom/cjs/react-dom.development.js:60:7)
      at warnIfUpdatesNotWrappedWithActDEV 
(node_modules/react-dom/cjs/react-dom.development.js:27628:9)
      at scheduleUpdateOnFiber 
(node_modules/react-dom/cjs/react-dom.development.js:25547:5)
      at dispatchSetState 
(node_modules/react-dom/cjs/react-dom.development.js:16708:7)
      at onChange (src/auth/LoginForm/LoginForm.tsx:125:38)
      at HTMLUnknownElement.callCallback 
(node_modules/react-dom/cjs/react-dom.development.js:4164:14)
      at HTMLUnknownElement.callTheUserObjectsOperation 
(node_modules/jsdom/lib/jsdom/living/generated/EventListener.js:26:30)
      at innerInvokeEventListeners 
(node_modules/jsdom/lib/jsdom/living/events/EventTarget-impl.js:350:25)
      at invokeEventListeners 
(node_modules/jsdom/lib/jsdom/living/events/EventTarget-impl.js:286:3)
      at HTMLUnknownElementImpl._dispatch 
(node_modules/jsdom/lib/jsdom/living/events/EventTarget-impl.js:233:9)
      at HTMLUnknownElementImpl.dispatchEvent 
(node_modules/jsdom/lib/jsdom/living/events/EventTarget-impl.js:104:17)
      at HTMLUnknownElement.dispatchEvent 
(node_modules/jsdom/lib/jsdom/living/generated/EventTarget.js:241:34)
      at Object.invokeGuardedCallbackDev 
(node_modules/react-dom/cjs/react-dom.development.js:4213:16)
      at invokeGuardedCallback 
(node_modules/react-dom/cjs/react-dom.development.js:4277:31)
      at invokeGuardedCallbackAndCatchFirstError 
(node_modules/react-dom/cjs/react-dom.development.js:4291:25)
      at executeDispatch 
(node_modules/react-dom/cjs/react-dom.development.js:9041:3)
      at processDispatchQueueItemsInOrder 
(node_modules/react-dom/cjs/react-dom.development.js:9073:7)
      at processDispatchQueue 
(node_modules/react-dom/cjs/react-dom.development.js:9086:5)
      at dispatchEventsForPlugins 
(node_modules/react-dom/cjs/react-dom.development.js:9097:3)
      at node_modules/react-dom/cjs/react-dom.development.js:9288:12
      at batchedUpdates$1 
(node_modules/react-dom/cjs/react-dom.development.js:26179:12)
      at batchedUpdates 
(node_modules/react-dom/cjs/react-dom.development.js:3991:12)
      at dispatchEventForPluginEventSystem 
(node_modules/react-dom/cjs/react-dom.development.js:9287:3)
      at dispatchEventWithEnableCapturePhaseSelectiveHydrationWithoutDiscreteEv
entReplay (node_modules/react-dom/cjs/react-dom.development.js:6465:5)
      at dispatchEvent 
(node_modules/react-dom/cjs/react-dom.development.js:6457:5)
      at dispatchDiscreteEvent 
(node_modules/react-dom/cjs/react-dom.development.js:6430:5)
      at HTMLDivElement.callTheUserObjectsOperation 
(node_modules/jsdom/lib/jsdom/living/generated/EventListener.js:26:30)
      at innerInvokeEventListeners 
(node_modules/jsdom/lib/jsdom/living/events/EventTarget-impl.js:350:25)
      at invokeEventListeners 
(node_modules/jsdom/lib/jsdom/living/events/EventTarget-impl.js:286:3)
      at HTMLInputElementImpl._dispatch 
(node_modules/jsdom/lib/jsdom/living/events/EventTarget-impl.js:233:9)
      at HTMLInputElementImpl.dispatchEvent 
(node_modules/jsdom/lib/jsdom/living/events/EventTarget-impl.js:104:17)
      at HTMLInputElement.dispatchEvent 
(node_modules/jsdom/lib/jsdom/living/generated/EventTarget.js:241:34)
      at 
node_modules/@testing-library/user-event/dist/cjs/event/dispatchEvent.js:45:43
      at Object.eventWrapper 
(node_modules/@testing-library/dom/dist/config.js:25:23)
      at Object.wrapEvent 
(node_modules/@testing-library/user-event/dist/cjs/event/wrapEvent.js:6:28)
      at Object.dispatchEvent (node_modules/@testing-library/user-event/dist/cj
s/event/dispatchEvent.js:45:22)
      at Object.dispatchUIEvent (node_modules/@testing-library/user-event/dist/
cjs/event/dispatchEvent.js:22:26)
      at commitInput 
(node_modules/@testing-library/user-event/dist/cjs/event/input.js:145:14)
      at editInputElement 
(node_modules/@testing-library/user-event/dist/cjs/event/input.js:115:9)
      at Object.input 
(node_modules/@testing-library/user-event/dist/cjs/event/input.js:37:9)
      at node_modules/@testing-library/user-event/dist/cjs/event/behavior/keypr
ess.js:31:26
      at Object.dispatchEvent (node_modules/@testing-library/user-event/dist/cj
s/event/dispatchEvent.js:41:13)
      at Object.dispatchUIEvent (node_modules/@testing-library/user-event/dist/
cjs/event/dispatchEvent.js:22:26)
      at KeyboardHost.keydown 
(node_modules/@testing-library/user-event/dist/cjs/system/keyboard.js:76:22)
      at keyboardAction 
(node_modules/@testing-library/user-event/dist/cjs/keyboard/index.js:22:35)
      at Object.keyboard 
(node_modules/@testing-library/user-event/dist/cjs/keyboard/index.js:11:15)
      at Object.type 
(node_modules/@testing-library/user-event/dist/cjs/utility/type.js:17:5)
      at Object.<anonymous> (src/auth/auth.test.tsx:237:9)

    console.error
      Warning: An update to LoginForm inside a test was not wrapped in 
act(...).
      
      When testing, code that causes React state updates should be wrapped 
into act(...):
      
      act(() => {
        /* fire events that update state */
      });
      /* assert on the output */
      
      This ensures that you're testing the behavior the user would see in the 
browser. Learn more at https://reactjs.org/link/wrap-tests-with-act
          at LoginForm (C:\Users\samhe\OneDrive\Desktop\Cleaned\frontend\src\au
th\LoginForm\LoginForm.tsx:41:33)
          at div
          at div
          at LoginPage
          at routeContext (C:\Users\samhe\OneDrive\Desktop\Cleaned\frontend\nod
e_modules\react-router\lib\hooks.tsx:658:26)
          at children (C:\Users\samhe\OneDrive\Desktop\Cleaned\frontend\node_mo
dules\react-router\lib\components.tsx:512:3)
          at basenameProp (C:\Users\samhe\OneDrive\Desktop\Cleaned\frontend\nod
e_modules\react-router\lib\components.tsx:421:13)
          at basename (C:\Users\samhe\OneDrive\Desktop\Cleaned\frontend\node_mo
dules\react-router\lib\components.tsx:225:3)

      123 |                     placeholder="email@company.com"
      124 |                     value={email}
    > 125 |                     onChange={(e) => setEmail(e.target.value)}
          |                                      ^
      126 |                     className="w-full rounded-md border 
border-gray-300 px-3 py-2 text-sm focus:outline-none focus:ring-2 
focus:ring-gray-900 disabled:opacity-50"
      127 |                 />
      128 |             </div>

      at printWarning 
(node_modules/react-dom/cjs/react-dom.development.js:86:30)
      at error (node_modules/react-dom/cjs/react-dom.development.js:60:7)
      at warnIfUpdatesNotWrappedWithActDEV 
(node_modules/react-dom/cjs/react-dom.development.js:27628:9)
      at scheduleUpdateOnFiber 
(node_modules/react-dom/cjs/react-dom.development.js:25547:5)
      at dispatchSetState 
(node_modules/react-dom/cjs/react-dom.development.js:16708:7)
      at onChange (src/auth/LoginForm/LoginForm.tsx:125:38)
      at HTMLUnknownElement.callCallback 
(node_modules/react-dom/cjs/react-dom.development.js:4164:14)
      at HTMLUnknownElement.callTheUserObjectsOperation 
(node_modules/jsdom/lib/jsdom/living/generated/EventListener.js:26:30)
      at innerInvokeEventListeners 
(node_modules/jsdom/lib/jsdom/living/events/EventTarget-impl.js:350:25)
      at invokeEventListeners 
(node_modules/jsdom/lib/jsdom/living/events/EventTarget-impl.js:286:3)
      at HTMLUnknownElementImpl._dispatch 
(node_modules/jsdom/lib/jsdom/living/events/EventTarget-impl.js:233:9)
      at HTMLUnknownElementImpl.dispatchEvent 
(node_modules/jsdom/lib/jsdom/living/events/EventTarget-impl.js:104:17)
      at HTMLUnknownElement.dispatchEvent 
(node_modules/jsdom/lib/jsdom/living/generated/EventTarget.js:241:34)
      at Object.invokeGuardedCallbackDev 
(node_modules/react-dom/cjs/react-dom.development.js:4213:16)
      at invokeGuardedCallback 
(node_modules/react-dom/cjs/react-dom.development.js:4277:31)
      at invokeGuardedCallbackAndCatchFirstError 
(node_modules/react-dom/cjs/react-dom.development.js:4291:25)
      at executeDispatch 
(node_modules/react-dom/cjs/react-dom.development.js:9041:3)
      at processDispatchQueueItemsInOrder 
(node_modules/react-dom/cjs/react-dom.development.js:9073:7)
      at processDispatchQueue 
(node_modules/react-dom/cjs/react-dom.development.js:9086:5)
      at dispatchEventsForPlugins 
(node_modules/react-dom/cjs/react-dom.development.js:9097:3)
      at node_modules/react-dom/cjs/react-dom.development.js:9288:12
      at batchedUpdates$1 
(node_modules/react-dom/cjs/react-dom.development.js:26179:12)
      at batchedUpdates 
(node_modules/react-dom/cjs/react-dom.development.js:3991:12)
      at dispatchEventForPluginEventSystem 
(node_modules/react-dom/cjs/react-dom.development.js:9287:3)
      at dispatchEventWithEnableCapturePhaseSelectiveHydrationWithoutDiscreteEv
entReplay (node_modules/react-dom/cjs/react-dom.development.js:6465:5)
      at dispatchEvent 
(node_modules/react-dom/cjs/react-dom.development.js:6457:5)
      at dispatchDiscreteEvent 
(node_modules/react-dom/cjs/react-dom.development.js:6430:5)
      at HTMLDivElement.callTheUserObjectsOperation 
(node_modules/jsdom/lib/jsdom/living/generated/EventListener.js:26:30)
      at innerInvokeEventListeners 
(node_modules/jsdom/lib/jsdom/living/events/EventTarget-impl.js:350:25)
      at invokeEventListeners 
(node_modules/jsdom/lib/jsdom/living/events/EventTarget-impl.js:286:3)
      at HTMLInputElementImpl._dispatch 
(node_modules/jsdom/lib/jsdom/living/events/EventTarget-impl.js:233:9)
      at HTMLInputElementImpl.dispatchEvent 
(node_modules/jsdom/lib/jsdom/living/events/EventTarget-impl.js:104:17)
      at HTMLInputElement.dispatchEvent 
(node_modules/jsdom/lib/jsdom/living/generated/EventTarget.js:241:34)
      at 
node_modules/@testing-library/user-event/dist/cjs/event/dispatchEvent.js:45:43
      at Object.eventWrapper 
(node_modules/@testing-library/dom/dist/config.js:25:23)
      at Object.wrapEvent 
(node_modules/@testing-library/user-event/dist/cjs/event/wrapEvent.js:6:28)
      at Object.dispatchEvent (node_modules/@testing-library/user-event/dist/cj
s/event/dispatchEvent.js:45:22)
      at Object.dispatchUIEvent (node_modules/@testing-library/user-event/dist/
cjs/event/dispatchEvent.js:22:26)
      at commitInput 
(node_modules/@testing-library/user-event/dist/cjs/event/input.js:145:14)
      at editInputElement 
(node_modules/@testing-library/user-event/dist/cjs/event/input.js:115:9)
      at Object.input 
(node_modules/@testing-library/user-event/dist/cjs/event/input.js:37:9)
      at node_modules/@testing-library/user-event/dist/cjs/event/behavior/keypr
ess.js:31:26
      at Object.dispatchEvent (node_modules/@testing-library/user-event/dist/cj
s/event/dispatchEvent.js:41:13)
      at Object.dispatchUIEvent (node_modules/@testing-library/user-event/dist/
cjs/event/dispatchEvent.js:22:26)
      at KeyboardHost.keydown 
(node_modules/@testing-library/user-event/dist/cjs/system/keyboard.js:76:22)
      at keyboardAction 
(node_modules/@testing-library/user-event/dist/cjs/keyboard/index.js:22:35)
      at Object.keyboard 
(node_modules/@testing-library/user-event/dist/cjs/keyboard/index.js:11:15)
      at Object.type 
(node_modules/@testing-library/user-event/dist/cjs/utility/type.js:17:5)
      at Object.<anonymous> (src/auth/auth.test.tsx:237:9)

    console.error
      Warning: An update to LoginForm inside a test was not wrapped in 
act(...).
      
      When testing, code that causes React state updates should be wrapped 
into act(...):
      
      act(() => {
        /* fire events that update state */
      });
      /* assert on the output */
      
      This ensures that you're testing the behavior the user would see in the 
browser. Learn more at https://reactjs.org/link/wrap-tests-with-act
          at LoginForm (C:\Users\samhe\OneDrive\Desktop\Cleaned\frontend\src\au
th\LoginForm\LoginForm.tsx:41:33)
          at div
          at div
          at LoginPage
          at routeContext (C:\Users\samhe\OneDrive\Desktop\Cleaned\frontend\nod
e_modules\react-router\lib\hooks.tsx:658:26)
          at children (C:\Users\samhe\OneDrive\Desktop\Cleaned\frontend\node_mo
dules\react-router\lib\components.tsx:512:3)
          at basenameProp (C:\Users\samhe\OneDrive\Desktop\Cleaned\frontend\nod
e_modules\react-router\lib\components.tsx:421:13)
          at basename (C:\Users\samhe\OneDrive\Desktop\Cleaned\frontend\node_mo
dules\react-router\lib\components.tsx:225:3)

      123 |                     placeholder="email@company.com"
      124 |                     value={email}
    > 125 |                     onChange={(e) => setEmail(e.target.value)}
          |                                      ^
      126 |                     className="w-full rounded-md border 
border-gray-300 px-3 py-2 text-sm focus:outline-none focus:ring-2 
focus:ring-gray-900 disabled:opacity-50"
      127 |                 />
      128 |             </div>

      at printWarning 
(node_modules/react-dom/cjs/react-dom.development.js:86:30)
      at error (node_modules/react-dom/cjs/react-dom.development.js:60:7)
      at warnIfUpdatesNotWrappedWithActDEV 
(node_modules/react-dom/cjs/react-dom.development.js:27628:9)
      at scheduleUpdateOnFiber 
(node_modules/react-dom/cjs/react-dom.development.js:25547:5)
      at dispatchSetState 
(node_modules/react-dom/cjs/react-dom.development.js:16708:7)
      at onChange (src/auth/LoginForm/LoginForm.tsx:125:38)
      at HTMLUnknownElement.callCallback 
(node_modules/react-dom/cjs/react-dom.development.js:4164:14)
      at HTMLUnknownElement.callTheUserObjectsOperation 
(node_modules/jsdom/lib/jsdom/living/generated/EventListener.js:26:30)
      at innerInvokeEventListeners 
(node_modules/jsdom/lib/jsdom/living/events/EventTarget-impl.js:350:25)
      at invokeEventListeners 
(node_modules/jsdom/lib/jsdom/living/events/EventTarget-impl.js:286:3)
      at HTMLUnknownElementImpl._dispatch 
(node_modules/jsdom/lib/jsdom/living/events/EventTarget-impl.js:233:9)
      at HTMLUnknownElementImpl.dispatchEvent 
(node_modules/jsdom/lib/jsdom/living/events/EventTarget-impl.js:104:17)
      at HTMLUnknownElement.dispatchEvent 
(node_modules/jsdom/lib/jsdom/living/generated/EventTarget.js:241:34)
      at Object.invokeGuardedCallbackDev 
(node_modules/react-dom/cjs/react-dom.development.js:4213:16)
      at invokeGuardedCallback 
(node_modules/react-dom/cjs/react-dom.development.js:4277:31)
      at invokeGuardedCallbackAndCatchFirstError 
(node_modules/react-dom/cjs/react-dom.development.js:4291:25)
      at executeDispatch 
(node_modules/react-dom/cjs/react-dom.development.js:9041:3)
      at processDispatchQueueItemsInOrder 
(node_modules/react-dom/cjs/react-dom.development.js:9073:7)
      at processDispatchQueue 
(node_modules/react-dom/cjs/react-dom.development.js:9086:5)
      at dispatchEventsForPlugins 
(node_modules/react-dom/cjs/react-dom.development.js:9097:3)
      at node_modules/react-dom/cjs/react-dom.development.js:9288:12
      at batchedUpdates$1 
(node_modules/react-dom/cjs/react-dom.development.js:26179:12)
      at batchedUpdates 
(node_modules/react-dom/cjs/react-dom.development.js:3991:12)
      at dispatchEventForPluginEventSystem 
(node_modules/react-dom/cjs/react-dom.development.js:9287:3)
      at dispatchEventWithEnableCapturePhaseSelectiveHydrationWithoutDiscreteEv
entReplay (node_modules/react-dom/cjs/react-dom.development.js:6465:5)
      at dispatchEvent 
(node_modules/react-dom/cjs/react-dom.development.js:6457:5)
      at dispatchDiscreteEvent 
(node_modules/react-dom/cjs/react-dom.development.js:6430:5)
      at HTMLDivElement.callTheUserObjectsOperation 
(node_modules/jsdom/lib/jsdom/living/generated/EventListener.js:26:30)
      at innerInvokeEventListeners 
(node_modules/jsdom/lib/jsdom/living/events/EventTarget-impl.js:350:25)
      at invokeEventListeners 
(node_modules/jsdom/lib/jsdom/living/events/EventTarget-impl.js:286:3)
      at HTMLInputElementImpl._dispatch 
(node_modules/jsdom/lib/jsdom/living/events/EventTarget-impl.js:233:9)
      at HTMLInputElementImpl.dispatchEvent 
(node_modules/jsdom/lib/jsdom/living/events/EventTarget-impl.js:104:17)
      at HTMLInputElement.dispatchEvent 
(node_modules/jsdom/lib/jsdom/living/generated/EventTarget.js:241:34)
      at 
node_modules/@testing-library/user-event/dist/cjs/event/dispatchEvent.js:45:43
      at Object.eventWrapper 
(node_modules/@testing-library/dom/dist/config.js:25:23)
      at Object.wrapEvent 
(node_modules/@testing-library/user-event/dist/cjs/event/wrapEvent.js:6:28)
      at Object.dispatchEvent (node_modules/@testing-library/user-event/dist/cj
s/event/dispatchEvent.js:45:22)
      at Object.dispatchUIEvent (node_modules/@testing-library/user-event/dist/
cjs/event/dispatchEvent.js:22:26)
      at commitInput 
(node_modules/@testing-library/user-event/dist/cjs/event/input.js:145:14)
      at editInputElement 
(node_modules/@testing-library/user-event/dist/cjs/event/input.js:115:9)
      at Object.input 
(node_modules/@testing-library/user-event/dist/cjs/event/input.js:37:9)
      at node_modules/@testing-library/user-event/dist/cjs/event/behavior/keypr
ess.js:31:26
      at Object.dispatchEvent (node_modules/@testing-library/user-event/dist/cj
s/event/dispatchEvent.js:41:13)
      at Object.dispatchUIEvent (node_modules/@testing-library/user-event/dist/
cjs/event/dispatchEvent.js:22:26)
      at KeyboardHost.keydown 
(node_modules/@testing-library/user-event/dist/cjs/system/keyboard.js:76:22)
      at keyboardAction 
(node_modules/@testing-library/user-event/dist/cjs/keyboard/index.js:22:35)
      at Object.keyboard 
(node_modules/@testing-library/user-event/dist/cjs/keyboard/index.js:11:15)
      at Object.type 
(node_modules/@testing-library/user-event/dist/cjs/utility/type.js:17:5)
      at Object.<anonymous> (src/auth/auth.test.tsx:237:9)

    console.error
      Warning: An update to LoginForm inside a test was not wrapped in 
act(...).
      
      When testing, code that causes React state updates should be wrapped 
into act(...):
      
      act(() => {
        /* fire events that update state */
      });
      /* assert on the output */
      
      This ensures that you're testing the behavior the user would see in the 
browser. Learn more at https://reactjs.org/link/wrap-tests-with-act
          at LoginForm (C:\Users\samhe\OneDrive\Desktop\Cleaned\frontend\src\au
th\LoginForm\LoginForm.tsx:41:33)
          at div
          at div
          at LoginPage
          at routeContext (C:\Users\samhe\OneDrive\Desktop\Cleaned\frontend\nod
e_modules\react-router\lib\hooks.tsx:658:26)
          at children (C:\Users\samhe\OneDrive\Desktop\Cleaned\frontend\node_mo
dules\react-router\lib\components.tsx:512:3)
          at basenameProp (C:\Users\samhe\OneDrive\Desktop\Cleaned\frontend\nod
e_modules\react-router\lib\components.tsx:421:13)
          at basename (C:\Users\samhe\OneDrive\Desktop\Cleaned\frontend\node_mo
dules\react-router\lib\components.tsx:225:3)

      123 |                     placeholder="email@company.com"
      124 |                     value={email}
    > 125 |                     onChange={(e) => setEmail(e.target.value)}
          |                                      ^
      126 |                     className="w-full rounded-md border 
border-gray-300 px-3 py-2 text-sm focus:outline-none focus:ring-2 
focus:ring-gray-900 disabled:opacity-50"
      127 |                 />
      128 |             </div>

      at printWarning 
(node_modules/react-dom/cjs/react-dom.development.js:86:30)
      at error (node_modules/react-dom/cjs/react-dom.development.js:60:7)
      at warnIfUpdatesNotWrappedWithActDEV 
(node_modules/react-dom/cjs/react-dom.development.js:27628:9)
      at scheduleUpdateOnFiber 
(node_modules/react-dom/cjs/react-dom.development.js:25547:5)
      at dispatchSetState 
(node_modules/react-dom/cjs/react-dom.development.js:16708:7)
      at onChange (src/auth/LoginForm/LoginForm.tsx:125:38)
      at HTMLUnknownElement.callCallback 
(node_modules/react-dom/cjs/react-dom.development.js:4164:14)
      at HTMLUnknownElement.callTheUserObjectsOperation 
(node_modules/jsdom/lib/jsdom/living/generated/EventListener.js:26:30)
      at innerInvokeEventListeners 
(node_modules/jsdom/lib/jsdom/living/events/EventTarget-impl.js:350:25)
      at invokeEventListeners 
(node_modules/jsdom/lib/jsdom/living/events/EventTarget-impl.js:286:3)
      at HTMLUnknownElementImpl._dispatch 
(node_modules/jsdom/lib/jsdom/living/events/EventTarget-impl.js:233:9)
      at HTMLUnknownElementImpl.dispatchEvent 
(node_modules/jsdom/lib/jsdom/living/events/EventTarget-impl.js:104:17)
      at HTMLUnknownElement.dispatchEvent 
(node_modules/jsdom/lib/jsdom/living/generated/EventTarget.js:241:34)
      at Object.invokeGuardedCallbackDev 
(node_modules/react-dom/cjs/react-dom.development.js:4213:16)
      at invokeGuardedCallback 
(node_modules/react-dom/cjs/react-dom.development.js:4277:31)
      at invokeGuardedCallbackAndCatchFirstError 
(node_modules/react-dom/cjs/react-dom.development.js:4291:25)
      at executeDispatch 
(node_modules/react-dom/cjs/react-dom.development.js:9041:3)
      at processDispatchQueueItemsInOrder 
(node_modules/react-dom/cjs/react-dom.development.js:9073:7)
      at processDispatchQueue 
(node_modules/react-dom/cjs/react-dom.development.js:9086:5)
      at dispatchEventsForPlugins 
(node_modules/react-dom/cjs/react-dom.development.js:9097:3)
      at node_modules/react-dom/cjs/react-dom.development.js:9288:12
      at batchedUpdates$1 
(node_modules/react-dom/cjs/react-dom.development.js:26179:12)
      at batchedUpdates 
(node_modules/react-dom/cjs/react-dom.development.js:3991:12)
      at dispatchEventForPluginEventSystem 
(node_modules/react-dom/cjs/react-dom.development.js:9287:3)
      at dispatchEventWithEnableCapturePhaseSelectiveHydrationWithoutDiscreteEv
entReplay (node_modules/react-dom/cjs/react-dom.development.js:6465:5)
      at dispatchEvent 
(node_modules/react-dom/cjs/react-dom.development.js:6457:5)
      at dispatchDiscreteEvent 
(node_modules/react-dom/cjs/react-dom.development.js:6430:5)
      at HTMLDivElement.callTheUserObjectsOperation 
(node_modules/jsdom/lib/jsdom/living/generated/EventListener.js:26:30)
      at innerInvokeEventListeners 
(node_modules/jsdom/lib/jsdom/living/events/EventTarget-impl.js:350:25)
      at invokeEventListeners 
(node_modules/jsdom/lib/jsdom/living/events/EventTarget-impl.js:286:3)
      at HTMLInputElementImpl._dispatch 
(node_modules/jsdom/lib/jsdom/living/events/EventTarget-impl.js:233:9)
      at HTMLInputElementImpl.dispatchEvent 
(node_modules/jsdom/lib/jsdom/living/events/EventTarget-impl.js:104:17)
      at HTMLInputElement.dispatchEvent 
(node_modules/jsdom/lib/jsdom/living/generated/EventTarget.js:241:34)
      at 
node_modules/@testing-library/user-event/dist/cjs/event/dispatchEvent.js:45:43
      at Object.eventWrapper 
(node_modules/@testing-library/dom/dist/config.js:25:23)
      at Object.wrapEvent 
(node_modules/@testing-library/user-event/dist/cjs/event/wrapEvent.js:6:28)
      at Object.dispatchEvent (node_modules/@testing-library/user-event/dist/cj
s/event/dispatchEvent.js:45:22)
      at Object.dispatchUIEvent (node_modules/@testing-library/user-event/dist/
cjs/event/dispatchEvent.js:22:26)
      at commitInput 
(node_modules/@testing-library/user-event/dist/cjs/event/input.js:145:14)
      at editInputElement 
(node_modules/@testing-library/user-event/dist/cjs/event/input.js:115:9)
      at Object.input 
(node_modules/@testing-library/user-event/dist/cjs/event/input.js:37:9)
      at node_modules/@testing-library/user-event/dist/cjs/event/behavior/keypr
ess.js:31:26
      at Object.dispatchEvent (node_modules/@testing-library/user-event/dist/cj
s/event/dispatchEvent.js:41:13)
      at Object.dispatchUIEvent (node_modules/@testing-library/user-event/dist/
cjs/event/dispatchEvent.js:22:26)
      at KeyboardHost.keydown 
(node_modules/@testing-library/user-event/dist/cjs/system/keyboard.js:76:22)
      at keyboardAction 
(node_modules/@testing-library/user-event/dist/cjs/keyboard/index.js:22:35)
      at Object.keyboard 
(node_modules/@testing-library/user-event/dist/cjs/keyboard/index.js:11:15)
      at Object.type 
(node_modules/@testing-library/user-event/dist/cjs/utility/type.js:17:5)
      at Object.<anonymous> (src/auth/auth.test.tsx:237:9)

    console.error
      Warning: An update to LoginForm inside a test was not wrapped in 
act(...).
      
      When testing, code that causes React state updates should be wrapped 
into act(...):
      
      act(() => {
        /* fire events that update state */
      });
      /* assert on the output */
      
      This ensures that you're testing the behavior the user would see in the 
browser. Learn more at https://reactjs.org/link/wrap-tests-with-act
          at LoginForm (C:\Users\samhe\OneDrive\Desktop\Cleaned\frontend\src\au
th\LoginForm\LoginForm.tsx:41:33)
          at div
          at div
          at LoginPage
          at routeContext (C:\Users\samhe\OneDrive\Desktop\Cleaned\frontend\nod
e_modules\react-router\lib\hooks.tsx:658:26)
          at children (C:\Users\samhe\OneDrive\Desktop\Cleaned\frontend\node_mo
dules\react-router\lib\components.tsx:512:3)
          at basenameProp (C:\Users\samhe\OneDrive\Desktop\Cleaned\frontend\nod
e_modules\react-router\lib\components.tsx:421:13)
          at basename (C:\Users\samhe\OneDrive\Desktop\Cleaned\frontend\node_mo
dules\react-router\lib\components.tsx:225:3)

      123 |                     placeholder="email@company.com"
      124 |                     value={email}
    > 125 |                     onChange={(e) => setEmail(e.target.value)}
          |                                      ^
      126 |                     className="w-full rounded-md border 
border-gray-300 px-3 py-2 text-sm focus:outline-none focus:ring-2 
focus:ring-gray-900 disabled:opacity-50"
      127 |                 />
      128 |             </div>

      at printWarning 
(node_modules/react-dom/cjs/react-dom.development.js:86:30)
      at error (node_modules/react-dom/cjs/react-dom.development.js:60:7)
      at warnIfUpdatesNotWrappedWithActDEV 
(node_modules/react-dom/cjs/react-dom.development.js:27628:9)
      at scheduleUpdateOnFiber 
(node_modules/react-dom/cjs/react-dom.development.js:25547:5)
      at dispatchSetState 
(node_modules/react-dom/cjs/react-dom.development.js:16708:7)
      at onChange (src/auth/LoginForm/LoginForm.tsx:125:38)
      at HTMLUnknownElement.callCallback 
(node_modules/react-dom/cjs/react-dom.development.js:4164:14)
      at HTMLUnknownElement.callTheUserObjectsOperation 
(node_modules/jsdom/lib/jsdom/living/generated/EventListener.js:26:30)
      at innerInvokeEventListeners 
(node_modules/jsdom/lib/jsdom/living/events/EventTarget-impl.js:350:25)
      at invokeEventListeners 
(node_modules/jsdom/lib/jsdom/living/events/EventTarget-impl.js:286:3)
      at HTMLUnknownElementImpl._dispatch 
(node_modules/jsdom/lib/jsdom/living/events/EventTarget-impl.js:233:9)
      at HTMLUnknownElementImpl.dispatchEvent 
(node_modules/jsdom/lib/jsdom/living/events/EventTarget-impl.js:104:17)
      at HTMLUnknownElement.dispatchEvent 
(node_modules/jsdom/lib/jsdom/living/generated/EventTarget.js:241:34)
      at Object.invokeGuardedCallbackDev 
(node_modules/react-dom/cjs/react-dom.development.js:4213:16)
      at invokeGuardedCallback 
(node_modules/react-dom/cjs/react-dom.development.js:4277:31)
      at invokeGuardedCallbackAndCatchFirstError 
(node_modules/react-dom/cjs/react-dom.development.js:4291:25)
      at executeDispatch 
(node_modules/react-dom/cjs/react-dom.development.js:9041:3)
      at processDispatchQueueItemsInOrder 
(node_modules/react-dom/cjs/react-dom.development.js:9073:7)
      at processDispatchQueue 
(node_modules/react-dom/cjs/react-dom.development.js:9086:5)
      at dispatchEventsForPlugins 
(node_modules/react-dom/cjs/react-dom.development.js:9097:3)
      at node_modules/react-dom/cjs/react-dom.development.js:9288:12
      at batchedUpdates$1 
(node_modules/react-dom/cjs/react-dom.development.js:26179:12)
      at batchedUpdates 
(node_modules/react-dom/cjs/react-dom.development.js:3991:12)
      at dispatchEventForPluginEventSystem 
(node_modules/react-dom/cjs/react-dom.development.js:9287:3)
      at dispatchEventWithEnableCapturePhaseSelectiveHydrationWithoutDiscreteEv
entReplay (node_modules/react-dom/cjs/react-dom.development.js:6465:5)
      at dispatchEvent 
(node_modules/react-dom/cjs/react-dom.development.js:6457:5)
      at dispatchDiscreteEvent 
(node_modules/react-dom/cjs/react-dom.development.js:6430:5)
      at HTMLDivElement.callTheUserObjectsOperation 
(node_modules/jsdom/lib/jsdom/living/generated/EventListener.js:26:30)
      at innerInvokeEventListeners 
(node_modules/jsdom/lib/jsdom/living/events/EventTarget-impl.js:350:25)
      at invokeEventListeners 
(node_modules/jsdom/lib/jsdom/living/events/EventTarget-impl.js:286:3)
      at HTMLInputElementImpl._dispatch 
(node_modules/jsdom/lib/jsdom/living/events/EventTarget-impl.js:233:9)
      at HTMLInputElementImpl.dispatchEvent 
(node_modules/jsdom/lib/jsdom/living/events/EventTarget-impl.js:104:17)
      at HTMLInputElement.dispatchEvent 
(node_modules/jsdom/lib/jsdom/living/generated/EventTarget.js:241:34)
      at 
node_modules/@testing-library/user-event/dist/cjs/event/dispatchEvent.js:45:43
      at Object.eventWrapper 
(node_modules/@testing-library/dom/dist/config.js:25:23)
      at Object.wrapEvent 
(node_modules/@testing-library/user-event/dist/cjs/event/wrapEvent.js:6:28)
      at Object.dispatchEvent (node_modules/@testing-library/user-event/dist/cj
s/event/dispatchEvent.js:45:22)
      at Object.dispatchUIEvent (node_modules/@testing-library/user-event/dist/
cjs/event/dispatchEvent.js:22:26)
      at commitInput 
(node_modules/@testing-library/user-event/dist/cjs/event/input.js:145:14)
      at editInputElement 
(node_modules/@testing-library/user-event/dist/cjs/event/input.js:115:9)
      at Object.input 
(node_modules/@testing-library/user-event/dist/cjs/event/input.js:37:9)
      at node_modules/@testing-library/user-event/dist/cjs/event/behavior/keypr
ess.js:31:26
      at Object.dispatchEvent (node_modules/@testing-library/user-event/dist/cj
s/event/dispatchEvent.js:41:13)
      at Object.dispatchUIEvent (node_modules/@testing-library/user-event/dist/
cjs/event/dispatchEvent.js:22:26)
      at KeyboardHost.keydown 
(node_modules/@testing-library/user-event/dist/cjs/system/keyboard.js:76:22)
      at keyboardAction 
(node_modules/@testing-library/user-event/dist/cjs/keyboard/index.js:22:35)
      at Object.keyboard 
(node_modules/@testing-library/user-event/dist/cjs/keyboard/index.js:11:15)
      at Object.type 
(node_modules/@testing-library/user-event/dist/cjs/utility/type.js:17:5)
      at Object.<anonymous> (src/auth/auth.test.tsx:237:9)

    console.error
      Warning: An update to LoginForm inside a test was not wrapped in 
act(...).
      
      When testing, code that causes React state updates should be wrapped 
into act(...):
      
      act(() => {
        /* fire events that update state */
      });
      /* assert on the output */
      
      This ensures that you're testing the behavior the user would see in the 
browser. Learn more at https://reactjs.org/link/wrap-tests-with-act
          at LoginForm (C:\Users\samhe\OneDrive\Desktop\Cleaned\frontend\src\au
th\LoginForm\LoginForm.tsx:41:33)
          at div
          at div
          at LoginPage
          at routeContext (C:\Users\samhe\OneDrive\Desktop\Cleaned\frontend\nod
e_modules\react-router\lib\hooks.tsx:658:26)
          at children (C:\Users\samhe\OneDrive\Desktop\Cleaned\frontend\node_mo
dules\react-router\lib\components.tsx:512:3)
          at basenameProp (C:\Users\samhe\OneDrive\Desktop\Cleaned\frontend\nod
e_modules\react-router\lib\components.tsx:421:13)
          at basename (C:\Users\samhe\OneDrive\Desktop\Cleaned\frontend\node_mo
dules\react-router\lib\components.tsx:225:3)

      123 |                     placeholder="email@company.com"
      124 |                     value={email}
    > 125 |                     onChange={(e) => setEmail(e.target.value)}
          |                                      ^
      126 |                     className="w-full rounded-md border 
border-gray-300 px-3 py-2 text-sm focus:outline-none focus:ring-2 
focus:ring-gray-900 disabled:opacity-50"
      127 |                 />
      128 |             </div>

      at printWarning 
(node_modules/react-dom/cjs/react-dom.development.js:86:30)
      at error (node_modules/react-dom/cjs/react-dom.development.js:60:7)
      at warnIfUpdatesNotWrappedWithActDEV 
(node_modules/react-dom/cjs/react-dom.development.js:27628:9)
      at scheduleUpdateOnFiber 
(node_modules/react-dom/cjs/react-dom.development.js:25547:5)
      at dispatchSetState 
(node_modules/react-dom/cjs/react-dom.development.js:16708:7)
      at onChange (src/auth/LoginForm/LoginForm.tsx:125:38)
      at HTMLUnknownElement.callCallback 
(node_modules/react-dom/cjs/react-dom.development.js:4164:14)
      at HTMLUnknownElement.callTheUserObjectsOperation 
(node_modules/jsdom/lib/jsdom/living/generated/EventListener.js:26:30)
      at innerInvokeEventListeners 
(node_modules/jsdom/lib/jsdom/living/events/EventTarget-impl.js:350:25)
      at invokeEventListeners 
(node_modules/jsdom/lib/jsdom/living/events/EventTarget-impl.js:286:3)
      at HTMLUnknownElementImpl._dispatch 
(node_modules/jsdom/lib/jsdom/living/events/EventTarget-impl.js:233:9)
      at HTMLUnknownElementImpl.dispatchEvent 
(node_modules/jsdom/lib/jsdom/living/events/EventTarget-impl.js:104:17)
      at HTMLUnknownElement.dispatchEvent 
(node_modules/jsdom/lib/jsdom/living/generated/EventTarget.js:241:34)
      at Object.invokeGuardedCallbackDev 
(node_modules/react-dom/cjs/react-dom.development.js:4213:16)
      at invokeGuardedCallback 
(node_modules/react-dom/cjs/react-dom.development.js:4277:31)
      at invokeGuardedCallbackAndCatchFirstError 
(node_modules/react-dom/cjs/react-dom.development.js:4291:25)
      at executeDispatch 
(node_modules/react-dom/cjs/react-dom.development.js:9041:3)
      at processDispatchQueueItemsInOrder 
(node_modules/react-dom/cjs/react-dom.development.js:9073:7)
      at processDispatchQueue 
(node_modules/react-dom/cjs/react-dom.development.js:9086:5)
      at dispatchEventsForPlugins 
(node_modules/react-dom/cjs/react-dom.development.js:9097:3)
      at node_modules/react-dom/cjs/react-dom.development.js:9288:12
      at batchedUpdates$1 
(node_modules/react-dom/cjs/react-dom.development.js:26179:12)
      at batchedUpdates 
(node_modules/react-dom/cjs/react-dom.development.js:3991:12)
      at dispatchEventForPluginEventSystem 
(node_modules/react-dom/cjs/react-dom.development.js:9287:3)
      at dispatchEventWithEnableCapturePhaseSelectiveHydrationWithoutDiscreteEv
entReplay (node_modules/react-dom/cjs/react-dom.development.js:6465:5)
      at dispatchEvent 
(node_modules/react-dom/cjs/react-dom.development.js:6457:5)
      at dispatchDiscreteEvent 
(node_modules/react-dom/cjs/react-dom.development.js:6430:5)
      at HTMLDivElement.callTheUserObjectsOperation 
(node_modules/jsdom/lib/jsdom/living/generated/EventListener.js:26:30)
      at innerInvokeEventListeners 
(node_modules/jsdom/lib/jsdom/living/events/EventTarget-impl.js:350:25)
      at invokeEventListeners 
(node_modules/jsdom/lib/jsdom/living/events/EventTarget-impl.js:286:3)
      at HTMLInputElementImpl._dispatch 
(node_modules/jsdom/lib/jsdom/living/events/EventTarget-impl.js:233:9)
      at HTMLInputElementImpl.dispatchEvent 
(node_modules/jsdom/lib/jsdom/living/events/EventTarget-impl.js:104:17)
      at HTMLInputElement.dispatchEvent 
(node_modules/jsdom/lib/jsdom/living/generated/EventTarget.js:241:34)
      at 
node_modules/@testing-library/user-event/dist/cjs/event/dispatchEvent.js:45:43
      at Object.eventWrapper 
(node_modules/@testing-library/dom/dist/config.js:25:23)
      at Object.wrapEvent 
(node_modules/@testing-library/user-event/dist/cjs/event/wrapEvent.js:6:28)
      at Object.dispatchEvent (node_modules/@testing-library/user-event/dist/cj
s/event/dispatchEvent.js:45:22)
      at Object.dispatchUIEvent (node_modules/@testing-library/user-event/dist/
cjs/event/dispatchEvent.js:22:26)
      at commitInput 
(node_modules/@testing-library/user-event/dist/cjs/event/input.js:145:14)
      at editInputElement 
(node_modules/@testing-library/user-event/dist/cjs/event/input.js:115:9)
      at Object.input 
(node_modules/@testing-library/user-event/dist/cjs/event/input.js:37:9)
      at node_modules/@testing-library/user-event/dist/cjs/event/behavior/keypr
ess.js:31:26
      at Object.dispatchEvent (node_modules/@testing-library/user-event/dist/cj
s/event/dispatchEvent.js:41:13)
      at Object.dispatchUIEvent (node_modules/@testing-library/user-event/dist/
cjs/event/dispatchEvent.js:22:26)
      at KeyboardHost.keydown 
(node_modules/@testing-library/user-event/dist/cjs/system/keyboard.js:76:22)
      at keyboardAction 
(node_modules/@testing-library/user-event/dist/cjs/keyboard/index.js:22:35)
      at Object.keyboard 
(node_modules/@testing-library/user-event/dist/cjs/keyboard/index.js:11:15)
      at Object.type 
(node_modules/@testing-library/user-event/dist/cjs/utility/type.js:17:5)
      at Object.<anonymous> (src/auth/auth.test.tsx:237:9)

    console.error
      Warning: An update to LoginForm inside a test was not wrapped in 
act(...).
      
      When testing, code that causes React state updates should be wrapped 
into act(...):
      
      act(() => {
        /* fire events that update state */
      });
      /* assert on the output */
      
      This ensures that you're testing the behavior the user would see in the 
browser. Learn more at https://reactjs.org/link/wrap-tests-with-act
          at LoginForm (C:\Users\samhe\OneDrive\Desktop\Cleaned\frontend\src\au
th\LoginForm\LoginForm.tsx:41:33)
          at div
          at div
          at LoginPage
          at routeContext (C:\Users\samhe\OneDrive\Desktop\Cleaned\frontend\nod
e_modules\react-router\lib\hooks.tsx:658:26)
          at children (C:\Users\samhe\OneDrive\Desktop\Cleaned\frontend\node_mo
dules\react-router\lib\components.tsx:512:3)
          at basenameProp (C:\Users\samhe\OneDrive\Desktop\Cleaned\frontend\nod
e_modules\react-router\lib\components.tsx:421:13)
          at basename (C:\Users\samhe\OneDrive\Desktop\Cleaned\frontend\node_mo
dules\react-router\lib\components.tsx:225:3)

      141 |                         placeholder="Enter your password"
      142 |                         value={password}
    > 143 |                         onChange={(e) => 
setPassword(e.target.value)}
          |                                          ^
      144 |                         className="w-full rounded-md border 
border-gray-300 px-3 py-2 pr-10 text-sm focus:outline-none focus:ring-2 
focus:ring-gray-900 disabled:opacity-50"
      145 |                     />
      146 |                     <button

      at printWarning 
(node_modules/react-dom/cjs/react-dom.development.js:86:30)
      at error (node_modules/react-dom/cjs/react-dom.development.js:60:7)
      at warnIfUpdatesNotWrappedWithActDEV 
(node_modules/react-dom/cjs/react-dom.development.js:27628:9)
      at scheduleUpdateOnFiber 
(node_modules/react-dom/cjs/react-dom.development.js:25547:5)
      at dispatchSetState 
(node_modules/react-dom/cjs/react-dom.development.js:16708:7)
      at onChange (src/auth/LoginForm/LoginForm.tsx:143:42)
      at HTMLUnknownElement.callCallback 
(node_modules/react-dom/cjs/react-dom.development.js:4164:14)
      at HTMLUnknownElement.callTheUserObjectsOperation 
(node_modules/jsdom/lib/jsdom/living/generated/EventListener.js:26:30)
      at innerInvokeEventListeners 
(node_modules/jsdom/lib/jsdom/living/events/EventTarget-impl.js:350:25)
      at invokeEventListeners 
(node_modules/jsdom/lib/jsdom/living/events/EventTarget-impl.js:286:3)
      at HTMLUnknownElementImpl._dispatch 
(node_modules/jsdom/lib/jsdom/living/events/EventTarget-impl.js:233:9)
      at HTMLUnknownElementImpl.dispatchEvent 
(node_modules/jsdom/lib/jsdom/living/events/EventTarget-impl.js:104:17)
      at HTMLUnknownElement.dispatchEvent 
(node_modules/jsdom/lib/jsdom/living/generated/EventTarget.js:241:34)
      at Object.invokeGuardedCallbackDev 
(node_modules/react-dom/cjs/react-dom.development.js:4213:16)
      at invokeGuardedCallback 
(node_modules/react-dom/cjs/react-dom.development.js:4277:31)
      at invokeGuardedCallbackAndCatchFirstError 
(node_modules/react-dom/cjs/react-dom.development.js:4291:25)
      at executeDispatch 
(node_modules/react-dom/cjs/react-dom.development.js:9041:3)
      at processDispatchQueueItemsInOrder 
(node_modules/react-dom/cjs/react-dom.development.js:9073:7)
      at processDispatchQueue 
(node_modules/react-dom/cjs/react-dom.development.js:9086:5)
      at dispatchEventsForPlugins 
(node_modules/react-dom/cjs/react-dom.development.js:9097:3)
      at node_modules/react-dom/cjs/react-dom.development.js:9288:12
      at batchedUpdates$1 
(node_modules/react-dom/cjs/react-dom.development.js:26179:12)
      at batchedUpdates 
(node_modules/react-dom/cjs/react-dom.development.js:3991:12)
      at dispatchEventForPluginEventSystem 
(node_modules/react-dom/cjs/react-dom.development.js:9287:3)
      at dispatchEventWithEnableCapturePhaseSelectiveHydrationWithoutDiscreteEv
entReplay (node_modules/react-dom/cjs/react-dom.development.js:6465:5)
      at dispatchEvent 
(node_modules/react-dom/cjs/react-dom.development.js:6457:5)
      at dispatchDiscreteEvent 
(node_modules/react-dom/cjs/react-dom.development.js:6430:5)
      at HTMLDivElement.callTheUserObjectsOperation 
(node_modules/jsdom/lib/jsdom/living/generated/EventListener.js:26:30)
      at innerInvokeEventListeners 
(node_modules/jsdom/lib/jsdom/living/events/EventTarget-impl.js:350:25)
      at invokeEventListeners 
(node_modules/jsdom/lib/jsdom/living/events/EventTarget-impl.js:286:3)
      at HTMLInputElementImpl._dispatch 
(node_modules/jsdom/lib/jsdom/living/events/EventTarget-impl.js:233:9)
      at HTMLInputElementImpl.dispatchEvent 
(node_modules/jsdom/lib/jsdom/living/events/EventTarget-impl.js:104:17)
      at HTMLInputElement.dispatchEvent 
(node_modules/jsdom/lib/jsdom/living/generated/EventTarget.js:241:34)
      at 
node_modules/@testing-library/user-event/dist/cjs/event/dispatchEvent.js:45:43
      at Object.eventWrapper 
(node_modules/@testing-library/dom/dist/config.js:25:23)
      at Object.wrapEvent 
(node_modules/@testing-library/user-event/dist/cjs/event/wrapEvent.js:6:28)
      at Object.dispatchEvent (node_modules/@testing-library/user-event/dist/cj
s/event/dispatchEvent.js:45:22)
      at Object.dispatchUIEvent (node_modules/@testing-library/user-event/dist/
cjs/event/dispatchEvent.js:22:26)
      at commitInput 
(node_modules/@testing-library/user-event/dist/cjs/event/input.js:145:14)
      at editInputElement 
(node_modules/@testing-library/user-event/dist/cjs/event/input.js:115:9)
      at Object.input 
(node_modules/@testing-library/user-event/dist/cjs/event/input.js:37:9)
      at node_modules/@testing-library/user-event/dist/cjs/event/behavior/keypr
ess.js:31:26
      at Object.dispatchEvent (node_modules/@testing-library/user-event/dist/cj
s/event/dispatchEvent.js:41:13)
      at Object.dispatchUIEvent (node_modules/@testing-library/user-event/dist/
cjs/event/dispatchEvent.js:22:26)
      at KeyboardHost.keydown 
(node_modules/@testing-library/user-event/dist/cjs/system/keyboard.js:76:22)
      at keyboardAction 
(node_modules/@testing-library/user-event/dist/cjs/keyboard/index.js:22:35)
      at Object.keyboard 
(node_modules/@testing-library/user-event/dist/cjs/keyboard/index.js:11:15)
      at Object.type 
(node_modules/@testing-library/user-event/dist/cjs/utility/type.js:17:5)
      at Object.<anonymous> (src/auth/auth.test.tsx:238:9)

    console.error
      Warning: An update to LoginForm inside a test was not wrapped in 
act(...).
      
      When testing, code that causes React state updates should be wrapped 
into act(...):
      
      act(() => {
        /* fire events that update state */
      });
      /* assert on the output */
      
      This ensures that you're testing the behavior the user would see in the 
browser. Learn more at https://reactjs.org/link/wrap-tests-with-act
          at LoginForm (C:\Users\samhe\OneDrive\Desktop\Cleaned\frontend\src\au
th\LoginForm\LoginForm.tsx:41:33)
          at div
          at div
          at LoginPage
          at routeContext (C:\Users\samhe\OneDrive\Desktop\Cleaned\frontend\nod
e_modules\react-router\lib\hooks.tsx:658:26)
          at children (C:\Users\samhe\OneDrive\Desktop\Cleaned\frontend\node_mo
dules\react-router\lib\components.tsx:512:3)
          at basenameProp (C:\Users\samhe\OneDrive\Desktop\Cleaned\frontend\nod
e_modules\react-router\lib\components.tsx:421:13)
          at basename (C:\Users\samhe\OneDrive\Desktop\Cleaned\frontend\node_mo
dules\react-router\lib\components.tsx:225:3)

      141 |                         placeholder="Enter your password"
      142 |                         value={password}
    > 143 |                         onChange={(e) => 
setPassword(e.target.value)}
          |                                          ^
      144 |                         className="w-full rounded-md border 
border-gray-300 px-3 py-2 pr-10 text-sm focus:outline-none focus:ring-2 
focus:ring-gray-900 disabled:opacity-50"
      145 |                     />
      146 |                     <button

      at printWarning 
(node_modules/react-dom/cjs/react-dom.development.js:86:30)
      at error (node_modules/react-dom/cjs/react-dom.development.js:60:7)
      at warnIfUpdatesNotWrappedWithActDEV 
(node_modules/react-dom/cjs/react-dom.development.js:27628:9)
      at scheduleUpdateOnFiber 
(node_modules/react-dom/cjs/react-dom.development.js:25547:5)
      at dispatchSetState 
(node_modules/react-dom/cjs/react-dom.development.js:16708:7)
      at onChange (src/auth/LoginForm/LoginForm.tsx:143:42)
      at HTMLUnknownElement.callCallback 
(node_modules/react-dom/cjs/react-dom.development.js:4164:14)
      at HTMLUnknownElement.callTheUserObjectsOperation 
(node_modules/jsdom/lib/jsdom/living/generated/EventListener.js:26:30)
      at innerInvokeEventListeners 
(node_modules/jsdom/lib/jsdom/living/events/EventTarget-impl.js:350:25)
      at invokeEventListeners 
(node_modules/jsdom/lib/jsdom/living/events/EventTarget-impl.js:286:3)
      at HTMLUnknownElementImpl._dispatch 
(node_modules/jsdom/lib/jsdom/living/events/EventTarget-impl.js:233:9)
      at HTMLUnknownElementImpl.dispatchEvent 
(node_modules/jsdom/lib/jsdom/living/events/EventTarget-impl.js:104:17)
      at HTMLUnknownElement.dispatchEvent 
(node_modules/jsdom/lib/jsdom/living/generated/EventTarget.js:241:34)
      at Object.invokeGuardedCallbackDev 
(node_modules/react-dom/cjs/react-dom.development.js:4213:16)
      at invokeGuardedCallback 
(node_modules/react-dom/cjs/react-dom.development.js:4277:31)
      at invokeGuardedCallbackAndCatchFirstError 
(node_modules/react-dom/cjs/react-dom.development.js:4291:25)
      at executeDispatch 
(node_modules/react-dom/cjs/react-dom.development.js:9041:3)
      at processDispatchQueueItemsInOrder 
(node_modules/react-dom/cjs/react-dom.development.js:9073:7)
      at processDispatchQueue 
(node_modules/react-dom/cjs/react-dom.development.js:9086:5)
      at dispatchEventsForPlugins 
(node_modules/react-dom/cjs/react-dom.development.js:9097:3)
      at node_modules/react-dom/cjs/react-dom.development.js:9288:12
      at batchedUpdates$1 
(node_modules/react-dom/cjs/react-dom.development.js:26179:12)
      at batchedUpdates 
(node_modules/react-dom/cjs/react-dom.development.js:3991:12)
      at dispatchEventForPluginEventSystem 
(node_modules/react-dom/cjs/react-dom.development.js:9287:3)
      at dispatchEventWithEnableCapturePhaseSelectiveHydrationWithoutDiscreteEv
entReplay (node_modules/react-dom/cjs/react-dom.development.js:6465:5)
      at dispatchEvent 
(node_modules/react-dom/cjs/react-dom.development.js:6457:5)
      at dispatchDiscreteEvent 
(node_modules/react-dom/cjs/react-dom.development.js:6430:5)
      at HTMLDivElement.callTheUserObjectsOperation 
(node_modules/jsdom/lib/jsdom/living/generated/EventListener.js:26:30)
      at innerInvokeEventListeners 
(node_modules/jsdom/lib/jsdom/living/events/EventTarget-impl.js:350:25)
      at invokeEventListeners 
(node_modules/jsdom/lib/jsdom/living/events/EventTarget-impl.js:286:3)
      at HTMLInputElementImpl._dispatch 
(node_modules/jsdom/lib/jsdom/living/events/EventTarget-impl.js:233:9)
      at HTMLInputElementImpl.dispatchEvent 
(node_modules/jsdom/lib/jsdom/living/events/EventTarget-impl.js:104:17)
      at HTMLInputElement.dispatchEvent 
(node_modules/jsdom/lib/jsdom/living/generated/EventTarget.js:241:34)
      at 
node_modules/@testing-library/user-event/dist/cjs/event/dispatchEvent.js:45:43
      at Object.eventWrapper 
(node_modules/@testing-library/dom/dist/config.js:25:23)
      at Object.wrapEvent 
(node_modules/@testing-library/user-event/dist/cjs/event/wrapEvent.js:6:28)
      at Object.dispatchEvent (node_modules/@testing-library/user-event/dist/cj
s/event/dispatchEvent.js:45:22)
      at Object.dispatchUIEvent (node_modules/@testing-library/user-event/dist/
cjs/event/dispatchEvent.js:22:26)
      at commitInput 
(node_modules/@testing-library/user-event/dist/cjs/event/input.js:145:14)
      at editInputElement 
(node_modules/@testing-library/user-event/dist/cjs/event/input.js:115:9)
      at Object.input 
(node_modules/@testing-library/user-event/dist/cjs/event/input.js:37:9)
      at node_modules/@testing-library/user-event/dist/cjs/event/behavior/keypr
ess.js:31:26
      at Object.dispatchEvent (node_modules/@testing-library/user-event/dist/cj
s/event/dispatchEvent.js:41:13)
      at Object.dispatchUIEvent (node_modules/@testing-library/user-event/dist/
cjs/event/dispatchEvent.js:22:26)
      at KeyboardHost.keydown 
(node_modules/@testing-library/user-event/dist/cjs/system/keyboard.js:76:22)
      at keyboardAction 
(node_modules/@testing-library/user-event/dist/cjs/keyboard/index.js:22:35)
      at Object.keyboard 
(node_modules/@testing-library/user-event/dist/cjs/keyboard/index.js:11:15)
      at Object.type 
(node_modules/@testing-library/user-event/dist/cjs/utility/type.js:17:5)
      at Object.<anonymous> (src/auth/auth.test.tsx:238:9)

    console.error
      Warning: An update to LoginForm inside a test was not wrapped in 
act(...).
      
      When testing, code that causes React state updates should be wrapped 
into act(...):
      
      act(() => {
        /* fire events that update state */
      });
      /* assert on the output */
      
      This ensures that you're testing the behavior the user would see in the 
browser. Learn more at https://reactjs.org/link/wrap-tests-with-act
          at LoginForm (C:\Users\samhe\OneDrive\Desktop\Cleaned\frontend\src\au
th\LoginForm\LoginForm.tsx:41:33)
          at div
          at div
          at LoginPage
          at routeContext (C:\Users\samhe\OneDrive\Desktop\Cleaned\frontend\nod
e_modules\react-router\lib\hooks.tsx:658:26)
          at children (C:\Users\samhe\OneDrive\Desktop\Cleaned\frontend\node_mo
dules\react-router\lib\components.tsx:512:3)
          at basenameProp (C:\Users\samhe\OneDrive\Desktop\Cleaned\frontend\nod
e_modules\react-router\lib\components.tsx:421:13)
          at basename (C:\Users\samhe\OneDrive\Desktop\Cleaned\frontend\node_mo
dules\react-router\lib\components.tsx:225:3)

      141 |                         placeholder="Enter your password"
      142 |                         value={password}
    > 143 |                         onChange={(e) => 
setPassword(e.target.value)}
          |                                          ^
      144 |                         className="w-full rounded-md border 
border-gray-300 px-3 py-2 pr-10 text-sm focus:outline-none focus:ring-2 
focus:ring-gray-900 disabled:opacity-50"
      145 |                     />
      146 |                     <button

      at printWarning 
(node_modules/react-dom/cjs/react-dom.development.js:86:30)
      at error (node_modules/react-dom/cjs/react-dom.development.js:60:7)
      at warnIfUpdatesNotWrappedWithActDEV 
(node_modules/react-dom/cjs/react-dom.development.js:27628:9)
      at scheduleUpdateOnFiber 
(node_modules/react-dom/cjs/react-dom.development.js:25547:5)
      at dispatchSetState 
(node_modules/react-dom/cjs/react-dom.development.js:16708:7)
      at onChange (src/auth/LoginForm/LoginForm.tsx:143:42)
      at HTMLUnknownElement.callCallback 
(node_modules/react-dom/cjs/react-dom.development.js:4164:14)
      at HTMLUnknownElement.callTheUserObjectsOperation 
(node_modules/jsdom/lib/jsdom/living/generated/EventListener.js:26:30)
      at innerInvokeEventListeners 
(node_modules/jsdom/lib/jsdom/living/events/EventTarget-impl.js:350:25)
      at invokeEventListeners 
(node_modules/jsdom/lib/jsdom/living/events/EventTarget-impl.js:286:3)
      at HTMLUnknownElementImpl._dispatch 
(node_modules/jsdom/lib/jsdom/living/events/EventTarget-impl.js:233:9)
      at HTMLUnknownElementImpl.dispatchEvent 
(node_modules/jsdom/lib/jsdom/living/events/EventTarget-impl.js:104:17)
      at HTMLUnknownElement.dispatchEvent 
(node_modules/jsdom/lib/jsdom/living/generated/EventTarget.js:241:34)
      at Object.invokeGuardedCallbackDev 
(node_modules/react-dom/cjs/react-dom.development.js:4213:16)
      at invokeGuardedCallback 
(node_modules/react-dom/cjs/react-dom.development.js:4277:31)
      at invokeGuardedCallbackAndCatchFirstError 
(node_modules/react-dom/cjs/react-dom.development.js:4291:25)
      at executeDispatch 
(node_modules/react-dom/cjs/react-dom.development.js:9041:3)
      at processDispatchQueueItemsInOrder 
(node_modules/react-dom/cjs/react-dom.development.js:9073:7)
      at processDispatchQueue 
(node_modules/react-dom/cjs/react-dom.development.js:9086:5)
      at dispatchEventsForPlugins 
(node_modules/react-dom/cjs/react-dom.development.js:9097:3)
      at node_modules/react-dom/cjs/react-dom.development.js:9288:12
      at batchedUpdates$1 
(node_modules/react-dom/cjs/react-dom.development.js:26179:12)
      at batchedUpdates 
(node_modules/react-dom/cjs/react-dom.development.js:3991:12)
      at dispatchEventForPluginEventSystem 
(node_modules/react-dom/cjs/react-dom.development.js:9287:3)
      at dispatchEventWithEnableCapturePhaseSelectiveHydrationWithoutDiscreteEv
entReplay (node_modules/react-dom/cjs/react-dom.development.js:6465:5)
      at dispatchEvent 
(node_modules/react-dom/cjs/react-dom.development.js:6457:5)
      at dispatchDiscreteEvent 
(node_modules/react-dom/cjs/react-dom.development.js:6430:5)
      at HTMLDivElement.callTheUserObjectsOperation 
(node_modules/jsdom/lib/jsdom/living/generated/EventListener.js:26:30)
      at innerInvokeEventListeners 
(node_modules/jsdom/lib/jsdom/living/events/EventTarget-impl.js:350:25)
      at invokeEventListeners 
(node_modules/jsdom/lib/jsdom/living/events/EventTarget-impl.js:286:3)
      at HTMLInputElementImpl._dispatch 
(node_modules/jsdom/lib/jsdom/living/events/EventTarget-impl.js:233:9)
      at HTMLInputElementImpl.dispatchEvent 
(node_modules/jsdom/lib/jsdom/living/events/EventTarget-impl.js:104:17)
      at HTMLInputElement.dispatchEvent 
(node_modules/jsdom/lib/jsdom/living/generated/EventTarget.js:241:34)
      at 
node_modules/@testing-library/user-event/dist/cjs/event/dispatchEvent.js:45:43
      at Object.eventWrapper 
(node_modules/@testing-library/dom/dist/config.js:25:23)
      at Object.wrapEvent 
(node_modules/@testing-library/user-event/dist/cjs/event/wrapEvent.js:6:28)
      at Object.dispatchEvent (node_modules/@testing-library/user-event/dist/cj
s/event/dispatchEvent.js:45:22)
      at Object.dispatchUIEvent (node_modules/@testing-library/user-event/dist/
cjs/event/dispatchEvent.js:22:26)
      at commitInput 
(node_modules/@testing-library/user-event/dist/cjs/event/input.js:145:14)
      at editInputElement 
(node_modules/@testing-library/user-event/dist/cjs/event/input.js:115:9)
      at Object.input 
(node_modules/@testing-library/user-event/dist/cjs/event/input.js:37:9)
      at node_modules/@testing-library/user-event/dist/cjs/event/behavior/keypr
ess.js:31:26
      at Object.dispatchEvent (node_modules/@testing-library/user-event/dist/cj
s/event/dispatchEvent.js:41:13)
      at Object.dispatchUIEvent (node_modules/@testing-library/user-event/dist/
cjs/event/dispatchEvent.js:22:26)
      at KeyboardHost.keydown 
(node_modules/@testing-library/user-event/dist/cjs/system/keyboard.js:76:22)
      at keyboardAction 
(node_modules/@testing-library/user-event/dist/cjs/keyboard/index.js:22:35)
      at Object.keyboard 
(node_modules/@testing-library/user-event/dist/cjs/keyboard/index.js:11:15)
      at Object.type 
(node_modules/@testing-library/user-event/dist/cjs/utility/type.js:17:5)
      at Object.<anonymous> (src/auth/auth.test.tsx:238:9)

    console.error
      Warning: An update to LoginForm inside a test was not wrapped in 
act(...).
      
      When testing, code that causes React state updates should be wrapped 
into act(...):
      
      act(() => {
        /* fire events that update state */
      });
      /* assert on the output */
      
      This ensures that you're testing the behavior the user would see in the 
browser. Learn more at https://reactjs.org/link/wrap-tests-with-act
          at LoginForm (C:\Users\samhe\OneDrive\Desktop\Cleaned\frontend\src\au
th\LoginForm\LoginForm.tsx:41:33)
          at div
          at div
          at LoginPage
          at routeContext (C:\Users\samhe\OneDrive\Desktop\Cleaned\frontend\nod
e_modules\react-router\lib\hooks.tsx:658:26)
          at children (C:\Users\samhe\OneDrive\Desktop\Cleaned\frontend\node_mo
dules\react-router\lib\components.tsx:512:3)
          at basenameProp (C:\Users\samhe\OneDrive\Desktop\Cleaned\frontend\nod
e_modules\react-router\lib\components.tsx:421:13)
          at basename (C:\Users\samhe\OneDrive\Desktop\Cleaned\frontend\node_mo
dules\react-router\lib\components.tsx:225:3)

      141 |                         placeholder="Enter your password"
      142 |                         value={password}
    > 143 |                         onChange={(e) => 
setPassword(e.target.value)}
          |                                          ^
      144 |                         className="w-full rounded-md border 
border-gray-300 px-3 py-2 pr-10 text-sm focus:outline-none focus:ring-2 
focus:ring-gray-900 disabled:opacity-50"
      145 |                     />
      146 |                     <button

      at printWarning 
(node_modules/react-dom/cjs/react-dom.development.js:86:30)
      at error (node_modules/react-dom/cjs/react-dom.development.js:60:7)
      at warnIfUpdatesNotWrappedWithActDEV 
(node_modules/react-dom/cjs/react-dom.development.js:27628:9)
      at scheduleUpdateOnFiber 
(node_modules/react-dom/cjs/react-dom.development.js:25547:5)
      at dispatchSetState 
(node_modules/react-dom/cjs/react-dom.development.js:16708:7)
      at onChange (src/auth/LoginForm/LoginForm.tsx:143:42)
      at HTMLUnknownElement.callCallback 
(node_modules/react-dom/cjs/react-dom.development.js:4164:14)
      at HTMLUnknownElement.callTheUserObjectsOperation 
(node_modules/jsdom/lib/jsdom/living/generated/EventListener.js:26:30)
      at innerInvokeEventListeners 
(node_modules/jsdom/lib/jsdom/living/events/EventTarget-impl.js:350:25)
      at invokeEventListeners 
(node_modules/jsdom/lib/jsdom/living/events/EventTarget-impl.js:286:3)
      at HTMLUnknownElementImpl._dispatch 
(node_modules/jsdom/lib/jsdom/living/events/EventTarget-impl.js:233:9)
      at HTMLUnknownElementImpl.dispatchEvent 
(node_modules/jsdom/lib/jsdom/living/events/EventTarget-impl.js:104:17)
      at HTMLUnknownElement.dispatchEvent 
(node_modules/jsdom/lib/jsdom/living/generated/EventTarget.js:241:34)
      at Object.invokeGuardedCallbackDev 
(node_modules/react-dom/cjs/react-dom.development.js:4213:16)
      at invokeGuardedCallback 
(node_modules/react-dom/cjs/react-dom.development.js:4277:31)
      at invokeGuardedCallbackAndCatchFirstError 
(node_modules/react-dom/cjs/react-dom.development.js:4291:25)
      at executeDispatch 
(node_modules/react-dom/cjs/react-dom.development.js:9041:3)
      at processDispatchQueueItemsInOrder 
(node_modules/react-dom/cjs/react-dom.development.js:9073:7)
      at processDispatchQueue 
(node_modules/react-dom/cjs/react-dom.development.js:9086:5)
      at dispatchEventsForPlugins 
(node_modules/react-dom/cjs/react-dom.development.js:9097:3)
      at node_modules/react-dom/cjs/react-dom.development.js:9288:12
      at batchedUpdates$1 
(node_modules/react-dom/cjs/react-dom.development.js:26179:12)
      at batchedUpdates 
(node_modules/react-dom/cjs/react-dom.development.js:3991:12)
      at dispatchEventForPluginEventSystem 
(node_modules/react-dom/cjs/react-dom.development.js:9287:3)
      at dispatchEventWithEnableCapturePhaseSelectiveHydrationWithoutDiscreteEv
entReplay (node_modules/react-dom/cjs/react-dom.development.js:6465:5)
      at dispatchEvent 
(node_modules/react-dom/cjs/react-dom.development.js:6457:5)
      at dispatchDiscreteEvent 
(node_modules/react-dom/cjs/react-dom.development.js:6430:5)
      at HTMLDivElement.callTheUserObjectsOperation 
(node_modules/jsdom/lib/jsdom/living/generated/EventListener.js:26:30)
      at innerInvokeEventListeners 
(node_modules/jsdom/lib/jsdom/living/events/EventTarget-impl.js:350:25)
      at invokeEventListeners 
(node_modules/jsdom/lib/jsdom/living/events/EventTarget-impl.js:286:3)
      at HTMLInputElementImpl._dispatch 
(node_modules/jsdom/lib/jsdom/living/events/EventTarget-impl.js:233:9)
      at HTMLInputElementImpl.dispatchEvent 
(node_modules/jsdom/lib/jsdom/living/events/EventTarget-impl.js:104:17)
      at HTMLInputElement.dispatchEvent 
(node_modules/jsdom/lib/jsdom/living/generated/EventTarget.js:241:34)
      at 
node_modules/@testing-library/user-event/dist/cjs/event/dispatchEvent.js:45:43
      at Object.eventWrapper 
(node_modules/@testing-library/dom/dist/config.js:25:23)
      at Object.wrapEvent 
(node_modules/@testing-library/user-event/dist/cjs/event/wrapEvent.js:6:28)
      at Object.dispatchEvent (node_modules/@testing-library/user-event/dist/cj
s/event/dispatchEvent.js:45:22)
      at Object.dispatchUIEvent (node_modules/@testing-library/user-event/dist/
cjs/event/dispatchEvent.js:22:26)
      at commitInput 
(node_modules/@testing-library/user-event/dist/cjs/event/input.js:145:14)
      at editInputElement 
(node_modules/@testing-library/user-event/dist/cjs/event/input.js:115:9)
      at Object.input 
(node_modules/@testing-library/user-event/dist/cjs/event/input.js:37:9)
      at node_modules/@testing-library/user-event/dist/cjs/event/behavior/keypr
ess.js:31:26
      at Object.dispatchEvent (node_modules/@testing-library/user-event/dist/cj
s/event/dispatchEvent.js:41:13)
      at Object.dispatchUIEvent (node_modules/@testing-library/user-event/dist/
cjs/event/dispatchEvent.js:22:26)
      at KeyboardHost.keydown 
(node_modules/@testing-library/user-event/dist/cjs/system/keyboard.js:76:22)
      at keyboardAction 
(node_modules/@testing-library/user-event/dist/cjs/keyboard/index.js:22:35)
      at Object.keyboard 
(node_modules/@testing-library/user-event/dist/cjs/keyboard/index.js:11:15)
      at Object.type 
(node_modules/@testing-library/user-event/dist/cjs/utility/type.js:17:5)
      at Object.<anonymous> (src/auth/auth.test.tsx:238:9)

    console.error
      Warning: An update to LoginForm inside a test was not wrapped in 
act(...).
      
      When testing, code that causes React state updates should be wrapped 
into act(...):
      
      act(() => {
        /* fire events that update state */
      });
      /* assert on the output */
      
      This ensures that you're testing the behavior the user would see in the 
browser. Learn more at https://reactjs.org/link/wrap-tests-with-act
          at LoginForm (C:\Users\samhe\OneDrive\Desktop\Cleaned\frontend\src\au
th\LoginForm\LoginForm.tsx:41:33)
          at div
          at div
          at LoginPage
          at routeContext (C:\Users\samhe\OneDrive\Desktop\Cleaned\frontend\nod
e_modules\react-router\lib\hooks.tsx:658:26)
          at children (C:\Users\samhe\OneDrive\Desktop\Cleaned\frontend\node_mo
dules\react-router\lib\components.tsx:512:3)
          at basenameProp (C:\Users\samhe\OneDrive\Desktop\Cleaned\frontend\nod
e_modules\react-router\lib\components.tsx:421:13)
          at basename (C:\Users\samhe\OneDrive\Desktop\Cleaned\frontend\node_mo
dules\react-router\lib\components.tsx:225:3)

      141 |                         placeholder="Enter your password"
      142 |                         value={password}
    > 143 |                         onChange={(e) => 
setPassword(e.target.value)}
          |                                          ^
      144 |                         className="w-full rounded-md border 
border-gray-300 px-3 py-2 pr-10 text-sm focus:outline-none focus:ring-2 
focus:ring-gray-900 disabled:opacity-50"
      145 |                     />
      146 |                     <button

      at printWarning 
(node_modules/react-dom/cjs/react-dom.development.js:86:30)
      at error (node_modules/react-dom/cjs/react-dom.development.js:60:7)
      at warnIfUpdatesNotWrappedWithActDEV 
(node_modules/react-dom/cjs/react-dom.development.js:27628:9)
      at scheduleUpdateOnFiber 
(node_modules/react-dom/cjs/react-dom.development.js:25547:5)
      at dispatchSetState 
(node_modules/react-dom/cjs/react-dom.development.js:16708:7)
      at onChange (src/auth/LoginForm/LoginForm.tsx:143:42)
      at HTMLUnknownElement.callCallback 
(node_modules/react-dom/cjs/react-dom.development.js:4164:14)
      at HTMLUnknownElement.callTheUserObjectsOperation 
(node_modules/jsdom/lib/jsdom/living/generated/EventListener.js:26:30)
      at innerInvokeEventListeners 
(node_modules/jsdom/lib/jsdom/living/events/EventTarget-impl.js:350:25)
      at invokeEventListeners 
(node_modules/jsdom/lib/jsdom/living/events/EventTarget-impl.js:286:3)
      at HTMLUnknownElementImpl._dispatch 
(node_modules/jsdom/lib/jsdom/living/events/EventTarget-impl.js:233:9)
      at HTMLUnknownElementImpl.dispatchEvent 
(node_modules/jsdom/lib/jsdom/living/events/EventTarget-impl.js:104:17)
      at HTMLUnknownElement.dispatchEvent 
(node_modules/jsdom/lib/jsdom/living/generated/EventTarget.js:241:34)
      at Object.invokeGuardedCallbackDev 
(node_modules/react-dom/cjs/react-dom.development.js:4213:16)
      at invokeGuardedCallback 
(node_modules/react-dom/cjs/react-dom.development.js:4277:31)
      at invokeGuardedCallbackAndCatchFirstError 
(node_modules/react-dom/cjs/react-dom.development.js:4291:25)
      at executeDispatch 
(node_modules/react-dom/cjs/react-dom.development.js:9041:3)
      at processDispatchQueueItemsInOrder 
(node_modules/react-dom/cjs/react-dom.development.js:9073:7)
      at processDispatchQueue 
(node_modules/react-dom/cjs/react-dom.development.js:9086:5)
      at dispatchEventsForPlugins 
(node_modules/react-dom/cjs/react-dom.development.js:9097:3)
      at node_modules/react-dom/cjs/react-dom.development.js:9288:12
      at batchedUpdates$1 
(node_modules/react-dom/cjs/react-dom.development.js:26179:12)
      at batchedUpdates 
(node_modules/react-dom/cjs/react-dom.development.js:3991:12)
      at dispatchEventForPluginEventSystem 
(node_modules/react-dom/cjs/react-dom.development.js:9287:3)
      at dispatchEventWithEnableCapturePhaseSelectiveHydrationWithoutDiscreteEv
entReplay (node_modules/react-dom/cjs/react-dom.development.js:6465:5)
      at dispatchEvent 
(node_modules/react-dom/cjs/react-dom.development.js:6457:5)
      at dispatchDiscreteEvent 
(node_modules/react-dom/cjs/react-dom.development.js:6430:5)
      at HTMLDivElement.callTheUserObjectsOperation 
(node_modules/jsdom/lib/jsdom/living/generated/EventListener.js:26:30)
      at innerInvokeEventListeners 
(node_modules/jsdom/lib/jsdom/living/events/EventTarget-impl.js:350:25)
      at invokeEventListeners 
(node_modules/jsdom/lib/jsdom/living/events/EventTarget-impl.js:286:3)
      at HTMLInputElementImpl._dispatch 
(node_modules/jsdom/lib/jsdom/living/events/EventTarget-impl.js:233:9)
      at HTMLInputElementImpl.dispatchEvent 
(node_modules/jsdom/lib/jsdom/living/events/EventTarget-impl.js:104:17)
      at HTMLInputElement.dispatchEvent 
(node_modules/jsdom/lib/jsdom/living/generated/EventTarget.js:241:34)
      at 
node_modules/@testing-library/user-event/dist/cjs/event/dispatchEvent.js:45:43
      at Object.eventWrapper 
(node_modules/@testing-library/dom/dist/config.js:25:23)
      at Object.wrapEvent 
(node_modules/@testing-library/user-event/dist/cjs/event/wrapEvent.js:6:28)
      at Object.dispatchEvent (node_modules/@testing-library/user-event/dist/cj
s/event/dispatchEvent.js:45:22)
      at Object.dispatchUIEvent (node_modules/@testing-library/user-event/dist/
cjs/event/dispatchEvent.js:22:26)
      at commitInput 
(node_modules/@testing-library/user-event/dist/cjs/event/input.js:145:14)
      at editInputElement 
(node_modules/@testing-library/user-event/dist/cjs/event/input.js:115:9)
      at Object.input 
(node_modules/@testing-library/user-event/dist/cjs/event/input.js:37:9)
      at node_modules/@testing-library/user-event/dist/cjs/event/behavior/keypr
ess.js:31:26
      at Object.dispatchEvent (node_modules/@testing-library/user-event/dist/cj
s/event/dispatchEvent.js:41:13)
      at Object.dispatchUIEvent (node_modules/@testing-library/user-event/dist/
cjs/event/dispatchEvent.js:22:26)
      at KeyboardHost.keydown 
(node_modules/@testing-library/user-event/dist/cjs/system/keyboard.js:76:22)
      at keyboardAction 
(node_modules/@testing-library/user-event/dist/cjs/keyboard/index.js:22:35)
      at Object.keyboard 
(node_modules/@testing-library/user-event/dist/cjs/keyboard/index.js:11:15)
      at Object.type 
(node_modules/@testing-library/user-event/dist/cjs/utility/type.js:17:5)
      at Object.<anonymous> (src/auth/auth.test.tsx:238:9)

    console.error
      Warning: An update to LoginForm inside a test was not wrapped in 
act(...).
      
      When testing, code that causes React state updates should be wrapped 
into act(...):
      
      act(() => {
        /* fire events that update state */
      });
      /* assert on the output */
      
      This ensures that you're testing the behavior the user would see in the 
browser. Learn more at https://reactjs.org/link/wrap-tests-with-act
          at LoginForm (C:\Users\samhe\OneDrive\Desktop\Cleaned\frontend\src\au
th\LoginForm\LoginForm.tsx:41:33)
          at div
          at div
          at LoginPage
          at routeContext (C:\Users\samhe\OneDrive\Desktop\Cleaned\frontend\nod
e_modules\react-router\lib\hooks.tsx:658:26)
          at children (C:\Users\samhe\OneDrive\Desktop\Cleaned\frontend\node_mo
dules\react-router\lib\components.tsx:512:3)
          at basenameProp (C:\Users\samhe\OneDrive\Desktop\Cleaned\frontend\nod
e_modules\react-router\lib\components.tsx:421:13)
          at basename (C:\Users\samhe\OneDrive\Desktop\Cleaned\frontend\node_mo
dules\react-router\lib\components.tsx:225:3)

      141 |                         placeholder="Enter your password"
      142 |                         value={password}
    > 143 |                         onChange={(e) => 
setPassword(e.target.value)}
          |                                          ^
      144 |                         className="w-full rounded-md border 
border-gray-300 px-3 py-2 pr-10 text-sm focus:outline-none focus:ring-2 
focus:ring-gray-900 disabled:opacity-50"
      145 |                     />
      146 |                     <button

      at printWarning 
(node_modules/react-dom/cjs/react-dom.development.js:86:30)
      at error (node_modules/react-dom/cjs/react-dom.development.js:60:7)
      at warnIfUpdatesNotWrappedWithActDEV 
(node_modules/react-dom/cjs/react-dom.development.js:27628:9)
      at scheduleUpdateOnFiber 
(node_modules/react-dom/cjs/react-dom.development.js:25547:5)
      at dispatchSetState 
(node_modules/react-dom/cjs/react-dom.development.js:16708:7)
      at onChange (src/auth/LoginForm/LoginForm.tsx:143:42)
      at HTMLUnknownElement.callCallback 
(node_modules/react-dom/cjs/react-dom.development.js:4164:14)
      at HTMLUnknownElement.callTheUserObjectsOperation 
(node_modules/jsdom/lib/jsdom/living/generated/EventListener.js:26:30)
      at innerInvokeEventListeners 
(node_modules/jsdom/lib/jsdom/living/events/EventTarget-impl.js:350:25)
      at invokeEventListeners 
(node_modules/jsdom/lib/jsdom/living/events/EventTarget-impl.js:286:3)
      at HTMLUnknownElementImpl._dispatch 
(node_modules/jsdom/lib/jsdom/living/events/EventTarget-impl.js:233:9)
      at HTMLUnknownElementImpl.dispatchEvent 
(node_modules/jsdom/lib/jsdom/living/events/EventTarget-impl.js:104:17)
      at HTMLUnknownElement.dispatchEvent 
(node_modules/jsdom/lib/jsdom/living/generated/EventTarget.js:241:34)
      at Object.invokeGuardedCallbackDev 
(node_modules/react-dom/cjs/react-dom.development.js:4213:16)
      at invokeGuardedCallback 
(node_modules/react-dom/cjs/react-dom.development.js:4277:31)
      at invokeGuardedCallbackAndCatchFirstError 
(node_modules/react-dom/cjs/react-dom.development.js:4291:25)
      at executeDispatch 
(node_modules/react-dom/cjs/react-dom.development.js:9041:3)
      at processDispatchQueueItemsInOrder 
(node_modules/react-dom/cjs/react-dom.development.js:9073:7)
      at processDispatchQueue 
(node_modules/react-dom/cjs/react-dom.development.js:9086:5)
      at dispatchEventsForPlugins 
(node_modules/react-dom/cjs/react-dom.development.js:9097:3)
      at node_modules/react-dom/cjs/react-dom.development.js:9288:12
      at batchedUpdates$1 
(node_modules/react-dom/cjs/react-dom.development.js:26179:12)
      at batchedUpdates 
(node_modules/react-dom/cjs/react-dom.development.js:3991:12)
      at dispatchEventForPluginEventSystem 
(node_modules/react-dom/cjs/react-dom.development.js:9287:3)
      at dispatchEventWithEnableCapturePhaseSelectiveHydrationWithoutDiscreteEv
entReplay (node_modules/react-dom/cjs/react-dom.development.js:6465:5)
      at dispatchEvent 
(node_modules/react-dom/cjs/react-dom.development.js:6457:5)
      at dispatchDiscreteEvent 
(node_modules/react-dom/cjs/react-dom.development.js:6430:5)
      at HTMLDivElement.callTheUserObjectsOperation 
(node_modules/jsdom/lib/jsdom/living/generated/EventListener.js:26:30)
      at innerInvokeEventListeners 
(node_modules/jsdom/lib/jsdom/living/events/EventTarget-impl.js:350:25)
      at invokeEventListeners 
(node_modules/jsdom/lib/jsdom/living/events/EventTarget-impl.js:286:3)
      at HTMLInputElementImpl._dispatch 
(node_modules/jsdom/lib/jsdom/living/events/EventTarget-impl.js:233:9)
      at HTMLInputElementImpl.dispatchEvent 
(node_modules/jsdom/lib/jsdom/living/events/EventTarget-impl.js:104:17)
      at HTMLInputElement.dispatchEvent 
(node_modules/jsdom/lib/jsdom/living/generated/EventTarget.js:241:34)
      at 
node_modules/@testing-library/user-event/dist/cjs/event/dispatchEvent.js:45:43
      at Object.eventWrapper 
(node_modules/@testing-library/dom/dist/config.js:25:23)
      at Object.wrapEvent 
(node_modules/@testing-library/user-event/dist/cjs/event/wrapEvent.js:6:28)
      at Object.dispatchEvent (node_modules/@testing-library/user-event/dist/cj
s/event/dispatchEvent.js:45:22)
      at Object.dispatchUIEvent (node_modules/@testing-library/user-event/dist/
cjs/event/dispatchEvent.js:22:26)
      at commitInput 
(node_modules/@testing-library/user-event/dist/cjs/event/input.js:145:14)
      at editInputElement 
(node_modules/@testing-library/user-event/dist/cjs/event/input.js:115:9)
      at Object.input 
(node_modules/@testing-library/user-event/dist/cjs/event/input.js:37:9)
      at node_modules/@testing-library/user-event/dist/cjs/event/behavior/keypr
ess.js:31:26
      at Object.dispatchEvent (node_modules/@testing-library/user-event/dist/cj
s/event/dispatchEvent.js:41:13)
      at Object.dispatchUIEvent (node_modules/@testing-library/user-event/dist/
cjs/event/dispatchEvent.js:22:26)
      at KeyboardHost.keydown 
(node_modules/@testing-library/user-event/dist/cjs/system/keyboard.js:76:22)
      at keyboardAction 
(node_modules/@testing-library/user-event/dist/cjs/keyboard/index.js:22:35)
      at Object.keyboard 
(node_modules/@testing-library/user-event/dist/cjs/keyboard/index.js:11:15)
      at Object.type 
(node_modules/@testing-library/user-event/dist/cjs/utility/type.js:17:5)
      at Object.<anonymous> (src/auth/auth.test.tsx:238:9)

    console.error
      Warning: An update to LoginForm inside a test was not wrapped in 
act(...).
      
      When testing, code that causes React state updates should be wrapped 
into act(...):
      
      act(() => {
        /* fire events that update state */
      });
      /* assert on the output */
      
      This ensures that you're testing the behavior the user would see in the 
browser. Learn more at https://reactjs.org/link/wrap-tests-with-act
          at LoginForm (C:\Users\samhe\OneDrive\Desktop\Cleaned\frontend\src\au
th\LoginForm\LoginForm.tsx:41:33)
          at div
          at div
          at LoginPage
          at routeContext (C:\Users\samhe\OneDrive\Desktop\Cleaned\frontend\nod
e_modules\react-router\lib\hooks.tsx:658:26)
          at children (C:\Users\samhe\OneDrive\Desktop\Cleaned\frontend\node_mo
dules\react-router\lib\components.tsx:512:3)
          at basenameProp (C:\Users\samhe\OneDrive\Desktop\Cleaned\frontend\nod
e_modules\react-router\lib\components.tsx:421:13)
          at basename (C:\Users\samhe\OneDrive\Desktop\Cleaned\frontend\node_mo
dules\react-router\lib\components.tsx:225:3)

      141 |                         placeholder="Enter your password"
      142 |                         value={password}
    > 143 |                         onChange={(e) => 
setPassword(e.target.value)}
          |                                          ^
      144 |                         className="w-full rounded-md border 
border-gray-300 px-3 py-2 pr-10 text-sm focus:outline-none focus:ring-2 
focus:ring-gray-900 disabled:opacity-50"
      145 |                     />
      146 |                     <button

      at printWarning 
(node_modules/react-dom/cjs/react-dom.development.js:86:30)
      at error (node_modules/react-dom/cjs/react-dom.development.js:60:7)
      at warnIfUpdatesNotWrappedWithActDEV 
(node_modules/react-dom/cjs/react-dom.development.js:27628:9)
      at scheduleUpdateOnFiber 
(node_modules/react-dom/cjs/react-dom.development.js:25547:5)
      at dispatchSetState 
(node_modules/react-dom/cjs/react-dom.development.js:16708:7)
      at onChange (src/auth/LoginForm/LoginForm.tsx:143:42)
      at HTMLUnknownElement.callCallback 
(node_modules/react-dom/cjs/react-dom.development.js:4164:14)
      at HTMLUnknownElement.callTheUserObjectsOperation 
(node_modules/jsdom/lib/jsdom/living/generated/EventListener.js:26:30)
      at innerInvokeEventListeners 
(node_modules/jsdom/lib/jsdom/living/events/EventTarget-impl.js:350:25)
      at invokeEventListeners 
(node_modules/jsdom/lib/jsdom/living/events/EventTarget-impl.js:286:3)
      at HTMLUnknownElementImpl._dispatch 
(node_modules/jsdom/lib/jsdom/living/events/EventTarget-impl.js:233:9)
      at HTMLUnknownElementImpl.dispatchEvent 
(node_modules/jsdom/lib/jsdom/living/events/EventTarget-impl.js:104:17)
      at HTMLUnknownElement.dispatchEvent 
(node_modules/jsdom/lib/jsdom/living/generated/EventTarget.js:241:34)
      at Object.invokeGuardedCallbackDev 
(node_modules/react-dom/cjs/react-dom.development.js:4213:16)
      at invokeGuardedCallback 
(node_modules/react-dom/cjs/react-dom.development.js:4277:31)
      at invokeGuardedCallbackAndCatchFirstError 
(node_modules/react-dom/cjs/react-dom.development.js:4291:25)
      at executeDispatch 
(node_modules/react-dom/cjs/react-dom.development.js:9041:3)
      at processDispatchQueueItemsInOrder 
(node_modules/react-dom/cjs/react-dom.development.js:9073:7)
      at processDispatchQueue 
(node_modules/react-dom/cjs/react-dom.development.js:9086:5)
      at dispatchEventsForPlugins 
(node_modules/react-dom/cjs/react-dom.development.js:9097:3)
      at node_modules/react-dom/cjs/react-dom.development.js:9288:12
      at batchedUpdates$1 
(node_modules/react-dom/cjs/react-dom.development.js:26179:12)
      at batchedUpdates 
(node_modules/react-dom/cjs/react-dom.development.js:3991:12)
      at dispatchEventForPluginEventSystem 
(node_modules/react-dom/cjs/react-dom.development.js:9287:3)
      at dispatchEventWithEnableCapturePhaseSelectiveHydrationWithoutDiscreteEv
entReplay (node_modules/react-dom/cjs/react-dom.development.js:6465:5)
      at dispatchEvent 
(node_modules/react-dom/cjs/react-dom.development.js:6457:5)
      at dispatchDiscreteEvent 
(node_modules/react-dom/cjs/react-dom.development.js:6430:5)
      at HTMLDivElement.callTheUserObjectsOperation 
(node_modules/jsdom/lib/jsdom/living/generated/EventListener.js:26:30)
      at innerInvokeEventListeners 
(node_modules/jsdom/lib/jsdom/living/events/EventTarget-impl.js:350:25)
      at invokeEventListeners 
(node_modules/jsdom/lib/jsdom/living/events/EventTarget-impl.js:286:3)
      at HTMLInputElementImpl._dispatch 
(node_modules/jsdom/lib/jsdom/living/events/EventTarget-impl.js:233:9)
      at HTMLInputElementImpl.dispatchEvent 
(node_modules/jsdom/lib/jsdom/living/events/EventTarget-impl.js:104:17)
      at HTMLInputElement.dispatchEvent 
(node_modules/jsdom/lib/jsdom/living/generated/EventTarget.js:241:34)
      at 
node_modules/@testing-library/user-event/dist/cjs/event/dispatchEvent.js:45:43
      at Object.eventWrapper 
(node_modules/@testing-library/dom/dist/config.js:25:23)
      at Object.wrapEvent 
(node_modules/@testing-library/user-event/dist/cjs/event/wrapEvent.js:6:28)
      at Object.dispatchEvent (node_modules/@testing-library/user-event/dist/cj
s/event/dispatchEvent.js:45:22)
      at Object.dispatchUIEvent (node_modules/@testing-library/user-event/dist/
cjs/event/dispatchEvent.js:22:26)
      at commitInput 
(node_modules/@testing-library/user-event/dist/cjs/event/input.js:145:14)
      at editInputElement 
(node_modules/@testing-library/user-event/dist/cjs/event/input.js:115:9)
      at Object.input 
(node_modules/@testing-library/user-event/dist/cjs/event/input.js:37:9)
      at node_modules/@testing-library/user-event/dist/cjs/event/behavior/keypr
ess.js:31:26
      at Object.dispatchEvent (node_modules/@testing-library/user-event/dist/cj
s/event/dispatchEvent.js:41:13)
      at Object.dispatchUIEvent (node_modules/@testing-library/user-event/dist/
cjs/event/dispatchEvent.js:22:26)
      at KeyboardHost.keydown 
(node_modules/@testing-library/user-event/dist/cjs/system/keyboard.js:76:22)
      at keyboardAction 
(node_modules/@testing-library/user-event/dist/cjs/keyboard/index.js:22:35)
      at Object.keyboard 
(node_modules/@testing-library/user-event/dist/cjs/keyboard/index.js:11:15)
      at Object.type 
(node_modules/@testing-library/user-event/dist/cjs/utility/type.js:17:5)
      at Object.<anonymous> (src/auth/auth.test.tsx:238:9)

    console.error
      Warning: An update to LoginForm inside a test was not wrapped in 
act(...).
      
      When testing, code that causes React state updates should be wrapped 
into act(...):
      
      act(() => {
        /* fire events that update state */
      });
      /* assert on the output */
      
      This ensures that you're testing the behavior the user would see in the 
browser. Learn more at https://reactjs.org/link/wrap-tests-with-act
          at LoginForm (C:\Users\samhe\OneDrive\Desktop\Cleaned\frontend\src\au
th\LoginForm\LoginForm.tsx:41:33)
          at div
          at div
          at LoginPage
          at routeContext (C:\Users\samhe\OneDrive\Desktop\Cleaned\frontend\nod
e_modules\react-router\lib\hooks.tsx:658:26)
          at children (C:\Users\samhe\OneDrive\Desktop\Cleaned\frontend\node_mo
dules\react-router\lib\components.tsx:512:3)
          at basenameProp (C:\Users\samhe\OneDrive\Desktop\Cleaned\frontend\nod
e_modules\react-router\lib\components.tsx:421:13)
          at basename (C:\Users\samhe\OneDrive\Desktop\Cleaned\frontend\node_mo
dules\react-router\lib\components.tsx:225:3)

      141 |                         placeholder="Enter your password"
      142 |                         value={password}
    > 143 |                         onChange={(e) => 
setPassword(e.target.value)}
          |                                          ^
      144 |                         className="w-full rounded-md border 
border-gray-300 px-3 py-2 pr-10 text-sm focus:outline-none focus:ring-2 
focus:ring-gray-900 disabled:opacity-50"
      145 |                     />
      146 |                     <button

      at printWarning 
(node_modules/react-dom/cjs/react-dom.development.js:86:30)
      at error (node_modules/react-dom/cjs/react-dom.development.js:60:7)
      at warnIfUpdatesNotWrappedWithActDEV 
(node_modules/react-dom/cjs/react-dom.development.js:27628:9)
      at scheduleUpdateOnFiber 
(node_modules/react-dom/cjs/react-dom.development.js:25547:5)
      at dispatchSetState 
(node_modules/react-dom/cjs/react-dom.development.js:16708:7)
      at onChange (src/auth/LoginForm/LoginForm.tsx:143:42)
      at HTMLUnknownElement.callCallback 
(node_modules/react-dom/cjs/react-dom.development.js:4164:14)
      at HTMLUnknownElement.callTheUserObjectsOperation 
(node_modules/jsdom/lib/jsdom/living/generated/EventListener.js:26:30)
      at innerInvokeEventListeners 
(node_modules/jsdom/lib/jsdom/living/events/EventTarget-impl.js:350:25)
      at invokeEventListeners 
(node_modules/jsdom/lib/jsdom/living/events/EventTarget-impl.js:286:3)
      at HTMLUnknownElementImpl._dispatch 
(node_modules/jsdom/lib/jsdom/living/events/EventTarget-impl.js:233:9)
      at HTMLUnknownElementImpl.dispatchEvent 
(node_modules/jsdom/lib/jsdom/living/events/EventTarget-impl.js:104:17)
      at HTMLUnknownElement.dispatchEvent 
(node_modules/jsdom/lib/jsdom/living/generated/EventTarget.js:241:34)
      at Object.invokeGuardedCallbackDev 
(node_modules/react-dom/cjs/react-dom.development.js:4213:16)
      at invokeGuardedCallback 
(node_modules/react-dom/cjs/react-dom.development.js:4277:31)
      at invokeGuardedCallbackAndCatchFirstError 
(node_modules/react-dom/cjs/react-dom.development.js:4291:25)
      at executeDispatch 
(node_modules/react-dom/cjs/react-dom.development.js:9041:3)
      at processDispatchQueueItemsInOrder 
(node_modules/react-dom/cjs/react-dom.development.js:9073:7)
      at processDispatchQueue 
(node_modules/react-dom/cjs/react-dom.development.js:9086:5)
      at dispatchEventsForPlugins 
(node_modules/react-dom/cjs/react-dom.development.js:9097:3)
      at node_modules/react-dom/cjs/react-dom.development.js:9288:12
      at batchedUpdates$1 
(node_modules/react-dom/cjs/react-dom.development.js:26179:12)
      at batchedUpdates 
(node_modules/react-dom/cjs/react-dom.development.js:3991:12)
      at dispatchEventForPluginEventSystem 
(node_modules/react-dom/cjs/react-dom.development.js:9287:3)
      at dispatchEventWithEnableCapturePhaseSelectiveHydrationWithoutDiscreteEv
entReplay (node_modules/react-dom/cjs/react-dom.development.js:6465:5)
      at dispatchEvent 
(node_modules/react-dom/cjs/react-dom.development.js:6457:5)
      at dispatchDiscreteEvent 
(node_modules/react-dom/cjs/react-dom.development.js:6430:5)
      at HTMLDivElement.callTheUserObjectsOperation 
(node_modules/jsdom/lib/jsdom/living/generated/EventListener.js:26:30)
      at innerInvokeEventListeners 
(node_modules/jsdom/lib/jsdom/living/events/EventTarget-impl.js:350:25)
      at invokeEventListeners 
(node_modules/jsdom/lib/jsdom/living/events/EventTarget-impl.js:286:3)
      at HTMLInputElementImpl._dispatch 
(node_modules/jsdom/lib/jsdom/living/events/EventTarget-impl.js:233:9)
      at HTMLInputElementImpl.dispatchEvent 
(node_modules/jsdom/lib/jsdom/living/events/EventTarget-impl.js:104:17)
      at HTMLInputElement.dispatchEvent 
(node_modules/jsdom/lib/jsdom/living/generated/EventTarget.js:241:34)
      at 
node_modules/@testing-library/user-event/dist/cjs/event/dispatchEvent.js:45:43
      at Object.eventWrapper 
(node_modules/@testing-library/dom/dist/config.js:25:23)
      at Object.wrapEvent 
(node_modules/@testing-library/user-event/dist/cjs/event/wrapEvent.js:6:28)
      at Object.dispatchEvent (node_modules/@testing-library/user-event/dist/cj
s/event/dispatchEvent.js:45:22)
      at Object.dispatchUIEvent (node_modules/@testing-library/user-event/dist/
cjs/event/dispatchEvent.js:22:26)
      at commitInput 
(node_modules/@testing-library/user-event/dist/cjs/event/input.js:145:14)
      at editInputElement 
(node_modules/@testing-library/user-event/dist/cjs/event/input.js:115:9)
      at Object.input 
(node_modules/@testing-library/user-event/dist/cjs/event/input.js:37:9)
      at node_modules/@testing-library/user-event/dist/cjs/event/behavior/keypr
ess.js:31:26
      at Object.dispatchEvent (node_modules/@testing-library/user-event/dist/cj
s/event/dispatchEvent.js:41:13)
      at Object.dispatchUIEvent (node_modules/@testing-library/user-event/dist/
cjs/event/dispatchEvent.js:22:26)
      at KeyboardHost.keydown 
(node_modules/@testing-library/user-event/dist/cjs/system/keyboard.js:76:22)
      at keyboardAction 
(node_modules/@testing-library/user-event/dist/cjs/keyboard/index.js:22:35)
      at Object.keyboard 
(node_modules/@testing-library/user-event/dist/cjs/keyboard/index.js:11:15)
      at Object.type 
(node_modules/@testing-library/user-event/dist/cjs/utility/type.js:17:5)
      at Object.<anonymous> (src/auth/auth.test.tsx:238:9)

    console.error
      Warning: An update to LoginForm inside a test was not wrapped in 
act(...).
      
      When testing, code that causes React state updates should be wrapped 
into act(...):
      
      act(() => {
        /* fire events that update state */
      });
      /* assert on the output */
      
      This ensures that you're testing the behavior the user would see in the 
browser. Learn more at https://reactjs.org/link/wrap-tests-with-act
          at LoginForm (C:\Users\samhe\OneDrive\Desktop\Cleaned\frontend\src\au
th\LoginForm\LoginForm.tsx:41:33)
          at div
          at div
          at LoginPage
          at routeContext (C:\Users\samhe\OneDrive\Desktop\Cleaned\frontend\nod
e_modules\react-router\lib\hooks.tsx:658:26)
          at children (C:\Users\samhe\OneDrive\Desktop\Cleaned\frontend\node_mo
dules\react-router\lib\components.tsx:512:3)
          at basenameProp (C:\Users\samhe\OneDrive\Desktop\Cleaned\frontend\nod
e_modules\react-router\lib\components.tsx:421:13)
          at basename (C:\Users\samhe\OneDrive\Desktop\Cleaned\frontend\node_mo
dules\react-router\lib\components.tsx:225:3)

      141 |                         placeholder="Enter your password"
      142 |                         value={password}
    > 143 |                         onChange={(e) => 
setPassword(e.target.value)}
          |                                          ^
      144 |                         className="w-full rounded-md border 
border-gray-300 px-3 py-2 pr-10 text-sm focus:outline-none focus:ring-2 
focus:ring-gray-900 disabled:opacity-50"
      145 |                     />
      146 |                     <button

      at printWarning 
(node_modules/react-dom/cjs/react-dom.development.js:86:30)
      at error (node_modules/react-dom/cjs/react-dom.development.js:60:7)
      at warnIfUpdatesNotWrappedWithActDEV 
(node_modules/react-dom/cjs/react-dom.development.js:27628:9)
      at scheduleUpdateOnFiber 
(node_modules/react-dom/cjs/react-dom.development.js:25547:5)
      at dispatchSetState 
(node_modules/react-dom/cjs/react-dom.development.js:16708:7)
      at onChange (src/auth/LoginForm/LoginForm.tsx:143:42)
      at HTMLUnknownElement.callCallback 
(node_modules/react-dom/cjs/react-dom.development.js:4164:14)
      at HTMLUnknownElement.callTheUserObjectsOperation 
(node_modules/jsdom/lib/jsdom/living/generated/EventListener.js:26:30)
      at innerInvokeEventListeners 
(node_modules/jsdom/lib/jsdom/living/events/EventTarget-impl.js:350:25)
      at invokeEventListeners 
(node_modules/jsdom/lib/jsdom/living/events/EventTarget-impl.js:286:3)
      at HTMLUnknownElementImpl._dispatch 
(node_modules/jsdom/lib/jsdom/living/events/EventTarget-impl.js:233:9)
      at HTMLUnknownElementImpl.dispatchEvent 
(node_modules/jsdom/lib/jsdom/living/events/EventTarget-impl.js:104:17)
      at HTMLUnknownElement.dispatchEvent 
(node_modules/jsdom/lib/jsdom/living/generated/EventTarget.js:241:34)
      at Object.invokeGuardedCallbackDev 
(node_modules/react-dom/cjs/react-dom.development.js:4213:16)
      at invokeGuardedCallback 
(node_modules/react-dom/cjs/react-dom.development.js:4277:31)
      at invokeGuardedCallbackAndCatchFirstError 
(node_modules/react-dom/cjs/react-dom.development.js:4291:25)
      at executeDispatch 
(node_modules/react-dom/cjs/react-dom.development.js:9041:3)
      at processDispatchQueueItemsInOrder 
(node_modules/react-dom/cjs/react-dom.development.js:9073:7)
      at processDispatchQueue 
(node_modules/react-dom/cjs/react-dom.development.js:9086:5)
      at dispatchEventsForPlugins 
(node_modules/react-dom/cjs/react-dom.development.js:9097:3)
      at node_modules/react-dom/cjs/react-dom.development.js:9288:12
      at batchedUpdates$1 
(node_modules/react-dom/cjs/react-dom.development.js:26179:12)
      at batchedUpdates 
(node_modules/react-dom/cjs/react-dom.development.js:3991:12)
      at dispatchEventForPluginEventSystem 
(node_modules/react-dom/cjs/react-dom.development.js:9287:3)
      at dispatchEventWithEnableCapturePhaseSelectiveHydrationWithoutDiscreteEv
entReplay (node_modules/react-dom/cjs/react-dom.development.js:6465:5)
      at dispatchEvent 
(node_modules/react-dom/cjs/react-dom.development.js:6457:5)
      at dispatchDiscreteEvent 
(node_modules/react-dom/cjs/react-dom.development.js:6430:5)
      at HTMLDivElement.callTheUserObjectsOperation 
(node_modules/jsdom/lib/jsdom/living/generated/EventListener.js:26:30)
      at innerInvokeEventListeners 
(node_modules/jsdom/lib/jsdom/living/events/EventTarget-impl.js:350:25)
      at invokeEventListeners 
(node_modules/jsdom/lib/jsdom/living/events/EventTarget-impl.js:286:3)
      at HTMLInputElementImpl._dispatch 
(node_modules/jsdom/lib/jsdom/living/events/EventTarget-impl.js:233:9)
      at HTMLInputElementImpl.dispatchEvent 
(node_modules/jsdom/lib/jsdom/living/events/EventTarget-impl.js:104:17)
      at HTMLInputElement.dispatchEvent 
(node_modules/jsdom/lib/jsdom/living/generated/EventTarget.js:241:34)
      at 
node_modules/@testing-library/user-event/dist/cjs/event/dispatchEvent.js:45:43
      at Object.eventWrapper 
(node_modules/@testing-library/dom/dist/config.js:25:23)
      at Object.wrapEvent 
(node_modules/@testing-library/user-event/dist/cjs/event/wrapEvent.js:6:28)
      at Object.dispatchEvent (node_modules/@testing-library/user-event/dist/cj
s/event/dispatchEvent.js:45:22)
      at Object.dispatchUIEvent (node_modules/@testing-library/user-event/dist/
cjs/event/dispatchEvent.js:22:26)
      at commitInput 
(node_modules/@testing-library/user-event/dist/cjs/event/input.js:145:14)
      at editInputElement 
(node_modules/@testing-library/user-event/dist/cjs/event/input.js:115:9)
      at Object.input 
(node_modules/@testing-library/user-event/dist/cjs/event/input.js:37:9)
      at node_modules/@testing-library/user-event/dist/cjs/event/behavior/keypr
ess.js:31:26
      at Object.dispatchEvent (node_modules/@testing-library/user-event/dist/cj
s/event/dispatchEvent.js:41:13)
      at Object.dispatchUIEvent (node_modules/@testing-library/user-event/dist/
cjs/event/dispatchEvent.js:22:26)
      at KeyboardHost.keydown 
(node_modules/@testing-library/user-event/dist/cjs/system/keyboard.js:76:22)
      at keyboardAction 
(node_modules/@testing-library/user-event/dist/cjs/keyboard/index.js:22:35)
      at Object.keyboard 
(node_modules/@testing-library/user-event/dist/cjs/keyboard/index.js:11:15)
      at Object.type 
(node_modules/@testing-library/user-event/dist/cjs/utility/type.js:17:5)
      at Object.<anonymous> (src/auth/auth.test.tsx:238:9)

    console.error
      Warning: An update to LoginForm inside a test was not wrapped in 
act(...).
      
      When testing, code that causes React state updates should be wrapped 
into act(...):
      
      act(() => {
        /* fire events that update state */
      });
      /* assert on the output */
      
      This ensures that you're testing the behavior the user would see in the 
browser. Learn more at https://reactjs.org/link/wrap-tests-with-act
          at LoginForm (C:\Users\samhe\OneDrive\Desktop\Cleaned\frontend\src\au
th\LoginForm\LoginForm.tsx:41:33)
          at div
          at div
          at LoginPage
          at routeContext (C:\Users\samhe\OneDrive\Desktop\Cleaned\frontend\nod
e_modules\react-router\lib\hooks.tsx:658:26)
          at children (C:\Users\samhe\OneDrive\Desktop\Cleaned\frontend\node_mo
dules\react-router\lib\components.tsx:512:3)
          at basenameProp (C:\Users\samhe\OneDrive\Desktop\Cleaned\frontend\nod
e_modules\react-router\lib\components.tsx:421:13)
          at basename (C:\Users\samhe\OneDrive\Desktop\Cleaned\frontend\node_mo
dules\react-router\lib\components.tsx:225:3)

      141 |                         placeholder="Enter your password"
      142 |                         value={password}
    > 143 |                         onChange={(e) => 
setPassword(e.target.value)}
          |                                          ^
      144 |                         className="w-full rounded-md border 
border-gray-300 px-3 py-2 pr-10 text-sm focus:outline-none focus:ring-2 
focus:ring-gray-900 disabled:opacity-50"
      145 |                     />
      146 |                     <button

      at printWarning 
(node_modules/react-dom/cjs/react-dom.development.js:86:30)
      at error (node_modules/react-dom/cjs/react-dom.development.js:60:7)
      at warnIfUpdatesNotWrappedWithActDEV 
(node_modules/react-dom/cjs/react-dom.development.js:27628:9)
      at scheduleUpdateOnFiber 
(node_modules/react-dom/cjs/react-dom.development.js:25547:5)
      at dispatchSetState 
(node_modules/react-dom/cjs/react-dom.development.js:16708:7)
      at onChange (src/auth/LoginForm/LoginForm.tsx:143:42)
      at HTMLUnknownElement.callCallback 
(node_modules/react-dom/cjs/react-dom.development.js:4164:14)
      at HTMLUnknownElement.callTheUserObjectsOperation 
(node_modules/jsdom/lib/jsdom/living/generated/EventListener.js:26:30)
      at innerInvokeEventListeners 
(node_modules/jsdom/lib/jsdom/living/events/EventTarget-impl.js:350:25)
      at invokeEventListeners 
(node_modules/jsdom/lib/jsdom/living/events/EventTarget-impl.js:286:3)
      at HTMLUnknownElementImpl._dispatch 
(node_modules/jsdom/lib/jsdom/living/events/EventTarget-impl.js:233:9)
      at HTMLUnknownElementImpl.dispatchEvent 
(node_modules/jsdom/lib/jsdom/living/events/EventTarget-impl.js:104:17)
      at HTMLUnknownElement.dispatchEvent 
(node_modules/jsdom/lib/jsdom/living/generated/EventTarget.js:241:34)
      at Object.invokeGuardedCallbackDev 
(node_modules/react-dom/cjs/react-dom.development.js:4213:16)
      at invokeGuardedCallback 
(node_modules/react-dom/cjs/react-dom.development.js:4277:31)
      at invokeGuardedCallbackAndCatchFirstError 
(node_modules/react-dom/cjs/react-dom.development.js:4291:25)
      at executeDispatch 
(node_modules/react-dom/cjs/react-dom.development.js:9041:3)
      at processDispatchQueueItemsInOrder 
(node_modules/react-dom/cjs/react-dom.development.js:9073:7)
      at processDispatchQueue 
(node_modules/react-dom/cjs/react-dom.development.js:9086:5)
      at dispatchEventsForPlugins 
(node_modules/react-dom/cjs/react-dom.development.js:9097:3)
      at node_modules/react-dom/cjs/react-dom.development.js:9288:12
      at batchedUpdates$1 
(node_modules/react-dom/cjs/react-dom.development.js:26179:12)
      at batchedUpdates 
(node_modules/react-dom/cjs/react-dom.development.js:3991:12)
      at dispatchEventForPluginEventSystem 
(node_modules/react-dom/cjs/react-dom.development.js:9287:3)
      at dispatchEventWithEnableCapturePhaseSelectiveHydrationWithoutDiscreteEv
entReplay (node_modules/react-dom/cjs/react-dom.development.js:6465:5)
      at dispatchEvent 
(node_modules/react-dom/cjs/react-dom.development.js:6457:5)
      at dispatchDiscreteEvent 
(node_modules/react-dom/cjs/react-dom.development.js:6430:5)
      at HTMLDivElement.callTheUserObjectsOperation 
(node_modules/jsdom/lib/jsdom/living/generated/EventListener.js:26:30)
      at innerInvokeEventListeners 
(node_modules/jsdom/lib/jsdom/living/events/EventTarget-impl.js:350:25)
      at invokeEventListeners 
(node_modules/jsdom/lib/jsdom/living/events/EventTarget-impl.js:286:3)
      at HTMLInputElementImpl._dispatch 
(node_modules/jsdom/lib/jsdom/living/events/EventTarget-impl.js:233:9)
      at HTMLInputElementImpl.dispatchEvent 
(node_modules/jsdom/lib/jsdom/living/events/EventTarget-impl.js:104:17)
      at HTMLInputElement.dispatchEvent 
(node_modules/jsdom/lib/jsdom/living/generated/EventTarget.js:241:34)
      at 
node_modules/@testing-library/user-event/dist/cjs/event/dispatchEvent.js:45:43
      at Object.eventWrapper 
(node_modules/@testing-library/dom/dist/config.js:25:23)
      at Object.wrapEvent 
(node_modules/@testing-library/user-event/dist/cjs/event/wrapEvent.js:6:28)
      at Object.dispatchEvent (node_modules/@testing-library/user-event/dist/cj
s/event/dispatchEvent.js:45:22)
      at Object.dispatchUIEvent (node_modules/@testing-library/user-event/dist/
cjs/event/dispatchEvent.js:22:26)
      at commitInput 
(node_modules/@testing-library/user-event/dist/cjs/event/input.js:145:14)
      at editInputElement 
(node_modules/@testing-library/user-event/dist/cjs/event/input.js:115:9)
      at Object.input 
(node_modules/@testing-library/user-event/dist/cjs/event/input.js:37:9)
      at node_modules/@testing-library/user-event/dist/cjs/event/behavior/keypr
ess.js:31:26
      at Object.dispatchEvent (node_modules/@testing-library/user-event/dist/cj
s/event/dispatchEvent.js:41:13)
      at Object.dispatchUIEvent (node_modules/@testing-library/user-event/dist/
cjs/event/dispatchEvent.js:22:26)
      at KeyboardHost.keydown 
(node_modules/@testing-library/user-event/dist/cjs/system/keyboard.js:76:22)
      at keyboardAction 
(node_modules/@testing-library/user-event/dist/cjs/keyboard/index.js:22:35)
      at Object.keyboard 
(node_modules/@testing-library/user-event/dist/cjs/keyboard/index.js:11:15)
      at Object.type 
(node_modules/@testing-library/user-event/dist/cjs/utility/type.js:17:5)
      at Object.<anonymous> (src/auth/auth.test.tsx:238:9)

    console.error
      Warning: An update to LoginForm inside a test was not wrapped in 
act(...).
      
      When testing, code that causes React state updates should be wrapped 
into act(...):
      
      act(() => {
        /* fire events that update state */
      });
      /* assert on the output */
      
      This ensures that you're testing the behavior the user would see in the 
browser. Learn more at https://reactjs.org/link/wrap-tests-with-act
          at LoginForm (C:\Users\samhe\OneDrive\Desktop\Cleaned\frontend\src\au
th\LoginForm\LoginForm.tsx:41:33)
          at div
          at div
          at LoginPage
          at routeContext (C:\Users\samhe\OneDrive\Desktop\Cleaned\frontend\nod
e_modules\react-router\lib\hooks.tsx:658:26)
          at children (C:\Users\samhe\OneDrive\Desktop\Cleaned\frontend\node_mo
dules\react-router\lib\components.tsx:512:3)
          at basenameProp (C:\Users\samhe\OneDrive\Desktop\Cleaned\frontend\nod
e_modules\react-router\lib\components.tsx:421:13)
          at basename (C:\Users\samhe\OneDrive\Desktop\Cleaned\frontend\node_mo
dules\react-router\lib\components.tsx:225:3)

      141 |                         placeholder="Enter your password"
      142 |                         value={password}
    > 143 |                         onChange={(e) => 
setPassword(e.target.value)}
          |                                          ^
      144 |                         className="w-full rounded-md border 
border-gray-300 px-3 py-2 pr-10 text-sm focus:outline-none focus:ring-2 
focus:ring-gray-900 disabled:opacity-50"
      145 |                     />
      146 |                     <button

      at printWarning 
(node_modules/react-dom/cjs/react-dom.development.js:86:30)
      at error (node_modules/react-dom/cjs/react-dom.development.js:60:7)
      at warnIfUpdatesNotWrappedWithActDEV 
(node_modules/react-dom/cjs/react-dom.development.js:27628:9)
      at scheduleUpdateOnFiber 
(node_modules/react-dom/cjs/react-dom.development.js:25547:5)
      at dispatchSetState 
(node_modules/react-dom/cjs/react-dom.development.js:16708:7)
      at onChange (src/auth/LoginForm/LoginForm.tsx:143:42)
      at HTMLUnknownElement.callCallback 
(node_modules/react-dom/cjs/react-dom.development.js:4164:14)
      at HTMLUnknownElement.callTheUserObjectsOperation 
(node_modules/jsdom/lib/jsdom/living/generated/EventListener.js:26:30)
      at innerInvokeEventListeners 
(node_modules/jsdom/lib/jsdom/living/events/EventTarget-impl.js:350:25)
      at invokeEventListeners 
(node_modules/jsdom/lib/jsdom/living/events/EventTarget-impl.js:286:3)
      at HTMLUnknownElementImpl._dispatch 
(node_modules/jsdom/lib/jsdom/living/events/EventTarget-impl.js:233:9)
      at HTMLUnknownElementImpl.dispatchEvent 
(node_modules/jsdom/lib/jsdom/living/events/EventTarget-impl.js:104:17)
      at HTMLUnknownElement.dispatchEvent 
(node_modules/jsdom/lib/jsdom/living/generated/EventTarget.js:241:34)
      at Object.invokeGuardedCallbackDev 
(node_modules/react-dom/cjs/react-dom.development.js:4213:16)
      at invokeGuardedCallback 
(node_modules/react-dom/cjs/react-dom.development.js:4277:31)
      at invokeGuardedCallbackAndCatchFirstError 
(node_modules/react-dom/cjs/react-dom.development.js:4291:25)
      at executeDispatch 
(node_modules/react-dom/cjs/react-dom.development.js:9041:3)
      at processDispatchQueueItemsInOrder 
(node_modules/react-dom/cjs/react-dom.development.js:9073:7)
      at processDispatchQueue 
(node_modules/react-dom/cjs/react-dom.development.js:9086:5)
      at dispatchEventsForPlugins 
(node_modules/react-dom/cjs/react-dom.development.js:9097:3)
      at node_modules/react-dom/cjs/react-dom.development.js:9288:12
      at batchedUpdates$1 
(node_modules/react-dom/cjs/react-dom.development.js:26179:12)
      at batchedUpdates 
(node_modules/react-dom/cjs/react-dom.development.js:3991:12)
      at dispatchEventForPluginEventSystem 
(node_modules/react-dom/cjs/react-dom.development.js:9287:3)
      at dispatchEventWithEnableCapturePhaseSelectiveHydrationWithoutDiscreteEv
entReplay (node_modules/react-dom/cjs/react-dom.development.js:6465:5)
      at dispatchEvent 
(node_modules/react-dom/cjs/react-dom.development.js:6457:5)
      at dispatchDiscreteEvent 
(node_modules/react-dom/cjs/react-dom.development.js:6430:5)
      at HTMLDivElement.callTheUserObjectsOperation 
(node_modules/jsdom/lib/jsdom/living/generated/EventListener.js:26:30)
      at innerInvokeEventListeners 
(node_modules/jsdom/lib/jsdom/living/events/EventTarget-impl.js:350:25)
      at invokeEventListeners 
(node_modules/jsdom/lib/jsdom/living/events/EventTarget-impl.js:286:3)
      at HTMLInputElementImpl._dispatch 
(node_modules/jsdom/lib/jsdom/living/events/EventTarget-impl.js:233:9)
      at HTMLInputElementImpl.dispatchEvent 
(node_modules/jsdom/lib/jsdom/living/events/EventTarget-impl.js:104:17)
      at HTMLInputElement.dispatchEvent 
(node_modules/jsdom/lib/jsdom/living/generated/EventTarget.js:241:34)
      at 
node_modules/@testing-library/user-event/dist/cjs/event/dispatchEvent.js:45:43
      at Object.eventWrapper 
(node_modules/@testing-library/dom/dist/config.js:25:23)
      at Object.wrapEvent 
(node_modules/@testing-library/user-event/dist/cjs/event/wrapEvent.js:6:28)
      at Object.dispatchEvent (node_modules/@testing-library/user-event/dist/cj
s/event/dispatchEvent.js:45:22)
      at Object.dispatchUIEvent (node_modules/@testing-library/user-event/dist/
cjs/event/dispatchEvent.js:22:26)
      at commitInput 
(node_modules/@testing-library/user-event/dist/cjs/event/input.js:145:14)
      at editInputElement 
(node_modules/@testing-library/user-event/dist/cjs/event/input.js:115:9)
      at Object.input 
(node_modules/@testing-library/user-event/dist/cjs/event/input.js:37:9)
      at node_modules/@testing-library/user-event/dist/cjs/event/behavior/keypr
ess.js:31:26
      at Object.dispatchEvent (node_modules/@testing-library/user-event/dist/cj
s/event/dispatchEvent.js:41:13)
      at Object.dispatchUIEvent (node_modules/@testing-library/user-event/dist/
cjs/event/dispatchEvent.js:22:26)
      at KeyboardHost.keydown 
(node_modules/@testing-library/user-event/dist/cjs/system/keyboard.js:76:22)
      at keyboardAction 
(node_modules/@testing-library/user-event/dist/cjs/keyboard/index.js:22:35)
      at Object.keyboard 
(node_modules/@testing-library/user-event/dist/cjs/keyboard/index.js:11:15)
      at Object.type 
(node_modules/@testing-library/user-event/dist/cjs/utility/type.js:17:5)
      at Object.<anonymous> (src/auth/auth.test.tsx:238:9)

    console.error
      Warning: An update to LoginForm inside a test was not wrapped in 
act(...).
      
      When testing, code that causes React state updates should be wrapped 
into act(...):
      
      act(() => {
        /* fire events that update state */
      });
      /* assert on the output */
      
      This ensures that you're testing the behavior the user would see in the 
browser. Learn more at https://reactjs.org/link/wrap-tests-with-act
          at LoginForm (C:\Users\samhe\OneDrive\Desktop\Cleaned\frontend\src\au
th\LoginForm\LoginForm.tsx:41:33)
          at div
          at div
          at LoginPage
          at routeContext (C:\Users\samhe\OneDrive\Desktop\Cleaned\frontend\nod
e_modules\react-router\lib\hooks.tsx:658:26)
          at children (C:\Users\samhe\OneDrive\Desktop\Cleaned\frontend\node_mo
dules\react-router\lib\components.tsx:512:3)
          at basenameProp (C:\Users\samhe\OneDrive\Desktop\Cleaned\frontend\nod
e_modules\react-router\lib\components.tsx:421:13)
          at basename (C:\Users\samhe\OneDrive\Desktop\Cleaned\frontend\node_mo
dules\react-router\lib\components.tsx:225:3)

      52 |     async function handleSubmit(e: React.FormEvent) {
      53 |         e.preventDefault()
    > 54 |         setError('')
         |         ^
      55 |
      56 |         // Client-side empty field validation (R-AUTH-EMPTY)
      57 |         if (!email.trim() || !password) {

      at printWarning 
(node_modules/react-dom/cjs/react-dom.development.js:86:30)
      at error (node_modules/react-dom/cjs/react-dom.development.js:60:7)
      at warnIfUpdatesNotWrappedWithActDEV 
(node_modules/react-dom/cjs/react-dom.development.js:27628:9)
      at scheduleUpdateOnFiber 
(node_modules/react-dom/cjs/react-dom.development.js:25547:5)
      at dispatchSetState 
(node_modules/react-dom/cjs/react-dom.development.js:16708:7)
      at handleSubmit (src/auth/LoginForm/LoginForm.tsx:54:9)
      at HTMLUnknownElement.callCallback 
(node_modules/react-dom/cjs/react-dom.development.js:4164:14)
      at HTMLUnknownElement.callTheUserObjectsOperation 
(node_modules/jsdom/lib/jsdom/living/generated/EventListener.js:26:30)
      at innerInvokeEventListeners 
(node_modules/jsdom/lib/jsdom/living/events/EventTarget-impl.js:350:25)
      at invokeEventListeners 
(node_modules/jsdom/lib/jsdom/living/events/EventTarget-impl.js:286:3)
      at HTMLUnknownElementImpl._dispatch 
(node_modules/jsdom/lib/jsdom/living/events/EventTarget-impl.js:233:9)
      at HTMLUnknownElementImpl.dispatchEvent 
(node_modules/jsdom/lib/jsdom/living/events/EventTarget-impl.js:104:17)
      at HTMLUnknownElement.dispatchEvent 
(node_modules/jsdom/lib/jsdom/living/generated/EventTarget.js:241:34)
      at Object.invokeGuardedCallbackDev 
(node_modules/react-dom/cjs/react-dom.development.js:4213:16)
      at invokeGuardedCallback 
(node_modules/react-dom/cjs/react-dom.development.js:4277:31)
      at invokeGuardedCallbackAndCatchFirstError 
(node_modules/react-dom/cjs/react-dom.development.js:4291:25)
      at executeDispatch 
(node_modules/react-dom/cjs/react-dom.development.js:9041:3)
      at processDispatchQueueItemsInOrder 
(node_modules/react-dom/cjs/react-dom.development.js:9073:7)
      at processDispatchQueue 
(node_modules/react-dom/cjs/react-dom.development.js:9086:5)
      at dispatchEventsForPlugins 
(node_modules/react-dom/cjs/react-dom.development.js:9097:3)
      at node_modules/react-dom/cjs/react-dom.development.js:9288:12
      at batchedUpdates$1 
(node_modules/react-dom/cjs/react-dom.development.js:26179:12)
      at batchedUpdates 
(node_modules/react-dom/cjs/react-dom.development.js:3991:12)
      at dispatchEventForPluginEventSystem 
(node_modules/react-dom/cjs/react-dom.development.js:9287:3)
      at dispatchEventWithEnableCapturePhaseSelectiveHydrationWithoutDiscreteEv
entReplay (node_modules/react-dom/cjs/react-dom.development.js:6465:5)
      at dispatchEvent 
(node_modules/react-dom/cjs/react-dom.development.js:6457:5)
      at dispatchDiscreteEvent 
(node_modules/react-dom/cjs/react-dom.development.js:6430:5)
      at HTMLDivElement.callTheUserObjectsOperation 
(node_modules/jsdom/lib/jsdom/living/generated/EventListener.js:26:30)
      at innerInvokeEventListeners 
(node_modules/jsdom/lib/jsdom/living/events/EventTarget-impl.js:350:25)
      at invokeEventListeners 
(node_modules/jsdom/lib/jsdom/living/events/EventTarget-impl.js:286:3)
      at HTMLFormElementImpl._dispatch 
(node_modules/jsdom/lib/jsdom/living/events/EventTarget-impl.js:233:9)
      at fireAnEvent 
(node_modules/jsdom/lib/jsdom/living/helpers/events.js:18:36)
      at HTMLFormElementImpl.requestSubmit 
(node_modules/jsdom/lib/jsdom/living/nodes/HTMLFormElement-impl.js:109:10)
      at HTMLFormElementImpl._doRequestSubmit 
(node_modules/jsdom/lib/jsdom/living/nodes/HTMLFormElement-impl.js:79:10)
      at HTMLButtonElementImpl._activationBehavior 
(node_modules/jsdom/lib/jsdom/living/nodes/HTMLButtonElement-impl.js:23:14)
      at HTMLButtonElementImpl._dispatch 
(node_modules/jsdom/lib/jsdom/living/events/EventTarget-impl.js:252:26)
      at HTMLButtonElementImpl.dispatchEvent 
(node_modules/jsdom/lib/jsdom/living/events/EventTarget-impl.js:104:17)
      at HTMLButtonElement.dispatchEvent 
(node_modules/jsdom/lib/jsdom/living/generated/EventTarget.js:241:34)
      at 
node_modules/@testing-library/user-event/dist/cjs/event/dispatchEvent.js:45:43
      at Object.eventWrapper 
(node_modules/@testing-library/dom/dist/config.js:25:23)
      at Object.wrapEvent 
(node_modules/@testing-library/user-event/dist/cjs/event/wrapEvent.js:6:28)
      at Object.dispatchEvent (node_modules/@testing-library/user-event/dist/cj
s/event/dispatchEvent.js:45:22)
      at Object.dispatchUIEvent (node_modules/@testing-library/user-event/dist/
cjs/event/dispatchEvent.js:22:26)
      at Mouse.up (node_modules/@testing-library/user-event/dist/cjs/system/poi
nter/mouse.js:100:30)
      at PointerHost.release (node_modules/@testing-library/user-event/dist/cjs
/system/pointer/index.js:87:24)
      at pointerAction 
(node_modules/@testing-library/user-event/dist/cjs/pointer/index.js:54:47)
      at Object.pointer 
(node_modules/@testing-library/user-event/dist/cjs/pointer/index.js:27:9)
      at Object.<anonymous> (src/auth/auth.test.tsx:239:9)

    console.error
      Warning: An update to LoginForm inside a test was not wrapped in 
act(...).
      
      When testing, code that causes React state updates should be wrapped 
into act(...):
      
      act(() => {
        /* fire events that update state */
      });
      /* assert on the output */
      
      This ensures that you're testing the behavior the user would see in the 
browser. Learn more at https://reactjs.org/link/wrap-tests-with-act
          at LoginForm (C:\Users\samhe\OneDrive\Desktop\Cleaned\frontend\src\au
th\LoginForm\LoginForm.tsx:41:33)
          at div
          at div
          at LoginPage
          at routeContext (C:\Users\samhe\OneDrive\Desktop\Cleaned\frontend\nod
e_modules\react-router\lib\hooks.tsx:658:26)
          at children (C:\Users\samhe\OneDrive\Desktop\Cleaned\frontend\node_mo
dules\react-router\lib\components.tsx:512:3)
          at basenameProp (C:\Users\samhe\OneDrive\Desktop\Cleaned\frontend\nod
e_modules\react-router\lib\components.tsx:421:13)
          at basename (C:\Users\samhe\OneDrive\Desktop\Cleaned\frontend\node_mo
dules\react-router\lib\components.tsx:225:3)

      60 |         }
      61 |
    > 62 |         setLoading(true)
         |         ^
      63 |
      64 |         try {
      65 |             const response = await apiPost<{ token: string; user: 
Record<string, unknown> }>(

      at printWarning 
(node_modules/react-dom/cjs/react-dom.development.js:86:30)
      at error (node_modules/react-dom/cjs/react-dom.development.js:60:7)
      at warnIfUpdatesNotWrappedWithActDEV 
(node_modules/react-dom/cjs/react-dom.development.js:27628:9)
      at scheduleUpdateOnFiber 
(node_modules/react-dom/cjs/react-dom.development.js:25547:5)
      at dispatchSetState 
(node_modules/react-dom/cjs/react-dom.development.js:16708:7)
      at handleSubmit (src/auth/LoginForm/LoginForm.tsx:62:9)
      at HTMLUnknownElement.callCallback 
(node_modules/react-dom/cjs/react-dom.development.js:4164:14)
      at HTMLUnknownElement.callTheUserObjectsOperation 
(node_modules/jsdom/lib/jsdom/living/generated/EventListener.js:26:30)
      at innerInvokeEventListeners 
(node_modules/jsdom/lib/jsdom/living/events/EventTarget-impl.js:350:25)
      at invokeEventListeners 
(node_modules/jsdom/lib/jsdom/living/events/EventTarget-impl.js:286:3)
      at HTMLUnknownElementImpl._dispatch 
(node_modules/jsdom/lib/jsdom/living/events/EventTarget-impl.js:233:9)
      at HTMLUnknownElementImpl.dispatchEvent 
(node_modules/jsdom/lib/jsdom/living/events/EventTarget-impl.js:104:17)
      at HTMLUnknownElement.dispatchEvent 
(node_modules/jsdom/lib/jsdom/living/generated/EventTarget.js:241:34)
      at Object.invokeGuardedCallbackDev 
(node_modules/react-dom/cjs/react-dom.development.js:4213:16)
      at invokeGuardedCallback 
(node_modules/react-dom/cjs/react-dom.development.js:4277:31)
      at invokeGuardedCallbackAndCatchFirstError 
(node_modules/react-dom/cjs/react-dom.development.js:4291:25)
      at executeDispatch 
(node_modules/react-dom/cjs/react-dom.development.js:9041:3)
      at processDispatchQueueItemsInOrder 
(node_modules/react-dom/cjs/react-dom.development.js:9073:7)
      at processDispatchQueue 
(node_modules/react-dom/cjs/react-dom.development.js:9086:5)
      at dispatchEventsForPlugins 
(node_modules/react-dom/cjs/react-dom.development.js:9097:3)
      at node_modules/react-dom/cjs/react-dom.development.js:9288:12
      at batchedUpdates$1 
(node_modules/react-dom/cjs/react-dom.development.js:26179:12)
      at batchedUpdates 
(node_modules/react-dom/cjs/react-dom.development.js:3991:12)
      at dispatchEventForPluginEventSystem 
(node_modules/react-dom/cjs/react-dom.development.js:9287:3)
      at dispatchEventWithEnableCapturePhaseSelectiveHydrationWithoutDiscreteEv
entReplay (node_modules/react-dom/cjs/react-dom.development.js:6465:5)
      at dispatchEvent 
(node_modules/react-dom/cjs/react-dom.development.js:6457:5)
      at dispatchDiscreteEvent 
(node_modules/react-dom/cjs/react-dom.development.js:6430:5)
      at HTMLDivElement.callTheUserObjectsOperation 
(node_modules/jsdom/lib/jsdom/living/generated/EventListener.js:26:30)
      at innerInvokeEventListeners 
(node_modules/jsdom/lib/jsdom/living/events/EventTarget-impl.js:350:25)
      at invokeEventListeners 
(node_modules/jsdom/lib/jsdom/living/events/EventTarget-impl.js:286:3)
      at HTMLFormElementImpl._dispatch 
(node_modules/jsdom/lib/jsdom/living/events/EventTarget-impl.js:233:9)
      at fireAnEvent 
(node_modules/jsdom/lib/jsdom/living/helpers/events.js:18:36)
      at HTMLFormElementImpl.requestSubmit 
(node_modules/jsdom/lib/jsdom/living/nodes/HTMLFormElement-impl.js:109:10)
      at HTMLFormElementImpl._doRequestSubmit 
(node_modules/jsdom/lib/jsdom/living/nodes/HTMLFormElement-impl.js:79:10)
      at HTMLButtonElementImpl._activationBehavior 
(node_modules/jsdom/lib/jsdom/living/nodes/HTMLButtonElement-impl.js:23:14)
      at HTMLButtonElementImpl._dispatch 
(node_modules/jsdom/lib/jsdom/living/events/EventTarget-impl.js:252:26)
      at HTMLButtonElementImpl.dispatchEvent 
(node_modules/jsdom/lib/jsdom/living/events/EventTarget-impl.js:104:17)
      at HTMLButtonElement.dispatchEvent 
(node_modules/jsdom/lib/jsdom/living/generated/EventTarget.js:241:34)
      at 
node_modules/@testing-library/user-event/dist/cjs/event/dispatchEvent.js:45:43
      at Object.eventWrapper 
(node_modules/@testing-library/dom/dist/config.js:25:23)
      at Object.wrapEvent 
(node_modules/@testing-library/user-event/dist/cjs/event/wrapEvent.js:6:28)
      at Object.dispatchEvent (node_modules/@testing-library/user-event/dist/cj
s/event/dispatchEvent.js:45:22)
      at Object.dispatchUIEvent (node_modules/@testing-library/user-event/dist/
cjs/event/dispatchEvent.js:22:26)
      at Mouse.up (node_modules/@testing-library/user-event/dist/cjs/system/poi
nter/mouse.js:100:30)
      at PointerHost.release (node_modules/@testing-library/user-event/dist/cjs
/system/pointer/index.js:87:24)
      at pointerAction 
(node_modules/@testing-library/user-event/dist/cjs/pointer/index.js:54:47)
      at Object.pointer 
(node_modules/@testing-library/user-event/dist/cjs/pointer/index.js:27:9)
      at Object.<anonymous> (src/auth/auth.test.tsx:239:9)

    console.error
      Warning: An update to LoginForm inside a test was not wrapped in 
act(...).
      
      When testing, code that causes React state updates should be wrapped 
into act(...):
      
      act(() => {
        /* fire events that update state */
      });
      /* assert on the output */
      
      This ensures that you're testing the behavior the user would see in the 
browser. Learn more at https://reactjs.org/link/wrap-tests-with-act
          at LoginForm (C:\Users\samhe\OneDrive\Desktop\Cleaned\frontend\src\au
th\LoginForm\LoginForm.tsx:41:33)
          at div
          at div
          at LoginPage
          at routeContext (C:\Users\samhe\OneDrive\Desktop\Cleaned\frontend\nod
e_modules\react-router\lib\hooks.tsx:658:26)
          at children (C:\Users\samhe\OneDrive\Desktop\Cleaned\frontend\node_mo
dules\react-router\lib\components.tsx:512:3)
          at basenameProp (C:\Users\samhe\OneDrive\Desktop\Cleaned\frontend\nod
e_modules\react-router\lib\components.tsx:421:13)
          at basename (C:\Users\samhe\OneDrive\Desktop\Cleaned\frontend\node_mo
dules\react-router\lib\components.tsx:225:3)

      92 |                 }
      93 |             } else {
    > 94 |                 setError('Something went wrong. Please try again 
later.')
         |                 ^
      95 |             }
      96 |         } finally {
      97 |             setLoading(false)

      at printWarning 
(node_modules/react-dom/cjs/react-dom.development.js:86:30)
      at error (node_modules/react-dom/cjs/react-dom.development.js:60:7)
      at warnIfUpdatesNotWrappedWithActDEV 
(node_modules/react-dom/cjs/react-dom.development.js:27628:9)
      at scheduleUpdateOnFiber 
(node_modules/react-dom/cjs/react-dom.development.js:25547:5)
      at dispatchSetState 
(node_modules/react-dom/cjs/react-dom.development.js:16708:7)
      at handleSubmit (src/auth/LoginForm/LoginForm.tsx:94:17)

    console.error
      Warning: An update to LoginForm inside a test was not wrapped in 
act(...).
      
      When testing, code that causes React state updates should be wrapped 
into act(...):
      
      act(() => {
        /* fire events that update state */
      });
      /* assert on the output */
      
      This ensures that you're testing the behavior the user would see in the 
browser. Learn more at https://reactjs.org/link/wrap-tests-with-act
          at LoginForm (C:\Users\samhe\OneDrive\Desktop\Cleaned\frontend\src\au
th\LoginForm\LoginForm.tsx:41:33)
          at div
          at div
          at LoginPage
          at routeContext (C:\Users\samhe\OneDrive\Desktop\Cleaned\frontend\nod
e_modules\react-router\lib\hooks.tsx:658:26)
          at children (C:\Users\samhe\OneDrive\Desktop\Cleaned\frontend\node_mo
dules\react-router\lib\components.tsx:512:3)
          at basenameProp (C:\Users\samhe\OneDrive\Desktop\Cleaned\frontend\nod
e_modules\react-router\lib\components.tsx:421:13)
          at basename (C:\Users\samhe\OneDrive\Desktop\Cleaned\frontend\node_mo
dules\react-router\lib\components.tsx:225:3)

       95 |             }
       96 |         } finally {
    >  97 |             setLoading(false)
          |             ^
       98 |         }
       99 |     }
      100 |

      at printWarning 
(node_modules/react-dom/cjs/react-dom.development.js:86:30)
      at error (node_modules/react-dom/cjs/react-dom.development.js:60:7)
      at warnIfUpdatesNotWrappedWithActDEV 
(node_modules/react-dom/cjs/react-dom.development.js:27628:9)
      at scheduleUpdateOnFiber 
(node_modules/react-dom/cjs/react-dom.development.js:25547:5)
      at dispatchSetState 
(node_modules/react-dom/cjs/react-dom.development.js:16708:7)
      at handleSubmit (src/auth/LoginForm/LoginForm.tsx:97:13)

    console.error
      Warning: An update to LoginForm inside a test was not wrapped in 
act(...).
      
      When testing, code that causes React state updates should be wrapped 
into act(...):
      
      act(() => {
        /* fire events that update state */
      });
      /* assert on the output */
      
      This ensures that you're testing the behavior the user would see in the 
browser. Learn more at https://reactjs.org/link/wrap-tests-with-act
          at LoginForm (C:\Users\samhe\OneDrive\Desktop\Cleaned\frontend\src\au
th\LoginForm\LoginForm.tsx:41:33)
          at div
          at div
          at LoginPage
          at routeContext (C:\Users\samhe\OneDrive\Desktop\Cleaned\frontend\nod
e_modules\react-router\lib\hooks.tsx:658:26)
          at children (C:\Users\samhe\OneDrive\Desktop\Cleaned\frontend\node_mo
dules\react-router\lib\components.tsx:512:3)
          at basenameProp (C:\Users\samhe\OneDrive\Desktop\Cleaned\frontend\nod
e_modules\react-router\lib\components.tsx:421:13)
          at basename (C:\Users\samhe\OneDrive\Desktop\Cleaned\frontend\node_mo
dules\react-router\lib\components.tsx:225:3)

      123 |                     placeholder="email@company.com"
      124 |                     value={email}
    > 125 |                     onChange={(e) => setEmail(e.target.value)}
          |                                      ^
      126 |                     className="w-full rounded-md border 
border-gray-300 px-3 py-2 text-sm focus:outline-none focus:ring-2 
focus:ring-gray-900 disabled:opacity-50"
      127 |                 />
      128 |             </div>

      at printWarning 
(node_modules/react-dom/cjs/react-dom.development.js:86:30)
      at error (node_modules/react-dom/cjs/react-dom.development.js:60:7)
      at warnIfUpdatesNotWrappedWithActDEV 
(node_modules/react-dom/cjs/react-dom.development.js:27628:9)
      at scheduleUpdateOnFiber 
(node_modules/react-dom/cjs/react-dom.development.js:25547:5)
      at dispatchSetState 
(node_modules/react-dom/cjs/react-dom.development.js:16708:7)
      at onChange (src/auth/LoginForm/LoginForm.tsx:125:38)
      at HTMLUnknownElement.callCallback 
(node_modules/react-dom/cjs/react-dom.development.js:4164:14)
      at HTMLUnknownElement.callTheUserObjectsOperation 
(node_modules/jsdom/lib/jsdom/living/generated/EventListener.js:26:30)
      at innerInvokeEventListeners 
(node_modules/jsdom/lib/jsdom/living/events/EventTarget-impl.js:350:25)
      at invokeEventListeners 
(node_modules/jsdom/lib/jsdom/living/events/EventTarget-impl.js:286:3)
      at HTMLUnknownElementImpl._dispatch 
(node_modules/jsdom/lib/jsdom/living/events/EventTarget-impl.js:233:9)
      at HTMLUnknownElementImpl.dispatchEvent 
(node_modules/jsdom/lib/jsdom/living/events/EventTarget-impl.js:104:17)
      at HTMLUnknownElement.dispatchEvent 
(node_modules/jsdom/lib/jsdom/living/generated/EventTarget.js:241:34)
      at Object.invokeGuardedCallbackDev 
(node_modules/react-dom/cjs/react-dom.development.js:4213:16)
      at invokeGuardedCallback 
(node_modules/react-dom/cjs/react-dom.development.js:4277:31)
      at invokeGuardedCallbackAndCatchFirstError 
(node_modules/react-dom/cjs/react-dom.development.js:4291:25)
      at executeDispatch 
(node_modules/react-dom/cjs/react-dom.development.js:9041:3)
      at processDispatchQueueItemsInOrder 
(node_modules/react-dom/cjs/react-dom.development.js:9073:7)
      at processDispatchQueue 
(node_modules/react-dom/cjs/react-dom.development.js:9086:5)
      at dispatchEventsForPlugins 
(node_modules/react-dom/cjs/react-dom.development.js:9097:3)
      at node_modules/react-dom/cjs/react-dom.development.js:9288:12
      at batchedUpdates$1 
(node_modules/react-dom/cjs/react-dom.development.js:26179:12)
      at batchedUpdates 
(node_modules/react-dom/cjs/react-dom.development.js:3991:12)
      at dispatchEventForPluginEventSystem 
(node_modules/react-dom/cjs/react-dom.development.js:9287:3)
      at dispatchEventWithEnableCapturePhaseSelectiveHydrationWithoutDiscreteEv
entReplay (node_modules/react-dom/cjs/react-dom.development.js:6465:5)
      at dispatchEvent 
(node_modules/react-dom/cjs/react-dom.development.js:6457:5)
      at dispatchDiscreteEvent 
(node_modules/react-dom/cjs/react-dom.development.js:6430:5)
      at HTMLDivElement.callTheUserObjectsOperation 
(node_modules/jsdom/lib/jsdom/living/generated/EventListener.js:26:30)
      at innerInvokeEventListeners 
(node_modules/jsdom/lib/jsdom/living/events/EventTarget-impl.js:350:25)
      at invokeEventListeners 
(node_modules/jsdom/lib/jsdom/living/events/EventTarget-impl.js:286:3)
      at HTMLInputElementImpl._dispatch 
(node_modules/jsdom/lib/jsdom/living/events/EventTarget-impl.js:233:9)
      at HTMLInputElementImpl.dispatchEvent 
(node_modules/jsdom/lib/jsdom/living/events/EventTarget-impl.js:104:17)
      at HTMLInputElement.dispatchEvent 
(node_modules/jsdom/lib/jsdom/living/generated/EventTarget.js:241:34)
      at 
node_modules/@testing-library/user-event/dist/cjs/event/dispatchEvent.js:45:43
      at Object.eventWrapper 
(node_modules/@testing-library/dom/dist/config.js:25:23)
      at Object.wrapEvent 
(node_modules/@testing-library/user-event/dist/cjs/event/wrapEvent.js:6:28)
      at Object.dispatchEvent (node_modules/@testing-library/user-event/dist/cj
s/event/dispatchEvent.js:45:22)
      at Object.dispatchUIEvent (node_modules/@testing-library/user-event/dist/
cjs/event/dispatchEvent.js:22:26)
      at commitInput 
(node_modules/@testing-library/user-event/dist/cjs/event/input.js:145:14)
      at editInputElement 
(node_modules/@testing-library/user-event/dist/cjs/event/input.js:115:9)
      at Object.input 
(node_modules/@testing-library/user-event/dist/cjs/event/input.js:37:9)
      at node_modules/@testing-library/user-event/dist/cjs/event/behavior/keypr
ess.js:31:26
      at Object.dispatchEvent (node_modules/@testing-library/user-event/dist/cj
s/event/dispatchEvent.js:41:13)
      at Object.dispatchUIEvent (node_modules/@testing-library/user-event/dist/
cjs/event/dispatchEvent.js:22:26)
      at KeyboardHost.keydown 
(node_modules/@testing-library/user-event/dist/cjs/system/keyboard.js:76:22)
      at keyboardAction 
(node_modules/@testing-library/user-event/dist/cjs/keyboard/index.js:22:35)
      at Object.keyboard 
(node_modules/@testing-library/user-event/dist/cjs/keyboard/index.js:11:15)
      at Object.type 
(node_modules/@testing-library/user-event/dist/cjs/utility/type.js:17:5)
      at Object.<anonymous> (src/auth/auth.test.tsx:250:9)

    console.error
      Warning: An update to LoginForm inside a test was not wrapped in 
act(...).
      
      When testing, code that causes React state updates should be wrapped 
into act(...):
      
      act(() => {
        /* fire events that update state */
      });
      /* assert on the output */
      
      This ensures that you're testing the behavior the user would see in the 
browser. Learn more at https://reactjs.org/link/wrap-tests-with-act
          at LoginForm (C:\Users\samhe\OneDrive\Desktop\Cleaned\frontend\src\au
th\LoginForm\LoginForm.tsx:41:33)
          at div
          at div
          at LoginPage
          at routeContext (C:\Users\samhe\OneDrive\Desktop\Cleaned\frontend\nod
e_modules\react-router\lib\hooks.tsx:658:26)
          at children (C:\Users\samhe\OneDrive\Desktop\Cleaned\frontend\node_mo
dules\react-router\lib\components.tsx:512:3)
          at basenameProp (C:\Users\samhe\OneDrive\Desktop\Cleaned\frontend\nod
e_modules\react-router\lib\components.tsx:421:13)
          at basename (C:\Users\samhe\OneDrive\Desktop\Cleaned\frontend\node_mo
dules\react-router\lib\components.tsx:225:3)

      123 |                     placeholder="email@company.com"
      124 |                     value={email}
    > 125 |                     onChange={(e) => setEmail(e.target.value)}
          |                                      ^
      126 |                     className="w-full rounded-md border 
border-gray-300 px-3 py-2 text-sm focus:outline-none focus:ring-2 
focus:ring-gray-900 disabled:opacity-50"
      127 |                 />
      128 |             </div>

      at printWarning 
(node_modules/react-dom/cjs/react-dom.development.js:86:30)
      at error (node_modules/react-dom/cjs/react-dom.development.js:60:7)
      at warnIfUpdatesNotWrappedWithActDEV 
(node_modules/react-dom/cjs/react-dom.development.js:27628:9)
      at scheduleUpdateOnFiber 
(node_modules/react-dom/cjs/react-dom.development.js:25547:5)
      at dispatchSetState 
(node_modules/react-dom/cjs/react-dom.development.js:16708:7)
      at onChange (src/auth/LoginForm/LoginForm.tsx:125:38)
      at HTMLUnknownElement.callCallback 
(node_modules/react-dom/cjs/react-dom.development.js:4164:14)
      at HTMLUnknownElement.callTheUserObjectsOperation 
(node_modules/jsdom/lib/jsdom/living/generated/EventListener.js:26:30)
      at innerInvokeEventListeners 
(node_modules/jsdom/lib/jsdom/living/events/EventTarget-impl.js:350:25)
      at invokeEventListeners 
(node_modules/jsdom/lib/jsdom/living/events/EventTarget-impl.js:286:3)
      at HTMLUnknownElementImpl._dispatch 
(node_modules/jsdom/lib/jsdom/living/events/EventTarget-impl.js:233:9)
      at HTMLUnknownElementImpl.dispatchEvent 
(node_modules/jsdom/lib/jsdom/living/events/EventTarget-impl.js:104:17)
      at HTMLUnknownElement.dispatchEvent 
(node_modules/jsdom/lib/jsdom/living/generated/EventTarget.js:241:34)
      at Object.invokeGuardedCallbackDev 
(node_modules/react-dom/cjs/react-dom.development.js:4213:16)
      at invokeGuardedCallback 
(node_modules/react-dom/cjs/react-dom.development.js:4277:31)
      at invokeGuardedCallbackAndCatchFirstError 
(node_modules/react-dom/cjs/react-dom.development.js:4291:25)
      at executeDispatch 
(node_modules/react-dom/cjs/react-dom.development.js:9041:3)
      at processDispatchQueueItemsInOrder 
(node_modules/react-dom/cjs/react-dom.development.js:9073:7)
      at processDispatchQueue 
(node_modules/react-dom/cjs/react-dom.development.js:9086:5)
      at dispatchEventsForPlugins 
(node_modules/react-dom/cjs/react-dom.development.js:9097:3)
      at node_modules/react-dom/cjs/react-dom.development.js:9288:12
      at batchedUpdates$1 
(node_modules/react-dom/cjs/react-dom.development.js:26179:12)
      at batchedUpdates 
(node_modules/react-dom/cjs/react-dom.development.js:3991:12)
      at dispatchEventForPluginEventSystem 
(node_modules/react-dom/cjs/react-dom.development.js:9287:3)
      at dispatchEventWithEnableCapturePhaseSelectiveHydrationWithoutDiscreteEv
entReplay (node_modules/react-dom/cjs/react-dom.development.js:6465:5)
      at dispatchEvent 
(node_modules/react-dom/cjs/react-dom.development.js:6457:5)
      at dispatchDiscreteEvent 
(node_modules/react-dom/cjs/react-dom.development.js:6430:5)
      at HTMLDivElement.callTheUserObjectsOperation 
(node_modules/jsdom/lib/jsdom/living/generated/EventListener.js:26:30)
      at innerInvokeEventListeners 
(node_modules/jsdom/lib/jsdom/living/events/EventTarget-impl.js:350:25)
      at invokeEventListeners 
(node_modules/jsdom/lib/jsdom/living/events/EventTarget-impl.js:286:3)
      at HTMLInputElementImpl._dispatch 
(node_modules/jsdom/lib/jsdom/living/events/EventTarget-impl.js:233:9)
      at HTMLInputElementImpl.dispatchEvent 
(node_modules/jsdom/lib/jsdom/living/events/EventTarget-impl.js:104:17)
      at HTMLInputElement.dispatchEvent 
(node_modules/jsdom/lib/jsdom/living/generated/EventTarget.js:241:34)
      at 
node_modules/@testing-library/user-event/dist/cjs/event/dispatchEvent.js:45:43
      at Object.eventWrapper 
(node_modules/@testing-library/dom/dist/config.js:25:23)
      at Object.wrapEvent 
(node_modules/@testing-library/user-event/dist/cjs/event/wrapEvent.js:6:28)
      at Object.dispatchEvent (node_modules/@testing-library/user-event/dist/cj
s/event/dispatchEvent.js:45:22)
      at Object.dispatchUIEvent (node_modules/@testing-library/user-event/dist/
cjs/event/dispatchEvent.js:22:26)
      at commitInput 
(node_modules/@testing-library/user-event/dist/cjs/event/input.js:145:14)
      at editInputElement 
(node_modules/@testing-library/user-event/dist/cjs/event/input.js:115:9)
      at Object.input 
(node_modules/@testing-library/user-event/dist/cjs/event/input.js:37:9)
      at node_modules/@testing-library/user-event/dist/cjs/event/behavior/keypr
ess.js:31:26
      at Object.dispatchEvent (node_modules/@testing-library/user-event/dist/cj
s/event/dispatchEvent.js:41:13)
      at Object.dispatchUIEvent (node_modules/@testing-library/user-event/dist/
cjs/event/dispatchEvent.js:22:26)
      at KeyboardHost.keydown 
(node_modules/@testing-library/user-event/dist/cjs/system/keyboard.js:76:22)
      at keyboardAction 
(node_modules/@testing-library/user-event/dist/cjs/keyboard/index.js:22:35)
      at Object.keyboard 
(node_modules/@testing-library/user-event/dist/cjs/keyboard/index.js:11:15)
      at Object.type 
(node_modules/@testing-library/user-event/dist/cjs/utility/type.js:17:5)
      at Object.<anonymous> (src/auth/auth.test.tsx:250:9)

    console.error
      Warning: An update to LoginForm inside a test was not wrapped in 
act(...).
      
      When testing, code that causes React state updates should be wrapped 
into act(...):
      
      act(() => {
        /* fire events that update state */
      });
      /* assert on the output */
      
      This ensures that you're testing the behavior the user would see in the 
browser. Learn more at https://reactjs.org/link/wrap-tests-with-act
          at LoginForm (C:\Users\samhe\OneDrive\Desktop\Cleaned\frontend\src\au
th\LoginForm\LoginForm.tsx:41:33)
          at div
          at div
          at LoginPage
          at routeContext (C:\Users\samhe\OneDrive\Desktop\Cleaned\frontend\nod
e_modules\react-router\lib\hooks.tsx:658:26)
          at children (C:\Users\samhe\OneDrive\Desktop\Cleaned\frontend\node_mo
dules\react-router\lib\components.tsx:512:3)
          at basenameProp (C:\Users\samhe\OneDrive\Desktop\Cleaned\frontend\nod
e_modules\react-router\lib\components.tsx:421:13)
          at basename (C:\Users\samhe\OneDrive\Desktop\Cleaned\frontend\node_mo
dules\react-router\lib\components.tsx:225:3)

      123 |                     placeholder="email@company.com"
      124 |                     value={email}
    > 125 |                     onChange={(e) => setEmail(e.target.value)}
          |                                      ^
      126 |                     className="w-full rounded-md border 
border-gray-300 px-3 py-2 text-sm focus:outline-none focus:ring-2 
focus:ring-gray-900 disabled:opacity-50"
      127 |                 />
      128 |             </div>

      at printWarning 
(node_modules/react-dom/cjs/react-dom.development.js:86:30)
      at error (node_modules/react-dom/cjs/react-dom.development.js:60:7)
      at warnIfUpdatesNotWrappedWithActDEV 
(node_modules/react-dom/cjs/react-dom.development.js:27628:9)
      at scheduleUpdateOnFiber 
(node_modules/react-dom/cjs/react-dom.development.js:25547:5)
      at dispatchSetState 
(node_modules/react-dom/cjs/react-dom.development.js:16708:7)
      at onChange (src/auth/LoginForm/LoginForm.tsx:125:38)
      at HTMLUnknownElement.callCallback 
(node_modules/react-dom/cjs/react-dom.development.js:4164:14)
      at HTMLUnknownElement.callTheUserObjectsOperation 
(node_modules/jsdom/lib/jsdom/living/generated/EventListener.js:26:30)
      at innerInvokeEventListeners 
(node_modules/jsdom/lib/jsdom/living/events/EventTarget-impl.js:350:25)
      at invokeEventListeners 
(node_modules/jsdom/lib/jsdom/living/events/EventTarget-impl.js:286:3)
      at HTMLUnknownElementImpl._dispatch 
(node_modules/jsdom/lib/jsdom/living/events/EventTarget-impl.js:233:9)
      at HTMLUnknownElementImpl.dispatchEvent 
(node_modules/jsdom/lib/jsdom/living/events/EventTarget-impl.js:104:17)
      at HTMLUnknownElement.dispatchEvent 
(node_modules/jsdom/lib/jsdom/living/generated/EventTarget.js:241:34)
      at Object.invokeGuardedCallbackDev 
(node_modules/react-dom/cjs/react-dom.development.js:4213:16)
      at invokeGuardedCallback 
(node_modules/react-dom/cjs/react-dom.development.js:4277:31)
      at invokeGuardedCallbackAndCatchFirstError 
(node_modules/react-dom/cjs/react-dom.development.js:4291:25)
      at executeDispatch 
(node_modules/react-dom/cjs/react-dom.development.js:9041:3)
      at processDispatchQueueItemsInOrder 
(node_modules/react-dom/cjs/react-dom.development.js:9073:7)
      at processDispatchQueue 
(node_modules/react-dom/cjs/react-dom.development.js:9086:5)
      at dispatchEventsForPlugins 
(node_modules/react-dom/cjs/react-dom.development.js:9097:3)
      at node_modules/react-dom/cjs/react-dom.development.js:9288:12
      at batchedUpdates$1 
(node_modules/react-dom/cjs/react-dom.development.js:26179:12)
      at batchedUpdates 
(node_modules/react-dom/cjs/react-dom.development.js:3991:12)
      at dispatchEventForPluginEventSystem 
(node_modules/react-dom/cjs/react-dom.development.js:9287:3)
      at dispatchEventWithEnableCapturePhaseSelectiveHydrationWithoutDiscreteEv
entReplay (node_modules/react-dom/cjs/react-dom.development.js:6465:5)
      at dispatchEvent 
(node_modules/react-dom/cjs/react-dom.development.js:6457:5)
      at dispatchDiscreteEvent 
(node_modules/react-dom/cjs/react-dom.development.js:6430:5)
      at HTMLDivElement.callTheUserObjectsOperation 
(node_modules/jsdom/lib/jsdom/living/generated/EventListener.js:26:30)
      at innerInvokeEventListeners 
(node_modules/jsdom/lib/jsdom/living/events/EventTarget-impl.js:350:25)
      at invokeEventListeners 
(node_modules/jsdom/lib/jsdom/living/events/EventTarget-impl.js:286:3)
      at HTMLInputElementImpl._dispatch 
(node_modules/jsdom/lib/jsdom/living/events/EventTarget-impl.js:233:9)
      at HTMLInputElementImpl.dispatchEvent 
(node_modules/jsdom/lib/jsdom/living/events/EventTarget-impl.js:104:17)
      at HTMLInputElement.dispatchEvent 
(node_modules/jsdom/lib/jsdom/living/generated/EventTarget.js:241:34)
      at 
node_modules/@testing-library/user-event/dist/cjs/event/dispatchEvent.js:45:43
      at Object.eventWrapper 
(node_modules/@testing-library/dom/dist/config.js:25:23)
      at Object.wrapEvent 
(node_modules/@testing-library/user-event/dist/cjs/event/wrapEvent.js:6:28)
      at Object.dispatchEvent (node_modules/@testing-library/user-event/dist/cj
s/event/dispatchEvent.js:45:22)
      at Object.dispatchUIEvent (node_modules/@testing-library/user-event/dist/
cjs/event/dispatchEvent.js:22:26)
      at commitInput 
(node_modules/@testing-library/user-event/dist/cjs/event/input.js:145:14)
      at editInputElement 
(node_modules/@testing-library/user-event/dist/cjs/event/input.js:115:9)
      at Object.input 
(node_modules/@testing-library/user-event/dist/cjs/event/input.js:37:9)
      at node_modules/@testing-library/user-event/dist/cjs/event/behavior/keypr
ess.js:31:26
      at Object.dispatchEvent (node_modules/@testing-library/user-event/dist/cj
s/event/dispatchEvent.js:41:13)
      at Object.dispatchUIEvent (node_modules/@testing-library/user-event/dist/
cjs/event/dispatchEvent.js:22:26)
      at KeyboardHost.keydown 
(node_modules/@testing-library/user-event/dist/cjs/system/keyboard.js:76:22)
      at keyboardAction 
(node_modules/@testing-library/user-event/dist/cjs/keyboard/index.js:22:35)
      at Object.keyboard 
(node_modules/@testing-library/user-event/dist/cjs/keyboard/index.js:11:15)
      at Object.type 
(node_modules/@testing-library/user-event/dist/cjs/utility/type.js:17:5)
      at Object.<anonymous> (src/auth/auth.test.tsx:250:9)

    console.error
      Warning: An update to LoginForm inside a test was not wrapped in 
act(...).
      
      When testing, code that causes React state updates should be wrapped 
into act(...):
      
      act(() => {
        /* fire events that update state */
      });
      /* assert on the output */
      
      This ensures that you're testing the behavior the user would see in the 
browser. Learn more at https://reactjs.org/link/wrap-tests-with-act
          at LoginForm (C:\Users\samhe\OneDrive\Desktop\Cleaned\frontend\src\au
th\LoginForm\LoginForm.tsx:41:33)
          at div
          at div
          at LoginPage
          at routeContext (C:\Users\samhe\OneDrive\Desktop\Cleaned\frontend\nod
e_modules\react-router\lib\hooks.tsx:658:26)
          at children (C:\Users\samhe\OneDrive\Desktop\Cleaned\frontend\node_mo
dules\react-router\lib\components.tsx:512:3)
          at basenameProp (C:\Users\samhe\OneDrive\Desktop\Cleaned\frontend\nod
e_modules\react-router\lib\components.tsx:421:13)
          at basename (C:\Users\samhe\OneDrive\Desktop\Cleaned\frontend\node_mo
dules\react-router\lib\components.tsx:225:3)

      123 |                     placeholder="email@company.com"
      124 |                     value={email}
    > 125 |                     onChange={(e) => setEmail(e.target.value)}
          |                                      ^
      126 |                     className="w-full rounded-md border 
border-gray-300 px-3 py-2 text-sm focus:outline-none focus:ring-2 
focus:ring-gray-900 disabled:opacity-50"
      127 |                 />
      128 |             </div>

      at printWarning 
(node_modules/react-dom/cjs/react-dom.development.js:86:30)
      at error (node_modules/react-dom/cjs/react-dom.development.js:60:7)
      at warnIfUpdatesNotWrappedWithActDEV 
(node_modules/react-dom/cjs/react-dom.development.js:27628:9)
      at scheduleUpdateOnFiber 
(node_modules/react-dom/cjs/react-dom.development.js:25547:5)
      at dispatchSetState 
(node_modules/react-dom/cjs/react-dom.development.js:16708:7)
      at onChange (src/auth/LoginForm/LoginForm.tsx:125:38)
      at HTMLUnknownElement.callCallback 
(node_modules/react-dom/cjs/react-dom.development.js:4164:14)
      at HTMLUnknownElement.callTheUserObjectsOperation 
(node_modules/jsdom/lib/jsdom/living/generated/EventListener.js:26:30)
      at innerInvokeEventListeners 
(node_modules/jsdom/lib/jsdom/living/events/EventTarget-impl.js:350:25)
      at invokeEventListeners 
(node_modules/jsdom/lib/jsdom/living/events/EventTarget-impl.js:286:3)
      at HTMLUnknownElementImpl._dispatch 
(node_modules/jsdom/lib/jsdom/living/events/EventTarget-impl.js:233:9)
      at HTMLUnknownElementImpl.dispatchEvent 
(node_modules/jsdom/lib/jsdom/living/events/EventTarget-impl.js:104:17)
      at HTMLUnknownElement.dispatchEvent 
(node_modules/jsdom/lib/jsdom/living/generated/EventTarget.js:241:34)
      at Object.invokeGuardedCallbackDev 
(node_modules/react-dom/cjs/react-dom.development.js:4213:16)
      at invokeGuardedCallback 
(node_modules/react-dom/cjs/react-dom.development.js:4277:31)
      at invokeGuardedCallbackAndCatchFirstError 
(node_modules/react-dom/cjs/react-dom.development.js:4291:25)
      at executeDispatch 
(node_modules/react-dom/cjs/react-dom.development.js:9041:3)
      at processDispatchQueueItemsInOrder 
(node_modules/react-dom/cjs/react-dom.development.js:9073:7)
      at processDispatchQueue 
(node_modules/react-dom/cjs/react-dom.development.js:9086:5)
      at dispatchEventsForPlugins 
(node_modules/react-dom/cjs/react-dom.development.js:9097:3)
      at node_modules/react-dom/cjs/react-dom.development.js:9288:12
      at batchedUpdates$1 
(node_modules/react-dom/cjs/react-dom.development.js:26179:12)
      at batchedUpdates 
(node_modules/react-dom/cjs/react-dom.development.js:3991:12)
      at dispatchEventForPluginEventSystem 
(node_modules/react-dom/cjs/react-dom.development.js:9287:3)
      at dispatchEventWithEnableCapturePhaseSelectiveHydrationWithoutDiscreteEv
entReplay (node_modules/react-dom/cjs/react-dom.development.js:6465:5)
      at dispatchEvent 
(node_modules/react-dom/cjs/react-dom.development.js:6457:5)
      at dispatchDiscreteEvent 
(node_modules/react-dom/cjs/react-dom.development.js:6430:5)
      at HTMLDivElement.callTheUserObjectsOperation 
(node_modules/jsdom/lib/jsdom/living/generated/EventListener.js:26:30)
      at innerInvokeEventListeners 
(node_modules/jsdom/lib/jsdom/living/events/EventTarget-impl.js:350:25)
      at invokeEventListeners 
(node_modules/jsdom/lib/jsdom/living/events/EventTarget-impl.js:286:3)
      at HTMLInputElementImpl._dispatch 
(node_modules/jsdom/lib/jsdom/living/events/EventTarget-impl.js:233:9)
      at HTMLInputElementImpl.dispatchEvent 
(node_modules/jsdom/lib/jsdom/living/events/EventTarget-impl.js:104:17)
      at HTMLInputElement.dispatchEvent 
(node_modules/jsdom/lib/jsdom/living/generated/EventTarget.js:241:34)
      at 
node_modules/@testing-library/user-event/dist/cjs/event/dispatchEvent.js:45:43
      at Object.eventWrapper 
(node_modules/@testing-library/dom/dist/config.js:25:23)
      at Object.wrapEvent 
(node_modules/@testing-library/user-event/dist/cjs/event/wrapEvent.js:6:28)
      at Object.dispatchEvent (node_modules/@testing-library/user-event/dist/cj
s/event/dispatchEvent.js:45:22)
      at Object.dispatchUIEvent (node_modules/@testing-library/user-event/dist/
cjs/event/dispatchEvent.js:22:26)
      at commitInput 
(node_modules/@testing-library/user-event/dist/cjs/event/input.js:145:14)
      at editInputElement 
(node_modules/@testing-library/user-event/dist/cjs/event/input.js:115:9)
      at Object.input 
(node_modules/@testing-library/user-event/dist/cjs/event/input.js:37:9)
      at node_modules/@testing-library/user-event/dist/cjs/event/behavior/keypr
ess.js:31:26
      at Object.dispatchEvent (node_modules/@testing-library/user-event/dist/cj
s/event/dispatchEvent.js:41:13)
      at Object.dispatchUIEvent (node_modules/@testing-library/user-event/dist/
cjs/event/dispatchEvent.js:22:26)
      at KeyboardHost.keydown 
(node_modules/@testing-library/user-event/dist/cjs/system/keyboard.js:76:22)
      at keyboardAction 
(node_modules/@testing-library/user-event/dist/cjs/keyboard/index.js:22:35)
      at Object.keyboard 
(node_modules/@testing-library/user-event/dist/cjs/keyboard/index.js:11:15)
      at Object.type 
(node_modules/@testing-library/user-event/dist/cjs/utility/type.js:17:5)
      at Object.<anonymous> (src/auth/auth.test.tsx:250:9)

    console.error
      Warning: An update to LoginForm inside a test was not wrapped in 
act(...).
      
      When testing, code that causes React state updates should be wrapped 
into act(...):
      
      act(() => {
        /* fire events that update state */
      });
      /* assert on the output */
      
      This ensures that you're testing the behavior the user would see in the 
browser. Learn more at https://reactjs.org/link/wrap-tests-with-act
          at LoginForm (C:\Users\samhe\OneDrive\Desktop\Cleaned\frontend\src\au
th\LoginForm\LoginForm.tsx:41:33)
          at div
          at div
          at LoginPage
          at routeContext (C:\Users\samhe\OneDrive\Desktop\Cleaned\frontend\nod
e_modules\react-router\lib\hooks.tsx:658:26)
          at children (C:\Users\samhe\OneDrive\Desktop\Cleaned\frontend\node_mo
dules\react-router\lib\components.tsx:512:3)
          at basenameProp (C:\Users\samhe\OneDrive\Desktop\Cleaned\frontend\nod
e_modules\react-router\lib\components.tsx:421:13)
          at basename (C:\Users\samhe\OneDrive\Desktop\Cleaned\frontend\node_mo
dules\react-router\lib\components.tsx:225:3)

      123 |                     placeholder="email@company.com"
      124 |                     value={email}
    > 125 |                     onChange={(e) => setEmail(e.target.value)}
          |                                      ^
      126 |                     className="w-full rounded-md border 
border-gray-300 px-3 py-2 text-sm focus:outline-none focus:ring-2 
focus:ring-gray-900 disabled:opacity-50"
      127 |                 />
      128 |             </div>

      at printWarning 
(node_modules/react-dom/cjs/react-dom.development.js:86:30)
      at error (node_modules/react-dom/cjs/react-dom.development.js:60:7)
      at warnIfUpdatesNotWrappedWithActDEV 
(node_modules/react-dom/cjs/react-dom.development.js:27628:9)
      at scheduleUpdateOnFiber 
(node_modules/react-dom/cjs/react-dom.development.js:25547:5)
      at dispatchSetState 
(node_modules/react-dom/cjs/react-dom.development.js:16708:7)
      at onChange (src/auth/LoginForm/LoginForm.tsx:125:38)
      at HTMLUnknownElement.callCallback 
(node_modules/react-dom/cjs/react-dom.development.js:4164:14)
      at HTMLUnknownElement.callTheUserObjectsOperation 
(node_modules/jsdom/lib/jsdom/living/generated/EventListener.js:26:30)
      at innerInvokeEventListeners 
(node_modules/jsdom/lib/jsdom/living/events/EventTarget-impl.js:350:25)
      at invokeEventListeners 
(node_modules/jsdom/lib/jsdom/living/events/EventTarget-impl.js:286:3)
      at HTMLUnknownElementImpl._dispatch 
(node_modules/jsdom/lib/jsdom/living/events/EventTarget-impl.js:233:9)
      at HTMLUnknownElementImpl.dispatchEvent 
(node_modules/jsdom/lib/jsdom/living/events/EventTarget-impl.js:104:17)
      at HTMLUnknownElement.dispatchEvent 
(node_modules/jsdom/lib/jsdom/living/generated/EventTarget.js:241:34)
      at Object.invokeGuardedCallbackDev 
(node_modules/react-dom/cjs/react-dom.development.js:4213:16)
      at invokeGuardedCallback 
(node_modules/react-dom/cjs/react-dom.development.js:4277:31)
      at invokeGuardedCallbackAndCatchFirstError 
(node_modules/react-dom/cjs/react-dom.development.js:4291:25)
      at executeDispatch 
(node_modules/react-dom/cjs/react-dom.development.js:9041:3)
      at processDispatchQueueItemsInOrder 
(node_modules/react-dom/cjs/react-dom.development.js:9073:7)
      at processDispatchQueue 
(node_modules/react-dom/cjs/react-dom.development.js:9086:5)
      at dispatchEventsForPlugins 
(node_modules/react-dom/cjs/react-dom.development.js:9097:3)
      at node_modules/react-dom/cjs/react-dom.development.js:9288:12
      at batchedUpdates$1 
(node_modules/react-dom/cjs/react-dom.development.js:26179:12)
      at batchedUpdates 
(node_modules/react-dom/cjs/react-dom.development.js:3991:12)
      at dispatchEventForPluginEventSystem 
(node_modules/react-dom/cjs/react-dom.development.js:9287:3)
      at dispatchEventWithEnableCapturePhaseSelectiveHydrationWithoutDiscreteEv
entReplay (node_modules/react-dom/cjs/react-dom.development.js:6465:5)
      at dispatchEvent 
(node_modules/react-dom/cjs/react-dom.development.js:6457:5)
      at dispatchDiscreteEvent 
(node_modules/react-dom/cjs/react-dom.development.js:6430:5)
      at HTMLDivElement.callTheUserObjectsOperation 
(node_modules/jsdom/lib/jsdom/living/generated/EventListener.js:26:30)
      at innerInvokeEventListeners 
(node_modules/jsdom/lib/jsdom/living/events/EventTarget-impl.js:350:25)
      at invokeEventListeners 
(node_modules/jsdom/lib/jsdom/living/events/EventTarget-impl.js:286:3)
      at HTMLInputElementImpl._dispatch 
(node_modules/jsdom/lib/jsdom/living/events/EventTarget-impl.js:233:9)
      at HTMLInputElementImpl.dispatchEvent 
(node_modules/jsdom/lib/jsdom/living/events/EventTarget-impl.js:104:17)
      at HTMLInputElement.dispatchEvent 
(node_modules/jsdom/lib/jsdom/living/generated/EventTarget.js:241:34)
      at 
node_modules/@testing-library/user-event/dist/cjs/event/dispatchEvent.js:45:43
      at Object.eventWrapper 
(node_modules/@testing-library/dom/dist/config.js:25:23)
      at Object.wrapEvent 
(node_modules/@testing-library/user-event/dist/cjs/event/wrapEvent.js:6:28)
      at Object.dispatchEvent (node_modules/@testing-library/user-event/dist/cj
s/event/dispatchEvent.js:45:22)
      at Object.dispatchUIEvent (node_modules/@testing-library/user-event/dist/
cjs/event/dispatchEvent.js:22:26)
      at commitInput 
(node_modules/@testing-library/user-event/dist/cjs/event/input.js:145:14)
      at editInputElement 
(node_modules/@testing-library/user-event/dist/cjs/event/input.js:115:9)
      at Object.input 
(node_modules/@testing-library/user-event/dist/cjs/event/input.js:37:9)
      at node_modules/@testing-library/user-event/dist/cjs/event/behavior/keypr
ess.js:31:26
      at Object.dispatchEvent (node_modules/@testing-library/user-event/dist/cj
s/event/dispatchEvent.js:41:13)
      at Object.dispatchUIEvent (node_modules/@testing-library/user-event/dist/
cjs/event/dispatchEvent.js:22:26)
      at KeyboardHost.keydown 
(node_modules/@testing-library/user-event/dist/cjs/system/keyboard.js:76:22)
      at keyboardAction 
(node_modules/@testing-library/user-event/dist/cjs/keyboard/index.js:22:35)
      at Object.keyboard 
(node_modules/@testing-library/user-event/dist/cjs/keyboard/index.js:11:15)
      at Object.type 
(node_modules/@testing-library/user-event/dist/cjs/utility/type.js:17:5)
      at Object.<anonymous> (src/auth/auth.test.tsx:250:9)

    console.error
      Warning: An update to LoginForm inside a test was not wrapped in 
act(...).
      
      When testing, code that causes React state updates should be wrapped 
into act(...):
      
      act(() => {
        /* fire events that update state */
      });
      /* assert on the output */
      
      This ensures that you're testing the behavior the user would see in the 
browser. Learn more at https://reactjs.org/link/wrap-tests-with-act
          at LoginForm (C:\Users\samhe\OneDrive\Desktop\Cleaned\frontend\src\au
th\LoginForm\LoginForm.tsx:41:33)
          at div
          at div
          at LoginPage
          at routeContext (C:\Users\samhe\OneDrive\Desktop\Cleaned\frontend\nod
e_modules\react-router\lib\hooks.tsx:658:26)
          at children (C:\Users\samhe\OneDrive\Desktop\Cleaned\frontend\node_mo
dules\react-router\lib\components.tsx:512:3)
          at basenameProp (C:\Users\samhe\OneDrive\Desktop\Cleaned\frontend\nod
e_modules\react-router\lib\components.tsx:421:13)
          at basename (C:\Users\samhe\OneDrive\Desktop\Cleaned\frontend\node_mo
dules\react-router\lib\components.tsx:225:3)

      123 |                     placeholder="email@company.com"
      124 |                     value={email}
    > 125 |                     onChange={(e) => setEmail(e.target.value)}
          |                                      ^
      126 |                     className="w-full rounded-md border 
border-gray-300 px-3 py-2 text-sm focus:outline-none focus:ring-2 
focus:ring-gray-900 disabled:opacity-50"
      127 |                 />
      128 |             </div>

      at printWarning 
(node_modules/react-dom/cjs/react-dom.development.js:86:30)
      at error (node_modules/react-dom/cjs/react-dom.development.js:60:7)
      at warnIfUpdatesNotWrappedWithActDEV 
(node_modules/react-dom/cjs/react-dom.development.js:27628:9)
      at scheduleUpdateOnFiber 
(node_modules/react-dom/cjs/react-dom.development.js:25547:5)
      at dispatchSetState 
(node_modules/react-dom/cjs/react-dom.development.js:16708:7)
      at onChange (src/auth/LoginForm/LoginForm.tsx:125:38)
      at HTMLUnknownElement.callCallback 
(node_modules/react-dom/cjs/react-dom.development.js:4164:14)
      at HTMLUnknownElement.callTheUserObjectsOperation 
(node_modules/jsdom/lib/jsdom/living/generated/EventListener.js:26:30)
      at innerInvokeEventListeners 
(node_modules/jsdom/lib/jsdom/living/events/EventTarget-impl.js:350:25)
      at invokeEventListeners 
(node_modules/jsdom/lib/jsdom/living/events/EventTarget-impl.js:286:3)
      at HTMLUnknownElementImpl._dispatch 
(node_modules/jsdom/lib/jsdom/living/events/EventTarget-impl.js:233:9)
      at HTMLUnknownElementImpl.dispatchEvent 
(node_modules/jsdom/lib/jsdom/living/events/EventTarget-impl.js:104:17)
      at HTMLUnknownElement.dispatchEvent 
(node_modules/jsdom/lib/jsdom/living/generated/EventTarget.js:241:34)
      at Object.invokeGuardedCallbackDev 
(node_modules/react-dom/cjs/react-dom.development.js:4213:16)
      at invokeGuardedCallback 
(node_modules/react-dom/cjs/react-dom.development.js:4277:31)
      at invokeGuardedCallbackAndCatchFirstError 
(node_modules/react-dom/cjs/react-dom.development.js:4291:25)
      at executeDispatch 
(node_modules/react-dom/cjs/react-dom.development.js:9041:3)
      at processDispatchQueueItemsInOrder 
(node_modules/react-dom/cjs/react-dom.development.js:9073:7)
      at processDispatchQueue 
(node_modules/react-dom/cjs/react-dom.development.js:9086:5)
      at dispatchEventsForPlugins 
(node_modules/react-dom/cjs/react-dom.development.js:9097:3)
      at node_modules/react-dom/cjs/react-dom.development.js:9288:12
      at batchedUpdates$1 
(node_modules/react-dom/cjs/react-dom.development.js:26179:12)
      at batchedUpdates 
(node_modules/react-dom/cjs/react-dom.development.js:3991:12)
      at dispatchEventForPluginEventSystem 
(node_modules/react-dom/cjs/react-dom.development.js:9287:3)
      at dispatchEventWithEnableCapturePhaseSelectiveHydrationWithoutDiscreteEv
entReplay (node_modules/react-dom/cjs/react-dom.development.js:6465:5)
      at dispatchEvent 
(node_modules/react-dom/cjs/react-dom.development.js:6457:5)
      at dispatchDiscreteEvent 
(node_modules/react-dom/cjs/react-dom.development.js:6430:5)
      at HTMLDivElement.callTheUserObjectsOperation 
(node_modules/jsdom/lib/jsdom/living/generated/EventListener.js:26:30)
      at innerInvokeEventListeners 
(node_modules/jsdom/lib/jsdom/living/events/EventTarget-impl.js:350:25)
      at invokeEventListeners 
(node_modules/jsdom/lib/jsdom/living/events/EventTarget-impl.js:286:3)
      at HTMLInputElementImpl._dispatch 
(node_modules/jsdom/lib/jsdom/living/events/EventTarget-impl.js:233:9)
      at HTMLInputElementImpl.dispatchEvent 
(node_modules/jsdom/lib/jsdom/living/events/EventTarget-impl.js:104:17)
      at HTMLInputElement.dispatchEvent 
(node_modules/jsdom/lib/jsdom/living/generated/EventTarget.js:241:34)
      at 
node_modules/@testing-library/user-event/dist/cjs/event/dispatchEvent.js:45:43
      at Object.eventWrapper 
(node_modules/@testing-library/dom/dist/config.js:25:23)
      at Object.wrapEvent 
(node_modules/@testing-library/user-event/dist/cjs/event/wrapEvent.js:6:28)
      at Object.dispatchEvent (node_modules/@testing-library/user-event/dist/cj
s/event/dispatchEvent.js:45:22)
      at Object.dispatchUIEvent (node_modules/@testing-library/user-event/dist/
cjs/event/dispatchEvent.js:22:26)
      at commitInput 
(node_modules/@testing-library/user-event/dist/cjs/event/input.js:145:14)
      at editInputElement 
(node_modules/@testing-library/user-event/dist/cjs/event/input.js:115:9)
      at Object.input 
(node_modules/@testing-library/user-event/dist/cjs/event/input.js:37:9)
      at node_modules/@testing-library/user-event/dist/cjs/event/behavior/keypr
ess.js:31:26
      at Object.dispatchEvent (node_modules/@testing-library/user-event/dist/cj
s/event/dispatchEvent.js:41:13)
      at Object.dispatchUIEvent (node_modules/@testing-library/user-event/dist/
cjs/event/dispatchEvent.js:22:26)
      at KeyboardHost.keydown 
(node_modules/@testing-library/user-event/dist/cjs/system/keyboard.js:76:22)
      at keyboardAction 
(node_modules/@testing-library/user-event/dist/cjs/keyboard/index.js:22:35)
      at Object.keyboard 
(node_modules/@testing-library/user-event/dist/cjs/keyboard/index.js:11:15)
      at Object.type 
(node_modules/@testing-library/user-event/dist/cjs/utility/type.js:17:5)
      at Object.<anonymous> (src/auth/auth.test.tsx:250:9)

    console.error
      Warning: An update to LoginForm inside a test was not wrapped in 
act(...).
      
      When testing, code that causes React state updates should be wrapped 
into act(...):
      
      act(() => {
        /* fire events that update state */
      });
      /* assert on the output */
      
      This ensures that you're testing the behavior the user would see in the 
browser. Learn more at https://reactjs.org/link/wrap-tests-with-act
          at LoginForm (C:\Users\samhe\OneDrive\Desktop\Cleaned\frontend\src\au
th\LoginForm\LoginForm.tsx:41:33)
          at div
          at div
          at LoginPage
          at routeContext (C:\Users\samhe\OneDrive\Desktop\Cleaned\frontend\nod
e_modules\react-router\lib\hooks.tsx:658:26)
          at children (C:\Users\samhe\OneDrive\Desktop\Cleaned\frontend\node_mo
dules\react-router\lib\components.tsx:512:3)
          at basenameProp (C:\Users\samhe\OneDrive\Desktop\Cleaned\frontend\nod
e_modules\react-router\lib\components.tsx:421:13)
          at basename (C:\Users\samhe\OneDrive\Desktop\Cleaned\frontend\node_mo
dules\react-router\lib\components.tsx:225:3)

      123 |                     placeholder="email@company.com"
      124 |                     value={email}
    > 125 |                     onChange={(e) => setEmail(e.target.value)}
          |                                      ^
      126 |                     className="w-full rounded-md border 
border-gray-300 px-3 py-2 text-sm focus:outline-none focus:ring-2 
focus:ring-gray-900 disabled:opacity-50"
      127 |                 />
      128 |             </div>

      at printWarning 
(node_modules/react-dom/cjs/react-dom.development.js:86:30)
      at error (node_modules/react-dom/cjs/react-dom.development.js:60:7)
      at warnIfUpdatesNotWrappedWithActDEV 
(node_modules/react-dom/cjs/react-dom.development.js:27628:9)
      at scheduleUpdateOnFiber 
(node_modules/react-dom/cjs/react-dom.development.js:25547:5)
      at dispatchSetState 
(node_modules/react-dom/cjs/react-dom.development.js:16708:7)
      at onChange (src/auth/LoginForm/LoginForm.tsx:125:38)
      at HTMLUnknownElement.callCallback 
(node_modules/react-dom/cjs/react-dom.development.js:4164:14)
      at HTMLUnknownElement.callTheUserObjectsOperation 
(node_modules/jsdom/lib/jsdom/living/generated/EventListener.js:26:30)
      at innerInvokeEventListeners 
(node_modules/jsdom/lib/jsdom/living/events/EventTarget-impl.js:350:25)
      at invokeEventListeners 
(node_modules/jsdom/lib/jsdom/living/events/EventTarget-impl.js:286:3)
      at HTMLUnknownElementImpl._dispatch 
(node_modules/jsdom/lib/jsdom/living/events/EventTarget-impl.js:233:9)
      at HTMLUnknownElementImpl.dispatchEvent 
(node_modules/jsdom/lib/jsdom/living/events/EventTarget-impl.js:104:17)
      at HTMLUnknownElement.dispatchEvent 
(node_modules/jsdom/lib/jsdom/living/generated/EventTarget.js:241:34)
      at Object.invokeGuardedCallbackDev 
(node_modules/react-dom/cjs/react-dom.development.js:4213:16)
      at invokeGuardedCallback 
(node_modules/react-dom/cjs/react-dom.development.js:4277:31)
      at invokeGuardedCallbackAndCatchFirstError 
(node_modules/react-dom/cjs/react-dom.development.js:4291:25)
      at executeDispatch 
(node_modules/react-dom/cjs/react-dom.development.js:9041:3)
      at processDispatchQueueItemsInOrder 
(node_modules/react-dom/cjs/react-dom.development.js:9073:7)
      at processDispatchQueue 
(node_modules/react-dom/cjs/react-dom.development.js:9086:5)
      at dispatchEventsForPlugins 
(node_modules/react-dom/cjs/react-dom.development.js:9097:3)
      at node_modules/react-dom/cjs/react-dom.development.js:9288:12
      at batchedUpdates$1 
(node_modules/react-dom/cjs/react-dom.development.js:26179:12)
      at batchedUpdates 
(node_modules/react-dom/cjs/react-dom.development.js:3991:12)
      at dispatchEventForPluginEventSystem 
(node_modules/react-dom/cjs/react-dom.development.js:9287:3)
      at dispatchEventWithEnableCapturePhaseSelectiveHydrationWithoutDiscreteEv
entReplay (node_modules/react-dom/cjs/react-dom.development.js:6465:5)
      at dispatchEvent 
(node_modules/react-dom/cjs/react-dom.development.js:6457:5)
      at dispatchDiscreteEvent 
(node_modules/react-dom/cjs/react-dom.development.js:6430:5)
      at HTMLDivElement.callTheUserObjectsOperation 
(node_modules/jsdom/lib/jsdom/living/generated/EventListener.js:26:30)
      at innerInvokeEventListeners 
(node_modules/jsdom/lib/jsdom/living/events/EventTarget-impl.js:350:25)
      at invokeEventListeners 
(node_modules/jsdom/lib/jsdom/living/events/EventTarget-impl.js:286:3)
      at HTMLInputElementImpl._dispatch 
(node_modules/jsdom/lib/jsdom/living/events/EventTarget-impl.js:233:9)
      at HTMLInputElementImpl.dispatchEvent 
(node_modules/jsdom/lib/jsdom/living/events/EventTarget-impl.js:104:17)
      at HTMLInputElement.dispatchEvent 
(node_modules/jsdom/lib/jsdom/living/generated/EventTarget.js:241:34)
      at 
node_modules/@testing-library/user-event/dist/cjs/event/dispatchEvent.js:45:43
      at Object.eventWrapper 
(node_modules/@testing-library/dom/dist/config.js:25:23)
      at Object.wrapEvent 
(node_modules/@testing-library/user-event/dist/cjs/event/wrapEvent.js:6:28)
      at Object.dispatchEvent (node_modules/@testing-library/user-event/dist/cj
s/event/dispatchEvent.js:45:22)
      at Object.dispatchUIEvent (node_modules/@testing-library/user-event/dist/
cjs/event/dispatchEvent.js:22:26)
      at commitInput 
(node_modules/@testing-library/user-event/dist/cjs/event/input.js:145:14)
      at editInputElement 
(node_modules/@testing-library/user-event/dist/cjs/event/input.js:115:9)
      at Object.input 
(node_modules/@testing-library/user-event/dist/cjs/event/input.js:37:9)
      at node_modules/@testing-library/user-event/dist/cjs/event/behavior/keypr
ess.js:31:26
      at Object.dispatchEvent (node_modules/@testing-library/user-event/dist/cj
s/event/dispatchEvent.js:41:13)
      at Object.dispatchUIEvent (node_modules/@testing-library/user-event/dist/
cjs/event/dispatchEvent.js:22:26)
      at KeyboardHost.keydown 
(node_modules/@testing-library/user-event/dist/cjs/system/keyboard.js:76:22)
      at keyboardAction 
(node_modules/@testing-library/user-event/dist/cjs/keyboard/index.js:22:35)
      at Object.keyboard 
(node_modules/@testing-library/user-event/dist/cjs/keyboard/index.js:11:15)
      at Object.type 
(node_modules/@testing-library/user-event/dist/cjs/utility/type.js:17:5)
      at Object.<anonymous> (src/auth/auth.test.tsx:250:9)

    console.error
      Warning: An update to LoginForm inside a test was not wrapped in 
act(...).
      
      When testing, code that causes React state updates should be wrapped 
into act(...):
      
      act(() => {
        /* fire events that update state */
      });
      /* assert on the output */
      
      This ensures that you're testing the behavior the user would see in the 
browser. Learn more at https://reactjs.org/link/wrap-tests-with-act
          at LoginForm (C:\Users\samhe\OneDrive\Desktop\Cleaned\frontend\src\au
th\LoginForm\LoginForm.tsx:41:33)
          at div
          at div
          at LoginPage
          at routeContext (C:\Users\samhe\OneDrive\Desktop\Cleaned\frontend\nod
e_modules\react-router\lib\hooks.tsx:658:26)
          at children (C:\Users\samhe\OneDrive\Desktop\Cleaned\frontend\node_mo
dules\react-router\lib\components.tsx:512:3)
          at basenameProp (C:\Users\samhe\OneDrive\Desktop\Cleaned\frontend\nod
e_modules\react-router\lib\components.tsx:421:13)
          at basename (C:\Users\samhe\OneDrive\Desktop\Cleaned\frontend\node_mo
dules\react-router\lib\components.tsx:225:3)

      123 |                     placeholder="email@company.com"
      124 |                     value={email}
    > 125 |                     onChange={(e) => setEmail(e.target.value)}
          |                                      ^
      126 |                     className="w-full rounded-md border 
border-gray-300 px-3 py-2 text-sm focus:outline-none focus:ring-2 
focus:ring-gray-900 disabled:opacity-50"
      127 |                 />
      128 |             </div>

      at printWarning 
(node_modules/react-dom/cjs/react-dom.development.js:86:30)
      at error (node_modules/react-dom/cjs/react-dom.development.js:60:7)
      at warnIfUpdatesNotWrappedWithActDEV 
(node_modules/react-dom/cjs/react-dom.development.js:27628:9)
      at scheduleUpdateOnFiber 
(node_modules/react-dom/cjs/react-dom.development.js:25547:5)
      at dispatchSetState 
(node_modules/react-dom/cjs/react-dom.development.js:16708:7)
      at onChange (src/auth/LoginForm/LoginForm.tsx:125:38)
      at HTMLUnknownElement.callCallback 
(node_modules/react-dom/cjs/react-dom.development.js:4164:14)
      at HTMLUnknownElement.callTheUserObjectsOperation 
(node_modules/jsdom/lib/jsdom/living/generated/EventListener.js:26:30)
      at innerInvokeEventListeners 
(node_modules/jsdom/lib/jsdom/living/events/EventTarget-impl.js:350:25)
      at invokeEventListeners 
(node_modules/jsdom/lib/jsdom/living/events/EventTarget-impl.js:286:3)
      at HTMLUnknownElementImpl._dispatch 
(node_modules/jsdom/lib/jsdom/living/events/EventTarget-impl.js:233:9)
      at HTMLUnknownElementImpl.dispatchEvent 
(node_modules/jsdom/lib/jsdom/living/events/EventTarget-impl.js:104:17)
      at HTMLUnknownElement.dispatchEvent 
(node_modules/jsdom/lib/jsdom/living/generated/EventTarget.js:241:34)
      at Object.invokeGuardedCallbackDev 
(node_modules/react-dom/cjs/react-dom.development.js:4213:16)
      at invokeGuardedCallback 
(node_modules/react-dom/cjs/react-dom.development.js:4277:31)
      at invokeGuardedCallbackAndCatchFirstError 
(node_modules/react-dom/cjs/react-dom.development.js:4291:25)
      at executeDispatch 
(node_modules/react-dom/cjs/react-dom.development.js:9041:3)
      at processDispatchQueueItemsInOrder 
(node_modules/react-dom/cjs/react-dom.development.js:9073:7)
      at processDispatchQueue 
(node_modules/react-dom/cjs/react-dom.development.js:9086:5)
      at dispatchEventsForPlugins 
(node_modules/react-dom/cjs/react-dom.development.js:9097:3)
      at node_modules/react-dom/cjs/react-dom.development.js:9288:12
      at batchedUpdates$1 
(node_modules/react-dom/cjs/react-dom.development.js:26179:12)
      at batchedUpdates 
(node_modules/react-dom/cjs/react-dom.development.js:3991:12)
      at dispatchEventForPluginEventSystem 
(node_modules/react-dom/cjs/react-dom.development.js:9287:3)
      at dispatchEventWithEnableCapturePhaseSelectiveHydrationWithoutDiscreteEv
entReplay (node_modules/react-dom/cjs/react-dom.development.js:6465:5)
      at dispatchEvent 
(node_modules/react-dom/cjs/react-dom.development.js:6457:5)
      at dispatchDiscreteEvent 
(node_modules/react-dom/cjs/react-dom.development.js:6430:5)
      at HTMLDivElement.callTheUserObjectsOperation 
(node_modules/jsdom/lib/jsdom/living/generated/EventListener.js:26:30)
      at innerInvokeEventListeners 
(node_modules/jsdom/lib/jsdom/living/events/EventTarget-impl.js:350:25)
      at invokeEventListeners 
(node_modules/jsdom/lib/jsdom/living/events/EventTarget-impl.js:286:3)
      at HTMLInputElementImpl._dispatch 
(node_modules/jsdom/lib/jsdom/living/events/EventTarget-impl.js:233:9)
      at HTMLInputElementImpl.dispatchEvent 
(node_modules/jsdom/lib/jsdom/living/events/EventTarget-impl.js:104:17)
      at HTMLInputElement.dispatchEvent 
(node_modules/jsdom/lib/jsdom/living/generated/EventTarget.js:241:34)
      at 
node_modules/@testing-library/user-event/dist/cjs/event/dispatchEvent.js:45:43
      at Object.eventWrapper 
(node_modules/@testing-library/dom/dist/config.js:25:23)
      at Object.wrapEvent 
(node_modules/@testing-library/user-event/dist/cjs/event/wrapEvent.js:6:28)
      at Object.dispatchEvent (node_modules/@testing-library/user-event/dist/cj
s/event/dispatchEvent.js:45:22)
      at Object.dispatchUIEvent (node_modules/@testing-library/user-event/dist/
cjs/event/dispatchEvent.js:22:26)
      at commitInput 
(node_modules/@testing-library/user-event/dist/cjs/event/input.js:145:14)
      at editInputElement 
(node_modules/@testing-library/user-event/dist/cjs/event/input.js:115:9)
      at Object.input 
(node_modules/@testing-library/user-event/dist/cjs/event/input.js:37:9)
      at node_modules/@testing-library/user-event/dist/cjs/event/behavior/keypr
ess.js:31:26
      at Object.dispatchEvent (node_modules/@testing-library/user-event/dist/cj
s/event/dispatchEvent.js:41:13)
      at Object.dispatchUIEvent (node_modules/@testing-library/user-event/dist/
cjs/event/dispatchEvent.js:22:26)
      at KeyboardHost.keydown 
(node_modules/@testing-library/user-event/dist/cjs/system/keyboard.js:76:22)
      at keyboardAction 
(node_modules/@testing-library/user-event/dist/cjs/keyboard/index.js:22:35)
      at Object.keyboard 
(node_modules/@testing-library/user-event/dist/cjs/keyboard/index.js:11:15)
      at Object.type 
(node_modules/@testing-library/user-event/dist/cjs/utility/type.js:17:5)
      at Object.<anonymous> (src/auth/auth.test.tsx:250:9)

    console.error
      Warning: An update to LoginForm inside a test was not wrapped in 
act(...).
      
      When testing, code that causes React state updates should be wrapped 
into act(...):
      
      act(() => {
        /* fire events that update state */
      });
      /* assert on the output */
      
      This ensures that you're testing the behavior the user would see in the 
browser. Learn more at https://reactjs.org/link/wrap-tests-with-act
          at LoginForm (C:\Users\samhe\OneDrive\Desktop\Cleaned\frontend\src\au
th\LoginForm\LoginForm.tsx:41:33)
          at div
          at div
          at LoginPage
          at routeContext (C:\Users\samhe\OneDrive\Desktop\Cleaned\frontend\nod
e_modules\react-router\lib\hooks.tsx:658:26)
          at children (C:\Users\samhe\OneDrive\Desktop\Cleaned\frontend\node_mo
dules\react-router\lib\components.tsx:512:3)
          at basenameProp (C:\Users\samhe\OneDrive\Desktop\Cleaned\frontend\nod
e_modules\react-router\lib\components.tsx:421:13)
          at basename (C:\Users\samhe\OneDrive\Desktop\Cleaned\frontend\node_mo
dules\react-router\lib\components.tsx:225:3)

      123 |                     placeholder="email@company.com"
      124 |                     value={email}
    > 125 |                     onChange={(e) => setEmail(e.target.value)}
          |                                      ^
      126 |                     className="w-full rounded-md border 
border-gray-300 px-3 py-2 text-sm focus:outline-none focus:ring-2 
focus:ring-gray-900 disabled:opacity-50"
      127 |                 />
      128 |             </div>

      at printWarning 
(node_modules/react-dom/cjs/react-dom.development.js:86:30)
      at error (node_modules/react-dom/cjs/react-dom.development.js:60:7)
      at warnIfUpdatesNotWrappedWithActDEV 
(node_modules/react-dom/cjs/react-dom.development.js:27628:9)
      at scheduleUpdateOnFiber 
(node_modules/react-dom/cjs/react-dom.development.js:25547:5)
      at dispatchSetState 
(node_modules/react-dom/cjs/react-dom.development.js:16708:7)
      at onChange (src/auth/LoginForm/LoginForm.tsx:125:38)
      at HTMLUnknownElement.callCallback 
(node_modules/react-dom/cjs/react-dom.development.js:4164:14)
      at HTMLUnknownElement.callTheUserObjectsOperation 
(node_modules/jsdom/lib/jsdom/living/generated/EventListener.js:26:30)
      at innerInvokeEventListeners 
(node_modules/jsdom/lib/jsdom/living/events/EventTarget-impl.js:350:25)
      at invokeEventListeners 
(node_modules/jsdom/lib/jsdom/living/events/EventTarget-impl.js:286:3)
      at HTMLUnknownElementImpl._dispatch 
(node_modules/jsdom/lib/jsdom/living/events/EventTarget-impl.js:233:9)
      at HTMLUnknownElementImpl.dispatchEvent 
(node_modules/jsdom/lib/jsdom/living/events/EventTarget-impl.js:104:17)
      at HTMLUnknownElement.dispatchEvent 
(node_modules/jsdom/lib/jsdom/living/generated/EventTarget.js:241:34)
      at Object.invokeGuardedCallbackDev 
(node_modules/react-dom/cjs/react-dom.development.js:4213:16)
      at invokeGuardedCallback 
(node_modules/react-dom/cjs/react-dom.development.js:4277:31)
      at invokeGuardedCallbackAndCatchFirstError 
(node_modules/react-dom/cjs/react-dom.development.js:4291:25)
      at executeDispatch 
(node_modules/react-dom/cjs/react-dom.development.js:9041:3)
      at processDispatchQueueItemsInOrder 
(node_modules/react-dom/cjs/react-dom.development.js:9073:7)
      at processDispatchQueue 
(node_modules/react-dom/cjs/react-dom.development.js:9086:5)
      at dispatchEventsForPlugins 
(node_modules/react-dom/cjs/react-dom.development.js:9097:3)
      at node_modules/react-dom/cjs/react-dom.development.js:9288:12
      at batchedUpdates$1 
(node_modules/react-dom/cjs/react-dom.development.js:26179:12)
      at batchedUpdates 
(node_modules/react-dom/cjs/react-dom.development.js:3991:12)
      at dispatchEventForPluginEventSystem 
(node_modules/react-dom/cjs/react-dom.development.js:9287:3)
      at dispatchEventWithEnableCapturePhaseSelectiveHydrationWithoutDiscreteEv
entReplay (node_modules/react-dom/cjs/react-dom.development.js:6465:5)
      at dispatchEvent 
(node_modules/react-dom/cjs/react-dom.development.js:6457:5)
      at dispatchDiscreteEvent 
(node_modules/react-dom/cjs/react-dom.development.js:6430:5)
      at HTMLDivElement.callTheUserObjectsOperation 
(node_modules/jsdom/lib/jsdom/living/generated/EventListener.js:26:30)
      at innerInvokeEventListeners 
(node_modules/jsdom/lib/jsdom/living/events/EventTarget-impl.js:350:25)
      at invokeEventListeners 
(node_modules/jsdom/lib/jsdom/living/events/EventTarget-impl.js:286:3)
      at HTMLInputElementImpl._dispatch 
(node_modules/jsdom/lib/jsdom/living/events/EventTarget-impl.js:233:9)
      at HTMLInputElementImpl.dispatchEvent 
(node_modules/jsdom/lib/jsdom/living/events/EventTarget-impl.js:104:17)
      at HTMLInputElement.dispatchEvent 
(node_modules/jsdom/lib/jsdom/living/generated/EventTarget.js:241:34)
      at 
node_modules/@testing-library/user-event/dist/cjs/event/dispatchEvent.js:45:43
      at Object.eventWrapper 
(node_modules/@testing-library/dom/dist/config.js:25:23)
      at Object.wrapEvent 
(node_modules/@testing-library/user-event/dist/cjs/event/wrapEvent.js:6:28)
      at Object.dispatchEvent (node_modules/@testing-library/user-event/dist/cj
s/event/dispatchEvent.js:45:22)
      at Object.dispatchUIEvent (node_modules/@testing-library/user-event/dist/
cjs/event/dispatchEvent.js:22:26)
      at commitInput 
(node_modules/@testing-library/user-event/dist/cjs/event/input.js:145:14)
      at editInputElement 
(node_modules/@testing-library/user-event/dist/cjs/event/input.js:115:9)
      at Object.input 
(node_modules/@testing-library/user-event/dist/cjs/event/input.js:37:9)
      at node_modules/@testing-library/user-event/dist/cjs/event/behavior/keypr
ess.js:31:26
      at Object.dispatchEvent (node_modules/@testing-library/user-event/dist/cj
s/event/dispatchEvent.js:41:13)
      at Object.dispatchUIEvent (node_modules/@testing-library/user-event/dist/
cjs/event/dispatchEvent.js:22:26)
      at KeyboardHost.keydown 
(node_modules/@testing-library/user-event/dist/cjs/system/keyboard.js:76:22)
      at keyboardAction 
(node_modules/@testing-library/user-event/dist/cjs/keyboard/index.js:22:35)
      at Object.keyboard 
(node_modules/@testing-library/user-event/dist/cjs/keyboard/index.js:11:15)
      at Object.type 
(node_modules/@testing-library/user-event/dist/cjs/utility/type.js:17:5)
      at Object.<anonymous> (src/auth/auth.test.tsx:250:9)

    console.error
      Warning: An update to LoginForm inside a test was not wrapped in 
act(...).
      
      When testing, code that causes React state updates should be wrapped 
into act(...):
      
      act(() => {
        /* fire events that update state */
      });
      /* assert on the output */
      
      This ensures that you're testing the behavior the user would see in the 
browser. Learn more at https://reactjs.org/link/wrap-tests-with-act
          at LoginForm (C:\Users\samhe\OneDrive\Desktop\Cleaned\frontend\src\au
th\LoginForm\LoginForm.tsx:41:33)
          at div
          at div
          at LoginPage
          at routeContext (C:\Users\samhe\OneDrive\Desktop\Cleaned\frontend\nod
e_modules\react-router\lib\hooks.tsx:658:26)
          at children (C:\Users\samhe\OneDrive\Desktop\Cleaned\frontend\node_mo
dules\react-router\lib\components.tsx:512:3)
          at basenameProp (C:\Users\samhe\OneDrive\Desktop\Cleaned\frontend\nod
e_modules\react-router\lib\components.tsx:421:13)
          at basename (C:\Users\samhe\OneDrive\Desktop\Cleaned\frontend\node_mo
dules\react-router\lib\components.tsx:225:3)

      123 |                     placeholder="email@company.com"
      124 |                     value={email}
    > 125 |                     onChange={(e) => setEmail(e.target.value)}
          |                                      ^
      126 |                     className="w-full rounded-md border 
border-gray-300 px-3 py-2 text-sm focus:outline-none focus:ring-2 
focus:ring-gray-900 disabled:opacity-50"
      127 |                 />
      128 |             </div>

      at printWarning 
(node_modules/react-dom/cjs/react-dom.development.js:86:30)
      at error (node_modules/react-dom/cjs/react-dom.development.js:60:7)
      at warnIfUpdatesNotWrappedWithActDEV 
(node_modules/react-dom/cjs/react-dom.development.js:27628:9)
      at scheduleUpdateOnFiber 
(node_modules/react-dom/cjs/react-dom.development.js:25547:5)
      at dispatchSetState 
(node_modules/react-dom/cjs/react-dom.development.js:16708:7)
      at onChange (src/auth/LoginForm/LoginForm.tsx:125:38)
      at HTMLUnknownElement.callCallback 
(node_modules/react-dom/cjs/react-dom.development.js:4164:14)
      at HTMLUnknownElement.callTheUserObjectsOperation 
(node_modules/jsdom/lib/jsdom/living/generated/EventListener.js:26:30)
      at innerInvokeEventListeners 
(node_modules/jsdom/lib/jsdom/living/events/EventTarget-impl.js:350:25)
      at invokeEventListeners 
(node_modules/jsdom/lib/jsdom/living/events/EventTarget-impl.js:286:3)
      at HTMLUnknownElementImpl._dispatch 
(node_modules/jsdom/lib/jsdom/living/events/EventTarget-impl.js:233:9)
      at HTMLUnknownElementImpl.dispatchEvent 
(node_modules/jsdom/lib/jsdom/living/events/EventTarget-impl.js:104:17)
      at HTMLUnknownElement.dispatchEvent 
(node_modules/jsdom/lib/jsdom/living/generated/EventTarget.js:241:34)
      at Object.invokeGuardedCallbackDev 
(node_modules/react-dom/cjs/react-dom.development.js:4213:16)
      at invokeGuardedCallback 
(node_modules/react-dom/cjs/react-dom.development.js:4277:31)
      at invokeGuardedCallbackAndCatchFirstError 
(node_modules/react-dom/cjs/react-dom.development.js:4291:25)
      at executeDispatch 
(node_modules/react-dom/cjs/react-dom.development.js:9041:3)
      at processDispatchQueueItemsInOrder 
(node_modules/react-dom/cjs/react-dom.development.js:9073:7)
      at processDispatchQueue 
(node_modules/react-dom/cjs/react-dom.development.js:9086:5)
      at dispatchEventsForPlugins 
(node_modules/react-dom/cjs/react-dom.development.js:9097:3)
      at node_modules/react-dom/cjs/react-dom.development.js:9288:12
      at batchedUpdates$1 
(node_modules/react-dom/cjs/react-dom.development.js:26179:12)
      at batchedUpdates 
(node_modules/react-dom/cjs/react-dom.development.js:3991:12)
      at dispatchEventForPluginEventSystem 
(node_modules/react-dom/cjs/react-dom.development.js:9287:3)
      at dispatchEventWithEnableCapturePhaseSelectiveHydrationWithoutDiscreteEv
entReplay (node_modules/react-dom/cjs/react-dom.development.js:6465:5)
      at dispatchEvent 
(node_modules/react-dom/cjs/react-dom.development.js:6457:5)
      at dispatchDiscreteEvent 
(node_modules/react-dom/cjs/react-dom.development.js:6430:5)
      at HTMLDivElement.callTheUserObjectsOperation 
(node_modules/jsdom/lib/jsdom/living/generated/EventListener.js:26:30)
      at innerInvokeEventListeners 
(node_modules/jsdom/lib/jsdom/living/events/EventTarget-impl.js:350:25)
      at invokeEventListeners 
(node_modules/jsdom/lib/jsdom/living/events/EventTarget-impl.js:286:3)
      at HTMLInputElementImpl._dispatch 
(node_modules/jsdom/lib/jsdom/living/events/EventTarget-impl.js:233:9)
      at HTMLInputElementImpl.dispatchEvent 
(node_modules/jsdom/lib/jsdom/living/events/EventTarget-impl.js:104:17)
      at HTMLInputElement.dispatchEvent 
(node_modules/jsdom/lib/jsdom/living/generated/EventTarget.js:241:34)
      at 
node_modules/@testing-library/user-event/dist/cjs/event/dispatchEvent.js:45:43
      at Object.eventWrapper 
(node_modules/@testing-library/dom/dist/config.js:25:23)
      at Object.wrapEvent 
(node_modules/@testing-library/user-event/dist/cjs/event/wrapEvent.js:6:28)
      at Object.dispatchEvent (node_modules/@testing-library/user-event/dist/cj
s/event/dispatchEvent.js:45:22)
      at Object.dispatchUIEvent (node_modules/@testing-library/user-event/dist/
cjs/event/dispatchEvent.js:22:26)
      at commitInput 
(node_modules/@testing-library/user-event/dist/cjs/event/input.js:145:14)
      at editInputElement 
(node_modules/@testing-library/user-event/dist/cjs/event/input.js:115:9)
      at Object.input 
(node_modules/@testing-library/user-event/dist/cjs/event/input.js:37:9)
      at node_modules/@testing-library/user-event/dist/cjs/event/behavior/keypr
ess.js:31:26
      at Object.dispatchEvent (node_modules/@testing-library/user-event/dist/cj
s/event/dispatchEvent.js:41:13)
      at Object.dispatchUIEvent (node_modules/@testing-library/user-event/dist/
cjs/event/dispatchEvent.js:22:26)
      at KeyboardHost.keydown 
(node_modules/@testing-library/user-event/dist/cjs/system/keyboard.js:76:22)
      at keyboardAction 
(node_modules/@testing-library/user-event/dist/cjs/keyboard/index.js:22:35)
      at Object.keyboard 
(node_modules/@testing-library/user-event/dist/cjs/keyboard/index.js:11:15)
      at Object.type 
(node_modules/@testing-library/user-event/dist/cjs/utility/type.js:17:5)
      at Object.<anonymous> (src/auth/auth.test.tsx:250:9)

    console.error
      Warning: An update to LoginForm inside a test was not wrapped in 
act(...).
      
      When testing, code that causes React state updates should be wrapped 
into act(...):
      
      act(() => {
        /* fire events that update state */
      });
      /* assert on the output */
      
      This ensures that you're testing the behavior the user would see in the 
browser. Learn more at https://reactjs.org/link/wrap-tests-with-act
          at LoginForm (C:\Users\samhe\OneDrive\Desktop\Cleaned\frontend\src\au
th\LoginForm\LoginForm.tsx:41:33)
          at div
          at div
          at LoginPage
          at routeContext (C:\Users\samhe\OneDrive\Desktop\Cleaned\frontend\nod
e_modules\react-router\lib\hooks.tsx:658:26)
          at children (C:\Users\samhe\OneDrive\Desktop\Cleaned\frontend\node_mo
dules\react-router\lib\components.tsx:512:3)
          at basenameProp (C:\Users\samhe\OneDrive\Desktop\Cleaned\frontend\nod
e_modules\react-router\lib\components.tsx:421:13)
          at basename (C:\Users\samhe\OneDrive\Desktop\Cleaned\frontend\node_mo
dules\react-router\lib\components.tsx:225:3)

      123 |                     placeholder="email@company.com"
      124 |                     value={email}
    > 125 |                     onChange={(e) => setEmail(e.target.value)}
          |                                      ^
      126 |                     className="w-full rounded-md border 
border-gray-300 px-3 py-2 text-sm focus:outline-none focus:ring-2 
focus:ring-gray-900 disabled:opacity-50"
      127 |                 />
      128 |             </div>

      at printWarning 
(node_modules/react-dom/cjs/react-dom.development.js:86:30)
      at error (node_modules/react-dom/cjs/react-dom.development.js:60:7)
      at warnIfUpdatesNotWrappedWithActDEV 
(node_modules/react-dom/cjs/react-dom.development.js:27628:9)
      at scheduleUpdateOnFiber 
(node_modules/react-dom/cjs/react-dom.development.js:25547:5)
      at dispatchSetState 
(node_modules/react-dom/cjs/react-dom.development.js:16708:7)
      at onChange (src/auth/LoginForm/LoginForm.tsx:125:38)
      at HTMLUnknownElement.callCallback 
(node_modules/react-dom/cjs/react-dom.development.js:4164:14)
      at HTMLUnknownElement.callTheUserObjectsOperation 
(node_modules/jsdom/lib/jsdom/living/generated/EventListener.js:26:30)
      at innerInvokeEventListeners 
(node_modules/jsdom/lib/jsdom/living/events/EventTarget-impl.js:350:25)
      at invokeEventListeners 
(node_modules/jsdom/lib/jsdom/living/events/EventTarget-impl.js:286:3)
      at HTMLUnknownElementImpl._dispatch 
(node_modules/jsdom/lib/jsdom/living/events/EventTarget-impl.js:233:9)
      at HTMLUnknownElementImpl.dispatchEvent 
(node_modules/jsdom/lib/jsdom/living/events/EventTarget-impl.js:104:17)
      at HTMLUnknownElement.dispatchEvent 
(node_modules/jsdom/lib/jsdom/living/generated/EventTarget.js:241:34)
      at Object.invokeGuardedCallbackDev 
(node_modules/react-dom/cjs/react-dom.development.js:4213:16)
      at invokeGuardedCallback 
(node_modules/react-dom/cjs/react-dom.development.js:4277:31)
      at invokeGuardedCallbackAndCatchFirstError 
(node_modules/react-dom/cjs/react-dom.development.js:4291:25)
      at executeDispatch 
(node_modules/react-dom/cjs/react-dom.development.js:9041:3)
      at processDispatchQueueItemsInOrder 
(node_modules/react-dom/cjs/react-dom.development.js:9073:7)
      at processDispatchQueue 
(node_modules/react-dom/cjs/react-dom.development.js:9086:5)
      at dispatchEventsForPlugins 
(node_modules/react-dom/cjs/react-dom.development.js:9097:3)
      at node_modules/react-dom/cjs/react-dom.development.js:9288:12
      at batchedUpdates$1 
(node_modules/react-dom/cjs/react-dom.development.js:26179:12)
      at batchedUpdates 
(node_modules/react-dom/cjs/react-dom.development.js:3991:12)
      at dispatchEventForPluginEventSystem 
(node_modules/react-dom/cjs/react-dom.development.js:9287:3)
      at dispatchEventWithEnableCapturePhaseSelectiveHydrationWithoutDiscreteEv
entReplay (node_modules/react-dom/cjs/react-dom.development.js:6465:5)
      at dispatchEvent 
(node_modules/react-dom/cjs/react-dom.development.js:6457:5)
      at dispatchDiscreteEvent 
(node_modules/react-dom/cjs/react-dom.development.js:6430:5)
      at HTMLDivElement.callTheUserObjectsOperation 
(node_modules/jsdom/lib/jsdom/living/generated/EventListener.js:26:30)
      at innerInvokeEventListeners 
(node_modules/jsdom/lib/jsdom/living/events/EventTarget-impl.js:350:25)
      at invokeEventListeners 
(node_modules/jsdom/lib/jsdom/living/events/EventTarget-impl.js:286:3)
      at HTMLInputElementImpl._dispatch 
(node_modules/jsdom/lib/jsdom/living/events/EventTarget-impl.js:233:9)
      at HTMLInputElementImpl.dispatchEvent 
(node_modules/jsdom/lib/jsdom/living/events/EventTarget-impl.js:104:17)
      at HTMLInputElement.dispatchEvent 
(node_modules/jsdom/lib/jsdom/living/generated/EventTarget.js:241:34)
      at 
node_modules/@testing-library/user-event/dist/cjs/event/dispatchEvent.js:45:43
      at Object.eventWrapper 
(node_modules/@testing-library/dom/dist/config.js:25:23)
      at Object.wrapEvent 
(node_modules/@testing-library/user-event/dist/cjs/event/wrapEvent.js:6:28)
      at Object.dispatchEvent (node_modules/@testing-library/user-event/dist/cj
s/event/dispatchEvent.js:45:22)
      at Object.dispatchUIEvent (node_modules/@testing-library/user-event/dist/
cjs/event/dispatchEvent.js:22:26)
      at commitInput 
(node_modules/@testing-library/user-event/dist/cjs/event/input.js:145:14)
      at editInputElement 
(node_modules/@testing-library/user-event/dist/cjs/event/input.js:115:9)
      at Object.input 
(node_modules/@testing-library/user-event/dist/cjs/event/input.js:37:9)
      at node_modules/@testing-library/user-event/dist/cjs/event/behavior/keypr
ess.js:31:26
      at Object.dispatchEvent (node_modules/@testing-library/user-event/dist/cj
s/event/dispatchEvent.js:41:13)
      at Object.dispatchUIEvent (node_modules/@testing-library/user-event/dist/
cjs/event/dispatchEvent.js:22:26)
      at KeyboardHost.keydown 
(node_modules/@testing-library/user-event/dist/cjs/system/keyboard.js:76:22)
      at keyboardAction 
(node_modules/@testing-library/user-event/dist/cjs/keyboard/index.js:22:35)
      at Object.keyboard 
(node_modules/@testing-library/user-event/dist/cjs/keyboard/index.js:11:15)
      at Object.type 
(node_modules/@testing-library/user-event/dist/cjs/utility/type.js:17:5)
      at Object.<anonymous> (src/auth/auth.test.tsx:250:9)

    console.error
      Warning: An update to LoginForm inside a test was not wrapped in 
act(...).
      
      When testing, code that causes React state updates should be wrapped 
into act(...):
      
      act(() => {
        /* fire events that update state */
      });
      /* assert on the output */
      
      This ensures that you're testing the behavior the user would see in the 
browser. Learn more at https://reactjs.org/link/wrap-tests-with-act
          at LoginForm (C:\Users\samhe\OneDrive\Desktop\Cleaned\frontend\src\au
th\LoginForm\LoginForm.tsx:41:33)
          at div
          at div
          at LoginPage
          at routeContext (C:\Users\samhe\OneDrive\Desktop\Cleaned\frontend\nod
e_modules\react-router\lib\hooks.tsx:658:26)
          at children (C:\Users\samhe\OneDrive\Desktop\Cleaned\frontend\node_mo
dules\react-router\lib\components.tsx:512:3)
          at basenameProp (C:\Users\samhe\OneDrive\Desktop\Cleaned\frontend\nod
e_modules\react-router\lib\components.tsx:421:13)
          at basename (C:\Users\samhe\OneDrive\Desktop\Cleaned\frontend\node_mo
dules\react-router\lib\components.tsx:225:3)

      123 |                     placeholder="email@company.com"
      124 |                     value={email}
    > 125 |                     onChange={(e) => setEmail(e.target.value)}
          |                                      ^
      126 |                     className="w-full rounded-md border 
border-gray-300 px-3 py-2 text-sm focus:outline-none focus:ring-2 
focus:ring-gray-900 disabled:opacity-50"
      127 |                 />
      128 |             </div>

      at printWarning 
(node_modules/react-dom/cjs/react-dom.development.js:86:30)
      at error (node_modules/react-dom/cjs/react-dom.development.js:60:7)
      at warnIfUpdatesNotWrappedWithActDEV 
(node_modules/react-dom/cjs/react-dom.development.js:27628:9)
      at scheduleUpdateOnFiber 
(node_modules/react-dom/cjs/react-dom.development.js:25547:5)
      at dispatchSetState 
(node_modules/react-dom/cjs/react-dom.development.js:16708:7)
      at onChange (src/auth/LoginForm/LoginForm.tsx:125:38)
      at HTMLUnknownElement.callCallback 
(node_modules/react-dom/cjs/react-dom.development.js:4164:14)
      at HTMLUnknownElement.callTheUserObjectsOperation 
(node_modules/jsdom/lib/jsdom/living/generated/EventListener.js:26:30)
      at innerInvokeEventListeners 
(node_modules/jsdom/lib/jsdom/living/events/EventTarget-impl.js:350:25)
      at invokeEventListeners 
(node_modules/jsdom/lib/jsdom/living/events/EventTarget-impl.js:286:3)
      at HTMLUnknownElementImpl._dispatch 
(node_modules/jsdom/lib/jsdom/living/events/EventTarget-impl.js:233:9)
      at HTMLUnknownElementImpl.dispatchEvent 
(node_modules/jsdom/lib/jsdom/living/events/EventTarget-impl.js:104:17)
      at HTMLUnknownElement.dispatchEvent 
(node_modules/jsdom/lib/jsdom/living/generated/EventTarget.js:241:34)
      at Object.invokeGuardedCallbackDev 
(node_modules/react-dom/cjs/react-dom.development.js:4213:16)
      at invokeGuardedCallback 
(node_modules/react-dom/cjs/react-dom.development.js:4277:31)
      at invokeGuardedCallbackAndCatchFirstError 
(node_modules/react-dom/cjs/react-dom.development.js:4291:25)
      at executeDispatch 
(node_modules/react-dom/cjs/react-dom.development.js:9041:3)
      at processDispatchQueueItemsInOrder 
(node_modules/react-dom/cjs/react-dom.development.js:9073:7)
      at processDispatchQueue 
(node_modules/react-dom/cjs/react-dom.development.js:9086:5)
      at dispatchEventsForPlugins 
(node_modules/react-dom/cjs/react-dom.development.js:9097:3)
      at node_modules/react-dom/cjs/react-dom.development.js:9288:12
      at batchedUpdates$1 
(node_modules/react-dom/cjs/react-dom.development.js:26179:12)
      at batchedUpdates 
(node_modules/react-dom/cjs/react-dom.development.js:3991:12)
      at dispatchEventForPluginEventSystem 
(node_modules/react-dom/cjs/react-dom.development.js:9287:3)
      at dispatchEventWithEnableCapturePhaseSelectiveHydrationWithoutDiscreteEv
entReplay (node_modules/react-dom/cjs/react-dom.development.js:6465:5)
      at dispatchEvent 
(node_modules/react-dom/cjs/react-dom.development.js:6457:5)
      at dispatchDiscreteEvent 
(node_modules/react-dom/cjs/react-dom.development.js:6430:5)
      at HTMLDivElement.callTheUserObjectsOperation 
(node_modules/jsdom/lib/jsdom/living/generated/EventListener.js:26:30)
      at innerInvokeEventListeners 
(node_modules/jsdom/lib/jsdom/living/events/EventTarget-impl.js:350:25)
      at invokeEventListeners 
(node_modules/jsdom/lib/jsdom/living/events/EventTarget-impl.js:286:3)
      at HTMLInputElementImpl._dispatch 
(node_modules/jsdom/lib/jsdom/living/events/EventTarget-impl.js:233:9)
      at HTMLInputElementImpl.dispatchEvent 
(node_modules/jsdom/lib/jsdom/living/events/EventTarget-impl.js:104:17)
      at HTMLInputElement.dispatchEvent 
(node_modules/jsdom/lib/jsdom/living/generated/EventTarget.js:241:34)
      at 
node_modules/@testing-library/user-event/dist/cjs/event/dispatchEvent.js:45:43
      at Object.eventWrapper 
(node_modules/@testing-library/dom/dist/config.js:25:23)
      at Object.wrapEvent 
(node_modules/@testing-library/user-event/dist/cjs/event/wrapEvent.js:6:28)
      at Object.dispatchEvent (node_modules/@testing-library/user-event/dist/cj
s/event/dispatchEvent.js:45:22)
      at Object.dispatchUIEvent (node_modules/@testing-library/user-event/dist/
cjs/event/dispatchEvent.js:22:26)
      at commitInput 
(node_modules/@testing-library/user-event/dist/cjs/event/input.js:145:14)
      at editInputElement 
(node_modules/@testing-library/user-event/dist/cjs/event/input.js:115:9)
      at Object.input 
(node_modules/@testing-library/user-event/dist/cjs/event/input.js:37:9)
      at node_modules/@testing-library/user-event/dist/cjs/event/behavior/keypr
ess.js:31:26
      at Object.dispatchEvent (node_modules/@testing-library/user-event/dist/cj
s/event/dispatchEvent.js:41:13)
      at Object.dispatchUIEvent (node_modules/@testing-library/user-event/dist/
cjs/event/dispatchEvent.js:22:26)
      at KeyboardHost.keydown 
(node_modules/@testing-library/user-event/dist/cjs/system/keyboard.js:76:22)
      at keyboardAction 
(node_modules/@testing-library/user-event/dist/cjs/keyboard/index.js:22:35)
      at Object.keyboard 
(node_modules/@testing-library/user-event/dist/cjs/keyboard/index.js:11:15)
      at Object.type 
(node_modules/@testing-library/user-event/dist/cjs/utility/type.js:17:5)
      at Object.<anonymous> (src/auth/auth.test.tsx:250:9)

    console.error
      Warning: An update to LoginForm inside a test was not wrapped in 
act(...).
      
      When testing, code that causes React state updates should be wrapped 
into act(...):
      
      act(() => {
        /* fire events that update state */
      });
      /* assert on the output */
      
      This ensures that you're testing the behavior the user would see in the 
browser. Learn more at https://reactjs.org/link/wrap-tests-with-act
          at LoginForm (C:\Users\samhe\OneDrive\Desktop\Cleaned\frontend\src\au
th\LoginForm\LoginForm.tsx:41:33)
          at div
          at div
          at LoginPage
          at routeContext (C:\Users\samhe\OneDrive\Desktop\Cleaned\frontend\nod
e_modules\react-router\lib\hooks.tsx:658:26)
          at children (C:\Users\samhe\OneDrive\Desktop\Cleaned\frontend\node_mo
dules\react-router\lib\components.tsx:512:3)
          at basenameProp (C:\Users\samhe\OneDrive\Desktop\Cleaned\frontend\nod
e_modules\react-router\lib\components.tsx:421:13)
          at basename (C:\Users\samhe\OneDrive\Desktop\Cleaned\frontend\node_mo
dules\react-router\lib\components.tsx:225:3)

      123 |                     placeholder="email@company.com"
      124 |                     value={email}
    > 125 |                     onChange={(e) => setEmail(e.target.value)}
          |                                      ^
      126 |                     className="w-full rounded-md border 
border-gray-300 px-3 py-2 text-sm focus:outline-none focus:ring-2 
focus:ring-gray-900 disabled:opacity-50"
      127 |                 />
      128 |             </div>

      at printWarning 
(node_modules/react-dom/cjs/react-dom.development.js:86:30)
      at error (node_modules/react-dom/cjs/react-dom.development.js:60:7)
      at warnIfUpdatesNotWrappedWithActDEV 
(node_modules/react-dom/cjs/react-dom.development.js:27628:9)
      at scheduleUpdateOnFiber 
(node_modules/react-dom/cjs/react-dom.development.js:25547:5)
      at dispatchSetState 
(node_modules/react-dom/cjs/react-dom.development.js:16708:7)
      at onChange (src/auth/LoginForm/LoginForm.tsx:125:38)
      at HTMLUnknownElement.callCallback 
(node_modules/react-dom/cjs/react-dom.development.js:4164:14)
      at HTMLUnknownElement.callTheUserObjectsOperation 
(node_modules/jsdom/lib/jsdom/living/generated/EventListener.js:26:30)
      at innerInvokeEventListeners 
(node_modules/jsdom/lib/jsdom/living/events/EventTarget-impl.js:350:25)
      at invokeEventListeners 
(node_modules/jsdom/lib/jsdom/living/events/EventTarget-impl.js:286:3)
      at HTMLUnknownElementImpl._dispatch 
(node_modules/jsdom/lib/jsdom/living/events/EventTarget-impl.js:233:9)
      at HTMLUnknownElementImpl.dispatchEvent 
(node_modules/jsdom/lib/jsdom/living/events/EventTarget-impl.js:104:17)
      at HTMLUnknownElement.dispatchEvent 
(node_modules/jsdom/lib/jsdom/living/generated/EventTarget.js:241:34)
      at Object.invokeGuardedCallbackDev 
(node_modules/react-dom/cjs/react-dom.development.js:4213:16)
      at invokeGuardedCallback 
(node_modules/react-dom/cjs/react-dom.development.js:4277:31)
      at invokeGuardedCallbackAndCatchFirstError 
(node_modules/react-dom/cjs/react-dom.development.js:4291:25)
      at executeDispatch 
(node_modules/react-dom/cjs/react-dom.development.js:9041:3)
      at processDispatchQueueItemsInOrder 
(node_modules/react-dom/cjs/react-dom.development.js:9073:7)
      at processDispatchQueue 
(node_modules/react-dom/cjs/react-dom.development.js:9086:5)
      at dispatchEventsForPlugins 
(node_modules/react-dom/cjs/react-dom.development.js:9097:3)
      at node_modules/react-dom/cjs/react-dom.development.js:9288:12
      at batchedUpdates$1 
(node_modules/react-dom/cjs/react-dom.development.js:26179:12)
      at batchedUpdates 
(node_modules/react-dom/cjs/react-dom.development.js:3991:12)
      at dispatchEventForPluginEventSystem 
(node_modules/react-dom/cjs/react-dom.development.js:9287:3)
      at dispatchEventWithEnableCapturePhaseSelectiveHydrationWithoutDiscreteEv
entReplay (node_modules/react-dom/cjs/react-dom.development.js:6465:5)
      at dispatchEvent 
(node_modules/react-dom/cjs/react-dom.development.js:6457:5)
      at dispatchDiscreteEvent 
(node_modules/react-dom/cjs/react-dom.development.js:6430:5)
      at HTMLDivElement.callTheUserObjectsOperation 
(node_modules/jsdom/lib/jsdom/living/generated/EventListener.js:26:30)
      at innerInvokeEventListeners 
(node_modules/jsdom/lib/jsdom/living/events/EventTarget-impl.js:350:25)
      at invokeEventListeners 
(node_modules/jsdom/lib/jsdom/living/events/EventTarget-impl.js:286:3)
      at HTMLInputElementImpl._dispatch 
(node_modules/jsdom/lib/jsdom/living/events/EventTarget-impl.js:233:9)
      at HTMLInputElementImpl.dispatchEvent 
(node_modules/jsdom/lib/jsdom/living/events/EventTarget-impl.js:104:17)
      at HTMLInputElement.dispatchEvent 
(node_modules/jsdom/lib/jsdom/living/generated/EventTarget.js:241:34)
      at 
node_modules/@testing-library/user-event/dist/cjs/event/dispatchEvent.js:45:43
      at Object.eventWrapper 
(node_modules/@testing-library/dom/dist/config.js:25:23)
      at Object.wrapEvent 
(node_modules/@testing-library/user-event/dist/cjs/event/wrapEvent.js:6:28)
      at Object.dispatchEvent (node_modules/@testing-library/user-event/dist/cj
s/event/dispatchEvent.js:45:22)
      at Object.dispatchUIEvent (node_modules/@testing-library/user-event/dist/
cjs/event/dispatchEvent.js:22:26)
      at commitInput 
(node_modules/@testing-library/user-event/dist/cjs/event/input.js:145:14)
      at editInputElement 
(node_modules/@testing-library/user-event/dist/cjs/event/input.js:115:9)
      at Object.input 
(node_modules/@testing-library/user-event/dist/cjs/event/input.js:37:9)
      at node_modules/@testing-library/user-event/dist/cjs/event/behavior/keypr
ess.js:31:26
      at Object.dispatchEvent (node_modules/@testing-library/user-event/dist/cj
s/event/dispatchEvent.js:41:13)
      at Object.dispatchUIEvent (node_modules/@testing-library/user-event/dist/
cjs/event/dispatchEvent.js:22:26)
      at KeyboardHost.keydown 
(node_modules/@testing-library/user-event/dist/cjs/system/keyboard.js:76:22)
      at keyboardAction 
(node_modules/@testing-library/user-event/dist/cjs/keyboard/index.js:22:35)
      at Object.keyboard 
(node_modules/@testing-library/user-event/dist/cjs/keyboard/index.js:11:15)
      at Object.type 
(node_modules/@testing-library/user-event/dist/cjs/utility/type.js:17:5)
      at Object.<anonymous> (src/auth/auth.test.tsx:250:9)

    console.error
      Warning: An update to LoginForm inside a test was not wrapped in 
act(...).
      
      When testing, code that causes React state updates should be wrapped 
into act(...):
      
      act(() => {
        /* fire events that update state */
      });
      /* assert on the output */
      
      This ensures that you're testing the behavior the user would see in the 
browser. Learn more at https://reactjs.org/link/wrap-tests-with-act
          at LoginForm (C:\Users\samhe\OneDrive\Desktop\Cleaned\frontend\src\au
th\LoginForm\LoginForm.tsx:41:33)
          at div
          at div
          at LoginPage
          at routeContext (C:\Users\samhe\OneDrive\Desktop\Cleaned\frontend\nod
e_modules\react-router\lib\hooks.tsx:658:26)
          at children (C:\Users\samhe\OneDrive\Desktop\Cleaned\frontend\node_mo
dules\react-router\lib\components.tsx:512:3)
          at basenameProp (C:\Users\samhe\OneDrive\Desktop\Cleaned\frontend\nod
e_modules\react-router\lib\components.tsx:421:13)
          at basename (C:\Users\samhe\OneDrive\Desktop\Cleaned\frontend\node_mo
dules\react-router\lib\components.tsx:225:3)

      123 |                     placeholder="email@company.com"
      124 |                     value={email}
    > 125 |                     onChange={(e) => setEmail(e.target.value)}
          |                                      ^
      126 |                     className="w-full rounded-md border 
border-gray-300 px-3 py-2 text-sm focus:outline-none focus:ring-2 
focus:ring-gray-900 disabled:opacity-50"
      127 |                 />
      128 |             </div>

      at printWarning 
(node_modules/react-dom/cjs/react-dom.development.js:86:30)
      at error (node_modules/react-dom/cjs/react-dom.development.js:60:7)
      at warnIfUpdatesNotWrappedWithActDEV 
(node_modules/react-dom/cjs/react-dom.development.js:27628:9)
      at scheduleUpdateOnFiber 
(node_modules/react-dom/cjs/react-dom.development.js:25547:5)
      at dispatchSetState 
(node_modules/react-dom/cjs/react-dom.development.js:16708:7)
      at onChange (src/auth/LoginForm/LoginForm.tsx:125:38)
      at HTMLUnknownElement.callCallback 
(node_modules/react-dom/cjs/react-dom.development.js:4164:14)
      at HTMLUnknownElement.callTheUserObjectsOperation 
(node_modules/jsdom/lib/jsdom/living/generated/EventListener.js:26:30)
      at innerInvokeEventListeners 
(node_modules/jsdom/lib/jsdom/living/events/EventTarget-impl.js:350:25)
      at invokeEventListeners 
(node_modules/jsdom/lib/jsdom/living/events/EventTarget-impl.js:286:3)
      at HTMLUnknownElementImpl._dispatch 
(node_modules/jsdom/lib/jsdom/living/events/EventTarget-impl.js:233:9)
      at HTMLUnknownElementImpl.dispatchEvent 
(node_modules/jsdom/lib/jsdom/living/events/EventTarget-impl.js:104:17)
      at HTMLUnknownElement.dispatchEvent 
(node_modules/jsdom/lib/jsdom/living/generated/EventTarget.js:241:34)
      at Object.invokeGuardedCallbackDev 
(node_modules/react-dom/cjs/react-dom.development.js:4213:16)
      at invokeGuardedCallback 
(node_modules/react-dom/cjs/react-dom.development.js:4277:31)
      at invokeGuardedCallbackAndCatchFirstError 
(node_modules/react-dom/cjs/react-dom.development.js:4291:25)
      at executeDispatch 
(node_modules/react-dom/cjs/react-dom.development.js:9041:3)
      at processDispatchQueueItemsInOrder 
(node_modules/react-dom/cjs/react-dom.development.js:9073:7)
      at processDispatchQueue 
(node_modules/react-dom/cjs/react-dom.development.js:9086:5)
      at dispatchEventsForPlugins 
(node_modules/react-dom/cjs/react-dom.development.js:9097:3)
      at node_modules/react-dom/cjs/react-dom.development.js:9288:12
      at batchedUpdates$1 
(node_modules/react-dom/cjs/react-dom.development.js:26179:12)
      at batchedUpdates 
(node_modules/react-dom/cjs/react-dom.development.js:3991:12)
      at dispatchEventForPluginEventSystem 
(node_modules/react-dom/cjs/react-dom.development.js:9287:3)
      at dispatchEventWithEnableCapturePhaseSelectiveHydrationWithoutDiscreteEv
entReplay (node_modules/react-dom/cjs/react-dom.development.js:6465:5)
      at dispatchEvent 
(node_modules/react-dom/cjs/react-dom.development.js:6457:5)
      at dispatchDiscreteEvent 
(node_modules/react-dom/cjs/react-dom.development.js:6430:5)
      at HTMLDivElement.callTheUserObjectsOperation 
(node_modules/jsdom/lib/jsdom/living/generated/EventListener.js:26:30)
      at innerInvokeEventListeners 
(node_modules/jsdom/lib/jsdom/living/events/EventTarget-impl.js:350:25)
      at invokeEventListeners 
(node_modules/jsdom/lib/jsdom/living/events/EventTarget-impl.js:286:3)
      at HTMLInputElementImpl._dispatch 
(node_modules/jsdom/lib/jsdom/living/events/EventTarget-impl.js:233:9)
      at HTMLInputElementImpl.dispatchEvent 
(node_modules/jsdom/lib/jsdom/living/events/EventTarget-impl.js:104:17)
      at HTMLInputElement.dispatchEvent 
(node_modules/jsdom/lib/jsdom/living/generated/EventTarget.js:241:34)
      at 
node_modules/@testing-library/user-event/dist/cjs/event/dispatchEvent.js:45:43
      at Object.eventWrapper 
(node_modules/@testing-library/dom/dist/config.js:25:23)
      at Object.wrapEvent 
(node_modules/@testing-library/user-event/dist/cjs/event/wrapEvent.js:6:28)
      at Object.dispatchEvent (node_modules/@testing-library/user-event/dist/cj
s/event/dispatchEvent.js:45:22)
      at Object.dispatchUIEvent (node_modules/@testing-library/user-event/dist/
cjs/event/dispatchEvent.js:22:26)
      at commitInput 
(node_modules/@testing-library/user-event/dist/cjs/event/input.js:145:14)
      at editInputElement 
(node_modules/@testing-library/user-event/dist/cjs/event/input.js:115:9)
      at Object.input 
(node_modules/@testing-library/user-event/dist/cjs/event/input.js:37:9)
      at node_modules/@testing-library/user-event/dist/cjs/event/behavior/keypr
ess.js:31:26
      at Object.dispatchEvent (node_modules/@testing-library/user-event/dist/cj
s/event/dispatchEvent.js:41:13)
      at Object.dispatchUIEvent (node_modules/@testing-library/user-event/dist/
cjs/event/dispatchEvent.js:22:26)
      at KeyboardHost.keydown 
(node_modules/@testing-library/user-event/dist/cjs/system/keyboard.js:76:22)
      at keyboardAction 
(node_modules/@testing-library/user-event/dist/cjs/keyboard/index.js:22:35)
      at Object.keyboard 
(node_modules/@testing-library/user-event/dist/cjs/keyboard/index.js:11:15)
      at Object.type 
(node_modules/@testing-library/user-event/dist/cjs/utility/type.js:17:5)
      at Object.<anonymous> (src/auth/auth.test.tsx:250:9)

    console.error
      Warning: An update to LoginForm inside a test was not wrapped in 
act(...).
      
      When testing, code that causes React state updates should be wrapped 
into act(...):
      
      act(() => {
        /* fire events that update state */
      });
      /* assert on the output */
      
      This ensures that you're testing the behavior the user would see in the 
browser. Learn more at https://reactjs.org/link/wrap-tests-with-act
          at LoginForm (C:\Users\samhe\OneDrive\Desktop\Cleaned\frontend\src\au
th\LoginForm\LoginForm.tsx:41:33)
          at div
          at div
          at LoginPage
          at routeContext (C:\Users\samhe\OneDrive\Desktop\Cleaned\frontend\nod
e_modules\react-router\lib\hooks.tsx:658:26)
          at children (C:\Users\samhe\OneDrive\Desktop\Cleaned\frontend\node_mo
dules\react-router\lib\components.tsx:512:3)
          at basenameProp (C:\Users\samhe\OneDrive\Desktop\Cleaned\frontend\nod
e_modules\react-router\lib\components.tsx:421:13)
          at basename (C:\Users\samhe\OneDrive\Desktop\Cleaned\frontend\node_mo
dules\react-router\lib\components.tsx:225:3)

      123 |                     placeholder="email@company.com"
      124 |                     value={email}
    > 125 |                     onChange={(e) => setEmail(e.target.value)}
          |                                      ^
      126 |                     className="w-full rounded-md border 
border-gray-300 px-3 py-2 text-sm focus:outline-none focus:ring-2 
focus:ring-gray-900 disabled:opacity-50"
      127 |                 />
      128 |             </div>

      at printWarning 
(node_modules/react-dom/cjs/react-dom.development.js:86:30)
      at error (node_modules/react-dom/cjs/react-dom.development.js:60:7)
      at warnIfUpdatesNotWrappedWithActDEV 
(node_modules/react-dom/cjs/react-dom.development.js:27628:9)
      at scheduleUpdateOnFiber 
(node_modules/react-dom/cjs/react-dom.development.js:25547:5)
      at dispatchSetState 
(node_modules/react-dom/cjs/react-dom.development.js:16708:7)
      at onChange (src/auth/LoginForm/LoginForm.tsx:125:38)
      at HTMLUnknownElement.callCallback 
(node_modules/react-dom/cjs/react-dom.development.js:4164:14)
      at HTMLUnknownElement.callTheUserObjectsOperation 
(node_modules/jsdom/lib/jsdom/living/generated/EventListener.js:26:30)
      at innerInvokeEventListeners 
(node_modules/jsdom/lib/jsdom/living/events/EventTarget-impl.js:350:25)
      at invokeEventListeners 
(node_modules/jsdom/lib/jsdom/living/events/EventTarget-impl.js:286:3)
      at HTMLUnknownElementImpl._dispatch 
(node_modules/jsdom/lib/jsdom/living/events/EventTarget-impl.js:233:9)
      at HTMLUnknownElementImpl.dispatchEvent 
(node_modules/jsdom/lib/jsdom/living/events/EventTarget-impl.js:104:17)
      at HTMLUnknownElement.dispatchEvent 
(node_modules/jsdom/lib/jsdom/living/generated/EventTarget.js:241:34)
      at Object.invokeGuardedCallbackDev 
(node_modules/react-dom/cjs/react-dom.development.js:4213:16)
      at invokeGuardedCallback 
(node_modules/react-dom/cjs/react-dom.development.js:4277:31)
      at invokeGuardedCallbackAndCatchFirstError 
(node_modules/react-dom/cjs/react-dom.development.js:4291:25)
      at executeDispatch 
(node_modules/react-dom/cjs/react-dom.development.js:9041:3)
      at processDispatchQueueItemsInOrder 
(node_modules/react-dom/cjs/react-dom.development.js:9073:7)
      at processDispatchQueue 
(node_modules/react-dom/cjs/react-dom.development.js:9086:5)
      at dispatchEventsForPlugins 
(node_modules/react-dom/cjs/react-dom.development.js:9097:3)
      at node_modules/react-dom/cjs/react-dom.development.js:9288:12
      at batchedUpdates$1 
(node_modules/react-dom/cjs/react-dom.development.js:26179:12)
      at batchedUpdates 
(node_modules/react-dom/cjs/react-dom.development.js:3991:12)
      at dispatchEventForPluginEventSystem 
(node_modules/react-dom/cjs/react-dom.development.js:9287:3)
      at dispatchEventWithEnableCapturePhaseSelectiveHydrationWithoutDiscreteEv
entReplay (node_modules/react-dom/cjs/react-dom.development.js:6465:5)
      at dispatchEvent 
(node_modules/react-dom/cjs/react-dom.development.js:6457:5)
      at dispatchDiscreteEvent 
(node_modules/react-dom/cjs/react-dom.development.js:6430:5)
      at HTMLDivElement.callTheUserObjectsOperation 
(node_modules/jsdom/lib/jsdom/living/generated/EventListener.js:26:30)
      at innerInvokeEventListeners 
(node_modules/jsdom/lib/jsdom/living/events/EventTarget-impl.js:350:25)
      at invokeEventListeners 
(node_modules/jsdom/lib/jsdom/living/events/EventTarget-impl.js:286:3)
      at HTMLInputElementImpl._dispatch 
(node_modules/jsdom/lib/jsdom/living/events/EventTarget-impl.js:233:9)
      at HTMLInputElementImpl.dispatchEvent 
(node_modules/jsdom/lib/jsdom/living/events/EventTarget-impl.js:104:17)
      at HTMLInputElement.dispatchEvent 
(node_modules/jsdom/lib/jsdom/living/generated/EventTarget.js:241:34)
      at 
node_modules/@testing-library/user-event/dist/cjs/event/dispatchEvent.js:45:43
      at Object.eventWrapper 
(node_modules/@testing-library/dom/dist/config.js:25:23)
      at Object.wrapEvent 
(node_modules/@testing-library/user-event/dist/cjs/event/wrapEvent.js:6:28)
      at Object.dispatchEvent (node_modules/@testing-library/user-event/dist/cj
s/event/dispatchEvent.js:45:22)
      at Object.dispatchUIEvent (node_modules/@testing-library/user-event/dist/
cjs/event/dispatchEvent.js:22:26)
      at commitInput 
(node_modules/@testing-library/user-event/dist/cjs/event/input.js:145:14)
      at editInputElement 
(node_modules/@testing-library/user-event/dist/cjs/event/input.js:115:9)
      at Object.input 
(node_modules/@testing-library/user-event/dist/cjs/event/input.js:37:9)
      at node_modules/@testing-library/user-event/dist/cjs/event/behavior/keypr
ess.js:31:26
      at Object.dispatchEvent (node_modules/@testing-library/user-event/dist/cj
s/event/dispatchEvent.js:41:13)
      at Object.dispatchUIEvent (node_modules/@testing-library/user-event/dist/
cjs/event/dispatchEvent.js:22:26)
      at KeyboardHost.keydown 
(node_modules/@testing-library/user-event/dist/cjs/system/keyboard.js:76:22)
      at keyboardAction 
(node_modules/@testing-library/user-event/dist/cjs/keyboard/index.js:22:35)
      at Object.keyboard 
(node_modules/@testing-library/user-event/dist/cjs/keyboard/index.js:11:15)
      at Object.type 
(node_modules/@testing-library/user-event/dist/cjs/utility/type.js:17:5)
      at Object.<anonymous> (src/auth/auth.test.tsx:250:9)

    console.error
      Warning: An update to LoginForm inside a test was not wrapped in 
act(...).
      
      When testing, code that causes React state updates should be wrapped 
into act(...):
      
      act(() => {
        /* fire events that update state */
      });
      /* assert on the output */
      
      This ensures that you're testing the behavior the user would see in the 
browser. Learn more at https://reactjs.org/link/wrap-tests-with-act
          at LoginForm (C:\Users\samhe\OneDrive\Desktop\Cleaned\frontend\src\au
th\LoginForm\LoginForm.tsx:41:33)
          at div
          at div
          at LoginPage
          at routeContext (C:\Users\samhe\OneDrive\Desktop\Cleaned\frontend\nod
e_modules\react-router\lib\hooks.tsx:658:26)
          at children (C:\Users\samhe\OneDrive\Desktop\Cleaned\frontend\node_mo
dules\react-router\lib\components.tsx:512:3)
          at basenameProp (C:\Users\samhe\OneDrive\Desktop\Cleaned\frontend\nod
e_modules\react-router\lib\components.tsx:421:13)
          at basename (C:\Users\samhe\OneDrive\Desktop\Cleaned\frontend\node_mo
dules\react-router\lib\components.tsx:225:3)

      123 |                     placeholder="email@company.com"
      124 |                     value={email}
    > 125 |                     onChange={(e) => setEmail(e.target.value)}
          |                                      ^
      126 |                     className="w-full rounded-md border 
border-gray-300 px-3 py-2 text-sm focus:outline-none focus:ring-2 
focus:ring-gray-900 disabled:opacity-50"
      127 |                 />
      128 |             </div>

      at printWarning 
(node_modules/react-dom/cjs/react-dom.development.js:86:30)
      at error (node_modules/react-dom/cjs/react-dom.development.js:60:7)
      at warnIfUpdatesNotWrappedWithActDEV 
(node_modules/react-dom/cjs/react-dom.development.js:27628:9)
      at scheduleUpdateOnFiber 
(node_modules/react-dom/cjs/react-dom.development.js:25547:5)
      at dispatchSetState 
(node_modules/react-dom/cjs/react-dom.development.js:16708:7)
      at onChange (src/auth/LoginForm/LoginForm.tsx:125:38)
      at HTMLUnknownElement.callCallback 
(node_modules/react-dom/cjs/react-dom.development.js:4164:14)
      at HTMLUnknownElement.callTheUserObjectsOperation 
(node_modules/jsdom/lib/jsdom/living/generated/EventListener.js:26:30)
      at innerInvokeEventListeners 
(node_modules/jsdom/lib/jsdom/living/events/EventTarget-impl.js:350:25)
      at invokeEventListeners 
(node_modules/jsdom/lib/jsdom/living/events/EventTarget-impl.js:286:3)
      at HTMLUnknownElementImpl._dispatch 
(node_modules/jsdom/lib/jsdom/living/events/EventTarget-impl.js:233:9)
      at HTMLUnknownElementImpl.dispatchEvent 
(node_modules/jsdom/lib/jsdom/living/events/EventTarget-impl.js:104:17)
      at HTMLUnknownElement.dispatchEvent 
(node_modules/jsdom/lib/jsdom/living/generated/EventTarget.js:241:34)
      at Object.invokeGuardedCallbackDev 
(node_modules/react-dom/cjs/react-dom.development.js:4213:16)
      at invokeGuardedCallback 
(node_modules/react-dom/cjs/react-dom.development.js:4277:31)
      at invokeGuardedCallbackAndCatchFirstError 
(node_modules/react-dom/cjs/react-dom.development.js:4291:25)
      at executeDispatch 
(node_modules/react-dom/cjs/react-dom.development.js:9041:3)
      at processDispatchQueueItemsInOrder 
(node_modules/react-dom/cjs/react-dom.development.js:9073:7)
      at processDispatchQueue 
(node_modules/react-dom/cjs/react-dom.development.js:9086:5)
      at dispatchEventsForPlugins 
(node_modules/react-dom/cjs/react-dom.development.js:9097:3)
      at node_modules/react-dom/cjs/react-dom.development.js:9288:12
      at batchedUpdates$1 
(node_modules/react-dom/cjs/react-dom.development.js:26179:12)
      at batchedUpdates 
(node_modules/react-dom/cjs/react-dom.development.js:3991:12)
      at dispatchEventForPluginEventSystem 
(node_modules/react-dom/cjs/react-dom.development.js:9287:3)
      at dispatchEventWithEnableCapturePhaseSelectiveHydrationWithoutDiscreteEv
entReplay (node_modules/react-dom/cjs/react-dom.development.js:6465:5)
      at dispatchEvent 
(node_modules/react-dom/cjs/react-dom.development.js:6457:5)
      at dispatchDiscreteEvent 
(node_modules/react-dom/cjs/react-dom.development.js:6430:5)
      at HTMLDivElement.callTheUserObjectsOperation 
(node_modules/jsdom/lib/jsdom/living/generated/EventListener.js:26:30)
      at innerInvokeEventListeners 
(node_modules/jsdom/lib/jsdom/living/events/EventTarget-impl.js:350:25)
      at invokeEventListeners 
(node_modules/jsdom/lib/jsdom/living/events/EventTarget-impl.js:286:3)
      at HTMLInputElementImpl._dispatch 
(node_modules/jsdom/lib/jsdom/living/events/EventTarget-impl.js:233:9)
      at HTMLInputElementImpl.dispatchEvent 
(node_modules/jsdom/lib/jsdom/living/events/EventTarget-impl.js:104:17)
      at HTMLInputElement.dispatchEvent 
(node_modules/jsdom/lib/jsdom/living/generated/EventTarget.js:241:34)
      at 
node_modules/@testing-library/user-event/dist/cjs/event/dispatchEvent.js:45:43
      at Object.eventWrapper 
(node_modules/@testing-library/dom/dist/config.js:25:23)
      at Object.wrapEvent 
(node_modules/@testing-library/user-event/dist/cjs/event/wrapEvent.js:6:28)
      at Object.dispatchEvent (node_modules/@testing-library/user-event/dist/cj
s/event/dispatchEvent.js:45:22)
      at Object.dispatchUIEvent (node_modules/@testing-library/user-event/dist/
cjs/event/dispatchEvent.js:22:26)
      at commitInput 
(node_modules/@testing-library/user-event/dist/cjs/event/input.js:145:14)
      at editInputElement 
(node_modules/@testing-library/user-event/dist/cjs/event/input.js:115:9)
      at Object.input 
(node_modules/@testing-library/user-event/dist/cjs/event/input.js:37:9)
      at node_modules/@testing-library/user-event/dist/cjs/event/behavior/keypr
ess.js:31:26
      at Object.dispatchEvent (node_modules/@testing-library/user-event/dist/cj
s/event/dispatchEvent.js:41:13)
      at Object.dispatchUIEvent (node_modules/@testing-library/user-event/dist/
cjs/event/dispatchEvent.js:22:26)
      at KeyboardHost.keydown 
(node_modules/@testing-library/user-event/dist/cjs/system/keyboard.js:76:22)
      at keyboardAction 
(node_modules/@testing-library/user-event/dist/cjs/keyboard/index.js:22:35)
      at Object.keyboard 
(node_modules/@testing-library/user-event/dist/cjs/keyboard/index.js:11:15)
      at Object.type 
(node_modules/@testing-library/user-event/dist/cjs/utility/type.js:17:5)
      at Object.<anonymous> (src/auth/auth.test.tsx:250:9)

    console.error
      Warning: An update to LoginForm inside a test was not wrapped in 
act(...).
      
      When testing, code that causes React state updates should be wrapped 
into act(...):
      
      act(() => {
        /* fire events that update state */
      });
      /* assert on the output */
      
      This ensures that you're testing the behavior the user would see in the 
browser. Learn more at https://reactjs.org/link/wrap-tests-with-act
          at LoginForm (C:\Users\samhe\OneDrive\Desktop\Cleaned\frontend\src\au
th\LoginForm\LoginForm.tsx:41:33)
          at div
          at div
          at LoginPage
          at routeContext (C:\Users\samhe\OneDrive\Desktop\Cleaned\frontend\nod
e_modules\react-router\lib\hooks.tsx:658:26)
          at children (C:\Users\samhe\OneDrive\Desktop\Cleaned\frontend\node_mo
dules\react-router\lib\components.tsx:512:3)
          at basenameProp (C:\Users\samhe\OneDrive\Desktop\Cleaned\frontend\nod
e_modules\react-router\lib\components.tsx:421:13)
          at basename (C:\Users\samhe\OneDrive\Desktop\Cleaned\frontend\node_mo
dules\react-router\lib\components.tsx:225:3)

      123 |                     placeholder="email@company.com"
      124 |                     value={email}
    > 125 |                     onChange={(e) => setEmail(e.target.value)}
          |                                      ^
      126 |                     className="w-full rounded-md border 
border-gray-300 px-3 py-2 text-sm focus:outline-none focus:ring-2 
focus:ring-gray-900 disabled:opacity-50"
      127 |                 />
      128 |             </div>

      at printWarning 
(node_modules/react-dom/cjs/react-dom.development.js:86:30)
      at error (node_modules/react-dom/cjs/react-dom.development.js:60:7)
      at warnIfUpdatesNotWrappedWithActDEV 
(node_modules/react-dom/cjs/react-dom.development.js:27628:9)
      at scheduleUpdateOnFiber 
(node_modules/react-dom/cjs/react-dom.development.js:25547:5)
      at dispatchSetState 
(node_modules/react-dom/cjs/react-dom.development.js:16708:7)
      at onChange (src/auth/LoginForm/LoginForm.tsx:125:38)
      at HTMLUnknownElement.callCallback 
(node_modules/react-dom/cjs/react-dom.development.js:4164:14)
      at HTMLUnknownElement.callTheUserObjectsOperation 
(node_modules/jsdom/lib/jsdom/living/generated/EventListener.js:26:30)
      at innerInvokeEventListeners 
(node_modules/jsdom/lib/jsdom/living/events/EventTarget-impl.js:350:25)
      at invokeEventListeners 
(node_modules/jsdom/lib/jsdom/living/events/EventTarget-impl.js:286:3)
      at HTMLUnknownElementImpl._dispatch 
(node_modules/jsdom/lib/jsdom/living/events/EventTarget-impl.js:233:9)
      at HTMLUnknownElementImpl.dispatchEvent 
(node_modules/jsdom/lib/jsdom/living/events/EventTarget-impl.js:104:17)
      at HTMLUnknownElement.dispatchEvent 
(node_modules/jsdom/lib/jsdom/living/generated/EventTarget.js:241:34)
      at Object.invokeGuardedCallbackDev 
(node_modules/react-dom/cjs/react-dom.development.js:4213:16)
      at invokeGuardedCallback 
(node_modules/react-dom/cjs/react-dom.development.js:4277:31)
      at invokeGuardedCallbackAndCatchFirstError 
(node_modules/react-dom/cjs/react-dom.development.js:4291:25)
      at executeDispatch 
(node_modules/react-dom/cjs/react-dom.development.js:9041:3)
      at processDispatchQueueItemsInOrder 
(node_modules/react-dom/cjs/react-dom.development.js:9073:7)
      at processDispatchQueue 
(node_modules/react-dom/cjs/react-dom.development.js:9086:5)
      at dispatchEventsForPlugins 
(node_modules/react-dom/cjs/react-dom.development.js:9097:3)
      at node_modules/react-dom/cjs/react-dom.development.js:9288:12
      at batchedUpdates$1 
(node_modules/react-dom/cjs/react-dom.development.js:26179:12)
      at batchedUpdates 
(node_modules/react-dom/cjs/react-dom.development.js:3991:12)
      at dispatchEventForPluginEventSystem 
(node_modules/react-dom/cjs/react-dom.development.js:9287:3)
      at dispatchEventWithEnableCapturePhaseSelectiveHydrationWithoutDiscreteEv
entReplay (node_modules/react-dom/cjs/react-dom.development.js:6465:5)
      at dispatchEvent 
(node_modules/react-dom/cjs/react-dom.development.js:6457:5)
      at dispatchDiscreteEvent 
(node_modules/react-dom/cjs/react-dom.development.js:6430:5)
      at HTMLDivElement.callTheUserObjectsOperation 
(node_modules/jsdom/lib/jsdom/living/generated/EventListener.js:26:30)
      at innerInvokeEventListeners 
(node_modules/jsdom/lib/jsdom/living/events/EventTarget-impl.js:350:25)
      at invokeEventListeners 
(node_modules/jsdom/lib/jsdom/living/events/EventTarget-impl.js:286:3)
      at HTMLInputElementImpl._dispatch 
(node_modules/jsdom/lib/jsdom/living/events/EventTarget-impl.js:233:9)
      at HTMLInputElementImpl.dispatchEvent 
(node_modules/jsdom/lib/jsdom/living/events/EventTarget-impl.js:104:17)
      at HTMLInputElement.dispatchEvent 
(node_modules/jsdom/lib/jsdom/living/generated/EventTarget.js:241:34)
      at 
node_modules/@testing-library/user-event/dist/cjs/event/dispatchEvent.js:45:43
      at Object.eventWrapper 
(node_modules/@testing-library/dom/dist/config.js:25:23)
      at Object.wrapEvent 
(node_modules/@testing-library/user-event/dist/cjs/event/wrapEvent.js:6:28)
      at Object.dispatchEvent (node_modules/@testing-library/user-event/dist/cj
s/event/dispatchEvent.js:45:22)
      at Object.dispatchUIEvent (node_modules/@testing-library/user-event/dist/
cjs/event/dispatchEvent.js:22:26)
      at commitInput 
(node_modules/@testing-library/user-event/dist/cjs/event/input.js:145:14)
      at editInputElement 
(node_modules/@testing-library/user-event/dist/cjs/event/input.js:115:9)
      at Object.input 
(node_modules/@testing-library/user-event/dist/cjs/event/input.js:37:9)
      at node_modules/@testing-library/user-event/dist/cjs/event/behavior/keypr
ess.js:31:26
      at Object.dispatchEvent (node_modules/@testing-library/user-event/dist/cj
s/event/dispatchEvent.js:41:13)
      at Object.dispatchUIEvent (node_modules/@testing-library/user-event/dist/
cjs/event/dispatchEvent.js:22:26)
      at KeyboardHost.keydown 
(node_modules/@testing-library/user-event/dist/cjs/system/keyboard.js:76:22)
      at keyboardAction 
(node_modules/@testing-library/user-event/dist/cjs/keyboard/index.js:22:35)
      at Object.keyboard 
(node_modules/@testing-library/user-event/dist/cjs/keyboard/index.js:11:15)
      at Object.type 
(node_modules/@testing-library/user-event/dist/cjs/utility/type.js:17:5)
      at Object.<anonymous> (src/auth/auth.test.tsx:250:9)

    console.error
      Warning: An update to LoginForm inside a test was not wrapped in 
act(...).
      
      When testing, code that causes React state updates should be wrapped 
into act(...):
      
      act(() => {
        /* fire events that update state */
      });
      /* assert on the output */
      
      This ensures that you're testing the behavior the user would see in the 
browser. Learn more at https://reactjs.org/link/wrap-tests-with-act
          at LoginForm (C:\Users\samhe\OneDrive\Desktop\Cleaned\frontend\src\au
th\LoginForm\LoginForm.tsx:41:33)
          at div
          at div
          at LoginPage
          at routeContext (C:\Users\samhe\OneDrive\Desktop\Cleaned\frontend\nod
e_modules\react-router\lib\hooks.tsx:658:26)
          at children (C:\Users\samhe\OneDrive\Desktop\Cleaned\frontend\node_mo
dules\react-router\lib\components.tsx:512:3)
          at basenameProp (C:\Users\samhe\OneDrive\Desktop\Cleaned\frontend\nod
e_modules\react-router\lib\components.tsx:421:13)
          at basename (C:\Users\samhe\OneDrive\Desktop\Cleaned\frontend\node_mo
dules\react-router\lib\components.tsx:225:3)

      123 |                     placeholder="email@company.com"
      124 |                     value={email}
    > 125 |                     onChange={(e) => setEmail(e.target.value)}
          |                                      ^
      126 |                     className="w-full rounded-md border 
border-gray-300 px-3 py-2 text-sm focus:outline-none focus:ring-2 
focus:ring-gray-900 disabled:opacity-50"
      127 |                 />
      128 |             </div>

      at printWarning 
(node_modules/react-dom/cjs/react-dom.development.js:86:30)
      at error (node_modules/react-dom/cjs/react-dom.development.js:60:7)
      at warnIfUpdatesNotWrappedWithActDEV 
(node_modules/react-dom/cjs/react-dom.development.js:27628:9)
      at scheduleUpdateOnFiber 
(node_modules/react-dom/cjs/react-dom.development.js:25547:5)
      at dispatchSetState 
(node_modules/react-dom/cjs/react-dom.development.js:16708:7)
      at onChange (src/auth/LoginForm/LoginForm.tsx:125:38)
      at HTMLUnknownElement.callCallback 
(node_modules/react-dom/cjs/react-dom.development.js:4164:14)
      at HTMLUnknownElement.callTheUserObjectsOperation 
(node_modules/jsdom/lib/jsdom/living/generated/EventListener.js:26:30)
      at innerInvokeEventListeners 
(node_modules/jsdom/lib/jsdom/living/events/EventTarget-impl.js:350:25)
      at invokeEventListeners 
(node_modules/jsdom/lib/jsdom/living/events/EventTarget-impl.js:286:3)
      at HTMLUnknownElementImpl._dispatch 
(node_modules/jsdom/lib/jsdom/living/events/EventTarget-impl.js:233:9)
      at HTMLUnknownElementImpl.dispatchEvent 
(node_modules/jsdom/lib/jsdom/living/events/EventTarget-impl.js:104:17)
      at HTMLUnknownElement.dispatchEvent 
(node_modules/jsdom/lib/jsdom/living/generated/EventTarget.js:241:34)
      at Object.invokeGuardedCallbackDev 
(node_modules/react-dom/cjs/react-dom.development.js:4213:16)
      at invokeGuardedCallback 
(node_modules/react-dom/cjs/react-dom.development.js:4277:31)
      at invokeGuardedCallbackAndCatchFirstError 
(node_modules/react-dom/cjs/react-dom.development.js:4291:25)
      at executeDispatch 
(node_modules/react-dom/cjs/react-dom.development.js:9041:3)
      at processDispatchQueueItemsInOrder 
(node_modules/react-dom/cjs/react-dom.development.js:9073:7)
      at processDispatchQueue 
(node_modules/react-dom/cjs/react-dom.development.js:9086:5)
      at dispatchEventsForPlugins 
(node_modules/react-dom/cjs/react-dom.development.js:9097:3)
      at node_modules/react-dom/cjs/react-dom.development.js:9288:12
      at batchedUpdates$1 
(node_modules/react-dom/cjs/react-dom.development.js:26179:12)
      at batchedUpdates 
(node_modules/react-dom/cjs/react-dom.development.js:3991:12)
      at dispatchEventForPluginEventSystem 
(node_modules/react-dom/cjs/react-dom.development.js:9287:3)
      at dispatchEventWithEnableCapturePhaseSelectiveHydrationWithoutDiscreteEv
entReplay (node_modules/react-dom/cjs/react-dom.development.js:6465:5)
      at dispatchEvent 
(node_modules/react-dom/cjs/react-dom.development.js:6457:5)
      at dispatchDiscreteEvent 
(node_modules/react-dom/cjs/react-dom.development.js:6430:5)
      at HTMLDivElement.callTheUserObjectsOperation 
(node_modules/jsdom/lib/jsdom/living/generated/EventListener.js:26:30)
      at innerInvokeEventListeners 
(node_modules/jsdom/lib/jsdom/living/events/EventTarget-impl.js:350:25)
      at invokeEventListeners 
(node_modules/jsdom/lib/jsdom/living/events/EventTarget-impl.js:286:3)
      at HTMLInputElementImpl._dispatch 
(node_modules/jsdom/lib/jsdom/living/events/EventTarget-impl.js:233:9)
      at HTMLInputElementImpl.dispatchEvent 
(node_modules/jsdom/lib/jsdom/living/events/EventTarget-impl.js:104:17)
      at HTMLInputElement.dispatchEvent 
(node_modules/jsdom/lib/jsdom/living/generated/EventTarget.js:241:34)
      at 
node_modules/@testing-library/user-event/dist/cjs/event/dispatchEvent.js:45:43
      at Object.eventWrapper 
(node_modules/@testing-library/dom/dist/config.js:25:23)
      at Object.wrapEvent 
(node_modules/@testing-library/user-event/dist/cjs/event/wrapEvent.js:6:28)
      at Object.dispatchEvent (node_modules/@testing-library/user-event/dist/cj
s/event/dispatchEvent.js:45:22)
      at Object.dispatchUIEvent (node_modules/@testing-library/user-event/dist/
cjs/event/dispatchEvent.js:22:26)
      at commitInput 
(node_modules/@testing-library/user-event/dist/cjs/event/input.js:145:14)
      at editInputElement 
(node_modules/@testing-library/user-event/dist/cjs/event/input.js:115:9)
      at Object.input 
(node_modules/@testing-library/user-event/dist/cjs/event/input.js:37:9)
      at node_modules/@testing-library/user-event/dist/cjs/event/behavior/keypr
ess.js:31:26
      at Object.dispatchEvent (node_modules/@testing-library/user-event/dist/cj
s/event/dispatchEvent.js:41:13)
      at Object.dispatchUIEvent (node_modules/@testing-library/user-event/dist/
cjs/event/dispatchEvent.js:22:26)
      at KeyboardHost.keydown 
(node_modules/@testing-library/user-event/dist/cjs/system/keyboard.js:76:22)
      at keyboardAction 
(node_modules/@testing-library/user-event/dist/cjs/keyboard/index.js:22:35)
      at Object.keyboard 
(node_modules/@testing-library/user-event/dist/cjs/keyboard/index.js:11:15)
      at Object.type 
(node_modules/@testing-library/user-event/dist/cjs/utility/type.js:17:5)
      at Object.<anonymous> (src/auth/auth.test.tsx:250:9)

    console.error
      Warning: An update to LoginForm inside a test was not wrapped in 
act(...).
      
      When testing, code that causes React state updates should be wrapped 
into act(...):
      
      act(() => {
        /* fire events that update state */
      });
      /* assert on the output */
      
      This ensures that you're testing the behavior the user would see in the 
browser. Learn more at https://reactjs.org/link/wrap-tests-with-act
          at LoginForm (C:\Users\samhe\OneDrive\Desktop\Cleaned\frontend\src\au
th\LoginForm\LoginForm.tsx:41:33)
          at div
          at div
          at LoginPage
          at routeContext (C:\Users\samhe\OneDrive\Desktop\Cleaned\frontend\nod
e_modules\react-router\lib\hooks.tsx:658:26)
          at children (C:\Users\samhe\OneDrive\Desktop\Cleaned\frontend\node_mo
dules\react-router\lib\components.tsx:512:3)
          at basenameProp (C:\Users\samhe\OneDrive\Desktop\Cleaned\frontend\nod
e_modules\react-router\lib\components.tsx:421:13)
          at basename (C:\Users\samhe\OneDrive\Desktop\Cleaned\frontend\node_mo
dules\react-router\lib\components.tsx:225:3)

      141 |                         placeholder="Enter your password"
      142 |                         value={password}
    > 143 |                         onChange={(e) => 
setPassword(e.target.value)}
          |                                          ^
      144 |                         className="w-full rounded-md border 
border-gray-300 px-3 py-2 pr-10 text-sm focus:outline-none focus:ring-2 
focus:ring-gray-900 disabled:opacity-50"
      145 |                     />
      146 |                     <button

      at printWarning 
(node_modules/react-dom/cjs/react-dom.development.js:86:30)
      at error (node_modules/react-dom/cjs/react-dom.development.js:60:7)
      at warnIfUpdatesNotWrappedWithActDEV 
(node_modules/react-dom/cjs/react-dom.development.js:27628:9)
      at scheduleUpdateOnFiber 
(node_modules/react-dom/cjs/react-dom.development.js:25547:5)
      at dispatchSetState 
(node_modules/react-dom/cjs/react-dom.development.js:16708:7)
      at onChange (src/auth/LoginForm/LoginForm.tsx:143:42)
      at HTMLUnknownElement.callCallback 
(node_modules/react-dom/cjs/react-dom.development.js:4164:14)
      at HTMLUnknownElement.callTheUserObjectsOperation 
(node_modules/jsdom/lib/jsdom/living/generated/EventListener.js:26:30)
      at innerInvokeEventListeners 
(node_modules/jsdom/lib/jsdom/living/events/EventTarget-impl.js:350:25)
      at invokeEventListeners 
(node_modules/jsdom/lib/jsdom/living/events/EventTarget-impl.js:286:3)
      at HTMLUnknownElementImpl._dispatch 
(node_modules/jsdom/lib/jsdom/living/events/EventTarget-impl.js:233:9)
      at HTMLUnknownElementImpl.dispatchEvent 
(node_modules/jsdom/lib/jsdom/living/events/EventTarget-impl.js:104:17)
      at HTMLUnknownElement.dispatchEvent 
(node_modules/jsdom/lib/jsdom/living/generated/EventTarget.js:241:34)
      at Object.invokeGuardedCallbackDev 
(node_modules/react-dom/cjs/react-dom.development.js:4213:16)
      at invokeGuardedCallback 
(node_modules/react-dom/cjs/react-dom.development.js:4277:31)
      at invokeGuardedCallbackAndCatchFirstError 
(node_modules/react-dom/cjs/react-dom.development.js:4291:25)
      at executeDispatch 
(node_modules/react-dom/cjs/react-dom.development.js:9041:3)
      at processDispatchQueueItemsInOrder 
(node_modules/react-dom/cjs/react-dom.development.js:9073:7)
      at processDispatchQueue 
(node_modules/react-dom/cjs/react-dom.development.js:9086:5)
      at dispatchEventsForPlugins 
(node_modules/react-dom/cjs/react-dom.development.js:9097:3)
      at node_modules/react-dom/cjs/react-dom.development.js:9288:12
      at batchedUpdates$1 
(node_modules/react-dom/cjs/react-dom.development.js:26179:12)
      at batchedUpdates 
(node_modules/react-dom/cjs/react-dom.development.js:3991:12)
      at dispatchEventForPluginEventSystem 
(node_modules/react-dom/cjs/react-dom.development.js:9287:3)
      at dispatchEventWithEnableCapturePhaseSelectiveHydrationWithoutDiscreteEv
entReplay (node_modules/react-dom/cjs/react-dom.development.js:6465:5)
      at dispatchEvent 
(node_modules/react-dom/cjs/react-dom.development.js:6457:5)
      at dispatchDiscreteEvent 
(node_modules/react-dom/cjs/react-dom.development.js:6430:5)
      at HTMLDivElement.callTheUserObjectsOperation 
(node_modules/jsdom/lib/jsdom/living/generated/EventListener.js:26:30)
      at innerInvokeEventListeners 
(node_modules/jsdom/lib/jsdom/living/events/EventTarget-impl.js:350:25)
      at invokeEventListeners 
(node_modules/jsdom/lib/jsdom/living/events/EventTarget-impl.js:286:3)
      at HTMLInputElementImpl._dispatch 
(node_modules/jsdom/lib/jsdom/living/events/EventTarget-impl.js:233:9)
      at HTMLInputElementImpl.dispatchEvent 
(node_modules/jsdom/lib/jsdom/living/events/EventTarget-impl.js:104:17)
      at HTMLInputElement.dispatchEvent 
(node_modules/jsdom/lib/jsdom/living/generated/EventTarget.js:241:34)
      at 
node_modules/@testing-library/user-event/dist/cjs/event/dispatchEvent.js:45:43
      at Object.eventWrapper 
(node_modules/@testing-library/dom/dist/config.js:25:23)
      at Object.wrapEvent 
(node_modules/@testing-library/user-event/dist/cjs/event/wrapEvent.js:6:28)
      at Object.dispatchEvent (node_modules/@testing-library/user-event/dist/cj
s/event/dispatchEvent.js:45:22)
      at Object.dispatchUIEvent (node_modules/@testing-library/user-event/dist/
cjs/event/dispatchEvent.js:22:26)
      at commitInput 
(node_modules/@testing-library/user-event/dist/cjs/event/input.js:145:14)
      at editInputElement 
(node_modules/@testing-library/user-event/dist/cjs/event/input.js:115:9)
      at Object.input 
(node_modules/@testing-library/user-event/dist/cjs/event/input.js:37:9)
      at node_modules/@testing-library/user-event/dist/cjs/event/behavior/keypr
ess.js:31:26
      at Object.dispatchEvent (node_modules/@testing-library/user-event/dist/cj
s/event/dispatchEvent.js:41:13)
      at Object.dispatchUIEvent (node_modules/@testing-library/user-event/dist/
cjs/event/dispatchEvent.js:22:26)
      at KeyboardHost.keydown 
(node_modules/@testing-library/user-event/dist/cjs/system/keyboard.js:76:22)
      at keyboardAction 
(node_modules/@testing-library/user-event/dist/cjs/keyboard/index.js:22:35)
      at Object.keyboard 
(node_modules/@testing-library/user-event/dist/cjs/keyboard/index.js:11:15)
      at Object.type 
(node_modules/@testing-library/user-event/dist/cjs/utility/type.js:17:5)
      at Object.<anonymous> (src/auth/auth.test.tsx:251:9)

    console.error
      Warning: An update to LoginForm inside a test was not wrapped in 
act(...).
      
      When testing, code that causes React state updates should be wrapped 
into act(...):
      
      act(() => {
        /* fire events that update state */
      });
      /* assert on the output */
      
      This ensures that you're testing the behavior the user would see in the 
browser. Learn more at https://reactjs.org/link/wrap-tests-with-act
          at LoginForm (C:\Users\samhe\OneDrive\Desktop\Cleaned\frontend\src\au
th\LoginForm\LoginForm.tsx:41:33)
          at div
          at div
          at LoginPage
          at routeContext (C:\Users\samhe\OneDrive\Desktop\Cleaned\frontend\nod
e_modules\react-router\lib\hooks.tsx:658:26)
          at children (C:\Users\samhe\OneDrive\Desktop\Cleaned\frontend\node_mo
dules\react-router\lib\components.tsx:512:3)
          at basenameProp (C:\Users\samhe\OneDrive\Desktop\Cleaned\frontend\nod
e_modules\react-router\lib\components.tsx:421:13)
          at basename (C:\Users\samhe\OneDrive\Desktop\Cleaned\frontend\node_mo
dules\react-router\lib\components.tsx:225:3)

      141 |                         placeholder="Enter your password"
      142 |                         value={password}
    > 143 |                         onChange={(e) => 
setPassword(e.target.value)}
          |                                          ^
      144 |                         className="w-full rounded-md border 
border-gray-300 px-3 py-2 pr-10 text-sm focus:outline-none focus:ring-2 
focus:ring-gray-900 disabled:opacity-50"
      145 |                     />
      146 |                     <button

      at printWarning 
(node_modules/react-dom/cjs/react-dom.development.js:86:30)
      at error (node_modules/react-dom/cjs/react-dom.development.js:60:7)
      at warnIfUpdatesNotWrappedWithActDEV 
(node_modules/react-dom/cjs/react-dom.development.js:27628:9)
      at scheduleUpdateOnFiber 
(node_modules/react-dom/cjs/react-dom.development.js:25547:5)
      at dispatchSetState 
(node_modules/react-dom/cjs/react-dom.development.js:16708:7)
      at onChange (src/auth/LoginForm/LoginForm.tsx:143:42)
      at HTMLUnknownElement.callCallback 
(node_modules/react-dom/cjs/react-dom.development.js:4164:14)
      at HTMLUnknownElement.callTheUserObjectsOperation 
(node_modules/jsdom/lib/jsdom/living/generated/EventListener.js:26:30)
      at innerInvokeEventListeners 
(node_modules/jsdom/lib/jsdom/living/events/EventTarget-impl.js:350:25)
      at invokeEventListeners 
(node_modules/jsdom/lib/jsdom/living/events/EventTarget-impl.js:286:3)
      at HTMLUnknownElementImpl._dispatch 
(node_modules/jsdom/lib/jsdom/living/events/EventTarget-impl.js:233:9)
      at HTMLUnknownElementImpl.dispatchEvent 
(node_modules/jsdom/lib/jsdom/living/events/EventTarget-impl.js:104:17)
      at HTMLUnknownElement.dispatchEvent 
(node_modules/jsdom/lib/jsdom/living/generated/EventTarget.js:241:34)
      at Object.invokeGuardedCallbackDev 
(node_modules/react-dom/cjs/react-dom.development.js:4213:16)
      at invokeGuardedCallback 
(node_modules/react-dom/cjs/react-dom.development.js:4277:31)
      at invokeGuardedCallbackAndCatchFirstError 
(node_modules/react-dom/cjs/react-dom.development.js:4291:25)
      at executeDispatch 
(node_modules/react-dom/cjs/react-dom.development.js:9041:3)
      at processDispatchQueueItemsInOrder 
(node_modules/react-dom/cjs/react-dom.development.js:9073:7)
      at processDispatchQueue 
(node_modules/react-dom/cjs/react-dom.development.js:9086:5)
      at dispatchEventsForPlugins 
(node_modules/react-dom/cjs/react-dom.development.js:9097:3)
      at node_modules/react-dom/cjs/react-dom.development.js:9288:12
      at batchedUpdates$1 
(node_modules/react-dom/cjs/react-dom.development.js:26179:12)
      at batchedUpdates 
(node_modules/react-dom/cjs/react-dom.development.js:3991:12)
      at dispatchEventForPluginEventSystem 
(node_modules/react-dom/cjs/react-dom.development.js:9287:3)
      at dispatchEventWithEnableCapturePhaseSelectiveHydrationWithoutDiscreteEv
entReplay (node_modules/react-dom/cjs/react-dom.development.js:6465:5)
      at dispatchEvent 
(node_modules/react-dom/cjs/react-dom.development.js:6457:5)
      at dispatchDiscreteEvent 
(node_modules/react-dom/cjs/react-dom.development.js:6430:5)
      at HTMLDivElement.callTheUserObjectsOperation 
(node_modules/jsdom/lib/jsdom/living/generated/EventListener.js:26:30)
      at innerInvokeEventListeners 
(node_modules/jsdom/lib/jsdom/living/events/EventTarget-impl.js:350:25)
      at invokeEventListeners 
(node_modules/jsdom/lib/jsdom/living/events/EventTarget-impl.js:286:3)
      at HTMLInputElementImpl._dispatch 
(node_modules/jsdom/lib/jsdom/living/events/EventTarget-impl.js:233:9)
      at HTMLInputElementImpl.dispatchEvent 
(node_modules/jsdom/lib/jsdom/living/events/EventTarget-impl.js:104:17)
      at HTMLInputElement.dispatchEvent 
(node_modules/jsdom/lib/jsdom/living/generated/EventTarget.js:241:34)
      at 
node_modules/@testing-library/user-event/dist/cjs/event/dispatchEvent.js:45:43
      at Object.eventWrapper 
(node_modules/@testing-library/dom/dist/config.js:25:23)
      at Object.wrapEvent 
(node_modules/@testing-library/user-event/dist/cjs/event/wrapEvent.js:6:28)
      at Object.dispatchEvent (node_modules/@testing-library/user-event/dist/cj
s/event/dispatchEvent.js:45:22)
      at Object.dispatchUIEvent (node_modules/@testing-library/user-event/dist/
cjs/event/dispatchEvent.js:22:26)
      at commitInput 
(node_modules/@testing-library/user-event/dist/cjs/event/input.js:145:14)
      at editInputElement 
(node_modules/@testing-library/user-event/dist/cjs/event/input.js:115:9)
      at Object.input 
(node_modules/@testing-library/user-event/dist/cjs/event/input.js:37:9)
      at node_modules/@testing-library/user-event/dist/cjs/event/behavior/keypr
ess.js:31:26
      at Object.dispatchEvent (node_modules/@testing-library/user-event/dist/cj
s/event/dispatchEvent.js:41:13)
      at Object.dispatchUIEvent (node_modules/@testing-library/user-event/dist/
cjs/event/dispatchEvent.js:22:26)
      at KeyboardHost.keydown 
(node_modules/@testing-library/user-event/dist/cjs/system/keyboard.js:76:22)
      at keyboardAction 
(node_modules/@testing-library/user-event/dist/cjs/keyboard/index.js:22:35)
      at Object.keyboard 
(node_modules/@testing-library/user-event/dist/cjs/keyboard/index.js:11:15)
      at Object.type 
(node_modules/@testing-library/user-event/dist/cjs/utility/type.js:17:5)
      at Object.<anonymous> (src/auth/auth.test.tsx:251:9)

    console.error
      Warning: An update to LoginForm inside a test was not wrapped in 
act(...).
      
      When testing, code that causes React state updates should be wrapped 
into act(...):
      
      act(() => {
        /* fire events that update state */
      });
      /* assert on the output */
      
      This ensures that you're testing the behavior the user would see in the 
browser. Learn more at https://reactjs.org/link/wrap-tests-with-act
          at LoginForm (C:\Users\samhe\OneDrive\Desktop\Cleaned\frontend\src\au
th\LoginForm\LoginForm.tsx:41:33)
          at div
          at div
          at LoginPage
          at routeContext (C:\Users\samhe\OneDrive\Desktop\Cleaned\frontend\nod
e_modules\react-router\lib\hooks.tsx:658:26)
          at children (C:\Users\samhe\OneDrive\Desktop\Cleaned\frontend\node_mo
dules\react-router\lib\components.tsx:512:3)
          at basenameProp (C:\Users\samhe\OneDrive\Desktop\Cleaned\frontend\nod
e_modules\react-router\lib\components.tsx:421:13)
          at basename (C:\Users\samhe\OneDrive\Desktop\Cleaned\frontend\node_mo
dules\react-router\lib\components.tsx:225:3)

      141 |                         placeholder="Enter your password"
      142 |                         value={password}
    > 143 |                         onChange={(e) => 
setPassword(e.target.value)}
          |                                          ^
      144 |                         className="w-full rounded-md border 
border-gray-300 px-3 py-2 pr-10 text-sm focus:outline-none focus:ring-2 
focus:ring-gray-900 disabled:opacity-50"
      145 |                     />
      146 |                     <button

      at printWarning 
(node_modules/react-dom/cjs/react-dom.development.js:86:30)
      at error (node_modules/react-dom/cjs/react-dom.development.js:60:7)
      at warnIfUpdatesNotWrappedWithActDEV 
(node_modules/react-dom/cjs/react-dom.development.js:27628:9)
      at scheduleUpdateOnFiber 
(node_modules/react-dom/cjs/react-dom.development.js:25547:5)
      at dispatchSetState 
(node_modules/react-dom/cjs/react-dom.development.js:16708:7)
      at onChange (src/auth/LoginForm/LoginForm.tsx:143:42)
      at HTMLUnknownElement.callCallback 
(node_modules/react-dom/cjs/react-dom.development.js:4164:14)
      at HTMLUnknownElement.callTheUserObjectsOperation 
(node_modules/jsdom/lib/jsdom/living/generated/EventListener.js:26:30)
      at innerInvokeEventListeners 
(node_modules/jsdom/lib/jsdom/living/events/EventTarget-impl.js:350:25)
      at invokeEventListeners 
(node_modules/jsdom/lib/jsdom/living/events/EventTarget-impl.js:286:3)
      at HTMLUnknownElementImpl._dispatch 
(node_modules/jsdom/lib/jsdom/living/events/EventTarget-impl.js:233:9)
      at HTMLUnknownElementImpl.dispatchEvent 
(node_modules/jsdom/lib/jsdom/living/events/EventTarget-impl.js:104:17)
      at HTMLUnknownElement.dispatchEvent 
(node_modules/jsdom/lib/jsdom/living/generated/EventTarget.js:241:34)
      at Object.invokeGuardedCallbackDev 
(node_modules/react-dom/cjs/react-dom.development.js:4213:16)
      at invokeGuardedCallback 
(node_modules/react-dom/cjs/react-dom.development.js:4277:31)
      at invokeGuardedCallbackAndCatchFirstError 
(node_modules/react-dom/cjs/react-dom.development.js:4291:25)
      at executeDispatch 
(node_modules/react-dom/cjs/react-dom.development.js:9041:3)
      at processDispatchQueueItemsInOrder 
(node_modules/react-dom/cjs/react-dom.development.js:9073:7)
      at processDispatchQueue 
(node_modules/react-dom/cjs/react-dom.development.js:9086:5)
      at dispatchEventsForPlugins 
(node_modules/react-dom/cjs/react-dom.development.js:9097:3)
      at node_modules/react-dom/cjs/react-dom.development.js:9288:12
      at batchedUpdates$1 
(node_modules/react-dom/cjs/react-dom.development.js:26179:12)
      at batchedUpdates 
(node_modules/react-dom/cjs/react-dom.development.js:3991:12)
      at dispatchEventForPluginEventSystem 
(node_modules/react-dom/cjs/react-dom.development.js:9287:3)
      at dispatchEventWithEnableCapturePhaseSelectiveHydrationWithoutDiscreteEv
entReplay (node_modules/react-dom/cjs/react-dom.development.js:6465:5)
      at dispatchEvent 
(node_modules/react-dom/cjs/react-dom.development.js:6457:5)
      at dispatchDiscreteEvent 
(node_modules/react-dom/cjs/react-dom.development.js:6430:5)
      at HTMLDivElement.callTheUserObjectsOperation 
(node_modules/jsdom/lib/jsdom/living/generated/EventListener.js:26:30)
      at innerInvokeEventListeners 
(node_modules/jsdom/lib/jsdom/living/events/EventTarget-impl.js:350:25)
      at invokeEventListeners 
(node_modules/jsdom/lib/jsdom/living/events/EventTarget-impl.js:286:3)
      at HTMLInputElementImpl._dispatch 
(node_modules/jsdom/lib/jsdom/living/events/EventTarget-impl.js:233:9)
      at HTMLInputElementImpl.dispatchEvent 
(node_modules/jsdom/lib/jsdom/living/events/EventTarget-impl.js:104:17)
      at HTMLInputElement.dispatchEvent 
(node_modules/jsdom/lib/jsdom/living/generated/EventTarget.js:241:34)
      at 
node_modules/@testing-library/user-event/dist/cjs/event/dispatchEvent.js:45:43
      at Object.eventWrapper 
(node_modules/@testing-library/dom/dist/config.js:25:23)
      at Object.wrapEvent 
(node_modules/@testing-library/user-event/dist/cjs/event/wrapEvent.js:6:28)
      at Object.dispatchEvent (node_modules/@testing-library/user-event/dist/cj
s/event/dispatchEvent.js:45:22)
      at Object.dispatchUIEvent (node_modules/@testing-library/user-event/dist/
cjs/event/dispatchEvent.js:22:26)
      at commitInput 
(node_modules/@testing-library/user-event/dist/cjs/event/input.js:145:14)
      at editInputElement 
(node_modules/@testing-library/user-event/dist/cjs/event/input.js:115:9)
      at Object.input 
(node_modules/@testing-library/user-event/dist/cjs/event/input.js:37:9)
      at node_modules/@testing-library/user-event/dist/cjs/event/behavior/keypr
ess.js:31:26
      at Object.dispatchEvent (node_modules/@testing-library/user-event/dist/cj
s/event/dispatchEvent.js:41:13)
      at Object.dispatchUIEvent (node_modules/@testing-library/user-event/dist/
cjs/event/dispatchEvent.js:22:26)
      at KeyboardHost.keydown 
(node_modules/@testing-library/user-event/dist/cjs/system/keyboard.js:76:22)
      at keyboardAction 
(node_modules/@testing-library/user-event/dist/cjs/keyboard/index.js:22:35)
      at Object.keyboard 
(node_modules/@testing-library/user-event/dist/cjs/keyboard/index.js:11:15)
      at Object.type 
(node_modules/@testing-library/user-event/dist/cjs/utility/type.js:17:5)
      at Object.<anonymous> (src/auth/auth.test.tsx:251:9)

    console.error
      Warning: An update to LoginForm inside a test was not wrapped in 
act(...).
      
      When testing, code that causes React state updates should be wrapped 
into act(...):
      
      act(() => {
        /* fire events that update state */
      });
      /* assert on the output */
      
      This ensures that you're testing the behavior the user would see in the 
browser. Learn more at https://reactjs.org/link/wrap-tests-with-act
          at LoginForm (C:\Users\samhe\OneDrive\Desktop\Cleaned\frontend\src\au
th\LoginForm\LoginForm.tsx:41:33)
          at div
          at div
          at LoginPage
          at routeContext (C:\Users\samhe\OneDrive\Desktop\Cleaned\frontend\nod
e_modules\react-router\lib\hooks.tsx:658:26)
          at children (C:\Users\samhe\OneDrive\Desktop\Cleaned\frontend\node_mo
dules\react-router\lib\components.tsx:512:3)
          at basenameProp (C:\Users\samhe\OneDrive\Desktop\Cleaned\frontend\nod
e_modules\react-router\lib\components.tsx:421:13)
          at basename (C:\Users\samhe\OneDrive\Desktop\Cleaned\frontend\node_mo
dules\react-router\lib\components.tsx:225:3)

      141 |                         placeholder="Enter your password"
      142 |                         value={password}
    > 143 |                         onChange={(e) => 
setPassword(e.target.value)}
          |                                          ^
      144 |                         className="w-full rounded-md border 
border-gray-300 px-3 py-2 pr-10 text-sm focus:outline-none focus:ring-2 
focus:ring-gray-900 disabled:opacity-50"
      145 |                     />
      146 |                     <button

      at printWarning 
(node_modules/react-dom/cjs/react-dom.development.js:86:30)
      at error (node_modules/react-dom/cjs/react-dom.development.js:60:7)
      at warnIfUpdatesNotWrappedWithActDEV 
(node_modules/react-dom/cjs/react-dom.development.js:27628:9)
      at scheduleUpdateOnFiber 
(node_modules/react-dom/cjs/react-dom.development.js:25547:5)
      at dispatchSetState 
(node_modules/react-dom/cjs/react-dom.development.js:16708:7)
      at onChange (src/auth/LoginForm/LoginForm.tsx:143:42)
      at HTMLUnknownElement.callCallback 
(node_modules/react-dom/cjs/react-dom.development.js:4164:14)
      at HTMLUnknownElement.callTheUserObjectsOperation 
(node_modules/jsdom/lib/jsdom/living/generated/EventListener.js:26:30)
      at innerInvokeEventListeners 
(node_modules/jsdom/lib/jsdom/living/events/EventTarget-impl.js:350:25)
      at invokeEventListeners 
(node_modules/jsdom/lib/jsdom/living/events/EventTarget-impl.js:286:3)
      at HTMLUnknownElementImpl._dispatch 
(node_modules/jsdom/lib/jsdom/living/events/EventTarget-impl.js:233:9)
      at HTMLUnknownElementImpl.dispatchEvent 
(node_modules/jsdom/lib/jsdom/living/events/EventTarget-impl.js:104:17)
      at HTMLUnknownElement.dispatchEvent 
(node_modules/jsdom/lib/jsdom/living/generated/EventTarget.js:241:34)
      at Object.invokeGuardedCallbackDev 
(node_modules/react-dom/cjs/react-dom.development.js:4213:16)
      at invokeGuardedCallback 
(node_modules/react-dom/cjs/react-dom.development.js:4277:31)
      at invokeGuardedCallbackAndCatchFirstError 
(node_modules/react-dom/cjs/react-dom.development.js:4291:25)
      at executeDispatch 
(node_modules/react-dom/cjs/react-dom.development.js:9041:3)
      at processDispatchQueueItemsInOrder 
(node_modules/react-dom/cjs/react-dom.development.js:9073:7)
      at processDispatchQueue 
(node_modules/react-dom/cjs/react-dom.development.js:9086:5)
      at dispatchEventsForPlugins 
(node_modules/react-dom/cjs/react-dom.development.js:9097:3)
      at node_modules/react-dom/cjs/react-dom.development.js:9288:12
      at batchedUpdates$1 
(node_modules/react-dom/cjs/react-dom.development.js:26179:12)
      at batchedUpdates 
(node_modules/react-dom/cjs/react-dom.development.js:3991:12)
      at dispatchEventForPluginEventSystem 
(node_modules/react-dom/cjs/react-dom.development.js:9287:3)
      at dispatchEventWithEnableCapturePhaseSelectiveHydrationWithoutDiscreteEv
entReplay (node_modules/react-dom/cjs/react-dom.development.js:6465:5)
      at dispatchEvent 
(node_modules/react-dom/cjs/react-dom.development.js:6457:5)
      at dispatchDiscreteEvent 
(node_modules/react-dom/cjs/react-dom.development.js:6430:5)
      at HTMLDivElement.callTheUserObjectsOperation 
(node_modules/jsdom/lib/jsdom/living/generated/EventListener.js:26:30)
      at innerInvokeEventListeners 
(node_modules/jsdom/lib/jsdom/living/events/EventTarget-impl.js:350:25)
      at invokeEventListeners 
(node_modules/jsdom/lib/jsdom/living/events/EventTarget-impl.js:286:3)
      at HTMLInputElementImpl._dispatch 
(node_modules/jsdom/lib/jsdom/living/events/EventTarget-impl.js:233:9)
      at HTMLInputElementImpl.dispatchEvent 
(node_modules/jsdom/lib/jsdom/living/events/EventTarget-impl.js:104:17)
      at HTMLInputElement.dispatchEvent 
(node_modules/jsdom/lib/jsdom/living/generated/EventTarget.js:241:34)
      at 
node_modules/@testing-library/user-event/dist/cjs/event/dispatchEvent.js:45:43
      at Object.eventWrapper 
(node_modules/@testing-library/dom/dist/config.js:25:23)
      at Object.wrapEvent 
(node_modules/@testing-library/user-event/dist/cjs/event/wrapEvent.js:6:28)
      at Object.dispatchEvent (node_modules/@testing-library/user-event/dist/cj
s/event/dispatchEvent.js:45:22)
      at Object.dispatchUIEvent (node_modules/@testing-library/user-event/dist/
cjs/event/dispatchEvent.js:22:26)
      at commitInput 
(node_modules/@testing-library/user-event/dist/cjs/event/input.js:145:14)
      at editInputElement 
(node_modules/@testing-library/user-event/dist/cjs/event/input.js:115:9)
      at Object.input 
(node_modules/@testing-library/user-event/dist/cjs/event/input.js:37:9)
      at node_modules/@testing-library/user-event/dist/cjs/event/behavior/keypr
ess.js:31:26
      at Object.dispatchEvent (node_modules/@testing-library/user-event/dist/cj
s/event/dispatchEvent.js:41:13)
      at Object.dispatchUIEvent (node_modules/@testing-library/user-event/dist/
cjs/event/dispatchEvent.js:22:26)
      at KeyboardHost.keydown 
(node_modules/@testing-library/user-event/dist/cjs/system/keyboard.js:76:22)
      at keyboardAction 
(node_modules/@testing-library/user-event/dist/cjs/keyboard/index.js:22:35)
      at Object.keyboard 
(node_modules/@testing-library/user-event/dist/cjs/keyboard/index.js:11:15)
      at Object.type 
(node_modules/@testing-library/user-event/dist/cjs/utility/type.js:17:5)
      at Object.<anonymous> (src/auth/auth.test.tsx:251:9)

    console.error
      Warning: An update to LoginForm inside a test was not wrapped in 
act(...).
      
      When testing, code that causes React state updates should be wrapped 
into act(...):
      
      act(() => {
        /* fire events that update state */
      });
      /* assert on the output */
      
      This ensures that you're testing the behavior the user would see in the 
browser. Learn more at https://reactjs.org/link/wrap-tests-with-act
          at LoginForm (C:\Users\samhe\OneDrive\Desktop\Cleaned\frontend\src\au
th\LoginForm\LoginForm.tsx:41:33)
          at div
          at div
          at LoginPage
          at routeContext (C:\Users\samhe\OneDrive\Desktop\Cleaned\frontend\nod
e_modules\react-router\lib\hooks.tsx:658:26)
          at children (C:\Users\samhe\OneDrive\Desktop\Cleaned\frontend\node_mo
dules\react-router\lib\components.tsx:512:3)
          at basenameProp (C:\Users\samhe\OneDrive\Desktop\Cleaned\frontend\nod
e_modules\react-router\lib\components.tsx:421:13)
          at basename (C:\Users\samhe\OneDrive\Desktop\Cleaned\frontend\node_mo
dules\react-router\lib\components.tsx:225:3)

      141 |                         placeholder="Enter your password"
      142 |                         value={password}
    > 143 |                         onChange={(e) => 
setPassword(e.target.value)}
          |                                          ^
      144 |                         className="w-full rounded-md border 
border-gray-300 px-3 py-2 pr-10 text-sm focus:outline-none focus:ring-2 
focus:ring-gray-900 disabled:opacity-50"
      145 |                     />
      146 |                     <button

      at printWarning 
(node_modules/react-dom/cjs/react-dom.development.js:86:30)
      at error (node_modules/react-dom/cjs/react-dom.development.js:60:7)
      at warnIfUpdatesNotWrappedWithActDEV 
(node_modules/react-dom/cjs/react-dom.development.js:27628:9)
      at scheduleUpdateOnFiber 
(node_modules/react-dom/cjs/react-dom.development.js:25547:5)
      at dispatchSetState 
(node_modules/react-dom/cjs/react-dom.development.js:16708:7)
      at onChange (src/auth/LoginForm/LoginForm.tsx:143:42)
      at HTMLUnknownElement.callCallback 
(node_modules/react-dom/cjs/react-dom.development.js:4164:14)
      at HTMLUnknownElement.callTheUserObjectsOperation 
(node_modules/jsdom/lib/jsdom/living/generated/EventListener.js:26:30)
      at innerInvokeEventListeners 
(node_modules/jsdom/lib/jsdom/living/events/EventTarget-impl.js:350:25)
      at invokeEventListeners 
(node_modules/jsdom/lib/jsdom/living/events/EventTarget-impl.js:286:3)
      at HTMLUnknownElementImpl._dispatch 
(node_modules/jsdom/lib/jsdom/living/events/EventTarget-impl.js:233:9)
      at HTMLUnknownElementImpl.dispatchEvent 
(node_modules/jsdom/lib/jsdom/living/events/EventTarget-impl.js:104:17)
      at HTMLUnknownElement.dispatchEvent 
(node_modules/jsdom/lib/jsdom/living/generated/EventTarget.js:241:34)
      at Object.invokeGuardedCallbackDev 
(node_modules/react-dom/cjs/react-dom.development.js:4213:16)
      at invokeGuardedCallback 
(node_modules/react-dom/cjs/react-dom.development.js:4277:31)
      at invokeGuardedCallbackAndCatchFirstError 
(node_modules/react-dom/cjs/react-dom.development.js:4291:25)
      at executeDispatch 
(node_modules/react-dom/cjs/react-dom.development.js:9041:3)
      at processDispatchQueueItemsInOrder 
(node_modules/react-dom/cjs/react-dom.development.js:9073:7)
      at processDispatchQueue 
(node_modules/react-dom/cjs/react-dom.development.js:9086:5)
      at dispatchEventsForPlugins 
(node_modules/react-dom/cjs/react-dom.development.js:9097:3)
      at node_modules/react-dom/cjs/react-dom.development.js:9288:12
      at batchedUpdates$1 
(node_modules/react-dom/cjs/react-dom.development.js:26179:12)
      at batchedUpdates 
(node_modules/react-dom/cjs/react-dom.development.js:3991:12)
      at dispatchEventForPluginEventSystem 
(node_modules/react-dom/cjs/react-dom.development.js:9287:3)
      at dispatchEventWithEnableCapturePhaseSelectiveHydrationWithoutDiscreteEv
entReplay (node_modules/react-dom/cjs/react-dom.development.js:6465:5)
      at dispatchEvent 
(node_modules/react-dom/cjs/react-dom.development.js:6457:5)
      at dispatchDiscreteEvent 
(node_modules/react-dom/cjs/react-dom.development.js:6430:5)
      at HTMLDivElement.callTheUserObjectsOperation 
(node_modules/jsdom/lib/jsdom/living/generated/EventListener.js:26:30)
      at innerInvokeEventListeners 
(node_modules/jsdom/lib/jsdom/living/events/EventTarget-impl.js:350:25)
      at invokeEventListeners 
(node_modules/jsdom/lib/jsdom/living/events/EventTarget-impl.js:286:3)
      at HTMLInputElementImpl._dispatch 
(node_modules/jsdom/lib/jsdom/living/events/EventTarget-impl.js:233:9)
      at HTMLInputElementImpl.dispatchEvent 
(node_modules/jsdom/lib/jsdom/living/events/EventTarget-impl.js:104:17)
      at HTMLInputElement.dispatchEvent 
(node_modules/jsdom/lib/jsdom/living/generated/EventTarget.js:241:34)
      at 
node_modules/@testing-library/user-event/dist/cjs/event/dispatchEvent.js:45:43
      at Object.eventWrapper 
(node_modules/@testing-library/dom/dist/config.js:25:23)
      at Object.wrapEvent 
(node_modules/@testing-library/user-event/dist/cjs/event/wrapEvent.js:6:28)
      at Object.dispatchEvent (node_modules/@testing-library/user-event/dist/cj
s/event/dispatchEvent.js:45:22)
      at Object.dispatchUIEvent (node_modules/@testing-library/user-event/dist/
cjs/event/dispatchEvent.js:22:26)
      at commitInput 
(node_modules/@testing-library/user-event/dist/cjs/event/input.js:145:14)
      at editInputElement 
(node_modules/@testing-library/user-event/dist/cjs/event/input.js:115:9)
      at Object.input 
(node_modules/@testing-library/user-event/dist/cjs/event/input.js:37:9)
      at node_modules/@testing-library/user-event/dist/cjs/event/behavior/keypr
ess.js:31:26
      at Object.dispatchEvent (node_modules/@testing-library/user-event/dist/cj
s/event/dispatchEvent.js:41:13)
      at Object.dispatchUIEvent (node_modules/@testing-library/user-event/dist/
cjs/event/dispatchEvent.js:22:26)
      at KeyboardHost.keydown 
(node_modules/@testing-library/user-event/dist/cjs/system/keyboard.js:76:22)
      at keyboardAction 
(node_modules/@testing-library/user-event/dist/cjs/keyboard/index.js:22:35)
      at Object.keyboard 
(node_modules/@testing-library/user-event/dist/cjs/keyboard/index.js:11:15)
      at Object.type 
(node_modules/@testing-library/user-event/dist/cjs/utility/type.js:17:5)
      at Object.<anonymous> (src/auth/auth.test.tsx:251:9)

    console.error
      Warning: An update to LoginForm inside a test was not wrapped in 
act(...).
      
      When testing, code that causes React state updates should be wrapped 
into act(...):
      
      act(() => {
        /* fire events that update state */
      });
      /* assert on the output */
      
      This ensures that you're testing the behavior the user would see in the 
browser. Learn more at https://reactjs.org/link/wrap-tests-with-act
          at LoginForm (C:\Users\samhe\OneDrive\Desktop\Cleaned\frontend\src\au
th\LoginForm\LoginForm.tsx:41:33)
          at div
          at div
          at LoginPage
          at routeContext (C:\Users\samhe\OneDrive\Desktop\Cleaned\frontend\nod
e_modules\react-router\lib\hooks.tsx:658:26)
          at children (C:\Users\samhe\OneDrive\Desktop\Cleaned\frontend\node_mo
dules\react-router\lib\components.tsx:512:3)
          at basenameProp (C:\Users\samhe\OneDrive\Desktop\Cleaned\frontend\nod
e_modules\react-router\lib\components.tsx:421:13)
          at basename (C:\Users\samhe\OneDrive\Desktop\Cleaned\frontend\node_mo
dules\react-router\lib\components.tsx:225:3)

      141 |                         placeholder="Enter your password"
      142 |                         value={password}
    > 143 |                         onChange={(e) => 
setPassword(e.target.value)}
          |                                          ^
      144 |                         className="w-full rounded-md border 
border-gray-300 px-3 py-2 pr-10 text-sm focus:outline-none focus:ring-2 
focus:ring-gray-900 disabled:opacity-50"
      145 |                     />
      146 |                     <button

      at printWarning 
(node_modules/react-dom/cjs/react-dom.development.js:86:30)
      at error (node_modules/react-dom/cjs/react-dom.development.js:60:7)
      at warnIfUpdatesNotWrappedWithActDEV 
(node_modules/react-dom/cjs/react-dom.development.js:27628:9)
      at scheduleUpdateOnFiber 
(node_modules/react-dom/cjs/react-dom.development.js:25547:5)
      at dispatchSetState 
(node_modules/react-dom/cjs/react-dom.development.js:16708:7)
      at onChange (src/auth/LoginForm/LoginForm.tsx:143:42)
      at HTMLUnknownElement.callCallback 
(node_modules/react-dom/cjs/react-dom.development.js:4164:14)
      at HTMLUnknownElement.callTheUserObjectsOperation 
(node_modules/jsdom/lib/jsdom/living/generated/EventListener.js:26:30)
      at innerInvokeEventListeners 
(node_modules/jsdom/lib/jsdom/living/events/EventTarget-impl.js:350:25)
      at invokeEventListeners 
(node_modules/jsdom/lib/jsdom/living/events/EventTarget-impl.js:286:3)
      at HTMLUnknownElementImpl._dispatch 
(node_modules/jsdom/lib/jsdom/living/events/EventTarget-impl.js:233:9)
      at HTMLUnknownElementImpl.dispatchEvent 
(node_modules/jsdom/lib/jsdom/living/events/EventTarget-impl.js:104:17)
      at HTMLUnknownElement.dispatchEvent 
(node_modules/jsdom/lib/jsdom/living/generated/EventTarget.js:241:34)
      at Object.invokeGuardedCallbackDev 
(node_modules/react-dom/cjs/react-dom.development.js:4213:16)
      at invokeGuardedCallback 
(node_modules/react-dom/cjs/react-dom.development.js:4277:31)
      at invokeGuardedCallbackAndCatchFirstError 
(node_modules/react-dom/cjs/react-dom.development.js:4291:25)
      at executeDispatch 
(node_modules/react-dom/cjs/react-dom.development.js:9041:3)
      at processDispatchQueueItemsInOrder 
(node_modules/react-dom/cjs/react-dom.development.js:9073:7)
      at processDispatchQueue 
(node_modules/react-dom/cjs/react-dom.development.js:9086:5)
      at dispatchEventsForPlugins 
(node_modules/react-dom/cjs/react-dom.development.js:9097:3)
      at node_modules/react-dom/cjs/react-dom.development.js:9288:12
      at batchedUpdates$1 
(node_modules/react-dom/cjs/react-dom.development.js:26179:12)
      at batchedUpdates 
(node_modules/react-dom/cjs/react-dom.development.js:3991:12)
      at dispatchEventForPluginEventSystem 
(node_modules/react-dom/cjs/react-dom.development.js:9287:3)
      at dispatchEventWithEnableCapturePhaseSelectiveHydrationWithoutDiscreteEv
entReplay (node_modules/react-dom/cjs/react-dom.development.js:6465:5)
      at dispatchEvent 
(node_modules/react-dom/cjs/react-dom.development.js:6457:5)
      at dispatchDiscreteEvent 
(node_modules/react-dom/cjs/react-dom.development.js:6430:5)
      at HTMLDivElement.callTheUserObjectsOperation 
(node_modules/jsdom/lib/jsdom/living/generated/EventListener.js:26:30)
      at innerInvokeEventListeners 
(node_modules/jsdom/lib/jsdom/living/events/EventTarget-impl.js:350:25)
      at invokeEventListeners 
(node_modules/jsdom/lib/jsdom/living/events/EventTarget-impl.js:286:3)
      at HTMLInputElementImpl._dispatch 
(node_modules/jsdom/lib/jsdom/living/events/EventTarget-impl.js:233:9)
      at HTMLInputElementImpl.dispatchEvent 
(node_modules/jsdom/lib/jsdom/living/events/EventTarget-impl.js:104:17)
      at HTMLInputElement.dispatchEvent 
(node_modules/jsdom/lib/jsdom/living/generated/EventTarget.js:241:34)
      at 
node_modules/@testing-library/user-event/dist/cjs/event/dispatchEvent.js:45:43
      at Object.eventWrapper 
(node_modules/@testing-library/dom/dist/config.js:25:23)
      at Object.wrapEvent 
(node_modules/@testing-library/user-event/dist/cjs/event/wrapEvent.js:6:28)
      at Object.dispatchEvent (node_modules/@testing-library/user-event/dist/cj
s/event/dispatchEvent.js:45:22)
      at Object.dispatchUIEvent (node_modules/@testing-library/user-event/dist/
cjs/event/dispatchEvent.js:22:26)
      at commitInput 
(node_modules/@testing-library/user-event/dist/cjs/event/input.js:145:14)
      at editInputElement 
(node_modules/@testing-library/user-event/dist/cjs/event/input.js:115:9)
      at Object.input 
(node_modules/@testing-library/user-event/dist/cjs/event/input.js:37:9)
      at node_modules/@testing-library/user-event/dist/cjs/event/behavior/keypr
ess.js:31:26
      at Object.dispatchEvent (node_modules/@testing-library/user-event/dist/cj
s/event/dispatchEvent.js:41:13)
      at Object.dispatchUIEvent (node_modules/@testing-library/user-event/dist/
cjs/event/dispatchEvent.js:22:26)
      at KeyboardHost.keydown 
(node_modules/@testing-library/user-event/dist/cjs/system/keyboard.js:76:22)
      at keyboardAction 
(node_modules/@testing-library/user-event/dist/cjs/keyboard/index.js:22:35)
      at Object.keyboard 
(node_modules/@testing-library/user-event/dist/cjs/keyboard/index.js:11:15)
      at Object.type 
(node_modules/@testing-library/user-event/dist/cjs/utility/type.js:17:5)
      at Object.<anonymous> (src/auth/auth.test.tsx:251:9)

    console.error
      Warning: An update to LoginForm inside a test was not wrapped in 
act(...).
      
      When testing, code that causes React state updates should be wrapped 
into act(...):
      
      act(() => {
        /* fire events that update state */
      });
      /* assert on the output */
      
      This ensures that you're testing the behavior the user would see in the 
browser. Learn more at https://reactjs.org/link/wrap-tests-with-act
          at LoginForm (C:\Users\samhe\OneDrive\Desktop\Cleaned\frontend\src\au
th\LoginForm\LoginForm.tsx:41:33)
          at div
          at div
          at LoginPage
          at routeContext (C:\Users\samhe\OneDrive\Desktop\Cleaned\frontend\nod
e_modules\react-router\lib\hooks.tsx:658:26)
          at children (C:\Users\samhe\OneDrive\Desktop\Cleaned\frontend\node_mo
dules\react-router\lib\components.tsx:512:3)
          at basenameProp (C:\Users\samhe\OneDrive\Desktop\Cleaned\frontend\nod
e_modules\react-router\lib\components.tsx:421:13)
          at basename (C:\Users\samhe\OneDrive\Desktop\Cleaned\frontend\node_mo
dules\react-router\lib\components.tsx:225:3)

      141 |                         placeholder="Enter your password"
      142 |                         value={password}
    > 143 |                         onChange={(e) => 
setPassword(e.target.value)}
          |                                          ^
      144 |                         className="w-full rounded-md border 
border-gray-300 px-3 py-2 pr-10 text-sm focus:outline-none focus:ring-2 
focus:ring-gray-900 disabled:opacity-50"
      145 |                     />
      146 |                     <button

      at printWarning 
(node_modules/react-dom/cjs/react-dom.development.js:86:30)
      at error (node_modules/react-dom/cjs/react-dom.development.js:60:7)
      at warnIfUpdatesNotWrappedWithActDEV 
(node_modules/react-dom/cjs/react-dom.development.js:27628:9)
      at scheduleUpdateOnFiber 
(node_modules/react-dom/cjs/react-dom.development.js:25547:5)
      at dispatchSetState 
(node_modules/react-dom/cjs/react-dom.development.js:16708:7)
      at onChange (src/auth/LoginForm/LoginForm.tsx:143:42)
      at HTMLUnknownElement.callCallback 
(node_modules/react-dom/cjs/react-dom.development.js:4164:14)
      at HTMLUnknownElement.callTheUserObjectsOperation 
(node_modules/jsdom/lib/jsdom/living/generated/EventListener.js:26:30)
      at innerInvokeEventListeners 
(node_modules/jsdom/lib/jsdom/living/events/EventTarget-impl.js:350:25)
      at invokeEventListeners 
(node_modules/jsdom/lib/jsdom/living/events/EventTarget-impl.js:286:3)
      at HTMLUnknownElementImpl._dispatch 
(node_modules/jsdom/lib/jsdom/living/events/EventTarget-impl.js:233:9)
      at HTMLUnknownElementImpl.dispatchEvent 
(node_modules/jsdom/lib/jsdom/living/events/EventTarget-impl.js:104:17)
      at HTMLUnknownElement.dispatchEvent 
(node_modules/jsdom/lib/jsdom/living/generated/EventTarget.js:241:34)
      at Object.invokeGuardedCallbackDev 
(node_modules/react-dom/cjs/react-dom.development.js:4213:16)
      at invokeGuardedCallback 
(node_modules/react-dom/cjs/react-dom.development.js:4277:31)
      at invokeGuardedCallbackAndCatchFirstError 
(node_modules/react-dom/cjs/react-dom.development.js:4291:25)
      at executeDispatch 
(node_modules/react-dom/cjs/react-dom.development.js:9041:3)
      at processDispatchQueueItemsInOrder 
(node_modules/react-dom/cjs/react-dom.development.js:9073:7)
      at processDispatchQueue 
(node_modules/react-dom/cjs/react-dom.development.js:9086:5)
      at dispatchEventsForPlugins 
(node_modules/react-dom/cjs/react-dom.development.js:9097:3)
      at node_modules/react-dom/cjs/react-dom.development.js:9288:12
      at batchedUpdates$1 
(node_modules/react-dom/cjs/react-dom.development.js:26179:12)
      at batchedUpdates 
(node_modules/react-dom/cjs/react-dom.development.js:3991:12)
      at dispatchEventForPluginEventSystem 
(node_modules/react-dom/cjs/react-dom.development.js:9287:3)
      at dispatchEventWithEnableCapturePhaseSelectiveHydrationWithoutDiscreteEv
entReplay (node_modules/react-dom/cjs/react-dom.development.js:6465:5)
      at dispatchEvent 
(node_modules/react-dom/cjs/react-dom.development.js:6457:5)
      at dispatchDiscreteEvent 
(node_modules/react-dom/cjs/react-dom.development.js:6430:5)
      at HTMLDivElement.callTheUserObjectsOperation 
(node_modules/jsdom/lib/jsdom/living/generated/EventListener.js:26:30)
      at innerInvokeEventListeners 
(node_modules/jsdom/lib/jsdom/living/events/EventTarget-impl.js:350:25)
      at invokeEventListeners 
(node_modules/jsdom/lib/jsdom/living/events/EventTarget-impl.js:286:3)
      at HTMLInputElementImpl._dispatch 
(node_modules/jsdom/lib/jsdom/living/events/EventTarget-impl.js:233:9)
      at HTMLInputElementImpl.dispatchEvent 
(node_modules/jsdom/lib/jsdom/living/events/EventTarget-impl.js:104:17)
      at HTMLInputElement.dispatchEvent 
(node_modules/jsdom/lib/jsdom/living/generated/EventTarget.js:241:34)
      at 
node_modules/@testing-library/user-event/dist/cjs/event/dispatchEvent.js:45:43
      at Object.eventWrapper 
(node_modules/@testing-library/dom/dist/config.js:25:23)
      at Object.wrapEvent 
(node_modules/@testing-library/user-event/dist/cjs/event/wrapEvent.js:6:28)
      at Object.dispatchEvent (node_modules/@testing-library/user-event/dist/cj
s/event/dispatchEvent.js:45:22)
      at Object.dispatchUIEvent (node_modules/@testing-library/user-event/dist/
cjs/event/dispatchEvent.js:22:26)
      at commitInput 
(node_modules/@testing-library/user-event/dist/cjs/event/input.js:145:14)
      at editInputElement 
(node_modules/@testing-library/user-event/dist/cjs/event/input.js:115:9)
      at Object.input 
(node_modules/@testing-library/user-event/dist/cjs/event/input.js:37:9)
      at node_modules/@testing-library/user-event/dist/cjs/event/behavior/keypr
ess.js:31:26
      at Object.dispatchEvent (node_modules/@testing-library/user-event/dist/cj
s/event/dispatchEvent.js:41:13)
      at Object.dispatchUIEvent (node_modules/@testing-library/user-event/dist/
cjs/event/dispatchEvent.js:22:26)
      at KeyboardHost.keydown 
(node_modules/@testing-library/user-event/dist/cjs/system/keyboard.js:76:22)
      at keyboardAction 
(node_modules/@testing-library/user-event/dist/cjs/keyboard/index.js:22:35)
      at Object.keyboard 
(node_modules/@testing-library/user-event/dist/cjs/keyboard/index.js:11:15)
      at Object.type 
(node_modules/@testing-library/user-event/dist/cjs/utility/type.js:17:5)
      at Object.<anonymous> (src/auth/auth.test.tsx:251:9)

    console.error
      Warning: An update to LoginForm inside a test was not wrapped in 
act(...).
      
      When testing, code that causes React state updates should be wrapped 
into act(...):
      
      act(() => {
        /* fire events that update state */
      });
      /* assert on the output */
      
      This ensures that you're testing the behavior the user would see in the 
browser. Learn more at https://reactjs.org/link/wrap-tests-with-act
          at LoginForm (C:\Users\samhe\OneDrive\Desktop\Cleaned\frontend\src\au
th\LoginForm\LoginForm.tsx:41:33)
          at div
          at div
          at LoginPage
          at routeContext (C:\Users\samhe\OneDrive\Desktop\Cleaned\frontend\nod
e_modules\react-router\lib\hooks.tsx:658:26)
          at children (C:\Users\samhe\OneDrive\Desktop\Cleaned\frontend\node_mo
dules\react-router\lib\components.tsx:512:3)
          at basenameProp (C:\Users\samhe\OneDrive\Desktop\Cleaned\frontend\nod
e_modules\react-router\lib\components.tsx:421:13)
          at basename (C:\Users\samhe\OneDrive\Desktop\Cleaned\frontend\node_mo
dules\react-router\lib\components.tsx:225:3)

      141 |                         placeholder="Enter your password"
      142 |                         value={password}
    > 143 |                         onChange={(e) => 
setPassword(e.target.value)}
          |                                          ^
      144 |                         className="w-full rounded-md border 
border-gray-300 px-3 py-2 pr-10 text-sm focus:outline-none focus:ring-2 
focus:ring-gray-900 disabled:opacity-50"
      145 |                     />
      146 |                     <button

      at printWarning 
(node_modules/react-dom/cjs/react-dom.development.js:86:30)
      at error (node_modules/react-dom/cjs/react-dom.development.js:60:7)
      at warnIfUpdatesNotWrappedWithActDEV 
(node_modules/react-dom/cjs/react-dom.development.js:27628:9)
      at scheduleUpdateOnFiber 
(node_modules/react-dom/cjs/react-dom.development.js:25547:5)
      at dispatchSetState 
(node_modules/react-dom/cjs/react-dom.development.js:16708:7)
      at onChange (src/auth/LoginForm/LoginForm.tsx:143:42)
      at HTMLUnknownElement.callCallback 
(node_modules/react-dom/cjs/react-dom.development.js:4164:14)
      at HTMLUnknownElement.callTheUserObjectsOperation 
(node_modules/jsdom/lib/jsdom/living/generated/EventListener.js:26:30)
      at innerInvokeEventListeners 
(node_modules/jsdom/lib/jsdom/living/events/EventTarget-impl.js:350:25)
      at invokeEventListeners 
(node_modules/jsdom/lib/jsdom/living/events/EventTarget-impl.js:286:3)
      at HTMLUnknownElementImpl._dispatch 
(node_modules/jsdom/lib/jsdom/living/events/EventTarget-impl.js:233:9)
      at HTMLUnknownElementImpl.dispatchEvent 
(node_modules/jsdom/lib/jsdom/living/events/EventTarget-impl.js:104:17)
      at HTMLUnknownElement.dispatchEvent 
(node_modules/jsdom/lib/jsdom/living/generated/EventTarget.js:241:34)
      at Object.invokeGuardedCallbackDev 
(node_modules/react-dom/cjs/react-dom.development.js:4213:16)
      at invokeGuardedCallback 
(node_modules/react-dom/cjs/react-dom.development.js:4277:31)
      at invokeGuardedCallbackAndCatchFirstError 
(node_modules/react-dom/cjs/react-dom.development.js:4291:25)
      at executeDispatch 
(node_modules/react-dom/cjs/react-dom.development.js:9041:3)
      at processDispatchQueueItemsInOrder 
(node_modules/react-dom/cjs/react-dom.development.js:9073:7)
      at processDispatchQueue 
(node_modules/react-dom/cjs/react-dom.development.js:9086:5)
      at dispatchEventsForPlugins 
(node_modules/react-dom/cjs/react-dom.development.js:9097:3)
      at node_modules/react-dom/cjs/react-dom.development.js:9288:12
      at batchedUpdates$1 
(node_modules/react-dom/cjs/react-dom.development.js:26179:12)
      at batchedUpdates 
(node_modules/react-dom/cjs/react-dom.development.js:3991:12)
      at dispatchEventForPluginEventSystem 
(node_modules/react-dom/cjs/react-dom.development.js:9287:3)
      at dispatchEventWithEnableCapturePhaseSelectiveHydrationWithoutDiscreteEv
entReplay (node_modules/react-dom/cjs/react-dom.development.js:6465:5)
      at dispatchEvent 
(node_modules/react-dom/cjs/react-dom.development.js:6457:5)
      at dispatchDiscreteEvent 
(node_modules/react-dom/cjs/react-dom.development.js:6430:5)
      at HTMLDivElement.callTheUserObjectsOperation 
(node_modules/jsdom/lib/jsdom/living/generated/EventListener.js:26:30)
      at innerInvokeEventListeners 
(node_modules/jsdom/lib/jsdom/living/events/EventTarget-impl.js:350:25)
      at invokeEventListeners 
(node_modules/jsdom/lib/jsdom/living/events/EventTarget-impl.js:286:3)
      at HTMLInputElementImpl._dispatch 
(node_modules/jsdom/lib/jsdom/living/events/EventTarget-impl.js:233:9)
      at HTMLInputElementImpl.dispatchEvent 
(node_modules/jsdom/lib/jsdom/living/events/EventTarget-impl.js:104:17)
      at HTMLInputElement.dispatchEvent 
(node_modules/jsdom/lib/jsdom/living/generated/EventTarget.js:241:34)
      at 
node_modules/@testing-library/user-event/dist/cjs/event/dispatchEvent.js:45:43
      at Object.eventWrapper 
(node_modules/@testing-library/dom/dist/config.js:25:23)
      at Object.wrapEvent 
(node_modules/@testing-library/user-event/dist/cjs/event/wrapEvent.js:6:28)
      at Object.dispatchEvent (node_modules/@testing-library/user-event/dist/cj
s/event/dispatchEvent.js:45:22)
      at Object.dispatchUIEvent (node_modules/@testing-library/user-event/dist/
cjs/event/dispatchEvent.js:22:26)
      at commitInput 
(node_modules/@testing-library/user-event/dist/cjs/event/input.js:145:14)
      at editInputElement 
(node_modules/@testing-library/user-event/dist/cjs/event/input.js:115:9)
      at Object.input 
(node_modules/@testing-library/user-event/dist/cjs/event/input.js:37:9)
      at node_modules/@testing-library/user-event/dist/cjs/event/behavior/keypr
ess.js:31:26
      at Object.dispatchEvent (node_modules/@testing-library/user-event/dist/cj
s/event/dispatchEvent.js:41:13)
      at Object.dispatchUIEvent (node_modules/@testing-library/user-event/dist/
cjs/event/dispatchEvent.js:22:26)
      at KeyboardHost.keydown 
(node_modules/@testing-library/user-event/dist/cjs/system/keyboard.js:76:22)
      at keyboardAction 
(node_modules/@testing-library/user-event/dist/cjs/keyboard/index.js:22:35)
      at Object.keyboard 
(node_modules/@testing-library/user-event/dist/cjs/keyboard/index.js:11:15)
      at Object.type 
(node_modules/@testing-library/user-event/dist/cjs/utility/type.js:17:5)
      at Object.<anonymous> (src/auth/auth.test.tsx:251:9)

    console.error
      Warning: An update to LoginForm inside a test was not wrapped in 
act(...).
      
      When testing, code that causes React state updates should be wrapped 
into act(...):
      
      act(() => {
        /* fire events that update state */
      });
      /* assert on the output */
      
      This ensures that you're testing the behavior the user would see in the 
browser. Learn more at https://reactjs.org/link/wrap-tests-with-act
          at LoginForm (C:\Users\samhe\OneDrive\Desktop\Cleaned\frontend\src\au
th\LoginForm\LoginForm.tsx:41:33)
          at div
          at div
          at LoginPage
          at routeContext (C:\Users\samhe\OneDrive\Desktop\Cleaned\frontend\nod
e_modules\react-router\lib\hooks.tsx:658:26)
          at children (C:\Users\samhe\OneDrive\Desktop\Cleaned\frontend\node_mo
dules\react-router\lib\components.tsx:512:3)
          at basenameProp (C:\Users\samhe\OneDrive\Desktop\Cleaned\frontend\nod
e_modules\react-router\lib\components.tsx:421:13)
          at basename (C:\Users\samhe\OneDrive\Desktop\Cleaned\frontend\node_mo
dules\react-router\lib\components.tsx:225:3)

      141 |                         placeholder="Enter your password"
      142 |                         value={password}
    > 143 |                         onChange={(e) => 
setPassword(e.target.value)}
          |                                          ^
      144 |                         className="w-full rounded-md border 
border-gray-300 px-3 py-2 pr-10 text-sm focus:outline-none focus:ring-2 
focus:ring-gray-900 disabled:opacity-50"
      145 |                     />
      146 |                     <button

      at printWarning 
(node_modules/react-dom/cjs/react-dom.development.js:86:30)
      at error (node_modules/react-dom/cjs/react-dom.development.js:60:7)
      at warnIfUpdatesNotWrappedWithActDEV 
(node_modules/react-dom/cjs/react-dom.development.js:27628:9)
      at scheduleUpdateOnFiber 
(node_modules/react-dom/cjs/react-dom.development.js:25547:5)
      at dispatchSetState 
(node_modules/react-dom/cjs/react-dom.development.js:16708:7)
      at onChange (src/auth/LoginForm/LoginForm.tsx:143:42)
      at HTMLUnknownElement.callCallback 
(node_modules/react-dom/cjs/react-dom.development.js:4164:14)
      at HTMLUnknownElement.callTheUserObjectsOperation 
(node_modules/jsdom/lib/jsdom/living/generated/EventListener.js:26:30)
      at innerInvokeEventListeners 
(node_modules/jsdom/lib/jsdom/living/events/EventTarget-impl.js:350:25)
      at invokeEventListeners 
(node_modules/jsdom/lib/jsdom/living/events/EventTarget-impl.js:286:3)
      at HTMLUnknownElementImpl._dispatch 
(node_modules/jsdom/lib/jsdom/living/events/EventTarget-impl.js:233:9)
      at HTMLUnknownElementImpl.dispatchEvent 
(node_modules/jsdom/lib/jsdom/living/events/EventTarget-impl.js:104:17)
      at HTMLUnknownElement.dispatchEvent 
(node_modules/jsdom/lib/jsdom/living/generated/EventTarget.js:241:34)
      at Object.invokeGuardedCallbackDev 
(node_modules/react-dom/cjs/react-dom.development.js:4213:16)
      at invokeGuardedCallback 
(node_modules/react-dom/cjs/react-dom.development.js:4277:31)
      at invokeGuardedCallbackAndCatchFirstError 
(node_modules/react-dom/cjs/react-dom.development.js:4291:25)
      at executeDispatch 
(node_modules/react-dom/cjs/react-dom.development.js:9041:3)
      at processDispatchQueueItemsInOrder 
(node_modules/react-dom/cjs/react-dom.development.js:9073:7)
      at processDispatchQueue 
(node_modules/react-dom/cjs/react-dom.development.js:9086:5)
      at dispatchEventsForPlugins 
(node_modules/react-dom/cjs/react-dom.development.js:9097:3)
      at node_modules/react-dom/cjs/react-dom.development.js:9288:12
      at batchedUpdates$1 
(node_modules/react-dom/cjs/react-dom.development.js:26179:12)
      at batchedUpdates 
(node_modules/react-dom/cjs/react-dom.development.js:3991:12)
      at dispatchEventForPluginEventSystem 
(node_modules/react-dom/cjs/react-dom.development.js:9287:3)
      at dispatchEventWithEnableCapturePhaseSelectiveHydrationWithoutDiscreteEv
entReplay (node_modules/react-dom/cjs/react-dom.development.js:6465:5)
      at dispatchEvent 
(node_modules/react-dom/cjs/react-dom.development.js:6457:5)
      at dispatchDiscreteEvent 
(node_modules/react-dom/cjs/react-dom.development.js:6430:5)
      at HTMLDivElement.callTheUserObjectsOperation 
(node_modules/jsdom/lib/jsdom/living/generated/EventListener.js:26:30)
      at innerInvokeEventListeners 
(node_modules/jsdom/lib/jsdom/living/events/EventTarget-impl.js:350:25)
      at invokeEventListeners 
(node_modules/jsdom/lib/jsdom/living/events/EventTarget-impl.js:286:3)
      at HTMLInputElementImpl._dispatch 
(node_modules/jsdom/lib/jsdom/living/events/EventTarget-impl.js:233:9)
      at HTMLInputElementImpl.dispatchEvent 
(node_modules/jsdom/lib/jsdom/living/events/EventTarget-impl.js:104:17)
      at HTMLInputElement.dispatchEvent 
(node_modules/jsdom/lib/jsdom/living/generated/EventTarget.js:241:34)
      at 
node_modules/@testing-library/user-event/dist/cjs/event/dispatchEvent.js:45:43
      at Object.eventWrapper 
(node_modules/@testing-library/dom/dist/config.js:25:23)
      at Object.wrapEvent 
(node_modules/@testing-library/user-event/dist/cjs/event/wrapEvent.js:6:28)
      at Object.dispatchEvent (node_modules/@testing-library/user-event/dist/cj
s/event/dispatchEvent.js:45:22)
      at Object.dispatchUIEvent (node_modules/@testing-library/user-event/dist/
cjs/event/dispatchEvent.js:22:26)
      at commitInput 
(node_modules/@testing-library/user-event/dist/cjs/event/input.js:145:14)
      at editInputElement 
(node_modules/@testing-library/user-event/dist/cjs/event/input.js:115:9)
      at Object.input 
(node_modules/@testing-library/user-event/dist/cjs/event/input.js:37:9)
      at node_modules/@testing-library/user-event/dist/cjs/event/behavior/keypr
ess.js:31:26
      at Object.dispatchEvent (node_modules/@testing-library/user-event/dist/cj
s/event/dispatchEvent.js:41:13)
      at Object.dispatchUIEvent (node_modules/@testing-library/user-event/dist/
cjs/event/dispatchEvent.js:22:26)
      at KeyboardHost.keydown 
(node_modules/@testing-library/user-event/dist/cjs/system/keyboard.js:76:22)
      at keyboardAction 
(node_modules/@testing-library/user-event/dist/cjs/keyboard/index.js:22:35)
      at Object.keyboard 
(node_modules/@testing-library/user-event/dist/cjs/keyboard/index.js:11:15)
      at Object.type 
(node_modules/@testing-library/user-event/dist/cjs/utility/type.js:17:5)
      at Object.<anonymous> (src/auth/auth.test.tsx:251:9)

    console.error
      Warning: An update to LoginForm inside a test was not wrapped in 
act(...).
      
      When testing, code that causes React state updates should be wrapped 
into act(...):
      
      act(() => {
        /* fire events that update state */
      });
      /* assert on the output */
      
      This ensures that you're testing the behavior the user would see in the 
browser. Learn more at https://reactjs.org/link/wrap-tests-with-act
          at LoginForm (C:\Users\samhe\OneDrive\Desktop\Cleaned\frontend\src\au
th\LoginForm\LoginForm.tsx:41:33)
          at div
          at div
          at LoginPage
          at routeContext (C:\Users\samhe\OneDrive\Desktop\Cleaned\frontend\nod
e_modules\react-router\lib\hooks.tsx:658:26)
          at children (C:\Users\samhe\OneDrive\Desktop\Cleaned\frontend\node_mo
dules\react-router\lib\components.tsx:512:3)
          at basenameProp (C:\Users\samhe\OneDrive\Desktop\Cleaned\frontend\nod
e_modules\react-router\lib\components.tsx:421:13)
          at basename (C:\Users\samhe\OneDrive\Desktop\Cleaned\frontend\node_mo
dules\react-router\lib\components.tsx:225:3)

      141 |                         placeholder="Enter your password"
      142 |                         value={password}
    > 143 |                         onChange={(e) => 
setPassword(e.target.value)}
          |                                          ^
      144 |                         className="w-full rounded-md border 
border-gray-300 px-3 py-2 pr-10 text-sm focus:outline-none focus:ring-2 
focus:ring-gray-900 disabled:opacity-50"
      145 |                     />
      146 |                     <button

      at printWarning 
(node_modules/react-dom/cjs/react-dom.development.js:86:30)
      at error (node_modules/react-dom/cjs/react-dom.development.js:60:7)
      at warnIfUpdatesNotWrappedWithActDEV 
(node_modules/react-dom/cjs/react-dom.development.js:27628:9)
      at scheduleUpdateOnFiber 
(node_modules/react-dom/cjs/react-dom.development.js:25547:5)
      at dispatchSetState 
(node_modules/react-dom/cjs/react-dom.development.js:16708:7)
      at onChange (src/auth/LoginForm/LoginForm.tsx:143:42)
      at HTMLUnknownElement.callCallback 
(node_modules/react-dom/cjs/react-dom.development.js:4164:14)
      at HTMLUnknownElement.callTheUserObjectsOperation 
(node_modules/jsdom/lib/jsdom/living/generated/EventListener.js:26:30)
      at innerInvokeEventListeners 
(node_modules/jsdom/lib/jsdom/living/events/EventTarget-impl.js:350:25)
      at invokeEventListeners 
(node_modules/jsdom/lib/jsdom/living/events/EventTarget-impl.js:286:3)
      at HTMLUnknownElementImpl._dispatch 
(node_modules/jsdom/lib/jsdom/living/events/EventTarget-impl.js:233:9)
      at HTMLUnknownElementImpl.dispatchEvent 
(node_modules/jsdom/lib/jsdom/living/events/EventTarget-impl.js:104:17)
      at HTMLUnknownElement.dispatchEvent 
(node_modules/jsdom/lib/jsdom/living/generated/EventTarget.js:241:34)
      at Object.invokeGuardedCallbackDev 
(node_modules/react-dom/cjs/react-dom.development.js:4213:16)
      at invokeGuardedCallback 
(node_modules/react-dom/cjs/react-dom.development.js:4277:31)
      at invokeGuardedCallbackAndCatchFirstError 
(node_modules/react-dom/cjs/react-dom.development.js:4291:25)
      at executeDispatch 
(node_modules/react-dom/cjs/react-dom.development.js:9041:3)
      at processDispatchQueueItemsInOrder 
(node_modules/react-dom/cjs/react-dom.development.js:9073:7)
      at processDispatchQueue 
(node_modules/react-dom/cjs/react-dom.development.js:9086:5)
      at dispatchEventsForPlugins 
(node_modules/react-dom/cjs/react-dom.development.js:9097:3)
      at node_modules/react-dom/cjs/react-dom.development.js:9288:12
      at batchedUpdates$1 
(node_modules/react-dom/cjs/react-dom.development.js:26179:12)
      at batchedUpdates 
(node_modules/react-dom/cjs/react-dom.development.js:3991:12)
      at dispatchEventForPluginEventSystem 
(node_modules/react-dom/cjs/react-dom.development.js:9287:3)
      at dispatchEventWithEnableCapturePhaseSelectiveHydrationWithoutDiscreteEv
entReplay (node_modules/react-dom/cjs/react-dom.development.js:6465:5)
      at dispatchEvent 
(node_modules/react-dom/cjs/react-dom.development.js:6457:5)
      at dispatchDiscreteEvent 
(node_modules/react-dom/cjs/react-dom.development.js:6430:5)
      at HTMLDivElement.callTheUserObjectsOperation 
(node_modules/jsdom/lib/jsdom/living/generated/EventListener.js:26:30)
      at innerInvokeEventListeners 
(node_modules/jsdom/lib/jsdom/living/events/EventTarget-impl.js:350:25)
      at invokeEventListeners 
(node_modules/jsdom/lib/jsdom/living/events/EventTarget-impl.js:286:3)
      at HTMLInputElementImpl._dispatch 
(node_modules/jsdom/lib/jsdom/living/events/EventTarget-impl.js:233:9)
      at HTMLInputElementImpl.dispatchEvent 
(node_modules/jsdom/lib/jsdom/living/events/EventTarget-impl.js:104:17)
      at HTMLInputElement.dispatchEvent 
(node_modules/jsdom/lib/jsdom/living/generated/EventTarget.js:241:34)
      at 
node_modules/@testing-library/user-event/dist/cjs/event/dispatchEvent.js:45:43
      at Object.eventWrapper 
(node_modules/@testing-library/dom/dist/config.js:25:23)
      at Object.wrapEvent 
(node_modules/@testing-library/user-event/dist/cjs/event/wrapEvent.js:6:28)
      at Object.dispatchEvent (node_modules/@testing-library/user-event/dist/cj
s/event/dispatchEvent.js:45:22)
      at Object.dispatchUIEvent (node_modules/@testing-library/user-event/dist/
cjs/event/dispatchEvent.js:22:26)
      at commitInput 
(node_modules/@testing-library/user-event/dist/cjs/event/input.js:145:14)
      at editInputElement 
(node_modules/@testing-library/user-event/dist/cjs/event/input.js:115:9)
      at Object.input 
(node_modules/@testing-library/user-event/dist/cjs/event/input.js:37:9)
      at node_modules/@testing-library/user-event/dist/cjs/event/behavior/keypr
ess.js:31:26
      at Object.dispatchEvent (node_modules/@testing-library/user-event/dist/cj
s/event/dispatchEvent.js:41:13)
      at Object.dispatchUIEvent (node_modules/@testing-library/user-event/dist/
cjs/event/dispatchEvent.js:22:26)
      at KeyboardHost.keydown 
(node_modules/@testing-library/user-event/dist/cjs/system/keyboard.js:76:22)
      at keyboardAction 
(node_modules/@testing-library/user-event/dist/cjs/keyboard/index.js:22:35)
      at Object.keyboard 
(node_modules/@testing-library/user-event/dist/cjs/keyboard/index.js:11:15)
      at Object.type 
(node_modules/@testing-library/user-event/dist/cjs/utility/type.js:17:5)
      at Object.<anonymous> (src/auth/auth.test.tsx:251:9)

    console.error
      Warning: An update to LoginForm inside a test was not wrapped in 
act(...).
      
      When testing, code that causes React state updates should be wrapped 
into act(...):
      
      act(() => {
        /* fire events that update state */
      });
      /* assert on the output */
      
      This ensures that you're testing the behavior the user would see in the 
browser. Learn more at https://reactjs.org/link/wrap-tests-with-act
          at LoginForm (C:\Users\samhe\OneDrive\Desktop\Cleaned\frontend\src\au
th\LoginForm\LoginForm.tsx:41:33)
          at div
          at div
          at LoginPage
          at routeContext (C:\Users\samhe\OneDrive\Desktop\Cleaned\frontend\nod
e_modules\react-router\lib\hooks.tsx:658:26)
          at children (C:\Users\samhe\OneDrive\Desktop\Cleaned\frontend\node_mo
dules\react-router\lib\components.tsx:512:3)
          at basenameProp (C:\Users\samhe\OneDrive\Desktop\Cleaned\frontend\nod
e_modules\react-router\lib\components.tsx:421:13)
          at basename (C:\Users\samhe\OneDrive\Desktop\Cleaned\frontend\node_mo
dules\react-router\lib\components.tsx:225:3)

      141 |                         placeholder="Enter your password"
      142 |                         value={password}
    > 143 |                         onChange={(e) => 
setPassword(e.target.value)}
          |                                          ^
      144 |                         className="w-full rounded-md border 
border-gray-300 px-3 py-2 pr-10 text-sm focus:outline-none focus:ring-2 
focus:ring-gray-900 disabled:opacity-50"
      145 |                     />
      146 |                     <button

      at printWarning 
(node_modules/react-dom/cjs/react-dom.development.js:86:30)
      at error (node_modules/react-dom/cjs/react-dom.development.js:60:7)
      at warnIfUpdatesNotWrappedWithActDEV 
(node_modules/react-dom/cjs/react-dom.development.js:27628:9)
      at scheduleUpdateOnFiber 
(node_modules/react-dom/cjs/react-dom.development.js:25547:5)
      at dispatchSetState 
(node_modules/react-dom/cjs/react-dom.development.js:16708:7)
      at onChange (src/auth/LoginForm/LoginForm.tsx:143:42)
      at HTMLUnknownElement.callCallback 
(node_modules/react-dom/cjs/react-dom.development.js:4164:14)
      at HTMLUnknownElement.callTheUserObjectsOperation 
(node_modules/jsdom/lib/jsdom/living/generated/EventListener.js:26:30)
      at innerInvokeEventListeners 
(node_modules/jsdom/lib/jsdom/living/events/EventTarget-impl.js:350:25)
      at invokeEventListeners 
(node_modules/jsdom/lib/jsdom/living/events/EventTarget-impl.js:286:3)
      at HTMLUnknownElementImpl._dispatch 
(node_modules/jsdom/lib/jsdom/living/events/EventTarget-impl.js:233:9)
      at HTMLUnknownElementImpl.dispatchEvent 
(node_modules/jsdom/lib/jsdom/living/events/EventTarget-impl.js:104:17)
      at HTMLUnknownElement.dispatchEvent 
(node_modules/jsdom/lib/jsdom/living/generated/EventTarget.js:241:34)
      at Object.invokeGuardedCallbackDev 
(node_modules/react-dom/cjs/react-dom.development.js:4213:16)
      at invokeGuardedCallback 
(node_modules/react-dom/cjs/react-dom.development.js:4277:31)
      at invokeGuardedCallbackAndCatchFirstError 
(node_modules/react-dom/cjs/react-dom.development.js:4291:25)
      at executeDispatch 
(node_modules/react-dom/cjs/react-dom.development.js:9041:3)
      at processDispatchQueueItemsInOrder 
(node_modules/react-dom/cjs/react-dom.development.js:9073:7)
      at processDispatchQueue 
(node_modules/react-dom/cjs/react-dom.development.js:9086:5)
      at dispatchEventsForPlugins 
(node_modules/react-dom/cjs/react-dom.development.js:9097:3)
      at node_modules/react-dom/cjs/react-dom.development.js:9288:12
      at batchedUpdates$1 
(node_modules/react-dom/cjs/react-dom.development.js:26179:12)
      at batchedUpdates 
(node_modules/react-dom/cjs/react-dom.development.js:3991:12)
      at dispatchEventForPluginEventSystem 
(node_modules/react-dom/cjs/react-dom.development.js:9287:3)
      at dispatchEventWithEnableCapturePhaseSelectiveHydrationWithoutDiscreteEv
entReplay (node_modules/react-dom/cjs/react-dom.development.js:6465:5)
      at dispatchEvent 
(node_modules/react-dom/cjs/react-dom.development.js:6457:5)
      at dispatchDiscreteEvent 
(node_modules/react-dom/cjs/react-dom.development.js:6430:5)
      at HTMLDivElement.callTheUserObjectsOperation 
(node_modules/jsdom/lib/jsdom/living/generated/EventListener.js:26:30)
      at innerInvokeEventListeners 
(node_modules/jsdom/lib/jsdom/living/events/EventTarget-impl.js:350:25)
      at invokeEventListeners 
(node_modules/jsdom/lib/jsdom/living/events/EventTarget-impl.js:286:3)
      at HTMLInputElementImpl._dispatch 
(node_modules/jsdom/lib/jsdom/living/events/EventTarget-impl.js:233:9)
      at HTMLInputElementImpl.dispatchEvent 
(node_modules/jsdom/lib/jsdom/living/events/EventTarget-impl.js:104:17)
      at HTMLInputElement.dispatchEvent 
(node_modules/jsdom/lib/jsdom/living/generated/EventTarget.js:241:34)
      at 
node_modules/@testing-library/user-event/dist/cjs/event/dispatchEvent.js:45:43
      at Object.eventWrapper 
(node_modules/@testing-library/dom/dist/config.js:25:23)
      at Object.wrapEvent 
(node_modules/@testing-library/user-event/dist/cjs/event/wrapEvent.js:6:28)
      at Object.dispatchEvent (node_modules/@testing-library/user-event/dist/cj
s/event/dispatchEvent.js:45:22)
      at Object.dispatchUIEvent (node_modules/@testing-library/user-event/dist/
cjs/event/dispatchEvent.js:22:26)
      at commitInput 
(node_modules/@testing-library/user-event/dist/cjs/event/input.js:145:14)
      at editInputElement 
(node_modules/@testing-library/user-event/dist/cjs/event/input.js:115:9)
      at Object.input 
(node_modules/@testing-library/user-event/dist/cjs/event/input.js:37:9)
      at node_modules/@testing-library/user-event/dist/cjs/event/behavior/keypr
ess.js:31:26
      at Object.dispatchEvent (node_modules/@testing-library/user-event/dist/cj
s/event/dispatchEvent.js:41:13)
      at Object.dispatchUIEvent (node_modules/@testing-library/user-event/dist/
cjs/event/dispatchEvent.js:22:26)
      at KeyboardHost.keydown 
(node_modules/@testing-library/user-event/dist/cjs/system/keyboard.js:76:22)
      at keyboardAction 
(node_modules/@testing-library/user-event/dist/cjs/keyboard/index.js:22:35)
      at Object.keyboard 
(node_modules/@testing-library/user-event/dist/cjs/keyboard/index.js:11:15)
      at Object.type 
(node_modules/@testing-library/user-event/dist/cjs/utility/type.js:17:5)
      at Object.<anonymous> (src/auth/auth.test.tsx:251:9)

    console.error
      Warning: An update to LoginForm inside a test was not wrapped in 
act(...).
      
      When testing, code that causes React state updates should be wrapped 
into act(...):
      
      act(() => {
        /* fire events that update state */
      });
      /* assert on the output */
      
      This ensures that you're testing the behavior the user would see in the 
browser. Learn more at https://reactjs.org/link/wrap-tests-with-act
          at LoginForm (C:\Users\samhe\OneDrive\Desktop\Cleaned\frontend\src\au
th\LoginForm\LoginForm.tsx:41:33)
          at div
          at div
          at LoginPage
          at routeContext (C:\Users\samhe\OneDrive\Desktop\Cleaned\frontend\nod
e_modules\react-router\lib\hooks.tsx:658:26)
          at children (C:\Users\samhe\OneDrive\Desktop\Cleaned\frontend\node_mo
dules\react-router\lib\components.tsx:512:3)
          at basenameProp (C:\Users\samhe\OneDrive\Desktop\Cleaned\frontend\nod
e_modules\react-router\lib\components.tsx:421:13)
          at basename (C:\Users\samhe\OneDrive\Desktop\Cleaned\frontend\node_mo
dules\react-router\lib\components.tsx:225:3)

      52 |     async function handleSubmit(e: React.FormEvent) {
      53 |         e.preventDefault()
    > 54 |         setError('')
         |         ^
      55 |
      56 |         // Client-side empty field validation (R-AUTH-EMPTY)
      57 |         if (!email.trim() || !password) {

      at printWarning 
(node_modules/react-dom/cjs/react-dom.development.js:86:30)
      at error (node_modules/react-dom/cjs/react-dom.development.js:60:7)
      at warnIfUpdatesNotWrappedWithActDEV 
(node_modules/react-dom/cjs/react-dom.development.js:27628:9)
      at scheduleUpdateOnFiber 
(node_modules/react-dom/cjs/react-dom.development.js:25547:5)
      at dispatchSetState 
(node_modules/react-dom/cjs/react-dom.development.js:16708:7)
      at handleSubmit (src/auth/LoginForm/LoginForm.tsx:54:9)
      at HTMLUnknownElement.callCallback 
(node_modules/react-dom/cjs/react-dom.development.js:4164:14)
      at HTMLUnknownElement.callTheUserObjectsOperation 
(node_modules/jsdom/lib/jsdom/living/generated/EventListener.js:26:30)
      at innerInvokeEventListeners 
(node_modules/jsdom/lib/jsdom/living/events/EventTarget-impl.js:350:25)
      at invokeEventListeners 
(node_modules/jsdom/lib/jsdom/living/events/EventTarget-impl.js:286:3)
      at HTMLUnknownElementImpl._dispatch 
(node_modules/jsdom/lib/jsdom/living/events/EventTarget-impl.js:233:9)
      at HTMLUnknownElementImpl.dispatchEvent 
(node_modules/jsdom/lib/jsdom/living/events/EventTarget-impl.js:104:17)
      at HTMLUnknownElement.dispatchEvent 
(node_modules/jsdom/lib/jsdom/living/generated/EventTarget.js:241:34)
      at Object.invokeGuardedCallbackDev 
(node_modules/react-dom/cjs/react-dom.development.js:4213:16)
      at invokeGuardedCallback 
(node_modules/react-dom/cjs/react-dom.development.js:4277:31)
      at invokeGuardedCallbackAndCatchFirstError 
(node_modules/react-dom/cjs/react-dom.development.js:4291:25)
      at executeDispatch 
(node_modules/react-dom/cjs/react-dom.development.js:9041:3)
      at processDispatchQueueItemsInOrder 
(node_modules/react-dom/cjs/react-dom.development.js:9073:7)
      at processDispatchQueue 
(node_modules/react-dom/cjs/react-dom.development.js:9086:5)
      at dispatchEventsForPlugins 
(node_modules/react-dom/cjs/react-dom.development.js:9097:3)
      at node_modules/react-dom/cjs/react-dom.development.js:9288:12
      at batchedUpdates$1 
(node_modules/react-dom/cjs/react-dom.development.js:26179:12)
      at batchedUpdates 
(node_modules/react-dom/cjs/react-dom.development.js:3991:12)
      at dispatchEventForPluginEventSystem 
(node_modules/react-dom/cjs/react-dom.development.js:9287:3)
      at dispatchEventWithEnableCapturePhaseSelectiveHydrationWithoutDiscreteEv
entReplay (node_modules/react-dom/cjs/react-dom.development.js:6465:5)
      at dispatchEvent 
(node_modules/react-dom/cjs/react-dom.development.js:6457:5)
      at dispatchDiscreteEvent 
(node_modules/react-dom/cjs/react-dom.development.js:6430:5)
      at HTMLDivElement.callTheUserObjectsOperation 
(node_modules/jsdom/lib/jsdom/living/generated/EventListener.js:26:30)
      at innerInvokeEventListeners 
(node_modules/jsdom/lib/jsdom/living/events/EventTarget-impl.js:350:25)
      at invokeEventListeners 
(node_modules/jsdom/lib/jsdom/living/events/EventTarget-impl.js:286:3)
      at HTMLFormElementImpl._dispatch 
(node_modules/jsdom/lib/jsdom/living/events/EventTarget-impl.js:233:9)
      at fireAnEvent 
(node_modules/jsdom/lib/jsdom/living/helpers/events.js:18:36)
      at HTMLFormElementImpl.requestSubmit 
(node_modules/jsdom/lib/jsdom/living/nodes/HTMLFormElement-impl.js:109:10)
      at HTMLFormElementImpl._doRequestSubmit 
(node_modules/jsdom/lib/jsdom/living/nodes/HTMLFormElement-impl.js:79:10)
      at HTMLButtonElementImpl._activationBehavior 
(node_modules/jsdom/lib/jsdom/living/nodes/HTMLButtonElement-impl.js:23:14)
      at HTMLButtonElementImpl._dispatch 
(node_modules/jsdom/lib/jsdom/living/events/EventTarget-impl.js:252:26)
      at HTMLButtonElementImpl.dispatchEvent 
(node_modules/jsdom/lib/jsdom/living/events/EventTarget-impl.js:104:17)
      at HTMLButtonElement.dispatchEvent 
(node_modules/jsdom/lib/jsdom/living/generated/EventTarget.js:241:34)
      at 
node_modules/@testing-library/user-event/dist/cjs/event/dispatchEvent.js:45:43
      at Object.eventWrapper 
(node_modules/@testing-library/dom/dist/config.js:25:23)
      at Object.wrapEvent 
(node_modules/@testing-library/user-event/dist/cjs/event/wrapEvent.js:6:28)
      at Object.dispatchEvent (node_modules/@testing-library/user-event/dist/cj
s/event/dispatchEvent.js:45:22)
      at Object.dispatchUIEvent (node_modules/@testing-library/user-event/dist/
cjs/event/dispatchEvent.js:22:26)
      at Mouse.up (node_modules/@testing-library/user-event/dist/cjs/system/poi
nter/mouse.js:100:30)
      at PointerHost.release (node_modules/@testing-library/user-event/dist/cjs
/system/pointer/index.js:87:24)
      at pointerAction 
(node_modules/@testing-library/user-event/dist/cjs/pointer/index.js:54:47)
      at Object.pointer 
(node_modules/@testing-library/user-event/dist/cjs/pointer/index.js:27:9)
      at Object.<anonymous> (src/auth/auth.test.tsx:252:9)

    console.error
      Warning: An update to LoginForm inside a test was not wrapped in 
act(...).
      
      When testing, code that causes React state updates should be wrapped 
into act(...):
      
      act(() => {
        /* fire events that update state */
      });
      /* assert on the output */
      
      This ensures that you're testing the behavior the user would see in the 
browser. Learn more at https://reactjs.org/link/wrap-tests-with-act
          at LoginForm (C:\Users\samhe\OneDrive\Desktop\Cleaned\frontend\src\au
th\LoginForm\LoginForm.tsx:41:33)
          at div
          at div
          at LoginPage
          at routeContext (C:\Users\samhe\OneDrive\Desktop\Cleaned\frontend\nod
e_modules\react-router\lib\hooks.tsx:658:26)
          at children (C:\Users\samhe\OneDrive\Desktop\Cleaned\frontend\node_mo
dules\react-router\lib\components.tsx:512:3)
          at basenameProp (C:\Users\samhe\OneDrive\Desktop\Cleaned\frontend\nod
e_modules\react-router\lib\components.tsx:421:13)
          at basename (C:\Users\samhe\OneDrive\Desktop\Cleaned\frontend\node_mo
dules\react-router\lib\components.tsx:225:3)

      60 |         }
      61 |
    > 62 |         setLoading(true)
         |         ^
      63 |
      64 |         try {
      65 |             const response = await apiPost<{ token: string; user: 
Record<string, unknown> }>(

      at printWarning 
(node_modules/react-dom/cjs/react-dom.development.js:86:30)
      at error (node_modules/react-dom/cjs/react-dom.development.js:60:7)
      at warnIfUpdatesNotWrappedWithActDEV 
(node_modules/react-dom/cjs/react-dom.development.js:27628:9)
      at scheduleUpdateOnFiber 
(node_modules/react-dom/cjs/react-dom.development.js:25547:5)
      at dispatchSetState 
(node_modules/react-dom/cjs/react-dom.development.js:16708:7)
      at handleSubmit (src/auth/LoginForm/LoginForm.tsx:62:9)
      at HTMLUnknownElement.callCallback 
(node_modules/react-dom/cjs/react-dom.development.js:4164:14)
      at HTMLUnknownElement.callTheUserObjectsOperation 
(node_modules/jsdom/lib/jsdom/living/generated/EventListener.js:26:30)
      at innerInvokeEventListeners 
(node_modules/jsdom/lib/jsdom/living/events/EventTarget-impl.js:350:25)
      at invokeEventListeners 
(node_modules/jsdom/lib/jsdom/living/events/EventTarget-impl.js:286:3)
      at HTMLUnknownElementImpl._dispatch 
(node_modules/jsdom/lib/jsdom/living/events/EventTarget-impl.js:233:9)
      at HTMLUnknownElementImpl.dispatchEvent 
(node_modules/jsdom/lib/jsdom/living/events/EventTarget-impl.js:104:17)
      at HTMLUnknownElement.dispatchEvent 
(node_modules/jsdom/lib/jsdom/living/generated/EventTarget.js:241:34)
      at Object.invokeGuardedCallbackDev 
(node_modules/react-dom/cjs/react-dom.development.js:4213:16)
      at invokeGuardedCallback 
(node_modules/react-dom/cjs/react-dom.development.js:4277:31)
      at invokeGuardedCallbackAndCatchFirstError 
(node_modules/react-dom/cjs/react-dom.development.js:4291:25)
      at executeDispatch 
(node_modules/react-dom/cjs/react-dom.development.js:9041:3)
      at processDispatchQueueItemsInOrder 
(node_modules/react-dom/cjs/react-dom.development.js:9073:7)
      at processDispatchQueue 
(node_modules/react-dom/cjs/react-dom.development.js:9086:5)
      at dispatchEventsForPlugins 
(node_modules/react-dom/cjs/react-dom.development.js:9097:3)
      at node_modules/react-dom/cjs/react-dom.development.js:9288:12
      at batchedUpdates$1 
(node_modules/react-dom/cjs/react-dom.development.js:26179:12)
      at batchedUpdates 
(node_modules/react-dom/cjs/react-dom.development.js:3991:12)
      at dispatchEventForPluginEventSystem 
(node_modules/react-dom/cjs/react-dom.development.js:9287:3)
      at dispatchEventWithEnableCapturePhaseSelectiveHydrationWithoutDiscreteEv
entReplay (node_modules/react-dom/cjs/react-dom.development.js:6465:5)
      at dispatchEvent 
(node_modules/react-dom/cjs/react-dom.development.js:6457:5)
      at dispatchDiscreteEvent 
(node_modules/react-dom/cjs/react-dom.development.js:6430:5)
      at HTMLDivElement.callTheUserObjectsOperation 
(node_modules/jsdom/lib/jsdom/living/generated/EventListener.js:26:30)
      at innerInvokeEventListeners 
(node_modules/jsdom/lib/jsdom/living/events/EventTarget-impl.js:350:25)
      at invokeEventListeners 
(node_modules/jsdom/lib/jsdom/living/events/EventTarget-impl.js:286:3)
      at HTMLFormElementImpl._dispatch 
(node_modules/jsdom/lib/jsdom/living/events/EventTarget-impl.js:233:9)
      at fireAnEvent 
(node_modules/jsdom/lib/jsdom/living/helpers/events.js:18:36)
      at HTMLFormElementImpl.requestSubmit 
(node_modules/jsdom/lib/jsdom/living/nodes/HTMLFormElement-impl.js:109:10)
      at HTMLFormElementImpl._doRequestSubmit 
(node_modules/jsdom/lib/jsdom/living/nodes/HTMLFormElement-impl.js:79:10)
      at HTMLButtonElementImpl._activationBehavior 
(node_modules/jsdom/lib/jsdom/living/nodes/HTMLButtonElement-impl.js:23:14)
      at HTMLButtonElementImpl._dispatch 
(node_modules/jsdom/lib/jsdom/living/events/EventTarget-impl.js:252:26)
      at HTMLButtonElementImpl.dispatchEvent 
(node_modules/jsdom/lib/jsdom/living/events/EventTarget-impl.js:104:17)
      at HTMLButtonElement.dispatchEvent 
(node_modules/jsdom/lib/jsdom/living/generated/EventTarget.js:241:34)
      at 
node_modules/@testing-library/user-event/dist/cjs/event/dispatchEvent.js:45:43
      at Object.eventWrapper 
(node_modules/@testing-library/dom/dist/config.js:25:23)
      at Object.wrapEvent 
(node_modules/@testing-library/user-event/dist/cjs/event/wrapEvent.js:6:28)
      at Object.dispatchEvent (node_modules/@testing-library/user-event/dist/cj
s/event/dispatchEvent.js:45:22)
      at Object.dispatchUIEvent (node_modules/@testing-library/user-event/dist/
cjs/event/dispatchEvent.js:22:26)
      at Mouse.up (node_modules/@testing-library/user-event/dist/cjs/system/poi
nter/mouse.js:100:30)
      at PointerHost.release (node_modules/@testing-library/user-event/dist/cjs
/system/pointer/index.js:87:24)
      at pointerAction 
(node_modules/@testing-library/user-event/dist/cjs/pointer/index.js:54:47)
      at Object.pointer 
(node_modules/@testing-library/user-event/dist/cjs/pointer/index.js:27:9)
      at Object.<anonymous> (src/auth/auth.test.tsx:252:9)

    console.error
      Warning: An update to LoginForm inside a test was not wrapped in 
act(...).
      
      When testing, code that causes React state updates should be wrapped 
into act(...):
      
      act(() => {
        /* fire events that update state */
      });
      /* assert on the output */
      
      This ensures that you're testing the behavior the user would see in the 
browser. Learn more at https://reactjs.org/link/wrap-tests-with-act
          at LoginForm (C:\Users\samhe\OneDrive\Desktop\Cleaned\frontend\src\au
th\LoginForm\LoginForm.tsx:41:33)
          at div
          at div
          at LoginPage
          at routeContext (C:\Users\samhe\OneDrive\Desktop\Cleaned\frontend\nod
e_modules\react-router\lib\hooks.tsx:658:26)
          at children (C:\Users\samhe\OneDrive\Desktop\Cleaned\frontend\node_mo
dules\react-router\lib\components.tsx:512:3)
          at basenameProp (C:\Users\samhe\OneDrive\Desktop\Cleaned\frontend\nod
e_modules\react-router\lib\components.tsx:421:13)
          at basename (C:\Users\samhe\OneDrive\Desktop\Cleaned\frontend\node_mo
dules\react-router\lib\components.tsx:225:3)

      83 |
      84 |             if (status === 423) {
    > 85 |                 setError('Your account has been locked. Please 
contact your administrator.')
         |                 ^
      86 |             } else if (status === 401) {
      87 |                 const attemptsRemaining = data?.attemptsRemaining
      88 |                 if (typeof attemptsRemaining === 'number') {

      at printWarning 
(node_modules/react-dom/cjs/react-dom.development.js:86:30)
      at error (node_modules/react-dom/cjs/react-dom.development.js:60:7)
      at warnIfUpdatesNotWrappedWithActDEV 
(node_modules/react-dom/cjs/react-dom.development.js:27628:9)
      at scheduleUpdateOnFiber 
(node_modules/react-dom/cjs/react-dom.development.js:25547:5)
      at dispatchSetState 
(node_modules/react-dom/cjs/react-dom.development.js:16708:7)
      at handleSubmit (src/auth/LoginForm/LoginForm.tsx:85:17)

    console.error
      Warning: An update to LoginForm inside a test was not wrapped in 
act(...).
      
      When testing, code that causes React state updates should be wrapped 
into act(...):
      
      act(() => {
        /* fire events that update state */
      });
      /* assert on the output */
      
      This ensures that you're testing the behavior the user would see in the 
browser. Learn more at https://reactjs.org/link/wrap-tests-with-act
          at LoginForm (C:\Users\samhe\OneDrive\Desktop\Cleaned\frontend\src\au
th\LoginForm\LoginForm.tsx:41:33)
          at div
          at div
          at LoginPage
          at routeContext (C:\Users\samhe\OneDrive\Desktop\Cleaned\frontend\nod
e_modules\react-router\lib\hooks.tsx:658:26)
          at children (C:\Users\samhe\OneDrive\Desktop\Cleaned\frontend\node_mo
dules\react-router\lib\components.tsx:512:3)
          at basenameProp (C:\Users\samhe\OneDrive\Desktop\Cleaned\frontend\nod
e_modules\react-router\lib\components.tsx:421:13)
          at basename (C:\Users\samhe\OneDrive\Desktop\Cleaned\frontend\node_mo
dules\react-router\lib\components.tsx:225:3)

       95 |             }
       96 |         } finally {
    >  97 |             setLoading(false)
          |             ^
       98 |         }
       99 |     }
      100 |

      at printWarning 
(node_modules/react-dom/cjs/react-dom.development.js:86:30)
      at error (node_modules/react-dom/cjs/react-dom.development.js:60:7)
      at warnIfUpdatesNotWrappedWithActDEV 
(node_modules/react-dom/cjs/react-dom.development.js:27628:9)
      at scheduleUpdateOnFiber 
(node_modules/react-dom/cjs/react-dom.development.js:25547:5)
      at dispatchSetState 
(node_modules/react-dom/cjs/react-dom.development.js:16708:7)
      at handleSubmit (src/auth/LoginForm/LoginForm.tsx:97:13)

    console.error
      Warning: An update to LoginForm inside a test was not wrapped in 
act(...).
      
      When testing, code that causes React state updates should be wrapped 
into act(...):
      
      act(() => {
        /* fire events that update state */
      });
      /* assert on the output */
      
      This ensures that you're testing the behavior the user would see in the 
browser. Learn more at https://reactjs.org/link/wrap-tests-with-act
          at LoginForm (C:\Users\samhe\OneDrive\Desktop\Cleaned\frontend\src\au
th\LoginForm\LoginForm.tsx:41:33)
          at div
          at div
          at LoginPage
          at routeContext (C:\Users\samhe\OneDrive\Desktop\Cleaned\frontend\nod
e_modules\react-router\lib\hooks.tsx:658:26)
          at children (C:\Users\samhe\OneDrive\Desktop\Cleaned\frontend\node_mo
dules\react-router\lib\components.tsx:512:3)
          at basenameProp (C:\Users\samhe\OneDrive\Desktop\Cleaned\frontend\nod
e_modules\react-router\lib\components.tsx:421:13)
          at basename (C:\Users\samhe\OneDrive\Desktop\Cleaned\frontend\node_mo
dules\react-router\lib\components.tsx:225:3)

      123 |                     placeholder="email@company.com"
      124 |                     value={email}
    > 125 |                     onChange={(e) => setEmail(e.target.value)}
          |                                      ^
      126 |                     className="w-full rounded-md border 
border-gray-300 px-3 py-2 text-sm focus:outline-none focus:ring-2 
focus:ring-gray-900 disabled:opacity-50"
      127 |                 />
      128 |             </div>

      at printWarning 
(node_modules/react-dom/cjs/react-dom.development.js:86:30)
      at error (node_modules/react-dom/cjs/react-dom.development.js:60:7)
      at warnIfUpdatesNotWrappedWithActDEV 
(node_modules/react-dom/cjs/react-dom.development.js:27628:9)
      at scheduleUpdateOnFiber 
(node_modules/react-dom/cjs/react-dom.development.js:25547:5)
      at dispatchSetState 
(node_modules/react-dom/cjs/react-dom.development.js:16708:7)
      at onChange (src/auth/LoginForm/LoginForm.tsx:125:38)
      at HTMLUnknownElement.callCallback 
(node_modules/react-dom/cjs/react-dom.development.js:4164:14)
      at HTMLUnknownElement.callTheUserObjectsOperation 
(node_modules/jsdom/lib/jsdom/living/generated/EventListener.js:26:30)
      at innerInvokeEventListeners 
(node_modules/jsdom/lib/jsdom/living/events/EventTarget-impl.js:350:25)
      at invokeEventListeners 
(node_modules/jsdom/lib/jsdom/living/events/EventTarget-impl.js:286:3)
      at HTMLUnknownElementImpl._dispatch 
(node_modules/jsdom/lib/jsdom/living/events/EventTarget-impl.js:233:9)
      at HTMLUnknownElementImpl.dispatchEvent 
(node_modules/jsdom/lib/jsdom/living/events/EventTarget-impl.js:104:17)
      at HTMLUnknownElement.dispatchEvent 
(node_modules/jsdom/lib/jsdom/living/generated/EventTarget.js:241:34)
      at Object.invokeGuardedCallbackDev 
(node_modules/react-dom/cjs/react-dom.development.js:4213:16)
      at invokeGuardedCallback 
(node_modules/react-dom/cjs/react-dom.development.js:4277:31)
      at invokeGuardedCallbackAndCatchFirstError 
(node_modules/react-dom/cjs/react-dom.development.js:4291:25)
      at executeDispatch 
(node_modules/react-dom/cjs/react-dom.development.js:9041:3)
      at processDispatchQueueItemsInOrder 
(node_modules/react-dom/cjs/react-dom.development.js:9073:7)
      at processDispatchQueue 
(node_modules/react-dom/cjs/react-dom.development.js:9086:5)
      at dispatchEventsForPlugins 
(node_modules/react-dom/cjs/react-dom.development.js:9097:3)
      at node_modules/react-dom/cjs/react-dom.development.js:9288:12
      at batchedUpdates$1 
(node_modules/react-dom/cjs/react-dom.development.js:26179:12)
      at batchedUpdates 
(node_modules/react-dom/cjs/react-dom.development.js:3991:12)
      at dispatchEventForPluginEventSystem 
(node_modules/react-dom/cjs/react-dom.development.js:9287:3)
      at dispatchEventWithEnableCapturePhaseSelectiveHydrationWithoutDiscreteEv
entReplay (node_modules/react-dom/cjs/react-dom.development.js:6465:5)
      at dispatchEvent 
(node_modules/react-dom/cjs/react-dom.development.js:6457:5)
      at dispatchDiscreteEvent 
(node_modules/react-dom/cjs/react-dom.development.js:6430:5)
      at HTMLDivElement.callTheUserObjectsOperation 
(node_modules/jsdom/lib/jsdom/living/generated/EventListener.js:26:30)
      at innerInvokeEventListeners 
(node_modules/jsdom/lib/jsdom/living/events/EventTarget-impl.js:350:25)
      at invokeEventListeners 
(node_modules/jsdom/lib/jsdom/living/events/EventTarget-impl.js:286:3)
      at HTMLInputElementImpl._dispatch 
(node_modules/jsdom/lib/jsdom/living/events/EventTarget-impl.js:233:9)
      at HTMLInputElementImpl.dispatchEvent 
(node_modules/jsdom/lib/jsdom/living/events/EventTarget-impl.js:104:17)
      at HTMLInputElement.dispatchEvent 
(node_modules/jsdom/lib/jsdom/living/generated/EventTarget.js:241:34)
      at 
node_modules/@testing-library/user-event/dist/cjs/event/dispatchEvent.js:45:43
      at Object.eventWrapper 
(node_modules/@testing-library/dom/dist/config.js:25:23)
      at Object.wrapEvent 
(node_modules/@testing-library/user-event/dist/cjs/event/wrapEvent.js:6:28)
      at Object.dispatchEvent (node_modules/@testing-library/user-event/dist/cj
s/event/dispatchEvent.js:45:22)
      at Object.dispatchUIEvent (node_modules/@testing-library/user-event/dist/
cjs/event/dispatchEvent.js:22:26)
      at commitInput 
(node_modules/@testing-library/user-event/dist/cjs/event/input.js:145:14)
      at editInputElement 
(node_modules/@testing-library/user-event/dist/cjs/event/input.js:115:9)
      at Object.input 
(node_modules/@testing-library/user-event/dist/cjs/event/input.js:37:9)
      at node_modules/@testing-library/user-event/dist/cjs/event/behavior/keypr
ess.js:31:26
      at Object.dispatchEvent (node_modules/@testing-library/user-event/dist/cj
s/event/dispatchEvent.js:41:13)
      at Object.dispatchUIEvent (node_modules/@testing-library/user-event/dist/
cjs/event/dispatchEvent.js:22:26)
      at KeyboardHost.keydown 
(node_modules/@testing-library/user-event/dist/cjs/system/keyboard.js:76:22)
      at keyboardAction 
(node_modules/@testing-library/user-event/dist/cjs/keyboard/index.js:22:35)
      at Object.keyboard 
(node_modules/@testing-library/user-event/dist/cjs/keyboard/index.js:11:15)
      at Object.type 
(node_modules/@testing-library/user-event/dist/cjs/utility/type.js:17:5)
      at Object.<anonymous> (src/auth/auth.test.tsx:265:9)

    console.error
      Warning: An update to LoginForm inside a test was not wrapped in 
act(...).
      
      When testing, code that causes React state updates should be wrapped 
into act(...):
      
      act(() => {
        /* fire events that update state */
      });
      /* assert on the output */
      
      This ensures that you're testing the behavior the user would see in the 
browser. Learn more at https://reactjs.org/link/wrap-tests-with-act
          at LoginForm (C:\Users\samhe\OneDrive\Desktop\Cleaned\frontend\src\au
th\LoginForm\LoginForm.tsx:41:33)
          at div
          at div
          at LoginPage
          at routeContext (C:\Users\samhe\OneDrive\Desktop\Cleaned\frontend\nod
e_modules\react-router\lib\hooks.tsx:658:26)
          at children (C:\Users\samhe\OneDrive\Desktop\Cleaned\frontend\node_mo
dules\react-router\lib\components.tsx:512:3)
          at basenameProp (C:\Users\samhe\OneDrive\Desktop\Cleaned\frontend\nod
e_modules\react-router\lib\components.tsx:421:13)
          at basename (C:\Users\samhe\OneDrive\Desktop\Cleaned\frontend\node_mo
dules\react-router\lib\components.tsx:225:3)

      123 |                     placeholder="email@company.com"
      124 |                     value={email}
    > 125 |                     onChange={(e) => setEmail(e.target.value)}
          |                                      ^
      126 |                     className="w-full rounded-md border 
border-gray-300 px-3 py-2 text-sm focus:outline-none focus:ring-2 
focus:ring-gray-900 disabled:opacity-50"
      127 |                 />
      128 |             </div>

      at printWarning 
(node_modules/react-dom/cjs/react-dom.development.js:86:30)
      at error (node_modules/react-dom/cjs/react-dom.development.js:60:7)
      at warnIfUpdatesNotWrappedWithActDEV 
(node_modules/react-dom/cjs/react-dom.development.js:27628:9)
      at scheduleUpdateOnFiber 
(node_modules/react-dom/cjs/react-dom.development.js:25547:5)
      at dispatchSetState 
(node_modules/react-dom/cjs/react-dom.development.js:16708:7)
      at onChange (src/auth/LoginForm/LoginForm.tsx:125:38)
      at HTMLUnknownElement.callCallback 
(node_modules/react-dom/cjs/react-dom.development.js:4164:14)
      at HTMLUnknownElement.callTheUserObjectsOperation 
(node_modules/jsdom/lib/jsdom/living/generated/EventListener.js:26:30)
      at innerInvokeEventListeners 
(node_modules/jsdom/lib/jsdom/living/events/EventTarget-impl.js:350:25)
      at invokeEventListeners 
(node_modules/jsdom/lib/jsdom/living/events/EventTarget-impl.js:286:3)
      at HTMLUnknownElementImpl._dispatch 
(node_modules/jsdom/lib/jsdom/living/events/EventTarget-impl.js:233:9)
      at HTMLUnknownElementImpl.dispatchEvent 
(node_modules/jsdom/lib/jsdom/living/events/EventTarget-impl.js:104:17)
      at HTMLUnknownElement.dispatchEvent 
(node_modules/jsdom/lib/jsdom/living/generated/EventTarget.js:241:34)
      at Object.invokeGuardedCallbackDev 
(node_modules/react-dom/cjs/react-dom.development.js:4213:16)
      at invokeGuardedCallback 
(node_modules/react-dom/cjs/react-dom.development.js:4277:31)
      at invokeGuardedCallbackAndCatchFirstError 
(node_modules/react-dom/cjs/react-dom.development.js:4291:25)
      at executeDispatch 
(node_modules/react-dom/cjs/react-dom.development.js:9041:3)
      at processDispatchQueueItemsInOrder 
(node_modules/react-dom/cjs/react-dom.development.js:9073:7)
      at processDispatchQueue 
(node_modules/react-dom/cjs/react-dom.development.js:9086:5)
      at dispatchEventsForPlugins 
(node_modules/react-dom/cjs/react-dom.development.js:9097:3)
      at node_modules/react-dom/cjs/react-dom.development.js:9288:12
      at batchedUpdates$1 
(node_modules/react-dom/cjs/react-dom.development.js:26179:12)
      at batchedUpdates 
(node_modules/react-dom/cjs/react-dom.development.js:3991:12)
      at dispatchEventForPluginEventSystem 
(node_modules/react-dom/cjs/react-dom.development.js:9287:3)
      at dispatchEventWithEnableCapturePhaseSelectiveHydrationWithoutDiscreteEv
entReplay (node_modules/react-dom/cjs/react-dom.development.js:6465:5)
      at dispatchEvent 
(node_modules/react-dom/cjs/react-dom.development.js:6457:5)
      at dispatchDiscreteEvent 
(node_modules/react-dom/cjs/react-dom.development.js:6430:5)
      at HTMLDivElement.callTheUserObjectsOperation 
(node_modules/jsdom/lib/jsdom/living/generated/EventListener.js:26:30)
      at innerInvokeEventListeners 
(node_modules/jsdom/lib/jsdom/living/events/EventTarget-impl.js:350:25)
      at invokeEventListeners 
(node_modules/jsdom/lib/jsdom/living/events/EventTarget-impl.js:286:3)
      at HTMLInputElementImpl._dispatch 
(node_modules/jsdom/lib/jsdom/living/events/EventTarget-impl.js:233:9)
      at HTMLInputElementImpl.dispatchEvent 
(node_modules/jsdom/lib/jsdom/living/events/EventTarget-impl.js:104:17)
      at HTMLInputElement.dispatchEvent 
(node_modules/jsdom/lib/jsdom/living/generated/EventTarget.js:241:34)
      at 
node_modules/@testing-library/user-event/dist/cjs/event/dispatchEvent.js:45:43
      at Object.eventWrapper 
(node_modules/@testing-library/dom/dist/config.js:25:23)
      at Object.wrapEvent 
(node_modules/@testing-library/user-event/dist/cjs/event/wrapEvent.js:6:28)
      at Object.dispatchEvent (node_modules/@testing-library/user-event/dist/cj
s/event/dispatchEvent.js:45:22)
      at Object.dispatchUIEvent (node_modules/@testing-library/user-event/dist/
cjs/event/dispatchEvent.js:22:26)
      at commitInput 
(node_modules/@testing-library/user-event/dist/cjs/event/input.js:145:14)
      at editInputElement 
(node_modules/@testing-library/user-event/dist/cjs/event/input.js:115:9)
      at Object.input 
(node_modules/@testing-library/user-event/dist/cjs/event/input.js:37:9)
      at node_modules/@testing-library/user-event/dist/cjs/event/behavior/keypr
ess.js:31:26
      at Object.dispatchEvent (node_modules/@testing-library/user-event/dist/cj
s/event/dispatchEvent.js:41:13)
      at Object.dispatchUIEvent (node_modules/@testing-library/user-event/dist/
cjs/event/dispatchEvent.js:22:26)
      at KeyboardHost.keydown 
(node_modules/@testing-library/user-event/dist/cjs/system/keyboard.js:76:22)
      at keyboardAction 
(node_modules/@testing-library/user-event/dist/cjs/keyboard/index.js:22:35)
      at Object.keyboard 
(node_modules/@testing-library/user-event/dist/cjs/keyboard/index.js:11:15)
      at Object.type 
(node_modules/@testing-library/user-event/dist/cjs/utility/type.js:17:5)
      at Object.<anonymous> (src/auth/auth.test.tsx:265:9)

    console.error
      Warning: An update to LoginForm inside a test was not wrapped in 
act(...).
      
      When testing, code that causes React state updates should be wrapped 
into act(...):
      
      act(() => {
        /* fire events that update state */
      });
      /* assert on the output */
      
      This ensures that you're testing the behavior the user would see in the 
browser. Learn more at https://reactjs.org/link/wrap-tests-with-act
          at LoginForm (C:\Users\samhe\OneDrive\Desktop\Cleaned\frontend\src\au
th\LoginForm\LoginForm.tsx:41:33)
          at div
          at div
          at LoginPage
          at routeContext (C:\Users\samhe\OneDrive\Desktop\Cleaned\frontend\nod
e_modules\react-router\lib\hooks.tsx:658:26)
          at children (C:\Users\samhe\OneDrive\Desktop\Cleaned\frontend\node_mo
dules\react-router\lib\components.tsx:512:3)
          at basenameProp (C:\Users\samhe\OneDrive\Desktop\Cleaned\frontend\nod
e_modules\react-router\lib\components.tsx:421:13)
          at basename (C:\Users\samhe\OneDrive\Desktop\Cleaned\frontend\node_mo
dules\react-router\lib\components.tsx:225:3)

      123 |                     placeholder="email@company.com"
      124 |                     value={email}
    > 125 |                     onChange={(e) => setEmail(e.target.value)}
          |                                      ^
      126 |                     className="w-full rounded-md border 
border-gray-300 px-3 py-2 text-sm focus:outline-none focus:ring-2 
focus:ring-gray-900 disabled:opacity-50"
      127 |                 />
      128 |             </div>

      at printWarning 
(node_modules/react-dom/cjs/react-dom.development.js:86:30)
      at error (node_modules/react-dom/cjs/react-dom.development.js:60:7)
      at warnIfUpdatesNotWrappedWithActDEV 
(node_modules/react-dom/cjs/react-dom.development.js:27628:9)
      at scheduleUpdateOnFiber 
(node_modules/react-dom/cjs/react-dom.development.js:25547:5)
      at dispatchSetState 
(node_modules/react-dom/cjs/react-dom.development.js:16708:7)
      at onChange (src/auth/LoginForm/LoginForm.tsx:125:38)
      at HTMLUnknownElement.callCallback 
(node_modules/react-dom/cjs/react-dom.development.js:4164:14)
      at HTMLUnknownElement.callTheUserObjectsOperation 
(node_modules/jsdom/lib/jsdom/living/generated/EventListener.js:26:30)
      at innerInvokeEventListeners 
(node_modules/jsdom/lib/jsdom/living/events/EventTarget-impl.js:350:25)
      at invokeEventListeners 
(node_modules/jsdom/lib/jsdom/living/events/EventTarget-impl.js:286:3)
      at HTMLUnknownElementImpl._dispatch 
(node_modules/jsdom/lib/jsdom/living/events/EventTarget-impl.js:233:9)
      at HTMLUnknownElementImpl.dispatchEvent 
(node_modules/jsdom/lib/jsdom/living/events/EventTarget-impl.js:104:17)
      at HTMLUnknownElement.dispatchEvent 
(node_modules/jsdom/lib/jsdom/living/generated/EventTarget.js:241:34)
      at Object.invokeGuardedCallbackDev 
(node_modules/react-dom/cjs/react-dom.development.js:4213:16)
      at invokeGuardedCallback 
(node_modules/react-dom/cjs/react-dom.development.js:4277:31)
      at invokeGuardedCallbackAndCatchFirstError 
(node_modules/react-dom/cjs/react-dom.development.js:4291:25)
      at executeDispatch 
(node_modules/react-dom/cjs/react-dom.development.js:9041:3)
      at processDispatchQueueItemsInOrder 
(node_modules/react-dom/cjs/react-dom.development.js:9073:7)
      at processDispatchQueue 
(node_modules/react-dom/cjs/react-dom.development.js:9086:5)
      at dispatchEventsForPlugins 
(node_modules/react-dom/cjs/react-dom.development.js:9097:3)
      at node_modules/react-dom/cjs/react-dom.development.js:9288:12
      at batchedUpdates$1 
(node_modules/react-dom/cjs/react-dom.development.js:26179:12)
      at batchedUpdates 
(node_modules/react-dom/cjs/react-dom.development.js:3991:12)
      at dispatchEventForPluginEventSystem 
(node_modules/react-dom/cjs/react-dom.development.js:9287:3)
      at dispatchEventWithEnableCapturePhaseSelectiveHydrationWithoutDiscreteEv
entReplay (node_modules/react-dom/cjs/react-dom.development.js:6465:5)
      at dispatchEvent 
(node_modules/react-dom/cjs/react-dom.development.js:6457:5)
      at dispatchDiscreteEvent 
(node_modules/react-dom/cjs/react-dom.development.js:6430:5)
      at HTMLDivElement.callTheUserObjectsOperation 
(node_modules/jsdom/lib/jsdom/living/generated/EventListener.js:26:30)
      at innerInvokeEventListeners 
(node_modules/jsdom/lib/jsdom/living/events/EventTarget-impl.js:350:25)
      at invokeEventListeners 
(node_modules/jsdom/lib/jsdom/living/events/EventTarget-impl.js:286:3)
      at HTMLInputElementImpl._dispatch 
(node_modules/jsdom/lib/jsdom/living/events/EventTarget-impl.js:233:9)
      at HTMLInputElementImpl.dispatchEvent 
(node_modules/jsdom/lib/jsdom/living/events/EventTarget-impl.js:104:17)
      at HTMLInputElement.dispatchEvent 
(node_modules/jsdom/lib/jsdom/living/generated/EventTarget.js:241:34)
      at 
node_modules/@testing-library/user-event/dist/cjs/event/dispatchEvent.js:45:43
      at Object.eventWrapper 
(node_modules/@testing-library/dom/dist/config.js:25:23)
      at Object.wrapEvent 
(node_modules/@testing-library/user-event/dist/cjs/event/wrapEvent.js:6:28)
      at Object.dispatchEvent (node_modules/@testing-library/user-event/dist/cj
s/event/dispatchEvent.js:45:22)
      at Object.dispatchUIEvent (node_modules/@testing-library/user-event/dist/
cjs/event/dispatchEvent.js:22:26)
      at commitInput 
(node_modules/@testing-library/user-event/dist/cjs/event/input.js:145:14)
      at editInputElement 
(node_modules/@testing-library/user-event/dist/cjs/event/input.js:115:9)
      at Object.input 
(node_modules/@testing-library/user-event/dist/cjs/event/input.js:37:9)
      at node_modules/@testing-library/user-event/dist/cjs/event/behavior/keypr
ess.js:31:26
      at Object.dispatchEvent (node_modules/@testing-library/user-event/dist/cj
s/event/dispatchEvent.js:41:13)
      at Object.dispatchUIEvent (node_modules/@testing-library/user-event/dist/
cjs/event/dispatchEvent.js:22:26)
      at KeyboardHost.keydown 
(node_modules/@testing-library/user-event/dist/cjs/system/keyboard.js:76:22)
      at keyboardAction 
(node_modules/@testing-library/user-event/dist/cjs/keyboard/index.js:22:35)
      at Object.keyboard 
(node_modules/@testing-library/user-event/dist/cjs/keyboard/index.js:11:15)
      at Object.type 
(node_modules/@testing-library/user-event/dist/cjs/utility/type.js:17:5)
      at Object.<anonymous> (src/auth/auth.test.tsx:265:9)

    console.error
      Warning: An update to LoginForm inside a test was not wrapped in 
act(...).
      
      When testing, code that causes React state updates should be wrapped 
into act(...):
      
      act(() => {
        /* fire events that update state */
      });
      /* assert on the output */
      
      This ensures that you're testing the behavior the user would see in the 
browser. Learn more at https://reactjs.org/link/wrap-tests-with-act
          at LoginForm (C:\Users\samhe\OneDrive\Desktop\Cleaned\frontend\src\au
th\LoginForm\LoginForm.tsx:41:33)
          at div
          at div
          at LoginPage
          at routeContext (C:\Users\samhe\OneDrive\Desktop\Cleaned\frontend\nod
e_modules\react-router\lib\hooks.tsx:658:26)
          at children (C:\Users\samhe\OneDrive\Desktop\Cleaned\frontend\node_mo
dules\react-router\lib\components.tsx:512:3)
          at basenameProp (C:\Users\samhe\OneDrive\Desktop\Cleaned\frontend\nod
e_modules\react-router\lib\components.tsx:421:13)
          at basename (C:\Users\samhe\OneDrive\Desktop\Cleaned\frontend\node_mo
dules\react-router\lib\components.tsx:225:3)

      123 |                     placeholder="email@company.com"
      124 |                     value={email}
    > 125 |                     onChange={(e) => setEmail(e.target.value)}
          |                                      ^
      126 |                     className="w-full rounded-md border 
border-gray-300 px-3 py-2 text-sm focus:outline-none focus:ring-2 
focus:ring-gray-900 disabled:opacity-50"
      127 |                 />
      128 |             </div>

      at printWarning 
(node_modules/react-dom/cjs/react-dom.development.js:86:30)
      at error (node_modules/react-dom/cjs/react-dom.development.js:60:7)
      at warnIfUpdatesNotWrappedWithActDEV 
(node_modules/react-dom/cjs/react-dom.development.js:27628:9)
      at scheduleUpdateOnFiber 
(node_modules/react-dom/cjs/react-dom.development.js:25547:5)
      at dispatchSetState 
(node_modules/react-dom/cjs/react-dom.development.js:16708:7)
      at onChange (src/auth/LoginForm/LoginForm.tsx:125:38)
      at HTMLUnknownElement.callCallback 
(node_modules/react-dom/cjs/react-dom.development.js:4164:14)
      at HTMLUnknownElement.callTheUserObjectsOperation 
(node_modules/jsdom/lib/jsdom/living/generated/EventListener.js:26:30)
      at innerInvokeEventListeners 
(node_modules/jsdom/lib/jsdom/living/events/EventTarget-impl.js:350:25)
      at invokeEventListeners 
(node_modules/jsdom/lib/jsdom/living/events/EventTarget-impl.js:286:3)
      at HTMLUnknownElementImpl._dispatch 
(node_modules/jsdom/lib/jsdom/living/events/EventTarget-impl.js:233:9)
      at HTMLUnknownElementImpl.dispatchEvent 
(node_modules/jsdom/lib/jsdom/living/events/EventTarget-impl.js:104:17)
      at HTMLUnknownElement.dispatchEvent 
(node_modules/jsdom/lib/jsdom/living/generated/EventTarget.js:241:34)
      at Object.invokeGuardedCallbackDev 
(node_modules/react-dom/cjs/react-dom.development.js:4213:16)
      at invokeGuardedCallback 
(node_modules/react-dom/cjs/react-dom.development.js:4277:31)
      at invokeGuardedCallbackAndCatchFirstError 
(node_modules/react-dom/cjs/react-dom.development.js:4291:25)
      at executeDispatch 
(node_modules/react-dom/cjs/react-dom.development.js:9041:3)
      at processDispatchQueueItemsInOrder 
(node_modules/react-dom/cjs/react-dom.development.js:9073:7)
      at processDispatchQueue 
(node_modules/react-dom/cjs/react-dom.development.js:9086:5)
      at dispatchEventsForPlugins 
(node_modules/react-dom/cjs/react-dom.development.js:9097:3)
      at node_modules/react-dom/cjs/react-dom.development.js:9288:12
      at batchedUpdates$1 
(node_modules/react-dom/cjs/react-dom.development.js:26179:12)
      at batchedUpdates 
(node_modules/react-dom/cjs/react-dom.development.js:3991:12)
      at dispatchEventForPluginEventSystem 
(node_modules/react-dom/cjs/react-dom.development.js:9287:3)
      at dispatchEventWithEnableCapturePhaseSelectiveHydrationWithoutDiscreteEv
entReplay (node_modules/react-dom/cjs/react-dom.development.js:6465:5)
      at dispatchEvent 
(node_modules/react-dom/cjs/react-dom.development.js:6457:5)
      at dispatchDiscreteEvent 
(node_modules/react-dom/cjs/react-dom.development.js:6430:5)
      at HTMLDivElement.callTheUserObjectsOperation 
(node_modules/jsdom/lib/jsdom/living/generated/EventListener.js:26:30)
      at innerInvokeEventListeners 
(node_modules/jsdom/lib/jsdom/living/events/EventTarget-impl.js:350:25)
      at invokeEventListeners 
(node_modules/jsdom/lib/jsdom/living/events/EventTarget-impl.js:286:3)
      at HTMLInputElementImpl._dispatch 
(node_modules/jsdom/lib/jsdom/living/events/EventTarget-impl.js:233:9)
      at HTMLInputElementImpl.dispatchEvent 
(node_modules/jsdom/lib/jsdom/living/events/EventTarget-impl.js:104:17)
      at HTMLInputElement.dispatchEvent 
(node_modules/jsdom/lib/jsdom/living/generated/EventTarget.js:241:34)
      at 
node_modules/@testing-library/user-event/dist/cjs/event/dispatchEvent.js:45:43
      at Object.eventWrapper 
(node_modules/@testing-library/dom/dist/config.js:25:23)
      at Object.wrapEvent 
(node_modules/@testing-library/user-event/dist/cjs/event/wrapEvent.js:6:28)
      at Object.dispatchEvent (node_modules/@testing-library/user-event/dist/cj
s/event/dispatchEvent.js:45:22)
      at Object.dispatchUIEvent (node_modules/@testing-library/user-event/dist/
cjs/event/dispatchEvent.js:22:26)
      at commitInput 
(node_modules/@testing-library/user-event/dist/cjs/event/input.js:145:14)
      at editInputElement 
(node_modules/@testing-library/user-event/dist/cjs/event/input.js:115:9)
      at Object.input 
(node_modules/@testing-library/user-event/dist/cjs/event/input.js:37:9)
      at node_modules/@testing-library/user-event/dist/cjs/event/behavior/keypr
ess.js:31:26
      at Object.dispatchEvent (node_modules/@testing-library/user-event/dist/cj
s/event/dispatchEvent.js:41:13)
      at Object.dispatchUIEvent (node_modules/@testing-library/user-event/dist/
cjs/event/dispatchEvent.js:22:26)
      at KeyboardHost.keydown 
(node_modules/@testing-library/user-event/dist/cjs/system/keyboard.js:76:22)
      at keyboardAction 
(node_modules/@testing-library/user-event/dist/cjs/keyboard/index.js:22:35)
      at Object.keyboard 
(node_modules/@testing-library/user-event/dist/cjs/keyboard/index.js:11:15)
      at Object.type 
(node_modules/@testing-library/user-event/dist/cjs/utility/type.js:17:5)
      at Object.<anonymous> (src/auth/auth.test.tsx:265:9)

    console.error
      Warning: An update to LoginForm inside a test was not wrapped in 
act(...).
      
      When testing, code that causes React state updates should be wrapped 
into act(...):
      
      act(() => {
        /* fire events that update state */
      });
      /* assert on the output */
      
      This ensures that you're testing the behavior the user would see in the 
browser. Learn more at https://reactjs.org/link/wrap-tests-with-act
          at LoginForm (C:\Users\samhe\OneDrive\Desktop\Cleaned\frontend\src\au
th\LoginForm\LoginForm.tsx:41:33)
          at div
          at div
          at LoginPage
          at routeContext (C:\Users\samhe\OneDrive\Desktop\Cleaned\frontend\nod
e_modules\react-router\lib\hooks.tsx:658:26)
          at children (C:\Users\samhe\OneDrive\Desktop\Cleaned\frontend\node_mo
dules\react-router\lib\components.tsx:512:3)
          at basenameProp (C:\Users\samhe\OneDrive\Desktop\Cleaned\frontend\nod
e_modules\react-router\lib\components.tsx:421:13)
          at basename (C:\Users\samhe\OneDrive\Desktop\Cleaned\frontend\node_mo
dules\react-router\lib\components.tsx:225:3)

      123 |                     placeholder="email@company.com"
      124 |                     value={email}
    > 125 |                     onChange={(e) => setEmail(e.target.value)}
          |                                      ^
      126 |                     className="w-full rounded-md border 
border-gray-300 px-3 py-2 text-sm focus:outline-none focus:ring-2 
focus:ring-gray-900 disabled:opacity-50"
      127 |                 />
      128 |             </div>

      at printWarning 
(node_modules/react-dom/cjs/react-dom.development.js:86:30)
      at error (node_modules/react-dom/cjs/react-dom.development.js:60:7)
      at warnIfUpdatesNotWrappedWithActDEV 
(node_modules/react-dom/cjs/react-dom.development.js:27628:9)
      at scheduleUpdateOnFiber 
(node_modules/react-dom/cjs/react-dom.development.js:25547:5)
      at dispatchSetState 
(node_modules/react-dom/cjs/react-dom.development.js:16708:7)
      at onChange (src/auth/LoginForm/LoginForm.tsx:125:38)
      at HTMLUnknownElement.callCallback 
(node_modules/react-dom/cjs/react-dom.development.js:4164:14)
      at HTMLUnknownElement.callTheUserObjectsOperation 
(node_modules/jsdom/lib/jsdom/living/generated/EventListener.js:26:30)
      at innerInvokeEventListeners 
(node_modules/jsdom/lib/jsdom/living/events/EventTarget-impl.js:350:25)
      at invokeEventListeners 
(node_modules/jsdom/lib/jsdom/living/events/EventTarget-impl.js:286:3)
      at HTMLUnknownElementImpl._dispatch 
(node_modules/jsdom/lib/jsdom/living/events/EventTarget-impl.js:233:9)
      at HTMLUnknownElementImpl.dispatchEvent 
(node_modules/jsdom/lib/jsdom/living/events/EventTarget-impl.js:104:17)
      at HTMLUnknownElement.dispatchEvent 
(node_modules/jsdom/lib/jsdom/living/generated/EventTarget.js:241:34)
      at Object.invokeGuardedCallbackDev 
(node_modules/react-dom/cjs/react-dom.development.js:4213:16)
      at invokeGuardedCallback 
(node_modules/react-dom/cjs/react-dom.development.js:4277:31)
      at invokeGuardedCallbackAndCatchFirstError 
(node_modules/react-dom/cjs/react-dom.development.js:4291:25)
      at executeDispatch 
(node_modules/react-dom/cjs/react-dom.development.js:9041:3)
      at processDispatchQueueItemsInOrder 
(node_modules/react-dom/cjs/react-dom.development.js:9073:7)
      at processDispatchQueue 
(node_modules/react-dom/cjs/react-dom.development.js:9086:5)
      at dispatchEventsForPlugins 
(node_modules/react-dom/cjs/react-dom.development.js:9097:3)
      at node_modules/react-dom/cjs/react-dom.development.js:9288:12
      at batchedUpdates$1 
(node_modules/react-dom/cjs/react-dom.development.js:26179:12)
      at batchedUpdates 
(node_modules/react-dom/cjs/react-dom.development.js:3991:12)
      at dispatchEventForPluginEventSystem 
(node_modules/react-dom/cjs/react-dom.development.js:9287:3)
      at dispatchEventWithEnableCapturePhaseSelectiveHydrationWithoutDiscreteEv
entReplay (node_modules/react-dom/cjs/react-dom.development.js:6465:5)
      at dispatchEvent 
(node_modules/react-dom/cjs/react-dom.development.js:6457:5)
      at dispatchDiscreteEvent 
(node_modules/react-dom/cjs/react-dom.development.js:6430:5)
      at HTMLDivElement.callTheUserObjectsOperation 
(node_modules/jsdom/lib/jsdom/living/generated/EventListener.js:26:30)
      at innerInvokeEventListeners 
(node_modules/jsdom/lib/jsdom/living/events/EventTarget-impl.js:350:25)
      at invokeEventListeners 
(node_modules/jsdom/lib/jsdom/living/events/EventTarget-impl.js:286:3)
      at HTMLInputElementImpl._dispatch 
(node_modules/jsdom/lib/jsdom/living/events/EventTarget-impl.js:233:9)
      at HTMLInputElementImpl.dispatchEvent 
(node_modules/jsdom/lib/jsdom/living/events/EventTarget-impl.js:104:17)
      at HTMLInputElement.dispatchEvent 
(node_modules/jsdom/lib/jsdom/living/generated/EventTarget.js:241:34)
      at 
node_modules/@testing-library/user-event/dist/cjs/event/dispatchEvent.js:45:43
      at Object.eventWrapper 
(node_modules/@testing-library/dom/dist/config.js:25:23)
      at Object.wrapEvent 
(node_modules/@testing-library/user-event/dist/cjs/event/wrapEvent.js:6:28)
      at Object.dispatchEvent (node_modules/@testing-library/user-event/dist/cj
s/event/dispatchEvent.js:45:22)
      at Object.dispatchUIEvent (node_modules/@testing-library/user-event/dist/
cjs/event/dispatchEvent.js:22:26)
      at commitInput 
(node_modules/@testing-library/user-event/dist/cjs/event/input.js:145:14)
      at editInputElement 
(node_modules/@testing-library/user-event/dist/cjs/event/input.js:115:9)
      at Object.input 
(node_modules/@testing-library/user-event/dist/cjs/event/input.js:37:9)
      at node_modules/@testing-library/user-event/dist/cjs/event/behavior/keypr
ess.js:31:26
      at Object.dispatchEvent (node_modules/@testing-library/user-event/dist/cj
s/event/dispatchEvent.js:41:13)
      at Object.dispatchUIEvent (node_modules/@testing-library/user-event/dist/
cjs/event/dispatchEvent.js:22:26)
      at KeyboardHost.keydown 
(node_modules/@testing-library/user-event/dist/cjs/system/keyboard.js:76:22)
      at keyboardAction 
(node_modules/@testing-library/user-event/dist/cjs/keyboard/index.js:22:35)
      at Object.keyboard 
(node_modules/@testing-library/user-event/dist/cjs/keyboard/index.js:11:15)
      at Object.type 
(node_modules/@testing-library/user-event/dist/cjs/utility/type.js:17:5)
      at Object.<anonymous> (src/auth/auth.test.tsx:265:9)

    console.error
      Warning: An update to LoginForm inside a test was not wrapped in 
act(...).
      
      When testing, code that causes React state updates should be wrapped 
into act(...):
      
      act(() => {
        /* fire events that update state */
      });
      /* assert on the output */
      
      This ensures that you're testing the behavior the user would see in the 
browser. Learn more at https://reactjs.org/link/wrap-tests-with-act
          at LoginForm (C:\Users\samhe\OneDrive\Desktop\Cleaned\frontend\src\au
th\LoginForm\LoginForm.tsx:41:33)
          at div
          at div
          at LoginPage
          at routeContext (C:\Users\samhe\OneDrive\Desktop\Cleaned\frontend\nod
e_modules\react-router\lib\hooks.tsx:658:26)
          at children (C:\Users\samhe\OneDrive\Desktop\Cleaned\frontend\node_mo
dules\react-router\lib\components.tsx:512:3)
          at basenameProp (C:\Users\samhe\OneDrive\Desktop\Cleaned\frontend\nod
e_modules\react-router\lib\components.tsx:421:13)
          at basename (C:\Users\samhe\OneDrive\Desktop\Cleaned\frontend\node_mo
dules\react-router\lib\components.tsx:225:3)

      123 |                     placeholder="email@company.com"
      124 |                     value={email}
    > 125 |                     onChange={(e) => setEmail(e.target.value)}
          |                                      ^
      126 |                     className="w-full rounded-md border 
border-gray-300 px-3 py-2 text-sm focus:outline-none focus:ring-2 
focus:ring-gray-900 disabled:opacity-50"
      127 |                 />
      128 |             </div>

      at printWarning 
(node_modules/react-dom/cjs/react-dom.development.js:86:30)
      at error (node_modules/react-dom/cjs/react-dom.development.js:60:7)
      at warnIfUpdatesNotWrappedWithActDEV 
(node_modules/react-dom/cjs/react-dom.development.js:27628:9)
      at scheduleUpdateOnFiber 
(node_modules/react-dom/cjs/react-dom.development.js:25547:5)
      at dispatchSetState 
(node_modules/react-dom/cjs/react-dom.development.js:16708:7)
      at onChange (src/auth/LoginForm/LoginForm.tsx:125:38)
      at HTMLUnknownElement.callCallback 
(node_modules/react-dom/cjs/react-dom.development.js:4164:14)
      at HTMLUnknownElement.callTheUserObjectsOperation 
(node_modules/jsdom/lib/jsdom/living/generated/EventListener.js:26:30)
      at innerInvokeEventListeners 
(node_modules/jsdom/lib/jsdom/living/events/EventTarget-impl.js:350:25)
      at invokeEventListeners 
(node_modules/jsdom/lib/jsdom/living/events/EventTarget-impl.js:286:3)
      at HTMLUnknownElementImpl._dispatch 
(node_modules/jsdom/lib/jsdom/living/events/EventTarget-impl.js:233:9)
      at HTMLUnknownElementImpl.dispatchEvent 
(node_modules/jsdom/lib/jsdom/living/events/EventTarget-impl.js:104:17)
      at HTMLUnknownElement.dispatchEvent 
(node_modules/jsdom/lib/jsdom/living/generated/EventTarget.js:241:34)
      at Object.invokeGuardedCallbackDev 
(node_modules/react-dom/cjs/react-dom.development.js:4213:16)
      at invokeGuardedCallback 
(node_modules/react-dom/cjs/react-dom.development.js:4277:31)
      at invokeGuardedCallbackAndCatchFirstError 
(node_modules/react-dom/cjs/react-dom.development.js:4291:25)
      at executeDispatch 
(node_modules/react-dom/cjs/react-dom.development.js:9041:3)
      at processDispatchQueueItemsInOrder 
(node_modules/react-dom/cjs/react-dom.development.js:9073:7)
      at processDispatchQueue 
(node_modules/react-dom/cjs/react-dom.development.js:9086:5)
      at dispatchEventsForPlugins 
(node_modules/react-dom/cjs/react-dom.development.js:9097:3)
      at node_modules/react-dom/cjs/react-dom.development.js:9288:12
      at batchedUpdates$1 
(node_modules/react-dom/cjs/react-dom.development.js:26179:12)
      at batchedUpdates 
(node_modules/react-dom/cjs/react-dom.development.js:3991:12)
      at dispatchEventForPluginEventSystem 
(node_modules/react-dom/cjs/react-dom.development.js:9287:3)
      at dispatchEventWithEnableCapturePhaseSelectiveHydrationWithoutDiscreteEv
entReplay (node_modules/react-dom/cjs/react-dom.development.js:6465:5)
      at dispatchEvent 
(node_modules/react-dom/cjs/react-dom.development.js:6457:5)
      at dispatchDiscreteEvent 
(node_modules/react-dom/cjs/react-dom.development.js:6430:5)
      at HTMLDivElement.callTheUserObjectsOperation 
(node_modules/jsdom/lib/jsdom/living/generated/EventListener.js:26:30)
      at innerInvokeEventListeners 
(node_modules/jsdom/lib/jsdom/living/events/EventTarget-impl.js:350:25)
      at invokeEventListeners 
(node_modules/jsdom/lib/jsdom/living/events/EventTarget-impl.js:286:3)
      at HTMLInputElementImpl._dispatch 
(node_modules/jsdom/lib/jsdom/living/events/EventTarget-impl.js:233:9)
      at HTMLInputElementImpl.dispatchEvent 
(node_modules/jsdom/lib/jsdom/living/events/EventTarget-impl.js:104:17)
      at HTMLInputElement.dispatchEvent 
(node_modules/jsdom/lib/jsdom/living/generated/EventTarget.js:241:34)
      at 
node_modules/@testing-library/user-event/dist/cjs/event/dispatchEvent.js:45:43
      at Object.eventWrapper 
(node_modules/@testing-library/dom/dist/config.js:25:23)
      at Object.wrapEvent 
(node_modules/@testing-library/user-event/dist/cjs/event/wrapEvent.js:6:28)
      at Object.dispatchEvent (node_modules/@testing-library/user-event/dist/cj
s/event/dispatchEvent.js:45:22)
      at Object.dispatchUIEvent (node_modules/@testing-library/user-event/dist/
cjs/event/dispatchEvent.js:22:26)
      at commitInput 
(node_modules/@testing-library/user-event/dist/cjs/event/input.js:145:14)
      at editInputElement 
(node_modules/@testing-library/user-event/dist/cjs/event/input.js:115:9)
      at Object.input 
(node_modules/@testing-library/user-event/dist/cjs/event/input.js:37:9)
      at node_modules/@testing-library/user-event/dist/cjs/event/behavior/keypr
ess.js:31:26
      at Object.dispatchEvent (node_modules/@testing-library/user-event/dist/cj
s/event/dispatchEvent.js:41:13)
      at Object.dispatchUIEvent (node_modules/@testing-library/user-event/dist/
cjs/event/dispatchEvent.js:22:26)
      at KeyboardHost.keydown 
(node_modules/@testing-library/user-event/dist/cjs/system/keyboard.js:76:22)
      at keyboardAction 
(node_modules/@testing-library/user-event/dist/cjs/keyboard/index.js:22:35)
      at Object.keyboard 
(node_modules/@testing-library/user-event/dist/cjs/keyboard/index.js:11:15)
      at Object.type 
(node_modules/@testing-library/user-event/dist/cjs/utility/type.js:17:5)
      at Object.<anonymous> (src/auth/auth.test.tsx:265:9)

    console.error
      Warning: An update to LoginForm inside a test was not wrapped in 
act(...).
      
      When testing, code that causes React state updates should be wrapped 
into act(...):
      
      act(() => {
        /* fire events that update state */
      });
      /* assert on the output */
      
      This ensures that you're testing the behavior the user would see in the 
browser. Learn more at https://reactjs.org/link/wrap-tests-with-act
          at LoginForm (C:\Users\samhe\OneDrive\Desktop\Cleaned\frontend\src\au
th\LoginForm\LoginForm.tsx:41:33)
          at div
          at div
          at LoginPage
          at routeContext (C:\Users\samhe\OneDrive\Desktop\Cleaned\frontend\nod
e_modules\react-router\lib\hooks.tsx:658:26)
          at children (C:\Users\samhe\OneDrive\Desktop\Cleaned\frontend\node_mo
dules\react-router\lib\components.tsx:512:3)
          at basenameProp (C:\Users\samhe\OneDrive\Desktop\Cleaned\frontend\nod
e_modules\react-router\lib\components.tsx:421:13)
          at basename (C:\Users\samhe\OneDrive\Desktop\Cleaned\frontend\node_mo
dules\react-router\lib\components.tsx:225:3)

      123 |                     placeholder="email@company.com"
      124 |                     value={email}
    > 125 |                     onChange={(e) => setEmail(e.target.value)}
          |                                      ^
      126 |                     className="w-full rounded-md border 
border-gray-300 px-3 py-2 text-sm focus:outline-none focus:ring-2 
focus:ring-gray-900 disabled:opacity-50"
      127 |                 />
      128 |             </div>

      at printWarning 
(node_modules/react-dom/cjs/react-dom.development.js:86:30)
      at error (node_modules/react-dom/cjs/react-dom.development.js:60:7)
      at warnIfUpdatesNotWrappedWithActDEV 
(node_modules/react-dom/cjs/react-dom.development.js:27628:9)
      at scheduleUpdateOnFiber 
(node_modules/react-dom/cjs/react-dom.development.js:25547:5)
      at dispatchSetState 
(node_modules/react-dom/cjs/react-dom.development.js:16708:7)
      at onChange (src/auth/LoginForm/LoginForm.tsx:125:38)
      at HTMLUnknownElement.callCallback 
(node_modules/react-dom/cjs/react-dom.development.js:4164:14)
      at HTMLUnknownElement.callTheUserObjectsOperation 
(node_modules/jsdom/lib/jsdom/living/generated/EventListener.js:26:30)
      at innerInvokeEventListeners 
(node_modules/jsdom/lib/jsdom/living/events/EventTarget-impl.js:350:25)
      at invokeEventListeners 
(node_modules/jsdom/lib/jsdom/living/events/EventTarget-impl.js:286:3)
      at HTMLUnknownElementImpl._dispatch 
(node_modules/jsdom/lib/jsdom/living/events/EventTarget-impl.js:233:9)
      at HTMLUnknownElementImpl.dispatchEvent 
(node_modules/jsdom/lib/jsdom/living/events/EventTarget-impl.js:104:17)
      at HTMLUnknownElement.dispatchEvent 
(node_modules/jsdom/lib/jsdom/living/generated/EventTarget.js:241:34)
      at Object.invokeGuardedCallbackDev 
(node_modules/react-dom/cjs/react-dom.development.js:4213:16)
      at invokeGuardedCallback 
(node_modules/react-dom/cjs/react-dom.development.js:4277:31)
      at invokeGuardedCallbackAndCatchFirstError 
(node_modules/react-dom/cjs/react-dom.development.js:4291:25)
      at executeDispatch 
(node_modules/react-dom/cjs/react-dom.development.js:9041:3)
      at processDispatchQueueItemsInOrder 
(node_modules/react-dom/cjs/react-dom.development.js:9073:7)
      at processDispatchQueue 
(node_modules/react-dom/cjs/react-dom.development.js:9086:5)
      at dispatchEventsForPlugins 
(node_modules/react-dom/cjs/react-dom.development.js:9097:3)
      at node_modules/react-dom/cjs/react-dom.development.js:9288:12
      at batchedUpdates$1 
(node_modules/react-dom/cjs/react-dom.development.js:26179:12)
      at batchedUpdates 
(node_modules/react-dom/cjs/react-dom.development.js:3991:12)
      at dispatchEventForPluginEventSystem 
(node_modules/react-dom/cjs/react-dom.development.js:9287:3)
      at dispatchEventWithEnableCapturePhaseSelectiveHydrationWithoutDiscreteEv
entReplay (node_modules/react-dom/cjs/react-dom.development.js:6465:5)
      at dispatchEvent 
(node_modules/react-dom/cjs/react-dom.development.js:6457:5)
      at dispatchDiscreteEvent 
(node_modules/react-dom/cjs/react-dom.development.js:6430:5)
      at HTMLDivElement.callTheUserObjectsOperation 
(node_modules/jsdom/lib/jsdom/living/generated/EventListener.js:26:30)
      at innerInvokeEventListeners 
(node_modules/jsdom/lib/jsdom/living/events/EventTarget-impl.js:350:25)
      at invokeEventListeners 
(node_modules/jsdom/lib/jsdom/living/events/EventTarget-impl.js:286:3)
      at HTMLInputElementImpl._dispatch 
(node_modules/jsdom/lib/jsdom/living/events/EventTarget-impl.js:233:9)
      at HTMLInputElementImpl.dispatchEvent 
(node_modules/jsdom/lib/jsdom/living/events/EventTarget-impl.js:104:17)
      at HTMLInputElement.dispatchEvent 
(node_modules/jsdom/lib/jsdom/living/generated/EventTarget.js:241:34)
      at 
node_modules/@testing-library/user-event/dist/cjs/event/dispatchEvent.js:45:43
      at Object.eventWrapper 
(node_modules/@testing-library/dom/dist/config.js:25:23)
      at Object.wrapEvent 
(node_modules/@testing-library/user-event/dist/cjs/event/wrapEvent.js:6:28)
      at Object.dispatchEvent (node_modules/@testing-library/user-event/dist/cj
s/event/dispatchEvent.js:45:22)
      at Object.dispatchUIEvent (node_modules/@testing-library/user-event/dist/
cjs/event/dispatchEvent.js:22:26)
      at commitInput 
(node_modules/@testing-library/user-event/dist/cjs/event/input.js:145:14)
      at editInputElement 
(node_modules/@testing-library/user-event/dist/cjs/event/input.js:115:9)
      at Object.input 
(node_modules/@testing-library/user-event/dist/cjs/event/input.js:37:9)
      at node_modules/@testing-library/user-event/dist/cjs/event/behavior/keypr
ess.js:31:26
      at Object.dispatchEvent (node_modules/@testing-library/user-event/dist/cj
s/event/dispatchEvent.js:41:13)
      at Object.dispatchUIEvent (node_modules/@testing-library/user-event/dist/
cjs/event/dispatchEvent.js:22:26)
      at KeyboardHost.keydown 
(node_modules/@testing-library/user-event/dist/cjs/system/keyboard.js:76:22)
      at keyboardAction 
(node_modules/@testing-library/user-event/dist/cjs/keyboard/index.js:22:35)
      at Object.keyboard 
(node_modules/@testing-library/user-event/dist/cjs/keyboard/index.js:11:15)
      at Object.type 
(node_modules/@testing-library/user-event/dist/cjs/utility/type.js:17:5)
      at Object.<anonymous> (src/auth/auth.test.tsx:265:9)

    console.error
      Warning: An update to LoginForm inside a test was not wrapped in 
act(...).
      
      When testing, code that causes React state updates should be wrapped 
into act(...):
      
      act(() => {
        /* fire events that update state */
      });
      /* assert on the output */
      
      This ensures that you're testing the behavior the user would see in the 
browser. Learn more at https://reactjs.org/link/wrap-tests-with-act
          at LoginForm (C:\Users\samhe\OneDrive\Desktop\Cleaned\frontend\src\au
th\LoginForm\LoginForm.tsx:41:33)
          at div
          at div
          at LoginPage
          at routeContext (C:\Users\samhe\OneDrive\Desktop\Cleaned\frontend\nod
e_modules\react-router\lib\hooks.tsx:658:26)
          at children (C:\Users\samhe\OneDrive\Desktop\Cleaned\frontend\node_mo
dules\react-router\lib\components.tsx:512:3)
          at basenameProp (C:\Users\samhe\OneDrive\Desktop\Cleaned\frontend\nod
e_modules\react-router\lib\components.tsx:421:13)
          at basename (C:\Users\samhe\OneDrive\Desktop\Cleaned\frontend\node_mo
dules\react-router\lib\components.tsx:225:3)

      123 |                     placeholder="email@company.com"
      124 |                     value={email}
    > 125 |                     onChange={(e) => setEmail(e.target.value)}
          |                                      ^
      126 |                     className="w-full rounded-md border 
border-gray-300 px-3 py-2 text-sm focus:outline-none focus:ring-2 
focus:ring-gray-900 disabled:opacity-50"
      127 |                 />
      128 |             </div>

      at printWarning 
(node_modules/react-dom/cjs/react-dom.development.js:86:30)
      at error (node_modules/react-dom/cjs/react-dom.development.js:60:7)
      at warnIfUpdatesNotWrappedWithActDEV 
(node_modules/react-dom/cjs/react-dom.development.js:27628:9)
      at scheduleUpdateOnFiber 
(node_modules/react-dom/cjs/react-dom.development.js:25547:5)
      at dispatchSetState 
(node_modules/react-dom/cjs/react-dom.development.js:16708:7)
      at onChange (src/auth/LoginForm/LoginForm.tsx:125:38)
      at HTMLUnknownElement.callCallback 
(node_modules/react-dom/cjs/react-dom.development.js:4164:14)
      at HTMLUnknownElement.callTheUserObjectsOperation 
(node_modules/jsdom/lib/jsdom/living/generated/EventListener.js:26:30)
      at innerInvokeEventListeners 
(node_modules/jsdom/lib/jsdom/living/events/EventTarget-impl.js:350:25)
      at invokeEventListeners 
(node_modules/jsdom/lib/jsdom/living/events/EventTarget-impl.js:286:3)
      at HTMLUnknownElementImpl._dispatch 
(node_modules/jsdom/lib/jsdom/living/events/EventTarget-impl.js:233:9)
      at HTMLUnknownElementImpl.dispatchEvent 
(node_modules/jsdom/lib/jsdom/living/events/EventTarget-impl.js:104:17)
      at HTMLUnknownElement.dispatchEvent 
(node_modules/jsdom/lib/jsdom/living/generated/EventTarget.js:241:34)
      at Object.invokeGuardedCallbackDev 
(node_modules/react-dom/cjs/react-dom.development.js:4213:16)
      at invokeGuardedCallback 
(node_modules/react-dom/cjs/react-dom.development.js:4277:31)
      at invokeGuardedCallbackAndCatchFirstError 
(node_modules/react-dom/cjs/react-dom.development.js:4291:25)
      at executeDispatch 
(node_modules/react-dom/cjs/react-dom.development.js:9041:3)
      at processDispatchQueueItemsInOrder 
(node_modules/react-dom/cjs/react-dom.development.js:9073:7)
      at processDispatchQueue 
(node_modules/react-dom/cjs/react-dom.development.js:9086:5)
      at dispatchEventsForPlugins 
(node_modules/react-dom/cjs/react-dom.development.js:9097:3)
      at node_modules/react-dom/cjs/react-dom.development.js:9288:12
      at batchedUpdates$1 
(node_modules/react-dom/cjs/react-dom.development.js:26179:12)
      at batchedUpdates 
(node_modules/react-dom/cjs/react-dom.development.js:3991:12)
      at dispatchEventForPluginEventSystem 
(node_modules/react-dom/cjs/react-dom.development.js:9287:3)
      at dispatchEventWithEnableCapturePhaseSelectiveHydrationWithoutDiscreteEv
entReplay (node_modules/react-dom/cjs/react-dom.development.js:6465:5)
      at dispatchEvent 
(node_modules/react-dom/cjs/react-dom.development.js:6457:5)
      at dispatchDiscreteEvent 
(node_modules/react-dom/cjs/react-dom.development.js:6430:5)
      at HTMLDivElement.callTheUserObjectsOperation 
(node_modules/jsdom/lib/jsdom/living/generated/EventListener.js:26:30)
      at innerInvokeEventListeners 
(node_modules/jsdom/lib/jsdom/living/events/EventTarget-impl.js:350:25)
      at invokeEventListeners 
(node_modules/jsdom/lib/jsdom/living/events/EventTarget-impl.js:286:3)
      at HTMLInputElementImpl._dispatch 
(node_modules/jsdom/lib/jsdom/living/events/EventTarget-impl.js:233:9)
      at HTMLInputElementImpl.dispatchEvent 
(node_modules/jsdom/lib/jsdom/living/events/EventTarget-impl.js:104:17)
      at HTMLInputElement.dispatchEvent 
(node_modules/jsdom/lib/jsdom/living/generated/EventTarget.js:241:34)
      at 
node_modules/@testing-library/user-event/dist/cjs/event/dispatchEvent.js:45:43
      at Object.eventWrapper 
(node_modules/@testing-library/dom/dist/config.js:25:23)
      at Object.wrapEvent 
(node_modules/@testing-library/user-event/dist/cjs/event/wrapEvent.js:6:28)
      at Object.dispatchEvent (node_modules/@testing-library/user-event/dist/cj
s/event/dispatchEvent.js:45:22)
      at Object.dispatchUIEvent (node_modules/@testing-library/user-event/dist/
cjs/event/dispatchEvent.js:22:26)
      at commitInput 
(node_modules/@testing-library/user-event/dist/cjs/event/input.js:145:14)
      at editInputElement 
(node_modules/@testing-library/user-event/dist/cjs/event/input.js:115:9)
      at Object.input 
(node_modules/@testing-library/user-event/dist/cjs/event/input.js:37:9)
      at node_modules/@testing-library/user-event/dist/cjs/event/behavior/keypr
ess.js:31:26
      at Object.dispatchEvent (node_modules/@testing-library/user-event/dist/cj
s/event/dispatchEvent.js:41:13)
      at Object.dispatchUIEvent (node_modules/@testing-library/user-event/dist/
cjs/event/dispatchEvent.js:22:26)
      at KeyboardHost.keydown 
(node_modules/@testing-library/user-event/dist/cjs/system/keyboard.js:76:22)
      at keyboardAction 
(node_modules/@testing-library/user-event/dist/cjs/keyboard/index.js:22:35)
      at Object.keyboard 
(node_modules/@testing-library/user-event/dist/cjs/keyboard/index.js:11:15)
      at Object.type 
(node_modules/@testing-library/user-event/dist/cjs/utility/type.js:17:5)
      at Object.<anonymous> (src/auth/auth.test.tsx:265:9)

    console.error
      Warning: An update to LoginForm inside a test was not wrapped in 
act(...).
      
      When testing, code that causes React state updates should be wrapped 
into act(...):
      
      act(() => {
        /* fire events that update state */
      });
      /* assert on the output */
      
      This ensures that you're testing the behavior the user would see in the 
browser. Learn more at https://reactjs.org/link/wrap-tests-with-act
          at LoginForm (C:\Users\samhe\OneDrive\Desktop\Cleaned\frontend\src\au
th\LoginForm\LoginForm.tsx:41:33)
          at div
          at div
          at LoginPage
          at routeContext (C:\Users\samhe\OneDrive\Desktop\Cleaned\frontend\nod
e_modules\react-router\lib\hooks.tsx:658:26)
          at children (C:\Users\samhe\OneDrive\Desktop\Cleaned\frontend\node_mo
dules\react-router\lib\components.tsx:512:3)
          at basenameProp (C:\Users\samhe\OneDrive\Desktop\Cleaned\frontend\nod
e_modules\react-router\lib\components.tsx:421:13)
          at basename (C:\Users\samhe\OneDrive\Desktop\Cleaned\frontend\node_mo
dules\react-router\lib\components.tsx:225:3)

      123 |                     placeholder="email@company.com"
      124 |                     value={email}
    > 125 |                     onChange={(e) => setEmail(e.target.value)}
          |                                      ^
      126 |                     className="w-full rounded-md border 
border-gray-300 px-3 py-2 text-sm focus:outline-none focus:ring-2 
focus:ring-gray-900 disabled:opacity-50"
      127 |                 />
      128 |             </div>

      at printWarning 
(node_modules/react-dom/cjs/react-dom.development.js:86:30)
      at error (node_modules/react-dom/cjs/react-dom.development.js:60:7)
      at warnIfUpdatesNotWrappedWithActDEV 
(node_modules/react-dom/cjs/react-dom.development.js:27628:9)
      at scheduleUpdateOnFiber 
(node_modules/react-dom/cjs/react-dom.development.js:25547:5)
      at dispatchSetState 
(node_modules/react-dom/cjs/react-dom.development.js:16708:7)
      at onChange (src/auth/LoginForm/LoginForm.tsx:125:38)
      at HTMLUnknownElement.callCallback 
(node_modules/react-dom/cjs/react-dom.development.js:4164:14)
      at HTMLUnknownElement.callTheUserObjectsOperation 
(node_modules/jsdom/lib/jsdom/living/generated/EventListener.js:26:30)
      at innerInvokeEventListeners 
(node_modules/jsdom/lib/jsdom/living/events/EventTarget-impl.js:350:25)
      at invokeEventListeners 
(node_modules/jsdom/lib/jsdom/living/events/EventTarget-impl.js:286:3)
      at HTMLUnknownElementImpl._dispatch 
(node_modules/jsdom/lib/jsdom/living/events/EventTarget-impl.js:233:9)
      at HTMLUnknownElementImpl.dispatchEvent 
(node_modules/jsdom/lib/jsdom/living/events/EventTarget-impl.js:104:17)
      at HTMLUnknownElement.dispatchEvent 
(node_modules/jsdom/lib/jsdom/living/generated/EventTarget.js:241:34)
      at Object.invokeGuardedCallbackDev 
(node_modules/react-dom/cjs/react-dom.development.js:4213:16)
      at invokeGuardedCallback 
(node_modules/react-dom/cjs/react-dom.development.js:4277:31)
      at invokeGuardedCallbackAndCatchFirstError 
(node_modules/react-dom/cjs/react-dom.development.js:4291:25)
      at executeDispatch 
(node_modules/react-dom/cjs/react-dom.development.js:9041:3)
      at processDispatchQueueItemsInOrder 
(node_modules/react-dom/cjs/react-dom.development.js:9073:7)
      at processDispatchQueue 
(node_modules/react-dom/cjs/react-dom.development.js:9086:5)
      at dispatchEventsForPlugins 
(node_modules/react-dom/cjs/react-dom.development.js:9097:3)
      at node_modules/react-dom/cjs/react-dom.development.js:9288:12
      at batchedUpdates$1 
(node_modules/react-dom/cjs/react-dom.development.js:26179:12)
      at batchedUpdates 
(node_modules/react-dom/cjs/react-dom.development.js:3991:12)
      at dispatchEventForPluginEventSystem 
(node_modules/react-dom/cjs/react-dom.development.js:9287:3)
      at dispatchEventWithEnableCapturePhaseSelectiveHydrationWithoutDiscreteEv
entReplay (node_modules/react-dom/cjs/react-dom.development.js:6465:5)
      at dispatchEvent 
(node_modules/react-dom/cjs/react-dom.development.js:6457:5)
      at dispatchDiscreteEvent 
(node_modules/react-dom/cjs/react-dom.development.js:6430:5)
      at HTMLDivElement.callTheUserObjectsOperation 
(node_modules/jsdom/lib/jsdom/living/generated/EventListener.js:26:30)
      at innerInvokeEventListeners 
(node_modules/jsdom/lib/jsdom/living/events/EventTarget-impl.js:350:25)
      at invokeEventListeners 
(node_modules/jsdom/lib/jsdom/living/events/EventTarget-impl.js:286:3)
      at HTMLInputElementImpl._dispatch 
(node_modules/jsdom/lib/jsdom/living/events/EventTarget-impl.js:233:9)
      at HTMLInputElementImpl.dispatchEvent 
(node_modules/jsdom/lib/jsdom/living/events/EventTarget-impl.js:104:17)
      at HTMLInputElement.dispatchEvent 
(node_modules/jsdom/lib/jsdom/living/generated/EventTarget.js:241:34)
      at 
node_modules/@testing-library/user-event/dist/cjs/event/dispatchEvent.js:45:43
      at Object.eventWrapper 
(node_modules/@testing-library/dom/dist/config.js:25:23)
      at Object.wrapEvent 
(node_modules/@testing-library/user-event/dist/cjs/event/wrapEvent.js:6:28)
      at Object.dispatchEvent (node_modules/@testing-library/user-event/dist/cj
s/event/dispatchEvent.js:45:22)
      at Object.dispatchUIEvent (node_modules/@testing-library/user-event/dist/
cjs/event/dispatchEvent.js:22:26)
      at commitInput 
(node_modules/@testing-library/user-event/dist/cjs/event/input.js:145:14)
      at editInputElement 
(node_modules/@testing-library/user-event/dist/cjs/event/input.js:115:9)
      at Object.input 
(node_modules/@testing-library/user-event/dist/cjs/event/input.js:37:9)
      at node_modules/@testing-library/user-event/dist/cjs/event/behavior/keypr
ess.js:31:26
      at Object.dispatchEvent (node_modules/@testing-library/user-event/dist/cj
s/event/dispatchEvent.js:41:13)
      at Object.dispatchUIEvent (node_modules/@testing-library/user-event/dist/
cjs/event/dispatchEvent.js:22:26)
      at KeyboardHost.keydown 
(node_modules/@testing-library/user-event/dist/cjs/system/keyboard.js:76:22)
      at keyboardAction 
(node_modules/@testing-library/user-event/dist/cjs/keyboard/index.js:22:35)
      at Object.keyboard 
(node_modules/@testing-library/user-event/dist/cjs/keyboard/index.js:11:15)
      at Object.type 
(node_modules/@testing-library/user-event/dist/cjs/utility/type.js:17:5)
      at Object.<anonymous> (src/auth/auth.test.tsx:265:9)

    console.error
      Warning: An update to LoginForm inside a test was not wrapped in 
act(...).
      
      When testing, code that causes React state updates should be wrapped 
into act(...):
      
      act(() => {
        /* fire events that update state */
      });
      /* assert on the output */
      
      This ensures that you're testing the behavior the user would see in the 
browser. Learn more at https://reactjs.org/link/wrap-tests-with-act
          at LoginForm (C:\Users\samhe\OneDrive\Desktop\Cleaned\frontend\src\au
th\LoginForm\LoginForm.tsx:41:33)
          at div
          at div
          at LoginPage
          at routeContext (C:\Users\samhe\OneDrive\Desktop\Cleaned\frontend\nod
e_modules\react-router\lib\hooks.tsx:658:26)
          at children (C:\Users\samhe\OneDrive\Desktop\Cleaned\frontend\node_mo
dules\react-router\lib\components.tsx:512:3)
          at basenameProp (C:\Users\samhe\OneDrive\Desktop\Cleaned\frontend\nod
e_modules\react-router\lib\components.tsx:421:13)
          at basename (C:\Users\samhe\OneDrive\Desktop\Cleaned\frontend\node_mo
dules\react-router\lib\components.tsx:225:3)

      123 |                     placeholder="email@company.com"
      124 |                     value={email}
    > 125 |                     onChange={(e) => setEmail(e.target.value)}
          |                                      ^
      126 |                     className="w-full rounded-md border 
border-gray-300 px-3 py-2 text-sm focus:outline-none focus:ring-2 
focus:ring-gray-900 disabled:opacity-50"
      127 |                 />
      128 |             </div>

      at printWarning 
(node_modules/react-dom/cjs/react-dom.development.js:86:30)
      at error (node_modules/react-dom/cjs/react-dom.development.js:60:7)
      at warnIfUpdatesNotWrappedWithActDEV 
(node_modules/react-dom/cjs/react-dom.development.js:27628:9)
      at scheduleUpdateOnFiber 
(node_modules/react-dom/cjs/react-dom.development.js:25547:5)
      at dispatchSetState 
(node_modules/react-dom/cjs/react-dom.development.js:16708:7)
      at onChange (src/auth/LoginForm/LoginForm.tsx:125:38)
      at HTMLUnknownElement.callCallback 
(node_modules/react-dom/cjs/react-dom.development.js:4164:14)
      at HTMLUnknownElement.callTheUserObjectsOperation 
(node_modules/jsdom/lib/jsdom/living/generated/EventListener.js:26:30)
      at innerInvokeEventListeners 
(node_modules/jsdom/lib/jsdom/living/events/EventTarget-impl.js:350:25)
      at invokeEventListeners 
(node_modules/jsdom/lib/jsdom/living/events/EventTarget-impl.js:286:3)
      at HTMLUnknownElementImpl._dispatch 
(node_modules/jsdom/lib/jsdom/living/events/EventTarget-impl.js:233:9)
      at HTMLUnknownElementImpl.dispatchEvent 
(node_modules/jsdom/lib/jsdom/living/events/EventTarget-impl.js:104:17)
      at HTMLUnknownElement.dispatchEvent 
(node_modules/jsdom/lib/jsdom/living/generated/EventTarget.js:241:34)
      at Object.invokeGuardedCallbackDev 
(node_modules/react-dom/cjs/react-dom.development.js:4213:16)
      at invokeGuardedCallback 
(node_modules/react-dom/cjs/react-dom.development.js:4277:31)
      at invokeGuardedCallbackAndCatchFirstError 
(node_modules/react-dom/cjs/react-dom.development.js:4291:25)
      at executeDispatch 
(node_modules/react-dom/cjs/react-dom.development.js:9041:3)
      at processDispatchQueueItemsInOrder 
(node_modules/react-dom/cjs/react-dom.development.js:9073:7)
      at processDispatchQueue 
(node_modules/react-dom/cjs/react-dom.development.js:9086:5)
      at dispatchEventsForPlugins 
(node_modules/react-dom/cjs/react-dom.development.js:9097:3)
      at node_modules/react-dom/cjs/react-dom.development.js:9288:12
      at batchedUpdates$1 
(node_modules/react-dom/cjs/react-dom.development.js:26179:12)
      at batchedUpdates 
(node_modules/react-dom/cjs/react-dom.development.js:3991:12)
      at dispatchEventForPluginEventSystem 
(node_modules/react-dom/cjs/react-dom.development.js:9287:3)
      at dispatchEventWithEnableCapturePhaseSelectiveHydrationWithoutDiscreteEv
entReplay (node_modules/react-dom/cjs/react-dom.development.js:6465:5)
      at dispatchEvent 
(node_modules/react-dom/cjs/react-dom.development.js:6457:5)
      at dispatchDiscreteEvent 
(node_modules/react-dom/cjs/react-dom.development.js:6430:5)
      at HTMLDivElement.callTheUserObjectsOperation 
(node_modules/jsdom/lib/jsdom/living/generated/EventListener.js:26:30)
      at innerInvokeEventListeners 
(node_modules/jsdom/lib/jsdom/living/events/EventTarget-impl.js:350:25)
      at invokeEventListeners 
(node_modules/jsdom/lib/jsdom/living/events/EventTarget-impl.js:286:3)
      at HTMLInputElementImpl._dispatch 
(node_modules/jsdom/lib/jsdom/living/events/EventTarget-impl.js:233:9)
      at HTMLInputElementImpl.dispatchEvent 
(node_modules/jsdom/lib/jsdom/living/events/EventTarget-impl.js:104:17)
      at HTMLInputElement.dispatchEvent 
(node_modules/jsdom/lib/jsdom/living/generated/EventTarget.js:241:34)
      at 
node_modules/@testing-library/user-event/dist/cjs/event/dispatchEvent.js:45:43
      at Object.eventWrapper 
(node_modules/@testing-library/dom/dist/config.js:25:23)
      at Object.wrapEvent 
(node_modules/@testing-library/user-event/dist/cjs/event/wrapEvent.js:6:28)
      at Object.dispatchEvent (node_modules/@testing-library/user-event/dist/cj
s/event/dispatchEvent.js:45:22)
      at Object.dispatchUIEvent (node_modules/@testing-library/user-event/dist/
cjs/event/dispatchEvent.js:22:26)
      at commitInput 
(node_modules/@testing-library/user-event/dist/cjs/event/input.js:145:14)
      at editInputElement 
(node_modules/@testing-library/user-event/dist/cjs/event/input.js:115:9)
      at Object.input 
(node_modules/@testing-library/user-event/dist/cjs/event/input.js:37:9)
      at node_modules/@testing-library/user-event/dist/cjs/event/behavior/keypr
ess.js:31:26
      at Object.dispatchEvent (node_modules/@testing-library/user-event/dist/cj
s/event/dispatchEvent.js:41:13)
      at Object.dispatchUIEvent (node_modules/@testing-library/user-event/dist/
cjs/event/dispatchEvent.js:22:26)
      at KeyboardHost.keydown 
(node_modules/@testing-library/user-event/dist/cjs/system/keyboard.js:76:22)
      at keyboardAction 
(node_modules/@testing-library/user-event/dist/cjs/keyboard/index.js:22:35)
      at Object.keyboard 
(node_modules/@testing-library/user-event/dist/cjs/keyboard/index.js:11:15)
      at Object.type 
(node_modules/@testing-library/user-event/dist/cjs/utility/type.js:17:5)
      at Object.<anonymous> (src/auth/auth.test.tsx:265:9)

    console.error
      Warning: An update to LoginForm inside a test was not wrapped in 
act(...).
      
      When testing, code that causes React state updates should be wrapped 
into act(...):
      
      act(() => {
        /* fire events that update state */
      });
      /* assert on the output */
      
      This ensures that you're testing the behavior the user would see in the 
browser. Learn more at https://reactjs.org/link/wrap-tests-with-act
          at LoginForm (C:\Users\samhe\OneDrive\Desktop\Cleaned\frontend\src\au
th\LoginForm\LoginForm.tsx:41:33)
          at div
          at div
          at LoginPage
          at routeContext (C:\Users\samhe\OneDrive\Desktop\Cleaned\frontend\nod
e_modules\react-router\lib\hooks.tsx:658:26)
          at children (C:\Users\samhe\OneDrive\Desktop\Cleaned\frontend\node_mo
dules\react-router\lib\components.tsx:512:3)
          at basenameProp (C:\Users\samhe\OneDrive\Desktop\Cleaned\frontend\nod
e_modules\react-router\lib\components.tsx:421:13)
          at basename (C:\Users\samhe\OneDrive\Desktop\Cleaned\frontend\node_mo
dules\react-router\lib\components.tsx:225:3)

      123 |                     placeholder="email@company.com"
      124 |                     value={email}
    > 125 |                     onChange={(e) => setEmail(e.target.value)}
          |                                      ^
      126 |                     className="w-full rounded-md border 
border-gray-300 px-3 py-2 text-sm focus:outline-none focus:ring-2 
focus:ring-gray-900 disabled:opacity-50"
      127 |                 />
      128 |             </div>

      at printWarning 
(node_modules/react-dom/cjs/react-dom.development.js:86:30)
      at error (node_modules/react-dom/cjs/react-dom.development.js:60:7)
      at warnIfUpdatesNotWrappedWithActDEV 
(node_modules/react-dom/cjs/react-dom.development.js:27628:9)
      at scheduleUpdateOnFiber 
(node_modules/react-dom/cjs/react-dom.development.js:25547:5)
      at dispatchSetState 
(node_modules/react-dom/cjs/react-dom.development.js:16708:7)
      at onChange (src/auth/LoginForm/LoginForm.tsx:125:38)
      at HTMLUnknownElement.callCallback 
(node_modules/react-dom/cjs/react-dom.development.js:4164:14)
      at HTMLUnknownElement.callTheUserObjectsOperation 
(node_modules/jsdom/lib/jsdom/living/generated/EventListener.js:26:30)
      at innerInvokeEventListeners 
(node_modules/jsdom/lib/jsdom/living/events/EventTarget-impl.js:350:25)
      at invokeEventListeners 
(node_modules/jsdom/lib/jsdom/living/events/EventTarget-impl.js:286:3)
      at HTMLUnknownElementImpl._dispatch 
(node_modules/jsdom/lib/jsdom/living/events/EventTarget-impl.js:233:9)
      at HTMLUnknownElementImpl.dispatchEvent 
(node_modules/jsdom/lib/jsdom/living/events/EventTarget-impl.js:104:17)
      at HTMLUnknownElement.dispatchEvent 
(node_modules/jsdom/lib/jsdom/living/generated/EventTarget.js:241:34)
      at Object.invokeGuardedCallbackDev 
(node_modules/react-dom/cjs/react-dom.development.js:4213:16)
      at invokeGuardedCallback 
(node_modules/react-dom/cjs/react-dom.development.js:4277:31)
      at invokeGuardedCallbackAndCatchFirstError 
(node_modules/react-dom/cjs/react-dom.development.js:4291:25)
      at executeDispatch 
(node_modules/react-dom/cjs/react-dom.development.js:9041:3)
      at processDispatchQueueItemsInOrder 
(node_modules/react-dom/cjs/react-dom.development.js:9073:7)
      at processDispatchQueue 
(node_modules/react-dom/cjs/react-dom.development.js:9086:5)
      at dispatchEventsForPlugins 
(node_modules/react-dom/cjs/react-dom.development.js:9097:3)
      at node_modules/react-dom/cjs/react-dom.development.js:9288:12
      at batchedUpdates$1 
(node_modules/react-dom/cjs/react-dom.development.js:26179:12)
      at batchedUpdates 
(node_modules/react-dom/cjs/react-dom.development.js:3991:12)
      at dispatchEventForPluginEventSystem 
(node_modules/react-dom/cjs/react-dom.development.js:9287:3)
      at dispatchEventWithEnableCapturePhaseSelectiveHydrationWithoutDiscreteEv
entReplay (node_modules/react-dom/cjs/react-dom.development.js:6465:5)
      at dispatchEvent 
(node_modules/react-dom/cjs/react-dom.development.js:6457:5)
      at dispatchDiscreteEvent 
(node_modules/react-dom/cjs/react-dom.development.js:6430:5)
      at HTMLDivElement.callTheUserObjectsOperation 
(node_modules/jsdom/lib/jsdom/living/generated/EventListener.js:26:30)
      at innerInvokeEventListeners 
(node_modules/jsdom/lib/jsdom/living/events/EventTarget-impl.js:350:25)
      at invokeEventListeners 
(node_modules/jsdom/lib/jsdom/living/events/EventTarget-impl.js:286:3)
      at HTMLInputElementImpl._dispatch 
(node_modules/jsdom/lib/jsdom/living/events/EventTarget-impl.js:233:9)
      at HTMLInputElementImpl.dispatchEvent 
(node_modules/jsdom/lib/jsdom/living/events/EventTarget-impl.js:104:17)
      at HTMLInputElement.dispatchEvent 
(node_modules/jsdom/lib/jsdom/living/generated/EventTarget.js:241:34)
      at 
node_modules/@testing-library/user-event/dist/cjs/event/dispatchEvent.js:45:43
      at Object.eventWrapper 
(node_modules/@testing-library/dom/dist/config.js:25:23)
      at Object.wrapEvent 
(node_modules/@testing-library/user-event/dist/cjs/event/wrapEvent.js:6:28)
      at Object.dispatchEvent (node_modules/@testing-library/user-event/dist/cj
s/event/dispatchEvent.js:45:22)
      at Object.dispatchUIEvent (node_modules/@testing-library/user-event/dist/
cjs/event/dispatchEvent.js:22:26)
      at commitInput 
(node_modules/@testing-library/user-event/dist/cjs/event/input.js:145:14)
      at editInputElement 
(node_modules/@testing-library/user-event/dist/cjs/event/input.js:115:9)
      at Object.input 
(node_modules/@testing-library/user-event/dist/cjs/event/input.js:37:9)
      at node_modules/@testing-library/user-event/dist/cjs/event/behavior/keypr
ess.js:31:26
      at Object.dispatchEvent (node_modules/@testing-library/user-event/dist/cj
s/event/dispatchEvent.js:41:13)
      at Object.dispatchUIEvent (node_modules/@testing-library/user-event/dist/
cjs/event/dispatchEvent.js:22:26)
      at KeyboardHost.keydown 
(node_modules/@testing-library/user-event/dist/cjs/system/keyboard.js:76:22)
      at keyboardAction 
(node_modules/@testing-library/user-event/dist/cjs/keyboard/index.js:22:35)
      at Object.keyboard 
(node_modules/@testing-library/user-event/dist/cjs/keyboard/index.js:11:15)
      at Object.type 
(node_modules/@testing-library/user-event/dist/cjs/utility/type.js:17:5)
      at Object.<anonymous> (src/auth/auth.test.tsx:265:9)

    console.error
      Warning: An update to LoginForm inside a test was not wrapped in 
act(...).
      
      When testing, code that causes React state updates should be wrapped 
into act(...):
      
      act(() => {
        /* fire events that update state */
      });
      /* assert on the output */
      
      This ensures that you're testing the behavior the user would see in the 
browser. Learn more at https://reactjs.org/link/wrap-tests-with-act
          at LoginForm (C:\Users\samhe\OneDrive\Desktop\Cleaned\frontend\src\au
th\LoginForm\LoginForm.tsx:41:33)
          at div
          at div
          at LoginPage
          at routeContext (C:\Users\samhe\OneDrive\Desktop\Cleaned\frontend\nod
e_modules\react-router\lib\hooks.tsx:658:26)
          at children (C:\Users\samhe\OneDrive\Desktop\Cleaned\frontend\node_mo
dules\react-router\lib\components.tsx:512:3)
          at basenameProp (C:\Users\samhe\OneDrive\Desktop\Cleaned\frontend\nod
e_modules\react-router\lib\components.tsx:421:13)
          at basename (C:\Users\samhe\OneDrive\Desktop\Cleaned\frontend\node_mo
dules\react-router\lib\components.tsx:225:3)

      123 |                     placeholder="email@company.com"
      124 |                     value={email}
    > 125 |                     onChange={(e) => setEmail(e.target.value)}
          |                                      ^
      126 |                     className="w-full rounded-md border 
border-gray-300 px-3 py-2 text-sm focus:outline-none focus:ring-2 
focus:ring-gray-900 disabled:opacity-50"
      127 |                 />
      128 |             </div>

      at printWarning 
(node_modules/react-dom/cjs/react-dom.development.js:86:30)
      at error (node_modules/react-dom/cjs/react-dom.development.js:60:7)
      at warnIfUpdatesNotWrappedWithActDEV 
(node_modules/react-dom/cjs/react-dom.development.js:27628:9)
      at scheduleUpdateOnFiber 
(node_modules/react-dom/cjs/react-dom.development.js:25547:5)
      at dispatchSetState 
(node_modules/react-dom/cjs/react-dom.development.js:16708:7)
      at onChange (src/auth/LoginForm/LoginForm.tsx:125:38)
      at HTMLUnknownElement.callCallback 
(node_modules/react-dom/cjs/react-dom.development.js:4164:14)
      at HTMLUnknownElement.callTheUserObjectsOperation 
(node_modules/jsdom/lib/jsdom/living/generated/EventListener.js:26:30)
      at innerInvokeEventListeners 
(node_modules/jsdom/lib/jsdom/living/events/EventTarget-impl.js:350:25)
      at invokeEventListeners 
(node_modules/jsdom/lib/jsdom/living/events/EventTarget-impl.js:286:3)
      at HTMLUnknownElementImpl._dispatch 
(node_modules/jsdom/lib/jsdom/living/events/EventTarget-impl.js:233:9)
      at HTMLUnknownElementImpl.dispatchEvent 
(node_modules/jsdom/lib/jsdom/living/events/EventTarget-impl.js:104:17)
      at HTMLUnknownElement.dispatchEvent 
(node_modules/jsdom/lib/jsdom/living/generated/EventTarget.js:241:34)
      at Object.invokeGuardedCallbackDev 
(node_modules/react-dom/cjs/react-dom.development.js:4213:16)
      at invokeGuardedCallback 
(node_modules/react-dom/cjs/react-dom.development.js:4277:31)
      at invokeGuardedCallbackAndCatchFirstError 
(node_modules/react-dom/cjs/react-dom.development.js:4291:25)
      at executeDispatch 
(node_modules/react-dom/cjs/react-dom.development.js:9041:3)
      at processDispatchQueueItemsInOrder 
(node_modules/react-dom/cjs/react-dom.development.js:9073:7)
      at processDispatchQueue 
(node_modules/react-dom/cjs/react-dom.development.js:9086:5)
      at dispatchEventsForPlugins 
(node_modules/react-dom/cjs/react-dom.development.js:9097:3)
      at node_modules/react-dom/cjs/react-dom.development.js:9288:12
      at batchedUpdates$1 
(node_modules/react-dom/cjs/react-dom.development.js:26179:12)
      at batchedUpdates 
(node_modules/react-dom/cjs/react-dom.development.js:3991:12)
      at dispatchEventForPluginEventSystem 
(node_modules/react-dom/cjs/react-dom.development.js:9287:3)
      at dispatchEventWithEnableCapturePhaseSelectiveHydrationWithoutDiscreteEv
entReplay (node_modules/react-dom/cjs/react-dom.development.js:6465:5)
      at dispatchEvent 
(node_modules/react-dom/cjs/react-dom.development.js:6457:5)
      at dispatchDiscreteEvent 
(node_modules/react-dom/cjs/react-dom.development.js:6430:5)
      at HTMLDivElement.callTheUserObjectsOperation 
(node_modules/jsdom/lib/jsdom/living/generated/EventListener.js:26:30)
      at innerInvokeEventListeners 
(node_modules/jsdom/lib/jsdom/living/events/EventTarget-impl.js:350:25)
      at invokeEventListeners 
(node_modules/jsdom/lib/jsdom/living/events/EventTarget-impl.js:286:3)
      at HTMLInputElementImpl._dispatch 
(node_modules/jsdom/lib/jsdom/living/events/EventTarget-impl.js:233:9)
      at HTMLInputElementImpl.dispatchEvent 
(node_modules/jsdom/lib/jsdom/living/events/EventTarget-impl.js:104:17)
      at HTMLInputElement.dispatchEvent 
(node_modules/jsdom/lib/jsdom/living/generated/EventTarget.js:241:34)
      at 
node_modules/@testing-library/user-event/dist/cjs/event/dispatchEvent.js:45:43
      at Object.eventWrapper 
(node_modules/@testing-library/dom/dist/config.js:25:23)
      at Object.wrapEvent 
(node_modules/@testing-library/user-event/dist/cjs/event/wrapEvent.js:6:28)
      at Object.dispatchEvent (node_modules/@testing-library/user-event/dist/cj
s/event/dispatchEvent.js:45:22)
      at Object.dispatchUIEvent (node_modules/@testing-library/user-event/dist/
cjs/event/dispatchEvent.js:22:26)
      at commitInput 
(node_modules/@testing-library/user-event/dist/cjs/event/input.js:145:14)
      at editInputElement 
(node_modules/@testing-library/user-event/dist/cjs/event/input.js:115:9)
      at Object.input 
(node_modules/@testing-library/user-event/dist/cjs/event/input.js:37:9)
      at node_modules/@testing-library/user-event/dist/cjs/event/behavior/keypr
ess.js:31:26
      at Object.dispatchEvent (node_modules/@testing-library/user-event/dist/cj
s/event/dispatchEvent.js:41:13)
      at Object.dispatchUIEvent (node_modules/@testing-library/user-event/dist/
cjs/event/dispatchEvent.js:22:26)
      at KeyboardHost.keydown 
(node_modules/@testing-library/user-event/dist/cjs/system/keyboard.js:76:22)
      at keyboardAction 
(node_modules/@testing-library/user-event/dist/cjs/keyboard/index.js:22:35)
      at Object.keyboard 
(node_modules/@testing-library/user-event/dist/cjs/keyboard/index.js:11:15)
      at Object.type 
(node_modules/@testing-library/user-event/dist/cjs/utility/type.js:17:5)
      at Object.<anonymous> (src/auth/auth.test.tsx:265:9)

    console.error
      Warning: An update to LoginForm inside a test was not wrapped in 
act(...).
      
      When testing, code that causes React state updates should be wrapped 
into act(...):
      
      act(() => {
        /* fire events that update state */
      });
      /* assert on the output */
      
      This ensures that you're testing the behavior the user would see in the 
browser. Learn more at https://reactjs.org/link/wrap-tests-with-act
          at LoginForm (C:\Users\samhe\OneDrive\Desktop\Cleaned\frontend\src\au
th\LoginForm\LoginForm.tsx:41:33)
          at div
          at div
          at LoginPage
          at routeContext (C:\Users\samhe\OneDrive\Desktop\Cleaned\frontend\nod
e_modules\react-router\lib\hooks.tsx:658:26)
          at children (C:\Users\samhe\OneDrive\Desktop\Cleaned\frontend\node_mo
dules\react-router\lib\components.tsx:512:3)
          at basenameProp (C:\Users\samhe\OneDrive\Desktop\Cleaned\frontend\nod
e_modules\react-router\lib\components.tsx:421:13)
          at basename (C:\Users\samhe\OneDrive\Desktop\Cleaned\frontend\node_mo
dules\react-router\lib\components.tsx:225:3)

      123 |                     placeholder="email@company.com"
      124 |                     value={email}
    > 125 |                     onChange={(e) => setEmail(e.target.value)}
          |                                      ^
      126 |                     className="w-full rounded-md border 
border-gray-300 px-3 py-2 text-sm focus:outline-none focus:ring-2 
focus:ring-gray-900 disabled:opacity-50"
      127 |                 />
      128 |             </div>

      at printWarning 
(node_modules/react-dom/cjs/react-dom.development.js:86:30)
      at error (node_modules/react-dom/cjs/react-dom.development.js:60:7)
      at warnIfUpdatesNotWrappedWithActDEV 
(node_modules/react-dom/cjs/react-dom.development.js:27628:9)
      at scheduleUpdateOnFiber 
(node_modules/react-dom/cjs/react-dom.development.js:25547:5)
      at dispatchSetState 
(node_modules/react-dom/cjs/react-dom.development.js:16708:7)
      at onChange (src/auth/LoginForm/LoginForm.tsx:125:38)
      at HTMLUnknownElement.callCallback 
(node_modules/react-dom/cjs/react-dom.development.js:4164:14)
      at HTMLUnknownElement.callTheUserObjectsOperation 
(node_modules/jsdom/lib/jsdom/living/generated/EventListener.js:26:30)
      at innerInvokeEventListeners 
(node_modules/jsdom/lib/jsdom/living/events/EventTarget-impl.js:350:25)
      at invokeEventListeners 
(node_modules/jsdom/lib/jsdom/living/events/EventTarget-impl.js:286:3)
      at HTMLUnknownElementImpl._dispatch 
(node_modules/jsdom/lib/jsdom/living/events/EventTarget-impl.js:233:9)
      at HTMLUnknownElementImpl.dispatchEvent 
(node_modules/jsdom/lib/jsdom/living/events/EventTarget-impl.js:104:17)
      at HTMLUnknownElement.dispatchEvent 
(node_modules/jsdom/lib/jsdom/living/generated/EventTarget.js:241:34)
      at Object.invokeGuardedCallbackDev 
(node_modules/react-dom/cjs/react-dom.development.js:4213:16)
      at invokeGuardedCallback 
(node_modules/react-dom/cjs/react-dom.development.js:4277:31)
      at invokeGuardedCallbackAndCatchFirstError 
(node_modules/react-dom/cjs/react-dom.development.js:4291:25)
      at executeDispatch 
(node_modules/react-dom/cjs/react-dom.development.js:9041:3)
      at processDispatchQueueItemsInOrder 
(node_modules/react-dom/cjs/react-dom.development.js:9073:7)
      at processDispatchQueue 
(node_modules/react-dom/cjs/react-dom.development.js:9086:5)
      at dispatchEventsForPlugins 
(node_modules/react-dom/cjs/react-dom.development.js:9097:3)
      at node_modules/react-dom/cjs/react-dom.development.js:9288:12
      at batchedUpdates$1 
(node_modules/react-dom/cjs/react-dom.development.js:26179:12)
      at batchedUpdates 
(node_modules/react-dom/cjs/react-dom.development.js:3991:12)
      at dispatchEventForPluginEventSystem 
(node_modules/react-dom/cjs/react-dom.development.js:9287:3)
      at dispatchEventWithEnableCapturePhaseSelectiveHydrationWithoutDiscreteEv
entReplay (node_modules/react-dom/cjs/react-dom.development.js:6465:5)
      at dispatchEvent 
(node_modules/react-dom/cjs/react-dom.development.js:6457:5)
      at dispatchDiscreteEvent 
(node_modules/react-dom/cjs/react-dom.development.js:6430:5)
      at HTMLDivElement.callTheUserObjectsOperation 
(node_modules/jsdom/lib/jsdom/living/generated/EventListener.js:26:30)
      at innerInvokeEventListeners 
(node_modules/jsdom/lib/jsdom/living/events/EventTarget-impl.js:350:25)
      at invokeEventListeners 
(node_modules/jsdom/lib/jsdom/living/events/EventTarget-impl.js:286:3)
      at HTMLInputElementImpl._dispatch 
(node_modules/jsdom/lib/jsdom/living/events/EventTarget-impl.js:233:9)
      at HTMLInputElementImpl.dispatchEvent 
(node_modules/jsdom/lib/jsdom/living/events/EventTarget-impl.js:104:17)
      at HTMLInputElement.dispatchEvent 
(node_modules/jsdom/lib/jsdom/living/generated/EventTarget.js:241:34)
      at 
node_modules/@testing-library/user-event/dist/cjs/event/dispatchEvent.js:45:43
      at Object.eventWrapper 
(node_modules/@testing-library/dom/dist/config.js:25:23)
      at Object.wrapEvent 
(node_modules/@testing-library/user-event/dist/cjs/event/wrapEvent.js:6:28)
      at Object.dispatchEvent (node_modules/@testing-library/user-event/dist/cj
s/event/dispatchEvent.js:45:22)
      at Object.dispatchUIEvent (node_modules/@testing-library/user-event/dist/
cjs/event/dispatchEvent.js:22:26)
      at commitInput 
(node_modules/@testing-library/user-event/dist/cjs/event/input.js:145:14)
      at editInputElement 
(node_modules/@testing-library/user-event/dist/cjs/event/input.js:115:9)
      at Object.input 
(node_modules/@testing-library/user-event/dist/cjs/event/input.js:37:9)
      at node_modules/@testing-library/user-event/dist/cjs/event/behavior/keypr
ess.js:31:26
      at Object.dispatchEvent (node_modules/@testing-library/user-event/dist/cj
s/event/dispatchEvent.js:41:13)
      at Object.dispatchUIEvent (node_modules/@testing-library/user-event/dist/
cjs/event/dispatchEvent.js:22:26)
      at KeyboardHost.keydown 
(node_modules/@testing-library/user-event/dist/cjs/system/keyboard.js:76:22)
      at keyboardAction 
(node_modules/@testing-library/user-event/dist/cjs/keyboard/index.js:22:35)
      at Object.keyboard 
(node_modules/@testing-library/user-event/dist/cjs/keyboard/index.js:11:15)
      at Object.type 
(node_modules/@testing-library/user-event/dist/cjs/utility/type.js:17:5)
      at Object.<anonymous> (src/auth/auth.test.tsx:265:9)

    console.error
      Warning: An update to LoginForm inside a test was not wrapped in 
act(...).
      
      When testing, code that causes React state updates should be wrapped 
into act(...):
      
      act(() => {
        /* fire events that update state */
      });
      /* assert on the output */
      
      This ensures that you're testing the behavior the user would see in the 
browser. Learn more at https://reactjs.org/link/wrap-tests-with-act
          at LoginForm (C:\Users\samhe\OneDrive\Desktop\Cleaned\frontend\src\au
th\LoginForm\LoginForm.tsx:41:33)
          at div
          at div
          at LoginPage
          at routeContext (C:\Users\samhe\OneDrive\Desktop\Cleaned\frontend\nod
e_modules\react-router\lib\hooks.tsx:658:26)
          at children (C:\Users\samhe\OneDrive\Desktop\Cleaned\frontend\node_mo
dules\react-router\lib\components.tsx:512:3)
          at basenameProp (C:\Users\samhe\OneDrive\Desktop\Cleaned\frontend\nod
e_modules\react-router\lib\components.tsx:421:13)
          at basename (C:\Users\samhe\OneDrive\Desktop\Cleaned\frontend\node_mo
dules\react-router\lib\components.tsx:225:3)

      123 |                     placeholder="email@company.com"
      124 |                     value={email}
    > 125 |                     onChange={(e) => setEmail(e.target.value)}
          |                                      ^
      126 |                     className="w-full rounded-md border 
border-gray-300 px-3 py-2 text-sm focus:outline-none focus:ring-2 
focus:ring-gray-900 disabled:opacity-50"
      127 |                 />
      128 |             </div>

      at printWarning 
(node_modules/react-dom/cjs/react-dom.development.js:86:30)
      at error (node_modules/react-dom/cjs/react-dom.development.js:60:7)
      at warnIfUpdatesNotWrappedWithActDEV 
(node_modules/react-dom/cjs/react-dom.development.js:27628:9)
      at scheduleUpdateOnFiber 
(node_modules/react-dom/cjs/react-dom.development.js:25547:5)
      at dispatchSetState 
(node_modules/react-dom/cjs/react-dom.development.js:16708:7)
      at onChange (src/auth/LoginForm/LoginForm.tsx:125:38)
      at HTMLUnknownElement.callCallback 
(node_modules/react-dom/cjs/react-dom.development.js:4164:14)
      at HTMLUnknownElement.callTheUserObjectsOperation 
(node_modules/jsdom/lib/jsdom/living/generated/EventListener.js:26:30)
      at innerInvokeEventListeners 
(node_modules/jsdom/lib/jsdom/living/events/EventTarget-impl.js:350:25)
      at invokeEventListeners 
(node_modules/jsdom/lib/jsdom/living/events/EventTarget-impl.js:286:3)
      at HTMLUnknownElementImpl._dispatch 
(node_modules/jsdom/lib/jsdom/living/events/EventTarget-impl.js:233:9)
      at HTMLUnknownElementImpl.dispatchEvent 
(node_modules/jsdom/lib/jsdom/living/events/EventTarget-impl.js:104:17)
      at HTMLUnknownElement.dispatchEvent 
(node_modules/jsdom/lib/jsdom/living/generated/EventTarget.js:241:34)
      at Object.invokeGuardedCallbackDev 
(node_modules/react-dom/cjs/react-dom.development.js:4213:16)
      at invokeGuardedCallback 
(node_modules/react-dom/cjs/react-dom.development.js:4277:31)
      at invokeGuardedCallbackAndCatchFirstError 
(node_modules/react-dom/cjs/react-dom.development.js:4291:25)
      at executeDispatch 
(node_modules/react-dom/cjs/react-dom.development.js:9041:3)
      at processDispatchQueueItemsInOrder 
(node_modules/react-dom/cjs/react-dom.development.js:9073:7)
      at processDispatchQueue 
(node_modules/react-dom/cjs/react-dom.development.js:9086:5)
      at dispatchEventsForPlugins 
(node_modules/react-dom/cjs/react-dom.development.js:9097:3)
      at node_modules/react-dom/cjs/react-dom.development.js:9288:12
      at batchedUpdates$1 
(node_modules/react-dom/cjs/react-dom.development.js:26179:12)
      at batchedUpdates 
(node_modules/react-dom/cjs/react-dom.development.js:3991:12)
      at dispatchEventForPluginEventSystem 
(node_modules/react-dom/cjs/react-dom.development.js:9287:3)
      at dispatchEventWithEnableCapturePhaseSelectiveHydrationWithoutDiscreteEv
entReplay (node_modules/react-dom/cjs/react-dom.development.js:6465:5)
      at dispatchEvent 
(node_modules/react-dom/cjs/react-dom.development.js:6457:5)
      at dispatchDiscreteEvent 
(node_modules/react-dom/cjs/react-dom.development.js:6430:5)
      at HTMLDivElement.callTheUserObjectsOperation 
(node_modules/jsdom/lib/jsdom/living/generated/EventListener.js:26:30)
      at innerInvokeEventListeners 
(node_modules/jsdom/lib/jsdom/living/events/EventTarget-impl.js:350:25)
      at invokeEventListeners 
(node_modules/jsdom/lib/jsdom/living/events/EventTarget-impl.js:286:3)
      at HTMLInputElementImpl._dispatch 
(node_modules/jsdom/lib/jsdom/living/events/EventTarget-impl.js:233:9)
      at HTMLInputElementImpl.dispatchEvent 
(node_modules/jsdom/lib/jsdom/living/events/EventTarget-impl.js:104:17)
      at HTMLInputElement.dispatchEvent 
(node_modules/jsdom/lib/jsdom/living/generated/EventTarget.js:241:34)
      at 
node_modules/@testing-library/user-event/dist/cjs/event/dispatchEvent.js:45:43
      at Object.eventWrapper 
(node_modules/@testing-library/dom/dist/config.js:25:23)
      at Object.wrapEvent 
(node_modules/@testing-library/user-event/dist/cjs/event/wrapEvent.js:6:28)
      at Object.dispatchEvent (node_modules/@testing-library/user-event/dist/cj
s/event/dispatchEvent.js:45:22)
      at Object.dispatchUIEvent (node_modules/@testing-library/user-event/dist/
cjs/event/dispatchEvent.js:22:26)
      at commitInput 
(node_modules/@testing-library/user-event/dist/cjs/event/input.js:145:14)
      at editInputElement 
(node_modules/@testing-library/user-event/dist/cjs/event/input.js:115:9)
      at Object.input 
(node_modules/@testing-library/user-event/dist/cjs/event/input.js:37:9)
      at node_modules/@testing-library/user-event/dist/cjs/event/behavior/keypr
ess.js:31:26
      at Object.dispatchEvent (node_modules/@testing-library/user-event/dist/cj
s/event/dispatchEvent.js:41:13)
      at Object.dispatchUIEvent (node_modules/@testing-library/user-event/dist/
cjs/event/dispatchEvent.js:22:26)
      at KeyboardHost.keydown 
(node_modules/@testing-library/user-event/dist/cjs/system/keyboard.js:76:22)
      at keyboardAction 
(node_modules/@testing-library/user-event/dist/cjs/keyboard/index.js:22:35)
      at Object.keyboard 
(node_modules/@testing-library/user-event/dist/cjs/keyboard/index.js:11:15)
      at Object.type 
(node_modules/@testing-library/user-event/dist/cjs/utility/type.js:17:5)
      at Object.<anonymous> (src/auth/auth.test.tsx:265:9)

    console.error
      Warning: An update to LoginForm inside a test was not wrapped in 
act(...).
      
      When testing, code that causes React state updates should be wrapped 
into act(...):
      
      act(() => {
        /* fire events that update state */
      });
      /* assert on the output */
      
      This ensures that you're testing the behavior the user would see in the 
browser. Learn more at https://reactjs.org/link/wrap-tests-with-act
          at LoginForm (C:\Users\samhe\OneDrive\Desktop\Cleaned\frontend\src\au
th\LoginForm\LoginForm.tsx:41:33)
          at div
          at div
          at LoginPage
          at routeContext (C:\Users\samhe\OneDrive\Desktop\Cleaned\frontend\nod
e_modules\react-router\lib\hooks.tsx:658:26)
          at children (C:\Users\samhe\OneDrive\Desktop\Cleaned\frontend\node_mo
dules\react-router\lib\components.tsx:512:3)
          at basenameProp (C:\Users\samhe\OneDrive\Desktop\Cleaned\frontend\nod
e_modules\react-router\lib\components.tsx:421:13)
          at basename (C:\Users\samhe\OneDrive\Desktop\Cleaned\frontend\node_mo
dules\react-router\lib\components.tsx:225:3)

      123 |                     placeholder="email@company.com"
      124 |                     value={email}
    > 125 |                     onChange={(e) => setEmail(e.target.value)}
          |                                      ^
      126 |                     className="w-full rounded-md border 
border-gray-300 px-3 py-2 text-sm focus:outline-none focus:ring-2 
focus:ring-gray-900 disabled:opacity-50"
      127 |                 />
      128 |             </div>

      at printWarning 
(node_modules/react-dom/cjs/react-dom.development.js:86:30)
      at error (node_modules/react-dom/cjs/react-dom.development.js:60:7)
      at warnIfUpdatesNotWrappedWithActDEV 
(node_modules/react-dom/cjs/react-dom.development.js:27628:9)
      at scheduleUpdateOnFiber 
(node_modules/react-dom/cjs/react-dom.development.js:25547:5)
      at dispatchSetState 
(node_modules/react-dom/cjs/react-dom.development.js:16708:7)
      at onChange (src/auth/LoginForm/LoginForm.tsx:125:38)
      at HTMLUnknownElement.callCallback 
(node_modules/react-dom/cjs/react-dom.development.js:4164:14)
      at HTMLUnknownElement.callTheUserObjectsOperation 
(node_modules/jsdom/lib/jsdom/living/generated/EventListener.js:26:30)
      at innerInvokeEventListeners 
(node_modules/jsdom/lib/jsdom/living/events/EventTarget-impl.js:350:25)
      at invokeEventListeners 
(node_modules/jsdom/lib/jsdom/living/events/EventTarget-impl.js:286:3)
      at HTMLUnknownElementImpl._dispatch 
(node_modules/jsdom/lib/jsdom/living/events/EventTarget-impl.js:233:9)
      at HTMLUnknownElementImpl.dispatchEvent 
(node_modules/jsdom/lib/jsdom/living/events/EventTarget-impl.js:104:17)
      at HTMLUnknownElement.dispatchEvent 
(node_modules/jsdom/lib/jsdom/living/generated/EventTarget.js:241:34)
      at Object.invokeGuardedCallbackDev 
(node_modules/react-dom/cjs/react-dom.development.js:4213:16)
      at invokeGuardedCallback 
(node_modules/react-dom/cjs/react-dom.development.js:4277:31)
      at invokeGuardedCallbackAndCatchFirstError 
(node_modules/react-dom/cjs/react-dom.development.js:4291:25)
      at executeDispatch 
(node_modules/react-dom/cjs/react-dom.development.js:9041:3)
      at processDispatchQueueItemsInOrder 
(node_modules/react-dom/cjs/react-dom.development.js:9073:7)
      at processDispatchQueue 
(node_modules/react-dom/cjs/react-dom.development.js:9086:5)
      at dispatchEventsForPlugins 
(node_modules/react-dom/cjs/react-dom.development.js:9097:3)
      at node_modules/react-dom/cjs/react-dom.development.js:9288:12
      at batchedUpdates$1 
(node_modules/react-dom/cjs/react-dom.development.js:26179:12)
      at batchedUpdates 
(node_modules/react-dom/cjs/react-dom.development.js:3991:12)
      at dispatchEventForPluginEventSystem 
(node_modules/react-dom/cjs/react-dom.development.js:9287:3)
      at dispatchEventWithEnableCapturePhaseSelectiveHydrationWithoutDiscreteEv
entReplay (node_modules/react-dom/cjs/react-dom.development.js:6465:5)
      at dispatchEvent 
(node_modules/react-dom/cjs/react-dom.development.js:6457:5)
      at dispatchDiscreteEvent 
(node_modules/react-dom/cjs/react-dom.development.js:6430:5)
      at HTMLDivElement.callTheUserObjectsOperation 
(node_modules/jsdom/lib/jsdom/living/generated/EventListener.js:26:30)
      at innerInvokeEventListeners 
(node_modules/jsdom/lib/jsdom/living/events/EventTarget-impl.js:350:25)
      at invokeEventListeners 
(node_modules/jsdom/lib/jsdom/living/events/EventTarget-impl.js:286:3)
      at HTMLInputElementImpl._dispatch 
(node_modules/jsdom/lib/jsdom/living/events/EventTarget-impl.js:233:9)
      at HTMLInputElementImpl.dispatchEvent 
(node_modules/jsdom/lib/jsdom/living/events/EventTarget-impl.js:104:17)
      at HTMLInputElement.dispatchEvent 
(node_modules/jsdom/lib/jsdom/living/generated/EventTarget.js:241:34)
      at 
node_modules/@testing-library/user-event/dist/cjs/event/dispatchEvent.js:45:43
      at Object.eventWrapper 
(node_modules/@testing-library/dom/dist/config.js:25:23)
      at Object.wrapEvent 
(node_modules/@testing-library/user-event/dist/cjs/event/wrapEvent.js:6:28)
      at Object.dispatchEvent (node_modules/@testing-library/user-event/dist/cj
s/event/dispatchEvent.js:45:22)
      at Object.dispatchUIEvent (node_modules/@testing-library/user-event/dist/
cjs/event/dispatchEvent.js:22:26)
      at commitInput 
(node_modules/@testing-library/user-event/dist/cjs/event/input.js:145:14)
      at editInputElement 
(node_modules/@testing-library/user-event/dist/cjs/event/input.js:115:9)
      at Object.input 
(node_modules/@testing-library/user-event/dist/cjs/event/input.js:37:9)
      at node_modules/@testing-library/user-event/dist/cjs/event/behavior/keypr
ess.js:31:26
      at Object.dispatchEvent (node_modules/@testing-library/user-event/dist/cj
s/event/dispatchEvent.js:41:13)
      at Object.dispatchUIEvent (node_modules/@testing-library/user-event/dist/
cjs/event/dispatchEvent.js:22:26)
      at KeyboardHost.keydown 
(node_modules/@testing-library/user-event/dist/cjs/system/keyboard.js:76:22)
      at keyboardAction 
(node_modules/@testing-library/user-event/dist/cjs/keyboard/index.js:22:35)
      at Object.keyboard 
(node_modules/@testing-library/user-event/dist/cjs/keyboard/index.js:11:15)
      at Object.type 
(node_modules/@testing-library/user-event/dist/cjs/utility/type.js:17:5)
      at Object.<anonymous> (src/auth/auth.test.tsx:265:9)

    console.error
      Warning: An update to LoginForm inside a test was not wrapped in 
act(...).
      
      When testing, code that causes React state updates should be wrapped 
into act(...):
      
      act(() => {
        /* fire events that update state */
      });
      /* assert on the output */
      
      This ensures that you're testing the behavior the user would see in the 
browser. Learn more at https://reactjs.org/link/wrap-tests-with-act
          at LoginForm (C:\Users\samhe\OneDrive\Desktop\Cleaned\frontend\src\au
th\LoginForm\LoginForm.tsx:41:33)
          at div
          at div
          at LoginPage
          at routeContext (C:\Users\samhe\OneDrive\Desktop\Cleaned\frontend\nod
e_modules\react-router\lib\hooks.tsx:658:26)
          at children (C:\Users\samhe\OneDrive\Desktop\Cleaned\frontend\node_mo
dules\react-router\lib\components.tsx:512:3)
          at basenameProp (C:\Users\samhe\OneDrive\Desktop\Cleaned\frontend\nod
e_modules\react-router\lib\components.tsx:421:13)
          at basename (C:\Users\samhe\OneDrive\Desktop\Cleaned\frontend\node_mo
dules\react-router\lib\components.tsx:225:3)

      123 |                     placeholder="email@company.com"
      124 |                     value={email}
    > 125 |                     onChange={(e) => setEmail(e.target.value)}
          |                                      ^
      126 |                     className="w-full rounded-md border 
border-gray-300 px-3 py-2 text-sm focus:outline-none focus:ring-2 
focus:ring-gray-900 disabled:opacity-50"
      127 |                 />
      128 |             </div>

      at printWarning 
(node_modules/react-dom/cjs/react-dom.development.js:86:30)
      at error (node_modules/react-dom/cjs/react-dom.development.js:60:7)
      at warnIfUpdatesNotWrappedWithActDEV 
(node_modules/react-dom/cjs/react-dom.development.js:27628:9)
      at scheduleUpdateOnFiber 
(node_modules/react-dom/cjs/react-dom.development.js:25547:5)
      at dispatchSetState 
(node_modules/react-dom/cjs/react-dom.development.js:16708:7)
      at onChange (src/auth/LoginForm/LoginForm.tsx:125:38)
      at HTMLUnknownElement.callCallback 
(node_modules/react-dom/cjs/react-dom.development.js:4164:14)
      at HTMLUnknownElement.callTheUserObjectsOperation 
(node_modules/jsdom/lib/jsdom/living/generated/EventListener.js:26:30)
      at innerInvokeEventListeners 
(node_modules/jsdom/lib/jsdom/living/events/EventTarget-impl.js:350:25)
      at invokeEventListeners 
(node_modules/jsdom/lib/jsdom/living/events/EventTarget-impl.js:286:3)
      at HTMLUnknownElementImpl._dispatch 
(node_modules/jsdom/lib/jsdom/living/events/EventTarget-impl.js:233:9)
      at HTMLUnknownElementImpl.dispatchEvent 
(node_modules/jsdom/lib/jsdom/living/events/EventTarget-impl.js:104:17)
      at HTMLUnknownElement.dispatchEvent 
(node_modules/jsdom/lib/jsdom/living/generated/EventTarget.js:241:34)
      at Object.invokeGuardedCallbackDev 
(node_modules/react-dom/cjs/react-dom.development.js:4213:16)
      at invokeGuardedCallback 
(node_modules/react-dom/cjs/react-dom.development.js:4277:31)
      at invokeGuardedCallbackAndCatchFirstError 
(node_modules/react-dom/cjs/react-dom.development.js:4291:25)
      at executeDispatch 
(node_modules/react-dom/cjs/react-dom.development.js:9041:3)
      at processDispatchQueueItemsInOrder 
(node_modules/react-dom/cjs/react-dom.development.js:9073:7)
      at processDispatchQueue 
(node_modules/react-dom/cjs/react-dom.development.js:9086:5)
      at dispatchEventsForPlugins 
(node_modules/react-dom/cjs/react-dom.development.js:9097:3)
      at node_modules/react-dom/cjs/react-dom.development.js:9288:12
      at batchedUpdates$1 
(node_modules/react-dom/cjs/react-dom.development.js:26179:12)
      at batchedUpdates 
(node_modules/react-dom/cjs/react-dom.development.js:3991:12)
      at dispatchEventForPluginEventSystem 
(node_modules/react-dom/cjs/react-dom.development.js:9287:3)
      at dispatchEventWithEnableCapturePhaseSelectiveHydrationWithoutDiscreteEv
entReplay (node_modules/react-dom/cjs/react-dom.development.js:6465:5)
      at dispatchEvent 
(node_modules/react-dom/cjs/react-dom.development.js:6457:5)
      at dispatchDiscreteEvent 
(node_modules/react-dom/cjs/react-dom.development.js:6430:5)
      at HTMLDivElement.callTheUserObjectsOperation 
(node_modules/jsdom/lib/jsdom/living/generated/EventListener.js:26:30)
      at innerInvokeEventListeners 
(node_modules/jsdom/lib/jsdom/living/events/EventTarget-impl.js:350:25)
      at invokeEventListeners 
(node_modules/jsdom/lib/jsdom/living/events/EventTarget-impl.js:286:3)
      at HTMLInputElementImpl._dispatch 
(node_modules/jsdom/lib/jsdom/living/events/EventTarget-impl.js:233:9)
      at HTMLInputElementImpl.dispatchEvent 
(node_modules/jsdom/lib/jsdom/living/events/EventTarget-impl.js:104:17)
      at HTMLInputElement.dispatchEvent 
(node_modules/jsdom/lib/jsdom/living/generated/EventTarget.js:241:34)
      at 
node_modules/@testing-library/user-event/dist/cjs/event/dispatchEvent.js:45:43
      at Object.eventWrapper 
(node_modules/@testing-library/dom/dist/config.js:25:23)
      at Object.wrapEvent 
(node_modules/@testing-library/user-event/dist/cjs/event/wrapEvent.js:6:28)
      at Object.dispatchEvent (node_modules/@testing-library/user-event/dist/cj
s/event/dispatchEvent.js:45:22)
      at Object.dispatchUIEvent (node_modules/@testing-library/user-event/dist/
cjs/event/dispatchEvent.js:22:26)
      at commitInput 
(node_modules/@testing-library/user-event/dist/cjs/event/input.js:145:14)
      at editInputElement 
(node_modules/@testing-library/user-event/dist/cjs/event/input.js:115:9)
      at Object.input 
(node_modules/@testing-library/user-event/dist/cjs/event/input.js:37:9)
      at node_modules/@testing-library/user-event/dist/cjs/event/behavior/keypr
ess.js:31:26
      at Object.dispatchEvent (node_modules/@testing-library/user-event/dist/cj
s/event/dispatchEvent.js:41:13)
      at Object.dispatchUIEvent (node_modules/@testing-library/user-event/dist/
cjs/event/dispatchEvent.js:22:26)
      at KeyboardHost.keydown 
(node_modules/@testing-library/user-event/dist/cjs/system/keyboard.js:76:22)
      at keyboardAction 
(node_modules/@testing-library/user-event/dist/cjs/keyboard/index.js:22:35)
      at Object.keyboard 
(node_modules/@testing-library/user-event/dist/cjs/keyboard/index.js:11:15)
      at Object.type 
(node_modules/@testing-library/user-event/dist/cjs/utility/type.js:17:5)
      at Object.<anonymous> (src/auth/auth.test.tsx:265:9)

    console.error
      Warning: An update to LoginForm inside a test was not wrapped in 
act(...).
      
      When testing, code that causes React state updates should be wrapped 
into act(...):
      
      act(() => {
        /* fire events that update state */
      });
      /* assert on the output */
      
      This ensures that you're testing the behavior the user would see in the 
browser. Learn more at https://reactjs.org/link/wrap-tests-with-act
          at LoginForm (C:\Users\samhe\OneDrive\Desktop\Cleaned\frontend\src\au
th\LoginForm\LoginForm.tsx:41:33)
          at div
          at div
          at LoginPage
          at routeContext (C:\Users\samhe\OneDrive\Desktop\Cleaned\frontend\nod
e_modules\react-router\lib\hooks.tsx:658:26)
          at children (C:\Users\samhe\OneDrive\Desktop\Cleaned\frontend\node_mo
dules\react-router\lib\components.tsx:512:3)
          at basenameProp (C:\Users\samhe\OneDrive\Desktop\Cleaned\frontend\nod
e_modules\react-router\lib\components.tsx:421:13)
          at basename (C:\Users\samhe\OneDrive\Desktop\Cleaned\frontend\node_mo
dules\react-router\lib\components.tsx:225:3)

      123 |                     placeholder="email@company.com"
      124 |                     value={email}
    > 125 |                     onChange={(e) => setEmail(e.target.value)}
          |                                      ^
      126 |                     className="w-full rounded-md border 
border-gray-300 px-3 py-2 text-sm focus:outline-none focus:ring-2 
focus:ring-gray-900 disabled:opacity-50"
      127 |                 />
      128 |             </div>

      at printWarning 
(node_modules/react-dom/cjs/react-dom.development.js:86:30)
      at error (node_modules/react-dom/cjs/react-dom.development.js:60:7)
      at warnIfUpdatesNotWrappedWithActDEV 
(node_modules/react-dom/cjs/react-dom.development.js:27628:9)
      at scheduleUpdateOnFiber 
(node_modules/react-dom/cjs/react-dom.development.js:25547:5)
      at dispatchSetState 
(node_modules/react-dom/cjs/react-dom.development.js:16708:7)
      at onChange (src/auth/LoginForm/LoginForm.tsx:125:38)
      at HTMLUnknownElement.callCallback 
(node_modules/react-dom/cjs/react-dom.development.js:4164:14)
      at HTMLUnknownElement.callTheUserObjectsOperation 
(node_modules/jsdom/lib/jsdom/living/generated/EventListener.js:26:30)
      at innerInvokeEventListeners 
(node_modules/jsdom/lib/jsdom/living/events/EventTarget-impl.js:350:25)
      at invokeEventListeners 
(node_modules/jsdom/lib/jsdom/living/events/EventTarget-impl.js:286:3)
      at HTMLUnknownElementImpl._dispatch 
(node_modules/jsdom/lib/jsdom/living/events/EventTarget-impl.js:233:9)
      at HTMLUnknownElementImpl.dispatchEvent 
(node_modules/jsdom/lib/jsdom/living/events/EventTarget-impl.js:104:17)
      at HTMLUnknownElement.dispatchEvent 
(node_modules/jsdom/lib/jsdom/living/generated/EventTarget.js:241:34)
      at Object.invokeGuardedCallbackDev 
(node_modules/react-dom/cjs/react-dom.development.js:4213:16)
      at invokeGuardedCallback 
(node_modules/react-dom/cjs/react-dom.development.js:4277:31)
      at invokeGuardedCallbackAndCatchFirstError 
(node_modules/react-dom/cjs/react-dom.development.js:4291:25)
      at executeDispatch 
(node_modules/react-dom/cjs/react-dom.development.js:9041:3)
      at processDispatchQueueItemsInOrder 
(node_modules/react-dom/cjs/react-dom.development.js:9073:7)
      at processDispatchQueue 
(node_modules/react-dom/cjs/react-dom.development.js:9086:5)
      at dispatchEventsForPlugins 
(node_modules/react-dom/cjs/react-dom.development.js:9097:3)
      at node_modules/react-dom/cjs/react-dom.development.js:9288:12
      at batchedUpdates$1 
(node_modules/react-dom/cjs/react-dom.development.js:26179:12)
      at batchedUpdates 
(node_modules/react-dom/cjs/react-dom.development.js:3991:12)
      at dispatchEventForPluginEventSystem 
(node_modules/react-dom/cjs/react-dom.development.js:9287:3)
      at dispatchEventWithEnableCapturePhaseSelectiveHydrationWithoutDiscreteEv
entReplay (node_modules/react-dom/cjs/react-dom.development.js:6465:5)
      at dispatchEvent 
(node_modules/react-dom/cjs/react-dom.development.js:6457:5)
      at dispatchDiscreteEvent 
(node_modules/react-dom/cjs/react-dom.development.js:6430:5)
      at HTMLDivElement.callTheUserObjectsOperation 
(node_modules/jsdom/lib/jsdom/living/generated/EventListener.js:26:30)
      at innerInvokeEventListeners 
(node_modules/jsdom/lib/jsdom/living/events/EventTarget-impl.js:350:25)
      at invokeEventListeners 
(node_modules/jsdom/lib/jsdom/living/events/EventTarget-impl.js:286:3)
      at HTMLInputElementImpl._dispatch 
(node_modules/jsdom/lib/jsdom/living/events/EventTarget-impl.js:233:9)
      at HTMLInputElementImpl.dispatchEvent 
(node_modules/jsdom/lib/jsdom/living/events/EventTarget-impl.js:104:17)
      at HTMLInputElement.dispatchEvent 
(node_modules/jsdom/lib/jsdom/living/generated/EventTarget.js:241:34)
      at 
node_modules/@testing-library/user-event/dist/cjs/event/dispatchEvent.js:45:43
      at Object.eventWrapper 
(node_modules/@testing-library/dom/dist/config.js:25:23)
      at Object.wrapEvent 
(node_modules/@testing-library/user-event/dist/cjs/event/wrapEvent.js:6:28)
      at Object.dispatchEvent (node_modules/@testing-library/user-event/dist/cj
s/event/dispatchEvent.js:45:22)
      at Object.dispatchUIEvent (node_modules/@testing-library/user-event/dist/
cjs/event/dispatchEvent.js:22:26)
      at commitInput 
(node_modules/@testing-library/user-event/dist/cjs/event/input.js:145:14)
      at editInputElement 
(node_modules/@testing-library/user-event/dist/cjs/event/input.js:115:9)
      at Object.input 
(node_modules/@testing-library/user-event/dist/cjs/event/input.js:37:9)
      at node_modules/@testing-library/user-event/dist/cjs/event/behavior/keypr
ess.js:31:26
      at Object.dispatchEvent (node_modules/@testing-library/user-event/dist/cj
s/event/dispatchEvent.js:41:13)
      at Object.dispatchUIEvent (node_modules/@testing-library/user-event/dist/
cjs/event/dispatchEvent.js:22:26)
      at KeyboardHost.keydown 
(node_modules/@testing-library/user-event/dist/cjs/system/keyboard.js:76:22)
      at keyboardAction 
(node_modules/@testing-library/user-event/dist/cjs/keyboard/index.js:22:35)
      at Object.keyboard 
(node_modules/@testing-library/user-event/dist/cjs/keyboard/index.js:11:15)
      at Object.type 
(node_modules/@testing-library/user-event/dist/cjs/utility/type.js:17:5)
      at Object.<anonymous> (src/auth/auth.test.tsx:265:9)

    console.error
      Warning: An update to LoginForm inside a test was not wrapped in 
act(...).
      
      When testing, code that causes React state updates should be wrapped 
into act(...):
      
      act(() => {
        /* fire events that update state */
      });
      /* assert on the output */
      
      This ensures that you're testing the behavior the user would see in the 
browser. Learn more at https://reactjs.org/link/wrap-tests-with-act
          at LoginForm (C:\Users\samhe\OneDrive\Desktop\Cleaned\frontend\src\au
th\LoginForm\LoginForm.tsx:41:33)
          at div
          at div
          at LoginPage
          at routeContext (C:\Users\samhe\OneDrive\Desktop\Cleaned\frontend\nod
e_modules\react-router\lib\hooks.tsx:658:26)
          at children (C:\Users\samhe\OneDrive\Desktop\Cleaned\frontend\node_mo
dules\react-router\lib\components.tsx:512:3)
          at basenameProp (C:\Users\samhe\OneDrive\Desktop\Cleaned\frontend\nod
e_modules\react-router\lib\components.tsx:421:13)
          at basename (C:\Users\samhe\OneDrive\Desktop\Cleaned\frontend\node_mo
dules\react-router\lib\components.tsx:225:3)

      141 |                         placeholder="Enter your password"
      142 |                         value={password}
    > 143 |                         onChange={(e) => 
setPassword(e.target.value)}
          |                                          ^
      144 |                         className="w-full rounded-md border 
border-gray-300 px-3 py-2 pr-10 text-sm focus:outline-none focus:ring-2 
focus:ring-gray-900 disabled:opacity-50"
      145 |                     />
      146 |                     <button

      at printWarning 
(node_modules/react-dom/cjs/react-dom.development.js:86:30)
      at error (node_modules/react-dom/cjs/react-dom.development.js:60:7)
      at warnIfUpdatesNotWrappedWithActDEV 
(node_modules/react-dom/cjs/react-dom.development.js:27628:9)
      at scheduleUpdateOnFiber 
(node_modules/react-dom/cjs/react-dom.development.js:25547:5)
      at dispatchSetState 
(node_modules/react-dom/cjs/react-dom.development.js:16708:7)
      at onChange (src/auth/LoginForm/LoginForm.tsx:143:42)
      at HTMLUnknownElement.callCallback 
(node_modules/react-dom/cjs/react-dom.development.js:4164:14)
      at HTMLUnknownElement.callTheUserObjectsOperation 
(node_modules/jsdom/lib/jsdom/living/generated/EventListener.js:26:30)
      at innerInvokeEventListeners 
(node_modules/jsdom/lib/jsdom/living/events/EventTarget-impl.js:350:25)
      at invokeEventListeners 
(node_modules/jsdom/lib/jsdom/living/events/EventTarget-impl.js:286:3)
      at HTMLUnknownElementImpl._dispatch 
(node_modules/jsdom/lib/jsdom/living/events/EventTarget-impl.js:233:9)
      at HTMLUnknownElementImpl.dispatchEvent 
(node_modules/jsdom/lib/jsdom/living/events/EventTarget-impl.js:104:17)
      at HTMLUnknownElement.dispatchEvent 
(node_modules/jsdom/lib/jsdom/living/generated/EventTarget.js:241:34)
      at Object.invokeGuardedCallbackDev 
(node_modules/react-dom/cjs/react-dom.development.js:4213:16)
      at invokeGuardedCallback 
(node_modules/react-dom/cjs/react-dom.development.js:4277:31)
      at invokeGuardedCallbackAndCatchFirstError 
(node_modules/react-dom/cjs/react-dom.development.js:4291:25)
      at executeDispatch 
(node_modules/react-dom/cjs/react-dom.development.js:9041:3)
      at processDispatchQueueItemsInOrder 
(node_modules/react-dom/cjs/react-dom.development.js:9073:7)
      at processDispatchQueue 
(node_modules/react-dom/cjs/react-dom.development.js:9086:5)
      at dispatchEventsForPlugins 
(node_modules/react-dom/cjs/react-dom.development.js:9097:3)
      at node_modules/react-dom/cjs/react-dom.development.js:9288:12
      at batchedUpdates$1 
(node_modules/react-dom/cjs/react-dom.development.js:26179:12)
      at batchedUpdates 
(node_modules/react-dom/cjs/react-dom.development.js:3991:12)
      at dispatchEventForPluginEventSystem 
(node_modules/react-dom/cjs/react-dom.development.js:9287:3)
      at dispatchEventWithEnableCapturePhaseSelectiveHydrationWithoutDiscreteEv
entReplay (node_modules/react-dom/cjs/react-dom.development.js:6465:5)
      at dispatchEvent 
(node_modules/react-dom/cjs/react-dom.development.js:6457:5)
      at dispatchDiscreteEvent 
(node_modules/react-dom/cjs/react-dom.development.js:6430:5)
      at HTMLDivElement.callTheUserObjectsOperation 
(node_modules/jsdom/lib/jsdom/living/generated/EventListener.js:26:30)
      at innerInvokeEventListeners 
(node_modules/jsdom/lib/jsdom/living/events/EventTarget-impl.js:350:25)
      at invokeEventListeners 
(node_modules/jsdom/lib/jsdom/living/events/EventTarget-impl.js:286:3)
      at HTMLInputElementImpl._dispatch 
(node_modules/jsdom/lib/jsdom/living/events/EventTarget-impl.js:233:9)
      at HTMLInputElementImpl.dispatchEvent 
(node_modules/jsdom/lib/jsdom/living/events/EventTarget-impl.js:104:17)
      at HTMLInputElement.dispatchEvent 
(node_modules/jsdom/lib/jsdom/living/generated/EventTarget.js:241:34)
      at 
node_modules/@testing-library/user-event/dist/cjs/event/dispatchEvent.js:45:43
      at Object.eventWrapper 
(node_modules/@testing-library/dom/dist/config.js:25:23)
      at Object.wrapEvent 
(node_modules/@testing-library/user-event/dist/cjs/event/wrapEvent.js:6:28)
      at Object.dispatchEvent (node_modules/@testing-library/user-event/dist/cj
s/event/dispatchEvent.js:45:22)
      at Object.dispatchUIEvent (node_modules/@testing-library/user-event/dist/
cjs/event/dispatchEvent.js:22:26)
      at commitInput 
(node_modules/@testing-library/user-event/dist/cjs/event/input.js:145:14)
      at editInputElement 
(node_modules/@testing-library/user-event/dist/cjs/event/input.js:115:9)
      at Object.input 
(node_modules/@testing-library/user-event/dist/cjs/event/input.js:37:9)
      at node_modules/@testing-library/user-event/dist/cjs/event/behavior/keypr
ess.js:31:26
      at Object.dispatchEvent (node_modules/@testing-library/user-event/dist/cj
s/event/dispatchEvent.js:41:13)
      at Object.dispatchUIEvent (node_modules/@testing-library/user-event/dist/
cjs/event/dispatchEvent.js:22:26)
      at KeyboardHost.keydown 
(node_modules/@testing-library/user-event/dist/cjs/system/keyboard.js:76:22)
      at keyboardAction 
(node_modules/@testing-library/user-event/dist/cjs/keyboard/index.js:22:35)
      at Object.keyboard 
(node_modules/@testing-library/user-event/dist/cjs/keyboard/index.js:11:15)
      at Object.type 
(node_modules/@testing-library/user-event/dist/cjs/utility/type.js:17:5)
      at Object.<anonymous> (src/auth/auth.test.tsx:266:9)

    console.error
      Warning: An update to LoginForm inside a test was not wrapped in 
act(...).
      
      When testing, code that causes React state updates should be wrapped 
into act(...):
      
      act(() => {
        /* fire events that update state */
      });
      /* assert on the output */
      
      This ensures that you're testing the behavior the user would see in the 
browser. Learn more at https://reactjs.org/link/wrap-tests-with-act
          at LoginForm (C:\Users\samhe\OneDrive\Desktop\Cleaned\frontend\src\au
th\LoginForm\LoginForm.tsx:41:33)
          at div
          at div
          at LoginPage
          at routeContext (C:\Users\samhe\OneDrive\Desktop\Cleaned\frontend\nod
e_modules\react-router\lib\hooks.tsx:658:26)
          at children (C:\Users\samhe\OneDrive\Desktop\Cleaned\frontend\node_mo
dules\react-router\lib\components.tsx:512:3)
          at basenameProp (C:\Users\samhe\OneDrive\Desktop\Cleaned\frontend\nod
e_modules\react-router\lib\components.tsx:421:13)
          at basename (C:\Users\samhe\OneDrive\Desktop\Cleaned\frontend\node_mo
dules\react-router\lib\components.tsx:225:3)

      141 |                         placeholder="Enter your password"
      142 |                         value={password}
    > 143 |                         onChange={(e) => 
setPassword(e.target.value)}
          |                                          ^
      144 |                         className="w-full rounded-md border 
border-gray-300 px-3 py-2 pr-10 text-sm focus:outline-none focus:ring-2 
focus:ring-gray-900 disabled:opacity-50"
      145 |                     />
      146 |                     <button

      at printWarning 
(node_modules/react-dom/cjs/react-dom.development.js:86:30)
      at error (node_modules/react-dom/cjs/react-dom.development.js:60:7)
      at warnIfUpdatesNotWrappedWithActDEV 
(node_modules/react-dom/cjs/react-dom.development.js:27628:9)
      at scheduleUpdateOnFiber 
(node_modules/react-dom/cjs/react-dom.development.js:25547:5)
      at dispatchSetState 
(node_modules/react-dom/cjs/react-dom.development.js:16708:7)
      at onChange (src/auth/LoginForm/LoginForm.tsx:143:42)
      at HTMLUnknownElement.callCallback 
(node_modules/react-dom/cjs/react-dom.development.js:4164:14)
      at HTMLUnknownElement.callTheUserObjectsOperation 
(node_modules/jsdom/lib/jsdom/living/generated/EventListener.js:26:30)
      at innerInvokeEventListeners 
(node_modules/jsdom/lib/jsdom/living/events/EventTarget-impl.js:350:25)
      at invokeEventListeners 
(node_modules/jsdom/lib/jsdom/living/events/EventTarget-impl.js:286:3)
      at HTMLUnknownElementImpl._dispatch 
(node_modules/jsdom/lib/jsdom/living/events/EventTarget-impl.js:233:9)
      at HTMLUnknownElementImpl.dispatchEvent 
(node_modules/jsdom/lib/jsdom/living/events/EventTarget-impl.js:104:17)
      at HTMLUnknownElement.dispatchEvent 
(node_modules/jsdom/lib/jsdom/living/generated/EventTarget.js:241:34)
      at Object.invokeGuardedCallbackDev 
(node_modules/react-dom/cjs/react-dom.development.js:4213:16)
      at invokeGuardedCallback 
(node_modules/react-dom/cjs/react-dom.development.js:4277:31)
      at invokeGuardedCallbackAndCatchFirstError 
(node_modules/react-dom/cjs/react-dom.development.js:4291:25)
      at executeDispatch 
(node_modules/react-dom/cjs/react-dom.development.js:9041:3)
      at processDispatchQueueItemsInOrder 
(node_modules/react-dom/cjs/react-dom.development.js:9073:7)
      at processDispatchQueue 
(node_modules/react-dom/cjs/react-dom.development.js:9086:5)
      at dispatchEventsForPlugins 
(node_modules/react-dom/cjs/react-dom.development.js:9097:3)
      at node_modules/react-dom/cjs/react-dom.development.js:9288:12
      at batchedUpdates$1 
(node_modules/react-dom/cjs/react-dom.development.js:26179:12)
      at batchedUpdates 
(node_modules/react-dom/cjs/react-dom.development.js:3991:12)
      at dispatchEventForPluginEventSystem 
(node_modules/react-dom/cjs/react-dom.development.js:9287:3)
      at dispatchEventWithEnableCapturePhaseSelectiveHydrationWithoutDiscreteEv
entReplay (node_modules/react-dom/cjs/react-dom.development.js:6465:5)
      at dispatchEvent 
(node_modules/react-dom/cjs/react-dom.development.js:6457:5)
      at dispatchDiscreteEvent 
(node_modules/react-dom/cjs/react-dom.development.js:6430:5)
      at HTMLDivElement.callTheUserObjectsOperation 
(node_modules/jsdom/lib/jsdom/living/generated/EventListener.js:26:30)
      at innerInvokeEventListeners 
(node_modules/jsdom/lib/jsdom/living/events/EventTarget-impl.js:350:25)
      at invokeEventListeners 
(node_modules/jsdom/lib/jsdom/living/events/EventTarget-impl.js:286:3)
      at HTMLInputElementImpl._dispatch 
(node_modules/jsdom/lib/jsdom/living/events/EventTarget-impl.js:233:9)
      at HTMLInputElementImpl.dispatchEvent 
(node_modules/jsdom/lib/jsdom/living/events/EventTarget-impl.js:104:17)
      at HTMLInputElement.dispatchEvent 
(node_modules/jsdom/lib/jsdom/living/generated/EventTarget.js:241:34)
      at 
node_modules/@testing-library/user-event/dist/cjs/event/dispatchEvent.js:45:43
      at Object.eventWrapper 
(node_modules/@testing-library/dom/dist/config.js:25:23)
      at Object.wrapEvent 
(node_modules/@testing-library/user-event/dist/cjs/event/wrapEvent.js:6:28)
      at Object.dispatchEvent (node_modules/@testing-library/user-event/dist/cj
s/event/dispatchEvent.js:45:22)
      at Object.dispatchUIEvent (node_modules/@testing-library/user-event/dist/
cjs/event/dispatchEvent.js:22:26)
      at commitInput 
(node_modules/@testing-library/user-event/dist/cjs/event/input.js:145:14)
      at editInputElement 
(node_modules/@testing-library/user-event/dist/cjs/event/input.js:115:9)
      at Object.input 
(node_modules/@testing-library/user-event/dist/cjs/event/input.js:37:9)
      at node_modules/@testing-library/user-event/dist/cjs/event/behavior/keypr
ess.js:31:26
      at Object.dispatchEvent (node_modules/@testing-library/user-event/dist/cj
s/event/dispatchEvent.js:41:13)
      at Object.dispatchUIEvent (node_modules/@testing-library/user-event/dist/
cjs/event/dispatchEvent.js:22:26)
      at KeyboardHost.keydown 
(node_modules/@testing-library/user-event/dist/cjs/system/keyboard.js:76:22)
      at keyboardAction 
(node_modules/@testing-library/user-event/dist/cjs/keyboard/index.js:22:35)
      at Object.keyboard 
(node_modules/@testing-library/user-event/dist/cjs/keyboard/index.js:11:15)
      at Object.type 
(node_modules/@testing-library/user-event/dist/cjs/utility/type.js:17:5)
      at Object.<anonymous> (src/auth/auth.test.tsx:266:9)

    console.error
      Warning: An update to LoginForm inside a test was not wrapped in 
act(...).
      
      When testing, code that causes React state updates should be wrapped 
into act(...):
      
      act(() => {
        /* fire events that update state */
      });
      /* assert on the output */
      
      This ensures that you're testing the behavior the user would see in the 
browser. Learn more at https://reactjs.org/link/wrap-tests-with-act
          at LoginForm (C:\Users\samhe\OneDrive\Desktop\Cleaned\frontend\src\au
th\LoginForm\LoginForm.tsx:41:33)
          at div
          at div
          at LoginPage
          at routeContext (C:\Users\samhe\OneDrive\Desktop\Cleaned\frontend\nod
e_modules\react-router\lib\hooks.tsx:658:26)
          at children (C:\Users\samhe\OneDrive\Desktop\Cleaned\frontend\node_mo
dules\react-router\lib\components.tsx:512:3)
          at basenameProp (C:\Users\samhe\OneDrive\Desktop\Cleaned\frontend\nod
e_modules\react-router\lib\components.tsx:421:13)
          at basename (C:\Users\samhe\OneDrive\Desktop\Cleaned\frontend\node_mo
dules\react-router\lib\components.tsx:225:3)

      141 |                         placeholder="Enter your password"
      142 |                         value={password}
    > 143 |                         onChange={(e) => 
setPassword(e.target.value)}
          |                                          ^
      144 |                         className="w-full rounded-md border 
border-gray-300 px-3 py-2 pr-10 text-sm focus:outline-none focus:ring-2 
focus:ring-gray-900 disabled:opacity-50"
      145 |                     />
      146 |                     <button

      at printWarning 
(node_modules/react-dom/cjs/react-dom.development.js:86:30)
      at error (node_modules/react-dom/cjs/react-dom.development.js:60:7)
      at warnIfUpdatesNotWrappedWithActDEV 
(node_modules/react-dom/cjs/react-dom.development.js:27628:9)
      at scheduleUpdateOnFiber 
(node_modules/react-dom/cjs/react-dom.development.js:25547:5)
      at dispatchSetState 
(node_modules/react-dom/cjs/react-dom.development.js:16708:7)
      at onChange (src/auth/LoginForm/LoginForm.tsx:143:42)
      at HTMLUnknownElement.callCallback 
(node_modules/react-dom/cjs/react-dom.development.js:4164:14)
      at HTMLUnknownElement.callTheUserObjectsOperation 
(node_modules/jsdom/lib/jsdom/living/generated/EventListener.js:26:30)
      at innerInvokeEventListeners 
(node_modules/jsdom/lib/jsdom/living/events/EventTarget-impl.js:350:25)
      at invokeEventListeners 
(node_modules/jsdom/lib/jsdom/living/events/EventTarget-impl.js:286:3)
      at HTMLUnknownElementImpl._dispatch 
(node_modules/jsdom/lib/jsdom/living/events/EventTarget-impl.js:233:9)
      at HTMLUnknownElementImpl.dispatchEvent 
(node_modules/jsdom/lib/jsdom/living/events/EventTarget-impl.js:104:17)
      at HTMLUnknownElement.dispatchEvent 
(node_modules/jsdom/lib/jsdom/living/generated/EventTarget.js:241:34)
      at Object.invokeGuardedCallbackDev 
(node_modules/react-dom/cjs/react-dom.development.js:4213:16)
      at invokeGuardedCallback 
(node_modules/react-dom/cjs/react-dom.development.js:4277:31)
      at invokeGuardedCallbackAndCatchFirstError 
(node_modules/react-dom/cjs/react-dom.development.js:4291:25)
      at executeDispatch 
(node_modules/react-dom/cjs/react-dom.development.js:9041:3)
      at processDispatchQueueItemsInOrder 
(node_modules/react-dom/cjs/react-dom.development.js:9073:7)
      at processDispatchQueue 
(node_modules/react-dom/cjs/react-dom.development.js:9086:5)
      at dispatchEventsForPlugins 
(node_modules/react-dom/cjs/react-dom.development.js:9097:3)
      at node_modules/react-dom/cjs/react-dom.development.js:9288:12
      at batchedUpdates$1 
(node_modules/react-dom/cjs/react-dom.development.js:26179:12)
      at batchedUpdates 
(node_modules/react-dom/cjs/react-dom.development.js:3991:12)
      at dispatchEventForPluginEventSystem 
(node_modules/react-dom/cjs/react-dom.development.js:9287:3)
      at dispatchEventWithEnableCapturePhaseSelectiveHydrationWithoutDiscreteEv
entReplay (node_modules/react-dom/cjs/react-dom.development.js:6465:5)
      at dispatchEvent 
(node_modules/react-dom/cjs/react-dom.development.js:6457:5)
      at dispatchDiscreteEvent 
(node_modules/react-dom/cjs/react-dom.development.js:6430:5)
      at HTMLDivElement.callTheUserObjectsOperation 
(node_modules/jsdom/lib/jsdom/living/generated/EventListener.js:26:30)
      at innerInvokeEventListeners 
(node_modules/jsdom/lib/jsdom/living/events/EventTarget-impl.js:350:25)
      at invokeEventListeners 
(node_modules/jsdom/lib/jsdom/living/events/EventTarget-impl.js:286:3)
      at HTMLInputElementImpl._dispatch 
(node_modules/jsdom/lib/jsdom/living/events/EventTarget-impl.js:233:9)
      at HTMLInputElementImpl.dispatchEvent 
(node_modules/jsdom/lib/jsdom/living/events/EventTarget-impl.js:104:17)
      at HTMLInputElement.dispatchEvent 
(node_modules/jsdom/lib/jsdom/living/generated/EventTarget.js:241:34)
      at 
node_modules/@testing-library/user-event/dist/cjs/event/dispatchEvent.js:45:43
      at Object.eventWrapper 
(node_modules/@testing-library/dom/dist/config.js:25:23)
      at Object.wrapEvent 
(node_modules/@testing-library/user-event/dist/cjs/event/wrapEvent.js:6:28)
      at Object.dispatchEvent (node_modules/@testing-library/user-event/dist/cj
s/event/dispatchEvent.js:45:22)
      at Object.dispatchUIEvent (node_modules/@testing-library/user-event/dist/
cjs/event/dispatchEvent.js:22:26)
      at commitInput 
(node_modules/@testing-library/user-event/dist/cjs/event/input.js:145:14)
      at editInputElement 
(node_modules/@testing-library/user-event/dist/cjs/event/input.js:115:9)
      at Object.input 
(node_modules/@testing-library/user-event/dist/cjs/event/input.js:37:9)
      at node_modules/@testing-library/user-event/dist/cjs/event/behavior/keypr
ess.js:31:26
      at Object.dispatchEvent (node_modules/@testing-library/user-event/dist/cj
s/event/dispatchEvent.js:41:13)
      at Object.dispatchUIEvent (node_modules/@testing-library/user-event/dist/
cjs/event/dispatchEvent.js:22:26)
      at KeyboardHost.keydown 
(node_modules/@testing-library/user-event/dist/cjs/system/keyboard.js:76:22)
      at keyboardAction 
(node_modules/@testing-library/user-event/dist/cjs/keyboard/index.js:22:35)
      at Object.keyboard 
(node_modules/@testing-library/user-event/dist/cjs/keyboard/index.js:11:15)
      at Object.type 
(node_modules/@testing-library/user-event/dist/cjs/utility/type.js:17:5)
      at Object.<anonymous> (src/auth/auth.test.tsx:266:9)

    console.error
      Warning: An update to LoginForm inside a test was not wrapped in 
act(...).
      
      When testing, code that causes React state updates should be wrapped 
into act(...):
      
      act(() => {
        /* fire events that update state */
      });
      /* assert on the output */
      
      This ensures that you're testing the behavior the user would see in the 
browser. Learn more at https://reactjs.org/link/wrap-tests-with-act
          at LoginForm (C:\Users\samhe\OneDrive\Desktop\Cleaned\frontend\src\au
th\LoginForm\LoginForm.tsx:41:33)
          at div
          at div
          at LoginPage
          at routeContext (C:\Users\samhe\OneDrive\Desktop\Cleaned\frontend\nod
e_modules\react-router\lib\hooks.tsx:658:26)
          at children (C:\Users\samhe\OneDrive\Desktop\Cleaned\frontend\node_mo
dules\react-router\lib\components.tsx:512:3)
          at basenameProp (C:\Users\samhe\OneDrive\Desktop\Cleaned\frontend\nod
e_modules\react-router\lib\components.tsx:421:13)
          at basename (C:\Users\samhe\OneDrive\Desktop\Cleaned\frontend\node_mo
dules\react-router\lib\components.tsx:225:3)

      141 |                         placeholder="Enter your password"
      142 |                         value={password}
    > 143 |                         onChange={(e) => 
setPassword(e.target.value)}
          |                                          ^
      144 |                         className="w-full rounded-md border 
border-gray-300 px-3 py-2 pr-10 text-sm focus:outline-none focus:ring-2 
focus:ring-gray-900 disabled:opacity-50"
      145 |                     />
      146 |                     <button

      at printWarning 
(node_modules/react-dom/cjs/react-dom.development.js:86:30)
      at error (node_modules/react-dom/cjs/react-dom.development.js:60:7)
      at warnIfUpdatesNotWrappedWithActDEV 
(node_modules/react-dom/cjs/react-dom.development.js:27628:9)
      at scheduleUpdateOnFiber 
(node_modules/react-dom/cjs/react-dom.development.js:25547:5)
      at dispatchSetState 
(node_modules/react-dom/cjs/react-dom.development.js:16708:7)
      at onChange (src/auth/LoginForm/LoginForm.tsx:143:42)
      at HTMLUnknownElement.callCallback 
(node_modules/react-dom/cjs/react-dom.development.js:4164:14)
      at HTMLUnknownElement.callTheUserObjectsOperation 
(node_modules/jsdom/lib/jsdom/living/generated/EventListener.js:26:30)
      at innerInvokeEventListeners 
(node_modules/jsdom/lib/jsdom/living/events/EventTarget-impl.js:350:25)
      at invokeEventListeners 
(node_modules/jsdom/lib/jsdom/living/events/EventTarget-impl.js:286:3)
      at HTMLUnknownElementImpl._dispatch 
(node_modules/jsdom/lib/jsdom/living/events/EventTarget-impl.js:233:9)
      at HTMLUnknownElementImpl.dispatchEvent 
(node_modules/jsdom/lib/jsdom/living/events/EventTarget-impl.js:104:17)
      at HTMLUnknownElement.dispatchEvent 
(node_modules/jsdom/lib/jsdom/living/generated/EventTarget.js:241:34)
      at Object.invokeGuardedCallbackDev 
(node_modules/react-dom/cjs/react-dom.development.js:4213:16)
      at invokeGuardedCallback 
(node_modules/react-dom/cjs/react-dom.development.js:4277:31)
      at invokeGuardedCallbackAndCatchFirstError 
(node_modules/react-dom/cjs/react-dom.development.js:4291:25)
      at executeDispatch 
(node_modules/react-dom/cjs/react-dom.development.js:9041:3)
      at processDispatchQueueItemsInOrder 
(node_modules/react-dom/cjs/react-dom.development.js:9073:7)
      at processDispatchQueue 
(node_modules/react-dom/cjs/react-dom.development.js:9086:5)
      at dispatchEventsForPlugins 
(node_modules/react-dom/cjs/react-dom.development.js:9097:3)
      at node_modules/react-dom/cjs/react-dom.development.js:9288:12
      at batchedUpdates$1 
(node_modules/react-dom/cjs/react-dom.development.js:26179:12)
      at batchedUpdates 
(node_modules/react-dom/cjs/react-dom.development.js:3991:12)
      at dispatchEventForPluginEventSystem 
(node_modules/react-dom/cjs/react-dom.development.js:9287:3)
      at dispatchEventWithEnableCapturePhaseSelectiveHydrationWithoutDiscreteEv
entReplay (node_modules/react-dom/cjs/react-dom.development.js:6465:5)
      at dispatchEvent 
(node_modules/react-dom/cjs/react-dom.development.js:6457:5)
      at dispatchDiscreteEvent 
(node_modules/react-dom/cjs/react-dom.development.js:6430:5)
      at HTMLDivElement.callTheUserObjectsOperation 
(node_modules/jsdom/lib/jsdom/living/generated/EventListener.js:26:30)
      at innerInvokeEventListeners 
(node_modules/jsdom/lib/jsdom/living/events/EventTarget-impl.js:350:25)
      at invokeEventListeners 
(node_modules/jsdom/lib/jsdom/living/events/EventTarget-impl.js:286:3)
      at HTMLInputElementImpl._dispatch 
(node_modules/jsdom/lib/jsdom/living/events/EventTarget-impl.js:233:9)
      at HTMLInputElementImpl.dispatchEvent 
(node_modules/jsdom/lib/jsdom/living/events/EventTarget-impl.js:104:17)
      at HTMLInputElement.dispatchEvent 
(node_modules/jsdom/lib/jsdom/living/generated/EventTarget.js:241:34)
      at 
node_modules/@testing-library/user-event/dist/cjs/event/dispatchEvent.js:45:43
      at Object.eventWrapper 
(node_modules/@testing-library/dom/dist/config.js:25:23)
      at Object.wrapEvent 
(node_modules/@testing-library/user-event/dist/cjs/event/wrapEvent.js:6:28)
      at Object.dispatchEvent (node_modules/@testing-library/user-event/dist/cj
s/event/dispatchEvent.js:45:22)
      at Object.dispatchUIEvent (node_modules/@testing-library/user-event/dist/
cjs/event/dispatchEvent.js:22:26)
      at commitInput 
(node_modules/@testing-library/user-event/dist/cjs/event/input.js:145:14)
      at editInputElement 
(node_modules/@testing-library/user-event/dist/cjs/event/input.js:115:9)
      at Object.input 
(node_modules/@testing-library/user-event/dist/cjs/event/input.js:37:9)
      at node_modules/@testing-library/user-event/dist/cjs/event/behavior/keypr
ess.js:31:26
      at Object.dispatchEvent (node_modules/@testing-library/user-event/dist/cj
s/event/dispatchEvent.js:41:13)
      at Object.dispatchUIEvent (node_modules/@testing-library/user-event/dist/
cjs/event/dispatchEvent.js:22:26)
      at KeyboardHost.keydown 
(node_modules/@testing-library/user-event/dist/cjs/system/keyboard.js:76:22)
      at keyboardAction 
(node_modules/@testing-library/user-event/dist/cjs/keyboard/index.js:22:35)
      at Object.keyboard 
(node_modules/@testing-library/user-event/dist/cjs/keyboard/index.js:11:15)
      at Object.type 
(node_modules/@testing-library/user-event/dist/cjs/utility/type.js:17:5)
      at Object.<anonymous> (src/auth/auth.test.tsx:266:9)

    console.error
      Warning: An update to LoginForm inside a test was not wrapped in 
act(...).
      
      When testing, code that causes React state updates should be wrapped 
into act(...):
      
      act(() => {
        /* fire events that update state */
      });
      /* assert on the output */
      
      This ensures that you're testing the behavior the user would see in the 
browser. Learn more at https://reactjs.org/link/wrap-tests-with-act
          at LoginForm (C:\Users\samhe\OneDrive\Desktop\Cleaned\frontend\src\au
th\LoginForm\LoginForm.tsx:41:33)
          at div
          at div
          at LoginPage
          at routeContext (C:\Users\samhe\OneDrive\Desktop\Cleaned\frontend\nod
e_modules\react-router\lib\hooks.tsx:658:26)
          at children (C:\Users\samhe\OneDrive\Desktop\Cleaned\frontend\node_mo
dules\react-router\lib\components.tsx:512:3)
          at basenameProp (C:\Users\samhe\OneDrive\Desktop\Cleaned\frontend\nod
e_modules\react-router\lib\components.tsx:421:13)
          at basename (C:\Users\samhe\OneDrive\Desktop\Cleaned\frontend\node_mo
dules\react-router\lib\components.tsx:225:3)

      141 |                         placeholder="Enter your password"
      142 |                         value={password}
    > 143 |                         onChange={(e) => 
setPassword(e.target.value)}
          |                                          ^
      144 |                         className="w-full rounded-md border 
border-gray-300 px-3 py-2 pr-10 text-sm focus:outline-none focus:ring-2 
focus:ring-gray-900 disabled:opacity-50"
      145 |                     />
      146 |                     <button

      at printWarning 
(node_modules/react-dom/cjs/react-dom.development.js:86:30)
      at error (node_modules/react-dom/cjs/react-dom.development.js:60:7)
      at warnIfUpdatesNotWrappedWithActDEV 
(node_modules/react-dom/cjs/react-dom.development.js:27628:9)
      at scheduleUpdateOnFiber 
(node_modules/react-dom/cjs/react-dom.development.js:25547:5)
      at dispatchSetState 
(node_modules/react-dom/cjs/react-dom.development.js:16708:7)
      at onChange (src/auth/LoginForm/LoginForm.tsx:143:42)
      at HTMLUnknownElement.callCallback 
(node_modules/react-dom/cjs/react-dom.development.js:4164:14)
      at HTMLUnknownElement.callTheUserObjectsOperation 
(node_modules/jsdom/lib/jsdom/living/generated/EventListener.js:26:30)
      at innerInvokeEventListeners 
(node_modules/jsdom/lib/jsdom/living/events/EventTarget-impl.js:350:25)
      at invokeEventListeners 
(node_modules/jsdom/lib/jsdom/living/events/EventTarget-impl.js:286:3)
      at HTMLUnknownElementImpl._dispatch 
(node_modules/jsdom/lib/jsdom/living/events/EventTarget-impl.js:233:9)
      at HTMLUnknownElementImpl.dispatchEvent 
(node_modules/jsdom/lib/jsdom/living/events/EventTarget-impl.js:104:17)
      at HTMLUnknownElement.dispatchEvent 
(node_modules/jsdom/lib/jsdom/living/generated/EventTarget.js:241:34)
      at Object.invokeGuardedCallbackDev 
(node_modules/react-dom/cjs/react-dom.development.js:4213:16)
      at invokeGuardedCallback 
(node_modules/react-dom/cjs/react-dom.development.js:4277:31)
      at invokeGuardedCallbackAndCatchFirstError 
(node_modules/react-dom/cjs/react-dom.development.js:4291:25)
      at executeDispatch 
(node_modules/react-dom/cjs/react-dom.development.js:9041:3)
      at processDispatchQueueItemsInOrder 
(node_modules/react-dom/cjs/react-dom.development.js:9073:7)
      at processDispatchQueue 
(node_modules/react-dom/cjs/react-dom.development.js:9086:5)
      at dispatchEventsForPlugins 
(node_modules/react-dom/cjs/react-dom.development.js:9097:3)
      at node_modules/react-dom/cjs/react-dom.development.js:9288:12
      at batchedUpdates$1 
(node_modules/react-dom/cjs/react-dom.development.js:26179:12)
      at batchedUpdates 
(node_modules/react-dom/cjs/react-dom.development.js:3991:12)
      at dispatchEventForPluginEventSystem 
(node_modules/react-dom/cjs/react-dom.development.js:9287:3)
      at dispatchEventWithEnableCapturePhaseSelectiveHydrationWithoutDiscreteEv
entReplay (node_modules/react-dom/cjs/react-dom.development.js:6465:5)
      at dispatchEvent 
(node_modules/react-dom/cjs/react-dom.development.js:6457:5)
      at dispatchDiscreteEvent 
(node_modules/react-dom/cjs/react-dom.development.js:6430:5)
      at HTMLDivElement.callTheUserObjectsOperation 
(node_modules/jsdom/lib/jsdom/living/generated/EventListener.js:26:30)
      at innerInvokeEventListeners 
(node_modules/jsdom/lib/jsdom/living/events/EventTarget-impl.js:350:25)
      at invokeEventListeners 
(node_modules/jsdom/lib/jsdom/living/events/EventTarget-impl.js:286:3)
      at HTMLInputElementImpl._dispatch 
(node_modules/jsdom/lib/jsdom/living/events/EventTarget-impl.js:233:9)
      at HTMLInputElementImpl.dispatchEvent 
(node_modules/jsdom/lib/jsdom/living/events/EventTarget-impl.js:104:17)
      at HTMLInputElement.dispatchEvent 
(node_modules/jsdom/lib/jsdom/living/generated/EventTarget.js:241:34)
      at 
node_modules/@testing-library/user-event/dist/cjs/event/dispatchEvent.js:45:43
      at Object.eventWrapper 
(node_modules/@testing-library/dom/dist/config.js:25:23)
      at Object.wrapEvent 
(node_modules/@testing-library/user-event/dist/cjs/event/wrapEvent.js:6:28)
      at Object.dispatchEvent (node_modules/@testing-library/user-event/dist/cj
s/event/dispatchEvent.js:45:22)
      at Object.dispatchUIEvent (node_modules/@testing-library/user-event/dist/
cjs/event/dispatchEvent.js:22:26)
      at commitInput 
(node_modules/@testing-library/user-event/dist/cjs/event/input.js:145:14)
      at editInputElement 
(node_modules/@testing-library/user-event/dist/cjs/event/input.js:115:9)
      at Object.input 
(node_modules/@testing-library/user-event/dist/cjs/event/input.js:37:9)
      at node_modules/@testing-library/user-event/dist/cjs/event/behavior/keypr
ess.js:31:26
      at Object.dispatchEvent (node_modules/@testing-library/user-event/dist/cj
s/event/dispatchEvent.js:41:13)
      at Object.dispatchUIEvent (node_modules/@testing-library/user-event/dist/
cjs/event/dispatchEvent.js:22:26)
      at KeyboardHost.keydown 
(node_modules/@testing-library/user-event/dist/cjs/system/keyboard.js:76:22)
      at keyboardAction 
(node_modules/@testing-library/user-event/dist/cjs/keyboard/index.js:22:35)
      at Object.keyboard 
(node_modules/@testing-library/user-event/dist/cjs/keyboard/index.js:11:15)
      at Object.type 
(node_modules/@testing-library/user-event/dist/cjs/utility/type.js:17:5)
      at Object.<anonymous> (src/auth/auth.test.tsx:266:9)

    console.error
      Warning: An update to LoginForm inside a test was not wrapped in 
act(...).
      
      When testing, code that causes React state updates should be wrapped 
into act(...):
      
      act(() => {
        /* fire events that update state */
      });
      /* assert on the output */
      
      This ensures that you're testing the behavior the user would see in the 
browser. Learn more at https://reactjs.org/link/wrap-tests-with-act
          at LoginForm (C:\Users\samhe\OneDrive\Desktop\Cleaned\frontend\src\au
th\LoginForm\LoginForm.tsx:41:33)
          at div
          at div
          at LoginPage
          at routeContext (C:\Users\samhe\OneDrive\Desktop\Cleaned\frontend\nod
e_modules\react-router\lib\hooks.tsx:658:26)
          at children (C:\Users\samhe\OneDrive\Desktop\Cleaned\frontend\node_mo
dules\react-router\lib\components.tsx:512:3)
          at basenameProp (C:\Users\samhe\OneDrive\Desktop\Cleaned\frontend\nod
e_modules\react-router\lib\components.tsx:421:13)
          at basename (C:\Users\samhe\OneDrive\Desktop\Cleaned\frontend\node_mo
dules\react-router\lib\components.tsx:225:3)

      141 |                         placeholder="Enter your password"
      142 |                         value={password}
    > 143 |                         onChange={(e) => 
setPassword(e.target.value)}
          |                                          ^
      144 |                         className="w-full rounded-md border 
border-gray-300 px-3 py-2 pr-10 text-sm focus:outline-none focus:ring-2 
focus:ring-gray-900 disabled:opacity-50"
      145 |                     />
      146 |                     <button

      at printWarning 
(node_modules/react-dom/cjs/react-dom.development.js:86:30)
      at error (node_modules/react-dom/cjs/react-dom.development.js:60:7)
      at warnIfUpdatesNotWrappedWithActDEV 
(node_modules/react-dom/cjs/react-dom.development.js:27628:9)
      at scheduleUpdateOnFiber 
(node_modules/react-dom/cjs/react-dom.development.js:25547:5)
      at dispatchSetState 
(node_modules/react-dom/cjs/react-dom.development.js:16708:7)
      at onChange (src/auth/LoginForm/LoginForm.tsx:143:42)
      at HTMLUnknownElement.callCallback 
(node_modules/react-dom/cjs/react-dom.development.js:4164:14)
      at HTMLUnknownElement.callTheUserObjectsOperation 
(node_modules/jsdom/lib/jsdom/living/generated/EventListener.js:26:30)
      at innerInvokeEventListeners 
(node_modules/jsdom/lib/jsdom/living/events/EventTarget-impl.js:350:25)
      at invokeEventListeners 
(node_modules/jsdom/lib/jsdom/living/events/EventTarget-impl.js:286:3)
      at HTMLUnknownElementImpl._dispatch 
(node_modules/jsdom/lib/jsdom/living/events/EventTarget-impl.js:233:9)
      at HTMLUnknownElementImpl.dispatchEvent 
(node_modules/jsdom/lib/jsdom/living/events/EventTarget-impl.js:104:17)
      at HTMLUnknownElement.dispatchEvent 
(node_modules/jsdom/lib/jsdom/living/generated/EventTarget.js:241:34)
      at Object.invokeGuardedCallbackDev 
(node_modules/react-dom/cjs/react-dom.development.js:4213:16)
      at invokeGuardedCallback 
(node_modules/react-dom/cjs/react-dom.development.js:4277:31)
      at invokeGuardedCallbackAndCatchFirstError 
(node_modules/react-dom/cjs/react-dom.development.js:4291:25)
      at executeDispatch 
(node_modules/react-dom/cjs/react-dom.development.js:9041:3)
      at processDispatchQueueItemsInOrder 
(node_modules/react-dom/cjs/react-dom.development.js:9073:7)
      at processDispatchQueue 
(node_modules/react-dom/cjs/react-dom.development.js:9086:5)
      at dispatchEventsForPlugins 
(node_modules/react-dom/cjs/react-dom.development.js:9097:3)
      at node_modules/react-dom/cjs/react-dom.development.js:9288:12
      at batchedUpdates$1 
(node_modules/react-dom/cjs/react-dom.development.js:26179:12)
      at batchedUpdates 
(node_modules/react-dom/cjs/react-dom.development.js:3991:12)
      at dispatchEventForPluginEventSystem 
(node_modules/react-dom/cjs/react-dom.development.js:9287:3)
      at dispatchEventWithEnableCapturePhaseSelectiveHydrationWithoutDiscreteEv
entReplay (node_modules/react-dom/cjs/react-dom.development.js:6465:5)
      at dispatchEvent 
(node_modules/react-dom/cjs/react-dom.development.js:6457:5)
      at dispatchDiscreteEvent 
(node_modules/react-dom/cjs/react-dom.development.js:6430:5)
      at HTMLDivElement.callTheUserObjectsOperation 
(node_modules/jsdom/lib/jsdom/living/generated/EventListener.js:26:30)
      at innerInvokeEventListeners 
(node_modules/jsdom/lib/jsdom/living/events/EventTarget-impl.js:350:25)
      at invokeEventListeners 
(node_modules/jsdom/lib/jsdom/living/events/EventTarget-impl.js:286:3)
      at HTMLInputElementImpl._dispatch 
(node_modules/jsdom/lib/jsdom/living/events/EventTarget-impl.js:233:9)
      at HTMLInputElementImpl.dispatchEvent 
(node_modules/jsdom/lib/jsdom/living/events/EventTarget-impl.js:104:17)
      at HTMLInputElement.dispatchEvent 
(node_modules/jsdom/lib/jsdom/living/generated/EventTarget.js:241:34)
      at 
node_modules/@testing-library/user-event/dist/cjs/event/dispatchEvent.js:45:43
      at Object.eventWrapper 
(node_modules/@testing-library/dom/dist/config.js:25:23)
      at Object.wrapEvent 
(node_modules/@testing-library/user-event/dist/cjs/event/wrapEvent.js:6:28)
      at Object.dispatchEvent (node_modules/@testing-library/user-event/dist/cj
s/event/dispatchEvent.js:45:22)
      at Object.dispatchUIEvent (node_modules/@testing-library/user-event/dist/
cjs/event/dispatchEvent.js:22:26)
      at commitInput 
(node_modules/@testing-library/user-event/dist/cjs/event/input.js:145:14)
      at editInputElement 
(node_modules/@testing-library/user-event/dist/cjs/event/input.js:115:9)
      at Object.input 
(node_modules/@testing-library/user-event/dist/cjs/event/input.js:37:9)
      at node_modules/@testing-library/user-event/dist/cjs/event/behavior/keypr
ess.js:31:26
      at Object.dispatchEvent (node_modules/@testing-library/user-event/dist/cj
s/event/dispatchEvent.js:41:13)
      at Object.dispatchUIEvent (node_modules/@testing-library/user-event/dist/
cjs/event/dispatchEvent.js:22:26)
      at KeyboardHost.keydown 
(node_modules/@testing-library/user-event/dist/cjs/system/keyboard.js:76:22)
      at keyboardAction 
(node_modules/@testing-library/user-event/dist/cjs/keyboard/index.js:22:35)
      at Object.keyboard 
(node_modules/@testing-library/user-event/dist/cjs/keyboard/index.js:11:15)
      at Object.type 
(node_modules/@testing-library/user-event/dist/cjs/utility/type.js:17:5)
      at Object.<anonymous> (src/auth/auth.test.tsx:266:9)

    console.error
      Warning: An update to LoginForm inside a test was not wrapped in 
act(...).
      
      When testing, code that causes React state updates should be wrapped 
into act(...):
      
      act(() => {
        /* fire events that update state */
      });
      /* assert on the output */
      
      This ensures that you're testing the behavior the user would see in the 
browser. Learn more at https://reactjs.org/link/wrap-tests-with-act
          at LoginForm (C:\Users\samhe\OneDrive\Desktop\Cleaned\frontend\src\au
th\LoginForm\LoginForm.tsx:41:33)
          at div
          at div
          at LoginPage
          at routeContext (C:\Users\samhe\OneDrive\Desktop\Cleaned\frontend\nod
e_modules\react-router\lib\hooks.tsx:658:26)
          at children (C:\Users\samhe\OneDrive\Desktop\Cleaned\frontend\node_mo
dules\react-router\lib\components.tsx:512:3)
          at basenameProp (C:\Users\samhe\OneDrive\Desktop\Cleaned\frontend\nod
e_modules\react-router\lib\components.tsx:421:13)
          at basename (C:\Users\samhe\OneDrive\Desktop\Cleaned\frontend\node_mo
dules\react-router\lib\components.tsx:225:3)

      141 |                         placeholder="Enter your password"
      142 |                         value={password}
    > 143 |                         onChange={(e) => 
setPassword(e.target.value)}
          |                                          ^
      144 |                         className="w-full rounded-md border 
border-gray-300 px-3 py-2 pr-10 text-sm focus:outline-none focus:ring-2 
focus:ring-gray-900 disabled:opacity-50"
      145 |                     />
      146 |                     <button

      at printWarning 
(node_modules/react-dom/cjs/react-dom.development.js:86:30)
      at error (node_modules/react-dom/cjs/react-dom.development.js:60:7)
      at warnIfUpdatesNotWrappedWithActDEV 
(node_modules/react-dom/cjs/react-dom.development.js:27628:9)
      at scheduleUpdateOnFiber 
(node_modules/react-dom/cjs/react-dom.development.js:25547:5)
      at dispatchSetState 
(node_modules/react-dom/cjs/react-dom.development.js:16708:7)
      at onChange (src/auth/LoginForm/LoginForm.tsx:143:42)
      at HTMLUnknownElement.callCallback 
(node_modules/react-dom/cjs/react-dom.development.js:4164:14)
      at HTMLUnknownElement.callTheUserObjectsOperation 
(node_modules/jsdom/lib/jsdom/living/generated/EventListener.js:26:30)
      at innerInvokeEventListeners 
(node_modules/jsdom/lib/jsdom/living/events/EventTarget-impl.js:350:25)
      at invokeEventListeners 
(node_modules/jsdom/lib/jsdom/living/events/EventTarget-impl.js:286:3)
      at HTMLUnknownElementImpl._dispatch 
(node_modules/jsdom/lib/jsdom/living/events/EventTarget-impl.js:233:9)
      at HTMLUnknownElementImpl.dispatchEvent 
(node_modules/jsdom/lib/jsdom/living/events/EventTarget-impl.js:104:17)
      at HTMLUnknownElement.dispatchEvent 
(node_modules/jsdom/lib/jsdom/living/generated/EventTarget.js:241:34)
      at Object.invokeGuardedCallbackDev 
(node_modules/react-dom/cjs/react-dom.development.js:4213:16)
      at invokeGuardedCallback 
(node_modules/react-dom/cjs/react-dom.development.js:4277:31)
      at invokeGuardedCallbackAndCatchFirstError 
(node_modules/react-dom/cjs/react-dom.development.js:4291:25)
      at executeDispatch 
(node_modules/react-dom/cjs/react-dom.development.js:9041:3)
      at processDispatchQueueItemsInOrder 
(node_modules/react-dom/cjs/react-dom.development.js:9073:7)
      at processDispatchQueue 
(node_modules/react-dom/cjs/react-dom.development.js:9086:5)
      at dispatchEventsForPlugins 
(node_modules/react-dom/cjs/react-dom.development.js:9097:3)
      at node_modules/react-dom/cjs/react-dom.development.js:9288:12
      at batchedUpdates$1 
(node_modules/react-dom/cjs/react-dom.development.js:26179:12)
      at batchedUpdates 
(node_modules/react-dom/cjs/react-dom.development.js:3991:12)
      at dispatchEventForPluginEventSystem 
(node_modules/react-dom/cjs/react-dom.development.js:9287:3)
      at dispatchEventWithEnableCapturePhaseSelectiveHydrationWithoutDiscreteEv
entReplay (node_modules/react-dom/cjs/react-dom.development.js:6465:5)
      at dispatchEvent 
(node_modules/react-dom/cjs/react-dom.development.js:6457:5)
      at dispatchDiscreteEvent 
(node_modules/react-dom/cjs/react-dom.development.js:6430:5)
      at HTMLDivElement.callTheUserObjectsOperation 
(node_modules/jsdom/lib/jsdom/living/generated/EventListener.js:26:30)
      at innerInvokeEventListeners 
(node_modules/jsdom/lib/jsdom/living/events/EventTarget-impl.js:350:25)
      at invokeEventListeners 
(node_modules/jsdom/lib/jsdom/living/events/EventTarget-impl.js:286:3)
      at HTMLInputElementImpl._dispatch 
(node_modules/jsdom/lib/jsdom/living/events/EventTarget-impl.js:233:9)
      at HTMLInputElementImpl.dispatchEvent 
(node_modules/jsdom/lib/jsdom/living/events/EventTarget-impl.js:104:17)
      at HTMLInputElement.dispatchEvent 
(node_modules/jsdom/lib/jsdom/living/generated/EventTarget.js:241:34)
      at 
node_modules/@testing-library/user-event/dist/cjs/event/dispatchEvent.js:45:43
      at Object.eventWrapper 
(node_modules/@testing-library/dom/dist/config.js:25:23)
      at Object.wrapEvent 
(node_modules/@testing-library/user-event/dist/cjs/event/wrapEvent.js:6:28)
      at Object.dispatchEvent (node_modules/@testing-library/user-event/dist/cj
s/event/dispatchEvent.js:45:22)
      at Object.dispatchUIEvent (node_modules/@testing-library/user-event/dist/
cjs/event/dispatchEvent.js:22:26)
      at commitInput 
(node_modules/@testing-library/user-event/dist/cjs/event/input.js:145:14)
      at editInputElement 
(node_modules/@testing-library/user-event/dist/cjs/event/input.js:115:9)
      at Object.input 
(node_modules/@testing-library/user-event/dist/cjs/event/input.js:37:9)
      at node_modules/@testing-library/user-event/dist/cjs/event/behavior/keypr
ess.js:31:26
      at Object.dispatchEvent (node_modules/@testing-library/user-event/dist/cj
s/event/dispatchEvent.js:41:13)
      at Object.dispatchUIEvent (node_modules/@testing-library/user-event/dist/
cjs/event/dispatchEvent.js:22:26)
      at KeyboardHost.keydown 
(node_modules/@testing-library/user-event/dist/cjs/system/keyboard.js:76:22)
      at keyboardAction 
(node_modules/@testing-library/user-event/dist/cjs/keyboard/index.js:22:35)
      at Object.keyboard 
(node_modules/@testing-library/user-event/dist/cjs/keyboard/index.js:11:15)
      at Object.type 
(node_modules/@testing-library/user-event/dist/cjs/utility/type.js:17:5)
      at Object.<anonymous> (src/auth/auth.test.tsx:266:9)

    console.error
      Warning: An update to LoginForm inside a test was not wrapped in 
act(...).
      
      When testing, code that causes React state updates should be wrapped 
into act(...):
      
      act(() => {
        /* fire events that update state */
      });
      /* assert on the output */
      
      This ensures that you're testing the behavior the user would see in the 
browser. Learn more at https://reactjs.org/link/wrap-tests-with-act
          at LoginForm (C:\Users\samhe\OneDrive\Desktop\Cleaned\frontend\src\au
th\LoginForm\LoginForm.tsx:41:33)
          at div
          at div
          at LoginPage
          at routeContext (C:\Users\samhe\OneDrive\Desktop\Cleaned\frontend\nod
e_modules\react-router\lib\hooks.tsx:658:26)
          at children (C:\Users\samhe\OneDrive\Desktop\Cleaned\frontend\node_mo
dules\react-router\lib\components.tsx:512:3)
          at basenameProp (C:\Users\samhe\OneDrive\Desktop\Cleaned\frontend\nod
e_modules\react-router\lib\components.tsx:421:13)
          at basename (C:\Users\samhe\OneDrive\Desktop\Cleaned\frontend\node_mo
dules\react-router\lib\components.tsx:225:3)

      141 |                         placeholder="Enter your password"
      142 |                         value={password}
    > 143 |                         onChange={(e) => 
setPassword(e.target.value)}
          |                                          ^
      144 |                         className="w-full rounded-md border 
border-gray-300 px-3 py-2 pr-10 text-sm focus:outline-none focus:ring-2 
focus:ring-gray-900 disabled:opacity-50"
      145 |                     />
      146 |                     <button

      at printWarning 
(node_modules/react-dom/cjs/react-dom.development.js:86:30)
      at error (node_modules/react-dom/cjs/react-dom.development.js:60:7)
      at warnIfUpdatesNotWrappedWithActDEV 
(node_modules/react-dom/cjs/react-dom.development.js:27628:9)
      at scheduleUpdateOnFiber 
(node_modules/react-dom/cjs/react-dom.development.js:25547:5)
      at dispatchSetState 
(node_modules/react-dom/cjs/react-dom.development.js:16708:7)
      at onChange (src/auth/LoginForm/LoginForm.tsx:143:42)
      at HTMLUnknownElement.callCallback 
(node_modules/react-dom/cjs/react-dom.development.js:4164:14)
      at HTMLUnknownElement.callTheUserObjectsOperation 
(node_modules/jsdom/lib/jsdom/living/generated/EventListener.js:26:30)
      at innerInvokeEventListeners 
(node_modules/jsdom/lib/jsdom/living/events/EventTarget-impl.js:350:25)
      at invokeEventListeners 
(node_modules/jsdom/lib/jsdom/living/events/EventTarget-impl.js:286:3)
      at HTMLUnknownElementImpl._dispatch 
(node_modules/jsdom/lib/jsdom/living/events/EventTarget-impl.js:233:9)
      at HTMLUnknownElementImpl.dispatchEvent 
(node_modules/jsdom/lib/jsdom/living/events/EventTarget-impl.js:104:17)
      at HTMLUnknownElement.dispatchEvent 
(node_modules/jsdom/lib/jsdom/living/generated/EventTarget.js:241:34)
      at Object.invokeGuardedCallbackDev 
(node_modules/react-dom/cjs/react-dom.development.js:4213:16)
      at invokeGuardedCallback 
(node_modules/react-dom/cjs/react-dom.development.js:4277:31)
      at invokeGuardedCallbackAndCatchFirstError 
(node_modules/react-dom/cjs/react-dom.development.js:4291:25)
      at executeDispatch 
(node_modules/react-dom/cjs/react-dom.development.js:9041:3)
      at processDispatchQueueItemsInOrder 
(node_modules/react-dom/cjs/react-dom.development.js:9073:7)
      at processDispatchQueue 
(node_modules/react-dom/cjs/react-dom.development.js:9086:5)
      at dispatchEventsForPlugins 
(node_modules/react-dom/cjs/react-dom.development.js:9097:3)
      at node_modules/react-dom/cjs/react-dom.development.js:9288:12
      at batchedUpdates$1 
(node_modules/react-dom/cjs/react-dom.development.js:26179:12)
      at batchedUpdates 
(node_modules/react-dom/cjs/react-dom.development.js:3991:12)
      at dispatchEventForPluginEventSystem 
(node_modules/react-dom/cjs/react-dom.development.js:9287:3)
      at dispatchEventWithEnableCapturePhaseSelectiveHydrationWithoutDiscreteEv
entReplay (node_modules/react-dom/cjs/react-dom.development.js:6465:5)
      at dispatchEvent 
(node_modules/react-dom/cjs/react-dom.development.js:6457:5)
      at dispatchDiscreteEvent 
(node_modules/react-dom/cjs/react-dom.development.js:6430:5)
      at HTMLDivElement.callTheUserObjectsOperation 
(node_modules/jsdom/lib/jsdom/living/generated/EventListener.js:26:30)
      at innerInvokeEventListeners 
(node_modules/jsdom/lib/jsdom/living/events/EventTarget-impl.js:350:25)
      at invokeEventListeners 
(node_modules/jsdom/lib/jsdom/living/events/EventTarget-impl.js:286:3)
      at HTMLInputElementImpl._dispatch 
(node_modules/jsdom/lib/jsdom/living/events/EventTarget-impl.js:233:9)
      at HTMLInputElementImpl.dispatchEvent 
(node_modules/jsdom/lib/jsdom/living/events/EventTarget-impl.js:104:17)
      at HTMLInputElement.dispatchEvent 
(node_modules/jsdom/lib/jsdom/living/generated/EventTarget.js:241:34)
      at 
node_modules/@testing-library/user-event/dist/cjs/event/dispatchEvent.js:45:43
      at Object.eventWrapper 
(node_modules/@testing-library/dom/dist/config.js:25:23)
      at Object.wrapEvent 
(node_modules/@testing-library/user-event/dist/cjs/event/wrapEvent.js:6:28)
      at Object.dispatchEvent (node_modules/@testing-library/user-event/dist/cj
s/event/dispatchEvent.js:45:22)
      at Object.dispatchUIEvent (node_modules/@testing-library/user-event/dist/
cjs/event/dispatchEvent.js:22:26)
      at commitInput 
(node_modules/@testing-library/user-event/dist/cjs/event/input.js:145:14)
      at editInputElement 
(node_modules/@testing-library/user-event/dist/cjs/event/input.js:115:9)
      at Object.input 
(node_modules/@testing-library/user-event/dist/cjs/event/input.js:37:9)
      at node_modules/@testing-library/user-event/dist/cjs/event/behavior/keypr
ess.js:31:26
      at Object.dispatchEvent (node_modules/@testing-library/user-event/dist/cj
s/event/dispatchEvent.js:41:13)
      at Object.dispatchUIEvent (node_modules/@testing-library/user-event/dist/
cjs/event/dispatchEvent.js:22:26)
      at KeyboardHost.keydown 
(node_modules/@testing-library/user-event/dist/cjs/system/keyboard.js:76:22)
      at keyboardAction 
(node_modules/@testing-library/user-event/dist/cjs/keyboard/index.js:22:35)
      at Object.keyboard 
(node_modules/@testing-library/user-event/dist/cjs/keyboard/index.js:11:15)
      at Object.type 
(node_modules/@testing-library/user-event/dist/cjs/utility/type.js:17:5)
      at Object.<anonymous> (src/auth/auth.test.tsx:266:9)

    console.error
      Warning: An update to LoginForm inside a test was not wrapped in 
act(...).
      
      When testing, code that causes React state updates should be wrapped 
into act(...):
      
      act(() => {
        /* fire events that update state */
      });
      /* assert on the output */
      
      This ensures that you're testing the behavior the user would see in the 
browser. Learn more at https://reactjs.org/link/wrap-tests-with-act
          at LoginForm (C:\Users\samhe\OneDrive\Desktop\Cleaned\frontend\src\au
th\LoginForm\LoginForm.tsx:41:33)
          at div
          at div
          at LoginPage
          at routeContext (C:\Users\samhe\OneDrive\Desktop\Cleaned\frontend\nod
e_modules\react-router\lib\hooks.tsx:658:26)
          at children (C:\Users\samhe\OneDrive\Desktop\Cleaned\frontend\node_mo
dules\react-router\lib\components.tsx:512:3)
          at basenameProp (C:\Users\samhe\OneDrive\Desktop\Cleaned\frontend\nod
e_modules\react-router\lib\components.tsx:421:13)
          at basename (C:\Users\samhe\OneDrive\Desktop\Cleaned\frontend\node_mo
dules\react-router\lib\components.tsx:225:3)

      141 |                         placeholder="Enter your password"
      142 |                         value={password}
    > 143 |                         onChange={(e) => 
setPassword(e.target.value)}
          |                                          ^
      144 |                         className="w-full rounded-md border 
border-gray-300 px-3 py-2 pr-10 text-sm focus:outline-none focus:ring-2 
focus:ring-gray-900 disabled:opacity-50"
      145 |                     />
      146 |                     <button

      at printWarning 
(node_modules/react-dom/cjs/react-dom.development.js:86:30)
      at error (node_modules/react-dom/cjs/react-dom.development.js:60:7)
      at warnIfUpdatesNotWrappedWithActDEV 
(node_modules/react-dom/cjs/react-dom.development.js:27628:9)
      at scheduleUpdateOnFiber 
(node_modules/react-dom/cjs/react-dom.development.js:25547:5)
      at dispatchSetState 
(node_modules/react-dom/cjs/react-dom.development.js:16708:7)
      at onChange (src/auth/LoginForm/LoginForm.tsx:143:42)
      at HTMLUnknownElement.callCallback 
(node_modules/react-dom/cjs/react-dom.development.js:4164:14)
      at HTMLUnknownElement.callTheUserObjectsOperation 
(node_modules/jsdom/lib/jsdom/living/generated/EventListener.js:26:30)
      at innerInvokeEventListeners 
(node_modules/jsdom/lib/jsdom/living/events/EventTarget-impl.js:350:25)
      at invokeEventListeners 
(node_modules/jsdom/lib/jsdom/living/events/EventTarget-impl.js:286:3)
      at HTMLUnknownElementImpl._dispatch 
(node_modules/jsdom/lib/jsdom/living/events/EventTarget-impl.js:233:9)
      at HTMLUnknownElementImpl.dispatchEvent 
(node_modules/jsdom/lib/jsdom/living/events/EventTarget-impl.js:104:17)
      at HTMLUnknownElement.dispatchEvent 
(node_modules/jsdom/lib/jsdom/living/generated/EventTarget.js:241:34)
      at Object.invokeGuardedCallbackDev 
(node_modules/react-dom/cjs/react-dom.development.js:4213:16)
      at invokeGuardedCallback 
(node_modules/react-dom/cjs/react-dom.development.js:4277:31)
      at invokeGuardedCallbackAndCatchFirstError 
(node_modules/react-dom/cjs/react-dom.development.js:4291:25)
      at executeDispatch 
(node_modules/react-dom/cjs/react-dom.development.js:9041:3)
      at processDispatchQueueItemsInOrder 
(node_modules/react-dom/cjs/react-dom.development.js:9073:7)
      at processDispatchQueue 
(node_modules/react-dom/cjs/react-dom.development.js:9086:5)
      at dispatchEventsForPlugins 
(node_modules/react-dom/cjs/react-dom.development.js:9097:3)
      at node_modules/react-dom/cjs/react-dom.development.js:9288:12
      at batchedUpdates$1 
(node_modules/react-dom/cjs/react-dom.development.js:26179:12)
      at batchedUpdates 
(node_modules/react-dom/cjs/react-dom.development.js:3991:12)
      at dispatchEventForPluginEventSystem 
(node_modules/react-dom/cjs/react-dom.development.js:9287:3)
      at dispatchEventWithEnableCapturePhaseSelectiveHydrationWithoutDiscreteEv
entReplay (node_modules/react-dom/cjs/react-dom.development.js:6465:5)
      at dispatchEvent 
(node_modules/react-dom/cjs/react-dom.development.js:6457:5)
      at dispatchDiscreteEvent 
(node_modules/react-dom/cjs/react-dom.development.js:6430:5)
      at HTMLDivElement.callTheUserObjectsOperation 
(node_modules/jsdom/lib/jsdom/living/generated/EventListener.js:26:30)
      at innerInvokeEventListeners 
(node_modules/jsdom/lib/jsdom/living/events/EventTarget-impl.js:350:25)
      at invokeEventListeners 
(node_modules/jsdom/lib/jsdom/living/events/EventTarget-impl.js:286:3)
      at HTMLInputElementImpl._dispatch 
(node_modules/jsdom/lib/jsdom/living/events/EventTarget-impl.js:233:9)
      at HTMLInputElementImpl.dispatchEvent 
(node_modules/jsdom/lib/jsdom/living/events/EventTarget-impl.js:104:17)
      at HTMLInputElement.dispatchEvent 
(node_modules/jsdom/lib/jsdom/living/generated/EventTarget.js:241:34)
      at 
node_modules/@testing-library/user-event/dist/cjs/event/dispatchEvent.js:45:43
      at Object.eventWrapper 
(node_modules/@testing-library/dom/dist/config.js:25:23)
      at Object.wrapEvent 
(node_modules/@testing-library/user-event/dist/cjs/event/wrapEvent.js:6:28)
      at Object.dispatchEvent (node_modules/@testing-library/user-event/dist/cj
s/event/dispatchEvent.js:45:22)
      at Object.dispatchUIEvent (node_modules/@testing-library/user-event/dist/
cjs/event/dispatchEvent.js:22:26)
      at commitInput 
(node_modules/@testing-library/user-event/dist/cjs/event/input.js:145:14)
      at editInputElement 
(node_modules/@testing-library/user-event/dist/cjs/event/input.js:115:9)
      at Object.input 
(node_modules/@testing-library/user-event/dist/cjs/event/input.js:37:9)
      at node_modules/@testing-library/user-event/dist/cjs/event/behavior/keypr
ess.js:31:26
      at Object.dispatchEvent (node_modules/@testing-library/user-event/dist/cj
s/event/dispatchEvent.js:41:13)
      at Object.dispatchUIEvent (node_modules/@testing-library/user-event/dist/
cjs/event/dispatchEvent.js:22:26)
      at KeyboardHost.keydown 
(node_modules/@testing-library/user-event/dist/cjs/system/keyboard.js:76:22)
      at keyboardAction 
(node_modules/@testing-library/user-event/dist/cjs/keyboard/index.js:22:35)
      at Object.keyboard 
(node_modules/@testing-library/user-event/dist/cjs/keyboard/index.js:11:15)
      at Object.type 
(node_modules/@testing-library/user-event/dist/cjs/utility/type.js:17:5)
      at Object.<anonymous> (src/auth/auth.test.tsx:266:9)

    console.error
      Warning: An update to LoginForm inside a test was not wrapped in 
act(...).
      
      When testing, code that causes React state updates should be wrapped 
into act(...):
      
      act(() => {
        /* fire events that update state */
      });
      /* assert on the output */
      
      This ensures that you're testing the behavior the user would see in the 
browser. Learn more at https://reactjs.org/link/wrap-tests-with-act
          at LoginForm (C:\Users\samhe\OneDrive\Desktop\Cleaned\frontend\src\au
th\LoginForm\LoginForm.tsx:41:33)
          at div
          at div
          at LoginPage
          at routeContext (C:\Users\samhe\OneDrive\Desktop\Cleaned\frontend\nod
e_modules\react-router\lib\hooks.tsx:658:26)
          at children (C:\Users\samhe\OneDrive\Desktop\Cleaned\frontend\node_mo
dules\react-router\lib\components.tsx:512:3)
          at basenameProp (C:\Users\samhe\OneDrive\Desktop\Cleaned\frontend\nod
e_modules\react-router\lib\components.tsx:421:13)
          at basename (C:\Users\samhe\OneDrive\Desktop\Cleaned\frontend\node_mo
dules\react-router\lib\components.tsx:225:3)

      141 |                         placeholder="Enter your password"
      142 |                         value={password}
    > 143 |                         onChange={(e) => 
setPassword(e.target.value)}
          |                                          ^
      144 |                         className="w-full rounded-md border 
border-gray-300 px-3 py-2 pr-10 text-sm focus:outline-none focus:ring-2 
focus:ring-gray-900 disabled:opacity-50"
      145 |                     />
      146 |                     <button

      at printWarning 
(node_modules/react-dom/cjs/react-dom.development.js:86:30)
      at error (node_modules/react-dom/cjs/react-dom.development.js:60:7)
      at warnIfUpdatesNotWrappedWithActDEV 
(node_modules/react-dom/cjs/react-dom.development.js:27628:9)
      at scheduleUpdateOnFiber 
(node_modules/react-dom/cjs/react-dom.development.js:25547:5)
      at dispatchSetState 
(node_modules/react-dom/cjs/react-dom.development.js:16708:7)
      at onChange (src/auth/LoginForm/LoginForm.tsx:143:42)
      at HTMLUnknownElement.callCallback 
(node_modules/react-dom/cjs/react-dom.development.js:4164:14)
      at HTMLUnknownElement.callTheUserObjectsOperation 
(node_modules/jsdom/lib/jsdom/living/generated/EventListener.js:26:30)
      at innerInvokeEventListeners 
(node_modules/jsdom/lib/jsdom/living/events/EventTarget-impl.js:350:25)
      at invokeEventListeners 
(node_modules/jsdom/lib/jsdom/living/events/EventTarget-impl.js:286:3)
      at HTMLUnknownElementImpl._dispatch 
(node_modules/jsdom/lib/jsdom/living/events/EventTarget-impl.js:233:9)
      at HTMLUnknownElementImpl.dispatchEvent 
(node_modules/jsdom/lib/jsdom/living/events/EventTarget-impl.js:104:17)
      at HTMLUnknownElement.dispatchEvent 
(node_modules/jsdom/lib/jsdom/living/generated/EventTarget.js:241:34)
      at Object.invokeGuardedCallbackDev 
(node_modules/react-dom/cjs/react-dom.development.js:4213:16)
      at invokeGuardedCallback 
(node_modules/react-dom/cjs/react-dom.development.js:4277:31)
      at invokeGuardedCallbackAndCatchFirstError 
(node_modules/react-dom/cjs/react-dom.development.js:4291:25)
      at executeDispatch 
(node_modules/react-dom/cjs/react-dom.development.js:9041:3)
      at processDispatchQueueItemsInOrder 
(node_modules/react-dom/cjs/react-dom.development.js:9073:7)
      at processDispatchQueue 
(node_modules/react-dom/cjs/react-dom.development.js:9086:5)
      at dispatchEventsForPlugins 
(node_modules/react-dom/cjs/react-dom.development.js:9097:3)
      at node_modules/react-dom/cjs/react-dom.development.js:9288:12
      at batchedUpdates$1 
(node_modules/react-dom/cjs/react-dom.development.js:26179:12)
      at batchedUpdates 
(node_modules/react-dom/cjs/react-dom.development.js:3991:12)
      at dispatchEventForPluginEventSystem 
(node_modules/react-dom/cjs/react-dom.development.js:9287:3)
      at dispatchEventWithEnableCapturePhaseSelectiveHydrationWithoutDiscreteEv
entReplay (node_modules/react-dom/cjs/react-dom.development.js:6465:5)
      at dispatchEvent 
(node_modules/react-dom/cjs/react-dom.development.js:6457:5)
      at dispatchDiscreteEvent 
(node_modules/react-dom/cjs/react-dom.development.js:6430:5)
      at HTMLDivElement.callTheUserObjectsOperation 
(node_modules/jsdom/lib/jsdom/living/generated/EventListener.js:26:30)
      at innerInvokeEventListeners 
(node_modules/jsdom/lib/jsdom/living/events/EventTarget-impl.js:350:25)
      at invokeEventListeners 
(node_modules/jsdom/lib/jsdom/living/events/EventTarget-impl.js:286:3)
      at HTMLInputElementImpl._dispatch 
(node_modules/jsdom/lib/jsdom/living/events/EventTarget-impl.js:233:9)
      at HTMLInputElementImpl.dispatchEvent 
(node_modules/jsdom/lib/jsdom/living/events/EventTarget-impl.js:104:17)
      at HTMLInputElement.dispatchEvent 
(node_modules/jsdom/lib/jsdom/living/generated/EventTarget.js:241:34)
      at 
node_modules/@testing-library/user-event/dist/cjs/event/dispatchEvent.js:45:43
      at Object.eventWrapper 
(node_modules/@testing-library/dom/dist/config.js:25:23)
      at Object.wrapEvent 
(node_modules/@testing-library/user-event/dist/cjs/event/wrapEvent.js:6:28)
      at Object.dispatchEvent (node_modules/@testing-library/user-event/dist/cj
s/event/dispatchEvent.js:45:22)
      at Object.dispatchUIEvent (node_modules/@testing-library/user-event/dist/
cjs/event/dispatchEvent.js:22:26)
      at commitInput 
(node_modules/@testing-library/user-event/dist/cjs/event/input.js:145:14)
      at editInputElement 
(node_modules/@testing-library/user-event/dist/cjs/event/input.js:115:9)
      at Object.input 
(node_modules/@testing-library/user-event/dist/cjs/event/input.js:37:9)
      at node_modules/@testing-library/user-event/dist/cjs/event/behavior/keypr
ess.js:31:26
      at Object.dispatchEvent (node_modules/@testing-library/user-event/dist/cj
s/event/dispatchEvent.js:41:13)
      at Object.dispatchUIEvent (node_modules/@testing-library/user-event/dist/
cjs/event/dispatchEvent.js:22:26)
      at KeyboardHost.keydown 
(node_modules/@testing-library/user-event/dist/cjs/system/keyboard.js:76:22)
      at keyboardAction 
(node_modules/@testing-library/user-event/dist/cjs/keyboard/index.js:22:35)
      at Object.keyboard 
(node_modules/@testing-library/user-event/dist/cjs/keyboard/index.js:11:15)
      at Object.type 
(node_modules/@testing-library/user-event/dist/cjs/utility/type.js:17:5)
      at Object.<anonymous> (src/auth/auth.test.tsx:266:9)

    console.error
      Warning: An update to LoginForm inside a test was not wrapped in 
act(...).
      
      When testing, code that causes React state updates should be wrapped 
into act(...):
      
      act(() => {
        /* fire events that update state */
      });
      /* assert on the output */
      
      This ensures that you're testing the behavior the user would see in the 
browser. Learn more at https://reactjs.org/link/wrap-tests-with-act
          at LoginForm (C:\Users\samhe\OneDrive\Desktop\Cleaned\frontend\src\au
th\LoginForm\LoginForm.tsx:41:33)
          at div
          at div
          at LoginPage
          at routeContext (C:\Users\samhe\OneDrive\Desktop\Cleaned\frontend\nod
e_modules\react-router\lib\hooks.tsx:658:26)
          at children (C:\Users\samhe\OneDrive\Desktop\Cleaned\frontend\node_mo
dules\react-router\lib\components.tsx:512:3)
          at basenameProp (C:\Users\samhe\OneDrive\Desktop\Cleaned\frontend\nod
e_modules\react-router\lib\components.tsx:421:13)
          at basename (C:\Users\samhe\OneDrive\Desktop\Cleaned\frontend\node_mo
dules\react-router\lib\components.tsx:225:3)

      141 |                         placeholder="Enter your password"
      142 |                         value={password}
    > 143 |                         onChange={(e) => 
setPassword(e.target.value)}
          |                                          ^
      144 |                         className="w-full rounded-md border 
border-gray-300 px-3 py-2 pr-10 text-sm focus:outline-none focus:ring-2 
focus:ring-gray-900 disabled:opacity-50"
      145 |                     />
      146 |                     <button

      at printWarning 
(node_modules/react-dom/cjs/react-dom.development.js:86:30)
      at error (node_modules/react-dom/cjs/react-dom.development.js:60:7)
      at warnIfUpdatesNotWrappedWithActDEV 
(node_modules/react-dom/cjs/react-dom.development.js:27628:9)
      at scheduleUpdateOnFiber 
(node_modules/react-dom/cjs/react-dom.development.js:25547:5)
      at dispatchSetState 
(node_modules/react-dom/cjs/react-dom.development.js:16708:7)
      at onChange (src/auth/LoginForm/LoginForm.tsx:143:42)
      at HTMLUnknownElement.callCallback 
(node_modules/react-dom/cjs/react-dom.development.js:4164:14)
      at HTMLUnknownElement.callTheUserObjectsOperation 
(node_modules/jsdom/lib/jsdom/living/generated/EventListener.js:26:30)
      at innerInvokeEventListeners 
(node_modules/jsdom/lib/jsdom/living/events/EventTarget-impl.js:350:25)
      at invokeEventListeners 
(node_modules/jsdom/lib/jsdom/living/events/EventTarget-impl.js:286:3)
      at HTMLUnknownElementImpl._dispatch 
(node_modules/jsdom/lib/jsdom/living/events/EventTarget-impl.js:233:9)
      at HTMLUnknownElementImpl.dispatchEvent 
(node_modules/jsdom/lib/jsdom/living/events/EventTarget-impl.js:104:17)
      at HTMLUnknownElement.dispatchEvent 
(node_modules/jsdom/lib/jsdom/living/generated/EventTarget.js:241:34)
      at Object.invokeGuardedCallbackDev 
(node_modules/react-dom/cjs/react-dom.development.js:4213:16)
      at invokeGuardedCallback 
(node_modules/react-dom/cjs/react-dom.development.js:4277:31)
      at invokeGuardedCallbackAndCatchFirstError 
(node_modules/react-dom/cjs/react-dom.development.js:4291:25)
      at executeDispatch 
(node_modules/react-dom/cjs/react-dom.development.js:9041:3)
      at processDispatchQueueItemsInOrder 
(node_modules/react-dom/cjs/react-dom.development.js:9073:7)
      at processDispatchQueue 
(node_modules/react-dom/cjs/react-dom.development.js:9086:5)
      at dispatchEventsForPlugins 
(node_modules/react-dom/cjs/react-dom.development.js:9097:3)
      at node_modules/react-dom/cjs/react-dom.development.js:9288:12
      at batchedUpdates$1 
(node_modules/react-dom/cjs/react-dom.development.js:26179:12)
      at batchedUpdates 
(node_modules/react-dom/cjs/react-dom.development.js:3991:12)
      at dispatchEventForPluginEventSystem 
(node_modules/react-dom/cjs/react-dom.development.js:9287:3)
      at dispatchEventWithEnableCapturePhaseSelectiveHydrationWithoutDiscreteEv
entReplay (node_modules/react-dom/cjs/react-dom.development.js:6465:5)
      at dispatchEvent 
(node_modules/react-dom/cjs/react-dom.development.js:6457:5)
      at dispatchDiscreteEvent 
(node_modules/react-dom/cjs/react-dom.development.js:6430:5)
      at HTMLDivElement.callTheUserObjectsOperation 
(node_modules/jsdom/lib/jsdom/living/generated/EventListener.js:26:30)
      at innerInvokeEventListeners 
(node_modules/jsdom/lib/jsdom/living/events/EventTarget-impl.js:350:25)
      at invokeEventListeners 
(node_modules/jsdom/lib/jsdom/living/events/EventTarget-impl.js:286:3)
      at HTMLInputElementImpl._dispatch 
(node_modules/jsdom/lib/jsdom/living/events/EventTarget-impl.js:233:9)
      at HTMLInputElementImpl.dispatchEvent 
(node_modules/jsdom/lib/jsdom/living/events/EventTarget-impl.js:104:17)
      at HTMLInputElement.dispatchEvent 
(node_modules/jsdom/lib/jsdom/living/generated/EventTarget.js:241:34)
      at 
node_modules/@testing-library/user-event/dist/cjs/event/dispatchEvent.js:45:43
      at Object.eventWrapper 
(node_modules/@testing-library/dom/dist/config.js:25:23)
      at Object.wrapEvent 
(node_modules/@testing-library/user-event/dist/cjs/event/wrapEvent.js:6:28)
      at Object.dispatchEvent (node_modules/@testing-library/user-event/dist/cj
s/event/dispatchEvent.js:45:22)
      at Object.dispatchUIEvent (node_modules/@testing-library/user-event/dist/
cjs/event/dispatchEvent.js:22:26)
      at commitInput 
(node_modules/@testing-library/user-event/dist/cjs/event/input.js:145:14)
      at editInputElement 
(node_modules/@testing-library/user-event/dist/cjs/event/input.js:115:9)
      at Object.input 
(node_modules/@testing-library/user-event/dist/cjs/event/input.js:37:9)
      at node_modules/@testing-library/user-event/dist/cjs/event/behavior/keypr
ess.js:31:26
      at Object.dispatchEvent (node_modules/@testing-library/user-event/dist/cj
s/event/dispatchEvent.js:41:13)
      at Object.dispatchUIEvent (node_modules/@testing-library/user-event/dist/
cjs/event/dispatchEvent.js:22:26)
      at KeyboardHost.keydown 
(node_modules/@testing-library/user-event/dist/cjs/system/keyboard.js:76:22)
      at keyboardAction 
(node_modules/@testing-library/user-event/dist/cjs/keyboard/index.js:22:35)
      at Object.keyboard 
(node_modules/@testing-library/user-event/dist/cjs/keyboard/index.js:11:15)
      at Object.type 
(node_modules/@testing-library/user-event/dist/cjs/utility/type.js:17:5)
      at Object.<anonymous> (src/auth/auth.test.tsx:266:9)

    console.error
      Warning: An update to LoginForm inside a test was not wrapped in 
act(...).
      
      When testing, code that causes React state updates should be wrapped 
into act(...):
      
      act(() => {
        /* fire events that update state */
      });
      /* assert on the output */
      
      This ensures that you're testing the behavior the user would see in the 
browser. Learn more at https://reactjs.org/link/wrap-tests-with-act
          at LoginForm (C:\Users\samhe\OneDrive\Desktop\Cleaned\frontend\src\au
th\LoginForm\LoginForm.tsx:41:33)
          at div
          at div
          at LoginPage
          at routeContext (C:\Users\samhe\OneDrive\Desktop\Cleaned\frontend\nod
e_modules\react-router\lib\hooks.tsx:658:26)
          at children (C:\Users\samhe\OneDrive\Desktop\Cleaned\frontend\node_mo
dules\react-router\lib\components.tsx:512:3)
          at basenameProp (C:\Users\samhe\OneDrive\Desktop\Cleaned\frontend\nod
e_modules\react-router\lib\components.tsx:421:13)
          at basename (C:\Users\samhe\OneDrive\Desktop\Cleaned\frontend\node_mo
dules\react-router\lib\components.tsx:225:3)

      141 |                         placeholder="Enter your password"
      142 |                         value={password}
    > 143 |                         onChange={(e) => 
setPassword(e.target.value)}
          |                                          ^
      144 |                         className="w-full rounded-md border 
border-gray-300 px-3 py-2 pr-10 text-sm focus:outline-none focus:ring-2 
focus:ring-gray-900 disabled:opacity-50"
      145 |                     />
      146 |                     <button

      at printWarning 
(node_modules/react-dom/cjs/react-dom.development.js:86:30)
      at error (node_modules/react-dom/cjs/react-dom.development.js:60:7)
      at warnIfUpdatesNotWrappedWithActDEV 
(node_modules/react-dom/cjs/react-dom.development.js:27628:9)
      at scheduleUpdateOnFiber 
(node_modules/react-dom/cjs/react-dom.development.js:25547:5)
      at dispatchSetState 
(node_modules/react-dom/cjs/react-dom.development.js:16708:7)
      at onChange (src/auth/LoginForm/LoginForm.tsx:143:42)
      at HTMLUnknownElement.callCallback 
(node_modules/react-dom/cjs/react-dom.development.js:4164:14)
      at HTMLUnknownElement.callTheUserObjectsOperation 
(node_modules/jsdom/lib/jsdom/living/generated/EventListener.js:26:30)
      at innerInvokeEventListeners 
(node_modules/jsdom/lib/jsdom/living/events/EventTarget-impl.js:350:25)
      at invokeEventListeners 
(node_modules/jsdom/lib/jsdom/living/events/EventTarget-impl.js:286:3)
      at HTMLUnknownElementImpl._dispatch 
(node_modules/jsdom/lib/jsdom/living/events/EventTarget-impl.js:233:9)
      at HTMLUnknownElementImpl.dispatchEvent 
(node_modules/jsdom/lib/jsdom/living/events/EventTarget-impl.js:104:17)
      at HTMLUnknownElement.dispatchEvent 
(node_modules/jsdom/lib/jsdom/living/generated/EventTarget.js:241:34)
      at Object.invokeGuardedCallbackDev 
(node_modules/react-dom/cjs/react-dom.development.js:4213:16)
      at invokeGuardedCallback 
(node_modules/react-dom/cjs/react-dom.development.js:4277:31)
      at invokeGuardedCallbackAndCatchFirstError 
(node_modules/react-dom/cjs/react-dom.development.js:4291:25)
      at executeDispatch 
(node_modules/react-dom/cjs/react-dom.development.js:9041:3)
      at processDispatchQueueItemsInOrder 
(node_modules/react-dom/cjs/react-dom.development.js:9073:7)
      at processDispatchQueue 
(node_modules/react-dom/cjs/react-dom.development.js:9086:5)
      at dispatchEventsForPlugins 
(node_modules/react-dom/cjs/react-dom.development.js:9097:3)
      at node_modules/react-dom/cjs/react-dom.development.js:9288:12
      at batchedUpdates$1 
(node_modules/react-dom/cjs/react-dom.development.js:26179:12)
      at batchedUpdates 
(node_modules/react-dom/cjs/react-dom.development.js:3991:12)
      at dispatchEventForPluginEventSystem 
(node_modules/react-dom/cjs/react-dom.development.js:9287:3)
      at dispatchEventWithEnableCapturePhaseSelectiveHydrationWithoutDiscreteEv
entReplay (node_modules/react-dom/cjs/react-dom.development.js:6465:5)
      at dispatchEvent 
(node_modules/react-dom/cjs/react-dom.development.js:6457:5)
      at dispatchDiscreteEvent 
(node_modules/react-dom/cjs/react-dom.development.js:6430:5)
      at HTMLDivElement.callTheUserObjectsOperation 
(node_modules/jsdom/lib/jsdom/living/generated/EventListener.js:26:30)
      at innerInvokeEventListeners 
(node_modules/jsdom/lib/jsdom/living/events/EventTarget-impl.js:350:25)
      at invokeEventListeners 
(node_modules/jsdom/lib/jsdom/living/events/EventTarget-impl.js:286:3)
      at HTMLInputElementImpl._dispatch 
(node_modules/jsdom/lib/jsdom/living/events/EventTarget-impl.js:233:9)
      at HTMLInputElementImpl.dispatchEvent 
(node_modules/jsdom/lib/jsdom/living/events/EventTarget-impl.js:104:17)
      at HTMLInputElement.dispatchEvent 
(node_modules/jsdom/lib/jsdom/living/generated/EventTarget.js:241:34)
      at 
node_modules/@testing-library/user-event/dist/cjs/event/dispatchEvent.js:45:43
      at Object.eventWrapper 
(node_modules/@testing-library/dom/dist/config.js:25:23)
      at Object.wrapEvent 
(node_modules/@testing-library/user-event/dist/cjs/event/wrapEvent.js:6:28)
      at Object.dispatchEvent (node_modules/@testing-library/user-event/dist/cj
s/event/dispatchEvent.js:45:22)
      at Object.dispatchUIEvent (node_modules/@testing-library/user-event/dist/
cjs/event/dispatchEvent.js:22:26)
      at commitInput 
(node_modules/@testing-library/user-event/dist/cjs/event/input.js:145:14)
      at editInputElement 
(node_modules/@testing-library/user-event/dist/cjs/event/input.js:115:9)
      at Object.input 
(node_modules/@testing-library/user-event/dist/cjs/event/input.js:37:9)
      at node_modules/@testing-library/user-event/dist/cjs/event/behavior/keypr
ess.js:31:26
      at Object.dispatchEvent (node_modules/@testing-library/user-event/dist/cj
s/event/dispatchEvent.js:41:13)
      at Object.dispatchUIEvent (node_modules/@testing-library/user-event/dist/
cjs/event/dispatchEvent.js:22:26)
      at KeyboardHost.keydown 
(node_modules/@testing-library/user-event/dist/cjs/system/keyboard.js:76:22)
      at keyboardAction 
(node_modules/@testing-library/user-event/dist/cjs/keyboard/index.js:22:35)
      at Object.keyboard 
(node_modules/@testing-library/user-event/dist/cjs/keyboard/index.js:11:15)
      at Object.type 
(node_modules/@testing-library/user-event/dist/cjs/utility/type.js:17:5)
      at Object.<anonymous> (src/auth/auth.test.tsx:266:9)

    console.error
      Warning: An update to LoginForm inside a test was not wrapped in 
act(...).
      
      When testing, code that causes React state updates should be wrapped 
into act(...):
      
      act(() => {
        /* fire events that update state */
      });
      /* assert on the output */
      
      This ensures that you're testing the behavior the user would see in the 
browser. Learn more at https://reactjs.org/link/wrap-tests-with-act
          at LoginForm (C:\Users\samhe\OneDrive\Desktop\Cleaned\frontend\src\au
th\LoginForm\LoginForm.tsx:41:33)
          at div
          at div
          at LoginPage
          at routeContext (C:\Users\samhe\OneDrive\Desktop\Cleaned\frontend\nod
e_modules\react-router\lib\hooks.tsx:658:26)
          at children (C:\Users\samhe\OneDrive\Desktop\Cleaned\frontend\node_mo
dules\react-router\lib\components.tsx:512:3)
          at basenameProp (C:\Users\samhe\OneDrive\Desktop\Cleaned\frontend\nod
e_modules\react-router\lib\components.tsx:421:13)
          at basename (C:\Users\samhe\OneDrive\Desktop\Cleaned\frontend\node_mo
dules\react-router\lib\components.tsx:225:3)

      141 |                         placeholder="Enter your password"
      142 |                         value={password}
    > 143 |                         onChange={(e) => 
setPassword(e.target.value)}
          |                                          ^
      144 |                         className="w-full rounded-md border 
border-gray-300 px-3 py-2 pr-10 text-sm focus:outline-none focus:ring-2 
focus:ring-gray-900 disabled:opacity-50"
      145 |                     />
      146 |                     <button

      at printWarning 
(node_modules/react-dom/cjs/react-dom.development.js:86:30)
      at error (node_modules/react-dom/cjs/react-dom.development.js:60:7)
      at warnIfUpdatesNotWrappedWithActDEV 
(node_modules/react-dom/cjs/react-dom.development.js:27628:9)
      at scheduleUpdateOnFiber 
(node_modules/react-dom/cjs/react-dom.development.js:25547:5)
      at dispatchSetState 
(node_modules/react-dom/cjs/react-dom.development.js:16708:7)
      at onChange (src/auth/LoginForm/LoginForm.tsx:143:42)
      at HTMLUnknownElement.callCallback 
(node_modules/react-dom/cjs/react-dom.development.js:4164:14)
      at HTMLUnknownElement.callTheUserObjectsOperation 
(node_modules/jsdom/lib/jsdom/living/generated/EventListener.js:26:30)
      at innerInvokeEventListeners 
(node_modules/jsdom/lib/jsdom/living/events/EventTarget-impl.js:350:25)
      at invokeEventListeners 
(node_modules/jsdom/lib/jsdom/living/events/EventTarget-impl.js:286:3)
      at HTMLUnknownElementImpl._dispatch 
(node_modules/jsdom/lib/jsdom/living/events/EventTarget-impl.js:233:9)
      at HTMLUnknownElementImpl.dispatchEvent 
(node_modules/jsdom/lib/jsdom/living/events/EventTarget-impl.js:104:17)
      at HTMLUnknownElement.dispatchEvent 
(node_modules/jsdom/lib/jsdom/living/generated/EventTarget.js:241:34)
      at Object.invokeGuardedCallbackDev 
(node_modules/react-dom/cjs/react-dom.development.js:4213:16)
      at invokeGuardedCallback 
(node_modules/react-dom/cjs/react-dom.development.js:4277:31)
      at invokeGuardedCallbackAndCatchFirstError 
(node_modules/react-dom/cjs/react-dom.development.js:4291:25)
      at executeDispatch 
(node_modules/react-dom/cjs/react-dom.development.js:9041:3)
      at processDispatchQueueItemsInOrder 
(node_modules/react-dom/cjs/react-dom.development.js:9073:7)
      at processDispatchQueue 
(node_modules/react-dom/cjs/react-dom.development.js:9086:5)
      at dispatchEventsForPlugins 
(node_modules/react-dom/cjs/react-dom.development.js:9097:3)
      at node_modules/react-dom/cjs/react-dom.development.js:9288:12
      at batchedUpdates$1 
(node_modules/react-dom/cjs/react-dom.development.js:26179:12)
      at batchedUpdates 
(node_modules/react-dom/cjs/react-dom.development.js:3991:12)
      at dispatchEventForPluginEventSystem 
(node_modules/react-dom/cjs/react-dom.development.js:9287:3)
      at dispatchEventWithEnableCapturePhaseSelectiveHydrationWithoutDiscreteEv
entReplay (node_modules/react-dom/cjs/react-dom.development.js:6465:5)
      at dispatchEvent 
(node_modules/react-dom/cjs/react-dom.development.js:6457:5)
      at dispatchDiscreteEvent 
(node_modules/react-dom/cjs/react-dom.development.js:6430:5)
      at HTMLDivElement.callTheUserObjectsOperation 
(node_modules/jsdom/lib/jsdom/living/generated/EventListener.js:26:30)
      at innerInvokeEventListeners 
(node_modules/jsdom/lib/jsdom/living/events/EventTarget-impl.js:350:25)
      at invokeEventListeners 
(node_modules/jsdom/lib/jsdom/living/events/EventTarget-impl.js:286:3)
      at HTMLInputElementImpl._dispatch 
(node_modules/jsdom/lib/jsdom/living/events/EventTarget-impl.js:233:9)
      at HTMLInputElementImpl.dispatchEvent 
(node_modules/jsdom/lib/jsdom/living/events/EventTarget-impl.js:104:17)
      at HTMLInputElement.dispatchEvent 
(node_modules/jsdom/lib/jsdom/living/generated/EventTarget.js:241:34)
      at 
node_modules/@testing-library/user-event/dist/cjs/event/dispatchEvent.js:45:43
      at Object.eventWrapper 
(node_modules/@testing-library/dom/dist/config.js:25:23)
      at Object.wrapEvent 
(node_modules/@testing-library/user-event/dist/cjs/event/wrapEvent.js:6:28)
      at Object.dispatchEvent (node_modules/@testing-library/user-event/dist/cj
s/event/dispatchEvent.js:45:22)
      at Object.dispatchUIEvent (node_modules/@testing-library/user-event/dist/
cjs/event/dispatchEvent.js:22:26)
      at commitInput 
(node_modules/@testing-library/user-event/dist/cjs/event/input.js:145:14)
      at editInputElement 
(node_modules/@testing-library/user-event/dist/cjs/event/input.js:115:9)
      at Object.input 
(node_modules/@testing-library/user-event/dist/cjs/event/input.js:37:9)
      at node_modules/@testing-library/user-event/dist/cjs/event/behavior/keypr
ess.js:31:26
      at Object.dispatchEvent (node_modules/@testing-library/user-event/dist/cj
s/event/dispatchEvent.js:41:13)
      at Object.dispatchUIEvent (node_modules/@testing-library/user-event/dist/
cjs/event/dispatchEvent.js:22:26)
      at KeyboardHost.keydown 
(node_modules/@testing-library/user-event/dist/cjs/system/keyboard.js:76:22)
      at keyboardAction 
(node_modules/@testing-library/user-event/dist/cjs/keyboard/index.js:22:35)
      at Object.keyboard 
(node_modules/@testing-library/user-event/dist/cjs/keyboard/index.js:11:15)
      at Object.type 
(node_modules/@testing-library/user-event/dist/cjs/utility/type.js:17:5)
      at Object.<anonymous> (src/auth/auth.test.tsx:266:9)

    console.error
      Warning: An update to LoginForm inside a test was not wrapped in 
act(...).
      
      When testing, code that causes React state updates should be wrapped 
into act(...):
      
      act(() => {
        /* fire events that update state */
      });
      /* assert on the output */
      
      This ensures that you're testing the behavior the user would see in the 
browser. Learn more at https://reactjs.org/link/wrap-tests-with-act
          at LoginForm (C:\Users\samhe\OneDrive\Desktop\Cleaned\frontend\src\au
th\LoginForm\LoginForm.tsx:41:33)
          at div
          at div
          at LoginPage
          at routeContext (C:\Users\samhe\OneDrive\Desktop\Cleaned\frontend\nod
e_modules\react-router\lib\hooks.tsx:658:26)
          at children (C:\Users\samhe\OneDrive\Desktop\Cleaned\frontend\node_mo
dules\react-router\lib\components.tsx:512:3)
          at basenameProp (C:\Users\samhe\OneDrive\Desktop\Cleaned\frontend\nod
e_modules\react-router\lib\components.tsx:421:13)
          at basename (C:\Users\samhe\OneDrive\Desktop\Cleaned\frontend\node_mo
dules\react-router\lib\components.tsx:225:3)

      52 |     async function handleSubmit(e: React.FormEvent) {
      53 |         e.preventDefault()
    > 54 |         setError('')
         |         ^
      55 |
      56 |         // Client-side empty field validation (R-AUTH-EMPTY)
      57 |         if (!email.trim() || !password) {

      at printWarning 
(node_modules/react-dom/cjs/react-dom.development.js:86:30)
      at error (node_modules/react-dom/cjs/react-dom.development.js:60:7)
      at warnIfUpdatesNotWrappedWithActDEV 
(node_modules/react-dom/cjs/react-dom.development.js:27628:9)
      at scheduleUpdateOnFiber 
(node_modules/react-dom/cjs/react-dom.development.js:25547:5)
      at dispatchSetState 
(node_modules/react-dom/cjs/react-dom.development.js:16708:7)
      at handleSubmit (src/auth/LoginForm/LoginForm.tsx:54:9)
      at HTMLUnknownElement.callCallback 
(node_modules/react-dom/cjs/react-dom.development.js:4164:14)
      at HTMLUnknownElement.callTheUserObjectsOperation 
(node_modules/jsdom/lib/jsdom/living/generated/EventListener.js:26:30)
      at innerInvokeEventListeners 
(node_modules/jsdom/lib/jsdom/living/events/EventTarget-impl.js:350:25)
      at invokeEventListeners 
(node_modules/jsdom/lib/jsdom/living/events/EventTarget-impl.js:286:3)
      at HTMLUnknownElementImpl._dispatch 
(node_modules/jsdom/lib/jsdom/living/events/EventTarget-impl.js:233:9)
      at HTMLUnknownElementImpl.dispatchEvent 
(node_modules/jsdom/lib/jsdom/living/events/EventTarget-impl.js:104:17)
      at HTMLUnknownElement.dispatchEvent 
(node_modules/jsdom/lib/jsdom/living/generated/EventTarget.js:241:34)
      at Object.invokeGuardedCallbackDev 
(node_modules/react-dom/cjs/react-dom.development.js:4213:16)
      at invokeGuardedCallback 
(node_modules/react-dom/cjs/react-dom.development.js:4277:31)
      at invokeGuardedCallbackAndCatchFirstError 
(node_modules/react-dom/cjs/react-dom.development.js:4291:25)
      at executeDispatch 
(node_modules/react-dom/cjs/react-dom.development.js:9041:3)
      at processDispatchQueueItemsInOrder 
(node_modules/react-dom/cjs/react-dom.development.js:9073:7)
      at processDispatchQueue 
(node_modules/react-dom/cjs/react-dom.development.js:9086:5)
      at dispatchEventsForPlugins 
(node_modules/react-dom/cjs/react-dom.development.js:9097:3)
      at node_modules/react-dom/cjs/react-dom.development.js:9288:12
      at batchedUpdates$1 
(node_modules/react-dom/cjs/react-dom.development.js:26179:12)
      at batchedUpdates 
(node_modules/react-dom/cjs/react-dom.development.js:3991:12)
      at dispatchEventForPluginEventSystem 
(node_modules/react-dom/cjs/react-dom.development.js:9287:3)
      at dispatchEventWithEnableCapturePhaseSelectiveHydrationWithoutDiscreteEv
entReplay (node_modules/react-dom/cjs/react-dom.development.js:6465:5)
      at dispatchEvent 
(node_modules/react-dom/cjs/react-dom.development.js:6457:5)
      at dispatchDiscreteEvent 
(node_modules/react-dom/cjs/react-dom.development.js:6430:5)
      at HTMLDivElement.callTheUserObjectsOperation 
(node_modules/jsdom/lib/jsdom/living/generated/EventListener.js:26:30)
      at innerInvokeEventListeners 
(node_modules/jsdom/lib/jsdom/living/events/EventTarget-impl.js:350:25)
      at invokeEventListeners 
(node_modules/jsdom/lib/jsdom/living/events/EventTarget-impl.js:286:3)
      at HTMLFormElementImpl._dispatch 
(node_modules/jsdom/lib/jsdom/living/events/EventTarget-impl.js:233:9)
      at fireAnEvent 
(node_modules/jsdom/lib/jsdom/living/helpers/events.js:18:36)
      at HTMLFormElementImpl.requestSubmit 
(node_modules/jsdom/lib/jsdom/living/nodes/HTMLFormElement-impl.js:109:10)
      at HTMLFormElementImpl._doRequestSubmit 
(node_modules/jsdom/lib/jsdom/living/nodes/HTMLFormElement-impl.js:79:10)
      at HTMLButtonElementImpl._activationBehavior 
(node_modules/jsdom/lib/jsdom/living/nodes/HTMLButtonElement-impl.js:23:14)
      at HTMLButtonElementImpl._dispatch 
(node_modules/jsdom/lib/jsdom/living/events/EventTarget-impl.js:252:26)
      at HTMLButtonElementImpl.dispatchEvent 
(node_modules/jsdom/lib/jsdom/living/events/EventTarget-impl.js:104:17)
      at HTMLButtonElement.dispatchEvent 
(node_modules/jsdom/lib/jsdom/living/generated/EventTarget.js:241:34)
      at 
node_modules/@testing-library/user-event/dist/cjs/event/dispatchEvent.js:45:43
      at Object.eventWrapper 
(node_modules/@testing-library/dom/dist/config.js:25:23)
      at Object.wrapEvent 
(node_modules/@testing-library/user-event/dist/cjs/event/wrapEvent.js:6:28)
      at Object.dispatchEvent (node_modules/@testing-library/user-event/dist/cj
s/event/dispatchEvent.js:45:22)
      at Object.dispatchUIEvent (node_modules/@testing-library/user-event/dist/
cjs/event/dispatchEvent.js:22:26)
      at Mouse.up (node_modules/@testing-library/user-event/dist/cjs/system/poi
nter/mouse.js:100:30)
      at PointerHost.release (node_modules/@testing-library/user-event/dist/cjs
/system/pointer/index.js:87:24)
      at pointerAction 
(node_modules/@testing-library/user-event/dist/cjs/pointer/index.js:54:47)
      at Object.pointer 
(node_modules/@testing-library/user-event/dist/cjs/pointer/index.js:27:9)
      at Object.<anonymous> (src/auth/auth.test.tsx:267:9)

    console.error
      Warning: An update to LoginForm inside a test was not wrapped in 
act(...).
      
      When testing, code that causes React state updates should be wrapped 
into act(...):
      
      act(() => {
        /* fire events that update state */
      });
      /* assert on the output */
      
      This ensures that you're testing the behavior the user would see in the 
browser. Learn more at https://reactjs.org/link/wrap-tests-with-act
          at LoginForm (C:\Users\samhe\OneDrive\Desktop\Cleaned\frontend\src\au
th\LoginForm\LoginForm.tsx:41:33)
          at div
          at div
          at LoginPage
          at routeContext (C:\Users\samhe\OneDrive\Desktop\Cleaned\frontend\nod
e_modules\react-router\lib\hooks.tsx:658:26)
          at children (C:\Users\samhe\OneDrive\Desktop\Cleaned\frontend\node_mo
dules\react-router\lib\components.tsx:512:3)
          at basenameProp (C:\Users\samhe\OneDrive\Desktop\Cleaned\frontend\nod
e_modules\react-router\lib\components.tsx:421:13)
          at basename (C:\Users\samhe\OneDrive\Desktop\Cleaned\frontend\node_mo
dules\react-router\lib\components.tsx:225:3)

      60 |         }
      61 |
    > 62 |         setLoading(true)
         |         ^
      63 |
      64 |         try {
      65 |             const response = await apiPost<{ token: string; user: 
Record<string, unknown> }>(

      at printWarning 
(node_modules/react-dom/cjs/react-dom.development.js:86:30)
      at error (node_modules/react-dom/cjs/react-dom.development.js:60:7)
      at warnIfUpdatesNotWrappedWithActDEV 
(node_modules/react-dom/cjs/react-dom.development.js:27628:9)
      at scheduleUpdateOnFiber 
(node_modules/react-dom/cjs/react-dom.development.js:25547:5)
      at dispatchSetState 
(node_modules/react-dom/cjs/react-dom.development.js:16708:7)
      at handleSubmit (src/auth/LoginForm/LoginForm.tsx:62:9)
      at HTMLUnknownElement.callCallback 
(node_modules/react-dom/cjs/react-dom.development.js:4164:14)
      at HTMLUnknownElement.callTheUserObjectsOperation 
(node_modules/jsdom/lib/jsdom/living/generated/EventListener.js:26:30)
      at innerInvokeEventListeners 
(node_modules/jsdom/lib/jsdom/living/events/EventTarget-impl.js:350:25)
      at invokeEventListeners 
(node_modules/jsdom/lib/jsdom/living/events/EventTarget-impl.js:286:3)
      at HTMLUnknownElementImpl._dispatch 
(node_modules/jsdom/lib/jsdom/living/events/EventTarget-impl.js:233:9)
      at HTMLUnknownElementImpl.dispatchEvent 
(node_modules/jsdom/lib/jsdom/living/events/EventTarget-impl.js:104:17)
      at HTMLUnknownElement.dispatchEvent 
(node_modules/jsdom/lib/jsdom/living/generated/EventTarget.js:241:34)
      at Object.invokeGuardedCallbackDev 
(node_modules/react-dom/cjs/react-dom.development.js:4213:16)
      at invokeGuardedCallback 
(node_modules/react-dom/cjs/react-dom.development.js:4277:31)
      at invokeGuardedCallbackAndCatchFirstError 
(node_modules/react-dom/cjs/react-dom.development.js:4291:25)
      at executeDispatch 
(node_modules/react-dom/cjs/react-dom.development.js:9041:3)
      at processDispatchQueueItemsInOrder 
(node_modules/react-dom/cjs/react-dom.development.js:9073:7)
      at processDispatchQueue 
(node_modules/react-dom/cjs/react-dom.development.js:9086:5)
      at dispatchEventsForPlugins 
(node_modules/react-dom/cjs/react-dom.development.js:9097:3)
      at node_modules/react-dom/cjs/react-dom.development.js:9288:12
      at batchedUpdates$1 
(node_modules/react-dom/cjs/react-dom.development.js:26179:12)
      at batchedUpdates 
(node_modules/react-dom/cjs/react-dom.development.js:3991:12)
      at dispatchEventForPluginEventSystem 
(node_modules/react-dom/cjs/react-dom.development.js:9287:3)
      at dispatchEventWithEnableCapturePhaseSelectiveHydrationWithoutDiscreteEv
entReplay (node_modules/react-dom/cjs/react-dom.development.js:6465:5)
      at dispatchEvent 
(node_modules/react-dom/cjs/react-dom.development.js:6457:5)
      at dispatchDiscreteEvent 
(node_modules/react-dom/cjs/react-dom.development.js:6430:5)
      at HTMLDivElement.callTheUserObjectsOperation 
(node_modules/jsdom/lib/jsdom/living/generated/EventListener.js:26:30)
      at innerInvokeEventListeners 
(node_modules/jsdom/lib/jsdom/living/events/EventTarget-impl.js:350:25)
      at invokeEventListeners 
(node_modules/jsdom/lib/jsdom/living/events/EventTarget-impl.js:286:3)
      at HTMLFormElementImpl._dispatch 
(node_modules/jsdom/lib/jsdom/living/events/EventTarget-impl.js:233:9)
      at fireAnEvent 
(node_modules/jsdom/lib/jsdom/living/helpers/events.js:18:36)
      at HTMLFormElementImpl.requestSubmit 
(node_modules/jsdom/lib/jsdom/living/nodes/HTMLFormElement-impl.js:109:10)
      at HTMLFormElementImpl._doRequestSubmit 
(node_modules/jsdom/lib/jsdom/living/nodes/HTMLFormElement-impl.js:79:10)
      at HTMLButtonElementImpl._activationBehavior 
(node_modules/jsdom/lib/jsdom/living/nodes/HTMLButtonElement-impl.js:23:14)
      at HTMLButtonElementImpl._dispatch 
(node_modules/jsdom/lib/jsdom/living/events/EventTarget-impl.js:252:26)
      at HTMLButtonElementImpl.dispatchEvent 
(node_modules/jsdom/lib/jsdom/living/events/EventTarget-impl.js:104:17)
      at HTMLButtonElement.dispatchEvent 
(node_modules/jsdom/lib/jsdom/living/generated/EventTarget.js:241:34)
      at 
node_modules/@testing-library/user-event/dist/cjs/event/dispatchEvent.js:45:43
      at Object.eventWrapper 
(node_modules/@testing-library/dom/dist/config.js:25:23)
      at Object.wrapEvent 
(node_modules/@testing-library/user-event/dist/cjs/event/wrapEvent.js:6:28)
      at Object.dispatchEvent (node_modules/@testing-library/user-event/dist/cj
s/event/dispatchEvent.js:45:22)
      at Object.dispatchUIEvent (node_modules/@testing-library/user-event/dist/
cjs/event/dispatchEvent.js:22:26)
      at Mouse.up (node_modules/@testing-library/user-event/dist/cjs/system/poi
nter/mouse.js:100:30)
      at PointerHost.release (node_modules/@testing-library/user-event/dist/cjs
/system/pointer/index.js:87:24)
      at pointerAction 
(node_modules/@testing-library/user-event/dist/cjs/pointer/index.js:54:47)
      at Object.pointer 
(node_modules/@testing-library/user-event/dist/cjs/pointer/index.js:27:9)
      at Object.<anonymous> (src/auth/auth.test.tsx:267:9)

    console.error
      Warning: An update to LoginForm inside a test was not wrapped in 
act(...).
      
      When testing, code that causes React state updates should be wrapped 
into act(...):
      
      act(() => {
        /* fire events that update state */
      });
      /* assert on the output */
      
      This ensures that you're testing the behavior the user would see in the 
browser. Learn more at https://reactjs.org/link/wrap-tests-with-act
          at LoginForm (C:\Users\samhe\OneDrive\Desktop\Cleaned\frontend\src\au
th\LoginForm\LoginForm.tsx:41:33)
          at div
          at div
          at LoginPage
          at routeContext (C:\Users\samhe\OneDrive\Desktop\Cleaned\frontend\nod
e_modules\react-router\lib\hooks.tsx:658:26)
          at children (C:\Users\samhe\OneDrive\Desktop\Cleaned\frontend\node_mo
dules\react-router\lib\components.tsx:512:3)
          at basenameProp (C:\Users\samhe\OneDrive\Desktop\Cleaned\frontend\nod
e_modules\react-router\lib\components.tsx:421:13)
          at basename (C:\Users\samhe\OneDrive\Desktop\Cleaned\frontend\node_mo
dules\react-router\lib\components.tsx:225:3)

      87 |                 const attemptsRemaining = data?.attemptsRemaining
      88 |                 if (typeof attemptsRemaining === 'number') {
    > 89 |                     setError(`Incorrect email or password. 
${attemptsRemaining} attempts remaining.`)
         |                     ^
      90 |                 } else {
      91 |                     setError('Incorrect email or password.')
      92 |                 }

      at printWarning 
(node_modules/react-dom/cjs/react-dom.development.js:86:30)
      at error (node_modules/react-dom/cjs/react-dom.development.js:60:7)
      at warnIfUpdatesNotWrappedWithActDEV 
(node_modules/react-dom/cjs/react-dom.development.js:27628:9)
      at scheduleUpdateOnFiber 
(node_modules/react-dom/cjs/react-dom.development.js:25547:5)
      at dispatchSetState 
(node_modules/react-dom/cjs/react-dom.development.js:16708:7)
      at handleSubmit (src/auth/LoginForm/LoginForm.tsx:89:21)

    console.error
      Warning: An update to LoginForm inside a test was not wrapped in 
act(...).
      
      When testing, code that causes React state updates should be wrapped 
into act(...):
      
      act(() => {
        /* fire events that update state */
      });
      /* assert on the output */
      
      This ensures that you're testing the behavior the user would see in the 
browser. Learn more at https://reactjs.org/link/wrap-tests-with-act
          at LoginForm (C:\Users\samhe\OneDrive\Desktop\Cleaned\frontend\src\au
th\LoginForm\LoginForm.tsx:41:33)
          at div
          at div
          at LoginPage
          at routeContext (C:\Users\samhe\OneDrive\Desktop\Cleaned\frontend\nod
e_modules\react-router\lib\hooks.tsx:658:26)
          at children (C:\Users\samhe\OneDrive\Desktop\Cleaned\frontend\node_mo
dules\react-router\lib\components.tsx:512:3)
          at basenameProp (C:\Users\samhe\OneDrive\Desktop\Cleaned\frontend\nod
e_modules\react-router\lib\components.tsx:421:13)
          at basename (C:\Users\samhe\OneDrive\Desktop\Cleaned\frontend\node_mo
dules\react-router\lib\components.tsx:225:3)

       95 |             }
       96 |         } finally {
    >  97 |             setLoading(false)
          |             ^
       98 |         }
       99 |     }
      100 |

      at printWarning 
(node_modules/react-dom/cjs/react-dom.development.js:86:30)
      at error (node_modules/react-dom/cjs/react-dom.development.js:60:7)
      at warnIfUpdatesNotWrappedWithActDEV 
(node_modules/react-dom/cjs/react-dom.development.js:27628:9)
      at scheduleUpdateOnFiber 
(node_modules/react-dom/cjs/react-dom.development.js:25547:5)
      at dispatchSetState 
(node_modules/react-dom/cjs/react-dom.development.js:16708:7)
      at handleSubmit (src/auth/LoginForm/LoginForm.tsx:97:13)

    console.error
      Warning: An update to LoginForm inside a test was not wrapped in 
act(...).
      
      When testing, code that causes React state updates should be wrapped 
into act(...):
      
      act(() => {
        /* fire events that update state */
      });
      /* assert on the output */
      
      This ensures that you're testing the behavior the user would see in the 
browser. Learn more at https://reactjs.org/link/wrap-tests-with-act
          at LoginForm (C:\Users\samhe\OneDrive\Desktop\Cleaned\frontend\src\au
th\LoginForm\LoginForm.tsx:41:33)
          at div
          at div
          at LoginPage
          at routeContext (C:\Users\samhe\OneDrive\Desktop\Cleaned\frontend\nod
e_modules\react-router\lib\hooks.tsx:658:26)
          at children (C:\Users\samhe\OneDrive\Desktop\Cleaned\frontend\node_mo
dules\react-router\lib\components.tsx:512:3)
          at basenameProp (C:\Users\samhe\OneDrive\Desktop\Cleaned\frontend\nod
e_modules\react-router\lib\components.tsx:421:13)
          at basename (C:\Users\samhe\OneDrive\Desktop\Cleaned\frontend\node_mo
dules\react-router\lib\components.tsx:225:3)

      141 |                         placeholder="Enter your password"
      142 |                         value={password}
    > 143 |                         onChange={(e) => 
setPassword(e.target.value)}
          |                                          ^
      144 |                         className="w-full rounded-md border 
border-gray-300 px-3 py-2 pr-10 text-sm focus:outline-none focus:ring-2 
focus:ring-gray-900 disabled:opacity-50"
      145 |                     />
      146 |                     <button

      at printWarning 
(node_modules/react-dom/cjs/react-dom.development.js:86:30)
      at error (node_modules/react-dom/cjs/react-dom.development.js:60:7)
      at warnIfUpdatesNotWrappedWithActDEV 
(node_modules/react-dom/cjs/react-dom.development.js:27628:9)
      at scheduleUpdateOnFiber 
(node_modules/react-dom/cjs/react-dom.development.js:25547:5)
      at dispatchSetState 
(node_modules/react-dom/cjs/react-dom.development.js:16708:7)
      at onChange (src/auth/LoginForm/LoginForm.tsx:143:42)
      at HTMLUnknownElement.callCallback 
(node_modules/react-dom/cjs/react-dom.development.js:4164:14)
      at HTMLUnknownElement.callTheUserObjectsOperation 
(node_modules/jsdom/lib/jsdom/living/generated/EventListener.js:26:30)
      at innerInvokeEventListeners 
(node_modules/jsdom/lib/jsdom/living/events/EventTarget-impl.js:350:25)
      at invokeEventListeners 
(node_modules/jsdom/lib/jsdom/living/events/EventTarget-impl.js:286:3)
      at HTMLUnknownElementImpl._dispatch 
(node_modules/jsdom/lib/jsdom/living/events/EventTarget-impl.js:233:9)
      at HTMLUnknownElementImpl.dispatchEvent 
(node_modules/jsdom/lib/jsdom/living/events/EventTarget-impl.js:104:17)
      at HTMLUnknownElement.dispatchEvent 
(node_modules/jsdom/lib/jsdom/living/generated/EventTarget.js:241:34)
      at Object.invokeGuardedCallbackDev 
(node_modules/react-dom/cjs/react-dom.development.js:4213:16)
      at invokeGuardedCallback 
(node_modules/react-dom/cjs/react-dom.development.js:4277:31)
      at invokeGuardedCallbackAndCatchFirstError 
(node_modules/react-dom/cjs/react-dom.development.js:4291:25)
      at executeDispatch 
(node_modules/react-dom/cjs/react-dom.development.js:9041:3)
      at processDispatchQueueItemsInOrder 
(node_modules/react-dom/cjs/react-dom.development.js:9073:7)
      at processDispatchQueue 
(node_modules/react-dom/cjs/react-dom.development.js:9086:5)
      at dispatchEventsForPlugins 
(node_modules/react-dom/cjs/react-dom.development.js:9097:3)
      at node_modules/react-dom/cjs/react-dom.development.js:9288:12
      at batchedUpdates$1 
(node_modules/react-dom/cjs/react-dom.development.js:26179:12)
      at batchedUpdates 
(node_modules/react-dom/cjs/react-dom.development.js:3991:12)
      at dispatchEventForPluginEventSystem 
(node_modules/react-dom/cjs/react-dom.development.js:9287:3)
      at dispatchEventWithEnableCapturePhaseSelectiveHydrationWithoutDiscreteEv
entReplay (node_modules/react-dom/cjs/react-dom.development.js:6465:5)
      at dispatchEvent 
(node_modules/react-dom/cjs/react-dom.development.js:6457:5)
      at dispatchDiscreteEvent 
(node_modules/react-dom/cjs/react-dom.development.js:6430:5)
      at HTMLDivElement.callTheUserObjectsOperation 
(node_modules/jsdom/lib/jsdom/living/generated/EventListener.js:26:30)
      at innerInvokeEventListeners 
(node_modules/jsdom/lib/jsdom/living/events/EventTarget-impl.js:350:25)
      at invokeEventListeners 
(node_modules/jsdom/lib/jsdom/living/events/EventTarget-impl.js:286:3)
      at HTMLInputElementImpl._dispatch 
(node_modules/jsdom/lib/jsdom/living/events/EventTarget-impl.js:233:9)
      at HTMLInputElementImpl.dispatchEvent 
(node_modules/jsdom/lib/jsdom/living/events/EventTarget-impl.js:104:17)
      at HTMLInputElement.dispatchEvent 
(node_modules/jsdom/lib/jsdom/living/generated/EventTarget.js:241:34)
      at 
node_modules/@testing-library/user-event/dist/cjs/event/dispatchEvent.js:45:43
      at Object.eventWrapper 
(node_modules/@testing-library/dom/dist/config.js:25:23)
      at Object.wrapEvent 
(node_modules/@testing-library/user-event/dist/cjs/event/wrapEvent.js:6:28)
      at Object.dispatchEvent (node_modules/@testing-library/user-event/dist/cj
s/event/dispatchEvent.js:45:22)
      at Object.dispatchUIEvent (node_modules/@testing-library/user-event/dist/
cjs/event/dispatchEvent.js:22:26)
      at commitInput 
(node_modules/@testing-library/user-event/dist/cjs/event/input.js:145:14)
      at editInputElement 
(node_modules/@testing-library/user-event/dist/cjs/event/input.js:115:9)
      at Object.input 
(node_modules/@testing-library/user-event/dist/cjs/event/input.js:37:9)
      at node_modules/@testing-library/user-event/dist/cjs/event/behavior/keypr
ess.js:31:26
      at Object.dispatchEvent (node_modules/@testing-library/user-event/dist/cj
s/event/dispatchEvent.js:41:13)
      at Object.dispatchUIEvent (node_modules/@testing-library/user-event/dist/
cjs/event/dispatchEvent.js:22:26)
      at KeyboardHost.keydown 
(node_modules/@testing-library/user-event/dist/cjs/system/keyboard.js:76:22)
      at keyboardAction 
(node_modules/@testing-library/user-event/dist/cjs/keyboard/index.js:22:35)
      at Object.keyboard 
(node_modules/@testing-library/user-event/dist/cjs/keyboard/index.js:11:15)
      at Object.type 
(node_modules/@testing-library/user-event/dist/cjs/utility/type.js:17:5)
      at Object.<anonymous> (src/auth/auth.test.tsx:277:9)

    console.error
      Warning: An update to LoginForm inside a test was not wrapped in 
act(...).
      
      When testing, code that causes React state updates should be wrapped 
into act(...):
      
      act(() => {
        /* fire events that update state */
      });
      /* assert on the output */
      
      This ensures that you're testing the behavior the user would see in the 
browser. Learn more at https://reactjs.org/link/wrap-tests-with-act
          at LoginForm (C:\Users\samhe\OneDrive\Desktop\Cleaned\frontend\src\au
th\LoginForm\LoginForm.tsx:41:33)
          at div
          at div
          at LoginPage
          at routeContext (C:\Users\samhe\OneDrive\Desktop\Cleaned\frontend\nod
e_modules\react-router\lib\hooks.tsx:658:26)
          at children (C:\Users\samhe\OneDrive\Desktop\Cleaned\frontend\node_mo
dules\react-router\lib\components.tsx:512:3)
          at basenameProp (C:\Users\samhe\OneDrive\Desktop\Cleaned\frontend\nod
e_modules\react-router\lib\components.tsx:421:13)
          at basename (C:\Users\samhe\OneDrive\Desktop\Cleaned\frontend\node_mo
dules\react-router\lib\components.tsx:225:3)

      141 |                         placeholder="Enter your password"
      142 |                         value={password}
    > 143 |                         onChange={(e) => 
setPassword(e.target.value)}
          |                                          ^
      144 |                         className="w-full rounded-md border 
border-gray-300 px-3 py-2 pr-10 text-sm focus:outline-none focus:ring-2 
focus:ring-gray-900 disabled:opacity-50"
      145 |                     />
      146 |                     <button

      at printWarning 
(node_modules/react-dom/cjs/react-dom.development.js:86:30)
      at error (node_modules/react-dom/cjs/react-dom.development.js:60:7)
      at warnIfUpdatesNotWrappedWithActDEV 
(node_modules/react-dom/cjs/react-dom.development.js:27628:9)
      at scheduleUpdateOnFiber 
(node_modules/react-dom/cjs/react-dom.development.js:25547:5)
      at dispatchSetState 
(node_modules/react-dom/cjs/react-dom.development.js:16708:7)
      at onChange (src/auth/LoginForm/LoginForm.tsx:143:42)
      at HTMLUnknownElement.callCallback 
(node_modules/react-dom/cjs/react-dom.development.js:4164:14)
      at HTMLUnknownElement.callTheUserObjectsOperation 
(node_modules/jsdom/lib/jsdom/living/generated/EventListener.js:26:30)
      at innerInvokeEventListeners 
(node_modules/jsdom/lib/jsdom/living/events/EventTarget-impl.js:350:25)
      at invokeEventListeners 
(node_modules/jsdom/lib/jsdom/living/events/EventTarget-impl.js:286:3)
      at HTMLUnknownElementImpl._dispatch 
(node_modules/jsdom/lib/jsdom/living/events/EventTarget-impl.js:233:9)
      at HTMLUnknownElementImpl.dispatchEvent 
(node_modules/jsdom/lib/jsdom/living/events/EventTarget-impl.js:104:17)
      at HTMLUnknownElement.dispatchEvent 
(node_modules/jsdom/lib/jsdom/living/generated/EventTarget.js:241:34)
      at Object.invokeGuardedCallbackDev 
(node_modules/react-dom/cjs/react-dom.development.js:4213:16)
      at invokeGuardedCallback 
(node_modules/react-dom/cjs/react-dom.development.js:4277:31)
      at invokeGuardedCallbackAndCatchFirstError 
(node_modules/react-dom/cjs/react-dom.development.js:4291:25)
      at executeDispatch 
(node_modules/react-dom/cjs/react-dom.development.js:9041:3)
      at processDispatchQueueItemsInOrder 
(node_modules/react-dom/cjs/react-dom.development.js:9073:7)
      at processDispatchQueue 
(node_modules/react-dom/cjs/react-dom.development.js:9086:5)
      at dispatchEventsForPlugins 
(node_modules/react-dom/cjs/react-dom.development.js:9097:3)
      at node_modules/react-dom/cjs/react-dom.development.js:9288:12
      at batchedUpdates$1 
(node_modules/react-dom/cjs/react-dom.development.js:26179:12)
      at batchedUpdates 
(node_modules/react-dom/cjs/react-dom.development.js:3991:12)
      at dispatchEventForPluginEventSystem 
(node_modules/react-dom/cjs/react-dom.development.js:9287:3)
      at dispatchEventWithEnableCapturePhaseSelectiveHydrationWithoutDiscreteEv
entReplay (node_modules/react-dom/cjs/react-dom.development.js:6465:5)
      at dispatchEvent 
(node_modules/react-dom/cjs/react-dom.development.js:6457:5)
      at dispatchDiscreteEvent 
(node_modules/react-dom/cjs/react-dom.development.js:6430:5)
      at HTMLDivElement.callTheUserObjectsOperation 
(node_modules/jsdom/lib/jsdom/living/generated/EventListener.js:26:30)
      at innerInvokeEventListeners 
(node_modules/jsdom/lib/jsdom/living/events/EventTarget-impl.js:350:25)
      at invokeEventListeners 
(node_modules/jsdom/lib/jsdom/living/events/EventTarget-impl.js:286:3)
      at HTMLInputElementImpl._dispatch 
(node_modules/jsdom/lib/jsdom/living/events/EventTarget-impl.js:233:9)
      at HTMLInputElementImpl.dispatchEvent 
(node_modules/jsdom/lib/jsdom/living/events/EventTarget-impl.js:104:17)
      at HTMLInputElement.dispatchEvent 
(node_modules/jsdom/lib/jsdom/living/generated/EventTarget.js:241:34)
      at 
node_modules/@testing-library/user-event/dist/cjs/event/dispatchEvent.js:45:43
      at Object.eventWrapper 
(node_modules/@testing-library/dom/dist/config.js:25:23)
      at Object.wrapEvent 
(node_modules/@testing-library/user-event/dist/cjs/event/wrapEvent.js:6:28)
      at Object.dispatchEvent (node_modules/@testing-library/user-event/dist/cj
s/event/dispatchEvent.js:45:22)
      at Object.dispatchUIEvent (node_modules/@testing-library/user-event/dist/
cjs/event/dispatchEvent.js:22:26)
      at commitInput 
(node_modules/@testing-library/user-event/dist/cjs/event/input.js:145:14)
      at editInputElement 
(node_modules/@testing-library/user-event/dist/cjs/event/input.js:115:9)
      at Object.input 
(node_modules/@testing-library/user-event/dist/cjs/event/input.js:37:9)
      at node_modules/@testing-library/user-event/dist/cjs/event/behavior/keypr
ess.js:31:26
      at Object.dispatchEvent (node_modules/@testing-library/user-event/dist/cj
s/event/dispatchEvent.js:41:13)
      at Object.dispatchUIEvent (node_modules/@testing-library/user-event/dist/
cjs/event/dispatchEvent.js:22:26)
      at KeyboardHost.keydown 
(node_modules/@testing-library/user-event/dist/cjs/system/keyboard.js:76:22)
      at keyboardAction 
(node_modules/@testing-library/user-event/dist/cjs/keyboard/index.js:22:35)
      at Object.keyboard 
(node_modules/@testing-library/user-event/dist/cjs/keyboard/index.js:11:15)
      at Object.type 
(node_modules/@testing-library/user-event/dist/cjs/utility/type.js:17:5)
      at Object.<anonymous> (src/auth/auth.test.tsx:277:9)

    console.error
      Warning: An update to LoginForm inside a test was not wrapped in 
act(...).
      
      When testing, code that causes React state updates should be wrapped 
into act(...):
      
      act(() => {
        /* fire events that update state */
      });
      /* assert on the output */
      
      This ensures that you're testing the behavior the user would see in the 
browser. Learn more at https://reactjs.org/link/wrap-tests-with-act
          at LoginForm (C:\Users\samhe\OneDrive\Desktop\Cleaned\frontend\src\au
th\LoginForm\LoginForm.tsx:41:33)
          at div
          at div
          at LoginPage
          at routeContext (C:\Users\samhe\OneDrive\Desktop\Cleaned\frontend\nod
e_modules\react-router\lib\hooks.tsx:658:26)
          at children (C:\Users\samhe\OneDrive\Desktop\Cleaned\frontend\node_mo
dules\react-router\lib\components.tsx:512:3)
          at basenameProp (C:\Users\samhe\OneDrive\Desktop\Cleaned\frontend\nod
e_modules\react-router\lib\components.tsx:421:13)
          at basename (C:\Users\samhe\OneDrive\Desktop\Cleaned\frontend\node_mo
dules\react-router\lib\components.tsx:225:3)

      141 |                         placeholder="Enter your password"
      142 |                         value={password}
    > 143 |                         onChange={(e) => 
setPassword(e.target.value)}
          |                                          ^
      144 |                         className="w-full rounded-md border 
border-gray-300 px-3 py-2 pr-10 text-sm focus:outline-none focus:ring-2 
focus:ring-gray-900 disabled:opacity-50"
      145 |                     />
      146 |                     <button

      at printWarning 
(node_modules/react-dom/cjs/react-dom.development.js:86:30)
      at error (node_modules/react-dom/cjs/react-dom.development.js:60:7)
      at warnIfUpdatesNotWrappedWithActDEV 
(node_modules/react-dom/cjs/react-dom.development.js:27628:9)
      at scheduleUpdateOnFiber 
(node_modules/react-dom/cjs/react-dom.development.js:25547:5)
      at dispatchSetState 
(node_modules/react-dom/cjs/react-dom.development.js:16708:7)
      at onChange (src/auth/LoginForm/LoginForm.tsx:143:42)
      at HTMLUnknownElement.callCallback 
(node_modules/react-dom/cjs/react-dom.development.js:4164:14)
      at HTMLUnknownElement.callTheUserObjectsOperation 
(node_modules/jsdom/lib/jsdom/living/generated/EventListener.js:26:30)
      at innerInvokeEventListeners 
(node_modules/jsdom/lib/jsdom/living/events/EventTarget-impl.js:350:25)
      at invokeEventListeners 
(node_modules/jsdom/lib/jsdom/living/events/EventTarget-impl.js:286:3)
      at HTMLUnknownElementImpl._dispatch 
(node_modules/jsdom/lib/jsdom/living/events/EventTarget-impl.js:233:9)
      at HTMLUnknownElementImpl.dispatchEvent 
(node_modules/jsdom/lib/jsdom/living/events/EventTarget-impl.js:104:17)
      at HTMLUnknownElement.dispatchEvent 
(node_modules/jsdom/lib/jsdom/living/generated/EventTarget.js:241:34)
      at Object.invokeGuardedCallbackDev 
(node_modules/react-dom/cjs/react-dom.development.js:4213:16)
      at invokeGuardedCallback 
(node_modules/react-dom/cjs/react-dom.development.js:4277:31)
      at invokeGuardedCallbackAndCatchFirstError 
(node_modules/react-dom/cjs/react-dom.development.js:4291:25)
      at executeDispatch 
(node_modules/react-dom/cjs/react-dom.development.js:9041:3)
      at processDispatchQueueItemsInOrder 
(node_modules/react-dom/cjs/react-dom.development.js:9073:7)
      at processDispatchQueue 
(node_modules/react-dom/cjs/react-dom.development.js:9086:5)
      at dispatchEventsForPlugins 
(node_modules/react-dom/cjs/react-dom.development.js:9097:3)
      at node_modules/react-dom/cjs/react-dom.development.js:9288:12
      at batchedUpdates$1 
(node_modules/react-dom/cjs/react-dom.development.js:26179:12)
      at batchedUpdates 
(node_modules/react-dom/cjs/react-dom.development.js:3991:12)
      at dispatchEventForPluginEventSystem 
(node_modules/react-dom/cjs/react-dom.development.js:9287:3)
      at dispatchEventWithEnableCapturePhaseSelectiveHydrationWithoutDiscreteEv
entReplay (node_modules/react-dom/cjs/react-dom.development.js:6465:5)
      at dispatchEvent 
(node_modules/react-dom/cjs/react-dom.development.js:6457:5)
      at dispatchDiscreteEvent 
(node_modules/react-dom/cjs/react-dom.development.js:6430:5)
      at HTMLDivElement.callTheUserObjectsOperation 
(node_modules/jsdom/lib/jsdom/living/generated/EventListener.js:26:30)
      at innerInvokeEventListeners 
(node_modules/jsdom/lib/jsdom/living/events/EventTarget-impl.js:350:25)
      at invokeEventListeners 
(node_modules/jsdom/lib/jsdom/living/events/EventTarget-impl.js:286:3)
      at HTMLInputElementImpl._dispatch 
(node_modules/jsdom/lib/jsdom/living/events/EventTarget-impl.js:233:9)
      at HTMLInputElementImpl.dispatchEvent 
(node_modules/jsdom/lib/jsdom/living/events/EventTarget-impl.js:104:17)
      at HTMLInputElement.dispatchEvent 
(node_modules/jsdom/lib/jsdom/living/generated/EventTarget.js:241:34)
      at 
node_modules/@testing-library/user-event/dist/cjs/event/dispatchEvent.js:45:43
      at Object.eventWrapper 
(node_modules/@testing-library/dom/dist/config.js:25:23)
      at Object.wrapEvent 
(node_modules/@testing-library/user-event/dist/cjs/event/wrapEvent.js:6:28)
      at Object.dispatchEvent (node_modules/@testing-library/user-event/dist/cj
s/event/dispatchEvent.js:45:22)
      at Object.dispatchUIEvent (node_modules/@testing-library/user-event/dist/
cjs/event/dispatchEvent.js:22:26)
      at commitInput 
(node_modules/@testing-library/user-event/dist/cjs/event/input.js:145:14)
      at editInputElement 
(node_modules/@testing-library/user-event/dist/cjs/event/input.js:115:9)
      at Object.input 
(node_modules/@testing-library/user-event/dist/cjs/event/input.js:37:9)
      at node_modules/@testing-library/user-event/dist/cjs/event/behavior/keypr
ess.js:31:26
      at Object.dispatchEvent (node_modules/@testing-library/user-event/dist/cj
s/event/dispatchEvent.js:41:13)
      at Object.dispatchUIEvent (node_modules/@testing-library/user-event/dist/
cjs/event/dispatchEvent.js:22:26)
      at KeyboardHost.keydown 
(node_modules/@testing-library/user-event/dist/cjs/system/keyboard.js:76:22)
      at keyboardAction 
(node_modules/@testing-library/user-event/dist/cjs/keyboard/index.js:22:35)
      at Object.keyboard 
(node_modules/@testing-library/user-event/dist/cjs/keyboard/index.js:11:15)
      at Object.type 
(node_modules/@testing-library/user-event/dist/cjs/utility/type.js:17:5)
      at Object.<anonymous> (src/auth/auth.test.tsx:277:9)

    console.error
      Warning: An update to LoginForm inside a test was not wrapped in 
act(...).
      
      When testing, code that causes React state updates should be wrapped 
into act(...):
      
      act(() => {
        /* fire events that update state */
      });
      /* assert on the output */
      
      This ensures that you're testing the behavior the user would see in the 
browser. Learn more at https://reactjs.org/link/wrap-tests-with-act
          at LoginForm (C:\Users\samhe\OneDrive\Desktop\Cleaned\frontend\src\au
th\LoginForm\LoginForm.tsx:41:33)
          at div
          at div
          at LoginPage
          at routeContext (C:\Users\samhe\OneDrive\Desktop\Cleaned\frontend\nod
e_modules\react-router\lib\hooks.tsx:658:26)
          at children (C:\Users\samhe\OneDrive\Desktop\Cleaned\frontend\node_mo
dules\react-router\lib\components.tsx:512:3)
          at basenameProp (C:\Users\samhe\OneDrive\Desktop\Cleaned\frontend\nod
e_modules\react-router\lib\components.tsx:421:13)
          at basename (C:\Users\samhe\OneDrive\Desktop\Cleaned\frontend\node_mo
dules\react-router\lib\components.tsx:225:3)

      141 |                         placeholder="Enter your password"
      142 |                         value={password}
    > 143 |                         onChange={(e) => 
setPassword(e.target.value)}
          |                                          ^
      144 |                         className="w-full rounded-md border 
border-gray-300 px-3 py-2 pr-10 text-sm focus:outline-none focus:ring-2 
focus:ring-gray-900 disabled:opacity-50"
      145 |                     />
      146 |                     <button

      at printWarning 
(node_modules/react-dom/cjs/react-dom.development.js:86:30)
      at error (node_modules/react-dom/cjs/react-dom.development.js:60:7)
      at warnIfUpdatesNotWrappedWithActDEV 
(node_modules/react-dom/cjs/react-dom.development.js:27628:9)
      at scheduleUpdateOnFiber 
(node_modules/react-dom/cjs/react-dom.development.js:25547:5)
      at dispatchSetState 
(node_modules/react-dom/cjs/react-dom.development.js:16708:7)
      at onChange (src/auth/LoginForm/LoginForm.tsx:143:42)
      at HTMLUnknownElement.callCallback 
(node_modules/react-dom/cjs/react-dom.development.js:4164:14)
      at HTMLUnknownElement.callTheUserObjectsOperation 
(node_modules/jsdom/lib/jsdom/living/generated/EventListener.js:26:30)
      at innerInvokeEventListeners 
(node_modules/jsdom/lib/jsdom/living/events/EventTarget-impl.js:350:25)
      at invokeEventListeners 
(node_modules/jsdom/lib/jsdom/living/events/EventTarget-impl.js:286:3)
      at HTMLUnknownElementImpl._dispatch 
(node_modules/jsdom/lib/jsdom/living/events/EventTarget-impl.js:233:9)
      at HTMLUnknownElementImpl.dispatchEvent 
(node_modules/jsdom/lib/jsdom/living/events/EventTarget-impl.js:104:17)
      at HTMLUnknownElement.dispatchEvent 
(node_modules/jsdom/lib/jsdom/living/generated/EventTarget.js:241:34)
      at Object.invokeGuardedCallbackDev 
(node_modules/react-dom/cjs/react-dom.development.js:4213:16)
      at invokeGuardedCallback 
(node_modules/react-dom/cjs/react-dom.development.js:4277:31)
      at invokeGuardedCallbackAndCatchFirstError 
(node_modules/react-dom/cjs/react-dom.development.js:4291:25)
      at executeDispatch 
(node_modules/react-dom/cjs/react-dom.development.js:9041:3)
      at processDispatchQueueItemsInOrder 
(node_modules/react-dom/cjs/react-dom.development.js:9073:7)
      at processDispatchQueue 
(node_modules/react-dom/cjs/react-dom.development.js:9086:5)
      at dispatchEventsForPlugins 
(node_modules/react-dom/cjs/react-dom.development.js:9097:3)
      at node_modules/react-dom/cjs/react-dom.development.js:9288:12
      at batchedUpdates$1 
(node_modules/react-dom/cjs/react-dom.development.js:26179:12)
      at batchedUpdates 
(node_modules/react-dom/cjs/react-dom.development.js:3991:12)
      at dispatchEventForPluginEventSystem 
(node_modules/react-dom/cjs/react-dom.development.js:9287:3)
      at dispatchEventWithEnableCapturePhaseSelectiveHydrationWithoutDiscreteEv
entReplay (node_modules/react-dom/cjs/react-dom.development.js:6465:5)
      at dispatchEvent 
(node_modules/react-dom/cjs/react-dom.development.js:6457:5)
      at dispatchDiscreteEvent 
(node_modules/react-dom/cjs/react-dom.development.js:6430:5)
      at HTMLDivElement.callTheUserObjectsOperation 
(node_modules/jsdom/lib/jsdom/living/generated/EventListener.js:26:30)
      at innerInvokeEventListeners 
(node_modules/jsdom/lib/jsdom/living/events/EventTarget-impl.js:350:25)
      at invokeEventListeners 
(node_modules/jsdom/lib/jsdom/living/events/EventTarget-impl.js:286:3)
      at HTMLInputElementImpl._dispatch 
(node_modules/jsdom/lib/jsdom/living/events/EventTarget-impl.js:233:9)
      at HTMLInputElementImpl.dispatchEvent 
(node_modules/jsdom/lib/jsdom/living/events/EventTarget-impl.js:104:17)
      at HTMLInputElement.dispatchEvent 
(node_modules/jsdom/lib/jsdom/living/generated/EventTarget.js:241:34)
      at 
node_modules/@testing-library/user-event/dist/cjs/event/dispatchEvent.js:45:43
      at Object.eventWrapper 
(node_modules/@testing-library/dom/dist/config.js:25:23)
      at Object.wrapEvent 
(node_modules/@testing-library/user-event/dist/cjs/event/wrapEvent.js:6:28)
      at Object.dispatchEvent (node_modules/@testing-library/user-event/dist/cj
s/event/dispatchEvent.js:45:22)
      at Object.dispatchUIEvent (node_modules/@testing-library/user-event/dist/
cjs/event/dispatchEvent.js:22:26)
      at commitInput 
(node_modules/@testing-library/user-event/dist/cjs/event/input.js:145:14)
      at editInputElement 
(node_modules/@testing-library/user-event/dist/cjs/event/input.js:115:9)
      at Object.input 
(node_modules/@testing-library/user-event/dist/cjs/event/input.js:37:9)
      at node_modules/@testing-library/user-event/dist/cjs/event/behavior/keypr
ess.js:31:26
      at Object.dispatchEvent (node_modules/@testing-library/user-event/dist/cj
s/event/dispatchEvent.js:41:13)
      at Object.dispatchUIEvent (node_modules/@testing-library/user-event/dist/
cjs/event/dispatchEvent.js:22:26)
      at KeyboardHost.keydown 
(node_modules/@testing-library/user-event/dist/cjs/system/keyboard.js:76:22)
      at keyboardAction 
(node_modules/@testing-library/user-event/dist/cjs/keyboard/index.js:22:35)
      at Object.keyboard 
(node_modules/@testing-library/user-event/dist/cjs/keyboard/index.js:11:15)
      at Object.type 
(node_modules/@testing-library/user-event/dist/cjs/utility/type.js:17:5)
      at Object.<anonymous> (src/auth/auth.test.tsx:277:9)

    console.error
      Warning: An update to LoginForm inside a test was not wrapped in 
act(...).
      
      When testing, code that causes React state updates should be wrapped 
into act(...):
      
      act(() => {
        /* fire events that update state */
      });
      /* assert on the output */
      
      This ensures that you're testing the behavior the user would see in the 
browser. Learn more at https://reactjs.org/link/wrap-tests-with-act
          at LoginForm (C:\Users\samhe\OneDrive\Desktop\Cleaned\frontend\src\au
th\LoginForm\LoginForm.tsx:41:33)
          at div
          at div
          at LoginPage
          at routeContext (C:\Users\samhe\OneDrive\Desktop\Cleaned\frontend\nod
e_modules\react-router\lib\hooks.tsx:658:26)
          at children (C:\Users\samhe\OneDrive\Desktop\Cleaned\frontend\node_mo
dules\react-router\lib\components.tsx:512:3)
          at basenameProp (C:\Users\samhe\OneDrive\Desktop\Cleaned\frontend\nod
e_modules\react-router\lib\components.tsx:421:13)
          at basename (C:\Users\samhe\OneDrive\Desktop\Cleaned\frontend\node_mo
dules\react-router\lib\components.tsx:225:3)

      141 |                         placeholder="Enter your password"
      142 |                         value={password}
    > 143 |                         onChange={(e) => 
setPassword(e.target.value)}
          |                                          ^
      144 |                         className="w-full rounded-md border 
border-gray-300 px-3 py-2 pr-10 text-sm focus:outline-none focus:ring-2 
focus:ring-gray-900 disabled:opacity-50"
      145 |                     />
      146 |                     <button

      at printWarning 
(node_modules/react-dom/cjs/react-dom.development.js:86:30)
      at error (node_modules/react-dom/cjs/react-dom.development.js:60:7)
      at warnIfUpdatesNotWrappedWithActDEV 
(node_modules/react-dom/cjs/react-dom.development.js:27628:9)
      at scheduleUpdateOnFiber 
(node_modules/react-dom/cjs/react-dom.development.js:25547:5)
      at dispatchSetState 
(node_modules/react-dom/cjs/react-dom.development.js:16708:7)
      at onChange (src/auth/LoginForm/LoginForm.tsx:143:42)
      at HTMLUnknownElement.callCallback 
(node_modules/react-dom/cjs/react-dom.development.js:4164:14)
      at HTMLUnknownElement.callTheUserObjectsOperation 
(node_modules/jsdom/lib/jsdom/living/generated/EventListener.js:26:30)
      at innerInvokeEventListeners 
(node_modules/jsdom/lib/jsdom/living/events/EventTarget-impl.js:350:25)
      at invokeEventListeners 
(node_modules/jsdom/lib/jsdom/living/events/EventTarget-impl.js:286:3)
      at HTMLUnknownElementImpl._dispatch 
(node_modules/jsdom/lib/jsdom/living/events/EventTarget-impl.js:233:9)
      at HTMLUnknownElementImpl.dispatchEvent 
(node_modules/jsdom/lib/jsdom/living/events/EventTarget-impl.js:104:17)
      at HTMLUnknownElement.dispatchEvent 
(node_modules/jsdom/lib/jsdom/living/generated/EventTarget.js:241:34)
      at Object.invokeGuardedCallbackDev 
(node_modules/react-dom/cjs/react-dom.development.js:4213:16)
      at invokeGuardedCallback 
(node_modules/react-dom/cjs/react-dom.development.js:4277:31)
      at invokeGuardedCallbackAndCatchFirstError 
(node_modules/react-dom/cjs/react-dom.development.js:4291:25)
      at executeDispatch 
(node_modules/react-dom/cjs/react-dom.development.js:9041:3)
      at processDispatchQueueItemsInOrder 
(node_modules/react-dom/cjs/react-dom.development.js:9073:7)
      at processDispatchQueue 
(node_modules/react-dom/cjs/react-dom.development.js:9086:5)
      at dispatchEventsForPlugins 
(node_modules/react-dom/cjs/react-dom.development.js:9097:3)
      at node_modules/react-dom/cjs/react-dom.development.js:9288:12
      at batchedUpdates$1 
(node_modules/react-dom/cjs/react-dom.development.js:26179:12)
      at batchedUpdates 
(node_modules/react-dom/cjs/react-dom.development.js:3991:12)
      at dispatchEventForPluginEventSystem 
(node_modules/react-dom/cjs/react-dom.development.js:9287:3)
      at dispatchEventWithEnableCapturePhaseSelectiveHydrationWithoutDiscreteEv
entReplay (node_modules/react-dom/cjs/react-dom.development.js:6465:5)
      at dispatchEvent 
(node_modules/react-dom/cjs/react-dom.development.js:6457:5)
      at dispatchDiscreteEvent 
(node_modules/react-dom/cjs/react-dom.development.js:6430:5)
      at HTMLDivElement.callTheUserObjectsOperation 
(node_modules/jsdom/lib/jsdom/living/generated/EventListener.js:26:30)
      at innerInvokeEventListeners 
(node_modules/jsdom/lib/jsdom/living/events/EventTarget-impl.js:350:25)
      at invokeEventListeners 
(node_modules/jsdom/lib/jsdom/living/events/EventTarget-impl.js:286:3)
      at HTMLInputElementImpl._dispatch 
(node_modules/jsdom/lib/jsdom/living/events/EventTarget-impl.js:233:9)
      at HTMLInputElementImpl.dispatchEvent 
(node_modules/jsdom/lib/jsdom/living/events/EventTarget-impl.js:104:17)
      at HTMLInputElement.dispatchEvent 
(node_modules/jsdom/lib/jsdom/living/generated/EventTarget.js:241:34)
      at 
node_modules/@testing-library/user-event/dist/cjs/event/dispatchEvent.js:45:43
      at Object.eventWrapper 
(node_modules/@testing-library/dom/dist/config.js:25:23)
      at Object.wrapEvent 
(node_modules/@testing-library/user-event/dist/cjs/event/wrapEvent.js:6:28)
      at Object.dispatchEvent (node_modules/@testing-library/user-event/dist/cj
s/event/dispatchEvent.js:45:22)
      at Object.dispatchUIEvent (node_modules/@testing-library/user-event/dist/
cjs/event/dispatchEvent.js:22:26)
      at commitInput 
(node_modules/@testing-library/user-event/dist/cjs/event/input.js:145:14)
      at editInputElement 
(node_modules/@testing-library/user-event/dist/cjs/event/input.js:115:9)
      at Object.input 
(node_modules/@testing-library/user-event/dist/cjs/event/input.js:37:9)
      at node_modules/@testing-library/user-event/dist/cjs/event/behavior/keypr
ess.js:31:26
      at Object.dispatchEvent (node_modules/@testing-library/user-event/dist/cj
s/event/dispatchEvent.js:41:13)
      at Object.dispatchUIEvent (node_modules/@testing-library/user-event/dist/
cjs/event/dispatchEvent.js:22:26)
      at KeyboardHost.keydown 
(node_modules/@testing-library/user-event/dist/cjs/system/keyboard.js:76:22)
      at keyboardAction 
(node_modules/@testing-library/user-event/dist/cjs/keyboard/index.js:22:35)
      at Object.keyboard 
(node_modules/@testing-library/user-event/dist/cjs/keyboard/index.js:11:15)
      at Object.type 
(node_modules/@testing-library/user-event/dist/cjs/utility/type.js:17:5)
      at Object.<anonymous> (src/auth/auth.test.tsx:277:9)

    console.error
      Warning: An update to LoginForm inside a test was not wrapped in 
act(...).
      
      When testing, code that causes React state updates should be wrapped 
into act(...):
      
      act(() => {
        /* fire events that update state */
      });
      /* assert on the output */
      
      This ensures that you're testing the behavior the user would see in the 
browser. Learn more at https://reactjs.org/link/wrap-tests-with-act
          at LoginForm (C:\Users\samhe\OneDrive\Desktop\Cleaned\frontend\src\au
th\LoginForm\LoginForm.tsx:41:33)
          at div
          at div
          at LoginPage
          at routeContext (C:\Users\samhe\OneDrive\Desktop\Cleaned\frontend\nod
e_modules\react-router\lib\hooks.tsx:658:26)
          at children (C:\Users\samhe\OneDrive\Desktop\Cleaned\frontend\node_mo
dules\react-router\lib\components.tsx:512:3)
          at basenameProp (C:\Users\samhe\OneDrive\Desktop\Cleaned\frontend\nod
e_modules\react-router\lib\components.tsx:421:13)
          at basename (C:\Users\samhe\OneDrive\Desktop\Cleaned\frontend\node_mo
dules\react-router\lib\components.tsx:225:3)

      141 |                         placeholder="Enter your password"
      142 |                         value={password}
    > 143 |                         onChange={(e) => 
setPassword(e.target.value)}
          |                                          ^
      144 |                         className="w-full rounded-md border 
border-gray-300 px-3 py-2 pr-10 text-sm focus:outline-none focus:ring-2 
focus:ring-gray-900 disabled:opacity-50"
      145 |                     />
      146 |                     <button

      at printWarning 
(node_modules/react-dom/cjs/react-dom.development.js:86:30)
      at error (node_modules/react-dom/cjs/react-dom.development.js:60:7)
      at warnIfUpdatesNotWrappedWithActDEV 
(node_modules/react-dom/cjs/react-dom.development.js:27628:9)
      at scheduleUpdateOnFiber 
(node_modules/react-dom/cjs/react-dom.development.js:25547:5)
      at dispatchSetState 
(node_modules/react-dom/cjs/react-dom.development.js:16708:7)
      at onChange (src/auth/LoginForm/LoginForm.tsx:143:42)
      at HTMLUnknownElement.callCallback 
(node_modules/react-dom/cjs/react-dom.development.js:4164:14)
      at HTMLUnknownElement.callTheUserObjectsOperation 
(node_modules/jsdom/lib/jsdom/living/generated/EventListener.js:26:30)
      at innerInvokeEventListeners 
(node_modules/jsdom/lib/jsdom/living/events/EventTarget-impl.js:350:25)
      at invokeEventListeners 
(node_modules/jsdom/lib/jsdom/living/events/EventTarget-impl.js:286:3)
      at HTMLUnknownElementImpl._dispatch 
(node_modules/jsdom/lib/jsdom/living/events/EventTarget-impl.js:233:9)
      at HTMLUnknownElementImpl.dispatchEvent 
(node_modules/jsdom/lib/jsdom/living/events/EventTarget-impl.js:104:17)
      at HTMLUnknownElement.dispatchEvent 
(node_modules/jsdom/lib/jsdom/living/generated/EventTarget.js:241:34)
      at Object.invokeGuardedCallbackDev 
(node_modules/react-dom/cjs/react-dom.development.js:4213:16)
      at invokeGuardedCallback 
(node_modules/react-dom/cjs/react-dom.development.js:4277:31)
      at invokeGuardedCallbackAndCatchFirstError 
(node_modules/react-dom/cjs/react-dom.development.js:4291:25)
      at executeDispatch 
(node_modules/react-dom/cjs/react-dom.development.js:9041:3)
      at processDispatchQueueItemsInOrder 
(node_modules/react-dom/cjs/react-dom.development.js:9073:7)
      at processDispatchQueue 
(node_modules/react-dom/cjs/react-dom.development.js:9086:5)
      at dispatchEventsForPlugins 
(node_modules/react-dom/cjs/react-dom.development.js:9097:3)
      at node_modules/react-dom/cjs/react-dom.development.js:9288:12
      at batchedUpdates$1 
(node_modules/react-dom/cjs/react-dom.development.js:26179:12)
      at batchedUpdates 
(node_modules/react-dom/cjs/react-dom.development.js:3991:12)
      at dispatchEventForPluginEventSystem 
(node_modules/react-dom/cjs/react-dom.development.js:9287:3)
      at dispatchEventWithEnableCapturePhaseSelectiveHydrationWithoutDiscreteEv
entReplay (node_modules/react-dom/cjs/react-dom.development.js:6465:5)
      at dispatchEvent 
(node_modules/react-dom/cjs/react-dom.development.js:6457:5)
      at dispatchDiscreteEvent 
(node_modules/react-dom/cjs/react-dom.development.js:6430:5)
      at HTMLDivElement.callTheUserObjectsOperation 
(node_modules/jsdom/lib/jsdom/living/generated/EventListener.js:26:30)
      at innerInvokeEventListeners 
(node_modules/jsdom/lib/jsdom/living/events/EventTarget-impl.js:350:25)
      at invokeEventListeners 
(node_modules/jsdom/lib/jsdom/living/events/EventTarget-impl.js:286:3)
      at HTMLInputElementImpl._dispatch 
(node_modules/jsdom/lib/jsdom/living/events/EventTarget-impl.js:233:9)
      at HTMLInputElementImpl.dispatchEvent 
(node_modules/jsdom/lib/jsdom/living/events/EventTarget-impl.js:104:17)
      at HTMLInputElement.dispatchEvent 
(node_modules/jsdom/lib/jsdom/living/generated/EventTarget.js:241:34)
      at 
node_modules/@testing-library/user-event/dist/cjs/event/dispatchEvent.js:45:43
      at Object.eventWrapper 
(node_modules/@testing-library/dom/dist/config.js:25:23)
      at Object.wrapEvent 
(node_modules/@testing-library/user-event/dist/cjs/event/wrapEvent.js:6:28)
      at Object.dispatchEvent (node_modules/@testing-library/user-event/dist/cj
s/event/dispatchEvent.js:45:22)
      at Object.dispatchUIEvent (node_modules/@testing-library/user-event/dist/
cjs/event/dispatchEvent.js:22:26)
      at commitInput 
(node_modules/@testing-library/user-event/dist/cjs/event/input.js:145:14)
      at editInputElement 
(node_modules/@testing-library/user-event/dist/cjs/event/input.js:115:9)
      at Object.input 
(node_modules/@testing-library/user-event/dist/cjs/event/input.js:37:9)
      at node_modules/@testing-library/user-event/dist/cjs/event/behavior/keypr
ess.js:31:26
      at Object.dispatchEvent (node_modules/@testing-library/user-event/dist/cj
s/event/dispatchEvent.js:41:13)
      at Object.dispatchUIEvent (node_modules/@testing-library/user-event/dist/
cjs/event/dispatchEvent.js:22:26)
      at KeyboardHost.keydown 
(node_modules/@testing-library/user-event/dist/cjs/system/keyboard.js:76:22)
      at keyboardAction 
(node_modules/@testing-library/user-event/dist/cjs/keyboard/index.js:22:35)
      at Object.keyboard 
(node_modules/@testing-library/user-event/dist/cjs/keyboard/index.js:11:15)
      at Object.type 
(node_modules/@testing-library/user-event/dist/cjs/utility/type.js:17:5)
      at Object.<anonymous> (src/auth/auth.test.tsx:277:9)

    console.error
      Warning: An update to LoginForm inside a test was not wrapped in 
act(...).
      
      When testing, code that causes React state updates should be wrapped 
into act(...):
      
      act(() => {
        /* fire events that update state */
      });
      /* assert on the output */
      
      This ensures that you're testing the behavior the user would see in the 
browser. Learn more at https://reactjs.org/link/wrap-tests-with-act
          at LoginForm (C:\Users\samhe\OneDrive\Desktop\Cleaned\frontend\src\au
th\LoginForm\LoginForm.tsx:41:33)
          at div
          at div
          at LoginPage
          at routeContext (C:\Users\samhe\OneDrive\Desktop\Cleaned\frontend\nod
e_modules\react-router\lib\hooks.tsx:658:26)
          at children (C:\Users\samhe\OneDrive\Desktop\Cleaned\frontend\node_mo
dules\react-router\lib\components.tsx:512:3)
          at basenameProp (C:\Users\samhe\OneDrive\Desktop\Cleaned\frontend\nod
e_modules\react-router\lib\components.tsx:421:13)
          at basename (C:\Users\samhe\OneDrive\Desktop\Cleaned\frontend\node_mo
dules\react-router\lib\components.tsx:225:3)

      141 |                         placeholder="Enter your password"
      142 |                         value={password}
    > 143 |                         onChange={(e) => 
setPassword(e.target.value)}
          |                                          ^
      144 |                         className="w-full rounded-md border 
border-gray-300 px-3 py-2 pr-10 text-sm focus:outline-none focus:ring-2 
focus:ring-gray-900 disabled:opacity-50"
      145 |                     />
      146 |                     <button

      at printWarning 
(node_modules/react-dom/cjs/react-dom.development.js:86:30)
      at error (node_modules/react-dom/cjs/react-dom.development.js:60:7)
      at warnIfUpdatesNotWrappedWithActDEV 
(node_modules/react-dom/cjs/react-dom.development.js:27628:9)
      at scheduleUpdateOnFiber 
(node_modules/react-dom/cjs/react-dom.development.js:25547:5)
      at dispatchSetState 
(node_modules/react-dom/cjs/react-dom.development.js:16708:7)
      at onChange (src/auth/LoginForm/LoginForm.tsx:143:42)
      at HTMLUnknownElement.callCallback 
(node_modules/react-dom/cjs/react-dom.development.js:4164:14)
      at HTMLUnknownElement.callTheUserObjectsOperation 
(node_modules/jsdom/lib/jsdom/living/generated/EventListener.js:26:30)
      at innerInvokeEventListeners 
(node_modules/jsdom/lib/jsdom/living/events/EventTarget-impl.js:350:25)
      at invokeEventListeners 
(node_modules/jsdom/lib/jsdom/living/events/EventTarget-impl.js:286:3)
      at HTMLUnknownElementImpl._dispatch 
(node_modules/jsdom/lib/jsdom/living/events/EventTarget-impl.js:233:9)
      at HTMLUnknownElementImpl.dispatchEvent 
(node_modules/jsdom/lib/jsdom/living/events/EventTarget-impl.js:104:17)
      at HTMLUnknownElement.dispatchEvent 
(node_modules/jsdom/lib/jsdom/living/generated/EventTarget.js:241:34)
      at Object.invokeGuardedCallbackDev 
(node_modules/react-dom/cjs/react-dom.development.js:4213:16)
      at invokeGuardedCallback 
(node_modules/react-dom/cjs/react-dom.development.js:4277:31)
      at invokeGuardedCallbackAndCatchFirstError 
(node_modules/react-dom/cjs/react-dom.development.js:4291:25)
      at executeDispatch 
(node_modules/react-dom/cjs/react-dom.development.js:9041:3)
      at processDispatchQueueItemsInOrder 
(node_modules/react-dom/cjs/react-dom.development.js:9073:7)
      at processDispatchQueue 
(node_modules/react-dom/cjs/react-dom.development.js:9086:5)
      at dispatchEventsForPlugins 
(node_modules/react-dom/cjs/react-dom.development.js:9097:3)
      at node_modules/react-dom/cjs/react-dom.development.js:9288:12
      at batchedUpdates$1 
(node_modules/react-dom/cjs/react-dom.development.js:26179:12)
      at batchedUpdates 
(node_modules/react-dom/cjs/react-dom.development.js:3991:12)
      at dispatchEventForPluginEventSystem 
(node_modules/react-dom/cjs/react-dom.development.js:9287:3)
      at dispatchEventWithEnableCapturePhaseSelectiveHydrationWithoutDiscreteEv
entReplay (node_modules/react-dom/cjs/react-dom.development.js:6465:5)
      at dispatchEvent 
(node_modules/react-dom/cjs/react-dom.development.js:6457:5)
      at dispatchDiscreteEvent 
(node_modules/react-dom/cjs/react-dom.development.js:6430:5)
      at HTMLDivElement.callTheUserObjectsOperation 
(node_modules/jsdom/lib/jsdom/living/generated/EventListener.js:26:30)
      at innerInvokeEventListeners 
(node_modules/jsdom/lib/jsdom/living/events/EventTarget-impl.js:350:25)
      at invokeEventListeners 
(node_modules/jsdom/lib/jsdom/living/events/EventTarget-impl.js:286:3)
      at HTMLInputElementImpl._dispatch 
(node_modules/jsdom/lib/jsdom/living/events/EventTarget-impl.js:233:9)
      at HTMLInputElementImpl.dispatchEvent 
(node_modules/jsdom/lib/jsdom/living/events/EventTarget-impl.js:104:17)
      at HTMLInputElement.dispatchEvent 
(node_modules/jsdom/lib/jsdom/living/generated/EventTarget.js:241:34)
      at 
node_modules/@testing-library/user-event/dist/cjs/event/dispatchEvent.js:45:43
      at Object.eventWrapper 
(node_modules/@testing-library/dom/dist/config.js:25:23)
      at Object.wrapEvent 
(node_modules/@testing-library/user-event/dist/cjs/event/wrapEvent.js:6:28)
      at Object.dispatchEvent (node_modules/@testing-library/user-event/dist/cj
s/event/dispatchEvent.js:45:22)
      at Object.dispatchUIEvent (node_modules/@testing-library/user-event/dist/
cjs/event/dispatchEvent.js:22:26)
      at commitInput 
(node_modules/@testing-library/user-event/dist/cjs/event/input.js:145:14)
      at editInputElement 
(node_modules/@testing-library/user-event/dist/cjs/event/input.js:115:9)
      at Object.input 
(node_modules/@testing-library/user-event/dist/cjs/event/input.js:37:9)
      at node_modules/@testing-library/user-event/dist/cjs/event/behavior/keypr
ess.js:31:26
      at Object.dispatchEvent (node_modules/@testing-library/user-event/dist/cj
s/event/dispatchEvent.js:41:13)
      at Object.dispatchUIEvent (node_modules/@testing-library/user-event/dist/
cjs/event/dispatchEvent.js:22:26)
      at KeyboardHost.keydown 
(node_modules/@testing-library/user-event/dist/cjs/system/keyboard.js:76:22)
      at keyboardAction 
(node_modules/@testing-library/user-event/dist/cjs/keyboard/index.js:22:35)
      at Object.keyboard 
(node_modules/@testing-library/user-event/dist/cjs/keyboard/index.js:11:15)
      at Object.type 
(node_modules/@testing-library/user-event/dist/cjs/utility/type.js:17:5)
      at Object.<anonymous> (src/auth/auth.test.tsx:277:9)

    console.error
      Warning: An update to LoginForm inside a test was not wrapped in 
act(...).
      
      When testing, code that causes React state updates should be wrapped 
into act(...):
      
      act(() => {
        /* fire events that update state */
      });
      /* assert on the output */
      
      This ensures that you're testing the behavior the user would see in the 
browser. Learn more at https://reactjs.org/link/wrap-tests-with-act
          at LoginForm (C:\Users\samhe\OneDrive\Desktop\Cleaned\frontend\src\au
th\LoginForm\LoginForm.tsx:41:33)
          at div
          at div
          at LoginPage
          at routeContext (C:\Users\samhe\OneDrive\Desktop\Cleaned\frontend\nod
e_modules\react-router\lib\hooks.tsx:658:26)
          at children (C:\Users\samhe\OneDrive\Desktop\Cleaned\frontend\node_mo
dules\react-router\lib\components.tsx:512:3)
          at basenameProp (C:\Users\samhe\OneDrive\Desktop\Cleaned\frontend\nod
e_modules\react-router\lib\components.tsx:421:13)
          at basename (C:\Users\samhe\OneDrive\Desktop\Cleaned\frontend\node_mo
dules\react-router\lib\components.tsx:225:3)

      141 |                         placeholder="Enter your password"
      142 |                         value={password}
    > 143 |                         onChange={(e) => 
setPassword(e.target.value)}
          |                                          ^
      144 |                         className="w-full rounded-md border 
border-gray-300 px-3 py-2 pr-10 text-sm focus:outline-none focus:ring-2 
focus:ring-gray-900 disabled:opacity-50"
      145 |                     />
      146 |                     <button

      at printWarning 
(node_modules/react-dom/cjs/react-dom.development.js:86:30)
      at error (node_modules/react-dom/cjs/react-dom.development.js:60:7)
      at warnIfUpdatesNotWrappedWithActDEV 
(node_modules/react-dom/cjs/react-dom.development.js:27628:9)
      at scheduleUpdateOnFiber 
(node_modules/react-dom/cjs/react-dom.development.js:25547:5)
      at dispatchSetState 
(node_modules/react-dom/cjs/react-dom.development.js:16708:7)
      at onChange (src/auth/LoginForm/LoginForm.tsx:143:42)
      at HTMLUnknownElement.callCallback 
(node_modules/react-dom/cjs/react-dom.development.js:4164:14)
      at HTMLUnknownElement.callTheUserObjectsOperation 
(node_modules/jsdom/lib/jsdom/living/generated/EventListener.js:26:30)
      at innerInvokeEventListeners 
(node_modules/jsdom/lib/jsdom/living/events/EventTarget-impl.js:350:25)
      at invokeEventListeners 
(node_modules/jsdom/lib/jsdom/living/events/EventTarget-impl.js:286:3)
      at HTMLUnknownElementImpl._dispatch 
(node_modules/jsdom/lib/jsdom/living/events/EventTarget-impl.js:233:9)
      at HTMLUnknownElementImpl.dispatchEvent 
(node_modules/jsdom/lib/jsdom/living/events/EventTarget-impl.js:104:17)
      at HTMLUnknownElement.dispatchEvent 
(node_modules/jsdom/lib/jsdom/living/generated/EventTarget.js:241:34)
      at Object.invokeGuardedCallbackDev 
(node_modules/react-dom/cjs/react-dom.development.js:4213:16)
      at invokeGuardedCallback 
(node_modules/react-dom/cjs/react-dom.development.js:4277:31)
      at invokeGuardedCallbackAndCatchFirstError 
(node_modules/react-dom/cjs/react-dom.development.js:4291:25)
      at executeDispatch 
(node_modules/react-dom/cjs/react-dom.development.js:9041:3)
      at processDispatchQueueItemsInOrder 
(node_modules/react-dom/cjs/react-dom.development.js:9073:7)
      at processDispatchQueue 
(node_modules/react-dom/cjs/react-dom.development.js:9086:5)
      at dispatchEventsForPlugins 
(node_modules/react-dom/cjs/react-dom.development.js:9097:3)
      at node_modules/react-dom/cjs/react-dom.development.js:9288:12
      at batchedUpdates$1 
(node_modules/react-dom/cjs/react-dom.development.js:26179:12)
      at batchedUpdates 
(node_modules/react-dom/cjs/react-dom.development.js:3991:12)
      at dispatchEventForPluginEventSystem 
(node_modules/react-dom/cjs/react-dom.development.js:9287:3)
      at dispatchEventWithEnableCapturePhaseSelectiveHydrationWithoutDiscreteEv
entReplay (node_modules/react-dom/cjs/react-dom.development.js:6465:5)
      at dispatchEvent 
(node_modules/react-dom/cjs/react-dom.development.js:6457:5)
      at dispatchDiscreteEvent 
(node_modules/react-dom/cjs/react-dom.development.js:6430:5)
      at HTMLDivElement.callTheUserObjectsOperation 
(node_modules/jsdom/lib/jsdom/living/generated/EventListener.js:26:30)
      at innerInvokeEventListeners 
(node_modules/jsdom/lib/jsdom/living/events/EventTarget-impl.js:350:25)
      at invokeEventListeners 
(node_modules/jsdom/lib/jsdom/living/events/EventTarget-impl.js:286:3)
      at HTMLInputElementImpl._dispatch 
(node_modules/jsdom/lib/jsdom/living/events/EventTarget-impl.js:233:9)
      at HTMLInputElementImpl.dispatchEvent 
(node_modules/jsdom/lib/jsdom/living/events/EventTarget-impl.js:104:17)
      at HTMLInputElement.dispatchEvent 
(node_modules/jsdom/lib/jsdom/living/generated/EventTarget.js:241:34)
      at 
node_modules/@testing-library/user-event/dist/cjs/event/dispatchEvent.js:45:43
      at Object.eventWrapper 
(node_modules/@testing-library/dom/dist/config.js:25:23)
      at Object.wrapEvent 
(node_modules/@testing-library/user-event/dist/cjs/event/wrapEvent.js:6:28)
      at Object.dispatchEvent (node_modules/@testing-library/user-event/dist/cj
s/event/dispatchEvent.js:45:22)
      at Object.dispatchUIEvent (node_modules/@testing-library/user-event/dist/
cjs/event/dispatchEvent.js:22:26)
      at commitInput 
(node_modules/@testing-library/user-event/dist/cjs/event/input.js:145:14)
      at editInputElement 
(node_modules/@testing-library/user-event/dist/cjs/event/input.js:115:9)
      at Object.input 
(node_modules/@testing-library/user-event/dist/cjs/event/input.js:37:9)
      at node_modules/@testing-library/user-event/dist/cjs/event/behavior/keypr
ess.js:31:26
      at Object.dispatchEvent (node_modules/@testing-library/user-event/dist/cj
s/event/dispatchEvent.js:41:13)
      at Object.dispatchUIEvent (node_modules/@testing-library/user-event/dist/
cjs/event/dispatchEvent.js:22:26)
      at KeyboardHost.keydown 
(node_modules/@testing-library/user-event/dist/cjs/system/keyboard.js:76:22)
      at keyboardAction 
(node_modules/@testing-library/user-event/dist/cjs/keyboard/index.js:22:35)
      at Object.keyboard 
(node_modules/@testing-library/user-event/dist/cjs/keyboard/index.js:11:15)
      at Object.type 
(node_modules/@testing-library/user-event/dist/cjs/utility/type.js:17:5)
      at Object.<anonymous> (src/auth/auth.test.tsx:277:9)

    console.error
      Warning: An update to LoginForm inside a test was not wrapped in 
act(...).
      
      When testing, code that causes React state updates should be wrapped 
into act(...):
      
      act(() => {
        /* fire events that update state */
      });
      /* assert on the output */
      
      This ensures that you're testing the behavior the user would see in the 
browser. Learn more at https://reactjs.org/link/wrap-tests-with-act
          at LoginForm (C:\Users\samhe\OneDrive\Desktop\Cleaned\frontend\src\au
th\LoginForm\LoginForm.tsx:41:33)
          at div
          at div
          at LoginPage
          at routeContext (C:\Users\samhe\OneDrive\Desktop\Cleaned\frontend\nod
e_modules\react-router\lib\hooks.tsx:658:26)
          at children (C:\Users\samhe\OneDrive\Desktop\Cleaned\frontend\node_mo
dules\react-router\lib\components.tsx:512:3)
          at basenameProp (C:\Users\samhe\OneDrive\Desktop\Cleaned\frontend\nod
e_modules\react-router\lib\components.tsx:421:13)
          at basename (C:\Users\samhe\OneDrive\Desktop\Cleaned\frontend\node_mo
dules\react-router\lib\components.tsx:225:3)

      141 |                         placeholder="Enter your password"
      142 |                         value={password}
    > 143 |                         onChange={(e) => 
setPassword(e.target.value)}
          |                                          ^
      144 |                         className="w-full rounded-md border 
border-gray-300 px-3 py-2 pr-10 text-sm focus:outline-none focus:ring-2 
focus:ring-gray-900 disabled:opacity-50"
      145 |                     />
      146 |                     <button

      at printWarning 
(node_modules/react-dom/cjs/react-dom.development.js:86:30)
      at error (node_modules/react-dom/cjs/react-dom.development.js:60:7)
      at warnIfUpdatesNotWrappedWithActDEV 
(node_modules/react-dom/cjs/react-dom.development.js:27628:9)
      at scheduleUpdateOnFiber 
(node_modules/react-dom/cjs/react-dom.development.js:25547:5)
      at dispatchSetState 
(node_modules/react-dom/cjs/react-dom.development.js:16708:7)
      at onChange (src/auth/LoginForm/LoginForm.tsx:143:42)
      at HTMLUnknownElement.callCallback 
(node_modules/react-dom/cjs/react-dom.development.js:4164:14)
      at HTMLUnknownElement.callTheUserObjectsOperation 
(node_modules/jsdom/lib/jsdom/living/generated/EventListener.js:26:30)
      at innerInvokeEventListeners 
(node_modules/jsdom/lib/jsdom/living/events/EventTarget-impl.js:350:25)
      at invokeEventListeners 
(node_modules/jsdom/lib/jsdom/living/events/EventTarget-impl.js:286:3)
      at HTMLUnknownElementImpl._dispatch 
(node_modules/jsdom/lib/jsdom/living/events/EventTarget-impl.js:233:9)
      at HTMLUnknownElementImpl.dispatchEvent 
(node_modules/jsdom/lib/jsdom/living/events/EventTarget-impl.js:104:17)
      at HTMLUnknownElement.dispatchEvent 
(node_modules/jsdom/lib/jsdom/living/generated/EventTarget.js:241:34)
      at Object.invokeGuardedCallbackDev 
(node_modules/react-dom/cjs/react-dom.development.js:4213:16)
      at invokeGuardedCallback 
(node_modules/react-dom/cjs/react-dom.development.js:4277:31)
      at invokeGuardedCallbackAndCatchFirstError 
(node_modules/react-dom/cjs/react-dom.development.js:4291:25)
      at executeDispatch 
(node_modules/react-dom/cjs/react-dom.development.js:9041:3)
      at processDispatchQueueItemsInOrder 
(node_modules/react-dom/cjs/react-dom.development.js:9073:7)
      at processDispatchQueue 
(node_modules/react-dom/cjs/react-dom.development.js:9086:5)
      at dispatchEventsForPlugins 
(node_modules/react-dom/cjs/react-dom.development.js:9097:3)
      at node_modules/react-dom/cjs/react-dom.development.js:9288:12
      at batchedUpdates$1 
(node_modules/react-dom/cjs/react-dom.development.js:26179:12)
      at batchedUpdates 
(node_modules/react-dom/cjs/react-dom.development.js:3991:12)
      at dispatchEventForPluginEventSystem 
(node_modules/react-dom/cjs/react-dom.development.js:9287:3)
      at dispatchEventWithEnableCapturePhaseSelectiveHydrationWithoutDiscreteEv
entReplay (node_modules/react-dom/cjs/react-dom.development.js:6465:5)
      at dispatchEvent 
(node_modules/react-dom/cjs/react-dom.development.js:6457:5)
      at dispatchDiscreteEvent 
(node_modules/react-dom/cjs/react-dom.development.js:6430:5)
      at HTMLDivElement.callTheUserObjectsOperation 
(node_modules/jsdom/lib/jsdom/living/generated/EventListener.js:26:30)
      at innerInvokeEventListeners 
(node_modules/jsdom/lib/jsdom/living/events/EventTarget-impl.js:350:25)
      at invokeEventListeners 
(node_modules/jsdom/lib/jsdom/living/events/EventTarget-impl.js:286:3)
      at HTMLInputElementImpl._dispatch 
(node_modules/jsdom/lib/jsdom/living/events/EventTarget-impl.js:233:9)
      at HTMLInputElementImpl.dispatchEvent 
(node_modules/jsdom/lib/jsdom/living/events/EventTarget-impl.js:104:17)
      at HTMLInputElement.dispatchEvent 
(node_modules/jsdom/lib/jsdom/living/generated/EventTarget.js:241:34)
      at 
node_modules/@testing-library/user-event/dist/cjs/event/dispatchEvent.js:45:43
      at Object.eventWrapper 
(node_modules/@testing-library/dom/dist/config.js:25:23)
      at Object.wrapEvent 
(node_modules/@testing-library/user-event/dist/cjs/event/wrapEvent.js:6:28)
      at Object.dispatchEvent (node_modules/@testing-library/user-event/dist/cj
s/event/dispatchEvent.js:45:22)
      at Object.dispatchUIEvent (node_modules/@testing-library/user-event/dist/
cjs/event/dispatchEvent.js:22:26)
      at commitInput 
(node_modules/@testing-library/user-event/dist/cjs/event/input.js:145:14)
      at editInputElement 
(node_modules/@testing-library/user-event/dist/cjs/event/input.js:115:9)
      at Object.input 
(node_modules/@testing-library/user-event/dist/cjs/event/input.js:37:9)
      at node_modules/@testing-library/user-event/dist/cjs/event/behavior/keypr
ess.js:31:26
      at Object.dispatchEvent (node_modules/@testing-library/user-event/dist/cj
s/event/dispatchEvent.js:41:13)
      at Object.dispatchUIEvent (node_modules/@testing-library/user-event/dist/
cjs/event/dispatchEvent.js:22:26)
      at KeyboardHost.keydown 
(node_modules/@testing-library/user-event/dist/cjs/system/keyboard.js:76:22)
      at keyboardAction 
(node_modules/@testing-library/user-event/dist/cjs/keyboard/index.js:22:35)
      at Object.keyboard 
(node_modules/@testing-library/user-event/dist/cjs/keyboard/index.js:11:15)
      at Object.type 
(node_modules/@testing-library/user-event/dist/cjs/utility/type.js:17:5)
      at Object.<anonymous> (src/auth/auth.test.tsx:277:9)

    console.error
      Warning: An update to LoginForm inside a test was not wrapped in 
act(...).
      
      When testing, code that causes React state updates should be wrapped 
into act(...):
      
      act(() => {
        /* fire events that update state */
      });
      /* assert on the output */
      
      This ensures that you're testing the behavior the user would see in the 
browser. Learn more at https://reactjs.org/link/wrap-tests-with-act
          at LoginForm (C:\Users\samhe\OneDrive\Desktop\Cleaned\frontend\src\au
th\LoginForm\LoginForm.tsx:41:33)
          at div
          at div
          at LoginPage
          at routeContext (C:\Users\samhe\OneDrive\Desktop\Cleaned\frontend\nod
e_modules\react-router\lib\hooks.tsx:658:26)
          at children (C:\Users\samhe\OneDrive\Desktop\Cleaned\frontend\node_mo
dules\react-router\lib\components.tsx:512:3)
          at basenameProp (C:\Users\samhe\OneDrive\Desktop\Cleaned\frontend\nod
e_modules\react-router\lib\components.tsx:421:13)
          at basename (C:\Users\samhe\OneDrive\Desktop\Cleaned\frontend\node_mo
dules\react-router\lib\components.tsx:225:3)

      141 |                         placeholder="Enter your password"
      142 |                         value={password}
    > 143 |                         onChange={(e) => 
setPassword(e.target.value)}
          |                                          ^
      144 |                         className="w-full rounded-md border 
border-gray-300 px-3 py-2 pr-10 text-sm focus:outline-none focus:ring-2 
focus:ring-gray-900 disabled:opacity-50"
      145 |                     />
      146 |                     <button

      at printWarning 
(node_modules/react-dom/cjs/react-dom.development.js:86:30)
      at error (node_modules/react-dom/cjs/react-dom.development.js:60:7)
      at warnIfUpdatesNotWrappedWithActDEV 
(node_modules/react-dom/cjs/react-dom.development.js:27628:9)
      at scheduleUpdateOnFiber 
(node_modules/react-dom/cjs/react-dom.development.js:25547:5)
      at dispatchSetState 
(node_modules/react-dom/cjs/react-dom.development.js:16708:7)
      at onChange (src/auth/LoginForm/LoginForm.tsx:143:42)
      at HTMLUnknownElement.callCallback 
(node_modules/react-dom/cjs/react-dom.development.js:4164:14)
      at HTMLUnknownElement.callTheUserObjectsOperation 
(node_modules/jsdom/lib/jsdom/living/generated/EventListener.js:26:30)
      at innerInvokeEventListeners 
(node_modules/jsdom/lib/jsdom/living/events/EventTarget-impl.js:350:25)
      at invokeEventListeners 
(node_modules/jsdom/lib/jsdom/living/events/EventTarget-impl.js:286:3)
      at HTMLUnknownElementImpl._dispatch 
(node_modules/jsdom/lib/jsdom/living/events/EventTarget-impl.js:233:9)
      at HTMLUnknownElementImpl.dispatchEvent 
(node_modules/jsdom/lib/jsdom/living/events/EventTarget-impl.js:104:17)
      at HTMLUnknownElement.dispatchEvent 
(node_modules/jsdom/lib/jsdom/living/generated/EventTarget.js:241:34)
      at Object.invokeGuardedCallbackDev 
(node_modules/react-dom/cjs/react-dom.development.js:4213:16)
      at invokeGuardedCallback 
(node_modules/react-dom/cjs/react-dom.development.js:4277:31)
      at invokeGuardedCallbackAndCatchFirstError 
(node_modules/react-dom/cjs/react-dom.development.js:4291:25)
      at executeDispatch 
(node_modules/react-dom/cjs/react-dom.development.js:9041:3)
      at processDispatchQueueItemsInOrder 
(node_modules/react-dom/cjs/react-dom.development.js:9073:7)
      at processDispatchQueue 
(node_modules/react-dom/cjs/react-dom.development.js:9086:5)
      at dispatchEventsForPlugins 
(node_modules/react-dom/cjs/react-dom.development.js:9097:3)
      at node_modules/react-dom/cjs/react-dom.development.js:9288:12
      at batchedUpdates$1 
(node_modules/react-dom/cjs/react-dom.development.js:26179:12)
      at batchedUpdates 
(node_modules/react-dom/cjs/react-dom.development.js:3991:12)
      at dispatchEventForPluginEventSystem 
(node_modules/react-dom/cjs/react-dom.development.js:9287:3)
      at dispatchEventWithEnableCapturePhaseSelectiveHydrationWithoutDiscreteEv
entReplay (node_modules/react-dom/cjs/react-dom.development.js:6465:5)
      at dispatchEvent 
(node_modules/react-dom/cjs/react-dom.development.js:6457:5)
      at dispatchDiscreteEvent 
(node_modules/react-dom/cjs/react-dom.development.js:6430:5)
      at HTMLDivElement.callTheUserObjectsOperation 
(node_modules/jsdom/lib/jsdom/living/generated/EventListener.js:26:30)
      at innerInvokeEventListeners 
(node_modules/jsdom/lib/jsdom/living/events/EventTarget-impl.js:350:25)
      at invokeEventListeners 
(node_modules/jsdom/lib/jsdom/living/events/EventTarget-impl.js:286:3)
      at HTMLInputElementImpl._dispatch 
(node_modules/jsdom/lib/jsdom/living/events/EventTarget-impl.js:233:9)
      at HTMLInputElementImpl.dispatchEvent 
(node_modules/jsdom/lib/jsdom/living/events/EventTarget-impl.js:104:17)
      at HTMLInputElement.dispatchEvent 
(node_modules/jsdom/lib/jsdom/living/generated/EventTarget.js:241:34)
      at 
node_modules/@testing-library/user-event/dist/cjs/event/dispatchEvent.js:45:43
      at Object.eventWrapper 
(node_modules/@testing-library/dom/dist/config.js:25:23)
      at Object.wrapEvent 
(node_modules/@testing-library/user-event/dist/cjs/event/wrapEvent.js:6:28)
      at Object.dispatchEvent (node_modules/@testing-library/user-event/dist/cj
s/event/dispatchEvent.js:45:22)
      at Object.dispatchUIEvent (node_modules/@testing-library/user-event/dist/
cjs/event/dispatchEvent.js:22:26)
      at commitInput 
(node_modules/@testing-library/user-event/dist/cjs/event/input.js:145:14)
      at editInputElement 
(node_modules/@testing-library/user-event/dist/cjs/event/input.js:115:9)
      at Object.input 
(node_modules/@testing-library/user-event/dist/cjs/event/input.js:37:9)
      at node_modules/@testing-library/user-event/dist/cjs/event/behavior/keypr
ess.js:31:26
      at Object.dispatchEvent (node_modules/@testing-library/user-event/dist/cj
s/event/dispatchEvent.js:41:13)
      at Object.dispatchUIEvent (node_modules/@testing-library/user-event/dist/
cjs/event/dispatchEvent.js:22:26)
      at KeyboardHost.keydown 
(node_modules/@testing-library/user-event/dist/cjs/system/keyboard.js:76:22)
      at keyboardAction 
(node_modules/@testing-library/user-event/dist/cjs/keyboard/index.js:22:35)
      at Object.keyboard 
(node_modules/@testing-library/user-event/dist/cjs/keyboard/index.js:11:15)
      at Object.type 
(node_modules/@testing-library/user-event/dist/cjs/utility/type.js:17:5)
      at Object.<anonymous> (src/auth/auth.test.tsx:277:9)

    console.error
      Warning: An update to LoginForm inside a test was not wrapped in 
act(...).
      
      When testing, code that causes React state updates should be wrapped 
into act(...):
      
      act(() => {
        /* fire events that update state */
      });
      /* assert on the output */
      
      This ensures that you're testing the behavior the user would see in the 
browser. Learn more at https://reactjs.org/link/wrap-tests-with-act
          at LoginForm (C:\Users\samhe\OneDrive\Desktop\Cleaned\frontend\src\au
th\LoginForm\LoginForm.tsx:41:33)
          at div
          at div
          at LoginPage
          at routeContext (C:\Users\samhe\OneDrive\Desktop\Cleaned\frontend\nod
e_modules\react-router\lib\hooks.tsx:658:26)
          at children (C:\Users\samhe\OneDrive\Desktop\Cleaned\frontend\node_mo
dules\react-router\lib\components.tsx:512:3)
          at basenameProp (C:\Users\samhe\OneDrive\Desktop\Cleaned\frontend\nod
e_modules\react-router\lib\components.tsx:421:13)
          at basename (C:\Users\samhe\OneDrive\Desktop\Cleaned\frontend\node_mo
dules\react-router\lib\components.tsx:225:3)

      141 |                         placeholder="Enter your password"
      142 |                         value={password}
    > 143 |                         onChange={(e) => 
setPassword(e.target.value)}
          |                                          ^
      144 |                         className="w-full rounded-md border 
border-gray-300 px-3 py-2 pr-10 text-sm focus:outline-none focus:ring-2 
focus:ring-gray-900 disabled:opacity-50"
      145 |                     />
      146 |                     <button

      at printWarning 
(node_modules/react-dom/cjs/react-dom.development.js:86:30)
      at error (node_modules/react-dom/cjs/react-dom.development.js:60:7)
      at warnIfUpdatesNotWrappedWithActDEV 
(node_modules/react-dom/cjs/react-dom.development.js:27628:9)
      at scheduleUpdateOnFiber 
(node_modules/react-dom/cjs/react-dom.development.js:25547:5)
      at dispatchSetState 
(node_modules/react-dom/cjs/react-dom.development.js:16708:7)
      at onChange (src/auth/LoginForm/LoginForm.tsx:143:42)
      at HTMLUnknownElement.callCallback 
(node_modules/react-dom/cjs/react-dom.development.js:4164:14)
      at HTMLUnknownElement.callTheUserObjectsOperation 
(node_modules/jsdom/lib/jsdom/living/generated/EventListener.js:26:30)
      at innerInvokeEventListeners 
(node_modules/jsdom/lib/jsdom/living/events/EventTarget-impl.js:350:25)
      at invokeEventListeners 
(node_modules/jsdom/lib/jsdom/living/events/EventTarget-impl.js:286:3)
      at HTMLUnknownElementImpl._dispatch 
(node_modules/jsdom/lib/jsdom/living/events/EventTarget-impl.js:233:9)
      at HTMLUnknownElementImpl.dispatchEvent 
(node_modules/jsdom/lib/jsdom/living/events/EventTarget-impl.js:104:17)
      at HTMLUnknownElement.dispatchEvent 
(node_modules/jsdom/lib/jsdom/living/generated/EventTarget.js:241:34)
      at Object.invokeGuardedCallbackDev 
(node_modules/react-dom/cjs/react-dom.development.js:4213:16)
      at invokeGuardedCallback 
(node_modules/react-dom/cjs/react-dom.development.js:4277:31)
      at invokeGuardedCallbackAndCatchFirstError 
(node_modules/react-dom/cjs/react-dom.development.js:4291:25)
      at executeDispatch 
(node_modules/react-dom/cjs/react-dom.development.js:9041:3)
      at processDispatchQueueItemsInOrder 
(node_modules/react-dom/cjs/react-dom.development.js:9073:7)
      at processDispatchQueue 
(node_modules/react-dom/cjs/react-dom.development.js:9086:5)
      at dispatchEventsForPlugins 
(node_modules/react-dom/cjs/react-dom.development.js:9097:3)
      at node_modules/react-dom/cjs/react-dom.development.js:9288:12
      at batchedUpdates$1 
(node_modules/react-dom/cjs/react-dom.development.js:26179:12)
      at batchedUpdates 
(node_modules/react-dom/cjs/react-dom.development.js:3991:12)
      at dispatchEventForPluginEventSystem 
(node_modules/react-dom/cjs/react-dom.development.js:9287:3)
      at dispatchEventWithEnableCapturePhaseSelectiveHydrationWithoutDiscreteEv
entReplay (node_modules/react-dom/cjs/react-dom.development.js:6465:5)
      at dispatchEvent 
(node_modules/react-dom/cjs/react-dom.development.js:6457:5)
      at dispatchDiscreteEvent 
(node_modules/react-dom/cjs/react-dom.development.js:6430:5)
      at HTMLDivElement.callTheUserObjectsOperation 
(node_modules/jsdom/lib/jsdom/living/generated/EventListener.js:26:30)
      at innerInvokeEventListeners 
(node_modules/jsdom/lib/jsdom/living/events/EventTarget-impl.js:350:25)
      at invokeEventListeners 
(node_modules/jsdom/lib/jsdom/living/events/EventTarget-impl.js:286:3)
      at HTMLInputElementImpl._dispatch 
(node_modules/jsdom/lib/jsdom/living/events/EventTarget-impl.js:233:9)
      at HTMLInputElementImpl.dispatchEvent 
(node_modules/jsdom/lib/jsdom/living/events/EventTarget-impl.js:104:17)
      at HTMLInputElement.dispatchEvent 
(node_modules/jsdom/lib/jsdom/living/generated/EventTarget.js:241:34)
      at 
node_modules/@testing-library/user-event/dist/cjs/event/dispatchEvent.js:45:43
      at Object.eventWrapper 
(node_modules/@testing-library/dom/dist/config.js:25:23)
      at Object.wrapEvent 
(node_modules/@testing-library/user-event/dist/cjs/event/wrapEvent.js:6:28)
      at Object.dispatchEvent (node_modules/@testing-library/user-event/dist/cj
s/event/dispatchEvent.js:45:22)
      at Object.dispatchUIEvent (node_modules/@testing-library/user-event/dist/
cjs/event/dispatchEvent.js:22:26)
      at commitInput 
(node_modules/@testing-library/user-event/dist/cjs/event/input.js:145:14)
      at editInputElement 
(node_modules/@testing-library/user-event/dist/cjs/event/input.js:115:9)
      at Object.input 
(node_modules/@testing-library/user-event/dist/cjs/event/input.js:37:9)
      at node_modules/@testing-library/user-event/dist/cjs/event/behavior/keypr
ess.js:31:26
      at Object.dispatchEvent (node_modules/@testing-library/user-event/dist/cj
s/event/dispatchEvent.js:41:13)
      at Object.dispatchUIEvent (node_modules/@testing-library/user-event/dist/
cjs/event/dispatchEvent.js:22:26)
      at KeyboardHost.keydown 
(node_modules/@testing-library/user-event/dist/cjs/system/keyboard.js:76:22)
      at keyboardAction 
(node_modules/@testing-library/user-event/dist/cjs/keyboard/index.js:22:35)
      at Object.keyboard 
(node_modules/@testing-library/user-event/dist/cjs/keyboard/index.js:11:15)
      at Object.type 
(node_modules/@testing-library/user-event/dist/cjs/utility/type.js:17:5)
      at Object.<anonymous> (src/auth/auth.test.tsx:277:9)

    console.error
      Warning: An update to LoginForm inside a test was not wrapped in 
act(...).
      
      When testing, code that causes React state updates should be wrapped 
into act(...):
      
      act(() => {
        /* fire events that update state */
      });
      /* assert on the output */
      
      This ensures that you're testing the behavior the user would see in the 
browser. Learn more at https://reactjs.org/link/wrap-tests-with-act
          at LoginForm (C:\Users\samhe\OneDrive\Desktop\Cleaned\frontend\src\au
th\LoginForm\LoginForm.tsx:41:33)
          at div
          at div
          at LoginPage
          at routeContext (C:\Users\samhe\OneDrive\Desktop\Cleaned\frontend\nod
e_modules\react-router\lib\hooks.tsx:658:26)
          at children (C:\Users\samhe\OneDrive\Desktop\Cleaned\frontend\node_mo
dules\react-router\lib\components.tsx:512:3)
          at basenameProp (C:\Users\samhe\OneDrive\Desktop\Cleaned\frontend\nod
e_modules\react-router\lib\components.tsx:421:13)
          at basename (C:\Users\samhe\OneDrive\Desktop\Cleaned\frontend\node_mo
dules\react-router\lib\components.tsx:225:3)

      52 |     async function handleSubmit(e: React.FormEvent) {
      53 |         e.preventDefault()
    > 54 |         setError('')
         |         ^
      55 |
      56 |         // Client-side empty field validation (R-AUTH-EMPTY)
      57 |         if (!email.trim() || !password) {

      at printWarning 
(node_modules/react-dom/cjs/react-dom.development.js:86:30)
      at error (node_modules/react-dom/cjs/react-dom.development.js:60:7)
      at warnIfUpdatesNotWrappedWithActDEV 
(node_modules/react-dom/cjs/react-dom.development.js:27628:9)
      at scheduleUpdateOnFiber 
(node_modules/react-dom/cjs/react-dom.development.js:25547:5)
      at dispatchSetState 
(node_modules/react-dom/cjs/react-dom.development.js:16708:7)
      at handleSubmit (src/auth/LoginForm/LoginForm.tsx:54:9)
      at HTMLUnknownElement.callCallback 
(node_modules/react-dom/cjs/react-dom.development.js:4164:14)
      at HTMLUnknownElement.callTheUserObjectsOperation 
(node_modules/jsdom/lib/jsdom/living/generated/EventListener.js:26:30)
      at innerInvokeEventListeners 
(node_modules/jsdom/lib/jsdom/living/events/EventTarget-impl.js:350:25)
      at invokeEventListeners 
(node_modules/jsdom/lib/jsdom/living/events/EventTarget-impl.js:286:3)
      at HTMLUnknownElementImpl._dispatch 
(node_modules/jsdom/lib/jsdom/living/events/EventTarget-impl.js:233:9)
      at HTMLUnknownElementImpl.dispatchEvent 
(node_modules/jsdom/lib/jsdom/living/events/EventTarget-impl.js:104:17)
      at HTMLUnknownElement.dispatchEvent 
(node_modules/jsdom/lib/jsdom/living/generated/EventTarget.js:241:34)
      at Object.invokeGuardedCallbackDev 
(node_modules/react-dom/cjs/react-dom.development.js:4213:16)
      at invokeGuardedCallback 
(node_modules/react-dom/cjs/react-dom.development.js:4277:31)
      at invokeGuardedCallbackAndCatchFirstError 
(node_modules/react-dom/cjs/react-dom.development.js:4291:25)
      at executeDispatch 
(node_modules/react-dom/cjs/react-dom.development.js:9041:3)
      at processDispatchQueueItemsInOrder 
(node_modules/react-dom/cjs/react-dom.development.js:9073:7)
      at processDispatchQueue 
(node_modules/react-dom/cjs/react-dom.development.js:9086:5)
      at dispatchEventsForPlugins 
(node_modules/react-dom/cjs/react-dom.development.js:9097:3)
      at node_modules/react-dom/cjs/react-dom.development.js:9288:12
      at batchedUpdates$1 
(node_modules/react-dom/cjs/react-dom.development.js:26179:12)
      at batchedUpdates 
(node_modules/react-dom/cjs/react-dom.development.js:3991:12)
      at dispatchEventForPluginEventSystem 
(node_modules/react-dom/cjs/react-dom.development.js:9287:3)
      at dispatchEventWithEnableCapturePhaseSelectiveHydrationWithoutDiscreteEv
entReplay (node_modules/react-dom/cjs/react-dom.development.js:6465:5)
      at dispatchEvent 
(node_modules/react-dom/cjs/react-dom.development.js:6457:5)
      at dispatchDiscreteEvent 
(node_modules/react-dom/cjs/react-dom.development.js:6430:5)
      at HTMLDivElement.callTheUserObjectsOperation 
(node_modules/jsdom/lib/jsdom/living/generated/EventListener.js:26:30)
      at innerInvokeEventListeners 
(node_modules/jsdom/lib/jsdom/living/events/EventTarget-impl.js:350:25)
      at invokeEventListeners 
(node_modules/jsdom/lib/jsdom/living/events/EventTarget-impl.js:286:3)
      at HTMLFormElementImpl._dispatch 
(node_modules/jsdom/lib/jsdom/living/events/EventTarget-impl.js:233:9)
      at fireAnEvent 
(node_modules/jsdom/lib/jsdom/living/helpers/events.js:18:36)
      at HTMLFormElementImpl.requestSubmit 
(node_modules/jsdom/lib/jsdom/living/nodes/HTMLFormElement-impl.js:109:10)
      at HTMLFormElementImpl._doRequestSubmit 
(node_modules/jsdom/lib/jsdom/living/nodes/HTMLFormElement-impl.js:79:10)
      at HTMLButtonElementImpl._activationBehavior 
(node_modules/jsdom/lib/jsdom/living/nodes/HTMLButtonElement-impl.js:23:14)
      at HTMLButtonElementImpl._dispatch 
(node_modules/jsdom/lib/jsdom/living/events/EventTarget-impl.js:252:26)
      at HTMLButtonElementImpl.dispatchEvent 
(node_modules/jsdom/lib/jsdom/living/events/EventTarget-impl.js:104:17)
      at HTMLButtonElement.dispatchEvent 
(node_modules/jsdom/lib/jsdom/living/generated/EventTarget.js:241:34)
      at 
node_modules/@testing-library/user-event/dist/cjs/event/dispatchEvent.js:45:43
      at Object.eventWrapper 
(node_modules/@testing-library/dom/dist/config.js:25:23)
      at Object.wrapEvent 
(node_modules/@testing-library/user-event/dist/cjs/event/wrapEvent.js:6:28)
      at Object.dispatchEvent (node_modules/@testing-library/user-event/dist/cj
s/event/dispatchEvent.js:45:22)
      at Object.dispatchUIEvent (node_modules/@testing-library/user-event/dist/
cjs/event/dispatchEvent.js:22:26)
      at Mouse.up (node_modules/@testing-library/user-event/dist/cjs/system/poi
nter/mouse.js:100:30)
      at PointerHost.release (node_modules/@testing-library/user-event/dist/cjs
/system/pointer/index.js:87:24)
      at pointerAction 
(node_modules/@testing-library/user-event/dist/cjs/pointer/index.js:54:47)
      at Object.pointer 
(node_modules/@testing-library/user-event/dist/cjs/pointer/index.js:27:9)
      at Object.<anonymous> (src/auth/auth.test.tsx:278:9)

    console.error
      Warning: An update to LoginForm inside a test was not wrapped in 
act(...).
      
      When testing, code that causes React state updates should be wrapped 
into act(...):
      
      act(() => {
        /* fire events that update state */
      });
      /* assert on the output */
      
      This ensures that you're testing the behavior the user would see in the 
browser. Learn more at https://reactjs.org/link/wrap-tests-with-act
          at LoginForm (C:\Users\samhe\OneDrive\Desktop\Cleaned\frontend\src\au
th\LoginForm\LoginForm.tsx:41:33)
          at div
          at div
          at LoginPage
          at routeContext (C:\Users\samhe\OneDrive\Desktop\Cleaned\frontend\nod
e_modules\react-router\lib\hooks.tsx:658:26)
          at children (C:\Users\samhe\OneDrive\Desktop\Cleaned\frontend\node_mo
dules\react-router\lib\components.tsx:512:3)
          at basenameProp (C:\Users\samhe\OneDrive\Desktop\Cleaned\frontend\nod
e_modules\react-router\lib\components.tsx:421:13)
          at basename (C:\Users\samhe\OneDrive\Desktop\Cleaned\frontend\node_mo
dules\react-router\lib\components.tsx:225:3)

      56 |         // Client-side empty field validation (R-AUTH-EMPTY)
      57 |         if (!email.trim() || !password) {
    > 58 |             setError('Please enter both email and password.')
         |             ^
      59 |             return
      60 |         }
      61 |

      at printWarning 
(node_modules/react-dom/cjs/react-dom.development.js:86:30)
      at error (node_modules/react-dom/cjs/react-dom.development.js:60:7)
      at warnIfUpdatesNotWrappedWithActDEV 
(node_modules/react-dom/cjs/react-dom.development.js:27628:9)
      at scheduleUpdateOnFiber 
(node_modules/react-dom/cjs/react-dom.development.js:25547:5)
      at dispatchSetState 
(node_modules/react-dom/cjs/react-dom.development.js:16708:7)
      at handleSubmit (src/auth/LoginForm/LoginForm.tsx:58:13)
      at HTMLUnknownElement.callCallback 
(node_modules/react-dom/cjs/react-dom.development.js:4164:14)
      at HTMLUnknownElement.callTheUserObjectsOperation 
(node_modules/jsdom/lib/jsdom/living/generated/EventListener.js:26:30)
      at innerInvokeEventListeners 
(node_modules/jsdom/lib/jsdom/living/events/EventTarget-impl.js:350:25)
      at invokeEventListeners 
(node_modules/jsdom/lib/jsdom/living/events/EventTarget-impl.js:286:3)
      at HTMLUnknownElementImpl._dispatch 
(node_modules/jsdom/lib/jsdom/living/events/EventTarget-impl.js:233:9)
      at HTMLUnknownElementImpl.dispatchEvent 
(node_modules/jsdom/lib/jsdom/living/events/EventTarget-impl.js:104:17)
      at HTMLUnknownElement.dispatchEvent 
(node_modules/jsdom/lib/jsdom/living/generated/EventTarget.js:241:34)
      at Object.invokeGuardedCallbackDev 
(node_modules/react-dom/cjs/react-dom.development.js:4213:16)
      at invokeGuardedCallback 
(node_modules/react-dom/cjs/react-dom.development.js:4277:31)
      at invokeGuardedCallbackAndCatchFirstError 
(node_modules/react-dom/cjs/react-dom.development.js:4291:25)
      at executeDispatch 
(node_modules/react-dom/cjs/react-dom.development.js:9041:3)
      at processDispatchQueueItemsInOrder 
(node_modules/react-dom/cjs/react-dom.development.js:9073:7)
      at processDispatchQueue 
(node_modules/react-dom/cjs/react-dom.development.js:9086:5)
      at dispatchEventsForPlugins 
(node_modules/react-dom/cjs/react-dom.development.js:9097:3)
      at node_modules/react-dom/cjs/react-dom.development.js:9288:12
      at batchedUpdates$1 
(node_modules/react-dom/cjs/react-dom.development.js:26179:12)
      at batchedUpdates 
(node_modules/react-dom/cjs/react-dom.development.js:3991:12)
      at dispatchEventForPluginEventSystem 
(node_modules/react-dom/cjs/react-dom.development.js:9287:3)
      at dispatchEventWithEnableCapturePhaseSelectiveHydrationWithoutDiscreteEv
entReplay (node_modules/react-dom/cjs/react-dom.development.js:6465:5)
      at dispatchEvent 
(node_modules/react-dom/cjs/react-dom.development.js:6457:5)
      at dispatchDiscreteEvent 
(node_modules/react-dom/cjs/react-dom.development.js:6430:5)
      at HTMLDivElement.callTheUserObjectsOperation 
(node_modules/jsdom/lib/jsdom/living/generated/EventListener.js:26:30)
      at innerInvokeEventListeners 
(node_modules/jsdom/lib/jsdom/living/events/EventTarget-impl.js:350:25)
      at invokeEventListeners 
(node_modules/jsdom/lib/jsdom/living/events/EventTarget-impl.js:286:3)
      at HTMLFormElementImpl._dispatch 
(node_modules/jsdom/lib/jsdom/living/events/EventTarget-impl.js:233:9)
      at fireAnEvent 
(node_modules/jsdom/lib/jsdom/living/helpers/events.js:18:36)
      at HTMLFormElementImpl.requestSubmit 
(node_modules/jsdom/lib/jsdom/living/nodes/HTMLFormElement-impl.js:109:10)
      at HTMLFormElementImpl._doRequestSubmit 
(node_modules/jsdom/lib/jsdom/living/nodes/HTMLFormElement-impl.js:79:10)
      at HTMLButtonElementImpl._activationBehavior 
(node_modules/jsdom/lib/jsdom/living/nodes/HTMLButtonElement-impl.js:23:14)
      at HTMLButtonElementImpl._dispatch 
(node_modules/jsdom/lib/jsdom/living/events/EventTarget-impl.js:252:26)
      at HTMLButtonElementImpl.dispatchEvent 
(node_modules/jsdom/lib/jsdom/living/events/EventTarget-impl.js:104:17)
      at HTMLButtonElement.dispatchEvent 
(node_modules/jsdom/lib/jsdom/living/generated/EventTarget.js:241:34)
      at 
node_modules/@testing-library/user-event/dist/cjs/event/dispatchEvent.js:45:43
      at Object.eventWrapper 
(node_modules/@testing-library/dom/dist/config.js:25:23)
      at Object.wrapEvent 
(node_modules/@testing-library/user-event/dist/cjs/event/wrapEvent.js:6:28)
      at Object.dispatchEvent (node_modules/@testing-library/user-event/dist/cj
s/event/dispatchEvent.js:45:22)
      at Object.dispatchUIEvent (node_modules/@testing-library/user-event/dist/
cjs/event/dispatchEvent.js:22:26)
      at Mouse.up (node_modules/@testing-library/user-event/dist/cjs/system/poi
nter/mouse.js:100:30)
      at PointerHost.release (node_modules/@testing-library/user-event/dist/cjs
/system/pointer/index.js:87:24)
      at pointerAction 
(node_modules/@testing-library/user-event/dist/cjs/pointer/index.js:54:47)
      at Object.pointer 
(node_modules/@testing-library/user-event/dist/cjs/pointer/index.js:27:9)
      at Object.<anonymous> (src/auth/auth.test.tsx:278:9)

    console.error
      Warning: An update to LoginForm inside a test was not wrapped in 
act(...).
      
      When testing, code that causes React state updates should be wrapped 
into act(...):
      
      act(() => {
        /* fire events that update state */
      });
      /* assert on the output */
      
      This ensures that you're testing the behavior the user would see in the 
browser. Learn more at https://reactjs.org/link/wrap-tests-with-act
          at LoginForm (C:\Users\samhe\OneDrive\Desktop\Cleaned\frontend\src\au
th\LoginForm\LoginForm.tsx:41:33)
          at div
          at div
          at LoginPage
          at routeContext (C:\Users\samhe\OneDrive\Desktop\Cleaned\frontend\nod
e_modules\react-router\lib\hooks.tsx:658:26)
          at children (C:\Users\samhe\OneDrive\Desktop\Cleaned\frontend\node_mo
dules\react-router\lib\components.tsx:512:3)
          at basenameProp (C:\Users\samhe\OneDrive\Desktop\Cleaned\frontend\nod
e_modules\react-router\lib\components.tsx:421:13)
          at basename (C:\Users\samhe\OneDrive\Desktop\Cleaned\frontend\node_mo
dules\react-router\lib\components.tsx:225:3)

      123 |                     placeholder="email@company.com"
      124 |                     value={email}
    > 125 |                     onChange={(e) => setEmail(e.target.value)}
          |                                      ^
      126 |                     className="w-full rounded-md border 
border-gray-300 px-3 py-2 text-sm focus:outline-none focus:ring-2 
focus:ring-gray-900 disabled:opacity-50"
      127 |                 />
      128 |             </div>

      at printWarning 
(node_modules/react-dom/cjs/react-dom.development.js:86:30)
      at error (node_modules/react-dom/cjs/react-dom.development.js:60:7)
      at warnIfUpdatesNotWrappedWithActDEV 
(node_modules/react-dom/cjs/react-dom.development.js:27628:9)
      at scheduleUpdateOnFiber 
(node_modules/react-dom/cjs/react-dom.development.js:25547:5)
      at dispatchSetState 
(node_modules/react-dom/cjs/react-dom.development.js:16708:7)
      at onChange (src/auth/LoginForm/LoginForm.tsx:125:38)
      at HTMLUnknownElement.callCallback 
(node_modules/react-dom/cjs/react-dom.development.js:4164:14)
      at HTMLUnknownElement.callTheUserObjectsOperation 
(node_modules/jsdom/lib/jsdom/living/generated/EventListener.js:26:30)
      at innerInvokeEventListeners 
(node_modules/jsdom/lib/jsdom/living/events/EventTarget-impl.js:350:25)
      at invokeEventListeners 
(node_modules/jsdom/lib/jsdom/living/events/EventTarget-impl.js:286:3)
      at HTMLUnknownElementImpl._dispatch 
(node_modules/jsdom/lib/jsdom/living/events/EventTarget-impl.js:233:9)
      at HTMLUnknownElementImpl.dispatchEvent 
(node_modules/jsdom/lib/jsdom/living/events/EventTarget-impl.js:104:17)
      at HTMLUnknownElement.dispatchEvent 
(node_modules/jsdom/lib/jsdom/living/generated/EventTarget.js:241:34)
      at Object.invokeGuardedCallbackDev 
(node_modules/react-dom/cjs/react-dom.development.js:4213:16)
      at invokeGuardedCallback 
(node_modules/react-dom/cjs/react-dom.development.js:4277:31)
      at invokeGuardedCallbackAndCatchFirstError 
(node_modules/react-dom/cjs/react-dom.development.js:4291:25)
      at executeDispatch 
(node_modules/react-dom/cjs/react-dom.development.js:9041:3)
      at processDispatchQueueItemsInOrder 
(node_modules/react-dom/cjs/react-dom.development.js:9073:7)
      at processDispatchQueue 
(node_modules/react-dom/cjs/react-dom.development.js:9086:5)
      at dispatchEventsForPlugins 
(node_modules/react-dom/cjs/react-dom.development.js:9097:3)
      at node_modules/react-dom/cjs/react-dom.development.js:9288:12
      at batchedUpdates$1 
(node_modules/react-dom/cjs/react-dom.development.js:26179:12)
      at batchedUpdates 
(node_modules/react-dom/cjs/react-dom.development.js:3991:12)
      at dispatchEventForPluginEventSystem 
(node_modules/react-dom/cjs/react-dom.development.js:9287:3)
      at dispatchEventWithEnableCapturePhaseSelectiveHydrationWithoutDiscreteEv
entReplay (node_modules/react-dom/cjs/react-dom.development.js:6465:5)
      at dispatchEvent 
(node_modules/react-dom/cjs/react-dom.development.js:6457:5)
      at dispatchDiscreteEvent 
(node_modules/react-dom/cjs/react-dom.development.js:6430:5)
      at HTMLDivElement.callTheUserObjectsOperation 
(node_modules/jsdom/lib/jsdom/living/generated/EventListener.js:26:30)
      at innerInvokeEventListeners 
(node_modules/jsdom/lib/jsdom/living/events/EventTarget-impl.js:350:25)
      at invokeEventListeners 
(node_modules/jsdom/lib/jsdom/living/events/EventTarget-impl.js:286:3)
      at HTMLInputElementImpl._dispatch 
(node_modules/jsdom/lib/jsdom/living/events/EventTarget-impl.js:233:9)
      at HTMLInputElementImpl.dispatchEvent 
(node_modules/jsdom/lib/jsdom/living/events/EventTarget-impl.js:104:17)
      at HTMLInputElement.dispatchEvent 
(node_modules/jsdom/lib/jsdom/living/generated/EventTarget.js:241:34)
      at 
node_modules/@testing-library/user-event/dist/cjs/event/dispatchEvent.js:45:43
      at Object.eventWrapper 
(node_modules/@testing-library/dom/dist/config.js:25:23)
      at Object.wrapEvent 
(node_modules/@testing-library/user-event/dist/cjs/event/wrapEvent.js:6:28)
      at Object.dispatchEvent (node_modules/@testing-library/user-event/dist/cj
s/event/dispatchEvent.js:45:22)
      at Object.dispatchUIEvent (node_modules/@testing-library/user-event/dist/
cjs/event/dispatchEvent.js:22:26)
      at commitInput 
(node_modules/@testing-library/user-event/dist/cjs/event/input.js:145:14)
      at editInputElement 
(node_modules/@testing-library/user-event/dist/cjs/event/input.js:115:9)
      at Object.input 
(node_modules/@testing-library/user-event/dist/cjs/event/input.js:37:9)
      at node_modules/@testing-library/user-event/dist/cjs/event/behavior/keypr
ess.js:31:26
      at Object.dispatchEvent (node_modules/@testing-library/user-event/dist/cj
s/event/dispatchEvent.js:41:13)
      at Object.dispatchUIEvent (node_modules/@testing-library/user-event/dist/
cjs/event/dispatchEvent.js:22:26)
      at KeyboardHost.keydown 
(node_modules/@testing-library/user-event/dist/cjs/system/keyboard.js:76:22)
      at keyboardAction 
(node_modules/@testing-library/user-event/dist/cjs/keyboard/index.js:22:35)
      at Object.keyboard 
(node_modules/@testing-library/user-event/dist/cjs/keyboard/index.js:11:15)
      at Object.type 
(node_modules/@testing-library/user-event/dist/cjs/utility/type.js:17:5)
      at Object.<anonymous> (src/auth/auth.test.tsx:287:9)

    console.error
      Warning: An update to LoginForm inside a test was not wrapped in 
act(...).
      
      When testing, code that causes React state updates should be wrapped 
into act(...):
      
      act(() => {
        /* fire events that update state */
      });
      /* assert on the output */
      
      This ensures that you're testing the behavior the user would see in the 
browser. Learn more at https://reactjs.org/link/wrap-tests-with-act
          at LoginForm (C:\Users\samhe\OneDrive\Desktop\Cleaned\frontend\src\au
th\LoginForm\LoginForm.tsx:41:33)
          at div
          at div
          at LoginPage
          at routeContext (C:\Users\samhe\OneDrive\Desktop\Cleaned\frontend\nod
e_modules\react-router\lib\hooks.tsx:658:26)
          at children (C:\Users\samhe\OneDrive\Desktop\Cleaned\frontend\node_mo
dules\react-router\lib\components.tsx:512:3)
          at basenameProp (C:\Users\samhe\OneDrive\Desktop\Cleaned\frontend\nod
e_modules\react-router\lib\components.tsx:421:13)
          at basename (C:\Users\samhe\OneDrive\Desktop\Cleaned\frontend\node_mo
dules\react-router\lib\components.tsx:225:3)

      123 |                     placeholder="email@company.com"
      124 |                     value={email}
    > 125 |                     onChange={(e) => setEmail(e.target.value)}
          |                                      ^
      126 |                     className="w-full rounded-md border 
border-gray-300 px-3 py-2 text-sm focus:outline-none focus:ring-2 
focus:ring-gray-900 disabled:opacity-50"
      127 |                 />
      128 |             </div>

      at printWarning 
(node_modules/react-dom/cjs/react-dom.development.js:86:30)
      at error (node_modules/react-dom/cjs/react-dom.development.js:60:7)
      at warnIfUpdatesNotWrappedWithActDEV 
(node_modules/react-dom/cjs/react-dom.development.js:27628:9)
      at scheduleUpdateOnFiber 
(node_modules/react-dom/cjs/react-dom.development.js:25547:5)
      at dispatchSetState 
(node_modules/react-dom/cjs/react-dom.development.js:16708:7)
      at onChange (src/auth/LoginForm/LoginForm.tsx:125:38)
      at HTMLUnknownElement.callCallback 
(node_modules/react-dom/cjs/react-dom.development.js:4164:14)
      at HTMLUnknownElement.callTheUserObjectsOperation 
(node_modules/jsdom/lib/jsdom/living/generated/EventListener.js:26:30)
      at innerInvokeEventListeners 
(node_modules/jsdom/lib/jsdom/living/events/EventTarget-impl.js:350:25)
      at invokeEventListeners 
(node_modules/jsdom/lib/jsdom/living/events/EventTarget-impl.js:286:3)
      at HTMLUnknownElementImpl._dispatch 
(node_modules/jsdom/lib/jsdom/living/events/EventTarget-impl.js:233:9)
      at HTMLUnknownElementImpl.dispatchEvent 
(node_modules/jsdom/lib/jsdom/living/events/EventTarget-impl.js:104:17)
      at HTMLUnknownElement.dispatchEvent 
(node_modules/jsdom/lib/jsdom/living/generated/EventTarget.js:241:34)
      at Object.invokeGuardedCallbackDev 
(node_modules/react-dom/cjs/react-dom.development.js:4213:16)
      at invokeGuardedCallback 
(node_modules/react-dom/cjs/react-dom.development.js:4277:31)
      at invokeGuardedCallbackAndCatchFirstError 
(node_modules/react-dom/cjs/react-dom.development.js:4291:25)
      at executeDispatch 
(node_modules/react-dom/cjs/react-dom.development.js:9041:3)
      at processDispatchQueueItemsInOrder 
(node_modules/react-dom/cjs/react-dom.development.js:9073:7)
      at processDispatchQueue 
(node_modules/react-dom/cjs/react-dom.development.js:9086:5)
      at dispatchEventsForPlugins 
(node_modules/react-dom/cjs/react-dom.development.js:9097:3)
      at node_modules/react-dom/cjs/react-dom.development.js:9288:12
      at batchedUpdates$1 
(node_modules/react-dom/cjs/react-dom.development.js:26179:12)
      at batchedUpdates 
(node_modules/react-dom/cjs/react-dom.development.js:3991:12)
      at dispatchEventForPluginEventSystem 
(node_modules/react-dom/cjs/react-dom.development.js:9287:3)
      at dispatchEventWithEnableCapturePhaseSelectiveHydrationWithoutDiscreteEv
entReplay (node_modules/react-dom/cjs/react-dom.development.js:6465:5)
      at dispatchEvent 
(node_modules/react-dom/cjs/react-dom.development.js:6457:5)
      at dispatchDiscreteEvent 
(node_modules/react-dom/cjs/react-dom.development.js:6430:5)
      at HTMLDivElement.callTheUserObjectsOperation 
(node_modules/jsdom/lib/jsdom/living/generated/EventListener.js:26:30)
      at innerInvokeEventListeners 
(node_modules/jsdom/lib/jsdom/living/events/EventTarget-impl.js:350:25)
      at invokeEventListeners 
(node_modules/jsdom/lib/jsdom/living/events/EventTarget-impl.js:286:3)
      at HTMLInputElementImpl._dispatch 
(node_modules/jsdom/lib/jsdom/living/events/EventTarget-impl.js:233:9)
      at HTMLInputElementImpl.dispatchEvent 
(node_modules/jsdom/lib/jsdom/living/events/EventTarget-impl.js:104:17)
      at HTMLInputElement.dispatchEvent 
(node_modules/jsdom/lib/jsdom/living/generated/EventTarget.js:241:34)
      at 
node_modules/@testing-library/user-event/dist/cjs/event/dispatchEvent.js:45:43
      at Object.eventWrapper 
(node_modules/@testing-library/dom/dist/config.js:25:23)
      at Object.wrapEvent 
(node_modules/@testing-library/user-event/dist/cjs/event/wrapEvent.js:6:28)
      at Object.dispatchEvent (node_modules/@testing-library/user-event/dist/cj
s/event/dispatchEvent.js:45:22)
      at Object.dispatchUIEvent (node_modules/@testing-library/user-event/dist/
cjs/event/dispatchEvent.js:22:26)
      at commitInput 
(node_modules/@testing-library/user-event/dist/cjs/event/input.js:145:14)
      at editInputElement 
(node_modules/@testing-library/user-event/dist/cjs/event/input.js:115:9)
      at Object.input 
(node_modules/@testing-library/user-event/dist/cjs/event/input.js:37:9)
      at node_modules/@testing-library/user-event/dist/cjs/event/behavior/keypr
ess.js:31:26
      at Object.dispatchEvent (node_modules/@testing-library/user-event/dist/cj
s/event/dispatchEvent.js:41:13)
      at Object.dispatchUIEvent (node_modules/@testing-library/user-event/dist/
cjs/event/dispatchEvent.js:22:26)
      at KeyboardHost.keydown 
(node_modules/@testing-library/user-event/dist/cjs/system/keyboard.js:76:22)
      at keyboardAction 
(node_modules/@testing-library/user-event/dist/cjs/keyboard/index.js:22:35)
      at Object.keyboard 
(node_modules/@testing-library/user-event/dist/cjs/keyboard/index.js:11:15)
      at Object.type 
(node_modules/@testing-library/user-event/dist/cjs/utility/type.js:17:5)
      at Object.<anonymous> (src/auth/auth.test.tsx:287:9)

    console.error
      Warning: An update to LoginForm inside a test was not wrapped in 
act(...).
      
      When testing, code that causes React state updates should be wrapped 
into act(...):
      
      act(() => {
        /* fire events that update state */
      });
      /* assert on the output */
      
      This ensures that you're testing the behavior the user would see in the 
browser. Learn more at https://reactjs.org/link/wrap-tests-with-act
          at LoginForm (C:\Users\samhe\OneDrive\Desktop\Cleaned\frontend\src\au
th\LoginForm\LoginForm.tsx:41:33)
          at div
          at div
          at LoginPage
          at routeContext (C:\Users\samhe\OneDrive\Desktop\Cleaned\frontend\nod
e_modules\react-router\lib\hooks.tsx:658:26)
          at children (C:\Users\samhe\OneDrive\Desktop\Cleaned\frontend\node_mo
dules\react-router\lib\components.tsx:512:3)
          at basenameProp (C:\Users\samhe\OneDrive\Desktop\Cleaned\frontend\nod
e_modules\react-router\lib\components.tsx:421:13)
          at basename (C:\Users\samhe\OneDrive\Desktop\Cleaned\frontend\node_mo
dules\react-router\lib\components.tsx:225:3)

      123 |                     placeholder="email@company.com"
      124 |                     value={email}
    > 125 |                     onChange={(e) => setEmail(e.target.value)}
          |                                      ^
      126 |                     className="w-full rounded-md border 
border-gray-300 px-3 py-2 text-sm focus:outline-none focus:ring-2 
focus:ring-gray-900 disabled:opacity-50"
      127 |                 />
      128 |             </div>

      at printWarning 
(node_modules/react-dom/cjs/react-dom.development.js:86:30)
      at error (node_modules/react-dom/cjs/react-dom.development.js:60:7)
      at warnIfUpdatesNotWrappedWithActDEV 
(node_modules/react-dom/cjs/react-dom.development.js:27628:9)
      at scheduleUpdateOnFiber 
(node_modules/react-dom/cjs/react-dom.development.js:25547:5)
      at dispatchSetState 
(node_modules/react-dom/cjs/react-dom.development.js:16708:7)
      at onChange (src/auth/LoginForm/LoginForm.tsx:125:38)
      at HTMLUnknownElement.callCallback 
(node_modules/react-dom/cjs/react-dom.development.js:4164:14)
      at HTMLUnknownElement.callTheUserObjectsOperation 
(node_modules/jsdom/lib/jsdom/living/generated/EventListener.js:26:30)
      at innerInvokeEventListeners 
(node_modules/jsdom/lib/jsdom/living/events/EventTarget-impl.js:350:25)
      at invokeEventListeners 
(node_modules/jsdom/lib/jsdom/living/events/EventTarget-impl.js:286:3)
      at HTMLUnknownElementImpl._dispatch 
(node_modules/jsdom/lib/jsdom/living/events/EventTarget-impl.js:233:9)
      at HTMLUnknownElementImpl.dispatchEvent 
(node_modules/jsdom/lib/jsdom/living/events/EventTarget-impl.js:104:17)
      at HTMLUnknownElement.dispatchEvent 
(node_modules/jsdom/lib/jsdom/living/generated/EventTarget.js:241:34)
      at Object.invokeGuardedCallbackDev 
(node_modules/react-dom/cjs/react-dom.development.js:4213:16)
      at invokeGuardedCallback 
(node_modules/react-dom/cjs/react-dom.development.js:4277:31)
      at invokeGuardedCallbackAndCatchFirstError 
(node_modules/react-dom/cjs/react-dom.development.js:4291:25)
      at executeDispatch 
(node_modules/react-dom/cjs/react-dom.development.js:9041:3)
      at processDispatchQueueItemsInOrder 
(node_modules/react-dom/cjs/react-dom.development.js:9073:7)
      at processDispatchQueue 
(node_modules/react-dom/cjs/react-dom.development.js:9086:5)
      at dispatchEventsForPlugins 
(node_modules/react-dom/cjs/react-dom.development.js:9097:3)
      at node_modules/react-dom/cjs/react-dom.development.js:9288:12
      at batchedUpdates$1 
(node_modules/react-dom/cjs/react-dom.development.js:26179:12)
      at batchedUpdates 
(node_modules/react-dom/cjs/react-dom.development.js:3991:12)
      at dispatchEventForPluginEventSystem 
(node_modules/react-dom/cjs/react-dom.development.js:9287:3)
      at dispatchEventWithEnableCapturePhaseSelectiveHydrationWithoutDiscreteEv
entReplay (node_modules/react-dom/cjs/react-dom.development.js:6465:5)
      at dispatchEvent 
(node_modules/react-dom/cjs/react-dom.development.js:6457:5)
      at dispatchDiscreteEvent 
(node_modules/react-dom/cjs/react-dom.development.js:6430:5)
      at HTMLDivElement.callTheUserObjectsOperation 
(node_modules/jsdom/lib/jsdom/living/generated/EventListener.js:26:30)
      at innerInvokeEventListeners 
(node_modules/jsdom/lib/jsdom/living/events/EventTarget-impl.js:350:25)
      at invokeEventListeners 
(node_modules/jsdom/lib/jsdom/living/events/EventTarget-impl.js:286:3)
      at HTMLInputElementImpl._dispatch 
(node_modules/jsdom/lib/jsdom/living/events/EventTarget-impl.js:233:9)
      at HTMLInputElementImpl.dispatchEvent 
(node_modules/jsdom/lib/jsdom/living/events/EventTarget-impl.js:104:17)
      at HTMLInputElement.dispatchEvent 
(node_modules/jsdom/lib/jsdom/living/generated/EventTarget.js:241:34)
      at 
node_modules/@testing-library/user-event/dist/cjs/event/dispatchEvent.js:45:43
      at Object.eventWrapper 
(node_modules/@testing-library/dom/dist/config.js:25:23)
      at Object.wrapEvent 
(node_modules/@testing-library/user-event/dist/cjs/event/wrapEvent.js:6:28)
      at Object.dispatchEvent (node_modules/@testing-library/user-event/dist/cj
s/event/dispatchEvent.js:45:22)
      at Object.dispatchUIEvent (node_modules/@testing-library/user-event/dist/
cjs/event/dispatchEvent.js:22:26)
      at commitInput 
(node_modules/@testing-library/user-event/dist/cjs/event/input.js:145:14)
      at editInputElement 
(node_modules/@testing-library/user-event/dist/cjs/event/input.js:115:9)
      at Object.input 
(node_modules/@testing-library/user-event/dist/cjs/event/input.js:37:9)
      at node_modules/@testing-library/user-event/dist/cjs/event/behavior/keypr
ess.js:31:26
      at Object.dispatchEvent (node_modules/@testing-library/user-event/dist/cj
s/event/dispatchEvent.js:41:13)
      at Object.dispatchUIEvent (node_modules/@testing-library/user-event/dist/
cjs/event/dispatchEvent.js:22:26)
      at KeyboardHost.keydown 
(node_modules/@testing-library/user-event/dist/cjs/system/keyboard.js:76:22)
      at keyboardAction 
(node_modules/@testing-library/user-event/dist/cjs/keyboard/index.js:22:35)
      at Object.keyboard 
(node_modules/@testing-library/user-event/dist/cjs/keyboard/index.js:11:15)
      at Object.type 
(node_modules/@testing-library/user-event/dist/cjs/utility/type.js:17:5)
      at Object.<anonymous> (src/auth/auth.test.tsx:287:9)

    console.error
      Warning: An update to LoginForm inside a test was not wrapped in 
act(...).
      
      When testing, code that causes React state updates should be wrapped 
into act(...):
      
      act(() => {
        /* fire events that update state */
      });
      /* assert on the output */
      
      This ensures that you're testing the behavior the user would see in the 
browser. Learn more at https://reactjs.org/link/wrap-tests-with-act
          at LoginForm (C:\Users\samhe\OneDrive\Desktop\Cleaned\frontend\src\au
th\LoginForm\LoginForm.tsx:41:33)
          at div
          at div
          at LoginPage
          at routeContext (C:\Users\samhe\OneDrive\Desktop\Cleaned\frontend\nod
e_modules\react-router\lib\hooks.tsx:658:26)
          at children (C:\Users\samhe\OneDrive\Desktop\Cleaned\frontend\node_mo
dules\react-router\lib\components.tsx:512:3)
          at basenameProp (C:\Users\samhe\OneDrive\Desktop\Cleaned\frontend\nod
e_modules\react-router\lib\components.tsx:421:13)
          at basename (C:\Users\samhe\OneDrive\Desktop\Cleaned\frontend\node_mo
dules\react-router\lib\components.tsx:225:3)

      123 |                     placeholder="email@company.com"
      124 |                     value={email}
    > 125 |                     onChange={(e) => setEmail(e.target.value)}
          |                                      ^
      126 |                     className="w-full rounded-md border 
border-gray-300 px-3 py-2 text-sm focus:outline-none focus:ring-2 
focus:ring-gray-900 disabled:opacity-50"
      127 |                 />
      128 |             </div>

      at printWarning 
(node_modules/react-dom/cjs/react-dom.development.js:86:30)
      at error (node_modules/react-dom/cjs/react-dom.development.js:60:7)
      at warnIfUpdatesNotWrappedWithActDEV 
(node_modules/react-dom/cjs/react-dom.development.js:27628:9)
      at scheduleUpdateOnFiber 
(node_modules/react-dom/cjs/react-dom.development.js:25547:5)
      at dispatchSetState 
(node_modules/react-dom/cjs/react-dom.development.js:16708:7)
      at onChange (src/auth/LoginForm/LoginForm.tsx:125:38)
      at HTMLUnknownElement.callCallback 
(node_modules/react-dom/cjs/react-dom.development.js:4164:14)
      at HTMLUnknownElement.callTheUserObjectsOperation 
(node_modules/jsdom/lib/jsdom/living/generated/EventListener.js:26:30)
      at innerInvokeEventListeners 
(node_modules/jsdom/lib/jsdom/living/events/EventTarget-impl.js:350:25)
      at invokeEventListeners 
(node_modules/jsdom/lib/jsdom/living/events/EventTarget-impl.js:286:3)
      at HTMLUnknownElementImpl._dispatch 
(node_modules/jsdom/lib/jsdom/living/events/EventTarget-impl.js:233:9)
      at HTMLUnknownElementImpl.dispatchEvent 
(node_modules/jsdom/lib/jsdom/living/events/EventTarget-impl.js:104:17)
      at HTMLUnknownElement.dispatchEvent 
(node_modules/jsdom/lib/jsdom/living/generated/EventTarget.js:241:34)
      at Object.invokeGuardedCallbackDev 
(node_modules/react-dom/cjs/react-dom.development.js:4213:16)
      at invokeGuardedCallback 
(node_modules/react-dom/cjs/react-dom.development.js:4277:31)
      at invokeGuardedCallbackAndCatchFirstError 
(node_modules/react-dom/cjs/react-dom.development.js:4291:25)
      at executeDispatch 
(node_modules/react-dom/cjs/react-dom.development.js:9041:3)
      at processDispatchQueueItemsInOrder 
(node_modules/react-dom/cjs/react-dom.development.js:9073:7)
      at processDispatchQueue 
(node_modules/react-dom/cjs/react-dom.development.js:9086:5)
      at dispatchEventsForPlugins 
(node_modules/react-dom/cjs/react-dom.development.js:9097:3)
      at node_modules/react-dom/cjs/react-dom.development.js:9288:12
      at batchedUpdates$1 
(node_modules/react-dom/cjs/react-dom.development.js:26179:12)
      at batchedUpdates 
(node_modules/react-dom/cjs/react-dom.development.js:3991:12)
      at dispatchEventForPluginEventSystem 
(node_modules/react-dom/cjs/react-dom.development.js:9287:3)
      at dispatchEventWithEnableCapturePhaseSelectiveHydrationWithoutDiscreteEv
entReplay (node_modules/react-dom/cjs/react-dom.development.js:6465:5)
      at dispatchEvent 
(node_modules/react-dom/cjs/react-dom.development.js:6457:5)
      at dispatchDiscreteEvent 
(node_modules/react-dom/cjs/react-dom.development.js:6430:5)
      at HTMLDivElement.callTheUserObjectsOperation 
(node_modules/jsdom/lib/jsdom/living/generated/EventListener.js:26:30)
      at innerInvokeEventListeners 
(node_modules/jsdom/lib/jsdom/living/events/EventTarget-impl.js:350:25)
      at invokeEventListeners 
(node_modules/jsdom/lib/jsdom/living/events/EventTarget-impl.js:286:3)
      at HTMLInputElementImpl._dispatch 
(node_modules/jsdom/lib/jsdom/living/events/EventTarget-impl.js:233:9)
      at HTMLInputElementImpl.dispatchEvent 
(node_modules/jsdom/lib/jsdom/living/events/EventTarget-impl.js:104:17)
      at HTMLInputElement.dispatchEvent 
(node_modules/jsdom/lib/jsdom/living/generated/EventTarget.js:241:34)
      at 
node_modules/@testing-library/user-event/dist/cjs/event/dispatchEvent.js:45:43
      at Object.eventWrapper 
(node_modules/@testing-library/dom/dist/config.js:25:23)
      at Object.wrapEvent 
(node_modules/@testing-library/user-event/dist/cjs/event/wrapEvent.js:6:28)
      at Object.dispatchEvent (node_modules/@testing-library/user-event/dist/cj
s/event/dispatchEvent.js:45:22)
      at Object.dispatchUIEvent (node_modules/@testing-library/user-event/dist/
cjs/event/dispatchEvent.js:22:26)
      at commitInput 
(node_modules/@testing-library/user-event/dist/cjs/event/input.js:145:14)
      at editInputElement 
(node_modules/@testing-library/user-event/dist/cjs/event/input.js:115:9)
      at Object.input 
(node_modules/@testing-library/user-event/dist/cjs/event/input.js:37:9)
      at node_modules/@testing-library/user-event/dist/cjs/event/behavior/keypr
ess.js:31:26
      at Object.dispatchEvent (node_modules/@testing-library/user-event/dist/cj
s/event/dispatchEvent.js:41:13)
      at Object.dispatchUIEvent (node_modules/@testing-library/user-event/dist/
cjs/event/dispatchEvent.js:22:26)
      at KeyboardHost.keydown 
(node_modules/@testing-library/user-event/dist/cjs/system/keyboard.js:76:22)
      at keyboardAction 
(node_modules/@testing-library/user-event/dist/cjs/keyboard/index.js:22:35)
      at Object.keyboard 
(node_modules/@testing-library/user-event/dist/cjs/keyboard/index.js:11:15)
      at Object.type 
(node_modules/@testing-library/user-event/dist/cjs/utility/type.js:17:5)
      at Object.<anonymous> (src/auth/auth.test.tsx:287:9)

    console.error
      Warning: An update to LoginForm inside a test was not wrapped in 
act(...).
      
      When testing, code that causes React state updates should be wrapped 
into act(...):
      
      act(() => {
        /* fire events that update state */
      });
      /* assert on the output */
      
      This ensures that you're testing the behavior the user would see in the 
browser. Learn more at https://reactjs.org/link/wrap-tests-with-act
          at LoginForm (C:\Users\samhe\OneDrive\Desktop\Cleaned\frontend\src\au
th\LoginForm\LoginForm.tsx:41:33)
          at div
          at div
          at LoginPage
          at routeContext (C:\Users\samhe\OneDrive\Desktop\Cleaned\frontend\nod
e_modules\react-router\lib\hooks.tsx:658:26)
          at children (C:\Users\samhe\OneDrive\Desktop\Cleaned\frontend\node_mo
dules\react-router\lib\components.tsx:512:3)
          at basenameProp (C:\Users\samhe\OneDrive\Desktop\Cleaned\frontend\nod
e_modules\react-router\lib\components.tsx:421:13)
          at basename (C:\Users\samhe\OneDrive\Desktop\Cleaned\frontend\node_mo
dules\react-router\lib\components.tsx:225:3)

      123 |                     placeholder="email@company.com"
      124 |                     value={email}
    > 125 |                     onChange={(e) => setEmail(e.target.value)}
          |                                      ^
      126 |                     className="w-full rounded-md border 
border-gray-300 px-3 py-2 text-sm focus:outline-none focus:ring-2 
focus:ring-gray-900 disabled:opacity-50"
      127 |                 />
      128 |             </div>

      at printWarning 
(node_modules/react-dom/cjs/react-dom.development.js:86:30)
      at error (node_modules/react-dom/cjs/react-dom.development.js:60:7)
      at warnIfUpdatesNotWrappedWithActDEV 
(node_modules/react-dom/cjs/react-dom.development.js:27628:9)
      at scheduleUpdateOnFiber 
(node_modules/react-dom/cjs/react-dom.development.js:25547:5)
      at dispatchSetState 
(node_modules/react-dom/cjs/react-dom.development.js:16708:7)
      at onChange (src/auth/LoginForm/LoginForm.tsx:125:38)
      at HTMLUnknownElement.callCallback 
(node_modules/react-dom/cjs/react-dom.development.js:4164:14)
      at HTMLUnknownElement.callTheUserObjectsOperation 
(node_modules/jsdom/lib/jsdom/living/generated/EventListener.js:26:30)
      at innerInvokeEventListeners 
(node_modules/jsdom/lib/jsdom/living/events/EventTarget-impl.js:350:25)
      at invokeEventListeners 
(node_modules/jsdom/lib/jsdom/living/events/EventTarget-impl.js:286:3)
      at HTMLUnknownElementImpl._dispatch 
(node_modules/jsdom/lib/jsdom/living/events/EventTarget-impl.js:233:9)
      at HTMLUnknownElementImpl.dispatchEvent 
(node_modules/jsdom/lib/jsdom/living/events/EventTarget-impl.js:104:17)
      at HTMLUnknownElement.dispatchEvent 
(node_modules/jsdom/lib/jsdom/living/generated/EventTarget.js:241:34)
      at Object.invokeGuardedCallbackDev 
(node_modules/react-dom/cjs/react-dom.development.js:4213:16)
      at invokeGuardedCallback 
(node_modules/react-dom/cjs/react-dom.development.js:4277:31)
      at invokeGuardedCallbackAndCatchFirstError 
(node_modules/react-dom/cjs/react-dom.development.js:4291:25)
      at executeDispatch 
(node_modules/react-dom/cjs/react-dom.development.js:9041:3)
      at processDispatchQueueItemsInOrder 
(node_modules/react-dom/cjs/react-dom.development.js:9073:7)
      at processDispatchQueue 
(node_modules/react-dom/cjs/react-dom.development.js:9086:5)
      at dispatchEventsForPlugins 
(node_modules/react-dom/cjs/react-dom.development.js:9097:3)
      at node_modules/react-dom/cjs/react-dom.development.js:9288:12
      at batchedUpdates$1 
(node_modules/react-dom/cjs/react-dom.development.js:26179:12)
      at batchedUpdates 
(node_modules/react-dom/cjs/react-dom.development.js:3991:12)
      at dispatchEventForPluginEventSystem 
(node_modules/react-dom/cjs/react-dom.development.js:9287:3)
      at dispatchEventWithEnableCapturePhaseSelectiveHydrationWithoutDiscreteEv
entReplay (node_modules/react-dom/cjs/react-dom.development.js:6465:5)
      at dispatchEvent 
(node_modules/react-dom/cjs/react-dom.development.js:6457:5)
      at dispatchDiscreteEvent 
(node_modules/react-dom/cjs/react-dom.development.js:6430:5)
      at HTMLDivElement.callTheUserObjectsOperation 
(node_modules/jsdom/lib/jsdom/living/generated/EventListener.js:26:30)
      at innerInvokeEventListeners 
(node_modules/jsdom/lib/jsdom/living/events/EventTarget-impl.js:350:25)
      at invokeEventListeners 
(node_modules/jsdom/lib/jsdom/living/events/EventTarget-impl.js:286:3)
      at HTMLInputElementImpl._dispatch 
(node_modules/jsdom/lib/jsdom/living/events/EventTarget-impl.js:233:9)
      at HTMLInputElementImpl.dispatchEvent 
(node_modules/jsdom/lib/jsdom/living/events/EventTarget-impl.js:104:17)
      at HTMLInputElement.dispatchEvent 
(node_modules/jsdom/lib/jsdom/living/generated/EventTarget.js:241:34)
      at 
node_modules/@testing-library/user-event/dist/cjs/event/dispatchEvent.js:45:43
      at Object.eventWrapper 
(node_modules/@testing-library/dom/dist/config.js:25:23)
      at Object.wrapEvent 
(node_modules/@testing-library/user-event/dist/cjs/event/wrapEvent.js:6:28)
      at Object.dispatchEvent (node_modules/@testing-library/user-event/dist/cj
s/event/dispatchEvent.js:45:22)
      at Object.dispatchUIEvent (node_modules/@testing-library/user-event/dist/
cjs/event/dispatchEvent.js:22:26)
      at commitInput 
(node_modules/@testing-library/user-event/dist/cjs/event/input.js:145:14)
      at editInputElement 
(node_modules/@testing-library/user-event/dist/cjs/event/input.js:115:9)
      at Object.input 
(node_modules/@testing-library/user-event/dist/cjs/event/input.js:37:9)
      at node_modules/@testing-library/user-event/dist/cjs/event/behavior/keypr
ess.js:31:26
      at Object.dispatchEvent (node_modules/@testing-library/user-event/dist/cj
s/event/dispatchEvent.js:41:13)
      at Object.dispatchUIEvent (node_modules/@testing-library/user-event/dist/
cjs/event/dispatchEvent.js:22:26)
      at KeyboardHost.keydown 
(node_modules/@testing-library/user-event/dist/cjs/system/keyboard.js:76:22)
      at keyboardAction 
(node_modules/@testing-library/user-event/dist/cjs/keyboard/index.js:22:35)
      at Object.keyboard 
(node_modules/@testing-library/user-event/dist/cjs/keyboard/index.js:11:15)
      at Object.type 
(node_modules/@testing-library/user-event/dist/cjs/utility/type.js:17:5)
      at Object.<anonymous> (src/auth/auth.test.tsx:287:9)

    console.error
      Warning: An update to LoginForm inside a test was not wrapped in 
act(...).
      
      When testing, code that causes React state updates should be wrapped 
into act(...):
      
      act(() => {
        /* fire events that update state */
      });
      /* assert on the output */
      
      This ensures that you're testing the behavior the user would see in the 
browser. Learn more at https://reactjs.org/link/wrap-tests-with-act
          at LoginForm (C:\Users\samhe\OneDrive\Desktop\Cleaned\frontend\src\au
th\LoginForm\LoginForm.tsx:41:33)
          at div
          at div
          at LoginPage
          at routeContext (C:\Users\samhe\OneDrive\Desktop\Cleaned\frontend\nod
e_modules\react-router\lib\hooks.tsx:658:26)
          at children (C:\Users\samhe\OneDrive\Desktop\Cleaned\frontend\node_mo
dules\react-router\lib\components.tsx:512:3)
          at basenameProp (C:\Users\samhe\OneDrive\Desktop\Cleaned\frontend\nod
e_modules\react-router\lib\components.tsx:421:13)
          at basename (C:\Users\samhe\OneDrive\Desktop\Cleaned\frontend\node_mo
dules\react-router\lib\components.tsx:225:3)

      123 |                     placeholder="email@company.com"
      124 |                     value={email}
    > 125 |                     onChange={(e) => setEmail(e.target.value)}
          |                                      ^
      126 |                     className="w-full rounded-md border 
border-gray-300 px-3 py-2 text-sm focus:outline-none focus:ring-2 
focus:ring-gray-900 disabled:opacity-50"
      127 |                 />
      128 |             </div>

      at printWarning 
(node_modules/react-dom/cjs/react-dom.development.js:86:30)
      at error (node_modules/react-dom/cjs/react-dom.development.js:60:7)
      at warnIfUpdatesNotWrappedWithActDEV 
(node_modules/react-dom/cjs/react-dom.development.js:27628:9)
      at scheduleUpdateOnFiber 
(node_modules/react-dom/cjs/react-dom.development.js:25547:5)
      at dispatchSetState 
(node_modules/react-dom/cjs/react-dom.development.js:16708:7)
      at onChange (src/auth/LoginForm/LoginForm.tsx:125:38)
      at HTMLUnknownElement.callCallback 
(node_modules/react-dom/cjs/react-dom.development.js:4164:14)
      at HTMLUnknownElement.callTheUserObjectsOperation 
(node_modules/jsdom/lib/jsdom/living/generated/EventListener.js:26:30)
      at innerInvokeEventListeners 
(node_modules/jsdom/lib/jsdom/living/events/EventTarget-impl.js:350:25)
      at invokeEventListeners 
(node_modules/jsdom/lib/jsdom/living/events/EventTarget-impl.js:286:3)
      at HTMLUnknownElementImpl._dispatch 
(node_modules/jsdom/lib/jsdom/living/events/EventTarget-impl.js:233:9)
      at HTMLUnknownElementImpl.dispatchEvent 
(node_modules/jsdom/lib/jsdom/living/events/EventTarget-impl.js:104:17)
      at HTMLUnknownElement.dispatchEvent 
(node_modules/jsdom/lib/jsdom/living/generated/EventTarget.js:241:34)
      at Object.invokeGuardedCallbackDev 
(node_modules/react-dom/cjs/react-dom.development.js:4213:16)
      at invokeGuardedCallback 
(node_modules/react-dom/cjs/react-dom.development.js:4277:31)
      at invokeGuardedCallbackAndCatchFirstError 
(node_modules/react-dom/cjs/react-dom.development.js:4291:25)
      at executeDispatch 
(node_modules/react-dom/cjs/react-dom.development.js:9041:3)
      at processDispatchQueueItemsInOrder 
(node_modules/react-dom/cjs/react-dom.development.js:9073:7)
      at processDispatchQueue 
(node_modules/react-dom/cjs/react-dom.development.js:9086:5)
      at dispatchEventsForPlugins 
(node_modules/react-dom/cjs/react-dom.development.js:9097:3)
      at node_modules/react-dom/cjs/react-dom.development.js:9288:12
      at batchedUpdates$1 
(node_modules/react-dom/cjs/react-dom.development.js:26179:12)
      at batchedUpdates 
(node_modules/react-dom/cjs/react-dom.development.js:3991:12)
      at dispatchEventForPluginEventSystem 
(node_modules/react-dom/cjs/react-dom.development.js:9287:3)
      at dispatchEventWithEnableCapturePhaseSelectiveHydrationWithoutDiscreteEv
entReplay (node_modules/react-dom/cjs/react-dom.development.js:6465:5)
      at dispatchEvent 
(node_modules/react-dom/cjs/react-dom.development.js:6457:5)
      at dispatchDiscreteEvent 
(node_modules/react-dom/cjs/react-dom.development.js:6430:5)
      at HTMLDivElement.callTheUserObjectsOperation 
(node_modules/jsdom/lib/jsdom/living/generated/EventListener.js:26:30)
      at innerInvokeEventListeners 
(node_modules/jsdom/lib/jsdom/living/events/EventTarget-impl.js:350:25)
      at invokeEventListeners 
(node_modules/jsdom/lib/jsdom/living/events/EventTarget-impl.js:286:3)
      at HTMLInputElementImpl._dispatch 
(node_modules/jsdom/lib/jsdom/living/events/EventTarget-impl.js:233:9)
      at HTMLInputElementImpl.dispatchEvent 
(node_modules/jsdom/lib/jsdom/living/events/EventTarget-impl.js:104:17)
      at HTMLInputElement.dispatchEvent 
(node_modules/jsdom/lib/jsdom/living/generated/EventTarget.js:241:34)
      at 
node_modules/@testing-library/user-event/dist/cjs/event/dispatchEvent.js:45:43
      at Object.eventWrapper 
(node_modules/@testing-library/dom/dist/config.js:25:23)
      at Object.wrapEvent 
(node_modules/@testing-library/user-event/dist/cjs/event/wrapEvent.js:6:28)
      at Object.dispatchEvent (node_modules/@testing-library/user-event/dist/cj
s/event/dispatchEvent.js:45:22)
      at Object.dispatchUIEvent (node_modules/@testing-library/user-event/dist/
cjs/event/dispatchEvent.js:22:26)
      at commitInput 
(node_modules/@testing-library/user-event/dist/cjs/event/input.js:145:14)
      at editInputElement 
(node_modules/@testing-library/user-event/dist/cjs/event/input.js:115:9)
      at Object.input 
(node_modules/@testing-library/user-event/dist/cjs/event/input.js:37:9)
      at node_modules/@testing-library/user-event/dist/cjs/event/behavior/keypr
ess.js:31:26
      at Object.dispatchEvent (node_modules/@testing-library/user-event/dist/cj
s/event/dispatchEvent.js:41:13)
      at Object.dispatchUIEvent (node_modules/@testing-library/user-event/dist/
cjs/event/dispatchEvent.js:22:26)
      at KeyboardHost.keydown 
(node_modules/@testing-library/user-event/dist/cjs/system/keyboard.js:76:22)
      at keyboardAction 
(node_modules/@testing-library/user-event/dist/cjs/keyboard/index.js:22:35)
      at Object.keyboard 
(node_modules/@testing-library/user-event/dist/cjs/keyboard/index.js:11:15)
      at Object.type 
(node_modules/@testing-library/user-event/dist/cjs/utility/type.js:17:5)
      at Object.<anonymous> (src/auth/auth.test.tsx:287:9)

    console.error
      Warning: An update to LoginForm inside a test was not wrapped in 
act(...).
      
      When testing, code that causes React state updates should be wrapped 
into act(...):
      
      act(() => {
        /* fire events that update state */
      });
      /* assert on the output */
      
      This ensures that you're testing the behavior the user would see in the 
browser. Learn more at https://reactjs.org/link/wrap-tests-with-act
          at LoginForm (C:\Users\samhe\OneDrive\Desktop\Cleaned\frontend\src\au
th\LoginForm\LoginForm.tsx:41:33)
          at div
          at div
          at LoginPage
          at routeContext (C:\Users\samhe\OneDrive\Desktop\Cleaned\frontend\nod
e_modules\react-router\lib\hooks.tsx:658:26)
          at children (C:\Users\samhe\OneDrive\Desktop\Cleaned\frontend\node_mo
dules\react-router\lib\components.tsx:512:3)
          at basenameProp (C:\Users\samhe\OneDrive\Desktop\Cleaned\frontend\nod
e_modules\react-router\lib\components.tsx:421:13)
          at basename (C:\Users\samhe\OneDrive\Desktop\Cleaned\frontend\node_mo
dules\react-router\lib\components.tsx:225:3)

      123 |                     placeholder="email@company.com"
      124 |                     value={email}
    > 125 |                     onChange={(e) => setEmail(e.target.value)}
          |                                      ^
      126 |                     className="w-full rounded-md border 
border-gray-300 px-3 py-2 text-sm focus:outline-none focus:ring-2 
focus:ring-gray-900 disabled:opacity-50"
      127 |                 />
      128 |             </div>

      at printWarning 
(node_modules/react-dom/cjs/react-dom.development.js:86:30)
      at error (node_modules/react-dom/cjs/react-dom.development.js:60:7)
      at warnIfUpdatesNotWrappedWithActDEV 
(node_modules/react-dom/cjs/react-dom.development.js:27628:9)
      at scheduleUpdateOnFiber 
(node_modules/react-dom/cjs/react-dom.development.js:25547:5)
      at dispatchSetState 
(node_modules/react-dom/cjs/react-dom.development.js:16708:7)
      at onChange (src/auth/LoginForm/LoginForm.tsx:125:38)
      at HTMLUnknownElement.callCallback 
(node_modules/react-dom/cjs/react-dom.development.js:4164:14)
      at HTMLUnknownElement.callTheUserObjectsOperation 
(node_modules/jsdom/lib/jsdom/living/generated/EventListener.js:26:30)
      at innerInvokeEventListeners 
(node_modules/jsdom/lib/jsdom/living/events/EventTarget-impl.js:350:25)
      at invokeEventListeners 
(node_modules/jsdom/lib/jsdom/living/events/EventTarget-impl.js:286:3)
      at HTMLUnknownElementImpl._dispatch 
(node_modules/jsdom/lib/jsdom/living/events/EventTarget-impl.js:233:9)
      at HTMLUnknownElementImpl.dispatchEvent 
(node_modules/jsdom/lib/jsdom/living/events/EventTarget-impl.js:104:17)
      at HTMLUnknownElement.dispatchEvent 
(node_modules/jsdom/lib/jsdom/living/generated/EventTarget.js:241:34)
      at Object.invokeGuardedCallbackDev 
(node_modules/react-dom/cjs/react-dom.development.js:4213:16)
      at invokeGuardedCallback 
(node_modules/react-dom/cjs/react-dom.development.js:4277:31)
      at invokeGuardedCallbackAndCatchFirstError 
(node_modules/react-dom/cjs/react-dom.development.js:4291:25)
      at executeDispatch 
(node_modules/react-dom/cjs/react-dom.development.js:9041:3)
      at processDispatchQueueItemsInOrder 
(node_modules/react-dom/cjs/react-dom.development.js:9073:7)
      at processDispatchQueue 
(node_modules/react-dom/cjs/react-dom.development.js:9086:5)
      at dispatchEventsForPlugins 
(node_modules/react-dom/cjs/react-dom.development.js:9097:3)
      at node_modules/react-dom/cjs/react-dom.development.js:9288:12
      at batchedUpdates$1 
(node_modules/react-dom/cjs/react-dom.development.js:26179:12)
      at batchedUpdates 
(node_modules/react-dom/cjs/react-dom.development.js:3991:12)
      at dispatchEventForPluginEventSystem 
(node_modules/react-dom/cjs/react-dom.development.js:9287:3)
      at dispatchEventWithEnableCapturePhaseSelectiveHydrationWithoutDiscreteEv
entReplay (node_modules/react-dom/cjs/react-dom.development.js:6465:5)
      at dispatchEvent 
(node_modules/react-dom/cjs/react-dom.development.js:6457:5)
      at dispatchDiscreteEvent 
(node_modules/react-dom/cjs/react-dom.development.js:6430:5)
      at HTMLDivElement.callTheUserObjectsOperation 
(node_modules/jsdom/lib/jsdom/living/generated/EventListener.js:26:30)
      at innerInvokeEventListeners 
(node_modules/jsdom/lib/jsdom/living/events/EventTarget-impl.js:350:25)
      at invokeEventListeners 
(node_modules/jsdom/lib/jsdom/living/events/EventTarget-impl.js:286:3)
      at HTMLInputElementImpl._dispatch 
(node_modules/jsdom/lib/jsdom/living/events/EventTarget-impl.js:233:9)
      at HTMLInputElementImpl.dispatchEvent 
(node_modules/jsdom/lib/jsdom/living/events/EventTarget-impl.js:104:17)
      at HTMLInputElement.dispatchEvent 
(node_modules/jsdom/lib/jsdom/living/generated/EventTarget.js:241:34)
      at 
node_modules/@testing-library/user-event/dist/cjs/event/dispatchEvent.js:45:43
      at Object.eventWrapper 
(node_modules/@testing-library/dom/dist/config.js:25:23)
      at Object.wrapEvent 
(node_modules/@testing-library/user-event/dist/cjs/event/wrapEvent.js:6:28)
      at Object.dispatchEvent (node_modules/@testing-library/user-event/dist/cj
s/event/dispatchEvent.js:45:22)
      at Object.dispatchUIEvent (node_modules/@testing-library/user-event/dist/
cjs/event/dispatchEvent.js:22:26)
      at commitInput 
(node_modules/@testing-library/user-event/dist/cjs/event/input.js:145:14)
      at editInputElement 
(node_modules/@testing-library/user-event/dist/cjs/event/input.js:115:9)
      at Object.input 
(node_modules/@testing-library/user-event/dist/cjs/event/input.js:37:9)
      at node_modules/@testing-library/user-event/dist/cjs/event/behavior/keypr
ess.js:31:26
      at Object.dispatchEvent (node_modules/@testing-library/user-event/dist/cj
s/event/dispatchEvent.js:41:13)
      at Object.dispatchUIEvent (node_modules/@testing-library/user-event/dist/
cjs/event/dispatchEvent.js:22:26)
      at KeyboardHost.keydown 
(node_modules/@testing-library/user-event/dist/cjs/system/keyboard.js:76:22)
      at keyboardAction 
(node_modules/@testing-library/user-event/dist/cjs/keyboard/index.js:22:35)
      at Object.keyboard 
(node_modules/@testing-library/user-event/dist/cjs/keyboard/index.js:11:15)
      at Object.type 
(node_modules/@testing-library/user-event/dist/cjs/utility/type.js:17:5)
      at Object.<anonymous> (src/auth/auth.test.tsx:287:9)

    console.error
      Warning: An update to LoginForm inside a test was not wrapped in 
act(...).
      
      When testing, code that causes React state updates should be wrapped 
into act(...):
      
      act(() => {
        /* fire events that update state */
      });
      /* assert on the output */
      
      This ensures that you're testing the behavior the user would see in the 
browser. Learn more at https://reactjs.org/link/wrap-tests-with-act
          at LoginForm (C:\Users\samhe\OneDrive\Desktop\Cleaned\frontend\src\au
th\LoginForm\LoginForm.tsx:41:33)
          at div
          at div
          at LoginPage
          at routeContext (C:\Users\samhe\OneDrive\Desktop\Cleaned\frontend\nod
e_modules\react-router\lib\hooks.tsx:658:26)
          at children (C:\Users\samhe\OneDrive\Desktop\Cleaned\frontend\node_mo
dules\react-router\lib\components.tsx:512:3)
          at basenameProp (C:\Users\samhe\OneDrive\Desktop\Cleaned\frontend\nod
e_modules\react-router\lib\components.tsx:421:13)
          at basename (C:\Users\samhe\OneDrive\Desktop\Cleaned\frontend\node_mo
dules\react-router\lib\components.tsx:225:3)

      123 |                     placeholder="email@company.com"
      124 |                     value={email}
    > 125 |                     onChange={(e) => setEmail(e.target.value)}
          |                                      ^
      126 |                     className="w-full rounded-md border 
border-gray-300 px-3 py-2 text-sm focus:outline-none focus:ring-2 
focus:ring-gray-900 disabled:opacity-50"
      127 |                 />
      128 |             </div>

      at printWarning 
(node_modules/react-dom/cjs/react-dom.development.js:86:30)
      at error (node_modules/react-dom/cjs/react-dom.development.js:60:7)
      at warnIfUpdatesNotWrappedWithActDEV 
(node_modules/react-dom/cjs/react-dom.development.js:27628:9)
      at scheduleUpdateOnFiber 
(node_modules/react-dom/cjs/react-dom.development.js:25547:5)
      at dispatchSetState 
(node_modules/react-dom/cjs/react-dom.development.js:16708:7)
      at onChange (src/auth/LoginForm/LoginForm.tsx:125:38)
      at HTMLUnknownElement.callCallback 
(node_modules/react-dom/cjs/react-dom.development.js:4164:14)
      at HTMLUnknownElement.callTheUserObjectsOperation 
(node_modules/jsdom/lib/jsdom/living/generated/EventListener.js:26:30)
      at innerInvokeEventListeners 
(node_modules/jsdom/lib/jsdom/living/events/EventTarget-impl.js:350:25)
      at invokeEventListeners 
(node_modules/jsdom/lib/jsdom/living/events/EventTarget-impl.js:286:3)
      at HTMLUnknownElementImpl._dispatch 
(node_modules/jsdom/lib/jsdom/living/events/EventTarget-impl.js:233:9)
      at HTMLUnknownElementImpl.dispatchEvent 
(node_modules/jsdom/lib/jsdom/living/events/EventTarget-impl.js:104:17)
      at HTMLUnknownElement.dispatchEvent 
(node_modules/jsdom/lib/jsdom/living/generated/EventTarget.js:241:34)
      at Object.invokeGuardedCallbackDev 
(node_modules/react-dom/cjs/react-dom.development.js:4213:16)
      at invokeGuardedCallback 
(node_modules/react-dom/cjs/react-dom.development.js:4277:31)
      at invokeGuardedCallbackAndCatchFirstError 
(node_modules/react-dom/cjs/react-dom.development.js:4291:25)
      at executeDispatch 
(node_modules/react-dom/cjs/react-dom.development.js:9041:3)
      at processDispatchQueueItemsInOrder 
(node_modules/react-dom/cjs/react-dom.development.js:9073:7)
      at processDispatchQueue 
(node_modules/react-dom/cjs/react-dom.development.js:9086:5)
      at dispatchEventsForPlugins 
(node_modules/react-dom/cjs/react-dom.development.js:9097:3)
      at node_modules/react-dom/cjs/react-dom.development.js:9288:12
      at batchedUpdates$1 
(node_modules/react-dom/cjs/react-dom.development.js:26179:12)
      at batchedUpdates 
(node_modules/react-dom/cjs/react-dom.development.js:3991:12)
      at dispatchEventForPluginEventSystem 
(node_modules/react-dom/cjs/react-dom.development.js:9287:3)
      at dispatchEventWithEnableCapturePhaseSelectiveHydrationWithoutDiscreteEv
entReplay (node_modules/react-dom/cjs/react-dom.development.js:6465:5)
      at dispatchEvent 
(node_modules/react-dom/cjs/react-dom.development.js:6457:5)
      at dispatchDiscreteEvent 
(node_modules/react-dom/cjs/react-dom.development.js:6430:5)
      at HTMLDivElement.callTheUserObjectsOperation 
(node_modules/jsdom/lib/jsdom/living/generated/EventListener.js:26:30)
      at innerInvokeEventListeners 
(node_modules/jsdom/lib/jsdom/living/events/EventTarget-impl.js:350:25)
      at invokeEventListeners 
(node_modules/jsdom/lib/jsdom/living/events/EventTarget-impl.js:286:3)
      at HTMLInputElementImpl._dispatch 
(node_modules/jsdom/lib/jsdom/living/events/EventTarget-impl.js:233:9)
      at HTMLInputElementImpl.dispatchEvent 
(node_modules/jsdom/lib/jsdom/living/events/EventTarget-impl.js:104:17)
      at HTMLInputElement.dispatchEvent 
(node_modules/jsdom/lib/jsdom/living/generated/EventTarget.js:241:34)
      at 
node_modules/@testing-library/user-event/dist/cjs/event/dispatchEvent.js:45:43
      at Object.eventWrapper 
(node_modules/@testing-library/dom/dist/config.js:25:23)
      at Object.wrapEvent 
(node_modules/@testing-library/user-event/dist/cjs/event/wrapEvent.js:6:28)
      at Object.dispatchEvent (node_modules/@testing-library/user-event/dist/cj
s/event/dispatchEvent.js:45:22)
      at Object.dispatchUIEvent (node_modules/@testing-library/user-event/dist/
cjs/event/dispatchEvent.js:22:26)
      at commitInput 
(node_modules/@testing-library/user-event/dist/cjs/event/input.js:145:14)
      at editInputElement 
(node_modules/@testing-library/user-event/dist/cjs/event/input.js:115:9)
      at Object.input 
(node_modules/@testing-library/user-event/dist/cjs/event/input.js:37:9)
      at node_modules/@testing-library/user-event/dist/cjs/event/behavior/keypr
ess.js:31:26
      at Object.dispatchEvent (node_modules/@testing-library/user-event/dist/cj
s/event/dispatchEvent.js:41:13)
      at Object.dispatchUIEvent (node_modules/@testing-library/user-event/dist/
cjs/event/dispatchEvent.js:22:26)
      at KeyboardHost.keydown 
(node_modules/@testing-library/user-event/dist/cjs/system/keyboard.js:76:22)
      at keyboardAction 
(node_modules/@testing-library/user-event/dist/cjs/keyboard/index.js:22:35)
      at Object.keyboard 
(node_modules/@testing-library/user-event/dist/cjs/keyboard/index.js:11:15)
      at Object.type 
(node_modules/@testing-library/user-event/dist/cjs/utility/type.js:17:5)
      at Object.<anonymous> (src/auth/auth.test.tsx:287:9)

    console.error
      Warning: An update to LoginForm inside a test was not wrapped in 
act(...).
      
      When testing, code that causes React state updates should be wrapped 
into act(...):
      
      act(() => {
        /* fire events that update state */
      });
      /* assert on the output */
      
      This ensures that you're testing the behavior the user would see in the 
browser. Learn more at https://reactjs.org/link/wrap-tests-with-act
          at LoginForm (C:\Users\samhe\OneDrive\Desktop\Cleaned\frontend\src\au
th\LoginForm\LoginForm.tsx:41:33)
          at div
          at div
          at LoginPage
          at routeContext (C:\Users\samhe\OneDrive\Desktop\Cleaned\frontend\nod
e_modules\react-router\lib\hooks.tsx:658:26)
          at children (C:\Users\samhe\OneDrive\Desktop\Cleaned\frontend\node_mo
dules\react-router\lib\components.tsx:512:3)
          at basenameProp (C:\Users\samhe\OneDrive\Desktop\Cleaned\frontend\nod
e_modules\react-router\lib\components.tsx:421:13)
          at basename (C:\Users\samhe\OneDrive\Desktop\Cleaned\frontend\node_mo
dules\react-router\lib\components.tsx:225:3)

      123 |                     placeholder="email@company.com"
      124 |                     value={email}
    > 125 |                     onChange={(e) => setEmail(e.target.value)}
          |                                      ^
      126 |                     className="w-full rounded-md border 
border-gray-300 px-3 py-2 text-sm focus:outline-none focus:ring-2 
focus:ring-gray-900 disabled:opacity-50"
      127 |                 />
      128 |             </div>

      at printWarning 
(node_modules/react-dom/cjs/react-dom.development.js:86:30)
      at error (node_modules/react-dom/cjs/react-dom.development.js:60:7)
      at warnIfUpdatesNotWrappedWithActDEV 
(node_modules/react-dom/cjs/react-dom.development.js:27628:9)
      at scheduleUpdateOnFiber 
(node_modules/react-dom/cjs/react-dom.development.js:25547:5)
      at dispatchSetState 
(node_modules/react-dom/cjs/react-dom.development.js:16708:7)
      at onChange (src/auth/LoginForm/LoginForm.tsx:125:38)
      at HTMLUnknownElement.callCallback 
(node_modules/react-dom/cjs/react-dom.development.js:4164:14)
      at HTMLUnknownElement.callTheUserObjectsOperation 
(node_modules/jsdom/lib/jsdom/living/generated/EventListener.js:26:30)
      at innerInvokeEventListeners 
(node_modules/jsdom/lib/jsdom/living/events/EventTarget-impl.js:350:25)
      at invokeEventListeners 
(node_modules/jsdom/lib/jsdom/living/events/EventTarget-impl.js:286:3)
      at HTMLUnknownElementImpl._dispatch 
(node_modules/jsdom/lib/jsdom/living/events/EventTarget-impl.js:233:9)
      at HTMLUnknownElementImpl.dispatchEvent 
(node_modules/jsdom/lib/jsdom/living/events/EventTarget-impl.js:104:17)
      at HTMLUnknownElement.dispatchEvent 
(node_modules/jsdom/lib/jsdom/living/generated/EventTarget.js:241:34)
      at Object.invokeGuardedCallbackDev 
(node_modules/react-dom/cjs/react-dom.development.js:4213:16)
      at invokeGuardedCallback 
(node_modules/react-dom/cjs/react-dom.development.js:4277:31)
      at invokeGuardedCallbackAndCatchFirstError 
(node_modules/react-dom/cjs/react-dom.development.js:4291:25)
      at executeDispatch 
(node_modules/react-dom/cjs/react-dom.development.js:9041:3)
      at processDispatchQueueItemsInOrder 
(node_modules/react-dom/cjs/react-dom.development.js:9073:7)
      at processDispatchQueue 
(node_modules/react-dom/cjs/react-dom.development.js:9086:5)
      at dispatchEventsForPlugins 
(node_modules/react-dom/cjs/react-dom.development.js:9097:3)
      at node_modules/react-dom/cjs/react-dom.development.js:9288:12
      at batchedUpdates$1 
(node_modules/react-dom/cjs/react-dom.development.js:26179:12)
      at batchedUpdates 
(node_modules/react-dom/cjs/react-dom.development.js:3991:12)
      at dispatchEventForPluginEventSystem 
(node_modules/react-dom/cjs/react-dom.development.js:9287:3)
      at dispatchEventWithEnableCapturePhaseSelectiveHydrationWithoutDiscreteEv
entReplay (node_modules/react-dom/cjs/react-dom.development.js:6465:5)
      at dispatchEvent 
(node_modules/react-dom/cjs/react-dom.development.js:6457:5)
      at dispatchDiscreteEvent 
(node_modules/react-dom/cjs/react-dom.development.js:6430:5)
      at HTMLDivElement.callTheUserObjectsOperation 
(node_modules/jsdom/lib/jsdom/living/generated/EventListener.js:26:30)
      at innerInvokeEventListeners 
(node_modules/jsdom/lib/jsdom/living/events/EventTarget-impl.js:350:25)
      at invokeEventListeners 
(node_modules/jsdom/lib/jsdom/living/events/EventTarget-impl.js:286:3)
      at HTMLInputElementImpl._dispatch 
(node_modules/jsdom/lib/jsdom/living/events/EventTarget-impl.js:233:9)
      at HTMLInputElementImpl.dispatchEvent 
(node_modules/jsdom/lib/jsdom/living/events/EventTarget-impl.js:104:17)
      at HTMLInputElement.dispatchEvent 
(node_modules/jsdom/lib/jsdom/living/generated/EventTarget.js:241:34)
      at 
node_modules/@testing-library/user-event/dist/cjs/event/dispatchEvent.js:45:43
      at Object.eventWrapper 
(node_modules/@testing-library/dom/dist/config.js:25:23)
      at Object.wrapEvent 
(node_modules/@testing-library/user-event/dist/cjs/event/wrapEvent.js:6:28)
      at Object.dispatchEvent (node_modules/@testing-library/user-event/dist/cj
s/event/dispatchEvent.js:45:22)
      at Object.dispatchUIEvent (node_modules/@testing-library/user-event/dist/
cjs/event/dispatchEvent.js:22:26)
      at commitInput 
(node_modules/@testing-library/user-event/dist/cjs/event/input.js:145:14)
      at editInputElement 
(node_modules/@testing-library/user-event/dist/cjs/event/input.js:115:9)
      at Object.input 
(node_modules/@testing-library/user-event/dist/cjs/event/input.js:37:9)
      at node_modules/@testing-library/user-event/dist/cjs/event/behavior/keypr
ess.js:31:26
      at Object.dispatchEvent (node_modules/@testing-library/user-event/dist/cj
s/event/dispatchEvent.js:41:13)
      at Object.dispatchUIEvent (node_modules/@testing-library/user-event/dist/
cjs/event/dispatchEvent.js:22:26)
      at KeyboardHost.keydown 
(node_modules/@testing-library/user-event/dist/cjs/system/keyboard.js:76:22)
      at keyboardAction 
(node_modules/@testing-library/user-event/dist/cjs/keyboard/index.js:22:35)
      at Object.keyboard 
(node_modules/@testing-library/user-event/dist/cjs/keyboard/index.js:11:15)
      at Object.type 
(node_modules/@testing-library/user-event/dist/cjs/utility/type.js:17:5)
      at Object.<anonymous> (src/auth/auth.test.tsx:287:9)

    console.error
      Warning: An update to LoginForm inside a test was not wrapped in 
act(...).
      
      When testing, code that causes React state updates should be wrapped 
into act(...):
      
      act(() => {
        /* fire events that update state */
      });
      /* assert on the output */
      
      This ensures that you're testing the behavior the user would see in the 
browser. Learn more at https://reactjs.org/link/wrap-tests-with-act
          at LoginForm (C:\Users\samhe\OneDrive\Desktop\Cleaned\frontend\src\au
th\LoginForm\LoginForm.tsx:41:33)
          at div
          at div
          at LoginPage
          at routeContext (C:\Users\samhe\OneDrive\Desktop\Cleaned\frontend\nod
e_modules\react-router\lib\hooks.tsx:658:26)
          at children (C:\Users\samhe\OneDrive\Desktop\Cleaned\frontend\node_mo
dules\react-router\lib\components.tsx:512:3)
          at basenameProp (C:\Users\samhe\OneDrive\Desktop\Cleaned\frontend\nod
e_modules\react-router\lib\components.tsx:421:13)
          at basename (C:\Users\samhe\OneDrive\Desktop\Cleaned\frontend\node_mo
dules\react-router\lib\components.tsx:225:3)

      123 |                     placeholder="email@company.com"
      124 |                     value={email}
    > 125 |                     onChange={(e) => setEmail(e.target.value)}
          |                                      ^
      126 |                     className="w-full rounded-md border 
border-gray-300 px-3 py-2 text-sm focus:outline-none focus:ring-2 
focus:ring-gray-900 disabled:opacity-50"
      127 |                 />
      128 |             </div>

      at printWarning 
(node_modules/react-dom/cjs/react-dom.development.js:86:30)
      at error (node_modules/react-dom/cjs/react-dom.development.js:60:7)
      at warnIfUpdatesNotWrappedWithActDEV 
(node_modules/react-dom/cjs/react-dom.development.js:27628:9)
      at scheduleUpdateOnFiber 
(node_modules/react-dom/cjs/react-dom.development.js:25547:5)
      at dispatchSetState 
(node_modules/react-dom/cjs/react-dom.development.js:16708:7)
      at onChange (src/auth/LoginForm/LoginForm.tsx:125:38)
      at HTMLUnknownElement.callCallback 
(node_modules/react-dom/cjs/react-dom.development.js:4164:14)
      at HTMLUnknownElement.callTheUserObjectsOperation 
(node_modules/jsdom/lib/jsdom/living/generated/EventListener.js:26:30)
      at innerInvokeEventListeners 
(node_modules/jsdom/lib/jsdom/living/events/EventTarget-impl.js:350:25)
      at invokeEventListeners 
(node_modules/jsdom/lib/jsdom/living/events/EventTarget-impl.js:286:3)
      at HTMLUnknownElementImpl._dispatch 
(node_modules/jsdom/lib/jsdom/living/events/EventTarget-impl.js:233:9)
      at HTMLUnknownElementImpl.dispatchEvent 
(node_modules/jsdom/lib/jsdom/living/events/EventTarget-impl.js:104:17)
      at HTMLUnknownElement.dispatchEvent 
(node_modules/jsdom/lib/jsdom/living/generated/EventTarget.js:241:34)
      at Object.invokeGuardedCallbackDev 
(node_modules/react-dom/cjs/react-dom.development.js:4213:16)
      at invokeGuardedCallback 
(node_modules/react-dom/cjs/react-dom.development.js:4277:31)
      at invokeGuardedCallbackAndCatchFirstError 
(node_modules/react-dom/cjs/react-dom.development.js:4291:25)
      at executeDispatch 
(node_modules/react-dom/cjs/react-dom.development.js:9041:3)
      at processDispatchQueueItemsInOrder 
(node_modules/react-dom/cjs/react-dom.development.js:9073:7)
      at processDispatchQueue 
(node_modules/react-dom/cjs/react-dom.development.js:9086:5)
      at dispatchEventsForPlugins 
(node_modules/react-dom/cjs/react-dom.development.js:9097:3)
      at node_modules/react-dom/cjs/react-dom.development.js:9288:12
      at batchedUpdates$1 
(node_modules/react-dom/cjs/react-dom.development.js:26179:12)
      at batchedUpdates 
(node_modules/react-dom/cjs/react-dom.development.js:3991:12)
      at dispatchEventForPluginEventSystem 
(node_modules/react-dom/cjs/react-dom.development.js:9287:3)
      at dispatchEventWithEnableCapturePhaseSelectiveHydrationWithoutDiscreteEv
entReplay (node_modules/react-dom/cjs/react-dom.development.js:6465:5)
      at dispatchEvent 
(node_modules/react-dom/cjs/react-dom.development.js:6457:5)
      at dispatchDiscreteEvent 
(node_modules/react-dom/cjs/react-dom.development.js:6430:5)
      at HTMLDivElement.callTheUserObjectsOperation 
(node_modules/jsdom/lib/jsdom/living/generated/EventListener.js:26:30)
      at innerInvokeEventListeners 
(node_modules/jsdom/lib/jsdom/living/events/EventTarget-impl.js:350:25)
      at invokeEventListeners 
(node_modules/jsdom/lib/jsdom/living/events/EventTarget-impl.js:286:3)
      at HTMLInputElementImpl._dispatch 
(node_modules/jsdom/lib/jsdom/living/events/EventTarget-impl.js:233:9)
      at HTMLInputElementImpl.dispatchEvent 
(node_modules/jsdom/lib/jsdom/living/events/EventTarget-impl.js:104:17)
      at HTMLInputElement.dispatchEvent 
(node_modules/jsdom/lib/jsdom/living/generated/EventTarget.js:241:34)
      at 
node_modules/@testing-library/user-event/dist/cjs/event/dispatchEvent.js:45:43
      at Object.eventWrapper 
(node_modules/@testing-library/dom/dist/config.js:25:23)
      at Object.wrapEvent 
(node_modules/@testing-library/user-event/dist/cjs/event/wrapEvent.js:6:28)
      at Object.dispatchEvent (node_modules/@testing-library/user-event/dist/cj
s/event/dispatchEvent.js:45:22)
      at Object.dispatchUIEvent (node_modules/@testing-library/user-event/dist/
cjs/event/dispatchEvent.js:22:26)
      at commitInput 
(node_modules/@testing-library/user-event/dist/cjs/event/input.js:145:14)
      at editInputElement 
(node_modules/@testing-library/user-event/dist/cjs/event/input.js:115:9)
      at Object.input 
(node_modules/@testing-library/user-event/dist/cjs/event/input.js:37:9)
      at node_modules/@testing-library/user-event/dist/cjs/event/behavior/keypr
ess.js:31:26
      at Object.dispatchEvent (node_modules/@testing-library/user-event/dist/cj
s/event/dispatchEvent.js:41:13)
      at Object.dispatchUIEvent (node_modules/@testing-library/user-event/dist/
cjs/event/dispatchEvent.js:22:26)
      at KeyboardHost.keydown 
(node_modules/@testing-library/user-event/dist/cjs/system/keyboard.js:76:22)
      at keyboardAction 
(node_modules/@testing-library/user-event/dist/cjs/keyboard/index.js:22:35)
      at Object.keyboard 
(node_modules/@testing-library/user-event/dist/cjs/keyboard/index.js:11:15)
      at Object.type 
(node_modules/@testing-library/user-event/dist/cjs/utility/type.js:17:5)
      at Object.<anonymous> (src/auth/auth.test.tsx:287:9)

    console.error
      Warning: An update to LoginForm inside a test was not wrapped in 
act(...).
      
      When testing, code that causes React state updates should be wrapped 
into act(...):
      
      act(() => {
        /* fire events that update state */
      });
      /* assert on the output */
      
      This ensures that you're testing the behavior the user would see in the 
browser. Learn more at https://reactjs.org/link/wrap-tests-with-act
          at LoginForm (C:\Users\samhe\OneDrive\Desktop\Cleaned\frontend\src\au
th\LoginForm\LoginForm.tsx:41:33)
          at div
          at div
          at LoginPage
          at routeContext (C:\Users\samhe\OneDrive\Desktop\Cleaned\frontend\nod
e_modules\react-router\lib\hooks.tsx:658:26)
          at children (C:\Users\samhe\OneDrive\Desktop\Cleaned\frontend\node_mo
dules\react-router\lib\components.tsx:512:3)
          at basenameProp (C:\Users\samhe\OneDrive\Desktop\Cleaned\frontend\nod
e_modules\react-router\lib\components.tsx:421:13)
          at basename (C:\Users\samhe\OneDrive\Desktop\Cleaned\frontend\node_mo
dules\react-router\lib\components.tsx:225:3)

      123 |                     placeholder="email@company.com"
      124 |                     value={email}
    > 125 |                     onChange={(e) => setEmail(e.target.value)}
          |                                      ^
      126 |                     className="w-full rounded-md border 
border-gray-300 px-3 py-2 text-sm focus:outline-none focus:ring-2 
focus:ring-gray-900 disabled:opacity-50"
      127 |                 />
      128 |             </div>

      at printWarning 
(node_modules/react-dom/cjs/react-dom.development.js:86:30)
      at error (node_modules/react-dom/cjs/react-dom.development.js:60:7)
      at warnIfUpdatesNotWrappedWithActDEV 
(node_modules/react-dom/cjs/react-dom.development.js:27628:9)
      at scheduleUpdateOnFiber 
(node_modules/react-dom/cjs/react-dom.development.js:25547:5)
      at dispatchSetState 
(node_modules/react-dom/cjs/react-dom.development.js:16708:7)
      at onChange (src/auth/LoginForm/LoginForm.tsx:125:38)
      at HTMLUnknownElement.callCallback 
(node_modules/react-dom/cjs/react-dom.development.js:4164:14)
      at HTMLUnknownElement.callTheUserObjectsOperation 
(node_modules/jsdom/lib/jsdom/living/generated/EventListener.js:26:30)
      at innerInvokeEventListeners 
(node_modules/jsdom/lib/jsdom/living/events/EventTarget-impl.js:350:25)
      at invokeEventListeners 
(node_modules/jsdom/lib/jsdom/living/events/EventTarget-impl.js:286:3)
      at HTMLUnknownElementImpl._dispatch 
(node_modules/jsdom/lib/jsdom/living/events/EventTarget-impl.js:233:9)
      at HTMLUnknownElementImpl.dispatchEvent 
(node_modules/jsdom/lib/jsdom/living/events/EventTarget-impl.js:104:17)
      at HTMLUnknownElement.dispatchEvent 
(node_modules/jsdom/lib/jsdom/living/generated/EventTarget.js:241:34)
      at Object.invokeGuardedCallbackDev 
(node_modules/react-dom/cjs/react-dom.development.js:4213:16)
      at invokeGuardedCallback 
(node_modules/react-dom/cjs/react-dom.development.js:4277:31)
      at invokeGuardedCallbackAndCatchFirstError 
(node_modules/react-dom/cjs/react-dom.development.js:4291:25)
      at executeDispatch 
(node_modules/react-dom/cjs/react-dom.development.js:9041:3)
      at processDispatchQueueItemsInOrder 
(node_modules/react-dom/cjs/react-dom.development.js:9073:7)
      at processDispatchQueue 
(node_modules/react-dom/cjs/react-dom.development.js:9086:5)
      at dispatchEventsForPlugins 
(node_modules/react-dom/cjs/react-dom.development.js:9097:3)
      at node_modules/react-dom/cjs/react-dom.development.js:9288:12
      at batchedUpdates$1 
(node_modules/react-dom/cjs/react-dom.development.js:26179:12)
      at batchedUpdates 
(node_modules/react-dom/cjs/react-dom.development.js:3991:12)
      at dispatchEventForPluginEventSystem 
(node_modules/react-dom/cjs/react-dom.development.js:9287:3)
      at dispatchEventWithEnableCapturePhaseSelectiveHydrationWithoutDiscreteEv
entReplay (node_modules/react-dom/cjs/react-dom.development.js:6465:5)
      at dispatchEvent 
(node_modules/react-dom/cjs/react-dom.development.js:6457:5)
      at dispatchDiscreteEvent 
(node_modules/react-dom/cjs/react-dom.development.js:6430:5)
      at HTMLDivElement.callTheUserObjectsOperation 
(node_modules/jsdom/lib/jsdom/living/generated/EventListener.js:26:30)
      at innerInvokeEventListeners 
(node_modules/jsdom/lib/jsdom/living/events/EventTarget-impl.js:350:25)
      at invokeEventListeners 
(node_modules/jsdom/lib/jsdom/living/events/EventTarget-impl.js:286:3)
      at HTMLInputElementImpl._dispatch 
(node_modules/jsdom/lib/jsdom/living/events/EventTarget-impl.js:233:9)
      at HTMLInputElementImpl.dispatchEvent 
(node_modules/jsdom/lib/jsdom/living/events/EventTarget-impl.js:104:17)
      at HTMLInputElement.dispatchEvent 
(node_modules/jsdom/lib/jsdom/living/generated/EventTarget.js:241:34)
      at 
node_modules/@testing-library/user-event/dist/cjs/event/dispatchEvent.js:45:43
      at Object.eventWrapper 
(node_modules/@testing-library/dom/dist/config.js:25:23)
      at Object.wrapEvent 
(node_modules/@testing-library/user-event/dist/cjs/event/wrapEvent.js:6:28)
      at Object.dispatchEvent (node_modules/@testing-library/user-event/dist/cj
s/event/dispatchEvent.js:45:22)
      at Object.dispatchUIEvent (node_modules/@testing-library/user-event/dist/
cjs/event/dispatchEvent.js:22:26)
      at commitInput 
(node_modules/@testing-library/user-event/dist/cjs/event/input.js:145:14)
      at editInputElement 
(node_modules/@testing-library/user-event/dist/cjs/event/input.js:115:9)
      at Object.input 
(node_modules/@testing-library/user-event/dist/cjs/event/input.js:37:9)
      at node_modules/@testing-library/user-event/dist/cjs/event/behavior/keypr
ess.js:31:26
      at Object.dispatchEvent (node_modules/@testing-library/user-event/dist/cj
s/event/dispatchEvent.js:41:13)
      at Object.dispatchUIEvent (node_modules/@testing-library/user-event/dist/
cjs/event/dispatchEvent.js:22:26)
      at KeyboardHost.keydown 
(node_modules/@testing-library/user-event/dist/cjs/system/keyboard.js:76:22)
      at keyboardAction 
(node_modules/@testing-library/user-event/dist/cjs/keyboard/index.js:22:35)
      at Object.keyboard 
(node_modules/@testing-library/user-event/dist/cjs/keyboard/index.js:11:15)
      at Object.type 
(node_modules/@testing-library/user-event/dist/cjs/utility/type.js:17:5)
      at Object.<anonymous> (src/auth/auth.test.tsx:287:9)

    console.error
      Warning: An update to LoginForm inside a test was not wrapped in 
act(...).
      
      When testing, code that causes React state updates should be wrapped 
into act(...):
      
      act(() => {
        /* fire events that update state */
      });
      /* assert on the output */
      
      This ensures that you're testing the behavior the user would see in the 
browser. Learn more at https://reactjs.org/link/wrap-tests-with-act
          at LoginForm (C:\Users\samhe\OneDrive\Desktop\Cleaned\frontend\src\au
th\LoginForm\LoginForm.tsx:41:33)
          at div
          at div
          at LoginPage
          at routeContext (C:\Users\samhe\OneDrive\Desktop\Cleaned\frontend\nod
e_modules\react-router\lib\hooks.tsx:658:26)
          at children (C:\Users\samhe\OneDrive\Desktop\Cleaned\frontend\node_mo
dules\react-router\lib\components.tsx:512:3)
          at basenameProp (C:\Users\samhe\OneDrive\Desktop\Cleaned\frontend\nod
e_modules\react-router\lib\components.tsx:421:13)
          at basename (C:\Users\samhe\OneDrive\Desktop\Cleaned\frontend\node_mo
dules\react-router\lib\components.tsx:225:3)

      123 |                     placeholder="email@company.com"
      124 |                     value={email}
    > 125 |                     onChange={(e) => setEmail(e.target.value)}
          |                                      ^
      126 |                     className="w-full rounded-md border 
border-gray-300 px-3 py-2 text-sm focus:outline-none focus:ring-2 
focus:ring-gray-900 disabled:opacity-50"
      127 |                 />
      128 |             </div>

      at printWarning 
(node_modules/react-dom/cjs/react-dom.development.js:86:30)
      at error (node_modules/react-dom/cjs/react-dom.development.js:60:7)
      at warnIfUpdatesNotWrappedWithActDEV 
(node_modules/react-dom/cjs/react-dom.development.js:27628:9)
      at scheduleUpdateOnFiber 
(node_modules/react-dom/cjs/react-dom.development.js:25547:5)
      at dispatchSetState 
(node_modules/react-dom/cjs/react-dom.development.js:16708:7)
      at onChange (src/auth/LoginForm/LoginForm.tsx:125:38)
      at HTMLUnknownElement.callCallback 
(node_modules/react-dom/cjs/react-dom.development.js:4164:14)
      at HTMLUnknownElement.callTheUserObjectsOperation 
(node_modules/jsdom/lib/jsdom/living/generated/EventListener.js:26:30)
      at innerInvokeEventListeners 
(node_modules/jsdom/lib/jsdom/living/events/EventTarget-impl.js:350:25)
      at invokeEventListeners 
(node_modules/jsdom/lib/jsdom/living/events/EventTarget-impl.js:286:3)
      at HTMLUnknownElementImpl._dispatch 
(node_modules/jsdom/lib/jsdom/living/events/EventTarget-impl.js:233:9)
      at HTMLUnknownElementImpl.dispatchEvent 
(node_modules/jsdom/lib/jsdom/living/events/EventTarget-impl.js:104:17)
      at HTMLUnknownElement.dispatchEvent 
(node_modules/jsdom/lib/jsdom/living/generated/EventTarget.js:241:34)
      at Object.invokeGuardedCallbackDev 
(node_modules/react-dom/cjs/react-dom.development.js:4213:16)
      at invokeGuardedCallback 
(node_modules/react-dom/cjs/react-dom.development.js:4277:31)
      at invokeGuardedCallbackAndCatchFirstError 
(node_modules/react-dom/cjs/react-dom.development.js:4291:25)
      at executeDispatch 
(node_modules/react-dom/cjs/react-dom.development.js:9041:3)
      at processDispatchQueueItemsInOrder 
(node_modules/react-dom/cjs/react-dom.development.js:9073:7)
      at processDispatchQueue 
(node_modules/react-dom/cjs/react-dom.development.js:9086:5)
      at dispatchEventsForPlugins 
(node_modules/react-dom/cjs/react-dom.development.js:9097:3)
      at node_modules/react-dom/cjs/react-dom.development.js:9288:12
      at batchedUpdates$1 
(node_modules/react-dom/cjs/react-dom.development.js:26179:12)
      at batchedUpdates 
(node_modules/react-dom/cjs/react-dom.development.js:3991:12)
      at dispatchEventForPluginEventSystem 
(node_modules/react-dom/cjs/react-dom.development.js:9287:3)
      at dispatchEventWithEnableCapturePhaseSelectiveHydrationWithoutDiscreteEv
entReplay (node_modules/react-dom/cjs/react-dom.development.js:6465:5)
      at dispatchEvent 
(node_modules/react-dom/cjs/react-dom.development.js:6457:5)
      at dispatchDiscreteEvent 
(node_modules/react-dom/cjs/react-dom.development.js:6430:5)
      at HTMLDivElement.callTheUserObjectsOperation 
(node_modules/jsdom/lib/jsdom/living/generated/EventListener.js:26:30)
      at innerInvokeEventListeners 
(node_modules/jsdom/lib/jsdom/living/events/EventTarget-impl.js:350:25)
      at invokeEventListeners 
(node_modules/jsdom/lib/jsdom/living/events/EventTarget-impl.js:286:3)
      at HTMLInputElementImpl._dispatch 
(node_modules/jsdom/lib/jsdom/living/events/EventTarget-impl.js:233:9)
      at HTMLInputElementImpl.dispatchEvent 
(node_modules/jsdom/lib/jsdom/living/events/EventTarget-impl.js:104:17)
      at HTMLInputElement.dispatchEvent 
(node_modules/jsdom/lib/jsdom/living/generated/EventTarget.js:241:34)
      at 
node_modules/@testing-library/user-event/dist/cjs/event/dispatchEvent.js:45:43
      at Object.eventWrapper 
(node_modules/@testing-library/dom/dist/config.js:25:23)
      at Object.wrapEvent 
(node_modules/@testing-library/user-event/dist/cjs/event/wrapEvent.js:6:28)
      at Object.dispatchEvent (node_modules/@testing-library/user-event/dist/cj
s/event/dispatchEvent.js:45:22)
      at Object.dispatchUIEvent (node_modules/@testing-library/user-event/dist/
cjs/event/dispatchEvent.js:22:26)
      at commitInput 
(node_modules/@testing-library/user-event/dist/cjs/event/input.js:145:14)
      at editInputElement 
(node_modules/@testing-library/user-event/dist/cjs/event/input.js:115:9)
      at Object.input 
(node_modules/@testing-library/user-event/dist/cjs/event/input.js:37:9)
      at node_modules/@testing-library/user-event/dist/cjs/event/behavior/keypr
ess.js:31:26
      at Object.dispatchEvent (node_modules/@testing-library/user-event/dist/cj
s/event/dispatchEvent.js:41:13)
      at Object.dispatchUIEvent (node_modules/@testing-library/user-event/dist/
cjs/event/dispatchEvent.js:22:26)
      at KeyboardHost.keydown 
(node_modules/@testing-library/user-event/dist/cjs/system/keyboard.js:76:22)
      at keyboardAction 
(node_modules/@testing-library/user-event/dist/cjs/keyboard/index.js:22:35)
      at Object.keyboard 
(node_modules/@testing-library/user-event/dist/cjs/keyboard/index.js:11:15)
      at Object.type 
(node_modules/@testing-library/user-event/dist/cjs/utility/type.js:17:5)
      at Object.<anonymous> (src/auth/auth.test.tsx:287:9)

    console.error
      Warning: An update to LoginForm inside a test was not wrapped in 
act(...).
      
      When testing, code that causes React state updates should be wrapped 
into act(...):
      
      act(() => {
        /* fire events that update state */
      });
      /* assert on the output */
      
      This ensures that you're testing the behavior the user would see in the 
browser. Learn more at https://reactjs.org/link/wrap-tests-with-act
          at LoginForm (C:\Users\samhe\OneDrive\Desktop\Cleaned\frontend\src\au
th\LoginForm\LoginForm.tsx:41:33)
          at div
          at div
          at LoginPage
          at routeContext (C:\Users\samhe\OneDrive\Desktop\Cleaned\frontend\nod
e_modules\react-router\lib\hooks.tsx:658:26)
          at children (C:\Users\samhe\OneDrive\Desktop\Cleaned\frontend\node_mo
dules\react-router\lib\components.tsx:512:3)
          at basenameProp (C:\Users\samhe\OneDrive\Desktop\Cleaned\frontend\nod
e_modules\react-router\lib\components.tsx:421:13)
          at basename (C:\Users\samhe\OneDrive\Desktop\Cleaned\frontend\node_mo
dules\react-router\lib\components.tsx:225:3)

      123 |                     placeholder="email@company.com"
      124 |                     value={email}
    > 125 |                     onChange={(e) => setEmail(e.target.value)}
          |                                      ^
      126 |                     className="w-full rounded-md border 
border-gray-300 px-3 py-2 text-sm focus:outline-none focus:ring-2 
focus:ring-gray-900 disabled:opacity-50"
      127 |                 />
      128 |             </div>

      at printWarning 
(node_modules/react-dom/cjs/react-dom.development.js:86:30)
      at error (node_modules/react-dom/cjs/react-dom.development.js:60:7)
      at warnIfUpdatesNotWrappedWithActDEV 
(node_modules/react-dom/cjs/react-dom.development.js:27628:9)
      at scheduleUpdateOnFiber 
(node_modules/react-dom/cjs/react-dom.development.js:25547:5)
      at dispatchSetState 
(node_modules/react-dom/cjs/react-dom.development.js:16708:7)
      at onChange (src/auth/LoginForm/LoginForm.tsx:125:38)
      at HTMLUnknownElement.callCallback 
(node_modules/react-dom/cjs/react-dom.development.js:4164:14)
      at HTMLUnknownElement.callTheUserObjectsOperation 
(node_modules/jsdom/lib/jsdom/living/generated/EventListener.js:26:30)
      at innerInvokeEventListeners 
(node_modules/jsdom/lib/jsdom/living/events/EventTarget-impl.js:350:25)
      at invokeEventListeners 
(node_modules/jsdom/lib/jsdom/living/events/EventTarget-impl.js:286:3)
      at HTMLUnknownElementImpl._dispatch 
(node_modules/jsdom/lib/jsdom/living/events/EventTarget-impl.js:233:9)
      at HTMLUnknownElementImpl.dispatchEvent 
(node_modules/jsdom/lib/jsdom/living/events/EventTarget-impl.js:104:17)
      at HTMLUnknownElement.dispatchEvent 
(node_modules/jsdom/lib/jsdom/living/generated/EventTarget.js:241:34)
      at Object.invokeGuardedCallbackDev 
(node_modules/react-dom/cjs/react-dom.development.js:4213:16)
      at invokeGuardedCallback 
(node_modules/react-dom/cjs/react-dom.development.js:4277:31)
      at invokeGuardedCallbackAndCatchFirstError 
(node_modules/react-dom/cjs/react-dom.development.js:4291:25)
      at executeDispatch 
(node_modules/react-dom/cjs/react-dom.development.js:9041:3)
      at processDispatchQueueItemsInOrder 
(node_modules/react-dom/cjs/react-dom.development.js:9073:7)
      at processDispatchQueue 
(node_modules/react-dom/cjs/react-dom.development.js:9086:5)
      at dispatchEventsForPlugins 
(node_modules/react-dom/cjs/react-dom.development.js:9097:3)
      at node_modules/react-dom/cjs/react-dom.development.js:9288:12
      at batchedUpdates$1 
(node_modules/react-dom/cjs/react-dom.development.js:26179:12)
      at batchedUpdates 
(node_modules/react-dom/cjs/react-dom.development.js:3991:12)
      at dispatchEventForPluginEventSystem 
(node_modules/react-dom/cjs/react-dom.development.js:9287:3)
      at dispatchEventWithEnableCapturePhaseSelectiveHydrationWithoutDiscreteEv
entReplay (node_modules/react-dom/cjs/react-dom.development.js:6465:5)
      at dispatchEvent 
(node_modules/react-dom/cjs/react-dom.development.js:6457:5)
      at dispatchDiscreteEvent 
(node_modules/react-dom/cjs/react-dom.development.js:6430:5)
      at HTMLDivElement.callTheUserObjectsOperation 
(node_modules/jsdom/lib/jsdom/living/generated/EventListener.js:26:30)
      at innerInvokeEventListeners 
(node_modules/jsdom/lib/jsdom/living/events/EventTarget-impl.js:350:25)
      at invokeEventListeners 
(node_modules/jsdom/lib/jsdom/living/events/EventTarget-impl.js:286:3)
      at HTMLInputElementImpl._dispatch 
(node_modules/jsdom/lib/jsdom/living/events/EventTarget-impl.js:233:9)
      at HTMLInputElementImpl.dispatchEvent 
(node_modules/jsdom/lib/jsdom/living/events/EventTarget-impl.js:104:17)
      at HTMLInputElement.dispatchEvent 
(node_modules/jsdom/lib/jsdom/living/generated/EventTarget.js:241:34)
      at 
node_modules/@testing-library/user-event/dist/cjs/event/dispatchEvent.js:45:43
      at Object.eventWrapper 
(node_modules/@testing-library/dom/dist/config.js:25:23)
      at Object.wrapEvent 
(node_modules/@testing-library/user-event/dist/cjs/event/wrapEvent.js:6:28)
      at Object.dispatchEvent (node_modules/@testing-library/user-event/dist/cj
s/event/dispatchEvent.js:45:22)
      at Object.dispatchUIEvent (node_modules/@testing-library/user-event/dist/
cjs/event/dispatchEvent.js:22:26)
      at commitInput 
(node_modules/@testing-library/user-event/dist/cjs/event/input.js:145:14)
      at editInputElement 
(node_modules/@testing-library/user-event/dist/cjs/event/input.js:115:9)
      at Object.input 
(node_modules/@testing-library/user-event/dist/cjs/event/input.js:37:9)
      at node_modules/@testing-library/user-event/dist/cjs/event/behavior/keypr
ess.js:31:26
      at Object.dispatchEvent (node_modules/@testing-library/user-event/dist/cj
s/event/dispatchEvent.js:41:13)
      at Object.dispatchUIEvent (node_modules/@testing-library/user-event/dist/
cjs/event/dispatchEvent.js:22:26)
      at KeyboardHost.keydown 
(node_modules/@testing-library/user-event/dist/cjs/system/keyboard.js:76:22)
      at keyboardAction 
(node_modules/@testing-library/user-event/dist/cjs/keyboard/index.js:22:35)
      at Object.keyboard 
(node_modules/@testing-library/user-event/dist/cjs/keyboard/index.js:11:15)
      at Object.type 
(node_modules/@testing-library/user-event/dist/cjs/utility/type.js:17:5)
      at Object.<anonymous> (src/auth/auth.test.tsx:287:9)

    console.error
      Warning: An update to LoginForm inside a test was not wrapped in 
act(...).
      
      When testing, code that causes React state updates should be wrapped 
into act(...):
      
      act(() => {
        /* fire events that update state */
      });
      /* assert on the output */
      
      This ensures that you're testing the behavior the user would see in the 
browser. Learn more at https://reactjs.org/link/wrap-tests-with-act
          at LoginForm (C:\Users\samhe\OneDrive\Desktop\Cleaned\frontend\src\au
th\LoginForm\LoginForm.tsx:41:33)
          at div
          at div
          at LoginPage
          at routeContext (C:\Users\samhe\OneDrive\Desktop\Cleaned\frontend\nod
e_modules\react-router\lib\hooks.tsx:658:26)
          at children (C:\Users\samhe\OneDrive\Desktop\Cleaned\frontend\node_mo
dules\react-router\lib\components.tsx:512:3)
          at basenameProp (C:\Users\samhe\OneDrive\Desktop\Cleaned\frontend\nod
e_modules\react-router\lib\components.tsx:421:13)
          at basename (C:\Users\samhe\OneDrive\Desktop\Cleaned\frontend\node_mo
dules\react-router\lib\components.tsx:225:3)

      123 |                     placeholder="email@company.com"
      124 |                     value={email}
    > 125 |                     onChange={(e) => setEmail(e.target.value)}
          |                                      ^
      126 |                     className="w-full rounded-md border 
border-gray-300 px-3 py-2 text-sm focus:outline-none focus:ring-2 
focus:ring-gray-900 disabled:opacity-50"
      127 |                 />
      128 |             </div>

      at printWarning 
(node_modules/react-dom/cjs/react-dom.development.js:86:30)
      at error (node_modules/react-dom/cjs/react-dom.development.js:60:7)
      at warnIfUpdatesNotWrappedWithActDEV 
(node_modules/react-dom/cjs/react-dom.development.js:27628:9)
      at scheduleUpdateOnFiber 
(node_modules/react-dom/cjs/react-dom.development.js:25547:5)
      at dispatchSetState 
(node_modules/react-dom/cjs/react-dom.development.js:16708:7)
      at onChange (src/auth/LoginForm/LoginForm.tsx:125:38)
      at HTMLUnknownElement.callCallback 
(node_modules/react-dom/cjs/react-dom.development.js:4164:14)
      at HTMLUnknownElement.callTheUserObjectsOperation 
(node_modules/jsdom/lib/jsdom/living/generated/EventListener.js:26:30)
      at innerInvokeEventListeners 
(node_modules/jsdom/lib/jsdom/living/events/EventTarget-impl.js:350:25)
      at invokeEventListeners 
(node_modules/jsdom/lib/jsdom/living/events/EventTarget-impl.js:286:3)
      at HTMLUnknownElementImpl._dispatch 
(node_modules/jsdom/lib/jsdom/living/events/EventTarget-impl.js:233:9)
      at HTMLUnknownElementImpl.dispatchEvent 
(node_modules/jsdom/lib/jsdom/living/events/EventTarget-impl.js:104:17)
      at HTMLUnknownElement.dispatchEvent 
(node_modules/jsdom/lib/jsdom/living/generated/EventTarget.js:241:34)
      at Object.invokeGuardedCallbackDev 
(node_modules/react-dom/cjs/react-dom.development.js:4213:16)
      at invokeGuardedCallback 
(node_modules/react-dom/cjs/react-dom.development.js:4277:31)
      at invokeGuardedCallbackAndCatchFirstError 
(node_modules/react-dom/cjs/react-dom.development.js:4291:25)
      at executeDispatch 
(node_modules/react-dom/cjs/react-dom.development.js:9041:3)
      at processDispatchQueueItemsInOrder 
(node_modules/react-dom/cjs/react-dom.development.js:9073:7)
      at processDispatchQueue 
(node_modules/react-dom/cjs/react-dom.development.js:9086:5)
      at dispatchEventsForPlugins 
(node_modules/react-dom/cjs/react-dom.development.js:9097:3)
      at node_modules/react-dom/cjs/react-dom.development.js:9288:12
      at batchedUpdates$1 
(node_modules/react-dom/cjs/react-dom.development.js:26179:12)
      at batchedUpdates 
(node_modules/react-dom/cjs/react-dom.development.js:3991:12)
      at dispatchEventForPluginEventSystem 
(node_modules/react-dom/cjs/react-dom.development.js:9287:3)
      at dispatchEventWithEnableCapturePhaseSelectiveHydrationWithoutDiscreteEv
entReplay (node_modules/react-dom/cjs/react-dom.development.js:6465:5)
      at dispatchEvent 
(node_modules/react-dom/cjs/react-dom.development.js:6457:5)
      at dispatchDiscreteEvent 
(node_modules/react-dom/cjs/react-dom.development.js:6430:5)
      at HTMLDivElement.callTheUserObjectsOperation 
(node_modules/jsdom/lib/jsdom/living/generated/EventListener.js:26:30)
      at innerInvokeEventListeners 
(node_modules/jsdom/lib/jsdom/living/events/EventTarget-impl.js:350:25)
      at invokeEventListeners 
(node_modules/jsdom/lib/jsdom/living/events/EventTarget-impl.js:286:3)
      at HTMLInputElementImpl._dispatch 
(node_modules/jsdom/lib/jsdom/living/events/EventTarget-impl.js:233:9)
      at HTMLInputElementImpl.dispatchEvent 
(node_modules/jsdom/lib/jsdom/living/events/EventTarget-impl.js:104:17)
      at HTMLInputElement.dispatchEvent 
(node_modules/jsdom/lib/jsdom/living/generated/EventTarget.js:241:34)
      at 
node_modules/@testing-library/user-event/dist/cjs/event/dispatchEvent.js:45:43
      at Object.eventWrapper 
(node_modules/@testing-library/dom/dist/config.js:25:23)
      at Object.wrapEvent 
(node_modules/@testing-library/user-event/dist/cjs/event/wrapEvent.js:6:28)
      at Object.dispatchEvent (node_modules/@testing-library/user-event/dist/cj
s/event/dispatchEvent.js:45:22)
      at Object.dispatchUIEvent (node_modules/@testing-library/user-event/dist/
cjs/event/dispatchEvent.js:22:26)
      at commitInput 
(node_modules/@testing-library/user-event/dist/cjs/event/input.js:145:14)
      at editInputElement 
(node_modules/@testing-library/user-event/dist/cjs/event/input.js:115:9)
      at Object.input 
(node_modules/@testing-library/user-event/dist/cjs/event/input.js:37:9)
      at node_modules/@testing-library/user-event/dist/cjs/event/behavior/keypr
ess.js:31:26
      at Object.dispatchEvent (node_modules/@testing-library/user-event/dist/cj
s/event/dispatchEvent.js:41:13)
      at Object.dispatchUIEvent (node_modules/@testing-library/user-event/dist/
cjs/event/dispatchEvent.js:22:26)
      at KeyboardHost.keydown 
(node_modules/@testing-library/user-event/dist/cjs/system/keyboard.js:76:22)
      at keyboardAction 
(node_modules/@testing-library/user-event/dist/cjs/keyboard/index.js:22:35)
      at Object.keyboard 
(node_modules/@testing-library/user-event/dist/cjs/keyboard/index.js:11:15)
      at Object.type 
(node_modules/@testing-library/user-event/dist/cjs/utility/type.js:17:5)
      at Object.<anonymous> (src/auth/auth.test.tsx:287:9)

    console.error
      Warning: An update to LoginForm inside a test was not wrapped in 
act(...).
      
      When testing, code that causes React state updates should be wrapped 
into act(...):
      
      act(() => {
        /* fire events that update state */
      });
      /* assert on the output */
      
      This ensures that you're testing the behavior the user would see in the 
browser. Learn more at https://reactjs.org/link/wrap-tests-with-act
          at LoginForm (C:\Users\samhe\OneDrive\Desktop\Cleaned\frontend\src\au
th\LoginForm\LoginForm.tsx:41:33)
          at div
          at div
          at LoginPage
          at routeContext (C:\Users\samhe\OneDrive\Desktop\Cleaned\frontend\nod
e_modules\react-router\lib\hooks.tsx:658:26)
          at children (C:\Users\samhe\OneDrive\Desktop\Cleaned\frontend\node_mo
dules\react-router\lib\components.tsx:512:3)
          at basenameProp (C:\Users\samhe\OneDrive\Desktop\Cleaned\frontend\nod
e_modules\react-router\lib\components.tsx:421:13)
          at basename (C:\Users\samhe\OneDrive\Desktop\Cleaned\frontend\node_mo
dules\react-router\lib\components.tsx:225:3)

      123 |                     placeholder="email@company.com"
      124 |                     value={email}
    > 125 |                     onChange={(e) => setEmail(e.target.value)}
          |                                      ^
      126 |                     className="w-full rounded-md border 
border-gray-300 px-3 py-2 text-sm focus:outline-none focus:ring-2 
focus:ring-gray-900 disabled:opacity-50"
      127 |                 />
      128 |             </div>

      at printWarning 
(node_modules/react-dom/cjs/react-dom.development.js:86:30)
      at error (node_modules/react-dom/cjs/react-dom.development.js:60:7)
      at warnIfUpdatesNotWrappedWithActDEV 
(node_modules/react-dom/cjs/react-dom.development.js:27628:9)
      at scheduleUpdateOnFiber 
(node_modules/react-dom/cjs/react-dom.development.js:25547:5)
      at dispatchSetState 
(node_modules/react-dom/cjs/react-dom.development.js:16708:7)
      at onChange (src/auth/LoginForm/LoginForm.tsx:125:38)
      at HTMLUnknownElement.callCallback 
(node_modules/react-dom/cjs/react-dom.development.js:4164:14)
      at HTMLUnknownElement.callTheUserObjectsOperation 
(node_modules/jsdom/lib/jsdom/living/generated/EventListener.js:26:30)
      at innerInvokeEventListeners 
(node_modules/jsdom/lib/jsdom/living/events/EventTarget-impl.js:350:25)
      at invokeEventListeners 
(node_modules/jsdom/lib/jsdom/living/events/EventTarget-impl.js:286:3)
      at HTMLUnknownElementImpl._dispatch 
(node_modules/jsdom/lib/jsdom/living/events/EventTarget-impl.js:233:9)
      at HTMLUnknownElementImpl.dispatchEvent 
(node_modules/jsdom/lib/jsdom/living/events/EventTarget-impl.js:104:17)
      at HTMLUnknownElement.dispatchEvent 
(node_modules/jsdom/lib/jsdom/living/generated/EventTarget.js:241:34)
      at Object.invokeGuardedCallbackDev 
(node_modules/react-dom/cjs/react-dom.development.js:4213:16)
      at invokeGuardedCallback 
(node_modules/react-dom/cjs/react-dom.development.js:4277:31)
      at invokeGuardedCallbackAndCatchFirstError 
(node_modules/react-dom/cjs/react-dom.development.js:4291:25)
      at executeDispatch 
(node_modules/react-dom/cjs/react-dom.development.js:9041:3)
      at processDispatchQueueItemsInOrder 
(node_modules/react-dom/cjs/react-dom.development.js:9073:7)
      at processDispatchQueue 
(node_modules/react-dom/cjs/react-dom.development.js:9086:5)
      at dispatchEventsForPlugins 
(node_modules/react-dom/cjs/react-dom.development.js:9097:3)
      at node_modules/react-dom/cjs/react-dom.development.js:9288:12
      at batchedUpdates$1 
(node_modules/react-dom/cjs/react-dom.development.js:26179:12)
      at batchedUpdates 
(node_modules/react-dom/cjs/react-dom.development.js:3991:12)
      at dispatchEventForPluginEventSystem 
(node_modules/react-dom/cjs/react-dom.development.js:9287:3)
      at dispatchEventWithEnableCapturePhaseSelectiveHydrationWithoutDiscreteEv
entReplay (node_modules/react-dom/cjs/react-dom.development.js:6465:5)
      at dispatchEvent 
(node_modules/react-dom/cjs/react-dom.development.js:6457:5)
      at dispatchDiscreteEvent 
(node_modules/react-dom/cjs/react-dom.development.js:6430:5)
      at HTMLDivElement.callTheUserObjectsOperation 
(node_modules/jsdom/lib/jsdom/living/generated/EventListener.js:26:30)
      at innerInvokeEventListeners 
(node_modules/jsdom/lib/jsdom/living/events/EventTarget-impl.js:350:25)
      at invokeEventListeners 
(node_modules/jsdom/lib/jsdom/living/events/EventTarget-impl.js:286:3)
      at HTMLInputElementImpl._dispatch 
(node_modules/jsdom/lib/jsdom/living/events/EventTarget-impl.js:233:9)
      at HTMLInputElementImpl.dispatchEvent 
(node_modules/jsdom/lib/jsdom/living/events/EventTarget-impl.js:104:17)
      at HTMLInputElement.dispatchEvent 
(node_modules/jsdom/lib/jsdom/living/generated/EventTarget.js:241:34)
      at 
node_modules/@testing-library/user-event/dist/cjs/event/dispatchEvent.js:45:43
      at Object.eventWrapper 
(node_modules/@testing-library/dom/dist/config.js:25:23)
      at Object.wrapEvent 
(node_modules/@testing-library/user-event/dist/cjs/event/wrapEvent.js:6:28)
      at Object.dispatchEvent (node_modules/@testing-library/user-event/dist/cj
s/event/dispatchEvent.js:45:22)
      at Object.dispatchUIEvent (node_modules/@testing-library/user-event/dist/
cjs/event/dispatchEvent.js:22:26)
      at commitInput 
(node_modules/@testing-library/user-event/dist/cjs/event/input.js:145:14)
      at editInputElement 
(node_modules/@testing-library/user-event/dist/cjs/event/input.js:115:9)
      at Object.input 
(node_modules/@testing-library/user-event/dist/cjs/event/input.js:37:9)
      at node_modules/@testing-library/user-event/dist/cjs/event/behavior/keypr
ess.js:31:26
      at Object.dispatchEvent (node_modules/@testing-library/user-event/dist/cj
s/event/dispatchEvent.js:41:13)
      at Object.dispatchUIEvent (node_modules/@testing-library/user-event/dist/
cjs/event/dispatchEvent.js:22:26)
      at KeyboardHost.keydown 
(node_modules/@testing-library/user-event/dist/cjs/system/keyboard.js:76:22)
      at keyboardAction 
(node_modules/@testing-library/user-event/dist/cjs/keyboard/index.js:22:35)
      at Object.keyboard 
(node_modules/@testing-library/user-event/dist/cjs/keyboard/index.js:11:15)
      at Object.type 
(node_modules/@testing-library/user-event/dist/cjs/utility/type.js:17:5)
      at Object.<anonymous> (src/auth/auth.test.tsx:287:9)

    console.error
      Warning: An update to LoginForm inside a test was not wrapped in 
act(...).
      
      When testing, code that causes React state updates should be wrapped 
into act(...):
      
      act(() => {
        /* fire events that update state */
      });
      /* assert on the output */
      
      This ensures that you're testing the behavior the user would see in the 
browser. Learn more at https://reactjs.org/link/wrap-tests-with-act
          at LoginForm (C:\Users\samhe\OneDrive\Desktop\Cleaned\frontend\src\au
th\LoginForm\LoginForm.tsx:41:33)
          at div
          at div
          at LoginPage
          at routeContext (C:\Users\samhe\OneDrive\Desktop\Cleaned\frontend\nod
e_modules\react-router\lib\hooks.tsx:658:26)
          at children (C:\Users\samhe\OneDrive\Desktop\Cleaned\frontend\node_mo
dules\react-router\lib\components.tsx:512:3)
          at basenameProp (C:\Users\samhe\OneDrive\Desktop\Cleaned\frontend\nod
e_modules\react-router\lib\components.tsx:421:13)
          at basename (C:\Users\samhe\OneDrive\Desktop\Cleaned\frontend\node_mo
dules\react-router\lib\components.tsx:225:3)

      123 |                     placeholder="email@company.com"
      124 |                     value={email}
    > 125 |                     onChange={(e) => setEmail(e.target.value)}
          |                                      ^
      126 |                     className="w-full rounded-md border 
border-gray-300 px-3 py-2 text-sm focus:outline-none focus:ring-2 
focus:ring-gray-900 disabled:opacity-50"
      127 |                 />
      128 |             </div>

      at printWarning 
(node_modules/react-dom/cjs/react-dom.development.js:86:30)
      at error (node_modules/react-dom/cjs/react-dom.development.js:60:7)
      at warnIfUpdatesNotWrappedWithActDEV 
(node_modules/react-dom/cjs/react-dom.development.js:27628:9)
      at scheduleUpdateOnFiber 
(node_modules/react-dom/cjs/react-dom.development.js:25547:5)
      at dispatchSetState 
(node_modules/react-dom/cjs/react-dom.development.js:16708:7)
      at onChange (src/auth/LoginForm/LoginForm.tsx:125:38)
      at HTMLUnknownElement.callCallback 
(node_modules/react-dom/cjs/react-dom.development.js:4164:14)
      at HTMLUnknownElement.callTheUserObjectsOperation 
(node_modules/jsdom/lib/jsdom/living/generated/EventListener.js:26:30)
      at innerInvokeEventListeners 
(node_modules/jsdom/lib/jsdom/living/events/EventTarget-impl.js:350:25)
      at invokeEventListeners 
(node_modules/jsdom/lib/jsdom/living/events/EventTarget-impl.js:286:3)
      at HTMLUnknownElementImpl._dispatch 
(node_modules/jsdom/lib/jsdom/living/events/EventTarget-impl.js:233:9)
      at HTMLUnknownElementImpl.dispatchEvent 
(node_modules/jsdom/lib/jsdom/living/events/EventTarget-impl.js:104:17)
      at HTMLUnknownElement.dispatchEvent 
(node_modules/jsdom/lib/jsdom/living/generated/EventTarget.js:241:34)
      at Object.invokeGuardedCallbackDev 
(node_modules/react-dom/cjs/react-dom.development.js:4213:16)
      at invokeGuardedCallback 
(node_modules/react-dom/cjs/react-dom.development.js:4277:31)
      at invokeGuardedCallbackAndCatchFirstError 
(node_modules/react-dom/cjs/react-dom.development.js:4291:25)
      at executeDispatch 
(node_modules/react-dom/cjs/react-dom.development.js:9041:3)
      at processDispatchQueueItemsInOrder 
(node_modules/react-dom/cjs/react-dom.development.js:9073:7)
      at processDispatchQueue 
(node_modules/react-dom/cjs/react-dom.development.js:9086:5)
      at dispatchEventsForPlugins 
(node_modules/react-dom/cjs/react-dom.development.js:9097:3)
      at node_modules/react-dom/cjs/react-dom.development.js:9288:12
      at batchedUpdates$1 
(node_modules/react-dom/cjs/react-dom.development.js:26179:12)
      at batchedUpdates 
(node_modules/react-dom/cjs/react-dom.development.js:3991:12)
      at dispatchEventForPluginEventSystem 
(node_modules/react-dom/cjs/react-dom.development.js:9287:3)
      at dispatchEventWithEnableCapturePhaseSelectiveHydrationWithoutDiscreteEv
entReplay (node_modules/react-dom/cjs/react-dom.development.js:6465:5)
      at dispatchEvent 
(node_modules/react-dom/cjs/react-dom.development.js:6457:5)
      at dispatchDiscreteEvent 
(node_modules/react-dom/cjs/react-dom.development.js:6430:5)
      at HTMLDivElement.callTheUserObjectsOperation 
(node_modules/jsdom/lib/jsdom/living/generated/EventListener.js:26:30)
      at innerInvokeEventListeners 
(node_modules/jsdom/lib/jsdom/living/events/EventTarget-impl.js:350:25)
      at invokeEventListeners 
(node_modules/jsdom/lib/jsdom/living/events/EventTarget-impl.js:286:3)
      at HTMLInputElementImpl._dispatch 
(node_modules/jsdom/lib/jsdom/living/events/EventTarget-impl.js:233:9)
      at HTMLInputElementImpl.dispatchEvent 
(node_modules/jsdom/lib/jsdom/living/events/EventTarget-impl.js:104:17)
      at HTMLInputElement.dispatchEvent 
(node_modules/jsdom/lib/jsdom/living/generated/EventTarget.js:241:34)
      at 
node_modules/@testing-library/user-event/dist/cjs/event/dispatchEvent.js:45:43
      at Object.eventWrapper 
(node_modules/@testing-library/dom/dist/config.js:25:23)
      at Object.wrapEvent 
(node_modules/@testing-library/user-event/dist/cjs/event/wrapEvent.js:6:28)
      at Object.dispatchEvent (node_modules/@testing-library/user-event/dist/cj
s/event/dispatchEvent.js:45:22)
      at Object.dispatchUIEvent (node_modules/@testing-library/user-event/dist/
cjs/event/dispatchEvent.js:22:26)
      at commitInput 
(node_modules/@testing-library/user-event/dist/cjs/event/input.js:145:14)
      at editInputElement 
(node_modules/@testing-library/user-event/dist/cjs/event/input.js:115:9)
      at Object.input 
(node_modules/@testing-library/user-event/dist/cjs/event/input.js:37:9)
      at node_modules/@testing-library/user-event/dist/cjs/event/behavior/keypr
ess.js:31:26
      at Object.dispatchEvent (node_modules/@testing-library/user-event/dist/cj
s/event/dispatchEvent.js:41:13)
      at Object.dispatchUIEvent (node_modules/@testing-library/user-event/dist/
cjs/event/dispatchEvent.js:22:26)
      at KeyboardHost.keydown 
(node_modules/@testing-library/user-event/dist/cjs/system/keyboard.js:76:22)
      at keyboardAction 
(node_modules/@testing-library/user-event/dist/cjs/keyboard/index.js:22:35)
      at Object.keyboard 
(node_modules/@testing-library/user-event/dist/cjs/keyboard/index.js:11:15)
      at Object.type 
(node_modules/@testing-library/user-event/dist/cjs/utility/type.js:17:5)
      at Object.<anonymous> (src/auth/auth.test.tsx:287:9)

    console.error
      Warning: An update to LoginForm inside a test was not wrapped in 
act(...).
      
      When testing, code that causes React state updates should be wrapped 
into act(...):
      
      act(() => {
        /* fire events that update state */
      });
      /* assert on the output */
      
      This ensures that you're testing the behavior the user would see in the 
browser. Learn more at https://reactjs.org/link/wrap-tests-with-act
          at LoginForm (C:\Users\samhe\OneDrive\Desktop\Cleaned\frontend\src\au
th\LoginForm\LoginForm.tsx:41:33)
          at div
          at div
          at LoginPage
          at routeContext (C:\Users\samhe\OneDrive\Desktop\Cleaned\frontend\nod
e_modules\react-router\lib\hooks.tsx:658:26)
          at children (C:\Users\samhe\OneDrive\Desktop\Cleaned\frontend\node_mo
dules\react-router\lib\components.tsx:512:3)
          at basenameProp (C:\Users\samhe\OneDrive\Desktop\Cleaned\frontend\nod
e_modules\react-router\lib\components.tsx:421:13)
          at basename (C:\Users\samhe\OneDrive\Desktop\Cleaned\frontend\node_mo
dules\react-router\lib\components.tsx:225:3)

      52 |     async function handleSubmit(e: React.FormEvent) {
      53 |         e.preventDefault()
    > 54 |         setError('')
         |         ^
      55 |
      56 |         // Client-side empty field validation (R-AUTH-EMPTY)
      57 |         if (!email.trim() || !password) {

      at printWarning 
(node_modules/react-dom/cjs/react-dom.development.js:86:30)
      at error (node_modules/react-dom/cjs/react-dom.development.js:60:7)
      at warnIfUpdatesNotWrappedWithActDEV 
(node_modules/react-dom/cjs/react-dom.development.js:27628:9)
      at scheduleUpdateOnFiber 
(node_modules/react-dom/cjs/react-dom.development.js:25547:5)
      at dispatchSetState 
(node_modules/react-dom/cjs/react-dom.development.js:16708:7)
      at handleSubmit (src/auth/LoginForm/LoginForm.tsx:54:9)
      at HTMLUnknownElement.callCallback 
(node_modules/react-dom/cjs/react-dom.development.js:4164:14)
      at HTMLUnknownElement.callTheUserObjectsOperation 
(node_modules/jsdom/lib/jsdom/living/generated/EventListener.js:26:30)
      at innerInvokeEventListeners 
(node_modules/jsdom/lib/jsdom/living/events/EventTarget-impl.js:350:25)
      at invokeEventListeners 
(node_modules/jsdom/lib/jsdom/living/events/EventTarget-impl.js:286:3)
      at HTMLUnknownElementImpl._dispatch 
(node_modules/jsdom/lib/jsdom/living/events/EventTarget-impl.js:233:9)
      at HTMLUnknownElementImpl.dispatchEvent 
(node_modules/jsdom/lib/jsdom/living/events/EventTarget-impl.js:104:17)
      at HTMLUnknownElement.dispatchEvent 
(node_modules/jsdom/lib/jsdom/living/generated/EventTarget.js:241:34)
      at Object.invokeGuardedCallbackDev 
(node_modules/react-dom/cjs/react-dom.development.js:4213:16)
      at invokeGuardedCallback 
(node_modules/react-dom/cjs/react-dom.development.js:4277:31)
      at invokeGuardedCallbackAndCatchFirstError 
(node_modules/react-dom/cjs/react-dom.development.js:4291:25)
      at executeDispatch 
(node_modules/react-dom/cjs/react-dom.development.js:9041:3)
      at processDispatchQueueItemsInOrder 
(node_modules/react-dom/cjs/react-dom.development.js:9073:7)
      at processDispatchQueue 
(node_modules/react-dom/cjs/react-dom.development.js:9086:5)
      at dispatchEventsForPlugins 
(node_modules/react-dom/cjs/react-dom.development.js:9097:3)
      at node_modules/react-dom/cjs/react-dom.development.js:9288:12
      at batchedUpdates$1 
(node_modules/react-dom/cjs/react-dom.development.js:26179:12)
      at batchedUpdates 
(node_modules/react-dom/cjs/react-dom.development.js:3991:12)
      at dispatchEventForPluginEventSystem 
(node_modules/react-dom/cjs/react-dom.development.js:9287:3)
      at dispatchEventWithEnableCapturePhaseSelectiveHydrationWithoutDiscreteEv
entReplay (node_modules/react-dom/cjs/react-dom.development.js:6465:5)
      at dispatchEvent 
(node_modules/react-dom/cjs/react-dom.development.js:6457:5)
      at dispatchDiscreteEvent 
(node_modules/react-dom/cjs/react-dom.development.js:6430:5)
      at HTMLDivElement.callTheUserObjectsOperation 
(node_modules/jsdom/lib/jsdom/living/generated/EventListener.js:26:30)
      at innerInvokeEventListeners 
(node_modules/jsdom/lib/jsdom/living/events/EventTarget-impl.js:350:25)
      at invokeEventListeners 
(node_modules/jsdom/lib/jsdom/living/events/EventTarget-impl.js:286:3)
      at HTMLFormElementImpl._dispatch 
(node_modules/jsdom/lib/jsdom/living/events/EventTarget-impl.js:233:9)
      at fireAnEvent 
(node_modules/jsdom/lib/jsdom/living/helpers/events.js:18:36)
      at HTMLFormElementImpl.requestSubmit 
(node_modules/jsdom/lib/jsdom/living/nodes/HTMLFormElement-impl.js:109:10)
      at HTMLFormElementImpl._doRequestSubmit 
(node_modules/jsdom/lib/jsdom/living/nodes/HTMLFormElement-impl.js:79:10)
      at HTMLButtonElementImpl._activationBehavior 
(node_modules/jsdom/lib/jsdom/living/nodes/HTMLButtonElement-impl.js:23:14)
      at HTMLButtonElementImpl._dispatch 
(node_modules/jsdom/lib/jsdom/living/events/EventTarget-impl.js:252:26)
      at HTMLButtonElementImpl.dispatchEvent 
(node_modules/jsdom/lib/jsdom/living/events/EventTarget-impl.js:104:17)
      at HTMLButtonElement.dispatchEvent 
(node_modules/jsdom/lib/jsdom/living/generated/EventTarget.js:241:34)
      at 
node_modules/@testing-library/user-event/dist/cjs/event/dispatchEvent.js:45:43
      at Object.eventWrapper 
(node_modules/@testing-library/dom/dist/config.js:25:23)
      at Object.wrapEvent 
(node_modules/@testing-library/user-event/dist/cjs/event/wrapEvent.js:6:28)
      at Object.dispatchEvent (node_modules/@testing-library/user-event/dist/cj
s/event/dispatchEvent.js:45:22)
      at Object.dispatchUIEvent (node_modules/@testing-library/user-event/dist/
cjs/event/dispatchEvent.js:22:26)
      at Mouse.up (node_modules/@testing-library/user-event/dist/cjs/system/poi
nter/mouse.js:100:30)
      at PointerHost.release (node_modules/@testing-library/user-event/dist/cjs
/system/pointer/index.js:87:24)
      at pointerAction 
(node_modules/@testing-library/user-event/dist/cjs/pointer/index.js:54:47)
      at Object.pointer 
(node_modules/@testing-library/user-event/dist/cjs/pointer/index.js:27:9)
      at Object.<anonymous> (src/auth/auth.test.tsx:288:9)

    console.error
      Warning: An update to LoginForm inside a test was not wrapped in 
act(...).
      
      When testing, code that causes React state updates should be wrapped 
into act(...):
      
      act(() => {
        /* fire events that update state */
      });
      /* assert on the output */
      
      This ensures that you're testing the behavior the user would see in the 
browser. Learn more at https://reactjs.org/link/wrap-tests-with-act
          at LoginForm (C:\Users\samhe\OneDrive\Desktop\Cleaned\frontend\src\au
th\LoginForm\LoginForm.tsx:41:33)
          at div
          at div
          at LoginPage
          at routeContext (C:\Users\samhe\OneDrive\Desktop\Cleaned\frontend\nod
e_modules\react-router\lib\hooks.tsx:658:26)
          at children (C:\Users\samhe\OneDrive\Desktop\Cleaned\frontend\node_mo
dules\react-router\lib\components.tsx:512:3)
          at basenameProp (C:\Users\samhe\OneDrive\Desktop\Cleaned\frontend\nod
e_modules\react-router\lib\components.tsx:421:13)
          at basename (C:\Users\samhe\OneDrive\Desktop\Cleaned\frontend\node_mo
dules\react-router\lib\components.tsx:225:3)

      56 |         // Client-side empty field validation (R-AUTH-EMPTY)
      57 |         if (!email.trim() || !password) {
    > 58 |             setError('Please enter both email and password.')
         |             ^
      59 |             return
      60 |         }
      61 |

      at printWarning 
(node_modules/react-dom/cjs/react-dom.development.js:86:30)
      at error (node_modules/react-dom/cjs/react-dom.development.js:60:7)
      at warnIfUpdatesNotWrappedWithActDEV 
(node_modules/react-dom/cjs/react-dom.development.js:27628:9)
      at scheduleUpdateOnFiber 
(node_modules/react-dom/cjs/react-dom.development.js:25547:5)
      at dispatchSetState 
(node_modules/react-dom/cjs/react-dom.development.js:16708:7)
      at handleSubmit (src/auth/LoginForm/LoginForm.tsx:58:13)
      at HTMLUnknownElement.callCallback 
(node_modules/react-dom/cjs/react-dom.development.js:4164:14)
      at HTMLUnknownElement.callTheUserObjectsOperation 
(node_modules/jsdom/lib/jsdom/living/generated/EventListener.js:26:30)
      at innerInvokeEventListeners 
(node_modules/jsdom/lib/jsdom/living/events/EventTarget-impl.js:350:25)
      at invokeEventListeners 
(node_modules/jsdom/lib/jsdom/living/events/EventTarget-impl.js:286:3)
      at HTMLUnknownElementImpl._dispatch 
(node_modules/jsdom/lib/jsdom/living/events/EventTarget-impl.js:233:9)
      at HTMLUnknownElementImpl.dispatchEvent 
(node_modules/jsdom/lib/jsdom/living/events/EventTarget-impl.js:104:17)
      at HTMLUnknownElement.dispatchEvent 
(node_modules/jsdom/lib/jsdom/living/generated/EventTarget.js:241:34)
      at Object.invokeGuardedCallbackDev 
(node_modules/react-dom/cjs/react-dom.development.js:4213:16)
      at invokeGuardedCallback 
(node_modules/react-dom/cjs/react-dom.development.js:4277:31)
      at invokeGuardedCallbackAndCatchFirstError 
(node_modules/react-dom/cjs/react-dom.development.js:4291:25)
      at executeDispatch 
(node_modules/react-dom/cjs/react-dom.development.js:9041:3)
      at processDispatchQueueItemsInOrder 
(node_modules/react-dom/cjs/react-dom.development.js:9073:7)
      at processDispatchQueue 
(node_modules/react-dom/cjs/react-dom.development.js:9086:5)
      at dispatchEventsForPlugins 
(node_modules/react-dom/cjs/react-dom.development.js:9097:3)
      at node_modules/react-dom/cjs/react-dom.development.js:9288:12
      at batchedUpdates$1 
(node_modules/react-dom/cjs/react-dom.development.js:26179:12)
      at batchedUpdates 
(node_modules/react-dom/cjs/react-dom.development.js:3991:12)
      at dispatchEventForPluginEventSystem 
(node_modules/react-dom/cjs/react-dom.development.js:9287:3)
      at dispatchEventWithEnableCapturePhaseSelectiveHydrationWithoutDiscreteEv
entReplay (node_modules/react-dom/cjs/react-dom.development.js:6465:5)
      at dispatchEvent 
(node_modules/react-dom/cjs/react-dom.development.js:6457:5)
      at dispatchDiscreteEvent 
(node_modules/react-dom/cjs/react-dom.development.js:6430:5)
      at HTMLDivElement.callTheUserObjectsOperation 
(node_modules/jsdom/lib/jsdom/living/generated/EventListener.js:26:30)
      at innerInvokeEventListeners 
(node_modules/jsdom/lib/jsdom/living/events/EventTarget-impl.js:350:25)
      at invokeEventListeners 
(node_modules/jsdom/lib/jsdom/living/events/EventTarget-impl.js:286:3)
      at HTMLFormElementImpl._dispatch 
(node_modules/jsdom/lib/jsdom/living/events/EventTarget-impl.js:233:9)
      at fireAnEvent 
(node_modules/jsdom/lib/jsdom/living/helpers/events.js:18:36)
      at HTMLFormElementImpl.requestSubmit 
(node_modules/jsdom/lib/jsdom/living/nodes/HTMLFormElement-impl.js:109:10)
      at HTMLFormElementImpl._doRequestSubmit 
(node_modules/jsdom/lib/jsdom/living/nodes/HTMLFormElement-impl.js:79:10)
      at HTMLButtonElementImpl._activationBehavior 
(node_modules/jsdom/lib/jsdom/living/nodes/HTMLButtonElement-impl.js:23:14)
      at HTMLButtonElementImpl._dispatch 
(node_modules/jsdom/lib/jsdom/living/events/EventTarget-impl.js:252:26)
      at HTMLButtonElementImpl.dispatchEvent 
(node_modules/jsdom/lib/jsdom/living/events/EventTarget-impl.js:104:17)
      at HTMLButtonElement.dispatchEvent 
(node_modules/jsdom/lib/jsdom/living/generated/EventTarget.js:241:34)
      at 
node_modules/@testing-library/user-event/dist/cjs/event/dispatchEvent.js:45:43
      at Object.eventWrapper 
(node_modules/@testing-library/dom/dist/config.js:25:23)
      at Object.wrapEvent 
(node_modules/@testing-library/user-event/dist/cjs/event/wrapEvent.js:6:28)
      at Object.dispatchEvent (node_modules/@testing-library/user-event/dist/cj
s/event/dispatchEvent.js:45:22)
      at Object.dispatchUIEvent (node_modules/@testing-library/user-event/dist/
cjs/event/dispatchEvent.js:22:26)
      at Mouse.up (node_modules/@testing-library/user-event/dist/cjs/system/poi
nter/mouse.js:100:30)
      at PointerHost.release (node_modules/@testing-library/user-event/dist/cjs
/system/pointer/index.js:87:24)
      at pointerAction 
(node_modules/@testing-library/user-event/dist/cjs/pointer/index.js:54:47)
      at Object.pointer 
(node_modules/@testing-library/user-event/dist/cjs/pointer/index.js:27:9)
      at Object.<anonymous> (src/auth/auth.test.tsx:288:9)

    console.error
      Warning: An update to LoginForm inside a test was not wrapped in 
act(...).
      
      When testing, code that causes React state updates should be wrapped 
into act(...):
      
      act(() => {
        /* fire events that update state */
      });
      /* assert on the output */
      
      This ensures that you're testing the behavior the user would see in the 
browser. Learn more at https://reactjs.org/link/wrap-tests-with-act
          at LoginForm (C:\Users\samhe\OneDrive\Desktop\Cleaned\frontend\src\au
th\LoginForm\LoginForm.tsx:41:33)
          at div
          at div
          at LoginPage
          at routeContext (C:\Users\samhe\OneDrive\Desktop\Cleaned\frontend\nod
e_modules\react-router\lib\hooks.tsx:658:26)
          at children (C:\Users\samhe\OneDrive\Desktop\Cleaned\frontend\node_mo
dules\react-router\lib\components.tsx:512:3)
          at basenameProp (C:\Users\samhe\OneDrive\Desktop\Cleaned\frontend\nod
e_modules\react-router\lib\components.tsx:421:13)
          at basename (C:\Users\samhe\OneDrive\Desktop\Cleaned\frontend\node_mo
dules\react-router\lib\components.tsx:225:3)

      147 |                         type="button"
      148 |                         aria-label={showPassword ? 'Hide password' 
: 'Show password'}
    > 149 |                         onClick={() => setShowPassword((v) => !v)}
          |                                        ^
      150 |                         className="absolute inset-y-0 right-0 flex 
items-center px-3 text-gray-400 hover:text-gray-600"
      151 |                         tabIndex={-1}
      152 |                     >

      at printWarning 
(node_modules/react-dom/cjs/react-dom.development.js:86:30)
      at error (node_modules/react-dom/cjs/react-dom.development.js:60:7)
      at warnIfUpdatesNotWrappedWithActDEV 
(node_modules/react-dom/cjs/react-dom.development.js:27628:9)
      at scheduleUpdateOnFiber 
(node_modules/react-dom/cjs/react-dom.development.js:25547:5)
      at dispatchSetState 
(node_modules/react-dom/cjs/react-dom.development.js:16708:7)
      at onClick (src/auth/LoginForm/LoginForm.tsx:149:40)
      at HTMLUnknownElement.callCallback 
(node_modules/react-dom/cjs/react-dom.development.js:4164:14)
      at HTMLUnknownElement.callTheUserObjectsOperation 
(node_modules/jsdom/lib/jsdom/living/generated/EventListener.js:26:30)
      at innerInvokeEventListeners 
(node_modules/jsdom/lib/jsdom/living/events/EventTarget-impl.js:350:25)
      at invokeEventListeners 
(node_modules/jsdom/lib/jsdom/living/events/EventTarget-impl.js:286:3)
      at HTMLUnknownElementImpl._dispatch 
(node_modules/jsdom/lib/jsdom/living/events/EventTarget-impl.js:233:9)
      at HTMLUnknownElementImpl.dispatchEvent 
(node_modules/jsdom/lib/jsdom/living/events/EventTarget-impl.js:104:17)
      at HTMLUnknownElement.dispatchEvent 
(node_modules/jsdom/lib/jsdom/living/generated/EventTarget.js:241:34)
      at Object.invokeGuardedCallbackDev 
(node_modules/react-dom/cjs/react-dom.development.js:4213:16)
      at invokeGuardedCallback 
(node_modules/react-dom/cjs/react-dom.development.js:4277:31)
      at invokeGuardedCallbackAndCatchFirstError 
(node_modules/react-dom/cjs/react-dom.development.js:4291:25)
      at executeDispatch 
(node_modules/react-dom/cjs/react-dom.development.js:9041:3)
      at processDispatchQueueItemsInOrder 
(node_modules/react-dom/cjs/react-dom.development.js:9073:7)
      at processDispatchQueue 
(node_modules/react-dom/cjs/react-dom.development.js:9086:5)
      at dispatchEventsForPlugins 
(node_modules/react-dom/cjs/react-dom.development.js:9097:3)
      at node_modules/react-dom/cjs/react-dom.development.js:9288:12
      at batchedUpdates$1 
(node_modules/react-dom/cjs/react-dom.development.js:26179:12)
      at batchedUpdates 
(node_modules/react-dom/cjs/react-dom.development.js:3991:12)
      at dispatchEventForPluginEventSystem 
(node_modules/react-dom/cjs/react-dom.development.js:9287:3)
      at dispatchEventWithEnableCapturePhaseSelectiveHydrationWithoutDiscreteEv
entReplay (node_modules/react-dom/cjs/react-dom.development.js:6465:5)
      at dispatchEvent 
(node_modules/react-dom/cjs/react-dom.development.js:6457:5)
      at dispatchDiscreteEvent 
(node_modules/react-dom/cjs/react-dom.development.js:6430:5)
      at HTMLDivElement.callTheUserObjectsOperation 
(node_modules/jsdom/lib/jsdom/living/generated/EventListener.js:26:30)
      at innerInvokeEventListeners 
(node_modules/jsdom/lib/jsdom/living/events/EventTarget-impl.js:350:25)
      at invokeEventListeners 
(node_modules/jsdom/lib/jsdom/living/events/EventTarget-impl.js:286:3)
      at HTMLButtonElementImpl._dispatch 
(node_modules/jsdom/lib/jsdom/living/events/EventTarget-impl.js:233:9)
      at HTMLButtonElementImpl.dispatchEvent 
(node_modules/jsdom/lib/jsdom/living/events/EventTarget-impl.js:104:17)
      at HTMLButtonElement.dispatchEvent 
(node_modules/jsdom/lib/jsdom/living/generated/EventTarget.js:241:34)
      at 
node_modules/@testing-library/user-event/dist/cjs/event/dispatchEvent.js:45:43
      at Object.eventWrapper 
(node_modules/@testing-library/dom/dist/config.js:25:23)
      at Object.wrapEvent 
(node_modules/@testing-library/user-event/dist/cjs/event/wrapEvent.js:6:28)
      at Object.dispatchEvent (node_modules/@testing-library/user-event/dist/cj
s/event/dispatchEvent.js:45:22)
      at Object.dispatchUIEvent (node_modules/@testing-library/user-event/dist/
cjs/event/dispatchEvent.js:22:26)
      at Mouse.up (node_modules/@testing-library/user-event/dist/cjs/system/poi
nter/mouse.js:100:30)
      at PointerHost.release (node_modules/@testing-library/user-event/dist/cjs
/system/pointer/index.js:87:24)
      at pointerAction 
(node_modules/@testing-library/user-event/dist/cjs/pointer/index.js:54:47)
      at Object.pointer 
(node_modules/@testing-library/user-event/dist/cjs/pointer/index.js:27:9)
      at Object.<anonymous> (src/auth/auth.test.tsx:306:9)

    console.error
      Warning: An update to LoginForm inside a test was not wrapped in 
act(...).
      
      When testing, code that causes React state updates should be wrapped 
into act(...):
      
      act(() => {
        /* fire events that update state */
      });
      /* assert on the output */
      
      This ensures that you're testing the behavior the user would see in the 
browser. Learn more at https://reactjs.org/link/wrap-tests-with-act
          at LoginForm (C:\Users\samhe\OneDrive\Desktop\Cleaned\frontend\src\au
th\LoginForm\LoginForm.tsx:41:33)
          at div
          at div
          at LoginPage
          at routeContext (C:\Users\samhe\OneDrive\Desktop\Cleaned\frontend\nod
e_modules\react-router\lib\hooks.tsx:658:26)
          at children (C:\Users\samhe\OneDrive\Desktop\Cleaned\frontend\node_mo
dules\react-router\lib\components.tsx:512:3)
          at basenameProp (C:\Users\samhe\OneDrive\Desktop\Cleaned\frontend\nod
e_modules\react-router\lib\components.tsx:421:13)
          at basename (C:\Users\samhe\OneDrive\Desktop\Cleaned\frontend\node_mo
dules\react-router\lib\components.tsx:225:3)

      147 |                         type="button"
      148 |                         aria-label={showPassword ? 'Hide password' 
: 'Show password'}
    > 149 |                         onClick={() => setShowPassword((v) => !v)}
          |                                        ^
      150 |                         className="absolute inset-y-0 right-0 flex 
items-center px-3 text-gray-400 hover:text-gray-600"
      151 |                         tabIndex={-1}
      152 |                     >

      at printWarning 
(node_modules/react-dom/cjs/react-dom.development.js:86:30)
      at error (node_modules/react-dom/cjs/react-dom.development.js:60:7)
      at warnIfUpdatesNotWrappedWithActDEV 
(node_modules/react-dom/cjs/react-dom.development.js:27628:9)
      at scheduleUpdateOnFiber 
(node_modules/react-dom/cjs/react-dom.development.js:25547:5)
      at dispatchSetState 
(node_modules/react-dom/cjs/react-dom.development.js:16708:7)
      at onClick (src/auth/LoginForm/LoginForm.tsx:149:40)
      at HTMLUnknownElement.callCallback 
(node_modules/react-dom/cjs/react-dom.development.js:4164:14)
      at HTMLUnknownElement.callTheUserObjectsOperation 
(node_modules/jsdom/lib/jsdom/living/generated/EventListener.js:26:30)
      at innerInvokeEventListeners 
(node_modules/jsdom/lib/jsdom/living/events/EventTarget-impl.js:350:25)
      at invokeEventListeners 
(node_modules/jsdom/lib/jsdom/living/events/EventTarget-impl.js:286:3)
      at HTMLUnknownElementImpl._dispatch 
(node_modules/jsdom/lib/jsdom/living/events/EventTarget-impl.js:233:9)
      at HTMLUnknownElementImpl.dispatchEvent 
(node_modules/jsdom/lib/jsdom/living/events/EventTarget-impl.js:104:17)
      at HTMLUnknownElement.dispatchEvent 
(node_modules/jsdom/lib/jsdom/living/generated/EventTarget.js:241:34)
      at Object.invokeGuardedCallbackDev 
(node_modules/react-dom/cjs/react-dom.development.js:4213:16)
      at invokeGuardedCallback 
(node_modules/react-dom/cjs/react-dom.development.js:4277:31)
      at invokeGuardedCallbackAndCatchFirstError 
(node_modules/react-dom/cjs/react-dom.development.js:4291:25)
      at executeDispatch 
(node_modules/react-dom/cjs/react-dom.development.js:9041:3)
      at processDispatchQueueItemsInOrder 
(node_modules/react-dom/cjs/react-dom.development.js:9073:7)
      at processDispatchQueue 
(node_modules/react-dom/cjs/react-dom.development.js:9086:5)
      at dispatchEventsForPlugins 
(node_modules/react-dom/cjs/react-dom.development.js:9097:3)
      at node_modules/react-dom/cjs/react-dom.development.js:9288:12
      at batchedUpdates$1 
(node_modules/react-dom/cjs/react-dom.development.js:26179:12)
      at batchedUpdates 
(node_modules/react-dom/cjs/react-dom.development.js:3991:12)
      at dispatchEventForPluginEventSystem 
(node_modules/react-dom/cjs/react-dom.development.js:9287:3)
      at dispatchEventWithEnableCapturePhaseSelectiveHydrationWithoutDiscreteEv
entReplay (node_modules/react-dom/cjs/react-dom.development.js:6465:5)
      at dispatchEvent 
(node_modules/react-dom/cjs/react-dom.development.js:6457:5)
      at dispatchDiscreteEvent 
(node_modules/react-dom/cjs/react-dom.development.js:6430:5)
      at HTMLDivElement.callTheUserObjectsOperation 
(node_modules/jsdom/lib/jsdom/living/generated/EventListener.js:26:30)
      at innerInvokeEventListeners 
(node_modules/jsdom/lib/jsdom/living/events/EventTarget-impl.js:350:25)
      at invokeEventListeners 
(node_modules/jsdom/lib/jsdom/living/events/EventTarget-impl.js:286:3)
      at HTMLButtonElementImpl._dispatch 
(node_modules/jsdom/lib/jsdom/living/events/EventTarget-impl.js:233:9)
      at HTMLButtonElementImpl.dispatchEvent 
(node_modules/jsdom/lib/jsdom/living/events/EventTarget-impl.js:104:17)
      at HTMLButtonElement.dispatchEvent 
(node_modules/jsdom/lib/jsdom/living/generated/EventTarget.js:241:34)
      at 
node_modules/@testing-library/user-event/dist/cjs/event/dispatchEvent.js:45:43
      at Object.eventWrapper 
(node_modules/@testing-library/dom/dist/config.js:25:23)
      at Object.wrapEvent 
(node_modules/@testing-library/user-event/dist/cjs/event/wrapEvent.js:6:28)
      at Object.dispatchEvent (node_modules/@testing-library/user-event/dist/cj
s/event/dispatchEvent.js:45:22)
      at Object.dispatchUIEvent (node_modules/@testing-library/user-event/dist/
cjs/event/dispatchEvent.js:22:26)
      at Mouse.up (node_modules/@testing-library/user-event/dist/cjs/system/poi
nter/mouse.js:100:30)
      at PointerHost.release (node_modules/@testing-library/user-event/dist/cjs
/system/pointer/index.js:87:24)
      at pointerAction 
(node_modules/@testing-library/user-event/dist/cjs/pointer/index.js:54:47)
      at Object.pointer 
(node_modules/@testing-library/user-event/dist/cjs/pointer/index.js:27:9)
      at Object.<anonymous> (src/auth/auth.test.tsx:313:9)

    console.error
      Warning: An update to LoginForm inside a test was not wrapped in 
act(...).
      
      When testing, code that causes React state updates should be wrapped 
into act(...):
      
      act(() => {
        /* fire events that update state */
      });
      /* assert on the output */
      
      This ensures that you're testing the behavior the user would see in the 
browser. Learn more at https://reactjs.org/link/wrap-tests-with-act
          at LoginForm (C:\Users\samhe\OneDrive\Desktop\Cleaned\frontend\src\au
th\LoginForm\LoginForm.tsx:41:33)
          at div
          at div
          at LoginPage
          at routeContext (C:\Users\samhe\OneDrive\Desktop\Cleaned\frontend\nod
e_modules\react-router\lib\hooks.tsx:658:26)
          at children (C:\Users\samhe\OneDrive\Desktop\Cleaned\frontend\node_mo
dules\react-router\lib\components.tsx:512:3)
          at basenameProp (C:\Users\samhe\OneDrive\Desktop\Cleaned\frontend\nod
e_modules\react-router\lib\components.tsx:421:13)
          at basename (C:\Users\samhe\OneDrive\Desktop\Cleaned\frontend\node_mo
dules\react-router\lib\components.tsx:225:3)

      147 |                         type="button"
      148 |                         aria-label={showPassword ? 'Hide password' 
: 'Show password'}
    > 149 |                         onClick={() => setShowPassword((v) => !v)}
          |                                        ^
      150 |                         className="absolute inset-y-0 right-0 flex 
items-center px-3 text-gray-400 hover:text-gray-600"
      151 |                         tabIndex={-1}
      152 |                     >

      at printWarning 
(node_modules/react-dom/cjs/react-dom.development.js:86:30)
      at error (node_modules/react-dom/cjs/react-dom.development.js:60:7)
      at warnIfUpdatesNotWrappedWithActDEV 
(node_modules/react-dom/cjs/react-dom.development.js:27628:9)
      at scheduleUpdateOnFiber 
(node_modules/react-dom/cjs/react-dom.development.js:25547:5)
      at dispatchSetState 
(node_modules/react-dom/cjs/react-dom.development.js:16708:7)
      at onClick (src/auth/LoginForm/LoginForm.tsx:149:40)
      at HTMLUnknownElement.callCallback 
(node_modules/react-dom/cjs/react-dom.development.js:4164:14)
      at HTMLUnknownElement.callTheUserObjectsOperation 
(node_modules/jsdom/lib/jsdom/living/generated/EventListener.js:26:30)
      at innerInvokeEventListeners 
(node_modules/jsdom/lib/jsdom/living/events/EventTarget-impl.js:350:25)
      at invokeEventListeners 
(node_modules/jsdom/lib/jsdom/living/events/EventTarget-impl.js:286:3)
      at HTMLUnknownElementImpl._dispatch 
(node_modules/jsdom/lib/jsdom/living/events/EventTarget-impl.js:233:9)
      at HTMLUnknownElementImpl.dispatchEvent 
(node_modules/jsdom/lib/jsdom/living/events/EventTarget-impl.js:104:17)
      at HTMLUnknownElement.dispatchEvent 
(node_modules/jsdom/lib/jsdom/living/generated/EventTarget.js:241:34)
      at Object.invokeGuardedCallbackDev 
(node_modules/react-dom/cjs/react-dom.development.js:4213:16)
      at invokeGuardedCallback 
(node_modules/react-dom/cjs/react-dom.development.js:4277:31)
      at invokeGuardedCallbackAndCatchFirstError 
(node_modules/react-dom/cjs/react-dom.development.js:4291:25)
      at executeDispatch 
(node_modules/react-dom/cjs/react-dom.development.js:9041:3)
      at processDispatchQueueItemsInOrder 
(node_modules/react-dom/cjs/react-dom.development.js:9073:7)
      at processDispatchQueue 
(node_modules/react-dom/cjs/react-dom.development.js:9086:5)
      at dispatchEventsForPlugins 
(node_modules/react-dom/cjs/react-dom.development.js:9097:3)
      at node_modules/react-dom/cjs/react-dom.development.js:9288:12
      at batchedUpdates$1 
(node_modules/react-dom/cjs/react-dom.development.js:26179:12)
      at batchedUpdates 
(node_modules/react-dom/cjs/react-dom.development.js:3991:12)
      at dispatchEventForPluginEventSystem 
(node_modules/react-dom/cjs/react-dom.development.js:9287:3)
      at dispatchEventWithEnableCapturePhaseSelectiveHydrationWithoutDiscreteEv
entReplay (node_modules/react-dom/cjs/react-dom.development.js:6465:5)
      at dispatchEvent 
(node_modules/react-dom/cjs/react-dom.development.js:6457:5)
      at dispatchDiscreteEvent 
(node_modules/react-dom/cjs/react-dom.development.js:6430:5)
      at HTMLDivElement.callTheUserObjectsOperation 
(node_modules/jsdom/lib/jsdom/living/generated/EventListener.js:26:30)
      at innerInvokeEventListeners 
(node_modules/jsdom/lib/jsdom/living/events/EventTarget-impl.js:350:25)
      at invokeEventListeners 
(node_modules/jsdom/lib/jsdom/living/events/EventTarget-impl.js:286:3)
      at HTMLButtonElementImpl._dispatch 
(node_modules/jsdom/lib/jsdom/living/events/EventTarget-impl.js:233:9)
      at HTMLButtonElementImpl.dispatchEvent 
(node_modules/jsdom/lib/jsdom/living/events/EventTarget-impl.js:104:17)
      at HTMLButtonElement.dispatchEvent 
(node_modules/jsdom/lib/jsdom/living/generated/EventTarget.js:241:34)
      at 
node_modules/@testing-library/user-event/dist/cjs/event/dispatchEvent.js:45:43
      at Object.eventWrapper 
(node_modules/@testing-library/dom/dist/config.js:25:23)
      at Object.wrapEvent 
(node_modules/@testing-library/user-event/dist/cjs/event/wrapEvent.js:6:28)
      at Object.dispatchEvent (node_modules/@testing-library/user-event/dist/cj
s/event/dispatchEvent.js:45:22)
      at Object.dispatchUIEvent (node_modules/@testing-library/user-event/dist/
cjs/event/dispatchEvent.js:22:26)
      at Mouse.up (node_modules/@testing-library/user-event/dist/cjs/system/poi
nter/mouse.js:100:30)
      at PointerHost.release (node_modules/@testing-library/user-event/dist/cjs
/system/pointer/index.js:87:24)
      at pointerAction 
(node_modules/@testing-library/user-event/dist/cjs/pointer/index.js:54:47)
      at Object.pointer 
(node_modules/@testing-library/user-event/dist/cjs/pointer/index.js:27:9)
      at Object.<anonymous> (src/auth/auth.test.tsx:314:9)

    console.error
      Warning: An update to LoginForm inside a test was not wrapped in 
act(...).
      
      When testing, code that causes React state updates should be wrapped 
into act(...):
      
      act(() => {
        /* fire events that update state */
      });
      /* assert on the output */
      
      This ensures that you're testing the behavior the user would see in the 
browser. Learn more at https://reactjs.org/link/wrap-tests-with-act
          at LoginForm (C:\Users\samhe\OneDrive\Desktop\Cleaned\frontend\src\au
th\LoginForm\LoginForm.tsx:41:33)
          at div
          at div
          at LoginPage
          at routeContext (C:\Users\samhe\OneDrive\Desktop\Cleaned\frontend\nod
e_modules\react-router\lib\hooks.tsx:658:26)
          at children (C:\Users\samhe\OneDrive\Desktop\Cleaned\frontend\node_mo
dules\react-router\lib\components.tsx:512:3)
          at basenameProp (C:\Users\samhe\OneDrive\Desktop\Cleaned\frontend\nod
e_modules\react-router\lib\components.tsx:421:13)
          at basename (C:\Users\samhe\OneDrive\Desktop\Cleaned\frontend\node_mo
dules\react-router\lib\components.tsx:225:3)

      123 |                     placeholder="email@company.com"
      124 |                     value={email}
    > 125 |                     onChange={(e) => setEmail(e.target.value)}
          |                                      ^
      126 |                     className="w-full rounded-md border 
border-gray-300 px-3 py-2 text-sm focus:outline-none focus:ring-2 
focus:ring-gray-900 disabled:opacity-50"
      127 |                 />
      128 |             </div>

      at printWarning 
(node_modules/react-dom/cjs/react-dom.development.js:86:30)
      at error (node_modules/react-dom/cjs/react-dom.development.js:60:7)
      at warnIfUpdatesNotWrappedWithActDEV 
(node_modules/react-dom/cjs/react-dom.development.js:27628:9)
      at scheduleUpdateOnFiber 
(node_modules/react-dom/cjs/react-dom.development.js:25547:5)
      at dispatchSetState 
(node_modules/react-dom/cjs/react-dom.development.js:16708:7)
      at onChange (src/auth/LoginForm/LoginForm.tsx:125:38)
      at HTMLUnknownElement.callCallback 
(node_modules/react-dom/cjs/react-dom.development.js:4164:14)
      at HTMLUnknownElement.callTheUserObjectsOperation 
(node_modules/jsdom/lib/jsdom/living/generated/EventListener.js:26:30)
      at innerInvokeEventListeners 
(node_modules/jsdom/lib/jsdom/living/events/EventTarget-impl.js:350:25)
      at invokeEventListeners 
(node_modules/jsdom/lib/jsdom/living/events/EventTarget-impl.js:286:3)
      at HTMLUnknownElementImpl._dispatch 
(node_modules/jsdom/lib/jsdom/living/events/EventTarget-impl.js:233:9)
      at HTMLUnknownElementImpl.dispatchEvent 
(node_modules/jsdom/lib/jsdom/living/events/EventTarget-impl.js:104:17)
      at HTMLUnknownElement.dispatchEvent 
(node_modules/jsdom/lib/jsdom/living/generated/EventTarget.js:241:34)
      at Object.invokeGuardedCallbackDev 
(node_modules/react-dom/cjs/react-dom.development.js:4213:16)
      at invokeGuardedCallback 
(node_modules/react-dom/cjs/react-dom.development.js:4277:31)
      at invokeGuardedCallbackAndCatchFirstError 
(node_modules/react-dom/cjs/react-dom.development.js:4291:25)
      at executeDispatch 
(node_modules/react-dom/cjs/react-dom.development.js:9041:3)
      at processDispatchQueueItemsInOrder 
(node_modules/react-dom/cjs/react-dom.development.js:9073:7)
      at processDispatchQueue 
(node_modules/react-dom/cjs/react-dom.development.js:9086:5)
      at dispatchEventsForPlugins 
(node_modules/react-dom/cjs/react-dom.development.js:9097:3)
      at node_modules/react-dom/cjs/react-dom.development.js:9288:12
      at batchedUpdates$1 
(node_modules/react-dom/cjs/react-dom.development.js:26179:12)
      at batchedUpdates 
(node_modules/react-dom/cjs/react-dom.development.js:3991:12)
      at dispatchEventForPluginEventSystem 
(node_modules/react-dom/cjs/react-dom.development.js:9287:3)
      at dispatchEventWithEnableCapturePhaseSelectiveHydrationWithoutDiscreteEv
entReplay (node_modules/react-dom/cjs/react-dom.development.js:6465:5)
      at dispatchEvent 
(node_modules/react-dom/cjs/react-dom.development.js:6457:5)
      at dispatchDiscreteEvent 
(node_modules/react-dom/cjs/react-dom.development.js:6430:5)
      at HTMLDivElement.callTheUserObjectsOperation 
(node_modules/jsdom/lib/jsdom/living/generated/EventListener.js:26:30)
      at innerInvokeEventListeners 
(node_modules/jsdom/lib/jsdom/living/events/EventTarget-impl.js:350:25)
      at invokeEventListeners 
(node_modules/jsdom/lib/jsdom/living/events/EventTarget-impl.js:286:3)
      at HTMLInputElementImpl._dispatch 
(node_modules/jsdom/lib/jsdom/living/events/EventTarget-impl.js:233:9)
      at HTMLInputElementImpl.dispatchEvent 
(node_modules/jsdom/lib/jsdom/living/events/EventTarget-impl.js:104:17)
      at HTMLInputElement.dispatchEvent 
(node_modules/jsdom/lib/jsdom/living/generated/EventTarget.js:241:34)
      at 
node_modules/@testing-library/user-event/dist/cjs/event/dispatchEvent.js:45:43
      at Object.eventWrapper 
(node_modules/@testing-library/dom/dist/config.js:25:23)
      at Object.wrapEvent 
(node_modules/@testing-library/user-event/dist/cjs/event/wrapEvent.js:6:28)
      at Object.dispatchEvent (node_modules/@testing-library/user-event/dist/cj
s/event/dispatchEvent.js:45:22)
      at Object.dispatchUIEvent (node_modules/@testing-library/user-event/dist/
cjs/event/dispatchEvent.js:22:26)
      at commitInput 
(node_modules/@testing-library/user-event/dist/cjs/event/input.js:145:14)
      at editInputElement 
(node_modules/@testing-library/user-event/dist/cjs/event/input.js:115:9)
      at Object.input 
(node_modules/@testing-library/user-event/dist/cjs/event/input.js:37:9)
      at node_modules/@testing-library/user-event/dist/cjs/event/behavior/keypr
ess.js:31:26
      at Object.dispatchEvent (node_modules/@testing-library/user-event/dist/cj
s/event/dispatchEvent.js:41:13)
      at Object.dispatchUIEvent (node_modules/@testing-library/user-event/dist/
cjs/event/dispatchEvent.js:22:26)
      at KeyboardHost.keydown 
(node_modules/@testing-library/user-event/dist/cjs/system/keyboard.js:76:22)
      at keyboardAction 
(node_modules/@testing-library/user-event/dist/cjs/keyboard/index.js:22:35)
      at Object.keyboard 
(node_modules/@testing-library/user-event/dist/cjs/keyboard/index.js:11:15)
      at Object.type 
(node_modules/@testing-library/user-event/dist/cjs/utility/type.js:17:5)
      at Object.<anonymous> (src/auth/auth.test.tsx:400:9)

    console.error
      Warning: An update to LoginForm inside a test was not wrapped in 
act(...).
      
      When testing, code that causes React state updates should be wrapped 
into act(...):
      
      act(() => {
        /* fire events that update state */
      });
      /* assert on the output */
      
      This ensures that you're testing the behavior the user would see in the 
browser. Learn more at https://reactjs.org/link/wrap-tests-with-act
          at LoginForm (C:\Users\samhe\OneDrive\Desktop\Cleaned\frontend\src\au
th\LoginForm\LoginForm.tsx:41:33)
          at div
          at div
          at LoginPage
          at routeContext (C:\Users\samhe\OneDrive\Desktop\Cleaned\frontend\nod
e_modules\react-router\lib\hooks.tsx:658:26)
          at children (C:\Users\samhe\OneDrive\Desktop\Cleaned\frontend\node_mo
dules\react-router\lib\components.tsx:512:3)
          at basenameProp (C:\Users\samhe\OneDrive\Desktop\Cleaned\frontend\nod
e_modules\react-router\lib\components.tsx:421:13)
          at basename (C:\Users\samhe\OneDrive\Desktop\Cleaned\frontend\node_mo
dules\react-router\lib\components.tsx:225:3)

      123 |                     placeholder="email@company.com"
      124 |                     value={email}
    > 125 |                     onChange={(e) => setEmail(e.target.value)}
          |                                      ^
      126 |                     className="w-full rounded-md border 
border-gray-300 px-3 py-2 text-sm focus:outline-none focus:ring-2 
focus:ring-gray-900 disabled:opacity-50"
      127 |                 />
      128 |             </div>

      at printWarning 
(node_modules/react-dom/cjs/react-dom.development.js:86:30)
      at error (node_modules/react-dom/cjs/react-dom.development.js:60:7)
      at warnIfUpdatesNotWrappedWithActDEV 
(node_modules/react-dom/cjs/react-dom.development.js:27628:9)
      at scheduleUpdateOnFiber 
(node_modules/react-dom/cjs/react-dom.development.js:25547:5)
      at dispatchSetState 
(node_modules/react-dom/cjs/react-dom.development.js:16708:7)
      at onChange (src/auth/LoginForm/LoginForm.tsx:125:38)
      at HTMLUnknownElement.callCallback 
(node_modules/react-dom/cjs/react-dom.development.js:4164:14)
      at HTMLUnknownElement.callTheUserObjectsOperation 
(node_modules/jsdom/lib/jsdom/living/generated/EventListener.js:26:30)
      at innerInvokeEventListeners 
(node_modules/jsdom/lib/jsdom/living/events/EventTarget-impl.js:350:25)
      at invokeEventListeners 
(node_modules/jsdom/lib/jsdom/living/events/EventTarget-impl.js:286:3)
      at HTMLUnknownElementImpl._dispatch 
(node_modules/jsdom/lib/jsdom/living/events/EventTarget-impl.js:233:9)
      at HTMLUnknownElementImpl.dispatchEvent 
(node_modules/jsdom/lib/jsdom/living/events/EventTarget-impl.js:104:17)
      at HTMLUnknownElement.dispatchEvent 
(node_modules/jsdom/lib/jsdom/living/generated/EventTarget.js:241:34)
      at Object.invokeGuardedCallbackDev 
(node_modules/react-dom/cjs/react-dom.development.js:4213:16)
      at invokeGuardedCallback 
(node_modules/react-dom/cjs/react-dom.development.js:4277:31)
      at invokeGuardedCallbackAndCatchFirstError 
(node_modules/react-dom/cjs/react-dom.development.js:4291:25)
      at executeDispatch 
(node_modules/react-dom/cjs/react-dom.development.js:9041:3)
      at processDispatchQueueItemsInOrder 
(node_modules/react-dom/cjs/react-dom.development.js:9073:7)
      at processDispatchQueue 
(node_modules/react-dom/cjs/react-dom.development.js:9086:5)
      at dispatchEventsForPlugins 
(node_modules/react-dom/cjs/react-dom.development.js:9097:3)
      at node_modules/react-dom/cjs/react-dom.development.js:9288:12
      at batchedUpdates$1 
(node_modules/react-dom/cjs/react-dom.development.js:26179:12)
      at batchedUpdates 
(node_modules/react-dom/cjs/react-dom.development.js:3991:12)
      at dispatchEventForPluginEventSystem 
(node_modules/react-dom/cjs/react-dom.development.js:9287:3)
      at dispatchEventWithEnableCapturePhaseSelectiveHydrationWithoutDiscreteEv
entReplay (node_modules/react-dom/cjs/react-dom.development.js:6465:5)
      at dispatchEvent 
(node_modules/react-dom/cjs/react-dom.development.js:6457:5)
      at dispatchDiscreteEvent 
(node_modules/react-dom/cjs/react-dom.development.js:6430:5)
      at HTMLDivElement.callTheUserObjectsOperation 
(node_modules/jsdom/lib/jsdom/living/generated/EventListener.js:26:30)
      at innerInvokeEventListeners 
(node_modules/jsdom/lib/jsdom/living/events/EventTarget-impl.js:350:25)
      at invokeEventListeners 
(node_modules/jsdom/lib/jsdom/living/events/EventTarget-impl.js:286:3)
      at HTMLInputElementImpl._dispatch 
(node_modules/jsdom/lib/jsdom/living/events/EventTarget-impl.js:233:9)
      at HTMLInputElementImpl.dispatchEvent 
(node_modules/jsdom/lib/jsdom/living/events/EventTarget-impl.js:104:17)
      at HTMLInputElement.dispatchEvent 
(node_modules/jsdom/lib/jsdom/living/generated/EventTarget.js:241:34)
      at 
node_modules/@testing-library/user-event/dist/cjs/event/dispatchEvent.js:45:43
      at Object.eventWrapper 
(node_modules/@testing-library/dom/dist/config.js:25:23)
      at Object.wrapEvent 
(node_modules/@testing-library/user-event/dist/cjs/event/wrapEvent.js:6:28)
      at Object.dispatchEvent (node_modules/@testing-library/user-event/dist/cj
s/event/dispatchEvent.js:45:22)
      at Object.dispatchUIEvent (node_modules/@testing-library/user-event/dist/
cjs/event/dispatchEvent.js:22:26)
      at commitInput 
(node_modules/@testing-library/user-event/dist/cjs/event/input.js:145:14)
      at editInputElement 
(node_modules/@testing-library/user-event/dist/cjs/event/input.js:115:9)
      at Object.input 
(node_modules/@testing-library/user-event/dist/cjs/event/input.js:37:9)
      at node_modules/@testing-library/user-event/dist/cjs/event/behavior/keypr
ess.js:31:26
      at Object.dispatchEvent (node_modules/@testing-library/user-event/dist/cj
s/event/dispatchEvent.js:41:13)
      at Object.dispatchUIEvent (node_modules/@testing-library/user-event/dist/
cjs/event/dispatchEvent.js:22:26)
      at KeyboardHost.keydown 
(node_modules/@testing-library/user-event/dist/cjs/system/keyboard.js:76:22)
      at keyboardAction 
(node_modules/@testing-library/user-event/dist/cjs/keyboard/index.js:22:35)
      at Object.keyboard 
(node_modules/@testing-library/user-event/dist/cjs/keyboard/index.js:11:15)
      at Object.type 
(node_modules/@testing-library/user-event/dist/cjs/utility/type.js:17:5)
      at Object.<anonymous> (src/auth/auth.test.tsx:400:9)

    console.error
      Warning: An update to LoginForm inside a test was not wrapped in 
act(...).
      
      When testing, code that causes React state updates should be wrapped 
into act(...):
      
      act(() => {
        /* fire events that update state */
      });
      /* assert on the output */
      
      This ensures that you're testing the behavior the user would see in the 
browser. Learn more at https://reactjs.org/link/wrap-tests-with-act
          at LoginForm (C:\Users\samhe\OneDrive\Desktop\Cleaned\frontend\src\au
th\LoginForm\LoginForm.tsx:41:33)
          at div
          at div
          at LoginPage
          at routeContext (C:\Users\samhe\OneDrive\Desktop\Cleaned\frontend\nod
e_modules\react-router\lib\hooks.tsx:658:26)
          at children (C:\Users\samhe\OneDrive\Desktop\Cleaned\frontend\node_mo
dules\react-router\lib\components.tsx:512:3)
          at basenameProp (C:\Users\samhe\OneDrive\Desktop\Cleaned\frontend\nod
e_modules\react-router\lib\components.tsx:421:13)
          at basename (C:\Users\samhe\OneDrive\Desktop\Cleaned\frontend\node_mo
dules\react-router\lib\components.tsx:225:3)

      123 |                     placeholder="email@company.com"
      124 |                     value={email}
    > 125 |                     onChange={(e) => setEmail(e.target.value)}
          |                                      ^
      126 |                     className="w-full rounded-md border 
border-gray-300 px-3 py-2 text-sm focus:outline-none focus:ring-2 
focus:ring-gray-900 disabled:opacity-50"
      127 |                 />
      128 |             </div>

      at printWarning 
(node_modules/react-dom/cjs/react-dom.development.js:86:30)
      at error (node_modules/react-dom/cjs/react-dom.development.js:60:7)
      at warnIfUpdatesNotWrappedWithActDEV 
(node_modules/react-dom/cjs/react-dom.development.js:27628:9)
      at scheduleUpdateOnFiber 
(node_modules/react-dom/cjs/react-dom.development.js:25547:5)
      at dispatchSetState 
(node_modules/react-dom/cjs/react-dom.development.js:16708:7)
      at onChange (src/auth/LoginForm/LoginForm.tsx:125:38)
      at HTMLUnknownElement.callCallback 
(node_modules/react-dom/cjs/react-dom.development.js:4164:14)
      at HTMLUnknownElement.callTheUserObjectsOperation 
(node_modules/jsdom/lib/jsdom/living/generated/EventListener.js:26:30)
      at innerInvokeEventListeners 
(node_modules/jsdom/lib/jsdom/living/events/EventTarget-impl.js:350:25)
      at invokeEventListeners 
(node_modules/jsdom/lib/jsdom/living/events/EventTarget-impl.js:286:3)
      at HTMLUnknownElementImpl._dispatch 
(node_modules/jsdom/lib/jsdom/living/events/EventTarget-impl.js:233:9)
      at HTMLUnknownElementImpl.dispatchEvent 
(node_modules/jsdom/lib/jsdom/living/events/EventTarget-impl.js:104:17)
      at HTMLUnknownElement.dispatchEvent 
(node_modules/jsdom/lib/jsdom/living/generated/EventTarget.js:241:34)
      at Object.invokeGuardedCallbackDev 
(node_modules/react-dom/cjs/react-dom.development.js:4213:16)
      at invokeGuardedCallback 
(node_modules/react-dom/cjs/react-dom.development.js:4277:31)
      at invokeGuardedCallbackAndCatchFirstError 
(node_modules/react-dom/cjs/react-dom.development.js:4291:25)
      at executeDispatch 
(node_modules/react-dom/cjs/react-dom.development.js:9041:3)
      at processDispatchQueueItemsInOrder 
(node_modules/react-dom/cjs/react-dom.development.js:9073:7)
      at processDispatchQueue 
(node_modules/react-dom/cjs/react-dom.development.js:9086:5)
      at dispatchEventsForPlugins 
(node_modules/react-dom/cjs/react-dom.development.js:9097:3)
      at node_modules/react-dom/cjs/react-dom.development.js:9288:12
      at batchedUpdates$1 
(node_modules/react-dom/cjs/react-dom.development.js:26179:12)
      at batchedUpdates 
(node_modules/react-dom/cjs/react-dom.development.js:3991:12)
      at dispatchEventForPluginEventSystem 
(node_modules/react-dom/cjs/react-dom.development.js:9287:3)
      at dispatchEventWithEnableCapturePhaseSelectiveHydrationWithoutDiscreteEv
entReplay (node_modules/react-dom/cjs/react-dom.development.js:6465:5)
      at dispatchEvent 
(node_modules/react-dom/cjs/react-dom.development.js:6457:5)
      at dispatchDiscreteEvent 
(node_modules/react-dom/cjs/react-dom.development.js:6430:5)
      at HTMLDivElement.callTheUserObjectsOperation 
(node_modules/jsdom/lib/jsdom/living/generated/EventListener.js:26:30)
      at innerInvokeEventListeners 
(node_modules/jsdom/lib/jsdom/living/events/EventTarget-impl.js:350:25)
      at invokeEventListeners 
(node_modules/jsdom/lib/jsdom/living/events/EventTarget-impl.js:286:3)
      at HTMLInputElementImpl._dispatch 
(node_modules/jsdom/lib/jsdom/living/events/EventTarget-impl.js:233:9)
      at HTMLInputElementImpl.dispatchEvent 
(node_modules/jsdom/lib/jsdom/living/events/EventTarget-impl.js:104:17)
      at HTMLInputElement.dispatchEvent 
(node_modules/jsdom/lib/jsdom/living/generated/EventTarget.js:241:34)
      at 
node_modules/@testing-library/user-event/dist/cjs/event/dispatchEvent.js:45:43
      at Object.eventWrapper 
(node_modules/@testing-library/dom/dist/config.js:25:23)
      at Object.wrapEvent 
(node_modules/@testing-library/user-event/dist/cjs/event/wrapEvent.js:6:28)
      at Object.dispatchEvent (node_modules/@testing-library/user-event/dist/cj
s/event/dispatchEvent.js:45:22)
      at Object.dispatchUIEvent (node_modules/@testing-library/user-event/dist/
cjs/event/dispatchEvent.js:22:26)
      at commitInput 
(node_modules/@testing-library/user-event/dist/cjs/event/input.js:145:14)
      at editInputElement 
(node_modules/@testing-library/user-event/dist/cjs/event/input.js:115:9)
      at Object.input 
(node_modules/@testing-library/user-event/dist/cjs/event/input.js:37:9)
      at node_modules/@testing-library/user-event/dist/cjs/event/behavior/keypr
ess.js:31:26
      at Object.dispatchEvent (node_modules/@testing-library/user-event/dist/cj
s/event/dispatchEvent.js:41:13)
      at Object.dispatchUIEvent (node_modules/@testing-library/user-event/dist/
cjs/event/dispatchEvent.js:22:26)
      at KeyboardHost.keydown 
(node_modules/@testing-library/user-event/dist/cjs/system/keyboard.js:76:22)
      at keyboardAction 
(node_modules/@testing-library/user-event/dist/cjs/keyboard/index.js:22:35)
      at Object.keyboard 
(node_modules/@testing-library/user-event/dist/cjs/keyboard/index.js:11:15)
      at Object.type 
(node_modules/@testing-library/user-event/dist/cjs/utility/type.js:17:5)
      at Object.<anonymous> (src/auth/auth.test.tsx:400:9)

    console.error
      Warning: An update to LoginForm inside a test was not wrapped in 
act(...).
      
      When testing, code that causes React state updates should be wrapped 
into act(...):
      
      act(() => {
        /* fire events that update state */
      });
      /* assert on the output */
      
      This ensures that you're testing the behavior the user would see in the 
browser. Learn more at https://reactjs.org/link/wrap-tests-with-act
          at LoginForm (C:\Users\samhe\OneDrive\Desktop\Cleaned\frontend\src\au
th\LoginForm\LoginForm.tsx:41:33)
          at div
          at div
          at LoginPage
          at routeContext (C:\Users\samhe\OneDrive\Desktop\Cleaned\frontend\nod
e_modules\react-router\lib\hooks.tsx:658:26)
          at children (C:\Users\samhe\OneDrive\Desktop\Cleaned\frontend\node_mo
dules\react-router\lib\components.tsx:512:3)
          at basenameProp (C:\Users\samhe\OneDrive\Desktop\Cleaned\frontend\nod
e_modules\react-router\lib\components.tsx:421:13)
          at basename (C:\Users\samhe\OneDrive\Desktop\Cleaned\frontend\node_mo
dules\react-router\lib\components.tsx:225:3)

      123 |                     placeholder="email@company.com"
      124 |                     value={email}
    > 125 |                     onChange={(e) => setEmail(e.target.value)}
          |                                      ^
      126 |                     className="w-full rounded-md border 
border-gray-300 px-3 py-2 text-sm focus:outline-none focus:ring-2 
focus:ring-gray-900 disabled:opacity-50"
      127 |                 />
      128 |             </div>

      at printWarning 
(node_modules/react-dom/cjs/react-dom.development.js:86:30)
      at error (node_modules/react-dom/cjs/react-dom.development.js:60:7)
      at warnIfUpdatesNotWrappedWithActDEV 
(node_modules/react-dom/cjs/react-dom.development.js:27628:9)
      at scheduleUpdateOnFiber 
(node_modules/react-dom/cjs/react-dom.development.js:25547:5)
      at dispatchSetState 
(node_modules/react-dom/cjs/react-dom.development.js:16708:7)
      at onChange (src/auth/LoginForm/LoginForm.tsx:125:38)
      at HTMLUnknownElement.callCallback 
(node_modules/react-dom/cjs/react-dom.development.js:4164:14)
      at HTMLUnknownElement.callTheUserObjectsOperation 
(node_modules/jsdom/lib/jsdom/living/generated/EventListener.js:26:30)
      at innerInvokeEventListeners 
(node_modules/jsdom/lib/jsdom/living/events/EventTarget-impl.js:350:25)
      at invokeEventListeners 
(node_modules/jsdom/lib/jsdom/living/events/EventTarget-impl.js:286:3)
      at HTMLUnknownElementImpl._dispatch 
(node_modules/jsdom/lib/jsdom/living/events/EventTarget-impl.js:233:9)
      at HTMLUnknownElementImpl.dispatchEvent 
(node_modules/jsdom/lib/jsdom/living/events/EventTarget-impl.js:104:17)
      at HTMLUnknownElement.dispatchEvent 
(node_modules/jsdom/lib/jsdom/living/generated/EventTarget.js:241:34)
      at Object.invokeGuardedCallbackDev 
(node_modules/react-dom/cjs/react-dom.development.js:4213:16)
      at invokeGuardedCallback 
(node_modules/react-dom/cjs/react-dom.development.js:4277:31)
      at invokeGuardedCallbackAndCatchFirstError 
(node_modules/react-dom/cjs/react-dom.development.js:4291:25)
      at executeDispatch 
(node_modules/react-dom/cjs/react-dom.development.js:9041:3)
      at processDispatchQueueItemsInOrder 
(node_modules/react-dom/cjs/react-dom.development.js:9073:7)
      at processDispatchQueue 
(node_modules/react-dom/cjs/react-dom.development.js:9086:5)
      at dispatchEventsForPlugins 
(node_modules/react-dom/cjs/react-dom.development.js:9097:3)
      at node_modules/react-dom/cjs/react-dom.development.js:9288:12
      at batchedUpdates$1 
(node_modules/react-dom/cjs/react-dom.development.js:26179:12)
      at batchedUpdates 
(node_modules/react-dom/cjs/react-dom.development.js:3991:12)
      at dispatchEventForPluginEventSystem 
(node_modules/react-dom/cjs/react-dom.development.js:9287:3)
      at dispatchEventWithEnableCapturePhaseSelectiveHydrationWithoutDiscreteEv
entReplay (node_modules/react-dom/cjs/react-dom.development.js:6465:5)
      at dispatchEvent 
(node_modules/react-dom/cjs/react-dom.development.js:6457:5)
      at dispatchDiscreteEvent 
(node_modules/react-dom/cjs/react-dom.development.js:6430:5)
      at HTMLDivElement.callTheUserObjectsOperation 
(node_modules/jsdom/lib/jsdom/living/generated/EventListener.js:26:30)
      at innerInvokeEventListeners 
(node_modules/jsdom/lib/jsdom/living/events/EventTarget-impl.js:350:25)
      at invokeEventListeners 
(node_modules/jsdom/lib/jsdom/living/events/EventTarget-impl.js:286:3)
      at HTMLInputElementImpl._dispatch 
(node_modules/jsdom/lib/jsdom/living/events/EventTarget-impl.js:233:9)
      at HTMLInputElementImpl.dispatchEvent 
(node_modules/jsdom/lib/jsdom/living/events/EventTarget-impl.js:104:17)
      at HTMLInputElement.dispatchEvent 
(node_modules/jsdom/lib/jsdom/living/generated/EventTarget.js:241:34)
      at 
node_modules/@testing-library/user-event/dist/cjs/event/dispatchEvent.js:45:43
      at Object.eventWrapper 
(node_modules/@testing-library/dom/dist/config.js:25:23)
      at Object.wrapEvent 
(node_modules/@testing-library/user-event/dist/cjs/event/wrapEvent.js:6:28)
      at Object.dispatchEvent (node_modules/@testing-library/user-event/dist/cj
s/event/dispatchEvent.js:45:22)
      at Object.dispatchUIEvent (node_modules/@testing-library/user-event/dist/
cjs/event/dispatchEvent.js:22:26)
      at commitInput 
(node_modules/@testing-library/user-event/dist/cjs/event/input.js:145:14)
      at editInputElement 
(node_modules/@testing-library/user-event/dist/cjs/event/input.js:115:9)
      at Object.input 
(node_modules/@testing-library/user-event/dist/cjs/event/input.js:37:9)
      at node_modules/@testing-library/user-event/dist/cjs/event/behavior/keypr
ess.js:31:26
      at Object.dispatchEvent (node_modules/@testing-library/user-event/dist/cj
s/event/dispatchEvent.js:41:13)
      at Object.dispatchUIEvent (node_modules/@testing-library/user-event/dist/
cjs/event/dispatchEvent.js:22:26)
      at KeyboardHost.keydown 
(node_modules/@testing-library/user-event/dist/cjs/system/keyboard.js:76:22)
      at keyboardAction 
(node_modules/@testing-library/user-event/dist/cjs/keyboard/index.js:22:35)
      at Object.keyboard 
(node_modules/@testing-library/user-event/dist/cjs/keyboard/index.js:11:15)
      at Object.type 
(node_modules/@testing-library/user-event/dist/cjs/utility/type.js:17:5)
      at Object.<anonymous> (src/auth/auth.test.tsx:400:9)

    console.error
      Warning: An update to LoginForm inside a test was not wrapped in 
act(...).
      
      When testing, code that causes React state updates should be wrapped 
into act(...):
      
      act(() => {
        /* fire events that update state */
      });
      /* assert on the output */
      
      This ensures that you're testing the behavior the user would see in the 
browser. Learn more at https://reactjs.org/link/wrap-tests-with-act
          at LoginForm (C:\Users\samhe\OneDrive\Desktop\Cleaned\frontend\src\au
th\LoginForm\LoginForm.tsx:41:33)
          at div
          at div
          at LoginPage
          at routeContext (C:\Users\samhe\OneDrive\Desktop\Cleaned\frontend\nod
e_modules\react-router\lib\hooks.tsx:658:26)
          at children (C:\Users\samhe\OneDrive\Desktop\Cleaned\frontend\node_mo
dules\react-router\lib\components.tsx:512:3)
          at basenameProp (C:\Users\samhe\OneDrive\Desktop\Cleaned\frontend\nod
e_modules\react-router\lib\components.tsx:421:13)
          at basename (C:\Users\samhe\OneDrive\Desktop\Cleaned\frontend\node_mo
dules\react-router\lib\components.tsx:225:3)

      123 |                     placeholder="email@company.com"
      124 |                     value={email}
    > 125 |                     onChange={(e) => setEmail(e.target.value)}
          |                                      ^
      126 |                     className="w-full rounded-md border 
border-gray-300 px-3 py-2 text-sm focus:outline-none focus:ring-2 
focus:ring-gray-900 disabled:opacity-50"
      127 |                 />
      128 |             </div>

      at printWarning 
(node_modules/react-dom/cjs/react-dom.development.js:86:30)
      at error (node_modules/react-dom/cjs/react-dom.development.js:60:7)
      at warnIfUpdatesNotWrappedWithActDEV 
(node_modules/react-dom/cjs/react-dom.development.js:27628:9)
      at scheduleUpdateOnFiber 
(node_modules/react-dom/cjs/react-dom.development.js:25547:5)
      at dispatchSetState 
(node_modules/react-dom/cjs/react-dom.development.js:16708:7)
      at onChange (src/auth/LoginForm/LoginForm.tsx:125:38)
      at HTMLUnknownElement.callCallback 
(node_modules/react-dom/cjs/react-dom.development.js:4164:14)
      at HTMLUnknownElement.callTheUserObjectsOperation 
(node_modules/jsdom/lib/jsdom/living/generated/EventListener.js:26:30)
      at innerInvokeEventListeners 
(node_modules/jsdom/lib/jsdom/living/events/EventTarget-impl.js:350:25)
      at invokeEventListeners 
(node_modules/jsdom/lib/jsdom/living/events/EventTarget-impl.js:286:3)
      at HTMLUnknownElementImpl._dispatch 
(node_modules/jsdom/lib/jsdom/living/events/EventTarget-impl.js:233:9)
      at HTMLUnknownElementImpl.dispatchEvent 
(node_modules/jsdom/lib/jsdom/living/events/EventTarget-impl.js:104:17)
      at HTMLUnknownElement.dispatchEvent 
(node_modules/jsdom/lib/jsdom/living/generated/EventTarget.js:241:34)
      at Object.invokeGuardedCallbackDev 
(node_modules/react-dom/cjs/react-dom.development.js:4213:16)
      at invokeGuardedCallback 
(node_modules/react-dom/cjs/react-dom.development.js:4277:31)
      at invokeGuardedCallbackAndCatchFirstError 
(node_modules/react-dom/cjs/react-dom.development.js:4291:25)
      at executeDispatch 
(node_modules/react-dom/cjs/react-dom.development.js:9041:3)
      at processDispatchQueueItemsInOrder 
(node_modules/react-dom/cjs/react-dom.development.js:9073:7)
      at processDispatchQueue 
(node_modules/react-dom/cjs/react-dom.development.js:9086:5)
      at dispatchEventsForPlugins 
(node_modules/react-dom/cjs/react-dom.development.js:9097:3)
      at node_modules/react-dom/cjs/react-dom.development.js:9288:12
      at batchedUpdates$1 
(node_modules/react-dom/cjs/react-dom.development.js:26179:12)
      at batchedUpdates 
(node_modules/react-dom/cjs/react-dom.development.js:3991:12)
      at dispatchEventForPluginEventSystem 
(node_modules/react-dom/cjs/react-dom.development.js:9287:3)
      at dispatchEventWithEnableCapturePhaseSelectiveHydrationWithoutDiscreteEv
entReplay (node_modules/react-dom/cjs/react-dom.development.js:6465:5)
      at dispatchEvent 
(node_modules/react-dom/cjs/react-dom.development.js:6457:5)
      at dispatchDiscreteEvent 
(node_modules/react-dom/cjs/react-dom.development.js:6430:5)
      at HTMLDivElement.callTheUserObjectsOperation 
(node_modules/jsdom/lib/jsdom/living/generated/EventListener.js:26:30)
      at innerInvokeEventListeners 
(node_modules/jsdom/lib/jsdom/living/events/EventTarget-impl.js:350:25)
      at invokeEventListeners 
(node_modules/jsdom/lib/jsdom/living/events/EventTarget-impl.js:286:3)
      at HTMLInputElementImpl._dispatch 
(node_modules/jsdom/lib/jsdom/living/events/EventTarget-impl.js:233:9)
      at HTMLInputElementImpl.dispatchEvent 
(node_modules/jsdom/lib/jsdom/living/events/EventTarget-impl.js:104:17)
      at HTMLInputElement.dispatchEvent 
(node_modules/jsdom/lib/jsdom/living/generated/EventTarget.js:241:34)
      at 
node_modules/@testing-library/user-event/dist/cjs/event/dispatchEvent.js:45:43
      at Object.eventWrapper 
(node_modules/@testing-library/dom/dist/config.js:25:23)
      at Object.wrapEvent 
(node_modules/@testing-library/user-event/dist/cjs/event/wrapEvent.js:6:28)
      at Object.dispatchEvent (node_modules/@testing-library/user-event/dist/cj
s/event/dispatchEvent.js:45:22)
      at Object.dispatchUIEvent (node_modules/@testing-library/user-event/dist/
cjs/event/dispatchEvent.js:22:26)
      at commitInput 
(node_modules/@testing-library/user-event/dist/cjs/event/input.js:145:14)
      at editInputElement 
(node_modules/@testing-library/user-event/dist/cjs/event/input.js:115:9)
      at Object.input 
(node_modules/@testing-library/user-event/dist/cjs/event/input.js:37:9)
      at node_modules/@testing-library/user-event/dist/cjs/event/behavior/keypr
ess.js:31:26
      at Object.dispatchEvent (node_modules/@testing-library/user-event/dist/cj
s/event/dispatchEvent.js:41:13)
      at Object.dispatchUIEvent (node_modules/@testing-library/user-event/dist/
cjs/event/dispatchEvent.js:22:26)
      at KeyboardHost.keydown 
(node_modules/@testing-library/user-event/dist/cjs/system/keyboard.js:76:22)
      at keyboardAction 
(node_modules/@testing-library/user-event/dist/cjs/keyboard/index.js:22:35)
      at Object.keyboard 
(node_modules/@testing-library/user-event/dist/cjs/keyboard/index.js:11:15)
      at Object.type 
(node_modules/@testing-library/user-event/dist/cjs/utility/type.js:17:5)
      at Object.<anonymous> (src/auth/auth.test.tsx:400:9)

    console.error
      Warning: An update to LoginForm inside a test was not wrapped in 
act(...).
      
      When testing, code that causes React state updates should be wrapped 
into act(...):
      
      act(() => {
        /* fire events that update state */
      });
      /* assert on the output */
      
      This ensures that you're testing the behavior the user would see in the 
browser. Learn more at https://reactjs.org/link/wrap-tests-with-act
          at LoginForm (C:\Users\samhe\OneDrive\Desktop\Cleaned\frontend\src\au
th\LoginForm\LoginForm.tsx:41:33)
          at div
          at div
          at LoginPage
          at routeContext (C:\Users\samhe\OneDrive\Desktop\Cleaned\frontend\nod
e_modules\react-router\lib\hooks.tsx:658:26)
          at children (C:\Users\samhe\OneDrive\Desktop\Cleaned\frontend\node_mo
dules\react-router\lib\components.tsx:512:3)
          at basenameProp (C:\Users\samhe\OneDrive\Desktop\Cleaned\frontend\nod
e_modules\react-router\lib\components.tsx:421:13)
          at basename (C:\Users\samhe\OneDrive\Desktop\Cleaned\frontend\node_mo
dules\react-router\lib\components.tsx:225:3)

      123 |                     placeholder="email@company.com"
      124 |                     value={email}
    > 125 |                     onChange={(e) => setEmail(e.target.value)}
          |                                      ^
      126 |                     className="w-full rounded-md border 
border-gray-300 px-3 py-2 text-sm focus:outline-none focus:ring-2 
focus:ring-gray-900 disabled:opacity-50"
      127 |                 />
      128 |             </div>

      at printWarning 
(node_modules/react-dom/cjs/react-dom.development.js:86:30)
      at error (node_modules/react-dom/cjs/react-dom.development.js:60:7)
      at warnIfUpdatesNotWrappedWithActDEV 
(node_modules/react-dom/cjs/react-dom.development.js:27628:9)
      at scheduleUpdateOnFiber 
(node_modules/react-dom/cjs/react-dom.development.js:25547:5)
      at dispatchSetState 
(node_modules/react-dom/cjs/react-dom.development.js:16708:7)
      at onChange (src/auth/LoginForm/LoginForm.tsx:125:38)
      at HTMLUnknownElement.callCallback 
(node_modules/react-dom/cjs/react-dom.development.js:4164:14)
      at HTMLUnknownElement.callTheUserObjectsOperation 
(node_modules/jsdom/lib/jsdom/living/generated/EventListener.js:26:30)
      at innerInvokeEventListeners 
(node_modules/jsdom/lib/jsdom/living/events/EventTarget-impl.js:350:25)
      at invokeEventListeners 
(node_modules/jsdom/lib/jsdom/living/events/EventTarget-impl.js:286:3)
      at HTMLUnknownElementImpl._dispatch 
(node_modules/jsdom/lib/jsdom/living/events/EventTarget-impl.js:233:9)
      at HTMLUnknownElementImpl.dispatchEvent 
(node_modules/jsdom/lib/jsdom/living/events/EventTarget-impl.js:104:17)
      at HTMLUnknownElement.dispatchEvent 
(node_modules/jsdom/lib/jsdom/living/generated/EventTarget.js:241:34)
      at Object.invokeGuardedCallbackDev 
(node_modules/react-dom/cjs/react-dom.development.js:4213:16)
      at invokeGuardedCallback 
(node_modules/react-dom/cjs/react-dom.development.js:4277:31)
      at invokeGuardedCallbackAndCatchFirstError 
(node_modules/react-dom/cjs/react-dom.development.js:4291:25)
      at executeDispatch 
(node_modules/react-dom/cjs/react-dom.development.js:9041:3)
      at processDispatchQueueItemsInOrder 
(node_modules/react-dom/cjs/react-dom.development.js:9073:7)
      at processDispatchQueue 
(node_modules/react-dom/cjs/react-dom.development.js:9086:5)
      at dispatchEventsForPlugins 
(node_modules/react-dom/cjs/react-dom.development.js:9097:3)
      at node_modules/react-dom/cjs/react-dom.development.js:9288:12
      at batchedUpdates$1 
(node_modules/react-dom/cjs/react-dom.development.js:26179:12)
      at batchedUpdates 
(node_modules/react-dom/cjs/react-dom.development.js:3991:12)
      at dispatchEventForPluginEventSystem 
(node_modules/react-dom/cjs/react-dom.development.js:9287:3)
      at dispatchEventWithEnableCapturePhaseSelectiveHydrationWithoutDiscreteEv
entReplay (node_modules/react-dom/cjs/react-dom.development.js:6465:5)
      at dispatchEvent 
(node_modules/react-dom/cjs/react-dom.development.js:6457:5)
      at dispatchDiscreteEvent 
(node_modules/react-dom/cjs/react-dom.development.js:6430:5)
      at HTMLDivElement.callTheUserObjectsOperation 
(node_modules/jsdom/lib/jsdom/living/generated/EventListener.js:26:30)
      at innerInvokeEventListeners 
(node_modules/jsdom/lib/jsdom/living/events/EventTarget-impl.js:350:25)
      at invokeEventListeners 
(node_modules/jsdom/lib/jsdom/living/events/EventTarget-impl.js:286:3)
      at HTMLInputElementImpl._dispatch 
(node_modules/jsdom/lib/jsdom/living/events/EventTarget-impl.js:233:9)
      at HTMLInputElementImpl.dispatchEvent 
(node_modules/jsdom/lib/jsdom/living/events/EventTarget-impl.js:104:17)
      at HTMLInputElement.dispatchEvent 
(node_modules/jsdom/lib/jsdom/living/generated/EventTarget.js:241:34)
      at 
node_modules/@testing-library/user-event/dist/cjs/event/dispatchEvent.js:45:43
      at Object.eventWrapper 
(node_modules/@testing-library/dom/dist/config.js:25:23)
      at Object.wrapEvent 
(node_modules/@testing-library/user-event/dist/cjs/event/wrapEvent.js:6:28)
      at Object.dispatchEvent (node_modules/@testing-library/user-event/dist/cj
s/event/dispatchEvent.js:45:22)
      at Object.dispatchUIEvent (node_modules/@testing-library/user-event/dist/
cjs/event/dispatchEvent.js:22:26)
      at commitInput 
(node_modules/@testing-library/user-event/dist/cjs/event/input.js:145:14)
      at editInputElement 
(node_modules/@testing-library/user-event/dist/cjs/event/input.js:115:9)
      at Object.input 
(node_modules/@testing-library/user-event/dist/cjs/event/input.js:37:9)
      at node_modules/@testing-library/user-event/dist/cjs/event/behavior/keypr
ess.js:31:26
      at Object.dispatchEvent (node_modules/@testing-library/user-event/dist/cj
s/event/dispatchEvent.js:41:13)
      at Object.dispatchUIEvent (node_modules/@testing-library/user-event/dist/
cjs/event/dispatchEvent.js:22:26)
      at KeyboardHost.keydown 
(node_modules/@testing-library/user-event/dist/cjs/system/keyboard.js:76:22)
      at keyboardAction 
(node_modules/@testing-library/user-event/dist/cjs/keyboard/index.js:22:35)
      at Object.keyboard 
(node_modules/@testing-library/user-event/dist/cjs/keyboard/index.js:11:15)
      at Object.type 
(node_modules/@testing-library/user-event/dist/cjs/utility/type.js:17:5)
      at Object.<anonymous> (src/auth/auth.test.tsx:400:9)

    console.error
      Warning: An update to LoginForm inside a test was not wrapped in 
act(...).
      
      When testing, code that causes React state updates should be wrapped 
into act(...):
      
      act(() => {
        /* fire events that update state */
      });
      /* assert on the output */
      
      This ensures that you're testing the behavior the user would see in the 
browser. Learn more at https://reactjs.org/link/wrap-tests-with-act
          at LoginForm (C:\Users\samhe\OneDrive\Desktop\Cleaned\frontend\src\au
th\LoginForm\LoginForm.tsx:41:33)
          at div
          at div
          at LoginPage
          at routeContext (C:\Users\samhe\OneDrive\Desktop\Cleaned\frontend\nod
e_modules\react-router\lib\hooks.tsx:658:26)
          at children (C:\Users\samhe\OneDrive\Desktop\Cleaned\frontend\node_mo
dules\react-router\lib\components.tsx:512:3)
          at basenameProp (C:\Users\samhe\OneDrive\Desktop\Cleaned\frontend\nod
e_modules\react-router\lib\components.tsx:421:13)
          at basename (C:\Users\samhe\OneDrive\Desktop\Cleaned\frontend\node_mo
dules\react-router\lib\components.tsx:225:3)

      123 |                     placeholder="email@company.com"
      124 |                     value={email}
    > 125 |                     onChange={(e) => setEmail(e.target.value)}
          |                                      ^
      126 |                     className="w-full rounded-md border 
border-gray-300 px-3 py-2 text-sm focus:outline-none focus:ring-2 
focus:ring-gray-900 disabled:opacity-50"
      127 |                 />
      128 |             </div>

      at printWarning 
(node_modules/react-dom/cjs/react-dom.development.js:86:30)
      at error (node_modules/react-dom/cjs/react-dom.development.js:60:7)
      at warnIfUpdatesNotWrappedWithActDEV 
(node_modules/react-dom/cjs/react-dom.development.js:27628:9)
      at scheduleUpdateOnFiber 
(node_modules/react-dom/cjs/react-dom.development.js:25547:5)
      at dispatchSetState 
(node_modules/react-dom/cjs/react-dom.development.js:16708:7)
      at onChange (src/auth/LoginForm/LoginForm.tsx:125:38)
      at HTMLUnknownElement.callCallback 
(node_modules/react-dom/cjs/react-dom.development.js:4164:14)
      at HTMLUnknownElement.callTheUserObjectsOperation 
(node_modules/jsdom/lib/jsdom/living/generated/EventListener.js:26:30)
      at innerInvokeEventListeners 
(node_modules/jsdom/lib/jsdom/living/events/EventTarget-impl.js:350:25)
      at invokeEventListeners 
(node_modules/jsdom/lib/jsdom/living/events/EventTarget-impl.js:286:3)
      at HTMLUnknownElementImpl._dispatch 
(node_modules/jsdom/lib/jsdom/living/events/EventTarget-impl.js:233:9)
      at HTMLUnknownElementImpl.dispatchEvent 
(node_modules/jsdom/lib/jsdom/living/events/EventTarget-impl.js:104:17)
      at HTMLUnknownElement.dispatchEvent 
(node_modules/jsdom/lib/jsdom/living/generated/EventTarget.js:241:34)
      at Object.invokeGuardedCallbackDev 
(node_modules/react-dom/cjs/react-dom.development.js:4213:16)
      at invokeGuardedCallback 
(node_modules/react-dom/cjs/react-dom.development.js:4277:31)
      at invokeGuardedCallbackAndCatchFirstError 
(node_modules/react-dom/cjs/react-dom.development.js:4291:25)
      at executeDispatch 
(node_modules/react-dom/cjs/react-dom.development.js:9041:3)
      at processDispatchQueueItemsInOrder 
(node_modules/react-dom/cjs/react-dom.development.js:9073:7)
      at processDispatchQueue 
(node_modules/react-dom/cjs/react-dom.development.js:9086:5)
      at dispatchEventsForPlugins 
(node_modules/react-dom/cjs/react-dom.development.js:9097:3)
      at node_modules/react-dom/cjs/react-dom.development.js:9288:12
      at batchedUpdates$1 
(node_modules/react-dom/cjs/react-dom.development.js:26179:12)
      at batchedUpdates 
(node_modules/react-dom/cjs/react-dom.development.js:3991:12)
      at dispatchEventForPluginEventSystem 
(node_modules/react-dom/cjs/react-dom.development.js:9287:3)
      at dispatchEventWithEnableCapturePhaseSelectiveHydrationWithoutDiscreteEv
entReplay (node_modules/react-dom/cjs/react-dom.development.js:6465:5)
      at dispatchEvent 
(node_modules/react-dom/cjs/react-dom.development.js:6457:5)
      at dispatchDiscreteEvent 
(node_modules/react-dom/cjs/react-dom.development.js:6430:5)
      at HTMLDivElement.callTheUserObjectsOperation 
(node_modules/jsdom/lib/jsdom/living/generated/EventListener.js:26:30)
      at innerInvokeEventListeners 
(node_modules/jsdom/lib/jsdom/living/events/EventTarget-impl.js:350:25)
      at invokeEventListeners 
(node_modules/jsdom/lib/jsdom/living/events/EventTarget-impl.js:286:3)
      at HTMLInputElementImpl._dispatch 
(node_modules/jsdom/lib/jsdom/living/events/EventTarget-impl.js:233:9)
      at HTMLInputElementImpl.dispatchEvent 
(node_modules/jsdom/lib/jsdom/living/events/EventTarget-impl.js:104:17)
      at HTMLInputElement.dispatchEvent 
(node_modules/jsdom/lib/jsdom/living/generated/EventTarget.js:241:34)
      at 
node_modules/@testing-library/user-event/dist/cjs/event/dispatchEvent.js:45:43
      at Object.eventWrapper 
(node_modules/@testing-library/dom/dist/config.js:25:23)
      at Object.wrapEvent 
(node_modules/@testing-library/user-event/dist/cjs/event/wrapEvent.js:6:28)
      at Object.dispatchEvent (node_modules/@testing-library/user-event/dist/cj
s/event/dispatchEvent.js:45:22)
      at Object.dispatchUIEvent (node_modules/@testing-library/user-event/dist/
cjs/event/dispatchEvent.js:22:26)
      at commitInput 
(node_modules/@testing-library/user-event/dist/cjs/event/input.js:145:14)
      at editInputElement 
(node_modules/@testing-library/user-event/dist/cjs/event/input.js:115:9)
      at Object.input 
(node_modules/@testing-library/user-event/dist/cjs/event/input.js:37:9)
      at node_modules/@testing-library/user-event/dist/cjs/event/behavior/keypr
ess.js:31:26
      at Object.dispatchEvent (node_modules/@testing-library/user-event/dist/cj
s/event/dispatchEvent.js:41:13)
      at Object.dispatchUIEvent (node_modules/@testing-library/user-event/dist/
cjs/event/dispatchEvent.js:22:26)
      at KeyboardHost.keydown 
(node_modules/@testing-library/user-event/dist/cjs/system/keyboard.js:76:22)
      at keyboardAction 
(node_modules/@testing-library/user-event/dist/cjs/keyboard/index.js:22:35)
      at Object.keyboard 
(node_modules/@testing-library/user-event/dist/cjs/keyboard/index.js:11:15)
      at Object.type 
(node_modules/@testing-library/user-event/dist/cjs/utility/type.js:17:5)
      at Object.<anonymous> (src/auth/auth.test.tsx:400:9)

    console.error
      Warning: An update to LoginForm inside a test was not wrapped in 
act(...).
      
      When testing, code that causes React state updates should be wrapped 
into act(...):
      
      act(() => {
        /* fire events that update state */
      });
      /* assert on the output */
      
      This ensures that you're testing the behavior the user would see in the 
browser. Learn more at https://reactjs.org/link/wrap-tests-with-act
          at LoginForm (C:\Users\samhe\OneDrive\Desktop\Cleaned\frontend\src\au
th\LoginForm\LoginForm.tsx:41:33)
          at div
          at div
          at LoginPage
          at routeContext (C:\Users\samhe\OneDrive\Desktop\Cleaned\frontend\nod
e_modules\react-router\lib\hooks.tsx:658:26)
          at children (C:\Users\samhe\OneDrive\Desktop\Cleaned\frontend\node_mo
dules\react-router\lib\components.tsx:512:3)
          at basenameProp (C:\Users\samhe\OneDrive\Desktop\Cleaned\frontend\nod
e_modules\react-router\lib\components.tsx:421:13)
          at basename (C:\Users\samhe\OneDrive\Desktop\Cleaned\frontend\node_mo
dules\react-router\lib\components.tsx:225:3)

      123 |                     placeholder="email@company.com"
      124 |                     value={email}
    > 125 |                     onChange={(e) => setEmail(e.target.value)}
          |                                      ^
      126 |                     className="w-full rounded-md border 
border-gray-300 px-3 py-2 text-sm focus:outline-none focus:ring-2 
focus:ring-gray-900 disabled:opacity-50"
      127 |                 />
      128 |             </div>

      at printWarning 
(node_modules/react-dom/cjs/react-dom.development.js:86:30)
      at error (node_modules/react-dom/cjs/react-dom.development.js:60:7)
      at warnIfUpdatesNotWrappedWithActDEV 
(node_modules/react-dom/cjs/react-dom.development.js:27628:9)
      at scheduleUpdateOnFiber 
(node_modules/react-dom/cjs/react-dom.development.js:25547:5)
      at dispatchSetState 
(node_modules/react-dom/cjs/react-dom.development.js:16708:7)
      at onChange (src/auth/LoginForm/LoginForm.tsx:125:38)
      at HTMLUnknownElement.callCallback 
(node_modules/react-dom/cjs/react-dom.development.js:4164:14)
      at HTMLUnknownElement.callTheUserObjectsOperation 
(node_modules/jsdom/lib/jsdom/living/generated/EventListener.js:26:30)
      at innerInvokeEventListeners 
(node_modules/jsdom/lib/jsdom/living/events/EventTarget-impl.js:350:25)
      at invokeEventListeners 
(node_modules/jsdom/lib/jsdom/living/events/EventTarget-impl.js:286:3)
      at HTMLUnknownElementImpl._dispatch 
(node_modules/jsdom/lib/jsdom/living/events/EventTarget-impl.js:233:9)
      at HTMLUnknownElementImpl.dispatchEvent 
(node_modules/jsdom/lib/jsdom/living/events/EventTarget-impl.js:104:17)
      at HTMLUnknownElement.dispatchEvent 
(node_modules/jsdom/lib/jsdom/living/generated/EventTarget.js:241:34)
      at Object.invokeGuardedCallbackDev 
(node_modules/react-dom/cjs/react-dom.development.js:4213:16)
      at invokeGuardedCallback 
(node_modules/react-dom/cjs/react-dom.development.js:4277:31)
      at invokeGuardedCallbackAndCatchFirstError 
(node_modules/react-dom/cjs/react-dom.development.js:4291:25)
      at executeDispatch 
(node_modules/react-dom/cjs/react-dom.development.js:9041:3)
      at processDispatchQueueItemsInOrder 
(node_modules/react-dom/cjs/react-dom.development.js:9073:7)
      at processDispatchQueue 
(node_modules/react-dom/cjs/react-dom.development.js:9086:5)
      at dispatchEventsForPlugins 
(node_modules/react-dom/cjs/react-dom.development.js:9097:3)
      at node_modules/react-dom/cjs/react-dom.development.js:9288:12
      at batchedUpdates$1 
(node_modules/react-dom/cjs/react-dom.development.js:26179:12)
      at batchedUpdates 
(node_modules/react-dom/cjs/react-dom.development.js:3991:12)
      at dispatchEventForPluginEventSystem 
(node_modules/react-dom/cjs/react-dom.development.js:9287:3)
      at dispatchEventWithEnableCapturePhaseSelectiveHydrationWithoutDiscreteEv
entReplay (node_modules/react-dom/cjs/react-dom.development.js:6465:5)
      at dispatchEvent 
(node_modules/react-dom/cjs/react-dom.development.js:6457:5)
      at dispatchDiscreteEvent 
(node_modules/react-dom/cjs/react-dom.development.js:6430:5)
      at HTMLDivElement.callTheUserObjectsOperation 
(node_modules/jsdom/lib/jsdom/living/generated/EventListener.js:26:30)
      at innerInvokeEventListeners 
(node_modules/jsdom/lib/jsdom/living/events/EventTarget-impl.js:350:25)
      at invokeEventListeners 
(node_modules/jsdom/lib/jsdom/living/events/EventTarget-impl.js:286:3)
      at HTMLInputElementImpl._dispatch 
(node_modules/jsdom/lib/jsdom/living/events/EventTarget-impl.js:233:9)
      at HTMLInputElementImpl.dispatchEvent 
(node_modules/jsdom/lib/jsdom/living/events/EventTarget-impl.js:104:17)
      at HTMLInputElement.dispatchEvent 
(node_modules/jsdom/lib/jsdom/living/generated/EventTarget.js:241:34)
      at 
node_modules/@testing-library/user-event/dist/cjs/event/dispatchEvent.js:45:43
      at Object.eventWrapper 
(node_modules/@testing-library/dom/dist/config.js:25:23)
      at Object.wrapEvent 
(node_modules/@testing-library/user-event/dist/cjs/event/wrapEvent.js:6:28)
      at Object.dispatchEvent (node_modules/@testing-library/user-event/dist/cj
s/event/dispatchEvent.js:45:22)
      at Object.dispatchUIEvent (node_modules/@testing-library/user-event/dist/
cjs/event/dispatchEvent.js:22:26)
      at commitInput 
(node_modules/@testing-library/user-event/dist/cjs/event/input.js:145:14)
      at editInputElement 
(node_modules/@testing-library/user-event/dist/cjs/event/input.js:115:9)
      at Object.input 
(node_modules/@testing-library/user-event/dist/cjs/event/input.js:37:9)
      at node_modules/@testing-library/user-event/dist/cjs/event/behavior/keypr
ess.js:31:26
      at Object.dispatchEvent (node_modules/@testing-library/user-event/dist/cj
s/event/dispatchEvent.js:41:13)
      at Object.dispatchUIEvent (node_modules/@testing-library/user-event/dist/
cjs/event/dispatchEvent.js:22:26)
      at KeyboardHost.keydown 
(node_modules/@testing-library/user-event/dist/cjs/system/keyboard.js:76:22)
      at keyboardAction 
(node_modules/@testing-library/user-event/dist/cjs/keyboard/index.js:22:35)
      at Object.keyboard 
(node_modules/@testing-library/user-event/dist/cjs/keyboard/index.js:11:15)
      at Object.type 
(node_modules/@testing-library/user-event/dist/cjs/utility/type.js:17:5)
      at Object.<anonymous> (src/auth/auth.test.tsx:400:9)

    console.error
      Warning: An update to LoginForm inside a test was not wrapped in 
act(...).
      
      When testing, code that causes React state updates should be wrapped 
into act(...):
      
      act(() => {
        /* fire events that update state */
      });
      /* assert on the output */
      
      This ensures that you're testing the behavior the user would see in the 
browser. Learn more at https://reactjs.org/link/wrap-tests-with-act
          at LoginForm (C:\Users\samhe\OneDrive\Desktop\Cleaned\frontend\src\au
th\LoginForm\LoginForm.tsx:41:33)
          at div
          at div
          at LoginPage
          at routeContext (C:\Users\samhe\OneDrive\Desktop\Cleaned\frontend\nod
e_modules\react-router\lib\hooks.tsx:658:26)
          at children (C:\Users\samhe\OneDrive\Desktop\Cleaned\frontend\node_mo
dules\react-router\lib\components.tsx:512:3)
          at basenameProp (C:\Users\samhe\OneDrive\Desktop\Cleaned\frontend\nod
e_modules\react-router\lib\components.tsx:421:13)
          at basename (C:\Users\samhe\OneDrive\Desktop\Cleaned\frontend\node_mo
dules\react-router\lib\components.tsx:225:3)

      123 |                     placeholder="email@company.com"
      124 |                     value={email}
    > 125 |                     onChange={(e) => setEmail(e.target.value)}
          |                                      ^
      126 |                     className="w-full rounded-md border 
border-gray-300 px-3 py-2 text-sm focus:outline-none focus:ring-2 
focus:ring-gray-900 disabled:opacity-50"
      127 |                 />
      128 |             </div>

      at printWarning 
(node_modules/react-dom/cjs/react-dom.development.js:86:30)
      at error (node_modules/react-dom/cjs/react-dom.development.js:60:7)
      at warnIfUpdatesNotWrappedWithActDEV 
(node_modules/react-dom/cjs/react-dom.development.js:27628:9)
      at scheduleUpdateOnFiber 
(node_modules/react-dom/cjs/react-dom.development.js:25547:5)
      at dispatchSetState 
(node_modules/react-dom/cjs/react-dom.development.js:16708:7)
      at onChange (src/auth/LoginForm/LoginForm.tsx:125:38)
      at HTMLUnknownElement.callCallback 
(node_modules/react-dom/cjs/react-dom.development.js:4164:14)
      at HTMLUnknownElement.callTheUserObjectsOperation 
(node_modules/jsdom/lib/jsdom/living/generated/EventListener.js:26:30)
      at innerInvokeEventListeners 
(node_modules/jsdom/lib/jsdom/living/events/EventTarget-impl.js:350:25)
      at invokeEventListeners 
(node_modules/jsdom/lib/jsdom/living/events/EventTarget-impl.js:286:3)
      at HTMLUnknownElementImpl._dispatch 
(node_modules/jsdom/lib/jsdom/living/events/EventTarget-impl.js:233:9)
      at HTMLUnknownElementImpl.dispatchEvent 
(node_modules/jsdom/lib/jsdom/living/events/EventTarget-impl.js:104:17)
      at HTMLUnknownElement.dispatchEvent 
(node_modules/jsdom/lib/jsdom/living/generated/EventTarget.js:241:34)
      at Object.invokeGuardedCallbackDev 
(node_modules/react-dom/cjs/react-dom.development.js:4213:16)
      at invokeGuardedCallback 
(node_modules/react-dom/cjs/react-dom.development.js:4277:31)
      at invokeGuardedCallbackAndCatchFirstError 
(node_modules/react-dom/cjs/react-dom.development.js:4291:25)
      at executeDispatch 
(node_modules/react-dom/cjs/react-dom.development.js:9041:3)
      at processDispatchQueueItemsInOrder 
(node_modules/react-dom/cjs/react-dom.development.js:9073:7)
      at processDispatchQueue 
(node_modules/react-dom/cjs/react-dom.development.js:9086:5)
      at dispatchEventsForPlugins 
(node_modules/react-dom/cjs/react-dom.development.js:9097:3)
      at node_modules/react-dom/cjs/react-dom.development.js:9288:12
      at batchedUpdates$1 
(node_modules/react-dom/cjs/react-dom.development.js:26179:12)
      at batchedUpdates 
(node_modules/react-dom/cjs/react-dom.development.js:3991:12)
      at dispatchEventForPluginEventSystem 
(node_modules/react-dom/cjs/react-dom.development.js:9287:3)
      at dispatchEventWithEnableCapturePhaseSelectiveHydrationWithoutDiscreteEv
entReplay (node_modules/react-dom/cjs/react-dom.development.js:6465:5)
      at dispatchEvent 
(node_modules/react-dom/cjs/react-dom.development.js:6457:5)
      at dispatchDiscreteEvent 
(node_modules/react-dom/cjs/react-dom.development.js:6430:5)
      at HTMLDivElement.callTheUserObjectsOperation 
(node_modules/jsdom/lib/jsdom/living/generated/EventListener.js:26:30)
      at innerInvokeEventListeners 
(node_modules/jsdom/lib/jsdom/living/events/EventTarget-impl.js:350:25)
      at invokeEventListeners 
(node_modules/jsdom/lib/jsdom/living/events/EventTarget-impl.js:286:3)
      at HTMLInputElementImpl._dispatch 
(node_modules/jsdom/lib/jsdom/living/events/EventTarget-impl.js:233:9)
      at HTMLInputElementImpl.dispatchEvent 
(node_modules/jsdom/lib/jsdom/living/events/EventTarget-impl.js:104:17)
      at HTMLInputElement.dispatchEvent 
(node_modules/jsdom/lib/jsdom/living/generated/EventTarget.js:241:34)
      at 
node_modules/@testing-library/user-event/dist/cjs/event/dispatchEvent.js:45:43
      at Object.eventWrapper 
(node_modules/@testing-library/dom/dist/config.js:25:23)
      at Object.wrapEvent 
(node_modules/@testing-library/user-event/dist/cjs/event/wrapEvent.js:6:28)
      at Object.dispatchEvent (node_modules/@testing-library/user-event/dist/cj
s/event/dispatchEvent.js:45:22)
      at Object.dispatchUIEvent (node_modules/@testing-library/user-event/dist/
cjs/event/dispatchEvent.js:22:26)
      at commitInput 
(node_modules/@testing-library/user-event/dist/cjs/event/input.js:145:14)
      at editInputElement 
(node_modules/@testing-library/user-event/dist/cjs/event/input.js:115:9)
      at Object.input 
(node_modules/@testing-library/user-event/dist/cjs/event/input.js:37:9)
      at node_modules/@testing-library/user-event/dist/cjs/event/behavior/keypr
ess.js:31:26
      at Object.dispatchEvent (node_modules/@testing-library/user-event/dist/cj
s/event/dispatchEvent.js:41:13)
      at Object.dispatchUIEvent (node_modules/@testing-library/user-event/dist/
cjs/event/dispatchEvent.js:22:26)
      at KeyboardHost.keydown 
(node_modules/@testing-library/user-event/dist/cjs/system/keyboard.js:76:22)
      at keyboardAction 
(node_modules/@testing-library/user-event/dist/cjs/keyboard/index.js:22:35)
      at Object.keyboard 
(node_modules/@testing-library/user-event/dist/cjs/keyboard/index.js:11:15)
      at Object.type 
(node_modules/@testing-library/user-event/dist/cjs/utility/type.js:17:5)
      at Object.<anonymous> (src/auth/auth.test.tsx:400:9)

    console.error
      Warning: An update to LoginForm inside a test was not wrapped in 
act(...).
      
      When testing, code that causes React state updates should be wrapped 
into act(...):
      
      act(() => {
        /* fire events that update state */
      });
      /* assert on the output */
      
      This ensures that you're testing the behavior the user would see in the 
browser. Learn more at https://reactjs.org/link/wrap-tests-with-act
          at LoginForm (C:\Users\samhe\OneDrive\Desktop\Cleaned\frontend\src\au
th\LoginForm\LoginForm.tsx:41:33)
          at div
          at div
          at LoginPage
          at routeContext (C:\Users\samhe\OneDrive\Desktop\Cleaned\frontend\nod
e_modules\react-router\lib\hooks.tsx:658:26)
          at children (C:\Users\samhe\OneDrive\Desktop\Cleaned\frontend\node_mo
dules\react-router\lib\components.tsx:512:3)
          at basenameProp (C:\Users\samhe\OneDrive\Desktop\Cleaned\frontend\nod
e_modules\react-router\lib\components.tsx:421:13)
          at basename (C:\Users\samhe\OneDrive\Desktop\Cleaned\frontend\node_mo
dules\react-router\lib\components.tsx:225:3)

      123 |                     placeholder="email@company.com"
      124 |                     value={email}
    > 125 |                     onChange={(e) => setEmail(e.target.value)}
          |                                      ^
      126 |                     className="w-full rounded-md border 
border-gray-300 px-3 py-2 text-sm focus:outline-none focus:ring-2 
focus:ring-gray-900 disabled:opacity-50"
      127 |                 />
      128 |             </div>

      at printWarning 
(node_modules/react-dom/cjs/react-dom.development.js:86:30)
      at error (node_modules/react-dom/cjs/react-dom.development.js:60:7)
      at warnIfUpdatesNotWrappedWithActDEV 
(node_modules/react-dom/cjs/react-dom.development.js:27628:9)
      at scheduleUpdateOnFiber 
(node_modules/react-dom/cjs/react-dom.development.js:25547:5)
      at dispatchSetState 
(node_modules/react-dom/cjs/react-dom.development.js:16708:7)
      at onChange (src/auth/LoginForm/LoginForm.tsx:125:38)
      at HTMLUnknownElement.callCallback 
(node_modules/react-dom/cjs/react-dom.development.js:4164:14)
      at HTMLUnknownElement.callTheUserObjectsOperation 
(node_modules/jsdom/lib/jsdom/living/generated/EventListener.js:26:30)
      at innerInvokeEventListeners 
(node_modules/jsdom/lib/jsdom/living/events/EventTarget-impl.js:350:25)
      at invokeEventListeners 
(node_modules/jsdom/lib/jsdom/living/events/EventTarget-impl.js:286:3)
      at HTMLUnknownElementImpl._dispatch 
(node_modules/jsdom/lib/jsdom/living/events/EventTarget-impl.js:233:9)
      at HTMLUnknownElementImpl.dispatchEvent 
(node_modules/jsdom/lib/jsdom/living/events/EventTarget-impl.js:104:17)
      at HTMLUnknownElement.dispatchEvent 
(node_modules/jsdom/lib/jsdom/living/generated/EventTarget.js:241:34)
      at Object.invokeGuardedCallbackDev 
(node_modules/react-dom/cjs/react-dom.development.js:4213:16)
      at invokeGuardedCallback 
(node_modules/react-dom/cjs/react-dom.development.js:4277:31)
      at invokeGuardedCallbackAndCatchFirstError 
(node_modules/react-dom/cjs/react-dom.development.js:4291:25)
      at executeDispatch 
(node_modules/react-dom/cjs/react-dom.development.js:9041:3)
      at processDispatchQueueItemsInOrder 
(node_modules/react-dom/cjs/react-dom.development.js:9073:7)
      at processDispatchQueue 
(node_modules/react-dom/cjs/react-dom.development.js:9086:5)
      at dispatchEventsForPlugins 
(node_modules/react-dom/cjs/react-dom.development.js:9097:3)
      at node_modules/react-dom/cjs/react-dom.development.js:9288:12
      at batchedUpdates$1 
(node_modules/react-dom/cjs/react-dom.development.js:26179:12)
      at batchedUpdates 
(node_modules/react-dom/cjs/react-dom.development.js:3991:12)
      at dispatchEventForPluginEventSystem 
(node_modules/react-dom/cjs/react-dom.development.js:9287:3)
      at dispatchEventWithEnableCapturePhaseSelectiveHydrationWithoutDiscreteEv
entReplay (node_modules/react-dom/cjs/react-dom.development.js:6465:5)
      at dispatchEvent 
(node_modules/react-dom/cjs/react-dom.development.js:6457:5)
      at dispatchDiscreteEvent 
(node_modules/react-dom/cjs/react-dom.development.js:6430:5)
      at HTMLDivElement.callTheUserObjectsOperation 
(node_modules/jsdom/lib/jsdom/living/generated/EventListener.js:26:30)
      at innerInvokeEventListeners 
(node_modules/jsdom/lib/jsdom/living/events/EventTarget-impl.js:350:25)
      at invokeEventListeners 
(node_modules/jsdom/lib/jsdom/living/events/EventTarget-impl.js:286:3)
      at HTMLInputElementImpl._dispatch 
(node_modules/jsdom/lib/jsdom/living/events/EventTarget-impl.js:233:9)
      at HTMLInputElementImpl.dispatchEvent 
(node_modules/jsdom/lib/jsdom/living/events/EventTarget-impl.js:104:17)
      at HTMLInputElement.dispatchEvent 
(node_modules/jsdom/lib/jsdom/living/generated/EventTarget.js:241:34)
      at 
node_modules/@testing-library/user-event/dist/cjs/event/dispatchEvent.js:45:43
      at Object.eventWrapper 
(node_modules/@testing-library/dom/dist/config.js:25:23)
      at Object.wrapEvent 
(node_modules/@testing-library/user-event/dist/cjs/event/wrapEvent.js:6:28)
      at Object.dispatchEvent (node_modules/@testing-library/user-event/dist/cj
s/event/dispatchEvent.js:45:22)
      at Object.dispatchUIEvent (node_modules/@testing-library/user-event/dist/
cjs/event/dispatchEvent.js:22:26)
      at commitInput 
(node_modules/@testing-library/user-event/dist/cjs/event/input.js:145:14)
      at editInputElement 
(node_modules/@testing-library/user-event/dist/cjs/event/input.js:115:9)
      at Object.input 
(node_modules/@testing-library/user-event/dist/cjs/event/input.js:37:9)
      at node_modules/@testing-library/user-event/dist/cjs/event/behavior/keypr
ess.js:31:26
      at Object.dispatchEvent (node_modules/@testing-library/user-event/dist/cj
s/event/dispatchEvent.js:41:13)
      at Object.dispatchUIEvent (node_modules/@testing-library/user-event/dist/
cjs/event/dispatchEvent.js:22:26)
      at KeyboardHost.keydown 
(node_modules/@testing-library/user-event/dist/cjs/system/keyboard.js:76:22)
      at keyboardAction 
(node_modules/@testing-library/user-event/dist/cjs/keyboard/index.js:22:35)
      at Object.keyboard 
(node_modules/@testing-library/user-event/dist/cjs/keyboard/index.js:11:15)
      at Object.type 
(node_modules/@testing-library/user-event/dist/cjs/utility/type.js:17:5)
      at Object.<anonymous> (src/auth/auth.test.tsx:400:9)

    console.error
      Warning: An update to LoginForm inside a test was not wrapped in 
act(...).
      
      When testing, code that causes React state updates should be wrapped 
into act(...):
      
      act(() => {
        /* fire events that update state */
      });
      /* assert on the output */
      
      This ensures that you're testing the behavior the user would see in the 
browser. Learn more at https://reactjs.org/link/wrap-tests-with-act
          at LoginForm (C:\Users\samhe\OneDrive\Desktop\Cleaned\frontend\src\au
th\LoginForm\LoginForm.tsx:41:33)
          at div
          at div
          at LoginPage
          at routeContext (C:\Users\samhe\OneDrive\Desktop\Cleaned\frontend\nod
e_modules\react-router\lib\hooks.tsx:658:26)
          at children (C:\Users\samhe\OneDrive\Desktop\Cleaned\frontend\node_mo
dules\react-router\lib\components.tsx:512:3)
          at basenameProp (C:\Users\samhe\OneDrive\Desktop\Cleaned\frontend\nod
e_modules\react-router\lib\components.tsx:421:13)
          at basename (C:\Users\samhe\OneDrive\Desktop\Cleaned\frontend\node_mo
dules\react-router\lib\components.tsx:225:3)

      123 |                     placeholder="email@company.com"
      124 |                     value={email}
    > 125 |                     onChange={(e) => setEmail(e.target.value)}
          |                                      ^
      126 |                     className="w-full rounded-md border 
border-gray-300 px-3 py-2 text-sm focus:outline-none focus:ring-2 
focus:ring-gray-900 disabled:opacity-50"
      127 |                 />
      128 |             </div>

      at printWarning 
(node_modules/react-dom/cjs/react-dom.development.js:86:30)
      at error (node_modules/react-dom/cjs/react-dom.development.js:60:7)
      at warnIfUpdatesNotWrappedWithActDEV 
(node_modules/react-dom/cjs/react-dom.development.js:27628:9)
      at scheduleUpdateOnFiber 
(node_modules/react-dom/cjs/react-dom.development.js:25547:5)
      at dispatchSetState 
(node_modules/react-dom/cjs/react-dom.development.js:16708:7)
      at onChange (src/auth/LoginForm/LoginForm.tsx:125:38)
      at HTMLUnknownElement.callCallback 
(node_modules/react-dom/cjs/react-dom.development.js:4164:14)
      at HTMLUnknownElement.callTheUserObjectsOperation 
(node_modules/jsdom/lib/jsdom/living/generated/EventListener.js:26:30)
      at innerInvokeEventListeners 
(node_modules/jsdom/lib/jsdom/living/events/EventTarget-impl.js:350:25)
      at invokeEventListeners 
(node_modules/jsdom/lib/jsdom/living/events/EventTarget-impl.js:286:3)
      at HTMLUnknownElementImpl._dispatch 
(node_modules/jsdom/lib/jsdom/living/events/EventTarget-impl.js:233:9)
      at HTMLUnknownElementImpl.dispatchEvent 
(node_modules/jsdom/lib/jsdom/living/events/EventTarget-impl.js:104:17)
      at HTMLUnknownElement.dispatchEvent 
(node_modules/jsdom/lib/jsdom/living/generated/EventTarget.js:241:34)
      at Object.invokeGuardedCallbackDev 
(node_modules/react-dom/cjs/react-dom.development.js:4213:16)
      at invokeGuardedCallback 
(node_modules/react-dom/cjs/react-dom.development.js:4277:31)
      at invokeGuardedCallbackAndCatchFirstError 
(node_modules/react-dom/cjs/react-dom.development.js:4291:25)
      at executeDispatch 
(node_modules/react-dom/cjs/react-dom.development.js:9041:3)
      at processDispatchQueueItemsInOrder 
(node_modules/react-dom/cjs/react-dom.development.js:9073:7)
      at processDispatchQueue 
(node_modules/react-dom/cjs/react-dom.development.js:9086:5)
      at dispatchEventsForPlugins 
(node_modules/react-dom/cjs/react-dom.development.js:9097:3)
      at node_modules/react-dom/cjs/react-dom.development.js:9288:12
      at batchedUpdates$1 
(node_modules/react-dom/cjs/react-dom.development.js:26179:12)
      at batchedUpdates 
(node_modules/react-dom/cjs/react-dom.development.js:3991:12)
      at dispatchEventForPluginEventSystem 
(node_modules/react-dom/cjs/react-dom.development.js:9287:3)
      at dispatchEventWithEnableCapturePhaseSelectiveHydrationWithoutDiscreteEv
entReplay (node_modules/react-dom/cjs/react-dom.development.js:6465:5)
      at dispatchEvent 
(node_modules/react-dom/cjs/react-dom.development.js:6457:5)
      at dispatchDiscreteEvent 
(node_modules/react-dom/cjs/react-dom.development.js:6430:5)
      at HTMLDivElement.callTheUserObjectsOperation 
(node_modules/jsdom/lib/jsdom/living/generated/EventListener.js:26:30)
      at innerInvokeEventListeners 
(node_modules/jsdom/lib/jsdom/living/events/EventTarget-impl.js:350:25)
      at invokeEventListeners 
(node_modules/jsdom/lib/jsdom/living/events/EventTarget-impl.js:286:3)
      at HTMLInputElementImpl._dispatch 
(node_modules/jsdom/lib/jsdom/living/events/EventTarget-impl.js:233:9)
      at HTMLInputElementImpl.dispatchEvent 
(node_modules/jsdom/lib/jsdom/living/events/EventTarget-impl.js:104:17)
      at HTMLInputElement.dispatchEvent 
(node_modules/jsdom/lib/jsdom/living/generated/EventTarget.js:241:34)
      at 
node_modules/@testing-library/user-event/dist/cjs/event/dispatchEvent.js:45:43
      at Object.eventWrapper 
(node_modules/@testing-library/dom/dist/config.js:25:23)
      at Object.wrapEvent 
(node_modules/@testing-library/user-event/dist/cjs/event/wrapEvent.js:6:28)
      at Object.dispatchEvent (node_modules/@testing-library/user-event/dist/cj
s/event/dispatchEvent.js:45:22)
      at Object.dispatchUIEvent (node_modules/@testing-library/user-event/dist/
cjs/event/dispatchEvent.js:22:26)
      at commitInput 
(node_modules/@testing-library/user-event/dist/cjs/event/input.js:145:14)
      at editInputElement 
(node_modules/@testing-library/user-event/dist/cjs/event/input.js:115:9)
      at Object.input 
(node_modules/@testing-library/user-event/dist/cjs/event/input.js:37:9)
      at node_modules/@testing-library/user-event/dist/cjs/event/behavior/keypr
ess.js:31:26
      at Object.dispatchEvent (node_modules/@testing-library/user-event/dist/cj
s/event/dispatchEvent.js:41:13)
      at Object.dispatchUIEvent (node_modules/@testing-library/user-event/dist/
cjs/event/dispatchEvent.js:22:26)
      at KeyboardHost.keydown 
(node_modules/@testing-library/user-event/dist/cjs/system/keyboard.js:76:22)
      at keyboardAction 
(node_modules/@testing-library/user-event/dist/cjs/keyboard/index.js:22:35)
      at Object.keyboard 
(node_modules/@testing-library/user-event/dist/cjs/keyboard/index.js:11:15)
      at Object.type 
(node_modules/@testing-library/user-event/dist/cjs/utility/type.js:17:5)
      at Object.<anonymous> (src/auth/auth.test.tsx:400:9)

    console.error
      Warning: An update to LoginForm inside a test was not wrapped in 
act(...).
      
      When testing, code that causes React state updates should be wrapped 
into act(...):
      
      act(() => {
        /* fire events that update state */
      });
      /* assert on the output */
      
      This ensures that you're testing the behavior the user would see in the 
browser. Learn more at https://reactjs.org/link/wrap-tests-with-act
          at LoginForm (C:\Users\samhe\OneDrive\Desktop\Cleaned\frontend\src\au
th\LoginForm\LoginForm.tsx:41:33)
          at div
          at div
          at LoginPage
          at routeContext (C:\Users\samhe\OneDrive\Desktop\Cleaned\frontend\nod
e_modules\react-router\lib\hooks.tsx:658:26)
          at children (C:\Users\samhe\OneDrive\Desktop\Cleaned\frontend\node_mo
dules\react-router\lib\components.tsx:512:3)
          at basenameProp (C:\Users\samhe\OneDrive\Desktop\Cleaned\frontend\nod
e_modules\react-router\lib\components.tsx:421:13)
          at basename (C:\Users\samhe\OneDrive\Desktop\Cleaned\frontend\node_mo
dules\react-router\lib\components.tsx:225:3)

      123 |                     placeholder="email@company.com"
      124 |                     value={email}
    > 125 |                     onChange={(e) => setEmail(e.target.value)}
          |                                      ^
      126 |                     className="w-full rounded-md border 
border-gray-300 px-3 py-2 text-sm focus:outline-none focus:ring-2 
focus:ring-gray-900 disabled:opacity-50"
      127 |                 />
      128 |             </div>

      at printWarning 
(node_modules/react-dom/cjs/react-dom.development.js:86:30)
      at error (node_modules/react-dom/cjs/react-dom.development.js:60:7)
      at warnIfUpdatesNotWrappedWithActDEV 
(node_modules/react-dom/cjs/react-dom.development.js:27628:9)
      at scheduleUpdateOnFiber 
(node_modules/react-dom/cjs/react-dom.development.js:25547:5)
      at dispatchSetState 
(node_modules/react-dom/cjs/react-dom.development.js:16708:7)
      at onChange (src/auth/LoginForm/LoginForm.tsx:125:38)
      at HTMLUnknownElement.callCallback 
(node_modules/react-dom/cjs/react-dom.development.js:4164:14)
      at HTMLUnknownElement.callTheUserObjectsOperation 
(node_modules/jsdom/lib/jsdom/living/generated/EventListener.js:26:30)
      at innerInvokeEventListeners 
(node_modules/jsdom/lib/jsdom/living/events/EventTarget-impl.js:350:25)
      at invokeEventListeners 
(node_modules/jsdom/lib/jsdom/living/events/EventTarget-impl.js:286:3)
      at HTMLUnknownElementImpl._dispatch 
(node_modules/jsdom/lib/jsdom/living/events/EventTarget-impl.js:233:9)
      at HTMLUnknownElementImpl.dispatchEvent 
(node_modules/jsdom/lib/jsdom/living/events/EventTarget-impl.js:104:17)
      at HTMLUnknownElement.dispatchEvent 
(node_modules/jsdom/lib/jsdom/living/generated/EventTarget.js:241:34)
      at Object.invokeGuardedCallbackDev 
(node_modules/react-dom/cjs/react-dom.development.js:4213:16)
      at invokeGuardedCallback 
(node_modules/react-dom/cjs/react-dom.development.js:4277:31)
      at invokeGuardedCallbackAndCatchFirstError 
(node_modules/react-dom/cjs/react-dom.development.js:4291:25)
      at executeDispatch 
(node_modules/react-dom/cjs/react-dom.development.js:9041:3)
      at processDispatchQueueItemsInOrder 
(node_modules/react-dom/cjs/react-dom.development.js:9073:7)
      at processDispatchQueue 
(node_modules/react-dom/cjs/react-dom.development.js:9086:5)
      at dispatchEventsForPlugins 
(node_modules/react-dom/cjs/react-dom.development.js:9097:3)
      at node_modules/react-dom/cjs/react-dom.development.js:9288:12
      at batchedUpdates$1 
(node_modules/react-dom/cjs/react-dom.development.js:26179:12)
      at batchedUpdates 
(node_modules/react-dom/cjs/react-dom.development.js:3991:12)
      at dispatchEventForPluginEventSystem 
(node_modules/react-dom/cjs/react-dom.development.js:9287:3)
      at dispatchEventWithEnableCapturePhaseSelectiveHydrationWithoutDiscreteEv
entReplay (node_modules/react-dom/cjs/react-dom.development.js:6465:5)
      at dispatchEvent 
(node_modules/react-dom/cjs/react-dom.development.js:6457:5)
      at dispatchDiscreteEvent 
(node_modules/react-dom/cjs/react-dom.development.js:6430:5)
      at HTMLDivElement.callTheUserObjectsOperation 
(node_modules/jsdom/lib/jsdom/living/generated/EventListener.js:26:30)
      at innerInvokeEventListeners 
(node_modules/jsdom/lib/jsdom/living/events/EventTarget-impl.js:350:25)
      at invokeEventListeners 
(node_modules/jsdom/lib/jsdom/living/events/EventTarget-impl.js:286:3)
      at HTMLInputElementImpl._dispatch 
(node_modules/jsdom/lib/jsdom/living/events/EventTarget-impl.js:233:9)
      at HTMLInputElementImpl.dispatchEvent 
(node_modules/jsdom/lib/jsdom/living/events/EventTarget-impl.js:104:17)
      at HTMLInputElement.dispatchEvent 
(node_modules/jsdom/lib/jsdom/living/generated/EventTarget.js:241:34)
      at 
node_modules/@testing-library/user-event/dist/cjs/event/dispatchEvent.js:45:43
      at Object.eventWrapper 
(node_modules/@testing-library/dom/dist/config.js:25:23)
      at Object.wrapEvent 
(node_modules/@testing-library/user-event/dist/cjs/event/wrapEvent.js:6:28)
      at Object.dispatchEvent (node_modules/@testing-library/user-event/dist/cj
s/event/dispatchEvent.js:45:22)
      at Object.dispatchUIEvent (node_modules/@testing-library/user-event/dist/
cjs/event/dispatchEvent.js:22:26)
      at commitInput 
(node_modules/@testing-library/user-event/dist/cjs/event/input.js:145:14)
      at editInputElement 
(node_modules/@testing-library/user-event/dist/cjs/event/input.js:115:9)
      at Object.input 
(node_modules/@testing-library/user-event/dist/cjs/event/input.js:37:9)
      at node_modules/@testing-library/user-event/dist/cjs/event/behavior/keypr
ess.js:31:26
      at Object.dispatchEvent (node_modules/@testing-library/user-event/dist/cj
s/event/dispatchEvent.js:41:13)
      at Object.dispatchUIEvent (node_modules/@testing-library/user-event/dist/
cjs/event/dispatchEvent.js:22:26)
      at KeyboardHost.keydown 
(node_modules/@testing-library/user-event/dist/cjs/system/keyboard.js:76:22)
      at keyboardAction 
(node_modules/@testing-library/user-event/dist/cjs/keyboard/index.js:22:35)
      at Object.keyboard 
(node_modules/@testing-library/user-event/dist/cjs/keyboard/index.js:11:15)
      at Object.type 
(node_modules/@testing-library/user-event/dist/cjs/utility/type.js:17:5)
      at Object.<anonymous> (src/auth/auth.test.tsx:400:9)

    console.error
      Warning: An update to LoginForm inside a test was not wrapped in 
act(...).
      
      When testing, code that causes React state updates should be wrapped 
into act(...):
      
      act(() => {
        /* fire events that update state */
      });
      /* assert on the output */
      
      This ensures that you're testing the behavior the user would see in the 
browser. Learn more at https://reactjs.org/link/wrap-tests-with-act
          at LoginForm (C:\Users\samhe\OneDrive\Desktop\Cleaned\frontend\src\au
th\LoginForm\LoginForm.tsx:41:33)
          at div
          at div
          at LoginPage
          at routeContext (C:\Users\samhe\OneDrive\Desktop\Cleaned\frontend\nod
e_modules\react-router\lib\hooks.tsx:658:26)
          at children (C:\Users\samhe\OneDrive\Desktop\Cleaned\frontend\node_mo
dules\react-router\lib\components.tsx:512:3)
          at basenameProp (C:\Users\samhe\OneDrive\Desktop\Cleaned\frontend\nod
e_modules\react-router\lib\components.tsx:421:13)
          at basename (C:\Users\samhe\OneDrive\Desktop\Cleaned\frontend\node_mo
dules\react-router\lib\components.tsx:225:3)

      123 |                     placeholder="email@company.com"
      124 |                     value={email}
    > 125 |                     onChange={(e) => setEmail(e.target.value)}
          |                                      ^
      126 |                     className="w-full rounded-md border 
border-gray-300 px-3 py-2 text-sm focus:outline-none focus:ring-2 
focus:ring-gray-900 disabled:opacity-50"
      127 |                 />
      128 |             </div>

      at printWarning 
(node_modules/react-dom/cjs/react-dom.development.js:86:30)
      at error (node_modules/react-dom/cjs/react-dom.development.js:60:7)
      at warnIfUpdatesNotWrappedWithActDEV 
(node_modules/react-dom/cjs/react-dom.development.js:27628:9)
      at scheduleUpdateOnFiber 
(node_modules/react-dom/cjs/react-dom.development.js:25547:5)
      at dispatchSetState 
(node_modules/react-dom/cjs/react-dom.development.js:16708:7)
      at onChange (src/auth/LoginForm/LoginForm.tsx:125:38)
      at HTMLUnknownElement.callCallback 
(node_modules/react-dom/cjs/react-dom.development.js:4164:14)
      at HTMLUnknownElement.callTheUserObjectsOperation 
(node_modules/jsdom/lib/jsdom/living/generated/EventListener.js:26:30)
      at innerInvokeEventListeners 
(node_modules/jsdom/lib/jsdom/living/events/EventTarget-impl.js:350:25)
      at invokeEventListeners 
(node_modules/jsdom/lib/jsdom/living/events/EventTarget-impl.js:286:3)
      at HTMLUnknownElementImpl._dispatch 
(node_modules/jsdom/lib/jsdom/living/events/EventTarget-impl.js:233:9)
      at HTMLUnknownElementImpl.dispatchEvent 
(node_modules/jsdom/lib/jsdom/living/events/EventTarget-impl.js:104:17)
      at HTMLUnknownElement.dispatchEvent 
(node_modules/jsdom/lib/jsdom/living/generated/EventTarget.js:241:34)
      at Object.invokeGuardedCallbackDev 
(node_modules/react-dom/cjs/react-dom.development.js:4213:16)
      at invokeGuardedCallback 
(node_modules/react-dom/cjs/react-dom.development.js:4277:31)
      at invokeGuardedCallbackAndCatchFirstError 
(node_modules/react-dom/cjs/react-dom.development.js:4291:25)
      at executeDispatch 
(node_modules/react-dom/cjs/react-dom.development.js:9041:3)
      at processDispatchQueueItemsInOrder 
(node_modules/react-dom/cjs/react-dom.development.js:9073:7)
      at processDispatchQueue 
(node_modules/react-dom/cjs/react-dom.development.js:9086:5)
      at dispatchEventsForPlugins 
(node_modules/react-dom/cjs/react-dom.development.js:9097:3)
      at node_modules/react-dom/cjs/react-dom.development.js:9288:12
      at batchedUpdates$1 
(node_modules/react-dom/cjs/react-dom.development.js:26179:12)
      at batchedUpdates 
(node_modules/react-dom/cjs/react-dom.development.js:3991:12)
      at dispatchEventForPluginEventSystem 
(node_modules/react-dom/cjs/react-dom.development.js:9287:3)
      at dispatchEventWithEnableCapturePhaseSelectiveHydrationWithoutDiscreteEv
entReplay (node_modules/react-dom/cjs/react-dom.development.js:6465:5)
      at dispatchEvent 
(node_modules/react-dom/cjs/react-dom.development.js:6457:5)
      at dispatchDiscreteEvent 
(node_modules/react-dom/cjs/react-dom.development.js:6430:5)
      at HTMLDivElement.callTheUserObjectsOperation 
(node_modules/jsdom/lib/jsdom/living/generated/EventListener.js:26:30)
      at innerInvokeEventListeners 
(node_modules/jsdom/lib/jsdom/living/events/EventTarget-impl.js:350:25)
      at invokeEventListeners 
(node_modules/jsdom/lib/jsdom/living/events/EventTarget-impl.js:286:3)
      at HTMLInputElementImpl._dispatch 
(node_modules/jsdom/lib/jsdom/living/events/EventTarget-impl.js:233:9)
      at HTMLInputElementImpl.dispatchEvent 
(node_modules/jsdom/lib/jsdom/living/events/EventTarget-impl.js:104:17)
      at HTMLInputElement.dispatchEvent 
(node_modules/jsdom/lib/jsdom/living/generated/EventTarget.js:241:34)
      at 
node_modules/@testing-library/user-event/dist/cjs/event/dispatchEvent.js:45:43
      at Object.eventWrapper 
(node_modules/@testing-library/dom/dist/config.js:25:23)
      at Object.wrapEvent 
(node_modules/@testing-library/user-event/dist/cjs/event/wrapEvent.js:6:28)
      at Object.dispatchEvent (node_modules/@testing-library/user-event/dist/cj
s/event/dispatchEvent.js:45:22)
      at Object.dispatchUIEvent (node_modules/@testing-library/user-event/dist/
cjs/event/dispatchEvent.js:22:26)
      at commitInput 
(node_modules/@testing-library/user-event/dist/cjs/event/input.js:145:14)
      at editInputElement 
(node_modules/@testing-library/user-event/dist/cjs/event/input.js:115:9)
      at Object.input 
(node_modules/@testing-library/user-event/dist/cjs/event/input.js:37:9)
      at node_modules/@testing-library/user-event/dist/cjs/event/behavior/keypr
ess.js:31:26
      at Object.dispatchEvent (node_modules/@testing-library/user-event/dist/cj
s/event/dispatchEvent.js:41:13)
      at Object.dispatchUIEvent (node_modules/@testing-library/user-event/dist/
cjs/event/dispatchEvent.js:22:26)
      at KeyboardHost.keydown 
(node_modules/@testing-library/user-event/dist/cjs/system/keyboard.js:76:22)
      at keyboardAction 
(node_modules/@testing-library/user-event/dist/cjs/keyboard/index.js:22:35)
      at Object.keyboard 
(node_modules/@testing-library/user-event/dist/cjs/keyboard/index.js:11:15)
      at Object.type 
(node_modules/@testing-library/user-event/dist/cjs/utility/type.js:17:5)
      at Object.<anonymous> (src/auth/auth.test.tsx:400:9)

    console.error
      Warning: An update to LoginForm inside a test was not wrapped in 
act(...).
      
      When testing, code that causes React state updates should be wrapped 
into act(...):
      
      act(() => {
        /* fire events that update state */
      });
      /* assert on the output */
      
      This ensures that you're testing the behavior the user would see in the 
browser. Learn more at https://reactjs.org/link/wrap-tests-with-act
          at LoginForm (C:\Users\samhe\OneDrive\Desktop\Cleaned\frontend\src\au
th\LoginForm\LoginForm.tsx:41:33)
          at div
          at div
          at LoginPage
          at routeContext (C:\Users\samhe\OneDrive\Desktop\Cleaned\frontend\nod
e_modules\react-router\lib\hooks.tsx:658:26)
          at children (C:\Users\samhe\OneDrive\Desktop\Cleaned\frontend\node_mo
dules\react-router\lib\components.tsx:512:3)
          at basenameProp (C:\Users\samhe\OneDrive\Desktop\Cleaned\frontend\nod
e_modules\react-router\lib\components.tsx:421:13)
          at basename (C:\Users\samhe\OneDrive\Desktop\Cleaned\frontend\node_mo
dules\react-router\lib\components.tsx:225:3)

      123 |                     placeholder="email@company.com"
      124 |                     value={email}
    > 125 |                     onChange={(e) => setEmail(e.target.value)}
          |                                      ^
      126 |                     className="w-full rounded-md border 
border-gray-300 px-3 py-2 text-sm focus:outline-none focus:ring-2 
focus:ring-gray-900 disabled:opacity-50"
      127 |                 />
      128 |             </div>

      at printWarning 
(node_modules/react-dom/cjs/react-dom.development.js:86:30)
      at error (node_modules/react-dom/cjs/react-dom.development.js:60:7)
      at warnIfUpdatesNotWrappedWithActDEV 
(node_modules/react-dom/cjs/react-dom.development.js:27628:9)
      at scheduleUpdateOnFiber 
(node_modules/react-dom/cjs/react-dom.development.js:25547:5)
      at dispatchSetState 
(node_modules/react-dom/cjs/react-dom.development.js:16708:7)
      at onChange (src/auth/LoginForm/LoginForm.tsx:125:38)
      at HTMLUnknownElement.callCallback 
(node_modules/react-dom/cjs/react-dom.development.js:4164:14)
      at HTMLUnknownElement.callTheUserObjectsOperation 
(node_modules/jsdom/lib/jsdom/living/generated/EventListener.js:26:30)
      at innerInvokeEventListeners 
(node_modules/jsdom/lib/jsdom/living/events/EventTarget-impl.js:350:25)
      at invokeEventListeners 
(node_modules/jsdom/lib/jsdom/living/events/EventTarget-impl.js:286:3)
      at HTMLUnknownElementImpl._dispatch 
(node_modules/jsdom/lib/jsdom/living/events/EventTarget-impl.js:233:9)
      at HTMLUnknownElementImpl.dispatchEvent 
(node_modules/jsdom/lib/jsdom/living/events/EventTarget-impl.js:104:17)
      at HTMLUnknownElement.dispatchEvent 
(node_modules/jsdom/lib/jsdom/living/generated/EventTarget.js:241:34)
      at Object.invokeGuardedCallbackDev 
(node_modules/react-dom/cjs/react-dom.development.js:4213:16)
      at invokeGuardedCallback 
(node_modules/react-dom/cjs/react-dom.development.js:4277:31)
      at invokeGuardedCallbackAndCatchFirstError 
(node_modules/react-dom/cjs/react-dom.development.js:4291:25)
      at executeDispatch 
(node_modules/react-dom/cjs/react-dom.development.js:9041:3)
      at processDispatchQueueItemsInOrder 
(node_modules/react-dom/cjs/react-dom.development.js:9073:7)
      at processDispatchQueue 
(node_modules/react-dom/cjs/react-dom.development.js:9086:5)
      at dispatchEventsForPlugins 
(node_modules/react-dom/cjs/react-dom.development.js:9097:3)
      at node_modules/react-dom/cjs/react-dom.development.js:9288:12
      at batchedUpdates$1 
(node_modules/react-dom/cjs/react-dom.development.js:26179:12)
      at batchedUpdates 
(node_modules/react-dom/cjs/react-dom.development.js:3991:12)
      at dispatchEventForPluginEventSystem 
(node_modules/react-dom/cjs/react-dom.development.js:9287:3)
      at dispatchEventWithEnableCapturePhaseSelectiveHydrationWithoutDiscreteEv
entReplay (node_modules/react-dom/cjs/react-dom.development.js:6465:5)
      at dispatchEvent 
(node_modules/react-dom/cjs/react-dom.development.js:6457:5)
      at dispatchDiscreteEvent 
(node_modules/react-dom/cjs/react-dom.development.js:6430:5)
      at HTMLDivElement.callTheUserObjectsOperation 
(node_modules/jsdom/lib/jsdom/living/generated/EventListener.js:26:30)
      at innerInvokeEventListeners 
(node_modules/jsdom/lib/jsdom/living/events/EventTarget-impl.js:350:25)
      at invokeEventListeners 
(node_modules/jsdom/lib/jsdom/living/events/EventTarget-impl.js:286:3)
      at HTMLInputElementImpl._dispatch 
(node_modules/jsdom/lib/jsdom/living/events/EventTarget-impl.js:233:9)
      at HTMLInputElementImpl.dispatchEvent 
(node_modules/jsdom/lib/jsdom/living/events/EventTarget-impl.js:104:17)
      at HTMLInputElement.dispatchEvent 
(node_modules/jsdom/lib/jsdom/living/generated/EventTarget.js:241:34)
      at 
node_modules/@testing-library/user-event/dist/cjs/event/dispatchEvent.js:45:43
      at Object.eventWrapper 
(node_modules/@testing-library/dom/dist/config.js:25:23)
      at Object.wrapEvent 
(node_modules/@testing-library/user-event/dist/cjs/event/wrapEvent.js:6:28)
      at Object.dispatchEvent (node_modules/@testing-library/user-event/dist/cj
s/event/dispatchEvent.js:45:22)
      at Object.dispatchUIEvent (node_modules/@testing-library/user-event/dist/
cjs/event/dispatchEvent.js:22:26)
      at commitInput 
(node_modules/@testing-library/user-event/dist/cjs/event/input.js:145:14)
      at editInputElement 
(node_modules/@testing-library/user-event/dist/cjs/event/input.js:115:9)
      at Object.input 
(node_modules/@testing-library/user-event/dist/cjs/event/input.js:37:9)
      at node_modules/@testing-library/user-event/dist/cjs/event/behavior/keypr
ess.js:31:26
      at Object.dispatchEvent (node_modules/@testing-library/user-event/dist/cj
s/event/dispatchEvent.js:41:13)
      at Object.dispatchUIEvent (node_modules/@testing-library/user-event/dist/
cjs/event/dispatchEvent.js:22:26)
      at KeyboardHost.keydown 
(node_modules/@testing-library/user-event/dist/cjs/system/keyboard.js:76:22)
      at keyboardAction 
(node_modules/@testing-library/user-event/dist/cjs/keyboard/index.js:22:35)
      at Object.keyboard 
(node_modules/@testing-library/user-event/dist/cjs/keyboard/index.js:11:15)
      at Object.type 
(node_modules/@testing-library/user-event/dist/cjs/utility/type.js:17:5)
      at Object.<anonymous> (src/auth/auth.test.tsx:400:9)

    console.error
      Warning: An update to LoginForm inside a test was not wrapped in 
act(...).
      
      When testing, code that causes React state updates should be wrapped 
into act(...):
      
      act(() => {
        /* fire events that update state */
      });
      /* assert on the output */
      
      This ensures that you're testing the behavior the user would see in the 
browser. Learn more at https://reactjs.org/link/wrap-tests-with-act
          at LoginForm (C:\Users\samhe\OneDrive\Desktop\Cleaned\frontend\src\au
th\LoginForm\LoginForm.tsx:41:33)
          at div
          at div
          at LoginPage
          at routeContext (C:\Users\samhe\OneDrive\Desktop\Cleaned\frontend\nod
e_modules\react-router\lib\hooks.tsx:658:26)
          at children (C:\Users\samhe\OneDrive\Desktop\Cleaned\frontend\node_mo
dules\react-router\lib\components.tsx:512:3)
          at basenameProp (C:\Users\samhe\OneDrive\Desktop\Cleaned\frontend\nod
e_modules\react-router\lib\components.tsx:421:13)
          at basename (C:\Users\samhe\OneDrive\Desktop\Cleaned\frontend\node_mo
dules\react-router\lib\components.tsx:225:3)

      123 |                     placeholder="email@company.com"
      124 |                     value={email}
    > 125 |                     onChange={(e) => setEmail(e.target.value)}
          |                                      ^
      126 |                     className="w-full rounded-md border 
border-gray-300 px-3 py-2 text-sm focus:outline-none focus:ring-2 
focus:ring-gray-900 disabled:opacity-50"
      127 |                 />
      128 |             </div>

      at printWarning 
(node_modules/react-dom/cjs/react-dom.development.js:86:30)
      at error (node_modules/react-dom/cjs/react-dom.development.js:60:7)
      at warnIfUpdatesNotWrappedWithActDEV 
(node_modules/react-dom/cjs/react-dom.development.js:27628:9)
      at scheduleUpdateOnFiber 
(node_modules/react-dom/cjs/react-dom.development.js:25547:5)
      at dispatchSetState 
(node_modules/react-dom/cjs/react-dom.development.js:16708:7)
      at onChange (src/auth/LoginForm/LoginForm.tsx:125:38)
      at HTMLUnknownElement.callCallback 
(node_modules/react-dom/cjs/react-dom.development.js:4164:14)
      at HTMLUnknownElement.callTheUserObjectsOperation 
(node_modules/jsdom/lib/jsdom/living/generated/EventListener.js:26:30)
      at innerInvokeEventListeners 
(node_modules/jsdom/lib/jsdom/living/events/EventTarget-impl.js:350:25)
      at invokeEventListeners 
(node_modules/jsdom/lib/jsdom/living/events/EventTarget-impl.js:286:3)
      at HTMLUnknownElementImpl._dispatch 
(node_modules/jsdom/lib/jsdom/living/events/EventTarget-impl.js:233:9)
      at HTMLUnknownElementImpl.dispatchEvent 
(node_modules/jsdom/lib/jsdom/living/events/EventTarget-impl.js:104:17)
      at HTMLUnknownElement.dispatchEvent 
(node_modules/jsdom/lib/jsdom/living/generated/EventTarget.js:241:34)
      at Object.invokeGuardedCallbackDev 
(node_modules/react-dom/cjs/react-dom.development.js:4213:16)
      at invokeGuardedCallback 
(node_modules/react-dom/cjs/react-dom.development.js:4277:31)
      at invokeGuardedCallbackAndCatchFirstError 
(node_modules/react-dom/cjs/react-dom.development.js:4291:25)
      at executeDispatch 
(node_modules/react-dom/cjs/react-dom.development.js:9041:3)
      at processDispatchQueueItemsInOrder 
(node_modules/react-dom/cjs/react-dom.development.js:9073:7)
      at processDispatchQueue 
(node_modules/react-dom/cjs/react-dom.development.js:9086:5)
      at dispatchEventsForPlugins 
(node_modules/react-dom/cjs/react-dom.development.js:9097:3)
      at node_modules/react-dom/cjs/react-dom.development.js:9288:12
      at batchedUpdates$1 
(node_modules/react-dom/cjs/react-dom.development.js:26179:12)
      at batchedUpdates 
(node_modules/react-dom/cjs/react-dom.development.js:3991:12)
      at dispatchEventForPluginEventSystem 
(node_modules/react-dom/cjs/react-dom.development.js:9287:3)
      at dispatchEventWithEnableCapturePhaseSelectiveHydrationWithoutDiscreteEv
entReplay (node_modules/react-dom/cjs/react-dom.development.js:6465:5)
      at dispatchEvent 
(node_modules/react-dom/cjs/react-dom.development.js:6457:5)
      at dispatchDiscreteEvent 
(node_modules/react-dom/cjs/react-dom.development.js:6430:5)
      at HTMLDivElement.callTheUserObjectsOperation 
(node_modules/jsdom/lib/jsdom/living/generated/EventListener.js:26:30)
      at innerInvokeEventListeners 
(node_modules/jsdom/lib/jsdom/living/events/EventTarget-impl.js:350:25)
      at invokeEventListeners 
(node_modules/jsdom/lib/jsdom/living/events/EventTarget-impl.js:286:3)
      at HTMLInputElementImpl._dispatch 
(node_modules/jsdom/lib/jsdom/living/events/EventTarget-impl.js:233:9)
      at HTMLInputElementImpl.dispatchEvent 
(node_modules/jsdom/lib/jsdom/living/events/EventTarget-impl.js:104:17)
      at HTMLInputElement.dispatchEvent 
(node_modules/jsdom/lib/jsdom/living/generated/EventTarget.js:241:34)
      at 
node_modules/@testing-library/user-event/dist/cjs/event/dispatchEvent.js:45:43
      at Object.eventWrapper 
(node_modules/@testing-library/dom/dist/config.js:25:23)
      at Object.wrapEvent 
(node_modules/@testing-library/user-event/dist/cjs/event/wrapEvent.js:6:28)
      at Object.dispatchEvent (node_modules/@testing-library/user-event/dist/cj
s/event/dispatchEvent.js:45:22)
      at Object.dispatchUIEvent (node_modules/@testing-library/user-event/dist/
cjs/event/dispatchEvent.js:22:26)
      at commitInput 
(node_modules/@testing-library/user-event/dist/cjs/event/input.js:145:14)
      at editInputElement 
(node_modules/@testing-library/user-event/dist/cjs/event/input.js:115:9)
      at Object.input 
(node_modules/@testing-library/user-event/dist/cjs/event/input.js:37:9)
      at node_modules/@testing-library/user-event/dist/cjs/event/behavior/keypr
ess.js:31:26
      at Object.dispatchEvent (node_modules/@testing-library/user-event/dist/cj
s/event/dispatchEvent.js:41:13)
      at Object.dispatchUIEvent (node_modules/@testing-library/user-event/dist/
cjs/event/dispatchEvent.js:22:26)
      at KeyboardHost.keydown 
(node_modules/@testing-library/user-event/dist/cjs/system/keyboard.js:76:22)
      at keyboardAction 
(node_modules/@testing-library/user-event/dist/cjs/keyboard/index.js:22:35)
      at Object.keyboard 
(node_modules/@testing-library/user-event/dist/cjs/keyboard/index.js:11:15)
      at Object.type 
(node_modules/@testing-library/user-event/dist/cjs/utility/type.js:17:5)
      at Object.<anonymous> (src/auth/auth.test.tsx:400:9)

    console.error
      Warning: An update to LoginForm inside a test was not wrapped in 
act(...).
      
      When testing, code that causes React state updates should be wrapped 
into act(...):
      
      act(() => {
        /* fire events that update state */
      });
      /* assert on the output */
      
      This ensures that you're testing the behavior the user would see in the 
browser. Learn more at https://reactjs.org/link/wrap-tests-with-act
          at LoginForm (C:\Users\samhe\OneDrive\Desktop\Cleaned\frontend\src\au
th\LoginForm\LoginForm.tsx:41:33)
          at div
          at div
          at LoginPage
          at routeContext (C:\Users\samhe\OneDrive\Desktop\Cleaned\frontend\nod
e_modules\react-router\lib\hooks.tsx:658:26)
          at children (C:\Users\samhe\OneDrive\Desktop\Cleaned\frontend\node_mo
dules\react-router\lib\components.tsx:512:3)
          at basenameProp (C:\Users\samhe\OneDrive\Desktop\Cleaned\frontend\nod
e_modules\react-router\lib\components.tsx:421:13)
          at basename (C:\Users\samhe\OneDrive\Desktop\Cleaned\frontend\node_mo
dules\react-router\lib\components.tsx:225:3)

      123 |                     placeholder="email@company.com"
      124 |                     value={email}
    > 125 |                     onChange={(e) => setEmail(e.target.value)}
          |                                      ^
      126 |                     className="w-full rounded-md border 
border-gray-300 px-3 py-2 text-sm focus:outline-none focus:ring-2 
focus:ring-gray-900 disabled:opacity-50"
      127 |                 />
      128 |             </div>

      at printWarning 
(node_modules/react-dom/cjs/react-dom.development.js:86:30)
      at error (node_modules/react-dom/cjs/react-dom.development.js:60:7)
      at warnIfUpdatesNotWrappedWithActDEV 
(node_modules/react-dom/cjs/react-dom.development.js:27628:9)
      at scheduleUpdateOnFiber 
(node_modules/react-dom/cjs/react-dom.development.js:25547:5)
      at dispatchSetState 
(node_modules/react-dom/cjs/react-dom.development.js:16708:7)
      at onChange (src/auth/LoginForm/LoginForm.tsx:125:38)
      at HTMLUnknownElement.callCallback 
(node_modules/react-dom/cjs/react-dom.development.js:4164:14)
      at HTMLUnknownElement.callTheUserObjectsOperation 
(node_modules/jsdom/lib/jsdom/living/generated/EventListener.js:26:30)
      at innerInvokeEventListeners 
(node_modules/jsdom/lib/jsdom/living/events/EventTarget-impl.js:350:25)
      at invokeEventListeners 
(node_modules/jsdom/lib/jsdom/living/events/EventTarget-impl.js:286:3)
      at HTMLUnknownElementImpl._dispatch 
(node_modules/jsdom/lib/jsdom/living/events/EventTarget-impl.js:233:9)
      at HTMLUnknownElementImpl.dispatchEvent 
(node_modules/jsdom/lib/jsdom/living/events/EventTarget-impl.js:104:17)
      at HTMLUnknownElement.dispatchEvent 
(node_modules/jsdom/lib/jsdom/living/generated/EventTarget.js:241:34)
      at Object.invokeGuardedCallbackDev 
(node_modules/react-dom/cjs/react-dom.development.js:4213:16)
      at invokeGuardedCallback 
(node_modules/react-dom/cjs/react-dom.development.js:4277:31)
      at invokeGuardedCallbackAndCatchFirstError 
(node_modules/react-dom/cjs/react-dom.development.js:4291:25)
      at executeDispatch 
(node_modules/react-dom/cjs/react-dom.development.js:9041:3)
      at processDispatchQueueItemsInOrder 
(node_modules/react-dom/cjs/react-dom.development.js:9073:7)
      at processDispatchQueue 
(node_modules/react-dom/cjs/react-dom.development.js:9086:5)
      at dispatchEventsForPlugins 
(node_modules/react-dom/cjs/react-dom.development.js:9097:3)
      at node_modules/react-dom/cjs/react-dom.development.js:9288:12
      at batchedUpdates$1 
(node_modules/react-dom/cjs/react-dom.development.js:26179:12)
      at batchedUpdates 
(node_modules/react-dom/cjs/react-dom.development.js:3991:12)
      at dispatchEventForPluginEventSystem 
(node_modules/react-dom/cjs/react-dom.development.js:9287:3)
      at dispatchEventWithEnableCapturePhaseSelectiveHydrationWithoutDiscreteEv
entReplay (node_modules/react-dom/cjs/react-dom.development.js:6465:5)
      at dispatchEvent 
(node_modules/react-dom/cjs/react-dom.development.js:6457:5)
      at dispatchDiscreteEvent 
(node_modules/react-dom/cjs/react-dom.development.js:6430:5)
      at HTMLDivElement.callTheUserObjectsOperation 
(node_modules/jsdom/lib/jsdom/living/generated/EventListener.js:26:30)
      at innerInvokeEventListeners 
(node_modules/jsdom/lib/jsdom/living/events/EventTarget-impl.js:350:25)
      at invokeEventListeners 
(node_modules/jsdom/lib/jsdom/living/events/EventTarget-impl.js:286:3)
      at HTMLInputElementImpl._dispatch 
(node_modules/jsdom/lib/jsdom/living/events/EventTarget-impl.js:233:9)
      at HTMLInputElementImpl.dispatchEvent 
(node_modules/jsdom/lib/jsdom/living/events/EventTarget-impl.js:104:17)
      at HTMLInputElement.dispatchEvent 
(node_modules/jsdom/lib/jsdom/living/generated/EventTarget.js:241:34)
      at 
node_modules/@testing-library/user-event/dist/cjs/event/dispatchEvent.js:45:43
      at Object.eventWrapper 
(node_modules/@testing-library/dom/dist/config.js:25:23)
      at Object.wrapEvent 
(node_modules/@testing-library/user-event/dist/cjs/event/wrapEvent.js:6:28)
      at Object.dispatchEvent (node_modules/@testing-library/user-event/dist/cj
s/event/dispatchEvent.js:45:22)
      at Object.dispatchUIEvent (node_modules/@testing-library/user-event/dist/
cjs/event/dispatchEvent.js:22:26)
      at commitInput 
(node_modules/@testing-library/user-event/dist/cjs/event/input.js:145:14)
      at editInputElement 
(node_modules/@testing-library/user-event/dist/cjs/event/input.js:115:9)
      at Object.input 
(node_modules/@testing-library/user-event/dist/cjs/event/input.js:37:9)
      at node_modules/@testing-library/user-event/dist/cjs/event/behavior/keypr
ess.js:31:26
      at Object.dispatchEvent (node_modules/@testing-library/user-event/dist/cj
s/event/dispatchEvent.js:41:13)
      at Object.dispatchUIEvent (node_modules/@testing-library/user-event/dist/
cjs/event/dispatchEvent.js:22:26)
      at KeyboardHost.keydown 
(node_modules/@testing-library/user-event/dist/cjs/system/keyboard.js:76:22)
      at keyboardAction 
(node_modules/@testing-library/user-event/dist/cjs/keyboard/index.js:22:35)
      at Object.keyboard 
(node_modules/@testing-library/user-event/dist/cjs/keyboard/index.js:11:15)
      at Object.type 
(node_modules/@testing-library/user-event/dist/cjs/utility/type.js:17:5)
      at Object.<anonymous> (src/auth/auth.test.tsx:400:9)

    console.error
      Warning: An update to LoginForm inside a test was not wrapped in 
act(...).
      
      When testing, code that causes React state updates should be wrapped 
into act(...):
      
      act(() => {
        /* fire events that update state */
      });
      /* assert on the output */
      
      This ensures that you're testing the behavior the user would see in the 
browser. Learn more at https://reactjs.org/link/wrap-tests-with-act
          at LoginForm (C:\Users\samhe\OneDrive\Desktop\Cleaned\frontend\src\au
th\LoginForm\LoginForm.tsx:41:33)
          at div
          at div
          at LoginPage
          at routeContext (C:\Users\samhe\OneDrive\Desktop\Cleaned\frontend\nod
e_modules\react-router\lib\hooks.tsx:658:26)
          at children (C:\Users\samhe\OneDrive\Desktop\Cleaned\frontend\node_mo
dules\react-router\lib\components.tsx:512:3)
          at basenameProp (C:\Users\samhe\OneDrive\Desktop\Cleaned\frontend\nod
e_modules\react-router\lib\components.tsx:421:13)
          at basename (C:\Users\samhe\OneDrive\Desktop\Cleaned\frontend\node_mo
dules\react-router\lib\components.tsx:225:3)

      141 |                         placeholder="Enter your password"
      142 |                         value={password}
    > 143 |                         onChange={(e) => 
setPassword(e.target.value)}
          |                                          ^
      144 |                         className="w-full rounded-md border 
border-gray-300 px-3 py-2 pr-10 text-sm focus:outline-none focus:ring-2 
focus:ring-gray-900 disabled:opacity-50"
      145 |                     />
      146 |                     <button

      at printWarning 
(node_modules/react-dom/cjs/react-dom.development.js:86:30)
      at error (node_modules/react-dom/cjs/react-dom.development.js:60:7)
      at warnIfUpdatesNotWrappedWithActDEV 
(node_modules/react-dom/cjs/react-dom.development.js:27628:9)
      at scheduleUpdateOnFiber 
(node_modules/react-dom/cjs/react-dom.development.js:25547:5)
      at dispatchSetState 
(node_modules/react-dom/cjs/react-dom.development.js:16708:7)
      at onChange (src/auth/LoginForm/LoginForm.tsx:143:42)
      at HTMLUnknownElement.callCallback 
(node_modules/react-dom/cjs/react-dom.development.js:4164:14)
      at HTMLUnknownElement.callTheUserObjectsOperation 
(node_modules/jsdom/lib/jsdom/living/generated/EventListener.js:26:30)
      at innerInvokeEventListeners 
(node_modules/jsdom/lib/jsdom/living/events/EventTarget-impl.js:350:25)
      at invokeEventListeners 
(node_modules/jsdom/lib/jsdom/living/events/EventTarget-impl.js:286:3)
      at HTMLUnknownElementImpl._dispatch 
(node_modules/jsdom/lib/jsdom/living/events/EventTarget-impl.js:233:9)
      at HTMLUnknownElementImpl.dispatchEvent 
(node_modules/jsdom/lib/jsdom/living/events/EventTarget-impl.js:104:17)
      at HTMLUnknownElement.dispatchEvent 
(node_modules/jsdom/lib/jsdom/living/generated/EventTarget.js:241:34)
      at Object.invokeGuardedCallbackDev 
(node_modules/react-dom/cjs/react-dom.development.js:4213:16)
      at invokeGuardedCallback 
(node_modules/react-dom/cjs/react-dom.development.js:4277:31)
      at invokeGuardedCallbackAndCatchFirstError 
(node_modules/react-dom/cjs/react-dom.development.js:4291:25)
      at executeDispatch 
(node_modules/react-dom/cjs/react-dom.development.js:9041:3)
      at processDispatchQueueItemsInOrder 
(node_modules/react-dom/cjs/react-dom.development.js:9073:7)
      at processDispatchQueue 
(node_modules/react-dom/cjs/react-dom.development.js:9086:5)
      at dispatchEventsForPlugins 
(node_modules/react-dom/cjs/react-dom.development.js:9097:3)
      at node_modules/react-dom/cjs/react-dom.development.js:9288:12
      at batchedUpdates$1 
(node_modules/react-dom/cjs/react-dom.development.js:26179:12)
      at batchedUpdates 
(node_modules/react-dom/cjs/react-dom.development.js:3991:12)
      at dispatchEventForPluginEventSystem 
(node_modules/react-dom/cjs/react-dom.development.js:9287:3)
      at dispatchEventWithEnableCapturePhaseSelectiveHydrationWithoutDiscreteEv
entReplay (node_modules/react-dom/cjs/react-dom.development.js:6465:5)
      at dispatchEvent 
(node_modules/react-dom/cjs/react-dom.development.js:6457:5)
      at dispatchDiscreteEvent 
(node_modules/react-dom/cjs/react-dom.development.js:6430:5)
      at HTMLDivElement.callTheUserObjectsOperation 
(node_modules/jsdom/lib/jsdom/living/generated/EventListener.js:26:30)
      at innerInvokeEventListeners 
(node_modules/jsdom/lib/jsdom/living/events/EventTarget-impl.js:350:25)
      at invokeEventListeners 
(node_modules/jsdom/lib/jsdom/living/events/EventTarget-impl.js:286:3)
      at HTMLInputElementImpl._dispatch 
(node_modules/jsdom/lib/jsdom/living/events/EventTarget-impl.js:233:9)
      at HTMLInputElementImpl.dispatchEvent 
(node_modules/jsdom/lib/jsdom/living/events/EventTarget-impl.js:104:17)
      at HTMLInputElement.dispatchEvent 
(node_modules/jsdom/lib/jsdom/living/generated/EventTarget.js:241:34)
      at 
node_modules/@testing-library/user-event/dist/cjs/event/dispatchEvent.js:45:43
      at Object.eventWrapper 
(node_modules/@testing-library/dom/dist/config.js:25:23)
      at Object.wrapEvent 
(node_modules/@testing-library/user-event/dist/cjs/event/wrapEvent.js:6:28)
      at Object.dispatchEvent (node_modules/@testing-library/user-event/dist/cj
s/event/dispatchEvent.js:45:22)
      at Object.dispatchUIEvent (node_modules/@testing-library/user-event/dist/
cjs/event/dispatchEvent.js:22:26)
      at commitInput 
(node_modules/@testing-library/user-event/dist/cjs/event/input.js:145:14)
      at editInputElement 
(node_modules/@testing-library/user-event/dist/cjs/event/input.js:115:9)
      at Object.input 
(node_modules/@testing-library/user-event/dist/cjs/event/input.js:37:9)
      at node_modules/@testing-library/user-event/dist/cjs/event/behavior/keypr
ess.js:31:26
      at Object.dispatchEvent (node_modules/@testing-library/user-event/dist/cj
s/event/dispatchEvent.js:41:13)
      at Object.dispatchUIEvent (node_modules/@testing-library/user-event/dist/
cjs/event/dispatchEvent.js:22:26)
      at KeyboardHost.keydown 
(node_modules/@testing-library/user-event/dist/cjs/system/keyboard.js:76:22)
      at keyboardAction 
(node_modules/@testing-library/user-event/dist/cjs/keyboard/index.js:22:35)
      at Object.keyboard 
(node_modules/@testing-library/user-event/dist/cjs/keyboard/index.js:11:15)
      at Object.type 
(node_modules/@testing-library/user-event/dist/cjs/utility/type.js:17:5)
      at Object.<anonymous> (src/auth/auth.test.tsx:401:9)

    console.error
      Warning: An update to LoginForm inside a test was not wrapped in 
act(...).
      
      When testing, code that causes React state updates should be wrapped 
into act(...):
      
      act(() => {
        /* fire events that update state */
      });
      /* assert on the output */
      
      This ensures that you're testing the behavior the user would see in the 
browser. Learn more at https://reactjs.org/link/wrap-tests-with-act
          at LoginForm (C:\Users\samhe\OneDrive\Desktop\Cleaned\frontend\src\au
th\LoginForm\LoginForm.tsx:41:33)
          at div
          at div
          at LoginPage
          at routeContext (C:\Users\samhe\OneDrive\Desktop\Cleaned\frontend\nod
e_modules\react-router\lib\hooks.tsx:658:26)
          at children (C:\Users\samhe\OneDrive\Desktop\Cleaned\frontend\node_mo
dules\react-router\lib\components.tsx:512:3)
          at basenameProp (C:\Users\samhe\OneDrive\Desktop\Cleaned\frontend\nod
e_modules\react-router\lib\components.tsx:421:13)
          at basename (C:\Users\samhe\OneDrive\Desktop\Cleaned\frontend\node_mo
dules\react-router\lib\components.tsx:225:3)

      141 |                         placeholder="Enter your password"
      142 |                         value={password}
    > 143 |                         onChange={(e) => 
setPassword(e.target.value)}
          |                                          ^
      144 |                         className="w-full rounded-md border 
border-gray-300 px-3 py-2 pr-10 text-sm focus:outline-none focus:ring-2 
focus:ring-gray-900 disabled:opacity-50"
      145 |                     />
      146 |                     <button

      at printWarning 
(node_modules/react-dom/cjs/react-dom.development.js:86:30)
      at error (node_modules/react-dom/cjs/react-dom.development.js:60:7)
      at warnIfUpdatesNotWrappedWithActDEV 
(node_modules/react-dom/cjs/react-dom.development.js:27628:9)
      at scheduleUpdateOnFiber 
(node_modules/react-dom/cjs/react-dom.development.js:25547:5)
      at dispatchSetState 
(node_modules/react-dom/cjs/react-dom.development.js:16708:7)
      at onChange (src/auth/LoginForm/LoginForm.tsx:143:42)
      at HTMLUnknownElement.callCallback 
(node_modules/react-dom/cjs/react-dom.development.js:4164:14)
      at HTMLUnknownElement.callTheUserObjectsOperation 
(node_modules/jsdom/lib/jsdom/living/generated/EventListener.js:26:30)
      at innerInvokeEventListeners 
(node_modules/jsdom/lib/jsdom/living/events/EventTarget-impl.js:350:25)
      at invokeEventListeners 
(node_modules/jsdom/lib/jsdom/living/events/EventTarget-impl.js:286:3)
      at HTMLUnknownElementImpl._dispatch 
(node_modules/jsdom/lib/jsdom/living/events/EventTarget-impl.js:233:9)
      at HTMLUnknownElementImpl.dispatchEvent 
(node_modules/jsdom/lib/jsdom/living/events/EventTarget-impl.js:104:17)
      at HTMLUnknownElement.dispatchEvent 
(node_modules/jsdom/lib/jsdom/living/generated/EventTarget.js:241:34)
      at Object.invokeGuardedCallbackDev 
(node_modules/react-dom/cjs/react-dom.development.js:4213:16)
      at invokeGuardedCallback 
(node_modules/react-dom/cjs/react-dom.development.js:4277:31)
      at invokeGuardedCallbackAndCatchFirstError 
(node_modules/react-dom/cjs/react-dom.development.js:4291:25)
      at executeDispatch 
(node_modules/react-dom/cjs/react-dom.development.js:9041:3)
      at processDispatchQueueItemsInOrder 
(node_modules/react-dom/cjs/react-dom.development.js:9073:7)
      at processDispatchQueue 
(node_modules/react-dom/cjs/react-dom.development.js:9086:5)
      at dispatchEventsForPlugins 
(node_modules/react-dom/cjs/react-dom.development.js:9097:3)
      at node_modules/react-dom/cjs/react-dom.development.js:9288:12
      at batchedUpdates$1 
(node_modules/react-dom/cjs/react-dom.development.js:26179:12)
      at batchedUpdates 
(node_modules/react-dom/cjs/react-dom.development.js:3991:12)
      at dispatchEventForPluginEventSystem 
(node_modules/react-dom/cjs/react-dom.development.js:9287:3)
      at dispatchEventWithEnableCapturePhaseSelectiveHydrationWithoutDiscreteEv
entReplay (node_modules/react-dom/cjs/react-dom.development.js:6465:5)
      at dispatchEvent 
(node_modules/react-dom/cjs/react-dom.development.js:6457:5)
      at dispatchDiscreteEvent 
(node_modules/react-dom/cjs/react-dom.development.js:6430:5)
      at HTMLDivElement.callTheUserObjectsOperation 
(node_modules/jsdom/lib/jsdom/living/generated/EventListener.js:26:30)
      at innerInvokeEventListeners 
(node_modules/jsdom/lib/jsdom/living/events/EventTarget-impl.js:350:25)
      at invokeEventListeners 
(node_modules/jsdom/lib/jsdom/living/events/EventTarget-impl.js:286:3)
      at HTMLInputElementImpl._dispatch 
(node_modules/jsdom/lib/jsdom/living/events/EventTarget-impl.js:233:9)
      at HTMLInputElementImpl.dispatchEvent 
(node_modules/jsdom/lib/jsdom/living/events/EventTarget-impl.js:104:17)
      at HTMLInputElement.dispatchEvent 
(node_modules/jsdom/lib/jsdom/living/generated/EventTarget.js:241:34)
      at 
node_modules/@testing-library/user-event/dist/cjs/event/dispatchEvent.js:45:43
      at Object.eventWrapper 
(node_modules/@testing-library/dom/dist/config.js:25:23)
      at Object.wrapEvent 
(node_modules/@testing-library/user-event/dist/cjs/event/wrapEvent.js:6:28)
      at Object.dispatchEvent (node_modules/@testing-library/user-event/dist/cj
s/event/dispatchEvent.js:45:22)
      at Object.dispatchUIEvent (node_modules/@testing-library/user-event/dist/
cjs/event/dispatchEvent.js:22:26)
      at commitInput 
(node_modules/@testing-library/user-event/dist/cjs/event/input.js:145:14)
      at editInputElement 
(node_modules/@testing-library/user-event/dist/cjs/event/input.js:115:9)
      at Object.input 
(node_modules/@testing-library/user-event/dist/cjs/event/input.js:37:9)
      at node_modules/@testing-library/user-event/dist/cjs/event/behavior/keypr
ess.js:31:26
      at Object.dispatchEvent (node_modules/@testing-library/user-event/dist/cj
s/event/dispatchEvent.js:41:13)
      at Object.dispatchUIEvent (node_modules/@testing-library/user-event/dist/
cjs/event/dispatchEvent.js:22:26)
      at KeyboardHost.keydown 
(node_modules/@testing-library/user-event/dist/cjs/system/keyboard.js:76:22)
      at keyboardAction 
(node_modules/@testing-library/user-event/dist/cjs/keyboard/index.js:22:35)
      at Object.keyboard 
(node_modules/@testing-library/user-event/dist/cjs/keyboard/index.js:11:15)
      at Object.type 
(node_modules/@testing-library/user-event/dist/cjs/utility/type.js:17:5)
      at Object.<anonymous> (src/auth/auth.test.tsx:401:9)

    console.error
      Warning: An update to LoginForm inside a test was not wrapped in 
act(...).
      
      When testing, code that causes React state updates should be wrapped 
into act(...):
      
      act(() => {
        /* fire events that update state */
      });
      /* assert on the output */
      
      This ensures that you're testing the behavior the user would see in the 
browser. Learn more at https://reactjs.org/link/wrap-tests-with-act
          at LoginForm (C:\Users\samhe\OneDrive\Desktop\Cleaned\frontend\src\au
th\LoginForm\LoginForm.tsx:41:33)
          at div
          at div
          at LoginPage
          at routeContext (C:\Users\samhe\OneDrive\Desktop\Cleaned\frontend\nod
e_modules\react-router\lib\hooks.tsx:658:26)
          at children (C:\Users\samhe\OneDrive\Desktop\Cleaned\frontend\node_mo
dules\react-router\lib\components.tsx:512:3)
          at basenameProp (C:\Users\samhe\OneDrive\Desktop\Cleaned\frontend\nod
e_modules\react-router\lib\components.tsx:421:13)
          at basename (C:\Users\samhe\OneDrive\Desktop\Cleaned\frontend\node_mo
dules\react-router\lib\components.tsx:225:3)

      141 |                         placeholder="Enter your password"
      142 |                         value={password}
    > 143 |                         onChange={(e) => 
setPassword(e.target.value)}
          |                                          ^
      144 |                         className="w-full rounded-md border 
border-gray-300 px-3 py-2 pr-10 text-sm focus:outline-none focus:ring-2 
focus:ring-gray-900 disabled:opacity-50"
      145 |                     />
      146 |                     <button

      at printWarning 
(node_modules/react-dom/cjs/react-dom.development.js:86:30)
      at error (node_modules/react-dom/cjs/react-dom.development.js:60:7)
      at warnIfUpdatesNotWrappedWithActDEV 
(node_modules/react-dom/cjs/react-dom.development.js:27628:9)
      at scheduleUpdateOnFiber 
(node_modules/react-dom/cjs/react-dom.development.js:25547:5)
      at dispatchSetState 
(node_modules/react-dom/cjs/react-dom.development.js:16708:7)
      at onChange (src/auth/LoginForm/LoginForm.tsx:143:42)
      at HTMLUnknownElement.callCallback 
(node_modules/react-dom/cjs/react-dom.development.js:4164:14)
      at HTMLUnknownElement.callTheUserObjectsOperation 
(node_modules/jsdom/lib/jsdom/living/generated/EventListener.js:26:30)
      at innerInvokeEventListeners 
(node_modules/jsdom/lib/jsdom/living/events/EventTarget-impl.js:350:25)
      at invokeEventListeners 
(node_modules/jsdom/lib/jsdom/living/events/EventTarget-impl.js:286:3)
      at HTMLUnknownElementImpl._dispatch 
(node_modules/jsdom/lib/jsdom/living/events/EventTarget-impl.js:233:9)
      at HTMLUnknownElementImpl.dispatchEvent 
(node_modules/jsdom/lib/jsdom/living/events/EventTarget-impl.js:104:17)
      at HTMLUnknownElement.dispatchEvent 
(node_modules/jsdom/lib/jsdom/living/generated/EventTarget.js:241:34)
      at Object.invokeGuardedCallbackDev 
(node_modules/react-dom/cjs/react-dom.development.js:4213:16)
      at invokeGuardedCallback 
(node_modules/react-dom/cjs/react-dom.development.js:4277:31)
      at invokeGuardedCallbackAndCatchFirstError 
(node_modules/react-dom/cjs/react-dom.development.js:4291:25)
      at executeDispatch 
(node_modules/react-dom/cjs/react-dom.development.js:9041:3)
      at processDispatchQueueItemsInOrder 
(node_modules/react-dom/cjs/react-dom.development.js:9073:7)
      at processDispatchQueue 
(node_modules/react-dom/cjs/react-dom.development.js:9086:5)
      at dispatchEventsForPlugins 
(node_modules/react-dom/cjs/react-dom.development.js:9097:3)
      at node_modules/react-dom/cjs/react-dom.development.js:9288:12
      at batchedUpdates$1 
(node_modules/react-dom/cjs/react-dom.development.js:26179:12)
      at batchedUpdates 
(node_modules/react-dom/cjs/react-dom.development.js:3991:12)
      at dispatchEventForPluginEventSystem 
(node_modules/react-dom/cjs/react-dom.development.js:9287:3)
      at dispatchEventWithEnableCapturePhaseSelectiveHydrationWithoutDiscreteEv
entReplay (node_modules/react-dom/cjs/react-dom.development.js:6465:5)
      at dispatchEvent 
(node_modules/react-dom/cjs/react-dom.development.js:6457:5)
      at dispatchDiscreteEvent 
(node_modules/react-dom/cjs/react-dom.development.js:6430:5)
      at HTMLDivElement.callTheUserObjectsOperation 
(node_modules/jsdom/lib/jsdom/living/generated/EventListener.js:26:30)
      at innerInvokeEventListeners 
(node_modules/jsdom/lib/jsdom/living/events/EventTarget-impl.js:350:25)
      at invokeEventListeners 
(node_modules/jsdom/lib/jsdom/living/events/EventTarget-impl.js:286:3)
      at HTMLInputElementImpl._dispatch 
(node_modules/jsdom/lib/jsdom/living/events/EventTarget-impl.js:233:9)
      at HTMLInputElementImpl.dispatchEvent 
(node_modules/jsdom/lib/jsdom/living/events/EventTarget-impl.js:104:17)
      at HTMLInputElement.dispatchEvent 
(node_modules/jsdom/lib/jsdom/living/generated/EventTarget.js:241:34)
      at 
node_modules/@testing-library/user-event/dist/cjs/event/dispatchEvent.js:45:43
      at Object.eventWrapper 
(node_modules/@testing-library/dom/dist/config.js:25:23)
      at Object.wrapEvent 
(node_modules/@testing-library/user-event/dist/cjs/event/wrapEvent.js:6:28)
      at Object.dispatchEvent (node_modules/@testing-library/user-event/dist/cj
s/event/dispatchEvent.js:45:22)
      at Object.dispatchUIEvent (node_modules/@testing-library/user-event/dist/
cjs/event/dispatchEvent.js:22:26)
      at commitInput 
(node_modules/@testing-library/user-event/dist/cjs/event/input.js:145:14)
      at editInputElement 
(node_modules/@testing-library/user-event/dist/cjs/event/input.js:115:9)
      at Object.input 
(node_modules/@testing-library/user-event/dist/cjs/event/input.js:37:9)
      at node_modules/@testing-library/user-event/dist/cjs/event/behavior/keypr
ess.js:31:26
      at Object.dispatchEvent (node_modules/@testing-library/user-event/dist/cj
s/event/dispatchEvent.js:41:13)
      at Object.dispatchUIEvent (node_modules/@testing-library/user-event/dist/
cjs/event/dispatchEvent.js:22:26)
      at KeyboardHost.keydown 
(node_modules/@testing-library/user-event/dist/cjs/system/keyboard.js:76:22)
      at keyboardAction 
(node_modules/@testing-library/user-event/dist/cjs/keyboard/index.js:22:35)
      at Object.keyboard 
(node_modules/@testing-library/user-event/dist/cjs/keyboard/index.js:11:15)
      at Object.type 
(node_modules/@testing-library/user-event/dist/cjs/utility/type.js:17:5)
      at Object.<anonymous> (src/auth/auth.test.tsx:401:9)

    console.error
      Warning: An update to LoginForm inside a test was not wrapped in 
act(...).
      
      When testing, code that causes React state updates should be wrapped 
into act(...):
      
      act(() => {
        /* fire events that update state */
      });
      /* assert on the output */
      
      This ensures that you're testing the behavior the user would see in the 
browser. Learn more at https://reactjs.org/link/wrap-tests-with-act
          at LoginForm (C:\Users\samhe\OneDrive\Desktop\Cleaned\frontend\src\au
th\LoginForm\LoginForm.tsx:41:33)
          at div
          at div
          at LoginPage
          at routeContext (C:\Users\samhe\OneDrive\Desktop\Cleaned\frontend\nod
e_modules\react-router\lib\hooks.tsx:658:26)
          at children (C:\Users\samhe\OneDrive\Desktop\Cleaned\frontend\node_mo
dules\react-router\lib\components.tsx:512:3)
          at basenameProp (C:\Users\samhe\OneDrive\Desktop\Cleaned\frontend\nod
e_modules\react-router\lib\components.tsx:421:13)
          at basename (C:\Users\samhe\OneDrive\Desktop\Cleaned\frontend\node_mo
dules\react-router\lib\components.tsx:225:3)

      141 |                         placeholder="Enter your password"
      142 |                         value={password}
    > 143 |                         onChange={(e) => 
setPassword(e.target.value)}
          |                                          ^
      144 |                         className="w-full rounded-md border 
border-gray-300 px-3 py-2 pr-10 text-sm focus:outline-none focus:ring-2 
focus:ring-gray-900 disabled:opacity-50"
      145 |                     />
      146 |                     <button

      at printWarning 
(node_modules/react-dom/cjs/react-dom.development.js:86:30)
      at error (node_modules/react-dom/cjs/react-dom.development.js:60:7)
      at warnIfUpdatesNotWrappedWithActDEV 
(node_modules/react-dom/cjs/react-dom.development.js:27628:9)
      at scheduleUpdateOnFiber 
(node_modules/react-dom/cjs/react-dom.development.js:25547:5)
      at dispatchSetState 
(node_modules/react-dom/cjs/react-dom.development.js:16708:7)
      at onChange (src/auth/LoginForm/LoginForm.tsx:143:42)
      at HTMLUnknownElement.callCallback 
(node_modules/react-dom/cjs/react-dom.development.js:4164:14)
      at HTMLUnknownElement.callTheUserObjectsOperation 
(node_modules/jsdom/lib/jsdom/living/generated/EventListener.js:26:30)
      at innerInvokeEventListeners 
(node_modules/jsdom/lib/jsdom/living/events/EventTarget-impl.js:350:25)
      at invokeEventListeners 
(node_modules/jsdom/lib/jsdom/living/events/EventTarget-impl.js:286:3)
      at HTMLUnknownElementImpl._dispatch 
(node_modules/jsdom/lib/jsdom/living/events/EventTarget-impl.js:233:9)
      at HTMLUnknownElementImpl.dispatchEvent 
(node_modules/jsdom/lib/jsdom/living/events/EventTarget-impl.js:104:17)
      at HTMLUnknownElement.dispatchEvent 
(node_modules/jsdom/lib/jsdom/living/generated/EventTarget.js:241:34)
      at Object.invokeGuardedCallbackDev 
(node_modules/react-dom/cjs/react-dom.development.js:4213:16)
      at invokeGuardedCallback 
(node_modules/react-dom/cjs/react-dom.development.js:4277:31)
      at invokeGuardedCallbackAndCatchFirstError 
(node_modules/react-dom/cjs/react-dom.development.js:4291:25)
      at executeDispatch 
(node_modules/react-dom/cjs/react-dom.development.js:9041:3)
      at processDispatchQueueItemsInOrder 
(node_modules/react-dom/cjs/react-dom.development.js:9073:7)
      at processDispatchQueue 
(node_modules/react-dom/cjs/react-dom.development.js:9086:5)
      at dispatchEventsForPlugins 
(node_modules/react-dom/cjs/react-dom.development.js:9097:3)
      at node_modules/react-dom/cjs/react-dom.development.js:9288:12
      at batchedUpdates$1 
(node_modules/react-dom/cjs/react-dom.development.js:26179:12)
      at batchedUpdates 
(node_modules/react-dom/cjs/react-dom.development.js:3991:12)
      at dispatchEventForPluginEventSystem 
(node_modules/react-dom/cjs/react-dom.development.js:9287:3)
      at dispatchEventWithEnableCapturePhaseSelectiveHydrationWithoutDiscreteEv
entReplay (node_modules/react-dom/cjs/react-dom.development.js:6465:5)
      at dispatchEvent 
(node_modules/react-dom/cjs/react-dom.development.js:6457:5)
      at dispatchDiscreteEvent 
(node_modules/react-dom/cjs/react-dom.development.js:6430:5)
      at HTMLDivElement.callTheUserObjectsOperation 
(node_modules/jsdom/lib/jsdom/living/generated/EventListener.js:26:30)
      at innerInvokeEventListeners 
(node_modules/jsdom/lib/jsdom/living/events/EventTarget-impl.js:350:25)
      at invokeEventListeners 
(node_modules/jsdom/lib/jsdom/living/events/EventTarget-impl.js:286:3)
      at HTMLInputElementImpl._dispatch 
(node_modules/jsdom/lib/jsdom/living/events/EventTarget-impl.js:233:9)
      at HTMLInputElementImpl.dispatchEvent 
(node_modules/jsdom/lib/jsdom/living/events/EventTarget-impl.js:104:17)
      at HTMLInputElement.dispatchEvent 
(node_modules/jsdom/lib/jsdom/living/generated/EventTarget.js:241:34)
      at 
node_modules/@testing-library/user-event/dist/cjs/event/dispatchEvent.js:45:43
      at Object.eventWrapper 
(node_modules/@testing-library/dom/dist/config.js:25:23)
      at Object.wrapEvent 
(node_modules/@testing-library/user-event/dist/cjs/event/wrapEvent.js:6:28)
      at Object.dispatchEvent (node_modules/@testing-library/user-event/dist/cj
s/event/dispatchEvent.js:45:22)
      at Object.dispatchUIEvent (node_modules/@testing-library/user-event/dist/
cjs/event/dispatchEvent.js:22:26)
      at commitInput 
(node_modules/@testing-library/user-event/dist/cjs/event/input.js:145:14)
      at editInputElement 
(node_modules/@testing-library/user-event/dist/cjs/event/input.js:115:9)
      at Object.input 
(node_modules/@testing-library/user-event/dist/cjs/event/input.js:37:9)
      at node_modules/@testing-library/user-event/dist/cjs/event/behavior/keypr
ess.js:31:26
      at Object.dispatchEvent (node_modules/@testing-library/user-event/dist/cj
s/event/dispatchEvent.js:41:13)
      at Object.dispatchUIEvent (node_modules/@testing-library/user-event/dist/
cjs/event/dispatchEvent.js:22:26)
      at KeyboardHost.keydown 
(node_modules/@testing-library/user-event/dist/cjs/system/keyboard.js:76:22)
      at keyboardAction 
(node_modules/@testing-library/user-event/dist/cjs/keyboard/index.js:22:35)
      at Object.keyboard 
(node_modules/@testing-library/user-event/dist/cjs/keyboard/index.js:11:15)
      at Object.type 
(node_modules/@testing-library/user-event/dist/cjs/utility/type.js:17:5)
      at Object.<anonymous> (src/auth/auth.test.tsx:401:9)

    console.error
      Warning: An update to LoginForm inside a test was not wrapped in 
act(...).
      
      When testing, code that causes React state updates should be wrapped 
into act(...):
      
      act(() => {
        /* fire events that update state */
      });
      /* assert on the output */
      
      This ensures that you're testing the behavior the user would see in the 
browser. Learn more at https://reactjs.org/link/wrap-tests-with-act
          at LoginForm (C:\Users\samhe\OneDrive\Desktop\Cleaned\frontend\src\au
th\LoginForm\LoginForm.tsx:41:33)
          at div
          at div
          at LoginPage
          at routeContext (C:\Users\samhe\OneDrive\Desktop\Cleaned\frontend\nod
e_modules\react-router\lib\hooks.tsx:658:26)
          at children (C:\Users\samhe\OneDrive\Desktop\Cleaned\frontend\node_mo
dules\react-router\lib\components.tsx:512:3)
          at basenameProp (C:\Users\samhe\OneDrive\Desktop\Cleaned\frontend\nod
e_modules\react-router\lib\components.tsx:421:13)
          at basename (C:\Users\samhe\OneDrive\Desktop\Cleaned\frontend\node_mo
dules\react-router\lib\components.tsx:225:3)

      141 |                         placeholder="Enter your password"
      142 |                         value={password}
    > 143 |                         onChange={(e) => 
setPassword(e.target.value)}
          |                                          ^
      144 |                         className="w-full rounded-md border 
border-gray-300 px-3 py-2 pr-10 text-sm focus:outline-none focus:ring-2 
focus:ring-gray-900 disabled:opacity-50"
      145 |                     />
      146 |                     <button

      at printWarning 
(node_modules/react-dom/cjs/react-dom.development.js:86:30)
      at error (node_modules/react-dom/cjs/react-dom.development.js:60:7)
      at warnIfUpdatesNotWrappedWithActDEV 
(node_modules/react-dom/cjs/react-dom.development.js:27628:9)
      at scheduleUpdateOnFiber 
(node_modules/react-dom/cjs/react-dom.development.js:25547:5)
      at dispatchSetState 
(node_modules/react-dom/cjs/react-dom.development.js:16708:7)
      at onChange (src/auth/LoginForm/LoginForm.tsx:143:42)
      at HTMLUnknownElement.callCallback 
(node_modules/react-dom/cjs/react-dom.development.js:4164:14)
      at HTMLUnknownElement.callTheUserObjectsOperation 
(node_modules/jsdom/lib/jsdom/living/generated/EventListener.js:26:30)
      at innerInvokeEventListeners 
(node_modules/jsdom/lib/jsdom/living/events/EventTarget-impl.js:350:25)
      at invokeEventListeners 
(node_modules/jsdom/lib/jsdom/living/events/EventTarget-impl.js:286:3)
      at HTMLUnknownElementImpl._dispatch 
(node_modules/jsdom/lib/jsdom/living/events/EventTarget-impl.js:233:9)
      at HTMLUnknownElementImpl.dispatchEvent 
(node_modules/jsdom/lib/jsdom/living/events/EventTarget-impl.js:104:17)
      at HTMLUnknownElement.dispatchEvent 
(node_modules/jsdom/lib/jsdom/living/generated/EventTarget.js:241:34)
      at Object.invokeGuardedCallbackDev 
(node_modules/react-dom/cjs/react-dom.development.js:4213:16)
      at invokeGuardedCallback 
(node_modules/react-dom/cjs/react-dom.development.js:4277:31)
      at invokeGuardedCallbackAndCatchFirstError 
(node_modules/react-dom/cjs/react-dom.development.js:4291:25)
      at executeDispatch 
(node_modules/react-dom/cjs/react-dom.development.js:9041:3)
      at processDispatchQueueItemsInOrder 
(node_modules/react-dom/cjs/react-dom.development.js:9073:7)
      at processDispatchQueue 
(node_modules/react-dom/cjs/react-dom.development.js:9086:5)
      at dispatchEventsForPlugins 
(node_modules/react-dom/cjs/react-dom.development.js:9097:3)
      at node_modules/react-dom/cjs/react-dom.development.js:9288:12
      at batchedUpdates$1 
(node_modules/react-dom/cjs/react-dom.development.js:26179:12)
      at batchedUpdates 
(node_modules/react-dom/cjs/react-dom.development.js:3991:12)
      at dispatchEventForPluginEventSystem 
(node_modules/react-dom/cjs/react-dom.development.js:9287:3)
      at dispatchEventWithEnableCapturePhaseSelectiveHydrationWithoutDiscreteEv
entReplay (node_modules/react-dom/cjs/react-dom.development.js:6465:5)
      at dispatchEvent 
(node_modules/react-dom/cjs/react-dom.development.js:6457:5)
      at dispatchDiscreteEvent 
(node_modules/react-dom/cjs/react-dom.development.js:6430:5)
      at HTMLDivElement.callTheUserObjectsOperation 
(node_modules/jsdom/lib/jsdom/living/generated/EventListener.js:26:30)
      at innerInvokeEventListeners 
(node_modules/jsdom/lib/jsdom/living/events/EventTarget-impl.js:350:25)
      at invokeEventListeners 
(node_modules/jsdom/lib/jsdom/living/events/EventTarget-impl.js:286:3)
      at HTMLInputElementImpl._dispatch 
(node_modules/jsdom/lib/jsdom/living/events/EventTarget-impl.js:233:9)
      at HTMLInputElementImpl.dispatchEvent 
(node_modules/jsdom/lib/jsdom/living/events/EventTarget-impl.js:104:17)
      at HTMLInputElement.dispatchEvent 
(node_modules/jsdom/lib/jsdom/living/generated/EventTarget.js:241:34)
      at 
node_modules/@testing-library/user-event/dist/cjs/event/dispatchEvent.js:45:43
      at Object.eventWrapper 
(node_modules/@testing-library/dom/dist/config.js:25:23)
      at Object.wrapEvent 
(node_modules/@testing-library/user-event/dist/cjs/event/wrapEvent.js:6:28)
      at Object.dispatchEvent (node_modules/@testing-library/user-event/dist/cj
s/event/dispatchEvent.js:45:22)
      at Object.dispatchUIEvent (node_modules/@testing-library/user-event/dist/
cjs/event/dispatchEvent.js:22:26)
      at commitInput 
(node_modules/@testing-library/user-event/dist/cjs/event/input.js:145:14)
      at editInputElement 
(node_modules/@testing-library/user-event/dist/cjs/event/input.js:115:9)
      at Object.input 
(node_modules/@testing-library/user-event/dist/cjs/event/input.js:37:9)
      at node_modules/@testing-library/user-event/dist/cjs/event/behavior/keypr
ess.js:31:26
      at Object.dispatchEvent (node_modules/@testing-library/user-event/dist/cj
s/event/dispatchEvent.js:41:13)
      at Object.dispatchUIEvent (node_modules/@testing-library/user-event/dist/
cjs/event/dispatchEvent.js:22:26)
      at KeyboardHost.keydown 
(node_modules/@testing-library/user-event/dist/cjs/system/keyboard.js:76:22)
      at keyboardAction 
(node_modules/@testing-library/user-event/dist/cjs/keyboard/index.js:22:35)
      at Object.keyboard 
(node_modules/@testing-library/user-event/dist/cjs/keyboard/index.js:11:15)
      at Object.type 
(node_modules/@testing-library/user-event/dist/cjs/utility/type.js:17:5)
      at Object.<anonymous> (src/auth/auth.test.tsx:401:9)

    console.error
      Warning: An update to LoginForm inside a test was not wrapped in 
act(...).
      
      When testing, code that causes React state updates should be wrapped 
into act(...):
      
      act(() => {
        /* fire events that update state */
      });
      /* assert on the output */
      
      This ensures that you're testing the behavior the user would see in the 
browser. Learn more at https://reactjs.org/link/wrap-tests-with-act
          at LoginForm (C:\Users\samhe\OneDrive\Desktop\Cleaned\frontend\src\au
th\LoginForm\LoginForm.tsx:41:33)
          at div
          at div
          at LoginPage
          at routeContext (C:\Users\samhe\OneDrive\Desktop\Cleaned\frontend\nod
e_modules\react-router\lib\hooks.tsx:658:26)
          at children (C:\Users\samhe\OneDrive\Desktop\Cleaned\frontend\node_mo
dules\react-router\lib\components.tsx:512:3)
          at basenameProp (C:\Users\samhe\OneDrive\Desktop\Cleaned\frontend\nod
e_modules\react-router\lib\components.tsx:421:13)
          at basename (C:\Users\samhe\OneDrive\Desktop\Cleaned\frontend\node_mo
dules\react-router\lib\components.tsx:225:3)

      141 |                         placeholder="Enter your password"
      142 |                         value={password}
    > 143 |                         onChange={(e) => 
setPassword(e.target.value)}
          |                                          ^
      144 |                         className="w-full rounded-md border 
border-gray-300 px-3 py-2 pr-10 text-sm focus:outline-none focus:ring-2 
focus:ring-gray-900 disabled:opacity-50"
      145 |                     />
      146 |                     <button

      at printWarning 
(node_modules/react-dom/cjs/react-dom.development.js:86:30)
      at error (node_modules/react-dom/cjs/react-dom.development.js:60:7)
      at warnIfUpdatesNotWrappedWithActDEV 
(node_modules/react-dom/cjs/react-dom.development.js:27628:9)
      at scheduleUpdateOnFiber 
(node_modules/react-dom/cjs/react-dom.development.js:25547:5)
      at dispatchSetState 
(node_modules/react-dom/cjs/react-dom.development.js:16708:7)
      at onChange (src/auth/LoginForm/LoginForm.tsx:143:42)
      at HTMLUnknownElement.callCallback 
(node_modules/react-dom/cjs/react-dom.development.js:4164:14)
      at HTMLUnknownElement.callTheUserObjectsOperation 
(node_modules/jsdom/lib/jsdom/living/generated/EventListener.js:26:30)
      at innerInvokeEventListeners 
(node_modules/jsdom/lib/jsdom/living/events/EventTarget-impl.js:350:25)
      at invokeEventListeners 
(node_modules/jsdom/lib/jsdom/living/events/EventTarget-impl.js:286:3)
      at HTMLUnknownElementImpl._dispatch 
(node_modules/jsdom/lib/jsdom/living/events/EventTarget-impl.js:233:9)
      at HTMLUnknownElementImpl.dispatchEvent 
(node_modules/jsdom/lib/jsdom/living/events/EventTarget-impl.js:104:17)
      at HTMLUnknownElement.dispatchEvent 
(node_modules/jsdom/lib/jsdom/living/generated/EventTarget.js:241:34)
      at Object.invokeGuardedCallbackDev 
(node_modules/react-dom/cjs/react-dom.development.js:4213:16)
      at invokeGuardedCallback 
(node_modules/react-dom/cjs/react-dom.development.js:4277:31)
      at invokeGuardedCallbackAndCatchFirstError 
(node_modules/react-dom/cjs/react-dom.development.js:4291:25)
      at executeDispatch 
(node_modules/react-dom/cjs/react-dom.development.js:9041:3)
      at processDispatchQueueItemsInOrder 
(node_modules/react-dom/cjs/react-dom.development.js:9073:7)
      at processDispatchQueue 
(node_modules/react-dom/cjs/react-dom.development.js:9086:5)
      at dispatchEventsForPlugins 
(node_modules/react-dom/cjs/react-dom.development.js:9097:3)
      at node_modules/react-dom/cjs/react-dom.development.js:9288:12
      at batchedUpdates$1 
(node_modules/react-dom/cjs/react-dom.development.js:26179:12)
      at batchedUpdates 
(node_modules/react-dom/cjs/react-dom.development.js:3991:12)
      at dispatchEventForPluginEventSystem 
(node_modules/react-dom/cjs/react-dom.development.js:9287:3)
      at dispatchEventWithEnableCapturePhaseSelectiveHydrationWithoutDiscreteEv
entReplay (node_modules/react-dom/cjs/react-dom.development.js:6465:5)
      at dispatchEvent 
(node_modules/react-dom/cjs/react-dom.development.js:6457:5)
      at dispatchDiscreteEvent 
(node_modules/react-dom/cjs/react-dom.development.js:6430:5)
      at HTMLDivElement.callTheUserObjectsOperation 
(node_modules/jsdom/lib/jsdom/living/generated/EventListener.js:26:30)
      at innerInvokeEventListeners 
(node_modules/jsdom/lib/jsdom/living/events/EventTarget-impl.js:350:25)
      at invokeEventListeners 
(node_modules/jsdom/lib/jsdom/living/events/EventTarget-impl.js:286:3)
      at HTMLInputElementImpl._dispatch 
(node_modules/jsdom/lib/jsdom/living/events/EventTarget-impl.js:233:9)
      at HTMLInputElementImpl.dispatchEvent 
(node_modules/jsdom/lib/jsdom/living/events/EventTarget-impl.js:104:17)
      at HTMLInputElement.dispatchEvent 
(node_modules/jsdom/lib/jsdom/living/generated/EventTarget.js:241:34)
      at 
node_modules/@testing-library/user-event/dist/cjs/event/dispatchEvent.js:45:43
      at Object.eventWrapper 
(node_modules/@testing-library/dom/dist/config.js:25:23)
      at Object.wrapEvent 
(node_modules/@testing-library/user-event/dist/cjs/event/wrapEvent.js:6:28)
      at Object.dispatchEvent (node_modules/@testing-library/user-event/dist/cj
s/event/dispatchEvent.js:45:22)
      at Object.dispatchUIEvent (node_modules/@testing-library/user-event/dist/
cjs/event/dispatchEvent.js:22:26)
      at commitInput 
(node_modules/@testing-library/user-event/dist/cjs/event/input.js:145:14)
      at editInputElement 
(node_modules/@testing-library/user-event/dist/cjs/event/input.js:115:9)
      at Object.input 
(node_modules/@testing-library/user-event/dist/cjs/event/input.js:37:9)
      at node_modules/@testing-library/user-event/dist/cjs/event/behavior/keypr
ess.js:31:26
      at Object.dispatchEvent (node_modules/@testing-library/user-event/dist/cj
s/event/dispatchEvent.js:41:13)
      at Object.dispatchUIEvent (node_modules/@testing-library/user-event/dist/
cjs/event/dispatchEvent.js:22:26)
      at KeyboardHost.keydown 
(node_modules/@testing-library/user-event/dist/cjs/system/keyboard.js:76:22)
      at keyboardAction 
(node_modules/@testing-library/user-event/dist/cjs/keyboard/index.js:22:35)
      at Object.keyboard 
(node_modules/@testing-library/user-event/dist/cjs/keyboard/index.js:11:15)
      at Object.type 
(node_modules/@testing-library/user-event/dist/cjs/utility/type.js:17:5)
      at Object.<anonymous> (src/auth/auth.test.tsx:401:9)

    console.error
      Warning: An update to LoginForm inside a test was not wrapped in 
act(...).
      
      When testing, code that causes React state updates should be wrapped 
into act(...):
      
      act(() => {
        /* fire events that update state */
      });
      /* assert on the output */
      
      This ensures that you're testing the behavior the user would see in the 
browser. Learn more at https://reactjs.org/link/wrap-tests-with-act
          at LoginForm (C:\Users\samhe\OneDrive\Desktop\Cleaned\frontend\src\au
th\LoginForm\LoginForm.tsx:41:33)
          at div
          at div
          at LoginPage
          at routeContext (C:\Users\samhe\OneDrive\Desktop\Cleaned\frontend\nod
e_modules\react-router\lib\hooks.tsx:658:26)
          at children (C:\Users\samhe\OneDrive\Desktop\Cleaned\frontend\node_mo
dules\react-router\lib\components.tsx:512:3)
          at basenameProp (C:\Users\samhe\OneDrive\Desktop\Cleaned\frontend\nod
e_modules\react-router\lib\components.tsx:421:13)
          at basename (C:\Users\samhe\OneDrive\Desktop\Cleaned\frontend\node_mo
dules\react-router\lib\components.tsx:225:3)

      141 |                         placeholder="Enter your password"
      142 |                         value={password}
    > 143 |                         onChange={(e) => 
setPassword(e.target.value)}
          |                                          ^
      144 |                         className="w-full rounded-md border 
border-gray-300 px-3 py-2 pr-10 text-sm focus:outline-none focus:ring-2 
focus:ring-gray-900 disabled:opacity-50"
      145 |                     />
      146 |                     <button

      at printWarning 
(node_modules/react-dom/cjs/react-dom.development.js:86:30)
      at error (node_modules/react-dom/cjs/react-dom.development.js:60:7)
      at warnIfUpdatesNotWrappedWithActDEV 
(node_modules/react-dom/cjs/react-dom.development.js:27628:9)
      at scheduleUpdateOnFiber 
(node_modules/react-dom/cjs/react-dom.development.js:25547:5)
      at dispatchSetState 
(node_modules/react-dom/cjs/react-dom.development.js:16708:7)
      at onChange (src/auth/LoginForm/LoginForm.tsx:143:42)
      at HTMLUnknownElement.callCallback 
(node_modules/react-dom/cjs/react-dom.development.js:4164:14)
      at HTMLUnknownElement.callTheUserObjectsOperation 
(node_modules/jsdom/lib/jsdom/living/generated/EventListener.js:26:30)
      at innerInvokeEventListeners 
(node_modules/jsdom/lib/jsdom/living/events/EventTarget-impl.js:350:25)
      at invokeEventListeners 
(node_modules/jsdom/lib/jsdom/living/events/EventTarget-impl.js:286:3)
      at HTMLUnknownElementImpl._dispatch 
(node_modules/jsdom/lib/jsdom/living/events/EventTarget-impl.js:233:9)
      at HTMLUnknownElementImpl.dispatchEvent 
(node_modules/jsdom/lib/jsdom/living/events/EventTarget-impl.js:104:17)
      at HTMLUnknownElement.dispatchEvent 
(node_modules/jsdom/lib/jsdom/living/generated/EventTarget.js:241:34)
      at Object.invokeGuardedCallbackDev 
(node_modules/react-dom/cjs/react-dom.development.js:4213:16)
      at invokeGuardedCallback 
(node_modules/react-dom/cjs/react-dom.development.js:4277:31)
      at invokeGuardedCallbackAndCatchFirstError 
(node_modules/react-dom/cjs/react-dom.development.js:4291:25)
      at executeDispatch 
(node_modules/react-dom/cjs/react-dom.development.js:9041:3)
      at processDispatchQueueItemsInOrder 
(node_modules/react-dom/cjs/react-dom.development.js:9073:7)
      at processDispatchQueue 
(node_modules/react-dom/cjs/react-dom.development.js:9086:5)
      at dispatchEventsForPlugins 
(node_modules/react-dom/cjs/react-dom.development.js:9097:3)
      at node_modules/react-dom/cjs/react-dom.development.js:9288:12
      at batchedUpdates$1 
(node_modules/react-dom/cjs/react-dom.development.js:26179:12)
      at batchedUpdates 
(node_modules/react-dom/cjs/react-dom.development.js:3991:12)
      at dispatchEventForPluginEventSystem 
(node_modules/react-dom/cjs/react-dom.development.js:9287:3)
      at dispatchEventWithEnableCapturePhaseSelectiveHydrationWithoutDiscreteEv
entReplay (node_modules/react-dom/cjs/react-dom.development.js:6465:5)
      at dispatchEvent 
(node_modules/react-dom/cjs/react-dom.development.js:6457:5)
      at dispatchDiscreteEvent 
(node_modules/react-dom/cjs/react-dom.development.js:6430:5)
      at HTMLDivElement.callTheUserObjectsOperation 
(node_modules/jsdom/lib/jsdom/living/generated/EventListener.js:26:30)
      at innerInvokeEventListeners 
(node_modules/jsdom/lib/jsdom/living/events/EventTarget-impl.js:350:25)
      at invokeEventListeners 
(node_modules/jsdom/lib/jsdom/living/events/EventTarget-impl.js:286:3)
      at HTMLInputElementImpl._dispatch 
(node_modules/jsdom/lib/jsdom/living/events/EventTarget-impl.js:233:9)
      at HTMLInputElementImpl.dispatchEvent 
(node_modules/jsdom/lib/jsdom/living/events/EventTarget-impl.js:104:17)
      at HTMLInputElement.dispatchEvent 
(node_modules/jsdom/lib/jsdom/living/generated/EventTarget.js:241:34)
      at 
node_modules/@testing-library/user-event/dist/cjs/event/dispatchEvent.js:45:43
      at Object.eventWrapper 
(node_modules/@testing-library/dom/dist/config.js:25:23)
      at Object.wrapEvent 
(node_modules/@testing-library/user-event/dist/cjs/event/wrapEvent.js:6:28)
      at Object.dispatchEvent (node_modules/@testing-library/user-event/dist/cj
s/event/dispatchEvent.js:45:22)
      at Object.dispatchUIEvent (node_modules/@testing-library/user-event/dist/
cjs/event/dispatchEvent.js:22:26)
      at commitInput 
(node_modules/@testing-library/user-event/dist/cjs/event/input.js:145:14)
      at editInputElement 
(node_modules/@testing-library/user-event/dist/cjs/event/input.js:115:9)
      at Object.input 
(node_modules/@testing-library/user-event/dist/cjs/event/input.js:37:9)
      at node_modules/@testing-library/user-event/dist/cjs/event/behavior/keypr
ess.js:31:26
      at Object.dispatchEvent (node_modules/@testing-library/user-event/dist/cj
s/event/dispatchEvent.js:41:13)
      at Object.dispatchUIEvent (node_modules/@testing-library/user-event/dist/
cjs/event/dispatchEvent.js:22:26)
      at KeyboardHost.keydown 
(node_modules/@testing-library/user-event/dist/cjs/system/keyboard.js:76:22)
      at keyboardAction 
(node_modules/@testing-library/user-event/dist/cjs/keyboard/index.js:22:35)
      at Object.keyboard 
(node_modules/@testing-library/user-event/dist/cjs/keyboard/index.js:11:15)
      at Object.type 
(node_modules/@testing-library/user-event/dist/cjs/utility/type.js:17:5)
      at Object.<anonymous> (src/auth/auth.test.tsx:401:9)

    console.error
      Warning: An update to LoginForm inside a test was not wrapped in 
act(...).
      
      When testing, code that causes React state updates should be wrapped 
into act(...):
      
      act(() => {
        /* fire events that update state */
      });
      /* assert on the output */
      
      This ensures that you're testing the behavior the user would see in the 
browser. Learn more at https://reactjs.org/link/wrap-tests-with-act
          at LoginForm (C:\Users\samhe\OneDrive\Desktop\Cleaned\frontend\src\au
th\LoginForm\LoginForm.tsx:41:33)
          at div
          at div
          at LoginPage
          at routeContext (C:\Users\samhe\OneDrive\Desktop\Cleaned\frontend\nod
e_modules\react-router\lib\hooks.tsx:658:26)
          at children (C:\Users\samhe\OneDrive\Desktop\Cleaned\frontend\node_mo
dules\react-router\lib\components.tsx:512:3)
          at basenameProp (C:\Users\samhe\OneDrive\Desktop\Cleaned\frontend\nod
e_modules\react-router\lib\components.tsx:421:13)
          at basename (C:\Users\samhe\OneDrive\Desktop\Cleaned\frontend\node_mo
dules\react-router\lib\components.tsx:225:3)

      141 |                         placeholder="Enter your password"
      142 |                         value={password}
    > 143 |                         onChange={(e) => 
setPassword(e.target.value)}
          |                                          ^
      144 |                         className="w-full rounded-md border 
border-gray-300 px-3 py-2 pr-10 text-sm focus:outline-none focus:ring-2 
focus:ring-gray-900 disabled:opacity-50"
      145 |                     />
      146 |                     <button

      at printWarning 
(node_modules/react-dom/cjs/react-dom.development.js:86:30)
      at error (node_modules/react-dom/cjs/react-dom.development.js:60:7)
      at warnIfUpdatesNotWrappedWithActDEV 
(node_modules/react-dom/cjs/react-dom.development.js:27628:9)
      at scheduleUpdateOnFiber 
(node_modules/react-dom/cjs/react-dom.development.js:25547:5)
      at dispatchSetState 
(node_modules/react-dom/cjs/react-dom.development.js:16708:7)
      at onChange (src/auth/LoginForm/LoginForm.tsx:143:42)
      at HTMLUnknownElement.callCallback 
(node_modules/react-dom/cjs/react-dom.development.js:4164:14)
      at HTMLUnknownElement.callTheUserObjectsOperation 
(node_modules/jsdom/lib/jsdom/living/generated/EventListener.js:26:30)
      at innerInvokeEventListeners 
(node_modules/jsdom/lib/jsdom/living/events/EventTarget-impl.js:350:25)
      at invokeEventListeners 
(node_modules/jsdom/lib/jsdom/living/events/EventTarget-impl.js:286:3)
      at HTMLUnknownElementImpl._dispatch 
(node_modules/jsdom/lib/jsdom/living/events/EventTarget-impl.js:233:9)
      at HTMLUnknownElementImpl.dispatchEvent 
(node_modules/jsdom/lib/jsdom/living/events/EventTarget-impl.js:104:17)
      at HTMLUnknownElement.dispatchEvent 
(node_modules/jsdom/lib/jsdom/living/generated/EventTarget.js:241:34)
      at Object.invokeGuardedCallbackDev 
(node_modules/react-dom/cjs/react-dom.development.js:4213:16)
      at invokeGuardedCallback 
(node_modules/react-dom/cjs/react-dom.development.js:4277:31)
      at invokeGuardedCallbackAndCatchFirstError 
(node_modules/react-dom/cjs/react-dom.development.js:4291:25)
      at executeDispatch 
(node_modules/react-dom/cjs/react-dom.development.js:9041:3)
      at processDispatchQueueItemsInOrder 
(node_modules/react-dom/cjs/react-dom.development.js:9073:7)
      at processDispatchQueue 
(node_modules/react-dom/cjs/react-dom.development.js:9086:5)
      at dispatchEventsForPlugins 
(node_modules/react-dom/cjs/react-dom.development.js:9097:3)
      at node_modules/react-dom/cjs/react-dom.development.js:9288:12
      at batchedUpdates$1 
(node_modules/react-dom/cjs/react-dom.development.js:26179:12)
      at batchedUpdates 
(node_modules/react-dom/cjs/react-dom.development.js:3991:12)
      at dispatchEventForPluginEventSystem 
(node_modules/react-dom/cjs/react-dom.development.js:9287:3)
      at dispatchEventWithEnableCapturePhaseSelectiveHydrationWithoutDiscreteEv
entReplay (node_modules/react-dom/cjs/react-dom.development.js:6465:5)
      at dispatchEvent 
(node_modules/react-dom/cjs/react-dom.development.js:6457:5)
      at dispatchDiscreteEvent 
(node_modules/react-dom/cjs/react-dom.development.js:6430:5)
      at HTMLDivElement.callTheUserObjectsOperation 
(node_modules/jsdom/lib/jsdom/living/generated/EventListener.js:26:30)
      at innerInvokeEventListeners 
(node_modules/jsdom/lib/jsdom/living/events/EventTarget-impl.js:350:25)
      at invokeEventListeners 
(node_modules/jsdom/lib/jsdom/living/events/EventTarget-impl.js:286:3)
      at HTMLInputElementImpl._dispatch 
(node_modules/jsdom/lib/jsdom/living/events/EventTarget-impl.js:233:9)
      at HTMLInputElementImpl.dispatchEvent 
(node_modules/jsdom/lib/jsdom/living/events/EventTarget-impl.js:104:17)
      at HTMLInputElement.dispatchEvent 
(node_modules/jsdom/lib/jsdom/living/generated/EventTarget.js:241:34)
      at 
node_modules/@testing-library/user-event/dist/cjs/event/dispatchEvent.js:45:43
      at Object.eventWrapper 
(node_modules/@testing-library/dom/dist/config.js:25:23)
      at Object.wrapEvent 
(node_modules/@testing-library/user-event/dist/cjs/event/wrapEvent.js:6:28)
      at Object.dispatchEvent (node_modules/@testing-library/user-event/dist/cj
s/event/dispatchEvent.js:45:22)
      at Object.dispatchUIEvent (node_modules/@testing-library/user-event/dist/
cjs/event/dispatchEvent.js:22:26)
      at commitInput 
(node_modules/@testing-library/user-event/dist/cjs/event/input.js:145:14)
      at editInputElement 
(node_modules/@testing-library/user-event/dist/cjs/event/input.js:115:9)
      at Object.input 
(node_modules/@testing-library/user-event/dist/cjs/event/input.js:37:9)
      at node_modules/@testing-library/user-event/dist/cjs/event/behavior/keypr
ess.js:31:26
      at Object.dispatchEvent (node_modules/@testing-library/user-event/dist/cj
s/event/dispatchEvent.js:41:13)
      at Object.dispatchUIEvent (node_modules/@testing-library/user-event/dist/
cjs/event/dispatchEvent.js:22:26)
      at KeyboardHost.keydown 
(node_modules/@testing-library/user-event/dist/cjs/system/keyboard.js:76:22)
      at keyboardAction 
(node_modules/@testing-library/user-event/dist/cjs/keyboard/index.js:22:35)
      at Object.keyboard 
(node_modules/@testing-library/user-event/dist/cjs/keyboard/index.js:11:15)
      at Object.type 
(node_modules/@testing-library/user-event/dist/cjs/utility/type.js:17:5)
      at Object.<anonymous> (src/auth/auth.test.tsx:401:9)

    console.error
      Warning: An update to LoginForm inside a test was not wrapped in 
act(...).
      
      When testing, code that causes React state updates should be wrapped 
into act(...):
      
      act(() => {
        /* fire events that update state */
      });
      /* assert on the output */
      
      This ensures that you're testing the behavior the user would see in the 
browser. Learn more at https://reactjs.org/link/wrap-tests-with-act
          at LoginForm (C:\Users\samhe\OneDrive\Desktop\Cleaned\frontend\src\au
th\LoginForm\LoginForm.tsx:41:33)
          at div
          at div
          at LoginPage
          at routeContext (C:\Users\samhe\OneDrive\Desktop\Cleaned\frontend\nod
e_modules\react-router\lib\hooks.tsx:658:26)
          at children (C:\Users\samhe\OneDrive\Desktop\Cleaned\frontend\node_mo
dules\react-router\lib\components.tsx:512:3)
          at basenameProp (C:\Users\samhe\OneDrive\Desktop\Cleaned\frontend\nod
e_modules\react-router\lib\components.tsx:421:13)
          at basename (C:\Users\samhe\OneDrive\Desktop\Cleaned\frontend\node_mo
dules\react-router\lib\components.tsx:225:3)

      141 |                         placeholder="Enter your password"
      142 |                         value={password}
    > 143 |                         onChange={(e) => 
setPassword(e.target.value)}
          |                                          ^
      144 |                         className="w-full rounded-md border 
border-gray-300 px-3 py-2 pr-10 text-sm focus:outline-none focus:ring-2 
focus:ring-gray-900 disabled:opacity-50"
      145 |                     />
      146 |                     <button

      at printWarning 
(node_modules/react-dom/cjs/react-dom.development.js:86:30)
      at error (node_modules/react-dom/cjs/react-dom.development.js:60:7)
      at warnIfUpdatesNotWrappedWithActDEV 
(node_modules/react-dom/cjs/react-dom.development.js:27628:9)
      at scheduleUpdateOnFiber 
(node_modules/react-dom/cjs/react-dom.development.js:25547:5)
      at dispatchSetState 
(node_modules/react-dom/cjs/react-dom.development.js:16708:7)
      at onChange (src/auth/LoginForm/LoginForm.tsx:143:42)
      at HTMLUnknownElement.callCallback 
(node_modules/react-dom/cjs/react-dom.development.js:4164:14)
      at HTMLUnknownElement.callTheUserObjectsOperation 
(node_modules/jsdom/lib/jsdom/living/generated/EventListener.js:26:30)
      at innerInvokeEventListeners 
(node_modules/jsdom/lib/jsdom/living/events/EventTarget-impl.js:350:25)
      at invokeEventListeners 
(node_modules/jsdom/lib/jsdom/living/events/EventTarget-impl.js:286:3)
      at HTMLUnknownElementImpl._dispatch 
(node_modules/jsdom/lib/jsdom/living/events/EventTarget-impl.js:233:9)
      at HTMLUnknownElementImpl.dispatchEvent 
(node_modules/jsdom/lib/jsdom/living/events/EventTarget-impl.js:104:17)
      at HTMLUnknownElement.dispatchEvent 
(node_modules/jsdom/lib/jsdom/living/generated/EventTarget.js:241:34)
      at Object.invokeGuardedCallbackDev 
(node_modules/react-dom/cjs/react-dom.development.js:4213:16)
      at invokeGuardedCallback 
(node_modules/react-dom/cjs/react-dom.development.js:4277:31)
      at invokeGuardedCallbackAndCatchFirstError 
(node_modules/react-dom/cjs/react-dom.development.js:4291:25)
      at executeDispatch 
(node_modules/react-dom/cjs/react-dom.development.js:9041:3)
      at processDispatchQueueItemsInOrder 
(node_modules/react-dom/cjs/react-dom.development.js:9073:7)
      at processDispatchQueue 
(node_modules/react-dom/cjs/react-dom.development.js:9086:5)
      at dispatchEventsForPlugins 
(node_modules/react-dom/cjs/react-dom.development.js:9097:3)
      at node_modules/react-dom/cjs/react-dom.development.js:9288:12
      at batchedUpdates$1 
(node_modules/react-dom/cjs/react-dom.development.js:26179:12)
      at batchedUpdates 
(node_modules/react-dom/cjs/react-dom.development.js:3991:12)
      at dispatchEventForPluginEventSystem 
(node_modules/react-dom/cjs/react-dom.development.js:9287:3)
      at dispatchEventWithEnableCapturePhaseSelectiveHydrationWithoutDiscreteEv
entReplay (node_modules/react-dom/cjs/react-dom.development.js:6465:5)
      at dispatchEvent 
(node_modules/react-dom/cjs/react-dom.development.js:6457:5)
      at dispatchDiscreteEvent 
(node_modules/react-dom/cjs/react-dom.development.js:6430:5)
      at HTMLDivElement.callTheUserObjectsOperation 
(node_modules/jsdom/lib/jsdom/living/generated/EventListener.js:26:30)
      at innerInvokeEventListeners 
(node_modules/jsdom/lib/jsdom/living/events/EventTarget-impl.js:350:25)
      at invokeEventListeners 
(node_modules/jsdom/lib/jsdom/living/events/EventTarget-impl.js:286:3)
      at HTMLInputElementImpl._dispatch 
(node_modules/jsdom/lib/jsdom/living/events/EventTarget-impl.js:233:9)
      at HTMLInputElementImpl.dispatchEvent 
(node_modules/jsdom/lib/jsdom/living/events/EventTarget-impl.js:104:17)
      at HTMLInputElement.dispatchEvent 
(node_modules/jsdom/lib/jsdom/living/generated/EventTarget.js:241:34)
      at 
node_modules/@testing-library/user-event/dist/cjs/event/dispatchEvent.js:45:43
      at Object.eventWrapper 
(node_modules/@testing-library/dom/dist/config.js:25:23)
      at Object.wrapEvent 
(node_modules/@testing-library/user-event/dist/cjs/event/wrapEvent.js:6:28)
      at Object.dispatchEvent (node_modules/@testing-library/user-event/dist/cj
s/event/dispatchEvent.js:45:22)
      at Object.dispatchUIEvent (node_modules/@testing-library/user-event/dist/
cjs/event/dispatchEvent.js:22:26)
      at commitInput 
(node_modules/@testing-library/user-event/dist/cjs/event/input.js:145:14)
      at editInputElement 
(node_modules/@testing-library/user-event/dist/cjs/event/input.js:115:9)
      at Object.input 
(node_modules/@testing-library/user-event/dist/cjs/event/input.js:37:9)
      at node_modules/@testing-library/user-event/dist/cjs/event/behavior/keypr
ess.js:31:26
      at Object.dispatchEvent (node_modules/@testing-library/user-event/dist/cj
s/event/dispatchEvent.js:41:13)
      at Object.dispatchUIEvent (node_modules/@testing-library/user-event/dist/
cjs/event/dispatchEvent.js:22:26)
      at KeyboardHost.keydown 
(node_modules/@testing-library/user-event/dist/cjs/system/keyboard.js:76:22)
      at keyboardAction 
(node_modules/@testing-library/user-event/dist/cjs/keyboard/index.js:22:35)
      at Object.keyboard 
(node_modules/@testing-library/user-event/dist/cjs/keyboard/index.js:11:15)
      at Object.type 
(node_modules/@testing-library/user-event/dist/cjs/utility/type.js:17:5)
      at Object.<anonymous> (src/auth/auth.test.tsx:401:9)

    console.error
      Warning: An update to LoginForm inside a test was not wrapped in 
act(...).
      
      When testing, code that causes React state updates should be wrapped 
into act(...):
      
      act(() => {
        /* fire events that update state */
      });
      /* assert on the output */
      
      This ensures that you're testing the behavior the user would see in the 
browser. Learn more at https://reactjs.org/link/wrap-tests-with-act
          at LoginForm (C:\Users\samhe\OneDrive\Desktop\Cleaned\frontend\src\au
th\LoginForm\LoginForm.tsx:41:33)
          at div
          at div
          at LoginPage
          at routeContext (C:\Users\samhe\OneDrive\Desktop\Cleaned\frontend\nod
e_modules\react-router\lib\hooks.tsx:658:26)
          at children (C:\Users\samhe\OneDrive\Desktop\Cleaned\frontend\node_mo
dules\react-router\lib\components.tsx:512:3)
          at basenameProp (C:\Users\samhe\OneDrive\Desktop\Cleaned\frontend\nod
e_modules\react-router\lib\components.tsx:421:13)
          at basename (C:\Users\samhe\OneDrive\Desktop\Cleaned\frontend\node_mo
dules\react-router\lib\components.tsx:225:3)

      141 |                         placeholder="Enter your password"
      142 |                         value={password}
    > 143 |                         onChange={(e) => 
setPassword(e.target.value)}
          |                                          ^
      144 |                         className="w-full rounded-md border 
border-gray-300 px-3 py-2 pr-10 text-sm focus:outline-none focus:ring-2 
focus:ring-gray-900 disabled:opacity-50"
      145 |                     />
      146 |                     <button

      at printWarning 
(node_modules/react-dom/cjs/react-dom.development.js:86:30)
      at error (node_modules/react-dom/cjs/react-dom.development.js:60:7)
      at warnIfUpdatesNotWrappedWithActDEV 
(node_modules/react-dom/cjs/react-dom.development.js:27628:9)
      at scheduleUpdateOnFiber 
(node_modules/react-dom/cjs/react-dom.development.js:25547:5)
      at dispatchSetState 
(node_modules/react-dom/cjs/react-dom.development.js:16708:7)
      at onChange (src/auth/LoginForm/LoginForm.tsx:143:42)
      at HTMLUnknownElement.callCallback 
(node_modules/react-dom/cjs/react-dom.development.js:4164:14)
      at HTMLUnknownElement.callTheUserObjectsOperation 
(node_modules/jsdom/lib/jsdom/living/generated/EventListener.js:26:30)
      at innerInvokeEventListeners 
(node_modules/jsdom/lib/jsdom/living/events/EventTarget-impl.js:350:25)
      at invokeEventListeners 
(node_modules/jsdom/lib/jsdom/living/events/EventTarget-impl.js:286:3)
      at HTMLUnknownElementImpl._dispatch 
(node_modules/jsdom/lib/jsdom/living/events/EventTarget-impl.js:233:9)
      at HTMLUnknownElementImpl.dispatchEvent 
(node_modules/jsdom/lib/jsdom/living/events/EventTarget-impl.js:104:17)
      at HTMLUnknownElement.dispatchEvent 
(node_modules/jsdom/lib/jsdom/living/generated/EventTarget.js:241:34)
      at Object.invokeGuardedCallbackDev 
(node_modules/react-dom/cjs/react-dom.development.js:4213:16)
      at invokeGuardedCallback 
(node_modules/react-dom/cjs/react-dom.development.js:4277:31)
      at invokeGuardedCallbackAndCatchFirstError 
(node_modules/react-dom/cjs/react-dom.development.js:4291:25)
      at executeDispatch 
(node_modules/react-dom/cjs/react-dom.development.js:9041:3)
      at processDispatchQueueItemsInOrder 
(node_modules/react-dom/cjs/react-dom.development.js:9073:7)
      at processDispatchQueue 
(node_modules/react-dom/cjs/react-dom.development.js:9086:5)
      at dispatchEventsForPlugins 
(node_modules/react-dom/cjs/react-dom.development.js:9097:3)
      at node_modules/react-dom/cjs/react-dom.development.js:9288:12
      at batchedUpdates$1 
(node_modules/react-dom/cjs/react-dom.development.js:26179:12)
      at batchedUpdates 
(node_modules/react-dom/cjs/react-dom.development.js:3991:12)
      at dispatchEventForPluginEventSystem 
(node_modules/react-dom/cjs/react-dom.development.js:9287:3)
      at dispatchEventWithEnableCapturePhaseSelectiveHydrationWithoutDiscreteEv
entReplay (node_modules/react-dom/cjs/react-dom.development.js:6465:5)
      at dispatchEvent 
(node_modules/react-dom/cjs/react-dom.development.js:6457:5)
      at dispatchDiscreteEvent 
(node_modules/react-dom/cjs/react-dom.development.js:6430:5)
      at HTMLDivElement.callTheUserObjectsOperation 
(node_modules/jsdom/lib/jsdom/living/generated/EventListener.js:26:30)
      at innerInvokeEventListeners 
(node_modules/jsdom/lib/jsdom/living/events/EventTarget-impl.js:350:25)
      at invokeEventListeners 
(node_modules/jsdom/lib/jsdom/living/events/EventTarget-impl.js:286:3)
      at HTMLInputElementImpl._dispatch 
(node_modules/jsdom/lib/jsdom/living/events/EventTarget-impl.js:233:9)
      at HTMLInputElementImpl.dispatchEvent 
(node_modules/jsdom/lib/jsdom/living/events/EventTarget-impl.js:104:17)
      at HTMLInputElement.dispatchEvent 
(node_modules/jsdom/lib/jsdom/living/generated/EventTarget.js:241:34)
      at 
node_modules/@testing-library/user-event/dist/cjs/event/dispatchEvent.js:45:43
      at Object.eventWrapper 
(node_modules/@testing-library/dom/dist/config.js:25:23)
      at Object.wrapEvent 
(node_modules/@testing-library/user-event/dist/cjs/event/wrapEvent.js:6:28)
      at Object.dispatchEvent (node_modules/@testing-library/user-event/dist/cj
s/event/dispatchEvent.js:45:22)
      at Object.dispatchUIEvent (node_modules/@testing-library/user-event/dist/
cjs/event/dispatchEvent.js:22:26)
      at commitInput 
(node_modules/@testing-library/user-event/dist/cjs/event/input.js:145:14)
      at editInputElement 
(node_modules/@testing-library/user-event/dist/cjs/event/input.js:115:9)
      at Object.input 
(node_modules/@testing-library/user-event/dist/cjs/event/input.js:37:9)
      at node_modules/@testing-library/user-event/dist/cjs/event/behavior/keypr
ess.js:31:26
      at Object.dispatchEvent (node_modules/@testing-library/user-event/dist/cj
s/event/dispatchEvent.js:41:13)
      at Object.dispatchUIEvent (node_modules/@testing-library/user-event/dist/
cjs/event/dispatchEvent.js:22:26)
      at KeyboardHost.keydown 
(node_modules/@testing-library/user-event/dist/cjs/system/keyboard.js:76:22)
      at keyboardAction 
(node_modules/@testing-library/user-event/dist/cjs/keyboard/index.js:22:35)
      at Object.keyboard 
(node_modules/@testing-library/user-event/dist/cjs/keyboard/index.js:11:15)
      at Object.type 
(node_modules/@testing-library/user-event/dist/cjs/utility/type.js:17:5)
      at Object.<anonymous> (src/auth/auth.test.tsx:401:9)

    console.error
      Warning: An update to LoginForm inside a test was not wrapped in 
act(...).
      
      When testing, code that causes React state updates should be wrapped 
into act(...):
      
      act(() => {
        /* fire events that update state */
      });
      /* assert on the output */
      
      This ensures that you're testing the behavior the user would see in the 
browser. Learn more at https://reactjs.org/link/wrap-tests-with-act
          at LoginForm (C:\Users\samhe\OneDrive\Desktop\Cleaned\frontend\src\au
th\LoginForm\LoginForm.tsx:41:33)
          at div
          at div
          at LoginPage
          at routeContext (C:\Users\samhe\OneDrive\Desktop\Cleaned\frontend\nod
e_modules\react-router\lib\hooks.tsx:658:26)
          at children (C:\Users\samhe\OneDrive\Desktop\Cleaned\frontend\node_mo
dules\react-router\lib\components.tsx:512:3)
          at basenameProp (C:\Users\samhe\OneDrive\Desktop\Cleaned\frontend\nod
e_modules\react-router\lib\components.tsx:421:13)
          at basename (C:\Users\samhe\OneDrive\Desktop\Cleaned\frontend\node_mo
dules\react-router\lib\components.tsx:225:3)

      141 |                         placeholder="Enter your password"
      142 |                         value={password}
    > 143 |                         onChange={(e) => 
setPassword(e.target.value)}
          |                                          ^
      144 |                         className="w-full rounded-md border 
border-gray-300 px-3 py-2 pr-10 text-sm focus:outline-none focus:ring-2 
focus:ring-gray-900 disabled:opacity-50"
      145 |                     />
      146 |                     <button

      at printWarning 
(node_modules/react-dom/cjs/react-dom.development.js:86:30)
      at error (node_modules/react-dom/cjs/react-dom.development.js:60:7)
      at warnIfUpdatesNotWrappedWithActDEV 
(node_modules/react-dom/cjs/react-dom.development.js:27628:9)
      at scheduleUpdateOnFiber 
(node_modules/react-dom/cjs/react-dom.development.js:25547:5)
      at dispatchSetState 
(node_modules/react-dom/cjs/react-dom.development.js:16708:7)
      at onChange (src/auth/LoginForm/LoginForm.tsx:143:42)
      at HTMLUnknownElement.callCallback 
(node_modules/react-dom/cjs/react-dom.development.js:4164:14)
      at HTMLUnknownElement.callTheUserObjectsOperation 
(node_modules/jsdom/lib/jsdom/living/generated/EventListener.js:26:30)
      at innerInvokeEventListeners 
(node_modules/jsdom/lib/jsdom/living/events/EventTarget-impl.js:350:25)
      at invokeEventListeners 
(node_modules/jsdom/lib/jsdom/living/events/EventTarget-impl.js:286:3)
      at HTMLUnknownElementImpl._dispatch 
(node_modules/jsdom/lib/jsdom/living/events/EventTarget-impl.js:233:9)
      at HTMLUnknownElementImpl.dispatchEvent 
(node_modules/jsdom/lib/jsdom/living/events/EventTarget-impl.js:104:17)
      at HTMLUnknownElement.dispatchEvent 
(node_modules/jsdom/lib/jsdom/living/generated/EventTarget.js:241:34)
      at Object.invokeGuardedCallbackDev 
(node_modules/react-dom/cjs/react-dom.development.js:4213:16)
      at invokeGuardedCallback 
(node_modules/react-dom/cjs/react-dom.development.js:4277:31)
      at invokeGuardedCallbackAndCatchFirstError 
(node_modules/react-dom/cjs/react-dom.development.js:4291:25)
      at executeDispatch 
(node_modules/react-dom/cjs/react-dom.development.js:9041:3)
      at processDispatchQueueItemsInOrder 
(node_modules/react-dom/cjs/react-dom.development.js:9073:7)
      at processDispatchQueue 
(node_modules/react-dom/cjs/react-dom.development.js:9086:5)
      at dispatchEventsForPlugins 
(node_modules/react-dom/cjs/react-dom.development.js:9097:3)
      at node_modules/react-dom/cjs/react-dom.development.js:9288:12
      at batchedUpdates$1 
(node_modules/react-dom/cjs/react-dom.development.js:26179:12)
      at batchedUpdates 
(node_modules/react-dom/cjs/react-dom.development.js:3991:12)
      at dispatchEventForPluginEventSystem 
(node_modules/react-dom/cjs/react-dom.development.js:9287:3)
      at dispatchEventWithEnableCapturePhaseSelectiveHydrationWithoutDiscreteEv
entReplay (node_modules/react-dom/cjs/react-dom.development.js:6465:5)
      at dispatchEvent 
(node_modules/react-dom/cjs/react-dom.development.js:6457:5)
      at dispatchDiscreteEvent 
(node_modules/react-dom/cjs/react-dom.development.js:6430:5)
      at HTMLDivElement.callTheUserObjectsOperation 
(node_modules/jsdom/lib/jsdom/living/generated/EventListener.js:26:30)
      at innerInvokeEventListeners 
(node_modules/jsdom/lib/jsdom/living/events/EventTarget-impl.js:350:25)
      at invokeEventListeners 
(node_modules/jsdom/lib/jsdom/living/events/EventTarget-impl.js:286:3)
      at HTMLInputElementImpl._dispatch 
(node_modules/jsdom/lib/jsdom/living/events/EventTarget-impl.js:233:9)
      at HTMLInputElementImpl.dispatchEvent 
(node_modules/jsdom/lib/jsdom/living/events/EventTarget-impl.js:104:17)
      at HTMLInputElement.dispatchEvent 
(node_modules/jsdom/lib/jsdom/living/generated/EventTarget.js:241:34)
      at 
node_modules/@testing-library/user-event/dist/cjs/event/dispatchEvent.js:45:43
      at Object.eventWrapper 
(node_modules/@testing-library/dom/dist/config.js:25:23)
      at Object.wrapEvent 
(node_modules/@testing-library/user-event/dist/cjs/event/wrapEvent.js:6:28)
      at Object.dispatchEvent (node_modules/@testing-library/user-event/dist/cj
s/event/dispatchEvent.js:45:22)
      at Object.dispatchUIEvent (node_modules/@testing-library/user-event/dist/
cjs/event/dispatchEvent.js:22:26)
      at commitInput 
(node_modules/@testing-library/user-event/dist/cjs/event/input.js:145:14)
      at editInputElement 
(node_modules/@testing-library/user-event/dist/cjs/event/input.js:115:9)
      at Object.input 
(node_modules/@testing-library/user-event/dist/cjs/event/input.js:37:9)
      at node_modules/@testing-library/user-event/dist/cjs/event/behavior/keypr
ess.js:31:26
      at Object.dispatchEvent (node_modules/@testing-library/user-event/dist/cj
s/event/dispatchEvent.js:41:13)
      at Object.dispatchUIEvent (node_modules/@testing-library/user-event/dist/
cjs/event/dispatchEvent.js:22:26)
      at KeyboardHost.keydown 
(node_modules/@testing-library/user-event/dist/cjs/system/keyboard.js:76:22)
      at keyboardAction 
(node_modules/@testing-library/user-event/dist/cjs/keyboard/index.js:22:35)
      at Object.keyboard 
(node_modules/@testing-library/user-event/dist/cjs/keyboard/index.js:11:15)
      at Object.type 
(node_modules/@testing-library/user-event/dist/cjs/utility/type.js:17:5)
      at Object.<anonymous> (src/auth/auth.test.tsx:401:9)

    console.error
      Warning: An update to LoginForm inside a test was not wrapped in 
act(...).
      
      When testing, code that causes React state updates should be wrapped 
into act(...):
      
      act(() => {
        /* fire events that update state */
      });
      /* assert on the output */
      
      This ensures that you're testing the behavior the user would see in the 
browser. Learn more at https://reactjs.org/link/wrap-tests-with-act
          at LoginForm (C:\Users\samhe\OneDrive\Desktop\Cleaned\frontend\src\au
th\LoginForm\LoginForm.tsx:41:33)
          at div
          at div
          at LoginPage
          at routeContext (C:\Users\samhe\OneDrive\Desktop\Cleaned\frontend\nod
e_modules\react-router\lib\hooks.tsx:658:26)
          at children (C:\Users\samhe\OneDrive\Desktop\Cleaned\frontend\node_mo
dules\react-router\lib\components.tsx:512:3)
          at basenameProp (C:\Users\samhe\OneDrive\Desktop\Cleaned\frontend\nod
e_modules\react-router\lib\components.tsx:421:13)
          at basename (C:\Users\samhe\OneDrive\Desktop\Cleaned\frontend\node_mo
dules\react-router\lib\components.tsx:225:3)

      52 |     async function handleSubmit(e: React.FormEvent) {
      53 |         e.preventDefault()
    > 54 |         setError('')
         |         ^
      55 |
      56 |         // Client-side empty field validation (R-AUTH-EMPTY)
      57 |         if (!email.trim() || !password) {

      at printWarning 
(node_modules/react-dom/cjs/react-dom.development.js:86:30)
      at error (node_modules/react-dom/cjs/react-dom.development.js:60:7)
      at warnIfUpdatesNotWrappedWithActDEV 
(node_modules/react-dom/cjs/react-dom.development.js:27628:9)
      at scheduleUpdateOnFiber 
(node_modules/react-dom/cjs/react-dom.development.js:25547:5)
      at dispatchSetState 
(node_modules/react-dom/cjs/react-dom.development.js:16708:7)
      at handleSubmit (src/auth/LoginForm/LoginForm.tsx:54:9)
      at HTMLUnknownElement.callCallback 
(node_modules/react-dom/cjs/react-dom.development.js:4164:14)
      at HTMLUnknownElement.callTheUserObjectsOperation 
(node_modules/jsdom/lib/jsdom/living/generated/EventListener.js:26:30)
      at innerInvokeEventListeners 
(node_modules/jsdom/lib/jsdom/living/events/EventTarget-impl.js:350:25)
      at invokeEventListeners 
(node_modules/jsdom/lib/jsdom/living/events/EventTarget-impl.js:286:3)
      at HTMLUnknownElementImpl._dispatch 
(node_modules/jsdom/lib/jsdom/living/events/EventTarget-impl.js:233:9)
      at HTMLUnknownElementImpl.dispatchEvent 
(node_modules/jsdom/lib/jsdom/living/events/EventTarget-impl.js:104:17)
      at HTMLUnknownElement.dispatchEvent 
(node_modules/jsdom/lib/jsdom/living/generated/EventTarget.js:241:34)
      at Object.invokeGuardedCallbackDev 
(node_modules/react-dom/cjs/react-dom.development.js:4213:16)
      at invokeGuardedCallback 
(node_modules/react-dom/cjs/react-dom.development.js:4277:31)
      at invokeGuardedCallbackAndCatchFirstError 
(node_modules/react-dom/cjs/react-dom.development.js:4291:25)
      at executeDispatch 
(node_modules/react-dom/cjs/react-dom.development.js:9041:3)
      at processDispatchQueueItemsInOrder 
(node_modules/react-dom/cjs/react-dom.development.js:9073:7)
      at processDispatchQueue 
(node_modules/react-dom/cjs/react-dom.development.js:9086:5)
      at dispatchEventsForPlugins 
(node_modules/react-dom/cjs/react-dom.development.js:9097:3)
      at node_modules/react-dom/cjs/react-dom.development.js:9288:12
      at batchedUpdates$1 
(node_modules/react-dom/cjs/react-dom.development.js:26179:12)
      at batchedUpdates 
(node_modules/react-dom/cjs/react-dom.development.js:3991:12)
      at dispatchEventForPluginEventSystem 
(node_modules/react-dom/cjs/react-dom.development.js:9287:3)
      at dispatchEventWithEnableCapturePhaseSelectiveHydrationWithoutDiscreteEv
entReplay (node_modules/react-dom/cjs/react-dom.development.js:6465:5)
      at dispatchEvent 
(node_modules/react-dom/cjs/react-dom.development.js:6457:5)
      at dispatchDiscreteEvent 
(node_modules/react-dom/cjs/react-dom.development.js:6430:5)
      at HTMLDivElement.callTheUserObjectsOperation 
(node_modules/jsdom/lib/jsdom/living/generated/EventListener.js:26:30)
      at innerInvokeEventListeners 
(node_modules/jsdom/lib/jsdom/living/events/EventTarget-impl.js:350:25)
      at invokeEventListeners 
(node_modules/jsdom/lib/jsdom/living/events/EventTarget-impl.js:286:3)
      at HTMLFormElementImpl._dispatch 
(node_modules/jsdom/lib/jsdom/living/events/EventTarget-impl.js:233:9)
      at fireAnEvent 
(node_modules/jsdom/lib/jsdom/living/helpers/events.js:18:36)
      at HTMLFormElementImpl.requestSubmit 
(node_modules/jsdom/lib/jsdom/living/nodes/HTMLFormElement-impl.js:109:10)
      at HTMLFormElementImpl._doRequestSubmit 
(node_modules/jsdom/lib/jsdom/living/nodes/HTMLFormElement-impl.js:79:10)
      at HTMLButtonElementImpl._activationBehavior 
(node_modules/jsdom/lib/jsdom/living/nodes/HTMLButtonElement-impl.js:23:14)
      at HTMLButtonElementImpl._dispatch 
(node_modules/jsdom/lib/jsdom/living/events/EventTarget-impl.js:252:26)
      at HTMLButtonElementImpl.dispatchEvent 
(node_modules/jsdom/lib/jsdom/living/events/EventTarget-impl.js:104:17)
      at HTMLButtonElement.dispatchEvent 
(node_modules/jsdom/lib/jsdom/living/generated/EventTarget.js:241:34)
      at 
node_modules/@testing-library/user-event/dist/cjs/event/dispatchEvent.js:45:43
      at Object.eventWrapper 
(node_modules/@testing-library/dom/dist/config.js:25:23)
      at Object.wrapEvent 
(node_modules/@testing-library/user-event/dist/cjs/event/wrapEvent.js:6:28)
      at Object.dispatchEvent (node_modules/@testing-library/user-event/dist/cj
s/event/dispatchEvent.js:45:22)
      at Object.dispatchUIEvent (node_modules/@testing-library/user-event/dist/
cjs/event/dispatchEvent.js:22:26)
      at Mouse.up (node_modules/@testing-library/user-event/dist/cjs/system/poi
nter/mouse.js:100:30)
      at PointerHost.release (node_modules/@testing-library/user-event/dist/cjs
/system/pointer/index.js:87:24)
      at pointerAction 
(node_modules/@testing-library/user-event/dist/cjs/pointer/index.js:54:47)
      at Object.pointer 
(node_modules/@testing-library/user-event/dist/cjs/pointer/index.js:27:9)
      at Object.<anonymous> (src/auth/auth.test.tsx:402:9)

    console.error
      Warning: An update to LoginForm inside a test was not wrapped in 
act(...).
      
      When testing, code that causes React state updates should be wrapped 
into act(...):
      
      act(() => {
        /* fire events that update state */
      });
      /* assert on the output */
      
      This ensures that you're testing the behavior the user would see in the 
browser. Learn more at https://reactjs.org/link/wrap-tests-with-act
          at LoginForm (C:\Users\samhe\OneDrive\Desktop\Cleaned\frontend\src\au
th\LoginForm\LoginForm.tsx:41:33)
          at div
          at div
          at LoginPage
          at routeContext (C:\Users\samhe\OneDrive\Desktop\Cleaned\frontend\nod
e_modules\react-router\lib\hooks.tsx:658:26)
          at children (C:\Users\samhe\OneDrive\Desktop\Cleaned\frontend\node_mo
dules\react-router\lib\components.tsx:512:3)
          at basenameProp (C:\Users\samhe\OneDrive\Desktop\Cleaned\frontend\nod
e_modules\react-router\lib\components.tsx:421:13)
          at basename (C:\Users\samhe\OneDrive\Desktop\Cleaned\frontend\node_mo
dules\react-router\lib\components.tsx:225:3)

      60 |         }
      61 |
    > 62 |         setLoading(true)
         |         ^
      63 |
      64 |         try {
      65 |             const response = await apiPost<{ token: string; user: 
Record<string, unknown> }>(

      at printWarning 
(node_modules/react-dom/cjs/react-dom.development.js:86:30)
      at error (node_modules/react-dom/cjs/react-dom.development.js:60:7)
      at warnIfUpdatesNotWrappedWithActDEV 
(node_modules/react-dom/cjs/react-dom.development.js:27628:9)
      at scheduleUpdateOnFiber 
(node_modules/react-dom/cjs/react-dom.development.js:25547:5)
      at dispatchSetState 
(node_modules/react-dom/cjs/react-dom.development.js:16708:7)
      at handleSubmit (src/auth/LoginForm/LoginForm.tsx:62:9)
      at HTMLUnknownElement.callCallback 
(node_modules/react-dom/cjs/react-dom.development.js:4164:14)
      at HTMLUnknownElement.callTheUserObjectsOperation 
(node_modules/jsdom/lib/jsdom/living/generated/EventListener.js:26:30)
      at innerInvokeEventListeners 
(node_modules/jsdom/lib/jsdom/living/events/EventTarget-impl.js:350:25)
      at invokeEventListeners 
(node_modules/jsdom/lib/jsdom/living/events/EventTarget-impl.js:286:3)
      at HTMLUnknownElementImpl._dispatch 
(node_modules/jsdom/lib/jsdom/living/events/EventTarget-impl.js:233:9)
      at HTMLUnknownElementImpl.dispatchEvent 
(node_modules/jsdom/lib/jsdom/living/events/EventTarget-impl.js:104:17)
      at HTMLUnknownElement.dispatchEvent 
(node_modules/jsdom/lib/jsdom/living/generated/EventTarget.js:241:34)
      at Object.invokeGuardedCallbackDev 
(node_modules/react-dom/cjs/react-dom.development.js:4213:16)
      at invokeGuardedCallback 
(node_modules/react-dom/cjs/react-dom.development.js:4277:31)
      at invokeGuardedCallbackAndCatchFirstError 
(node_modules/react-dom/cjs/react-dom.development.js:4291:25)
      at executeDispatch 
(node_modules/react-dom/cjs/react-dom.development.js:9041:3)
      at processDispatchQueueItemsInOrder 
(node_modules/react-dom/cjs/react-dom.development.js:9073:7)
      at processDispatchQueue 
(node_modules/react-dom/cjs/react-dom.development.js:9086:5)
      at dispatchEventsForPlugins 
(node_modules/react-dom/cjs/react-dom.development.js:9097:3)
      at node_modules/react-dom/cjs/react-dom.development.js:9288:12
      at batchedUpdates$1 
(node_modules/react-dom/cjs/react-dom.development.js:26179:12)
      at batchedUpdates 
(node_modules/react-dom/cjs/react-dom.development.js:3991:12)
      at dispatchEventForPluginEventSystem 
(node_modules/react-dom/cjs/react-dom.development.js:9287:3)
      at dispatchEventWithEnableCapturePhaseSelectiveHydrationWithoutDiscreteEv
entReplay (node_modules/react-dom/cjs/react-dom.development.js:6465:5)
      at dispatchEvent 
(node_modules/react-dom/cjs/react-dom.development.js:6457:5)
      at dispatchDiscreteEvent 
(node_modules/react-dom/cjs/react-dom.development.js:6430:5)
      at HTMLDivElement.callTheUserObjectsOperation 
(node_modules/jsdom/lib/jsdom/living/generated/EventListener.js:26:30)
      at innerInvokeEventListeners 
(node_modules/jsdom/lib/jsdom/living/events/EventTarget-impl.js:350:25)
      at invokeEventListeners 
(node_modules/jsdom/lib/jsdom/living/events/EventTarget-impl.js:286:3)
      at HTMLFormElementImpl._dispatch 
(node_modules/jsdom/lib/jsdom/living/events/EventTarget-impl.js:233:9)
      at fireAnEvent 
(node_modules/jsdom/lib/jsdom/living/helpers/events.js:18:36)
      at HTMLFormElementImpl.requestSubmit 
(node_modules/jsdom/lib/jsdom/living/nodes/HTMLFormElement-impl.js:109:10)
      at HTMLFormElementImpl._doRequestSubmit 
(node_modules/jsdom/lib/jsdom/living/nodes/HTMLFormElement-impl.js:79:10)
      at HTMLButtonElementImpl._activationBehavior 
(node_modules/jsdom/lib/jsdom/living/nodes/HTMLButtonElement-impl.js:23:14)
      at HTMLButtonElementImpl._dispatch 
(node_modules/jsdom/lib/jsdom/living/events/EventTarget-impl.js:252:26)
      at HTMLButtonElementImpl.dispatchEvent 
(node_modules/jsdom/lib/jsdom/living/events/EventTarget-impl.js:104:17)
      at HTMLButtonElement.dispatchEvent 
(node_modules/jsdom/lib/jsdom/living/generated/EventTarget.js:241:34)
      at 
node_modules/@testing-library/user-event/dist/cjs/event/dispatchEvent.js:45:43
      at Object.eventWrapper 
(node_modules/@testing-library/dom/dist/config.js:25:23)
      at Object.wrapEvent 
(node_modules/@testing-library/user-event/dist/cjs/event/wrapEvent.js:6:28)
      at Object.dispatchEvent (node_modules/@testing-library/user-event/dist/cj
s/event/dispatchEvent.js:45:22)
      at Object.dispatchUIEvent (node_modules/@testing-library/user-event/dist/
cjs/event/dispatchEvent.js:22:26)
      at Mouse.up (node_modules/@testing-library/user-event/dist/cjs/system/poi
nter/mouse.js:100:30)
      at PointerHost.release (node_modules/@testing-library/user-event/dist/cjs
/system/pointer/index.js:87:24)
      at pointerAction 
(node_modules/@testing-library/user-event/dist/cjs/pointer/index.js:54:47)
      at Object.pointer 
(node_modules/@testing-library/user-event/dist/cjs/pointer/index.js:27:9)
      at Object.<anonymous> (src/auth/auth.test.tsx:402:9)

    console.error
      Warning: An update to MemoryRouter inside a test was not wrapped in 
act(...).
      
      When testing, code that causes React state updates should be wrapped 
into act(...):
      
      act(() => {
        /* fire events that update state */
      });
      /* assert on the output */
      
      This ensures that you're testing the behavior the user would see in the 
browser. Learn more at https://reactjs.org/link/wrap-tests-with-act
          at basename (C:\Users\samhe\OneDrive\Desktop\Cleaned\frontend\node_mo
dules\react-router\lib\components.tsx:225:3)

      75 |                 } as 
import('@/shared/lib/auth-session/auth-session').SessionUser,
      76 |             })
    > 77 |             navigate('/app-home')
         |             ^
      78 |         } catch (err: unknown) {
      79 |             const anyErr = err as Record<string, unknown>
      80 |             const response = anyErr?.response as Record<string, 
unknown> | undefined

      at printWarning 
(node_modules/react-dom/cjs/react-dom.development.js:86:30)
      at error (node_modules/react-dom/cjs/react-dom.development.js:60:7)
      at warnIfUpdatesNotWrappedWithActDEV 
(node_modules/react-dom/cjs/react-dom.development.js:27628:9)
      at scheduleUpdateOnFiber 
(node_modules/react-dom/cjs/react-dom.development.js:25547:5)
      at dispatchSetState 
(node_modules/react-dom/cjs/react-dom.development.js:16708:7)
      at setStateImpl (node_modules/react-router/lib/components.tsx:250:11)
      at listener (node_modules/@remix-run/router/history.ts:306:9)
      at node_modules/react-router/lib/hooks.tsx:243:62
      at handleSubmit (src/auth/LoginForm/LoginForm.tsx:77:13)

    console.error
      Warning: An update to LoginForm inside a test was not wrapped in 
act(...).
      
      When testing, code that causes React state updates should be wrapped 
into act(...):
      
      act(() => {
        /* fire events that update state */
      });
      /* assert on the output */
      
      This ensures that you're testing the behavior the user would see in the 
browser. Learn more at https://reactjs.org/link/wrap-tests-with-act
          at LoginForm (C:\Users\samhe\OneDrive\Desktop\Cleaned\frontend\src\au
th\LoginForm\LoginForm.tsx:41:33)
          at div
          at div
          at LoginPage
          at routeContext (C:\Users\samhe\OneDrive\Desktop\Cleaned\frontend\nod
e_modules\react-router\lib\hooks.tsx:658:26)
          at children (C:\Users\samhe\OneDrive\Desktop\Cleaned\frontend\node_mo
dules\react-router\lib\components.tsx:512:3)
          at basenameProp (C:\Users\samhe\OneDrive\Desktop\Cleaned\frontend\nod
e_modules\react-router\lib\components.tsx:421:13)
          at basename (C:\Users\samhe\OneDrive\Desktop\Cleaned\frontend\node_mo
dules\react-router\lib\components.tsx:225:3)

       95 |             }
       96 |         } finally {
    >  97 |             setLoading(false)
          |             ^
       98 |         }
       99 |     }
      100 |

      at printWarning 
(node_modules/react-dom/cjs/react-dom.development.js:86:30)
      at error (node_modules/react-dom/cjs/react-dom.development.js:60:7)
      at warnIfUpdatesNotWrappedWithActDEV 
(node_modules/react-dom/cjs/react-dom.development.js:27628:9)
      at scheduleUpdateOnFiber 
(node_modules/react-dom/cjs/react-dom.development.js:25547:5)
      at dispatchSetState 
(node_modules/react-dom/cjs/react-dom.development.js:16708:7)
      at handleSubmit (src/auth/LoginForm/LoginForm.tsx:97:13)

    console.error
      Warning: An update to MemoryRouter inside a test was not wrapped in 
act(...).
      
      When testing, code that causes React state updates should be wrapped 
into act(...):
      
      act(() => {
        /* fire events that update state */
      });
      /* assert on the output */
      
      This ensures that you're testing the behavior the user would see in the 
browser. Learn more at https://reactjs.org/link/wrap-tests-with-act
          at basename (C:\Users\samhe\OneDrive\Desktop\Cleaned\frontend\node_mo
dules\react-router\lib\components.tsx:225:3)

      22 |     }
      23 |     clearSession()
    > 24 |     navigate('/login')
         |     ^
      25 |   }
      26 |
      27 |   return (

      at printWarning 
(node_modules/react-dom/cjs/react-dom.development.js:86:30)
      at error (node_modules/react-dom/cjs/react-dom.development.js:60:7)
      at warnIfUpdatesNotWrappedWithActDEV 
(node_modules/react-dom/cjs/react-dom.development.js:27628:9)
      at scheduleUpdateOnFiber 
(node_modules/react-dom/cjs/react-dom.development.js:25547:5)
      at dispatchSetState 
(node_modules/react-dom/cjs/react-dom.development.js:16708:7)
      at setStateImpl (node_modules/react-router/lib/components.tsx:250:11)
      at listener (node_modules/@remix-run/router/history.ts:306:9)
      at node_modules/react-router/lib/hooks.tsx:243:62
      at handleLogout (src/shell/LogoutButton.tsx:24:5)

    console.error
      Warning: An update to MemoryRouter inside a test was not wrapped in 
act(...).
      
      When testing, code that causes React state updates should be wrapped 
into act(...):
      
      act(() => {
        /* fire events that update state */
      });
      /* assert on the output */
      
      This ensures that you're testing the behavior the user would see in the 
browser. Learn more at https://reactjs.org/link/wrap-tests-with-act
          at basename (C:\Users\samhe\OneDrive\Desktop\Cleaned\frontend\node_mo
dules\react-router\lib\components.tsx:225:3)

      22 |     }
      23 |     clearSession()
    > 24 |     navigate('/login')
         |     ^
      25 |   }
      26 |
      27 |   return (

      at printWarning 
(node_modules/react-dom/cjs/react-dom.development.js:86:30)
      at error (node_modules/react-dom/cjs/react-dom.development.js:60:7)
      at warnIfUpdatesNotWrappedWithActDEV 
(node_modules/react-dom/cjs/react-dom.development.js:27628:9)
      at scheduleUpdateOnFiber 
(node_modules/react-dom/cjs/react-dom.development.js:25547:5)
      at dispatchSetState 
(node_modules/react-dom/cjs/react-dom.development.js:16708:7)
      at setStateImpl (node_modules/react-router/lib/components.tsx:250:11)
      at listener (node_modules/@remix-run/router/history.ts:306:9)
      at node_modules/react-router/lib/hooks.tsx:243:62
      at handleLogout (src/shell/LogoutButton.tsx:24:5)

    console.error
      Warning: An update to MemoryRouter inside a test was not wrapped in 
act(...).
      
      When testing, code that causes React state updates should be wrapped 
into act(...):
      
      act(() => {
        /* fire events that update state */
      });
      /* assert on the output */
      
      This ensures that you're testing the behavior the user would see in the 
browser. Learn more at https://reactjs.org/link/wrap-tests-with-act
          at basename (C:\Users\samhe\OneDrive\Desktop\Cleaned\frontend\node_mo
dules\react-router\lib\components.tsx:225:3)

      22 |     }
      23 |     clearSession()
    > 24 |     navigate('/login')
         |     ^
      25 |   }
      26 |
      27 |   return (

      at printWarning 
(node_modules/react-dom/cjs/react-dom.development.js:86:30)
      at error (node_modules/react-dom/cjs/react-dom.development.js:60:7)
      at warnIfUpdatesNotWrappedWithActDEV 
(node_modules/react-dom/cjs/react-dom.development.js:27628:9)
      at scheduleUpdateOnFiber 
(node_modules/react-dom/cjs/react-dom.development.js:25547:5)
      at dispatchSetState 
(node_modules/react-dom/cjs/react-dom.development.js:16708:7)
      at setStateImpl (node_modules/react-router/lib/components.tsx:250:11)
      at listener (node_modules/@remix-run/router/history.ts:306:9)
      at node_modules/react-router/lib/hooks.tsx:243:62
      at handleLogout (src/shell/LogoutButton.tsx:24:5)

    console.error
      Warning: An update to MemoryRouter inside a test was not wrapped in 
act(...).
      
      When testing, code that causes React state updates should be wrapped 
into act(...):
      
      act(() => {
        /* fire events that update state */
      });
      /* assert on the output */
      
      This ensures that you're testing the behavior the user would see in the 
browser. Learn more at https://reactjs.org/link/wrap-tests-with-act
          at basename (C:\Users\samhe\OneDrive\Desktop\Cleaned\frontend\node_mo
dules\react-router\lib\components.tsx:225:3)

      22 |     }
      23 |     clearSession()
    > 24 |     navigate('/login')
         |     ^
      25 |   }
      26 |
      27 |   return (

      at printWarning 
(node_modules/react-dom/cjs/react-dom.development.js:86:30)
      at error (node_modules/react-dom/cjs/react-dom.development.js:60:7)
      at warnIfUpdatesNotWrappedWithActDEV 
(node_modules/react-dom/cjs/react-dom.development.js:27628:9)
      at scheduleUpdateOnFiber 
(node_modules/react-dom/cjs/react-dom.development.js:25547:5)
      at dispatchSetState 
(node_modules/react-dom/cjs/react-dom.development.js:16708:7)
      at setStateImpl (node_modules/react-router/lib/components.tsx:250:11)
      at listener (node_modules/@remix-run/router/history.ts:306:9)
      at node_modules/react-router/lib/hooks.tsx:243:62
      at handleLogout (src/shell/LogoutButton.tsx:24:5)

    console.error
      Warning: An update to LoginForm inside a test was not wrapped in 
act(...).
      
      When testing, code that causes React state updates should be wrapped 
into act(...):
      
      act(() => {
        /* fire events that update state */
      });
      /* assert on the output */
      
      This ensures that you're testing the behavior the user would see in the 
browser. Learn more at https://reactjs.org/link/wrap-tests-with-act
          at LoginForm (C:\Users\samhe\OneDrive\Desktop\Cleaned\frontend\src\au
th\LoginForm\LoginForm.tsx:41:33)
          at div
          at div
          at LoginPage
          at routeContext (C:\Users\samhe\OneDrive\Desktop\Cleaned\frontend\nod
e_modules\react-router\lib\hooks.tsx:658:26)
          at children (C:\Users\samhe\OneDrive\Desktop\Cleaned\frontend\node_mo
dules\react-router\lib\components.tsx:512:3)
          at basenameProp (C:\Users\samhe\OneDrive\Desktop\Cleaned\frontend\nod
e_modules\react-router\lib\components.tsx:421:13)
          at basename (C:\Users\samhe\OneDrive\Desktop\Cleaned\frontend\node_mo
dules\react-router\lib\components.tsx:225:3)

      123 |                     placeholder="email@company.com"
      124 |                     value={email}
    > 125 |                     onChange={(e) => setEmail(e.target.value)}
          |                                      ^
      126 |                     className="w-full rounded-md border 
border-gray-300 px-3 py-2 text-sm focus:outline-none focus:ring-2 
focus:ring-gray-900 disabled:opacity-50"
      127 |                 />
      128 |             </div>

      at printWarning 
(node_modules/react-dom/cjs/react-dom.development.js:86:30)
      at error (node_modules/react-dom/cjs/react-dom.development.js:60:7)
      at warnIfUpdatesNotWrappedWithActDEV 
(node_modules/react-dom/cjs/react-dom.development.js:27628:9)
      at scheduleUpdateOnFiber 
(node_modules/react-dom/cjs/react-dom.development.js:25547:5)
      at dispatchSetState 
(node_modules/react-dom/cjs/react-dom.development.js:16708:7)
      at onChange (src/auth/LoginForm/LoginForm.tsx:125:38)
      at HTMLUnknownElement.callCallback 
(node_modules/react-dom/cjs/react-dom.development.js:4164:14)
      at HTMLUnknownElement.callTheUserObjectsOperation 
(node_modules/jsdom/lib/jsdom/living/generated/EventListener.js:26:30)
      at innerInvokeEventListeners 
(node_modules/jsdom/lib/jsdom/living/events/EventTarget-impl.js:350:25)
      at invokeEventListeners 
(node_modules/jsdom/lib/jsdom/living/events/EventTarget-impl.js:286:3)
      at HTMLUnknownElementImpl._dispatch 
(node_modules/jsdom/lib/jsdom/living/events/EventTarget-impl.js:233:9)
      at HTMLUnknownElementImpl.dispatchEvent 
(node_modules/jsdom/lib/jsdom/living/events/EventTarget-impl.js:104:17)
      at HTMLUnknownElement.dispatchEvent 
(node_modules/jsdom/lib/jsdom/living/generated/EventTarget.js:241:34)
      at Object.invokeGuardedCallbackDev 
(node_modules/react-dom/cjs/react-dom.development.js:4213:16)
      at invokeGuardedCallback 
(node_modules/react-dom/cjs/react-dom.development.js:4277:31)
      at invokeGuardedCallbackAndCatchFirstError 
(node_modules/react-dom/cjs/react-dom.development.js:4291:25)
      at executeDispatch 
(node_modules/react-dom/cjs/react-dom.development.js:9041:3)
      at processDispatchQueueItemsInOrder 
(node_modules/react-dom/cjs/react-dom.development.js:9073:7)
      at processDispatchQueue 
(node_modules/react-dom/cjs/react-dom.development.js:9086:5)
      at dispatchEventsForPlugins 
(node_modules/react-dom/cjs/react-dom.development.js:9097:3)
      at node_modules/react-dom/cjs/react-dom.development.js:9288:12
      at batchedUpdates$1 
(node_modules/react-dom/cjs/react-dom.development.js:26179:12)
      at batchedUpdates 
(node_modules/react-dom/cjs/react-dom.development.js:3991:12)
      at dispatchEventForPluginEventSystem 
(node_modules/react-dom/cjs/react-dom.development.js:9287:3)
      at dispatchEventWithEnableCapturePhaseSelectiveHydrationWithoutDiscreteEv
entReplay (node_modules/react-dom/cjs/react-dom.development.js:6465:5)
      at dispatchEvent 
(node_modules/react-dom/cjs/react-dom.development.js:6457:5)
      at dispatchDiscreteEvent 
(node_modules/react-dom/cjs/react-dom.development.js:6430:5)
      at HTMLDivElement.callTheUserObjectsOperation 
(node_modules/jsdom/lib/jsdom/living/generated/EventListener.js:26:30)
      at innerInvokeEventListeners 
(node_modules/jsdom/lib/jsdom/living/events/EventTarget-impl.js:350:25)
      at invokeEventListeners 
(node_modules/jsdom/lib/jsdom/living/events/EventTarget-impl.js:286:3)
      at HTMLInputElementImpl._dispatch 
(node_modules/jsdom/lib/jsdom/living/events/EventTarget-impl.js:233:9)
      at HTMLInputElementImpl.dispatchEvent 
(node_modules/jsdom/lib/jsdom/living/events/EventTarget-impl.js:104:17)
      at HTMLInputElement.dispatchEvent 
(node_modules/jsdom/lib/jsdom/living/generated/EventTarget.js:241:34)
      at 
node_modules/@testing-library/user-event/dist/cjs/event/dispatchEvent.js:45:43
      at Object.eventWrapper 
(node_modules/@testing-library/dom/dist/config.js:25:23)
      at Object.wrapEvent 
(node_modules/@testing-library/user-event/dist/cjs/event/wrapEvent.js:6:28)
      at Object.dispatchEvent (node_modules/@testing-library/user-event/dist/cj
s/event/dispatchEvent.js:45:22)
      at Object.dispatchUIEvent (node_modules/@testing-library/user-event/dist/
cjs/event/dispatchEvent.js:22:26)
      at commitInput 
(node_modules/@testing-library/user-event/dist/cjs/event/input.js:145:14)
      at editInputElement 
(node_modules/@testing-library/user-event/dist/cjs/event/input.js:115:9)
      at Object.input 
(node_modules/@testing-library/user-event/dist/cjs/event/input.js:37:9)
      at node_modules/@testing-library/user-event/dist/cjs/event/behavior/keypr
ess.js:31:26
      at Object.dispatchEvent (node_modules/@testing-library/user-event/dist/cj
s/event/dispatchEvent.js:41:13)
      at Object.dispatchUIEvent (node_modules/@testing-library/user-event/dist/
cjs/event/dispatchEvent.js:22:26)
      at KeyboardHost.keydown 
(node_modules/@testing-library/user-event/dist/cjs/system/keyboard.js:76:22)
      at keyboardAction 
(node_modules/@testing-library/user-event/dist/cjs/keyboard/index.js:22:35)
      at Object.keyboard 
(node_modules/@testing-library/user-event/dist/cjs/keyboard/index.js:11:15)
      at Object.type 
(node_modules/@testing-library/user-event/dist/cjs/utility/type.js:17:5)
      at Object.<anonymous> (src/auth/auth.test.tsx:560:9)

    console.error
      Warning: An update to LoginForm inside a test was not wrapped in 
act(...).
      
      When testing, code that causes React state updates should be wrapped 
into act(...):
      
      act(() => {
        /* fire events that update state */
      });
      /* assert on the output */
      
      This ensures that you're testing the behavior the user would see in the 
browser. Learn more at https://reactjs.org/link/wrap-tests-with-act
          at LoginForm (C:\Users\samhe\OneDrive\Desktop\Cleaned\frontend\src\au
th\LoginForm\LoginForm.tsx:41:33)
          at div
          at div
          at LoginPage
          at routeContext (C:\Users\samhe\OneDrive\Desktop\Cleaned\frontend\nod
e_modules\react-router\lib\hooks.tsx:658:26)
          at children (C:\Users\samhe\OneDrive\Desktop\Cleaned\frontend\node_mo
dules\react-router\lib\components.tsx:512:3)
          at basenameProp (C:\Users\samhe\OneDrive\Desktop\Cleaned\frontend\nod
e_modules\react-router\lib\components.tsx:421:13)
          at basename (C:\Users\samhe\OneDrive\Desktop\Cleaned\frontend\node_mo
dules\react-router\lib\components.tsx:225:3)

      123 |                     placeholder="email@company.com"
      124 |                     value={email}
    > 125 |                     onChange={(e) => setEmail(e.target.value)}
          |                                      ^
      126 |                     className="w-full rounded-md border 
border-gray-300 px-3 py-2 text-sm focus:outline-none focus:ring-2 
focus:ring-gray-900 disabled:opacity-50"
      127 |                 />
      128 |             </div>

      at printWarning 
(node_modules/react-dom/cjs/react-dom.development.js:86:30)
      at error (node_modules/react-dom/cjs/react-dom.development.js:60:7)
      at warnIfUpdatesNotWrappedWithActDEV 
(node_modules/react-dom/cjs/react-dom.development.js:27628:9)
      at scheduleUpdateOnFiber 
(node_modules/react-dom/cjs/react-dom.development.js:25547:5)
      at dispatchSetState 
(node_modules/react-dom/cjs/react-dom.development.js:16708:7)
      at onChange (src/auth/LoginForm/LoginForm.tsx:125:38)
      at HTMLUnknownElement.callCallback 
(node_modules/react-dom/cjs/react-dom.development.js:4164:14)
      at HTMLUnknownElement.callTheUserObjectsOperation 
(node_modules/jsdom/lib/jsdom/living/generated/EventListener.js:26:30)
      at innerInvokeEventListeners 
(node_modules/jsdom/lib/jsdom/living/events/EventTarget-impl.js:350:25)
      at invokeEventListeners 
(node_modules/jsdom/lib/jsdom/living/events/EventTarget-impl.js:286:3)
      at HTMLUnknownElementImpl._dispatch 
(node_modules/jsdom/lib/jsdom/living/events/EventTarget-impl.js:233:9)
      at HTMLUnknownElementImpl.dispatchEvent 
(node_modules/jsdom/lib/jsdom/living/events/EventTarget-impl.js:104:17)
      at HTMLUnknownElement.dispatchEvent 
(node_modules/jsdom/lib/jsdom/living/generated/EventTarget.js:241:34)
      at Object.invokeGuardedCallbackDev 
(node_modules/react-dom/cjs/react-dom.development.js:4213:16)
      at invokeGuardedCallback 
(node_modules/react-dom/cjs/react-dom.development.js:4277:31)
      at invokeGuardedCallbackAndCatchFirstError 
(node_modules/react-dom/cjs/react-dom.development.js:4291:25)
      at executeDispatch 
(node_modules/react-dom/cjs/react-dom.development.js:9041:3)
      at processDispatchQueueItemsInOrder 
(node_modules/react-dom/cjs/react-dom.development.js:9073:7)
      at processDispatchQueue 
(node_modules/react-dom/cjs/react-dom.development.js:9086:5)
      at dispatchEventsForPlugins 
(node_modules/react-dom/cjs/react-dom.development.js:9097:3)
      at node_modules/react-dom/cjs/react-dom.development.js:9288:12
      at batchedUpdates$1 
(node_modules/react-dom/cjs/react-dom.development.js:26179:12)
      at batchedUpdates 
(node_modules/react-dom/cjs/react-dom.development.js:3991:12)
      at dispatchEventForPluginEventSystem 
(node_modules/react-dom/cjs/react-dom.development.js:9287:3)
      at dispatchEventWithEnableCapturePhaseSelectiveHydrationWithoutDiscreteEv
entReplay (node_modules/react-dom/cjs/react-dom.development.js:6465:5)
      at dispatchEvent 
(node_modules/react-dom/cjs/react-dom.development.js:6457:5)
      at dispatchDiscreteEvent 
(node_modules/react-dom/cjs/react-dom.development.js:6430:5)
      at HTMLDivElement.callTheUserObjectsOperation 
(node_modules/jsdom/lib/jsdom/living/generated/EventListener.js:26:30)
      at innerInvokeEventListeners 
(node_modules/jsdom/lib/jsdom/living/events/EventTarget-impl.js:350:25)
      at invokeEventListeners 
(node_modules/jsdom/lib/jsdom/living/events/EventTarget-impl.js:286:3)
      at HTMLInputElementImpl._dispatch 
(node_modules/jsdom/lib/jsdom/living/events/EventTarget-impl.js:233:9)
      at HTMLInputElementImpl.dispatchEvent 
(node_modules/jsdom/lib/jsdom/living/events/EventTarget-impl.js:104:17)
      at HTMLInputElement.dispatchEvent 
(node_modules/jsdom/lib/jsdom/living/generated/EventTarget.js:241:34)
      at 
node_modules/@testing-library/user-event/dist/cjs/event/dispatchEvent.js:45:43
      at Object.eventWrapper 
(node_modules/@testing-library/dom/dist/config.js:25:23)
      at Object.wrapEvent 
(node_modules/@testing-library/user-event/dist/cjs/event/wrapEvent.js:6:28)
      at Object.dispatchEvent (node_modules/@testing-library/user-event/dist/cj
s/event/dispatchEvent.js:45:22)
      at Object.dispatchUIEvent (node_modules/@testing-library/user-event/dist/
cjs/event/dispatchEvent.js:22:26)
      at commitInput 
(node_modules/@testing-library/user-event/dist/cjs/event/input.js:145:14)
      at editInputElement 
(node_modules/@testing-library/user-event/dist/cjs/event/input.js:115:9)
      at Object.input 
(node_modules/@testing-library/user-event/dist/cjs/event/input.js:37:9)
      at node_modules/@testing-library/user-event/dist/cjs/event/behavior/keypr
ess.js:31:26
      at Object.dispatchEvent (node_modules/@testing-library/user-event/dist/cj
s/event/dispatchEvent.js:41:13)
      at Object.dispatchUIEvent (node_modules/@testing-library/user-event/dist/
cjs/event/dispatchEvent.js:22:26)
      at KeyboardHost.keydown 
(node_modules/@testing-library/user-event/dist/cjs/system/keyboard.js:76:22)
      at keyboardAction 
(node_modules/@testing-library/user-event/dist/cjs/keyboard/index.js:22:35)
      at Object.keyboard 
(node_modules/@testing-library/user-event/dist/cjs/keyboard/index.js:11:15)
      at Object.type 
(node_modules/@testing-library/user-event/dist/cjs/utility/type.js:17:5)
      at Object.<anonymous> (src/auth/auth.test.tsx:560:9)

    console.error
      Warning: An update to LoginForm inside a test was not wrapped in 
act(...).
      
      When testing, code that causes React state updates should be wrapped 
into act(...):
      
      act(() => {
        /* fire events that update state */
      });
      /* assert on the output */
      
      This ensures that you're testing the behavior the user would see in the 
browser. Learn more at https://reactjs.org/link/wrap-tests-with-act
          at LoginForm (C:\Users\samhe\OneDrive\Desktop\Cleaned\frontend\src\au
th\LoginForm\LoginForm.tsx:41:33)
          at div
          at div
          at LoginPage
          at routeContext (C:\Users\samhe\OneDrive\Desktop\Cleaned\frontend\nod
e_modules\react-router\lib\hooks.tsx:658:26)
          at children (C:\Users\samhe\OneDrive\Desktop\Cleaned\frontend\node_mo
dules\react-router\lib\components.tsx:512:3)
          at basenameProp (C:\Users\samhe\OneDrive\Desktop\Cleaned\frontend\nod
e_modules\react-router\lib\components.tsx:421:13)
          at basename (C:\Users\samhe\OneDrive\Desktop\Cleaned\frontend\node_mo
dules\react-router\lib\components.tsx:225:3)

      123 |                     placeholder="email@company.com"
      124 |                     value={email}
    > 125 |                     onChange={(e) => setEmail(e.target.value)}
          |                                      ^
      126 |                     className="w-full rounded-md border 
border-gray-300 px-3 py-2 text-sm focus:outline-none focus:ring-2 
focus:ring-gray-900 disabled:opacity-50"
      127 |                 />
      128 |             </div>

      at printWarning 
(node_modules/react-dom/cjs/react-dom.development.js:86:30)
      at error (node_modules/react-dom/cjs/react-dom.development.js:60:7)
      at warnIfUpdatesNotWrappedWithActDEV 
(node_modules/react-dom/cjs/react-dom.development.js:27628:9)
      at scheduleUpdateOnFiber 
(node_modules/react-dom/cjs/react-dom.development.js:25547:5)
      at dispatchSetState 
(node_modules/react-dom/cjs/react-dom.development.js:16708:7)
      at onChange (src/auth/LoginForm/LoginForm.tsx:125:38)
      at HTMLUnknownElement.callCallback 
(node_modules/react-dom/cjs/react-dom.development.js:4164:14)
      at HTMLUnknownElement.callTheUserObjectsOperation 
(node_modules/jsdom/lib/jsdom/living/generated/EventListener.js:26:30)
      at innerInvokeEventListeners 
(node_modules/jsdom/lib/jsdom/living/events/EventTarget-impl.js:350:25)
      at invokeEventListeners 
(node_modules/jsdom/lib/jsdom/living/events/EventTarget-impl.js:286:3)
      at HTMLUnknownElementImpl._dispatch 
(node_modules/jsdom/lib/jsdom/living/events/EventTarget-impl.js:233:9)
      at HTMLUnknownElementImpl.dispatchEvent 
(node_modules/jsdom/lib/jsdom/living/events/EventTarget-impl.js:104:17)
      at HTMLUnknownElement.dispatchEvent 
(node_modules/jsdom/lib/jsdom/living/generated/EventTarget.js:241:34)
      at Object.invokeGuardedCallbackDev 
(node_modules/react-dom/cjs/react-dom.development.js:4213:16)
      at invokeGuardedCallback 
(node_modules/react-dom/cjs/react-dom.development.js:4277:31)
      at invokeGuardedCallbackAndCatchFirstError 
(node_modules/react-dom/cjs/react-dom.development.js:4291:25)
      at executeDispatch 
(node_modules/react-dom/cjs/react-dom.development.js:9041:3)
      at processDispatchQueueItemsInOrder 
(node_modules/react-dom/cjs/react-dom.development.js:9073:7)
      at processDispatchQueue 
(node_modules/react-dom/cjs/react-dom.development.js:9086:5)
      at dispatchEventsForPlugins 
(node_modules/react-dom/cjs/react-dom.development.js:9097:3)
      at node_modules/react-dom/cjs/react-dom.development.js:9288:12
      at batchedUpdates$1 
(node_modules/react-dom/cjs/react-dom.development.js:26179:12)
      at batchedUpdates 
(node_modules/react-dom/cjs/react-dom.development.js:3991:12)
      at dispatchEventForPluginEventSystem 
(node_modules/react-dom/cjs/react-dom.development.js:9287:3)
      at dispatchEventWithEnableCapturePhaseSelectiveHydrationWithoutDiscreteEv
entReplay (node_modules/react-dom/cjs/react-dom.development.js:6465:5)
      at dispatchEvent 
(node_modules/react-dom/cjs/react-dom.development.js:6457:5)
      at dispatchDiscreteEvent 
(node_modules/react-dom/cjs/react-dom.development.js:6430:5)
      at HTMLDivElement.callTheUserObjectsOperation 
(node_modules/jsdom/lib/jsdom/living/generated/EventListener.js:26:30)
      at innerInvokeEventListeners 
(node_modules/jsdom/lib/jsdom/living/events/EventTarget-impl.js:350:25)
      at invokeEventListeners 
(node_modules/jsdom/lib/jsdom/living/events/EventTarget-impl.js:286:3)
      at HTMLInputElementImpl._dispatch 
(node_modules/jsdom/lib/jsdom/living/events/EventTarget-impl.js:233:9)
      at HTMLInputElementImpl.dispatchEvent 
(node_modules/jsdom/lib/jsdom/living/events/EventTarget-impl.js:104:17)
      at HTMLInputElement.dispatchEvent 
(node_modules/jsdom/lib/jsdom/living/generated/EventTarget.js:241:34)
      at 
node_modules/@testing-library/user-event/dist/cjs/event/dispatchEvent.js:45:43
      at Object.eventWrapper 
(node_modules/@testing-library/dom/dist/config.js:25:23)
      at Object.wrapEvent 
(node_modules/@testing-library/user-event/dist/cjs/event/wrapEvent.js:6:28)
      at Object.dispatchEvent (node_modules/@testing-library/user-event/dist/cj
s/event/dispatchEvent.js:45:22)
      at Object.dispatchUIEvent (node_modules/@testing-library/user-event/dist/
cjs/event/dispatchEvent.js:22:26)
      at commitInput 
(node_modules/@testing-library/user-event/dist/cjs/event/input.js:145:14)
      at editInputElement 
(node_modules/@testing-library/user-event/dist/cjs/event/input.js:115:9)
      at Object.input 
(node_modules/@testing-library/user-event/dist/cjs/event/input.js:37:9)
      at node_modules/@testing-library/user-event/dist/cjs/event/behavior/keypr
ess.js:31:26
      at Object.dispatchEvent (node_modules/@testing-library/user-event/dist/cj
s/event/dispatchEvent.js:41:13)
      at Object.dispatchUIEvent (node_modules/@testing-library/user-event/dist/
cjs/event/dispatchEvent.js:22:26)
      at KeyboardHost.keydown 
(node_modules/@testing-library/user-event/dist/cjs/system/keyboard.js:76:22)
      at keyboardAction 
(node_modules/@testing-library/user-event/dist/cjs/keyboard/index.js:22:35)
      at Object.keyboard 
(node_modules/@testing-library/user-event/dist/cjs/keyboard/index.js:11:15)
      at Object.type 
(node_modules/@testing-library/user-event/dist/cjs/utility/type.js:17:5)
      at Object.<anonymous> (src/auth/auth.test.tsx:560:9)

    console.error
      Warning: An update to LoginForm inside a test was not wrapped in 
act(...).
      
      When testing, code that causes React state updates should be wrapped 
into act(...):
      
      act(() => {
        /* fire events that update state */
      });
      /* assert on the output */
      
      This ensures that you're testing the behavior the user would see in the 
browser. Learn more at https://reactjs.org/link/wrap-tests-with-act
          at LoginForm (C:\Users\samhe\OneDrive\Desktop\Cleaned\frontend\src\au
th\LoginForm\LoginForm.tsx:41:33)
          at div
          at div
          at LoginPage
          at routeContext (C:\Users\samhe\OneDrive\Desktop\Cleaned\frontend\nod
e_modules\react-router\lib\hooks.tsx:658:26)
          at children (C:\Users\samhe\OneDrive\Desktop\Cleaned\frontend\node_mo
dules\react-router\lib\components.tsx:512:3)
          at basenameProp (C:\Users\samhe\OneDrive\Desktop\Cleaned\frontend\nod
e_modules\react-router\lib\components.tsx:421:13)
          at basename (C:\Users\samhe\OneDrive\Desktop\Cleaned\frontend\node_mo
dules\react-router\lib\components.tsx:225:3)

      123 |                     placeholder="email@company.com"
      124 |                     value={email}
    > 125 |                     onChange={(e) => setEmail(e.target.value)}
          |                                      ^
      126 |                     className="w-full rounded-md border 
border-gray-300 px-3 py-2 text-sm focus:outline-none focus:ring-2 
focus:ring-gray-900 disabled:opacity-50"
      127 |                 />
      128 |             </div>

      at printWarning 
(node_modules/react-dom/cjs/react-dom.development.js:86:30)
      at error (node_modules/react-dom/cjs/react-dom.development.js:60:7)
      at warnIfUpdatesNotWrappedWithActDEV 
(node_modules/react-dom/cjs/react-dom.development.js:27628:9)
      at scheduleUpdateOnFiber 
(node_modules/react-dom/cjs/react-dom.development.js:25547:5)
      at dispatchSetState 
(node_modules/react-dom/cjs/react-dom.development.js:16708:7)
      at onChange (src/auth/LoginForm/LoginForm.tsx:125:38)
      at HTMLUnknownElement.callCallback 
(node_modules/react-dom/cjs/react-dom.development.js:4164:14)
      at HTMLUnknownElement.callTheUserObjectsOperation 
(node_modules/jsdom/lib/jsdom/living/generated/EventListener.js:26:30)
      at innerInvokeEventListeners 
(node_modules/jsdom/lib/jsdom/living/events/EventTarget-impl.js:350:25)
      at invokeEventListeners 
(node_modules/jsdom/lib/jsdom/living/events/EventTarget-impl.js:286:3)
      at HTMLUnknownElementImpl._dispatch 
(node_modules/jsdom/lib/jsdom/living/events/EventTarget-impl.js:233:9)
      at HTMLUnknownElementImpl.dispatchEvent 
(node_modules/jsdom/lib/jsdom/living/events/EventTarget-impl.js:104:17)
      at HTMLUnknownElement.dispatchEvent 
(node_modules/jsdom/lib/jsdom/living/generated/EventTarget.js:241:34)
      at Object.invokeGuardedCallbackDev 
(node_modules/react-dom/cjs/react-dom.development.js:4213:16)
      at invokeGuardedCallback 
(node_modules/react-dom/cjs/react-dom.development.js:4277:31)
      at invokeGuardedCallbackAndCatchFirstError 
(node_modules/react-dom/cjs/react-dom.development.js:4291:25)
      at executeDispatch 
(node_modules/react-dom/cjs/react-dom.development.js:9041:3)
      at processDispatchQueueItemsInOrder 
(node_modules/react-dom/cjs/react-dom.development.js:9073:7)
      at processDispatchQueue 
(node_modules/react-dom/cjs/react-dom.development.js:9086:5)
      at dispatchEventsForPlugins 
(node_modules/react-dom/cjs/react-dom.development.js:9097:3)
      at node_modules/react-dom/cjs/react-dom.development.js:9288:12
      at batchedUpdates$1 
(node_modules/react-dom/cjs/react-dom.development.js:26179:12)
      at batchedUpdates 
(node_modules/react-dom/cjs/react-dom.development.js:3991:12)
      at dispatchEventForPluginEventSystem 
(node_modules/react-dom/cjs/react-dom.development.js:9287:3)
      at dispatchEventWithEnableCapturePhaseSelectiveHydrationWithoutDiscreteEv
entReplay (node_modules/react-dom/cjs/react-dom.development.js:6465:5)
      at dispatchEvent 
(node_modules/react-dom/cjs/react-dom.development.js:6457:5)
      at dispatchDiscreteEvent 
(node_modules/react-dom/cjs/react-dom.development.js:6430:5)
      at HTMLDivElement.callTheUserObjectsOperation 
(node_modules/jsdom/lib/jsdom/living/generated/EventListener.js:26:30)
      at innerInvokeEventListeners 
(node_modules/jsdom/lib/jsdom/living/events/EventTarget-impl.js:350:25)
      at invokeEventListeners 
(node_modules/jsdom/lib/jsdom/living/events/EventTarget-impl.js:286:3)
      at HTMLInputElementImpl._dispatch 
(node_modules/jsdom/lib/jsdom/living/events/EventTarget-impl.js:233:9)
      at HTMLInputElementImpl.dispatchEvent 
(node_modules/jsdom/lib/jsdom/living/events/EventTarget-impl.js:104:17)
      at HTMLInputElement.dispatchEvent 
(node_modules/jsdom/lib/jsdom/living/generated/EventTarget.js:241:34)
      at 
node_modules/@testing-library/user-event/dist/cjs/event/dispatchEvent.js:45:43
      at Object.eventWrapper 
(node_modules/@testing-library/dom/dist/config.js:25:23)
      at Object.wrapEvent 
(node_modules/@testing-library/user-event/dist/cjs/event/wrapEvent.js:6:28)
      at Object.dispatchEvent (node_modules/@testing-library/user-event/dist/cj
s/event/dispatchEvent.js:45:22)
      at Object.dispatchUIEvent (node_modules/@testing-library/user-event/dist/
cjs/event/dispatchEvent.js:22:26)
      at commitInput 
(node_modules/@testing-library/user-event/dist/cjs/event/input.js:145:14)
      at editInputElement 
(node_modules/@testing-library/user-event/dist/cjs/event/input.js:115:9)
      at Object.input 
(node_modules/@testing-library/user-event/dist/cjs/event/input.js:37:9)
      at node_modules/@testing-library/user-event/dist/cjs/event/behavior/keypr
ess.js:31:26
      at Object.dispatchEvent (node_modules/@testing-library/user-event/dist/cj
s/event/dispatchEvent.js:41:13)
      at Object.dispatchUIEvent (node_modules/@testing-library/user-event/dist/
cjs/event/dispatchEvent.js:22:26)
      at KeyboardHost.keydown 
(node_modules/@testing-library/user-event/dist/cjs/system/keyboard.js:76:22)
      at keyboardAction 
(node_modules/@testing-library/user-event/dist/cjs/keyboard/index.js:22:35)
      at Object.keyboard 
(node_modules/@testing-library/user-event/dist/cjs/keyboard/index.js:11:15)
      at Object.type 
(node_modules/@testing-library/user-event/dist/cjs/utility/type.js:17:5)
      at Object.<anonymous> (src/auth/auth.test.tsx:560:9)

    console.error
      Warning: An update to LoginForm inside a test was not wrapped in 
act(...).
      
      When testing, code that causes React state updates should be wrapped 
into act(...):
      
      act(() => {
        /* fire events that update state */
      });
      /* assert on the output */
      
      This ensures that you're testing the behavior the user would see in the 
browser. Learn more at https://reactjs.org/link/wrap-tests-with-act
          at LoginForm (C:\Users\samhe\OneDrive\Desktop\Cleaned\frontend\src\au
th\LoginForm\LoginForm.tsx:41:33)
          at div
          at div
          at LoginPage
          at routeContext (C:\Users\samhe\OneDrive\Desktop\Cleaned\frontend\nod
e_modules\react-router\lib\hooks.tsx:658:26)
          at children (C:\Users\samhe\OneDrive\Desktop\Cleaned\frontend\node_mo
dules\react-router\lib\components.tsx:512:3)
          at basenameProp (C:\Users\samhe\OneDrive\Desktop\Cleaned\frontend\nod
e_modules\react-router\lib\components.tsx:421:13)
          at basename (C:\Users\samhe\OneDrive\Desktop\Cleaned\frontend\node_mo
dules\react-router\lib\components.tsx:225:3)

      123 |                     placeholder="email@company.com"
      124 |                     value={email}
    > 125 |                     onChange={(e) => setEmail(e.target.value)}
          |                                      ^
      126 |                     className="w-full rounded-md border 
border-gray-300 px-3 py-2 text-sm focus:outline-none focus:ring-2 
focus:ring-gray-900 disabled:opacity-50"
      127 |                 />
      128 |             </div>

      at printWarning 
(node_modules/react-dom/cjs/react-dom.development.js:86:30)
      at error (node_modules/react-dom/cjs/react-dom.development.js:60:7)
      at warnIfUpdatesNotWrappedWithActDEV 
(node_modules/react-dom/cjs/react-dom.development.js:27628:9)
      at scheduleUpdateOnFiber 
(node_modules/react-dom/cjs/react-dom.development.js:25547:5)
      at dispatchSetState 
(node_modules/react-dom/cjs/react-dom.development.js:16708:7)
      at onChange (src/auth/LoginForm/LoginForm.tsx:125:38)
      at HTMLUnknownElement.callCallback 
(node_modules/react-dom/cjs/react-dom.development.js:4164:14)
      at HTMLUnknownElement.callTheUserObjectsOperation 
(node_modules/jsdom/lib/jsdom/living/generated/EventListener.js:26:30)
      at innerInvokeEventListeners 
(node_modules/jsdom/lib/jsdom/living/events/EventTarget-impl.js:350:25)
      at invokeEventListeners 
(node_modules/jsdom/lib/jsdom/living/events/EventTarget-impl.js:286:3)
      at HTMLUnknownElementImpl._dispatch 
(node_modules/jsdom/lib/jsdom/living/events/EventTarget-impl.js:233:9)
      at HTMLUnknownElementImpl.dispatchEvent 
(node_modules/jsdom/lib/jsdom/living/events/EventTarget-impl.js:104:17)
      at HTMLUnknownElement.dispatchEvent 
(node_modules/jsdom/lib/jsdom/living/generated/EventTarget.js:241:34)
      at Object.invokeGuardedCallbackDev 
(node_modules/react-dom/cjs/react-dom.development.js:4213:16)
      at invokeGuardedCallback 
(node_modules/react-dom/cjs/react-dom.development.js:4277:31)
      at invokeGuardedCallbackAndCatchFirstError 
(node_modules/react-dom/cjs/react-dom.development.js:4291:25)
      at executeDispatch 
(node_modules/react-dom/cjs/react-dom.development.js:9041:3)
      at processDispatchQueueItemsInOrder 
(node_modules/react-dom/cjs/react-dom.development.js:9073:7)
      at processDispatchQueue 
(node_modules/react-dom/cjs/react-dom.development.js:9086:5)
      at dispatchEventsForPlugins 
(node_modules/react-dom/cjs/react-dom.development.js:9097:3)
      at node_modules/react-dom/cjs/react-dom.development.js:9288:12
      at batchedUpdates$1 
(node_modules/react-dom/cjs/react-dom.development.js:26179:12)
      at batchedUpdates 
(node_modules/react-dom/cjs/react-dom.development.js:3991:12)
      at dispatchEventForPluginEventSystem 
(node_modules/react-dom/cjs/react-dom.development.js:9287:3)
      at dispatchEventWithEnableCapturePhaseSelectiveHydrationWithoutDiscreteEv
entReplay (node_modules/react-dom/cjs/react-dom.development.js:6465:5)
      at dispatchEvent 
(node_modules/react-dom/cjs/react-dom.development.js:6457:5)
      at dispatchDiscreteEvent 
(node_modules/react-dom/cjs/react-dom.development.js:6430:5)
      at HTMLDivElement.callTheUserObjectsOperation 
(node_modules/jsdom/lib/jsdom/living/generated/EventListener.js:26:30)
      at innerInvokeEventListeners 
(node_modules/jsdom/lib/jsdom/living/events/EventTarget-impl.js:350:25)
      at invokeEventListeners 
(node_modules/jsdom/lib/jsdom/living/events/EventTarget-impl.js:286:3)
      at HTMLInputElementImpl._dispatch 
(node_modules/jsdom/lib/jsdom/living/events/EventTarget-impl.js:233:9)
      at HTMLInputElementImpl.dispatchEvent 
(node_modules/jsdom/lib/jsdom/living/events/EventTarget-impl.js:104:17)
      at HTMLInputElement.dispatchEvent 
(node_modules/jsdom/lib/jsdom/living/generated/EventTarget.js:241:34)
      at 
node_modules/@testing-library/user-event/dist/cjs/event/dispatchEvent.js:45:43
      at Object.eventWrapper 
(node_modules/@testing-library/dom/dist/config.js:25:23)
      at Object.wrapEvent 
(node_modules/@testing-library/user-event/dist/cjs/event/wrapEvent.js:6:28)
      at Object.dispatchEvent (node_modules/@testing-library/user-event/dist/cj
s/event/dispatchEvent.js:45:22)
      at Object.dispatchUIEvent (node_modules/@testing-library/user-event/dist/
cjs/event/dispatchEvent.js:22:26)
      at commitInput 
(node_modules/@testing-library/user-event/dist/cjs/event/input.js:145:14)
      at editInputElement 
(node_modules/@testing-library/user-event/dist/cjs/event/input.js:115:9)
      at Object.input 
(node_modules/@testing-library/user-event/dist/cjs/event/input.js:37:9)
      at node_modules/@testing-library/user-event/dist/cjs/event/behavior/keypr
ess.js:31:26
      at Object.dispatchEvent (node_modules/@testing-library/user-event/dist/cj
s/event/dispatchEvent.js:41:13)
      at Object.dispatchUIEvent (node_modules/@testing-library/user-event/dist/
cjs/event/dispatchEvent.js:22:26)
      at KeyboardHost.keydown 
(node_modules/@testing-library/user-event/dist/cjs/system/keyboard.js:76:22)
      at keyboardAction 
(node_modules/@testing-library/user-event/dist/cjs/keyboard/index.js:22:35)
      at Object.keyboard 
(node_modules/@testing-library/user-event/dist/cjs/keyboard/index.js:11:15)
      at Object.type 
(node_modules/@testing-library/user-event/dist/cjs/utility/type.js:17:5)
      at Object.<anonymous> (src/auth/auth.test.tsx:560:9)

    console.error
      Warning: An update to LoginForm inside a test was not wrapped in 
act(...).
      
      When testing, code that causes React state updates should be wrapped 
into act(...):
      
      act(() => {
        /* fire events that update state */
      });
      /* assert on the output */
      
      This ensures that you're testing the behavior the user would see in the 
browser. Learn more at https://reactjs.org/link/wrap-tests-with-act
          at LoginForm (C:\Users\samhe\OneDrive\Desktop\Cleaned\frontend\src\au
th\LoginForm\LoginForm.tsx:41:33)
          at div
          at div
          at LoginPage
          at routeContext (C:\Users\samhe\OneDrive\Desktop\Cleaned\frontend\nod
e_modules\react-router\lib\hooks.tsx:658:26)
          at children (C:\Users\samhe\OneDrive\Desktop\Cleaned\frontend\node_mo
dules\react-router\lib\components.tsx:512:3)
          at basenameProp (C:\Users\samhe\OneDrive\Desktop\Cleaned\frontend\nod
e_modules\react-router\lib\components.tsx:421:13)
          at basename (C:\Users\samhe\OneDrive\Desktop\Cleaned\frontend\node_mo
dules\react-router\lib\components.tsx:225:3)

      123 |                     placeholder="email@company.com"
      124 |                     value={email}
    > 125 |                     onChange={(e) => setEmail(e.target.value)}
          |                                      ^
      126 |                     className="w-full rounded-md border 
border-gray-300 px-3 py-2 text-sm focus:outline-none focus:ring-2 
focus:ring-gray-900 disabled:opacity-50"
      127 |                 />
      128 |             </div>

      at printWarning 
(node_modules/react-dom/cjs/react-dom.development.js:86:30)
      at error (node_modules/react-dom/cjs/react-dom.development.js:60:7)
      at warnIfUpdatesNotWrappedWithActDEV 
(node_modules/react-dom/cjs/react-dom.development.js:27628:9)
      at scheduleUpdateOnFiber 
(node_modules/react-dom/cjs/react-dom.development.js:25547:5)
      at dispatchSetState 
(node_modules/react-dom/cjs/react-dom.development.js:16708:7)
      at onChange (src/auth/LoginForm/LoginForm.tsx:125:38)
      at HTMLUnknownElement.callCallback 
(node_modules/react-dom/cjs/react-dom.development.js:4164:14)
      at HTMLUnknownElement.callTheUserObjectsOperation 
(node_modules/jsdom/lib/jsdom/living/generated/EventListener.js:26:30)
      at innerInvokeEventListeners 
(node_modules/jsdom/lib/jsdom/living/events/EventTarget-impl.js:350:25)
      at invokeEventListeners 
(node_modules/jsdom/lib/jsdom/living/events/EventTarget-impl.js:286:3)
      at HTMLUnknownElementImpl._dispatch 
(node_modules/jsdom/lib/jsdom/living/events/EventTarget-impl.js:233:9)
      at HTMLUnknownElementImpl.dispatchEvent 
(node_modules/jsdom/lib/jsdom/living/events/EventTarget-impl.js:104:17)
      at HTMLUnknownElement.dispatchEvent 
(node_modules/jsdom/lib/jsdom/living/generated/EventTarget.js:241:34)
      at Object.invokeGuardedCallbackDev 
(node_modules/react-dom/cjs/react-dom.development.js:4213:16)
      at invokeGuardedCallback 
(node_modules/react-dom/cjs/react-dom.development.js:4277:31)
      at invokeGuardedCallbackAndCatchFirstError 
(node_modules/react-dom/cjs/react-dom.development.js:4291:25)
      at executeDispatch 
(node_modules/react-dom/cjs/react-dom.development.js:9041:3)
      at processDispatchQueueItemsInOrder 
(node_modules/react-dom/cjs/react-dom.development.js:9073:7)
      at processDispatchQueue 
(node_modules/react-dom/cjs/react-dom.development.js:9086:5)
      at dispatchEventsForPlugins 
(node_modules/react-dom/cjs/react-dom.development.js:9097:3)
      at node_modules/react-dom/cjs/react-dom.development.js:9288:12
      at batchedUpdates$1 
(node_modules/react-dom/cjs/react-dom.development.js:26179:12)
      at batchedUpdates 
(node_modules/react-dom/cjs/react-dom.development.js:3991:12)
      at dispatchEventForPluginEventSystem 
(node_modules/react-dom/cjs/react-dom.development.js:9287:3)
      at dispatchEventWithEnableCapturePhaseSelectiveHydrationWithoutDiscreteEv
entReplay (node_modules/react-dom/cjs/react-dom.development.js:6465:5)
      at dispatchEvent 
(node_modules/react-dom/cjs/react-dom.development.js:6457:5)
      at dispatchDiscreteEvent 
(node_modules/react-dom/cjs/react-dom.development.js:6430:5)
      at HTMLDivElement.callTheUserObjectsOperation 
(node_modules/jsdom/lib/jsdom/living/generated/EventListener.js:26:30)
      at innerInvokeEventListeners 
(node_modules/jsdom/lib/jsdom/living/events/EventTarget-impl.js:350:25)
      at invokeEventListeners 
(node_modules/jsdom/lib/jsdom/living/events/EventTarget-impl.js:286:3)
      at HTMLInputElementImpl._dispatch 
(node_modules/jsdom/lib/jsdom/living/events/EventTarget-impl.js:233:9)
      at HTMLInputElementImpl.dispatchEvent 
(node_modules/jsdom/lib/jsdom/living/events/EventTarget-impl.js:104:17)
      at HTMLInputElement.dispatchEvent 
(node_modules/jsdom/lib/jsdom/living/generated/EventTarget.js:241:34)
      at 
node_modules/@testing-library/user-event/dist/cjs/event/dispatchEvent.js:45:43
      at Object.eventWrapper 
(node_modules/@testing-library/dom/dist/config.js:25:23)
      at Object.wrapEvent 
(node_modules/@testing-library/user-event/dist/cjs/event/wrapEvent.js:6:28)
      at Object.dispatchEvent (node_modules/@testing-library/user-event/dist/cj
s/event/dispatchEvent.js:45:22)
      at Object.dispatchUIEvent (node_modules/@testing-library/user-event/dist/
cjs/event/dispatchEvent.js:22:26)
      at commitInput 
(node_modules/@testing-library/user-event/dist/cjs/event/input.js:145:14)
      at editInputElement 
(node_modules/@testing-library/user-event/dist/cjs/event/input.js:115:9)
      at Object.input 
(node_modules/@testing-library/user-event/dist/cjs/event/input.js:37:9)
      at node_modules/@testing-library/user-event/dist/cjs/event/behavior/keypr
ess.js:31:26
      at Object.dispatchEvent (node_modules/@testing-library/user-event/dist/cj
s/event/dispatchEvent.js:41:13)
      at Object.dispatchUIEvent (node_modules/@testing-library/user-event/dist/
cjs/event/dispatchEvent.js:22:26)
      at KeyboardHost.keydown 
(node_modules/@testing-library/user-event/dist/cjs/system/keyboard.js:76:22)
      at keyboardAction 
(node_modules/@testing-library/user-event/dist/cjs/keyboard/index.js:22:35)
      at Object.keyboard 
(node_modules/@testing-library/user-event/dist/cjs/keyboard/index.js:11:15)
      at Object.type 
(node_modules/@testing-library/user-event/dist/cjs/utility/type.js:17:5)
      at Object.<anonymous> (src/auth/auth.test.tsx:560:9)

    console.error
      Warning: An update to LoginForm inside a test was not wrapped in 
act(...).
      
      When testing, code that causes React state updates should be wrapped 
into act(...):
      
      act(() => {
        /* fire events that update state */
      });
      /* assert on the output */
      
      This ensures that you're testing the behavior the user would see in the 
browser. Learn more at https://reactjs.org/link/wrap-tests-with-act
          at LoginForm (C:\Users\samhe\OneDrive\Desktop\Cleaned\frontend\src\au
th\LoginForm\LoginForm.tsx:41:33)
          at div
          at div
          at LoginPage
          at routeContext (C:\Users\samhe\OneDrive\Desktop\Cleaned\frontend\nod
e_modules\react-router\lib\hooks.tsx:658:26)
          at children (C:\Users\samhe\OneDrive\Desktop\Cleaned\frontend\node_mo
dules\react-router\lib\components.tsx:512:3)
          at basenameProp (C:\Users\samhe\OneDrive\Desktop\Cleaned\frontend\nod
e_modules\react-router\lib\components.tsx:421:13)
          at basename (C:\Users\samhe\OneDrive\Desktop\Cleaned\frontend\node_mo
dules\react-router\lib\components.tsx:225:3)

      123 |                     placeholder="email@company.com"
      124 |                     value={email}
    > 125 |                     onChange={(e) => setEmail(e.target.value)}
          |                                      ^
      126 |                     className="w-full rounded-md border 
border-gray-300 px-3 py-2 text-sm focus:outline-none focus:ring-2 
focus:ring-gray-900 disabled:opacity-50"
      127 |                 />
      128 |             </div>

      at printWarning 
(node_modules/react-dom/cjs/react-dom.development.js:86:30)
      at error (node_modules/react-dom/cjs/react-dom.development.js:60:7)
      at warnIfUpdatesNotWrappedWithActDEV 
(node_modules/react-dom/cjs/react-dom.development.js:27628:9)
      at scheduleUpdateOnFiber 
(node_modules/react-dom/cjs/react-dom.development.js:25547:5)
      at dispatchSetState 
(node_modules/react-dom/cjs/react-dom.development.js:16708:7)
      at onChange (src/auth/LoginForm/LoginForm.tsx:125:38)
      at HTMLUnknownElement.callCallback 
(node_modules/react-dom/cjs/react-dom.development.js:4164:14)
      at HTMLUnknownElement.callTheUserObjectsOperation 
(node_modules/jsdom/lib/jsdom/living/generated/EventListener.js:26:30)
      at innerInvokeEventListeners 
(node_modules/jsdom/lib/jsdom/living/events/EventTarget-impl.js:350:25)
      at invokeEventListeners 
(node_modules/jsdom/lib/jsdom/living/events/EventTarget-impl.js:286:3)
      at HTMLUnknownElementImpl._dispatch 
(node_modules/jsdom/lib/jsdom/living/events/EventTarget-impl.js:233:9)
      at HTMLUnknownElementImpl.dispatchEvent 
(node_modules/jsdom/lib/jsdom/living/events/EventTarget-impl.js:104:17)
      at HTMLUnknownElement.dispatchEvent 
(node_modules/jsdom/lib/jsdom/living/generated/EventTarget.js:241:34)
      at Object.invokeGuardedCallbackDev 
(node_modules/react-dom/cjs/react-dom.development.js:4213:16)
      at invokeGuardedCallback 
(node_modules/react-dom/cjs/react-dom.development.js:4277:31)
      at invokeGuardedCallbackAndCatchFirstError 
(node_modules/react-dom/cjs/react-dom.development.js:4291:25)
      at executeDispatch 
(node_modules/react-dom/cjs/react-dom.development.js:9041:3)
      at processDispatchQueueItemsInOrder 
(node_modules/react-dom/cjs/react-dom.development.js:9073:7)
      at processDispatchQueue 
(node_modules/react-dom/cjs/react-dom.development.js:9086:5)
      at dispatchEventsForPlugins 
(node_modules/react-dom/cjs/react-dom.development.js:9097:3)
      at node_modules/react-dom/cjs/react-dom.development.js:9288:12
      at batchedUpdates$1 
(node_modules/react-dom/cjs/react-dom.development.js:26179:12)
      at batchedUpdates 
(node_modules/react-dom/cjs/react-dom.development.js:3991:12)
      at dispatchEventForPluginEventSystem 
(node_modules/react-dom/cjs/react-dom.development.js:9287:3)
      at dispatchEventWithEnableCapturePhaseSelectiveHydrationWithoutDiscreteEv
entReplay (node_modules/react-dom/cjs/react-dom.development.js:6465:5)
      at dispatchEvent 
(node_modules/react-dom/cjs/react-dom.development.js:6457:5)
      at dispatchDiscreteEvent 
(node_modules/react-dom/cjs/react-dom.development.js:6430:5)
      at HTMLDivElement.callTheUserObjectsOperation 
(node_modules/jsdom/lib/jsdom/living/generated/EventListener.js:26:30)
      at innerInvokeEventListeners 
(node_modules/jsdom/lib/jsdom/living/events/EventTarget-impl.js:350:25)
      at invokeEventListeners 
(node_modules/jsdom/lib/jsdom/living/events/EventTarget-impl.js:286:3)
      at HTMLInputElementImpl._dispatch 
(node_modules/jsdom/lib/jsdom/living/events/EventTarget-impl.js:233:9)
      at HTMLInputElementImpl.dispatchEvent 
(node_modules/jsdom/lib/jsdom/living/events/EventTarget-impl.js:104:17)
      at HTMLInputElement.dispatchEvent 
(node_modules/jsdom/lib/jsdom/living/generated/EventTarget.js:241:34)
      at 
node_modules/@testing-library/user-event/dist/cjs/event/dispatchEvent.js:45:43
      at Object.eventWrapper 
(node_modules/@testing-library/dom/dist/config.js:25:23)
      at Object.wrapEvent 
(node_modules/@testing-library/user-event/dist/cjs/event/wrapEvent.js:6:28)
      at Object.dispatchEvent (node_modules/@testing-library/user-event/dist/cj
s/event/dispatchEvent.js:45:22)
      at Object.dispatchUIEvent (node_modules/@testing-library/user-event/dist/
cjs/event/dispatchEvent.js:22:26)
      at commitInput 
(node_modules/@testing-library/user-event/dist/cjs/event/input.js:145:14)
      at editInputElement 
(node_modules/@testing-library/user-event/dist/cjs/event/input.js:115:9)
      at Object.input 
(node_modules/@testing-library/user-event/dist/cjs/event/input.js:37:9)
      at node_modules/@testing-library/user-event/dist/cjs/event/behavior/keypr
ess.js:31:26
      at Object.dispatchEvent (node_modules/@testing-library/user-event/dist/cj
s/event/dispatchEvent.js:41:13)
      at Object.dispatchUIEvent (node_modules/@testing-library/user-event/dist/
cjs/event/dispatchEvent.js:22:26)
      at KeyboardHost.keydown 
(node_modules/@testing-library/user-event/dist/cjs/system/keyboard.js:76:22)
      at keyboardAction 
(node_modules/@testing-library/user-event/dist/cjs/keyboard/index.js:22:35)
      at Object.keyboard 
(node_modules/@testing-library/user-event/dist/cjs/keyboard/index.js:11:15)
      at Object.type 
(node_modules/@testing-library/user-event/dist/cjs/utility/type.js:17:5)
      at Object.<anonymous> (src/auth/auth.test.tsx:560:9)

    console.error
      Warning: An update to LoginForm inside a test was not wrapped in 
act(...).
      
      When testing, code that causes React state updates should be wrapped 
into act(...):
      
      act(() => {
        /* fire events that update state */
      });
      /* assert on the output */
      
      This ensures that you're testing the behavior the user would see in the 
browser. Learn more at https://reactjs.org/link/wrap-tests-with-act
          at LoginForm (C:\Users\samhe\OneDrive\Desktop\Cleaned\frontend\src\au
th\LoginForm\LoginForm.tsx:41:33)
          at div
          at div
          at LoginPage
          at routeContext (C:\Users\samhe\OneDrive\Desktop\Cleaned\frontend\nod
e_modules\react-router\lib\hooks.tsx:658:26)
          at children (C:\Users\samhe\OneDrive\Desktop\Cleaned\frontend\node_mo
dules\react-router\lib\components.tsx:512:3)
          at basenameProp (C:\Users\samhe\OneDrive\Desktop\Cleaned\frontend\nod
e_modules\react-router\lib\components.tsx:421:13)
          at basename (C:\Users\samhe\OneDrive\Desktop\Cleaned\frontend\node_mo
dules\react-router\lib\components.tsx:225:3)

      123 |                     placeholder="email@company.com"
      124 |                     value={email}
    > 125 |                     onChange={(e) => setEmail(e.target.value)}
          |                                      ^
      126 |                     className="w-full rounded-md border 
border-gray-300 px-3 py-2 text-sm focus:outline-none focus:ring-2 
focus:ring-gray-900 disabled:opacity-50"
      127 |                 />
      128 |             </div>

      at printWarning 
(node_modules/react-dom/cjs/react-dom.development.js:86:30)
      at error (node_modules/react-dom/cjs/react-dom.development.js:60:7)
      at warnIfUpdatesNotWrappedWithActDEV 
(node_modules/react-dom/cjs/react-dom.development.js:27628:9)
      at scheduleUpdateOnFiber 
(node_modules/react-dom/cjs/react-dom.development.js:25547:5)
      at dispatchSetState 
(node_modules/react-dom/cjs/react-dom.development.js:16708:7)
      at onChange (src/auth/LoginForm/LoginForm.tsx:125:38)
      at HTMLUnknownElement.callCallback 
(node_modules/react-dom/cjs/react-dom.development.js:4164:14)
      at HTMLUnknownElement.callTheUserObjectsOperation 
(node_modules/jsdom/lib/jsdom/living/generated/EventListener.js:26:30)
      at innerInvokeEventListeners 
(node_modules/jsdom/lib/jsdom/living/events/EventTarget-impl.js:350:25)
      at invokeEventListeners 
(node_modules/jsdom/lib/jsdom/living/events/EventTarget-impl.js:286:3)
      at HTMLUnknownElementImpl._dispatch 
(node_modules/jsdom/lib/jsdom/living/events/EventTarget-impl.js:233:9)
      at HTMLUnknownElementImpl.dispatchEvent 
(node_modules/jsdom/lib/jsdom/living/events/EventTarget-impl.js:104:17)
      at HTMLUnknownElement.dispatchEvent 
(node_modules/jsdom/lib/jsdom/living/generated/EventTarget.js:241:34)
      at Object.invokeGuardedCallbackDev 
(node_modules/react-dom/cjs/react-dom.development.js:4213:16)
      at invokeGuardedCallback 
(node_modules/react-dom/cjs/react-dom.development.js:4277:31)
      at invokeGuardedCallbackAndCatchFirstError 
(node_modules/react-dom/cjs/react-dom.development.js:4291:25)
      at executeDispatch 
(node_modules/react-dom/cjs/react-dom.development.js:9041:3)
      at processDispatchQueueItemsInOrder 
(node_modules/react-dom/cjs/react-dom.development.js:9073:7)
      at processDispatchQueue 
(node_modules/react-dom/cjs/react-dom.development.js:9086:5)
      at dispatchEventsForPlugins 
(node_modules/react-dom/cjs/react-dom.development.js:9097:3)
      at node_modules/react-dom/cjs/react-dom.development.js:9288:12
      at batchedUpdates$1 
(node_modules/react-dom/cjs/react-dom.development.js:26179:12)
      at batchedUpdates 
(node_modules/react-dom/cjs/react-dom.development.js:3991:12)
      at dispatchEventForPluginEventSystem 
(node_modules/react-dom/cjs/react-dom.development.js:9287:3)
      at dispatchEventWithEnableCapturePhaseSelectiveHydrationWithoutDiscreteEv
entReplay (node_modules/react-dom/cjs/react-dom.development.js:6465:5)
      at dispatchEvent 
(node_modules/react-dom/cjs/react-dom.development.js:6457:5)
      at dispatchDiscreteEvent 
(node_modules/react-dom/cjs/react-dom.development.js:6430:5)
      at HTMLDivElement.callTheUserObjectsOperation 
(node_modules/jsdom/lib/jsdom/living/generated/EventListener.js:26:30)
      at innerInvokeEventListeners 
(node_modules/jsdom/lib/jsdom/living/events/EventTarget-impl.js:350:25)
      at invokeEventListeners 
(node_modules/jsdom/lib/jsdom/living/events/EventTarget-impl.js:286:3)
      at HTMLInputElementImpl._dispatch 
(node_modules/jsdom/lib/jsdom/living/events/EventTarget-impl.js:233:9)
      at HTMLInputElementImpl.dispatchEvent 
(node_modules/jsdom/lib/jsdom/living/events/EventTarget-impl.js:104:17)
      at HTMLInputElement.dispatchEvent 
(node_modules/jsdom/lib/jsdom/living/generated/EventTarget.js:241:34)
      at 
node_modules/@testing-library/user-event/dist/cjs/event/dispatchEvent.js:45:43
      at Object.eventWrapper 
(node_modules/@testing-library/dom/dist/config.js:25:23)
      at Object.wrapEvent 
(node_modules/@testing-library/user-event/dist/cjs/event/wrapEvent.js:6:28)
      at Object.dispatchEvent (node_modules/@testing-library/user-event/dist/cj
s/event/dispatchEvent.js:45:22)
      at Object.dispatchUIEvent (node_modules/@testing-library/user-event/dist/
cjs/event/dispatchEvent.js:22:26)
      at commitInput 
(node_modules/@testing-library/user-event/dist/cjs/event/input.js:145:14)
      at editInputElement 
(node_modules/@testing-library/user-event/dist/cjs/event/input.js:115:9)
      at Object.input 
(node_modules/@testing-library/user-event/dist/cjs/event/input.js:37:9)
      at node_modules/@testing-library/user-event/dist/cjs/event/behavior/keypr
ess.js:31:26
      at Object.dispatchEvent (node_modules/@testing-library/user-event/dist/cj
s/event/dispatchEvent.js:41:13)
      at Object.dispatchUIEvent (node_modules/@testing-library/user-event/dist/
cjs/event/dispatchEvent.js:22:26)
      at KeyboardHost.keydown 
(node_modules/@testing-library/user-event/dist/cjs/system/keyboard.js:76:22)
      at keyboardAction 
(node_modules/@testing-library/user-event/dist/cjs/keyboard/index.js:22:35)
      at Object.keyboard 
(node_modules/@testing-library/user-event/dist/cjs/keyboard/index.js:11:15)
      at Object.type 
(node_modules/@testing-library/user-event/dist/cjs/utility/type.js:17:5)
      at Object.<anonymous> (src/auth/auth.test.tsx:560:9)

    console.error
      Warning: An update to LoginForm inside a test was not wrapped in 
act(...).
      
      When testing, code that causes React state updates should be wrapped 
into act(...):
      
      act(() => {
        /* fire events that update state */
      });
      /* assert on the output */
      
      This ensures that you're testing the behavior the user would see in the 
browser. Learn more at https://reactjs.org/link/wrap-tests-with-act
          at LoginForm (C:\Users\samhe\OneDrive\Desktop\Cleaned\frontend\src\au
th\LoginForm\LoginForm.tsx:41:33)
          at div
          at div
          at LoginPage
          at routeContext (C:\Users\samhe\OneDrive\Desktop\Cleaned\frontend\nod
e_modules\react-router\lib\hooks.tsx:658:26)
          at children (C:\Users\samhe\OneDrive\Desktop\Cleaned\frontend\node_mo
dules\react-router\lib\components.tsx:512:3)
          at basenameProp (C:\Users\samhe\OneDrive\Desktop\Cleaned\frontend\nod
e_modules\react-router\lib\components.tsx:421:13)
          at basename (C:\Users\samhe\OneDrive\Desktop\Cleaned\frontend\node_mo
dules\react-router\lib\components.tsx:225:3)

      123 |                     placeholder="email@company.com"
      124 |                     value={email}
    > 125 |                     onChange={(e) => setEmail(e.target.value)}
          |                                      ^
      126 |                     className="w-full rounded-md border 
border-gray-300 px-3 py-2 text-sm focus:outline-none focus:ring-2 
focus:ring-gray-900 disabled:opacity-50"
      127 |                 />
      128 |             </div>

      at printWarning 
(node_modules/react-dom/cjs/react-dom.development.js:86:30)
      at error (node_modules/react-dom/cjs/react-dom.development.js:60:7)
      at warnIfUpdatesNotWrappedWithActDEV 
(node_modules/react-dom/cjs/react-dom.development.js:27628:9)
      at scheduleUpdateOnFiber 
(node_modules/react-dom/cjs/react-dom.development.js:25547:5)
      at dispatchSetState 
(node_modules/react-dom/cjs/react-dom.development.js:16708:7)
      at onChange (src/auth/LoginForm/LoginForm.tsx:125:38)
      at HTMLUnknownElement.callCallback 
(node_modules/react-dom/cjs/react-dom.development.js:4164:14)
      at HTMLUnknownElement.callTheUserObjectsOperation 
(node_modules/jsdom/lib/jsdom/living/generated/EventListener.js:26:30)
      at innerInvokeEventListeners 
(node_modules/jsdom/lib/jsdom/living/events/EventTarget-impl.js:350:25)
      at invokeEventListeners 
(node_modules/jsdom/lib/jsdom/living/events/EventTarget-impl.js:286:3)
      at HTMLUnknownElementImpl._dispatch 
(node_modules/jsdom/lib/jsdom/living/events/EventTarget-impl.js:233:9)
      at HTMLUnknownElementImpl.dispatchEvent 
(node_modules/jsdom/lib/jsdom/living/events/EventTarget-impl.js:104:17)
      at HTMLUnknownElement.dispatchEvent 
(node_modules/jsdom/lib/jsdom/living/generated/EventTarget.js:241:34)
      at Object.invokeGuardedCallbackDev 
(node_modules/react-dom/cjs/react-dom.development.js:4213:16)
      at invokeGuardedCallback 
(node_modules/react-dom/cjs/react-dom.development.js:4277:31)
      at invokeGuardedCallbackAndCatchFirstError 
(node_modules/react-dom/cjs/react-dom.development.js:4291:25)
      at executeDispatch 
(node_modules/react-dom/cjs/react-dom.development.js:9041:3)
      at processDispatchQueueItemsInOrder 
(node_modules/react-dom/cjs/react-dom.development.js:9073:7)
      at processDispatchQueue 
(node_modules/react-dom/cjs/react-dom.development.js:9086:5)
      at dispatchEventsForPlugins 
(node_modules/react-dom/cjs/react-dom.development.js:9097:3)
      at node_modules/react-dom/cjs/react-dom.development.js:9288:12
      at batchedUpdates$1 
(node_modules/react-dom/cjs/react-dom.development.js:26179:12)
      at batchedUpdates 
(node_modules/react-dom/cjs/react-dom.development.js:3991:12)
      at dispatchEventForPluginEventSystem 
(node_modules/react-dom/cjs/react-dom.development.js:9287:3)
      at dispatchEventWithEnableCapturePhaseSelectiveHydrationWithoutDiscreteEv
entReplay (node_modules/react-dom/cjs/react-dom.development.js:6465:5)
      at dispatchEvent 
(node_modules/react-dom/cjs/react-dom.development.js:6457:5)
      at dispatchDiscreteEvent 
(node_modules/react-dom/cjs/react-dom.development.js:6430:5)
      at HTMLDivElement.callTheUserObjectsOperation 
(node_modules/jsdom/lib/jsdom/living/generated/EventListener.js:26:30)
      at innerInvokeEventListeners 
(node_modules/jsdom/lib/jsdom/living/events/EventTarget-impl.js:350:25)
      at invokeEventListeners 
(node_modules/jsdom/lib/jsdom/living/events/EventTarget-impl.js:286:3)
      at HTMLInputElementImpl._dispatch 
(node_modules/jsdom/lib/jsdom/living/events/EventTarget-impl.js:233:9)
      at HTMLInputElementImpl.dispatchEvent 
(node_modules/jsdom/lib/jsdom/living/events/EventTarget-impl.js:104:17)
      at HTMLInputElement.dispatchEvent 
(node_modules/jsdom/lib/jsdom/living/generated/EventTarget.js:241:34)
      at 
node_modules/@testing-library/user-event/dist/cjs/event/dispatchEvent.js:45:43
      at Object.eventWrapper 
(node_modules/@testing-library/dom/dist/config.js:25:23)
      at Object.wrapEvent 
(node_modules/@testing-library/user-event/dist/cjs/event/wrapEvent.js:6:28)
      at Object.dispatchEvent (node_modules/@testing-library/user-event/dist/cj
s/event/dispatchEvent.js:45:22)
      at Object.dispatchUIEvent (node_modules/@testing-library/user-event/dist/
cjs/event/dispatchEvent.js:22:26)
      at commitInput 
(node_modules/@testing-library/user-event/dist/cjs/event/input.js:145:14)
      at editInputElement 
(node_modules/@testing-library/user-event/dist/cjs/event/input.js:115:9)
      at Object.input 
(node_modules/@testing-library/user-event/dist/cjs/event/input.js:37:9)
      at node_modules/@testing-library/user-event/dist/cjs/event/behavior/keypr
ess.js:31:26
      at Object.dispatchEvent (node_modules/@testing-library/user-event/dist/cj
s/event/dispatchEvent.js:41:13)
      at Object.dispatchUIEvent (node_modules/@testing-library/user-event/dist/
cjs/event/dispatchEvent.js:22:26)
      at KeyboardHost.keydown 
(node_modules/@testing-library/user-event/dist/cjs/system/keyboard.js:76:22)
      at keyboardAction 
(node_modules/@testing-library/user-event/dist/cjs/keyboard/index.js:22:35)
      at Object.keyboard 
(node_modules/@testing-library/user-event/dist/cjs/keyboard/index.js:11:15)
      at Object.type 
(node_modules/@testing-library/user-event/dist/cjs/utility/type.js:17:5)
      at Object.<anonymous> (src/auth/auth.test.tsx:560:9)

    console.error
      Warning: An update to LoginForm inside a test was not wrapped in 
act(...).
      
      When testing, code that causes React state updates should be wrapped 
into act(...):
      
      act(() => {
        /* fire events that update state */
      });
      /* assert on the output */
      
      This ensures that you're testing the behavior the user would see in the 
browser. Learn more at https://reactjs.org/link/wrap-tests-with-act
          at LoginForm (C:\Users\samhe\OneDrive\Desktop\Cleaned\frontend\src\au
th\LoginForm\LoginForm.tsx:41:33)
          at div
          at div
          at LoginPage
          at routeContext (C:\Users\samhe\OneDrive\Desktop\Cleaned\frontend\nod
e_modules\react-router\lib\hooks.tsx:658:26)
          at children (C:\Users\samhe\OneDrive\Desktop\Cleaned\frontend\node_mo
dules\react-router\lib\components.tsx:512:3)
          at basenameProp (C:\Users\samhe\OneDrive\Desktop\Cleaned\frontend\nod
e_modules\react-router\lib\components.tsx:421:13)
          at basename (C:\Users\samhe\OneDrive\Desktop\Cleaned\frontend\node_mo
dules\react-router\lib\components.tsx:225:3)

      123 |                     placeholder="email@company.com"
      124 |                     value={email}
    > 125 |                     onChange={(e) => setEmail(e.target.value)}
          |                                      ^
      126 |                     className="w-full rounded-md border 
border-gray-300 px-3 py-2 text-sm focus:outline-none focus:ring-2 
focus:ring-gray-900 disabled:opacity-50"
      127 |                 />
      128 |             </div>

      at printWarning 
(node_modules/react-dom/cjs/react-dom.development.js:86:30)
      at error (node_modules/react-dom/cjs/react-dom.development.js:60:7)
      at warnIfUpdatesNotWrappedWithActDEV 
(node_modules/react-dom/cjs/react-dom.development.js:27628:9)
      at scheduleUpdateOnFiber 
(node_modules/react-dom/cjs/react-dom.development.js:25547:5)
      at dispatchSetState 
(node_modules/react-dom/cjs/react-dom.development.js:16708:7)
      at onChange (src/auth/LoginForm/LoginForm.tsx:125:38)
      at HTMLUnknownElement.callCallback 
(node_modules/react-dom/cjs/react-dom.development.js:4164:14)
      at HTMLUnknownElement.callTheUserObjectsOperation 
(node_modules/jsdom/lib/jsdom/living/generated/EventListener.js:26:30)
      at innerInvokeEventListeners 
(node_modules/jsdom/lib/jsdom/living/events/EventTarget-impl.js:350:25)
      at invokeEventListeners 
(node_modules/jsdom/lib/jsdom/living/events/EventTarget-impl.js:286:3)
      at HTMLUnknownElementImpl._dispatch 
(node_modules/jsdom/lib/jsdom/living/events/EventTarget-impl.js:233:9)
      at HTMLUnknownElementImpl.dispatchEvent 
(node_modules/jsdom/lib/jsdom/living/events/EventTarget-impl.js:104:17)
      at HTMLUnknownElement.dispatchEvent 
(node_modules/jsdom/lib/jsdom/living/generated/EventTarget.js:241:34)
      at Object.invokeGuardedCallbackDev 
(node_modules/react-dom/cjs/react-dom.development.js:4213:16)
      at invokeGuardedCallback 
(node_modules/react-dom/cjs/react-dom.development.js:4277:31)
      at invokeGuardedCallbackAndCatchFirstError 
(node_modules/react-dom/cjs/react-dom.development.js:4291:25)
      at executeDispatch 
(node_modules/react-dom/cjs/react-dom.development.js:9041:3)
      at processDispatchQueueItemsInOrder 
(node_modules/react-dom/cjs/react-dom.development.js:9073:7)
      at processDispatchQueue 
(node_modules/react-dom/cjs/react-dom.development.js:9086:5)
      at dispatchEventsForPlugins 
(node_modules/react-dom/cjs/react-dom.development.js:9097:3)
      at node_modules/react-dom/cjs/react-dom.development.js:9288:12
      at batchedUpdates$1 
(node_modules/react-dom/cjs/react-dom.development.js:26179:12)
      at batchedUpdates 
(node_modules/react-dom/cjs/react-dom.development.js:3991:12)
      at dispatchEventForPluginEventSystem 
(node_modules/react-dom/cjs/react-dom.development.js:9287:3)
      at dispatchEventWithEnableCapturePhaseSelectiveHydrationWithoutDiscreteEv
entReplay (node_modules/react-dom/cjs/react-dom.development.js:6465:5)
      at dispatchEvent 
(node_modules/react-dom/cjs/react-dom.development.js:6457:5)
      at dispatchDiscreteEvent 
(node_modules/react-dom/cjs/react-dom.development.js:6430:5)
      at HTMLDivElement.callTheUserObjectsOperation 
(node_modules/jsdom/lib/jsdom/living/generated/EventListener.js:26:30)
      at innerInvokeEventListeners 
(node_modules/jsdom/lib/jsdom/living/events/EventTarget-impl.js:350:25)
      at invokeEventListeners 
(node_modules/jsdom/lib/jsdom/living/events/EventTarget-impl.js:286:3)
      at HTMLInputElementImpl._dispatch 
(node_modules/jsdom/lib/jsdom/living/events/EventTarget-impl.js:233:9)
      at HTMLInputElementImpl.dispatchEvent 
(node_modules/jsdom/lib/jsdom/living/events/EventTarget-impl.js:104:17)
      at HTMLInputElement.dispatchEvent 
(node_modules/jsdom/lib/jsdom/living/generated/EventTarget.js:241:34)
      at 
node_modules/@testing-library/user-event/dist/cjs/event/dispatchEvent.js:45:43
      at Object.eventWrapper 
(node_modules/@testing-library/dom/dist/config.js:25:23)
      at Object.wrapEvent 
(node_modules/@testing-library/user-event/dist/cjs/event/wrapEvent.js:6:28)
      at Object.dispatchEvent (node_modules/@testing-library/user-event/dist/cj
s/event/dispatchEvent.js:45:22)
      at Object.dispatchUIEvent (node_modules/@testing-library/user-event/dist/
cjs/event/dispatchEvent.js:22:26)
      at commitInput 
(node_modules/@testing-library/user-event/dist/cjs/event/input.js:145:14)
      at editInputElement 
(node_modules/@testing-library/user-event/dist/cjs/event/input.js:115:9)
      at Object.input 
(node_modules/@testing-library/user-event/dist/cjs/event/input.js:37:9)
      at node_modules/@testing-library/user-event/dist/cjs/event/behavior/keypr
ess.js:31:26
      at Object.dispatchEvent (node_modules/@testing-library/user-event/dist/cj
s/event/dispatchEvent.js:41:13)
      at Object.dispatchUIEvent (node_modules/@testing-library/user-event/dist/
cjs/event/dispatchEvent.js:22:26)
      at KeyboardHost.keydown 
(node_modules/@testing-library/user-event/dist/cjs/system/keyboard.js:76:22)
      at keyboardAction 
(node_modules/@testing-library/user-event/dist/cjs/keyboard/index.js:22:35)
      at Object.keyboard 
(node_modules/@testing-library/user-event/dist/cjs/keyboard/index.js:11:15)
      at Object.type 
(node_modules/@testing-library/user-event/dist/cjs/utility/type.js:17:5)
      at Object.<anonymous> (src/auth/auth.test.tsx:560:9)

    console.error
      Warning: An update to LoginForm inside a test was not wrapped in 
act(...).
      
      When testing, code that causes React state updates should be wrapped 
into act(...):
      
      act(() => {
        /* fire events that update state */
      });
      /* assert on the output */
      
      This ensures that you're testing the behavior the user would see in the 
browser. Learn more at https://reactjs.org/link/wrap-tests-with-act
          at LoginForm (C:\Users\samhe\OneDrive\Desktop\Cleaned\frontend\src\au
th\LoginForm\LoginForm.tsx:41:33)
          at div
          at div
          at LoginPage
          at routeContext (C:\Users\samhe\OneDrive\Desktop\Cleaned\frontend\nod
e_modules\react-router\lib\hooks.tsx:658:26)
          at children (C:\Users\samhe\OneDrive\Desktop\Cleaned\frontend\node_mo
dules\react-router\lib\components.tsx:512:3)
          at basenameProp (C:\Users\samhe\OneDrive\Desktop\Cleaned\frontend\nod
e_modules\react-router\lib\components.tsx:421:13)
          at basename (C:\Users\samhe\OneDrive\Desktop\Cleaned\frontend\node_mo
dules\react-router\lib\components.tsx:225:3)

      123 |                     placeholder="email@company.com"
      124 |                     value={email}
    > 125 |                     onChange={(e) => setEmail(e.target.value)}
          |                                      ^
      126 |                     className="w-full rounded-md border 
border-gray-300 px-3 py-2 text-sm focus:outline-none focus:ring-2 
focus:ring-gray-900 disabled:opacity-50"
      127 |                 />
      128 |             </div>

      at printWarning 
(node_modules/react-dom/cjs/react-dom.development.js:86:30)
      at error (node_modules/react-dom/cjs/react-dom.development.js:60:7)
      at warnIfUpdatesNotWrappedWithActDEV 
(node_modules/react-dom/cjs/react-dom.development.js:27628:9)
      at scheduleUpdateOnFiber 
(node_modules/react-dom/cjs/react-dom.development.js:25547:5)
      at dispatchSetState 
(node_modules/react-dom/cjs/react-dom.development.js:16708:7)
      at onChange (src/auth/LoginForm/LoginForm.tsx:125:38)
      at HTMLUnknownElement.callCallback 
(node_modules/react-dom/cjs/react-dom.development.js:4164:14)
      at HTMLUnknownElement.callTheUserObjectsOperation 
(node_modules/jsdom/lib/jsdom/living/generated/EventListener.js:26:30)
      at innerInvokeEventListeners 
(node_modules/jsdom/lib/jsdom/living/events/EventTarget-impl.js:350:25)
      at invokeEventListeners 
(node_modules/jsdom/lib/jsdom/living/events/EventTarget-impl.js:286:3)
      at HTMLUnknownElementImpl._dispatch 
(node_modules/jsdom/lib/jsdom/living/events/EventTarget-impl.js:233:9)
      at HTMLUnknownElementImpl.dispatchEvent 
(node_modules/jsdom/lib/jsdom/living/events/EventTarget-impl.js:104:17)
      at HTMLUnknownElement.dispatchEvent 
(node_modules/jsdom/lib/jsdom/living/generated/EventTarget.js:241:34)
      at Object.invokeGuardedCallbackDev 
(node_modules/react-dom/cjs/react-dom.development.js:4213:16)
      at invokeGuardedCallback 
(node_modules/react-dom/cjs/react-dom.development.js:4277:31)
      at invokeGuardedCallbackAndCatchFirstError 
(node_modules/react-dom/cjs/react-dom.development.js:4291:25)
      at executeDispatch 
(node_modules/react-dom/cjs/react-dom.development.js:9041:3)
      at processDispatchQueueItemsInOrder 
(node_modules/react-dom/cjs/react-dom.development.js:9073:7)
      at processDispatchQueue 
(node_modules/react-dom/cjs/react-dom.development.js:9086:5)
      at dispatchEventsForPlugins 
(node_modules/react-dom/cjs/react-dom.development.js:9097:3)
      at node_modules/react-dom/cjs/react-dom.development.js:9288:12
      at batchedUpdates$1 
(node_modules/react-dom/cjs/react-dom.development.js:26179:12)
      at batchedUpdates 
(node_modules/react-dom/cjs/react-dom.development.js:3991:12)
      at dispatchEventForPluginEventSystem 
(node_modules/react-dom/cjs/react-dom.development.js:9287:3)
      at dispatchEventWithEnableCapturePhaseSelectiveHydrationWithoutDiscreteEv
entReplay (node_modules/react-dom/cjs/react-dom.development.js:6465:5)
      at dispatchEvent 
(node_modules/react-dom/cjs/react-dom.development.js:6457:5)
      at dispatchDiscreteEvent 
(node_modules/react-dom/cjs/react-dom.development.js:6430:5)
      at HTMLDivElement.callTheUserObjectsOperation 
(node_modules/jsdom/lib/jsdom/living/generated/EventListener.js:26:30)
      at innerInvokeEventListeners 
(node_modules/jsdom/lib/jsdom/living/events/EventTarget-impl.js:350:25)
      at invokeEventListeners 
(node_modules/jsdom/lib/jsdom/living/events/EventTarget-impl.js:286:3)
      at HTMLInputElementImpl._dispatch 
(node_modules/jsdom/lib/jsdom/living/events/EventTarget-impl.js:233:9)
      at HTMLInputElementImpl.dispatchEvent 
(node_modules/jsdom/lib/jsdom/living/events/EventTarget-impl.js:104:17)
      at HTMLInputElement.dispatchEvent 
(node_modules/jsdom/lib/jsdom/living/generated/EventTarget.js:241:34)
      at 
node_modules/@testing-library/user-event/dist/cjs/event/dispatchEvent.js:45:43
      at Object.eventWrapper 
(node_modules/@testing-library/dom/dist/config.js:25:23)
      at Object.wrapEvent 
(node_modules/@testing-library/user-event/dist/cjs/event/wrapEvent.js:6:28)
      at Object.dispatchEvent (node_modules/@testing-library/user-event/dist/cj
s/event/dispatchEvent.js:45:22)
      at Object.dispatchUIEvent (node_modules/@testing-library/user-event/dist/
cjs/event/dispatchEvent.js:22:26)
      at commitInput 
(node_modules/@testing-library/user-event/dist/cjs/event/input.js:145:14)
      at editInputElement 
(node_modules/@testing-library/user-event/dist/cjs/event/input.js:115:9)
      at Object.input 
(node_modules/@testing-library/user-event/dist/cjs/event/input.js:37:9)
      at node_modules/@testing-library/user-event/dist/cjs/event/behavior/keypr
ess.js:31:26
      at Object.dispatchEvent (node_modules/@testing-library/user-event/dist/cj
s/event/dispatchEvent.js:41:13)
      at Object.dispatchUIEvent (node_modules/@testing-library/user-event/dist/
cjs/event/dispatchEvent.js:22:26)
      at KeyboardHost.keydown 
(node_modules/@testing-library/user-event/dist/cjs/system/keyboard.js:76:22)
      at keyboardAction 
(node_modules/@testing-library/user-event/dist/cjs/keyboard/index.js:22:35)
      at Object.keyboard 
(node_modules/@testing-library/user-event/dist/cjs/keyboard/index.js:11:15)
      at Object.type 
(node_modules/@testing-library/user-event/dist/cjs/utility/type.js:17:5)
      at Object.<anonymous> (src/auth/auth.test.tsx:560:9)

    console.error
      Warning: An update to LoginForm inside a test was not wrapped in 
act(...).
      
      When testing, code that causes React state updates should be wrapped 
into act(...):
      
      act(() => {
        /* fire events that update state */
      });
      /* assert on the output */
      
      This ensures that you're testing the behavior the user would see in the 
browser. Learn more at https://reactjs.org/link/wrap-tests-with-act
          at LoginForm (C:\Users\samhe\OneDrive\Desktop\Cleaned\frontend\src\au
th\LoginForm\LoginForm.tsx:41:33)
          at div
          at div
          at LoginPage
          at routeContext (C:\Users\samhe\OneDrive\Desktop\Cleaned\frontend\nod
e_modules\react-router\lib\hooks.tsx:658:26)
          at children (C:\Users\samhe\OneDrive\Desktop\Cleaned\frontend\node_mo
dules\react-router\lib\components.tsx:512:3)
          at basenameProp (C:\Users\samhe\OneDrive\Desktop\Cleaned\frontend\nod
e_modules\react-router\lib\components.tsx:421:13)
          at basename (C:\Users\samhe\OneDrive\Desktop\Cleaned\frontend\node_mo
dules\react-router\lib\components.tsx:225:3)

      123 |                     placeholder="email@company.com"
      124 |                     value={email}
    > 125 |                     onChange={(e) => setEmail(e.target.value)}
          |                                      ^
      126 |                     className="w-full rounded-md border 
border-gray-300 px-3 py-2 text-sm focus:outline-none focus:ring-2 
focus:ring-gray-900 disabled:opacity-50"
      127 |                 />
      128 |             </div>

      at printWarning 
(node_modules/react-dom/cjs/react-dom.development.js:86:30)
      at error (node_modules/react-dom/cjs/react-dom.development.js:60:7)
      at warnIfUpdatesNotWrappedWithActDEV 
(node_modules/react-dom/cjs/react-dom.development.js:27628:9)
      at scheduleUpdateOnFiber 
(node_modules/react-dom/cjs/react-dom.development.js:25547:5)
      at dispatchSetState 
(node_modules/react-dom/cjs/react-dom.development.js:16708:7)
      at onChange (src/auth/LoginForm/LoginForm.tsx:125:38)
      at HTMLUnknownElement.callCallback 
(node_modules/react-dom/cjs/react-dom.development.js:4164:14)
      at HTMLUnknownElement.callTheUserObjectsOperation 
(node_modules/jsdom/lib/jsdom/living/generated/EventListener.js:26:30)
      at innerInvokeEventListeners 
(node_modules/jsdom/lib/jsdom/living/events/EventTarget-impl.js:350:25)
      at invokeEventListeners 
(node_modules/jsdom/lib/jsdom/living/events/EventTarget-impl.js:286:3)
      at HTMLUnknownElementImpl._dispatch 
(node_modules/jsdom/lib/jsdom/living/events/EventTarget-impl.js:233:9)
      at HTMLUnknownElementImpl.dispatchEvent 
(node_modules/jsdom/lib/jsdom/living/events/EventTarget-impl.js:104:17)
      at HTMLUnknownElement.dispatchEvent 
(node_modules/jsdom/lib/jsdom/living/generated/EventTarget.js:241:34)
      at Object.invokeGuardedCallbackDev 
(node_modules/react-dom/cjs/react-dom.development.js:4213:16)
      at invokeGuardedCallback 
(node_modules/react-dom/cjs/react-dom.development.js:4277:31)
      at invokeGuardedCallbackAndCatchFirstError 
(node_modules/react-dom/cjs/react-dom.development.js:4291:25)
      at executeDispatch 
(node_modules/react-dom/cjs/react-dom.development.js:9041:3)
      at processDispatchQueueItemsInOrder 
(node_modules/react-dom/cjs/react-dom.development.js:9073:7)
      at processDispatchQueue 
(node_modules/react-dom/cjs/react-dom.development.js:9086:5)
      at dispatchEventsForPlugins 
(node_modules/react-dom/cjs/react-dom.development.js:9097:3)
      at node_modules/react-dom/cjs/react-dom.development.js:9288:12
      at batchedUpdates$1 
(node_modules/react-dom/cjs/react-dom.development.js:26179:12)
      at batchedUpdates 
(node_modules/react-dom/cjs/react-dom.development.js:3991:12)
      at dispatchEventForPluginEventSystem 
(node_modules/react-dom/cjs/react-dom.development.js:9287:3)
      at dispatchEventWithEnableCapturePhaseSelectiveHydrationWithoutDiscreteEv
entReplay (node_modules/react-dom/cjs/react-dom.development.js:6465:5)
      at dispatchEvent 
(node_modules/react-dom/cjs/react-dom.development.js:6457:5)
      at dispatchDiscreteEvent 
(node_modules/react-dom/cjs/react-dom.development.js:6430:5)
      at HTMLDivElement.callTheUserObjectsOperation 
(node_modules/jsdom/lib/jsdom/living/generated/EventListener.js:26:30)
      at innerInvokeEventListeners 
(node_modules/jsdom/lib/jsdom/living/events/EventTarget-impl.js:350:25)
      at invokeEventListeners 
(node_modules/jsdom/lib/jsdom/living/events/EventTarget-impl.js:286:3)
      at HTMLInputElementImpl._dispatch 
(node_modules/jsdom/lib/jsdom/living/events/EventTarget-impl.js:233:9)
      at HTMLInputElementImpl.dispatchEvent 
(node_modules/jsdom/lib/jsdom/living/events/EventTarget-impl.js:104:17)
      at HTMLInputElement.dispatchEvent 
(node_modules/jsdom/lib/jsdom/living/generated/EventTarget.js:241:34)
      at 
node_modules/@testing-library/user-event/dist/cjs/event/dispatchEvent.js:45:43
      at Object.eventWrapper 
(node_modules/@testing-library/dom/dist/config.js:25:23)
      at Object.wrapEvent 
(node_modules/@testing-library/user-event/dist/cjs/event/wrapEvent.js:6:28)
      at Object.dispatchEvent (node_modules/@testing-library/user-event/dist/cj
s/event/dispatchEvent.js:45:22)
      at Object.dispatchUIEvent (node_modules/@testing-library/user-event/dist/
cjs/event/dispatchEvent.js:22:26)
      at commitInput 
(node_modules/@testing-library/user-event/dist/cjs/event/input.js:145:14)
      at editInputElement 
(node_modules/@testing-library/user-event/dist/cjs/event/input.js:115:9)
      at Object.input 
(node_modules/@testing-library/user-event/dist/cjs/event/input.js:37:9)
      at node_modules/@testing-library/user-event/dist/cjs/event/behavior/keypr
ess.js:31:26
      at Object.dispatchEvent (node_modules/@testing-library/user-event/dist/cj
s/event/dispatchEvent.js:41:13)
      at Object.dispatchUIEvent (node_modules/@testing-library/user-event/dist/
cjs/event/dispatchEvent.js:22:26)
      at KeyboardHost.keydown 
(node_modules/@testing-library/user-event/dist/cjs/system/keyboard.js:76:22)
      at keyboardAction 
(node_modules/@testing-library/user-event/dist/cjs/keyboard/index.js:22:35)
      at Object.keyboard 
(node_modules/@testing-library/user-event/dist/cjs/keyboard/index.js:11:15)
      at Object.type 
(node_modules/@testing-library/user-event/dist/cjs/utility/type.js:17:5)
      at Object.<anonymous> (src/auth/auth.test.tsx:560:9)

    console.error
      Warning: An update to LoginForm inside a test was not wrapped in 
act(...).
      
      When testing, code that causes React state updates should be wrapped 
into act(...):
      
      act(() => {
        /* fire events that update state */
      });
      /* assert on the output */
      
      This ensures that you're testing the behavior the user would see in the 
browser. Learn more at https://reactjs.org/link/wrap-tests-with-act
          at LoginForm (C:\Users\samhe\OneDrive\Desktop\Cleaned\frontend\src\au
th\LoginForm\LoginForm.tsx:41:33)
          at div
          at div
          at LoginPage
          at routeContext (C:\Users\samhe\OneDrive\Desktop\Cleaned\frontend\nod
e_modules\react-router\lib\hooks.tsx:658:26)
          at children (C:\Users\samhe\OneDrive\Desktop\Cleaned\frontend\node_mo
dules\react-router\lib\components.tsx:512:3)
          at basenameProp (C:\Users\samhe\OneDrive\Desktop\Cleaned\frontend\nod
e_modules\react-router\lib\components.tsx:421:13)
          at basename (C:\Users\samhe\OneDrive\Desktop\Cleaned\frontend\node_mo
dules\react-router\lib\components.tsx:225:3)

      123 |                     placeholder="email@company.com"
      124 |                     value={email}
    > 125 |                     onChange={(e) => setEmail(e.target.value)}
          |                                      ^
      126 |                     className="w-full rounded-md border 
border-gray-300 px-3 py-2 text-sm focus:outline-none focus:ring-2 
focus:ring-gray-900 disabled:opacity-50"
      127 |                 />
      128 |             </div>

      at printWarning 
(node_modules/react-dom/cjs/react-dom.development.js:86:30)
      at error (node_modules/react-dom/cjs/react-dom.development.js:60:7)
      at warnIfUpdatesNotWrappedWithActDEV 
(node_modules/react-dom/cjs/react-dom.development.js:27628:9)
      at scheduleUpdateOnFiber 
(node_modules/react-dom/cjs/react-dom.development.js:25547:5)
      at dispatchSetState 
(node_modules/react-dom/cjs/react-dom.development.js:16708:7)
      at onChange (src/auth/LoginForm/LoginForm.tsx:125:38)
      at HTMLUnknownElement.callCallback 
(node_modules/react-dom/cjs/react-dom.development.js:4164:14)
      at HTMLUnknownElement.callTheUserObjectsOperation 
(node_modules/jsdom/lib/jsdom/living/generated/EventListener.js:26:30)
      at innerInvokeEventListeners 
(node_modules/jsdom/lib/jsdom/living/events/EventTarget-impl.js:350:25)
      at invokeEventListeners 
(node_modules/jsdom/lib/jsdom/living/events/EventTarget-impl.js:286:3)
      at HTMLUnknownElementImpl._dispatch 
(node_modules/jsdom/lib/jsdom/living/events/EventTarget-impl.js:233:9)
      at HTMLUnknownElementImpl.dispatchEvent 
(node_modules/jsdom/lib/jsdom/living/events/EventTarget-impl.js:104:17)
      at HTMLUnknownElement.dispatchEvent 
(node_modules/jsdom/lib/jsdom/living/generated/EventTarget.js:241:34)
      at Object.invokeGuardedCallbackDev 
(node_modules/react-dom/cjs/react-dom.development.js:4213:16)
      at invokeGuardedCallback 
(node_modules/react-dom/cjs/react-dom.development.js:4277:31)
      at invokeGuardedCallbackAndCatchFirstError 
(node_modules/react-dom/cjs/react-dom.development.js:4291:25)
      at executeDispatch 
(node_modules/react-dom/cjs/react-dom.development.js:9041:3)
      at processDispatchQueueItemsInOrder 
(node_modules/react-dom/cjs/react-dom.development.js:9073:7)
      at processDispatchQueue 
(node_modules/react-dom/cjs/react-dom.development.js:9086:5)
      at dispatchEventsForPlugins 
(node_modules/react-dom/cjs/react-dom.development.js:9097:3)
      at node_modules/react-dom/cjs/react-dom.development.js:9288:12
      at batchedUpdates$1 
(node_modules/react-dom/cjs/react-dom.development.js:26179:12)
      at batchedUpdates 
(node_modules/react-dom/cjs/react-dom.development.js:3991:12)
      at dispatchEventForPluginEventSystem 
(node_modules/react-dom/cjs/react-dom.development.js:9287:3)
      at dispatchEventWithEnableCapturePhaseSelectiveHydrationWithoutDiscreteEv
entReplay (node_modules/react-dom/cjs/react-dom.development.js:6465:5)
      at dispatchEvent 
(node_modules/react-dom/cjs/react-dom.development.js:6457:5)
      at dispatchDiscreteEvent 
(node_modules/react-dom/cjs/react-dom.development.js:6430:5)
      at HTMLDivElement.callTheUserObjectsOperation 
(node_modules/jsdom/lib/jsdom/living/generated/EventListener.js:26:30)
      at innerInvokeEventListeners 
(node_modules/jsdom/lib/jsdom/living/events/EventTarget-impl.js:350:25)
      at invokeEventListeners 
(node_modules/jsdom/lib/jsdom/living/events/EventTarget-impl.js:286:3)
      at HTMLInputElementImpl._dispatch 
(node_modules/jsdom/lib/jsdom/living/events/EventTarget-impl.js:233:9)
      at HTMLInputElementImpl.dispatchEvent 
(node_modules/jsdom/lib/jsdom/living/events/EventTarget-impl.js:104:17)
      at HTMLInputElement.dispatchEvent 
(node_modules/jsdom/lib/jsdom/living/generated/EventTarget.js:241:34)
      at 
node_modules/@testing-library/user-event/dist/cjs/event/dispatchEvent.js:45:43
      at Object.eventWrapper 
(node_modules/@testing-library/dom/dist/config.js:25:23)
      at Object.wrapEvent 
(node_modules/@testing-library/user-event/dist/cjs/event/wrapEvent.js:6:28)
      at Object.dispatchEvent (node_modules/@testing-library/user-event/dist/cj
s/event/dispatchEvent.js:45:22)
      at Object.dispatchUIEvent (node_modules/@testing-library/user-event/dist/
cjs/event/dispatchEvent.js:22:26)
      at commitInput 
(node_modules/@testing-library/user-event/dist/cjs/event/input.js:145:14)
      at editInputElement 
(node_modules/@testing-library/user-event/dist/cjs/event/input.js:115:9)
      at Object.input 
(node_modules/@testing-library/user-event/dist/cjs/event/input.js:37:9)
      at node_modules/@testing-library/user-event/dist/cjs/event/behavior/keypr
ess.js:31:26
      at Object.dispatchEvent (node_modules/@testing-library/user-event/dist/cj
s/event/dispatchEvent.js:41:13)
      at Object.dispatchUIEvent (node_modules/@testing-library/user-event/dist/
cjs/event/dispatchEvent.js:22:26)
      at KeyboardHost.keydown 
(node_modules/@testing-library/user-event/dist/cjs/system/keyboard.js:76:22)
      at keyboardAction 
(node_modules/@testing-library/user-event/dist/cjs/keyboard/index.js:22:35)
      at Object.keyboard 
(node_modules/@testing-library/user-event/dist/cjs/keyboard/index.js:11:15)
      at Object.type 
(node_modules/@testing-library/user-event/dist/cjs/utility/type.js:17:5)
      at Object.<anonymous> (src/auth/auth.test.tsx:560:9)

    console.error
      Warning: An update to LoginForm inside a test was not wrapped in 
act(...).
      
      When testing, code that causes React state updates should be wrapped 
into act(...):
      
      act(() => {
        /* fire events that update state */
      });
      /* assert on the output */
      
      This ensures that you're testing the behavior the user would see in the 
browser. Learn more at https://reactjs.org/link/wrap-tests-with-act
          at LoginForm (C:\Users\samhe\OneDrive\Desktop\Cleaned\frontend\src\au
th\LoginForm\LoginForm.tsx:41:33)
          at div
          at div
          at LoginPage
          at routeContext (C:\Users\samhe\OneDrive\Desktop\Cleaned\frontend\nod
e_modules\react-router\lib\hooks.tsx:658:26)
          at children (C:\Users\samhe\OneDrive\Desktop\Cleaned\frontend\node_mo
dules\react-router\lib\components.tsx:512:3)
          at basenameProp (C:\Users\samhe\OneDrive\Desktop\Cleaned\frontend\nod
e_modules\react-router\lib\components.tsx:421:13)
          at basename (C:\Users\samhe\OneDrive\Desktop\Cleaned\frontend\node_mo
dules\react-router\lib\components.tsx:225:3)

      123 |                     placeholder="email@company.com"
      124 |                     value={email}
    > 125 |                     onChange={(e) => setEmail(e.target.value)}
          |                                      ^
      126 |                     className="w-full rounded-md border 
border-gray-300 px-3 py-2 text-sm focus:outline-none focus:ring-2 
focus:ring-gray-900 disabled:opacity-50"
      127 |                 />
      128 |             </div>

      at printWarning 
(node_modules/react-dom/cjs/react-dom.development.js:86:30)
      at error (node_modules/react-dom/cjs/react-dom.development.js:60:7)
      at warnIfUpdatesNotWrappedWithActDEV 
(node_modules/react-dom/cjs/react-dom.development.js:27628:9)
      at scheduleUpdateOnFiber 
(node_modules/react-dom/cjs/react-dom.development.js:25547:5)
      at dispatchSetState 
(node_modules/react-dom/cjs/react-dom.development.js:16708:7)
      at onChange (src/auth/LoginForm/LoginForm.tsx:125:38)
      at HTMLUnknownElement.callCallback 
(node_modules/react-dom/cjs/react-dom.development.js:4164:14)
      at HTMLUnknownElement.callTheUserObjectsOperation 
(node_modules/jsdom/lib/jsdom/living/generated/EventListener.js:26:30)
      at innerInvokeEventListeners 
(node_modules/jsdom/lib/jsdom/living/events/EventTarget-impl.js:350:25)
      at invokeEventListeners 
(node_modules/jsdom/lib/jsdom/living/events/EventTarget-impl.js:286:3)
      at HTMLUnknownElementImpl._dispatch 
(node_modules/jsdom/lib/jsdom/living/events/EventTarget-impl.js:233:9)
      at HTMLUnknownElementImpl.dispatchEvent 
(node_modules/jsdom/lib/jsdom/living/events/EventTarget-impl.js:104:17)
      at HTMLUnknownElement.dispatchEvent 
(node_modules/jsdom/lib/jsdom/living/generated/EventTarget.js:241:34)
      at Object.invokeGuardedCallbackDev 
(node_modules/react-dom/cjs/react-dom.development.js:4213:16)
      at invokeGuardedCallback 
(node_modules/react-dom/cjs/react-dom.development.js:4277:31)
      at invokeGuardedCallbackAndCatchFirstError 
(node_modules/react-dom/cjs/react-dom.development.js:4291:25)
      at executeDispatch 
(node_modules/react-dom/cjs/react-dom.development.js:9041:3)
      at processDispatchQueueItemsInOrder 
(node_modules/react-dom/cjs/react-dom.development.js:9073:7)
      at processDispatchQueue 
(node_modules/react-dom/cjs/react-dom.development.js:9086:5)
      at dispatchEventsForPlugins 
(node_modules/react-dom/cjs/react-dom.development.js:9097:3)
      at node_modules/react-dom/cjs/react-dom.development.js:9288:12
      at batchedUpdates$1 
(node_modules/react-dom/cjs/react-dom.development.js:26179:12)
      at batchedUpdates 
(node_modules/react-dom/cjs/react-dom.development.js:3991:12)
      at dispatchEventForPluginEventSystem 
(node_modules/react-dom/cjs/react-dom.development.js:9287:3)
      at dispatchEventWithEnableCapturePhaseSelectiveHydrationWithoutDiscreteEv
entReplay (node_modules/react-dom/cjs/react-dom.development.js:6465:5)
      at dispatchEvent 
(node_modules/react-dom/cjs/react-dom.development.js:6457:5)
      at dispatchDiscreteEvent 
(node_modules/react-dom/cjs/react-dom.development.js:6430:5)
      at HTMLDivElement.callTheUserObjectsOperation 
(node_modules/jsdom/lib/jsdom/living/generated/EventListener.js:26:30)
      at innerInvokeEventListeners 
(node_modules/jsdom/lib/jsdom/living/events/EventTarget-impl.js:350:25)
      at invokeEventListeners 
(node_modules/jsdom/lib/jsdom/living/events/EventTarget-impl.js:286:3)
      at HTMLInputElementImpl._dispatch 
(node_modules/jsdom/lib/jsdom/living/events/EventTarget-impl.js:233:9)
      at HTMLInputElementImpl.dispatchEvent 
(node_modules/jsdom/lib/jsdom/living/events/EventTarget-impl.js:104:17)
      at HTMLInputElement.dispatchEvent 
(node_modules/jsdom/lib/jsdom/living/generated/EventTarget.js:241:34)
      at 
node_modules/@testing-library/user-event/dist/cjs/event/dispatchEvent.js:45:43
      at Object.eventWrapper 
(node_modules/@testing-library/dom/dist/config.js:25:23)
      at Object.wrapEvent 
(node_modules/@testing-library/user-event/dist/cjs/event/wrapEvent.js:6:28)
      at Object.dispatchEvent (node_modules/@testing-library/user-event/dist/cj
s/event/dispatchEvent.js:45:22)
      at Object.dispatchUIEvent (node_modules/@testing-library/user-event/dist/
cjs/event/dispatchEvent.js:22:26)
      at commitInput 
(node_modules/@testing-library/user-event/dist/cjs/event/input.js:145:14)
      at editInputElement 
(node_modules/@testing-library/user-event/dist/cjs/event/input.js:115:9)
      at Object.input 
(node_modules/@testing-library/user-event/dist/cjs/event/input.js:37:9)
      at node_modules/@testing-library/user-event/dist/cjs/event/behavior/keypr
ess.js:31:26
      at Object.dispatchEvent (node_modules/@testing-library/user-event/dist/cj
s/event/dispatchEvent.js:41:13)
      at Object.dispatchUIEvent (node_modules/@testing-library/user-event/dist/
cjs/event/dispatchEvent.js:22:26)
      at KeyboardHost.keydown 
(node_modules/@testing-library/user-event/dist/cjs/system/keyboard.js:76:22)
      at keyboardAction 
(node_modules/@testing-library/user-event/dist/cjs/keyboard/index.js:22:35)
      at Object.keyboard 
(node_modules/@testing-library/user-event/dist/cjs/keyboard/index.js:11:15)
      at Object.type 
(node_modules/@testing-library/user-event/dist/cjs/utility/type.js:17:5)
      at Object.<anonymous> (src/auth/auth.test.tsx:560:9)

    console.error
      Warning: An update to LoginForm inside a test was not wrapped in 
act(...).
      
      When testing, code that causes React state updates should be wrapped 
into act(...):
      
      act(() => {
        /* fire events that update state */
      });
      /* assert on the output */
      
      This ensures that you're testing the behavior the user would see in the 
browser. Learn more at https://reactjs.org/link/wrap-tests-with-act
          at LoginForm (C:\Users\samhe\OneDrive\Desktop\Cleaned\frontend\src\au
th\LoginForm\LoginForm.tsx:41:33)
          at div
          at div
          at LoginPage
          at routeContext (C:\Users\samhe\OneDrive\Desktop\Cleaned\frontend\nod
e_modules\react-router\lib\hooks.tsx:658:26)
          at children (C:\Users\samhe\OneDrive\Desktop\Cleaned\frontend\node_mo
dules\react-router\lib\components.tsx:512:3)
          at basenameProp (C:\Users\samhe\OneDrive\Desktop\Cleaned\frontend\nod
e_modules\react-router\lib\components.tsx:421:13)
          at basename (C:\Users\samhe\OneDrive\Desktop\Cleaned\frontend\node_mo
dules\react-router\lib\components.tsx:225:3)

      123 |                     placeholder="email@company.com"
      124 |                     value={email}
    > 125 |                     onChange={(e) => setEmail(e.target.value)}
          |                                      ^
      126 |                     className="w-full rounded-md border 
border-gray-300 px-3 py-2 text-sm focus:outline-none focus:ring-2 
focus:ring-gray-900 disabled:opacity-50"
      127 |                 />
      128 |             </div>

      at printWarning 
(node_modules/react-dom/cjs/react-dom.development.js:86:30)
      at error (node_modules/react-dom/cjs/react-dom.development.js:60:7)
      at warnIfUpdatesNotWrappedWithActDEV 
(node_modules/react-dom/cjs/react-dom.development.js:27628:9)
      at scheduleUpdateOnFiber 
(node_modules/react-dom/cjs/react-dom.development.js:25547:5)
      at dispatchSetState 
(node_modules/react-dom/cjs/react-dom.development.js:16708:7)
      at onChange (src/auth/LoginForm/LoginForm.tsx:125:38)
      at HTMLUnknownElement.callCallback 
(node_modules/react-dom/cjs/react-dom.development.js:4164:14)
      at HTMLUnknownElement.callTheUserObjectsOperation 
(node_modules/jsdom/lib/jsdom/living/generated/EventListener.js:26:30)
      at innerInvokeEventListeners 
(node_modules/jsdom/lib/jsdom/living/events/EventTarget-impl.js:350:25)
      at invokeEventListeners 
(node_modules/jsdom/lib/jsdom/living/events/EventTarget-impl.js:286:3)
      at HTMLUnknownElementImpl._dispatch 
(node_modules/jsdom/lib/jsdom/living/events/EventTarget-impl.js:233:9)
      at HTMLUnknownElementImpl.dispatchEvent 
(node_modules/jsdom/lib/jsdom/living/events/EventTarget-impl.js:104:17)
      at HTMLUnknownElement.dispatchEvent 
(node_modules/jsdom/lib/jsdom/living/generated/EventTarget.js:241:34)
      at Object.invokeGuardedCallbackDev 
(node_modules/react-dom/cjs/react-dom.development.js:4213:16)
      at invokeGuardedCallback 
(node_modules/react-dom/cjs/react-dom.development.js:4277:31)
      at invokeGuardedCallbackAndCatchFirstError 
(node_modules/react-dom/cjs/react-dom.development.js:4291:25)
      at executeDispatch 
(node_modules/react-dom/cjs/react-dom.development.js:9041:3)
      at processDispatchQueueItemsInOrder 
(node_modules/react-dom/cjs/react-dom.development.js:9073:7)
      at processDispatchQueue 
(node_modules/react-dom/cjs/react-dom.development.js:9086:5)
      at dispatchEventsForPlugins 
(node_modules/react-dom/cjs/react-dom.development.js:9097:3)
      at node_modules/react-dom/cjs/react-dom.development.js:9288:12
      at batchedUpdates$1 
(node_modules/react-dom/cjs/react-dom.development.js:26179:12)
      at batchedUpdates 
(node_modules/react-dom/cjs/react-dom.development.js:3991:12)
      at dispatchEventForPluginEventSystem 
(node_modules/react-dom/cjs/react-dom.development.js:9287:3)
      at dispatchEventWithEnableCapturePhaseSelectiveHydrationWithoutDiscreteEv
entReplay (node_modules/react-dom/cjs/react-dom.development.js:6465:5)
      at dispatchEvent 
(node_modules/react-dom/cjs/react-dom.development.js:6457:5)
      at dispatchDiscreteEvent 
(node_modules/react-dom/cjs/react-dom.development.js:6430:5)
      at HTMLDivElement.callTheUserObjectsOperation 
(node_modules/jsdom/lib/jsdom/living/generated/EventListener.js:26:30)
      at innerInvokeEventListeners 
(node_modules/jsdom/lib/jsdom/living/events/EventTarget-impl.js:350:25)
      at invokeEventListeners 
(node_modules/jsdom/lib/jsdom/living/events/EventTarget-impl.js:286:3)
      at HTMLInputElementImpl._dispatch 
(node_modules/jsdom/lib/jsdom/living/events/EventTarget-impl.js:233:9)
      at HTMLInputElementImpl.dispatchEvent 
(node_modules/jsdom/lib/jsdom/living/events/EventTarget-impl.js:104:17)
      at HTMLInputElement.dispatchEvent 
(node_modules/jsdom/lib/jsdom/living/generated/EventTarget.js:241:34)
      at 
node_modules/@testing-library/user-event/dist/cjs/event/dispatchEvent.js:45:43
      at Object.eventWrapper 
(node_modules/@testing-library/dom/dist/config.js:25:23)
      at Object.wrapEvent 
(node_modules/@testing-library/user-event/dist/cjs/event/wrapEvent.js:6:28)
      at Object.dispatchEvent (node_modules/@testing-library/user-event/dist/cj
s/event/dispatchEvent.js:45:22)
      at Object.dispatchUIEvent (node_modules/@testing-library/user-event/dist/
cjs/event/dispatchEvent.js:22:26)
      at commitInput 
(node_modules/@testing-library/user-event/dist/cjs/event/input.js:145:14)
      at editInputElement 
(node_modules/@testing-library/user-event/dist/cjs/event/input.js:115:9)
      at Object.input 
(node_modules/@testing-library/user-event/dist/cjs/event/input.js:37:9)
      at node_modules/@testing-library/user-event/dist/cjs/event/behavior/keypr
ess.js:31:26
      at Object.dispatchEvent (node_modules/@testing-library/user-event/dist/cj
s/event/dispatchEvent.js:41:13)
      at Object.dispatchUIEvent (node_modules/@testing-library/user-event/dist/
cjs/event/dispatchEvent.js:22:26)
      at KeyboardHost.keydown 
(node_modules/@testing-library/user-event/dist/cjs/system/keyboard.js:76:22)
      at keyboardAction 
(node_modules/@testing-library/user-event/dist/cjs/keyboard/index.js:22:35)
      at Object.keyboard 
(node_modules/@testing-library/user-event/dist/cjs/keyboard/index.js:11:15)
      at Object.type 
(node_modules/@testing-library/user-event/dist/cjs/utility/type.js:17:5)
      at Object.<anonymous> (src/auth/auth.test.tsx:560:9)

    console.error
      Warning: An update to LoginForm inside a test was not wrapped in 
act(...).
      
      When testing, code that causes React state updates should be wrapped 
into act(...):
      
      act(() => {
        /* fire events that update state */
      });
      /* assert on the output */
      
      This ensures that you're testing the behavior the user would see in the 
browser. Learn more at https://reactjs.org/link/wrap-tests-with-act
          at LoginForm (C:\Users\samhe\OneDrive\Desktop\Cleaned\frontend\src\au
th\LoginForm\LoginForm.tsx:41:33)
          at div
          at div
          at LoginPage
          at routeContext (C:\Users\samhe\OneDrive\Desktop\Cleaned\frontend\nod
e_modules\react-router\lib\hooks.tsx:658:26)
          at children (C:\Users\samhe\OneDrive\Desktop\Cleaned\frontend\node_mo
dules\react-router\lib\components.tsx:512:3)
          at basenameProp (C:\Users\samhe\OneDrive\Desktop\Cleaned\frontend\nod
e_modules\react-router\lib\components.tsx:421:13)
          at basename (C:\Users\samhe\OneDrive\Desktop\Cleaned\frontend\node_mo
dules\react-router\lib\components.tsx:225:3)

      123 |                     placeholder="email@company.com"
      124 |                     value={email}
    > 125 |                     onChange={(e) => setEmail(e.target.value)}
          |                                      ^
      126 |                     className="w-full rounded-md border 
border-gray-300 px-3 py-2 text-sm focus:outline-none focus:ring-2 
focus:ring-gray-900 disabled:opacity-50"
      127 |                 />
      128 |             </div>

      at printWarning 
(node_modules/react-dom/cjs/react-dom.development.js:86:30)
      at error (node_modules/react-dom/cjs/react-dom.development.js:60:7)
      at warnIfUpdatesNotWrappedWithActDEV 
(node_modules/react-dom/cjs/react-dom.development.js:27628:9)
      at scheduleUpdateOnFiber 
(node_modules/react-dom/cjs/react-dom.development.js:25547:5)
      at dispatchSetState 
(node_modules/react-dom/cjs/react-dom.development.js:16708:7)
      at onChange (src/auth/LoginForm/LoginForm.tsx:125:38)
      at HTMLUnknownElement.callCallback 
(node_modules/react-dom/cjs/react-dom.development.js:4164:14)
      at HTMLUnknownElement.callTheUserObjectsOperation 
(node_modules/jsdom/lib/jsdom/living/generated/EventListener.js:26:30)
      at innerInvokeEventListeners 
(node_modules/jsdom/lib/jsdom/living/events/EventTarget-impl.js:350:25)
      at invokeEventListeners 
(node_modules/jsdom/lib/jsdom/living/events/EventTarget-impl.js:286:3)
      at HTMLUnknownElementImpl._dispatch 
(node_modules/jsdom/lib/jsdom/living/events/EventTarget-impl.js:233:9)
      at HTMLUnknownElementImpl.dispatchEvent 
(node_modules/jsdom/lib/jsdom/living/events/EventTarget-impl.js:104:17)
      at HTMLUnknownElement.dispatchEvent 
(node_modules/jsdom/lib/jsdom/living/generated/EventTarget.js:241:34)
      at Object.invokeGuardedCallbackDev 
(node_modules/react-dom/cjs/react-dom.development.js:4213:16)
      at invokeGuardedCallback 
(node_modules/react-dom/cjs/react-dom.development.js:4277:31)
      at invokeGuardedCallbackAndCatchFirstError 
(node_modules/react-dom/cjs/react-dom.development.js:4291:25)
      at executeDispatch 
(node_modules/react-dom/cjs/react-dom.development.js:9041:3)
      at processDispatchQueueItemsInOrder 
(node_modules/react-dom/cjs/react-dom.development.js:9073:7)
      at processDispatchQueue 
(node_modules/react-dom/cjs/react-dom.development.js:9086:5)
      at dispatchEventsForPlugins 
(node_modules/react-dom/cjs/react-dom.development.js:9097:3)
      at node_modules/react-dom/cjs/react-dom.development.js:9288:12
      at batchedUpdates$1 
(node_modules/react-dom/cjs/react-dom.development.js:26179:12)
      at batchedUpdates 
(node_modules/react-dom/cjs/react-dom.development.js:3991:12)
      at dispatchEventForPluginEventSystem 
(node_modules/react-dom/cjs/react-dom.development.js:9287:3)
      at dispatchEventWithEnableCapturePhaseSelectiveHydrationWithoutDiscreteEv
entReplay (node_modules/react-dom/cjs/react-dom.development.js:6465:5)
      at dispatchEvent 
(node_modules/react-dom/cjs/react-dom.development.js:6457:5)
      at dispatchDiscreteEvent 
(node_modules/react-dom/cjs/react-dom.development.js:6430:5)
      at HTMLDivElement.callTheUserObjectsOperation 
(node_modules/jsdom/lib/jsdom/living/generated/EventListener.js:26:30)
      at innerInvokeEventListeners 
(node_modules/jsdom/lib/jsdom/living/events/EventTarget-impl.js:350:25)
      at invokeEventListeners 
(node_modules/jsdom/lib/jsdom/living/events/EventTarget-impl.js:286:3)
      at HTMLInputElementImpl._dispatch 
(node_modules/jsdom/lib/jsdom/living/events/EventTarget-impl.js:233:9)
      at HTMLInputElementImpl.dispatchEvent 
(node_modules/jsdom/lib/jsdom/living/events/EventTarget-impl.js:104:17)
      at HTMLInputElement.dispatchEvent 
(node_modules/jsdom/lib/jsdom/living/generated/EventTarget.js:241:34)
      at 
node_modules/@testing-library/user-event/dist/cjs/event/dispatchEvent.js:45:43
      at Object.eventWrapper 
(node_modules/@testing-library/dom/dist/config.js:25:23)
      at Object.wrapEvent 
(node_modules/@testing-library/user-event/dist/cjs/event/wrapEvent.js:6:28)
      at Object.dispatchEvent (node_modules/@testing-library/user-event/dist/cj
s/event/dispatchEvent.js:45:22)
      at Object.dispatchUIEvent (node_modules/@testing-library/user-event/dist/
cjs/event/dispatchEvent.js:22:26)
      at commitInput 
(node_modules/@testing-library/user-event/dist/cjs/event/input.js:145:14)
      at editInputElement 
(node_modules/@testing-library/user-event/dist/cjs/event/input.js:115:9)
      at Object.input 
(node_modules/@testing-library/user-event/dist/cjs/event/input.js:37:9)
      at node_modules/@testing-library/user-event/dist/cjs/event/behavior/keypr
ess.js:31:26
      at Object.dispatchEvent (node_modules/@testing-library/user-event/dist/cj
s/event/dispatchEvent.js:41:13)
      at Object.dispatchUIEvent (node_modules/@testing-library/user-event/dist/
cjs/event/dispatchEvent.js:22:26)
      at KeyboardHost.keydown 
(node_modules/@testing-library/user-event/dist/cjs/system/keyboard.js:76:22)
      at keyboardAction 
(node_modules/@testing-library/user-event/dist/cjs/keyboard/index.js:22:35)
      at Object.keyboard 
(node_modules/@testing-library/user-event/dist/cjs/keyboard/index.js:11:15)
      at Object.type 
(node_modules/@testing-library/user-event/dist/cjs/utility/type.js:17:5)
      at Object.<anonymous> (src/auth/auth.test.tsx:560:9)

    console.error
      Warning: An update to LoginForm inside a test was not wrapped in 
act(...).
      
      When testing, code that causes React state updates should be wrapped 
into act(...):
      
      act(() => {
        /* fire events that update state */
      });
      /* assert on the output */
      
      This ensures that you're testing the behavior the user would see in the 
browser. Learn more at https://reactjs.org/link/wrap-tests-with-act
          at LoginForm (C:\Users\samhe\OneDrive\Desktop\Cleaned\frontend\src\au
th\LoginForm\LoginForm.tsx:41:33)
          at div
          at div
          at LoginPage
          at routeContext (C:\Users\samhe\OneDrive\Desktop\Cleaned\frontend\nod
e_modules\react-router\lib\hooks.tsx:658:26)
          at children (C:\Users\samhe\OneDrive\Desktop\Cleaned\frontend\node_mo
dules\react-router\lib\components.tsx:512:3)
          at basenameProp (C:\Users\samhe\OneDrive\Desktop\Cleaned\frontend\nod
e_modules\react-router\lib\components.tsx:421:13)
          at basename (C:\Users\samhe\OneDrive\Desktop\Cleaned\frontend\node_mo
dules\react-router\lib\components.tsx:225:3)

      141 |                         placeholder="Enter your password"
      142 |                         value={password}
    > 143 |                         onChange={(e) => 
setPassword(e.target.value)}
          |                                          ^
      144 |                         className="w-full rounded-md border 
border-gray-300 px-3 py-2 pr-10 text-sm focus:outline-none focus:ring-2 
focus:ring-gray-900 disabled:opacity-50"
      145 |                     />
      146 |                     <button

      at printWarning 
(node_modules/react-dom/cjs/react-dom.development.js:86:30)
      at error (node_modules/react-dom/cjs/react-dom.development.js:60:7)
      at warnIfUpdatesNotWrappedWithActDEV 
(node_modules/react-dom/cjs/react-dom.development.js:27628:9)
      at scheduleUpdateOnFiber 
(node_modules/react-dom/cjs/react-dom.development.js:25547:5)
      at dispatchSetState 
(node_modules/react-dom/cjs/react-dom.development.js:16708:7)
      at onChange (src/auth/LoginForm/LoginForm.tsx:143:42)
      at HTMLUnknownElement.callCallback 
(node_modules/react-dom/cjs/react-dom.development.js:4164:14)
      at HTMLUnknownElement.callTheUserObjectsOperation 
(node_modules/jsdom/lib/jsdom/living/generated/EventListener.js:26:30)
      at innerInvokeEventListeners 
(node_modules/jsdom/lib/jsdom/living/events/EventTarget-impl.js:350:25)
      at invokeEventListeners 
(node_modules/jsdom/lib/jsdom/living/events/EventTarget-impl.js:286:3)
      at HTMLUnknownElementImpl._dispatch 
(node_modules/jsdom/lib/jsdom/living/events/EventTarget-impl.js:233:9)
      at HTMLUnknownElementImpl.dispatchEvent 
(node_modules/jsdom/lib/jsdom/living/events/EventTarget-impl.js:104:17)
      at HTMLUnknownElement.dispatchEvent 
(node_modules/jsdom/lib/jsdom/living/generated/EventTarget.js:241:34)
      at Object.invokeGuardedCallbackDev 
(node_modules/react-dom/cjs/react-dom.development.js:4213:16)
      at invokeGuardedCallback 
(node_modules/react-dom/cjs/react-dom.development.js:4277:31)
      at invokeGuardedCallbackAndCatchFirstError 
(node_modules/react-dom/cjs/react-dom.development.js:4291:25)
      at executeDispatch 
(node_modules/react-dom/cjs/react-dom.development.js:9041:3)
      at processDispatchQueueItemsInOrder 
(node_modules/react-dom/cjs/react-dom.development.js:9073:7)
      at processDispatchQueue 
(node_modules/react-dom/cjs/react-dom.development.js:9086:5)
      at dispatchEventsForPlugins 
(node_modules/react-dom/cjs/react-dom.development.js:9097:3)
      at node_modules/react-dom/cjs/react-dom.development.js:9288:12
      at batchedUpdates$1 
(node_modules/react-dom/cjs/react-dom.development.js:26179:12)
      at batchedUpdates 
(node_modules/react-dom/cjs/react-dom.development.js:3991:12)
      at dispatchEventForPluginEventSystem 
(node_modules/react-dom/cjs/react-dom.development.js:9287:3)
      at dispatchEventWithEnableCapturePhaseSelectiveHydrationWithoutDiscreteEv
entReplay (node_modules/react-dom/cjs/react-dom.development.js:6465:5)
      at dispatchEvent 
(node_modules/react-dom/cjs/react-dom.development.js:6457:5)
      at dispatchDiscreteEvent 
(node_modules/react-dom/cjs/react-dom.development.js:6430:5)
      at HTMLDivElement.callTheUserObjectsOperation 
(node_modules/jsdom/lib/jsdom/living/generated/EventListener.js:26:30)
      at innerInvokeEventListeners 
(node_modules/jsdom/lib/jsdom/living/events/EventTarget-impl.js:350:25)
      at invokeEventListeners 
(node_modules/jsdom/lib/jsdom/living/events/EventTarget-impl.js:286:3)
      at HTMLInputElementImpl._dispatch 
(node_modules/jsdom/lib/jsdom/living/events/EventTarget-impl.js:233:9)
      at HTMLInputElementImpl.dispatchEvent 
(node_modules/jsdom/lib/jsdom/living/events/EventTarget-impl.js:104:17)
      at HTMLInputElement.dispatchEvent 
(node_modules/jsdom/lib/jsdom/living/generated/EventTarget.js:241:34)
      at 
node_modules/@testing-library/user-event/dist/cjs/event/dispatchEvent.js:45:43
      at Object.eventWrapper 
(node_modules/@testing-library/dom/dist/config.js:25:23)
      at Object.wrapEvent 
(node_modules/@testing-library/user-event/dist/cjs/event/wrapEvent.js:6:28)
      at Object.dispatchEvent (node_modules/@testing-library/user-event/dist/cj
s/event/dispatchEvent.js:45:22)
      at Object.dispatchUIEvent (node_modules/@testing-library/user-event/dist/
cjs/event/dispatchEvent.js:22:26)
      at commitInput 
(node_modules/@testing-library/user-event/dist/cjs/event/input.js:145:14)
      at editInputElement 
(node_modules/@testing-library/user-event/dist/cjs/event/input.js:115:9)
      at Object.input 
(node_modules/@testing-library/user-event/dist/cjs/event/input.js:37:9)
      at node_modules/@testing-library/user-event/dist/cjs/event/behavior/keypr
ess.js:31:26
      at Object.dispatchEvent (node_modules/@testing-library/user-event/dist/cj
s/event/dispatchEvent.js:41:13)
      at Object.dispatchUIEvent (node_modules/@testing-library/user-event/dist/
cjs/event/dispatchEvent.js:22:26)
      at KeyboardHost.keydown 
(node_modules/@testing-library/user-event/dist/cjs/system/keyboard.js:76:22)
      at keyboardAction 
(node_modules/@testing-library/user-event/dist/cjs/keyboard/index.js:22:35)
      at Object.keyboard 
(node_modules/@testing-library/user-event/dist/cjs/keyboard/index.js:11:15)
      at Object.type 
(node_modules/@testing-library/user-event/dist/cjs/utility/type.js:17:5)
      at Object.<anonymous> (src/auth/auth.test.tsx:561:9)

    console.error
      Warning: An update to LoginForm inside a test was not wrapped in 
act(...).
      
      When testing, code that causes React state updates should be wrapped 
into act(...):
      
      act(() => {
        /* fire events that update state */
      });
      /* assert on the output */
      
      This ensures that you're testing the behavior the user would see in the 
browser. Learn more at https://reactjs.org/link/wrap-tests-with-act
          at LoginForm (C:\Users\samhe\OneDrive\Desktop\Cleaned\frontend\src\au
th\LoginForm\LoginForm.tsx:41:33)
          at div
          at div
          at LoginPage
          at routeContext (C:\Users\samhe\OneDrive\Desktop\Cleaned\frontend\nod
e_modules\react-router\lib\hooks.tsx:658:26)
          at children (C:\Users\samhe\OneDrive\Desktop\Cleaned\frontend\node_mo
dules\react-router\lib\components.tsx:512:3)
          at basenameProp (C:\Users\samhe\OneDrive\Desktop\Cleaned\frontend\nod
e_modules\react-router\lib\components.tsx:421:13)
          at basename (C:\Users\samhe\OneDrive\Desktop\Cleaned\frontend\node_mo
dules\react-router\lib\components.tsx:225:3)

      141 |                         placeholder="Enter your password"
      142 |                         value={password}
    > 143 |                         onChange={(e) => 
setPassword(e.target.value)}
          |                                          ^
      144 |                         className="w-full rounded-md border 
border-gray-300 px-3 py-2 pr-10 text-sm focus:outline-none focus:ring-2 
focus:ring-gray-900 disabled:opacity-50"
      145 |                     />
      146 |                     <button

      at printWarning 
(node_modules/react-dom/cjs/react-dom.development.js:86:30)
      at error (node_modules/react-dom/cjs/react-dom.development.js:60:7)
      at warnIfUpdatesNotWrappedWithActDEV 
(node_modules/react-dom/cjs/react-dom.development.js:27628:9)
      at scheduleUpdateOnFiber 
(node_modules/react-dom/cjs/react-dom.development.js:25547:5)
      at dispatchSetState 
(node_modules/react-dom/cjs/react-dom.development.js:16708:7)
      at onChange (src/auth/LoginForm/LoginForm.tsx:143:42)
      at HTMLUnknownElement.callCallback 
(node_modules/react-dom/cjs/react-dom.development.js:4164:14)
      at HTMLUnknownElement.callTheUserObjectsOperation 
(node_modules/jsdom/lib/jsdom/living/generated/EventListener.js:26:30)
      at innerInvokeEventListeners 
(node_modules/jsdom/lib/jsdom/living/events/EventTarget-impl.js:350:25)
      at invokeEventListeners 
(node_modules/jsdom/lib/jsdom/living/events/EventTarget-impl.js:286:3)
      at HTMLUnknownElementImpl._dispatch 
(node_modules/jsdom/lib/jsdom/living/events/EventTarget-impl.js:233:9)
      at HTMLUnknownElementImpl.dispatchEvent 
(node_modules/jsdom/lib/jsdom/living/events/EventTarget-impl.js:104:17)
      at HTMLUnknownElement.dispatchEvent 
(node_modules/jsdom/lib/jsdom/living/generated/EventTarget.js:241:34)
      at Object.invokeGuardedCallbackDev 
(node_modules/react-dom/cjs/react-dom.development.js:4213:16)
      at invokeGuardedCallback 
(node_modules/react-dom/cjs/react-dom.development.js:4277:31)
      at invokeGuardedCallbackAndCatchFirstError 
(node_modules/react-dom/cjs/react-dom.development.js:4291:25)
      at executeDispatch 
(node_modules/react-dom/cjs/react-dom.development.js:9041:3)
      at processDispatchQueueItemsInOrder 
(node_modules/react-dom/cjs/react-dom.development.js:9073:7)
      at processDispatchQueue 
(node_modules/react-dom/cjs/react-dom.development.js:9086:5)
      at dispatchEventsForPlugins 
(node_modules/react-dom/cjs/react-dom.development.js:9097:3)
      at node_modules/react-dom/cjs/react-dom.development.js:9288:12
      at batchedUpdates$1 
(node_modules/react-dom/cjs/react-dom.development.js:26179:12)
      at batchedUpdates 
(node_modules/react-dom/cjs/react-dom.development.js:3991:12)
      at dispatchEventForPluginEventSystem 
(node_modules/react-dom/cjs/react-dom.development.js:9287:3)
      at dispatchEventWithEnableCapturePhaseSelectiveHydrationWithoutDiscreteEv
entReplay (node_modules/react-dom/cjs/react-dom.development.js:6465:5)
      at dispatchEvent 
(node_modules/react-dom/cjs/react-dom.development.js:6457:5)
      at dispatchDiscreteEvent 
(node_modules/react-dom/cjs/react-dom.development.js:6430:5)
      at HTMLDivElement.callTheUserObjectsOperation 
(node_modules/jsdom/lib/jsdom/living/generated/EventListener.js:26:30)
      at innerInvokeEventListeners 
(node_modules/jsdom/lib/jsdom/living/events/EventTarget-impl.js:350:25)
      at invokeEventListeners 
(node_modules/jsdom/lib/jsdom/living/events/EventTarget-impl.js:286:3)
      at HTMLInputElementImpl._dispatch 
(node_modules/jsdom/lib/jsdom/living/events/EventTarget-impl.js:233:9)
      at HTMLInputElementImpl.dispatchEvent 
(node_modules/jsdom/lib/jsdom/living/events/EventTarget-impl.js:104:17)
      at HTMLInputElement.dispatchEvent 
(node_modules/jsdom/lib/jsdom/living/generated/EventTarget.js:241:34)
      at 
node_modules/@testing-library/user-event/dist/cjs/event/dispatchEvent.js:45:43
      at Object.eventWrapper 
(node_modules/@testing-library/dom/dist/config.js:25:23)
      at Object.wrapEvent 
(node_modules/@testing-library/user-event/dist/cjs/event/wrapEvent.js:6:28)
      at Object.dispatchEvent (node_modules/@testing-library/user-event/dist/cj
s/event/dispatchEvent.js:45:22)
      at Object.dispatchUIEvent (node_modules/@testing-library/user-event/dist/
cjs/event/dispatchEvent.js:22:26)
      at commitInput 
(node_modules/@testing-library/user-event/dist/cjs/event/input.js:145:14)
      at editInputElement 
(node_modules/@testing-library/user-event/dist/cjs/event/input.js:115:9)
      at Object.input 
(node_modules/@testing-library/user-event/dist/cjs/event/input.js:37:9)
      at node_modules/@testing-library/user-event/dist/cjs/event/behavior/keypr
ess.js:31:26
      at Object.dispatchEvent (node_modules/@testing-library/user-event/dist/cj
s/event/dispatchEvent.js:41:13)
      at Object.dispatchUIEvent (node_modules/@testing-library/user-event/dist/
cjs/event/dispatchEvent.js:22:26)
      at KeyboardHost.keydown 
(node_modules/@testing-library/user-event/dist/cjs/system/keyboard.js:76:22)
      at keyboardAction 
(node_modules/@testing-library/user-event/dist/cjs/keyboard/index.js:22:35)
      at Object.keyboard 
(node_modules/@testing-library/user-event/dist/cjs/keyboard/index.js:11:15)
      at Object.type 
(node_modules/@testing-library/user-event/dist/cjs/utility/type.js:17:5)
      at Object.<anonymous> (src/auth/auth.test.tsx:561:9)

    console.error
      Warning: An update to LoginForm inside a test was not wrapped in 
act(...).
      
      When testing, code that causes React state updates should be wrapped 
into act(...):
      
      act(() => {
        /* fire events that update state */
      });
      /* assert on the output */
      
      This ensures that you're testing the behavior the user would see in the 
browser. Learn more at https://reactjs.org/link/wrap-tests-with-act
          at LoginForm (C:\Users\samhe\OneDrive\Desktop\Cleaned\frontend\src\au
th\LoginForm\LoginForm.tsx:41:33)
          at div
          at div
          at LoginPage
          at routeContext (C:\Users\samhe\OneDrive\Desktop\Cleaned\frontend\nod
e_modules\react-router\lib\hooks.tsx:658:26)
          at children (C:\Users\samhe\OneDrive\Desktop\Cleaned\frontend\node_mo
dules\react-router\lib\components.tsx:512:3)
          at basenameProp (C:\Users\samhe\OneDrive\Desktop\Cleaned\frontend\nod
e_modules\react-router\lib\components.tsx:421:13)
          at basename (C:\Users\samhe\OneDrive\Desktop\Cleaned\frontend\node_mo
dules\react-router\lib\components.tsx:225:3)

      141 |                         placeholder="Enter your password"
      142 |                         value={password}
    > 143 |                         onChange={(e) => 
setPassword(e.target.value)}
          |                                          ^
      144 |                         className="w-full rounded-md border 
border-gray-300 px-3 py-2 pr-10 text-sm focus:outline-none focus:ring-2 
focus:ring-gray-900 disabled:opacity-50"
      145 |                     />
      146 |                     <button

      at printWarning 
(node_modules/react-dom/cjs/react-dom.development.js:86:30)
      at error (node_modules/react-dom/cjs/react-dom.development.js:60:7)
      at warnIfUpdatesNotWrappedWithActDEV 
(node_modules/react-dom/cjs/react-dom.development.js:27628:9)
      at scheduleUpdateOnFiber 
(node_modules/react-dom/cjs/react-dom.development.js:25547:5)
      at dispatchSetState 
(node_modules/react-dom/cjs/react-dom.development.js:16708:7)
      at onChange (src/auth/LoginForm/LoginForm.tsx:143:42)
      at HTMLUnknownElement.callCallback 
(node_modules/react-dom/cjs/react-dom.development.js:4164:14)
      at HTMLUnknownElement.callTheUserObjectsOperation 
(node_modules/jsdom/lib/jsdom/living/generated/EventListener.js:26:30)
      at innerInvokeEventListeners 
(node_modules/jsdom/lib/jsdom/living/events/EventTarget-impl.js:350:25)
      at invokeEventListeners 
(node_modules/jsdom/lib/jsdom/living/events/EventTarget-impl.js:286:3)
      at HTMLUnknownElementImpl._dispatch 
(node_modules/jsdom/lib/jsdom/living/events/EventTarget-impl.js:233:9)
      at HTMLUnknownElementImpl.dispatchEvent 
(node_modules/jsdom/lib/jsdom/living/events/EventTarget-impl.js:104:17)
      at HTMLUnknownElement.dispatchEvent 
(node_modules/jsdom/lib/jsdom/living/generated/EventTarget.js:241:34)
      at Object.invokeGuardedCallbackDev 
(node_modules/react-dom/cjs/react-dom.development.js:4213:16)
      at invokeGuardedCallback 
(node_modules/react-dom/cjs/react-dom.development.js:4277:31)
      at invokeGuardedCallbackAndCatchFirstError 
(node_modules/react-dom/cjs/react-dom.development.js:4291:25)
      at executeDispatch 
(node_modules/react-dom/cjs/react-dom.development.js:9041:3)
      at processDispatchQueueItemsInOrder 
(node_modules/react-dom/cjs/react-dom.development.js:9073:7)
      at processDispatchQueue 
(node_modules/react-dom/cjs/react-dom.development.js:9086:5)
      at dispatchEventsForPlugins 
(node_modules/react-dom/cjs/react-dom.development.js:9097:3)
      at node_modules/react-dom/cjs/react-dom.development.js:9288:12
      at batchedUpdates$1 
(node_modules/react-dom/cjs/react-dom.development.js:26179:12)
      at batchedUpdates 
(node_modules/react-dom/cjs/react-dom.development.js:3991:12)
      at dispatchEventForPluginEventSystem 
(node_modules/react-dom/cjs/react-dom.development.js:9287:3)
      at dispatchEventWithEnableCapturePhaseSelectiveHydrationWithoutDiscreteEv
entReplay (node_modules/react-dom/cjs/react-dom.development.js:6465:5)
      at dispatchEvent 
(node_modules/react-dom/cjs/react-dom.development.js:6457:5)
      at dispatchDiscreteEvent 
(node_modules/react-dom/cjs/react-dom.development.js:6430:5)
      at HTMLDivElement.callTheUserObjectsOperation 
(node_modules/jsdom/lib/jsdom/living/generated/EventListener.js:26:30)
      at innerInvokeEventListeners 
(node_modules/jsdom/lib/jsdom/living/events/EventTarget-impl.js:350:25)
      at invokeEventListeners 
(node_modules/jsdom/lib/jsdom/living/events/EventTarget-impl.js:286:3)
      at HTMLInputElementImpl._dispatch 
(node_modules/jsdom/lib/jsdom/living/events/EventTarget-impl.js:233:9)
      at HTMLInputElementImpl.dispatchEvent 
(node_modules/jsdom/lib/jsdom/living/events/EventTarget-impl.js:104:17)
      at HTMLInputElement.dispatchEvent 
(node_modules/jsdom/lib/jsdom/living/generated/EventTarget.js:241:34)
      at 
node_modules/@testing-library/user-event/dist/cjs/event/dispatchEvent.js:45:43
      at Object.eventWrapper 
(node_modules/@testing-library/dom/dist/config.js:25:23)
      at Object.wrapEvent 
(node_modules/@testing-library/user-event/dist/cjs/event/wrapEvent.js:6:28)
      at Object.dispatchEvent (node_modules/@testing-library/user-event/dist/cj
s/event/dispatchEvent.js:45:22)
      at Object.dispatchUIEvent (node_modules/@testing-library/user-event/dist/
cjs/event/dispatchEvent.js:22:26)
      at commitInput 
(node_modules/@testing-library/user-event/dist/cjs/event/input.js:145:14)
      at editInputElement 
(node_modules/@testing-library/user-event/dist/cjs/event/input.js:115:9)
      at Object.input 
(node_modules/@testing-library/user-event/dist/cjs/event/input.js:37:9)
      at node_modules/@testing-library/user-event/dist/cjs/event/behavior/keypr
ess.js:31:26
      at Object.dispatchEvent (node_modules/@testing-library/user-event/dist/cj
s/event/dispatchEvent.js:41:13)
      at Object.dispatchUIEvent (node_modules/@testing-library/user-event/dist/
cjs/event/dispatchEvent.js:22:26)
      at KeyboardHost.keydown 
(node_modules/@testing-library/user-event/dist/cjs/system/keyboard.js:76:22)
      at keyboardAction 
(node_modules/@testing-library/user-event/dist/cjs/keyboard/index.js:22:35)
      at Object.keyboard 
(node_modules/@testing-library/user-event/dist/cjs/keyboard/index.js:11:15)
      at Object.type 
(node_modules/@testing-library/user-event/dist/cjs/utility/type.js:17:5)
      at Object.<anonymous> (src/auth/auth.test.tsx:561:9)

    console.error
      Warning: An update to LoginForm inside a test was not wrapped in 
act(...).
      
      When testing, code that causes React state updates should be wrapped 
into act(...):
      
      act(() => {
        /* fire events that update state */
      });
      /* assert on the output */
      
      This ensures that you're testing the behavior the user would see in the 
browser. Learn more at https://reactjs.org/link/wrap-tests-with-act
          at LoginForm (C:\Users\samhe\OneDrive\Desktop\Cleaned\frontend\src\au
th\LoginForm\LoginForm.tsx:41:33)
          at div
          at div
          at LoginPage
          at routeContext (C:\Users\samhe\OneDrive\Desktop\Cleaned\frontend\nod
e_modules\react-router\lib\hooks.tsx:658:26)
          at children (C:\Users\samhe\OneDrive\Desktop\Cleaned\frontend\node_mo
dules\react-router\lib\components.tsx:512:3)
          at basenameProp (C:\Users\samhe\OneDrive\Desktop\Cleaned\frontend\nod
e_modules\react-router\lib\components.tsx:421:13)
          at basename (C:\Users\samhe\OneDrive\Desktop\Cleaned\frontend\node_mo
dules\react-router\lib\components.tsx:225:3)

      141 |                         placeholder="Enter your password"
      142 |                         value={password}
    > 143 |                         onChange={(e) => 
setPassword(e.target.value)}
          |                                          ^
      144 |                         className="w-full rounded-md border 
border-gray-300 px-3 py-2 pr-10 text-sm focus:outline-none focus:ring-2 
focus:ring-gray-900 disabled:opacity-50"
      145 |                     />
      146 |                     <button

      at printWarning 
(node_modules/react-dom/cjs/react-dom.development.js:86:30)
      at error (node_modules/react-dom/cjs/react-dom.development.js:60:7)
      at warnIfUpdatesNotWrappedWithActDEV 
(node_modules/react-dom/cjs/react-dom.development.js:27628:9)
      at scheduleUpdateOnFiber 
(node_modules/react-dom/cjs/react-dom.development.js:25547:5)
      at dispatchSetState 
(node_modules/react-dom/cjs/react-dom.development.js:16708:7)
      at onChange (src/auth/LoginForm/LoginForm.tsx:143:42)
      at HTMLUnknownElement.callCallback 
(node_modules/react-dom/cjs/react-dom.development.js:4164:14)
      at HTMLUnknownElement.callTheUserObjectsOperation 
(node_modules/jsdom/lib/jsdom/living/generated/EventListener.js:26:30)
      at innerInvokeEventListeners 
(node_modules/jsdom/lib/jsdom/living/events/EventTarget-impl.js:350:25)
      at invokeEventListeners 
(node_modules/jsdom/lib/jsdom/living/events/EventTarget-impl.js:286:3)
      at HTMLUnknownElementImpl._dispatch 
(node_modules/jsdom/lib/jsdom/living/events/EventTarget-impl.js:233:9)
      at HTMLUnknownElementImpl.dispatchEvent 
(node_modules/jsdom/lib/jsdom/living/events/EventTarget-impl.js:104:17)
      at HTMLUnknownElement.dispatchEvent 
(node_modules/jsdom/lib/jsdom/living/generated/EventTarget.js:241:34)
      at Object.invokeGuardedCallbackDev 
(node_modules/react-dom/cjs/react-dom.development.js:4213:16)
      at invokeGuardedCallback 
(node_modules/react-dom/cjs/react-dom.development.js:4277:31)
      at invokeGuardedCallbackAndCatchFirstError 
(node_modules/react-dom/cjs/react-dom.development.js:4291:25)
      at executeDispatch 
(node_modules/react-dom/cjs/react-dom.development.js:9041:3)
      at processDispatchQueueItemsInOrder 
(node_modules/react-dom/cjs/react-dom.development.js:9073:7)
      at processDispatchQueue 
(node_modules/react-dom/cjs/react-dom.development.js:9086:5)
      at dispatchEventsForPlugins 
(node_modules/react-dom/cjs/react-dom.development.js:9097:3)
      at node_modules/react-dom/cjs/react-dom.development.js:9288:12
      at batchedUpdates$1 
(node_modules/react-dom/cjs/react-dom.development.js:26179:12)
      at batchedUpdates 
(node_modules/react-dom/cjs/react-dom.development.js:3991:12)
      at dispatchEventForPluginEventSystem 
(node_modules/react-dom/cjs/react-dom.development.js:9287:3)
      at dispatchEventWithEnableCapturePhaseSelectiveHydrationWithoutDiscreteEv
entReplay (node_modules/react-dom/cjs/react-dom.development.js:6465:5)
      at dispatchEvent 
(node_modules/react-dom/cjs/react-dom.development.js:6457:5)
      at dispatchDiscreteEvent 
(node_modules/react-dom/cjs/react-dom.development.js:6430:5)
      at HTMLDivElement.callTheUserObjectsOperation 
(node_modules/jsdom/lib/jsdom/living/generated/EventListener.js:26:30)
      at innerInvokeEventListeners 
(node_modules/jsdom/lib/jsdom/living/events/EventTarget-impl.js:350:25)
      at invokeEventListeners 
(node_modules/jsdom/lib/jsdom/living/events/EventTarget-impl.js:286:3)
      at HTMLInputElementImpl._dispatch 
(node_modules/jsdom/lib/jsdom/living/events/EventTarget-impl.js:233:9)
      at HTMLInputElementImpl.dispatchEvent 
(node_modules/jsdom/lib/jsdom/living/events/EventTarget-impl.js:104:17)
      at HTMLInputElement.dispatchEvent 
(node_modules/jsdom/lib/jsdom/living/generated/EventTarget.js:241:34)
      at 
node_modules/@testing-library/user-event/dist/cjs/event/dispatchEvent.js:45:43
      at Object.eventWrapper 
(node_modules/@testing-library/dom/dist/config.js:25:23)
      at Object.wrapEvent 
(node_modules/@testing-library/user-event/dist/cjs/event/wrapEvent.js:6:28)
      at Object.dispatchEvent (node_modules/@testing-library/user-event/dist/cj
s/event/dispatchEvent.js:45:22)
      at Object.dispatchUIEvent (node_modules/@testing-library/user-event/dist/
cjs/event/dispatchEvent.js:22:26)
      at commitInput 
(node_modules/@testing-library/user-event/dist/cjs/event/input.js:145:14)
      at editInputElement 
(node_modules/@testing-library/user-event/dist/cjs/event/input.js:115:9)
      at Object.input 
(node_modules/@testing-library/user-event/dist/cjs/event/input.js:37:9)
      at node_modules/@testing-library/user-event/dist/cjs/event/behavior/keypr
ess.js:31:26
      at Object.dispatchEvent (node_modules/@testing-library/user-event/dist/cj
s/event/dispatchEvent.js:41:13)
      at Object.dispatchUIEvent (node_modules/@testing-library/user-event/dist/
cjs/event/dispatchEvent.js:22:26)
      at KeyboardHost.keydown 
(node_modules/@testing-library/user-event/dist/cjs/system/keyboard.js:76:22)
      at keyboardAction 
(node_modules/@testing-library/user-event/dist/cjs/keyboard/index.js:22:35)
      at Object.keyboard 
(node_modules/@testing-library/user-event/dist/cjs/keyboard/index.js:11:15)
      at Object.type 
(node_modules/@testing-library/user-event/dist/cjs/utility/type.js:17:5)
      at Object.<anonymous> (src/auth/auth.test.tsx:561:9)

    console.error
      Warning: An update to LoginForm inside a test was not wrapped in 
act(...).
      
      When testing, code that causes React state updates should be wrapped 
into act(...):
      
      act(() => {
        /* fire events that update state */
      });
      /* assert on the output */
      
      This ensures that you're testing the behavior the user would see in the 
browser. Learn more at https://reactjs.org/link/wrap-tests-with-act
          at LoginForm (C:\Users\samhe\OneDrive\Desktop\Cleaned\frontend\src\au
th\LoginForm\LoginForm.tsx:41:33)
          at div
          at div
          at LoginPage
          at routeContext (C:\Users\samhe\OneDrive\Desktop\Cleaned\frontend\nod
e_modules\react-router\lib\hooks.tsx:658:26)
          at children (C:\Users\samhe\OneDrive\Desktop\Cleaned\frontend\node_mo
dules\react-router\lib\components.tsx:512:3)
          at basenameProp (C:\Users\samhe\OneDrive\Desktop\Cleaned\frontend\nod
e_modules\react-router\lib\components.tsx:421:13)
          at basename (C:\Users\samhe\OneDrive\Desktop\Cleaned\frontend\node_mo
dules\react-router\lib\components.tsx:225:3)

      141 |                         placeholder="Enter your password"
      142 |                         value={password}
    > 143 |                         onChange={(e) => 
setPassword(e.target.value)}
          |                                          ^
      144 |                         className="w-full rounded-md border 
border-gray-300 px-3 py-2 pr-10 text-sm focus:outline-none focus:ring-2 
focus:ring-gray-900 disabled:opacity-50"
      145 |                     />
      146 |                     <button

      at printWarning 
(node_modules/react-dom/cjs/react-dom.development.js:86:30)
      at error (node_modules/react-dom/cjs/react-dom.development.js:60:7)
      at warnIfUpdatesNotWrappedWithActDEV 
(node_modules/react-dom/cjs/react-dom.development.js:27628:9)
      at scheduleUpdateOnFiber 
(node_modules/react-dom/cjs/react-dom.development.js:25547:5)
      at dispatchSetState 
(node_modules/react-dom/cjs/react-dom.development.js:16708:7)
      at onChange (src/auth/LoginForm/LoginForm.tsx:143:42)
      at HTMLUnknownElement.callCallback 
(node_modules/react-dom/cjs/react-dom.development.js:4164:14)
      at HTMLUnknownElement.callTheUserObjectsOperation 
(node_modules/jsdom/lib/jsdom/living/generated/EventListener.js:26:30)
      at innerInvokeEventListeners 
(node_modules/jsdom/lib/jsdom/living/events/EventTarget-impl.js:350:25)
      at invokeEventListeners 
(node_modules/jsdom/lib/jsdom/living/events/EventTarget-impl.js:286:3)
      at HTMLUnknownElementImpl._dispatch 
(node_modules/jsdom/lib/jsdom/living/events/EventTarget-impl.js:233:9)
      at HTMLUnknownElementImpl.dispatchEvent 
(node_modules/jsdom/lib/jsdom/living/events/EventTarget-impl.js:104:17)
      at HTMLUnknownElement.dispatchEvent 
(node_modules/jsdom/lib/jsdom/living/generated/EventTarget.js:241:34)
      at Object.invokeGuardedCallbackDev 
(node_modules/react-dom/cjs/react-dom.development.js:4213:16)
      at invokeGuardedCallback 
(node_modules/react-dom/cjs/react-dom.development.js:4277:31)
      at invokeGuardedCallbackAndCatchFirstError 
(node_modules/react-dom/cjs/react-dom.development.js:4291:25)
      at executeDispatch 
(node_modules/react-dom/cjs/react-dom.development.js:9041:3)
      at processDispatchQueueItemsInOrder 
(node_modules/react-dom/cjs/react-dom.development.js:9073:7)
      at processDispatchQueue 
(node_modules/react-dom/cjs/react-dom.development.js:9086:5)
      at dispatchEventsForPlugins 
(node_modules/react-dom/cjs/react-dom.development.js:9097:3)
      at node_modules/react-dom/cjs/react-dom.development.js:9288:12
      at batchedUpdates$1 
(node_modules/react-dom/cjs/react-dom.development.js:26179:12)
      at batchedUpdates 
(node_modules/react-dom/cjs/react-dom.development.js:3991:12)
      at dispatchEventForPluginEventSystem 
(node_modules/react-dom/cjs/react-dom.development.js:9287:3)
      at dispatchEventWithEnableCapturePhaseSelectiveHydrationWithoutDiscreteEv
entReplay (node_modules/react-dom/cjs/react-dom.development.js:6465:5)
      at dispatchEvent 
(node_modules/react-dom/cjs/react-dom.development.js:6457:5)
      at dispatchDiscreteEvent 
(node_modules/react-dom/cjs/react-dom.development.js:6430:5)
      at HTMLDivElement.callTheUserObjectsOperation 
(node_modules/jsdom/lib/jsdom/living/generated/EventListener.js:26:30)
      at innerInvokeEventListeners 
(node_modules/jsdom/lib/jsdom/living/events/EventTarget-impl.js:350:25)
      at invokeEventListeners 
(node_modules/jsdom/lib/jsdom/living/events/EventTarget-impl.js:286:3)
      at HTMLInputElementImpl._dispatch 
(node_modules/jsdom/lib/jsdom/living/events/EventTarget-impl.js:233:9)
      at HTMLInputElementImpl.dispatchEvent 
(node_modules/jsdom/lib/jsdom/living/events/EventTarget-impl.js:104:17)
      at HTMLInputElement.dispatchEvent 
(node_modules/jsdom/lib/jsdom/living/generated/EventTarget.js:241:34)
      at 
node_modules/@testing-library/user-event/dist/cjs/event/dispatchEvent.js:45:43
      at Object.eventWrapper 
(node_modules/@testing-library/dom/dist/config.js:25:23)
      at Object.wrapEvent 
(node_modules/@testing-library/user-event/dist/cjs/event/wrapEvent.js:6:28)
      at Object.dispatchEvent (node_modules/@testing-library/user-event/dist/cj
s/event/dispatchEvent.js:45:22)
      at Object.dispatchUIEvent (node_modules/@testing-library/user-event/dist/
cjs/event/dispatchEvent.js:22:26)
      at commitInput 
(node_modules/@testing-library/user-event/dist/cjs/event/input.js:145:14)
      at editInputElement 
(node_modules/@testing-library/user-event/dist/cjs/event/input.js:115:9)
      at Object.input 
(node_modules/@testing-library/user-event/dist/cjs/event/input.js:37:9)
      at node_modules/@testing-library/user-event/dist/cjs/event/behavior/keypr
ess.js:31:26
      at Object.dispatchEvent (node_modules/@testing-library/user-event/dist/cj
s/event/dispatchEvent.js:41:13)
      at Object.dispatchUIEvent (node_modules/@testing-library/user-event/dist/
cjs/event/dispatchEvent.js:22:26)
      at KeyboardHost.keydown 
(node_modules/@testing-library/user-event/dist/cjs/system/keyboard.js:76:22)
      at keyboardAction 
(node_modules/@testing-library/user-event/dist/cjs/keyboard/index.js:22:35)
      at Object.keyboard 
(node_modules/@testing-library/user-event/dist/cjs/keyboard/index.js:11:15)
      at Object.type 
(node_modules/@testing-library/user-event/dist/cjs/utility/type.js:17:5)
      at Object.<anonymous> (src/auth/auth.test.tsx:561:9)

    console.error
      Warning: An update to LoginForm inside a test was not wrapped in 
act(...).
      
      When testing, code that causes React state updates should be wrapped 
into act(...):
      
      act(() => {
        /* fire events that update state */
      });
      /* assert on the output */
      
      This ensures that you're testing the behavior the user would see in the 
browser. Learn more at https://reactjs.org/link/wrap-tests-with-act
          at LoginForm (C:\Users\samhe\OneDrive\Desktop\Cleaned\frontend\src\au
th\LoginForm\LoginForm.tsx:41:33)
          at div
          at div
          at LoginPage
          at routeContext (C:\Users\samhe\OneDrive\Desktop\Cleaned\frontend\nod
e_modules\react-router\lib\hooks.tsx:658:26)
          at children (C:\Users\samhe\OneDrive\Desktop\Cleaned\frontend\node_mo
dules\react-router\lib\components.tsx:512:3)
          at basenameProp (C:\Users\samhe\OneDrive\Desktop\Cleaned\frontend\nod
e_modules\react-router\lib\components.tsx:421:13)
          at basename (C:\Users\samhe\OneDrive\Desktop\Cleaned\frontend\node_mo
dules\react-router\lib\components.tsx:225:3)

      141 |                         placeholder="Enter your password"
      142 |                         value={password}
    > 143 |                         onChange={(e) => 
setPassword(e.target.value)}
          |                                          ^
      144 |                         className="w-full rounded-md border 
border-gray-300 px-3 py-2 pr-10 text-sm focus:outline-none focus:ring-2 
focus:ring-gray-900 disabled:opacity-50"
      145 |                     />
      146 |                     <button

      at printWarning 
(node_modules/react-dom/cjs/react-dom.development.js:86:30)
      at error (node_modules/react-dom/cjs/react-dom.development.js:60:7)
      at warnIfUpdatesNotWrappedWithActDEV 
(node_modules/react-dom/cjs/react-dom.development.js:27628:9)
      at scheduleUpdateOnFiber 
(node_modules/react-dom/cjs/react-dom.development.js:25547:5)
      at dispatchSetState 
(node_modules/react-dom/cjs/react-dom.development.js:16708:7)
      at onChange (src/auth/LoginForm/LoginForm.tsx:143:42)
      at HTMLUnknownElement.callCallback 
(node_modules/react-dom/cjs/react-dom.development.js:4164:14)
      at HTMLUnknownElement.callTheUserObjectsOperation 
(node_modules/jsdom/lib/jsdom/living/generated/EventListener.js:26:30)
      at innerInvokeEventListeners 
(node_modules/jsdom/lib/jsdom/living/events/EventTarget-impl.js:350:25)
      at invokeEventListeners 
(node_modules/jsdom/lib/jsdom/living/events/EventTarget-impl.js:286:3)
      at HTMLUnknownElementImpl._dispatch 
(node_modules/jsdom/lib/jsdom/living/events/EventTarget-impl.js:233:9)
      at HTMLUnknownElementImpl.dispatchEvent 
(node_modules/jsdom/lib/jsdom/living/events/EventTarget-impl.js:104:17)
      at HTMLUnknownElement.dispatchEvent 
(node_modules/jsdom/lib/jsdom/living/generated/EventTarget.js:241:34)
      at Object.invokeGuardedCallbackDev 
(node_modules/react-dom/cjs/react-dom.development.js:4213:16)
      at invokeGuardedCallback 
(node_modules/react-dom/cjs/react-dom.development.js:4277:31)
      at invokeGuardedCallbackAndCatchFirstError 
(node_modules/react-dom/cjs/react-dom.development.js:4291:25)
      at executeDispatch 
(node_modules/react-dom/cjs/react-dom.development.js:9041:3)
      at processDispatchQueueItemsInOrder 
(node_modules/react-dom/cjs/react-dom.development.js:9073:7)
      at processDispatchQueue 
(node_modules/react-dom/cjs/react-dom.development.js:9086:5)
      at dispatchEventsForPlugins 
(node_modules/react-dom/cjs/react-dom.development.js:9097:3)
      at node_modules/react-dom/cjs/react-dom.development.js:9288:12
      at batchedUpdates$1 
(node_modules/react-dom/cjs/react-dom.development.js:26179:12)
      at batchedUpdates 
(node_modules/react-dom/cjs/react-dom.development.js:3991:12)
      at dispatchEventForPluginEventSystem 
(node_modules/react-dom/cjs/react-dom.development.js:9287:3)
      at dispatchEventWithEnableCapturePhaseSelectiveHydrationWithoutDiscreteEv
entReplay (node_modules/react-dom/cjs/react-dom.development.js:6465:5)
      at dispatchEvent 
(node_modules/react-dom/cjs/react-dom.development.js:6457:5)
      at dispatchDiscreteEvent 
(node_modules/react-dom/cjs/react-dom.development.js:6430:5)
      at HTMLDivElement.callTheUserObjectsOperation 
(node_modules/jsdom/lib/jsdom/living/generated/EventListener.js:26:30)
      at innerInvokeEventListeners 
(node_modules/jsdom/lib/jsdom/living/events/EventTarget-impl.js:350:25)
      at invokeEventListeners 
(node_modules/jsdom/lib/jsdom/living/events/EventTarget-impl.js:286:3)
      at HTMLInputElementImpl._dispatch 
(node_modules/jsdom/lib/jsdom/living/events/EventTarget-impl.js:233:9)
      at HTMLInputElementImpl.dispatchEvent 
(node_modules/jsdom/lib/jsdom/living/events/EventTarget-impl.js:104:17)
      at HTMLInputElement.dispatchEvent 
(node_modules/jsdom/lib/jsdom/living/generated/EventTarget.js:241:34)
      at 
node_modules/@testing-library/user-event/dist/cjs/event/dispatchEvent.js:45:43
      at Object.eventWrapper 
(node_modules/@testing-library/dom/dist/config.js:25:23)
      at Object.wrapEvent 
(node_modules/@testing-library/user-event/dist/cjs/event/wrapEvent.js:6:28)
      at Object.dispatchEvent (node_modules/@testing-library/user-event/dist/cj
s/event/dispatchEvent.js:45:22)
      at Object.dispatchUIEvent (node_modules/@testing-library/user-event/dist/
cjs/event/dispatchEvent.js:22:26)
      at commitInput 
(node_modules/@testing-library/user-event/dist/cjs/event/input.js:145:14)
      at editInputElement 
(node_modules/@testing-library/user-event/dist/cjs/event/input.js:115:9)
      at Object.input 
(node_modules/@testing-library/user-event/dist/cjs/event/input.js:37:9)
      at node_modules/@testing-library/user-event/dist/cjs/event/behavior/keypr
ess.js:31:26
      at Object.dispatchEvent (node_modules/@testing-library/user-event/dist/cj
s/event/dispatchEvent.js:41:13)
      at Object.dispatchUIEvent (node_modules/@testing-library/user-event/dist/
cjs/event/dispatchEvent.js:22:26)
      at KeyboardHost.keydown 
(node_modules/@testing-library/user-event/dist/cjs/system/keyboard.js:76:22)
      at keyboardAction 
(node_modules/@testing-library/user-event/dist/cjs/keyboard/index.js:22:35)
      at Object.keyboard 
(node_modules/@testing-library/user-event/dist/cjs/keyboard/index.js:11:15)
      at Object.type 
(node_modules/@testing-library/user-event/dist/cjs/utility/type.js:17:5)
      at Object.<anonymous> (src/auth/auth.test.tsx:561:9)

    console.error
      Warning: An update to LoginForm inside a test was not wrapped in 
act(...).
      
      When testing, code that causes React state updates should be wrapped 
into act(...):
      
      act(() => {
        /* fire events that update state */
      });
      /* assert on the output */
      
      This ensures that you're testing the behavior the user would see in the 
browser. Learn more at https://reactjs.org/link/wrap-tests-with-act
          at LoginForm (C:\Users\samhe\OneDrive\Desktop\Cleaned\frontend\src\au
th\LoginForm\LoginForm.tsx:41:33)
          at div
          at div
          at LoginPage
          at routeContext (C:\Users\samhe\OneDrive\Desktop\Cleaned\frontend\nod
e_modules\react-router\lib\hooks.tsx:658:26)
          at children (C:\Users\samhe\OneDrive\Desktop\Cleaned\frontend\node_mo
dules\react-router\lib\components.tsx:512:3)
          at basenameProp (C:\Users\samhe\OneDrive\Desktop\Cleaned\frontend\nod
e_modules\react-router\lib\components.tsx:421:13)
          at basename (C:\Users\samhe\OneDrive\Desktop\Cleaned\frontend\node_mo
dules\react-router\lib\components.tsx:225:3)

      141 |                         placeholder="Enter your password"
      142 |                         value={password}
    > 143 |                         onChange={(e) => 
setPassword(e.target.value)}
          |                                          ^
      144 |                         className="w-full rounded-md border 
border-gray-300 px-3 py-2 pr-10 text-sm focus:outline-none focus:ring-2 
focus:ring-gray-900 disabled:opacity-50"
      145 |                     />
      146 |                     <button

      at printWarning 
(node_modules/react-dom/cjs/react-dom.development.js:86:30)
      at error (node_modules/react-dom/cjs/react-dom.development.js:60:7)
      at warnIfUpdatesNotWrappedWithActDEV 
(node_modules/react-dom/cjs/react-dom.development.js:27628:9)
      at scheduleUpdateOnFiber 
(node_modules/react-dom/cjs/react-dom.development.js:25547:5)
      at dispatchSetState 
(node_modules/react-dom/cjs/react-dom.development.js:16708:7)
      at onChange (src/auth/LoginForm/LoginForm.tsx:143:42)
      at HTMLUnknownElement.callCallback 
(node_modules/react-dom/cjs/react-dom.development.js:4164:14)
      at HTMLUnknownElement.callTheUserObjectsOperation 
(node_modules/jsdom/lib/jsdom/living/generated/EventListener.js:26:30)
      at innerInvokeEventListeners 
(node_modules/jsdom/lib/jsdom/living/events/EventTarget-impl.js:350:25)
      at invokeEventListeners 
(node_modules/jsdom/lib/jsdom/living/events/EventTarget-impl.js:286:3)
      at HTMLUnknownElementImpl._dispatch 
(node_modules/jsdom/lib/jsdom/living/events/EventTarget-impl.js:233:9)
      at HTMLUnknownElementImpl.dispatchEvent 
(node_modules/jsdom/lib/jsdom/living/events/EventTarget-impl.js:104:17)
      at HTMLUnknownElement.dispatchEvent 
(node_modules/jsdom/lib/jsdom/living/generated/EventTarget.js:241:34)
      at Object.invokeGuardedCallbackDev 
(node_modules/react-dom/cjs/react-dom.development.js:4213:16)
      at invokeGuardedCallback 
(node_modules/react-dom/cjs/react-dom.development.js:4277:31)
      at invokeGuardedCallbackAndCatchFirstError 
(node_modules/react-dom/cjs/react-dom.development.js:4291:25)
      at executeDispatch 
(node_modules/react-dom/cjs/react-dom.development.js:9041:3)
      at processDispatchQueueItemsInOrder 
(node_modules/react-dom/cjs/react-dom.development.js:9073:7)
      at processDispatchQueue 
(node_modules/react-dom/cjs/react-dom.development.js:9086:5)
      at dispatchEventsForPlugins 
(node_modules/react-dom/cjs/react-dom.development.js:9097:3)
      at node_modules/react-dom/cjs/react-dom.development.js:9288:12
      at batchedUpdates$1 
(node_modules/react-dom/cjs/react-dom.development.js:26179:12)
      at batchedUpdates 
(node_modules/react-dom/cjs/react-dom.development.js:3991:12)
      at dispatchEventForPluginEventSystem 
(node_modules/react-dom/cjs/react-dom.development.js:9287:3)
      at dispatchEventWithEnableCapturePhaseSelectiveHydrationWithoutDiscreteEv
entReplay (node_modules/react-dom/cjs/react-dom.development.js:6465:5)
      at dispatchEvent 
(node_modules/react-dom/cjs/react-dom.development.js:6457:5)
      at dispatchDiscreteEvent 
(node_modules/react-dom/cjs/react-dom.development.js:6430:5)
      at HTMLDivElement.callTheUserObjectsOperation 
(node_modules/jsdom/lib/jsdom/living/generated/EventListener.js:26:30)
      at innerInvokeEventListeners 
(node_modules/jsdom/lib/jsdom/living/events/EventTarget-impl.js:350:25)
      at invokeEventListeners 
(node_modules/jsdom/lib/jsdom/living/events/EventTarget-impl.js:286:3)
      at HTMLInputElementImpl._dispatch 
(node_modules/jsdom/lib/jsdom/living/events/EventTarget-impl.js:233:9)
      at HTMLInputElementImpl.dispatchEvent 
(node_modules/jsdom/lib/jsdom/living/events/EventTarget-impl.js:104:17)
      at HTMLInputElement.dispatchEvent 
(node_modules/jsdom/lib/jsdom/living/generated/EventTarget.js:241:34)
      at 
node_modules/@testing-library/user-event/dist/cjs/event/dispatchEvent.js:45:43
      at Object.eventWrapper 
(node_modules/@testing-library/dom/dist/config.js:25:23)
      at Object.wrapEvent 
(node_modules/@testing-library/user-event/dist/cjs/event/wrapEvent.js:6:28)
      at Object.dispatchEvent (node_modules/@testing-library/user-event/dist/cj
s/event/dispatchEvent.js:45:22)
      at Object.dispatchUIEvent (node_modules/@testing-library/user-event/dist/
cjs/event/dispatchEvent.js:22:26)
      at commitInput 
(node_modules/@testing-library/user-event/dist/cjs/event/input.js:145:14)
      at editInputElement 
(node_modules/@testing-library/user-event/dist/cjs/event/input.js:115:9)
      at Object.input 
(node_modules/@testing-library/user-event/dist/cjs/event/input.js:37:9)
      at node_modules/@testing-library/user-event/dist/cjs/event/behavior/keypr
ess.js:31:26
      at Object.dispatchEvent (node_modules/@testing-library/user-event/dist/cj
s/event/dispatchEvent.js:41:13)
      at Object.dispatchUIEvent (node_modules/@testing-library/user-event/dist/
cjs/event/dispatchEvent.js:22:26)
      at KeyboardHost.keydown 
(node_modules/@testing-library/user-event/dist/cjs/system/keyboard.js:76:22)
      at keyboardAction 
(node_modules/@testing-library/user-event/dist/cjs/keyboard/index.js:22:35)
      at Object.keyboard 
(node_modules/@testing-library/user-event/dist/cjs/keyboard/index.js:11:15)
      at Object.type 
(node_modules/@testing-library/user-event/dist/cjs/utility/type.js:17:5)
      at Object.<anonymous> (src/auth/auth.test.tsx:561:9)

    console.error
      Warning: An update to LoginForm inside a test was not wrapped in 
act(...).
      
      When testing, code that causes React state updates should be wrapped 
into act(...):
      
      act(() => {
        /* fire events that update state */
      });
      /* assert on the output */
      
      This ensures that you're testing the behavior the user would see in the 
browser. Learn more at https://reactjs.org/link/wrap-tests-with-act
          at LoginForm (C:\Users\samhe\OneDrive\Desktop\Cleaned\frontend\src\au
th\LoginForm\LoginForm.tsx:41:33)
          at div
          at div
          at LoginPage
          at routeContext (C:\Users\samhe\OneDrive\Desktop\Cleaned\frontend\nod
e_modules\react-router\lib\hooks.tsx:658:26)
          at children (C:\Users\samhe\OneDrive\Desktop\Cleaned\frontend\node_mo
dules\react-router\lib\components.tsx:512:3)
          at basenameProp (C:\Users\samhe\OneDrive\Desktop\Cleaned\frontend\nod
e_modules\react-router\lib\components.tsx:421:13)
          at basename (C:\Users\samhe\OneDrive\Desktop\Cleaned\frontend\node_mo
dules\react-router\lib\components.tsx:225:3)

      141 |                         placeholder="Enter your password"
      142 |                         value={password}
    > 143 |                         onChange={(e) => 
setPassword(e.target.value)}
          |                                          ^
      144 |                         className="w-full rounded-md border 
border-gray-300 px-3 py-2 pr-10 text-sm focus:outline-none focus:ring-2 
focus:ring-gray-900 disabled:opacity-50"
      145 |                     />
      146 |                     <button

      at printWarning 
(node_modules/react-dom/cjs/react-dom.development.js:86:30)
      at error (node_modules/react-dom/cjs/react-dom.development.js:60:7)
      at warnIfUpdatesNotWrappedWithActDEV 
(node_modules/react-dom/cjs/react-dom.development.js:27628:9)
      at scheduleUpdateOnFiber 
(node_modules/react-dom/cjs/react-dom.development.js:25547:5)
      at dispatchSetState 
(node_modules/react-dom/cjs/react-dom.development.js:16708:7)
      at onChange (src/auth/LoginForm/LoginForm.tsx:143:42)
      at HTMLUnknownElement.callCallback 
(node_modules/react-dom/cjs/react-dom.development.js:4164:14)
      at HTMLUnknownElement.callTheUserObjectsOperation 
(node_modules/jsdom/lib/jsdom/living/generated/EventListener.js:26:30)
      at innerInvokeEventListeners 
(node_modules/jsdom/lib/jsdom/living/events/EventTarget-impl.js:350:25)
      at invokeEventListeners 
(node_modules/jsdom/lib/jsdom/living/events/EventTarget-impl.js:286:3)
      at HTMLUnknownElementImpl._dispatch 
(node_modules/jsdom/lib/jsdom/living/events/EventTarget-impl.js:233:9)
      at HTMLUnknownElementImpl.dispatchEvent 
(node_modules/jsdom/lib/jsdom/living/events/EventTarget-impl.js:104:17)
      at HTMLUnknownElement.dispatchEvent 
(node_modules/jsdom/lib/jsdom/living/generated/EventTarget.js:241:34)
      at Object.invokeGuardedCallbackDev 
(node_modules/react-dom/cjs/react-dom.development.js:4213:16)
      at invokeGuardedCallback 
(node_modules/react-dom/cjs/react-dom.development.js:4277:31)
      at invokeGuardedCallbackAndCatchFirstError 
(node_modules/react-dom/cjs/react-dom.development.js:4291:25)
      at executeDispatch 
(node_modules/react-dom/cjs/react-dom.development.js:9041:3)
      at processDispatchQueueItemsInOrder 
(node_modules/react-dom/cjs/react-dom.development.js:9073:7)
      at processDispatchQueue 
(node_modules/react-dom/cjs/react-dom.development.js:9086:5)
      at dispatchEventsForPlugins 
(node_modules/react-dom/cjs/react-dom.development.js:9097:3)
      at node_modules/react-dom/cjs/react-dom.development.js:9288:12
      at batchedUpdates$1 
(node_modules/react-dom/cjs/react-dom.development.js:26179:12)
      at batchedUpdates 
(node_modules/react-dom/cjs/react-dom.development.js:3991:12)
      at dispatchEventForPluginEventSystem 
(node_modules/react-dom/cjs/react-dom.development.js:9287:3)
      at dispatchEventWithEnableCapturePhaseSelectiveHydrationWithoutDiscreteEv
entReplay (node_modules/react-dom/cjs/react-dom.development.js:6465:5)
      at dispatchEvent 
(node_modules/react-dom/cjs/react-dom.development.js:6457:5)
      at dispatchDiscreteEvent 
(node_modules/react-dom/cjs/react-dom.development.js:6430:5)
      at HTMLDivElement.callTheUserObjectsOperation 
(node_modules/jsdom/lib/jsdom/living/generated/EventListener.js:26:30)
      at innerInvokeEventListeners 
(node_modules/jsdom/lib/jsdom/living/events/EventTarget-impl.js:350:25)
      at invokeEventListeners 
(node_modules/jsdom/lib/jsdom/living/events/EventTarget-impl.js:286:3)
      at HTMLInputElementImpl._dispatch 
(node_modules/jsdom/lib/jsdom/living/events/EventTarget-impl.js:233:9)
      at HTMLInputElementImpl.dispatchEvent 
(node_modules/jsdom/lib/jsdom/living/events/EventTarget-impl.js:104:17)
      at HTMLInputElement.dispatchEvent 
(node_modules/jsdom/lib/jsdom/living/generated/EventTarget.js:241:34)
      at 
node_modules/@testing-library/user-event/dist/cjs/event/dispatchEvent.js:45:43
      at Object.eventWrapper 
(node_modules/@testing-library/dom/dist/config.js:25:23)
      at Object.wrapEvent 
(node_modules/@testing-library/user-event/dist/cjs/event/wrapEvent.js:6:28)
      at Object.dispatchEvent (node_modules/@testing-library/user-event/dist/cj
s/event/dispatchEvent.js:45:22)
      at Object.dispatchUIEvent (node_modules/@testing-library/user-event/dist/
cjs/event/dispatchEvent.js:22:26)
      at commitInput 
(node_modules/@testing-library/user-event/dist/cjs/event/input.js:145:14)
      at editInputElement 
(node_modules/@testing-library/user-event/dist/cjs/event/input.js:115:9)
      at Object.input 
(node_modules/@testing-library/user-event/dist/cjs/event/input.js:37:9)
      at node_modules/@testing-library/user-event/dist/cjs/event/behavior/keypr
ess.js:31:26
      at Object.dispatchEvent (node_modules/@testing-library/user-event/dist/cj
s/event/dispatchEvent.js:41:13)
      at Object.dispatchUIEvent (node_modules/@testing-library/user-event/dist/
cjs/event/dispatchEvent.js:22:26)
      at KeyboardHost.keydown 
(node_modules/@testing-library/user-event/dist/cjs/system/keyboard.js:76:22)
      at keyboardAction 
(node_modules/@testing-library/user-event/dist/cjs/keyboard/index.js:22:35)
      at Object.keyboard 
(node_modules/@testing-library/user-event/dist/cjs/keyboard/index.js:11:15)
      at Object.type 
(node_modules/@testing-library/user-event/dist/cjs/utility/type.js:17:5)
      at Object.<anonymous> (src/auth/auth.test.tsx:561:9)

    console.error
      Warning: An update to LoginForm inside a test was not wrapped in 
act(...).
      
      When testing, code that causes React state updates should be wrapped 
into act(...):
      
      act(() => {
        /* fire events that update state */
      });
      /* assert on the output */
      
      This ensures that you're testing the behavior the user would see in the 
browser. Learn more at https://reactjs.org/link/wrap-tests-with-act
          at LoginForm (C:\Users\samhe\OneDrive\Desktop\Cleaned\frontend\src\au
th\LoginForm\LoginForm.tsx:41:33)
          at div
          at div
          at LoginPage
          at routeContext (C:\Users\samhe\OneDrive\Desktop\Cleaned\frontend\nod
e_modules\react-router\lib\hooks.tsx:658:26)
          at children (C:\Users\samhe\OneDrive\Desktop\Cleaned\frontend\node_mo
dules\react-router\lib\components.tsx:512:3)
          at basenameProp (C:\Users\samhe\OneDrive\Desktop\Cleaned\frontend\nod
e_modules\react-router\lib\components.tsx:421:13)
          at basename (C:\Users\samhe\OneDrive\Desktop\Cleaned\frontend\node_mo
dules\react-router\lib\components.tsx:225:3)

      141 |                         placeholder="Enter your password"
      142 |                         value={password}
    > 143 |                         onChange={(e) => 
setPassword(e.target.value)}
          |                                          ^
      144 |                         className="w-full rounded-md border 
border-gray-300 px-3 py-2 pr-10 text-sm focus:outline-none focus:ring-2 
focus:ring-gray-900 disabled:opacity-50"
      145 |                     />
      146 |                     <button

      at printWarning 
(node_modules/react-dom/cjs/react-dom.development.js:86:30)
      at error (node_modules/react-dom/cjs/react-dom.development.js:60:7)
      at warnIfUpdatesNotWrappedWithActDEV 
(node_modules/react-dom/cjs/react-dom.development.js:27628:9)
      at scheduleUpdateOnFiber 
(node_modules/react-dom/cjs/react-dom.development.js:25547:5)
      at dispatchSetState 
(node_modules/react-dom/cjs/react-dom.development.js:16708:7)
      at onChange (src/auth/LoginForm/LoginForm.tsx:143:42)
      at HTMLUnknownElement.callCallback 
(node_modules/react-dom/cjs/react-dom.development.js:4164:14)
      at HTMLUnknownElement.callTheUserObjectsOperation 
(node_modules/jsdom/lib/jsdom/living/generated/EventListener.js:26:30)
      at innerInvokeEventListeners 
(node_modules/jsdom/lib/jsdom/living/events/EventTarget-impl.js:350:25)
      at invokeEventListeners 
(node_modules/jsdom/lib/jsdom/living/events/EventTarget-impl.js:286:3)
      at HTMLUnknownElementImpl._dispatch 
(node_modules/jsdom/lib/jsdom/living/events/EventTarget-impl.js:233:9)
      at HTMLUnknownElementImpl.dispatchEvent 
(node_modules/jsdom/lib/jsdom/living/events/EventTarget-impl.js:104:17)
      at HTMLUnknownElement.dispatchEvent 
(node_modules/jsdom/lib/jsdom/living/generated/EventTarget.js:241:34)
      at Object.invokeGuardedCallbackDev 
(node_modules/react-dom/cjs/react-dom.development.js:4213:16)
      at invokeGuardedCallback 
(node_modules/react-dom/cjs/react-dom.development.js:4277:31)
      at invokeGuardedCallbackAndCatchFirstError 
(node_modules/react-dom/cjs/react-dom.development.js:4291:25)
      at executeDispatch 
(node_modules/react-dom/cjs/react-dom.development.js:9041:3)
      at processDispatchQueueItemsInOrder 
(node_modules/react-dom/cjs/react-dom.development.js:9073:7)
      at processDispatchQueue 
(node_modules/react-dom/cjs/react-dom.development.js:9086:5)
      at dispatchEventsForPlugins 
(node_modules/react-dom/cjs/react-dom.development.js:9097:3)
      at node_modules/react-dom/cjs/react-dom.development.js:9288:12
      at batchedUpdates$1 
(node_modules/react-dom/cjs/react-dom.development.js:26179:12)
      at batchedUpdates 
(node_modules/react-dom/cjs/react-dom.development.js:3991:12)
      at dispatchEventForPluginEventSystem 
(node_modules/react-dom/cjs/react-dom.development.js:9287:3)
      at dispatchEventWithEnableCapturePhaseSelectiveHydrationWithoutDiscreteEv
entReplay (node_modules/react-dom/cjs/react-dom.development.js:6465:5)
      at dispatchEvent 
(node_modules/react-dom/cjs/react-dom.development.js:6457:5)
      at dispatchDiscreteEvent 
(node_modules/react-dom/cjs/react-dom.development.js:6430:5)
      at HTMLDivElement.callTheUserObjectsOperation 
(node_modules/jsdom/lib/jsdom/living/generated/EventListener.js:26:30)
      at innerInvokeEventListeners 
(node_modules/jsdom/lib/jsdom/living/events/EventTarget-impl.js:350:25)
      at invokeEventListeners 
(node_modules/jsdom/lib/jsdom/living/events/EventTarget-impl.js:286:3)
      at HTMLInputElementImpl._dispatch 
(node_modules/jsdom/lib/jsdom/living/events/EventTarget-impl.js:233:9)
      at HTMLInputElementImpl.dispatchEvent 
(node_modules/jsdom/lib/jsdom/living/events/EventTarget-impl.js:104:17)
      at HTMLInputElement.dispatchEvent 
(node_modules/jsdom/lib/jsdom/living/generated/EventTarget.js:241:34)
      at 
node_modules/@testing-library/user-event/dist/cjs/event/dispatchEvent.js:45:43
      at Object.eventWrapper 
(node_modules/@testing-library/dom/dist/config.js:25:23)
      at Object.wrapEvent 
(node_modules/@testing-library/user-event/dist/cjs/event/wrapEvent.js:6:28)
      at Object.dispatchEvent (node_modules/@testing-library/user-event/dist/cj
s/event/dispatchEvent.js:45:22)
      at Object.dispatchUIEvent (node_modules/@testing-library/user-event/dist/
cjs/event/dispatchEvent.js:22:26)
      at commitInput 
(node_modules/@testing-library/user-event/dist/cjs/event/input.js:145:14)
      at editInputElement 
(node_modules/@testing-library/user-event/dist/cjs/event/input.js:115:9)
      at Object.input 
(node_modules/@testing-library/user-event/dist/cjs/event/input.js:37:9)
      at node_modules/@testing-library/user-event/dist/cjs/event/behavior/keypr
ess.js:31:26
      at Object.dispatchEvent (node_modules/@testing-library/user-event/dist/cj
s/event/dispatchEvent.js:41:13)
      at Object.dispatchUIEvent (node_modules/@testing-library/user-event/dist/
cjs/event/dispatchEvent.js:22:26)
      at KeyboardHost.keydown 
(node_modules/@testing-library/user-event/dist/cjs/system/keyboard.js:76:22)
      at keyboardAction 
(node_modules/@testing-library/user-event/dist/cjs/keyboard/index.js:22:35)
      at Object.keyboard 
(node_modules/@testing-library/user-event/dist/cjs/keyboard/index.js:11:15)
      at Object.type 
(node_modules/@testing-library/user-event/dist/cjs/utility/type.js:17:5)
      at Object.<anonymous> (src/auth/auth.test.tsx:561:9)

    console.error
      Warning: An update to LoginForm inside a test was not wrapped in 
act(...).
      
      When testing, code that causes React state updates should be wrapped 
into act(...):
      
      act(() => {
        /* fire events that update state */
      });
      /* assert on the output */
      
      This ensures that you're testing the behavior the user would see in the 
browser. Learn more at https://reactjs.org/link/wrap-tests-with-act
          at LoginForm (C:\Users\samhe\OneDrive\Desktop\Cleaned\frontend\src\au
th\LoginForm\LoginForm.tsx:41:33)
          at div
          at div
          at LoginPage
          at routeContext (C:\Users\samhe\OneDrive\Desktop\Cleaned\frontend\nod
e_modules\react-router\lib\hooks.tsx:658:26)
          at children (C:\Users\samhe\OneDrive\Desktop\Cleaned\frontend\node_mo
dules\react-router\lib\components.tsx:512:3)
          at basenameProp (C:\Users\samhe\OneDrive\Desktop\Cleaned\frontend\nod
e_modules\react-router\lib\components.tsx:421:13)
          at basename (C:\Users\samhe\OneDrive\Desktop\Cleaned\frontend\node_mo
dules\react-router\lib\components.tsx:225:3)

      141 |                         placeholder="Enter your password"
      142 |                         value={password}
    > 143 |                         onChange={(e) => 
setPassword(e.target.value)}
          |                                          ^
      144 |                         className="w-full rounded-md border 
border-gray-300 px-3 py-2 pr-10 text-sm focus:outline-none focus:ring-2 
focus:ring-gray-900 disabled:opacity-50"
      145 |                     />
      146 |                     <button

      at printWarning 
(node_modules/react-dom/cjs/react-dom.development.js:86:30)
      at error (node_modules/react-dom/cjs/react-dom.development.js:60:7)
      at warnIfUpdatesNotWrappedWithActDEV 
(node_modules/react-dom/cjs/react-dom.development.js:27628:9)
      at scheduleUpdateOnFiber 
(node_modules/react-dom/cjs/react-dom.development.js:25547:5)
      at dispatchSetState 
(node_modules/react-dom/cjs/react-dom.development.js:16708:7)
      at onChange (src/auth/LoginForm/LoginForm.tsx:143:42)
      at HTMLUnknownElement.callCallback 
(node_modules/react-dom/cjs/react-dom.development.js:4164:14)
      at HTMLUnknownElement.callTheUserObjectsOperation 
(node_modules/jsdom/lib/jsdom/living/generated/EventListener.js:26:30)
      at innerInvokeEventListeners 
(node_modules/jsdom/lib/jsdom/living/events/EventTarget-impl.js:350:25)
      at invokeEventListeners 
(node_modules/jsdom/lib/jsdom/living/events/EventTarget-impl.js:286:3)
      at HTMLUnknownElementImpl._dispatch 
(node_modules/jsdom/lib/jsdom/living/events/EventTarget-impl.js:233:9)
      at HTMLUnknownElementImpl.dispatchEvent 
(node_modules/jsdom/lib/jsdom/living/events/EventTarget-impl.js:104:17)
      at HTMLUnknownElement.dispatchEvent 
(node_modules/jsdom/lib/jsdom/living/generated/EventTarget.js:241:34)
      at Object.invokeGuardedCallbackDev 
(node_modules/react-dom/cjs/react-dom.development.js:4213:16)
      at invokeGuardedCallback 
(node_modules/react-dom/cjs/react-dom.development.js:4277:31)
      at invokeGuardedCallbackAndCatchFirstError 
(node_modules/react-dom/cjs/react-dom.development.js:4291:25)
      at executeDispatch 
(node_modules/react-dom/cjs/react-dom.development.js:9041:3)
      at processDispatchQueueItemsInOrder 
(node_modules/react-dom/cjs/react-dom.development.js:9073:7)
      at processDispatchQueue 
(node_modules/react-dom/cjs/react-dom.development.js:9086:5)
      at dispatchEventsForPlugins 
(node_modules/react-dom/cjs/react-dom.development.js:9097:3)
      at node_modules/react-dom/cjs/react-dom.development.js:9288:12
      at batchedUpdates$1 
(node_modules/react-dom/cjs/react-dom.development.js:26179:12)
      at batchedUpdates 
(node_modules/react-dom/cjs/react-dom.development.js:3991:12)
      at dispatchEventForPluginEventSystem 
(node_modules/react-dom/cjs/react-dom.development.js:9287:3)
      at dispatchEventWithEnableCapturePhaseSelectiveHydrationWithoutDiscreteEv
entReplay (node_modules/react-dom/cjs/react-dom.development.js:6465:5)
      at dispatchEvent 
(node_modules/react-dom/cjs/react-dom.development.js:6457:5)
      at dispatchDiscreteEvent 
(node_modules/react-dom/cjs/react-dom.development.js:6430:5)
      at HTMLDivElement.callTheUserObjectsOperation 
(node_modules/jsdom/lib/jsdom/living/generated/EventListener.js:26:30)
      at innerInvokeEventListeners 
(node_modules/jsdom/lib/jsdom/living/events/EventTarget-impl.js:350:25)
      at invokeEventListeners 
(node_modules/jsdom/lib/jsdom/living/events/EventTarget-impl.js:286:3)
      at HTMLInputElementImpl._dispatch 
(node_modules/jsdom/lib/jsdom/living/events/EventTarget-impl.js:233:9)
      at HTMLInputElementImpl.dispatchEvent 
(node_modules/jsdom/lib/jsdom/living/events/EventTarget-impl.js:104:17)
      at HTMLInputElement.dispatchEvent 
(node_modules/jsdom/lib/jsdom/living/generated/EventTarget.js:241:34)
      at 
node_modules/@testing-library/user-event/dist/cjs/event/dispatchEvent.js:45:43
      at Object.eventWrapper 
(node_modules/@testing-library/dom/dist/config.js:25:23)
      at Object.wrapEvent 
(node_modules/@testing-library/user-event/dist/cjs/event/wrapEvent.js:6:28)
      at Object.dispatchEvent (node_modules/@testing-library/user-event/dist/cj
s/event/dispatchEvent.js:45:22)
      at Object.dispatchUIEvent (node_modules/@testing-library/user-event/dist/
cjs/event/dispatchEvent.js:22:26)
      at commitInput 
(node_modules/@testing-library/user-event/dist/cjs/event/input.js:145:14)
      at editInputElement 
(node_modules/@testing-library/user-event/dist/cjs/event/input.js:115:9)
      at Object.input 
(node_modules/@testing-library/user-event/dist/cjs/event/input.js:37:9)
      at node_modules/@testing-library/user-event/dist/cjs/event/behavior/keypr
ess.js:31:26
      at Object.dispatchEvent (node_modules/@testing-library/user-event/dist/cj
s/event/dispatchEvent.js:41:13)
      at Object.dispatchUIEvent (node_modules/@testing-library/user-event/dist/
cjs/event/dispatchEvent.js:22:26)
      at KeyboardHost.keydown 
(node_modules/@testing-library/user-event/dist/cjs/system/keyboard.js:76:22)
      at keyboardAction 
(node_modules/@testing-library/user-event/dist/cjs/keyboard/index.js:22:35)
      at Object.keyboard 
(node_modules/@testing-library/user-event/dist/cjs/keyboard/index.js:11:15)
      at Object.type 
(node_modules/@testing-library/user-event/dist/cjs/utility/type.js:17:5)
      at Object.<anonymous> (src/auth/auth.test.tsx:561:9)

    console.error
      Warning: An update to LoginForm inside a test was not wrapped in 
act(...).
      
      When testing, code that causes React state updates should be wrapped 
into act(...):
      
      act(() => {
        /* fire events that update state */
      });
      /* assert on the output */
      
      This ensures that you're testing the behavior the user would see in the 
browser. Learn more at https://reactjs.org/link/wrap-tests-with-act
          at LoginForm (C:\Users\samhe\OneDrive\Desktop\Cleaned\frontend\src\au
th\LoginForm\LoginForm.tsx:41:33)
          at div
          at div
          at LoginPage
          at routeContext (C:\Users\samhe\OneDrive\Desktop\Cleaned\frontend\nod
e_modules\react-router\lib\hooks.tsx:658:26)
          at children (C:\Users\samhe\OneDrive\Desktop\Cleaned\frontend\node_mo
dules\react-router\lib\components.tsx:512:3)
          at basenameProp (C:\Users\samhe\OneDrive\Desktop\Cleaned\frontend\nod
e_modules\react-router\lib\components.tsx:421:13)
          at basename (C:\Users\samhe\OneDrive\Desktop\Cleaned\frontend\node_mo
dules\react-router\lib\components.tsx:225:3)

      141 |                         placeholder="Enter your password"
      142 |                         value={password}
    > 143 |                         onChange={(e) => 
setPassword(e.target.value)}
          |                                          ^
      144 |                         className="w-full rounded-md border 
border-gray-300 px-3 py-2 pr-10 text-sm focus:outline-none focus:ring-2 
focus:ring-gray-900 disabled:opacity-50"
      145 |                     />
      146 |                     <button

      at printWarning 
(node_modules/react-dom/cjs/react-dom.development.js:86:30)
      at error (node_modules/react-dom/cjs/react-dom.development.js:60:7)
      at warnIfUpdatesNotWrappedWithActDEV 
(node_modules/react-dom/cjs/react-dom.development.js:27628:9)
      at scheduleUpdateOnFiber 
(node_modules/react-dom/cjs/react-dom.development.js:25547:5)
      at dispatchSetState 
(node_modules/react-dom/cjs/react-dom.development.js:16708:7)
      at onChange (src/auth/LoginForm/LoginForm.tsx:143:42)
      at HTMLUnknownElement.callCallback 
(node_modules/react-dom/cjs/react-dom.development.js:4164:14)
      at HTMLUnknownElement.callTheUserObjectsOperation 
(node_modules/jsdom/lib/jsdom/living/generated/EventListener.js:26:30)
      at innerInvokeEventListeners 
(node_modules/jsdom/lib/jsdom/living/events/EventTarget-impl.js:350:25)
      at invokeEventListeners 
(node_modules/jsdom/lib/jsdom/living/events/EventTarget-impl.js:286:3)
      at HTMLUnknownElementImpl._dispatch 
(node_modules/jsdom/lib/jsdom/living/events/EventTarget-impl.js:233:9)
      at HTMLUnknownElementImpl.dispatchEvent 
(node_modules/jsdom/lib/jsdom/living/events/EventTarget-impl.js:104:17)
      at HTMLUnknownElement.dispatchEvent 
(node_modules/jsdom/lib/jsdom/living/generated/EventTarget.js:241:34)
      at Object.invokeGuardedCallbackDev 
(node_modules/react-dom/cjs/react-dom.development.js:4213:16)
      at invokeGuardedCallback 
(node_modules/react-dom/cjs/react-dom.development.js:4277:31)
      at invokeGuardedCallbackAndCatchFirstError 
(node_modules/react-dom/cjs/react-dom.development.js:4291:25)
      at executeDispatch 
(node_modules/react-dom/cjs/react-dom.development.js:9041:3)
      at processDispatchQueueItemsInOrder 
(node_modules/react-dom/cjs/react-dom.development.js:9073:7)
      at processDispatchQueue 
(node_modules/react-dom/cjs/react-dom.development.js:9086:5)
      at dispatchEventsForPlugins 
(node_modules/react-dom/cjs/react-dom.development.js:9097:3)
      at node_modules/react-dom/cjs/react-dom.development.js:9288:12
      at batchedUpdates$1 
(node_modules/react-dom/cjs/react-dom.development.js:26179:12)
      at batchedUpdates 
(node_modules/react-dom/cjs/react-dom.development.js:3991:12)
      at dispatchEventForPluginEventSystem 
(node_modules/react-dom/cjs/react-dom.development.js:9287:3)
      at dispatchEventWithEnableCapturePhaseSelectiveHydrationWithoutDiscreteEv
entReplay (node_modules/react-dom/cjs/react-dom.development.js:6465:5)
      at dispatchEvent 
(node_modules/react-dom/cjs/react-dom.development.js:6457:5)
      at dispatchDiscreteEvent 
(node_modules/react-dom/cjs/react-dom.development.js:6430:5)
      at HTMLDivElement.callTheUserObjectsOperation 
(node_modules/jsdom/lib/jsdom/living/generated/EventListener.js:26:30)
      at innerInvokeEventListeners 
(node_modules/jsdom/lib/jsdom/living/events/EventTarget-impl.js:350:25)
      at invokeEventListeners 
(node_modules/jsdom/lib/jsdom/living/events/EventTarget-impl.js:286:3)
      at HTMLInputElementImpl._dispatch 
(node_modules/jsdom/lib/jsdom/living/events/EventTarget-impl.js:233:9)
      at HTMLInputElementImpl.dispatchEvent 
(node_modules/jsdom/lib/jsdom/living/events/EventTarget-impl.js:104:17)
      at HTMLInputElement.dispatchEvent 
(node_modules/jsdom/lib/jsdom/living/generated/EventTarget.js:241:34)
      at 
node_modules/@testing-library/user-event/dist/cjs/event/dispatchEvent.js:45:43
      at Object.eventWrapper 
(node_modules/@testing-library/dom/dist/config.js:25:23)
      at Object.wrapEvent 
(node_modules/@testing-library/user-event/dist/cjs/event/wrapEvent.js:6:28)
      at Object.dispatchEvent (node_modules/@testing-library/user-event/dist/cj
s/event/dispatchEvent.js:45:22)
      at Object.dispatchUIEvent (node_modules/@testing-library/user-event/dist/
cjs/event/dispatchEvent.js:22:26)
      at commitInput 
(node_modules/@testing-library/user-event/dist/cjs/event/input.js:145:14)
      at editInputElement 
(node_modules/@testing-library/user-event/dist/cjs/event/input.js:115:9)
      at Object.input 
(node_modules/@testing-library/user-event/dist/cjs/event/input.js:37:9)
      at node_modules/@testing-library/user-event/dist/cjs/event/behavior/keypr
ess.js:31:26
      at Object.dispatchEvent (node_modules/@testing-library/user-event/dist/cj
s/event/dispatchEvent.js:41:13)
      at Object.dispatchUIEvent (node_modules/@testing-library/user-event/dist/
cjs/event/dispatchEvent.js:22:26)
      at KeyboardHost.keydown 
(node_modules/@testing-library/user-event/dist/cjs/system/keyboard.js:76:22)
      at keyboardAction 
(node_modules/@testing-library/user-event/dist/cjs/keyboard/index.js:22:35)
      at Object.keyboard 
(node_modules/@testing-library/user-event/dist/cjs/keyboard/index.js:11:15)
      at Object.type 
(node_modules/@testing-library/user-event/dist/cjs/utility/type.js:17:5)
      at Object.<anonymous> (src/auth/auth.test.tsx:561:9)

    console.error
      Warning: An update to LoginForm inside a test was not wrapped in 
act(...).
      
      When testing, code that causes React state updates should be wrapped 
into act(...):
      
      act(() => {
        /* fire events that update state */
      });
      /* assert on the output */
      
      This ensures that you're testing the behavior the user would see in the 
browser. Learn more at https://reactjs.org/link/wrap-tests-with-act
          at LoginForm (C:\Users\samhe\OneDrive\Desktop\Cleaned\frontend\src\au
th\LoginForm\LoginForm.tsx:41:33)
          at div
          at div
          at LoginPage
          at routeContext (C:\Users\samhe\OneDrive\Desktop\Cleaned\frontend\nod
e_modules\react-router\lib\hooks.tsx:658:26)
          at children (C:\Users\samhe\OneDrive\Desktop\Cleaned\frontend\node_mo
dules\react-router\lib\components.tsx:512:3)
          at basenameProp (C:\Users\samhe\OneDrive\Desktop\Cleaned\frontend\nod
e_modules\react-router\lib\components.tsx:421:13)
          at basename (C:\Users\samhe\OneDrive\Desktop\Cleaned\frontend\node_mo
dules\react-router\lib\components.tsx:225:3)

      52 |     async function handleSubmit(e: React.FormEvent) {
      53 |         e.preventDefault()
    > 54 |         setError('')
         |         ^
      55 |
      56 |         // Client-side empty field validation (R-AUTH-EMPTY)
      57 |         if (!email.trim() || !password) {

      at printWarning 
(node_modules/react-dom/cjs/react-dom.development.js:86:30)
      at error (node_modules/react-dom/cjs/react-dom.development.js:60:7)
      at warnIfUpdatesNotWrappedWithActDEV 
(node_modules/react-dom/cjs/react-dom.development.js:27628:9)
      at scheduleUpdateOnFiber 
(node_modules/react-dom/cjs/react-dom.development.js:25547:5)
      at dispatchSetState 
(node_modules/react-dom/cjs/react-dom.development.js:16708:7)
      at handleSubmit (src/auth/LoginForm/LoginForm.tsx:54:9)
      at HTMLUnknownElement.callCallback 
(node_modules/react-dom/cjs/react-dom.development.js:4164:14)
      at HTMLUnknownElement.callTheUserObjectsOperation 
(node_modules/jsdom/lib/jsdom/living/generated/EventListener.js:26:30)
      at innerInvokeEventListeners 
(node_modules/jsdom/lib/jsdom/living/events/EventTarget-impl.js:350:25)
      at invokeEventListeners 
(node_modules/jsdom/lib/jsdom/living/events/EventTarget-impl.js:286:3)
      at HTMLUnknownElementImpl._dispatch 
(node_modules/jsdom/lib/jsdom/living/events/EventTarget-impl.js:233:9)
      at HTMLUnknownElementImpl.dispatchEvent 
(node_modules/jsdom/lib/jsdom/living/events/EventTarget-impl.js:104:17)
      at HTMLUnknownElement.dispatchEvent 
(node_modules/jsdom/lib/jsdom/living/generated/EventTarget.js:241:34)
      at Object.invokeGuardedCallbackDev 
(node_modules/react-dom/cjs/react-dom.development.js:4213:16)
      at invokeGuardedCallback 
(node_modules/react-dom/cjs/react-dom.development.js:4277:31)
      at invokeGuardedCallbackAndCatchFirstError 
(node_modules/react-dom/cjs/react-dom.development.js:4291:25)
      at executeDispatch 
(node_modules/react-dom/cjs/react-dom.development.js:9041:3)
      at processDispatchQueueItemsInOrder 
(node_modules/react-dom/cjs/react-dom.development.js:9073:7)
      at processDispatchQueue 
(node_modules/react-dom/cjs/react-dom.development.js:9086:5)
      at dispatchEventsForPlugins 
(node_modules/react-dom/cjs/react-dom.development.js:9097:3)
      at node_modules/react-dom/cjs/react-dom.development.js:9288:12
      at batchedUpdates$1 
(node_modules/react-dom/cjs/react-dom.development.js:26179:12)
      at batchedUpdates 
(node_modules/react-dom/cjs/react-dom.development.js:3991:12)
      at dispatchEventForPluginEventSystem 
(node_modules/react-dom/cjs/react-dom.development.js:9287:3)
      at dispatchEventWithEnableCapturePhaseSelectiveHydrationWithoutDiscreteEv
entReplay (node_modules/react-dom/cjs/react-dom.development.js:6465:5)
      at dispatchEvent 
(node_modules/react-dom/cjs/react-dom.development.js:6457:5)
      at dispatchDiscreteEvent 
(node_modules/react-dom/cjs/react-dom.development.js:6430:5)
      at HTMLDivElement.callTheUserObjectsOperation 
(node_modules/jsdom/lib/jsdom/living/generated/EventListener.js:26:30)
      at innerInvokeEventListeners 
(node_modules/jsdom/lib/jsdom/living/events/EventTarget-impl.js:350:25)
      at invokeEventListeners 
(node_modules/jsdom/lib/jsdom/living/events/EventTarget-impl.js:286:3)
      at HTMLFormElementImpl._dispatch 
(node_modules/jsdom/lib/jsdom/living/events/EventTarget-impl.js:233:9)
      at fireAnEvent 
(node_modules/jsdom/lib/jsdom/living/helpers/events.js:18:36)
      at HTMLFormElementImpl.requestSubmit 
(node_modules/jsdom/lib/jsdom/living/nodes/HTMLFormElement-impl.js:109:10)
      at HTMLFormElementImpl._doRequestSubmit 
(node_modules/jsdom/lib/jsdom/living/nodes/HTMLFormElement-impl.js:79:10)
      at HTMLButtonElementImpl._activationBehavior 
(node_modules/jsdom/lib/jsdom/living/nodes/HTMLButtonElement-impl.js:23:14)
      at HTMLButtonElementImpl._dispatch 
(node_modules/jsdom/lib/jsdom/living/events/EventTarget-impl.js:252:26)
      at HTMLButtonElementImpl.dispatchEvent 
(node_modules/jsdom/lib/jsdom/living/events/EventTarget-impl.js:104:17)
      at HTMLButtonElement.dispatchEvent 
(node_modules/jsdom/lib/jsdom/living/generated/EventTarget.js:241:34)
      at 
node_modules/@testing-library/user-event/dist/cjs/event/dispatchEvent.js:45:43
      at Object.eventWrapper 
(node_modules/@testing-library/dom/dist/config.js:25:23)
      at Object.wrapEvent 
(node_modules/@testing-library/user-event/dist/cjs/event/wrapEvent.js:6:28)
      at Object.dispatchEvent (node_modules/@testing-library/user-event/dist/cj
s/event/dispatchEvent.js:45:22)
      at Object.dispatchUIEvent (node_modules/@testing-library/user-event/dist/
cjs/event/dispatchEvent.js:22:26)
      at Mouse.up (node_modules/@testing-library/user-event/dist/cjs/system/poi
nter/mouse.js:100:30)
      at PointerHost.release (node_modules/@testing-library/user-event/dist/cjs
/system/pointer/index.js:87:24)
      at pointerAction 
(node_modules/@testing-library/user-event/dist/cjs/pointer/index.js:54:47)
      at Object.pointer 
(node_modules/@testing-library/user-event/dist/cjs/pointer/index.js:27:9)
      at Object.<anonymous> (src/auth/auth.test.tsx:562:9)

    console.error
      Warning: An update to LoginForm inside a test was not wrapped in 
act(...).
      
      When testing, code that causes React state updates should be wrapped 
into act(...):
      
      act(() => {
        /* fire events that update state */
      });
      /* assert on the output */
      
      This ensures that you're testing the behavior the user would see in the 
browser. Learn more at https://reactjs.org/link/wrap-tests-with-act
          at LoginForm (C:\Users\samhe\OneDrive\Desktop\Cleaned\frontend\src\au
th\LoginForm\LoginForm.tsx:41:33)
          at div
          at div
          at LoginPage
          at routeContext (C:\Users\samhe\OneDrive\Desktop\Cleaned\frontend\nod
e_modules\react-router\lib\hooks.tsx:658:26)
          at children (C:\Users\samhe\OneDrive\Desktop\Cleaned\frontend\node_mo
dules\react-router\lib\components.tsx:512:3)
          at basenameProp (C:\Users\samhe\OneDrive\Desktop\Cleaned\frontend\nod
e_modules\react-router\lib\components.tsx:421:13)
          at basename (C:\Users\samhe\OneDrive\Desktop\Cleaned\frontend\node_mo
dules\react-router\lib\components.tsx:225:3)

      60 |         }
      61 |
    > 62 |         setLoading(true)
         |         ^
      63 |
      64 |         try {
      65 |             const response = await apiPost<{ token: string; user: 
Record<string, unknown> }>(

      at printWarning 
(node_modules/react-dom/cjs/react-dom.development.js:86:30)
      at error (node_modules/react-dom/cjs/react-dom.development.js:60:7)
      at warnIfUpdatesNotWrappedWithActDEV 
(node_modules/react-dom/cjs/react-dom.development.js:27628:9)
      at scheduleUpdateOnFiber 
(node_modules/react-dom/cjs/react-dom.development.js:25547:5)
      at dispatchSetState 
(node_modules/react-dom/cjs/react-dom.development.js:16708:7)
      at handleSubmit (src/auth/LoginForm/LoginForm.tsx:62:9)
      at HTMLUnknownElement.callCallback 
(node_modules/react-dom/cjs/react-dom.development.js:4164:14)
      at HTMLUnknownElement.callTheUserObjectsOperation 
(node_modules/jsdom/lib/jsdom/living/generated/EventListener.js:26:30)
      at innerInvokeEventListeners 
(node_modules/jsdom/lib/jsdom/living/events/EventTarget-impl.js:350:25)
      at invokeEventListeners 
(node_modules/jsdom/lib/jsdom/living/events/EventTarget-impl.js:286:3)
      at HTMLUnknownElementImpl._dispatch 
(node_modules/jsdom/lib/jsdom/living/events/EventTarget-impl.js:233:9)
      at HTMLUnknownElementImpl.dispatchEvent 
(node_modules/jsdom/lib/jsdom/living/events/EventTarget-impl.js:104:17)
      at HTMLUnknownElement.dispatchEvent 
(node_modules/jsdom/lib/jsdom/living/generated/EventTarget.js:241:34)
      at Object.invokeGuardedCallbackDev 
(node_modules/react-dom/cjs/react-dom.development.js:4213:16)
      at invokeGuardedCallback 
(node_modules/react-dom/cjs/react-dom.development.js:4277:31)
      at invokeGuardedCallbackAndCatchFirstError 
(node_modules/react-dom/cjs/react-dom.development.js:4291:25)
      at executeDispatch 
(node_modules/react-dom/cjs/react-dom.development.js:9041:3)
      at processDispatchQueueItemsInOrder 
(node_modules/react-dom/cjs/react-dom.development.js:9073:7)
      at processDispatchQueue 
(node_modules/react-dom/cjs/react-dom.development.js:9086:5)
      at dispatchEventsForPlugins 
(node_modules/react-dom/cjs/react-dom.development.js:9097:3)
      at node_modules/react-dom/cjs/react-dom.development.js:9288:12
      at batchedUpdates$1 
(node_modules/react-dom/cjs/react-dom.development.js:26179:12)
      at batchedUpdates 
(node_modules/react-dom/cjs/react-dom.development.js:3991:12)
      at dispatchEventForPluginEventSystem 
(node_modules/react-dom/cjs/react-dom.development.js:9287:3)
      at dispatchEventWithEnableCapturePhaseSelectiveHydrationWithoutDiscreteEv
entReplay (node_modules/react-dom/cjs/react-dom.development.js:6465:5)
      at dispatchEvent 
(node_modules/react-dom/cjs/react-dom.development.js:6457:5)
      at dispatchDiscreteEvent 
(node_modules/react-dom/cjs/react-dom.development.js:6430:5)
      at HTMLDivElement.callTheUserObjectsOperation 
(node_modules/jsdom/lib/jsdom/living/generated/EventListener.js:26:30)
      at innerInvokeEventListeners 
(node_modules/jsdom/lib/jsdom/living/events/EventTarget-impl.js:350:25)
      at invokeEventListeners 
(node_modules/jsdom/lib/jsdom/living/events/EventTarget-impl.js:286:3)
      at HTMLFormElementImpl._dispatch 
(node_modules/jsdom/lib/jsdom/living/events/EventTarget-impl.js:233:9)
      at fireAnEvent 
(node_modules/jsdom/lib/jsdom/living/helpers/events.js:18:36)
      at HTMLFormElementImpl.requestSubmit 
(node_modules/jsdom/lib/jsdom/living/nodes/HTMLFormElement-impl.js:109:10)
      at HTMLFormElementImpl._doRequestSubmit 
(node_modules/jsdom/lib/jsdom/living/nodes/HTMLFormElement-impl.js:79:10)
      at HTMLButtonElementImpl._activationBehavior 
(node_modules/jsdom/lib/jsdom/living/nodes/HTMLButtonElement-impl.js:23:14)
      at HTMLButtonElementImpl._dispatch 
(node_modules/jsdom/lib/jsdom/living/events/EventTarget-impl.js:252:26)
      at HTMLButtonElementImpl.dispatchEvent 
(node_modules/jsdom/lib/jsdom/living/events/EventTarget-impl.js:104:17)
      at HTMLButtonElement.dispatchEvent 
(node_modules/jsdom/lib/jsdom/living/generated/EventTarget.js:241:34)
      at 
node_modules/@testing-library/user-event/dist/cjs/event/dispatchEvent.js:45:43
      at Object.eventWrapper 
(node_modules/@testing-library/dom/dist/config.js:25:23)
      at Object.wrapEvent 
(node_modules/@testing-library/user-event/dist/cjs/event/wrapEvent.js:6:28)
      at Object.dispatchEvent (node_modules/@testing-library/user-event/dist/cj
s/event/dispatchEvent.js:45:22)
      at Object.dispatchUIEvent (node_modules/@testing-library/user-event/dist/
cjs/event/dispatchEvent.js:22:26)
      at Mouse.up (node_modules/@testing-library/user-event/dist/cjs/system/poi
nter/mouse.js:100:30)
      at PointerHost.release (node_modules/@testing-library/user-event/dist/cjs
/system/pointer/index.js:87:24)
      at pointerAction 
(node_modules/@testing-library/user-event/dist/cjs/pointer/index.js:54:47)
      at Object.pointer 
(node_modules/@testing-library/user-event/dist/cjs/pointer/index.js:27:9)
      at Object.<anonymous> (src/auth/auth.test.tsx:562:9)

    console.error
      Warning: An update to MemoryRouter inside a test was not wrapped in 
act(...).
      
      When testing, code that causes React state updates should be wrapped 
into act(...):
      
      act(() => {
        /* fire events that update state */
      });
      /* assert on the output */
      
      This ensures that you're testing the behavior the user would see in the 
browser. Learn more at https://reactjs.org/link/wrap-tests-with-act
          at basename (C:\Users\samhe\OneDrive\Desktop\Cleaned\frontend\node_mo
dules\react-router\lib\components.tsx:225:3)

      75 |                 } as 
import('@/shared/lib/auth-session/auth-session').SessionUser,
      76 |             })
    > 77 |             navigate('/app-home')
         |             ^
      78 |         } catch (err: unknown) {
      79 |             const anyErr = err as Record<string, unknown>
      80 |             const response = anyErr?.response as Record<string, 
unknown> | undefined

      at printWarning 
(node_modules/react-dom/cjs/react-dom.development.js:86:30)
      at error (node_modules/react-dom/cjs/react-dom.development.js:60:7)
      at warnIfUpdatesNotWrappedWithActDEV 
(node_modules/react-dom/cjs/react-dom.development.js:27628:9)
      at scheduleUpdateOnFiber 
(node_modules/react-dom/cjs/react-dom.development.js:25547:5)
      at dispatchSetState 
(node_modules/react-dom/cjs/react-dom.development.js:16708:7)
      at setStateImpl (node_modules/react-router/lib/components.tsx:250:11)
      at listener (node_modules/@remix-run/router/history.ts:306:9)
      at node_modules/react-router/lib/hooks.tsx:243:62
      at handleSubmit (src/auth/LoginForm/LoginForm.tsx:77:13)

    console.error
      Warning: An update to LoginForm inside a test was not wrapped in 
act(...).
      
      When testing, code that causes React state updates should be wrapped 
into act(...):
      
      act(() => {
        /* fire events that update state */
      });
      /* assert on the output */
      
      This ensures that you're testing the behavior the user would see in the 
browser. Learn more at https://reactjs.org/link/wrap-tests-with-act
          at LoginForm (C:\Users\samhe\OneDrive\Desktop\Cleaned\frontend\src\au
th\LoginForm\LoginForm.tsx:41:33)
          at div
          at div
          at LoginPage
          at routeContext (C:\Users\samhe\OneDrive\Desktop\Cleaned\frontend\nod
e_modules\react-router\lib\hooks.tsx:658:26)
          at children (C:\Users\samhe\OneDrive\Desktop\Cleaned\frontend\node_mo
dules\react-router\lib\components.tsx:512:3)
          at basenameProp (C:\Users\samhe\OneDrive\Desktop\Cleaned\frontend\nod
e_modules\react-router\lib\components.tsx:421:13)
          at basename (C:\Users\samhe\OneDrive\Desktop\Cleaned\frontend\node_mo
dules\react-router\lib\components.tsx:225:3)

       95 |             }
       96 |         } finally {
    >  97 |             setLoading(false)
          |             ^
       98 |         }
       99 |     }
      100 |

      at printWarning 
(node_modules/react-dom/cjs/react-dom.development.js:86:30)
      at error (node_modules/react-dom/cjs/react-dom.development.js:60:7)
      at warnIfUpdatesNotWrappedWithActDEV 
(node_modules/react-dom/cjs/react-dom.development.js:27628:9)
      at scheduleUpdateOnFiber 
(node_modules/react-dom/cjs/react-dom.development.js:25547:5)
      at dispatchSetState 
(node_modules/react-dom/cjs/react-dom.development.js:16708:7)
      at handleSubmit (src/auth/LoginForm/LoginForm.tsx:97:13)

PASS src/settings/__tests__/AccountCreatePage.test.tsx (7.13 s)
  ÔùÅ Console

    console.warn
      ÔÜá´©Å React Router Future Flag Warning: React Router will begin 
wrapping state updates in `React.startTransition` in v7. You can use the 
`v7_startTransition` future flag to opt-in early. For more information, see 
https://reactrouter.com/v6/upgrading/future#v7_starttransition.

      58 |
      59 | function renderPage() {
    > 60 |     return render(
         |                  ^
      61 |         <MemoryRouter initialEntries={['/settings/account/new']}>
      62 |             <Routes>
      63 |                 <Route path="/settings/account/new" 
element={<AccountCreatePage />} />

      at warn (node_modules/react-router/lib/deprecations.ts:9:13)
      at warnOnce (node_modules/react-router/lib/deprecations.ts:14:3)
      at logDeprecation (node_modules/react-router/lib/deprecations.ts:26:5)
      at logV6DeprecationWarnings 
(node_modules/react-router/lib/components.tsx:257:25)
      at commitHookEffectListMount 
(node_modules/react-dom/cjs/react-dom.development.js:23189:26)
      at commitPassiveMountOnFiber 
(node_modules/react-dom/cjs/react-dom.development.js:24970:11)
      at commitPassiveMountEffects_complete 
(node_modules/react-dom/cjs/react-dom.development.js:24930:9)
      at commitPassiveMountEffects_begin 
(node_modules/react-dom/cjs/react-dom.development.js:24917:7)
      at commitPassiveMountEffects 
(node_modules/react-dom/cjs/react-dom.development.js:24905:3)
      at flushPassiveEffectsImpl 
(node_modules/react-dom/cjs/react-dom.development.js:27078:3)
      at flushPassiveEffects 
(node_modules/react-dom/cjs/react-dom.development.js:27023:14)
      at node_modules/react-dom/cjs/react-dom.development.js:26808:9
      at flushActQueue (node_modules/react/cjs/react.development.js:2667:24)
      at act (node_modules/react/cjs/react.development.js:2582:11)
      at node_modules/@testing-library/react/dist/act-compat.js:47:25
      at renderRoot (node_modules/@testing-library/react/dist/pure.js:180:26)
      at render (node_modules/@testing-library/react/dist/pure.js:271:10)
      at renderPage (src/settings/__tests__/AccountCreatePage.test.tsx:60:18)
      at Object.<anonymous> 
(src/settings/__tests__/AccountCreatePage.test.tsx:81:9)

    console.warn
      ÔÜá´©Å React Router Future Flag Warning: Relative route resolution 
within Splat routes is changing in v7. You can use the `v7_relativeSplatPath` 
future flag to opt-in early. For more information, see 
https://reactrouter.com/v6/upgrading/future#v7_relativesplatpath.

      58 |
      59 | function renderPage() {
    > 60 |     return render(
         |                  ^
      61 |         <MemoryRouter initialEntries={['/settings/account/new']}>
      62 |             <Routes>
      63 |                 <Route path="/settings/account/new" 
element={<AccountCreatePage />} />

      at warn (node_modules/react-router/lib/deprecations.ts:9:13)
      at warnOnce (node_modules/react-router/lib/deprecations.ts:14:3)
      at logDeprecation (node_modules/react-router/lib/deprecations.ts:37:5)
      at logV6DeprecationWarnings 
(node_modules/react-router/lib/components.tsx:257:25)
      at commitHookEffectListMount 
(node_modules/react-dom/cjs/react-dom.development.js:23189:26)
      at commitPassiveMountOnFiber 
(node_modules/react-dom/cjs/react-dom.development.js:24970:11)
      at commitPassiveMountEffects_complete 
(node_modules/react-dom/cjs/react-dom.development.js:24930:9)
      at commitPassiveMountEffects_begin 
(node_modules/react-dom/cjs/react-dom.development.js:24917:7)
      at commitPassiveMountEffects 
(node_modules/react-dom/cjs/react-dom.development.js:24905:3)
      at flushPassiveEffectsImpl 
(node_modules/react-dom/cjs/react-dom.development.js:27078:3)
      at flushPassiveEffects 
(node_modules/react-dom/cjs/react-dom.development.js:27023:14)
      at node_modules/react-dom/cjs/react-dom.development.js:26808:9
      at flushActQueue (node_modules/react/cjs/react.development.js:2667:24)
      at act (node_modules/react/cjs/react.development.js:2582:11)
      at node_modules/@testing-library/react/dist/act-compat.js:47:25
      at renderRoot (node_modules/@testing-library/react/dist/pure.js:180:26)
      at render (node_modules/@testing-library/react/dist/pure.js:271:10)
      at renderPage (src/settings/__tests__/AccountCreatePage.test.tsx:60:18)
      at Object.<anonymous> 
(src/settings/__tests__/AccountCreatePage.test.tsx:81:9)

    console.error
      Warning: An update to AccountCreatePage inside a test was not wrapped in 
act(...).
      
      When testing, code that causes React state updates should be wrapped 
into act(...):
      
      act(() => {
        /* fire events that update state */
      });
      /* assert on the output */
      
      This ensures that you're testing the behavior the user would see in the 
browser. Learn more at https://reactjs.org/link/wrap-tests-with-act
          at AccountCreatePage (C:\Users\samhe\OneDrive\Desktop\Cleaned\fronten
d\src\settings\AccountCreatePage.tsx:32:47)
          at routeContext (C:\Users\samhe\OneDrive\Desktop\Cleaned\frontend\nod
e_modules\react-router\lib\hooks.tsx:658:26)
          at children (C:\Users\samhe\OneDrive\Desktop\Cleaned\frontend\node_mo
dules\react-router\lib\components.tsx:512:3)
          at basenameProp (C:\Users\samhe\OneDrive\Desktop\Cleaned\frontend\nod
e_modules\react-router\lib\components.tsx:421:13)
          at basename (C:\Users\samhe\OneDrive\Desktop\Cleaned\frontend\node_mo
dules\react-router\lib\components.tsx:225:3)

      133 |                         type="text"
      134 |                         value={fullName}
    > 135 |                         onChange={e => setFullName(e.target.value)}
          |                                        ^
      136 |                         disabled={saving}
      137 |                         className="text-sm border border-gray-300 
rounded px-2 py-1.5 focus:outline-none focus:ring-1 focus:ring-blue-400 
disabled:opacity-50"
      138 |                     />

      at printWarning 
(node_modules/react-dom/cjs/react-dom.development.js:86:30)
      at error (node_modules/react-dom/cjs/react-dom.development.js:60:7)
      at warnIfUpdatesNotWrappedWithActDEV 
(node_modules/react-dom/cjs/react-dom.development.js:27628:9)
      at scheduleUpdateOnFiber 
(node_modules/react-dom/cjs/react-dom.development.js:25547:5)
      at dispatchSetState 
(node_modules/react-dom/cjs/react-dom.development.js:16708:7)
      at onChange (src/settings/AccountCreatePage.tsx:135:40)
      at HTMLUnknownElement.callCallback 
(node_modules/react-dom/cjs/react-dom.development.js:4164:14)
      at HTMLUnknownElement.callTheUserObjectsOperation 
(node_modules/jsdom/lib/jsdom/living/generated/EventListener.js:26:30)
      at innerInvokeEventListeners 
(node_modules/jsdom/lib/jsdom/living/events/EventTarget-impl.js:350:25)
      at invokeEventListeners 
(node_modules/jsdom/lib/jsdom/living/events/EventTarget-impl.js:286:3)
      at HTMLUnknownElementImpl._dispatch 
(node_modules/jsdom/lib/jsdom/living/events/EventTarget-impl.js:233:9)
      at HTMLUnknownElementImpl.dispatchEvent 
(node_modules/jsdom/lib/jsdom/living/events/EventTarget-impl.js:104:17)
      at HTMLUnknownElement.dispatchEvent 
(node_modules/jsdom/lib/jsdom/living/generated/EventTarget.js:241:34)
      at Object.invokeGuardedCallbackDev 
(node_modules/react-dom/cjs/react-dom.development.js:4213:16)
      at invokeGuardedCallback 
(node_modules/react-dom/cjs/react-dom.development.js:4277:31)
      at invokeGuardedCallbackAndCatchFirstError 
(node_modules/react-dom/cjs/react-dom.development.js:4291:25)
      at executeDispatch 
(node_modules/react-dom/cjs/react-dom.development.js:9041:3)
      at processDispatchQueueItemsInOrder 
(node_modules/react-dom/cjs/react-dom.development.js:9073:7)
      at processDispatchQueue 
(node_modules/react-dom/cjs/react-dom.development.js:9086:5)
      at dispatchEventsForPlugins 
(node_modules/react-dom/cjs/react-dom.development.js:9097:3)
      at node_modules/react-dom/cjs/react-dom.development.js:9288:12
      at batchedUpdates$1 
(node_modules/react-dom/cjs/react-dom.development.js:26179:12)
      at batchedUpdates 
(node_modules/react-dom/cjs/react-dom.development.js:3991:12)
      at dispatchEventForPluginEventSystem 
(node_modules/react-dom/cjs/react-dom.development.js:9287:3)
      at dispatchEventWithEnableCapturePhaseSelectiveHydrationWithoutDiscreteEv
entReplay (node_modules/react-dom/cjs/react-dom.development.js:6465:5)
      at dispatchEvent 
(node_modules/react-dom/cjs/react-dom.development.js:6457:5)
      at dispatchDiscreteEvent 
(node_modules/react-dom/cjs/react-dom.development.js:6430:5)
      at HTMLDivElement.callTheUserObjectsOperation 
(node_modules/jsdom/lib/jsdom/living/generated/EventListener.js:26:30)
      at innerInvokeEventListeners 
(node_modules/jsdom/lib/jsdom/living/events/EventTarget-impl.js:350:25)
      at invokeEventListeners 
(node_modules/jsdom/lib/jsdom/living/events/EventTarget-impl.js:286:3)
      at HTMLInputElementImpl._dispatch 
(node_modules/jsdom/lib/jsdom/living/events/EventTarget-impl.js:233:9)
      at HTMLInputElementImpl.dispatchEvent 
(node_modules/jsdom/lib/jsdom/living/events/EventTarget-impl.js:104:17)
      at HTMLInputElement.dispatchEvent 
(node_modules/jsdom/lib/jsdom/living/generated/EventTarget.js:241:34)
      at 
node_modules/@testing-library/user-event/dist/cjs/event/dispatchEvent.js:45:43
      at Object.eventWrapper 
(node_modules/@testing-library/dom/dist/config.js:25:23)
      at Object.wrapEvent 
(node_modules/@testing-library/user-event/dist/cjs/event/wrapEvent.js:6:28)
      at Object.dispatchEvent (node_modules/@testing-library/user-event/dist/cj
s/event/dispatchEvent.js:45:22)
      at Object.dispatchUIEvent (node_modules/@testing-library/user-event/dist/
cjs/event/dispatchEvent.js:22:26)
      at commitInput 
(node_modules/@testing-library/user-event/dist/cjs/event/input.js:145:14)
      at editInputElement 
(node_modules/@testing-library/user-event/dist/cjs/event/input.js:115:9)
      at Object.input 
(node_modules/@testing-library/user-event/dist/cjs/event/input.js:37:9)
      at node_modules/@testing-library/user-event/dist/cjs/event/behavior/keypr
ess.js:31:26
      at Object.dispatchEvent (node_modules/@testing-library/user-event/dist/cj
s/event/dispatchEvent.js:41:13)
      at Object.dispatchUIEvent (node_modules/@testing-library/user-event/dist/
cjs/event/dispatchEvent.js:22:26)
      at KeyboardHost.keydown 
(node_modules/@testing-library/user-event/dist/cjs/system/keyboard.js:76:22)
      at keyboardAction 
(node_modules/@testing-library/user-event/dist/cjs/keyboard/index.js:22:35)
      at Object.keyboard 
(node_modules/@testing-library/user-event/dist/cjs/keyboard/index.js:11:15)
      at Object.type 
(node_modules/@testing-library/user-event/dist/cjs/utility/type.js:17:5)
      at Object.<anonymous> 
(src/settings/__tests__/AccountCreatePage.test.tsx:118:9)

    console.error
      Warning: An update to AccountCreatePage inside a test was not wrapped in 
act(...).
      
      When testing, code that causes React state updates should be wrapped 
into act(...):
      
      act(() => {
        /* fire events that update state */
      });
      /* assert on the output */
      
      This ensures that you're testing the behavior the user would see in the 
browser. Learn more at https://reactjs.org/link/wrap-tests-with-act
          at AccountCreatePage (C:\Users\samhe\OneDrive\Desktop\Cleaned\fronten
d\src\settings\AccountCreatePage.tsx:32:47)
          at routeContext (C:\Users\samhe\OneDrive\Desktop\Cleaned\frontend\nod
e_modules\react-router\lib\hooks.tsx:658:26)
          at children (C:\Users\samhe\OneDrive\Desktop\Cleaned\frontend\node_mo
dules\react-router\lib\components.tsx:512:3)
          at basenameProp (C:\Users\samhe\OneDrive\Desktop\Cleaned\frontend\nod
e_modules\react-router\lib\components.tsx:421:13)
          at basename (C:\Users\samhe\OneDrive\Desktop\Cleaned\frontend\node_mo
dules\react-router\lib\components.tsx:225:3)

      133 |                         type="text"
      134 |                         value={fullName}
    > 135 |                         onChange={e => setFullName(e.target.value)}
          |                                        ^
      136 |                         disabled={saving}
      137 |                         className="text-sm border border-gray-300 
rounded px-2 py-1.5 focus:outline-none focus:ring-1 focus:ring-blue-400 
disabled:opacity-50"
      138 |                     />

      at printWarning 
(node_modules/react-dom/cjs/react-dom.development.js:86:30)
      at error (node_modules/react-dom/cjs/react-dom.development.js:60:7)
      at warnIfUpdatesNotWrappedWithActDEV 
(node_modules/react-dom/cjs/react-dom.development.js:27628:9)
      at scheduleUpdateOnFiber 
(node_modules/react-dom/cjs/react-dom.development.js:25547:5)
      at dispatchSetState 
(node_modules/react-dom/cjs/react-dom.development.js:16708:7)
      at onChange (src/settings/AccountCreatePage.tsx:135:40)
      at HTMLUnknownElement.callCallback 
(node_modules/react-dom/cjs/react-dom.development.js:4164:14)
      at HTMLUnknownElement.callTheUserObjectsOperation 
(node_modules/jsdom/lib/jsdom/living/generated/EventListener.js:26:30)
      at innerInvokeEventListeners 
(node_modules/jsdom/lib/jsdom/living/events/EventTarget-impl.js:350:25)
      at invokeEventListeners 
(node_modules/jsdom/lib/jsdom/living/events/EventTarget-impl.js:286:3)
      at HTMLUnknownElementImpl._dispatch 
(node_modules/jsdom/lib/jsdom/living/events/EventTarget-impl.js:233:9)
      at HTMLUnknownElementImpl.dispatchEvent 
(node_modules/jsdom/lib/jsdom/living/events/EventTarget-impl.js:104:17)
      at HTMLUnknownElement.dispatchEvent 
(node_modules/jsdom/lib/jsdom/living/generated/EventTarget.js:241:34)
      at Object.invokeGuardedCallbackDev 
(node_modules/react-dom/cjs/react-dom.development.js:4213:16)
      at invokeGuardedCallback 
(node_modules/react-dom/cjs/react-dom.development.js:4277:31)
      at invokeGuardedCallbackAndCatchFirstError 
(node_modules/react-dom/cjs/react-dom.development.js:4291:25)
      at executeDispatch 
(node_modules/react-dom/cjs/react-dom.development.js:9041:3)
      at processDispatchQueueItemsInOrder 
(node_modules/react-dom/cjs/react-dom.development.js:9073:7)
      at processDispatchQueue 
(node_modules/react-dom/cjs/react-dom.development.js:9086:5)
      at dispatchEventsForPlugins 
(node_modules/react-dom/cjs/react-dom.development.js:9097:3)
      at node_modules/react-dom/cjs/react-dom.development.js:9288:12
      at batchedUpdates$1 
(node_modules/react-dom/cjs/react-dom.development.js:26179:12)
      at batchedUpdates 
(node_modules/react-dom/cjs/react-dom.development.js:3991:12)
      at dispatchEventForPluginEventSystem 
(node_modules/react-dom/cjs/react-dom.development.js:9287:3)
      at dispatchEventWithEnableCapturePhaseSelectiveHydrationWithoutDiscreteEv
entReplay (node_modules/react-dom/cjs/react-dom.development.js:6465:5)
      at dispatchEvent 
(node_modules/react-dom/cjs/react-dom.development.js:6457:5)
      at dispatchDiscreteEvent 
(node_modules/react-dom/cjs/react-dom.development.js:6430:5)
      at HTMLDivElement.callTheUserObjectsOperation 
(node_modules/jsdom/lib/jsdom/living/generated/EventListener.js:26:30)
      at innerInvokeEventListeners 
(node_modules/jsdom/lib/jsdom/living/events/EventTarget-impl.js:350:25)
      at invokeEventListeners 
(node_modules/jsdom/lib/jsdom/living/events/EventTarget-impl.js:286:3)
      at HTMLInputElementImpl._dispatch 
(node_modules/jsdom/lib/jsdom/living/events/EventTarget-impl.js:233:9)
      at HTMLInputElementImpl.dispatchEvent 
(node_modules/jsdom/lib/jsdom/living/events/EventTarget-impl.js:104:17)
      at HTMLInputElement.dispatchEvent 
(node_modules/jsdom/lib/jsdom/living/generated/EventTarget.js:241:34)
      at 
node_modules/@testing-library/user-event/dist/cjs/event/dispatchEvent.js:45:43
      at Object.eventWrapper 
(node_modules/@testing-library/dom/dist/config.js:25:23)
      at Object.wrapEvent 
(node_modules/@testing-library/user-event/dist/cjs/event/wrapEvent.js:6:28)
      at Object.dispatchEvent (node_modules/@testing-library/user-event/dist/cj
s/event/dispatchEvent.js:45:22)
      at Object.dispatchUIEvent (node_modules/@testing-library/user-event/dist/
cjs/event/dispatchEvent.js:22:26)
      at commitInput 
(node_modules/@testing-library/user-event/dist/cjs/event/input.js:145:14)
      at editInputElement 
(node_modules/@testing-library/user-event/dist/cjs/event/input.js:115:9)
      at Object.input 
(node_modules/@testing-library/user-event/dist/cjs/event/input.js:37:9)
      at node_modules/@testing-library/user-event/dist/cjs/event/behavior/keypr
ess.js:31:26
      at Object.dispatchEvent (node_modules/@testing-library/user-event/dist/cj
s/event/dispatchEvent.js:41:13)
      at Object.dispatchUIEvent (node_modules/@testing-library/user-event/dist/
cjs/event/dispatchEvent.js:22:26)
      at KeyboardHost.keydown 
(node_modules/@testing-library/user-event/dist/cjs/system/keyboard.js:76:22)
      at keyboardAction 
(node_modules/@testing-library/user-event/dist/cjs/keyboard/index.js:22:35)
      at Object.keyboard 
(node_modules/@testing-library/user-event/dist/cjs/keyboard/index.js:11:15)
      at Object.type 
(node_modules/@testing-library/user-event/dist/cjs/utility/type.js:17:5)
      at Object.<anonymous> 
(src/settings/__tests__/AccountCreatePage.test.tsx:118:9)

    console.error
      Warning: An update to AccountCreatePage inside a test was not wrapped in 
act(...).
      
      When testing, code that causes React state updates should be wrapped 
into act(...):
      
      act(() => {
        /* fire events that update state */
      });
      /* assert on the output */
      
      This ensures that you're testing the behavior the user would see in the 
browser. Learn more at https://reactjs.org/link/wrap-tests-with-act
          at AccountCreatePage (C:\Users\samhe\OneDrive\Desktop\Cleaned\fronten
d\src\settings\AccountCreatePage.tsx:32:47)
          at routeContext (C:\Users\samhe\OneDrive\Desktop\Cleaned\frontend\nod
e_modules\react-router\lib\hooks.tsx:658:26)
          at children (C:\Users\samhe\OneDrive\Desktop\Cleaned\frontend\node_mo
dules\react-router\lib\components.tsx:512:3)
          at basenameProp (C:\Users\samhe\OneDrive\Desktop\Cleaned\frontend\nod
e_modules\react-router\lib\components.tsx:421:13)
          at basename (C:\Users\samhe\OneDrive\Desktop\Cleaned\frontend\node_mo
dules\react-router\lib\components.tsx:225:3)

      133 |                         type="text"
      134 |                         value={fullName}
    > 135 |                         onChange={e => setFullName(e.target.value)}
          |                                        ^
      136 |                         disabled={saving}
      137 |                         className="text-sm border border-gray-300 
rounded px-2 py-1.5 focus:outline-none focus:ring-1 focus:ring-blue-400 
disabled:opacity-50"
      138 |                     />

      at printWarning 
(node_modules/react-dom/cjs/react-dom.development.js:86:30)
      at error (node_modules/react-dom/cjs/react-dom.development.js:60:7)
      at warnIfUpdatesNotWrappedWithActDEV 
(node_modules/react-dom/cjs/react-dom.development.js:27628:9)
      at scheduleUpdateOnFiber 
(node_modules/react-dom/cjs/react-dom.development.js:25547:5)
      at dispatchSetState 
(node_modules/react-dom/cjs/react-dom.development.js:16708:7)
      at onChange (src/settings/AccountCreatePage.tsx:135:40)
      at HTMLUnknownElement.callCallback 
(node_modules/react-dom/cjs/react-dom.development.js:4164:14)
      at HTMLUnknownElement.callTheUserObjectsOperation 
(node_modules/jsdom/lib/jsdom/living/generated/EventListener.js:26:30)
      at innerInvokeEventListeners 
(node_modules/jsdom/lib/jsdom/living/events/EventTarget-impl.js:350:25)
      at invokeEventListeners 
(node_modules/jsdom/lib/jsdom/living/events/EventTarget-impl.js:286:3)
      at HTMLUnknownElementImpl._dispatch 
(node_modules/jsdom/lib/jsdom/living/events/EventTarget-impl.js:233:9)
      at HTMLUnknownElementImpl.dispatchEvent 
(node_modules/jsdom/lib/jsdom/living/events/EventTarget-impl.js:104:17)
      at HTMLUnknownElement.dispatchEvent 
(node_modules/jsdom/lib/jsdom/living/generated/EventTarget.js:241:34)
      at Object.invokeGuardedCallbackDev 
(node_modules/react-dom/cjs/react-dom.development.js:4213:16)
      at invokeGuardedCallback 
(node_modules/react-dom/cjs/react-dom.development.js:4277:31)
      at invokeGuardedCallbackAndCatchFirstError 
(node_modules/react-dom/cjs/react-dom.development.js:4291:25)
      at executeDispatch 
(node_modules/react-dom/cjs/react-dom.development.js:9041:3)
      at processDispatchQueueItemsInOrder 
(node_modules/react-dom/cjs/react-dom.development.js:9073:7)
      at processDispatchQueue 
(node_modules/react-dom/cjs/react-dom.development.js:9086:5)
      at dispatchEventsForPlugins 
(node_modules/react-dom/cjs/react-dom.development.js:9097:3)
      at node_modules/react-dom/cjs/react-dom.development.js:9288:12
      at batchedUpdates$1 
(node_modules/react-dom/cjs/react-dom.development.js:26179:12)
      at batchedUpdates 
(node_modules/react-dom/cjs/react-dom.development.js:3991:12)
      at dispatchEventForPluginEventSystem 
(node_modules/react-dom/cjs/react-dom.development.js:9287:3)
      at dispatchEventWithEnableCapturePhaseSelectiveHydrationWithoutDiscreteEv
entReplay (node_modules/react-dom/cjs/react-dom.development.js:6465:5)
      at dispatchEvent 
(node_modules/react-dom/cjs/react-dom.development.js:6457:5)
      at dispatchDiscreteEvent 
(node_modules/react-dom/cjs/react-dom.development.js:6430:5)
      at HTMLDivElement.callTheUserObjectsOperation 
(node_modules/jsdom/lib/jsdom/living/generated/EventListener.js:26:30)
      at innerInvokeEventListeners 
(node_modules/jsdom/lib/jsdom/living/events/EventTarget-impl.js:350:25)
      at invokeEventListeners 
(node_modules/jsdom/lib/jsdom/living/events/EventTarget-impl.js:286:3)
      at HTMLInputElementImpl._dispatch 
(node_modules/jsdom/lib/jsdom/living/events/EventTarget-impl.js:233:9)
      at HTMLInputElementImpl.dispatchEvent 
(node_modules/jsdom/lib/jsdom/living/events/EventTarget-impl.js:104:17)
      at HTMLInputElement.dispatchEvent 
(node_modules/jsdom/lib/jsdom/living/generated/EventTarget.js:241:34)
      at 
node_modules/@testing-library/user-event/dist/cjs/event/dispatchEvent.js:45:43
      at Object.eventWrapper 
(node_modules/@testing-library/dom/dist/config.js:25:23)
      at Object.wrapEvent 
(node_modules/@testing-library/user-event/dist/cjs/event/wrapEvent.js:6:28)
      at Object.dispatchEvent (node_modules/@testing-library/user-event/dist/cj
s/event/dispatchEvent.js:45:22)
      at Object.dispatchUIEvent (node_modules/@testing-library/user-event/dist/
cjs/event/dispatchEvent.js:22:26)
      at commitInput 
(node_modules/@testing-library/user-event/dist/cjs/event/input.js:145:14)
      at editInputElement 
(node_modules/@testing-library/user-event/dist/cjs/event/input.js:115:9)
      at Object.input 
(node_modules/@testing-library/user-event/dist/cjs/event/input.js:37:9)
      at node_modules/@testing-library/user-event/dist/cjs/event/behavior/keypr
ess.js:31:26
      at Object.dispatchEvent (node_modules/@testing-library/user-event/dist/cj
s/event/dispatchEvent.js:41:13)
      at Object.dispatchUIEvent (node_modules/@testing-library/user-event/dist/
cjs/event/dispatchEvent.js:22:26)
      at KeyboardHost.keydown 
(node_modules/@testing-library/user-event/dist/cjs/system/keyboard.js:76:22)
      at keyboardAction 
(node_modules/@testing-library/user-event/dist/cjs/keyboard/index.js:22:35)
      at Object.keyboard 
(node_modules/@testing-library/user-event/dist/cjs/keyboard/index.js:11:15)
      at Object.type 
(node_modules/@testing-library/user-event/dist/cjs/utility/type.js:17:5)
      at Object.<anonymous> 
(src/settings/__tests__/AccountCreatePage.test.tsx:118:9)

    console.error
      Warning: An update to AccountCreatePage inside a test was not wrapped in 
act(...).
      
      When testing, code that causes React state updates should be wrapped 
into act(...):
      
      act(() => {
        /* fire events that update state */
      });
      /* assert on the output */
      
      This ensures that you're testing the behavior the user would see in the 
browser. Learn more at https://reactjs.org/link/wrap-tests-with-act
          at AccountCreatePage (C:\Users\samhe\OneDrive\Desktop\Cleaned\fronten
d\src\settings\AccountCreatePage.tsx:32:47)
          at routeContext (C:\Users\samhe\OneDrive\Desktop\Cleaned\frontend\nod
e_modules\react-router\lib\hooks.tsx:658:26)
          at children (C:\Users\samhe\OneDrive\Desktop\Cleaned\frontend\node_mo
dules\react-router\lib\components.tsx:512:3)
          at basenameProp (C:\Users\samhe\OneDrive\Desktop\Cleaned\frontend\nod
e_modules\react-router\lib\components.tsx:421:13)
          at basename (C:\Users\samhe\OneDrive\Desktop\Cleaned\frontend\node_mo
dules\react-router\lib\components.tsx:225:3)

      133 |                         type="text"
      134 |                         value={fullName}
    > 135 |                         onChange={e => setFullName(e.target.value)}
          |                                        ^
      136 |                         disabled={saving}
      137 |                         className="text-sm border border-gray-300 
rounded px-2 py-1.5 focus:outline-none focus:ring-1 focus:ring-blue-400 
disabled:opacity-50"
      138 |                     />

      at printWarning 
(node_modules/react-dom/cjs/react-dom.development.js:86:30)
      at error (node_modules/react-dom/cjs/react-dom.development.js:60:7)
      at warnIfUpdatesNotWrappedWithActDEV 
(node_modules/react-dom/cjs/react-dom.development.js:27628:9)
      at scheduleUpdateOnFiber 
(node_modules/react-dom/cjs/react-dom.development.js:25547:5)
      at dispatchSetState 
(node_modules/react-dom/cjs/react-dom.development.js:16708:7)
      at onChange (src/settings/AccountCreatePage.tsx:135:40)
      at HTMLUnknownElement.callCallback 
(node_modules/react-dom/cjs/react-dom.development.js:4164:14)
      at HTMLUnknownElement.callTheUserObjectsOperation 
(node_modules/jsdom/lib/jsdom/living/generated/EventListener.js:26:30)
      at innerInvokeEventListeners 
(node_modules/jsdom/lib/jsdom/living/events/EventTarget-impl.js:350:25)
      at invokeEventListeners 
(node_modules/jsdom/lib/jsdom/living/events/EventTarget-impl.js:286:3)
      at HTMLUnknownElementImpl._dispatch 
(node_modules/jsdom/lib/jsdom/living/events/EventTarget-impl.js:233:9)
      at HTMLUnknownElementImpl.dispatchEvent 
(node_modules/jsdom/lib/jsdom/living/events/EventTarget-impl.js:104:17)
      at HTMLUnknownElement.dispatchEvent 
(node_modules/jsdom/lib/jsdom/living/generated/EventTarget.js:241:34)
      at Object.invokeGuardedCallbackDev 
(node_modules/react-dom/cjs/react-dom.development.js:4213:16)
      at invokeGuardedCallback 
(node_modules/react-dom/cjs/react-dom.development.js:4277:31)
      at invokeGuardedCallbackAndCatchFirstError 
(node_modules/react-dom/cjs/react-dom.development.js:4291:25)
      at executeDispatch 
(node_modules/react-dom/cjs/react-dom.development.js:9041:3)
      at processDispatchQueueItemsInOrder 
(node_modules/react-dom/cjs/react-dom.development.js:9073:7)
      at processDispatchQueue 
(node_modules/react-dom/cjs/react-dom.development.js:9086:5)
      at dispatchEventsForPlugins 
(node_modules/react-dom/cjs/react-dom.development.js:9097:3)
      at node_modules/react-dom/cjs/react-dom.development.js:9288:12
      at batchedUpdates$1 
(node_modules/react-dom/cjs/react-dom.development.js:26179:12)
      at batchedUpdates 
(node_modules/react-dom/cjs/react-dom.development.js:3991:12)
      at dispatchEventForPluginEventSystem 
(node_modules/react-dom/cjs/react-dom.development.js:9287:3)
      at dispatchEventWithEnableCapturePhaseSelectiveHydrationWithoutDiscreteEv
entReplay (node_modules/react-dom/cjs/react-dom.development.js:6465:5)
      at dispatchEvent 
(node_modules/react-dom/cjs/react-dom.development.js:6457:5)
      at dispatchDiscreteEvent 
(node_modules/react-dom/cjs/react-dom.development.js:6430:5)
      at HTMLDivElement.callTheUserObjectsOperation 
(node_modules/jsdom/lib/jsdom/living/generated/EventListener.js:26:30)
      at innerInvokeEventListeners 
(node_modules/jsdom/lib/jsdom/living/events/EventTarget-impl.js:350:25)
      at invokeEventListeners 
(node_modules/jsdom/lib/jsdom/living/events/EventTarget-impl.js:286:3)
      at HTMLInputElementImpl._dispatch 
(node_modules/jsdom/lib/jsdom/living/events/EventTarget-impl.js:233:9)
      at HTMLInputElementImpl.dispatchEvent 
(node_modules/jsdom/lib/jsdom/living/events/EventTarget-impl.js:104:17)
      at HTMLInputElement.dispatchEvent 
(node_modules/jsdom/lib/jsdom/living/generated/EventTarget.js:241:34)
      at 
node_modules/@testing-library/user-event/dist/cjs/event/dispatchEvent.js:45:43
      at Object.eventWrapper 
(node_modules/@testing-library/dom/dist/config.js:25:23)
      at Object.wrapEvent 
(node_modules/@testing-library/user-event/dist/cjs/event/wrapEvent.js:6:28)
      at Object.dispatchEvent (node_modules/@testing-library/user-event/dist/cj
s/event/dispatchEvent.js:45:22)
      at Object.dispatchUIEvent (node_modules/@testing-library/user-event/dist/
cjs/event/dispatchEvent.js:22:26)
      at commitInput 
(node_modules/@testing-library/user-event/dist/cjs/event/input.js:145:14)
      at editInputElement 
(node_modules/@testing-library/user-event/dist/cjs/event/input.js:115:9)
      at Object.input 
(node_modules/@testing-library/user-event/dist/cjs/event/input.js:37:9)
      at node_modules/@testing-library/user-event/dist/cjs/event/behavior/keypr
ess.js:31:26
      at Object.dispatchEvent (node_modules/@testing-library/user-event/dist/cj
s/event/dispatchEvent.js:41:13)
      at Object.dispatchUIEvent (node_modules/@testing-library/user-event/dist/
cjs/event/dispatchEvent.js:22:26)
      at KeyboardHost.keydown 
(node_modules/@testing-library/user-event/dist/cjs/system/keyboard.js:76:22)
      at keyboardAction 
(node_modules/@testing-library/user-event/dist/cjs/keyboard/index.js:22:35)
      at Object.keyboard 
(node_modules/@testing-library/user-event/dist/cjs/keyboard/index.js:11:15)
      at Object.type 
(node_modules/@testing-library/user-event/dist/cjs/utility/type.js:17:5)
      at Object.<anonymous> 
(src/settings/__tests__/AccountCreatePage.test.tsx:118:9)

    console.error
      Warning: An update to AccountCreatePage inside a test was not wrapped in 
act(...).
      
      When testing, code that causes React state updates should be wrapped 
into act(...):
      
      act(() => {
        /* fire events that update state */
      });
      /* assert on the output */
      
      This ensures that you're testing the behavior the user would see in the 
browser. Learn more at https://reactjs.org/link/wrap-tests-with-act
          at AccountCreatePage (C:\Users\samhe\OneDrive\Desktop\Cleaned\fronten
d\src\settings\AccountCreatePage.tsx:32:47)
          at routeContext (C:\Users\samhe\OneDrive\Desktop\Cleaned\frontend\nod
e_modules\react-router\lib\hooks.tsx:658:26)
          at children (C:\Users\samhe\OneDrive\Desktop\Cleaned\frontend\node_mo
dules\react-router\lib\components.tsx:512:3)
          at basenameProp (C:\Users\samhe\OneDrive\Desktop\Cleaned\frontend\nod
e_modules\react-router\lib\components.tsx:421:13)
          at basename (C:\Users\samhe\OneDrive\Desktop\Cleaned\frontend\node_mo
dules\react-router\lib\components.tsx:225:3)

      133 |                         type="text"
      134 |                         value={fullName}
    > 135 |                         onChange={e => setFullName(e.target.value)}
          |                                        ^
      136 |                         disabled={saving}
      137 |                         className="text-sm border border-gray-300 
rounded px-2 py-1.5 focus:outline-none focus:ring-1 focus:ring-blue-400 
disabled:opacity-50"
      138 |                     />

      at printWarning 
(node_modules/react-dom/cjs/react-dom.development.js:86:30)
      at error (node_modules/react-dom/cjs/react-dom.development.js:60:7)
      at warnIfUpdatesNotWrappedWithActDEV 
(node_modules/react-dom/cjs/react-dom.development.js:27628:9)
      at scheduleUpdateOnFiber 
(node_modules/react-dom/cjs/react-dom.development.js:25547:5)
      at dispatchSetState 
(node_modules/react-dom/cjs/react-dom.development.js:16708:7)
      at onChange (src/settings/AccountCreatePage.tsx:135:40)
      at HTMLUnknownElement.callCallback 
(node_modules/react-dom/cjs/react-dom.development.js:4164:14)
      at HTMLUnknownElement.callTheUserObjectsOperation 
(node_modules/jsdom/lib/jsdom/living/generated/EventListener.js:26:30)
      at innerInvokeEventListeners 
(node_modules/jsdom/lib/jsdom/living/events/EventTarget-impl.js:350:25)
      at invokeEventListeners 
(node_modules/jsdom/lib/jsdom/living/events/EventTarget-impl.js:286:3)
      at HTMLUnknownElementImpl._dispatch 
(node_modules/jsdom/lib/jsdom/living/events/EventTarget-impl.js:233:9)
      at HTMLUnknownElementImpl.dispatchEvent 
(node_modules/jsdom/lib/jsdom/living/events/EventTarget-impl.js:104:17)
      at HTMLUnknownElement.dispatchEvent 
(node_modules/jsdom/lib/jsdom/living/generated/EventTarget.js:241:34)
      at Object.invokeGuardedCallbackDev 
(node_modules/react-dom/cjs/react-dom.development.js:4213:16)
      at invokeGuardedCallback 
(node_modules/react-dom/cjs/react-dom.development.js:4277:31)
      at invokeGuardedCallbackAndCatchFirstError 
(node_modules/react-dom/cjs/react-dom.development.js:4291:25)
      at executeDispatch 
(node_modules/react-dom/cjs/react-dom.development.js:9041:3)
      at processDispatchQueueItemsInOrder 
(node_modules/react-dom/cjs/react-dom.development.js:9073:7)
      at processDispatchQueue 
(node_modules/react-dom/cjs/react-dom.development.js:9086:5)
      at dispatchEventsForPlugins 
(node_modules/react-dom/cjs/react-dom.development.js:9097:3)
      at node_modules/react-dom/cjs/react-dom.development.js:9288:12
      at batchedUpdates$1 
(node_modules/react-dom/cjs/react-dom.development.js:26179:12)
      at batchedUpdates 
(node_modules/react-dom/cjs/react-dom.development.js:3991:12)
      at dispatchEventForPluginEventSystem 
(node_modules/react-dom/cjs/react-dom.development.js:9287:3)
      at dispatchEventWithEnableCapturePhaseSelectiveHydrationWithoutDiscreteEv
entReplay (node_modules/react-dom/cjs/react-dom.development.js:6465:5)
      at dispatchEvent 
(node_modules/react-dom/cjs/react-dom.development.js:6457:5)
      at dispatchDiscreteEvent 
(node_modules/react-dom/cjs/react-dom.development.js:6430:5)
      at HTMLDivElement.callTheUserObjectsOperation 
(node_modules/jsdom/lib/jsdom/living/generated/EventListener.js:26:30)
      at innerInvokeEventListeners 
(node_modules/jsdom/lib/jsdom/living/events/EventTarget-impl.js:350:25)
      at invokeEventListeners 
(node_modules/jsdom/lib/jsdom/living/events/EventTarget-impl.js:286:3)
      at HTMLInputElementImpl._dispatch 
(node_modules/jsdom/lib/jsdom/living/events/EventTarget-impl.js:233:9)
      at HTMLInputElementImpl.dispatchEvent 
(node_modules/jsdom/lib/jsdom/living/events/EventTarget-impl.js:104:17)
      at HTMLInputElement.dispatchEvent 
(node_modules/jsdom/lib/jsdom/living/generated/EventTarget.js:241:34)
      at 
node_modules/@testing-library/user-event/dist/cjs/event/dispatchEvent.js:45:43
      at Object.eventWrapper 
(node_modules/@testing-library/dom/dist/config.js:25:23)
      at Object.wrapEvent 
(node_modules/@testing-library/user-event/dist/cjs/event/wrapEvent.js:6:28)
      at Object.dispatchEvent (node_modules/@testing-library/user-event/dist/cj
s/event/dispatchEvent.js:45:22)
      at Object.dispatchUIEvent (node_modules/@testing-library/user-event/dist/
cjs/event/dispatchEvent.js:22:26)
      at commitInput 
(node_modules/@testing-library/user-event/dist/cjs/event/input.js:145:14)
      at editInputElement 
(node_modules/@testing-library/user-event/dist/cjs/event/input.js:115:9)
      at Object.input 
(node_modules/@testing-library/user-event/dist/cjs/event/input.js:37:9)
      at node_modules/@testing-library/user-event/dist/cjs/event/behavior/keypr
ess.js:31:26
      at Object.dispatchEvent (node_modules/@testing-library/user-event/dist/cj
s/event/dispatchEvent.js:41:13)
      at Object.dispatchUIEvent (node_modules/@testing-library/user-event/dist/
cjs/event/dispatchEvent.js:22:26)
      at KeyboardHost.keydown 
(node_modules/@testing-library/user-event/dist/cjs/system/keyboard.js:76:22)
      at keyboardAction 
(node_modules/@testing-library/user-event/dist/cjs/keyboard/index.js:22:35)
      at Object.keyboard 
(node_modules/@testing-library/user-event/dist/cjs/keyboard/index.js:11:15)
      at Object.type 
(node_modules/@testing-library/user-event/dist/cjs/utility/type.js:17:5)
      at Object.<anonymous> 
(src/settings/__tests__/AccountCreatePage.test.tsx:118:9)

    console.error
      Warning: An update to AccountCreatePage inside a test was not wrapped in 
act(...).
      
      When testing, code that causes React state updates should be wrapped 
into act(...):
      
      act(() => {
        /* fire events that update state */
      });
      /* assert on the output */
      
      This ensures that you're testing the behavior the user would see in the 
browser. Learn more at https://reactjs.org/link/wrap-tests-with-act
          at AccountCreatePage (C:\Users\samhe\OneDrive\Desktop\Cleaned\fronten
d\src\settings\AccountCreatePage.tsx:32:47)
          at routeContext (C:\Users\samhe\OneDrive\Desktop\Cleaned\frontend\nod
e_modules\react-router\lib\hooks.tsx:658:26)
          at children (C:\Users\samhe\OneDrive\Desktop\Cleaned\frontend\node_mo
dules\react-router\lib\components.tsx:512:3)
          at basenameProp (C:\Users\samhe\OneDrive\Desktop\Cleaned\frontend\nod
e_modules\react-router\lib\components.tsx:421:13)
          at basename (C:\Users\samhe\OneDrive\Desktop\Cleaned\frontend\node_mo
dules\react-router\lib\components.tsx:225:3)

      133 |                         type="text"
      134 |                         value={fullName}
    > 135 |                         onChange={e => setFullName(e.target.value)}
          |                                        ^
      136 |                         disabled={saving}
      137 |                         className="text-sm border border-gray-300 
rounded px-2 py-1.5 focus:outline-none focus:ring-1 focus:ring-blue-400 
disabled:opacity-50"
      138 |                     />

      at printWarning 
(node_modules/react-dom/cjs/react-dom.development.js:86:30)
      at error (node_modules/react-dom/cjs/react-dom.development.js:60:7)
      at warnIfUpdatesNotWrappedWithActDEV 
(node_modules/react-dom/cjs/react-dom.development.js:27628:9)
      at scheduleUpdateOnFiber 
(node_modules/react-dom/cjs/react-dom.development.js:25547:5)
      at dispatchSetState 
(node_modules/react-dom/cjs/react-dom.development.js:16708:7)
      at onChange (src/settings/AccountCreatePage.tsx:135:40)
      at HTMLUnknownElement.callCallback 
(node_modules/react-dom/cjs/react-dom.development.js:4164:14)
      at HTMLUnknownElement.callTheUserObjectsOperation 
(node_modules/jsdom/lib/jsdom/living/generated/EventListener.js:26:30)
      at innerInvokeEventListeners 
(node_modules/jsdom/lib/jsdom/living/events/EventTarget-impl.js:350:25)
      at invokeEventListeners 
(node_modules/jsdom/lib/jsdom/living/events/EventTarget-impl.js:286:3)
      at HTMLUnknownElementImpl._dispatch 
(node_modules/jsdom/lib/jsdom/living/events/EventTarget-impl.js:233:9)
      at HTMLUnknownElementImpl.dispatchEvent 
(node_modules/jsdom/lib/jsdom/living/events/EventTarget-impl.js:104:17)
      at HTMLUnknownElement.dispatchEvent 
(node_modules/jsdom/lib/jsdom/living/generated/EventTarget.js:241:34)
      at Object.invokeGuardedCallbackDev 
(node_modules/react-dom/cjs/react-dom.development.js:4213:16)
      at invokeGuardedCallback 
(node_modules/react-dom/cjs/react-dom.development.js:4277:31)
      at invokeGuardedCallbackAndCatchFirstError 
(node_modules/react-dom/cjs/react-dom.development.js:4291:25)
      at executeDispatch 
(node_modules/react-dom/cjs/react-dom.development.js:9041:3)
      at processDispatchQueueItemsInOrder 
(node_modules/react-dom/cjs/react-dom.development.js:9073:7)
      at processDispatchQueue 
(node_modules/react-dom/cjs/react-dom.development.js:9086:5)
      at dispatchEventsForPlugins 
(node_modules/react-dom/cjs/react-dom.development.js:9097:3)
      at node_modules/react-dom/cjs/react-dom.development.js:9288:12
      at batchedUpdates$1 
(node_modules/react-dom/cjs/react-dom.development.js:26179:12)
      at batchedUpdates 
(node_modules/react-dom/cjs/react-dom.development.js:3991:12)
      at dispatchEventForPluginEventSystem 
(node_modules/react-dom/cjs/react-dom.development.js:9287:3)
      at dispatchEventWithEnableCapturePhaseSelectiveHydrationWithoutDiscreteEv
entReplay (node_modules/react-dom/cjs/react-dom.development.js:6465:5)
      at dispatchEvent 
(node_modules/react-dom/cjs/react-dom.development.js:6457:5)
      at dispatchDiscreteEvent 
(node_modules/react-dom/cjs/react-dom.development.js:6430:5)
      at HTMLDivElement.callTheUserObjectsOperation 
(node_modules/jsdom/lib/jsdom/living/generated/EventListener.js:26:30)
      at innerInvokeEventListeners 
(node_modules/jsdom/lib/jsdom/living/events/EventTarget-impl.js:350:25)
      at invokeEventListeners 
(node_modules/jsdom/lib/jsdom/living/events/EventTarget-impl.js:286:3)
      at HTMLInputElementImpl._dispatch 
(node_modules/jsdom/lib/jsdom/living/events/EventTarget-impl.js:233:9)
      at HTMLInputElementImpl.dispatchEvent 
(node_modules/jsdom/lib/jsdom/living/events/EventTarget-impl.js:104:17)
      at HTMLInputElement.dispatchEvent 
(node_modules/jsdom/lib/jsdom/living/generated/EventTarget.js:241:34)
      at 
node_modules/@testing-library/user-event/dist/cjs/event/dispatchEvent.js:45:43
      at Object.eventWrapper 
(node_modules/@testing-library/dom/dist/config.js:25:23)
      at Object.wrapEvent 
(node_modules/@testing-library/user-event/dist/cjs/event/wrapEvent.js:6:28)
      at Object.dispatchEvent (node_modules/@testing-library/user-event/dist/cj
s/event/dispatchEvent.js:45:22)
      at Object.dispatchUIEvent (node_modules/@testing-library/user-event/dist/
cjs/event/dispatchEvent.js:22:26)
      at commitInput 
(node_modules/@testing-library/user-event/dist/cjs/event/input.js:145:14)
      at editInputElement 
(node_modules/@testing-library/user-event/dist/cjs/event/input.js:115:9)
      at Object.input 
(node_modules/@testing-library/user-event/dist/cjs/event/input.js:37:9)
      at node_modules/@testing-library/user-event/dist/cjs/event/behavior/keypr
ess.js:31:26
      at Object.dispatchEvent (node_modules/@testing-library/user-event/dist/cj
s/event/dispatchEvent.js:41:13)
      at Object.dispatchUIEvent (node_modules/@testing-library/user-event/dist/
cjs/event/dispatchEvent.js:22:26)
      at KeyboardHost.keydown 
(node_modules/@testing-library/user-event/dist/cjs/system/keyboard.js:76:22)
      at keyboardAction 
(node_modules/@testing-library/user-event/dist/cjs/keyboard/index.js:22:35)
      at Object.keyboard 
(node_modules/@testing-library/user-event/dist/cjs/keyboard/index.js:11:15)
      at Object.type 
(node_modules/@testing-library/user-event/dist/cjs/utility/type.js:17:5)
      at Object.<anonymous> 
(src/settings/__tests__/AccountCreatePage.test.tsx:118:9)

    console.error
      Warning: An update to AccountCreatePage inside a test was not wrapped in 
act(...).
      
      When testing, code that causes React state updates should be wrapped 
into act(...):
      
      act(() => {
        /* fire events that update state */
      });
      /* assert on the output */
      
      This ensures that you're testing the behavior the user would see in the 
browser. Learn more at https://reactjs.org/link/wrap-tests-with-act
          at AccountCreatePage (C:\Users\samhe\OneDrive\Desktop\Cleaned\fronten
d\src\settings\AccountCreatePage.tsx:32:47)
          at routeContext (C:\Users\samhe\OneDrive\Desktop\Cleaned\frontend\nod
e_modules\react-router\lib\hooks.tsx:658:26)
          at children (C:\Users\samhe\OneDrive\Desktop\Cleaned\frontend\node_mo
dules\react-router\lib\components.tsx:512:3)
          at basenameProp (C:\Users\samhe\OneDrive\Desktop\Cleaned\frontend\nod
e_modules\react-router\lib\components.tsx:421:13)
          at basename (C:\Users\samhe\OneDrive\Desktop\Cleaned\frontend\node_mo
dules\react-router\lib\components.tsx:225:3)

      133 |                         type="text"
      134 |                         value={fullName}
    > 135 |                         onChange={e => setFullName(e.target.value)}
          |                                        ^
      136 |                         disabled={saving}
      137 |                         className="text-sm border border-gray-300 
rounded px-2 py-1.5 focus:outline-none focus:ring-1 focus:ring-blue-400 
disabled:opacity-50"
      138 |                     />

      at printWarning 
(node_modules/react-dom/cjs/react-dom.development.js:86:30)
      at error (node_modules/react-dom/cjs/react-dom.development.js:60:7)
      at warnIfUpdatesNotWrappedWithActDEV 
(node_modules/react-dom/cjs/react-dom.development.js:27628:9)
      at scheduleUpdateOnFiber 
(node_modules/react-dom/cjs/react-dom.development.js:25547:5)
      at dispatchSetState 
(node_modules/react-dom/cjs/react-dom.development.js:16708:7)
      at onChange (src/settings/AccountCreatePage.tsx:135:40)
      at HTMLUnknownElement.callCallback 
(node_modules/react-dom/cjs/react-dom.development.js:4164:14)
      at HTMLUnknownElement.callTheUserObjectsOperation 
(node_modules/jsdom/lib/jsdom/living/generated/EventListener.js:26:30)
      at innerInvokeEventListeners 
(node_modules/jsdom/lib/jsdom/living/events/EventTarget-impl.js:350:25)
      at invokeEventListeners 
(node_modules/jsdom/lib/jsdom/living/events/EventTarget-impl.js:286:3)
      at HTMLUnknownElementImpl._dispatch 
(node_modules/jsdom/lib/jsdom/living/events/EventTarget-impl.js:233:9)
      at HTMLUnknownElementImpl.dispatchEvent 
(node_modules/jsdom/lib/jsdom/living/events/EventTarget-impl.js:104:17)
      at HTMLUnknownElement.dispatchEvent 
(node_modules/jsdom/lib/jsdom/living/generated/EventTarget.js:241:34)
      at Object.invokeGuardedCallbackDev 
(node_modules/react-dom/cjs/react-dom.development.js:4213:16)
      at invokeGuardedCallback 
(node_modules/react-dom/cjs/react-dom.development.js:4277:31)
      at invokeGuardedCallbackAndCatchFirstError 
(node_modules/react-dom/cjs/react-dom.development.js:4291:25)
      at executeDispatch 
(node_modules/react-dom/cjs/react-dom.development.js:9041:3)
      at processDispatchQueueItemsInOrder 
(node_modules/react-dom/cjs/react-dom.development.js:9073:7)
      at processDispatchQueue 
(node_modules/react-dom/cjs/react-dom.development.js:9086:5)
      at dispatchEventsForPlugins 
(node_modules/react-dom/cjs/react-dom.development.js:9097:3)
      at node_modules/react-dom/cjs/react-dom.development.js:9288:12
      at batchedUpdates$1 
(node_modules/react-dom/cjs/react-dom.development.js:26179:12)
      at batchedUpdates 
(node_modules/react-dom/cjs/react-dom.development.js:3991:12)
      at dispatchEventForPluginEventSystem 
(node_modules/react-dom/cjs/react-dom.development.js:9287:3)
      at dispatchEventWithEnableCapturePhaseSelectiveHydrationWithoutDiscreteEv
entReplay (node_modules/react-dom/cjs/react-dom.development.js:6465:5)
      at dispatchEvent 
(node_modules/react-dom/cjs/react-dom.development.js:6457:5)
      at dispatchDiscreteEvent 
(node_modules/react-dom/cjs/react-dom.development.js:6430:5)
      at HTMLDivElement.callTheUserObjectsOperation 
(node_modules/jsdom/lib/jsdom/living/generated/EventListener.js:26:30)
      at innerInvokeEventListeners 
(node_modules/jsdom/lib/jsdom/living/events/EventTarget-impl.js:350:25)
      at invokeEventListeners 
(node_modules/jsdom/lib/jsdom/living/events/EventTarget-impl.js:286:3)
      at HTMLInputElementImpl._dispatch 
(node_modules/jsdom/lib/jsdom/living/events/EventTarget-impl.js:233:9)
      at HTMLInputElementImpl.dispatchEvent 
(node_modules/jsdom/lib/jsdom/living/events/EventTarget-impl.js:104:17)
      at HTMLInputElement.dispatchEvent 
(node_modules/jsdom/lib/jsdom/living/generated/EventTarget.js:241:34)
      at 
node_modules/@testing-library/user-event/dist/cjs/event/dispatchEvent.js:45:43
      at Object.eventWrapper 
(node_modules/@testing-library/dom/dist/config.js:25:23)
      at Object.wrapEvent 
(node_modules/@testing-library/user-event/dist/cjs/event/wrapEvent.js:6:28)
      at Object.dispatchEvent (node_modules/@testing-library/user-event/dist/cj
s/event/dispatchEvent.js:45:22)
      at Object.dispatchUIEvent (node_modules/@testing-library/user-event/dist/
cjs/event/dispatchEvent.js:22:26)
      at commitInput 
(node_modules/@testing-library/user-event/dist/cjs/event/input.js:145:14)
      at editInputElement 
(node_modules/@testing-library/user-event/dist/cjs/event/input.js:115:9)
      at Object.input 
(node_modules/@testing-library/user-event/dist/cjs/event/input.js:37:9)
      at node_modules/@testing-library/user-event/dist/cjs/event/behavior/keypr
ess.js:31:26
      at Object.dispatchEvent (node_modules/@testing-library/user-event/dist/cj
s/event/dispatchEvent.js:41:13)
      at Object.dispatchUIEvent (node_modules/@testing-library/user-event/dist/
cjs/event/dispatchEvent.js:22:26)
      at KeyboardHost.keydown 
(node_modules/@testing-library/user-event/dist/cjs/system/keyboard.js:76:22)
      at keyboardAction 
(node_modules/@testing-library/user-event/dist/cjs/keyboard/index.js:22:35)
      at Object.keyboard 
(node_modules/@testing-library/user-event/dist/cjs/keyboard/index.js:11:15)
      at Object.type 
(node_modules/@testing-library/user-event/dist/cjs/utility/type.js:17:5)
      at Object.<anonymous> 
(src/settings/__tests__/AccountCreatePage.test.tsx:118:9)

    console.error
      Warning: An update to AccountCreatePage inside a test was not wrapped in 
act(...).
      
      When testing, code that causes React state updates should be wrapped 
into act(...):
      
      act(() => {
        /* fire events that update state */
      });
      /* assert on the output */
      
      This ensures that you're testing the behavior the user would see in the 
browser. Learn more at https://reactjs.org/link/wrap-tests-with-act
          at AccountCreatePage (C:\Users\samhe\OneDrive\Desktop\Cleaned\fronten
d\src\settings\AccountCreatePage.tsx:32:47)
          at routeContext (C:\Users\samhe\OneDrive\Desktop\Cleaned\frontend\nod
e_modules\react-router\lib\hooks.tsx:658:26)
          at children (C:\Users\samhe\OneDrive\Desktop\Cleaned\frontend\node_mo
dules\react-router\lib\components.tsx:512:3)
          at basenameProp (C:\Users\samhe\OneDrive\Desktop\Cleaned\frontend\nod
e_modules\react-router\lib\components.tsx:421:13)
          at basename (C:\Users\samhe\OneDrive\Desktop\Cleaned\frontend\node_mo
dules\react-router\lib\components.tsx:225:3)

      133 |                         type="text"
      134 |                         value={fullName}
    > 135 |                         onChange={e => setFullName(e.target.value)}
          |                                        ^
      136 |                         disabled={saving}
      137 |                         className="text-sm border border-gray-300 
rounded px-2 py-1.5 focus:outline-none focus:ring-1 focus:ring-blue-400 
disabled:opacity-50"
      138 |                     />

      at printWarning 
(node_modules/react-dom/cjs/react-dom.development.js:86:30)
      at error (node_modules/react-dom/cjs/react-dom.development.js:60:7)
      at warnIfUpdatesNotWrappedWithActDEV 
(node_modules/react-dom/cjs/react-dom.development.js:27628:9)
      at scheduleUpdateOnFiber 
(node_modules/react-dom/cjs/react-dom.development.js:25547:5)
      at dispatchSetState 
(node_modules/react-dom/cjs/react-dom.development.js:16708:7)
      at onChange (src/settings/AccountCreatePage.tsx:135:40)
      at HTMLUnknownElement.callCallback 
(node_modules/react-dom/cjs/react-dom.development.js:4164:14)
      at HTMLUnknownElement.callTheUserObjectsOperation 
(node_modules/jsdom/lib/jsdom/living/generated/EventListener.js:26:30)
      at innerInvokeEventListeners 
(node_modules/jsdom/lib/jsdom/living/events/EventTarget-impl.js:350:25)
      at invokeEventListeners 
(node_modules/jsdom/lib/jsdom/living/events/EventTarget-impl.js:286:3)
      at HTMLUnknownElementImpl._dispatch 
(node_modules/jsdom/lib/jsdom/living/events/EventTarget-impl.js:233:9)
      at HTMLUnknownElementImpl.dispatchEvent 
(node_modules/jsdom/lib/jsdom/living/events/EventTarget-impl.js:104:17)
      at HTMLUnknownElement.dispatchEvent 
(node_modules/jsdom/lib/jsdom/living/generated/EventTarget.js:241:34)
      at Object.invokeGuardedCallbackDev 
(node_modules/react-dom/cjs/react-dom.development.js:4213:16)
      at invokeGuardedCallback 
(node_modules/react-dom/cjs/react-dom.development.js:4277:31)
      at invokeGuardedCallbackAndCatchFirstError 
(node_modules/react-dom/cjs/react-dom.development.js:4291:25)
      at executeDispatch 
(node_modules/react-dom/cjs/react-dom.development.js:9041:3)
      at processDispatchQueueItemsInOrder 
(node_modules/react-dom/cjs/react-dom.development.js:9073:7)
      at processDispatchQueue 
(node_modules/react-dom/cjs/react-dom.development.js:9086:5)
      at dispatchEventsForPlugins 
(node_modules/react-dom/cjs/react-dom.development.js:9097:3)
      at node_modules/react-dom/cjs/react-dom.development.js:9288:12
      at batchedUpdates$1 
(node_modules/react-dom/cjs/react-dom.development.js:26179:12)
      at batchedUpdates 
(node_modules/react-dom/cjs/react-dom.development.js:3991:12)
      at dispatchEventForPluginEventSystem 
(node_modules/react-dom/cjs/react-dom.development.js:9287:3)
      at dispatchEventWithEnableCapturePhaseSelectiveHydrationWithoutDiscreteEv
entReplay (node_modules/react-dom/cjs/react-dom.development.js:6465:5)
      at dispatchEvent 
(node_modules/react-dom/cjs/react-dom.development.js:6457:5)
      at dispatchDiscreteEvent 
(node_modules/react-dom/cjs/react-dom.development.js:6430:5)
      at HTMLDivElement.callTheUserObjectsOperation 
(node_modules/jsdom/lib/jsdom/living/generated/EventListener.js:26:30)
      at innerInvokeEventListeners 
(node_modules/jsdom/lib/jsdom/living/events/EventTarget-impl.js:350:25)
      at invokeEventListeners 
(node_modules/jsdom/lib/jsdom/living/events/EventTarget-impl.js:286:3)
      at HTMLInputElementImpl._dispatch 
(node_modules/jsdom/lib/jsdom/living/events/EventTarget-impl.js:233:9)
      at HTMLInputElementImpl.dispatchEvent 
(node_modules/jsdom/lib/jsdom/living/events/EventTarget-impl.js:104:17)
      at HTMLInputElement.dispatchEvent 
(node_modules/jsdom/lib/jsdom/living/generated/EventTarget.js:241:34)
      at 
node_modules/@testing-library/user-event/dist/cjs/event/dispatchEvent.js:45:43
      at Object.eventWrapper 
(node_modules/@testing-library/dom/dist/config.js:25:23)
      at Object.wrapEvent 
(node_modules/@testing-library/user-event/dist/cjs/event/wrapEvent.js:6:28)
      at Object.dispatchEvent (node_modules/@testing-library/user-event/dist/cj
s/event/dispatchEvent.js:45:22)
      at Object.dispatchUIEvent (node_modules/@testing-library/user-event/dist/
cjs/event/dispatchEvent.js:22:26)
      at commitInput 
(node_modules/@testing-library/user-event/dist/cjs/event/input.js:145:14)
      at editInputElement 
(node_modules/@testing-library/user-event/dist/cjs/event/input.js:115:9)
      at Object.input 
(node_modules/@testing-library/user-event/dist/cjs/event/input.js:37:9)
      at node_modules/@testing-library/user-event/dist/cjs/event/behavior/keypr
ess.js:31:26
      at Object.dispatchEvent (node_modules/@testing-library/user-event/dist/cj
s/event/dispatchEvent.js:41:13)
      at Object.dispatchUIEvent (node_modules/@testing-library/user-event/dist/
cjs/event/dispatchEvent.js:22:26)
      at KeyboardHost.keydown 
(node_modules/@testing-library/user-event/dist/cjs/system/keyboard.js:76:22)
      at keyboardAction 
(node_modules/@testing-library/user-event/dist/cjs/keyboard/index.js:22:35)
      at Object.keyboard 
(node_modules/@testing-library/user-event/dist/cjs/keyboard/index.js:11:15)
      at Object.type 
(node_modules/@testing-library/user-event/dist/cjs/utility/type.js:17:5)
      at Object.<anonymous> 
(src/settings/__tests__/AccountCreatePage.test.tsx:118:9)

    console.error
      Warning: An update to AccountCreatePage inside a test was not wrapped in 
act(...).
      
      When testing, code that causes React state updates should be wrapped 
into act(...):
      
      act(() => {
        /* fire events that update state */
      });
      /* assert on the output */
      
      This ensures that you're testing the behavior the user would see in the 
browser. Learn more at https://reactjs.org/link/wrap-tests-with-act
          at AccountCreatePage (C:\Users\samhe\OneDrive\Desktop\Cleaned\fronten
d\src\settings\AccountCreatePage.tsx:32:47)
          at routeContext (C:\Users\samhe\OneDrive\Desktop\Cleaned\frontend\nod
e_modules\react-router\lib\hooks.tsx:658:26)
          at children (C:\Users\samhe\OneDrive\Desktop\Cleaned\frontend\node_mo
dules\react-router\lib\components.tsx:512:3)
          at basenameProp (C:\Users\samhe\OneDrive\Desktop\Cleaned\frontend\nod
e_modules\react-router\lib\components.tsx:421:13)
          at basename (C:\Users\samhe\OneDrive\Desktop\Cleaned\frontend\node_mo
dules\react-router\lib\components.tsx:225:3)

      147 |                         type="email"
      148 |                         value={email}
    > 149 |                         onChange={e => setEmail(e.target.value)}
          |                                        ^
      150 |                         disabled={saving}
      151 |                         className="text-sm border border-gray-300 
rounded px-2 py-1.5 focus:outline-none focus:ring-1 focus:ring-blue-400 
disabled:opacity-50"
      152 |                     />

      at printWarning 
(node_modules/react-dom/cjs/react-dom.development.js:86:30)
      at error (node_modules/react-dom/cjs/react-dom.development.js:60:7)
      at warnIfUpdatesNotWrappedWithActDEV 
(node_modules/react-dom/cjs/react-dom.development.js:27628:9)
      at scheduleUpdateOnFiber 
(node_modules/react-dom/cjs/react-dom.development.js:25547:5)
      at dispatchSetState 
(node_modules/react-dom/cjs/react-dom.development.js:16708:7)
      at onChange (src/settings/AccountCreatePage.tsx:149:40)
      at HTMLUnknownElement.callCallback 
(node_modules/react-dom/cjs/react-dom.development.js:4164:14)
      at HTMLUnknownElement.callTheUserObjectsOperation 
(node_modules/jsdom/lib/jsdom/living/generated/EventListener.js:26:30)
      at innerInvokeEventListeners 
(node_modules/jsdom/lib/jsdom/living/events/EventTarget-impl.js:350:25)
      at invokeEventListeners 
(node_modules/jsdom/lib/jsdom/living/events/EventTarget-impl.js:286:3)
      at HTMLUnknownElementImpl._dispatch 
(node_modules/jsdom/lib/jsdom/living/events/EventTarget-impl.js:233:9)
      at HTMLUnknownElementImpl.dispatchEvent 
(node_modules/jsdom/lib/jsdom/living/events/EventTarget-impl.js:104:17)
      at HTMLUnknownElement.dispatchEvent 
(node_modules/jsdom/lib/jsdom/living/generated/EventTarget.js:241:34)
      at Object.invokeGuardedCallbackDev 
(node_modules/react-dom/cjs/react-dom.development.js:4213:16)
      at invokeGuardedCallback 
(node_modules/react-dom/cjs/react-dom.development.js:4277:31)
      at invokeGuardedCallbackAndCatchFirstError 
(node_modules/react-dom/cjs/react-dom.development.js:4291:25)
      at executeDispatch 
(node_modules/react-dom/cjs/react-dom.development.js:9041:3)
      at processDispatchQueueItemsInOrder 
(node_modules/react-dom/cjs/react-dom.development.js:9073:7)
      at processDispatchQueue 
(node_modules/react-dom/cjs/react-dom.development.js:9086:5)
      at dispatchEventsForPlugins 
(node_modules/react-dom/cjs/react-dom.development.js:9097:3)
      at node_modules/react-dom/cjs/react-dom.development.js:9288:12
      at batchedUpdates$1 
(node_modules/react-dom/cjs/react-dom.development.js:26179:12)
      at batchedUpdates 
(node_modules/react-dom/cjs/react-dom.development.js:3991:12)
      at dispatchEventForPluginEventSystem 
(node_modules/react-dom/cjs/react-dom.development.js:9287:3)
      at dispatchEventWithEnableCapturePhaseSelectiveHydrationWithoutDiscreteEv
entReplay (node_modules/react-dom/cjs/react-dom.development.js:6465:5)
      at dispatchEvent 
(node_modules/react-dom/cjs/react-dom.development.js:6457:5)
      at dispatchDiscreteEvent 
(node_modules/react-dom/cjs/react-dom.development.js:6430:5)
      at HTMLDivElement.callTheUserObjectsOperation 
(node_modules/jsdom/lib/jsdom/living/generated/EventListener.js:26:30)
      at innerInvokeEventListeners 
(node_modules/jsdom/lib/jsdom/living/events/EventTarget-impl.js:350:25)
      at invokeEventListeners 
(node_modules/jsdom/lib/jsdom/living/events/EventTarget-impl.js:286:3)
      at HTMLInputElementImpl._dispatch 
(node_modules/jsdom/lib/jsdom/living/events/EventTarget-impl.js:233:9)
      at HTMLInputElementImpl.dispatchEvent 
(node_modules/jsdom/lib/jsdom/living/events/EventTarget-impl.js:104:17)
      at HTMLInputElement.dispatchEvent 
(node_modules/jsdom/lib/jsdom/living/generated/EventTarget.js:241:34)
      at 
node_modules/@testing-library/user-event/dist/cjs/event/dispatchEvent.js:45:43
      at Object.eventWrapper 
(node_modules/@testing-library/dom/dist/config.js:25:23)
      at Object.wrapEvent 
(node_modules/@testing-library/user-event/dist/cjs/event/wrapEvent.js:6:28)
      at Object.dispatchEvent (node_modules/@testing-library/user-event/dist/cj
s/event/dispatchEvent.js:45:22)
      at Object.dispatchUIEvent (node_modules/@testing-library/user-event/dist/
cjs/event/dispatchEvent.js:22:26)
      at commitInput 
(node_modules/@testing-library/user-event/dist/cjs/event/input.js:145:14)
      at editInputElement 
(node_modules/@testing-library/user-event/dist/cjs/event/input.js:115:9)
      at Object.input 
(node_modules/@testing-library/user-event/dist/cjs/event/input.js:37:9)
      at node_modules/@testing-library/user-event/dist/cjs/event/behavior/keypr
ess.js:31:26
      at Object.dispatchEvent (node_modules/@testing-library/user-event/dist/cj
s/event/dispatchEvent.js:41:13)
      at Object.dispatchUIEvent (node_modules/@testing-library/user-event/dist/
cjs/event/dispatchEvent.js:22:26)
      at KeyboardHost.keydown 
(node_modules/@testing-library/user-event/dist/cjs/system/keyboard.js:76:22)
      at keyboardAction 
(node_modules/@testing-library/user-event/dist/cjs/keyboard/index.js:22:35)
      at Object.keyboard 
(node_modules/@testing-library/user-event/dist/cjs/keyboard/index.js:11:15)
      at Object.type 
(node_modules/@testing-library/user-event/dist/cjs/utility/type.js:17:5)
      at Object.<anonymous> 
(src/settings/__tests__/AccountCreatePage.test.tsx:119:9)

    console.error
      Warning: An update to AccountCreatePage inside a test was not wrapped in 
act(...).
      
      When testing, code that causes React state updates should be wrapped 
into act(...):
      
      act(() => {
        /* fire events that update state */
      });
      /* assert on the output */
      
      This ensures that you're testing the behavior the user would see in the 
browser. Learn more at https://reactjs.org/link/wrap-tests-with-act
          at AccountCreatePage (C:\Users\samhe\OneDrive\Desktop\Cleaned\fronten
d\src\settings\AccountCreatePage.tsx:32:47)
          at routeContext (C:\Users\samhe\OneDrive\Desktop\Cleaned\frontend\nod
e_modules\react-router\lib\hooks.tsx:658:26)
          at children (C:\Users\samhe\OneDrive\Desktop\Cleaned\frontend\node_mo
dules\react-router\lib\components.tsx:512:3)
          at basenameProp (C:\Users\samhe\OneDrive\Desktop\Cleaned\frontend\nod
e_modules\react-router\lib\components.tsx:421:13)
          at basename (C:\Users\samhe\OneDrive\Desktop\Cleaned\frontend\node_mo
dules\react-router\lib\components.tsx:225:3)

      147 |                         type="email"
      148 |                         value={email}
    > 149 |                         onChange={e => setEmail(e.target.value)}
          |                                        ^
      150 |                         disabled={saving}
      151 |                         className="text-sm border border-gray-300 
rounded px-2 py-1.5 focus:outline-none focus:ring-1 focus:ring-blue-400 
disabled:opacity-50"
      152 |                     />

      at printWarning 
(node_modules/react-dom/cjs/react-dom.development.js:86:30)
      at error (node_modules/react-dom/cjs/react-dom.development.js:60:7)
      at warnIfUpdatesNotWrappedWithActDEV 
(node_modules/react-dom/cjs/react-dom.development.js:27628:9)
      at scheduleUpdateOnFiber 
(node_modules/react-dom/cjs/react-dom.development.js:25547:5)
      at dispatchSetState 
(node_modules/react-dom/cjs/react-dom.development.js:16708:7)
      at onChange (src/settings/AccountCreatePage.tsx:149:40)
      at HTMLUnknownElement.callCallback 
(node_modules/react-dom/cjs/react-dom.development.js:4164:14)
      at HTMLUnknownElement.callTheUserObjectsOperation 
(node_modules/jsdom/lib/jsdom/living/generated/EventListener.js:26:30)
      at innerInvokeEventListeners 
(node_modules/jsdom/lib/jsdom/living/events/EventTarget-impl.js:350:25)
      at invokeEventListeners 
(node_modules/jsdom/lib/jsdom/living/events/EventTarget-impl.js:286:3)
      at HTMLUnknownElementImpl._dispatch 
(node_modules/jsdom/lib/jsdom/living/events/EventTarget-impl.js:233:9)
      at HTMLUnknownElementImpl.dispatchEvent 
(node_modules/jsdom/lib/jsdom/living/events/EventTarget-impl.js:104:17)
      at HTMLUnknownElement.dispatchEvent 
(node_modules/jsdom/lib/jsdom/living/generated/EventTarget.js:241:34)
      at Object.invokeGuardedCallbackDev 
(node_modules/react-dom/cjs/react-dom.development.js:4213:16)
      at invokeGuardedCallback 
(node_modules/react-dom/cjs/react-dom.development.js:4277:31)
      at invokeGuardedCallbackAndCatchFirstError 
(node_modules/react-dom/cjs/react-dom.development.js:4291:25)
      at executeDispatch 
(node_modules/react-dom/cjs/react-dom.development.js:9041:3)
      at processDispatchQueueItemsInOrder 
(node_modules/react-dom/cjs/react-dom.development.js:9073:7)
      at processDispatchQueue 
(node_modules/react-dom/cjs/react-dom.development.js:9086:5)
      at dispatchEventsForPlugins 
(node_modules/react-dom/cjs/react-dom.development.js:9097:3)
      at node_modules/react-dom/cjs/react-dom.development.js:9288:12
      at batchedUpdates$1 
(node_modules/react-dom/cjs/react-dom.development.js:26179:12)
      at batchedUpdates 
(node_modules/react-dom/cjs/react-dom.development.js:3991:12)
      at dispatchEventForPluginEventSystem 
(node_modules/react-dom/cjs/react-dom.development.js:9287:3)
      at dispatchEventWithEnableCapturePhaseSelectiveHydrationWithoutDiscreteEv
entReplay (node_modules/react-dom/cjs/react-dom.development.js:6465:5)
      at dispatchEvent 
(node_modules/react-dom/cjs/react-dom.development.js:6457:5)
      at dispatchDiscreteEvent 
(node_modules/react-dom/cjs/react-dom.development.js:6430:5)
      at HTMLDivElement.callTheUserObjectsOperation 
(node_modules/jsdom/lib/jsdom/living/generated/EventListener.js:26:30)
      at innerInvokeEventListeners 
(node_modules/jsdom/lib/jsdom/living/events/EventTarget-impl.js:350:25)
      at invokeEventListeners 
(node_modules/jsdom/lib/jsdom/living/events/EventTarget-impl.js:286:3)
      at HTMLInputElementImpl._dispatch 
(node_modules/jsdom/lib/jsdom/living/events/EventTarget-impl.js:233:9)
      at HTMLInputElementImpl.dispatchEvent 
(node_modules/jsdom/lib/jsdom/living/events/EventTarget-impl.js:104:17)
      at HTMLInputElement.dispatchEvent 
(node_modules/jsdom/lib/jsdom/living/generated/EventTarget.js:241:34)
      at 
node_modules/@testing-library/user-event/dist/cjs/event/dispatchEvent.js:45:43
      at Object.eventWrapper 
(node_modules/@testing-library/dom/dist/config.js:25:23)
      at Object.wrapEvent 
(node_modules/@testing-library/user-event/dist/cjs/event/wrapEvent.js:6:28)
      at Object.dispatchEvent (node_modules/@testing-library/user-event/dist/cj
s/event/dispatchEvent.js:45:22)
      at Object.dispatchUIEvent (node_modules/@testing-library/user-event/dist/
cjs/event/dispatchEvent.js:22:26)
      at commitInput 
(node_modules/@testing-library/user-event/dist/cjs/event/input.js:145:14)
      at editInputElement 
(node_modules/@testing-library/user-event/dist/cjs/event/input.js:115:9)
      at Object.input 
(node_modules/@testing-library/user-event/dist/cjs/event/input.js:37:9)
      at node_modules/@testing-library/user-event/dist/cjs/event/behavior/keypr
ess.js:31:26
      at Object.dispatchEvent (node_modules/@testing-library/user-event/dist/cj
s/event/dispatchEvent.js:41:13)
      at Object.dispatchUIEvent (node_modules/@testing-library/user-event/dist/
cjs/event/dispatchEvent.js:22:26)
      at KeyboardHost.keydown 
(node_modules/@testing-library/user-event/dist/cjs/system/keyboard.js:76:22)
      at keyboardAction 
(node_modules/@testing-library/user-event/dist/cjs/keyboard/index.js:22:35)
      at Object.keyboard 
(node_modules/@testing-library/user-event/dist/cjs/keyboard/index.js:11:15)
      at Object.type 
(node_modules/@testing-library/user-event/dist/cjs/utility/type.js:17:5)
      at Object.<anonymous> 
(src/settings/__tests__/AccountCreatePage.test.tsx:119:9)

    console.error
      Warning: An update to AccountCreatePage inside a test was not wrapped in 
act(...).
      
      When testing, code that causes React state updates should be wrapped 
into act(...):
      
      act(() => {
        /* fire events that update state */
      });
      /* assert on the output */
      
      This ensures that you're testing the behavior the user would see in the 
browser. Learn more at https://reactjs.org/link/wrap-tests-with-act
          at AccountCreatePage (C:\Users\samhe\OneDrive\Desktop\Cleaned\fronten
d\src\settings\AccountCreatePage.tsx:32:47)
          at routeContext (C:\Users\samhe\OneDrive\Desktop\Cleaned\frontend\nod
e_modules\react-router\lib\hooks.tsx:658:26)
          at children (C:\Users\samhe\OneDrive\Desktop\Cleaned\frontend\node_mo
dules\react-router\lib\components.tsx:512:3)
          at basenameProp (C:\Users\samhe\OneDrive\Desktop\Cleaned\frontend\nod
e_modules\react-router\lib\components.tsx:421:13)
          at basename (C:\Users\samhe\OneDrive\Desktop\Cleaned\frontend\node_mo
dules\react-router\lib\components.tsx:225:3)

      147 |                         type="email"
      148 |                         value={email}
    > 149 |                         onChange={e => setEmail(e.target.value)}
          |                                        ^
      150 |                         disabled={saving}
      151 |                         className="text-sm border border-gray-300 
rounded px-2 py-1.5 focus:outline-none focus:ring-1 focus:ring-blue-400 
disabled:opacity-50"
      152 |                     />

      at printWarning 
(node_modules/react-dom/cjs/react-dom.development.js:86:30)
      at error (node_modules/react-dom/cjs/react-dom.development.js:60:7)
      at warnIfUpdatesNotWrappedWithActDEV 
(node_modules/react-dom/cjs/react-dom.development.js:27628:9)
      at scheduleUpdateOnFiber 
(node_modules/react-dom/cjs/react-dom.development.js:25547:5)
      at dispatchSetState 
(node_modules/react-dom/cjs/react-dom.development.js:16708:7)
      at onChange (src/settings/AccountCreatePage.tsx:149:40)
      at HTMLUnknownElement.callCallback 
(node_modules/react-dom/cjs/react-dom.development.js:4164:14)
      at HTMLUnknownElement.callTheUserObjectsOperation 
(node_modules/jsdom/lib/jsdom/living/generated/EventListener.js:26:30)
      at innerInvokeEventListeners 
(node_modules/jsdom/lib/jsdom/living/events/EventTarget-impl.js:350:25)
      at invokeEventListeners 
(node_modules/jsdom/lib/jsdom/living/events/EventTarget-impl.js:286:3)
      at HTMLUnknownElementImpl._dispatch 
(node_modules/jsdom/lib/jsdom/living/events/EventTarget-impl.js:233:9)
      at HTMLUnknownElementImpl.dispatchEvent 
(node_modules/jsdom/lib/jsdom/living/events/EventTarget-impl.js:104:17)
      at HTMLUnknownElement.dispatchEvent 
(node_modules/jsdom/lib/jsdom/living/generated/EventTarget.js:241:34)
      at Object.invokeGuardedCallbackDev 
(node_modules/react-dom/cjs/react-dom.development.js:4213:16)
      at invokeGuardedCallback 
(node_modules/react-dom/cjs/react-dom.development.js:4277:31)
      at invokeGuardedCallbackAndCatchFirstError 
(node_modules/react-dom/cjs/react-dom.development.js:4291:25)
      at executeDispatch 
(node_modules/react-dom/cjs/react-dom.development.js:9041:3)
      at processDispatchQueueItemsInOrder 
(node_modules/react-dom/cjs/react-dom.development.js:9073:7)
      at processDispatchQueue 
(node_modules/react-dom/cjs/react-dom.development.js:9086:5)
      at dispatchEventsForPlugins 
(node_modules/react-dom/cjs/react-dom.development.js:9097:3)
      at node_modules/react-dom/cjs/react-dom.development.js:9288:12
      at batchedUpdates$1 
(node_modules/react-dom/cjs/react-dom.development.js:26179:12)
      at batchedUpdates 
(node_modules/react-dom/cjs/react-dom.development.js:3991:12)
      at dispatchEventForPluginEventSystem 
(node_modules/react-dom/cjs/react-dom.development.js:9287:3)
      at dispatchEventWithEnableCapturePhaseSelectiveHydrationWithoutDiscreteEv
entReplay (node_modules/react-dom/cjs/react-dom.development.js:6465:5)
      at dispatchEvent 
(node_modules/react-dom/cjs/react-dom.development.js:6457:5)
      at dispatchDiscreteEvent 
(node_modules/react-dom/cjs/react-dom.development.js:6430:5)
      at HTMLDivElement.callTheUserObjectsOperation 
(node_modules/jsdom/lib/jsdom/living/generated/EventListener.js:26:30)
      at innerInvokeEventListeners 
(node_modules/jsdom/lib/jsdom/living/events/EventTarget-impl.js:350:25)
      at invokeEventListeners 
(node_modules/jsdom/lib/jsdom/living/events/EventTarget-impl.js:286:3)
      at HTMLInputElementImpl._dispatch 
(node_modules/jsdom/lib/jsdom/living/events/EventTarget-impl.js:233:9)
      at HTMLInputElementImpl.dispatchEvent 
(node_modules/jsdom/lib/jsdom/living/events/EventTarget-impl.js:104:17)
      at HTMLInputElement.dispatchEvent 
(node_modules/jsdom/lib/jsdom/living/generated/EventTarget.js:241:34)
      at 
node_modules/@testing-library/user-event/dist/cjs/event/dispatchEvent.js:45:43
      at Object.eventWrapper 
(node_modules/@testing-library/dom/dist/config.js:25:23)
      at Object.wrapEvent 
(node_modules/@testing-library/user-event/dist/cjs/event/wrapEvent.js:6:28)
      at Object.dispatchEvent (node_modules/@testing-library/user-event/dist/cj
s/event/dispatchEvent.js:45:22)
      at Object.dispatchUIEvent (node_modules/@testing-library/user-event/dist/
cjs/event/dispatchEvent.js:22:26)
      at commitInput 
(node_modules/@testing-library/user-event/dist/cjs/event/input.js:145:14)
      at editInputElement 
(node_modules/@testing-library/user-event/dist/cjs/event/input.js:115:9)
      at Object.input 
(node_modules/@testing-library/user-event/dist/cjs/event/input.js:37:9)
      at node_modules/@testing-library/user-event/dist/cjs/event/behavior/keypr
ess.js:31:26
      at Object.dispatchEvent (node_modules/@testing-library/user-event/dist/cj
s/event/dispatchEvent.js:41:13)
      at Object.dispatchUIEvent (node_modules/@testing-library/user-event/dist/
cjs/event/dispatchEvent.js:22:26)
      at KeyboardHost.keydown 
(node_modules/@testing-library/user-event/dist/cjs/system/keyboard.js:76:22)
      at keyboardAction 
(node_modules/@testing-library/user-event/dist/cjs/keyboard/index.js:22:35)
      at Object.keyboard 
(node_modules/@testing-library/user-event/dist/cjs/keyboard/index.js:11:15)
      at Object.type 
(node_modules/@testing-library/user-event/dist/cjs/utility/type.js:17:5)
      at Object.<anonymous> 
(src/settings/__tests__/AccountCreatePage.test.tsx:119:9)

    console.error
      Warning: An update to AccountCreatePage inside a test was not wrapped in 
act(...).
      
      When testing, code that causes React state updates should be wrapped 
into act(...):
      
      act(() => {
        /* fire events that update state */
      });
      /* assert on the output */
      
      This ensures that you're testing the behavior the user would see in the 
browser. Learn more at https://reactjs.org/link/wrap-tests-with-act
          at AccountCreatePage (C:\Users\samhe\OneDrive\Desktop\Cleaned\fronten
d\src\settings\AccountCreatePage.tsx:32:47)
          at routeContext (C:\Users\samhe\OneDrive\Desktop\Cleaned\frontend\nod
e_modules\react-router\lib\hooks.tsx:658:26)
          at children (C:\Users\samhe\OneDrive\Desktop\Cleaned\frontend\node_mo
dules\react-router\lib\components.tsx:512:3)
          at basenameProp (C:\Users\samhe\OneDrive\Desktop\Cleaned\frontend\nod
e_modules\react-router\lib\components.tsx:421:13)
          at basename (C:\Users\samhe\OneDrive\Desktop\Cleaned\frontend\node_mo
dules\react-router\lib\components.tsx:225:3)

      147 |                         type="email"
      148 |                         value={email}
    > 149 |                         onChange={e => setEmail(e.target.value)}
          |                                        ^
      150 |                         disabled={saving}
      151 |                         className="text-sm border border-gray-300 
rounded px-2 py-1.5 focus:outline-none focus:ring-1 focus:ring-blue-400 
disabled:opacity-50"
      152 |                     />

      at printWarning 
(node_modules/react-dom/cjs/react-dom.development.js:86:30)
      at error (node_modules/react-dom/cjs/react-dom.development.js:60:7)
      at warnIfUpdatesNotWrappedWithActDEV 
(node_modules/react-dom/cjs/react-dom.development.js:27628:9)
      at scheduleUpdateOnFiber 
(node_modules/react-dom/cjs/react-dom.development.js:25547:5)
      at dispatchSetState 
(node_modules/react-dom/cjs/react-dom.development.js:16708:7)
      at onChange (src/settings/AccountCreatePage.tsx:149:40)
      at HTMLUnknownElement.callCallback 
(node_modules/react-dom/cjs/react-dom.development.js:4164:14)
      at HTMLUnknownElement.callTheUserObjectsOperation 
(node_modules/jsdom/lib/jsdom/living/generated/EventListener.js:26:30)
      at innerInvokeEventListeners 
(node_modules/jsdom/lib/jsdom/living/events/EventTarget-impl.js:350:25)
      at invokeEventListeners 
(node_modules/jsdom/lib/jsdom/living/events/EventTarget-impl.js:286:3)
      at HTMLUnknownElementImpl._dispatch 
(node_modules/jsdom/lib/jsdom/living/events/EventTarget-impl.js:233:9)
      at HTMLUnknownElementImpl.dispatchEvent 
(node_modules/jsdom/lib/jsdom/living/events/EventTarget-impl.js:104:17)
      at HTMLUnknownElement.dispatchEvent 
(node_modules/jsdom/lib/jsdom/living/generated/EventTarget.js:241:34)
      at Object.invokeGuardedCallbackDev 
(node_modules/react-dom/cjs/react-dom.development.js:4213:16)
      at invokeGuardedCallback 
(node_modules/react-dom/cjs/react-dom.development.js:4277:31)
      at invokeGuardedCallbackAndCatchFirstError 
(node_modules/react-dom/cjs/react-dom.development.js:4291:25)
      at executeDispatch 
(node_modules/react-dom/cjs/react-dom.development.js:9041:3)
      at processDispatchQueueItemsInOrder 
(node_modules/react-dom/cjs/react-dom.development.js:9073:7)
      at processDispatchQueue 
(node_modules/react-dom/cjs/react-dom.development.js:9086:5)
      at dispatchEventsForPlugins 
(node_modules/react-dom/cjs/react-dom.development.js:9097:3)
      at node_modules/react-dom/cjs/react-dom.development.js:9288:12
      at batchedUpdates$1 
(node_modules/react-dom/cjs/react-dom.development.js:26179:12)
      at batchedUpdates 
(node_modules/react-dom/cjs/react-dom.development.js:3991:12)
      at dispatchEventForPluginEventSystem 
(node_modules/react-dom/cjs/react-dom.development.js:9287:3)
      at dispatchEventWithEnableCapturePhaseSelectiveHydrationWithoutDiscreteEv
entReplay (node_modules/react-dom/cjs/react-dom.development.js:6465:5)
      at dispatchEvent 
(node_modules/react-dom/cjs/react-dom.development.js:6457:5)
      at dispatchDiscreteEvent 
(node_modules/react-dom/cjs/react-dom.development.js:6430:5)
      at HTMLDivElement.callTheUserObjectsOperation 
(node_modules/jsdom/lib/jsdom/living/generated/EventListener.js:26:30)
      at innerInvokeEventListeners 
(node_modules/jsdom/lib/jsdom/living/events/EventTarget-impl.js:350:25)
      at invokeEventListeners 
(node_modules/jsdom/lib/jsdom/living/events/EventTarget-impl.js:286:3)
      at HTMLInputElementImpl._dispatch 
(node_modules/jsdom/lib/jsdom/living/events/EventTarget-impl.js:233:9)
      at HTMLInputElementImpl.dispatchEvent 
(node_modules/jsdom/lib/jsdom/living/events/EventTarget-impl.js:104:17)
      at HTMLInputElement.dispatchEvent 
(node_modules/jsdom/lib/jsdom/living/generated/EventTarget.js:241:34)
      at 
node_modules/@testing-library/user-event/dist/cjs/event/dispatchEvent.js:45:43
      at Object.eventWrapper 
(node_modules/@testing-library/dom/dist/config.js:25:23)
      at Object.wrapEvent 
(node_modules/@testing-library/user-event/dist/cjs/event/wrapEvent.js:6:28)
      at Object.dispatchEvent (node_modules/@testing-library/user-event/dist/cj
s/event/dispatchEvent.js:45:22)
      at Object.dispatchUIEvent (node_modules/@testing-library/user-event/dist/
cjs/event/dispatchEvent.js:22:26)
      at commitInput 
(node_modules/@testing-library/user-event/dist/cjs/event/input.js:145:14)
      at editInputElement 
(node_modules/@testing-library/user-event/dist/cjs/event/input.js:115:9)
      at Object.input 
(node_modules/@testing-library/user-event/dist/cjs/event/input.js:37:9)
      at node_modules/@testing-library/user-event/dist/cjs/event/behavior/keypr
ess.js:31:26
      at Object.dispatchEvent (node_modules/@testing-library/user-event/dist/cj
s/event/dispatchEvent.js:41:13)
      at Object.dispatchUIEvent (node_modules/@testing-library/user-event/dist/
cjs/event/dispatchEvent.js:22:26)
      at KeyboardHost.keydown 
(node_modules/@testing-library/user-event/dist/cjs/system/keyboard.js:76:22)
      at keyboardAction 
(node_modules/@testing-library/user-event/dist/cjs/keyboard/index.js:22:35)
      at Object.keyboard 
(node_modules/@testing-library/user-event/dist/cjs/keyboard/index.js:11:15)
      at Object.type 
(node_modules/@testing-library/user-event/dist/cjs/utility/type.js:17:5)
      at Object.<anonymous> 
(src/settings/__tests__/AccountCreatePage.test.tsx:119:9)

    console.error
      Warning: An update to AccountCreatePage inside a test was not wrapped in 
act(...).
      
      When testing, code that causes React state updates should be wrapped 
into act(...):
      
      act(() => {
        /* fire events that update state */
      });
      /* assert on the output */
      
      This ensures that you're testing the behavior the user would see in the 
browser. Learn more at https://reactjs.org/link/wrap-tests-with-act
          at AccountCreatePage (C:\Users\samhe\OneDrive\Desktop\Cleaned\fronten
d\src\settings\AccountCreatePage.tsx:32:47)
          at routeContext (C:\Users\samhe\OneDrive\Desktop\Cleaned\frontend\nod
e_modules\react-router\lib\hooks.tsx:658:26)
          at children (C:\Users\samhe\OneDrive\Desktop\Cleaned\frontend\node_mo
dules\react-router\lib\components.tsx:512:3)
          at basenameProp (C:\Users\samhe\OneDrive\Desktop\Cleaned\frontend\nod
e_modules\react-router\lib\components.tsx:421:13)
          at basename (C:\Users\samhe\OneDrive\Desktop\Cleaned\frontend\node_mo
dules\react-router\lib\components.tsx:225:3)

      147 |                         type="email"
      148 |                         value={email}
    > 149 |                         onChange={e => setEmail(e.target.value)}
          |                                        ^
      150 |                         disabled={saving}
      151 |                         className="text-sm border border-gray-300 
rounded px-2 py-1.5 focus:outline-none focus:ring-1 focus:ring-blue-400 
disabled:opacity-50"
      152 |                     />

      at printWarning 
(node_modules/react-dom/cjs/react-dom.development.js:86:30)
      at error (node_modules/react-dom/cjs/react-dom.development.js:60:7)
      at warnIfUpdatesNotWrappedWithActDEV 
(node_modules/react-dom/cjs/react-dom.development.js:27628:9)
      at scheduleUpdateOnFiber 
(node_modules/react-dom/cjs/react-dom.development.js:25547:5)
      at dispatchSetState 
(node_modules/react-dom/cjs/react-dom.development.js:16708:7)
      at onChange (src/settings/AccountCreatePage.tsx:149:40)
      at HTMLUnknownElement.callCallback 
(node_modules/react-dom/cjs/react-dom.development.js:4164:14)
      at HTMLUnknownElement.callTheUserObjectsOperation 
(node_modules/jsdom/lib/jsdom/living/generated/EventListener.js:26:30)
      at innerInvokeEventListeners 
(node_modules/jsdom/lib/jsdom/living/events/EventTarget-impl.js:350:25)
      at invokeEventListeners 
(node_modules/jsdom/lib/jsdom/living/events/EventTarget-impl.js:286:3)
      at HTMLUnknownElementImpl._dispatch 
(node_modules/jsdom/lib/jsdom/living/events/EventTarget-impl.js:233:9)
      at HTMLUnknownElementImpl.dispatchEvent 
(node_modules/jsdom/lib/jsdom/living/events/EventTarget-impl.js:104:17)
      at HTMLUnknownElement.dispatchEvent 
(node_modules/jsdom/lib/jsdom/living/generated/EventTarget.js:241:34)
      at Object.invokeGuardedCallbackDev 
(node_modules/react-dom/cjs/react-dom.development.js:4213:16)
      at invokeGuardedCallback 
(node_modules/react-dom/cjs/react-dom.development.js:4277:31)
      at invokeGuardedCallbackAndCatchFirstError 
(node_modules/react-dom/cjs/react-dom.development.js:4291:25)
      at executeDispatch 
(node_modules/react-dom/cjs/react-dom.development.js:9041:3)
      at processDispatchQueueItemsInOrder 
(node_modules/react-dom/cjs/react-dom.development.js:9073:7)
      at processDispatchQueue 
(node_modules/react-dom/cjs/react-dom.development.js:9086:5)
      at dispatchEventsForPlugins 
(node_modules/react-dom/cjs/react-dom.development.js:9097:3)
      at node_modules/react-dom/cjs/react-dom.development.js:9288:12
      at batchedUpdates$1 
(node_modules/react-dom/cjs/react-dom.development.js:26179:12)
      at batchedUpdates 
(node_modules/react-dom/cjs/react-dom.development.js:3991:12)
      at dispatchEventForPluginEventSystem 
(node_modules/react-dom/cjs/react-dom.development.js:9287:3)
      at dispatchEventWithEnableCapturePhaseSelectiveHydrationWithoutDiscreteEv
entReplay (node_modules/react-dom/cjs/react-dom.development.js:6465:5)
      at dispatchEvent 
(node_modules/react-dom/cjs/react-dom.development.js:6457:5)
      at dispatchDiscreteEvent 
(node_modules/react-dom/cjs/react-dom.development.js:6430:5)
      at HTMLDivElement.callTheUserObjectsOperation 
(node_modules/jsdom/lib/jsdom/living/generated/EventListener.js:26:30)
      at innerInvokeEventListeners 
(node_modules/jsdom/lib/jsdom/living/events/EventTarget-impl.js:350:25)
      at invokeEventListeners 
(node_modules/jsdom/lib/jsdom/living/events/EventTarget-impl.js:286:3)
      at HTMLInputElementImpl._dispatch 
(node_modules/jsdom/lib/jsdom/living/events/EventTarget-impl.js:233:9)
      at HTMLInputElementImpl.dispatchEvent 
(node_modules/jsdom/lib/jsdom/living/events/EventTarget-impl.js:104:17)
      at HTMLInputElement.dispatchEvent 
(node_modules/jsdom/lib/jsdom/living/generated/EventTarget.js:241:34)
      at 
node_modules/@testing-library/user-event/dist/cjs/event/dispatchEvent.js:45:43
      at Object.eventWrapper 
(node_modules/@testing-library/dom/dist/config.js:25:23)
      at Object.wrapEvent 
(node_modules/@testing-library/user-event/dist/cjs/event/wrapEvent.js:6:28)
      at Object.dispatchEvent (node_modules/@testing-library/user-event/dist/cj
s/event/dispatchEvent.js:45:22)
      at Object.dispatchUIEvent (node_modules/@testing-library/user-event/dist/
cjs/event/dispatchEvent.js:22:26)
      at commitInput 
(node_modules/@testing-library/user-event/dist/cjs/event/input.js:145:14)
      at editInputElement 
(node_modules/@testing-library/user-event/dist/cjs/event/input.js:115:9)
      at Object.input 
(node_modules/@testing-library/user-event/dist/cjs/event/input.js:37:9)
      at node_modules/@testing-library/user-event/dist/cjs/event/behavior/keypr
ess.js:31:26
      at Object.dispatchEvent (node_modules/@testing-library/user-event/dist/cj
s/event/dispatchEvent.js:41:13)
      at Object.dispatchUIEvent (node_modules/@testing-library/user-event/dist/
cjs/event/dispatchEvent.js:22:26)
      at KeyboardHost.keydown 
(node_modules/@testing-library/user-event/dist/cjs/system/keyboard.js:76:22)
      at keyboardAction 
(node_modules/@testing-library/user-event/dist/cjs/keyboard/index.js:22:35)
      at Object.keyboard 
(node_modules/@testing-library/user-event/dist/cjs/keyboard/index.js:11:15)
      at Object.type 
(node_modules/@testing-library/user-event/dist/cjs/utility/type.js:17:5)
      at Object.<anonymous> 
(src/settings/__tests__/AccountCreatePage.test.tsx:119:9)

    console.error
      Warning: An update to AccountCreatePage inside a test was not wrapped in 
act(...).
      
      When testing, code that causes React state updates should be wrapped 
into act(...):
      
      act(() => {
        /* fire events that update state */
      });
      /* assert on the output */
      
      This ensures that you're testing the behavior the user would see in the 
browser. Learn more at https://reactjs.org/link/wrap-tests-with-act
          at AccountCreatePage (C:\Users\samhe\OneDrive\Desktop\Cleaned\fronten
d\src\settings\AccountCreatePage.tsx:32:47)
          at routeContext (C:\Users\samhe\OneDrive\Desktop\Cleaned\frontend\nod
e_modules\react-router\lib\hooks.tsx:658:26)
          at children (C:\Users\samhe\OneDrive\Desktop\Cleaned\frontend\node_mo
dules\react-router\lib\components.tsx:512:3)
          at basenameProp (C:\Users\samhe\OneDrive\Desktop\Cleaned\frontend\nod
e_modules\react-router\lib\components.tsx:421:13)
          at basename (C:\Users\samhe\OneDrive\Desktop\Cleaned\frontend\node_mo
dules\react-router\lib\components.tsx:225:3)

      147 |                         type="email"
      148 |                         value={email}
    > 149 |                         onChange={e => setEmail(e.target.value)}
          |                                        ^
      150 |                         disabled={saving}
      151 |                         className="text-sm border border-gray-300 
rounded px-2 py-1.5 focus:outline-none focus:ring-1 focus:ring-blue-400 
disabled:opacity-50"
      152 |                     />

      at printWarning 
(node_modules/react-dom/cjs/react-dom.development.js:86:30)
      at error (node_modules/react-dom/cjs/react-dom.development.js:60:7)
      at warnIfUpdatesNotWrappedWithActDEV 
(node_modules/react-dom/cjs/react-dom.development.js:27628:9)
      at scheduleUpdateOnFiber 
(node_modules/react-dom/cjs/react-dom.development.js:25547:5)
      at dispatchSetState 
(node_modules/react-dom/cjs/react-dom.development.js:16708:7)
      at onChange (src/settings/AccountCreatePage.tsx:149:40)
      at HTMLUnknownElement.callCallback 
(node_modules/react-dom/cjs/react-dom.development.js:4164:14)
      at HTMLUnknownElement.callTheUserObjectsOperation 
(node_modules/jsdom/lib/jsdom/living/generated/EventListener.js:26:30)
      at innerInvokeEventListeners 
(node_modules/jsdom/lib/jsdom/living/events/EventTarget-impl.js:350:25)
      at invokeEventListeners 
(node_modules/jsdom/lib/jsdom/living/events/EventTarget-impl.js:286:3)
      at HTMLUnknownElementImpl._dispatch 
(node_modules/jsdom/lib/jsdom/living/events/EventTarget-impl.js:233:9)
      at HTMLUnknownElementImpl.dispatchEvent 
(node_modules/jsdom/lib/jsdom/living/events/EventTarget-impl.js:104:17)
      at HTMLUnknownElement.dispatchEvent 
(node_modules/jsdom/lib/jsdom/living/generated/EventTarget.js:241:34)
      at Object.invokeGuardedCallbackDev 
(node_modules/react-dom/cjs/react-dom.development.js:4213:16)
      at invokeGuardedCallback 
(node_modules/react-dom/cjs/react-dom.development.js:4277:31)
      at invokeGuardedCallbackAndCatchFirstError 
(node_modules/react-dom/cjs/react-dom.development.js:4291:25)
      at executeDispatch 
(node_modules/react-dom/cjs/react-dom.development.js:9041:3)
      at processDispatchQueueItemsInOrder 
(node_modules/react-dom/cjs/react-dom.development.js:9073:7)
      at processDispatchQueue 
(node_modules/react-dom/cjs/react-dom.development.js:9086:5)
      at dispatchEventsForPlugins 
(node_modules/react-dom/cjs/react-dom.development.js:9097:3)
      at node_modules/react-dom/cjs/react-dom.development.js:9288:12
      at batchedUpdates$1 
(node_modules/react-dom/cjs/react-dom.development.js:26179:12)
      at batchedUpdates 
(node_modules/react-dom/cjs/react-dom.development.js:3991:12)
      at dispatchEventForPluginEventSystem 
(node_modules/react-dom/cjs/react-dom.development.js:9287:3)
      at dispatchEventWithEnableCapturePhaseSelectiveHydrationWithoutDiscreteEv
entReplay (node_modules/react-dom/cjs/react-dom.development.js:6465:5)
      at dispatchEvent 
(node_modules/react-dom/cjs/react-dom.development.js:6457:5)
      at dispatchDiscreteEvent 
(node_modules/react-dom/cjs/react-dom.development.js:6430:5)
      at HTMLDivElement.callTheUserObjectsOperation 
(node_modules/jsdom/lib/jsdom/living/generated/EventListener.js:26:30)
      at innerInvokeEventListeners 
(node_modules/jsdom/lib/jsdom/living/events/EventTarget-impl.js:350:25)
      at invokeEventListeners 
(node_modules/jsdom/lib/jsdom/living/events/EventTarget-impl.js:286:3)
      at HTMLInputElementImpl._dispatch 
(node_modules/jsdom/lib/jsdom/living/events/EventTarget-impl.js:233:9)
      at HTMLInputElementImpl.dispatchEvent 
(node_modules/jsdom/lib/jsdom/living/events/EventTarget-impl.js:104:17)
      at HTMLInputElement.dispatchEvent 
(node_modules/jsdom/lib/jsdom/living/generated/EventTarget.js:241:34)
      at 
node_modules/@testing-library/user-event/dist/cjs/event/dispatchEvent.js:45:43
      at Object.eventWrapper 
(node_modules/@testing-library/dom/dist/config.js:25:23)
      at Object.wrapEvent 
(node_modules/@testing-library/user-event/dist/cjs/event/wrapEvent.js:6:28)
      at Object.dispatchEvent (node_modules/@testing-library/user-event/dist/cj
s/event/dispatchEvent.js:45:22)
      at Object.dispatchUIEvent (node_modules/@testing-library/user-event/dist/
cjs/event/dispatchEvent.js:22:26)
      at commitInput 
(node_modules/@testing-library/user-event/dist/cjs/event/input.js:145:14)
      at editInputElement 
(node_modules/@testing-library/user-event/dist/cjs/event/input.js:115:9)
      at Object.input 
(node_modules/@testing-library/user-event/dist/cjs/event/input.js:37:9)
      at node_modules/@testing-library/user-event/dist/cjs/event/behavior/keypr
ess.js:31:26
      at Object.dispatchEvent (node_modules/@testing-library/user-event/dist/cj
s/event/dispatchEvent.js:41:13)
      at Object.dispatchUIEvent (node_modules/@testing-library/user-event/dist/
cjs/event/dispatchEvent.js:22:26)
      at KeyboardHost.keydown 
(node_modules/@testing-library/user-event/dist/cjs/system/keyboard.js:76:22)
      at keyboardAction 
(node_modules/@testing-library/user-event/dist/cjs/keyboard/index.js:22:35)
      at Object.keyboard 
(node_modules/@testing-library/user-event/dist/cjs/keyboard/index.js:11:15)
      at Object.type 
(node_modules/@testing-library/user-event/dist/cjs/utility/type.js:17:5)
      at Object.<anonymous> 
(src/settings/__tests__/AccountCreatePage.test.tsx:119:9)

    console.error
      Warning: An update to AccountCreatePage inside a test was not wrapped in 
act(...).
      
      When testing, code that causes React state updates should be wrapped 
into act(...):
      
      act(() => {
        /* fire events that update state */
      });
      /* assert on the output */
      
      This ensures that you're testing the behavior the user would see in the 
browser. Learn more at https://reactjs.org/link/wrap-tests-with-act
          at AccountCreatePage (C:\Users\samhe\OneDrive\Desktop\Cleaned\fronten
d\src\settings\AccountCreatePage.tsx:32:47)
          at routeContext (C:\Users\samhe\OneDrive\Desktop\Cleaned\frontend\nod
e_modules\react-router\lib\hooks.tsx:658:26)
          at children (C:\Users\samhe\OneDrive\Desktop\Cleaned\frontend\node_mo
dules\react-router\lib\components.tsx:512:3)
          at basenameProp (C:\Users\samhe\OneDrive\Desktop\Cleaned\frontend\nod
e_modules\react-router\lib\components.tsx:421:13)
          at basename (C:\Users\samhe\OneDrive\Desktop\Cleaned\frontend\node_mo
dules\react-router\lib\components.tsx:225:3)

      147 |                         type="email"
      148 |                         value={email}
    > 149 |                         onChange={e => setEmail(e.target.value)}
          |                                        ^
      150 |                         disabled={saving}
      151 |                         className="text-sm border border-gray-300 
rounded px-2 py-1.5 focus:outline-none focus:ring-1 focus:ring-blue-400 
disabled:opacity-50"
      152 |                     />

      at printWarning 
(node_modules/react-dom/cjs/react-dom.development.js:86:30)
      at error (node_modules/react-dom/cjs/react-dom.development.js:60:7)
      at warnIfUpdatesNotWrappedWithActDEV 
(node_modules/react-dom/cjs/react-dom.development.js:27628:9)
      at scheduleUpdateOnFiber 
(node_modules/react-dom/cjs/react-dom.development.js:25547:5)
      at dispatchSetState 
(node_modules/react-dom/cjs/react-dom.development.js:16708:7)
      at onChange (src/settings/AccountCreatePage.tsx:149:40)
      at HTMLUnknownElement.callCallback 
(node_modules/react-dom/cjs/react-dom.development.js:4164:14)
      at HTMLUnknownElement.callTheUserObjectsOperation 
(node_modules/jsdom/lib/jsdom/living/generated/EventListener.js:26:30)
      at innerInvokeEventListeners 
(node_modules/jsdom/lib/jsdom/living/events/EventTarget-impl.js:350:25)
      at invokeEventListeners 
(node_modules/jsdom/lib/jsdom/living/events/EventTarget-impl.js:286:3)
      at HTMLUnknownElementImpl._dispatch 
(node_modules/jsdom/lib/jsdom/living/events/EventTarget-impl.js:233:9)
      at HTMLUnknownElementImpl.dispatchEvent 
(node_modules/jsdom/lib/jsdom/living/events/EventTarget-impl.js:104:17)
      at HTMLUnknownElement.dispatchEvent 
(node_modules/jsdom/lib/jsdom/living/generated/EventTarget.js:241:34)
      at Object.invokeGuardedCallbackDev 
(node_modules/react-dom/cjs/react-dom.development.js:4213:16)
      at invokeGuardedCallback 
(node_modules/react-dom/cjs/react-dom.development.js:4277:31)
      at invokeGuardedCallbackAndCatchFirstError 
(node_modules/react-dom/cjs/react-dom.development.js:4291:25)
      at executeDispatch 
(node_modules/react-dom/cjs/react-dom.development.js:9041:3)
      at processDispatchQueueItemsInOrder 
(node_modules/react-dom/cjs/react-dom.development.js:9073:7)
      at processDispatchQueue 
(node_modules/react-dom/cjs/react-dom.development.js:9086:5)
      at dispatchEventsForPlugins 
(node_modules/react-dom/cjs/react-dom.development.js:9097:3)
      at node_modules/react-dom/cjs/react-dom.development.js:9288:12
      at batchedUpdates$1 
(node_modules/react-dom/cjs/react-dom.development.js:26179:12)
      at batchedUpdates 
(node_modules/react-dom/cjs/react-dom.development.js:3991:12)
      at dispatchEventForPluginEventSystem 
(node_modules/react-dom/cjs/react-dom.development.js:9287:3)
      at dispatchEventWithEnableCapturePhaseSelectiveHydrationWithoutDiscreteEv
entReplay (node_modules/react-dom/cjs/react-dom.development.js:6465:5)
      at dispatchEvent 
(node_modules/react-dom/cjs/react-dom.development.js:6457:5)
      at dispatchDiscreteEvent 
(node_modules/react-dom/cjs/react-dom.development.js:6430:5)
      at HTMLDivElement.callTheUserObjectsOperation 
(node_modules/jsdom/lib/jsdom/living/generated/EventListener.js:26:30)
      at innerInvokeEventListeners 
(node_modules/jsdom/lib/jsdom/living/events/EventTarget-impl.js:350:25)
      at invokeEventListeners 
(node_modules/jsdom/lib/jsdom/living/events/EventTarget-impl.js:286:3)
      at HTMLInputElementImpl._dispatch 
(node_modules/jsdom/lib/jsdom/living/events/EventTarget-impl.js:233:9)
      at HTMLInputElementImpl.dispatchEvent 
(node_modules/jsdom/lib/jsdom/living/events/EventTarget-impl.js:104:17)
      at HTMLInputElement.dispatchEvent 
(node_modules/jsdom/lib/jsdom/living/generated/EventTarget.js:241:34)
      at 
node_modules/@testing-library/user-event/dist/cjs/event/dispatchEvent.js:45:43
      at Object.eventWrapper 
(node_modules/@testing-library/dom/dist/config.js:25:23)
      at Object.wrapEvent 
(node_modules/@testing-library/user-event/dist/cjs/event/wrapEvent.js:6:28)
      at Object.dispatchEvent (node_modules/@testing-library/user-event/dist/cj
s/event/dispatchEvent.js:45:22)
      at Object.dispatchUIEvent (node_modules/@testing-library/user-event/dist/
cjs/event/dispatchEvent.js:22:26)
      at commitInput 
(node_modules/@testing-library/user-event/dist/cjs/event/input.js:145:14)
      at editInputElement 
(node_modules/@testing-library/user-event/dist/cjs/event/input.js:115:9)
      at Object.input 
(node_modules/@testing-library/user-event/dist/cjs/event/input.js:37:9)
      at node_modules/@testing-library/user-event/dist/cjs/event/behavior/keypr
ess.js:31:26
      at Object.dispatchEvent (node_modules/@testing-library/user-event/dist/cj
s/event/dispatchEvent.js:41:13)
      at Object.dispatchUIEvent (node_modules/@testing-library/user-event/dist/
cjs/event/dispatchEvent.js:22:26)
      at KeyboardHost.keydown 
(node_modules/@testing-library/user-event/dist/cjs/system/keyboard.js:76:22)
      at keyboardAction 
(node_modules/@testing-library/user-event/dist/cjs/keyboard/index.js:22:35)
      at Object.keyboard 
(node_modules/@testing-library/user-event/dist/cjs/keyboard/index.js:11:15)
      at Object.type 
(node_modules/@testing-library/user-event/dist/cjs/utility/type.js:17:5)
      at Object.<anonymous> 
(src/settings/__tests__/AccountCreatePage.test.tsx:119:9)

    console.error
      Warning: An update to AccountCreatePage inside a test was not wrapped in 
act(...).
      
      When testing, code that causes React state updates should be wrapped 
into act(...):
      
      act(() => {
        /* fire events that update state */
      });
      /* assert on the output */
      
      This ensures that you're testing the behavior the user would see in the 
browser. Learn more at https://reactjs.org/link/wrap-tests-with-act
          at AccountCreatePage (C:\Users\samhe\OneDrive\Desktop\Cleaned\fronten
d\src\settings\AccountCreatePage.tsx:32:47)
          at routeContext (C:\Users\samhe\OneDrive\Desktop\Cleaned\frontend\nod
e_modules\react-router\lib\hooks.tsx:658:26)
          at children (C:\Users\samhe\OneDrive\Desktop\Cleaned\frontend\node_mo
dules\react-router\lib\components.tsx:512:3)
          at basenameProp (C:\Users\samhe\OneDrive\Desktop\Cleaned\frontend\nod
e_modules\react-router\lib\components.tsx:421:13)
          at basename (C:\Users\samhe\OneDrive\Desktop\Cleaned\frontend\node_mo
dules\react-router\lib\components.tsx:225:3)

      147 |                         type="email"
      148 |                         value={email}
    > 149 |                         onChange={e => setEmail(e.target.value)}
          |                                        ^
      150 |                         disabled={saving}
      151 |                         className="text-sm border border-gray-300 
rounded px-2 py-1.5 focus:outline-none focus:ring-1 focus:ring-blue-400 
disabled:opacity-50"
      152 |                     />

      at printWarning 
(node_modules/react-dom/cjs/react-dom.development.js:86:30)
      at error (node_modules/react-dom/cjs/react-dom.development.js:60:7)
      at warnIfUpdatesNotWrappedWithActDEV 
(node_modules/react-dom/cjs/react-dom.development.js:27628:9)
      at scheduleUpdateOnFiber 
(node_modules/react-dom/cjs/react-dom.development.js:25547:5)
      at dispatchSetState 
(node_modules/react-dom/cjs/react-dom.development.js:16708:7)
      at onChange (src/settings/AccountCreatePage.tsx:149:40)
      at HTMLUnknownElement.callCallback 
(node_modules/react-dom/cjs/react-dom.development.js:4164:14)
      at HTMLUnknownElement.callTheUserObjectsOperation 
(node_modules/jsdom/lib/jsdom/living/generated/EventListener.js:26:30)
      at innerInvokeEventListeners 
(node_modules/jsdom/lib/jsdom/living/events/EventTarget-impl.js:350:25)
      at invokeEventListeners 
(node_modules/jsdom/lib/jsdom/living/events/EventTarget-impl.js:286:3)
      at HTMLUnknownElementImpl._dispatch 
(node_modules/jsdom/lib/jsdom/living/events/EventTarget-impl.js:233:9)
      at HTMLUnknownElementImpl.dispatchEvent 
(node_modules/jsdom/lib/jsdom/living/events/EventTarget-impl.js:104:17)
      at HTMLUnknownElement.dispatchEvent 
(node_modules/jsdom/lib/jsdom/living/generated/EventTarget.js:241:34)
      at Object.invokeGuardedCallbackDev 
(node_modules/react-dom/cjs/react-dom.development.js:4213:16)
      at invokeGuardedCallback 
(node_modules/react-dom/cjs/react-dom.development.js:4277:31)
      at invokeGuardedCallbackAndCatchFirstError 
(node_modules/react-dom/cjs/react-dom.development.js:4291:25)
      at executeDispatch 
(node_modules/react-dom/cjs/react-dom.development.js:9041:3)
      at processDispatchQueueItemsInOrder 
(node_modules/react-dom/cjs/react-dom.development.js:9073:7)
      at processDispatchQueue 
(node_modules/react-dom/cjs/react-dom.development.js:9086:5)
      at dispatchEventsForPlugins 
(node_modules/react-dom/cjs/react-dom.development.js:9097:3)
      at node_modules/react-dom/cjs/react-dom.development.js:9288:12
      at batchedUpdates$1 
(node_modules/react-dom/cjs/react-dom.development.js:26179:12)
      at batchedUpdates 
(node_modules/react-dom/cjs/react-dom.development.js:3991:12)
      at dispatchEventForPluginEventSystem 
(node_modules/react-dom/cjs/react-dom.development.js:9287:3)
      at dispatchEventWithEnableCapturePhaseSelectiveHydrationWithoutDiscreteEv
entReplay (node_modules/react-dom/cjs/react-dom.development.js:6465:5)
      at dispatchEvent 
(node_modules/react-dom/cjs/react-dom.development.js:6457:5)
      at dispatchDiscreteEvent 
(node_modules/react-dom/cjs/react-dom.development.js:6430:5)
      at HTMLDivElement.callTheUserObjectsOperation 
(node_modules/jsdom/lib/jsdom/living/generated/EventListener.js:26:30)
      at innerInvokeEventListeners 
(node_modules/jsdom/lib/jsdom/living/events/EventTarget-impl.js:350:25)
      at invokeEventListeners 
(node_modules/jsdom/lib/jsdom/living/events/EventTarget-impl.js:286:3)
      at HTMLInputElementImpl._dispatch 
(node_modules/jsdom/lib/jsdom/living/events/EventTarget-impl.js:233:9)
      at HTMLInputElementImpl.dispatchEvent 
(node_modules/jsdom/lib/jsdom/living/events/EventTarget-impl.js:104:17)
      at HTMLInputElement.dispatchEvent 
(node_modules/jsdom/lib/jsdom/living/generated/EventTarget.js:241:34)
      at 
node_modules/@testing-library/user-event/dist/cjs/event/dispatchEvent.js:45:43
      at Object.eventWrapper 
(node_modules/@testing-library/dom/dist/config.js:25:23)
      at Object.wrapEvent 
(node_modules/@testing-library/user-event/dist/cjs/event/wrapEvent.js:6:28)
      at Object.dispatchEvent (node_modules/@testing-library/user-event/dist/cj
s/event/dispatchEvent.js:45:22)
      at Object.dispatchUIEvent (node_modules/@testing-library/user-event/dist/
cjs/event/dispatchEvent.js:22:26)
      at commitInput 
(node_modules/@testing-library/user-event/dist/cjs/event/input.js:145:14)
      at editInputElement 
(node_modules/@testing-library/user-event/dist/cjs/event/input.js:115:9)
      at Object.input 
(node_modules/@testing-library/user-event/dist/cjs/event/input.js:37:9)
      at node_modules/@testing-library/user-event/dist/cjs/event/behavior/keypr
ess.js:31:26
      at Object.dispatchEvent (node_modules/@testing-library/user-event/dist/cj
s/event/dispatchEvent.js:41:13)
      at Object.dispatchUIEvent (node_modules/@testing-library/user-event/dist/
cjs/event/dispatchEvent.js:22:26)
      at KeyboardHost.keydown 
(node_modules/@testing-library/user-event/dist/cjs/system/keyboard.js:76:22)
      at keyboardAction 
(node_modules/@testing-library/user-event/dist/cjs/keyboard/index.js:22:35)
      at Object.keyboard 
(node_modules/@testing-library/user-event/dist/cjs/keyboard/index.js:11:15)
      at Object.type 
(node_modules/@testing-library/user-event/dist/cjs/utility/type.js:17:5)
      at Object.<anonymous> 
(src/settings/__tests__/AccountCreatePage.test.tsx:119:9)

    console.error
      Warning: An update to AccountCreatePage inside a test was not wrapped in 
act(...).
      
      When testing, code that causes React state updates should be wrapped 
into act(...):
      
      act(() => {
        /* fire events that update state */
      });
      /* assert on the output */
      
      This ensures that you're testing the behavior the user would see in the 
browser. Learn more at https://reactjs.org/link/wrap-tests-with-act
          at AccountCreatePage (C:\Users\samhe\OneDrive\Desktop\Cleaned\fronten
d\src\settings\AccountCreatePage.tsx:32:47)
          at routeContext (C:\Users\samhe\OneDrive\Desktop\Cleaned\frontend\nod
e_modules\react-router\lib\hooks.tsx:658:26)
          at children (C:\Users\samhe\OneDrive\Desktop\Cleaned\frontend\node_mo
dules\react-router\lib\components.tsx:512:3)
          at basenameProp (C:\Users\samhe\OneDrive\Desktop\Cleaned\frontend\nod
e_modules\react-router\lib\components.tsx:421:13)
          at basename (C:\Users\samhe\OneDrive\Desktop\Cleaned\frontend\node_mo
dules\react-router\lib\components.tsx:225:3)

      147 |                         type="email"
      148 |                         value={email}
    > 149 |                         onChange={e => setEmail(e.target.value)}
          |                                        ^
      150 |                         disabled={saving}
      151 |                         className="text-sm border border-gray-300 
rounded px-2 py-1.5 focus:outline-none focus:ring-1 focus:ring-blue-400 
disabled:opacity-50"
      152 |                     />

      at printWarning 
(node_modules/react-dom/cjs/react-dom.development.js:86:30)
      at error (node_modules/react-dom/cjs/react-dom.development.js:60:7)
      at warnIfUpdatesNotWrappedWithActDEV 
(node_modules/react-dom/cjs/react-dom.development.js:27628:9)
      at scheduleUpdateOnFiber 
(node_modules/react-dom/cjs/react-dom.development.js:25547:5)
      at dispatchSetState 
(node_modules/react-dom/cjs/react-dom.development.js:16708:7)
      at onChange (src/settings/AccountCreatePage.tsx:149:40)
      at HTMLUnknownElement.callCallback 
(node_modules/react-dom/cjs/react-dom.development.js:4164:14)
      at HTMLUnknownElement.callTheUserObjectsOperation 
(node_modules/jsdom/lib/jsdom/living/generated/EventListener.js:26:30)
      at innerInvokeEventListeners 
(node_modules/jsdom/lib/jsdom/living/events/EventTarget-impl.js:350:25)
      at invokeEventListeners 
(node_modules/jsdom/lib/jsdom/living/events/EventTarget-impl.js:286:3)
      at HTMLUnknownElementImpl._dispatch 
(node_modules/jsdom/lib/jsdom/living/events/EventTarget-impl.js:233:9)
      at HTMLUnknownElementImpl.dispatchEvent 
(node_modules/jsdom/lib/jsdom/living/events/EventTarget-impl.js:104:17)
      at HTMLUnknownElement.dispatchEvent 
(node_modules/jsdom/lib/jsdom/living/generated/EventTarget.js:241:34)
      at Object.invokeGuardedCallbackDev 
(node_modules/react-dom/cjs/react-dom.development.js:4213:16)
      at invokeGuardedCallback 
(node_modules/react-dom/cjs/react-dom.development.js:4277:31)
      at invokeGuardedCallbackAndCatchFirstError 
(node_modules/react-dom/cjs/react-dom.development.js:4291:25)
      at executeDispatch 
(node_modules/react-dom/cjs/react-dom.development.js:9041:3)
      at processDispatchQueueItemsInOrder 
(node_modules/react-dom/cjs/react-dom.development.js:9073:7)
      at processDispatchQueue 
(node_modules/react-dom/cjs/react-dom.development.js:9086:5)
      at dispatchEventsForPlugins 
(node_modules/react-dom/cjs/react-dom.development.js:9097:3)
      at node_modules/react-dom/cjs/react-dom.development.js:9288:12
      at batchedUpdates$1 
(node_modules/react-dom/cjs/react-dom.development.js:26179:12)
      at batchedUpdates 
(node_modules/react-dom/cjs/react-dom.development.js:3991:12)
      at dispatchEventForPluginEventSystem 
(node_modules/react-dom/cjs/react-dom.development.js:9287:3)
      at dispatchEventWithEnableCapturePhaseSelectiveHydrationWithoutDiscreteEv
entReplay (node_modules/react-dom/cjs/react-dom.development.js:6465:5)
      at dispatchEvent 
(node_modules/react-dom/cjs/react-dom.development.js:6457:5)
      at dispatchDiscreteEvent 
(node_modules/react-dom/cjs/react-dom.development.js:6430:5)
      at HTMLDivElement.callTheUserObjectsOperation 
(node_modules/jsdom/lib/jsdom/living/generated/EventListener.js:26:30)
      at innerInvokeEventListeners 
(node_modules/jsdom/lib/jsdom/living/events/EventTarget-impl.js:350:25)
      at invokeEventListeners 
(node_modules/jsdom/lib/jsdom/living/events/EventTarget-impl.js:286:3)
      at HTMLInputElementImpl._dispatch 
(node_modules/jsdom/lib/jsdom/living/events/EventTarget-impl.js:233:9)
      at HTMLInputElementImpl.dispatchEvent 
(node_modules/jsdom/lib/jsdom/living/events/EventTarget-impl.js:104:17)
      at HTMLInputElement.dispatchEvent 
(node_modules/jsdom/lib/jsdom/living/generated/EventTarget.js:241:34)
      at 
node_modules/@testing-library/user-event/dist/cjs/event/dispatchEvent.js:45:43
      at Object.eventWrapper 
(node_modules/@testing-library/dom/dist/config.js:25:23)
      at Object.wrapEvent 
(node_modules/@testing-library/user-event/dist/cjs/event/wrapEvent.js:6:28)
      at Object.dispatchEvent (node_modules/@testing-library/user-event/dist/cj
s/event/dispatchEvent.js:45:22)
      at Object.dispatchUIEvent (node_modules/@testing-library/user-event/dist/
cjs/event/dispatchEvent.js:22:26)
      at commitInput 
(node_modules/@testing-library/user-event/dist/cjs/event/input.js:145:14)
      at editInputElement 
(node_modules/@testing-library/user-event/dist/cjs/event/input.js:115:9)
      at Object.input 
(node_modules/@testing-library/user-event/dist/cjs/event/input.js:37:9)
      at node_modules/@testing-library/user-event/dist/cjs/event/behavior/keypr
ess.js:31:26
      at Object.dispatchEvent (node_modules/@testing-library/user-event/dist/cj
s/event/dispatchEvent.js:41:13)
      at Object.dispatchUIEvent (node_modules/@testing-library/user-event/dist/
cjs/event/dispatchEvent.js:22:26)
      at KeyboardHost.keydown 
(node_modules/@testing-library/user-event/dist/cjs/system/keyboard.js:76:22)
      at keyboardAction 
(node_modules/@testing-library/user-event/dist/cjs/keyboard/index.js:22:35)
      at Object.keyboard 
(node_modules/@testing-library/user-event/dist/cjs/keyboard/index.js:11:15)
      at Object.type 
(node_modules/@testing-library/user-event/dist/cjs/utility/type.js:17:5)
      at Object.<anonymous> 
(src/settings/__tests__/AccountCreatePage.test.tsx:119:9)

    console.error
      Warning: An update to AccountCreatePage inside a test was not wrapped in 
act(...).
      
      When testing, code that causes React state updates should be wrapped 
into act(...):
      
      act(() => {
        /* fire events that update state */
      });
      /* assert on the output */
      
      This ensures that you're testing the behavior the user would see in the 
browser. Learn more at https://reactjs.org/link/wrap-tests-with-act
          at AccountCreatePage (C:\Users\samhe\OneDrive\Desktop\Cleaned\fronten
d\src\settings\AccountCreatePage.tsx:32:47)
          at routeContext (C:\Users\samhe\OneDrive\Desktop\Cleaned\frontend\nod
e_modules\react-router\lib\hooks.tsx:658:26)
          at children (C:\Users\samhe\OneDrive\Desktop\Cleaned\frontend\node_mo
dules\react-router\lib\components.tsx:512:3)
          at basenameProp (C:\Users\samhe\OneDrive\Desktop\Cleaned\frontend\nod
e_modules\react-router\lib\components.tsx:421:13)
          at basename (C:\Users\samhe\OneDrive\Desktop\Cleaned\frontend\node_mo
dules\react-router\lib\components.tsx:225:3)

      147 |                         type="email"
      148 |                         value={email}
    > 149 |                         onChange={e => setEmail(e.target.value)}
          |                                        ^
      150 |                         disabled={saving}
      151 |                         className="text-sm border border-gray-300 
rounded px-2 py-1.5 focus:outline-none focus:ring-1 focus:ring-blue-400 
disabled:opacity-50"
      152 |                     />

      at printWarning 
(node_modules/react-dom/cjs/react-dom.development.js:86:30)
      at error (node_modules/react-dom/cjs/react-dom.development.js:60:7)
      at warnIfUpdatesNotWrappedWithActDEV 
(node_modules/react-dom/cjs/react-dom.development.js:27628:9)
      at scheduleUpdateOnFiber 
(node_modules/react-dom/cjs/react-dom.development.js:25547:5)
      at dispatchSetState 
(node_modules/react-dom/cjs/react-dom.development.js:16708:7)
      at onChange (src/settings/AccountCreatePage.tsx:149:40)
      at HTMLUnknownElement.callCallback 
(node_modules/react-dom/cjs/react-dom.development.js:4164:14)
      at HTMLUnknownElement.callTheUserObjectsOperation 
(node_modules/jsdom/lib/jsdom/living/generated/EventListener.js:26:30)
      at innerInvokeEventListeners 
(node_modules/jsdom/lib/jsdom/living/events/EventTarget-impl.js:350:25)
      at invokeEventListeners 
(node_modules/jsdom/lib/jsdom/living/events/EventTarget-impl.js:286:3)
      at HTMLUnknownElementImpl._dispatch 
(node_modules/jsdom/lib/jsdom/living/events/EventTarget-impl.js:233:9)
      at HTMLUnknownElementImpl.dispatchEvent 
(node_modules/jsdom/lib/jsdom/living/events/EventTarget-impl.js:104:17)
      at HTMLUnknownElement.dispatchEvent 
(node_modules/jsdom/lib/jsdom/living/generated/EventTarget.js:241:34)
      at Object.invokeGuardedCallbackDev 
(node_modules/react-dom/cjs/react-dom.development.js:4213:16)
      at invokeGuardedCallback 
(node_modules/react-dom/cjs/react-dom.development.js:4277:31)
      at invokeGuardedCallbackAndCatchFirstError 
(node_modules/react-dom/cjs/react-dom.development.js:4291:25)
      at executeDispatch 
(node_modules/react-dom/cjs/react-dom.development.js:9041:3)
      at processDispatchQueueItemsInOrder 
(node_modules/react-dom/cjs/react-dom.development.js:9073:7)
      at processDispatchQueue 
(node_modules/react-dom/cjs/react-dom.development.js:9086:5)
      at dispatchEventsForPlugins 
(node_modules/react-dom/cjs/react-dom.development.js:9097:3)
      at node_modules/react-dom/cjs/react-dom.development.js:9288:12
      at batchedUpdates$1 
(node_modules/react-dom/cjs/react-dom.development.js:26179:12)
      at batchedUpdates 
(node_modules/react-dom/cjs/react-dom.development.js:3991:12)
      at dispatchEventForPluginEventSystem 
(node_modules/react-dom/cjs/react-dom.development.js:9287:3)
      at dispatchEventWithEnableCapturePhaseSelectiveHydrationWithoutDiscreteEv
entReplay (node_modules/react-dom/cjs/react-dom.development.js:6465:5)
      at dispatchEvent 
(node_modules/react-dom/cjs/react-dom.development.js:6457:5)
      at dispatchDiscreteEvent 
(node_modules/react-dom/cjs/react-dom.development.js:6430:5)
      at HTMLDivElement.callTheUserObjectsOperation 
(node_modules/jsdom/lib/jsdom/living/generated/EventListener.js:26:30)
      at innerInvokeEventListeners 
(node_modules/jsdom/lib/jsdom/living/events/EventTarget-impl.js:350:25)
      at invokeEventListeners 
(node_modules/jsdom/lib/jsdom/living/events/EventTarget-impl.js:286:3)
      at HTMLInputElementImpl._dispatch 
(node_modules/jsdom/lib/jsdom/living/events/EventTarget-impl.js:233:9)
      at HTMLInputElementImpl.dispatchEvent 
(node_modules/jsdom/lib/jsdom/living/events/EventTarget-impl.js:104:17)
      at HTMLInputElement.dispatchEvent 
(node_modules/jsdom/lib/jsdom/living/generated/EventTarget.js:241:34)
      at 
node_modules/@testing-library/user-event/dist/cjs/event/dispatchEvent.js:45:43
      at Object.eventWrapper 
(node_modules/@testing-library/dom/dist/config.js:25:23)
      at Object.wrapEvent 
(node_modules/@testing-library/user-event/dist/cjs/event/wrapEvent.js:6:28)
      at Object.dispatchEvent (node_modules/@testing-library/user-event/dist/cj
s/event/dispatchEvent.js:45:22)
      at Object.dispatchUIEvent (node_modules/@testing-library/user-event/dist/
cjs/event/dispatchEvent.js:22:26)
      at commitInput 
(node_modules/@testing-library/user-event/dist/cjs/event/input.js:145:14)
      at editInputElement 
(node_modules/@testing-library/user-event/dist/cjs/event/input.js:115:9)
      at Object.input 
(node_modules/@testing-library/user-event/dist/cjs/event/input.js:37:9)
      at node_modules/@testing-library/user-event/dist/cjs/event/behavior/keypr
ess.js:31:26
      at Object.dispatchEvent (node_modules/@testing-library/user-event/dist/cj
s/event/dispatchEvent.js:41:13)
      at Object.dispatchUIEvent (node_modules/@testing-library/user-event/dist/
cjs/event/dispatchEvent.js:22:26)
      at KeyboardHost.keydown 
(node_modules/@testing-library/user-event/dist/cjs/system/keyboard.js:76:22)
      at keyboardAction 
(node_modules/@testing-library/user-event/dist/cjs/keyboard/index.js:22:35)
      at Object.keyboard 
(node_modules/@testing-library/user-event/dist/cjs/keyboard/index.js:11:15)
      at Object.type 
(node_modules/@testing-library/user-event/dist/cjs/utility/type.js:17:5)
      at Object.<anonymous> 
(src/settings/__tests__/AccountCreatePage.test.tsx:119:9)

    console.error
      Warning: An update to AccountCreatePage inside a test was not wrapped in 
act(...).
      
      When testing, code that causes React state updates should be wrapped 
into act(...):
      
      act(() => {
        /* fire events that update state */
      });
      /* assert on the output */
      
      This ensures that you're testing the behavior the user would see in the 
browser. Learn more at https://reactjs.org/link/wrap-tests-with-act
          at AccountCreatePage (C:\Users\samhe\OneDrive\Desktop\Cleaned\fronten
d\src\settings\AccountCreatePage.tsx:32:47)
          at routeContext (C:\Users\samhe\OneDrive\Desktop\Cleaned\frontend\nod
e_modules\react-router\lib\hooks.tsx:658:26)
          at children (C:\Users\samhe\OneDrive\Desktop\Cleaned\frontend\node_mo
dules\react-router\lib\components.tsx:512:3)
          at basenameProp (C:\Users\samhe\OneDrive\Desktop\Cleaned\frontend\nod
e_modules\react-router\lib\components.tsx:421:13)
          at basename (C:\Users\samhe\OneDrive\Desktop\Cleaned\frontend\node_mo
dules\react-router\lib\components.tsx:225:3)

      147 |                         type="email"
      148 |                         value={email}
    > 149 |                         onChange={e => setEmail(e.target.value)}
          |                                        ^
      150 |                         disabled={saving}
      151 |                         className="text-sm border border-gray-300 
rounded px-2 py-1.5 focus:outline-none focus:ring-1 focus:ring-blue-400 
disabled:opacity-50"
      152 |                     />

      at printWarning 
(node_modules/react-dom/cjs/react-dom.development.js:86:30)
      at error (node_modules/react-dom/cjs/react-dom.development.js:60:7)
      at warnIfUpdatesNotWrappedWithActDEV 
(node_modules/react-dom/cjs/react-dom.development.js:27628:9)
      at scheduleUpdateOnFiber 
(node_modules/react-dom/cjs/react-dom.development.js:25547:5)
      at dispatchSetState 
(node_modules/react-dom/cjs/react-dom.development.js:16708:7)
      at onChange (src/settings/AccountCreatePage.tsx:149:40)
      at HTMLUnknownElement.callCallback 
(node_modules/react-dom/cjs/react-dom.development.js:4164:14)
      at HTMLUnknownElement.callTheUserObjectsOperation 
(node_modules/jsdom/lib/jsdom/living/generated/EventListener.js:26:30)
      at innerInvokeEventListeners 
(node_modules/jsdom/lib/jsdom/living/events/EventTarget-impl.js:350:25)
      at invokeEventListeners 
(node_modules/jsdom/lib/jsdom/living/events/EventTarget-impl.js:286:3)
      at HTMLUnknownElementImpl._dispatch 
(node_modules/jsdom/lib/jsdom/living/events/EventTarget-impl.js:233:9)
      at HTMLUnknownElementImpl.dispatchEvent 
(node_modules/jsdom/lib/jsdom/living/events/EventTarget-impl.js:104:17)
      at HTMLUnknownElement.dispatchEvent 
(node_modules/jsdom/lib/jsdom/living/generated/EventTarget.js:241:34)
      at Object.invokeGuardedCallbackDev 
(node_modules/react-dom/cjs/react-dom.development.js:4213:16)
      at invokeGuardedCallback 
(node_modules/react-dom/cjs/react-dom.development.js:4277:31)
      at invokeGuardedCallbackAndCatchFirstError 
(node_modules/react-dom/cjs/react-dom.development.js:4291:25)
      at executeDispatch 
(node_modules/react-dom/cjs/react-dom.development.js:9041:3)
      at processDispatchQueueItemsInOrder 
(node_modules/react-dom/cjs/react-dom.development.js:9073:7)
      at processDispatchQueue 
(node_modules/react-dom/cjs/react-dom.development.js:9086:5)
      at dispatchEventsForPlugins 
(node_modules/react-dom/cjs/react-dom.development.js:9097:3)
      at node_modules/react-dom/cjs/react-dom.development.js:9288:12
      at batchedUpdates$1 
(node_modules/react-dom/cjs/react-dom.development.js:26179:12)
      at batchedUpdates 
(node_modules/react-dom/cjs/react-dom.development.js:3991:12)
      at dispatchEventForPluginEventSystem 
(node_modules/react-dom/cjs/react-dom.development.js:9287:3)
      at dispatchEventWithEnableCapturePhaseSelectiveHydrationWithoutDiscreteEv
entReplay (node_modules/react-dom/cjs/react-dom.development.js:6465:5)
      at dispatchEvent 
(node_modules/react-dom/cjs/react-dom.development.js:6457:5)
      at dispatchDiscreteEvent 
(node_modules/react-dom/cjs/react-dom.development.js:6430:5)
      at HTMLDivElement.callTheUserObjectsOperation 
(node_modules/jsdom/lib/jsdom/living/generated/EventListener.js:26:30)
      at innerInvokeEventListeners 
(node_modules/jsdom/lib/jsdom/living/events/EventTarget-impl.js:350:25)
      at invokeEventListeners 
(node_modules/jsdom/lib/jsdom/living/events/EventTarget-impl.js:286:3)
      at HTMLInputElementImpl._dispatch 
(node_modules/jsdom/lib/jsdom/living/events/EventTarget-impl.js:233:9)
      at HTMLInputElementImpl.dispatchEvent 
(node_modules/jsdom/lib/jsdom/living/events/EventTarget-impl.js:104:17)
      at HTMLInputElement.dispatchEvent 
(node_modules/jsdom/lib/jsdom/living/generated/EventTarget.js:241:34)
      at 
node_modules/@testing-library/user-event/dist/cjs/event/dispatchEvent.js:45:43
      at Object.eventWrapper 
(node_modules/@testing-library/dom/dist/config.js:25:23)
      at Object.wrapEvent 
(node_modules/@testing-library/user-event/dist/cjs/event/wrapEvent.js:6:28)
      at Object.dispatchEvent (node_modules/@testing-library/user-event/dist/cj
s/event/dispatchEvent.js:45:22)
      at Object.dispatchUIEvent (node_modules/@testing-library/user-event/dist/
cjs/event/dispatchEvent.js:22:26)
      at commitInput 
(node_modules/@testing-library/user-event/dist/cjs/event/input.js:145:14)
      at editInputElement 
(node_modules/@testing-library/user-event/dist/cjs/event/input.js:115:9)
      at Object.input 
(node_modules/@testing-library/user-event/dist/cjs/event/input.js:37:9)
      at node_modules/@testing-library/user-event/dist/cjs/event/behavior/keypr
ess.js:31:26
      at Object.dispatchEvent (node_modules/@testing-library/user-event/dist/cj
s/event/dispatchEvent.js:41:13)
      at Object.dispatchUIEvent (node_modules/@testing-library/user-event/dist/
cjs/event/dispatchEvent.js:22:26)
      at KeyboardHost.keydown 
(node_modules/@testing-library/user-event/dist/cjs/system/keyboard.js:76:22)
      at keyboardAction 
(node_modules/@testing-library/user-event/dist/cjs/keyboard/index.js:22:35)
      at Object.keyboard 
(node_modules/@testing-library/user-event/dist/cjs/keyboard/index.js:11:15)
      at Object.type 
(node_modules/@testing-library/user-event/dist/cjs/utility/type.js:17:5)
      at Object.<anonymous> 
(src/settings/__tests__/AccountCreatePage.test.tsx:119:9)

    console.error
      Warning: An update to AccountCreatePage inside a test was not wrapped in 
act(...).
      
      When testing, code that causes React state updates should be wrapped 
into act(...):
      
      act(() => {
        /* fire events that update state */
      });
      /* assert on the output */
      
      This ensures that you're testing the behavior the user would see in the 
browser. Learn more at https://reactjs.org/link/wrap-tests-with-act
          at AccountCreatePage (C:\Users\samhe\OneDrive\Desktop\Cleaned\fronten
d\src\settings\AccountCreatePage.tsx:32:47)
          at routeContext (C:\Users\samhe\OneDrive\Desktop\Cleaned\frontend\nod
e_modules\react-router\lib\hooks.tsx:658:26)
          at children (C:\Users\samhe\OneDrive\Desktop\Cleaned\frontend\node_mo
dules\react-router\lib\components.tsx:512:3)
          at basenameProp (C:\Users\samhe\OneDrive\Desktop\Cleaned\frontend\nod
e_modules\react-router\lib\components.tsx:421:13)
          at basename (C:\Users\samhe\OneDrive\Desktop\Cleaned\frontend\node_mo
dules\react-router\lib\components.tsx:225:3)

      147 |                         type="email"
      148 |                         value={email}
    > 149 |                         onChange={e => setEmail(e.target.value)}
          |                                        ^
      150 |                         disabled={saving}
      151 |                         className="text-sm border border-gray-300 
rounded px-2 py-1.5 focus:outline-none focus:ring-1 focus:ring-blue-400 
disabled:opacity-50"
      152 |                     />

      at printWarning 
(node_modules/react-dom/cjs/react-dom.development.js:86:30)
      at error (node_modules/react-dom/cjs/react-dom.development.js:60:7)
      at warnIfUpdatesNotWrappedWithActDEV 
(node_modules/react-dom/cjs/react-dom.development.js:27628:9)
      at scheduleUpdateOnFiber 
(node_modules/react-dom/cjs/react-dom.development.js:25547:5)
      at dispatchSetState 
(node_modules/react-dom/cjs/react-dom.development.js:16708:7)
      at onChange (src/settings/AccountCreatePage.tsx:149:40)
      at HTMLUnknownElement.callCallback 
(node_modules/react-dom/cjs/react-dom.development.js:4164:14)
      at HTMLUnknownElement.callTheUserObjectsOperation 
(node_modules/jsdom/lib/jsdom/living/generated/EventListener.js:26:30)
      at innerInvokeEventListeners 
(node_modules/jsdom/lib/jsdom/living/events/EventTarget-impl.js:350:25)
      at invokeEventListeners 
(node_modules/jsdom/lib/jsdom/living/events/EventTarget-impl.js:286:3)
      at HTMLUnknownElementImpl._dispatch 
(node_modules/jsdom/lib/jsdom/living/events/EventTarget-impl.js:233:9)
      at HTMLUnknownElementImpl.dispatchEvent 
(node_modules/jsdom/lib/jsdom/living/events/EventTarget-impl.js:104:17)
      at HTMLUnknownElement.dispatchEvent 
(node_modules/jsdom/lib/jsdom/living/generated/EventTarget.js:241:34)
      at Object.invokeGuardedCallbackDev 
(node_modules/react-dom/cjs/react-dom.development.js:4213:16)
      at invokeGuardedCallback 
(node_modules/react-dom/cjs/react-dom.development.js:4277:31)
      at invokeGuardedCallbackAndCatchFirstError 
(node_modules/react-dom/cjs/react-dom.development.js:4291:25)
      at executeDispatch 
(node_modules/react-dom/cjs/react-dom.development.js:9041:3)
      at processDispatchQueueItemsInOrder 
(node_modules/react-dom/cjs/react-dom.development.js:9073:7)
      at processDispatchQueue 
(node_modules/react-dom/cjs/react-dom.development.js:9086:5)
      at dispatchEventsForPlugins 
(node_modules/react-dom/cjs/react-dom.development.js:9097:3)
      at node_modules/react-dom/cjs/react-dom.development.js:9288:12
      at batchedUpdates$1 
(node_modules/react-dom/cjs/react-dom.development.js:26179:12)
      at batchedUpdates 
(node_modules/react-dom/cjs/react-dom.development.js:3991:12)
      at dispatchEventForPluginEventSystem 
(node_modules/react-dom/cjs/react-dom.development.js:9287:3)
      at dispatchEventWithEnableCapturePhaseSelectiveHydrationWithoutDiscreteEv
entReplay (node_modules/react-dom/cjs/react-dom.development.js:6465:5)
      at dispatchEvent 
(node_modules/react-dom/cjs/react-dom.development.js:6457:5)
      at dispatchDiscreteEvent 
(node_modules/react-dom/cjs/react-dom.development.js:6430:5)
      at HTMLDivElement.callTheUserObjectsOperation 
(node_modules/jsdom/lib/jsdom/living/generated/EventListener.js:26:30)
      at innerInvokeEventListeners 
(node_modules/jsdom/lib/jsdom/living/events/EventTarget-impl.js:350:25)
      at invokeEventListeners 
(node_modules/jsdom/lib/jsdom/living/events/EventTarget-impl.js:286:3)
      at HTMLInputElementImpl._dispatch 
(node_modules/jsdom/lib/jsdom/living/events/EventTarget-impl.js:233:9)
      at HTMLInputElementImpl.dispatchEvent 
(node_modules/jsdom/lib/jsdom/living/events/EventTarget-impl.js:104:17)
      at HTMLInputElement.dispatchEvent 
(node_modules/jsdom/lib/jsdom/living/generated/EventTarget.js:241:34)
      at 
node_modules/@testing-library/user-event/dist/cjs/event/dispatchEvent.js:45:43
      at Object.eventWrapper 
(node_modules/@testing-library/dom/dist/config.js:25:23)
      at Object.wrapEvent 
(node_modules/@testing-library/user-event/dist/cjs/event/wrapEvent.js:6:28)
      at Object.dispatchEvent (node_modules/@testing-library/user-event/dist/cj
s/event/dispatchEvent.js:45:22)
      at Object.dispatchUIEvent (node_modules/@testing-library/user-event/dist/
cjs/event/dispatchEvent.js:22:26)
      at commitInput 
(node_modules/@testing-library/user-event/dist/cjs/event/input.js:145:14)
      at editInputElement 
(node_modules/@testing-library/user-event/dist/cjs/event/input.js:115:9)
      at Object.input 
(node_modules/@testing-library/user-event/dist/cjs/event/input.js:37:9)
      at node_modules/@testing-library/user-event/dist/cjs/event/behavior/keypr
ess.js:31:26
      at Object.dispatchEvent (node_modules/@testing-library/user-event/dist/cj
s/event/dispatchEvent.js:41:13)
      at Object.dispatchUIEvent (node_modules/@testing-library/user-event/dist/
cjs/event/dispatchEvent.js:22:26)
      at KeyboardHost.keydown 
(node_modules/@testing-library/user-event/dist/cjs/system/keyboard.js:76:22)
      at keyboardAction 
(node_modules/@testing-library/user-event/dist/cjs/keyboard/index.js:22:35)
      at Object.keyboard 
(node_modules/@testing-library/user-event/dist/cjs/keyboard/index.js:11:15)
      at Object.type 
(node_modules/@testing-library/user-event/dist/cjs/utility/type.js:17:5)
      at Object.<anonymous> 
(src/settings/__tests__/AccountCreatePage.test.tsx:119:9)

    console.error
      Warning: An update to AccountCreatePage inside a test was not wrapped in 
act(...).
      
      When testing, code that causes React state updates should be wrapped 
into act(...):
      
      act(() => {
        /* fire events that update state */
      });
      /* assert on the output */
      
      This ensures that you're testing the behavior the user would see in the 
browser. Learn more at https://reactjs.org/link/wrap-tests-with-act
          at AccountCreatePage (C:\Users\samhe\OneDrive\Desktop\Cleaned\fronten
d\src\settings\AccountCreatePage.tsx:32:47)
          at routeContext (C:\Users\samhe\OneDrive\Desktop\Cleaned\frontend\nod
e_modules\react-router\lib\hooks.tsx:658:26)
          at children (C:\Users\samhe\OneDrive\Desktop\Cleaned\frontend\node_mo
dules\react-router\lib\components.tsx:512:3)
          at basenameProp (C:\Users\samhe\OneDrive\Desktop\Cleaned\frontend\nod
e_modules\react-router\lib\components.tsx:421:13)
          at basename (C:\Users\samhe\OneDrive\Desktop\Cleaned\frontend\node_mo
dules\react-router\lib\components.tsx:225:3)

      147 |                         type="email"
      148 |                         value={email}
    > 149 |                         onChange={e => setEmail(e.target.value)}
          |                                        ^
      150 |                         disabled={saving}
      151 |                         className="text-sm border border-gray-300 
rounded px-2 py-1.5 focus:outline-none focus:ring-1 focus:ring-blue-400 
disabled:opacity-50"
      152 |                     />

      at printWarning 
(node_modules/react-dom/cjs/react-dom.development.js:86:30)
      at error (node_modules/react-dom/cjs/react-dom.development.js:60:7)
      at warnIfUpdatesNotWrappedWithActDEV 
(node_modules/react-dom/cjs/react-dom.development.js:27628:9)
      at scheduleUpdateOnFiber 
(node_modules/react-dom/cjs/react-dom.development.js:25547:5)
      at dispatchSetState 
(node_modules/react-dom/cjs/react-dom.development.js:16708:7)
      at onChange (src/settings/AccountCreatePage.tsx:149:40)
      at HTMLUnknownElement.callCallback 
(node_modules/react-dom/cjs/react-dom.development.js:4164:14)
      at HTMLUnknownElement.callTheUserObjectsOperation 
(node_modules/jsdom/lib/jsdom/living/generated/EventListener.js:26:30)
      at innerInvokeEventListeners 
(node_modules/jsdom/lib/jsdom/living/events/EventTarget-impl.js:350:25)
      at invokeEventListeners 
(node_modules/jsdom/lib/jsdom/living/events/EventTarget-impl.js:286:3)
      at HTMLUnknownElementImpl._dispatch 
(node_modules/jsdom/lib/jsdom/living/events/EventTarget-impl.js:233:9)
      at HTMLUnknownElementImpl.dispatchEvent 
(node_modules/jsdom/lib/jsdom/living/events/EventTarget-impl.js:104:17)
      at HTMLUnknownElement.dispatchEvent 
(node_modules/jsdom/lib/jsdom/living/generated/EventTarget.js:241:34)
      at Object.invokeGuardedCallbackDev 
(node_modules/react-dom/cjs/react-dom.development.js:4213:16)
      at invokeGuardedCallback 
(node_modules/react-dom/cjs/react-dom.development.js:4277:31)
      at invokeGuardedCallbackAndCatchFirstError 
(node_modules/react-dom/cjs/react-dom.development.js:4291:25)
      at executeDispatch 
(node_modules/react-dom/cjs/react-dom.development.js:9041:3)
      at processDispatchQueueItemsInOrder 
(node_modules/react-dom/cjs/react-dom.development.js:9073:7)
      at processDispatchQueue 
(node_modules/react-dom/cjs/react-dom.development.js:9086:5)
      at dispatchEventsForPlugins 
(node_modules/react-dom/cjs/react-dom.development.js:9097:3)
      at node_modules/react-dom/cjs/react-dom.development.js:9288:12
      at batchedUpdates$1 
(node_modules/react-dom/cjs/react-dom.development.js:26179:12)
      at batchedUpdates 
(node_modules/react-dom/cjs/react-dom.development.js:3991:12)
      at dispatchEventForPluginEventSystem 
(node_modules/react-dom/cjs/react-dom.development.js:9287:3)
      at dispatchEventWithEnableCapturePhaseSelectiveHydrationWithoutDiscreteEv
entReplay (node_modules/react-dom/cjs/react-dom.development.js:6465:5)
      at dispatchEvent 
(node_modules/react-dom/cjs/react-dom.development.js:6457:5)
      at dispatchDiscreteEvent 
(node_modules/react-dom/cjs/react-dom.development.js:6430:5)
      at HTMLDivElement.callTheUserObjectsOperation 
(node_modules/jsdom/lib/jsdom/living/generated/EventListener.js:26:30)
      at innerInvokeEventListeners 
(node_modules/jsdom/lib/jsdom/living/events/EventTarget-impl.js:350:25)
      at invokeEventListeners 
(node_modules/jsdom/lib/jsdom/living/events/EventTarget-impl.js:286:3)
      at HTMLInputElementImpl._dispatch 
(node_modules/jsdom/lib/jsdom/living/events/EventTarget-impl.js:233:9)
      at HTMLInputElementImpl.dispatchEvent 
(node_modules/jsdom/lib/jsdom/living/events/EventTarget-impl.js:104:17)
      at HTMLInputElement.dispatchEvent 
(node_modules/jsdom/lib/jsdom/living/generated/EventTarget.js:241:34)
      at 
node_modules/@testing-library/user-event/dist/cjs/event/dispatchEvent.js:45:43
      at Object.eventWrapper 
(node_modules/@testing-library/dom/dist/config.js:25:23)
      at Object.wrapEvent 
(node_modules/@testing-library/user-event/dist/cjs/event/wrapEvent.js:6:28)
      at Object.dispatchEvent (node_modules/@testing-library/user-event/dist/cj
s/event/dispatchEvent.js:45:22)
      at Object.dispatchUIEvent (node_modules/@testing-library/user-event/dist/
cjs/event/dispatchEvent.js:22:26)
      at commitInput 
(node_modules/@testing-library/user-event/dist/cjs/event/input.js:145:14)
      at editInputElement 
(node_modules/@testing-library/user-event/dist/cjs/event/input.js:115:9)
      at Object.input 
(node_modules/@testing-library/user-event/dist/cjs/event/input.js:37:9)
      at node_modules/@testing-library/user-event/dist/cjs/event/behavior/keypr
ess.js:31:26
      at Object.dispatchEvent (node_modules/@testing-library/user-event/dist/cj
s/event/dispatchEvent.js:41:13)
      at Object.dispatchUIEvent (node_modules/@testing-library/user-event/dist/
cjs/event/dispatchEvent.js:22:26)
      at KeyboardHost.keydown 
(node_modules/@testing-library/user-event/dist/cjs/system/keyboard.js:76:22)
      at keyboardAction 
(node_modules/@testing-library/user-event/dist/cjs/keyboard/index.js:22:35)
      at Object.keyboard 
(node_modules/@testing-library/user-event/dist/cjs/keyboard/index.js:11:15)
      at Object.type 
(node_modules/@testing-library/user-event/dist/cjs/utility/type.js:17:5)
      at Object.<anonymous> 
(src/settings/__tests__/AccountCreatePage.test.tsx:119:9)

    console.error
      Warning: An update to AccountCreatePage inside a test was not wrapped in 
act(...).
      
      When testing, code that causes React state updates should be wrapped 
into act(...):
      
      act(() => {
        /* fire events that update state */
      });
      /* assert on the output */
      
      This ensures that you're testing the behavior the user would see in the 
browser. Learn more at https://reactjs.org/link/wrap-tests-with-act
          at AccountCreatePage (C:\Users\samhe\OneDrive\Desktop\Cleaned\fronten
d\src\settings\AccountCreatePage.tsx:32:47)
          at routeContext (C:\Users\samhe\OneDrive\Desktop\Cleaned\frontend\nod
e_modules\react-router\lib\hooks.tsx:658:26)
          at children (C:\Users\samhe\OneDrive\Desktop\Cleaned\frontend\node_mo
dules\react-router\lib\components.tsx:512:3)
          at basenameProp (C:\Users\samhe\OneDrive\Desktop\Cleaned\frontend\nod
e_modules\react-router\lib\components.tsx:421:13)
          at basename (C:\Users\samhe\OneDrive\Desktop\Cleaned\frontend\node_mo
dules\react-router\lib\components.tsx:225:3)

      147 |                         type="email"
      148 |                         value={email}
    > 149 |                         onChange={e => setEmail(e.target.value)}
          |                                        ^
      150 |                         disabled={saving}
      151 |                         className="text-sm border border-gray-300 
rounded px-2 py-1.5 focus:outline-none focus:ring-1 focus:ring-blue-400 
disabled:opacity-50"
      152 |                     />

      at printWarning 
(node_modules/react-dom/cjs/react-dom.development.js:86:30)
      at error (node_modules/react-dom/cjs/react-dom.development.js:60:7)
      at warnIfUpdatesNotWrappedWithActDEV 
(node_modules/react-dom/cjs/react-dom.development.js:27628:9)
      at scheduleUpdateOnFiber 
(node_modules/react-dom/cjs/react-dom.development.js:25547:5)
      at dispatchSetState 
(node_modules/react-dom/cjs/react-dom.development.js:16708:7)
      at onChange (src/settings/AccountCreatePage.tsx:149:40)
      at HTMLUnknownElement.callCallback 
(node_modules/react-dom/cjs/react-dom.development.js:4164:14)
      at HTMLUnknownElement.callTheUserObjectsOperation 
(node_modules/jsdom/lib/jsdom/living/generated/EventListener.js:26:30)
      at innerInvokeEventListeners 
(node_modules/jsdom/lib/jsdom/living/events/EventTarget-impl.js:350:25)
      at invokeEventListeners 
(node_modules/jsdom/lib/jsdom/living/events/EventTarget-impl.js:286:3)
      at HTMLUnknownElementImpl._dispatch 
(node_modules/jsdom/lib/jsdom/living/events/EventTarget-impl.js:233:9)
      at HTMLUnknownElementImpl.dispatchEvent 
(node_modules/jsdom/lib/jsdom/living/events/EventTarget-impl.js:104:17)
      at HTMLUnknownElement.dispatchEvent 
(node_modules/jsdom/lib/jsdom/living/generated/EventTarget.js:241:34)
      at Object.invokeGuardedCallbackDev 
(node_modules/react-dom/cjs/react-dom.development.js:4213:16)
      at invokeGuardedCallback 
(node_modules/react-dom/cjs/react-dom.development.js:4277:31)
      at invokeGuardedCallbackAndCatchFirstError 
(node_modules/react-dom/cjs/react-dom.development.js:4291:25)
      at executeDispatch 
(node_modules/react-dom/cjs/react-dom.development.js:9041:3)
      at processDispatchQueueItemsInOrder 
(node_modules/react-dom/cjs/react-dom.development.js:9073:7)
      at processDispatchQueue 
(node_modules/react-dom/cjs/react-dom.development.js:9086:5)
      at dispatchEventsForPlugins 
(node_modules/react-dom/cjs/react-dom.development.js:9097:3)
      at node_modules/react-dom/cjs/react-dom.development.js:9288:12
      at batchedUpdates$1 
(node_modules/react-dom/cjs/react-dom.development.js:26179:12)
      at batchedUpdates 
(node_modules/react-dom/cjs/react-dom.development.js:3991:12)
      at dispatchEventForPluginEventSystem 
(node_modules/react-dom/cjs/react-dom.development.js:9287:3)
      at dispatchEventWithEnableCapturePhaseSelectiveHydrationWithoutDiscreteEv
entReplay (node_modules/react-dom/cjs/react-dom.development.js:6465:5)
      at dispatchEvent 
(node_modules/react-dom/cjs/react-dom.development.js:6457:5)
      at dispatchDiscreteEvent 
(node_modules/react-dom/cjs/react-dom.development.js:6430:5)
      at HTMLDivElement.callTheUserObjectsOperation 
(node_modules/jsdom/lib/jsdom/living/generated/EventListener.js:26:30)
      at innerInvokeEventListeners 
(node_modules/jsdom/lib/jsdom/living/events/EventTarget-impl.js:350:25)
      at invokeEventListeners 
(node_modules/jsdom/lib/jsdom/living/events/EventTarget-impl.js:286:3)
      at HTMLInputElementImpl._dispatch 
(node_modules/jsdom/lib/jsdom/living/events/EventTarget-impl.js:233:9)
      at HTMLInputElementImpl.dispatchEvent 
(node_modules/jsdom/lib/jsdom/living/events/EventTarget-impl.js:104:17)
      at HTMLInputElement.dispatchEvent 
(node_modules/jsdom/lib/jsdom/living/generated/EventTarget.js:241:34)
      at 
node_modules/@testing-library/user-event/dist/cjs/event/dispatchEvent.js:45:43
      at Object.eventWrapper 
(node_modules/@testing-library/dom/dist/config.js:25:23)
      at Object.wrapEvent 
(node_modules/@testing-library/user-event/dist/cjs/event/wrapEvent.js:6:28)
      at Object.dispatchEvent (node_modules/@testing-library/user-event/dist/cj
s/event/dispatchEvent.js:45:22)
      at Object.dispatchUIEvent (node_modules/@testing-library/user-event/dist/
cjs/event/dispatchEvent.js:22:26)
      at commitInput 
(node_modules/@testing-library/user-event/dist/cjs/event/input.js:145:14)
      at editInputElement 
(node_modules/@testing-library/user-event/dist/cjs/event/input.js:115:9)
      at Object.input 
(node_modules/@testing-library/user-event/dist/cjs/event/input.js:37:9)
      at node_modules/@testing-library/user-event/dist/cjs/event/behavior/keypr
ess.js:31:26
      at Object.dispatchEvent (node_modules/@testing-library/user-event/dist/cj
s/event/dispatchEvent.js:41:13)
      at Object.dispatchUIEvent (node_modules/@testing-library/user-event/dist/
cjs/event/dispatchEvent.js:22:26)
      at KeyboardHost.keydown 
(node_modules/@testing-library/user-event/dist/cjs/system/keyboard.js:76:22)
      at keyboardAction 
(node_modules/@testing-library/user-event/dist/cjs/keyboard/index.js:22:35)
      at Object.keyboard 
(node_modules/@testing-library/user-event/dist/cjs/keyboard/index.js:11:15)
      at Object.type 
(node_modules/@testing-library/user-event/dist/cjs/utility/type.js:17:5)
      at Object.<anonymous> 
(src/settings/__tests__/AccountCreatePage.test.tsx:119:9)

    console.error
      Warning: An update to AccountCreatePage inside a test was not wrapped in 
act(...).
      
      When testing, code that causes React state updates should be wrapped 
into act(...):
      
      act(() => {
        /* fire events that update state */
      });
      /* assert on the output */
      
      This ensures that you're testing the behavior the user would see in the 
browser. Learn more at https://reactjs.org/link/wrap-tests-with-act
          at AccountCreatePage (C:\Users\samhe\OneDrive\Desktop\Cleaned\fronten
d\src\settings\AccountCreatePage.tsx:32:47)
          at routeContext (C:\Users\samhe\OneDrive\Desktop\Cleaned\frontend\nod
e_modules\react-router\lib\hooks.tsx:658:26)
          at children (C:\Users\samhe\OneDrive\Desktop\Cleaned\frontend\node_mo
dules\react-router\lib\components.tsx:512:3)
          at basenameProp (C:\Users\samhe\OneDrive\Desktop\Cleaned\frontend\nod
e_modules\react-router\lib\components.tsx:421:13)
          at basename (C:\Users\samhe\OneDrive\Desktop\Cleaned\frontend\node_mo
dules\react-router\lib\components.tsx:225:3)

      147 |                         type="email"
      148 |                         value={email}
    > 149 |                         onChange={e => setEmail(e.target.value)}
          |                                        ^
      150 |                         disabled={saving}
      151 |                         className="text-sm border border-gray-300 
rounded px-2 py-1.5 focus:outline-none focus:ring-1 focus:ring-blue-400 
disabled:opacity-50"
      152 |                     />

      at printWarning 
(node_modules/react-dom/cjs/react-dom.development.js:86:30)
      at error (node_modules/react-dom/cjs/react-dom.development.js:60:7)
      at warnIfUpdatesNotWrappedWithActDEV 
(node_modules/react-dom/cjs/react-dom.development.js:27628:9)
      at scheduleUpdateOnFiber 
(node_modules/react-dom/cjs/react-dom.development.js:25547:5)
      at dispatchSetState 
(node_modules/react-dom/cjs/react-dom.development.js:16708:7)
      at onChange (src/settings/AccountCreatePage.tsx:149:40)
      at HTMLUnknownElement.callCallback 
(node_modules/react-dom/cjs/react-dom.development.js:4164:14)
      at HTMLUnknownElement.callTheUserObjectsOperation 
(node_modules/jsdom/lib/jsdom/living/generated/EventListener.js:26:30)
      at innerInvokeEventListeners 
(node_modules/jsdom/lib/jsdom/living/events/EventTarget-impl.js:350:25)
      at invokeEventListeners 
(node_modules/jsdom/lib/jsdom/living/events/EventTarget-impl.js:286:3)
      at HTMLUnknownElementImpl._dispatch 
(node_modules/jsdom/lib/jsdom/living/events/EventTarget-impl.js:233:9)
      at HTMLUnknownElementImpl.dispatchEvent 
(node_modules/jsdom/lib/jsdom/living/events/EventTarget-impl.js:104:17)
      at HTMLUnknownElement.dispatchEvent 
(node_modules/jsdom/lib/jsdom/living/generated/EventTarget.js:241:34)
      at Object.invokeGuardedCallbackDev 
(node_modules/react-dom/cjs/react-dom.development.js:4213:16)
      at invokeGuardedCallback 
(node_modules/react-dom/cjs/react-dom.development.js:4277:31)
      at invokeGuardedCallbackAndCatchFirstError 
(node_modules/react-dom/cjs/react-dom.development.js:4291:25)
      at executeDispatch 
(node_modules/react-dom/cjs/react-dom.development.js:9041:3)
      at processDispatchQueueItemsInOrder 
(node_modules/react-dom/cjs/react-dom.development.js:9073:7)
      at processDispatchQueue 
(node_modules/react-dom/cjs/react-dom.development.js:9086:5)
      at dispatchEventsForPlugins 
(node_modules/react-dom/cjs/react-dom.development.js:9097:3)
      at node_modules/react-dom/cjs/react-dom.development.js:9288:12
      at batchedUpdates$1 
(node_modules/react-dom/cjs/react-dom.development.js:26179:12)
      at batchedUpdates 
(node_modules/react-dom/cjs/react-dom.development.js:3991:12)
      at dispatchEventForPluginEventSystem 
(node_modules/react-dom/cjs/react-dom.development.js:9287:3)
      at dispatchEventWithEnableCapturePhaseSelectiveHydrationWithoutDiscreteEv
entReplay (node_modules/react-dom/cjs/react-dom.development.js:6465:5)
      at dispatchEvent 
(node_modules/react-dom/cjs/react-dom.development.js:6457:5)
      at dispatchDiscreteEvent 
(node_modules/react-dom/cjs/react-dom.development.js:6430:5)
      at HTMLDivElement.callTheUserObjectsOperation 
(node_modules/jsdom/lib/jsdom/living/generated/EventListener.js:26:30)
      at innerInvokeEventListeners 
(node_modules/jsdom/lib/jsdom/living/events/EventTarget-impl.js:350:25)
      at invokeEventListeners 
(node_modules/jsdom/lib/jsdom/living/events/EventTarget-impl.js:286:3)
      at HTMLInputElementImpl._dispatch 
(node_modules/jsdom/lib/jsdom/living/events/EventTarget-impl.js:233:9)
      at HTMLInputElementImpl.dispatchEvent 
(node_modules/jsdom/lib/jsdom/living/events/EventTarget-impl.js:104:17)
      at HTMLInputElement.dispatchEvent 
(node_modules/jsdom/lib/jsdom/living/generated/EventTarget.js:241:34)
      at 
node_modules/@testing-library/user-event/dist/cjs/event/dispatchEvent.js:45:43
      at Object.eventWrapper 
(node_modules/@testing-library/dom/dist/config.js:25:23)
      at Object.wrapEvent 
(node_modules/@testing-library/user-event/dist/cjs/event/wrapEvent.js:6:28)
      at Object.dispatchEvent (node_modules/@testing-library/user-event/dist/cj
s/event/dispatchEvent.js:45:22)
      at Object.dispatchUIEvent (node_modules/@testing-library/user-event/dist/
cjs/event/dispatchEvent.js:22:26)
      at commitInput 
(node_modules/@testing-library/user-event/dist/cjs/event/input.js:145:14)
      at editInputElement 
(node_modules/@testing-library/user-event/dist/cjs/event/input.js:115:9)
      at Object.input 
(node_modules/@testing-library/user-event/dist/cjs/event/input.js:37:9)
      at node_modules/@testing-library/user-event/dist/cjs/event/behavior/keypr
ess.js:31:26
      at Object.dispatchEvent (node_modules/@testing-library/user-event/dist/cj
s/event/dispatchEvent.js:41:13)
      at Object.dispatchUIEvent (node_modules/@testing-library/user-event/dist/
cjs/event/dispatchEvent.js:22:26)
      at KeyboardHost.keydown 
(node_modules/@testing-library/user-event/dist/cjs/system/keyboard.js:76:22)
      at keyboardAction 
(node_modules/@testing-library/user-event/dist/cjs/keyboard/index.js:22:35)
      at Object.keyboard 
(node_modules/@testing-library/user-event/dist/cjs/keyboard/index.js:11:15)
      at Object.type 
(node_modules/@testing-library/user-event/dist/cjs/utility/type.js:17:5)
      at Object.<anonymous> 
(src/settings/__tests__/AccountCreatePage.test.tsx:119:9)

    console.error
      Warning: An update to AccountCreatePage inside a test was not wrapped in 
act(...).
      
      When testing, code that causes React state updates should be wrapped 
into act(...):
      
      act(() => {
        /* fire events that update state */
      });
      /* assert on the output */
      
      This ensures that you're testing the behavior the user would see in the 
browser. Learn more at https://reactjs.org/link/wrap-tests-with-act
          at AccountCreatePage (C:\Users\samhe\OneDrive\Desktop\Cleaned\fronten
d\src\settings\AccountCreatePage.tsx:32:47)
          at routeContext (C:\Users\samhe\OneDrive\Desktop\Cleaned\frontend\nod
e_modules\react-router\lib\hooks.tsx:658:26)
          at children (C:\Users\samhe\OneDrive\Desktop\Cleaned\frontend\node_mo
dules\react-router\lib\components.tsx:512:3)
          at basenameProp (C:\Users\samhe\OneDrive\Desktop\Cleaned\frontend\nod
e_modules\react-router\lib\components.tsx:421:13)
          at basename (C:\Users\samhe\OneDrive\Desktop\Cleaned\frontend\node_mo
dules\react-router\lib\components.tsx:225:3)

      161 |                         type="text"
      162 |                         value={username}
    > 163 |                         onChange={e => setUsername(e.target.value)}
          |                                        ^
      164 |                         disabled={saving}
      165 |                         className="text-sm border border-gray-300 
rounded px-2 py-1.5 focus:outline-none focus:ring-1 focus:ring-blue-400 
disabled:opacity-50"
      166 |                     />

      at printWarning 
(node_modules/react-dom/cjs/react-dom.development.js:86:30)
      at error (node_modules/react-dom/cjs/react-dom.development.js:60:7)
      at warnIfUpdatesNotWrappedWithActDEV 
(node_modules/react-dom/cjs/react-dom.development.js:27628:9)
      at scheduleUpdateOnFiber 
(node_modules/react-dom/cjs/react-dom.development.js:25547:5)
      at dispatchSetState 
(node_modules/react-dom/cjs/react-dom.development.js:16708:7)
      at onChange (src/settings/AccountCreatePage.tsx:163:40)
      at HTMLUnknownElement.callCallback 
(node_modules/react-dom/cjs/react-dom.development.js:4164:14)
      at HTMLUnknownElement.callTheUserObjectsOperation 
(node_modules/jsdom/lib/jsdom/living/generated/EventListener.js:26:30)
      at innerInvokeEventListeners 
(node_modules/jsdom/lib/jsdom/living/events/EventTarget-impl.js:350:25)
      at invokeEventListeners 
(node_modules/jsdom/lib/jsdom/living/events/EventTarget-impl.js:286:3)
      at HTMLUnknownElementImpl._dispatch 
(node_modules/jsdom/lib/jsdom/living/events/EventTarget-impl.js:233:9)
      at HTMLUnknownElementImpl.dispatchEvent 
(node_modules/jsdom/lib/jsdom/living/events/EventTarget-impl.js:104:17)
      at HTMLUnknownElement.dispatchEvent 
(node_modules/jsdom/lib/jsdom/living/generated/EventTarget.js:241:34)
      at Object.invokeGuardedCallbackDev 
(node_modules/react-dom/cjs/react-dom.development.js:4213:16)
      at invokeGuardedCallback 
(node_modules/react-dom/cjs/react-dom.development.js:4277:31)
      at invokeGuardedCallbackAndCatchFirstError 
(node_modules/react-dom/cjs/react-dom.development.js:4291:25)
      at executeDispatch 
(node_modules/react-dom/cjs/react-dom.development.js:9041:3)
      at processDispatchQueueItemsInOrder 
(node_modules/react-dom/cjs/react-dom.development.js:9073:7)
      at processDispatchQueue 
(node_modules/react-dom/cjs/react-dom.development.js:9086:5)
      at dispatchEventsForPlugins 
(node_modules/react-dom/cjs/react-dom.development.js:9097:3)
      at node_modules/react-dom/cjs/react-dom.development.js:9288:12
      at batchedUpdates$1 
(node_modules/react-dom/cjs/react-dom.development.js:26179:12)
      at batchedUpdates 
(node_modules/react-dom/cjs/react-dom.development.js:3991:12)
      at dispatchEventForPluginEventSystem 
(node_modules/react-dom/cjs/react-dom.development.js:9287:3)
      at dispatchEventWithEnableCapturePhaseSelectiveHydrationWithoutDiscreteEv
entReplay (node_modules/react-dom/cjs/react-dom.development.js:6465:5)
      at dispatchEvent 
(node_modules/react-dom/cjs/react-dom.development.js:6457:5)
      at dispatchDiscreteEvent 
(node_modules/react-dom/cjs/react-dom.development.js:6430:5)
      at HTMLDivElement.callTheUserObjectsOperation 
(node_modules/jsdom/lib/jsdom/living/generated/EventListener.js:26:30)
      at innerInvokeEventListeners 
(node_modules/jsdom/lib/jsdom/living/events/EventTarget-impl.js:350:25)
      at invokeEventListeners 
(node_modules/jsdom/lib/jsdom/living/events/EventTarget-impl.js:286:3)
      at HTMLInputElementImpl._dispatch 
(node_modules/jsdom/lib/jsdom/living/events/EventTarget-impl.js:233:9)
      at HTMLInputElementImpl.dispatchEvent 
(node_modules/jsdom/lib/jsdom/living/events/EventTarget-impl.js:104:17)
      at HTMLInputElement.dispatchEvent 
(node_modules/jsdom/lib/jsdom/living/generated/EventTarget.js:241:34)
      at 
node_modules/@testing-library/user-event/dist/cjs/event/dispatchEvent.js:45:43
      at Object.eventWrapper 
(node_modules/@testing-library/dom/dist/config.js:25:23)
      at Object.wrapEvent 
(node_modules/@testing-library/user-event/dist/cjs/event/wrapEvent.js:6:28)
      at Object.dispatchEvent (node_modules/@testing-library/user-event/dist/cj
s/event/dispatchEvent.js:45:22)
      at Object.dispatchUIEvent (node_modules/@testing-library/user-event/dist/
cjs/event/dispatchEvent.js:22:26)
      at commitInput 
(node_modules/@testing-library/user-event/dist/cjs/event/input.js:145:14)
      at editInputElement 
(node_modules/@testing-library/user-event/dist/cjs/event/input.js:115:9)
      at Object.input 
(node_modules/@testing-library/user-event/dist/cjs/event/input.js:37:9)
      at node_modules/@testing-library/user-event/dist/cjs/event/behavior/keypr
ess.js:31:26
      at Object.dispatchEvent (node_modules/@testing-library/user-event/dist/cj
s/event/dispatchEvent.js:41:13)
      at Object.dispatchUIEvent (node_modules/@testing-library/user-event/dist/
cjs/event/dispatchEvent.js:22:26)
      at KeyboardHost.keydown 
(node_modules/@testing-library/user-event/dist/cjs/system/keyboard.js:76:22)
      at keyboardAction 
(node_modules/@testing-library/user-event/dist/cjs/keyboard/index.js:22:35)
      at Object.keyboard 
(node_modules/@testing-library/user-event/dist/cjs/keyboard/index.js:11:15)
      at Object.type 
(node_modules/@testing-library/user-event/dist/cjs/utility/type.js:17:5)
      at Object.<anonymous> 
(src/settings/__tests__/AccountCreatePage.test.tsx:120:9)

    console.error
      Warning: An update to AccountCreatePage inside a test was not wrapped in 
act(...).
      
      When testing, code that causes React state updates should be wrapped 
into act(...):
      
      act(() => {
        /* fire events that update state */
      });
      /* assert on the output */
      
      This ensures that you're testing the behavior the user would see in the 
browser. Learn more at https://reactjs.org/link/wrap-tests-with-act
          at AccountCreatePage (C:\Users\samhe\OneDrive\Desktop\Cleaned\fronten
d\src\settings\AccountCreatePage.tsx:32:47)
          at routeContext (C:\Users\samhe\OneDrive\Desktop\Cleaned\frontend\nod
e_modules\react-router\lib\hooks.tsx:658:26)
          at children (C:\Users\samhe\OneDrive\Desktop\Cleaned\frontend\node_mo
dules\react-router\lib\components.tsx:512:3)
          at basenameProp (C:\Users\samhe\OneDrive\Desktop\Cleaned\frontend\nod
e_modules\react-router\lib\components.tsx:421:13)
          at basename (C:\Users\samhe\OneDrive\Desktop\Cleaned\frontend\node_mo
dules\react-router\lib\components.tsx:225:3)

      161 |                         type="text"
      162 |                         value={username}
    > 163 |                         onChange={e => setUsername(e.target.value)}
          |                                        ^
      164 |                         disabled={saving}
      165 |                         className="text-sm border border-gray-300 
rounded px-2 py-1.5 focus:outline-none focus:ring-1 focus:ring-blue-400 
disabled:opacity-50"
      166 |                     />

      at printWarning 
(node_modules/react-dom/cjs/react-dom.development.js:86:30)
      at error (node_modules/react-dom/cjs/react-dom.development.js:60:7)
      at warnIfUpdatesNotWrappedWithActDEV 
(node_modules/react-dom/cjs/react-dom.development.js:27628:9)
      at scheduleUpdateOnFiber 
(node_modules/react-dom/cjs/react-dom.development.js:25547:5)
      at dispatchSetState 
(node_modules/react-dom/cjs/react-dom.development.js:16708:7)
      at onChange (src/settings/AccountCreatePage.tsx:163:40)
      at HTMLUnknownElement.callCallback 
(node_modules/react-dom/cjs/react-dom.development.js:4164:14)
      at HTMLUnknownElement.callTheUserObjectsOperation 
(node_modules/jsdom/lib/jsdom/living/generated/EventListener.js:26:30)
      at innerInvokeEventListeners 
(node_modules/jsdom/lib/jsdom/living/events/EventTarget-impl.js:350:25)
      at invokeEventListeners 
(node_modules/jsdom/lib/jsdom/living/events/EventTarget-impl.js:286:3)
      at HTMLUnknownElementImpl._dispatch 
(node_modules/jsdom/lib/jsdom/living/events/EventTarget-impl.js:233:9)
      at HTMLUnknownElementImpl.dispatchEvent 
(node_modules/jsdom/lib/jsdom/living/events/EventTarget-impl.js:104:17)
      at HTMLUnknownElement.dispatchEvent 
(node_modules/jsdom/lib/jsdom/living/generated/EventTarget.js:241:34)
      at Object.invokeGuardedCallbackDev 
(node_modules/react-dom/cjs/react-dom.development.js:4213:16)
      at invokeGuardedCallback 
(node_modules/react-dom/cjs/react-dom.development.js:4277:31)
      at invokeGuardedCallbackAndCatchFirstError 
(node_modules/react-dom/cjs/react-dom.development.js:4291:25)
      at executeDispatch 
(node_modules/react-dom/cjs/react-dom.development.js:9041:3)
      at processDispatchQueueItemsInOrder 
(node_modules/react-dom/cjs/react-dom.development.js:9073:7)
      at processDispatchQueue 
(node_modules/react-dom/cjs/react-dom.development.js:9086:5)
      at dispatchEventsForPlugins 
(node_modules/react-dom/cjs/react-dom.development.js:9097:3)
      at node_modules/react-dom/cjs/react-dom.development.js:9288:12
      at batchedUpdates$1 
(node_modules/react-dom/cjs/react-dom.development.js:26179:12)
      at batchedUpdates 
(node_modules/react-dom/cjs/react-dom.development.js:3991:12)
      at dispatchEventForPluginEventSystem 
(node_modules/react-dom/cjs/react-dom.development.js:9287:3)
      at dispatchEventWithEnableCapturePhaseSelectiveHydrationWithoutDiscreteEv
entReplay (node_modules/react-dom/cjs/react-dom.development.js:6465:5)
      at dispatchEvent 
(node_modules/react-dom/cjs/react-dom.development.js:6457:5)
      at dispatchDiscreteEvent 
(node_modules/react-dom/cjs/react-dom.development.js:6430:5)
      at HTMLDivElement.callTheUserObjectsOperation 
(node_modules/jsdom/lib/jsdom/living/generated/EventListener.js:26:30)
      at innerInvokeEventListeners 
(node_modules/jsdom/lib/jsdom/living/events/EventTarget-impl.js:350:25)
      at invokeEventListeners 
(node_modules/jsdom/lib/jsdom/living/events/EventTarget-impl.js:286:3)
      at HTMLInputElementImpl._dispatch 
(node_modules/jsdom/lib/jsdom/living/events/EventTarget-impl.js:233:9)
      at HTMLInputElementImpl.dispatchEvent 
(node_modules/jsdom/lib/jsdom/living/events/EventTarget-impl.js:104:17)
      at HTMLInputElement.dispatchEvent 
(node_modules/jsdom/lib/jsdom/living/generated/EventTarget.js:241:34)
      at 
node_modules/@testing-library/user-event/dist/cjs/event/dispatchEvent.js:45:43
      at Object.eventWrapper 
(node_modules/@testing-library/dom/dist/config.js:25:23)
      at Object.wrapEvent 
(node_modules/@testing-library/user-event/dist/cjs/event/wrapEvent.js:6:28)
      at Object.dispatchEvent (node_modules/@testing-library/user-event/dist/cj
s/event/dispatchEvent.js:45:22)
      at Object.dispatchUIEvent (node_modules/@testing-library/user-event/dist/
cjs/event/dispatchEvent.js:22:26)
      at commitInput 
(node_modules/@testing-library/user-event/dist/cjs/event/input.js:145:14)
      at editInputElement 
(node_modules/@testing-library/user-event/dist/cjs/event/input.js:115:9)
      at Object.input 
(node_modules/@testing-library/user-event/dist/cjs/event/input.js:37:9)
      at node_modules/@testing-library/user-event/dist/cjs/event/behavior/keypr
ess.js:31:26
      at Object.dispatchEvent (node_modules/@testing-library/user-event/dist/cj
s/event/dispatchEvent.js:41:13)
      at Object.dispatchUIEvent (node_modules/@testing-library/user-event/dist/
cjs/event/dispatchEvent.js:22:26)
      at KeyboardHost.keydown 
(node_modules/@testing-library/user-event/dist/cjs/system/keyboard.js:76:22)
      at keyboardAction 
(node_modules/@testing-library/user-event/dist/cjs/keyboard/index.js:22:35)
      at Object.keyboard 
(node_modules/@testing-library/user-event/dist/cjs/keyboard/index.js:11:15)
      at Object.type 
(node_modules/@testing-library/user-event/dist/cjs/utility/type.js:17:5)
      at Object.<anonymous> 
(src/settings/__tests__/AccountCreatePage.test.tsx:120:9)

    console.error
      Warning: An update to AccountCreatePage inside a test was not wrapped in 
act(...).
      
      When testing, code that causes React state updates should be wrapped 
into act(...):
      
      act(() => {
        /* fire events that update state */
      });
      /* assert on the output */
      
      This ensures that you're testing the behavior the user would see in the 
browser. Learn more at https://reactjs.org/link/wrap-tests-with-act
          at AccountCreatePage (C:\Users\samhe\OneDrive\Desktop\Cleaned\fronten
d\src\settings\AccountCreatePage.tsx:32:47)
          at routeContext (C:\Users\samhe\OneDrive\Desktop\Cleaned\frontend\nod
e_modules\react-router\lib\hooks.tsx:658:26)
          at children (C:\Users\samhe\OneDrive\Desktop\Cleaned\frontend\node_mo
dules\react-router\lib\components.tsx:512:3)
          at basenameProp (C:\Users\samhe\OneDrive\Desktop\Cleaned\frontend\nod
e_modules\react-router\lib\components.tsx:421:13)
          at basename (C:\Users\samhe\OneDrive\Desktop\Cleaned\frontend\node_mo
dules\react-router\lib\components.tsx:225:3)

      161 |                         type="text"
      162 |                         value={username}
    > 163 |                         onChange={e => setUsername(e.target.value)}
          |                                        ^
      164 |                         disabled={saving}
      165 |                         className="text-sm border border-gray-300 
rounded px-2 py-1.5 focus:outline-none focus:ring-1 focus:ring-blue-400 
disabled:opacity-50"
      166 |                     />

      at printWarning 
(node_modules/react-dom/cjs/react-dom.development.js:86:30)
      at error (node_modules/react-dom/cjs/react-dom.development.js:60:7)
      at warnIfUpdatesNotWrappedWithActDEV 
(node_modules/react-dom/cjs/react-dom.development.js:27628:9)
      at scheduleUpdateOnFiber 
(node_modules/react-dom/cjs/react-dom.development.js:25547:5)
      at dispatchSetState 
(node_modules/react-dom/cjs/react-dom.development.js:16708:7)
      at onChange (src/settings/AccountCreatePage.tsx:163:40)
      at HTMLUnknownElement.callCallback 
(node_modules/react-dom/cjs/react-dom.development.js:4164:14)
      at HTMLUnknownElement.callTheUserObjectsOperation 
(node_modules/jsdom/lib/jsdom/living/generated/EventListener.js:26:30)
      at innerInvokeEventListeners 
(node_modules/jsdom/lib/jsdom/living/events/EventTarget-impl.js:350:25)
      at invokeEventListeners 
(node_modules/jsdom/lib/jsdom/living/events/EventTarget-impl.js:286:3)
      at HTMLUnknownElementImpl._dispatch 
(node_modules/jsdom/lib/jsdom/living/events/EventTarget-impl.js:233:9)
      at HTMLUnknownElementImpl.dispatchEvent 
(node_modules/jsdom/lib/jsdom/living/events/EventTarget-impl.js:104:17)
      at HTMLUnknownElement.dispatchEvent 
(node_modules/jsdom/lib/jsdom/living/generated/EventTarget.js:241:34)
      at Object.invokeGuardedCallbackDev 
(node_modules/react-dom/cjs/react-dom.development.js:4213:16)
      at invokeGuardedCallback 
(node_modules/react-dom/cjs/react-dom.development.js:4277:31)
      at invokeGuardedCallbackAndCatchFirstError 
(node_modules/react-dom/cjs/react-dom.development.js:4291:25)
      at executeDispatch 
(node_modules/react-dom/cjs/react-dom.development.js:9041:3)
      at processDispatchQueueItemsInOrder 
(node_modules/react-dom/cjs/react-dom.development.js:9073:7)
      at processDispatchQueue 
(node_modules/react-dom/cjs/react-dom.development.js:9086:5)
      at dispatchEventsForPlugins 
(node_modules/react-dom/cjs/react-dom.development.js:9097:3)
      at node_modules/react-dom/cjs/react-dom.development.js:9288:12
      at batchedUpdates$1 
(node_modules/react-dom/cjs/react-dom.development.js:26179:12)
      at batchedUpdates 
(node_modules/react-dom/cjs/react-dom.development.js:3991:12)
      at dispatchEventForPluginEventSystem 
(node_modules/react-dom/cjs/react-dom.development.js:9287:3)
      at dispatchEventWithEnableCapturePhaseSelectiveHydrationWithoutDiscreteEv
entReplay (node_modules/react-dom/cjs/react-dom.development.js:6465:5)
      at dispatchEvent 
(node_modules/react-dom/cjs/react-dom.development.js:6457:5)
      at dispatchDiscreteEvent 
(node_modules/react-dom/cjs/react-dom.development.js:6430:5)
      at HTMLDivElement.callTheUserObjectsOperation 
(node_modules/jsdom/lib/jsdom/living/generated/EventListener.js:26:30)
      at innerInvokeEventListeners 
(node_modules/jsdom/lib/jsdom/living/events/EventTarget-impl.js:350:25)
      at invokeEventListeners 
(node_modules/jsdom/lib/jsdom/living/events/EventTarget-impl.js:286:3)
      at HTMLInputElementImpl._dispatch 
(node_modules/jsdom/lib/jsdom/living/events/EventTarget-impl.js:233:9)
      at HTMLInputElementImpl.dispatchEvent 
(node_modules/jsdom/lib/jsdom/living/events/EventTarget-impl.js:104:17)
      at HTMLInputElement.dispatchEvent 
(node_modules/jsdom/lib/jsdom/living/generated/EventTarget.js:241:34)
      at 
node_modules/@testing-library/user-event/dist/cjs/event/dispatchEvent.js:45:43
      at Object.eventWrapper 
(node_modules/@testing-library/dom/dist/config.js:25:23)
      at Object.wrapEvent 
(node_modules/@testing-library/user-event/dist/cjs/event/wrapEvent.js:6:28)
      at Object.dispatchEvent (node_modules/@testing-library/user-event/dist/cj
s/event/dispatchEvent.js:45:22)
      at Object.dispatchUIEvent (node_modules/@testing-library/user-event/dist/
cjs/event/dispatchEvent.js:22:26)
      at commitInput 
(node_modules/@testing-library/user-event/dist/cjs/event/input.js:145:14)
      at editInputElement 
(node_modules/@testing-library/user-event/dist/cjs/event/input.js:115:9)
      at Object.input 
(node_modules/@testing-library/user-event/dist/cjs/event/input.js:37:9)
      at node_modules/@testing-library/user-event/dist/cjs/event/behavior/keypr
ess.js:31:26
      at Object.dispatchEvent (node_modules/@testing-library/user-event/dist/cj
s/event/dispatchEvent.js:41:13)
      at Object.dispatchUIEvent (node_modules/@testing-library/user-event/dist/
cjs/event/dispatchEvent.js:22:26)
      at KeyboardHost.keydown 
(node_modules/@testing-library/user-event/dist/cjs/system/keyboard.js:76:22)
      at keyboardAction 
(node_modules/@testing-library/user-event/dist/cjs/keyboard/index.js:22:35)
      at Object.keyboard 
(node_modules/@testing-library/user-event/dist/cjs/keyboard/index.js:11:15)
      at Object.type 
(node_modules/@testing-library/user-event/dist/cjs/utility/type.js:17:5)
      at Object.<anonymous> 
(src/settings/__tests__/AccountCreatePage.test.tsx:120:9)

    console.error
      Warning: An update to AccountCreatePage inside a test was not wrapped in 
act(...).
      
      When testing, code that causes React state updates should be wrapped 
into act(...):
      
      act(() => {
        /* fire events that update state */
      });
      /* assert on the output */
      
      This ensures that you're testing the behavior the user would see in the 
browser. Learn more at https://reactjs.org/link/wrap-tests-with-act
          at AccountCreatePage (C:\Users\samhe\OneDrive\Desktop\Cleaned\fronten
d\src\settings\AccountCreatePage.tsx:32:47)
          at routeContext (C:\Users\samhe\OneDrive\Desktop\Cleaned\frontend\nod
e_modules\react-router\lib\hooks.tsx:658:26)
          at children (C:\Users\samhe\OneDrive\Desktop\Cleaned\frontend\node_mo
dules\react-router\lib\components.tsx:512:3)
          at basenameProp (C:\Users\samhe\OneDrive\Desktop\Cleaned\frontend\nod
e_modules\react-router\lib\components.tsx:421:13)
          at basename (C:\Users\samhe\OneDrive\Desktop\Cleaned\frontend\node_mo
dules\react-router\lib\components.tsx:225:3)

      161 |                         type="text"
      162 |                         value={username}
    > 163 |                         onChange={e => setUsername(e.target.value)}
          |                                        ^
      164 |                         disabled={saving}
      165 |                         className="text-sm border border-gray-300 
rounded px-2 py-1.5 focus:outline-none focus:ring-1 focus:ring-blue-400 
disabled:opacity-50"
      166 |                     />

      at printWarning 
(node_modules/react-dom/cjs/react-dom.development.js:86:30)
      at error (node_modules/react-dom/cjs/react-dom.development.js:60:7)
      at warnIfUpdatesNotWrappedWithActDEV 
(node_modules/react-dom/cjs/react-dom.development.js:27628:9)
      at scheduleUpdateOnFiber 
(node_modules/react-dom/cjs/react-dom.development.js:25547:5)
      at dispatchSetState 
(node_modules/react-dom/cjs/react-dom.development.js:16708:7)
      at onChange (src/settings/AccountCreatePage.tsx:163:40)
      at HTMLUnknownElement.callCallback 
(node_modules/react-dom/cjs/react-dom.development.js:4164:14)
      at HTMLUnknownElement.callTheUserObjectsOperation 
(node_modules/jsdom/lib/jsdom/living/generated/EventListener.js:26:30)
      at innerInvokeEventListeners 
(node_modules/jsdom/lib/jsdom/living/events/EventTarget-impl.js:350:25)
      at invokeEventListeners 
(node_modules/jsdom/lib/jsdom/living/events/EventTarget-impl.js:286:3)
      at HTMLUnknownElementImpl._dispatch 
(node_modules/jsdom/lib/jsdom/living/events/EventTarget-impl.js:233:9)
      at HTMLUnknownElementImpl.dispatchEvent 
(node_modules/jsdom/lib/jsdom/living/events/EventTarget-impl.js:104:17)
      at HTMLUnknownElement.dispatchEvent 
(node_modules/jsdom/lib/jsdom/living/generated/EventTarget.js:241:34)
      at Object.invokeGuardedCallbackDev 
(node_modules/react-dom/cjs/react-dom.development.js:4213:16)
      at invokeGuardedCallback 
(node_modules/react-dom/cjs/react-dom.development.js:4277:31)
      at invokeGuardedCallbackAndCatchFirstError 
(node_modules/react-dom/cjs/react-dom.development.js:4291:25)
      at executeDispatch 
(node_modules/react-dom/cjs/react-dom.development.js:9041:3)
      at processDispatchQueueItemsInOrder 
(node_modules/react-dom/cjs/react-dom.development.js:9073:7)
      at processDispatchQueue 
(node_modules/react-dom/cjs/react-dom.development.js:9086:5)
      at dispatchEventsForPlugins 
(node_modules/react-dom/cjs/react-dom.development.js:9097:3)
      at node_modules/react-dom/cjs/react-dom.development.js:9288:12
      at batchedUpdates$1 
(node_modules/react-dom/cjs/react-dom.development.js:26179:12)
      at batchedUpdates 
(node_modules/react-dom/cjs/react-dom.development.js:3991:12)
      at dispatchEventForPluginEventSystem 
(node_modules/react-dom/cjs/react-dom.development.js:9287:3)
      at dispatchEventWithEnableCapturePhaseSelectiveHydrationWithoutDiscreteEv
entReplay (node_modules/react-dom/cjs/react-dom.development.js:6465:5)
      at dispatchEvent 
(node_modules/react-dom/cjs/react-dom.development.js:6457:5)
      at dispatchDiscreteEvent 
(node_modules/react-dom/cjs/react-dom.development.js:6430:5)
      at HTMLDivElement.callTheUserObjectsOperation 
(node_modules/jsdom/lib/jsdom/living/generated/EventListener.js:26:30)
      at innerInvokeEventListeners 
(node_modules/jsdom/lib/jsdom/living/events/EventTarget-impl.js:350:25)
      at invokeEventListeners 
(node_modules/jsdom/lib/jsdom/living/events/EventTarget-impl.js:286:3)
      at HTMLInputElementImpl._dispatch 
(node_modules/jsdom/lib/jsdom/living/events/EventTarget-impl.js:233:9)
      at HTMLInputElementImpl.dispatchEvent 
(node_modules/jsdom/lib/jsdom/living/events/EventTarget-impl.js:104:17)
      at HTMLInputElement.dispatchEvent 
(node_modules/jsdom/lib/jsdom/living/generated/EventTarget.js:241:34)
      at 
node_modules/@testing-library/user-event/dist/cjs/event/dispatchEvent.js:45:43
      at Object.eventWrapper 
(node_modules/@testing-library/dom/dist/config.js:25:23)
      at Object.wrapEvent 
(node_modules/@testing-library/user-event/dist/cjs/event/wrapEvent.js:6:28)
      at Object.dispatchEvent (node_modules/@testing-library/user-event/dist/cj
s/event/dispatchEvent.js:45:22)
      at Object.dispatchUIEvent (node_modules/@testing-library/user-event/dist/
cjs/event/dispatchEvent.js:22:26)
      at commitInput 
(node_modules/@testing-library/user-event/dist/cjs/event/input.js:145:14)
      at editInputElement 
(node_modules/@testing-library/user-event/dist/cjs/event/input.js:115:9)
      at Object.input 
(node_modules/@testing-library/user-event/dist/cjs/event/input.js:37:9)
      at node_modules/@testing-library/user-event/dist/cjs/event/behavior/keypr
ess.js:31:26
      at Object.dispatchEvent (node_modules/@testing-library/user-event/dist/cj
s/event/dispatchEvent.js:41:13)
      at Object.dispatchUIEvent (node_modules/@testing-library/user-event/dist/
cjs/event/dispatchEvent.js:22:26)
      at KeyboardHost.keydown 
(node_modules/@testing-library/user-event/dist/cjs/system/keyboard.js:76:22)
      at keyboardAction 
(node_modules/@testing-library/user-event/dist/cjs/keyboard/index.js:22:35)
      at Object.keyboard 
(node_modules/@testing-library/user-event/dist/cjs/keyboard/index.js:11:15)
      at Object.type 
(node_modules/@testing-library/user-event/dist/cjs/utility/type.js:17:5)
      at Object.<anonymous> 
(src/settings/__tests__/AccountCreatePage.test.tsx:120:9)

    console.error
      Warning: An update to AccountCreatePage inside a test was not wrapped in 
act(...).
      
      When testing, code that causes React state updates should be wrapped 
into act(...):
      
      act(() => {
        /* fire events that update state */
      });
      /* assert on the output */
      
      This ensures that you're testing the behavior the user would see in the 
browser. Learn more at https://reactjs.org/link/wrap-tests-with-act
          at AccountCreatePage (C:\Users\samhe\OneDrive\Desktop\Cleaned\fronten
d\src\settings\AccountCreatePage.tsx:32:47)
          at routeContext (C:\Users\samhe\OneDrive\Desktop\Cleaned\frontend\nod
e_modules\react-router\lib\hooks.tsx:658:26)
          at children (C:\Users\samhe\OneDrive\Desktop\Cleaned\frontend\node_mo
dules\react-router\lib\components.tsx:512:3)
          at basenameProp (C:\Users\samhe\OneDrive\Desktop\Cleaned\frontend\nod
e_modules\react-router\lib\components.tsx:421:13)
          at basename (C:\Users\samhe\OneDrive\Desktop\Cleaned\frontend\node_mo
dules\react-router\lib\components.tsx:225:3)

      161 |                         type="text"
      162 |                         value={username}
    > 163 |                         onChange={e => setUsername(e.target.value)}
          |                                        ^
      164 |                         disabled={saving}
      165 |                         className="text-sm border border-gray-300 
rounded px-2 py-1.5 focus:outline-none focus:ring-1 focus:ring-blue-400 
disabled:opacity-50"
      166 |                     />

      at printWarning 
(node_modules/react-dom/cjs/react-dom.development.js:86:30)
      at error (node_modules/react-dom/cjs/react-dom.development.js:60:7)
      at warnIfUpdatesNotWrappedWithActDEV 
(node_modules/react-dom/cjs/react-dom.development.js:27628:9)
      at scheduleUpdateOnFiber 
(node_modules/react-dom/cjs/react-dom.development.js:25547:5)
      at dispatchSetState 
(node_modules/react-dom/cjs/react-dom.development.js:16708:7)
      at onChange (src/settings/AccountCreatePage.tsx:163:40)
      at HTMLUnknownElement.callCallback 
(node_modules/react-dom/cjs/react-dom.development.js:4164:14)
      at HTMLUnknownElement.callTheUserObjectsOperation 
(node_modules/jsdom/lib/jsdom/living/generated/EventListener.js:26:30)
      at innerInvokeEventListeners 
(node_modules/jsdom/lib/jsdom/living/events/EventTarget-impl.js:350:25)
      at invokeEventListeners 
(node_modules/jsdom/lib/jsdom/living/events/EventTarget-impl.js:286:3)
      at HTMLUnknownElementImpl._dispatch 
(node_modules/jsdom/lib/jsdom/living/events/EventTarget-impl.js:233:9)
      at HTMLUnknownElementImpl.dispatchEvent 
(node_modules/jsdom/lib/jsdom/living/events/EventTarget-impl.js:104:17)
      at HTMLUnknownElement.dispatchEvent 
(node_modules/jsdom/lib/jsdom/living/generated/EventTarget.js:241:34)
      at Object.invokeGuardedCallbackDev 
(node_modules/react-dom/cjs/react-dom.development.js:4213:16)
      at invokeGuardedCallback 
(node_modules/react-dom/cjs/react-dom.development.js:4277:31)
      at invokeGuardedCallbackAndCatchFirstError 
(node_modules/react-dom/cjs/react-dom.development.js:4291:25)
      at executeDispatch 
(node_modules/react-dom/cjs/react-dom.development.js:9041:3)
      at processDispatchQueueItemsInOrder 
(node_modules/react-dom/cjs/react-dom.development.js:9073:7)
      at processDispatchQueue 
(node_modules/react-dom/cjs/react-dom.development.js:9086:5)
      at dispatchEventsForPlugins 
(node_modules/react-dom/cjs/react-dom.development.js:9097:3)
      at node_modules/react-dom/cjs/react-dom.development.js:9288:12
      at batchedUpdates$1 
(node_modules/react-dom/cjs/react-dom.development.js:26179:12)
      at batchedUpdates 
(node_modules/react-dom/cjs/react-dom.development.js:3991:12)
      at dispatchEventForPluginEventSystem 
(node_modules/react-dom/cjs/react-dom.development.js:9287:3)
      at dispatchEventWithEnableCapturePhaseSelectiveHydrationWithoutDiscreteEv
entReplay (node_modules/react-dom/cjs/react-dom.development.js:6465:5)
      at dispatchEvent 
(node_modules/react-dom/cjs/react-dom.development.js:6457:5)
      at dispatchDiscreteEvent 
(node_modules/react-dom/cjs/react-dom.development.js:6430:5)
      at HTMLDivElement.callTheUserObjectsOperation 
(node_modules/jsdom/lib/jsdom/living/generated/EventListener.js:26:30)
      at innerInvokeEventListeners 
(node_modules/jsdom/lib/jsdom/living/events/EventTarget-impl.js:350:25)
      at invokeEventListeners 
(node_modules/jsdom/lib/jsdom/living/events/EventTarget-impl.js:286:3)
      at HTMLInputElementImpl._dispatch 
(node_modules/jsdom/lib/jsdom/living/events/EventTarget-impl.js:233:9)
      at HTMLInputElementImpl.dispatchEvent 
(node_modules/jsdom/lib/jsdom/living/events/EventTarget-impl.js:104:17)
      at HTMLInputElement.dispatchEvent 
(node_modules/jsdom/lib/jsdom/living/generated/EventTarget.js:241:34)
      at 
node_modules/@testing-library/user-event/dist/cjs/event/dispatchEvent.js:45:43
      at Object.eventWrapper 
(node_modules/@testing-library/dom/dist/config.js:25:23)
      at Object.wrapEvent 
(node_modules/@testing-library/user-event/dist/cjs/event/wrapEvent.js:6:28)
      at Object.dispatchEvent (node_modules/@testing-library/user-event/dist/cj
s/event/dispatchEvent.js:45:22)
      at Object.dispatchUIEvent (node_modules/@testing-library/user-event/dist/
cjs/event/dispatchEvent.js:22:26)
      at commitInput 
(node_modules/@testing-library/user-event/dist/cjs/event/input.js:145:14)
      at editInputElement 
(node_modules/@testing-library/user-event/dist/cjs/event/input.js:115:9)
      at Object.input 
(node_modules/@testing-library/user-event/dist/cjs/event/input.js:37:9)
      at node_modules/@testing-library/user-event/dist/cjs/event/behavior/keypr
ess.js:31:26
      at Object.dispatchEvent (node_modules/@testing-library/user-event/dist/cj
s/event/dispatchEvent.js:41:13)
      at Object.dispatchUIEvent (node_modules/@testing-library/user-event/dist/
cjs/event/dispatchEvent.js:22:26)
      at KeyboardHost.keydown 
(node_modules/@testing-library/user-event/dist/cjs/system/keyboard.js:76:22)
      at keyboardAction 
(node_modules/@testing-library/user-event/dist/cjs/keyboard/index.js:22:35)
      at Object.keyboard 
(node_modules/@testing-library/user-event/dist/cjs/keyboard/index.js:11:15)
      at Object.type 
(node_modules/@testing-library/user-event/dist/cjs/utility/type.js:17:5)
      at Object.<anonymous> 
(src/settings/__tests__/AccountCreatePage.test.tsx:120:9)

    console.error
      Warning: An update to AccountCreatePage inside a test was not wrapped in 
act(...).
      
      When testing, code that causes React state updates should be wrapped 
into act(...):
      
      act(() => {
        /* fire events that update state */
      });
      /* assert on the output */
      
      This ensures that you're testing the behavior the user would see in the 
browser. Learn more at https://reactjs.org/link/wrap-tests-with-act
          at AccountCreatePage (C:\Users\samhe\OneDrive\Desktop\Cleaned\fronten
d\src\settings\AccountCreatePage.tsx:32:47)
          at routeContext (C:\Users\samhe\OneDrive\Desktop\Cleaned\frontend\nod
e_modules\react-router\lib\hooks.tsx:658:26)
          at children (C:\Users\samhe\OneDrive\Desktop\Cleaned\frontend\node_mo
dules\react-router\lib\components.tsx:512:3)
          at basenameProp (C:\Users\samhe\OneDrive\Desktop\Cleaned\frontend\nod
e_modules\react-router\lib\components.tsx:421:13)
          at basename (C:\Users\samhe\OneDrive\Desktop\Cleaned\frontend\node_mo
dules\react-router\lib\components.tsx:225:3)

      161 |                         type="text"
      162 |                         value={username}
    > 163 |                         onChange={e => setUsername(e.target.value)}
          |                                        ^
      164 |                         disabled={saving}
      165 |                         className="text-sm border border-gray-300 
rounded px-2 py-1.5 focus:outline-none focus:ring-1 focus:ring-blue-400 
disabled:opacity-50"
      166 |                     />

      at printWarning 
(node_modules/react-dom/cjs/react-dom.development.js:86:30)
      at error (node_modules/react-dom/cjs/react-dom.development.js:60:7)
      at warnIfUpdatesNotWrappedWithActDEV 
(node_modules/react-dom/cjs/react-dom.development.js:27628:9)
      at scheduleUpdateOnFiber 
(node_modules/react-dom/cjs/react-dom.development.js:25547:5)
      at dispatchSetState 
(node_modules/react-dom/cjs/react-dom.development.js:16708:7)
      at onChange (src/settings/AccountCreatePage.tsx:163:40)
      at HTMLUnknownElement.callCallback 
(node_modules/react-dom/cjs/react-dom.development.js:4164:14)
      at HTMLUnknownElement.callTheUserObjectsOperation 
(node_modules/jsdom/lib/jsdom/living/generated/EventListener.js:26:30)
      at innerInvokeEventListeners 
(node_modules/jsdom/lib/jsdom/living/events/EventTarget-impl.js:350:25)
      at invokeEventListeners 
(node_modules/jsdom/lib/jsdom/living/events/EventTarget-impl.js:286:3)
      at HTMLUnknownElementImpl._dispatch 
(node_modules/jsdom/lib/jsdom/living/events/EventTarget-impl.js:233:9)
      at HTMLUnknownElementImpl.dispatchEvent 
(node_modules/jsdom/lib/jsdom/living/events/EventTarget-impl.js:104:17)
      at HTMLUnknownElement.dispatchEvent 
(node_modules/jsdom/lib/jsdom/living/generated/EventTarget.js:241:34)
      at Object.invokeGuardedCallbackDev 
(node_modules/react-dom/cjs/react-dom.development.js:4213:16)
      at invokeGuardedCallback 
(node_modules/react-dom/cjs/react-dom.development.js:4277:31)
      at invokeGuardedCallbackAndCatchFirstError 
(node_modules/react-dom/cjs/react-dom.development.js:4291:25)
      at executeDispatch 
(node_modules/react-dom/cjs/react-dom.development.js:9041:3)
      at processDispatchQueueItemsInOrder 
(node_modules/react-dom/cjs/react-dom.development.js:9073:7)
      at processDispatchQueue 
(node_modules/react-dom/cjs/react-dom.development.js:9086:5)
      at dispatchEventsForPlugins 
(node_modules/react-dom/cjs/react-dom.development.js:9097:3)
      at node_modules/react-dom/cjs/react-dom.development.js:9288:12
      at batchedUpdates$1 
(node_modules/react-dom/cjs/react-dom.development.js:26179:12)
      at batchedUpdates 
(node_modules/react-dom/cjs/react-dom.development.js:3991:12)
      at dispatchEventForPluginEventSystem 
(node_modules/react-dom/cjs/react-dom.development.js:9287:3)
      at dispatchEventWithEnableCapturePhaseSelectiveHydrationWithoutDiscreteEv
entReplay (node_modules/react-dom/cjs/react-dom.development.js:6465:5)
      at dispatchEvent 
(node_modules/react-dom/cjs/react-dom.development.js:6457:5)
      at dispatchDiscreteEvent 
(node_modules/react-dom/cjs/react-dom.development.js:6430:5)
      at HTMLDivElement.callTheUserObjectsOperation 
(node_modules/jsdom/lib/jsdom/living/generated/EventListener.js:26:30)
      at innerInvokeEventListeners 
(node_modules/jsdom/lib/jsdom/living/events/EventTarget-impl.js:350:25)
      at invokeEventListeners 
(node_modules/jsdom/lib/jsdom/living/events/EventTarget-impl.js:286:3)
      at HTMLInputElementImpl._dispatch 
(node_modules/jsdom/lib/jsdom/living/events/EventTarget-impl.js:233:9)
      at HTMLInputElementImpl.dispatchEvent 
(node_modules/jsdom/lib/jsdom/living/events/EventTarget-impl.js:104:17)
      at HTMLInputElement.dispatchEvent 
(node_modules/jsdom/lib/jsdom/living/generated/EventTarget.js:241:34)
      at 
node_modules/@testing-library/user-event/dist/cjs/event/dispatchEvent.js:45:43
      at Object.eventWrapper 
(node_modules/@testing-library/dom/dist/config.js:25:23)
      at Object.wrapEvent 
(node_modules/@testing-library/user-event/dist/cjs/event/wrapEvent.js:6:28)
      at Object.dispatchEvent (node_modules/@testing-library/user-event/dist/cj
s/event/dispatchEvent.js:45:22)
      at Object.dispatchUIEvent (node_modules/@testing-library/user-event/dist/
cjs/event/dispatchEvent.js:22:26)
      at commitInput 
(node_modules/@testing-library/user-event/dist/cjs/event/input.js:145:14)
      at editInputElement 
(node_modules/@testing-library/user-event/dist/cjs/event/input.js:115:9)
      at Object.input 
(node_modules/@testing-library/user-event/dist/cjs/event/input.js:37:9)
      at node_modules/@testing-library/user-event/dist/cjs/event/behavior/keypr
ess.js:31:26
      at Object.dispatchEvent (node_modules/@testing-library/user-event/dist/cj
s/event/dispatchEvent.js:41:13)
      at Object.dispatchUIEvent (node_modules/@testing-library/user-event/dist/
cjs/event/dispatchEvent.js:22:26)
      at KeyboardHost.keydown 
(node_modules/@testing-library/user-event/dist/cjs/system/keyboard.js:76:22)
      at keyboardAction 
(node_modules/@testing-library/user-event/dist/cjs/keyboard/index.js:22:35)
      at Object.keyboard 
(node_modules/@testing-library/user-event/dist/cjs/keyboard/index.js:11:15)
      at Object.type 
(node_modules/@testing-library/user-event/dist/cjs/utility/type.js:17:5)
      at Object.<anonymous> 
(src/settings/__tests__/AccountCreatePage.test.tsx:120:9)

    console.error
      Warning: An update to AccountCreatePage inside a test was not wrapped in 
act(...).
      
      When testing, code that causes React state updates should be wrapped 
into act(...):
      
      act(() => {
        /* fire events that update state */
      });
      /* assert on the output */
      
      This ensures that you're testing the behavior the user would see in the 
browser. Learn more at https://reactjs.org/link/wrap-tests-with-act
          at AccountCreatePage (C:\Users\samhe\OneDrive\Desktop\Cleaned\fronten
d\src\settings\AccountCreatePage.tsx:32:47)
          at routeContext (C:\Users\samhe\OneDrive\Desktop\Cleaned\frontend\nod
e_modules\react-router\lib\hooks.tsx:658:26)
          at children (C:\Users\samhe\OneDrive\Desktop\Cleaned\frontend\node_mo
dules\react-router\lib\components.tsx:512:3)
          at basenameProp (C:\Users\samhe\OneDrive\Desktop\Cleaned\frontend\nod
e_modules\react-router\lib\components.tsx:421:13)
          at basename (C:\Users\samhe\OneDrive\Desktop\Cleaned\frontend\node_mo
dules\react-router\lib\components.tsx:225:3)

      161 |                         type="text"
      162 |                         value={username}
    > 163 |                         onChange={e => setUsername(e.target.value)}
          |                                        ^
      164 |                         disabled={saving}
      165 |                         className="text-sm border border-gray-300 
rounded px-2 py-1.5 focus:outline-none focus:ring-1 focus:ring-blue-400 
disabled:opacity-50"
      166 |                     />

      at printWarning 
(node_modules/react-dom/cjs/react-dom.development.js:86:30)
      at error (node_modules/react-dom/cjs/react-dom.development.js:60:7)
      at warnIfUpdatesNotWrappedWithActDEV 
(node_modules/react-dom/cjs/react-dom.development.js:27628:9)
      at scheduleUpdateOnFiber 
(node_modules/react-dom/cjs/react-dom.development.js:25547:5)
      at dispatchSetState 
(node_modules/react-dom/cjs/react-dom.development.js:16708:7)
      at onChange (src/settings/AccountCreatePage.tsx:163:40)
      at HTMLUnknownElement.callCallback 
(node_modules/react-dom/cjs/react-dom.development.js:4164:14)
      at HTMLUnknownElement.callTheUserObjectsOperation 
(node_modules/jsdom/lib/jsdom/living/generated/EventListener.js:26:30)
      at innerInvokeEventListeners 
(node_modules/jsdom/lib/jsdom/living/events/EventTarget-impl.js:350:25)
      at invokeEventListeners 
(node_modules/jsdom/lib/jsdom/living/events/EventTarget-impl.js:286:3)
      at HTMLUnknownElementImpl._dispatch 
(node_modules/jsdom/lib/jsdom/living/events/EventTarget-impl.js:233:9)
      at HTMLUnknownElementImpl.dispatchEvent 
(node_modules/jsdom/lib/jsdom/living/events/EventTarget-impl.js:104:17)
      at HTMLUnknownElement.dispatchEvent 
(node_modules/jsdom/lib/jsdom/living/generated/EventTarget.js:241:34)
      at Object.invokeGuardedCallbackDev 
(node_modules/react-dom/cjs/react-dom.development.js:4213:16)
      at invokeGuardedCallback 
(node_modules/react-dom/cjs/react-dom.development.js:4277:31)
      at invokeGuardedCallbackAndCatchFirstError 
(node_modules/react-dom/cjs/react-dom.development.js:4291:25)
      at executeDispatch 
(node_modules/react-dom/cjs/react-dom.development.js:9041:3)
      at processDispatchQueueItemsInOrder 
(node_modules/react-dom/cjs/react-dom.development.js:9073:7)
      at processDispatchQueue 
(node_modules/react-dom/cjs/react-dom.development.js:9086:5)
      at dispatchEventsForPlugins 
(node_modules/react-dom/cjs/react-dom.development.js:9097:3)
      at node_modules/react-dom/cjs/react-dom.development.js:9288:12
      at batchedUpdates$1 
(node_modules/react-dom/cjs/react-dom.development.js:26179:12)
      at batchedUpdates 
(node_modules/react-dom/cjs/react-dom.development.js:3991:12)
      at dispatchEventForPluginEventSystem 
(node_modules/react-dom/cjs/react-dom.development.js:9287:3)
      at dispatchEventWithEnableCapturePhaseSelectiveHydrationWithoutDiscreteEv
entReplay (node_modules/react-dom/cjs/react-dom.development.js:6465:5)
      at dispatchEvent 
(node_modules/react-dom/cjs/react-dom.development.js:6457:5)
      at dispatchDiscreteEvent 
(node_modules/react-dom/cjs/react-dom.development.js:6430:5)
      at HTMLDivElement.callTheUserObjectsOperation 
(node_modules/jsdom/lib/jsdom/living/generated/EventListener.js:26:30)
      at innerInvokeEventListeners 
(node_modules/jsdom/lib/jsdom/living/events/EventTarget-impl.js:350:25)
      at invokeEventListeners 
(node_modules/jsdom/lib/jsdom/living/events/EventTarget-impl.js:286:3)
      at HTMLInputElementImpl._dispatch 
(node_modules/jsdom/lib/jsdom/living/events/EventTarget-impl.js:233:9)
      at HTMLInputElementImpl.dispatchEvent 
(node_modules/jsdom/lib/jsdom/living/events/EventTarget-impl.js:104:17)
      at HTMLInputElement.dispatchEvent 
(node_modules/jsdom/lib/jsdom/living/generated/EventTarget.js:241:34)
      at 
node_modules/@testing-library/user-event/dist/cjs/event/dispatchEvent.js:45:43
      at Object.eventWrapper 
(node_modules/@testing-library/dom/dist/config.js:25:23)
      at Object.wrapEvent 
(node_modules/@testing-library/user-event/dist/cjs/event/wrapEvent.js:6:28)
      at Object.dispatchEvent (node_modules/@testing-library/user-event/dist/cj
s/event/dispatchEvent.js:45:22)
      at Object.dispatchUIEvent (node_modules/@testing-library/user-event/dist/
cjs/event/dispatchEvent.js:22:26)
      at commitInput 
(node_modules/@testing-library/user-event/dist/cjs/event/input.js:145:14)
      at editInputElement 
(node_modules/@testing-library/user-event/dist/cjs/event/input.js:115:9)
      at Object.input 
(node_modules/@testing-library/user-event/dist/cjs/event/input.js:37:9)
      at node_modules/@testing-library/user-event/dist/cjs/event/behavior/keypr
ess.js:31:26
      at Object.dispatchEvent (node_modules/@testing-library/user-event/dist/cj
s/event/dispatchEvent.js:41:13)
      at Object.dispatchUIEvent (node_modules/@testing-library/user-event/dist/
cjs/event/dispatchEvent.js:22:26)
      at KeyboardHost.keydown 
(node_modules/@testing-library/user-event/dist/cjs/system/keyboard.js:76:22)
      at keyboardAction 
(node_modules/@testing-library/user-event/dist/cjs/keyboard/index.js:22:35)
      at Object.keyboard 
(node_modules/@testing-library/user-event/dist/cjs/keyboard/index.js:11:15)
      at Object.type 
(node_modules/@testing-library/user-event/dist/cjs/utility/type.js:17:5)
      at Object.<anonymous> 
(src/settings/__tests__/AccountCreatePage.test.tsx:120:9)

    console.error
      Warning: An update to AccountCreatePage inside a test was not wrapped in 
act(...).
      
      When testing, code that causes React state updates should be wrapped 
into act(...):
      
      act(() => {
        /* fire events that update state */
      });
      /* assert on the output */
      
      This ensures that you're testing the behavior the user would see in the 
browser. Learn more at https://reactjs.org/link/wrap-tests-with-act
          at AccountCreatePage (C:\Users\samhe\OneDrive\Desktop\Cleaned\fronten
d\src\settings\AccountCreatePage.tsx:32:47)
          at routeContext (C:\Users\samhe\OneDrive\Desktop\Cleaned\frontend\nod
e_modules\react-router\lib\hooks.tsx:658:26)
          at children (C:\Users\samhe\OneDrive\Desktop\Cleaned\frontend\node_mo
dules\react-router\lib\components.tsx:512:3)
          at basenameProp (C:\Users\samhe\OneDrive\Desktop\Cleaned\frontend\nod
e_modules\react-router\lib\components.tsx:421:13)
          at basename (C:\Users\samhe\OneDrive\Desktop\Cleaned\frontend\node_mo
dules\react-router\lib\components.tsx:225:3)

      174 |                         aria-label="Role"
      175 |                         value={role}
    > 176 |                         onChange={e => setRole(e.target.value)}
          |                                        ^
      177 |                         disabled={saving}
      178 |                         className="text-sm border border-gray-300 
rounded px-2 py-1.5 bg-white focus:outline-none focus:ring-1 
focus:ring-blue-400 disabled:opacity-50"
      179 |                     >

      at printWarning 
(node_modules/react-dom/cjs/react-dom.development.js:86:30)
      at error (node_modules/react-dom/cjs/react-dom.development.js:60:7)
      at warnIfUpdatesNotWrappedWithActDEV 
(node_modules/react-dom/cjs/react-dom.development.js:27628:9)
      at scheduleUpdateOnFiber 
(node_modules/react-dom/cjs/react-dom.development.js:25547:5)
      at dispatchSetState 
(node_modules/react-dom/cjs/react-dom.development.js:16708:7)
      at onChange (src/settings/AccountCreatePage.tsx:176:40)
      at HTMLUnknownElement.callCallback 
(node_modules/react-dom/cjs/react-dom.development.js:4164:14)
      at HTMLUnknownElement.callTheUserObjectsOperation 
(node_modules/jsdom/lib/jsdom/living/generated/EventListener.js:26:30)
      at innerInvokeEventListeners 
(node_modules/jsdom/lib/jsdom/living/events/EventTarget-impl.js:350:25)
      at invokeEventListeners 
(node_modules/jsdom/lib/jsdom/living/events/EventTarget-impl.js:286:3)
      at HTMLUnknownElementImpl._dispatch 
(node_modules/jsdom/lib/jsdom/living/events/EventTarget-impl.js:233:9)
      at HTMLUnknownElementImpl.dispatchEvent 
(node_modules/jsdom/lib/jsdom/living/events/EventTarget-impl.js:104:17)
      at HTMLUnknownElement.dispatchEvent 
(node_modules/jsdom/lib/jsdom/living/generated/EventTarget.js:241:34)
      at Object.invokeGuardedCallbackDev 
(node_modules/react-dom/cjs/react-dom.development.js:4213:16)
      at invokeGuardedCallback 
(node_modules/react-dom/cjs/react-dom.development.js:4277:31)
      at invokeGuardedCallbackAndCatchFirstError 
(node_modules/react-dom/cjs/react-dom.development.js:4291:25)
      at executeDispatch 
(node_modules/react-dom/cjs/react-dom.development.js:9041:3)
      at processDispatchQueueItemsInOrder 
(node_modules/react-dom/cjs/react-dom.development.js:9073:7)
      at processDispatchQueue 
(node_modules/react-dom/cjs/react-dom.development.js:9086:5)
      at dispatchEventsForPlugins 
(node_modules/react-dom/cjs/react-dom.development.js:9097:3)
      at node_modules/react-dom/cjs/react-dom.development.js:9288:12
      at batchedUpdates$1 
(node_modules/react-dom/cjs/react-dom.development.js:26179:12)
      at batchedUpdates 
(node_modules/react-dom/cjs/react-dom.development.js:3991:12)
      at dispatchEventForPluginEventSystem 
(node_modules/react-dom/cjs/react-dom.development.js:9287:3)
      at dispatchEventWithEnableCapturePhaseSelectiveHydrationWithoutDiscreteEv
entReplay (node_modules/react-dom/cjs/react-dom.development.js:6465:5)
      at dispatchEvent 
(node_modules/react-dom/cjs/react-dom.development.js:6457:5)
      at dispatchDiscreteEvent 
(node_modules/react-dom/cjs/react-dom.development.js:6430:5)
      at HTMLDivElement.callTheUserObjectsOperation 
(node_modules/jsdom/lib/jsdom/living/generated/EventListener.js:26:30)
      at innerInvokeEventListeners 
(node_modules/jsdom/lib/jsdom/living/events/EventTarget-impl.js:350:25)
      at invokeEventListeners 
(node_modules/jsdom/lib/jsdom/living/events/EventTarget-impl.js:286:3)
      at HTMLSelectElementImpl._dispatch 
(node_modules/jsdom/lib/jsdom/living/events/EventTarget-impl.js:233:9)
      at HTMLSelectElementImpl.dispatchEvent 
(node_modules/jsdom/lib/jsdom/living/events/EventTarget-impl.js:104:17)
      at Proxy.dispatchEvent 
(node_modules/jsdom/lib/jsdom/living/generated/EventTarget.js:241:34)
      at 
node_modules/@testing-library/user-event/dist/cjs/event/dispatchEvent.js:45:43
      at Object.eventWrapper 
(node_modules/@testing-library/dom/dist/config.js:25:23)
      at Object.wrapEvent 
(node_modules/@testing-library/user-event/dist/cjs/event/wrapEvent.js:6:28)
      at Object.dispatchEvent (node_modules/@testing-library/user-event/dist/cj
s/event/dispatchEvent.js:45:22)
      at Object.dispatchUIEvent (node_modules/@testing-library/user-event/dist/
cjs/event/dispatchEvent.js:22:26)
      at selectOption (node_modules/@testing-library/user-event/dist/cjs/utilit
y/selectOptions.js:51:14)
      at Object.selectOptionsBase (node_modules/@testing-library/user-event/dis
t/cjs/utility/selectOptions.js:87:13)
      at Object.<anonymous> 
(src/settings/__tests__/AccountCreatePage.test.tsx:121:9)

    console.error
      Warning: An update to AccountCreatePage inside a test was not wrapped in 
act(...).
      
      When testing, code that causes React state updates should be wrapped 
into act(...):
      
      act(() => {
        /* fire events that update state */
      });
      /* assert on the output */
      
      This ensures that you're testing the behavior the user would see in the 
browser. Learn more at https://reactjs.org/link/wrap-tests-with-act
          at AccountCreatePage (C:\Users\samhe\OneDrive\Desktop\Cleaned\fronten
d\src\settings\AccountCreatePage.tsx:32:47)
          at routeContext (C:\Users\samhe\OneDrive\Desktop\Cleaned\frontend\nod
e_modules\react-router\lib\hooks.tsx:658:26)
          at children (C:\Users\samhe\OneDrive\Desktop\Cleaned\frontend\node_mo
dules\react-router\lib\components.tsx:512:3)
          at basenameProp (C:\Users\samhe\OneDrive\Desktop\Cleaned\frontend\nod
e_modules\react-router\lib\components.tsx:421:13)
          at basename (C:\Users\samhe\OneDrive\Desktop\Cleaned\frontend\node_mo
dules\react-router\lib\components.tsx:225:3)

      216 |                         type="text"
      217 |                         value={orgCode}
    > 218 |                         onChange={e => setOrgCode(e.target.value)}
          |                                        ^
      219 |                         disabled={saving}
      220 |                         className="text-sm border border-gray-300 
rounded px-2 py-1.5 focus:outline-none focus:ring-1 focus:ring-blue-400 
disabled:opacity-50"
      221 |                     />

      at printWarning 
(node_modules/react-dom/cjs/react-dom.development.js:86:30)
      at error (node_modules/react-dom/cjs/react-dom.development.js:60:7)
      at warnIfUpdatesNotWrappedWithActDEV 
(node_modules/react-dom/cjs/react-dom.development.js:27628:9)
      at scheduleUpdateOnFiber 
(node_modules/react-dom/cjs/react-dom.development.js:25547:5)
      at dispatchSetState 
(node_modules/react-dom/cjs/react-dom.development.js:16708:7)
      at onChange (src/settings/AccountCreatePage.tsx:218:40)
      at HTMLUnknownElement.callCallback 
(node_modules/react-dom/cjs/react-dom.development.js:4164:14)
      at HTMLUnknownElement.callTheUserObjectsOperation 
(node_modules/jsdom/lib/jsdom/living/generated/EventListener.js:26:30)
      at innerInvokeEventListeners 
(node_modules/jsdom/lib/jsdom/living/events/EventTarget-impl.js:350:25)
      at invokeEventListeners 
(node_modules/jsdom/lib/jsdom/living/events/EventTarget-impl.js:286:3)
      at HTMLUnknownElementImpl._dispatch 
(node_modules/jsdom/lib/jsdom/living/events/EventTarget-impl.js:233:9)
      at HTMLUnknownElementImpl.dispatchEvent 
(node_modules/jsdom/lib/jsdom/living/events/EventTarget-impl.js:104:17)
      at HTMLUnknownElement.dispatchEvent 
(node_modules/jsdom/lib/jsdom/living/generated/EventTarget.js:241:34)
      at Object.invokeGuardedCallbackDev 
(node_modules/react-dom/cjs/react-dom.development.js:4213:16)
      at invokeGuardedCallback 
(node_modules/react-dom/cjs/react-dom.development.js:4277:31)
      at invokeGuardedCallbackAndCatchFirstError 
(node_modules/react-dom/cjs/react-dom.development.js:4291:25)
      at executeDispatch 
(node_modules/react-dom/cjs/react-dom.development.js:9041:3)
      at processDispatchQueueItemsInOrder 
(node_modules/react-dom/cjs/react-dom.development.js:9073:7)
      at processDispatchQueue 
(node_modules/react-dom/cjs/react-dom.development.js:9086:5)
      at dispatchEventsForPlugins 
(node_modules/react-dom/cjs/react-dom.development.js:9097:3)
      at node_modules/react-dom/cjs/react-dom.development.js:9288:12
      at batchedUpdates$1 
(node_modules/react-dom/cjs/react-dom.development.js:26179:12)
      at batchedUpdates 
(node_modules/react-dom/cjs/react-dom.development.js:3991:12)
      at dispatchEventForPluginEventSystem 
(node_modules/react-dom/cjs/react-dom.development.js:9287:3)
      at dispatchEventWithEnableCapturePhaseSelectiveHydrationWithoutDiscreteEv
entReplay (node_modules/react-dom/cjs/react-dom.development.js:6465:5)
      at dispatchEvent 
(node_modules/react-dom/cjs/react-dom.development.js:6457:5)
      at dispatchDiscreteEvent 
(node_modules/react-dom/cjs/react-dom.development.js:6430:5)
      at HTMLDivElement.callTheUserObjectsOperation 
(node_modules/jsdom/lib/jsdom/living/generated/EventListener.js:26:30)
      at innerInvokeEventListeners 
(node_modules/jsdom/lib/jsdom/living/events/EventTarget-impl.js:350:25)
      at invokeEventListeners 
(node_modules/jsdom/lib/jsdom/living/events/EventTarget-impl.js:286:3)
      at HTMLInputElementImpl._dispatch 
(node_modules/jsdom/lib/jsdom/living/events/EventTarget-impl.js:233:9)
      at HTMLInputElementImpl.dispatchEvent 
(node_modules/jsdom/lib/jsdom/living/events/EventTarget-impl.js:104:17)
      at HTMLInputElement.dispatchEvent 
(node_modules/jsdom/lib/jsdom/living/generated/EventTarget.js:241:34)
      at 
node_modules/@testing-library/user-event/dist/cjs/event/dispatchEvent.js:45:43
      at Object.eventWrapper 
(node_modules/@testing-library/dom/dist/config.js:25:23)
      at Object.wrapEvent 
(node_modules/@testing-library/user-event/dist/cjs/event/wrapEvent.js:6:28)
      at Object.dispatchEvent (node_modules/@testing-library/user-event/dist/cj
s/event/dispatchEvent.js:45:22)
      at Object.dispatchUIEvent (node_modules/@testing-library/user-event/dist/
cjs/event/dispatchEvent.js:22:26)
      at commitInput 
(node_modules/@testing-library/user-event/dist/cjs/event/input.js:145:14)
      at editInputElement 
(node_modules/@testing-library/user-event/dist/cjs/event/input.js:115:9)
      at Object.input 
(node_modules/@testing-library/user-event/dist/cjs/event/input.js:37:9)
      at node_modules/@testing-library/user-event/dist/cjs/event/behavior/keypr
ess.js:31:26
      at Object.dispatchEvent (node_modules/@testing-library/user-event/dist/cj
s/event/dispatchEvent.js:41:13)
      at Object.dispatchUIEvent (node_modules/@testing-library/user-event/dist/
cjs/event/dispatchEvent.js:22:26)
      at KeyboardHost.keydown 
(node_modules/@testing-library/user-event/dist/cjs/system/keyboard.js:76:22)
      at keyboardAction 
(node_modules/@testing-library/user-event/dist/cjs/keyboard/index.js:22:35)
      at Object.keyboard 
(node_modules/@testing-library/user-event/dist/cjs/keyboard/index.js:11:15)
      at Object.type 
(node_modules/@testing-library/user-event/dist/cjs/utility/type.js:17:5)
      at Object.<anonymous> 
(src/settings/__tests__/AccountCreatePage.test.tsx:122:9)

    console.error
      Warning: An update to AccountCreatePage inside a test was not wrapped in 
act(...).
      
      When testing, code that causes React state updates should be wrapped 
into act(...):
      
      act(() => {
        /* fire events that update state */
      });
      /* assert on the output */
      
      This ensures that you're testing the behavior the user would see in the 
browser. Learn more at https://reactjs.org/link/wrap-tests-with-act
          at AccountCreatePage (C:\Users\samhe\OneDrive\Desktop\Cleaned\fronten
d\src\settings\AccountCreatePage.tsx:32:47)
          at routeContext (C:\Users\samhe\OneDrive\Desktop\Cleaned\frontend\nod
e_modules\react-router\lib\hooks.tsx:658:26)
          at children (C:\Users\samhe\OneDrive\Desktop\Cleaned\frontend\node_mo
dules\react-router\lib\components.tsx:512:3)
          at basenameProp (C:\Users\samhe\OneDrive\Desktop\Cleaned\frontend\nod
e_modules\react-router\lib\components.tsx:421:13)
          at basename (C:\Users\samhe\OneDrive\Desktop\Cleaned\frontend\node_mo
dules\react-router\lib\components.tsx:225:3)

      216 |                         type="text"
      217 |                         value={orgCode}
    > 218 |                         onChange={e => setOrgCode(e.target.value)}
          |                                        ^
      219 |                         disabled={saving}
      220 |                         className="text-sm border border-gray-300 
rounded px-2 py-1.5 focus:outline-none focus:ring-1 focus:ring-blue-400 
disabled:opacity-50"
      221 |                     />

      at printWarning 
(node_modules/react-dom/cjs/react-dom.development.js:86:30)
      at error (node_modules/react-dom/cjs/react-dom.development.js:60:7)
      at warnIfUpdatesNotWrappedWithActDEV 
(node_modules/react-dom/cjs/react-dom.development.js:27628:9)
      at scheduleUpdateOnFiber 
(node_modules/react-dom/cjs/react-dom.development.js:25547:5)
      at dispatchSetState 
(node_modules/react-dom/cjs/react-dom.development.js:16708:7)
      at onChange (src/settings/AccountCreatePage.tsx:218:40)
      at HTMLUnknownElement.callCallback 
(node_modules/react-dom/cjs/react-dom.development.js:4164:14)
      at HTMLUnknownElement.callTheUserObjectsOperation 
(node_modules/jsdom/lib/jsdom/living/generated/EventListener.js:26:30)
      at innerInvokeEventListeners 
(node_modules/jsdom/lib/jsdom/living/events/EventTarget-impl.js:350:25)
      at invokeEventListeners 
(node_modules/jsdom/lib/jsdom/living/events/EventTarget-impl.js:286:3)
      at HTMLUnknownElementImpl._dispatch 
(node_modules/jsdom/lib/jsdom/living/events/EventTarget-impl.js:233:9)
      at HTMLUnknownElementImpl.dispatchEvent 
(node_modules/jsdom/lib/jsdom/living/events/EventTarget-impl.js:104:17)
      at HTMLUnknownElement.dispatchEvent 
(node_modules/jsdom/lib/jsdom/living/generated/EventTarget.js:241:34)
      at Object.invokeGuardedCallbackDev 
(node_modules/react-dom/cjs/react-dom.development.js:4213:16)
      at invokeGuardedCallback 
(node_modules/react-dom/cjs/react-dom.development.js:4277:31)
      at invokeGuardedCallbackAndCatchFirstError 
(node_modules/react-dom/cjs/react-dom.development.js:4291:25)
      at executeDispatch 
(node_modules/react-dom/cjs/react-dom.development.js:9041:3)
      at processDispatchQueueItemsInOrder 
(node_modules/react-dom/cjs/react-dom.development.js:9073:7)
      at processDispatchQueue 
(node_modules/react-dom/cjs/react-dom.development.js:9086:5)
      at dispatchEventsForPlugins 
(node_modules/react-dom/cjs/react-dom.development.js:9097:3)
      at node_modules/react-dom/cjs/react-dom.development.js:9288:12
      at batchedUpdates$1 
(node_modules/react-dom/cjs/react-dom.development.js:26179:12)
      at batchedUpdates 
(node_modules/react-dom/cjs/react-dom.development.js:3991:12)
      at dispatchEventForPluginEventSystem 
(node_modules/react-dom/cjs/react-dom.development.js:9287:3)
      at dispatchEventWithEnableCapturePhaseSelectiveHydrationWithoutDiscreteEv
entReplay (node_modules/react-dom/cjs/react-dom.development.js:6465:5)
      at dispatchEvent 
(node_modules/react-dom/cjs/react-dom.development.js:6457:5)
      at dispatchDiscreteEvent 
(node_modules/react-dom/cjs/react-dom.development.js:6430:5)
      at HTMLDivElement.callTheUserObjectsOperation 
(node_modules/jsdom/lib/jsdom/living/generated/EventListener.js:26:30)
      at innerInvokeEventListeners 
(node_modules/jsdom/lib/jsdom/living/events/EventTarget-impl.js:350:25)
      at invokeEventListeners 
(node_modules/jsdom/lib/jsdom/living/events/EventTarget-impl.js:286:3)
      at HTMLInputElementImpl._dispatch 
(node_modules/jsdom/lib/jsdom/living/events/EventTarget-impl.js:233:9)
      at HTMLInputElementImpl.dispatchEvent 
(node_modules/jsdom/lib/jsdom/living/events/EventTarget-impl.js:104:17)
      at HTMLInputElement.dispatchEvent 
(node_modules/jsdom/lib/jsdom/living/generated/EventTarget.js:241:34)
      at 
node_modules/@testing-library/user-event/dist/cjs/event/dispatchEvent.js:45:43
      at Object.eventWrapper 
(node_modules/@testing-library/dom/dist/config.js:25:23)
      at Object.wrapEvent 
(node_modules/@testing-library/user-event/dist/cjs/event/wrapEvent.js:6:28)
      at Object.dispatchEvent (node_modules/@testing-library/user-event/dist/cj
s/event/dispatchEvent.js:45:22)
      at Object.dispatchUIEvent (node_modules/@testing-library/user-event/dist/
cjs/event/dispatchEvent.js:22:26)
      at commitInput 
(node_modules/@testing-library/user-event/dist/cjs/event/input.js:145:14)
      at editInputElement 
(node_modules/@testing-library/user-event/dist/cjs/event/input.js:115:9)
      at Object.input 
(node_modules/@testing-library/user-event/dist/cjs/event/input.js:37:9)
      at node_modules/@testing-library/user-event/dist/cjs/event/behavior/keypr
ess.js:31:26
      at Object.dispatchEvent (node_modules/@testing-library/user-event/dist/cj
s/event/dispatchEvent.js:41:13)
      at Object.dispatchUIEvent (node_modules/@testing-library/user-event/dist/
cjs/event/dispatchEvent.js:22:26)
      at KeyboardHost.keydown 
(node_modules/@testing-library/user-event/dist/cjs/system/keyboard.js:76:22)
      at keyboardAction 
(node_modules/@testing-library/user-event/dist/cjs/keyboard/index.js:22:35)
      at Object.keyboard 
(node_modules/@testing-library/user-event/dist/cjs/keyboard/index.js:11:15)
      at Object.type 
(node_modules/@testing-library/user-event/dist/cjs/utility/type.js:17:5)
      at Object.<anonymous> 
(src/settings/__tests__/AccountCreatePage.test.tsx:122:9)

    console.error
      Warning: An update to AccountCreatePage inside a test was not wrapped in 
act(...).
      
      When testing, code that causes React state updates should be wrapped 
into act(...):
      
      act(() => {
        /* fire events that update state */
      });
      /* assert on the output */
      
      This ensures that you're testing the behavior the user would see in the 
browser. Learn more at https://reactjs.org/link/wrap-tests-with-act
          at AccountCreatePage (C:\Users\samhe\OneDrive\Desktop\Cleaned\fronten
d\src\settings\AccountCreatePage.tsx:32:47)
          at routeContext (C:\Users\samhe\OneDrive\Desktop\Cleaned\frontend\nod
e_modules\react-router\lib\hooks.tsx:658:26)
          at children (C:\Users\samhe\OneDrive\Desktop\Cleaned\frontend\node_mo
dules\react-router\lib\components.tsx:512:3)
          at basenameProp (C:\Users\samhe\OneDrive\Desktop\Cleaned\frontend\nod
e_modules\react-router\lib\components.tsx:421:13)
          at basename (C:\Users\samhe\OneDrive\Desktop\Cleaned\frontend\node_mo
dules\react-router\lib\components.tsx:225:3)

      216 |                         type="text"
      217 |                         value={orgCode}
    > 218 |                         onChange={e => setOrgCode(e.target.value)}
          |                                        ^
      219 |                         disabled={saving}
      220 |                         className="text-sm border border-gray-300 
rounded px-2 py-1.5 focus:outline-none focus:ring-1 focus:ring-blue-400 
disabled:opacity-50"
      221 |                     />

      at printWarning 
(node_modules/react-dom/cjs/react-dom.development.js:86:30)
      at error (node_modules/react-dom/cjs/react-dom.development.js:60:7)
      at warnIfUpdatesNotWrappedWithActDEV 
(node_modules/react-dom/cjs/react-dom.development.js:27628:9)
      at scheduleUpdateOnFiber 
(node_modules/react-dom/cjs/react-dom.development.js:25547:5)
      at dispatchSetState 
(node_modules/react-dom/cjs/react-dom.development.js:16708:7)
      at onChange (src/settings/AccountCreatePage.tsx:218:40)
      at HTMLUnknownElement.callCallback 
(node_modules/react-dom/cjs/react-dom.development.js:4164:14)
      at HTMLUnknownElement.callTheUserObjectsOperation 
(node_modules/jsdom/lib/jsdom/living/generated/EventListener.js:26:30)
      at innerInvokeEventListeners 
(node_modules/jsdom/lib/jsdom/living/events/EventTarget-impl.js:350:25)
      at invokeEventListeners 
(node_modules/jsdom/lib/jsdom/living/events/EventTarget-impl.js:286:3)
      at HTMLUnknownElementImpl._dispatch 
(node_modules/jsdom/lib/jsdom/living/events/EventTarget-impl.js:233:9)
      at HTMLUnknownElementImpl.dispatchEvent 
(node_modules/jsdom/lib/jsdom/living/events/EventTarget-impl.js:104:17)
      at HTMLUnknownElement.dispatchEvent 
(node_modules/jsdom/lib/jsdom/living/generated/EventTarget.js:241:34)
      at Object.invokeGuardedCallbackDev 
(node_modules/react-dom/cjs/react-dom.development.js:4213:16)
      at invokeGuardedCallback 
(node_modules/react-dom/cjs/react-dom.development.js:4277:31)
      at invokeGuardedCallbackAndCatchFirstError 
(node_modules/react-dom/cjs/react-dom.development.js:4291:25)
      at executeDispatch 
(node_modules/react-dom/cjs/react-dom.development.js:9041:3)
      at processDispatchQueueItemsInOrder 
(node_modules/react-dom/cjs/react-dom.development.js:9073:7)
      at processDispatchQueue 
(node_modules/react-dom/cjs/react-dom.development.js:9086:5)
      at dispatchEventsForPlugins 
(node_modules/react-dom/cjs/react-dom.development.js:9097:3)
      at node_modules/react-dom/cjs/react-dom.development.js:9288:12
      at batchedUpdates$1 
(node_modules/react-dom/cjs/react-dom.development.js:26179:12)
      at batchedUpdates 
(node_modules/react-dom/cjs/react-dom.development.js:3991:12)
      at dispatchEventForPluginEventSystem 
(node_modules/react-dom/cjs/react-dom.development.js:9287:3)
      at dispatchEventWithEnableCapturePhaseSelectiveHydrationWithoutDiscreteEv
entReplay (node_modules/react-dom/cjs/react-dom.development.js:6465:5)
      at dispatchEvent 
(node_modules/react-dom/cjs/react-dom.development.js:6457:5)
      at dispatchDiscreteEvent 
(node_modules/react-dom/cjs/react-dom.development.js:6430:5)
      at HTMLDivElement.callTheUserObjectsOperation 
(node_modules/jsdom/lib/jsdom/living/generated/EventListener.js:26:30)
      at innerInvokeEventListeners 
(node_modules/jsdom/lib/jsdom/living/events/EventTarget-impl.js:350:25)
      at invokeEventListeners 
(node_modules/jsdom/lib/jsdom/living/events/EventTarget-impl.js:286:3)
      at HTMLInputElementImpl._dispatch 
(node_modules/jsdom/lib/jsdom/living/events/EventTarget-impl.js:233:9)
      at HTMLInputElementImpl.dispatchEvent 
(node_modules/jsdom/lib/jsdom/living/events/EventTarget-impl.js:104:17)
      at HTMLInputElement.dispatchEvent 
(node_modules/jsdom/lib/jsdom/living/generated/EventTarget.js:241:34)
      at 
node_modules/@testing-library/user-event/dist/cjs/event/dispatchEvent.js:45:43
      at Object.eventWrapper 
(node_modules/@testing-library/dom/dist/config.js:25:23)
      at Object.wrapEvent 
(node_modules/@testing-library/user-event/dist/cjs/event/wrapEvent.js:6:28)
      at Object.dispatchEvent (node_modules/@testing-library/user-event/dist/cj
s/event/dispatchEvent.js:45:22)
      at Object.dispatchUIEvent (node_modules/@testing-library/user-event/dist/
cjs/event/dispatchEvent.js:22:26)
      at commitInput 
(node_modules/@testing-library/user-event/dist/cjs/event/input.js:145:14)
      at editInputElement 
(node_modules/@testing-library/user-event/dist/cjs/event/input.js:115:9)
      at Object.input 
(node_modules/@testing-library/user-event/dist/cjs/event/input.js:37:9)
      at node_modules/@testing-library/user-event/dist/cjs/event/behavior/keypr
ess.js:31:26
      at Object.dispatchEvent (node_modules/@testing-library/user-event/dist/cj
s/event/dispatchEvent.js:41:13)
      at Object.dispatchUIEvent (node_modules/@testing-library/user-event/dist/
cjs/event/dispatchEvent.js:22:26)
      at KeyboardHost.keydown 
(node_modules/@testing-library/user-event/dist/cjs/system/keyboard.js:76:22)
      at keyboardAction 
(node_modules/@testing-library/user-event/dist/cjs/keyboard/index.js:22:35)
      at Object.keyboard 
(node_modules/@testing-library/user-event/dist/cjs/keyboard/index.js:11:15)
      at Object.type 
(node_modules/@testing-library/user-event/dist/cjs/utility/type.js:17:5)
      at Object.<anonymous> 
(src/settings/__tests__/AccountCreatePage.test.tsx:122:9)

    console.error
      Warning: An update to AccountCreatePage inside a test was not wrapped in 
act(...).
      
      When testing, code that causes React state updates should be wrapped 
into act(...):
      
      act(() => {
        /* fire events that update state */
      });
      /* assert on the output */
      
      This ensures that you're testing the behavior the user would see in the 
browser. Learn more at https://reactjs.org/link/wrap-tests-with-act
          at AccountCreatePage (C:\Users\samhe\OneDrive\Desktop\Cleaned\fronten
d\src\settings\AccountCreatePage.tsx:32:47)
          at routeContext (C:\Users\samhe\OneDrive\Desktop\Cleaned\frontend\nod
e_modules\react-router\lib\hooks.tsx:658:26)
          at children (C:\Users\samhe\OneDrive\Desktop\Cleaned\frontend\node_mo
dules\react-router\lib\components.tsx:512:3)
          at basenameProp (C:\Users\samhe\OneDrive\Desktop\Cleaned\frontend\nod
e_modules\react-router\lib\components.tsx:421:13)
          at basename (C:\Users\samhe\OneDrive\Desktop\Cleaned\frontend\node_mo
dules\react-router\lib\components.tsx:225:3)

      216 |                         type="text"
      217 |                         value={orgCode}
    > 218 |                         onChange={e => setOrgCode(e.target.value)}
          |                                        ^
      219 |                         disabled={saving}
      220 |                         className="text-sm border border-gray-300 
rounded px-2 py-1.5 focus:outline-none focus:ring-1 focus:ring-blue-400 
disabled:opacity-50"
      221 |                     />

      at printWarning 
(node_modules/react-dom/cjs/react-dom.development.js:86:30)
      at error (node_modules/react-dom/cjs/react-dom.development.js:60:7)
      at warnIfUpdatesNotWrappedWithActDEV 
(node_modules/react-dom/cjs/react-dom.development.js:27628:9)
      at scheduleUpdateOnFiber 
(node_modules/react-dom/cjs/react-dom.development.js:25547:5)
      at dispatchSetState 
(node_modules/react-dom/cjs/react-dom.development.js:16708:7)
      at onChange (src/settings/AccountCreatePage.tsx:218:40)
      at HTMLUnknownElement.callCallback 
(node_modules/react-dom/cjs/react-dom.development.js:4164:14)
      at HTMLUnknownElement.callTheUserObjectsOperation 
(node_modules/jsdom/lib/jsdom/living/generated/EventListener.js:26:30)
      at innerInvokeEventListeners 
(node_modules/jsdom/lib/jsdom/living/events/EventTarget-impl.js:350:25)
      at invokeEventListeners 
(node_modules/jsdom/lib/jsdom/living/events/EventTarget-impl.js:286:3)
      at HTMLUnknownElementImpl._dispatch 
(node_modules/jsdom/lib/jsdom/living/events/EventTarget-impl.js:233:9)
      at HTMLUnknownElementImpl.dispatchEvent 
(node_modules/jsdom/lib/jsdom/living/events/EventTarget-impl.js:104:17)
      at HTMLUnknownElement.dispatchEvent 
(node_modules/jsdom/lib/jsdom/living/generated/EventTarget.js:241:34)
      at Object.invokeGuardedCallbackDev 
(node_modules/react-dom/cjs/react-dom.development.js:4213:16)
      at invokeGuardedCallback 
(node_modules/react-dom/cjs/react-dom.development.js:4277:31)
      at invokeGuardedCallbackAndCatchFirstError 
(node_modules/react-dom/cjs/react-dom.development.js:4291:25)
      at executeDispatch 
(node_modules/react-dom/cjs/react-dom.development.js:9041:3)
      at processDispatchQueueItemsInOrder 
(node_modules/react-dom/cjs/react-dom.development.js:9073:7)
      at processDispatchQueue 
(node_modules/react-dom/cjs/react-dom.development.js:9086:5)
      at dispatchEventsForPlugins 
(node_modules/react-dom/cjs/react-dom.development.js:9097:3)
      at node_modules/react-dom/cjs/react-dom.development.js:9288:12
      at batchedUpdates$1 
(node_modules/react-dom/cjs/react-dom.development.js:26179:12)
      at batchedUpdates 
(node_modules/react-dom/cjs/react-dom.development.js:3991:12)
      at dispatchEventForPluginEventSystem 
(node_modules/react-dom/cjs/react-dom.development.js:9287:3)
      at dispatchEventWithEnableCapturePhaseSelectiveHydrationWithoutDiscreteEv
entReplay (node_modules/react-dom/cjs/react-dom.development.js:6465:5)
      at dispatchEvent 
(node_modules/react-dom/cjs/react-dom.development.js:6457:5)
      at dispatchDiscreteEvent 
(node_modules/react-dom/cjs/react-dom.development.js:6430:5)
      at HTMLDivElement.callTheUserObjectsOperation 
(node_modules/jsdom/lib/jsdom/living/generated/EventListener.js:26:30)
      at innerInvokeEventListeners 
(node_modules/jsdom/lib/jsdom/living/events/EventTarget-impl.js:350:25)
      at invokeEventListeners 
(node_modules/jsdom/lib/jsdom/living/events/EventTarget-impl.js:286:3)
      at HTMLInputElementImpl._dispatch 
(node_modules/jsdom/lib/jsdom/living/events/EventTarget-impl.js:233:9)
      at HTMLInputElementImpl.dispatchEvent 
(node_modules/jsdom/lib/jsdom/living/events/EventTarget-impl.js:104:17)
      at HTMLInputElement.dispatchEvent 
(node_modules/jsdom/lib/jsdom/living/generated/EventTarget.js:241:34)
      at 
node_modules/@testing-library/user-event/dist/cjs/event/dispatchEvent.js:45:43
      at Object.eventWrapper 
(node_modules/@testing-library/dom/dist/config.js:25:23)
      at Object.wrapEvent 
(node_modules/@testing-library/user-event/dist/cjs/event/wrapEvent.js:6:28)
      at Object.dispatchEvent (node_modules/@testing-library/user-event/dist/cj
s/event/dispatchEvent.js:45:22)
      at Object.dispatchUIEvent (node_modules/@testing-library/user-event/dist/
cjs/event/dispatchEvent.js:22:26)
      at commitInput 
(node_modules/@testing-library/user-event/dist/cjs/event/input.js:145:14)
      at editInputElement 
(node_modules/@testing-library/user-event/dist/cjs/event/input.js:115:9)
      at Object.input 
(node_modules/@testing-library/user-event/dist/cjs/event/input.js:37:9)
      at node_modules/@testing-library/user-event/dist/cjs/event/behavior/keypr
ess.js:31:26
      at Object.dispatchEvent (node_modules/@testing-library/user-event/dist/cj
s/event/dispatchEvent.js:41:13)
      at Object.dispatchUIEvent (node_modules/@testing-library/user-event/dist/
cjs/event/dispatchEvent.js:22:26)
      at KeyboardHost.keydown 
(node_modules/@testing-library/user-event/dist/cjs/system/keyboard.js:76:22)
      at keyboardAction 
(node_modules/@testing-library/user-event/dist/cjs/keyboard/index.js:22:35)
      at Object.keyboard 
(node_modules/@testing-library/user-event/dist/cjs/keyboard/index.js:11:15)
      at Object.type 
(node_modules/@testing-library/user-event/dist/cjs/utility/type.js:17:5)
      at Object.<anonymous> 
(src/settings/__tests__/AccountCreatePage.test.tsx:122:9)

    console.error
      Warning: An update to AccountCreatePage inside a test was not wrapped in 
act(...).
      
      When testing, code that causes React state updates should be wrapped 
into act(...):
      
      act(() => {
        /* fire events that update state */
      });
      /* assert on the output */
      
      This ensures that you're testing the behavior the user would see in the 
browser. Learn more at https://reactjs.org/link/wrap-tests-with-act
          at AccountCreatePage (C:\Users\samhe\OneDrive\Desktop\Cleaned\fronten
d\src\settings\AccountCreatePage.tsx:32:47)
          at routeContext (C:\Users\samhe\OneDrive\Desktop\Cleaned\frontend\nod
e_modules\react-router\lib\hooks.tsx:658:26)
          at children (C:\Users\samhe\OneDrive\Desktop\Cleaned\frontend\node_mo
dules\react-router\lib\components.tsx:512:3)
          at basenameProp (C:\Users\samhe\OneDrive\Desktop\Cleaned\frontend\nod
e_modules\react-router\lib\components.tsx:421:13)
          at basename (C:\Users\samhe\OneDrive\Desktop\Cleaned\frontend\node_mo
dules\react-router\lib\components.tsx:225:3)

      147 |                         type="email"
      148 |                         value={email}
    > 149 |                         onChange={e => setEmail(e.target.value)}
          |                                        ^
      150 |                         disabled={saving}
      151 |                         className="text-sm border border-gray-300 
rounded px-2 py-1.5 focus:outline-none focus:ring-1 focus:ring-blue-400 
disabled:opacity-50"
      152 |                     />

      at printWarning 
(node_modules/react-dom/cjs/react-dom.development.js:86:30)
      at error (node_modules/react-dom/cjs/react-dom.development.js:60:7)
      at warnIfUpdatesNotWrappedWithActDEV 
(node_modules/react-dom/cjs/react-dom.development.js:27628:9)
      at scheduleUpdateOnFiber 
(node_modules/react-dom/cjs/react-dom.development.js:25547:5)
      at dispatchSetState 
(node_modules/react-dom/cjs/react-dom.development.js:16708:7)
      at onChange (src/settings/AccountCreatePage.tsx:149:40)
      at HTMLUnknownElement.callCallback 
(node_modules/react-dom/cjs/react-dom.development.js:4164:14)
      at HTMLUnknownElement.callTheUserObjectsOperation 
(node_modules/jsdom/lib/jsdom/living/generated/EventListener.js:26:30)
      at innerInvokeEventListeners 
(node_modules/jsdom/lib/jsdom/living/events/EventTarget-impl.js:350:25)
      at invokeEventListeners 
(node_modules/jsdom/lib/jsdom/living/events/EventTarget-impl.js:286:3)
      at HTMLUnknownElementImpl._dispatch 
(node_modules/jsdom/lib/jsdom/living/events/EventTarget-impl.js:233:9)
      at HTMLUnknownElementImpl.dispatchEvent 
(node_modules/jsdom/lib/jsdom/living/events/EventTarget-impl.js:104:17)
      at HTMLUnknownElement.dispatchEvent 
(node_modules/jsdom/lib/jsdom/living/generated/EventTarget.js:241:34)
      at Object.invokeGuardedCallbackDev 
(node_modules/react-dom/cjs/react-dom.development.js:4213:16)
      at invokeGuardedCallback 
(node_modules/react-dom/cjs/react-dom.development.js:4277:31)
      at invokeGuardedCallbackAndCatchFirstError 
(node_modules/react-dom/cjs/react-dom.development.js:4291:25)
      at executeDispatch 
(node_modules/react-dom/cjs/react-dom.development.js:9041:3)
      at processDispatchQueueItemsInOrder 
(node_modules/react-dom/cjs/react-dom.development.js:9073:7)
      at processDispatchQueue 
(node_modules/react-dom/cjs/react-dom.development.js:9086:5)
      at dispatchEventsForPlugins 
(node_modules/react-dom/cjs/react-dom.development.js:9097:3)
      at node_modules/react-dom/cjs/react-dom.development.js:9288:12
      at batchedUpdates$1 
(node_modules/react-dom/cjs/react-dom.development.js:26179:12)
      at batchedUpdates 
(node_modules/react-dom/cjs/react-dom.development.js:3991:12)
      at dispatchEventForPluginEventSystem 
(node_modules/react-dom/cjs/react-dom.development.js:9287:3)
      at dispatchEventWithEnableCapturePhaseSelectiveHydrationWithoutDiscreteEv
entReplay (node_modules/react-dom/cjs/react-dom.development.js:6465:5)
      at dispatchEvent 
(node_modules/react-dom/cjs/react-dom.development.js:6457:5)
      at dispatchDiscreteEvent 
(node_modules/react-dom/cjs/react-dom.development.js:6430:5)
      at HTMLDivElement.callTheUserObjectsOperation 
(node_modules/jsdom/lib/jsdom/living/generated/EventListener.js:26:30)
      at innerInvokeEventListeners 
(node_modules/jsdom/lib/jsdom/living/events/EventTarget-impl.js:350:25)
      at invokeEventListeners 
(node_modules/jsdom/lib/jsdom/living/events/EventTarget-impl.js:286:3)
      at HTMLInputElementImpl._dispatch 
(node_modules/jsdom/lib/jsdom/living/events/EventTarget-impl.js:233:9)
      at HTMLInputElementImpl.dispatchEvent 
(node_modules/jsdom/lib/jsdom/living/events/EventTarget-impl.js:104:17)
      at HTMLInputElement.dispatchEvent 
(node_modules/jsdom/lib/jsdom/living/generated/EventTarget.js:241:34)
      at 
node_modules/@testing-library/user-event/dist/cjs/event/dispatchEvent.js:45:43
      at Object.eventWrapper 
(node_modules/@testing-library/dom/dist/config.js:25:23)
      at Object.wrapEvent 
(node_modules/@testing-library/user-event/dist/cjs/event/wrapEvent.js:6:28)
      at Object.dispatchEvent (node_modules/@testing-library/user-event/dist/cj
s/event/dispatchEvent.js:45:22)
      at Object.dispatchUIEvent (node_modules/@testing-library/user-event/dist/
cjs/event/dispatchEvent.js:22:26)
      at commitInput 
(node_modules/@testing-library/user-event/dist/cjs/event/input.js:145:14)
      at editInputElement 
(node_modules/@testing-library/user-event/dist/cjs/event/input.js:115:9)
      at Object.input 
(node_modules/@testing-library/user-event/dist/cjs/event/input.js:37:9)
      at node_modules/@testing-library/user-event/dist/cjs/event/behavior/keypr
ess.js:31:26
      at Object.dispatchEvent (node_modules/@testing-library/user-event/dist/cj
s/event/dispatchEvent.js:41:13)
      at Object.dispatchUIEvent (node_modules/@testing-library/user-event/dist/
cjs/event/dispatchEvent.js:22:26)
      at KeyboardHost.keydown 
(node_modules/@testing-library/user-event/dist/cjs/system/keyboard.js:76:22)
      at keyboardAction 
(node_modules/@testing-library/user-event/dist/cjs/keyboard/index.js:22:35)
      at Object.keyboard 
(node_modules/@testing-library/user-event/dist/cjs/keyboard/index.js:11:15)
      at Object.type 
(node_modules/@testing-library/user-event/dist/cjs/utility/type.js:17:5)
      at Object.<anonymous> 
(src/settings/__tests__/AccountCreatePage.test.tsx:135:9)

    console.error
      Warning: An update to AccountCreatePage inside a test was not wrapped in 
act(...).
      
      When testing, code that causes React state updates should be wrapped 
into act(...):
      
      act(() => {
        /* fire events that update state */
      });
      /* assert on the output */
      
      This ensures that you're testing the behavior the user would see in the 
browser. Learn more at https://reactjs.org/link/wrap-tests-with-act
          at AccountCreatePage (C:\Users\samhe\OneDrive\Desktop\Cleaned\fronten
d\src\settings\AccountCreatePage.tsx:32:47)
          at routeContext (C:\Users\samhe\OneDrive\Desktop\Cleaned\frontend\nod
e_modules\react-router\lib\hooks.tsx:658:26)
          at children (C:\Users\samhe\OneDrive\Desktop\Cleaned\frontend\node_mo
dules\react-router\lib\components.tsx:512:3)
          at basenameProp (C:\Users\samhe\OneDrive\Desktop\Cleaned\frontend\nod
e_modules\react-router\lib\components.tsx:421:13)
          at basename (C:\Users\samhe\OneDrive\Desktop\Cleaned\frontend\node_mo
dules\react-router\lib\components.tsx:225:3)

      147 |                         type="email"
      148 |                         value={email}
    > 149 |                         onChange={e => setEmail(e.target.value)}
          |                                        ^
      150 |                         disabled={saving}
      151 |                         className="text-sm border border-gray-300 
rounded px-2 py-1.5 focus:outline-none focus:ring-1 focus:ring-blue-400 
disabled:opacity-50"
      152 |                     />

      at printWarning 
(node_modules/react-dom/cjs/react-dom.development.js:86:30)
      at error (node_modules/react-dom/cjs/react-dom.development.js:60:7)
      at warnIfUpdatesNotWrappedWithActDEV 
(node_modules/react-dom/cjs/react-dom.development.js:27628:9)
      at scheduleUpdateOnFiber 
(node_modules/react-dom/cjs/react-dom.development.js:25547:5)
      at dispatchSetState 
(node_modules/react-dom/cjs/react-dom.development.js:16708:7)
      at onChange (src/settings/AccountCreatePage.tsx:149:40)
      at HTMLUnknownElement.callCallback 
(node_modules/react-dom/cjs/react-dom.development.js:4164:14)
      at HTMLUnknownElement.callTheUserObjectsOperation 
(node_modules/jsdom/lib/jsdom/living/generated/EventListener.js:26:30)
      at innerInvokeEventListeners 
(node_modules/jsdom/lib/jsdom/living/events/EventTarget-impl.js:350:25)
      at invokeEventListeners 
(node_modules/jsdom/lib/jsdom/living/events/EventTarget-impl.js:286:3)
      at HTMLUnknownElementImpl._dispatch 
(node_modules/jsdom/lib/jsdom/living/events/EventTarget-impl.js:233:9)
      at HTMLUnknownElementImpl.dispatchEvent 
(node_modules/jsdom/lib/jsdom/living/events/EventTarget-impl.js:104:17)
      at HTMLUnknownElement.dispatchEvent 
(node_modules/jsdom/lib/jsdom/living/generated/EventTarget.js:241:34)
      at Object.invokeGuardedCallbackDev 
(node_modules/react-dom/cjs/react-dom.development.js:4213:16)
      at invokeGuardedCallback 
(node_modules/react-dom/cjs/react-dom.development.js:4277:31)
      at invokeGuardedCallbackAndCatchFirstError 
(node_modules/react-dom/cjs/react-dom.development.js:4291:25)
      at executeDispatch 
(node_modules/react-dom/cjs/react-dom.development.js:9041:3)
      at processDispatchQueueItemsInOrder 
(node_modules/react-dom/cjs/react-dom.development.js:9073:7)
      at processDispatchQueue 
(node_modules/react-dom/cjs/react-dom.development.js:9086:5)
      at dispatchEventsForPlugins 
(node_modules/react-dom/cjs/react-dom.development.js:9097:3)
      at node_modules/react-dom/cjs/react-dom.development.js:9288:12
      at batchedUpdates$1 
(node_modules/react-dom/cjs/react-dom.development.js:26179:12)
      at batchedUpdates 
(node_modules/react-dom/cjs/react-dom.development.js:3991:12)
      at dispatchEventForPluginEventSystem 
(node_modules/react-dom/cjs/react-dom.development.js:9287:3)
      at dispatchEventWithEnableCapturePhaseSelectiveHydrationWithoutDiscreteEv
entReplay (node_modules/react-dom/cjs/react-dom.development.js:6465:5)
      at dispatchEvent 
(node_modules/react-dom/cjs/react-dom.development.js:6457:5)
      at dispatchDiscreteEvent 
(node_modules/react-dom/cjs/react-dom.development.js:6430:5)
      at HTMLDivElement.callTheUserObjectsOperation 
(node_modules/jsdom/lib/jsdom/living/generated/EventListener.js:26:30)
      at innerInvokeEventListeners 
(node_modules/jsdom/lib/jsdom/living/events/EventTarget-impl.js:350:25)
      at invokeEventListeners 
(node_modules/jsdom/lib/jsdom/living/events/EventTarget-impl.js:286:3)
      at HTMLInputElementImpl._dispatch 
(node_modules/jsdom/lib/jsdom/living/events/EventTarget-impl.js:233:9)
      at HTMLInputElementImpl.dispatchEvent 
(node_modules/jsdom/lib/jsdom/living/events/EventTarget-impl.js:104:17)
      at HTMLInputElement.dispatchEvent 
(node_modules/jsdom/lib/jsdom/living/generated/EventTarget.js:241:34)
      at 
node_modules/@testing-library/user-event/dist/cjs/event/dispatchEvent.js:45:43
      at Object.eventWrapper 
(node_modules/@testing-library/dom/dist/config.js:25:23)
      at Object.wrapEvent 
(node_modules/@testing-library/user-event/dist/cjs/event/wrapEvent.js:6:28)
      at Object.dispatchEvent (node_modules/@testing-library/user-event/dist/cj
s/event/dispatchEvent.js:45:22)
      at Object.dispatchUIEvent (node_modules/@testing-library/user-event/dist/
cjs/event/dispatchEvent.js:22:26)
      at commitInput 
(node_modules/@testing-library/user-event/dist/cjs/event/input.js:145:14)
      at editInputElement 
(node_modules/@testing-library/user-event/dist/cjs/event/input.js:115:9)
      at Object.input 
(node_modules/@testing-library/user-event/dist/cjs/event/input.js:37:9)
      at node_modules/@testing-library/user-event/dist/cjs/event/behavior/keypr
ess.js:31:26
      at Object.dispatchEvent (node_modules/@testing-library/user-event/dist/cj
s/event/dispatchEvent.js:41:13)
      at Object.dispatchUIEvent (node_modules/@testing-library/user-event/dist/
cjs/event/dispatchEvent.js:22:26)
      at KeyboardHost.keydown 
(node_modules/@testing-library/user-event/dist/cjs/system/keyboard.js:76:22)
      at keyboardAction 
(node_modules/@testing-library/user-event/dist/cjs/keyboard/index.js:22:35)
      at Object.keyboard 
(node_modules/@testing-library/user-event/dist/cjs/keyboard/index.js:11:15)
      at Object.type 
(node_modules/@testing-library/user-event/dist/cjs/utility/type.js:17:5)
      at Object.<anonymous> 
(src/settings/__tests__/AccountCreatePage.test.tsx:135:9)

    console.error
      Warning: An update to AccountCreatePage inside a test was not wrapped in 
act(...).
      
      When testing, code that causes React state updates should be wrapped 
into act(...):
      
      act(() => {
        /* fire events that update state */
      });
      /* assert on the output */
      
      This ensures that you're testing the behavior the user would see in the 
browser. Learn more at https://reactjs.org/link/wrap-tests-with-act
          at AccountCreatePage (C:\Users\samhe\OneDrive\Desktop\Cleaned\fronten
d\src\settings\AccountCreatePage.tsx:32:47)
          at routeContext (C:\Users\samhe\OneDrive\Desktop\Cleaned\frontend\nod
e_modules\react-router\lib\hooks.tsx:658:26)
          at children (C:\Users\samhe\OneDrive\Desktop\Cleaned\frontend\node_mo
dules\react-router\lib\components.tsx:512:3)
          at basenameProp (C:\Users\samhe\OneDrive\Desktop\Cleaned\frontend\nod
e_modules\react-router\lib\components.tsx:421:13)
          at basename (C:\Users\samhe\OneDrive\Desktop\Cleaned\frontend\node_mo
dules\react-router\lib\components.tsx:225:3)

      147 |                         type="email"
      148 |                         value={email}
    > 149 |                         onChange={e => setEmail(e.target.value)}
          |                                        ^
      150 |                         disabled={saving}
      151 |                         className="text-sm border border-gray-300 
rounded px-2 py-1.5 focus:outline-none focus:ring-1 focus:ring-blue-400 
disabled:opacity-50"
      152 |                     />

      at printWarning 
(node_modules/react-dom/cjs/react-dom.development.js:86:30)
      at error (node_modules/react-dom/cjs/react-dom.development.js:60:7)
      at warnIfUpdatesNotWrappedWithActDEV 
(node_modules/react-dom/cjs/react-dom.development.js:27628:9)
      at scheduleUpdateOnFiber 
(node_modules/react-dom/cjs/react-dom.development.js:25547:5)
      at dispatchSetState 
(node_modules/react-dom/cjs/react-dom.development.js:16708:7)
      at onChange (src/settings/AccountCreatePage.tsx:149:40)
      at HTMLUnknownElement.callCallback 
(node_modules/react-dom/cjs/react-dom.development.js:4164:14)
      at HTMLUnknownElement.callTheUserObjectsOperation 
(node_modules/jsdom/lib/jsdom/living/generated/EventListener.js:26:30)
      at innerInvokeEventListeners 
(node_modules/jsdom/lib/jsdom/living/events/EventTarget-impl.js:350:25)
      at invokeEventListeners 
(node_modules/jsdom/lib/jsdom/living/events/EventTarget-impl.js:286:3)
      at HTMLUnknownElementImpl._dispatch 
(node_modules/jsdom/lib/jsdom/living/events/EventTarget-impl.js:233:9)
      at HTMLUnknownElementImpl.dispatchEvent 
(node_modules/jsdom/lib/jsdom/living/events/EventTarget-impl.js:104:17)
      at HTMLUnknownElement.dispatchEvent 
(node_modules/jsdom/lib/jsdom/living/generated/EventTarget.js:241:34)
      at Object.invokeGuardedCallbackDev 
(node_modules/react-dom/cjs/react-dom.development.js:4213:16)
      at invokeGuardedCallback 
(node_modules/react-dom/cjs/react-dom.development.js:4277:31)
      at invokeGuardedCallbackAndCatchFirstError 
(node_modules/react-dom/cjs/react-dom.development.js:4291:25)
      at executeDispatch 
(node_modules/react-dom/cjs/react-dom.development.js:9041:3)
      at processDispatchQueueItemsInOrder 
(node_modules/react-dom/cjs/react-dom.development.js:9073:7)
      at processDispatchQueue 
(node_modules/react-dom/cjs/react-dom.development.js:9086:5)
      at dispatchEventsForPlugins 
(node_modules/react-dom/cjs/react-dom.development.js:9097:3)
      at node_modules/react-dom/cjs/react-dom.development.js:9288:12
      at batchedUpdates$1 
(node_modules/react-dom/cjs/react-dom.development.js:26179:12)
      at batchedUpdates 
(node_modules/react-dom/cjs/react-dom.development.js:3991:12)
      at dispatchEventForPluginEventSystem 
(node_modules/react-dom/cjs/react-dom.development.js:9287:3)
      at dispatchEventWithEnableCapturePhaseSelectiveHydrationWithoutDiscreteEv
entReplay (node_modules/react-dom/cjs/react-dom.development.js:6465:5)
      at dispatchEvent 
(node_modules/react-dom/cjs/react-dom.development.js:6457:5)
      at dispatchDiscreteEvent 
(node_modules/react-dom/cjs/react-dom.development.js:6430:5)
      at HTMLDivElement.callTheUserObjectsOperation 
(node_modules/jsdom/lib/jsdom/living/generated/EventListener.js:26:30)
      at innerInvokeEventListeners 
(node_modules/jsdom/lib/jsdom/living/events/EventTarget-impl.js:350:25)
      at invokeEventListeners 
(node_modules/jsdom/lib/jsdom/living/events/EventTarget-impl.js:286:3)
      at HTMLInputElementImpl._dispatch 
(node_modules/jsdom/lib/jsdom/living/events/EventTarget-impl.js:233:9)
      at HTMLInputElementImpl.dispatchEvent 
(node_modules/jsdom/lib/jsdom/living/events/EventTarget-impl.js:104:17)
      at HTMLInputElement.dispatchEvent 
(node_modules/jsdom/lib/jsdom/living/generated/EventTarget.js:241:34)
      at 
node_modules/@testing-library/user-event/dist/cjs/event/dispatchEvent.js:45:43
      at Object.eventWrapper 
(node_modules/@testing-library/dom/dist/config.js:25:23)
      at Object.wrapEvent 
(node_modules/@testing-library/user-event/dist/cjs/event/wrapEvent.js:6:28)
      at Object.dispatchEvent (node_modules/@testing-library/user-event/dist/cj
s/event/dispatchEvent.js:45:22)
      at Object.dispatchUIEvent (node_modules/@testing-library/user-event/dist/
cjs/event/dispatchEvent.js:22:26)
      at commitInput 
(node_modules/@testing-library/user-event/dist/cjs/event/input.js:145:14)
      at editInputElement 
(node_modules/@testing-library/user-event/dist/cjs/event/input.js:115:9)
      at Object.input 
(node_modules/@testing-library/user-event/dist/cjs/event/input.js:37:9)
      at node_modules/@testing-library/user-event/dist/cjs/event/behavior/keypr
ess.js:31:26
      at Object.dispatchEvent (node_modules/@testing-library/user-event/dist/cj
s/event/dispatchEvent.js:41:13)
      at Object.dispatchUIEvent (node_modules/@testing-library/user-event/dist/
cjs/event/dispatchEvent.js:22:26)
      at KeyboardHost.keydown 
(node_modules/@testing-library/user-event/dist/cjs/system/keyboard.js:76:22)
      at keyboardAction 
(node_modules/@testing-library/user-event/dist/cjs/keyboard/index.js:22:35)
      at Object.keyboard 
(node_modules/@testing-library/user-event/dist/cjs/keyboard/index.js:11:15)
      at Object.type 
(node_modules/@testing-library/user-event/dist/cjs/utility/type.js:17:5)
      at Object.<anonymous> 
(src/settings/__tests__/AccountCreatePage.test.tsx:135:9)

    console.error
      Warning: An update to AccountCreatePage inside a test was not wrapped in 
act(...).
      
      When testing, code that causes React state updates should be wrapped 
into act(...):
      
      act(() => {
        /* fire events that update state */
      });
      /* assert on the output */
      
      This ensures that you're testing the behavior the user would see in the 
browser. Learn more at https://reactjs.org/link/wrap-tests-with-act
          at AccountCreatePage (C:\Users\samhe\OneDrive\Desktop\Cleaned\fronten
d\src\settings\AccountCreatePage.tsx:32:47)
          at routeContext (C:\Users\samhe\OneDrive\Desktop\Cleaned\frontend\nod
e_modules\react-router\lib\hooks.tsx:658:26)
          at children (C:\Users\samhe\OneDrive\Desktop\Cleaned\frontend\node_mo
dules\react-router\lib\components.tsx:512:3)
          at basenameProp (C:\Users\samhe\OneDrive\Desktop\Cleaned\frontend\nod
e_modules\react-router\lib\components.tsx:421:13)
          at basename (C:\Users\samhe\OneDrive\Desktop\Cleaned\frontend\node_mo
dules\react-router\lib\components.tsx:225:3)

      147 |                         type="email"
      148 |                         value={email}
    > 149 |                         onChange={e => setEmail(e.target.value)}
          |                                        ^
      150 |                         disabled={saving}
      151 |                         className="text-sm border border-gray-300 
rounded px-2 py-1.5 focus:outline-none focus:ring-1 focus:ring-blue-400 
disabled:opacity-50"
      152 |                     />

      at printWarning 
(node_modules/react-dom/cjs/react-dom.development.js:86:30)
      at error (node_modules/react-dom/cjs/react-dom.development.js:60:7)
      at warnIfUpdatesNotWrappedWithActDEV 
(node_modules/react-dom/cjs/react-dom.development.js:27628:9)
      at scheduleUpdateOnFiber 
(node_modules/react-dom/cjs/react-dom.development.js:25547:5)
      at dispatchSetState 
(node_modules/react-dom/cjs/react-dom.development.js:16708:7)
      at onChange (src/settings/AccountCreatePage.tsx:149:40)
      at HTMLUnknownElement.callCallback 
(node_modules/react-dom/cjs/react-dom.development.js:4164:14)
      at HTMLUnknownElement.callTheUserObjectsOperation 
(node_modules/jsdom/lib/jsdom/living/generated/EventListener.js:26:30)
      at innerInvokeEventListeners 
(node_modules/jsdom/lib/jsdom/living/events/EventTarget-impl.js:350:25)
      at invokeEventListeners 
(node_modules/jsdom/lib/jsdom/living/events/EventTarget-impl.js:286:3)
      at HTMLUnknownElementImpl._dispatch 
(node_modules/jsdom/lib/jsdom/living/events/EventTarget-impl.js:233:9)
      at HTMLUnknownElementImpl.dispatchEvent 
(node_modules/jsdom/lib/jsdom/living/events/EventTarget-impl.js:104:17)
      at HTMLUnknownElement.dispatchEvent 
(node_modules/jsdom/lib/jsdom/living/generated/EventTarget.js:241:34)
      at Object.invokeGuardedCallbackDev 
(node_modules/react-dom/cjs/react-dom.development.js:4213:16)
      at invokeGuardedCallback 
(node_modules/react-dom/cjs/react-dom.development.js:4277:31)
      at invokeGuardedCallbackAndCatchFirstError 
(node_modules/react-dom/cjs/react-dom.development.js:4291:25)
      at executeDispatch 
(node_modules/react-dom/cjs/react-dom.development.js:9041:3)
      at processDispatchQueueItemsInOrder 
(node_modules/react-dom/cjs/react-dom.development.js:9073:7)
      at processDispatchQueue 
(node_modules/react-dom/cjs/react-dom.development.js:9086:5)
      at dispatchEventsForPlugins 
(node_modules/react-dom/cjs/react-dom.development.js:9097:3)
      at node_modules/react-dom/cjs/react-dom.development.js:9288:12
      at batchedUpdates$1 
(node_modules/react-dom/cjs/react-dom.development.js:26179:12)
      at batchedUpdates 
(node_modules/react-dom/cjs/react-dom.development.js:3991:12)
      at dispatchEventForPluginEventSystem 
(node_modules/react-dom/cjs/react-dom.development.js:9287:3)
      at dispatchEventWithEnableCapturePhaseSelectiveHydrationWithoutDiscreteEv
entReplay (node_modules/react-dom/cjs/react-dom.development.js:6465:5)
      at dispatchEvent 
(node_modules/react-dom/cjs/react-dom.development.js:6457:5)
      at dispatchDiscreteEvent 
(node_modules/react-dom/cjs/react-dom.development.js:6430:5)
      at HTMLDivElement.callTheUserObjectsOperation 
(node_modules/jsdom/lib/jsdom/living/generated/EventListener.js:26:30)
      at innerInvokeEventListeners 
(node_modules/jsdom/lib/jsdom/living/events/EventTarget-impl.js:350:25)
      at invokeEventListeners 
(node_modules/jsdom/lib/jsdom/living/events/EventTarget-impl.js:286:3)
      at HTMLInputElementImpl._dispatch 
(node_modules/jsdom/lib/jsdom/living/events/EventTarget-impl.js:233:9)
      at HTMLInputElementImpl.dispatchEvent 
(node_modules/jsdom/lib/jsdom/living/events/EventTarget-impl.js:104:17)
      at HTMLInputElement.dispatchEvent 
(node_modules/jsdom/lib/jsdom/living/generated/EventTarget.js:241:34)
      at 
node_modules/@testing-library/user-event/dist/cjs/event/dispatchEvent.js:45:43
      at Object.eventWrapper 
(node_modules/@testing-library/dom/dist/config.js:25:23)
      at Object.wrapEvent 
(node_modules/@testing-library/user-event/dist/cjs/event/wrapEvent.js:6:28)
      at Object.dispatchEvent (node_modules/@testing-library/user-event/dist/cj
s/event/dispatchEvent.js:45:22)
      at Object.dispatchUIEvent (node_modules/@testing-library/user-event/dist/
cjs/event/dispatchEvent.js:22:26)
      at commitInput 
(node_modules/@testing-library/user-event/dist/cjs/event/input.js:145:14)
      at editInputElement 
(node_modules/@testing-library/user-event/dist/cjs/event/input.js:115:9)
      at Object.input 
(node_modules/@testing-library/user-event/dist/cjs/event/input.js:37:9)
      at node_modules/@testing-library/user-event/dist/cjs/event/behavior/keypr
ess.js:31:26
      at Object.dispatchEvent (node_modules/@testing-library/user-event/dist/cj
s/event/dispatchEvent.js:41:13)
      at Object.dispatchUIEvent (node_modules/@testing-library/user-event/dist/
cjs/event/dispatchEvent.js:22:26)
      at KeyboardHost.keydown 
(node_modules/@testing-library/user-event/dist/cjs/system/keyboard.js:76:22)
      at keyboardAction 
(node_modules/@testing-library/user-event/dist/cjs/keyboard/index.js:22:35)
      at Object.keyboard 
(node_modules/@testing-library/user-event/dist/cjs/keyboard/index.js:11:15)
      at Object.type 
(node_modules/@testing-library/user-event/dist/cjs/utility/type.js:17:5)
      at Object.<anonymous> 
(src/settings/__tests__/AccountCreatePage.test.tsx:135:9)

    console.error
      Warning: An update to AccountCreatePage inside a test was not wrapped in 
act(...).
      
      When testing, code that causes React state updates should be wrapped 
into act(...):
      
      act(() => {
        /* fire events that update state */
      });
      /* assert on the output */
      
      This ensures that you're testing the behavior the user would see in the 
browser. Learn more at https://reactjs.org/link/wrap-tests-with-act
          at AccountCreatePage (C:\Users\samhe\OneDrive\Desktop\Cleaned\fronten
d\src\settings\AccountCreatePage.tsx:32:47)
          at routeContext (C:\Users\samhe\OneDrive\Desktop\Cleaned\frontend\nod
e_modules\react-router\lib\hooks.tsx:658:26)
          at children (C:\Users\samhe\OneDrive\Desktop\Cleaned\frontend\node_mo
dules\react-router\lib\components.tsx:512:3)
          at basenameProp (C:\Users\samhe\OneDrive\Desktop\Cleaned\frontend\nod
e_modules\react-router\lib\components.tsx:421:13)
          at basename (C:\Users\samhe\OneDrive\Desktop\Cleaned\frontend\node_mo
dules\react-router\lib\components.tsx:225:3)

      147 |                         type="email"
      148 |                         value={email}
    > 149 |                         onChange={e => setEmail(e.target.value)}
          |                                        ^
      150 |                         disabled={saving}
      151 |                         className="text-sm border border-gray-300 
rounded px-2 py-1.5 focus:outline-none focus:ring-1 focus:ring-blue-400 
disabled:opacity-50"
      152 |                     />

      at printWarning 
(node_modules/react-dom/cjs/react-dom.development.js:86:30)
      at error (node_modules/react-dom/cjs/react-dom.development.js:60:7)
      at warnIfUpdatesNotWrappedWithActDEV 
(node_modules/react-dom/cjs/react-dom.development.js:27628:9)
      at scheduleUpdateOnFiber 
(node_modules/react-dom/cjs/react-dom.development.js:25547:5)
      at dispatchSetState 
(node_modules/react-dom/cjs/react-dom.development.js:16708:7)
      at onChange (src/settings/AccountCreatePage.tsx:149:40)
      at HTMLUnknownElement.callCallback 
(node_modules/react-dom/cjs/react-dom.development.js:4164:14)
      at HTMLUnknownElement.callTheUserObjectsOperation 
(node_modules/jsdom/lib/jsdom/living/generated/EventListener.js:26:30)
      at innerInvokeEventListeners 
(node_modules/jsdom/lib/jsdom/living/events/EventTarget-impl.js:350:25)
      at invokeEventListeners 
(node_modules/jsdom/lib/jsdom/living/events/EventTarget-impl.js:286:3)
      at HTMLUnknownElementImpl._dispatch 
(node_modules/jsdom/lib/jsdom/living/events/EventTarget-impl.js:233:9)
      at HTMLUnknownElementImpl.dispatchEvent 
(node_modules/jsdom/lib/jsdom/living/events/EventTarget-impl.js:104:17)
      at HTMLUnknownElement.dispatchEvent 
(node_modules/jsdom/lib/jsdom/living/generated/EventTarget.js:241:34)
      at Object.invokeGuardedCallbackDev 
(node_modules/react-dom/cjs/react-dom.development.js:4213:16)
      at invokeGuardedCallback 
(node_modules/react-dom/cjs/react-dom.development.js:4277:31)
      at invokeGuardedCallbackAndCatchFirstError 
(node_modules/react-dom/cjs/react-dom.development.js:4291:25)
      at executeDispatch 
(node_modules/react-dom/cjs/react-dom.development.js:9041:3)
      at processDispatchQueueItemsInOrder 
(node_modules/react-dom/cjs/react-dom.development.js:9073:7)
      at processDispatchQueue 
(node_modules/react-dom/cjs/react-dom.development.js:9086:5)
      at dispatchEventsForPlugins 
(node_modules/react-dom/cjs/react-dom.development.js:9097:3)
      at node_modules/react-dom/cjs/react-dom.development.js:9288:12
      at batchedUpdates$1 
(node_modules/react-dom/cjs/react-dom.development.js:26179:12)
      at batchedUpdates 
(node_modules/react-dom/cjs/react-dom.development.js:3991:12)
      at dispatchEventForPluginEventSystem 
(node_modules/react-dom/cjs/react-dom.development.js:9287:3)
      at dispatchEventWithEnableCapturePhaseSelectiveHydrationWithoutDiscreteEv
entReplay (node_modules/react-dom/cjs/react-dom.development.js:6465:5)
      at dispatchEvent 
(node_modules/react-dom/cjs/react-dom.development.js:6457:5)
      at dispatchDiscreteEvent 
(node_modules/react-dom/cjs/react-dom.development.js:6430:5)
      at HTMLDivElement.callTheUserObjectsOperation 
(node_modules/jsdom/lib/jsdom/living/generated/EventListener.js:26:30)
      at innerInvokeEventListeners 
(node_modules/jsdom/lib/jsdom/living/events/EventTarget-impl.js:350:25)
      at invokeEventListeners 
(node_modules/jsdom/lib/jsdom/living/events/EventTarget-impl.js:286:3)
      at HTMLInputElementImpl._dispatch 
(node_modules/jsdom/lib/jsdom/living/events/EventTarget-impl.js:233:9)
      at HTMLInputElementImpl.dispatchEvent 
(node_modules/jsdom/lib/jsdom/living/events/EventTarget-impl.js:104:17)
      at HTMLInputElement.dispatchEvent 
(node_modules/jsdom/lib/jsdom/living/generated/EventTarget.js:241:34)
      at 
node_modules/@testing-library/user-event/dist/cjs/event/dispatchEvent.js:45:43
      at Object.eventWrapper 
(node_modules/@testing-library/dom/dist/config.js:25:23)
      at Object.wrapEvent 
(node_modules/@testing-library/user-event/dist/cjs/event/wrapEvent.js:6:28)
      at Object.dispatchEvent (node_modules/@testing-library/user-event/dist/cj
s/event/dispatchEvent.js:45:22)
      at Object.dispatchUIEvent (node_modules/@testing-library/user-event/dist/
cjs/event/dispatchEvent.js:22:26)
      at commitInput 
(node_modules/@testing-library/user-event/dist/cjs/event/input.js:145:14)
      at editInputElement 
(node_modules/@testing-library/user-event/dist/cjs/event/input.js:115:9)
      at Object.input 
(node_modules/@testing-library/user-event/dist/cjs/event/input.js:37:9)
      at node_modules/@testing-library/user-event/dist/cjs/event/behavior/keypr
ess.js:31:26
      at Object.dispatchEvent (node_modules/@testing-library/user-event/dist/cj
s/event/dispatchEvent.js:41:13)
      at Object.dispatchUIEvent (node_modules/@testing-library/user-event/dist/
cjs/event/dispatchEvent.js:22:26)
      at KeyboardHost.keydown 
(node_modules/@testing-library/user-event/dist/cjs/system/keyboard.js:76:22)
      at keyboardAction 
(node_modules/@testing-library/user-event/dist/cjs/keyboard/index.js:22:35)
      at Object.keyboard 
(node_modules/@testing-library/user-event/dist/cjs/keyboard/index.js:11:15)
      at Object.type 
(node_modules/@testing-library/user-event/dist/cjs/utility/type.js:17:5)
      at Object.<anonymous> 
(src/settings/__tests__/AccountCreatePage.test.tsx:135:9)

    console.error
      Warning: An update to AccountCreatePage inside a test was not wrapped in 
act(...).
      
      When testing, code that causes React state updates should be wrapped 
into act(...):
      
      act(() => {
        /* fire events that update state */
      });
      /* assert on the output */
      
      This ensures that you're testing the behavior the user would see in the 
browser. Learn more at https://reactjs.org/link/wrap-tests-with-act
          at AccountCreatePage (C:\Users\samhe\OneDrive\Desktop\Cleaned\fronten
d\src\settings\AccountCreatePage.tsx:32:47)
          at routeContext (C:\Users\samhe\OneDrive\Desktop\Cleaned\frontend\nod
e_modules\react-router\lib\hooks.tsx:658:26)
          at children (C:\Users\samhe\OneDrive\Desktop\Cleaned\frontend\node_mo
dules\react-router\lib\components.tsx:512:3)
          at basenameProp (C:\Users\samhe\OneDrive\Desktop\Cleaned\frontend\nod
e_modules\react-router\lib\components.tsx:421:13)
          at basename (C:\Users\samhe\OneDrive\Desktop\Cleaned\frontend\node_mo
dules\react-router\lib\components.tsx:225:3)

      147 |                         type="email"
      148 |                         value={email}
    > 149 |                         onChange={e => setEmail(e.target.value)}
          |                                        ^
      150 |                         disabled={saving}
      151 |                         className="text-sm border border-gray-300 
rounded px-2 py-1.5 focus:outline-none focus:ring-1 focus:ring-blue-400 
disabled:opacity-50"
      152 |                     />

      at printWarning 
(node_modules/react-dom/cjs/react-dom.development.js:86:30)
      at error (node_modules/react-dom/cjs/react-dom.development.js:60:7)
      at warnIfUpdatesNotWrappedWithActDEV 
(node_modules/react-dom/cjs/react-dom.development.js:27628:9)
      at scheduleUpdateOnFiber 
(node_modules/react-dom/cjs/react-dom.development.js:25547:5)
      at dispatchSetState 
(node_modules/react-dom/cjs/react-dom.development.js:16708:7)
      at onChange (src/settings/AccountCreatePage.tsx:149:40)
      at HTMLUnknownElement.callCallback 
(node_modules/react-dom/cjs/react-dom.development.js:4164:14)
      at HTMLUnknownElement.callTheUserObjectsOperation 
(node_modules/jsdom/lib/jsdom/living/generated/EventListener.js:26:30)
      at innerInvokeEventListeners 
(node_modules/jsdom/lib/jsdom/living/events/EventTarget-impl.js:350:25)
      at invokeEventListeners 
(node_modules/jsdom/lib/jsdom/living/events/EventTarget-impl.js:286:3)
      at HTMLUnknownElementImpl._dispatch 
(node_modules/jsdom/lib/jsdom/living/events/EventTarget-impl.js:233:9)
      at HTMLUnknownElementImpl.dispatchEvent 
(node_modules/jsdom/lib/jsdom/living/events/EventTarget-impl.js:104:17)
      at HTMLUnknownElement.dispatchEvent 
(node_modules/jsdom/lib/jsdom/living/generated/EventTarget.js:241:34)
      at Object.invokeGuardedCallbackDev 
(node_modules/react-dom/cjs/react-dom.development.js:4213:16)
      at invokeGuardedCallback 
(node_modules/react-dom/cjs/react-dom.development.js:4277:31)
      at invokeGuardedCallbackAndCatchFirstError 
(node_modules/react-dom/cjs/react-dom.development.js:4291:25)
      at executeDispatch 
(node_modules/react-dom/cjs/react-dom.development.js:9041:3)
      at processDispatchQueueItemsInOrder 
(node_modules/react-dom/cjs/react-dom.development.js:9073:7)
      at processDispatchQueue 
(node_modules/react-dom/cjs/react-dom.development.js:9086:5)
      at dispatchEventsForPlugins 
(node_modules/react-dom/cjs/react-dom.development.js:9097:3)
      at node_modules/react-dom/cjs/react-dom.development.js:9288:12
      at batchedUpdates$1 
(node_modules/react-dom/cjs/react-dom.development.js:26179:12)
      at batchedUpdates 
(node_modules/react-dom/cjs/react-dom.development.js:3991:12)
      at dispatchEventForPluginEventSystem 
(node_modules/react-dom/cjs/react-dom.development.js:9287:3)
      at dispatchEventWithEnableCapturePhaseSelectiveHydrationWithoutDiscreteEv
entReplay (node_modules/react-dom/cjs/react-dom.development.js:6465:5)
      at dispatchEvent 
(node_modules/react-dom/cjs/react-dom.development.js:6457:5)
      at dispatchDiscreteEvent 
(node_modules/react-dom/cjs/react-dom.development.js:6430:5)
      at HTMLDivElement.callTheUserObjectsOperation 
(node_modules/jsdom/lib/jsdom/living/generated/EventListener.js:26:30)
      at innerInvokeEventListeners 
(node_modules/jsdom/lib/jsdom/living/events/EventTarget-impl.js:350:25)
      at invokeEventListeners 
(node_modules/jsdom/lib/jsdom/living/events/EventTarget-impl.js:286:3)
      at HTMLInputElementImpl._dispatch 
(node_modules/jsdom/lib/jsdom/living/events/EventTarget-impl.js:233:9)
      at HTMLInputElementImpl.dispatchEvent 
(node_modules/jsdom/lib/jsdom/living/events/EventTarget-impl.js:104:17)
      at HTMLInputElement.dispatchEvent 
(node_modules/jsdom/lib/jsdom/living/generated/EventTarget.js:241:34)
      at 
node_modules/@testing-library/user-event/dist/cjs/event/dispatchEvent.js:45:43
      at Object.eventWrapper 
(node_modules/@testing-library/dom/dist/config.js:25:23)
      at Object.wrapEvent 
(node_modules/@testing-library/user-event/dist/cjs/event/wrapEvent.js:6:28)
      at Object.dispatchEvent (node_modules/@testing-library/user-event/dist/cj
s/event/dispatchEvent.js:45:22)
      at Object.dispatchUIEvent (node_modules/@testing-library/user-event/dist/
cjs/event/dispatchEvent.js:22:26)
      at commitInput 
(node_modules/@testing-library/user-event/dist/cjs/event/input.js:145:14)
      at editInputElement 
(node_modules/@testing-library/user-event/dist/cjs/event/input.js:115:9)
      at Object.input 
(node_modules/@testing-library/user-event/dist/cjs/event/input.js:37:9)
      at node_modules/@testing-library/user-event/dist/cjs/event/behavior/keypr
ess.js:31:26
      at Object.dispatchEvent (node_modules/@testing-library/user-event/dist/cj
s/event/dispatchEvent.js:41:13)
      at Object.dispatchUIEvent (node_modules/@testing-library/user-event/dist/
cjs/event/dispatchEvent.js:22:26)
      at KeyboardHost.keydown 
(node_modules/@testing-library/user-event/dist/cjs/system/keyboard.js:76:22)
      at keyboardAction 
(node_modules/@testing-library/user-event/dist/cjs/keyboard/index.js:22:35)
      at Object.keyboard 
(node_modules/@testing-library/user-event/dist/cjs/keyboard/index.js:11:15)
      at Object.type 
(node_modules/@testing-library/user-event/dist/cjs/utility/type.js:17:5)
      at Object.<anonymous> 
(src/settings/__tests__/AccountCreatePage.test.tsx:135:9)

    console.error
      Warning: An update to AccountCreatePage inside a test was not wrapped in 
act(...).
      
      When testing, code that causes React state updates should be wrapped 
into act(...):
      
      act(() => {
        /* fire events that update state */
      });
      /* assert on the output */
      
      This ensures that you're testing the behavior the user would see in the 
browser. Learn more at https://reactjs.org/link/wrap-tests-with-act
          at AccountCreatePage (C:\Users\samhe\OneDrive\Desktop\Cleaned\fronten
d\src\settings\AccountCreatePage.tsx:32:47)
          at routeContext (C:\Users\samhe\OneDrive\Desktop\Cleaned\frontend\nod
e_modules\react-router\lib\hooks.tsx:658:26)
          at children (C:\Users\samhe\OneDrive\Desktop\Cleaned\frontend\node_mo
dules\react-router\lib\components.tsx:512:3)
          at basenameProp (C:\Users\samhe\OneDrive\Desktop\Cleaned\frontend\nod
e_modules\react-router\lib\components.tsx:421:13)
          at basename (C:\Users\samhe\OneDrive\Desktop\Cleaned\frontend\node_mo
dules\react-router\lib\components.tsx:225:3)

      147 |                         type="email"
      148 |                         value={email}
    > 149 |                         onChange={e => setEmail(e.target.value)}
          |                                        ^
      150 |                         disabled={saving}
      151 |                         className="text-sm border border-gray-300 
rounded px-2 py-1.5 focus:outline-none focus:ring-1 focus:ring-blue-400 
disabled:opacity-50"
      152 |                     />

      at printWarning 
(node_modules/react-dom/cjs/react-dom.development.js:86:30)
      at error (node_modules/react-dom/cjs/react-dom.development.js:60:7)
      at warnIfUpdatesNotWrappedWithActDEV 
(node_modules/react-dom/cjs/react-dom.development.js:27628:9)
      at scheduleUpdateOnFiber 
(node_modules/react-dom/cjs/react-dom.development.js:25547:5)
      at dispatchSetState 
(node_modules/react-dom/cjs/react-dom.development.js:16708:7)
      at onChange (src/settings/AccountCreatePage.tsx:149:40)
      at HTMLUnknownElement.callCallback 
(node_modules/react-dom/cjs/react-dom.development.js:4164:14)
      at HTMLUnknownElement.callTheUserObjectsOperation 
(node_modules/jsdom/lib/jsdom/living/generated/EventListener.js:26:30)
      at innerInvokeEventListeners 
(node_modules/jsdom/lib/jsdom/living/events/EventTarget-impl.js:350:25)
      at invokeEventListeners 
(node_modules/jsdom/lib/jsdom/living/events/EventTarget-impl.js:286:3)
      at HTMLUnknownElementImpl._dispatch 
(node_modules/jsdom/lib/jsdom/living/events/EventTarget-impl.js:233:9)
      at HTMLUnknownElementImpl.dispatchEvent 
(node_modules/jsdom/lib/jsdom/living/events/EventTarget-impl.js:104:17)
      at HTMLUnknownElement.dispatchEvent 
(node_modules/jsdom/lib/jsdom/living/generated/EventTarget.js:241:34)
      at Object.invokeGuardedCallbackDev 
(node_modules/react-dom/cjs/react-dom.development.js:4213:16)
      at invokeGuardedCallback 
(node_modules/react-dom/cjs/react-dom.development.js:4277:31)
      at invokeGuardedCallbackAndCatchFirstError 
(node_modules/react-dom/cjs/react-dom.development.js:4291:25)
      at executeDispatch 
(node_modules/react-dom/cjs/react-dom.development.js:9041:3)
      at processDispatchQueueItemsInOrder 
(node_modules/react-dom/cjs/react-dom.development.js:9073:7)
      at processDispatchQueue 
(node_modules/react-dom/cjs/react-dom.development.js:9086:5)
      at dispatchEventsForPlugins 
(node_modules/react-dom/cjs/react-dom.development.js:9097:3)
      at node_modules/react-dom/cjs/react-dom.development.js:9288:12
      at batchedUpdates$1 
(node_modules/react-dom/cjs/react-dom.development.js:26179:12)
      at batchedUpdates 
(node_modules/react-dom/cjs/react-dom.development.js:3991:12)
      at dispatchEventForPluginEventSystem 
(node_modules/react-dom/cjs/react-dom.development.js:9287:3)
      at dispatchEventWithEnableCapturePhaseSelectiveHydrationWithoutDiscreteEv
entReplay (node_modules/react-dom/cjs/react-dom.development.js:6465:5)
      at dispatchEvent 
(node_modules/react-dom/cjs/react-dom.development.js:6457:5)
      at dispatchDiscreteEvent 
(node_modules/react-dom/cjs/react-dom.development.js:6430:5)
      at HTMLDivElement.callTheUserObjectsOperation 
(node_modules/jsdom/lib/jsdom/living/generated/EventListener.js:26:30)
      at innerInvokeEventListeners 
(node_modules/jsdom/lib/jsdom/living/events/EventTarget-impl.js:350:25)
      at invokeEventListeners 
(node_modules/jsdom/lib/jsdom/living/events/EventTarget-impl.js:286:3)
      at HTMLInputElementImpl._dispatch 
(node_modules/jsdom/lib/jsdom/living/events/EventTarget-impl.js:233:9)
      at HTMLInputElementImpl.dispatchEvent 
(node_modules/jsdom/lib/jsdom/living/events/EventTarget-impl.js:104:17)
      at HTMLInputElement.dispatchEvent 
(node_modules/jsdom/lib/jsdom/living/generated/EventTarget.js:241:34)
      at 
node_modules/@testing-library/user-event/dist/cjs/event/dispatchEvent.js:45:43
      at Object.eventWrapper 
(node_modules/@testing-library/dom/dist/config.js:25:23)
      at Object.wrapEvent 
(node_modules/@testing-library/user-event/dist/cjs/event/wrapEvent.js:6:28)
      at Object.dispatchEvent (node_modules/@testing-library/user-event/dist/cj
s/event/dispatchEvent.js:45:22)
      at Object.dispatchUIEvent (node_modules/@testing-library/user-event/dist/
cjs/event/dispatchEvent.js:22:26)
      at commitInput 
(node_modules/@testing-library/user-event/dist/cjs/event/input.js:145:14)
      at editInputElement 
(node_modules/@testing-library/user-event/dist/cjs/event/input.js:115:9)
      at Object.input 
(node_modules/@testing-library/user-event/dist/cjs/event/input.js:37:9)
      at node_modules/@testing-library/user-event/dist/cjs/event/behavior/keypr
ess.js:31:26
      at Object.dispatchEvent (node_modules/@testing-library/user-event/dist/cj
s/event/dispatchEvent.js:41:13)
      at Object.dispatchUIEvent (node_modules/@testing-library/user-event/dist/
cjs/event/dispatchEvent.js:22:26)
      at KeyboardHost.keydown 
(node_modules/@testing-library/user-event/dist/cjs/system/keyboard.js:76:22)
      at keyboardAction 
(node_modules/@testing-library/user-event/dist/cjs/keyboard/index.js:22:35)
      at Object.keyboard 
(node_modules/@testing-library/user-event/dist/cjs/keyboard/index.js:11:15)
      at Object.type 
(node_modules/@testing-library/user-event/dist/cjs/utility/type.js:17:5)
      at Object.<anonymous> 
(src/settings/__tests__/AccountCreatePage.test.tsx:135:9)

    console.error
      Warning: An update to AccountCreatePage inside a test was not wrapped in 
act(...).
      
      When testing, code that causes React state updates should be wrapped 
into act(...):
      
      act(() => {
        /* fire events that update state */
      });
      /* assert on the output */
      
      This ensures that you're testing the behavior the user would see in the 
browser. Learn more at https://reactjs.org/link/wrap-tests-with-act
          at AccountCreatePage (C:\Users\samhe\OneDrive\Desktop\Cleaned\fronten
d\src\settings\AccountCreatePage.tsx:32:47)
          at routeContext (C:\Users\samhe\OneDrive\Desktop\Cleaned\frontend\nod
e_modules\react-router\lib\hooks.tsx:658:26)
          at children (C:\Users\samhe\OneDrive\Desktop\Cleaned\frontend\node_mo
dules\react-router\lib\components.tsx:512:3)
          at basenameProp (C:\Users\samhe\OneDrive\Desktop\Cleaned\frontend\nod
e_modules\react-router\lib\components.tsx:421:13)
          at basename (C:\Users\samhe\OneDrive\Desktop\Cleaned\frontend\node_mo
dules\react-router\lib\components.tsx:225:3)

      147 |                         type="email"
      148 |                         value={email}
    > 149 |                         onChange={e => setEmail(e.target.value)}
          |                                        ^
      150 |                         disabled={saving}
      151 |                         className="text-sm border border-gray-300 
rounded px-2 py-1.5 focus:outline-none focus:ring-1 focus:ring-blue-400 
disabled:opacity-50"
      152 |                     />

      at printWarning 
(node_modules/react-dom/cjs/react-dom.development.js:86:30)
      at error (node_modules/react-dom/cjs/react-dom.development.js:60:7)
      at warnIfUpdatesNotWrappedWithActDEV 
(node_modules/react-dom/cjs/react-dom.development.js:27628:9)
      at scheduleUpdateOnFiber 
(node_modules/react-dom/cjs/react-dom.development.js:25547:5)
      at dispatchSetState 
(node_modules/react-dom/cjs/react-dom.development.js:16708:7)
      at onChange (src/settings/AccountCreatePage.tsx:149:40)
      at HTMLUnknownElement.callCallback 
(node_modules/react-dom/cjs/react-dom.development.js:4164:14)
      at HTMLUnknownElement.callTheUserObjectsOperation 
(node_modules/jsdom/lib/jsdom/living/generated/EventListener.js:26:30)
      at innerInvokeEventListeners 
(node_modules/jsdom/lib/jsdom/living/events/EventTarget-impl.js:350:25)
      at invokeEventListeners 
(node_modules/jsdom/lib/jsdom/living/events/EventTarget-impl.js:286:3)
      at HTMLUnknownElementImpl._dispatch 
(node_modules/jsdom/lib/jsdom/living/events/EventTarget-impl.js:233:9)
      at HTMLUnknownElementImpl.dispatchEvent 
(node_modules/jsdom/lib/jsdom/living/events/EventTarget-impl.js:104:17)
      at HTMLUnknownElement.dispatchEvent 
(node_modules/jsdom/lib/jsdom/living/generated/EventTarget.js:241:34)
      at Object.invokeGuardedCallbackDev 
(node_modules/react-dom/cjs/react-dom.development.js:4213:16)
      at invokeGuardedCallback 
(node_modules/react-dom/cjs/react-dom.development.js:4277:31)
      at invokeGuardedCallbackAndCatchFirstError 
(node_modules/react-dom/cjs/react-dom.development.js:4291:25)
      at executeDispatch 
(node_modules/react-dom/cjs/react-dom.development.js:9041:3)
      at processDispatchQueueItemsInOrder 
(node_modules/react-dom/cjs/react-dom.development.js:9073:7)
      at processDispatchQueue 
(node_modules/react-dom/cjs/react-dom.development.js:9086:5)
      at dispatchEventsForPlugins 
(node_modules/react-dom/cjs/react-dom.development.js:9097:3)
      at node_modules/react-dom/cjs/react-dom.development.js:9288:12
      at batchedUpdates$1 
(node_modules/react-dom/cjs/react-dom.development.js:26179:12)
      at batchedUpdates 
(node_modules/react-dom/cjs/react-dom.development.js:3991:12)
      at dispatchEventForPluginEventSystem 
(node_modules/react-dom/cjs/react-dom.development.js:9287:3)
      at dispatchEventWithEnableCapturePhaseSelectiveHydrationWithoutDiscreteEv
entReplay (node_modules/react-dom/cjs/react-dom.development.js:6465:5)
      at dispatchEvent 
(node_modules/react-dom/cjs/react-dom.development.js:6457:5)
      at dispatchDiscreteEvent 
(node_modules/react-dom/cjs/react-dom.development.js:6430:5)
      at HTMLDivElement.callTheUserObjectsOperation 
(node_modules/jsdom/lib/jsdom/living/generated/EventListener.js:26:30)
      at innerInvokeEventListeners 
(node_modules/jsdom/lib/jsdom/living/events/EventTarget-impl.js:350:25)
      at invokeEventListeners 
(node_modules/jsdom/lib/jsdom/living/events/EventTarget-impl.js:286:3)
      at HTMLInputElementImpl._dispatch 
(node_modules/jsdom/lib/jsdom/living/events/EventTarget-impl.js:233:9)
      at HTMLInputElementImpl.dispatchEvent 
(node_modules/jsdom/lib/jsdom/living/events/EventTarget-impl.js:104:17)
      at HTMLInputElement.dispatchEvent 
(node_modules/jsdom/lib/jsdom/living/generated/EventTarget.js:241:34)
      at 
node_modules/@testing-library/user-event/dist/cjs/event/dispatchEvent.js:45:43
      at Object.eventWrapper 
(node_modules/@testing-library/dom/dist/config.js:25:23)
      at Object.wrapEvent 
(node_modules/@testing-library/user-event/dist/cjs/event/wrapEvent.js:6:28)
      at Object.dispatchEvent (node_modules/@testing-library/user-event/dist/cj
s/event/dispatchEvent.js:45:22)
      at Object.dispatchUIEvent (node_modules/@testing-library/user-event/dist/
cjs/event/dispatchEvent.js:22:26)
      at commitInput 
(node_modules/@testing-library/user-event/dist/cjs/event/input.js:145:14)
      at editInputElement 
(node_modules/@testing-library/user-event/dist/cjs/event/input.js:115:9)
      at Object.input 
(node_modules/@testing-library/user-event/dist/cjs/event/input.js:37:9)
      at node_modules/@testing-library/user-event/dist/cjs/event/behavior/keypr
ess.js:31:26
      at Object.dispatchEvent (node_modules/@testing-library/user-event/dist/cj
s/event/dispatchEvent.js:41:13)
      at Object.dispatchUIEvent (node_modules/@testing-library/user-event/dist/
cjs/event/dispatchEvent.js:22:26)
      at KeyboardHost.keydown 
(node_modules/@testing-library/user-event/dist/cjs/system/keyboard.js:76:22)
      at keyboardAction 
(node_modules/@testing-library/user-event/dist/cjs/keyboard/index.js:22:35)
      at Object.keyboard 
(node_modules/@testing-library/user-event/dist/cjs/keyboard/index.js:11:15)
      at Object.type 
(node_modules/@testing-library/user-event/dist/cjs/utility/type.js:17:5)
      at Object.<anonymous> 
(src/settings/__tests__/AccountCreatePage.test.tsx:135:9)

    console.error
      Warning: An update to AccountCreatePage inside a test was not wrapped in 
act(...).
      
      When testing, code that causes React state updates should be wrapped 
into act(...):
      
      act(() => {
        /* fire events that update state */
      });
      /* assert on the output */
      
      This ensures that you're testing the behavior the user would see in the 
browser. Learn more at https://reactjs.org/link/wrap-tests-with-act
          at AccountCreatePage (C:\Users\samhe\OneDrive\Desktop\Cleaned\fronten
d\src\settings\AccountCreatePage.tsx:32:47)
          at routeContext (C:\Users\samhe\OneDrive\Desktop\Cleaned\frontend\nod
e_modules\react-router\lib\hooks.tsx:658:26)
          at children (C:\Users\samhe\OneDrive\Desktop\Cleaned\frontend\node_mo
dules\react-router\lib\components.tsx:512:3)
          at basenameProp (C:\Users\samhe\OneDrive\Desktop\Cleaned\frontend\nod
e_modules\react-router\lib\components.tsx:421:13)
          at basename (C:\Users\samhe\OneDrive\Desktop\Cleaned\frontend\node_mo
dules\react-router\lib\components.tsx:225:3)

      147 |                         type="email"
      148 |                         value={email}
    > 149 |                         onChange={e => setEmail(e.target.value)}
          |                                        ^
      150 |                         disabled={saving}
      151 |                         className="text-sm border border-gray-300 
rounded px-2 py-1.5 focus:outline-none focus:ring-1 focus:ring-blue-400 
disabled:opacity-50"
      152 |                     />

      at printWarning 
(node_modules/react-dom/cjs/react-dom.development.js:86:30)
      at error (node_modules/react-dom/cjs/react-dom.development.js:60:7)
      at warnIfUpdatesNotWrappedWithActDEV 
(node_modules/react-dom/cjs/react-dom.development.js:27628:9)
      at scheduleUpdateOnFiber 
(node_modules/react-dom/cjs/react-dom.development.js:25547:5)
      at dispatchSetState 
(node_modules/react-dom/cjs/react-dom.development.js:16708:7)
      at onChange (src/settings/AccountCreatePage.tsx:149:40)
      at HTMLUnknownElement.callCallback 
(node_modules/react-dom/cjs/react-dom.development.js:4164:14)
      at HTMLUnknownElement.callTheUserObjectsOperation 
(node_modules/jsdom/lib/jsdom/living/generated/EventListener.js:26:30)
      at innerInvokeEventListeners 
(node_modules/jsdom/lib/jsdom/living/events/EventTarget-impl.js:350:25)
      at invokeEventListeners 
(node_modules/jsdom/lib/jsdom/living/events/EventTarget-impl.js:286:3)
      at HTMLUnknownElementImpl._dispatch 
(node_modules/jsdom/lib/jsdom/living/events/EventTarget-impl.js:233:9)
      at HTMLUnknownElementImpl.dispatchEvent 
(node_modules/jsdom/lib/jsdom/living/events/EventTarget-impl.js:104:17)
      at HTMLUnknownElement.dispatchEvent 
(node_modules/jsdom/lib/jsdom/living/generated/EventTarget.js:241:34)
      at Object.invokeGuardedCallbackDev 
(node_modules/react-dom/cjs/react-dom.development.js:4213:16)
      at invokeGuardedCallback 
(node_modules/react-dom/cjs/react-dom.development.js:4277:31)
      at invokeGuardedCallbackAndCatchFirstError 
(node_modules/react-dom/cjs/react-dom.development.js:4291:25)
      at executeDispatch 
(node_modules/react-dom/cjs/react-dom.development.js:9041:3)
      at processDispatchQueueItemsInOrder 
(node_modules/react-dom/cjs/react-dom.development.js:9073:7)
      at processDispatchQueue 
(node_modules/react-dom/cjs/react-dom.development.js:9086:5)
      at dispatchEventsForPlugins 
(node_modules/react-dom/cjs/react-dom.development.js:9097:3)
      at node_modules/react-dom/cjs/react-dom.development.js:9288:12
      at batchedUpdates$1 
(node_modules/react-dom/cjs/react-dom.development.js:26179:12)
      at batchedUpdates 
(node_modules/react-dom/cjs/react-dom.development.js:3991:12)
      at dispatchEventForPluginEventSystem 
(node_modules/react-dom/cjs/react-dom.development.js:9287:3)
      at dispatchEventWithEnableCapturePhaseSelectiveHydrationWithoutDiscreteEv
entReplay (node_modules/react-dom/cjs/react-dom.development.js:6465:5)
      at dispatchEvent 
(node_modules/react-dom/cjs/react-dom.development.js:6457:5)
      at dispatchDiscreteEvent 
(node_modules/react-dom/cjs/react-dom.development.js:6430:5)
      at HTMLDivElement.callTheUserObjectsOperation 
(node_modules/jsdom/lib/jsdom/living/generated/EventListener.js:26:30)
      at innerInvokeEventListeners 
(node_modules/jsdom/lib/jsdom/living/events/EventTarget-impl.js:350:25)
      at invokeEventListeners 
(node_modules/jsdom/lib/jsdom/living/events/EventTarget-impl.js:286:3)
      at HTMLInputElementImpl._dispatch 
(node_modules/jsdom/lib/jsdom/living/events/EventTarget-impl.js:233:9)
      at HTMLInputElementImpl.dispatchEvent 
(node_modules/jsdom/lib/jsdom/living/events/EventTarget-impl.js:104:17)
      at HTMLInputElement.dispatchEvent 
(node_modules/jsdom/lib/jsdom/living/generated/EventTarget.js:241:34)
      at 
node_modules/@testing-library/user-event/dist/cjs/event/dispatchEvent.js:45:43
      at Object.eventWrapper 
(node_modules/@testing-library/dom/dist/config.js:25:23)
      at Object.wrapEvent 
(node_modules/@testing-library/user-event/dist/cjs/event/wrapEvent.js:6:28)
      at Object.dispatchEvent (node_modules/@testing-library/user-event/dist/cj
s/event/dispatchEvent.js:45:22)
      at Object.dispatchUIEvent (node_modules/@testing-library/user-event/dist/
cjs/event/dispatchEvent.js:22:26)
      at commitInput 
(node_modules/@testing-library/user-event/dist/cjs/event/input.js:145:14)
      at editInputElement 
(node_modules/@testing-library/user-event/dist/cjs/event/input.js:115:9)
      at Object.input 
(node_modules/@testing-library/user-event/dist/cjs/event/input.js:37:9)
      at node_modules/@testing-library/user-event/dist/cjs/event/behavior/keypr
ess.js:31:26
      at Object.dispatchEvent (node_modules/@testing-library/user-event/dist/cj
s/event/dispatchEvent.js:41:13)
      at Object.dispatchUIEvent (node_modules/@testing-library/user-event/dist/
cjs/event/dispatchEvent.js:22:26)
      at KeyboardHost.keydown 
(node_modules/@testing-library/user-event/dist/cjs/system/keyboard.js:76:22)
      at keyboardAction 
(node_modules/@testing-library/user-event/dist/cjs/keyboard/index.js:22:35)
      at Object.keyboard 
(node_modules/@testing-library/user-event/dist/cjs/keyboard/index.js:11:15)
      at Object.type 
(node_modules/@testing-library/user-event/dist/cjs/utility/type.js:17:5)
      at Object.<anonymous> 
(src/settings/__tests__/AccountCreatePage.test.tsx:135:9)

    console.error
      Warning: An update to AccountCreatePage inside a test was not wrapped in 
act(...).
      
      When testing, code that causes React state updates should be wrapped 
into act(...):
      
      act(() => {
        /* fire events that update state */
      });
      /* assert on the output */
      
      This ensures that you're testing the behavior the user would see in the 
browser. Learn more at https://reactjs.org/link/wrap-tests-with-act
          at AccountCreatePage (C:\Users\samhe\OneDrive\Desktop\Cleaned\fronten
d\src\settings\AccountCreatePage.tsx:32:47)
          at routeContext (C:\Users\samhe\OneDrive\Desktop\Cleaned\frontend\nod
e_modules\react-router\lib\hooks.tsx:658:26)
          at children (C:\Users\samhe\OneDrive\Desktop\Cleaned\frontend\node_mo
dules\react-router\lib\components.tsx:512:3)
          at basenameProp (C:\Users\samhe\OneDrive\Desktop\Cleaned\frontend\nod
e_modules\react-router\lib\components.tsx:421:13)
          at basename (C:\Users\samhe\OneDrive\Desktop\Cleaned\frontend\node_mo
dules\react-router\lib\components.tsx:225:3)

      147 |                         type="email"
      148 |                         value={email}
    > 149 |                         onChange={e => setEmail(e.target.value)}
          |                                        ^
      150 |                         disabled={saving}
      151 |                         className="text-sm border border-gray-300 
rounded px-2 py-1.5 focus:outline-none focus:ring-1 focus:ring-blue-400 
disabled:opacity-50"
      152 |                     />

      at printWarning 
(node_modules/react-dom/cjs/react-dom.development.js:86:30)
      at error (node_modules/react-dom/cjs/react-dom.development.js:60:7)
      at warnIfUpdatesNotWrappedWithActDEV 
(node_modules/react-dom/cjs/react-dom.development.js:27628:9)
      at scheduleUpdateOnFiber 
(node_modules/react-dom/cjs/react-dom.development.js:25547:5)
      at dispatchSetState 
(node_modules/react-dom/cjs/react-dom.development.js:16708:7)
      at onChange (src/settings/AccountCreatePage.tsx:149:40)
      at HTMLUnknownElement.callCallback 
(node_modules/react-dom/cjs/react-dom.development.js:4164:14)
      at HTMLUnknownElement.callTheUserObjectsOperation 
(node_modules/jsdom/lib/jsdom/living/generated/EventListener.js:26:30)
      at innerInvokeEventListeners 
(node_modules/jsdom/lib/jsdom/living/events/EventTarget-impl.js:350:25)
      at invokeEventListeners 
(node_modules/jsdom/lib/jsdom/living/events/EventTarget-impl.js:286:3)
      at HTMLUnknownElementImpl._dispatch 
(node_modules/jsdom/lib/jsdom/living/events/EventTarget-impl.js:233:9)
      at HTMLUnknownElementImpl.dispatchEvent 
(node_modules/jsdom/lib/jsdom/living/events/EventTarget-impl.js:104:17)
      at HTMLUnknownElement.dispatchEvent 
(node_modules/jsdom/lib/jsdom/living/generated/EventTarget.js:241:34)
      at Object.invokeGuardedCallbackDev 
(node_modules/react-dom/cjs/react-dom.development.js:4213:16)
      at invokeGuardedCallback 
(node_modules/react-dom/cjs/react-dom.development.js:4277:31)
      at invokeGuardedCallbackAndCatchFirstError 
(node_modules/react-dom/cjs/react-dom.development.js:4291:25)
      at executeDispatch 
(node_modules/react-dom/cjs/react-dom.development.js:9041:3)
      at processDispatchQueueItemsInOrder 
(node_modules/react-dom/cjs/react-dom.development.js:9073:7)
      at processDispatchQueue 
(node_modules/react-dom/cjs/react-dom.development.js:9086:5)
      at dispatchEventsForPlugins 
(node_modules/react-dom/cjs/react-dom.development.js:9097:3)
      at node_modules/react-dom/cjs/react-dom.development.js:9288:12
      at batchedUpdates$1 
(node_modules/react-dom/cjs/react-dom.development.js:26179:12)
      at batchedUpdates 
(node_modules/react-dom/cjs/react-dom.development.js:3991:12)
      at dispatchEventForPluginEventSystem 
(node_modules/react-dom/cjs/react-dom.development.js:9287:3)
      at dispatchEventWithEnableCapturePhaseSelectiveHydrationWithoutDiscreteEv
entReplay (node_modules/react-dom/cjs/react-dom.development.js:6465:5)
      at dispatchEvent 
(node_modules/react-dom/cjs/react-dom.development.js:6457:5)
      at dispatchDiscreteEvent 
(node_modules/react-dom/cjs/react-dom.development.js:6430:5)
      at HTMLDivElement.callTheUserObjectsOperation 
(node_modules/jsdom/lib/jsdom/living/generated/EventListener.js:26:30)
      at innerInvokeEventListeners 
(node_modules/jsdom/lib/jsdom/living/events/EventTarget-impl.js:350:25)
      at invokeEventListeners 
(node_modules/jsdom/lib/jsdom/living/events/EventTarget-impl.js:286:3)
      at HTMLInputElementImpl._dispatch 
(node_modules/jsdom/lib/jsdom/living/events/EventTarget-impl.js:233:9)
      at HTMLInputElementImpl.dispatchEvent 
(node_modules/jsdom/lib/jsdom/living/events/EventTarget-impl.js:104:17)
      at HTMLInputElement.dispatchEvent 
(node_modules/jsdom/lib/jsdom/living/generated/EventTarget.js:241:34)
      at 
node_modules/@testing-library/user-event/dist/cjs/event/dispatchEvent.js:45:43
      at Object.eventWrapper 
(node_modules/@testing-library/dom/dist/config.js:25:23)
      at Object.wrapEvent 
(node_modules/@testing-library/user-event/dist/cjs/event/wrapEvent.js:6:28)
      at Object.dispatchEvent (node_modules/@testing-library/user-event/dist/cj
s/event/dispatchEvent.js:45:22)
      at Object.dispatchUIEvent (node_modules/@testing-library/user-event/dist/
cjs/event/dispatchEvent.js:22:26)
      at commitInput 
(node_modules/@testing-library/user-event/dist/cjs/event/input.js:145:14)
      at editInputElement 
(node_modules/@testing-library/user-event/dist/cjs/event/input.js:115:9)
      at Object.input 
(node_modules/@testing-library/user-event/dist/cjs/event/input.js:37:9)
      at node_modules/@testing-library/user-event/dist/cjs/event/behavior/keypr
ess.js:31:26
      at Object.dispatchEvent (node_modules/@testing-library/user-event/dist/cj
s/event/dispatchEvent.js:41:13)
      at Object.dispatchUIEvent (node_modules/@testing-library/user-event/dist/
cjs/event/dispatchEvent.js:22:26)
      at KeyboardHost.keydown 
(node_modules/@testing-library/user-event/dist/cjs/system/keyboard.js:76:22)
      at keyboardAction 
(node_modules/@testing-library/user-event/dist/cjs/keyboard/index.js:22:35)
      at Object.keyboard 
(node_modules/@testing-library/user-event/dist/cjs/keyboard/index.js:11:15)
      at Object.type 
(node_modules/@testing-library/user-event/dist/cjs/utility/type.js:17:5)
      at Object.<anonymous> 
(src/settings/__tests__/AccountCreatePage.test.tsx:135:9)

    console.error
      Warning: An update to AccountCreatePage inside a test was not wrapped in 
act(...).
      
      When testing, code that causes React state updates should be wrapped 
into act(...):
      
      act(() => {
        /* fire events that update state */
      });
      /* assert on the output */
      
      This ensures that you're testing the behavior the user would see in the 
browser. Learn more at https://reactjs.org/link/wrap-tests-with-act
          at AccountCreatePage (C:\Users\samhe\OneDrive\Desktop\Cleaned\fronten
d\src\settings\AccountCreatePage.tsx:32:47)
          at routeContext (C:\Users\samhe\OneDrive\Desktop\Cleaned\frontend\nod
e_modules\react-router\lib\hooks.tsx:658:26)
          at children (C:\Users\samhe\OneDrive\Desktop\Cleaned\frontend\node_mo
dules\react-router\lib\components.tsx:512:3)
          at basenameProp (C:\Users\samhe\OneDrive\Desktop\Cleaned\frontend\nod
e_modules\react-router\lib\components.tsx:421:13)
          at basename (C:\Users\samhe\OneDrive\Desktop\Cleaned\frontend\node_mo
dules\react-router\lib\components.tsx:225:3)

      147 |                         type="email"
      148 |                         value={email}
    > 149 |                         onChange={e => setEmail(e.target.value)}
          |                                        ^
      150 |                         disabled={saving}
      151 |                         className="text-sm border border-gray-300 
rounded px-2 py-1.5 focus:outline-none focus:ring-1 focus:ring-blue-400 
disabled:opacity-50"
      152 |                     />

      at printWarning 
(node_modules/react-dom/cjs/react-dom.development.js:86:30)
      at error (node_modules/react-dom/cjs/react-dom.development.js:60:7)
      at warnIfUpdatesNotWrappedWithActDEV 
(node_modules/react-dom/cjs/react-dom.development.js:27628:9)
      at scheduleUpdateOnFiber 
(node_modules/react-dom/cjs/react-dom.development.js:25547:5)
      at dispatchSetState 
(node_modules/react-dom/cjs/react-dom.development.js:16708:7)
      at onChange (src/settings/AccountCreatePage.tsx:149:40)
      at HTMLUnknownElement.callCallback 
(node_modules/react-dom/cjs/react-dom.development.js:4164:14)
      at HTMLUnknownElement.callTheUserObjectsOperation 
(node_modules/jsdom/lib/jsdom/living/generated/EventListener.js:26:30)
      at innerInvokeEventListeners 
(node_modules/jsdom/lib/jsdom/living/events/EventTarget-impl.js:350:25)
      at invokeEventListeners 
(node_modules/jsdom/lib/jsdom/living/events/EventTarget-impl.js:286:3)
      at HTMLUnknownElementImpl._dispatch 
(node_modules/jsdom/lib/jsdom/living/events/EventTarget-impl.js:233:9)
      at HTMLUnknownElementImpl.dispatchEvent 
(node_modules/jsdom/lib/jsdom/living/events/EventTarget-impl.js:104:17)
      at HTMLUnknownElement.dispatchEvent 
(node_modules/jsdom/lib/jsdom/living/generated/EventTarget.js:241:34)
      at Object.invokeGuardedCallbackDev 
(node_modules/react-dom/cjs/react-dom.development.js:4213:16)
      at invokeGuardedCallback 
(node_modules/react-dom/cjs/react-dom.development.js:4277:31)
      at invokeGuardedCallbackAndCatchFirstError 
(node_modules/react-dom/cjs/react-dom.development.js:4291:25)
      at executeDispatch 
(node_modules/react-dom/cjs/react-dom.development.js:9041:3)
      at processDispatchQueueItemsInOrder 
(node_modules/react-dom/cjs/react-dom.development.js:9073:7)
      at processDispatchQueue 
(node_modules/react-dom/cjs/react-dom.development.js:9086:5)
      at dispatchEventsForPlugins 
(node_modules/react-dom/cjs/react-dom.development.js:9097:3)
      at node_modules/react-dom/cjs/react-dom.development.js:9288:12
      at batchedUpdates$1 
(node_modules/react-dom/cjs/react-dom.development.js:26179:12)
      at batchedUpdates 
(node_modules/react-dom/cjs/react-dom.development.js:3991:12)
      at dispatchEventForPluginEventSystem 
(node_modules/react-dom/cjs/react-dom.development.js:9287:3)
      at dispatchEventWithEnableCapturePhaseSelectiveHydrationWithoutDiscreteEv
entReplay (node_modules/react-dom/cjs/react-dom.development.js:6465:5)
      at dispatchEvent 
(node_modules/react-dom/cjs/react-dom.development.js:6457:5)
      at dispatchDiscreteEvent 
(node_modules/react-dom/cjs/react-dom.development.js:6430:5)
      at HTMLDivElement.callTheUserObjectsOperation 
(node_modules/jsdom/lib/jsdom/living/generated/EventListener.js:26:30)
      at innerInvokeEventListeners 
(node_modules/jsdom/lib/jsdom/living/events/EventTarget-impl.js:350:25)
      at invokeEventListeners 
(node_modules/jsdom/lib/jsdom/living/events/EventTarget-impl.js:286:3)
      at HTMLInputElementImpl._dispatch 
(node_modules/jsdom/lib/jsdom/living/events/EventTarget-impl.js:233:9)
      at HTMLInputElementImpl.dispatchEvent 
(node_modules/jsdom/lib/jsdom/living/events/EventTarget-impl.js:104:17)
      at HTMLInputElement.dispatchEvent 
(node_modules/jsdom/lib/jsdom/living/generated/EventTarget.js:241:34)
      at 
node_modules/@testing-library/user-event/dist/cjs/event/dispatchEvent.js:45:43
      at Object.eventWrapper 
(node_modules/@testing-library/dom/dist/config.js:25:23)
      at Object.wrapEvent 
(node_modules/@testing-library/user-event/dist/cjs/event/wrapEvent.js:6:28)
      at Object.dispatchEvent (node_modules/@testing-library/user-event/dist/cj
s/event/dispatchEvent.js:45:22)
      at Object.dispatchUIEvent (node_modules/@testing-library/user-event/dist/
cjs/event/dispatchEvent.js:22:26)
      at commitInput 
(node_modules/@testing-library/user-event/dist/cjs/event/input.js:145:14)
      at editInputElement 
(node_modules/@testing-library/user-event/dist/cjs/event/input.js:115:9)
      at Object.input 
(node_modules/@testing-library/user-event/dist/cjs/event/input.js:37:9)
      at node_modules/@testing-library/user-event/dist/cjs/event/behavior/keypr
ess.js:31:26
      at Object.dispatchEvent (node_modules/@testing-library/user-event/dist/cj
s/event/dispatchEvent.js:41:13)
      at Object.dispatchUIEvent (node_modules/@testing-library/user-event/dist/
cjs/event/dispatchEvent.js:22:26)
      at KeyboardHost.keydown 
(node_modules/@testing-library/user-event/dist/cjs/system/keyboard.js:76:22)
      at keyboardAction 
(node_modules/@testing-library/user-event/dist/cjs/keyboard/index.js:22:35)
      at Object.keyboard 
(node_modules/@testing-library/user-event/dist/cjs/keyboard/index.js:11:15)
      at Object.type 
(node_modules/@testing-library/user-event/dist/cjs/utility/type.js:17:5)
      at Object.<anonymous> 
(src/settings/__tests__/AccountCreatePage.test.tsx:135:9)

    console.error
      Warning: An update to AccountCreatePage inside a test was not wrapped in 
act(...).
      
      When testing, code that causes React state updates should be wrapped 
into act(...):
      
      act(() => {
        /* fire events that update state */
      });
      /* assert on the output */
      
      This ensures that you're testing the behavior the user would see in the 
browser. Learn more at https://reactjs.org/link/wrap-tests-with-act
          at AccountCreatePage (C:\Users\samhe\OneDrive\Desktop\Cleaned\fronten
d\src\settings\AccountCreatePage.tsx:32:47)
          at routeContext (C:\Users\samhe\OneDrive\Desktop\Cleaned\frontend\nod
e_modules\react-router\lib\hooks.tsx:658:26)
          at children (C:\Users\samhe\OneDrive\Desktop\Cleaned\frontend\node_mo
dules\react-router\lib\components.tsx:512:3)
          at basenameProp (C:\Users\samhe\OneDrive\Desktop\Cleaned\frontend\nod
e_modules\react-router\lib\components.tsx:421:13)
          at basename (C:\Users\samhe\OneDrive\Desktop\Cleaned\frontend\node_mo
dules\react-router\lib\components.tsx:225:3)

      147 |                         type="email"
      148 |                         value={email}
    > 149 |                         onChange={e => setEmail(e.target.value)}
          |                                        ^
      150 |                         disabled={saving}
      151 |                         className="text-sm border border-gray-300 
rounded px-2 py-1.5 focus:outline-none focus:ring-1 focus:ring-blue-400 
disabled:opacity-50"
      152 |                     />

      at printWarning 
(node_modules/react-dom/cjs/react-dom.development.js:86:30)
      at error (node_modules/react-dom/cjs/react-dom.development.js:60:7)
      at warnIfUpdatesNotWrappedWithActDEV 
(node_modules/react-dom/cjs/react-dom.development.js:27628:9)
      at scheduleUpdateOnFiber 
(node_modules/react-dom/cjs/react-dom.development.js:25547:5)
      at dispatchSetState 
(node_modules/react-dom/cjs/react-dom.development.js:16708:7)
      at onChange (src/settings/AccountCreatePage.tsx:149:40)
      at HTMLUnknownElement.callCallback 
(node_modules/react-dom/cjs/react-dom.development.js:4164:14)
      at HTMLUnknownElement.callTheUserObjectsOperation 
(node_modules/jsdom/lib/jsdom/living/generated/EventListener.js:26:30)
      at innerInvokeEventListeners 
(node_modules/jsdom/lib/jsdom/living/events/EventTarget-impl.js:350:25)
      at invokeEventListeners 
(node_modules/jsdom/lib/jsdom/living/events/EventTarget-impl.js:286:3)
      at HTMLUnknownElementImpl._dispatch 
(node_modules/jsdom/lib/jsdom/living/events/EventTarget-impl.js:233:9)
      at HTMLUnknownElementImpl.dispatchEvent 
(node_modules/jsdom/lib/jsdom/living/events/EventTarget-impl.js:104:17)
      at HTMLUnknownElement.dispatchEvent 
(node_modules/jsdom/lib/jsdom/living/generated/EventTarget.js:241:34)
      at Object.invokeGuardedCallbackDev 
(node_modules/react-dom/cjs/react-dom.development.js:4213:16)
      at invokeGuardedCallback 
(node_modules/react-dom/cjs/react-dom.development.js:4277:31)
      at invokeGuardedCallbackAndCatchFirstError 
(node_modules/react-dom/cjs/react-dom.development.js:4291:25)
      at executeDispatch 
(node_modules/react-dom/cjs/react-dom.development.js:9041:3)
      at processDispatchQueueItemsInOrder 
(node_modules/react-dom/cjs/react-dom.development.js:9073:7)
      at processDispatchQueue 
(node_modules/react-dom/cjs/react-dom.development.js:9086:5)
      at dispatchEventsForPlugins 
(node_modules/react-dom/cjs/react-dom.development.js:9097:3)
      at node_modules/react-dom/cjs/react-dom.development.js:9288:12
      at batchedUpdates$1 
(node_modules/react-dom/cjs/react-dom.development.js:26179:12)
      at batchedUpdates 
(node_modules/react-dom/cjs/react-dom.development.js:3991:12)
      at dispatchEventForPluginEventSystem 
(node_modules/react-dom/cjs/react-dom.development.js:9287:3)
      at dispatchEventWithEnableCapturePhaseSelectiveHydrationWithoutDiscreteEv
entReplay (node_modules/react-dom/cjs/react-dom.development.js:6465:5)
      at dispatchEvent 
(node_modules/react-dom/cjs/react-dom.development.js:6457:5)
      at dispatchDiscreteEvent 
(node_modules/react-dom/cjs/react-dom.development.js:6430:5)
      at HTMLDivElement.callTheUserObjectsOperation 
(node_modules/jsdom/lib/jsdom/living/generated/EventListener.js:26:30)
      at innerInvokeEventListeners 
(node_modules/jsdom/lib/jsdom/living/events/EventTarget-impl.js:350:25)
      at invokeEventListeners 
(node_modules/jsdom/lib/jsdom/living/events/EventTarget-impl.js:286:3)
      at HTMLInputElementImpl._dispatch 
(node_modules/jsdom/lib/jsdom/living/events/EventTarget-impl.js:233:9)
      at HTMLInputElementImpl.dispatchEvent 
(node_modules/jsdom/lib/jsdom/living/events/EventTarget-impl.js:104:17)
      at HTMLInputElement.dispatchEvent 
(node_modules/jsdom/lib/jsdom/living/generated/EventTarget.js:241:34)
      at 
node_modules/@testing-library/user-event/dist/cjs/event/dispatchEvent.js:45:43
      at Object.eventWrapper 
(node_modules/@testing-library/dom/dist/config.js:25:23)
      at Object.wrapEvent 
(node_modules/@testing-library/user-event/dist/cjs/event/wrapEvent.js:6:28)
      at Object.dispatchEvent (node_modules/@testing-library/user-event/dist/cj
s/event/dispatchEvent.js:45:22)
      at Object.dispatchUIEvent (node_modules/@testing-library/user-event/dist/
cjs/event/dispatchEvent.js:22:26)
      at commitInput 
(node_modules/@testing-library/user-event/dist/cjs/event/input.js:145:14)
      at editInputElement 
(node_modules/@testing-library/user-event/dist/cjs/event/input.js:115:9)
      at Object.input 
(node_modules/@testing-library/user-event/dist/cjs/event/input.js:37:9)
      at node_modules/@testing-library/user-event/dist/cjs/event/behavior/keypr
ess.js:31:26
      at Object.dispatchEvent (node_modules/@testing-library/user-event/dist/cj
s/event/dispatchEvent.js:41:13)
      at Object.dispatchUIEvent (node_modules/@testing-library/user-event/dist/
cjs/event/dispatchEvent.js:22:26)
      at KeyboardHost.keydown 
(node_modules/@testing-library/user-event/dist/cjs/system/keyboard.js:76:22)
      at keyboardAction 
(node_modules/@testing-library/user-event/dist/cjs/keyboard/index.js:22:35)
      at Object.keyboard 
(node_modules/@testing-library/user-event/dist/cjs/keyboard/index.js:11:15)
      at Object.type 
(node_modules/@testing-library/user-event/dist/cjs/utility/type.js:17:5)
      at Object.<anonymous> 
(src/settings/__tests__/AccountCreatePage.test.tsx:135:9)

    console.error
      Warning: An update to AccountCreatePage inside a test was not wrapped in 
act(...).
      
      When testing, code that causes React state updates should be wrapped 
into act(...):
      
      act(() => {
        /* fire events that update state */
      });
      /* assert on the output */
      
      This ensures that you're testing the behavior the user would see in the 
browser. Learn more at https://reactjs.org/link/wrap-tests-with-act
          at AccountCreatePage (C:\Users\samhe\OneDrive\Desktop\Cleaned\fronten
d\src\settings\AccountCreatePage.tsx:32:47)
          at routeContext (C:\Users\samhe\OneDrive\Desktop\Cleaned\frontend\nod
e_modules\react-router\lib\hooks.tsx:658:26)
          at children (C:\Users\samhe\OneDrive\Desktop\Cleaned\frontend\node_mo
dules\react-router\lib\components.tsx:512:3)
          at basenameProp (C:\Users\samhe\OneDrive\Desktop\Cleaned\frontend\nod
e_modules\react-router\lib\components.tsx:421:13)
          at basename (C:\Users\samhe\OneDrive\Desktop\Cleaned\frontend\node_mo
dules\react-router\lib\components.tsx:225:3)

      147 |                         type="email"
      148 |                         value={email}
    > 149 |                         onChange={e => setEmail(e.target.value)}
          |                                        ^
      150 |                         disabled={saving}
      151 |                         className="text-sm border border-gray-300 
rounded px-2 py-1.5 focus:outline-none focus:ring-1 focus:ring-blue-400 
disabled:opacity-50"
      152 |                     />

      at printWarning 
(node_modules/react-dom/cjs/react-dom.development.js:86:30)
      at error (node_modules/react-dom/cjs/react-dom.development.js:60:7)
      at warnIfUpdatesNotWrappedWithActDEV 
(node_modules/react-dom/cjs/react-dom.development.js:27628:9)
      at scheduleUpdateOnFiber 
(node_modules/react-dom/cjs/react-dom.development.js:25547:5)
      at dispatchSetState 
(node_modules/react-dom/cjs/react-dom.development.js:16708:7)
      at onChange (src/settings/AccountCreatePage.tsx:149:40)
      at HTMLUnknownElement.callCallback 
(node_modules/react-dom/cjs/react-dom.development.js:4164:14)
      at HTMLUnknownElement.callTheUserObjectsOperation 
(node_modules/jsdom/lib/jsdom/living/generated/EventListener.js:26:30)
      at innerInvokeEventListeners 
(node_modules/jsdom/lib/jsdom/living/events/EventTarget-impl.js:350:25)
      at invokeEventListeners 
(node_modules/jsdom/lib/jsdom/living/events/EventTarget-impl.js:286:3)
      at HTMLUnknownElementImpl._dispatch 
(node_modules/jsdom/lib/jsdom/living/events/EventTarget-impl.js:233:9)
      at HTMLUnknownElementImpl.dispatchEvent 
(node_modules/jsdom/lib/jsdom/living/events/EventTarget-impl.js:104:17)
      at HTMLUnknownElement.dispatchEvent 
(node_modules/jsdom/lib/jsdom/living/generated/EventTarget.js:241:34)
      at Object.invokeGuardedCallbackDev 
(node_modules/react-dom/cjs/react-dom.development.js:4213:16)
      at invokeGuardedCallback 
(node_modules/react-dom/cjs/react-dom.development.js:4277:31)
      at invokeGuardedCallbackAndCatchFirstError 
(node_modules/react-dom/cjs/react-dom.development.js:4291:25)
      at executeDispatch 
(node_modules/react-dom/cjs/react-dom.development.js:9041:3)
      at processDispatchQueueItemsInOrder 
(node_modules/react-dom/cjs/react-dom.development.js:9073:7)
      at processDispatchQueue 
(node_modules/react-dom/cjs/react-dom.development.js:9086:5)
      at dispatchEventsForPlugins 
(node_modules/react-dom/cjs/react-dom.development.js:9097:3)
      at node_modules/react-dom/cjs/react-dom.development.js:9288:12
      at batchedUpdates$1 
(node_modules/react-dom/cjs/react-dom.development.js:26179:12)
      at batchedUpdates 
(node_modules/react-dom/cjs/react-dom.development.js:3991:12)
      at dispatchEventForPluginEventSystem 
(node_modules/react-dom/cjs/react-dom.development.js:9287:3)
      at dispatchEventWithEnableCapturePhaseSelectiveHydrationWithoutDiscreteEv
entReplay (node_modules/react-dom/cjs/react-dom.development.js:6465:5)
      at dispatchEvent 
(node_modules/react-dom/cjs/react-dom.development.js:6457:5)
      at dispatchDiscreteEvent 
(node_modules/react-dom/cjs/react-dom.development.js:6430:5)
      at HTMLDivElement.callTheUserObjectsOperation 
(node_modules/jsdom/lib/jsdom/living/generated/EventListener.js:26:30)
      at innerInvokeEventListeners 
(node_modules/jsdom/lib/jsdom/living/events/EventTarget-impl.js:350:25)
      at invokeEventListeners 
(node_modules/jsdom/lib/jsdom/living/events/EventTarget-impl.js:286:3)
      at HTMLInputElementImpl._dispatch 
(node_modules/jsdom/lib/jsdom/living/events/EventTarget-impl.js:233:9)
      at HTMLInputElementImpl.dispatchEvent 
(node_modules/jsdom/lib/jsdom/living/events/EventTarget-impl.js:104:17)
      at HTMLInputElement.dispatchEvent 
(node_modules/jsdom/lib/jsdom/living/generated/EventTarget.js:241:34)
      at 
node_modules/@testing-library/user-event/dist/cjs/event/dispatchEvent.js:45:43
      at Object.eventWrapper 
(node_modules/@testing-library/dom/dist/config.js:25:23)
      at Object.wrapEvent 
(node_modules/@testing-library/user-event/dist/cjs/event/wrapEvent.js:6:28)
      at Object.dispatchEvent (node_modules/@testing-library/user-event/dist/cj
s/event/dispatchEvent.js:45:22)
      at Object.dispatchUIEvent (node_modules/@testing-library/user-event/dist/
cjs/event/dispatchEvent.js:22:26)
      at commitInput 
(node_modules/@testing-library/user-event/dist/cjs/event/input.js:145:14)
      at editInputElement 
(node_modules/@testing-library/user-event/dist/cjs/event/input.js:115:9)
      at Object.input 
(node_modules/@testing-library/user-event/dist/cjs/event/input.js:37:9)
      at node_modules/@testing-library/user-event/dist/cjs/event/behavior/keypr
ess.js:31:26
      at Object.dispatchEvent (node_modules/@testing-library/user-event/dist/cj
s/event/dispatchEvent.js:41:13)
      at Object.dispatchUIEvent (node_modules/@testing-library/user-event/dist/
cjs/event/dispatchEvent.js:22:26)
      at KeyboardHost.keydown 
(node_modules/@testing-library/user-event/dist/cjs/system/keyboard.js:76:22)
      at keyboardAction 
(node_modules/@testing-library/user-event/dist/cjs/keyboard/index.js:22:35)
      at Object.keyboard 
(node_modules/@testing-library/user-event/dist/cjs/keyboard/index.js:11:15)
      at Object.type 
(node_modules/@testing-library/user-event/dist/cjs/utility/type.js:17:5)
      at Object.<anonymous> 
(src/settings/__tests__/AccountCreatePage.test.tsx:135:9)

    console.error
      Warning: An update to AccountCreatePage inside a test was not wrapped in 
act(...).
      
      When testing, code that causes React state updates should be wrapped 
into act(...):
      
      act(() => {
        /* fire events that update state */
      });
      /* assert on the output */
      
      This ensures that you're testing the behavior the user would see in the 
browser. Learn more at https://reactjs.org/link/wrap-tests-with-act
          at AccountCreatePage (C:\Users\samhe\OneDrive\Desktop\Cleaned\fronten
d\src\settings\AccountCreatePage.tsx:32:47)
          at routeContext (C:\Users\samhe\OneDrive\Desktop\Cleaned\frontend\nod
e_modules\react-router\lib\hooks.tsx:658:26)
          at children (C:\Users\samhe\OneDrive\Desktop\Cleaned\frontend\node_mo
dules\react-router\lib\components.tsx:512:3)
          at basenameProp (C:\Users\samhe\OneDrive\Desktop\Cleaned\frontend\nod
e_modules\react-router\lib\components.tsx:421:13)
          at basename (C:\Users\samhe\OneDrive\Desktop\Cleaned\frontend\node_mo
dules\react-router\lib\components.tsx:225:3)

      147 |                         type="email"
      148 |                         value={email}
    > 149 |                         onChange={e => setEmail(e.target.value)}
          |                                        ^
      150 |                         disabled={saving}
      151 |                         className="text-sm border border-gray-300 
rounded px-2 py-1.5 focus:outline-none focus:ring-1 focus:ring-blue-400 
disabled:opacity-50"
      152 |                     />

      at printWarning 
(node_modules/react-dom/cjs/react-dom.development.js:86:30)
      at error (node_modules/react-dom/cjs/react-dom.development.js:60:7)
      at warnIfUpdatesNotWrappedWithActDEV 
(node_modules/react-dom/cjs/react-dom.development.js:27628:9)
      at scheduleUpdateOnFiber 
(node_modules/react-dom/cjs/react-dom.development.js:25547:5)
      at dispatchSetState 
(node_modules/react-dom/cjs/react-dom.development.js:16708:7)
      at onChange (src/settings/AccountCreatePage.tsx:149:40)
      at HTMLUnknownElement.callCallback 
(node_modules/react-dom/cjs/react-dom.development.js:4164:14)
      at HTMLUnknownElement.callTheUserObjectsOperation 
(node_modules/jsdom/lib/jsdom/living/generated/EventListener.js:26:30)
      at innerInvokeEventListeners 
(node_modules/jsdom/lib/jsdom/living/events/EventTarget-impl.js:350:25)
      at invokeEventListeners 
(node_modules/jsdom/lib/jsdom/living/events/EventTarget-impl.js:286:3)
      at HTMLUnknownElementImpl._dispatch 
(node_modules/jsdom/lib/jsdom/living/events/EventTarget-impl.js:233:9)
      at HTMLUnknownElementImpl.dispatchEvent 
(node_modules/jsdom/lib/jsdom/living/events/EventTarget-impl.js:104:17)
      at HTMLUnknownElement.dispatchEvent 
(node_modules/jsdom/lib/jsdom/living/generated/EventTarget.js:241:34)
      at Object.invokeGuardedCallbackDev 
(node_modules/react-dom/cjs/react-dom.development.js:4213:16)
      at invokeGuardedCallback 
(node_modules/react-dom/cjs/react-dom.development.js:4277:31)
      at invokeGuardedCallbackAndCatchFirstError 
(node_modules/react-dom/cjs/react-dom.development.js:4291:25)
      at executeDispatch 
(node_modules/react-dom/cjs/react-dom.development.js:9041:3)
      at processDispatchQueueItemsInOrder 
(node_modules/react-dom/cjs/react-dom.development.js:9073:7)
      at processDispatchQueue 
(node_modules/react-dom/cjs/react-dom.development.js:9086:5)
      at dispatchEventsForPlugins 
(node_modules/react-dom/cjs/react-dom.development.js:9097:3)
      at node_modules/react-dom/cjs/react-dom.development.js:9288:12
      at batchedUpdates$1 
(node_modules/react-dom/cjs/react-dom.development.js:26179:12)
      at batchedUpdates 
(node_modules/react-dom/cjs/react-dom.development.js:3991:12)
      at dispatchEventForPluginEventSystem 
(node_modules/react-dom/cjs/react-dom.development.js:9287:3)
      at dispatchEventWithEnableCapturePhaseSelectiveHydrationWithoutDiscreteEv
entReplay (node_modules/react-dom/cjs/react-dom.development.js:6465:5)
      at dispatchEvent 
(node_modules/react-dom/cjs/react-dom.development.js:6457:5)
      at dispatchDiscreteEvent 
(node_modules/react-dom/cjs/react-dom.development.js:6430:5)
      at HTMLDivElement.callTheUserObjectsOperation 
(node_modules/jsdom/lib/jsdom/living/generated/EventListener.js:26:30)
      at innerInvokeEventListeners 
(node_modules/jsdom/lib/jsdom/living/events/EventTarget-impl.js:350:25)
      at invokeEventListeners 
(node_modules/jsdom/lib/jsdom/living/events/EventTarget-impl.js:286:3)
      at HTMLInputElementImpl._dispatch 
(node_modules/jsdom/lib/jsdom/living/events/EventTarget-impl.js:233:9)
      at HTMLInputElementImpl.dispatchEvent 
(node_modules/jsdom/lib/jsdom/living/events/EventTarget-impl.js:104:17)
      at HTMLInputElement.dispatchEvent 
(node_modules/jsdom/lib/jsdom/living/generated/EventTarget.js:241:34)
      at 
node_modules/@testing-library/user-event/dist/cjs/event/dispatchEvent.js:45:43
      at Object.eventWrapper 
(node_modules/@testing-library/dom/dist/config.js:25:23)
      at Object.wrapEvent 
(node_modules/@testing-library/user-event/dist/cjs/event/wrapEvent.js:6:28)
      at Object.dispatchEvent (node_modules/@testing-library/user-event/dist/cj
s/event/dispatchEvent.js:45:22)
      at Object.dispatchUIEvent (node_modules/@testing-library/user-event/dist/
cjs/event/dispatchEvent.js:22:26)
      at commitInput 
(node_modules/@testing-library/user-event/dist/cjs/event/input.js:145:14)
      at editInputElement 
(node_modules/@testing-library/user-event/dist/cjs/event/input.js:115:9)
      at Object.input 
(node_modules/@testing-library/user-event/dist/cjs/event/input.js:37:9)
      at node_modules/@testing-library/user-event/dist/cjs/event/behavior/keypr
ess.js:31:26
      at Object.dispatchEvent (node_modules/@testing-library/user-event/dist/cj
s/event/dispatchEvent.js:41:13)
      at Object.dispatchUIEvent (node_modules/@testing-library/user-event/dist/
cjs/event/dispatchEvent.js:22:26)
      at KeyboardHost.keydown 
(node_modules/@testing-library/user-event/dist/cjs/system/keyboard.js:76:22)
      at keyboardAction 
(node_modules/@testing-library/user-event/dist/cjs/keyboard/index.js:22:35)
      at Object.keyboard 
(node_modules/@testing-library/user-event/dist/cjs/keyboard/index.js:11:15)
      at Object.type 
(node_modules/@testing-library/user-event/dist/cjs/utility/type.js:17:5)
      at Object.<anonymous> 
(src/settings/__tests__/AccountCreatePage.test.tsx:135:9)

    console.error
      Warning: An update to AccountCreatePage inside a test was not wrapped in 
act(...).
      
      When testing, code that causes React state updates should be wrapped 
into act(...):
      
      act(() => {
        /* fire events that update state */
      });
      /* assert on the output */
      
      This ensures that you're testing the behavior the user would see in the 
browser. Learn more at https://reactjs.org/link/wrap-tests-with-act
          at AccountCreatePage (C:\Users\samhe\OneDrive\Desktop\Cleaned\fronten
d\src\settings\AccountCreatePage.tsx:32:47)
          at routeContext (C:\Users\samhe\OneDrive\Desktop\Cleaned\frontend\nod
e_modules\react-router\lib\hooks.tsx:658:26)
          at children (C:\Users\samhe\OneDrive\Desktop\Cleaned\frontend\node_mo
dules\react-router\lib\components.tsx:512:3)
          at basenameProp (C:\Users\samhe\OneDrive\Desktop\Cleaned\frontend\nod
e_modules\react-router\lib\components.tsx:421:13)
          at basename (C:\Users\samhe\OneDrive\Desktop\Cleaned\frontend\node_mo
dules\react-router\lib\components.tsx:225:3)

      147 |                         type="email"
      148 |                         value={email}
    > 149 |                         onChange={e => setEmail(e.target.value)}
          |                                        ^
      150 |                         disabled={saving}
      151 |                         className="text-sm border border-gray-300 
rounded px-2 py-1.5 focus:outline-none focus:ring-1 focus:ring-blue-400 
disabled:opacity-50"
      152 |                     />

      at printWarning 
(node_modules/react-dom/cjs/react-dom.development.js:86:30)
      at error (node_modules/react-dom/cjs/react-dom.development.js:60:7)
      at warnIfUpdatesNotWrappedWithActDEV 
(node_modules/react-dom/cjs/react-dom.development.js:27628:9)
      at scheduleUpdateOnFiber 
(node_modules/react-dom/cjs/react-dom.development.js:25547:5)
      at dispatchSetState 
(node_modules/react-dom/cjs/react-dom.development.js:16708:7)
      at onChange (src/settings/AccountCreatePage.tsx:149:40)
      at HTMLUnknownElement.callCallback 
(node_modules/react-dom/cjs/react-dom.development.js:4164:14)
      at HTMLUnknownElement.callTheUserObjectsOperation 
(node_modules/jsdom/lib/jsdom/living/generated/EventListener.js:26:30)
      at innerInvokeEventListeners 
(node_modules/jsdom/lib/jsdom/living/events/EventTarget-impl.js:350:25)
      at invokeEventListeners 
(node_modules/jsdom/lib/jsdom/living/events/EventTarget-impl.js:286:3)
      at HTMLUnknownElementImpl._dispatch 
(node_modules/jsdom/lib/jsdom/living/events/EventTarget-impl.js:233:9)
      at HTMLUnknownElementImpl.dispatchEvent 
(node_modules/jsdom/lib/jsdom/living/events/EventTarget-impl.js:104:17)
      at HTMLUnknownElement.dispatchEvent 
(node_modules/jsdom/lib/jsdom/living/generated/EventTarget.js:241:34)
      at Object.invokeGuardedCallbackDev 
(node_modules/react-dom/cjs/react-dom.development.js:4213:16)
      at invokeGuardedCallback 
(node_modules/react-dom/cjs/react-dom.development.js:4277:31)
      at invokeGuardedCallbackAndCatchFirstError 
(node_modules/react-dom/cjs/react-dom.development.js:4291:25)
      at executeDispatch 
(node_modules/react-dom/cjs/react-dom.development.js:9041:3)
      at processDispatchQueueItemsInOrder 
(node_modules/react-dom/cjs/react-dom.development.js:9073:7)
      at processDispatchQueue 
(node_modules/react-dom/cjs/react-dom.development.js:9086:5)
      at dispatchEventsForPlugins 
(node_modules/react-dom/cjs/react-dom.development.js:9097:3)
      at node_modules/react-dom/cjs/react-dom.development.js:9288:12
      at batchedUpdates$1 
(node_modules/react-dom/cjs/react-dom.development.js:26179:12)
      at batchedUpdates 
(node_modules/react-dom/cjs/react-dom.development.js:3991:12)
      at dispatchEventForPluginEventSystem 
(node_modules/react-dom/cjs/react-dom.development.js:9287:3)
      at dispatchEventWithEnableCapturePhaseSelectiveHydrationWithoutDiscreteEv
entReplay (node_modules/react-dom/cjs/react-dom.development.js:6465:5)
      at dispatchEvent 
(node_modules/react-dom/cjs/react-dom.development.js:6457:5)
      at dispatchDiscreteEvent 
(node_modules/react-dom/cjs/react-dom.development.js:6430:5)
      at HTMLDivElement.callTheUserObjectsOperation 
(node_modules/jsdom/lib/jsdom/living/generated/EventListener.js:26:30)
      at innerInvokeEventListeners 
(node_modules/jsdom/lib/jsdom/living/events/EventTarget-impl.js:350:25)
      at invokeEventListeners 
(node_modules/jsdom/lib/jsdom/living/events/EventTarget-impl.js:286:3)
      at HTMLInputElementImpl._dispatch 
(node_modules/jsdom/lib/jsdom/living/events/EventTarget-impl.js:233:9)
      at HTMLInputElementImpl.dispatchEvent 
(node_modules/jsdom/lib/jsdom/living/events/EventTarget-impl.js:104:17)
      at HTMLInputElement.dispatchEvent 
(node_modules/jsdom/lib/jsdom/living/generated/EventTarget.js:241:34)
      at 
node_modules/@testing-library/user-event/dist/cjs/event/dispatchEvent.js:45:43
      at Object.eventWrapper 
(node_modules/@testing-library/dom/dist/config.js:25:23)
      at Object.wrapEvent 
(node_modules/@testing-library/user-event/dist/cjs/event/wrapEvent.js:6:28)
      at Object.dispatchEvent (node_modules/@testing-library/user-event/dist/cj
s/event/dispatchEvent.js:45:22)
      at Object.dispatchUIEvent (node_modules/@testing-library/user-event/dist/
cjs/event/dispatchEvent.js:22:26)
      at commitInput 
(node_modules/@testing-library/user-event/dist/cjs/event/input.js:145:14)
      at editInputElement 
(node_modules/@testing-library/user-event/dist/cjs/event/input.js:115:9)
      at Object.input 
(node_modules/@testing-library/user-event/dist/cjs/event/input.js:37:9)
      at node_modules/@testing-library/user-event/dist/cjs/event/behavior/keypr
ess.js:31:26
      at Object.dispatchEvent (node_modules/@testing-library/user-event/dist/cj
s/event/dispatchEvent.js:41:13)
      at Object.dispatchUIEvent (node_modules/@testing-library/user-event/dist/
cjs/event/dispatchEvent.js:22:26)
      at KeyboardHost.keydown 
(node_modules/@testing-library/user-event/dist/cjs/system/keyboard.js:76:22)
      at keyboardAction 
(node_modules/@testing-library/user-event/dist/cjs/keyboard/index.js:22:35)
      at Object.keyboard 
(node_modules/@testing-library/user-event/dist/cjs/keyboard/index.js:11:15)
      at Object.type 
(node_modules/@testing-library/user-event/dist/cjs/utility/type.js:17:5)
      at Object.<anonymous> 
(src/settings/__tests__/AccountCreatePage.test.tsx:135:9)

    console.error
      Warning: An update to AccountCreatePage inside a test was not wrapped in 
act(...).
      
      When testing, code that causes React state updates should be wrapped 
into act(...):
      
      act(() => {
        /* fire events that update state */
      });
      /* assert on the output */
      
      This ensures that you're testing the behavior the user would see in the 
browser. Learn more at https://reactjs.org/link/wrap-tests-with-act
          at AccountCreatePage (C:\Users\samhe\OneDrive\Desktop\Cleaned\fronten
d\src\settings\AccountCreatePage.tsx:32:47)
          at routeContext (C:\Users\samhe\OneDrive\Desktop\Cleaned\frontend\nod
e_modules\react-router\lib\hooks.tsx:658:26)
          at children (C:\Users\samhe\OneDrive\Desktop\Cleaned\frontend\node_mo
dules\react-router\lib\components.tsx:512:3)
          at basenameProp (C:\Users\samhe\OneDrive\Desktop\Cleaned\frontend\nod
e_modules\react-router\lib\components.tsx:421:13)
          at basename (C:\Users\samhe\OneDrive\Desktop\Cleaned\frontend\node_mo
dules\react-router\lib\components.tsx:225:3)

      161 |                         type="text"
      162 |                         value={username}
    > 163 |                         onChange={e => setUsername(e.target.value)}
          |                                        ^
      164 |                         disabled={saving}
      165 |                         className="text-sm border border-gray-300 
rounded px-2 py-1.5 focus:outline-none focus:ring-1 focus:ring-blue-400 
disabled:opacity-50"
      166 |                     />

      at printWarning 
(node_modules/react-dom/cjs/react-dom.development.js:86:30)
      at error (node_modules/react-dom/cjs/react-dom.development.js:60:7)
      at warnIfUpdatesNotWrappedWithActDEV 
(node_modules/react-dom/cjs/react-dom.development.js:27628:9)
      at scheduleUpdateOnFiber 
(node_modules/react-dom/cjs/react-dom.development.js:25547:5)
      at dispatchSetState 
(node_modules/react-dom/cjs/react-dom.development.js:16708:7)
      at onChange (src/settings/AccountCreatePage.tsx:163:40)
      at HTMLUnknownElement.callCallback 
(node_modules/react-dom/cjs/react-dom.development.js:4164:14)
      at HTMLUnknownElement.callTheUserObjectsOperation 
(node_modules/jsdom/lib/jsdom/living/generated/EventListener.js:26:30)
      at innerInvokeEventListeners 
(node_modules/jsdom/lib/jsdom/living/events/EventTarget-impl.js:350:25)
      at invokeEventListeners 
(node_modules/jsdom/lib/jsdom/living/events/EventTarget-impl.js:286:3)
      at HTMLUnknownElementImpl._dispatch 
(node_modules/jsdom/lib/jsdom/living/events/EventTarget-impl.js:233:9)
      at HTMLUnknownElementImpl.dispatchEvent 
(node_modules/jsdom/lib/jsdom/living/events/EventTarget-impl.js:104:17)
      at HTMLUnknownElement.dispatchEvent 
(node_modules/jsdom/lib/jsdom/living/generated/EventTarget.js:241:34)
      at Object.invokeGuardedCallbackDev 
(node_modules/react-dom/cjs/react-dom.development.js:4213:16)
      at invokeGuardedCallback 
(node_modules/react-dom/cjs/react-dom.development.js:4277:31)
      at invokeGuardedCallbackAndCatchFirstError 
(node_modules/react-dom/cjs/react-dom.development.js:4291:25)
      at executeDispatch 
(node_modules/react-dom/cjs/react-dom.development.js:9041:3)
      at processDispatchQueueItemsInOrder 
(node_modules/react-dom/cjs/react-dom.development.js:9073:7)
      at processDispatchQueue 
(node_modules/react-dom/cjs/react-dom.development.js:9086:5)
      at dispatchEventsForPlugins 
(node_modules/react-dom/cjs/react-dom.development.js:9097:3)
      at node_modules/react-dom/cjs/react-dom.development.js:9288:12
      at batchedUpdates$1 
(node_modules/react-dom/cjs/react-dom.development.js:26179:12)
      at batchedUpdates 
(node_modules/react-dom/cjs/react-dom.development.js:3991:12)
      at dispatchEventForPluginEventSystem 
(node_modules/react-dom/cjs/react-dom.development.js:9287:3)
      at dispatchEventWithEnableCapturePhaseSelectiveHydrationWithoutDiscreteEv
entReplay (node_modules/react-dom/cjs/react-dom.development.js:6465:5)
      at dispatchEvent 
(node_modules/react-dom/cjs/react-dom.development.js:6457:5)
      at dispatchDiscreteEvent 
(node_modules/react-dom/cjs/react-dom.development.js:6430:5)
      at HTMLDivElement.callTheUserObjectsOperation 
(node_modules/jsdom/lib/jsdom/living/generated/EventListener.js:26:30)
      at innerInvokeEventListeners 
(node_modules/jsdom/lib/jsdom/living/events/EventTarget-impl.js:350:25)
      at invokeEventListeners 
(node_modules/jsdom/lib/jsdom/living/events/EventTarget-impl.js:286:3)
      at HTMLInputElementImpl._dispatch 
(node_modules/jsdom/lib/jsdom/living/events/EventTarget-impl.js:233:9)
      at HTMLInputElementImpl.dispatchEvent 
(node_modules/jsdom/lib/jsdom/living/events/EventTarget-impl.js:104:17)
      at HTMLInputElement.dispatchEvent 
(node_modules/jsdom/lib/jsdom/living/generated/EventTarget.js:241:34)
      at 
node_modules/@testing-library/user-event/dist/cjs/event/dispatchEvent.js:45:43
      at Object.eventWrapper 
(node_modules/@testing-library/dom/dist/config.js:25:23)
      at Object.wrapEvent 
(node_modules/@testing-library/user-event/dist/cjs/event/wrapEvent.js:6:28)
      at Object.dispatchEvent (node_modules/@testing-library/user-event/dist/cj
s/event/dispatchEvent.js:45:22)
      at Object.dispatchUIEvent (node_modules/@testing-library/user-event/dist/
cjs/event/dispatchEvent.js:22:26)
      at commitInput 
(node_modules/@testing-library/user-event/dist/cjs/event/input.js:145:14)
      at editInputElement 
(node_modules/@testing-library/user-event/dist/cjs/event/input.js:115:9)
      at Object.input 
(node_modules/@testing-library/user-event/dist/cjs/event/input.js:37:9)
      at node_modules/@testing-library/user-event/dist/cjs/event/behavior/keypr
ess.js:31:26
      at Object.dispatchEvent (node_modules/@testing-library/user-event/dist/cj
s/event/dispatchEvent.js:41:13)
      at Object.dispatchUIEvent (node_modules/@testing-library/user-event/dist/
cjs/event/dispatchEvent.js:22:26)
      at KeyboardHost.keydown 
(node_modules/@testing-library/user-event/dist/cjs/system/keyboard.js:76:22)
      at keyboardAction 
(node_modules/@testing-library/user-event/dist/cjs/keyboard/index.js:22:35)
      at Object.keyboard 
(node_modules/@testing-library/user-event/dist/cjs/keyboard/index.js:11:15)
      at Object.type 
(node_modules/@testing-library/user-event/dist/cjs/utility/type.js:17:5)
      at Object.<anonymous> 
(src/settings/__tests__/AccountCreatePage.test.tsx:136:9)

    console.error
      Warning: An update to AccountCreatePage inside a test was not wrapped in 
act(...).
      
      When testing, code that causes React state updates should be wrapped 
into act(...):
      
      act(() => {
        /* fire events that update state */
      });
      /* assert on the output */
      
      This ensures that you're testing the behavior the user would see in the 
browser. Learn more at https://reactjs.org/link/wrap-tests-with-act
          at AccountCreatePage (C:\Users\samhe\OneDrive\Desktop\Cleaned\fronten
d\src\settings\AccountCreatePage.tsx:32:47)
          at routeContext (C:\Users\samhe\OneDrive\Desktop\Cleaned\frontend\nod
e_modules\react-router\lib\hooks.tsx:658:26)
          at children (C:\Users\samhe\OneDrive\Desktop\Cleaned\frontend\node_mo
dules\react-router\lib\components.tsx:512:3)
          at basenameProp (C:\Users\samhe\OneDrive\Desktop\Cleaned\frontend\nod
e_modules\react-router\lib\components.tsx:421:13)
          at basename (C:\Users\samhe\OneDrive\Desktop\Cleaned\frontend\node_mo
dules\react-router\lib\components.tsx:225:3)

      161 |                         type="text"
      162 |                         value={username}
    > 163 |                         onChange={e => setUsername(e.target.value)}
          |                                        ^
      164 |                         disabled={saving}
      165 |                         className="text-sm border border-gray-300 
rounded px-2 py-1.5 focus:outline-none focus:ring-1 focus:ring-blue-400 
disabled:opacity-50"
      166 |                     />

      at printWarning 
(node_modules/react-dom/cjs/react-dom.development.js:86:30)
      at error (node_modules/react-dom/cjs/react-dom.development.js:60:7)
      at warnIfUpdatesNotWrappedWithActDEV 
(node_modules/react-dom/cjs/react-dom.development.js:27628:9)
      at scheduleUpdateOnFiber 
(node_modules/react-dom/cjs/react-dom.development.js:25547:5)
      at dispatchSetState 
(node_modules/react-dom/cjs/react-dom.development.js:16708:7)
      at onChange (src/settings/AccountCreatePage.tsx:163:40)
      at HTMLUnknownElement.callCallback 
(node_modules/react-dom/cjs/react-dom.development.js:4164:14)
      at HTMLUnknownElement.callTheUserObjectsOperation 
(node_modules/jsdom/lib/jsdom/living/generated/EventListener.js:26:30)
      at innerInvokeEventListeners 
(node_modules/jsdom/lib/jsdom/living/events/EventTarget-impl.js:350:25)
      at invokeEventListeners 
(node_modules/jsdom/lib/jsdom/living/events/EventTarget-impl.js:286:3)
      at HTMLUnknownElementImpl._dispatch 
(node_modules/jsdom/lib/jsdom/living/events/EventTarget-impl.js:233:9)
      at HTMLUnknownElementImpl.dispatchEvent 
(node_modules/jsdom/lib/jsdom/living/events/EventTarget-impl.js:104:17)
      at HTMLUnknownElement.dispatchEvent 
(node_modules/jsdom/lib/jsdom/living/generated/EventTarget.js:241:34)
      at Object.invokeGuardedCallbackDev 
(node_modules/react-dom/cjs/react-dom.development.js:4213:16)
      at invokeGuardedCallback 
(node_modules/react-dom/cjs/react-dom.development.js:4277:31)
      at invokeGuardedCallbackAndCatchFirstError 
(node_modules/react-dom/cjs/react-dom.development.js:4291:25)
      at executeDispatch 
(node_modules/react-dom/cjs/react-dom.development.js:9041:3)
      at processDispatchQueueItemsInOrder 
(node_modules/react-dom/cjs/react-dom.development.js:9073:7)
      at processDispatchQueue 
(node_modules/react-dom/cjs/react-dom.development.js:9086:5)
      at dispatchEventsForPlugins 
(node_modules/react-dom/cjs/react-dom.development.js:9097:3)
      at node_modules/react-dom/cjs/react-dom.development.js:9288:12
      at batchedUpdates$1 
(node_modules/react-dom/cjs/react-dom.development.js:26179:12)
      at batchedUpdates 
(node_modules/react-dom/cjs/react-dom.development.js:3991:12)
      at dispatchEventForPluginEventSystem 
(node_modules/react-dom/cjs/react-dom.development.js:9287:3)
      at dispatchEventWithEnableCapturePhaseSelectiveHydrationWithoutDiscreteEv
entReplay (node_modules/react-dom/cjs/react-dom.development.js:6465:5)
      at dispatchEvent 
(node_modules/react-dom/cjs/react-dom.development.js:6457:5)
      at dispatchDiscreteEvent 
(node_modules/react-dom/cjs/react-dom.development.js:6430:5)
      at HTMLDivElement.callTheUserObjectsOperation 
(node_modules/jsdom/lib/jsdom/living/generated/EventListener.js:26:30)
      at innerInvokeEventListeners 
(node_modules/jsdom/lib/jsdom/living/events/EventTarget-impl.js:350:25)
      at invokeEventListeners 
(node_modules/jsdom/lib/jsdom/living/events/EventTarget-impl.js:286:3)
      at HTMLInputElementImpl._dispatch 
(node_modules/jsdom/lib/jsdom/living/events/EventTarget-impl.js:233:9)
      at HTMLInputElementImpl.dispatchEvent 
(node_modules/jsdom/lib/jsdom/living/events/EventTarget-impl.js:104:17)
      at HTMLInputElement.dispatchEvent 
(node_modules/jsdom/lib/jsdom/living/generated/EventTarget.js:241:34)
      at 
node_modules/@testing-library/user-event/dist/cjs/event/dispatchEvent.js:45:43
      at Object.eventWrapper 
(node_modules/@testing-library/dom/dist/config.js:25:23)
      at Object.wrapEvent 
(node_modules/@testing-library/user-event/dist/cjs/event/wrapEvent.js:6:28)
      at Object.dispatchEvent (node_modules/@testing-library/user-event/dist/cj
s/event/dispatchEvent.js:45:22)
      at Object.dispatchUIEvent (node_modules/@testing-library/user-event/dist/
cjs/event/dispatchEvent.js:22:26)
      at commitInput 
(node_modules/@testing-library/user-event/dist/cjs/event/input.js:145:14)
      at editInputElement 
(node_modules/@testing-library/user-event/dist/cjs/event/input.js:115:9)
      at Object.input 
(node_modules/@testing-library/user-event/dist/cjs/event/input.js:37:9)
      at node_modules/@testing-library/user-event/dist/cjs/event/behavior/keypr
ess.js:31:26
      at Object.dispatchEvent (node_modules/@testing-library/user-event/dist/cj
s/event/dispatchEvent.js:41:13)
      at Object.dispatchUIEvent (node_modules/@testing-library/user-event/dist/
cjs/event/dispatchEvent.js:22:26)
      at KeyboardHost.keydown 
(node_modules/@testing-library/user-event/dist/cjs/system/keyboard.js:76:22)
      at keyboardAction 
(node_modules/@testing-library/user-event/dist/cjs/keyboard/index.js:22:35)
      at Object.keyboard 
(node_modules/@testing-library/user-event/dist/cjs/keyboard/index.js:11:15)
      at Object.type 
(node_modules/@testing-library/user-event/dist/cjs/utility/type.js:17:5)
      at Object.<anonymous> 
(src/settings/__tests__/AccountCreatePage.test.tsx:136:9)

    console.error
      Warning: An update to AccountCreatePage inside a test was not wrapped in 
act(...).
      
      When testing, code that causes React state updates should be wrapped 
into act(...):
      
      act(() => {
        /* fire events that update state */
      });
      /* assert on the output */
      
      This ensures that you're testing the behavior the user would see in the 
browser. Learn more at https://reactjs.org/link/wrap-tests-with-act
          at AccountCreatePage (C:\Users\samhe\OneDrive\Desktop\Cleaned\fronten
d\src\settings\AccountCreatePage.tsx:32:47)
          at routeContext (C:\Users\samhe\OneDrive\Desktop\Cleaned\frontend\nod
e_modules\react-router\lib\hooks.tsx:658:26)
          at children (C:\Users\samhe\OneDrive\Desktop\Cleaned\frontend\node_mo
dules\react-router\lib\components.tsx:512:3)
          at basenameProp (C:\Users\samhe\OneDrive\Desktop\Cleaned\frontend\nod
e_modules\react-router\lib\components.tsx:421:13)
          at basename (C:\Users\samhe\OneDrive\Desktop\Cleaned\frontend\node_mo
dules\react-router\lib\components.tsx:225:3)

      161 |                         type="text"
      162 |                         value={username}
    > 163 |                         onChange={e => setUsername(e.target.value)}
          |                                        ^
      164 |                         disabled={saving}
      165 |                         className="text-sm border border-gray-300 
rounded px-2 py-1.5 focus:outline-none focus:ring-1 focus:ring-blue-400 
disabled:opacity-50"
      166 |                     />

      at printWarning 
(node_modules/react-dom/cjs/react-dom.development.js:86:30)
      at error (node_modules/react-dom/cjs/react-dom.development.js:60:7)
      at warnIfUpdatesNotWrappedWithActDEV 
(node_modules/react-dom/cjs/react-dom.development.js:27628:9)
      at scheduleUpdateOnFiber 
(node_modules/react-dom/cjs/react-dom.development.js:25547:5)
      at dispatchSetState 
(node_modules/react-dom/cjs/react-dom.development.js:16708:7)
      at onChange (src/settings/AccountCreatePage.tsx:163:40)
      at HTMLUnknownElement.callCallback 
(node_modules/react-dom/cjs/react-dom.development.js:4164:14)
      at HTMLUnknownElement.callTheUserObjectsOperation 
(node_modules/jsdom/lib/jsdom/living/generated/EventListener.js:26:30)
      at innerInvokeEventListeners 
(node_modules/jsdom/lib/jsdom/living/events/EventTarget-impl.js:350:25)
      at invokeEventListeners 
(node_modules/jsdom/lib/jsdom/living/events/EventTarget-impl.js:286:3)
      at HTMLUnknownElementImpl._dispatch 
(node_modules/jsdom/lib/jsdom/living/events/EventTarget-impl.js:233:9)
      at HTMLUnknownElementImpl.dispatchEvent 
(node_modules/jsdom/lib/jsdom/living/events/EventTarget-impl.js:104:17)
      at HTMLUnknownElement.dispatchEvent 
(node_modules/jsdom/lib/jsdom/living/generated/EventTarget.js:241:34)
      at Object.invokeGuardedCallbackDev 
(node_modules/react-dom/cjs/react-dom.development.js:4213:16)
      at invokeGuardedCallback 
(node_modules/react-dom/cjs/react-dom.development.js:4277:31)
      at invokeGuardedCallbackAndCatchFirstError 
(node_modules/react-dom/cjs/react-dom.development.js:4291:25)
      at executeDispatch 
(node_modules/react-dom/cjs/react-dom.development.js:9041:3)
      at processDispatchQueueItemsInOrder 
(node_modules/react-dom/cjs/react-dom.development.js:9073:7)
      at processDispatchQueue 
(node_modules/react-dom/cjs/react-dom.development.js:9086:5)
      at dispatchEventsForPlugins 
(node_modules/react-dom/cjs/react-dom.development.js:9097:3)
      at node_modules/react-dom/cjs/react-dom.development.js:9288:12
      at batchedUpdates$1 
(node_modules/react-dom/cjs/react-dom.development.js:26179:12)
      at batchedUpdates 
(node_modules/react-dom/cjs/react-dom.development.js:3991:12)
      at dispatchEventForPluginEventSystem 
(node_modules/react-dom/cjs/react-dom.development.js:9287:3)
      at dispatchEventWithEnableCapturePhaseSelectiveHydrationWithoutDiscreteEv
entReplay (node_modules/react-dom/cjs/react-dom.development.js:6465:5)
      at dispatchEvent 
(node_modules/react-dom/cjs/react-dom.development.js:6457:5)
      at dispatchDiscreteEvent 
(node_modules/react-dom/cjs/react-dom.development.js:6430:5)
      at HTMLDivElement.callTheUserObjectsOperation 
(node_modules/jsdom/lib/jsdom/living/generated/EventListener.js:26:30)
      at innerInvokeEventListeners 
(node_modules/jsdom/lib/jsdom/living/events/EventTarget-impl.js:350:25)
      at invokeEventListeners 
(node_modules/jsdom/lib/jsdom/living/events/EventTarget-impl.js:286:3)
      at HTMLInputElementImpl._dispatch 
(node_modules/jsdom/lib/jsdom/living/events/EventTarget-impl.js:233:9)
      at HTMLInputElementImpl.dispatchEvent 
(node_modules/jsdom/lib/jsdom/living/events/EventTarget-impl.js:104:17)
      at HTMLInputElement.dispatchEvent 
(node_modules/jsdom/lib/jsdom/living/generated/EventTarget.js:241:34)
      at 
node_modules/@testing-library/user-event/dist/cjs/event/dispatchEvent.js:45:43
      at Object.eventWrapper 
(node_modules/@testing-library/dom/dist/config.js:25:23)
      at Object.wrapEvent 
(node_modules/@testing-library/user-event/dist/cjs/event/wrapEvent.js:6:28)
      at Object.dispatchEvent (node_modules/@testing-library/user-event/dist/cj
s/event/dispatchEvent.js:45:22)
      at Object.dispatchUIEvent (node_modules/@testing-library/user-event/dist/
cjs/event/dispatchEvent.js:22:26)
      at commitInput 
(node_modules/@testing-library/user-event/dist/cjs/event/input.js:145:14)
      at editInputElement 
(node_modules/@testing-library/user-event/dist/cjs/event/input.js:115:9)
      at Object.input 
(node_modules/@testing-library/user-event/dist/cjs/event/input.js:37:9)
      at node_modules/@testing-library/user-event/dist/cjs/event/behavior/keypr
ess.js:31:26
      at Object.dispatchEvent (node_modules/@testing-library/user-event/dist/cj
s/event/dispatchEvent.js:41:13)
      at Object.dispatchUIEvent (node_modules/@testing-library/user-event/dist/
cjs/event/dispatchEvent.js:22:26)
      at KeyboardHost.keydown 
(node_modules/@testing-library/user-event/dist/cjs/system/keyboard.js:76:22)
      at keyboardAction 
(node_modules/@testing-library/user-event/dist/cjs/keyboard/index.js:22:35)
      at Object.keyboard 
(node_modules/@testing-library/user-event/dist/cjs/keyboard/index.js:11:15)
      at Object.type 
(node_modules/@testing-library/user-event/dist/cjs/utility/type.js:17:5)
      at Object.<anonymous> 
(src/settings/__tests__/AccountCreatePage.test.tsx:136:9)

    console.error
      Warning: An update to AccountCreatePage inside a test was not wrapped in 
act(...).
      
      When testing, code that causes React state updates should be wrapped 
into act(...):
      
      act(() => {
        /* fire events that update state */
      });
      /* assert on the output */
      
      This ensures that you're testing the behavior the user would see in the 
browser. Learn more at https://reactjs.org/link/wrap-tests-with-act
          at AccountCreatePage (C:\Users\samhe\OneDrive\Desktop\Cleaned\fronten
d\src\settings\AccountCreatePage.tsx:32:47)
          at routeContext (C:\Users\samhe\OneDrive\Desktop\Cleaned\frontend\nod
e_modules\react-router\lib\hooks.tsx:658:26)
          at children (C:\Users\samhe\OneDrive\Desktop\Cleaned\frontend\node_mo
dules\react-router\lib\components.tsx:512:3)
          at basenameProp (C:\Users\samhe\OneDrive\Desktop\Cleaned\frontend\nod
e_modules\react-router\lib\components.tsx:421:13)
          at basename (C:\Users\samhe\OneDrive\Desktop\Cleaned\frontend\node_mo
dules\react-router\lib\components.tsx:225:3)

      161 |                         type="text"
      162 |                         value={username}
    > 163 |                         onChange={e => setUsername(e.target.value)}
          |                                        ^
      164 |                         disabled={saving}
      165 |                         className="text-sm border border-gray-300 
rounded px-2 py-1.5 focus:outline-none focus:ring-1 focus:ring-blue-400 
disabled:opacity-50"
      166 |                     />

      at printWarning 
(node_modules/react-dom/cjs/react-dom.development.js:86:30)
      at error (node_modules/react-dom/cjs/react-dom.development.js:60:7)
      at warnIfUpdatesNotWrappedWithActDEV 
(node_modules/react-dom/cjs/react-dom.development.js:27628:9)
      at scheduleUpdateOnFiber 
(node_modules/react-dom/cjs/react-dom.development.js:25547:5)
      at dispatchSetState 
(node_modules/react-dom/cjs/react-dom.development.js:16708:7)
      at onChange (src/settings/AccountCreatePage.tsx:163:40)
      at HTMLUnknownElement.callCallback 
(node_modules/react-dom/cjs/react-dom.development.js:4164:14)
      at HTMLUnknownElement.callTheUserObjectsOperation 
(node_modules/jsdom/lib/jsdom/living/generated/EventListener.js:26:30)
      at innerInvokeEventListeners 
(node_modules/jsdom/lib/jsdom/living/events/EventTarget-impl.js:350:25)
      at invokeEventListeners 
(node_modules/jsdom/lib/jsdom/living/events/EventTarget-impl.js:286:3)
      at HTMLUnknownElementImpl._dispatch 
(node_modules/jsdom/lib/jsdom/living/events/EventTarget-impl.js:233:9)
      at HTMLUnknownElementImpl.dispatchEvent 
(node_modules/jsdom/lib/jsdom/living/events/EventTarget-impl.js:104:17)
      at HTMLUnknownElement.dispatchEvent 
(node_modules/jsdom/lib/jsdom/living/generated/EventTarget.js:241:34)
      at Object.invokeGuardedCallbackDev 
(node_modules/react-dom/cjs/react-dom.development.js:4213:16)
      at invokeGuardedCallback 
(node_modules/react-dom/cjs/react-dom.development.js:4277:31)
      at invokeGuardedCallbackAndCatchFirstError 
(node_modules/react-dom/cjs/react-dom.development.js:4291:25)
      at executeDispatch 
(node_modules/react-dom/cjs/react-dom.development.js:9041:3)
      at processDispatchQueueItemsInOrder 
(node_modules/react-dom/cjs/react-dom.development.js:9073:7)
      at processDispatchQueue 
(node_modules/react-dom/cjs/react-dom.development.js:9086:5)
      at dispatchEventsForPlugins 
(node_modules/react-dom/cjs/react-dom.development.js:9097:3)
      at node_modules/react-dom/cjs/react-dom.development.js:9288:12
      at batchedUpdates$1 
(node_modules/react-dom/cjs/react-dom.development.js:26179:12)
      at batchedUpdates 
(node_modules/react-dom/cjs/react-dom.development.js:3991:12)
      at dispatchEventForPluginEventSystem 
(node_modules/react-dom/cjs/react-dom.development.js:9287:3)
      at dispatchEventWithEnableCapturePhaseSelectiveHydrationWithoutDiscreteEv
entReplay (node_modules/react-dom/cjs/react-dom.development.js:6465:5)
      at dispatchEvent 
(node_modules/react-dom/cjs/react-dom.development.js:6457:5)
      at dispatchDiscreteEvent 
(node_modules/react-dom/cjs/react-dom.development.js:6430:5)
      at HTMLDivElement.callTheUserObjectsOperation 
(node_modules/jsdom/lib/jsdom/living/generated/EventListener.js:26:30)
      at innerInvokeEventListeners 
(node_modules/jsdom/lib/jsdom/living/events/EventTarget-impl.js:350:25)
      at invokeEventListeners 
(node_modules/jsdom/lib/jsdom/living/events/EventTarget-impl.js:286:3)
      at HTMLInputElementImpl._dispatch 
(node_modules/jsdom/lib/jsdom/living/events/EventTarget-impl.js:233:9)
      at HTMLInputElementImpl.dispatchEvent 
(node_modules/jsdom/lib/jsdom/living/events/EventTarget-impl.js:104:17)
      at HTMLInputElement.dispatchEvent 
(node_modules/jsdom/lib/jsdom/living/generated/EventTarget.js:241:34)
      at 
node_modules/@testing-library/user-event/dist/cjs/event/dispatchEvent.js:45:43
      at Object.eventWrapper 
(node_modules/@testing-library/dom/dist/config.js:25:23)
      at Object.wrapEvent 
(node_modules/@testing-library/user-event/dist/cjs/event/wrapEvent.js:6:28)
      at Object.dispatchEvent (node_modules/@testing-library/user-event/dist/cj
s/event/dispatchEvent.js:45:22)
      at Object.dispatchUIEvent (node_modules/@testing-library/user-event/dist/
cjs/event/dispatchEvent.js:22:26)
      at commitInput 
(node_modules/@testing-library/user-event/dist/cjs/event/input.js:145:14)
      at editInputElement 
(node_modules/@testing-library/user-event/dist/cjs/event/input.js:115:9)
      at Object.input 
(node_modules/@testing-library/user-event/dist/cjs/event/input.js:37:9)
      at node_modules/@testing-library/user-event/dist/cjs/event/behavior/keypr
ess.js:31:26
      at Object.dispatchEvent (node_modules/@testing-library/user-event/dist/cj
s/event/dispatchEvent.js:41:13)
      at Object.dispatchUIEvent (node_modules/@testing-library/user-event/dist/
cjs/event/dispatchEvent.js:22:26)
      at KeyboardHost.keydown 
(node_modules/@testing-library/user-event/dist/cjs/system/keyboard.js:76:22)
      at keyboardAction 
(node_modules/@testing-library/user-event/dist/cjs/keyboard/index.js:22:35)
      at Object.keyboard 
(node_modules/@testing-library/user-event/dist/cjs/keyboard/index.js:11:15)
      at Object.type 
(node_modules/@testing-library/user-event/dist/cjs/utility/type.js:17:5)
      at Object.<anonymous> 
(src/settings/__tests__/AccountCreatePage.test.tsx:136:9)

    console.error
      Warning: An update to AccountCreatePage inside a test was not wrapped in 
act(...).
      
      When testing, code that causes React state updates should be wrapped 
into act(...):
      
      act(() => {
        /* fire events that update state */
      });
      /* assert on the output */
      
      This ensures that you're testing the behavior the user would see in the 
browser. Learn more at https://reactjs.org/link/wrap-tests-with-act
          at AccountCreatePage (C:\Users\samhe\OneDrive\Desktop\Cleaned\fronten
d\src\settings\AccountCreatePage.tsx:32:47)
          at routeContext (C:\Users\samhe\OneDrive\Desktop\Cleaned\frontend\nod
e_modules\react-router\lib\hooks.tsx:658:26)
          at children (C:\Users\samhe\OneDrive\Desktop\Cleaned\frontend\node_mo
dules\react-router\lib\components.tsx:512:3)
          at basenameProp (C:\Users\samhe\OneDrive\Desktop\Cleaned\frontend\nod
e_modules\react-router\lib\components.tsx:421:13)
          at basename (C:\Users\samhe\OneDrive\Desktop\Cleaned\frontend\node_mo
dules\react-router\lib\components.tsx:225:3)

      161 |                         type="text"
      162 |                         value={username}
    > 163 |                         onChange={e => setUsername(e.target.value)}
          |                                        ^
      164 |                         disabled={saving}
      165 |                         className="text-sm border border-gray-300 
rounded px-2 py-1.5 focus:outline-none focus:ring-1 focus:ring-blue-400 
disabled:opacity-50"
      166 |                     />

      at printWarning 
(node_modules/react-dom/cjs/react-dom.development.js:86:30)
      at error (node_modules/react-dom/cjs/react-dom.development.js:60:7)
      at warnIfUpdatesNotWrappedWithActDEV 
(node_modules/react-dom/cjs/react-dom.development.js:27628:9)
      at scheduleUpdateOnFiber 
(node_modules/react-dom/cjs/react-dom.development.js:25547:5)
      at dispatchSetState 
(node_modules/react-dom/cjs/react-dom.development.js:16708:7)
      at onChange (src/settings/AccountCreatePage.tsx:163:40)
      at HTMLUnknownElement.callCallback 
(node_modules/react-dom/cjs/react-dom.development.js:4164:14)
      at HTMLUnknownElement.callTheUserObjectsOperation 
(node_modules/jsdom/lib/jsdom/living/generated/EventListener.js:26:30)
      at innerInvokeEventListeners 
(node_modules/jsdom/lib/jsdom/living/events/EventTarget-impl.js:350:25)
      at invokeEventListeners 
(node_modules/jsdom/lib/jsdom/living/events/EventTarget-impl.js:286:3)
      at HTMLUnknownElementImpl._dispatch 
(node_modules/jsdom/lib/jsdom/living/events/EventTarget-impl.js:233:9)
      at HTMLUnknownElementImpl.dispatchEvent 
(node_modules/jsdom/lib/jsdom/living/events/EventTarget-impl.js:104:17)
      at HTMLUnknownElement.dispatchEvent 
(node_modules/jsdom/lib/jsdom/living/generated/EventTarget.js:241:34)
      at Object.invokeGuardedCallbackDev 
(node_modules/react-dom/cjs/react-dom.development.js:4213:16)
      at invokeGuardedCallback 
(node_modules/react-dom/cjs/react-dom.development.js:4277:31)
      at invokeGuardedCallbackAndCatchFirstError 
(node_modules/react-dom/cjs/react-dom.development.js:4291:25)
      at executeDispatch 
(node_modules/react-dom/cjs/react-dom.development.js:9041:3)
      at processDispatchQueueItemsInOrder 
(node_modules/react-dom/cjs/react-dom.development.js:9073:7)
      at processDispatchQueue 
(node_modules/react-dom/cjs/react-dom.development.js:9086:5)
      at dispatchEventsForPlugins 
(node_modules/react-dom/cjs/react-dom.development.js:9097:3)
      at node_modules/react-dom/cjs/react-dom.development.js:9288:12
      at batchedUpdates$1 
(node_modules/react-dom/cjs/react-dom.development.js:26179:12)
      at batchedUpdates 
(node_modules/react-dom/cjs/react-dom.development.js:3991:12)
      at dispatchEventForPluginEventSystem 
(node_modules/react-dom/cjs/react-dom.development.js:9287:3)
      at dispatchEventWithEnableCapturePhaseSelectiveHydrationWithoutDiscreteEv
entReplay (node_modules/react-dom/cjs/react-dom.development.js:6465:5)
      at dispatchEvent 
(node_modules/react-dom/cjs/react-dom.development.js:6457:5)
      at dispatchDiscreteEvent 
(node_modules/react-dom/cjs/react-dom.development.js:6430:5)
      at HTMLDivElement.callTheUserObjectsOperation 
(node_modules/jsdom/lib/jsdom/living/generated/EventListener.js:26:30)
      at innerInvokeEventListeners 
(node_modules/jsdom/lib/jsdom/living/events/EventTarget-impl.js:350:25)
      at invokeEventListeners 
(node_modules/jsdom/lib/jsdom/living/events/EventTarget-impl.js:286:3)
      at HTMLInputElementImpl._dispatch 
(node_modules/jsdom/lib/jsdom/living/events/EventTarget-impl.js:233:9)
      at HTMLInputElementImpl.dispatchEvent 
(node_modules/jsdom/lib/jsdom/living/events/EventTarget-impl.js:104:17)
      at HTMLInputElement.dispatchEvent 
(node_modules/jsdom/lib/jsdom/living/generated/EventTarget.js:241:34)
      at 
node_modules/@testing-library/user-event/dist/cjs/event/dispatchEvent.js:45:43
      at Object.eventWrapper 
(node_modules/@testing-library/dom/dist/config.js:25:23)
      at Object.wrapEvent 
(node_modules/@testing-library/user-event/dist/cjs/event/wrapEvent.js:6:28)
      at Object.dispatchEvent (node_modules/@testing-library/user-event/dist/cj
s/event/dispatchEvent.js:45:22)
      at Object.dispatchUIEvent (node_modules/@testing-library/user-event/dist/
cjs/event/dispatchEvent.js:22:26)
      at commitInput 
(node_modules/@testing-library/user-event/dist/cjs/event/input.js:145:14)
      at editInputElement 
(node_modules/@testing-library/user-event/dist/cjs/event/input.js:115:9)
      at Object.input 
(node_modules/@testing-library/user-event/dist/cjs/event/input.js:37:9)
      at node_modules/@testing-library/user-event/dist/cjs/event/behavior/keypr
ess.js:31:26
      at Object.dispatchEvent (node_modules/@testing-library/user-event/dist/cj
s/event/dispatchEvent.js:41:13)
      at Object.dispatchUIEvent (node_modules/@testing-library/user-event/dist/
cjs/event/dispatchEvent.js:22:26)
      at KeyboardHost.keydown 
(node_modules/@testing-library/user-event/dist/cjs/system/keyboard.js:76:22)
      at keyboardAction 
(node_modules/@testing-library/user-event/dist/cjs/keyboard/index.js:22:35)
      at Object.keyboard 
(node_modules/@testing-library/user-event/dist/cjs/keyboard/index.js:11:15)
      at Object.type 
(node_modules/@testing-library/user-event/dist/cjs/utility/type.js:17:5)
      at Object.<anonymous> 
(src/settings/__tests__/AccountCreatePage.test.tsx:136:9)

    console.error
      Warning: An update to AccountCreatePage inside a test was not wrapped in 
act(...).
      
      When testing, code that causes React state updates should be wrapped 
into act(...):
      
      act(() => {
        /* fire events that update state */
      });
      /* assert on the output */
      
      This ensures that you're testing the behavior the user would see in the 
browser. Learn more at https://reactjs.org/link/wrap-tests-with-act
          at AccountCreatePage (C:\Users\samhe\OneDrive\Desktop\Cleaned\fronten
d\src\settings\AccountCreatePage.tsx:32:47)
          at routeContext (C:\Users\samhe\OneDrive\Desktop\Cleaned\frontend\nod
e_modules\react-router\lib\hooks.tsx:658:26)
          at children (C:\Users\samhe\OneDrive\Desktop\Cleaned\frontend\node_mo
dules\react-router\lib\components.tsx:512:3)
          at basenameProp (C:\Users\samhe\OneDrive\Desktop\Cleaned\frontend\nod
e_modules\react-router\lib\components.tsx:421:13)
          at basename (C:\Users\samhe\OneDrive\Desktop\Cleaned\frontend\node_mo
dules\react-router\lib\components.tsx:225:3)

      161 |                         type="text"
      162 |                         value={username}
    > 163 |                         onChange={e => setUsername(e.target.value)}
          |                                        ^
      164 |                         disabled={saving}
      165 |                         className="text-sm border border-gray-300 
rounded px-2 py-1.5 focus:outline-none focus:ring-1 focus:ring-blue-400 
disabled:opacity-50"
      166 |                     />

      at printWarning 
(node_modules/react-dom/cjs/react-dom.development.js:86:30)
      at error (node_modules/react-dom/cjs/react-dom.development.js:60:7)
      at warnIfUpdatesNotWrappedWithActDEV 
(node_modules/react-dom/cjs/react-dom.development.js:27628:9)
      at scheduleUpdateOnFiber 
(node_modules/react-dom/cjs/react-dom.development.js:25547:5)
      at dispatchSetState 
(node_modules/react-dom/cjs/react-dom.development.js:16708:7)
      at onChange (src/settings/AccountCreatePage.tsx:163:40)
      at HTMLUnknownElement.callCallback 
(node_modules/react-dom/cjs/react-dom.development.js:4164:14)
      at HTMLUnknownElement.callTheUserObjectsOperation 
(node_modules/jsdom/lib/jsdom/living/generated/EventListener.js:26:30)
      at innerInvokeEventListeners 
(node_modules/jsdom/lib/jsdom/living/events/EventTarget-impl.js:350:25)
      at invokeEventListeners 
(node_modules/jsdom/lib/jsdom/living/events/EventTarget-impl.js:286:3)
      at HTMLUnknownElementImpl._dispatch 
(node_modules/jsdom/lib/jsdom/living/events/EventTarget-impl.js:233:9)
      at HTMLUnknownElementImpl.dispatchEvent 
(node_modules/jsdom/lib/jsdom/living/events/EventTarget-impl.js:104:17)
      at HTMLUnknownElement.dispatchEvent 
(node_modules/jsdom/lib/jsdom/living/generated/EventTarget.js:241:34)
      at Object.invokeGuardedCallbackDev 
(node_modules/react-dom/cjs/react-dom.development.js:4213:16)
      at invokeGuardedCallback 
(node_modules/react-dom/cjs/react-dom.development.js:4277:31)
      at invokeGuardedCallbackAndCatchFirstError 
(node_modules/react-dom/cjs/react-dom.development.js:4291:25)
      at executeDispatch 
(node_modules/react-dom/cjs/react-dom.development.js:9041:3)
      at processDispatchQueueItemsInOrder 
(node_modules/react-dom/cjs/react-dom.development.js:9073:7)
      at processDispatchQueue 
(node_modules/react-dom/cjs/react-dom.development.js:9086:5)
      at dispatchEventsForPlugins 
(node_modules/react-dom/cjs/react-dom.development.js:9097:3)
      at node_modules/react-dom/cjs/react-dom.development.js:9288:12
      at batchedUpdates$1 
(node_modules/react-dom/cjs/react-dom.development.js:26179:12)
      at batchedUpdates 
(node_modules/react-dom/cjs/react-dom.development.js:3991:12)
      at dispatchEventForPluginEventSystem 
(node_modules/react-dom/cjs/react-dom.development.js:9287:3)
      at dispatchEventWithEnableCapturePhaseSelectiveHydrationWithoutDiscreteEv
entReplay (node_modules/react-dom/cjs/react-dom.development.js:6465:5)
      at dispatchEvent 
(node_modules/react-dom/cjs/react-dom.development.js:6457:5)
      at dispatchDiscreteEvent 
(node_modules/react-dom/cjs/react-dom.development.js:6430:5)
      at HTMLDivElement.callTheUserObjectsOperation 
(node_modules/jsdom/lib/jsdom/living/generated/EventListener.js:26:30)
      at innerInvokeEventListeners 
(node_modules/jsdom/lib/jsdom/living/events/EventTarget-impl.js:350:25)
      at invokeEventListeners 
(node_modules/jsdom/lib/jsdom/living/events/EventTarget-impl.js:286:3)
      at HTMLInputElementImpl._dispatch 
(node_modules/jsdom/lib/jsdom/living/events/EventTarget-impl.js:233:9)
      at HTMLInputElementImpl.dispatchEvent 
(node_modules/jsdom/lib/jsdom/living/events/EventTarget-impl.js:104:17)
      at HTMLInputElement.dispatchEvent 
(node_modules/jsdom/lib/jsdom/living/generated/EventTarget.js:241:34)
      at 
node_modules/@testing-library/user-event/dist/cjs/event/dispatchEvent.js:45:43
      at Object.eventWrapper 
(node_modules/@testing-library/dom/dist/config.js:25:23)
      at Object.wrapEvent 
(node_modules/@testing-library/user-event/dist/cjs/event/wrapEvent.js:6:28)
      at Object.dispatchEvent (node_modules/@testing-library/user-event/dist/cj
s/event/dispatchEvent.js:45:22)
      at Object.dispatchUIEvent (node_modules/@testing-library/user-event/dist/
cjs/event/dispatchEvent.js:22:26)
      at commitInput 
(node_modules/@testing-library/user-event/dist/cjs/event/input.js:145:14)
      at editInputElement 
(node_modules/@testing-library/user-event/dist/cjs/event/input.js:115:9)
      at Object.input 
(node_modules/@testing-library/user-event/dist/cjs/event/input.js:37:9)
      at node_modules/@testing-library/user-event/dist/cjs/event/behavior/keypr
ess.js:31:26
      at Object.dispatchEvent (node_modules/@testing-library/user-event/dist/cj
s/event/dispatchEvent.js:41:13)
      at Object.dispatchUIEvent (node_modules/@testing-library/user-event/dist/
cjs/event/dispatchEvent.js:22:26)
      at KeyboardHost.keydown 
(node_modules/@testing-library/user-event/dist/cjs/system/keyboard.js:76:22)
      at keyboardAction 
(node_modules/@testing-library/user-event/dist/cjs/keyboard/index.js:22:35)
      at Object.keyboard 
(node_modules/@testing-library/user-event/dist/cjs/keyboard/index.js:11:15)
      at Object.type 
(node_modules/@testing-library/user-event/dist/cjs/utility/type.js:17:5)
      at Object.<anonymous> 
(src/settings/__tests__/AccountCreatePage.test.tsx:136:9)

    console.error
      Warning: An update to AccountCreatePage inside a test was not wrapped in 
act(...).
      
      When testing, code that causes React state updates should be wrapped 
into act(...):
      
      act(() => {
        /* fire events that update state */
      });
      /* assert on the output */
      
      This ensures that you're testing the behavior the user would see in the 
browser. Learn more at https://reactjs.org/link/wrap-tests-with-act
          at AccountCreatePage (C:\Users\samhe\OneDrive\Desktop\Cleaned\fronten
d\src\settings\AccountCreatePage.tsx:32:47)
          at routeContext (C:\Users\samhe\OneDrive\Desktop\Cleaned\frontend\nod
e_modules\react-router\lib\hooks.tsx:658:26)
          at children (C:\Users\samhe\OneDrive\Desktop\Cleaned\frontend\node_mo
dules\react-router\lib\components.tsx:512:3)
          at basenameProp (C:\Users\samhe\OneDrive\Desktop\Cleaned\frontend\nod
e_modules\react-router\lib\components.tsx:421:13)
          at basename (C:\Users\samhe\OneDrive\Desktop\Cleaned\frontend\node_mo
dules\react-router\lib\components.tsx:225:3)

      161 |                         type="text"
      162 |                         value={username}
    > 163 |                         onChange={e => setUsername(e.target.value)}
          |                                        ^
      164 |                         disabled={saving}
      165 |                         className="text-sm border border-gray-300 
rounded px-2 py-1.5 focus:outline-none focus:ring-1 focus:ring-blue-400 
disabled:opacity-50"
      166 |                     />

      at printWarning 
(node_modules/react-dom/cjs/react-dom.development.js:86:30)
      at error (node_modules/react-dom/cjs/react-dom.development.js:60:7)
      at warnIfUpdatesNotWrappedWithActDEV 
(node_modules/react-dom/cjs/react-dom.development.js:27628:9)
      at scheduleUpdateOnFiber 
(node_modules/react-dom/cjs/react-dom.development.js:25547:5)
      at dispatchSetState 
(node_modules/react-dom/cjs/react-dom.development.js:16708:7)
      at onChange (src/settings/AccountCreatePage.tsx:163:40)
      at HTMLUnknownElement.callCallback 
(node_modules/react-dom/cjs/react-dom.development.js:4164:14)
      at HTMLUnknownElement.callTheUserObjectsOperation 
(node_modules/jsdom/lib/jsdom/living/generated/EventListener.js:26:30)
      at innerInvokeEventListeners 
(node_modules/jsdom/lib/jsdom/living/events/EventTarget-impl.js:350:25)
      at invokeEventListeners 
(node_modules/jsdom/lib/jsdom/living/events/EventTarget-impl.js:286:3)
      at HTMLUnknownElementImpl._dispatch 
(node_modules/jsdom/lib/jsdom/living/events/EventTarget-impl.js:233:9)
      at HTMLUnknownElementImpl.dispatchEvent 
(node_modules/jsdom/lib/jsdom/living/events/EventTarget-impl.js:104:17)
      at HTMLUnknownElement.dispatchEvent 
(node_modules/jsdom/lib/jsdom/living/generated/EventTarget.js:241:34)
      at Object.invokeGuardedCallbackDev 
(node_modules/react-dom/cjs/react-dom.development.js:4213:16)
      at invokeGuardedCallback 
(node_modules/react-dom/cjs/react-dom.development.js:4277:31)
      at invokeGuardedCallbackAndCatchFirstError 
(node_modules/react-dom/cjs/react-dom.development.js:4291:25)
      at executeDispatch 
(node_modules/react-dom/cjs/react-dom.development.js:9041:3)
      at processDispatchQueueItemsInOrder 
(node_modules/react-dom/cjs/react-dom.development.js:9073:7)
      at processDispatchQueue 
(node_modules/react-dom/cjs/react-dom.development.js:9086:5)
      at dispatchEventsForPlugins 
(node_modules/react-dom/cjs/react-dom.development.js:9097:3)
      at node_modules/react-dom/cjs/react-dom.development.js:9288:12
      at batchedUpdates$1 
(node_modules/react-dom/cjs/react-dom.development.js:26179:12)
      at batchedUpdates 
(node_modules/react-dom/cjs/react-dom.development.js:3991:12)
      at dispatchEventForPluginEventSystem 
(node_modules/react-dom/cjs/react-dom.development.js:9287:3)
      at dispatchEventWithEnableCapturePhaseSelectiveHydrationWithoutDiscreteEv
entReplay (node_modules/react-dom/cjs/react-dom.development.js:6465:5)
      at dispatchEvent 
(node_modules/react-dom/cjs/react-dom.development.js:6457:5)
      at dispatchDiscreteEvent 
(node_modules/react-dom/cjs/react-dom.development.js:6430:5)
      at HTMLDivElement.callTheUserObjectsOperation 
(node_modules/jsdom/lib/jsdom/living/generated/EventListener.js:26:30)
      at innerInvokeEventListeners 
(node_modules/jsdom/lib/jsdom/living/events/EventTarget-impl.js:350:25)
      at invokeEventListeners 
(node_modules/jsdom/lib/jsdom/living/events/EventTarget-impl.js:286:3)
      at HTMLInputElementImpl._dispatch 
(node_modules/jsdom/lib/jsdom/living/events/EventTarget-impl.js:233:9)
      at HTMLInputElementImpl.dispatchEvent 
(node_modules/jsdom/lib/jsdom/living/events/EventTarget-impl.js:104:17)
      at HTMLInputElement.dispatchEvent 
(node_modules/jsdom/lib/jsdom/living/generated/EventTarget.js:241:34)
      at 
node_modules/@testing-library/user-event/dist/cjs/event/dispatchEvent.js:45:43
      at Object.eventWrapper 
(node_modules/@testing-library/dom/dist/config.js:25:23)
      at Object.wrapEvent 
(node_modules/@testing-library/user-event/dist/cjs/event/wrapEvent.js:6:28)
      at Object.dispatchEvent (node_modules/@testing-library/user-event/dist/cj
s/event/dispatchEvent.js:45:22)
      at Object.dispatchUIEvent (node_modules/@testing-library/user-event/dist/
cjs/event/dispatchEvent.js:22:26)
      at commitInput 
(node_modules/@testing-library/user-event/dist/cjs/event/input.js:145:14)
      at editInputElement 
(node_modules/@testing-library/user-event/dist/cjs/event/input.js:115:9)
      at Object.input 
(node_modules/@testing-library/user-event/dist/cjs/event/input.js:37:9)
      at node_modules/@testing-library/user-event/dist/cjs/event/behavior/keypr
ess.js:31:26
      at Object.dispatchEvent (node_modules/@testing-library/user-event/dist/cj
s/event/dispatchEvent.js:41:13)
      at Object.dispatchUIEvent (node_modules/@testing-library/user-event/dist/
cjs/event/dispatchEvent.js:22:26)
      at KeyboardHost.keydown 
(node_modules/@testing-library/user-event/dist/cjs/system/keyboard.js:76:22)
      at keyboardAction 
(node_modules/@testing-library/user-event/dist/cjs/keyboard/index.js:22:35)
      at Object.keyboard 
(node_modules/@testing-library/user-event/dist/cjs/keyboard/index.js:11:15)
      at Object.type 
(node_modules/@testing-library/user-event/dist/cjs/utility/type.js:17:5)
      at Object.<anonymous> 
(src/settings/__tests__/AccountCreatePage.test.tsx:136:9)

    console.error
      Warning: An update to AccountCreatePage inside a test was not wrapped in 
act(...).
      
      When testing, code that causes React state updates should be wrapped 
into act(...):
      
      act(() => {
        /* fire events that update state */
      });
      /* assert on the output */
      
      This ensures that you're testing the behavior the user would see in the 
browser. Learn more at https://reactjs.org/link/wrap-tests-with-act
          at AccountCreatePage (C:\Users\samhe\OneDrive\Desktop\Cleaned\fronten
d\src\settings\AccountCreatePage.tsx:32:47)
          at routeContext (C:\Users\samhe\OneDrive\Desktop\Cleaned\frontend\nod
e_modules\react-router\lib\hooks.tsx:658:26)
          at children (C:\Users\samhe\OneDrive\Desktop\Cleaned\frontend\node_mo
dules\react-router\lib\components.tsx:512:3)
          at basenameProp (C:\Users\samhe\OneDrive\Desktop\Cleaned\frontend\nod
e_modules\react-router\lib\components.tsx:421:13)
          at basename (C:\Users\samhe\OneDrive\Desktop\Cleaned\frontend\node_mo
dules\react-router\lib\components.tsx:225:3)

      174 |                         aria-label="Role"
      175 |                         value={role}
    > 176 |                         onChange={e => setRole(e.target.value)}
          |                                        ^
      177 |                         disabled={saving}
      178 |                         className="text-sm border border-gray-300 
rounded px-2 py-1.5 bg-white focus:outline-none focus:ring-1 
focus:ring-blue-400 disabled:opacity-50"
      179 |                     >

      at printWarning 
(node_modules/react-dom/cjs/react-dom.development.js:86:30)
      at error (node_modules/react-dom/cjs/react-dom.development.js:60:7)
      at warnIfUpdatesNotWrappedWithActDEV 
(node_modules/react-dom/cjs/react-dom.development.js:27628:9)
      at scheduleUpdateOnFiber 
(node_modules/react-dom/cjs/react-dom.development.js:25547:5)
      at dispatchSetState 
(node_modules/react-dom/cjs/react-dom.development.js:16708:7)
      at onChange (src/settings/AccountCreatePage.tsx:176:40)
      at HTMLUnknownElement.callCallback 
(node_modules/react-dom/cjs/react-dom.development.js:4164:14)
      at HTMLUnknownElement.callTheUserObjectsOperation 
(node_modules/jsdom/lib/jsdom/living/generated/EventListener.js:26:30)
      at innerInvokeEventListeners 
(node_modules/jsdom/lib/jsdom/living/events/EventTarget-impl.js:350:25)
      at invokeEventListeners 
(node_modules/jsdom/lib/jsdom/living/events/EventTarget-impl.js:286:3)
      at HTMLUnknownElementImpl._dispatch 
(node_modules/jsdom/lib/jsdom/living/events/EventTarget-impl.js:233:9)
      at HTMLUnknownElementImpl.dispatchEvent 
(node_modules/jsdom/lib/jsdom/living/events/EventTarget-impl.js:104:17)
      at HTMLUnknownElement.dispatchEvent 
(node_modules/jsdom/lib/jsdom/living/generated/EventTarget.js:241:34)
      at Object.invokeGuardedCallbackDev 
(node_modules/react-dom/cjs/react-dom.development.js:4213:16)
      at invokeGuardedCallback 
(node_modules/react-dom/cjs/react-dom.development.js:4277:31)
      at invokeGuardedCallbackAndCatchFirstError 
(node_modules/react-dom/cjs/react-dom.development.js:4291:25)
      at executeDispatch 
(node_modules/react-dom/cjs/react-dom.development.js:9041:3)
      at processDispatchQueueItemsInOrder 
(node_modules/react-dom/cjs/react-dom.development.js:9073:7)
      at processDispatchQueue 
(node_modules/react-dom/cjs/react-dom.development.js:9086:5)
      at dispatchEventsForPlugins 
(node_modules/react-dom/cjs/react-dom.development.js:9097:3)
      at node_modules/react-dom/cjs/react-dom.development.js:9288:12
      at batchedUpdates$1 
(node_modules/react-dom/cjs/react-dom.development.js:26179:12)
      at batchedUpdates 
(node_modules/react-dom/cjs/react-dom.development.js:3991:12)
      at dispatchEventForPluginEventSystem 
(node_modules/react-dom/cjs/react-dom.development.js:9287:3)
      at dispatchEventWithEnableCapturePhaseSelectiveHydrationWithoutDiscreteEv
entReplay (node_modules/react-dom/cjs/react-dom.development.js:6465:5)
      at dispatchEvent 
(node_modules/react-dom/cjs/react-dom.development.js:6457:5)
      at dispatchDiscreteEvent 
(node_modules/react-dom/cjs/react-dom.development.js:6430:5)
      at HTMLDivElement.callTheUserObjectsOperation 
(node_modules/jsdom/lib/jsdom/living/generated/EventListener.js:26:30)
      at innerInvokeEventListeners 
(node_modules/jsdom/lib/jsdom/living/events/EventTarget-impl.js:350:25)
      at invokeEventListeners 
(node_modules/jsdom/lib/jsdom/living/events/EventTarget-impl.js:286:3)
      at HTMLSelectElementImpl._dispatch 
(node_modules/jsdom/lib/jsdom/living/events/EventTarget-impl.js:233:9)
      at HTMLSelectElementImpl.dispatchEvent 
(node_modules/jsdom/lib/jsdom/living/events/EventTarget-impl.js:104:17)
      at Proxy.dispatchEvent 
(node_modules/jsdom/lib/jsdom/living/generated/EventTarget.js:241:34)
      at 
node_modules/@testing-library/user-event/dist/cjs/event/dispatchEvent.js:45:43
      at Object.eventWrapper 
(node_modules/@testing-library/dom/dist/config.js:25:23)
      at Object.wrapEvent 
(node_modules/@testing-library/user-event/dist/cjs/event/wrapEvent.js:6:28)
      at Object.dispatchEvent (node_modules/@testing-library/user-event/dist/cj
s/event/dispatchEvent.js:45:22)
      at Object.dispatchUIEvent (node_modules/@testing-library/user-event/dist/
cjs/event/dispatchEvent.js:22:26)
      at selectOption (node_modules/@testing-library/user-event/dist/cjs/utilit
y/selectOptions.js:51:14)
      at Object.selectOptionsBase (node_modules/@testing-library/user-event/dis
t/cjs/utility/selectOptions.js:87:13)
      at Object.<anonymous> 
(src/settings/__tests__/AccountCreatePage.test.tsx:137:9)

    console.error
      Warning: An update to AccountCreatePage inside a test was not wrapped in 
act(...).
      
      When testing, code that causes React state updates should be wrapped 
into act(...):
      
      act(() => {
        /* fire events that update state */
      });
      /* assert on the output */
      
      This ensures that you're testing the behavior the user would see in the 
browser. Learn more at https://reactjs.org/link/wrap-tests-with-act
          at AccountCreatePage (C:\Users\samhe\OneDrive\Desktop\Cleaned\fronten
d\src\settings\AccountCreatePage.tsx:32:47)
          at routeContext (C:\Users\samhe\OneDrive\Desktop\Cleaned\frontend\nod
e_modules\react-router\lib\hooks.tsx:658:26)
          at children (C:\Users\samhe\OneDrive\Desktop\Cleaned\frontend\node_mo
dules\react-router\lib\components.tsx:512:3)
          at basenameProp (C:\Users\samhe\OneDrive\Desktop\Cleaned\frontend\nod
e_modules\react-router\lib\components.tsx:421:13)
          at basename (C:\Users\samhe\OneDrive\Desktop\Cleaned\frontend\node_mo
dules\react-router\lib\components.tsx:225:3)

      147 |                         type="email"
      148 |                         value={email}
    > 149 |                         onChange={e => setEmail(e.target.value)}
          |                                        ^
      150 |                         disabled={saving}
      151 |                         className="text-sm border border-gray-300 
rounded px-2 py-1.5 focus:outline-none focus:ring-1 focus:ring-blue-400 
disabled:opacity-50"
      152 |                     />

      at printWarning 
(node_modules/react-dom/cjs/react-dom.development.js:86:30)
      at error (node_modules/react-dom/cjs/react-dom.development.js:60:7)
      at warnIfUpdatesNotWrappedWithActDEV 
(node_modules/react-dom/cjs/react-dom.development.js:27628:9)
      at scheduleUpdateOnFiber 
(node_modules/react-dom/cjs/react-dom.development.js:25547:5)
      at dispatchSetState 
(node_modules/react-dom/cjs/react-dom.development.js:16708:7)
      at onChange (src/settings/AccountCreatePage.tsx:149:40)
      at HTMLUnknownElement.callCallback 
(node_modules/react-dom/cjs/react-dom.development.js:4164:14)
      at HTMLUnknownElement.callTheUserObjectsOperation 
(node_modules/jsdom/lib/jsdom/living/generated/EventListener.js:26:30)
      at innerInvokeEventListeners 
(node_modules/jsdom/lib/jsdom/living/events/EventTarget-impl.js:350:25)
      at invokeEventListeners 
(node_modules/jsdom/lib/jsdom/living/events/EventTarget-impl.js:286:3)
      at HTMLUnknownElementImpl._dispatch 
(node_modules/jsdom/lib/jsdom/living/events/EventTarget-impl.js:233:9)
      at HTMLUnknownElementImpl.dispatchEvent 
(node_modules/jsdom/lib/jsdom/living/events/EventTarget-impl.js:104:17)
      at HTMLUnknownElement.dispatchEvent 
(node_modules/jsdom/lib/jsdom/living/generated/EventTarget.js:241:34)
      at Object.invokeGuardedCallbackDev 
(node_modules/react-dom/cjs/react-dom.development.js:4213:16)
      at invokeGuardedCallback 
(node_modules/react-dom/cjs/react-dom.development.js:4277:31)
      at invokeGuardedCallbackAndCatchFirstError 
(node_modules/react-dom/cjs/react-dom.development.js:4291:25)
      at executeDispatch 
(node_modules/react-dom/cjs/react-dom.development.js:9041:3)
      at processDispatchQueueItemsInOrder 
(node_modules/react-dom/cjs/react-dom.development.js:9073:7)
      at processDispatchQueue 
(node_modules/react-dom/cjs/react-dom.development.js:9086:5)
      at dispatchEventsForPlugins 
(node_modules/react-dom/cjs/react-dom.development.js:9097:3)
      at node_modules/react-dom/cjs/react-dom.development.js:9288:12
      at batchedUpdates$1 
(node_modules/react-dom/cjs/react-dom.development.js:26179:12)
      at batchedUpdates 
(node_modules/react-dom/cjs/react-dom.development.js:3991:12)
      at dispatchEventForPluginEventSystem 
(node_modules/react-dom/cjs/react-dom.development.js:9287:3)
      at dispatchEventWithEnableCapturePhaseSelectiveHydrationWithoutDiscreteEv
entReplay (node_modules/react-dom/cjs/react-dom.development.js:6465:5)
      at dispatchEvent 
(node_modules/react-dom/cjs/react-dom.development.js:6457:5)
      at dispatchDiscreteEvent 
(node_modules/react-dom/cjs/react-dom.development.js:6430:5)
      at HTMLDivElement.callTheUserObjectsOperation 
(node_modules/jsdom/lib/jsdom/living/generated/EventListener.js:26:30)
      at innerInvokeEventListeners 
(node_modules/jsdom/lib/jsdom/living/events/EventTarget-impl.js:350:25)
      at invokeEventListeners 
(node_modules/jsdom/lib/jsdom/living/events/EventTarget-impl.js:286:3)
      at HTMLInputElementImpl._dispatch 
(node_modules/jsdom/lib/jsdom/living/events/EventTarget-impl.js:233:9)
      at HTMLInputElementImpl.dispatchEvent 
(node_modules/jsdom/lib/jsdom/living/events/EventTarget-impl.js:104:17)
      at HTMLInputElement.dispatchEvent 
(node_modules/jsdom/lib/jsdom/living/generated/EventTarget.js:241:34)
      at 
node_modules/@testing-library/user-event/dist/cjs/event/dispatchEvent.js:45:43
      at Object.eventWrapper 
(node_modules/@testing-library/dom/dist/config.js:25:23)
      at Object.wrapEvent 
(node_modules/@testing-library/user-event/dist/cjs/event/wrapEvent.js:6:28)
      at Object.dispatchEvent (node_modules/@testing-library/user-event/dist/cj
s/event/dispatchEvent.js:45:22)
      at Object.dispatchUIEvent (node_modules/@testing-library/user-event/dist/
cjs/event/dispatchEvent.js:22:26)
      at commitInput 
(node_modules/@testing-library/user-event/dist/cjs/event/input.js:145:14)
      at editInputElement 
(node_modules/@testing-library/user-event/dist/cjs/event/input.js:115:9)
      at Object.input 
(node_modules/@testing-library/user-event/dist/cjs/event/input.js:37:9)
      at node_modules/@testing-library/user-event/dist/cjs/event/behavior/keypr
ess.js:31:26
      at Object.dispatchEvent (node_modules/@testing-library/user-event/dist/cj
s/event/dispatchEvent.js:41:13)
      at Object.dispatchUIEvent (node_modules/@testing-library/user-event/dist/
cjs/event/dispatchEvent.js:22:26)
      at KeyboardHost.keydown 
(node_modules/@testing-library/user-event/dist/cjs/system/keyboard.js:76:22)
      at keyboardAction 
(node_modules/@testing-library/user-event/dist/cjs/keyboard/index.js:22:35)
      at Object.keyboard 
(node_modules/@testing-library/user-event/dist/cjs/keyboard/index.js:11:15)
      at Object.type 
(node_modules/@testing-library/user-event/dist/cjs/utility/type.js:17:5)
      at Object.<anonymous> 
(src/settings/__tests__/AccountCreatePage.test.tsx:148:9)

    console.error
      Warning: An update to AccountCreatePage inside a test was not wrapped in 
act(...).
      
      When testing, code that causes React state updates should be wrapped 
into act(...):
      
      act(() => {
        /* fire events that update state */
      });
      /* assert on the output */
      
      This ensures that you're testing the behavior the user would see in the 
browser. Learn more at https://reactjs.org/link/wrap-tests-with-act
          at AccountCreatePage (C:\Users\samhe\OneDrive\Desktop\Cleaned\fronten
d\src\settings\AccountCreatePage.tsx:32:47)
          at routeContext (C:\Users\samhe\OneDrive\Desktop\Cleaned\frontend\nod
e_modules\react-router\lib\hooks.tsx:658:26)
          at children (C:\Users\samhe\OneDrive\Desktop\Cleaned\frontend\node_mo
dules\react-router\lib\components.tsx:512:3)
          at basenameProp (C:\Users\samhe\OneDrive\Desktop\Cleaned\frontend\nod
e_modules\react-router\lib\components.tsx:421:13)
          at basename (C:\Users\samhe\OneDrive\Desktop\Cleaned\frontend\node_mo
dules\react-router\lib\components.tsx:225:3)

      147 |                         type="email"
      148 |                         value={email}
    > 149 |                         onChange={e => setEmail(e.target.value)}
          |                                        ^
      150 |                         disabled={saving}
      151 |                         className="text-sm border border-gray-300 
rounded px-2 py-1.5 focus:outline-none focus:ring-1 focus:ring-blue-400 
disabled:opacity-50"
      152 |                     />

      at printWarning 
(node_modules/react-dom/cjs/react-dom.development.js:86:30)
      at error (node_modules/react-dom/cjs/react-dom.development.js:60:7)
      at warnIfUpdatesNotWrappedWithActDEV 
(node_modules/react-dom/cjs/react-dom.development.js:27628:9)
      at scheduleUpdateOnFiber 
(node_modules/react-dom/cjs/react-dom.development.js:25547:5)
      at dispatchSetState 
(node_modules/react-dom/cjs/react-dom.development.js:16708:7)
      at onChange (src/settings/AccountCreatePage.tsx:149:40)
      at HTMLUnknownElement.callCallback 
(node_modules/react-dom/cjs/react-dom.development.js:4164:14)
      at HTMLUnknownElement.callTheUserObjectsOperation 
(node_modules/jsdom/lib/jsdom/living/generated/EventListener.js:26:30)
      at innerInvokeEventListeners 
(node_modules/jsdom/lib/jsdom/living/events/EventTarget-impl.js:350:25)
      at invokeEventListeners 
(node_modules/jsdom/lib/jsdom/living/events/EventTarget-impl.js:286:3)
      at HTMLUnknownElementImpl._dispatch 
(node_modules/jsdom/lib/jsdom/living/events/EventTarget-impl.js:233:9)
      at HTMLUnknownElementImpl.dispatchEvent 
(node_modules/jsdom/lib/jsdom/living/events/EventTarget-impl.js:104:17)
      at HTMLUnknownElement.dispatchEvent 
(node_modules/jsdom/lib/jsdom/living/generated/EventTarget.js:241:34)
      at Object.invokeGuardedCallbackDev 
(node_modules/react-dom/cjs/react-dom.development.js:4213:16)
      at invokeGuardedCallback 
(node_modules/react-dom/cjs/react-dom.development.js:4277:31)
      at invokeGuardedCallbackAndCatchFirstError 
(node_modules/react-dom/cjs/react-dom.development.js:4291:25)
      at executeDispatch 
(node_modules/react-dom/cjs/react-dom.development.js:9041:3)
      at processDispatchQueueItemsInOrder 
(node_modules/react-dom/cjs/react-dom.development.js:9073:7)
      at processDispatchQueue 
(node_modules/react-dom/cjs/react-dom.development.js:9086:5)
      at dispatchEventsForPlugins 
(node_modules/react-dom/cjs/react-dom.development.js:9097:3)
      at node_modules/react-dom/cjs/react-dom.development.js:9288:12
      at batchedUpdates$1 
(node_modules/react-dom/cjs/react-dom.development.js:26179:12)
      at batchedUpdates 
(node_modules/react-dom/cjs/react-dom.development.js:3991:12)
      at dispatchEventForPluginEventSystem 
(node_modules/react-dom/cjs/react-dom.development.js:9287:3)
      at dispatchEventWithEnableCapturePhaseSelectiveHydrationWithoutDiscreteEv
entReplay (node_modules/react-dom/cjs/react-dom.development.js:6465:5)
      at dispatchEvent 
(node_modules/react-dom/cjs/react-dom.development.js:6457:5)
      at dispatchDiscreteEvent 
(node_modules/react-dom/cjs/react-dom.development.js:6430:5)
      at HTMLDivElement.callTheUserObjectsOperation 
(node_modules/jsdom/lib/jsdom/living/generated/EventListener.js:26:30)
      at innerInvokeEventListeners 
(node_modules/jsdom/lib/jsdom/living/events/EventTarget-impl.js:350:25)
      at invokeEventListeners 
(node_modules/jsdom/lib/jsdom/living/events/EventTarget-impl.js:286:3)
      at HTMLInputElementImpl._dispatch 
(node_modules/jsdom/lib/jsdom/living/events/EventTarget-impl.js:233:9)
      at HTMLInputElementImpl.dispatchEvent 
(node_modules/jsdom/lib/jsdom/living/events/EventTarget-impl.js:104:17)
      at HTMLInputElement.dispatchEvent 
(node_modules/jsdom/lib/jsdom/living/generated/EventTarget.js:241:34)
      at 
node_modules/@testing-library/user-event/dist/cjs/event/dispatchEvent.js:45:43
      at Object.eventWrapper 
(node_modules/@testing-library/dom/dist/config.js:25:23)
      at Object.wrapEvent 
(node_modules/@testing-library/user-event/dist/cjs/event/wrapEvent.js:6:28)
      at Object.dispatchEvent (node_modules/@testing-library/user-event/dist/cj
s/event/dispatchEvent.js:45:22)
      at Object.dispatchUIEvent (node_modules/@testing-library/user-event/dist/
cjs/event/dispatchEvent.js:22:26)
      at commitInput 
(node_modules/@testing-library/user-event/dist/cjs/event/input.js:145:14)
      at editInputElement 
(node_modules/@testing-library/user-event/dist/cjs/event/input.js:115:9)
      at Object.input 
(node_modules/@testing-library/user-event/dist/cjs/event/input.js:37:9)
      at node_modules/@testing-library/user-event/dist/cjs/event/behavior/keypr
ess.js:31:26
      at Object.dispatchEvent (node_modules/@testing-library/user-event/dist/cj
s/event/dispatchEvent.js:41:13)
      at Object.dispatchUIEvent (node_modules/@testing-library/user-event/dist/
cjs/event/dispatchEvent.js:22:26)
      at KeyboardHost.keydown 
(node_modules/@testing-library/user-event/dist/cjs/system/keyboard.js:76:22)
      at keyboardAction 
(node_modules/@testing-library/user-event/dist/cjs/keyboard/index.js:22:35)
      at Object.keyboard 
(node_modules/@testing-library/user-event/dist/cjs/keyboard/index.js:11:15)
      at Object.type 
(node_modules/@testing-library/user-event/dist/cjs/utility/type.js:17:5)
      at Object.<anonymous> 
(src/settings/__tests__/AccountCreatePage.test.tsx:148:9)

    console.error
      Warning: An update to AccountCreatePage inside a test was not wrapped in 
act(...).
      
      When testing, code that causes React state updates should be wrapped 
into act(...):
      
      act(() => {
        /* fire events that update state */
      });
      /* assert on the output */
      
      This ensures that you're testing the behavior the user would see in the 
browser. Learn more at https://reactjs.org/link/wrap-tests-with-act
          at AccountCreatePage (C:\Users\samhe\OneDrive\Desktop\Cleaned\fronten
d\src\settings\AccountCreatePage.tsx:32:47)
          at routeContext (C:\Users\samhe\OneDrive\Desktop\Cleaned\frontend\nod
e_modules\react-router\lib\hooks.tsx:658:26)
          at children (C:\Users\samhe\OneDrive\Desktop\Cleaned\frontend\node_mo
dules\react-router\lib\components.tsx:512:3)
          at basenameProp (C:\Users\samhe\OneDrive\Desktop\Cleaned\frontend\nod
e_modules\react-router\lib\components.tsx:421:13)
          at basename (C:\Users\samhe\OneDrive\Desktop\Cleaned\frontend\node_mo
dules\react-router\lib\components.tsx:225:3)

      147 |                         type="email"
      148 |                         value={email}
    > 149 |                         onChange={e => setEmail(e.target.value)}
          |                                        ^
      150 |                         disabled={saving}
      151 |                         className="text-sm border border-gray-300 
rounded px-2 py-1.5 focus:outline-none focus:ring-1 focus:ring-blue-400 
disabled:opacity-50"
      152 |                     />

      at printWarning 
(node_modules/react-dom/cjs/react-dom.development.js:86:30)
      at error (node_modules/react-dom/cjs/react-dom.development.js:60:7)
      at warnIfUpdatesNotWrappedWithActDEV 
(node_modules/react-dom/cjs/react-dom.development.js:27628:9)
      at scheduleUpdateOnFiber 
(node_modules/react-dom/cjs/react-dom.development.js:25547:5)
      at dispatchSetState 
(node_modules/react-dom/cjs/react-dom.development.js:16708:7)
      at onChange (src/settings/AccountCreatePage.tsx:149:40)
      at HTMLUnknownElement.callCallback 
(node_modules/react-dom/cjs/react-dom.development.js:4164:14)
      at HTMLUnknownElement.callTheUserObjectsOperation 
(node_modules/jsdom/lib/jsdom/living/generated/EventListener.js:26:30)
      at innerInvokeEventListeners 
(node_modules/jsdom/lib/jsdom/living/events/EventTarget-impl.js:350:25)
      at invokeEventListeners 
(node_modules/jsdom/lib/jsdom/living/events/EventTarget-impl.js:286:3)
      at HTMLUnknownElementImpl._dispatch 
(node_modules/jsdom/lib/jsdom/living/events/EventTarget-impl.js:233:9)
      at HTMLUnknownElementImpl.dispatchEvent 
(node_modules/jsdom/lib/jsdom/living/events/EventTarget-impl.js:104:17)
      at HTMLUnknownElement.dispatchEvent 
(node_modules/jsdom/lib/jsdom/living/generated/EventTarget.js:241:34)
      at Object.invokeGuardedCallbackDev 
(node_modules/react-dom/cjs/react-dom.development.js:4213:16)
      at invokeGuardedCallback 
(node_modules/react-dom/cjs/react-dom.development.js:4277:31)
      at invokeGuardedCallbackAndCatchFirstError 
(node_modules/react-dom/cjs/react-dom.development.js:4291:25)
      at executeDispatch 
(node_modules/react-dom/cjs/react-dom.development.js:9041:3)
      at processDispatchQueueItemsInOrder 
(node_modules/react-dom/cjs/react-dom.development.js:9073:7)
      at processDispatchQueue 
(node_modules/react-dom/cjs/react-dom.development.js:9086:5)
      at dispatchEventsForPlugins 
(node_modules/react-dom/cjs/react-dom.development.js:9097:3)
      at node_modules/react-dom/cjs/react-dom.development.js:9288:12
      at batchedUpdates$1 
(node_modules/react-dom/cjs/react-dom.development.js:26179:12)
      at batchedUpdates 
(node_modules/react-dom/cjs/react-dom.development.js:3991:12)
      at dispatchEventForPluginEventSystem 
(node_modules/react-dom/cjs/react-dom.development.js:9287:3)
      at dispatchEventWithEnableCapturePhaseSelectiveHydrationWithoutDiscreteEv
entReplay (node_modules/react-dom/cjs/react-dom.development.js:6465:5)
      at dispatchEvent 
(node_modules/react-dom/cjs/react-dom.development.js:6457:5)
      at dispatchDiscreteEvent 
(node_modules/react-dom/cjs/react-dom.development.js:6430:5)
      at HTMLDivElement.callTheUserObjectsOperation 
(node_modules/jsdom/lib/jsdom/living/generated/EventListener.js:26:30)
      at innerInvokeEventListeners 
(node_modules/jsdom/lib/jsdom/living/events/EventTarget-impl.js:350:25)
      at invokeEventListeners 
(node_modules/jsdom/lib/jsdom/living/events/EventTarget-impl.js:286:3)
      at HTMLInputElementImpl._dispatch 
(node_modules/jsdom/lib/jsdom/living/events/EventTarget-impl.js:233:9)
      at HTMLInputElementImpl.dispatchEvent 
(node_modules/jsdom/lib/jsdom/living/events/EventTarget-impl.js:104:17)
      at HTMLInputElement.dispatchEvent 
(node_modules/jsdom/lib/jsdom/living/generated/EventTarget.js:241:34)
      at 
node_modules/@testing-library/user-event/dist/cjs/event/dispatchEvent.js:45:43
      at Object.eventWrapper 
(node_modules/@testing-library/dom/dist/config.js:25:23)
      at Object.wrapEvent 
(node_modules/@testing-library/user-event/dist/cjs/event/wrapEvent.js:6:28)
      at Object.dispatchEvent (node_modules/@testing-library/user-event/dist/cj
s/event/dispatchEvent.js:45:22)
      at Object.dispatchUIEvent (node_modules/@testing-library/user-event/dist/
cjs/event/dispatchEvent.js:22:26)
      at commitInput 
(node_modules/@testing-library/user-event/dist/cjs/event/input.js:145:14)
      at editInputElement 
(node_modules/@testing-library/user-event/dist/cjs/event/input.js:115:9)
      at Object.input 
(node_modules/@testing-library/user-event/dist/cjs/event/input.js:37:9)
      at node_modules/@testing-library/user-event/dist/cjs/event/behavior/keypr
ess.js:31:26
      at Object.dispatchEvent (node_modules/@testing-library/user-event/dist/cj
s/event/dispatchEvent.js:41:13)
      at Object.dispatchUIEvent (node_modules/@testing-library/user-event/dist/
cjs/event/dispatchEvent.js:22:26)
      at KeyboardHost.keydown 
(node_modules/@testing-library/user-event/dist/cjs/system/keyboard.js:76:22)
      at keyboardAction 
(node_modules/@testing-library/user-event/dist/cjs/keyboard/index.js:22:35)
      at Object.keyboard 
(node_modules/@testing-library/user-event/dist/cjs/keyboard/index.js:11:15)
      at Object.type 
(node_modules/@testing-library/user-event/dist/cjs/utility/type.js:17:5)
      at Object.<anonymous> 
(src/settings/__tests__/AccountCreatePage.test.tsx:148:9)

    console.error
      Warning: An update to AccountCreatePage inside a test was not wrapped in 
act(...).
      
      When testing, code that causes React state updates should be wrapped 
into act(...):
      
      act(() => {
        /* fire events that update state */
      });
      /* assert on the output */
      
      This ensures that you're testing the behavior the user would see in the 
browser. Learn more at https://reactjs.org/link/wrap-tests-with-act
          at AccountCreatePage (C:\Users\samhe\OneDrive\Desktop\Cleaned\fronten
d\src\settings\AccountCreatePage.tsx:32:47)
          at routeContext (C:\Users\samhe\OneDrive\Desktop\Cleaned\frontend\nod
e_modules\react-router\lib\hooks.tsx:658:26)
          at children (C:\Users\samhe\OneDrive\Desktop\Cleaned\frontend\node_mo
dules\react-router\lib\components.tsx:512:3)
          at basenameProp (C:\Users\samhe\OneDrive\Desktop\Cleaned\frontend\nod
e_modules\react-router\lib\components.tsx:421:13)
          at basename (C:\Users\samhe\OneDrive\Desktop\Cleaned\frontend\node_mo
dules\react-router\lib\components.tsx:225:3)

      147 |                         type="email"
      148 |                         value={email}
    > 149 |                         onChange={e => setEmail(e.target.value)}
          |                                        ^
      150 |                         disabled={saving}
      151 |                         className="text-sm border border-gray-300 
rounded px-2 py-1.5 focus:outline-none focus:ring-1 focus:ring-blue-400 
disabled:opacity-50"
      152 |                     />

      at printWarning 
(node_modules/react-dom/cjs/react-dom.development.js:86:30)
      at error (node_modules/react-dom/cjs/react-dom.development.js:60:7)
      at warnIfUpdatesNotWrappedWithActDEV 
(node_modules/react-dom/cjs/react-dom.development.js:27628:9)
      at scheduleUpdateOnFiber 
(node_modules/react-dom/cjs/react-dom.development.js:25547:5)
      at dispatchSetState 
(node_modules/react-dom/cjs/react-dom.development.js:16708:7)
      at onChange (src/settings/AccountCreatePage.tsx:149:40)
      at HTMLUnknownElement.callCallback 
(node_modules/react-dom/cjs/react-dom.development.js:4164:14)
      at HTMLUnknownElement.callTheUserObjectsOperation 
(node_modules/jsdom/lib/jsdom/living/generated/EventListener.js:26:30)
      at innerInvokeEventListeners 
(node_modules/jsdom/lib/jsdom/living/events/EventTarget-impl.js:350:25)
      at invokeEventListeners 
(node_modules/jsdom/lib/jsdom/living/events/EventTarget-impl.js:286:3)
      at HTMLUnknownElementImpl._dispatch 
(node_modules/jsdom/lib/jsdom/living/events/EventTarget-impl.js:233:9)
      at HTMLUnknownElementImpl.dispatchEvent 
(node_modules/jsdom/lib/jsdom/living/events/EventTarget-impl.js:104:17)
      at HTMLUnknownElement.dispatchEvent 
(node_modules/jsdom/lib/jsdom/living/generated/EventTarget.js:241:34)
      at Object.invokeGuardedCallbackDev 
(node_modules/react-dom/cjs/react-dom.development.js:4213:16)
      at invokeGuardedCallback 
(node_modules/react-dom/cjs/react-dom.development.js:4277:31)
      at invokeGuardedCallbackAndCatchFirstError 
(node_modules/react-dom/cjs/react-dom.development.js:4291:25)
      at executeDispatch 
(node_modules/react-dom/cjs/react-dom.development.js:9041:3)
      at processDispatchQueueItemsInOrder 
(node_modules/react-dom/cjs/react-dom.development.js:9073:7)
      at processDispatchQueue 
(node_modules/react-dom/cjs/react-dom.development.js:9086:5)
      at dispatchEventsForPlugins 
(node_modules/react-dom/cjs/react-dom.development.js:9097:3)
      at node_modules/react-dom/cjs/react-dom.development.js:9288:12
      at batchedUpdates$1 
(node_modules/react-dom/cjs/react-dom.development.js:26179:12)
      at batchedUpdates 
(node_modules/react-dom/cjs/react-dom.development.js:3991:12)
      at dispatchEventForPluginEventSystem 
(node_modules/react-dom/cjs/react-dom.development.js:9287:3)
      at dispatchEventWithEnableCapturePhaseSelectiveHydrationWithoutDiscreteEv
entReplay (node_modules/react-dom/cjs/react-dom.development.js:6465:5)
      at dispatchEvent 
(node_modules/react-dom/cjs/react-dom.development.js:6457:5)
      at dispatchDiscreteEvent 
(node_modules/react-dom/cjs/react-dom.development.js:6430:5)
      at HTMLDivElement.callTheUserObjectsOperation 
(node_modules/jsdom/lib/jsdom/living/generated/EventListener.js:26:30)
      at innerInvokeEventListeners 
(node_modules/jsdom/lib/jsdom/living/events/EventTarget-impl.js:350:25)
      at invokeEventListeners 
(node_modules/jsdom/lib/jsdom/living/events/EventTarget-impl.js:286:3)
      at HTMLInputElementImpl._dispatch 
(node_modules/jsdom/lib/jsdom/living/events/EventTarget-impl.js:233:9)
      at HTMLInputElementImpl.dispatchEvent 
(node_modules/jsdom/lib/jsdom/living/events/EventTarget-impl.js:104:17)
      at HTMLInputElement.dispatchEvent 
(node_modules/jsdom/lib/jsdom/living/generated/EventTarget.js:241:34)
      at 
node_modules/@testing-library/user-event/dist/cjs/event/dispatchEvent.js:45:43
      at Object.eventWrapper 
(node_modules/@testing-library/dom/dist/config.js:25:23)
      at Object.wrapEvent 
(node_modules/@testing-library/user-event/dist/cjs/event/wrapEvent.js:6:28)
      at Object.dispatchEvent (node_modules/@testing-library/user-event/dist/cj
s/event/dispatchEvent.js:45:22)
      at Object.dispatchUIEvent (node_modules/@testing-library/user-event/dist/
cjs/event/dispatchEvent.js:22:26)
      at commitInput 
(node_modules/@testing-library/user-event/dist/cjs/event/input.js:145:14)
      at editInputElement 
(node_modules/@testing-library/user-event/dist/cjs/event/input.js:115:9)
      at Object.input 
(node_modules/@testing-library/user-event/dist/cjs/event/input.js:37:9)
      at node_modules/@testing-library/user-event/dist/cjs/event/behavior/keypr
ess.js:31:26
      at Object.dispatchEvent (node_modules/@testing-library/user-event/dist/cj
s/event/dispatchEvent.js:41:13)
      at Object.dispatchUIEvent (node_modules/@testing-library/user-event/dist/
cjs/event/dispatchEvent.js:22:26)
      at KeyboardHost.keydown 
(node_modules/@testing-library/user-event/dist/cjs/system/keyboard.js:76:22)
      at keyboardAction 
(node_modules/@testing-library/user-event/dist/cjs/keyboard/index.js:22:35)
      at Object.keyboard 
(node_modules/@testing-library/user-event/dist/cjs/keyboard/index.js:11:15)
      at Object.type 
(node_modules/@testing-library/user-event/dist/cjs/utility/type.js:17:5)
      at Object.<anonymous> 
(src/settings/__tests__/AccountCreatePage.test.tsx:148:9)

    console.error
      Warning: An update to AccountCreatePage inside a test was not wrapped in 
act(...).
      
      When testing, code that causes React state updates should be wrapped 
into act(...):
      
      act(() => {
        /* fire events that update state */
      });
      /* assert on the output */
      
      This ensures that you're testing the behavior the user would see in the 
browser. Learn more at https://reactjs.org/link/wrap-tests-with-act
          at AccountCreatePage (C:\Users\samhe\OneDrive\Desktop\Cleaned\fronten
d\src\settings\AccountCreatePage.tsx:32:47)
          at routeContext (C:\Users\samhe\OneDrive\Desktop\Cleaned\frontend\nod
e_modules\react-router\lib\hooks.tsx:658:26)
          at children (C:\Users\samhe\OneDrive\Desktop\Cleaned\frontend\node_mo
dules\react-router\lib\components.tsx:512:3)
          at basenameProp (C:\Users\samhe\OneDrive\Desktop\Cleaned\frontend\nod
e_modules\react-router\lib\components.tsx:421:13)
          at basename (C:\Users\samhe\OneDrive\Desktop\Cleaned\frontend\node_mo
dules\react-router\lib\components.tsx:225:3)

      147 |                         type="email"
      148 |                         value={email}
    > 149 |                         onChange={e => setEmail(e.target.value)}
          |                                        ^
      150 |                         disabled={saving}
      151 |                         className="text-sm border border-gray-300 
rounded px-2 py-1.5 focus:outline-none focus:ring-1 focus:ring-blue-400 
disabled:opacity-50"
      152 |                     />

      at printWarning 
(node_modules/react-dom/cjs/react-dom.development.js:86:30)
      at error (node_modules/react-dom/cjs/react-dom.development.js:60:7)
      at warnIfUpdatesNotWrappedWithActDEV 
(node_modules/react-dom/cjs/react-dom.development.js:27628:9)
      at scheduleUpdateOnFiber 
(node_modules/react-dom/cjs/react-dom.development.js:25547:5)
      at dispatchSetState 
(node_modules/react-dom/cjs/react-dom.development.js:16708:7)
      at onChange (src/settings/AccountCreatePage.tsx:149:40)
      at HTMLUnknownElement.callCallback 
(node_modules/react-dom/cjs/react-dom.development.js:4164:14)
      at HTMLUnknownElement.callTheUserObjectsOperation 
(node_modules/jsdom/lib/jsdom/living/generated/EventListener.js:26:30)
      at innerInvokeEventListeners 
(node_modules/jsdom/lib/jsdom/living/events/EventTarget-impl.js:350:25)
      at invokeEventListeners 
(node_modules/jsdom/lib/jsdom/living/events/EventTarget-impl.js:286:3)
      at HTMLUnknownElementImpl._dispatch 
(node_modules/jsdom/lib/jsdom/living/events/EventTarget-impl.js:233:9)
      at HTMLUnknownElementImpl.dispatchEvent 
(node_modules/jsdom/lib/jsdom/living/events/EventTarget-impl.js:104:17)
      at HTMLUnknownElement.dispatchEvent 
(node_modules/jsdom/lib/jsdom/living/generated/EventTarget.js:241:34)
      at Object.invokeGuardedCallbackDev 
(node_modules/react-dom/cjs/react-dom.development.js:4213:16)
      at invokeGuardedCallback 
(node_modules/react-dom/cjs/react-dom.development.js:4277:31)
      at invokeGuardedCallbackAndCatchFirstError 
(node_modules/react-dom/cjs/react-dom.development.js:4291:25)
      at executeDispatch 
(node_modules/react-dom/cjs/react-dom.development.js:9041:3)
      at processDispatchQueueItemsInOrder 
(node_modules/react-dom/cjs/react-dom.development.js:9073:7)
      at processDispatchQueue 
(node_modules/react-dom/cjs/react-dom.development.js:9086:5)
      at dispatchEventsForPlugins 
(node_modules/react-dom/cjs/react-dom.development.js:9097:3)
      at node_modules/react-dom/cjs/react-dom.development.js:9288:12
      at batchedUpdates$1 
(node_modules/react-dom/cjs/react-dom.development.js:26179:12)
      at batchedUpdates 
(node_modules/react-dom/cjs/react-dom.development.js:3991:12)
      at dispatchEventForPluginEventSystem 
(node_modules/react-dom/cjs/react-dom.development.js:9287:3)
      at dispatchEventWithEnableCapturePhaseSelectiveHydrationWithoutDiscreteEv
entReplay (node_modules/react-dom/cjs/react-dom.development.js:6465:5)
      at dispatchEvent 
(node_modules/react-dom/cjs/react-dom.development.js:6457:5)
      at dispatchDiscreteEvent 
(node_modules/react-dom/cjs/react-dom.development.js:6430:5)
      at HTMLDivElement.callTheUserObjectsOperation 
(node_modules/jsdom/lib/jsdom/living/generated/EventListener.js:26:30)
      at innerInvokeEventListeners 
(node_modules/jsdom/lib/jsdom/living/events/EventTarget-impl.js:350:25)
      at invokeEventListeners 
(node_modules/jsdom/lib/jsdom/living/events/EventTarget-impl.js:286:3)
      at HTMLInputElementImpl._dispatch 
(node_modules/jsdom/lib/jsdom/living/events/EventTarget-impl.js:233:9)
      at HTMLInputElementImpl.dispatchEvent 
(node_modules/jsdom/lib/jsdom/living/events/EventTarget-impl.js:104:17)
      at HTMLInputElement.dispatchEvent 
(node_modules/jsdom/lib/jsdom/living/generated/EventTarget.js:241:34)
      at 
node_modules/@testing-library/user-event/dist/cjs/event/dispatchEvent.js:45:43
      at Object.eventWrapper 
(node_modules/@testing-library/dom/dist/config.js:25:23)
      at Object.wrapEvent 
(node_modules/@testing-library/user-event/dist/cjs/event/wrapEvent.js:6:28)
      at Object.dispatchEvent (node_modules/@testing-library/user-event/dist/cj
s/event/dispatchEvent.js:45:22)
      at Object.dispatchUIEvent (node_modules/@testing-library/user-event/dist/
cjs/event/dispatchEvent.js:22:26)
      at commitInput 
(node_modules/@testing-library/user-event/dist/cjs/event/input.js:145:14)
      at editInputElement 
(node_modules/@testing-library/user-event/dist/cjs/event/input.js:115:9)
      at Object.input 
(node_modules/@testing-library/user-event/dist/cjs/event/input.js:37:9)
      at node_modules/@testing-library/user-event/dist/cjs/event/behavior/keypr
ess.js:31:26
      at Object.dispatchEvent (node_modules/@testing-library/user-event/dist/cj
s/event/dispatchEvent.js:41:13)
      at Object.dispatchUIEvent (node_modules/@testing-library/user-event/dist/
cjs/event/dispatchEvent.js:22:26)
      at KeyboardHost.keydown 
(node_modules/@testing-library/user-event/dist/cjs/system/keyboard.js:76:22)
      at keyboardAction 
(node_modules/@testing-library/user-event/dist/cjs/keyboard/index.js:22:35)
      at Object.keyboard 
(node_modules/@testing-library/user-event/dist/cjs/keyboard/index.js:11:15)
      at Object.type 
(node_modules/@testing-library/user-event/dist/cjs/utility/type.js:17:5)
      at Object.<anonymous> 
(src/settings/__tests__/AccountCreatePage.test.tsx:148:9)

    console.error
      Warning: An update to AccountCreatePage inside a test was not wrapped in 
act(...).
      
      When testing, code that causes React state updates should be wrapped 
into act(...):
      
      act(() => {
        /* fire events that update state */
      });
      /* assert on the output */
      
      This ensures that you're testing the behavior the user would see in the 
browser. Learn more at https://reactjs.org/link/wrap-tests-with-act
          at AccountCreatePage (C:\Users\samhe\OneDrive\Desktop\Cleaned\fronten
d\src\settings\AccountCreatePage.tsx:32:47)
          at routeContext (C:\Users\samhe\OneDrive\Desktop\Cleaned\frontend\nod
e_modules\react-router\lib\hooks.tsx:658:26)
          at children (C:\Users\samhe\OneDrive\Desktop\Cleaned\frontend\node_mo
dules\react-router\lib\components.tsx:512:3)
          at basenameProp (C:\Users\samhe\OneDrive\Desktop\Cleaned\frontend\nod
e_modules\react-router\lib\components.tsx:421:13)
          at basename (C:\Users\samhe\OneDrive\Desktop\Cleaned\frontend\node_mo
dules\react-router\lib\components.tsx:225:3)

      147 |                         type="email"
      148 |                         value={email}
    > 149 |                         onChange={e => setEmail(e.target.value)}
          |                                        ^
      150 |                         disabled={saving}
      151 |                         className="text-sm border border-gray-300 
rounded px-2 py-1.5 focus:outline-none focus:ring-1 focus:ring-blue-400 
disabled:opacity-50"
      152 |                     />

      at printWarning 
(node_modules/react-dom/cjs/react-dom.development.js:86:30)
      at error (node_modules/react-dom/cjs/react-dom.development.js:60:7)
      at warnIfUpdatesNotWrappedWithActDEV 
(node_modules/react-dom/cjs/react-dom.development.js:27628:9)
      at scheduleUpdateOnFiber 
(node_modules/react-dom/cjs/react-dom.development.js:25547:5)
      at dispatchSetState 
(node_modules/react-dom/cjs/react-dom.development.js:16708:7)
      at onChange (src/settings/AccountCreatePage.tsx:149:40)
      at HTMLUnknownElement.callCallback 
(node_modules/react-dom/cjs/react-dom.development.js:4164:14)
      at HTMLUnknownElement.callTheUserObjectsOperation 
(node_modules/jsdom/lib/jsdom/living/generated/EventListener.js:26:30)
      at innerInvokeEventListeners 
(node_modules/jsdom/lib/jsdom/living/events/EventTarget-impl.js:350:25)
      at invokeEventListeners 
(node_modules/jsdom/lib/jsdom/living/events/EventTarget-impl.js:286:3)
      at HTMLUnknownElementImpl._dispatch 
(node_modules/jsdom/lib/jsdom/living/events/EventTarget-impl.js:233:9)
      at HTMLUnknownElementImpl.dispatchEvent 
(node_modules/jsdom/lib/jsdom/living/events/EventTarget-impl.js:104:17)
      at HTMLUnknownElement.dispatchEvent 
(node_modules/jsdom/lib/jsdom/living/generated/EventTarget.js:241:34)
      at Object.invokeGuardedCallbackDev 
(node_modules/react-dom/cjs/react-dom.development.js:4213:16)
      at invokeGuardedCallback 
(node_modules/react-dom/cjs/react-dom.development.js:4277:31)
      at invokeGuardedCallbackAndCatchFirstError 
(node_modules/react-dom/cjs/react-dom.development.js:4291:25)
      at executeDispatch 
(node_modules/react-dom/cjs/react-dom.development.js:9041:3)
      at processDispatchQueueItemsInOrder 
(node_modules/react-dom/cjs/react-dom.development.js:9073:7)
      at processDispatchQueue 
(node_modules/react-dom/cjs/react-dom.development.js:9086:5)
      at dispatchEventsForPlugins 
(node_modules/react-dom/cjs/react-dom.development.js:9097:3)
      at node_modules/react-dom/cjs/react-dom.development.js:9288:12
      at batchedUpdates$1 
(node_modules/react-dom/cjs/react-dom.development.js:26179:12)
      at batchedUpdates 
(node_modules/react-dom/cjs/react-dom.development.js:3991:12)
      at dispatchEventForPluginEventSystem 
(node_modules/react-dom/cjs/react-dom.development.js:9287:3)
      at dispatchEventWithEnableCapturePhaseSelectiveHydrationWithoutDiscreteEv
entReplay (node_modules/react-dom/cjs/react-dom.development.js:6465:5)
      at dispatchEvent 
(node_modules/react-dom/cjs/react-dom.development.js:6457:5)
      at dispatchDiscreteEvent 
(node_modules/react-dom/cjs/react-dom.development.js:6430:5)
      at HTMLDivElement.callTheUserObjectsOperation 
(node_modules/jsdom/lib/jsdom/living/generated/EventListener.js:26:30)
      at innerInvokeEventListeners 
(node_modules/jsdom/lib/jsdom/living/events/EventTarget-impl.js:350:25)
      at invokeEventListeners 
(node_modules/jsdom/lib/jsdom/living/events/EventTarget-impl.js:286:3)
      at HTMLInputElementImpl._dispatch 
(node_modules/jsdom/lib/jsdom/living/events/EventTarget-impl.js:233:9)
      at HTMLInputElementImpl.dispatchEvent 
(node_modules/jsdom/lib/jsdom/living/events/EventTarget-impl.js:104:17)
      at HTMLInputElement.dispatchEvent 
(node_modules/jsdom/lib/jsdom/living/generated/EventTarget.js:241:34)
      at 
node_modules/@testing-library/user-event/dist/cjs/event/dispatchEvent.js:45:43
      at Object.eventWrapper 
(node_modules/@testing-library/dom/dist/config.js:25:23)
      at Object.wrapEvent 
(node_modules/@testing-library/user-event/dist/cjs/event/wrapEvent.js:6:28)
      at Object.dispatchEvent (node_modules/@testing-library/user-event/dist/cj
s/event/dispatchEvent.js:45:22)
      at Object.dispatchUIEvent (node_modules/@testing-library/user-event/dist/
cjs/event/dispatchEvent.js:22:26)
      at commitInput 
(node_modules/@testing-library/user-event/dist/cjs/event/input.js:145:14)
      at editInputElement 
(node_modules/@testing-library/user-event/dist/cjs/event/input.js:115:9)
      at Object.input 
(node_modules/@testing-library/user-event/dist/cjs/event/input.js:37:9)
      at node_modules/@testing-library/user-event/dist/cjs/event/behavior/keypr
ess.js:31:26
      at Object.dispatchEvent (node_modules/@testing-library/user-event/dist/cj
s/event/dispatchEvent.js:41:13)
      at Object.dispatchUIEvent (node_modules/@testing-library/user-event/dist/
cjs/event/dispatchEvent.js:22:26)
      at KeyboardHost.keydown 
(node_modules/@testing-library/user-event/dist/cjs/system/keyboard.js:76:22)
      at keyboardAction 
(node_modules/@testing-library/user-event/dist/cjs/keyboard/index.js:22:35)
      at Object.keyboard 
(node_modules/@testing-library/user-event/dist/cjs/keyboard/index.js:11:15)
      at Object.type 
(node_modules/@testing-library/user-event/dist/cjs/utility/type.js:17:5)
      at Object.<anonymous> 
(src/settings/__tests__/AccountCreatePage.test.tsx:148:9)

    console.error
      Warning: An update to AccountCreatePage inside a test was not wrapped in 
act(...).
      
      When testing, code that causes React state updates should be wrapped 
into act(...):
      
      act(() => {
        /* fire events that update state */
      });
      /* assert on the output */
      
      This ensures that you're testing the behavior the user would see in the 
browser. Learn more at https://reactjs.org/link/wrap-tests-with-act
          at AccountCreatePage (C:\Users\samhe\OneDrive\Desktop\Cleaned\fronten
d\src\settings\AccountCreatePage.tsx:32:47)
          at routeContext (C:\Users\samhe\OneDrive\Desktop\Cleaned\frontend\nod
e_modules\react-router\lib\hooks.tsx:658:26)
          at children (C:\Users\samhe\OneDrive\Desktop\Cleaned\frontend\node_mo
dules\react-router\lib\components.tsx:512:3)
          at basenameProp (C:\Users\samhe\OneDrive\Desktop\Cleaned\frontend\nod
e_modules\react-router\lib\components.tsx:421:13)
          at basename (C:\Users\samhe\OneDrive\Desktop\Cleaned\frontend\node_mo
dules\react-router\lib\components.tsx:225:3)

      147 |                         type="email"
      148 |                         value={email}
    > 149 |                         onChange={e => setEmail(e.target.value)}
          |                                        ^
      150 |                         disabled={saving}
      151 |                         className="text-sm border border-gray-300 
rounded px-2 py-1.5 focus:outline-none focus:ring-1 focus:ring-blue-400 
disabled:opacity-50"
      152 |                     />

      at printWarning 
(node_modules/react-dom/cjs/react-dom.development.js:86:30)
      at error (node_modules/react-dom/cjs/react-dom.development.js:60:7)
      at warnIfUpdatesNotWrappedWithActDEV 
(node_modules/react-dom/cjs/react-dom.development.js:27628:9)
      at scheduleUpdateOnFiber 
(node_modules/react-dom/cjs/react-dom.development.js:25547:5)
      at dispatchSetState 
(node_modules/react-dom/cjs/react-dom.development.js:16708:7)
      at onChange (src/settings/AccountCreatePage.tsx:149:40)
      at HTMLUnknownElement.callCallback 
(node_modules/react-dom/cjs/react-dom.development.js:4164:14)
      at HTMLUnknownElement.callTheUserObjectsOperation 
(node_modules/jsdom/lib/jsdom/living/generated/EventListener.js:26:30)
      at innerInvokeEventListeners 
(node_modules/jsdom/lib/jsdom/living/events/EventTarget-impl.js:350:25)
      at invokeEventListeners 
(node_modules/jsdom/lib/jsdom/living/events/EventTarget-impl.js:286:3)
      at HTMLUnknownElementImpl._dispatch 
(node_modules/jsdom/lib/jsdom/living/events/EventTarget-impl.js:233:9)
      at HTMLUnknownElementImpl.dispatchEvent 
(node_modules/jsdom/lib/jsdom/living/events/EventTarget-impl.js:104:17)
      at HTMLUnknownElement.dispatchEvent 
(node_modules/jsdom/lib/jsdom/living/generated/EventTarget.js:241:34)
      at Object.invokeGuardedCallbackDev 
(node_modules/react-dom/cjs/react-dom.development.js:4213:16)
      at invokeGuardedCallback 
(node_modules/react-dom/cjs/react-dom.development.js:4277:31)
      at invokeGuardedCallbackAndCatchFirstError 
(node_modules/react-dom/cjs/react-dom.development.js:4291:25)
      at executeDispatch 
(node_modules/react-dom/cjs/react-dom.development.js:9041:3)
      at processDispatchQueueItemsInOrder 
(node_modules/react-dom/cjs/react-dom.development.js:9073:7)
      at processDispatchQueue 
(node_modules/react-dom/cjs/react-dom.development.js:9086:5)
      at dispatchEventsForPlugins 
(node_modules/react-dom/cjs/react-dom.development.js:9097:3)
      at node_modules/react-dom/cjs/react-dom.development.js:9288:12
      at batchedUpdates$1 
(node_modules/react-dom/cjs/react-dom.development.js:26179:12)
      at batchedUpdates 
(node_modules/react-dom/cjs/react-dom.development.js:3991:12)
      at dispatchEventForPluginEventSystem 
(node_modules/react-dom/cjs/react-dom.development.js:9287:3)
      at dispatchEventWithEnableCapturePhaseSelectiveHydrationWithoutDiscreteEv
entReplay (node_modules/react-dom/cjs/react-dom.development.js:6465:5)
      at dispatchEvent 
(node_modules/react-dom/cjs/react-dom.development.js:6457:5)
      at dispatchDiscreteEvent 
(node_modules/react-dom/cjs/react-dom.development.js:6430:5)
      at HTMLDivElement.callTheUserObjectsOperation 
(node_modules/jsdom/lib/jsdom/living/generated/EventListener.js:26:30)
      at innerInvokeEventListeners 
(node_modules/jsdom/lib/jsdom/living/events/EventTarget-impl.js:350:25)
      at invokeEventListeners 
(node_modules/jsdom/lib/jsdom/living/events/EventTarget-impl.js:286:3)
      at HTMLInputElementImpl._dispatch 
(node_modules/jsdom/lib/jsdom/living/events/EventTarget-impl.js:233:9)
      at HTMLInputElementImpl.dispatchEvent 
(node_modules/jsdom/lib/jsdom/living/events/EventTarget-impl.js:104:17)
      at HTMLInputElement.dispatchEvent 
(node_modules/jsdom/lib/jsdom/living/generated/EventTarget.js:241:34)
      at 
node_modules/@testing-library/user-event/dist/cjs/event/dispatchEvent.js:45:43
      at Object.eventWrapper 
(node_modules/@testing-library/dom/dist/config.js:25:23)
      at Object.wrapEvent 
(node_modules/@testing-library/user-event/dist/cjs/event/wrapEvent.js:6:28)
      at Object.dispatchEvent (node_modules/@testing-library/user-event/dist/cj
s/event/dispatchEvent.js:45:22)
      at Object.dispatchUIEvent (node_modules/@testing-library/user-event/dist/
cjs/event/dispatchEvent.js:22:26)
      at commitInput 
(node_modules/@testing-library/user-event/dist/cjs/event/input.js:145:14)
      at editInputElement 
(node_modules/@testing-library/user-event/dist/cjs/event/input.js:115:9)
      at Object.input 
(node_modules/@testing-library/user-event/dist/cjs/event/input.js:37:9)
      at node_modules/@testing-library/user-event/dist/cjs/event/behavior/keypr
ess.js:31:26
      at Object.dispatchEvent (node_modules/@testing-library/user-event/dist/cj
s/event/dispatchEvent.js:41:13)
      at Object.dispatchUIEvent (node_modules/@testing-library/user-event/dist/
cjs/event/dispatchEvent.js:22:26)
      at KeyboardHost.keydown 
(node_modules/@testing-library/user-event/dist/cjs/system/keyboard.js:76:22)
      at keyboardAction 
(node_modules/@testing-library/user-event/dist/cjs/keyboard/index.js:22:35)
      at Object.keyboard 
(node_modules/@testing-library/user-event/dist/cjs/keyboard/index.js:11:15)
      at Object.type 
(node_modules/@testing-library/user-event/dist/cjs/utility/type.js:17:5)
      at Object.<anonymous> 
(src/settings/__tests__/AccountCreatePage.test.tsx:148:9)

    console.error
      Warning: An update to AccountCreatePage inside a test was not wrapped in 
act(...).
      
      When testing, code that causes React state updates should be wrapped 
into act(...):
      
      act(() => {
        /* fire events that update state */
      });
      /* assert on the output */
      
      This ensures that you're testing the behavior the user would see in the 
browser. Learn more at https://reactjs.org/link/wrap-tests-with-act
          at AccountCreatePage (C:\Users\samhe\OneDrive\Desktop\Cleaned\fronten
d\src\settings\AccountCreatePage.tsx:32:47)
          at routeContext (C:\Users\samhe\OneDrive\Desktop\Cleaned\frontend\nod
e_modules\react-router\lib\hooks.tsx:658:26)
          at children (C:\Users\samhe\OneDrive\Desktop\Cleaned\frontend\node_mo
dules\react-router\lib\components.tsx:512:3)
          at basenameProp (C:\Users\samhe\OneDrive\Desktop\Cleaned\frontend\nod
e_modules\react-router\lib\components.tsx:421:13)
          at basename (C:\Users\samhe\OneDrive\Desktop\Cleaned\frontend\node_mo
dules\react-router\lib\components.tsx:225:3)

      147 |                         type="email"
      148 |                         value={email}
    > 149 |                         onChange={e => setEmail(e.target.value)}
          |                                        ^
      150 |                         disabled={saving}
      151 |                         className="text-sm border border-gray-300 
rounded px-2 py-1.5 focus:outline-none focus:ring-1 focus:ring-blue-400 
disabled:opacity-50"
      152 |                     />

      at printWarning 
(node_modules/react-dom/cjs/react-dom.development.js:86:30)
      at error (node_modules/react-dom/cjs/react-dom.development.js:60:7)
      at warnIfUpdatesNotWrappedWithActDEV 
(node_modules/react-dom/cjs/react-dom.development.js:27628:9)
      at scheduleUpdateOnFiber 
(node_modules/react-dom/cjs/react-dom.development.js:25547:5)
      at dispatchSetState 
(node_modules/react-dom/cjs/react-dom.development.js:16708:7)
      at onChange (src/settings/AccountCreatePage.tsx:149:40)
      at HTMLUnknownElement.callCallback 
(node_modules/react-dom/cjs/react-dom.development.js:4164:14)
      at HTMLUnknownElement.callTheUserObjectsOperation 
(node_modules/jsdom/lib/jsdom/living/generated/EventListener.js:26:30)
      at innerInvokeEventListeners 
(node_modules/jsdom/lib/jsdom/living/events/EventTarget-impl.js:350:25)
      at invokeEventListeners 
(node_modules/jsdom/lib/jsdom/living/events/EventTarget-impl.js:286:3)
      at HTMLUnknownElementImpl._dispatch 
(node_modules/jsdom/lib/jsdom/living/events/EventTarget-impl.js:233:9)
      at HTMLUnknownElementImpl.dispatchEvent 
(node_modules/jsdom/lib/jsdom/living/events/EventTarget-impl.js:104:17)
      at HTMLUnknownElement.dispatchEvent 
(node_modules/jsdom/lib/jsdom/living/generated/EventTarget.js:241:34)
      at Object.invokeGuardedCallbackDev 
(node_modules/react-dom/cjs/react-dom.development.js:4213:16)
      at invokeGuardedCallback 
(node_modules/react-dom/cjs/react-dom.development.js:4277:31)
      at invokeGuardedCallbackAndCatchFirstError 
(node_modules/react-dom/cjs/react-dom.development.js:4291:25)
      at executeDispatch 
(node_modules/react-dom/cjs/react-dom.development.js:9041:3)
      at processDispatchQueueItemsInOrder 
(node_modules/react-dom/cjs/react-dom.development.js:9073:7)
      at processDispatchQueue 
(node_modules/react-dom/cjs/react-dom.development.js:9086:5)
      at dispatchEventsForPlugins 
(node_modules/react-dom/cjs/react-dom.development.js:9097:3)
      at node_modules/react-dom/cjs/react-dom.development.js:9288:12
      at batchedUpdates$1 
(node_modules/react-dom/cjs/react-dom.development.js:26179:12)
      at batchedUpdates 
(node_modules/react-dom/cjs/react-dom.development.js:3991:12)
      at dispatchEventForPluginEventSystem 
(node_modules/react-dom/cjs/react-dom.development.js:9287:3)
      at dispatchEventWithEnableCapturePhaseSelectiveHydrationWithoutDiscreteEv
entReplay (node_modules/react-dom/cjs/react-dom.development.js:6465:5)
      at dispatchEvent 
(node_modules/react-dom/cjs/react-dom.development.js:6457:5)
      at dispatchDiscreteEvent 
(node_modules/react-dom/cjs/react-dom.development.js:6430:5)
      at HTMLDivElement.callTheUserObjectsOperation 
(node_modules/jsdom/lib/jsdom/living/generated/EventListener.js:26:30)
      at innerInvokeEventListeners 
(node_modules/jsdom/lib/jsdom/living/events/EventTarget-impl.js:350:25)
      at invokeEventListeners 
(node_modules/jsdom/lib/jsdom/living/events/EventTarget-impl.js:286:3)
      at HTMLInputElementImpl._dispatch 
(node_modules/jsdom/lib/jsdom/living/events/EventTarget-impl.js:233:9)
      at HTMLInputElementImpl.dispatchEvent 
(node_modules/jsdom/lib/jsdom/living/events/EventTarget-impl.js:104:17)
      at HTMLInputElement.dispatchEvent 
(node_modules/jsdom/lib/jsdom/living/generated/EventTarget.js:241:34)
      at 
node_modules/@testing-library/user-event/dist/cjs/event/dispatchEvent.js:45:43
      at Object.eventWrapper 
(node_modules/@testing-library/dom/dist/config.js:25:23)
      at Object.wrapEvent 
(node_modules/@testing-library/user-event/dist/cjs/event/wrapEvent.js:6:28)
      at Object.dispatchEvent (node_modules/@testing-library/user-event/dist/cj
s/event/dispatchEvent.js:45:22)
      at Object.dispatchUIEvent (node_modules/@testing-library/user-event/dist/
cjs/event/dispatchEvent.js:22:26)
      at commitInput 
(node_modules/@testing-library/user-event/dist/cjs/event/input.js:145:14)
      at editInputElement 
(node_modules/@testing-library/user-event/dist/cjs/event/input.js:115:9)
      at Object.input 
(node_modules/@testing-library/user-event/dist/cjs/event/input.js:37:9)
      at node_modules/@testing-library/user-event/dist/cjs/event/behavior/keypr
ess.js:31:26
      at Object.dispatchEvent (node_modules/@testing-library/user-event/dist/cj
s/event/dispatchEvent.js:41:13)
      at Object.dispatchUIEvent (node_modules/@testing-library/user-event/dist/
cjs/event/dispatchEvent.js:22:26)
      at KeyboardHost.keydown 
(node_modules/@testing-library/user-event/dist/cjs/system/keyboard.js:76:22)
      at keyboardAction 
(node_modules/@testing-library/user-event/dist/cjs/keyboard/index.js:22:35)
      at Object.keyboard 
(node_modules/@testing-library/user-event/dist/cjs/keyboard/index.js:11:15)
      at Object.type 
(node_modules/@testing-library/user-event/dist/cjs/utility/type.js:17:5)
      at Object.<anonymous> 
(src/settings/__tests__/AccountCreatePage.test.tsx:148:9)

    console.error
      Warning: An update to AccountCreatePage inside a test was not wrapped in 
act(...).
      
      When testing, code that causes React state updates should be wrapped 
into act(...):
      
      act(() => {
        /* fire events that update state */
      });
      /* assert on the output */
      
      This ensures that you're testing the behavior the user would see in the 
browser. Learn more at https://reactjs.org/link/wrap-tests-with-act
          at AccountCreatePage (C:\Users\samhe\OneDrive\Desktop\Cleaned\fronten
d\src\settings\AccountCreatePage.tsx:32:47)
          at routeContext (C:\Users\samhe\OneDrive\Desktop\Cleaned\frontend\nod
e_modules\react-router\lib\hooks.tsx:658:26)
          at children (C:\Users\samhe\OneDrive\Desktop\Cleaned\frontend\node_mo
dules\react-router\lib\components.tsx:512:3)
          at basenameProp (C:\Users\samhe\OneDrive\Desktop\Cleaned\frontend\nod
e_modules\react-router\lib\components.tsx:421:13)
          at basename (C:\Users\samhe\OneDrive\Desktop\Cleaned\frontend\node_mo
dules\react-router\lib\components.tsx:225:3)

      147 |                         type="email"
      148 |                         value={email}
    > 149 |                         onChange={e => setEmail(e.target.value)}
          |                                        ^
      150 |                         disabled={saving}
      151 |                         className="text-sm border border-gray-300 
rounded px-2 py-1.5 focus:outline-none focus:ring-1 focus:ring-blue-400 
disabled:opacity-50"
      152 |                     />

      at printWarning 
(node_modules/react-dom/cjs/react-dom.development.js:86:30)
      at error (node_modules/react-dom/cjs/react-dom.development.js:60:7)
      at warnIfUpdatesNotWrappedWithActDEV 
(node_modules/react-dom/cjs/react-dom.development.js:27628:9)
      at scheduleUpdateOnFiber 
(node_modules/react-dom/cjs/react-dom.development.js:25547:5)
      at dispatchSetState 
(node_modules/react-dom/cjs/react-dom.development.js:16708:7)
      at onChange (src/settings/AccountCreatePage.tsx:149:40)
      at HTMLUnknownElement.callCallback 
(node_modules/react-dom/cjs/react-dom.development.js:4164:14)
      at HTMLUnknownElement.callTheUserObjectsOperation 
(node_modules/jsdom/lib/jsdom/living/generated/EventListener.js:26:30)
      at innerInvokeEventListeners 
(node_modules/jsdom/lib/jsdom/living/events/EventTarget-impl.js:350:25)
      at invokeEventListeners 
(node_modules/jsdom/lib/jsdom/living/events/EventTarget-impl.js:286:3)
      at HTMLUnknownElementImpl._dispatch 
(node_modules/jsdom/lib/jsdom/living/events/EventTarget-impl.js:233:9)
      at HTMLUnknownElementImpl.dispatchEvent 
(node_modules/jsdom/lib/jsdom/living/events/EventTarget-impl.js:104:17)
      at HTMLUnknownElement.dispatchEvent 
(node_modules/jsdom/lib/jsdom/living/generated/EventTarget.js:241:34)
      at Object.invokeGuardedCallbackDev 
(node_modules/react-dom/cjs/react-dom.development.js:4213:16)
      at invokeGuardedCallback 
(node_modules/react-dom/cjs/react-dom.development.js:4277:31)
      at invokeGuardedCallbackAndCatchFirstError 
(node_modules/react-dom/cjs/react-dom.development.js:4291:25)
      at executeDispatch 
(node_modules/react-dom/cjs/react-dom.development.js:9041:3)
      at processDispatchQueueItemsInOrder 
(node_modules/react-dom/cjs/react-dom.development.js:9073:7)
      at processDispatchQueue 
(node_modules/react-dom/cjs/react-dom.development.js:9086:5)
      at dispatchEventsForPlugins 
(node_modules/react-dom/cjs/react-dom.development.js:9097:3)
      at node_modules/react-dom/cjs/react-dom.development.js:9288:12
      at batchedUpdates$1 
(node_modules/react-dom/cjs/react-dom.development.js:26179:12)
      at batchedUpdates 
(node_modules/react-dom/cjs/react-dom.development.js:3991:12)
      at dispatchEventForPluginEventSystem 
(node_modules/react-dom/cjs/react-dom.development.js:9287:3)
      at dispatchEventWithEnableCapturePhaseSelectiveHydrationWithoutDiscreteEv
entReplay (node_modules/react-dom/cjs/react-dom.development.js:6465:5)
      at dispatchEvent 
(node_modules/react-dom/cjs/react-dom.development.js:6457:5)
      at dispatchDiscreteEvent 
(node_modules/react-dom/cjs/react-dom.development.js:6430:5)
      at HTMLDivElement.callTheUserObjectsOperation 
(node_modules/jsdom/lib/jsdom/living/generated/EventListener.js:26:30)
      at innerInvokeEventListeners 
(node_modules/jsdom/lib/jsdom/living/events/EventTarget-impl.js:350:25)
      at invokeEventListeners 
(node_modules/jsdom/lib/jsdom/living/events/EventTarget-impl.js:286:3)
      at HTMLInputElementImpl._dispatch 
(node_modules/jsdom/lib/jsdom/living/events/EventTarget-impl.js:233:9)
      at HTMLInputElementImpl.dispatchEvent 
(node_modules/jsdom/lib/jsdom/living/events/EventTarget-impl.js:104:17)
      at HTMLInputElement.dispatchEvent 
(node_modules/jsdom/lib/jsdom/living/generated/EventTarget.js:241:34)
      at 
node_modules/@testing-library/user-event/dist/cjs/event/dispatchEvent.js:45:43
      at Object.eventWrapper 
(node_modules/@testing-library/dom/dist/config.js:25:23)
      at Object.wrapEvent 
(node_modules/@testing-library/user-event/dist/cjs/event/wrapEvent.js:6:28)
      at Object.dispatchEvent (node_modules/@testing-library/user-event/dist/cj
s/event/dispatchEvent.js:45:22)
      at Object.dispatchUIEvent (node_modules/@testing-library/user-event/dist/
cjs/event/dispatchEvent.js:22:26)
      at commitInput 
(node_modules/@testing-library/user-event/dist/cjs/event/input.js:145:14)
      at editInputElement 
(node_modules/@testing-library/user-event/dist/cjs/event/input.js:115:9)
      at Object.input 
(node_modules/@testing-library/user-event/dist/cjs/event/input.js:37:9)
      at node_modules/@testing-library/user-event/dist/cjs/event/behavior/keypr
ess.js:31:26
      at Object.dispatchEvent (node_modules/@testing-library/user-event/dist/cj
s/event/dispatchEvent.js:41:13)
      at Object.dispatchUIEvent (node_modules/@testing-library/user-event/dist/
cjs/event/dispatchEvent.js:22:26)
      at KeyboardHost.keydown 
(node_modules/@testing-library/user-event/dist/cjs/system/keyboard.js:76:22)
      at keyboardAction 
(node_modules/@testing-library/user-event/dist/cjs/keyboard/index.js:22:35)
      at Object.keyboard 
(node_modules/@testing-library/user-event/dist/cjs/keyboard/index.js:11:15)
      at Object.type 
(node_modules/@testing-library/user-event/dist/cjs/utility/type.js:17:5)
      at Object.<anonymous> 
(src/settings/__tests__/AccountCreatePage.test.tsx:148:9)

    console.error
      Warning: An update to AccountCreatePage inside a test was not wrapped in 
act(...).
      
      When testing, code that causes React state updates should be wrapped 
into act(...):
      
      act(() => {
        /* fire events that update state */
      });
      /* assert on the output */
      
      This ensures that you're testing the behavior the user would see in the 
browser. Learn more at https://reactjs.org/link/wrap-tests-with-act
          at AccountCreatePage (C:\Users\samhe\OneDrive\Desktop\Cleaned\fronten
d\src\settings\AccountCreatePage.tsx:32:47)
          at routeContext (C:\Users\samhe\OneDrive\Desktop\Cleaned\frontend\nod
e_modules\react-router\lib\hooks.tsx:658:26)
          at children (C:\Users\samhe\OneDrive\Desktop\Cleaned\frontend\node_mo
dules\react-router\lib\components.tsx:512:3)
          at basenameProp (C:\Users\samhe\OneDrive\Desktop\Cleaned\frontend\nod
e_modules\react-router\lib\components.tsx:421:13)
          at basename (C:\Users\samhe\OneDrive\Desktop\Cleaned\frontend\node_mo
dules\react-router\lib\components.tsx:225:3)

      147 |                         type="email"
      148 |                         value={email}
    > 149 |                         onChange={e => setEmail(e.target.value)}
          |                                        ^
      150 |                         disabled={saving}
      151 |                         className="text-sm border border-gray-300 
rounded px-2 py-1.5 focus:outline-none focus:ring-1 focus:ring-blue-400 
disabled:opacity-50"
      152 |                     />

      at printWarning 
(node_modules/react-dom/cjs/react-dom.development.js:86:30)
      at error (node_modules/react-dom/cjs/react-dom.development.js:60:7)
      at warnIfUpdatesNotWrappedWithActDEV 
(node_modules/react-dom/cjs/react-dom.development.js:27628:9)
      at scheduleUpdateOnFiber 
(node_modules/react-dom/cjs/react-dom.development.js:25547:5)
      at dispatchSetState 
(node_modules/react-dom/cjs/react-dom.development.js:16708:7)
      at onChange (src/settings/AccountCreatePage.tsx:149:40)
      at HTMLUnknownElement.callCallback 
(node_modules/react-dom/cjs/react-dom.development.js:4164:14)
      at HTMLUnknownElement.callTheUserObjectsOperation 
(node_modules/jsdom/lib/jsdom/living/generated/EventListener.js:26:30)
      at innerInvokeEventListeners 
(node_modules/jsdom/lib/jsdom/living/events/EventTarget-impl.js:350:25)
      at invokeEventListeners 
(node_modules/jsdom/lib/jsdom/living/events/EventTarget-impl.js:286:3)
      at HTMLUnknownElementImpl._dispatch 
(node_modules/jsdom/lib/jsdom/living/events/EventTarget-impl.js:233:9)
      at HTMLUnknownElementImpl.dispatchEvent 
(node_modules/jsdom/lib/jsdom/living/events/EventTarget-impl.js:104:17)
      at HTMLUnknownElement.dispatchEvent 
(node_modules/jsdom/lib/jsdom/living/generated/EventTarget.js:241:34)
      at Object.invokeGuardedCallbackDev 
(node_modules/react-dom/cjs/react-dom.development.js:4213:16)
      at invokeGuardedCallback 
(node_modules/react-dom/cjs/react-dom.development.js:4277:31)
      at invokeGuardedCallbackAndCatchFirstError 
(node_modules/react-dom/cjs/react-dom.development.js:4291:25)
      at executeDispatch 
(node_modules/react-dom/cjs/react-dom.development.js:9041:3)
      at processDispatchQueueItemsInOrder 
(node_modules/react-dom/cjs/react-dom.development.js:9073:7)
      at processDispatchQueue 
(node_modules/react-dom/cjs/react-dom.development.js:9086:5)
      at dispatchEventsForPlugins 
(node_modules/react-dom/cjs/react-dom.development.js:9097:3)
      at node_modules/react-dom/cjs/react-dom.development.js:9288:12
      at batchedUpdates$1 
(node_modules/react-dom/cjs/react-dom.development.js:26179:12)
      at batchedUpdates 
(node_modules/react-dom/cjs/react-dom.development.js:3991:12)
      at dispatchEventForPluginEventSystem 
(node_modules/react-dom/cjs/react-dom.development.js:9287:3)
      at dispatchEventWithEnableCapturePhaseSelectiveHydrationWithoutDiscreteEv
entReplay (node_modules/react-dom/cjs/react-dom.development.js:6465:5)
      at dispatchEvent 
(node_modules/react-dom/cjs/react-dom.development.js:6457:5)
      at dispatchDiscreteEvent 
(node_modules/react-dom/cjs/react-dom.development.js:6430:5)
      at HTMLDivElement.callTheUserObjectsOperation 
(node_modules/jsdom/lib/jsdom/living/generated/EventListener.js:26:30)
      at innerInvokeEventListeners 
(node_modules/jsdom/lib/jsdom/living/events/EventTarget-impl.js:350:25)
      at invokeEventListeners 
(node_modules/jsdom/lib/jsdom/living/events/EventTarget-impl.js:286:3)
      at HTMLInputElementImpl._dispatch 
(node_modules/jsdom/lib/jsdom/living/events/EventTarget-impl.js:233:9)
      at HTMLInputElementImpl.dispatchEvent 
(node_modules/jsdom/lib/jsdom/living/events/EventTarget-impl.js:104:17)
      at HTMLInputElement.dispatchEvent 
(node_modules/jsdom/lib/jsdom/living/generated/EventTarget.js:241:34)
      at 
node_modules/@testing-library/user-event/dist/cjs/event/dispatchEvent.js:45:43
      at Object.eventWrapper 
(node_modules/@testing-library/dom/dist/config.js:25:23)
      at Object.wrapEvent 
(node_modules/@testing-library/user-event/dist/cjs/event/wrapEvent.js:6:28)
      at Object.dispatchEvent (node_modules/@testing-library/user-event/dist/cj
s/event/dispatchEvent.js:45:22)
      at Object.dispatchUIEvent (node_modules/@testing-library/user-event/dist/
cjs/event/dispatchEvent.js:22:26)
      at commitInput 
(node_modules/@testing-library/user-event/dist/cjs/event/input.js:145:14)
      at editInputElement 
(node_modules/@testing-library/user-event/dist/cjs/event/input.js:115:9)
      at Object.input 
(node_modules/@testing-library/user-event/dist/cjs/event/input.js:37:9)
      at node_modules/@testing-library/user-event/dist/cjs/event/behavior/keypr
ess.js:31:26
      at Object.dispatchEvent (node_modules/@testing-library/user-event/dist/cj
s/event/dispatchEvent.js:41:13)
      at Object.dispatchUIEvent (node_modules/@testing-library/user-event/dist/
cjs/event/dispatchEvent.js:22:26)
      at KeyboardHost.keydown 
(node_modules/@testing-library/user-event/dist/cjs/system/keyboard.js:76:22)
      at keyboardAction 
(node_modules/@testing-library/user-event/dist/cjs/keyboard/index.js:22:35)
      at Object.keyboard 
(node_modules/@testing-library/user-event/dist/cjs/keyboard/index.js:11:15)
      at Object.type 
(node_modules/@testing-library/user-event/dist/cjs/utility/type.js:17:5)
      at Object.<anonymous> 
(src/settings/__tests__/AccountCreatePage.test.tsx:148:9)

    console.error
      Warning: An update to AccountCreatePage inside a test was not wrapped in 
act(...).
      
      When testing, code that causes React state updates should be wrapped 
into act(...):
      
      act(() => {
        /* fire events that update state */
      });
      /* assert on the output */
      
      This ensures that you're testing the behavior the user would see in the 
browser. Learn more at https://reactjs.org/link/wrap-tests-with-act
          at AccountCreatePage (C:\Users\samhe\OneDrive\Desktop\Cleaned\fronten
d\src\settings\AccountCreatePage.tsx:32:47)
          at routeContext (C:\Users\samhe\OneDrive\Desktop\Cleaned\frontend\nod
e_modules\react-router\lib\hooks.tsx:658:26)
          at children (C:\Users\samhe\OneDrive\Desktop\Cleaned\frontend\node_mo
dules\react-router\lib\components.tsx:512:3)
          at basenameProp (C:\Users\samhe\OneDrive\Desktop\Cleaned\frontend\nod
e_modules\react-router\lib\components.tsx:421:13)
          at basename (C:\Users\samhe\OneDrive\Desktop\Cleaned\frontend\node_mo
dules\react-router\lib\components.tsx:225:3)

      147 |                         type="email"
      148 |                         value={email}
    > 149 |                         onChange={e => setEmail(e.target.value)}
          |                                        ^
      150 |                         disabled={saving}
      151 |                         className="text-sm border border-gray-300 
rounded px-2 py-1.5 focus:outline-none focus:ring-1 focus:ring-blue-400 
disabled:opacity-50"
      152 |                     />

      at printWarning 
(node_modules/react-dom/cjs/react-dom.development.js:86:30)
      at error (node_modules/react-dom/cjs/react-dom.development.js:60:7)
      at warnIfUpdatesNotWrappedWithActDEV 
(node_modules/react-dom/cjs/react-dom.development.js:27628:9)
      at scheduleUpdateOnFiber 
(node_modules/react-dom/cjs/react-dom.development.js:25547:5)
      at dispatchSetState 
(node_modules/react-dom/cjs/react-dom.development.js:16708:7)
      at onChange (src/settings/AccountCreatePage.tsx:149:40)
      at HTMLUnknownElement.callCallback 
(node_modules/react-dom/cjs/react-dom.development.js:4164:14)
      at HTMLUnknownElement.callTheUserObjectsOperation 
(node_modules/jsdom/lib/jsdom/living/generated/EventListener.js:26:30)
      at innerInvokeEventListeners 
(node_modules/jsdom/lib/jsdom/living/events/EventTarget-impl.js:350:25)
      at invokeEventListeners 
(node_modules/jsdom/lib/jsdom/living/events/EventTarget-impl.js:286:3)
      at HTMLUnknownElementImpl._dispatch 
(node_modules/jsdom/lib/jsdom/living/events/EventTarget-impl.js:233:9)
      at HTMLUnknownElementImpl.dispatchEvent 
(node_modules/jsdom/lib/jsdom/living/events/EventTarget-impl.js:104:17)
      at HTMLUnknownElement.dispatchEvent 
(node_modules/jsdom/lib/jsdom/living/generated/EventTarget.js:241:34)
      at Object.invokeGuardedCallbackDev 
(node_modules/react-dom/cjs/react-dom.development.js:4213:16)
      at invokeGuardedCallback 
(node_modules/react-dom/cjs/react-dom.development.js:4277:31)
      at invokeGuardedCallbackAndCatchFirstError 
(node_modules/react-dom/cjs/react-dom.development.js:4291:25)
      at executeDispatch 
(node_modules/react-dom/cjs/react-dom.development.js:9041:3)
      at processDispatchQueueItemsInOrder 
(node_modules/react-dom/cjs/react-dom.development.js:9073:7)
      at processDispatchQueue 
(node_modules/react-dom/cjs/react-dom.development.js:9086:5)
      at dispatchEventsForPlugins 
(node_modules/react-dom/cjs/react-dom.development.js:9097:3)
      at node_modules/react-dom/cjs/react-dom.development.js:9288:12
      at batchedUpdates$1 
(node_modules/react-dom/cjs/react-dom.development.js:26179:12)
      at batchedUpdates 
(node_modules/react-dom/cjs/react-dom.development.js:3991:12)
      at dispatchEventForPluginEventSystem 
(node_modules/react-dom/cjs/react-dom.development.js:9287:3)
      at dispatchEventWithEnableCapturePhaseSelectiveHydrationWithoutDiscreteEv
entReplay (node_modules/react-dom/cjs/react-dom.development.js:6465:5)
      at dispatchEvent 
(node_modules/react-dom/cjs/react-dom.development.js:6457:5)
      at dispatchDiscreteEvent 
(node_modules/react-dom/cjs/react-dom.development.js:6430:5)
      at HTMLDivElement.callTheUserObjectsOperation 
(node_modules/jsdom/lib/jsdom/living/generated/EventListener.js:26:30)
      at innerInvokeEventListeners 
(node_modules/jsdom/lib/jsdom/living/events/EventTarget-impl.js:350:25)
      at invokeEventListeners 
(node_modules/jsdom/lib/jsdom/living/events/EventTarget-impl.js:286:3)
      at HTMLInputElementImpl._dispatch 
(node_modules/jsdom/lib/jsdom/living/events/EventTarget-impl.js:233:9)
      at HTMLInputElementImpl.dispatchEvent 
(node_modules/jsdom/lib/jsdom/living/events/EventTarget-impl.js:104:17)
      at HTMLInputElement.dispatchEvent 
(node_modules/jsdom/lib/jsdom/living/generated/EventTarget.js:241:34)
      at 
node_modules/@testing-library/user-event/dist/cjs/event/dispatchEvent.js:45:43
      at Object.eventWrapper 
(node_modules/@testing-library/dom/dist/config.js:25:23)
      at Object.wrapEvent 
(node_modules/@testing-library/user-event/dist/cjs/event/wrapEvent.js:6:28)
      at Object.dispatchEvent (node_modules/@testing-library/user-event/dist/cj
s/event/dispatchEvent.js:45:22)
      at Object.dispatchUIEvent (node_modules/@testing-library/user-event/dist/
cjs/event/dispatchEvent.js:22:26)
      at commitInput 
(node_modules/@testing-library/user-event/dist/cjs/event/input.js:145:14)
      at editInputElement 
(node_modules/@testing-library/user-event/dist/cjs/event/input.js:115:9)
      at Object.input 
(node_modules/@testing-library/user-event/dist/cjs/event/input.js:37:9)
      at node_modules/@testing-library/user-event/dist/cjs/event/behavior/keypr
ess.js:31:26
      at Object.dispatchEvent (node_modules/@testing-library/user-event/dist/cj
s/event/dispatchEvent.js:41:13)
      at Object.dispatchUIEvent (node_modules/@testing-library/user-event/dist/
cjs/event/dispatchEvent.js:22:26)
      at KeyboardHost.keydown 
(node_modules/@testing-library/user-event/dist/cjs/system/keyboard.js:76:22)
      at keyboardAction 
(node_modules/@testing-library/user-event/dist/cjs/keyboard/index.js:22:35)
      at Object.keyboard 
(node_modules/@testing-library/user-event/dist/cjs/keyboard/index.js:11:15)
      at Object.type 
(node_modules/@testing-library/user-event/dist/cjs/utility/type.js:17:5)
      at Object.<anonymous> 
(src/settings/__tests__/AccountCreatePage.test.tsx:148:9)

    console.error
      Warning: An update to AccountCreatePage inside a test was not wrapped in 
act(...).
      
      When testing, code that causes React state updates should be wrapped 
into act(...):
      
      act(() => {
        /* fire events that update state */
      });
      /* assert on the output */
      
      This ensures that you're testing the behavior the user would see in the 
browser. Learn more at https://reactjs.org/link/wrap-tests-with-act
          at AccountCreatePage (C:\Users\samhe\OneDrive\Desktop\Cleaned\fronten
d\src\settings\AccountCreatePage.tsx:32:47)
          at routeContext (C:\Users\samhe\OneDrive\Desktop\Cleaned\frontend\nod
e_modules\react-router\lib\hooks.tsx:658:26)
          at children (C:\Users\samhe\OneDrive\Desktop\Cleaned\frontend\node_mo
dules\react-router\lib\components.tsx:512:3)
          at basenameProp (C:\Users\samhe\OneDrive\Desktop\Cleaned\frontend\nod
e_modules\react-router\lib\components.tsx:421:13)
          at basename (C:\Users\samhe\OneDrive\Desktop\Cleaned\frontend\node_mo
dules\react-router\lib\components.tsx:225:3)

      147 |                         type="email"
      148 |                         value={email}
    > 149 |                         onChange={e => setEmail(e.target.value)}
          |                                        ^
      150 |                         disabled={saving}
      151 |                         className="text-sm border border-gray-300 
rounded px-2 py-1.5 focus:outline-none focus:ring-1 focus:ring-blue-400 
disabled:opacity-50"
      152 |                     />

      at printWarning 
(node_modules/react-dom/cjs/react-dom.development.js:86:30)
      at error (node_modules/react-dom/cjs/react-dom.development.js:60:7)
      at warnIfUpdatesNotWrappedWithActDEV 
(node_modules/react-dom/cjs/react-dom.development.js:27628:9)
      at scheduleUpdateOnFiber 
(node_modules/react-dom/cjs/react-dom.development.js:25547:5)
      at dispatchSetState 
(node_modules/react-dom/cjs/react-dom.development.js:16708:7)
      at onChange (src/settings/AccountCreatePage.tsx:149:40)
      at HTMLUnknownElement.callCallback 
(node_modules/react-dom/cjs/react-dom.development.js:4164:14)
      at HTMLUnknownElement.callTheUserObjectsOperation 
(node_modules/jsdom/lib/jsdom/living/generated/EventListener.js:26:30)
      at innerInvokeEventListeners 
(node_modules/jsdom/lib/jsdom/living/events/EventTarget-impl.js:350:25)
      at invokeEventListeners 
(node_modules/jsdom/lib/jsdom/living/events/EventTarget-impl.js:286:3)
      at HTMLUnknownElementImpl._dispatch 
(node_modules/jsdom/lib/jsdom/living/events/EventTarget-impl.js:233:9)
      at HTMLUnknownElementImpl.dispatchEvent 
(node_modules/jsdom/lib/jsdom/living/events/EventTarget-impl.js:104:17)
      at HTMLUnknownElement.dispatchEvent 
(node_modules/jsdom/lib/jsdom/living/generated/EventTarget.js:241:34)
      at Object.invokeGuardedCallbackDev 
(node_modules/react-dom/cjs/react-dom.development.js:4213:16)
      at invokeGuardedCallback 
(node_modules/react-dom/cjs/react-dom.development.js:4277:31)
      at invokeGuardedCallbackAndCatchFirstError 
(node_modules/react-dom/cjs/react-dom.development.js:4291:25)
      at executeDispatch 
(node_modules/react-dom/cjs/react-dom.development.js:9041:3)
      at processDispatchQueueItemsInOrder 
(node_modules/react-dom/cjs/react-dom.development.js:9073:7)
      at processDispatchQueue 
(node_modules/react-dom/cjs/react-dom.development.js:9086:5)
      at dispatchEventsForPlugins 
(node_modules/react-dom/cjs/react-dom.development.js:9097:3)
      at node_modules/react-dom/cjs/react-dom.development.js:9288:12
      at batchedUpdates$1 
(node_modules/react-dom/cjs/react-dom.development.js:26179:12)
      at batchedUpdates 
(node_modules/react-dom/cjs/react-dom.development.js:3991:12)
      at dispatchEventForPluginEventSystem 
(node_modules/react-dom/cjs/react-dom.development.js:9287:3)
      at dispatchEventWithEnableCapturePhaseSelectiveHydrationWithoutDiscreteEv
entReplay (node_modules/react-dom/cjs/react-dom.development.js:6465:5)
      at dispatchEvent 
(node_modules/react-dom/cjs/react-dom.development.js:6457:5)
      at dispatchDiscreteEvent 
(node_modules/react-dom/cjs/react-dom.development.js:6430:5)
      at HTMLDivElement.callTheUserObjectsOperation 
(node_modules/jsdom/lib/jsdom/living/generated/EventListener.js:26:30)
      at innerInvokeEventListeners 
(node_modules/jsdom/lib/jsdom/living/events/EventTarget-impl.js:350:25)
      at invokeEventListeners 
(node_modules/jsdom/lib/jsdom/living/events/EventTarget-impl.js:286:3)
      at HTMLInputElementImpl._dispatch 
(node_modules/jsdom/lib/jsdom/living/events/EventTarget-impl.js:233:9)
      at HTMLInputElementImpl.dispatchEvent 
(node_modules/jsdom/lib/jsdom/living/events/EventTarget-impl.js:104:17)
      at HTMLInputElement.dispatchEvent 
(node_modules/jsdom/lib/jsdom/living/generated/EventTarget.js:241:34)
      at 
node_modules/@testing-library/user-event/dist/cjs/event/dispatchEvent.js:45:43
      at Object.eventWrapper 
(node_modules/@testing-library/dom/dist/config.js:25:23)
      at Object.wrapEvent 
(node_modules/@testing-library/user-event/dist/cjs/event/wrapEvent.js:6:28)
      at Object.dispatchEvent (node_modules/@testing-library/user-event/dist/cj
s/event/dispatchEvent.js:45:22)
      at Object.dispatchUIEvent (node_modules/@testing-library/user-event/dist/
cjs/event/dispatchEvent.js:22:26)
      at commitInput 
(node_modules/@testing-library/user-event/dist/cjs/event/input.js:145:14)
      at editInputElement 
(node_modules/@testing-library/user-event/dist/cjs/event/input.js:115:9)
      at Object.input 
(node_modules/@testing-library/user-event/dist/cjs/event/input.js:37:9)
      at node_modules/@testing-library/user-event/dist/cjs/event/behavior/keypr
ess.js:31:26
      at Object.dispatchEvent (node_modules/@testing-library/user-event/dist/cj
s/event/dispatchEvent.js:41:13)
      at Object.dispatchUIEvent (node_modules/@testing-library/user-event/dist/
cjs/event/dispatchEvent.js:22:26)
      at KeyboardHost.keydown 
(node_modules/@testing-library/user-event/dist/cjs/system/keyboard.js:76:22)
      at keyboardAction 
(node_modules/@testing-library/user-event/dist/cjs/keyboard/index.js:22:35)
      at Object.keyboard 
(node_modules/@testing-library/user-event/dist/cjs/keyboard/index.js:11:15)
      at Object.type 
(node_modules/@testing-library/user-event/dist/cjs/utility/type.js:17:5)
      at Object.<anonymous> 
(src/settings/__tests__/AccountCreatePage.test.tsx:148:9)

    console.error
      Warning: An update to AccountCreatePage inside a test was not wrapped in 
act(...).
      
      When testing, code that causes React state updates should be wrapped 
into act(...):
      
      act(() => {
        /* fire events that update state */
      });
      /* assert on the output */
      
      This ensures that you're testing the behavior the user would see in the 
browser. Learn more at https://reactjs.org/link/wrap-tests-with-act
          at AccountCreatePage (C:\Users\samhe\OneDrive\Desktop\Cleaned\fronten
d\src\settings\AccountCreatePage.tsx:32:47)
          at routeContext (C:\Users\samhe\OneDrive\Desktop\Cleaned\frontend\nod
e_modules\react-router\lib\hooks.tsx:658:26)
          at children (C:\Users\samhe\OneDrive\Desktop\Cleaned\frontend\node_mo
dules\react-router\lib\components.tsx:512:3)
          at basenameProp (C:\Users\samhe\OneDrive\Desktop\Cleaned\frontend\nod
e_modules\react-router\lib\components.tsx:421:13)
          at basename (C:\Users\samhe\OneDrive\Desktop\Cleaned\frontend\node_mo
dules\react-router\lib\components.tsx:225:3)

      147 |                         type="email"
      148 |                         value={email}
    > 149 |                         onChange={e => setEmail(e.target.value)}
          |                                        ^
      150 |                         disabled={saving}
      151 |                         className="text-sm border border-gray-300 
rounded px-2 py-1.5 focus:outline-none focus:ring-1 focus:ring-blue-400 
disabled:opacity-50"
      152 |                     />

      at printWarning 
(node_modules/react-dom/cjs/react-dom.development.js:86:30)
      at error (node_modules/react-dom/cjs/react-dom.development.js:60:7)
      at warnIfUpdatesNotWrappedWithActDEV 
(node_modules/react-dom/cjs/react-dom.development.js:27628:9)
      at scheduleUpdateOnFiber 
(node_modules/react-dom/cjs/react-dom.development.js:25547:5)
      at dispatchSetState 
(node_modules/react-dom/cjs/react-dom.development.js:16708:7)
      at onChange (src/settings/AccountCreatePage.tsx:149:40)
      at HTMLUnknownElement.callCallback 
(node_modules/react-dom/cjs/react-dom.development.js:4164:14)
      at HTMLUnknownElement.callTheUserObjectsOperation 
(node_modules/jsdom/lib/jsdom/living/generated/EventListener.js:26:30)
      at innerInvokeEventListeners 
(node_modules/jsdom/lib/jsdom/living/events/EventTarget-impl.js:350:25)
      at invokeEventListeners 
(node_modules/jsdom/lib/jsdom/living/events/EventTarget-impl.js:286:3)
      at HTMLUnknownElementImpl._dispatch 
(node_modules/jsdom/lib/jsdom/living/events/EventTarget-impl.js:233:9)
      at HTMLUnknownElementImpl.dispatchEvent 
(node_modules/jsdom/lib/jsdom/living/events/EventTarget-impl.js:104:17)
      at HTMLUnknownElement.dispatchEvent 
(node_modules/jsdom/lib/jsdom/living/generated/EventTarget.js:241:34)
      at Object.invokeGuardedCallbackDev 
(node_modules/react-dom/cjs/react-dom.development.js:4213:16)
      at invokeGuardedCallback 
(node_modules/react-dom/cjs/react-dom.development.js:4277:31)
      at invokeGuardedCallbackAndCatchFirstError 
(node_modules/react-dom/cjs/react-dom.development.js:4291:25)
      at executeDispatch 
(node_modules/react-dom/cjs/react-dom.development.js:9041:3)
      at processDispatchQueueItemsInOrder 
(node_modules/react-dom/cjs/react-dom.development.js:9073:7)
      at processDispatchQueue 
(node_modules/react-dom/cjs/react-dom.development.js:9086:5)
      at dispatchEventsForPlugins 
(node_modules/react-dom/cjs/react-dom.development.js:9097:3)
      at node_modules/react-dom/cjs/react-dom.development.js:9288:12
      at batchedUpdates$1 
(node_modules/react-dom/cjs/react-dom.development.js:26179:12)
      at batchedUpdates 
(node_modules/react-dom/cjs/react-dom.development.js:3991:12)
      at dispatchEventForPluginEventSystem 
(node_modules/react-dom/cjs/react-dom.development.js:9287:3)
      at dispatchEventWithEnableCapturePhaseSelectiveHydrationWithoutDiscreteEv
entReplay (node_modules/react-dom/cjs/react-dom.development.js:6465:5)
      at dispatchEvent 
(node_modules/react-dom/cjs/react-dom.development.js:6457:5)
      at dispatchDiscreteEvent 
(node_modules/react-dom/cjs/react-dom.development.js:6430:5)
      at HTMLDivElement.callTheUserObjectsOperation 
(node_modules/jsdom/lib/jsdom/living/generated/EventListener.js:26:30)
      at innerInvokeEventListeners 
(node_modules/jsdom/lib/jsdom/living/events/EventTarget-impl.js:350:25)
      at invokeEventListeners 
(node_modules/jsdom/lib/jsdom/living/events/EventTarget-impl.js:286:3)
      at HTMLInputElementImpl._dispatch 
(node_modules/jsdom/lib/jsdom/living/events/EventTarget-impl.js:233:9)
      at HTMLInputElementImpl.dispatchEvent 
(node_modules/jsdom/lib/jsdom/living/events/EventTarget-impl.js:104:17)
      at HTMLInputElement.dispatchEvent 
(node_modules/jsdom/lib/jsdom/living/generated/EventTarget.js:241:34)
      at 
node_modules/@testing-library/user-event/dist/cjs/event/dispatchEvent.js:45:43
      at Object.eventWrapper 
(node_modules/@testing-library/dom/dist/config.js:25:23)
      at Object.wrapEvent 
(node_modules/@testing-library/user-event/dist/cjs/event/wrapEvent.js:6:28)
      at Object.dispatchEvent (node_modules/@testing-library/user-event/dist/cj
s/event/dispatchEvent.js:45:22)
      at Object.dispatchUIEvent (node_modules/@testing-library/user-event/dist/
cjs/event/dispatchEvent.js:22:26)
      at commitInput 
(node_modules/@testing-library/user-event/dist/cjs/event/input.js:145:14)
      at editInputElement 
(node_modules/@testing-library/user-event/dist/cjs/event/input.js:115:9)
      at Object.input 
(node_modules/@testing-library/user-event/dist/cjs/event/input.js:37:9)
      at node_modules/@testing-library/user-event/dist/cjs/event/behavior/keypr
ess.js:31:26
      at Object.dispatchEvent (node_modules/@testing-library/user-event/dist/cj
s/event/dispatchEvent.js:41:13)
      at Object.dispatchUIEvent (node_modules/@testing-library/user-event/dist/
cjs/event/dispatchEvent.js:22:26)
      at KeyboardHost.keydown 
(node_modules/@testing-library/user-event/dist/cjs/system/keyboard.js:76:22)
      at keyboardAction 
(node_modules/@testing-library/user-event/dist/cjs/keyboard/index.js:22:35)
      at Object.keyboard 
(node_modules/@testing-library/user-event/dist/cjs/keyboard/index.js:11:15)
      at Object.type 
(node_modules/@testing-library/user-event/dist/cjs/utility/type.js:17:5)
      at Object.<anonymous> 
(src/settings/__tests__/AccountCreatePage.test.tsx:148:9)

    console.error
      Warning: An update to AccountCreatePage inside a test was not wrapped in 
act(...).
      
      When testing, code that causes React state updates should be wrapped 
into act(...):
      
      act(() => {
        /* fire events that update state */
      });
      /* assert on the output */
      
      This ensures that you're testing the behavior the user would see in the 
browser. Learn more at https://reactjs.org/link/wrap-tests-with-act
          at AccountCreatePage (C:\Users\samhe\OneDrive\Desktop\Cleaned\fronten
d\src\settings\AccountCreatePage.tsx:32:47)
          at routeContext (C:\Users\samhe\OneDrive\Desktop\Cleaned\frontend\nod
e_modules\react-router\lib\hooks.tsx:658:26)
          at children (C:\Users\samhe\OneDrive\Desktop\Cleaned\frontend\node_mo
dules\react-router\lib\components.tsx:512:3)
          at basenameProp (C:\Users\samhe\OneDrive\Desktop\Cleaned\frontend\nod
e_modules\react-router\lib\components.tsx:421:13)
          at basename (C:\Users\samhe\OneDrive\Desktop\Cleaned\frontend\node_mo
dules\react-router\lib\components.tsx:225:3)

      147 |                         type="email"
      148 |                         value={email}
    > 149 |                         onChange={e => setEmail(e.target.value)}
          |                                        ^
      150 |                         disabled={saving}
      151 |                         className="text-sm border border-gray-300 
rounded px-2 py-1.5 focus:outline-none focus:ring-1 focus:ring-blue-400 
disabled:opacity-50"
      152 |                     />

      at printWarning 
(node_modules/react-dom/cjs/react-dom.development.js:86:30)
      at error (node_modules/react-dom/cjs/react-dom.development.js:60:7)
      at warnIfUpdatesNotWrappedWithActDEV 
(node_modules/react-dom/cjs/react-dom.development.js:27628:9)
      at scheduleUpdateOnFiber 
(node_modules/react-dom/cjs/react-dom.development.js:25547:5)
      at dispatchSetState 
(node_modules/react-dom/cjs/react-dom.development.js:16708:7)
      at onChange (src/settings/AccountCreatePage.tsx:149:40)
      at HTMLUnknownElement.callCallback 
(node_modules/react-dom/cjs/react-dom.development.js:4164:14)
      at HTMLUnknownElement.callTheUserObjectsOperation 
(node_modules/jsdom/lib/jsdom/living/generated/EventListener.js:26:30)
      at innerInvokeEventListeners 
(node_modules/jsdom/lib/jsdom/living/events/EventTarget-impl.js:350:25)
      at invokeEventListeners 
(node_modules/jsdom/lib/jsdom/living/events/EventTarget-impl.js:286:3)
      at HTMLUnknownElementImpl._dispatch 
(node_modules/jsdom/lib/jsdom/living/events/EventTarget-impl.js:233:9)
      at HTMLUnknownElementImpl.dispatchEvent 
(node_modules/jsdom/lib/jsdom/living/events/EventTarget-impl.js:104:17)
      at HTMLUnknownElement.dispatchEvent 
(node_modules/jsdom/lib/jsdom/living/generated/EventTarget.js:241:34)
      at Object.invokeGuardedCallbackDev 
(node_modules/react-dom/cjs/react-dom.development.js:4213:16)
      at invokeGuardedCallback 
(node_modules/react-dom/cjs/react-dom.development.js:4277:31)
      at invokeGuardedCallbackAndCatchFirstError 
(node_modules/react-dom/cjs/react-dom.development.js:4291:25)
      at executeDispatch 
(node_modules/react-dom/cjs/react-dom.development.js:9041:3)
      at processDispatchQueueItemsInOrder 
(node_modules/react-dom/cjs/react-dom.development.js:9073:7)
      at processDispatchQueue 
(node_modules/react-dom/cjs/react-dom.development.js:9086:5)
      at dispatchEventsForPlugins 
(node_modules/react-dom/cjs/react-dom.development.js:9097:3)
      at node_modules/react-dom/cjs/react-dom.development.js:9288:12
      at batchedUpdates$1 
(node_modules/react-dom/cjs/react-dom.development.js:26179:12)
      at batchedUpdates 
(node_modules/react-dom/cjs/react-dom.development.js:3991:12)
      at dispatchEventForPluginEventSystem 
(node_modules/react-dom/cjs/react-dom.development.js:9287:3)
      at dispatchEventWithEnableCapturePhaseSelectiveHydrationWithoutDiscreteEv
entReplay (node_modules/react-dom/cjs/react-dom.development.js:6465:5)
      at dispatchEvent 
(node_modules/react-dom/cjs/react-dom.development.js:6457:5)
      at dispatchDiscreteEvent 
(node_modules/react-dom/cjs/react-dom.development.js:6430:5)
      at HTMLDivElement.callTheUserObjectsOperation 
(node_modules/jsdom/lib/jsdom/living/generated/EventListener.js:26:30)
      at innerInvokeEventListeners 
(node_modules/jsdom/lib/jsdom/living/events/EventTarget-impl.js:350:25)
      at invokeEventListeners 
(node_modules/jsdom/lib/jsdom/living/events/EventTarget-impl.js:286:3)
      at HTMLInputElementImpl._dispatch 
(node_modules/jsdom/lib/jsdom/living/events/EventTarget-impl.js:233:9)
      at HTMLInputElementImpl.dispatchEvent 
(node_modules/jsdom/lib/jsdom/living/events/EventTarget-impl.js:104:17)
      at HTMLInputElement.dispatchEvent 
(node_modules/jsdom/lib/jsdom/living/generated/EventTarget.js:241:34)
      at 
node_modules/@testing-library/user-event/dist/cjs/event/dispatchEvent.js:45:43
      at Object.eventWrapper 
(node_modules/@testing-library/dom/dist/config.js:25:23)
      at Object.wrapEvent 
(node_modules/@testing-library/user-event/dist/cjs/event/wrapEvent.js:6:28)
      at Object.dispatchEvent (node_modules/@testing-library/user-event/dist/cj
s/event/dispatchEvent.js:45:22)
      at Object.dispatchUIEvent (node_modules/@testing-library/user-event/dist/
cjs/event/dispatchEvent.js:22:26)
      at commitInput 
(node_modules/@testing-library/user-event/dist/cjs/event/input.js:145:14)
      at editInputElement 
(node_modules/@testing-library/user-event/dist/cjs/event/input.js:115:9)
      at Object.input 
(node_modules/@testing-library/user-event/dist/cjs/event/input.js:37:9)
      at node_modules/@testing-library/user-event/dist/cjs/event/behavior/keypr
ess.js:31:26
      at Object.dispatchEvent (node_modules/@testing-library/user-event/dist/cj
s/event/dispatchEvent.js:41:13)
      at Object.dispatchUIEvent (node_modules/@testing-library/user-event/dist/
cjs/event/dispatchEvent.js:22:26)
      at KeyboardHost.keydown 
(node_modules/@testing-library/user-event/dist/cjs/system/keyboard.js:76:22)
      at keyboardAction 
(node_modules/@testing-library/user-event/dist/cjs/keyboard/index.js:22:35)
      at Object.keyboard 
(node_modules/@testing-library/user-event/dist/cjs/keyboard/index.js:11:15)
      at Object.type 
(node_modules/@testing-library/user-event/dist/cjs/utility/type.js:17:5)
      at Object.<anonymous> 
(src/settings/__tests__/AccountCreatePage.test.tsx:148:9)

    console.error
      Warning: An update to AccountCreatePage inside a test was not wrapped in 
act(...).
      
      When testing, code that causes React state updates should be wrapped 
into act(...):
      
      act(() => {
        /* fire events that update state */
      });
      /* assert on the output */
      
      This ensures that you're testing the behavior the user would see in the 
browser. Learn more at https://reactjs.org/link/wrap-tests-with-act
          at AccountCreatePage (C:\Users\samhe\OneDrive\Desktop\Cleaned\fronten
d\src\settings\AccountCreatePage.tsx:32:47)
          at routeContext (C:\Users\samhe\OneDrive\Desktop\Cleaned\frontend\nod
e_modules\react-router\lib\hooks.tsx:658:26)
          at children (C:\Users\samhe\OneDrive\Desktop\Cleaned\frontend\node_mo
dules\react-router\lib\components.tsx:512:3)
          at basenameProp (C:\Users\samhe\OneDrive\Desktop\Cleaned\frontend\nod
e_modules\react-router\lib\components.tsx:421:13)
          at basename (C:\Users\samhe\OneDrive\Desktop\Cleaned\frontend\node_mo
dules\react-router\lib\components.tsx:225:3)

      147 |                         type="email"
      148 |                         value={email}
    > 149 |                         onChange={e => setEmail(e.target.value)}
          |                                        ^
      150 |                         disabled={saving}
      151 |                         className="text-sm border border-gray-300 
rounded px-2 py-1.5 focus:outline-none focus:ring-1 focus:ring-blue-400 
disabled:opacity-50"
      152 |                     />

      at printWarning 
(node_modules/react-dom/cjs/react-dom.development.js:86:30)
      at error (node_modules/react-dom/cjs/react-dom.development.js:60:7)
      at warnIfUpdatesNotWrappedWithActDEV 
(node_modules/react-dom/cjs/react-dom.development.js:27628:9)
      at scheduleUpdateOnFiber 
(node_modules/react-dom/cjs/react-dom.development.js:25547:5)
      at dispatchSetState 
(node_modules/react-dom/cjs/react-dom.development.js:16708:7)
      at onChange (src/settings/AccountCreatePage.tsx:149:40)
      at HTMLUnknownElement.callCallback 
(node_modules/react-dom/cjs/react-dom.development.js:4164:14)
      at HTMLUnknownElement.callTheUserObjectsOperation 
(node_modules/jsdom/lib/jsdom/living/generated/EventListener.js:26:30)
      at innerInvokeEventListeners 
(node_modules/jsdom/lib/jsdom/living/events/EventTarget-impl.js:350:25)
      at invokeEventListeners 
(node_modules/jsdom/lib/jsdom/living/events/EventTarget-impl.js:286:3)
      at HTMLUnknownElementImpl._dispatch 
(node_modules/jsdom/lib/jsdom/living/events/EventTarget-impl.js:233:9)
      at HTMLUnknownElementImpl.dispatchEvent 
(node_modules/jsdom/lib/jsdom/living/events/EventTarget-impl.js:104:17)
      at HTMLUnknownElement.dispatchEvent 
(node_modules/jsdom/lib/jsdom/living/generated/EventTarget.js:241:34)
      at Object.invokeGuardedCallbackDev 
(node_modules/react-dom/cjs/react-dom.development.js:4213:16)
      at invokeGuardedCallback 
(node_modules/react-dom/cjs/react-dom.development.js:4277:31)
      at invokeGuardedCallbackAndCatchFirstError 
(node_modules/react-dom/cjs/react-dom.development.js:4291:25)
      at executeDispatch 
(node_modules/react-dom/cjs/react-dom.development.js:9041:3)
      at processDispatchQueueItemsInOrder 
(node_modules/react-dom/cjs/react-dom.development.js:9073:7)
      at processDispatchQueue 
(node_modules/react-dom/cjs/react-dom.development.js:9086:5)
      at dispatchEventsForPlugins 
(node_modules/react-dom/cjs/react-dom.development.js:9097:3)
      at node_modules/react-dom/cjs/react-dom.development.js:9288:12
      at batchedUpdates$1 
(node_modules/react-dom/cjs/react-dom.development.js:26179:12)
      at batchedUpdates 
(node_modules/react-dom/cjs/react-dom.development.js:3991:12)
      at dispatchEventForPluginEventSystem 
(node_modules/react-dom/cjs/react-dom.development.js:9287:3)
      at dispatchEventWithEnableCapturePhaseSelectiveHydrationWithoutDiscreteEv
entReplay (node_modules/react-dom/cjs/react-dom.development.js:6465:5)
      at dispatchEvent 
(node_modules/react-dom/cjs/react-dom.development.js:6457:5)
      at dispatchDiscreteEvent 
(node_modules/react-dom/cjs/react-dom.development.js:6430:5)
      at HTMLDivElement.callTheUserObjectsOperation 
(node_modules/jsdom/lib/jsdom/living/generated/EventListener.js:26:30)
      at innerInvokeEventListeners 
(node_modules/jsdom/lib/jsdom/living/events/EventTarget-impl.js:350:25)
      at invokeEventListeners 
(node_modules/jsdom/lib/jsdom/living/events/EventTarget-impl.js:286:3)
      at HTMLInputElementImpl._dispatch 
(node_modules/jsdom/lib/jsdom/living/events/EventTarget-impl.js:233:9)
      at HTMLInputElementImpl.dispatchEvent 
(node_modules/jsdom/lib/jsdom/living/events/EventTarget-impl.js:104:17)
      at HTMLInputElement.dispatchEvent 
(node_modules/jsdom/lib/jsdom/living/generated/EventTarget.js:241:34)
      at 
node_modules/@testing-library/user-event/dist/cjs/event/dispatchEvent.js:45:43
      at Object.eventWrapper 
(node_modules/@testing-library/dom/dist/config.js:25:23)
      at Object.wrapEvent 
(node_modules/@testing-library/user-event/dist/cjs/event/wrapEvent.js:6:28)
      at Object.dispatchEvent (node_modules/@testing-library/user-event/dist/cj
s/event/dispatchEvent.js:45:22)
      at Object.dispatchUIEvent (node_modules/@testing-library/user-event/dist/
cjs/event/dispatchEvent.js:22:26)
      at commitInput 
(node_modules/@testing-library/user-event/dist/cjs/event/input.js:145:14)
      at editInputElement 
(node_modules/@testing-library/user-event/dist/cjs/event/input.js:115:9)
      at Object.input 
(node_modules/@testing-library/user-event/dist/cjs/event/input.js:37:9)
      at node_modules/@testing-library/user-event/dist/cjs/event/behavior/keypr
ess.js:31:26
      at Object.dispatchEvent (node_modules/@testing-library/user-event/dist/cj
s/event/dispatchEvent.js:41:13)
      at Object.dispatchUIEvent (node_modules/@testing-library/user-event/dist/
cjs/event/dispatchEvent.js:22:26)
      at KeyboardHost.keydown 
(node_modules/@testing-library/user-event/dist/cjs/system/keyboard.js:76:22)
      at keyboardAction 
(node_modules/@testing-library/user-event/dist/cjs/keyboard/index.js:22:35)
      at Object.keyboard 
(node_modules/@testing-library/user-event/dist/cjs/keyboard/index.js:11:15)
      at Object.type 
(node_modules/@testing-library/user-event/dist/cjs/utility/type.js:17:5)
      at Object.<anonymous> 
(src/settings/__tests__/AccountCreatePage.test.tsx:148:9)

    console.error
      Warning: An update to AccountCreatePage inside a test was not wrapped in 
act(...).
      
      When testing, code that causes React state updates should be wrapped 
into act(...):
      
      act(() => {
        /* fire events that update state */
      });
      /* assert on the output */
      
      This ensures that you're testing the behavior the user would see in the 
browser. Learn more at https://reactjs.org/link/wrap-tests-with-act
          at AccountCreatePage (C:\Users\samhe\OneDrive\Desktop\Cleaned\fronten
d\src\settings\AccountCreatePage.tsx:32:47)
          at routeContext (C:\Users\samhe\OneDrive\Desktop\Cleaned\frontend\nod
e_modules\react-router\lib\hooks.tsx:658:26)
          at children (C:\Users\samhe\OneDrive\Desktop\Cleaned\frontend\node_mo
dules\react-router\lib\components.tsx:512:3)
          at basenameProp (C:\Users\samhe\OneDrive\Desktop\Cleaned\frontend\nod
e_modules\react-router\lib\components.tsx:421:13)
          at basename (C:\Users\samhe\OneDrive\Desktop\Cleaned\frontend\node_mo
dules\react-router\lib\components.tsx:225:3)

      161 |                         type="text"
      162 |                         value={username}
    > 163 |                         onChange={e => setUsername(e.target.value)}
          |                                        ^
      164 |                         disabled={saving}
      165 |                         className="text-sm border border-gray-300 
rounded px-2 py-1.5 focus:outline-none focus:ring-1 focus:ring-blue-400 
disabled:opacity-50"
      166 |                     />

      at printWarning 
(node_modules/react-dom/cjs/react-dom.development.js:86:30)
      at error (node_modules/react-dom/cjs/react-dom.development.js:60:7)
      at warnIfUpdatesNotWrappedWithActDEV 
(node_modules/react-dom/cjs/react-dom.development.js:27628:9)
      at scheduleUpdateOnFiber 
(node_modules/react-dom/cjs/react-dom.development.js:25547:5)
      at dispatchSetState 
(node_modules/react-dom/cjs/react-dom.development.js:16708:7)
      at onChange (src/settings/AccountCreatePage.tsx:163:40)
      at HTMLUnknownElement.callCallback 
(node_modules/react-dom/cjs/react-dom.development.js:4164:14)
      at HTMLUnknownElement.callTheUserObjectsOperation 
(node_modules/jsdom/lib/jsdom/living/generated/EventListener.js:26:30)
      at innerInvokeEventListeners 
(node_modules/jsdom/lib/jsdom/living/events/EventTarget-impl.js:350:25)
      at invokeEventListeners 
(node_modules/jsdom/lib/jsdom/living/events/EventTarget-impl.js:286:3)
      at HTMLUnknownElementImpl._dispatch 
(node_modules/jsdom/lib/jsdom/living/events/EventTarget-impl.js:233:9)
      at HTMLUnknownElementImpl.dispatchEvent 
(node_modules/jsdom/lib/jsdom/living/events/EventTarget-impl.js:104:17)
      at HTMLUnknownElement.dispatchEvent 
(node_modules/jsdom/lib/jsdom/living/generated/EventTarget.js:241:34)
      at Object.invokeGuardedCallbackDev 
(node_modules/react-dom/cjs/react-dom.development.js:4213:16)
      at invokeGuardedCallback 
(node_modules/react-dom/cjs/react-dom.development.js:4277:31)
      at invokeGuardedCallbackAndCatchFirstError 
(node_modules/react-dom/cjs/react-dom.development.js:4291:25)
      at executeDispatch 
(node_modules/react-dom/cjs/react-dom.development.js:9041:3)
      at processDispatchQueueItemsInOrder 
(node_modules/react-dom/cjs/react-dom.development.js:9073:7)
      at processDispatchQueue 
(node_modules/react-dom/cjs/react-dom.development.js:9086:5)
      at dispatchEventsForPlugins 
(node_modules/react-dom/cjs/react-dom.development.js:9097:3)
      at node_modules/react-dom/cjs/react-dom.development.js:9288:12
      at batchedUpdates$1 
(node_modules/react-dom/cjs/react-dom.development.js:26179:12)
      at batchedUpdates 
(node_modules/react-dom/cjs/react-dom.development.js:3991:12)
      at dispatchEventForPluginEventSystem 
(node_modules/react-dom/cjs/react-dom.development.js:9287:3)
      at dispatchEventWithEnableCapturePhaseSelectiveHydrationWithoutDiscreteEv
entReplay (node_modules/react-dom/cjs/react-dom.development.js:6465:5)
      at dispatchEvent 
(node_modules/react-dom/cjs/react-dom.development.js:6457:5)
      at dispatchDiscreteEvent 
(node_modules/react-dom/cjs/react-dom.development.js:6430:5)
      at HTMLDivElement.callTheUserObjectsOperation 
(node_modules/jsdom/lib/jsdom/living/generated/EventListener.js:26:30)
      at innerInvokeEventListeners 
(node_modules/jsdom/lib/jsdom/living/events/EventTarget-impl.js:350:25)
      at invokeEventListeners 
(node_modules/jsdom/lib/jsdom/living/events/EventTarget-impl.js:286:3)
      at HTMLInputElementImpl._dispatch 
(node_modules/jsdom/lib/jsdom/living/events/EventTarget-impl.js:233:9)
      at HTMLInputElementImpl.dispatchEvent 
(node_modules/jsdom/lib/jsdom/living/events/EventTarget-impl.js:104:17)
      at HTMLInputElement.dispatchEvent 
(node_modules/jsdom/lib/jsdom/living/generated/EventTarget.js:241:34)
      at 
node_modules/@testing-library/user-event/dist/cjs/event/dispatchEvent.js:45:43
      at Object.eventWrapper 
(node_modules/@testing-library/dom/dist/config.js:25:23)
      at Object.wrapEvent 
(node_modules/@testing-library/user-event/dist/cjs/event/wrapEvent.js:6:28)
      at Object.dispatchEvent (node_modules/@testing-library/user-event/dist/cj
s/event/dispatchEvent.js:45:22)
      at Object.dispatchUIEvent (node_modules/@testing-library/user-event/dist/
cjs/event/dispatchEvent.js:22:26)
      at commitInput 
(node_modules/@testing-library/user-event/dist/cjs/event/input.js:145:14)
      at editInputElement 
(node_modules/@testing-library/user-event/dist/cjs/event/input.js:115:9)
      at Object.input 
(node_modules/@testing-library/user-event/dist/cjs/event/input.js:37:9)
      at node_modules/@testing-library/user-event/dist/cjs/event/behavior/keypr
ess.js:31:26
      at Object.dispatchEvent (node_modules/@testing-library/user-event/dist/cj
s/event/dispatchEvent.js:41:13)
      at Object.dispatchUIEvent (node_modules/@testing-library/user-event/dist/
cjs/event/dispatchEvent.js:22:26)
      at KeyboardHost.keydown 
(node_modules/@testing-library/user-event/dist/cjs/system/keyboard.js:76:22)
      at keyboardAction 
(node_modules/@testing-library/user-event/dist/cjs/keyboard/index.js:22:35)
      at Object.keyboard 
(node_modules/@testing-library/user-event/dist/cjs/keyboard/index.js:11:15)
      at Object.type 
(node_modules/@testing-library/user-event/dist/cjs/utility/type.js:17:5)
      at Object.<anonymous> 
(src/settings/__tests__/AccountCreatePage.test.tsx:149:9)

    console.error
      Warning: An update to AccountCreatePage inside a test was not wrapped in 
act(...).
      
      When testing, code that causes React state updates should be wrapped 
into act(...):
      
      act(() => {
        /* fire events that update state */
      });
      /* assert on the output */
      
      This ensures that you're testing the behavior the user would see in the 
browser. Learn more at https://reactjs.org/link/wrap-tests-with-act
          at AccountCreatePage (C:\Users\samhe\OneDrive\Desktop\Cleaned\fronten
d\src\settings\AccountCreatePage.tsx:32:47)
          at routeContext (C:\Users\samhe\OneDrive\Desktop\Cleaned\frontend\nod
e_modules\react-router\lib\hooks.tsx:658:26)
          at children (C:\Users\samhe\OneDrive\Desktop\Cleaned\frontend\node_mo
dules\react-router\lib\components.tsx:512:3)
          at basenameProp (C:\Users\samhe\OneDrive\Desktop\Cleaned\frontend\nod
e_modules\react-router\lib\components.tsx:421:13)
          at basename (C:\Users\samhe\OneDrive\Desktop\Cleaned\frontend\node_mo
dules\react-router\lib\components.tsx:225:3)

      161 |                         type="text"
      162 |                         value={username}
    > 163 |                         onChange={e => setUsername(e.target.value)}
          |                                        ^
      164 |                         disabled={saving}
      165 |                         className="text-sm border border-gray-300 
rounded px-2 py-1.5 focus:outline-none focus:ring-1 focus:ring-blue-400 
disabled:opacity-50"
      166 |                     />

      at printWarning 
(node_modules/react-dom/cjs/react-dom.development.js:86:30)
      at error (node_modules/react-dom/cjs/react-dom.development.js:60:7)
      at warnIfUpdatesNotWrappedWithActDEV 
(node_modules/react-dom/cjs/react-dom.development.js:27628:9)
      at scheduleUpdateOnFiber 
(node_modules/react-dom/cjs/react-dom.development.js:25547:5)
      at dispatchSetState 
(node_modules/react-dom/cjs/react-dom.development.js:16708:7)
      at onChange (src/settings/AccountCreatePage.tsx:163:40)
      at HTMLUnknownElement.callCallback 
(node_modules/react-dom/cjs/react-dom.development.js:4164:14)
      at HTMLUnknownElement.callTheUserObjectsOperation 
(node_modules/jsdom/lib/jsdom/living/generated/EventListener.js:26:30)
      at innerInvokeEventListeners 
(node_modules/jsdom/lib/jsdom/living/events/EventTarget-impl.js:350:25)
      at invokeEventListeners 
(node_modules/jsdom/lib/jsdom/living/events/EventTarget-impl.js:286:3)
      at HTMLUnknownElementImpl._dispatch 
(node_modules/jsdom/lib/jsdom/living/events/EventTarget-impl.js:233:9)
      at HTMLUnknownElementImpl.dispatchEvent 
(node_modules/jsdom/lib/jsdom/living/events/EventTarget-impl.js:104:17)
      at HTMLUnknownElement.dispatchEvent 
(node_modules/jsdom/lib/jsdom/living/generated/EventTarget.js:241:34)
      at Object.invokeGuardedCallbackDev 
(node_modules/react-dom/cjs/react-dom.development.js:4213:16)
      at invokeGuardedCallback 
(node_modules/react-dom/cjs/react-dom.development.js:4277:31)
      at invokeGuardedCallbackAndCatchFirstError 
(node_modules/react-dom/cjs/react-dom.development.js:4291:25)
      at executeDispatch 
(node_modules/react-dom/cjs/react-dom.development.js:9041:3)
      at processDispatchQueueItemsInOrder 
(node_modules/react-dom/cjs/react-dom.development.js:9073:7)
      at processDispatchQueue 
(node_modules/react-dom/cjs/react-dom.development.js:9086:5)
      at dispatchEventsForPlugins 
(node_modules/react-dom/cjs/react-dom.development.js:9097:3)
      at node_modules/react-dom/cjs/react-dom.development.js:9288:12
      at batchedUpdates$1 
(node_modules/react-dom/cjs/react-dom.development.js:26179:12)
      at batchedUpdates 
(node_modules/react-dom/cjs/react-dom.development.js:3991:12)
      at dispatchEventForPluginEventSystem 
(node_modules/react-dom/cjs/react-dom.development.js:9287:3)
      at dispatchEventWithEnableCapturePhaseSelectiveHydrationWithoutDiscreteEv
entReplay (node_modules/react-dom/cjs/react-dom.development.js:6465:5)
      at dispatchEvent 
(node_modules/react-dom/cjs/react-dom.development.js:6457:5)
      at dispatchDiscreteEvent 
(node_modules/react-dom/cjs/react-dom.development.js:6430:5)
      at HTMLDivElement.callTheUserObjectsOperation 
(node_modules/jsdom/lib/jsdom/living/generated/EventListener.js:26:30)
      at innerInvokeEventListeners 
(node_modules/jsdom/lib/jsdom/living/events/EventTarget-impl.js:350:25)
      at invokeEventListeners 
(node_modules/jsdom/lib/jsdom/living/events/EventTarget-impl.js:286:3)
      at HTMLInputElementImpl._dispatch 
(node_modules/jsdom/lib/jsdom/living/events/EventTarget-impl.js:233:9)
      at HTMLInputElementImpl.dispatchEvent 
(node_modules/jsdom/lib/jsdom/living/events/EventTarget-impl.js:104:17)
      at HTMLInputElement.dispatchEvent 
(node_modules/jsdom/lib/jsdom/living/generated/EventTarget.js:241:34)
      at 
node_modules/@testing-library/user-event/dist/cjs/event/dispatchEvent.js:45:43
      at Object.eventWrapper 
(node_modules/@testing-library/dom/dist/config.js:25:23)
      at Object.wrapEvent 
(node_modules/@testing-library/user-event/dist/cjs/event/wrapEvent.js:6:28)
      at Object.dispatchEvent (node_modules/@testing-library/user-event/dist/cj
s/event/dispatchEvent.js:45:22)
      at Object.dispatchUIEvent (node_modules/@testing-library/user-event/dist/
cjs/event/dispatchEvent.js:22:26)
      at commitInput 
(node_modules/@testing-library/user-event/dist/cjs/event/input.js:145:14)
      at editInputElement 
(node_modules/@testing-library/user-event/dist/cjs/event/input.js:115:9)
      at Object.input 
(node_modules/@testing-library/user-event/dist/cjs/event/input.js:37:9)
      at node_modules/@testing-library/user-event/dist/cjs/event/behavior/keypr
ess.js:31:26
      at Object.dispatchEvent (node_modules/@testing-library/user-event/dist/cj
s/event/dispatchEvent.js:41:13)
      at Object.dispatchUIEvent (node_modules/@testing-library/user-event/dist/
cjs/event/dispatchEvent.js:22:26)
      at KeyboardHost.keydown 
(node_modules/@testing-library/user-event/dist/cjs/system/keyboard.js:76:22)
      at keyboardAction 
(node_modules/@testing-library/user-event/dist/cjs/keyboard/index.js:22:35)
      at Object.keyboard 
(node_modules/@testing-library/user-event/dist/cjs/keyboard/index.js:11:15)
      at Object.type 
(node_modules/@testing-library/user-event/dist/cjs/utility/type.js:17:5)
      at Object.<anonymous> 
(src/settings/__tests__/AccountCreatePage.test.tsx:149:9)

    console.error
      Warning: An update to AccountCreatePage inside a test was not wrapped in 
act(...).
      
      When testing, code that causes React state updates should be wrapped 
into act(...):
      
      act(() => {
        /* fire events that update state */
      });
      /* assert on the output */
      
      This ensures that you're testing the behavior the user would see in the 
browser. Learn more at https://reactjs.org/link/wrap-tests-with-act
          at AccountCreatePage (C:\Users\samhe\OneDrive\Desktop\Cleaned\fronten
d\src\settings\AccountCreatePage.tsx:32:47)
          at routeContext (C:\Users\samhe\OneDrive\Desktop\Cleaned\frontend\nod
e_modules\react-router\lib\hooks.tsx:658:26)
          at children (C:\Users\samhe\OneDrive\Desktop\Cleaned\frontend\node_mo
dules\react-router\lib\components.tsx:512:3)
          at basenameProp (C:\Users\samhe\OneDrive\Desktop\Cleaned\frontend\nod
e_modules\react-router\lib\components.tsx:421:13)
          at basename (C:\Users\samhe\OneDrive\Desktop\Cleaned\frontend\node_mo
dules\react-router\lib\components.tsx:225:3)

      161 |                         type="text"
      162 |                         value={username}
    > 163 |                         onChange={e => setUsername(e.target.value)}
          |                                        ^
      164 |                         disabled={saving}
      165 |                         className="text-sm border border-gray-300 
rounded px-2 py-1.5 focus:outline-none focus:ring-1 focus:ring-blue-400 
disabled:opacity-50"
      166 |                     />

      at printWarning 
(node_modules/react-dom/cjs/react-dom.development.js:86:30)
      at error (node_modules/react-dom/cjs/react-dom.development.js:60:7)
      at warnIfUpdatesNotWrappedWithActDEV 
(node_modules/react-dom/cjs/react-dom.development.js:27628:9)
      at scheduleUpdateOnFiber 
(node_modules/react-dom/cjs/react-dom.development.js:25547:5)
      at dispatchSetState 
(node_modules/react-dom/cjs/react-dom.development.js:16708:7)
      at onChange (src/settings/AccountCreatePage.tsx:163:40)
      at HTMLUnknownElement.callCallback 
(node_modules/react-dom/cjs/react-dom.development.js:4164:14)
      at HTMLUnknownElement.callTheUserObjectsOperation 
(node_modules/jsdom/lib/jsdom/living/generated/EventListener.js:26:30)
      at innerInvokeEventListeners 
(node_modules/jsdom/lib/jsdom/living/events/EventTarget-impl.js:350:25)
      at invokeEventListeners 
(node_modules/jsdom/lib/jsdom/living/events/EventTarget-impl.js:286:3)
      at HTMLUnknownElementImpl._dispatch 
(node_modules/jsdom/lib/jsdom/living/events/EventTarget-impl.js:233:9)
      at HTMLUnknownElementImpl.dispatchEvent 
(node_modules/jsdom/lib/jsdom/living/events/EventTarget-impl.js:104:17)
      at HTMLUnknownElement.dispatchEvent 
(node_modules/jsdom/lib/jsdom/living/generated/EventTarget.js:241:34)
      at Object.invokeGuardedCallbackDev 
(node_modules/react-dom/cjs/react-dom.development.js:4213:16)
      at invokeGuardedCallback 
(node_modules/react-dom/cjs/react-dom.development.js:4277:31)
      at invokeGuardedCallbackAndCatchFirstError 
(node_modules/react-dom/cjs/react-dom.development.js:4291:25)
      at executeDispatch 
(node_modules/react-dom/cjs/react-dom.development.js:9041:3)
      at processDispatchQueueItemsInOrder 
(node_modules/react-dom/cjs/react-dom.development.js:9073:7)
      at processDispatchQueue 
(node_modules/react-dom/cjs/react-dom.development.js:9086:5)
      at dispatchEventsForPlugins 
(node_modules/react-dom/cjs/react-dom.development.js:9097:3)
      at node_modules/react-dom/cjs/react-dom.development.js:9288:12
      at batchedUpdates$1 
(node_modules/react-dom/cjs/react-dom.development.js:26179:12)
      at batchedUpdates 
(node_modules/react-dom/cjs/react-dom.development.js:3991:12)
      at dispatchEventForPluginEventSystem 
(node_modules/react-dom/cjs/react-dom.development.js:9287:3)
      at dispatchEventWithEnableCapturePhaseSelectiveHydrationWithoutDiscreteEv
entReplay (node_modules/react-dom/cjs/react-dom.development.js:6465:5)
      at dispatchEvent 
(node_modules/react-dom/cjs/react-dom.development.js:6457:5)
      at dispatchDiscreteEvent 
(node_modules/react-dom/cjs/react-dom.development.js:6430:5)
      at HTMLDivElement.callTheUserObjectsOperation 
(node_modules/jsdom/lib/jsdom/living/generated/EventListener.js:26:30)
      at innerInvokeEventListeners 
(node_modules/jsdom/lib/jsdom/living/events/EventTarget-impl.js:350:25)
      at invokeEventListeners 
(node_modules/jsdom/lib/jsdom/living/events/EventTarget-impl.js:286:3)
      at HTMLInputElementImpl._dispatch 
(node_modules/jsdom/lib/jsdom/living/events/EventTarget-impl.js:233:9)
      at HTMLInputElementImpl.dispatchEvent 
(node_modules/jsdom/lib/jsdom/living/events/EventTarget-impl.js:104:17)
      at HTMLInputElement.dispatchEvent 
(node_modules/jsdom/lib/jsdom/living/generated/EventTarget.js:241:34)
      at 
node_modules/@testing-library/user-event/dist/cjs/event/dispatchEvent.js:45:43
      at Object.eventWrapper 
(node_modules/@testing-library/dom/dist/config.js:25:23)
      at Object.wrapEvent 
(node_modules/@testing-library/user-event/dist/cjs/event/wrapEvent.js:6:28)
      at Object.dispatchEvent (node_modules/@testing-library/user-event/dist/cj
s/event/dispatchEvent.js:45:22)
      at Object.dispatchUIEvent (node_modules/@testing-library/user-event/dist/
cjs/event/dispatchEvent.js:22:26)
      at commitInput 
(node_modules/@testing-library/user-event/dist/cjs/event/input.js:145:14)
      at editInputElement 
(node_modules/@testing-library/user-event/dist/cjs/event/input.js:115:9)
      at Object.input 
(node_modules/@testing-library/user-event/dist/cjs/event/input.js:37:9)
      at node_modules/@testing-library/user-event/dist/cjs/event/behavior/keypr
ess.js:31:26
      at Object.dispatchEvent (node_modules/@testing-library/user-event/dist/cj
s/event/dispatchEvent.js:41:13)
      at Object.dispatchUIEvent (node_modules/@testing-library/user-event/dist/
cjs/event/dispatchEvent.js:22:26)
      at KeyboardHost.keydown 
(node_modules/@testing-library/user-event/dist/cjs/system/keyboard.js:76:22)
      at keyboardAction 
(node_modules/@testing-library/user-event/dist/cjs/keyboard/index.js:22:35)
      at Object.keyboard 
(node_modules/@testing-library/user-event/dist/cjs/keyboard/index.js:11:15)
      at Object.type 
(node_modules/@testing-library/user-event/dist/cjs/utility/type.js:17:5)
      at Object.<anonymous> 
(src/settings/__tests__/AccountCreatePage.test.tsx:149:9)

    console.error
      Warning: An update to AccountCreatePage inside a test was not wrapped in 
act(...).
      
      When testing, code that causes React state updates should be wrapped 
into act(...):
      
      act(() => {
        /* fire events that update state */
      });
      /* assert on the output */
      
      This ensures that you're testing the behavior the user would see in the 
browser. Learn more at https://reactjs.org/link/wrap-tests-with-act
          at AccountCreatePage (C:\Users\samhe\OneDrive\Desktop\Cleaned\fronten
d\src\settings\AccountCreatePage.tsx:32:47)
          at routeContext (C:\Users\samhe\OneDrive\Desktop\Cleaned\frontend\nod
e_modules\react-router\lib\hooks.tsx:658:26)
          at children (C:\Users\samhe\OneDrive\Desktop\Cleaned\frontend\node_mo
dules\react-router\lib\components.tsx:512:3)
          at basenameProp (C:\Users\samhe\OneDrive\Desktop\Cleaned\frontend\nod
e_modules\react-router\lib\components.tsx:421:13)
          at basename (C:\Users\samhe\OneDrive\Desktop\Cleaned\frontend\node_mo
dules\react-router\lib\components.tsx:225:3)

      161 |                         type="text"
      162 |                         value={username}
    > 163 |                         onChange={e => setUsername(e.target.value)}
          |                                        ^
      164 |                         disabled={saving}
      165 |                         className="text-sm border border-gray-300 
rounded px-2 py-1.5 focus:outline-none focus:ring-1 focus:ring-blue-400 
disabled:opacity-50"
      166 |                     />

      at printWarning 
(node_modules/react-dom/cjs/react-dom.development.js:86:30)
      at error (node_modules/react-dom/cjs/react-dom.development.js:60:7)
      at warnIfUpdatesNotWrappedWithActDEV 
(node_modules/react-dom/cjs/react-dom.development.js:27628:9)
      at scheduleUpdateOnFiber 
(node_modules/react-dom/cjs/react-dom.development.js:25547:5)
      at dispatchSetState 
(node_modules/react-dom/cjs/react-dom.development.js:16708:7)
      at onChange (src/settings/AccountCreatePage.tsx:163:40)
      at HTMLUnknownElement.callCallback 
(node_modules/react-dom/cjs/react-dom.development.js:4164:14)
      at HTMLUnknownElement.callTheUserObjectsOperation 
(node_modules/jsdom/lib/jsdom/living/generated/EventListener.js:26:30)
      at innerInvokeEventListeners 
(node_modules/jsdom/lib/jsdom/living/events/EventTarget-impl.js:350:25)
      at invokeEventListeners 
(node_modules/jsdom/lib/jsdom/living/events/EventTarget-impl.js:286:3)
      at HTMLUnknownElementImpl._dispatch 
(node_modules/jsdom/lib/jsdom/living/events/EventTarget-impl.js:233:9)
      at HTMLUnknownElementImpl.dispatchEvent 
(node_modules/jsdom/lib/jsdom/living/events/EventTarget-impl.js:104:17)
      at HTMLUnknownElement.dispatchEvent 
(node_modules/jsdom/lib/jsdom/living/generated/EventTarget.js:241:34)
      at Object.invokeGuardedCallbackDev 
(node_modules/react-dom/cjs/react-dom.development.js:4213:16)
      at invokeGuardedCallback 
(node_modules/react-dom/cjs/react-dom.development.js:4277:31)
      at invokeGuardedCallbackAndCatchFirstError 
(node_modules/react-dom/cjs/react-dom.development.js:4291:25)
      at executeDispatch 
(node_modules/react-dom/cjs/react-dom.development.js:9041:3)
      at processDispatchQueueItemsInOrder 
(node_modules/react-dom/cjs/react-dom.development.js:9073:7)
      at processDispatchQueue 
(node_modules/react-dom/cjs/react-dom.development.js:9086:5)
      at dispatchEventsForPlugins 
(node_modules/react-dom/cjs/react-dom.development.js:9097:3)
      at node_modules/react-dom/cjs/react-dom.development.js:9288:12
      at batchedUpdates$1 
(node_modules/react-dom/cjs/react-dom.development.js:26179:12)
      at batchedUpdates 
(node_modules/react-dom/cjs/react-dom.development.js:3991:12)
      at dispatchEventForPluginEventSystem 
(node_modules/react-dom/cjs/react-dom.development.js:9287:3)
      at dispatchEventWithEnableCapturePhaseSelectiveHydrationWithoutDiscreteEv
entReplay (node_modules/react-dom/cjs/react-dom.development.js:6465:5)
      at dispatchEvent 
(node_modules/react-dom/cjs/react-dom.development.js:6457:5)
      at dispatchDiscreteEvent 
(node_modules/react-dom/cjs/react-dom.development.js:6430:5)
      at HTMLDivElement.callTheUserObjectsOperation 
(node_modules/jsdom/lib/jsdom/living/generated/EventListener.js:26:30)
      at innerInvokeEventListeners 
(node_modules/jsdom/lib/jsdom/living/events/EventTarget-impl.js:350:25)
      at invokeEventListeners 
(node_modules/jsdom/lib/jsdom/living/events/EventTarget-impl.js:286:3)
      at HTMLInputElementImpl._dispatch 
(node_modules/jsdom/lib/jsdom/living/events/EventTarget-impl.js:233:9)
      at HTMLInputElementImpl.dispatchEvent 
(node_modules/jsdom/lib/jsdom/living/events/EventTarget-impl.js:104:17)
      at HTMLInputElement.dispatchEvent 
(node_modules/jsdom/lib/jsdom/living/generated/EventTarget.js:241:34)
      at 
node_modules/@testing-library/user-event/dist/cjs/event/dispatchEvent.js:45:43
      at Object.eventWrapper 
(node_modules/@testing-library/dom/dist/config.js:25:23)
      at Object.wrapEvent 
(node_modules/@testing-library/user-event/dist/cjs/event/wrapEvent.js:6:28)
      at Object.dispatchEvent (node_modules/@testing-library/user-event/dist/cj
s/event/dispatchEvent.js:45:22)
      at Object.dispatchUIEvent (node_modules/@testing-library/user-event/dist/
cjs/event/dispatchEvent.js:22:26)
      at commitInput 
(node_modules/@testing-library/user-event/dist/cjs/event/input.js:145:14)
      at editInputElement 
(node_modules/@testing-library/user-event/dist/cjs/event/input.js:115:9)
      at Object.input 
(node_modules/@testing-library/user-event/dist/cjs/event/input.js:37:9)
      at node_modules/@testing-library/user-event/dist/cjs/event/behavior/keypr
ess.js:31:26
      at Object.dispatchEvent (node_modules/@testing-library/user-event/dist/cj
s/event/dispatchEvent.js:41:13)
      at Object.dispatchUIEvent (node_modules/@testing-library/user-event/dist/
cjs/event/dispatchEvent.js:22:26)
      at KeyboardHost.keydown 
(node_modules/@testing-library/user-event/dist/cjs/system/keyboard.js:76:22)
      at keyboardAction 
(node_modules/@testing-library/user-event/dist/cjs/keyboard/index.js:22:35)
      at Object.keyboard 
(node_modules/@testing-library/user-event/dist/cjs/keyboard/index.js:11:15)
      at Object.type 
(node_modules/@testing-library/user-event/dist/cjs/utility/type.js:17:5)
      at Object.<anonymous> 
(src/settings/__tests__/AccountCreatePage.test.tsx:149:9)

    console.error
      Warning: An update to AccountCreatePage inside a test was not wrapped in 
act(...).
      
      When testing, code that causes React state updates should be wrapped 
into act(...):
      
      act(() => {
        /* fire events that update state */
      });
      /* assert on the output */
      
      This ensures that you're testing the behavior the user would see in the 
browser. Learn more at https://reactjs.org/link/wrap-tests-with-act
          at AccountCreatePage (C:\Users\samhe\OneDrive\Desktop\Cleaned\fronten
d\src\settings\AccountCreatePage.tsx:32:47)
          at routeContext (C:\Users\samhe\OneDrive\Desktop\Cleaned\frontend\nod
e_modules\react-router\lib\hooks.tsx:658:26)
          at children (C:\Users\samhe\OneDrive\Desktop\Cleaned\frontend\node_mo
dules\react-router\lib\components.tsx:512:3)
          at basenameProp (C:\Users\samhe\OneDrive\Desktop\Cleaned\frontend\nod
e_modules\react-router\lib\components.tsx:421:13)
          at basename (C:\Users\samhe\OneDrive\Desktop\Cleaned\frontend\node_mo
dules\react-router\lib\components.tsx:225:3)

      161 |                         type="text"
      162 |                         value={username}
    > 163 |                         onChange={e => setUsername(e.target.value)}
          |                                        ^
      164 |                         disabled={saving}
      165 |                         className="text-sm border border-gray-300 
rounded px-2 py-1.5 focus:outline-none focus:ring-1 focus:ring-blue-400 
disabled:opacity-50"
      166 |                     />

      at printWarning 
(node_modules/react-dom/cjs/react-dom.development.js:86:30)
      at error (node_modules/react-dom/cjs/react-dom.development.js:60:7)
      at warnIfUpdatesNotWrappedWithActDEV 
(node_modules/react-dom/cjs/react-dom.development.js:27628:9)
      at scheduleUpdateOnFiber 
(node_modules/react-dom/cjs/react-dom.development.js:25547:5)
      at dispatchSetState 
(node_modules/react-dom/cjs/react-dom.development.js:16708:7)
      at onChange (src/settings/AccountCreatePage.tsx:163:40)
      at HTMLUnknownElement.callCallback 
(node_modules/react-dom/cjs/react-dom.development.js:4164:14)
      at HTMLUnknownElement.callTheUserObjectsOperation 
(node_modules/jsdom/lib/jsdom/living/generated/EventListener.js:26:30)
      at innerInvokeEventListeners 
(node_modules/jsdom/lib/jsdom/living/events/EventTarget-impl.js:350:25)
      at invokeEventListeners 
(node_modules/jsdom/lib/jsdom/living/events/EventTarget-impl.js:286:3)
      at HTMLUnknownElementImpl._dispatch 
(node_modules/jsdom/lib/jsdom/living/events/EventTarget-impl.js:233:9)
      at HTMLUnknownElementImpl.dispatchEvent 
(node_modules/jsdom/lib/jsdom/living/events/EventTarget-impl.js:104:17)
      at HTMLUnknownElement.dispatchEvent 
(node_modules/jsdom/lib/jsdom/living/generated/EventTarget.js:241:34)
      at Object.invokeGuardedCallbackDev 
(node_modules/react-dom/cjs/react-dom.development.js:4213:16)
      at invokeGuardedCallback 
(node_modules/react-dom/cjs/react-dom.development.js:4277:31)
      at invokeGuardedCallbackAndCatchFirstError 
(node_modules/react-dom/cjs/react-dom.development.js:4291:25)
      at executeDispatch 
(node_modules/react-dom/cjs/react-dom.development.js:9041:3)
      at processDispatchQueueItemsInOrder 
(node_modules/react-dom/cjs/react-dom.development.js:9073:7)
      at processDispatchQueue 
(node_modules/react-dom/cjs/react-dom.development.js:9086:5)
      at dispatchEventsForPlugins 
(node_modules/react-dom/cjs/react-dom.development.js:9097:3)
      at node_modules/react-dom/cjs/react-dom.development.js:9288:12
      at batchedUpdates$1 
(node_modules/react-dom/cjs/react-dom.development.js:26179:12)
      at batchedUpdates 
(node_modules/react-dom/cjs/react-dom.development.js:3991:12)
      at dispatchEventForPluginEventSystem 
(node_modules/react-dom/cjs/react-dom.development.js:9287:3)
      at dispatchEventWithEnableCapturePhaseSelectiveHydrationWithoutDiscreteEv
entReplay (node_modules/react-dom/cjs/react-dom.development.js:6465:5)
      at dispatchEvent 
(node_modules/react-dom/cjs/react-dom.development.js:6457:5)
      at dispatchDiscreteEvent 
(node_modules/react-dom/cjs/react-dom.development.js:6430:5)
      at HTMLDivElement.callTheUserObjectsOperation 
(node_modules/jsdom/lib/jsdom/living/generated/EventListener.js:26:30)
      at innerInvokeEventListeners 
(node_modules/jsdom/lib/jsdom/living/events/EventTarget-impl.js:350:25)
      at invokeEventListeners 
(node_modules/jsdom/lib/jsdom/living/events/EventTarget-impl.js:286:3)
      at HTMLInputElementImpl._dispatch 
(node_modules/jsdom/lib/jsdom/living/events/EventTarget-impl.js:233:9)
      at HTMLInputElementImpl.dispatchEvent 
(node_modules/jsdom/lib/jsdom/living/events/EventTarget-impl.js:104:17)
      at HTMLInputElement.dispatchEvent 
(node_modules/jsdom/lib/jsdom/living/generated/EventTarget.js:241:34)
      at 
node_modules/@testing-library/user-event/dist/cjs/event/dispatchEvent.js:45:43
      at Object.eventWrapper 
(node_modules/@testing-library/dom/dist/config.js:25:23)
      at Object.wrapEvent 
(node_modules/@testing-library/user-event/dist/cjs/event/wrapEvent.js:6:28)
      at Object.dispatchEvent (node_modules/@testing-library/user-event/dist/cj
s/event/dispatchEvent.js:45:22)
      at Object.dispatchUIEvent (node_modules/@testing-library/user-event/dist/
cjs/event/dispatchEvent.js:22:26)
      at commitInput 
(node_modules/@testing-library/user-event/dist/cjs/event/input.js:145:14)
      at editInputElement 
(node_modules/@testing-library/user-event/dist/cjs/event/input.js:115:9)
      at Object.input 
(node_modules/@testing-library/user-event/dist/cjs/event/input.js:37:9)
      at node_modules/@testing-library/user-event/dist/cjs/event/behavior/keypr
ess.js:31:26
      at Object.dispatchEvent (node_modules/@testing-library/user-event/dist/cj
s/event/dispatchEvent.js:41:13)
      at Object.dispatchUIEvent (node_modules/@testing-library/user-event/dist/
cjs/event/dispatchEvent.js:22:26)
      at KeyboardHost.keydown 
(node_modules/@testing-library/user-event/dist/cjs/system/keyboard.js:76:22)
      at keyboardAction 
(node_modules/@testing-library/user-event/dist/cjs/keyboard/index.js:22:35)
      at Object.keyboard 
(node_modules/@testing-library/user-event/dist/cjs/keyboard/index.js:11:15)
      at Object.type 
(node_modules/@testing-library/user-event/dist/cjs/utility/type.js:17:5)
      at Object.<anonymous> 
(src/settings/__tests__/AccountCreatePage.test.tsx:149:9)

    console.error
      Warning: An update to AccountCreatePage inside a test was not wrapped in 
act(...).
      
      When testing, code that causes React state updates should be wrapped 
into act(...):
      
      act(() => {
        /* fire events that update state */
      });
      /* assert on the output */
      
      This ensures that you're testing the behavior the user would see in the 
browser. Learn more at https://reactjs.org/link/wrap-tests-with-act
          at AccountCreatePage (C:\Users\samhe\OneDrive\Desktop\Cleaned\fronten
d\src\settings\AccountCreatePage.tsx:32:47)
          at routeContext (C:\Users\samhe\OneDrive\Desktop\Cleaned\frontend\nod
e_modules\react-router\lib\hooks.tsx:658:26)
          at children (C:\Users\samhe\OneDrive\Desktop\Cleaned\frontend\node_mo
dules\react-router\lib\components.tsx:512:3)
          at basenameProp (C:\Users\samhe\OneDrive\Desktop\Cleaned\frontend\nod
e_modules\react-router\lib\components.tsx:421:13)
          at basename (C:\Users\samhe\OneDrive\Desktop\Cleaned\frontend\node_mo
dules\react-router\lib\components.tsx:225:3)

      161 |                         type="text"
      162 |                         value={username}
    > 163 |                         onChange={e => setUsername(e.target.value)}
          |                                        ^
      164 |                         disabled={saving}
      165 |                         className="text-sm border border-gray-300 
rounded px-2 py-1.5 focus:outline-none focus:ring-1 focus:ring-blue-400 
disabled:opacity-50"
      166 |                     />

      at printWarning 
(node_modules/react-dom/cjs/react-dom.development.js:86:30)
      at error (node_modules/react-dom/cjs/react-dom.development.js:60:7)
      at warnIfUpdatesNotWrappedWithActDEV 
(node_modules/react-dom/cjs/react-dom.development.js:27628:9)
      at scheduleUpdateOnFiber 
(node_modules/react-dom/cjs/react-dom.development.js:25547:5)
      at dispatchSetState 
(node_modules/react-dom/cjs/react-dom.development.js:16708:7)
      at onChange (src/settings/AccountCreatePage.tsx:163:40)
      at HTMLUnknownElement.callCallback 
(node_modules/react-dom/cjs/react-dom.development.js:4164:14)
      at HTMLUnknownElement.callTheUserObjectsOperation 
(node_modules/jsdom/lib/jsdom/living/generated/EventListener.js:26:30)
      at innerInvokeEventListeners 
(node_modules/jsdom/lib/jsdom/living/events/EventTarget-impl.js:350:25)
      at invokeEventListeners 
(node_modules/jsdom/lib/jsdom/living/events/EventTarget-impl.js:286:3)
      at HTMLUnknownElementImpl._dispatch 
(node_modules/jsdom/lib/jsdom/living/events/EventTarget-impl.js:233:9)
      at HTMLUnknownElementImpl.dispatchEvent 
(node_modules/jsdom/lib/jsdom/living/events/EventTarget-impl.js:104:17)
      at HTMLUnknownElement.dispatchEvent 
(node_modules/jsdom/lib/jsdom/living/generated/EventTarget.js:241:34)
      at Object.invokeGuardedCallbackDev 
(node_modules/react-dom/cjs/react-dom.development.js:4213:16)
      at invokeGuardedCallback 
(node_modules/react-dom/cjs/react-dom.development.js:4277:31)
      at invokeGuardedCallbackAndCatchFirstError 
(node_modules/react-dom/cjs/react-dom.development.js:4291:25)
      at executeDispatch 
(node_modules/react-dom/cjs/react-dom.development.js:9041:3)
      at processDispatchQueueItemsInOrder 
(node_modules/react-dom/cjs/react-dom.development.js:9073:7)
      at processDispatchQueue 
(node_modules/react-dom/cjs/react-dom.development.js:9086:5)
      at dispatchEventsForPlugins 
(node_modules/react-dom/cjs/react-dom.development.js:9097:3)
      at node_modules/react-dom/cjs/react-dom.development.js:9288:12
      at batchedUpdates$1 
(node_modules/react-dom/cjs/react-dom.development.js:26179:12)
      at batchedUpdates 
(node_modules/react-dom/cjs/react-dom.development.js:3991:12)
      at dispatchEventForPluginEventSystem 
(node_modules/react-dom/cjs/react-dom.development.js:9287:3)
      at dispatchEventWithEnableCapturePhaseSelectiveHydrationWithoutDiscreteEv
entReplay (node_modules/react-dom/cjs/react-dom.development.js:6465:5)
      at dispatchEvent 
(node_modules/react-dom/cjs/react-dom.development.js:6457:5)
      at dispatchDiscreteEvent 
(node_modules/react-dom/cjs/react-dom.development.js:6430:5)
      at HTMLDivElement.callTheUserObjectsOperation 
(node_modules/jsdom/lib/jsdom/living/generated/EventListener.js:26:30)
      at innerInvokeEventListeners 
(node_modules/jsdom/lib/jsdom/living/events/EventTarget-impl.js:350:25)
      at invokeEventListeners 
(node_modules/jsdom/lib/jsdom/living/events/EventTarget-impl.js:286:3)
      at HTMLInputElementImpl._dispatch 
(node_modules/jsdom/lib/jsdom/living/events/EventTarget-impl.js:233:9)
      at HTMLInputElementImpl.dispatchEvent 
(node_modules/jsdom/lib/jsdom/living/events/EventTarget-impl.js:104:17)
      at HTMLInputElement.dispatchEvent 
(node_modules/jsdom/lib/jsdom/living/generated/EventTarget.js:241:34)
      at 
node_modules/@testing-library/user-event/dist/cjs/event/dispatchEvent.js:45:43
      at Object.eventWrapper 
(node_modules/@testing-library/dom/dist/config.js:25:23)
      at Object.wrapEvent 
(node_modules/@testing-library/user-event/dist/cjs/event/wrapEvent.js:6:28)
      at Object.dispatchEvent (node_modules/@testing-library/user-event/dist/cj
s/event/dispatchEvent.js:45:22)
      at Object.dispatchUIEvent (node_modules/@testing-library/user-event/dist/
cjs/event/dispatchEvent.js:22:26)
      at commitInput 
(node_modules/@testing-library/user-event/dist/cjs/event/input.js:145:14)
      at editInputElement 
(node_modules/@testing-library/user-event/dist/cjs/event/input.js:115:9)
      at Object.input 
(node_modules/@testing-library/user-event/dist/cjs/event/input.js:37:9)
      at node_modules/@testing-library/user-event/dist/cjs/event/behavior/keypr
ess.js:31:26
      at Object.dispatchEvent (node_modules/@testing-library/user-event/dist/cj
s/event/dispatchEvent.js:41:13)
      at Object.dispatchUIEvent (node_modules/@testing-library/user-event/dist/
cjs/event/dispatchEvent.js:22:26)
      at KeyboardHost.keydown 
(node_modules/@testing-library/user-event/dist/cjs/system/keyboard.js:76:22)
      at keyboardAction 
(node_modules/@testing-library/user-event/dist/cjs/keyboard/index.js:22:35)
      at Object.keyboard 
(node_modules/@testing-library/user-event/dist/cjs/keyboard/index.js:11:15)
      at Object.type 
(node_modules/@testing-library/user-event/dist/cjs/utility/type.js:17:5)
      at Object.<anonymous> 
(src/settings/__tests__/AccountCreatePage.test.tsx:149:9)

    console.error
      Warning: An update to AccountCreatePage inside a test was not wrapped in 
act(...).
      
      When testing, code that causes React state updates should be wrapped 
into act(...):
      
      act(() => {
        /* fire events that update state */
      });
      /* assert on the output */
      
      This ensures that you're testing the behavior the user would see in the 
browser. Learn more at https://reactjs.org/link/wrap-tests-with-act
          at AccountCreatePage (C:\Users\samhe\OneDrive\Desktop\Cleaned\fronten
d\src\settings\AccountCreatePage.tsx:32:47)
          at routeContext (C:\Users\samhe\OneDrive\Desktop\Cleaned\frontend\nod
e_modules\react-router\lib\hooks.tsx:658:26)
          at children (C:\Users\samhe\OneDrive\Desktop\Cleaned\frontend\node_mo
dules\react-router\lib\components.tsx:512:3)
          at basenameProp (C:\Users\samhe\OneDrive\Desktop\Cleaned\frontend\nod
e_modules\react-router\lib\components.tsx:421:13)
          at basename (C:\Users\samhe\OneDrive\Desktop\Cleaned\frontend\node_mo
dules\react-router\lib\components.tsx:225:3)

      161 |                         type="text"
      162 |                         value={username}
    > 163 |                         onChange={e => setUsername(e.target.value)}
          |                                        ^
      164 |                         disabled={saving}
      165 |                         className="text-sm border border-gray-300 
rounded px-2 py-1.5 focus:outline-none focus:ring-1 focus:ring-blue-400 
disabled:opacity-50"
      166 |                     />

      at printWarning 
(node_modules/react-dom/cjs/react-dom.development.js:86:30)
      at error (node_modules/react-dom/cjs/react-dom.development.js:60:7)
      at warnIfUpdatesNotWrappedWithActDEV 
(node_modules/react-dom/cjs/react-dom.development.js:27628:9)
      at scheduleUpdateOnFiber 
(node_modules/react-dom/cjs/react-dom.development.js:25547:5)
      at dispatchSetState 
(node_modules/react-dom/cjs/react-dom.development.js:16708:7)
      at onChange (src/settings/AccountCreatePage.tsx:163:40)
      at HTMLUnknownElement.callCallback 
(node_modules/react-dom/cjs/react-dom.development.js:4164:14)
      at HTMLUnknownElement.callTheUserObjectsOperation 
(node_modules/jsdom/lib/jsdom/living/generated/EventListener.js:26:30)
      at innerInvokeEventListeners 
(node_modules/jsdom/lib/jsdom/living/events/EventTarget-impl.js:350:25)
      at invokeEventListeners 
(node_modules/jsdom/lib/jsdom/living/events/EventTarget-impl.js:286:3)
      at HTMLUnknownElementImpl._dispatch 
(node_modules/jsdom/lib/jsdom/living/events/EventTarget-impl.js:233:9)
      at HTMLUnknownElementImpl.dispatchEvent 
(node_modules/jsdom/lib/jsdom/living/events/EventTarget-impl.js:104:17)
      at HTMLUnknownElement.dispatchEvent 
(node_modules/jsdom/lib/jsdom/living/generated/EventTarget.js:241:34)
      at Object.invokeGuardedCallbackDev 
(node_modules/react-dom/cjs/react-dom.development.js:4213:16)
      at invokeGuardedCallback 
(node_modules/react-dom/cjs/react-dom.development.js:4277:31)
      at invokeGuardedCallbackAndCatchFirstError 
(node_modules/react-dom/cjs/react-dom.development.js:4291:25)
      at executeDispatch 
(node_modules/react-dom/cjs/react-dom.development.js:9041:3)
      at processDispatchQueueItemsInOrder 
(node_modules/react-dom/cjs/react-dom.development.js:9073:7)
      at processDispatchQueue 
(node_modules/react-dom/cjs/react-dom.development.js:9086:5)
      at dispatchEventsForPlugins 
(node_modules/react-dom/cjs/react-dom.development.js:9097:3)
      at node_modules/react-dom/cjs/react-dom.development.js:9288:12
      at batchedUpdates$1 
(node_modules/react-dom/cjs/react-dom.development.js:26179:12)
      at batchedUpdates 
(node_modules/react-dom/cjs/react-dom.development.js:3991:12)
      at dispatchEventForPluginEventSystem 
(node_modules/react-dom/cjs/react-dom.development.js:9287:3)
      at dispatchEventWithEnableCapturePhaseSelectiveHydrationWithoutDiscreteEv
entReplay (node_modules/react-dom/cjs/react-dom.development.js:6465:5)
      at dispatchEvent 
(node_modules/react-dom/cjs/react-dom.development.js:6457:5)
      at dispatchDiscreteEvent 
(node_modules/react-dom/cjs/react-dom.development.js:6430:5)
      at HTMLDivElement.callTheUserObjectsOperation 
(node_modules/jsdom/lib/jsdom/living/generated/EventListener.js:26:30)
      at innerInvokeEventListeners 
(node_modules/jsdom/lib/jsdom/living/events/EventTarget-impl.js:350:25)
      at invokeEventListeners 
(node_modules/jsdom/lib/jsdom/living/events/EventTarget-impl.js:286:3)
      at HTMLInputElementImpl._dispatch 
(node_modules/jsdom/lib/jsdom/living/events/EventTarget-impl.js:233:9)
      at HTMLInputElementImpl.dispatchEvent 
(node_modules/jsdom/lib/jsdom/living/events/EventTarget-impl.js:104:17)
      at HTMLInputElement.dispatchEvent 
(node_modules/jsdom/lib/jsdom/living/generated/EventTarget.js:241:34)
      at 
node_modules/@testing-library/user-event/dist/cjs/event/dispatchEvent.js:45:43
      at Object.eventWrapper 
(node_modules/@testing-library/dom/dist/config.js:25:23)
      at Object.wrapEvent 
(node_modules/@testing-library/user-event/dist/cjs/event/wrapEvent.js:6:28)
      at Object.dispatchEvent (node_modules/@testing-library/user-event/dist/cj
s/event/dispatchEvent.js:45:22)
      at Object.dispatchUIEvent (node_modules/@testing-library/user-event/dist/
cjs/event/dispatchEvent.js:22:26)
      at commitInput 
(node_modules/@testing-library/user-event/dist/cjs/event/input.js:145:14)
      at editInputElement 
(node_modules/@testing-library/user-event/dist/cjs/event/input.js:115:9)
      at Object.input 
(node_modules/@testing-library/user-event/dist/cjs/event/input.js:37:9)
      at node_modules/@testing-library/user-event/dist/cjs/event/behavior/keypr
ess.js:31:26
      at Object.dispatchEvent (node_modules/@testing-library/user-event/dist/cj
s/event/dispatchEvent.js:41:13)
      at Object.dispatchUIEvent (node_modules/@testing-library/user-event/dist/
cjs/event/dispatchEvent.js:22:26)
      at KeyboardHost.keydown 
(node_modules/@testing-library/user-event/dist/cjs/system/keyboard.js:76:22)
      at keyboardAction 
(node_modules/@testing-library/user-event/dist/cjs/keyboard/index.js:22:35)
      at Object.keyboard 
(node_modules/@testing-library/user-event/dist/cjs/keyboard/index.js:11:15)
      at Object.type 
(node_modules/@testing-library/user-event/dist/cjs/utility/type.js:17:5)
      at Object.<anonymous> 
(src/settings/__tests__/AccountCreatePage.test.tsx:149:9)

    console.error
      Warning: An update to AccountCreatePage inside a test was not wrapped in 
act(...).
      
      When testing, code that causes React state updates should be wrapped 
into act(...):
      
      act(() => {
        /* fire events that update state */
      });
      /* assert on the output */
      
      This ensures that you're testing the behavior the user would see in the 
browser. Learn more at https://reactjs.org/link/wrap-tests-with-act
          at AccountCreatePage (C:\Users\samhe\OneDrive\Desktop\Cleaned\fronten
d\src\settings\AccountCreatePage.tsx:32:47)
          at routeContext (C:\Users\samhe\OneDrive\Desktop\Cleaned\frontend\nod
e_modules\react-router\lib\hooks.tsx:658:26)
          at children (C:\Users\samhe\OneDrive\Desktop\Cleaned\frontend\node_mo
dules\react-router\lib\components.tsx:512:3)
          at basenameProp (C:\Users\samhe\OneDrive\Desktop\Cleaned\frontend\nod
e_modules\react-router\lib\components.tsx:421:13)
          at basename (C:\Users\samhe\OneDrive\Desktop\Cleaned\frontend\node_mo
dules\react-router\lib\components.tsx:225:3)

      174 |                         aria-label="Role"
      175 |                         value={role}
    > 176 |                         onChange={e => setRole(e.target.value)}
          |                                        ^
      177 |                         disabled={saving}
      178 |                         className="text-sm border border-gray-300 
rounded px-2 py-1.5 bg-white focus:outline-none focus:ring-1 
focus:ring-blue-400 disabled:opacity-50"
      179 |                     >

      at printWarning 
(node_modules/react-dom/cjs/react-dom.development.js:86:30)
      at error (node_modules/react-dom/cjs/react-dom.development.js:60:7)
      at warnIfUpdatesNotWrappedWithActDEV 
(node_modules/react-dom/cjs/react-dom.development.js:27628:9)
      at scheduleUpdateOnFiber 
(node_modules/react-dom/cjs/react-dom.development.js:25547:5)
      at dispatchSetState 
(node_modules/react-dom/cjs/react-dom.development.js:16708:7)
      at onChange (src/settings/AccountCreatePage.tsx:176:40)
      at HTMLUnknownElement.callCallback 
(node_modules/react-dom/cjs/react-dom.development.js:4164:14)
      at HTMLUnknownElement.callTheUserObjectsOperation 
(node_modules/jsdom/lib/jsdom/living/generated/EventListener.js:26:30)
      at innerInvokeEventListeners 
(node_modules/jsdom/lib/jsdom/living/events/EventTarget-impl.js:350:25)
      at invokeEventListeners 
(node_modules/jsdom/lib/jsdom/living/events/EventTarget-impl.js:286:3)
      at HTMLUnknownElementImpl._dispatch 
(node_modules/jsdom/lib/jsdom/living/events/EventTarget-impl.js:233:9)
      at HTMLUnknownElementImpl.dispatchEvent 
(node_modules/jsdom/lib/jsdom/living/events/EventTarget-impl.js:104:17)
      at HTMLUnknownElement.dispatchEvent 
(node_modules/jsdom/lib/jsdom/living/generated/EventTarget.js:241:34)
      at Object.invokeGuardedCallbackDev 
(node_modules/react-dom/cjs/react-dom.development.js:4213:16)
      at invokeGuardedCallback 
(node_modules/react-dom/cjs/react-dom.development.js:4277:31)
      at invokeGuardedCallbackAndCatchFirstError 
(node_modules/react-dom/cjs/react-dom.development.js:4291:25)
      at executeDispatch 
(node_modules/react-dom/cjs/react-dom.development.js:9041:3)
      at processDispatchQueueItemsInOrder 
(node_modules/react-dom/cjs/react-dom.development.js:9073:7)
      at processDispatchQueue 
(node_modules/react-dom/cjs/react-dom.development.js:9086:5)
      at dispatchEventsForPlugins 
(node_modules/react-dom/cjs/react-dom.development.js:9097:3)
      at node_modules/react-dom/cjs/react-dom.development.js:9288:12
      at batchedUpdates$1 
(node_modules/react-dom/cjs/react-dom.development.js:26179:12)
      at batchedUpdates 
(node_modules/react-dom/cjs/react-dom.development.js:3991:12)
      at dispatchEventForPluginEventSystem 
(node_modules/react-dom/cjs/react-dom.development.js:9287:3)
      at dispatchEventWithEnableCapturePhaseSelectiveHydrationWithoutDiscreteEv
entReplay (node_modules/react-dom/cjs/react-dom.development.js:6465:5)
      at dispatchEvent 
(node_modules/react-dom/cjs/react-dom.development.js:6457:5)
      at dispatchDiscreteEvent 
(node_modules/react-dom/cjs/react-dom.development.js:6430:5)
      at HTMLDivElement.callTheUserObjectsOperation 
(node_modules/jsdom/lib/jsdom/living/generated/EventListener.js:26:30)
      at innerInvokeEventListeners 
(node_modules/jsdom/lib/jsdom/living/events/EventTarget-impl.js:350:25)
      at invokeEventListeners 
(node_modules/jsdom/lib/jsdom/living/events/EventTarget-impl.js:286:3)
      at HTMLSelectElementImpl._dispatch 
(node_modules/jsdom/lib/jsdom/living/events/EventTarget-impl.js:233:9)
      at HTMLSelectElementImpl.dispatchEvent 
(node_modules/jsdom/lib/jsdom/living/events/EventTarget-impl.js:104:17)
      at Proxy.dispatchEvent 
(node_modules/jsdom/lib/jsdom/living/generated/EventTarget.js:241:34)
      at 
node_modules/@testing-library/user-event/dist/cjs/event/dispatchEvent.js:45:43
      at Object.eventWrapper 
(node_modules/@testing-library/dom/dist/config.js:25:23)
      at Object.wrapEvent 
(node_modules/@testing-library/user-event/dist/cjs/event/wrapEvent.js:6:28)
      at Object.dispatchEvent (node_modules/@testing-library/user-event/dist/cj
s/event/dispatchEvent.js:45:22)
      at Object.dispatchUIEvent (node_modules/@testing-library/user-event/dist/
cjs/event/dispatchEvent.js:22:26)
      at selectOption (node_modules/@testing-library/user-event/dist/cjs/utilit
y/selectOptions.js:51:14)
      at Object.selectOptionsBase (node_modules/@testing-library/user-event/dis
t/cjs/utility/selectOptions.js:87:13)
      at Object.<anonymous> 
(src/settings/__tests__/AccountCreatePage.test.tsx:150:9)

    console.error
      Warning: An update to AccountCreatePage inside a test was not wrapped in 
act(...).
      
      When testing, code that causes React state updates should be wrapped 
into act(...):
      
      act(() => {
        /* fire events that update state */
      });
      /* assert on the output */
      
      This ensures that you're testing the behavior the user would see in the 
browser. Learn more at https://reactjs.org/link/wrap-tests-with-act
          at AccountCreatePage (C:\Users\samhe\OneDrive\Desktop\Cleaned\fronten
d\src\settings\AccountCreatePage.tsx:32:47)
          at routeContext (C:\Users\samhe\OneDrive\Desktop\Cleaned\frontend\nod
e_modules\react-router\lib\hooks.tsx:658:26)
          at children (C:\Users\samhe\OneDrive\Desktop\Cleaned\frontend\node_mo
dules\react-router\lib\components.tsx:512:3)
          at basenameProp (C:\Users\samhe\OneDrive\Desktop\Cleaned\frontend\nod
e_modules\react-router\lib\components.tsx:421:13)
          at basename (C:\Users\samhe\OneDrive\Desktop\Cleaned\frontend\node_mo
dules\react-router\lib\components.tsx:225:3)

      147 |                         type="email"
      148 |                         value={email}
    > 149 |                         onChange={e => setEmail(e.target.value)}
          |                                        ^
      150 |                         disabled={saving}
      151 |                         className="text-sm border border-gray-300 
rounded px-2 py-1.5 focus:outline-none focus:ring-1 focus:ring-blue-400 
disabled:opacity-50"
      152 |                     />

      at printWarning 
(node_modules/react-dom/cjs/react-dom.development.js:86:30)
      at error (node_modules/react-dom/cjs/react-dom.development.js:60:7)
      at warnIfUpdatesNotWrappedWithActDEV 
(node_modules/react-dom/cjs/react-dom.development.js:27628:9)
      at scheduleUpdateOnFiber 
(node_modules/react-dom/cjs/react-dom.development.js:25547:5)
      at dispatchSetState 
(node_modules/react-dom/cjs/react-dom.development.js:16708:7)
      at onChange (src/settings/AccountCreatePage.tsx:149:40)
      at HTMLUnknownElement.callCallback 
(node_modules/react-dom/cjs/react-dom.development.js:4164:14)
      at HTMLUnknownElement.callTheUserObjectsOperation 
(node_modules/jsdom/lib/jsdom/living/generated/EventListener.js:26:30)
      at innerInvokeEventListeners 
(node_modules/jsdom/lib/jsdom/living/events/EventTarget-impl.js:350:25)
      at invokeEventListeners 
(node_modules/jsdom/lib/jsdom/living/events/EventTarget-impl.js:286:3)
      at HTMLUnknownElementImpl._dispatch 
(node_modules/jsdom/lib/jsdom/living/events/EventTarget-impl.js:233:9)
      at HTMLUnknownElementImpl.dispatchEvent 
(node_modules/jsdom/lib/jsdom/living/events/EventTarget-impl.js:104:17)
      at HTMLUnknownElement.dispatchEvent 
(node_modules/jsdom/lib/jsdom/living/generated/EventTarget.js:241:34)
      at Object.invokeGuardedCallbackDev 
(node_modules/react-dom/cjs/react-dom.development.js:4213:16)
      at invokeGuardedCallback 
(node_modules/react-dom/cjs/react-dom.development.js:4277:31)
      at invokeGuardedCallbackAndCatchFirstError 
(node_modules/react-dom/cjs/react-dom.development.js:4291:25)
      at executeDispatch 
(node_modules/react-dom/cjs/react-dom.development.js:9041:3)
      at processDispatchQueueItemsInOrder 
(node_modules/react-dom/cjs/react-dom.development.js:9073:7)
      at processDispatchQueue 
(node_modules/react-dom/cjs/react-dom.development.js:9086:5)
      at dispatchEventsForPlugins 
(node_modules/react-dom/cjs/react-dom.development.js:9097:3)
      at node_modules/react-dom/cjs/react-dom.development.js:9288:12
      at batchedUpdates$1 
(node_modules/react-dom/cjs/react-dom.development.js:26179:12)
      at batchedUpdates 
(node_modules/react-dom/cjs/react-dom.development.js:3991:12)
      at dispatchEventForPluginEventSystem 
(node_modules/react-dom/cjs/react-dom.development.js:9287:3)
      at dispatchEventWithEnableCapturePhaseSelectiveHydrationWithoutDiscreteEv
entReplay (node_modules/react-dom/cjs/react-dom.development.js:6465:5)
      at dispatchEvent 
(node_modules/react-dom/cjs/react-dom.development.js:6457:5)
      at dispatchDiscreteEvent 
(node_modules/react-dom/cjs/react-dom.development.js:6430:5)
      at HTMLDivElement.callTheUserObjectsOperation 
(node_modules/jsdom/lib/jsdom/living/generated/EventListener.js:26:30)
      at innerInvokeEventListeners 
(node_modules/jsdom/lib/jsdom/living/events/EventTarget-impl.js:350:25)
      at invokeEventListeners 
(node_modules/jsdom/lib/jsdom/living/events/EventTarget-impl.js:286:3)
      at HTMLInputElementImpl._dispatch 
(node_modules/jsdom/lib/jsdom/living/events/EventTarget-impl.js:233:9)
      at HTMLInputElementImpl.dispatchEvent 
(node_modules/jsdom/lib/jsdom/living/events/EventTarget-impl.js:104:17)
      at HTMLInputElement.dispatchEvent 
(node_modules/jsdom/lib/jsdom/living/generated/EventTarget.js:241:34)
      at 
node_modules/@testing-library/user-event/dist/cjs/event/dispatchEvent.js:45:43
      at Object.eventWrapper 
(node_modules/@testing-library/dom/dist/config.js:25:23)
      at Object.wrapEvent 
(node_modules/@testing-library/user-event/dist/cjs/event/wrapEvent.js:6:28)
      at Object.dispatchEvent (node_modules/@testing-library/user-event/dist/cj
s/event/dispatchEvent.js:45:22)
      at Object.dispatchUIEvent (node_modules/@testing-library/user-event/dist/
cjs/event/dispatchEvent.js:22:26)
      at commitInput 
(node_modules/@testing-library/user-event/dist/cjs/event/input.js:145:14)
      at editInputElement 
(node_modules/@testing-library/user-event/dist/cjs/event/input.js:115:9)
      at Object.input 
(node_modules/@testing-library/user-event/dist/cjs/event/input.js:37:9)
      at node_modules/@testing-library/user-event/dist/cjs/event/behavior/keypr
ess.js:31:26
      at Object.dispatchEvent (node_modules/@testing-library/user-event/dist/cj
s/event/dispatchEvent.js:41:13)
      at Object.dispatchUIEvent (node_modules/@testing-library/user-event/dist/
cjs/event/dispatchEvent.js:22:26)
      at KeyboardHost.keydown 
(node_modules/@testing-library/user-event/dist/cjs/system/keyboard.js:76:22)
      at keyboardAction 
(node_modules/@testing-library/user-event/dist/cjs/keyboard/index.js:22:35)
      at Object.keyboard 
(node_modules/@testing-library/user-event/dist/cjs/keyboard/index.js:11:15)
      at Object.type 
(node_modules/@testing-library/user-event/dist/cjs/utility/type.js:17:5)
      at Object.<anonymous> 
(src/settings/__tests__/AccountCreatePage.test.tsx:165:9)

    console.error
      Warning: An update to AccountCreatePage inside a test was not wrapped in 
act(...).
      
      When testing, code that causes React state updates should be wrapped 
into act(...):
      
      act(() => {
        /* fire events that update state */
      });
      /* assert on the output */
      
      This ensures that you're testing the behavior the user would see in the 
browser. Learn more at https://reactjs.org/link/wrap-tests-with-act
          at AccountCreatePage (C:\Users\samhe\OneDrive\Desktop\Cleaned\fronten
d\src\settings\AccountCreatePage.tsx:32:47)
          at routeContext (C:\Users\samhe\OneDrive\Desktop\Cleaned\frontend\nod
e_modules\react-router\lib\hooks.tsx:658:26)
          at children (C:\Users\samhe\OneDrive\Desktop\Cleaned\frontend\node_mo
dules\react-router\lib\components.tsx:512:3)
          at basenameProp (C:\Users\samhe\OneDrive\Desktop\Cleaned\frontend\nod
e_modules\react-router\lib\components.tsx:421:13)
          at basename (C:\Users\samhe\OneDrive\Desktop\Cleaned\frontend\node_mo
dules\react-router\lib\components.tsx:225:3)

      147 |                         type="email"
      148 |                         value={email}
    > 149 |                         onChange={e => setEmail(e.target.value)}
          |                                        ^
      150 |                         disabled={saving}
      151 |                         className="text-sm border border-gray-300 
rounded px-2 py-1.5 focus:outline-none focus:ring-1 focus:ring-blue-400 
disabled:opacity-50"
      152 |                     />

      at printWarning 
(node_modules/react-dom/cjs/react-dom.development.js:86:30)
      at error (node_modules/react-dom/cjs/react-dom.development.js:60:7)
      at warnIfUpdatesNotWrappedWithActDEV 
(node_modules/react-dom/cjs/react-dom.development.js:27628:9)
      at scheduleUpdateOnFiber 
(node_modules/react-dom/cjs/react-dom.development.js:25547:5)
      at dispatchSetState 
(node_modules/react-dom/cjs/react-dom.development.js:16708:7)
      at onChange (src/settings/AccountCreatePage.tsx:149:40)
      at HTMLUnknownElement.callCallback 
(node_modules/react-dom/cjs/react-dom.development.js:4164:14)
      at HTMLUnknownElement.callTheUserObjectsOperation 
(node_modules/jsdom/lib/jsdom/living/generated/EventListener.js:26:30)
      at innerInvokeEventListeners 
(node_modules/jsdom/lib/jsdom/living/events/EventTarget-impl.js:350:25)
      at invokeEventListeners 
(node_modules/jsdom/lib/jsdom/living/events/EventTarget-impl.js:286:3)
      at HTMLUnknownElementImpl._dispatch 
(node_modules/jsdom/lib/jsdom/living/events/EventTarget-impl.js:233:9)
      at HTMLUnknownElementImpl.dispatchEvent 
(node_modules/jsdom/lib/jsdom/living/events/EventTarget-impl.js:104:17)
      at HTMLUnknownElement.dispatchEvent 
(node_modules/jsdom/lib/jsdom/living/generated/EventTarget.js:241:34)
      at Object.invokeGuardedCallbackDev 
(node_modules/react-dom/cjs/react-dom.development.js:4213:16)
      at invokeGuardedCallback 
(node_modules/react-dom/cjs/react-dom.development.js:4277:31)
      at invokeGuardedCallbackAndCatchFirstError 
(node_modules/react-dom/cjs/react-dom.development.js:4291:25)
      at executeDispatch 
(node_modules/react-dom/cjs/react-dom.development.js:9041:3)
      at processDispatchQueueItemsInOrder 
(node_modules/react-dom/cjs/react-dom.development.js:9073:7)
      at processDispatchQueue 
(node_modules/react-dom/cjs/react-dom.development.js:9086:5)
      at dispatchEventsForPlugins 
(node_modules/react-dom/cjs/react-dom.development.js:9097:3)
      at node_modules/react-dom/cjs/react-dom.development.js:9288:12
      at batchedUpdates$1 
(node_modules/react-dom/cjs/react-dom.development.js:26179:12)
      at batchedUpdates 
(node_modules/react-dom/cjs/react-dom.development.js:3991:12)
      at dispatchEventForPluginEventSystem 
(node_modules/react-dom/cjs/react-dom.development.js:9287:3)
      at dispatchEventWithEnableCapturePhaseSelectiveHydrationWithoutDiscreteEv
entReplay (node_modules/react-dom/cjs/react-dom.development.js:6465:5)
      at dispatchEvent 
(node_modules/react-dom/cjs/react-dom.development.js:6457:5)
      at dispatchDiscreteEvent 
(node_modules/react-dom/cjs/react-dom.development.js:6430:5)
      at HTMLDivElement.callTheUserObjectsOperation 
(node_modules/jsdom/lib/jsdom/living/generated/EventListener.js:26:30)
      at innerInvokeEventListeners 
(node_modules/jsdom/lib/jsdom/living/events/EventTarget-impl.js:350:25)
      at invokeEventListeners 
(node_modules/jsdom/lib/jsdom/living/events/EventTarget-impl.js:286:3)
      at HTMLInputElementImpl._dispatch 
(node_modules/jsdom/lib/jsdom/living/events/EventTarget-impl.js:233:9)
      at HTMLInputElementImpl.dispatchEvent 
(node_modules/jsdom/lib/jsdom/living/events/EventTarget-impl.js:104:17)
      at HTMLInputElement.dispatchEvent 
(node_modules/jsdom/lib/jsdom/living/generated/EventTarget.js:241:34)
      at 
node_modules/@testing-library/user-event/dist/cjs/event/dispatchEvent.js:45:43
      at Object.eventWrapper 
(node_modules/@testing-library/dom/dist/config.js:25:23)
      at Object.wrapEvent 
(node_modules/@testing-library/user-event/dist/cjs/event/wrapEvent.js:6:28)
      at Object.dispatchEvent (node_modules/@testing-library/user-event/dist/cj
s/event/dispatchEvent.js:45:22)
      at Object.dispatchUIEvent (node_modules/@testing-library/user-event/dist/
cjs/event/dispatchEvent.js:22:26)
      at commitInput 
(node_modules/@testing-library/user-event/dist/cjs/event/input.js:145:14)
      at editInputElement 
(node_modules/@testing-library/user-event/dist/cjs/event/input.js:115:9)
      at Object.input 
(node_modules/@testing-library/user-event/dist/cjs/event/input.js:37:9)
      at node_modules/@testing-library/user-event/dist/cjs/event/behavior/keypr
ess.js:31:26
      at Object.dispatchEvent (node_modules/@testing-library/user-event/dist/cj
s/event/dispatchEvent.js:41:13)
      at Object.dispatchUIEvent (node_modules/@testing-library/user-event/dist/
cjs/event/dispatchEvent.js:22:26)
      at KeyboardHost.keydown 
(node_modules/@testing-library/user-event/dist/cjs/system/keyboard.js:76:22)
      at keyboardAction 
(node_modules/@testing-library/user-event/dist/cjs/keyboard/index.js:22:35)
      at Object.keyboard 
(node_modules/@testing-library/user-event/dist/cjs/keyboard/index.js:11:15)
      at Object.type 
(node_modules/@testing-library/user-event/dist/cjs/utility/type.js:17:5)
      at Object.<anonymous> 
(src/settings/__tests__/AccountCreatePage.test.tsx:165:9)

    console.error
      Warning: An update to AccountCreatePage inside a test was not wrapped in 
act(...).
      
      When testing, code that causes React state updates should be wrapped 
into act(...):
      
      act(() => {
        /* fire events that update state */
      });
      /* assert on the output */
      
      This ensures that you're testing the behavior the user would see in the 
browser. Learn more at https://reactjs.org/link/wrap-tests-with-act
          at AccountCreatePage (C:\Users\samhe\OneDrive\Desktop\Cleaned\fronten
d\src\settings\AccountCreatePage.tsx:32:47)
          at routeContext (C:\Users\samhe\OneDrive\Desktop\Cleaned\frontend\nod
e_modules\react-router\lib\hooks.tsx:658:26)
          at children (C:\Users\samhe\OneDrive\Desktop\Cleaned\frontend\node_mo
dules\react-router\lib\components.tsx:512:3)
          at basenameProp (C:\Users\samhe\OneDrive\Desktop\Cleaned\frontend\nod
e_modules\react-router\lib\components.tsx:421:13)
          at basename (C:\Users\samhe\OneDrive\Desktop\Cleaned\frontend\node_mo
dules\react-router\lib\components.tsx:225:3)

      147 |                         type="email"
      148 |                         value={email}
    > 149 |                         onChange={e => setEmail(e.target.value)}
          |                                        ^
      150 |                         disabled={saving}
      151 |                         className="text-sm border border-gray-300 
rounded px-2 py-1.5 focus:outline-none focus:ring-1 focus:ring-blue-400 
disabled:opacity-50"
      152 |                     />

      at printWarning 
(node_modules/react-dom/cjs/react-dom.development.js:86:30)
      at error (node_modules/react-dom/cjs/react-dom.development.js:60:7)
      at warnIfUpdatesNotWrappedWithActDEV 
(node_modules/react-dom/cjs/react-dom.development.js:27628:9)
      at scheduleUpdateOnFiber 
(node_modules/react-dom/cjs/react-dom.development.js:25547:5)
      at dispatchSetState 
(node_modules/react-dom/cjs/react-dom.development.js:16708:7)
      at onChange (src/settings/AccountCreatePage.tsx:149:40)
      at HTMLUnknownElement.callCallback 
(node_modules/react-dom/cjs/react-dom.development.js:4164:14)
      at HTMLUnknownElement.callTheUserObjectsOperation 
(node_modules/jsdom/lib/jsdom/living/generated/EventListener.js:26:30)
      at innerInvokeEventListeners 
(node_modules/jsdom/lib/jsdom/living/events/EventTarget-impl.js:350:25)
      at invokeEventListeners 
(node_modules/jsdom/lib/jsdom/living/events/EventTarget-impl.js:286:3)
      at HTMLUnknownElementImpl._dispatch 
(node_modules/jsdom/lib/jsdom/living/events/EventTarget-impl.js:233:9)
      at HTMLUnknownElementImpl.dispatchEvent 
(node_modules/jsdom/lib/jsdom/living/events/EventTarget-impl.js:104:17)
      at HTMLUnknownElement.dispatchEvent 
(node_modules/jsdom/lib/jsdom/living/generated/EventTarget.js:241:34)
      at Object.invokeGuardedCallbackDev 
(node_modules/react-dom/cjs/react-dom.development.js:4213:16)
      at invokeGuardedCallback 
(node_modules/react-dom/cjs/react-dom.development.js:4277:31)
      at invokeGuardedCallbackAndCatchFirstError 
(node_modules/react-dom/cjs/react-dom.development.js:4291:25)
      at executeDispatch 
(node_modules/react-dom/cjs/react-dom.development.js:9041:3)
      at processDispatchQueueItemsInOrder 
(node_modules/react-dom/cjs/react-dom.development.js:9073:7)
      at processDispatchQueue 
(node_modules/react-dom/cjs/react-dom.development.js:9086:5)
      at dispatchEventsForPlugins 
(node_modules/react-dom/cjs/react-dom.development.js:9097:3)
      at node_modules/react-dom/cjs/react-dom.development.js:9288:12
      at batchedUpdates$1 
(node_modules/react-dom/cjs/react-dom.development.js:26179:12)
      at batchedUpdates 
(node_modules/react-dom/cjs/react-dom.development.js:3991:12)
      at dispatchEventForPluginEventSystem 
(node_modules/react-dom/cjs/react-dom.development.js:9287:3)
      at dispatchEventWithEnableCapturePhaseSelectiveHydrationWithoutDiscreteEv
entReplay (node_modules/react-dom/cjs/react-dom.development.js:6465:5)
      at dispatchEvent 
(node_modules/react-dom/cjs/react-dom.development.js:6457:5)
      at dispatchDiscreteEvent 
(node_modules/react-dom/cjs/react-dom.development.js:6430:5)
      at HTMLDivElement.callTheUserObjectsOperation 
(node_modules/jsdom/lib/jsdom/living/generated/EventListener.js:26:30)
      at innerInvokeEventListeners 
(node_modules/jsdom/lib/jsdom/living/events/EventTarget-impl.js:350:25)
      at invokeEventListeners 
(node_modules/jsdom/lib/jsdom/living/events/EventTarget-impl.js:286:3)
      at HTMLInputElementImpl._dispatch 
(node_modules/jsdom/lib/jsdom/living/events/EventTarget-impl.js:233:9)
      at HTMLInputElementImpl.dispatchEvent 
(node_modules/jsdom/lib/jsdom/living/events/EventTarget-impl.js:104:17)
      at HTMLInputElement.dispatchEvent 
(node_modules/jsdom/lib/jsdom/living/generated/EventTarget.js:241:34)
      at 
node_modules/@testing-library/user-event/dist/cjs/event/dispatchEvent.js:45:43
      at Object.eventWrapper 
(node_modules/@testing-library/dom/dist/config.js:25:23)
      at Object.wrapEvent 
(node_modules/@testing-library/user-event/dist/cjs/event/wrapEvent.js:6:28)
      at Object.dispatchEvent (node_modules/@testing-library/user-event/dist/cj
s/event/dispatchEvent.js:45:22)
      at Object.dispatchUIEvent (node_modules/@testing-library/user-event/dist/
cjs/event/dispatchEvent.js:22:26)
      at commitInput 
(node_modules/@testing-library/user-event/dist/cjs/event/input.js:145:14)
      at editInputElement 
(node_modules/@testing-library/user-event/dist/cjs/event/input.js:115:9)
      at Object.input 
(node_modules/@testing-library/user-event/dist/cjs/event/input.js:37:9)
      at node_modules/@testing-library/user-event/dist/cjs/event/behavior/keypr
ess.js:31:26
      at Object.dispatchEvent (node_modules/@testing-library/user-event/dist/cj
s/event/dispatchEvent.js:41:13)
      at Object.dispatchUIEvent (node_modules/@testing-library/user-event/dist/
cjs/event/dispatchEvent.js:22:26)
      at KeyboardHost.keydown 
(node_modules/@testing-library/user-event/dist/cjs/system/keyboard.js:76:22)
      at keyboardAction 
(node_modules/@testing-library/user-event/dist/cjs/keyboard/index.js:22:35)
      at Object.keyboard 
(node_modules/@testing-library/user-event/dist/cjs/keyboard/index.js:11:15)
      at Object.type 
(node_modules/@testing-library/user-event/dist/cjs/utility/type.js:17:5)
      at Object.<anonymous> 
(src/settings/__tests__/AccountCreatePage.test.tsx:165:9)

    console.error
      Warning: An update to AccountCreatePage inside a test was not wrapped in 
act(...).
      
      When testing, code that causes React state updates should be wrapped 
into act(...):
      
      act(() => {
        /* fire events that update state */
      });
      /* assert on the output */
      
      This ensures that you're testing the behavior the user would see in the 
browser. Learn more at https://reactjs.org/link/wrap-tests-with-act
          at AccountCreatePage (C:\Users\samhe\OneDrive\Desktop\Cleaned\fronten
d\src\settings\AccountCreatePage.tsx:32:47)
          at routeContext (C:\Users\samhe\OneDrive\Desktop\Cleaned\frontend\nod
e_modules\react-router\lib\hooks.tsx:658:26)
          at children (C:\Users\samhe\OneDrive\Desktop\Cleaned\frontend\node_mo
dules\react-router\lib\components.tsx:512:3)
          at basenameProp (C:\Users\samhe\OneDrive\Desktop\Cleaned\frontend\nod
e_modules\react-router\lib\components.tsx:421:13)
          at basename (C:\Users\samhe\OneDrive\Desktop\Cleaned\frontend\node_mo
dules\react-router\lib\components.tsx:225:3)

      147 |                         type="email"
      148 |                         value={email}
    > 149 |                         onChange={e => setEmail(e.target.value)}
          |                                        ^
      150 |                         disabled={saving}
      151 |                         className="text-sm border border-gray-300 
rounded px-2 py-1.5 focus:outline-none focus:ring-1 focus:ring-blue-400 
disabled:opacity-50"
      152 |                     />

      at printWarning 
(node_modules/react-dom/cjs/react-dom.development.js:86:30)
      at error (node_modules/react-dom/cjs/react-dom.development.js:60:7)
      at warnIfUpdatesNotWrappedWithActDEV 
(node_modules/react-dom/cjs/react-dom.development.js:27628:9)
      at scheduleUpdateOnFiber 
(node_modules/react-dom/cjs/react-dom.development.js:25547:5)
      at dispatchSetState 
(node_modules/react-dom/cjs/react-dom.development.js:16708:7)
      at onChange (src/settings/AccountCreatePage.tsx:149:40)
      at HTMLUnknownElement.callCallback 
(node_modules/react-dom/cjs/react-dom.development.js:4164:14)
      at HTMLUnknownElement.callTheUserObjectsOperation 
(node_modules/jsdom/lib/jsdom/living/generated/EventListener.js:26:30)
      at innerInvokeEventListeners 
(node_modules/jsdom/lib/jsdom/living/events/EventTarget-impl.js:350:25)
      at invokeEventListeners 
(node_modules/jsdom/lib/jsdom/living/events/EventTarget-impl.js:286:3)
      at HTMLUnknownElementImpl._dispatch 
(node_modules/jsdom/lib/jsdom/living/events/EventTarget-impl.js:233:9)
      at HTMLUnknownElementImpl.dispatchEvent 
(node_modules/jsdom/lib/jsdom/living/events/EventTarget-impl.js:104:17)
      at HTMLUnknownElement.dispatchEvent 
(node_modules/jsdom/lib/jsdom/living/generated/EventTarget.js:241:34)
      at Object.invokeGuardedCallbackDev 
(node_modules/react-dom/cjs/react-dom.development.js:4213:16)
      at invokeGuardedCallback 
(node_modules/react-dom/cjs/react-dom.development.js:4277:31)
      at invokeGuardedCallbackAndCatchFirstError 
(node_modules/react-dom/cjs/react-dom.development.js:4291:25)
      at executeDispatch 
(node_modules/react-dom/cjs/react-dom.development.js:9041:3)
      at processDispatchQueueItemsInOrder 
(node_modules/react-dom/cjs/react-dom.development.js:9073:7)
      at processDispatchQueue 
(node_modules/react-dom/cjs/react-dom.development.js:9086:5)
      at dispatchEventsForPlugins 
(node_modules/react-dom/cjs/react-dom.development.js:9097:3)
      at node_modules/react-dom/cjs/react-dom.development.js:9288:12
      at batchedUpdates$1 
(node_modules/react-dom/cjs/react-dom.development.js:26179:12)
      at batchedUpdates 
(node_modules/react-dom/cjs/react-dom.development.js:3991:12)
      at dispatchEventForPluginEventSystem 
(node_modules/react-dom/cjs/react-dom.development.js:9287:3)
      at dispatchEventWithEnableCapturePhaseSelectiveHydrationWithoutDiscreteEv
entReplay (node_modules/react-dom/cjs/react-dom.development.js:6465:5)
      at dispatchEvent 
(node_modules/react-dom/cjs/react-dom.development.js:6457:5)
      at dispatchDiscreteEvent 
(node_modules/react-dom/cjs/react-dom.development.js:6430:5)
      at HTMLDivElement.callTheUserObjectsOperation 
(node_modules/jsdom/lib/jsdom/living/generated/EventListener.js:26:30)
      at innerInvokeEventListeners 
(node_modules/jsdom/lib/jsdom/living/events/EventTarget-impl.js:350:25)
      at invokeEventListeners 
(node_modules/jsdom/lib/jsdom/living/events/EventTarget-impl.js:286:3)
      at HTMLInputElementImpl._dispatch 
(node_modules/jsdom/lib/jsdom/living/events/EventTarget-impl.js:233:9)
      at HTMLInputElementImpl.dispatchEvent 
(node_modules/jsdom/lib/jsdom/living/events/EventTarget-impl.js:104:17)
      at HTMLInputElement.dispatchEvent 
(node_modules/jsdom/lib/jsdom/living/generated/EventTarget.js:241:34)
      at 
node_modules/@testing-library/user-event/dist/cjs/event/dispatchEvent.js:45:43
      at Object.eventWrapper 
(node_modules/@testing-library/dom/dist/config.js:25:23)
      at Object.wrapEvent 
(node_modules/@testing-library/user-event/dist/cjs/event/wrapEvent.js:6:28)
      at Object.dispatchEvent (node_modules/@testing-library/user-event/dist/cj
s/event/dispatchEvent.js:45:22)
      at Object.dispatchUIEvent (node_modules/@testing-library/user-event/dist/
cjs/event/dispatchEvent.js:22:26)
      at commitInput 
(node_modules/@testing-library/user-event/dist/cjs/event/input.js:145:14)
      at editInputElement 
(node_modules/@testing-library/user-event/dist/cjs/event/input.js:115:9)
      at Object.input 
(node_modules/@testing-library/user-event/dist/cjs/event/input.js:37:9)
      at node_modules/@testing-library/user-event/dist/cjs/event/behavior/keypr
ess.js:31:26
      at Object.dispatchEvent (node_modules/@testing-library/user-event/dist/cj
s/event/dispatchEvent.js:41:13)
      at Object.dispatchUIEvent (node_modules/@testing-library/user-event/dist/
cjs/event/dispatchEvent.js:22:26)
      at KeyboardHost.keydown 
(node_modules/@testing-library/user-event/dist/cjs/system/keyboard.js:76:22)
      at keyboardAction 
(node_modules/@testing-library/user-event/dist/cjs/keyboard/index.js:22:35)
      at Object.keyboard 
(node_modules/@testing-library/user-event/dist/cjs/keyboard/index.js:11:15)
      at Object.type 
(node_modules/@testing-library/user-event/dist/cjs/utility/type.js:17:5)
      at Object.<anonymous> 
(src/settings/__tests__/AccountCreatePage.test.tsx:165:9)

    console.error
      Warning: An update to AccountCreatePage inside a test was not wrapped in 
act(...).
      
      When testing, code that causes React state updates should be wrapped 
into act(...):
      
      act(() => {
        /* fire events that update state */
      });
      /* assert on the output */
      
      This ensures that you're testing the behavior the user would see in the 
browser. Learn more at https://reactjs.org/link/wrap-tests-with-act
          at AccountCreatePage (C:\Users\samhe\OneDrive\Desktop\Cleaned\fronten
d\src\settings\AccountCreatePage.tsx:32:47)
          at routeContext (C:\Users\samhe\OneDrive\Desktop\Cleaned\frontend\nod
e_modules\react-router\lib\hooks.tsx:658:26)
          at children (C:\Users\samhe\OneDrive\Desktop\Cleaned\frontend\node_mo
dules\react-router\lib\components.tsx:512:3)
          at basenameProp (C:\Users\samhe\OneDrive\Desktop\Cleaned\frontend\nod
e_modules\react-router\lib\components.tsx:421:13)
          at basename (C:\Users\samhe\OneDrive\Desktop\Cleaned\frontend\node_mo
dules\react-router\lib\components.tsx:225:3)

      147 |                         type="email"
      148 |                         value={email}
    > 149 |                         onChange={e => setEmail(e.target.value)}
          |                                        ^
      150 |                         disabled={saving}
      151 |                         className="text-sm border border-gray-300 
rounded px-2 py-1.5 focus:outline-none focus:ring-1 focus:ring-blue-400 
disabled:opacity-50"
      152 |                     />

      at printWarning 
(node_modules/react-dom/cjs/react-dom.development.js:86:30)
      at error (node_modules/react-dom/cjs/react-dom.development.js:60:7)
      at warnIfUpdatesNotWrappedWithActDEV 
(node_modules/react-dom/cjs/react-dom.development.js:27628:9)
      at scheduleUpdateOnFiber 
(node_modules/react-dom/cjs/react-dom.development.js:25547:5)
      at dispatchSetState 
(node_modules/react-dom/cjs/react-dom.development.js:16708:7)
      at onChange (src/settings/AccountCreatePage.tsx:149:40)
      at HTMLUnknownElement.callCallback 
(node_modules/react-dom/cjs/react-dom.development.js:4164:14)
      at HTMLUnknownElement.callTheUserObjectsOperation 
(node_modules/jsdom/lib/jsdom/living/generated/EventListener.js:26:30)
      at innerInvokeEventListeners 
(node_modules/jsdom/lib/jsdom/living/events/EventTarget-impl.js:350:25)
      at invokeEventListeners 
(node_modules/jsdom/lib/jsdom/living/events/EventTarget-impl.js:286:3)
      at HTMLUnknownElementImpl._dispatch 
(node_modules/jsdom/lib/jsdom/living/events/EventTarget-impl.js:233:9)
      at HTMLUnknownElementImpl.dispatchEvent 
(node_modules/jsdom/lib/jsdom/living/events/EventTarget-impl.js:104:17)
      at HTMLUnknownElement.dispatchEvent 
(node_modules/jsdom/lib/jsdom/living/generated/EventTarget.js:241:34)
      at Object.invokeGuardedCallbackDev 
(node_modules/react-dom/cjs/react-dom.development.js:4213:16)
      at invokeGuardedCallback 
(node_modules/react-dom/cjs/react-dom.development.js:4277:31)
      at invokeGuardedCallbackAndCatchFirstError 
(node_modules/react-dom/cjs/react-dom.development.js:4291:25)
      at executeDispatch 
(node_modules/react-dom/cjs/react-dom.development.js:9041:3)
      at processDispatchQueueItemsInOrder 
(node_modules/react-dom/cjs/react-dom.development.js:9073:7)
      at processDispatchQueue 
(node_modules/react-dom/cjs/react-dom.development.js:9086:5)
      at dispatchEventsForPlugins 
(node_modules/react-dom/cjs/react-dom.development.js:9097:3)
      at node_modules/react-dom/cjs/react-dom.development.js:9288:12
      at batchedUpdates$1 
(node_modules/react-dom/cjs/react-dom.development.js:26179:12)
      at batchedUpdates 
(node_modules/react-dom/cjs/react-dom.development.js:3991:12)
      at dispatchEventForPluginEventSystem 
(node_modules/react-dom/cjs/react-dom.development.js:9287:3)
      at dispatchEventWithEnableCapturePhaseSelectiveHydrationWithoutDiscreteEv
entReplay (node_modules/react-dom/cjs/react-dom.development.js:6465:5)
      at dispatchEvent 
(node_modules/react-dom/cjs/react-dom.development.js:6457:5)
      at dispatchDiscreteEvent 
(node_modules/react-dom/cjs/react-dom.development.js:6430:5)
      at HTMLDivElement.callTheUserObjectsOperation 
(node_modules/jsdom/lib/jsdom/living/generated/EventListener.js:26:30)
      at innerInvokeEventListeners 
(node_modules/jsdom/lib/jsdom/living/events/EventTarget-impl.js:350:25)
      at invokeEventListeners 
(node_modules/jsdom/lib/jsdom/living/events/EventTarget-impl.js:286:3)
      at HTMLInputElementImpl._dispatch 
(node_modules/jsdom/lib/jsdom/living/events/EventTarget-impl.js:233:9)
      at HTMLInputElementImpl.dispatchEvent 
(node_modules/jsdom/lib/jsdom/living/events/EventTarget-impl.js:104:17)
      at HTMLInputElement.dispatchEvent 
(node_modules/jsdom/lib/jsdom/living/generated/EventTarget.js:241:34)
      at 
node_modules/@testing-library/user-event/dist/cjs/event/dispatchEvent.js:45:43
      at Object.eventWrapper 
(node_modules/@testing-library/dom/dist/config.js:25:23)
      at Object.wrapEvent 
(node_modules/@testing-library/user-event/dist/cjs/event/wrapEvent.js:6:28)
      at Object.dispatchEvent (node_modules/@testing-library/user-event/dist/cj
s/event/dispatchEvent.js:45:22)
      at Object.dispatchUIEvent (node_modules/@testing-library/user-event/dist/
cjs/event/dispatchEvent.js:22:26)
      at commitInput 
(node_modules/@testing-library/user-event/dist/cjs/event/input.js:145:14)
      at editInputElement 
(node_modules/@testing-library/user-event/dist/cjs/event/input.js:115:9)
      at Object.input 
(node_modules/@testing-library/user-event/dist/cjs/event/input.js:37:9)
      at node_modules/@testing-library/user-event/dist/cjs/event/behavior/keypr
ess.js:31:26
      at Object.dispatchEvent (node_modules/@testing-library/user-event/dist/cj
s/event/dispatchEvent.js:41:13)
      at Object.dispatchUIEvent (node_modules/@testing-library/user-event/dist/
cjs/event/dispatchEvent.js:22:26)
      at KeyboardHost.keydown 
(node_modules/@testing-library/user-event/dist/cjs/system/keyboard.js:76:22)
      at keyboardAction 
(node_modules/@testing-library/user-event/dist/cjs/keyboard/index.js:22:35)
      at Object.keyboard 
(node_modules/@testing-library/user-event/dist/cjs/keyboard/index.js:11:15)
      at Object.type 
(node_modules/@testing-library/user-event/dist/cjs/utility/type.js:17:5)
      at Object.<anonymous> 
(src/settings/__tests__/AccountCreatePage.test.tsx:165:9)

    console.error
      Warning: An update to AccountCreatePage inside a test was not wrapped in 
act(...).
      
      When testing, code that causes React state updates should be wrapped 
into act(...):
      
      act(() => {
        /* fire events that update state */
      });
      /* assert on the output */
      
      This ensures that you're testing the behavior the user would see in the 
browser. Learn more at https://reactjs.org/link/wrap-tests-with-act
          at AccountCreatePage (C:\Users\samhe\OneDrive\Desktop\Cleaned\fronten
d\src\settings\AccountCreatePage.tsx:32:47)
          at routeContext (C:\Users\samhe\OneDrive\Desktop\Cleaned\frontend\nod
e_modules\react-router\lib\hooks.tsx:658:26)
          at children (C:\Users\samhe\OneDrive\Desktop\Cleaned\frontend\node_mo
dules\react-router\lib\components.tsx:512:3)
          at basenameProp (C:\Users\samhe\OneDrive\Desktop\Cleaned\frontend\nod
e_modules\react-router\lib\components.tsx:421:13)
          at basename (C:\Users\samhe\OneDrive\Desktop\Cleaned\frontend\node_mo
dules\react-router\lib\components.tsx:225:3)

      147 |                         type="email"
      148 |                         value={email}
    > 149 |                         onChange={e => setEmail(e.target.value)}
          |                                        ^
      150 |                         disabled={saving}
      151 |                         className="text-sm border border-gray-300 
rounded px-2 py-1.5 focus:outline-none focus:ring-1 focus:ring-blue-400 
disabled:opacity-50"
      152 |                     />

      at printWarning 
(node_modules/react-dom/cjs/react-dom.development.js:86:30)
      at error (node_modules/react-dom/cjs/react-dom.development.js:60:7)
      at warnIfUpdatesNotWrappedWithActDEV 
(node_modules/react-dom/cjs/react-dom.development.js:27628:9)
      at scheduleUpdateOnFiber 
(node_modules/react-dom/cjs/react-dom.development.js:25547:5)
      at dispatchSetState 
(node_modules/react-dom/cjs/react-dom.development.js:16708:7)
      at onChange (src/settings/AccountCreatePage.tsx:149:40)
      at HTMLUnknownElement.callCallback 
(node_modules/react-dom/cjs/react-dom.development.js:4164:14)
      at HTMLUnknownElement.callTheUserObjectsOperation 
(node_modules/jsdom/lib/jsdom/living/generated/EventListener.js:26:30)
      at innerInvokeEventListeners 
(node_modules/jsdom/lib/jsdom/living/events/EventTarget-impl.js:350:25)
      at invokeEventListeners 
(node_modules/jsdom/lib/jsdom/living/events/EventTarget-impl.js:286:3)
      at HTMLUnknownElementImpl._dispatch 
(node_modules/jsdom/lib/jsdom/living/events/EventTarget-impl.js:233:9)
      at HTMLUnknownElementImpl.dispatchEvent 
(node_modules/jsdom/lib/jsdom/living/events/EventTarget-impl.js:104:17)
      at HTMLUnknownElement.dispatchEvent 
(node_modules/jsdom/lib/jsdom/living/generated/EventTarget.js:241:34)
      at Object.invokeGuardedCallbackDev 
(node_modules/react-dom/cjs/react-dom.development.js:4213:16)
      at invokeGuardedCallback 
(node_modules/react-dom/cjs/react-dom.development.js:4277:31)
      at invokeGuardedCallbackAndCatchFirstError 
(node_modules/react-dom/cjs/react-dom.development.js:4291:25)
      at executeDispatch 
(node_modules/react-dom/cjs/react-dom.development.js:9041:3)
      at processDispatchQueueItemsInOrder 
(node_modules/react-dom/cjs/react-dom.development.js:9073:7)
      at processDispatchQueue 
(node_modules/react-dom/cjs/react-dom.development.js:9086:5)
      at dispatchEventsForPlugins 
(node_modules/react-dom/cjs/react-dom.development.js:9097:3)
      at node_modules/react-dom/cjs/react-dom.development.js:9288:12
      at batchedUpdates$1 
(node_modules/react-dom/cjs/react-dom.development.js:26179:12)
      at batchedUpdates 
(node_modules/react-dom/cjs/react-dom.development.js:3991:12)
      at dispatchEventForPluginEventSystem 
(node_modules/react-dom/cjs/react-dom.development.js:9287:3)
      at dispatchEventWithEnableCapturePhaseSelectiveHydrationWithoutDiscreteEv
entReplay (node_modules/react-dom/cjs/react-dom.development.js:6465:5)
      at dispatchEvent 
(node_modules/react-dom/cjs/react-dom.development.js:6457:5)
      at dispatchDiscreteEvent 
(node_modules/react-dom/cjs/react-dom.development.js:6430:5)
      at HTMLDivElement.callTheUserObjectsOperation 
(node_modules/jsdom/lib/jsdom/living/generated/EventListener.js:26:30)
      at innerInvokeEventListeners 
(node_modules/jsdom/lib/jsdom/living/events/EventTarget-impl.js:350:25)
      at invokeEventListeners 
(node_modules/jsdom/lib/jsdom/living/events/EventTarget-impl.js:286:3)
      at HTMLInputElementImpl._dispatch 
(node_modules/jsdom/lib/jsdom/living/events/EventTarget-impl.js:233:9)
      at HTMLInputElementImpl.dispatchEvent 
(node_modules/jsdom/lib/jsdom/living/events/EventTarget-impl.js:104:17)
      at HTMLInputElement.dispatchEvent 
(node_modules/jsdom/lib/jsdom/living/generated/EventTarget.js:241:34)
      at 
node_modules/@testing-library/user-event/dist/cjs/event/dispatchEvent.js:45:43
      at Object.eventWrapper 
(node_modules/@testing-library/dom/dist/config.js:25:23)
      at Object.wrapEvent 
(node_modules/@testing-library/user-event/dist/cjs/event/wrapEvent.js:6:28)
      at Object.dispatchEvent (node_modules/@testing-library/user-event/dist/cj
s/event/dispatchEvent.js:45:22)
      at Object.dispatchUIEvent (node_modules/@testing-library/user-event/dist/
cjs/event/dispatchEvent.js:22:26)
      at commitInput 
(node_modules/@testing-library/user-event/dist/cjs/event/input.js:145:14)
      at editInputElement 
(node_modules/@testing-library/user-event/dist/cjs/event/input.js:115:9)
      at Object.input 
(node_modules/@testing-library/user-event/dist/cjs/event/input.js:37:9)
      at node_modules/@testing-library/user-event/dist/cjs/event/behavior/keypr
ess.js:31:26
      at Object.dispatchEvent (node_modules/@testing-library/user-event/dist/cj
s/event/dispatchEvent.js:41:13)
      at Object.dispatchUIEvent (node_modules/@testing-library/user-event/dist/
cjs/event/dispatchEvent.js:22:26)
      at KeyboardHost.keydown 
(node_modules/@testing-library/user-event/dist/cjs/system/keyboard.js:76:22)
      at keyboardAction 
(node_modules/@testing-library/user-event/dist/cjs/keyboard/index.js:22:35)
      at Object.keyboard 
(node_modules/@testing-library/user-event/dist/cjs/keyboard/index.js:11:15)
      at Object.type 
(node_modules/@testing-library/user-event/dist/cjs/utility/type.js:17:5)
      at Object.<anonymous> 
(src/settings/__tests__/AccountCreatePage.test.tsx:165:9)

    console.error
      Warning: An update to AccountCreatePage inside a test was not wrapped in 
act(...).
      
      When testing, code that causes React state updates should be wrapped 
into act(...):
      
      act(() => {
        /* fire events that update state */
      });
      /* assert on the output */
      
      This ensures that you're testing the behavior the user would see in the 
browser. Learn more at https://reactjs.org/link/wrap-tests-with-act
          at AccountCreatePage (C:\Users\samhe\OneDrive\Desktop\Cleaned\fronten
d\src\settings\AccountCreatePage.tsx:32:47)
          at routeContext (C:\Users\samhe\OneDrive\Desktop\Cleaned\frontend\nod
e_modules\react-router\lib\hooks.tsx:658:26)
          at children (C:\Users\samhe\OneDrive\Desktop\Cleaned\frontend\node_mo
dules\react-router\lib\components.tsx:512:3)
          at basenameProp (C:\Users\samhe\OneDrive\Desktop\Cleaned\frontend\nod
e_modules\react-router\lib\components.tsx:421:13)
          at basename (C:\Users\samhe\OneDrive\Desktop\Cleaned\frontend\node_mo
dules\react-router\lib\components.tsx:225:3)

      147 |                         type="email"
      148 |                         value={email}
    > 149 |                         onChange={e => setEmail(e.target.value)}
          |                                        ^
      150 |                         disabled={saving}
      151 |                         className="text-sm border border-gray-300 
rounded px-2 py-1.5 focus:outline-none focus:ring-1 focus:ring-blue-400 
disabled:opacity-50"
      152 |                     />

      at printWarning 
(node_modules/react-dom/cjs/react-dom.development.js:86:30)
      at error (node_modules/react-dom/cjs/react-dom.development.js:60:7)
      at warnIfUpdatesNotWrappedWithActDEV 
(node_modules/react-dom/cjs/react-dom.development.js:27628:9)
      at scheduleUpdateOnFiber 
(node_modules/react-dom/cjs/react-dom.development.js:25547:5)
      at dispatchSetState 
(node_modules/react-dom/cjs/react-dom.development.js:16708:7)
      at onChange (src/settings/AccountCreatePage.tsx:149:40)
      at HTMLUnknownElement.callCallback 
(node_modules/react-dom/cjs/react-dom.development.js:4164:14)
      at HTMLUnknownElement.callTheUserObjectsOperation 
(node_modules/jsdom/lib/jsdom/living/generated/EventListener.js:26:30)
      at innerInvokeEventListeners 
(node_modules/jsdom/lib/jsdom/living/events/EventTarget-impl.js:350:25)
      at invokeEventListeners 
(node_modules/jsdom/lib/jsdom/living/events/EventTarget-impl.js:286:3)
      at HTMLUnknownElementImpl._dispatch 
(node_modules/jsdom/lib/jsdom/living/events/EventTarget-impl.js:233:9)
      at HTMLUnknownElementImpl.dispatchEvent 
(node_modules/jsdom/lib/jsdom/living/events/EventTarget-impl.js:104:17)
      at HTMLUnknownElement.dispatchEvent 
(node_modules/jsdom/lib/jsdom/living/generated/EventTarget.js:241:34)
      at Object.invokeGuardedCallbackDev 
(node_modules/react-dom/cjs/react-dom.development.js:4213:16)
      at invokeGuardedCallback 
(node_modules/react-dom/cjs/react-dom.development.js:4277:31)
      at invokeGuardedCallbackAndCatchFirstError 
(node_modules/react-dom/cjs/react-dom.development.js:4291:25)
      at executeDispatch 
(node_modules/react-dom/cjs/react-dom.development.js:9041:3)
      at processDispatchQueueItemsInOrder 
(node_modules/react-dom/cjs/react-dom.development.js:9073:7)
      at processDispatchQueue 
(node_modules/react-dom/cjs/react-dom.development.js:9086:5)
      at dispatchEventsForPlugins 
(node_modules/react-dom/cjs/react-dom.development.js:9097:3)
      at node_modules/react-dom/cjs/react-dom.development.js:9288:12
      at batchedUpdates$1 
(node_modules/react-dom/cjs/react-dom.development.js:26179:12)
      at batchedUpdates 
(node_modules/react-dom/cjs/react-dom.development.js:3991:12)
      at dispatchEventForPluginEventSystem 
(node_modules/react-dom/cjs/react-dom.development.js:9287:3)
      at dispatchEventWithEnableCapturePhaseSelectiveHydrationWithoutDiscreteEv
entReplay (node_modules/react-dom/cjs/react-dom.development.js:6465:5)
      at dispatchEvent 
(node_modules/react-dom/cjs/react-dom.development.js:6457:5)
      at dispatchDiscreteEvent 
(node_modules/react-dom/cjs/react-dom.development.js:6430:5)
      at HTMLDivElement.callTheUserObjectsOperation 
(node_modules/jsdom/lib/jsdom/living/generated/EventListener.js:26:30)
      at innerInvokeEventListeners 
(node_modules/jsdom/lib/jsdom/living/events/EventTarget-impl.js:350:25)
      at invokeEventListeners 
(node_modules/jsdom/lib/jsdom/living/events/EventTarget-impl.js:286:3)
      at HTMLInputElementImpl._dispatch 
(node_modules/jsdom/lib/jsdom/living/events/EventTarget-impl.js:233:9)
      at HTMLInputElementImpl.dispatchEvent 
(node_modules/jsdom/lib/jsdom/living/events/EventTarget-impl.js:104:17)
      at HTMLInputElement.dispatchEvent 
(node_modules/jsdom/lib/jsdom/living/generated/EventTarget.js:241:34)
      at 
node_modules/@testing-library/user-event/dist/cjs/event/dispatchEvent.js:45:43
      at Object.eventWrapper 
(node_modules/@testing-library/dom/dist/config.js:25:23)
      at Object.wrapEvent 
(node_modules/@testing-library/user-event/dist/cjs/event/wrapEvent.js:6:28)
      at Object.dispatchEvent (node_modules/@testing-library/user-event/dist/cj
s/event/dispatchEvent.js:45:22)
      at Object.dispatchUIEvent (node_modules/@testing-library/user-event/dist/
cjs/event/dispatchEvent.js:22:26)
      at commitInput 
(node_modules/@testing-library/user-event/dist/cjs/event/input.js:145:14)
      at editInputElement 
(node_modules/@testing-library/user-event/dist/cjs/event/input.js:115:9)
      at Object.input 
(node_modules/@testing-library/user-event/dist/cjs/event/input.js:37:9)
      at node_modules/@testing-library/user-event/dist/cjs/event/behavior/keypr
ess.js:31:26
      at Object.dispatchEvent (node_modules/@testing-library/user-event/dist/cj
s/event/dispatchEvent.js:41:13)
      at Object.dispatchUIEvent (node_modules/@testing-library/user-event/dist/
cjs/event/dispatchEvent.js:22:26)
      at KeyboardHost.keydown 
(node_modules/@testing-library/user-event/dist/cjs/system/keyboard.js:76:22)
      at keyboardAction 
(node_modules/@testing-library/user-event/dist/cjs/keyboard/index.js:22:35)
      at Object.keyboard 
(node_modules/@testing-library/user-event/dist/cjs/keyboard/index.js:11:15)
      at Object.type 
(node_modules/@testing-library/user-event/dist/cjs/utility/type.js:17:5)
      at Object.<anonymous> 
(src/settings/__tests__/AccountCreatePage.test.tsx:165:9)

    console.error
      Warning: An update to AccountCreatePage inside a test was not wrapped in 
act(...).
      
      When testing, code that causes React state updates should be wrapped 
into act(...):
      
      act(() => {
        /* fire events that update state */
      });
      /* assert on the output */
      
      This ensures that you're testing the behavior the user would see in the 
browser. Learn more at https://reactjs.org/link/wrap-tests-with-act
          at AccountCreatePage (C:\Users\samhe\OneDrive\Desktop\Cleaned\fronten
d\src\settings\AccountCreatePage.tsx:32:47)
          at routeContext (C:\Users\samhe\OneDrive\Desktop\Cleaned\frontend\nod
e_modules\react-router\lib\hooks.tsx:658:26)
          at children (C:\Users\samhe\OneDrive\Desktop\Cleaned\frontend\node_mo
dules\react-router\lib\components.tsx:512:3)
          at basenameProp (C:\Users\samhe\OneDrive\Desktop\Cleaned\frontend\nod
e_modules\react-router\lib\components.tsx:421:13)
          at basename (C:\Users\samhe\OneDrive\Desktop\Cleaned\frontend\node_mo
dules\react-router\lib\components.tsx:225:3)

      147 |                         type="email"
      148 |                         value={email}
    > 149 |                         onChange={e => setEmail(e.target.value)}
          |                                        ^
      150 |                         disabled={saving}
      151 |                         className="text-sm border border-gray-300 
rounded px-2 py-1.5 focus:outline-none focus:ring-1 focus:ring-blue-400 
disabled:opacity-50"
      152 |                     />

      at printWarning 
(node_modules/react-dom/cjs/react-dom.development.js:86:30)
      at error (node_modules/react-dom/cjs/react-dom.development.js:60:7)
      at warnIfUpdatesNotWrappedWithActDEV 
(node_modules/react-dom/cjs/react-dom.development.js:27628:9)
      at scheduleUpdateOnFiber 
(node_modules/react-dom/cjs/react-dom.development.js:25547:5)
      at dispatchSetState 
(node_modules/react-dom/cjs/react-dom.development.js:16708:7)
      at onChange (src/settings/AccountCreatePage.tsx:149:40)
      at HTMLUnknownElement.callCallback 
(node_modules/react-dom/cjs/react-dom.development.js:4164:14)
      at HTMLUnknownElement.callTheUserObjectsOperation 
(node_modules/jsdom/lib/jsdom/living/generated/EventListener.js:26:30)
      at innerInvokeEventListeners 
(node_modules/jsdom/lib/jsdom/living/events/EventTarget-impl.js:350:25)
      at invokeEventListeners 
(node_modules/jsdom/lib/jsdom/living/events/EventTarget-impl.js:286:3)
      at HTMLUnknownElementImpl._dispatch 
(node_modules/jsdom/lib/jsdom/living/events/EventTarget-impl.js:233:9)
      at HTMLUnknownElementImpl.dispatchEvent 
(node_modules/jsdom/lib/jsdom/living/events/EventTarget-impl.js:104:17)
      at HTMLUnknownElement.dispatchEvent 
(node_modules/jsdom/lib/jsdom/living/generated/EventTarget.js:241:34)
      at Object.invokeGuardedCallbackDev 
(node_modules/react-dom/cjs/react-dom.development.js:4213:16)
      at invokeGuardedCallback 
(node_modules/react-dom/cjs/react-dom.development.js:4277:31)
      at invokeGuardedCallbackAndCatchFirstError 
(node_modules/react-dom/cjs/react-dom.development.js:4291:25)
      at executeDispatch 
(node_modules/react-dom/cjs/react-dom.development.js:9041:3)
      at processDispatchQueueItemsInOrder 
(node_modules/react-dom/cjs/react-dom.development.js:9073:7)
      at processDispatchQueue 
(node_modules/react-dom/cjs/react-dom.development.js:9086:5)
      at dispatchEventsForPlugins 
(node_modules/react-dom/cjs/react-dom.development.js:9097:3)
      at node_modules/react-dom/cjs/react-dom.development.js:9288:12
      at batchedUpdates$1 
(node_modules/react-dom/cjs/react-dom.development.js:26179:12)
      at batchedUpdates 
(node_modules/react-dom/cjs/react-dom.development.js:3991:12)
      at dispatchEventForPluginEventSystem 
(node_modules/react-dom/cjs/react-dom.development.js:9287:3)
      at dispatchEventWithEnableCapturePhaseSelectiveHydrationWithoutDiscreteEv
entReplay (node_modules/react-dom/cjs/react-dom.development.js:6465:5)
      at dispatchEvent 
(node_modules/react-dom/cjs/react-dom.development.js:6457:5)
      at dispatchDiscreteEvent 
(node_modules/react-dom/cjs/react-dom.development.js:6430:5)
      at HTMLDivElement.callTheUserObjectsOperation 
(node_modules/jsdom/lib/jsdom/living/generated/EventListener.js:26:30)
      at innerInvokeEventListeners 
(node_modules/jsdom/lib/jsdom/living/events/EventTarget-impl.js:350:25)
      at invokeEventListeners 
(node_modules/jsdom/lib/jsdom/living/events/EventTarget-impl.js:286:3)
      at HTMLInputElementImpl._dispatch 
(node_modules/jsdom/lib/jsdom/living/events/EventTarget-impl.js:233:9)
      at HTMLInputElementImpl.dispatchEvent 
(node_modules/jsdom/lib/jsdom/living/events/EventTarget-impl.js:104:17)
      at HTMLInputElement.dispatchEvent 
(node_modules/jsdom/lib/jsdom/living/generated/EventTarget.js:241:34)
      at 
node_modules/@testing-library/user-event/dist/cjs/event/dispatchEvent.js:45:43
      at Object.eventWrapper 
(node_modules/@testing-library/dom/dist/config.js:25:23)
      at Object.wrapEvent 
(node_modules/@testing-library/user-event/dist/cjs/event/wrapEvent.js:6:28)
      at Object.dispatchEvent (node_modules/@testing-library/user-event/dist/cj
s/event/dispatchEvent.js:45:22)
      at Object.dispatchUIEvent (node_modules/@testing-library/user-event/dist/
cjs/event/dispatchEvent.js:22:26)
      at commitInput 
(node_modules/@testing-library/user-event/dist/cjs/event/input.js:145:14)
      at editInputElement 
(node_modules/@testing-library/user-event/dist/cjs/event/input.js:115:9)
      at Object.input 
(node_modules/@testing-library/user-event/dist/cjs/event/input.js:37:9)
      at node_modules/@testing-library/user-event/dist/cjs/event/behavior/keypr
ess.js:31:26
      at Object.dispatchEvent (node_modules/@testing-library/user-event/dist/cj
s/event/dispatchEvent.js:41:13)
      at Object.dispatchUIEvent (node_modules/@testing-library/user-event/dist/
cjs/event/dispatchEvent.js:22:26)
      at KeyboardHost.keydown 
(node_modules/@testing-library/user-event/dist/cjs/system/keyboard.js:76:22)
      at keyboardAction 
(node_modules/@testing-library/user-event/dist/cjs/keyboard/index.js:22:35)
      at Object.keyboard 
(node_modules/@testing-library/user-event/dist/cjs/keyboard/index.js:11:15)
      at Object.type 
(node_modules/@testing-library/user-event/dist/cjs/utility/type.js:17:5)
      at Object.<anonymous> 
(src/settings/__tests__/AccountCreatePage.test.tsx:165:9)

    console.error
      Warning: An update to AccountCreatePage inside a test was not wrapped in 
act(...).
      
      When testing, code that causes React state updates should be wrapped 
into act(...):
      
      act(() => {
        /* fire events that update state */
      });
      /* assert on the output */
      
      This ensures that you're testing the behavior the user would see in the 
browser. Learn more at https://reactjs.org/link/wrap-tests-with-act
          at AccountCreatePage (C:\Users\samhe\OneDrive\Desktop\Cleaned\fronten
d\src\settings\AccountCreatePage.tsx:32:47)
          at routeContext (C:\Users\samhe\OneDrive\Desktop\Cleaned\frontend\nod
e_modules\react-router\lib\hooks.tsx:658:26)
          at children (C:\Users\samhe\OneDrive\Desktop\Cleaned\frontend\node_mo
dules\react-router\lib\components.tsx:512:3)
          at basenameProp (C:\Users\samhe\OneDrive\Desktop\Cleaned\frontend\nod
e_modules\react-router\lib\components.tsx:421:13)
          at basename (C:\Users\samhe\OneDrive\Desktop\Cleaned\frontend\node_mo
dules\react-router\lib\components.tsx:225:3)

      147 |                         type="email"
      148 |                         value={email}
    > 149 |                         onChange={e => setEmail(e.target.value)}
          |                                        ^
      150 |                         disabled={saving}
      151 |                         className="text-sm border border-gray-300 
rounded px-2 py-1.5 focus:outline-none focus:ring-1 focus:ring-blue-400 
disabled:opacity-50"
      152 |                     />

      at printWarning 
(node_modules/react-dom/cjs/react-dom.development.js:86:30)
      at error (node_modules/react-dom/cjs/react-dom.development.js:60:7)
      at warnIfUpdatesNotWrappedWithActDEV 
(node_modules/react-dom/cjs/react-dom.development.js:27628:9)
      at scheduleUpdateOnFiber 
(node_modules/react-dom/cjs/react-dom.development.js:25547:5)
      at dispatchSetState 
(node_modules/react-dom/cjs/react-dom.development.js:16708:7)
      at onChange (src/settings/AccountCreatePage.tsx:149:40)
      at HTMLUnknownElement.callCallback 
(node_modules/react-dom/cjs/react-dom.development.js:4164:14)
      at HTMLUnknownElement.callTheUserObjectsOperation 
(node_modules/jsdom/lib/jsdom/living/generated/EventListener.js:26:30)
      at innerInvokeEventListeners 
(node_modules/jsdom/lib/jsdom/living/events/EventTarget-impl.js:350:25)
      at invokeEventListeners 
(node_modules/jsdom/lib/jsdom/living/events/EventTarget-impl.js:286:3)
      at HTMLUnknownElementImpl._dispatch 
(node_modules/jsdom/lib/jsdom/living/events/EventTarget-impl.js:233:9)
      at HTMLUnknownElementImpl.dispatchEvent 
(node_modules/jsdom/lib/jsdom/living/events/EventTarget-impl.js:104:17)
      at HTMLUnknownElement.dispatchEvent 
(node_modules/jsdom/lib/jsdom/living/generated/EventTarget.js:241:34)
      at Object.invokeGuardedCallbackDev 
(node_modules/react-dom/cjs/react-dom.development.js:4213:16)
      at invokeGuardedCallback 
(node_modules/react-dom/cjs/react-dom.development.js:4277:31)
      at invokeGuardedCallbackAndCatchFirstError 
(node_modules/react-dom/cjs/react-dom.development.js:4291:25)
      at executeDispatch 
(node_modules/react-dom/cjs/react-dom.development.js:9041:3)
      at processDispatchQueueItemsInOrder 
(node_modules/react-dom/cjs/react-dom.development.js:9073:7)
      at processDispatchQueue 
(node_modules/react-dom/cjs/react-dom.development.js:9086:5)
      at dispatchEventsForPlugins 
(node_modules/react-dom/cjs/react-dom.development.js:9097:3)
      at node_modules/react-dom/cjs/react-dom.development.js:9288:12
      at batchedUpdates$1 
(node_modules/react-dom/cjs/react-dom.development.js:26179:12)
      at batchedUpdates 
(node_modules/react-dom/cjs/react-dom.development.js:3991:12)
      at dispatchEventForPluginEventSystem 
(node_modules/react-dom/cjs/react-dom.development.js:9287:3)
      at dispatchEventWithEnableCapturePhaseSelectiveHydrationWithoutDiscreteEv
entReplay (node_modules/react-dom/cjs/react-dom.development.js:6465:5)
      at dispatchEvent 
(node_modules/react-dom/cjs/react-dom.development.js:6457:5)
      at dispatchDiscreteEvent 
(node_modules/react-dom/cjs/react-dom.development.js:6430:5)
      at HTMLDivElement.callTheUserObjectsOperation 
(node_modules/jsdom/lib/jsdom/living/generated/EventListener.js:26:30)
      at innerInvokeEventListeners 
(node_modules/jsdom/lib/jsdom/living/events/EventTarget-impl.js:350:25)
      at invokeEventListeners 
(node_modules/jsdom/lib/jsdom/living/events/EventTarget-impl.js:286:3)
      at HTMLInputElementImpl._dispatch 
(node_modules/jsdom/lib/jsdom/living/events/EventTarget-impl.js:233:9)
      at HTMLInputElementImpl.dispatchEvent 
(node_modules/jsdom/lib/jsdom/living/events/EventTarget-impl.js:104:17)
      at HTMLInputElement.dispatchEvent 
(node_modules/jsdom/lib/jsdom/living/generated/EventTarget.js:241:34)
      at 
node_modules/@testing-library/user-event/dist/cjs/event/dispatchEvent.js:45:43
      at Object.eventWrapper 
(node_modules/@testing-library/dom/dist/config.js:25:23)
      at Object.wrapEvent 
(node_modules/@testing-library/user-event/dist/cjs/event/wrapEvent.js:6:28)
      at Object.dispatchEvent (node_modules/@testing-library/user-event/dist/cj
s/event/dispatchEvent.js:45:22)
      at Object.dispatchUIEvent (node_modules/@testing-library/user-event/dist/
cjs/event/dispatchEvent.js:22:26)
      at commitInput 
(node_modules/@testing-library/user-event/dist/cjs/event/input.js:145:14)
      at editInputElement 
(node_modules/@testing-library/user-event/dist/cjs/event/input.js:115:9)
      at Object.input 
(node_modules/@testing-library/user-event/dist/cjs/event/input.js:37:9)
      at node_modules/@testing-library/user-event/dist/cjs/event/behavior/keypr
ess.js:31:26
      at Object.dispatchEvent (node_modules/@testing-library/user-event/dist/cj
s/event/dispatchEvent.js:41:13)
      at Object.dispatchUIEvent (node_modules/@testing-library/user-event/dist/
cjs/event/dispatchEvent.js:22:26)
      at KeyboardHost.keydown 
(node_modules/@testing-library/user-event/dist/cjs/system/keyboard.js:76:22)
      at keyboardAction 
(node_modules/@testing-library/user-event/dist/cjs/keyboard/index.js:22:35)
      at Object.keyboard 
(node_modules/@testing-library/user-event/dist/cjs/keyboard/index.js:11:15)
      at Object.type 
(node_modules/@testing-library/user-event/dist/cjs/utility/type.js:17:5)
      at Object.<anonymous> 
(src/settings/__tests__/AccountCreatePage.test.tsx:165:9)

    console.error
      Warning: An update to AccountCreatePage inside a test was not wrapped in 
act(...).
      
      When testing, code that causes React state updates should be wrapped 
into act(...):
      
      act(() => {
        /* fire events that update state */
      });
      /* assert on the output */
      
      This ensures that you're testing the behavior the user would see in the 
browser. Learn more at https://reactjs.org/link/wrap-tests-with-act
          at AccountCreatePage (C:\Users\samhe\OneDrive\Desktop\Cleaned\fronten
d\src\settings\AccountCreatePage.tsx:32:47)
          at routeContext (C:\Users\samhe\OneDrive\Desktop\Cleaned\frontend\nod
e_modules\react-router\lib\hooks.tsx:658:26)
          at children (C:\Users\samhe\OneDrive\Desktop\Cleaned\frontend\node_mo
dules\react-router\lib\components.tsx:512:3)
          at basenameProp (C:\Users\samhe\OneDrive\Desktop\Cleaned\frontend\nod
e_modules\react-router\lib\components.tsx:421:13)
          at basename (C:\Users\samhe\OneDrive\Desktop\Cleaned\frontend\node_mo
dules\react-router\lib\components.tsx:225:3)

      147 |                         type="email"
      148 |                         value={email}
    > 149 |                         onChange={e => setEmail(e.target.value)}
          |                                        ^
      150 |                         disabled={saving}
      151 |                         className="text-sm border border-gray-300 
rounded px-2 py-1.5 focus:outline-none focus:ring-1 focus:ring-blue-400 
disabled:opacity-50"
      152 |                     />

      at printWarning 
(node_modules/react-dom/cjs/react-dom.development.js:86:30)
      at error (node_modules/react-dom/cjs/react-dom.development.js:60:7)
      at warnIfUpdatesNotWrappedWithActDEV 
(node_modules/react-dom/cjs/react-dom.development.js:27628:9)
      at scheduleUpdateOnFiber 
(node_modules/react-dom/cjs/react-dom.development.js:25547:5)
      at dispatchSetState 
(node_modules/react-dom/cjs/react-dom.development.js:16708:7)
      at onChange (src/settings/AccountCreatePage.tsx:149:40)
      at HTMLUnknownElement.callCallback 
(node_modules/react-dom/cjs/react-dom.development.js:4164:14)
      at HTMLUnknownElement.callTheUserObjectsOperation 
(node_modules/jsdom/lib/jsdom/living/generated/EventListener.js:26:30)
      at innerInvokeEventListeners 
(node_modules/jsdom/lib/jsdom/living/events/EventTarget-impl.js:350:25)
      at invokeEventListeners 
(node_modules/jsdom/lib/jsdom/living/events/EventTarget-impl.js:286:3)
      at HTMLUnknownElementImpl._dispatch 
(node_modules/jsdom/lib/jsdom/living/events/EventTarget-impl.js:233:9)
      at HTMLUnknownElementImpl.dispatchEvent 
(node_modules/jsdom/lib/jsdom/living/events/EventTarget-impl.js:104:17)
      at HTMLUnknownElement.dispatchEvent 
(node_modules/jsdom/lib/jsdom/living/generated/EventTarget.js:241:34)
      at Object.invokeGuardedCallbackDev 
(node_modules/react-dom/cjs/react-dom.development.js:4213:16)
      at invokeGuardedCallback 
(node_modules/react-dom/cjs/react-dom.development.js:4277:31)
      at invokeGuardedCallbackAndCatchFirstError 
(node_modules/react-dom/cjs/react-dom.development.js:4291:25)
      at executeDispatch 
(node_modules/react-dom/cjs/react-dom.development.js:9041:3)
      at processDispatchQueueItemsInOrder 
(node_modules/react-dom/cjs/react-dom.development.js:9073:7)
      at processDispatchQueue 
(node_modules/react-dom/cjs/react-dom.development.js:9086:5)
      at dispatchEventsForPlugins 
(node_modules/react-dom/cjs/react-dom.development.js:9097:3)
      at node_modules/react-dom/cjs/react-dom.development.js:9288:12
      at batchedUpdates$1 
(node_modules/react-dom/cjs/react-dom.development.js:26179:12)
      at batchedUpdates 
(node_modules/react-dom/cjs/react-dom.development.js:3991:12)
      at dispatchEventForPluginEventSystem 
(node_modules/react-dom/cjs/react-dom.development.js:9287:3)
      at dispatchEventWithEnableCapturePhaseSelectiveHydrationWithoutDiscreteEv
entReplay (node_modules/react-dom/cjs/react-dom.development.js:6465:5)
      at dispatchEvent 
(node_modules/react-dom/cjs/react-dom.development.js:6457:5)
      at dispatchDiscreteEvent 
(node_modules/react-dom/cjs/react-dom.development.js:6430:5)
      at HTMLDivElement.callTheUserObjectsOperation 
(node_modules/jsdom/lib/jsdom/living/generated/EventListener.js:26:30)
      at innerInvokeEventListeners 
(node_modules/jsdom/lib/jsdom/living/events/EventTarget-impl.js:350:25)
      at invokeEventListeners 
(node_modules/jsdom/lib/jsdom/living/events/EventTarget-impl.js:286:3)
      at HTMLInputElementImpl._dispatch 
(node_modules/jsdom/lib/jsdom/living/events/EventTarget-impl.js:233:9)
      at HTMLInputElementImpl.dispatchEvent 
(node_modules/jsdom/lib/jsdom/living/events/EventTarget-impl.js:104:17)
      at HTMLInputElement.dispatchEvent 
(node_modules/jsdom/lib/jsdom/living/generated/EventTarget.js:241:34)
      at 
node_modules/@testing-library/user-event/dist/cjs/event/dispatchEvent.js:45:43
      at Object.eventWrapper 
(node_modules/@testing-library/dom/dist/config.js:25:23)
      at Object.wrapEvent 
(node_modules/@testing-library/user-event/dist/cjs/event/wrapEvent.js:6:28)
      at Object.dispatchEvent (node_modules/@testing-library/user-event/dist/cj
s/event/dispatchEvent.js:45:22)
      at Object.dispatchUIEvent (node_modules/@testing-library/user-event/dist/
cjs/event/dispatchEvent.js:22:26)
      at commitInput 
(node_modules/@testing-library/user-event/dist/cjs/event/input.js:145:14)
      at editInputElement 
(node_modules/@testing-library/user-event/dist/cjs/event/input.js:115:9)
      at Object.input 
(node_modules/@testing-library/user-event/dist/cjs/event/input.js:37:9)
      at node_modules/@testing-library/user-event/dist/cjs/event/behavior/keypr
ess.js:31:26
      at Object.dispatchEvent (node_modules/@testing-library/user-event/dist/cj
s/event/dispatchEvent.js:41:13)
      at Object.dispatchUIEvent (node_modules/@testing-library/user-event/dist/
cjs/event/dispatchEvent.js:22:26)
      at KeyboardHost.keydown 
(node_modules/@testing-library/user-event/dist/cjs/system/keyboard.js:76:22)
      at keyboardAction 
(node_modules/@testing-library/user-event/dist/cjs/keyboard/index.js:22:35)
      at Object.keyboard 
(node_modules/@testing-library/user-event/dist/cjs/keyboard/index.js:11:15)
      at Object.type 
(node_modules/@testing-library/user-event/dist/cjs/utility/type.js:17:5)
      at Object.<anonymous> 
(src/settings/__tests__/AccountCreatePage.test.tsx:165:9)

    console.error
      Warning: An update to AccountCreatePage inside a test was not wrapped in 
act(...).
      
      When testing, code that causes React state updates should be wrapped 
into act(...):
      
      act(() => {
        /* fire events that update state */
      });
      /* assert on the output */
      
      This ensures that you're testing the behavior the user would see in the 
browser. Learn more at https://reactjs.org/link/wrap-tests-with-act
          at AccountCreatePage (C:\Users\samhe\OneDrive\Desktop\Cleaned\fronten
d\src\settings\AccountCreatePage.tsx:32:47)
          at routeContext (C:\Users\samhe\OneDrive\Desktop\Cleaned\frontend\nod
e_modules\react-router\lib\hooks.tsx:658:26)
          at children (C:\Users\samhe\OneDrive\Desktop\Cleaned\frontend\node_mo
dules\react-router\lib\components.tsx:512:3)
          at basenameProp (C:\Users\samhe\OneDrive\Desktop\Cleaned\frontend\nod
e_modules\react-router\lib\components.tsx:421:13)
          at basename (C:\Users\samhe\OneDrive\Desktop\Cleaned\frontend\node_mo
dules\react-router\lib\components.tsx:225:3)

      147 |                         type="email"
      148 |                         value={email}
    > 149 |                         onChange={e => setEmail(e.target.value)}
          |                                        ^
      150 |                         disabled={saving}
      151 |                         className="text-sm border border-gray-300 
rounded px-2 py-1.5 focus:outline-none focus:ring-1 focus:ring-blue-400 
disabled:opacity-50"
      152 |                     />

      at printWarning 
(node_modules/react-dom/cjs/react-dom.development.js:86:30)
      at error (node_modules/react-dom/cjs/react-dom.development.js:60:7)
      at warnIfUpdatesNotWrappedWithActDEV 
(node_modules/react-dom/cjs/react-dom.development.js:27628:9)
      at scheduleUpdateOnFiber 
(node_modules/react-dom/cjs/react-dom.development.js:25547:5)
      at dispatchSetState 
(node_modules/react-dom/cjs/react-dom.development.js:16708:7)
      at onChange (src/settings/AccountCreatePage.tsx:149:40)
      at HTMLUnknownElement.callCallback 
(node_modules/react-dom/cjs/react-dom.development.js:4164:14)
      at HTMLUnknownElement.callTheUserObjectsOperation 
(node_modules/jsdom/lib/jsdom/living/generated/EventListener.js:26:30)
      at innerInvokeEventListeners 
(node_modules/jsdom/lib/jsdom/living/events/EventTarget-impl.js:350:25)
      at invokeEventListeners 
(node_modules/jsdom/lib/jsdom/living/events/EventTarget-impl.js:286:3)
      at HTMLUnknownElementImpl._dispatch 
(node_modules/jsdom/lib/jsdom/living/events/EventTarget-impl.js:233:9)
      at HTMLUnknownElementImpl.dispatchEvent 
(node_modules/jsdom/lib/jsdom/living/events/EventTarget-impl.js:104:17)
      at HTMLUnknownElement.dispatchEvent 
(node_modules/jsdom/lib/jsdom/living/generated/EventTarget.js:241:34)
      at Object.invokeGuardedCallbackDev 
(node_modules/react-dom/cjs/react-dom.development.js:4213:16)
      at invokeGuardedCallback 
(node_modules/react-dom/cjs/react-dom.development.js:4277:31)
      at invokeGuardedCallbackAndCatchFirstError 
(node_modules/react-dom/cjs/react-dom.development.js:4291:25)
      at executeDispatch 
(node_modules/react-dom/cjs/react-dom.development.js:9041:3)
      at processDispatchQueueItemsInOrder 
(node_modules/react-dom/cjs/react-dom.development.js:9073:7)
      at processDispatchQueue 
(node_modules/react-dom/cjs/react-dom.development.js:9086:5)
      at dispatchEventsForPlugins 
(node_modules/react-dom/cjs/react-dom.development.js:9097:3)
      at node_modules/react-dom/cjs/react-dom.development.js:9288:12
      at batchedUpdates$1 
(node_modules/react-dom/cjs/react-dom.development.js:26179:12)
      at batchedUpdates 
(node_modules/react-dom/cjs/react-dom.development.js:3991:12)
      at dispatchEventForPluginEventSystem 
(node_modules/react-dom/cjs/react-dom.development.js:9287:3)
      at dispatchEventWithEnableCapturePhaseSelectiveHydrationWithoutDiscreteEv
entReplay (node_modules/react-dom/cjs/react-dom.development.js:6465:5)
      at dispatchEvent 
(node_modules/react-dom/cjs/react-dom.development.js:6457:5)
      at dispatchDiscreteEvent 
(node_modules/react-dom/cjs/react-dom.development.js:6430:5)
      at HTMLDivElement.callTheUserObjectsOperation 
(node_modules/jsdom/lib/jsdom/living/generated/EventListener.js:26:30)
      at innerInvokeEventListeners 
(node_modules/jsdom/lib/jsdom/living/events/EventTarget-impl.js:350:25)
      at invokeEventListeners 
(node_modules/jsdom/lib/jsdom/living/events/EventTarget-impl.js:286:3)
      at HTMLInputElementImpl._dispatch 
(node_modules/jsdom/lib/jsdom/living/events/EventTarget-impl.js:233:9)
      at HTMLInputElementImpl.dispatchEvent 
(node_modules/jsdom/lib/jsdom/living/events/EventTarget-impl.js:104:17)
      at HTMLInputElement.dispatchEvent 
(node_modules/jsdom/lib/jsdom/living/generated/EventTarget.js:241:34)
      at 
node_modules/@testing-library/user-event/dist/cjs/event/dispatchEvent.js:45:43
      at Object.eventWrapper 
(node_modules/@testing-library/dom/dist/config.js:25:23)
      at Object.wrapEvent 
(node_modules/@testing-library/user-event/dist/cjs/event/wrapEvent.js:6:28)
      at Object.dispatchEvent (node_modules/@testing-library/user-event/dist/cj
s/event/dispatchEvent.js:45:22)
      at Object.dispatchUIEvent (node_modules/@testing-library/user-event/dist/
cjs/event/dispatchEvent.js:22:26)
      at commitInput 
(node_modules/@testing-library/user-event/dist/cjs/event/input.js:145:14)
      at editInputElement 
(node_modules/@testing-library/user-event/dist/cjs/event/input.js:115:9)
      at Object.input 
(node_modules/@testing-library/user-event/dist/cjs/event/input.js:37:9)
      at node_modules/@testing-library/user-event/dist/cjs/event/behavior/keypr
ess.js:31:26
      at Object.dispatchEvent (node_modules/@testing-library/user-event/dist/cj
s/event/dispatchEvent.js:41:13)
      at Object.dispatchUIEvent (node_modules/@testing-library/user-event/dist/
cjs/event/dispatchEvent.js:22:26)
      at KeyboardHost.keydown 
(node_modules/@testing-library/user-event/dist/cjs/system/keyboard.js:76:22)
      at keyboardAction 
(node_modules/@testing-library/user-event/dist/cjs/keyboard/index.js:22:35)
      at Object.keyboard 
(node_modules/@testing-library/user-event/dist/cjs/keyboard/index.js:11:15)
      at Object.type 
(node_modules/@testing-library/user-event/dist/cjs/utility/type.js:17:5)
      at Object.<anonymous> 
(src/settings/__tests__/AccountCreatePage.test.tsx:165:9)

    console.error
      Warning: An update to AccountCreatePage inside a test was not wrapped in 
act(...).
      
      When testing, code that causes React state updates should be wrapped 
into act(...):
      
      act(() => {
        /* fire events that update state */
      });
      /* assert on the output */
      
      This ensures that you're testing the behavior the user would see in the 
browser. Learn more at https://reactjs.org/link/wrap-tests-with-act
          at AccountCreatePage (C:\Users\samhe\OneDrive\Desktop\Cleaned\fronten
d\src\settings\AccountCreatePage.tsx:32:47)
          at routeContext (C:\Users\samhe\OneDrive\Desktop\Cleaned\frontend\nod
e_modules\react-router\lib\hooks.tsx:658:26)
          at children (C:\Users\samhe\OneDrive\Desktop\Cleaned\frontend\node_mo
dules\react-router\lib\components.tsx:512:3)
          at basenameProp (C:\Users\samhe\OneDrive\Desktop\Cleaned\frontend\nod
e_modules\react-router\lib\components.tsx:421:13)
          at basename (C:\Users\samhe\OneDrive\Desktop\Cleaned\frontend\node_mo
dules\react-router\lib\components.tsx:225:3)

      147 |                         type="email"
      148 |                         value={email}
    > 149 |                         onChange={e => setEmail(e.target.value)}
          |                                        ^
      150 |                         disabled={saving}
      151 |                         className="text-sm border border-gray-300 
rounded px-2 py-1.5 focus:outline-none focus:ring-1 focus:ring-blue-400 
disabled:opacity-50"
      152 |                     />

      at printWarning 
(node_modules/react-dom/cjs/react-dom.development.js:86:30)
      at error (node_modules/react-dom/cjs/react-dom.development.js:60:7)
      at warnIfUpdatesNotWrappedWithActDEV 
(node_modules/react-dom/cjs/react-dom.development.js:27628:9)
      at scheduleUpdateOnFiber 
(node_modules/react-dom/cjs/react-dom.development.js:25547:5)
      at dispatchSetState 
(node_modules/react-dom/cjs/react-dom.development.js:16708:7)
      at onChange (src/settings/AccountCreatePage.tsx:149:40)
      at HTMLUnknownElement.callCallback 
(node_modules/react-dom/cjs/react-dom.development.js:4164:14)
      at HTMLUnknownElement.callTheUserObjectsOperation 
(node_modules/jsdom/lib/jsdom/living/generated/EventListener.js:26:30)
      at innerInvokeEventListeners 
(node_modules/jsdom/lib/jsdom/living/events/EventTarget-impl.js:350:25)
      at invokeEventListeners 
(node_modules/jsdom/lib/jsdom/living/events/EventTarget-impl.js:286:3)
      at HTMLUnknownElementImpl._dispatch 
(node_modules/jsdom/lib/jsdom/living/events/EventTarget-impl.js:233:9)
      at HTMLUnknownElementImpl.dispatchEvent 
(node_modules/jsdom/lib/jsdom/living/events/EventTarget-impl.js:104:17)
      at HTMLUnknownElement.dispatchEvent 
(node_modules/jsdom/lib/jsdom/living/generated/EventTarget.js:241:34)
      at Object.invokeGuardedCallbackDev 
(node_modules/react-dom/cjs/react-dom.development.js:4213:16)
      at invokeGuardedCallback 
(node_modules/react-dom/cjs/react-dom.development.js:4277:31)
      at invokeGuardedCallbackAndCatchFirstError 
(node_modules/react-dom/cjs/react-dom.development.js:4291:25)
      at executeDispatch 
(node_modules/react-dom/cjs/react-dom.development.js:9041:3)
      at processDispatchQueueItemsInOrder 
(node_modules/react-dom/cjs/react-dom.development.js:9073:7)
      at processDispatchQueue 
(node_modules/react-dom/cjs/react-dom.development.js:9086:5)
      at dispatchEventsForPlugins 
(node_modules/react-dom/cjs/react-dom.development.js:9097:3)
      at node_modules/react-dom/cjs/react-dom.development.js:9288:12
      at batchedUpdates$1 
(node_modules/react-dom/cjs/react-dom.development.js:26179:12)
      at batchedUpdates 
(node_modules/react-dom/cjs/react-dom.development.js:3991:12)
      at dispatchEventForPluginEventSystem 
(node_modules/react-dom/cjs/react-dom.development.js:9287:3)
      at dispatchEventWithEnableCapturePhaseSelectiveHydrationWithoutDiscreteEv
entReplay (node_modules/react-dom/cjs/react-dom.development.js:6465:5)
      at dispatchEvent 
(node_modules/react-dom/cjs/react-dom.development.js:6457:5)
      at dispatchDiscreteEvent 
(node_modules/react-dom/cjs/react-dom.development.js:6430:5)
      at HTMLDivElement.callTheUserObjectsOperation 
(node_modules/jsdom/lib/jsdom/living/generated/EventListener.js:26:30)
      at innerInvokeEventListeners 
(node_modules/jsdom/lib/jsdom/living/events/EventTarget-impl.js:350:25)
      at invokeEventListeners 
(node_modules/jsdom/lib/jsdom/living/events/EventTarget-impl.js:286:3)
      at HTMLInputElementImpl._dispatch 
(node_modules/jsdom/lib/jsdom/living/events/EventTarget-impl.js:233:9)
      at HTMLInputElementImpl.dispatchEvent 
(node_modules/jsdom/lib/jsdom/living/events/EventTarget-impl.js:104:17)
      at HTMLInputElement.dispatchEvent 
(node_modules/jsdom/lib/jsdom/living/generated/EventTarget.js:241:34)
      at 
node_modules/@testing-library/user-event/dist/cjs/event/dispatchEvent.js:45:43
      at Object.eventWrapper 
(node_modules/@testing-library/dom/dist/config.js:25:23)
      at Object.wrapEvent 
(node_modules/@testing-library/user-event/dist/cjs/event/wrapEvent.js:6:28)
      at Object.dispatchEvent (node_modules/@testing-library/user-event/dist/cj
s/event/dispatchEvent.js:45:22)
      at Object.dispatchUIEvent (node_modules/@testing-library/user-event/dist/
cjs/event/dispatchEvent.js:22:26)
      at commitInput 
(node_modules/@testing-library/user-event/dist/cjs/event/input.js:145:14)
      at editInputElement 
(node_modules/@testing-library/user-event/dist/cjs/event/input.js:115:9)
      at Object.input 
(node_modules/@testing-library/user-event/dist/cjs/event/input.js:37:9)
      at node_modules/@testing-library/user-event/dist/cjs/event/behavior/keypr
ess.js:31:26
      at Object.dispatchEvent (node_modules/@testing-library/user-event/dist/cj
s/event/dispatchEvent.js:41:13)
      at Object.dispatchUIEvent (node_modules/@testing-library/user-event/dist/
cjs/event/dispatchEvent.js:22:26)
      at KeyboardHost.keydown 
(node_modules/@testing-library/user-event/dist/cjs/system/keyboard.js:76:22)
      at keyboardAction 
(node_modules/@testing-library/user-event/dist/cjs/keyboard/index.js:22:35)
      at Object.keyboard 
(node_modules/@testing-library/user-event/dist/cjs/keyboard/index.js:11:15)
      at Object.type 
(node_modules/@testing-library/user-event/dist/cjs/utility/type.js:17:5)
      at Object.<anonymous> 
(src/settings/__tests__/AccountCreatePage.test.tsx:165:9)

    console.error
      Warning: An update to AccountCreatePage inside a test was not wrapped in 
act(...).
      
      When testing, code that causes React state updates should be wrapped 
into act(...):
      
      act(() => {
        /* fire events that update state */
      });
      /* assert on the output */
      
      This ensures that you're testing the behavior the user would see in the 
browser. Learn more at https://reactjs.org/link/wrap-tests-with-act
          at AccountCreatePage (C:\Users\samhe\OneDrive\Desktop\Cleaned\fronten
d\src\settings\AccountCreatePage.tsx:32:47)
          at routeContext (C:\Users\samhe\OneDrive\Desktop\Cleaned\frontend\nod
e_modules\react-router\lib\hooks.tsx:658:26)
          at children (C:\Users\samhe\OneDrive\Desktop\Cleaned\frontend\node_mo
dules\react-router\lib\components.tsx:512:3)
          at basenameProp (C:\Users\samhe\OneDrive\Desktop\Cleaned\frontend\nod
e_modules\react-router\lib\components.tsx:421:13)
          at basename (C:\Users\samhe\OneDrive\Desktop\Cleaned\frontend\node_mo
dules\react-router\lib\components.tsx:225:3)

      147 |                         type="email"
      148 |                         value={email}
    > 149 |                         onChange={e => setEmail(e.target.value)}
          |                                        ^
      150 |                         disabled={saving}
      151 |                         className="text-sm border border-gray-300 
rounded px-2 py-1.5 focus:outline-none focus:ring-1 focus:ring-blue-400 
disabled:opacity-50"
      152 |                     />

      at printWarning 
(node_modules/react-dom/cjs/react-dom.development.js:86:30)
      at error (node_modules/react-dom/cjs/react-dom.development.js:60:7)
      at warnIfUpdatesNotWrappedWithActDEV 
(node_modules/react-dom/cjs/react-dom.development.js:27628:9)
      at scheduleUpdateOnFiber 
(node_modules/react-dom/cjs/react-dom.development.js:25547:5)
      at dispatchSetState 
(node_modules/react-dom/cjs/react-dom.development.js:16708:7)
      at onChange (src/settings/AccountCreatePage.tsx:149:40)
      at HTMLUnknownElement.callCallback 
(node_modules/react-dom/cjs/react-dom.development.js:4164:14)
      at HTMLUnknownElement.callTheUserObjectsOperation 
(node_modules/jsdom/lib/jsdom/living/generated/EventListener.js:26:30)
      at innerInvokeEventListeners 
(node_modules/jsdom/lib/jsdom/living/events/EventTarget-impl.js:350:25)
      at invokeEventListeners 
(node_modules/jsdom/lib/jsdom/living/events/EventTarget-impl.js:286:3)
      at HTMLUnknownElementImpl._dispatch 
(node_modules/jsdom/lib/jsdom/living/events/EventTarget-impl.js:233:9)
      at HTMLUnknownElementImpl.dispatchEvent 
(node_modules/jsdom/lib/jsdom/living/events/EventTarget-impl.js:104:17)
      at HTMLUnknownElement.dispatchEvent 
(node_modules/jsdom/lib/jsdom/living/generated/EventTarget.js:241:34)
      at Object.invokeGuardedCallbackDev 
(node_modules/react-dom/cjs/react-dom.development.js:4213:16)
      at invokeGuardedCallback 
(node_modules/react-dom/cjs/react-dom.development.js:4277:31)
      at invokeGuardedCallbackAndCatchFirstError 
(node_modules/react-dom/cjs/react-dom.development.js:4291:25)
      at executeDispatch 
(node_modules/react-dom/cjs/react-dom.development.js:9041:3)
      at processDispatchQueueItemsInOrder 
(node_modules/react-dom/cjs/react-dom.development.js:9073:7)
      at processDispatchQueue 
(node_modules/react-dom/cjs/react-dom.development.js:9086:5)
      at dispatchEventsForPlugins 
(node_modules/react-dom/cjs/react-dom.development.js:9097:3)
      at node_modules/react-dom/cjs/react-dom.development.js:9288:12
      at batchedUpdates$1 
(node_modules/react-dom/cjs/react-dom.development.js:26179:12)
      at batchedUpdates 
(node_modules/react-dom/cjs/react-dom.development.js:3991:12)
      at dispatchEventForPluginEventSystem 
(node_modules/react-dom/cjs/react-dom.development.js:9287:3)
      at dispatchEventWithEnableCapturePhaseSelectiveHydrationWithoutDiscreteEv
entReplay (node_modules/react-dom/cjs/react-dom.development.js:6465:5)
      at dispatchEvent 
(node_modules/react-dom/cjs/react-dom.development.js:6457:5)
      at dispatchDiscreteEvent 
(node_modules/react-dom/cjs/react-dom.development.js:6430:5)
      at HTMLDivElement.callTheUserObjectsOperation 
(node_modules/jsdom/lib/jsdom/living/generated/EventListener.js:26:30)
      at innerInvokeEventListeners 
(node_modules/jsdom/lib/jsdom/living/events/EventTarget-impl.js:350:25)
      at invokeEventListeners 
(node_modules/jsdom/lib/jsdom/living/events/EventTarget-impl.js:286:3)
      at HTMLInputElementImpl._dispatch 
(node_modules/jsdom/lib/jsdom/living/events/EventTarget-impl.js:233:9)
      at HTMLInputElementImpl.dispatchEvent 
(node_modules/jsdom/lib/jsdom/living/events/EventTarget-impl.js:104:17)
      at HTMLInputElement.dispatchEvent 
(node_modules/jsdom/lib/jsdom/living/generated/EventTarget.js:241:34)
      at 
node_modules/@testing-library/user-event/dist/cjs/event/dispatchEvent.js:45:43
      at Object.eventWrapper 
(node_modules/@testing-library/dom/dist/config.js:25:23)
      at Object.wrapEvent 
(node_modules/@testing-library/user-event/dist/cjs/event/wrapEvent.js:6:28)
      at Object.dispatchEvent (node_modules/@testing-library/user-event/dist/cj
s/event/dispatchEvent.js:45:22)
      at Object.dispatchUIEvent (node_modules/@testing-library/user-event/dist/
cjs/event/dispatchEvent.js:22:26)
      at commitInput 
(node_modules/@testing-library/user-event/dist/cjs/event/input.js:145:14)
      at editInputElement 
(node_modules/@testing-library/user-event/dist/cjs/event/input.js:115:9)
      at Object.input 
(node_modules/@testing-library/user-event/dist/cjs/event/input.js:37:9)
      at node_modules/@testing-library/user-event/dist/cjs/event/behavior/keypr
ess.js:31:26
      at Object.dispatchEvent (node_modules/@testing-library/user-event/dist/cj
s/event/dispatchEvent.js:41:13)
      at Object.dispatchUIEvent (node_modules/@testing-library/user-event/dist/
cjs/event/dispatchEvent.js:22:26)
      at KeyboardHost.keydown 
(node_modules/@testing-library/user-event/dist/cjs/system/keyboard.js:76:22)
      at keyboardAction 
(node_modules/@testing-library/user-event/dist/cjs/keyboard/index.js:22:35)
      at Object.keyboard 
(node_modules/@testing-library/user-event/dist/cjs/keyboard/index.js:11:15)
      at Object.type 
(node_modules/@testing-library/user-event/dist/cjs/utility/type.js:17:5)
      at Object.<anonymous> 
(src/settings/__tests__/AccountCreatePage.test.tsx:165:9)

    console.error
      Warning: An update to AccountCreatePage inside a test was not wrapped in 
act(...).
      
      When testing, code that causes React state updates should be wrapped 
into act(...):
      
      act(() => {
        /* fire events that update state */
      });
      /* assert on the output */
      
      This ensures that you're testing the behavior the user would see in the 
browser. Learn more at https://reactjs.org/link/wrap-tests-with-act
          at AccountCreatePage (C:\Users\samhe\OneDrive\Desktop\Cleaned\fronten
d\src\settings\AccountCreatePage.tsx:32:47)
          at routeContext (C:\Users\samhe\OneDrive\Desktop\Cleaned\frontend\nod
e_modules\react-router\lib\hooks.tsx:658:26)
          at children (C:\Users\samhe\OneDrive\Desktop\Cleaned\frontend\node_mo
dules\react-router\lib\components.tsx:512:3)
          at basenameProp (C:\Users\samhe\OneDrive\Desktop\Cleaned\frontend\nod
e_modules\react-router\lib\components.tsx:421:13)
          at basename (C:\Users\samhe\OneDrive\Desktop\Cleaned\frontend\node_mo
dules\react-router\lib\components.tsx:225:3)

      147 |                         type="email"
      148 |                         value={email}
    > 149 |                         onChange={e => setEmail(e.target.value)}
          |                                        ^
      150 |                         disabled={saving}
      151 |                         className="text-sm border border-gray-300 
rounded px-2 py-1.5 focus:outline-none focus:ring-1 focus:ring-blue-400 
disabled:opacity-50"
      152 |                     />

      at printWarning 
(node_modules/react-dom/cjs/react-dom.development.js:86:30)
      at error (node_modules/react-dom/cjs/react-dom.development.js:60:7)
      at warnIfUpdatesNotWrappedWithActDEV 
(node_modules/react-dom/cjs/react-dom.development.js:27628:9)
      at scheduleUpdateOnFiber 
(node_modules/react-dom/cjs/react-dom.development.js:25547:5)
      at dispatchSetState 
(node_modules/react-dom/cjs/react-dom.development.js:16708:7)
      at onChange (src/settings/AccountCreatePage.tsx:149:40)
      at HTMLUnknownElement.callCallback 
(node_modules/react-dom/cjs/react-dom.development.js:4164:14)
      at HTMLUnknownElement.callTheUserObjectsOperation 
(node_modules/jsdom/lib/jsdom/living/generated/EventListener.js:26:30)
      at innerInvokeEventListeners 
(node_modules/jsdom/lib/jsdom/living/events/EventTarget-impl.js:350:25)
      at invokeEventListeners 
(node_modules/jsdom/lib/jsdom/living/events/EventTarget-impl.js:286:3)
      at HTMLUnknownElementImpl._dispatch 
(node_modules/jsdom/lib/jsdom/living/events/EventTarget-impl.js:233:9)
      at HTMLUnknownElementImpl.dispatchEvent 
(node_modules/jsdom/lib/jsdom/living/events/EventTarget-impl.js:104:17)
      at HTMLUnknownElement.dispatchEvent 
(node_modules/jsdom/lib/jsdom/living/generated/EventTarget.js:241:34)
      at Object.invokeGuardedCallbackDev 
(node_modules/react-dom/cjs/react-dom.development.js:4213:16)
      at invokeGuardedCallback 
(node_modules/react-dom/cjs/react-dom.development.js:4277:31)
      at invokeGuardedCallbackAndCatchFirstError 
(node_modules/react-dom/cjs/react-dom.development.js:4291:25)
      at executeDispatch 
(node_modules/react-dom/cjs/react-dom.development.js:9041:3)
      at processDispatchQueueItemsInOrder 
(node_modules/react-dom/cjs/react-dom.development.js:9073:7)
      at processDispatchQueue 
(node_modules/react-dom/cjs/react-dom.development.js:9086:5)
      at dispatchEventsForPlugins 
(node_modules/react-dom/cjs/react-dom.development.js:9097:3)
      at node_modules/react-dom/cjs/react-dom.development.js:9288:12
      at batchedUpdates$1 
(node_modules/react-dom/cjs/react-dom.development.js:26179:12)
      at batchedUpdates 
(node_modules/react-dom/cjs/react-dom.development.js:3991:12)
      at dispatchEventForPluginEventSystem 
(node_modules/react-dom/cjs/react-dom.development.js:9287:3)
      at dispatchEventWithEnableCapturePhaseSelectiveHydrationWithoutDiscreteEv
entReplay (node_modules/react-dom/cjs/react-dom.development.js:6465:5)
      at dispatchEvent 
(node_modules/react-dom/cjs/react-dom.development.js:6457:5)
      at dispatchDiscreteEvent 
(node_modules/react-dom/cjs/react-dom.development.js:6430:5)
      at HTMLDivElement.callTheUserObjectsOperation 
(node_modules/jsdom/lib/jsdom/living/generated/EventListener.js:26:30)
      at innerInvokeEventListeners 
(node_modules/jsdom/lib/jsdom/living/events/EventTarget-impl.js:350:25)
      at invokeEventListeners 
(node_modules/jsdom/lib/jsdom/living/events/EventTarget-impl.js:286:3)
      at HTMLInputElementImpl._dispatch 
(node_modules/jsdom/lib/jsdom/living/events/EventTarget-impl.js:233:9)
      at HTMLInputElementImpl.dispatchEvent 
(node_modules/jsdom/lib/jsdom/living/events/EventTarget-impl.js:104:17)
      at HTMLInputElement.dispatchEvent 
(node_modules/jsdom/lib/jsdom/living/generated/EventTarget.js:241:34)
      at 
node_modules/@testing-library/user-event/dist/cjs/event/dispatchEvent.js:45:43
      at Object.eventWrapper 
(node_modules/@testing-library/dom/dist/config.js:25:23)
      at Object.wrapEvent 
(node_modules/@testing-library/user-event/dist/cjs/event/wrapEvent.js:6:28)
      at Object.dispatchEvent (node_modules/@testing-library/user-event/dist/cj
s/event/dispatchEvent.js:45:22)
      at Object.dispatchUIEvent (node_modules/@testing-library/user-event/dist/
cjs/event/dispatchEvent.js:22:26)
      at commitInput 
(node_modules/@testing-library/user-event/dist/cjs/event/input.js:145:14)
      at editInputElement 
(node_modules/@testing-library/user-event/dist/cjs/event/input.js:115:9)
      at Object.input 
(node_modules/@testing-library/user-event/dist/cjs/event/input.js:37:9)
      at node_modules/@testing-library/user-event/dist/cjs/event/behavior/keypr
ess.js:31:26
      at Object.dispatchEvent (node_modules/@testing-library/user-event/dist/cj
s/event/dispatchEvent.js:41:13)
      at Object.dispatchUIEvent (node_modules/@testing-library/user-event/dist/
cjs/event/dispatchEvent.js:22:26)
      at KeyboardHost.keydown 
(node_modules/@testing-library/user-event/dist/cjs/system/keyboard.js:76:22)
      at keyboardAction 
(node_modules/@testing-library/user-event/dist/cjs/keyboard/index.js:22:35)
      at Object.keyboard 
(node_modules/@testing-library/user-event/dist/cjs/keyboard/index.js:11:15)
      at Object.type 
(node_modules/@testing-library/user-event/dist/cjs/utility/type.js:17:5)
      at Object.<anonymous> 
(src/settings/__tests__/AccountCreatePage.test.tsx:165:9)

    console.error
      Warning: An update to AccountCreatePage inside a test was not wrapped in 
act(...).
      
      When testing, code that causes React state updates should be wrapped 
into act(...):
      
      act(() => {
        /* fire events that update state */
      });
      /* assert on the output */
      
      This ensures that you're testing the behavior the user would see in the 
browser. Learn more at https://reactjs.org/link/wrap-tests-with-act
          at AccountCreatePage (C:\Users\samhe\OneDrive\Desktop\Cleaned\fronten
d\src\settings\AccountCreatePage.tsx:32:47)
          at routeContext (C:\Users\samhe\OneDrive\Desktop\Cleaned\frontend\nod
e_modules\react-router\lib\hooks.tsx:658:26)
          at children (C:\Users\samhe\OneDrive\Desktop\Cleaned\frontend\node_mo
dules\react-router\lib\components.tsx:512:3)
          at basenameProp (C:\Users\samhe\OneDrive\Desktop\Cleaned\frontend\nod
e_modules\react-router\lib\components.tsx:421:13)
          at basename (C:\Users\samhe\OneDrive\Desktop\Cleaned\frontend\node_mo
dules\react-router\lib\components.tsx:225:3)

      147 |                         type="email"
      148 |                         value={email}
    > 149 |                         onChange={e => setEmail(e.target.value)}
          |                                        ^
      150 |                         disabled={saving}
      151 |                         className="text-sm border border-gray-300 
rounded px-2 py-1.5 focus:outline-none focus:ring-1 focus:ring-blue-400 
disabled:opacity-50"
      152 |                     />

      at printWarning 
(node_modules/react-dom/cjs/react-dom.development.js:86:30)
      at error (node_modules/react-dom/cjs/react-dom.development.js:60:7)
      at warnIfUpdatesNotWrappedWithActDEV 
(node_modules/react-dom/cjs/react-dom.development.js:27628:9)
      at scheduleUpdateOnFiber 
(node_modules/react-dom/cjs/react-dom.development.js:25547:5)
      at dispatchSetState 
(node_modules/react-dom/cjs/react-dom.development.js:16708:7)
      at onChange (src/settings/AccountCreatePage.tsx:149:40)
      at HTMLUnknownElement.callCallback 
(node_modules/react-dom/cjs/react-dom.development.js:4164:14)
      at HTMLUnknownElement.callTheUserObjectsOperation 
(node_modules/jsdom/lib/jsdom/living/generated/EventListener.js:26:30)
      at innerInvokeEventListeners 
(node_modules/jsdom/lib/jsdom/living/events/EventTarget-impl.js:350:25)
      at invokeEventListeners 
(node_modules/jsdom/lib/jsdom/living/events/EventTarget-impl.js:286:3)
      at HTMLUnknownElementImpl._dispatch 
(node_modules/jsdom/lib/jsdom/living/events/EventTarget-impl.js:233:9)
      at HTMLUnknownElementImpl.dispatchEvent 
(node_modules/jsdom/lib/jsdom/living/events/EventTarget-impl.js:104:17)
      at HTMLUnknownElement.dispatchEvent 
(node_modules/jsdom/lib/jsdom/living/generated/EventTarget.js:241:34)
      at Object.invokeGuardedCallbackDev 
(node_modules/react-dom/cjs/react-dom.development.js:4213:16)
      at invokeGuardedCallback 
(node_modules/react-dom/cjs/react-dom.development.js:4277:31)
      at invokeGuardedCallbackAndCatchFirstError 
(node_modules/react-dom/cjs/react-dom.development.js:4291:25)
      at executeDispatch 
(node_modules/react-dom/cjs/react-dom.development.js:9041:3)
      at processDispatchQueueItemsInOrder 
(node_modules/react-dom/cjs/react-dom.development.js:9073:7)
      at processDispatchQueue 
(node_modules/react-dom/cjs/react-dom.development.js:9086:5)
      at dispatchEventsForPlugins 
(node_modules/react-dom/cjs/react-dom.development.js:9097:3)
      at node_modules/react-dom/cjs/react-dom.development.js:9288:12
      at batchedUpdates$1 
(node_modules/react-dom/cjs/react-dom.development.js:26179:12)
      at batchedUpdates 
(node_modules/react-dom/cjs/react-dom.development.js:3991:12)
      at dispatchEventForPluginEventSystem 
(node_modules/react-dom/cjs/react-dom.development.js:9287:3)
      at dispatchEventWithEnableCapturePhaseSelectiveHydrationWithoutDiscreteEv
entReplay (node_modules/react-dom/cjs/react-dom.development.js:6465:5)
      at dispatchEvent 
(node_modules/react-dom/cjs/react-dom.development.js:6457:5)
      at dispatchDiscreteEvent 
(node_modules/react-dom/cjs/react-dom.development.js:6430:5)
      at HTMLDivElement.callTheUserObjectsOperation 
(node_modules/jsdom/lib/jsdom/living/generated/EventListener.js:26:30)
      at innerInvokeEventListeners 
(node_modules/jsdom/lib/jsdom/living/events/EventTarget-impl.js:350:25)
      at invokeEventListeners 
(node_modules/jsdom/lib/jsdom/living/events/EventTarget-impl.js:286:3)
      at HTMLInputElementImpl._dispatch 
(node_modules/jsdom/lib/jsdom/living/events/EventTarget-impl.js:233:9)
      at HTMLInputElementImpl.dispatchEvent 
(node_modules/jsdom/lib/jsdom/living/events/EventTarget-impl.js:104:17)
      at HTMLInputElement.dispatchEvent 
(node_modules/jsdom/lib/jsdom/living/generated/EventTarget.js:241:34)
      at 
node_modules/@testing-library/user-event/dist/cjs/event/dispatchEvent.js:45:43
      at Object.eventWrapper 
(node_modules/@testing-library/dom/dist/config.js:25:23)
      at Object.wrapEvent 
(node_modules/@testing-library/user-event/dist/cjs/event/wrapEvent.js:6:28)
      at Object.dispatchEvent (node_modules/@testing-library/user-event/dist/cj
s/event/dispatchEvent.js:45:22)
      at Object.dispatchUIEvent (node_modules/@testing-library/user-event/dist/
cjs/event/dispatchEvent.js:22:26)
      at commitInput 
(node_modules/@testing-library/user-event/dist/cjs/event/input.js:145:14)
      at editInputElement 
(node_modules/@testing-library/user-event/dist/cjs/event/input.js:115:9)
      at Object.input 
(node_modules/@testing-library/user-event/dist/cjs/event/input.js:37:9)
      at node_modules/@testing-library/user-event/dist/cjs/event/behavior/keypr
ess.js:31:26
      at Object.dispatchEvent (node_modules/@testing-library/user-event/dist/cj
s/event/dispatchEvent.js:41:13)
      at Object.dispatchUIEvent (node_modules/@testing-library/user-event/dist/
cjs/event/dispatchEvent.js:22:26)
      at KeyboardHost.keydown 
(node_modules/@testing-library/user-event/dist/cjs/system/keyboard.js:76:22)
      at keyboardAction 
(node_modules/@testing-library/user-event/dist/cjs/keyboard/index.js:22:35)
      at Object.keyboard 
(node_modules/@testing-library/user-event/dist/cjs/keyboard/index.js:11:15)
      at Object.type 
(node_modules/@testing-library/user-event/dist/cjs/utility/type.js:17:5)
      at Object.<anonymous> 
(src/settings/__tests__/AccountCreatePage.test.tsx:165:9)

    console.error
      Warning: An update to AccountCreatePage inside a test was not wrapped in 
act(...).
      
      When testing, code that causes React state updates should be wrapped 
into act(...):
      
      act(() => {
        /* fire events that update state */
      });
      /* assert on the output */
      
      This ensures that you're testing the behavior the user would see in the 
browser. Learn more at https://reactjs.org/link/wrap-tests-with-act
          at AccountCreatePage (C:\Users\samhe\OneDrive\Desktop\Cleaned\fronten
d\src\settings\AccountCreatePage.tsx:32:47)
          at routeContext (C:\Users\samhe\OneDrive\Desktop\Cleaned\frontend\nod
e_modules\react-router\lib\hooks.tsx:658:26)
          at children (C:\Users\samhe\OneDrive\Desktop\Cleaned\frontend\node_mo
dules\react-router\lib\components.tsx:512:3)
          at basenameProp (C:\Users\samhe\OneDrive\Desktop\Cleaned\frontend\nod
e_modules\react-router\lib\components.tsx:421:13)
          at basename (C:\Users\samhe\OneDrive\Desktop\Cleaned\frontend\node_mo
dules\react-router\lib\components.tsx:225:3)

      161 |                         type="text"
      162 |                         value={username}
    > 163 |                         onChange={e => setUsername(e.target.value)}
          |                                        ^
      164 |                         disabled={saving}
      165 |                         className="text-sm border border-gray-300 
rounded px-2 py-1.5 focus:outline-none focus:ring-1 focus:ring-blue-400 
disabled:opacity-50"
      166 |                     />

      at printWarning 
(node_modules/react-dom/cjs/react-dom.development.js:86:30)
      at error (node_modules/react-dom/cjs/react-dom.development.js:60:7)
      at warnIfUpdatesNotWrappedWithActDEV 
(node_modules/react-dom/cjs/react-dom.development.js:27628:9)
      at scheduleUpdateOnFiber 
(node_modules/react-dom/cjs/react-dom.development.js:25547:5)
      at dispatchSetState 
(node_modules/react-dom/cjs/react-dom.development.js:16708:7)
      at onChange (src/settings/AccountCreatePage.tsx:163:40)
      at HTMLUnknownElement.callCallback 
(node_modules/react-dom/cjs/react-dom.development.js:4164:14)
      at HTMLUnknownElement.callTheUserObjectsOperation 
(node_modules/jsdom/lib/jsdom/living/generated/EventListener.js:26:30)
      at innerInvokeEventListeners 
(node_modules/jsdom/lib/jsdom/living/events/EventTarget-impl.js:350:25)
      at invokeEventListeners 
(node_modules/jsdom/lib/jsdom/living/events/EventTarget-impl.js:286:3)
      at HTMLUnknownElementImpl._dispatch 
(node_modules/jsdom/lib/jsdom/living/events/EventTarget-impl.js:233:9)
      at HTMLUnknownElementImpl.dispatchEvent 
(node_modules/jsdom/lib/jsdom/living/events/EventTarget-impl.js:104:17)
      at HTMLUnknownElement.dispatchEvent 
(node_modules/jsdom/lib/jsdom/living/generated/EventTarget.js:241:34)
      at Object.invokeGuardedCallbackDev 
(node_modules/react-dom/cjs/react-dom.development.js:4213:16)
      at invokeGuardedCallback 
(node_modules/react-dom/cjs/react-dom.development.js:4277:31)
      at invokeGuardedCallbackAndCatchFirstError 
(node_modules/react-dom/cjs/react-dom.development.js:4291:25)
      at executeDispatch 
(node_modules/react-dom/cjs/react-dom.development.js:9041:3)
      at processDispatchQueueItemsInOrder 
(node_modules/react-dom/cjs/react-dom.development.js:9073:7)
      at processDispatchQueue 
(node_modules/react-dom/cjs/react-dom.development.js:9086:5)
      at dispatchEventsForPlugins 
(node_modules/react-dom/cjs/react-dom.development.js:9097:3)
      at node_modules/react-dom/cjs/react-dom.development.js:9288:12
      at batchedUpdates$1 
(node_modules/react-dom/cjs/react-dom.development.js:26179:12)
      at batchedUpdates 
(node_modules/react-dom/cjs/react-dom.development.js:3991:12)
      at dispatchEventForPluginEventSystem 
(node_modules/react-dom/cjs/react-dom.development.js:9287:3)
      at dispatchEventWithEnableCapturePhaseSelectiveHydrationWithoutDiscreteEv
entReplay (node_modules/react-dom/cjs/react-dom.development.js:6465:5)
      at dispatchEvent 
(node_modules/react-dom/cjs/react-dom.development.js:6457:5)
      at dispatchDiscreteEvent 
(node_modules/react-dom/cjs/react-dom.development.js:6430:5)
      at HTMLDivElement.callTheUserObjectsOperation 
(node_modules/jsdom/lib/jsdom/living/generated/EventListener.js:26:30)
      at innerInvokeEventListeners 
(node_modules/jsdom/lib/jsdom/living/events/EventTarget-impl.js:350:25)
      at invokeEventListeners 
(node_modules/jsdom/lib/jsdom/living/events/EventTarget-impl.js:286:3)
      at HTMLInputElementImpl._dispatch 
(node_modules/jsdom/lib/jsdom/living/events/EventTarget-impl.js:233:9)
      at HTMLInputElementImpl.dispatchEvent 
(node_modules/jsdom/lib/jsdom/living/events/EventTarget-impl.js:104:17)
      at HTMLInputElement.dispatchEvent 
(node_modules/jsdom/lib/jsdom/living/generated/EventTarget.js:241:34)
      at 
node_modules/@testing-library/user-event/dist/cjs/event/dispatchEvent.js:45:43
      at Object.eventWrapper 
(node_modules/@testing-library/dom/dist/config.js:25:23)
      at Object.wrapEvent 
(node_modules/@testing-library/user-event/dist/cjs/event/wrapEvent.js:6:28)
      at Object.dispatchEvent (node_modules/@testing-library/user-event/dist/cj
s/event/dispatchEvent.js:45:22)
      at Object.dispatchUIEvent (node_modules/@testing-library/user-event/dist/
cjs/event/dispatchEvent.js:22:26)
      at commitInput 
(node_modules/@testing-library/user-event/dist/cjs/event/input.js:145:14)
      at editInputElement 
(node_modules/@testing-library/user-event/dist/cjs/event/input.js:115:9)
      at Object.input 
(node_modules/@testing-library/user-event/dist/cjs/event/input.js:37:9)
      at node_modules/@testing-library/user-event/dist/cjs/event/behavior/keypr
ess.js:31:26
      at Object.dispatchEvent (node_modules/@testing-library/user-event/dist/cj
s/event/dispatchEvent.js:41:13)
      at Object.dispatchUIEvent (node_modules/@testing-library/user-event/dist/
cjs/event/dispatchEvent.js:22:26)
      at KeyboardHost.keydown 
(node_modules/@testing-library/user-event/dist/cjs/system/keyboard.js:76:22)
      at keyboardAction 
(node_modules/@testing-library/user-event/dist/cjs/keyboard/index.js:22:35)
      at Object.keyboard 
(node_modules/@testing-library/user-event/dist/cjs/keyboard/index.js:11:15)
      at Object.type 
(node_modules/@testing-library/user-event/dist/cjs/utility/type.js:17:5)
      at Object.<anonymous> 
(src/settings/__tests__/AccountCreatePage.test.tsx:166:9)

    console.error
      Warning: An update to AccountCreatePage inside a test was not wrapped in 
act(...).
      
      When testing, code that causes React state updates should be wrapped 
into act(...):
      
      act(() => {
        /* fire events that update state */
      });
      /* assert on the output */
      
      This ensures that you're testing the behavior the user would see in the 
browser. Learn more at https://reactjs.org/link/wrap-tests-with-act
          at AccountCreatePage (C:\Users\samhe\OneDrive\Desktop\Cleaned\fronten
d\src\settings\AccountCreatePage.tsx:32:47)
          at routeContext (C:\Users\samhe\OneDrive\Desktop\Cleaned\frontend\nod
e_modules\react-router\lib\hooks.tsx:658:26)
          at children (C:\Users\samhe\OneDrive\Desktop\Cleaned\frontend\node_mo
dules\react-router\lib\components.tsx:512:3)
          at basenameProp (C:\Users\samhe\OneDrive\Desktop\Cleaned\frontend\nod
e_modules\react-router\lib\components.tsx:421:13)
          at basename (C:\Users\samhe\OneDrive\Desktop\Cleaned\frontend\node_mo
dules\react-router\lib\components.tsx:225:3)

      161 |                         type="text"
      162 |                         value={username}
    > 163 |                         onChange={e => setUsername(e.target.value)}
          |                                        ^
      164 |                         disabled={saving}
      165 |                         className="text-sm border border-gray-300 
rounded px-2 py-1.5 focus:outline-none focus:ring-1 focus:ring-blue-400 
disabled:opacity-50"
      166 |                     />

      at printWarning 
(node_modules/react-dom/cjs/react-dom.development.js:86:30)
      at error (node_modules/react-dom/cjs/react-dom.development.js:60:7)
      at warnIfUpdatesNotWrappedWithActDEV 
(node_modules/react-dom/cjs/react-dom.development.js:27628:9)
      at scheduleUpdateOnFiber 
(node_modules/react-dom/cjs/react-dom.development.js:25547:5)
      at dispatchSetState 
(node_modules/react-dom/cjs/react-dom.development.js:16708:7)
      at onChange (src/settings/AccountCreatePage.tsx:163:40)
      at HTMLUnknownElement.callCallback 
(node_modules/react-dom/cjs/react-dom.development.js:4164:14)
      at HTMLUnknownElement.callTheUserObjectsOperation 
(node_modules/jsdom/lib/jsdom/living/generated/EventListener.js:26:30)
      at innerInvokeEventListeners 
(node_modules/jsdom/lib/jsdom/living/events/EventTarget-impl.js:350:25)
      at invokeEventListeners 
(node_modules/jsdom/lib/jsdom/living/events/EventTarget-impl.js:286:3)
      at HTMLUnknownElementImpl._dispatch 
(node_modules/jsdom/lib/jsdom/living/events/EventTarget-impl.js:233:9)
      at HTMLUnknownElementImpl.dispatchEvent 
(node_modules/jsdom/lib/jsdom/living/events/EventTarget-impl.js:104:17)
      at HTMLUnknownElement.dispatchEvent 
(node_modules/jsdom/lib/jsdom/living/generated/EventTarget.js:241:34)
      at Object.invokeGuardedCallbackDev 
(node_modules/react-dom/cjs/react-dom.development.js:4213:16)
      at invokeGuardedCallback 
(node_modules/react-dom/cjs/react-dom.development.js:4277:31)
      at invokeGuardedCallbackAndCatchFirstError 
(node_modules/react-dom/cjs/react-dom.development.js:4291:25)
      at executeDispatch 
(node_modules/react-dom/cjs/react-dom.development.js:9041:3)
      at processDispatchQueueItemsInOrder 
(node_modules/react-dom/cjs/react-dom.development.js:9073:7)
      at processDispatchQueue 
(node_modules/react-dom/cjs/react-dom.development.js:9086:5)
      at dispatchEventsForPlugins 
(node_modules/react-dom/cjs/react-dom.development.js:9097:3)
      at node_modules/react-dom/cjs/react-dom.development.js:9288:12
      at batchedUpdates$1 
(node_modules/react-dom/cjs/react-dom.development.js:26179:12)
      at batchedUpdates 
(node_modules/react-dom/cjs/react-dom.development.js:3991:12)
      at dispatchEventForPluginEventSystem 
(node_modules/react-dom/cjs/react-dom.development.js:9287:3)
      at dispatchEventWithEnableCapturePhaseSelectiveHydrationWithoutDiscreteEv
entReplay (node_modules/react-dom/cjs/react-dom.development.js:6465:5)
      at dispatchEvent 
(node_modules/react-dom/cjs/react-dom.development.js:6457:5)
      at dispatchDiscreteEvent 
(node_modules/react-dom/cjs/react-dom.development.js:6430:5)
      at HTMLDivElement.callTheUserObjectsOperation 
(node_modules/jsdom/lib/jsdom/living/generated/EventListener.js:26:30)
      at innerInvokeEventListeners 
(node_modules/jsdom/lib/jsdom/living/events/EventTarget-impl.js:350:25)
      at invokeEventListeners 
(node_modules/jsdom/lib/jsdom/living/events/EventTarget-impl.js:286:3)
      at HTMLInputElementImpl._dispatch 
(node_modules/jsdom/lib/jsdom/living/events/EventTarget-impl.js:233:9)
      at HTMLInputElementImpl.dispatchEvent 
(node_modules/jsdom/lib/jsdom/living/events/EventTarget-impl.js:104:17)
      at HTMLInputElement.dispatchEvent 
(node_modules/jsdom/lib/jsdom/living/generated/EventTarget.js:241:34)
      at 
node_modules/@testing-library/user-event/dist/cjs/event/dispatchEvent.js:45:43
      at Object.eventWrapper 
(node_modules/@testing-library/dom/dist/config.js:25:23)
      at Object.wrapEvent 
(node_modules/@testing-library/user-event/dist/cjs/event/wrapEvent.js:6:28)
      at Object.dispatchEvent (node_modules/@testing-library/user-event/dist/cj
s/event/dispatchEvent.js:45:22)
      at Object.dispatchUIEvent (node_modules/@testing-library/user-event/dist/
cjs/event/dispatchEvent.js:22:26)
      at commitInput 
(node_modules/@testing-library/user-event/dist/cjs/event/input.js:145:14)
      at editInputElement 
(node_modules/@testing-library/user-event/dist/cjs/event/input.js:115:9)
      at Object.input 
(node_modules/@testing-library/user-event/dist/cjs/event/input.js:37:9)
      at node_modules/@testing-library/user-event/dist/cjs/event/behavior/keypr
ess.js:31:26
      at Object.dispatchEvent (node_modules/@testing-library/user-event/dist/cj
s/event/dispatchEvent.js:41:13)
      at Object.dispatchUIEvent (node_modules/@testing-library/user-event/dist/
cjs/event/dispatchEvent.js:22:26)
      at KeyboardHost.keydown 
(node_modules/@testing-library/user-event/dist/cjs/system/keyboard.js:76:22)
      at keyboardAction 
(node_modules/@testing-library/user-event/dist/cjs/keyboard/index.js:22:35)
      at Object.keyboard 
(node_modules/@testing-library/user-event/dist/cjs/keyboard/index.js:11:15)
      at Object.type 
(node_modules/@testing-library/user-event/dist/cjs/utility/type.js:17:5)
      at Object.<anonymous> 
(src/settings/__tests__/AccountCreatePage.test.tsx:166:9)

    console.error
      Warning: An update to AccountCreatePage inside a test was not wrapped in 
act(...).
      
      When testing, code that causes React state updates should be wrapped 
into act(...):
      
      act(() => {
        /* fire events that update state */
      });
      /* assert on the output */
      
      This ensures that you're testing the behavior the user would see in the 
browser. Learn more at https://reactjs.org/link/wrap-tests-with-act
          at AccountCreatePage (C:\Users\samhe\OneDrive\Desktop\Cleaned\fronten
d\src\settings\AccountCreatePage.tsx:32:47)
          at routeContext (C:\Users\samhe\OneDrive\Desktop\Cleaned\frontend\nod
e_modules\react-router\lib\hooks.tsx:658:26)
          at children (C:\Users\samhe\OneDrive\Desktop\Cleaned\frontend\node_mo
dules\react-router\lib\components.tsx:512:3)
          at basenameProp (C:\Users\samhe\OneDrive\Desktop\Cleaned\frontend\nod
e_modules\react-router\lib\components.tsx:421:13)
          at basename (C:\Users\samhe\OneDrive\Desktop\Cleaned\frontend\node_mo
dules\react-router\lib\components.tsx:225:3)

      161 |                         type="text"
      162 |                         value={username}
    > 163 |                         onChange={e => setUsername(e.target.value)}
          |                                        ^
      164 |                         disabled={saving}
      165 |                         className="text-sm border border-gray-300 
rounded px-2 py-1.5 focus:outline-none focus:ring-1 focus:ring-blue-400 
disabled:opacity-50"
      166 |                     />

      at printWarning 
(node_modules/react-dom/cjs/react-dom.development.js:86:30)
      at error (node_modules/react-dom/cjs/react-dom.development.js:60:7)
      at warnIfUpdatesNotWrappedWithActDEV 
(node_modules/react-dom/cjs/react-dom.development.js:27628:9)
      at scheduleUpdateOnFiber 
(node_modules/react-dom/cjs/react-dom.development.js:25547:5)
      at dispatchSetState 
(node_modules/react-dom/cjs/react-dom.development.js:16708:7)
      at onChange (src/settings/AccountCreatePage.tsx:163:40)
      at HTMLUnknownElement.callCallback 
(node_modules/react-dom/cjs/react-dom.development.js:4164:14)
      at HTMLUnknownElement.callTheUserObjectsOperation 
(node_modules/jsdom/lib/jsdom/living/generated/EventListener.js:26:30)
      at innerInvokeEventListeners 
(node_modules/jsdom/lib/jsdom/living/events/EventTarget-impl.js:350:25)
      at invokeEventListeners 
(node_modules/jsdom/lib/jsdom/living/events/EventTarget-impl.js:286:3)
      at HTMLUnknownElementImpl._dispatch 
(node_modules/jsdom/lib/jsdom/living/events/EventTarget-impl.js:233:9)
      at HTMLUnknownElementImpl.dispatchEvent 
(node_modules/jsdom/lib/jsdom/living/events/EventTarget-impl.js:104:17)
      at HTMLUnknownElement.dispatchEvent 
(node_modules/jsdom/lib/jsdom/living/generated/EventTarget.js:241:34)
      at Object.invokeGuardedCallbackDev 
(node_modules/react-dom/cjs/react-dom.development.js:4213:16)
      at invokeGuardedCallback 
(node_modules/react-dom/cjs/react-dom.development.js:4277:31)
      at invokeGuardedCallbackAndCatchFirstError 
(node_modules/react-dom/cjs/react-dom.development.js:4291:25)
      at executeDispatch 
(node_modules/react-dom/cjs/react-dom.development.js:9041:3)
      at processDispatchQueueItemsInOrder 
(node_modules/react-dom/cjs/react-dom.development.js:9073:7)
      at processDispatchQueue 
(node_modules/react-dom/cjs/react-dom.development.js:9086:5)
      at dispatchEventsForPlugins 
(node_modules/react-dom/cjs/react-dom.development.js:9097:3)
      at node_modules/react-dom/cjs/react-dom.development.js:9288:12
      at batchedUpdates$1 
(node_modules/react-dom/cjs/react-dom.development.js:26179:12)
      at batchedUpdates 
(node_modules/react-dom/cjs/react-dom.development.js:3991:12)
      at dispatchEventForPluginEventSystem 
(node_modules/react-dom/cjs/react-dom.development.js:9287:3)
      at dispatchEventWithEnableCapturePhaseSelectiveHydrationWithoutDiscreteEv
entReplay (node_modules/react-dom/cjs/react-dom.development.js:6465:5)
      at dispatchEvent 
(node_modules/react-dom/cjs/react-dom.development.js:6457:5)
      at dispatchDiscreteEvent 
(node_modules/react-dom/cjs/react-dom.development.js:6430:5)
      at HTMLDivElement.callTheUserObjectsOperation 
(node_modules/jsdom/lib/jsdom/living/generated/EventListener.js:26:30)
      at innerInvokeEventListeners 
(node_modules/jsdom/lib/jsdom/living/events/EventTarget-impl.js:350:25)
      at invokeEventListeners 
(node_modules/jsdom/lib/jsdom/living/events/EventTarget-impl.js:286:3)
      at HTMLInputElementImpl._dispatch 
(node_modules/jsdom/lib/jsdom/living/events/EventTarget-impl.js:233:9)
      at HTMLInputElementImpl.dispatchEvent 
(node_modules/jsdom/lib/jsdom/living/events/EventTarget-impl.js:104:17)
      at HTMLInputElement.dispatchEvent 
(node_modules/jsdom/lib/jsdom/living/generated/EventTarget.js:241:34)
      at 
node_modules/@testing-library/user-event/dist/cjs/event/dispatchEvent.js:45:43
      at Object.eventWrapper 
(node_modules/@testing-library/dom/dist/config.js:25:23)
      at Object.wrapEvent 
(node_modules/@testing-library/user-event/dist/cjs/event/wrapEvent.js:6:28)
      at Object.dispatchEvent (node_modules/@testing-library/user-event/dist/cj
s/event/dispatchEvent.js:45:22)
      at Object.dispatchUIEvent (node_modules/@testing-library/user-event/dist/
cjs/event/dispatchEvent.js:22:26)
      at commitInput 
(node_modules/@testing-library/user-event/dist/cjs/event/input.js:145:14)
      at editInputElement 
(node_modules/@testing-library/user-event/dist/cjs/event/input.js:115:9)
      at Object.input 
(node_modules/@testing-library/user-event/dist/cjs/event/input.js:37:9)
      at node_modules/@testing-library/user-event/dist/cjs/event/behavior/keypr
ess.js:31:26
      at Object.dispatchEvent (node_modules/@testing-library/user-event/dist/cj
s/event/dispatchEvent.js:41:13)
      at Object.dispatchUIEvent (node_modules/@testing-library/user-event/dist/
cjs/event/dispatchEvent.js:22:26)
      at KeyboardHost.keydown 
(node_modules/@testing-library/user-event/dist/cjs/system/keyboard.js:76:22)
      at keyboardAction 
(node_modules/@testing-library/user-event/dist/cjs/keyboard/index.js:22:35)
      at Object.keyboard 
(node_modules/@testing-library/user-event/dist/cjs/keyboard/index.js:11:15)
      at Object.type 
(node_modules/@testing-library/user-event/dist/cjs/utility/type.js:17:5)
      at Object.<anonymous> 
(src/settings/__tests__/AccountCreatePage.test.tsx:166:9)

    console.error
      Warning: An update to AccountCreatePage inside a test was not wrapped in 
act(...).
      
      When testing, code that causes React state updates should be wrapped 
into act(...):
      
      act(() => {
        /* fire events that update state */
      });
      /* assert on the output */
      
      This ensures that you're testing the behavior the user would see in the 
browser. Learn more at https://reactjs.org/link/wrap-tests-with-act
          at AccountCreatePage (C:\Users\samhe\OneDrive\Desktop\Cleaned\fronten
d\src\settings\AccountCreatePage.tsx:32:47)
          at routeContext (C:\Users\samhe\OneDrive\Desktop\Cleaned\frontend\nod
e_modules\react-router\lib\hooks.tsx:658:26)
          at children (C:\Users\samhe\OneDrive\Desktop\Cleaned\frontend\node_mo
dules\react-router\lib\components.tsx:512:3)
          at basenameProp (C:\Users\samhe\OneDrive\Desktop\Cleaned\frontend\nod
e_modules\react-router\lib\components.tsx:421:13)
          at basename (C:\Users\samhe\OneDrive\Desktop\Cleaned\frontend\node_mo
dules\react-router\lib\components.tsx:225:3)

      161 |                         type="text"
      162 |                         value={username}
    > 163 |                         onChange={e => setUsername(e.target.value)}
          |                                        ^
      164 |                         disabled={saving}
      165 |                         className="text-sm border border-gray-300 
rounded px-2 py-1.5 focus:outline-none focus:ring-1 focus:ring-blue-400 
disabled:opacity-50"
      166 |                     />

      at printWarning 
(node_modules/react-dom/cjs/react-dom.development.js:86:30)
      at error (node_modules/react-dom/cjs/react-dom.development.js:60:7)
      at warnIfUpdatesNotWrappedWithActDEV 
(node_modules/react-dom/cjs/react-dom.development.js:27628:9)
      at scheduleUpdateOnFiber 
(node_modules/react-dom/cjs/react-dom.development.js:25547:5)
      at dispatchSetState 
(node_modules/react-dom/cjs/react-dom.development.js:16708:7)
      at onChange (src/settings/AccountCreatePage.tsx:163:40)
      at HTMLUnknownElement.callCallback 
(node_modules/react-dom/cjs/react-dom.development.js:4164:14)
      at HTMLUnknownElement.callTheUserObjectsOperation 
(node_modules/jsdom/lib/jsdom/living/generated/EventListener.js:26:30)
      at innerInvokeEventListeners 
(node_modules/jsdom/lib/jsdom/living/events/EventTarget-impl.js:350:25)
      at invokeEventListeners 
(node_modules/jsdom/lib/jsdom/living/events/EventTarget-impl.js:286:3)
      at HTMLUnknownElementImpl._dispatch 
(node_modules/jsdom/lib/jsdom/living/events/EventTarget-impl.js:233:9)
      at HTMLUnknownElementImpl.dispatchEvent 
(node_modules/jsdom/lib/jsdom/living/events/EventTarget-impl.js:104:17)
      at HTMLUnknownElement.dispatchEvent 
(node_modules/jsdom/lib/jsdom/living/generated/EventTarget.js:241:34)
      at Object.invokeGuardedCallbackDev 
(node_modules/react-dom/cjs/react-dom.development.js:4213:16)
      at invokeGuardedCallback 
(node_modules/react-dom/cjs/react-dom.development.js:4277:31)
      at invokeGuardedCallbackAndCatchFirstError 
(node_modules/react-dom/cjs/react-dom.development.js:4291:25)
      at executeDispatch 
(node_modules/react-dom/cjs/react-dom.development.js:9041:3)
      at processDispatchQueueItemsInOrder 
(node_modules/react-dom/cjs/react-dom.development.js:9073:7)
      at processDispatchQueue 
(node_modules/react-dom/cjs/react-dom.development.js:9086:5)
      at dispatchEventsForPlugins 
(node_modules/react-dom/cjs/react-dom.development.js:9097:3)
      at node_modules/react-dom/cjs/react-dom.development.js:9288:12
      at batchedUpdates$1 
(node_modules/react-dom/cjs/react-dom.development.js:26179:12)
      at batchedUpdates 
(node_modules/react-dom/cjs/react-dom.development.js:3991:12)
      at dispatchEventForPluginEventSystem 
(node_modules/react-dom/cjs/react-dom.development.js:9287:3)
      at dispatchEventWithEnableCapturePhaseSelectiveHydrationWithoutDiscreteEv
entReplay (node_modules/react-dom/cjs/react-dom.development.js:6465:5)
      at dispatchEvent 
(node_modules/react-dom/cjs/react-dom.development.js:6457:5)
      at dispatchDiscreteEvent 
(node_modules/react-dom/cjs/react-dom.development.js:6430:5)
      at HTMLDivElement.callTheUserObjectsOperation 
(node_modules/jsdom/lib/jsdom/living/generated/EventListener.js:26:30)
      at innerInvokeEventListeners 
(node_modules/jsdom/lib/jsdom/living/events/EventTarget-impl.js:350:25)
      at invokeEventListeners 
(node_modules/jsdom/lib/jsdom/living/events/EventTarget-impl.js:286:3)
      at HTMLInputElementImpl._dispatch 
(node_modules/jsdom/lib/jsdom/living/events/EventTarget-impl.js:233:9)
      at HTMLInputElementImpl.dispatchEvent 
(node_modules/jsdom/lib/jsdom/living/events/EventTarget-impl.js:104:17)
      at HTMLInputElement.dispatchEvent 
(node_modules/jsdom/lib/jsdom/living/generated/EventTarget.js:241:34)
      at 
node_modules/@testing-library/user-event/dist/cjs/event/dispatchEvent.js:45:43
      at Object.eventWrapper 
(node_modules/@testing-library/dom/dist/config.js:25:23)
      at Object.wrapEvent 
(node_modules/@testing-library/user-event/dist/cjs/event/wrapEvent.js:6:28)
      at Object.dispatchEvent (node_modules/@testing-library/user-event/dist/cj
s/event/dispatchEvent.js:45:22)
      at Object.dispatchUIEvent (node_modules/@testing-library/user-event/dist/
cjs/event/dispatchEvent.js:22:26)
      at commitInput 
(node_modules/@testing-library/user-event/dist/cjs/event/input.js:145:14)
      at editInputElement 
(node_modules/@testing-library/user-event/dist/cjs/event/input.js:115:9)
      at Object.input 
(node_modules/@testing-library/user-event/dist/cjs/event/input.js:37:9)
      at node_modules/@testing-library/user-event/dist/cjs/event/behavior/keypr
ess.js:31:26
      at Object.dispatchEvent (node_modules/@testing-library/user-event/dist/cj
s/event/dispatchEvent.js:41:13)
      at Object.dispatchUIEvent (node_modules/@testing-library/user-event/dist/
cjs/event/dispatchEvent.js:22:26)
      at KeyboardHost.keydown 
(node_modules/@testing-library/user-event/dist/cjs/system/keyboard.js:76:22)
      at keyboardAction 
(node_modules/@testing-library/user-event/dist/cjs/keyboard/index.js:22:35)
      at Object.keyboard 
(node_modules/@testing-library/user-event/dist/cjs/keyboard/index.js:11:15)
      at Object.type 
(node_modules/@testing-library/user-event/dist/cjs/utility/type.js:17:5)
      at Object.<anonymous> 
(src/settings/__tests__/AccountCreatePage.test.tsx:166:9)

    console.error
      Warning: An update to AccountCreatePage inside a test was not wrapped in 
act(...).
      
      When testing, code that causes React state updates should be wrapped 
into act(...):
      
      act(() => {
        /* fire events that update state */
      });
      /* assert on the output */
      
      This ensures that you're testing the behavior the user would see in the 
browser. Learn more at https://reactjs.org/link/wrap-tests-with-act
          at AccountCreatePage (C:\Users\samhe\OneDrive\Desktop\Cleaned\fronten
d\src\settings\AccountCreatePage.tsx:32:47)
          at routeContext (C:\Users\samhe\OneDrive\Desktop\Cleaned\frontend\nod
e_modules\react-router\lib\hooks.tsx:658:26)
          at children (C:\Users\samhe\OneDrive\Desktop\Cleaned\frontend\node_mo
dules\react-router\lib\components.tsx:512:3)
          at basenameProp (C:\Users\samhe\OneDrive\Desktop\Cleaned\frontend\nod
e_modules\react-router\lib\components.tsx:421:13)
          at basename (C:\Users\samhe\OneDrive\Desktop\Cleaned\frontend\node_mo
dules\react-router\lib\components.tsx:225:3)

      161 |                         type="text"
      162 |                         value={username}
    > 163 |                         onChange={e => setUsername(e.target.value)}
          |                                        ^
      164 |                         disabled={saving}
      165 |                         className="text-sm border border-gray-300 
rounded px-2 py-1.5 focus:outline-none focus:ring-1 focus:ring-blue-400 
disabled:opacity-50"
      166 |                     />

      at printWarning 
(node_modules/react-dom/cjs/react-dom.development.js:86:30)
      at error (node_modules/react-dom/cjs/react-dom.development.js:60:7)
      at warnIfUpdatesNotWrappedWithActDEV 
(node_modules/react-dom/cjs/react-dom.development.js:27628:9)
      at scheduleUpdateOnFiber 
(node_modules/react-dom/cjs/react-dom.development.js:25547:5)
      at dispatchSetState 
(node_modules/react-dom/cjs/react-dom.development.js:16708:7)
      at onChange (src/settings/AccountCreatePage.tsx:163:40)
      at HTMLUnknownElement.callCallback 
(node_modules/react-dom/cjs/react-dom.development.js:4164:14)
      at HTMLUnknownElement.callTheUserObjectsOperation 
(node_modules/jsdom/lib/jsdom/living/generated/EventListener.js:26:30)
      at innerInvokeEventListeners 
(node_modules/jsdom/lib/jsdom/living/events/EventTarget-impl.js:350:25)
      at invokeEventListeners 
(node_modules/jsdom/lib/jsdom/living/events/EventTarget-impl.js:286:3)
      at HTMLUnknownElementImpl._dispatch 
(node_modules/jsdom/lib/jsdom/living/events/EventTarget-impl.js:233:9)
      at HTMLUnknownElementImpl.dispatchEvent 
(node_modules/jsdom/lib/jsdom/living/events/EventTarget-impl.js:104:17)
      at HTMLUnknownElement.dispatchEvent 
(node_modules/jsdom/lib/jsdom/living/generated/EventTarget.js:241:34)
      at Object.invokeGuardedCallbackDev 
(node_modules/react-dom/cjs/react-dom.development.js:4213:16)
      at invokeGuardedCallback 
(node_modules/react-dom/cjs/react-dom.development.js:4277:31)
      at invokeGuardedCallbackAndCatchFirstError 
(node_modules/react-dom/cjs/react-dom.development.js:4291:25)
      at executeDispatch 
(node_modules/react-dom/cjs/react-dom.development.js:9041:3)
      at processDispatchQueueItemsInOrder 
(node_modules/react-dom/cjs/react-dom.development.js:9073:7)
      at processDispatchQueue 
(node_modules/react-dom/cjs/react-dom.development.js:9086:5)
      at dispatchEventsForPlugins 
(node_modules/react-dom/cjs/react-dom.development.js:9097:3)
      at node_modules/react-dom/cjs/react-dom.development.js:9288:12
      at batchedUpdates$1 
(node_modules/react-dom/cjs/react-dom.development.js:26179:12)
      at batchedUpdates 
(node_modules/react-dom/cjs/react-dom.development.js:3991:12)
      at dispatchEventForPluginEventSystem 
(node_modules/react-dom/cjs/react-dom.development.js:9287:3)
      at dispatchEventWithEnableCapturePhaseSelectiveHydrationWithoutDiscreteEv
entReplay (node_modules/react-dom/cjs/react-dom.development.js:6465:5)
      at dispatchEvent 
(node_modules/react-dom/cjs/react-dom.development.js:6457:5)
      at dispatchDiscreteEvent 
(node_modules/react-dom/cjs/react-dom.development.js:6430:5)
      at HTMLDivElement.callTheUserObjectsOperation 
(node_modules/jsdom/lib/jsdom/living/generated/EventListener.js:26:30)
      at innerInvokeEventListeners 
(node_modules/jsdom/lib/jsdom/living/events/EventTarget-impl.js:350:25)
      at invokeEventListeners 
(node_modules/jsdom/lib/jsdom/living/events/EventTarget-impl.js:286:3)
      at HTMLInputElementImpl._dispatch 
(node_modules/jsdom/lib/jsdom/living/events/EventTarget-impl.js:233:9)
      at HTMLInputElementImpl.dispatchEvent 
(node_modules/jsdom/lib/jsdom/living/events/EventTarget-impl.js:104:17)
      at HTMLInputElement.dispatchEvent 
(node_modules/jsdom/lib/jsdom/living/generated/EventTarget.js:241:34)
      at 
node_modules/@testing-library/user-event/dist/cjs/event/dispatchEvent.js:45:43
      at Object.eventWrapper 
(node_modules/@testing-library/dom/dist/config.js:25:23)
      at Object.wrapEvent 
(node_modules/@testing-library/user-event/dist/cjs/event/wrapEvent.js:6:28)
      at Object.dispatchEvent (node_modules/@testing-library/user-event/dist/cj
s/event/dispatchEvent.js:45:22)
      at Object.dispatchUIEvent (node_modules/@testing-library/user-event/dist/
cjs/event/dispatchEvent.js:22:26)
      at commitInput 
(node_modules/@testing-library/user-event/dist/cjs/event/input.js:145:14)
      at editInputElement 
(node_modules/@testing-library/user-event/dist/cjs/event/input.js:115:9)
      at Object.input 
(node_modules/@testing-library/user-event/dist/cjs/event/input.js:37:9)
      at node_modules/@testing-library/user-event/dist/cjs/event/behavior/keypr
ess.js:31:26
      at Object.dispatchEvent (node_modules/@testing-library/user-event/dist/cj
s/event/dispatchEvent.js:41:13)
      at Object.dispatchUIEvent (node_modules/@testing-library/user-event/dist/
cjs/event/dispatchEvent.js:22:26)
      at KeyboardHost.keydown 
(node_modules/@testing-library/user-event/dist/cjs/system/keyboard.js:76:22)
      at keyboardAction 
(node_modules/@testing-library/user-event/dist/cjs/keyboard/index.js:22:35)
      at Object.keyboard 
(node_modules/@testing-library/user-event/dist/cjs/keyboard/index.js:11:15)
      at Object.type 
(node_modules/@testing-library/user-event/dist/cjs/utility/type.js:17:5)
      at Object.<anonymous> 
(src/settings/__tests__/AccountCreatePage.test.tsx:166:9)

    console.error
      Warning: An update to AccountCreatePage inside a test was not wrapped in 
act(...).
      
      When testing, code that causes React state updates should be wrapped 
into act(...):
      
      act(() => {
        /* fire events that update state */
      });
      /* assert on the output */
      
      This ensures that you're testing the behavior the user would see in the 
browser. Learn more at https://reactjs.org/link/wrap-tests-with-act
          at AccountCreatePage (C:\Users\samhe\OneDrive\Desktop\Cleaned\fronten
d\src\settings\AccountCreatePage.tsx:32:47)
          at routeContext (C:\Users\samhe\OneDrive\Desktop\Cleaned\frontend\nod
e_modules\react-router\lib\hooks.tsx:658:26)
          at children (C:\Users\samhe\OneDrive\Desktop\Cleaned\frontend\node_mo
dules\react-router\lib\components.tsx:512:3)
          at basenameProp (C:\Users\samhe\OneDrive\Desktop\Cleaned\frontend\nod
e_modules\react-router\lib\components.tsx:421:13)
          at basename (C:\Users\samhe\OneDrive\Desktop\Cleaned\frontend\node_mo
dules\react-router\lib\components.tsx:225:3)

      161 |                         type="text"
      162 |                         value={username}
    > 163 |                         onChange={e => setUsername(e.target.value)}
          |                                        ^
      164 |                         disabled={saving}
      165 |                         className="text-sm border border-gray-300 
rounded px-2 py-1.5 focus:outline-none focus:ring-1 focus:ring-blue-400 
disabled:opacity-50"
      166 |                     />

      at printWarning 
(node_modules/react-dom/cjs/react-dom.development.js:86:30)
      at error (node_modules/react-dom/cjs/react-dom.development.js:60:7)
      at warnIfUpdatesNotWrappedWithActDEV 
(node_modules/react-dom/cjs/react-dom.development.js:27628:9)
      at scheduleUpdateOnFiber 
(node_modules/react-dom/cjs/react-dom.development.js:25547:5)
      at dispatchSetState 
(node_modules/react-dom/cjs/react-dom.development.js:16708:7)
      at onChange (src/settings/AccountCreatePage.tsx:163:40)
      at HTMLUnknownElement.callCallback 
(node_modules/react-dom/cjs/react-dom.development.js:4164:14)
      at HTMLUnknownElement.callTheUserObjectsOperation 
(node_modules/jsdom/lib/jsdom/living/generated/EventListener.js:26:30)
      at innerInvokeEventListeners 
(node_modules/jsdom/lib/jsdom/living/events/EventTarget-impl.js:350:25)
      at invokeEventListeners 
(node_modules/jsdom/lib/jsdom/living/events/EventTarget-impl.js:286:3)
      at HTMLUnknownElementImpl._dispatch 
(node_modules/jsdom/lib/jsdom/living/events/EventTarget-impl.js:233:9)
      at HTMLUnknownElementImpl.dispatchEvent 
(node_modules/jsdom/lib/jsdom/living/events/EventTarget-impl.js:104:17)
      at HTMLUnknownElement.dispatchEvent 
(node_modules/jsdom/lib/jsdom/living/generated/EventTarget.js:241:34)
      at Object.invokeGuardedCallbackDev 
(node_modules/react-dom/cjs/react-dom.development.js:4213:16)
      at invokeGuardedCallback 
(node_modules/react-dom/cjs/react-dom.development.js:4277:31)
      at invokeGuardedCallbackAndCatchFirstError 
(node_modules/react-dom/cjs/react-dom.development.js:4291:25)
      at executeDispatch 
(node_modules/react-dom/cjs/react-dom.development.js:9041:3)
      at processDispatchQueueItemsInOrder 
(node_modules/react-dom/cjs/react-dom.development.js:9073:7)
      at processDispatchQueue 
(node_modules/react-dom/cjs/react-dom.development.js:9086:5)
      at dispatchEventsForPlugins 
(node_modules/react-dom/cjs/react-dom.development.js:9097:3)
      at node_modules/react-dom/cjs/react-dom.development.js:9288:12
      at batchedUpdates$1 
(node_modules/react-dom/cjs/react-dom.development.js:26179:12)
      at batchedUpdates 
(node_modules/react-dom/cjs/react-dom.development.js:3991:12)
      at dispatchEventForPluginEventSystem 
(node_modules/react-dom/cjs/react-dom.development.js:9287:3)
      at dispatchEventWithEnableCapturePhaseSelectiveHydrationWithoutDiscreteEv
entReplay (node_modules/react-dom/cjs/react-dom.development.js:6465:5)
      at dispatchEvent 
(node_modules/react-dom/cjs/react-dom.development.js:6457:5)
      at dispatchDiscreteEvent 
(node_modules/react-dom/cjs/react-dom.development.js:6430:5)
      at HTMLDivElement.callTheUserObjectsOperation 
(node_modules/jsdom/lib/jsdom/living/generated/EventListener.js:26:30)
      at innerInvokeEventListeners 
(node_modules/jsdom/lib/jsdom/living/events/EventTarget-impl.js:350:25)
      at invokeEventListeners 
(node_modules/jsdom/lib/jsdom/living/events/EventTarget-impl.js:286:3)
      at HTMLInputElementImpl._dispatch 
(node_modules/jsdom/lib/jsdom/living/events/EventTarget-impl.js:233:9)
      at HTMLInputElementImpl.dispatchEvent 
(node_modules/jsdom/lib/jsdom/living/events/EventTarget-impl.js:104:17)
      at HTMLInputElement.dispatchEvent 
(node_modules/jsdom/lib/jsdom/living/generated/EventTarget.js:241:34)
      at 
node_modules/@testing-library/user-event/dist/cjs/event/dispatchEvent.js:45:43
      at Object.eventWrapper 
(node_modules/@testing-library/dom/dist/config.js:25:23)
      at Object.wrapEvent 
(node_modules/@testing-library/user-event/dist/cjs/event/wrapEvent.js:6:28)
      at Object.dispatchEvent (node_modules/@testing-library/user-event/dist/cj
s/event/dispatchEvent.js:45:22)
      at Object.dispatchUIEvent (node_modules/@testing-library/user-event/dist/
cjs/event/dispatchEvent.js:22:26)
      at commitInput 
(node_modules/@testing-library/user-event/dist/cjs/event/input.js:145:14)
      at editInputElement 
(node_modules/@testing-library/user-event/dist/cjs/event/input.js:115:9)
      at Object.input 
(node_modules/@testing-library/user-event/dist/cjs/event/input.js:37:9)
      at node_modules/@testing-library/user-event/dist/cjs/event/behavior/keypr
ess.js:31:26
      at Object.dispatchEvent (node_modules/@testing-library/user-event/dist/cj
s/event/dispatchEvent.js:41:13)
      at Object.dispatchUIEvent (node_modules/@testing-library/user-event/dist/
cjs/event/dispatchEvent.js:22:26)
      at KeyboardHost.keydown 
(node_modules/@testing-library/user-event/dist/cjs/system/keyboard.js:76:22)
      at keyboardAction 
(node_modules/@testing-library/user-event/dist/cjs/keyboard/index.js:22:35)
      at Object.keyboard 
(node_modules/@testing-library/user-event/dist/cjs/keyboard/index.js:11:15)
      at Object.type 
(node_modules/@testing-library/user-event/dist/cjs/utility/type.js:17:5)
      at Object.<anonymous> 
(src/settings/__tests__/AccountCreatePage.test.tsx:166:9)

    console.error
      Warning: An update to AccountCreatePage inside a test was not wrapped in 
act(...).
      
      When testing, code that causes React state updates should be wrapped 
into act(...):
      
      act(() => {
        /* fire events that update state */
      });
      /* assert on the output */
      
      This ensures that you're testing the behavior the user would see in the 
browser. Learn more at https://reactjs.org/link/wrap-tests-with-act
          at AccountCreatePage (C:\Users\samhe\OneDrive\Desktop\Cleaned\fronten
d\src\settings\AccountCreatePage.tsx:32:47)
          at routeContext (C:\Users\samhe\OneDrive\Desktop\Cleaned\frontend\nod
e_modules\react-router\lib\hooks.tsx:658:26)
          at children (C:\Users\samhe\OneDrive\Desktop\Cleaned\frontend\node_mo
dules\react-router\lib\components.tsx:512:3)
          at basenameProp (C:\Users\samhe\OneDrive\Desktop\Cleaned\frontend\nod
e_modules\react-router\lib\components.tsx:421:13)
          at basename (C:\Users\samhe\OneDrive\Desktop\Cleaned\frontend\node_mo
dules\react-router\lib\components.tsx:225:3)

      161 |                         type="text"
      162 |                         value={username}
    > 163 |                         onChange={e => setUsername(e.target.value)}
          |                                        ^
      164 |                         disabled={saving}
      165 |                         className="text-sm border border-gray-300 
rounded px-2 py-1.5 focus:outline-none focus:ring-1 focus:ring-blue-400 
disabled:opacity-50"
      166 |                     />

      at printWarning 
(node_modules/react-dom/cjs/react-dom.development.js:86:30)
      at error (node_modules/react-dom/cjs/react-dom.development.js:60:7)
      at warnIfUpdatesNotWrappedWithActDEV 
(node_modules/react-dom/cjs/react-dom.development.js:27628:9)
      at scheduleUpdateOnFiber 
(node_modules/react-dom/cjs/react-dom.development.js:25547:5)
      at dispatchSetState 
(node_modules/react-dom/cjs/react-dom.development.js:16708:7)
      at onChange (src/settings/AccountCreatePage.tsx:163:40)
      at HTMLUnknownElement.callCallback 
(node_modules/react-dom/cjs/react-dom.development.js:4164:14)
      at HTMLUnknownElement.callTheUserObjectsOperation 
(node_modules/jsdom/lib/jsdom/living/generated/EventListener.js:26:30)
      at innerInvokeEventListeners 
(node_modules/jsdom/lib/jsdom/living/events/EventTarget-impl.js:350:25)
      at invokeEventListeners 
(node_modules/jsdom/lib/jsdom/living/events/EventTarget-impl.js:286:3)
      at HTMLUnknownElementImpl._dispatch 
(node_modules/jsdom/lib/jsdom/living/events/EventTarget-impl.js:233:9)
      at HTMLUnknownElementImpl.dispatchEvent 
(node_modules/jsdom/lib/jsdom/living/events/EventTarget-impl.js:104:17)
      at HTMLUnknownElement.dispatchEvent 
(node_modules/jsdom/lib/jsdom/living/generated/EventTarget.js:241:34)
      at Object.invokeGuardedCallbackDev 
(node_modules/react-dom/cjs/react-dom.development.js:4213:16)
      at invokeGuardedCallback 
(node_modules/react-dom/cjs/react-dom.development.js:4277:31)
      at invokeGuardedCallbackAndCatchFirstError 
(node_modules/react-dom/cjs/react-dom.development.js:4291:25)
      at executeDispatch 
(node_modules/react-dom/cjs/react-dom.development.js:9041:3)
      at processDispatchQueueItemsInOrder 
(node_modules/react-dom/cjs/react-dom.development.js:9073:7)
      at processDispatchQueue 
(node_modules/react-dom/cjs/react-dom.development.js:9086:5)
      at dispatchEventsForPlugins 
(node_modules/react-dom/cjs/react-dom.development.js:9097:3)
      at node_modules/react-dom/cjs/react-dom.development.js:9288:12
      at batchedUpdates$1 
(node_modules/react-dom/cjs/react-dom.development.js:26179:12)
      at batchedUpdates 
(node_modules/react-dom/cjs/react-dom.development.js:3991:12)
      at dispatchEventForPluginEventSystem 
(node_modules/react-dom/cjs/react-dom.development.js:9287:3)
      at dispatchEventWithEnableCapturePhaseSelectiveHydrationWithoutDiscreteEv
entReplay (node_modules/react-dom/cjs/react-dom.development.js:6465:5)
      at dispatchEvent 
(node_modules/react-dom/cjs/react-dom.development.js:6457:5)
      at dispatchDiscreteEvent 
(node_modules/react-dom/cjs/react-dom.development.js:6430:5)
      at HTMLDivElement.callTheUserObjectsOperation 
(node_modules/jsdom/lib/jsdom/living/generated/EventListener.js:26:30)
      at innerInvokeEventListeners 
(node_modules/jsdom/lib/jsdom/living/events/EventTarget-impl.js:350:25)
      at invokeEventListeners 
(node_modules/jsdom/lib/jsdom/living/events/EventTarget-impl.js:286:3)
      at HTMLInputElementImpl._dispatch 
(node_modules/jsdom/lib/jsdom/living/events/EventTarget-impl.js:233:9)
      at HTMLInputElementImpl.dispatchEvent 
(node_modules/jsdom/lib/jsdom/living/events/EventTarget-impl.js:104:17)
      at HTMLInputElement.dispatchEvent 
(node_modules/jsdom/lib/jsdom/living/generated/EventTarget.js:241:34)
      at 
node_modules/@testing-library/user-event/dist/cjs/event/dispatchEvent.js:45:43
      at Object.eventWrapper 
(node_modules/@testing-library/dom/dist/config.js:25:23)
      at Object.wrapEvent 
(node_modules/@testing-library/user-event/dist/cjs/event/wrapEvent.js:6:28)
      at Object.dispatchEvent (node_modules/@testing-library/user-event/dist/cj
s/event/dispatchEvent.js:45:22)
      at Object.dispatchUIEvent (node_modules/@testing-library/user-event/dist/
cjs/event/dispatchEvent.js:22:26)
      at commitInput 
(node_modules/@testing-library/user-event/dist/cjs/event/input.js:145:14)
      at editInputElement 
(node_modules/@testing-library/user-event/dist/cjs/event/input.js:115:9)
      at Object.input 
(node_modules/@testing-library/user-event/dist/cjs/event/input.js:37:9)
      at node_modules/@testing-library/user-event/dist/cjs/event/behavior/keypr
ess.js:31:26
      at Object.dispatchEvent (node_modules/@testing-library/user-event/dist/cj
s/event/dispatchEvent.js:41:13)
      at Object.dispatchUIEvent (node_modules/@testing-library/user-event/dist/
cjs/event/dispatchEvent.js:22:26)
      at KeyboardHost.keydown 
(node_modules/@testing-library/user-event/dist/cjs/system/keyboard.js:76:22)
      at keyboardAction 
(node_modules/@testing-library/user-event/dist/cjs/keyboard/index.js:22:35)
      at Object.keyboard 
(node_modules/@testing-library/user-event/dist/cjs/keyboard/index.js:11:15)
      at Object.type 
(node_modules/@testing-library/user-event/dist/cjs/utility/type.js:17:5)
      at Object.<anonymous> 
(src/settings/__tests__/AccountCreatePage.test.tsx:166:9)

    console.error
      Warning: An update to AccountCreatePage inside a test was not wrapped in 
act(...).
      
      When testing, code that causes React state updates should be wrapped 
into act(...):
      
      act(() => {
        /* fire events that update state */
      });
      /* assert on the output */
      
      This ensures that you're testing the behavior the user would see in the 
browser. Learn more at https://reactjs.org/link/wrap-tests-with-act
          at AccountCreatePage (C:\Users\samhe\OneDrive\Desktop\Cleaned\fronten
d\src\settings\AccountCreatePage.tsx:32:47)
          at routeContext (C:\Users\samhe\OneDrive\Desktop\Cleaned\frontend\nod
e_modules\react-router\lib\hooks.tsx:658:26)
          at children (C:\Users\samhe\OneDrive\Desktop\Cleaned\frontend\node_mo
dules\react-router\lib\components.tsx:512:3)
          at basenameProp (C:\Users\samhe\OneDrive\Desktop\Cleaned\frontend\nod
e_modules\react-router\lib\components.tsx:421:13)
          at basename (C:\Users\samhe\OneDrive\Desktop\Cleaned\frontend\node_mo
dules\react-router\lib\components.tsx:225:3)

      174 |                         aria-label="Role"
      175 |                         value={role}
    > 176 |                         onChange={e => setRole(e.target.value)}
          |                                        ^
      177 |                         disabled={saving}
      178 |                         className="text-sm border border-gray-300 
rounded px-2 py-1.5 bg-white focus:outline-none focus:ring-1 
focus:ring-blue-400 disabled:opacity-50"
      179 |                     >

      at printWarning 
(node_modules/react-dom/cjs/react-dom.development.js:86:30)
      at error (node_modules/react-dom/cjs/react-dom.development.js:60:7)
      at warnIfUpdatesNotWrappedWithActDEV 
(node_modules/react-dom/cjs/react-dom.development.js:27628:9)
      at scheduleUpdateOnFiber 
(node_modules/react-dom/cjs/react-dom.development.js:25547:5)
      at dispatchSetState 
(node_modules/react-dom/cjs/react-dom.development.js:16708:7)
      at onChange (src/settings/AccountCreatePage.tsx:176:40)
      at HTMLUnknownElement.callCallback 
(node_modules/react-dom/cjs/react-dom.development.js:4164:14)
      at HTMLUnknownElement.callTheUserObjectsOperation 
(node_modules/jsdom/lib/jsdom/living/generated/EventListener.js:26:30)
      at innerInvokeEventListeners 
(node_modules/jsdom/lib/jsdom/living/events/EventTarget-impl.js:350:25)
      at invokeEventListeners 
(node_modules/jsdom/lib/jsdom/living/events/EventTarget-impl.js:286:3)
      at HTMLUnknownElementImpl._dispatch 
(node_modules/jsdom/lib/jsdom/living/events/EventTarget-impl.js:233:9)
      at HTMLUnknownElementImpl.dispatchEvent 
(node_modules/jsdom/lib/jsdom/living/events/EventTarget-impl.js:104:17)
      at HTMLUnknownElement.dispatchEvent 
(node_modules/jsdom/lib/jsdom/living/generated/EventTarget.js:241:34)
      at Object.invokeGuardedCallbackDev 
(node_modules/react-dom/cjs/react-dom.development.js:4213:16)
      at invokeGuardedCallback 
(node_modules/react-dom/cjs/react-dom.development.js:4277:31)
      at invokeGuardedCallbackAndCatchFirstError 
(node_modules/react-dom/cjs/react-dom.development.js:4291:25)
      at executeDispatch 
(node_modules/react-dom/cjs/react-dom.development.js:9041:3)
      at processDispatchQueueItemsInOrder 
(node_modules/react-dom/cjs/react-dom.development.js:9073:7)
      at processDispatchQueue 
(node_modules/react-dom/cjs/react-dom.development.js:9086:5)
      at dispatchEventsForPlugins 
(node_modules/react-dom/cjs/react-dom.development.js:9097:3)
      at node_modules/react-dom/cjs/react-dom.development.js:9288:12
      at batchedUpdates$1 
(node_modules/react-dom/cjs/react-dom.development.js:26179:12)
      at batchedUpdates 
(node_modules/react-dom/cjs/react-dom.development.js:3991:12)
      at dispatchEventForPluginEventSystem 
(node_modules/react-dom/cjs/react-dom.development.js:9287:3)
      at dispatchEventWithEnableCapturePhaseSelectiveHydrationWithoutDiscreteEv
entReplay (node_modules/react-dom/cjs/react-dom.development.js:6465:5)
      at dispatchEvent 
(node_modules/react-dom/cjs/react-dom.development.js:6457:5)
      at dispatchDiscreteEvent 
(node_modules/react-dom/cjs/react-dom.development.js:6430:5)
      at HTMLDivElement.callTheUserObjectsOperation 
(node_modules/jsdom/lib/jsdom/living/generated/EventListener.js:26:30)
      at innerInvokeEventListeners 
(node_modules/jsdom/lib/jsdom/living/events/EventTarget-impl.js:350:25)
      at invokeEventListeners 
(node_modules/jsdom/lib/jsdom/living/events/EventTarget-impl.js:286:3)
      at HTMLSelectElementImpl._dispatch 
(node_modules/jsdom/lib/jsdom/living/events/EventTarget-impl.js:233:9)
      at HTMLSelectElementImpl.dispatchEvent 
(node_modules/jsdom/lib/jsdom/living/events/EventTarget-impl.js:104:17)
      at Proxy.dispatchEvent 
(node_modules/jsdom/lib/jsdom/living/generated/EventTarget.js:241:34)
      at 
node_modules/@testing-library/user-event/dist/cjs/event/dispatchEvent.js:45:43
      at Object.eventWrapper 
(node_modules/@testing-library/dom/dist/config.js:25:23)
      at Object.wrapEvent 
(node_modules/@testing-library/user-event/dist/cjs/event/wrapEvent.js:6:28)
      at Object.dispatchEvent (node_modules/@testing-library/user-event/dist/cj
s/event/dispatchEvent.js:45:22)
      at Object.dispatchUIEvent (node_modules/@testing-library/user-event/dist/
cjs/event/dispatchEvent.js:22:26)
      at selectOption (node_modules/@testing-library/user-event/dist/cjs/utilit
y/selectOptions.js:51:14)
      at Object.selectOptionsBase (node_modules/@testing-library/user-event/dis
t/cjs/utility/selectOptions.js:87:13)
      at Object.<anonymous> 
(src/settings/__tests__/AccountCreatePage.test.tsx:167:9)

    console.error
      Warning: An update to AccountCreatePage inside a test was not wrapped in 
act(...).
      
      When testing, code that causes React state updates should be wrapped 
into act(...):
      
      act(() => {
        /* fire events that update state */
      });
      /* assert on the output */
      
      This ensures that you're testing the behavior the user would see in the 
browser. Learn more at https://reactjs.org/link/wrap-tests-with-act
          at AccountCreatePage (C:\Users\samhe\OneDrive\Desktop\Cleaned\fronten
d\src\settings\AccountCreatePage.tsx:32:47)
          at routeContext (C:\Users\samhe\OneDrive\Desktop\Cleaned\frontend\nod
e_modules\react-router\lib\hooks.tsx:658:26)
          at children (C:\Users\samhe\OneDrive\Desktop\Cleaned\frontend\node_mo
dules\react-router\lib\components.tsx:512:3)
          at basenameProp (C:\Users\samhe\OneDrive\Desktop\Cleaned\frontend\nod
e_modules\react-router\lib\components.tsx:421:13)
          at basename (C:\Users\samhe\OneDrive\Desktop\Cleaned\frontend\node_mo
dules\react-router\lib\components.tsx:225:3)

      161 |                         type="text"
      162 |                         value={username}
    > 163 |                         onChange={e => setUsername(e.target.value)}
          |                                        ^
      164 |                         disabled={saving}
      165 |                         className="text-sm border border-gray-300 
rounded px-2 py-1.5 focus:outline-none focus:ring-1 focus:ring-blue-400 
disabled:opacity-50"
      166 |                     />

      at printWarning 
(node_modules/react-dom/cjs/react-dom.development.js:86:30)
      at error (node_modules/react-dom/cjs/react-dom.development.js:60:7)
      at warnIfUpdatesNotWrappedWithActDEV 
(node_modules/react-dom/cjs/react-dom.development.js:27628:9)
      at scheduleUpdateOnFiber 
(node_modules/react-dom/cjs/react-dom.development.js:25547:5)
      at dispatchSetState 
(node_modules/react-dom/cjs/react-dom.development.js:16708:7)
      at onChange (src/settings/AccountCreatePage.tsx:163:40)
      at HTMLUnknownElement.callCallback 
(node_modules/react-dom/cjs/react-dom.development.js:4164:14)
      at HTMLUnknownElement.callTheUserObjectsOperation 
(node_modules/jsdom/lib/jsdom/living/generated/EventListener.js:26:30)
      at innerInvokeEventListeners 
(node_modules/jsdom/lib/jsdom/living/events/EventTarget-impl.js:350:25)
      at invokeEventListeners 
(node_modules/jsdom/lib/jsdom/living/events/EventTarget-impl.js:286:3)
      at HTMLUnknownElementImpl._dispatch 
(node_modules/jsdom/lib/jsdom/living/events/EventTarget-impl.js:233:9)
      at HTMLUnknownElementImpl.dispatchEvent 
(node_modules/jsdom/lib/jsdom/living/events/EventTarget-impl.js:104:17)
      at HTMLUnknownElement.dispatchEvent 
(node_modules/jsdom/lib/jsdom/living/generated/EventTarget.js:241:34)
      at Object.invokeGuardedCallbackDev 
(node_modules/react-dom/cjs/react-dom.development.js:4213:16)
      at invokeGuardedCallback 
(node_modules/react-dom/cjs/react-dom.development.js:4277:31)
      at invokeGuardedCallbackAndCatchFirstError 
(node_modules/react-dom/cjs/react-dom.development.js:4291:25)
      at executeDispatch 
(node_modules/react-dom/cjs/react-dom.development.js:9041:3)
      at processDispatchQueueItemsInOrder 
(node_modules/react-dom/cjs/react-dom.development.js:9073:7)
      at processDispatchQueue 
(node_modules/react-dom/cjs/react-dom.development.js:9086:5)
      at dispatchEventsForPlugins 
(node_modules/react-dom/cjs/react-dom.development.js:9097:3)
      at node_modules/react-dom/cjs/react-dom.development.js:9288:12
      at batchedUpdates$1 
(node_modules/react-dom/cjs/react-dom.development.js:26179:12)
      at batchedUpdates 
(node_modules/react-dom/cjs/react-dom.development.js:3991:12)
      at dispatchEventForPluginEventSystem 
(node_modules/react-dom/cjs/react-dom.development.js:9287:3)
      at dispatchEventWithEnableCapturePhaseSelectiveHydrationWithoutDiscreteEv
entReplay (node_modules/react-dom/cjs/react-dom.development.js:6465:5)
      at dispatchEvent 
(node_modules/react-dom/cjs/react-dom.development.js:6457:5)
      at dispatchDiscreteEvent 
(node_modules/react-dom/cjs/react-dom.development.js:6430:5)
      at HTMLDivElement.callTheUserObjectsOperation 
(node_modules/jsdom/lib/jsdom/living/generated/EventListener.js:26:30)
      at innerInvokeEventListeners 
(node_modules/jsdom/lib/jsdom/living/events/EventTarget-impl.js:350:25)
      at invokeEventListeners 
(node_modules/jsdom/lib/jsdom/living/events/EventTarget-impl.js:286:3)
      at HTMLInputElementImpl._dispatch 
(node_modules/jsdom/lib/jsdom/living/events/EventTarget-impl.js:233:9)
      at HTMLInputElementImpl.dispatchEvent 
(node_modules/jsdom/lib/jsdom/living/events/EventTarget-impl.js:104:17)
      at HTMLInputElement.dispatchEvent 
(node_modules/jsdom/lib/jsdom/living/generated/EventTarget.js:241:34)
      at 
node_modules/@testing-library/user-event/dist/cjs/event/dispatchEvent.js:45:43
      at Object.eventWrapper 
(node_modules/@testing-library/dom/dist/config.js:25:23)
      at Object.wrapEvent 
(node_modules/@testing-library/user-event/dist/cjs/event/wrapEvent.js:6:28)
      at Object.dispatchEvent (node_modules/@testing-library/user-event/dist/cj
s/event/dispatchEvent.js:45:22)
      at Object.dispatchUIEvent (node_modules/@testing-library/user-event/dist/
cjs/event/dispatchEvent.js:22:26)
      at commitInput 
(node_modules/@testing-library/user-event/dist/cjs/event/input.js:145:14)
      at editInputElement 
(node_modules/@testing-library/user-event/dist/cjs/event/input.js:115:9)
      at Object.input 
(node_modules/@testing-library/user-event/dist/cjs/event/input.js:37:9)
      at node_modules/@testing-library/user-event/dist/cjs/event/behavior/keypr
ess.js:31:26
      at Object.dispatchEvent (node_modules/@testing-library/user-event/dist/cj
s/event/dispatchEvent.js:41:13)
      at Object.dispatchUIEvent (node_modules/@testing-library/user-event/dist/
cjs/event/dispatchEvent.js:22:26)
      at KeyboardHost.keydown 
(node_modules/@testing-library/user-event/dist/cjs/system/keyboard.js:76:22)
      at keyboardAction 
(node_modules/@testing-library/user-event/dist/cjs/keyboard/index.js:22:35)
      at Object.keyboard 
(node_modules/@testing-library/user-event/dist/cjs/keyboard/index.js:11:15)
      at Object.type 
(node_modules/@testing-library/user-event/dist/cjs/utility/type.js:17:5)
      at Object.<anonymous> 
(src/settings/__tests__/AccountCreatePage.test.tsx:184:9)

    console.error
      Warning: An update to AccountCreatePage inside a test was not wrapped in 
act(...).
      
      When testing, code that causes React state updates should be wrapped 
into act(...):
      
      act(() => {
        /* fire events that update state */
      });
      /* assert on the output */
      
      This ensures that you're testing the behavior the user would see in the 
browser. Learn more at https://reactjs.org/link/wrap-tests-with-act
          at AccountCreatePage (C:\Users\samhe\OneDrive\Desktop\Cleaned\fronten
d\src\settings\AccountCreatePage.tsx:32:47)
          at routeContext (C:\Users\samhe\OneDrive\Desktop\Cleaned\frontend\nod
e_modules\react-router\lib\hooks.tsx:658:26)
          at children (C:\Users\samhe\OneDrive\Desktop\Cleaned\frontend\node_mo
dules\react-router\lib\components.tsx:512:3)
          at basenameProp (C:\Users\samhe\OneDrive\Desktop\Cleaned\frontend\nod
e_modules\react-router\lib\components.tsx:421:13)
          at basename (C:\Users\samhe\OneDrive\Desktop\Cleaned\frontend\node_mo
dules\react-router\lib\components.tsx:225:3)

      161 |                         type="text"
      162 |                         value={username}
    > 163 |                         onChange={e => setUsername(e.target.value)}
          |                                        ^
      164 |                         disabled={saving}
      165 |                         className="text-sm border border-gray-300 
rounded px-2 py-1.5 focus:outline-none focus:ring-1 focus:ring-blue-400 
disabled:opacity-50"
      166 |                     />

      at printWarning 
(node_modules/react-dom/cjs/react-dom.development.js:86:30)
      at error (node_modules/react-dom/cjs/react-dom.development.js:60:7)
      at warnIfUpdatesNotWrappedWithActDEV 
(node_modules/react-dom/cjs/react-dom.development.js:27628:9)
      at scheduleUpdateOnFiber 
(node_modules/react-dom/cjs/react-dom.development.js:25547:5)
      at dispatchSetState 
(node_modules/react-dom/cjs/react-dom.development.js:16708:7)
      at onChange (src/settings/AccountCreatePage.tsx:163:40)
      at HTMLUnknownElement.callCallback 
(node_modules/react-dom/cjs/react-dom.development.js:4164:14)
      at HTMLUnknownElement.callTheUserObjectsOperation 
(node_modules/jsdom/lib/jsdom/living/generated/EventListener.js:26:30)
      at innerInvokeEventListeners 
(node_modules/jsdom/lib/jsdom/living/events/EventTarget-impl.js:350:25)
      at invokeEventListeners 
(node_modules/jsdom/lib/jsdom/living/events/EventTarget-impl.js:286:3)
      at HTMLUnknownElementImpl._dispatch 
(node_modules/jsdom/lib/jsdom/living/events/EventTarget-impl.js:233:9)
      at HTMLUnknownElementImpl.dispatchEvent 
(node_modules/jsdom/lib/jsdom/living/events/EventTarget-impl.js:104:17)
      at HTMLUnknownElement.dispatchEvent 
(node_modules/jsdom/lib/jsdom/living/generated/EventTarget.js:241:34)
      at Object.invokeGuardedCallbackDev 
(node_modules/react-dom/cjs/react-dom.development.js:4213:16)
      at invokeGuardedCallback 
(node_modules/react-dom/cjs/react-dom.development.js:4277:31)
      at invokeGuardedCallbackAndCatchFirstError 
(node_modules/react-dom/cjs/react-dom.development.js:4291:25)
      at executeDispatch 
(node_modules/react-dom/cjs/react-dom.development.js:9041:3)
      at processDispatchQueueItemsInOrder 
(node_modules/react-dom/cjs/react-dom.development.js:9073:7)
      at processDispatchQueue 
(node_modules/react-dom/cjs/react-dom.development.js:9086:5)
      at dispatchEventsForPlugins 
(node_modules/react-dom/cjs/react-dom.development.js:9097:3)
      at node_modules/react-dom/cjs/react-dom.development.js:9288:12
      at batchedUpdates$1 
(node_modules/react-dom/cjs/react-dom.development.js:26179:12)
      at batchedUpdates 
(node_modules/react-dom/cjs/react-dom.development.js:3991:12)
      at dispatchEventForPluginEventSystem 
(node_modules/react-dom/cjs/react-dom.development.js:9287:3)
      at dispatchEventWithEnableCapturePhaseSelectiveHydrationWithoutDiscreteEv
entReplay (node_modules/react-dom/cjs/react-dom.development.js:6465:5)
      at dispatchEvent 
(node_modules/react-dom/cjs/react-dom.development.js:6457:5)
      at dispatchDiscreteEvent 
(node_modules/react-dom/cjs/react-dom.development.js:6430:5)
      at HTMLDivElement.callTheUserObjectsOperation 
(node_modules/jsdom/lib/jsdom/living/generated/EventListener.js:26:30)
      at innerInvokeEventListeners 
(node_modules/jsdom/lib/jsdom/living/events/EventTarget-impl.js:350:25)
      at invokeEventListeners 
(node_modules/jsdom/lib/jsdom/living/events/EventTarget-impl.js:286:3)
      at HTMLInputElementImpl._dispatch 
(node_modules/jsdom/lib/jsdom/living/events/EventTarget-impl.js:233:9)
      at HTMLInputElementImpl.dispatchEvent 
(node_modules/jsdom/lib/jsdom/living/events/EventTarget-impl.js:104:17)
      at HTMLInputElement.dispatchEvent 
(node_modules/jsdom/lib/jsdom/living/generated/EventTarget.js:241:34)
      at 
node_modules/@testing-library/user-event/dist/cjs/event/dispatchEvent.js:45:43
      at Object.eventWrapper 
(node_modules/@testing-library/dom/dist/config.js:25:23)
      at Object.wrapEvent 
(node_modules/@testing-library/user-event/dist/cjs/event/wrapEvent.js:6:28)
      at Object.dispatchEvent (node_modules/@testing-library/user-event/dist/cj
s/event/dispatchEvent.js:45:22)
      at Object.dispatchUIEvent (node_modules/@testing-library/user-event/dist/
cjs/event/dispatchEvent.js:22:26)
      at commitInput 
(node_modules/@testing-library/user-event/dist/cjs/event/input.js:145:14)
      at editInputElement 
(node_modules/@testing-library/user-event/dist/cjs/event/input.js:115:9)
      at Object.input 
(node_modules/@testing-library/user-event/dist/cjs/event/input.js:37:9)
      at node_modules/@testing-library/user-event/dist/cjs/event/behavior/keypr
ess.js:31:26
      at Object.dispatchEvent (node_modules/@testing-library/user-event/dist/cj
s/event/dispatchEvent.js:41:13)
      at Object.dispatchUIEvent (node_modules/@testing-library/user-event/dist/
cjs/event/dispatchEvent.js:22:26)
      at KeyboardHost.keydown 
(node_modules/@testing-library/user-event/dist/cjs/system/keyboard.js:76:22)
      at keyboardAction 
(node_modules/@testing-library/user-event/dist/cjs/keyboard/index.js:22:35)
      at Object.keyboard 
(node_modules/@testing-library/user-event/dist/cjs/keyboard/index.js:11:15)
      at Object.type 
(node_modules/@testing-library/user-event/dist/cjs/utility/type.js:17:5)
      at Object.<anonymous> 
(src/settings/__tests__/AccountCreatePage.test.tsx:184:9)

    console.error
      Warning: An update to AccountCreatePage inside a test was not wrapped in 
act(...).
      
      When testing, code that causes React state updates should be wrapped 
into act(...):
      
      act(() => {
        /* fire events that update state */
      });
      /* assert on the output */
      
      This ensures that you're testing the behavior the user would see in the 
browser. Learn more at https://reactjs.org/link/wrap-tests-with-act
          at AccountCreatePage (C:\Users\samhe\OneDrive\Desktop\Cleaned\fronten
d\src\settings\AccountCreatePage.tsx:32:47)
          at routeContext (C:\Users\samhe\OneDrive\Desktop\Cleaned\frontend\nod
e_modules\react-router\lib\hooks.tsx:658:26)
          at children (C:\Users\samhe\OneDrive\Desktop\Cleaned\frontend\node_mo
dules\react-router\lib\components.tsx:512:3)
          at basenameProp (C:\Users\samhe\OneDrive\Desktop\Cleaned\frontend\nod
e_modules\react-router\lib\components.tsx:421:13)
          at basename (C:\Users\samhe\OneDrive\Desktop\Cleaned\frontend\node_mo
dules\react-router\lib\components.tsx:225:3)

      161 |                         type="text"
      162 |                         value={username}
    > 163 |                         onChange={e => setUsername(e.target.value)}
          |                                        ^
      164 |                         disabled={saving}
      165 |                         className="text-sm border border-gray-300 
rounded px-2 py-1.5 focus:outline-none focus:ring-1 focus:ring-blue-400 
disabled:opacity-50"
      166 |                     />

      at printWarning 
(node_modules/react-dom/cjs/react-dom.development.js:86:30)
      at error (node_modules/react-dom/cjs/react-dom.development.js:60:7)
      at warnIfUpdatesNotWrappedWithActDEV 
(node_modules/react-dom/cjs/react-dom.development.js:27628:9)
      at scheduleUpdateOnFiber 
(node_modules/react-dom/cjs/react-dom.development.js:25547:5)
      at dispatchSetState 
(node_modules/react-dom/cjs/react-dom.development.js:16708:7)
      at onChange (src/settings/AccountCreatePage.tsx:163:40)
      at HTMLUnknownElement.callCallback 
(node_modules/react-dom/cjs/react-dom.development.js:4164:14)
      at HTMLUnknownElement.callTheUserObjectsOperation 
(node_modules/jsdom/lib/jsdom/living/generated/EventListener.js:26:30)
      at innerInvokeEventListeners 
(node_modules/jsdom/lib/jsdom/living/events/EventTarget-impl.js:350:25)
      at invokeEventListeners 
(node_modules/jsdom/lib/jsdom/living/events/EventTarget-impl.js:286:3)
      at HTMLUnknownElementImpl._dispatch 
(node_modules/jsdom/lib/jsdom/living/events/EventTarget-impl.js:233:9)
      at HTMLUnknownElementImpl.dispatchEvent 
(node_modules/jsdom/lib/jsdom/living/events/EventTarget-impl.js:104:17)
      at HTMLUnknownElement.dispatchEvent 
(node_modules/jsdom/lib/jsdom/living/generated/EventTarget.js:241:34)
      at Object.invokeGuardedCallbackDev 
(node_modules/react-dom/cjs/react-dom.development.js:4213:16)
      at invokeGuardedCallback 
(node_modules/react-dom/cjs/react-dom.development.js:4277:31)
      at invokeGuardedCallbackAndCatchFirstError 
(node_modules/react-dom/cjs/react-dom.development.js:4291:25)
      at executeDispatch 
(node_modules/react-dom/cjs/react-dom.development.js:9041:3)
      at processDispatchQueueItemsInOrder 
(node_modules/react-dom/cjs/react-dom.development.js:9073:7)
      at processDispatchQueue 
(node_modules/react-dom/cjs/react-dom.development.js:9086:5)
      at dispatchEventsForPlugins 
(node_modules/react-dom/cjs/react-dom.development.js:9097:3)
      at node_modules/react-dom/cjs/react-dom.development.js:9288:12
      at batchedUpdates$1 
(node_modules/react-dom/cjs/react-dom.development.js:26179:12)
      at batchedUpdates 
(node_modules/react-dom/cjs/react-dom.development.js:3991:12)
      at dispatchEventForPluginEventSystem 
(node_modules/react-dom/cjs/react-dom.development.js:9287:3)
      at dispatchEventWithEnableCapturePhaseSelectiveHydrationWithoutDiscreteEv
entReplay (node_modules/react-dom/cjs/react-dom.development.js:6465:5)
      at dispatchEvent 
(node_modules/react-dom/cjs/react-dom.development.js:6457:5)
      at dispatchDiscreteEvent 
(node_modules/react-dom/cjs/react-dom.development.js:6430:5)
      at HTMLDivElement.callTheUserObjectsOperation 
(node_modules/jsdom/lib/jsdom/living/generated/EventListener.js:26:30)
      at innerInvokeEventListeners 
(node_modules/jsdom/lib/jsdom/living/events/EventTarget-impl.js:350:25)
      at invokeEventListeners 
(node_modules/jsdom/lib/jsdom/living/events/EventTarget-impl.js:286:3)
      at HTMLInputElementImpl._dispatch 
(node_modules/jsdom/lib/jsdom/living/events/EventTarget-impl.js:233:9)
      at HTMLInputElementImpl.dispatchEvent 
(node_modules/jsdom/lib/jsdom/living/events/EventTarget-impl.js:104:17)
      at HTMLInputElement.dispatchEvent 
(node_modules/jsdom/lib/jsdom/living/generated/EventTarget.js:241:34)
      at 
node_modules/@testing-library/user-event/dist/cjs/event/dispatchEvent.js:45:43
      at Object.eventWrapper 
(node_modules/@testing-library/dom/dist/config.js:25:23)
      at Object.wrapEvent 
(node_modules/@testing-library/user-event/dist/cjs/event/wrapEvent.js:6:28)
      at Object.dispatchEvent (node_modules/@testing-library/user-event/dist/cj
s/event/dispatchEvent.js:45:22)
      at Object.dispatchUIEvent (node_modules/@testing-library/user-event/dist/
cjs/event/dispatchEvent.js:22:26)
      at commitInput 
(node_modules/@testing-library/user-event/dist/cjs/event/input.js:145:14)
      at editInputElement 
(node_modules/@testing-library/user-event/dist/cjs/event/input.js:115:9)
      at Object.input 
(node_modules/@testing-library/user-event/dist/cjs/event/input.js:37:9)
      at node_modules/@testing-library/user-event/dist/cjs/event/behavior/keypr
ess.js:31:26
      at Object.dispatchEvent (node_modules/@testing-library/user-event/dist/cj
s/event/dispatchEvent.js:41:13)
      at Object.dispatchUIEvent (node_modules/@testing-library/user-event/dist/
cjs/event/dispatchEvent.js:22:26)
      at KeyboardHost.keydown 
(node_modules/@testing-library/user-event/dist/cjs/system/keyboard.js:76:22)
      at keyboardAction 
(node_modules/@testing-library/user-event/dist/cjs/keyboard/index.js:22:35)
      at Object.keyboard 
(node_modules/@testing-library/user-event/dist/cjs/keyboard/index.js:11:15)
      at Object.type 
(node_modules/@testing-library/user-event/dist/cjs/utility/type.js:17:5)
      at Object.<anonymous> 
(src/settings/__tests__/AccountCreatePage.test.tsx:184:9)

    console.error
      Warning: An update to AccountCreatePage inside a test was not wrapped in 
act(...).
      
      When testing, code that causes React state updates should be wrapped 
into act(...):
      
      act(() => {
        /* fire events that update state */
      });
      /* assert on the output */
      
      This ensures that you're testing the behavior the user would see in the 
browser. Learn more at https://reactjs.org/link/wrap-tests-with-act
          at AccountCreatePage (C:\Users\samhe\OneDrive\Desktop\Cleaned\fronten
d\src\settings\AccountCreatePage.tsx:32:47)
          at routeContext (C:\Users\samhe\OneDrive\Desktop\Cleaned\frontend\nod
e_modules\react-router\lib\hooks.tsx:658:26)
          at children (C:\Users\samhe\OneDrive\Desktop\Cleaned\frontend\node_mo
dules\react-router\lib\components.tsx:512:3)
          at basenameProp (C:\Users\samhe\OneDrive\Desktop\Cleaned\frontend\nod
e_modules\react-router\lib\components.tsx:421:13)
          at basename (C:\Users\samhe\OneDrive\Desktop\Cleaned\frontend\node_mo
dules\react-router\lib\components.tsx:225:3)

      161 |                         type="text"
      162 |                         value={username}
    > 163 |                         onChange={e => setUsername(e.target.value)}
          |                                        ^
      164 |                         disabled={saving}
      165 |                         className="text-sm border border-gray-300 
rounded px-2 py-1.5 focus:outline-none focus:ring-1 focus:ring-blue-400 
disabled:opacity-50"
      166 |                     />

      at printWarning 
(node_modules/react-dom/cjs/react-dom.development.js:86:30)
      at error (node_modules/react-dom/cjs/react-dom.development.js:60:7)
      at warnIfUpdatesNotWrappedWithActDEV 
(node_modules/react-dom/cjs/react-dom.development.js:27628:9)
      at scheduleUpdateOnFiber 
(node_modules/react-dom/cjs/react-dom.development.js:25547:5)
      at dispatchSetState 
(node_modules/react-dom/cjs/react-dom.development.js:16708:7)
      at onChange (src/settings/AccountCreatePage.tsx:163:40)
      at HTMLUnknownElement.callCallback 
(node_modules/react-dom/cjs/react-dom.development.js:4164:14)
      at HTMLUnknownElement.callTheUserObjectsOperation 
(node_modules/jsdom/lib/jsdom/living/generated/EventListener.js:26:30)
      at innerInvokeEventListeners 
(node_modules/jsdom/lib/jsdom/living/events/EventTarget-impl.js:350:25)
      at invokeEventListeners 
(node_modules/jsdom/lib/jsdom/living/events/EventTarget-impl.js:286:3)
      at HTMLUnknownElementImpl._dispatch 
(node_modules/jsdom/lib/jsdom/living/events/EventTarget-impl.js:233:9)
      at HTMLUnknownElementImpl.dispatchEvent 
(node_modules/jsdom/lib/jsdom/living/events/EventTarget-impl.js:104:17)
      at HTMLUnknownElement.dispatchEvent 
(node_modules/jsdom/lib/jsdom/living/generated/EventTarget.js:241:34)
      at Object.invokeGuardedCallbackDev 
(node_modules/react-dom/cjs/react-dom.development.js:4213:16)
      at invokeGuardedCallback 
(node_modules/react-dom/cjs/react-dom.development.js:4277:31)
      at invokeGuardedCallbackAndCatchFirstError 
(node_modules/react-dom/cjs/react-dom.development.js:4291:25)
      at executeDispatch 
(node_modules/react-dom/cjs/react-dom.development.js:9041:3)
      at processDispatchQueueItemsInOrder 
(node_modules/react-dom/cjs/react-dom.development.js:9073:7)
      at processDispatchQueue 
(node_modules/react-dom/cjs/react-dom.development.js:9086:5)
      at dispatchEventsForPlugins 
(node_modules/react-dom/cjs/react-dom.development.js:9097:3)
      at node_modules/react-dom/cjs/react-dom.development.js:9288:12
      at batchedUpdates$1 
(node_modules/react-dom/cjs/react-dom.development.js:26179:12)
      at batchedUpdates 
(node_modules/react-dom/cjs/react-dom.development.js:3991:12)
      at dispatchEventForPluginEventSystem 
(node_modules/react-dom/cjs/react-dom.development.js:9287:3)
      at dispatchEventWithEnableCapturePhaseSelectiveHydrationWithoutDiscreteEv
entReplay (node_modules/react-dom/cjs/react-dom.development.js:6465:5)
      at dispatchEvent 
(node_modules/react-dom/cjs/react-dom.development.js:6457:5)
      at dispatchDiscreteEvent 
(node_modules/react-dom/cjs/react-dom.development.js:6430:5)
      at HTMLDivElement.callTheUserObjectsOperation 
(node_modules/jsdom/lib/jsdom/living/generated/EventListener.js:26:30)
      at innerInvokeEventListeners 
(node_modules/jsdom/lib/jsdom/living/events/EventTarget-impl.js:350:25)
      at invokeEventListeners 
(node_modules/jsdom/lib/jsdom/living/events/EventTarget-impl.js:286:3)
      at HTMLInputElementImpl._dispatch 
(node_modules/jsdom/lib/jsdom/living/events/EventTarget-impl.js:233:9)
      at HTMLInputElementImpl.dispatchEvent 
(node_modules/jsdom/lib/jsdom/living/events/EventTarget-impl.js:104:17)
      at HTMLInputElement.dispatchEvent 
(node_modules/jsdom/lib/jsdom/living/generated/EventTarget.js:241:34)
      at 
node_modules/@testing-library/user-event/dist/cjs/event/dispatchEvent.js:45:43
      at Object.eventWrapper 
(node_modules/@testing-library/dom/dist/config.js:25:23)
      at Object.wrapEvent 
(node_modules/@testing-library/user-event/dist/cjs/event/wrapEvent.js:6:28)
      at Object.dispatchEvent (node_modules/@testing-library/user-event/dist/cj
s/event/dispatchEvent.js:45:22)
      at Object.dispatchUIEvent (node_modules/@testing-library/user-event/dist/
cjs/event/dispatchEvent.js:22:26)
      at commitInput 
(node_modules/@testing-library/user-event/dist/cjs/event/input.js:145:14)
      at editInputElement 
(node_modules/@testing-library/user-event/dist/cjs/event/input.js:115:9)
      at Object.input 
(node_modules/@testing-library/user-event/dist/cjs/event/input.js:37:9)
      at node_modules/@testing-library/user-event/dist/cjs/event/behavior/keypr
ess.js:31:26
      at Object.dispatchEvent (node_modules/@testing-library/user-event/dist/cj
s/event/dispatchEvent.js:41:13)
      at Object.dispatchUIEvent (node_modules/@testing-library/user-event/dist/
cjs/event/dispatchEvent.js:22:26)
      at KeyboardHost.keydown 
(node_modules/@testing-library/user-event/dist/cjs/system/keyboard.js:76:22)
      at keyboardAction 
(node_modules/@testing-library/user-event/dist/cjs/keyboard/index.js:22:35)
      at Object.keyboard 
(node_modules/@testing-library/user-event/dist/cjs/keyboard/index.js:11:15)
      at Object.type 
(node_modules/@testing-library/user-event/dist/cjs/utility/type.js:17:5)
      at Object.<anonymous> 
(src/settings/__tests__/AccountCreatePage.test.tsx:184:9)

    console.error
      Warning: An update to AccountCreatePage inside a test was not wrapped in 
act(...).
      
      When testing, code that causes React state updates should be wrapped 
into act(...):
      
      act(() => {
        /* fire events that update state */
      });
      /* assert on the output */
      
      This ensures that you're testing the behavior the user would see in the 
browser. Learn more at https://reactjs.org/link/wrap-tests-with-act
          at AccountCreatePage (C:\Users\samhe\OneDrive\Desktop\Cleaned\fronten
d\src\settings\AccountCreatePage.tsx:32:47)
          at routeContext (C:\Users\samhe\OneDrive\Desktop\Cleaned\frontend\nod
e_modules\react-router\lib\hooks.tsx:658:26)
          at children (C:\Users\samhe\OneDrive\Desktop\Cleaned\frontend\node_mo
dules\react-router\lib\components.tsx:512:3)
          at basenameProp (C:\Users\samhe\OneDrive\Desktop\Cleaned\frontend\nod
e_modules\react-router\lib\components.tsx:421:13)
          at basename (C:\Users\samhe\OneDrive\Desktop\Cleaned\frontend\node_mo
dules\react-router\lib\components.tsx:225:3)

      161 |                         type="text"
      162 |                         value={username}
    > 163 |                         onChange={e => setUsername(e.target.value)}
          |                                        ^
      164 |                         disabled={saving}
      165 |                         className="text-sm border border-gray-300 
rounded px-2 py-1.5 focus:outline-none focus:ring-1 focus:ring-blue-400 
disabled:opacity-50"
      166 |                     />

      at printWarning 
(node_modules/react-dom/cjs/react-dom.development.js:86:30)
      at error (node_modules/react-dom/cjs/react-dom.development.js:60:7)
      at warnIfUpdatesNotWrappedWithActDEV 
(node_modules/react-dom/cjs/react-dom.development.js:27628:9)
      at scheduleUpdateOnFiber 
(node_modules/react-dom/cjs/react-dom.development.js:25547:5)
      at dispatchSetState 
(node_modules/react-dom/cjs/react-dom.development.js:16708:7)
      at onChange (src/settings/AccountCreatePage.tsx:163:40)
      at HTMLUnknownElement.callCallback 
(node_modules/react-dom/cjs/react-dom.development.js:4164:14)
      at HTMLUnknownElement.callTheUserObjectsOperation 
(node_modules/jsdom/lib/jsdom/living/generated/EventListener.js:26:30)
      at innerInvokeEventListeners 
(node_modules/jsdom/lib/jsdom/living/events/EventTarget-impl.js:350:25)
      at invokeEventListeners 
(node_modules/jsdom/lib/jsdom/living/events/EventTarget-impl.js:286:3)
      at HTMLUnknownElementImpl._dispatch 
(node_modules/jsdom/lib/jsdom/living/events/EventTarget-impl.js:233:9)
      at HTMLUnknownElementImpl.dispatchEvent 
(node_modules/jsdom/lib/jsdom/living/events/EventTarget-impl.js:104:17)
      at HTMLUnknownElement.dispatchEvent 
(node_modules/jsdom/lib/jsdom/living/generated/EventTarget.js:241:34)
      at Object.invokeGuardedCallbackDev 
(node_modules/react-dom/cjs/react-dom.development.js:4213:16)
      at invokeGuardedCallback 
(node_modules/react-dom/cjs/react-dom.development.js:4277:31)
      at invokeGuardedCallbackAndCatchFirstError 
(node_modules/react-dom/cjs/react-dom.development.js:4291:25)
      at executeDispatch 
(node_modules/react-dom/cjs/react-dom.development.js:9041:3)
      at processDispatchQueueItemsInOrder 
(node_modules/react-dom/cjs/react-dom.development.js:9073:7)
      at processDispatchQueue 
(node_modules/react-dom/cjs/react-dom.development.js:9086:5)
      at dispatchEventsForPlugins 
(node_modules/react-dom/cjs/react-dom.development.js:9097:3)
      at node_modules/react-dom/cjs/react-dom.development.js:9288:12
      at batchedUpdates$1 
(node_modules/react-dom/cjs/react-dom.development.js:26179:12)
      at batchedUpdates 
(node_modules/react-dom/cjs/react-dom.development.js:3991:12)
      at dispatchEventForPluginEventSystem 
(node_modules/react-dom/cjs/react-dom.development.js:9287:3)
      at dispatchEventWithEnableCapturePhaseSelectiveHydrationWithoutDiscreteEv
entReplay (node_modules/react-dom/cjs/react-dom.development.js:6465:5)
      at dispatchEvent 
(node_modules/react-dom/cjs/react-dom.development.js:6457:5)
      at dispatchDiscreteEvent 
(node_modules/react-dom/cjs/react-dom.development.js:6430:5)
      at HTMLDivElement.callTheUserObjectsOperation 
(node_modules/jsdom/lib/jsdom/living/generated/EventListener.js:26:30)
      at innerInvokeEventListeners 
(node_modules/jsdom/lib/jsdom/living/events/EventTarget-impl.js:350:25)
      at invokeEventListeners 
(node_modules/jsdom/lib/jsdom/living/events/EventTarget-impl.js:286:3)
      at HTMLInputElementImpl._dispatch 
(node_modules/jsdom/lib/jsdom/living/events/EventTarget-impl.js:233:9)
      at HTMLInputElementImpl.dispatchEvent 
(node_modules/jsdom/lib/jsdom/living/events/EventTarget-impl.js:104:17)
      at HTMLInputElement.dispatchEvent 
(node_modules/jsdom/lib/jsdom/living/generated/EventTarget.js:241:34)
      at 
node_modules/@testing-library/user-event/dist/cjs/event/dispatchEvent.js:45:43
      at Object.eventWrapper 
(node_modules/@testing-library/dom/dist/config.js:25:23)
      at Object.wrapEvent 
(node_modules/@testing-library/user-event/dist/cjs/event/wrapEvent.js:6:28)
      at Object.dispatchEvent (node_modules/@testing-library/user-event/dist/cj
s/event/dispatchEvent.js:45:22)
      at Object.dispatchUIEvent (node_modules/@testing-library/user-event/dist/
cjs/event/dispatchEvent.js:22:26)
      at commitInput 
(node_modules/@testing-library/user-event/dist/cjs/event/input.js:145:14)
      at editInputElement 
(node_modules/@testing-library/user-event/dist/cjs/event/input.js:115:9)
      at Object.input 
(node_modules/@testing-library/user-event/dist/cjs/event/input.js:37:9)
      at node_modules/@testing-library/user-event/dist/cjs/event/behavior/keypr
ess.js:31:26
      at Object.dispatchEvent (node_modules/@testing-library/user-event/dist/cj
s/event/dispatchEvent.js:41:13)
      at Object.dispatchUIEvent (node_modules/@testing-library/user-event/dist/
cjs/event/dispatchEvent.js:22:26)
      at KeyboardHost.keydown 
(node_modules/@testing-library/user-event/dist/cjs/system/keyboard.js:76:22)
      at keyboardAction 
(node_modules/@testing-library/user-event/dist/cjs/keyboard/index.js:22:35)
      at Object.keyboard 
(node_modules/@testing-library/user-event/dist/cjs/keyboard/index.js:11:15)
      at Object.type 
(node_modules/@testing-library/user-event/dist/cjs/utility/type.js:17:5)
      at Object.<anonymous> 
(src/settings/__tests__/AccountCreatePage.test.tsx:184:9)

    console.error
      Warning: An update to AccountCreatePage inside a test was not wrapped in 
act(...).
      
      When testing, code that causes React state updates should be wrapped 
into act(...):
      
      act(() => {
        /* fire events that update state */
      });
      /* assert on the output */
      
      This ensures that you're testing the behavior the user would see in the 
browser. Learn more at https://reactjs.org/link/wrap-tests-with-act
          at AccountCreatePage (C:\Users\samhe\OneDrive\Desktop\Cleaned\fronten
d\src\settings\AccountCreatePage.tsx:32:47)
          at routeContext (C:\Users\samhe\OneDrive\Desktop\Cleaned\frontend\nod
e_modules\react-router\lib\hooks.tsx:658:26)
          at children (C:\Users\samhe\OneDrive\Desktop\Cleaned\frontend\node_mo
dules\react-router\lib\components.tsx:512:3)
          at basenameProp (C:\Users\samhe\OneDrive\Desktop\Cleaned\frontend\nod
e_modules\react-router\lib\components.tsx:421:13)
          at basename (C:\Users\samhe\OneDrive\Desktop\Cleaned\frontend\node_mo
dules\react-router\lib\components.tsx:225:3)

      161 |                         type="text"
      162 |                         value={username}
    > 163 |                         onChange={e => setUsername(e.target.value)}
          |                                        ^
      164 |                         disabled={saving}
      165 |                         className="text-sm border border-gray-300 
rounded px-2 py-1.5 focus:outline-none focus:ring-1 focus:ring-blue-400 
disabled:opacity-50"
      166 |                     />

      at printWarning 
(node_modules/react-dom/cjs/react-dom.development.js:86:30)
      at error (node_modules/react-dom/cjs/react-dom.development.js:60:7)
      at warnIfUpdatesNotWrappedWithActDEV 
(node_modules/react-dom/cjs/react-dom.development.js:27628:9)
      at scheduleUpdateOnFiber 
(node_modules/react-dom/cjs/react-dom.development.js:25547:5)
      at dispatchSetState 
(node_modules/react-dom/cjs/react-dom.development.js:16708:7)
      at onChange (src/settings/AccountCreatePage.tsx:163:40)
      at HTMLUnknownElement.callCallback 
(node_modules/react-dom/cjs/react-dom.development.js:4164:14)
      at HTMLUnknownElement.callTheUserObjectsOperation 
(node_modules/jsdom/lib/jsdom/living/generated/EventListener.js:26:30)
      at innerInvokeEventListeners 
(node_modules/jsdom/lib/jsdom/living/events/EventTarget-impl.js:350:25)
      at invokeEventListeners 
(node_modules/jsdom/lib/jsdom/living/events/EventTarget-impl.js:286:3)
      at HTMLUnknownElementImpl._dispatch 
(node_modules/jsdom/lib/jsdom/living/events/EventTarget-impl.js:233:9)
      at HTMLUnknownElementImpl.dispatchEvent 
(node_modules/jsdom/lib/jsdom/living/events/EventTarget-impl.js:104:17)
      at HTMLUnknownElement.dispatchEvent 
(node_modules/jsdom/lib/jsdom/living/generated/EventTarget.js:241:34)
      at Object.invokeGuardedCallbackDev 
(node_modules/react-dom/cjs/react-dom.development.js:4213:16)
      at invokeGuardedCallback 
(node_modules/react-dom/cjs/react-dom.development.js:4277:31)
      at invokeGuardedCallbackAndCatchFirstError 
(node_modules/react-dom/cjs/react-dom.development.js:4291:25)
      at executeDispatch 
(node_modules/react-dom/cjs/react-dom.development.js:9041:3)
      at processDispatchQueueItemsInOrder 
(node_modules/react-dom/cjs/react-dom.development.js:9073:7)
      at processDispatchQueue 
(node_modules/react-dom/cjs/react-dom.development.js:9086:5)
      at dispatchEventsForPlugins 
(node_modules/react-dom/cjs/react-dom.development.js:9097:3)
      at node_modules/react-dom/cjs/react-dom.development.js:9288:12
      at batchedUpdates$1 
(node_modules/react-dom/cjs/react-dom.development.js:26179:12)
      at batchedUpdates 
(node_modules/react-dom/cjs/react-dom.development.js:3991:12)
      at dispatchEventForPluginEventSystem 
(node_modules/react-dom/cjs/react-dom.development.js:9287:3)
      at dispatchEventWithEnableCapturePhaseSelectiveHydrationWithoutDiscreteEv
entReplay (node_modules/react-dom/cjs/react-dom.development.js:6465:5)
      at dispatchEvent 
(node_modules/react-dom/cjs/react-dom.development.js:6457:5)
      at dispatchDiscreteEvent 
(node_modules/react-dom/cjs/react-dom.development.js:6430:5)
      at HTMLDivElement.callTheUserObjectsOperation 
(node_modules/jsdom/lib/jsdom/living/generated/EventListener.js:26:30)
      at innerInvokeEventListeners 
(node_modules/jsdom/lib/jsdom/living/events/EventTarget-impl.js:350:25)
      at invokeEventListeners 
(node_modules/jsdom/lib/jsdom/living/events/EventTarget-impl.js:286:3)
      at HTMLInputElementImpl._dispatch 
(node_modules/jsdom/lib/jsdom/living/events/EventTarget-impl.js:233:9)
      at HTMLInputElementImpl.dispatchEvent 
(node_modules/jsdom/lib/jsdom/living/events/EventTarget-impl.js:104:17)
      at HTMLInputElement.dispatchEvent 
(node_modules/jsdom/lib/jsdom/living/generated/EventTarget.js:241:34)
      at 
node_modules/@testing-library/user-event/dist/cjs/event/dispatchEvent.js:45:43
      at Object.eventWrapper 
(node_modules/@testing-library/dom/dist/config.js:25:23)
      at Object.wrapEvent 
(node_modules/@testing-library/user-event/dist/cjs/event/wrapEvent.js:6:28)
      at Object.dispatchEvent (node_modules/@testing-library/user-event/dist/cj
s/event/dispatchEvent.js:45:22)
      at Object.dispatchUIEvent (node_modules/@testing-library/user-event/dist/
cjs/event/dispatchEvent.js:22:26)
      at commitInput 
(node_modules/@testing-library/user-event/dist/cjs/event/input.js:145:14)
      at editInputElement 
(node_modules/@testing-library/user-event/dist/cjs/event/input.js:115:9)
      at Object.input 
(node_modules/@testing-library/user-event/dist/cjs/event/input.js:37:9)
      at node_modules/@testing-library/user-event/dist/cjs/event/behavior/keypr
ess.js:31:26
      at Object.dispatchEvent (node_modules/@testing-library/user-event/dist/cj
s/event/dispatchEvent.js:41:13)
      at Object.dispatchUIEvent (node_modules/@testing-library/user-event/dist/
cjs/event/dispatchEvent.js:22:26)
      at KeyboardHost.keydown 
(node_modules/@testing-library/user-event/dist/cjs/system/keyboard.js:76:22)
      at keyboardAction 
(node_modules/@testing-library/user-event/dist/cjs/keyboard/index.js:22:35)
      at Object.keyboard 
(node_modules/@testing-library/user-event/dist/cjs/keyboard/index.js:11:15)
      at Object.type 
(node_modules/@testing-library/user-event/dist/cjs/utility/type.js:17:5)
      at Object.<anonymous> 
(src/settings/__tests__/AccountCreatePage.test.tsx:184:9)

    console.error
      Warning: An update to AccountCreatePage inside a test was not wrapped in 
act(...).
      
      When testing, code that causes React state updates should be wrapped 
into act(...):
      
      act(() => {
        /* fire events that update state */
      });
      /* assert on the output */
      
      This ensures that you're testing the behavior the user would see in the 
browser. Learn more at https://reactjs.org/link/wrap-tests-with-act
          at AccountCreatePage (C:\Users\samhe\OneDrive\Desktop\Cleaned\fronten
d\src\settings\AccountCreatePage.tsx:32:47)
          at routeContext (C:\Users\samhe\OneDrive\Desktop\Cleaned\frontend\nod
e_modules\react-router\lib\hooks.tsx:658:26)
          at children (C:\Users\samhe\OneDrive\Desktop\Cleaned\frontend\node_mo
dules\react-router\lib\components.tsx:512:3)
          at basenameProp (C:\Users\samhe\OneDrive\Desktop\Cleaned\frontend\nod
e_modules\react-router\lib\components.tsx:421:13)
          at basename (C:\Users\samhe\OneDrive\Desktop\Cleaned\frontend\node_mo
dules\react-router\lib\components.tsx:225:3)

      161 |                         type="text"
      162 |                         value={username}
    > 163 |                         onChange={e => setUsername(e.target.value)}
          |                                        ^
      164 |                         disabled={saving}
      165 |                         className="text-sm border border-gray-300 
rounded px-2 py-1.5 focus:outline-none focus:ring-1 focus:ring-blue-400 
disabled:opacity-50"
      166 |                     />

      at printWarning 
(node_modules/react-dom/cjs/react-dom.development.js:86:30)
      at error (node_modules/react-dom/cjs/react-dom.development.js:60:7)
      at warnIfUpdatesNotWrappedWithActDEV 
(node_modules/react-dom/cjs/react-dom.development.js:27628:9)
      at scheduleUpdateOnFiber 
(node_modules/react-dom/cjs/react-dom.development.js:25547:5)
      at dispatchSetState 
(node_modules/react-dom/cjs/react-dom.development.js:16708:7)
      at onChange (src/settings/AccountCreatePage.tsx:163:40)
      at HTMLUnknownElement.callCallback 
(node_modules/react-dom/cjs/react-dom.development.js:4164:14)
      at HTMLUnknownElement.callTheUserObjectsOperation 
(node_modules/jsdom/lib/jsdom/living/generated/EventListener.js:26:30)
      at innerInvokeEventListeners 
(node_modules/jsdom/lib/jsdom/living/events/EventTarget-impl.js:350:25)
      at invokeEventListeners 
(node_modules/jsdom/lib/jsdom/living/events/EventTarget-impl.js:286:3)
      at HTMLUnknownElementImpl._dispatch 
(node_modules/jsdom/lib/jsdom/living/events/EventTarget-impl.js:233:9)
      at HTMLUnknownElementImpl.dispatchEvent 
(node_modules/jsdom/lib/jsdom/living/events/EventTarget-impl.js:104:17)
      at HTMLUnknownElement.dispatchEvent 
(node_modules/jsdom/lib/jsdom/living/generated/EventTarget.js:241:34)
      at Object.invokeGuardedCallbackDev 
(node_modules/react-dom/cjs/react-dom.development.js:4213:16)
      at invokeGuardedCallback 
(node_modules/react-dom/cjs/react-dom.development.js:4277:31)
      at invokeGuardedCallbackAndCatchFirstError 
(node_modules/react-dom/cjs/react-dom.development.js:4291:25)
      at executeDispatch 
(node_modules/react-dom/cjs/react-dom.development.js:9041:3)
      at processDispatchQueueItemsInOrder 
(node_modules/react-dom/cjs/react-dom.development.js:9073:7)
      at processDispatchQueue 
(node_modules/react-dom/cjs/react-dom.development.js:9086:5)
      at dispatchEventsForPlugins 
(node_modules/react-dom/cjs/react-dom.development.js:9097:3)
      at node_modules/react-dom/cjs/react-dom.development.js:9288:12
      at batchedUpdates$1 
(node_modules/react-dom/cjs/react-dom.development.js:26179:12)
      at batchedUpdates 
(node_modules/react-dom/cjs/react-dom.development.js:3991:12)
      at dispatchEventForPluginEventSystem 
(node_modules/react-dom/cjs/react-dom.development.js:9287:3)
      at dispatchEventWithEnableCapturePhaseSelectiveHydrationWithoutDiscreteEv
entReplay (node_modules/react-dom/cjs/react-dom.development.js:6465:5)
      at dispatchEvent 
(node_modules/react-dom/cjs/react-dom.development.js:6457:5)
      at dispatchDiscreteEvent 
(node_modules/react-dom/cjs/react-dom.development.js:6430:5)
      at HTMLDivElement.callTheUserObjectsOperation 
(node_modules/jsdom/lib/jsdom/living/generated/EventListener.js:26:30)
      at innerInvokeEventListeners 
(node_modules/jsdom/lib/jsdom/living/events/EventTarget-impl.js:350:25)
      at invokeEventListeners 
(node_modules/jsdom/lib/jsdom/living/events/EventTarget-impl.js:286:3)
      at HTMLInputElementImpl._dispatch 
(node_modules/jsdom/lib/jsdom/living/events/EventTarget-impl.js:233:9)
      at HTMLInputElementImpl.dispatchEvent 
(node_modules/jsdom/lib/jsdom/living/events/EventTarget-impl.js:104:17)
      at HTMLInputElement.dispatchEvent 
(node_modules/jsdom/lib/jsdom/living/generated/EventTarget.js:241:34)
      at 
node_modules/@testing-library/user-event/dist/cjs/event/dispatchEvent.js:45:43
      at Object.eventWrapper 
(node_modules/@testing-library/dom/dist/config.js:25:23)
      at Object.wrapEvent 
(node_modules/@testing-library/user-event/dist/cjs/event/wrapEvent.js:6:28)
      at Object.dispatchEvent (node_modules/@testing-library/user-event/dist/cj
s/event/dispatchEvent.js:45:22)
      at Object.dispatchUIEvent (node_modules/@testing-library/user-event/dist/
cjs/event/dispatchEvent.js:22:26)
      at commitInput 
(node_modules/@testing-library/user-event/dist/cjs/event/input.js:145:14)
      at editInputElement 
(node_modules/@testing-library/user-event/dist/cjs/event/input.js:115:9)
      at Object.input 
(node_modules/@testing-library/user-event/dist/cjs/event/input.js:37:9)
      at node_modules/@testing-library/user-event/dist/cjs/event/behavior/keypr
ess.js:31:26
      at Object.dispatchEvent (node_modules/@testing-library/user-event/dist/cj
s/event/dispatchEvent.js:41:13)
      at Object.dispatchUIEvent (node_modules/@testing-library/user-event/dist/
cjs/event/dispatchEvent.js:22:26)
      at KeyboardHost.keydown 
(node_modules/@testing-library/user-event/dist/cjs/system/keyboard.js:76:22)
      at keyboardAction 
(node_modules/@testing-library/user-event/dist/cjs/keyboard/index.js:22:35)
      at Object.keyboard 
(node_modules/@testing-library/user-event/dist/cjs/keyboard/index.js:11:15)
      at Object.type 
(node_modules/@testing-library/user-event/dist/cjs/utility/type.js:17:5)
      at Object.<anonymous> 
(src/settings/__tests__/AccountCreatePage.test.tsx:184:9)

    console.error
      Warning: An update to AccountCreatePage inside a test was not wrapped in 
act(...).
      
      When testing, code that causes React state updates should be wrapped 
into act(...):
      
      act(() => {
        /* fire events that update state */
      });
      /* assert on the output */
      
      This ensures that you're testing the behavior the user would see in the 
browser. Learn more at https://reactjs.org/link/wrap-tests-with-act
          at AccountCreatePage (C:\Users\samhe\OneDrive\Desktop\Cleaned\fronten
d\src\settings\AccountCreatePage.tsx:32:47)
          at routeContext (C:\Users\samhe\OneDrive\Desktop\Cleaned\frontend\nod
e_modules\react-router\lib\hooks.tsx:658:26)
          at children (C:\Users\samhe\OneDrive\Desktop\Cleaned\frontend\node_mo
dules\react-router\lib\components.tsx:512:3)
          at basenameProp (C:\Users\samhe\OneDrive\Desktop\Cleaned\frontend\nod
e_modules\react-router\lib\components.tsx:421:13)
          at basename (C:\Users\samhe\OneDrive\Desktop\Cleaned\frontend\node_mo
dules\react-router\lib\components.tsx:225:3)

      174 |                         aria-label="Role"
      175 |                         value={role}
    > 176 |                         onChange={e => setRole(e.target.value)}
          |                                        ^
      177 |                         disabled={saving}
      178 |                         className="text-sm border border-gray-300 
rounded px-2 py-1.5 bg-white focus:outline-none focus:ring-1 
focus:ring-blue-400 disabled:opacity-50"
      179 |                     >

      at printWarning 
(node_modules/react-dom/cjs/react-dom.development.js:86:30)
      at error (node_modules/react-dom/cjs/react-dom.development.js:60:7)
      at warnIfUpdatesNotWrappedWithActDEV 
(node_modules/react-dom/cjs/react-dom.development.js:27628:9)
      at scheduleUpdateOnFiber 
(node_modules/react-dom/cjs/react-dom.development.js:25547:5)
      at dispatchSetState 
(node_modules/react-dom/cjs/react-dom.development.js:16708:7)
      at onChange (src/settings/AccountCreatePage.tsx:176:40)
      at HTMLUnknownElement.callCallback 
(node_modules/react-dom/cjs/react-dom.development.js:4164:14)
      at HTMLUnknownElement.callTheUserObjectsOperation 
(node_modules/jsdom/lib/jsdom/living/generated/EventListener.js:26:30)
      at innerInvokeEventListeners 
(node_modules/jsdom/lib/jsdom/living/events/EventTarget-impl.js:350:25)
      at invokeEventListeners 
(node_modules/jsdom/lib/jsdom/living/events/EventTarget-impl.js:286:3)
      at HTMLUnknownElementImpl._dispatch 
(node_modules/jsdom/lib/jsdom/living/events/EventTarget-impl.js:233:9)
      at HTMLUnknownElementImpl.dispatchEvent 
(node_modules/jsdom/lib/jsdom/living/events/EventTarget-impl.js:104:17)
      at HTMLUnknownElement.dispatchEvent 
(node_modules/jsdom/lib/jsdom/living/generated/EventTarget.js:241:34)
      at Object.invokeGuardedCallbackDev 
(node_modules/react-dom/cjs/react-dom.development.js:4213:16)
      at invokeGuardedCallback 
(node_modules/react-dom/cjs/react-dom.development.js:4277:31)
      at invokeGuardedCallbackAndCatchFirstError 
(node_modules/react-dom/cjs/react-dom.development.js:4291:25)
      at executeDispatch 
(node_modules/react-dom/cjs/react-dom.development.js:9041:3)
      at processDispatchQueueItemsInOrder 
(node_modules/react-dom/cjs/react-dom.development.js:9073:7)
      at processDispatchQueue 
(node_modules/react-dom/cjs/react-dom.development.js:9086:5)
      at dispatchEventsForPlugins 
(node_modules/react-dom/cjs/react-dom.development.js:9097:3)
      at node_modules/react-dom/cjs/react-dom.development.js:9288:12
      at batchedUpdates$1 
(node_modules/react-dom/cjs/react-dom.development.js:26179:12)
      at batchedUpdates 
(node_modules/react-dom/cjs/react-dom.development.js:3991:12)
      at dispatchEventForPluginEventSystem 
(node_modules/react-dom/cjs/react-dom.development.js:9287:3)
      at dispatchEventWithEnableCapturePhaseSelectiveHydrationWithoutDiscreteEv
entReplay (node_modules/react-dom/cjs/react-dom.development.js:6465:5)
      at dispatchEvent 
(node_modules/react-dom/cjs/react-dom.development.js:6457:5)
      at dispatchDiscreteEvent 
(node_modules/react-dom/cjs/react-dom.development.js:6430:5)
      at HTMLDivElement.callTheUserObjectsOperation 
(node_modules/jsdom/lib/jsdom/living/generated/EventListener.js:26:30)
      at innerInvokeEventListeners 
(node_modules/jsdom/lib/jsdom/living/events/EventTarget-impl.js:350:25)
      at invokeEventListeners 
(node_modules/jsdom/lib/jsdom/living/events/EventTarget-impl.js:286:3)
      at HTMLSelectElementImpl._dispatch 
(node_modules/jsdom/lib/jsdom/living/events/EventTarget-impl.js:233:9)
      at HTMLSelectElementImpl.dispatchEvent 
(node_modules/jsdom/lib/jsdom/living/events/EventTarget-impl.js:104:17)
      at Proxy.dispatchEvent 
(node_modules/jsdom/lib/jsdom/living/generated/EventTarget.js:241:34)
      at 
node_modules/@testing-library/user-event/dist/cjs/event/dispatchEvent.js:45:43
      at Object.eventWrapper 
(node_modules/@testing-library/dom/dist/config.js:25:23)
      at Object.wrapEvent 
(node_modules/@testing-library/user-event/dist/cjs/event/wrapEvent.js:6:28)
      at Object.dispatchEvent (node_modules/@testing-library/user-event/dist/cj
s/event/dispatchEvent.js:45:22)
      at Object.dispatchUIEvent (node_modules/@testing-library/user-event/dist/
cjs/event/dispatchEvent.js:22:26)
      at selectOption (node_modules/@testing-library/user-event/dist/cjs/utilit
y/selectOptions.js:51:14)
      at Object.selectOptionsBase (node_modules/@testing-library/user-event/dis
t/cjs/utility/selectOptions.js:87:13)
      at Object.<anonymous> 
(src/settings/__tests__/AccountCreatePage.test.tsx:185:9)

    console.error
      Warning: An update to AccountCreatePage inside a test was not wrapped in 
act(...).
      
      When testing, code that causes React state updates should be wrapped 
into act(...):
      
      act(() => {
        /* fire events that update state */
      });
      /* assert on the output */
      
      This ensures that you're testing the behavior the user would see in the 
browser. Learn more at https://reactjs.org/link/wrap-tests-with-act
          at AccountCreatePage (C:\Users\samhe\OneDrive\Desktop\Cleaned\fronten
d\src\settings\AccountCreatePage.tsx:32:47)
          at routeContext (C:\Users\samhe\OneDrive\Desktop\Cleaned\frontend\nod
e_modules\react-router\lib\hooks.tsx:658:26)
          at children (C:\Users\samhe\OneDrive\Desktop\Cleaned\frontend\node_mo
dules\react-router\lib\components.tsx:512:3)
          at basenameProp (C:\Users\samhe\OneDrive\Desktop\Cleaned\frontend\nod
e_modules\react-router\lib\components.tsx:421:13)
          at basename (C:\Users\samhe\OneDrive\Desktop\Cleaned\frontend\node_mo
dules\react-router\lib\components.tsx:225:3)

      147 |                         type="email"
      148 |                         value={email}
    > 149 |                         onChange={e => setEmail(e.target.value)}
          |                                        ^
      150 |                         disabled={saving}
      151 |                         className="text-sm border border-gray-300 
rounded px-2 py-1.5 focus:outline-none focus:ring-1 focus:ring-blue-400 
disabled:opacity-50"
      152 |                     />

      at printWarning 
(node_modules/react-dom/cjs/react-dom.development.js:86:30)
      at error (node_modules/react-dom/cjs/react-dom.development.js:60:7)
      at warnIfUpdatesNotWrappedWithActDEV 
(node_modules/react-dom/cjs/react-dom.development.js:27628:9)
      at scheduleUpdateOnFiber 
(node_modules/react-dom/cjs/react-dom.development.js:25547:5)
      at dispatchSetState 
(node_modules/react-dom/cjs/react-dom.development.js:16708:7)
      at onChange (src/settings/AccountCreatePage.tsx:149:40)
      at HTMLUnknownElement.callCallback 
(node_modules/react-dom/cjs/react-dom.development.js:4164:14)
      at HTMLUnknownElement.callTheUserObjectsOperation 
(node_modules/jsdom/lib/jsdom/living/generated/EventListener.js:26:30)
      at innerInvokeEventListeners 
(node_modules/jsdom/lib/jsdom/living/events/EventTarget-impl.js:350:25)
      at invokeEventListeners 
(node_modules/jsdom/lib/jsdom/living/events/EventTarget-impl.js:286:3)
      at HTMLUnknownElementImpl._dispatch 
(node_modules/jsdom/lib/jsdom/living/events/EventTarget-impl.js:233:9)
      at HTMLUnknownElementImpl.dispatchEvent 
(node_modules/jsdom/lib/jsdom/living/events/EventTarget-impl.js:104:17)
      at HTMLUnknownElement.dispatchEvent 
(node_modules/jsdom/lib/jsdom/living/generated/EventTarget.js:241:34)
      at Object.invokeGuardedCallbackDev 
(node_modules/react-dom/cjs/react-dom.development.js:4213:16)
      at invokeGuardedCallback 
(node_modules/react-dom/cjs/react-dom.development.js:4277:31)
      at invokeGuardedCallbackAndCatchFirstError 
(node_modules/react-dom/cjs/react-dom.development.js:4291:25)
      at executeDispatch 
(node_modules/react-dom/cjs/react-dom.development.js:9041:3)
      at processDispatchQueueItemsInOrder 
(node_modules/react-dom/cjs/react-dom.development.js:9073:7)
      at processDispatchQueue 
(node_modules/react-dom/cjs/react-dom.development.js:9086:5)
      at dispatchEventsForPlugins 
(node_modules/react-dom/cjs/react-dom.development.js:9097:3)
      at node_modules/react-dom/cjs/react-dom.development.js:9288:12
      at batchedUpdates$1 
(node_modules/react-dom/cjs/react-dom.development.js:26179:12)
      at batchedUpdates 
(node_modules/react-dom/cjs/react-dom.development.js:3991:12)
      at dispatchEventForPluginEventSystem 
(node_modules/react-dom/cjs/react-dom.development.js:9287:3)
      at dispatchEventWithEnableCapturePhaseSelectiveHydrationWithoutDiscreteEv
entReplay (node_modules/react-dom/cjs/react-dom.development.js:6465:5)
      at dispatchEvent 
(node_modules/react-dom/cjs/react-dom.development.js:6457:5)
      at dispatchDiscreteEvent 
(node_modules/react-dom/cjs/react-dom.development.js:6430:5)
      at HTMLDivElement.callTheUserObjectsOperation 
(node_modules/jsdom/lib/jsdom/living/generated/EventListener.js:26:30)
      at innerInvokeEventListeners 
(node_modules/jsdom/lib/jsdom/living/events/EventTarget-impl.js:350:25)
      at invokeEventListeners 
(node_modules/jsdom/lib/jsdom/living/events/EventTarget-impl.js:286:3)
      at HTMLInputElementImpl._dispatch 
(node_modules/jsdom/lib/jsdom/living/events/EventTarget-impl.js:233:9)
      at HTMLInputElementImpl.dispatchEvent 
(node_modules/jsdom/lib/jsdom/living/events/EventTarget-impl.js:104:17)
      at HTMLInputElement.dispatchEvent 
(node_modules/jsdom/lib/jsdom/living/generated/EventTarget.js:241:34)
      at 
node_modules/@testing-library/user-event/dist/cjs/event/dispatchEvent.js:45:43
      at Object.eventWrapper 
(node_modules/@testing-library/dom/dist/config.js:25:23)
      at Object.wrapEvent 
(node_modules/@testing-library/user-event/dist/cjs/event/wrapEvent.js:6:28)
      at Object.dispatchEvent (node_modules/@testing-library/user-event/dist/cj
s/event/dispatchEvent.js:45:22)
      at Object.dispatchUIEvent (node_modules/@testing-library/user-event/dist/
cjs/event/dispatchEvent.js:22:26)
      at commitInput 
(node_modules/@testing-library/user-event/dist/cjs/event/input.js:145:14)
      at editInputElement 
(node_modules/@testing-library/user-event/dist/cjs/event/input.js:115:9)
      at Object.input 
(node_modules/@testing-library/user-event/dist/cjs/event/input.js:37:9)
      at node_modules/@testing-library/user-event/dist/cjs/event/behavior/keypr
ess.js:31:26
      at Object.dispatchEvent (node_modules/@testing-library/user-event/dist/cj
s/event/dispatchEvent.js:41:13)
      at Object.dispatchUIEvent (node_modules/@testing-library/user-event/dist/
cjs/event/dispatchEvent.js:22:26)
      at KeyboardHost.keydown 
(node_modules/@testing-library/user-event/dist/cjs/system/keyboard.js:76:22)
      at keyboardAction 
(node_modules/@testing-library/user-event/dist/cjs/keyboard/index.js:22:35)
      at Object.keyboard 
(node_modules/@testing-library/user-event/dist/cjs/keyboard/index.js:11:15)
      at Object.type 
(node_modules/@testing-library/user-event/dist/cjs/utility/type.js:17:5)
      at Object.<anonymous> 
(src/settings/__tests__/AccountCreatePage.test.tsx:196:9)

    console.error
      Warning: An update to AccountCreatePage inside a test was not wrapped in 
act(...).
      
      When testing, code that causes React state updates should be wrapped 
into act(...):
      
      act(() => {
        /* fire events that update state */
      });
      /* assert on the output */
      
      This ensures that you're testing the behavior the user would see in the 
browser. Learn more at https://reactjs.org/link/wrap-tests-with-act
          at AccountCreatePage (C:\Users\samhe\OneDrive\Desktop\Cleaned\fronten
d\src\settings\AccountCreatePage.tsx:32:47)
          at routeContext (C:\Users\samhe\OneDrive\Desktop\Cleaned\frontend\nod
e_modules\react-router\lib\hooks.tsx:658:26)
          at children (C:\Users\samhe\OneDrive\Desktop\Cleaned\frontend\node_mo
dules\react-router\lib\components.tsx:512:3)
          at basenameProp (C:\Users\samhe\OneDrive\Desktop\Cleaned\frontend\nod
e_modules\react-router\lib\components.tsx:421:13)
          at basename (C:\Users\samhe\OneDrive\Desktop\Cleaned\frontend\node_mo
dules\react-router\lib\components.tsx:225:3)

      147 |                         type="email"
      148 |                         value={email}
    > 149 |                         onChange={e => setEmail(e.target.value)}
          |                                        ^
      150 |                         disabled={saving}
      151 |                         className="text-sm border border-gray-300 
rounded px-2 py-1.5 focus:outline-none focus:ring-1 focus:ring-blue-400 
disabled:opacity-50"
      152 |                     />

      at printWarning 
(node_modules/react-dom/cjs/react-dom.development.js:86:30)
      at error (node_modules/react-dom/cjs/react-dom.development.js:60:7)
      at warnIfUpdatesNotWrappedWithActDEV 
(node_modules/react-dom/cjs/react-dom.development.js:27628:9)
      at scheduleUpdateOnFiber 
(node_modules/react-dom/cjs/react-dom.development.js:25547:5)
      at dispatchSetState 
(node_modules/react-dom/cjs/react-dom.development.js:16708:7)
      at onChange (src/settings/AccountCreatePage.tsx:149:40)
      at HTMLUnknownElement.callCallback 
(node_modules/react-dom/cjs/react-dom.development.js:4164:14)
      at HTMLUnknownElement.callTheUserObjectsOperation 
(node_modules/jsdom/lib/jsdom/living/generated/EventListener.js:26:30)
      at innerInvokeEventListeners 
(node_modules/jsdom/lib/jsdom/living/events/EventTarget-impl.js:350:25)
      at invokeEventListeners 
(node_modules/jsdom/lib/jsdom/living/events/EventTarget-impl.js:286:3)
      at HTMLUnknownElementImpl._dispatch 
(node_modules/jsdom/lib/jsdom/living/events/EventTarget-impl.js:233:9)
      at HTMLUnknownElementImpl.dispatchEvent 
(node_modules/jsdom/lib/jsdom/living/events/EventTarget-impl.js:104:17)
      at HTMLUnknownElement.dispatchEvent 
(node_modules/jsdom/lib/jsdom/living/generated/EventTarget.js:241:34)
      at Object.invokeGuardedCallbackDev 
(node_modules/react-dom/cjs/react-dom.development.js:4213:16)
      at invokeGuardedCallback 
(node_modules/react-dom/cjs/react-dom.development.js:4277:31)
      at invokeGuardedCallbackAndCatchFirstError 
(node_modules/react-dom/cjs/react-dom.development.js:4291:25)
      at executeDispatch 
(node_modules/react-dom/cjs/react-dom.development.js:9041:3)
      at processDispatchQueueItemsInOrder 
(node_modules/react-dom/cjs/react-dom.development.js:9073:7)
      at processDispatchQueue 
(node_modules/react-dom/cjs/react-dom.development.js:9086:5)
      at dispatchEventsForPlugins 
(node_modules/react-dom/cjs/react-dom.development.js:9097:3)
      at node_modules/react-dom/cjs/react-dom.development.js:9288:12
      at batchedUpdates$1 
(node_modules/react-dom/cjs/react-dom.development.js:26179:12)
      at batchedUpdates 
(node_modules/react-dom/cjs/react-dom.development.js:3991:12)
      at dispatchEventForPluginEventSystem 
(node_modules/react-dom/cjs/react-dom.development.js:9287:3)
      at dispatchEventWithEnableCapturePhaseSelectiveHydrationWithoutDiscreteEv
entReplay (node_modules/react-dom/cjs/react-dom.development.js:6465:5)
      at dispatchEvent 
(node_modules/react-dom/cjs/react-dom.development.js:6457:5)
      at dispatchDiscreteEvent 
(node_modules/react-dom/cjs/react-dom.development.js:6430:5)
      at HTMLDivElement.callTheUserObjectsOperation 
(node_modules/jsdom/lib/jsdom/living/generated/EventListener.js:26:30)
      at innerInvokeEventListeners 
(node_modules/jsdom/lib/jsdom/living/events/EventTarget-impl.js:350:25)
      at invokeEventListeners 
(node_modules/jsdom/lib/jsdom/living/events/EventTarget-impl.js:286:3)
      at HTMLInputElementImpl._dispatch 
(node_modules/jsdom/lib/jsdom/living/events/EventTarget-impl.js:233:9)
      at HTMLInputElementImpl.dispatchEvent 
(node_modules/jsdom/lib/jsdom/living/events/EventTarget-impl.js:104:17)
      at HTMLInputElement.dispatchEvent 
(node_modules/jsdom/lib/jsdom/living/generated/EventTarget.js:241:34)
      at 
node_modules/@testing-library/user-event/dist/cjs/event/dispatchEvent.js:45:43
      at Object.eventWrapper 
(node_modules/@testing-library/dom/dist/config.js:25:23)
      at Object.wrapEvent 
(node_modules/@testing-library/user-event/dist/cjs/event/wrapEvent.js:6:28)
      at Object.dispatchEvent (node_modules/@testing-library/user-event/dist/cj
s/event/dispatchEvent.js:45:22)
      at Object.dispatchUIEvent (node_modules/@testing-library/user-event/dist/
cjs/event/dispatchEvent.js:22:26)
      at commitInput 
(node_modules/@testing-library/user-event/dist/cjs/event/input.js:145:14)
      at editInputElement 
(node_modules/@testing-library/user-event/dist/cjs/event/input.js:115:9)
      at Object.input 
(node_modules/@testing-library/user-event/dist/cjs/event/input.js:37:9)
      at node_modules/@testing-library/user-event/dist/cjs/event/behavior/keypr
ess.js:31:26
      at Object.dispatchEvent (node_modules/@testing-library/user-event/dist/cj
s/event/dispatchEvent.js:41:13)
      at Object.dispatchUIEvent (node_modules/@testing-library/user-event/dist/
cjs/event/dispatchEvent.js:22:26)
      at KeyboardHost.keydown 
(node_modules/@testing-library/user-event/dist/cjs/system/keyboard.js:76:22)
      at keyboardAction 
(node_modules/@testing-library/user-event/dist/cjs/keyboard/index.js:22:35)
      at Object.keyboard 
(node_modules/@testing-library/user-event/dist/cjs/keyboard/index.js:11:15)
      at Object.type 
(node_modules/@testing-library/user-event/dist/cjs/utility/type.js:17:5)
      at Object.<anonymous> 
(src/settings/__tests__/AccountCreatePage.test.tsx:196:9)

    console.error
      Warning: An update to AccountCreatePage inside a test was not wrapped in 
act(...).
      
      When testing, code that causes React state updates should be wrapped 
into act(...):
      
      act(() => {
        /* fire events that update state */
      });
      /* assert on the output */
      
      This ensures that you're testing the behavior the user would see in the 
browser. Learn more at https://reactjs.org/link/wrap-tests-with-act
          at AccountCreatePage (C:\Users\samhe\OneDrive\Desktop\Cleaned\fronten
d\src\settings\AccountCreatePage.tsx:32:47)
          at routeContext (C:\Users\samhe\OneDrive\Desktop\Cleaned\frontend\nod
e_modules\react-router\lib\hooks.tsx:658:26)
          at children (C:\Users\samhe\OneDrive\Desktop\Cleaned\frontend\node_mo
dules\react-router\lib\components.tsx:512:3)
          at basenameProp (C:\Users\samhe\OneDrive\Desktop\Cleaned\frontend\nod
e_modules\react-router\lib\components.tsx:421:13)
          at basename (C:\Users\samhe\OneDrive\Desktop\Cleaned\frontend\node_mo
dules\react-router\lib\components.tsx:225:3)

      147 |                         type="email"
      148 |                         value={email}
    > 149 |                         onChange={e => setEmail(e.target.value)}
          |                                        ^
      150 |                         disabled={saving}
      151 |                         className="text-sm border border-gray-300 
rounded px-2 py-1.5 focus:outline-none focus:ring-1 focus:ring-blue-400 
disabled:opacity-50"
      152 |                     />

      at printWarning 
(node_modules/react-dom/cjs/react-dom.development.js:86:30)
      at error (node_modules/react-dom/cjs/react-dom.development.js:60:7)
      at warnIfUpdatesNotWrappedWithActDEV 
(node_modules/react-dom/cjs/react-dom.development.js:27628:9)
      at scheduleUpdateOnFiber 
(node_modules/react-dom/cjs/react-dom.development.js:25547:5)
      at dispatchSetState 
(node_modules/react-dom/cjs/react-dom.development.js:16708:7)
      at onChange (src/settings/AccountCreatePage.tsx:149:40)
      at HTMLUnknownElement.callCallback 
(node_modules/react-dom/cjs/react-dom.development.js:4164:14)
      at HTMLUnknownElement.callTheUserObjectsOperation 
(node_modules/jsdom/lib/jsdom/living/generated/EventListener.js:26:30)
      at innerInvokeEventListeners 
(node_modules/jsdom/lib/jsdom/living/events/EventTarget-impl.js:350:25)
      at invokeEventListeners 
(node_modules/jsdom/lib/jsdom/living/events/EventTarget-impl.js:286:3)
      at HTMLUnknownElementImpl._dispatch 
(node_modules/jsdom/lib/jsdom/living/events/EventTarget-impl.js:233:9)
      at HTMLUnknownElementImpl.dispatchEvent 
(node_modules/jsdom/lib/jsdom/living/events/EventTarget-impl.js:104:17)
      at HTMLUnknownElement.dispatchEvent 
(node_modules/jsdom/lib/jsdom/living/generated/EventTarget.js:241:34)
      at Object.invokeGuardedCallbackDev 
(node_modules/react-dom/cjs/react-dom.development.js:4213:16)
      at invokeGuardedCallback 
(node_modules/react-dom/cjs/react-dom.development.js:4277:31)
      at invokeGuardedCallbackAndCatchFirstError 
(node_modules/react-dom/cjs/react-dom.development.js:4291:25)
      at executeDispatch 
(node_modules/react-dom/cjs/react-dom.development.js:9041:3)
      at processDispatchQueueItemsInOrder 
(node_modules/react-dom/cjs/react-dom.development.js:9073:7)
      at processDispatchQueue 
(node_modules/react-dom/cjs/react-dom.development.js:9086:5)
      at dispatchEventsForPlugins 
(node_modules/react-dom/cjs/react-dom.development.js:9097:3)
      at node_modules/react-dom/cjs/react-dom.development.js:9288:12
      at batchedUpdates$1 
(node_modules/react-dom/cjs/react-dom.development.js:26179:12)
      at batchedUpdates 
(node_modules/react-dom/cjs/react-dom.development.js:3991:12)
      at dispatchEventForPluginEventSystem 
(node_modules/react-dom/cjs/react-dom.development.js:9287:3)
      at dispatchEventWithEnableCapturePhaseSelectiveHydrationWithoutDiscreteEv
entReplay (node_modules/react-dom/cjs/react-dom.development.js:6465:5)
      at dispatchEvent 
(node_modules/react-dom/cjs/react-dom.development.js:6457:5)
      at dispatchDiscreteEvent 
(node_modules/react-dom/cjs/react-dom.development.js:6430:5)
      at HTMLDivElement.callTheUserObjectsOperation 
(node_modules/jsdom/lib/jsdom/living/generated/EventListener.js:26:30)
      at innerInvokeEventListeners 
(node_modules/jsdom/lib/jsdom/living/events/EventTarget-impl.js:350:25)
      at invokeEventListeners 
(node_modules/jsdom/lib/jsdom/living/events/EventTarget-impl.js:286:3)
      at HTMLInputElementImpl._dispatch 
(node_modules/jsdom/lib/jsdom/living/events/EventTarget-impl.js:233:9)
      at HTMLInputElementImpl.dispatchEvent 
(node_modules/jsdom/lib/jsdom/living/events/EventTarget-impl.js:104:17)
      at HTMLInputElement.dispatchEvent 
(node_modules/jsdom/lib/jsdom/living/generated/EventTarget.js:241:34)
      at 
node_modules/@testing-library/user-event/dist/cjs/event/dispatchEvent.js:45:43
      at Object.eventWrapper 
(node_modules/@testing-library/dom/dist/config.js:25:23)
      at Object.wrapEvent 
(node_modules/@testing-library/user-event/dist/cjs/event/wrapEvent.js:6:28)
      at Object.dispatchEvent (node_modules/@testing-library/user-event/dist/cj
s/event/dispatchEvent.js:45:22)
      at Object.dispatchUIEvent (node_modules/@testing-library/user-event/dist/
cjs/event/dispatchEvent.js:22:26)
      at commitInput 
(node_modules/@testing-library/user-event/dist/cjs/event/input.js:145:14)
      at editInputElement 
(node_modules/@testing-library/user-event/dist/cjs/event/input.js:115:9)
      at Object.input 
(node_modules/@testing-library/user-event/dist/cjs/event/input.js:37:9)
      at node_modules/@testing-library/user-event/dist/cjs/event/behavior/keypr
ess.js:31:26
      at Object.dispatchEvent (node_modules/@testing-library/user-event/dist/cj
s/event/dispatchEvent.js:41:13)
      at Object.dispatchUIEvent (node_modules/@testing-library/user-event/dist/
cjs/event/dispatchEvent.js:22:26)
      at KeyboardHost.keydown 
(node_modules/@testing-library/user-event/dist/cjs/system/keyboard.js:76:22)
      at keyboardAction 
(node_modules/@testing-library/user-event/dist/cjs/keyboard/index.js:22:35)
      at Object.keyboard 
(node_modules/@testing-library/user-event/dist/cjs/keyboard/index.js:11:15)
      at Object.type 
(node_modules/@testing-library/user-event/dist/cjs/utility/type.js:17:5)
      at Object.<anonymous> 
(src/settings/__tests__/AccountCreatePage.test.tsx:196:9)

    console.error
      Warning: An update to AccountCreatePage inside a test was not wrapped in 
act(...).
      
      When testing, code that causes React state updates should be wrapped 
into act(...):
      
      act(() => {
        /* fire events that update state */
      });
      /* assert on the output */
      
      This ensures that you're testing the behavior the user would see in the 
browser. Learn more at https://reactjs.org/link/wrap-tests-with-act
          at AccountCreatePage (C:\Users\samhe\OneDrive\Desktop\Cleaned\fronten
d\src\settings\AccountCreatePage.tsx:32:47)
          at routeContext (C:\Users\samhe\OneDrive\Desktop\Cleaned\frontend\nod
e_modules\react-router\lib\hooks.tsx:658:26)
          at children (C:\Users\samhe\OneDrive\Desktop\Cleaned\frontend\node_mo
dules\react-router\lib\components.tsx:512:3)
          at basenameProp (C:\Users\samhe\OneDrive\Desktop\Cleaned\frontend\nod
e_modules\react-router\lib\components.tsx:421:13)
          at basename (C:\Users\samhe\OneDrive\Desktop\Cleaned\frontend\node_mo
dules\react-router\lib\components.tsx:225:3)

      147 |                         type="email"
      148 |                         value={email}
    > 149 |                         onChange={e => setEmail(e.target.value)}
          |                                        ^
      150 |                         disabled={saving}
      151 |                         className="text-sm border border-gray-300 
rounded px-2 py-1.5 focus:outline-none focus:ring-1 focus:ring-blue-400 
disabled:opacity-50"
      152 |                     />

      at printWarning 
(node_modules/react-dom/cjs/react-dom.development.js:86:30)
      at error (node_modules/react-dom/cjs/react-dom.development.js:60:7)
      at warnIfUpdatesNotWrappedWithActDEV 
(node_modules/react-dom/cjs/react-dom.development.js:27628:9)
      at scheduleUpdateOnFiber 
(node_modules/react-dom/cjs/react-dom.development.js:25547:5)
      at dispatchSetState 
(node_modules/react-dom/cjs/react-dom.development.js:16708:7)
      at onChange (src/settings/AccountCreatePage.tsx:149:40)
      at HTMLUnknownElement.callCallback 
(node_modules/react-dom/cjs/react-dom.development.js:4164:14)
      at HTMLUnknownElement.callTheUserObjectsOperation 
(node_modules/jsdom/lib/jsdom/living/generated/EventListener.js:26:30)
      at innerInvokeEventListeners 
(node_modules/jsdom/lib/jsdom/living/events/EventTarget-impl.js:350:25)
      at invokeEventListeners 
(node_modules/jsdom/lib/jsdom/living/events/EventTarget-impl.js:286:3)
      at HTMLUnknownElementImpl._dispatch 
(node_modules/jsdom/lib/jsdom/living/events/EventTarget-impl.js:233:9)
      at HTMLUnknownElementImpl.dispatchEvent 
(node_modules/jsdom/lib/jsdom/living/events/EventTarget-impl.js:104:17)
      at HTMLUnknownElement.dispatchEvent 
(node_modules/jsdom/lib/jsdom/living/generated/EventTarget.js:241:34)
      at Object.invokeGuardedCallbackDev 
(node_modules/react-dom/cjs/react-dom.development.js:4213:16)
      at invokeGuardedCallback 
(node_modules/react-dom/cjs/react-dom.development.js:4277:31)
      at invokeGuardedCallbackAndCatchFirstError 
(node_modules/react-dom/cjs/react-dom.development.js:4291:25)
      at executeDispatch 
(node_modules/react-dom/cjs/react-dom.development.js:9041:3)
      at processDispatchQueueItemsInOrder 
(node_modules/react-dom/cjs/react-dom.development.js:9073:7)
      at processDispatchQueue 
(node_modules/react-dom/cjs/react-dom.development.js:9086:5)
      at dispatchEventsForPlugins 
(node_modules/react-dom/cjs/react-dom.development.js:9097:3)
      at node_modules/react-dom/cjs/react-dom.development.js:9288:12
      at batchedUpdates$1 
(node_modules/react-dom/cjs/react-dom.development.js:26179:12)
      at batchedUpdates 
(node_modules/react-dom/cjs/react-dom.development.js:3991:12)
      at dispatchEventForPluginEventSystem 
(node_modules/react-dom/cjs/react-dom.development.js:9287:3)
      at dispatchEventWithEnableCapturePhaseSelectiveHydrationWithoutDiscreteEv
entReplay (node_modules/react-dom/cjs/react-dom.development.js:6465:5)
      at dispatchEvent 
(node_modules/react-dom/cjs/react-dom.development.js:6457:5)
      at dispatchDiscreteEvent 
(node_modules/react-dom/cjs/react-dom.development.js:6430:5)
      at HTMLDivElement.callTheUserObjectsOperation 
(node_modules/jsdom/lib/jsdom/living/generated/EventListener.js:26:30)
      at innerInvokeEventListeners 
(node_modules/jsdom/lib/jsdom/living/events/EventTarget-impl.js:350:25)
      at invokeEventListeners 
(node_modules/jsdom/lib/jsdom/living/events/EventTarget-impl.js:286:3)
      at HTMLInputElementImpl._dispatch 
(node_modules/jsdom/lib/jsdom/living/events/EventTarget-impl.js:233:9)
      at HTMLInputElementImpl.dispatchEvent 
(node_modules/jsdom/lib/jsdom/living/events/EventTarget-impl.js:104:17)
      at HTMLInputElement.dispatchEvent 
(node_modules/jsdom/lib/jsdom/living/generated/EventTarget.js:241:34)
      at 
node_modules/@testing-library/user-event/dist/cjs/event/dispatchEvent.js:45:43
      at Object.eventWrapper 
(node_modules/@testing-library/dom/dist/config.js:25:23)
      at Object.wrapEvent 
(node_modules/@testing-library/user-event/dist/cjs/event/wrapEvent.js:6:28)
      at Object.dispatchEvent (node_modules/@testing-library/user-event/dist/cj
s/event/dispatchEvent.js:45:22)
      at Object.dispatchUIEvent (node_modules/@testing-library/user-event/dist/
cjs/event/dispatchEvent.js:22:26)
      at commitInput 
(node_modules/@testing-library/user-event/dist/cjs/event/input.js:145:14)
      at editInputElement 
(node_modules/@testing-library/user-event/dist/cjs/event/input.js:115:9)
      at Object.input 
(node_modules/@testing-library/user-event/dist/cjs/event/input.js:37:9)
      at node_modules/@testing-library/user-event/dist/cjs/event/behavior/keypr
ess.js:31:26
      at Object.dispatchEvent (node_modules/@testing-library/user-event/dist/cj
s/event/dispatchEvent.js:41:13)
      at Object.dispatchUIEvent (node_modules/@testing-library/user-event/dist/
cjs/event/dispatchEvent.js:22:26)
      at KeyboardHost.keydown 
(node_modules/@testing-library/user-event/dist/cjs/system/keyboard.js:76:22)
      at keyboardAction 
(node_modules/@testing-library/user-event/dist/cjs/keyboard/index.js:22:35)
      at Object.keyboard 
(node_modules/@testing-library/user-event/dist/cjs/keyboard/index.js:11:15)
      at Object.type 
(node_modules/@testing-library/user-event/dist/cjs/utility/type.js:17:5)
      at Object.<anonymous> 
(src/settings/__tests__/AccountCreatePage.test.tsx:196:9)

    console.error
      Warning: An update to AccountCreatePage inside a test was not wrapped in 
act(...).
      
      When testing, code that causes React state updates should be wrapped 
into act(...):
      
      act(() => {
        /* fire events that update state */
      });
      /* assert on the output */
      
      This ensures that you're testing the behavior the user would see in the 
browser. Learn more at https://reactjs.org/link/wrap-tests-with-act
          at AccountCreatePage (C:\Users\samhe\OneDrive\Desktop\Cleaned\fronten
d\src\settings\AccountCreatePage.tsx:32:47)
          at routeContext (C:\Users\samhe\OneDrive\Desktop\Cleaned\frontend\nod
e_modules\react-router\lib\hooks.tsx:658:26)
          at children (C:\Users\samhe\OneDrive\Desktop\Cleaned\frontend\node_mo
dules\react-router\lib\components.tsx:512:3)
          at basenameProp (C:\Users\samhe\OneDrive\Desktop\Cleaned\frontend\nod
e_modules\react-router\lib\components.tsx:421:13)
          at basename (C:\Users\samhe\OneDrive\Desktop\Cleaned\frontend\node_mo
dules\react-router\lib\components.tsx:225:3)

      147 |                         type="email"
      148 |                         value={email}
    > 149 |                         onChange={e => setEmail(e.target.value)}
          |                                        ^
      150 |                         disabled={saving}
      151 |                         className="text-sm border border-gray-300 
rounded px-2 py-1.5 focus:outline-none focus:ring-1 focus:ring-blue-400 
disabled:opacity-50"
      152 |                     />

      at printWarning 
(node_modules/react-dom/cjs/react-dom.development.js:86:30)
      at error (node_modules/react-dom/cjs/react-dom.development.js:60:7)
      at warnIfUpdatesNotWrappedWithActDEV 
(node_modules/react-dom/cjs/react-dom.development.js:27628:9)
      at scheduleUpdateOnFiber 
(node_modules/react-dom/cjs/react-dom.development.js:25547:5)
      at dispatchSetState 
(node_modules/react-dom/cjs/react-dom.development.js:16708:7)
      at onChange (src/settings/AccountCreatePage.tsx:149:40)
      at HTMLUnknownElement.callCallback 
(node_modules/react-dom/cjs/react-dom.development.js:4164:14)
      at HTMLUnknownElement.callTheUserObjectsOperation 
(node_modules/jsdom/lib/jsdom/living/generated/EventListener.js:26:30)
      at innerInvokeEventListeners 
(node_modules/jsdom/lib/jsdom/living/events/EventTarget-impl.js:350:25)
      at invokeEventListeners 
(node_modules/jsdom/lib/jsdom/living/events/EventTarget-impl.js:286:3)
      at HTMLUnknownElementImpl._dispatch 
(node_modules/jsdom/lib/jsdom/living/events/EventTarget-impl.js:233:9)
      at HTMLUnknownElementImpl.dispatchEvent 
(node_modules/jsdom/lib/jsdom/living/events/EventTarget-impl.js:104:17)
      at HTMLUnknownElement.dispatchEvent 
(node_modules/jsdom/lib/jsdom/living/generated/EventTarget.js:241:34)
      at Object.invokeGuardedCallbackDev 
(node_modules/react-dom/cjs/react-dom.development.js:4213:16)
      at invokeGuardedCallback 
(node_modules/react-dom/cjs/react-dom.development.js:4277:31)
      at invokeGuardedCallbackAndCatchFirstError 
(node_modules/react-dom/cjs/react-dom.development.js:4291:25)
      at executeDispatch 
(node_modules/react-dom/cjs/react-dom.development.js:9041:3)
      at processDispatchQueueItemsInOrder 
(node_modules/react-dom/cjs/react-dom.development.js:9073:7)
      at processDispatchQueue 
(node_modules/react-dom/cjs/react-dom.development.js:9086:5)
      at dispatchEventsForPlugins 
(node_modules/react-dom/cjs/react-dom.development.js:9097:3)
      at node_modules/react-dom/cjs/react-dom.development.js:9288:12
      at batchedUpdates$1 
(node_modules/react-dom/cjs/react-dom.development.js:26179:12)
      at batchedUpdates 
(node_modules/react-dom/cjs/react-dom.development.js:3991:12)
      at dispatchEventForPluginEventSystem 
(node_modules/react-dom/cjs/react-dom.development.js:9287:3)
      at dispatchEventWithEnableCapturePhaseSelectiveHydrationWithoutDiscreteEv
entReplay (node_modules/react-dom/cjs/react-dom.development.js:6465:5)
      at dispatchEvent 
(node_modules/react-dom/cjs/react-dom.development.js:6457:5)
      at dispatchDiscreteEvent 
(node_modules/react-dom/cjs/react-dom.development.js:6430:5)
      at HTMLDivElement.callTheUserObjectsOperation 
(node_modules/jsdom/lib/jsdom/living/generated/EventListener.js:26:30)
      at innerInvokeEventListeners 
(node_modules/jsdom/lib/jsdom/living/events/EventTarget-impl.js:350:25)
      at invokeEventListeners 
(node_modules/jsdom/lib/jsdom/living/events/EventTarget-impl.js:286:3)
      at HTMLInputElementImpl._dispatch 
(node_modules/jsdom/lib/jsdom/living/events/EventTarget-impl.js:233:9)
      at HTMLInputElementImpl.dispatchEvent 
(node_modules/jsdom/lib/jsdom/living/events/EventTarget-impl.js:104:17)
      at HTMLInputElement.dispatchEvent 
(node_modules/jsdom/lib/jsdom/living/generated/EventTarget.js:241:34)
      at 
node_modules/@testing-library/user-event/dist/cjs/event/dispatchEvent.js:45:43
      at Object.eventWrapper 
(node_modules/@testing-library/dom/dist/config.js:25:23)
      at Object.wrapEvent 
(node_modules/@testing-library/user-event/dist/cjs/event/wrapEvent.js:6:28)
      at Object.dispatchEvent (node_modules/@testing-library/user-event/dist/cj
s/event/dispatchEvent.js:45:22)
      at Object.dispatchUIEvent (node_modules/@testing-library/user-event/dist/
cjs/event/dispatchEvent.js:22:26)
      at commitInput 
(node_modules/@testing-library/user-event/dist/cjs/event/input.js:145:14)
      at editInputElement 
(node_modules/@testing-library/user-event/dist/cjs/event/input.js:115:9)
      at Object.input 
(node_modules/@testing-library/user-event/dist/cjs/event/input.js:37:9)
      at node_modules/@testing-library/user-event/dist/cjs/event/behavior/keypr
ess.js:31:26
      at Object.dispatchEvent (node_modules/@testing-library/user-event/dist/cj
s/event/dispatchEvent.js:41:13)
      at Object.dispatchUIEvent (node_modules/@testing-library/user-event/dist/
cjs/event/dispatchEvent.js:22:26)
      at KeyboardHost.keydown 
(node_modules/@testing-library/user-event/dist/cjs/system/keyboard.js:76:22)
      at keyboardAction 
(node_modules/@testing-library/user-event/dist/cjs/keyboard/index.js:22:35)
      at Object.keyboard 
(node_modules/@testing-library/user-event/dist/cjs/keyboard/index.js:11:15)
      at Object.type 
(node_modules/@testing-library/user-event/dist/cjs/utility/type.js:17:5)
      at Object.<anonymous> 
(src/settings/__tests__/AccountCreatePage.test.tsx:196:9)

    console.error
      Warning: An update to AccountCreatePage inside a test was not wrapped in 
act(...).
      
      When testing, code that causes React state updates should be wrapped 
into act(...):
      
      act(() => {
        /* fire events that update state */
      });
      /* assert on the output */
      
      This ensures that you're testing the behavior the user would see in the 
browser. Learn more at https://reactjs.org/link/wrap-tests-with-act
          at AccountCreatePage (C:\Users\samhe\OneDrive\Desktop\Cleaned\fronten
d\src\settings\AccountCreatePage.tsx:32:47)
          at routeContext (C:\Users\samhe\OneDrive\Desktop\Cleaned\frontend\nod
e_modules\react-router\lib\hooks.tsx:658:26)
          at children (C:\Users\samhe\OneDrive\Desktop\Cleaned\frontend\node_mo
dules\react-router\lib\components.tsx:512:3)
          at basenameProp (C:\Users\samhe\OneDrive\Desktop\Cleaned\frontend\nod
e_modules\react-router\lib\components.tsx:421:13)
          at basename (C:\Users\samhe\OneDrive\Desktop\Cleaned\frontend\node_mo
dules\react-router\lib\components.tsx:225:3)

      147 |                         type="email"
      148 |                         value={email}
    > 149 |                         onChange={e => setEmail(e.target.value)}
          |                                        ^
      150 |                         disabled={saving}
      151 |                         className="text-sm border border-gray-300 
rounded px-2 py-1.5 focus:outline-none focus:ring-1 focus:ring-blue-400 
disabled:opacity-50"
      152 |                     />

      at printWarning 
(node_modules/react-dom/cjs/react-dom.development.js:86:30)
      at error (node_modules/react-dom/cjs/react-dom.development.js:60:7)
      at warnIfUpdatesNotWrappedWithActDEV 
(node_modules/react-dom/cjs/react-dom.development.js:27628:9)
      at scheduleUpdateOnFiber 
(node_modules/react-dom/cjs/react-dom.development.js:25547:5)
      at dispatchSetState 
(node_modules/react-dom/cjs/react-dom.development.js:16708:7)
      at onChange (src/settings/AccountCreatePage.tsx:149:40)
      at HTMLUnknownElement.callCallback 
(node_modules/react-dom/cjs/react-dom.development.js:4164:14)
      at HTMLUnknownElement.callTheUserObjectsOperation 
(node_modules/jsdom/lib/jsdom/living/generated/EventListener.js:26:30)
      at innerInvokeEventListeners 
(node_modules/jsdom/lib/jsdom/living/events/EventTarget-impl.js:350:25)
      at invokeEventListeners 
(node_modules/jsdom/lib/jsdom/living/events/EventTarget-impl.js:286:3)
      at HTMLUnknownElementImpl._dispatch 
(node_modules/jsdom/lib/jsdom/living/events/EventTarget-impl.js:233:9)
      at HTMLUnknownElementImpl.dispatchEvent 
(node_modules/jsdom/lib/jsdom/living/events/EventTarget-impl.js:104:17)
      at HTMLUnknownElement.dispatchEvent 
(node_modules/jsdom/lib/jsdom/living/generated/EventTarget.js:241:34)
      at Object.invokeGuardedCallbackDev 
(node_modules/react-dom/cjs/react-dom.development.js:4213:16)
      at invokeGuardedCallback 
(node_modules/react-dom/cjs/react-dom.development.js:4277:31)
      at invokeGuardedCallbackAndCatchFirstError 
(node_modules/react-dom/cjs/react-dom.development.js:4291:25)
      at executeDispatch 
(node_modules/react-dom/cjs/react-dom.development.js:9041:3)
      at processDispatchQueueItemsInOrder 
(node_modules/react-dom/cjs/react-dom.development.js:9073:7)
      at processDispatchQueue 
(node_modules/react-dom/cjs/react-dom.development.js:9086:5)
      at dispatchEventsForPlugins 
(node_modules/react-dom/cjs/react-dom.development.js:9097:3)
      at node_modules/react-dom/cjs/react-dom.development.js:9288:12
      at batchedUpdates$1 
(node_modules/react-dom/cjs/react-dom.development.js:26179:12)
      at batchedUpdates 
(node_modules/react-dom/cjs/react-dom.development.js:3991:12)
      at dispatchEventForPluginEventSystem 
(node_modules/react-dom/cjs/react-dom.development.js:9287:3)
      at dispatchEventWithEnableCapturePhaseSelectiveHydrationWithoutDiscreteEv
entReplay (node_modules/react-dom/cjs/react-dom.development.js:6465:5)
      at dispatchEvent 
(node_modules/react-dom/cjs/react-dom.development.js:6457:5)
      at dispatchDiscreteEvent 
(node_modules/react-dom/cjs/react-dom.development.js:6430:5)
      at HTMLDivElement.callTheUserObjectsOperation 
(node_modules/jsdom/lib/jsdom/living/generated/EventListener.js:26:30)
      at innerInvokeEventListeners 
(node_modules/jsdom/lib/jsdom/living/events/EventTarget-impl.js:350:25)
      at invokeEventListeners 
(node_modules/jsdom/lib/jsdom/living/events/EventTarget-impl.js:286:3)
      at HTMLInputElementImpl._dispatch 
(node_modules/jsdom/lib/jsdom/living/events/EventTarget-impl.js:233:9)
      at HTMLInputElementImpl.dispatchEvent 
(node_modules/jsdom/lib/jsdom/living/events/EventTarget-impl.js:104:17)
      at HTMLInputElement.dispatchEvent 
(node_modules/jsdom/lib/jsdom/living/generated/EventTarget.js:241:34)
      at 
node_modules/@testing-library/user-event/dist/cjs/event/dispatchEvent.js:45:43
      at Object.eventWrapper 
(node_modules/@testing-library/dom/dist/config.js:25:23)
      at Object.wrapEvent 
(node_modules/@testing-library/user-event/dist/cjs/event/wrapEvent.js:6:28)
      at Object.dispatchEvent (node_modules/@testing-library/user-event/dist/cj
s/event/dispatchEvent.js:45:22)
      at Object.dispatchUIEvent (node_modules/@testing-library/user-event/dist/
cjs/event/dispatchEvent.js:22:26)
      at commitInput 
(node_modules/@testing-library/user-event/dist/cjs/event/input.js:145:14)
      at editInputElement 
(node_modules/@testing-library/user-event/dist/cjs/event/input.js:115:9)
      at Object.input 
(node_modules/@testing-library/user-event/dist/cjs/event/input.js:37:9)
      at node_modules/@testing-library/user-event/dist/cjs/event/behavior/keypr
ess.js:31:26
      at Object.dispatchEvent (node_modules/@testing-library/user-event/dist/cj
s/event/dispatchEvent.js:41:13)
      at Object.dispatchUIEvent (node_modules/@testing-library/user-event/dist/
cjs/event/dispatchEvent.js:22:26)
      at KeyboardHost.keydown 
(node_modules/@testing-library/user-event/dist/cjs/system/keyboard.js:76:22)
      at keyboardAction 
(node_modules/@testing-library/user-event/dist/cjs/keyboard/index.js:22:35)
      at Object.keyboard 
(node_modules/@testing-library/user-event/dist/cjs/keyboard/index.js:11:15)
      at Object.type 
(node_modules/@testing-library/user-event/dist/cjs/utility/type.js:17:5)
      at Object.<anonymous> 
(src/settings/__tests__/AccountCreatePage.test.tsx:196:9)

    console.error
      Warning: An update to AccountCreatePage inside a test was not wrapped in 
act(...).
      
      When testing, code that causes React state updates should be wrapped 
into act(...):
      
      act(() => {
        /* fire events that update state */
      });
      /* assert on the output */
      
      This ensures that you're testing the behavior the user would see in the 
browser. Learn more at https://reactjs.org/link/wrap-tests-with-act
          at AccountCreatePage (C:\Users\samhe\OneDrive\Desktop\Cleaned\fronten
d\src\settings\AccountCreatePage.tsx:32:47)
          at routeContext (C:\Users\samhe\OneDrive\Desktop\Cleaned\frontend\nod
e_modules\react-router\lib\hooks.tsx:658:26)
          at children (C:\Users\samhe\OneDrive\Desktop\Cleaned\frontend\node_mo
dules\react-router\lib\components.tsx:512:3)
          at basenameProp (C:\Users\samhe\OneDrive\Desktop\Cleaned\frontend\nod
e_modules\react-router\lib\components.tsx:421:13)
          at basename (C:\Users\samhe\OneDrive\Desktop\Cleaned\frontend\node_mo
dules\react-router\lib\components.tsx:225:3)

      147 |                         type="email"
      148 |                         value={email}
    > 149 |                         onChange={e => setEmail(e.target.value)}
          |                                        ^
      150 |                         disabled={saving}
      151 |                         className="text-sm border border-gray-300 
rounded px-2 py-1.5 focus:outline-none focus:ring-1 focus:ring-blue-400 
disabled:opacity-50"
      152 |                     />

      at printWarning 
(node_modules/react-dom/cjs/react-dom.development.js:86:30)
      at error (node_modules/react-dom/cjs/react-dom.development.js:60:7)
      at warnIfUpdatesNotWrappedWithActDEV 
(node_modules/react-dom/cjs/react-dom.development.js:27628:9)
      at scheduleUpdateOnFiber 
(node_modules/react-dom/cjs/react-dom.development.js:25547:5)
      at dispatchSetState 
(node_modules/react-dom/cjs/react-dom.development.js:16708:7)
      at onChange (src/settings/AccountCreatePage.tsx:149:40)
      at HTMLUnknownElement.callCallback 
(node_modules/react-dom/cjs/react-dom.development.js:4164:14)
      at HTMLUnknownElement.callTheUserObjectsOperation 
(node_modules/jsdom/lib/jsdom/living/generated/EventListener.js:26:30)
      at innerInvokeEventListeners 
(node_modules/jsdom/lib/jsdom/living/events/EventTarget-impl.js:350:25)
      at invokeEventListeners 
(node_modules/jsdom/lib/jsdom/living/events/EventTarget-impl.js:286:3)
      at HTMLUnknownElementImpl._dispatch 
(node_modules/jsdom/lib/jsdom/living/events/EventTarget-impl.js:233:9)
      at HTMLUnknownElementImpl.dispatchEvent 
(node_modules/jsdom/lib/jsdom/living/events/EventTarget-impl.js:104:17)
      at HTMLUnknownElement.dispatchEvent 
(node_modules/jsdom/lib/jsdom/living/generated/EventTarget.js:241:34)
      at Object.invokeGuardedCallbackDev 
(node_modules/react-dom/cjs/react-dom.development.js:4213:16)
      at invokeGuardedCallback 
(node_modules/react-dom/cjs/react-dom.development.js:4277:31)
      at invokeGuardedCallbackAndCatchFirstError 
(node_modules/react-dom/cjs/react-dom.development.js:4291:25)
      at executeDispatch 
(node_modules/react-dom/cjs/react-dom.development.js:9041:3)
      at processDispatchQueueItemsInOrder 
(node_modules/react-dom/cjs/react-dom.development.js:9073:7)
      at processDispatchQueue 
(node_modules/react-dom/cjs/react-dom.development.js:9086:5)
      at dispatchEventsForPlugins 
(node_modules/react-dom/cjs/react-dom.development.js:9097:3)
      at node_modules/react-dom/cjs/react-dom.development.js:9288:12
      at batchedUpdates$1 
(node_modules/react-dom/cjs/react-dom.development.js:26179:12)
      at batchedUpdates 
(node_modules/react-dom/cjs/react-dom.development.js:3991:12)
      at dispatchEventForPluginEventSystem 
(node_modules/react-dom/cjs/react-dom.development.js:9287:3)
      at dispatchEventWithEnableCapturePhaseSelectiveHydrationWithoutDiscreteEv
entReplay (node_modules/react-dom/cjs/react-dom.development.js:6465:5)
      at dispatchEvent 
(node_modules/react-dom/cjs/react-dom.development.js:6457:5)
      at dispatchDiscreteEvent 
(node_modules/react-dom/cjs/react-dom.development.js:6430:5)
      at HTMLDivElement.callTheUserObjectsOperation 
(node_modules/jsdom/lib/jsdom/living/generated/EventListener.js:26:30)
      at innerInvokeEventListeners 
(node_modules/jsdom/lib/jsdom/living/events/EventTarget-impl.js:350:25)
      at invokeEventListeners 
(node_modules/jsdom/lib/jsdom/living/events/EventTarget-impl.js:286:3)
      at HTMLInputElementImpl._dispatch 
(node_modules/jsdom/lib/jsdom/living/events/EventTarget-impl.js:233:9)
      at HTMLInputElementImpl.dispatchEvent 
(node_modules/jsdom/lib/jsdom/living/events/EventTarget-impl.js:104:17)
      at HTMLInputElement.dispatchEvent 
(node_modules/jsdom/lib/jsdom/living/generated/EventTarget.js:241:34)
      at 
node_modules/@testing-library/user-event/dist/cjs/event/dispatchEvent.js:45:43
      at Object.eventWrapper 
(node_modules/@testing-library/dom/dist/config.js:25:23)
      at Object.wrapEvent 
(node_modules/@testing-library/user-event/dist/cjs/event/wrapEvent.js:6:28)
      at Object.dispatchEvent (node_modules/@testing-library/user-event/dist/cj
s/event/dispatchEvent.js:45:22)
      at Object.dispatchUIEvent (node_modules/@testing-library/user-event/dist/
cjs/event/dispatchEvent.js:22:26)
      at commitInput 
(node_modules/@testing-library/user-event/dist/cjs/event/input.js:145:14)
      at editInputElement 
(node_modules/@testing-library/user-event/dist/cjs/event/input.js:115:9)
      at Object.input 
(node_modules/@testing-library/user-event/dist/cjs/event/input.js:37:9)
      at node_modules/@testing-library/user-event/dist/cjs/event/behavior/keypr
ess.js:31:26
      at Object.dispatchEvent (node_modules/@testing-library/user-event/dist/cj
s/event/dispatchEvent.js:41:13)
      at Object.dispatchUIEvent (node_modules/@testing-library/user-event/dist/
cjs/event/dispatchEvent.js:22:26)
      at KeyboardHost.keydown 
(node_modules/@testing-library/user-event/dist/cjs/system/keyboard.js:76:22)
      at keyboardAction 
(node_modules/@testing-library/user-event/dist/cjs/keyboard/index.js:22:35)
      at Object.keyboard 
(node_modules/@testing-library/user-event/dist/cjs/keyboard/index.js:11:15)
      at Object.type 
(node_modules/@testing-library/user-event/dist/cjs/utility/type.js:17:5)
      at Object.<anonymous> 
(src/settings/__tests__/AccountCreatePage.test.tsx:196:9)

    console.error
      Warning: An update to AccountCreatePage inside a test was not wrapped in 
act(...).
      
      When testing, code that causes React state updates should be wrapped 
into act(...):
      
      act(() => {
        /* fire events that update state */
      });
      /* assert on the output */
      
      This ensures that you're testing the behavior the user would see in the 
browser. Learn more at https://reactjs.org/link/wrap-tests-with-act
          at AccountCreatePage (C:\Users\samhe\OneDrive\Desktop\Cleaned\fronten
d\src\settings\AccountCreatePage.tsx:32:47)
          at routeContext (C:\Users\samhe\OneDrive\Desktop\Cleaned\frontend\nod
e_modules\react-router\lib\hooks.tsx:658:26)
          at children (C:\Users\samhe\OneDrive\Desktop\Cleaned\frontend\node_mo
dules\react-router\lib\components.tsx:512:3)
          at basenameProp (C:\Users\samhe\OneDrive\Desktop\Cleaned\frontend\nod
e_modules\react-router\lib\components.tsx:421:13)
          at basename (C:\Users\samhe\OneDrive\Desktop\Cleaned\frontend\node_mo
dules\react-router\lib\components.tsx:225:3)

      147 |                         type="email"
      148 |                         value={email}
    > 149 |                         onChange={e => setEmail(e.target.value)}
          |                                        ^
      150 |                         disabled={saving}
      151 |                         className="text-sm border border-gray-300 
rounded px-2 py-1.5 focus:outline-none focus:ring-1 focus:ring-blue-400 
disabled:opacity-50"
      152 |                     />

      at printWarning 
(node_modules/react-dom/cjs/react-dom.development.js:86:30)
      at error (node_modules/react-dom/cjs/react-dom.development.js:60:7)
      at warnIfUpdatesNotWrappedWithActDEV 
(node_modules/react-dom/cjs/react-dom.development.js:27628:9)
      at scheduleUpdateOnFiber 
(node_modules/react-dom/cjs/react-dom.development.js:25547:5)
      at dispatchSetState 
(node_modules/react-dom/cjs/react-dom.development.js:16708:7)
      at onChange (src/settings/AccountCreatePage.tsx:149:40)
      at HTMLUnknownElement.callCallback 
(node_modules/react-dom/cjs/react-dom.development.js:4164:14)
      at HTMLUnknownElement.callTheUserObjectsOperation 
(node_modules/jsdom/lib/jsdom/living/generated/EventListener.js:26:30)
      at innerInvokeEventListeners 
(node_modules/jsdom/lib/jsdom/living/events/EventTarget-impl.js:350:25)
      at invokeEventListeners 
(node_modules/jsdom/lib/jsdom/living/events/EventTarget-impl.js:286:3)
      at HTMLUnknownElementImpl._dispatch 
(node_modules/jsdom/lib/jsdom/living/events/EventTarget-impl.js:233:9)
      at HTMLUnknownElementImpl.dispatchEvent 
(node_modules/jsdom/lib/jsdom/living/events/EventTarget-impl.js:104:17)
      at HTMLUnknownElement.dispatchEvent 
(node_modules/jsdom/lib/jsdom/living/generated/EventTarget.js:241:34)
      at Object.invokeGuardedCallbackDev 
(node_modules/react-dom/cjs/react-dom.development.js:4213:16)
      at invokeGuardedCallback 
(node_modules/react-dom/cjs/react-dom.development.js:4277:31)
      at invokeGuardedCallbackAndCatchFirstError 
(node_modules/react-dom/cjs/react-dom.development.js:4291:25)
      at executeDispatch 
(node_modules/react-dom/cjs/react-dom.development.js:9041:3)
      at processDispatchQueueItemsInOrder 
(node_modules/react-dom/cjs/react-dom.development.js:9073:7)
      at processDispatchQueue 
(node_modules/react-dom/cjs/react-dom.development.js:9086:5)
      at dispatchEventsForPlugins 
(node_modules/react-dom/cjs/react-dom.development.js:9097:3)
      at node_modules/react-dom/cjs/react-dom.development.js:9288:12
      at batchedUpdates$1 
(node_modules/react-dom/cjs/react-dom.development.js:26179:12)
      at batchedUpdates 
(node_modules/react-dom/cjs/react-dom.development.js:3991:12)
      at dispatchEventForPluginEventSystem 
(node_modules/react-dom/cjs/react-dom.development.js:9287:3)
      at dispatchEventWithEnableCapturePhaseSelectiveHydrationWithoutDiscreteEv
entReplay (node_modules/react-dom/cjs/react-dom.development.js:6465:5)
      at dispatchEvent 
(node_modules/react-dom/cjs/react-dom.development.js:6457:5)
      at dispatchDiscreteEvent 
(node_modules/react-dom/cjs/react-dom.development.js:6430:5)
      at HTMLDivElement.callTheUserObjectsOperation 
(node_modules/jsdom/lib/jsdom/living/generated/EventListener.js:26:30)
      at innerInvokeEventListeners 
(node_modules/jsdom/lib/jsdom/living/events/EventTarget-impl.js:350:25)
      at invokeEventListeners 
(node_modules/jsdom/lib/jsdom/living/events/EventTarget-impl.js:286:3)
      at HTMLInputElementImpl._dispatch 
(node_modules/jsdom/lib/jsdom/living/events/EventTarget-impl.js:233:9)
      at HTMLInputElementImpl.dispatchEvent 
(node_modules/jsdom/lib/jsdom/living/events/EventTarget-impl.js:104:17)
      at HTMLInputElement.dispatchEvent 
(node_modules/jsdom/lib/jsdom/living/generated/EventTarget.js:241:34)
      at 
node_modules/@testing-library/user-event/dist/cjs/event/dispatchEvent.js:45:43
      at Object.eventWrapper 
(node_modules/@testing-library/dom/dist/config.js:25:23)
      at Object.wrapEvent 
(node_modules/@testing-library/user-event/dist/cjs/event/wrapEvent.js:6:28)
      at Object.dispatchEvent (node_modules/@testing-library/user-event/dist/cj
s/event/dispatchEvent.js:45:22)
      at Object.dispatchUIEvent (node_modules/@testing-library/user-event/dist/
cjs/event/dispatchEvent.js:22:26)
      at commitInput 
(node_modules/@testing-library/user-event/dist/cjs/event/input.js:145:14)
      at editInputElement 
(node_modules/@testing-library/user-event/dist/cjs/event/input.js:115:9)
      at Object.input 
(node_modules/@testing-library/user-event/dist/cjs/event/input.js:37:9)
      at node_modules/@testing-library/user-event/dist/cjs/event/behavior/keypr
ess.js:31:26
      at Object.dispatchEvent (node_modules/@testing-library/user-event/dist/cj
s/event/dispatchEvent.js:41:13)
      at Object.dispatchUIEvent (node_modules/@testing-library/user-event/dist/
cjs/event/dispatchEvent.js:22:26)
      at KeyboardHost.keydown 
(node_modules/@testing-library/user-event/dist/cjs/system/keyboard.js:76:22)
      at keyboardAction 
(node_modules/@testing-library/user-event/dist/cjs/keyboard/index.js:22:35)
      at Object.keyboard 
(node_modules/@testing-library/user-event/dist/cjs/keyboard/index.js:11:15)
      at Object.type 
(node_modules/@testing-library/user-event/dist/cjs/utility/type.js:17:5)
      at Object.<anonymous> 
(src/settings/__tests__/AccountCreatePage.test.tsx:196:9)

    console.error
      Warning: An update to AccountCreatePage inside a test was not wrapped in 
act(...).
      
      When testing, code that causes React state updates should be wrapped 
into act(...):
      
      act(() => {
        /* fire events that update state */
      });
      /* assert on the output */
      
      This ensures that you're testing the behavior the user would see in the 
browser. Learn more at https://reactjs.org/link/wrap-tests-with-act
          at AccountCreatePage (C:\Users\samhe\OneDrive\Desktop\Cleaned\fronten
d\src\settings\AccountCreatePage.tsx:32:47)
          at routeContext (C:\Users\samhe\OneDrive\Desktop\Cleaned\frontend\nod
e_modules\react-router\lib\hooks.tsx:658:26)
          at children (C:\Users\samhe\OneDrive\Desktop\Cleaned\frontend\node_mo
dules\react-router\lib\components.tsx:512:3)
          at basenameProp (C:\Users\samhe\OneDrive\Desktop\Cleaned\frontend\nod
e_modules\react-router\lib\components.tsx:421:13)
          at basename (C:\Users\samhe\OneDrive\Desktop\Cleaned\frontend\node_mo
dules\react-router\lib\components.tsx:225:3)

      147 |                         type="email"
      148 |                         value={email}
    > 149 |                         onChange={e => setEmail(e.target.value)}
          |                                        ^
      150 |                         disabled={saving}
      151 |                         className="text-sm border border-gray-300 
rounded px-2 py-1.5 focus:outline-none focus:ring-1 focus:ring-blue-400 
disabled:opacity-50"
      152 |                     />

      at printWarning 
(node_modules/react-dom/cjs/react-dom.development.js:86:30)
      at error (node_modules/react-dom/cjs/react-dom.development.js:60:7)
      at warnIfUpdatesNotWrappedWithActDEV 
(node_modules/react-dom/cjs/react-dom.development.js:27628:9)
      at scheduleUpdateOnFiber 
(node_modules/react-dom/cjs/react-dom.development.js:25547:5)
      at dispatchSetState 
(node_modules/react-dom/cjs/react-dom.development.js:16708:7)
      at onChange (src/settings/AccountCreatePage.tsx:149:40)
      at HTMLUnknownElement.callCallback 
(node_modules/react-dom/cjs/react-dom.development.js:4164:14)
      at HTMLUnknownElement.callTheUserObjectsOperation 
(node_modules/jsdom/lib/jsdom/living/generated/EventListener.js:26:30)
      at innerInvokeEventListeners 
(node_modules/jsdom/lib/jsdom/living/events/EventTarget-impl.js:350:25)
      at invokeEventListeners 
(node_modules/jsdom/lib/jsdom/living/events/EventTarget-impl.js:286:3)
      at HTMLUnknownElementImpl._dispatch 
(node_modules/jsdom/lib/jsdom/living/events/EventTarget-impl.js:233:9)
      at HTMLUnknownElementImpl.dispatchEvent 
(node_modules/jsdom/lib/jsdom/living/events/EventTarget-impl.js:104:17)
      at HTMLUnknownElement.dispatchEvent 
(node_modules/jsdom/lib/jsdom/living/generated/EventTarget.js:241:34)
      at Object.invokeGuardedCallbackDev 
(node_modules/react-dom/cjs/react-dom.development.js:4213:16)
      at invokeGuardedCallback 
(node_modules/react-dom/cjs/react-dom.development.js:4277:31)
      at invokeGuardedCallbackAndCatchFirstError 
(node_modules/react-dom/cjs/react-dom.development.js:4291:25)
      at executeDispatch 
(node_modules/react-dom/cjs/react-dom.development.js:9041:3)
      at processDispatchQueueItemsInOrder 
(node_modules/react-dom/cjs/react-dom.development.js:9073:7)
      at processDispatchQueue 
(node_modules/react-dom/cjs/react-dom.development.js:9086:5)
      at dispatchEventsForPlugins 
(node_modules/react-dom/cjs/react-dom.development.js:9097:3)
      at node_modules/react-dom/cjs/react-dom.development.js:9288:12
      at batchedUpdates$1 
(node_modules/react-dom/cjs/react-dom.development.js:26179:12)
      at batchedUpdates 
(node_modules/react-dom/cjs/react-dom.development.js:3991:12)
      at dispatchEventForPluginEventSystem 
(node_modules/react-dom/cjs/react-dom.development.js:9287:3)
      at dispatchEventWithEnableCapturePhaseSelectiveHydrationWithoutDiscreteEv
entReplay (node_modules/react-dom/cjs/react-dom.development.js:6465:5)
      at dispatchEvent 
(node_modules/react-dom/cjs/react-dom.development.js:6457:5)
      at dispatchDiscreteEvent 
(node_modules/react-dom/cjs/react-dom.development.js:6430:5)
      at HTMLDivElement.callTheUserObjectsOperation 
(node_modules/jsdom/lib/jsdom/living/generated/EventListener.js:26:30)
      at innerInvokeEventListeners 
(node_modules/jsdom/lib/jsdom/living/events/EventTarget-impl.js:350:25)
      at invokeEventListeners 
(node_modules/jsdom/lib/jsdom/living/events/EventTarget-impl.js:286:3)
      at HTMLInputElementImpl._dispatch 
(node_modules/jsdom/lib/jsdom/living/events/EventTarget-impl.js:233:9)
      at HTMLInputElementImpl.dispatchEvent 
(node_modules/jsdom/lib/jsdom/living/events/EventTarget-impl.js:104:17)
      at HTMLInputElement.dispatchEvent 
(node_modules/jsdom/lib/jsdom/living/generated/EventTarget.js:241:34)
      at 
node_modules/@testing-library/user-event/dist/cjs/event/dispatchEvent.js:45:43
      at Object.eventWrapper 
(node_modules/@testing-library/dom/dist/config.js:25:23)
      at Object.wrapEvent 
(node_modules/@testing-library/user-event/dist/cjs/event/wrapEvent.js:6:28)
      at Object.dispatchEvent (node_modules/@testing-library/user-event/dist/cj
s/event/dispatchEvent.js:45:22)
      at Object.dispatchUIEvent (node_modules/@testing-library/user-event/dist/
cjs/event/dispatchEvent.js:22:26)
      at commitInput 
(node_modules/@testing-library/user-event/dist/cjs/event/input.js:145:14)
      at editInputElement 
(node_modules/@testing-library/user-event/dist/cjs/event/input.js:115:9)
      at Object.input 
(node_modules/@testing-library/user-event/dist/cjs/event/input.js:37:9)
      at node_modules/@testing-library/user-event/dist/cjs/event/behavior/keypr
ess.js:31:26
      at Object.dispatchEvent (node_modules/@testing-library/user-event/dist/cj
s/event/dispatchEvent.js:41:13)
      at Object.dispatchUIEvent (node_modules/@testing-library/user-event/dist/
cjs/event/dispatchEvent.js:22:26)
      at KeyboardHost.keydown 
(node_modules/@testing-library/user-event/dist/cjs/system/keyboard.js:76:22)
      at keyboardAction 
(node_modules/@testing-library/user-event/dist/cjs/keyboard/index.js:22:35)
      at Object.keyboard 
(node_modules/@testing-library/user-event/dist/cjs/keyboard/index.js:11:15)
      at Object.type 
(node_modules/@testing-library/user-event/dist/cjs/utility/type.js:17:5)
      at Object.<anonymous> 
(src/settings/__tests__/AccountCreatePage.test.tsx:196:9)

    console.error
      Warning: An update to AccountCreatePage inside a test was not wrapped in 
act(...).
      
      When testing, code that causes React state updates should be wrapped 
into act(...):
      
      act(() => {
        /* fire events that update state */
      });
      /* assert on the output */
      
      This ensures that you're testing the behavior the user would see in the 
browser. Learn more at https://reactjs.org/link/wrap-tests-with-act
          at AccountCreatePage (C:\Users\samhe\OneDrive\Desktop\Cleaned\fronten
d\src\settings\AccountCreatePage.tsx:32:47)
          at routeContext (C:\Users\samhe\OneDrive\Desktop\Cleaned\frontend\nod
e_modules\react-router\lib\hooks.tsx:658:26)
          at children (C:\Users\samhe\OneDrive\Desktop\Cleaned\frontend\node_mo
dules\react-router\lib\components.tsx:512:3)
          at basenameProp (C:\Users\samhe\OneDrive\Desktop\Cleaned\frontend\nod
e_modules\react-router\lib\components.tsx:421:13)
          at basename (C:\Users\samhe\OneDrive\Desktop\Cleaned\frontend\node_mo
dules\react-router\lib\components.tsx:225:3)

      147 |                         type="email"
      148 |                         value={email}
    > 149 |                         onChange={e => setEmail(e.target.value)}
          |                                        ^
      150 |                         disabled={saving}
      151 |                         className="text-sm border border-gray-300 
rounded px-2 py-1.5 focus:outline-none focus:ring-1 focus:ring-blue-400 
disabled:opacity-50"
      152 |                     />

      at printWarning 
(node_modules/react-dom/cjs/react-dom.development.js:86:30)
      at error (node_modules/react-dom/cjs/react-dom.development.js:60:7)
      at warnIfUpdatesNotWrappedWithActDEV 
(node_modules/react-dom/cjs/react-dom.development.js:27628:9)
      at scheduleUpdateOnFiber 
(node_modules/react-dom/cjs/react-dom.development.js:25547:5)
      at dispatchSetState 
(node_modules/react-dom/cjs/react-dom.development.js:16708:7)
      at onChange (src/settings/AccountCreatePage.tsx:149:40)
      at HTMLUnknownElement.callCallback 
(node_modules/react-dom/cjs/react-dom.development.js:4164:14)
      at HTMLUnknownElement.callTheUserObjectsOperation 
(node_modules/jsdom/lib/jsdom/living/generated/EventListener.js:26:30)
      at innerInvokeEventListeners 
(node_modules/jsdom/lib/jsdom/living/events/EventTarget-impl.js:350:25)
      at invokeEventListeners 
(node_modules/jsdom/lib/jsdom/living/events/EventTarget-impl.js:286:3)
      at HTMLUnknownElementImpl._dispatch 
(node_modules/jsdom/lib/jsdom/living/events/EventTarget-impl.js:233:9)
      at HTMLUnknownElementImpl.dispatchEvent 
(node_modules/jsdom/lib/jsdom/living/events/EventTarget-impl.js:104:17)
      at HTMLUnknownElement.dispatchEvent 
(node_modules/jsdom/lib/jsdom/living/generated/EventTarget.js:241:34)
      at Object.invokeGuardedCallbackDev 
(node_modules/react-dom/cjs/react-dom.development.js:4213:16)
      at invokeGuardedCallback 
(node_modules/react-dom/cjs/react-dom.development.js:4277:31)
      at invokeGuardedCallbackAndCatchFirstError 
(node_modules/react-dom/cjs/react-dom.development.js:4291:25)
      at executeDispatch 
(node_modules/react-dom/cjs/react-dom.development.js:9041:3)
      at processDispatchQueueItemsInOrder 
(node_modules/react-dom/cjs/react-dom.development.js:9073:7)
      at processDispatchQueue 
(node_modules/react-dom/cjs/react-dom.development.js:9086:5)
      at dispatchEventsForPlugins 
(node_modules/react-dom/cjs/react-dom.development.js:9097:3)
      at node_modules/react-dom/cjs/react-dom.development.js:9288:12
      at batchedUpdates$1 
(node_modules/react-dom/cjs/react-dom.development.js:26179:12)
      at batchedUpdates 
(node_modules/react-dom/cjs/react-dom.development.js:3991:12)
      at dispatchEventForPluginEventSystem 
(node_modules/react-dom/cjs/react-dom.development.js:9287:3)
      at dispatchEventWithEnableCapturePhaseSelectiveHydrationWithoutDiscreteEv
entReplay (node_modules/react-dom/cjs/react-dom.development.js:6465:5)
      at dispatchEvent 
(node_modules/react-dom/cjs/react-dom.development.js:6457:5)
      at dispatchDiscreteEvent 
(node_modules/react-dom/cjs/react-dom.development.js:6430:5)
      at HTMLDivElement.callTheUserObjectsOperation 
(node_modules/jsdom/lib/jsdom/living/generated/EventListener.js:26:30)
      at innerInvokeEventListeners 
(node_modules/jsdom/lib/jsdom/living/events/EventTarget-impl.js:350:25)
      at invokeEventListeners 
(node_modules/jsdom/lib/jsdom/living/events/EventTarget-impl.js:286:3)
      at HTMLInputElementImpl._dispatch 
(node_modules/jsdom/lib/jsdom/living/events/EventTarget-impl.js:233:9)
      at HTMLInputElementImpl.dispatchEvent 
(node_modules/jsdom/lib/jsdom/living/events/EventTarget-impl.js:104:17)
      at HTMLInputElement.dispatchEvent 
(node_modules/jsdom/lib/jsdom/living/generated/EventTarget.js:241:34)
      at 
node_modules/@testing-library/user-event/dist/cjs/event/dispatchEvent.js:45:43
      at Object.eventWrapper 
(node_modules/@testing-library/dom/dist/config.js:25:23)
      at Object.wrapEvent 
(node_modules/@testing-library/user-event/dist/cjs/event/wrapEvent.js:6:28)
      at Object.dispatchEvent (node_modules/@testing-library/user-event/dist/cj
s/event/dispatchEvent.js:45:22)
      at Object.dispatchUIEvent (node_modules/@testing-library/user-event/dist/
cjs/event/dispatchEvent.js:22:26)
      at commitInput 
(node_modules/@testing-library/user-event/dist/cjs/event/input.js:145:14)
      at editInputElement 
(node_modules/@testing-library/user-event/dist/cjs/event/input.js:115:9)
      at Object.input 
(node_modules/@testing-library/user-event/dist/cjs/event/input.js:37:9)
      at node_modules/@testing-library/user-event/dist/cjs/event/behavior/keypr
ess.js:31:26
      at Object.dispatchEvent (node_modules/@testing-library/user-event/dist/cj
s/event/dispatchEvent.js:41:13)
      at Object.dispatchUIEvent (node_modules/@testing-library/user-event/dist/
cjs/event/dispatchEvent.js:22:26)
      at KeyboardHost.keydown 
(node_modules/@testing-library/user-event/dist/cjs/system/keyboard.js:76:22)
      at keyboardAction 
(node_modules/@testing-library/user-event/dist/cjs/keyboard/index.js:22:35)
      at Object.keyboard 
(node_modules/@testing-library/user-event/dist/cjs/keyboard/index.js:11:15)
      at Object.type 
(node_modules/@testing-library/user-event/dist/cjs/utility/type.js:17:5)
      at Object.<anonymous> 
(src/settings/__tests__/AccountCreatePage.test.tsx:196:9)

    console.error
      Warning: An update to AccountCreatePage inside a test was not wrapped in 
act(...).
      
      When testing, code that causes React state updates should be wrapped 
into act(...):
      
      act(() => {
        /* fire events that update state */
      });
      /* assert on the output */
      
      This ensures that you're testing the behavior the user would see in the 
browser. Learn more at https://reactjs.org/link/wrap-tests-with-act
          at AccountCreatePage (C:\Users\samhe\OneDrive\Desktop\Cleaned\fronten
d\src\settings\AccountCreatePage.tsx:32:47)
          at routeContext (C:\Users\samhe\OneDrive\Desktop\Cleaned\frontend\nod
e_modules\react-router\lib\hooks.tsx:658:26)
          at children (C:\Users\samhe\OneDrive\Desktop\Cleaned\frontend\node_mo
dules\react-router\lib\components.tsx:512:3)
          at basenameProp (C:\Users\samhe\OneDrive\Desktop\Cleaned\frontend\nod
e_modules\react-router\lib\components.tsx:421:13)
          at basename (C:\Users\samhe\OneDrive\Desktop\Cleaned\frontend\node_mo
dules\react-router\lib\components.tsx:225:3)

      147 |                         type="email"
      148 |                         value={email}
    > 149 |                         onChange={e => setEmail(e.target.value)}
          |                                        ^
      150 |                         disabled={saving}
      151 |                         className="text-sm border border-gray-300 
rounded px-2 py-1.5 focus:outline-none focus:ring-1 focus:ring-blue-400 
disabled:opacity-50"
      152 |                     />

      at printWarning 
(node_modules/react-dom/cjs/react-dom.development.js:86:30)
      at error (node_modules/react-dom/cjs/react-dom.development.js:60:7)
      at warnIfUpdatesNotWrappedWithActDEV 
(node_modules/react-dom/cjs/react-dom.development.js:27628:9)
      at scheduleUpdateOnFiber 
(node_modules/react-dom/cjs/react-dom.development.js:25547:5)
      at dispatchSetState 
(node_modules/react-dom/cjs/react-dom.development.js:16708:7)
      at onChange (src/settings/AccountCreatePage.tsx:149:40)
      at HTMLUnknownElement.callCallback 
(node_modules/react-dom/cjs/react-dom.development.js:4164:14)
      at HTMLUnknownElement.callTheUserObjectsOperation 
(node_modules/jsdom/lib/jsdom/living/generated/EventListener.js:26:30)
      at innerInvokeEventListeners 
(node_modules/jsdom/lib/jsdom/living/events/EventTarget-impl.js:350:25)
      at invokeEventListeners 
(node_modules/jsdom/lib/jsdom/living/events/EventTarget-impl.js:286:3)
      at HTMLUnknownElementImpl._dispatch 
(node_modules/jsdom/lib/jsdom/living/events/EventTarget-impl.js:233:9)
      at HTMLUnknownElementImpl.dispatchEvent 
(node_modules/jsdom/lib/jsdom/living/events/EventTarget-impl.js:104:17)
      at HTMLUnknownElement.dispatchEvent 
(node_modules/jsdom/lib/jsdom/living/generated/EventTarget.js:241:34)
      at Object.invokeGuardedCallbackDev 
(node_modules/react-dom/cjs/react-dom.development.js:4213:16)
      at invokeGuardedCallback 
(node_modules/react-dom/cjs/react-dom.development.js:4277:31)
      at invokeGuardedCallbackAndCatchFirstError 
(node_modules/react-dom/cjs/react-dom.development.js:4291:25)
      at executeDispatch 
(node_modules/react-dom/cjs/react-dom.development.js:9041:3)
      at processDispatchQueueItemsInOrder 
(node_modules/react-dom/cjs/react-dom.development.js:9073:7)
      at processDispatchQueue 
(node_modules/react-dom/cjs/react-dom.development.js:9086:5)
      at dispatchEventsForPlugins 
(node_modules/react-dom/cjs/react-dom.development.js:9097:3)
      at node_modules/react-dom/cjs/react-dom.development.js:9288:12
      at batchedUpdates$1 
(node_modules/react-dom/cjs/react-dom.development.js:26179:12)
      at batchedUpdates 
(node_modules/react-dom/cjs/react-dom.development.js:3991:12)
      at dispatchEventForPluginEventSystem 
(node_modules/react-dom/cjs/react-dom.development.js:9287:3)
      at dispatchEventWithEnableCapturePhaseSelectiveHydrationWithoutDiscreteEv
entReplay (node_modules/react-dom/cjs/react-dom.development.js:6465:5)
      at dispatchEvent 
(node_modules/react-dom/cjs/react-dom.development.js:6457:5)
      at dispatchDiscreteEvent 
(node_modules/react-dom/cjs/react-dom.development.js:6430:5)
      at HTMLDivElement.callTheUserObjectsOperation 
(node_modules/jsdom/lib/jsdom/living/generated/EventListener.js:26:30)
      at innerInvokeEventListeners 
(node_modules/jsdom/lib/jsdom/living/events/EventTarget-impl.js:350:25)
      at invokeEventListeners 
(node_modules/jsdom/lib/jsdom/living/events/EventTarget-impl.js:286:3)
      at HTMLInputElementImpl._dispatch 
(node_modules/jsdom/lib/jsdom/living/events/EventTarget-impl.js:233:9)
      at HTMLInputElementImpl.dispatchEvent 
(node_modules/jsdom/lib/jsdom/living/events/EventTarget-impl.js:104:17)
      at HTMLInputElement.dispatchEvent 
(node_modules/jsdom/lib/jsdom/living/generated/EventTarget.js:241:34)
      at 
node_modules/@testing-library/user-event/dist/cjs/event/dispatchEvent.js:45:43
      at Object.eventWrapper 
(node_modules/@testing-library/dom/dist/config.js:25:23)
      at Object.wrapEvent 
(node_modules/@testing-library/user-event/dist/cjs/event/wrapEvent.js:6:28)
      at Object.dispatchEvent (node_modules/@testing-library/user-event/dist/cj
s/event/dispatchEvent.js:45:22)
      at Object.dispatchUIEvent (node_modules/@testing-library/user-event/dist/
cjs/event/dispatchEvent.js:22:26)
      at commitInput 
(node_modules/@testing-library/user-event/dist/cjs/event/input.js:145:14)
      at editInputElement 
(node_modules/@testing-library/user-event/dist/cjs/event/input.js:115:9)
      at Object.input 
(node_modules/@testing-library/user-event/dist/cjs/event/input.js:37:9)
      at node_modules/@testing-library/user-event/dist/cjs/event/behavior/keypr
ess.js:31:26
      at Object.dispatchEvent (node_modules/@testing-library/user-event/dist/cj
s/event/dispatchEvent.js:41:13)
      at Object.dispatchUIEvent (node_modules/@testing-library/user-event/dist/
cjs/event/dispatchEvent.js:22:26)
      at KeyboardHost.keydown 
(node_modules/@testing-library/user-event/dist/cjs/system/keyboard.js:76:22)
      at keyboardAction 
(node_modules/@testing-library/user-event/dist/cjs/keyboard/index.js:22:35)
      at Object.keyboard 
(node_modules/@testing-library/user-event/dist/cjs/keyboard/index.js:11:15)
      at Object.type 
(node_modules/@testing-library/user-event/dist/cjs/utility/type.js:17:5)
      at Object.<anonymous> 
(src/settings/__tests__/AccountCreatePage.test.tsx:196:9)

    console.error
      Warning: An update to AccountCreatePage inside a test was not wrapped in 
act(...).
      
      When testing, code that causes React state updates should be wrapped 
into act(...):
      
      act(() => {
        /* fire events that update state */
      });
      /* assert on the output */
      
      This ensures that you're testing the behavior the user would see in the 
browser. Learn more at https://reactjs.org/link/wrap-tests-with-act
          at AccountCreatePage (C:\Users\samhe\OneDrive\Desktop\Cleaned\fronten
d\src\settings\AccountCreatePage.tsx:32:47)
          at routeContext (C:\Users\samhe\OneDrive\Desktop\Cleaned\frontend\nod
e_modules\react-router\lib\hooks.tsx:658:26)
          at children (C:\Users\samhe\OneDrive\Desktop\Cleaned\frontend\node_mo
dules\react-router\lib\components.tsx:512:3)
          at basenameProp (C:\Users\samhe\OneDrive\Desktop\Cleaned\frontend\nod
e_modules\react-router\lib\components.tsx:421:13)
          at basename (C:\Users\samhe\OneDrive\Desktop\Cleaned\frontend\node_mo
dules\react-router\lib\components.tsx:225:3)

      147 |                         type="email"
      148 |                         value={email}
    > 149 |                         onChange={e => setEmail(e.target.value)}
          |                                        ^
      150 |                         disabled={saving}
      151 |                         className="text-sm border border-gray-300 
rounded px-2 py-1.5 focus:outline-none focus:ring-1 focus:ring-blue-400 
disabled:opacity-50"
      152 |                     />

      at printWarning 
(node_modules/react-dom/cjs/react-dom.development.js:86:30)
      at error (node_modules/react-dom/cjs/react-dom.development.js:60:7)
      at warnIfUpdatesNotWrappedWithActDEV 
(node_modules/react-dom/cjs/react-dom.development.js:27628:9)
      at scheduleUpdateOnFiber 
(node_modules/react-dom/cjs/react-dom.development.js:25547:5)
      at dispatchSetState 
(node_modules/react-dom/cjs/react-dom.development.js:16708:7)
      at onChange (src/settings/AccountCreatePage.tsx:149:40)
      at HTMLUnknownElement.callCallback 
(node_modules/react-dom/cjs/react-dom.development.js:4164:14)
      at HTMLUnknownElement.callTheUserObjectsOperation 
(node_modules/jsdom/lib/jsdom/living/generated/EventListener.js:26:30)
      at innerInvokeEventListeners 
(node_modules/jsdom/lib/jsdom/living/events/EventTarget-impl.js:350:25)
      at invokeEventListeners 
(node_modules/jsdom/lib/jsdom/living/events/EventTarget-impl.js:286:3)
      at HTMLUnknownElementImpl._dispatch 
(node_modules/jsdom/lib/jsdom/living/events/EventTarget-impl.js:233:9)
      at HTMLUnknownElementImpl.dispatchEvent 
(node_modules/jsdom/lib/jsdom/living/events/EventTarget-impl.js:104:17)
      at HTMLUnknownElement.dispatchEvent 
(node_modules/jsdom/lib/jsdom/living/generated/EventTarget.js:241:34)
      at Object.invokeGuardedCallbackDev 
(node_modules/react-dom/cjs/react-dom.development.js:4213:16)
      at invokeGuardedCallback 
(node_modules/react-dom/cjs/react-dom.development.js:4277:31)
      at invokeGuardedCallbackAndCatchFirstError 
(node_modules/react-dom/cjs/react-dom.development.js:4291:25)
      at executeDispatch 
(node_modules/react-dom/cjs/react-dom.development.js:9041:3)
      at processDispatchQueueItemsInOrder 
(node_modules/react-dom/cjs/react-dom.development.js:9073:7)
      at processDispatchQueue 
(node_modules/react-dom/cjs/react-dom.development.js:9086:5)
      at dispatchEventsForPlugins 
(node_modules/react-dom/cjs/react-dom.development.js:9097:3)
      at node_modules/react-dom/cjs/react-dom.development.js:9288:12
      at batchedUpdates$1 
(node_modules/react-dom/cjs/react-dom.development.js:26179:12)
      at batchedUpdates 
(node_modules/react-dom/cjs/react-dom.development.js:3991:12)
      at dispatchEventForPluginEventSystem 
(node_modules/react-dom/cjs/react-dom.development.js:9287:3)
      at dispatchEventWithEnableCapturePhaseSelectiveHydrationWithoutDiscreteEv
entReplay (node_modules/react-dom/cjs/react-dom.development.js:6465:5)
      at dispatchEvent 
(node_modules/react-dom/cjs/react-dom.development.js:6457:5)
      at dispatchDiscreteEvent 
(node_modules/react-dom/cjs/react-dom.development.js:6430:5)
      at HTMLDivElement.callTheUserObjectsOperation 
(node_modules/jsdom/lib/jsdom/living/generated/EventListener.js:26:30)
      at innerInvokeEventListeners 
(node_modules/jsdom/lib/jsdom/living/events/EventTarget-impl.js:350:25)
      at invokeEventListeners 
(node_modules/jsdom/lib/jsdom/living/events/EventTarget-impl.js:286:3)
      at HTMLInputElementImpl._dispatch 
(node_modules/jsdom/lib/jsdom/living/events/EventTarget-impl.js:233:9)
      at HTMLInputElementImpl.dispatchEvent 
(node_modules/jsdom/lib/jsdom/living/events/EventTarget-impl.js:104:17)
      at HTMLInputElement.dispatchEvent 
(node_modules/jsdom/lib/jsdom/living/generated/EventTarget.js:241:34)
      at 
node_modules/@testing-library/user-event/dist/cjs/event/dispatchEvent.js:45:43
      at Object.eventWrapper 
(node_modules/@testing-library/dom/dist/config.js:25:23)
      at Object.wrapEvent 
(node_modules/@testing-library/user-event/dist/cjs/event/wrapEvent.js:6:28)
      at Object.dispatchEvent (node_modules/@testing-library/user-event/dist/cj
s/event/dispatchEvent.js:45:22)
      at Object.dispatchUIEvent (node_modules/@testing-library/user-event/dist/
cjs/event/dispatchEvent.js:22:26)
      at commitInput 
(node_modules/@testing-library/user-event/dist/cjs/event/input.js:145:14)
      at editInputElement 
(node_modules/@testing-library/user-event/dist/cjs/event/input.js:115:9)
      at Object.input 
(node_modules/@testing-library/user-event/dist/cjs/event/input.js:37:9)
      at node_modules/@testing-library/user-event/dist/cjs/event/behavior/keypr
ess.js:31:26
      at Object.dispatchEvent (node_modules/@testing-library/user-event/dist/cj
s/event/dispatchEvent.js:41:13)
      at Object.dispatchUIEvent (node_modules/@testing-library/user-event/dist/
cjs/event/dispatchEvent.js:22:26)
      at KeyboardHost.keydown 
(node_modules/@testing-library/user-event/dist/cjs/system/keyboard.js:76:22)
      at keyboardAction 
(node_modules/@testing-library/user-event/dist/cjs/keyboard/index.js:22:35)
      at Object.keyboard 
(node_modules/@testing-library/user-event/dist/cjs/keyboard/index.js:11:15)
      at Object.type 
(node_modules/@testing-library/user-event/dist/cjs/utility/type.js:17:5)
      at Object.<anonymous> 
(src/settings/__tests__/AccountCreatePage.test.tsx:196:9)

    console.error
      Warning: An update to AccountCreatePage inside a test was not wrapped in 
act(...).
      
      When testing, code that causes React state updates should be wrapped 
into act(...):
      
      act(() => {
        /* fire events that update state */
      });
      /* assert on the output */
      
      This ensures that you're testing the behavior the user would see in the 
browser. Learn more at https://reactjs.org/link/wrap-tests-with-act
          at AccountCreatePage (C:\Users\samhe\OneDrive\Desktop\Cleaned\fronten
d\src\settings\AccountCreatePage.tsx:32:47)
          at routeContext (C:\Users\samhe\OneDrive\Desktop\Cleaned\frontend\nod
e_modules\react-router\lib\hooks.tsx:658:26)
          at children (C:\Users\samhe\OneDrive\Desktop\Cleaned\frontend\node_mo
dules\react-router\lib\components.tsx:512:3)
          at basenameProp (C:\Users\samhe\OneDrive\Desktop\Cleaned\frontend\nod
e_modules\react-router\lib\components.tsx:421:13)
          at basename (C:\Users\samhe\OneDrive\Desktop\Cleaned\frontend\node_mo
dules\react-router\lib\components.tsx:225:3)

      147 |                         type="email"
      148 |                         value={email}
    > 149 |                         onChange={e => setEmail(e.target.value)}
          |                                        ^
      150 |                         disabled={saving}
      151 |                         className="text-sm border border-gray-300 
rounded px-2 py-1.5 focus:outline-none focus:ring-1 focus:ring-blue-400 
disabled:opacity-50"
      152 |                     />

      at printWarning 
(node_modules/react-dom/cjs/react-dom.development.js:86:30)
      at error (node_modules/react-dom/cjs/react-dom.development.js:60:7)
      at warnIfUpdatesNotWrappedWithActDEV 
(node_modules/react-dom/cjs/react-dom.development.js:27628:9)
      at scheduleUpdateOnFiber 
(node_modules/react-dom/cjs/react-dom.development.js:25547:5)
      at dispatchSetState 
(node_modules/react-dom/cjs/react-dom.development.js:16708:7)
      at onChange (src/settings/AccountCreatePage.tsx:149:40)
      at HTMLUnknownElement.callCallback 
(node_modules/react-dom/cjs/react-dom.development.js:4164:14)
      at HTMLUnknownElement.callTheUserObjectsOperation 
(node_modules/jsdom/lib/jsdom/living/generated/EventListener.js:26:30)
      at innerInvokeEventListeners 
(node_modules/jsdom/lib/jsdom/living/events/EventTarget-impl.js:350:25)
      at invokeEventListeners 
(node_modules/jsdom/lib/jsdom/living/events/EventTarget-impl.js:286:3)
      at HTMLUnknownElementImpl._dispatch 
(node_modules/jsdom/lib/jsdom/living/events/EventTarget-impl.js:233:9)
      at HTMLUnknownElementImpl.dispatchEvent 
(node_modules/jsdom/lib/jsdom/living/events/EventTarget-impl.js:104:17)
      at HTMLUnknownElement.dispatchEvent 
(node_modules/jsdom/lib/jsdom/living/generated/EventTarget.js:241:34)
      at Object.invokeGuardedCallbackDev 
(node_modules/react-dom/cjs/react-dom.development.js:4213:16)
      at invokeGuardedCallback 
(node_modules/react-dom/cjs/react-dom.development.js:4277:31)
      at invokeGuardedCallbackAndCatchFirstError 
(node_modules/react-dom/cjs/react-dom.development.js:4291:25)
      at executeDispatch 
(node_modules/react-dom/cjs/react-dom.development.js:9041:3)
      at processDispatchQueueItemsInOrder 
(node_modules/react-dom/cjs/react-dom.development.js:9073:7)
      at processDispatchQueue 
(node_modules/react-dom/cjs/react-dom.development.js:9086:5)
      at dispatchEventsForPlugins 
(node_modules/react-dom/cjs/react-dom.development.js:9097:3)
      at node_modules/react-dom/cjs/react-dom.development.js:9288:12
      at batchedUpdates$1 
(node_modules/react-dom/cjs/react-dom.development.js:26179:12)
      at batchedUpdates 
(node_modules/react-dom/cjs/react-dom.development.js:3991:12)
      at dispatchEventForPluginEventSystem 
(node_modules/react-dom/cjs/react-dom.development.js:9287:3)
      at dispatchEventWithEnableCapturePhaseSelectiveHydrationWithoutDiscreteEv
entReplay (node_modules/react-dom/cjs/react-dom.development.js:6465:5)
      at dispatchEvent 
(node_modules/react-dom/cjs/react-dom.development.js:6457:5)
      at dispatchDiscreteEvent 
(node_modules/react-dom/cjs/react-dom.development.js:6430:5)
      at HTMLDivElement.callTheUserObjectsOperation 
(node_modules/jsdom/lib/jsdom/living/generated/EventListener.js:26:30)
      at innerInvokeEventListeners 
(node_modules/jsdom/lib/jsdom/living/events/EventTarget-impl.js:350:25)
      at invokeEventListeners 
(node_modules/jsdom/lib/jsdom/living/events/EventTarget-impl.js:286:3)
      at HTMLInputElementImpl._dispatch 
(node_modules/jsdom/lib/jsdom/living/events/EventTarget-impl.js:233:9)
      at HTMLInputElementImpl.dispatchEvent 
(node_modules/jsdom/lib/jsdom/living/events/EventTarget-impl.js:104:17)
      at HTMLInputElement.dispatchEvent 
(node_modules/jsdom/lib/jsdom/living/generated/EventTarget.js:241:34)
      at 
node_modules/@testing-library/user-event/dist/cjs/event/dispatchEvent.js:45:43
      at Object.eventWrapper 
(node_modules/@testing-library/dom/dist/config.js:25:23)
      at Object.wrapEvent 
(node_modules/@testing-library/user-event/dist/cjs/event/wrapEvent.js:6:28)
      at Object.dispatchEvent (node_modules/@testing-library/user-event/dist/cj
s/event/dispatchEvent.js:45:22)
      at Object.dispatchUIEvent (node_modules/@testing-library/user-event/dist/
cjs/event/dispatchEvent.js:22:26)
      at commitInput 
(node_modules/@testing-library/user-event/dist/cjs/event/input.js:145:14)
      at editInputElement 
(node_modules/@testing-library/user-event/dist/cjs/event/input.js:115:9)
      at Object.input 
(node_modules/@testing-library/user-event/dist/cjs/event/input.js:37:9)
      at node_modules/@testing-library/user-event/dist/cjs/event/behavior/keypr
ess.js:31:26
      at Object.dispatchEvent (node_modules/@testing-library/user-event/dist/cj
s/event/dispatchEvent.js:41:13)
      at Object.dispatchUIEvent (node_modules/@testing-library/user-event/dist/
cjs/event/dispatchEvent.js:22:26)
      at KeyboardHost.keydown 
(node_modules/@testing-library/user-event/dist/cjs/system/keyboard.js:76:22)
      at keyboardAction 
(node_modules/@testing-library/user-event/dist/cjs/keyboard/index.js:22:35)
      at Object.keyboard 
(node_modules/@testing-library/user-event/dist/cjs/keyboard/index.js:11:15)
      at Object.type 
(node_modules/@testing-library/user-event/dist/cjs/utility/type.js:17:5)
      at Object.<anonymous> 
(src/settings/__tests__/AccountCreatePage.test.tsx:196:9)

    console.error
      Warning: An update to AccountCreatePage inside a test was not wrapped in 
act(...).
      
      When testing, code that causes React state updates should be wrapped 
into act(...):
      
      act(() => {
        /* fire events that update state */
      });
      /* assert on the output */
      
      This ensures that you're testing the behavior the user would see in the 
browser. Learn more at https://reactjs.org/link/wrap-tests-with-act
          at AccountCreatePage (C:\Users\samhe\OneDrive\Desktop\Cleaned\fronten
d\src\settings\AccountCreatePage.tsx:32:47)
          at routeContext (C:\Users\samhe\OneDrive\Desktop\Cleaned\frontend\nod
e_modules\react-router\lib\hooks.tsx:658:26)
          at children (C:\Users\samhe\OneDrive\Desktop\Cleaned\frontend\node_mo
dules\react-router\lib\components.tsx:512:3)
          at basenameProp (C:\Users\samhe\OneDrive\Desktop\Cleaned\frontend\nod
e_modules\react-router\lib\components.tsx:421:13)
          at basename (C:\Users\samhe\OneDrive\Desktop\Cleaned\frontend\node_mo
dules\react-router\lib\components.tsx:225:3)

      174 |                         aria-label="Role"
      175 |                         value={role}
    > 176 |                         onChange={e => setRole(e.target.value)}
          |                                        ^
      177 |                         disabled={saving}
      178 |                         className="text-sm border border-gray-300 
rounded px-2 py-1.5 bg-white focus:outline-none focus:ring-1 
focus:ring-blue-400 disabled:opacity-50"
      179 |                     >

      at printWarning 
(node_modules/react-dom/cjs/react-dom.development.js:86:30)
      at error (node_modules/react-dom/cjs/react-dom.development.js:60:7)
      at warnIfUpdatesNotWrappedWithActDEV 
(node_modules/react-dom/cjs/react-dom.development.js:27628:9)
      at scheduleUpdateOnFiber 
(node_modules/react-dom/cjs/react-dom.development.js:25547:5)
      at dispatchSetState 
(node_modules/react-dom/cjs/react-dom.development.js:16708:7)
      at onChange (src/settings/AccountCreatePage.tsx:176:40)
      at HTMLUnknownElement.callCallback 
(node_modules/react-dom/cjs/react-dom.development.js:4164:14)
      at HTMLUnknownElement.callTheUserObjectsOperation 
(node_modules/jsdom/lib/jsdom/living/generated/EventListener.js:26:30)
      at innerInvokeEventListeners 
(node_modules/jsdom/lib/jsdom/living/events/EventTarget-impl.js:350:25)
      at invokeEventListeners 
(node_modules/jsdom/lib/jsdom/living/events/EventTarget-impl.js:286:3)
      at HTMLUnknownElementImpl._dispatch 
(node_modules/jsdom/lib/jsdom/living/events/EventTarget-impl.js:233:9)
      at HTMLUnknownElementImpl.dispatchEvent 
(node_modules/jsdom/lib/jsdom/living/events/EventTarget-impl.js:104:17)
      at HTMLUnknownElement.dispatchEvent 
(node_modules/jsdom/lib/jsdom/living/generated/EventTarget.js:241:34)
      at Object.invokeGuardedCallbackDev 
(node_modules/react-dom/cjs/react-dom.development.js:4213:16)
      at invokeGuardedCallback 
(node_modules/react-dom/cjs/react-dom.development.js:4277:31)
      at invokeGuardedCallbackAndCatchFirstError 
(node_modules/react-dom/cjs/react-dom.development.js:4291:25)
      at executeDispatch 
(node_modules/react-dom/cjs/react-dom.development.js:9041:3)
      at processDispatchQueueItemsInOrder 
(node_modules/react-dom/cjs/react-dom.development.js:9073:7)
      at processDispatchQueue 
(node_modules/react-dom/cjs/react-dom.development.js:9086:5)
      at dispatchEventsForPlugins 
(node_modules/react-dom/cjs/react-dom.development.js:9097:3)
      at node_modules/react-dom/cjs/react-dom.development.js:9288:12
      at batchedUpdates$1 
(node_modules/react-dom/cjs/react-dom.development.js:26179:12)
      at batchedUpdates 
(node_modules/react-dom/cjs/react-dom.development.js:3991:12)
      at dispatchEventForPluginEventSystem 
(node_modules/react-dom/cjs/react-dom.development.js:9287:3)
      at dispatchEventWithEnableCapturePhaseSelectiveHydrationWithoutDiscreteEv
entReplay (node_modules/react-dom/cjs/react-dom.development.js:6465:5)
      at dispatchEvent 
(node_modules/react-dom/cjs/react-dom.development.js:6457:5)
      at dispatchDiscreteEvent 
(node_modules/react-dom/cjs/react-dom.development.js:6430:5)
      at HTMLDivElement.callTheUserObjectsOperation 
(node_modules/jsdom/lib/jsdom/living/generated/EventListener.js:26:30)
      at innerInvokeEventListeners 
(node_modules/jsdom/lib/jsdom/living/events/EventTarget-impl.js:350:25)
      at invokeEventListeners 
(node_modules/jsdom/lib/jsdom/living/events/EventTarget-impl.js:286:3)
      at HTMLSelectElementImpl._dispatch 
(node_modules/jsdom/lib/jsdom/living/events/EventTarget-impl.js:233:9)
      at HTMLSelectElementImpl.dispatchEvent 
(node_modules/jsdom/lib/jsdom/living/events/EventTarget-impl.js:104:17)
      at Proxy.dispatchEvent 
(node_modules/jsdom/lib/jsdom/living/generated/EventTarget.js:241:34)
      at 
node_modules/@testing-library/user-event/dist/cjs/event/dispatchEvent.js:45:43
      at Object.eventWrapper 
(node_modules/@testing-library/dom/dist/config.js:25:23)
      at Object.wrapEvent 
(node_modules/@testing-library/user-event/dist/cjs/event/wrapEvent.js:6:28)
      at Object.dispatchEvent (node_modules/@testing-library/user-event/dist/cj
s/event/dispatchEvent.js:45:22)
      at Object.dispatchUIEvent (node_modules/@testing-library/user-event/dist/
cjs/event/dispatchEvent.js:22:26)
      at selectOption (node_modules/@testing-library/user-event/dist/cjs/utilit
y/selectOptions.js:51:14)
      at Object.selectOptionsBase (node_modules/@testing-library/user-event/dis
t/cjs/utility/selectOptions.js:87:13)
      at Object.<anonymous> 
(src/settings/__tests__/AccountCreatePage.test.tsx:197:9)

PASS src/workflow/__tests__/workflow.test.tsx (8.185 s)
  ÔùÅ Console

    console.warn
      ÔÜá´©Å React Router Future Flag Warning: React Router will begin 
wrapping state updates in `React.startTransition` in v7. You can use the 
`v7_startTransition` future flag to opt-in early. For more information, see 
https://reactrouter.com/v6/upgrading/future#v7_starttransition.

      72 |
      73 | function renderPage(element: React.ReactElement, path = '/') {
    > 74 |     return render(
         |                  ^
      75 |         <MemoryRouter initialEntries={[path]}>
      76 |             {element}
      77 |         </MemoryRouter>,

      at warn (node_modules/react-router/lib/deprecations.ts:9:13)
      at warnOnce (node_modules/react-router/lib/deprecations.ts:14:3)
      at logDeprecation (node_modules/react-router/lib/deprecations.ts:26:5)
      at logV6DeprecationWarnings 
(node_modules/react-router/lib/components.tsx:257:25)
      at commitHookEffectListMount 
(node_modules/react-dom/cjs/react-dom.development.js:23189:26)
      at commitPassiveMountOnFiber 
(node_modules/react-dom/cjs/react-dom.development.js:24970:11)
      at commitPassiveMountEffects_complete 
(node_modules/react-dom/cjs/react-dom.development.js:24930:9)
      at commitPassiveMountEffects_begin 
(node_modules/react-dom/cjs/react-dom.development.js:24917:7)
      at commitPassiveMountEffects 
(node_modules/react-dom/cjs/react-dom.development.js:24905:3)
      at flushPassiveEffectsImpl 
(node_modules/react-dom/cjs/react-dom.development.js:27078:3)
      at flushPassiveEffects 
(node_modules/react-dom/cjs/react-dom.development.js:27023:14)
      at node_modules/react-dom/cjs/react-dom.development.js:26808:9
      at flushActQueue (node_modules/react/cjs/react.development.js:2667:24)
      at act (node_modules/react/cjs/react.development.js:2582:11)
      at node_modules/@testing-library/react/dist/act-compat.js:47:25
      at renderRoot (node_modules/@testing-library/react/dist/pure.js:180:26)
      at render (node_modules/@testing-library/react/dist/pure.js:271:10)
      at renderPage (src/workflow/__tests__/workflow.test.tsx:74:18)
      at Object.<anonymous> (src/workflow/__tests__/workflow.test.tsx:103:9)

    console.warn
      ÔÜá´©Å React Router Future Flag Warning: Relative route resolution 
within Splat routes is changing in v7. You can use the `v7_relativeSplatPath` 
future flag to opt-in early. For more information, see 
https://reactrouter.com/v6/upgrading/future#v7_relativesplatpath.

      72 |
      73 | function renderPage(element: React.ReactElement, path = '/') {
    > 74 |     return render(
         |                  ^
      75 |         <MemoryRouter initialEntries={[path]}>
      76 |             {element}
      77 |         </MemoryRouter>,

      at warn (node_modules/react-router/lib/deprecations.ts:9:13)
      at warnOnce (node_modules/react-router/lib/deprecations.ts:14:3)
      at logDeprecation (node_modules/react-router/lib/deprecations.ts:37:5)
      at logV6DeprecationWarnings 
(node_modules/react-router/lib/components.tsx:257:25)
      at commitHookEffectListMount 
(node_modules/react-dom/cjs/react-dom.development.js:23189:26)
      at commitPassiveMountOnFiber 
(node_modules/react-dom/cjs/react-dom.development.js:24970:11)
      at commitPassiveMountEffects_complete 
(node_modules/react-dom/cjs/react-dom.development.js:24930:9)
      at commitPassiveMountEffects_begin 
(node_modules/react-dom/cjs/react-dom.development.js:24917:7)
      at commitPassiveMountEffects 
(node_modules/react-dom/cjs/react-dom.development.js:24905:3)
      at flushPassiveEffectsImpl 
(node_modules/react-dom/cjs/react-dom.development.js:27078:3)
      at flushPassiveEffects 
(node_modules/react-dom/cjs/react-dom.development.js:27023:14)
      at node_modules/react-dom/cjs/react-dom.development.js:26808:9
      at flushActQueue (node_modules/react/cjs/react.development.js:2667:24)
      at act (node_modules/react/cjs/react.development.js:2582:11)
      at node_modules/@testing-library/react/dist/act-compat.js:47:25
      at renderRoot (node_modules/@testing-library/react/dist/pure.js:180:26)
      at render (node_modules/@testing-library/react/dist/pure.js:271:10)
      at renderPage (src/workflow/__tests__/workflow.test.tsx:74:18)
      at Object.<anonymous> (src/workflow/__tests__/workflow.test.tsx:103:9)

    console.error
      Warning: An update to MemoryRouter inside a test was not wrapped in 
act(...).
      
      When testing, code that causes React state updates should be wrapped 
into act(...):
      
      act(() => {
        /* fire events that update state */
      });
      /* assert on the output */
      
      This ensures that you're testing the behavior the user would see in the 
browser. Learn more at https://reactjs.org/link/wrap-tests-with-act
          at basename (C:\Users\samhe\OneDrive\Desktop\Cleaned\frontend\node_mo
dules\react-router\lib\components.tsx:225:3)

      38 |                         key={mod.path}
      39 |                         className="cursor-pointer hover:shadow-md 
transition-shadow"
    > 40 |                         onClick={() => navigate(mod.path)}
         |                                        ^
      41 |                     >
      42 |                         <div className="p-5 flex flex-col gap-2">
      43 |                             <p className="font-semibold 
text-gray-900">{mod.title}</p>

      at printWarning 
(node_modules/react-dom/cjs/react-dom.development.js:86:30)
      at error (node_modules/react-dom/cjs/react-dom.development.js:60:7)
      at warnIfUpdatesNotWrappedWithActDEV 
(node_modules/react-dom/cjs/react-dom.development.js:27628:9)
      at scheduleUpdateOnFiber 
(node_modules/react-dom/cjs/react-dom.development.js:25547:5)
      at dispatchSetState 
(node_modules/react-dom/cjs/react-dom.development.js:16708:7)
      at setStateImpl (node_modules/react-router/lib/components.tsx:250:11)
      at listener (node_modules/@remix-run/router/history.ts:306:9)
      at node_modules/react-router/lib/hooks.tsx:243:62
      at onClick 
(src/workflow/WorkflowDirectoryPage/WorkflowDirectoryPage.tsx:40:40)
      at HTMLUnknownElement.callCallback 
(node_modules/react-dom/cjs/react-dom.development.js:4164:14)
      at HTMLUnknownElement.callTheUserObjectsOperation 
(node_modules/jsdom/lib/jsdom/living/generated/EventListener.js:26:30)
      at innerInvokeEventListeners 
(node_modules/jsdom/lib/jsdom/living/events/EventTarget-impl.js:350:25)
      at invokeEventListeners 
(node_modules/jsdom/lib/jsdom/living/events/EventTarget-impl.js:286:3)
      at HTMLUnknownElementImpl._dispatch 
(node_modules/jsdom/lib/jsdom/living/events/EventTarget-impl.js:233:9)
      at HTMLUnknownElementImpl.dispatchEvent 
(node_modules/jsdom/lib/jsdom/living/events/EventTarget-impl.js:104:17)
      at HTMLUnknownElement.dispatchEvent 
(node_modules/jsdom/lib/jsdom/living/generated/EventTarget.js:241:34)
      at Object.invokeGuardedCallbackDev 
(node_modules/react-dom/cjs/react-dom.development.js:4213:16)
      at invokeGuardedCallback 
(node_modules/react-dom/cjs/react-dom.development.js:4277:31)
      at invokeGuardedCallbackAndCatchFirstError 
(node_modules/react-dom/cjs/react-dom.development.js:4291:25)
      at executeDispatch 
(node_modules/react-dom/cjs/react-dom.development.js:9041:3)
      at processDispatchQueueItemsInOrder 
(node_modules/react-dom/cjs/react-dom.development.js:9073:7)
      at processDispatchQueue 
(node_modules/react-dom/cjs/react-dom.development.js:9086:5)
      at dispatchEventsForPlugins 
(node_modules/react-dom/cjs/react-dom.development.js:9097:3)
      at node_modules/react-dom/cjs/react-dom.development.js:9288:12
      at batchedUpdates$1 
(node_modules/react-dom/cjs/react-dom.development.js:26179:12)
      at batchedUpdates 
(node_modules/react-dom/cjs/react-dom.development.js:3991:12)
      at dispatchEventForPluginEventSystem 
(node_modules/react-dom/cjs/react-dom.development.js:9287:3)
      at dispatchEventWithEnableCapturePhaseSelectiveHydrationWithoutDiscreteEv
entReplay (node_modules/react-dom/cjs/react-dom.development.js:6465:5)
      at dispatchEvent 
(node_modules/react-dom/cjs/react-dom.development.js:6457:5)
      at dispatchDiscreteEvent 
(node_modules/react-dom/cjs/react-dom.development.js:6430:5)
      at HTMLDivElement.callTheUserObjectsOperation 
(node_modules/jsdom/lib/jsdom/living/generated/EventListener.js:26:30)
      at innerInvokeEventListeners 
(node_modules/jsdom/lib/jsdom/living/events/EventTarget-impl.js:350:25)
      at invokeEventListeners 
(node_modules/jsdom/lib/jsdom/living/events/EventTarget-impl.js:286:3)
      at HTMLDivElementImpl._dispatch 
(node_modules/jsdom/lib/jsdom/living/events/EventTarget-impl.js:233:9)
      at HTMLDivElementImpl.dispatchEvent 
(node_modules/jsdom/lib/jsdom/living/events/EventTarget-impl.js:104:17)
      at HTMLDivElement.dispatchEvent 
(node_modules/jsdom/lib/jsdom/living/generated/EventTarget.js:241:34)
      at 
node_modules/@testing-library/user-event/dist/cjs/event/dispatchEvent.js:45:43
      at Object.eventWrapper 
(node_modules/@testing-library/dom/dist/config.js:25:23)
      at Object.wrapEvent 
(node_modules/@testing-library/user-event/dist/cjs/event/wrapEvent.js:6:28)
      at Object.dispatchEvent (node_modules/@testing-library/user-event/dist/cj
s/event/dispatchEvent.js:45:22)
      at Object.dispatchUIEvent (node_modules/@testing-library/user-event/dist/
cjs/event/dispatchEvent.js:22:26)
      at Mouse.up (node_modules/@testing-library/user-event/dist/cjs/system/poi
nter/mouse.js:100:30)
      at PointerHost.release (node_modules/@testing-library/user-event/dist/cjs
/system/pointer/index.js:87:24)
      at pointerAction 
(node_modules/@testing-library/user-event/dist/cjs/pointer/index.js:54:47)
      at Object.pointer 
(node_modules/@testing-library/user-event/dist/cjs/pointer/index.js:27:9)
      at Object.<anonymous> (src/workflow/__tests__/workflow.test.tsx:125:9)

    console.error
      Warning: An update to WorkflowPage inside a test was not wrapped in 
act(...).
      
      When testing, code that causes React state updates should be wrapped 
into act(...):
      
      act(() => {
        /* fire events that update state */
      });
      /* assert on the output */
      
      This ensures that you're testing the behavior the user would see in the 
browser. Learn more at https://reactjs.org/link/wrap-tests-with-act
          at WorkflowPage (C:\Users\samhe\OneDrive\Desktop\Cleaned\frontend\src
\workflow\WorkflowPage\WorkflowPage.tsx:55:51)
          at basenameProp (C:\Users\samhe\OneDrive\Desktop\Cleaned\frontend\nod
e_modules\react-router\lib\components.tsx:421:13)
          at basename (C:\Users\samhe\OneDrive\Desktop\Cleaned\frontend\node_mo
dules\react-router\lib\components.tsx:225:3)

      223 |                 <select
      224 |                     value={filterStatus}
    > 225 |                     onChange={(e) => 
setFilterStatus(e.target.value)}
          |                                      ^
      226 |                     className="border border-gray-300 rounded px-3 
py-2 text-sm"
      227 |                 >
      228 |                     <option value="">All Statuses</option>

      at printWarning 
(node_modules/react-dom/cjs/react-dom.development.js:86:30)
      at error (node_modules/react-dom/cjs/react-dom.development.js:60:7)
      at warnIfUpdatesNotWrappedWithActDEV 
(node_modules/react-dom/cjs/react-dom.development.js:27628:9)
      at scheduleUpdateOnFiber 
(node_modules/react-dom/cjs/react-dom.development.js:25547:5)
      at dispatchSetState 
(node_modules/react-dom/cjs/react-dom.development.js:16708:7)
      at onChange (src/workflow/WorkflowPage/WorkflowPage.tsx:225:38)
      at HTMLUnknownElement.callCallback 
(node_modules/react-dom/cjs/react-dom.development.js:4164:14)
      at HTMLUnknownElement.callTheUserObjectsOperation 
(node_modules/jsdom/lib/jsdom/living/generated/EventListener.js:26:30)
      at innerInvokeEventListeners 
(node_modules/jsdom/lib/jsdom/living/events/EventTarget-impl.js:350:25)
      at invokeEventListeners 
(node_modules/jsdom/lib/jsdom/living/events/EventTarget-impl.js:286:3)
      at HTMLUnknownElementImpl._dispatch 
(node_modules/jsdom/lib/jsdom/living/events/EventTarget-impl.js:233:9)
      at HTMLUnknownElementImpl.dispatchEvent 
(node_modules/jsdom/lib/jsdom/living/events/EventTarget-impl.js:104:17)
      at HTMLUnknownElement.dispatchEvent 
(node_modules/jsdom/lib/jsdom/living/generated/EventTarget.js:241:34)
      at Object.invokeGuardedCallbackDev 
(node_modules/react-dom/cjs/react-dom.development.js:4213:16)
      at invokeGuardedCallback 
(node_modules/react-dom/cjs/react-dom.development.js:4277:31)
      at invokeGuardedCallbackAndCatchFirstError 
(node_modules/react-dom/cjs/react-dom.development.js:4291:25)
      at executeDispatch 
(node_modules/react-dom/cjs/react-dom.development.js:9041:3)
      at processDispatchQueueItemsInOrder 
(node_modules/react-dom/cjs/react-dom.development.js:9073:7)
      at processDispatchQueue 
(node_modules/react-dom/cjs/react-dom.development.js:9086:5)
      at dispatchEventsForPlugins 
(node_modules/react-dom/cjs/react-dom.development.js:9097:3)
      at node_modules/react-dom/cjs/react-dom.development.js:9288:12
      at batchedUpdates$1 
(node_modules/react-dom/cjs/react-dom.development.js:26179:12)
      at batchedUpdates 
(node_modules/react-dom/cjs/react-dom.development.js:3991:12)
      at dispatchEventForPluginEventSystem 
(node_modules/react-dom/cjs/react-dom.development.js:9287:3)
      at dispatchEventWithEnableCapturePhaseSelectiveHydrationWithoutDiscreteEv
entReplay (node_modules/react-dom/cjs/react-dom.development.js:6465:5)
      at dispatchEvent 
(node_modules/react-dom/cjs/react-dom.development.js:6457:5)
      at dispatchDiscreteEvent 
(node_modules/react-dom/cjs/react-dom.development.js:6430:5)
      at HTMLDivElement.callTheUserObjectsOperation 
(node_modules/jsdom/lib/jsdom/living/generated/EventListener.js:26:30)
      at innerInvokeEventListeners 
(node_modules/jsdom/lib/jsdom/living/events/EventTarget-impl.js:350:25)
      at invokeEventListeners 
(node_modules/jsdom/lib/jsdom/living/events/EventTarget-impl.js:286:3)
      at HTMLSelectElementImpl._dispatch 
(node_modules/jsdom/lib/jsdom/living/events/EventTarget-impl.js:233:9)
      at HTMLSelectElementImpl.dispatchEvent 
(node_modules/jsdom/lib/jsdom/living/events/EventTarget-impl.js:104:17)
      at Proxy.dispatchEvent 
(node_modules/jsdom/lib/jsdom/living/generated/EventTarget.js:241:34)
      at 
node_modules/@testing-library/user-event/dist/cjs/event/dispatchEvent.js:45:43
      at Object.eventWrapper 
(node_modules/@testing-library/dom/dist/config.js:25:23)
      at Object.wrapEvent 
(node_modules/@testing-library/user-event/dist/cjs/event/wrapEvent.js:6:28)
      at Object.dispatchEvent (node_modules/@testing-library/user-event/dist/cj
s/event/dispatchEvent.js:45:22)
      at Object.dispatchUIEvent (node_modules/@testing-library/user-event/dist/
cjs/event/dispatchEvent.js:22:26)
      at selectOption (node_modules/@testing-library/user-event/dist/cjs/utilit
y/selectOptions.js:51:14)
      at Object.selectOptionsBase (node_modules/@testing-library/user-event/dis
t/cjs/utility/selectOptions.js:87:13)
      at Object.<anonymous> (src/workflow/__tests__/workflow.test.tsx:204:9)

    console.error
      Warning: An update to WorkflowPage inside a test was not wrapped in 
act(...).
      
      When testing, code that causes React state updates should be wrapped 
into act(...):
      
      act(() => {
        /* fire events that update state */
      });
      /* assert on the output */
      
      This ensures that you're testing the behavior the user would see in the 
browser. Learn more at https://reactjs.org/link/wrap-tests-with-act
          at WorkflowPage (C:\Users\samhe\OneDrive\Desktop\Cleaned\frontend\src
\workflow\WorkflowPage\WorkflowPage.tsx:55:51)
          at basenameProp (C:\Users\samhe\OneDrive\Desktop\Cleaned\frontend\nod
e_modules\react-router\lib\components.tsx:421:13)
          at basename (C:\Users\samhe\OneDrive\Desktop\Cleaned\frontend\node_mo
dules\react-router\lib\components.tsx:225:3)

      223 |                 <select
      224 |                     value={filterStatus}
    > 225 |                     onChange={(e) => 
setFilterStatus(e.target.value)}
          |                                      ^
      226 |                     className="border border-gray-300 rounded px-3 
py-2 text-sm"
      227 |                 >
      228 |                     <option value="">All Statuses</option>

      at printWarning 
(node_modules/react-dom/cjs/react-dom.development.js:86:30)
      at error (node_modules/react-dom/cjs/react-dom.development.js:60:7)
      at warnIfUpdatesNotWrappedWithActDEV 
(node_modules/react-dom/cjs/react-dom.development.js:27628:9)
      at scheduleUpdateOnFiber 
(node_modules/react-dom/cjs/react-dom.development.js:25547:5)
      at dispatchSetState 
(node_modules/react-dom/cjs/react-dom.development.js:16708:7)
      at onChange (src/workflow/WorkflowPage/WorkflowPage.tsx:225:38)
      at HTMLUnknownElement.callCallback 
(node_modules/react-dom/cjs/react-dom.development.js:4164:14)
      at HTMLUnknownElement.callTheUserObjectsOperation 
(node_modules/jsdom/lib/jsdom/living/generated/EventListener.js:26:30)
      at innerInvokeEventListeners 
(node_modules/jsdom/lib/jsdom/living/events/EventTarget-impl.js:350:25)
      at invokeEventListeners 
(node_modules/jsdom/lib/jsdom/living/events/EventTarget-impl.js:286:3)
      at HTMLUnknownElementImpl._dispatch 
(node_modules/jsdom/lib/jsdom/living/events/EventTarget-impl.js:233:9)
      at HTMLUnknownElementImpl.dispatchEvent 
(node_modules/jsdom/lib/jsdom/living/events/EventTarget-impl.js:104:17)
      at HTMLUnknownElement.dispatchEvent 
(node_modules/jsdom/lib/jsdom/living/generated/EventTarget.js:241:34)
      at Object.invokeGuardedCallbackDev 
(node_modules/react-dom/cjs/react-dom.development.js:4213:16)
      at invokeGuardedCallback 
(node_modules/react-dom/cjs/react-dom.development.js:4277:31)
      at invokeGuardedCallbackAndCatchFirstError 
(node_modules/react-dom/cjs/react-dom.development.js:4291:25)
      at executeDispatch 
(node_modules/react-dom/cjs/react-dom.development.js:9041:3)
      at processDispatchQueueItemsInOrder 
(node_modules/react-dom/cjs/react-dom.development.js:9073:7)
      at processDispatchQueue 
(node_modules/react-dom/cjs/react-dom.development.js:9086:5)
      at dispatchEventsForPlugins 
(node_modules/react-dom/cjs/react-dom.development.js:9097:3)
      at node_modules/react-dom/cjs/react-dom.development.js:9288:12
      at batchedUpdates$1 
(node_modules/react-dom/cjs/react-dom.development.js:26179:12)
      at batchedUpdates 
(node_modules/react-dom/cjs/react-dom.development.js:3991:12)
      at dispatchEventForPluginEventSystem 
(node_modules/react-dom/cjs/react-dom.development.js:9287:3)
      at dispatchEventWithEnableCapturePhaseSelectiveHydrationWithoutDiscreteEv
entReplay (node_modules/react-dom/cjs/react-dom.development.js:6465:5)
      at dispatchEvent 
(node_modules/react-dom/cjs/react-dom.development.js:6457:5)
      at dispatchDiscreteEvent 
(node_modules/react-dom/cjs/react-dom.development.js:6430:5)
      at HTMLDivElement.callTheUserObjectsOperation 
(node_modules/jsdom/lib/jsdom/living/generated/EventListener.js:26:30)
      at innerInvokeEventListeners 
(node_modules/jsdom/lib/jsdom/living/events/EventTarget-impl.js:350:25)
      at invokeEventListeners 
(node_modules/jsdom/lib/jsdom/living/events/EventTarget-impl.js:286:3)
      at HTMLSelectElementImpl._dispatch 
(node_modules/jsdom/lib/jsdom/living/events/EventTarget-impl.js:233:9)
      at HTMLSelectElementImpl.dispatchEvent 
(node_modules/jsdom/lib/jsdom/living/events/EventTarget-impl.js:104:17)
      at Proxy.dispatchEvent 
(node_modules/jsdom/lib/jsdom/living/generated/EventTarget.js:241:34)
      at 
node_modules/@testing-library/user-event/dist/cjs/event/dispatchEvent.js:45:43
      at Object.eventWrapper 
(node_modules/@testing-library/dom/dist/config.js:25:23)
      at Object.wrapEvent 
(node_modules/@testing-library/user-event/dist/cjs/event/wrapEvent.js:6:28)
      at Object.dispatchEvent (node_modules/@testing-library/user-event/dist/cj
s/event/dispatchEvent.js:45:22)
      at Object.dispatchUIEvent (node_modules/@testing-library/user-event/dist/
cjs/event/dispatchEvent.js:22:26)
      at selectOption (node_modules/@testing-library/user-event/dist/cjs/utilit
y/selectOptions.js:51:14)
      at Object.selectOptionsBase (node_modules/@testing-library/user-event/dis
t/cjs/utility/selectOptions.js:87:13)
      at Object.<anonymous> (src/workflow/__tests__/workflow.test.tsx:213:9)

    console.error
      Warning: An update to WorkflowPage inside a test was not wrapped in 
act(...).
      
      When testing, code that causes React state updates should be wrapped 
into act(...):
      
      act(() => {
        /* fire events that update state */
      });
      /* assert on the output */
      
      This ensures that you're testing the behavior the user would see in the 
browser. Learn more at https://reactjs.org/link/wrap-tests-with-act
          at WorkflowPage (C:\Users\samhe\OneDrive\Desktop\Cleaned\frontend\src
\workflow\WorkflowPage\WorkflowPage.tsx:55:51)
          at basenameProp (C:\Users\samhe\OneDrive\Desktop\Cleaned\frontend\nod
e_modules\react-router\lib\components.tsx:421:13)
          at basename (C:\Users\samhe\OneDrive\Desktop\Cleaned\frontend\node_mo
dules\react-router\lib\components.tsx:225:3)

      76 |
      77 |     function openAssignModal(sub: WorkflowSubmission) {
    > 78 |         setAssignTarget(sub)
         |         ^
      79 |         setAssignTo(null)
      80 |         setAssignNotes('')
      81 |         if (underwriters.length === 0) {

      at printWarning 
(node_modules/react-dom/cjs/react-dom.development.js:86:30)
      at error (node_modules/react-dom/cjs/react-dom.development.js:60:7)
      at warnIfUpdatesNotWrappedWithActDEV 
(node_modules/react-dom/cjs/react-dom.development.js:27628:9)
      at scheduleUpdateOnFiber 
(node_modules/react-dom/cjs/react-dom.development.js:25547:5)
      at dispatchSetState 
(node_modules/react-dom/cjs/react-dom.development.js:16708:7)
      at openAssignModal (src/workflow/WorkflowPage/WorkflowPage.tsx:78:9)
      at onClick (src/workflow/WorkflowPage/WorkflowPage.tsx:191:40)
      at HTMLUnknownElement.callCallback 
(node_modules/react-dom/cjs/react-dom.development.js:4164:14)
      at HTMLUnknownElement.callTheUserObjectsOperation 
(node_modules/jsdom/lib/jsdom/living/generated/EventListener.js:26:30)
      at innerInvokeEventListeners 
(node_modules/jsdom/lib/jsdom/living/events/EventTarget-impl.js:350:25)
      at invokeEventListeners 
(node_modules/jsdom/lib/jsdom/living/events/EventTarget-impl.js:286:3)
      at HTMLUnknownElementImpl._dispatch 
(node_modules/jsdom/lib/jsdom/living/events/EventTarget-impl.js:233:9)
      at HTMLUnknownElementImpl.dispatchEvent 
(node_modules/jsdom/lib/jsdom/living/events/EventTarget-impl.js:104:17)
      at HTMLUnknownElement.dispatchEvent 
(node_modules/jsdom/lib/jsdom/living/generated/EventTarget.js:241:34)
      at Object.invokeGuardedCallbackDev 
(node_modules/react-dom/cjs/react-dom.development.js:4213:16)
      at invokeGuardedCallback 
(node_modules/react-dom/cjs/react-dom.development.js:4277:31)
      at invokeGuardedCallbackAndCatchFirstError 
(node_modules/react-dom/cjs/react-dom.development.js:4291:25)
      at executeDispatch 
(node_modules/react-dom/cjs/react-dom.development.js:9041:3)
      at processDispatchQueueItemsInOrder 
(node_modules/react-dom/cjs/react-dom.development.js:9073:7)
      at processDispatchQueue 
(node_modules/react-dom/cjs/react-dom.development.js:9086:5)
      at dispatchEventsForPlugins 
(node_modules/react-dom/cjs/react-dom.development.js:9097:3)
      at node_modules/react-dom/cjs/react-dom.development.js:9288:12
      at batchedUpdates$1 
(node_modules/react-dom/cjs/react-dom.development.js:26179:12)
      at batchedUpdates 
(node_modules/react-dom/cjs/react-dom.development.js:3991:12)
      at dispatchEventForPluginEventSystem 
(node_modules/react-dom/cjs/react-dom.development.js:9287:3)
      at dispatchEventWithEnableCapturePhaseSelectiveHydrationWithoutDiscreteEv
entReplay (node_modules/react-dom/cjs/react-dom.development.js:6465:5)
      at dispatchEvent 
(node_modules/react-dom/cjs/react-dom.development.js:6457:5)
      at dispatchDiscreteEvent 
(node_modules/react-dom/cjs/react-dom.development.js:6430:5)
      at HTMLDivElement.callTheUserObjectsOperation 
(node_modules/jsdom/lib/jsdom/living/generated/EventListener.js:26:30)
      at innerInvokeEventListeners 
(node_modules/jsdom/lib/jsdom/living/events/EventTarget-impl.js:350:25)
      at invokeEventListeners 
(node_modules/jsdom/lib/jsdom/living/events/EventTarget-impl.js:286:3)
      at HTMLButtonElementImpl._dispatch 
(node_modules/jsdom/lib/jsdom/living/events/EventTarget-impl.js:233:9)
      at HTMLButtonElementImpl.dispatchEvent 
(node_modules/jsdom/lib/jsdom/living/events/EventTarget-impl.js:104:17)
      at HTMLButtonElement.dispatchEvent 
(node_modules/jsdom/lib/jsdom/living/generated/EventTarget.js:241:34)
      at 
node_modules/@testing-library/user-event/dist/cjs/event/dispatchEvent.js:45:43
      at Object.eventWrapper 
(node_modules/@testing-library/dom/dist/config.js:25:23)
      at Object.wrapEvent 
(node_modules/@testing-library/user-event/dist/cjs/event/wrapEvent.js:6:28)
      at Object.dispatchEvent (node_modules/@testing-library/user-event/dist/cj
s/event/dispatchEvent.js:45:22)
      at Object.dispatchUIEvent (node_modules/@testing-library/user-event/dist/
cjs/event/dispatchEvent.js:22:26)
      at Mouse.up (node_modules/@testing-library/user-event/dist/cjs/system/poi
nter/mouse.js:100:30)
      at PointerHost.release (node_modules/@testing-library/user-event/dist/cjs
/system/pointer/index.js:87:24)
      at pointerAction 
(node_modules/@testing-library/user-event/dist/cjs/pointer/index.js:54:47)
      at Object.pointer 
(node_modules/@testing-library/user-event/dist/cjs/pointer/index.js:27:9)
      at Object.<anonymous> (src/workflow/__tests__/workflow.test.tsx:234:9)

    console.error
      Warning: An update to WorkflowPage inside a test was not wrapped in 
act(...).
      
      When testing, code that causes React state updates should be wrapped 
into act(...):
      
      act(() => {
        /* fire events that update state */
      });
      /* assert on the output */
      
      This ensures that you're testing the behavior the user would see in the 
browser. Learn more at https://reactjs.org/link/wrap-tests-with-act
          at WorkflowPage (C:\Users\samhe\OneDrive\Desktop\Cleaned\frontend\src
\workflow\WorkflowPage\WorkflowPage.tsx:55:51)
          at basenameProp (C:\Users\samhe\OneDrive\Desktop\Cleaned\frontend\nod
e_modules\react-router\lib\components.tsx:421:13)
          at basename (C:\Users\samhe\OneDrive\Desktop\Cleaned\frontend\node_mo
dules\react-router\lib\components.tsx:225:3)

      77 |     function openAssignModal(sub: WorkflowSubmission) {
      78 |         setAssignTarget(sub)
    > 79 |         setAssignTo(null)
         |         ^
      80 |         setAssignNotes('')
      81 |         if (underwriters.length === 0) {
      82 |             getUnderwriters()

      at printWarning 
(node_modules/react-dom/cjs/react-dom.development.js:86:30)
      at error (node_modules/react-dom/cjs/react-dom.development.js:60:7)
      at warnIfUpdatesNotWrappedWithActDEV 
(node_modules/react-dom/cjs/react-dom.development.js:27628:9)
      at scheduleUpdateOnFiber 
(node_modules/react-dom/cjs/react-dom.development.js:25547:5)
      at dispatchSetState 
(node_modules/react-dom/cjs/react-dom.development.js:16708:7)
      at openAssignModal (src/workflow/WorkflowPage/WorkflowPage.tsx:79:9)
      at onClick (src/workflow/WorkflowPage/WorkflowPage.tsx:191:40)
      at HTMLUnknownElement.callCallback 
(node_modules/react-dom/cjs/react-dom.development.js:4164:14)
      at HTMLUnknownElement.callTheUserObjectsOperation 
(node_modules/jsdom/lib/jsdom/living/generated/EventListener.js:26:30)
      at innerInvokeEventListeners 
(node_modules/jsdom/lib/jsdom/living/events/EventTarget-impl.js:350:25)
      at invokeEventListeners 
(node_modules/jsdom/lib/jsdom/living/events/EventTarget-impl.js:286:3)
      at HTMLUnknownElementImpl._dispatch 
(node_modules/jsdom/lib/jsdom/living/events/EventTarget-impl.js:233:9)
      at HTMLUnknownElementImpl.dispatchEvent 
(node_modules/jsdom/lib/jsdom/living/events/EventTarget-impl.js:104:17)
      at HTMLUnknownElement.dispatchEvent 
(node_modules/jsdom/lib/jsdom/living/generated/EventTarget.js:241:34)
      at Object.invokeGuardedCallbackDev 
(node_modules/react-dom/cjs/react-dom.development.js:4213:16)
      at invokeGuardedCallback 
(node_modules/react-dom/cjs/react-dom.development.js:4277:31)
      at invokeGuardedCallbackAndCatchFirstError 
(node_modules/react-dom/cjs/react-dom.development.js:4291:25)
      at executeDispatch 
(node_modules/react-dom/cjs/react-dom.development.js:9041:3)
      at processDispatchQueueItemsInOrder 
(node_modules/react-dom/cjs/react-dom.development.js:9073:7)
      at processDispatchQueue 
(node_modules/react-dom/cjs/react-dom.development.js:9086:5)
      at dispatchEventsForPlugins 
(node_modules/react-dom/cjs/react-dom.development.js:9097:3)
      at node_modules/react-dom/cjs/react-dom.development.js:9288:12
      at batchedUpdates$1 
(node_modules/react-dom/cjs/react-dom.development.js:26179:12)
      at batchedUpdates 
(node_modules/react-dom/cjs/react-dom.development.js:3991:12)
      at dispatchEventForPluginEventSystem 
(node_modules/react-dom/cjs/react-dom.development.js:9287:3)
      at dispatchEventWithEnableCapturePhaseSelectiveHydrationWithoutDiscreteEv
entReplay (node_modules/react-dom/cjs/react-dom.development.js:6465:5)
      at dispatchEvent 
(node_modules/react-dom/cjs/react-dom.development.js:6457:5)
      at dispatchDiscreteEvent 
(node_modules/react-dom/cjs/react-dom.development.js:6430:5)
      at HTMLDivElement.callTheUserObjectsOperation 
(node_modules/jsdom/lib/jsdom/living/generated/EventListener.js:26:30)
      at innerInvokeEventListeners 
(node_modules/jsdom/lib/jsdom/living/events/EventTarget-impl.js:350:25)
      at invokeEventListeners 
(node_modules/jsdom/lib/jsdom/living/events/EventTarget-impl.js:286:3)
      at HTMLButtonElementImpl._dispatch 
(node_modules/jsdom/lib/jsdom/living/events/EventTarget-impl.js:233:9)
      at HTMLButtonElementImpl.dispatchEvent 
(node_modules/jsdom/lib/jsdom/living/events/EventTarget-impl.js:104:17)
      at HTMLButtonElement.dispatchEvent 
(node_modules/jsdom/lib/jsdom/living/generated/EventTarget.js:241:34)
      at 
node_modules/@testing-library/user-event/dist/cjs/event/dispatchEvent.js:45:43
      at Object.eventWrapper 
(node_modules/@testing-library/dom/dist/config.js:25:23)
      at Object.wrapEvent 
(node_modules/@testing-library/user-event/dist/cjs/event/wrapEvent.js:6:28)
      at Object.dispatchEvent (node_modules/@testing-library/user-event/dist/cj
s/event/dispatchEvent.js:45:22)
      at Object.dispatchUIEvent (node_modules/@testing-library/user-event/dist/
cjs/event/dispatchEvent.js:22:26)
      at Mouse.up (node_modules/@testing-library/user-event/dist/cjs/system/poi
nter/mouse.js:100:30)
      at PointerHost.release (node_modules/@testing-library/user-event/dist/cjs
/system/pointer/index.js:87:24)
      at pointerAction 
(node_modules/@testing-library/user-event/dist/cjs/pointer/index.js:54:47)
      at Object.pointer 
(node_modules/@testing-library/user-event/dist/cjs/pointer/index.js:27:9)
      at Object.<anonymous> (src/workflow/__tests__/workflow.test.tsx:234:9)

    console.error
      Warning: An update to WorkflowPage inside a test was not wrapped in 
act(...).
      
      When testing, code that causes React state updates should be wrapped 
into act(...):
      
      act(() => {
        /* fire events that update state */
      });
      /* assert on the output */
      
      This ensures that you're testing the behavior the user would see in the 
browser. Learn more at https://reactjs.org/link/wrap-tests-with-act
          at WorkflowPage (C:\Users\samhe\OneDrive\Desktop\Cleaned\frontend\src
\workflow\WorkflowPage\WorkflowPage.tsx:55:51)
          at basenameProp (C:\Users\samhe\OneDrive\Desktop\Cleaned\frontend\nod
e_modules\react-router\lib\components.tsx:421:13)
          at basename (C:\Users\samhe\OneDrive\Desktop\Cleaned\frontend\node_mo
dules\react-router\lib\components.tsx:225:3)

      78 |         setAssignTarget(sub)
      79 |         setAssignTo(null)
    > 80 |         setAssignNotes('')
         |         ^
      81 |         if (underwriters.length === 0) {
      82 |             getUnderwriters()
      83 |                 .then(setUnderwriters)

      at printWarning 
(node_modules/react-dom/cjs/react-dom.development.js:86:30)
      at error (node_modules/react-dom/cjs/react-dom.development.js:60:7)
      at warnIfUpdatesNotWrappedWithActDEV 
(node_modules/react-dom/cjs/react-dom.development.js:27628:9)
      at scheduleUpdateOnFiber 
(node_modules/react-dom/cjs/react-dom.development.js:25547:5)
      at dispatchSetState 
(node_modules/react-dom/cjs/react-dom.development.js:16708:7)
      at openAssignModal (src/workflow/WorkflowPage/WorkflowPage.tsx:80:9)
      at onClick (src/workflow/WorkflowPage/WorkflowPage.tsx:191:40)
      at HTMLUnknownElement.callCallback 
(node_modules/react-dom/cjs/react-dom.development.js:4164:14)
      at HTMLUnknownElement.callTheUserObjectsOperation 
(node_modules/jsdom/lib/jsdom/living/generated/EventListener.js:26:30)
      at innerInvokeEventListeners 
(node_modules/jsdom/lib/jsdom/living/events/EventTarget-impl.js:350:25)
      at invokeEventListeners 
(node_modules/jsdom/lib/jsdom/living/events/EventTarget-impl.js:286:3)
      at HTMLUnknownElementImpl._dispatch 
(node_modules/jsdom/lib/jsdom/living/events/EventTarget-impl.js:233:9)
      at HTMLUnknownElementImpl.dispatchEvent 
(node_modules/jsdom/lib/jsdom/living/events/EventTarget-impl.js:104:17)
      at HTMLUnknownElement.dispatchEvent 
(node_modules/jsdom/lib/jsdom/living/generated/EventTarget.js:241:34)
      at Object.invokeGuardedCallbackDev 
(node_modules/react-dom/cjs/react-dom.development.js:4213:16)
      at invokeGuardedCallback 
(node_modules/react-dom/cjs/react-dom.development.js:4277:31)
      at invokeGuardedCallbackAndCatchFirstError 
(node_modules/react-dom/cjs/react-dom.development.js:4291:25)
      at executeDispatch 
(node_modules/react-dom/cjs/react-dom.development.js:9041:3)
      at processDispatchQueueItemsInOrder 
(node_modules/react-dom/cjs/react-dom.development.js:9073:7)
      at processDispatchQueue 
(node_modules/react-dom/cjs/react-dom.development.js:9086:5)
      at dispatchEventsForPlugins 
(node_modules/react-dom/cjs/react-dom.development.js:9097:3)
      at node_modules/react-dom/cjs/react-dom.development.js:9288:12
      at batchedUpdates$1 
(node_modules/react-dom/cjs/react-dom.development.js:26179:12)
      at batchedUpdates 
(node_modules/react-dom/cjs/react-dom.development.js:3991:12)
      at dispatchEventForPluginEventSystem 
(node_modules/react-dom/cjs/react-dom.development.js:9287:3)
      at dispatchEventWithEnableCapturePhaseSelectiveHydrationWithoutDiscreteEv
entReplay (node_modules/react-dom/cjs/react-dom.development.js:6465:5)
      at dispatchEvent 
(node_modules/react-dom/cjs/react-dom.development.js:6457:5)
      at dispatchDiscreteEvent 
(node_modules/react-dom/cjs/react-dom.development.js:6430:5)
      at HTMLDivElement.callTheUserObjectsOperation 
(node_modules/jsdom/lib/jsdom/living/generated/EventListener.js:26:30)
      at innerInvokeEventListeners 
(node_modules/jsdom/lib/jsdom/living/events/EventTarget-impl.js:350:25)
      at invokeEventListeners 
(node_modules/jsdom/lib/jsdom/living/events/EventTarget-impl.js:286:3)
      at HTMLButtonElementImpl._dispatch 
(node_modules/jsdom/lib/jsdom/living/events/EventTarget-impl.js:233:9)
      at HTMLButtonElementImpl.dispatchEvent 
(node_modules/jsdom/lib/jsdom/living/events/EventTarget-impl.js:104:17)
      at HTMLButtonElement.dispatchEvent 
(node_modules/jsdom/lib/jsdom/living/generated/EventTarget.js:241:34)
      at 
node_modules/@testing-library/user-event/dist/cjs/event/dispatchEvent.js:45:43
      at Object.eventWrapper 
(node_modules/@testing-library/dom/dist/config.js:25:23)
      at Object.wrapEvent 
(node_modules/@testing-library/user-event/dist/cjs/event/wrapEvent.js:6:28)
      at Object.dispatchEvent (node_modules/@testing-library/user-event/dist/cj
s/event/dispatchEvent.js:45:22)
      at Object.dispatchUIEvent (node_modules/@testing-library/user-event/dist/
cjs/event/dispatchEvent.js:22:26)
      at Mouse.up (node_modules/@testing-library/user-event/dist/cjs/system/poi
nter/mouse.js:100:30)
      at PointerHost.release (node_modules/@testing-library/user-event/dist/cjs
/system/pointer/index.js:87:24)
      at pointerAction 
(node_modules/@testing-library/user-event/dist/cjs/pointer/index.js:54:47)
      at Object.pointer 
(node_modules/@testing-library/user-event/dist/cjs/pointer/index.js:27:9)
      at Object.<anonymous> (src/workflow/__tests__/workflow.test.tsx:234:9)

    console.error
      Warning: An update to WorkflowPage inside a test was not wrapped in 
act(...).
      
      When testing, code that causes React state updates should be wrapped 
into act(...):
      
      act(() => {
        /* fire events that update state */
      });
      /* assert on the output */
      
      This ensures that you're testing the behavior the user would see in the 
browser. Learn more at https://reactjs.org/link/wrap-tests-with-act
          at WorkflowPage (C:\Users\samhe\OneDrive\Desktop\Cleaned\frontend\src
\workflow\WorkflowPage\WorkflowPage.tsx:55:51)
          at basenameProp (C:\Users\samhe\OneDrive\Desktop\Cleaned\frontend\nod
e_modules\react-router\lib\components.tsx:421:13)
          at basename (C:\Users\samhe\OneDrive\Desktop\Cleaned\frontend\node_mo
dules\react-router\lib\components.tsx:225:3)

      at printWarning 
(node_modules/react-dom/cjs/react-dom.development.js:86:30)
      at error (node_modules/react-dom/cjs/react-dom.development.js:60:7)
      at warnIfUpdatesNotWrappedWithActDEV 
(node_modules/react-dom/cjs/react-dom.development.js:27628:9)
      at scheduleUpdateOnFiber 
(node_modules/react-dom/cjs/react-dom.development.js:25547:5)
      at dispatchSetState 
(node_modules/react-dom/cjs/react-dom.development.js:16708:7)

    console.error
      Warning: An update to WorkflowPage inside a test was not wrapped in 
act(...).
      
      When testing, code that causes React state updates should be wrapped 
into act(...):
      
      act(() => {
        /* fire events that update state */
      });
      /* assert on the output */
      
      This ensures that you're testing the behavior the user would see in the 
browser. Learn more at https://reactjs.org/link/wrap-tests-with-act
          at WorkflowPage (C:\Users\samhe\OneDrive\Desktop\Cleaned\frontend\src
\workflow\WorkflowPage\WorkflowPage.tsx:55:51)
          at basenameProp (C:\Users\samhe\OneDrive\Desktop\Cleaned\frontend\nod
e_modules\react-router\lib\components.tsx:421:13)
          at basename (C:\Users\samhe\OneDrive\Desktop\Cleaned\frontend\node_mo
dules\react-router\lib\components.tsx:225:3)

      76 |
      77 |     function openAssignModal(sub: WorkflowSubmission) {
    > 78 |         setAssignTarget(sub)
         |         ^
      79 |         setAssignTo(null)
      80 |         setAssignNotes('')
      81 |         if (underwriters.length === 0) {

      at printWarning 
(node_modules/react-dom/cjs/react-dom.development.js:86:30)
      at error (node_modules/react-dom/cjs/react-dom.development.js:60:7)
      at warnIfUpdatesNotWrappedWithActDEV 
(node_modules/react-dom/cjs/react-dom.development.js:27628:9)
      at scheduleUpdateOnFiber 
(node_modules/react-dom/cjs/react-dom.development.js:25547:5)
      at dispatchSetState 
(node_modules/react-dom/cjs/react-dom.development.js:16708:7)
      at openAssignModal (src/workflow/WorkflowPage/WorkflowPage.tsx:78:9)
      at onClick (src/workflow/WorkflowPage/WorkflowPage.tsx:191:40)
      at HTMLUnknownElement.callCallback 
(node_modules/react-dom/cjs/react-dom.development.js:4164:14)
      at HTMLUnknownElement.callTheUserObjectsOperation 
(node_modules/jsdom/lib/jsdom/living/generated/EventListener.js:26:30)
      at innerInvokeEventListeners 
(node_modules/jsdom/lib/jsdom/living/events/EventTarget-impl.js:350:25)
      at invokeEventListeners 
(node_modules/jsdom/lib/jsdom/living/events/EventTarget-impl.js:286:3)
      at HTMLUnknownElementImpl._dispatch 
(node_modules/jsdom/lib/jsdom/living/events/EventTarget-impl.js:233:9)
      at HTMLUnknownElementImpl.dispatchEvent 
(node_modules/jsdom/lib/jsdom/living/events/EventTarget-impl.js:104:17)
      at HTMLUnknownElement.dispatchEvent 
(node_modules/jsdom/lib/jsdom/living/generated/EventTarget.js:241:34)
      at Object.invokeGuardedCallbackDev 
(node_modules/react-dom/cjs/react-dom.development.js:4213:16)
      at invokeGuardedCallback 
(node_modules/react-dom/cjs/react-dom.development.js:4277:31)
      at invokeGuardedCallbackAndCatchFirstError 
(node_modules/react-dom/cjs/react-dom.development.js:4291:25)
      at executeDispatch 
(node_modules/react-dom/cjs/react-dom.development.js:9041:3)
      at processDispatchQueueItemsInOrder 
(node_modules/react-dom/cjs/react-dom.development.js:9073:7)
      at processDispatchQueue 
(node_modules/react-dom/cjs/react-dom.development.js:9086:5)
      at dispatchEventsForPlugins 
(node_modules/react-dom/cjs/react-dom.development.js:9097:3)
      at node_modules/react-dom/cjs/react-dom.development.js:9288:12
      at batchedUpdates$1 
(node_modules/react-dom/cjs/react-dom.development.js:26179:12)
      at batchedUpdates 
(node_modules/react-dom/cjs/react-dom.development.js:3991:12)
      at dispatchEventForPluginEventSystem 
(node_modules/react-dom/cjs/react-dom.development.js:9287:3)
      at dispatchEventWithEnableCapturePhaseSelectiveHydrationWithoutDiscreteEv
entReplay (node_modules/react-dom/cjs/react-dom.development.js:6465:5)
      at dispatchEvent 
(node_modules/react-dom/cjs/react-dom.development.js:6457:5)
      at dispatchDiscreteEvent 
(node_modules/react-dom/cjs/react-dom.development.js:6430:5)
      at HTMLDivElement.callTheUserObjectsOperation 
(node_modules/jsdom/lib/jsdom/living/generated/EventListener.js:26:30)
      at innerInvokeEventListeners 
(node_modules/jsdom/lib/jsdom/living/events/EventTarget-impl.js:350:25)
      at invokeEventListeners 
(node_modules/jsdom/lib/jsdom/living/events/EventTarget-impl.js:286:3)
      at HTMLButtonElementImpl._dispatch 
(node_modules/jsdom/lib/jsdom/living/events/EventTarget-impl.js:233:9)
      at HTMLButtonElementImpl.dispatchEvent 
(node_modules/jsdom/lib/jsdom/living/events/EventTarget-impl.js:104:17)
      at HTMLButtonElement.dispatchEvent 
(node_modules/jsdom/lib/jsdom/living/generated/EventTarget.js:241:34)
      at 
node_modules/@testing-library/user-event/dist/cjs/event/dispatchEvent.js:45:43
      at Object.eventWrapper 
(node_modules/@testing-library/dom/dist/config.js:25:23)
      at Object.wrapEvent 
(node_modules/@testing-library/user-event/dist/cjs/event/wrapEvent.js:6:28)
      at Object.dispatchEvent (node_modules/@testing-library/user-event/dist/cj
s/event/dispatchEvent.js:45:22)
      at Object.dispatchUIEvent (node_modules/@testing-library/user-event/dist/
cjs/event/dispatchEvent.js:22:26)
      at Mouse.up (node_modules/@testing-library/user-event/dist/cjs/system/poi
nter/mouse.js:100:30)
      at PointerHost.release (node_modules/@testing-library/user-event/dist/cjs
/system/pointer/index.js:87:24)
      at pointerAction 
(node_modules/@testing-library/user-event/dist/cjs/pointer/index.js:54:47)
      at Object.pointer 
(node_modules/@testing-library/user-event/dist/cjs/pointer/index.js:27:9)
      at Object.<anonymous> (src/workflow/__tests__/workflow.test.tsx:243:9)

    console.error
      Warning: An update to WorkflowPage inside a test was not wrapped in 
act(...).
      
      When testing, code that causes React state updates should be wrapped 
into act(...):
      
      act(() => {
        /* fire events that update state */
      });
      /* assert on the output */
      
      This ensures that you're testing the behavior the user would see in the 
browser. Learn more at https://reactjs.org/link/wrap-tests-with-act
          at WorkflowPage (C:\Users\samhe\OneDrive\Desktop\Cleaned\frontend\src
\workflow\WorkflowPage\WorkflowPage.tsx:55:51)
          at basenameProp (C:\Users\samhe\OneDrive\Desktop\Cleaned\frontend\nod
e_modules\react-router\lib\components.tsx:421:13)
          at basename (C:\Users\samhe\OneDrive\Desktop\Cleaned\frontend\node_mo
dules\react-router\lib\components.tsx:225:3)

      77 |     function openAssignModal(sub: WorkflowSubmission) {
      78 |         setAssignTarget(sub)
    > 79 |         setAssignTo(null)
         |         ^
      80 |         setAssignNotes('')
      81 |         if (underwriters.length === 0) {
      82 |             getUnderwriters()

      at printWarning 
(node_modules/react-dom/cjs/react-dom.development.js:86:30)
      at error (node_modules/react-dom/cjs/react-dom.development.js:60:7)
      at warnIfUpdatesNotWrappedWithActDEV 
(node_modules/react-dom/cjs/react-dom.development.js:27628:9)
      at scheduleUpdateOnFiber 
(node_modules/react-dom/cjs/react-dom.development.js:25547:5)
      at dispatchSetState 
(node_modules/react-dom/cjs/react-dom.development.js:16708:7)
      at openAssignModal (src/workflow/WorkflowPage/WorkflowPage.tsx:79:9)
      at onClick (src/workflow/WorkflowPage/WorkflowPage.tsx:191:40)
      at HTMLUnknownElement.callCallback 
(node_modules/react-dom/cjs/react-dom.development.js:4164:14)
      at HTMLUnknownElement.callTheUserObjectsOperation 
(node_modules/jsdom/lib/jsdom/living/generated/EventListener.js:26:30)
      at innerInvokeEventListeners 
(node_modules/jsdom/lib/jsdom/living/events/EventTarget-impl.js:350:25)
      at invokeEventListeners 
(node_modules/jsdom/lib/jsdom/living/events/EventTarget-impl.js:286:3)
      at HTMLUnknownElementImpl._dispatch 
(node_modules/jsdom/lib/jsdom/living/events/EventTarget-impl.js:233:9)
      at HTMLUnknownElementImpl.dispatchEvent 
(node_modules/jsdom/lib/jsdom/living/events/EventTarget-impl.js:104:17)
      at HTMLUnknownElement.dispatchEvent 
(node_modules/jsdom/lib/jsdom/living/generated/EventTarget.js:241:34)
      at Object.invokeGuardedCallbackDev 
(node_modules/react-dom/cjs/react-dom.development.js:4213:16)
      at invokeGuardedCallback 
(node_modules/react-dom/cjs/react-dom.development.js:4277:31)
      at invokeGuardedCallbackAndCatchFirstError 
(node_modules/react-dom/cjs/react-dom.development.js:4291:25)
      at executeDispatch 
(node_modules/react-dom/cjs/react-dom.development.js:9041:3)
      at processDispatchQueueItemsInOrder 
(node_modules/react-dom/cjs/react-dom.development.js:9073:7)
      at processDispatchQueue 
(node_modules/react-dom/cjs/react-dom.development.js:9086:5)
      at dispatchEventsForPlugins 
(node_modules/react-dom/cjs/react-dom.development.js:9097:3)
      at node_modules/react-dom/cjs/react-dom.development.js:9288:12
      at batchedUpdates$1 
(node_modules/react-dom/cjs/react-dom.development.js:26179:12)
      at batchedUpdates 
(node_modules/react-dom/cjs/react-dom.development.js:3991:12)
      at dispatchEventForPluginEventSystem 
(node_modules/react-dom/cjs/react-dom.development.js:9287:3)
      at dispatchEventWithEnableCapturePhaseSelectiveHydrationWithoutDiscreteEv
entReplay (node_modules/react-dom/cjs/react-dom.development.js:6465:5)
      at dispatchEvent 
(node_modules/react-dom/cjs/react-dom.development.js:6457:5)
      at dispatchDiscreteEvent 
(node_modules/react-dom/cjs/react-dom.development.js:6430:5)
      at HTMLDivElement.callTheUserObjectsOperation 
(node_modules/jsdom/lib/jsdom/living/generated/EventListener.js:26:30)
      at innerInvokeEventListeners 
(node_modules/jsdom/lib/jsdom/living/events/EventTarget-impl.js:350:25)
      at invokeEventListeners 
(node_modules/jsdom/lib/jsdom/living/events/EventTarget-impl.js:286:3)
      at HTMLButtonElementImpl._dispatch 
(node_modules/jsdom/lib/jsdom/living/events/EventTarget-impl.js:233:9)
      at HTMLButtonElementImpl.dispatchEvent 
(node_modules/jsdom/lib/jsdom/living/events/EventTarget-impl.js:104:17)
      at HTMLButtonElement.dispatchEvent 
(node_modules/jsdom/lib/jsdom/living/generated/EventTarget.js:241:34)
      at 
node_modules/@testing-library/user-event/dist/cjs/event/dispatchEvent.js:45:43
      at Object.eventWrapper 
(node_modules/@testing-library/dom/dist/config.js:25:23)
      at Object.wrapEvent 
(node_modules/@testing-library/user-event/dist/cjs/event/wrapEvent.js:6:28)
      at Object.dispatchEvent (node_modules/@testing-library/user-event/dist/cj
s/event/dispatchEvent.js:45:22)
      at Object.dispatchUIEvent (node_modules/@testing-library/user-event/dist/
cjs/event/dispatchEvent.js:22:26)
      at Mouse.up (node_modules/@testing-library/user-event/dist/cjs/system/poi
nter/mouse.js:100:30)
      at PointerHost.release (node_modules/@testing-library/user-event/dist/cjs
/system/pointer/index.js:87:24)
      at pointerAction 
(node_modules/@testing-library/user-event/dist/cjs/pointer/index.js:54:47)
      at Object.pointer 
(node_modules/@testing-library/user-event/dist/cjs/pointer/index.js:27:9)
      at Object.<anonymous> (src/workflow/__tests__/workflow.test.tsx:243:9)

    console.error
      Warning: An update to WorkflowPage inside a test was not wrapped in 
act(...).
      
      When testing, code that causes React state updates should be wrapped 
into act(...):
      
      act(() => {
        /* fire events that update state */
      });
      /* assert on the output */
      
      This ensures that you're testing the behavior the user would see in the 
browser. Learn more at https://reactjs.org/link/wrap-tests-with-act
          at WorkflowPage (C:\Users\samhe\OneDrive\Desktop\Cleaned\frontend\src
\workflow\WorkflowPage\WorkflowPage.tsx:55:51)
          at basenameProp (C:\Users\samhe\OneDrive\Desktop\Cleaned\frontend\nod
e_modules\react-router\lib\components.tsx:421:13)
          at basename (C:\Users\samhe\OneDrive\Desktop\Cleaned\frontend\node_mo
dules\react-router\lib\components.tsx:225:3)

      78 |         setAssignTarget(sub)
      79 |         setAssignTo(null)
    > 80 |         setAssignNotes('')
         |         ^
      81 |         if (underwriters.length === 0) {
      82 |             getUnderwriters()
      83 |                 .then(setUnderwriters)

      at printWarning 
(node_modules/react-dom/cjs/react-dom.development.js:86:30)
      at error (node_modules/react-dom/cjs/react-dom.development.js:60:7)
      at warnIfUpdatesNotWrappedWithActDEV 
(node_modules/react-dom/cjs/react-dom.development.js:27628:9)
      at scheduleUpdateOnFiber 
(node_modules/react-dom/cjs/react-dom.development.js:25547:5)
      at dispatchSetState 
(node_modules/react-dom/cjs/react-dom.development.js:16708:7)
      at openAssignModal (src/workflow/WorkflowPage/WorkflowPage.tsx:80:9)
      at onClick (src/workflow/WorkflowPage/WorkflowPage.tsx:191:40)
      at HTMLUnknownElement.callCallback 
(node_modules/react-dom/cjs/react-dom.development.js:4164:14)
      at HTMLUnknownElement.callTheUserObjectsOperation 
(node_modules/jsdom/lib/jsdom/living/generated/EventListener.js:26:30)
      at innerInvokeEventListeners 
(node_modules/jsdom/lib/jsdom/living/events/EventTarget-impl.js:350:25)
      at invokeEventListeners 
(node_modules/jsdom/lib/jsdom/living/events/EventTarget-impl.js:286:3)
      at HTMLUnknownElementImpl._dispatch 
(node_modules/jsdom/lib/jsdom/living/events/EventTarget-impl.js:233:9)
      at HTMLUnknownElementImpl.dispatchEvent 
(node_modules/jsdom/lib/jsdom/living/events/EventTarget-impl.js:104:17)
      at HTMLUnknownElement.dispatchEvent 
(node_modules/jsdom/lib/jsdom/living/generated/EventTarget.js:241:34)
      at Object.invokeGuardedCallbackDev 
(node_modules/react-dom/cjs/react-dom.development.js:4213:16)
      at invokeGuardedCallback 
(node_modules/react-dom/cjs/react-dom.development.js:4277:31)
      at invokeGuardedCallbackAndCatchFirstError 
(node_modules/react-dom/cjs/react-dom.development.js:4291:25)
      at executeDispatch 
(node_modules/react-dom/cjs/react-dom.development.js:9041:3)
      at processDispatchQueueItemsInOrder 
(node_modules/react-dom/cjs/react-dom.development.js:9073:7)
      at processDispatchQueue 
(node_modules/react-dom/cjs/react-dom.development.js:9086:5)
      at dispatchEventsForPlugins 
(node_modules/react-dom/cjs/react-dom.development.js:9097:3)
      at node_modules/react-dom/cjs/react-dom.development.js:9288:12
      at batchedUpdates$1 
(node_modules/react-dom/cjs/react-dom.development.js:26179:12)
      at batchedUpdates 
(node_modules/react-dom/cjs/react-dom.development.js:3991:12)
      at dispatchEventForPluginEventSystem 
(node_modules/react-dom/cjs/react-dom.development.js:9287:3)
      at dispatchEventWithEnableCapturePhaseSelectiveHydrationWithoutDiscreteEv
entReplay (node_modules/react-dom/cjs/react-dom.development.js:6465:5)
      at dispatchEvent 
(node_modules/react-dom/cjs/react-dom.development.js:6457:5)
      at dispatchDiscreteEvent 
(node_modules/react-dom/cjs/react-dom.development.js:6430:5)
      at HTMLDivElement.callTheUserObjectsOperation 
(node_modules/jsdom/lib/jsdom/living/generated/EventListener.js:26:30)
      at innerInvokeEventListeners 
(node_modules/jsdom/lib/jsdom/living/events/EventTarget-impl.js:350:25)
      at invokeEventListeners 
(node_modules/jsdom/lib/jsdom/living/events/EventTarget-impl.js:286:3)
      at HTMLButtonElementImpl._dispatch 
(node_modules/jsdom/lib/jsdom/living/events/EventTarget-impl.js:233:9)
      at HTMLButtonElementImpl.dispatchEvent 
(node_modules/jsdom/lib/jsdom/living/events/EventTarget-impl.js:104:17)
      at HTMLButtonElement.dispatchEvent 
(node_modules/jsdom/lib/jsdom/living/generated/EventTarget.js:241:34)
      at 
node_modules/@testing-library/user-event/dist/cjs/event/dispatchEvent.js:45:43
      at Object.eventWrapper 
(node_modules/@testing-library/dom/dist/config.js:25:23)
      at Object.wrapEvent 
(node_modules/@testing-library/user-event/dist/cjs/event/wrapEvent.js:6:28)
      at Object.dispatchEvent (node_modules/@testing-library/user-event/dist/cj
s/event/dispatchEvent.js:45:22)
      at Object.dispatchUIEvent (node_modules/@testing-library/user-event/dist/
cjs/event/dispatchEvent.js:22:26)
      at Mouse.up (node_modules/@testing-library/user-event/dist/cjs/system/poi
nter/mouse.js:100:30)
      at PointerHost.release (node_modules/@testing-library/user-event/dist/cjs
/system/pointer/index.js:87:24)
      at pointerAction 
(node_modules/@testing-library/user-event/dist/cjs/pointer/index.js:54:47)
      at Object.pointer 
(node_modules/@testing-library/user-event/dist/cjs/pointer/index.js:27:9)
      at Object.<anonymous> (src/workflow/__tests__/workflow.test.tsx:243:9)

    console.error
      Warning: An update to WorkflowPage inside a test was not wrapped in 
act(...).
      
      When testing, code that causes React state updates should be wrapped 
into act(...):
      
      act(() => {
        /* fire events that update state */
      });
      /* assert on the output */
      
      This ensures that you're testing the behavior the user would see in the 
browser. Learn more at https://reactjs.org/link/wrap-tests-with-act
          at WorkflowPage (C:\Users\samhe\OneDrive\Desktop\Cleaned\frontend\src
\workflow\WorkflowPage\WorkflowPage.tsx:55:51)
          at basenameProp (C:\Users\samhe\OneDrive\Desktop\Cleaned\frontend\nod
e_modules\react-router\lib\components.tsx:421:13)
          at basename (C:\Users\samhe\OneDrive\Desktop\Cleaned\frontend\node_mo
dules\react-router\lib\components.tsx:225:3)

      at printWarning 
(node_modules/react-dom/cjs/react-dom.development.js:86:30)
      at error (node_modules/react-dom/cjs/react-dom.development.js:60:7)
      at warnIfUpdatesNotWrappedWithActDEV 
(node_modules/react-dom/cjs/react-dom.development.js:27628:9)
      at scheduleUpdateOnFiber 
(node_modules/react-dom/cjs/react-dom.development.js:25547:5)
      at dispatchSetState 
(node_modules/react-dom/cjs/react-dom.development.js:16708:7)

    console.error
      Warning: An update to WorkflowPage inside a test was not wrapped in 
act(...).
      
      When testing, code that causes React state updates should be wrapped 
into act(...):
      
      act(() => {
        /* fire events that update state */
      });
      /* assert on the output */
      
      This ensures that you're testing the behavior the user would see in the 
browser. Learn more at https://reactjs.org/link/wrap-tests-with-act
          at WorkflowPage (C:\Users\samhe\OneDrive\Desktop\Cleaned\frontend\src
\workflow\WorkflowPage\WorkflowPage.tsx:55:51)
          at basenameProp (C:\Users\samhe\OneDrive\Desktop\Cleaned\frontend\nod
e_modules\react-router\lib\components.tsx:421:13)
          at basename (C:\Users\samhe\OneDrive\Desktop\Cleaned\frontend\node_mo
dules\react-router\lib\components.tsx:225:3)

      318 |                             <button
      319 |                                 type="button"
    > 320 |                                 onClick={() => 
setAssignTarget(null)}
          |                                                ^
      321 |                                 className="px-4 py-2 bg-white 
border border-gray-300 text-gray-700 rounded-lg text-sm font-medium 
hover:bg-gray-100"
      322 |                             >
      323 |                                 Cancel

      at printWarning 
(node_modules/react-dom/cjs/react-dom.development.js:86:30)
      at error (node_modules/react-dom/cjs/react-dom.development.js:60:7)
      at warnIfUpdatesNotWrappedWithActDEV 
(node_modules/react-dom/cjs/react-dom.development.js:27628:9)
      at scheduleUpdateOnFiber 
(node_modules/react-dom/cjs/react-dom.development.js:25547:5)
      at dispatchSetState 
(node_modules/react-dom/cjs/react-dom.development.js:16708:7)
      at onClick (src/workflow/WorkflowPage/WorkflowPage.tsx:320:48)
      at HTMLUnknownElement.callCallback 
(node_modules/react-dom/cjs/react-dom.development.js:4164:14)
      at HTMLUnknownElement.callTheUserObjectsOperation 
(node_modules/jsdom/lib/jsdom/living/generated/EventListener.js:26:30)
      at innerInvokeEventListeners 
(node_modules/jsdom/lib/jsdom/living/events/EventTarget-impl.js:350:25)
      at invokeEventListeners 
(node_modules/jsdom/lib/jsdom/living/events/EventTarget-impl.js:286:3)
      at HTMLUnknownElementImpl._dispatch 
(node_modules/jsdom/lib/jsdom/living/events/EventTarget-impl.js:233:9)
      at HTMLUnknownElementImpl.dispatchEvent 
(node_modules/jsdom/lib/jsdom/living/events/EventTarget-impl.js:104:17)
      at HTMLUnknownElement.dispatchEvent 
(node_modules/jsdom/lib/jsdom/living/generated/EventTarget.js:241:34)
      at Object.invokeGuardedCallbackDev 
(node_modules/react-dom/cjs/react-dom.development.js:4213:16)
      at invokeGuardedCallback 
(node_modules/react-dom/cjs/react-dom.development.js:4277:31)
      at invokeGuardedCallbackAndCatchFirstError 
(node_modules/react-dom/cjs/react-dom.development.js:4291:25)
      at executeDispatch 
(node_modules/react-dom/cjs/react-dom.development.js:9041:3)
      at processDispatchQueueItemsInOrder 
(node_modules/react-dom/cjs/react-dom.development.js:9073:7)
      at processDispatchQueue 
(node_modules/react-dom/cjs/react-dom.development.js:9086:5)
      at dispatchEventsForPlugins 
(node_modules/react-dom/cjs/react-dom.development.js:9097:3)
      at node_modules/react-dom/cjs/react-dom.development.js:9288:12
      at batchedUpdates$1 
(node_modules/react-dom/cjs/react-dom.development.js:26179:12)
      at batchedUpdates 
(node_modules/react-dom/cjs/react-dom.development.js:3991:12)
      at dispatchEventForPluginEventSystem 
(node_modules/react-dom/cjs/react-dom.development.js:9287:3)
      at dispatchEventWithEnableCapturePhaseSelectiveHydrationWithoutDiscreteEv
entReplay (node_modules/react-dom/cjs/react-dom.development.js:6465:5)
      at dispatchEvent 
(node_modules/react-dom/cjs/react-dom.development.js:6457:5)
      at dispatchDiscreteEvent 
(node_modules/react-dom/cjs/react-dom.development.js:6430:5)
      at HTMLDivElement.callTheUserObjectsOperation 
(node_modules/jsdom/lib/jsdom/living/generated/EventListener.js:26:30)
      at innerInvokeEventListeners 
(node_modules/jsdom/lib/jsdom/living/events/EventTarget-impl.js:350:25)
      at invokeEventListeners 
(node_modules/jsdom/lib/jsdom/living/events/EventTarget-impl.js:286:3)
      at HTMLButtonElementImpl._dispatch 
(node_modules/jsdom/lib/jsdom/living/events/EventTarget-impl.js:233:9)
      at HTMLButtonElementImpl.dispatchEvent 
(node_modules/jsdom/lib/jsdom/living/events/EventTarget-impl.js:104:17)
      at HTMLButtonElement.dispatchEvent 
(node_modules/jsdom/lib/jsdom/living/generated/EventTarget.js:241:34)
      at 
node_modules/@testing-library/user-event/dist/cjs/event/dispatchEvent.js:45:43
      at Object.eventWrapper 
(node_modules/@testing-library/dom/dist/config.js:25:23)
      at Object.wrapEvent 
(node_modules/@testing-library/user-event/dist/cjs/event/wrapEvent.js:6:28)
      at Object.dispatchEvent (node_modules/@testing-library/user-event/dist/cj
s/event/dispatchEvent.js:45:22)
      at Object.dispatchUIEvent (node_modules/@testing-library/user-event/dist/
cjs/event/dispatchEvent.js:22:26)
      at Mouse.up (node_modules/@testing-library/user-event/dist/cjs/system/poi
nter/mouse.js:100:30)
      at PointerHost.release (node_modules/@testing-library/user-event/dist/cjs
/system/pointer/index.js:87:24)
      at pointerAction 
(node_modules/@testing-library/user-event/dist/cjs/pointer/index.js:54:47)
      at Object.pointer 
(node_modules/@testing-library/user-event/dist/cjs/pointer/index.js:27:9)
      at Object.<anonymous> (src/workflow/__tests__/workflow.test.tsx:245:9)

    console.error
      Warning: An update to WorkflowPage inside a test was not wrapped in 
act(...).
      
      When testing, code that causes React state updates should be wrapped 
into act(...):
      
      act(() => {
        /* fire events that update state */
      });
      /* assert on the output */
      
      This ensures that you're testing the behavior the user would see in the 
browser. Learn more at https://reactjs.org/link/wrap-tests-with-act
          at WorkflowPage (C:\Users\samhe\OneDrive\Desktop\Cleaned\frontend\src
\workflow\WorkflowPage\WorkflowPage.tsx:55:51)
          at basenameProp (C:\Users\samhe\OneDrive\Desktop\Cleaned\frontend\nod
e_modules\react-router\lib\components.tsx:421:13)
          at basename (C:\Users\samhe\OneDrive\Desktop\Cleaned\frontend\node_mo
dules\react-router\lib\components.tsx:225:3)

      76 |
      77 |     function openAssignModal(sub: WorkflowSubmission) {
    > 78 |         setAssignTarget(sub)
         |         ^
      79 |         setAssignTo(null)
      80 |         setAssignNotes('')
      81 |         if (underwriters.length === 0) {

      at printWarning 
(node_modules/react-dom/cjs/react-dom.development.js:86:30)
      at error (node_modules/react-dom/cjs/react-dom.development.js:60:7)
      at warnIfUpdatesNotWrappedWithActDEV 
(node_modules/react-dom/cjs/react-dom.development.js:27628:9)
      at scheduleUpdateOnFiber 
(node_modules/react-dom/cjs/react-dom.development.js:25547:5)
      at dispatchSetState 
(node_modules/react-dom/cjs/react-dom.development.js:16708:7)
      at openAssignModal (src/workflow/WorkflowPage/WorkflowPage.tsx:78:9)
      at onClick (src/workflow/WorkflowPage/WorkflowPage.tsx:191:40)
      at HTMLUnknownElement.callCallback 
(node_modules/react-dom/cjs/react-dom.development.js:4164:14)
      at HTMLUnknownElement.callTheUserObjectsOperation 
(node_modules/jsdom/lib/jsdom/living/generated/EventListener.js:26:30)
      at innerInvokeEventListeners 
(node_modules/jsdom/lib/jsdom/living/events/EventTarget-impl.js:350:25)
      at invokeEventListeners 
(node_modules/jsdom/lib/jsdom/living/events/EventTarget-impl.js:286:3)
      at HTMLUnknownElementImpl._dispatch 
(node_modules/jsdom/lib/jsdom/living/events/EventTarget-impl.js:233:9)
      at HTMLUnknownElementImpl.dispatchEvent 
(node_modules/jsdom/lib/jsdom/living/events/EventTarget-impl.js:104:17)
      at HTMLUnknownElement.dispatchEvent 
(node_modules/jsdom/lib/jsdom/living/generated/EventTarget.js:241:34)
      at Object.invokeGuardedCallbackDev 
(node_modules/react-dom/cjs/react-dom.development.js:4213:16)
      at invokeGuardedCallback 
(node_modules/react-dom/cjs/react-dom.development.js:4277:31)
      at invokeGuardedCallbackAndCatchFirstError 
(node_modules/react-dom/cjs/react-dom.development.js:4291:25)
      at executeDispatch 
(node_modules/react-dom/cjs/react-dom.development.js:9041:3)
      at processDispatchQueueItemsInOrder 
(node_modules/react-dom/cjs/react-dom.development.js:9073:7)
      at processDispatchQueue 
(node_modules/react-dom/cjs/react-dom.development.js:9086:5)
      at dispatchEventsForPlugins 
(node_modules/react-dom/cjs/react-dom.development.js:9097:3)
      at node_modules/react-dom/cjs/react-dom.development.js:9288:12
      at batchedUpdates$1 
(node_modules/react-dom/cjs/react-dom.development.js:26179:12)
      at batchedUpdates 
(node_modules/react-dom/cjs/react-dom.development.js:3991:12)
      at dispatchEventForPluginEventSystem 
(node_modules/react-dom/cjs/react-dom.development.js:9287:3)
      at dispatchEventWithEnableCapturePhaseSelectiveHydrationWithoutDiscreteEv
entReplay (node_modules/react-dom/cjs/react-dom.development.js:6465:5)
      at dispatchEvent 
(node_modules/react-dom/cjs/react-dom.development.js:6457:5)
      at dispatchDiscreteEvent 
(node_modules/react-dom/cjs/react-dom.development.js:6430:5)
      at HTMLDivElement.callTheUserObjectsOperation 
(node_modules/jsdom/lib/jsdom/living/generated/EventListener.js:26:30)
      at innerInvokeEventListeners 
(node_modules/jsdom/lib/jsdom/living/events/EventTarget-impl.js:350:25)
      at invokeEventListeners 
(node_modules/jsdom/lib/jsdom/living/events/EventTarget-impl.js:286:3)
      at HTMLButtonElementImpl._dispatch 
(node_modules/jsdom/lib/jsdom/living/events/EventTarget-impl.js:233:9)
      at HTMLButtonElementImpl.dispatchEvent 
(node_modules/jsdom/lib/jsdom/living/events/EventTarget-impl.js:104:17)
      at HTMLButtonElement.dispatchEvent 
(node_modules/jsdom/lib/jsdom/living/generated/EventTarget.js:241:34)
      at 
node_modules/@testing-library/user-event/dist/cjs/event/dispatchEvent.js:45:43
      at Object.eventWrapper 
(node_modules/@testing-library/dom/dist/config.js:25:23)
      at Object.wrapEvent 
(node_modules/@testing-library/user-event/dist/cjs/event/wrapEvent.js:6:28)
      at Object.dispatchEvent (node_modules/@testing-library/user-event/dist/cj
s/event/dispatchEvent.js:45:22)
      at Object.dispatchUIEvent (node_modules/@testing-library/user-event/dist/
cjs/event/dispatchEvent.js:22:26)
      at Mouse.up (node_modules/@testing-library/user-event/dist/cjs/system/poi
nter/mouse.js:100:30)
      at PointerHost.release (node_modules/@testing-library/user-event/dist/cjs
/system/pointer/index.js:87:24)
      at pointerAction 
(node_modules/@testing-library/user-event/dist/cjs/pointer/index.js:54:47)
      at Object.pointer 
(node_modules/@testing-library/user-event/dist/cjs/pointer/index.js:27:9)
      at Object.<anonymous> (src/workflow/__tests__/workflow.test.tsx:253:9)

    console.error
      Warning: An update to WorkflowPage inside a test was not wrapped in 
act(...).
      
      When testing, code that causes React state updates should be wrapped 
into act(...):
      
      act(() => {
        /* fire events that update state */
      });
      /* assert on the output */
      
      This ensures that you're testing the behavior the user would see in the 
browser. Learn more at https://reactjs.org/link/wrap-tests-with-act
          at WorkflowPage (C:\Users\samhe\OneDrive\Desktop\Cleaned\frontend\src
\workflow\WorkflowPage\WorkflowPage.tsx:55:51)
          at basenameProp (C:\Users\samhe\OneDrive\Desktop\Cleaned\frontend\nod
e_modules\react-router\lib\components.tsx:421:13)
          at basename (C:\Users\samhe\OneDrive\Desktop\Cleaned\frontend\node_mo
dules\react-router\lib\components.tsx:225:3)

      77 |     function openAssignModal(sub: WorkflowSubmission) {
      78 |         setAssignTarget(sub)
    > 79 |         setAssignTo(null)
         |         ^
      80 |         setAssignNotes('')
      81 |         if (underwriters.length === 0) {
      82 |             getUnderwriters()

      at printWarning 
(node_modules/react-dom/cjs/react-dom.development.js:86:30)
      at error (node_modules/react-dom/cjs/react-dom.development.js:60:7)
      at warnIfUpdatesNotWrappedWithActDEV 
(node_modules/react-dom/cjs/react-dom.development.js:27628:9)
      at scheduleUpdateOnFiber 
(node_modules/react-dom/cjs/react-dom.development.js:25547:5)
      at dispatchSetState 
(node_modules/react-dom/cjs/react-dom.development.js:16708:7)
      at openAssignModal (src/workflow/WorkflowPage/WorkflowPage.tsx:79:9)
      at onClick (src/workflow/WorkflowPage/WorkflowPage.tsx:191:40)
      at HTMLUnknownElement.callCallback 
(node_modules/react-dom/cjs/react-dom.development.js:4164:14)
      at HTMLUnknownElement.callTheUserObjectsOperation 
(node_modules/jsdom/lib/jsdom/living/generated/EventListener.js:26:30)
      at innerInvokeEventListeners 
(node_modules/jsdom/lib/jsdom/living/events/EventTarget-impl.js:350:25)
      at invokeEventListeners 
(node_modules/jsdom/lib/jsdom/living/events/EventTarget-impl.js:286:3)
      at HTMLUnknownElementImpl._dispatch 
(node_modules/jsdom/lib/jsdom/living/events/EventTarget-impl.js:233:9)
      at HTMLUnknownElementImpl.dispatchEvent 
(node_modules/jsdom/lib/jsdom/living/events/EventTarget-impl.js:104:17)
      at HTMLUnknownElement.dispatchEvent 
(node_modules/jsdom/lib/jsdom/living/generated/EventTarget.js:241:34)
      at Object.invokeGuardedCallbackDev 
(node_modules/react-dom/cjs/react-dom.development.js:4213:16)
      at invokeGuardedCallback 
(node_modules/react-dom/cjs/react-dom.development.js:4277:31)
      at invokeGuardedCallbackAndCatchFirstError 
(node_modules/react-dom/cjs/react-dom.development.js:4291:25)
      at executeDispatch 
(node_modules/react-dom/cjs/react-dom.development.js:9041:3)
      at processDispatchQueueItemsInOrder 
(node_modules/react-dom/cjs/react-dom.development.js:9073:7)
      at processDispatchQueue 
(node_modules/react-dom/cjs/react-dom.development.js:9086:5)
      at dispatchEventsForPlugins 
(node_modules/react-dom/cjs/react-dom.development.js:9097:3)
      at node_modules/react-dom/cjs/react-dom.development.js:9288:12
      at batchedUpdates$1 
(node_modules/react-dom/cjs/react-dom.development.js:26179:12)
      at batchedUpdates 
(node_modules/react-dom/cjs/react-dom.development.js:3991:12)
      at dispatchEventForPluginEventSystem 
(node_modules/react-dom/cjs/react-dom.development.js:9287:3)
      at dispatchEventWithEnableCapturePhaseSelectiveHydrationWithoutDiscreteEv
entReplay (node_modules/react-dom/cjs/react-dom.development.js:6465:5)
      at dispatchEvent 
(node_modules/react-dom/cjs/react-dom.development.js:6457:5)
      at dispatchDiscreteEvent 
(node_modules/react-dom/cjs/react-dom.development.js:6430:5)
      at HTMLDivElement.callTheUserObjectsOperation 
(node_modules/jsdom/lib/jsdom/living/generated/EventListener.js:26:30)
      at innerInvokeEventListeners 
(node_modules/jsdom/lib/jsdom/living/events/EventTarget-impl.js:350:25)
      at invokeEventListeners 
(node_modules/jsdom/lib/jsdom/living/events/EventTarget-impl.js:286:3)
      at HTMLButtonElementImpl._dispatch 
(node_modules/jsdom/lib/jsdom/living/events/EventTarget-impl.js:233:9)
      at HTMLButtonElementImpl.dispatchEvent 
(node_modules/jsdom/lib/jsdom/living/events/EventTarget-impl.js:104:17)
      at HTMLButtonElement.dispatchEvent 
(node_modules/jsdom/lib/jsdom/living/generated/EventTarget.js:241:34)
      at 
node_modules/@testing-library/user-event/dist/cjs/event/dispatchEvent.js:45:43
      at Object.eventWrapper 
(node_modules/@testing-library/dom/dist/config.js:25:23)
      at Object.wrapEvent 
(node_modules/@testing-library/user-event/dist/cjs/event/wrapEvent.js:6:28)
      at Object.dispatchEvent (node_modules/@testing-library/user-event/dist/cj
s/event/dispatchEvent.js:45:22)
      at Object.dispatchUIEvent (node_modules/@testing-library/user-event/dist/
cjs/event/dispatchEvent.js:22:26)
      at Mouse.up (node_modules/@testing-library/user-event/dist/cjs/system/poi
nter/mouse.js:100:30)
      at PointerHost.release (node_modules/@testing-library/user-event/dist/cjs
/system/pointer/index.js:87:24)
      at pointerAction 
(node_modules/@testing-library/user-event/dist/cjs/pointer/index.js:54:47)
      at Object.pointer 
(node_modules/@testing-library/user-event/dist/cjs/pointer/index.js:27:9)
      at Object.<anonymous> (src/workflow/__tests__/workflow.test.tsx:253:9)

    console.error
      Warning: An update to WorkflowPage inside a test was not wrapped in 
act(...).
      
      When testing, code that causes React state updates should be wrapped 
into act(...):
      
      act(() => {
        /* fire events that update state */
      });
      /* assert on the output */
      
      This ensures that you're testing the behavior the user would see in the 
browser. Learn more at https://reactjs.org/link/wrap-tests-with-act
          at WorkflowPage (C:\Users\samhe\OneDrive\Desktop\Cleaned\frontend\src
\workflow\WorkflowPage\WorkflowPage.tsx:55:51)
          at basenameProp (C:\Users\samhe\OneDrive\Desktop\Cleaned\frontend\nod
e_modules\react-router\lib\components.tsx:421:13)
          at basename (C:\Users\samhe\OneDrive\Desktop\Cleaned\frontend\node_mo
dules\react-router\lib\components.tsx:225:3)

      78 |         setAssignTarget(sub)
      79 |         setAssignTo(null)
    > 80 |         setAssignNotes('')
         |         ^
      81 |         if (underwriters.length === 0) {
      82 |             getUnderwriters()
      83 |                 .then(setUnderwriters)

      at printWarning 
(node_modules/react-dom/cjs/react-dom.development.js:86:30)
      at error (node_modules/react-dom/cjs/react-dom.development.js:60:7)
      at warnIfUpdatesNotWrappedWithActDEV 
(node_modules/react-dom/cjs/react-dom.development.js:27628:9)
      at scheduleUpdateOnFiber 
(node_modules/react-dom/cjs/react-dom.development.js:25547:5)
      at dispatchSetState 
(node_modules/react-dom/cjs/react-dom.development.js:16708:7)
      at openAssignModal (src/workflow/WorkflowPage/WorkflowPage.tsx:80:9)
      at onClick (src/workflow/WorkflowPage/WorkflowPage.tsx:191:40)
      at HTMLUnknownElement.callCallback 
(node_modules/react-dom/cjs/react-dom.development.js:4164:14)
      at HTMLUnknownElement.callTheUserObjectsOperation 
(node_modules/jsdom/lib/jsdom/living/generated/EventListener.js:26:30)
      at innerInvokeEventListeners 
(node_modules/jsdom/lib/jsdom/living/events/EventTarget-impl.js:350:25)
      at invokeEventListeners 
(node_modules/jsdom/lib/jsdom/living/events/EventTarget-impl.js:286:3)
      at HTMLUnknownElementImpl._dispatch 
(node_modules/jsdom/lib/jsdom/living/events/EventTarget-impl.js:233:9)
      at HTMLUnknownElementImpl.dispatchEvent 
(node_modules/jsdom/lib/jsdom/living/events/EventTarget-impl.js:104:17)
      at HTMLUnknownElement.dispatchEvent 
(node_modules/jsdom/lib/jsdom/living/generated/EventTarget.js:241:34)
      at Object.invokeGuardedCallbackDev 
(node_modules/react-dom/cjs/react-dom.development.js:4213:16)
      at invokeGuardedCallback 
(node_modules/react-dom/cjs/react-dom.development.js:4277:31)
      at invokeGuardedCallbackAndCatchFirstError 
(node_modules/react-dom/cjs/react-dom.development.js:4291:25)
      at executeDispatch 
(node_modules/react-dom/cjs/react-dom.development.js:9041:3)
      at processDispatchQueueItemsInOrder 
(node_modules/react-dom/cjs/react-dom.development.js:9073:7)
      at processDispatchQueue 
(node_modules/react-dom/cjs/react-dom.development.js:9086:5)
      at dispatchEventsForPlugins 
(node_modules/react-dom/cjs/react-dom.development.js:9097:3)
      at node_modules/react-dom/cjs/react-dom.development.js:9288:12
      at batchedUpdates$1 
(node_modules/react-dom/cjs/react-dom.development.js:26179:12)
      at batchedUpdates 
(node_modules/react-dom/cjs/react-dom.development.js:3991:12)
      at dispatchEventForPluginEventSystem 
(node_modules/react-dom/cjs/react-dom.development.js:9287:3)
      at dispatchEventWithEnableCapturePhaseSelectiveHydrationWithoutDiscreteEv
entReplay (node_modules/react-dom/cjs/react-dom.development.js:6465:5)
      at dispatchEvent 
(node_modules/react-dom/cjs/react-dom.development.js:6457:5)
      at dispatchDiscreteEvent 
(node_modules/react-dom/cjs/react-dom.development.js:6430:5)
      at HTMLDivElement.callTheUserObjectsOperation 
(node_modules/jsdom/lib/jsdom/living/generated/EventListener.js:26:30)
      at innerInvokeEventListeners 
(node_modules/jsdom/lib/jsdom/living/events/EventTarget-impl.js:350:25)
      at invokeEventListeners 
(node_modules/jsdom/lib/jsdom/living/events/EventTarget-impl.js:286:3)
      at HTMLButtonElementImpl._dispatch 
(node_modules/jsdom/lib/jsdom/living/events/EventTarget-impl.js:233:9)
      at HTMLButtonElementImpl.dispatchEvent 
(node_modules/jsdom/lib/jsdom/living/events/EventTarget-impl.js:104:17)
      at HTMLButtonElement.dispatchEvent 
(node_modules/jsdom/lib/jsdom/living/generated/EventTarget.js:241:34)
      at 
node_modules/@testing-library/user-event/dist/cjs/event/dispatchEvent.js:45:43
      at Object.eventWrapper 
(node_modules/@testing-library/dom/dist/config.js:25:23)
      at Object.wrapEvent 
(node_modules/@testing-library/user-event/dist/cjs/event/wrapEvent.js:6:28)
      at Object.dispatchEvent (node_modules/@testing-library/user-event/dist/cj
s/event/dispatchEvent.js:45:22)
      at Object.dispatchUIEvent (node_modules/@testing-library/user-event/dist/
cjs/event/dispatchEvent.js:22:26)
      at Mouse.up (node_modules/@testing-library/user-event/dist/cjs/system/poi
nter/mouse.js:100:30)
      at PointerHost.release (node_modules/@testing-library/user-event/dist/cjs
/system/pointer/index.js:87:24)
      at pointerAction 
(node_modules/@testing-library/user-event/dist/cjs/pointer/index.js:54:47)
      at Object.pointer 
(node_modules/@testing-library/user-event/dist/cjs/pointer/index.js:27:9)
      at Object.<anonymous> (src/workflow/__tests__/workflow.test.tsx:253:9)

    console.error
      Warning: An update to WorkflowPage inside a test was not wrapped in 
act(...).
      
      When testing, code that causes React state updates should be wrapped 
into act(...):
      
      act(() => {
        /* fire events that update state */
      });
      /* assert on the output */
      
      This ensures that you're testing the behavior the user would see in the 
browser. Learn more at https://reactjs.org/link/wrap-tests-with-act
          at WorkflowPage (C:\Users\samhe\OneDrive\Desktop\Cleaned\frontend\src
\workflow\WorkflowPage\WorkflowPage.tsx:55:51)
          at basenameProp (C:\Users\samhe\OneDrive\Desktop\Cleaned\frontend\nod
e_modules\react-router\lib\components.tsx:421:13)
          at basename (C:\Users\samhe\OneDrive\Desktop\Cleaned\frontend\node_mo
dules\react-router\lib\components.tsx:225:3)

      at printWarning 
(node_modules/react-dom/cjs/react-dom.development.js:86:30)
      at error (node_modules/react-dom/cjs/react-dom.development.js:60:7)
      at warnIfUpdatesNotWrappedWithActDEV 
(node_modules/react-dom/cjs/react-dom.development.js:27628:9)
      at scheduleUpdateOnFiber 
(node_modules/react-dom/cjs/react-dom.development.js:25547:5)
      at dispatchSetState 
(node_modules/react-dom/cjs/react-dom.development.js:16708:7)

    console.error
      Warning: An update to WorkflowPage inside a test was not wrapped in 
act(...).
      
      When testing, code that causes React state updates should be wrapped 
into act(...):
      
      act(() => {
        /* fire events that update state */
      });
      /* assert on the output */
      
      This ensures that you're testing the behavior the user would see in the 
browser. Learn more at https://reactjs.org/link/wrap-tests-with-act
          at WorkflowPage (C:\Users\samhe\OneDrive\Desktop\Cleaned\frontend\src
\workflow\WorkflowPage\WorkflowPage.tsx:55:51)
          at basenameProp (C:\Users\samhe\OneDrive\Desktop\Cleaned\frontend\nod
e_modules\react-router\lib\components.tsx:421:13)
          at basename (C:\Users\samhe\OneDrive\Desktop\Cleaned\frontend\node_mo
dules\react-router\lib\components.tsx:225:3)

      285 |                                     id="wf-assign-user"
      286 |                                     value={assignTo ?? ''}
    > 287 |                                     onChange={(e) => 
setAssignTo(parseInt(e.target.value) || null)}
          |                                                      ^
      288 |                                     className="border 
border-gray-300 rounded px-3 py-2 text-sm"
      289 |                                 >
      290 |                                     <option value="">ÔÇö Select 
user ÔÇö</option>

      at printWarning 
(node_modules/react-dom/cjs/react-dom.development.js:86:30)
      at error (node_modules/react-dom/cjs/react-dom.development.js:60:7)
      at warnIfUpdatesNotWrappedWithActDEV 
(node_modules/react-dom/cjs/react-dom.development.js:27628:9)
      at scheduleUpdateOnFiber 
(node_modules/react-dom/cjs/react-dom.development.js:25547:5)
      at dispatchSetState 
(node_modules/react-dom/cjs/react-dom.development.js:16708:7)
      at onChange (src/workflow/WorkflowPage/WorkflowPage.tsx:287:54)
      at HTMLUnknownElement.callCallback 
(node_modules/react-dom/cjs/react-dom.development.js:4164:14)
      at HTMLUnknownElement.callTheUserObjectsOperation 
(node_modules/jsdom/lib/jsdom/living/generated/EventListener.js:26:30)
      at innerInvokeEventListeners 
(node_modules/jsdom/lib/jsdom/living/events/EventTarget-impl.js:350:25)
      at invokeEventListeners 
(node_modules/jsdom/lib/jsdom/living/events/EventTarget-impl.js:286:3)
      at HTMLUnknownElementImpl._dispatch 
(node_modules/jsdom/lib/jsdom/living/events/EventTarget-impl.js:233:9)
      at HTMLUnknownElementImpl.dispatchEvent 
(node_modules/jsdom/lib/jsdom/living/events/EventTarget-impl.js:104:17)
      at HTMLUnknownElement.dispatchEvent 
(node_modules/jsdom/lib/jsdom/living/generated/EventTarget.js:241:34)
      at Object.invokeGuardedCallbackDev 
(node_modules/react-dom/cjs/react-dom.development.js:4213:16)
      at invokeGuardedCallback 
(node_modules/react-dom/cjs/react-dom.development.js:4277:31)
      at invokeGuardedCallbackAndCatchFirstError 
(node_modules/react-dom/cjs/react-dom.development.js:4291:25)
      at executeDispatch 
(node_modules/react-dom/cjs/react-dom.development.js:9041:3)
      at processDispatchQueueItemsInOrder 
(node_modules/react-dom/cjs/react-dom.development.js:9073:7)
      at processDispatchQueue 
(node_modules/react-dom/cjs/react-dom.development.js:9086:5)
      at dispatchEventsForPlugins 
(node_modules/react-dom/cjs/react-dom.development.js:9097:3)
      at node_modules/react-dom/cjs/react-dom.development.js:9288:12
      at batchedUpdates$1 
(node_modules/react-dom/cjs/react-dom.development.js:26179:12)
      at batchedUpdates 
(node_modules/react-dom/cjs/react-dom.development.js:3991:12)
      at dispatchEventForPluginEventSystem 
(node_modules/react-dom/cjs/react-dom.development.js:9287:3)
      at dispatchEventWithEnableCapturePhaseSelectiveHydrationWithoutDiscreteEv
entReplay (node_modules/react-dom/cjs/react-dom.development.js:6465:5)
      at dispatchEvent 
(node_modules/react-dom/cjs/react-dom.development.js:6457:5)
      at dispatchDiscreteEvent 
(node_modules/react-dom/cjs/react-dom.development.js:6430:5)
      at HTMLDivElement.callTheUserObjectsOperation 
(node_modules/jsdom/lib/jsdom/living/generated/EventListener.js:26:30)
      at innerInvokeEventListeners 
(node_modules/jsdom/lib/jsdom/living/events/EventTarget-impl.js:350:25)
      at invokeEventListeners 
(node_modules/jsdom/lib/jsdom/living/events/EventTarget-impl.js:286:3)
      at HTMLSelectElementImpl._dispatch 
(node_modules/jsdom/lib/jsdom/living/events/EventTarget-impl.js:233:9)
      at HTMLSelectElementImpl.dispatchEvent 
(node_modules/jsdom/lib/jsdom/living/events/EventTarget-impl.js:104:17)
      at Proxy.dispatchEvent 
(node_modules/jsdom/lib/jsdom/living/generated/EventTarget.js:241:34)
      at 
node_modules/@testing-library/user-event/dist/cjs/event/dispatchEvent.js:45:43
      at Object.eventWrapper 
(node_modules/@testing-library/dom/dist/config.js:25:23)
      at Object.wrapEvent 
(node_modules/@testing-library/user-event/dist/cjs/event/wrapEvent.js:6:28)
      at Object.dispatchEvent (node_modules/@testing-library/user-event/dist/cj
s/event/dispatchEvent.js:45:22)
      at Object.dispatchUIEvent (node_modules/@testing-library/user-event/dist/
cjs/event/dispatchEvent.js:22:26)
      at selectOption (node_modules/@testing-library/user-event/dist/cjs/utilit
y/selectOptions.js:51:14)
      at Object.selectOptionsBase (node_modules/@testing-library/user-event/dis
t/cjs/utility/selectOptions.js:87:13)
      at Object.<anonymous> (src/workflow/__tests__/workflow.test.tsx:259:9)

    console.error
      Warning: An update to WorkflowPage inside a test was not wrapped in 
act(...).
      
      When testing, code that causes React state updates should be wrapped 
into act(...):
      
      act(() => {
        /* fire events that update state */
      });
      /* assert on the output */
      
      This ensures that you're testing the behavior the user would see in the 
browser. Learn more at https://reactjs.org/link/wrap-tests-with-act
          at WorkflowPage (C:\Users\samhe\OneDrive\Desktop\Cleaned\frontend\src
\workflow\WorkflowPage\WorkflowPage.tsx:55:51)
          at basenameProp (C:\Users\samhe\OneDrive\Desktop\Cleaned\frontend\nod
e_modules\react-router\lib\components.tsx:421:13)
          at basename (C:\Users\samhe\OneDrive\Desktop\Cleaned\frontend\node_mo
dules\react-router\lib\components.tsx:225:3)

      91 |             return
      92 |         }
    > 93 |         setAssigning(true)
         |         ^
      94 |         try {
      95 |             await assignSubmission(assignTarget.id, { assigned_to: 
assignTo, notes: assignNotes })
      96 |             const user = underwriters.find((u) => u.id === assignTo)

      at printWarning 
(node_modules/react-dom/cjs/react-dom.development.js:86:30)
      at error (node_modules/react-dom/cjs/react-dom.development.js:60:7)
      at warnIfUpdatesNotWrappedWithActDEV 
(node_modules/react-dom/cjs/react-dom.development.js:27628:9)
      at scheduleUpdateOnFiber 
(node_modules/react-dom/cjs/react-dom.development.js:25547:5)
      at dispatchSetState 
(node_modules/react-dom/cjs/react-dom.development.js:16708:7)
      at handleAssign (src/workflow/WorkflowPage/WorkflowPage.tsx:93:9)
      at HTMLUnknownElement.callCallback 
(node_modules/react-dom/cjs/react-dom.development.js:4164:14)
      at HTMLUnknownElement.callTheUserObjectsOperation 
(node_modules/jsdom/lib/jsdom/living/generated/EventListener.js:26:30)
      at innerInvokeEventListeners 
(node_modules/jsdom/lib/jsdom/living/events/EventTarget-impl.js:350:25)
      at invokeEventListeners 
(node_modules/jsdom/lib/jsdom/living/events/EventTarget-impl.js:286:3)
      at HTMLUnknownElementImpl._dispatch 
(node_modules/jsdom/lib/jsdom/living/events/EventTarget-impl.js:233:9)
      at HTMLUnknownElementImpl.dispatchEvent 
(node_modules/jsdom/lib/jsdom/living/events/EventTarget-impl.js:104:17)
      at HTMLUnknownElement.dispatchEvent 
(node_modules/jsdom/lib/jsdom/living/generated/EventTarget.js:241:34)
      at Object.invokeGuardedCallbackDev 
(node_modules/react-dom/cjs/react-dom.development.js:4213:16)
      at invokeGuardedCallback 
(node_modules/react-dom/cjs/react-dom.development.js:4277:31)
      at invokeGuardedCallbackAndCatchFirstError 
(node_modules/react-dom/cjs/react-dom.development.js:4291:25)
      at executeDispatch 
(node_modules/react-dom/cjs/react-dom.development.js:9041:3)
      at processDispatchQueueItemsInOrder 
(node_modules/react-dom/cjs/react-dom.development.js:9073:7)
      at processDispatchQueue 
(node_modules/react-dom/cjs/react-dom.development.js:9086:5)
      at dispatchEventsForPlugins 
(node_modules/react-dom/cjs/react-dom.development.js:9097:3)
      at node_modules/react-dom/cjs/react-dom.development.js:9288:12
      at batchedUpdates$1 
(node_modules/react-dom/cjs/react-dom.development.js:26179:12)
      at batchedUpdates 
(node_modules/react-dom/cjs/react-dom.development.js:3991:12)
      at dispatchEventForPluginEventSystem 
(node_modules/react-dom/cjs/react-dom.development.js:9287:3)
      at dispatchEventWithEnableCapturePhaseSelectiveHydrationWithoutDiscreteEv
entReplay (node_modules/react-dom/cjs/react-dom.development.js:6465:5)
      at dispatchEvent 
(node_modules/react-dom/cjs/react-dom.development.js:6457:5)
      at dispatchDiscreteEvent 
(node_modules/react-dom/cjs/react-dom.development.js:6430:5)
      at HTMLDivElement.callTheUserObjectsOperation 
(node_modules/jsdom/lib/jsdom/living/generated/EventListener.js:26:30)
      at innerInvokeEventListeners 
(node_modules/jsdom/lib/jsdom/living/events/EventTarget-impl.js:350:25)
      at invokeEventListeners 
(node_modules/jsdom/lib/jsdom/living/events/EventTarget-impl.js:286:3)
      at HTMLButtonElementImpl._dispatch 
(node_modules/jsdom/lib/jsdom/living/events/EventTarget-impl.js:233:9)
      at HTMLButtonElementImpl.dispatchEvent 
(node_modules/jsdom/lib/jsdom/living/events/EventTarget-impl.js:104:17)
      at HTMLButtonElement.dispatchEvent 
(node_modules/jsdom/lib/jsdom/living/generated/EventTarget.js:241:34)
      at 
node_modules/@testing-library/user-event/dist/cjs/event/dispatchEvent.js:45:43
      at Object.eventWrapper 
(node_modules/@testing-library/dom/dist/config.js:25:23)
      at Object.wrapEvent 
(node_modules/@testing-library/user-event/dist/cjs/event/wrapEvent.js:6:28)
      at Object.dispatchEvent (node_modules/@testing-library/user-event/dist/cj
s/event/dispatchEvent.js:45:22)
      at Object.dispatchUIEvent (node_modules/@testing-library/user-event/dist/
cjs/event/dispatchEvent.js:22:26)
      at Mouse.up (node_modules/@testing-library/user-event/dist/cjs/system/poi
nter/mouse.js:100:30)
      at PointerHost.release (node_modules/@testing-library/user-event/dist/cjs
/system/pointer/index.js:87:24)
      at pointerAction 
(node_modules/@testing-library/user-event/dist/cjs/pointer/index.js:54:47)
      at Object.pointer 
(node_modules/@testing-library/user-event/dist/cjs/pointer/index.js:27:9)
      at Object.<anonymous> (src/workflow/__tests__/workflow.test.tsx:262:9)

    console.error
      Warning: An update to WorkflowPage inside a test was not wrapped in 
act(...).
      
      When testing, code that causes React state updates should be wrapped 
into act(...):
      
      act(() => {
        /* fire events that update state */
      });
      /* assert on the output */
      
      This ensures that you're testing the behavior the user would see in the 
browser. Learn more at https://reactjs.org/link/wrap-tests-with-act
          at WorkflowPage (C:\Users\samhe\OneDrive\Desktop\Cleaned\frontend\src
\workflow\WorkflowPage\WorkflowPage.tsx:55:51)
          at basenameProp (C:\Users\samhe\OneDrive\Desktop\Cleaned\frontend\nod
e_modules\react-router\lib\components.tsx:421:13)
          at basename (C:\Users\samhe\OneDrive\Desktop\Cleaned\frontend\node_mo
dules\react-router\lib\components.tsx:225:3)

      107 |             addNotification('Could not assign submission.', 
'error')
      108 |         } finally {
    > 109 |             setAssigning(false)
          |             ^
      110 |         }
      111 |     }
      112 |

      at printWarning 
(node_modules/react-dom/cjs/react-dom.development.js:86:30)
      at error (node_modules/react-dom/cjs/react-dom.development.js:60:7)
      at warnIfUpdatesNotWrappedWithActDEV 
(node_modules/react-dom/cjs/react-dom.development.js:27628:9)
      at scheduleUpdateOnFiber 
(node_modules/react-dom/cjs/react-dom.development.js:25547:5)
      at dispatchSetState 
(node_modules/react-dom/cjs/react-dom.development.js:16708:7)
      at handleAssign (src/workflow/WorkflowPage/WorkflowPage.tsx:109:13)

    console.error
      Warning: An update to ClearanceWorkflowPage inside a test was not 
wrapped in act(...).
      
      When testing, code that causes React state updates should be wrapped 
into act(...):
      
      act(() => {
        /* fire events that update state */
      });
      /* assert on the output */
      
      This ensures that you're testing the behavior the user would see in the 
browser. Learn more at https://reactjs.org/link/wrap-tests-with-act
          at ClearanceWorkflowPage (C:\Users\samhe\OneDrive\Desktop\Cleaned\fro
ntend\src\workflow\ClearanceWorkflowPage\ClearanceWorkflowPage.tsx:37:51)
          at basenameProp (C:\Users\samhe\OneDrive\Desktop\Cleaned\frontend\nod
e_modules\react-router\lib\components.tsx:421:13)
          at basename (C:\Users\samhe\OneDrive\Desktop\Cleaned\frontend\node_mo
dules\react-router\lib\components.tsx:225:3)

      54 |
      55 |     async function handleCheckDuplicates(sub: ClearanceSubmission) {
    > 56 |         setReviewTarget(sub)
         |         ^
      57 |         setMatches([])
      58 |         setReviewNotes('')
      59 |         setChecking(true)

      at printWarning 
(node_modules/react-dom/cjs/react-dom.development.js:86:30)
      at error (node_modules/react-dom/cjs/react-dom.development.js:60:7)
      at warnIfUpdatesNotWrappedWithActDEV 
(node_modules/react-dom/cjs/react-dom.development.js:27628:9)
      at scheduleUpdateOnFiber 
(node_modules/react-dom/cjs/react-dom.development.js:25547:5)
      at dispatchSetState 
(node_modules/react-dom/cjs/react-dom.development.js:16708:7)
      at handleCheckDuplicates 
(src/workflow/ClearanceWorkflowPage/ClearanceWorkflowPage.tsx:56:9)
      at onClick 
(src/workflow/ClearanceWorkflowPage/ClearanceWorkflowPage.tsx:164:72)
      at HTMLUnknownElement.callCallback 
(node_modules/react-dom/cjs/react-dom.development.js:4164:14)
      at HTMLUnknownElement.callTheUserObjectsOperation 
(node_modules/jsdom/lib/jsdom/living/generated/EventListener.js:26:30)
      at innerInvokeEventListeners 
(node_modules/jsdom/lib/jsdom/living/events/EventTarget-impl.js:350:25)
      at invokeEventListeners 
(node_modules/jsdom/lib/jsdom/living/events/EventTarget-impl.js:286:3)
      at HTMLUnknownElementImpl._dispatch 
(node_modules/jsdom/lib/jsdom/living/events/EventTarget-impl.js:233:9)
      at HTMLUnknownElementImpl.dispatchEvent 
(node_modules/jsdom/lib/jsdom/living/events/EventTarget-impl.js:104:17)
      at HTMLUnknownElement.dispatchEvent 
(node_modules/jsdom/lib/jsdom/living/generated/EventTarget.js:241:34)
      at Object.invokeGuardedCallbackDev 
(node_modules/react-dom/cjs/react-dom.development.js:4213:16)
      at invokeGuardedCallback 
(node_modules/react-dom/cjs/react-dom.development.js:4277:31)
      at invokeGuardedCallbackAndCatchFirstError 
(node_modules/react-dom/cjs/react-dom.development.js:4291:25)
      at executeDispatch 
(node_modules/react-dom/cjs/react-dom.development.js:9041:3)
      at processDispatchQueueItemsInOrder 
(node_modules/react-dom/cjs/react-dom.development.js:9073:7)
      at processDispatchQueue 
(node_modules/react-dom/cjs/react-dom.development.js:9086:5)
      at dispatchEventsForPlugins 
(node_modules/react-dom/cjs/react-dom.development.js:9097:3)
      at node_modules/react-dom/cjs/react-dom.development.js:9288:12
      at batchedUpdates$1 
(node_modules/react-dom/cjs/react-dom.development.js:26179:12)
      at batchedUpdates 
(node_modules/react-dom/cjs/react-dom.development.js:3991:12)
      at dispatchEventForPluginEventSystem 
(node_modules/react-dom/cjs/react-dom.development.js:9287:3)
      at dispatchEventWithEnableCapturePhaseSelectiveHydrationWithoutDiscreteEv
entReplay (node_modules/react-dom/cjs/react-dom.development.js:6465:5)
      at dispatchEvent 
(node_modules/react-dom/cjs/react-dom.development.js:6457:5)
      at dispatchDiscreteEvent 
(node_modules/react-dom/cjs/react-dom.development.js:6430:5)
      at HTMLDivElement.callTheUserObjectsOperation 
(node_modules/jsdom/lib/jsdom/living/generated/EventListener.js:26:30)
      at innerInvokeEventListeners 
(node_modules/jsdom/lib/jsdom/living/events/EventTarget-impl.js:350:25)
      at invokeEventListeners 
(node_modules/jsdom/lib/jsdom/living/events/EventTarget-impl.js:286:3)
      at HTMLButtonElementImpl._dispatch 
(node_modules/jsdom/lib/jsdom/living/events/EventTarget-impl.js:233:9)
      at HTMLButtonElementImpl.dispatchEvent 
(node_modules/jsdom/lib/jsdom/living/events/EventTarget-impl.js:104:17)
      at HTMLButtonElement.dispatchEvent 
(node_modules/jsdom/lib/jsdom/living/generated/EventTarget.js:241:34)
      at 
node_modules/@testing-library/user-event/dist/cjs/event/dispatchEvent.js:45:43
      at Object.eventWrapper 
(node_modules/@testing-library/dom/dist/config.js:25:23)
      at Object.wrapEvent 
(node_modules/@testing-library/user-event/dist/cjs/event/wrapEvent.js:6:28)
      at Object.dispatchEvent (node_modules/@testing-library/user-event/dist/cj
s/event/dispatchEvent.js:45:22)
      at Object.dispatchUIEvent (node_modules/@testing-library/user-event/dist/
cjs/event/dispatchEvent.js:22:26)
      at Mouse.up (node_modules/@testing-library/user-event/dist/cjs/system/poi
nter/mouse.js:100:30)
      at PointerHost.release (node_modules/@testing-library/user-event/dist/cjs
/system/pointer/index.js:87:24)
      at pointerAction 
(node_modules/@testing-library/user-event/dist/cjs/pointer/index.js:54:47)
      at Object.pointer 
(node_modules/@testing-library/user-event/dist/cjs/pointer/index.js:27:9)
      at Object.<anonymous> (src/workflow/__tests__/workflow.test.tsx:349:9)

    console.error
      Warning: An update to ClearanceWorkflowPage inside a test was not 
wrapped in act(...).
      
      When testing, code that causes React state updates should be wrapped 
into act(...):
      
      act(() => {
        /* fire events that update state */
      });
      /* assert on the output */
      
      This ensures that you're testing the behavior the user would see in the 
browser. Learn more at https://reactjs.org/link/wrap-tests-with-act
          at ClearanceWorkflowPage (C:\Users\samhe\OneDrive\Desktop\Cleaned\fro
ntend\src\workflow\ClearanceWorkflowPage\ClearanceWorkflowPage.tsx:37:51)
          at basenameProp (C:\Users\samhe\OneDrive\Desktop\Cleaned\frontend\nod
e_modules\react-router\lib\components.tsx:421:13)
          at basename (C:\Users\samhe\OneDrive\Desktop\Cleaned\frontend\node_mo
dules\react-router\lib\components.tsx:225:3)

      55 |     async function handleCheckDuplicates(sub: ClearanceSubmission) {
      56 |         setReviewTarget(sub)
    > 57 |         setMatches([])
         |         ^
      58 |         setReviewNotes('')
      59 |         setChecking(true)
      60 |         try {

      at printWarning 
(node_modules/react-dom/cjs/react-dom.development.js:86:30)
      at error (node_modules/react-dom/cjs/react-dom.development.js:60:7)
      at warnIfUpdatesNotWrappedWithActDEV 
(node_modules/react-dom/cjs/react-dom.development.js:27628:9)
      at scheduleUpdateOnFiber 
(node_modules/react-dom/cjs/react-dom.development.js:25547:5)
      at dispatchSetState 
(node_modules/react-dom/cjs/react-dom.development.js:16708:7)
      at handleCheckDuplicates 
(src/workflow/ClearanceWorkflowPage/ClearanceWorkflowPage.tsx:57:9)
      at onClick 
(src/workflow/ClearanceWorkflowPage/ClearanceWorkflowPage.tsx:164:72)
      at HTMLUnknownElement.callCallback 
(node_modules/react-dom/cjs/react-dom.development.js:4164:14)
      at HTMLUnknownElement.callTheUserObjectsOperation 
(node_modules/jsdom/lib/jsdom/living/generated/EventListener.js:26:30)
      at innerInvokeEventListeners 
(node_modules/jsdom/lib/jsdom/living/events/EventTarget-impl.js:350:25)
      at invokeEventListeners 
(node_modules/jsdom/lib/jsdom/living/events/EventTarget-impl.js:286:3)
      at HTMLUnknownElementImpl._dispatch 
(node_modules/jsdom/lib/jsdom/living/events/EventTarget-impl.js:233:9)
      at HTMLUnknownElementImpl.dispatchEvent 
(node_modules/jsdom/lib/jsdom/living/events/EventTarget-impl.js:104:17)
      at HTMLUnknownElement.dispatchEvent 
(node_modules/jsdom/lib/jsdom/living/generated/EventTarget.js:241:34)
      at Object.invokeGuardedCallbackDev 
(node_modules/react-dom/cjs/react-dom.development.js:4213:16)
      at invokeGuardedCallback 
(node_modules/react-dom/cjs/react-dom.development.js:4277:31)
      at invokeGuardedCallbackAndCatchFirstError 
(node_modules/react-dom/cjs/react-dom.development.js:4291:25)
      at executeDispatch 
(node_modules/react-dom/cjs/react-dom.development.js:9041:3)
      at processDispatchQueueItemsInOrder 
(node_modules/react-dom/cjs/react-dom.development.js:9073:7)
      at processDispatchQueue 
(node_modules/react-dom/cjs/react-dom.development.js:9086:5)
      at dispatchEventsForPlugins 
(node_modules/react-dom/cjs/react-dom.development.js:9097:3)
      at node_modules/react-dom/cjs/react-dom.development.js:9288:12
      at batchedUpdates$1 
(node_modules/react-dom/cjs/react-dom.development.js:26179:12)
      at batchedUpdates 
(node_modules/react-dom/cjs/react-dom.development.js:3991:12)
      at dispatchEventForPluginEventSystem 
(node_modules/react-dom/cjs/react-dom.development.js:9287:3)
      at dispatchEventWithEnableCapturePhaseSelectiveHydrationWithoutDiscreteEv
entReplay (node_modules/react-dom/cjs/react-dom.development.js:6465:5)
      at dispatchEvent 
(node_modules/react-dom/cjs/react-dom.development.js:6457:5)
      at dispatchDiscreteEvent 
(node_modules/react-dom/cjs/react-dom.development.js:6430:5)
      at HTMLDivElement.callTheUserObjectsOperation 
(node_modules/jsdom/lib/jsdom/living/generated/EventListener.js:26:30)
      at innerInvokeEventListeners 
(node_modules/jsdom/lib/jsdom/living/events/EventTarget-impl.js:350:25)
      at invokeEventListeners 
(node_modules/jsdom/lib/jsdom/living/events/EventTarget-impl.js:286:3)
      at HTMLButtonElementImpl._dispatch 
(node_modules/jsdom/lib/jsdom/living/events/EventTarget-impl.js:233:9)
      at HTMLButtonElementImpl.dispatchEvent 
(node_modules/jsdom/lib/jsdom/living/events/EventTarget-impl.js:104:17)
      at HTMLButtonElement.dispatchEvent 
(node_modules/jsdom/lib/jsdom/living/generated/EventTarget.js:241:34)
      at 
node_modules/@testing-library/user-event/dist/cjs/event/dispatchEvent.js:45:43
      at Object.eventWrapper 
(node_modules/@testing-library/dom/dist/config.js:25:23)
      at Object.wrapEvent 
(node_modules/@testing-library/user-event/dist/cjs/event/wrapEvent.js:6:28)
      at Object.dispatchEvent (node_modules/@testing-library/user-event/dist/cj
s/event/dispatchEvent.js:45:22)
      at Object.dispatchUIEvent (node_modules/@testing-library/user-event/dist/
cjs/event/dispatchEvent.js:22:26)
      at Mouse.up (node_modules/@testing-library/user-event/dist/cjs/system/poi
nter/mouse.js:100:30)
      at PointerHost.release (node_modules/@testing-library/user-event/dist/cjs
/system/pointer/index.js:87:24)
      at pointerAction 
(node_modules/@testing-library/user-event/dist/cjs/pointer/index.js:54:47)
      at Object.pointer 
(node_modules/@testing-library/user-event/dist/cjs/pointer/index.js:27:9)
      at Object.<anonymous> (src/workflow/__tests__/workflow.test.tsx:349:9)

    console.error
      Warning: An update to ClearanceWorkflowPage inside a test was not 
wrapped in act(...).
      
      When testing, code that causes React state updates should be wrapped 
into act(...):
      
      act(() => {
        /* fire events that update state */
      });
      /* assert on the output */
      
      This ensures that you're testing the behavior the user would see in the 
browser. Learn more at https://reactjs.org/link/wrap-tests-with-act
          at ClearanceWorkflowPage (C:\Users\samhe\OneDrive\Desktop\Cleaned\fro
ntend\src\workflow\ClearanceWorkflowPage\ClearanceWorkflowPage.tsx:37:51)
          at basenameProp (C:\Users\samhe\OneDrive\Desktop\Cleaned\frontend\nod
e_modules\react-router\lib\components.tsx:421:13)
          at basename (C:\Users\samhe\OneDrive\Desktop\Cleaned\frontend\node_mo
dules\react-router\lib\components.tsx:225:3)

      56 |         setReviewTarget(sub)
      57 |         setMatches([])
    > 58 |         setReviewNotes('')
         |         ^
      59 |         setChecking(true)
      60 |         try {
      61 |             const result = await checkClearanceDuplicates(sub.id)

      at printWarning 
(node_modules/react-dom/cjs/react-dom.development.js:86:30)
      at error (node_modules/react-dom/cjs/react-dom.development.js:60:7)
      at warnIfUpdatesNotWrappedWithActDEV 
(node_modules/react-dom/cjs/react-dom.development.js:27628:9)
      at scheduleUpdateOnFiber 
(node_modules/react-dom/cjs/react-dom.development.js:25547:5)
      at dispatchSetState 
(node_modules/react-dom/cjs/react-dom.development.js:16708:7)
      at handleCheckDuplicates 
(src/workflow/ClearanceWorkflowPage/ClearanceWorkflowPage.tsx:58:9)
      at onClick 
(src/workflow/ClearanceWorkflowPage/ClearanceWorkflowPage.tsx:164:72)
      at HTMLUnknownElement.callCallback 
(node_modules/react-dom/cjs/react-dom.development.js:4164:14)
      at HTMLUnknownElement.callTheUserObjectsOperation 
(node_modules/jsdom/lib/jsdom/living/generated/EventListener.js:26:30)
      at innerInvokeEventListeners 
(node_modules/jsdom/lib/jsdom/living/events/EventTarget-impl.js:350:25)
      at invokeEventListeners 
(node_modules/jsdom/lib/jsdom/living/events/EventTarget-impl.js:286:3)
      at HTMLUnknownElementImpl._dispatch 
(node_modules/jsdom/lib/jsdom/living/events/EventTarget-impl.js:233:9)
      at HTMLUnknownElementImpl.dispatchEvent 
(node_modules/jsdom/lib/jsdom/living/events/EventTarget-impl.js:104:17)
      at HTMLUnknownElement.dispatchEvent 
(node_modules/jsdom/lib/jsdom/living/generated/EventTarget.js:241:34)
      at Object.invokeGuardedCallbackDev 
(node_modules/react-dom/cjs/react-dom.development.js:4213:16)
      at invokeGuardedCallback 
(node_modules/react-dom/cjs/react-dom.development.js:4277:31)
      at invokeGuardedCallbackAndCatchFirstError 
(node_modules/react-dom/cjs/react-dom.development.js:4291:25)
      at executeDispatch 
(node_modules/react-dom/cjs/react-dom.development.js:9041:3)
      at processDispatchQueueItemsInOrder 
(node_modules/react-dom/cjs/react-dom.development.js:9073:7)
      at processDispatchQueue 
(node_modules/react-dom/cjs/react-dom.development.js:9086:5)
      at dispatchEventsForPlugins 
(node_modules/react-dom/cjs/react-dom.development.js:9097:3)
      at node_modules/react-dom/cjs/react-dom.development.js:9288:12
      at batchedUpdates$1 
(node_modules/react-dom/cjs/react-dom.development.js:26179:12)
      at batchedUpdates 
(node_modules/react-dom/cjs/react-dom.development.js:3991:12)
      at dispatchEventForPluginEventSystem 
(node_modules/react-dom/cjs/react-dom.development.js:9287:3)
      at dispatchEventWithEnableCapturePhaseSelectiveHydrationWithoutDiscreteEv
entReplay (node_modules/react-dom/cjs/react-dom.development.js:6465:5)
      at dispatchEvent 
(node_modules/react-dom/cjs/react-dom.development.js:6457:5)
      at dispatchDiscreteEvent 
(node_modules/react-dom/cjs/react-dom.development.js:6430:5)
      at HTMLDivElement.callTheUserObjectsOperation 
(node_modules/jsdom/lib/jsdom/living/generated/EventListener.js:26:30)
      at innerInvokeEventListeners 
(node_modules/jsdom/lib/jsdom/living/events/EventTarget-impl.js:350:25)
      at invokeEventListeners 
(node_modules/jsdom/lib/jsdom/living/events/EventTarget-impl.js:286:3)
      at HTMLButtonElementImpl._dispatch 
(node_modules/jsdom/lib/jsdom/living/events/EventTarget-impl.js:233:9)
      at HTMLButtonElementImpl.dispatchEvent 
(node_modules/jsdom/lib/jsdom/living/events/EventTarget-impl.js:104:17)
      at HTMLButtonElement.dispatchEvent 
(node_modules/jsdom/lib/jsdom/living/generated/EventTarget.js:241:34)
      at 
node_modules/@testing-library/user-event/dist/cjs/event/dispatchEvent.js:45:43
      at Object.eventWrapper 
(node_modules/@testing-library/dom/dist/config.js:25:23)
      at Object.wrapEvent 
(node_modules/@testing-library/user-event/dist/cjs/event/wrapEvent.js:6:28)
      at Object.dispatchEvent (node_modules/@testing-library/user-event/dist/cj
s/event/dispatchEvent.js:45:22)
      at Object.dispatchUIEvent (node_modules/@testing-library/user-event/dist/
cjs/event/dispatchEvent.js:22:26)
      at Mouse.up (node_modules/@testing-library/user-event/dist/cjs/system/poi
nter/mouse.js:100:30)
      at PointerHost.release (node_modules/@testing-library/user-event/dist/cjs
/system/pointer/index.js:87:24)
      at pointerAction 
(node_modules/@testing-library/user-event/dist/cjs/pointer/index.js:54:47)
      at Object.pointer 
(node_modules/@testing-library/user-event/dist/cjs/pointer/index.js:27:9)
      at Object.<anonymous> (src/workflow/__tests__/workflow.test.tsx:349:9)

    console.error
      Warning: An update to ClearanceWorkflowPage inside a test was not 
wrapped in act(...).
      
      When testing, code that causes React state updates should be wrapped 
into act(...):
      
      act(() => {
        /* fire events that update state */
      });
      /* assert on the output */
      
      This ensures that you're testing the behavior the user would see in the 
browser. Learn more at https://reactjs.org/link/wrap-tests-with-act
          at ClearanceWorkflowPage (C:\Users\samhe\OneDrive\Desktop\Cleaned\fro
ntend\src\workflow\ClearanceWorkflowPage\ClearanceWorkflowPage.tsx:37:51)
          at basenameProp (C:\Users\samhe\OneDrive\Desktop\Cleaned\frontend\nod
e_modules\react-router\lib\components.tsx:421:13)
          at basename (C:\Users\samhe\OneDrive\Desktop\Cleaned\frontend\node_mo
dules\react-router\lib\components.tsx:225:3)

      57 |         setMatches([])
      58 |         setReviewNotes('')
    > 59 |         setChecking(true)
         |         ^
      60 |         try {
      61 |             const result = await checkClearanceDuplicates(sub.id)
      62 |             setMatches(result.matches)

      at printWarning 
(node_modules/react-dom/cjs/react-dom.development.js:86:30)
      at error (node_modules/react-dom/cjs/react-dom.development.js:60:7)
      at warnIfUpdatesNotWrappedWithActDEV 
(node_modules/react-dom/cjs/react-dom.development.js:27628:9)
      at scheduleUpdateOnFiber 
(node_modules/react-dom/cjs/react-dom.development.js:25547:5)
      at dispatchSetState 
(node_modules/react-dom/cjs/react-dom.development.js:16708:7)
      at handleCheckDuplicates 
(src/workflow/ClearanceWorkflowPage/ClearanceWorkflowPage.tsx:59:9)
      at onClick 
(src/workflow/ClearanceWorkflowPage/ClearanceWorkflowPage.tsx:164:72)
      at HTMLUnknownElement.callCallback 
(node_modules/react-dom/cjs/react-dom.development.js:4164:14)
      at HTMLUnknownElement.callTheUserObjectsOperation 
(node_modules/jsdom/lib/jsdom/living/generated/EventListener.js:26:30)
      at innerInvokeEventListeners 
(node_modules/jsdom/lib/jsdom/living/events/EventTarget-impl.js:350:25)
      at invokeEventListeners 
(node_modules/jsdom/lib/jsdom/living/events/EventTarget-impl.js:286:3)
      at HTMLUnknownElementImpl._dispatch 
(node_modules/jsdom/lib/jsdom/living/events/EventTarget-impl.js:233:9)
      at HTMLUnknownElementImpl.dispatchEvent 
(node_modules/jsdom/lib/jsdom/living/events/EventTarget-impl.js:104:17)
      at HTMLUnknownElement.dispatchEvent 
(node_modules/jsdom/lib/jsdom/living/generated/EventTarget.js:241:34)
      at Object.invokeGuardedCallbackDev 
(node_modules/react-dom/cjs/react-dom.development.js:4213:16)
      at invokeGuardedCallback 
(node_modules/react-dom/cjs/react-dom.development.js:4277:31)
      at invokeGuardedCallbackAndCatchFirstError 
(node_modules/react-dom/cjs/react-dom.development.js:4291:25)
      at executeDispatch 
(node_modules/react-dom/cjs/react-dom.development.js:9041:3)
      at processDispatchQueueItemsInOrder 
(node_modules/react-dom/cjs/react-dom.development.js:9073:7)
      at processDispatchQueue 
(node_modules/react-dom/cjs/react-dom.development.js:9086:5)
      at dispatchEventsForPlugins 
(node_modules/react-dom/cjs/react-dom.development.js:9097:3)
      at node_modules/react-dom/cjs/react-dom.development.js:9288:12
      at batchedUpdates$1 
(node_modules/react-dom/cjs/react-dom.development.js:26179:12)
      at batchedUpdates 
(node_modules/react-dom/cjs/react-dom.development.js:3991:12)
      at dispatchEventForPluginEventSystem 
(node_modules/react-dom/cjs/react-dom.development.js:9287:3)
      at dispatchEventWithEnableCapturePhaseSelectiveHydrationWithoutDiscreteEv
entReplay (node_modules/react-dom/cjs/react-dom.development.js:6465:5)
      at dispatchEvent 
(node_modules/react-dom/cjs/react-dom.development.js:6457:5)
      at dispatchDiscreteEvent 
(node_modules/react-dom/cjs/react-dom.development.js:6430:5)
      at HTMLDivElement.callTheUserObjectsOperation 
(node_modules/jsdom/lib/jsdom/living/generated/EventListener.js:26:30)
      at innerInvokeEventListeners 
(node_modules/jsdom/lib/jsdom/living/events/EventTarget-impl.js:350:25)
      at invokeEventListeners 
(node_modules/jsdom/lib/jsdom/living/events/EventTarget-impl.js:286:3)
      at HTMLButtonElementImpl._dispatch 
(node_modules/jsdom/lib/jsdom/living/events/EventTarget-impl.js:233:9)
      at HTMLButtonElementImpl.dispatchEvent 
(node_modules/jsdom/lib/jsdom/living/events/EventTarget-impl.js:104:17)
      at HTMLButtonElement.dispatchEvent 
(node_modules/jsdom/lib/jsdom/living/generated/EventTarget.js:241:34)
      at 
node_modules/@testing-library/user-event/dist/cjs/event/dispatchEvent.js:45:43
      at Object.eventWrapper 
(node_modules/@testing-library/dom/dist/config.js:25:23)
      at Object.wrapEvent 
(node_modules/@testing-library/user-event/dist/cjs/event/wrapEvent.js:6:28)
      at Object.dispatchEvent (node_modules/@testing-library/user-event/dist/cj
s/event/dispatchEvent.js:45:22)
      at Object.dispatchUIEvent (node_modules/@testing-library/user-event/dist/
cjs/event/dispatchEvent.js:22:26)
      at Mouse.up (node_modules/@testing-library/user-event/dist/cjs/system/poi
nter/mouse.js:100:30)
      at PointerHost.release (node_modules/@testing-library/user-event/dist/cjs
/system/pointer/index.js:87:24)
      at pointerAction 
(node_modules/@testing-library/user-event/dist/cjs/pointer/index.js:54:47)
      at Object.pointer 
(node_modules/@testing-library/user-event/dist/cjs/pointer/index.js:27:9)
      at Object.<anonymous> (src/workflow/__tests__/workflow.test.tsx:349:9)

    console.error
      Warning: An update to ClearanceWorkflowPage inside a test was not 
wrapped in act(...).
      
      When testing, code that causes React state updates should be wrapped 
into act(...):
      
      act(() => {
        /* fire events that update state */
      });
      /* assert on the output */
      
      This ensures that you're testing the behavior the user would see in the 
browser. Learn more at https://reactjs.org/link/wrap-tests-with-act
          at ClearanceWorkflowPage (C:\Users\samhe\OneDrive\Desktop\Cleaned\fro
ntend\src\workflow\ClearanceWorkflowPage\ClearanceWorkflowPage.tsx:37:51)
          at basenameProp (C:\Users\samhe\OneDrive\Desktop\Cleaned\frontend\nod
e_modules\react-router\lib\components.tsx:421:13)
          at basename (C:\Users\samhe\OneDrive\Desktop\Cleaned\frontend\node_mo
dules\react-router\lib\components.tsx:225:3)

      60 |         try {
      61 |             const result = await checkClearanceDuplicates(sub.id)
    > 62 |             setMatches(result.matches)
         |             ^
      63 |         } catch {
      64 |             addNotification('Could not check duplicates.', 'error')
      65 |         } finally {

      at printWarning 
(node_modules/react-dom/cjs/react-dom.development.js:86:30)
      at error (node_modules/react-dom/cjs/react-dom.development.js:60:7)
      at warnIfUpdatesNotWrappedWithActDEV 
(node_modules/react-dom/cjs/react-dom.development.js:27628:9)
      at scheduleUpdateOnFiber 
(node_modules/react-dom/cjs/react-dom.development.js:25547:5)
      at dispatchSetState 
(node_modules/react-dom/cjs/react-dom.development.js:16708:7)
      at handleCheckDuplicates 
(src/workflow/ClearanceWorkflowPage/ClearanceWorkflowPage.tsx:62:13)

    console.error
      Warning: An update to ClearanceWorkflowPage inside a test was not 
wrapped in act(...).
      
      When testing, code that causes React state updates should be wrapped 
into act(...):
      
      act(() => {
        /* fire events that update state */
      });
      /* assert on the output */
      
      This ensures that you're testing the behavior the user would see in the 
browser. Learn more at https://reactjs.org/link/wrap-tests-with-act
          at ClearanceWorkflowPage (C:\Users\samhe\OneDrive\Desktop\Cleaned\fro
ntend\src\workflow\ClearanceWorkflowPage\ClearanceWorkflowPage.tsx:37:51)
          at basenameProp (C:\Users\samhe\OneDrive\Desktop\Cleaned\frontend\nod
e_modules\react-router\lib\components.tsx:421:13)
          at basename (C:\Users\samhe\OneDrive\Desktop\Cleaned\frontend\node_mo
dules\react-router\lib\components.tsx:225:3)

      64 |             addNotification('Could not check duplicates.', 'error')
      65 |         } finally {
    > 66 |             setChecking(false)
         |             ^
      67 |         }
      68 |     }
      69 |

      at printWarning 
(node_modules/react-dom/cjs/react-dom.development.js:86:30)
      at error (node_modules/react-dom/cjs/react-dom.development.js:60:7)
      at warnIfUpdatesNotWrappedWithActDEV 
(node_modules/react-dom/cjs/react-dom.development.js:27628:9)
      at scheduleUpdateOnFiber 
(node_modules/react-dom/cjs/react-dom.development.js:25547:5)
      at dispatchSetState 
(node_modules/react-dom/cjs/react-dom.development.js:16708:7)
      at handleCheckDuplicates 
(src/workflow/ClearanceWorkflowPage/ClearanceWorkflowPage.tsx:66:13)

    console.error
      Warning: An update to ClearanceWorkflowPage inside a test was not 
wrapped in act(...).
      
      When testing, code that causes React state updates should be wrapped 
into act(...):
      
      act(() => {
        /* fire events that update state */
      });
      /* assert on the output */
      
      This ensures that you're testing the behavior the user would see in the 
browser. Learn more at https://reactjs.org/link/wrap-tests-with-act
          at ClearanceWorkflowPage (C:\Users\samhe\OneDrive\Desktop\Cleaned\fro
ntend\src\workflow\ClearanceWorkflowPage\ClearanceWorkflowPage.tsx:37:51)
          at basenameProp (C:\Users\samhe\OneDrive\Desktop\Cleaned\frontend\nod
e_modules\react-router\lib\components.tsx:421:13)
          at basename (C:\Users\samhe\OneDrive\Desktop\Cleaned\frontend\node_mo
dules\react-router\lib\components.tsx:225:3)

      54 |
      55 |     async function handleCheckDuplicates(sub: ClearanceSubmission) {
    > 56 |         setReviewTarget(sub)
         |         ^
      57 |         setMatches([])
      58 |         setReviewNotes('')
      59 |         setChecking(true)

      at printWarning 
(node_modules/react-dom/cjs/react-dom.development.js:86:30)
      at error (node_modules/react-dom/cjs/react-dom.development.js:60:7)
      at warnIfUpdatesNotWrappedWithActDEV 
(node_modules/react-dom/cjs/react-dom.development.js:27628:9)
      at scheduleUpdateOnFiber 
(node_modules/react-dom/cjs/react-dom.development.js:25547:5)
      at dispatchSetState 
(node_modules/react-dom/cjs/react-dom.development.js:16708:7)
      at handleCheckDuplicates 
(src/workflow/ClearanceWorkflowPage/ClearanceWorkflowPage.tsx:56:9)
      at onClick 
(src/workflow/ClearanceWorkflowPage/ClearanceWorkflowPage.tsx:164:72)
      at HTMLUnknownElement.callCallback 
(node_modules/react-dom/cjs/react-dom.development.js:4164:14)
      at HTMLUnknownElement.callTheUserObjectsOperation 
(node_modules/jsdom/lib/jsdom/living/generated/EventListener.js:26:30)
      at innerInvokeEventListeners 
(node_modules/jsdom/lib/jsdom/living/events/EventTarget-impl.js:350:25)
      at invokeEventListeners 
(node_modules/jsdom/lib/jsdom/living/events/EventTarget-impl.js:286:3)
      at HTMLUnknownElementImpl._dispatch 
(node_modules/jsdom/lib/jsdom/living/events/EventTarget-impl.js:233:9)
      at HTMLUnknownElementImpl.dispatchEvent 
(node_modules/jsdom/lib/jsdom/living/events/EventTarget-impl.js:104:17)
      at HTMLUnknownElement.dispatchEvent 
(node_modules/jsdom/lib/jsdom/living/generated/EventTarget.js:241:34)
      at Object.invokeGuardedCallbackDev 
(node_modules/react-dom/cjs/react-dom.development.js:4213:16)
      at invokeGuardedCallback 
(node_modules/react-dom/cjs/react-dom.development.js:4277:31)
      at invokeGuardedCallbackAndCatchFirstError 
(node_modules/react-dom/cjs/react-dom.development.js:4291:25)
      at executeDispatch 
(node_modules/react-dom/cjs/react-dom.development.js:9041:3)
      at processDispatchQueueItemsInOrder 
(node_modules/react-dom/cjs/react-dom.development.js:9073:7)
      at processDispatchQueue 
(node_modules/react-dom/cjs/react-dom.development.js:9086:5)
      at dispatchEventsForPlugins 
(node_modules/react-dom/cjs/react-dom.development.js:9097:3)
      at node_modules/react-dom/cjs/react-dom.development.js:9288:12
      at batchedUpdates$1 
(node_modules/react-dom/cjs/react-dom.development.js:26179:12)
      at batchedUpdates 
(node_modules/react-dom/cjs/react-dom.development.js:3991:12)
      at dispatchEventForPluginEventSystem 
(node_modules/react-dom/cjs/react-dom.development.js:9287:3)
      at dispatchEventWithEnableCapturePhaseSelectiveHydrationWithoutDiscreteEv
entReplay (node_modules/react-dom/cjs/react-dom.development.js:6465:5)
      at dispatchEvent 
(node_modules/react-dom/cjs/react-dom.development.js:6457:5)
      at dispatchDiscreteEvent 
(node_modules/react-dom/cjs/react-dom.development.js:6430:5)
      at HTMLDivElement.callTheUserObjectsOperation 
(node_modules/jsdom/lib/jsdom/living/generated/EventListener.js:26:30)
      at innerInvokeEventListeners 
(node_modules/jsdom/lib/jsdom/living/events/EventTarget-impl.js:350:25)
      at invokeEventListeners 
(node_modules/jsdom/lib/jsdom/living/events/EventTarget-impl.js:286:3)
      at HTMLButtonElementImpl._dispatch 
(node_modules/jsdom/lib/jsdom/living/events/EventTarget-impl.js:233:9)
      at HTMLButtonElementImpl.dispatchEvent 
(node_modules/jsdom/lib/jsdom/living/events/EventTarget-impl.js:104:17)
      at HTMLButtonElement.dispatchEvent 
(node_modules/jsdom/lib/jsdom/living/generated/EventTarget.js:241:34)
      at 
node_modules/@testing-library/user-event/dist/cjs/event/dispatchEvent.js:45:43
      at Object.eventWrapper 
(node_modules/@testing-library/dom/dist/config.js:25:23)
      at Object.wrapEvent 
(node_modules/@testing-library/user-event/dist/cjs/event/wrapEvent.js:6:28)
      at Object.dispatchEvent (node_modules/@testing-library/user-event/dist/cj
s/event/dispatchEvent.js:45:22)
      at Object.dispatchUIEvent (node_modules/@testing-library/user-event/dist/
cjs/event/dispatchEvent.js:22:26)
      at Mouse.up (node_modules/@testing-library/user-event/dist/cjs/system/poi
nter/mouse.js:100:30)
      at PointerHost.release (node_modules/@testing-library/user-event/dist/cjs
/system/pointer/index.js:87:24)
      at pointerAction 
(node_modules/@testing-library/user-event/dist/cjs/pointer/index.js:54:47)
      at Object.pointer 
(node_modules/@testing-library/user-event/dist/cjs/pointer/index.js:27:9)
      at Object.<anonymous> (src/workflow/__tests__/workflow.test.tsx:359:9)

    console.error
      Warning: An update to ClearanceWorkflowPage inside a test was not 
wrapped in act(...).
      
      When testing, code that causes React state updates should be wrapped 
into act(...):
      
      act(() => {
        /* fire events that update state */
      });
      /* assert on the output */
      
      This ensures that you're testing the behavior the user would see in the 
browser. Learn more at https://reactjs.org/link/wrap-tests-with-act
          at ClearanceWorkflowPage (C:\Users\samhe\OneDrive\Desktop\Cleaned\fro
ntend\src\workflow\ClearanceWorkflowPage\ClearanceWorkflowPage.tsx:37:51)
          at basenameProp (C:\Users\samhe\OneDrive\Desktop\Cleaned\frontend\nod
e_modules\react-router\lib\components.tsx:421:13)
          at basename (C:\Users\samhe\OneDrive\Desktop\Cleaned\frontend\node_mo
dules\react-router\lib\components.tsx:225:3)

      55 |     async function handleCheckDuplicates(sub: ClearanceSubmission) {
      56 |         setReviewTarget(sub)
    > 57 |         setMatches([])
         |         ^
      58 |         setReviewNotes('')
      59 |         setChecking(true)
      60 |         try {

      at printWarning 
(node_modules/react-dom/cjs/react-dom.development.js:86:30)
      at error (node_modules/react-dom/cjs/react-dom.development.js:60:7)
      at warnIfUpdatesNotWrappedWithActDEV 
(node_modules/react-dom/cjs/react-dom.development.js:27628:9)
      at scheduleUpdateOnFiber 
(node_modules/react-dom/cjs/react-dom.development.js:25547:5)
      at dispatchSetState 
(node_modules/react-dom/cjs/react-dom.development.js:16708:7)
      at handleCheckDuplicates 
(src/workflow/ClearanceWorkflowPage/ClearanceWorkflowPage.tsx:57:9)
      at onClick 
(src/workflow/ClearanceWorkflowPage/ClearanceWorkflowPage.tsx:164:72)
      at HTMLUnknownElement.callCallback 
(node_modules/react-dom/cjs/react-dom.development.js:4164:14)
      at HTMLUnknownElement.callTheUserObjectsOperation 
(node_modules/jsdom/lib/jsdom/living/generated/EventListener.js:26:30)
      at innerInvokeEventListeners 
(node_modules/jsdom/lib/jsdom/living/events/EventTarget-impl.js:350:25)
      at invokeEventListeners 
(node_modules/jsdom/lib/jsdom/living/events/EventTarget-impl.js:286:3)
      at HTMLUnknownElementImpl._dispatch 
(node_modules/jsdom/lib/jsdom/living/events/EventTarget-impl.js:233:9)
      at HTMLUnknownElementImpl.dispatchEvent 
(node_modules/jsdom/lib/jsdom/living/events/EventTarget-impl.js:104:17)
      at HTMLUnknownElement.dispatchEvent 
(node_modules/jsdom/lib/jsdom/living/generated/EventTarget.js:241:34)
      at Object.invokeGuardedCallbackDev 
(node_modules/react-dom/cjs/react-dom.development.js:4213:16)
      at invokeGuardedCallback 
(node_modules/react-dom/cjs/react-dom.development.js:4277:31)
      at invokeGuardedCallbackAndCatchFirstError 
(node_modules/react-dom/cjs/react-dom.development.js:4291:25)
      at executeDispatch 
(node_modules/react-dom/cjs/react-dom.development.js:9041:3)
      at processDispatchQueueItemsInOrder 
(node_modules/react-dom/cjs/react-dom.development.js:9073:7)
      at processDispatchQueue 
(node_modules/react-dom/cjs/react-dom.development.js:9086:5)
      at dispatchEventsForPlugins 
(node_modules/react-dom/cjs/react-dom.development.js:9097:3)
      at node_modules/react-dom/cjs/react-dom.development.js:9288:12
      at batchedUpdates$1 
(node_modules/react-dom/cjs/react-dom.development.js:26179:12)
      at batchedUpdates 
(node_modules/react-dom/cjs/react-dom.development.js:3991:12)
      at dispatchEventForPluginEventSystem 
(node_modules/react-dom/cjs/react-dom.development.js:9287:3)
      at dispatchEventWithEnableCapturePhaseSelectiveHydrationWithoutDiscreteEv
entReplay (node_modules/react-dom/cjs/react-dom.development.js:6465:5)
      at dispatchEvent 
(node_modules/react-dom/cjs/react-dom.development.js:6457:5)
      at dispatchDiscreteEvent 
(node_modules/react-dom/cjs/react-dom.development.js:6430:5)
      at HTMLDivElement.callTheUserObjectsOperation 
(node_modules/jsdom/lib/jsdom/living/generated/EventListener.js:26:30)
      at innerInvokeEventListeners 
(node_modules/jsdom/lib/jsdom/living/events/EventTarget-impl.js:350:25)
      at invokeEventListeners 
(node_modules/jsdom/lib/jsdom/living/events/EventTarget-impl.js:286:3)
      at HTMLButtonElementImpl._dispatch 
(node_modules/jsdom/lib/jsdom/living/events/EventTarget-impl.js:233:9)
      at HTMLButtonElementImpl.dispatchEvent 
(node_modules/jsdom/lib/jsdom/living/events/EventTarget-impl.js:104:17)
      at HTMLButtonElement.dispatchEvent 
(node_modules/jsdom/lib/jsdom/living/generated/EventTarget.js:241:34)
      at 
node_modules/@testing-library/user-event/dist/cjs/event/dispatchEvent.js:45:43
      at Object.eventWrapper 
(node_modules/@testing-library/dom/dist/config.js:25:23)
      at Object.wrapEvent 
(node_modules/@testing-library/user-event/dist/cjs/event/wrapEvent.js:6:28)
      at Object.dispatchEvent (node_modules/@testing-library/user-event/dist/cj
s/event/dispatchEvent.js:45:22)
      at Object.dispatchUIEvent (node_modules/@testing-library/user-event/dist/
cjs/event/dispatchEvent.js:22:26)
      at Mouse.up (node_modules/@testing-library/user-event/dist/cjs/system/poi
nter/mouse.js:100:30)
      at PointerHost.release (node_modules/@testing-library/user-event/dist/cjs
/system/pointer/index.js:87:24)
      at pointerAction 
(node_modules/@testing-library/user-event/dist/cjs/pointer/index.js:54:47)
      at Object.pointer 
(node_modules/@testing-library/user-event/dist/cjs/pointer/index.js:27:9)
      at Object.<anonymous> (src/workflow/__tests__/workflow.test.tsx:359:9)

    console.error
      Warning: An update to ClearanceWorkflowPage inside a test was not 
wrapped in act(...).
      
      When testing, code that causes React state updates should be wrapped 
into act(...):
      
      act(() => {
        /* fire events that update state */
      });
      /* assert on the output */
      
      This ensures that you're testing the behavior the user would see in the 
browser. Learn more at https://reactjs.org/link/wrap-tests-with-act
          at ClearanceWorkflowPage (C:\Users\samhe\OneDrive\Desktop\Cleaned\fro
ntend\src\workflow\ClearanceWorkflowPage\ClearanceWorkflowPage.tsx:37:51)
          at basenameProp (C:\Users\samhe\OneDrive\Desktop\Cleaned\frontend\nod
e_modules\react-router\lib\components.tsx:421:13)
          at basename (C:\Users\samhe\OneDrive\Desktop\Cleaned\frontend\node_mo
dules\react-router\lib\components.tsx:225:3)

      56 |         setReviewTarget(sub)
      57 |         setMatches([])
    > 58 |         setReviewNotes('')
         |         ^
      59 |         setChecking(true)
      60 |         try {
      61 |             const result = await checkClearanceDuplicates(sub.id)

      at printWarning 
(node_modules/react-dom/cjs/react-dom.development.js:86:30)
      at error (node_modules/react-dom/cjs/react-dom.development.js:60:7)
      at warnIfUpdatesNotWrappedWithActDEV 
(node_modules/react-dom/cjs/react-dom.development.js:27628:9)
      at scheduleUpdateOnFiber 
(node_modules/react-dom/cjs/react-dom.development.js:25547:5)
      at dispatchSetState 
(node_modules/react-dom/cjs/react-dom.development.js:16708:7)
      at handleCheckDuplicates 
(src/workflow/ClearanceWorkflowPage/ClearanceWorkflowPage.tsx:58:9)
      at onClick 
(src/workflow/ClearanceWorkflowPage/ClearanceWorkflowPage.tsx:164:72)
      at HTMLUnknownElement.callCallback 
(node_modules/react-dom/cjs/react-dom.development.js:4164:14)
      at HTMLUnknownElement.callTheUserObjectsOperation 
(node_modules/jsdom/lib/jsdom/living/generated/EventListener.js:26:30)
      at innerInvokeEventListeners 
(node_modules/jsdom/lib/jsdom/living/events/EventTarget-impl.js:350:25)
      at invokeEventListeners 
(node_modules/jsdom/lib/jsdom/living/events/EventTarget-impl.js:286:3)
      at HTMLUnknownElementImpl._dispatch 
(node_modules/jsdom/lib/jsdom/living/events/EventTarget-impl.js:233:9)
      at HTMLUnknownElementImpl.dispatchEvent 
(node_modules/jsdom/lib/jsdom/living/events/EventTarget-impl.js:104:17)
      at HTMLUnknownElement.dispatchEvent 
(node_modules/jsdom/lib/jsdom/living/generated/EventTarget.js:241:34)
      at Object.invokeGuardedCallbackDev 
(node_modules/react-dom/cjs/react-dom.development.js:4213:16)
      at invokeGuardedCallback 
(node_modules/react-dom/cjs/react-dom.development.js:4277:31)
      at invokeGuardedCallbackAndCatchFirstError 
(node_modules/react-dom/cjs/react-dom.development.js:4291:25)
      at executeDispatch 
(node_modules/react-dom/cjs/react-dom.development.js:9041:3)
      at processDispatchQueueItemsInOrder 
(node_modules/react-dom/cjs/react-dom.development.js:9073:7)
      at processDispatchQueue 
(node_modules/react-dom/cjs/react-dom.development.js:9086:5)
      at dispatchEventsForPlugins 
(node_modules/react-dom/cjs/react-dom.development.js:9097:3)
      at node_modules/react-dom/cjs/react-dom.development.js:9288:12
      at batchedUpdates$1 
(node_modules/react-dom/cjs/react-dom.development.js:26179:12)
      at batchedUpdates 
(node_modules/react-dom/cjs/react-dom.development.js:3991:12)
      at dispatchEventForPluginEventSystem 
(node_modules/react-dom/cjs/react-dom.development.js:9287:3)
      at dispatchEventWithEnableCapturePhaseSelectiveHydrationWithoutDiscreteEv
entReplay (node_modules/react-dom/cjs/react-dom.development.js:6465:5)
      at dispatchEvent 
(node_modules/react-dom/cjs/react-dom.development.js:6457:5)
      at dispatchDiscreteEvent 
(node_modules/react-dom/cjs/react-dom.development.js:6430:5)
      at HTMLDivElement.callTheUserObjectsOperation 
(node_modules/jsdom/lib/jsdom/living/generated/EventListener.js:26:30)
      at innerInvokeEventListeners 
(node_modules/jsdom/lib/jsdom/living/events/EventTarget-impl.js:350:25)
      at invokeEventListeners 
(node_modules/jsdom/lib/jsdom/living/events/EventTarget-impl.js:286:3)
      at HTMLButtonElementImpl._dispatch 
(node_modules/jsdom/lib/jsdom/living/events/EventTarget-impl.js:233:9)
      at HTMLButtonElementImpl.dispatchEvent 
(node_modules/jsdom/lib/jsdom/living/events/EventTarget-impl.js:104:17)
      at HTMLButtonElement.dispatchEvent 
(node_modules/jsdom/lib/jsdom/living/generated/EventTarget.js:241:34)
      at 
node_modules/@testing-library/user-event/dist/cjs/event/dispatchEvent.js:45:43
      at Object.eventWrapper 
(node_modules/@testing-library/dom/dist/config.js:25:23)
      at Object.wrapEvent 
(node_modules/@testing-library/user-event/dist/cjs/event/wrapEvent.js:6:28)
      at Object.dispatchEvent (node_modules/@testing-library/user-event/dist/cj
s/event/dispatchEvent.js:45:22)
      at Object.dispatchUIEvent (node_modules/@testing-library/user-event/dist/
cjs/event/dispatchEvent.js:22:26)
      at Mouse.up (node_modules/@testing-library/user-event/dist/cjs/system/poi
nter/mouse.js:100:30)
      at PointerHost.release (node_modules/@testing-library/user-event/dist/cjs
/system/pointer/index.js:87:24)
      at pointerAction 
(node_modules/@testing-library/user-event/dist/cjs/pointer/index.js:54:47)
      at Object.pointer 
(node_modules/@testing-library/user-event/dist/cjs/pointer/index.js:27:9)
      at Object.<anonymous> (src/workflow/__tests__/workflow.test.tsx:359:9)

    console.error
      Warning: An update to ClearanceWorkflowPage inside a test was not 
wrapped in act(...).
      
      When testing, code that causes React state updates should be wrapped 
into act(...):
      
      act(() => {
        /* fire events that update state */
      });
      /* assert on the output */
      
      This ensures that you're testing the behavior the user would see in the 
browser. Learn more at https://reactjs.org/link/wrap-tests-with-act
          at ClearanceWorkflowPage (C:\Users\samhe\OneDrive\Desktop\Cleaned\fro
ntend\src\workflow\ClearanceWorkflowPage\ClearanceWorkflowPage.tsx:37:51)
          at basenameProp (C:\Users\samhe\OneDrive\Desktop\Cleaned\frontend\nod
e_modules\react-router\lib\components.tsx:421:13)
          at basename (C:\Users\samhe\OneDrive\Desktop\Cleaned\frontend\node_mo
dules\react-router\lib\components.tsx:225:3)

      57 |         setMatches([])
      58 |         setReviewNotes('')
    > 59 |         setChecking(true)
         |         ^
      60 |         try {
      61 |             const result = await checkClearanceDuplicates(sub.id)
      62 |             setMatches(result.matches)

      at printWarning 
(node_modules/react-dom/cjs/react-dom.development.js:86:30)
      at error (node_modules/react-dom/cjs/react-dom.development.js:60:7)
      at warnIfUpdatesNotWrappedWithActDEV 
(node_modules/react-dom/cjs/react-dom.development.js:27628:9)
      at scheduleUpdateOnFiber 
(node_modules/react-dom/cjs/react-dom.development.js:25547:5)
      at dispatchSetState 
(node_modules/react-dom/cjs/react-dom.development.js:16708:7)
      at handleCheckDuplicates 
(src/workflow/ClearanceWorkflowPage/ClearanceWorkflowPage.tsx:59:9)
      at onClick 
(src/workflow/ClearanceWorkflowPage/ClearanceWorkflowPage.tsx:164:72)
      at HTMLUnknownElement.callCallback 
(node_modules/react-dom/cjs/react-dom.development.js:4164:14)
      at HTMLUnknownElement.callTheUserObjectsOperation 
(node_modules/jsdom/lib/jsdom/living/generated/EventListener.js:26:30)
      at innerInvokeEventListeners 
(node_modules/jsdom/lib/jsdom/living/events/EventTarget-impl.js:350:25)
      at invokeEventListeners 
(node_modules/jsdom/lib/jsdom/living/events/EventTarget-impl.js:286:3)
      at HTMLUnknownElementImpl._dispatch 
(node_modules/jsdom/lib/jsdom/living/events/EventTarget-impl.js:233:9)
      at HTMLUnknownElementImpl.dispatchEvent 
(node_modules/jsdom/lib/jsdom/living/events/EventTarget-impl.js:104:17)
      at HTMLUnknownElement.dispatchEvent 
(node_modules/jsdom/lib/jsdom/living/generated/EventTarget.js:241:34)
      at Object.invokeGuardedCallbackDev 
(node_modules/react-dom/cjs/react-dom.development.js:4213:16)
      at invokeGuardedCallback 
(node_modules/react-dom/cjs/react-dom.development.js:4277:31)
      at invokeGuardedCallbackAndCatchFirstError 
(node_modules/react-dom/cjs/react-dom.development.js:4291:25)
      at executeDispatch 
(node_modules/react-dom/cjs/react-dom.development.js:9041:3)
      at processDispatchQueueItemsInOrder 
(node_modules/react-dom/cjs/react-dom.development.js:9073:7)
      at processDispatchQueue 
(node_modules/react-dom/cjs/react-dom.development.js:9086:5)
      at dispatchEventsForPlugins 
(node_modules/react-dom/cjs/react-dom.development.js:9097:3)
      at node_modules/react-dom/cjs/react-dom.development.js:9288:12
      at batchedUpdates$1 
(node_modules/react-dom/cjs/react-dom.development.js:26179:12)
      at batchedUpdates 
(node_modules/react-dom/cjs/react-dom.development.js:3991:12)
      at dispatchEventForPluginEventSystem 
(node_modules/react-dom/cjs/react-dom.development.js:9287:3)
      at dispatchEventWithEnableCapturePhaseSelectiveHydrationWithoutDiscreteEv
entReplay (node_modules/react-dom/cjs/react-dom.development.js:6465:5)
      at dispatchEvent 
(node_modules/react-dom/cjs/react-dom.development.js:6457:5)
      at dispatchDiscreteEvent 
(node_modules/react-dom/cjs/react-dom.development.js:6430:5)
      at HTMLDivElement.callTheUserObjectsOperation 
(node_modules/jsdom/lib/jsdom/living/generated/EventListener.js:26:30)
      at innerInvokeEventListeners 
(node_modules/jsdom/lib/jsdom/living/events/EventTarget-impl.js:350:25)
      at invokeEventListeners 
(node_modules/jsdom/lib/jsdom/living/events/EventTarget-impl.js:286:3)
      at HTMLButtonElementImpl._dispatch 
(node_modules/jsdom/lib/jsdom/living/events/EventTarget-impl.js:233:9)
      at HTMLButtonElementImpl.dispatchEvent 
(node_modules/jsdom/lib/jsdom/living/events/EventTarget-impl.js:104:17)
      at HTMLButtonElement.dispatchEvent 
(node_modules/jsdom/lib/jsdom/living/generated/EventTarget.js:241:34)
      at 
node_modules/@testing-library/user-event/dist/cjs/event/dispatchEvent.js:45:43
      at Object.eventWrapper 
(node_modules/@testing-library/dom/dist/config.js:25:23)
      at Object.wrapEvent 
(node_modules/@testing-library/user-event/dist/cjs/event/wrapEvent.js:6:28)
      at Object.dispatchEvent (node_modules/@testing-library/user-event/dist/cj
s/event/dispatchEvent.js:45:22)
      at Object.dispatchUIEvent (node_modules/@testing-library/user-event/dist/
cjs/event/dispatchEvent.js:22:26)
      at Mouse.up (node_modules/@testing-library/user-event/dist/cjs/system/poi
nter/mouse.js:100:30)
      at PointerHost.release (node_modules/@testing-library/user-event/dist/cjs
/system/pointer/index.js:87:24)
      at pointerAction 
(node_modules/@testing-library/user-event/dist/cjs/pointer/index.js:54:47)
      at Object.pointer 
(node_modules/@testing-library/user-event/dist/cjs/pointer/index.js:27:9)
      at Object.<anonymous> (src/workflow/__tests__/workflow.test.tsx:359:9)

    console.error
      Warning: An update to ClearanceWorkflowPage inside a test was not 
wrapped in act(...).
      
      When testing, code that causes React state updates should be wrapped 
into act(...):
      
      act(() => {
        /* fire events that update state */
      });
      /* assert on the output */
      
      This ensures that you're testing the behavior the user would see in the 
browser. Learn more at https://reactjs.org/link/wrap-tests-with-act
          at ClearanceWorkflowPage (C:\Users\samhe\OneDrive\Desktop\Cleaned\fro
ntend\src\workflow\ClearanceWorkflowPage\ClearanceWorkflowPage.tsx:37:51)
          at basenameProp (C:\Users\samhe\OneDrive\Desktop\Cleaned\frontend\nod
e_modules\react-router\lib\components.tsx:421:13)
          at basename (C:\Users\samhe\OneDrive\Desktop\Cleaned\frontend\node_mo
dules\react-router\lib\components.tsx:225:3)

      60 |         try {
      61 |             const result = await checkClearanceDuplicates(sub.id)
    > 62 |             setMatches(result.matches)
         |             ^
      63 |         } catch {
      64 |             addNotification('Could not check duplicates.', 'error')
      65 |         } finally {

      at printWarning 
(node_modules/react-dom/cjs/react-dom.development.js:86:30)
      at error (node_modules/react-dom/cjs/react-dom.development.js:60:7)
      at warnIfUpdatesNotWrappedWithActDEV 
(node_modules/react-dom/cjs/react-dom.development.js:27628:9)
      at scheduleUpdateOnFiber 
(node_modules/react-dom/cjs/react-dom.development.js:25547:5)
      at dispatchSetState 
(node_modules/react-dom/cjs/react-dom.development.js:16708:7)
      at handleCheckDuplicates 
(src/workflow/ClearanceWorkflowPage/ClearanceWorkflowPage.tsx:62:13)

    console.error
      Warning: An update to ClearanceWorkflowPage inside a test was not 
wrapped in act(...).
      
      When testing, code that causes React state updates should be wrapped 
into act(...):
      
      act(() => {
        /* fire events that update state */
      });
      /* assert on the output */
      
      This ensures that you're testing the behavior the user would see in the 
browser. Learn more at https://reactjs.org/link/wrap-tests-with-act
          at ClearanceWorkflowPage (C:\Users\samhe\OneDrive\Desktop\Cleaned\fro
ntend\src\workflow\ClearanceWorkflowPage\ClearanceWorkflowPage.tsx:37:51)
          at basenameProp (C:\Users\samhe\OneDrive\Desktop\Cleaned\frontend\nod
e_modules\react-router\lib\components.tsx:421:13)
          at basename (C:\Users\samhe\OneDrive\Desktop\Cleaned\frontend\node_mo
dules\react-router\lib\components.tsx:225:3)

      64 |             addNotification('Could not check duplicates.', 'error')
      65 |         } finally {
    > 66 |             setChecking(false)
         |             ^
      67 |         }
      68 |     }
      69 |

      at printWarning 
(node_modules/react-dom/cjs/react-dom.development.js:86:30)
      at error (node_modules/react-dom/cjs/react-dom.development.js:60:7)
      at warnIfUpdatesNotWrappedWithActDEV 
(node_modules/react-dom/cjs/react-dom.development.js:27628:9)
      at scheduleUpdateOnFiber 
(node_modules/react-dom/cjs/react-dom.development.js:25547:5)
      at dispatchSetState 
(node_modules/react-dom/cjs/react-dom.development.js:16708:7)
      at handleCheckDuplicates 
(src/workflow/ClearanceWorkflowPage/ClearanceWorkflowPage.tsx:66:13)

    console.error
      Warning: An update to ClearanceWorkflowPage inside a test was not 
wrapped in act(...).
      
      When testing, code that causes React state updates should be wrapped 
into act(...):
      
      act(() => {
        /* fire events that update state */
      });
      /* assert on the output */
      
      This ensures that you're testing the behavior the user would see in the 
browser. Learn more at https://reactjs.org/link/wrap-tests-with-act
          at ClearanceWorkflowPage (C:\Users\samhe\OneDrive\Desktop\Cleaned\fro
ntend\src\workflow\ClearanceWorkflowPage\ClearanceWorkflowPage.tsx:37:51)
          at basenameProp (C:\Users\samhe\OneDrive\Desktop\Cleaned\frontend\nod
e_modules\react-router\lib\components.tsx:421:13)
          at basename (C:\Users\samhe\OneDrive\Desktop\Cleaned\frontend\node_mo
dules\react-router\lib\components.tsx:225:3)

      54 |
      55 |     async function handleCheckDuplicates(sub: ClearanceSubmission) {
    > 56 |         setReviewTarget(sub)
         |         ^
      57 |         setMatches([])
      58 |         setReviewNotes('')
      59 |         setChecking(true)

      at printWarning 
(node_modules/react-dom/cjs/react-dom.development.js:86:30)
      at error (node_modules/react-dom/cjs/react-dom.development.js:60:7)
      at warnIfUpdatesNotWrappedWithActDEV 
(node_modules/react-dom/cjs/react-dom.development.js:27628:9)
      at scheduleUpdateOnFiber 
(node_modules/react-dom/cjs/react-dom.development.js:25547:5)
      at dispatchSetState 
(node_modules/react-dom/cjs/react-dom.development.js:16708:7)
      at handleCheckDuplicates 
(src/workflow/ClearanceWorkflowPage/ClearanceWorkflowPage.tsx:56:9)
      at onClick 
(src/workflow/ClearanceWorkflowPage/ClearanceWorkflowPage.tsx:164:72)
      at HTMLUnknownElement.callCallback 
(node_modules/react-dom/cjs/react-dom.development.js:4164:14)
      at HTMLUnknownElement.callTheUserObjectsOperation 
(node_modules/jsdom/lib/jsdom/living/generated/EventListener.js:26:30)
      at innerInvokeEventListeners 
(node_modules/jsdom/lib/jsdom/living/events/EventTarget-impl.js:350:25)
      at invokeEventListeners 
(node_modules/jsdom/lib/jsdom/living/events/EventTarget-impl.js:286:3)
      at HTMLUnknownElementImpl._dispatch 
(node_modules/jsdom/lib/jsdom/living/events/EventTarget-impl.js:233:9)
      at HTMLUnknownElementImpl.dispatchEvent 
(node_modules/jsdom/lib/jsdom/living/events/EventTarget-impl.js:104:17)
      at HTMLUnknownElement.dispatchEvent 
(node_modules/jsdom/lib/jsdom/living/generated/EventTarget.js:241:34)
      at Object.invokeGuardedCallbackDev 
(node_modules/react-dom/cjs/react-dom.development.js:4213:16)
      at invokeGuardedCallback 
(node_modules/react-dom/cjs/react-dom.development.js:4277:31)
      at invokeGuardedCallbackAndCatchFirstError 
(node_modules/react-dom/cjs/react-dom.development.js:4291:25)
      at executeDispatch 
(node_modules/react-dom/cjs/react-dom.development.js:9041:3)
      at processDispatchQueueItemsInOrder 
(node_modules/react-dom/cjs/react-dom.development.js:9073:7)
      at processDispatchQueue 
(node_modules/react-dom/cjs/react-dom.development.js:9086:5)
      at dispatchEventsForPlugins 
(node_modules/react-dom/cjs/react-dom.development.js:9097:3)
      at node_modules/react-dom/cjs/react-dom.development.js:9288:12
      at batchedUpdates$1 
(node_modules/react-dom/cjs/react-dom.development.js:26179:12)
      at batchedUpdates 
(node_modules/react-dom/cjs/react-dom.development.js:3991:12)
      at dispatchEventForPluginEventSystem 
(node_modules/react-dom/cjs/react-dom.development.js:9287:3)
      at dispatchEventWithEnableCapturePhaseSelectiveHydrationWithoutDiscreteEv
entReplay (node_modules/react-dom/cjs/react-dom.development.js:6465:5)
      at dispatchEvent 
(node_modules/react-dom/cjs/react-dom.development.js:6457:5)
      at dispatchDiscreteEvent 
(node_modules/react-dom/cjs/react-dom.development.js:6430:5)
      at HTMLDivElement.callTheUserObjectsOperation 
(node_modules/jsdom/lib/jsdom/living/generated/EventListener.js:26:30)
      at innerInvokeEventListeners 
(node_modules/jsdom/lib/jsdom/living/events/EventTarget-impl.js:350:25)
      at invokeEventListeners 
(node_modules/jsdom/lib/jsdom/living/events/EventTarget-impl.js:286:3)
      at HTMLButtonElementImpl._dispatch 
(node_modules/jsdom/lib/jsdom/living/events/EventTarget-impl.js:233:9)
      at HTMLButtonElementImpl.dispatchEvent 
(node_modules/jsdom/lib/jsdom/living/events/EventTarget-impl.js:104:17)
      at HTMLButtonElement.dispatchEvent 
(node_modules/jsdom/lib/jsdom/living/generated/EventTarget.js:241:34)
      at 
node_modules/@testing-library/user-event/dist/cjs/event/dispatchEvent.js:45:43
      at Object.eventWrapper 
(node_modules/@testing-library/dom/dist/config.js:25:23)
      at Object.wrapEvent 
(node_modules/@testing-library/user-event/dist/cjs/event/wrapEvent.js:6:28)
      at Object.dispatchEvent (node_modules/@testing-library/user-event/dist/cj
s/event/dispatchEvent.js:45:22)
      at Object.dispatchUIEvent (node_modules/@testing-library/user-event/dist/
cjs/event/dispatchEvent.js:22:26)
      at Mouse.up (node_modules/@testing-library/user-event/dist/cjs/system/poi
nter/mouse.js:100:30)
      at PointerHost.release (node_modules/@testing-library/user-event/dist/cjs
/system/pointer/index.js:87:24)
      at pointerAction 
(node_modules/@testing-library/user-event/dist/cjs/pointer/index.js:54:47)
      at Object.pointer 
(node_modules/@testing-library/user-event/dist/cjs/pointer/index.js:27:9)
      at Object.<anonymous> (src/workflow/__tests__/workflow.test.tsx:369:9)

    console.error
      Warning: An update to ClearanceWorkflowPage inside a test was not 
wrapped in act(...).
      
      When testing, code that causes React state updates should be wrapped 
into act(...):
      
      act(() => {
        /* fire events that update state */
      });
      /* assert on the output */
      
      This ensures that you're testing the behavior the user would see in the 
browser. Learn more at https://reactjs.org/link/wrap-tests-with-act
          at ClearanceWorkflowPage (C:\Users\samhe\OneDrive\Desktop\Cleaned\fro
ntend\src\workflow\ClearanceWorkflowPage\ClearanceWorkflowPage.tsx:37:51)
          at basenameProp (C:\Users\samhe\OneDrive\Desktop\Cleaned\frontend\nod
e_modules\react-router\lib\components.tsx:421:13)
          at basename (C:\Users\samhe\OneDrive\Desktop\Cleaned\frontend\node_mo
dules\react-router\lib\components.tsx:225:3)

      55 |     async function handleCheckDuplicates(sub: ClearanceSubmission) {
      56 |         setReviewTarget(sub)
    > 57 |         setMatches([])
         |         ^
      58 |         setReviewNotes('')
      59 |         setChecking(true)
      60 |         try {

      at printWarning 
(node_modules/react-dom/cjs/react-dom.development.js:86:30)
      at error (node_modules/react-dom/cjs/react-dom.development.js:60:7)
      at warnIfUpdatesNotWrappedWithActDEV 
(node_modules/react-dom/cjs/react-dom.development.js:27628:9)
      at scheduleUpdateOnFiber 
(node_modules/react-dom/cjs/react-dom.development.js:25547:5)
      at dispatchSetState 
(node_modules/react-dom/cjs/react-dom.development.js:16708:7)
      at handleCheckDuplicates 
(src/workflow/ClearanceWorkflowPage/ClearanceWorkflowPage.tsx:57:9)
      at onClick 
(src/workflow/ClearanceWorkflowPage/ClearanceWorkflowPage.tsx:164:72)
      at HTMLUnknownElement.callCallback 
(node_modules/react-dom/cjs/react-dom.development.js:4164:14)
      at HTMLUnknownElement.callTheUserObjectsOperation 
(node_modules/jsdom/lib/jsdom/living/generated/EventListener.js:26:30)
      at innerInvokeEventListeners 
(node_modules/jsdom/lib/jsdom/living/events/EventTarget-impl.js:350:25)
      at invokeEventListeners 
(node_modules/jsdom/lib/jsdom/living/events/EventTarget-impl.js:286:3)
      at HTMLUnknownElementImpl._dispatch 
(node_modules/jsdom/lib/jsdom/living/events/EventTarget-impl.js:233:9)
      at HTMLUnknownElementImpl.dispatchEvent 
(node_modules/jsdom/lib/jsdom/living/events/EventTarget-impl.js:104:17)
      at HTMLUnknownElement.dispatchEvent 
(node_modules/jsdom/lib/jsdom/living/generated/EventTarget.js:241:34)
      at Object.invokeGuardedCallbackDev 
(node_modules/react-dom/cjs/react-dom.development.js:4213:16)
      at invokeGuardedCallback 
(node_modules/react-dom/cjs/react-dom.development.js:4277:31)
      at invokeGuardedCallbackAndCatchFirstError 
(node_modules/react-dom/cjs/react-dom.development.js:4291:25)
      at executeDispatch 
(node_modules/react-dom/cjs/react-dom.development.js:9041:3)
      at processDispatchQueueItemsInOrder 
(node_modules/react-dom/cjs/react-dom.development.js:9073:7)
      at processDispatchQueue 
(node_modules/react-dom/cjs/react-dom.development.js:9086:5)
      at dispatchEventsForPlugins 
(node_modules/react-dom/cjs/react-dom.development.js:9097:3)
      at node_modules/react-dom/cjs/react-dom.development.js:9288:12
      at batchedUpdates$1 
(node_modules/react-dom/cjs/react-dom.development.js:26179:12)
      at batchedUpdates 
(node_modules/react-dom/cjs/react-dom.development.js:3991:12)
      at dispatchEventForPluginEventSystem 
(node_modules/react-dom/cjs/react-dom.development.js:9287:3)
      at dispatchEventWithEnableCapturePhaseSelectiveHydrationWithoutDiscreteEv
entReplay (node_modules/react-dom/cjs/react-dom.development.js:6465:5)
      at dispatchEvent 
(node_modules/react-dom/cjs/react-dom.development.js:6457:5)
      at dispatchDiscreteEvent 
(node_modules/react-dom/cjs/react-dom.development.js:6430:5)
      at HTMLDivElement.callTheUserObjectsOperation 
(node_modules/jsdom/lib/jsdom/living/generated/EventListener.js:26:30)
      at innerInvokeEventListeners 
(node_modules/jsdom/lib/jsdom/living/events/EventTarget-impl.js:350:25)
      at invokeEventListeners 
(node_modules/jsdom/lib/jsdom/living/events/EventTarget-impl.js:286:3)
      at HTMLButtonElementImpl._dispatch 
(node_modules/jsdom/lib/jsdom/living/events/EventTarget-impl.js:233:9)
      at HTMLButtonElementImpl.dispatchEvent 
(node_modules/jsdom/lib/jsdom/living/events/EventTarget-impl.js:104:17)
      at HTMLButtonElement.dispatchEvent 
(node_modules/jsdom/lib/jsdom/living/generated/EventTarget.js:241:34)
      at 
node_modules/@testing-library/user-event/dist/cjs/event/dispatchEvent.js:45:43
      at Object.eventWrapper 
(node_modules/@testing-library/dom/dist/config.js:25:23)
      at Object.wrapEvent 
(node_modules/@testing-library/user-event/dist/cjs/event/wrapEvent.js:6:28)
      at Object.dispatchEvent (node_modules/@testing-library/user-event/dist/cj
s/event/dispatchEvent.js:45:22)
      at Object.dispatchUIEvent (node_modules/@testing-library/user-event/dist/
cjs/event/dispatchEvent.js:22:26)
      at Mouse.up (node_modules/@testing-library/user-event/dist/cjs/system/poi
nter/mouse.js:100:30)
      at PointerHost.release (node_modules/@testing-library/user-event/dist/cjs
/system/pointer/index.js:87:24)
      at pointerAction 
(node_modules/@testing-library/user-event/dist/cjs/pointer/index.js:54:47)
      at Object.pointer 
(node_modules/@testing-library/user-event/dist/cjs/pointer/index.js:27:9)
      at Object.<anonymous> (src/workflow/__tests__/workflow.test.tsx:369:9)

    console.error
      Warning: An update to ClearanceWorkflowPage inside a test was not 
wrapped in act(...).
      
      When testing, code that causes React state updates should be wrapped 
into act(...):
      
      act(() => {
        /* fire events that update state */
      });
      /* assert on the output */
      
      This ensures that you're testing the behavior the user would see in the 
browser. Learn more at https://reactjs.org/link/wrap-tests-with-act
          at ClearanceWorkflowPage (C:\Users\samhe\OneDrive\Desktop\Cleaned\fro
ntend\src\workflow\ClearanceWorkflowPage\ClearanceWorkflowPage.tsx:37:51)
          at basenameProp (C:\Users\samhe\OneDrive\Desktop\Cleaned\frontend\nod
e_modules\react-router\lib\components.tsx:421:13)
          at basename (C:\Users\samhe\OneDrive\Desktop\Cleaned\frontend\node_mo
dules\react-router\lib\components.tsx:225:3)

      56 |         setReviewTarget(sub)
      57 |         setMatches([])
    > 58 |         setReviewNotes('')
         |         ^
      59 |         setChecking(true)
      60 |         try {
      61 |             const result = await checkClearanceDuplicates(sub.id)

      at printWarning 
(node_modules/react-dom/cjs/react-dom.development.js:86:30)
      at error (node_modules/react-dom/cjs/react-dom.development.js:60:7)
      at warnIfUpdatesNotWrappedWithActDEV 
(node_modules/react-dom/cjs/react-dom.development.js:27628:9)
      at scheduleUpdateOnFiber 
(node_modules/react-dom/cjs/react-dom.development.js:25547:5)
      at dispatchSetState 
(node_modules/react-dom/cjs/react-dom.development.js:16708:7)
      at handleCheckDuplicates 
(src/workflow/ClearanceWorkflowPage/ClearanceWorkflowPage.tsx:58:9)
      at onClick 
(src/workflow/ClearanceWorkflowPage/ClearanceWorkflowPage.tsx:164:72)
      at HTMLUnknownElement.callCallback 
(node_modules/react-dom/cjs/react-dom.development.js:4164:14)
      at HTMLUnknownElement.callTheUserObjectsOperation 
(node_modules/jsdom/lib/jsdom/living/generated/EventListener.js:26:30)
      at innerInvokeEventListeners 
(node_modules/jsdom/lib/jsdom/living/events/EventTarget-impl.js:350:25)
      at invokeEventListeners 
(node_modules/jsdom/lib/jsdom/living/events/EventTarget-impl.js:286:3)
      at HTMLUnknownElementImpl._dispatch 
(node_modules/jsdom/lib/jsdom/living/events/EventTarget-impl.js:233:9)
      at HTMLUnknownElementImpl.dispatchEvent 
(node_modules/jsdom/lib/jsdom/living/events/EventTarget-impl.js:104:17)
      at HTMLUnknownElement.dispatchEvent 
(node_modules/jsdom/lib/jsdom/living/generated/EventTarget.js:241:34)
      at Object.invokeGuardedCallbackDev 
(node_modules/react-dom/cjs/react-dom.development.js:4213:16)
      at invokeGuardedCallback 
(node_modules/react-dom/cjs/react-dom.development.js:4277:31)
      at invokeGuardedCallbackAndCatchFirstError 
(node_modules/react-dom/cjs/react-dom.development.js:4291:25)
      at executeDispatch 
(node_modules/react-dom/cjs/react-dom.development.js:9041:3)
      at processDispatchQueueItemsInOrder 
(node_modules/react-dom/cjs/react-dom.development.js:9073:7)
      at processDispatchQueue 
(node_modules/react-dom/cjs/react-dom.development.js:9086:5)
      at dispatchEventsForPlugins 
(node_modules/react-dom/cjs/react-dom.development.js:9097:3)
      at node_modules/react-dom/cjs/react-dom.development.js:9288:12
      at batchedUpdates$1 
(node_modules/react-dom/cjs/react-dom.development.js:26179:12)
      at batchedUpdates 
(node_modules/react-dom/cjs/react-dom.development.js:3991:12)
      at dispatchEventForPluginEventSystem 
(node_modules/react-dom/cjs/react-dom.development.js:9287:3)
      at dispatchEventWithEnableCapturePhaseSelectiveHydrationWithoutDiscreteEv
entReplay (node_modules/react-dom/cjs/react-dom.development.js:6465:5)
      at dispatchEvent 
(node_modules/react-dom/cjs/react-dom.development.js:6457:5)
      at dispatchDiscreteEvent 
(node_modules/react-dom/cjs/react-dom.development.js:6430:5)
      at HTMLDivElement.callTheUserObjectsOperation 
(node_modules/jsdom/lib/jsdom/living/generated/EventListener.js:26:30)
      at innerInvokeEventListeners 
(node_modules/jsdom/lib/jsdom/living/events/EventTarget-impl.js:350:25)
      at invokeEventListeners 
(node_modules/jsdom/lib/jsdom/living/events/EventTarget-impl.js:286:3)
      at HTMLButtonElementImpl._dispatch 
(node_modules/jsdom/lib/jsdom/living/events/EventTarget-impl.js:233:9)
      at HTMLButtonElementImpl.dispatchEvent 
(node_modules/jsdom/lib/jsdom/living/events/EventTarget-impl.js:104:17)
      at HTMLButtonElement.dispatchEvent 
(node_modules/jsdom/lib/jsdom/living/generated/EventTarget.js:241:34)
      at 
node_modules/@testing-library/user-event/dist/cjs/event/dispatchEvent.js:45:43
      at Object.eventWrapper 
(node_modules/@testing-library/dom/dist/config.js:25:23)
      at Object.wrapEvent 
(node_modules/@testing-library/user-event/dist/cjs/event/wrapEvent.js:6:28)
      at Object.dispatchEvent (node_modules/@testing-library/user-event/dist/cj
s/event/dispatchEvent.js:45:22)
      at Object.dispatchUIEvent (node_modules/@testing-library/user-event/dist/
cjs/event/dispatchEvent.js:22:26)
      at Mouse.up (node_modules/@testing-library/user-event/dist/cjs/system/poi
nter/mouse.js:100:30)
      at PointerHost.release (node_modules/@testing-library/user-event/dist/cjs
/system/pointer/index.js:87:24)
      at pointerAction 
(node_modules/@testing-library/user-event/dist/cjs/pointer/index.js:54:47)
      at Object.pointer 
(node_modules/@testing-library/user-event/dist/cjs/pointer/index.js:27:9)
      at Object.<anonymous> (src/workflow/__tests__/workflow.test.tsx:369:9)

    console.error
      Warning: An update to ClearanceWorkflowPage inside a test was not 
wrapped in act(...).
      
      When testing, code that causes React state updates should be wrapped 
into act(...):
      
      act(() => {
        /* fire events that update state */
      });
      /* assert on the output */
      
      This ensures that you're testing the behavior the user would see in the 
browser. Learn more at https://reactjs.org/link/wrap-tests-with-act
          at ClearanceWorkflowPage (C:\Users\samhe\OneDrive\Desktop\Cleaned\fro
ntend\src\workflow\ClearanceWorkflowPage\ClearanceWorkflowPage.tsx:37:51)
          at basenameProp (C:\Users\samhe\OneDrive\Desktop\Cleaned\frontend\nod
e_modules\react-router\lib\components.tsx:421:13)
          at basename (C:\Users\samhe\OneDrive\Desktop\Cleaned\frontend\node_mo
dules\react-router\lib\components.tsx:225:3)

      57 |         setMatches([])
      58 |         setReviewNotes('')
    > 59 |         setChecking(true)
         |         ^
      60 |         try {
      61 |             const result = await checkClearanceDuplicates(sub.id)
      62 |             setMatches(result.matches)

      at printWarning 
(node_modules/react-dom/cjs/react-dom.development.js:86:30)
      at error (node_modules/react-dom/cjs/react-dom.development.js:60:7)
      at warnIfUpdatesNotWrappedWithActDEV 
(node_modules/react-dom/cjs/react-dom.development.js:27628:9)
      at scheduleUpdateOnFiber 
(node_modules/react-dom/cjs/react-dom.development.js:25547:5)
      at dispatchSetState 
(node_modules/react-dom/cjs/react-dom.development.js:16708:7)
      at handleCheckDuplicates 
(src/workflow/ClearanceWorkflowPage/ClearanceWorkflowPage.tsx:59:9)
      at onClick 
(src/workflow/ClearanceWorkflowPage/ClearanceWorkflowPage.tsx:164:72)
      at HTMLUnknownElement.callCallback 
(node_modules/react-dom/cjs/react-dom.development.js:4164:14)
      at HTMLUnknownElement.callTheUserObjectsOperation 
(node_modules/jsdom/lib/jsdom/living/generated/EventListener.js:26:30)
      at innerInvokeEventListeners 
(node_modules/jsdom/lib/jsdom/living/events/EventTarget-impl.js:350:25)
      at invokeEventListeners 
(node_modules/jsdom/lib/jsdom/living/events/EventTarget-impl.js:286:3)
      at HTMLUnknownElementImpl._dispatch 
(node_modules/jsdom/lib/jsdom/living/events/EventTarget-impl.js:233:9)
      at HTMLUnknownElementImpl.dispatchEvent 
(node_modules/jsdom/lib/jsdom/living/events/EventTarget-impl.js:104:17)
      at HTMLUnknownElement.dispatchEvent 
(node_modules/jsdom/lib/jsdom/living/generated/EventTarget.js:241:34)
      at Object.invokeGuardedCallbackDev 
(node_modules/react-dom/cjs/react-dom.development.js:4213:16)
      at invokeGuardedCallback 
(node_modules/react-dom/cjs/react-dom.development.js:4277:31)
      at invokeGuardedCallbackAndCatchFirstError 
(node_modules/react-dom/cjs/react-dom.development.js:4291:25)
      at executeDispatch 
(node_modules/react-dom/cjs/react-dom.development.js:9041:3)
      at processDispatchQueueItemsInOrder 
(node_modules/react-dom/cjs/react-dom.development.js:9073:7)
      at processDispatchQueue 
(node_modules/react-dom/cjs/react-dom.development.js:9086:5)
      at dispatchEventsForPlugins 
(node_modules/react-dom/cjs/react-dom.development.js:9097:3)
      at node_modules/react-dom/cjs/react-dom.development.js:9288:12
      at batchedUpdates$1 
(node_modules/react-dom/cjs/react-dom.development.js:26179:12)
      at batchedUpdates 
(node_modules/react-dom/cjs/react-dom.development.js:3991:12)
      at dispatchEventForPluginEventSystem 
(node_modules/react-dom/cjs/react-dom.development.js:9287:3)
      at dispatchEventWithEnableCapturePhaseSelectiveHydrationWithoutDiscreteEv
entReplay (node_modules/react-dom/cjs/react-dom.development.js:6465:5)
      at dispatchEvent 
(node_modules/react-dom/cjs/react-dom.development.js:6457:5)
      at dispatchDiscreteEvent 
(node_modules/react-dom/cjs/react-dom.development.js:6430:5)
      at HTMLDivElement.callTheUserObjectsOperation 
(node_modules/jsdom/lib/jsdom/living/generated/EventListener.js:26:30)
      at innerInvokeEventListeners 
(node_modules/jsdom/lib/jsdom/living/events/EventTarget-impl.js:350:25)
      at invokeEventListeners 
(node_modules/jsdom/lib/jsdom/living/events/EventTarget-impl.js:286:3)
      at HTMLButtonElementImpl._dispatch 
(node_modules/jsdom/lib/jsdom/living/events/EventTarget-impl.js:233:9)
      at HTMLButtonElementImpl.dispatchEvent 
(node_modules/jsdom/lib/jsdom/living/events/EventTarget-impl.js:104:17)
      at HTMLButtonElement.dispatchEvent 
(node_modules/jsdom/lib/jsdom/living/generated/EventTarget.js:241:34)
      at 
node_modules/@testing-library/user-event/dist/cjs/event/dispatchEvent.js:45:43
      at Object.eventWrapper 
(node_modules/@testing-library/dom/dist/config.js:25:23)
      at Object.wrapEvent 
(node_modules/@testing-library/user-event/dist/cjs/event/wrapEvent.js:6:28)
      at Object.dispatchEvent (node_modules/@testing-library/user-event/dist/cj
s/event/dispatchEvent.js:45:22)
      at Object.dispatchUIEvent (node_modules/@testing-library/user-event/dist/
cjs/event/dispatchEvent.js:22:26)
      at Mouse.up (node_modules/@testing-library/user-event/dist/cjs/system/poi
nter/mouse.js:100:30)
      at PointerHost.release (node_modules/@testing-library/user-event/dist/cjs
/system/pointer/index.js:87:24)
      at pointerAction 
(node_modules/@testing-library/user-event/dist/cjs/pointer/index.js:54:47)
      at Object.pointer 
(node_modules/@testing-library/user-event/dist/cjs/pointer/index.js:27:9)
      at Object.<anonymous> (src/workflow/__tests__/workflow.test.tsx:369:9)

    console.error
      Warning: An update to ClearanceWorkflowPage inside a test was not 
wrapped in act(...).
      
      When testing, code that causes React state updates should be wrapped 
into act(...):
      
      act(() => {
        /* fire events that update state */
      });
      /* assert on the output */
      
      This ensures that you're testing the behavior the user would see in the 
browser. Learn more at https://reactjs.org/link/wrap-tests-with-act
          at ClearanceWorkflowPage (C:\Users\samhe\OneDrive\Desktop\Cleaned\fro
ntend\src\workflow\ClearanceWorkflowPage\ClearanceWorkflowPage.tsx:37:51)
          at basenameProp (C:\Users\samhe\OneDrive\Desktop\Cleaned\frontend\nod
e_modules\react-router\lib\components.tsx:421:13)
          at basename (C:\Users\samhe\OneDrive\Desktop\Cleaned\frontend\node_mo
dules\react-router\lib\components.tsx:225:3)

      60 |         try {
      61 |             const result = await checkClearanceDuplicates(sub.id)
    > 62 |             setMatches(result.matches)
         |             ^
      63 |         } catch {
      64 |             addNotification('Could not check duplicates.', 'error')
      65 |         } finally {

      at printWarning 
(node_modules/react-dom/cjs/react-dom.development.js:86:30)
      at error (node_modules/react-dom/cjs/react-dom.development.js:60:7)
      at warnIfUpdatesNotWrappedWithActDEV 
(node_modules/react-dom/cjs/react-dom.development.js:27628:9)
      at scheduleUpdateOnFiber 
(node_modules/react-dom/cjs/react-dom.development.js:25547:5)
      at dispatchSetState 
(node_modules/react-dom/cjs/react-dom.development.js:16708:7)
      at handleCheckDuplicates 
(src/workflow/ClearanceWorkflowPage/ClearanceWorkflowPage.tsx:62:13)

    console.error
      Warning: An update to ClearanceWorkflowPage inside a test was not 
wrapped in act(...).
      
      When testing, code that causes React state updates should be wrapped 
into act(...):
      
      act(() => {
        /* fire events that update state */
      });
      /* assert on the output */
      
      This ensures that you're testing the behavior the user would see in the 
browser. Learn more at https://reactjs.org/link/wrap-tests-with-act
          at ClearanceWorkflowPage (C:\Users\samhe\OneDrive\Desktop\Cleaned\fro
ntend\src\workflow\ClearanceWorkflowPage\ClearanceWorkflowPage.tsx:37:51)
          at basenameProp (C:\Users\samhe\OneDrive\Desktop\Cleaned\frontend\nod
e_modules\react-router\lib\components.tsx:421:13)
          at basename (C:\Users\samhe\OneDrive\Desktop\Cleaned\frontend\node_mo
dules\react-router\lib\components.tsx:225:3)

      64 |             addNotification('Could not check duplicates.', 'error')
      65 |         } finally {
    > 66 |             setChecking(false)
         |             ^
      67 |         }
      68 |     }
      69 |

      at printWarning 
(node_modules/react-dom/cjs/react-dom.development.js:86:30)
      at error (node_modules/react-dom/cjs/react-dom.development.js:60:7)
      at warnIfUpdatesNotWrappedWithActDEV 
(node_modules/react-dom/cjs/react-dom.development.js:27628:9)
      at scheduleUpdateOnFiber 
(node_modules/react-dom/cjs/react-dom.development.js:25547:5)
      at dispatchSetState 
(node_modules/react-dom/cjs/react-dom.development.js:16708:7)
      at handleCheckDuplicates 
(src/workflow/ClearanceWorkflowPage/ClearanceWorkflowPage.tsx:66:13)

    console.error
      Warning: An update to ClearanceWorkflowPage inside a test was not 
wrapped in act(...).
      
      When testing, code that causes React state updates should be wrapped 
into act(...):
      
      act(() => {
        /* fire events that update state */
      });
      /* assert on the output */
      
      This ensures that you're testing the behavior the user would see in the 
browser. Learn more at https://reactjs.org/link/wrap-tests-with-act
          at ClearanceWorkflowPage (C:\Users\samhe\OneDrive\Desktop\Cleaned\fro
ntend\src\workflow\ClearanceWorkflowPage\ClearanceWorkflowPage.tsx:37:51)
          at basenameProp (C:\Users\samhe\OneDrive\Desktop\Cleaned\frontend\nod
e_modules\react-router\lib\components.tsx:421:13)
          at basename (C:\Users\samhe\OneDrive\Desktop\Cleaned\frontend\node_mo
dules\react-router\lib\components.tsx:225:3)

      76 |     async function handleClear() {
      77 |         if (!reviewTarget) return
    > 78 |         setClearing(true)
         |         ^
      79 |         try {
      80 |             const updated = await clearSubmission(reviewTarget.id, 
reviewNotes)
      81 |             setSubmissions((prev) => prev.map((s) => (s.id === 
updated.id ? updated : s)))

      at printWarning 
(node_modules/react-dom/cjs/react-dom.development.js:86:30)
      at error (node_modules/react-dom/cjs/react-dom.development.js:60:7)
      at warnIfUpdatesNotWrappedWithActDEV 
(node_modules/react-dom/cjs/react-dom.development.js:27628:9)
      at scheduleUpdateOnFiber 
(node_modules/react-dom/cjs/react-dom.development.js:25547:5)
      at dispatchSetState 
(node_modules/react-dom/cjs/react-dom.development.js:16708:7)
      at handleClear 
(src/workflow/ClearanceWorkflowPage/ClearanceWorkflowPage.tsx:78:9)
      at HTMLUnknownElement.callCallback 
(node_modules/react-dom/cjs/react-dom.development.js:4164:14)
      at HTMLUnknownElement.callTheUserObjectsOperation 
(node_modules/jsdom/lib/jsdom/living/generated/EventListener.js:26:30)
      at innerInvokeEventListeners 
(node_modules/jsdom/lib/jsdom/living/events/EventTarget-impl.js:350:25)
      at invokeEventListeners 
(node_modules/jsdom/lib/jsdom/living/events/EventTarget-impl.js:286:3)
      at HTMLUnknownElementImpl._dispatch 
(node_modules/jsdom/lib/jsdom/living/events/EventTarget-impl.js:233:9)
      at HTMLUnknownElementImpl.dispatchEvent 
(node_modules/jsdom/lib/jsdom/living/events/EventTarget-impl.js:104:17)
      at HTMLUnknownElement.dispatchEvent 
(node_modules/jsdom/lib/jsdom/living/generated/EventTarget.js:241:34)
      at Object.invokeGuardedCallbackDev 
(node_modules/react-dom/cjs/react-dom.development.js:4213:16)
      at invokeGuardedCallback 
(node_modules/react-dom/cjs/react-dom.development.js:4277:31)
      at invokeGuardedCallbackAndCatchFirstError 
(node_modules/react-dom/cjs/react-dom.development.js:4291:25)
      at executeDispatch 
(node_modules/react-dom/cjs/react-dom.development.js:9041:3)
      at processDispatchQueueItemsInOrder 
(node_modules/react-dom/cjs/react-dom.development.js:9073:7)
      at processDispatchQueue 
(node_modules/react-dom/cjs/react-dom.development.js:9086:5)
      at dispatchEventsForPlugins 
(node_modules/react-dom/cjs/react-dom.development.js:9097:3)
      at node_modules/react-dom/cjs/react-dom.development.js:9288:12
      at batchedUpdates$1 
(node_modules/react-dom/cjs/react-dom.development.js:26179:12)
      at batchedUpdates 
(node_modules/react-dom/cjs/react-dom.development.js:3991:12)
      at dispatchEventForPluginEventSystem 
(node_modules/react-dom/cjs/react-dom.development.js:9287:3)
      at dispatchEventWithEnableCapturePhaseSelectiveHydrationWithoutDiscreteEv
entReplay (node_modules/react-dom/cjs/react-dom.development.js:6465:5)
      at dispatchEvent 
(node_modules/react-dom/cjs/react-dom.development.js:6457:5)
      at dispatchDiscreteEvent 
(node_modules/react-dom/cjs/react-dom.development.js:6430:5)
      at HTMLDivElement.callTheUserObjectsOperation 
(node_modules/jsdom/lib/jsdom/living/generated/EventListener.js:26:30)
      at innerInvokeEventListeners 
(node_modules/jsdom/lib/jsdom/living/events/EventTarget-impl.js:350:25)
      at invokeEventListeners 
(node_modules/jsdom/lib/jsdom/living/events/EventTarget-impl.js:286:3)
      at HTMLButtonElementImpl._dispatch 
(node_modules/jsdom/lib/jsdom/living/events/EventTarget-impl.js:233:9)
      at HTMLButtonElementImpl.dispatchEvent 
(node_modules/jsdom/lib/jsdom/living/events/EventTarget-impl.js:104:17)
      at HTMLButtonElement.dispatchEvent 
(node_modules/jsdom/lib/jsdom/living/generated/EventTarget.js:241:34)
      at 
node_modules/@testing-library/user-event/dist/cjs/event/dispatchEvent.js:45:43
      at Object.eventWrapper 
(node_modules/@testing-library/dom/dist/config.js:25:23)
      at Object.wrapEvent 
(node_modules/@testing-library/user-event/dist/cjs/event/wrapEvent.js:6:28)
      at Object.dispatchEvent (node_modules/@testing-library/user-event/dist/cj
s/event/dispatchEvent.js:45:22)
      at Object.dispatchUIEvent (node_modules/@testing-library/user-event/dist/
cjs/event/dispatchEvent.js:22:26)
      at Mouse.up (node_modules/@testing-library/user-event/dist/cjs/system/poi
nter/mouse.js:100:30)
      at PointerHost.release (node_modules/@testing-library/user-event/dist/cjs
/system/pointer/index.js:87:24)
      at pointerAction 
(node_modules/@testing-library/user-event/dist/cjs/pointer/index.js:54:47)
      at Object.pointer 
(node_modules/@testing-library/user-event/dist/cjs/pointer/index.js:27:9)
      at Object.<anonymous> (src/workflow/__tests__/workflow.test.tsx:374:9)

    console.error
      Warning: An update to ClearanceWorkflowPage inside a test was not 
wrapped in act(...).
      
      When testing, code that causes React state updates should be wrapped 
into act(...):
      
      act(() => {
        /* fire events that update state */
      });
      /* assert on the output */
      
      This ensures that you're testing the behavior the user would see in the 
browser. Learn more at https://reactjs.org/link/wrap-tests-with-act
          at ClearanceWorkflowPage (C:\Users\samhe\OneDrive\Desktop\Cleaned\fro
ntend\src\workflow\ClearanceWorkflowPage\ClearanceWorkflowPage.tsx:37:51)
          at basenameProp (C:\Users\samhe\OneDrive\Desktop\Cleaned\frontend\nod
e_modules\react-router\lib\components.tsx:421:13)
          at basename (C:\Users\samhe\OneDrive\Desktop\Cleaned\frontend\node_mo
dules\react-router\lib\components.tsx:225:3)

      79 |         try {
      80 |             const updated = await clearSubmission(reviewTarget.id, 
reviewNotes)
    > 81 |             setSubmissions((prev) => prev.map((s) => (s.id === 
updated.id ? updated : s)))
         |             ^
      82 |             addNotification('Submission cleared.', 'success')
      83 |             setReviewTarget(null)
      84 |         } catch {

      at printWarning 
(node_modules/react-dom/cjs/react-dom.development.js:86:30)
      at error (node_modules/react-dom/cjs/react-dom.development.js:60:7)
      at warnIfUpdatesNotWrappedWithActDEV 
(node_modules/react-dom/cjs/react-dom.development.js:27628:9)
      at scheduleUpdateOnFiber 
(node_modules/react-dom/cjs/react-dom.development.js:25547:5)
      at dispatchSetState 
(node_modules/react-dom/cjs/react-dom.development.js:16708:7)
      at handleClear 
(src/workflow/ClearanceWorkflowPage/ClearanceWorkflowPage.tsx:81:13)

    console.error
      Warning: An update to ClearanceWorkflowPage inside a test was not 
wrapped in act(...).
      
      When testing, code that causes React state updates should be wrapped 
into act(...):
      
      act(() => {
        /* fire events that update state */
      });
      /* assert on the output */
      
      This ensures that you're testing the behavior the user would see in the 
browser. Learn more at https://reactjs.org/link/wrap-tests-with-act
          at ClearanceWorkflowPage (C:\Users\samhe\OneDrive\Desktop\Cleaned\fro
ntend\src\workflow\ClearanceWorkflowPage\ClearanceWorkflowPage.tsx:37:51)
          at basenameProp (C:\Users\samhe\OneDrive\Desktop\Cleaned\frontend\nod
e_modules\react-router\lib\components.tsx:421:13)
          at basename (C:\Users\samhe\OneDrive\Desktop\Cleaned\frontend\node_mo
dules\react-router\lib\components.tsx:225:3)

      81 |             setSubmissions((prev) => prev.map((s) => (s.id === 
updated.id ? updated : s)))
      82 |             addNotification('Submission cleared.', 'success')
    > 83 |             setReviewTarget(null)
         |             ^
      84 |         } catch {
      85 |             addNotification('Could not clear submission.', 'error')
      86 |         } finally {

      at printWarning 
(node_modules/react-dom/cjs/react-dom.development.js:86:30)
      at error (node_modules/react-dom/cjs/react-dom.development.js:60:7)
      at warnIfUpdatesNotWrappedWithActDEV 
(node_modules/react-dom/cjs/react-dom.development.js:27628:9)
      at scheduleUpdateOnFiber 
(node_modules/react-dom/cjs/react-dom.development.js:25547:5)
      at dispatchSetState 
(node_modules/react-dom/cjs/react-dom.development.js:16708:7)
      at handleClear 
(src/workflow/ClearanceWorkflowPage/ClearanceWorkflowPage.tsx:83:13)

    console.error
      Warning: An update to ClearanceWorkflowPage inside a test was not 
wrapped in act(...).
      
      When testing, code that causes React state updates should be wrapped 
into act(...):
      
      act(() => {
        /* fire events that update state */
      });
      /* assert on the output */
      
      This ensures that you're testing the behavior the user would see in the 
browser. Learn more at https://reactjs.org/link/wrap-tests-with-act
          at ClearanceWorkflowPage (C:\Users\samhe\OneDrive\Desktop\Cleaned\fro
ntend\src\workflow\ClearanceWorkflowPage\ClearanceWorkflowPage.tsx:37:51)
          at basenameProp (C:\Users\samhe\OneDrive\Desktop\Cleaned\frontend\nod
e_modules\react-router\lib\components.tsx:421:13)
          at basename (C:\Users\samhe\OneDrive\Desktop\Cleaned\frontend\node_mo
dules\react-router\lib\components.tsx:225:3)

      85 |             addNotification('Could not clear submission.', 'error')
      86 |         } finally {
    > 87 |             setClearing(false)
         |             ^
      88 |         }
      89 |     }
      90 |

      at printWarning 
(node_modules/react-dom/cjs/react-dom.development.js:86:30)
      at error (node_modules/react-dom/cjs/react-dom.development.js:60:7)
      at warnIfUpdatesNotWrappedWithActDEV 
(node_modules/react-dom/cjs/react-dom.development.js:27628:9)
      at scheduleUpdateOnFiber 
(node_modules/react-dom/cjs/react-dom.development.js:25547:5)
      at dispatchSetState 
(node_modules/react-dom/cjs/react-dom.development.js:16708:7)
      at handleClear 
(src/workflow/ClearanceWorkflowPage/ClearanceWorkflowPage.tsx:87:13)

    console.error
      Warning: An update to ClearanceWorkflowPage inside a test was not 
wrapped in act(...).
      
      When testing, code that causes React state updates should be wrapped 
into act(...):
      
      act(() => {
        /* fire events that update state */
      });
      /* assert on the output */
      
      This ensures that you're testing the behavior the user would see in the 
browser. Learn more at https://reactjs.org/link/wrap-tests-with-act
          at ClearanceWorkflowPage (C:\Users\samhe\OneDrive\Desktop\Cleaned\fro
ntend\src\workflow\ClearanceWorkflowPage\ClearanceWorkflowPage.tsx:37:51)
          at basenameProp (C:\Users\samhe\OneDrive\Desktop\Cleaned\frontend\nod
e_modules\react-router\lib\components.tsx:421:13)
          at basename (C:\Users\samhe\OneDrive\Desktop\Cleaned\frontend\node_mo
dules\react-router\lib\components.tsx:225:3)

      54 |
      55 |     async function handleCheckDuplicates(sub: ClearanceSubmission) {
    > 56 |         setReviewTarget(sub)
         |         ^
      57 |         setMatches([])
      58 |         setReviewNotes('')
      59 |         setChecking(true)

      at printWarning 
(node_modules/react-dom/cjs/react-dom.development.js:86:30)
      at error (node_modules/react-dom/cjs/react-dom.development.js:60:7)
      at warnIfUpdatesNotWrappedWithActDEV 
(node_modules/react-dom/cjs/react-dom.development.js:27628:9)
      at scheduleUpdateOnFiber 
(node_modules/react-dom/cjs/react-dom.development.js:25547:5)
      at dispatchSetState 
(node_modules/react-dom/cjs/react-dom.development.js:16708:7)
      at handleCheckDuplicates 
(src/workflow/ClearanceWorkflowPage/ClearanceWorkflowPage.tsx:56:9)
      at onClick 
(src/workflow/ClearanceWorkflowPage/ClearanceWorkflowPage.tsx:164:72)
      at HTMLUnknownElement.callCallback 
(node_modules/react-dom/cjs/react-dom.development.js:4164:14)
      at HTMLUnknownElement.callTheUserObjectsOperation 
(node_modules/jsdom/lib/jsdom/living/generated/EventListener.js:26:30)
      at innerInvokeEventListeners 
(node_modules/jsdom/lib/jsdom/living/events/EventTarget-impl.js:350:25)
      at invokeEventListeners 
(node_modules/jsdom/lib/jsdom/living/events/EventTarget-impl.js:286:3)
      at HTMLUnknownElementImpl._dispatch 
(node_modules/jsdom/lib/jsdom/living/events/EventTarget-impl.js:233:9)
      at HTMLUnknownElementImpl.dispatchEvent 
(node_modules/jsdom/lib/jsdom/living/events/EventTarget-impl.js:104:17)
      at HTMLUnknownElement.dispatchEvent 
(node_modules/jsdom/lib/jsdom/living/generated/EventTarget.js:241:34)
      at Object.invokeGuardedCallbackDev 
(node_modules/react-dom/cjs/react-dom.development.js:4213:16)
      at invokeGuardedCallback 
(node_modules/react-dom/cjs/react-dom.development.js:4277:31)
      at invokeGuardedCallbackAndCatchFirstError 
(node_modules/react-dom/cjs/react-dom.development.js:4291:25)
      at executeDispatch 
(node_modules/react-dom/cjs/react-dom.development.js:9041:3)
      at processDispatchQueueItemsInOrder 
(node_modules/react-dom/cjs/react-dom.development.js:9073:7)
      at processDispatchQueue 
(node_modules/react-dom/cjs/react-dom.development.js:9086:5)
      at dispatchEventsForPlugins 
(node_modules/react-dom/cjs/react-dom.development.js:9097:3)
      at node_modules/react-dom/cjs/react-dom.development.js:9288:12
      at batchedUpdates$1 
(node_modules/react-dom/cjs/react-dom.development.js:26179:12)
      at batchedUpdates 
(node_modules/react-dom/cjs/react-dom.development.js:3991:12)
      at dispatchEventForPluginEventSystem 
(node_modules/react-dom/cjs/react-dom.development.js:9287:3)
      at dispatchEventWithEnableCapturePhaseSelectiveHydrationWithoutDiscreteEv
entReplay (node_modules/react-dom/cjs/react-dom.development.js:6465:5)
      at dispatchEvent 
(node_modules/react-dom/cjs/react-dom.development.js:6457:5)
      at dispatchDiscreteEvent 
(node_modules/react-dom/cjs/react-dom.development.js:6430:5)
      at HTMLDivElement.callTheUserObjectsOperation 
(node_modules/jsdom/lib/jsdom/living/generated/EventListener.js:26:30)
      at innerInvokeEventListeners 
(node_modules/jsdom/lib/jsdom/living/events/EventTarget-impl.js:350:25)
      at invokeEventListeners 
(node_modules/jsdom/lib/jsdom/living/events/EventTarget-impl.js:286:3)
      at HTMLButtonElementImpl._dispatch 
(node_modules/jsdom/lib/jsdom/living/events/EventTarget-impl.js:233:9)
      at HTMLButtonElementImpl.dispatchEvent 
(node_modules/jsdom/lib/jsdom/living/events/EventTarget-impl.js:104:17)
      at HTMLButtonElement.dispatchEvent 
(node_modules/jsdom/lib/jsdom/living/generated/EventTarget.js:241:34)
      at 
node_modules/@testing-library/user-event/dist/cjs/event/dispatchEvent.js:45:43
      at Object.eventWrapper 
(node_modules/@testing-library/dom/dist/config.js:25:23)
      at Object.wrapEvent 
(node_modules/@testing-library/user-event/dist/cjs/event/wrapEvent.js:6:28)
      at Object.dispatchEvent (node_modules/@testing-library/user-event/dist/cj
s/event/dispatchEvent.js:45:22)
      at Object.dispatchUIEvent (node_modules/@testing-library/user-event/dist/
cjs/event/dispatchEvent.js:22:26)
      at Mouse.up (node_modules/@testing-library/user-event/dist/cjs/system/poi
nter/mouse.js:100:30)
      at PointerHost.release (node_modules/@testing-library/user-event/dist/cjs
/system/pointer/index.js:87:24)
      at pointerAction 
(node_modules/@testing-library/user-event/dist/cjs/pointer/index.js:54:47)
      at Object.pointer 
(node_modules/@testing-library/user-event/dist/cjs/pointer/index.js:27:9)
      at Object.<anonymous> (src/workflow/__tests__/workflow.test.tsx:382:9)

    console.error
      Warning: An update to ClearanceWorkflowPage inside a test was not 
wrapped in act(...).
      
      When testing, code that causes React state updates should be wrapped 
into act(...):
      
      act(() => {
        /* fire events that update state */
      });
      /* assert on the output */
      
      This ensures that you're testing the behavior the user would see in the 
browser. Learn more at https://reactjs.org/link/wrap-tests-with-act
          at ClearanceWorkflowPage (C:\Users\samhe\OneDrive\Desktop\Cleaned\fro
ntend\src\workflow\ClearanceWorkflowPage\ClearanceWorkflowPage.tsx:37:51)
          at basenameProp (C:\Users\samhe\OneDrive\Desktop\Cleaned\frontend\nod
e_modules\react-router\lib\components.tsx:421:13)
          at basename (C:\Users\samhe\OneDrive\Desktop\Cleaned\frontend\node_mo
dules\react-router\lib\components.tsx:225:3)

      55 |     async function handleCheckDuplicates(sub: ClearanceSubmission) {
      56 |         setReviewTarget(sub)
    > 57 |         setMatches([])
         |         ^
      58 |         setReviewNotes('')
      59 |         setChecking(true)
      60 |         try {

      at printWarning 
(node_modules/react-dom/cjs/react-dom.development.js:86:30)
      at error (node_modules/react-dom/cjs/react-dom.development.js:60:7)
      at warnIfUpdatesNotWrappedWithActDEV 
(node_modules/react-dom/cjs/react-dom.development.js:27628:9)
      at scheduleUpdateOnFiber 
(node_modules/react-dom/cjs/react-dom.development.js:25547:5)
      at dispatchSetState 
(node_modules/react-dom/cjs/react-dom.development.js:16708:7)
      at handleCheckDuplicates 
(src/workflow/ClearanceWorkflowPage/ClearanceWorkflowPage.tsx:57:9)
      at onClick 
(src/workflow/ClearanceWorkflowPage/ClearanceWorkflowPage.tsx:164:72)
      at HTMLUnknownElement.callCallback 
(node_modules/react-dom/cjs/react-dom.development.js:4164:14)
      at HTMLUnknownElement.callTheUserObjectsOperation 
(node_modules/jsdom/lib/jsdom/living/generated/EventListener.js:26:30)
      at innerInvokeEventListeners 
(node_modules/jsdom/lib/jsdom/living/events/EventTarget-impl.js:350:25)
      at invokeEventListeners 
(node_modules/jsdom/lib/jsdom/living/events/EventTarget-impl.js:286:3)
      at HTMLUnknownElementImpl._dispatch 
(node_modules/jsdom/lib/jsdom/living/events/EventTarget-impl.js:233:9)
      at HTMLUnknownElementImpl.dispatchEvent 
(node_modules/jsdom/lib/jsdom/living/events/EventTarget-impl.js:104:17)
      at HTMLUnknownElement.dispatchEvent 
(node_modules/jsdom/lib/jsdom/living/generated/EventTarget.js:241:34)
      at Object.invokeGuardedCallbackDev 
(node_modules/react-dom/cjs/react-dom.development.js:4213:16)
      at invokeGuardedCallback 
(node_modules/react-dom/cjs/react-dom.development.js:4277:31)
      at invokeGuardedCallbackAndCatchFirstError 
(node_modules/react-dom/cjs/react-dom.development.js:4291:25)
      at executeDispatch 
(node_modules/react-dom/cjs/react-dom.development.js:9041:3)
      at processDispatchQueueItemsInOrder 
(node_modules/react-dom/cjs/react-dom.development.js:9073:7)
      at processDispatchQueue 
(node_modules/react-dom/cjs/react-dom.development.js:9086:5)
      at dispatchEventsForPlugins 
(node_modules/react-dom/cjs/react-dom.development.js:9097:3)
      at node_modules/react-dom/cjs/react-dom.development.js:9288:12
      at batchedUpdates$1 
(node_modules/react-dom/cjs/react-dom.development.js:26179:12)
      at batchedUpdates 
(node_modules/react-dom/cjs/react-dom.development.js:3991:12)
      at dispatchEventForPluginEventSystem 
(node_modules/react-dom/cjs/react-dom.development.js:9287:3)
      at dispatchEventWithEnableCapturePhaseSelectiveHydrationWithoutDiscreteEv
entReplay (node_modules/react-dom/cjs/react-dom.development.js:6465:5)
      at dispatchEvent 
(node_modules/react-dom/cjs/react-dom.development.js:6457:5)
      at dispatchDiscreteEvent 
(node_modules/react-dom/cjs/react-dom.development.js:6430:5)
      at HTMLDivElement.callTheUserObjectsOperation 
(node_modules/jsdom/lib/jsdom/living/generated/EventListener.js:26:30)
      at innerInvokeEventListeners 
(node_modules/jsdom/lib/jsdom/living/events/EventTarget-impl.js:350:25)
      at invokeEventListeners 
(node_modules/jsdom/lib/jsdom/living/events/EventTarget-impl.js:286:3)
      at HTMLButtonElementImpl._dispatch 
(node_modules/jsdom/lib/jsdom/living/events/EventTarget-impl.js:233:9)
      at HTMLButtonElementImpl.dispatchEvent 
(node_modules/jsdom/lib/jsdom/living/events/EventTarget-impl.js:104:17)
      at HTMLButtonElement.dispatchEvent 
(node_modules/jsdom/lib/jsdom/living/generated/EventTarget.js:241:34)
      at 
node_modules/@testing-library/user-event/dist/cjs/event/dispatchEvent.js:45:43
      at Object.eventWrapper 
(node_modules/@testing-library/dom/dist/config.js:25:23)
      at Object.wrapEvent 
(node_modules/@testing-library/user-event/dist/cjs/event/wrapEvent.js:6:28)
      at Object.dispatchEvent (node_modules/@testing-library/user-event/dist/cj
s/event/dispatchEvent.js:45:22)
      at Object.dispatchUIEvent (node_modules/@testing-library/user-event/dist/
cjs/event/dispatchEvent.js:22:26)
      at Mouse.up (node_modules/@testing-library/user-event/dist/cjs/system/poi
nter/mouse.js:100:30)
      at PointerHost.release (node_modules/@testing-library/user-event/dist/cjs
/system/pointer/index.js:87:24)
      at pointerAction 
(node_modules/@testing-library/user-event/dist/cjs/pointer/index.js:54:47)
      at Object.pointer 
(node_modules/@testing-library/user-event/dist/cjs/pointer/index.js:27:9)
      at Object.<anonymous> (src/workflow/__tests__/workflow.test.tsx:382:9)

    console.error
      Warning: An update to ClearanceWorkflowPage inside a test was not 
wrapped in act(...).
      
      When testing, code that causes React state updates should be wrapped 
into act(...):
      
      act(() => {
        /* fire events that update state */
      });
      /* assert on the output */
      
      This ensures that you're testing the behavior the user would see in the 
browser. Learn more at https://reactjs.org/link/wrap-tests-with-act
          at ClearanceWorkflowPage (C:\Users\samhe\OneDrive\Desktop\Cleaned\fro
ntend\src\workflow\ClearanceWorkflowPage\ClearanceWorkflowPage.tsx:37:51)
          at basenameProp (C:\Users\samhe\OneDrive\Desktop\Cleaned\frontend\nod
e_modules\react-router\lib\components.tsx:421:13)
          at basename (C:\Users\samhe\OneDrive\Desktop\Cleaned\frontend\node_mo
dules\react-router\lib\components.tsx:225:3)

      56 |         setReviewTarget(sub)
      57 |         setMatches([])
    > 58 |         setReviewNotes('')
         |         ^
      59 |         setChecking(true)
      60 |         try {
      61 |             const result = await checkClearanceDuplicates(sub.id)

      at printWarning 
(node_modules/react-dom/cjs/react-dom.development.js:86:30)
      at error (node_modules/react-dom/cjs/react-dom.development.js:60:7)
      at warnIfUpdatesNotWrappedWithActDEV 
(node_modules/react-dom/cjs/react-dom.development.js:27628:9)
      at scheduleUpdateOnFiber 
(node_modules/react-dom/cjs/react-dom.development.js:25547:5)
      at dispatchSetState 
(node_modules/react-dom/cjs/react-dom.development.js:16708:7)
      at handleCheckDuplicates 
(src/workflow/ClearanceWorkflowPage/ClearanceWorkflowPage.tsx:58:9)
      at onClick 
(src/workflow/ClearanceWorkflowPage/ClearanceWorkflowPage.tsx:164:72)
      at HTMLUnknownElement.callCallback 
(node_modules/react-dom/cjs/react-dom.development.js:4164:14)
      at HTMLUnknownElement.callTheUserObjectsOperation 
(node_modules/jsdom/lib/jsdom/living/generated/EventListener.js:26:30)
      at innerInvokeEventListeners 
(node_modules/jsdom/lib/jsdom/living/events/EventTarget-impl.js:350:25)
      at invokeEventListeners 
(node_modules/jsdom/lib/jsdom/living/events/EventTarget-impl.js:286:3)
      at HTMLUnknownElementImpl._dispatch 
(node_modules/jsdom/lib/jsdom/living/events/EventTarget-impl.js:233:9)
      at HTMLUnknownElementImpl.dispatchEvent 
(node_modules/jsdom/lib/jsdom/living/events/EventTarget-impl.js:104:17)
      at HTMLUnknownElement.dispatchEvent 
(node_modules/jsdom/lib/jsdom/living/generated/EventTarget.js:241:34)
      at Object.invokeGuardedCallbackDev 
(node_modules/react-dom/cjs/react-dom.development.js:4213:16)
      at invokeGuardedCallback 
(node_modules/react-dom/cjs/react-dom.development.js:4277:31)
      at invokeGuardedCallbackAndCatchFirstError 
(node_modules/react-dom/cjs/react-dom.development.js:4291:25)
      at executeDispatch 
(node_modules/react-dom/cjs/react-dom.development.js:9041:3)
      at processDispatchQueueItemsInOrder 
(node_modules/react-dom/cjs/react-dom.development.js:9073:7)
      at processDispatchQueue 
(node_modules/react-dom/cjs/react-dom.development.js:9086:5)
      at dispatchEventsForPlugins 
(node_modules/react-dom/cjs/react-dom.development.js:9097:3)
      at node_modules/react-dom/cjs/react-dom.development.js:9288:12
      at batchedUpdates$1 
(node_modules/react-dom/cjs/react-dom.development.js:26179:12)
      at batchedUpdates 
(node_modules/react-dom/cjs/react-dom.development.js:3991:12)
      at dispatchEventForPluginEventSystem 
(node_modules/react-dom/cjs/react-dom.development.js:9287:3)
      at dispatchEventWithEnableCapturePhaseSelectiveHydrationWithoutDiscreteEv
entReplay (node_modules/react-dom/cjs/react-dom.development.js:6465:5)
      at dispatchEvent 
(node_modules/react-dom/cjs/react-dom.development.js:6457:5)
      at dispatchDiscreteEvent 
(node_modules/react-dom/cjs/react-dom.development.js:6430:5)
      at HTMLDivElement.callTheUserObjectsOperation 
(node_modules/jsdom/lib/jsdom/living/generated/EventListener.js:26:30)
      at innerInvokeEventListeners 
(node_modules/jsdom/lib/jsdom/living/events/EventTarget-impl.js:350:25)
      at invokeEventListeners 
(node_modules/jsdom/lib/jsdom/living/events/EventTarget-impl.js:286:3)
      at HTMLButtonElementImpl._dispatch 
(node_modules/jsdom/lib/jsdom/living/events/EventTarget-impl.js:233:9)
      at HTMLButtonElementImpl.dispatchEvent 
(node_modules/jsdom/lib/jsdom/living/events/EventTarget-impl.js:104:17)
      at HTMLButtonElement.dispatchEvent 
(node_modules/jsdom/lib/jsdom/living/generated/EventTarget.js:241:34)
      at 
node_modules/@testing-library/user-event/dist/cjs/event/dispatchEvent.js:45:43
      at Object.eventWrapper 
(node_modules/@testing-library/dom/dist/config.js:25:23)
      at Object.wrapEvent 
(node_modules/@testing-library/user-event/dist/cjs/event/wrapEvent.js:6:28)
      at Object.dispatchEvent (node_modules/@testing-library/user-event/dist/cj
s/event/dispatchEvent.js:45:22)
      at Object.dispatchUIEvent (node_modules/@testing-library/user-event/dist/
cjs/event/dispatchEvent.js:22:26)
      at Mouse.up (node_modules/@testing-library/user-event/dist/cjs/system/poi
nter/mouse.js:100:30)
      at PointerHost.release (node_modules/@testing-library/user-event/dist/cjs
/system/pointer/index.js:87:24)
      at pointerAction 
(node_modules/@testing-library/user-event/dist/cjs/pointer/index.js:54:47)
      at Object.pointer 
(node_modules/@testing-library/user-event/dist/cjs/pointer/index.js:27:9)
      at Object.<anonymous> (src/workflow/__tests__/workflow.test.tsx:382:9)

    console.error
      Warning: An update to ClearanceWorkflowPage inside a test was not 
wrapped in act(...).
      
      When testing, code that causes React state updates should be wrapped 
into act(...):
      
      act(() => {
        /* fire events that update state */
      });
      /* assert on the output */
      
      This ensures that you're testing the behavior the user would see in the 
browser. Learn more at https://reactjs.org/link/wrap-tests-with-act
          at ClearanceWorkflowPage (C:\Users\samhe\OneDrive\Desktop\Cleaned\fro
ntend\src\workflow\ClearanceWorkflowPage\ClearanceWorkflowPage.tsx:37:51)
          at basenameProp (C:\Users\samhe\OneDrive\Desktop\Cleaned\frontend\nod
e_modules\react-router\lib\components.tsx:421:13)
          at basename (C:\Users\samhe\OneDrive\Desktop\Cleaned\frontend\node_mo
dules\react-router\lib\components.tsx:225:3)

      57 |         setMatches([])
      58 |         setReviewNotes('')
    > 59 |         setChecking(true)
         |         ^
      60 |         try {
      61 |             const result = await checkClearanceDuplicates(sub.id)
      62 |             setMatches(result.matches)

      at printWarning 
(node_modules/react-dom/cjs/react-dom.development.js:86:30)
      at error (node_modules/react-dom/cjs/react-dom.development.js:60:7)
      at warnIfUpdatesNotWrappedWithActDEV 
(node_modules/react-dom/cjs/react-dom.development.js:27628:9)
      at scheduleUpdateOnFiber 
(node_modules/react-dom/cjs/react-dom.development.js:25547:5)
      at dispatchSetState 
(node_modules/react-dom/cjs/react-dom.development.js:16708:7)
      at handleCheckDuplicates 
(src/workflow/ClearanceWorkflowPage/ClearanceWorkflowPage.tsx:59:9)
      at onClick 
(src/workflow/ClearanceWorkflowPage/ClearanceWorkflowPage.tsx:164:72)
      at HTMLUnknownElement.callCallback 
(node_modules/react-dom/cjs/react-dom.development.js:4164:14)
      at HTMLUnknownElement.callTheUserObjectsOperation 
(node_modules/jsdom/lib/jsdom/living/generated/EventListener.js:26:30)
      at innerInvokeEventListeners 
(node_modules/jsdom/lib/jsdom/living/events/EventTarget-impl.js:350:25)
      at invokeEventListeners 
(node_modules/jsdom/lib/jsdom/living/events/EventTarget-impl.js:286:3)
      at HTMLUnknownElementImpl._dispatch 
(node_modules/jsdom/lib/jsdom/living/events/EventTarget-impl.js:233:9)
      at HTMLUnknownElementImpl.dispatchEvent 
(node_modules/jsdom/lib/jsdom/living/events/EventTarget-impl.js:104:17)
      at HTMLUnknownElement.dispatchEvent 
(node_modules/jsdom/lib/jsdom/living/generated/EventTarget.js:241:34)
      at Object.invokeGuardedCallbackDev 
(node_modules/react-dom/cjs/react-dom.development.js:4213:16)
      at invokeGuardedCallback 
(node_modules/react-dom/cjs/react-dom.development.js:4277:31)
      at invokeGuardedCallbackAndCatchFirstError 
(node_modules/react-dom/cjs/react-dom.development.js:4291:25)
      at executeDispatch 
(node_modules/react-dom/cjs/react-dom.development.js:9041:3)
      at processDispatchQueueItemsInOrder 
(node_modules/react-dom/cjs/react-dom.development.js:9073:7)
      at processDispatchQueue 
(node_modules/react-dom/cjs/react-dom.development.js:9086:5)
      at dispatchEventsForPlugins 
(node_modules/react-dom/cjs/react-dom.development.js:9097:3)
      at node_modules/react-dom/cjs/react-dom.development.js:9288:12
      at batchedUpdates$1 
(node_modules/react-dom/cjs/react-dom.development.js:26179:12)
      at batchedUpdates 
(node_modules/react-dom/cjs/react-dom.development.js:3991:12)
      at dispatchEventForPluginEventSystem 
(node_modules/react-dom/cjs/react-dom.development.js:9287:3)
      at dispatchEventWithEnableCapturePhaseSelectiveHydrationWithoutDiscreteEv
entReplay (node_modules/react-dom/cjs/react-dom.development.js:6465:5)
      at dispatchEvent 
(node_modules/react-dom/cjs/react-dom.development.js:6457:5)
      at dispatchDiscreteEvent 
(node_modules/react-dom/cjs/react-dom.development.js:6430:5)
      at HTMLDivElement.callTheUserObjectsOperation 
(node_modules/jsdom/lib/jsdom/living/generated/EventListener.js:26:30)
      at innerInvokeEventListeners 
(node_modules/jsdom/lib/jsdom/living/events/EventTarget-impl.js:350:25)
      at invokeEventListeners 
(node_modules/jsdom/lib/jsdom/living/events/EventTarget-impl.js:286:3)
      at HTMLButtonElementImpl._dispatch 
(node_modules/jsdom/lib/jsdom/living/events/EventTarget-impl.js:233:9)
      at HTMLButtonElementImpl.dispatchEvent 
(node_modules/jsdom/lib/jsdom/living/events/EventTarget-impl.js:104:17)
      at HTMLButtonElement.dispatchEvent 
(node_modules/jsdom/lib/jsdom/living/generated/EventTarget.js:241:34)
      at 
node_modules/@testing-library/user-event/dist/cjs/event/dispatchEvent.js:45:43
      at Object.eventWrapper 
(node_modules/@testing-library/dom/dist/config.js:25:23)
      at Object.wrapEvent 
(node_modules/@testing-library/user-event/dist/cjs/event/wrapEvent.js:6:28)
      at Object.dispatchEvent (node_modules/@testing-library/user-event/dist/cj
s/event/dispatchEvent.js:45:22)
      at Object.dispatchUIEvent (node_modules/@testing-library/user-event/dist/
cjs/event/dispatchEvent.js:22:26)
      at Mouse.up (node_modules/@testing-library/user-event/dist/cjs/system/poi
nter/mouse.js:100:30)
      at PointerHost.release (node_modules/@testing-library/user-event/dist/cjs
/system/pointer/index.js:87:24)
      at pointerAction 
(node_modules/@testing-library/user-event/dist/cjs/pointer/index.js:54:47)
      at Object.pointer 
(node_modules/@testing-library/user-event/dist/cjs/pointer/index.js:27:9)
      at Object.<anonymous> (src/workflow/__tests__/workflow.test.tsx:382:9)

    console.error
      Warning: An update to ClearanceWorkflowPage inside a test was not 
wrapped in act(...).
      
      When testing, code that causes React state updates should be wrapped 
into act(...):
      
      act(() => {
        /* fire events that update state */
      });
      /* assert on the output */
      
      This ensures that you're testing the behavior the user would see in the 
browser. Learn more at https://reactjs.org/link/wrap-tests-with-act
          at ClearanceWorkflowPage (C:\Users\samhe\OneDrive\Desktop\Cleaned\fro
ntend\src\workflow\ClearanceWorkflowPage\ClearanceWorkflowPage.tsx:37:51)
          at basenameProp (C:\Users\samhe\OneDrive\Desktop\Cleaned\frontend\nod
e_modules\react-router\lib\components.tsx:421:13)
          at basename (C:\Users\samhe\OneDrive\Desktop\Cleaned\frontend\node_mo
dules\react-router\lib\components.tsx:225:3)

      60 |         try {
      61 |             const result = await checkClearanceDuplicates(sub.id)
    > 62 |             setMatches(result.matches)
         |             ^
      63 |         } catch {
      64 |             addNotification('Could not check duplicates.', 'error')
      65 |         } finally {

      at printWarning 
(node_modules/react-dom/cjs/react-dom.development.js:86:30)
      at error (node_modules/react-dom/cjs/react-dom.development.js:60:7)
      at warnIfUpdatesNotWrappedWithActDEV 
(node_modules/react-dom/cjs/react-dom.development.js:27628:9)
      at scheduleUpdateOnFiber 
(node_modules/react-dom/cjs/react-dom.development.js:25547:5)
      at dispatchSetState 
(node_modules/react-dom/cjs/react-dom.development.js:16708:7)
      at handleCheckDuplicates 
(src/workflow/ClearanceWorkflowPage/ClearanceWorkflowPage.tsx:62:13)

    console.error
      Warning: An update to ClearanceWorkflowPage inside a test was not 
wrapped in act(...).
      
      When testing, code that causes React state updates should be wrapped 
into act(...):
      
      act(() => {
        /* fire events that update state */
      });
      /* assert on the output */
      
      This ensures that you're testing the behavior the user would see in the 
browser. Learn more at https://reactjs.org/link/wrap-tests-with-act
          at ClearanceWorkflowPage (C:\Users\samhe\OneDrive\Desktop\Cleaned\fro
ntend\src\workflow\ClearanceWorkflowPage\ClearanceWorkflowPage.tsx:37:51)
          at basenameProp (C:\Users\samhe\OneDrive\Desktop\Cleaned\frontend\nod
e_modules\react-router\lib\components.tsx:421:13)
          at basename (C:\Users\samhe\OneDrive\Desktop\Cleaned\frontend\node_mo
dules\react-router\lib\components.tsx:225:3)

      64 |             addNotification('Could not check duplicates.', 'error')
      65 |         } finally {
    > 66 |             setChecking(false)
         |             ^
      67 |         }
      68 |     }
      69 |

      at printWarning 
(node_modules/react-dom/cjs/react-dom.development.js:86:30)
      at error (node_modules/react-dom/cjs/react-dom.development.js:60:7)
      at warnIfUpdatesNotWrappedWithActDEV 
(node_modules/react-dom/cjs/react-dom.development.js:27628:9)
      at scheduleUpdateOnFiber 
(node_modules/react-dom/cjs/react-dom.development.js:25547:5)
      at dispatchSetState 
(node_modules/react-dom/cjs/react-dom.development.js:16708:7)
      at handleCheckDuplicates 
(src/workflow/ClearanceWorkflowPage/ClearanceWorkflowPage.tsx:66:13)

    console.error
      Warning: An update to ClearanceWorkflowPage inside a test was not 
wrapped in act(...).
      
      When testing, code that causes React state updates should be wrapped 
into act(...):
      
      act(() => {
        /* fire events that update state */
      });
      /* assert on the output */
      
      This ensures that you're testing the behavior the user would see in the 
browser. Learn more at https://reactjs.org/link/wrap-tests-with-act
          at ClearanceWorkflowPage (C:\Users\samhe\OneDrive\Desktop\Cleaned\fro
ntend\src\workflow\ClearanceWorkflowPage\ClearanceWorkflowPage.tsx:37:51)
          at basenameProp (C:\Users\samhe\OneDrive\Desktop\Cleaned\frontend\nod
e_modules\react-router\lib\components.tsx:421:13)
          at basename (C:\Users\samhe\OneDrive\Desktop\Cleaned\frontend\node_mo
dules\react-router\lib\components.tsx:225:3)

      91 |     async function handleConfirmDuplicate() {
      92 |         if (!reviewTarget) return
    > 93 |         setClearing(true)
         |         ^
      94 |         try {
      95 |             const updated = await confirmDuplicate(reviewTarget.id, 
reviewNotes)
      96 |             setSubmissions((prev) => prev.map((s) => (s.id === 
updated.id ? updated : s)))

      at printWarning 
(node_modules/react-dom/cjs/react-dom.development.js:86:30)
      at error (node_modules/react-dom/cjs/react-dom.development.js:60:7)
      at warnIfUpdatesNotWrappedWithActDEV 
(node_modules/react-dom/cjs/react-dom.development.js:27628:9)
      at scheduleUpdateOnFiber 
(node_modules/react-dom/cjs/react-dom.development.js:25547:5)
      at dispatchSetState 
(node_modules/react-dom/cjs/react-dom.development.js:16708:7)
      at handleConfirmDuplicate 
(src/workflow/ClearanceWorkflowPage/ClearanceWorkflowPage.tsx:93:9)
      at HTMLUnknownElement.callCallback 
(node_modules/react-dom/cjs/react-dom.development.js:4164:14)
      at HTMLUnknownElement.callTheUserObjectsOperation 
(node_modules/jsdom/lib/jsdom/living/generated/EventListener.js:26:30)
      at innerInvokeEventListeners 
(node_modules/jsdom/lib/jsdom/living/events/EventTarget-impl.js:350:25)
      at invokeEventListeners 
(node_modules/jsdom/lib/jsdom/living/events/EventTarget-impl.js:286:3)
      at HTMLUnknownElementImpl._dispatch 
(node_modules/jsdom/lib/jsdom/living/events/EventTarget-impl.js:233:9)
      at HTMLUnknownElementImpl.dispatchEvent 
(node_modules/jsdom/lib/jsdom/living/events/EventTarget-impl.js:104:17)
      at HTMLUnknownElement.dispatchEvent 
(node_modules/jsdom/lib/jsdom/living/generated/EventTarget.js:241:34)
      at Object.invokeGuardedCallbackDev 
(node_modules/react-dom/cjs/react-dom.development.js:4213:16)
      at invokeGuardedCallback 
(node_modules/react-dom/cjs/react-dom.development.js:4277:31)
      at invokeGuardedCallbackAndCatchFirstError 
(node_modules/react-dom/cjs/react-dom.development.js:4291:25)
      at executeDispatch 
(node_modules/react-dom/cjs/react-dom.development.js:9041:3)
      at processDispatchQueueItemsInOrder 
(node_modules/react-dom/cjs/react-dom.development.js:9073:7)
      at processDispatchQueue 
(node_modules/react-dom/cjs/react-dom.development.js:9086:5)
      at dispatchEventsForPlugins 
(node_modules/react-dom/cjs/react-dom.development.js:9097:3)
      at node_modules/react-dom/cjs/react-dom.development.js:9288:12
      at batchedUpdates$1 
(node_modules/react-dom/cjs/react-dom.development.js:26179:12)
      at batchedUpdates 
(node_modules/react-dom/cjs/react-dom.development.js:3991:12)
      at dispatchEventForPluginEventSystem 
(node_modules/react-dom/cjs/react-dom.development.js:9287:3)
      at dispatchEventWithEnableCapturePhaseSelectiveHydrationWithoutDiscreteEv
entReplay (node_modules/react-dom/cjs/react-dom.development.js:6465:5)
      at dispatchEvent 
(node_modules/react-dom/cjs/react-dom.development.js:6457:5)
      at dispatchDiscreteEvent 
(node_modules/react-dom/cjs/react-dom.development.js:6430:5)
      at HTMLDivElement.callTheUserObjectsOperation 
(node_modules/jsdom/lib/jsdom/living/generated/EventListener.js:26:30)
      at innerInvokeEventListeners 
(node_modules/jsdom/lib/jsdom/living/events/EventTarget-impl.js:350:25)
      at invokeEventListeners 
(node_modules/jsdom/lib/jsdom/living/events/EventTarget-impl.js:286:3)
      at HTMLButtonElementImpl._dispatch 
(node_modules/jsdom/lib/jsdom/living/events/EventTarget-impl.js:233:9)
      at HTMLButtonElementImpl.dispatchEvent 
(node_modules/jsdom/lib/jsdom/living/events/EventTarget-impl.js:104:17)
      at HTMLButtonElement.dispatchEvent 
(node_modules/jsdom/lib/jsdom/living/generated/EventTarget.js:241:34)
      at 
node_modules/@testing-library/user-event/dist/cjs/event/dispatchEvent.js:45:43
      at Object.eventWrapper 
(node_modules/@testing-library/dom/dist/config.js:25:23)
      at Object.wrapEvent 
(node_modules/@testing-library/user-event/dist/cjs/event/wrapEvent.js:6:28)
      at Object.dispatchEvent (node_modules/@testing-library/user-event/dist/cj
s/event/dispatchEvent.js:45:22)
      at Object.dispatchUIEvent (node_modules/@testing-library/user-event/dist/
cjs/event/dispatchEvent.js:22:26)
      at Mouse.up (node_modules/@testing-library/user-event/dist/cjs/system/poi
nter/mouse.js:100:30)
      at PointerHost.release (node_modules/@testing-library/user-event/dist/cjs
/system/pointer/index.js:87:24)
      at pointerAction 
(node_modules/@testing-library/user-event/dist/cjs/pointer/index.js:54:47)
      at Object.pointer 
(node_modules/@testing-library/user-event/dist/cjs/pointer/index.js:27:9)
      at Object.<anonymous> (src/workflow/__tests__/workflow.test.tsx:384:9)

    console.error
      Warning: An update to ClearanceWorkflowPage inside a test was not 
wrapped in act(...).
      
      When testing, code that causes React state updates should be wrapped 
into act(...):
      
      act(() => {
        /* fire events that update state */
      });
      /* assert on the output */
      
      This ensures that you're testing the behavior the user would see in the 
browser. Learn more at https://reactjs.org/link/wrap-tests-with-act
          at ClearanceWorkflowPage (C:\Users\samhe\OneDrive\Desktop\Cleaned\fro
ntend\src\workflow\ClearanceWorkflowPage\ClearanceWorkflowPage.tsx:37:51)
          at basenameProp (C:\Users\samhe\OneDrive\Desktop\Cleaned\frontend\nod
e_modules\react-router\lib\components.tsx:421:13)
          at basename (C:\Users\samhe\OneDrive\Desktop\Cleaned\frontend\node_mo
dules\react-router\lib\components.tsx:225:3)

      94 |         try {
      95 |             const updated = await confirmDuplicate(reviewTarget.id, 
reviewNotes)
    > 96 |             setSubmissions((prev) => prev.map((s) => (s.id === 
updated.id ? updated : s)))
         |             ^
      97 |             addNotification('Submission marked as duplicate.', 
'success')
      98 |             setReviewTarget(null)
      99 |         } catch {

      at printWarning 
(node_modules/react-dom/cjs/react-dom.development.js:86:30)
      at error (node_modules/react-dom/cjs/react-dom.development.js:60:7)
      at warnIfUpdatesNotWrappedWithActDEV 
(node_modules/react-dom/cjs/react-dom.development.js:27628:9)
      at scheduleUpdateOnFiber 
(node_modules/react-dom/cjs/react-dom.development.js:25547:5)
      at dispatchSetState 
(node_modules/react-dom/cjs/react-dom.development.js:16708:7)
      at handleConfirmDuplicate 
(src/workflow/ClearanceWorkflowPage/ClearanceWorkflowPage.tsx:96:13)

    console.error
      Warning: An update to ClearanceWorkflowPage inside a test was not 
wrapped in act(...).
      
      When testing, code that causes React state updates should be wrapped 
into act(...):
      
      act(() => {
        /* fire events that update state */
      });
      /* assert on the output */
      
      This ensures that you're testing the behavior the user would see in the 
browser. Learn more at https://reactjs.org/link/wrap-tests-with-act
          at ClearanceWorkflowPage (C:\Users\samhe\OneDrive\Desktop\Cleaned\fro
ntend\src\workflow\ClearanceWorkflowPage\ClearanceWorkflowPage.tsx:37:51)
          at basenameProp (C:\Users\samhe\OneDrive\Desktop\Cleaned\frontend\nod
e_modules\react-router\lib\components.tsx:421:13)
          at basename (C:\Users\samhe\OneDrive\Desktop\Cleaned\frontend\node_mo
dules\react-router\lib\components.tsx:225:3)

       96 |             setSubmissions((prev) => prev.map((s) => (s.id === 
updated.id ? updated : s)))
       97 |             addNotification('Submission marked as duplicate.', 
'success')
    >  98 |             setReviewTarget(null)
          |             ^
       99 |         } catch {
      100 |             addNotification('Could not confirm duplicate.', 
'error')
      101 |         } finally {

      at printWarning 
(node_modules/react-dom/cjs/react-dom.development.js:86:30)
      at error (node_modules/react-dom/cjs/react-dom.development.js:60:7)
      at warnIfUpdatesNotWrappedWithActDEV 
(node_modules/react-dom/cjs/react-dom.development.js:27628:9)
      at scheduleUpdateOnFiber 
(node_modules/react-dom/cjs/react-dom.development.js:25547:5)
      at dispatchSetState 
(node_modules/react-dom/cjs/react-dom.development.js:16708:7)
      at handleConfirmDuplicate 
(src/workflow/ClearanceWorkflowPage/ClearanceWorkflowPage.tsx:98:13)

    console.error
      Warning: An update to ClearanceWorkflowPage inside a test was not 
wrapped in act(...).
      
      When testing, code that causes React state updates should be wrapped 
into act(...):
      
      act(() => {
        /* fire events that update state */
      });
      /* assert on the output */
      
      This ensures that you're testing the behavior the user would see in the 
browser. Learn more at https://reactjs.org/link/wrap-tests-with-act
          at ClearanceWorkflowPage (C:\Users\samhe\OneDrive\Desktop\Cleaned\fro
ntend\src\workflow\ClearanceWorkflowPage\ClearanceWorkflowPage.tsx:37:51)
          at basenameProp (C:\Users\samhe\OneDrive\Desktop\Cleaned\frontend\nod
e_modules\react-router\lib\components.tsx:421:13)
          at basename (C:\Users\samhe\OneDrive\Desktop\Cleaned\frontend\node_mo
dules\react-router\lib\components.tsx:225:3)

      100 |             addNotification('Could not confirm duplicate.', 
'error')
      101 |         } finally {
    > 102 |             setClearing(false)
          |             ^
      103 |         }
      104 |     }
      105 |

      at printWarning 
(node_modules/react-dom/cjs/react-dom.development.js:86:30)
      at error (node_modules/react-dom/cjs/react-dom.development.js:60:7)
      at warnIfUpdatesNotWrappedWithActDEV 
(node_modules/react-dom/cjs/react-dom.development.js:27628:9)
      at scheduleUpdateOnFiber 
(node_modules/react-dom/cjs/react-dom.development.js:25547:5)
      at dispatchSetState 
(node_modules/react-dom/cjs/react-dom.development.js:16708:7)
      at handleConfirmDuplicate 
(src/workflow/ClearanceWorkflowPage/ClearanceWorkflowPage.tsx:102:13)

    console.error
      Warning: An update to ClearanceWorkflowPage inside a test was not 
wrapped in act(...).
      
      When testing, code that causes React state updates should be wrapped 
into act(...):
      
      act(() => {
        /* fire events that update state */
      });
      /* assert on the output */
      
      This ensures that you're testing the behavior the user would see in the 
browser. Learn more at https://reactjs.org/link/wrap-tests-with-act
          at ClearanceWorkflowPage (C:\Users\samhe\OneDrive\Desktop\Cleaned\fro
ntend\src\workflow\ClearanceWorkflowPage\ClearanceWorkflowPage.tsx:37:51)
          at basenameProp (C:\Users\samhe\OneDrive\Desktop\Cleaned\frontend\nod
e_modules\react-router\lib\components.tsx:421:13)
          at basename (C:\Users\samhe\OneDrive\Desktop\Cleaned\frontend\node_mo
dules\react-router\lib\components.tsx:225:3)

      69 |
      70 |     async function handleOpenClear(sub: ClearanceSubmission) {
    > 71 |         setReviewTarget(sub)
         |         ^
      72 |         setMatches([])
      73 |         setReviewNotes('')
      74 |     }

      at printWarning 
(node_modules/react-dom/cjs/react-dom.development.js:86:30)
      at error (node_modules/react-dom/cjs/react-dom.development.js:60:7)
      at warnIfUpdatesNotWrappedWithActDEV 
(node_modules/react-dom/cjs/react-dom.development.js:27628:9)
      at scheduleUpdateOnFiber 
(node_modules/react-dom/cjs/react-dom.development.js:25547:5)
      at dispatchSetState 
(node_modules/react-dom/cjs/react-dom.development.js:16708:7)
      at handleOpenClear 
(src/workflow/ClearanceWorkflowPage/ClearanceWorkflowPage.tsx:71:9)
      at onClick 
(src/workflow/ClearanceWorkflowPage/ClearanceWorkflowPage.tsx:171:72)
      at HTMLUnknownElement.callCallback 
(node_modules/react-dom/cjs/react-dom.development.js:4164:14)
      at HTMLUnknownElement.callTheUserObjectsOperation 
(node_modules/jsdom/lib/jsdom/living/generated/EventListener.js:26:30)
      at innerInvokeEventListeners 
(node_modules/jsdom/lib/jsdom/living/events/EventTarget-impl.js:350:25)
      at invokeEventListeners 
(node_modules/jsdom/lib/jsdom/living/events/EventTarget-impl.js:286:3)
      at HTMLUnknownElementImpl._dispatch 
(node_modules/jsdom/lib/jsdom/living/events/EventTarget-impl.js:233:9)
      at HTMLUnknownElementImpl.dispatchEvent 
(node_modules/jsdom/lib/jsdom/living/events/EventTarget-impl.js:104:17)
      at HTMLUnknownElement.dispatchEvent 
(node_modules/jsdom/lib/jsdom/living/generated/EventTarget.js:241:34)
      at Object.invokeGuardedCallbackDev 
(node_modules/react-dom/cjs/react-dom.development.js:4213:16)
      at invokeGuardedCallback 
(node_modules/react-dom/cjs/react-dom.development.js:4277:31)
      at invokeGuardedCallbackAndCatchFirstError 
(node_modules/react-dom/cjs/react-dom.development.js:4291:25)
      at executeDispatch 
(node_modules/react-dom/cjs/react-dom.development.js:9041:3)
      at processDispatchQueueItemsInOrder 
(node_modules/react-dom/cjs/react-dom.development.js:9073:7)
      at processDispatchQueue 
(node_modules/react-dom/cjs/react-dom.development.js:9086:5)
      at dispatchEventsForPlugins 
(node_modules/react-dom/cjs/react-dom.development.js:9097:3)
      at node_modules/react-dom/cjs/react-dom.development.js:9288:12
      at batchedUpdates$1 
(node_modules/react-dom/cjs/react-dom.development.js:26179:12)
      at batchedUpdates 
(node_modules/react-dom/cjs/react-dom.development.js:3991:12)
      at dispatchEventForPluginEventSystem 
(node_modules/react-dom/cjs/react-dom.development.js:9287:3)
      at dispatchEventWithEnableCapturePhaseSelectiveHydrationWithoutDiscreteEv
entReplay (node_modules/react-dom/cjs/react-dom.development.js:6465:5)
      at dispatchEvent 
(node_modules/react-dom/cjs/react-dom.development.js:6457:5)
      at dispatchDiscreteEvent 
(node_modules/react-dom/cjs/react-dom.development.js:6430:5)
      at HTMLDivElement.callTheUserObjectsOperation 
(node_modules/jsdom/lib/jsdom/living/generated/EventListener.js:26:30)
      at innerInvokeEventListeners 
(node_modules/jsdom/lib/jsdom/living/events/EventTarget-impl.js:350:25)
      at invokeEventListeners 
(node_modules/jsdom/lib/jsdom/living/events/EventTarget-impl.js:286:3)
      at HTMLButtonElementImpl._dispatch 
(node_modules/jsdom/lib/jsdom/living/events/EventTarget-impl.js:233:9)
      at HTMLButtonElementImpl.dispatchEvent 
(node_modules/jsdom/lib/jsdom/living/events/EventTarget-impl.js:104:17)
      at HTMLButtonElement.dispatchEvent 
(node_modules/jsdom/lib/jsdom/living/generated/EventTarget.js:241:34)
      at 
node_modules/@testing-library/user-event/dist/cjs/event/dispatchEvent.js:45:43
      at Object.eventWrapper 
(node_modules/@testing-library/dom/dist/config.js:25:23)
      at Object.wrapEvent 
(node_modules/@testing-library/user-event/dist/cjs/event/wrapEvent.js:6:28)
      at Object.dispatchEvent (node_modules/@testing-library/user-event/dist/cj
s/event/dispatchEvent.js:45:22)
      at Object.dispatchUIEvent (node_modules/@testing-library/user-event/dist/
cjs/event/dispatchEvent.js:22:26)
      at Mouse.up (node_modules/@testing-library/user-event/dist/cjs/system/poi
nter/mouse.js:100:30)
      at PointerHost.release (node_modules/@testing-library/user-event/dist/cjs
/system/pointer/index.js:87:24)
      at pointerAction 
(node_modules/@testing-library/user-event/dist/cjs/pointer/index.js:54:47)
      at Object.pointer 
(node_modules/@testing-library/user-event/dist/cjs/pointer/index.js:27:9)
      at Object.<anonymous> (src/workflow/__tests__/workflow.test.tsx:392:9)

    console.error
      Warning: An update to ClearanceWorkflowPage inside a test was not 
wrapped in act(...).
      
      When testing, code that causes React state updates should be wrapped 
into act(...):
      
      act(() => {
        /* fire events that update state */
      });
      /* assert on the output */
      
      This ensures that you're testing the behavior the user would see in the 
browser. Learn more at https://reactjs.org/link/wrap-tests-with-act
          at ClearanceWorkflowPage (C:\Users\samhe\OneDrive\Desktop\Cleaned\fro
ntend\src\workflow\ClearanceWorkflowPage\ClearanceWorkflowPage.tsx:37:51)
          at basenameProp (C:\Users\samhe\OneDrive\Desktop\Cleaned\frontend\nod
e_modules\react-router\lib\components.tsx:421:13)
          at basename (C:\Users\samhe\OneDrive\Desktop\Cleaned\frontend\node_mo
dules\react-router\lib\components.tsx:225:3)

      70 |     async function handleOpenClear(sub: ClearanceSubmission) {
      71 |         setReviewTarget(sub)
    > 72 |         setMatches([])
         |         ^
      73 |         setReviewNotes('')
      74 |     }
      75 |

      at printWarning 
(node_modules/react-dom/cjs/react-dom.development.js:86:30)
      at error (node_modules/react-dom/cjs/react-dom.development.js:60:7)
      at warnIfUpdatesNotWrappedWithActDEV 
(node_modules/react-dom/cjs/react-dom.development.js:27628:9)
      at scheduleUpdateOnFiber 
(node_modules/react-dom/cjs/react-dom.development.js:25547:5)
      at dispatchSetState 
(node_modules/react-dom/cjs/react-dom.development.js:16708:7)
      at handleOpenClear 
(src/workflow/ClearanceWorkflowPage/ClearanceWorkflowPage.tsx:72:9)
      at onClick 
(src/workflow/ClearanceWorkflowPage/ClearanceWorkflowPage.tsx:171:72)
      at HTMLUnknownElement.callCallback 
(node_modules/react-dom/cjs/react-dom.development.js:4164:14)
      at HTMLUnknownElement.callTheUserObjectsOperation 
(node_modules/jsdom/lib/jsdom/living/generated/EventListener.js:26:30)
      at innerInvokeEventListeners 
(node_modules/jsdom/lib/jsdom/living/events/EventTarget-impl.js:350:25)
      at invokeEventListeners 
(node_modules/jsdom/lib/jsdom/living/events/EventTarget-impl.js:286:3)
      at HTMLUnknownElementImpl._dispatch 
(node_modules/jsdom/lib/jsdom/living/events/EventTarget-impl.js:233:9)
      at HTMLUnknownElementImpl.dispatchEvent 
(node_modules/jsdom/lib/jsdom/living/events/EventTarget-impl.js:104:17)
      at HTMLUnknownElement.dispatchEvent 
(node_modules/jsdom/lib/jsdom/living/generated/EventTarget.js:241:34)
      at Object.invokeGuardedCallbackDev 
(node_modules/react-dom/cjs/react-dom.development.js:4213:16)
      at invokeGuardedCallback 
(node_modules/react-dom/cjs/react-dom.development.js:4277:31)
      at invokeGuardedCallbackAndCatchFirstError 
(node_modules/react-dom/cjs/react-dom.development.js:4291:25)
      at executeDispatch 
(node_modules/react-dom/cjs/react-dom.development.js:9041:3)
      at processDispatchQueueItemsInOrder 
(node_modules/react-dom/cjs/react-dom.development.js:9073:7)
      at processDispatchQueue 
(node_modules/react-dom/cjs/react-dom.development.js:9086:5)
      at dispatchEventsForPlugins 
(node_modules/react-dom/cjs/react-dom.development.js:9097:3)
      at node_modules/react-dom/cjs/react-dom.development.js:9288:12
      at batchedUpdates$1 
(node_modules/react-dom/cjs/react-dom.development.js:26179:12)
      at batchedUpdates 
(node_modules/react-dom/cjs/react-dom.development.js:3991:12)
      at dispatchEventForPluginEventSystem 
(node_modules/react-dom/cjs/react-dom.development.js:9287:3)
      at dispatchEventWithEnableCapturePhaseSelectiveHydrationWithoutDiscreteEv
entReplay (node_modules/react-dom/cjs/react-dom.development.js:6465:5)
      at dispatchEvent 
(node_modules/react-dom/cjs/react-dom.development.js:6457:5)
      at dispatchDiscreteEvent 
(node_modules/react-dom/cjs/react-dom.development.js:6430:5)
      at HTMLDivElement.callTheUserObjectsOperation 
(node_modules/jsdom/lib/jsdom/living/generated/EventListener.js:26:30)
      at innerInvokeEventListeners 
(node_modules/jsdom/lib/jsdom/living/events/EventTarget-impl.js:350:25)
      at invokeEventListeners 
(node_modules/jsdom/lib/jsdom/living/events/EventTarget-impl.js:286:3)
      at HTMLButtonElementImpl._dispatch 
(node_modules/jsdom/lib/jsdom/living/events/EventTarget-impl.js:233:9)
      at HTMLButtonElementImpl.dispatchEvent 
(node_modules/jsdom/lib/jsdom/living/events/EventTarget-impl.js:104:17)
      at HTMLButtonElement.dispatchEvent 
(node_modules/jsdom/lib/jsdom/living/generated/EventTarget.js:241:34)
      at 
node_modules/@testing-library/user-event/dist/cjs/event/dispatchEvent.js:45:43
      at Object.eventWrapper 
(node_modules/@testing-library/dom/dist/config.js:25:23)
      at Object.wrapEvent 
(node_modules/@testing-library/user-event/dist/cjs/event/wrapEvent.js:6:28)
      at Object.dispatchEvent (node_modules/@testing-library/user-event/dist/cj
s/event/dispatchEvent.js:45:22)
      at Object.dispatchUIEvent (node_modules/@testing-library/user-event/dist/
cjs/event/dispatchEvent.js:22:26)
      at Mouse.up (node_modules/@testing-library/user-event/dist/cjs/system/poi
nter/mouse.js:100:30)
      at PointerHost.release (node_modules/@testing-library/user-event/dist/cjs
/system/pointer/index.js:87:24)
      at pointerAction 
(node_modules/@testing-library/user-event/dist/cjs/pointer/index.js:54:47)
      at Object.pointer 
(node_modules/@testing-library/user-event/dist/cjs/pointer/index.js:27:9)
      at Object.<anonymous> (src/workflow/__tests__/workflow.test.tsx:392:9)

    console.error
      Warning: An update to ClearanceWorkflowPage inside a test was not 
wrapped in act(...).
      
      When testing, code that causes React state updates should be wrapped 
into act(...):
      
      act(() => {
        /* fire events that update state */
      });
      /* assert on the output */
      
      This ensures that you're testing the behavior the user would see in the 
browser. Learn more at https://reactjs.org/link/wrap-tests-with-act
          at ClearanceWorkflowPage (C:\Users\samhe\OneDrive\Desktop\Cleaned\fro
ntend\src\workflow\ClearanceWorkflowPage\ClearanceWorkflowPage.tsx:37:51)
          at basenameProp (C:\Users\samhe\OneDrive\Desktop\Cleaned\frontend\nod
e_modules\react-router\lib\components.tsx:421:13)
          at basename (C:\Users\samhe\OneDrive\Desktop\Cleaned\frontend\node_mo
dules\react-router\lib\components.tsx:225:3)

      71 |         setReviewTarget(sub)
      72 |         setMatches([])
    > 73 |         setReviewNotes('')
         |         ^
      74 |     }
      75 |
      76 |     async function handleClear() {

      at printWarning 
(node_modules/react-dom/cjs/react-dom.development.js:86:30)
      at error (node_modules/react-dom/cjs/react-dom.development.js:60:7)
      at warnIfUpdatesNotWrappedWithActDEV 
(node_modules/react-dom/cjs/react-dom.development.js:27628:9)
      at scheduleUpdateOnFiber 
(node_modules/react-dom/cjs/react-dom.development.js:25547:5)
      at dispatchSetState 
(node_modules/react-dom/cjs/react-dom.development.js:16708:7)
      at handleOpenClear 
(src/workflow/ClearanceWorkflowPage/ClearanceWorkflowPage.tsx:73:9)
      at onClick 
(src/workflow/ClearanceWorkflowPage/ClearanceWorkflowPage.tsx:171:72)
      at HTMLUnknownElement.callCallback 
(node_modules/react-dom/cjs/react-dom.development.js:4164:14)
      at HTMLUnknownElement.callTheUserObjectsOperation 
(node_modules/jsdom/lib/jsdom/living/generated/EventListener.js:26:30)
      at innerInvokeEventListeners 
(node_modules/jsdom/lib/jsdom/living/events/EventTarget-impl.js:350:25)
      at invokeEventListeners 
(node_modules/jsdom/lib/jsdom/living/events/EventTarget-impl.js:286:3)
      at HTMLUnknownElementImpl._dispatch 
(node_modules/jsdom/lib/jsdom/living/events/EventTarget-impl.js:233:9)
      at HTMLUnknownElementImpl.dispatchEvent 
(node_modules/jsdom/lib/jsdom/living/events/EventTarget-impl.js:104:17)
      at HTMLUnknownElement.dispatchEvent 
(node_modules/jsdom/lib/jsdom/living/generated/EventTarget.js:241:34)
      at Object.invokeGuardedCallbackDev 
(node_modules/react-dom/cjs/react-dom.development.js:4213:16)
      at invokeGuardedCallback 
(node_modules/react-dom/cjs/react-dom.development.js:4277:31)
      at invokeGuardedCallbackAndCatchFirstError 
(node_modules/react-dom/cjs/react-dom.development.js:4291:25)
      at executeDispatch 
(node_modules/react-dom/cjs/react-dom.development.js:9041:3)
      at processDispatchQueueItemsInOrder 
(node_modules/react-dom/cjs/react-dom.development.js:9073:7)
      at processDispatchQueue 
(node_modules/react-dom/cjs/react-dom.development.js:9086:5)
      at dispatchEventsForPlugins 
(node_modules/react-dom/cjs/react-dom.development.js:9097:3)
      at node_modules/react-dom/cjs/react-dom.development.js:9288:12
      at batchedUpdates$1 
(node_modules/react-dom/cjs/react-dom.development.js:26179:12)
      at batchedUpdates 
(node_modules/react-dom/cjs/react-dom.development.js:3991:12)
      at dispatchEventForPluginEventSystem 
(node_modules/react-dom/cjs/react-dom.development.js:9287:3)
      at dispatchEventWithEnableCapturePhaseSelectiveHydrationWithoutDiscreteEv
entReplay (node_modules/react-dom/cjs/react-dom.development.js:6465:5)
      at dispatchEvent 
(node_modules/react-dom/cjs/react-dom.development.js:6457:5)
      at dispatchDiscreteEvent 
(node_modules/react-dom/cjs/react-dom.development.js:6430:5)
      at HTMLDivElement.callTheUserObjectsOperation 
(node_modules/jsdom/lib/jsdom/living/generated/EventListener.js:26:30)
      at innerInvokeEventListeners 
(node_modules/jsdom/lib/jsdom/living/events/EventTarget-impl.js:350:25)
      at invokeEventListeners 
(node_modules/jsdom/lib/jsdom/living/events/EventTarget-impl.js:286:3)
      at HTMLButtonElementImpl._dispatch 
(node_modules/jsdom/lib/jsdom/living/events/EventTarget-impl.js:233:9)
      at HTMLButtonElementImpl.dispatchEvent 
(node_modules/jsdom/lib/jsdom/living/events/EventTarget-impl.js:104:17)
      at HTMLButtonElement.dispatchEvent 
(node_modules/jsdom/lib/jsdom/living/generated/EventTarget.js:241:34)
      at 
node_modules/@testing-library/user-event/dist/cjs/event/dispatchEvent.js:45:43
      at Object.eventWrapper 
(node_modules/@testing-library/dom/dist/config.js:25:23)
      at Object.wrapEvent 
(node_modules/@testing-library/user-event/dist/cjs/event/wrapEvent.js:6:28)
      at Object.dispatchEvent (node_modules/@testing-library/user-event/dist/cj
s/event/dispatchEvent.js:45:22)
      at Object.dispatchUIEvent (node_modules/@testing-library/user-event/dist/
cjs/event/dispatchEvent.js:22:26)
      at Mouse.up (node_modules/@testing-library/user-event/dist/cjs/system/poi
nter/mouse.js:100:30)
      at PointerHost.release (node_modules/@testing-library/user-event/dist/cjs
/system/pointer/index.js:87:24)
      at pointerAction 
(node_modules/@testing-library/user-event/dist/cjs/pointer/index.js:54:47)
      at Object.pointer 
(node_modules/@testing-library/user-event/dist/cjs/pointer/index.js:27:9)
      at Object.<anonymous> (src/workflow/__tests__/workflow.test.tsx:392:9)

    console.error
      Warning: An update to ClearanceWorkflowPage inside a test was not 
wrapped in act(...).
      
      When testing, code that causes React state updates should be wrapped 
into act(...):
      
      act(() => {
        /* fire events that update state */
      });
      /* assert on the output */
      
      This ensures that you're testing the behavior the user would see in the 
browser. Learn more at https://reactjs.org/link/wrap-tests-with-act
          at ClearanceWorkflowPage (C:\Users\samhe\OneDrive\Desktop\Cleaned\fro
ntend\src\workflow\ClearanceWorkflowPage\ClearanceWorkflowPage.tsx:37:51)
          at basenameProp (C:\Users\samhe\OneDrive\Desktop\Cleaned\frontend\nod
e_modules\react-router\lib\components.tsx:421:13)
          at basename (C:\Users\samhe\OneDrive\Desktop\Cleaned\frontend\node_mo
dules\react-router\lib\components.tsx:225:3)

      76 |     async function handleClear() {
      77 |         if (!reviewTarget) return
    > 78 |         setClearing(true)
         |         ^
      79 |         try {
      80 |             const updated = await clearSubmission(reviewTarget.id, 
reviewNotes)
      81 |             setSubmissions((prev) => prev.map((s) => (s.id === 
updated.id ? updated : s)))

      at printWarning 
(node_modules/react-dom/cjs/react-dom.development.js:86:30)
      at error (node_modules/react-dom/cjs/react-dom.development.js:60:7)
      at warnIfUpdatesNotWrappedWithActDEV 
(node_modules/react-dom/cjs/react-dom.development.js:27628:9)
      at scheduleUpdateOnFiber 
(node_modules/react-dom/cjs/react-dom.development.js:25547:5)
      at dispatchSetState 
(node_modules/react-dom/cjs/react-dom.development.js:16708:7)
      at handleClear 
(src/workflow/ClearanceWorkflowPage/ClearanceWorkflowPage.tsx:78:9)
      at HTMLUnknownElement.callCallback 
(node_modules/react-dom/cjs/react-dom.development.js:4164:14)
      at HTMLUnknownElement.callTheUserObjectsOperation 
(node_modules/jsdom/lib/jsdom/living/generated/EventListener.js:26:30)
      at innerInvokeEventListeners 
(node_modules/jsdom/lib/jsdom/living/events/EventTarget-impl.js:350:25)
      at invokeEventListeners 
(node_modules/jsdom/lib/jsdom/living/events/EventTarget-impl.js:286:3)
      at HTMLUnknownElementImpl._dispatch 
(node_modules/jsdom/lib/jsdom/living/events/EventTarget-impl.js:233:9)
      at HTMLUnknownElementImpl.dispatchEvent 
(node_modules/jsdom/lib/jsdom/living/events/EventTarget-impl.js:104:17)
      at HTMLUnknownElement.dispatchEvent 
(node_modules/jsdom/lib/jsdom/living/generated/EventTarget.js:241:34)
      at Object.invokeGuardedCallbackDev 
(node_modules/react-dom/cjs/react-dom.development.js:4213:16)
      at invokeGuardedCallback 
(node_modules/react-dom/cjs/react-dom.development.js:4277:31)
      at invokeGuardedCallbackAndCatchFirstError 
(node_modules/react-dom/cjs/react-dom.development.js:4291:25)
      at executeDispatch 
(node_modules/react-dom/cjs/react-dom.development.js:9041:3)
      at processDispatchQueueItemsInOrder 
(node_modules/react-dom/cjs/react-dom.development.js:9073:7)
      at processDispatchQueue 
(node_modules/react-dom/cjs/react-dom.development.js:9086:5)
      at dispatchEventsForPlugins 
(node_modules/react-dom/cjs/react-dom.development.js:9097:3)
      at node_modules/react-dom/cjs/react-dom.development.js:9288:12
      at batchedUpdates$1 
(node_modules/react-dom/cjs/react-dom.development.js:26179:12)
      at batchedUpdates 
(node_modules/react-dom/cjs/react-dom.development.js:3991:12)
      at dispatchEventForPluginEventSystem 
(node_modules/react-dom/cjs/react-dom.development.js:9287:3)
      at dispatchEventWithEnableCapturePhaseSelectiveHydrationWithoutDiscreteEv
entReplay (node_modules/react-dom/cjs/react-dom.development.js:6465:5)
      at dispatchEvent 
(node_modules/react-dom/cjs/react-dom.development.js:6457:5)
      at dispatchDiscreteEvent 
(node_modules/react-dom/cjs/react-dom.development.js:6430:5)
      at HTMLDivElement.callTheUserObjectsOperation 
(node_modules/jsdom/lib/jsdom/living/generated/EventListener.js:26:30)
      at innerInvokeEventListeners 
(node_modules/jsdom/lib/jsdom/living/events/EventTarget-impl.js:350:25)
      at invokeEventListeners 
(node_modules/jsdom/lib/jsdom/living/events/EventTarget-impl.js:286:3)
      at HTMLButtonElementImpl._dispatch 
(node_modules/jsdom/lib/jsdom/living/events/EventTarget-impl.js:233:9)
      at HTMLButtonElementImpl.dispatchEvent 
(node_modules/jsdom/lib/jsdom/living/events/EventTarget-impl.js:104:17)
      at HTMLButtonElement.dispatchEvent 
(node_modules/jsdom/lib/jsdom/living/generated/EventTarget.js:241:34)
      at 
node_modules/@testing-library/user-event/dist/cjs/event/dispatchEvent.js:45:43
      at Object.eventWrapper 
(node_modules/@testing-library/dom/dist/config.js:25:23)
      at Object.wrapEvent 
(node_modules/@testing-library/user-event/dist/cjs/event/wrapEvent.js:6:28)
      at Object.dispatchEvent (node_modules/@testing-library/user-event/dist/cj
s/event/dispatchEvent.js:45:22)
      at Object.dispatchUIEvent (node_modules/@testing-library/user-event/dist/
cjs/event/dispatchEvent.js:22:26)
      at Mouse.up (node_modules/@testing-library/user-event/dist/cjs/system/poi
nter/mouse.js:100:30)
      at PointerHost.release (node_modules/@testing-library/user-event/dist/cjs
/system/pointer/index.js:87:24)
      at pointerAction 
(node_modules/@testing-library/user-event/dist/cjs/pointer/index.js:54:47)
      at Object.pointer 
(node_modules/@testing-library/user-event/dist/cjs/pointer/index.js:27:9)
      at Object.<anonymous> (src/workflow/__tests__/workflow.test.tsx:397:9)

    console.error
      Warning: An update to ClearanceWorkflowPage inside a test was not 
wrapped in act(...).
      
      When testing, code that causes React state updates should be wrapped 
into act(...):
      
      act(() => {
        /* fire events that update state */
      });
      /* assert on the output */
      
      This ensures that you're testing the behavior the user would see in the 
browser. Learn more at https://reactjs.org/link/wrap-tests-with-act
          at ClearanceWorkflowPage (C:\Users\samhe\OneDrive\Desktop\Cleaned\fro
ntend\src\workflow\ClearanceWorkflowPage\ClearanceWorkflowPage.tsx:37:51)
          at basenameProp (C:\Users\samhe\OneDrive\Desktop\Cleaned\frontend\nod
e_modules\react-router\lib\components.tsx:421:13)
          at basename (C:\Users\samhe\OneDrive\Desktop\Cleaned\frontend\node_mo
dules\react-router\lib\components.tsx:225:3)

      79 |         try {
      80 |             const updated = await clearSubmission(reviewTarget.id, 
reviewNotes)
    > 81 |             setSubmissions((prev) => prev.map((s) => (s.id === 
updated.id ? updated : s)))
         |             ^
      82 |             addNotification('Submission cleared.', 'success')
      83 |             setReviewTarget(null)
      84 |         } catch {

      at printWarning 
(node_modules/react-dom/cjs/react-dom.development.js:86:30)
      at error (node_modules/react-dom/cjs/react-dom.development.js:60:7)
      at warnIfUpdatesNotWrappedWithActDEV 
(node_modules/react-dom/cjs/react-dom.development.js:27628:9)
      at scheduleUpdateOnFiber 
(node_modules/react-dom/cjs/react-dom.development.js:25547:5)
      at dispatchSetState 
(node_modules/react-dom/cjs/react-dom.development.js:16708:7)
      at handleClear 
(src/workflow/ClearanceWorkflowPage/ClearanceWorkflowPage.tsx:81:13)

    console.error
      Warning: An update to ClearanceWorkflowPage inside a test was not 
wrapped in act(...).
      
      When testing, code that causes React state updates should be wrapped 
into act(...):
      
      act(() => {
        /* fire events that update state */
      });
      /* assert on the output */
      
      This ensures that you're testing the behavior the user would see in the 
browser. Learn more at https://reactjs.org/link/wrap-tests-with-act
          at ClearanceWorkflowPage (C:\Users\samhe\OneDrive\Desktop\Cleaned\fro
ntend\src\workflow\ClearanceWorkflowPage\ClearanceWorkflowPage.tsx:37:51)
          at basenameProp (C:\Users\samhe\OneDrive\Desktop\Cleaned\frontend\nod
e_modules\react-router\lib\components.tsx:421:13)
          at basename (C:\Users\samhe\OneDrive\Desktop\Cleaned\frontend\node_mo
dules\react-router\lib\components.tsx:225:3)

      81 |             setSubmissions((prev) => prev.map((s) => (s.id === 
updated.id ? updated : s)))
      82 |             addNotification('Submission cleared.', 'success')
    > 83 |             setReviewTarget(null)
         |             ^
      84 |         } catch {
      85 |             addNotification('Could not clear submission.', 'error')
      86 |         } finally {

      at printWarning 
(node_modules/react-dom/cjs/react-dom.development.js:86:30)
      at error (node_modules/react-dom/cjs/react-dom.development.js:60:7)
      at warnIfUpdatesNotWrappedWithActDEV 
(node_modules/react-dom/cjs/react-dom.development.js:27628:9)
      at scheduleUpdateOnFiber 
(node_modules/react-dom/cjs/react-dom.development.js:25547:5)
      at dispatchSetState 
(node_modules/react-dom/cjs/react-dom.development.js:16708:7)
      at handleClear 
(src/workflow/ClearanceWorkflowPage/ClearanceWorkflowPage.tsx:83:13)

    console.error
      Warning: An update to ClearanceWorkflowPage inside a test was not 
wrapped in act(...).
      
      When testing, code that causes React state updates should be wrapped 
into act(...):
      
      act(() => {
        /* fire events that update state */
      });
      /* assert on the output */
      
      This ensures that you're testing the behavior the user would see in the 
browser. Learn more at https://reactjs.org/link/wrap-tests-with-act
          at ClearanceWorkflowPage (C:\Users\samhe\OneDrive\Desktop\Cleaned\fro
ntend\src\workflow\ClearanceWorkflowPage\ClearanceWorkflowPage.tsx:37:51)
          at basenameProp (C:\Users\samhe\OneDrive\Desktop\Cleaned\frontend\nod
e_modules\react-router\lib\components.tsx:421:13)
          at basename (C:\Users\samhe\OneDrive\Desktop\Cleaned\frontend\node_mo
dules\react-router\lib\components.tsx:225:3)

      85 |             addNotification('Could not clear submission.', 'error')
      86 |         } finally {
    > 87 |             setClearing(false)
         |             ^
      88 |         }
      89 |     }
      90 |

      at printWarning 
(node_modules/react-dom/cjs/react-dom.development.js:86:30)
      at error (node_modules/react-dom/cjs/react-dom.development.js:60:7)
      at warnIfUpdatesNotWrappedWithActDEV 
(node_modules/react-dom/cjs/react-dom.development.js:27628:9)
      at scheduleUpdateOnFiber 
(node_modules/react-dom/cjs/react-dom.development.js:25547:5)
      at dispatchSetState 
(node_modules/react-dom/cjs/react-dom.development.js:16708:7)
      at handleClear 
(src/workflow/ClearanceWorkflowPage/ClearanceWorkflowPage.tsx:87:13)

    console.error
      Warning: An update to DataQualityPage inside a test was not wrapped in 
act(...).
      
      When testing, code that causes React state updates should be wrapped 
into act(...):
      
      act(() => {
        /* fire events that update state */
      });
      /* assert on the output */
      
      This ensures that you're testing the behavior the user would see in the 
browser. Learn more at https://reactjs.org/link/wrap-tests-with-act
          at DataQualityPage (C:\Users\samhe\OneDrive\Desktop\Cleaned\frontend\
src\workflow\DataQualityPage\DataQualityPage.tsx:43:41)
          at basenameProp (C:\Users\samhe\OneDrive\Desktop\Cleaned\frontend\nod
e_modules\react-router\lib\components.tsx:421:13)
          at basename (C:\Users\samhe\OneDrive\Desktop\Cleaned\frontend\node_mo
dules\react-router\lib\components.tsx:225:3)

      47 |
      48 |     function load() {
    > 49 |         setLoading(true)
         |         ^
      50 |         getDataQualityIssues()
      51 |             .then(setIssues)
      52 |             .catch(() => addNotification('Could not load data 
quality issues.', 'error'))

      at printWarning 
(node_modules/react-dom/cjs/react-dom.development.js:86:30)
      at error (node_modules/react-dom/cjs/react-dom.development.js:60:7)
      at warnIfUpdatesNotWrappedWithActDEV 
(node_modules/react-dom/cjs/react-dom.development.js:27628:9)
      at scheduleUpdateOnFiber 
(node_modules/react-dom/cjs/react-dom.development.js:25547:5)
      at dispatchSetState 
(node_modules/react-dom/cjs/react-dom.development.js:16708:7)
      at load (src/workflow/DataQualityPage/DataQualityPage.tsx:49:9)
      at HTMLUnknownElement.callCallback 
(node_modules/react-dom/cjs/react-dom.development.js:4164:14)
      at HTMLUnknownElement.callTheUserObjectsOperation 
(node_modules/jsdom/lib/jsdom/living/generated/EventListener.js:26:30)
      at innerInvokeEventListeners 
(node_modules/jsdom/lib/jsdom/living/events/EventTarget-impl.js:350:25)
      at invokeEventListeners 
(node_modules/jsdom/lib/jsdom/living/events/EventTarget-impl.js:286:3)
      at HTMLUnknownElementImpl._dispatch 
(node_modules/jsdom/lib/jsdom/living/events/EventTarget-impl.js:233:9)
      at HTMLUnknownElementImpl.dispatchEvent 
(node_modules/jsdom/lib/jsdom/living/events/EventTarget-impl.js:104:17)
      at HTMLUnknownElement.dispatchEvent 
(node_modules/jsdom/lib/jsdom/living/generated/EventTarget.js:241:34)
      at Object.invokeGuardedCallbackDev 
(node_modules/react-dom/cjs/react-dom.development.js:4213:16)
      at invokeGuardedCallback 
(node_modules/react-dom/cjs/react-dom.development.js:4277:31)
      at invokeGuardedCallbackAndCatchFirstError 
(node_modules/react-dom/cjs/react-dom.development.js:4291:25)
      at executeDispatch 
(node_modules/react-dom/cjs/react-dom.development.js:9041:3)
      at processDispatchQueueItemsInOrder 
(node_modules/react-dom/cjs/react-dom.development.js:9073:7)
      at processDispatchQueue 
(node_modules/react-dom/cjs/react-dom.development.js:9086:5)
      at dispatchEventsForPlugins 
(node_modules/react-dom/cjs/react-dom.development.js:9097:3)
      at node_modules/react-dom/cjs/react-dom.development.js:9288:12
      at batchedUpdates$1 
(node_modules/react-dom/cjs/react-dom.development.js:26179:12)
      at batchedUpdates 
(node_modules/react-dom/cjs/react-dom.development.js:3991:12)
      at dispatchEventForPluginEventSystem 
(node_modules/react-dom/cjs/react-dom.development.js:9287:3)
      at dispatchEventWithEnableCapturePhaseSelectiveHydrationWithoutDiscreteEv
entReplay (node_modules/react-dom/cjs/react-dom.development.js:6465:5)
      at dispatchEvent 
(node_modules/react-dom/cjs/react-dom.development.js:6457:5)
      at dispatchDiscreteEvent 
(node_modules/react-dom/cjs/react-dom.development.js:6430:5)
      at HTMLDivElement.callTheUserObjectsOperation 
(node_modules/jsdom/lib/jsdom/living/generated/EventListener.js:26:30)
      at innerInvokeEventListeners 
(node_modules/jsdom/lib/jsdom/living/events/EventTarget-impl.js:350:25)
      at invokeEventListeners 
(node_modules/jsdom/lib/jsdom/living/events/EventTarget-impl.js:286:3)
      at HTMLButtonElementImpl._dispatch 
(node_modules/jsdom/lib/jsdom/living/events/EventTarget-impl.js:233:9)
      at HTMLButtonElementImpl.dispatchEvent 
(node_modules/jsdom/lib/jsdom/living/events/EventTarget-impl.js:104:17)
      at HTMLButtonElement.dispatchEvent 
(node_modules/jsdom/lib/jsdom/living/generated/EventTarget.js:241:34)
      at 
node_modules/@testing-library/user-event/dist/cjs/event/dispatchEvent.js:45:43
      at Object.eventWrapper 
(node_modules/@testing-library/dom/dist/config.js:25:23)
      at Object.wrapEvent 
(node_modules/@testing-library/user-event/dist/cjs/event/wrapEvent.js:6:28)
      at Object.dispatchEvent (node_modules/@testing-library/user-event/dist/cj
s/event/dispatchEvent.js:45:22)
      at Object.dispatchUIEvent (node_modules/@testing-library/user-event/dist/
cjs/event/dispatchEvent.js:22:26)
      at Mouse.up (node_modules/@testing-library/user-event/dist/cjs/system/poi
nter/mouse.js:100:30)
      at PointerHost.release (node_modules/@testing-library/user-event/dist/cjs
/system/pointer/index.js:87:24)
      at pointerAction 
(node_modules/@testing-library/user-event/dist/cjs/pointer/index.js:54:47)
      at Object.pointer 
(node_modules/@testing-library/user-event/dist/cjs/pointer/index.js:27:9)
      at Object.<anonymous> (src/workflow/__tests__/workflow.test.tsx:471:9)

    console.error
      Warning: An update to DataQualityPage inside a test was not wrapped in 
act(...).
      
      When testing, code that causes React state updates should be wrapped 
into act(...):
      
      act(() => {
        /* fire events that update state */
      });
      /* assert on the output */
      
      This ensures that you're testing the behavior the user would see in the 
browser. Learn more at https://reactjs.org/link/wrap-tests-with-act
          at DataQualityPage (C:\Users\samhe\OneDrive\Desktop\Cleaned\frontend\
src\workflow\DataQualityPage\DataQualityPage.tsx:43:41)
          at basenameProp (C:\Users\samhe\OneDrive\Desktop\Cleaned\frontend\nod
e_modules\react-router\lib\components.tsx:421:13)
          at basename (C:\Users\samhe\OneDrive\Desktop\Cleaned\frontend\node_mo
dules\react-router\lib\components.tsx:225:3)

      at printWarning 
(node_modules/react-dom/cjs/react-dom.development.js:86:30)
      at error (node_modules/react-dom/cjs/react-dom.development.js:60:7)
      at warnIfUpdatesNotWrappedWithActDEV 
(node_modules/react-dom/cjs/react-dom.development.js:27628:9)
      at scheduleUpdateOnFiber 
(node_modules/react-dom/cjs/react-dom.development.js:25547:5)
      at dispatchSetState 
(node_modules/react-dom/cjs/react-dom.development.js:16708:7)

    console.error
      Warning: An update to DataQualityPage inside a test was not wrapped in 
act(...).
      
      When testing, code that causes React state updates should be wrapped 
into act(...):
      
      act(() => {
        /* fire events that update state */
      });
      /* assert on the output */
      
      This ensures that you're testing the behavior the user would see in the 
browser. Learn more at https://reactjs.org/link/wrap-tests-with-act
          at DataQualityPage (C:\Users\samhe\OneDrive\Desktop\Cleaned\frontend\
src\workflow\DataQualityPage\DataQualityPage.tsx:43:41)
          at basenameProp (C:\Users\samhe\OneDrive\Desktop\Cleaned\frontend\nod
e_modules\react-router\lib\components.tsx:421:13)
          at basename (C:\Users\samhe\OneDrive\Desktop\Cleaned\frontend\node_mo
dules\react-router\lib\components.tsx:225:3)

      51 |             .then(setIssues)
      52 |             .catch(() => addNotification('Could not load data 
quality issues.', 'error'))
    > 53 |             .finally(() => setLoading(false))
         |                            ^
      54 |     }
      55 |
      56 |     useEffect(() => { load() }, []) // eslint-disable-line 
react-hooks/exhaustive-deps

      at printWarning 
(node_modules/react-dom/cjs/react-dom.development.js:86:30)
      at error (node_modules/react-dom/cjs/react-dom.development.js:60:7)
      at warnIfUpdatesNotWrappedWithActDEV 
(node_modules/react-dom/cjs/react-dom.development.js:27628:9)
      at scheduleUpdateOnFiber 
(node_modules/react-dom/cjs/react-dom.development.js:25547:5)
      at dispatchSetState 
(node_modules/react-dom/cjs/react-dom.development.js:16708:7)
      at src/workflow/DataQualityPage/DataQualityPage.tsx:53:28

    console.error
      Warning: An update to DataQualityPage inside a test was not wrapped in 
act(...).
      
      When testing, code that causes React state updates should be wrapped 
into act(...):
      
      act(() => {
        /* fire events that update state */
      });
      /* assert on the output */
      
      This ensures that you're testing the behavior the user would see in the 
browser. Learn more at https://reactjs.org/link/wrap-tests-with-act
          at DataQualityPage (C:\Users\samhe\OneDrive\Desktop\Cleaned\frontend\
src\workflow\DataQualityPage\DataQualityPage.tsx:43:41)
          at basenameProp (C:\Users\samhe\OneDrive\Desktop\Cleaned\frontend\nod
e_modules\react-router\lib\components.tsx:421:13)
          at basename (C:\Users\samhe\OneDrive\Desktop\Cleaned\frontend\node_mo
dules\react-router\lib\components.tsx:225:3)

      132 |                 <select
      133 |                     value={filterSeverity}
    > 134 |                     onChange={(e) => 
setFilterSeverity(e.target.value)}
          |                                      ^
      135 |                     className="border border-gray-300 rounded px-3 
py-2 text-sm"
      136 |                 >
      137 |                     <option value="">All Severities</option>

      at printWarning 
(node_modules/react-dom/cjs/react-dom.development.js:86:30)
      at error (node_modules/react-dom/cjs/react-dom.development.js:60:7)
      at warnIfUpdatesNotWrappedWithActDEV 
(node_modules/react-dom/cjs/react-dom.development.js:27628:9)
      at scheduleUpdateOnFiber 
(node_modules/react-dom/cjs/react-dom.development.js:25547:5)
      at dispatchSetState 
(node_modules/react-dom/cjs/react-dom.development.js:16708:7)
      at onChange (src/workflow/DataQualityPage/DataQualityPage.tsx:134:38)
      at HTMLUnknownElement.callCallback 
(node_modules/react-dom/cjs/react-dom.development.js:4164:14)
      at HTMLUnknownElement.callTheUserObjectsOperation 
(node_modules/jsdom/lib/jsdom/living/generated/EventListener.js:26:30)
      at innerInvokeEventListeners 
(node_modules/jsdom/lib/jsdom/living/events/EventTarget-impl.js:350:25)
      at invokeEventListeners 
(node_modules/jsdom/lib/jsdom/living/events/EventTarget-impl.js:286:3)
      at HTMLUnknownElementImpl._dispatch 
(node_modules/jsdom/lib/jsdom/living/events/EventTarget-impl.js:233:9)
      at HTMLUnknownElementImpl.dispatchEvent 
(node_modules/jsdom/lib/jsdom/living/events/EventTarget-impl.js:104:17)
      at HTMLUnknownElement.dispatchEvent 
(node_modules/jsdom/lib/jsdom/living/generated/EventTarget.js:241:34)
      at Object.invokeGuardedCallbackDev 
(node_modules/react-dom/cjs/react-dom.development.js:4213:16)
      at invokeGuardedCallback 
(node_modules/react-dom/cjs/react-dom.development.js:4277:31)
      at invokeGuardedCallbackAndCatchFirstError 
(node_modules/react-dom/cjs/react-dom.development.js:4291:25)
      at executeDispatch 
(node_modules/react-dom/cjs/react-dom.development.js:9041:3)
      at processDispatchQueueItemsInOrder 
(node_modules/react-dom/cjs/react-dom.development.js:9073:7)
      at processDispatchQueue 
(node_modules/react-dom/cjs/react-dom.development.js:9086:5)
      at dispatchEventsForPlugins 
(node_modules/react-dom/cjs/react-dom.development.js:9097:3)
      at node_modules/react-dom/cjs/react-dom.development.js:9288:12
      at batchedUpdates$1 
(node_modules/react-dom/cjs/react-dom.development.js:26179:12)
      at batchedUpdates 
(node_modules/react-dom/cjs/react-dom.development.js:3991:12)
      at dispatchEventForPluginEventSystem 
(node_modules/react-dom/cjs/react-dom.development.js:9287:3)
      at dispatchEventWithEnableCapturePhaseSelectiveHydrationWithoutDiscreteEv
entReplay (node_modules/react-dom/cjs/react-dom.development.js:6465:5)
      at dispatchEvent 
(node_modules/react-dom/cjs/react-dom.development.js:6457:5)
      at dispatchDiscreteEvent 
(node_modules/react-dom/cjs/react-dom.development.js:6430:5)
      at HTMLDivElement.callTheUserObjectsOperation 
(node_modules/jsdom/lib/jsdom/living/generated/EventListener.js:26:30)
      at innerInvokeEventListeners 
(node_modules/jsdom/lib/jsdom/living/events/EventTarget-impl.js:350:25)
      at invokeEventListeners 
(node_modules/jsdom/lib/jsdom/living/events/EventTarget-impl.js:286:3)
      at HTMLSelectElementImpl._dispatch 
(node_modules/jsdom/lib/jsdom/living/events/EventTarget-impl.js:233:9)
      at HTMLSelectElementImpl.dispatchEvent 
(node_modules/jsdom/lib/jsdom/living/events/EventTarget-impl.js:104:17)
      at Proxy.dispatchEvent 
(node_modules/jsdom/lib/jsdom/living/generated/EventTarget.js:241:34)
      at 
node_modules/@testing-library/user-event/dist/cjs/event/dispatchEvent.js:45:43
      at Object.eventWrapper 
(node_modules/@testing-library/dom/dist/config.js:25:23)
      at Object.wrapEvent 
(node_modules/@testing-library/user-event/dist/cjs/event/wrapEvent.js:6:28)
      at Object.dispatchEvent (node_modules/@testing-library/user-event/dist/cj
s/event/dispatchEvent.js:45:22)
      at Object.dispatchUIEvent (node_modules/@testing-library/user-event/dist/
cjs/event/dispatchEvent.js:22:26)
      at selectOption (node_modules/@testing-library/user-event/dist/cjs/utilit
y/selectOptions.js:51:14)
      at Object.selectOptionsBase (node_modules/@testing-library/user-event/dis
t/cjs/utility/selectOptions.js:87:13)
      at Object.<anonymous> (src/workflow/__tests__/workflow.test.tsx:480:9)

    console.error
      Warning: An update to DataQualityPage inside a test was not wrapped in 
act(...).
      
      When testing, code that causes React state updates should be wrapped 
into act(...):
      
      act(() => {
        /* fire events that update state */
      });
      /* assert on the output */
      
      This ensures that you're testing the behavior the user would see in the 
browser. Learn more at https://reactjs.org/link/wrap-tests-with-act
          at DataQualityPage (C:\Users\samhe\OneDrive\Desktop\Cleaned\frontend\
src\workflow\DataQualityPage\DataQualityPage.tsx:43:41)
          at basenameProp (C:\Users\samhe\OneDrive\Desktop\Cleaned\frontend\nod
e_modules\react-router\lib\components.tsx:421:13)
          at basename (C:\Users\samhe\OneDrive\Desktop\Cleaned\frontend\node_mo
dules\react-router\lib\components.tsx:225:3)

      142 |                 <select
      143 |                     value={filterEntityType}
    > 144 |                     onChange={(e) => 
setFilterEntityType(e.target.value)}
          |                                      ^
      145 |                     className="border border-gray-300 rounded px-3 
py-2 text-sm"
      146 |                 >
      147 |                     <option value="">All Entity Types</option>

      at printWarning 
(node_modules/react-dom/cjs/react-dom.development.js:86:30)
      at error (node_modules/react-dom/cjs/react-dom.development.js:60:7)
      at warnIfUpdatesNotWrappedWithActDEV 
(node_modules/react-dom/cjs/react-dom.development.js:27628:9)
      at scheduleUpdateOnFiber 
(node_modules/react-dom/cjs/react-dom.development.js:25547:5)
      at dispatchSetState 
(node_modules/react-dom/cjs/react-dom.development.js:16708:7)
      at onChange (src/workflow/DataQualityPage/DataQualityPage.tsx:144:38)
      at HTMLUnknownElement.callCallback 
(node_modules/react-dom/cjs/react-dom.development.js:4164:14)
      at HTMLUnknownElement.callTheUserObjectsOperation 
(node_modules/jsdom/lib/jsdom/living/generated/EventListener.js:26:30)
      at innerInvokeEventListeners 
(node_modules/jsdom/lib/jsdom/living/events/EventTarget-impl.js:350:25)
      at invokeEventListeners 
(node_modules/jsdom/lib/jsdom/living/events/EventTarget-impl.js:286:3)
      at HTMLUnknownElementImpl._dispatch 
(node_modules/jsdom/lib/jsdom/living/events/EventTarget-impl.js:233:9)
      at HTMLUnknownElementImpl.dispatchEvent 
(node_modules/jsdom/lib/jsdom/living/events/EventTarget-impl.js:104:17)
      at HTMLUnknownElement.dispatchEvent 
(node_modules/jsdom/lib/jsdom/living/generated/EventTarget.js:241:34)
      at Object.invokeGuardedCallbackDev 
(node_modules/react-dom/cjs/react-dom.development.js:4213:16)
      at invokeGuardedCallback 
(node_modules/react-dom/cjs/react-dom.development.js:4277:31)
      at invokeGuardedCallbackAndCatchFirstError 
(node_modules/react-dom/cjs/react-dom.development.js:4291:25)
      at executeDispatch 
(node_modules/react-dom/cjs/react-dom.development.js:9041:3)
      at processDispatchQueueItemsInOrder 
(node_modules/react-dom/cjs/react-dom.development.js:9073:7)
      at processDispatchQueue 
(node_modules/react-dom/cjs/react-dom.development.js:9086:5)
      at dispatchEventsForPlugins 
(node_modules/react-dom/cjs/react-dom.development.js:9097:3)
      at node_modules/react-dom/cjs/react-dom.development.js:9288:12
      at batchedUpdates$1 
(node_modules/react-dom/cjs/react-dom.development.js:26179:12)
      at batchedUpdates 
(node_modules/react-dom/cjs/react-dom.development.js:3991:12)
      at dispatchEventForPluginEventSystem 
(node_modules/react-dom/cjs/react-dom.development.js:9287:3)
      at dispatchEventWithEnableCapturePhaseSelectiveHydrationWithoutDiscreteEv
entReplay (node_modules/react-dom/cjs/react-dom.development.js:6465:5)
      at dispatchEvent 
(node_modules/react-dom/cjs/react-dom.development.js:6457:5)
      at dispatchDiscreteEvent 
(node_modules/react-dom/cjs/react-dom.development.js:6430:5)
      at HTMLDivElement.callTheUserObjectsOperation 
(node_modules/jsdom/lib/jsdom/living/generated/EventListener.js:26:30)
      at innerInvokeEventListeners 
(node_modules/jsdom/lib/jsdom/living/events/EventTarget-impl.js:350:25)
      at invokeEventListeners 
(node_modules/jsdom/lib/jsdom/living/events/EventTarget-impl.js:286:3)
      at HTMLSelectElementImpl._dispatch 
(node_modules/jsdom/lib/jsdom/living/events/EventTarget-impl.js:233:9)
      at HTMLSelectElementImpl.dispatchEvent 
(node_modules/jsdom/lib/jsdom/living/events/EventTarget-impl.js:104:17)
      at Proxy.dispatchEvent 
(node_modules/jsdom/lib/jsdom/living/generated/EventTarget.js:241:34)
      at 
node_modules/@testing-library/user-event/dist/cjs/event/dispatchEvent.js:45:43
      at Object.eventWrapper 
(node_modules/@testing-library/dom/dist/config.js:25:23)
      at Object.wrapEvent 
(node_modules/@testing-library/user-event/dist/cjs/event/wrapEvent.js:6:28)
      at Object.dispatchEvent (node_modules/@testing-library/user-event/dist/cj
s/event/dispatchEvent.js:45:22)
      at Object.dispatchUIEvent (node_modules/@testing-library/user-event/dist/
cjs/event/dispatchEvent.js:22:26)
      at selectOption (node_modules/@testing-library/user-event/dist/cjs/utilit
y/selectOptions.js:51:14)
      at Object.selectOptionsBase (node_modules/@testing-library/user-event/dis
t/cjs/utility/selectOptions.js:87:13)
      at Object.<anonymous> (src/workflow/__tests__/workflow.test.tsx:489:9)

PASS src/settings/__tests__/RatingRulesPage.test.tsx (10.889 s)
  ÔùÅ Console

    console.warn
      ÔÜá´©Å React Router Future Flag Warning: React Router will begin 
wrapping state updates in `React.startTransition` in v7. You can use the 
`v7_startTransition` future flag to opt-in early. For more information, see 
https://reactrouter.com/v6/upgrading/future#v7_starttransition.

      65 | function renderRatingRulesPage() {
      66 |   const { default: RatingRulesPage } = require('../RatingRulesPage')
    > 67 |   return render(
         |                ^
      68 |     <MemoryRouter initialEntries={['/settings/rating-rules']}>
      69 |       <RatingRulesPage />
      70 |     </MemoryRouter>

      at warn (node_modules/react-router/lib/deprecations.ts:9:13)
      at warnOnce (node_modules/react-router/lib/deprecations.ts:14:3)
      at logDeprecation (node_modules/react-router/lib/deprecations.ts:26:5)
      at logV6DeprecationWarnings 
(node_modules/react-router/lib/components.tsx:257:25)
      at commitHookEffectListMount 
(node_modules/react-dom/cjs/react-dom.development.js:23189:26)
      at commitPassiveMountOnFiber 
(node_modules/react-dom/cjs/react-dom.development.js:24970:11)
      at commitPassiveMountEffects_complete 
(node_modules/react-dom/cjs/react-dom.development.js:24930:9)
      at commitPassiveMountEffects_begin 
(node_modules/react-dom/cjs/react-dom.development.js:24917:7)
      at commitPassiveMountEffects 
(node_modules/react-dom/cjs/react-dom.development.js:24905:3)
      at flushPassiveEffectsImpl 
(node_modules/react-dom/cjs/react-dom.development.js:27078:3)
      at flushPassiveEffects 
(node_modules/react-dom/cjs/react-dom.development.js:27023:14)
      at node_modules/react-dom/cjs/react-dom.development.js:26808:9
      at flushActQueue (node_modules/react/cjs/react.development.js:2667:24)
      at act (node_modules/react/cjs/react.development.js:2582:11)
      at node_modules/@testing-library/react/dist/act-compat.js:47:25
      at renderRoot (node_modules/@testing-library/react/dist/pure.js:180:26)
      at render (node_modules/@testing-library/react/dist/pure.js:271:10)
      at renderRatingRulesPage 
(src/settings/__tests__/RatingRulesPage.test.tsx:67:16)
      at Object.<anonymous> 
(src/settings/__tests__/RatingRulesPage.test.tsx:104:5)

    console.warn
      ÔÜá´©Å React Router Future Flag Warning: Relative route resolution 
within Splat routes is changing in v7. You can use the `v7_relativeSplatPath` 
future flag to opt-in early. For more information, see 
https://reactrouter.com/v6/upgrading/future#v7_relativesplatpath.

      65 | function renderRatingRulesPage() {
      66 |   const { default: RatingRulesPage } = require('../RatingRulesPage')
    > 67 |   return render(
         |                ^
      68 |     <MemoryRouter initialEntries={['/settings/rating-rules']}>
      69 |       <RatingRulesPage />
      70 |     </MemoryRouter>

      at warn (node_modules/react-router/lib/deprecations.ts:9:13)
      at warnOnce (node_modules/react-router/lib/deprecations.ts:14:3)
      at logDeprecation (node_modules/react-router/lib/deprecations.ts:37:5)
      at logV6DeprecationWarnings 
(node_modules/react-router/lib/components.tsx:257:25)
      at commitHookEffectListMount 
(node_modules/react-dom/cjs/react-dom.development.js:23189:26)
      at commitPassiveMountOnFiber 
(node_modules/react-dom/cjs/react-dom.development.js:24970:11)
      at commitPassiveMountEffects_complete 
(node_modules/react-dom/cjs/react-dom.development.js:24930:9)
      at commitPassiveMountEffects_begin 
(node_modules/react-dom/cjs/react-dom.development.js:24917:7)
      at commitPassiveMountEffects 
(node_modules/react-dom/cjs/react-dom.development.js:24905:3)
      at flushPassiveEffectsImpl 
(node_modules/react-dom/cjs/react-dom.development.js:27078:3)
      at flushPassiveEffects 
(node_modules/react-dom/cjs/react-dom.development.js:27023:14)
      at node_modules/react-dom/cjs/react-dom.development.js:26808:9
      at flushActQueue (node_modules/react/cjs/react.development.js:2667:24)
      at act (node_modules/react/cjs/react.development.js:2582:11)
      at node_modules/@testing-library/react/dist/act-compat.js:47:25
      at renderRoot (node_modules/@testing-library/react/dist/pure.js:180:26)
      at render (node_modules/@testing-library/react/dist/pure.js:271:10)
      at renderRatingRulesPage 
(src/settings/__tests__/RatingRulesPage.test.tsx:67:16)
      at Object.<anonymous> 
(src/settings/__tests__/RatingRulesPage.test.tsx:104:5)

    console.error
      Warning: An update to RatingRulesDetailPage inside a test was not 
wrapped in act(...).
      
      When testing, code that causes React state updates should be wrapped 
into act(...):
      
      act(() => {
        /* fire events that update state */
      });
      /* assert on the output */
      
      This ensures that you're testing the behavior the user would see in the 
browser. Learn more at https://reactjs.org/link/wrap-tests-with-act
          at RatingRulesDetailPage (C:\Users\samhe\OneDrive\Desktop\Cleaned\fro
ntend\src\settings\RatingRulesDetailPage.tsx:85:29)
          at routeContext (C:\Users\samhe\OneDrive\Desktop\Cleaned\frontend\nod
e_modules\react-router\lib\hooks.tsx:658:26)
          at children (C:\Users\samhe\OneDrive\Desktop\Cleaned\frontend\node_mo
dules\react-router\lib\components.tsx:512:3)
          at basenameProp (C:\Users\samhe\OneDrive\Desktop\Cleaned\frontend\nod
e_modules\react-router\lib\components.tsx:421:13)
          at basename (C:\Users\samhe\OneDrive\Desktop\Cleaned\frontend\node_mo
dules\react-router\lib\components.tsx:225:3)

      230 |     async function handleSave() {
      231 |         if (!schedule || !id) return
    > 232 |         setSaving(true)
          |         ^
      233 |         try {
      234 |             await saveRatingSchedule(id, {
      235 |                 name: schedule.name,

      at printWarning 
(node_modules/react-dom/cjs/react-dom.development.js:86:30)
      at error (node_modules/react-dom/cjs/react-dom.development.js:60:7)
      at warnIfUpdatesNotWrappedWithActDEV 
(node_modules/react-dom/cjs/react-dom.development.js:27628:9)
      at scheduleUpdateOnFiber 
(node_modules/react-dom/cjs/react-dom.development.js:25547:5)
      at dispatchSetState 
(node_modules/react-dom/cjs/react-dom.development.js:16708:7)
      at handleSave (src/settings/RatingRulesDetailPage.tsx:232:9)
      at handler (src/settings/RatingRulesDetailPage.tsx:270:38)
      at callTheUserObjectsOperation 
(node_modules/jsdom/lib/jsdom/living/generated/EventListener.js:26:30)
      at innerInvokeEventListeners 
(node_modules/jsdom/lib/jsdom/living/events/EventTarget-impl.js:350:25)
      at invokeEventListeners 
(node_modules/jsdom/lib/jsdom/living/events/EventTarget-impl.js:286:3)
      at EventTargetImpl._dispatch 
(node_modules/jsdom/lib/jsdom/living/events/EventTarget-impl.js:233:9)
      at EventTargetImpl.dispatchEvent 
(node_modules/jsdom/lib/jsdom/living/events/EventTarget-impl.js:104:17)
      at dispatchEvent 
(node_modules/jsdom/lib/jsdom/living/generated/EventTarget.js:241:34)
      at Object.<anonymous> 
(src/settings/__tests__/RatingRulesPage.test.tsx:229:12)

    console.error
      Warning: An update to RatingRulesPage inside a test was not wrapped in 
act(...).
      
      When testing, code that causes React state updates should be wrapped 
into act(...):
      
      act(() => {
        /* fire events that update state */
      });
      /* assert on the output */
      
      This ensures that you're testing the behavior the user would see in the 
browser. Learn more at https://reactjs.org/link/wrap-tests-with-act
          at RatingRulesPage (C:\Users\samhe\OneDrive\Desktop\Cleaned\frontend\
src\settings\RatingRulesPage.tsx:26:47)
          at basenameProp (C:\Users\samhe\OneDrive\Desktop\Cleaned\frontend\nod
e_modules\react-router\lib\components.tsx:421:13)
          at basename (C:\Users\samhe\OneDrive\Desktop\Cleaned\frontend\node_mo
dules\react-router\lib\components.tsx:225:3)

      154 |                                             title="Add schedule"
      155 |                                             
className="text-brand-600 hover:text-brand-800"
    > 156 |                                             onClick={() => 
setShowInlineCreate(true)}
          |                                                            ^
      157 |                                         >
      158 |                                             <FiPlus size={14} />
      159 |                                         </button>

      at printWarning 
(node_modules/react-dom/cjs/react-dom.development.js:86:30)
      at error (node_modules/react-dom/cjs/react-dom.development.js:60:7)
      at warnIfUpdatesNotWrappedWithActDEV 
(node_modules/react-dom/cjs/react-dom.development.js:27628:9)
      at scheduleUpdateOnFiber 
(node_modules/react-dom/cjs/react-dom.development.js:25547:5)
      at dispatchSetState 
(node_modules/react-dom/cjs/react-dom.development.js:16708:7)
      at onClick (src/settings/RatingRulesPage.tsx:156:60)
      at HTMLUnknownElement.callCallback 
(node_modules/react-dom/cjs/react-dom.development.js:4164:14)
      at HTMLUnknownElement.callTheUserObjectsOperation 
(node_modules/jsdom/lib/jsdom/living/generated/EventListener.js:26:30)
      at innerInvokeEventListeners 
(node_modules/jsdom/lib/jsdom/living/events/EventTarget-impl.js:350:25)
      at invokeEventListeners 
(node_modules/jsdom/lib/jsdom/living/events/EventTarget-impl.js:286:3)
      at HTMLUnknownElementImpl._dispatch 
(node_modules/jsdom/lib/jsdom/living/events/EventTarget-impl.js:233:9)
      at HTMLUnknownElementImpl.dispatchEvent 
(node_modules/jsdom/lib/jsdom/living/events/EventTarget-impl.js:104:17)
      at HTMLUnknownElement.dispatchEvent 
(node_modules/jsdom/lib/jsdom/living/generated/EventTarget.js:241:34)
      at Object.invokeGuardedCallbackDev 
(node_modules/react-dom/cjs/react-dom.development.js:4213:16)
      at invokeGuardedCallback 
(node_modules/react-dom/cjs/react-dom.development.js:4277:31)
      at invokeGuardedCallbackAndCatchFirstError 
(node_modules/react-dom/cjs/react-dom.development.js:4291:25)
      at executeDispatch 
(node_modules/react-dom/cjs/react-dom.development.js:9041:3)
      at processDispatchQueueItemsInOrder 
(node_modules/react-dom/cjs/react-dom.development.js:9073:7)
      at processDispatchQueue 
(node_modules/react-dom/cjs/react-dom.development.js:9086:5)
      at dispatchEventsForPlugins 
(node_modules/react-dom/cjs/react-dom.development.js:9097:3)
      at node_modules/react-dom/cjs/react-dom.development.js:9288:12
      at batchedUpdates$1 
(node_modules/react-dom/cjs/react-dom.development.js:26179:12)
      at batchedUpdates 
(node_modules/react-dom/cjs/react-dom.development.js:3991:12)
      at dispatchEventForPluginEventSystem 
(node_modules/react-dom/cjs/react-dom.development.js:9287:3)
      at dispatchEventWithEnableCapturePhaseSelectiveHydrationWithoutDiscreteEv
entReplay (node_modules/react-dom/cjs/react-dom.development.js:6465:5)
      at dispatchEvent 
(node_modules/react-dom/cjs/react-dom.development.js:6457:5)
      at dispatchDiscreteEvent 
(node_modules/react-dom/cjs/react-dom.development.js:6430:5)
      at HTMLDivElement.callTheUserObjectsOperation 
(node_modules/jsdom/lib/jsdom/living/generated/EventListener.js:26:30)
      at innerInvokeEventListeners 
(node_modules/jsdom/lib/jsdom/living/events/EventTarget-impl.js:350:25)
      at invokeEventListeners 
(node_modules/jsdom/lib/jsdom/living/events/EventTarget-impl.js:286:3)
      at HTMLButtonElementImpl._dispatch 
(node_modules/jsdom/lib/jsdom/living/events/EventTarget-impl.js:233:9)
      at HTMLButtonElementImpl.dispatchEvent 
(node_modules/jsdom/lib/jsdom/living/events/EventTarget-impl.js:104:17)
      at HTMLButtonElement.dispatchEvent 
(node_modules/jsdom/lib/jsdom/living/generated/EventTarget.js:241:34)
      at 
node_modules/@testing-library/user-event/dist/cjs/event/dispatchEvent.js:45:43
      at Object.eventWrapper 
(node_modules/@testing-library/dom/dist/config.js:25:23)
      at Object.wrapEvent 
(node_modules/@testing-library/user-event/dist/cjs/event/wrapEvent.js:6:28)
      at Object.dispatchEvent (node_modules/@testing-library/user-event/dist/cj
s/event/dispatchEvent.js:45:22)
      at Object.dispatchUIEvent (node_modules/@testing-library/user-event/dist/
cjs/event/dispatchEvent.js:22:26)
      at Mouse.up (node_modules/@testing-library/user-event/dist/cjs/system/poi
nter/mouse.js:100:30)
      at PointerHost.release (node_modules/@testing-library/user-event/dist/cjs
/system/pointer/index.js:87:24)
      at pointerAction 
(node_modules/@testing-library/user-event/dist/cjs/pointer/index.js:54:47)
      at Object.pointer 
(node_modules/@testing-library/user-event/dist/cjs/pointer/index.js:27:9)
      at Object.<anonymous> 
(src/settings/__tests__/RatingRulesPage.test.tsx:270:5)

    console.error
      Warning: An update to RatingRulesPage inside a test was not wrapped in 
act(...).
      
      When testing, code that causes React state updates should be wrapped 
into act(...):
      
      act(() => {
        /* fire events that update state */
      });
      /* assert on the output */
      
      This ensures that you're testing the behavior the user would see in the 
browser. Learn more at https://reactjs.org/link/wrap-tests-with-act
          at RatingRulesPage (C:\Users\samhe\OneDrive\Desktop\Cleaned\frontend\
src\settings\RatingRulesPage.tsx:26:47)
          at basenameProp (C:\Users\samhe\OneDrive\Desktop\Cleaned\frontend\nod
e_modules\react-router\lib\components.tsx:421:13)
          at basename (C:\Users\samhe\OneDrive\Desktop\Cleaned\frontend\node_mo
dules\react-router\lib\components.tsx:225:3)

      212 |                                             aria-label="Schedule 
Name"
      213 |                                             value={newName}
    > 214 |                                             onChange={e => 
setNewName(e.target.value)}
          |                                                            ^
      215 |                                             placeholder="Schedule 
nameÔÇª"
      216 |                                             className="w-full 
border border-gray-300 rounded px-2 py-0.5 text-sm focus:outline-none 
focus:ring-1 focus:ring-brand-500"
      217 |                                             // 
eslint-disable-next-line jsx-a11y/no-autofocus

      at printWarning 
(node_modules/react-dom/cjs/react-dom.development.js:86:30)
      at error (node_modules/react-dom/cjs/react-dom.development.js:60:7)
      at warnIfUpdatesNotWrappedWithActDEV 
(node_modules/react-dom/cjs/react-dom.development.js:27628:9)
      at scheduleUpdateOnFiber 
(node_modules/react-dom/cjs/react-dom.development.js:25547:5)
      at dispatchSetState 
(node_modules/react-dom/cjs/react-dom.development.js:16708:7)
      at onChange (src/settings/RatingRulesPage.tsx:214:60)
      at HTMLUnknownElement.callCallback 
(node_modules/react-dom/cjs/react-dom.development.js:4164:14)
      at HTMLUnknownElement.callTheUserObjectsOperation 
(node_modules/jsdom/lib/jsdom/living/generated/EventListener.js:26:30)
      at innerInvokeEventListeners 
(node_modules/jsdom/lib/jsdom/living/events/EventTarget-impl.js:350:25)
      at invokeEventListeners 
(node_modules/jsdom/lib/jsdom/living/events/EventTarget-impl.js:286:3)
      at HTMLUnknownElementImpl._dispatch 
(node_modules/jsdom/lib/jsdom/living/events/EventTarget-impl.js:233:9)
      at HTMLUnknownElementImpl.dispatchEvent 
(node_modules/jsdom/lib/jsdom/living/events/EventTarget-impl.js:104:17)
      at HTMLUnknownElement.dispatchEvent 
(node_modules/jsdom/lib/jsdom/living/generated/EventTarget.js:241:34)
      at Object.invokeGuardedCallbackDev 
(node_modules/react-dom/cjs/react-dom.development.js:4213:16)
      at invokeGuardedCallback 
(node_modules/react-dom/cjs/react-dom.development.js:4277:31)
      at invokeGuardedCallbackAndCatchFirstError 
(node_modules/react-dom/cjs/react-dom.development.js:4291:25)
      at executeDispatch 
(node_modules/react-dom/cjs/react-dom.development.js:9041:3)
      at processDispatchQueueItemsInOrder 
(node_modules/react-dom/cjs/react-dom.development.js:9073:7)
      at processDispatchQueue 
(node_modules/react-dom/cjs/react-dom.development.js:9086:5)
      at dispatchEventsForPlugins 
(node_modules/react-dom/cjs/react-dom.development.js:9097:3)
      at node_modules/react-dom/cjs/react-dom.development.js:9288:12
      at batchedUpdates$1 
(node_modules/react-dom/cjs/react-dom.development.js:26179:12)
      at batchedUpdates 
(node_modules/react-dom/cjs/react-dom.development.js:3991:12)
      at dispatchEventForPluginEventSystem 
(node_modules/react-dom/cjs/react-dom.development.js:9287:3)
      at dispatchEventWithEnableCapturePhaseSelectiveHydrationWithoutDiscreteEv
entReplay (node_modules/react-dom/cjs/react-dom.development.js:6465:5)
      at dispatchEvent 
(node_modules/react-dom/cjs/react-dom.development.js:6457:5)
      at dispatchDiscreteEvent 
(node_modules/react-dom/cjs/react-dom.development.js:6430:5)
      at HTMLDivElement.callTheUserObjectsOperation 
(node_modules/jsdom/lib/jsdom/living/generated/EventListener.js:26:30)
      at innerInvokeEventListeners 
(node_modules/jsdom/lib/jsdom/living/events/EventTarget-impl.js:350:25)
      at invokeEventListeners 
(node_modules/jsdom/lib/jsdom/living/events/EventTarget-impl.js:286:3)
      at HTMLInputElementImpl._dispatch 
(node_modules/jsdom/lib/jsdom/living/events/EventTarget-impl.js:233:9)
      at HTMLInputElementImpl.dispatchEvent 
(node_modules/jsdom/lib/jsdom/living/events/EventTarget-impl.js:104:17)
      at HTMLInputElement.dispatchEvent 
(node_modules/jsdom/lib/jsdom/living/generated/EventTarget.js:241:34)
      at 
node_modules/@testing-library/user-event/dist/cjs/event/dispatchEvent.js:45:43
      at Object.eventWrapper 
(node_modules/@testing-library/dom/dist/config.js:25:23)
      at Object.wrapEvent 
(node_modules/@testing-library/user-event/dist/cjs/event/wrapEvent.js:6:28)
      at Object.dispatchEvent (node_modules/@testing-library/user-event/dist/cj
s/event/dispatchEvent.js:45:22)
      at Object.dispatchUIEvent (node_modules/@testing-library/user-event/dist/
cjs/event/dispatchEvent.js:22:26)
      at commitInput 
(node_modules/@testing-library/user-event/dist/cjs/event/input.js:145:14)
      at editInputElement 
(node_modules/@testing-library/user-event/dist/cjs/event/input.js:115:9)
      at Object.input 
(node_modules/@testing-library/user-event/dist/cjs/event/input.js:37:9)
      at node_modules/@testing-library/user-event/dist/cjs/event/behavior/keypr
ess.js:31:26
      at Object.dispatchEvent (node_modules/@testing-library/user-event/dist/cj
s/event/dispatchEvent.js:41:13)
      at Object.dispatchUIEvent (node_modules/@testing-library/user-event/dist/
cjs/event/dispatchEvent.js:22:26)
      at KeyboardHost.keydown 
(node_modules/@testing-library/user-event/dist/cjs/system/keyboard.js:76:22)
      at keyboardAction 
(node_modules/@testing-library/user-event/dist/cjs/keyboard/index.js:22:35)
      at Object.keyboard 
(node_modules/@testing-library/user-event/dist/cjs/keyboard/index.js:11:15)
      at Object.type 
(node_modules/@testing-library/user-event/dist/cjs/utility/type.js:17:5)
      at Object.<anonymous> 
(src/settings/__tests__/RatingRulesPage.test.tsx:271:5)

    console.error
      Warning: An update to RatingRulesPage inside a test was not wrapped in 
act(...).
      
      When testing, code that causes React state updates should be wrapped 
into act(...):
      
      act(() => {
        /* fire events that update state */
      });
      /* assert on the output */
      
      This ensures that you're testing the behavior the user would see in the 
browser. Learn more at https://reactjs.org/link/wrap-tests-with-act
          at RatingRulesPage (C:\Users\samhe\OneDrive\Desktop\Cleaned\frontend\
src\settings\RatingRulesPage.tsx:26:47)
          at basenameProp (C:\Users\samhe\OneDrive\Desktop\Cleaned\frontend\nod
e_modules\react-router\lib\components.tsx:421:13)
          at basename (C:\Users\samhe\OneDrive\Desktop\Cleaned\frontend\node_mo
dules\react-router\lib\components.tsx:225:3)

      212 |                                             aria-label="Schedule 
Name"
      213 |                                             value={newName}
    > 214 |                                             onChange={e => 
setNewName(e.target.value)}
          |                                                            ^
      215 |                                             placeholder="Schedule 
nameÔÇª"
      216 |                                             className="w-full 
border border-gray-300 rounded px-2 py-0.5 text-sm focus:outline-none 
focus:ring-1 focus:ring-brand-500"
      217 |                                             // 
eslint-disable-next-line jsx-a11y/no-autofocus

      at printWarning 
(node_modules/react-dom/cjs/react-dom.development.js:86:30)
      at error (node_modules/react-dom/cjs/react-dom.development.js:60:7)
      at warnIfUpdatesNotWrappedWithActDEV 
(node_modules/react-dom/cjs/react-dom.development.js:27628:9)
      at scheduleUpdateOnFiber 
(node_modules/react-dom/cjs/react-dom.development.js:25547:5)
      at dispatchSetState 
(node_modules/react-dom/cjs/react-dom.development.js:16708:7)
      at onChange (src/settings/RatingRulesPage.tsx:214:60)
      at HTMLUnknownElement.callCallback 
(node_modules/react-dom/cjs/react-dom.development.js:4164:14)
      at HTMLUnknownElement.callTheUserObjectsOperation 
(node_modules/jsdom/lib/jsdom/living/generated/EventListener.js:26:30)
      at innerInvokeEventListeners 
(node_modules/jsdom/lib/jsdom/living/events/EventTarget-impl.js:350:25)
      at invokeEventListeners 
(node_modules/jsdom/lib/jsdom/living/events/EventTarget-impl.js:286:3)
      at HTMLUnknownElementImpl._dispatch 
(node_modules/jsdom/lib/jsdom/living/events/EventTarget-impl.js:233:9)
      at HTMLUnknownElementImpl.dispatchEvent 
(node_modules/jsdom/lib/jsdom/living/events/EventTarget-impl.js:104:17)
      at HTMLUnknownElement.dispatchEvent 
(node_modules/jsdom/lib/jsdom/living/generated/EventTarget.js:241:34)
      at Object.invokeGuardedCallbackDev 
(node_modules/react-dom/cjs/react-dom.development.js:4213:16)
      at invokeGuardedCallback 
(node_modules/react-dom/cjs/react-dom.development.js:4277:31)
      at invokeGuardedCallbackAndCatchFirstError 
(node_modules/react-dom/cjs/react-dom.development.js:4291:25)
      at executeDispatch 
(node_modules/react-dom/cjs/react-dom.development.js:9041:3)
      at processDispatchQueueItemsInOrder 
(node_modules/react-dom/cjs/react-dom.development.js:9073:7)
      at processDispatchQueue 
(node_modules/react-dom/cjs/react-dom.development.js:9086:5)
      at dispatchEventsForPlugins 
(node_modules/react-dom/cjs/react-dom.development.js:9097:3)
      at node_modules/react-dom/cjs/react-dom.development.js:9288:12
      at batchedUpdates$1 
(node_modules/react-dom/cjs/react-dom.development.js:26179:12)
      at batchedUpdates 
(node_modules/react-dom/cjs/react-dom.development.js:3991:12)
      at dispatchEventForPluginEventSystem 
(node_modules/react-dom/cjs/react-dom.development.js:9287:3)
      at dispatchEventWithEnableCapturePhaseSelectiveHydrationWithoutDiscreteEv
entReplay (node_modules/react-dom/cjs/react-dom.development.js:6465:5)
      at dispatchEvent 
(node_modules/react-dom/cjs/react-dom.development.js:6457:5)
      at dispatchDiscreteEvent 
(node_modules/react-dom/cjs/react-dom.development.js:6430:5)
      at HTMLDivElement.callTheUserObjectsOperation 
(node_modules/jsdom/lib/jsdom/living/generated/EventListener.js:26:30)
      at innerInvokeEventListeners 
(node_modules/jsdom/lib/jsdom/living/events/EventTarget-impl.js:350:25)
      at invokeEventListeners 
(node_modules/jsdom/lib/jsdom/living/events/EventTarget-impl.js:286:3)
      at HTMLInputElementImpl._dispatch 
(node_modules/jsdom/lib/jsdom/living/events/EventTarget-impl.js:233:9)
      at HTMLInputElementImpl.dispatchEvent 
(node_modules/jsdom/lib/jsdom/living/events/EventTarget-impl.js:104:17)
      at HTMLInputElement.dispatchEvent 
(node_modules/jsdom/lib/jsdom/living/generated/EventTarget.js:241:34)
      at 
node_modules/@testing-library/user-event/dist/cjs/event/dispatchEvent.js:45:43
      at Object.eventWrapper 
(node_modules/@testing-library/dom/dist/config.js:25:23)
      at Object.wrapEvent 
(node_modules/@testing-library/user-event/dist/cjs/event/wrapEvent.js:6:28)
      at Object.dispatchEvent (node_modules/@testing-library/user-event/dist/cj
s/event/dispatchEvent.js:45:22)
      at Object.dispatchUIEvent (node_modules/@testing-library/user-event/dist/
cjs/event/dispatchEvent.js:22:26)
      at commitInput 
(node_modules/@testing-library/user-event/dist/cjs/event/input.js:145:14)
      at editInputElement 
(node_modules/@testing-library/user-event/dist/cjs/event/input.js:115:9)
      at Object.input 
(node_modules/@testing-library/user-event/dist/cjs/event/input.js:37:9)
      at node_modules/@testing-library/user-event/dist/cjs/event/behavior/keypr
ess.js:31:26
      at Object.dispatchEvent (node_modules/@testing-library/user-event/dist/cj
s/event/dispatchEvent.js:41:13)
      at Object.dispatchUIEvent (node_modules/@testing-library/user-event/dist/
cjs/event/dispatchEvent.js:22:26)
      at KeyboardHost.keydown 
(node_modules/@testing-library/user-event/dist/cjs/system/keyboard.js:76:22)
      at keyboardAction 
(node_modules/@testing-library/user-event/dist/cjs/keyboard/index.js:22:35)
      at Object.keyboard 
(node_modules/@testing-library/user-event/dist/cjs/keyboard/index.js:11:15)
      at Object.type 
(node_modules/@testing-library/user-event/dist/cjs/utility/type.js:17:5)
      at Object.<anonymous> 
(src/settings/__tests__/RatingRulesPage.test.tsx:271:5)

    console.error
      Warning: An update to RatingRulesPage inside a test was not wrapped in 
act(...).
      
      When testing, code that causes React state updates should be wrapped 
into act(...):
      
      act(() => {
        /* fire events that update state */
      });
      /* assert on the output */
      
      This ensures that you're testing the behavior the user would see in the 
browser. Learn more at https://reactjs.org/link/wrap-tests-with-act
          at RatingRulesPage (C:\Users\samhe\OneDrive\Desktop\Cleaned\frontend\
src\settings\RatingRulesPage.tsx:26:47)
          at basenameProp (C:\Users\samhe\OneDrive\Desktop\Cleaned\frontend\nod
e_modules\react-router\lib\components.tsx:421:13)
          at basename (C:\Users\samhe\OneDrive\Desktop\Cleaned\frontend\node_mo
dules\react-router\lib\components.tsx:225:3)

      212 |                                             aria-label="Schedule 
Name"
      213 |                                             value={newName}
    > 214 |                                             onChange={e => 
setNewName(e.target.value)}
          |                                                            ^
      215 |                                             placeholder="Schedule 
nameÔÇª"
      216 |                                             className="w-full 
border border-gray-300 rounded px-2 py-0.5 text-sm focus:outline-none 
focus:ring-1 focus:ring-brand-500"
      217 |                                             // 
eslint-disable-next-line jsx-a11y/no-autofocus

      at printWarning 
(node_modules/react-dom/cjs/react-dom.development.js:86:30)
      at error (node_modules/react-dom/cjs/react-dom.development.js:60:7)
      at warnIfUpdatesNotWrappedWithActDEV 
(node_modules/react-dom/cjs/react-dom.development.js:27628:9)
      at scheduleUpdateOnFiber 
(node_modules/react-dom/cjs/react-dom.development.js:25547:5)
      at dispatchSetState 
(node_modules/react-dom/cjs/react-dom.development.js:16708:7)
      at onChange (src/settings/RatingRulesPage.tsx:214:60)
      at HTMLUnknownElement.callCallback 
(node_modules/react-dom/cjs/react-dom.development.js:4164:14)
      at HTMLUnknownElement.callTheUserObjectsOperation 
(node_modules/jsdom/lib/jsdom/living/generated/EventListener.js:26:30)
      at innerInvokeEventListeners 
(node_modules/jsdom/lib/jsdom/living/events/EventTarget-impl.js:350:25)
      at invokeEventListeners 
(node_modules/jsdom/lib/jsdom/living/events/EventTarget-impl.js:286:3)
      at HTMLUnknownElementImpl._dispatch 
(node_modules/jsdom/lib/jsdom/living/events/EventTarget-impl.js:233:9)
      at HTMLUnknownElementImpl.dispatchEvent 
(node_modules/jsdom/lib/jsdom/living/events/EventTarget-impl.js:104:17)
      at HTMLUnknownElement.dispatchEvent 
(node_modules/jsdom/lib/jsdom/living/generated/EventTarget.js:241:34)
      at Object.invokeGuardedCallbackDev 
(node_modules/react-dom/cjs/react-dom.development.js:4213:16)
      at invokeGuardedCallback 
(node_modules/react-dom/cjs/react-dom.development.js:4277:31)
      at invokeGuardedCallbackAndCatchFirstError 
(node_modules/react-dom/cjs/react-dom.development.js:4291:25)
      at executeDispatch 
(node_modules/react-dom/cjs/react-dom.development.js:9041:3)
      at processDispatchQueueItemsInOrder 
(node_modules/react-dom/cjs/react-dom.development.js:9073:7)
      at processDispatchQueue 
(node_modules/react-dom/cjs/react-dom.development.js:9086:5)
      at dispatchEventsForPlugins 
(node_modules/react-dom/cjs/react-dom.development.js:9097:3)
      at node_modules/react-dom/cjs/react-dom.development.js:9288:12
      at batchedUpdates$1 
(node_modules/react-dom/cjs/react-dom.development.js:26179:12)
      at batchedUpdates 
(node_modules/react-dom/cjs/react-dom.development.js:3991:12)
      at dispatchEventForPluginEventSystem 
(node_modules/react-dom/cjs/react-dom.development.js:9287:3)
      at dispatchEventWithEnableCapturePhaseSelectiveHydrationWithoutDiscreteEv
entReplay (node_modules/react-dom/cjs/react-dom.development.js:6465:5)
      at dispatchEvent 
(node_modules/react-dom/cjs/react-dom.development.js:6457:5)
      at dispatchDiscreteEvent 
(node_modules/react-dom/cjs/react-dom.development.js:6430:5)
      at HTMLDivElement.callTheUserObjectsOperation 
(node_modules/jsdom/lib/jsdom/living/generated/EventListener.js:26:30)
      at innerInvokeEventListeners 
(node_modules/jsdom/lib/jsdom/living/events/EventTarget-impl.js:350:25)
      at invokeEventListeners 
(node_modules/jsdom/lib/jsdom/living/events/EventTarget-impl.js:286:3)
      at HTMLInputElementImpl._dispatch 
(node_modules/jsdom/lib/jsdom/living/events/EventTarget-impl.js:233:9)
      at HTMLInputElementImpl.dispatchEvent 
(node_modules/jsdom/lib/jsdom/living/events/EventTarget-impl.js:104:17)
      at HTMLInputElement.dispatchEvent 
(node_modules/jsdom/lib/jsdom/living/generated/EventTarget.js:241:34)
      at 
node_modules/@testing-library/user-event/dist/cjs/event/dispatchEvent.js:45:43
      at Object.eventWrapper 
(node_modules/@testing-library/dom/dist/config.js:25:23)
      at Object.wrapEvent 
(node_modules/@testing-library/user-event/dist/cjs/event/wrapEvent.js:6:28)
      at Object.dispatchEvent (node_modules/@testing-library/user-event/dist/cj
s/event/dispatchEvent.js:45:22)
      at Object.dispatchUIEvent (node_modules/@testing-library/user-event/dist/
cjs/event/dispatchEvent.js:22:26)
      at commitInput 
(node_modules/@testing-library/user-event/dist/cjs/event/input.js:145:14)
      at editInputElement 
(node_modules/@testing-library/user-event/dist/cjs/event/input.js:115:9)
      at Object.input 
(node_modules/@testing-library/user-event/dist/cjs/event/input.js:37:9)
      at node_modules/@testing-library/user-event/dist/cjs/event/behavior/keypr
ess.js:31:26
      at Object.dispatchEvent (node_modules/@testing-library/user-event/dist/cj
s/event/dispatchEvent.js:41:13)
      at Object.dispatchUIEvent (node_modules/@testing-library/user-event/dist/
cjs/event/dispatchEvent.js:22:26)
      at KeyboardHost.keydown 
(node_modules/@testing-library/user-event/dist/cjs/system/keyboard.js:76:22)
      at keyboardAction 
(node_modules/@testing-library/user-event/dist/cjs/keyboard/index.js:22:35)
      at Object.keyboard 
(node_modules/@testing-library/user-event/dist/cjs/keyboard/index.js:11:15)
      at Object.type 
(node_modules/@testing-library/user-event/dist/cjs/utility/type.js:17:5)
      at Object.<anonymous> 
(src/settings/__tests__/RatingRulesPage.test.tsx:271:5)

    console.error
      Warning: An update to RatingRulesPage inside a test was not wrapped in 
act(...).
      
      When testing, code that causes React state updates should be wrapped 
into act(...):
      
      act(() => {
        /* fire events that update state */
      });
      /* assert on the output */
      
      This ensures that you're testing the behavior the user would see in the 
browser. Learn more at https://reactjs.org/link/wrap-tests-with-act
          at RatingRulesPage (C:\Users\samhe\OneDrive\Desktop\Cleaned\frontend\
src\settings\RatingRulesPage.tsx:26:47)
          at basenameProp (C:\Users\samhe\OneDrive\Desktop\Cleaned\frontend\nod
e_modules\react-router\lib\components.tsx:421:13)
          at basename (C:\Users\samhe\OneDrive\Desktop\Cleaned\frontend\node_mo
dules\react-router\lib\components.tsx:225:3)

      212 |                                             aria-label="Schedule 
Name"
      213 |                                             value={newName}
    > 214 |                                             onChange={e => 
setNewName(e.target.value)}
          |                                                            ^
      215 |                                             placeholder="Schedule 
nameÔÇª"
      216 |                                             className="w-full 
border border-gray-300 rounded px-2 py-0.5 text-sm focus:outline-none 
focus:ring-1 focus:ring-brand-500"
      217 |                                             // 
eslint-disable-next-line jsx-a11y/no-autofocus

      at printWarning 
(node_modules/react-dom/cjs/react-dom.development.js:86:30)
      at error (node_modules/react-dom/cjs/react-dom.development.js:60:7)
      at warnIfUpdatesNotWrappedWithActDEV 
(node_modules/react-dom/cjs/react-dom.development.js:27628:9)
      at scheduleUpdateOnFiber 
(node_modules/react-dom/cjs/react-dom.development.js:25547:5)
      at dispatchSetState 
(node_modules/react-dom/cjs/react-dom.development.js:16708:7)
      at onChange (src/settings/RatingRulesPage.tsx:214:60)
      at HTMLUnknownElement.callCallback 
(node_modules/react-dom/cjs/react-dom.development.js:4164:14)
      at HTMLUnknownElement.callTheUserObjectsOperation 
(node_modules/jsdom/lib/jsdom/living/generated/EventListener.js:26:30)
      at innerInvokeEventListeners 
(node_modules/jsdom/lib/jsdom/living/events/EventTarget-impl.js:350:25)
      at invokeEventListeners 
(node_modules/jsdom/lib/jsdom/living/events/EventTarget-impl.js:286:3)
      at HTMLUnknownElementImpl._dispatch 
(node_modules/jsdom/lib/jsdom/living/events/EventTarget-impl.js:233:9)
      at HTMLUnknownElementImpl.dispatchEvent 
(node_modules/jsdom/lib/jsdom/living/events/EventTarget-impl.js:104:17)
      at HTMLUnknownElement.dispatchEvent 
(node_modules/jsdom/lib/jsdom/living/generated/EventTarget.js:241:34)
      at Object.invokeGuardedCallbackDev 
(node_modules/react-dom/cjs/react-dom.development.js:4213:16)
      at invokeGuardedCallback 
(node_modules/react-dom/cjs/react-dom.development.js:4277:31)
      at invokeGuardedCallbackAndCatchFirstError 
(node_modules/react-dom/cjs/react-dom.development.js:4291:25)
      at executeDispatch 
(node_modules/react-dom/cjs/react-dom.development.js:9041:3)
      at processDispatchQueueItemsInOrder 
(node_modules/react-dom/cjs/react-dom.development.js:9073:7)
      at processDispatchQueue 
(node_modules/react-dom/cjs/react-dom.development.js:9086:5)
      at dispatchEventsForPlugins 
(node_modules/react-dom/cjs/react-dom.development.js:9097:3)
      at node_modules/react-dom/cjs/react-dom.development.js:9288:12
      at batchedUpdates$1 
(node_modules/react-dom/cjs/react-dom.development.js:26179:12)
      at batchedUpdates 
(node_modules/react-dom/cjs/react-dom.development.js:3991:12)
      at dispatchEventForPluginEventSystem 
(node_modules/react-dom/cjs/react-dom.development.js:9287:3)
      at dispatchEventWithEnableCapturePhaseSelectiveHydrationWithoutDiscreteEv
entReplay (node_modules/react-dom/cjs/react-dom.development.js:6465:5)
      at dispatchEvent 
(node_modules/react-dom/cjs/react-dom.development.js:6457:5)
      at dispatchDiscreteEvent 
(node_modules/react-dom/cjs/react-dom.development.js:6430:5)
      at HTMLDivElement.callTheUserObjectsOperation 
(node_modules/jsdom/lib/jsdom/living/generated/EventListener.js:26:30)
      at innerInvokeEventListeners 
(node_modules/jsdom/lib/jsdom/living/events/EventTarget-impl.js:350:25)
      at invokeEventListeners 
(node_modules/jsdom/lib/jsdom/living/events/EventTarget-impl.js:286:3)
      at HTMLInputElementImpl._dispatch 
(node_modules/jsdom/lib/jsdom/living/events/EventTarget-impl.js:233:9)
      at HTMLInputElementImpl.dispatchEvent 
(node_modules/jsdom/lib/jsdom/living/events/EventTarget-impl.js:104:17)
      at HTMLInputElement.dispatchEvent 
(node_modules/jsdom/lib/jsdom/living/generated/EventTarget.js:241:34)
      at 
node_modules/@testing-library/user-event/dist/cjs/event/dispatchEvent.js:45:43
      at Object.eventWrapper 
(node_modules/@testing-library/dom/dist/config.js:25:23)
      at Object.wrapEvent 
(node_modules/@testing-library/user-event/dist/cjs/event/wrapEvent.js:6:28)
      at Object.dispatchEvent (node_modules/@testing-library/user-event/dist/cj
s/event/dispatchEvent.js:45:22)
      at Object.dispatchUIEvent (node_modules/@testing-library/user-event/dist/
cjs/event/dispatchEvent.js:22:26)
      at commitInput 
(node_modules/@testing-library/user-event/dist/cjs/event/input.js:145:14)
      at editInputElement 
(node_modules/@testing-library/user-event/dist/cjs/event/input.js:115:9)
      at Object.input 
(node_modules/@testing-library/user-event/dist/cjs/event/input.js:37:9)
      at node_modules/@testing-library/user-event/dist/cjs/event/behavior/keypr
ess.js:31:26
      at Object.dispatchEvent (node_modules/@testing-library/user-event/dist/cj
s/event/dispatchEvent.js:41:13)
      at Object.dispatchUIEvent (node_modules/@testing-library/user-event/dist/
cjs/event/dispatchEvent.js:22:26)
      at KeyboardHost.keydown 
(node_modules/@testing-library/user-event/dist/cjs/system/keyboard.js:76:22)
      at keyboardAction 
(node_modules/@testing-library/user-event/dist/cjs/keyboard/index.js:22:35)
      at Object.keyboard 
(node_modules/@testing-library/user-event/dist/cjs/keyboard/index.js:11:15)
      at Object.type 
(node_modules/@testing-library/user-event/dist/cjs/utility/type.js:17:5)
      at Object.<anonymous> 
(src/settings/__tests__/RatingRulesPage.test.tsx:271:5)

    console.error
      Warning: An update to RatingRulesPage inside a test was not wrapped in 
act(...).
      
      When testing, code that causes React state updates should be wrapped 
into act(...):
      
      act(() => {
        /* fire events that update state */
      });
      /* assert on the output */
      
      This ensures that you're testing the behavior the user would see in the 
browser. Learn more at https://reactjs.org/link/wrap-tests-with-act
          at RatingRulesPage (C:\Users\samhe\OneDrive\Desktop\Cleaned\frontend\
src\settings\RatingRulesPage.tsx:26:47)
          at basenameProp (C:\Users\samhe\OneDrive\Desktop\Cleaned\frontend\nod
e_modules\react-router\lib\components.tsx:421:13)
          at basename (C:\Users\samhe\OneDrive\Desktop\Cleaned\frontend\node_mo
dules\react-router\lib\components.tsx:225:3)

      154 |                                             title="Add schedule"
      155 |                                             
className="text-brand-600 hover:text-brand-800"
    > 156 |                                             onClick={() => 
setShowInlineCreate(true)}
          |                                                            ^
      157 |                                         >
      158 |                                             <FiPlus size={14} />
      159 |                                         </button>

      at printWarning 
(node_modules/react-dom/cjs/react-dom.development.js:86:30)
      at error (node_modules/react-dom/cjs/react-dom.development.js:60:7)
      at warnIfUpdatesNotWrappedWithActDEV 
(node_modules/react-dom/cjs/react-dom.development.js:27628:9)
      at scheduleUpdateOnFiber 
(node_modules/react-dom/cjs/react-dom.development.js:25547:5)
      at dispatchSetState 
(node_modules/react-dom/cjs/react-dom.development.js:16708:7)
      at onClick (src/settings/RatingRulesPage.tsx:156:60)
      at HTMLUnknownElement.callCallback 
(node_modules/react-dom/cjs/react-dom.development.js:4164:14)
      at HTMLUnknownElement.callTheUserObjectsOperation 
(node_modules/jsdom/lib/jsdom/living/generated/EventListener.js:26:30)
      at innerInvokeEventListeners 
(node_modules/jsdom/lib/jsdom/living/events/EventTarget-impl.js:350:25)
      at invokeEventListeners 
(node_modules/jsdom/lib/jsdom/living/events/EventTarget-impl.js:286:3)
      at HTMLUnknownElementImpl._dispatch 
(node_modules/jsdom/lib/jsdom/living/events/EventTarget-impl.js:233:9)
      at HTMLUnknownElementImpl.dispatchEvent 
(node_modules/jsdom/lib/jsdom/living/events/EventTarget-impl.js:104:17)
      at HTMLUnknownElement.dispatchEvent 
(node_modules/jsdom/lib/jsdom/living/generated/EventTarget.js:241:34)
      at Object.invokeGuardedCallbackDev 
(node_modules/react-dom/cjs/react-dom.development.js:4213:16)
      at invokeGuardedCallback 
(node_modules/react-dom/cjs/react-dom.development.js:4277:31)
      at invokeGuardedCallbackAndCatchFirstError 
(node_modules/react-dom/cjs/react-dom.development.js:4291:25)
      at executeDispatch 
(node_modules/react-dom/cjs/react-dom.development.js:9041:3)
      at processDispatchQueueItemsInOrder 
(node_modules/react-dom/cjs/react-dom.development.js:9073:7)
      at processDispatchQueue 
(node_modules/react-dom/cjs/react-dom.development.js:9086:5)
      at dispatchEventsForPlugins 
(node_modules/react-dom/cjs/react-dom.development.js:9097:3)
      at node_modules/react-dom/cjs/react-dom.development.js:9288:12
      at batchedUpdates$1 
(node_modules/react-dom/cjs/react-dom.development.js:26179:12)
      at batchedUpdates 
(node_modules/react-dom/cjs/react-dom.development.js:3991:12)
      at dispatchEventForPluginEventSystem 
(node_modules/react-dom/cjs/react-dom.development.js:9287:3)
      at dispatchEventWithEnableCapturePhaseSelectiveHydrationWithoutDiscreteEv
entReplay (node_modules/react-dom/cjs/react-dom.development.js:6465:5)
      at dispatchEvent 
(node_modules/react-dom/cjs/react-dom.development.js:6457:5)
      at dispatchDiscreteEvent 
(node_modules/react-dom/cjs/react-dom.development.js:6430:5)
      at HTMLDivElement.callTheUserObjectsOperation 
(node_modules/jsdom/lib/jsdom/living/generated/EventListener.js:26:30)
      at innerInvokeEventListeners 
(node_modules/jsdom/lib/jsdom/living/events/EventTarget-impl.js:350:25)
      at invokeEventListeners 
(node_modules/jsdom/lib/jsdom/living/events/EventTarget-impl.js:286:3)
      at HTMLButtonElementImpl._dispatch 
(node_modules/jsdom/lib/jsdom/living/events/EventTarget-impl.js:233:9)
      at HTMLButtonElementImpl.dispatchEvent 
(node_modules/jsdom/lib/jsdom/living/events/EventTarget-impl.js:104:17)
      at HTMLButtonElement.dispatchEvent 
(node_modules/jsdom/lib/jsdom/living/generated/EventTarget.js:241:34)
      at 
node_modules/@testing-library/user-event/dist/cjs/event/dispatchEvent.js:45:43
      at Object.eventWrapper 
(node_modules/@testing-library/dom/dist/config.js:25:23)
      at Object.wrapEvent 
(node_modules/@testing-library/user-event/dist/cjs/event/wrapEvent.js:6:28)
      at Object.dispatchEvent (node_modules/@testing-library/user-event/dist/cj
s/event/dispatchEvent.js:45:22)
      at Object.dispatchUIEvent (node_modules/@testing-library/user-event/dist/
cjs/event/dispatchEvent.js:22:26)
      at Mouse.up (node_modules/@testing-library/user-event/dist/cjs/system/poi
nter/mouse.js:100:30)
      at PointerHost.release (node_modules/@testing-library/user-event/dist/cjs
/system/pointer/index.js:87:24)
      at pointerAction 
(node_modules/@testing-library/user-event/dist/cjs/pointer/index.js:54:47)
      at Object.pointer 
(node_modules/@testing-library/user-event/dist/cjs/pointer/index.js:27:9)
      at Object.<anonymous> 
(src/settings/__tests__/RatingRulesPage.test.tsx:286:5)

    console.error
      Warning: An update to RatingRulesPage inside a test was not wrapped in 
act(...).
      
      When testing, code that causes React state updates should be wrapped 
into act(...):
      
      act(() => {
        /* fire events that update state */
      });
      /* assert on the output */
      
      This ensures that you're testing the behavior the user would see in the 
browser. Learn more at https://reactjs.org/link/wrap-tests-with-act
          at RatingRulesPage (C:\Users\samhe\OneDrive\Desktop\Cleaned\frontend\
src\settings\RatingRulesPage.tsx:26:47)
          at basenameProp (C:\Users\samhe\OneDrive\Desktop\Cleaned\frontend\nod
e_modules\react-router\lib\components.tsx:421:13)
          at basename (C:\Users\samhe\OneDrive\Desktop\Cleaned\frontend\node_mo
dules\react-router\lib\components.tsx:225:3)

      212 |                                             aria-label="Schedule 
Name"
      213 |                                             value={newName}
    > 214 |                                             onChange={e => 
setNewName(e.target.value)}
          |                                                            ^
      215 |                                             placeholder="Schedule 
nameÔÇª"
      216 |                                             className="w-full 
border border-gray-300 rounded px-2 py-0.5 text-sm focus:outline-none 
focus:ring-1 focus:ring-brand-500"
      217 |                                             // 
eslint-disable-next-line jsx-a11y/no-autofocus

      at printWarning 
(node_modules/react-dom/cjs/react-dom.development.js:86:30)
      at error (node_modules/react-dom/cjs/react-dom.development.js:60:7)
      at warnIfUpdatesNotWrappedWithActDEV 
(node_modules/react-dom/cjs/react-dom.development.js:27628:9)
      at scheduleUpdateOnFiber 
(node_modules/react-dom/cjs/react-dom.development.js:25547:5)
      at dispatchSetState 
(node_modules/react-dom/cjs/react-dom.development.js:16708:7)
      at onChange (src/settings/RatingRulesPage.tsx:214:60)
      at HTMLUnknownElement.callCallback 
(node_modules/react-dom/cjs/react-dom.development.js:4164:14)
      at HTMLUnknownElement.callTheUserObjectsOperation 
(node_modules/jsdom/lib/jsdom/living/generated/EventListener.js:26:30)
      at innerInvokeEventListeners 
(node_modules/jsdom/lib/jsdom/living/events/EventTarget-impl.js:350:25)
      at invokeEventListeners 
(node_modules/jsdom/lib/jsdom/living/events/EventTarget-impl.js:286:3)
      at HTMLUnknownElementImpl._dispatch 
(node_modules/jsdom/lib/jsdom/living/events/EventTarget-impl.js:233:9)
      at HTMLUnknownElementImpl.dispatchEvent 
(node_modules/jsdom/lib/jsdom/living/events/EventTarget-impl.js:104:17)
      at HTMLUnknownElement.dispatchEvent 
(node_modules/jsdom/lib/jsdom/living/generated/EventTarget.js:241:34)
      at Object.invokeGuardedCallbackDev 
(node_modules/react-dom/cjs/react-dom.development.js:4213:16)
      at invokeGuardedCallback 
(node_modules/react-dom/cjs/react-dom.development.js:4277:31)
      at invokeGuardedCallbackAndCatchFirstError 
(node_modules/react-dom/cjs/react-dom.development.js:4291:25)
      at executeDispatch 
(node_modules/react-dom/cjs/react-dom.development.js:9041:3)
      at processDispatchQueueItemsInOrder 
(node_modules/react-dom/cjs/react-dom.development.js:9073:7)
      at processDispatchQueue 
(node_modules/react-dom/cjs/react-dom.development.js:9086:5)
      at dispatchEventsForPlugins 
(node_modules/react-dom/cjs/react-dom.development.js:9097:3)
      at node_modules/react-dom/cjs/react-dom.development.js:9288:12
      at batchedUpdates$1 
(node_modules/react-dom/cjs/react-dom.development.js:26179:12)
      at batchedUpdates 
(node_modules/react-dom/cjs/react-dom.development.js:3991:12)
      at dispatchEventForPluginEventSystem 
(node_modules/react-dom/cjs/react-dom.development.js:9287:3)
      at dispatchEventWithEnableCapturePhaseSelectiveHydrationWithoutDiscreteEv
entReplay (node_modules/react-dom/cjs/react-dom.development.js:6465:5)
      at dispatchEvent 
(node_modules/react-dom/cjs/react-dom.development.js:6457:5)
      at dispatchDiscreteEvent 
(node_modules/react-dom/cjs/react-dom.development.js:6430:5)
      at HTMLDivElement.callTheUserObjectsOperation 
(node_modules/jsdom/lib/jsdom/living/generated/EventListener.js:26:30)
      at innerInvokeEventListeners 
(node_modules/jsdom/lib/jsdom/living/events/EventTarget-impl.js:350:25)
      at invokeEventListeners 
(node_modules/jsdom/lib/jsdom/living/events/EventTarget-impl.js:286:3)
      at HTMLInputElementImpl._dispatch 
(node_modules/jsdom/lib/jsdom/living/events/EventTarget-impl.js:233:9)
      at HTMLInputElementImpl.dispatchEvent 
(node_modules/jsdom/lib/jsdom/living/events/EventTarget-impl.js:104:17)
      at HTMLInputElement.dispatchEvent 
(node_modules/jsdom/lib/jsdom/living/generated/EventTarget.js:241:34)
      at 
node_modules/@testing-library/user-event/dist/cjs/event/dispatchEvent.js:45:43
      at Object.eventWrapper 
(node_modules/@testing-library/dom/dist/config.js:25:23)
      at Object.wrapEvent 
(node_modules/@testing-library/user-event/dist/cjs/event/wrapEvent.js:6:28)
      at Object.dispatchEvent (node_modules/@testing-library/user-event/dist/cj
s/event/dispatchEvent.js:45:22)
      at Object.dispatchUIEvent (node_modules/@testing-library/user-event/dist/
cjs/event/dispatchEvent.js:22:26)
      at commitInput 
(node_modules/@testing-library/user-event/dist/cjs/event/input.js:145:14)
      at editInputElement 
(node_modules/@testing-library/user-event/dist/cjs/event/input.js:115:9)
      at Object.input 
(node_modules/@testing-library/user-event/dist/cjs/event/input.js:37:9)
      at node_modules/@testing-library/user-event/dist/cjs/event/behavior/keypr
ess.js:31:26
      at Object.dispatchEvent (node_modules/@testing-library/user-event/dist/cj
s/event/dispatchEvent.js:41:13)
      at Object.dispatchUIEvent (node_modules/@testing-library/user-event/dist/
cjs/event/dispatchEvent.js:22:26)
      at KeyboardHost.keydown 
(node_modules/@testing-library/user-event/dist/cjs/system/keyboard.js:76:22)
      at keyboardAction 
(node_modules/@testing-library/user-event/dist/cjs/keyboard/index.js:22:35)
      at Object.keyboard 
(node_modules/@testing-library/user-event/dist/cjs/keyboard/index.js:11:15)
      at Object.type 
(node_modules/@testing-library/user-event/dist/cjs/utility/type.js:17:5)
      at Object.<anonymous> 
(src/settings/__tests__/RatingRulesPage.test.tsx:287:5)

    console.error
      Warning: An update to RatingRulesPage inside a test was not wrapped in 
act(...).
      
      When testing, code that causes React state updates should be wrapped 
into act(...):
      
      act(() => {
        /* fire events that update state */
      });
      /* assert on the output */
      
      This ensures that you're testing the behavior the user would see in the 
browser. Learn more at https://reactjs.org/link/wrap-tests-with-act
          at RatingRulesPage (C:\Users\samhe\OneDrive\Desktop\Cleaned\frontend\
src\settings\RatingRulesPage.tsx:26:47)
          at basenameProp (C:\Users\samhe\OneDrive\Desktop\Cleaned\frontend\nod
e_modules\react-router\lib\components.tsx:421:13)
          at basename (C:\Users\samhe\OneDrive\Desktop\Cleaned\frontend\node_mo
dules\react-router\lib\components.tsx:225:3)

      212 |                                             aria-label="Schedule 
Name"
      213 |                                             value={newName}
    > 214 |                                             onChange={e => 
setNewName(e.target.value)}
          |                                                            ^
      215 |                                             placeholder="Schedule 
nameÔÇª"
      216 |                                             className="w-full 
border border-gray-300 rounded px-2 py-0.5 text-sm focus:outline-none 
focus:ring-1 focus:ring-brand-500"
      217 |                                             // 
eslint-disable-next-line jsx-a11y/no-autofocus

      at printWarning 
(node_modules/react-dom/cjs/react-dom.development.js:86:30)
      at error (node_modules/react-dom/cjs/react-dom.development.js:60:7)
      at warnIfUpdatesNotWrappedWithActDEV 
(node_modules/react-dom/cjs/react-dom.development.js:27628:9)
      at scheduleUpdateOnFiber 
(node_modules/react-dom/cjs/react-dom.development.js:25547:5)
      at dispatchSetState 
(node_modules/react-dom/cjs/react-dom.development.js:16708:7)
      at onChange (src/settings/RatingRulesPage.tsx:214:60)
      at HTMLUnknownElement.callCallback 
(node_modules/react-dom/cjs/react-dom.development.js:4164:14)
      at HTMLUnknownElement.callTheUserObjectsOperation 
(node_modules/jsdom/lib/jsdom/living/generated/EventListener.js:26:30)
      at innerInvokeEventListeners 
(node_modules/jsdom/lib/jsdom/living/events/EventTarget-impl.js:350:25)
      at invokeEventListeners 
(node_modules/jsdom/lib/jsdom/living/events/EventTarget-impl.js:286:3)
      at HTMLUnknownElementImpl._dispatch 
(node_modules/jsdom/lib/jsdom/living/events/EventTarget-impl.js:233:9)
      at HTMLUnknownElementImpl.dispatchEvent 
(node_modules/jsdom/lib/jsdom/living/events/EventTarget-impl.js:104:17)
      at HTMLUnknownElement.dispatchEvent 
(node_modules/jsdom/lib/jsdom/living/generated/EventTarget.js:241:34)
      at Object.invokeGuardedCallbackDev 
(node_modules/react-dom/cjs/react-dom.development.js:4213:16)
      at invokeGuardedCallback 
(node_modules/react-dom/cjs/react-dom.development.js:4277:31)
      at invokeGuardedCallbackAndCatchFirstError 
(node_modules/react-dom/cjs/react-dom.development.js:4291:25)
      at executeDispatch 
(node_modules/react-dom/cjs/react-dom.development.js:9041:3)
      at processDispatchQueueItemsInOrder 
(node_modules/react-dom/cjs/react-dom.development.js:9073:7)
      at processDispatchQueue 
(node_modules/react-dom/cjs/react-dom.development.js:9086:5)
      at dispatchEventsForPlugins 
(node_modules/react-dom/cjs/react-dom.development.js:9097:3)
      at node_modules/react-dom/cjs/react-dom.development.js:9288:12
      at batchedUpdates$1 
(node_modules/react-dom/cjs/react-dom.development.js:26179:12)
      at batchedUpdates 
(node_modules/react-dom/cjs/react-dom.development.js:3991:12)
      at dispatchEventForPluginEventSystem 
(node_modules/react-dom/cjs/react-dom.development.js:9287:3)
      at dispatchEventWithEnableCapturePhaseSelectiveHydrationWithoutDiscreteEv
entReplay (node_modules/react-dom/cjs/react-dom.development.js:6465:5)
      at dispatchEvent 
(node_modules/react-dom/cjs/react-dom.development.js:6457:5)
      at dispatchDiscreteEvent 
(node_modules/react-dom/cjs/react-dom.development.js:6430:5)
      at HTMLDivElement.callTheUserObjectsOperation 
(node_modules/jsdom/lib/jsdom/living/generated/EventListener.js:26:30)
      at innerInvokeEventListeners 
(node_modules/jsdom/lib/jsdom/living/events/EventTarget-impl.js:350:25)
      at invokeEventListeners 
(node_modules/jsdom/lib/jsdom/living/events/EventTarget-impl.js:286:3)
      at HTMLInputElementImpl._dispatch 
(node_modules/jsdom/lib/jsdom/living/events/EventTarget-impl.js:233:9)
      at HTMLInputElementImpl.dispatchEvent 
(node_modules/jsdom/lib/jsdom/living/events/EventTarget-impl.js:104:17)
      at HTMLInputElement.dispatchEvent 
(node_modules/jsdom/lib/jsdom/living/generated/EventTarget.js:241:34)
      at 
node_modules/@testing-library/user-event/dist/cjs/event/dispatchEvent.js:45:43
      at Object.eventWrapper 
(node_modules/@testing-library/dom/dist/config.js:25:23)
      at Object.wrapEvent 
(node_modules/@testing-library/user-event/dist/cjs/event/wrapEvent.js:6:28)
      at Object.dispatchEvent (node_modules/@testing-library/user-event/dist/cj
s/event/dispatchEvent.js:45:22)
      at Object.dispatchUIEvent (node_modules/@testing-library/user-event/dist/
cjs/event/dispatchEvent.js:22:26)
      at commitInput 
(node_modules/@testing-library/user-event/dist/cjs/event/input.js:145:14)
      at editInputElement 
(node_modules/@testing-library/user-event/dist/cjs/event/input.js:115:9)
      at Object.input 
(node_modules/@testing-library/user-event/dist/cjs/event/input.js:37:9)
      at node_modules/@testing-library/user-event/dist/cjs/event/behavior/keypr
ess.js:31:26
      at Object.dispatchEvent (node_modules/@testing-library/user-event/dist/cj
s/event/dispatchEvent.js:41:13)
      at Object.dispatchUIEvent (node_modules/@testing-library/user-event/dist/
cjs/event/dispatchEvent.js:22:26)
      at KeyboardHost.keydown 
(node_modules/@testing-library/user-event/dist/cjs/system/keyboard.js:76:22)
      at keyboardAction 
(node_modules/@testing-library/user-event/dist/cjs/keyboard/index.js:22:35)
      at Object.keyboard 
(node_modules/@testing-library/user-event/dist/cjs/keyboard/index.js:11:15)
      at Object.type 
(node_modules/@testing-library/user-event/dist/cjs/utility/type.js:17:5)
      at Object.<anonymous> 
(src/settings/__tests__/RatingRulesPage.test.tsx:287:5)

    console.error
      Warning: An update to RatingRulesPage inside a test was not wrapped in 
act(...).
      
      When testing, code that causes React state updates should be wrapped 
into act(...):
      
      act(() => {
        /* fire events that update state */
      });
      /* assert on the output */
      
      This ensures that you're testing the behavior the user would see in the 
browser. Learn more at https://reactjs.org/link/wrap-tests-with-act
          at RatingRulesPage (C:\Users\samhe\OneDrive\Desktop\Cleaned\frontend\
src\settings\RatingRulesPage.tsx:26:47)
          at basenameProp (C:\Users\samhe\OneDrive\Desktop\Cleaned\frontend\nod
e_modules\react-router\lib\components.tsx:421:13)
          at basename (C:\Users\samhe\OneDrive\Desktop\Cleaned\frontend\node_mo
dules\react-router\lib\components.tsx:225:3)

      212 |                                             aria-label="Schedule 
Name"
      213 |                                             value={newName}
    > 214 |                                             onChange={e => 
setNewName(e.target.value)}
          |                                                            ^
      215 |                                             placeholder="Schedule 
nameÔÇª"
      216 |                                             className="w-full 
border border-gray-300 rounded px-2 py-0.5 text-sm focus:outline-none 
focus:ring-1 focus:ring-brand-500"
      217 |                                             // 
eslint-disable-next-line jsx-a11y/no-autofocus

      at printWarning 
(node_modules/react-dom/cjs/react-dom.development.js:86:30)
      at error (node_modules/react-dom/cjs/react-dom.development.js:60:7)
      at warnIfUpdatesNotWrappedWithActDEV 
(node_modules/react-dom/cjs/react-dom.development.js:27628:9)
      at scheduleUpdateOnFiber 
(node_modules/react-dom/cjs/react-dom.development.js:25547:5)
      at dispatchSetState 
(node_modules/react-dom/cjs/react-dom.development.js:16708:7)
      at onChange (src/settings/RatingRulesPage.tsx:214:60)
      at HTMLUnknownElement.callCallback 
(node_modules/react-dom/cjs/react-dom.development.js:4164:14)
      at HTMLUnknownElement.callTheUserObjectsOperation 
(node_modules/jsdom/lib/jsdom/living/generated/EventListener.js:26:30)
      at innerInvokeEventListeners 
(node_modules/jsdom/lib/jsdom/living/events/EventTarget-impl.js:350:25)
      at invokeEventListeners 
(node_modules/jsdom/lib/jsdom/living/events/EventTarget-impl.js:286:3)
      at HTMLUnknownElementImpl._dispatch 
(node_modules/jsdom/lib/jsdom/living/events/EventTarget-impl.js:233:9)
      at HTMLUnknownElementImpl.dispatchEvent 
(node_modules/jsdom/lib/jsdom/living/events/EventTarget-impl.js:104:17)
      at HTMLUnknownElement.dispatchEvent 
(node_modules/jsdom/lib/jsdom/living/generated/EventTarget.js:241:34)
      at Object.invokeGuardedCallbackDev 
(node_modules/react-dom/cjs/react-dom.development.js:4213:16)
      at invokeGuardedCallback 
(node_modules/react-dom/cjs/react-dom.development.js:4277:31)
      at invokeGuardedCallbackAndCatchFirstError 
(node_modules/react-dom/cjs/react-dom.development.js:4291:25)
      at executeDispatch 
(node_modules/react-dom/cjs/react-dom.development.js:9041:3)
      at processDispatchQueueItemsInOrder 
(node_modules/react-dom/cjs/react-dom.development.js:9073:7)
      at processDispatchQueue 
(node_modules/react-dom/cjs/react-dom.development.js:9086:5)
      at dispatchEventsForPlugins 
(node_modules/react-dom/cjs/react-dom.development.js:9097:3)
      at node_modules/react-dom/cjs/react-dom.development.js:9288:12
      at batchedUpdates$1 
(node_modules/react-dom/cjs/react-dom.development.js:26179:12)
      at batchedUpdates 
(node_modules/react-dom/cjs/react-dom.development.js:3991:12)
      at dispatchEventForPluginEventSystem 
(node_modules/react-dom/cjs/react-dom.development.js:9287:3)
      at dispatchEventWithEnableCapturePhaseSelectiveHydrationWithoutDiscreteEv
entReplay (node_modules/react-dom/cjs/react-dom.development.js:6465:5)
      at dispatchEvent 
(node_modules/react-dom/cjs/react-dom.development.js:6457:5)
      at dispatchDiscreteEvent 
(node_modules/react-dom/cjs/react-dom.development.js:6430:5)
      at HTMLDivElement.callTheUserObjectsOperation 
(node_modules/jsdom/lib/jsdom/living/generated/EventListener.js:26:30)
      at innerInvokeEventListeners 
(node_modules/jsdom/lib/jsdom/living/events/EventTarget-impl.js:350:25)
      at invokeEventListeners 
(node_modules/jsdom/lib/jsdom/living/events/EventTarget-impl.js:286:3)
      at HTMLInputElementImpl._dispatch 
(node_modules/jsdom/lib/jsdom/living/events/EventTarget-impl.js:233:9)
      at HTMLInputElementImpl.dispatchEvent 
(node_modules/jsdom/lib/jsdom/living/events/EventTarget-impl.js:104:17)
      at HTMLInputElement.dispatchEvent 
(node_modules/jsdom/lib/jsdom/living/generated/EventTarget.js:241:34)
      at 
node_modules/@testing-library/user-event/dist/cjs/event/dispatchEvent.js:45:43
      at Object.eventWrapper 
(node_modules/@testing-library/dom/dist/config.js:25:23)
      at Object.wrapEvent 
(node_modules/@testing-library/user-event/dist/cjs/event/wrapEvent.js:6:28)
      at Object.dispatchEvent (node_modules/@testing-library/user-event/dist/cj
s/event/dispatchEvent.js:45:22)
      at Object.dispatchUIEvent (node_modules/@testing-library/user-event/dist/
cjs/event/dispatchEvent.js:22:26)
      at commitInput 
(node_modules/@testing-library/user-event/dist/cjs/event/input.js:145:14)
      at editInputElement 
(node_modules/@testing-library/user-event/dist/cjs/event/input.js:115:9)
      at Object.input 
(node_modules/@testing-library/user-event/dist/cjs/event/input.js:37:9)
      at node_modules/@testing-library/user-event/dist/cjs/event/behavior/keypr
ess.js:31:26
      at Object.dispatchEvent (node_modules/@testing-library/user-event/dist/cj
s/event/dispatchEvent.js:41:13)
      at Object.dispatchUIEvent (node_modules/@testing-library/user-event/dist/
cjs/event/dispatchEvent.js:22:26)
      at KeyboardHost.keydown 
(node_modules/@testing-library/user-event/dist/cjs/system/keyboard.js:76:22)
      at keyboardAction 
(node_modules/@testing-library/user-event/dist/cjs/keyboard/index.js:22:35)
      at Object.keyboard 
(node_modules/@testing-library/user-event/dist/cjs/keyboard/index.js:11:15)
      at Object.type 
(node_modules/@testing-library/user-event/dist/cjs/utility/type.js:17:5)
      at Object.<anonymous> 
(src/settings/__tests__/RatingRulesPage.test.tsx:287:5)

    console.error
      Warning: An update to RatingRulesPage inside a test was not wrapped in 
act(...).
      
      When testing, code that causes React state updates should be wrapped 
into act(...):
      
      act(() => {
        /* fire events that update state */
      });
      /* assert on the output */
      
      This ensures that you're testing the behavior the user would see in the 
browser. Learn more at https://reactjs.org/link/wrap-tests-with-act
          at RatingRulesPage (C:\Users\samhe\OneDrive\Desktop\Cleaned\frontend\
src\settings\RatingRulesPage.tsx:26:47)
          at basenameProp (C:\Users\samhe\OneDrive\Desktop\Cleaned\frontend\nod
e_modules\react-router\lib\components.tsx:421:13)
          at basename (C:\Users\samhe\OneDrive\Desktop\Cleaned\frontend\node_mo
dules\react-router\lib\components.tsx:225:3)

      212 |                                             aria-label="Schedule 
Name"
      213 |                                             value={newName}
    > 214 |                                             onChange={e => 
setNewName(e.target.value)}
          |                                                            ^
      215 |                                             placeholder="Schedule 
nameÔÇª"
      216 |                                             className="w-full 
border border-gray-300 rounded px-2 py-0.5 text-sm focus:outline-none 
focus:ring-1 focus:ring-brand-500"
      217 |                                             // 
eslint-disable-next-line jsx-a11y/no-autofocus

      at printWarning 
(node_modules/react-dom/cjs/react-dom.development.js:86:30)
      at error (node_modules/react-dom/cjs/react-dom.development.js:60:7)
      at warnIfUpdatesNotWrappedWithActDEV 
(node_modules/react-dom/cjs/react-dom.development.js:27628:9)
      at scheduleUpdateOnFiber 
(node_modules/react-dom/cjs/react-dom.development.js:25547:5)
      at dispatchSetState 
(node_modules/react-dom/cjs/react-dom.development.js:16708:7)
      at onChange (src/settings/RatingRulesPage.tsx:214:60)
      at HTMLUnknownElement.callCallback 
(node_modules/react-dom/cjs/react-dom.development.js:4164:14)
      at HTMLUnknownElement.callTheUserObjectsOperation 
(node_modules/jsdom/lib/jsdom/living/generated/EventListener.js:26:30)
      at innerInvokeEventListeners 
(node_modules/jsdom/lib/jsdom/living/events/EventTarget-impl.js:350:25)
      at invokeEventListeners 
(node_modules/jsdom/lib/jsdom/living/events/EventTarget-impl.js:286:3)
      at HTMLUnknownElementImpl._dispatch 
(node_modules/jsdom/lib/jsdom/living/events/EventTarget-impl.js:233:9)
      at HTMLUnknownElementImpl.dispatchEvent 
(node_modules/jsdom/lib/jsdom/living/events/EventTarget-impl.js:104:17)
      at HTMLUnknownElement.dispatchEvent 
(node_modules/jsdom/lib/jsdom/living/generated/EventTarget.js:241:34)
      at Object.invokeGuardedCallbackDev 
(node_modules/react-dom/cjs/react-dom.development.js:4213:16)
      at invokeGuardedCallback 
(node_modules/react-dom/cjs/react-dom.development.js:4277:31)
      at invokeGuardedCallbackAndCatchFirstError 
(node_modules/react-dom/cjs/react-dom.development.js:4291:25)
      at executeDispatch 
(node_modules/react-dom/cjs/react-dom.development.js:9041:3)
      at processDispatchQueueItemsInOrder 
(node_modules/react-dom/cjs/react-dom.development.js:9073:7)
      at processDispatchQueue 
(node_modules/react-dom/cjs/react-dom.development.js:9086:5)
      at dispatchEventsForPlugins 
(node_modules/react-dom/cjs/react-dom.development.js:9097:3)
      at node_modules/react-dom/cjs/react-dom.development.js:9288:12
      at batchedUpdates$1 
(node_modules/react-dom/cjs/react-dom.development.js:26179:12)
      at batchedUpdates 
(node_modules/react-dom/cjs/react-dom.development.js:3991:12)
      at dispatchEventForPluginEventSystem 
(node_modules/react-dom/cjs/react-dom.development.js:9287:3)
      at dispatchEventWithEnableCapturePhaseSelectiveHydrationWithoutDiscreteEv
entReplay (node_modules/react-dom/cjs/react-dom.development.js:6465:5)
      at dispatchEvent 
(node_modules/react-dom/cjs/react-dom.development.js:6457:5)
      at dispatchDiscreteEvent 
(node_modules/react-dom/cjs/react-dom.development.js:6430:5)
      at HTMLDivElement.callTheUserObjectsOperation 
(node_modules/jsdom/lib/jsdom/living/generated/EventListener.js:26:30)
      at innerInvokeEventListeners 
(node_modules/jsdom/lib/jsdom/living/events/EventTarget-impl.js:350:25)
      at invokeEventListeners 
(node_modules/jsdom/lib/jsdom/living/events/EventTarget-impl.js:286:3)
      at HTMLInputElementImpl._dispatch 
(node_modules/jsdom/lib/jsdom/living/events/EventTarget-impl.js:233:9)
      at HTMLInputElementImpl.dispatchEvent 
(node_modules/jsdom/lib/jsdom/living/events/EventTarget-impl.js:104:17)
      at HTMLInputElement.dispatchEvent 
(node_modules/jsdom/lib/jsdom/living/generated/EventTarget.js:241:34)
      at 
node_modules/@testing-library/user-event/dist/cjs/event/dispatchEvent.js:45:43
      at Object.eventWrapper 
(node_modules/@testing-library/dom/dist/config.js:25:23)
      at Object.wrapEvent 
(node_modules/@testing-library/user-event/dist/cjs/event/wrapEvent.js:6:28)
      at Object.dispatchEvent (node_modules/@testing-library/user-event/dist/cj
s/event/dispatchEvent.js:45:22)
      at Object.dispatchUIEvent (node_modules/@testing-library/user-event/dist/
cjs/event/dispatchEvent.js:22:26)
      at commitInput 
(node_modules/@testing-library/user-event/dist/cjs/event/input.js:145:14)
      at editInputElement 
(node_modules/@testing-library/user-event/dist/cjs/event/input.js:115:9)
      at Object.input 
(node_modules/@testing-library/user-event/dist/cjs/event/input.js:37:9)
      at node_modules/@testing-library/user-event/dist/cjs/event/behavior/keypr
ess.js:31:26
      at Object.dispatchEvent (node_modules/@testing-library/user-event/dist/cj
s/event/dispatchEvent.js:41:13)
      at Object.dispatchUIEvent (node_modules/@testing-library/user-event/dist/
cjs/event/dispatchEvent.js:22:26)
      at KeyboardHost.keydown 
(node_modules/@testing-library/user-event/dist/cjs/system/keyboard.js:76:22)
      at keyboardAction 
(node_modules/@testing-library/user-event/dist/cjs/keyboard/index.js:22:35)
      at Object.keyboard 
(node_modules/@testing-library/user-event/dist/cjs/keyboard/index.js:11:15)
      at Object.type 
(node_modules/@testing-library/user-event/dist/cjs/utility/type.js:17:5)
      at Object.<anonymous> 
(src/settings/__tests__/RatingRulesPage.test.tsx:287:5)

    console.error
      Warning: An update to RatingRulesPage inside a test was not wrapped in 
act(...).
      
      When testing, code that causes React state updates should be wrapped 
into act(...):
      
      act(() => {
        /* fire events that update state */
      });
      /* assert on the output */
      
      This ensures that you're testing the behavior the user would see in the 
browser. Learn more at https://reactjs.org/link/wrap-tests-with-act
          at RatingRulesPage (C:\Users\samhe\OneDrive\Desktop\Cleaned\frontend\
src\settings\RatingRulesPage.tsx:26:47)
          at basenameProp (C:\Users\samhe\OneDrive\Desktop\Cleaned\frontend\nod
e_modules\react-router\lib\components.tsx:421:13)
          at basename (C:\Users\samhe\OneDrive\Desktop\Cleaned\frontend\node_mo
dules\react-router\lib\components.tsx:225:3)

      92 |
      93 |     function handleCancelCreate() {
    > 94 |         setShowInlineCreate(false)
         |         ^
      95 |         setNewName('')
      96 |         setNewEffectiveDate('')
      97 |         setNewExpiryDate('')

      at printWarning 
(node_modules/react-dom/cjs/react-dom.development.js:86:30)
      at error (node_modules/react-dom/cjs/react-dom.development.js:60:7)
      at warnIfUpdatesNotWrappedWithActDEV 
(node_modules/react-dom/cjs/react-dom.development.js:27628:9)
      at scheduleUpdateOnFiber 
(node_modules/react-dom/cjs/react-dom.development.js:25547:5)
      at dispatchSetState 
(node_modules/react-dom/cjs/react-dom.development.js:16708:7)
      at handleCancelCreate (src/settings/RatingRulesPage.tsx:94:9)
      at HTMLUnknownElement.callCallback 
(node_modules/react-dom/cjs/react-dom.development.js:4164:14)
      at HTMLUnknownElement.callTheUserObjectsOperation 
(node_modules/jsdom/lib/jsdom/living/generated/EventListener.js:26:30)
      at innerInvokeEventListeners 
(node_modules/jsdom/lib/jsdom/living/events/EventTarget-impl.js:350:25)
      at invokeEventListeners 
(node_modules/jsdom/lib/jsdom/living/events/EventTarget-impl.js:286:3)
      at HTMLUnknownElementImpl._dispatch 
(node_modules/jsdom/lib/jsdom/living/events/EventTarget-impl.js:233:9)
      at HTMLUnknownElementImpl.dispatchEvent 
(node_modules/jsdom/lib/jsdom/living/events/EventTarget-impl.js:104:17)
      at HTMLUnknownElement.dispatchEvent 
(node_modules/jsdom/lib/jsdom/living/generated/EventTarget.js:241:34)
      at Object.invokeGuardedCallbackDev 
(node_modules/react-dom/cjs/react-dom.development.js:4213:16)
      at invokeGuardedCallback 
(node_modules/react-dom/cjs/react-dom.development.js:4277:31)
      at invokeGuardedCallbackAndCatchFirstError 
(node_modules/react-dom/cjs/react-dom.development.js:4291:25)
      at executeDispatch 
(node_modules/react-dom/cjs/react-dom.development.js:9041:3)
      at processDispatchQueueItemsInOrder 
(node_modules/react-dom/cjs/react-dom.development.js:9073:7)
      at processDispatchQueue 
(node_modules/react-dom/cjs/react-dom.development.js:9086:5)
      at dispatchEventsForPlugins 
(node_modules/react-dom/cjs/react-dom.development.js:9097:3)
      at node_modules/react-dom/cjs/react-dom.development.js:9288:12
      at batchedUpdates$1 
(node_modules/react-dom/cjs/react-dom.development.js:26179:12)
      at batchedUpdates 
(node_modules/react-dom/cjs/react-dom.development.js:3991:12)
      at dispatchEventForPluginEventSystem 
(node_modules/react-dom/cjs/react-dom.development.js:9287:3)
      at dispatchEventWithEnableCapturePhaseSelectiveHydrationWithoutDiscreteEv
entReplay (node_modules/react-dom/cjs/react-dom.development.js:6465:5)
      at dispatchEvent 
(node_modules/react-dom/cjs/react-dom.development.js:6457:5)
      at dispatchDiscreteEvent 
(node_modules/react-dom/cjs/react-dom.development.js:6430:5)
      at HTMLDivElement.callTheUserObjectsOperation 
(node_modules/jsdom/lib/jsdom/living/generated/EventListener.js:26:30)
      at innerInvokeEventListeners 
(node_modules/jsdom/lib/jsdom/living/events/EventTarget-impl.js:350:25)
      at invokeEventListeners 
(node_modules/jsdom/lib/jsdom/living/events/EventTarget-impl.js:286:3)
      at HTMLButtonElementImpl._dispatch 
(node_modules/jsdom/lib/jsdom/living/events/EventTarget-impl.js:233:9)
      at HTMLButtonElementImpl.dispatchEvent 
(node_modules/jsdom/lib/jsdom/living/events/EventTarget-impl.js:104:17)
      at HTMLButtonElement.dispatchEvent 
(node_modules/jsdom/lib/jsdom/living/generated/EventTarget.js:241:34)
      at 
node_modules/@testing-library/user-event/dist/cjs/event/dispatchEvent.js:45:43
      at Object.eventWrapper 
(node_modules/@testing-library/dom/dist/config.js:25:23)
      at Object.wrapEvent 
(node_modules/@testing-library/user-event/dist/cjs/event/wrapEvent.js:6:28)
      at Object.dispatchEvent (node_modules/@testing-library/user-event/dist/cj
s/event/dispatchEvent.js:45:22)
      at Object.dispatchUIEvent (node_modules/@testing-library/user-event/dist/
cjs/event/dispatchEvent.js:22:26)
      at Mouse.up (node_modules/@testing-library/user-event/dist/cjs/system/poi
nter/mouse.js:100:30)
      at PointerHost.release (node_modules/@testing-library/user-event/dist/cjs
/system/pointer/index.js:87:24)
      at pointerAction 
(node_modules/@testing-library/user-event/dist/cjs/pointer/index.js:54:47)
      at Object.pointer 
(node_modules/@testing-library/user-event/dist/cjs/pointer/index.js:27:9)
      at Object.<anonymous> 
(src/settings/__tests__/RatingRulesPage.test.tsx:288:5)

    console.error
      Warning: An update to RatingRulesPage inside a test was not wrapped in 
act(...).
      
      When testing, code that causes React state updates should be wrapped 
into act(...):
      
      act(() => {
        /* fire events that update state */
      });
      /* assert on the output */
      
      This ensures that you're testing the behavior the user would see in the 
browser. Learn more at https://reactjs.org/link/wrap-tests-with-act
          at RatingRulesPage (C:\Users\samhe\OneDrive\Desktop\Cleaned\frontend\
src\settings\RatingRulesPage.tsx:26:47)
          at basenameProp (C:\Users\samhe\OneDrive\Desktop\Cleaned\frontend\nod
e_modules\react-router\lib\components.tsx:421:13)
          at basename (C:\Users\samhe\OneDrive\Desktop\Cleaned\frontend\node_mo
dules\react-router\lib\components.tsx:225:3)

      93 |     function handleCancelCreate() {
      94 |         setShowInlineCreate(false)
    > 95 |         setNewName('')
         |         ^
      96 |         setNewEffectiveDate('')
      97 |         setNewExpiryDate('')
      98 |     }

      at printWarning 
(node_modules/react-dom/cjs/react-dom.development.js:86:30)
      at error (node_modules/react-dom/cjs/react-dom.development.js:60:7)
      at warnIfUpdatesNotWrappedWithActDEV 
(node_modules/react-dom/cjs/react-dom.development.js:27628:9)
      at scheduleUpdateOnFiber 
(node_modules/react-dom/cjs/react-dom.development.js:25547:5)
      at dispatchSetState 
(node_modules/react-dom/cjs/react-dom.development.js:16708:7)
      at handleCancelCreate (src/settings/RatingRulesPage.tsx:95:9)
      at HTMLUnknownElement.callCallback 
(node_modules/react-dom/cjs/react-dom.development.js:4164:14)
      at HTMLUnknownElement.callTheUserObjectsOperation 
(node_modules/jsdom/lib/jsdom/living/generated/EventListener.js:26:30)
      at innerInvokeEventListeners 
(node_modules/jsdom/lib/jsdom/living/events/EventTarget-impl.js:350:25)
      at invokeEventListeners 
(node_modules/jsdom/lib/jsdom/living/events/EventTarget-impl.js:286:3)
      at HTMLUnknownElementImpl._dispatch 
(node_modules/jsdom/lib/jsdom/living/events/EventTarget-impl.js:233:9)
      at HTMLUnknownElementImpl.dispatchEvent 
(node_modules/jsdom/lib/jsdom/living/events/EventTarget-impl.js:104:17)
      at HTMLUnknownElement.dispatchEvent 
(node_modules/jsdom/lib/jsdom/living/generated/EventTarget.js:241:34)
      at Object.invokeGuardedCallbackDev 
(node_modules/react-dom/cjs/react-dom.development.js:4213:16)
      at invokeGuardedCallback 
(node_modules/react-dom/cjs/react-dom.development.js:4277:31)
      at invokeGuardedCallbackAndCatchFirstError 
(node_modules/react-dom/cjs/react-dom.development.js:4291:25)
      at executeDispatch 
(node_modules/react-dom/cjs/react-dom.development.js:9041:3)
      at processDispatchQueueItemsInOrder 
(node_modules/react-dom/cjs/react-dom.development.js:9073:7)
      at processDispatchQueue 
(node_modules/react-dom/cjs/react-dom.development.js:9086:5)
      at dispatchEventsForPlugins 
(node_modules/react-dom/cjs/react-dom.development.js:9097:3)
      at node_modules/react-dom/cjs/react-dom.development.js:9288:12
      at batchedUpdates$1 
(node_modules/react-dom/cjs/react-dom.development.js:26179:12)
      at batchedUpdates 
(node_modules/react-dom/cjs/react-dom.development.js:3991:12)
      at dispatchEventForPluginEventSystem 
(node_modules/react-dom/cjs/react-dom.development.js:9287:3)
      at dispatchEventWithEnableCapturePhaseSelectiveHydrationWithoutDiscreteEv
entReplay (node_modules/react-dom/cjs/react-dom.development.js:6465:5)
      at dispatchEvent 
(node_modules/react-dom/cjs/react-dom.development.js:6457:5)
      at dispatchDiscreteEvent 
(node_modules/react-dom/cjs/react-dom.development.js:6430:5)
      at HTMLDivElement.callTheUserObjectsOperation 
(node_modules/jsdom/lib/jsdom/living/generated/EventListener.js:26:30)
      at innerInvokeEventListeners 
(node_modules/jsdom/lib/jsdom/living/events/EventTarget-impl.js:350:25)
      at invokeEventListeners 
(node_modules/jsdom/lib/jsdom/living/events/EventTarget-impl.js:286:3)
      at HTMLButtonElementImpl._dispatch 
(node_modules/jsdom/lib/jsdom/living/events/EventTarget-impl.js:233:9)
      at HTMLButtonElementImpl.dispatchEvent 
(node_modules/jsdom/lib/jsdom/living/events/EventTarget-impl.js:104:17)
      at HTMLButtonElement.dispatchEvent 
(node_modules/jsdom/lib/jsdom/living/generated/EventTarget.js:241:34)
      at 
node_modules/@testing-library/user-event/dist/cjs/event/dispatchEvent.js:45:43
      at Object.eventWrapper 
(node_modules/@testing-library/dom/dist/config.js:25:23)
      at Object.wrapEvent 
(node_modules/@testing-library/user-event/dist/cjs/event/wrapEvent.js:6:28)
      at Object.dispatchEvent (node_modules/@testing-library/user-event/dist/cj
s/event/dispatchEvent.js:45:22)
      at Object.dispatchUIEvent (node_modules/@testing-library/user-event/dist/
cjs/event/dispatchEvent.js:22:26)
      at Mouse.up (node_modules/@testing-library/user-event/dist/cjs/system/poi
nter/mouse.js:100:30)
      at PointerHost.release (node_modules/@testing-library/user-event/dist/cjs
/system/pointer/index.js:87:24)
      at pointerAction 
(node_modules/@testing-library/user-event/dist/cjs/pointer/index.js:54:47)
      at Object.pointer 
(node_modules/@testing-library/user-event/dist/cjs/pointer/index.js:27:9)
      at Object.<anonymous> 
(src/settings/__tests__/RatingRulesPage.test.tsx:288:5)

    console.error
      Warning: An update to RatingRulesPage inside a test was not wrapped in 
act(...).
      
      When testing, code that causes React state updates should be wrapped 
into act(...):
      
      act(() => {
        /* fire events that update state */
      });
      /* assert on the output */
      
      This ensures that you're testing the behavior the user would see in the 
browser. Learn more at https://reactjs.org/link/wrap-tests-with-act
          at RatingRulesPage (C:\Users\samhe\OneDrive\Desktop\Cleaned\frontend\
src\settings\RatingRulesPage.tsx:26:47)
          at basenameProp (C:\Users\samhe\OneDrive\Desktop\Cleaned\frontend\nod
e_modules\react-router\lib\components.tsx:421:13)
          at basename (C:\Users\samhe\OneDrive\Desktop\Cleaned\frontend\node_mo
dules\react-router\lib\components.tsx:225:3)

      94 |         setShowInlineCreate(false)
      95 |         setNewName('')
    > 96 |         setNewEffectiveDate('')
         |         ^
      97 |         setNewExpiryDate('')
      98 |     }
      99 |

      at printWarning 
(node_modules/react-dom/cjs/react-dom.development.js:86:30)
      at error (node_modules/react-dom/cjs/react-dom.development.js:60:7)
      at warnIfUpdatesNotWrappedWithActDEV 
(node_modules/react-dom/cjs/react-dom.development.js:27628:9)
      at scheduleUpdateOnFiber 
(node_modules/react-dom/cjs/react-dom.development.js:25547:5)
      at dispatchSetState 
(node_modules/react-dom/cjs/react-dom.development.js:16708:7)
      at handleCancelCreate (src/settings/RatingRulesPage.tsx:96:9)
      at HTMLUnknownElement.callCallback 
(node_modules/react-dom/cjs/react-dom.development.js:4164:14)
      at HTMLUnknownElement.callTheUserObjectsOperation 
(node_modules/jsdom/lib/jsdom/living/generated/EventListener.js:26:30)
      at innerInvokeEventListeners 
(node_modules/jsdom/lib/jsdom/living/events/EventTarget-impl.js:350:25)
      at invokeEventListeners 
(node_modules/jsdom/lib/jsdom/living/events/EventTarget-impl.js:286:3)
      at HTMLUnknownElementImpl._dispatch 
(node_modules/jsdom/lib/jsdom/living/events/EventTarget-impl.js:233:9)
      at HTMLUnknownElementImpl.dispatchEvent 
(node_modules/jsdom/lib/jsdom/living/events/EventTarget-impl.js:104:17)
      at HTMLUnknownElement.dispatchEvent 
(node_modules/jsdom/lib/jsdom/living/generated/EventTarget.js:241:34)
      at Object.invokeGuardedCallbackDev 
(node_modules/react-dom/cjs/react-dom.development.js:4213:16)
      at invokeGuardedCallback 
(node_modules/react-dom/cjs/react-dom.development.js:4277:31)
      at invokeGuardedCallbackAndCatchFirstError 
(node_modules/react-dom/cjs/react-dom.development.js:4291:25)
      at executeDispatch 
(node_modules/react-dom/cjs/react-dom.development.js:9041:3)
      at processDispatchQueueItemsInOrder 
(node_modules/react-dom/cjs/react-dom.development.js:9073:7)
      at processDispatchQueue 
(node_modules/react-dom/cjs/react-dom.development.js:9086:5)
      at dispatchEventsForPlugins 
(node_modules/react-dom/cjs/react-dom.development.js:9097:3)
      at node_modules/react-dom/cjs/react-dom.development.js:9288:12
      at batchedUpdates$1 
(node_modules/react-dom/cjs/react-dom.development.js:26179:12)
      at batchedUpdates 
(node_modules/react-dom/cjs/react-dom.development.js:3991:12)
      at dispatchEventForPluginEventSystem 
(node_modules/react-dom/cjs/react-dom.development.js:9287:3)
      at dispatchEventWithEnableCapturePhaseSelectiveHydrationWithoutDiscreteEv
entReplay (node_modules/react-dom/cjs/react-dom.development.js:6465:5)
      at dispatchEvent 
(node_modules/react-dom/cjs/react-dom.development.js:6457:5)
      at dispatchDiscreteEvent 
(node_modules/react-dom/cjs/react-dom.development.js:6430:5)
      at HTMLDivElement.callTheUserObjectsOperation 
(node_modules/jsdom/lib/jsdom/living/generated/EventListener.js:26:30)
      at innerInvokeEventListeners 
(node_modules/jsdom/lib/jsdom/living/events/EventTarget-impl.js:350:25)
      at invokeEventListeners 
(node_modules/jsdom/lib/jsdom/living/events/EventTarget-impl.js:286:3)
      at HTMLButtonElementImpl._dispatch 
(node_modules/jsdom/lib/jsdom/living/events/EventTarget-impl.js:233:9)
      at HTMLButtonElementImpl.dispatchEvent 
(node_modules/jsdom/lib/jsdom/living/events/EventTarget-impl.js:104:17)
      at HTMLButtonElement.dispatchEvent 
(node_modules/jsdom/lib/jsdom/living/generated/EventTarget.js:241:34)
      at 
node_modules/@testing-library/user-event/dist/cjs/event/dispatchEvent.js:45:43
      at Object.eventWrapper 
(node_modules/@testing-library/dom/dist/config.js:25:23)
      at Object.wrapEvent 
(node_modules/@testing-library/user-event/dist/cjs/event/wrapEvent.js:6:28)
      at Object.dispatchEvent (node_modules/@testing-library/user-event/dist/cj
s/event/dispatchEvent.js:45:22)
      at Object.dispatchUIEvent (node_modules/@testing-library/user-event/dist/
cjs/event/dispatchEvent.js:22:26)
      at Mouse.up (node_modules/@testing-library/user-event/dist/cjs/system/poi
nter/mouse.js:100:30)
      at PointerHost.release (node_modules/@testing-library/user-event/dist/cjs
/system/pointer/index.js:87:24)
      at pointerAction 
(node_modules/@testing-library/user-event/dist/cjs/pointer/index.js:54:47)
      at Object.pointer 
(node_modules/@testing-library/user-event/dist/cjs/pointer/index.js:27:9)
      at Object.<anonymous> 
(src/settings/__tests__/RatingRulesPage.test.tsx:288:5)

    console.error
      Warning: An update to RatingRulesPage inside a test was not wrapped in 
act(...).
      
      When testing, code that causes React state updates should be wrapped 
into act(...):
      
      act(() => {
        /* fire events that update state */
      });
      /* assert on the output */
      
      This ensures that you're testing the behavior the user would see in the 
browser. Learn more at https://reactjs.org/link/wrap-tests-with-act
          at RatingRulesPage (C:\Users\samhe\OneDrive\Desktop\Cleaned\frontend\
src\settings\RatingRulesPage.tsx:26:47)
          at basenameProp (C:\Users\samhe\OneDrive\Desktop\Cleaned\frontend\nod
e_modules\react-router\lib\components.tsx:421:13)
          at basename (C:\Users\samhe\OneDrive\Desktop\Cleaned\frontend\node_mo
dules\react-router\lib\components.tsx:225:3)

       95 |         setNewName('')
       96 |         setNewEffectiveDate('')
    >  97 |         setNewExpiryDate('')
          |         ^
       98 |     }
       99 |
      100 |     async function handleCreate() {

      at printWarning 
(node_modules/react-dom/cjs/react-dom.development.js:86:30)
      at error (node_modules/react-dom/cjs/react-dom.development.js:60:7)
      at warnIfUpdatesNotWrappedWithActDEV 
(node_modules/react-dom/cjs/react-dom.development.js:27628:9)
      at scheduleUpdateOnFiber 
(node_modules/react-dom/cjs/react-dom.development.js:25547:5)
      at dispatchSetState 
(node_modules/react-dom/cjs/react-dom.development.js:16708:7)
      at handleCancelCreate (src/settings/RatingRulesPage.tsx:97:9)
      at HTMLUnknownElement.callCallback 
(node_modules/react-dom/cjs/react-dom.development.js:4164:14)
      at HTMLUnknownElement.callTheUserObjectsOperation 
(node_modules/jsdom/lib/jsdom/living/generated/EventListener.js:26:30)
      at innerInvokeEventListeners 
(node_modules/jsdom/lib/jsdom/living/events/EventTarget-impl.js:350:25)
      at invokeEventListeners 
(node_modules/jsdom/lib/jsdom/living/events/EventTarget-impl.js:286:3)
      at HTMLUnknownElementImpl._dispatch 
(node_modules/jsdom/lib/jsdom/living/events/EventTarget-impl.js:233:9)
      at HTMLUnknownElementImpl.dispatchEvent 
(node_modules/jsdom/lib/jsdom/living/events/EventTarget-impl.js:104:17)
      at HTMLUnknownElement.dispatchEvent 
(node_modules/jsdom/lib/jsdom/living/generated/EventTarget.js:241:34)
      at Object.invokeGuardedCallbackDev 
(node_modules/react-dom/cjs/react-dom.development.js:4213:16)
      at invokeGuardedCallback 
(node_modules/react-dom/cjs/react-dom.development.js:4277:31)
      at invokeGuardedCallbackAndCatchFirstError 
(node_modules/react-dom/cjs/react-dom.development.js:4291:25)
      at executeDispatch 
(node_modules/react-dom/cjs/react-dom.development.js:9041:3)
      at processDispatchQueueItemsInOrder 
(node_modules/react-dom/cjs/react-dom.development.js:9073:7)
      at processDispatchQueue 
(node_modules/react-dom/cjs/react-dom.development.js:9086:5)
      at dispatchEventsForPlugins 
(node_modules/react-dom/cjs/react-dom.development.js:9097:3)
      at node_modules/react-dom/cjs/react-dom.development.js:9288:12
      at batchedUpdates$1 
(node_modules/react-dom/cjs/react-dom.development.js:26179:12)
      at batchedUpdates 
(node_modules/react-dom/cjs/react-dom.development.js:3991:12)
      at dispatchEventForPluginEventSystem 
(node_modules/react-dom/cjs/react-dom.development.js:9287:3)
      at dispatchEventWithEnableCapturePhaseSelectiveHydrationWithoutDiscreteEv
entReplay (node_modules/react-dom/cjs/react-dom.development.js:6465:5)
      at dispatchEvent 
(node_modules/react-dom/cjs/react-dom.development.js:6457:5)
      at dispatchDiscreteEvent 
(node_modules/react-dom/cjs/react-dom.development.js:6430:5)
      at HTMLDivElement.callTheUserObjectsOperation 
(node_modules/jsdom/lib/jsdom/living/generated/EventListener.js:26:30)
      at innerInvokeEventListeners 
(node_modules/jsdom/lib/jsdom/living/events/EventTarget-impl.js:350:25)
      at invokeEventListeners 
(node_modules/jsdom/lib/jsdom/living/events/EventTarget-impl.js:286:3)
      at HTMLButtonElementImpl._dispatch 
(node_modules/jsdom/lib/jsdom/living/events/EventTarget-impl.js:233:9)
      at HTMLButtonElementImpl.dispatchEvent 
(node_modules/jsdom/lib/jsdom/living/events/EventTarget-impl.js:104:17)
      at HTMLButtonElement.dispatchEvent 
(node_modules/jsdom/lib/jsdom/living/generated/EventTarget.js:241:34)
      at 
node_modules/@testing-library/user-event/dist/cjs/event/dispatchEvent.js:45:43
      at Object.eventWrapper 
(node_modules/@testing-library/dom/dist/config.js:25:23)
      at Object.wrapEvent 
(node_modules/@testing-library/user-event/dist/cjs/event/wrapEvent.js:6:28)
      at Object.dispatchEvent (node_modules/@testing-library/user-event/dist/cj
s/event/dispatchEvent.js:45:22)
      at Object.dispatchUIEvent (node_modules/@testing-library/user-event/dist/
cjs/event/dispatchEvent.js:22:26)
      at Mouse.up (node_modules/@testing-library/user-event/dist/cjs/system/poi
nter/mouse.js:100:30)
      at PointerHost.release (node_modules/@testing-library/user-event/dist/cjs
/system/pointer/index.js:87:24)
      at pointerAction 
(node_modules/@testing-library/user-event/dist/cjs/pointer/index.js:54:47)
      at Object.pointer 
(node_modules/@testing-library/user-event/dist/cjs/pointer/index.js:27:9)
      at Object.<anonymous> 
(src/settings/__tests__/RatingRulesPage.test.tsx:288:5)

    console.error
      Warning: An update to RatingRulesDetailPage inside a test was not 
wrapped in act(...).
      
      When testing, code that causes React state updates should be wrapped 
into act(...):
      
      act(() => {
        /* fire events that update state */
      });
      /* assert on the output */
      
      This ensures that you're testing the behavior the user would see in the 
browser. Learn more at https://reactjs.org/link/wrap-tests-with-act
          at RatingRulesDetailPage (C:\Users\samhe\OneDrive\Desktop\Cleaned\fro
ntend\src\settings\RatingRulesDetailPage.tsx:85:29)
          at routeContext (C:\Users\samhe\OneDrive\Desktop\Cleaned\frontend\nod
e_modules\react-router\lib\hooks.tsx:658:26)
          at children (C:\Users\samhe\OneDrive\Desktop\Cleaned\frontend\node_mo
dules\react-router\lib\components.tsx:512:3)
          at basenameProp (C:\Users\samhe\OneDrive\Desktop\Cleaned\frontend\nod
e_modules\react-router\lib\components.tsx:421:13)
          at basename (C:\Users\samhe\OneDrive\Desktop\Cleaned\frontend\node_mo
dules\react-router\lib\components.tsx:225:3)

      133 |     function addGroup() {
      134 |         const nextNum = groups.length + 1
    > 135 |         setGroups(prev => [...prev, {
          |         ^
      136 |             id: Date.now(),
      137 |             name: `Group ${nextNum}`,
      138 |             group_number: nextNum,

      at printWarning 
(node_modules/react-dom/cjs/react-dom.development.js:86:30)
      at error (node_modules/react-dom/cjs/react-dom.development.js:60:7)
      at warnIfUpdatesNotWrappedWithActDEV 
(node_modules/react-dom/cjs/react-dom.development.js:27628:9)
      at scheduleUpdateOnFiber 
(node_modules/react-dom/cjs/react-dom.development.js:25547:5)
      at dispatchSetState 
(node_modules/react-dom/cjs/react-dom.development.js:16708:7)
      at addGroup (src/settings/RatingRulesDetailPage.tsx:135:9)
      at HTMLUnknownElement.callCallback 
(node_modules/react-dom/cjs/react-dom.development.js:4164:14)
      at HTMLUnknownElement.callTheUserObjectsOperation 
(node_modules/jsdom/lib/jsdom/living/generated/EventListener.js:26:30)
      at innerInvokeEventListeners 
(node_modules/jsdom/lib/jsdom/living/events/EventTarget-impl.js:350:25)
      at invokeEventListeners 
(node_modules/jsdom/lib/jsdom/living/events/EventTarget-impl.js:286:3)
      at HTMLUnknownElementImpl._dispatch 
(node_modules/jsdom/lib/jsdom/living/events/EventTarget-impl.js:233:9)
      at HTMLUnknownElementImpl.dispatchEvent 
(node_modules/jsdom/lib/jsdom/living/events/EventTarget-impl.js:104:17)
      at HTMLUnknownElement.dispatchEvent 
(node_modules/jsdom/lib/jsdom/living/generated/EventTarget.js:241:34)
      at Object.invokeGuardedCallbackDev 
(node_modules/react-dom/cjs/react-dom.development.js:4213:16)
      at invokeGuardedCallback 
(node_modules/react-dom/cjs/react-dom.development.js:4277:31)
      at invokeGuardedCallbackAndCatchFirstError 
(node_modules/react-dom/cjs/react-dom.development.js:4291:25)
      at executeDispatch 
(node_modules/react-dom/cjs/react-dom.development.js:9041:3)
      at processDispatchQueueItemsInOrder 
(node_modules/react-dom/cjs/react-dom.development.js:9073:7)
      at processDispatchQueue 
(node_modules/react-dom/cjs/react-dom.development.js:9086:5)
      at dispatchEventsForPlugins 
(node_modules/react-dom/cjs/react-dom.development.js:9097:3)
      at node_modules/react-dom/cjs/react-dom.development.js:9288:12
      at batchedUpdates$1 
(node_modules/react-dom/cjs/react-dom.development.js:26179:12)
      at batchedUpdates 
(node_modules/react-dom/cjs/react-dom.development.js:3991:12)
      at dispatchEventForPluginEventSystem 
(node_modules/react-dom/cjs/react-dom.development.js:9287:3)
      at dispatchEventWithEnableCapturePhaseSelectiveHydrationWithoutDiscreteEv
entReplay (node_modules/react-dom/cjs/react-dom.development.js:6465:5)
      at dispatchEvent 
(node_modules/react-dom/cjs/react-dom.development.js:6457:5)
      at dispatchDiscreteEvent 
(node_modules/react-dom/cjs/react-dom.development.js:6430:5)
      at HTMLDivElement.callTheUserObjectsOperation 
(node_modules/jsdom/lib/jsdom/living/generated/EventListener.js:26:30)
      at innerInvokeEventListeners 
(node_modules/jsdom/lib/jsdom/living/events/EventTarget-impl.js:350:25)
      at invokeEventListeners 
(node_modules/jsdom/lib/jsdom/living/events/EventTarget-impl.js:286:3)
      at HTMLButtonElementImpl._dispatch 
(node_modules/jsdom/lib/jsdom/living/events/EventTarget-impl.js:233:9)
      at HTMLButtonElementImpl.dispatchEvent 
(node_modules/jsdom/lib/jsdom/living/events/EventTarget-impl.js:104:17)
      at HTMLButtonElement.dispatchEvent 
(node_modules/jsdom/lib/jsdom/living/generated/EventTarget.js:241:34)
      at 
node_modules/@testing-library/user-event/dist/cjs/event/dispatchEvent.js:45:43
      at Object.eventWrapper 
(node_modules/@testing-library/dom/dist/config.js:25:23)
      at Object.wrapEvent 
(node_modules/@testing-library/user-event/dist/cjs/event/wrapEvent.js:6:28)
      at Object.dispatchEvent (node_modules/@testing-library/user-event/dist/cj
s/event/dispatchEvent.js:45:22)
      at Object.dispatchUIEvent (node_modules/@testing-library/user-event/dist/
cjs/event/dispatchEvent.js:22:26)
      at Mouse.up (node_modules/@testing-library/user-event/dist/cjs/system/poi
nter/mouse.js:100:30)
      at PointerHost.release (node_modules/@testing-library/user-event/dist/cjs
/system/pointer/index.js:87:24)
      at pointerAction 
(node_modules/@testing-library/user-event/dist/cjs/pointer/index.js:54:47)
      at Object.pointer 
(node_modules/@testing-library/user-event/dist/cjs/pointer/index.js:27:9)
      at Object.<anonymous> 
(src/settings/__tests__/RatingRulesPage.test.tsx:474:5)

    console.error
      Warning: An update to RatingRulesDetailPage inside a test was not 
wrapped in act(...).
      
      When testing, code that causes React state updates should be wrapped 
into act(...):
      
      act(() => {
        /* fire events that update state */
      });
      /* assert on the output */
      
      This ensures that you're testing the behavior the user would see in the 
browser. Learn more at https://reactjs.org/link/wrap-tests-with-act
          at RatingRulesDetailPage (C:\Users\samhe\OneDrive\Desktop\Cleaned\fro
ntend\src\settings\RatingRulesDetailPage.tsx:85:29)
          at routeContext (C:\Users\samhe\OneDrive\Desktop\Cleaned\frontend\nod
e_modules\react-router\lib\hooks.tsx:658:26)
          at children (C:\Users\samhe\OneDrive\Desktop\Cleaned\frontend\node_mo
dules\react-router\lib\components.tsx:512:3)
          at basenameProp (C:\Users\samhe\OneDrive\Desktop\Cleaned\frontend\nod
e_modules\react-router\lib\components.tsx:421:13)
          at basename (C:\Users\samhe\OneDrive\Desktop\Cleaned\frontend\node_mo
dules\react-router\lib\components.tsx:225:3)

      122 |     }, [dirty])
      123 |
    > 124 |     function markDirty() { setDirty(true) }
          |                            ^
      125 |
      126 |     function updateScheduleField<K extends keyof 
RatingSchedule>(key: K, value: RatingSchedule[K]) {
      127 |         setSchedule(prev => prev ? { ...prev, [key]: value } : 
prev)

      at printWarning 
(node_modules/react-dom/cjs/react-dom.development.js:86:30)
      at error (node_modules/react-dom/cjs/react-dom.development.js:60:7)
      at warnIfUpdatesNotWrappedWithActDEV 
(node_modules/react-dom/cjs/react-dom.development.js:27628:9)
      at scheduleUpdateOnFiber 
(node_modules/react-dom/cjs/react-dom.development.js:25547:5)
      at dispatchSetState 
(node_modules/react-dom/cjs/react-dom.development.js:16708:7)
      at markDirty (src/settings/RatingRulesDetailPage.tsx:124:28)
      at addGroup (src/settings/RatingRulesDetailPage.tsx:148:9)
      at HTMLUnknownElement.callCallback 
(node_modules/react-dom/cjs/react-dom.development.js:4164:14)
      at HTMLUnknownElement.callTheUserObjectsOperation 
(node_modules/jsdom/lib/jsdom/living/generated/EventListener.js:26:30)
      at innerInvokeEventListeners 
(node_modules/jsdom/lib/jsdom/living/events/EventTarget-impl.js:350:25)
      at invokeEventListeners 
(node_modules/jsdom/lib/jsdom/living/events/EventTarget-impl.js:286:3)
      at HTMLUnknownElementImpl._dispatch 
(node_modules/jsdom/lib/jsdom/living/events/EventTarget-impl.js:233:9)
      at HTMLUnknownElementImpl.dispatchEvent 
(node_modules/jsdom/lib/jsdom/living/events/EventTarget-impl.js:104:17)
      at HTMLUnknownElement.dispatchEvent 
(node_modules/jsdom/lib/jsdom/living/generated/EventTarget.js:241:34)
      at Object.invokeGuardedCallbackDev 
(node_modules/react-dom/cjs/react-dom.development.js:4213:16)
      at invokeGuardedCallback 
(node_modules/react-dom/cjs/react-dom.development.js:4277:31)
      at invokeGuardedCallbackAndCatchFirstError 
(node_modules/react-dom/cjs/react-dom.development.js:4291:25)
      at executeDispatch 
(node_modules/react-dom/cjs/react-dom.development.js:9041:3)
      at processDispatchQueueItemsInOrder 
(node_modules/react-dom/cjs/react-dom.development.js:9073:7)
      at processDispatchQueue 
(node_modules/react-dom/cjs/react-dom.development.js:9086:5)
      at dispatchEventsForPlugins 
(node_modules/react-dom/cjs/react-dom.development.js:9097:3)
      at node_modules/react-dom/cjs/react-dom.development.js:9288:12
      at batchedUpdates$1 
(node_modules/react-dom/cjs/react-dom.development.js:26179:12)
      at batchedUpdates 
(node_modules/react-dom/cjs/react-dom.development.js:3991:12)
      at dispatchEventForPluginEventSystem 
(node_modules/react-dom/cjs/react-dom.development.js:9287:3)
      at dispatchEventWithEnableCapturePhaseSelectiveHydrationWithoutDiscreteEv
entReplay (node_modules/react-dom/cjs/react-dom.development.js:6465:5)
      at dispatchEvent 
(node_modules/react-dom/cjs/react-dom.development.js:6457:5)
      at dispatchDiscreteEvent 
(node_modules/react-dom/cjs/react-dom.development.js:6430:5)
      at HTMLDivElement.callTheUserObjectsOperation 
(node_modules/jsdom/lib/jsdom/living/generated/EventListener.js:26:30)
      at innerInvokeEventListeners 
(node_modules/jsdom/lib/jsdom/living/events/EventTarget-impl.js:350:25)
      at invokeEventListeners 
(node_modules/jsdom/lib/jsdom/living/events/EventTarget-impl.js:286:3)
      at HTMLButtonElementImpl._dispatch 
(node_modules/jsdom/lib/jsdom/living/events/EventTarget-impl.js:233:9)
      at HTMLButtonElementImpl.dispatchEvent 
(node_modules/jsdom/lib/jsdom/living/events/EventTarget-impl.js:104:17)
      at HTMLButtonElement.dispatchEvent 
(node_modules/jsdom/lib/jsdom/living/generated/EventTarget.js:241:34)
      at 
node_modules/@testing-library/user-event/dist/cjs/event/dispatchEvent.js:45:43
      at Object.eventWrapper 
(node_modules/@testing-library/dom/dist/config.js:25:23)
      at Object.wrapEvent 
(node_modules/@testing-library/user-event/dist/cjs/event/wrapEvent.js:6:28)
      at Object.dispatchEvent (node_modules/@testing-library/user-event/dist/cj
s/event/dispatchEvent.js:45:22)
      at Object.dispatchUIEvent (node_modules/@testing-library/user-event/dist/
cjs/event/dispatchEvent.js:22:26)
      at Mouse.up (node_modules/@testing-library/user-event/dist/cjs/system/poi
nter/mouse.js:100:30)
      at PointerHost.release (node_modules/@testing-library/user-event/dist/cjs
/system/pointer/index.js:87:24)
      at pointerAction 
(node_modules/@testing-library/user-event/dist/cjs/pointer/index.js:54:47)
      at Object.pointer 
(node_modules/@testing-library/user-event/dist/cjs/pointer/index.js:27:9)
      at Object.<anonymous> 
(src/settings/__tests__/RatingRulesPage.test.tsx:474:5)

    console.error
      Warning: An update to RatingRulesDetailPage inside a test was not 
wrapped in act(...).
      
      When testing, code that causes React state updates should be wrapped 
into act(...):
      
      act(() => {
        /* fire events that update state */
      });
      /* assert on the output */
      
      This ensures that you're testing the behavior the user would see in the 
browser. Learn more at https://reactjs.org/link/wrap-tests-with-act
          at RatingRulesDetailPage (C:\Users\samhe\OneDrive\Desktop\Cleaned\fro
ntend\src\settings\RatingRulesDetailPage.tsx:85:29)
          at routeContext (C:\Users\samhe\OneDrive\Desktop\Cleaned\frontend\nod
e_modules\react-router\lib\hooks.tsx:658:26)
          at children (C:\Users\samhe\OneDrive\Desktop\Cleaned\frontend\node_mo
dules\react-router\lib\components.tsx:512:3)
          at basenameProp (C:\Users\samhe\OneDrive\Desktop\Cleaned\frontend\nod
e_modules\react-router\lib\components.tsx:421:13)
          at basename (C:\Users\samhe\OneDrive\Desktop\Cleaned\frontend\node_mo
dules\react-router\lib\components.tsx:225:3)

      175 |
      176 |     function addCondition(groupId: number) {
    > 177 |         setGroups(prev => prev.map(g => g.id !== groupId ? g : {
          |         ^
      178 |             ...g,
      179 |             conditions: [...g.conditions, {
      180 |                 id: Date.now(),

      at printWarning 
(node_modules/react-dom/cjs/react-dom.development.js:86:30)
      at error (node_modules/react-dom/cjs/react-dom.development.js:60:7)
      at warnIfUpdatesNotWrappedWithActDEV 
(node_modules/react-dom/cjs/react-dom.development.js:27628:9)
      at scheduleUpdateOnFiber 
(node_modules/react-dom/cjs/react-dom.development.js:25547:5)
      at dispatchSetState 
(node_modules/react-dom/cjs/react-dom.development.js:16708:7)
      at addCondition (src/settings/RatingRulesDetailPage.tsx:177:9)
      at onClick (src/settings/RatingRulesDetailPage.tsx:413:72)
      at HTMLUnknownElement.callCallback 
(node_modules/react-dom/cjs/react-dom.development.js:4164:14)
      at HTMLUnknownElement.callTheUserObjectsOperation 
(node_modules/jsdom/lib/jsdom/living/generated/EventListener.js:26:30)
      at innerInvokeEventListeners 
(node_modules/jsdom/lib/jsdom/living/events/EventTarget-impl.js:350:25)
      at invokeEventListeners 
(node_modules/jsdom/lib/jsdom/living/events/EventTarget-impl.js:286:3)
      at HTMLUnknownElementImpl._dispatch 
(node_modules/jsdom/lib/jsdom/living/events/EventTarget-impl.js:233:9)
      at HTMLUnknownElementImpl.dispatchEvent 
(node_modules/jsdom/lib/jsdom/living/events/EventTarget-impl.js:104:17)
      at HTMLUnknownElement.dispatchEvent 
(node_modules/jsdom/lib/jsdom/living/generated/EventTarget.js:241:34)
      at Object.invokeGuardedCallbackDev 
(node_modules/react-dom/cjs/react-dom.development.js:4213:16)
      at invokeGuardedCallback 
(node_modules/react-dom/cjs/react-dom.development.js:4277:31)
      at invokeGuardedCallbackAndCatchFirstError 
(node_modules/react-dom/cjs/react-dom.development.js:4291:25)
      at executeDispatch 
(node_modules/react-dom/cjs/react-dom.development.js:9041:3)
      at processDispatchQueueItemsInOrder 
(node_modules/react-dom/cjs/react-dom.development.js:9073:7)
      at processDispatchQueue 
(node_modules/react-dom/cjs/react-dom.development.js:9086:5)
      at dispatchEventsForPlugins 
(node_modules/react-dom/cjs/react-dom.development.js:9097:3)
      at node_modules/react-dom/cjs/react-dom.development.js:9288:12
      at batchedUpdates$1 
(node_modules/react-dom/cjs/react-dom.development.js:26179:12)
      at batchedUpdates 
(node_modules/react-dom/cjs/react-dom.development.js:3991:12)
      at dispatchEventForPluginEventSystem 
(node_modules/react-dom/cjs/react-dom.development.js:9287:3)
      at dispatchEventWithEnableCapturePhaseSelectiveHydrationWithoutDiscreteEv
entReplay (node_modules/react-dom/cjs/react-dom.development.js:6465:5)
      at dispatchEvent 
(node_modules/react-dom/cjs/react-dom.development.js:6457:5)
      at dispatchDiscreteEvent 
(node_modules/react-dom/cjs/react-dom.development.js:6430:5)
      at HTMLDivElement.callTheUserObjectsOperation 
(node_modules/jsdom/lib/jsdom/living/generated/EventListener.js:26:30)
      at innerInvokeEventListeners 
(node_modules/jsdom/lib/jsdom/living/events/EventTarget-impl.js:350:25)
      at invokeEventListeners 
(node_modules/jsdom/lib/jsdom/living/events/EventTarget-impl.js:286:3)
      at HTMLButtonElementImpl._dispatch 
(node_modules/jsdom/lib/jsdom/living/events/EventTarget-impl.js:233:9)
      at HTMLButtonElementImpl.dispatchEvent 
(node_modules/jsdom/lib/jsdom/living/events/EventTarget-impl.js:104:17)
      at HTMLButtonElement.dispatchEvent 
(node_modules/jsdom/lib/jsdom/living/generated/EventTarget.js:241:34)
      at 
node_modules/@testing-library/user-event/dist/cjs/event/dispatchEvent.js:45:43
      at Object.eventWrapper 
(node_modules/@testing-library/dom/dist/config.js:25:23)
      at Object.wrapEvent 
(node_modules/@testing-library/user-event/dist/cjs/event/wrapEvent.js:6:28)
      at Object.dispatchEvent (node_modules/@testing-library/user-event/dist/cj
s/event/dispatchEvent.js:45:22)
      at Object.dispatchUIEvent (node_modules/@testing-library/user-event/dist/
cjs/event/dispatchEvent.js:22:26)
      at Mouse.up (node_modules/@testing-library/user-event/dist/cjs/system/poi
nter/mouse.js:100:30)
      at PointerHost.release (node_modules/@testing-library/user-event/dist/cjs
/system/pointer/index.js:87:24)
      at pointerAction 
(node_modules/@testing-library/user-event/dist/cjs/pointer/index.js:54:47)
      at Object.pointer 
(node_modules/@testing-library/user-event/dist/cjs/pointer/index.js:27:9)
      at Object.<anonymous> 
(src/settings/__tests__/RatingRulesPage.test.tsx:492:5)

    console.error
      Warning: An update to RatingRulesDetailPage inside a test was not 
wrapped in act(...).
      
      When testing, code that causes React state updates should be wrapped 
into act(...):
      
      act(() => {
        /* fire events that update state */
      });
      /* assert on the output */
      
      This ensures that you're testing the behavior the user would see in the 
browser. Learn more at https://reactjs.org/link/wrap-tests-with-act
          at RatingRulesDetailPage (C:\Users\samhe\OneDrive\Desktop\Cleaned\fro
ntend\src\settings\RatingRulesDetailPage.tsx:85:29)
          at routeContext (C:\Users\samhe\OneDrive\Desktop\Cleaned\frontend\nod
e_modules\react-router\lib\hooks.tsx:658:26)
          at children (C:\Users\samhe\OneDrive\Desktop\Cleaned\frontend\node_mo
dules\react-router\lib\components.tsx:512:3)
          at basenameProp (C:\Users\samhe\OneDrive\Desktop\Cleaned\frontend\nod
e_modules\react-router\lib\components.tsx:421:13)
          at basename (C:\Users\samhe\OneDrive\Desktop\Cleaned\frontend\node_mo
dules\react-router\lib\components.tsx:225:3)

      122 |     }, [dirty])
      123 |
    > 124 |     function markDirty() { setDirty(true) }
          |                            ^
      125 |
      126 |     function updateScheduleField<K extends keyof 
RatingSchedule>(key: K, value: RatingSchedule[K]) {
      127 |         setSchedule(prev => prev ? { ...prev, [key]: value } : 
prev)

      at printWarning 
(node_modules/react-dom/cjs/react-dom.development.js:86:30)
      at error (node_modules/react-dom/cjs/react-dom.development.js:60:7)
      at warnIfUpdatesNotWrappedWithActDEV 
(node_modules/react-dom/cjs/react-dom.development.js:27628:9)
      at scheduleUpdateOnFiber 
(node_modules/react-dom/cjs/react-dom.development.js:25547:5)
      at dispatchSetState 
(node_modules/react-dom/cjs/react-dom.development.js:16708:7)
      at markDirty (src/settings/RatingRulesDetailPage.tsx:124:28)
      at addCondition (src/settings/RatingRulesDetailPage.tsx:187:9)
      at onClick (src/settings/RatingRulesDetailPage.tsx:413:72)
      at HTMLUnknownElement.callCallback 
(node_modules/react-dom/cjs/react-dom.development.js:4164:14)
      at HTMLUnknownElement.callTheUserObjectsOperation 
(node_modules/jsdom/lib/jsdom/living/generated/EventListener.js:26:30)
      at innerInvokeEventListeners 
(node_modules/jsdom/lib/jsdom/living/events/EventTarget-impl.js:350:25)
      at invokeEventListeners 
(node_modules/jsdom/lib/jsdom/living/events/EventTarget-impl.js:286:3)
      at HTMLUnknownElementImpl._dispatch 
(node_modules/jsdom/lib/jsdom/living/events/EventTarget-impl.js:233:9)
      at HTMLUnknownElementImpl.dispatchEvent 
(node_modules/jsdom/lib/jsdom/living/events/EventTarget-impl.js:104:17)
      at HTMLUnknownElement.dispatchEvent 
(node_modules/jsdom/lib/jsdom/living/generated/EventTarget.js:241:34)
      at Object.invokeGuardedCallbackDev 
(node_modules/react-dom/cjs/react-dom.development.js:4213:16)
      at invokeGuardedCallback 
(node_modules/react-dom/cjs/react-dom.development.js:4277:31)
      at invokeGuardedCallbackAndCatchFirstError 
(node_modules/react-dom/cjs/react-dom.development.js:4291:25)
      at executeDispatch 
(node_modules/react-dom/cjs/react-dom.development.js:9041:3)
      at processDispatchQueueItemsInOrder 
(node_modules/react-dom/cjs/react-dom.development.js:9073:7)
      at processDispatchQueue 
(node_modules/react-dom/cjs/react-dom.development.js:9086:5)
      at dispatchEventsForPlugins 
(node_modules/react-dom/cjs/react-dom.development.js:9097:3)
      at node_modules/react-dom/cjs/react-dom.development.js:9288:12
      at batchedUpdates$1 
(node_modules/react-dom/cjs/react-dom.development.js:26179:12)
      at batchedUpdates 
(node_modules/react-dom/cjs/react-dom.development.js:3991:12)
      at dispatchEventForPluginEventSystem 
(node_modules/react-dom/cjs/react-dom.development.js:9287:3)
      at dispatchEventWithEnableCapturePhaseSelectiveHydrationWithoutDiscreteEv
entReplay (node_modules/react-dom/cjs/react-dom.development.js:6465:5)
      at dispatchEvent 
(node_modules/react-dom/cjs/react-dom.development.js:6457:5)
      at dispatchDiscreteEvent 
(node_modules/react-dom/cjs/react-dom.development.js:6430:5)
      at HTMLDivElement.callTheUserObjectsOperation 
(node_modules/jsdom/lib/jsdom/living/generated/EventListener.js:26:30)
      at innerInvokeEventListeners 
(node_modules/jsdom/lib/jsdom/living/events/EventTarget-impl.js:350:25)
      at invokeEventListeners 
(node_modules/jsdom/lib/jsdom/living/events/EventTarget-impl.js:286:3)
      at HTMLButtonElementImpl._dispatch 
(node_modules/jsdom/lib/jsdom/living/events/EventTarget-impl.js:233:9)
      at HTMLButtonElementImpl.dispatchEvent 
(node_modules/jsdom/lib/jsdom/living/events/EventTarget-impl.js:104:17)
      at HTMLButtonElement.dispatchEvent 
(node_modules/jsdom/lib/jsdom/living/generated/EventTarget.js:241:34)
      at 
node_modules/@testing-library/user-event/dist/cjs/event/dispatchEvent.js:45:43
      at Object.eventWrapper 
(node_modules/@testing-library/dom/dist/config.js:25:23)
      at Object.wrapEvent 
(node_modules/@testing-library/user-event/dist/cjs/event/wrapEvent.js:6:28)
      at Object.dispatchEvent (node_modules/@testing-library/user-event/dist/cj
s/event/dispatchEvent.js:45:22)
      at Object.dispatchUIEvent (node_modules/@testing-library/user-event/dist/
cjs/event/dispatchEvent.js:22:26)
      at Mouse.up (node_modules/@testing-library/user-event/dist/cjs/system/poi
nter/mouse.js:100:30)
      at PointerHost.release (node_modules/@testing-library/user-event/dist/cjs
/system/pointer/index.js:87:24)
      at pointerAction 
(node_modules/@testing-library/user-event/dist/cjs/pointer/index.js:54:47)
      at Object.pointer 
(node_modules/@testing-library/user-event/dist/cjs/pointer/index.js:27:9)
      at Object.<anonymous> 
(src/settings/__tests__/RatingRulesPage.test.tsx:492:5)

    console.error
      Warning: An update to RatingRulesDetailPage inside a test was not 
wrapped in act(...).
      
      When testing, code that causes React state updates should be wrapped 
into act(...):
      
      act(() => {
        /* fire events that update state */
      });
      /* assert on the output */
      
      This ensures that you're testing the behavior the user would see in the 
browser. Learn more at https://reactjs.org/link/wrap-tests-with-act
          at RatingRulesDetailPage (C:\Users\samhe\OneDrive\Desktop\Cleaned\fro
ntend\src\settings\RatingRulesDetailPage.tsx:85:29)
          at routeContext (C:\Users\samhe\OneDrive\Desktop\Cleaned\frontend\nod
e_modules\react-router\lib\hooks.tsx:658:26)
          at children (C:\Users\samhe\OneDrive\Desktop\Cleaned\frontend\node_mo
dules\react-router\lib\components.tsx:512:3)
          at basenameProp (C:\Users\samhe\OneDrive\Desktop\Cleaned\frontend\nod
e_modules\react-router\lib\components.tsx:421:13)
          at basename (C:\Users\samhe\OneDrive\Desktop\Cleaned\frontend\node_mo
dules\react-router\lib\components.tsx:225:3)

      150 |
      151 |     function deleteGroup(groupId: number) {
    > 152 |         setGroups(prev => prev.filter(g => g.id !== groupId))
          |         ^
      153 |         markDirty()
      154 |     }
      155 |

      at printWarning 
(node_modules/react-dom/cjs/react-dom.development.js:86:30)
      at error (node_modules/react-dom/cjs/react-dom.development.js:60:7)
      at warnIfUpdatesNotWrappedWithActDEV 
(node_modules/react-dom/cjs/react-dom.development.js:27628:9)
      at scheduleUpdateOnFiber 
(node_modules/react-dom/cjs/react-dom.development.js:25547:5)
      at dispatchSetState 
(node_modules/react-dom/cjs/react-dom.development.js:16708:7)
      at deleteGroup (src/settings/RatingRulesDetailPage.tsx:152:9)
      at onClick (src/settings/RatingRulesDetailPage.tsx:445:68)
      at HTMLUnknownElement.callCallback 
(node_modules/react-dom/cjs/react-dom.development.js:4164:14)
      at HTMLUnknownElement.callTheUserObjectsOperation 
(node_modules/jsdom/lib/jsdom/living/generated/EventListener.js:26:30)
      at innerInvokeEventListeners 
(node_modules/jsdom/lib/jsdom/living/events/EventTarget-impl.js:350:25)
      at invokeEventListeners 
(node_modules/jsdom/lib/jsdom/living/events/EventTarget-impl.js:286:3)
      at HTMLUnknownElementImpl._dispatch 
(node_modules/jsdom/lib/jsdom/living/events/EventTarget-impl.js:233:9)
      at HTMLUnknownElementImpl.dispatchEvent 
(node_modules/jsdom/lib/jsdom/living/events/EventTarget-impl.js:104:17)
      at HTMLUnknownElement.dispatchEvent 
(node_modules/jsdom/lib/jsdom/living/generated/EventTarget.js:241:34)
      at Object.invokeGuardedCallbackDev 
(node_modules/react-dom/cjs/react-dom.development.js:4213:16)
      at invokeGuardedCallback 
(node_modules/react-dom/cjs/react-dom.development.js:4277:31)
      at invokeGuardedCallbackAndCatchFirstError 
(node_modules/react-dom/cjs/react-dom.development.js:4291:25)
      at executeDispatch 
(node_modules/react-dom/cjs/react-dom.development.js:9041:3)
      at processDispatchQueueItemsInOrder 
(node_modules/react-dom/cjs/react-dom.development.js:9073:7)
      at processDispatchQueue 
(node_modules/react-dom/cjs/react-dom.development.js:9086:5)
      at dispatchEventsForPlugins 
(node_modules/react-dom/cjs/react-dom.development.js:9097:3)
      at node_modules/react-dom/cjs/react-dom.development.js:9288:12
      at batchedUpdates$1 
(node_modules/react-dom/cjs/react-dom.development.js:26179:12)
      at batchedUpdates 
(node_modules/react-dom/cjs/react-dom.development.js:3991:12)
      at dispatchEventForPluginEventSystem 
(node_modules/react-dom/cjs/react-dom.development.js:9287:3)
      at dispatchEventWithEnableCapturePhaseSelectiveHydrationWithoutDiscreteEv
entReplay (node_modules/react-dom/cjs/react-dom.development.js:6465:5)
      at dispatchEvent 
(node_modules/react-dom/cjs/react-dom.development.js:6457:5)
      at dispatchDiscreteEvent 
(node_modules/react-dom/cjs/react-dom.development.js:6430:5)
      at HTMLDivElement.callTheUserObjectsOperation 
(node_modules/jsdom/lib/jsdom/living/generated/EventListener.js:26:30)
      at innerInvokeEventListeners 
(node_modules/jsdom/lib/jsdom/living/events/EventTarget-impl.js:350:25)
      at invokeEventListeners 
(node_modules/jsdom/lib/jsdom/living/events/EventTarget-impl.js:286:3)
      at HTMLButtonElementImpl._dispatch 
(node_modules/jsdom/lib/jsdom/living/events/EventTarget-impl.js:233:9)
      at HTMLButtonElementImpl.dispatchEvent 
(node_modules/jsdom/lib/jsdom/living/events/EventTarget-impl.js:104:17)
      at HTMLButtonElement.dispatchEvent 
(node_modules/jsdom/lib/jsdom/living/generated/EventTarget.js:241:34)
      at 
node_modules/@testing-library/user-event/dist/cjs/event/dispatchEvent.js:45:43
      at Object.eventWrapper 
(node_modules/@testing-library/dom/dist/config.js:25:23)
      at Object.wrapEvent 
(node_modules/@testing-library/user-event/dist/cjs/event/wrapEvent.js:6:28)
      at Object.dispatchEvent (node_modules/@testing-library/user-event/dist/cj
s/event/dispatchEvent.js:45:22)
      at Object.dispatchUIEvent (node_modules/@testing-library/user-event/dist/
cjs/event/dispatchEvent.js:22:26)
      at Mouse.up (node_modules/@testing-library/user-event/dist/cjs/system/poi
nter/mouse.js:100:30)
      at PointerHost.release (node_modules/@testing-library/user-event/dist/cjs
/system/pointer/index.js:87:24)
      at pointerAction 
(node_modules/@testing-library/user-event/dist/cjs/pointer/index.js:54:47)
      at Object.pointer 
(node_modules/@testing-library/user-event/dist/cjs/pointer/index.js:27:9)
      at Object.<anonymous> 
(src/settings/__tests__/RatingRulesPage.test.tsx:509:5)

    console.error
      Warning: An update to RatingRulesDetailPage inside a test was not 
wrapped in act(...).
      
      When testing, code that causes React state updates should be wrapped 
into act(...):
      
      act(() => {
        /* fire events that update state */
      });
      /* assert on the output */
      
      This ensures that you're testing the behavior the user would see in the 
browser. Learn more at https://reactjs.org/link/wrap-tests-with-act
          at RatingRulesDetailPage (C:\Users\samhe\OneDrive\Desktop\Cleaned\fro
ntend\src\settings\RatingRulesDetailPage.tsx:85:29)
          at routeContext (C:\Users\samhe\OneDrive\Desktop\Cleaned\frontend\nod
e_modules\react-router\lib\hooks.tsx:658:26)
          at children (C:\Users\samhe\OneDrive\Desktop\Cleaned\frontend\node_mo
dules\react-router\lib\components.tsx:512:3)
          at basenameProp (C:\Users\samhe\OneDrive\Desktop\Cleaned\frontend\nod
e_modules\react-router\lib\components.tsx:421:13)
          at basename (C:\Users\samhe\OneDrive\Desktop\Cleaned\frontend\node_mo
dules\react-router\lib\components.tsx:225:3)

      122 |     }, [dirty])
      123 |
    > 124 |     function markDirty() { setDirty(true) }
          |                            ^
      125 |
      126 |     function updateScheduleField<K extends keyof 
RatingSchedule>(key: K, value: RatingSchedule[K]) {
      127 |         setSchedule(prev => prev ? { ...prev, [key]: value } : 
prev)

      at printWarning 
(node_modules/react-dom/cjs/react-dom.development.js:86:30)
      at error (node_modules/react-dom/cjs/react-dom.development.js:60:7)
      at warnIfUpdatesNotWrappedWithActDEV 
(node_modules/react-dom/cjs/react-dom.development.js:27628:9)
      at scheduleUpdateOnFiber 
(node_modules/react-dom/cjs/react-dom.development.js:25547:5)
      at dispatchSetState 
(node_modules/react-dom/cjs/react-dom.development.js:16708:7)
      at markDirty (src/settings/RatingRulesDetailPage.tsx:124:28)
      at deleteGroup (src/settings/RatingRulesDetailPage.tsx:153:9)
      at onClick (src/settings/RatingRulesDetailPage.tsx:445:68)
      at HTMLUnknownElement.callCallback 
(node_modules/react-dom/cjs/react-dom.development.js:4164:14)
      at HTMLUnknownElement.callTheUserObjectsOperation 
(node_modules/jsdom/lib/jsdom/living/generated/EventListener.js:26:30)
      at innerInvokeEventListeners 
(node_modules/jsdom/lib/jsdom/living/events/EventTarget-impl.js:350:25)
      at invokeEventListeners 
(node_modules/jsdom/lib/jsdom/living/events/EventTarget-impl.js:286:3)
      at HTMLUnknownElementImpl._dispatch 
(node_modules/jsdom/lib/jsdom/living/events/EventTarget-impl.js:233:9)
      at HTMLUnknownElementImpl.dispatchEvent 
(node_modules/jsdom/lib/jsdom/living/events/EventTarget-impl.js:104:17)
      at HTMLUnknownElement.dispatchEvent 
(node_modules/jsdom/lib/jsdom/living/generated/EventTarget.js:241:34)
      at Object.invokeGuardedCallbackDev 
(node_modules/react-dom/cjs/react-dom.development.js:4213:16)
      at invokeGuardedCallback 
(node_modules/react-dom/cjs/react-dom.development.js:4277:31)
      at invokeGuardedCallbackAndCatchFirstError 
(node_modules/react-dom/cjs/react-dom.development.js:4291:25)
      at executeDispatch 
(node_modules/react-dom/cjs/react-dom.development.js:9041:3)
      at processDispatchQueueItemsInOrder 
(node_modules/react-dom/cjs/react-dom.development.js:9073:7)
      at processDispatchQueue 
(node_modules/react-dom/cjs/react-dom.development.js:9086:5)
      at dispatchEventsForPlugins 
(node_modules/react-dom/cjs/react-dom.development.js:9097:3)
      at node_modules/react-dom/cjs/react-dom.development.js:9288:12
      at batchedUpdates$1 
(node_modules/react-dom/cjs/react-dom.development.js:26179:12)
      at batchedUpdates 
(node_modules/react-dom/cjs/react-dom.development.js:3991:12)
      at dispatchEventForPluginEventSystem 
(node_modules/react-dom/cjs/react-dom.development.js:9287:3)
      at dispatchEventWithEnableCapturePhaseSelectiveHydrationWithoutDiscreteEv
entReplay (node_modules/react-dom/cjs/react-dom.development.js:6465:5)
      at dispatchEvent 
(node_modules/react-dom/cjs/react-dom.development.js:6457:5)
      at dispatchDiscreteEvent 
(node_modules/react-dom/cjs/react-dom.development.js:6430:5)
      at HTMLDivElement.callTheUserObjectsOperation 
(node_modules/jsdom/lib/jsdom/living/generated/EventListener.js:26:30)
      at innerInvokeEventListeners 
(node_modules/jsdom/lib/jsdom/living/events/EventTarget-impl.js:350:25)
      at invokeEventListeners 
(node_modules/jsdom/lib/jsdom/living/events/EventTarget-impl.js:286:3)
      at HTMLButtonElementImpl._dispatch 
(node_modules/jsdom/lib/jsdom/living/events/EventTarget-impl.js:233:9)
      at HTMLButtonElementImpl.dispatchEvent 
(node_modules/jsdom/lib/jsdom/living/events/EventTarget-impl.js:104:17)
      at HTMLButtonElement.dispatchEvent 
(node_modules/jsdom/lib/jsdom/living/generated/EventTarget.js:241:34)
      at 
node_modules/@testing-library/user-event/dist/cjs/event/dispatchEvent.js:45:43
      at Object.eventWrapper 
(node_modules/@testing-library/dom/dist/config.js:25:23)
      at Object.wrapEvent 
(node_modules/@testing-library/user-event/dist/cjs/event/wrapEvent.js:6:28)
      at Object.dispatchEvent (node_modules/@testing-library/user-event/dist/cj
s/event/dispatchEvent.js:45:22)
      at Object.dispatchUIEvent (node_modules/@testing-library/user-event/dist/
cjs/event/dispatchEvent.js:22:26)
      at Mouse.up (node_modules/@testing-library/user-event/dist/cjs/system/poi
nter/mouse.js:100:30)
      at PointerHost.release (node_modules/@testing-library/user-event/dist/cjs
/system/pointer/index.js:87:24)
      at pointerAction 
(node_modules/@testing-library/user-event/dist/cjs/pointer/index.js:54:47)
      at Object.pointer 
(node_modules/@testing-library/user-event/dist/cjs/pointer/index.js:27:9)
      at Object.<anonymous> 
(src/settings/__tests__/RatingRulesPage.test.tsx:509:5)

    console.error
      Warning: An update to RatingRulesDetailPage inside a test was not 
wrapped in act(...).
      
      When testing, code that causes React state updates should be wrapped 
into act(...):
      
      act(() => {
        /* fire events that update state */
      });
      /* assert on the output */
      
      This ensures that you're testing the behavior the user would see in the 
browser. Learn more at https://reactjs.org/link/wrap-tests-with-act
          at RatingRulesDetailPage (C:\Users\samhe\OneDrive\Desktop\Cleaned\fro
ntend\src\settings\RatingRulesDetailPage.tsx:85:29)
          at routeContext (C:\Users\samhe\OneDrive\Desktop\Cleaned\frontend\nod
e_modules\react-router\lib\hooks.tsx:658:26)
          at children (C:\Users\samhe\OneDrive\Desktop\Cleaned\frontend\node_mo
dules\react-router\lib\components.tsx:512:3)
          at basenameProp (C:\Users\samhe\OneDrive\Desktop\Cleaned\frontend\nod
e_modules\react-router\lib\components.tsx:421:13)
          at basename (C:\Users\samhe\OneDrive\Desktop\Cleaned\frontend\node_mo
dules\react-router\lib\components.tsx:225:3)

      189 |
      190 |     function deleteCondition(groupId: number, condId: number) {
    > 191 |         setGroups(prev => prev.map(g => g.id !== groupId ? g : {
          |         ^
      192 |             ...g,
      193 |             conditions: g.conditions.filter(c => c.id !== condId),
      194 |         }))

      at printWarning 
(node_modules/react-dom/cjs/react-dom.development.js:86:30)
      at error (node_modules/react-dom/cjs/react-dom.development.js:60:7)
      at warnIfUpdatesNotWrappedWithActDEV 
(node_modules/react-dom/cjs/react-dom.development.js:27628:9)
      at scheduleUpdateOnFiber 
(node_modules/react-dom/cjs/react-dom.development.js:25547:5)
      at dispatchSetState 
(node_modules/react-dom/cjs/react-dom.development.js:16708:7)
      at deleteCondition (src/settings/RatingRulesDetailPage.tsx:191:9)
      at onClick (src/settings/RatingRulesDetailPage.tsx:513:72)
      at HTMLUnknownElement.callCallback 
(node_modules/react-dom/cjs/react-dom.development.js:4164:14)
      at HTMLUnknownElement.callTheUserObjectsOperation 
(node_modules/jsdom/lib/jsdom/living/generated/EventListener.js:26:30)
      at innerInvokeEventListeners 
(node_modules/jsdom/lib/jsdom/living/events/EventTarget-impl.js:350:25)
      at invokeEventListeners 
(node_modules/jsdom/lib/jsdom/living/events/EventTarget-impl.js:286:3)
      at HTMLUnknownElementImpl._dispatch 
(node_modules/jsdom/lib/jsdom/living/events/EventTarget-impl.js:233:9)
      at HTMLUnknownElementImpl.dispatchEvent 
(node_modules/jsdom/lib/jsdom/living/events/EventTarget-impl.js:104:17)
      at HTMLUnknownElement.dispatchEvent 
(node_modules/jsdom/lib/jsdom/living/generated/EventTarget.js:241:34)
      at Object.invokeGuardedCallbackDev 
(node_modules/react-dom/cjs/react-dom.development.js:4213:16)
      at invokeGuardedCallback 
(node_modules/react-dom/cjs/react-dom.development.js:4277:31)
      at invokeGuardedCallbackAndCatchFirstError 
(node_modules/react-dom/cjs/react-dom.development.js:4291:25)
      at executeDispatch 
(node_modules/react-dom/cjs/react-dom.development.js:9041:3)
      at processDispatchQueueItemsInOrder 
(node_modules/react-dom/cjs/react-dom.development.js:9073:7)
      at processDispatchQueue 
(node_modules/react-dom/cjs/react-dom.development.js:9086:5)
      at dispatchEventsForPlugins 
(node_modules/react-dom/cjs/react-dom.development.js:9097:3)
      at node_modules/react-dom/cjs/react-dom.development.js:9288:12
      at batchedUpdates$1 
(node_modules/react-dom/cjs/react-dom.development.js:26179:12)
      at batchedUpdates 
(node_modules/react-dom/cjs/react-dom.development.js:3991:12)
      at dispatchEventForPluginEventSystem 
(node_modules/react-dom/cjs/react-dom.development.js:9287:3)
      at dispatchEventWithEnableCapturePhaseSelectiveHydrationWithoutDiscreteEv
entReplay (node_modules/react-dom/cjs/react-dom.development.js:6465:5)
      at dispatchEvent 
(node_modules/react-dom/cjs/react-dom.development.js:6457:5)
      at dispatchDiscreteEvent 
(node_modules/react-dom/cjs/react-dom.development.js:6430:5)
      at HTMLDivElement.callTheUserObjectsOperation 
(node_modules/jsdom/lib/jsdom/living/generated/EventListener.js:26:30)
      at innerInvokeEventListeners 
(node_modules/jsdom/lib/jsdom/living/events/EventTarget-impl.js:350:25)
      at invokeEventListeners 
(node_modules/jsdom/lib/jsdom/living/events/EventTarget-impl.js:286:3)
      at HTMLButtonElementImpl._dispatch 
(node_modules/jsdom/lib/jsdom/living/events/EventTarget-impl.js:233:9)
      at HTMLButtonElementImpl.dispatchEvent 
(node_modules/jsdom/lib/jsdom/living/events/EventTarget-impl.js:104:17)
      at HTMLButtonElement.dispatchEvent 
(node_modules/jsdom/lib/jsdom/living/generated/EventTarget.js:241:34)
      at 
node_modules/@testing-library/user-event/dist/cjs/event/dispatchEvent.js:45:43
      at Object.eventWrapper 
(node_modules/@testing-library/dom/dist/config.js:25:23)
      at Object.wrapEvent 
(node_modules/@testing-library/user-event/dist/cjs/event/wrapEvent.js:6:28)
      at Object.dispatchEvent (node_modules/@testing-library/user-event/dist/cj
s/event/dispatchEvent.js:45:22)
      at Object.dispatchUIEvent (node_modules/@testing-library/user-event/dist/
cjs/event/dispatchEvent.js:22:26)
      at Mouse.up (node_modules/@testing-library/user-event/dist/cjs/system/poi
nter/mouse.js:100:30)
      at PointerHost.release (node_modules/@testing-library/user-event/dist/cjs
/system/pointer/index.js:87:24)
      at pointerAction 
(node_modules/@testing-library/user-event/dist/cjs/pointer/index.js:54:47)
      at Object.pointer 
(node_modules/@testing-library/user-event/dist/cjs/pointer/index.js:27:9)
      at Object.<anonymous> 
(src/settings/__tests__/RatingRulesPage.test.tsx:522:5)

    console.error
      Warning: An update to RatingRulesDetailPage inside a test was not 
wrapped in act(...).
      
      When testing, code that causes React state updates should be wrapped 
into act(...):
      
      act(() => {
        /* fire events that update state */
      });
      /* assert on the output */
      
      This ensures that you're testing the behavior the user would see in the 
browser. Learn more at https://reactjs.org/link/wrap-tests-with-act
          at RatingRulesDetailPage (C:\Users\samhe\OneDrive\Desktop\Cleaned\fro
ntend\src\settings\RatingRulesDetailPage.tsx:85:29)
          at routeContext (C:\Users\samhe\OneDrive\Desktop\Cleaned\frontend\nod
e_modules\react-router\lib\hooks.tsx:658:26)
          at children (C:\Users\samhe\OneDrive\Desktop\Cleaned\frontend\node_mo
dules\react-router\lib\components.tsx:512:3)
          at basenameProp (C:\Users\samhe\OneDrive\Desktop\Cleaned\frontend\nod
e_modules\react-router\lib\components.tsx:421:13)
          at basename (C:\Users\samhe\OneDrive\Desktop\Cleaned\frontend\node_mo
dules\react-router\lib\components.tsx:225:3)

      122 |     }, [dirty])
      123 |
    > 124 |     function markDirty() { setDirty(true) }
          |                            ^
      125 |
      126 |     function updateScheduleField<K extends keyof 
RatingSchedule>(key: K, value: RatingSchedule[K]) {
      127 |         setSchedule(prev => prev ? { ...prev, [key]: value } : 
prev)

      at printWarning 
(node_modules/react-dom/cjs/react-dom.development.js:86:30)
      at error (node_modules/react-dom/cjs/react-dom.development.js:60:7)
      at warnIfUpdatesNotWrappedWithActDEV 
(node_modules/react-dom/cjs/react-dom.development.js:27628:9)
      at scheduleUpdateOnFiber 
(node_modules/react-dom/cjs/react-dom.development.js:25547:5)
      at dispatchSetState 
(node_modules/react-dom/cjs/react-dom.development.js:16708:7)
      at markDirty (src/settings/RatingRulesDetailPage.tsx:124:28)
      at deleteCondition (src/settings/RatingRulesDetailPage.tsx:195:9)
      at onClick (src/settings/RatingRulesDetailPage.tsx:513:72)
      at HTMLUnknownElement.callCallback 
(node_modules/react-dom/cjs/react-dom.development.js:4164:14)
      at HTMLUnknownElement.callTheUserObjectsOperation 
(node_modules/jsdom/lib/jsdom/living/generated/EventListener.js:26:30)
      at innerInvokeEventListeners 
(node_modules/jsdom/lib/jsdom/living/events/EventTarget-impl.js:350:25)
      at invokeEventListeners 
(node_modules/jsdom/lib/jsdom/living/events/EventTarget-impl.js:286:3)
      at HTMLUnknownElementImpl._dispatch 
(node_modules/jsdom/lib/jsdom/living/events/EventTarget-impl.js:233:9)
      at HTMLUnknownElementImpl.dispatchEvent 
(node_modules/jsdom/lib/jsdom/living/events/EventTarget-impl.js:104:17)
      at HTMLUnknownElement.dispatchEvent 
(node_modules/jsdom/lib/jsdom/living/generated/EventTarget.js:241:34)
      at Object.invokeGuardedCallbackDev 
(node_modules/react-dom/cjs/react-dom.development.js:4213:16)
      at invokeGuardedCallback 
(node_modules/react-dom/cjs/react-dom.development.js:4277:31)
      at invokeGuardedCallbackAndCatchFirstError 
(node_modules/react-dom/cjs/react-dom.development.js:4291:25)
      at executeDispatch 
(node_modules/react-dom/cjs/react-dom.development.js:9041:3)
      at processDispatchQueueItemsInOrder 
(node_modules/react-dom/cjs/react-dom.development.js:9073:7)
      at processDispatchQueue 
(node_modules/react-dom/cjs/react-dom.development.js:9086:5)
      at dispatchEventsForPlugins 
(node_modules/react-dom/cjs/react-dom.development.js:9097:3)
      at node_modules/react-dom/cjs/react-dom.development.js:9288:12
      at batchedUpdates$1 
(node_modules/react-dom/cjs/react-dom.development.js:26179:12)
      at batchedUpdates 
(node_modules/react-dom/cjs/react-dom.development.js:3991:12)
      at dispatchEventForPluginEventSystem 
(node_modules/react-dom/cjs/react-dom.development.js:9287:3)
      at dispatchEventWithEnableCapturePhaseSelectiveHydrationWithoutDiscreteEv
entReplay (node_modules/react-dom/cjs/react-dom.development.js:6465:5)
      at dispatchEvent 
(node_modules/react-dom/cjs/react-dom.development.js:6457:5)
      at dispatchDiscreteEvent 
(node_modules/react-dom/cjs/react-dom.development.js:6430:5)
      at HTMLDivElement.callTheUserObjectsOperation 
(node_modules/jsdom/lib/jsdom/living/generated/EventListener.js:26:30)
      at innerInvokeEventListeners 
(node_modules/jsdom/lib/jsdom/living/events/EventTarget-impl.js:350:25)
      at invokeEventListeners 
(node_modules/jsdom/lib/jsdom/living/events/EventTarget-impl.js:286:3)
      at HTMLButtonElementImpl._dispatch 
(node_modules/jsdom/lib/jsdom/living/events/EventTarget-impl.js:233:9)
      at HTMLButtonElementImpl.dispatchEvent 
(node_modules/jsdom/lib/jsdom/living/events/EventTarget-impl.js:104:17)
      at HTMLButtonElement.dispatchEvent 
(node_modules/jsdom/lib/jsdom/living/generated/EventTarget.js:241:34)
      at 
node_modules/@testing-library/user-event/dist/cjs/event/dispatchEvent.js:45:43
      at Object.eventWrapper 
(node_modules/@testing-library/dom/dist/config.js:25:23)
      at Object.wrapEvent 
(node_modules/@testing-library/user-event/dist/cjs/event/wrapEvent.js:6:28)
      at Object.dispatchEvent (node_modules/@testing-library/user-event/dist/cj
s/event/dispatchEvent.js:45:22)
      at Object.dispatchUIEvent (node_modules/@testing-library/user-event/dist/
cjs/event/dispatchEvent.js:22:26)
      at Mouse.up (node_modules/@testing-library/user-event/dist/cjs/system/poi
nter/mouse.js:100:30)
      at PointerHost.release (node_modules/@testing-library/user-event/dist/cjs
/system/pointer/index.js:87:24)
      at pointerAction 
(node_modules/@testing-library/user-event/dist/cjs/pointer/index.js:54:47)
      at Object.pointer 
(node_modules/@testing-library/user-event/dist/cjs/pointer/index.js:27:9)
      at Object.<anonymous> 
(src/settings/__tests__/RatingRulesPage.test.tsx:522:5)

    console.error
      Warning: An update to RatingRulesPage inside a test was not wrapped in 
act(...).
      
      When testing, code that causes React state updates should be wrapped 
into act(...):
      
      act(() => {
        /* fire events that update state */
      });
      /* assert on the output */
      
      This ensures that you're testing the behavior the user would see in the 
browser. Learn more at https://reactjs.org/link/wrap-tests-with-act
          at RatingRulesPage (C:\Users\samhe\OneDrive\Desktop\Cleaned\frontend\
src\settings\RatingRulesPage.tsx:26:47)
          at basenameProp (C:\Users\samhe\OneDrive\Desktop\Cleaned\frontend\nod
e_modules\react-router\lib\components.tsx:421:13)
          at basename (C:\Users\samhe\OneDrive\Desktop\Cleaned\frontend\node_mo
dules\react-router\lib\components.tsx:225:3)

      154 |                                             title="Add schedule"
      155 |                                             
className="text-brand-600 hover:text-brand-800"
    > 156 |                                             onClick={() => 
setShowInlineCreate(true)}
          |                                                            ^
      157 |                                         >
      158 |                                             <FiPlus size={14} />
      159 |                                         </button>

      at printWarning 
(node_modules/react-dom/cjs/react-dom.development.js:86:30)
      at error (node_modules/react-dom/cjs/react-dom.development.js:60:7)
      at warnIfUpdatesNotWrappedWithActDEV 
(node_modules/react-dom/cjs/react-dom.development.js:27628:9)
      at scheduleUpdateOnFiber 
(node_modules/react-dom/cjs/react-dom.development.js:25547:5)
      at dispatchSetState 
(node_modules/react-dom/cjs/react-dom.development.js:16708:7)
      at onClick (src/settings/RatingRulesPage.tsx:156:60)
      at HTMLUnknownElement.callCallback 
(node_modules/react-dom/cjs/react-dom.development.js:4164:14)
      at HTMLUnknownElement.callTheUserObjectsOperation 
(node_modules/jsdom/lib/jsdom/living/generated/EventListener.js:26:30)
      at innerInvokeEventListeners 
(node_modules/jsdom/lib/jsdom/living/events/EventTarget-impl.js:350:25)
      at invokeEventListeners 
(node_modules/jsdom/lib/jsdom/living/events/EventTarget-impl.js:286:3)
      at HTMLUnknownElementImpl._dispatch 
(node_modules/jsdom/lib/jsdom/living/events/EventTarget-impl.js:233:9)
      at HTMLUnknownElementImpl.dispatchEvent 
(node_modules/jsdom/lib/jsdom/living/events/EventTarget-impl.js:104:17)
      at HTMLUnknownElement.dispatchEvent 
(node_modules/jsdom/lib/jsdom/living/generated/EventTarget.js:241:34)
      at Object.invokeGuardedCallbackDev 
(node_modules/react-dom/cjs/react-dom.development.js:4213:16)
      at invokeGuardedCallback 
(node_modules/react-dom/cjs/react-dom.development.js:4277:31)
      at invokeGuardedCallbackAndCatchFirstError 
(node_modules/react-dom/cjs/react-dom.development.js:4291:25)
      at executeDispatch 
(node_modules/react-dom/cjs/react-dom.development.js:9041:3)
      at processDispatchQueueItemsInOrder 
(node_modules/react-dom/cjs/react-dom.development.js:9073:7)
      at processDispatchQueue 
(node_modules/react-dom/cjs/react-dom.development.js:9086:5)
      at dispatchEventsForPlugins 
(node_modules/react-dom/cjs/react-dom.development.js:9097:3)
      at node_modules/react-dom/cjs/react-dom.development.js:9288:12
      at batchedUpdates$1 
(node_modules/react-dom/cjs/react-dom.development.js:26179:12)
      at batchedUpdates 
(node_modules/react-dom/cjs/react-dom.development.js:3991:12)
      at dispatchEventForPluginEventSystem 
(node_modules/react-dom/cjs/react-dom.development.js:9287:3)
      at dispatchEventWithEnableCapturePhaseSelectiveHydrationWithoutDiscreteEv
entReplay (node_modules/react-dom/cjs/react-dom.development.js:6465:5)
      at dispatchEvent 
(node_modules/react-dom/cjs/react-dom.development.js:6457:5)
      at dispatchDiscreteEvent 
(node_modules/react-dom/cjs/react-dom.development.js:6430:5)
      at HTMLDivElement.callTheUserObjectsOperation 
(node_modules/jsdom/lib/jsdom/living/generated/EventListener.js:26:30)
      at innerInvokeEventListeners 
(node_modules/jsdom/lib/jsdom/living/events/EventTarget-impl.js:350:25)
      at invokeEventListeners 
(node_modules/jsdom/lib/jsdom/living/events/EventTarget-impl.js:286:3)
      at HTMLButtonElementImpl._dispatch 
(node_modules/jsdom/lib/jsdom/living/events/EventTarget-impl.js:233:9)
      at HTMLButtonElementImpl.dispatchEvent 
(node_modules/jsdom/lib/jsdom/living/events/EventTarget-impl.js:104:17)
      at HTMLButtonElement.dispatchEvent 
(node_modules/jsdom/lib/jsdom/living/generated/EventTarget.js:241:34)
      at 
node_modules/@testing-library/user-event/dist/cjs/event/dispatchEvent.js:45:43
      at Object.eventWrapper 
(node_modules/@testing-library/dom/dist/config.js:25:23)
      at Object.wrapEvent 
(node_modules/@testing-library/user-event/dist/cjs/event/wrapEvent.js:6:28)
      at Object.dispatchEvent (node_modules/@testing-library/user-event/dist/cj
s/event/dispatchEvent.js:45:22)
      at Object.dispatchUIEvent (node_modules/@testing-library/user-event/dist/
cjs/event/dispatchEvent.js:22:26)
      at Mouse.up (node_modules/@testing-library/user-event/dist/cjs/system/poi
nter/mouse.js:100:30)
      at PointerHost.release (node_modules/@testing-library/user-event/dist/cjs
/system/pointer/index.js:87:24)
      at pointerAction 
(node_modules/@testing-library/user-event/dist/cjs/pointer/index.js:54:47)
      at Object.pointer 
(node_modules/@testing-library/user-event/dist/cjs/pointer/index.js:27:9)
      at Object.<anonymous> 
(src/settings/__tests__/RatingRulesPage.test.tsx:573:5)

    console.error
      Warning: An update to RatingRulesPage inside a test was not wrapped in 
act(...).
      
      When testing, code that causes React state updates should be wrapped 
into act(...):
      
      act(() => {
        /* fire events that update state */
      });
      /* assert on the output */
      
      This ensures that you're testing the behavior the user would see in the 
browser. Learn more at https://reactjs.org/link/wrap-tests-with-act
          at RatingRulesPage (C:\Users\samhe\OneDrive\Desktop\Cleaned\frontend\
src\settings\RatingRulesPage.tsx:26:47)
          at basenameProp (C:\Users\samhe\OneDrive\Desktop\Cleaned\frontend\nod
e_modules\react-router\lib\components.tsx:421:13)
          at basename (C:\Users\samhe\OneDrive\Desktop\Cleaned\frontend\node_mo
dules\react-router\lib\components.tsx:225:3)

      154 |                                             title="Add schedule"
      155 |                                             
className="text-brand-600 hover:text-brand-800"
    > 156 |                                             onClick={() => 
setShowInlineCreate(true)}
          |                                                            ^
      157 |                                         >
      158 |                                             <FiPlus size={14} />
      159 |                                         </button>

      at printWarning 
(node_modules/react-dom/cjs/react-dom.development.js:86:30)
      at error (node_modules/react-dom/cjs/react-dom.development.js:60:7)
      at warnIfUpdatesNotWrappedWithActDEV 
(node_modules/react-dom/cjs/react-dom.development.js:27628:9)
      at scheduleUpdateOnFiber 
(node_modules/react-dom/cjs/react-dom.development.js:25547:5)
      at dispatchSetState 
(node_modules/react-dom/cjs/react-dom.development.js:16708:7)
      at onClick (src/settings/RatingRulesPage.tsx:156:60)
      at HTMLUnknownElement.callCallback 
(node_modules/react-dom/cjs/react-dom.development.js:4164:14)
      at HTMLUnknownElement.callTheUserObjectsOperation 
(node_modules/jsdom/lib/jsdom/living/generated/EventListener.js:26:30)
      at innerInvokeEventListeners 
(node_modules/jsdom/lib/jsdom/living/events/EventTarget-impl.js:350:25)
      at invokeEventListeners 
(node_modules/jsdom/lib/jsdom/living/events/EventTarget-impl.js:286:3)
      at HTMLUnknownElementImpl._dispatch 
(node_modules/jsdom/lib/jsdom/living/events/EventTarget-impl.js:233:9)
      at HTMLUnknownElementImpl.dispatchEvent 
(node_modules/jsdom/lib/jsdom/living/events/EventTarget-impl.js:104:17)
      at HTMLUnknownElement.dispatchEvent 
(node_modules/jsdom/lib/jsdom/living/generated/EventTarget.js:241:34)
      at Object.invokeGuardedCallbackDev 
(node_modules/react-dom/cjs/react-dom.development.js:4213:16)
      at invokeGuardedCallback 
(node_modules/react-dom/cjs/react-dom.development.js:4277:31)
      at invokeGuardedCallbackAndCatchFirstError 
(node_modules/react-dom/cjs/react-dom.development.js:4291:25)
      at executeDispatch 
(node_modules/react-dom/cjs/react-dom.development.js:9041:3)
      at processDispatchQueueItemsInOrder 
(node_modules/react-dom/cjs/react-dom.development.js:9073:7)
      at processDispatchQueue 
(node_modules/react-dom/cjs/react-dom.development.js:9086:5)
      at dispatchEventsForPlugins 
(node_modules/react-dom/cjs/react-dom.development.js:9097:3)
      at node_modules/react-dom/cjs/react-dom.development.js:9288:12
      at batchedUpdates$1 
(node_modules/react-dom/cjs/react-dom.development.js:26179:12)
      at batchedUpdates 
(node_modules/react-dom/cjs/react-dom.development.js:3991:12)
      at dispatchEventForPluginEventSystem 
(node_modules/react-dom/cjs/react-dom.development.js:9287:3)
      at dispatchEventWithEnableCapturePhaseSelectiveHydrationWithoutDiscreteEv
entReplay (node_modules/react-dom/cjs/react-dom.development.js:6465:5)
      at dispatchEvent 
(node_modules/react-dom/cjs/react-dom.development.js:6457:5)
      at dispatchDiscreteEvent 
(node_modules/react-dom/cjs/react-dom.development.js:6430:5)
      at HTMLDivElement.callTheUserObjectsOperation 
(node_modules/jsdom/lib/jsdom/living/generated/EventListener.js:26:30)
      at innerInvokeEventListeners 
(node_modules/jsdom/lib/jsdom/living/events/EventTarget-impl.js:350:25)
      at invokeEventListeners 
(node_modules/jsdom/lib/jsdom/living/events/EventTarget-impl.js:286:3)
      at HTMLButtonElementImpl._dispatch 
(node_modules/jsdom/lib/jsdom/living/events/EventTarget-impl.js:233:9)
      at HTMLButtonElementImpl.dispatchEvent 
(node_modules/jsdom/lib/jsdom/living/events/EventTarget-impl.js:104:17)
      at HTMLButtonElement.dispatchEvent 
(node_modules/jsdom/lib/jsdom/living/generated/EventTarget.js:241:34)
      at 
node_modules/@testing-library/user-event/dist/cjs/event/dispatchEvent.js:45:43
      at Object.eventWrapper 
(node_modules/@testing-library/dom/dist/config.js:25:23)
      at Object.wrapEvent 
(node_modules/@testing-library/user-event/dist/cjs/event/wrapEvent.js:6:28)
      at Object.dispatchEvent (node_modules/@testing-library/user-event/dist/cj
s/event/dispatchEvent.js:45:22)
      at Object.dispatchUIEvent (node_modules/@testing-library/user-event/dist/
cjs/event/dispatchEvent.js:22:26)
      at Mouse.up (node_modules/@testing-library/user-event/dist/cjs/system/poi
nter/mouse.js:100:30)
      at PointerHost.release (node_modules/@testing-library/user-event/dist/cjs
/system/pointer/index.js:87:24)
      at pointerAction 
(node_modules/@testing-library/user-event/dist/cjs/pointer/index.js:54:47)
      at Object.pointer 
(node_modules/@testing-library/user-event/dist/cjs/pointer/index.js:27:9)
      at Object.<anonymous> 
(src/settings/__tests__/RatingRulesPage.test.tsx:586:5)

    console.error
      Warning: An update to RatingRulesPage inside a test was not wrapped in 
act(...).
      
      When testing, code that causes React state updates should be wrapped 
into act(...):
      
      act(() => {
        /* fire events that update state */
      });
      /* assert on the output */
      
      This ensures that you're testing the behavior the user would see in the 
browser. Learn more at https://reactjs.org/link/wrap-tests-with-act
          at RatingRulesPage (C:\Users\samhe\OneDrive\Desktop\Cleaned\frontend\
src\settings\RatingRulesPage.tsx:26:47)
          at basenameProp (C:\Users\samhe\OneDrive\Desktop\Cleaned\frontend\nod
e_modules\react-router\lib\components.tsx:421:13)
          at basename (C:\Users\samhe\OneDrive\Desktop\Cleaned\frontend\node_mo
dules\react-router\lib\components.tsx:225:3)

      212 |                                             aria-label="Schedule 
Name"
      213 |                                             value={newName}
    > 214 |                                             onChange={e => 
setNewName(e.target.value)}
          |                                                            ^
      215 |                                             placeholder="Schedule 
nameÔÇª"
      216 |                                             className="w-full 
border border-gray-300 rounded px-2 py-0.5 text-sm focus:outline-none 
focus:ring-1 focus:ring-brand-500"
      217 |                                             // 
eslint-disable-next-line jsx-a11y/no-autofocus

      at printWarning 
(node_modules/react-dom/cjs/react-dom.development.js:86:30)
      at error (node_modules/react-dom/cjs/react-dom.development.js:60:7)
      at warnIfUpdatesNotWrappedWithActDEV 
(node_modules/react-dom/cjs/react-dom.development.js:27628:9)
      at scheduleUpdateOnFiber 
(node_modules/react-dom/cjs/react-dom.development.js:25547:5)
      at dispatchSetState 
(node_modules/react-dom/cjs/react-dom.development.js:16708:7)
      at onChange (src/settings/RatingRulesPage.tsx:214:60)
      at HTMLUnknownElement.callCallback 
(node_modules/react-dom/cjs/react-dom.development.js:4164:14)
      at HTMLUnknownElement.callTheUserObjectsOperation 
(node_modules/jsdom/lib/jsdom/living/generated/EventListener.js:26:30)
      at innerInvokeEventListeners 
(node_modules/jsdom/lib/jsdom/living/events/EventTarget-impl.js:350:25)
      at invokeEventListeners 
(node_modules/jsdom/lib/jsdom/living/events/EventTarget-impl.js:286:3)
      at HTMLUnknownElementImpl._dispatch 
(node_modules/jsdom/lib/jsdom/living/events/EventTarget-impl.js:233:9)
      at HTMLUnknownElementImpl.dispatchEvent 
(node_modules/jsdom/lib/jsdom/living/events/EventTarget-impl.js:104:17)
      at HTMLUnknownElement.dispatchEvent 
(node_modules/jsdom/lib/jsdom/living/generated/EventTarget.js:241:34)
      at Object.invokeGuardedCallbackDev 
(node_modules/react-dom/cjs/react-dom.development.js:4213:16)
      at invokeGuardedCallback 
(node_modules/react-dom/cjs/react-dom.development.js:4277:31)
      at invokeGuardedCallbackAndCatchFirstError 
(node_modules/react-dom/cjs/react-dom.development.js:4291:25)
      at executeDispatch 
(node_modules/react-dom/cjs/react-dom.development.js:9041:3)
      at processDispatchQueueItemsInOrder 
(node_modules/react-dom/cjs/react-dom.development.js:9073:7)
      at processDispatchQueue 
(node_modules/react-dom/cjs/react-dom.development.js:9086:5)
      at dispatchEventsForPlugins 
(node_modules/react-dom/cjs/react-dom.development.js:9097:3)
      at node_modules/react-dom/cjs/react-dom.development.js:9288:12
      at batchedUpdates$1 
(node_modules/react-dom/cjs/react-dom.development.js:26179:12)
      at batchedUpdates 
(node_modules/react-dom/cjs/react-dom.development.js:3991:12)
      at dispatchEventForPluginEventSystem 
(node_modules/react-dom/cjs/react-dom.development.js:9287:3)
      at dispatchEventWithEnableCapturePhaseSelectiveHydrationWithoutDiscreteEv
entReplay (node_modules/react-dom/cjs/react-dom.development.js:6465:5)
      at dispatchEvent 
(node_modules/react-dom/cjs/react-dom.development.js:6457:5)
      at dispatchDiscreteEvent 
(node_modules/react-dom/cjs/react-dom.development.js:6430:5)
      at HTMLDivElement.callTheUserObjectsOperation 
(node_modules/jsdom/lib/jsdom/living/generated/EventListener.js:26:30)
      at innerInvokeEventListeners 
(node_modules/jsdom/lib/jsdom/living/events/EventTarget-impl.js:350:25)
      at invokeEventListeners 
(node_modules/jsdom/lib/jsdom/living/events/EventTarget-impl.js:286:3)
      at HTMLInputElementImpl._dispatch 
(node_modules/jsdom/lib/jsdom/living/events/EventTarget-impl.js:233:9)
      at HTMLInputElementImpl.dispatchEvent 
(node_modules/jsdom/lib/jsdom/living/events/EventTarget-impl.js:104:17)
      at HTMLInputElement.dispatchEvent 
(node_modules/jsdom/lib/jsdom/living/generated/EventTarget.js:241:34)
      at 
node_modules/@testing-library/user-event/dist/cjs/event/dispatchEvent.js:45:43
      at Object.eventWrapper 
(node_modules/@testing-library/dom/dist/config.js:25:23)
      at Object.wrapEvent 
(node_modules/@testing-library/user-event/dist/cjs/event/wrapEvent.js:6:28)
      at Object.dispatchEvent (node_modules/@testing-library/user-event/dist/cj
s/event/dispatchEvent.js:45:22)
      at Object.dispatchUIEvent (node_modules/@testing-library/user-event/dist/
cjs/event/dispatchEvent.js:22:26)
      at commitInput 
(node_modules/@testing-library/user-event/dist/cjs/event/input.js:145:14)
      at editInputElement 
(node_modules/@testing-library/user-event/dist/cjs/event/input.js:115:9)
      at Object.input 
(node_modules/@testing-library/user-event/dist/cjs/event/input.js:37:9)
      at node_modules/@testing-library/user-event/dist/cjs/event/behavior/keypr
ess.js:31:26
      at Object.dispatchEvent (node_modules/@testing-library/user-event/dist/cj
s/event/dispatchEvent.js:41:13)
      at Object.dispatchUIEvent (node_modules/@testing-library/user-event/dist/
cjs/event/dispatchEvent.js:22:26)
      at KeyboardHost.keydown 
(node_modules/@testing-library/user-event/dist/cjs/system/keyboard.js:76:22)
      at keyboardAction 
(node_modules/@testing-library/user-event/dist/cjs/keyboard/index.js:22:35)
      at Object.keyboard 
(node_modules/@testing-library/user-event/dist/cjs/keyboard/index.js:11:15)
      at Object.type 
(node_modules/@testing-library/user-event/dist/cjs/utility/type.js:17:5)
      at Object.<anonymous> 
(src/settings/__tests__/RatingRulesPage.test.tsx:587:5)

    console.error
      Warning: An update to RatingRulesPage inside a test was not wrapped in 
act(...).
      
      When testing, code that causes React state updates should be wrapped 
into act(...):
      
      act(() => {
        /* fire events that update state */
      });
      /* assert on the output */
      
      This ensures that you're testing the behavior the user would see in the 
browser. Learn more at https://reactjs.org/link/wrap-tests-with-act
          at RatingRulesPage (C:\Users\samhe\OneDrive\Desktop\Cleaned\frontend\
src\settings\RatingRulesPage.tsx:26:47)
          at basenameProp (C:\Users\samhe\OneDrive\Desktop\Cleaned\frontend\nod
e_modules\react-router\lib\components.tsx:421:13)
          at basename (C:\Users\samhe\OneDrive\Desktop\Cleaned\frontend\node_mo
dules\react-router\lib\components.tsx:225:3)

      212 |                                             aria-label="Schedule 
Name"
      213 |                                             value={newName}
    > 214 |                                             onChange={e => 
setNewName(e.target.value)}
          |                                                            ^
      215 |                                             placeholder="Schedule 
nameÔÇª"
      216 |                                             className="w-full 
border border-gray-300 rounded px-2 py-0.5 text-sm focus:outline-none 
focus:ring-1 focus:ring-brand-500"
      217 |                                             // 
eslint-disable-next-line jsx-a11y/no-autofocus

      at printWarning 
(node_modules/react-dom/cjs/react-dom.development.js:86:30)
      at error (node_modules/react-dom/cjs/react-dom.development.js:60:7)
      at warnIfUpdatesNotWrappedWithActDEV 
(node_modules/react-dom/cjs/react-dom.development.js:27628:9)
      at scheduleUpdateOnFiber 
(node_modules/react-dom/cjs/react-dom.development.js:25547:5)
      at dispatchSetState 
(node_modules/react-dom/cjs/react-dom.development.js:16708:7)
      at onChange (src/settings/RatingRulesPage.tsx:214:60)
      at HTMLUnknownElement.callCallback 
(node_modules/react-dom/cjs/react-dom.development.js:4164:14)
      at HTMLUnknownElement.callTheUserObjectsOperation 
(node_modules/jsdom/lib/jsdom/living/generated/EventListener.js:26:30)
      at innerInvokeEventListeners 
(node_modules/jsdom/lib/jsdom/living/events/EventTarget-impl.js:350:25)
      at invokeEventListeners 
(node_modules/jsdom/lib/jsdom/living/events/EventTarget-impl.js:286:3)
      at HTMLUnknownElementImpl._dispatch 
(node_modules/jsdom/lib/jsdom/living/events/EventTarget-impl.js:233:9)
      at HTMLUnknownElementImpl.dispatchEvent 
(node_modules/jsdom/lib/jsdom/living/events/EventTarget-impl.js:104:17)
      at HTMLUnknownElement.dispatchEvent 
(node_modules/jsdom/lib/jsdom/living/generated/EventTarget.js:241:34)
      at Object.invokeGuardedCallbackDev 
(node_modules/react-dom/cjs/react-dom.development.js:4213:16)
      at invokeGuardedCallback 
(node_modules/react-dom/cjs/react-dom.development.js:4277:31)
      at invokeGuardedCallbackAndCatchFirstError 
(node_modules/react-dom/cjs/react-dom.development.js:4291:25)
      at executeDispatch 
(node_modules/react-dom/cjs/react-dom.development.js:9041:3)
      at processDispatchQueueItemsInOrder 
(node_modules/react-dom/cjs/react-dom.development.js:9073:7)
      at processDispatchQueue 
(node_modules/react-dom/cjs/react-dom.development.js:9086:5)
      at dispatchEventsForPlugins 
(node_modules/react-dom/cjs/react-dom.development.js:9097:3)
      at node_modules/react-dom/cjs/react-dom.development.js:9288:12
      at batchedUpdates$1 
(node_modules/react-dom/cjs/react-dom.development.js:26179:12)
      at batchedUpdates 
(node_modules/react-dom/cjs/react-dom.development.js:3991:12)
      at dispatchEventForPluginEventSystem 
(node_modules/react-dom/cjs/react-dom.development.js:9287:3)
      at dispatchEventWithEnableCapturePhaseSelectiveHydrationWithoutDiscreteEv
entReplay (node_modules/react-dom/cjs/react-dom.development.js:6465:5)
      at dispatchEvent 
(node_modules/react-dom/cjs/react-dom.development.js:6457:5)
      at dispatchDiscreteEvent 
(node_modules/react-dom/cjs/react-dom.development.js:6430:5)
      at HTMLDivElement.callTheUserObjectsOperation 
(node_modules/jsdom/lib/jsdom/living/generated/EventListener.js:26:30)
      at innerInvokeEventListeners 
(node_modules/jsdom/lib/jsdom/living/events/EventTarget-impl.js:350:25)
      at invokeEventListeners 
(node_modules/jsdom/lib/jsdom/living/events/EventTarget-impl.js:286:3)
      at HTMLInputElementImpl._dispatch 
(node_modules/jsdom/lib/jsdom/living/events/EventTarget-impl.js:233:9)
      at HTMLInputElementImpl.dispatchEvent 
(node_modules/jsdom/lib/jsdom/living/events/EventTarget-impl.js:104:17)
      at HTMLInputElement.dispatchEvent 
(node_modules/jsdom/lib/jsdom/living/generated/EventTarget.js:241:34)
      at 
node_modules/@testing-library/user-event/dist/cjs/event/dispatchEvent.js:45:43
      at Object.eventWrapper 
(node_modules/@testing-library/dom/dist/config.js:25:23)
      at Object.wrapEvent 
(node_modules/@testing-library/user-event/dist/cjs/event/wrapEvent.js:6:28)
      at Object.dispatchEvent (node_modules/@testing-library/user-event/dist/cj
s/event/dispatchEvent.js:45:22)
      at Object.dispatchUIEvent (node_modules/@testing-library/user-event/dist/
cjs/event/dispatchEvent.js:22:26)
      at commitInput 
(node_modules/@testing-library/user-event/dist/cjs/event/input.js:145:14)
      at editInputElement 
(node_modules/@testing-library/user-event/dist/cjs/event/input.js:115:9)
      at Object.input 
(node_modules/@testing-library/user-event/dist/cjs/event/input.js:37:9)
      at node_modules/@testing-library/user-event/dist/cjs/event/behavior/keypr
ess.js:31:26
      at Object.dispatchEvent (node_modules/@testing-library/user-event/dist/cj
s/event/dispatchEvent.js:41:13)
      at Object.dispatchUIEvent (node_modules/@testing-library/user-event/dist/
cjs/event/dispatchEvent.js:22:26)
      at KeyboardHost.keydown 
(node_modules/@testing-library/user-event/dist/cjs/system/keyboard.js:76:22)
      at keyboardAction 
(node_modules/@testing-library/user-event/dist/cjs/keyboard/index.js:22:35)
      at Object.keyboard 
(node_modules/@testing-library/user-event/dist/cjs/keyboard/index.js:11:15)
      at Object.type 
(node_modules/@testing-library/user-event/dist/cjs/utility/type.js:17:5)
      at Object.<anonymous> 
(src/settings/__tests__/RatingRulesPage.test.tsx:587:5)

    console.error
      Warning: An update to RatingRulesPage inside a test was not wrapped in 
act(...).
      
      When testing, code that causes React state updates should be wrapped 
into act(...):
      
      act(() => {
        /* fire events that update state */
      });
      /* assert on the output */
      
      This ensures that you're testing the behavior the user would see in the 
browser. Learn more at https://reactjs.org/link/wrap-tests-with-act
          at RatingRulesPage (C:\Users\samhe\OneDrive\Desktop\Cleaned\frontend\
src\settings\RatingRulesPage.tsx:26:47)
          at basenameProp (C:\Users\samhe\OneDrive\Desktop\Cleaned\frontend\nod
e_modules\react-router\lib\components.tsx:421:13)
          at basename (C:\Users\samhe\OneDrive\Desktop\Cleaned\frontend\node_mo
dules\react-router\lib\components.tsx:225:3)

      212 |                                             aria-label="Schedule 
Name"
      213 |                                             value={newName}
    > 214 |                                             onChange={e => 
setNewName(e.target.value)}
          |                                                            ^
      215 |                                             placeholder="Schedule 
nameÔÇª"
      216 |                                             className="w-full 
border border-gray-300 rounded px-2 py-0.5 text-sm focus:outline-none 
focus:ring-1 focus:ring-brand-500"
      217 |                                             // 
eslint-disable-next-line jsx-a11y/no-autofocus

      at printWarning 
(node_modules/react-dom/cjs/react-dom.development.js:86:30)
      at error (node_modules/react-dom/cjs/react-dom.development.js:60:7)
      at warnIfUpdatesNotWrappedWithActDEV 
(node_modules/react-dom/cjs/react-dom.development.js:27628:9)
      at scheduleUpdateOnFiber 
(node_modules/react-dom/cjs/react-dom.development.js:25547:5)
      at dispatchSetState 
(node_modules/react-dom/cjs/react-dom.development.js:16708:7)
      at onChange (src/settings/RatingRulesPage.tsx:214:60)
      at HTMLUnknownElement.callCallback 
(node_modules/react-dom/cjs/react-dom.development.js:4164:14)
      at HTMLUnknownElement.callTheUserObjectsOperation 
(node_modules/jsdom/lib/jsdom/living/generated/EventListener.js:26:30)
      at innerInvokeEventListeners 
(node_modules/jsdom/lib/jsdom/living/events/EventTarget-impl.js:350:25)
      at invokeEventListeners 
(node_modules/jsdom/lib/jsdom/living/events/EventTarget-impl.js:286:3)
      at HTMLUnknownElementImpl._dispatch 
(node_modules/jsdom/lib/jsdom/living/events/EventTarget-impl.js:233:9)
      at HTMLUnknownElementImpl.dispatchEvent 
(node_modules/jsdom/lib/jsdom/living/events/EventTarget-impl.js:104:17)
      at HTMLUnknownElement.dispatchEvent 
(node_modules/jsdom/lib/jsdom/living/generated/EventTarget.js:241:34)
      at Object.invokeGuardedCallbackDev 
(node_modules/react-dom/cjs/react-dom.development.js:4213:16)
      at invokeGuardedCallback 
(node_modules/react-dom/cjs/react-dom.development.js:4277:31)
      at invokeGuardedCallbackAndCatchFirstError 
(node_modules/react-dom/cjs/react-dom.development.js:4291:25)
      at executeDispatch 
(node_modules/react-dom/cjs/react-dom.development.js:9041:3)
      at processDispatchQueueItemsInOrder 
(node_modules/react-dom/cjs/react-dom.development.js:9073:7)
      at processDispatchQueue 
(node_modules/react-dom/cjs/react-dom.development.js:9086:5)
      at dispatchEventsForPlugins 
(node_modules/react-dom/cjs/react-dom.development.js:9097:3)
      at node_modules/react-dom/cjs/react-dom.development.js:9288:12
      at batchedUpdates$1 
(node_modules/react-dom/cjs/react-dom.development.js:26179:12)
      at batchedUpdates 
(node_modules/react-dom/cjs/react-dom.development.js:3991:12)
      at dispatchEventForPluginEventSystem 
(node_modules/react-dom/cjs/react-dom.development.js:9287:3)
      at dispatchEventWithEnableCapturePhaseSelectiveHydrationWithoutDiscreteEv
entReplay (node_modules/react-dom/cjs/react-dom.development.js:6465:5)
      at dispatchEvent 
(node_modules/react-dom/cjs/react-dom.development.js:6457:5)
      at dispatchDiscreteEvent 
(node_modules/react-dom/cjs/react-dom.development.js:6430:5)
      at HTMLDivElement.callTheUserObjectsOperation 
(node_modules/jsdom/lib/jsdom/living/generated/EventListener.js:26:30)
      at innerInvokeEventListeners 
(node_modules/jsdom/lib/jsdom/living/events/EventTarget-impl.js:350:25)
      at invokeEventListeners 
(node_modules/jsdom/lib/jsdom/living/events/EventTarget-impl.js:286:3)
      at HTMLInputElementImpl._dispatch 
(node_modules/jsdom/lib/jsdom/living/events/EventTarget-impl.js:233:9)
      at HTMLInputElementImpl.dispatchEvent 
(node_modules/jsdom/lib/jsdom/living/events/EventTarget-impl.js:104:17)
      at HTMLInputElement.dispatchEvent 
(node_modules/jsdom/lib/jsdom/living/generated/EventTarget.js:241:34)
      at 
node_modules/@testing-library/user-event/dist/cjs/event/dispatchEvent.js:45:43
      at Object.eventWrapper 
(node_modules/@testing-library/dom/dist/config.js:25:23)
      at Object.wrapEvent 
(node_modules/@testing-library/user-event/dist/cjs/event/wrapEvent.js:6:28)
      at Object.dispatchEvent (node_modules/@testing-library/user-event/dist/cj
s/event/dispatchEvent.js:45:22)
      at Object.dispatchUIEvent (node_modules/@testing-library/user-event/dist/
cjs/event/dispatchEvent.js:22:26)
      at commitInput 
(node_modules/@testing-library/user-event/dist/cjs/event/input.js:145:14)
      at editInputElement 
(node_modules/@testing-library/user-event/dist/cjs/event/input.js:115:9)
      at Object.input 
(node_modules/@testing-library/user-event/dist/cjs/event/input.js:37:9)
      at node_modules/@testing-library/user-event/dist/cjs/event/behavior/keypr
ess.js:31:26
      at Object.dispatchEvent (node_modules/@testing-library/user-event/dist/cj
s/event/dispatchEvent.js:41:13)
      at Object.dispatchUIEvent (node_modules/@testing-library/user-event/dist/
cjs/event/dispatchEvent.js:22:26)
      at KeyboardHost.keydown 
(node_modules/@testing-library/user-event/dist/cjs/system/keyboard.js:76:22)
      at keyboardAction 
(node_modules/@testing-library/user-event/dist/cjs/keyboard/index.js:22:35)
      at Object.keyboard 
(node_modules/@testing-library/user-event/dist/cjs/keyboard/index.js:11:15)
      at Object.type 
(node_modules/@testing-library/user-event/dist/cjs/utility/type.js:17:5)
      at Object.<anonymous> 
(src/settings/__tests__/RatingRulesPage.test.tsx:587:5)

    console.error
      Warning: An update to RatingRulesPage inside a test was not wrapped in 
act(...).
      
      When testing, code that causes React state updates should be wrapped 
into act(...):
      
      act(() => {
        /* fire events that update state */
      });
      /* assert on the output */
      
      This ensures that you're testing the behavior the user would see in the 
browser. Learn more at https://reactjs.org/link/wrap-tests-with-act
          at RatingRulesPage (C:\Users\samhe\OneDrive\Desktop\Cleaned\frontend\
src\settings\RatingRulesPage.tsx:26:47)
          at basenameProp (C:\Users\samhe\OneDrive\Desktop\Cleaned\frontend\nod
e_modules\react-router\lib\components.tsx:421:13)
          at basename (C:\Users\samhe\OneDrive\Desktop\Cleaned\frontend\node_mo
dules\react-router\lib\components.tsx:225:3)

      212 |                                             aria-label="Schedule 
Name"
      213 |                                             value={newName}
    > 214 |                                             onChange={e => 
setNewName(e.target.value)}
          |                                                            ^
      215 |                                             placeholder="Schedule 
nameÔÇª"
      216 |                                             className="w-full 
border border-gray-300 rounded px-2 py-0.5 text-sm focus:outline-none 
focus:ring-1 focus:ring-brand-500"
      217 |                                             // 
eslint-disable-next-line jsx-a11y/no-autofocus

      at printWarning 
(node_modules/react-dom/cjs/react-dom.development.js:86:30)
      at error (node_modules/react-dom/cjs/react-dom.development.js:60:7)
      at warnIfUpdatesNotWrappedWithActDEV 
(node_modules/react-dom/cjs/react-dom.development.js:27628:9)
      at scheduleUpdateOnFiber 
(node_modules/react-dom/cjs/react-dom.development.js:25547:5)
      at dispatchSetState 
(node_modules/react-dom/cjs/react-dom.development.js:16708:7)
      at onChange (src/settings/RatingRulesPage.tsx:214:60)
      at HTMLUnknownElement.callCallback 
(node_modules/react-dom/cjs/react-dom.development.js:4164:14)
      at HTMLUnknownElement.callTheUserObjectsOperation 
(node_modules/jsdom/lib/jsdom/living/generated/EventListener.js:26:30)
      at innerInvokeEventListeners 
(node_modules/jsdom/lib/jsdom/living/events/EventTarget-impl.js:350:25)
      at invokeEventListeners 
(node_modules/jsdom/lib/jsdom/living/events/EventTarget-impl.js:286:3)
      at HTMLUnknownElementImpl._dispatch 
(node_modules/jsdom/lib/jsdom/living/events/EventTarget-impl.js:233:9)
      at HTMLUnknownElementImpl.dispatchEvent 
(node_modules/jsdom/lib/jsdom/living/events/EventTarget-impl.js:104:17)
      at HTMLUnknownElement.dispatchEvent 
(node_modules/jsdom/lib/jsdom/living/generated/EventTarget.js:241:34)
      at Object.invokeGuardedCallbackDev 
(node_modules/react-dom/cjs/react-dom.development.js:4213:16)
      at invokeGuardedCallback 
(node_modules/react-dom/cjs/react-dom.development.js:4277:31)
      at invokeGuardedCallbackAndCatchFirstError 
(node_modules/react-dom/cjs/react-dom.development.js:4291:25)
      at executeDispatch 
(node_modules/react-dom/cjs/react-dom.development.js:9041:3)
      at processDispatchQueueItemsInOrder 
(node_modules/react-dom/cjs/react-dom.development.js:9073:7)
      at processDispatchQueue 
(node_modules/react-dom/cjs/react-dom.development.js:9086:5)
      at dispatchEventsForPlugins 
(node_modules/react-dom/cjs/react-dom.development.js:9097:3)
      at node_modules/react-dom/cjs/react-dom.development.js:9288:12
      at batchedUpdates$1 
(node_modules/react-dom/cjs/react-dom.development.js:26179:12)
      at batchedUpdates 
(node_modules/react-dom/cjs/react-dom.development.js:3991:12)
      at dispatchEventForPluginEventSystem 
(node_modules/react-dom/cjs/react-dom.development.js:9287:3)
      at dispatchEventWithEnableCapturePhaseSelectiveHydrationWithoutDiscreteEv
entReplay (node_modules/react-dom/cjs/react-dom.development.js:6465:5)
      at dispatchEvent 
(node_modules/react-dom/cjs/react-dom.development.js:6457:5)
      at dispatchDiscreteEvent 
(node_modules/react-dom/cjs/react-dom.development.js:6430:5)
      at HTMLDivElement.callTheUserObjectsOperation 
(node_modules/jsdom/lib/jsdom/living/generated/EventListener.js:26:30)
      at innerInvokeEventListeners 
(node_modules/jsdom/lib/jsdom/living/events/EventTarget-impl.js:350:25)
      at invokeEventListeners 
(node_modules/jsdom/lib/jsdom/living/events/EventTarget-impl.js:286:3)
      at HTMLInputElementImpl._dispatch 
(node_modules/jsdom/lib/jsdom/living/events/EventTarget-impl.js:233:9)
      at HTMLInputElementImpl.dispatchEvent 
(node_modules/jsdom/lib/jsdom/living/events/EventTarget-impl.js:104:17)
      at HTMLInputElement.dispatchEvent 
(node_modules/jsdom/lib/jsdom/living/generated/EventTarget.js:241:34)
      at 
node_modules/@testing-library/user-event/dist/cjs/event/dispatchEvent.js:45:43
      at Object.eventWrapper 
(node_modules/@testing-library/dom/dist/config.js:25:23)
      at Object.wrapEvent 
(node_modules/@testing-library/user-event/dist/cjs/event/wrapEvent.js:6:28)
      at Object.dispatchEvent (node_modules/@testing-library/user-event/dist/cj
s/event/dispatchEvent.js:45:22)
      at Object.dispatchUIEvent (node_modules/@testing-library/user-event/dist/
cjs/event/dispatchEvent.js:22:26)
      at commitInput 
(node_modules/@testing-library/user-event/dist/cjs/event/input.js:145:14)
      at editInputElement 
(node_modules/@testing-library/user-event/dist/cjs/event/input.js:115:9)
      at Object.input 
(node_modules/@testing-library/user-event/dist/cjs/event/input.js:37:9)
      at node_modules/@testing-library/user-event/dist/cjs/event/behavior/keypr
ess.js:31:26
      at Object.dispatchEvent (node_modules/@testing-library/user-event/dist/cj
s/event/dispatchEvent.js:41:13)
      at Object.dispatchUIEvent (node_modules/@testing-library/user-event/dist/
cjs/event/dispatchEvent.js:22:26)
      at KeyboardHost.keydown 
(node_modules/@testing-library/user-event/dist/cjs/system/keyboard.js:76:22)
      at keyboardAction 
(node_modules/@testing-library/user-event/dist/cjs/keyboard/index.js:22:35)
      at Object.keyboard 
(node_modules/@testing-library/user-event/dist/cjs/keyboard/index.js:11:15)
      at Object.type 
(node_modules/@testing-library/user-event/dist/cjs/utility/type.js:17:5)
      at Object.<anonymous> 
(src/settings/__tests__/RatingRulesPage.test.tsx:587:5)

    console.error
      Warning: An update to RatingRulesPage inside a test was not wrapped in 
act(...).
      
      When testing, code that causes React state updates should be wrapped 
into act(...):
      
      act(() => {
        /* fire events that update state */
      });
      /* assert on the output */
      
      This ensures that you're testing the behavior the user would see in the 
browser. Learn more at https://reactjs.org/link/wrap-tests-with-act
          at RatingRulesPage (C:\Users\samhe\OneDrive\Desktop\Cleaned\frontend\
src\settings\RatingRulesPage.tsx:26:47)
          at basenameProp (C:\Users\samhe\OneDrive\Desktop\Cleaned\frontend\nod
e_modules\react-router\lib\components.tsx:421:13)
          at basename (C:\Users\samhe\OneDrive\Desktop\Cleaned\frontend\node_mo
dules\react-router\lib\components.tsx:225:3)

      212 |                                             aria-label="Schedule 
Name"
      213 |                                             value={newName}
    > 214 |                                             onChange={e => 
setNewName(e.target.value)}
          |                                                            ^
      215 |                                             placeholder="Schedule 
nameÔÇª"
      216 |                                             className="w-full 
border border-gray-300 rounded px-2 py-0.5 text-sm focus:outline-none 
focus:ring-1 focus:ring-brand-500"
      217 |                                             // 
eslint-disable-next-line jsx-a11y/no-autofocus

      at printWarning 
(node_modules/react-dom/cjs/react-dom.development.js:86:30)
      at error (node_modules/react-dom/cjs/react-dom.development.js:60:7)
      at warnIfUpdatesNotWrappedWithActDEV 
(node_modules/react-dom/cjs/react-dom.development.js:27628:9)
      at scheduleUpdateOnFiber 
(node_modules/react-dom/cjs/react-dom.development.js:25547:5)
      at dispatchSetState 
(node_modules/react-dom/cjs/react-dom.development.js:16708:7)
      at onChange (src/settings/RatingRulesPage.tsx:214:60)
      at HTMLUnknownElement.callCallback 
(node_modules/react-dom/cjs/react-dom.development.js:4164:14)
      at HTMLUnknownElement.callTheUserObjectsOperation 
(node_modules/jsdom/lib/jsdom/living/generated/EventListener.js:26:30)
      at innerInvokeEventListeners 
(node_modules/jsdom/lib/jsdom/living/events/EventTarget-impl.js:350:25)
      at invokeEventListeners 
(node_modules/jsdom/lib/jsdom/living/events/EventTarget-impl.js:286:3)
      at HTMLUnknownElementImpl._dispatch 
(node_modules/jsdom/lib/jsdom/living/events/EventTarget-impl.js:233:9)
      at HTMLUnknownElementImpl.dispatchEvent 
(node_modules/jsdom/lib/jsdom/living/events/EventTarget-impl.js:104:17)
      at HTMLUnknownElement.dispatchEvent 
(node_modules/jsdom/lib/jsdom/living/generated/EventTarget.js:241:34)
      at Object.invokeGuardedCallbackDev 
(node_modules/react-dom/cjs/react-dom.development.js:4213:16)
      at invokeGuardedCallback 
(node_modules/react-dom/cjs/react-dom.development.js:4277:31)
      at invokeGuardedCallbackAndCatchFirstError 
(node_modules/react-dom/cjs/react-dom.development.js:4291:25)
      at executeDispatch 
(node_modules/react-dom/cjs/react-dom.development.js:9041:3)
      at processDispatchQueueItemsInOrder 
(node_modules/react-dom/cjs/react-dom.development.js:9073:7)
      at processDispatchQueue 
(node_modules/react-dom/cjs/react-dom.development.js:9086:5)
      at dispatchEventsForPlugins 
(node_modules/react-dom/cjs/react-dom.development.js:9097:3)
      at node_modules/react-dom/cjs/react-dom.development.js:9288:12
      at batchedUpdates$1 
(node_modules/react-dom/cjs/react-dom.development.js:26179:12)
      at batchedUpdates 
(node_modules/react-dom/cjs/react-dom.development.js:3991:12)
      at dispatchEventForPluginEventSystem 
(node_modules/react-dom/cjs/react-dom.development.js:9287:3)
      at dispatchEventWithEnableCapturePhaseSelectiveHydrationWithoutDiscreteEv
entReplay (node_modules/react-dom/cjs/react-dom.development.js:6465:5)
      at dispatchEvent 
(node_modules/react-dom/cjs/react-dom.development.js:6457:5)
      at dispatchDiscreteEvent 
(node_modules/react-dom/cjs/react-dom.development.js:6430:5)
      at HTMLDivElement.callTheUserObjectsOperation 
(node_modules/jsdom/lib/jsdom/living/generated/EventListener.js:26:30)
      at innerInvokeEventListeners 
(node_modules/jsdom/lib/jsdom/living/events/EventTarget-impl.js:350:25)
      at invokeEventListeners 
(node_modules/jsdom/lib/jsdom/living/events/EventTarget-impl.js:286:3)
      at HTMLInputElementImpl._dispatch 
(node_modules/jsdom/lib/jsdom/living/events/EventTarget-impl.js:233:9)
      at HTMLInputElementImpl.dispatchEvent 
(node_modules/jsdom/lib/jsdom/living/events/EventTarget-impl.js:104:17)
      at HTMLInputElement.dispatchEvent 
(node_modules/jsdom/lib/jsdom/living/generated/EventTarget.js:241:34)
      at 
node_modules/@testing-library/user-event/dist/cjs/event/dispatchEvent.js:45:43
      at Object.eventWrapper 
(node_modules/@testing-library/dom/dist/config.js:25:23)
      at Object.wrapEvent 
(node_modules/@testing-library/user-event/dist/cjs/event/wrapEvent.js:6:28)
      at Object.dispatchEvent (node_modules/@testing-library/user-event/dist/cj
s/event/dispatchEvent.js:45:22)
      at Object.dispatchUIEvent (node_modules/@testing-library/user-event/dist/
cjs/event/dispatchEvent.js:22:26)
      at commitInput 
(node_modules/@testing-library/user-event/dist/cjs/event/input.js:145:14)
      at editInputElement 
(node_modules/@testing-library/user-event/dist/cjs/event/input.js:115:9)
      at Object.input 
(node_modules/@testing-library/user-event/dist/cjs/event/input.js:37:9)
      at node_modules/@testing-library/user-event/dist/cjs/event/behavior/keypr
ess.js:31:26
      at Object.dispatchEvent (node_modules/@testing-library/user-event/dist/cj
s/event/dispatchEvent.js:41:13)
      at Object.dispatchUIEvent (node_modules/@testing-library/user-event/dist/
cjs/event/dispatchEvent.js:22:26)
      at KeyboardHost.keydown 
(node_modules/@testing-library/user-event/dist/cjs/system/keyboard.js:76:22)
      at keyboardAction 
(node_modules/@testing-library/user-event/dist/cjs/keyboard/index.js:22:35)
      at Object.keyboard 
(node_modules/@testing-library/user-event/dist/cjs/keyboard/index.js:11:15)
      at Object.type 
(node_modules/@testing-library/user-event/dist/cjs/utility/type.js:17:5)
      at Object.<anonymous> 
(src/settings/__tests__/RatingRulesPage.test.tsx:587:5)

    console.error
      Warning: An update to RatingRulesPage inside a test was not wrapped in 
act(...).
      
      When testing, code that causes React state updates should be wrapped 
into act(...):
      
      act(() => {
        /* fire events that update state */
      });
      /* assert on the output */
      
      This ensures that you're testing the behavior the user would see in the 
browser. Learn more at https://reactjs.org/link/wrap-tests-with-act
          at RatingRulesPage (C:\Users\samhe\OneDrive\Desktop\Cleaned\frontend\
src\settings\RatingRulesPage.tsx:26:47)
          at basenameProp (C:\Users\samhe\OneDrive\Desktop\Cleaned\frontend\nod
e_modules\react-router\lib\components.tsx:421:13)
          at basename (C:\Users\samhe\OneDrive\Desktop\Cleaned\frontend\node_mo
dules\react-router\lib\components.tsx:225:3)

      212 |                                             aria-label="Schedule 
Name"
      213 |                                             value={newName}
    > 214 |                                             onChange={e => 
setNewName(e.target.value)}
          |                                                            ^
      215 |                                             placeholder="Schedule 
nameÔÇª"
      216 |                                             className="w-full 
border border-gray-300 rounded px-2 py-0.5 text-sm focus:outline-none 
focus:ring-1 focus:ring-brand-500"
      217 |                                             // 
eslint-disable-next-line jsx-a11y/no-autofocus

      at printWarning 
(node_modules/react-dom/cjs/react-dom.development.js:86:30)
      at error (node_modules/react-dom/cjs/react-dom.development.js:60:7)
      at warnIfUpdatesNotWrappedWithActDEV 
(node_modules/react-dom/cjs/react-dom.development.js:27628:9)
      at scheduleUpdateOnFiber 
(node_modules/react-dom/cjs/react-dom.development.js:25547:5)
      at dispatchSetState 
(node_modules/react-dom/cjs/react-dom.development.js:16708:7)
      at onChange (src/settings/RatingRulesPage.tsx:214:60)
      at HTMLUnknownElement.callCallback 
(node_modules/react-dom/cjs/react-dom.development.js:4164:14)
      at HTMLUnknownElement.callTheUserObjectsOperation 
(node_modules/jsdom/lib/jsdom/living/generated/EventListener.js:26:30)
      at innerInvokeEventListeners 
(node_modules/jsdom/lib/jsdom/living/events/EventTarget-impl.js:350:25)
      at invokeEventListeners 
(node_modules/jsdom/lib/jsdom/living/events/EventTarget-impl.js:286:3)
      at HTMLUnknownElementImpl._dispatch 
(node_modules/jsdom/lib/jsdom/living/events/EventTarget-impl.js:233:9)
      at HTMLUnknownElementImpl.dispatchEvent 
(node_modules/jsdom/lib/jsdom/living/events/EventTarget-impl.js:104:17)
      at HTMLUnknownElement.dispatchEvent 
(node_modules/jsdom/lib/jsdom/living/generated/EventTarget.js:241:34)
      at Object.invokeGuardedCallbackDev 
(node_modules/react-dom/cjs/react-dom.development.js:4213:16)
      at invokeGuardedCallback 
(node_modules/react-dom/cjs/react-dom.development.js:4277:31)
      at invokeGuardedCallbackAndCatchFirstError 
(node_modules/react-dom/cjs/react-dom.development.js:4291:25)
      at executeDispatch 
(node_modules/react-dom/cjs/react-dom.development.js:9041:3)
      at processDispatchQueueItemsInOrder 
(node_modules/react-dom/cjs/react-dom.development.js:9073:7)
      at processDispatchQueue 
(node_modules/react-dom/cjs/react-dom.development.js:9086:5)
      at dispatchEventsForPlugins 
(node_modules/react-dom/cjs/react-dom.development.js:9097:3)
      at node_modules/react-dom/cjs/react-dom.development.js:9288:12
      at batchedUpdates$1 
(node_modules/react-dom/cjs/react-dom.development.js:26179:12)
      at batchedUpdates 
(node_modules/react-dom/cjs/react-dom.development.js:3991:12)
      at dispatchEventForPluginEventSystem 
(node_modules/react-dom/cjs/react-dom.development.js:9287:3)
      at dispatchEventWithEnableCapturePhaseSelectiveHydrationWithoutDiscreteEv
entReplay (node_modules/react-dom/cjs/react-dom.development.js:6465:5)
      at dispatchEvent 
(node_modules/react-dom/cjs/react-dom.development.js:6457:5)
      at dispatchDiscreteEvent 
(node_modules/react-dom/cjs/react-dom.development.js:6430:5)
      at HTMLDivElement.callTheUserObjectsOperation 
(node_modules/jsdom/lib/jsdom/living/generated/EventListener.js:26:30)
      at innerInvokeEventListeners 
(node_modules/jsdom/lib/jsdom/living/events/EventTarget-impl.js:350:25)
      at invokeEventListeners 
(node_modules/jsdom/lib/jsdom/living/events/EventTarget-impl.js:286:3)
      at HTMLInputElementImpl._dispatch 
(node_modules/jsdom/lib/jsdom/living/events/EventTarget-impl.js:233:9)
      at HTMLInputElementImpl.dispatchEvent 
(node_modules/jsdom/lib/jsdom/living/events/EventTarget-impl.js:104:17)
      at HTMLInputElement.dispatchEvent 
(node_modules/jsdom/lib/jsdom/living/generated/EventTarget.js:241:34)
      at 
node_modules/@testing-library/user-event/dist/cjs/event/dispatchEvent.js:45:43
      at Object.eventWrapper 
(node_modules/@testing-library/dom/dist/config.js:25:23)
      at Object.wrapEvent 
(node_modules/@testing-library/user-event/dist/cjs/event/wrapEvent.js:6:28)
      at Object.dispatchEvent (node_modules/@testing-library/user-event/dist/cj
s/event/dispatchEvent.js:45:22)
      at Object.dispatchUIEvent (node_modules/@testing-library/user-event/dist/
cjs/event/dispatchEvent.js:22:26)
      at commitInput 
(node_modules/@testing-library/user-event/dist/cjs/event/input.js:145:14)
      at editInputElement 
(node_modules/@testing-library/user-event/dist/cjs/event/input.js:115:9)
      at Object.input 
(node_modules/@testing-library/user-event/dist/cjs/event/input.js:37:9)
      at node_modules/@testing-library/user-event/dist/cjs/event/behavior/keypr
ess.js:31:26
      at Object.dispatchEvent (node_modules/@testing-library/user-event/dist/cj
s/event/dispatchEvent.js:41:13)
      at Object.dispatchUIEvent (node_modules/@testing-library/user-event/dist/
cjs/event/dispatchEvent.js:22:26)
      at KeyboardHost.keydown 
(node_modules/@testing-library/user-event/dist/cjs/system/keyboard.js:76:22)
      at keyboardAction 
(node_modules/@testing-library/user-event/dist/cjs/keyboard/index.js:22:35)
      at Object.keyboard 
(node_modules/@testing-library/user-event/dist/cjs/keyboard/index.js:11:15)
      at Object.type 
(node_modules/@testing-library/user-event/dist/cjs/utility/type.js:17:5)
      at Object.<anonymous> 
(src/settings/__tests__/RatingRulesPage.test.tsx:587:5)

    console.error
      Warning: An update to RatingRulesPage inside a test was not wrapped in 
act(...).
      
      When testing, code that causes React state updates should be wrapped 
into act(...):
      
      act(() => {
        /* fire events that update state */
      });
      /* assert on the output */
      
      This ensures that you're testing the behavior the user would see in the 
browser. Learn more at https://reactjs.org/link/wrap-tests-with-act
          at RatingRulesPage (C:\Users\samhe\OneDrive\Desktop\Cleaned\frontend\
src\settings\RatingRulesPage.tsx:26:47)
          at basenameProp (C:\Users\samhe\OneDrive\Desktop\Cleaned\frontend\nod
e_modules\react-router\lib\components.tsx:421:13)
          at basename (C:\Users\samhe\OneDrive\Desktop\Cleaned\frontend\node_mo
dules\react-router\lib\components.tsx:225:3)

      212 |                                             aria-label="Schedule 
Name"
      213 |                                             value={newName}
    > 214 |                                             onChange={e => 
setNewName(e.target.value)}
          |                                                            ^
      215 |                                             placeholder="Schedule 
nameÔÇª"
      216 |                                             className="w-full 
border border-gray-300 rounded px-2 py-0.5 text-sm focus:outline-none 
focus:ring-1 focus:ring-brand-500"
      217 |                                             // 
eslint-disable-next-line jsx-a11y/no-autofocus

      at printWarning 
(node_modules/react-dom/cjs/react-dom.development.js:86:30)
      at error (node_modules/react-dom/cjs/react-dom.development.js:60:7)
      at warnIfUpdatesNotWrappedWithActDEV 
(node_modules/react-dom/cjs/react-dom.development.js:27628:9)
      at scheduleUpdateOnFiber 
(node_modules/react-dom/cjs/react-dom.development.js:25547:5)
      at dispatchSetState 
(node_modules/react-dom/cjs/react-dom.development.js:16708:7)
      at onChange (src/settings/RatingRulesPage.tsx:214:60)
      at HTMLUnknownElement.callCallback 
(node_modules/react-dom/cjs/react-dom.development.js:4164:14)
      at HTMLUnknownElement.callTheUserObjectsOperation 
(node_modules/jsdom/lib/jsdom/living/generated/EventListener.js:26:30)
      at innerInvokeEventListeners 
(node_modules/jsdom/lib/jsdom/living/events/EventTarget-impl.js:350:25)
      at invokeEventListeners 
(node_modules/jsdom/lib/jsdom/living/events/EventTarget-impl.js:286:3)
      at HTMLUnknownElementImpl._dispatch 
(node_modules/jsdom/lib/jsdom/living/events/EventTarget-impl.js:233:9)
      at HTMLUnknownElementImpl.dispatchEvent 
(node_modules/jsdom/lib/jsdom/living/events/EventTarget-impl.js:104:17)
      at HTMLUnknownElement.dispatchEvent 
(node_modules/jsdom/lib/jsdom/living/generated/EventTarget.js:241:34)
      at Object.invokeGuardedCallbackDev 
(node_modules/react-dom/cjs/react-dom.development.js:4213:16)
      at invokeGuardedCallback 
(node_modules/react-dom/cjs/react-dom.development.js:4277:31)
      at invokeGuardedCallbackAndCatchFirstError 
(node_modules/react-dom/cjs/react-dom.development.js:4291:25)
      at executeDispatch 
(node_modules/react-dom/cjs/react-dom.development.js:9041:3)
      at processDispatchQueueItemsInOrder 
(node_modules/react-dom/cjs/react-dom.development.js:9073:7)
      at processDispatchQueue 
(node_modules/react-dom/cjs/react-dom.development.js:9086:5)
      at dispatchEventsForPlugins 
(node_modules/react-dom/cjs/react-dom.development.js:9097:3)
      at node_modules/react-dom/cjs/react-dom.development.js:9288:12
      at batchedUpdates$1 
(node_modules/react-dom/cjs/react-dom.development.js:26179:12)
      at batchedUpdates 
(node_modules/react-dom/cjs/react-dom.development.js:3991:12)
      at dispatchEventForPluginEventSystem 
(node_modules/react-dom/cjs/react-dom.development.js:9287:3)
      at dispatchEventWithEnableCapturePhaseSelectiveHydrationWithoutDiscreteEv
entReplay (node_modules/react-dom/cjs/react-dom.development.js:6465:5)
      at dispatchEvent 
(node_modules/react-dom/cjs/react-dom.development.js:6457:5)
      at dispatchDiscreteEvent 
(node_modules/react-dom/cjs/react-dom.development.js:6430:5)
      at HTMLDivElement.callTheUserObjectsOperation 
(node_modules/jsdom/lib/jsdom/living/generated/EventListener.js:26:30)
      at innerInvokeEventListeners 
(node_modules/jsdom/lib/jsdom/living/events/EventTarget-impl.js:350:25)
      at invokeEventListeners 
(node_modules/jsdom/lib/jsdom/living/events/EventTarget-impl.js:286:3)
      at HTMLInputElementImpl._dispatch 
(node_modules/jsdom/lib/jsdom/living/events/EventTarget-impl.js:233:9)
      at HTMLInputElementImpl.dispatchEvent 
(node_modules/jsdom/lib/jsdom/living/events/EventTarget-impl.js:104:17)
      at HTMLInputElement.dispatchEvent 
(node_modules/jsdom/lib/jsdom/living/generated/EventTarget.js:241:34)
      at 
node_modules/@testing-library/user-event/dist/cjs/event/dispatchEvent.js:45:43
      at Object.eventWrapper 
(node_modules/@testing-library/dom/dist/config.js:25:23)
      at Object.wrapEvent 
(node_modules/@testing-library/user-event/dist/cjs/event/wrapEvent.js:6:28)
      at Object.dispatchEvent (node_modules/@testing-library/user-event/dist/cj
s/event/dispatchEvent.js:45:22)
      at Object.dispatchUIEvent (node_modules/@testing-library/user-event/dist/
cjs/event/dispatchEvent.js:22:26)
      at commitInput 
(node_modules/@testing-library/user-event/dist/cjs/event/input.js:145:14)
      at editInputElement 
(node_modules/@testing-library/user-event/dist/cjs/event/input.js:115:9)
      at Object.input 
(node_modules/@testing-library/user-event/dist/cjs/event/input.js:37:9)
      at node_modules/@testing-library/user-event/dist/cjs/event/behavior/keypr
ess.js:31:26
      at Object.dispatchEvent (node_modules/@testing-library/user-event/dist/cj
s/event/dispatchEvent.js:41:13)
      at Object.dispatchUIEvent (node_modules/@testing-library/user-event/dist/
cjs/event/dispatchEvent.js:22:26)
      at KeyboardHost.keydown 
(node_modules/@testing-library/user-event/dist/cjs/system/keyboard.js:76:22)
      at keyboardAction 
(node_modules/@testing-library/user-event/dist/cjs/keyboard/index.js:22:35)
      at Object.keyboard 
(node_modules/@testing-library/user-event/dist/cjs/keyboard/index.js:11:15)
      at Object.type 
(node_modules/@testing-library/user-event/dist/cjs/utility/type.js:17:5)
      at Object.<anonymous> 
(src/settings/__tests__/RatingRulesPage.test.tsx:587:5)

    console.error
      Warning: An update to RatingRulesPage inside a test was not wrapped in 
act(...).
      
      When testing, code that causes React state updates should be wrapped 
into act(...):
      
      act(() => {
        /* fire events that update state */
      });
      /* assert on the output */
      
      This ensures that you're testing the behavior the user would see in the 
browser. Learn more at https://reactjs.org/link/wrap-tests-with-act
          at RatingRulesPage (C:\Users\samhe\OneDrive\Desktop\Cleaned\frontend\
src\settings\RatingRulesPage.tsx:26:47)
          at basenameProp (C:\Users\samhe\OneDrive\Desktop\Cleaned\frontend\nod
e_modules\react-router\lib\components.tsx:421:13)
          at basename (C:\Users\samhe\OneDrive\Desktop\Cleaned\frontend\node_mo
dules\react-router\lib\components.tsx:225:3)

      212 |                                             aria-label="Schedule 
Name"
      213 |                                             value={newName}
    > 214 |                                             onChange={e => 
setNewName(e.target.value)}
          |                                                            ^
      215 |                                             placeholder="Schedule 
nameÔÇª"
      216 |                                             className="w-full 
border border-gray-300 rounded px-2 py-0.5 text-sm focus:outline-none 
focus:ring-1 focus:ring-brand-500"
      217 |                                             // 
eslint-disable-next-line jsx-a11y/no-autofocus

      at printWarning 
(node_modules/react-dom/cjs/react-dom.development.js:86:30)
      at error (node_modules/react-dom/cjs/react-dom.development.js:60:7)
      at warnIfUpdatesNotWrappedWithActDEV 
(node_modules/react-dom/cjs/react-dom.development.js:27628:9)
      at scheduleUpdateOnFiber 
(node_modules/react-dom/cjs/react-dom.development.js:25547:5)
      at dispatchSetState 
(node_modules/react-dom/cjs/react-dom.development.js:16708:7)
      at onChange (src/settings/RatingRulesPage.tsx:214:60)
      at HTMLUnknownElement.callCallback 
(node_modules/react-dom/cjs/react-dom.development.js:4164:14)
      at HTMLUnknownElement.callTheUserObjectsOperation 
(node_modules/jsdom/lib/jsdom/living/generated/EventListener.js:26:30)
      at innerInvokeEventListeners 
(node_modules/jsdom/lib/jsdom/living/events/EventTarget-impl.js:350:25)
      at invokeEventListeners 
(node_modules/jsdom/lib/jsdom/living/events/EventTarget-impl.js:286:3)
      at HTMLUnknownElementImpl._dispatch 
(node_modules/jsdom/lib/jsdom/living/events/EventTarget-impl.js:233:9)
      at HTMLUnknownElementImpl.dispatchEvent 
(node_modules/jsdom/lib/jsdom/living/events/EventTarget-impl.js:104:17)
      at HTMLUnknownElement.dispatchEvent 
(node_modules/jsdom/lib/jsdom/living/generated/EventTarget.js:241:34)
      at Object.invokeGuardedCallbackDev 
(node_modules/react-dom/cjs/react-dom.development.js:4213:16)
      at invokeGuardedCallback 
(node_modules/react-dom/cjs/react-dom.development.js:4277:31)
      at invokeGuardedCallbackAndCatchFirstError 
(node_modules/react-dom/cjs/react-dom.development.js:4291:25)
      at executeDispatch 
(node_modules/react-dom/cjs/react-dom.development.js:9041:3)
      at processDispatchQueueItemsInOrder 
(node_modules/react-dom/cjs/react-dom.development.js:9073:7)
      at processDispatchQueue 
(node_modules/react-dom/cjs/react-dom.development.js:9086:5)
      at dispatchEventsForPlugins 
(node_modules/react-dom/cjs/react-dom.development.js:9097:3)
      at node_modules/react-dom/cjs/react-dom.development.js:9288:12
      at batchedUpdates$1 
(node_modules/react-dom/cjs/react-dom.development.js:26179:12)
      at batchedUpdates 
(node_modules/react-dom/cjs/react-dom.development.js:3991:12)
      at dispatchEventForPluginEventSystem 
(node_modules/react-dom/cjs/react-dom.development.js:9287:3)
      at dispatchEventWithEnableCapturePhaseSelectiveHydrationWithoutDiscreteEv
entReplay (node_modules/react-dom/cjs/react-dom.development.js:6465:5)
      at dispatchEvent 
(node_modules/react-dom/cjs/react-dom.development.js:6457:5)
      at dispatchDiscreteEvent 
(node_modules/react-dom/cjs/react-dom.development.js:6430:5)
      at HTMLDivElement.callTheUserObjectsOperation 
(node_modules/jsdom/lib/jsdom/living/generated/EventListener.js:26:30)
      at innerInvokeEventListeners 
(node_modules/jsdom/lib/jsdom/living/events/EventTarget-impl.js:350:25)
      at invokeEventListeners 
(node_modules/jsdom/lib/jsdom/living/events/EventTarget-impl.js:286:3)
      at HTMLInputElementImpl._dispatch 
(node_modules/jsdom/lib/jsdom/living/events/EventTarget-impl.js:233:9)
      at HTMLInputElementImpl.dispatchEvent 
(node_modules/jsdom/lib/jsdom/living/events/EventTarget-impl.js:104:17)
      at HTMLInputElement.dispatchEvent 
(node_modules/jsdom/lib/jsdom/living/generated/EventTarget.js:241:34)
      at 
node_modules/@testing-library/user-event/dist/cjs/event/dispatchEvent.js:45:43
      at Object.eventWrapper 
(node_modules/@testing-library/dom/dist/config.js:25:23)
      at Object.wrapEvent 
(node_modules/@testing-library/user-event/dist/cjs/event/wrapEvent.js:6:28)
      at Object.dispatchEvent (node_modules/@testing-library/user-event/dist/cj
s/event/dispatchEvent.js:45:22)
      at Object.dispatchUIEvent (node_modules/@testing-library/user-event/dist/
cjs/event/dispatchEvent.js:22:26)
      at commitInput 
(node_modules/@testing-library/user-event/dist/cjs/event/input.js:145:14)
      at editInputElement 
(node_modules/@testing-library/user-event/dist/cjs/event/input.js:115:9)
      at Object.input 
(node_modules/@testing-library/user-event/dist/cjs/event/input.js:37:9)
      at node_modules/@testing-library/user-event/dist/cjs/event/behavior/keypr
ess.js:31:26
      at Object.dispatchEvent (node_modules/@testing-library/user-event/dist/cj
s/event/dispatchEvent.js:41:13)
      at Object.dispatchUIEvent (node_modules/@testing-library/user-event/dist/
cjs/event/dispatchEvent.js:22:26)
      at KeyboardHost.keydown 
(node_modules/@testing-library/user-event/dist/cjs/system/keyboard.js:76:22)
      at keyboardAction 
(node_modules/@testing-library/user-event/dist/cjs/keyboard/index.js:22:35)
      at Object.keyboard 
(node_modules/@testing-library/user-event/dist/cjs/keyboard/index.js:11:15)
      at Object.type 
(node_modules/@testing-library/user-event/dist/cjs/utility/type.js:17:5)
      at Object.<anonymous> 
(src/settings/__tests__/RatingRulesPage.test.tsx:587:5)

    console.error
      Warning: An update to RatingRulesPage inside a test was not wrapped in 
act(...).
      
      When testing, code that causes React state updates should be wrapped 
into act(...):
      
      act(() => {
        /* fire events that update state */
      });
      /* assert on the output */
      
      This ensures that you're testing the behavior the user would see in the 
browser. Learn more at https://reactjs.org/link/wrap-tests-with-act
          at RatingRulesPage (C:\Users\samhe\OneDrive\Desktop\Cleaned\frontend\
src\settings\RatingRulesPage.tsx:26:47)
          at basenameProp (C:\Users\samhe\OneDrive\Desktop\Cleaned\frontend\nod
e_modules\react-router\lib\components.tsx:421:13)
          at basename (C:\Users\samhe\OneDrive\Desktop\Cleaned\frontend\node_mo
dules\react-router\lib\components.tsx:225:3)

      212 |                                             aria-label="Schedule 
Name"
      213 |                                             value={newName}
    > 214 |                                             onChange={e => 
setNewName(e.target.value)}
          |                                                            ^
      215 |                                             placeholder="Schedule 
nameÔÇª"
      216 |                                             className="w-full 
border border-gray-300 rounded px-2 py-0.5 text-sm focus:outline-none 
focus:ring-1 focus:ring-brand-500"
      217 |                                             // 
eslint-disable-next-line jsx-a11y/no-autofocus

      at printWarning 
(node_modules/react-dom/cjs/react-dom.development.js:86:30)
      at error (node_modules/react-dom/cjs/react-dom.development.js:60:7)
      at warnIfUpdatesNotWrappedWithActDEV 
(node_modules/react-dom/cjs/react-dom.development.js:27628:9)
      at scheduleUpdateOnFiber 
(node_modules/react-dom/cjs/react-dom.development.js:25547:5)
      at dispatchSetState 
(node_modules/react-dom/cjs/react-dom.development.js:16708:7)
      at onChange (src/settings/RatingRulesPage.tsx:214:60)
      at HTMLUnknownElement.callCallback 
(node_modules/react-dom/cjs/react-dom.development.js:4164:14)
      at HTMLUnknownElement.callTheUserObjectsOperation 
(node_modules/jsdom/lib/jsdom/living/generated/EventListener.js:26:30)
      at innerInvokeEventListeners 
(node_modules/jsdom/lib/jsdom/living/events/EventTarget-impl.js:350:25)
      at invokeEventListeners 
(node_modules/jsdom/lib/jsdom/living/events/EventTarget-impl.js:286:3)
      at HTMLUnknownElementImpl._dispatch 
(node_modules/jsdom/lib/jsdom/living/events/EventTarget-impl.js:233:9)
      at HTMLUnknownElementImpl.dispatchEvent 
(node_modules/jsdom/lib/jsdom/living/events/EventTarget-impl.js:104:17)
      at HTMLUnknownElement.dispatchEvent 
(node_modules/jsdom/lib/jsdom/living/generated/EventTarget.js:241:34)
      at Object.invokeGuardedCallbackDev 
(node_modules/react-dom/cjs/react-dom.development.js:4213:16)
      at invokeGuardedCallback 
(node_modules/react-dom/cjs/react-dom.development.js:4277:31)
      at invokeGuardedCallbackAndCatchFirstError 
(node_modules/react-dom/cjs/react-dom.development.js:4291:25)
      at executeDispatch 
(node_modules/react-dom/cjs/react-dom.development.js:9041:3)
      at processDispatchQueueItemsInOrder 
(node_modules/react-dom/cjs/react-dom.development.js:9073:7)
      at processDispatchQueue 
(node_modules/react-dom/cjs/react-dom.development.js:9086:5)
      at dispatchEventsForPlugins 
(node_modules/react-dom/cjs/react-dom.development.js:9097:3)
      at node_modules/react-dom/cjs/react-dom.development.js:9288:12
      at batchedUpdates$1 
(node_modules/react-dom/cjs/react-dom.development.js:26179:12)
      at batchedUpdates 
(node_modules/react-dom/cjs/react-dom.development.js:3991:12)
      at dispatchEventForPluginEventSystem 
(node_modules/react-dom/cjs/react-dom.development.js:9287:3)
      at dispatchEventWithEnableCapturePhaseSelectiveHydrationWithoutDiscreteEv
entReplay (node_modules/react-dom/cjs/react-dom.development.js:6465:5)
      at dispatchEvent 
(node_modules/react-dom/cjs/react-dom.development.js:6457:5)
      at dispatchDiscreteEvent 
(node_modules/react-dom/cjs/react-dom.development.js:6430:5)
      at HTMLDivElement.callTheUserObjectsOperation 
(node_modules/jsdom/lib/jsdom/living/generated/EventListener.js:26:30)
      at innerInvokeEventListeners 
(node_modules/jsdom/lib/jsdom/living/events/EventTarget-impl.js:350:25)
      at invokeEventListeners 
(node_modules/jsdom/lib/jsdom/living/events/EventTarget-impl.js:286:3)
      at HTMLInputElementImpl._dispatch 
(node_modules/jsdom/lib/jsdom/living/events/EventTarget-impl.js:233:9)
      at HTMLInputElementImpl.dispatchEvent 
(node_modules/jsdom/lib/jsdom/living/events/EventTarget-impl.js:104:17)
      at HTMLInputElement.dispatchEvent 
(node_modules/jsdom/lib/jsdom/living/generated/EventTarget.js:241:34)
      at 
node_modules/@testing-library/user-event/dist/cjs/event/dispatchEvent.js:45:43
      at Object.eventWrapper 
(node_modules/@testing-library/dom/dist/config.js:25:23)
      at Object.wrapEvent 
(node_modules/@testing-library/user-event/dist/cjs/event/wrapEvent.js:6:28)
      at Object.dispatchEvent (node_modules/@testing-library/user-event/dist/cj
s/event/dispatchEvent.js:45:22)
      at Object.dispatchUIEvent (node_modules/@testing-library/user-event/dist/
cjs/event/dispatchEvent.js:22:26)
      at commitInput 
(node_modules/@testing-library/user-event/dist/cjs/event/input.js:145:14)
      at editInputElement 
(node_modules/@testing-library/user-event/dist/cjs/event/input.js:115:9)
      at Object.input 
(node_modules/@testing-library/user-event/dist/cjs/event/input.js:37:9)
      at node_modules/@testing-library/user-event/dist/cjs/event/behavior/keypr
ess.js:31:26
      at Object.dispatchEvent (node_modules/@testing-library/user-event/dist/cj
s/event/dispatchEvent.js:41:13)
      at Object.dispatchUIEvent (node_modules/@testing-library/user-event/dist/
cjs/event/dispatchEvent.js:22:26)
      at KeyboardHost.keydown 
(node_modules/@testing-library/user-event/dist/cjs/system/keyboard.js:76:22)
      at keyboardAction 
(node_modules/@testing-library/user-event/dist/cjs/keyboard/index.js:22:35)
      at Object.keyboard 
(node_modules/@testing-library/user-event/dist/cjs/keyboard/index.js:11:15)
      at Object.type 
(node_modules/@testing-library/user-event/dist/cjs/utility/type.js:17:5)
      at Object.<anonymous> 
(src/settings/__tests__/RatingRulesPage.test.tsx:587:5)

    console.error
      Warning: An update to RatingRulesPage inside a test was not wrapped in 
act(...).
      
      When testing, code that causes React state updates should be wrapped 
into act(...):
      
      act(() => {
        /* fire events that update state */
      });
      /* assert on the output */
      
      This ensures that you're testing the behavior the user would see in the 
browser. Learn more at https://reactjs.org/link/wrap-tests-with-act
          at RatingRulesPage (C:\Users\samhe\OneDrive\Desktop\Cleaned\frontend\
src\settings\RatingRulesPage.tsx:26:47)
          at basenameProp (C:\Users\samhe\OneDrive\Desktop\Cleaned\frontend\nod
e_modules\react-router\lib\components.tsx:421:13)
          at basename (C:\Users\samhe\OneDrive\Desktop\Cleaned\frontend\node_mo
dules\react-router\lib\components.tsx:225:3)

      212 |                                             aria-label="Schedule 
Name"
      213 |                                             value={newName}
    > 214 |                                             onChange={e => 
setNewName(e.target.value)}
          |                                                            ^
      215 |                                             placeholder="Schedule 
nameÔÇª"
      216 |                                             className="w-full 
border border-gray-300 rounded px-2 py-0.5 text-sm focus:outline-none 
focus:ring-1 focus:ring-brand-500"
      217 |                                             // 
eslint-disable-next-line jsx-a11y/no-autofocus

      at printWarning 
(node_modules/react-dom/cjs/react-dom.development.js:86:30)
      at error (node_modules/react-dom/cjs/react-dom.development.js:60:7)
      at warnIfUpdatesNotWrappedWithActDEV 
(node_modules/react-dom/cjs/react-dom.development.js:27628:9)
      at scheduleUpdateOnFiber 
(node_modules/react-dom/cjs/react-dom.development.js:25547:5)
      at dispatchSetState 
(node_modules/react-dom/cjs/react-dom.development.js:16708:7)
      at onChange (src/settings/RatingRulesPage.tsx:214:60)
      at HTMLUnknownElement.callCallback 
(node_modules/react-dom/cjs/react-dom.development.js:4164:14)
      at HTMLUnknownElement.callTheUserObjectsOperation 
(node_modules/jsdom/lib/jsdom/living/generated/EventListener.js:26:30)
      at innerInvokeEventListeners 
(node_modules/jsdom/lib/jsdom/living/events/EventTarget-impl.js:350:25)
      at invokeEventListeners 
(node_modules/jsdom/lib/jsdom/living/events/EventTarget-impl.js:286:3)
      at HTMLUnknownElementImpl._dispatch 
(node_modules/jsdom/lib/jsdom/living/events/EventTarget-impl.js:233:9)
      at HTMLUnknownElementImpl.dispatchEvent 
(node_modules/jsdom/lib/jsdom/living/events/EventTarget-impl.js:104:17)
      at HTMLUnknownElement.dispatchEvent 
(node_modules/jsdom/lib/jsdom/living/generated/EventTarget.js:241:34)
      at Object.invokeGuardedCallbackDev 
(node_modules/react-dom/cjs/react-dom.development.js:4213:16)
      at invokeGuardedCallback 
(node_modules/react-dom/cjs/react-dom.development.js:4277:31)
      at invokeGuardedCallbackAndCatchFirstError 
(node_modules/react-dom/cjs/react-dom.development.js:4291:25)
      at executeDispatch 
(node_modules/react-dom/cjs/react-dom.development.js:9041:3)
      at processDispatchQueueItemsInOrder 
(node_modules/react-dom/cjs/react-dom.development.js:9073:7)
      at processDispatchQueue 
(node_modules/react-dom/cjs/react-dom.development.js:9086:5)
      at dispatchEventsForPlugins 
(node_modules/react-dom/cjs/react-dom.development.js:9097:3)
      at node_modules/react-dom/cjs/react-dom.development.js:9288:12
      at batchedUpdates$1 
(node_modules/react-dom/cjs/react-dom.development.js:26179:12)
      at batchedUpdates 
(node_modules/react-dom/cjs/react-dom.development.js:3991:12)
      at dispatchEventForPluginEventSystem 
(node_modules/react-dom/cjs/react-dom.development.js:9287:3)
      at dispatchEventWithEnableCapturePhaseSelectiveHydrationWithoutDiscreteEv
entReplay (node_modules/react-dom/cjs/react-dom.development.js:6465:5)
      at dispatchEvent 
(node_modules/react-dom/cjs/react-dom.development.js:6457:5)
      at dispatchDiscreteEvent 
(node_modules/react-dom/cjs/react-dom.development.js:6430:5)
      at HTMLDivElement.callTheUserObjectsOperation 
(node_modules/jsdom/lib/jsdom/living/generated/EventListener.js:26:30)
      at innerInvokeEventListeners 
(node_modules/jsdom/lib/jsdom/living/events/EventTarget-impl.js:350:25)
      at invokeEventListeners 
(node_modules/jsdom/lib/jsdom/living/events/EventTarget-impl.js:286:3)
      at HTMLInputElementImpl._dispatch 
(node_modules/jsdom/lib/jsdom/living/events/EventTarget-impl.js:233:9)
      at HTMLInputElementImpl.dispatchEvent 
(node_modules/jsdom/lib/jsdom/living/events/EventTarget-impl.js:104:17)
      at HTMLInputElement.dispatchEvent 
(node_modules/jsdom/lib/jsdom/living/generated/EventTarget.js:241:34)
      at 
node_modules/@testing-library/user-event/dist/cjs/event/dispatchEvent.js:45:43
      at Object.eventWrapper 
(node_modules/@testing-library/dom/dist/config.js:25:23)
      at Object.wrapEvent 
(node_modules/@testing-library/user-event/dist/cjs/event/wrapEvent.js:6:28)
      at Object.dispatchEvent (node_modules/@testing-library/user-event/dist/cj
s/event/dispatchEvent.js:45:22)
      at Object.dispatchUIEvent (node_modules/@testing-library/user-event/dist/
cjs/event/dispatchEvent.js:22:26)
      at commitInput 
(node_modules/@testing-library/user-event/dist/cjs/event/input.js:145:14)
      at editInputElement 
(node_modules/@testing-library/user-event/dist/cjs/event/input.js:115:9)
      at Object.input 
(node_modules/@testing-library/user-event/dist/cjs/event/input.js:37:9)
      at node_modules/@testing-library/user-event/dist/cjs/event/behavior/keypr
ess.js:31:26
      at Object.dispatchEvent (node_modules/@testing-library/user-event/dist/cj
s/event/dispatchEvent.js:41:13)
      at Object.dispatchUIEvent (node_modules/@testing-library/user-event/dist/
cjs/event/dispatchEvent.js:22:26)
      at KeyboardHost.keydown 
(node_modules/@testing-library/user-event/dist/cjs/system/keyboard.js:76:22)
      at keyboardAction 
(node_modules/@testing-library/user-event/dist/cjs/keyboard/index.js:22:35)
      at Object.keyboard 
(node_modules/@testing-library/user-event/dist/cjs/keyboard/index.js:11:15)
      at Object.type 
(node_modules/@testing-library/user-event/dist/cjs/utility/type.js:17:5)
      at Object.<anonymous> 
(src/settings/__tests__/RatingRulesPage.test.tsx:587:5)

    console.error
      Warning: An update to RatingRulesPage inside a test was not wrapped in 
act(...).
      
      When testing, code that causes React state updates should be wrapped 
into act(...):
      
      act(() => {
        /* fire events that update state */
      });
      /* assert on the output */
      
      This ensures that you're testing the behavior the user would see in the 
browser. Learn more at https://reactjs.org/link/wrap-tests-with-act
          at RatingRulesPage (C:\Users\samhe\OneDrive\Desktop\Cleaned\frontend\
src\settings\RatingRulesPage.tsx:26:47)
          at basenameProp (C:\Users\samhe\OneDrive\Desktop\Cleaned\frontend\nod
e_modules\react-router\lib\components.tsx:421:13)
          at basename (C:\Users\samhe\OneDrive\Desktop\Cleaned\frontend\node_mo
dules\react-router\lib\components.tsx:225:3)

      212 |                                             aria-label="Schedule 
Name"
      213 |                                             value={newName}
    > 214 |                                             onChange={e => 
setNewName(e.target.value)}
          |                                                            ^
      215 |                                             placeholder="Schedule 
nameÔÇª"
      216 |                                             className="w-full 
border border-gray-300 rounded px-2 py-0.5 text-sm focus:outline-none 
focus:ring-1 focus:ring-brand-500"
      217 |                                             // 
eslint-disable-next-line jsx-a11y/no-autofocus

      at printWarning 
(node_modules/react-dom/cjs/react-dom.development.js:86:30)
      at error (node_modules/react-dom/cjs/react-dom.development.js:60:7)
      at warnIfUpdatesNotWrappedWithActDEV 
(node_modules/react-dom/cjs/react-dom.development.js:27628:9)
      at scheduleUpdateOnFiber 
(node_modules/react-dom/cjs/react-dom.development.js:25547:5)
      at dispatchSetState 
(node_modules/react-dom/cjs/react-dom.development.js:16708:7)
      at onChange (src/settings/RatingRulesPage.tsx:214:60)
      at HTMLUnknownElement.callCallback 
(node_modules/react-dom/cjs/react-dom.development.js:4164:14)
      at HTMLUnknownElement.callTheUserObjectsOperation 
(node_modules/jsdom/lib/jsdom/living/generated/EventListener.js:26:30)
      at innerInvokeEventListeners 
(node_modules/jsdom/lib/jsdom/living/events/EventTarget-impl.js:350:25)
      at invokeEventListeners 
(node_modules/jsdom/lib/jsdom/living/events/EventTarget-impl.js:286:3)
      at HTMLUnknownElementImpl._dispatch 
(node_modules/jsdom/lib/jsdom/living/events/EventTarget-impl.js:233:9)
      at HTMLUnknownElementImpl.dispatchEvent 
(node_modules/jsdom/lib/jsdom/living/events/EventTarget-impl.js:104:17)
      at HTMLUnknownElement.dispatchEvent 
(node_modules/jsdom/lib/jsdom/living/generated/EventTarget.js:241:34)
      at Object.invokeGuardedCallbackDev 
(node_modules/react-dom/cjs/react-dom.development.js:4213:16)
      at invokeGuardedCallback 
(node_modules/react-dom/cjs/react-dom.development.js:4277:31)
      at invokeGuardedCallbackAndCatchFirstError 
(node_modules/react-dom/cjs/react-dom.development.js:4291:25)
      at executeDispatch 
(node_modules/react-dom/cjs/react-dom.development.js:9041:3)
      at processDispatchQueueItemsInOrder 
(node_modules/react-dom/cjs/react-dom.development.js:9073:7)
      at processDispatchQueue 
(node_modules/react-dom/cjs/react-dom.development.js:9086:5)
      at dispatchEventsForPlugins 
(node_modules/react-dom/cjs/react-dom.development.js:9097:3)
      at node_modules/react-dom/cjs/react-dom.development.js:9288:12
      at batchedUpdates$1 
(node_modules/react-dom/cjs/react-dom.development.js:26179:12)
      at batchedUpdates 
(node_modules/react-dom/cjs/react-dom.development.js:3991:12)
      at dispatchEventForPluginEventSystem 
(node_modules/react-dom/cjs/react-dom.development.js:9287:3)
      at dispatchEventWithEnableCapturePhaseSelectiveHydrationWithoutDiscreteEv
entReplay (node_modules/react-dom/cjs/react-dom.development.js:6465:5)
      at dispatchEvent 
(node_modules/react-dom/cjs/react-dom.development.js:6457:5)
      at dispatchDiscreteEvent 
(node_modules/react-dom/cjs/react-dom.development.js:6430:5)
      at HTMLDivElement.callTheUserObjectsOperation 
(node_modules/jsdom/lib/jsdom/living/generated/EventListener.js:26:30)
      at innerInvokeEventListeners 
(node_modules/jsdom/lib/jsdom/living/events/EventTarget-impl.js:350:25)
      at invokeEventListeners 
(node_modules/jsdom/lib/jsdom/living/events/EventTarget-impl.js:286:3)
      at HTMLInputElementImpl._dispatch 
(node_modules/jsdom/lib/jsdom/living/events/EventTarget-impl.js:233:9)
      at HTMLInputElementImpl.dispatchEvent 
(node_modules/jsdom/lib/jsdom/living/events/EventTarget-impl.js:104:17)
      at HTMLInputElement.dispatchEvent 
(node_modules/jsdom/lib/jsdom/living/generated/EventTarget.js:241:34)
      at 
node_modules/@testing-library/user-event/dist/cjs/event/dispatchEvent.js:45:43
      at Object.eventWrapper 
(node_modules/@testing-library/dom/dist/config.js:25:23)
      at Object.wrapEvent 
(node_modules/@testing-library/user-event/dist/cjs/event/wrapEvent.js:6:28)
      at Object.dispatchEvent (node_modules/@testing-library/user-event/dist/cj
s/event/dispatchEvent.js:45:22)
      at Object.dispatchUIEvent (node_modules/@testing-library/user-event/dist/
cjs/event/dispatchEvent.js:22:26)
      at commitInput 
(node_modules/@testing-library/user-event/dist/cjs/event/input.js:145:14)
      at editInputElement 
(node_modules/@testing-library/user-event/dist/cjs/event/input.js:115:9)
      at Object.input 
(node_modules/@testing-library/user-event/dist/cjs/event/input.js:37:9)
      at node_modules/@testing-library/user-event/dist/cjs/event/behavior/keypr
ess.js:31:26
      at Object.dispatchEvent (node_modules/@testing-library/user-event/dist/cj
s/event/dispatchEvent.js:41:13)
      at Object.dispatchUIEvent (node_modules/@testing-library/user-event/dist/
cjs/event/dispatchEvent.js:22:26)
      at KeyboardHost.keydown 
(node_modules/@testing-library/user-event/dist/cjs/system/keyboard.js:76:22)
      at keyboardAction 
(node_modules/@testing-library/user-event/dist/cjs/keyboard/index.js:22:35)
      at Object.keyboard 
(node_modules/@testing-library/user-event/dist/cjs/keyboard/index.js:11:15)
      at Object.type 
(node_modules/@testing-library/user-event/dist/cjs/utility/type.js:17:5)
      at Object.<anonymous> 
(src/settings/__tests__/RatingRulesPage.test.tsx:587:5)

    console.error
      Warning: An update to RatingRulesPage inside a test was not wrapped in 
act(...).
      
      When testing, code that causes React state updates should be wrapped 
into act(...):
      
      act(() => {
        /* fire events that update state */
      });
      /* assert on the output */
      
      This ensures that you're testing the behavior the user would see in the 
browser. Learn more at https://reactjs.org/link/wrap-tests-with-act
          at RatingRulesPage (C:\Users\samhe\OneDrive\Desktop\Cleaned\frontend\
src\settings\RatingRulesPage.tsx:26:47)
          at basenameProp (C:\Users\samhe\OneDrive\Desktop\Cleaned\frontend\nod
e_modules\react-router\lib\components.tsx:421:13)
          at basename (C:\Users\samhe\OneDrive\Desktop\Cleaned\frontend\node_mo
dules\react-router\lib\components.tsx:225:3)

      212 |                                             aria-label="Schedule 
Name"
      213 |                                             value={newName}
    > 214 |                                             onChange={e => 
setNewName(e.target.value)}
          |                                                            ^
      215 |                                             placeholder="Schedule 
nameÔÇª"
      216 |                                             className="w-full 
border border-gray-300 rounded px-2 py-0.5 text-sm focus:outline-none 
focus:ring-1 focus:ring-brand-500"
      217 |                                             // 
eslint-disable-next-line jsx-a11y/no-autofocus

      at printWarning 
(node_modules/react-dom/cjs/react-dom.development.js:86:30)
      at error (node_modules/react-dom/cjs/react-dom.development.js:60:7)
      at warnIfUpdatesNotWrappedWithActDEV 
(node_modules/react-dom/cjs/react-dom.development.js:27628:9)
      at scheduleUpdateOnFiber 
(node_modules/react-dom/cjs/react-dom.development.js:25547:5)
      at dispatchSetState 
(node_modules/react-dom/cjs/react-dom.development.js:16708:7)
      at onChange (src/settings/RatingRulesPage.tsx:214:60)
      at HTMLUnknownElement.callCallback 
(node_modules/react-dom/cjs/react-dom.development.js:4164:14)
      at HTMLUnknownElement.callTheUserObjectsOperation 
(node_modules/jsdom/lib/jsdom/living/generated/EventListener.js:26:30)
      at innerInvokeEventListeners 
(node_modules/jsdom/lib/jsdom/living/events/EventTarget-impl.js:350:25)
      at invokeEventListeners 
(node_modules/jsdom/lib/jsdom/living/events/EventTarget-impl.js:286:3)
      at HTMLUnknownElementImpl._dispatch 
(node_modules/jsdom/lib/jsdom/living/events/EventTarget-impl.js:233:9)
      at HTMLUnknownElementImpl.dispatchEvent 
(node_modules/jsdom/lib/jsdom/living/events/EventTarget-impl.js:104:17)
      at HTMLUnknownElement.dispatchEvent 
(node_modules/jsdom/lib/jsdom/living/generated/EventTarget.js:241:34)
      at Object.invokeGuardedCallbackDev 
(node_modules/react-dom/cjs/react-dom.development.js:4213:16)
      at invokeGuardedCallback 
(node_modules/react-dom/cjs/react-dom.development.js:4277:31)
      at invokeGuardedCallbackAndCatchFirstError 
(node_modules/react-dom/cjs/react-dom.development.js:4291:25)
      at executeDispatch 
(node_modules/react-dom/cjs/react-dom.development.js:9041:3)
      at processDispatchQueueItemsInOrder 
(node_modules/react-dom/cjs/react-dom.development.js:9073:7)
      at processDispatchQueue 
(node_modules/react-dom/cjs/react-dom.development.js:9086:5)
      at dispatchEventsForPlugins 
(node_modules/react-dom/cjs/react-dom.development.js:9097:3)
      at node_modules/react-dom/cjs/react-dom.development.js:9288:12
      at batchedUpdates$1 
(node_modules/react-dom/cjs/react-dom.development.js:26179:12)
      at batchedUpdates 
(node_modules/react-dom/cjs/react-dom.development.js:3991:12)
      at dispatchEventForPluginEventSystem 
(node_modules/react-dom/cjs/react-dom.development.js:9287:3)
      at dispatchEventWithEnableCapturePhaseSelectiveHydrationWithoutDiscreteEv
entReplay (node_modules/react-dom/cjs/react-dom.development.js:6465:5)
      at dispatchEvent 
(node_modules/react-dom/cjs/react-dom.development.js:6457:5)
      at dispatchDiscreteEvent 
(node_modules/react-dom/cjs/react-dom.development.js:6430:5)
      at HTMLDivElement.callTheUserObjectsOperation 
(node_modules/jsdom/lib/jsdom/living/generated/EventListener.js:26:30)
      at innerInvokeEventListeners 
(node_modules/jsdom/lib/jsdom/living/events/EventTarget-impl.js:350:25)
      at invokeEventListeners 
(node_modules/jsdom/lib/jsdom/living/events/EventTarget-impl.js:286:3)
      at HTMLInputElementImpl._dispatch 
(node_modules/jsdom/lib/jsdom/living/events/EventTarget-impl.js:233:9)
      at HTMLInputElementImpl.dispatchEvent 
(node_modules/jsdom/lib/jsdom/living/events/EventTarget-impl.js:104:17)
      at HTMLInputElement.dispatchEvent 
(node_modules/jsdom/lib/jsdom/living/generated/EventTarget.js:241:34)
      at 
node_modules/@testing-library/user-event/dist/cjs/event/dispatchEvent.js:45:43
      at Object.eventWrapper 
(node_modules/@testing-library/dom/dist/config.js:25:23)
      at Object.wrapEvent 
(node_modules/@testing-library/user-event/dist/cjs/event/wrapEvent.js:6:28)
      at Object.dispatchEvent (node_modules/@testing-library/user-event/dist/cj
s/event/dispatchEvent.js:45:22)
      at Object.dispatchUIEvent (node_modules/@testing-library/user-event/dist/
cjs/event/dispatchEvent.js:22:26)
      at commitInput 
(node_modules/@testing-library/user-event/dist/cjs/event/input.js:145:14)
      at editInputElement 
(node_modules/@testing-library/user-event/dist/cjs/event/input.js:115:9)
      at Object.input 
(node_modules/@testing-library/user-event/dist/cjs/event/input.js:37:9)
      at node_modules/@testing-library/user-event/dist/cjs/event/behavior/keypr
ess.js:31:26
      at Object.dispatchEvent (node_modules/@testing-library/user-event/dist/cj
s/event/dispatchEvent.js:41:13)
      at Object.dispatchUIEvent (node_modules/@testing-library/user-event/dist/
cjs/event/dispatchEvent.js:22:26)
      at KeyboardHost.keydown 
(node_modules/@testing-library/user-event/dist/cjs/system/keyboard.js:76:22)
      at keyboardAction 
(node_modules/@testing-library/user-event/dist/cjs/keyboard/index.js:22:35)
      at Object.keyboard 
(node_modules/@testing-library/user-event/dist/cjs/keyboard/index.js:11:15)
      at Object.type 
(node_modules/@testing-library/user-event/dist/cjs/utility/type.js:17:5)
      at Object.<anonymous> 
(src/settings/__tests__/RatingRulesPage.test.tsx:587:5)

    console.error
      Warning: An update to RatingRulesPage inside a test was not wrapped in 
act(...).
      
      When testing, code that causes React state updates should be wrapped 
into act(...):
      
      act(() => {
        /* fire events that update state */
      });
      /* assert on the output */
      
      This ensures that you're testing the behavior the user would see in the 
browser. Learn more at https://reactjs.org/link/wrap-tests-with-act
          at RatingRulesPage (C:\Users\samhe\OneDrive\Desktop\Cleaned\frontend\
src\settings\RatingRulesPage.tsx:26:47)
          at basenameProp (C:\Users\samhe\OneDrive\Desktop\Cleaned\frontend\nod
e_modules\react-router\lib\components.tsx:421:13)
          at basename (C:\Users\samhe\OneDrive\Desktop\Cleaned\frontend\node_mo
dules\react-router\lib\components.tsx:225:3)

      212 |                                             aria-label="Schedule 
Name"
      213 |                                             value={newName}
    > 214 |                                             onChange={e => 
setNewName(e.target.value)}
          |                                                            ^
      215 |                                             placeholder="Schedule 
nameÔÇª"
      216 |                                             className="w-full 
border border-gray-300 rounded px-2 py-0.5 text-sm focus:outline-none 
focus:ring-1 focus:ring-brand-500"
      217 |                                             // 
eslint-disable-next-line jsx-a11y/no-autofocus

      at printWarning 
(node_modules/react-dom/cjs/react-dom.development.js:86:30)
      at error (node_modules/react-dom/cjs/react-dom.development.js:60:7)
      at warnIfUpdatesNotWrappedWithActDEV 
(node_modules/react-dom/cjs/react-dom.development.js:27628:9)
      at scheduleUpdateOnFiber 
(node_modules/react-dom/cjs/react-dom.development.js:25547:5)
      at dispatchSetState 
(node_modules/react-dom/cjs/react-dom.development.js:16708:7)
      at onChange (src/settings/RatingRulesPage.tsx:214:60)
      at HTMLUnknownElement.callCallback 
(node_modules/react-dom/cjs/react-dom.development.js:4164:14)
      at HTMLUnknownElement.callTheUserObjectsOperation 
(node_modules/jsdom/lib/jsdom/living/generated/EventListener.js:26:30)
      at innerInvokeEventListeners 
(node_modules/jsdom/lib/jsdom/living/events/EventTarget-impl.js:350:25)
      at invokeEventListeners 
(node_modules/jsdom/lib/jsdom/living/events/EventTarget-impl.js:286:3)
      at HTMLUnknownElementImpl._dispatch 
(node_modules/jsdom/lib/jsdom/living/events/EventTarget-impl.js:233:9)
      at HTMLUnknownElementImpl.dispatchEvent 
(node_modules/jsdom/lib/jsdom/living/events/EventTarget-impl.js:104:17)
      at HTMLUnknownElement.dispatchEvent 
(node_modules/jsdom/lib/jsdom/living/generated/EventTarget.js:241:34)
      at Object.invokeGuardedCallbackDev 
(node_modules/react-dom/cjs/react-dom.development.js:4213:16)
      at invokeGuardedCallback 
(node_modules/react-dom/cjs/react-dom.development.js:4277:31)
      at invokeGuardedCallbackAndCatchFirstError 
(node_modules/react-dom/cjs/react-dom.development.js:4291:25)
      at executeDispatch 
(node_modules/react-dom/cjs/react-dom.development.js:9041:3)
      at processDispatchQueueItemsInOrder 
(node_modules/react-dom/cjs/react-dom.development.js:9073:7)
      at processDispatchQueue 
(node_modules/react-dom/cjs/react-dom.development.js:9086:5)
      at dispatchEventsForPlugins 
(node_modules/react-dom/cjs/react-dom.development.js:9097:3)
      at node_modules/react-dom/cjs/react-dom.development.js:9288:12
      at batchedUpdates$1 
(node_modules/react-dom/cjs/react-dom.development.js:26179:12)
      at batchedUpdates 
(node_modules/react-dom/cjs/react-dom.development.js:3991:12)
      at dispatchEventForPluginEventSystem 
(node_modules/react-dom/cjs/react-dom.development.js:9287:3)
      at dispatchEventWithEnableCapturePhaseSelectiveHydrationWithoutDiscreteEv
entReplay (node_modules/react-dom/cjs/react-dom.development.js:6465:5)
      at dispatchEvent 
(node_modules/react-dom/cjs/react-dom.development.js:6457:5)
      at dispatchDiscreteEvent 
(node_modules/react-dom/cjs/react-dom.development.js:6430:5)
      at HTMLDivElement.callTheUserObjectsOperation 
(node_modules/jsdom/lib/jsdom/living/generated/EventListener.js:26:30)
      at innerInvokeEventListeners 
(node_modules/jsdom/lib/jsdom/living/events/EventTarget-impl.js:350:25)
      at invokeEventListeners 
(node_modules/jsdom/lib/jsdom/living/events/EventTarget-impl.js:286:3)
      at HTMLInputElementImpl._dispatch 
(node_modules/jsdom/lib/jsdom/living/events/EventTarget-impl.js:233:9)
      at HTMLInputElementImpl.dispatchEvent 
(node_modules/jsdom/lib/jsdom/living/events/EventTarget-impl.js:104:17)
      at HTMLInputElement.dispatchEvent 
(node_modules/jsdom/lib/jsdom/living/generated/EventTarget.js:241:34)
      at 
node_modules/@testing-library/user-event/dist/cjs/event/dispatchEvent.js:45:43
      at Object.eventWrapper 
(node_modules/@testing-library/dom/dist/config.js:25:23)
      at Object.wrapEvent 
(node_modules/@testing-library/user-event/dist/cjs/event/wrapEvent.js:6:28)
      at Object.dispatchEvent (node_modules/@testing-library/user-event/dist/cj
s/event/dispatchEvent.js:45:22)
      at Object.dispatchUIEvent (node_modules/@testing-library/user-event/dist/
cjs/event/dispatchEvent.js:22:26)
      at commitInput 
(node_modules/@testing-library/user-event/dist/cjs/event/input.js:145:14)
      at editInputElement 
(node_modules/@testing-library/user-event/dist/cjs/event/input.js:115:9)
      at Object.input 
(node_modules/@testing-library/user-event/dist/cjs/event/input.js:37:9)
      at node_modules/@testing-library/user-event/dist/cjs/event/behavior/keypr
ess.js:31:26
      at Object.dispatchEvent (node_modules/@testing-library/user-event/dist/cj
s/event/dispatchEvent.js:41:13)
      at Object.dispatchUIEvent (node_modules/@testing-library/user-event/dist/
cjs/event/dispatchEvent.js:22:26)
      at KeyboardHost.keydown 
(node_modules/@testing-library/user-event/dist/cjs/system/keyboard.js:76:22)
      at keyboardAction 
(node_modules/@testing-library/user-event/dist/cjs/keyboard/index.js:22:35)
      at Object.keyboard 
(node_modules/@testing-library/user-event/dist/cjs/keyboard/index.js:11:15)
      at Object.type 
(node_modules/@testing-library/user-event/dist/cjs/utility/type.js:17:5)
      at Object.<anonymous> 
(src/settings/__tests__/RatingRulesPage.test.tsx:587:5)

    console.error
      Warning: An update to RatingRulesPage inside a test was not wrapped in 
act(...).
      
      When testing, code that causes React state updates should be wrapped 
into act(...):
      
      act(() => {
        /* fire events that update state */
      });
      /* assert on the output */
      
      This ensures that you're testing the behavior the user would see in the 
browser. Learn more at https://reactjs.org/link/wrap-tests-with-act
          at RatingRulesPage (C:\Users\samhe\OneDrive\Desktop\Cleaned\frontend\
src\settings\RatingRulesPage.tsx:26:47)
          at basenameProp (C:\Users\samhe\OneDrive\Desktop\Cleaned\frontend\nod
e_modules\react-router\lib\components.tsx:421:13)
          at basename (C:\Users\samhe\OneDrive\Desktop\Cleaned\frontend\node_mo
dules\react-router\lib\components.tsx:225:3)

      212 |                                             aria-label="Schedule 
Name"
      213 |                                             value={newName}
    > 214 |                                             onChange={e => 
setNewName(e.target.value)}
          |                                                            ^
      215 |                                             placeholder="Schedule 
nameÔÇª"
      216 |                                             className="w-full 
border border-gray-300 rounded px-2 py-0.5 text-sm focus:outline-none 
focus:ring-1 focus:ring-brand-500"
      217 |                                             // 
eslint-disable-next-line jsx-a11y/no-autofocus

      at printWarning 
(node_modules/react-dom/cjs/react-dom.development.js:86:30)
      at error (node_modules/react-dom/cjs/react-dom.development.js:60:7)
      at warnIfUpdatesNotWrappedWithActDEV 
(node_modules/react-dom/cjs/react-dom.development.js:27628:9)
      at scheduleUpdateOnFiber 
(node_modules/react-dom/cjs/react-dom.development.js:25547:5)
      at dispatchSetState 
(node_modules/react-dom/cjs/react-dom.development.js:16708:7)
      at onChange (src/settings/RatingRulesPage.tsx:214:60)
      at HTMLUnknownElement.callCallback 
(node_modules/react-dom/cjs/react-dom.development.js:4164:14)
      at HTMLUnknownElement.callTheUserObjectsOperation 
(node_modules/jsdom/lib/jsdom/living/generated/EventListener.js:26:30)
      at innerInvokeEventListeners 
(node_modules/jsdom/lib/jsdom/living/events/EventTarget-impl.js:350:25)
      at invokeEventListeners 
(node_modules/jsdom/lib/jsdom/living/events/EventTarget-impl.js:286:3)
      at HTMLUnknownElementImpl._dispatch 
(node_modules/jsdom/lib/jsdom/living/events/EventTarget-impl.js:233:9)
      at HTMLUnknownElementImpl.dispatchEvent 
(node_modules/jsdom/lib/jsdom/living/events/EventTarget-impl.js:104:17)
      at HTMLUnknownElement.dispatchEvent 
(node_modules/jsdom/lib/jsdom/living/generated/EventTarget.js:241:34)
      at Object.invokeGuardedCallbackDev 
(node_modules/react-dom/cjs/react-dom.development.js:4213:16)
      at invokeGuardedCallback 
(node_modules/react-dom/cjs/react-dom.development.js:4277:31)
      at invokeGuardedCallbackAndCatchFirstError 
(node_modules/react-dom/cjs/react-dom.development.js:4291:25)
      at executeDispatch 
(node_modules/react-dom/cjs/react-dom.development.js:9041:3)
      at processDispatchQueueItemsInOrder 
(node_modules/react-dom/cjs/react-dom.development.js:9073:7)
      at processDispatchQueue 
(node_modules/react-dom/cjs/react-dom.development.js:9086:5)
      at dispatchEventsForPlugins 
(node_modules/react-dom/cjs/react-dom.development.js:9097:3)
      at node_modules/react-dom/cjs/react-dom.development.js:9288:12
      at batchedUpdates$1 
(node_modules/react-dom/cjs/react-dom.development.js:26179:12)
      at batchedUpdates 
(node_modules/react-dom/cjs/react-dom.development.js:3991:12)
      at dispatchEventForPluginEventSystem 
(node_modules/react-dom/cjs/react-dom.development.js:9287:3)
      at dispatchEventWithEnableCapturePhaseSelectiveHydrationWithoutDiscreteEv
entReplay (node_modules/react-dom/cjs/react-dom.development.js:6465:5)
      at dispatchEvent 
(node_modules/react-dom/cjs/react-dom.development.js:6457:5)
      at dispatchDiscreteEvent 
(node_modules/react-dom/cjs/react-dom.development.js:6430:5)
      at HTMLDivElement.callTheUserObjectsOperation 
(node_modules/jsdom/lib/jsdom/living/generated/EventListener.js:26:30)
      at innerInvokeEventListeners 
(node_modules/jsdom/lib/jsdom/living/events/EventTarget-impl.js:350:25)
      at invokeEventListeners 
(node_modules/jsdom/lib/jsdom/living/events/EventTarget-impl.js:286:3)
      at HTMLInputElementImpl._dispatch 
(node_modules/jsdom/lib/jsdom/living/events/EventTarget-impl.js:233:9)
      at HTMLInputElementImpl.dispatchEvent 
(node_modules/jsdom/lib/jsdom/living/events/EventTarget-impl.js:104:17)
      at HTMLInputElement.dispatchEvent 
(node_modules/jsdom/lib/jsdom/living/generated/EventTarget.js:241:34)
      at 
node_modules/@testing-library/user-event/dist/cjs/event/dispatchEvent.js:45:43
      at Object.eventWrapper 
(node_modules/@testing-library/dom/dist/config.js:25:23)
      at Object.wrapEvent 
(node_modules/@testing-library/user-event/dist/cjs/event/wrapEvent.js:6:28)
      at Object.dispatchEvent (node_modules/@testing-library/user-event/dist/cj
s/event/dispatchEvent.js:45:22)
      at Object.dispatchUIEvent (node_modules/@testing-library/user-event/dist/
cjs/event/dispatchEvent.js:22:26)
      at commitInput 
(node_modules/@testing-library/user-event/dist/cjs/event/input.js:145:14)
      at editInputElement 
(node_modules/@testing-library/user-event/dist/cjs/event/input.js:115:9)
      at Object.input 
(node_modules/@testing-library/user-event/dist/cjs/event/input.js:37:9)
      at node_modules/@testing-library/user-event/dist/cjs/event/behavior/keypr
ess.js:31:26
      at Object.dispatchEvent (node_modules/@testing-library/user-event/dist/cj
s/event/dispatchEvent.js:41:13)
      at Object.dispatchUIEvent (node_modules/@testing-library/user-event/dist/
cjs/event/dispatchEvent.js:22:26)
      at KeyboardHost.keydown 
(node_modules/@testing-library/user-event/dist/cjs/system/keyboard.js:76:22)
      at keyboardAction 
(node_modules/@testing-library/user-event/dist/cjs/keyboard/index.js:22:35)
      at Object.keyboard 
(node_modules/@testing-library/user-event/dist/cjs/keyboard/index.js:11:15)
      at Object.type 
(node_modules/@testing-library/user-event/dist/cjs/utility/type.js:17:5)
      at Object.<anonymous> 
(src/settings/__tests__/RatingRulesPage.test.tsx:587:5)

    console.error
      Warning: An update to RatingRulesPage inside a test was not wrapped in 
act(...).
      
      When testing, code that causes React state updates should be wrapped 
into act(...):
      
      act(() => {
        /* fire events that update state */
      });
      /* assert on the output */
      
      This ensures that you're testing the behavior the user would see in the 
browser. Learn more at https://reactjs.org/link/wrap-tests-with-act
          at RatingRulesPage (C:\Users\samhe\OneDrive\Desktop\Cleaned\frontend\
src\settings\RatingRulesPage.tsx:26:47)
          at basenameProp (C:\Users\samhe\OneDrive\Desktop\Cleaned\frontend\nod
e_modules\react-router\lib\components.tsx:421:13)
          at basename (C:\Users\samhe\OneDrive\Desktop\Cleaned\frontend\node_mo
dules\react-router\lib\components.tsx:225:3)

      212 |                                             aria-label="Schedule 
Name"
      213 |                                             value={newName}
    > 214 |                                             onChange={e => 
setNewName(e.target.value)}
          |                                                            ^
      215 |                                             placeholder="Schedule 
nameÔÇª"
      216 |                                             className="w-full 
border border-gray-300 rounded px-2 py-0.5 text-sm focus:outline-none 
focus:ring-1 focus:ring-brand-500"
      217 |                                             // 
eslint-disable-next-line jsx-a11y/no-autofocus

      at printWarning 
(node_modules/react-dom/cjs/react-dom.development.js:86:30)
      at error (node_modules/react-dom/cjs/react-dom.development.js:60:7)
      at warnIfUpdatesNotWrappedWithActDEV 
(node_modules/react-dom/cjs/react-dom.development.js:27628:9)
      at scheduleUpdateOnFiber 
(node_modules/react-dom/cjs/react-dom.development.js:25547:5)
      at dispatchSetState 
(node_modules/react-dom/cjs/react-dom.development.js:16708:7)
      at onChange (src/settings/RatingRulesPage.tsx:214:60)
      at HTMLUnknownElement.callCallback 
(node_modules/react-dom/cjs/react-dom.development.js:4164:14)
      at HTMLUnknownElement.callTheUserObjectsOperation 
(node_modules/jsdom/lib/jsdom/living/generated/EventListener.js:26:30)
      at innerInvokeEventListeners 
(node_modules/jsdom/lib/jsdom/living/events/EventTarget-impl.js:350:25)
      at invokeEventListeners 
(node_modules/jsdom/lib/jsdom/living/events/EventTarget-impl.js:286:3)
      at HTMLUnknownElementImpl._dispatch 
(node_modules/jsdom/lib/jsdom/living/events/EventTarget-impl.js:233:9)
      at HTMLUnknownElementImpl.dispatchEvent 
(node_modules/jsdom/lib/jsdom/living/events/EventTarget-impl.js:104:17)
      at HTMLUnknownElement.dispatchEvent 
(node_modules/jsdom/lib/jsdom/living/generated/EventTarget.js:241:34)
      at Object.invokeGuardedCallbackDev 
(node_modules/react-dom/cjs/react-dom.development.js:4213:16)
      at invokeGuardedCallback 
(node_modules/react-dom/cjs/react-dom.development.js:4277:31)
      at invokeGuardedCallbackAndCatchFirstError 
(node_modules/react-dom/cjs/react-dom.development.js:4291:25)
      at executeDispatch 
(node_modules/react-dom/cjs/react-dom.development.js:9041:3)
      at processDispatchQueueItemsInOrder 
(node_modules/react-dom/cjs/react-dom.development.js:9073:7)
      at processDispatchQueue 
(node_modules/react-dom/cjs/react-dom.development.js:9086:5)
      at dispatchEventsForPlugins 
(node_modules/react-dom/cjs/react-dom.development.js:9097:3)
      at node_modules/react-dom/cjs/react-dom.development.js:9288:12
      at batchedUpdates$1 
(node_modules/react-dom/cjs/react-dom.development.js:26179:12)
      at batchedUpdates 
(node_modules/react-dom/cjs/react-dom.development.js:3991:12)
      at dispatchEventForPluginEventSystem 
(node_modules/react-dom/cjs/react-dom.development.js:9287:3)
      at dispatchEventWithEnableCapturePhaseSelectiveHydrationWithoutDiscreteEv
entReplay (node_modules/react-dom/cjs/react-dom.development.js:6465:5)
      at dispatchEvent 
(node_modules/react-dom/cjs/react-dom.development.js:6457:5)
      at dispatchDiscreteEvent 
(node_modules/react-dom/cjs/react-dom.development.js:6430:5)
      at HTMLDivElement.callTheUserObjectsOperation 
(node_modules/jsdom/lib/jsdom/living/generated/EventListener.js:26:30)
      at innerInvokeEventListeners 
(node_modules/jsdom/lib/jsdom/living/events/EventTarget-impl.js:350:25)
      at invokeEventListeners 
(node_modules/jsdom/lib/jsdom/living/events/EventTarget-impl.js:286:3)
      at HTMLInputElementImpl._dispatch 
(node_modules/jsdom/lib/jsdom/living/events/EventTarget-impl.js:233:9)
      at HTMLInputElementImpl.dispatchEvent 
(node_modules/jsdom/lib/jsdom/living/events/EventTarget-impl.js:104:17)
      at HTMLInputElement.dispatchEvent 
(node_modules/jsdom/lib/jsdom/living/generated/EventTarget.js:241:34)
      at 
node_modules/@testing-library/user-event/dist/cjs/event/dispatchEvent.js:45:43
      at Object.eventWrapper 
(node_modules/@testing-library/dom/dist/config.js:25:23)
      at Object.wrapEvent 
(node_modules/@testing-library/user-event/dist/cjs/event/wrapEvent.js:6:28)
      at Object.dispatchEvent (node_modules/@testing-library/user-event/dist/cj
s/event/dispatchEvent.js:45:22)
      at Object.dispatchUIEvent (node_modules/@testing-library/user-event/dist/
cjs/event/dispatchEvent.js:22:26)
      at commitInput 
(node_modules/@testing-library/user-event/dist/cjs/event/input.js:145:14)
      at editInputElement 
(node_modules/@testing-library/user-event/dist/cjs/event/input.js:115:9)
      at Object.input 
(node_modules/@testing-library/user-event/dist/cjs/event/input.js:37:9)
      at node_modules/@testing-library/user-event/dist/cjs/event/behavior/keypr
ess.js:31:26
      at Object.dispatchEvent (node_modules/@testing-library/user-event/dist/cj
s/event/dispatchEvent.js:41:13)
      at Object.dispatchUIEvent (node_modules/@testing-library/user-event/dist/
cjs/event/dispatchEvent.js:22:26)
      at KeyboardHost.keydown 
(node_modules/@testing-library/user-event/dist/cjs/system/keyboard.js:76:22)
      at keyboardAction 
(node_modules/@testing-library/user-event/dist/cjs/keyboard/index.js:22:35)
      at Object.keyboard 
(node_modules/@testing-library/user-event/dist/cjs/keyboard/index.js:11:15)
      at Object.type 
(node_modules/@testing-library/user-event/dist/cjs/utility/type.js:17:5)
      at Object.<anonymous> 
(src/settings/__tests__/RatingRulesPage.test.tsx:587:5)

    console.error
      Warning: An update to RatingRulesPage inside a test was not wrapped in 
act(...).
      
      When testing, code that causes React state updates should be wrapped 
into act(...):
      
      act(() => {
        /* fire events that update state */
      });
      /* assert on the output */
      
      This ensures that you're testing the behavior the user would see in the 
browser. Learn more at https://reactjs.org/link/wrap-tests-with-act
          at RatingRulesPage (C:\Users\samhe\OneDrive\Desktop\Cleaned\frontend\
src\settings\RatingRulesPage.tsx:26:47)
          at basenameProp (C:\Users\samhe\OneDrive\Desktop\Cleaned\frontend\nod
e_modules\react-router\lib\components.tsx:421:13)
          at basename (C:\Users\samhe\OneDrive\Desktop\Cleaned\frontend\node_mo
dules\react-router\lib\components.tsx:225:3)

      212 |                                             aria-label="Schedule 
Name"
      213 |                                             value={newName}
    > 214 |                                             onChange={e => 
setNewName(e.target.value)}
          |                                                            ^
      215 |                                             placeholder="Schedule 
nameÔÇª"
      216 |                                             className="w-full 
border border-gray-300 rounded px-2 py-0.5 text-sm focus:outline-none 
focus:ring-1 focus:ring-brand-500"
      217 |                                             // 
eslint-disable-next-line jsx-a11y/no-autofocus

      at printWarning 
(node_modules/react-dom/cjs/react-dom.development.js:86:30)
      at error (node_modules/react-dom/cjs/react-dom.development.js:60:7)
      at warnIfUpdatesNotWrappedWithActDEV 
(node_modules/react-dom/cjs/react-dom.development.js:27628:9)
      at scheduleUpdateOnFiber 
(node_modules/react-dom/cjs/react-dom.development.js:25547:5)
      at dispatchSetState 
(node_modules/react-dom/cjs/react-dom.development.js:16708:7)
      at onChange (src/settings/RatingRulesPage.tsx:214:60)
      at HTMLUnknownElement.callCallback 
(node_modules/react-dom/cjs/react-dom.development.js:4164:14)
      at HTMLUnknownElement.callTheUserObjectsOperation 
(node_modules/jsdom/lib/jsdom/living/generated/EventListener.js:26:30)
      at innerInvokeEventListeners 
(node_modules/jsdom/lib/jsdom/living/events/EventTarget-impl.js:350:25)
      at invokeEventListeners 
(node_modules/jsdom/lib/jsdom/living/events/EventTarget-impl.js:286:3)
      at HTMLUnknownElementImpl._dispatch 
(node_modules/jsdom/lib/jsdom/living/events/EventTarget-impl.js:233:9)
      at HTMLUnknownElementImpl.dispatchEvent 
(node_modules/jsdom/lib/jsdom/living/events/EventTarget-impl.js:104:17)
      at HTMLUnknownElement.dispatchEvent 
(node_modules/jsdom/lib/jsdom/living/generated/EventTarget.js:241:34)
      at Object.invokeGuardedCallbackDev 
(node_modules/react-dom/cjs/react-dom.development.js:4213:16)
      at invokeGuardedCallback 
(node_modules/react-dom/cjs/react-dom.development.js:4277:31)
      at invokeGuardedCallbackAndCatchFirstError 
(node_modules/react-dom/cjs/react-dom.development.js:4291:25)
      at executeDispatch 
(node_modules/react-dom/cjs/react-dom.development.js:9041:3)
      at processDispatchQueueItemsInOrder 
(node_modules/react-dom/cjs/react-dom.development.js:9073:7)
      at processDispatchQueue 
(node_modules/react-dom/cjs/react-dom.development.js:9086:5)
      at dispatchEventsForPlugins 
(node_modules/react-dom/cjs/react-dom.development.js:9097:3)
      at node_modules/react-dom/cjs/react-dom.development.js:9288:12
      at batchedUpdates$1 
(node_modules/react-dom/cjs/react-dom.development.js:26179:12)
      at batchedUpdates 
(node_modules/react-dom/cjs/react-dom.development.js:3991:12)
      at dispatchEventForPluginEventSystem 
(node_modules/react-dom/cjs/react-dom.development.js:9287:3)
      at dispatchEventWithEnableCapturePhaseSelectiveHydrationWithoutDiscreteEv
entReplay (node_modules/react-dom/cjs/react-dom.development.js:6465:5)
      at dispatchEvent 
(node_modules/react-dom/cjs/react-dom.development.js:6457:5)
      at dispatchDiscreteEvent 
(node_modules/react-dom/cjs/react-dom.development.js:6430:5)
      at HTMLDivElement.callTheUserObjectsOperation 
(node_modules/jsdom/lib/jsdom/living/generated/EventListener.js:26:30)
      at innerInvokeEventListeners 
(node_modules/jsdom/lib/jsdom/living/events/EventTarget-impl.js:350:25)
      at invokeEventListeners 
(node_modules/jsdom/lib/jsdom/living/events/EventTarget-impl.js:286:3)
      at HTMLInputElementImpl._dispatch 
(node_modules/jsdom/lib/jsdom/living/events/EventTarget-impl.js:233:9)
      at HTMLInputElementImpl.dispatchEvent 
(node_modules/jsdom/lib/jsdom/living/events/EventTarget-impl.js:104:17)
      at HTMLInputElement.dispatchEvent 
(node_modules/jsdom/lib/jsdom/living/generated/EventTarget.js:241:34)
      at 
node_modules/@testing-library/user-event/dist/cjs/event/dispatchEvent.js:45:43
      at Object.eventWrapper 
(node_modules/@testing-library/dom/dist/config.js:25:23)
      at Object.wrapEvent 
(node_modules/@testing-library/user-event/dist/cjs/event/wrapEvent.js:6:28)
      at Object.dispatchEvent (node_modules/@testing-library/user-event/dist/cj
s/event/dispatchEvent.js:45:22)
      at Object.dispatchUIEvent (node_modules/@testing-library/user-event/dist/
cjs/event/dispatchEvent.js:22:26)
      at commitInput 
(node_modules/@testing-library/user-event/dist/cjs/event/input.js:145:14)
      at editInputElement 
(node_modules/@testing-library/user-event/dist/cjs/event/input.js:115:9)
      at Object.input 
(node_modules/@testing-library/user-event/dist/cjs/event/input.js:37:9)
      at node_modules/@testing-library/user-event/dist/cjs/event/behavior/keypr
ess.js:31:26
      at Object.dispatchEvent (node_modules/@testing-library/user-event/dist/cj
s/event/dispatchEvent.js:41:13)
      at Object.dispatchUIEvent (node_modules/@testing-library/user-event/dist/
cjs/event/dispatchEvent.js:22:26)
      at KeyboardHost.keydown 
(node_modules/@testing-library/user-event/dist/cjs/system/keyboard.js:76:22)
      at keyboardAction 
(node_modules/@testing-library/user-event/dist/cjs/keyboard/index.js:22:35)
      at Object.keyboard 
(node_modules/@testing-library/user-event/dist/cjs/keyboard/index.js:11:15)
      at Object.type 
(node_modules/@testing-library/user-event/dist/cjs/utility/type.js:17:5)
      at Object.<anonymous> 
(src/settings/__tests__/RatingRulesPage.test.tsx:587:5)

    console.error
      Warning: An update to RatingRulesPage inside a test was not wrapped in 
act(...).
      
      When testing, code that causes React state updates should be wrapped 
into act(...):
      
      act(() => {
        /* fire events that update state */
      });
      /* assert on the output */
      
      This ensures that you're testing the behavior the user would see in the 
browser. Learn more at https://reactjs.org/link/wrap-tests-with-act
          at RatingRulesPage (C:\Users\samhe\OneDrive\Desktop\Cleaned\frontend\
src\settings\RatingRulesPage.tsx:26:47)
          at basenameProp (C:\Users\samhe\OneDrive\Desktop\Cleaned\frontend\nod
e_modules\react-router\lib\components.tsx:421:13)
          at basename (C:\Users\samhe\OneDrive\Desktop\Cleaned\frontend\node_mo
dules\react-router\lib\components.tsx:225:3)

      212 |                                             aria-label="Schedule 
Name"
      213 |                                             value={newName}
    > 214 |                                             onChange={e => 
setNewName(e.target.value)}
          |                                                            ^
      215 |                                             placeholder="Schedule 
nameÔÇª"
      216 |                                             className="w-full 
border border-gray-300 rounded px-2 py-0.5 text-sm focus:outline-none 
focus:ring-1 focus:ring-brand-500"
      217 |                                             // 
eslint-disable-next-line jsx-a11y/no-autofocus

      at printWarning 
(node_modules/react-dom/cjs/react-dom.development.js:86:30)
      at error (node_modules/react-dom/cjs/react-dom.development.js:60:7)
      at warnIfUpdatesNotWrappedWithActDEV 
(node_modules/react-dom/cjs/react-dom.development.js:27628:9)
      at scheduleUpdateOnFiber 
(node_modules/react-dom/cjs/react-dom.development.js:25547:5)
      at dispatchSetState 
(node_modules/react-dom/cjs/react-dom.development.js:16708:7)
      at onChange (src/settings/RatingRulesPage.tsx:214:60)
      at HTMLUnknownElement.callCallback 
(node_modules/react-dom/cjs/react-dom.development.js:4164:14)
      at HTMLUnknownElement.callTheUserObjectsOperation 
(node_modules/jsdom/lib/jsdom/living/generated/EventListener.js:26:30)
      at innerInvokeEventListeners 
(node_modules/jsdom/lib/jsdom/living/events/EventTarget-impl.js:350:25)
      at invokeEventListeners 
(node_modules/jsdom/lib/jsdom/living/events/EventTarget-impl.js:286:3)
      at HTMLUnknownElementImpl._dispatch 
(node_modules/jsdom/lib/jsdom/living/events/EventTarget-impl.js:233:9)
      at HTMLUnknownElementImpl.dispatchEvent 
(node_modules/jsdom/lib/jsdom/living/events/EventTarget-impl.js:104:17)
      at HTMLUnknownElement.dispatchEvent 
(node_modules/jsdom/lib/jsdom/living/generated/EventTarget.js:241:34)
      at Object.invokeGuardedCallbackDev 
(node_modules/react-dom/cjs/react-dom.development.js:4213:16)
      at invokeGuardedCallback 
(node_modules/react-dom/cjs/react-dom.development.js:4277:31)
      at invokeGuardedCallbackAndCatchFirstError 
(node_modules/react-dom/cjs/react-dom.development.js:4291:25)
      at executeDispatch 
(node_modules/react-dom/cjs/react-dom.development.js:9041:3)
      at processDispatchQueueItemsInOrder 
(node_modules/react-dom/cjs/react-dom.development.js:9073:7)
      at processDispatchQueue 
(node_modules/react-dom/cjs/react-dom.development.js:9086:5)
      at dispatchEventsForPlugins 
(node_modules/react-dom/cjs/react-dom.development.js:9097:3)
      at node_modules/react-dom/cjs/react-dom.development.js:9288:12
      at batchedUpdates$1 
(node_modules/react-dom/cjs/react-dom.development.js:26179:12)
      at batchedUpdates 
(node_modules/react-dom/cjs/react-dom.development.js:3991:12)
      at dispatchEventForPluginEventSystem 
(node_modules/react-dom/cjs/react-dom.development.js:9287:3)
      at dispatchEventWithEnableCapturePhaseSelectiveHydrationWithoutDiscreteEv
entReplay (node_modules/react-dom/cjs/react-dom.development.js:6465:5)
      at dispatchEvent 
(node_modules/react-dom/cjs/react-dom.development.js:6457:5)
      at dispatchDiscreteEvent 
(node_modules/react-dom/cjs/react-dom.development.js:6430:5)
      at HTMLDivElement.callTheUserObjectsOperation 
(node_modules/jsdom/lib/jsdom/living/generated/EventListener.js:26:30)
      at innerInvokeEventListeners 
(node_modules/jsdom/lib/jsdom/living/events/EventTarget-impl.js:350:25)
      at invokeEventListeners 
(node_modules/jsdom/lib/jsdom/living/events/EventTarget-impl.js:286:3)
      at HTMLInputElementImpl._dispatch 
(node_modules/jsdom/lib/jsdom/living/events/EventTarget-impl.js:233:9)
      at HTMLInputElementImpl.dispatchEvent 
(node_modules/jsdom/lib/jsdom/living/events/EventTarget-impl.js:104:17)
      at HTMLInputElement.dispatchEvent 
(node_modules/jsdom/lib/jsdom/living/generated/EventTarget.js:241:34)
      at 
node_modules/@testing-library/user-event/dist/cjs/event/dispatchEvent.js:45:43
      at Object.eventWrapper 
(node_modules/@testing-library/dom/dist/config.js:25:23)
      at Object.wrapEvent 
(node_modules/@testing-library/user-event/dist/cjs/event/wrapEvent.js:6:28)
      at Object.dispatchEvent (node_modules/@testing-library/user-event/dist/cj
s/event/dispatchEvent.js:45:22)
      at Object.dispatchUIEvent (node_modules/@testing-library/user-event/dist/
cjs/event/dispatchEvent.js:22:26)
      at commitInput 
(node_modules/@testing-library/user-event/dist/cjs/event/input.js:145:14)
      at editInputElement 
(node_modules/@testing-library/user-event/dist/cjs/event/input.js:115:9)
      at Object.input 
(node_modules/@testing-library/user-event/dist/cjs/event/input.js:37:9)
      at node_modules/@testing-library/user-event/dist/cjs/event/behavior/keypr
ess.js:31:26
      at Object.dispatchEvent (node_modules/@testing-library/user-event/dist/cj
s/event/dispatchEvent.js:41:13)
      at Object.dispatchUIEvent (node_modules/@testing-library/user-event/dist/
cjs/event/dispatchEvent.js:22:26)
      at KeyboardHost.keydown 
(node_modules/@testing-library/user-event/dist/cjs/system/keyboard.js:76:22)
      at keyboardAction 
(node_modules/@testing-library/user-event/dist/cjs/keyboard/index.js:22:35)
      at Object.keyboard 
(node_modules/@testing-library/user-event/dist/cjs/keyboard/index.js:11:15)
      at Object.type 
(node_modules/@testing-library/user-event/dist/cjs/utility/type.js:17:5)
      at Object.<anonymous> 
(src/settings/__tests__/RatingRulesPage.test.tsx:587:5)

    console.error
      Warning: An update to RatingRulesPage inside a test was not wrapped in 
act(...).
      
      When testing, code that causes React state updates should be wrapped 
into act(...):
      
      act(() => {
        /* fire events that update state */
      });
      /* assert on the output */
      
      This ensures that you're testing the behavior the user would see in the 
browser. Learn more at https://reactjs.org/link/wrap-tests-with-act
          at RatingRulesPage (C:\Users\samhe\OneDrive\Desktop\Cleaned\frontend\
src\settings\RatingRulesPage.tsx:26:47)
          at basenameProp (C:\Users\samhe\OneDrive\Desktop\Cleaned\frontend\nod
e_modules\react-router\lib\components.tsx:421:13)
          at basename (C:\Users\samhe\OneDrive\Desktop\Cleaned\frontend\node_mo
dules\react-router\lib\components.tsx:225:3)

      100 |     async function handleCreate() {
      101 |         if (!newName.trim()) return
    > 102 |         setCreating(true)
          |         ^
      103 |         try {
      104 |             const created = await createRatingSchedule({
      105 |                 name: newName.trim(),

      at printWarning 
(node_modules/react-dom/cjs/react-dom.development.js:86:30)
      at error (node_modules/react-dom/cjs/react-dom.development.js:60:7)
      at warnIfUpdatesNotWrappedWithActDEV 
(node_modules/react-dom/cjs/react-dom.development.js:27628:9)
      at scheduleUpdateOnFiber 
(node_modules/react-dom/cjs/react-dom.development.js:25547:5)
      at dispatchSetState 
(node_modules/react-dom/cjs/react-dom.development.js:16708:7)
      at handleCreate (src/settings/RatingRulesPage.tsx:102:9)
      at HTMLUnknownElement.callCallback 
(node_modules/react-dom/cjs/react-dom.development.js:4164:14)
      at HTMLUnknownElement.callTheUserObjectsOperation 
(node_modules/jsdom/lib/jsdom/living/generated/EventListener.js:26:30)
      at innerInvokeEventListeners 
(node_modules/jsdom/lib/jsdom/living/events/EventTarget-impl.js:350:25)
      at invokeEventListeners 
(node_modules/jsdom/lib/jsdom/living/events/EventTarget-impl.js:286:3)
      at HTMLUnknownElementImpl._dispatch 
(node_modules/jsdom/lib/jsdom/living/events/EventTarget-impl.js:233:9)
      at HTMLUnknownElementImpl.dispatchEvent 
(node_modules/jsdom/lib/jsdom/living/events/EventTarget-impl.js:104:17)
      at HTMLUnknownElement.dispatchEvent 
(node_modules/jsdom/lib/jsdom/living/generated/EventTarget.js:241:34)
      at Object.invokeGuardedCallbackDev 
(node_modules/react-dom/cjs/react-dom.development.js:4213:16)
      at invokeGuardedCallback 
(node_modules/react-dom/cjs/react-dom.development.js:4277:31)
      at invokeGuardedCallbackAndCatchFirstError 
(node_modules/react-dom/cjs/react-dom.development.js:4291:25)
      at executeDispatch 
(node_modules/react-dom/cjs/react-dom.development.js:9041:3)
      at processDispatchQueueItemsInOrder 
(node_modules/react-dom/cjs/react-dom.development.js:9073:7)
      at processDispatchQueue 
(node_modules/react-dom/cjs/react-dom.development.js:9086:5)
      at dispatchEventsForPlugins 
(node_modules/react-dom/cjs/react-dom.development.js:9097:3)
      at node_modules/react-dom/cjs/react-dom.development.js:9288:12
      at batchedUpdates$1 
(node_modules/react-dom/cjs/react-dom.development.js:26179:12)
      at batchedUpdates 
(node_modules/react-dom/cjs/react-dom.development.js:3991:12)
      at dispatchEventForPluginEventSystem 
(node_modules/react-dom/cjs/react-dom.development.js:9287:3)
      at dispatchEventWithEnableCapturePhaseSelectiveHydrationWithoutDiscreteEv
entReplay (node_modules/react-dom/cjs/react-dom.development.js:6465:5)
      at dispatchEvent 
(node_modules/react-dom/cjs/react-dom.development.js:6457:5)
      at dispatchDiscreteEvent 
(node_modules/react-dom/cjs/react-dom.development.js:6430:5)
      at HTMLDivElement.callTheUserObjectsOperation 
(node_modules/jsdom/lib/jsdom/living/generated/EventListener.js:26:30)
      at innerInvokeEventListeners 
(node_modules/jsdom/lib/jsdom/living/events/EventTarget-impl.js:350:25)
      at invokeEventListeners 
(node_modules/jsdom/lib/jsdom/living/events/EventTarget-impl.js:286:3)
      at HTMLButtonElementImpl._dispatch 
(node_modules/jsdom/lib/jsdom/living/events/EventTarget-impl.js:233:9)
      at HTMLButtonElementImpl.dispatchEvent 
(node_modules/jsdom/lib/jsdom/living/events/EventTarget-impl.js:104:17)
      at HTMLButtonElement.dispatchEvent 
(node_modules/jsdom/lib/jsdom/living/generated/EventTarget.js:241:34)
      at 
node_modules/@testing-library/user-event/dist/cjs/event/dispatchEvent.js:45:43
      at Object.eventWrapper 
(node_modules/@testing-library/dom/dist/config.js:25:23)
      at Object.wrapEvent 
(node_modules/@testing-library/user-event/dist/cjs/event/wrapEvent.js:6:28)
      at Object.dispatchEvent (node_modules/@testing-library/user-event/dist/cj
s/event/dispatchEvent.js:45:22)
      at Object.dispatchUIEvent (node_modules/@testing-library/user-event/dist/
cjs/event/dispatchEvent.js:22:26)
      at Mouse.up (node_modules/@testing-library/user-event/dist/cjs/system/poi
nter/mouse.js:100:30)
      at PointerHost.release (node_modules/@testing-library/user-event/dist/cjs
/system/pointer/index.js:87:24)
      at pointerAction 
(node_modules/@testing-library/user-event/dist/cjs/pointer/index.js:54:47)
      at Object.pointer 
(node_modules/@testing-library/user-event/dist/cjs/pointer/index.js:27:9)
      at Object.<anonymous> 
(src/settings/__tests__/RatingRulesPage.test.tsx:588:5)

    console.error
      Warning: An update to RatingRulesPage inside a test was not wrapped in 
act(...).
      
      When testing, code that causes React state updates should be wrapped 
into act(...):
      
      act(() => {
        /* fire events that update state */
      });
      /* assert on the output */
      
      This ensures that you're testing the behavior the user would see in the 
browser. Learn more at https://reactjs.org/link/wrap-tests-with-act
          at RatingRulesPage (C:\Users\samhe\OneDrive\Desktop\Cleaned\frontend\
src\settings\RatingRulesPage.tsx:26:47)
          at basenameProp (C:\Users\samhe\OneDrive\Desktop\Cleaned\frontend\nod
e_modules\react-router\lib\components.tsx:421:13)
          at basename (C:\Users\samhe\OneDrive\Desktop\Cleaned\frontend\node_mo
dules\react-router\lib\components.tsx:225:3)

      110 |             navigate(`/settings/rating-rules/${created.id}`)
      111 |         } finally {
    > 112 |             setCreating(false)
          |             ^
      113 |         }
      114 |     }
      115 |

      at printWarning 
(node_modules/react-dom/cjs/react-dom.development.js:86:30)
      at error (node_modules/react-dom/cjs/react-dom.development.js:60:7)
      at warnIfUpdatesNotWrappedWithActDEV 
(node_modules/react-dom/cjs/react-dom.development.js:27628:9)
      at scheduleUpdateOnFiber 
(node_modules/react-dom/cjs/react-dom.development.js:25547:5)
      at dispatchSetState 
(node_modules/react-dom/cjs/react-dom.development.js:16708:7)
      at handleCreate (src/settings/RatingRulesPage.tsx:112:13)

    console.error
      Warning: An update to RatingRulesPage inside a test was not wrapped in 
act(...).
      
      When testing, code that causes React state updates should be wrapped 
into act(...):
      
      act(() => {
        /* fire events that update state */
      });
      /* assert on the output */
      
      This ensures that you're testing the behavior the user would see in the 
browser. Learn more at https://reactjs.org/link/wrap-tests-with-act
          at RatingRulesPage (C:\Users\samhe\OneDrive\Desktop\Cleaned\frontend\
src\settings\RatingRulesPage.tsx:26:47)
          at basenameProp (C:\Users\samhe\OneDrive\Desktop\Cleaned\frontend\nod
e_modules\react-router\lib\components.tsx:421:13)
          at basename (C:\Users\samhe\OneDrive\Desktop\Cleaned\frontend\node_mo
dules\react-router\lib\components.tsx:225:3)

      154 |                                             title="Add schedule"
      155 |                                             
className="text-brand-600 hover:text-brand-800"
    > 156 |                                             onClick={() => 
setShowInlineCreate(true)}
          |                                                            ^
      157 |                                         >
      158 |                                             <FiPlus size={14} />
      159 |                                         </button>

      at printWarning 
(node_modules/react-dom/cjs/react-dom.development.js:86:30)
      at error (node_modules/react-dom/cjs/react-dom.development.js:60:7)
      at warnIfUpdatesNotWrappedWithActDEV 
(node_modules/react-dom/cjs/react-dom.development.js:27628:9)
      at scheduleUpdateOnFiber 
(node_modules/react-dom/cjs/react-dom.development.js:25547:5)
      at dispatchSetState 
(node_modules/react-dom/cjs/react-dom.development.js:16708:7)
      at onClick (src/settings/RatingRulesPage.tsx:156:60)
      at HTMLUnknownElement.callCallback 
(node_modules/react-dom/cjs/react-dom.development.js:4164:14)
      at HTMLUnknownElement.callTheUserObjectsOperation 
(node_modules/jsdom/lib/jsdom/living/generated/EventListener.js:26:30)
      at innerInvokeEventListeners 
(node_modules/jsdom/lib/jsdom/living/events/EventTarget-impl.js:350:25)
      at invokeEventListeners 
(node_modules/jsdom/lib/jsdom/living/events/EventTarget-impl.js:286:3)
      at HTMLUnknownElementImpl._dispatch 
(node_modules/jsdom/lib/jsdom/living/events/EventTarget-impl.js:233:9)
      at HTMLUnknownElementImpl.dispatchEvent 
(node_modules/jsdom/lib/jsdom/living/events/EventTarget-impl.js:104:17)
      at HTMLUnknownElement.dispatchEvent 
(node_modules/jsdom/lib/jsdom/living/generated/EventTarget.js:241:34)
      at Object.invokeGuardedCallbackDev 
(node_modules/react-dom/cjs/react-dom.development.js:4213:16)
      at invokeGuardedCallback 
(node_modules/react-dom/cjs/react-dom.development.js:4277:31)
      at invokeGuardedCallbackAndCatchFirstError 
(node_modules/react-dom/cjs/react-dom.development.js:4291:25)
      at executeDispatch 
(node_modules/react-dom/cjs/react-dom.development.js:9041:3)
      at processDispatchQueueItemsInOrder 
(node_modules/react-dom/cjs/react-dom.development.js:9073:7)
      at processDispatchQueue 
(node_modules/react-dom/cjs/react-dom.development.js:9086:5)
      at dispatchEventsForPlugins 
(node_modules/react-dom/cjs/react-dom.development.js:9097:3)
      at node_modules/react-dom/cjs/react-dom.development.js:9288:12
      at batchedUpdates$1 
(node_modules/react-dom/cjs/react-dom.development.js:26179:12)
      at batchedUpdates 
(node_modules/react-dom/cjs/react-dom.development.js:3991:12)
      at dispatchEventForPluginEventSystem 
(node_modules/react-dom/cjs/react-dom.development.js:9287:3)
      at dispatchEventWithEnableCapturePhaseSelectiveHydrationWithoutDiscreteEv
entReplay (node_modules/react-dom/cjs/react-dom.development.js:6465:5)
      at dispatchEvent 
(node_modules/react-dom/cjs/react-dom.development.js:6457:5)
      at dispatchDiscreteEvent 
(node_modules/react-dom/cjs/react-dom.development.js:6430:5)
      at HTMLDivElement.callTheUserObjectsOperation 
(node_modules/jsdom/lib/jsdom/living/generated/EventListener.js:26:30)
      at innerInvokeEventListeners 
(node_modules/jsdom/lib/jsdom/living/events/EventTarget-impl.js:350:25)
      at invokeEventListeners 
(node_modules/jsdom/lib/jsdom/living/events/EventTarget-impl.js:286:3)
      at HTMLButtonElementImpl._dispatch 
(node_modules/jsdom/lib/jsdom/living/events/EventTarget-impl.js:233:9)
      at HTMLButtonElementImpl.dispatchEvent 
(node_modules/jsdom/lib/jsdom/living/events/EventTarget-impl.js:104:17)
      at HTMLButtonElement.dispatchEvent 
(node_modules/jsdom/lib/jsdom/living/generated/EventTarget.js:241:34)
      at 
node_modules/@testing-library/user-event/dist/cjs/event/dispatchEvent.js:45:43
      at Object.eventWrapper 
(node_modules/@testing-library/dom/dist/config.js:25:23)
      at Object.wrapEvent 
(node_modules/@testing-library/user-event/dist/cjs/event/wrapEvent.js:6:28)
      at Object.dispatchEvent (node_modules/@testing-library/user-event/dist/cj
s/event/dispatchEvent.js:45:22)
      at Object.dispatchUIEvent (node_modules/@testing-library/user-event/dist/
cjs/event/dispatchEvent.js:22:26)
      at Mouse.up (node_modules/@testing-library/user-event/dist/cjs/system/poi
nter/mouse.js:100:30)
      at PointerHost.release (node_modules/@testing-library/user-event/dist/cjs
/system/pointer/index.js:87:24)
      at pointerAction 
(node_modules/@testing-library/user-event/dist/cjs/pointer/index.js:54:47)
      at Object.pointer 
(node_modules/@testing-library/user-event/dist/cjs/pointer/index.js:27:9)
      at Object.<anonymous> 
(src/settings/__tests__/RatingRulesPage.test.tsx:602:5)

    console.error
      Warning: An update to RatingRulesPage inside a test was not wrapped in 
act(...).
      
      When testing, code that causes React state updates should be wrapped 
into act(...):
      
      act(() => {
        /* fire events that update state */
      });
      /* assert on the output */
      
      This ensures that you're testing the behavior the user would see in the 
browser. Learn more at https://reactjs.org/link/wrap-tests-with-act
          at RatingRulesPage (C:\Users\samhe\OneDrive\Desktop\Cleaned\frontend\
src\settings\RatingRulesPage.tsx:26:47)
          at basenameProp (C:\Users\samhe\OneDrive\Desktop\Cleaned\frontend\nod
e_modules\react-router\lib\components.tsx:421:13)
          at basename (C:\Users\samhe\OneDrive\Desktop\Cleaned\frontend\node_mo
dules\react-router\lib\components.tsx:225:3)

      212 |                                             aria-label="Schedule 
Name"
      213 |                                             value={newName}
    > 214 |                                             onChange={e => 
setNewName(e.target.value)}
          |                                                            ^
      215 |                                             placeholder="Schedule 
nameÔÇª"
      216 |                                             className="w-full 
border border-gray-300 rounded px-2 py-0.5 text-sm focus:outline-none 
focus:ring-1 focus:ring-brand-500"
      217 |                                             // 
eslint-disable-next-line jsx-a11y/no-autofocus

      at printWarning 
(node_modules/react-dom/cjs/react-dom.development.js:86:30)
      at error (node_modules/react-dom/cjs/react-dom.development.js:60:7)
      at warnIfUpdatesNotWrappedWithActDEV 
(node_modules/react-dom/cjs/react-dom.development.js:27628:9)
      at scheduleUpdateOnFiber 
(node_modules/react-dom/cjs/react-dom.development.js:25547:5)
      at dispatchSetState 
(node_modules/react-dom/cjs/react-dom.development.js:16708:7)
      at onChange (src/settings/RatingRulesPage.tsx:214:60)
      at HTMLUnknownElement.callCallback 
(node_modules/react-dom/cjs/react-dom.development.js:4164:14)
      at HTMLUnknownElement.callTheUserObjectsOperation 
(node_modules/jsdom/lib/jsdom/living/generated/EventListener.js:26:30)
      at innerInvokeEventListeners 
(node_modules/jsdom/lib/jsdom/living/events/EventTarget-impl.js:350:25)
      at invokeEventListeners 
(node_modules/jsdom/lib/jsdom/living/events/EventTarget-impl.js:286:3)
      at HTMLUnknownElementImpl._dispatch 
(node_modules/jsdom/lib/jsdom/living/events/EventTarget-impl.js:233:9)
      at HTMLUnknownElementImpl.dispatchEvent 
(node_modules/jsdom/lib/jsdom/living/events/EventTarget-impl.js:104:17)
      at HTMLUnknownElement.dispatchEvent 
(node_modules/jsdom/lib/jsdom/living/generated/EventTarget.js:241:34)
      at Object.invokeGuardedCallbackDev 
(node_modules/react-dom/cjs/react-dom.development.js:4213:16)
      at invokeGuardedCallback 
(node_modules/react-dom/cjs/react-dom.development.js:4277:31)
      at invokeGuardedCallbackAndCatchFirstError 
(node_modules/react-dom/cjs/react-dom.development.js:4291:25)
      at executeDispatch 
(node_modules/react-dom/cjs/react-dom.development.js:9041:3)
      at processDispatchQueueItemsInOrder 
(node_modules/react-dom/cjs/react-dom.development.js:9073:7)
      at processDispatchQueue 
(node_modules/react-dom/cjs/react-dom.development.js:9086:5)
      at dispatchEventsForPlugins 
(node_modules/react-dom/cjs/react-dom.development.js:9097:3)
      at node_modules/react-dom/cjs/react-dom.development.js:9288:12
      at batchedUpdates$1 
(node_modules/react-dom/cjs/react-dom.development.js:26179:12)
      at batchedUpdates 
(node_modules/react-dom/cjs/react-dom.development.js:3991:12)
      at dispatchEventForPluginEventSystem 
(node_modules/react-dom/cjs/react-dom.development.js:9287:3)
      at dispatchEventWithEnableCapturePhaseSelectiveHydrationWithoutDiscreteEv
entReplay (node_modules/react-dom/cjs/react-dom.development.js:6465:5)
      at dispatchEvent 
(node_modules/react-dom/cjs/react-dom.development.js:6457:5)
      at dispatchDiscreteEvent 
(node_modules/react-dom/cjs/react-dom.development.js:6430:5)
      at HTMLDivElement.callTheUserObjectsOperation 
(node_modules/jsdom/lib/jsdom/living/generated/EventListener.js:26:30)
      at innerInvokeEventListeners 
(node_modules/jsdom/lib/jsdom/living/events/EventTarget-impl.js:350:25)
      at invokeEventListeners 
(node_modules/jsdom/lib/jsdom/living/events/EventTarget-impl.js:286:3)
      at HTMLInputElementImpl._dispatch 
(node_modules/jsdom/lib/jsdom/living/events/EventTarget-impl.js:233:9)
      at HTMLInputElementImpl.dispatchEvent 
(node_modules/jsdom/lib/jsdom/living/events/EventTarget-impl.js:104:17)
      at HTMLInputElement.dispatchEvent 
(node_modules/jsdom/lib/jsdom/living/generated/EventTarget.js:241:34)
      at 
node_modules/@testing-library/user-event/dist/cjs/event/dispatchEvent.js:45:43
      at Object.eventWrapper 
(node_modules/@testing-library/dom/dist/config.js:25:23)
      at Object.wrapEvent 
(node_modules/@testing-library/user-event/dist/cjs/event/wrapEvent.js:6:28)
      at Object.dispatchEvent (node_modules/@testing-library/user-event/dist/cj
s/event/dispatchEvent.js:45:22)
      at Object.dispatchUIEvent (node_modules/@testing-library/user-event/dist/
cjs/event/dispatchEvent.js:22:26)
      at commitInput 
(node_modules/@testing-library/user-event/dist/cjs/event/input.js:145:14)
      at editInputElement 
(node_modules/@testing-library/user-event/dist/cjs/event/input.js:115:9)
      at Object.input 
(node_modules/@testing-library/user-event/dist/cjs/event/input.js:37:9)
      at node_modules/@testing-library/user-event/dist/cjs/event/behavior/keypr
ess.js:31:26
      at Object.dispatchEvent (node_modules/@testing-library/user-event/dist/cj
s/event/dispatchEvent.js:41:13)
      at Object.dispatchUIEvent (node_modules/@testing-library/user-event/dist/
cjs/event/dispatchEvent.js:22:26)
      at KeyboardHost.keydown 
(node_modules/@testing-library/user-event/dist/cjs/system/keyboard.js:76:22)
      at keyboardAction 
(node_modules/@testing-library/user-event/dist/cjs/keyboard/index.js:22:35)
      at Object.keyboard 
(node_modules/@testing-library/user-event/dist/cjs/keyboard/index.js:11:15)
      at Object.type 
(node_modules/@testing-library/user-event/dist/cjs/utility/type.js:17:5)
      at Object.<anonymous> 
(src/settings/__tests__/RatingRulesPage.test.tsx:603:5)

    console.error
      Warning: An update to RatingRulesPage inside a test was not wrapped in 
act(...).
      
      When testing, code that causes React state updates should be wrapped 
into act(...):
      
      act(() => {
        /* fire events that update state */
      });
      /* assert on the output */
      
      This ensures that you're testing the behavior the user would see in the 
browser. Learn more at https://reactjs.org/link/wrap-tests-with-act
          at RatingRulesPage (C:\Users\samhe\OneDrive\Desktop\Cleaned\frontend\
src\settings\RatingRulesPage.tsx:26:47)
          at basenameProp (C:\Users\samhe\OneDrive\Desktop\Cleaned\frontend\nod
e_modules\react-router\lib\components.tsx:421:13)
          at basename (C:\Users\samhe\OneDrive\Desktop\Cleaned\frontend\node_mo
dules\react-router\lib\components.tsx:225:3)

      212 |                                             aria-label="Schedule 
Name"
      213 |                                             value={newName}
    > 214 |                                             onChange={e => 
setNewName(e.target.value)}
          |                                                            ^
      215 |                                             placeholder="Schedule 
nameÔÇª"
      216 |                                             className="w-full 
border border-gray-300 rounded px-2 py-0.5 text-sm focus:outline-none 
focus:ring-1 focus:ring-brand-500"
      217 |                                             // 
eslint-disable-next-line jsx-a11y/no-autofocus

      at printWarning 
(node_modules/react-dom/cjs/react-dom.development.js:86:30)
      at error (node_modules/react-dom/cjs/react-dom.development.js:60:7)
      at warnIfUpdatesNotWrappedWithActDEV 
(node_modules/react-dom/cjs/react-dom.development.js:27628:9)
      at scheduleUpdateOnFiber 
(node_modules/react-dom/cjs/react-dom.development.js:25547:5)
      at dispatchSetState 
(node_modules/react-dom/cjs/react-dom.development.js:16708:7)
      at onChange (src/settings/RatingRulesPage.tsx:214:60)
      at HTMLUnknownElement.callCallback 
(node_modules/react-dom/cjs/react-dom.development.js:4164:14)
      at HTMLUnknownElement.callTheUserObjectsOperation 
(node_modules/jsdom/lib/jsdom/living/generated/EventListener.js:26:30)
      at innerInvokeEventListeners 
(node_modules/jsdom/lib/jsdom/living/events/EventTarget-impl.js:350:25)
      at invokeEventListeners 
(node_modules/jsdom/lib/jsdom/living/events/EventTarget-impl.js:286:3)
      at HTMLUnknownElementImpl._dispatch 
(node_modules/jsdom/lib/jsdom/living/events/EventTarget-impl.js:233:9)
      at HTMLUnknownElementImpl.dispatchEvent 
(node_modules/jsdom/lib/jsdom/living/events/EventTarget-impl.js:104:17)
      at HTMLUnknownElement.dispatchEvent 
(node_modules/jsdom/lib/jsdom/living/generated/EventTarget.js:241:34)
      at Object.invokeGuardedCallbackDev 
(node_modules/react-dom/cjs/react-dom.development.js:4213:16)
      at invokeGuardedCallback 
(node_modules/react-dom/cjs/react-dom.development.js:4277:31)
      at invokeGuardedCallbackAndCatchFirstError 
(node_modules/react-dom/cjs/react-dom.development.js:4291:25)
      at executeDispatch 
(node_modules/react-dom/cjs/react-dom.development.js:9041:3)
      at processDispatchQueueItemsInOrder 
(node_modules/react-dom/cjs/react-dom.development.js:9073:7)
      at processDispatchQueue 
(node_modules/react-dom/cjs/react-dom.development.js:9086:5)
      at dispatchEventsForPlugins 
(node_modules/react-dom/cjs/react-dom.development.js:9097:3)
      at node_modules/react-dom/cjs/react-dom.development.js:9288:12
      at batchedUpdates$1 
(node_modules/react-dom/cjs/react-dom.development.js:26179:12)
      at batchedUpdates 
(node_modules/react-dom/cjs/react-dom.development.js:3991:12)
      at dispatchEventForPluginEventSystem 
(node_modules/react-dom/cjs/react-dom.development.js:9287:3)
      at dispatchEventWithEnableCapturePhaseSelectiveHydrationWithoutDiscreteEv
entReplay (node_modules/react-dom/cjs/react-dom.development.js:6465:5)
      at dispatchEvent 
(node_modules/react-dom/cjs/react-dom.development.js:6457:5)
      at dispatchDiscreteEvent 
(node_modules/react-dom/cjs/react-dom.development.js:6430:5)
      at HTMLDivElement.callTheUserObjectsOperation 
(node_modules/jsdom/lib/jsdom/living/generated/EventListener.js:26:30)
      at innerInvokeEventListeners 
(node_modules/jsdom/lib/jsdom/living/events/EventTarget-impl.js:350:25)
      at invokeEventListeners 
(node_modules/jsdom/lib/jsdom/living/events/EventTarget-impl.js:286:3)
      at HTMLInputElementImpl._dispatch 
(node_modules/jsdom/lib/jsdom/living/events/EventTarget-impl.js:233:9)
      at HTMLInputElementImpl.dispatchEvent 
(node_modules/jsdom/lib/jsdom/living/events/EventTarget-impl.js:104:17)
      at HTMLInputElement.dispatchEvent 
(node_modules/jsdom/lib/jsdom/living/generated/EventTarget.js:241:34)
      at 
node_modules/@testing-library/user-event/dist/cjs/event/dispatchEvent.js:45:43
      at Object.eventWrapper 
(node_modules/@testing-library/dom/dist/config.js:25:23)
      at Object.wrapEvent 
(node_modules/@testing-library/user-event/dist/cjs/event/wrapEvent.js:6:28)
      at Object.dispatchEvent (node_modules/@testing-library/user-event/dist/cj
s/event/dispatchEvent.js:45:22)
      at Object.dispatchUIEvent (node_modules/@testing-library/user-event/dist/
cjs/event/dispatchEvent.js:22:26)
      at commitInput 
(node_modules/@testing-library/user-event/dist/cjs/event/input.js:145:14)
      at editInputElement 
(node_modules/@testing-library/user-event/dist/cjs/event/input.js:115:9)
      at Object.input 
(node_modules/@testing-library/user-event/dist/cjs/event/input.js:37:9)
      at node_modules/@testing-library/user-event/dist/cjs/event/behavior/keypr
ess.js:31:26
      at Object.dispatchEvent (node_modules/@testing-library/user-event/dist/cj
s/event/dispatchEvent.js:41:13)
      at Object.dispatchUIEvent (node_modules/@testing-library/user-event/dist/
cjs/event/dispatchEvent.js:22:26)
      at KeyboardHost.keydown 
(node_modules/@testing-library/user-event/dist/cjs/system/keyboard.js:76:22)
      at keyboardAction 
(node_modules/@testing-library/user-event/dist/cjs/keyboard/index.js:22:35)
      at Object.keyboard 
(node_modules/@testing-library/user-event/dist/cjs/keyboard/index.js:11:15)
      at Object.type 
(node_modules/@testing-library/user-event/dist/cjs/utility/type.js:17:5)
      at Object.<anonymous> 
(src/settings/__tests__/RatingRulesPage.test.tsx:603:5)

    console.error
      Warning: An update to RatingRulesPage inside a test was not wrapped in 
act(...).
      
      When testing, code that causes React state updates should be wrapped 
into act(...):
      
      act(() => {
        /* fire events that update state */
      });
      /* assert on the output */
      
      This ensures that you're testing the behavior the user would see in the 
browser. Learn more at https://reactjs.org/link/wrap-tests-with-act
          at RatingRulesPage (C:\Users\samhe\OneDrive\Desktop\Cleaned\frontend\
src\settings\RatingRulesPage.tsx:26:47)
          at basenameProp (C:\Users\samhe\OneDrive\Desktop\Cleaned\frontend\nod
e_modules\react-router\lib\components.tsx:421:13)
          at basename (C:\Users\samhe\OneDrive\Desktop\Cleaned\frontend\node_mo
dules\react-router\lib\components.tsx:225:3)

      212 |                                             aria-label="Schedule 
Name"
      213 |                                             value={newName}
    > 214 |                                             onChange={e => 
setNewName(e.target.value)}
          |                                                            ^
      215 |                                             placeholder="Schedule 
nameÔÇª"
      216 |                                             className="w-full 
border border-gray-300 rounded px-2 py-0.5 text-sm focus:outline-none 
focus:ring-1 focus:ring-brand-500"
      217 |                                             // 
eslint-disable-next-line jsx-a11y/no-autofocus

      at printWarning 
(node_modules/react-dom/cjs/react-dom.development.js:86:30)
      at error (node_modules/react-dom/cjs/react-dom.development.js:60:7)
      at warnIfUpdatesNotWrappedWithActDEV 
(node_modules/react-dom/cjs/react-dom.development.js:27628:9)
      at scheduleUpdateOnFiber 
(node_modules/react-dom/cjs/react-dom.development.js:25547:5)
      at dispatchSetState 
(node_modules/react-dom/cjs/react-dom.development.js:16708:7)
      at onChange (src/settings/RatingRulesPage.tsx:214:60)
      at HTMLUnknownElement.callCallback 
(node_modules/react-dom/cjs/react-dom.development.js:4164:14)
      at HTMLUnknownElement.callTheUserObjectsOperation 
(node_modules/jsdom/lib/jsdom/living/generated/EventListener.js:26:30)
      at innerInvokeEventListeners 
(node_modules/jsdom/lib/jsdom/living/events/EventTarget-impl.js:350:25)
      at invokeEventListeners 
(node_modules/jsdom/lib/jsdom/living/events/EventTarget-impl.js:286:3)
      at HTMLUnknownElementImpl._dispatch 
(node_modules/jsdom/lib/jsdom/living/events/EventTarget-impl.js:233:9)
      at HTMLUnknownElementImpl.dispatchEvent 
(node_modules/jsdom/lib/jsdom/living/events/EventTarget-impl.js:104:17)
      at HTMLUnknownElement.dispatchEvent 
(node_modules/jsdom/lib/jsdom/living/generated/EventTarget.js:241:34)
      at Object.invokeGuardedCallbackDev 
(node_modules/react-dom/cjs/react-dom.development.js:4213:16)
      at invokeGuardedCallback 
(node_modules/react-dom/cjs/react-dom.development.js:4277:31)
      at invokeGuardedCallbackAndCatchFirstError 
(node_modules/react-dom/cjs/react-dom.development.js:4291:25)
      at executeDispatch 
(node_modules/react-dom/cjs/react-dom.development.js:9041:3)
      at processDispatchQueueItemsInOrder 
(node_modules/react-dom/cjs/react-dom.development.js:9073:7)
      at processDispatchQueue 
(node_modules/react-dom/cjs/react-dom.development.js:9086:5)
      at dispatchEventsForPlugins 
(node_modules/react-dom/cjs/react-dom.development.js:9097:3)
      at node_modules/react-dom/cjs/react-dom.development.js:9288:12
      at batchedUpdates$1 
(node_modules/react-dom/cjs/react-dom.development.js:26179:12)
      at batchedUpdates 
(node_modules/react-dom/cjs/react-dom.development.js:3991:12)
      at dispatchEventForPluginEventSystem 
(node_modules/react-dom/cjs/react-dom.development.js:9287:3)
      at dispatchEventWithEnableCapturePhaseSelectiveHydrationWithoutDiscreteEv
entReplay (node_modules/react-dom/cjs/react-dom.development.js:6465:5)
      at dispatchEvent 
(node_modules/react-dom/cjs/react-dom.development.js:6457:5)
      at dispatchDiscreteEvent 
(node_modules/react-dom/cjs/react-dom.development.js:6430:5)
      at HTMLDivElement.callTheUserObjectsOperation 
(node_modules/jsdom/lib/jsdom/living/generated/EventListener.js:26:30)
      at innerInvokeEventListeners 
(node_modules/jsdom/lib/jsdom/living/events/EventTarget-impl.js:350:25)
      at invokeEventListeners 
(node_modules/jsdom/lib/jsdom/living/events/EventTarget-impl.js:286:3)
      at HTMLInputElementImpl._dispatch 
(node_modules/jsdom/lib/jsdom/living/events/EventTarget-impl.js:233:9)
      at HTMLInputElementImpl.dispatchEvent 
(node_modules/jsdom/lib/jsdom/living/events/EventTarget-impl.js:104:17)
      at HTMLInputElement.dispatchEvent 
(node_modules/jsdom/lib/jsdom/living/generated/EventTarget.js:241:34)
      at 
node_modules/@testing-library/user-event/dist/cjs/event/dispatchEvent.js:45:43
      at Object.eventWrapper 
(node_modules/@testing-library/dom/dist/config.js:25:23)
      at Object.wrapEvent 
(node_modules/@testing-library/user-event/dist/cjs/event/wrapEvent.js:6:28)
      at Object.dispatchEvent (node_modules/@testing-library/user-event/dist/cj
s/event/dispatchEvent.js:45:22)
      at Object.dispatchUIEvent (node_modules/@testing-library/user-event/dist/
cjs/event/dispatchEvent.js:22:26)
      at commitInput 
(node_modules/@testing-library/user-event/dist/cjs/event/input.js:145:14)
      at editInputElement 
(node_modules/@testing-library/user-event/dist/cjs/event/input.js:115:9)
      at Object.input 
(node_modules/@testing-library/user-event/dist/cjs/event/input.js:37:9)
      at node_modules/@testing-library/user-event/dist/cjs/event/behavior/keypr
ess.js:31:26
      at Object.dispatchEvent (node_modules/@testing-library/user-event/dist/cj
s/event/dispatchEvent.js:41:13)
      at Object.dispatchUIEvent (node_modules/@testing-library/user-event/dist/
cjs/event/dispatchEvent.js:22:26)
      at KeyboardHost.keydown 
(node_modules/@testing-library/user-event/dist/cjs/system/keyboard.js:76:22)
      at keyboardAction 
(node_modules/@testing-library/user-event/dist/cjs/keyboard/index.js:22:35)
      at Object.keyboard 
(node_modules/@testing-library/user-event/dist/cjs/keyboard/index.js:11:15)
      at Object.type 
(node_modules/@testing-library/user-event/dist/cjs/utility/type.js:17:5)
      at Object.<anonymous> 
(src/settings/__tests__/RatingRulesPage.test.tsx:603:5)

    console.error
      Warning: An update to RatingRulesPage inside a test was not wrapped in 
act(...).
      
      When testing, code that causes React state updates should be wrapped 
into act(...):
      
      act(() => {
        /* fire events that update state */
      });
      /* assert on the output */
      
      This ensures that you're testing the behavior the user would see in the 
browser. Learn more at https://reactjs.org/link/wrap-tests-with-act
          at RatingRulesPage (C:\Users\samhe\OneDrive\Desktop\Cleaned\frontend\
src\settings\RatingRulesPage.tsx:26:47)
          at basenameProp (C:\Users\samhe\OneDrive\Desktop\Cleaned\frontend\nod
e_modules\react-router\lib\components.tsx:421:13)
          at basename (C:\Users\samhe\OneDrive\Desktop\Cleaned\frontend\node_mo
dules\react-router\lib\components.tsx:225:3)

      212 |                                             aria-label="Schedule 
Name"
      213 |                                             value={newName}
    > 214 |                                             onChange={e => 
setNewName(e.target.value)}
          |                                                            ^
      215 |                                             placeholder="Schedule 
nameÔÇª"
      216 |                                             className="w-full 
border border-gray-300 rounded px-2 py-0.5 text-sm focus:outline-none 
focus:ring-1 focus:ring-brand-500"
      217 |                                             // 
eslint-disable-next-line jsx-a11y/no-autofocus

      at printWarning 
(node_modules/react-dom/cjs/react-dom.development.js:86:30)
      at error (node_modules/react-dom/cjs/react-dom.development.js:60:7)
      at warnIfUpdatesNotWrappedWithActDEV 
(node_modules/react-dom/cjs/react-dom.development.js:27628:9)
      at scheduleUpdateOnFiber 
(node_modules/react-dom/cjs/react-dom.development.js:25547:5)
      at dispatchSetState 
(node_modules/react-dom/cjs/react-dom.development.js:16708:7)
      at onChange (src/settings/RatingRulesPage.tsx:214:60)
      at HTMLUnknownElement.callCallback 
(node_modules/react-dom/cjs/react-dom.development.js:4164:14)
      at HTMLUnknownElement.callTheUserObjectsOperation 
(node_modules/jsdom/lib/jsdom/living/generated/EventListener.js:26:30)
      at innerInvokeEventListeners 
(node_modules/jsdom/lib/jsdom/living/events/EventTarget-impl.js:350:25)
      at invokeEventListeners 
(node_modules/jsdom/lib/jsdom/living/events/EventTarget-impl.js:286:3)
      at HTMLUnknownElementImpl._dispatch 
(node_modules/jsdom/lib/jsdom/living/events/EventTarget-impl.js:233:9)
      at HTMLUnknownElementImpl.dispatchEvent 
(node_modules/jsdom/lib/jsdom/living/events/EventTarget-impl.js:104:17)
      at HTMLUnknownElement.dispatchEvent 
(node_modules/jsdom/lib/jsdom/living/generated/EventTarget.js:241:34)
      at Object.invokeGuardedCallbackDev 
(node_modules/react-dom/cjs/react-dom.development.js:4213:16)
      at invokeGuardedCallback 
(node_modules/react-dom/cjs/react-dom.development.js:4277:31)
      at invokeGuardedCallbackAndCatchFirstError 
(node_modules/react-dom/cjs/react-dom.development.js:4291:25)
      at executeDispatch 
(node_modules/react-dom/cjs/react-dom.development.js:9041:3)
      at processDispatchQueueItemsInOrder 
(node_modules/react-dom/cjs/react-dom.development.js:9073:7)
      at processDispatchQueue 
(node_modules/react-dom/cjs/react-dom.development.js:9086:5)
      at dispatchEventsForPlugins 
(node_modules/react-dom/cjs/react-dom.development.js:9097:3)
      at node_modules/react-dom/cjs/react-dom.development.js:9288:12
      at batchedUpdates$1 
(node_modules/react-dom/cjs/react-dom.development.js:26179:12)
      at batchedUpdates 
(node_modules/react-dom/cjs/react-dom.development.js:3991:12)
      at dispatchEventForPluginEventSystem 
(node_modules/react-dom/cjs/react-dom.development.js:9287:3)
      at dispatchEventWithEnableCapturePhaseSelectiveHydrationWithoutDiscreteEv
entReplay (node_modules/react-dom/cjs/react-dom.development.js:6465:5)
      at dispatchEvent 
(node_modules/react-dom/cjs/react-dom.development.js:6457:5)
      at dispatchDiscreteEvent 
(node_modules/react-dom/cjs/react-dom.development.js:6430:5)
      at HTMLDivElement.callTheUserObjectsOperation 
(node_modules/jsdom/lib/jsdom/living/generated/EventListener.js:26:30)
      at innerInvokeEventListeners 
(node_modules/jsdom/lib/jsdom/living/events/EventTarget-impl.js:350:25)
      at invokeEventListeners 
(node_modules/jsdom/lib/jsdom/living/events/EventTarget-impl.js:286:3)
      at HTMLInputElementImpl._dispatch 
(node_modules/jsdom/lib/jsdom/living/events/EventTarget-impl.js:233:9)
      at HTMLInputElementImpl.dispatchEvent 
(node_modules/jsdom/lib/jsdom/living/events/EventTarget-impl.js:104:17)
      at HTMLInputElement.dispatchEvent 
(node_modules/jsdom/lib/jsdom/living/generated/EventTarget.js:241:34)
      at 
node_modules/@testing-library/user-event/dist/cjs/event/dispatchEvent.js:45:43
      at Object.eventWrapper 
(node_modules/@testing-library/dom/dist/config.js:25:23)
      at Object.wrapEvent 
(node_modules/@testing-library/user-event/dist/cjs/event/wrapEvent.js:6:28)
      at Object.dispatchEvent (node_modules/@testing-library/user-event/dist/cj
s/event/dispatchEvent.js:45:22)
      at Object.dispatchUIEvent (node_modules/@testing-library/user-event/dist/
cjs/event/dispatchEvent.js:22:26)
      at commitInput 
(node_modules/@testing-library/user-event/dist/cjs/event/input.js:145:14)
      at editInputElement 
(node_modules/@testing-library/user-event/dist/cjs/event/input.js:115:9)
      at Object.input 
(node_modules/@testing-library/user-event/dist/cjs/event/input.js:37:9)
      at node_modules/@testing-library/user-event/dist/cjs/event/behavior/keypr
ess.js:31:26
      at Object.dispatchEvent (node_modules/@testing-library/user-event/dist/cj
s/event/dispatchEvent.js:41:13)
      at Object.dispatchUIEvent (node_modules/@testing-library/user-event/dist/
cjs/event/dispatchEvent.js:22:26)
      at KeyboardHost.keydown 
(node_modules/@testing-library/user-event/dist/cjs/system/keyboard.js:76:22)
      at keyboardAction 
(node_modules/@testing-library/user-event/dist/cjs/keyboard/index.js:22:35)
      at Object.keyboard 
(node_modules/@testing-library/user-event/dist/cjs/keyboard/index.js:11:15)
      at Object.type 
(node_modules/@testing-library/user-event/dist/cjs/utility/type.js:17:5)
      at Object.<anonymous> 
(src/settings/__tests__/RatingRulesPage.test.tsx:603:5)

    console.error
      Warning: An update to RatingRulesPage inside a test was not wrapped in 
act(...).
      
      When testing, code that causes React state updates should be wrapped 
into act(...):
      
      act(() => {
        /* fire events that update state */
      });
      /* assert on the output */
      
      This ensures that you're testing the behavior the user would see in the 
browser. Learn more at https://reactjs.org/link/wrap-tests-with-act
          at RatingRulesPage (C:\Users\samhe\OneDrive\Desktop\Cleaned\frontend\
src\settings\RatingRulesPage.tsx:26:47)
          at basenameProp (C:\Users\samhe\OneDrive\Desktop\Cleaned\frontend\nod
e_modules\react-router\lib\components.tsx:421:13)
          at basename (C:\Users\samhe\OneDrive\Desktop\Cleaned\frontend\node_mo
dules\react-router\lib\components.tsx:225:3)

      212 |                                             aria-label="Schedule 
Name"
      213 |                                             value={newName}
    > 214 |                                             onChange={e => 
setNewName(e.target.value)}
          |                                                            ^
      215 |                                             placeholder="Schedule 
nameÔÇª"
      216 |                                             className="w-full 
border border-gray-300 rounded px-2 py-0.5 text-sm focus:outline-none 
focus:ring-1 focus:ring-brand-500"
      217 |                                             // 
eslint-disable-next-line jsx-a11y/no-autofocus

      at printWarning 
(node_modules/react-dom/cjs/react-dom.development.js:86:30)
      at error (node_modules/react-dom/cjs/react-dom.development.js:60:7)
      at warnIfUpdatesNotWrappedWithActDEV 
(node_modules/react-dom/cjs/react-dom.development.js:27628:9)
      at scheduleUpdateOnFiber 
(node_modules/react-dom/cjs/react-dom.development.js:25547:5)
      at dispatchSetState 
(node_modules/react-dom/cjs/react-dom.development.js:16708:7)
      at onChange (src/settings/RatingRulesPage.tsx:214:60)
      at HTMLUnknownElement.callCallback 
(node_modules/react-dom/cjs/react-dom.development.js:4164:14)
      at HTMLUnknownElement.callTheUserObjectsOperation 
(node_modules/jsdom/lib/jsdom/living/generated/EventListener.js:26:30)
      at innerInvokeEventListeners 
(node_modules/jsdom/lib/jsdom/living/events/EventTarget-impl.js:350:25)
      at invokeEventListeners 
(node_modules/jsdom/lib/jsdom/living/events/EventTarget-impl.js:286:3)
      at HTMLUnknownElementImpl._dispatch 
(node_modules/jsdom/lib/jsdom/living/events/EventTarget-impl.js:233:9)
      at HTMLUnknownElementImpl.dispatchEvent 
(node_modules/jsdom/lib/jsdom/living/events/EventTarget-impl.js:104:17)
      at HTMLUnknownElement.dispatchEvent 
(node_modules/jsdom/lib/jsdom/living/generated/EventTarget.js:241:34)
      at Object.invokeGuardedCallbackDev 
(node_modules/react-dom/cjs/react-dom.development.js:4213:16)
      at invokeGuardedCallback 
(node_modules/react-dom/cjs/react-dom.development.js:4277:31)
      at invokeGuardedCallbackAndCatchFirstError 
(node_modules/react-dom/cjs/react-dom.development.js:4291:25)
      at executeDispatch 
(node_modules/react-dom/cjs/react-dom.development.js:9041:3)
      at processDispatchQueueItemsInOrder 
(node_modules/react-dom/cjs/react-dom.development.js:9073:7)
      at processDispatchQueue 
(node_modules/react-dom/cjs/react-dom.development.js:9086:5)
      at dispatchEventsForPlugins 
(node_modules/react-dom/cjs/react-dom.development.js:9097:3)
      at node_modules/react-dom/cjs/react-dom.development.js:9288:12
      at batchedUpdates$1 
(node_modules/react-dom/cjs/react-dom.development.js:26179:12)
      at batchedUpdates 
(node_modules/react-dom/cjs/react-dom.development.js:3991:12)
      at dispatchEventForPluginEventSystem 
(node_modules/react-dom/cjs/react-dom.development.js:9287:3)
      at dispatchEventWithEnableCapturePhaseSelectiveHydrationWithoutDiscreteEv
entReplay (node_modules/react-dom/cjs/react-dom.development.js:6465:5)
      at dispatchEvent 
(node_modules/react-dom/cjs/react-dom.development.js:6457:5)
      at dispatchDiscreteEvent 
(node_modules/react-dom/cjs/react-dom.development.js:6430:5)
      at HTMLDivElement.callTheUserObjectsOperation 
(node_modules/jsdom/lib/jsdom/living/generated/EventListener.js:26:30)
      at innerInvokeEventListeners 
(node_modules/jsdom/lib/jsdom/living/events/EventTarget-impl.js:350:25)
      at invokeEventListeners 
(node_modules/jsdom/lib/jsdom/living/events/EventTarget-impl.js:286:3)
      at HTMLInputElementImpl._dispatch 
(node_modules/jsdom/lib/jsdom/living/events/EventTarget-impl.js:233:9)
      at HTMLInputElementImpl.dispatchEvent 
(node_modules/jsdom/lib/jsdom/living/events/EventTarget-impl.js:104:17)
      at HTMLInputElement.dispatchEvent 
(node_modules/jsdom/lib/jsdom/living/generated/EventTarget.js:241:34)
      at 
node_modules/@testing-library/user-event/dist/cjs/event/dispatchEvent.js:45:43
      at Object.eventWrapper 
(node_modules/@testing-library/dom/dist/config.js:25:23)
      at Object.wrapEvent 
(node_modules/@testing-library/user-event/dist/cjs/event/wrapEvent.js:6:28)
      at Object.dispatchEvent (node_modules/@testing-library/user-event/dist/cj
s/event/dispatchEvent.js:45:22)
      at Object.dispatchUIEvent (node_modules/@testing-library/user-event/dist/
cjs/event/dispatchEvent.js:22:26)
      at commitInput 
(node_modules/@testing-library/user-event/dist/cjs/event/input.js:145:14)
      at editInputElement 
(node_modules/@testing-library/user-event/dist/cjs/event/input.js:115:9)
      at Object.input 
(node_modules/@testing-library/user-event/dist/cjs/event/input.js:37:9)
      at node_modules/@testing-library/user-event/dist/cjs/event/behavior/keypr
ess.js:31:26
      at Object.dispatchEvent (node_modules/@testing-library/user-event/dist/cj
s/event/dispatchEvent.js:41:13)
      at Object.dispatchUIEvent (node_modules/@testing-library/user-event/dist/
cjs/event/dispatchEvent.js:22:26)
      at KeyboardHost.keydown 
(node_modules/@testing-library/user-event/dist/cjs/system/keyboard.js:76:22)
      at keyboardAction 
(node_modules/@testing-library/user-event/dist/cjs/keyboard/index.js:22:35)
      at Object.keyboard 
(node_modules/@testing-library/user-event/dist/cjs/keyboard/index.js:11:15)
      at Object.type 
(node_modules/@testing-library/user-event/dist/cjs/utility/type.js:17:5)
      at Object.<anonymous> 
(src/settings/__tests__/RatingRulesPage.test.tsx:603:5)

    console.error
      Warning: An update to RatingRulesPage inside a test was not wrapped in 
act(...).
      
      When testing, code that causes React state updates should be wrapped 
into act(...):
      
      act(() => {
        /* fire events that update state */
      });
      /* assert on the output */
      
      This ensures that you're testing the behavior the user would see in the 
browser. Learn more at https://reactjs.org/link/wrap-tests-with-act
          at RatingRulesPage (C:\Users\samhe\OneDrive\Desktop\Cleaned\frontend\
src\settings\RatingRulesPage.tsx:26:47)
          at basenameProp (C:\Users\samhe\OneDrive\Desktop\Cleaned\frontend\nod
e_modules\react-router\lib\components.tsx:421:13)
          at basename (C:\Users\samhe\OneDrive\Desktop\Cleaned\frontend\node_mo
dules\react-router\lib\components.tsx:225:3)

      212 |                                             aria-label="Schedule 
Name"
      213 |                                             value={newName}
    > 214 |                                             onChange={e => 
setNewName(e.target.value)}
          |                                                            ^
      215 |                                             placeholder="Schedule 
nameÔÇª"
      216 |                                             className="w-full 
border border-gray-300 rounded px-2 py-0.5 text-sm focus:outline-none 
focus:ring-1 focus:ring-brand-500"
      217 |                                             // 
eslint-disable-next-line jsx-a11y/no-autofocus

      at printWarning 
(node_modules/react-dom/cjs/react-dom.development.js:86:30)
      at error (node_modules/react-dom/cjs/react-dom.development.js:60:7)
      at warnIfUpdatesNotWrappedWithActDEV 
(node_modules/react-dom/cjs/react-dom.development.js:27628:9)
      at scheduleUpdateOnFiber 
(node_modules/react-dom/cjs/react-dom.development.js:25547:5)
      at dispatchSetState 
(node_modules/react-dom/cjs/react-dom.development.js:16708:7)
      at onChange (src/settings/RatingRulesPage.tsx:214:60)
      at HTMLUnknownElement.callCallback 
(node_modules/react-dom/cjs/react-dom.development.js:4164:14)
      at HTMLUnknownElement.callTheUserObjectsOperation 
(node_modules/jsdom/lib/jsdom/living/generated/EventListener.js:26:30)
      at innerInvokeEventListeners 
(node_modules/jsdom/lib/jsdom/living/events/EventTarget-impl.js:350:25)
      at invokeEventListeners 
(node_modules/jsdom/lib/jsdom/living/events/EventTarget-impl.js:286:3)
      at HTMLUnknownElementImpl._dispatch 
(node_modules/jsdom/lib/jsdom/living/events/EventTarget-impl.js:233:9)
      at HTMLUnknownElementImpl.dispatchEvent 
(node_modules/jsdom/lib/jsdom/living/events/EventTarget-impl.js:104:17)
      at HTMLUnknownElement.dispatchEvent 
(node_modules/jsdom/lib/jsdom/living/generated/EventTarget.js:241:34)
      at Object.invokeGuardedCallbackDev 
(node_modules/react-dom/cjs/react-dom.development.js:4213:16)
      at invokeGuardedCallback 
(node_modules/react-dom/cjs/react-dom.development.js:4277:31)
      at invokeGuardedCallbackAndCatchFirstError 
(node_modules/react-dom/cjs/react-dom.development.js:4291:25)
      at executeDispatch 
(node_modules/react-dom/cjs/react-dom.development.js:9041:3)
      at processDispatchQueueItemsInOrder 
(node_modules/react-dom/cjs/react-dom.development.js:9073:7)
      at processDispatchQueue 
(node_modules/react-dom/cjs/react-dom.development.js:9086:5)
      at dispatchEventsForPlugins 
(node_modules/react-dom/cjs/react-dom.development.js:9097:3)
      at node_modules/react-dom/cjs/react-dom.development.js:9288:12
      at batchedUpdates$1 
(node_modules/react-dom/cjs/react-dom.development.js:26179:12)
      at batchedUpdates 
(node_modules/react-dom/cjs/react-dom.development.js:3991:12)
      at dispatchEventForPluginEventSystem 
(node_modules/react-dom/cjs/react-dom.development.js:9287:3)
      at dispatchEventWithEnableCapturePhaseSelectiveHydrationWithoutDiscreteEv
entReplay (node_modules/react-dom/cjs/react-dom.development.js:6465:5)
      at dispatchEvent 
(node_modules/react-dom/cjs/react-dom.development.js:6457:5)
      at dispatchDiscreteEvent 
(node_modules/react-dom/cjs/react-dom.development.js:6430:5)
      at HTMLDivElement.callTheUserObjectsOperation 
(node_modules/jsdom/lib/jsdom/living/generated/EventListener.js:26:30)
      at innerInvokeEventListeners 
(node_modules/jsdom/lib/jsdom/living/events/EventTarget-impl.js:350:25)
      at invokeEventListeners 
(node_modules/jsdom/lib/jsdom/living/events/EventTarget-impl.js:286:3)
      at HTMLInputElementImpl._dispatch 
(node_modules/jsdom/lib/jsdom/living/events/EventTarget-impl.js:233:9)
      at HTMLInputElementImpl.dispatchEvent 
(node_modules/jsdom/lib/jsdom/living/events/EventTarget-impl.js:104:17)
      at HTMLInputElement.dispatchEvent 
(node_modules/jsdom/lib/jsdom/living/generated/EventTarget.js:241:34)
      at 
node_modules/@testing-library/user-event/dist/cjs/event/dispatchEvent.js:45:43
      at Object.eventWrapper 
(node_modules/@testing-library/dom/dist/config.js:25:23)
      at Object.wrapEvent 
(node_modules/@testing-library/user-event/dist/cjs/event/wrapEvent.js:6:28)
      at Object.dispatchEvent (node_modules/@testing-library/user-event/dist/cj
s/event/dispatchEvent.js:45:22)
      at Object.dispatchUIEvent (node_modules/@testing-library/user-event/dist/
cjs/event/dispatchEvent.js:22:26)
      at commitInput 
(node_modules/@testing-library/user-event/dist/cjs/event/input.js:145:14)
      at editInputElement 
(node_modules/@testing-library/user-event/dist/cjs/event/input.js:115:9)
      at Object.input 
(node_modules/@testing-library/user-event/dist/cjs/event/input.js:37:9)
      at node_modules/@testing-library/user-event/dist/cjs/event/behavior/keypr
ess.js:31:26
      at Object.dispatchEvent (node_modules/@testing-library/user-event/dist/cj
s/event/dispatchEvent.js:41:13)
      at Object.dispatchUIEvent (node_modules/@testing-library/user-event/dist/
cjs/event/dispatchEvent.js:22:26)
      at KeyboardHost.keydown 
(node_modules/@testing-library/user-event/dist/cjs/system/keyboard.js:76:22)
      at keyboardAction 
(node_modules/@testing-library/user-event/dist/cjs/keyboard/index.js:22:35)
      at Object.keyboard 
(node_modules/@testing-library/user-event/dist/cjs/keyboard/index.js:11:15)
      at Object.type 
(node_modules/@testing-library/user-event/dist/cjs/utility/type.js:17:5)
      at Object.<anonymous> 
(src/settings/__tests__/RatingRulesPage.test.tsx:603:5)

    console.error
      Warning: An update to RatingRulesPage inside a test was not wrapped in 
act(...).
      
      When testing, code that causes React state updates should be wrapped 
into act(...):
      
      act(() => {
        /* fire events that update state */
      });
      /* assert on the output */
      
      This ensures that you're testing the behavior the user would see in the 
browser. Learn more at https://reactjs.org/link/wrap-tests-with-act
          at RatingRulesPage (C:\Users\samhe\OneDrive\Desktop\Cleaned\frontend\
src\settings\RatingRulesPage.tsx:26:47)
          at basenameProp (C:\Users\samhe\OneDrive\Desktop\Cleaned\frontend\nod
e_modules\react-router\lib\components.tsx:421:13)
          at basename (C:\Users\samhe\OneDrive\Desktop\Cleaned\frontend\node_mo
dules\react-router\lib\components.tsx:225:3)

      212 |                                             aria-label="Schedule 
Name"
      213 |                                             value={newName}
    > 214 |                                             onChange={e => 
setNewName(e.target.value)}
          |                                                            ^
      215 |                                             placeholder="Schedule 
nameÔÇª"
      216 |                                             className="w-full 
border border-gray-300 rounded px-2 py-0.5 text-sm focus:outline-none 
focus:ring-1 focus:ring-brand-500"
      217 |                                             // 
eslint-disable-next-line jsx-a11y/no-autofocus

      at printWarning 
(node_modules/react-dom/cjs/react-dom.development.js:86:30)
      at error (node_modules/react-dom/cjs/react-dom.development.js:60:7)
      at warnIfUpdatesNotWrappedWithActDEV 
(node_modules/react-dom/cjs/react-dom.development.js:27628:9)
      at scheduleUpdateOnFiber 
(node_modules/react-dom/cjs/react-dom.development.js:25547:5)
      at dispatchSetState 
(node_modules/react-dom/cjs/react-dom.development.js:16708:7)
      at onChange (src/settings/RatingRulesPage.tsx:214:60)
      at HTMLUnknownElement.callCallback 
(node_modules/react-dom/cjs/react-dom.development.js:4164:14)
      at HTMLUnknownElement.callTheUserObjectsOperation 
(node_modules/jsdom/lib/jsdom/living/generated/EventListener.js:26:30)
      at innerInvokeEventListeners 
(node_modules/jsdom/lib/jsdom/living/events/EventTarget-impl.js:350:25)
      at invokeEventListeners 
(node_modules/jsdom/lib/jsdom/living/events/EventTarget-impl.js:286:3)
      at HTMLUnknownElementImpl._dispatch 
(node_modules/jsdom/lib/jsdom/living/events/EventTarget-impl.js:233:9)
      at HTMLUnknownElementImpl.dispatchEvent 
(node_modules/jsdom/lib/jsdom/living/events/EventTarget-impl.js:104:17)
      at HTMLUnknownElement.dispatchEvent 
(node_modules/jsdom/lib/jsdom/living/generated/EventTarget.js:241:34)
      at Object.invokeGuardedCallbackDev 
(node_modules/react-dom/cjs/react-dom.development.js:4213:16)
      at invokeGuardedCallback 
(node_modules/react-dom/cjs/react-dom.development.js:4277:31)
      at invokeGuardedCallbackAndCatchFirstError 
(node_modules/react-dom/cjs/react-dom.development.js:4291:25)
      at executeDispatch 
(node_modules/react-dom/cjs/react-dom.development.js:9041:3)
      at processDispatchQueueItemsInOrder 
(node_modules/react-dom/cjs/react-dom.development.js:9073:7)
      at processDispatchQueue 
(node_modules/react-dom/cjs/react-dom.development.js:9086:5)
      at dispatchEventsForPlugins 
(node_modules/react-dom/cjs/react-dom.development.js:9097:3)
      at node_modules/react-dom/cjs/react-dom.development.js:9288:12
      at batchedUpdates$1 
(node_modules/react-dom/cjs/react-dom.development.js:26179:12)
      at batchedUpdates 
(node_modules/react-dom/cjs/react-dom.development.js:3991:12)
      at dispatchEventForPluginEventSystem 
(node_modules/react-dom/cjs/react-dom.development.js:9287:3)
      at dispatchEventWithEnableCapturePhaseSelectiveHydrationWithoutDiscreteEv
entReplay (node_modules/react-dom/cjs/react-dom.development.js:6465:5)
      at dispatchEvent 
(node_modules/react-dom/cjs/react-dom.development.js:6457:5)
      at dispatchDiscreteEvent 
(node_modules/react-dom/cjs/react-dom.development.js:6430:5)
      at HTMLDivElement.callTheUserObjectsOperation 
(node_modules/jsdom/lib/jsdom/living/generated/EventListener.js:26:30)
      at innerInvokeEventListeners 
(node_modules/jsdom/lib/jsdom/living/events/EventTarget-impl.js:350:25)
      at invokeEventListeners 
(node_modules/jsdom/lib/jsdom/living/events/EventTarget-impl.js:286:3)
      at HTMLInputElementImpl._dispatch 
(node_modules/jsdom/lib/jsdom/living/events/EventTarget-impl.js:233:9)
      at HTMLInputElementImpl.dispatchEvent 
(node_modules/jsdom/lib/jsdom/living/events/EventTarget-impl.js:104:17)
      at HTMLInputElement.dispatchEvent 
(node_modules/jsdom/lib/jsdom/living/generated/EventTarget.js:241:34)
      at 
node_modules/@testing-library/user-event/dist/cjs/event/dispatchEvent.js:45:43
      at Object.eventWrapper 
(node_modules/@testing-library/dom/dist/config.js:25:23)
      at Object.wrapEvent 
(node_modules/@testing-library/user-event/dist/cjs/event/wrapEvent.js:6:28)
      at Object.dispatchEvent (node_modules/@testing-library/user-event/dist/cj
s/event/dispatchEvent.js:45:22)
      at Object.dispatchUIEvent (node_modules/@testing-library/user-event/dist/
cjs/event/dispatchEvent.js:22:26)
      at commitInput 
(node_modules/@testing-library/user-event/dist/cjs/event/input.js:145:14)
      at editInputElement 
(node_modules/@testing-library/user-event/dist/cjs/event/input.js:115:9)
      at Object.input 
(node_modules/@testing-library/user-event/dist/cjs/event/input.js:37:9)
      at node_modules/@testing-library/user-event/dist/cjs/event/behavior/keypr
ess.js:31:26
      at Object.dispatchEvent (node_modules/@testing-library/user-event/dist/cj
s/event/dispatchEvent.js:41:13)
      at Object.dispatchUIEvent (node_modules/@testing-library/user-event/dist/
cjs/event/dispatchEvent.js:22:26)
      at KeyboardHost.keydown 
(node_modules/@testing-library/user-event/dist/cjs/system/keyboard.js:76:22)
      at keyboardAction 
(node_modules/@testing-library/user-event/dist/cjs/keyboard/index.js:22:35)
      at Object.keyboard 
(node_modules/@testing-library/user-event/dist/cjs/keyboard/index.js:11:15)
      at Object.type 
(node_modules/@testing-library/user-event/dist/cjs/utility/type.js:17:5)
      at Object.<anonymous> 
(src/settings/__tests__/RatingRulesPage.test.tsx:603:5)

    console.error
      Warning: An update to RatingRulesPage inside a test was not wrapped in 
act(...).
      
      When testing, code that causes React state updates should be wrapped 
into act(...):
      
      act(() => {
        /* fire events that update state */
      });
      /* assert on the output */
      
      This ensures that you're testing the behavior the user would see in the 
browser. Learn more at https://reactjs.org/link/wrap-tests-with-act
          at RatingRulesPage (C:\Users\samhe\OneDrive\Desktop\Cleaned\frontend\
src\settings\RatingRulesPage.tsx:26:47)
          at basenameProp (C:\Users\samhe\OneDrive\Desktop\Cleaned\frontend\nod
e_modules\react-router\lib\components.tsx:421:13)
          at basename (C:\Users\samhe\OneDrive\Desktop\Cleaned\frontend\node_mo
dules\react-router\lib\components.tsx:225:3)

      212 |                                             aria-label="Schedule 
Name"
      213 |                                             value={newName}
    > 214 |                                             onChange={e => 
setNewName(e.target.value)}
          |                                                            ^
      215 |                                             placeholder="Schedule 
nameÔÇª"
      216 |                                             className="w-full 
border border-gray-300 rounded px-2 py-0.5 text-sm focus:outline-none 
focus:ring-1 focus:ring-brand-500"
      217 |                                             // 
eslint-disable-next-line jsx-a11y/no-autofocus

      at printWarning 
(node_modules/react-dom/cjs/react-dom.development.js:86:30)
      at error (node_modules/react-dom/cjs/react-dom.development.js:60:7)
      at warnIfUpdatesNotWrappedWithActDEV 
(node_modules/react-dom/cjs/react-dom.development.js:27628:9)
      at scheduleUpdateOnFiber 
(node_modules/react-dom/cjs/react-dom.development.js:25547:5)
      at dispatchSetState 
(node_modules/react-dom/cjs/react-dom.development.js:16708:7)
      at onChange (src/settings/RatingRulesPage.tsx:214:60)
      at HTMLUnknownElement.callCallback 
(node_modules/react-dom/cjs/react-dom.development.js:4164:14)
      at HTMLUnknownElement.callTheUserObjectsOperation 
(node_modules/jsdom/lib/jsdom/living/generated/EventListener.js:26:30)
      at innerInvokeEventListeners 
(node_modules/jsdom/lib/jsdom/living/events/EventTarget-impl.js:350:25)
      at invokeEventListeners 
(node_modules/jsdom/lib/jsdom/living/events/EventTarget-impl.js:286:3)
      at HTMLUnknownElementImpl._dispatch 
(node_modules/jsdom/lib/jsdom/living/events/EventTarget-impl.js:233:9)
      at HTMLUnknownElementImpl.dispatchEvent 
(node_modules/jsdom/lib/jsdom/living/events/EventTarget-impl.js:104:17)
      at HTMLUnknownElement.dispatchEvent 
(node_modules/jsdom/lib/jsdom/living/generated/EventTarget.js:241:34)
      at Object.invokeGuardedCallbackDev 
(node_modules/react-dom/cjs/react-dom.development.js:4213:16)
      at invokeGuardedCallback 
(node_modules/react-dom/cjs/react-dom.development.js:4277:31)
      at invokeGuardedCallbackAndCatchFirstError 
(node_modules/react-dom/cjs/react-dom.development.js:4291:25)
      at executeDispatch 
(node_modules/react-dom/cjs/react-dom.development.js:9041:3)
      at processDispatchQueueItemsInOrder 
(node_modules/react-dom/cjs/react-dom.development.js:9073:7)
      at processDispatchQueue 
(node_modules/react-dom/cjs/react-dom.development.js:9086:5)
      at dispatchEventsForPlugins 
(node_modules/react-dom/cjs/react-dom.development.js:9097:3)
      at node_modules/react-dom/cjs/react-dom.development.js:9288:12
      at batchedUpdates$1 
(node_modules/react-dom/cjs/react-dom.development.js:26179:12)
      at batchedUpdates 
(node_modules/react-dom/cjs/react-dom.development.js:3991:12)
      at dispatchEventForPluginEventSystem 
(node_modules/react-dom/cjs/react-dom.development.js:9287:3)
      at dispatchEventWithEnableCapturePhaseSelectiveHydrationWithoutDiscreteEv
entReplay (node_modules/react-dom/cjs/react-dom.development.js:6465:5)
      at dispatchEvent 
(node_modules/react-dom/cjs/react-dom.development.js:6457:5)
      at dispatchDiscreteEvent 
(node_modules/react-dom/cjs/react-dom.development.js:6430:5)
      at HTMLDivElement.callTheUserObjectsOperation 
(node_modules/jsdom/lib/jsdom/living/generated/EventListener.js:26:30)
      at innerInvokeEventListeners 
(node_modules/jsdom/lib/jsdom/living/events/EventTarget-impl.js:350:25)
      at invokeEventListeners 
(node_modules/jsdom/lib/jsdom/living/events/EventTarget-impl.js:286:3)
      at HTMLInputElementImpl._dispatch 
(node_modules/jsdom/lib/jsdom/living/events/EventTarget-impl.js:233:9)
      at HTMLInputElementImpl.dispatchEvent 
(node_modules/jsdom/lib/jsdom/living/events/EventTarget-impl.js:104:17)
      at HTMLInputElement.dispatchEvent 
(node_modules/jsdom/lib/jsdom/living/generated/EventTarget.js:241:34)
      at 
node_modules/@testing-library/user-event/dist/cjs/event/dispatchEvent.js:45:43
      at Object.eventWrapper 
(node_modules/@testing-library/dom/dist/config.js:25:23)
      at Object.wrapEvent 
(node_modules/@testing-library/user-event/dist/cjs/event/wrapEvent.js:6:28)
      at Object.dispatchEvent (node_modules/@testing-library/user-event/dist/cj
s/event/dispatchEvent.js:45:22)
      at Object.dispatchUIEvent (node_modules/@testing-library/user-event/dist/
cjs/event/dispatchEvent.js:22:26)
      at commitInput 
(node_modules/@testing-library/user-event/dist/cjs/event/input.js:145:14)
      at editInputElement 
(node_modules/@testing-library/user-event/dist/cjs/event/input.js:115:9)
      at Object.input 
(node_modules/@testing-library/user-event/dist/cjs/event/input.js:37:9)
      at node_modules/@testing-library/user-event/dist/cjs/event/behavior/keypr
ess.js:31:26
      at Object.dispatchEvent (node_modules/@testing-library/user-event/dist/cj
s/event/dispatchEvent.js:41:13)
      at Object.dispatchUIEvent (node_modules/@testing-library/user-event/dist/
cjs/event/dispatchEvent.js:22:26)
      at KeyboardHost.keydown 
(node_modules/@testing-library/user-event/dist/cjs/system/keyboard.js:76:22)
      at keyboardAction 
(node_modules/@testing-library/user-event/dist/cjs/keyboard/index.js:22:35)
      at Object.keyboard 
(node_modules/@testing-library/user-event/dist/cjs/keyboard/index.js:11:15)
      at Object.type 
(node_modules/@testing-library/user-event/dist/cjs/utility/type.js:17:5)
      at Object.<anonymous> 
(src/settings/__tests__/RatingRulesPage.test.tsx:603:5)

    console.error
      Warning: An update to RatingRulesPage inside a test was not wrapped in 
act(...).
      
      When testing, code that causes React state updates should be wrapped 
into act(...):
      
      act(() => {
        /* fire events that update state */
      });
      /* assert on the output */
      
      This ensures that you're testing the behavior the user would see in the 
browser. Learn more at https://reactjs.org/link/wrap-tests-with-act
          at RatingRulesPage (C:\Users\samhe\OneDrive\Desktop\Cleaned\frontend\
src\settings\RatingRulesPage.tsx:26:47)
          at basenameProp (C:\Users\samhe\OneDrive\Desktop\Cleaned\frontend\nod
e_modules\react-router\lib\components.tsx:421:13)
          at basename (C:\Users\samhe\OneDrive\Desktop\Cleaned\frontend\node_mo
dules\react-router\lib\components.tsx:225:3)

      212 |                                             aria-label="Schedule 
Name"
      213 |                                             value={newName}
    > 214 |                                             onChange={e => 
setNewName(e.target.value)}
          |                                                            ^
      215 |                                             placeholder="Schedule 
nameÔÇª"
      216 |                                             className="w-full 
border border-gray-300 rounded px-2 py-0.5 text-sm focus:outline-none 
focus:ring-1 focus:ring-brand-500"
      217 |                                             // 
eslint-disable-next-line jsx-a11y/no-autofocus

      at printWarning 
(node_modules/react-dom/cjs/react-dom.development.js:86:30)
      at error (node_modules/react-dom/cjs/react-dom.development.js:60:7)
      at warnIfUpdatesNotWrappedWithActDEV 
(node_modules/react-dom/cjs/react-dom.development.js:27628:9)
      at scheduleUpdateOnFiber 
(node_modules/react-dom/cjs/react-dom.development.js:25547:5)
      at dispatchSetState 
(node_modules/react-dom/cjs/react-dom.development.js:16708:7)
      at onChange (src/settings/RatingRulesPage.tsx:214:60)
      at HTMLUnknownElement.callCallback 
(node_modules/react-dom/cjs/react-dom.development.js:4164:14)
      at HTMLUnknownElement.callTheUserObjectsOperation 
(node_modules/jsdom/lib/jsdom/living/generated/EventListener.js:26:30)
      at innerInvokeEventListeners 
(node_modules/jsdom/lib/jsdom/living/events/EventTarget-impl.js:350:25)
      at invokeEventListeners 
(node_modules/jsdom/lib/jsdom/living/events/EventTarget-impl.js:286:3)
      at HTMLUnknownElementImpl._dispatch 
(node_modules/jsdom/lib/jsdom/living/events/EventTarget-impl.js:233:9)
      at HTMLUnknownElementImpl.dispatchEvent 
(node_modules/jsdom/lib/jsdom/living/events/EventTarget-impl.js:104:17)
      at HTMLUnknownElement.dispatchEvent 
(node_modules/jsdom/lib/jsdom/living/generated/EventTarget.js:241:34)
      at Object.invokeGuardedCallbackDev 
(node_modules/react-dom/cjs/react-dom.development.js:4213:16)
      at invokeGuardedCallback 
(node_modules/react-dom/cjs/react-dom.development.js:4277:31)
      at invokeGuardedCallbackAndCatchFirstError 
(node_modules/react-dom/cjs/react-dom.development.js:4291:25)
      at executeDispatch 
(node_modules/react-dom/cjs/react-dom.development.js:9041:3)
      at processDispatchQueueItemsInOrder 
(node_modules/react-dom/cjs/react-dom.development.js:9073:7)
      at processDispatchQueue 
(node_modules/react-dom/cjs/react-dom.development.js:9086:5)
      at dispatchEventsForPlugins 
(node_modules/react-dom/cjs/react-dom.development.js:9097:3)
      at node_modules/react-dom/cjs/react-dom.development.js:9288:12
      at batchedUpdates$1 
(node_modules/react-dom/cjs/react-dom.development.js:26179:12)
      at batchedUpdates 
(node_modules/react-dom/cjs/react-dom.development.js:3991:12)
      at dispatchEventForPluginEventSystem 
(node_modules/react-dom/cjs/react-dom.development.js:9287:3)
      at dispatchEventWithEnableCapturePhaseSelectiveHydrationWithoutDiscreteEv
entReplay (node_modules/react-dom/cjs/react-dom.development.js:6465:5)
      at dispatchEvent 
(node_modules/react-dom/cjs/react-dom.development.js:6457:5)
      at dispatchDiscreteEvent 
(node_modules/react-dom/cjs/react-dom.development.js:6430:5)
      at HTMLDivElement.callTheUserObjectsOperation 
(node_modules/jsdom/lib/jsdom/living/generated/EventListener.js:26:30)
      at innerInvokeEventListeners 
(node_modules/jsdom/lib/jsdom/living/events/EventTarget-impl.js:350:25)
      at invokeEventListeners 
(node_modules/jsdom/lib/jsdom/living/events/EventTarget-impl.js:286:3)
      at HTMLInputElementImpl._dispatch 
(node_modules/jsdom/lib/jsdom/living/events/EventTarget-impl.js:233:9)
      at HTMLInputElementImpl.dispatchEvent 
(node_modules/jsdom/lib/jsdom/living/events/EventTarget-impl.js:104:17)
      at HTMLInputElement.dispatchEvent 
(node_modules/jsdom/lib/jsdom/living/generated/EventTarget.js:241:34)
      at 
node_modules/@testing-library/user-event/dist/cjs/event/dispatchEvent.js:45:43
      at Object.eventWrapper 
(node_modules/@testing-library/dom/dist/config.js:25:23)
      at Object.wrapEvent 
(node_modules/@testing-library/user-event/dist/cjs/event/wrapEvent.js:6:28)
      at Object.dispatchEvent (node_modules/@testing-library/user-event/dist/cj
s/event/dispatchEvent.js:45:22)
      at Object.dispatchUIEvent (node_modules/@testing-library/user-event/dist/
cjs/event/dispatchEvent.js:22:26)
      at commitInput 
(node_modules/@testing-library/user-event/dist/cjs/event/input.js:145:14)
      at editInputElement 
(node_modules/@testing-library/user-event/dist/cjs/event/input.js:115:9)
      at Object.input 
(node_modules/@testing-library/user-event/dist/cjs/event/input.js:37:9)
      at node_modules/@testing-library/user-event/dist/cjs/event/behavior/keypr
ess.js:31:26
      at Object.dispatchEvent (node_modules/@testing-library/user-event/dist/cj
s/event/dispatchEvent.js:41:13)
      at Object.dispatchUIEvent (node_modules/@testing-library/user-event/dist/
cjs/event/dispatchEvent.js:22:26)
      at KeyboardHost.keydown 
(node_modules/@testing-library/user-event/dist/cjs/system/keyboard.js:76:22)
      at keyboardAction 
(node_modules/@testing-library/user-event/dist/cjs/keyboard/index.js:22:35)
      at Object.keyboard 
(node_modules/@testing-library/user-event/dist/cjs/keyboard/index.js:11:15)
      at Object.type 
(node_modules/@testing-library/user-event/dist/cjs/utility/type.js:17:5)
      at Object.<anonymous> 
(src/settings/__tests__/RatingRulesPage.test.tsx:603:5)

    console.error
      Warning: An update to RatingRulesPage inside a test was not wrapped in 
act(...).
      
      When testing, code that causes React state updates should be wrapped 
into act(...):
      
      act(() => {
        /* fire events that update state */
      });
      /* assert on the output */
      
      This ensures that you're testing the behavior the user would see in the 
browser. Learn more at https://reactjs.org/link/wrap-tests-with-act
          at RatingRulesPage (C:\Users\samhe\OneDrive\Desktop\Cleaned\frontend\
src\settings\RatingRulesPage.tsx:26:47)
          at basenameProp (C:\Users\samhe\OneDrive\Desktop\Cleaned\frontend\nod
e_modules\react-router\lib\components.tsx:421:13)
          at basename (C:\Users\samhe\OneDrive\Desktop\Cleaned\frontend\node_mo
dules\react-router\lib\components.tsx:225:3)

      212 |                                             aria-label="Schedule 
Name"
      213 |                                             value={newName}
    > 214 |                                             onChange={e => 
setNewName(e.target.value)}
          |                                                            ^
      215 |                                             placeholder="Schedule 
nameÔÇª"
      216 |                                             className="w-full 
border border-gray-300 rounded px-2 py-0.5 text-sm focus:outline-none 
focus:ring-1 focus:ring-brand-500"
      217 |                                             // 
eslint-disable-next-line jsx-a11y/no-autofocus

      at printWarning 
(node_modules/react-dom/cjs/react-dom.development.js:86:30)
      at error (node_modules/react-dom/cjs/react-dom.development.js:60:7)
      at warnIfUpdatesNotWrappedWithActDEV 
(node_modules/react-dom/cjs/react-dom.development.js:27628:9)
      at scheduleUpdateOnFiber 
(node_modules/react-dom/cjs/react-dom.development.js:25547:5)
      at dispatchSetState 
(node_modules/react-dom/cjs/react-dom.development.js:16708:7)
      at onChange (src/settings/RatingRulesPage.tsx:214:60)
      at HTMLUnknownElement.callCallback 
(node_modules/react-dom/cjs/react-dom.development.js:4164:14)
      at HTMLUnknownElement.callTheUserObjectsOperation 
(node_modules/jsdom/lib/jsdom/living/generated/EventListener.js:26:30)
      at innerInvokeEventListeners 
(node_modules/jsdom/lib/jsdom/living/events/EventTarget-impl.js:350:25)
      at invokeEventListeners 
(node_modules/jsdom/lib/jsdom/living/events/EventTarget-impl.js:286:3)
      at HTMLUnknownElementImpl._dispatch 
(node_modules/jsdom/lib/jsdom/living/events/EventTarget-impl.js:233:9)
      at HTMLUnknownElementImpl.dispatchEvent 
(node_modules/jsdom/lib/jsdom/living/events/EventTarget-impl.js:104:17)
      at HTMLUnknownElement.dispatchEvent 
(node_modules/jsdom/lib/jsdom/living/generated/EventTarget.js:241:34)
      at Object.invokeGuardedCallbackDev 
(node_modules/react-dom/cjs/react-dom.development.js:4213:16)
      at invokeGuardedCallback 
(node_modules/react-dom/cjs/react-dom.development.js:4277:31)
      at invokeGuardedCallbackAndCatchFirstError 
(node_modules/react-dom/cjs/react-dom.development.js:4291:25)
      at executeDispatch 
(node_modules/react-dom/cjs/react-dom.development.js:9041:3)
      at processDispatchQueueItemsInOrder 
(node_modules/react-dom/cjs/react-dom.development.js:9073:7)
      at processDispatchQueue 
(node_modules/react-dom/cjs/react-dom.development.js:9086:5)
      at dispatchEventsForPlugins 
(node_modules/react-dom/cjs/react-dom.development.js:9097:3)
      at node_modules/react-dom/cjs/react-dom.development.js:9288:12
      at batchedUpdates$1 
(node_modules/react-dom/cjs/react-dom.development.js:26179:12)
      at batchedUpdates 
(node_modules/react-dom/cjs/react-dom.development.js:3991:12)
      at dispatchEventForPluginEventSystem 
(node_modules/react-dom/cjs/react-dom.development.js:9287:3)
      at dispatchEventWithEnableCapturePhaseSelectiveHydrationWithoutDiscreteEv
entReplay (node_modules/react-dom/cjs/react-dom.development.js:6465:5)
      at dispatchEvent 
(node_modules/react-dom/cjs/react-dom.development.js:6457:5)
      at dispatchDiscreteEvent 
(node_modules/react-dom/cjs/react-dom.development.js:6430:5)
      at HTMLDivElement.callTheUserObjectsOperation 
(node_modules/jsdom/lib/jsdom/living/generated/EventListener.js:26:30)
      at innerInvokeEventListeners 
(node_modules/jsdom/lib/jsdom/living/events/EventTarget-impl.js:350:25)
      at invokeEventListeners 
(node_modules/jsdom/lib/jsdom/living/events/EventTarget-impl.js:286:3)
      at HTMLInputElementImpl._dispatch 
(node_modules/jsdom/lib/jsdom/living/events/EventTarget-impl.js:233:9)
      at HTMLInputElementImpl.dispatchEvent 
(node_modules/jsdom/lib/jsdom/living/events/EventTarget-impl.js:104:17)
      at HTMLInputElement.dispatchEvent 
(node_modules/jsdom/lib/jsdom/living/generated/EventTarget.js:241:34)
      at 
node_modules/@testing-library/user-event/dist/cjs/event/dispatchEvent.js:45:43
      at Object.eventWrapper 
(node_modules/@testing-library/dom/dist/config.js:25:23)
      at Object.wrapEvent 
(node_modules/@testing-library/user-event/dist/cjs/event/wrapEvent.js:6:28)
      at Object.dispatchEvent (node_modules/@testing-library/user-event/dist/cj
s/event/dispatchEvent.js:45:22)
      at Object.dispatchUIEvent (node_modules/@testing-library/user-event/dist/
cjs/event/dispatchEvent.js:22:26)
      at commitInput 
(node_modules/@testing-library/user-event/dist/cjs/event/input.js:145:14)
      at editInputElement 
(node_modules/@testing-library/user-event/dist/cjs/event/input.js:115:9)
      at Object.input 
(node_modules/@testing-library/user-event/dist/cjs/event/input.js:37:9)
      at node_modules/@testing-library/user-event/dist/cjs/event/behavior/keypr
ess.js:31:26
      at Object.dispatchEvent (node_modules/@testing-library/user-event/dist/cj
s/event/dispatchEvent.js:41:13)
      at Object.dispatchUIEvent (node_modules/@testing-library/user-event/dist/
cjs/event/dispatchEvent.js:22:26)
      at KeyboardHost.keydown 
(node_modules/@testing-library/user-event/dist/cjs/system/keyboard.js:76:22)
      at keyboardAction 
(node_modules/@testing-library/user-event/dist/cjs/keyboard/index.js:22:35)
      at Object.keyboard 
(node_modules/@testing-library/user-event/dist/cjs/keyboard/index.js:11:15)
      at Object.type 
(node_modules/@testing-library/user-event/dist/cjs/utility/type.js:17:5)
      at Object.<anonymous> 
(src/settings/__tests__/RatingRulesPage.test.tsx:603:5)

    console.error
      Warning: An update to RatingRulesPage inside a test was not wrapped in 
act(...).
      
      When testing, code that causes React state updates should be wrapped 
into act(...):
      
      act(() => {
        /* fire events that update state */
      });
      /* assert on the output */
      
      This ensures that you're testing the behavior the user would see in the 
browser. Learn more at https://reactjs.org/link/wrap-tests-with-act
          at RatingRulesPage (C:\Users\samhe\OneDrive\Desktop\Cleaned\frontend\
src\settings\RatingRulesPage.tsx:26:47)
          at basenameProp (C:\Users\samhe\OneDrive\Desktop\Cleaned\frontend\nod
e_modules\react-router\lib\components.tsx:421:13)
          at basename (C:\Users\samhe\OneDrive\Desktop\Cleaned\frontend\node_mo
dules\react-router\lib\components.tsx:225:3)

      212 |                                             aria-label="Schedule 
Name"
      213 |                                             value={newName}
    > 214 |                                             onChange={e => 
setNewName(e.target.value)}
          |                                                            ^
      215 |                                             placeholder="Schedule 
nameÔÇª"
      216 |                                             className="w-full 
border border-gray-300 rounded px-2 py-0.5 text-sm focus:outline-none 
focus:ring-1 focus:ring-brand-500"
      217 |                                             // 
eslint-disable-next-line jsx-a11y/no-autofocus

      at printWarning 
(node_modules/react-dom/cjs/react-dom.development.js:86:30)
      at error (node_modules/react-dom/cjs/react-dom.development.js:60:7)
      at warnIfUpdatesNotWrappedWithActDEV 
(node_modules/react-dom/cjs/react-dom.development.js:27628:9)
      at scheduleUpdateOnFiber 
(node_modules/react-dom/cjs/react-dom.development.js:25547:5)
      at dispatchSetState 
(node_modules/react-dom/cjs/react-dom.development.js:16708:7)
      at onChange (src/settings/RatingRulesPage.tsx:214:60)
      at HTMLUnknownElement.callCallback 
(node_modules/react-dom/cjs/react-dom.development.js:4164:14)
      at HTMLUnknownElement.callTheUserObjectsOperation 
(node_modules/jsdom/lib/jsdom/living/generated/EventListener.js:26:30)
      at innerInvokeEventListeners 
(node_modules/jsdom/lib/jsdom/living/events/EventTarget-impl.js:350:25)
      at invokeEventListeners 
(node_modules/jsdom/lib/jsdom/living/events/EventTarget-impl.js:286:3)
      at HTMLUnknownElementImpl._dispatch 
(node_modules/jsdom/lib/jsdom/living/events/EventTarget-impl.js:233:9)
      at HTMLUnknownElementImpl.dispatchEvent 
(node_modules/jsdom/lib/jsdom/living/events/EventTarget-impl.js:104:17)
      at HTMLUnknownElement.dispatchEvent 
(node_modules/jsdom/lib/jsdom/living/generated/EventTarget.js:241:34)
      at Object.invokeGuardedCallbackDev 
(node_modules/react-dom/cjs/react-dom.development.js:4213:16)
      at invokeGuardedCallback 
(node_modules/react-dom/cjs/react-dom.development.js:4277:31)
      at invokeGuardedCallbackAndCatchFirstError 
(node_modules/react-dom/cjs/react-dom.development.js:4291:25)
      at executeDispatch 
(node_modules/react-dom/cjs/react-dom.development.js:9041:3)
      at processDispatchQueueItemsInOrder 
(node_modules/react-dom/cjs/react-dom.development.js:9073:7)
      at processDispatchQueue 
(node_modules/react-dom/cjs/react-dom.development.js:9086:5)
      at dispatchEventsForPlugins 
(node_modules/react-dom/cjs/react-dom.development.js:9097:3)
      at node_modules/react-dom/cjs/react-dom.development.js:9288:12
      at batchedUpdates$1 
(node_modules/react-dom/cjs/react-dom.development.js:26179:12)
      at batchedUpdates 
(node_modules/react-dom/cjs/react-dom.development.js:3991:12)
      at dispatchEventForPluginEventSystem 
(node_modules/react-dom/cjs/react-dom.development.js:9287:3)
      at dispatchEventWithEnableCapturePhaseSelectiveHydrationWithoutDiscreteEv
entReplay (node_modules/react-dom/cjs/react-dom.development.js:6465:5)
      at dispatchEvent 
(node_modules/react-dom/cjs/react-dom.development.js:6457:5)
      at dispatchDiscreteEvent 
(node_modules/react-dom/cjs/react-dom.development.js:6430:5)
      at HTMLDivElement.callTheUserObjectsOperation 
(node_modules/jsdom/lib/jsdom/living/generated/EventListener.js:26:30)
      at innerInvokeEventListeners 
(node_modules/jsdom/lib/jsdom/living/events/EventTarget-impl.js:350:25)
      at invokeEventListeners 
(node_modules/jsdom/lib/jsdom/living/events/EventTarget-impl.js:286:3)
      at HTMLInputElementImpl._dispatch 
(node_modules/jsdom/lib/jsdom/living/events/EventTarget-impl.js:233:9)
      at HTMLInputElementImpl.dispatchEvent 
(node_modules/jsdom/lib/jsdom/living/events/EventTarget-impl.js:104:17)
      at HTMLInputElement.dispatchEvent 
(node_modules/jsdom/lib/jsdom/living/generated/EventTarget.js:241:34)
      at 
node_modules/@testing-library/user-event/dist/cjs/event/dispatchEvent.js:45:43
      at Object.eventWrapper 
(node_modules/@testing-library/dom/dist/config.js:25:23)
      at Object.wrapEvent 
(node_modules/@testing-library/user-event/dist/cjs/event/wrapEvent.js:6:28)
      at Object.dispatchEvent (node_modules/@testing-library/user-event/dist/cj
s/event/dispatchEvent.js:45:22)
      at Object.dispatchUIEvent (node_modules/@testing-library/user-event/dist/
cjs/event/dispatchEvent.js:22:26)
      at commitInput 
(node_modules/@testing-library/user-event/dist/cjs/event/input.js:145:14)
      at editInputElement 
(node_modules/@testing-library/user-event/dist/cjs/event/input.js:115:9)
      at Object.input 
(node_modules/@testing-library/user-event/dist/cjs/event/input.js:37:9)
      at node_modules/@testing-library/user-event/dist/cjs/event/behavior/keypr
ess.js:31:26
      at Object.dispatchEvent (node_modules/@testing-library/user-event/dist/cj
s/event/dispatchEvent.js:41:13)
      at Object.dispatchUIEvent (node_modules/@testing-library/user-event/dist/
cjs/event/dispatchEvent.js:22:26)
      at KeyboardHost.keydown 
(node_modules/@testing-library/user-event/dist/cjs/system/keyboard.js:76:22)
      at keyboardAction 
(node_modules/@testing-library/user-event/dist/cjs/keyboard/index.js:22:35)
      at Object.keyboard 
(node_modules/@testing-library/user-event/dist/cjs/keyboard/index.js:11:15)
      at Object.type 
(node_modules/@testing-library/user-event/dist/cjs/utility/type.js:17:5)
      at Object.<anonymous> 
(src/settings/__tests__/RatingRulesPage.test.tsx:603:5)

    console.error
      Warning: An update to RatingRulesPage inside a test was not wrapped in 
act(...).
      
      When testing, code that causes React state updates should be wrapped 
into act(...):
      
      act(() => {
        /* fire events that update state */
      });
      /* assert on the output */
      
      This ensures that you're testing the behavior the user would see in the 
browser. Learn more at https://reactjs.org/link/wrap-tests-with-act
          at RatingRulesPage (C:\Users\samhe\OneDrive\Desktop\Cleaned\frontend\
src\settings\RatingRulesPage.tsx:26:47)
          at basenameProp (C:\Users\samhe\OneDrive\Desktop\Cleaned\frontend\nod
e_modules\react-router\lib\components.tsx:421:13)
          at basename (C:\Users\samhe\OneDrive\Desktop\Cleaned\frontend\node_mo
dules\react-router\lib\components.tsx:225:3)

      212 |                                             aria-label="Schedule 
Name"
      213 |                                             value={newName}
    > 214 |                                             onChange={e => 
setNewName(e.target.value)}
          |                                                            ^
      215 |                                             placeholder="Schedule 
nameÔÇª"
      216 |                                             className="w-full 
border border-gray-300 rounded px-2 py-0.5 text-sm focus:outline-none 
focus:ring-1 focus:ring-brand-500"
      217 |                                             // 
eslint-disable-next-line jsx-a11y/no-autofocus

      at printWarning 
(node_modules/react-dom/cjs/react-dom.development.js:86:30)
      at error (node_modules/react-dom/cjs/react-dom.development.js:60:7)
      at warnIfUpdatesNotWrappedWithActDEV 
(node_modules/react-dom/cjs/react-dom.development.js:27628:9)
      at scheduleUpdateOnFiber 
(node_modules/react-dom/cjs/react-dom.development.js:25547:5)
      at dispatchSetState 
(node_modules/react-dom/cjs/react-dom.development.js:16708:7)
      at onChange (src/settings/RatingRulesPage.tsx:214:60)
      at HTMLUnknownElement.callCallback 
(node_modules/react-dom/cjs/react-dom.development.js:4164:14)
      at HTMLUnknownElement.callTheUserObjectsOperation 
(node_modules/jsdom/lib/jsdom/living/generated/EventListener.js:26:30)
      at innerInvokeEventListeners 
(node_modules/jsdom/lib/jsdom/living/events/EventTarget-impl.js:350:25)
      at invokeEventListeners 
(node_modules/jsdom/lib/jsdom/living/events/EventTarget-impl.js:286:3)
      at HTMLUnknownElementImpl._dispatch 
(node_modules/jsdom/lib/jsdom/living/events/EventTarget-impl.js:233:9)
      at HTMLUnknownElementImpl.dispatchEvent 
(node_modules/jsdom/lib/jsdom/living/events/EventTarget-impl.js:104:17)
      at HTMLUnknownElement.dispatchEvent 
(node_modules/jsdom/lib/jsdom/living/generated/EventTarget.js:241:34)
      at Object.invokeGuardedCallbackDev 
(node_modules/react-dom/cjs/react-dom.development.js:4213:16)
      at invokeGuardedCallback 
(node_modules/react-dom/cjs/react-dom.development.js:4277:31)
      at invokeGuardedCallbackAndCatchFirstError 
(node_modules/react-dom/cjs/react-dom.development.js:4291:25)
      at executeDispatch 
(node_modules/react-dom/cjs/react-dom.development.js:9041:3)
      at processDispatchQueueItemsInOrder 
(node_modules/react-dom/cjs/react-dom.development.js:9073:7)
      at processDispatchQueue 
(node_modules/react-dom/cjs/react-dom.development.js:9086:5)
      at dispatchEventsForPlugins 
(node_modules/react-dom/cjs/react-dom.development.js:9097:3)
      at node_modules/react-dom/cjs/react-dom.development.js:9288:12
      at batchedUpdates$1 
(node_modules/react-dom/cjs/react-dom.development.js:26179:12)
      at batchedUpdates 
(node_modules/react-dom/cjs/react-dom.development.js:3991:12)
      at dispatchEventForPluginEventSystem 
(node_modules/react-dom/cjs/react-dom.development.js:9287:3)
      at dispatchEventWithEnableCapturePhaseSelectiveHydrationWithoutDiscreteEv
entReplay (node_modules/react-dom/cjs/react-dom.development.js:6465:5)
      at dispatchEvent 
(node_modules/react-dom/cjs/react-dom.development.js:6457:5)
      at dispatchDiscreteEvent 
(node_modules/react-dom/cjs/react-dom.development.js:6430:5)
      at HTMLDivElement.callTheUserObjectsOperation 
(node_modules/jsdom/lib/jsdom/living/generated/EventListener.js:26:30)
      at innerInvokeEventListeners 
(node_modules/jsdom/lib/jsdom/living/events/EventTarget-impl.js:350:25)
      at invokeEventListeners 
(node_modules/jsdom/lib/jsdom/living/events/EventTarget-impl.js:286:3)
      at HTMLInputElementImpl._dispatch 
(node_modules/jsdom/lib/jsdom/living/events/EventTarget-impl.js:233:9)
      at HTMLInputElementImpl.dispatchEvent 
(node_modules/jsdom/lib/jsdom/living/events/EventTarget-impl.js:104:17)
      at HTMLInputElement.dispatchEvent 
(node_modules/jsdom/lib/jsdom/living/generated/EventTarget.js:241:34)
      at 
node_modules/@testing-library/user-event/dist/cjs/event/dispatchEvent.js:45:43
      at Object.eventWrapper 
(node_modules/@testing-library/dom/dist/config.js:25:23)
      at Object.wrapEvent 
(node_modules/@testing-library/user-event/dist/cjs/event/wrapEvent.js:6:28)
      at Object.dispatchEvent (node_modules/@testing-library/user-event/dist/cj
s/event/dispatchEvent.js:45:22)
      at Object.dispatchUIEvent (node_modules/@testing-library/user-event/dist/
cjs/event/dispatchEvent.js:22:26)
      at commitInput 
(node_modules/@testing-library/user-event/dist/cjs/event/input.js:145:14)
      at editInputElement 
(node_modules/@testing-library/user-event/dist/cjs/event/input.js:115:9)
      at Object.input 
(node_modules/@testing-library/user-event/dist/cjs/event/input.js:37:9)
      at node_modules/@testing-library/user-event/dist/cjs/event/behavior/keypr
ess.js:31:26
      at Object.dispatchEvent (node_modules/@testing-library/user-event/dist/cj
s/event/dispatchEvent.js:41:13)
      at Object.dispatchUIEvent (node_modules/@testing-library/user-event/dist/
cjs/event/dispatchEvent.js:22:26)
      at KeyboardHost.keydown 
(node_modules/@testing-library/user-event/dist/cjs/system/keyboard.js:76:22)
      at keyboardAction 
(node_modules/@testing-library/user-event/dist/cjs/keyboard/index.js:22:35)
      at Object.keyboard 
(node_modules/@testing-library/user-event/dist/cjs/keyboard/index.js:11:15)
      at Object.type 
(node_modules/@testing-library/user-event/dist/cjs/utility/type.js:17:5)
      at Object.<anonymous> 
(src/settings/__tests__/RatingRulesPage.test.tsx:603:5)

    console.error
      Warning: An update to RatingRulesPage inside a test was not wrapped in 
act(...).
      
      When testing, code that causes React state updates should be wrapped 
into act(...):
      
      act(() => {
        /* fire events that update state */
      });
      /* assert on the output */
      
      This ensures that you're testing the behavior the user would see in the 
browser. Learn more at https://reactjs.org/link/wrap-tests-with-act
          at RatingRulesPage (C:\Users\samhe\OneDrive\Desktop\Cleaned\frontend\
src\settings\RatingRulesPage.tsx:26:47)
          at basenameProp (C:\Users\samhe\OneDrive\Desktop\Cleaned\frontend\nod
e_modules\react-router\lib\components.tsx:421:13)
          at basename (C:\Users\samhe\OneDrive\Desktop\Cleaned\frontend\node_mo
dules\react-router\lib\components.tsx:225:3)

      212 |                                             aria-label="Schedule 
Name"
      213 |                                             value={newName}
    > 214 |                                             onChange={e => 
setNewName(e.target.value)}
          |                                                            ^
      215 |                                             placeholder="Schedule 
nameÔÇª"
      216 |                                             className="w-full 
border border-gray-300 rounded px-2 py-0.5 text-sm focus:outline-none 
focus:ring-1 focus:ring-brand-500"
      217 |                                             // 
eslint-disable-next-line jsx-a11y/no-autofocus

      at printWarning 
(node_modules/react-dom/cjs/react-dom.development.js:86:30)
      at error (node_modules/react-dom/cjs/react-dom.development.js:60:7)
      at warnIfUpdatesNotWrappedWithActDEV 
(node_modules/react-dom/cjs/react-dom.development.js:27628:9)
      at scheduleUpdateOnFiber 
(node_modules/react-dom/cjs/react-dom.development.js:25547:5)
      at dispatchSetState 
(node_modules/react-dom/cjs/react-dom.development.js:16708:7)
      at onChange (src/settings/RatingRulesPage.tsx:214:60)
      at HTMLUnknownElement.callCallback 
(node_modules/react-dom/cjs/react-dom.development.js:4164:14)
      at HTMLUnknownElement.callTheUserObjectsOperation 
(node_modules/jsdom/lib/jsdom/living/generated/EventListener.js:26:30)
      at innerInvokeEventListeners 
(node_modules/jsdom/lib/jsdom/living/events/EventTarget-impl.js:350:25)
      at invokeEventListeners 
(node_modules/jsdom/lib/jsdom/living/events/EventTarget-impl.js:286:3)
      at HTMLUnknownElementImpl._dispatch 
(node_modules/jsdom/lib/jsdom/living/events/EventTarget-impl.js:233:9)
      at HTMLUnknownElementImpl.dispatchEvent 
(node_modules/jsdom/lib/jsdom/living/events/EventTarget-impl.js:104:17)
      at HTMLUnknownElement.dispatchEvent 
(node_modules/jsdom/lib/jsdom/living/generated/EventTarget.js:241:34)
      at Object.invokeGuardedCallbackDev 
(node_modules/react-dom/cjs/react-dom.development.js:4213:16)
      at invokeGuardedCallback 
(node_modules/react-dom/cjs/react-dom.development.js:4277:31)
      at invokeGuardedCallbackAndCatchFirstError 
(node_modules/react-dom/cjs/react-dom.development.js:4291:25)
      at executeDispatch 
(node_modules/react-dom/cjs/react-dom.development.js:9041:3)
      at processDispatchQueueItemsInOrder 
(node_modules/react-dom/cjs/react-dom.development.js:9073:7)
      at processDispatchQueue 
(node_modules/react-dom/cjs/react-dom.development.js:9086:5)
      at dispatchEventsForPlugins 
(node_modules/react-dom/cjs/react-dom.development.js:9097:3)
      at node_modules/react-dom/cjs/react-dom.development.js:9288:12
      at batchedUpdates$1 
(node_modules/react-dom/cjs/react-dom.development.js:26179:12)
      at batchedUpdates 
(node_modules/react-dom/cjs/react-dom.development.js:3991:12)
      at dispatchEventForPluginEventSystem 
(node_modules/react-dom/cjs/react-dom.development.js:9287:3)
      at dispatchEventWithEnableCapturePhaseSelectiveHydrationWithoutDiscreteEv
entReplay (node_modules/react-dom/cjs/react-dom.development.js:6465:5)
      at dispatchEvent 
(node_modules/react-dom/cjs/react-dom.development.js:6457:5)
      at dispatchDiscreteEvent 
(node_modules/react-dom/cjs/react-dom.development.js:6430:5)
      at HTMLDivElement.callTheUserObjectsOperation 
(node_modules/jsdom/lib/jsdom/living/generated/EventListener.js:26:30)
      at innerInvokeEventListeners 
(node_modules/jsdom/lib/jsdom/living/events/EventTarget-impl.js:350:25)
      at invokeEventListeners 
(node_modules/jsdom/lib/jsdom/living/events/EventTarget-impl.js:286:3)
      at HTMLInputElementImpl._dispatch 
(node_modules/jsdom/lib/jsdom/living/events/EventTarget-impl.js:233:9)
      at HTMLInputElementImpl.dispatchEvent 
(node_modules/jsdom/lib/jsdom/living/events/EventTarget-impl.js:104:17)
      at HTMLInputElement.dispatchEvent 
(node_modules/jsdom/lib/jsdom/living/generated/EventTarget.js:241:34)
      at 
node_modules/@testing-library/user-event/dist/cjs/event/dispatchEvent.js:45:43
      at Object.eventWrapper 
(node_modules/@testing-library/dom/dist/config.js:25:23)
      at Object.wrapEvent 
(node_modules/@testing-library/user-event/dist/cjs/event/wrapEvent.js:6:28)
      at Object.dispatchEvent (node_modules/@testing-library/user-event/dist/cj
s/event/dispatchEvent.js:45:22)
      at Object.dispatchUIEvent (node_modules/@testing-library/user-event/dist/
cjs/event/dispatchEvent.js:22:26)
      at commitInput 
(node_modules/@testing-library/user-event/dist/cjs/event/input.js:145:14)
      at editInputElement 
(node_modules/@testing-library/user-event/dist/cjs/event/input.js:115:9)
      at Object.input 
(node_modules/@testing-library/user-event/dist/cjs/event/input.js:37:9)
      at node_modules/@testing-library/user-event/dist/cjs/event/behavior/keypr
ess.js:31:26
      at Object.dispatchEvent (node_modules/@testing-library/user-event/dist/cj
s/event/dispatchEvent.js:41:13)
      at Object.dispatchUIEvent (node_modules/@testing-library/user-event/dist/
cjs/event/dispatchEvent.js:22:26)
      at KeyboardHost.keydown 
(node_modules/@testing-library/user-event/dist/cjs/system/keyboard.js:76:22)
      at keyboardAction 
(node_modules/@testing-library/user-event/dist/cjs/keyboard/index.js:22:35)
      at Object.keyboard 
(node_modules/@testing-library/user-event/dist/cjs/keyboard/index.js:11:15)
      at Object.type 
(node_modules/@testing-library/user-event/dist/cjs/utility/type.js:17:5)
      at Object.<anonymous> 
(src/settings/__tests__/RatingRulesPage.test.tsx:603:5)

    console.error
      Warning: An update to RatingRulesPage inside a test was not wrapped in 
act(...).
      
      When testing, code that causes React state updates should be wrapped 
into act(...):
      
      act(() => {
        /* fire events that update state */
      });
      /* assert on the output */
      
      This ensures that you're testing the behavior the user would see in the 
browser. Learn more at https://reactjs.org/link/wrap-tests-with-act
          at RatingRulesPage (C:\Users\samhe\OneDrive\Desktop\Cleaned\frontend\
src\settings\RatingRulesPage.tsx:26:47)
          at basenameProp (C:\Users\samhe\OneDrive\Desktop\Cleaned\frontend\nod
e_modules\react-router\lib\components.tsx:421:13)
          at basename (C:\Users\samhe\OneDrive\Desktop\Cleaned\frontend\node_mo
dules\react-router\lib\components.tsx:225:3)

      212 |                                             aria-label="Schedule 
Name"
      213 |                                             value={newName}
    > 214 |                                             onChange={e => 
setNewName(e.target.value)}
          |                                                            ^
      215 |                                             placeholder="Schedule 
nameÔÇª"
      216 |                                             className="w-full 
border border-gray-300 rounded px-2 py-0.5 text-sm focus:outline-none 
focus:ring-1 focus:ring-brand-500"
      217 |                                             // 
eslint-disable-next-line jsx-a11y/no-autofocus

      at printWarning 
(node_modules/react-dom/cjs/react-dom.development.js:86:30)
      at error (node_modules/react-dom/cjs/react-dom.development.js:60:7)
      at warnIfUpdatesNotWrappedWithActDEV 
(node_modules/react-dom/cjs/react-dom.development.js:27628:9)
      at scheduleUpdateOnFiber 
(node_modules/react-dom/cjs/react-dom.development.js:25547:5)
      at dispatchSetState 
(node_modules/react-dom/cjs/react-dom.development.js:16708:7)
      at onChange (src/settings/RatingRulesPage.tsx:214:60)
      at HTMLUnknownElement.callCallback 
(node_modules/react-dom/cjs/react-dom.development.js:4164:14)
      at HTMLUnknownElement.callTheUserObjectsOperation 
(node_modules/jsdom/lib/jsdom/living/generated/EventListener.js:26:30)
      at innerInvokeEventListeners 
(node_modules/jsdom/lib/jsdom/living/events/EventTarget-impl.js:350:25)
      at invokeEventListeners 
(node_modules/jsdom/lib/jsdom/living/events/EventTarget-impl.js:286:3)
      at HTMLUnknownElementImpl._dispatch 
(node_modules/jsdom/lib/jsdom/living/events/EventTarget-impl.js:233:9)
      at HTMLUnknownElementImpl.dispatchEvent 
(node_modules/jsdom/lib/jsdom/living/events/EventTarget-impl.js:104:17)
      at HTMLUnknownElement.dispatchEvent 
(node_modules/jsdom/lib/jsdom/living/generated/EventTarget.js:241:34)
      at Object.invokeGuardedCallbackDev 
(node_modules/react-dom/cjs/react-dom.development.js:4213:16)
      at invokeGuardedCallback 
(node_modules/react-dom/cjs/react-dom.development.js:4277:31)
      at invokeGuardedCallbackAndCatchFirstError 
(node_modules/react-dom/cjs/react-dom.development.js:4291:25)
      at executeDispatch 
(node_modules/react-dom/cjs/react-dom.development.js:9041:3)
      at processDispatchQueueItemsInOrder 
(node_modules/react-dom/cjs/react-dom.development.js:9073:7)
      at processDispatchQueue 
(node_modules/react-dom/cjs/react-dom.development.js:9086:5)
      at dispatchEventsForPlugins 
(node_modules/react-dom/cjs/react-dom.development.js:9097:3)
      at node_modules/react-dom/cjs/react-dom.development.js:9288:12
      at batchedUpdates$1 
(node_modules/react-dom/cjs/react-dom.development.js:26179:12)
      at batchedUpdates 
(node_modules/react-dom/cjs/react-dom.development.js:3991:12)
      at dispatchEventForPluginEventSystem 
(node_modules/react-dom/cjs/react-dom.development.js:9287:3)
      at dispatchEventWithEnableCapturePhaseSelectiveHydrationWithoutDiscreteEv
entReplay (node_modules/react-dom/cjs/react-dom.development.js:6465:5)
      at dispatchEvent 
(node_modules/react-dom/cjs/react-dom.development.js:6457:5)
      at dispatchDiscreteEvent 
(node_modules/react-dom/cjs/react-dom.development.js:6430:5)
      at HTMLDivElement.callTheUserObjectsOperation 
(node_modules/jsdom/lib/jsdom/living/generated/EventListener.js:26:30)
      at innerInvokeEventListeners 
(node_modules/jsdom/lib/jsdom/living/events/EventTarget-impl.js:350:25)
      at invokeEventListeners 
(node_modules/jsdom/lib/jsdom/living/events/EventTarget-impl.js:286:3)
      at HTMLInputElementImpl._dispatch 
(node_modules/jsdom/lib/jsdom/living/events/EventTarget-impl.js:233:9)
      at HTMLInputElementImpl.dispatchEvent 
(node_modules/jsdom/lib/jsdom/living/events/EventTarget-impl.js:104:17)
      at HTMLInputElement.dispatchEvent 
(node_modules/jsdom/lib/jsdom/living/generated/EventTarget.js:241:34)
      at 
node_modules/@testing-library/user-event/dist/cjs/event/dispatchEvent.js:45:43
      at Object.eventWrapper 
(node_modules/@testing-library/dom/dist/config.js:25:23)
      at Object.wrapEvent 
(node_modules/@testing-library/user-event/dist/cjs/event/wrapEvent.js:6:28)
      at Object.dispatchEvent (node_modules/@testing-library/user-event/dist/cj
s/event/dispatchEvent.js:45:22)
      at Object.dispatchUIEvent (node_modules/@testing-library/user-event/dist/
cjs/event/dispatchEvent.js:22:26)
      at commitInput 
(node_modules/@testing-library/user-event/dist/cjs/event/input.js:145:14)
      at editInputElement 
(node_modules/@testing-library/user-event/dist/cjs/event/input.js:115:9)
      at Object.input 
(node_modules/@testing-library/user-event/dist/cjs/event/input.js:37:9)
      at node_modules/@testing-library/user-event/dist/cjs/event/behavior/keypr
ess.js:31:26
      at Object.dispatchEvent (node_modules/@testing-library/user-event/dist/cj
s/event/dispatchEvent.js:41:13)
      at Object.dispatchUIEvent (node_modules/@testing-library/user-event/dist/
cjs/event/dispatchEvent.js:22:26)
      at KeyboardHost.keydown 
(node_modules/@testing-library/user-event/dist/cjs/system/keyboard.js:76:22)
      at keyboardAction 
(node_modules/@testing-library/user-event/dist/cjs/keyboard/index.js:22:35)
      at Object.keyboard 
(node_modules/@testing-library/user-event/dist/cjs/keyboard/index.js:11:15)
      at Object.type 
(node_modules/@testing-library/user-event/dist/cjs/utility/type.js:17:5)
      at Object.<anonymous> 
(src/settings/__tests__/RatingRulesPage.test.tsx:603:5)

    console.error
      Warning: An update to RatingRulesPage inside a test was not wrapped in 
act(...).
      
      When testing, code that causes React state updates should be wrapped 
into act(...):
      
      act(() => {
        /* fire events that update state */
      });
      /* assert on the output */
      
      This ensures that you're testing the behavior the user would see in the 
browser. Learn more at https://reactjs.org/link/wrap-tests-with-act
          at RatingRulesPage (C:\Users\samhe\OneDrive\Desktop\Cleaned\frontend\
src\settings\RatingRulesPage.tsx:26:47)
          at basenameProp (C:\Users\samhe\OneDrive\Desktop\Cleaned\frontend\nod
e_modules\react-router\lib\components.tsx:421:13)
          at basename (C:\Users\samhe\OneDrive\Desktop\Cleaned\frontend\node_mo
dules\react-router\lib\components.tsx:225:3)

      212 |                                             aria-label="Schedule 
Name"
      213 |                                             value={newName}
    > 214 |                                             onChange={e => 
setNewName(e.target.value)}
          |                                                            ^
      215 |                                             placeholder="Schedule 
nameÔÇª"
      216 |                                             className="w-full 
border border-gray-300 rounded px-2 py-0.5 text-sm focus:outline-none 
focus:ring-1 focus:ring-brand-500"
      217 |                                             // 
eslint-disable-next-line jsx-a11y/no-autofocus

      at printWarning 
(node_modules/react-dom/cjs/react-dom.development.js:86:30)
      at error (node_modules/react-dom/cjs/react-dom.development.js:60:7)
      at warnIfUpdatesNotWrappedWithActDEV 
(node_modules/react-dom/cjs/react-dom.development.js:27628:9)
      at scheduleUpdateOnFiber 
(node_modules/react-dom/cjs/react-dom.development.js:25547:5)
      at dispatchSetState 
(node_modules/react-dom/cjs/react-dom.development.js:16708:7)
      at onChange (src/settings/RatingRulesPage.tsx:214:60)
      at HTMLUnknownElement.callCallback 
(node_modules/react-dom/cjs/react-dom.development.js:4164:14)
      at HTMLUnknownElement.callTheUserObjectsOperation 
(node_modules/jsdom/lib/jsdom/living/generated/EventListener.js:26:30)
      at innerInvokeEventListeners 
(node_modules/jsdom/lib/jsdom/living/events/EventTarget-impl.js:350:25)
      at invokeEventListeners 
(node_modules/jsdom/lib/jsdom/living/events/EventTarget-impl.js:286:3)
      at HTMLUnknownElementImpl._dispatch 
(node_modules/jsdom/lib/jsdom/living/events/EventTarget-impl.js:233:9)
      at HTMLUnknownElementImpl.dispatchEvent 
(node_modules/jsdom/lib/jsdom/living/events/EventTarget-impl.js:104:17)
      at HTMLUnknownElement.dispatchEvent 
(node_modules/jsdom/lib/jsdom/living/generated/EventTarget.js:241:34)
      at Object.invokeGuardedCallbackDev 
(node_modules/react-dom/cjs/react-dom.development.js:4213:16)
      at invokeGuardedCallback 
(node_modules/react-dom/cjs/react-dom.development.js:4277:31)
      at invokeGuardedCallbackAndCatchFirstError 
(node_modules/react-dom/cjs/react-dom.development.js:4291:25)
      at executeDispatch 
(node_modules/react-dom/cjs/react-dom.development.js:9041:3)
      at processDispatchQueueItemsInOrder 
(node_modules/react-dom/cjs/react-dom.development.js:9073:7)
      at processDispatchQueue 
(node_modules/react-dom/cjs/react-dom.development.js:9086:5)
      at dispatchEventsForPlugins 
(node_modules/react-dom/cjs/react-dom.development.js:9097:3)
      at node_modules/react-dom/cjs/react-dom.development.js:9288:12
      at batchedUpdates$1 
(node_modules/react-dom/cjs/react-dom.development.js:26179:12)
      at batchedUpdates 
(node_modules/react-dom/cjs/react-dom.development.js:3991:12)
      at dispatchEventForPluginEventSystem 
(node_modules/react-dom/cjs/react-dom.development.js:9287:3)
      at dispatchEventWithEnableCapturePhaseSelectiveHydrationWithoutDiscreteEv
entReplay (node_modules/react-dom/cjs/react-dom.development.js:6465:5)
      at dispatchEvent 
(node_modules/react-dom/cjs/react-dom.development.js:6457:5)
      at dispatchDiscreteEvent 
(node_modules/react-dom/cjs/react-dom.development.js:6430:5)
      at HTMLDivElement.callTheUserObjectsOperation 
(node_modules/jsdom/lib/jsdom/living/generated/EventListener.js:26:30)
      at innerInvokeEventListeners 
(node_modules/jsdom/lib/jsdom/living/events/EventTarget-impl.js:350:25)
      at invokeEventListeners 
(node_modules/jsdom/lib/jsdom/living/events/EventTarget-impl.js:286:3)
      at HTMLInputElementImpl._dispatch 
(node_modules/jsdom/lib/jsdom/living/events/EventTarget-impl.js:233:9)
      at HTMLInputElementImpl.dispatchEvent 
(node_modules/jsdom/lib/jsdom/living/events/EventTarget-impl.js:104:17)
      at HTMLInputElement.dispatchEvent 
(node_modules/jsdom/lib/jsdom/living/generated/EventTarget.js:241:34)
      at 
node_modules/@testing-library/user-event/dist/cjs/event/dispatchEvent.js:45:43
      at Object.eventWrapper 
(node_modules/@testing-library/dom/dist/config.js:25:23)
      at Object.wrapEvent 
(node_modules/@testing-library/user-event/dist/cjs/event/wrapEvent.js:6:28)
      at Object.dispatchEvent (node_modules/@testing-library/user-event/dist/cj
s/event/dispatchEvent.js:45:22)
      at Object.dispatchUIEvent (node_modules/@testing-library/user-event/dist/
cjs/event/dispatchEvent.js:22:26)
      at commitInput 
(node_modules/@testing-library/user-event/dist/cjs/event/input.js:145:14)
      at editInputElement 
(node_modules/@testing-library/user-event/dist/cjs/event/input.js:115:9)
      at Object.input 
(node_modules/@testing-library/user-event/dist/cjs/event/input.js:37:9)
      at node_modules/@testing-library/user-event/dist/cjs/event/behavior/keypr
ess.js:31:26
      at Object.dispatchEvent (node_modules/@testing-library/user-event/dist/cj
s/event/dispatchEvent.js:41:13)
      at Object.dispatchUIEvent (node_modules/@testing-library/user-event/dist/
cjs/event/dispatchEvent.js:22:26)
      at KeyboardHost.keydown 
(node_modules/@testing-library/user-event/dist/cjs/system/keyboard.js:76:22)
      at keyboardAction 
(node_modules/@testing-library/user-event/dist/cjs/keyboard/index.js:22:35)
      at Object.keyboard 
(node_modules/@testing-library/user-event/dist/cjs/keyboard/index.js:11:15)
      at Object.type 
(node_modules/@testing-library/user-event/dist/cjs/utility/type.js:17:5)
      at Object.<anonymous> 
(src/settings/__tests__/RatingRulesPage.test.tsx:603:5)

    console.error
      Warning: An update to RatingRulesPage inside a test was not wrapped in 
act(...).
      
      When testing, code that causes React state updates should be wrapped 
into act(...):
      
      act(() => {
        /* fire events that update state */
      });
      /* assert on the output */
      
      This ensures that you're testing the behavior the user would see in the 
browser. Learn more at https://reactjs.org/link/wrap-tests-with-act
          at RatingRulesPage (C:\Users\samhe\OneDrive\Desktop\Cleaned\frontend\
src\settings\RatingRulesPage.tsx:26:47)
          at basenameProp (C:\Users\samhe\OneDrive\Desktop\Cleaned\frontend\nod
e_modules\react-router\lib\components.tsx:421:13)
          at basename (C:\Users\samhe\OneDrive\Desktop\Cleaned\frontend\node_mo
dules\react-router\lib\components.tsx:225:3)

      212 |                                             aria-label="Schedule 
Name"
      213 |                                             value={newName}
    > 214 |                                             onChange={e => 
setNewName(e.target.value)}
          |                                                            ^
      215 |                                             placeholder="Schedule 
nameÔÇª"
      216 |                                             className="w-full 
border border-gray-300 rounded px-2 py-0.5 text-sm focus:outline-none 
focus:ring-1 focus:ring-brand-500"
      217 |                                             // 
eslint-disable-next-line jsx-a11y/no-autofocus

      at printWarning 
(node_modules/react-dom/cjs/react-dom.development.js:86:30)
      at error (node_modules/react-dom/cjs/react-dom.development.js:60:7)
      at warnIfUpdatesNotWrappedWithActDEV 
(node_modules/react-dom/cjs/react-dom.development.js:27628:9)
      at scheduleUpdateOnFiber 
(node_modules/react-dom/cjs/react-dom.development.js:25547:5)
      at dispatchSetState 
(node_modules/react-dom/cjs/react-dom.development.js:16708:7)
      at onChange (src/settings/RatingRulesPage.tsx:214:60)
      at HTMLUnknownElement.callCallback 
(node_modules/react-dom/cjs/react-dom.development.js:4164:14)
      at HTMLUnknownElement.callTheUserObjectsOperation 
(node_modules/jsdom/lib/jsdom/living/generated/EventListener.js:26:30)
      at innerInvokeEventListeners 
(node_modules/jsdom/lib/jsdom/living/events/EventTarget-impl.js:350:25)
      at invokeEventListeners 
(node_modules/jsdom/lib/jsdom/living/events/EventTarget-impl.js:286:3)
      at HTMLUnknownElementImpl._dispatch 
(node_modules/jsdom/lib/jsdom/living/events/EventTarget-impl.js:233:9)
      at HTMLUnknownElementImpl.dispatchEvent 
(node_modules/jsdom/lib/jsdom/living/events/EventTarget-impl.js:104:17)
      at HTMLUnknownElement.dispatchEvent 
(node_modules/jsdom/lib/jsdom/living/generated/EventTarget.js:241:34)
      at Object.invokeGuardedCallbackDev 
(node_modules/react-dom/cjs/react-dom.development.js:4213:16)
      at invokeGuardedCallback 
(node_modules/react-dom/cjs/react-dom.development.js:4277:31)
      at invokeGuardedCallbackAndCatchFirstError 
(node_modules/react-dom/cjs/react-dom.development.js:4291:25)
      at executeDispatch 
(node_modules/react-dom/cjs/react-dom.development.js:9041:3)
      at processDispatchQueueItemsInOrder 
(node_modules/react-dom/cjs/react-dom.development.js:9073:7)
      at processDispatchQueue 
(node_modules/react-dom/cjs/react-dom.development.js:9086:5)
      at dispatchEventsForPlugins 
(node_modules/react-dom/cjs/react-dom.development.js:9097:3)
      at node_modules/react-dom/cjs/react-dom.development.js:9288:12
      at batchedUpdates$1 
(node_modules/react-dom/cjs/react-dom.development.js:26179:12)
      at batchedUpdates 
(node_modules/react-dom/cjs/react-dom.development.js:3991:12)
      at dispatchEventForPluginEventSystem 
(node_modules/react-dom/cjs/react-dom.development.js:9287:3)
      at dispatchEventWithEnableCapturePhaseSelectiveHydrationWithoutDiscreteEv
entReplay (node_modules/react-dom/cjs/react-dom.development.js:6465:5)
      at dispatchEvent 
(node_modules/react-dom/cjs/react-dom.development.js:6457:5)
      at dispatchDiscreteEvent 
(node_modules/react-dom/cjs/react-dom.development.js:6430:5)
      at HTMLDivElement.callTheUserObjectsOperation 
(node_modules/jsdom/lib/jsdom/living/generated/EventListener.js:26:30)
      at innerInvokeEventListeners 
(node_modules/jsdom/lib/jsdom/living/events/EventTarget-impl.js:350:25)
      at invokeEventListeners 
(node_modules/jsdom/lib/jsdom/living/events/EventTarget-impl.js:286:3)
      at HTMLInputElementImpl._dispatch 
(node_modules/jsdom/lib/jsdom/living/events/EventTarget-impl.js:233:9)
      at HTMLInputElementImpl.dispatchEvent 
(node_modules/jsdom/lib/jsdom/living/events/EventTarget-impl.js:104:17)
      at HTMLInputElement.dispatchEvent 
(node_modules/jsdom/lib/jsdom/living/generated/EventTarget.js:241:34)
      at 
node_modules/@testing-library/user-event/dist/cjs/event/dispatchEvent.js:45:43
      at Object.eventWrapper 
(node_modules/@testing-library/dom/dist/config.js:25:23)
      at Object.wrapEvent 
(node_modules/@testing-library/user-event/dist/cjs/event/wrapEvent.js:6:28)
      at Object.dispatchEvent (node_modules/@testing-library/user-event/dist/cj
s/event/dispatchEvent.js:45:22)
      at Object.dispatchUIEvent (node_modules/@testing-library/user-event/dist/
cjs/event/dispatchEvent.js:22:26)
      at commitInput 
(node_modules/@testing-library/user-event/dist/cjs/event/input.js:145:14)
      at editInputElement 
(node_modules/@testing-library/user-event/dist/cjs/event/input.js:115:9)
      at Object.input 
(node_modules/@testing-library/user-event/dist/cjs/event/input.js:37:9)
      at node_modules/@testing-library/user-event/dist/cjs/event/behavior/keypr
ess.js:31:26
      at Object.dispatchEvent (node_modules/@testing-library/user-event/dist/cj
s/event/dispatchEvent.js:41:13)
      at Object.dispatchUIEvent (node_modules/@testing-library/user-event/dist/
cjs/event/dispatchEvent.js:22:26)
      at KeyboardHost.keydown 
(node_modules/@testing-library/user-event/dist/cjs/system/keyboard.js:76:22)
      at keyboardAction 
(node_modules/@testing-library/user-event/dist/cjs/keyboard/index.js:22:35)
      at Object.keyboard 
(node_modules/@testing-library/user-event/dist/cjs/keyboard/index.js:11:15)
      at Object.type 
(node_modules/@testing-library/user-event/dist/cjs/utility/type.js:17:5)
      at Object.<anonymous> 
(src/settings/__tests__/RatingRulesPage.test.tsx:603:5)

    console.error
      Warning: An update to RatingRulesPage inside a test was not wrapped in 
act(...).
      
      When testing, code that causes React state updates should be wrapped 
into act(...):
      
      act(() => {
        /* fire events that update state */
      });
      /* assert on the output */
      
      This ensures that you're testing the behavior the user would see in the 
browser. Learn more at https://reactjs.org/link/wrap-tests-with-act
          at RatingRulesPage (C:\Users\samhe\OneDrive\Desktop\Cleaned\frontend\
src\settings\RatingRulesPage.tsx:26:47)
          at basenameProp (C:\Users\samhe\OneDrive\Desktop\Cleaned\frontend\nod
e_modules\react-router\lib\components.tsx:421:13)
          at basename (C:\Users\samhe\OneDrive\Desktop\Cleaned\frontend\node_mo
dules\react-router\lib\components.tsx:225:3)

      212 |                                             aria-label="Schedule 
Name"
      213 |                                             value={newName}
    > 214 |                                             onChange={e => 
setNewName(e.target.value)}
          |                                                            ^
      215 |                                             placeholder="Schedule 
nameÔÇª"
      216 |                                             className="w-full 
border border-gray-300 rounded px-2 py-0.5 text-sm focus:outline-none 
focus:ring-1 focus:ring-brand-500"
      217 |                                             // 
eslint-disable-next-line jsx-a11y/no-autofocus

      at printWarning 
(node_modules/react-dom/cjs/react-dom.development.js:86:30)
      at error (node_modules/react-dom/cjs/react-dom.development.js:60:7)
      at warnIfUpdatesNotWrappedWithActDEV 
(node_modules/react-dom/cjs/react-dom.development.js:27628:9)
      at scheduleUpdateOnFiber 
(node_modules/react-dom/cjs/react-dom.development.js:25547:5)
      at dispatchSetState 
(node_modules/react-dom/cjs/react-dom.development.js:16708:7)
      at onChange (src/settings/RatingRulesPage.tsx:214:60)
      at HTMLUnknownElement.callCallback 
(node_modules/react-dom/cjs/react-dom.development.js:4164:14)
      at HTMLUnknownElement.callTheUserObjectsOperation 
(node_modules/jsdom/lib/jsdom/living/generated/EventListener.js:26:30)
      at innerInvokeEventListeners 
(node_modules/jsdom/lib/jsdom/living/events/EventTarget-impl.js:350:25)
      at invokeEventListeners 
(node_modules/jsdom/lib/jsdom/living/events/EventTarget-impl.js:286:3)
      at HTMLUnknownElementImpl._dispatch 
(node_modules/jsdom/lib/jsdom/living/events/EventTarget-impl.js:233:9)
      at HTMLUnknownElementImpl.dispatchEvent 
(node_modules/jsdom/lib/jsdom/living/events/EventTarget-impl.js:104:17)
      at HTMLUnknownElement.dispatchEvent 
(node_modules/jsdom/lib/jsdom/living/generated/EventTarget.js:241:34)
      at Object.invokeGuardedCallbackDev 
(node_modules/react-dom/cjs/react-dom.development.js:4213:16)
      at invokeGuardedCallback 
(node_modules/react-dom/cjs/react-dom.development.js:4277:31)
      at invokeGuardedCallbackAndCatchFirstError 
(node_modules/react-dom/cjs/react-dom.development.js:4291:25)
      at executeDispatch 
(node_modules/react-dom/cjs/react-dom.development.js:9041:3)
      at processDispatchQueueItemsInOrder 
(node_modules/react-dom/cjs/react-dom.development.js:9073:7)
      at processDispatchQueue 
(node_modules/react-dom/cjs/react-dom.development.js:9086:5)
      at dispatchEventsForPlugins 
(node_modules/react-dom/cjs/react-dom.development.js:9097:3)
      at node_modules/react-dom/cjs/react-dom.development.js:9288:12
      at batchedUpdates$1 
(node_modules/react-dom/cjs/react-dom.development.js:26179:12)
      at batchedUpdates 
(node_modules/react-dom/cjs/react-dom.development.js:3991:12)
      at dispatchEventForPluginEventSystem 
(node_modules/react-dom/cjs/react-dom.development.js:9287:3)
      at dispatchEventWithEnableCapturePhaseSelectiveHydrationWithoutDiscreteEv
entReplay (node_modules/react-dom/cjs/react-dom.development.js:6465:5)
      at dispatchEvent 
(node_modules/react-dom/cjs/react-dom.development.js:6457:5)
      at dispatchDiscreteEvent 
(node_modules/react-dom/cjs/react-dom.development.js:6430:5)
      at HTMLDivElement.callTheUserObjectsOperation 
(node_modules/jsdom/lib/jsdom/living/generated/EventListener.js:26:30)
      at innerInvokeEventListeners 
(node_modules/jsdom/lib/jsdom/living/events/EventTarget-impl.js:350:25)
      at invokeEventListeners 
(node_modules/jsdom/lib/jsdom/living/events/EventTarget-impl.js:286:3)
      at HTMLInputElementImpl._dispatch 
(node_modules/jsdom/lib/jsdom/living/events/EventTarget-impl.js:233:9)
      at HTMLInputElementImpl.dispatchEvent 
(node_modules/jsdom/lib/jsdom/living/events/EventTarget-impl.js:104:17)
      at HTMLInputElement.dispatchEvent 
(node_modules/jsdom/lib/jsdom/living/generated/EventTarget.js:241:34)
      at 
node_modules/@testing-library/user-event/dist/cjs/event/dispatchEvent.js:45:43
      at Object.eventWrapper 
(node_modules/@testing-library/dom/dist/config.js:25:23)
      at Object.wrapEvent 
(node_modules/@testing-library/user-event/dist/cjs/event/wrapEvent.js:6:28)
      at Object.dispatchEvent (node_modules/@testing-library/user-event/dist/cj
s/event/dispatchEvent.js:45:22)
      at Object.dispatchUIEvent (node_modules/@testing-library/user-event/dist/
cjs/event/dispatchEvent.js:22:26)
      at commitInput 
(node_modules/@testing-library/user-event/dist/cjs/event/input.js:145:14)
      at editInputElement 
(node_modules/@testing-library/user-event/dist/cjs/event/input.js:115:9)
      at Object.input 
(node_modules/@testing-library/user-event/dist/cjs/event/input.js:37:9)
      at node_modules/@testing-library/user-event/dist/cjs/event/behavior/keypr
ess.js:31:26
      at Object.dispatchEvent (node_modules/@testing-library/user-event/dist/cj
s/event/dispatchEvent.js:41:13)
      at Object.dispatchUIEvent (node_modules/@testing-library/user-event/dist/
cjs/event/dispatchEvent.js:22:26)
      at KeyboardHost.keydown 
(node_modules/@testing-library/user-event/dist/cjs/system/keyboard.js:76:22)
      at keyboardAction 
(node_modules/@testing-library/user-event/dist/cjs/keyboard/index.js:22:35)
      at Object.keyboard 
(node_modules/@testing-library/user-event/dist/cjs/keyboard/index.js:11:15)
      at Object.type 
(node_modules/@testing-library/user-event/dist/cjs/utility/type.js:17:5)
      at Object.<anonymous> 
(src/settings/__tests__/RatingRulesPage.test.tsx:603:5)

    console.error
      Warning: An update to RatingRulesPage inside a test was not wrapped in 
act(...).
      
      When testing, code that causes React state updates should be wrapped 
into act(...):
      
      act(() => {
        /* fire events that update state */
      });
      /* assert on the output */
      
      This ensures that you're testing the behavior the user would see in the 
browser. Learn more at https://reactjs.org/link/wrap-tests-with-act
          at RatingRulesPage (C:\Users\samhe\OneDrive\Desktop\Cleaned\frontend\
src\settings\RatingRulesPage.tsx:26:47)
          at basenameProp (C:\Users\samhe\OneDrive\Desktop\Cleaned\frontend\nod
e_modules\react-router\lib\components.tsx:421:13)
          at basename (C:\Users\samhe\OneDrive\Desktop\Cleaned\frontend\node_mo
dules\react-router\lib\components.tsx:225:3)

      100 |     async function handleCreate() {
      101 |         if (!newName.trim()) return
    > 102 |         setCreating(true)
          |         ^
      103 |         try {
      104 |             const created = await createRatingSchedule({
      105 |                 name: newName.trim(),

      at printWarning 
(node_modules/react-dom/cjs/react-dom.development.js:86:30)
      at error (node_modules/react-dom/cjs/react-dom.development.js:60:7)
      at warnIfUpdatesNotWrappedWithActDEV 
(node_modules/react-dom/cjs/react-dom.development.js:27628:9)
      at scheduleUpdateOnFiber 
(node_modules/react-dom/cjs/react-dom.development.js:25547:5)
      at dispatchSetState 
(node_modules/react-dom/cjs/react-dom.development.js:16708:7)
      at handleCreate (src/settings/RatingRulesPage.tsx:102:9)
      at HTMLUnknownElement.callCallback 
(node_modules/react-dom/cjs/react-dom.development.js:4164:14)
      at HTMLUnknownElement.callTheUserObjectsOperation 
(node_modules/jsdom/lib/jsdom/living/generated/EventListener.js:26:30)
      at innerInvokeEventListeners 
(node_modules/jsdom/lib/jsdom/living/events/EventTarget-impl.js:350:25)
      at invokeEventListeners 
(node_modules/jsdom/lib/jsdom/living/events/EventTarget-impl.js:286:3)
      at HTMLUnknownElementImpl._dispatch 
(node_modules/jsdom/lib/jsdom/living/events/EventTarget-impl.js:233:9)
      at HTMLUnknownElementImpl.dispatchEvent 
(node_modules/jsdom/lib/jsdom/living/events/EventTarget-impl.js:104:17)
      at HTMLUnknownElement.dispatchEvent 
(node_modules/jsdom/lib/jsdom/living/generated/EventTarget.js:241:34)
      at Object.invokeGuardedCallbackDev 
(node_modules/react-dom/cjs/react-dom.development.js:4213:16)
      at invokeGuardedCallback 
(node_modules/react-dom/cjs/react-dom.development.js:4277:31)
      at invokeGuardedCallbackAndCatchFirstError 
(node_modules/react-dom/cjs/react-dom.development.js:4291:25)
      at executeDispatch 
(node_modules/react-dom/cjs/react-dom.development.js:9041:3)
      at processDispatchQueueItemsInOrder 
(node_modules/react-dom/cjs/react-dom.development.js:9073:7)
      at processDispatchQueue 
(node_modules/react-dom/cjs/react-dom.development.js:9086:5)
      at dispatchEventsForPlugins 
(node_modules/react-dom/cjs/react-dom.development.js:9097:3)
      at node_modules/react-dom/cjs/react-dom.development.js:9288:12
      at batchedUpdates$1 
(node_modules/react-dom/cjs/react-dom.development.js:26179:12)
      at batchedUpdates 
(node_modules/react-dom/cjs/react-dom.development.js:3991:12)
      at dispatchEventForPluginEventSystem 
(node_modules/react-dom/cjs/react-dom.development.js:9287:3)
      at dispatchEventWithEnableCapturePhaseSelectiveHydrationWithoutDiscreteEv
entReplay (node_modules/react-dom/cjs/react-dom.development.js:6465:5)
      at dispatchEvent 
(node_modules/react-dom/cjs/react-dom.development.js:6457:5)
      at dispatchDiscreteEvent 
(node_modules/react-dom/cjs/react-dom.development.js:6430:5)
      at HTMLDivElement.callTheUserObjectsOperation 
(node_modules/jsdom/lib/jsdom/living/generated/EventListener.js:26:30)
      at innerInvokeEventListeners 
(node_modules/jsdom/lib/jsdom/living/events/EventTarget-impl.js:350:25)
      at invokeEventListeners 
(node_modules/jsdom/lib/jsdom/living/events/EventTarget-impl.js:286:3)
      at HTMLButtonElementImpl._dispatch 
(node_modules/jsdom/lib/jsdom/living/events/EventTarget-impl.js:233:9)
      at HTMLButtonElementImpl.dispatchEvent 
(node_modules/jsdom/lib/jsdom/living/events/EventTarget-impl.js:104:17)
      at HTMLButtonElement.dispatchEvent 
(node_modules/jsdom/lib/jsdom/living/generated/EventTarget.js:241:34)
      at 
node_modules/@testing-library/user-event/dist/cjs/event/dispatchEvent.js:45:43
      at Object.eventWrapper 
(node_modules/@testing-library/dom/dist/config.js:25:23)
      at Object.wrapEvent 
(node_modules/@testing-library/user-event/dist/cjs/event/wrapEvent.js:6:28)
      at Object.dispatchEvent (node_modules/@testing-library/user-event/dist/cj
s/event/dispatchEvent.js:45:22)
      at Object.dispatchUIEvent (node_modules/@testing-library/user-event/dist/
cjs/event/dispatchEvent.js:22:26)
      at Mouse.up (node_modules/@testing-library/user-event/dist/cjs/system/poi
nter/mouse.js:100:30)
      at PointerHost.release (node_modules/@testing-library/user-event/dist/cjs
/system/pointer/index.js:87:24)
      at pointerAction 
(node_modules/@testing-library/user-event/dist/cjs/pointer/index.js:54:47)
      at Object.pointer 
(node_modules/@testing-library/user-event/dist/cjs/pointer/index.js:27:9)
      at Object.<anonymous> 
(src/settings/__tests__/RatingRulesPage.test.tsx:604:5)

    console.error
      Warning: An update to RatingRulesPage inside a test was not wrapped in 
act(...).
      
      When testing, code that causes React state updates should be wrapped 
into act(...):
      
      act(() => {
        /* fire events that update state */
      });
      /* assert on the output */
      
      This ensures that you're testing the behavior the user would see in the 
browser. Learn more at https://reactjs.org/link/wrap-tests-with-act
          at RatingRulesPage (C:\Users\samhe\OneDrive\Desktop\Cleaned\frontend\
src\settings\RatingRulesPage.tsx:26:47)
          at basenameProp (C:\Users\samhe\OneDrive\Desktop\Cleaned\frontend\nod
e_modules\react-router\lib\components.tsx:421:13)
          at basename (C:\Users\samhe\OneDrive\Desktop\Cleaned\frontend\node_mo
dules\react-router\lib\components.tsx:225:3)

      110 |             navigate(`/settings/rating-rules/${created.id}`)
      111 |         } finally {
    > 112 |             setCreating(false)
          |             ^
      113 |         }
      114 |     }
      115 |

      at printWarning 
(node_modules/react-dom/cjs/react-dom.development.js:86:30)
      at error (node_modules/react-dom/cjs/react-dom.development.js:60:7)
      at warnIfUpdatesNotWrappedWithActDEV 
(node_modules/react-dom/cjs/react-dom.development.js:27628:9)
      at scheduleUpdateOnFiber 
(node_modules/react-dom/cjs/react-dom.development.js:25547:5)
      at dispatchSetState 
(node_modules/react-dom/cjs/react-dom.development.js:16708:7)
      at handleCreate (src/settings/RatingRulesPage.tsx:112:13)

    console.error
      Warning: An update to RatingRulesPage inside a test was not wrapped in 
act(...).
      
      When testing, code that causes React state updates should be wrapped 
into act(...):
      
      act(() => {
        /* fire events that update state */
      });
      /* assert on the output */
      
      This ensures that you're testing the behavior the user would see in the 
browser. Learn more at https://reactjs.org/link/wrap-tests-with-act
          at RatingRulesPage (C:\Users\samhe\OneDrive\Desktop\Cleaned\frontend\
src\settings\RatingRulesPage.tsx:26:47)
          at basenameProp (C:\Users\samhe\OneDrive\Desktop\Cleaned\frontend\nod
e_modules\react-router\lib\components.tsx:421:13)
          at basename (C:\Users\samhe\OneDrive\Desktop\Cleaned\frontend\node_mo
dules\react-router\lib\components.tsx:225:3)

      154 |                                             title="Add schedule"
      155 |                                             
className="text-brand-600 hover:text-brand-800"
    > 156 |                                             onClick={() => 
setShowInlineCreate(true)}
          |                                                            ^
      157 |                                         >
      158 |                                             <FiPlus size={14} />
      159 |                                         </button>

      at printWarning 
(node_modules/react-dom/cjs/react-dom.development.js:86:30)
      at error (node_modules/react-dom/cjs/react-dom.development.js:60:7)
      at warnIfUpdatesNotWrappedWithActDEV 
(node_modules/react-dom/cjs/react-dom.development.js:27628:9)
      at scheduleUpdateOnFiber 
(node_modules/react-dom/cjs/react-dom.development.js:25547:5)
      at dispatchSetState 
(node_modules/react-dom/cjs/react-dom.development.js:16708:7)
      at onClick (src/settings/RatingRulesPage.tsx:156:60)
      at HTMLUnknownElement.callCallback 
(node_modules/react-dom/cjs/react-dom.development.js:4164:14)
      at HTMLUnknownElement.callTheUserObjectsOperation 
(node_modules/jsdom/lib/jsdom/living/generated/EventListener.js:26:30)
      at innerInvokeEventListeners 
(node_modules/jsdom/lib/jsdom/living/events/EventTarget-impl.js:350:25)
      at invokeEventListeners 
(node_modules/jsdom/lib/jsdom/living/events/EventTarget-impl.js:286:3)
      at HTMLUnknownElementImpl._dispatch 
(node_modules/jsdom/lib/jsdom/living/events/EventTarget-impl.js:233:9)
      at HTMLUnknownElementImpl.dispatchEvent 
(node_modules/jsdom/lib/jsdom/living/events/EventTarget-impl.js:104:17)
      at HTMLUnknownElement.dispatchEvent 
(node_modules/jsdom/lib/jsdom/living/generated/EventTarget.js:241:34)
      at Object.invokeGuardedCallbackDev 
(node_modules/react-dom/cjs/react-dom.development.js:4213:16)
      at invokeGuardedCallback 
(node_modules/react-dom/cjs/react-dom.development.js:4277:31)
      at invokeGuardedCallbackAndCatchFirstError 
(node_modules/react-dom/cjs/react-dom.development.js:4291:25)
      at executeDispatch 
(node_modules/react-dom/cjs/react-dom.development.js:9041:3)
      at processDispatchQueueItemsInOrder 
(node_modules/react-dom/cjs/react-dom.development.js:9073:7)
      at processDispatchQueue 
(node_modules/react-dom/cjs/react-dom.development.js:9086:5)
      at dispatchEventsForPlugins 
(node_modules/react-dom/cjs/react-dom.development.js:9097:3)
      at node_modules/react-dom/cjs/react-dom.development.js:9288:12
      at batchedUpdates$1 
(node_modules/react-dom/cjs/react-dom.development.js:26179:12)
      at batchedUpdates 
(node_modules/react-dom/cjs/react-dom.development.js:3991:12)
      at dispatchEventForPluginEventSystem 
(node_modules/react-dom/cjs/react-dom.development.js:9287:3)
      at dispatchEventWithEnableCapturePhaseSelectiveHydrationWithoutDiscreteEv
entReplay (node_modules/react-dom/cjs/react-dom.development.js:6465:5)
      at dispatchEvent 
(node_modules/react-dom/cjs/react-dom.development.js:6457:5)
      at dispatchDiscreteEvent 
(node_modules/react-dom/cjs/react-dom.development.js:6430:5)
      at HTMLDivElement.callTheUserObjectsOperation 
(node_modules/jsdom/lib/jsdom/living/generated/EventListener.js:26:30)
      at innerInvokeEventListeners 
(node_modules/jsdom/lib/jsdom/living/events/EventTarget-impl.js:350:25)
      at invokeEventListeners 
(node_modules/jsdom/lib/jsdom/living/events/EventTarget-impl.js:286:3)
      at HTMLButtonElementImpl._dispatch 
(node_modules/jsdom/lib/jsdom/living/events/EventTarget-impl.js:233:9)
      at HTMLButtonElementImpl.dispatchEvent 
(node_modules/jsdom/lib/jsdom/living/events/EventTarget-impl.js:104:17)
      at HTMLButtonElement.dispatchEvent 
(node_modules/jsdom/lib/jsdom/living/generated/EventTarget.js:241:34)
      at 
node_modules/@testing-library/user-event/dist/cjs/event/dispatchEvent.js:45:43
      at Object.eventWrapper 
(node_modules/@testing-library/dom/dist/config.js:25:23)
      at Object.wrapEvent 
(node_modules/@testing-library/user-event/dist/cjs/event/wrapEvent.js:6:28)
      at Object.dispatchEvent (node_modules/@testing-library/user-event/dist/cj
s/event/dispatchEvent.js:45:22)
      at Object.dispatchUIEvent (node_modules/@testing-library/user-event/dist/
cjs/event/dispatchEvent.js:22:26)
      at Mouse.up (node_modules/@testing-library/user-event/dist/cjs/system/poi
nter/mouse.js:100:30)
      at PointerHost.release (node_modules/@testing-library/user-event/dist/cjs
/system/pointer/index.js:87:24)
      at pointerAction 
(node_modules/@testing-library/user-event/dist/cjs/pointer/index.js:54:47)
      at Object.pointer 
(node_modules/@testing-library/user-event/dist/cjs/pointer/index.js:27:9)
      at Object.<anonymous> 
(src/settings/__tests__/RatingRulesPage.test.tsx:615:5)

    console.error
      Warning: An update to RatingRulesPage inside a test was not wrapped in 
act(...).
      
      When testing, code that causes React state updates should be wrapped 
into act(...):
      
      act(() => {
        /* fire events that update state */
      });
      /* assert on the output */
      
      This ensures that you're testing the behavior the user would see in the 
browser. Learn more at https://reactjs.org/link/wrap-tests-with-act
          at RatingRulesPage (C:\Users\samhe\OneDrive\Desktop\Cleaned\frontend\
src\settings\RatingRulesPage.tsx:26:47)
          at basenameProp (C:\Users\samhe\OneDrive\Desktop\Cleaned\frontend\nod
e_modules\react-router\lib\components.tsx:421:13)
          at basename (C:\Users\samhe\OneDrive\Desktop\Cleaned\frontend\node_mo
dules\react-router\lib\components.tsx:225:3)

      154 |                                             title="Add schedule"
      155 |                                             
className="text-brand-600 hover:text-brand-800"
    > 156 |                                             onClick={() => 
setShowInlineCreate(true)}
          |                                                            ^
      157 |                                         >
      158 |                                             <FiPlus size={14} />
      159 |                                         </button>

      at printWarning 
(node_modules/react-dom/cjs/react-dom.development.js:86:30)
      at error (node_modules/react-dom/cjs/react-dom.development.js:60:7)
      at warnIfUpdatesNotWrappedWithActDEV 
(node_modules/react-dom/cjs/react-dom.development.js:27628:9)
      at scheduleUpdateOnFiber 
(node_modules/react-dom/cjs/react-dom.development.js:25547:5)
      at dispatchSetState 
(node_modules/react-dom/cjs/react-dom.development.js:16708:7)
      at onClick (src/settings/RatingRulesPage.tsx:156:60)
      at HTMLUnknownElement.callCallback 
(node_modules/react-dom/cjs/react-dom.development.js:4164:14)
      at HTMLUnknownElement.callTheUserObjectsOperation 
(node_modules/jsdom/lib/jsdom/living/generated/EventListener.js:26:30)
      at innerInvokeEventListeners 
(node_modules/jsdom/lib/jsdom/living/events/EventTarget-impl.js:350:25)
      at invokeEventListeners 
(node_modules/jsdom/lib/jsdom/living/events/EventTarget-impl.js:286:3)
      at HTMLUnknownElementImpl._dispatch 
(node_modules/jsdom/lib/jsdom/living/events/EventTarget-impl.js:233:9)
      at HTMLUnknownElementImpl.dispatchEvent 
(node_modules/jsdom/lib/jsdom/living/events/EventTarget-impl.js:104:17)
      at HTMLUnknownElement.dispatchEvent 
(node_modules/jsdom/lib/jsdom/living/generated/EventTarget.js:241:34)
      at Object.invokeGuardedCallbackDev 
(node_modules/react-dom/cjs/react-dom.development.js:4213:16)
      at invokeGuardedCallback 
(node_modules/react-dom/cjs/react-dom.development.js:4277:31)
      at invokeGuardedCallbackAndCatchFirstError 
(node_modules/react-dom/cjs/react-dom.development.js:4291:25)
      at executeDispatch 
(node_modules/react-dom/cjs/react-dom.development.js:9041:3)
      at processDispatchQueueItemsInOrder 
(node_modules/react-dom/cjs/react-dom.development.js:9073:7)
      at processDispatchQueue 
(node_modules/react-dom/cjs/react-dom.development.js:9086:5)
      at dispatchEventsForPlugins 
(node_modules/react-dom/cjs/react-dom.development.js:9097:3)
      at node_modules/react-dom/cjs/react-dom.development.js:9288:12
      at batchedUpdates$1 
(node_modules/react-dom/cjs/react-dom.development.js:26179:12)
      at batchedUpdates 
(node_modules/react-dom/cjs/react-dom.development.js:3991:12)
      at dispatchEventForPluginEventSystem 
(node_modules/react-dom/cjs/react-dom.development.js:9287:3)
      at dispatchEventWithEnableCapturePhaseSelectiveHydrationWithoutDiscreteEv
entReplay (node_modules/react-dom/cjs/react-dom.development.js:6465:5)
      at dispatchEvent 
(node_modules/react-dom/cjs/react-dom.development.js:6457:5)
      at dispatchDiscreteEvent 
(node_modules/react-dom/cjs/react-dom.development.js:6430:5)
      at HTMLDivElement.callTheUserObjectsOperation 
(node_modules/jsdom/lib/jsdom/living/generated/EventListener.js:26:30)
      at innerInvokeEventListeners 
(node_modules/jsdom/lib/jsdom/living/events/EventTarget-impl.js:350:25)
      at invokeEventListeners 
(node_modules/jsdom/lib/jsdom/living/events/EventTarget-impl.js:286:3)
      at HTMLButtonElementImpl._dispatch 
(node_modules/jsdom/lib/jsdom/living/events/EventTarget-impl.js:233:9)
      at HTMLButtonElementImpl.dispatchEvent 
(node_modules/jsdom/lib/jsdom/living/events/EventTarget-impl.js:104:17)
      at HTMLButtonElement.dispatchEvent 
(node_modules/jsdom/lib/jsdom/living/generated/EventTarget.js:241:34)
      at 
node_modules/@testing-library/user-event/dist/cjs/event/dispatchEvent.js:45:43
      at Object.eventWrapper 
(node_modules/@testing-library/dom/dist/config.js:25:23)
      at Object.wrapEvent 
(node_modules/@testing-library/user-event/dist/cjs/event/wrapEvent.js:6:28)
      at Object.dispatchEvent (node_modules/@testing-library/user-event/dist/cj
s/event/dispatchEvent.js:45:22)
      at Object.dispatchUIEvent (node_modules/@testing-library/user-event/dist/
cjs/event/dispatchEvent.js:22:26)
      at Mouse.up (node_modules/@testing-library/user-event/dist/cjs/system/poi
nter/mouse.js:100:30)
      at PointerHost.release (node_modules/@testing-library/user-event/dist/cjs
/system/pointer/index.js:87:24)
      at pointerAction 
(node_modules/@testing-library/user-event/dist/cjs/pointer/index.js:54:47)
      at Object.pointer 
(node_modules/@testing-library/user-event/dist/cjs/pointer/index.js:27:9)
      at Object.<anonymous> 
(src/settings/__tests__/RatingRulesPage.test.tsx:624:5)

    console.error
      Warning: An update to RatingRulesPage inside a test was not wrapped in 
act(...).
      
      When testing, code that causes React state updates should be wrapped 
into act(...):
      
      act(() => {
        /* fire events that update state */
      });
      /* assert on the output */
      
      This ensures that you're testing the behavior the user would see in the 
browser. Learn more at https://reactjs.org/link/wrap-tests-with-act
          at RatingRulesPage (C:\Users\samhe\OneDrive\Desktop\Cleaned\frontend\
src\settings\RatingRulesPage.tsx:26:47)
          at basenameProp (C:\Users\samhe\OneDrive\Desktop\Cleaned\frontend\nod
e_modules\react-router\lib\components.tsx:421:13)
          at basename (C:\Users\samhe\OneDrive\Desktop\Cleaned\frontend\node_mo
dules\react-router\lib\components.tsx:225:3)

      92 |
      93 |     function handleCancelCreate() {
    > 94 |         setShowInlineCreate(false)
         |         ^
      95 |         setNewName('')
      96 |         setNewEffectiveDate('')
      97 |         setNewExpiryDate('')

      at printWarning 
(node_modules/react-dom/cjs/react-dom.development.js:86:30)
      at error (node_modules/react-dom/cjs/react-dom.development.js:60:7)
      at warnIfUpdatesNotWrappedWithActDEV 
(node_modules/react-dom/cjs/react-dom.development.js:27628:9)
      at scheduleUpdateOnFiber 
(node_modules/react-dom/cjs/react-dom.development.js:25547:5)
      at dispatchSetState 
(node_modules/react-dom/cjs/react-dom.development.js:16708:7)
      at handleCancelCreate (src/settings/RatingRulesPage.tsx:94:9)
      at HTMLUnknownElement.callCallback 
(node_modules/react-dom/cjs/react-dom.development.js:4164:14)
      at HTMLUnknownElement.callTheUserObjectsOperation 
(node_modules/jsdom/lib/jsdom/living/generated/EventListener.js:26:30)
      at innerInvokeEventListeners 
(node_modules/jsdom/lib/jsdom/living/events/EventTarget-impl.js:350:25)
      at invokeEventListeners 
(node_modules/jsdom/lib/jsdom/living/events/EventTarget-impl.js:286:3)
      at HTMLUnknownElementImpl._dispatch 
(node_modules/jsdom/lib/jsdom/living/events/EventTarget-impl.js:233:9)
      at HTMLUnknownElementImpl.dispatchEvent 
(node_modules/jsdom/lib/jsdom/living/events/EventTarget-impl.js:104:17)
      at HTMLUnknownElement.dispatchEvent 
(node_modules/jsdom/lib/jsdom/living/generated/EventTarget.js:241:34)
      at Object.invokeGuardedCallbackDev 
(node_modules/react-dom/cjs/react-dom.development.js:4213:16)
      at invokeGuardedCallback 
(node_modules/react-dom/cjs/react-dom.development.js:4277:31)
      at invokeGuardedCallbackAndCatchFirstError 
(node_modules/react-dom/cjs/react-dom.development.js:4291:25)
      at executeDispatch 
(node_modules/react-dom/cjs/react-dom.development.js:9041:3)
      at processDispatchQueueItemsInOrder 
(node_modules/react-dom/cjs/react-dom.development.js:9073:7)
      at processDispatchQueue 
(node_modules/react-dom/cjs/react-dom.development.js:9086:5)
      at dispatchEventsForPlugins 
(node_modules/react-dom/cjs/react-dom.development.js:9097:3)
      at node_modules/react-dom/cjs/react-dom.development.js:9288:12
      at batchedUpdates$1 
(node_modules/react-dom/cjs/react-dom.development.js:26179:12)
      at batchedUpdates 
(node_modules/react-dom/cjs/react-dom.development.js:3991:12)
      at dispatchEventForPluginEventSystem 
(node_modules/react-dom/cjs/react-dom.development.js:9287:3)
      at dispatchEventWithEnableCapturePhaseSelectiveHydrationWithoutDiscreteEv
entReplay (node_modules/react-dom/cjs/react-dom.development.js:6465:5)
      at dispatchEvent 
(node_modules/react-dom/cjs/react-dom.development.js:6457:5)
      at dispatchDiscreteEvent 
(node_modules/react-dom/cjs/react-dom.development.js:6430:5)
      at HTMLDivElement.callTheUserObjectsOperation 
(node_modules/jsdom/lib/jsdom/living/generated/EventListener.js:26:30)
      at innerInvokeEventListeners 
(node_modules/jsdom/lib/jsdom/living/events/EventTarget-impl.js:350:25)
      at invokeEventListeners 
(node_modules/jsdom/lib/jsdom/living/events/EventTarget-impl.js:286:3)
      at HTMLButtonElementImpl._dispatch 
(node_modules/jsdom/lib/jsdom/living/events/EventTarget-impl.js:233:9)
      at HTMLButtonElementImpl.dispatchEvent 
(node_modules/jsdom/lib/jsdom/living/events/EventTarget-impl.js:104:17)
      at HTMLButtonElement.dispatchEvent 
(node_modules/jsdom/lib/jsdom/living/generated/EventTarget.js:241:34)
      at 
node_modules/@testing-library/user-event/dist/cjs/event/dispatchEvent.js:45:43
      at Object.eventWrapper 
(node_modules/@testing-library/dom/dist/config.js:25:23)
      at Object.wrapEvent 
(node_modules/@testing-library/user-event/dist/cjs/event/wrapEvent.js:6:28)
      at Object.dispatchEvent (node_modules/@testing-library/user-event/dist/cj
s/event/dispatchEvent.js:45:22)
      at Object.dispatchUIEvent (node_modules/@testing-library/user-event/dist/
cjs/event/dispatchEvent.js:22:26)
      at Mouse.up (node_modules/@testing-library/user-event/dist/cjs/system/poi
nter/mouse.js:100:30)
      at PointerHost.release (node_modules/@testing-library/user-event/dist/cjs
/system/pointer/index.js:87:24)
      at pointerAction 
(node_modules/@testing-library/user-event/dist/cjs/pointer/index.js:54:47)
      at Object.pointer 
(node_modules/@testing-library/user-event/dist/cjs/pointer/index.js:27:9)
      at Object.<anonymous> 
(src/settings/__tests__/RatingRulesPage.test.tsx:627:5)

    console.error
      Warning: An update to RatingRulesPage inside a test was not wrapped in 
act(...).
      
      When testing, code that causes React state updates should be wrapped 
into act(...):
      
      act(() => {
        /* fire events that update state */
      });
      /* assert on the output */
      
      This ensures that you're testing the behavior the user would see in the 
browser. Learn more at https://reactjs.org/link/wrap-tests-with-act
          at RatingRulesPage (C:\Users\samhe\OneDrive\Desktop\Cleaned\frontend\
src\settings\RatingRulesPage.tsx:26:47)
          at basenameProp (C:\Users\samhe\OneDrive\Desktop\Cleaned\frontend\nod
e_modules\react-router\lib\components.tsx:421:13)
          at basename (C:\Users\samhe\OneDrive\Desktop\Cleaned\frontend\node_mo
dules\react-router\lib\components.tsx:225:3)

      93 |     function handleCancelCreate() {
      94 |         setShowInlineCreate(false)
    > 95 |         setNewName('')
         |         ^
      96 |         setNewEffectiveDate('')
      97 |         setNewExpiryDate('')
      98 |     }

      at printWarning 
(node_modules/react-dom/cjs/react-dom.development.js:86:30)
      at error (node_modules/react-dom/cjs/react-dom.development.js:60:7)
      at warnIfUpdatesNotWrappedWithActDEV 
(node_modules/react-dom/cjs/react-dom.development.js:27628:9)
      at scheduleUpdateOnFiber 
(node_modules/react-dom/cjs/react-dom.development.js:25547:5)
      at dispatchSetState 
(node_modules/react-dom/cjs/react-dom.development.js:16708:7)
      at handleCancelCreate (src/settings/RatingRulesPage.tsx:95:9)
      at HTMLUnknownElement.callCallback 
(node_modules/react-dom/cjs/react-dom.development.js:4164:14)
      at HTMLUnknownElement.callTheUserObjectsOperation 
(node_modules/jsdom/lib/jsdom/living/generated/EventListener.js:26:30)
      at innerInvokeEventListeners 
(node_modules/jsdom/lib/jsdom/living/events/EventTarget-impl.js:350:25)
      at invokeEventListeners 
(node_modules/jsdom/lib/jsdom/living/events/EventTarget-impl.js:286:3)
      at HTMLUnknownElementImpl._dispatch 
(node_modules/jsdom/lib/jsdom/living/events/EventTarget-impl.js:233:9)
      at HTMLUnknownElementImpl.dispatchEvent 
(node_modules/jsdom/lib/jsdom/living/events/EventTarget-impl.js:104:17)
      at HTMLUnknownElement.dispatchEvent 
(node_modules/jsdom/lib/jsdom/living/generated/EventTarget.js:241:34)
      at Object.invokeGuardedCallbackDev 
(node_modules/react-dom/cjs/react-dom.development.js:4213:16)
      at invokeGuardedCallback 
(node_modules/react-dom/cjs/react-dom.development.js:4277:31)
      at invokeGuardedCallbackAndCatchFirstError 
(node_modules/react-dom/cjs/react-dom.development.js:4291:25)
      at executeDispatch 
(node_modules/react-dom/cjs/react-dom.development.js:9041:3)
      at processDispatchQueueItemsInOrder 
(node_modules/react-dom/cjs/react-dom.development.js:9073:7)
      at processDispatchQueue 
(node_modules/react-dom/cjs/react-dom.development.js:9086:5)
      at dispatchEventsForPlugins 
(node_modules/react-dom/cjs/react-dom.development.js:9097:3)
      at node_modules/react-dom/cjs/react-dom.development.js:9288:12
      at batchedUpdates$1 
(node_modules/react-dom/cjs/react-dom.development.js:26179:12)
      at batchedUpdates 
(node_modules/react-dom/cjs/react-dom.development.js:3991:12)
      at dispatchEventForPluginEventSystem 
(node_modules/react-dom/cjs/react-dom.development.js:9287:3)
      at dispatchEventWithEnableCapturePhaseSelectiveHydrationWithoutDiscreteEv
entReplay (node_modules/react-dom/cjs/react-dom.development.js:6465:5)
      at dispatchEvent 
(node_modules/react-dom/cjs/react-dom.development.js:6457:5)
      at dispatchDiscreteEvent 
(node_modules/react-dom/cjs/react-dom.development.js:6430:5)
      at HTMLDivElement.callTheUserObjectsOperation 
(node_modules/jsdom/lib/jsdom/living/generated/EventListener.js:26:30)
      at innerInvokeEventListeners 
(node_modules/jsdom/lib/jsdom/living/events/EventTarget-impl.js:350:25)
      at invokeEventListeners 
(node_modules/jsdom/lib/jsdom/living/events/EventTarget-impl.js:286:3)
      at HTMLButtonElementImpl._dispatch 
(node_modules/jsdom/lib/jsdom/living/events/EventTarget-impl.js:233:9)
      at HTMLButtonElementImpl.dispatchEvent 
(node_modules/jsdom/lib/jsdom/living/events/EventTarget-impl.js:104:17)
      at HTMLButtonElement.dispatchEvent 
(node_modules/jsdom/lib/jsdom/living/generated/EventTarget.js:241:34)
      at 
node_modules/@testing-library/user-event/dist/cjs/event/dispatchEvent.js:45:43
      at Object.eventWrapper 
(node_modules/@testing-library/dom/dist/config.js:25:23)
      at Object.wrapEvent 
(node_modules/@testing-library/user-event/dist/cjs/event/wrapEvent.js:6:28)
      at Object.dispatchEvent (node_modules/@testing-library/user-event/dist/cj
s/event/dispatchEvent.js:45:22)
      at Object.dispatchUIEvent (node_modules/@testing-library/user-event/dist/
cjs/event/dispatchEvent.js:22:26)
      at Mouse.up (node_modules/@testing-library/user-event/dist/cjs/system/poi
nter/mouse.js:100:30)
      at PointerHost.release (node_modules/@testing-library/user-event/dist/cjs
/system/pointer/index.js:87:24)
      at pointerAction 
(node_modules/@testing-library/user-event/dist/cjs/pointer/index.js:54:47)
      at Object.pointer 
(node_modules/@testing-library/user-event/dist/cjs/pointer/index.js:27:9)
      at Object.<anonymous> 
(src/settings/__tests__/RatingRulesPage.test.tsx:627:5)

    console.error
      Warning: An update to RatingRulesPage inside a test was not wrapped in 
act(...).
      
      When testing, code that causes React state updates should be wrapped 
into act(...):
      
      act(() => {
        /* fire events that update state */
      });
      /* assert on the output */
      
      This ensures that you're testing the behavior the user would see in the 
browser. Learn more at https://reactjs.org/link/wrap-tests-with-act
          at RatingRulesPage (C:\Users\samhe\OneDrive\Desktop\Cleaned\frontend\
src\settings\RatingRulesPage.tsx:26:47)
          at basenameProp (C:\Users\samhe\OneDrive\Desktop\Cleaned\frontend\nod
e_modules\react-router\lib\components.tsx:421:13)
          at basename (C:\Users\samhe\OneDrive\Desktop\Cleaned\frontend\node_mo
dules\react-router\lib\components.tsx:225:3)

      94 |         setShowInlineCreate(false)
      95 |         setNewName('')
    > 96 |         setNewEffectiveDate('')
         |         ^
      97 |         setNewExpiryDate('')
      98 |     }
      99 |

      at printWarning 
(node_modules/react-dom/cjs/react-dom.development.js:86:30)
      at error (node_modules/react-dom/cjs/react-dom.development.js:60:7)
      at warnIfUpdatesNotWrappedWithActDEV 
(node_modules/react-dom/cjs/react-dom.development.js:27628:9)
      at scheduleUpdateOnFiber 
(node_modules/react-dom/cjs/react-dom.development.js:25547:5)
      at dispatchSetState 
(node_modules/react-dom/cjs/react-dom.development.js:16708:7)
      at handleCancelCreate (src/settings/RatingRulesPage.tsx:96:9)
      at HTMLUnknownElement.callCallback 
(node_modules/react-dom/cjs/react-dom.development.js:4164:14)
      at HTMLUnknownElement.callTheUserObjectsOperation 
(node_modules/jsdom/lib/jsdom/living/generated/EventListener.js:26:30)
      at innerInvokeEventListeners 
(node_modules/jsdom/lib/jsdom/living/events/EventTarget-impl.js:350:25)
      at invokeEventListeners 
(node_modules/jsdom/lib/jsdom/living/events/EventTarget-impl.js:286:3)
      at HTMLUnknownElementImpl._dispatch 
(node_modules/jsdom/lib/jsdom/living/events/EventTarget-impl.js:233:9)
      at HTMLUnknownElementImpl.dispatchEvent 
(node_modules/jsdom/lib/jsdom/living/events/EventTarget-impl.js:104:17)
      at HTMLUnknownElement.dispatchEvent 
(node_modules/jsdom/lib/jsdom/living/generated/EventTarget.js:241:34)
      at Object.invokeGuardedCallbackDev 
(node_modules/react-dom/cjs/react-dom.development.js:4213:16)
      at invokeGuardedCallback 
(node_modules/react-dom/cjs/react-dom.development.js:4277:31)
      at invokeGuardedCallbackAndCatchFirstError 
(node_modules/react-dom/cjs/react-dom.development.js:4291:25)
      at executeDispatch 
(node_modules/react-dom/cjs/react-dom.development.js:9041:3)
      at processDispatchQueueItemsInOrder 
(node_modules/react-dom/cjs/react-dom.development.js:9073:7)
      at processDispatchQueue 
(node_modules/react-dom/cjs/react-dom.development.js:9086:5)
      at dispatchEventsForPlugins 
(node_modules/react-dom/cjs/react-dom.development.js:9097:3)
      at node_modules/react-dom/cjs/react-dom.development.js:9288:12
      at batchedUpdates$1 
(node_modules/react-dom/cjs/react-dom.development.js:26179:12)
      at batchedUpdates 
(node_modules/react-dom/cjs/react-dom.development.js:3991:12)
      at dispatchEventForPluginEventSystem 
(node_modules/react-dom/cjs/react-dom.development.js:9287:3)
      at dispatchEventWithEnableCapturePhaseSelectiveHydrationWithoutDiscreteEv
entReplay (node_modules/react-dom/cjs/react-dom.development.js:6465:5)
      at dispatchEvent 
(node_modules/react-dom/cjs/react-dom.development.js:6457:5)
      at dispatchDiscreteEvent 
(node_modules/react-dom/cjs/react-dom.development.js:6430:5)
      at HTMLDivElement.callTheUserObjectsOperation 
(node_modules/jsdom/lib/jsdom/living/generated/EventListener.js:26:30)
      at innerInvokeEventListeners 
(node_modules/jsdom/lib/jsdom/living/events/EventTarget-impl.js:350:25)
      at invokeEventListeners 
(node_modules/jsdom/lib/jsdom/living/events/EventTarget-impl.js:286:3)
      at HTMLButtonElementImpl._dispatch 
(node_modules/jsdom/lib/jsdom/living/events/EventTarget-impl.js:233:9)
      at HTMLButtonElementImpl.dispatchEvent 
(node_modules/jsdom/lib/jsdom/living/events/EventTarget-impl.js:104:17)
      at HTMLButtonElement.dispatchEvent 
(node_modules/jsdom/lib/jsdom/living/generated/EventTarget.js:241:34)
      at 
node_modules/@testing-library/user-event/dist/cjs/event/dispatchEvent.js:45:43
      at Object.eventWrapper 
(node_modules/@testing-library/dom/dist/config.js:25:23)
      at Object.wrapEvent 
(node_modules/@testing-library/user-event/dist/cjs/event/wrapEvent.js:6:28)
      at Object.dispatchEvent (node_modules/@testing-library/user-event/dist/cj
s/event/dispatchEvent.js:45:22)
      at Object.dispatchUIEvent (node_modules/@testing-library/user-event/dist/
cjs/event/dispatchEvent.js:22:26)
      at Mouse.up (node_modules/@testing-library/user-event/dist/cjs/system/poi
nter/mouse.js:100:30)
      at PointerHost.release (node_modules/@testing-library/user-event/dist/cjs
/system/pointer/index.js:87:24)
      at pointerAction 
(node_modules/@testing-library/user-event/dist/cjs/pointer/index.js:54:47)
      at Object.pointer 
(node_modules/@testing-library/user-event/dist/cjs/pointer/index.js:27:9)
      at Object.<anonymous> 
(src/settings/__tests__/RatingRulesPage.test.tsx:627:5)

    console.error
      Warning: An update to RatingRulesPage inside a test was not wrapped in 
act(...).
      
      When testing, code that causes React state updates should be wrapped 
into act(...):
      
      act(() => {
        /* fire events that update state */
      });
      /* assert on the output */
      
      This ensures that you're testing the behavior the user would see in the 
browser. Learn more at https://reactjs.org/link/wrap-tests-with-act
          at RatingRulesPage (C:\Users\samhe\OneDrive\Desktop\Cleaned\frontend\
src\settings\RatingRulesPage.tsx:26:47)
          at basenameProp (C:\Users\samhe\OneDrive\Desktop\Cleaned\frontend\nod
e_modules\react-router\lib\components.tsx:421:13)
          at basename (C:\Users\samhe\OneDrive\Desktop\Cleaned\frontend\node_mo
dules\react-router\lib\components.tsx:225:3)

       95 |         setNewName('')
       96 |         setNewEffectiveDate('')
    >  97 |         setNewExpiryDate('')
          |         ^
       98 |     }
       99 |
      100 |     async function handleCreate() {

      at printWarning 
(node_modules/react-dom/cjs/react-dom.development.js:86:30)
      at error (node_modules/react-dom/cjs/react-dom.development.js:60:7)
      at warnIfUpdatesNotWrappedWithActDEV 
(node_modules/react-dom/cjs/react-dom.development.js:27628:9)
      at scheduleUpdateOnFiber 
(node_modules/react-dom/cjs/react-dom.development.js:25547:5)
      at dispatchSetState 
(node_modules/react-dom/cjs/react-dom.development.js:16708:7)
      at handleCancelCreate (src/settings/RatingRulesPage.tsx:97:9)
      at HTMLUnknownElement.callCallback 
(node_modules/react-dom/cjs/react-dom.development.js:4164:14)
      at HTMLUnknownElement.callTheUserObjectsOperation 
(node_modules/jsdom/lib/jsdom/living/generated/EventListener.js:26:30)
      at innerInvokeEventListeners 
(node_modules/jsdom/lib/jsdom/living/events/EventTarget-impl.js:350:25)
      at invokeEventListeners 
(node_modules/jsdom/lib/jsdom/living/events/EventTarget-impl.js:286:3)
      at HTMLUnknownElementImpl._dispatch 
(node_modules/jsdom/lib/jsdom/living/events/EventTarget-impl.js:233:9)
      at HTMLUnknownElementImpl.dispatchEvent 
(node_modules/jsdom/lib/jsdom/living/events/EventTarget-impl.js:104:17)
      at HTMLUnknownElement.dispatchEvent 
(node_modules/jsdom/lib/jsdom/living/generated/EventTarget.js:241:34)
      at Object.invokeGuardedCallbackDev 
(node_modules/react-dom/cjs/react-dom.development.js:4213:16)
      at invokeGuardedCallback 
(node_modules/react-dom/cjs/react-dom.development.js:4277:31)
      at invokeGuardedCallbackAndCatchFirstError 
(node_modules/react-dom/cjs/react-dom.development.js:4291:25)
      at executeDispatch 
(node_modules/react-dom/cjs/react-dom.development.js:9041:3)
      at processDispatchQueueItemsInOrder 
(node_modules/react-dom/cjs/react-dom.development.js:9073:7)
      at processDispatchQueue 
(node_modules/react-dom/cjs/react-dom.development.js:9086:5)
      at dispatchEventsForPlugins 
(node_modules/react-dom/cjs/react-dom.development.js:9097:3)
      at node_modules/react-dom/cjs/react-dom.development.js:9288:12
      at batchedUpdates$1 
(node_modules/react-dom/cjs/react-dom.development.js:26179:12)
      at batchedUpdates 
(node_modules/react-dom/cjs/react-dom.development.js:3991:12)
      at dispatchEventForPluginEventSystem 
(node_modules/react-dom/cjs/react-dom.development.js:9287:3)
      at dispatchEventWithEnableCapturePhaseSelectiveHydrationWithoutDiscreteEv
entReplay (node_modules/react-dom/cjs/react-dom.development.js:6465:5)
      at dispatchEvent 
(node_modules/react-dom/cjs/react-dom.development.js:6457:5)
      at dispatchDiscreteEvent 
(node_modules/react-dom/cjs/react-dom.development.js:6430:5)
      at HTMLDivElement.callTheUserObjectsOperation 
(node_modules/jsdom/lib/jsdom/living/generated/EventListener.js:26:30)
      at innerInvokeEventListeners 
(node_modules/jsdom/lib/jsdom/living/events/EventTarget-impl.js:350:25)
      at invokeEventListeners 
(node_modules/jsdom/lib/jsdom/living/events/EventTarget-impl.js:286:3)
      at HTMLButtonElementImpl._dispatch 
(node_modules/jsdom/lib/jsdom/living/events/EventTarget-impl.js:233:9)
      at HTMLButtonElementImpl.dispatchEvent 
(node_modules/jsdom/lib/jsdom/living/events/EventTarget-impl.js:104:17)
      at HTMLButtonElement.dispatchEvent 
(node_modules/jsdom/lib/jsdom/living/generated/EventTarget.js:241:34)
      at 
node_modules/@testing-library/user-event/dist/cjs/event/dispatchEvent.js:45:43
      at Object.eventWrapper 
(node_modules/@testing-library/dom/dist/config.js:25:23)
      at Object.wrapEvent 
(node_modules/@testing-library/user-event/dist/cjs/event/wrapEvent.js:6:28)
      at Object.dispatchEvent (node_modules/@testing-library/user-event/dist/cj
s/event/dispatchEvent.js:45:22)
      at Object.dispatchUIEvent (node_modules/@testing-library/user-event/dist/
cjs/event/dispatchEvent.js:22:26)
      at Mouse.up (node_modules/@testing-library/user-event/dist/cjs/system/poi
nter/mouse.js:100:30)
      at PointerHost.release (node_modules/@testing-library/user-event/dist/cjs
/system/pointer/index.js:87:24)
      at pointerAction 
(node_modules/@testing-library/user-event/dist/cjs/pointer/index.js:54:47)
      at Object.pointer 
(node_modules/@testing-library/user-event/dist/cjs/pointer/index.js:27:9)
      at Object.<anonymous> 
(src/settings/__tests__/RatingRulesPage.test.tsx:627:5)

PASS src/submissions/SubmissionTabs/__tests__/SubmissionTabs.test.tsx (8.747 s)
  ÔùÅ Console

    console.error
      Warning: An update to SubmissionTabs inside a test was not wrapped in 
act(...).
      
      When testing, code that causes React state updates should be wrapped 
into act(...):
      
      act(() => {
        /* fire events that update state */
      });
      /* assert on the output */
      
      This ensures that you're testing the behavior the user would see in the 
browser. Learn more at https://reactjs.org/link/wrap-tests-with-act
          at SubmissionTabs (C:\Users\samhe\OneDrive\Desktop\Cleaned\frontend\s
rc\submissions\SubmissionTabs\SubmissionTabs.tsx:695:5)
          at basenameProp (C:\Users\samhe\OneDrive\Desktop\Cleaned\frontend\nod
e_modules\react-router\lib\components.tsx:421:13)
          at basename (C:\Users\samhe\OneDrive\Desktop\Cleaned\frontend\node_mo
dules\react-router\lib\components.tsx:225:3)

      711 |                         role="tab"
      712 |                         aria-selected={activeTab === tab}
    > 713 |                         onClick={() => setActiveTab(tab)}
          |                                        ^
      714 |                         className={`px-4 py-2 -mb-px text-sm 
font-medium border-b-2 transition-colors ${activeTab === tab
      715 |                                 ? 'border-brand-500 text-brand-600'
      716 |                                 : 'border-transparent 
text-gray-500 hover:text-brand-500'

      at printWarning 
(node_modules/react-dom/cjs/react-dom.development.js:86:30)
      at error (node_modules/react-dom/cjs/react-dom.development.js:60:7)
      at warnIfUpdatesNotWrappedWithActDEV 
(node_modules/react-dom/cjs/react-dom.development.js:27628:9)
      at scheduleUpdateOnFiber 
(node_modules/react-dom/cjs/react-dom.development.js:25547:5)
      at dispatchSetState 
(node_modules/react-dom/cjs/react-dom.development.js:16708:7)
      at onClick (src/submissions/SubmissionTabs/SubmissionTabs.tsx:713:40)
      at HTMLUnknownElement.callCallback 
(node_modules/react-dom/cjs/react-dom.development.js:4164:14)
      at HTMLUnknownElement.callTheUserObjectsOperation 
(node_modules/jsdom/lib/jsdom/living/generated/EventListener.js:26:30)
      at innerInvokeEventListeners 
(node_modules/jsdom/lib/jsdom/living/events/EventTarget-impl.js:350:25)
      at invokeEventListeners 
(node_modules/jsdom/lib/jsdom/living/events/EventTarget-impl.js:286:3)
      at HTMLUnknownElementImpl._dispatch 
(node_modules/jsdom/lib/jsdom/living/events/EventTarget-impl.js:233:9)
      at HTMLUnknownElementImpl.dispatchEvent 
(node_modules/jsdom/lib/jsdom/living/events/EventTarget-impl.js:104:17)
      at HTMLUnknownElement.dispatchEvent 
(node_modules/jsdom/lib/jsdom/living/generated/EventTarget.js:241:34)
      at Object.invokeGuardedCallbackDev 
(node_modules/react-dom/cjs/react-dom.development.js:4213:16)
      at invokeGuardedCallback 
(node_modules/react-dom/cjs/react-dom.development.js:4277:31)
      at invokeGuardedCallbackAndCatchFirstError 
(node_modules/react-dom/cjs/react-dom.development.js:4291:25)
      at executeDispatch 
(node_modules/react-dom/cjs/react-dom.development.js:9041:3)
      at processDispatchQueueItemsInOrder 
(node_modules/react-dom/cjs/react-dom.development.js:9073:7)
      at processDispatchQueue 
(node_modules/react-dom/cjs/react-dom.development.js:9086:5)
      at dispatchEventsForPlugins 
(node_modules/react-dom/cjs/react-dom.development.js:9097:3)
      at node_modules/react-dom/cjs/react-dom.development.js:9288:12
      at batchedUpdates$1 
(node_modules/react-dom/cjs/react-dom.development.js:26179:12)
      at batchedUpdates 
(node_modules/react-dom/cjs/react-dom.development.js:3991:12)
      at dispatchEventForPluginEventSystem 
(node_modules/react-dom/cjs/react-dom.development.js:9287:3)
      at dispatchEventWithEnableCapturePhaseSelectiveHydrationWithoutDiscreteEv
entReplay (node_modules/react-dom/cjs/react-dom.development.js:6465:5)
      at dispatchEvent 
(node_modules/react-dom/cjs/react-dom.development.js:6457:5)
      at dispatchDiscreteEvent 
(node_modules/react-dom/cjs/react-dom.development.js:6430:5)
      at HTMLDivElement.callTheUserObjectsOperation 
(node_modules/jsdom/lib/jsdom/living/generated/EventListener.js:26:30)
      at innerInvokeEventListeners 
(node_modules/jsdom/lib/jsdom/living/events/EventTarget-impl.js:350:25)
      at invokeEventListeners 
(node_modules/jsdom/lib/jsdom/living/events/EventTarget-impl.js:286:3)
      at HTMLButtonElementImpl._dispatch 
(node_modules/jsdom/lib/jsdom/living/events/EventTarget-impl.js:233:9)
      at HTMLButtonElementImpl.dispatchEvent 
(node_modules/jsdom/lib/jsdom/living/events/EventTarget-impl.js:104:17)
      at HTMLButtonElement.dispatchEvent 
(node_modules/jsdom/lib/jsdom/living/generated/EventTarget.js:241:34)
      at 
node_modules/@testing-library/user-event/dist/cjs/event/dispatchEvent.js:45:43
      at Object.eventWrapper 
(node_modules/@testing-library/dom/dist/config.js:25:23)
      at Object.wrapEvent 
(node_modules/@testing-library/user-event/dist/cjs/event/wrapEvent.js:6:28)
      at Object.dispatchEvent (node_modules/@testing-library/user-event/dist/cj
s/event/dispatchEvent.js:45:22)
      at Object.dispatchUIEvent (node_modules/@testing-library/user-event/dist/
cjs/event/dispatchEvent.js:22:26)
      at Mouse.up (node_modules/@testing-library/user-event/dist/cjs/system/poi
nter/mouse.js:100:30)
      at PointerHost.release (node_modules/@testing-library/user-event/dist/cjs
/system/pointer/index.js:87:24)
      at pointerAction 
(node_modules/@testing-library/user-event/dist/cjs/pointer/index.js:54:47)
      at Object.pointer 
(node_modules/@testing-library/user-event/dist/cjs/pointer/index.js:27:9)
      at Object.<anonymous> 
(src/submissions/SubmissionTabs/__tests__/SubmissionTabs.test.tsx:140:9)

    console.error
      Warning: An update to QuotesPane inside a test was not wrapped in 
act(...).
      
      When testing, code that causes React state updates should be wrapped 
into act(...):
      
      act(() => {
        /* fire events that update state */
      });
      /* assert on the output */
      
      This ensures that you're testing the behavior the user would see in the 
browser. Learn more at https://reactjs.org/link/wrap-tests-with-act
          at QuotesPane (C:\Users\samhe\OneDrive\Desktop\Cleaned\frontend\src\s
ubmissions\SubmissionTabs\SubmissionTabs.tsx:293:23)
          at div
          at div
          at SubmissionTabs (C:\Users\samhe\OneDrive\Desktop\Cleaned\frontend\s
rc\submissions\SubmissionTabs\SubmissionTabs.tsx:695:5)
          at basenameProp (C:\Users\samhe\OneDrive\Desktop\Cleaned\frontend\nod
e_modules\react-router\lib\components.tsx:421:13)
          at basename (C:\Users\samhe\OneDrive\Desktop\Cleaned\frontend\node_mo
dules\react-router\lib\components.tsx:225:3)

      301 |     useEffect(() => {
      302 |         if (!active || loaded || loading) return
    > 303 |         setLoading(true)
          |         ^
      304 |         
get<QuoteRow[]>(`/api/quotes?submission_id=${submissionId}`)
      305 |             .then((result) => {
      306 |                 setRows(result)

      at printWarning 
(node_modules/react-dom/cjs/react-dom.development.js:86:30)
      at error (node_modules/react-dom/cjs/react-dom.development.js:60:7)
      at warnIfUpdatesNotWrappedWithActDEV 
(node_modules/react-dom/cjs/react-dom.development.js:27628:9)
      at scheduleUpdateOnFiber 
(node_modules/react-dom/cjs/react-dom.development.js:25547:5)
      at dispatchSetState 
(node_modules/react-dom/cjs/react-dom.development.js:16708:7)
      at src/submissions/SubmissionTabs/SubmissionTabs.tsx:303:9
      at commitHookEffectListMount 
(node_modules/react-dom/cjs/react-dom.development.js:23189:26)
      at commitPassiveMountOnFiber 
(node_modules/react-dom/cjs/react-dom.development.js:24970:11)
      at commitPassiveMountEffects_complete 
(node_modules/react-dom/cjs/react-dom.development.js:24930:9)
      at commitPassiveMountEffects_begin 
(node_modules/react-dom/cjs/react-dom.development.js:24917:7)
      at commitPassiveMountEffects 
(node_modules/react-dom/cjs/react-dom.development.js:24905:3)
      at flushPassiveEffectsImpl 
(node_modules/react-dom/cjs/react-dom.development.js:27078:3)
      at flushPassiveEffects 
(node_modules/react-dom/cjs/react-dom.development.js:27023:14)
      at commitRootImpl 
(node_modules/react-dom/cjs/react-dom.development.js:26974:5)
      at commitRoot 
(node_modules/react-dom/cjs/react-dom.development.js:26721:5)
      at performSyncWorkOnRoot 
(node_modules/react-dom/cjs/react-dom.development.js:26156:3)
      at flushSyncCallbacks 
(node_modules/react-dom/cjs/react-dom.development.js:12042:22)
      at node_modules/react-dom/cjs/react-dom.development.js:25690:13
      at invokeTheCallbackFunction 
(node_modules/jsdom/lib/jsdom/living/generated/Function.js:19:26)
      at node_modules/jsdom/lib/jsdom/browser/Window.js:554:9

    console.error
      Warning: An update to SubmissionTabs inside a test was not wrapped in 
act(...).
      
      When testing, code that causes React state updates should be wrapped 
into act(...):
      
      act(() => {
        /* fire events that update state */
      });
      /* assert on the output */
      
      This ensures that you're testing the behavior the user would see in the 
browser. Learn more at https://reactjs.org/link/wrap-tests-with-act
          at SubmissionTabs (C:\Users\samhe\OneDrive\Desktop\Cleaned\frontend\s
rc\submissions\SubmissionTabs\SubmissionTabs.tsx:695:5)
          at basenameProp (C:\Users\samhe\OneDrive\Desktop\Cleaned\frontend\nod
e_modules\react-router\lib\components.tsx:421:13)
          at basename (C:\Users\samhe\OneDrive\Desktop\Cleaned\frontend\node_mo
dules\react-router\lib\components.tsx:225:3)

      711 |                         role="tab"
      712 |                         aria-selected={activeTab === tab}
    > 713 |                         onClick={() => setActiveTab(tab)}
          |                                        ^
      714 |                         className={`px-4 py-2 -mb-px text-sm 
font-medium border-b-2 transition-colors ${activeTab === tab
      715 |                                 ? 'border-brand-500 text-brand-600'
      716 |                                 : 'border-transparent 
text-gray-500 hover:text-brand-500'

      at printWarning 
(node_modules/react-dom/cjs/react-dom.development.js:86:30)
      at error (node_modules/react-dom/cjs/react-dom.development.js:60:7)
      at warnIfUpdatesNotWrappedWithActDEV 
(node_modules/react-dom/cjs/react-dom.development.js:27628:9)
      at scheduleUpdateOnFiber 
(node_modules/react-dom/cjs/react-dom.development.js:25547:5)
      at dispatchSetState 
(node_modules/react-dom/cjs/react-dom.development.js:16708:7)
      at onClick (src/submissions/SubmissionTabs/SubmissionTabs.tsx:713:40)
      at HTMLUnknownElement.callCallback 
(node_modules/react-dom/cjs/react-dom.development.js:4164:14)
      at HTMLUnknownElement.callTheUserObjectsOperation 
(node_modules/jsdom/lib/jsdom/living/generated/EventListener.js:26:30)
      at innerInvokeEventListeners 
(node_modules/jsdom/lib/jsdom/living/events/EventTarget-impl.js:350:25)
      at invokeEventListeners 
(node_modules/jsdom/lib/jsdom/living/events/EventTarget-impl.js:286:3)
      at HTMLUnknownElementImpl._dispatch 
(node_modules/jsdom/lib/jsdom/living/events/EventTarget-impl.js:233:9)
      at HTMLUnknownElementImpl.dispatchEvent 
(node_modules/jsdom/lib/jsdom/living/events/EventTarget-impl.js:104:17)
      at HTMLUnknownElement.dispatchEvent 
(node_modules/jsdom/lib/jsdom/living/generated/EventTarget.js:241:34)
      at Object.invokeGuardedCallbackDev 
(node_modules/react-dom/cjs/react-dom.development.js:4213:16)
      at invokeGuardedCallback 
(node_modules/react-dom/cjs/react-dom.development.js:4277:31)
      at invokeGuardedCallbackAndCatchFirstError 
(node_modules/react-dom/cjs/react-dom.development.js:4291:25)
      at executeDispatch 
(node_modules/react-dom/cjs/react-dom.development.js:9041:3)
      at processDispatchQueueItemsInOrder 
(node_modules/react-dom/cjs/react-dom.development.js:9073:7)
      at processDispatchQueue 
(node_modules/react-dom/cjs/react-dom.development.js:9086:5)
      at dispatchEventsForPlugins 
(node_modules/react-dom/cjs/react-dom.development.js:9097:3)
      at node_modules/react-dom/cjs/react-dom.development.js:9288:12
      at batchedUpdates$1 
(node_modules/react-dom/cjs/react-dom.development.js:26179:12)
      at batchedUpdates 
(node_modules/react-dom/cjs/react-dom.development.js:3991:12)
      at dispatchEventForPluginEventSystem 
(node_modules/react-dom/cjs/react-dom.development.js:9287:3)
      at dispatchEventWithEnableCapturePhaseSelectiveHydrationWithoutDiscreteEv
entReplay (node_modules/react-dom/cjs/react-dom.development.js:6465:5)
      at dispatchEvent 
(node_modules/react-dom/cjs/react-dom.development.js:6457:5)
      at dispatchDiscreteEvent 
(node_modules/react-dom/cjs/react-dom.development.js:6430:5)
      at HTMLDivElement.callTheUserObjectsOperation 
(node_modules/jsdom/lib/jsdom/living/generated/EventListener.js:26:30)
      at innerInvokeEventListeners 
(node_modules/jsdom/lib/jsdom/living/events/EventTarget-impl.js:350:25)
      at invokeEventListeners 
(node_modules/jsdom/lib/jsdom/living/events/EventTarget-impl.js:286:3)
      at HTMLButtonElementImpl._dispatch 
(node_modules/jsdom/lib/jsdom/living/events/EventTarget-impl.js:233:9)
      at HTMLButtonElementImpl.dispatchEvent 
(node_modules/jsdom/lib/jsdom/living/events/EventTarget-impl.js:104:17)
      at HTMLButtonElement.dispatchEvent 
(node_modules/jsdom/lib/jsdom/living/generated/EventTarget.js:241:34)
      at 
node_modules/@testing-library/user-event/dist/cjs/event/dispatchEvent.js:45:43
      at Object.eventWrapper 
(node_modules/@testing-library/dom/dist/config.js:25:23)
      at Object.wrapEvent 
(node_modules/@testing-library/user-event/dist/cjs/event/wrapEvent.js:6:28)
      at Object.dispatchEvent (node_modules/@testing-library/user-event/dist/cj
s/event/dispatchEvent.js:45:22)
      at Object.dispatchUIEvent (node_modules/@testing-library/user-event/dist/
cjs/event/dispatchEvent.js:22:26)
      at Mouse.up (node_modules/@testing-library/user-event/dist/cjs/system/poi
nter/mouse.js:100:30)
      at PointerHost.release (node_modules/@testing-library/user-event/dist/cjs
/system/pointer/index.js:87:24)
      at pointerAction 
(node_modules/@testing-library/user-event/dist/cjs/pointer/index.js:54:47)
      at Object.pointer 
(node_modules/@testing-library/user-event/dist/cjs/pointer/index.js:27:9)
      at Object.<anonymous> 
(src/submissions/SubmissionTabs/__tests__/SubmissionTabs.test.tsx:161:9)

    console.error
      Warning: An update to QuotesPane inside a test was not wrapped in 
act(...).
      
      When testing, code that causes React state updates should be wrapped 
into act(...):
      
      act(() => {
        /* fire events that update state */
      });
      /* assert on the output */
      
      This ensures that you're testing the behavior the user would see in the 
browser. Learn more at https://reactjs.org/link/wrap-tests-with-act
          at QuotesPane (C:\Users\samhe\OneDrive\Desktop\Cleaned\frontend\src\s
ubmissions\SubmissionTabs\SubmissionTabs.tsx:293:23)
          at div
          at div
          at SubmissionTabs (C:\Users\samhe\OneDrive\Desktop\Cleaned\frontend\s
rc\submissions\SubmissionTabs\SubmissionTabs.tsx:695:5)
          at basenameProp (C:\Users\samhe\OneDrive\Desktop\Cleaned\frontend\nod
e_modules\react-router\lib\components.tsx:421:13)
          at basename (C:\Users\samhe\OneDrive\Desktop\Cleaned\frontend\node_mo
dules\react-router\lib\components.tsx:225:3)

      301 |     useEffect(() => {
      302 |         if (!active || loaded || loading) return
    > 303 |         setLoading(true)
          |         ^
      304 |         
get<QuoteRow[]>(`/api/quotes?submission_id=${submissionId}`)
      305 |             .then((result) => {
      306 |                 setRows(result)

      at printWarning 
(node_modules/react-dom/cjs/react-dom.development.js:86:30)
      at error (node_modules/react-dom/cjs/react-dom.development.js:60:7)
      at warnIfUpdatesNotWrappedWithActDEV 
(node_modules/react-dom/cjs/react-dom.development.js:27628:9)
      at scheduleUpdateOnFiber 
(node_modules/react-dom/cjs/react-dom.development.js:25547:5)
      at dispatchSetState 
(node_modules/react-dom/cjs/react-dom.development.js:16708:7)
      at src/submissions/SubmissionTabs/SubmissionTabs.tsx:303:9
      at commitHookEffectListMount 
(node_modules/react-dom/cjs/react-dom.development.js:23189:26)
      at commitPassiveMountOnFiber 
(node_modules/react-dom/cjs/react-dom.development.js:24970:11)
      at commitPassiveMountEffects_complete 
(node_modules/react-dom/cjs/react-dom.development.js:24930:9)
      at commitPassiveMountEffects_begin 
(node_modules/react-dom/cjs/react-dom.development.js:24917:7)
      at commitPassiveMountEffects 
(node_modules/react-dom/cjs/react-dom.development.js:24905:3)
      at flushPassiveEffectsImpl 
(node_modules/react-dom/cjs/react-dom.development.js:27078:3)
      at flushPassiveEffects 
(node_modules/react-dom/cjs/react-dom.development.js:27023:14)
      at commitRootImpl 
(node_modules/react-dom/cjs/react-dom.development.js:26974:5)
      at commitRoot 
(node_modules/react-dom/cjs/react-dom.development.js:26721:5)
      at performSyncWorkOnRoot 
(node_modules/react-dom/cjs/react-dom.development.js:26156:3)
      at flushSyncCallbacks 
(node_modules/react-dom/cjs/react-dom.development.js:12042:22)
      at node_modules/react-dom/cjs/react-dom.development.js:25690:13
      at invokeTheCallbackFunction 
(node_modules/jsdom/lib/jsdom/living/generated/Function.js:19:26)
      at node_modules/jsdom/lib/jsdom/browser/Window.js:554:9

    console.error
      Warning: An update to PlacingBrokingPane inside a test was not wrapped 
in act(...).
      
      When testing, code that causes React state updates should be wrapped 
into act(...):
      
      act(() => {
        /* fire events that update state */
      });
      /* assert on the output */
      
      This ensures that you're testing the behavior the user would see in the 
browser. Learn more at https://reactjs.org/link/wrap-tests-with-act
          at PlacingBrokingPane (C:\Users\samhe\OneDrive\Desktop\Cleaned\fronte
nd\src\submissions\SubmissionTabs\SubmissionTabs.tsx:144:5)
          at div
          at div
          at SubmissionTabs (C:\Users\samhe\OneDrive\Desktop\Cleaned\frontend\s
rc\submissions\SubmissionTabs\SubmissionTabs.tsx:695:5)
          at basenameProp (C:\Users\samhe\OneDrive\Desktop\Cleaned\frontend\nod
e_modules\react-router\lib\components.tsx:421:13)
          at basename (C:\Users\samhe\OneDrive\Desktop\Cleaned\frontend\node_mo
dules\react-router\lib\components.tsx:225:3)

      244 |                             aria-label="Search parties"
      245 |                             disabled={isEditLocked}
    > 246 |                             onClick={() => setModalOpen(true)}
          |                                            ^
      247 |                             className="absolute inset-y-0 right-0 
flex items-center pr-3 text-gray-400 hover:text-gray-700 
disabled:text-gray-300 disabled:cursor-not-allowed"
      248 |                         >
      249 |                             <FiSearch size={16} />

      at printWarning 
(node_modules/react-dom/cjs/react-dom.development.js:86:30)
      at error (node_modules/react-dom/cjs/react-dom.development.js:60:7)
      at warnIfUpdatesNotWrappedWithActDEV 
(node_modules/react-dom/cjs/react-dom.development.js:27628:9)
      at scheduleUpdateOnFiber 
(node_modules/react-dom/cjs/react-dom.development.js:25547:5)
      at dispatchSetState 
(node_modules/react-dom/cjs/react-dom.development.js:16708:7)
      at onClick (src/submissions/SubmissionTabs/SubmissionTabs.tsx:246:44)
      at HTMLUnknownElement.callCallback 
(node_modules/react-dom/cjs/react-dom.development.js:4164:14)
      at HTMLUnknownElement.callTheUserObjectsOperation 
(node_modules/jsdom/lib/jsdom/living/generated/EventListener.js:26:30)
      at innerInvokeEventListeners 
(node_modules/jsdom/lib/jsdom/living/events/EventTarget-impl.js:350:25)
      at invokeEventListeners 
(node_modules/jsdom/lib/jsdom/living/events/EventTarget-impl.js:286:3)
      at HTMLUnknownElementImpl._dispatch 
(node_modules/jsdom/lib/jsdom/living/events/EventTarget-impl.js:233:9)
      at HTMLUnknownElementImpl.dispatchEvent 
(node_modules/jsdom/lib/jsdom/living/events/EventTarget-impl.js:104:17)
      at HTMLUnknownElement.dispatchEvent 
(node_modules/jsdom/lib/jsdom/living/generated/EventTarget.js:241:34)
      at Object.invokeGuardedCallbackDev 
(node_modules/react-dom/cjs/react-dom.development.js:4213:16)
      at invokeGuardedCallback 
(node_modules/react-dom/cjs/react-dom.development.js:4277:31)
      at invokeGuardedCallbackAndCatchFirstError 
(node_modules/react-dom/cjs/react-dom.development.js:4291:25)
      at executeDispatch 
(node_modules/react-dom/cjs/react-dom.development.js:9041:3)
      at processDispatchQueueItemsInOrder 
(node_modules/react-dom/cjs/react-dom.development.js:9073:7)
      at processDispatchQueue 
(node_modules/react-dom/cjs/react-dom.development.js:9086:5)
      at dispatchEventsForPlugins 
(node_modules/react-dom/cjs/react-dom.development.js:9097:3)
      at node_modules/react-dom/cjs/react-dom.development.js:9288:12
      at batchedUpdates$1 
(node_modules/react-dom/cjs/react-dom.development.js:26179:12)
      at batchedUpdates 
(node_modules/react-dom/cjs/react-dom.development.js:3991:12)
      at dispatchEventForPluginEventSystem 
(node_modules/react-dom/cjs/react-dom.development.js:9287:3)
      at dispatchEventWithEnableCapturePhaseSelectiveHydrationWithoutDiscreteEv
entReplay (node_modules/react-dom/cjs/react-dom.development.js:6465:5)
      at dispatchEvent 
(node_modules/react-dom/cjs/react-dom.development.js:6457:5)
      at dispatchDiscreteEvent 
(node_modules/react-dom/cjs/react-dom.development.js:6430:5)
      at HTMLDivElement.callTheUserObjectsOperation 
(node_modules/jsdom/lib/jsdom/living/generated/EventListener.js:26:30)
      at innerInvokeEventListeners 
(node_modules/jsdom/lib/jsdom/living/events/EventTarget-impl.js:350:25)
      at invokeEventListeners 
(node_modules/jsdom/lib/jsdom/living/events/EventTarget-impl.js:286:3)
      at HTMLButtonElementImpl._dispatch 
(node_modules/jsdom/lib/jsdom/living/events/EventTarget-impl.js:233:9)
      at HTMLButtonElementImpl.dispatchEvent 
(node_modules/jsdom/lib/jsdom/living/events/EventTarget-impl.js:104:17)
      at HTMLButtonElement.dispatchEvent 
(node_modules/jsdom/lib/jsdom/living/generated/EventTarget.js:241:34)
      at 
node_modules/@testing-library/user-event/dist/cjs/event/dispatchEvent.js:45:43
      at Object.eventWrapper 
(node_modules/@testing-library/dom/dist/config.js:25:23)
      at Object.wrapEvent 
(node_modules/@testing-library/user-event/dist/cjs/event/wrapEvent.js:6:28)
      at Object.dispatchEvent (node_modules/@testing-library/user-event/dist/cj
s/event/dispatchEvent.js:45:22)
      at Object.dispatchUIEvent (node_modules/@testing-library/user-event/dist/
cjs/event/dispatchEvent.js:22:26)
      at Mouse.up (node_modules/@testing-library/user-event/dist/cjs/system/poi
nter/mouse.js:100:30)
      at PointerHost.release (node_modules/@testing-library/user-event/dist/cjs
/system/pointer/index.js:87:24)
      at pointerAction 
(node_modules/@testing-library/user-event/dist/cjs/pointer/index.js:54:47)
      at Object.pointer 
(node_modules/@testing-library/user-event/dist/cjs/pointer/index.js:27:9)
      at Object.<anonymous> 
(src/submissions/SubmissionTabs/__tests__/SubmissionTabs.test.tsx:193:9)

    console.error
      Warning: An update to BrokerSearchModal inside a test was not wrapped in 
act(...).
      
      When testing, code that causes React state updates should be wrapped 
into act(...):
      
      act(() => {
        /* fire events that update state */
      });
      /* assert on the output */
      
      This ensures that you're testing the behavior the user would see in the 
browser. Learn more at https://reactjs.org/link/wrap-tests-with-act
          at BrokerSearchModal (C:\Users\samhe\OneDrive\Desktop\Cleaned\fronten
d\src\submissions\SubmissionTabs\SubmissionTabs.tsx:65:5)
          at div
          at PlacingBrokingPane (C:\Users\samhe\OneDrive\Desktop\Cleaned\fronte
nd\src\submissions\SubmissionTabs\SubmissionTabs.tsx:144:5)
          at div
          at div
          at SubmissionTabs (C:\Users\samhe\OneDrive\Desktop\Cleaned\frontend\s
rc\submissions\SubmissionTabs\SubmissionTabs.tsx:695:5)
          at basenameProp (C:\Users\samhe\OneDrive\Desktop\Cleaned\frontend\nod
e_modules\react-router\lib\components.tsx:421:13)
          at basename (C:\Users\samhe\OneDrive\Desktop\Cleaned\frontend\node_mo
dules\react-router\lib\components.tsx:225:3)

      78 |         if (!isOpen) return
      79 |         let cancelled = false
    > 80 |         setLoading(true)
         |         ^
      81 |         listParties({ type: 'Broker', search: query.trim() || 
undefined })
      82 |             .then((rows) => {
      83 |                 if (!cancelled) setResults(rows)

      at printWarning 
(node_modules/react-dom/cjs/react-dom.development.js:86:30)
      at error (node_modules/react-dom/cjs/react-dom.development.js:60:7)
      at warnIfUpdatesNotWrappedWithActDEV 
(node_modules/react-dom/cjs/react-dom.development.js:27628:9)
      at scheduleUpdateOnFiber 
(node_modules/react-dom/cjs/react-dom.development.js:25547:5)
      at dispatchSetState 
(node_modules/react-dom/cjs/react-dom.development.js:16708:7)
      at src/submissions/SubmissionTabs/SubmissionTabs.tsx:80:9
      at commitHookEffectListMount 
(node_modules/react-dom/cjs/react-dom.development.js:23189:26)
      at commitPassiveMountOnFiber 
(node_modules/react-dom/cjs/react-dom.development.js:24970:11)
      at commitPassiveMountEffects_complete 
(node_modules/react-dom/cjs/react-dom.development.js:24930:9)
      at commitPassiveMountEffects_begin 
(node_modules/react-dom/cjs/react-dom.development.js:24917:7)
      at commitPassiveMountEffects 
(node_modules/react-dom/cjs/react-dom.development.js:24905:3)
      at flushPassiveEffectsImpl 
(node_modules/react-dom/cjs/react-dom.development.js:27078:3)
      at flushPassiveEffects 
(node_modules/react-dom/cjs/react-dom.development.js:27023:14)
      at commitRootImpl 
(node_modules/react-dom/cjs/react-dom.development.js:26974:5)
      at commitRoot 
(node_modules/react-dom/cjs/react-dom.development.js:26721:5)
      at performSyncWorkOnRoot 
(node_modules/react-dom/cjs/react-dom.development.js:26156:3)
      at flushSyncCallbacks 
(node_modules/react-dom/cjs/react-dom.development.js:12042:22)
      at node_modules/react-dom/cjs/react-dom.development.js:25690:13
      at invokeTheCallbackFunction 
(node_modules/jsdom/lib/jsdom/living/generated/Function.js:19:26)
      at node_modules/jsdom/lib/jsdom/browser/Window.js:554:9

    console.error
      Warning: An update to BrokerSearchModal inside a test was not wrapped in 
act(...).
      
      When testing, code that causes React state updates should be wrapped 
into act(...):
      
      act(() => {
        /* fire events that update state */
      });
      /* assert on the output */
      
      This ensures that you're testing the behavior the user would see in the 
browser. Learn more at https://reactjs.org/link/wrap-tests-with-act
          at BrokerSearchModal (C:\Users\samhe\OneDrive\Desktop\Cleaned\fronten
d\src\submissions\SubmissionTabs\SubmissionTabs.tsx:65:5)
          at div
          at PlacingBrokingPane (C:\Users\samhe\OneDrive\Desktop\Cleaned\fronte
nd\src\submissions\SubmissionTabs\SubmissionTabs.tsx:144:5)
          at div
          at div
          at SubmissionTabs (C:\Users\samhe\OneDrive\Desktop\Cleaned\frontend\s
rc\submissions\SubmissionTabs\SubmissionTabs.tsx:695:5)
          at basenameProp (C:\Users\samhe\OneDrive\Desktop\Cleaned\frontend\nod
e_modules\react-router\lib\components.tsx:421:13)
          at basename (C:\Users\samhe\OneDrive\Desktop\Cleaned\frontend\node_mo
dules\react-router\lib\components.tsx:225:3)

      81 |         listParties({ type: 'Broker', search: query.trim() || 
undefined })
      82 |             .then((rows) => {
    > 83 |                 if (!cancelled) setResults(rows)
         |                                 ^
      84 |             })
      85 |             .catch(() => {
      86 |                 if (!cancelled) setResults([])

      at printWarning 
(node_modules/react-dom/cjs/react-dom.development.js:86:30)
      at error (node_modules/react-dom/cjs/react-dom.development.js:60:7)
      at warnIfUpdatesNotWrappedWithActDEV 
(node_modules/react-dom/cjs/react-dom.development.js:27628:9)
      at scheduleUpdateOnFiber 
(node_modules/react-dom/cjs/react-dom.development.js:25547:5)
      at dispatchSetState 
(node_modules/react-dom/cjs/react-dom.development.js:16708:7)
      at src/submissions/SubmissionTabs/SubmissionTabs.tsx:83:33

    console.error
      Warning: An update to BrokerSearchModal inside a test was not wrapped in 
act(...).
      
      When testing, code that causes React state updates should be wrapped 
into act(...):
      
      act(() => {
        /* fire events that update state */
      });
      /* assert on the output */
      
      This ensures that you're testing the behavior the user would see in the 
browser. Learn more at https://reactjs.org/link/wrap-tests-with-act
          at BrokerSearchModal (C:\Users\samhe\OneDrive\Desktop\Cleaned\fronten
d\src\submissions\SubmissionTabs\SubmissionTabs.tsx:65:5)
          at div
          at PlacingBrokingPane (C:\Users\samhe\OneDrive\Desktop\Cleaned\fronte
nd\src\submissions\SubmissionTabs\SubmissionTabs.tsx:144:5)
          at div
          at div
          at SubmissionTabs (C:\Users\samhe\OneDrive\Desktop\Cleaned\frontend\s
rc\submissions\SubmissionTabs\SubmissionTabs.tsx:695:5)
          at basenameProp (C:\Users\samhe\OneDrive\Desktop\Cleaned\frontend\nod
e_modules\react-router\lib\components.tsx:421:13)
          at basename (C:\Users\samhe\OneDrive\Desktop\Cleaned\frontend\node_mo
dules\react-router\lib\components.tsx:225:3)

      87 |             })
      88 |             .finally(() => {
    > 89 |                 if (!cancelled) setLoading(false)
         |                                 ^
      90 |             })
      91 |         return () => {
      92 |             cancelled = true

      at printWarning 
(node_modules/react-dom/cjs/react-dom.development.js:86:30)
      at error (node_modules/react-dom/cjs/react-dom.development.js:60:7)
      at warnIfUpdatesNotWrappedWithActDEV 
(node_modules/react-dom/cjs/react-dom.development.js:27628:9)
      at scheduleUpdateOnFiber 
(node_modules/react-dom/cjs/react-dom.development.js:25547:5)
      at dispatchSetState 
(node_modules/react-dom/cjs/react-dom.development.js:16708:7)
      at src/submissions/SubmissionTabs/SubmissionTabs.tsx:89:33

    console.error
      Warning: An update to PlacingBrokingPane inside a test was not wrapped 
in act(...).
      
      When testing, code that causes React state updates should be wrapped 
into act(...):
      
      act(() => {
        /* fire events that update state */
      });
      /* assert on the output */
      
      This ensures that you're testing the behavior the user would see in the 
browser. Learn more at https://reactjs.org/link/wrap-tests-with-act
          at PlacingBrokingPane (C:\Users\samhe\OneDrive\Desktop\Cleaned\fronte
nd\src\submissions\SubmissionTabs\SubmissionTabs.tsx:144:5)
          at div
          at div
          at SubmissionTabs (C:\Users\samhe\OneDrive\Desktop\Cleaned\frontend\s
rc\submissions\SubmissionTabs\SubmissionTabs.tsx:695:5)
          at basenameProp (C:\Users\samhe\OneDrive\Desktop\Cleaned\frontend\nod
e_modules\react-router\lib\components.tsx:421:13)
          at basename (C:\Users\samhe\OneDrive\Desktop\Cleaned\frontend\node_mo
dules\react-router\lib\components.tsx:225:3)

      244 |                             aria-label="Search parties"
      245 |                             disabled={isEditLocked}
    > 246 |                             onClick={() => setModalOpen(true)}
          |                                            ^
      247 |                             className="absolute inset-y-0 right-0 
flex items-center pr-3 text-gray-400 hover:text-gray-700 
disabled:text-gray-300 disabled:cursor-not-allowed"
      248 |                         >
      249 |                             <FiSearch size={16} />

      at printWarning 
(node_modules/react-dom/cjs/react-dom.development.js:86:30)
      at error (node_modules/react-dom/cjs/react-dom.development.js:60:7)
      at warnIfUpdatesNotWrappedWithActDEV 
(node_modules/react-dom/cjs/react-dom.development.js:27628:9)
      at scheduleUpdateOnFiber 
(node_modules/react-dom/cjs/react-dom.development.js:25547:5)
      at dispatchSetState 
(node_modules/react-dom/cjs/react-dom.development.js:16708:7)
      at onClick (src/submissions/SubmissionTabs/SubmissionTabs.tsx:246:44)
      at HTMLUnknownElement.callCallback 
(node_modules/react-dom/cjs/react-dom.development.js:4164:14)
      at HTMLUnknownElement.callTheUserObjectsOperation 
(node_modules/jsdom/lib/jsdom/living/generated/EventListener.js:26:30)
      at innerInvokeEventListeners 
(node_modules/jsdom/lib/jsdom/living/events/EventTarget-impl.js:350:25)
      at invokeEventListeners 
(node_modules/jsdom/lib/jsdom/living/events/EventTarget-impl.js:286:3)
      at HTMLUnknownElementImpl._dispatch 
(node_modules/jsdom/lib/jsdom/living/events/EventTarget-impl.js:233:9)
      at HTMLUnknownElementImpl.dispatchEvent 
(node_modules/jsdom/lib/jsdom/living/events/EventTarget-impl.js:104:17)
      at HTMLUnknownElement.dispatchEvent 
(node_modules/jsdom/lib/jsdom/living/generated/EventTarget.js:241:34)
      at Object.invokeGuardedCallbackDev 
(node_modules/react-dom/cjs/react-dom.development.js:4213:16)
      at invokeGuardedCallback 
(node_modules/react-dom/cjs/react-dom.development.js:4277:31)
      at invokeGuardedCallbackAndCatchFirstError 
(node_modules/react-dom/cjs/react-dom.development.js:4291:25)
      at executeDispatch 
(node_modules/react-dom/cjs/react-dom.development.js:9041:3)
      at processDispatchQueueItemsInOrder 
(node_modules/react-dom/cjs/react-dom.development.js:9073:7)
      at processDispatchQueue 
(node_modules/react-dom/cjs/react-dom.development.js:9086:5)
      at dispatchEventsForPlugins 
(node_modules/react-dom/cjs/react-dom.development.js:9097:3)
      at node_modules/react-dom/cjs/react-dom.development.js:9288:12
      at batchedUpdates$1 
(node_modules/react-dom/cjs/react-dom.development.js:26179:12)
      at batchedUpdates 
(node_modules/react-dom/cjs/react-dom.development.js:3991:12)
      at dispatchEventForPluginEventSystem 
(node_modules/react-dom/cjs/react-dom.development.js:9287:3)
      at dispatchEventWithEnableCapturePhaseSelectiveHydrationWithoutDiscreteEv
entReplay (node_modules/react-dom/cjs/react-dom.development.js:6465:5)
      at dispatchEvent 
(node_modules/react-dom/cjs/react-dom.development.js:6457:5)
      at dispatchDiscreteEvent 
(node_modules/react-dom/cjs/react-dom.development.js:6430:5)
      at HTMLDivElement.callTheUserObjectsOperation 
(node_modules/jsdom/lib/jsdom/living/generated/EventListener.js:26:30)
      at innerInvokeEventListeners 
(node_modules/jsdom/lib/jsdom/living/events/EventTarget-impl.js:350:25)
      at invokeEventListeners 
(node_modules/jsdom/lib/jsdom/living/events/EventTarget-impl.js:286:3)
      at HTMLButtonElementImpl._dispatch 
(node_modules/jsdom/lib/jsdom/living/events/EventTarget-impl.js:233:9)
      at HTMLButtonElementImpl.dispatchEvent 
(node_modules/jsdom/lib/jsdom/living/events/EventTarget-impl.js:104:17)
      at HTMLButtonElement.dispatchEvent 
(node_modules/jsdom/lib/jsdom/living/generated/EventTarget.js:241:34)
      at 
node_modules/@testing-library/user-event/dist/cjs/event/dispatchEvent.js:45:43
      at Object.eventWrapper 
(node_modules/@testing-library/dom/dist/config.js:25:23)
      at Object.wrapEvent 
(node_modules/@testing-library/user-event/dist/cjs/event/wrapEvent.js:6:28)
      at Object.dispatchEvent (node_modules/@testing-library/user-event/dist/cj
s/event/dispatchEvent.js:45:22)
      at Object.dispatchUIEvent (node_modules/@testing-library/user-event/dist/
cjs/event/dispatchEvent.js:22:26)
      at Mouse.up (node_modules/@testing-library/user-event/dist/cjs/system/poi
nter/mouse.js:100:30)
      at PointerHost.release (node_modules/@testing-library/user-event/dist/cjs
/system/pointer/index.js:87:24)
      at pointerAction 
(node_modules/@testing-library/user-event/dist/cjs/pointer/index.js:54:47)
      at Object.pointer 
(node_modules/@testing-library/user-event/dist/cjs/pointer/index.js:27:9)
      at Object.<anonymous> 
(src/submissions/SubmissionTabs/__tests__/SubmissionTabs.test.tsx:204:9)

    console.error
      Warning: An update to BrokerSearchModal inside a test was not wrapped in 
act(...).
      
      When testing, code that causes React state updates should be wrapped 
into act(...):
      
      act(() => {
        /* fire events that update state */
      });
      /* assert on the output */
      
      This ensures that you're testing the behavior the user would see in the 
browser. Learn more at https://reactjs.org/link/wrap-tests-with-act
          at BrokerSearchModal (C:\Users\samhe\OneDrive\Desktop\Cleaned\fronten
d\src\submissions\SubmissionTabs\SubmissionTabs.tsx:65:5)
          at div
          at PlacingBrokingPane (C:\Users\samhe\OneDrive\Desktop\Cleaned\fronte
nd\src\submissions\SubmissionTabs\SubmissionTabs.tsx:144:5)
          at div
          at div
          at SubmissionTabs (C:\Users\samhe\OneDrive\Desktop\Cleaned\frontend\s
rc\submissions\SubmissionTabs\SubmissionTabs.tsx:695:5)
          at basenameProp (C:\Users\samhe\OneDrive\Desktop\Cleaned\frontend\nod
e_modules\react-router\lib\components.tsx:421:13)
          at basename (C:\Users\samhe\OneDrive\Desktop\Cleaned\frontend\node_mo
dules\react-router\lib\components.tsx:225:3)

      78 |         if (!isOpen) return
      79 |         let cancelled = false
    > 80 |         setLoading(true)
         |         ^
      81 |         listParties({ type: 'Broker', search: query.trim() || 
undefined })
      82 |             .then((rows) => {
      83 |                 if (!cancelled) setResults(rows)

      at printWarning 
(node_modules/react-dom/cjs/react-dom.development.js:86:30)
      at error (node_modules/react-dom/cjs/react-dom.development.js:60:7)
      at warnIfUpdatesNotWrappedWithActDEV 
(node_modules/react-dom/cjs/react-dom.development.js:27628:9)
      at scheduleUpdateOnFiber 
(node_modules/react-dom/cjs/react-dom.development.js:25547:5)
      at dispatchSetState 
(node_modules/react-dom/cjs/react-dom.development.js:16708:7)
      at src/submissions/SubmissionTabs/SubmissionTabs.tsx:80:9
      at commitHookEffectListMount 
(node_modules/react-dom/cjs/react-dom.development.js:23189:26)
      at commitPassiveMountOnFiber 
(node_modules/react-dom/cjs/react-dom.development.js:24970:11)
      at commitPassiveMountEffects_complete 
(node_modules/react-dom/cjs/react-dom.development.js:24930:9)
      at commitPassiveMountEffects_begin 
(node_modules/react-dom/cjs/react-dom.development.js:24917:7)
      at commitPassiveMountEffects 
(node_modules/react-dom/cjs/react-dom.development.js:24905:3)
      at flushPassiveEffectsImpl 
(node_modules/react-dom/cjs/react-dom.development.js:27078:3)
      at flushPassiveEffects 
(node_modules/react-dom/cjs/react-dom.development.js:27023:14)
      at commitRootImpl 
(node_modules/react-dom/cjs/react-dom.development.js:26974:5)
      at commitRoot 
(node_modules/react-dom/cjs/react-dom.development.js:26721:5)
      at performSyncWorkOnRoot 
(node_modules/react-dom/cjs/react-dom.development.js:26156:3)
      at flushSyncCallbacks 
(node_modules/react-dom/cjs/react-dom.development.js:12042:22)
      at node_modules/react-dom/cjs/react-dom.development.js:25690:13
      at invokeTheCallbackFunction 
(node_modules/jsdom/lib/jsdom/living/generated/Function.js:19:26)
      at node_modules/jsdom/lib/jsdom/browser/Window.js:554:9

    console.error
      Warning: An update to BrokerSearchModal inside a test was not wrapped in 
act(...).
      
      When testing, code that causes React state updates should be wrapped 
into act(...):
      
      act(() => {
        /* fire events that update state */
      });
      /* assert on the output */
      
      This ensures that you're testing the behavior the user would see in the 
browser. Learn more at https://reactjs.org/link/wrap-tests-with-act
          at BrokerSearchModal (C:\Users\samhe\OneDrive\Desktop\Cleaned\fronten
d\src\submissions\SubmissionTabs\SubmissionTabs.tsx:65:5)
          at div
          at PlacingBrokingPane (C:\Users\samhe\OneDrive\Desktop\Cleaned\fronte
nd\src\submissions\SubmissionTabs\SubmissionTabs.tsx:144:5)
          at div
          at div
          at SubmissionTabs (C:\Users\samhe\OneDrive\Desktop\Cleaned\frontend\s
rc\submissions\SubmissionTabs\SubmissionTabs.tsx:695:5)
          at basenameProp (C:\Users\samhe\OneDrive\Desktop\Cleaned\frontend\nod
e_modules\react-router\lib\components.tsx:421:13)
          at basename (C:\Users\samhe\OneDrive\Desktop\Cleaned\frontend\node_mo
dules\react-router\lib\components.tsx:225:3)

      81 |         listParties({ type: 'Broker', search: query.trim() || 
undefined })
      82 |             .then((rows) => {
    > 83 |                 if (!cancelled) setResults(rows)
         |                                 ^
      84 |             })
      85 |             .catch(() => {
      86 |                 if (!cancelled) setResults([])

      at printWarning 
(node_modules/react-dom/cjs/react-dom.development.js:86:30)
      at error (node_modules/react-dom/cjs/react-dom.development.js:60:7)
      at warnIfUpdatesNotWrappedWithActDEV 
(node_modules/react-dom/cjs/react-dom.development.js:27628:9)
      at scheduleUpdateOnFiber 
(node_modules/react-dom/cjs/react-dom.development.js:25547:5)
      at dispatchSetState 
(node_modules/react-dom/cjs/react-dom.development.js:16708:7)
      at src/submissions/SubmissionTabs/SubmissionTabs.tsx:83:33

    console.error
      Warning: An update to BrokerSearchModal inside a test was not wrapped in 
act(...).
      
      When testing, code that causes React state updates should be wrapped 
into act(...):
      
      act(() => {
        /* fire events that update state */
      });
      /* assert on the output */
      
      This ensures that you're testing the behavior the user would see in the 
browser. Learn more at https://reactjs.org/link/wrap-tests-with-act
          at BrokerSearchModal (C:\Users\samhe\OneDrive\Desktop\Cleaned\fronten
d\src\submissions\SubmissionTabs\SubmissionTabs.tsx:65:5)
          at div
          at PlacingBrokingPane (C:\Users\samhe\OneDrive\Desktop\Cleaned\fronte
nd\src\submissions\SubmissionTabs\SubmissionTabs.tsx:144:5)
          at div
          at div
          at SubmissionTabs (C:\Users\samhe\OneDrive\Desktop\Cleaned\frontend\s
rc\submissions\SubmissionTabs\SubmissionTabs.tsx:695:5)
          at basenameProp (C:\Users\samhe\OneDrive\Desktop\Cleaned\frontend\nod
e_modules\react-router\lib\components.tsx:421:13)
          at basename (C:\Users\samhe\OneDrive\Desktop\Cleaned\frontend\node_mo
dules\react-router\lib\components.tsx:225:3)

      87 |             })
      88 |             .finally(() => {
    > 89 |                 if (!cancelled) setLoading(false)
         |                                 ^
      90 |             })
      91 |         return () => {
      92 |             cancelled = true

      at printWarning 
(node_modules/react-dom/cjs/react-dom.development.js:86:30)
      at error (node_modules/react-dom/cjs/react-dom.development.js:60:7)
      at warnIfUpdatesNotWrappedWithActDEV 
(node_modules/react-dom/cjs/react-dom.development.js:27628:9)
      at scheduleUpdateOnFiber 
(node_modules/react-dom/cjs/react-dom.development.js:25547:5)
      at dispatchSetState 
(node_modules/react-dom/cjs/react-dom.development.js:16708:7)
      at src/submissions/SubmissionTabs/SubmissionTabs.tsx:89:33

    console.error
      Warning: An update to PlacingBrokingPane inside a test was not wrapped 
in act(...).
      
      When testing, code that causes React state updates should be wrapped 
into act(...):
      
      act(() => {
        /* fire events that update state */
      });
      /* assert on the output */
      
      This ensures that you're testing the behavior the user would see in the 
browser. Learn more at https://reactjs.org/link/wrap-tests-with-act
          at PlacingBrokingPane (C:\Users\samhe\OneDrive\Desktop\Cleaned\fronte
nd\src\submissions\SubmissionTabs\SubmissionTabs.tsx:144:5)
          at div
          at div
          at SubmissionTabs (C:\Users\samhe\OneDrive\Desktop\Cleaned\frontend\s
rc\submissions\SubmissionTabs\SubmissionTabs.tsx:695:5)
          at basenameProp (C:\Users\samhe\OneDrive\Desktop\Cleaned\frontend\nod
e_modules\react-router\lib\components.tsx:421:13)
          at basename (C:\Users\samhe\OneDrive\Desktop\Cleaned\frontend\node_mo
dules\react-router\lib\components.tsx:225:3)

      282 |                 onClose={() => setModalOpen(false)}
      283 |                 onSelect={(party) => {
    > 284 |                     setBrokerCompany(String(party.name ?? ''))
          |                     ^
      285 |                     setBrokerCompanyId(String(party.id ?? ''))
      286 |                     setModalOpen(false)
      287 |                 }}

      at printWarning 
(node_modules/react-dom/cjs/react-dom.development.js:86:30)
      at error (node_modules/react-dom/cjs/react-dom.development.js:60:7)
      at warnIfUpdatesNotWrappedWithActDEV 
(node_modules/react-dom/cjs/react-dom.development.js:27628:9)
      at scheduleUpdateOnFiber 
(node_modules/react-dom/cjs/react-dom.development.js:25547:5)
      at dispatchSetState 
(node_modules/react-dom/cjs/react-dom.development.js:16708:7)
      at onSelect (src/submissions/SubmissionTabs/SubmissionTabs.tsx:284:21)
      at onRowClick (src/submissions/SubmissionTabs/SubmissionTabs.tsx:129:46)
      at onClick (src/shared/components/ResizableGrid/ResizableGrid.tsx:155:61)
      at HTMLUnknownElement.callCallback 
(node_modules/react-dom/cjs/react-dom.development.js:4164:14)
      at HTMLUnknownElement.callTheUserObjectsOperation 
(node_modules/jsdom/lib/jsdom/living/generated/EventListener.js:26:30)
      at innerInvokeEventListeners 
(node_modules/jsdom/lib/jsdom/living/events/EventTarget-impl.js:350:25)
      at invokeEventListeners 
(node_modules/jsdom/lib/jsdom/living/events/EventTarget-impl.js:286:3)
      at HTMLUnknownElementImpl._dispatch 
(node_modules/jsdom/lib/jsdom/living/events/EventTarget-impl.js:233:9)
      at HTMLUnknownElementImpl.dispatchEvent 
(node_modules/jsdom/lib/jsdom/living/events/EventTarget-impl.js:104:17)
      at HTMLUnknownElement.dispatchEvent 
(node_modules/jsdom/lib/jsdom/living/generated/EventTarget.js:241:34)
      at Object.invokeGuardedCallbackDev 
(node_modules/react-dom/cjs/react-dom.development.js:4213:16)
      at invokeGuardedCallback 
(node_modules/react-dom/cjs/react-dom.development.js:4277:31)
      at invokeGuardedCallbackAndCatchFirstError 
(node_modules/react-dom/cjs/react-dom.development.js:4291:25)
      at executeDispatch 
(node_modules/react-dom/cjs/react-dom.development.js:9041:3)
      at processDispatchQueueItemsInOrder 
(node_modules/react-dom/cjs/react-dom.development.js:9073:7)
      at processDispatchQueue 
(node_modules/react-dom/cjs/react-dom.development.js:9086:5)
      at dispatchEventsForPlugins 
(node_modules/react-dom/cjs/react-dom.development.js:9097:3)
      at node_modules/react-dom/cjs/react-dom.development.js:9288:12
      at batchedUpdates$1 
(node_modules/react-dom/cjs/react-dom.development.js:26179:12)
      at batchedUpdates 
(node_modules/react-dom/cjs/react-dom.development.js:3991:12)
      at dispatchEventForPluginEventSystem 
(node_modules/react-dom/cjs/react-dom.development.js:9287:3)
      at dispatchEventWithEnableCapturePhaseSelectiveHydrationWithoutDiscreteEv
entReplay (node_modules/react-dom/cjs/react-dom.development.js:6465:5)
      at dispatchEvent 
(node_modules/react-dom/cjs/react-dom.development.js:6457:5)
      at dispatchDiscreteEvent 
(node_modules/react-dom/cjs/react-dom.development.js:6430:5)
      at HTMLDivElement.callTheUserObjectsOperation 
(node_modules/jsdom/lib/jsdom/living/generated/EventListener.js:26:30)
      at innerInvokeEventListeners 
(node_modules/jsdom/lib/jsdom/living/events/EventTarget-impl.js:350:25)
      at invokeEventListeners 
(node_modules/jsdom/lib/jsdom/living/events/EventTarget-impl.js:286:3)
      at HTMLTableCellElementImpl._dispatch 
(node_modules/jsdom/lib/jsdom/living/events/EventTarget-impl.js:233:9)
      at HTMLTableCellElementImpl.dispatchEvent 
(node_modules/jsdom/lib/jsdom/living/events/EventTarget-impl.js:104:17)
      at HTMLTableCellElement.dispatchEvent 
(node_modules/jsdom/lib/jsdom/living/generated/EventTarget.js:241:34)
      at 
node_modules/@testing-library/user-event/dist/cjs/event/dispatchEvent.js:45:43
      at Object.eventWrapper 
(node_modules/@testing-library/dom/dist/config.js:25:23)
      at Object.wrapEvent 
(node_modules/@testing-library/user-event/dist/cjs/event/wrapEvent.js:6:28)
      at Object.dispatchEvent (node_modules/@testing-library/user-event/dist/cj
s/event/dispatchEvent.js:45:22)
      at Object.dispatchUIEvent (node_modules/@testing-library/user-event/dist/
cjs/event/dispatchEvent.js:22:26)
      at Mouse.up (node_modules/@testing-library/user-event/dist/cjs/system/poi
nter/mouse.js:100:30)
      at PointerHost.release (node_modules/@testing-library/user-event/dist/cjs
/system/pointer/index.js:87:24)
      at pointerAction 
(node_modules/@testing-library/user-event/dist/cjs/pointer/index.js:54:47)
      at Object.pointer 
(node_modules/@testing-library/user-event/dist/cjs/pointer/index.js:27:9)
      at Object.<anonymous> 
(src/submissions/SubmissionTabs/__tests__/SubmissionTabs.test.tsx:208:9)

    console.error
      Warning: An update to PlacingBrokingPane inside a test was not wrapped 
in act(...).
      
      When testing, code that causes React state updates should be wrapped 
into act(...):
      
      act(() => {
        /* fire events that update state */
      });
      /* assert on the output */
      
      This ensures that you're testing the behavior the user would see in the 
browser. Learn more at https://reactjs.org/link/wrap-tests-with-act
          at PlacingBrokingPane (C:\Users\samhe\OneDrive\Desktop\Cleaned\fronte
nd\src\submissions\SubmissionTabs\SubmissionTabs.tsx:144:5)
          at div
          at div
          at SubmissionTabs (C:\Users\samhe\OneDrive\Desktop\Cleaned\frontend\s
rc\submissions\SubmissionTabs\SubmissionTabs.tsx:695:5)
          at basenameProp (C:\Users\samhe\OneDrive\Desktop\Cleaned\frontend\nod
e_modules\react-router\lib\components.tsx:421:13)
          at basename (C:\Users\samhe\OneDrive\Desktop\Cleaned\frontend\node_mo
dules\react-router\lib\components.tsx:225:3)

      283 |                 onSelect={(party) => {
      284 |                     setBrokerCompany(String(party.name ?? ''))
    > 285 |                     setBrokerCompanyId(String(party.id ?? ''))
          |                     ^
      286 |                     setModalOpen(false)
      287 |                 }}
      288 |             />

      at printWarning 
(node_modules/react-dom/cjs/react-dom.development.js:86:30)
      at error (node_modules/react-dom/cjs/react-dom.development.js:60:7)
      at warnIfUpdatesNotWrappedWithActDEV 
(node_modules/react-dom/cjs/react-dom.development.js:27628:9)
      at scheduleUpdateOnFiber 
(node_modules/react-dom/cjs/react-dom.development.js:25547:5)
      at dispatchSetState 
(node_modules/react-dom/cjs/react-dom.development.js:16708:7)
      at onSelect (src/submissions/SubmissionTabs/SubmissionTabs.tsx:285:21)
      at onRowClick (src/submissions/SubmissionTabs/SubmissionTabs.tsx:129:46)
      at onClick (src/shared/components/ResizableGrid/ResizableGrid.tsx:155:61)
      at HTMLUnknownElement.callCallback 
(node_modules/react-dom/cjs/react-dom.development.js:4164:14)
      at HTMLUnknownElement.callTheUserObjectsOperation 
(node_modules/jsdom/lib/jsdom/living/generated/EventListener.js:26:30)
      at innerInvokeEventListeners 
(node_modules/jsdom/lib/jsdom/living/events/EventTarget-impl.js:350:25)
      at invokeEventListeners 
(node_modules/jsdom/lib/jsdom/living/events/EventTarget-impl.js:286:3)
      at HTMLUnknownElementImpl._dispatch 
(node_modules/jsdom/lib/jsdom/living/events/EventTarget-impl.js:233:9)
      at HTMLUnknownElementImpl.dispatchEvent 
(node_modules/jsdom/lib/jsdom/living/events/EventTarget-impl.js:104:17)
      at HTMLUnknownElement.dispatchEvent 
(node_modules/jsdom/lib/jsdom/living/generated/EventTarget.js:241:34)
      at Object.invokeGuardedCallbackDev 
(node_modules/react-dom/cjs/react-dom.development.js:4213:16)
      at invokeGuardedCallback 
(node_modules/react-dom/cjs/react-dom.development.js:4277:31)
      at invokeGuardedCallbackAndCatchFirstError 
(node_modules/react-dom/cjs/react-dom.development.js:4291:25)
      at executeDispatch 
(node_modules/react-dom/cjs/react-dom.development.js:9041:3)
      at processDispatchQueueItemsInOrder 
(node_modules/react-dom/cjs/react-dom.development.js:9073:7)
      at processDispatchQueue 
(node_modules/react-dom/cjs/react-dom.development.js:9086:5)
      at dispatchEventsForPlugins 
(node_modules/react-dom/cjs/react-dom.development.js:9097:3)
      at node_modules/react-dom/cjs/react-dom.development.js:9288:12
      at batchedUpdates$1 
(node_modules/react-dom/cjs/react-dom.development.js:26179:12)
      at batchedUpdates 
(node_modules/react-dom/cjs/react-dom.development.js:3991:12)
      at dispatchEventForPluginEventSystem 
(node_modules/react-dom/cjs/react-dom.development.js:9287:3)
      at dispatchEventWithEnableCapturePhaseSelectiveHydrationWithoutDiscreteEv
entReplay (node_modules/react-dom/cjs/react-dom.development.js:6465:5)
      at dispatchEvent 
(node_modules/react-dom/cjs/react-dom.development.js:6457:5)
      at dispatchDiscreteEvent 
(node_modules/react-dom/cjs/react-dom.development.js:6430:5)
      at HTMLDivElement.callTheUserObjectsOperation 
(node_modules/jsdom/lib/jsdom/living/generated/EventListener.js:26:30)
      at innerInvokeEventListeners 
(node_modules/jsdom/lib/jsdom/living/events/EventTarget-impl.js:350:25)
      at invokeEventListeners 
(node_modules/jsdom/lib/jsdom/living/events/EventTarget-impl.js:286:3)
      at HTMLTableCellElementImpl._dispatch 
(node_modules/jsdom/lib/jsdom/living/events/EventTarget-impl.js:233:9)
      at HTMLTableCellElementImpl.dispatchEvent 
(node_modules/jsdom/lib/jsdom/living/events/EventTarget-impl.js:104:17)
      at HTMLTableCellElement.dispatchEvent 
(node_modules/jsdom/lib/jsdom/living/generated/EventTarget.js:241:34)
      at 
node_modules/@testing-library/user-event/dist/cjs/event/dispatchEvent.js:45:43
      at Object.eventWrapper 
(node_modules/@testing-library/dom/dist/config.js:25:23)
      at Object.wrapEvent 
(node_modules/@testing-library/user-event/dist/cjs/event/wrapEvent.js:6:28)
      at Object.dispatchEvent (node_modules/@testing-library/user-event/dist/cj
s/event/dispatchEvent.js:45:22)
      at Object.dispatchUIEvent (node_modules/@testing-library/user-event/dist/
cjs/event/dispatchEvent.js:22:26)
      at Mouse.up (node_modules/@testing-library/user-event/dist/cjs/system/poi
nter/mouse.js:100:30)
      at PointerHost.release (node_modules/@testing-library/user-event/dist/cjs
/system/pointer/index.js:87:24)
      at pointerAction 
(node_modules/@testing-library/user-event/dist/cjs/pointer/index.js:54:47)
      at Object.pointer 
(node_modules/@testing-library/user-event/dist/cjs/pointer/index.js:27:9)
      at Object.<anonymous> 
(src/submissions/SubmissionTabs/__tests__/SubmissionTabs.test.tsx:208:9)

    console.error
      Warning: An update to PlacingBrokingPane inside a test was not wrapped 
in act(...).
      
      When testing, code that causes React state updates should be wrapped 
into act(...):
      
      act(() => {
        /* fire events that update state */
      });
      /* assert on the output */
      
      This ensures that you're testing the behavior the user would see in the 
browser. Learn more at https://reactjs.org/link/wrap-tests-with-act
          at PlacingBrokingPane (C:\Users\samhe\OneDrive\Desktop\Cleaned\fronte
nd\src\submissions\SubmissionTabs\SubmissionTabs.tsx:144:5)
          at div
          at div
          at SubmissionTabs (C:\Users\samhe\OneDrive\Desktop\Cleaned\frontend\s
rc\submissions\SubmissionTabs\SubmissionTabs.tsx:695:5)
          at basenameProp (C:\Users\samhe\OneDrive\Desktop\Cleaned\frontend\nod
e_modules\react-router\lib\components.tsx:421:13)
          at basename (C:\Users\samhe\OneDrive\Desktop\Cleaned\frontend\node_mo
dules\react-router\lib\components.tsx:225:3)

      284 |                     setBrokerCompany(String(party.name ?? ''))
      285 |                     setBrokerCompanyId(String(party.id ?? ''))
    > 286 |                     setModalOpen(false)
          |                     ^
      287 |                 }}
      288 |             />
      289 |         </div>

      at printWarning 
(node_modules/react-dom/cjs/react-dom.development.js:86:30)
      at error (node_modules/react-dom/cjs/react-dom.development.js:60:7)
      at warnIfUpdatesNotWrappedWithActDEV 
(node_modules/react-dom/cjs/react-dom.development.js:27628:9)
      at scheduleUpdateOnFiber 
(node_modules/react-dom/cjs/react-dom.development.js:25547:5)
      at dispatchSetState 
(node_modules/react-dom/cjs/react-dom.development.js:16708:7)
      at onSelect (src/submissions/SubmissionTabs/SubmissionTabs.tsx:286:21)
      at onRowClick (src/submissions/SubmissionTabs/SubmissionTabs.tsx:129:46)
      at onClick (src/shared/components/ResizableGrid/ResizableGrid.tsx:155:61)
      at HTMLUnknownElement.callCallback 
(node_modules/react-dom/cjs/react-dom.development.js:4164:14)
      at HTMLUnknownElement.callTheUserObjectsOperation 
(node_modules/jsdom/lib/jsdom/living/generated/EventListener.js:26:30)
      at innerInvokeEventListeners 
(node_modules/jsdom/lib/jsdom/living/events/EventTarget-impl.js:350:25)
      at invokeEventListeners 
(node_modules/jsdom/lib/jsdom/living/events/EventTarget-impl.js:286:3)
      at HTMLUnknownElementImpl._dispatch 
(node_modules/jsdom/lib/jsdom/living/events/EventTarget-impl.js:233:9)
      at HTMLUnknownElementImpl.dispatchEvent 
(node_modules/jsdom/lib/jsdom/living/events/EventTarget-impl.js:104:17)
      at HTMLUnknownElement.dispatchEvent 
(node_modules/jsdom/lib/jsdom/living/generated/EventTarget.js:241:34)
      at Object.invokeGuardedCallbackDev 
(node_modules/react-dom/cjs/react-dom.development.js:4213:16)
      at invokeGuardedCallback 
(node_modules/react-dom/cjs/react-dom.development.js:4277:31)
      at invokeGuardedCallbackAndCatchFirstError 
(node_modules/react-dom/cjs/react-dom.development.js:4291:25)
      at executeDispatch 
(node_modules/react-dom/cjs/react-dom.development.js:9041:3)
      at processDispatchQueueItemsInOrder 
(node_modules/react-dom/cjs/react-dom.development.js:9073:7)
      at processDispatchQueue 
(node_modules/react-dom/cjs/react-dom.development.js:9086:5)
      at dispatchEventsForPlugins 
(node_modules/react-dom/cjs/react-dom.development.js:9097:3)
      at node_modules/react-dom/cjs/react-dom.development.js:9288:12
      at batchedUpdates$1 
(node_modules/react-dom/cjs/react-dom.development.js:26179:12)
      at batchedUpdates 
(node_modules/react-dom/cjs/react-dom.development.js:3991:12)
      at dispatchEventForPluginEventSystem 
(node_modules/react-dom/cjs/react-dom.development.js:9287:3)
      at dispatchEventWithEnableCapturePhaseSelectiveHydrationWithoutDiscreteEv
entReplay (node_modules/react-dom/cjs/react-dom.development.js:6465:5)
      at dispatchEvent 
(node_modules/react-dom/cjs/react-dom.development.js:6457:5)
      at dispatchDiscreteEvent 
(node_modules/react-dom/cjs/react-dom.development.js:6430:5)
      at HTMLDivElement.callTheUserObjectsOperation 
(node_modules/jsdom/lib/jsdom/living/generated/EventListener.js:26:30)
      at innerInvokeEventListeners 
(node_modules/jsdom/lib/jsdom/living/events/EventTarget-impl.js:350:25)
      at invokeEventListeners 
(node_modules/jsdom/lib/jsdom/living/events/EventTarget-impl.js:286:3)
      at HTMLTableCellElementImpl._dispatch 
(node_modules/jsdom/lib/jsdom/living/events/EventTarget-impl.js:233:9)
      at HTMLTableCellElementImpl.dispatchEvent 
(node_modules/jsdom/lib/jsdom/living/events/EventTarget-impl.js:104:17)
      at HTMLTableCellElement.dispatchEvent 
(node_modules/jsdom/lib/jsdom/living/generated/EventTarget.js:241:34)
      at 
node_modules/@testing-library/user-event/dist/cjs/event/dispatchEvent.js:45:43
      at Object.eventWrapper 
(node_modules/@testing-library/dom/dist/config.js:25:23)
      at Object.wrapEvent 
(node_modules/@testing-library/user-event/dist/cjs/event/wrapEvent.js:6:28)
      at Object.dispatchEvent (node_modules/@testing-library/user-event/dist/cj
s/event/dispatchEvent.js:45:22)
      at Object.dispatchUIEvent (node_modules/@testing-library/user-event/dist/
cjs/event/dispatchEvent.js:22:26)
      at Mouse.up (node_modules/@testing-library/user-event/dist/cjs/system/poi
nter/mouse.js:100:30)
      at PointerHost.release (node_modules/@testing-library/user-event/dist/cjs
/system/pointer/index.js:87:24)
      at pointerAction 
(node_modules/@testing-library/user-event/dist/cjs/pointer/index.js:54:47)
      at Object.pointer 
(node_modules/@testing-library/user-event/dist/cjs/pointer/index.js:27:9)
      at Object.<anonymous> 
(src/submissions/SubmissionTabs/__tests__/SubmissionTabs.test.tsx:208:9)

    console.error
      Warning: An update to PlacingBrokingPane inside a test was not wrapped 
in act(...).
      
      When testing, code that causes React state updates should be wrapped 
into act(...):
      
      act(() => {
        /* fire events that update state */
      });
      /* assert on the output */
      
      This ensures that you're testing the behavior the user would see in the 
browser. Learn more at https://reactjs.org/link/wrap-tests-with-act
          at PlacingBrokingPane (C:\Users\samhe\OneDrive\Desktop\Cleaned\fronte
nd\src\submissions\SubmissionTabs\SubmissionTabs.tsx:144:5)
          at div
          at div
          at SubmissionTabs (C:\Users\samhe\OneDrive\Desktop\Cleaned\frontend\s
rc\submissions\SubmissionTabs\SubmissionTabs.tsx:695:5)
          at basenameProp (C:\Users\samhe\OneDrive\Desktop\Cleaned\frontend\nod
e_modules\react-router\lib\components.tsx:421:13)
          at basename (C:\Users\samhe\OneDrive\Desktop\Cleaned\frontend\node_mo
dules\react-router\lib\components.tsx:225:3)

      259 |                         value={brokerIndividualName}
      260 |                         disabled={isEditLocked}
    > 261 |                         onChange={(e) => 
setBrokerIndividualName(e.target.value)}
          |                                          ^
      262 |                         className="w-full border border-gray-300 
rounded px-3 py-2 text-sm disabled:bg-gray-100 disabled:text-gray-500 
disabled:cursor-not-allowed"
      263 |                     />
      264 |                 </div>

      at printWarning 
(node_modules/react-dom/cjs/react-dom.development.js:86:30)
      at error (node_modules/react-dom/cjs/react-dom.development.js:60:7)
      at warnIfUpdatesNotWrappedWithActDEV 
(node_modules/react-dom/cjs/react-dom.development.js:27628:9)
      at scheduleUpdateOnFiber 
(node_modules/react-dom/cjs/react-dom.development.js:25547:5)
      at dispatchSetState 
(node_modules/react-dom/cjs/react-dom.development.js:16708:7)
      at onChange (src/submissions/SubmissionTabs/SubmissionTabs.tsx:261:42)
      at HTMLUnknownElement.callCallback 
(node_modules/react-dom/cjs/react-dom.development.js:4164:14)
      at HTMLUnknownElement.callTheUserObjectsOperation 
(node_modules/jsdom/lib/jsdom/living/generated/EventListener.js:26:30)
      at innerInvokeEventListeners 
(node_modules/jsdom/lib/jsdom/living/events/EventTarget-impl.js:350:25)
      at invokeEventListeners 
(node_modules/jsdom/lib/jsdom/living/events/EventTarget-impl.js:286:3)
      at HTMLUnknownElementImpl._dispatch 
(node_modules/jsdom/lib/jsdom/living/events/EventTarget-impl.js:233:9)
      at HTMLUnknownElementImpl.dispatchEvent 
(node_modules/jsdom/lib/jsdom/living/events/EventTarget-impl.js:104:17)
      at HTMLUnknownElement.dispatchEvent 
(node_modules/jsdom/lib/jsdom/living/generated/EventTarget.js:241:34)
      at Object.invokeGuardedCallbackDev 
(node_modules/react-dom/cjs/react-dom.development.js:4213:16)
      at invokeGuardedCallback 
(node_modules/react-dom/cjs/react-dom.development.js:4277:31)
      at invokeGuardedCallbackAndCatchFirstError 
(node_modules/react-dom/cjs/react-dom.development.js:4291:25)
      at executeDispatch 
(node_modules/react-dom/cjs/react-dom.development.js:9041:3)
      at processDispatchQueueItemsInOrder 
(node_modules/react-dom/cjs/react-dom.development.js:9073:7)
      at processDispatchQueue 
(node_modules/react-dom/cjs/react-dom.development.js:9086:5)
      at dispatchEventsForPlugins 
(node_modules/react-dom/cjs/react-dom.development.js:9097:3)
      at node_modules/react-dom/cjs/react-dom.development.js:9288:12
      at batchedUpdates$1 
(node_modules/react-dom/cjs/react-dom.development.js:26179:12)
      at batchedUpdates 
(node_modules/react-dom/cjs/react-dom.development.js:3991:12)
      at dispatchEventForPluginEventSystem 
(node_modules/react-dom/cjs/react-dom.development.js:9287:3)
      at dispatchEventWithEnableCapturePhaseSelectiveHydrationWithoutDiscreteEv
entReplay (node_modules/react-dom/cjs/react-dom.development.js:6465:5)
      at dispatchEvent 
(node_modules/react-dom/cjs/react-dom.development.js:6457:5)
      at dispatchDiscreteEvent 
(node_modules/react-dom/cjs/react-dom.development.js:6430:5)
      at HTMLDivElement.callTheUserObjectsOperation 
(node_modules/jsdom/lib/jsdom/living/generated/EventListener.js:26:30)
      at innerInvokeEventListeners 
(node_modules/jsdom/lib/jsdom/living/events/EventTarget-impl.js:350:25)
      at invokeEventListeners 
(node_modules/jsdom/lib/jsdom/living/events/EventTarget-impl.js:286:3)
      at HTMLInputElementImpl._dispatch 
(node_modules/jsdom/lib/jsdom/living/events/EventTarget-impl.js:233:9)
      at HTMLInputElementImpl.dispatchEvent 
(node_modules/jsdom/lib/jsdom/living/events/EventTarget-impl.js:104:17)
      at HTMLInputElement.dispatchEvent 
(node_modules/jsdom/lib/jsdom/living/generated/EventTarget.js:241:34)
      at 
node_modules/@testing-library/user-event/dist/cjs/event/dispatchEvent.js:45:43
      at Object.eventWrapper 
(node_modules/@testing-library/dom/dist/config.js:25:23)
      at Object.wrapEvent 
(node_modules/@testing-library/user-event/dist/cjs/event/wrapEvent.js:6:28)
      at Object.dispatchEvent (node_modules/@testing-library/user-event/dist/cj
s/event/dispatchEvent.js:45:22)
      at Object.dispatchUIEvent (node_modules/@testing-library/user-event/dist/
cjs/event/dispatchEvent.js:22:26)
      at commitInput 
(node_modules/@testing-library/user-event/dist/cjs/event/input.js:145:14)
      at editInputElement 
(node_modules/@testing-library/user-event/dist/cjs/event/input.js:115:9)
      at Object.input 
(node_modules/@testing-library/user-event/dist/cjs/event/input.js:37:9)
      at Object.clear 
(node_modules/@testing-library/user-event/dist/cjs/utility/clear.js:29:11)
      at node_modules/@testing-library/user-event/dist/cjs/setup/setup.js:85:45
      at Object.asyncWrapper 
(node_modules/@testing-library/dom/dist/config.js:23:23)
      at Object.wrapAsync 
(node_modules/@testing-library/user-event/dist/cjs/setup/wrapAsync.js:8:28)
      at Object.method [as clear] 
(node_modules/@testing-library/user-event/dist/cjs/setup/setup.js:85:26)
      at Object.<anonymous> 
(src/submissions/SubmissionTabs/__tests__/SubmissionTabs.test.tsx:217:20)

    console.error
      Warning: An update to PlacingBrokingPane inside a test was not wrapped 
in act(...).
      
      When testing, code that causes React state updates should be wrapped 
into act(...):
      
      act(() => {
        /* fire events that update state */
      });
      /* assert on the output */
      
      This ensures that you're testing the behavior the user would see in the 
browser. Learn more at https://reactjs.org/link/wrap-tests-with-act
          at PlacingBrokingPane (C:\Users\samhe\OneDrive\Desktop\Cleaned\fronte
nd\src\submissions\SubmissionTabs\SubmissionTabs.tsx:144:5)
          at div
          at div
          at SubmissionTabs (C:\Users\samhe\OneDrive\Desktop\Cleaned\frontend\s
rc\submissions\SubmissionTabs\SubmissionTabs.tsx:695:5)
          at basenameProp (C:\Users\samhe\OneDrive\Desktop\Cleaned\frontend\nod
e_modules\react-router\lib\components.tsx:421:13)
          at basename (C:\Users\samhe\OneDrive\Desktop\Cleaned\frontend\node_mo
dules\react-router\lib\components.tsx:225:3)

      259 |                         value={brokerIndividualName}
      260 |                         disabled={isEditLocked}
    > 261 |                         onChange={(e) => 
setBrokerIndividualName(e.target.value)}
          |                                          ^
      262 |                         className="w-full border border-gray-300 
rounded px-3 py-2 text-sm disabled:bg-gray-100 disabled:text-gray-500 
disabled:cursor-not-allowed"
      263 |                     />
      264 |                 </div>

      at printWarning 
(node_modules/react-dom/cjs/react-dom.development.js:86:30)
      at error (node_modules/react-dom/cjs/react-dom.development.js:60:7)
      at warnIfUpdatesNotWrappedWithActDEV 
(node_modules/react-dom/cjs/react-dom.development.js:27628:9)
      at scheduleUpdateOnFiber 
(node_modules/react-dom/cjs/react-dom.development.js:25547:5)
      at dispatchSetState 
(node_modules/react-dom/cjs/react-dom.development.js:16708:7)
      at onChange (src/submissions/SubmissionTabs/SubmissionTabs.tsx:261:42)
      at HTMLUnknownElement.callCallback 
(node_modules/react-dom/cjs/react-dom.development.js:4164:14)
      at HTMLUnknownElement.callTheUserObjectsOperation 
(node_modules/jsdom/lib/jsdom/living/generated/EventListener.js:26:30)
      at innerInvokeEventListeners 
(node_modules/jsdom/lib/jsdom/living/events/EventTarget-impl.js:350:25)
      at invokeEventListeners 
(node_modules/jsdom/lib/jsdom/living/events/EventTarget-impl.js:286:3)
      at HTMLUnknownElementImpl._dispatch 
(node_modules/jsdom/lib/jsdom/living/events/EventTarget-impl.js:233:9)
      at HTMLUnknownElementImpl.dispatchEvent 
(node_modules/jsdom/lib/jsdom/living/events/EventTarget-impl.js:104:17)
      at HTMLUnknownElement.dispatchEvent 
(node_modules/jsdom/lib/jsdom/living/generated/EventTarget.js:241:34)
      at Object.invokeGuardedCallbackDev 
(node_modules/react-dom/cjs/react-dom.development.js:4213:16)
      at invokeGuardedCallback 
(node_modules/react-dom/cjs/react-dom.development.js:4277:31)
      at invokeGuardedCallbackAndCatchFirstError 
(node_modules/react-dom/cjs/react-dom.development.js:4291:25)
      at executeDispatch 
(node_modules/react-dom/cjs/react-dom.development.js:9041:3)
      at processDispatchQueueItemsInOrder 
(node_modules/react-dom/cjs/react-dom.development.js:9073:7)
      at processDispatchQueue 
(node_modules/react-dom/cjs/react-dom.development.js:9086:5)
      at dispatchEventsForPlugins 
(node_modules/react-dom/cjs/react-dom.development.js:9097:3)
      at node_modules/react-dom/cjs/react-dom.development.js:9288:12
      at batchedUpdates$1 
(node_modules/react-dom/cjs/react-dom.development.js:26179:12)
      at batchedUpdates 
(node_modules/react-dom/cjs/react-dom.development.js:3991:12)
      at dispatchEventForPluginEventSystem 
(node_modules/react-dom/cjs/react-dom.development.js:9287:3)
      at dispatchEventWithEnableCapturePhaseSelectiveHydrationWithoutDiscreteEv
entReplay (node_modules/react-dom/cjs/react-dom.development.js:6465:5)
      at dispatchEvent 
(node_modules/react-dom/cjs/react-dom.development.js:6457:5)
      at dispatchDiscreteEvent 
(node_modules/react-dom/cjs/react-dom.development.js:6430:5)
      at HTMLDivElement.callTheUserObjectsOperation 
(node_modules/jsdom/lib/jsdom/living/generated/EventListener.js:26:30)
      at innerInvokeEventListeners 
(node_modules/jsdom/lib/jsdom/living/events/EventTarget-impl.js:350:25)
      at invokeEventListeners 
(node_modules/jsdom/lib/jsdom/living/events/EventTarget-impl.js:286:3)
      at HTMLInputElementImpl._dispatch 
(node_modules/jsdom/lib/jsdom/living/events/EventTarget-impl.js:233:9)
      at HTMLInputElementImpl.dispatchEvent 
(node_modules/jsdom/lib/jsdom/living/events/EventTarget-impl.js:104:17)
      at HTMLInputElement.dispatchEvent 
(node_modules/jsdom/lib/jsdom/living/generated/EventTarget.js:241:34)
      at 
node_modules/@testing-library/user-event/dist/cjs/event/dispatchEvent.js:45:43
      at Object.eventWrapper 
(node_modules/@testing-library/dom/dist/config.js:25:23)
      at Object.wrapEvent 
(node_modules/@testing-library/user-event/dist/cjs/event/wrapEvent.js:6:28)
      at Object.dispatchEvent (node_modules/@testing-library/user-event/dist/cj
s/event/dispatchEvent.js:45:22)
      at Object.dispatchUIEvent (node_modules/@testing-library/user-event/dist/
cjs/event/dispatchEvent.js:22:26)
      at commitInput 
(node_modules/@testing-library/user-event/dist/cjs/event/input.js:145:14)
      at editInputElement 
(node_modules/@testing-library/user-event/dist/cjs/event/input.js:115:9)
      at Object.input 
(node_modules/@testing-library/user-event/dist/cjs/event/input.js:37:9)
      at node_modules/@testing-library/user-event/dist/cjs/event/behavior/keypr
ess.js:31:26
      at Object.dispatchEvent (node_modules/@testing-library/user-event/dist/cj
s/event/dispatchEvent.js:41:13)
      at Object.dispatchUIEvent (node_modules/@testing-library/user-event/dist/
cjs/event/dispatchEvent.js:22:26)
      at KeyboardHost.keydown 
(node_modules/@testing-library/user-event/dist/cjs/system/keyboard.js:76:22)
      at keyboardAction 
(node_modules/@testing-library/user-event/dist/cjs/keyboard/index.js:22:35)
      at Object.keyboard 
(node_modules/@testing-library/user-event/dist/cjs/keyboard/index.js:11:15)
      at Object.type 
(node_modules/@testing-library/user-event/dist/cjs/utility/type.js:17:5)
      at Object.<anonymous> 
(src/submissions/SubmissionTabs/__tests__/SubmissionTabs.test.tsx:218:9)

    console.error
      Warning: An update to PlacingBrokingPane inside a test was not wrapped 
in act(...).
      
      When testing, code that causes React state updates should be wrapped 
into act(...):
      
      act(() => {
        /* fire events that update state */
      });
      /* assert on the output */
      
      This ensures that you're testing the behavior the user would see in the 
browser. Learn more at https://reactjs.org/link/wrap-tests-with-act
          at PlacingBrokingPane (C:\Users\samhe\OneDrive\Desktop\Cleaned\fronte
nd\src\submissions\SubmissionTabs\SubmissionTabs.tsx:144:5)
          at div
          at div
          at SubmissionTabs (C:\Users\samhe\OneDrive\Desktop\Cleaned\frontend\s
rc\submissions\SubmissionTabs\SubmissionTabs.tsx:695:5)
          at basenameProp (C:\Users\samhe\OneDrive\Desktop\Cleaned\frontend\nod
e_modules\react-router\lib\components.tsx:421:13)
          at basename (C:\Users\samhe\OneDrive\Desktop\Cleaned\frontend\node_mo
dules\react-router\lib\components.tsx:225:3)

      259 |                         value={brokerIndividualName}
      260 |                         disabled={isEditLocked}
    > 261 |                         onChange={(e) => 
setBrokerIndividualName(e.target.value)}
          |                                          ^
      262 |                         className="w-full border border-gray-300 
rounded px-3 py-2 text-sm disabled:bg-gray-100 disabled:text-gray-500 
disabled:cursor-not-allowed"
      263 |                     />
      264 |                 </div>

      at printWarning 
(node_modules/react-dom/cjs/react-dom.development.js:86:30)
      at error (node_modules/react-dom/cjs/react-dom.development.js:60:7)
      at warnIfUpdatesNotWrappedWithActDEV 
(node_modules/react-dom/cjs/react-dom.development.js:27628:9)
      at scheduleUpdateOnFiber 
(node_modules/react-dom/cjs/react-dom.development.js:25547:5)
      at dispatchSetState 
(node_modules/react-dom/cjs/react-dom.development.js:16708:7)
      at onChange (src/submissions/SubmissionTabs/SubmissionTabs.tsx:261:42)
      at HTMLUnknownElement.callCallback 
(node_modules/react-dom/cjs/react-dom.development.js:4164:14)
      at HTMLUnknownElement.callTheUserObjectsOperation 
(node_modules/jsdom/lib/jsdom/living/generated/EventListener.js:26:30)
      at innerInvokeEventListeners 
(node_modules/jsdom/lib/jsdom/living/events/EventTarget-impl.js:350:25)
      at invokeEventListeners 
(node_modules/jsdom/lib/jsdom/living/events/EventTarget-impl.js:286:3)
      at HTMLUnknownElementImpl._dispatch 
(node_modules/jsdom/lib/jsdom/living/events/EventTarget-impl.js:233:9)
      at HTMLUnknownElementImpl.dispatchEvent 
(node_modules/jsdom/lib/jsdom/living/events/EventTarget-impl.js:104:17)
      at HTMLUnknownElement.dispatchEvent 
(node_modules/jsdom/lib/jsdom/living/generated/EventTarget.js:241:34)
      at Object.invokeGuardedCallbackDev 
(node_modules/react-dom/cjs/react-dom.development.js:4213:16)
      at invokeGuardedCallback 
(node_modules/react-dom/cjs/react-dom.development.js:4277:31)
      at invokeGuardedCallbackAndCatchFirstError 
(node_modules/react-dom/cjs/react-dom.development.js:4291:25)
      at executeDispatch 
(node_modules/react-dom/cjs/react-dom.development.js:9041:3)
      at processDispatchQueueItemsInOrder 
(node_modules/react-dom/cjs/react-dom.development.js:9073:7)
      at processDispatchQueue 
(node_modules/react-dom/cjs/react-dom.development.js:9086:5)
      at dispatchEventsForPlugins 
(node_modules/react-dom/cjs/react-dom.development.js:9097:3)
      at node_modules/react-dom/cjs/react-dom.development.js:9288:12
      at batchedUpdates$1 
(node_modules/react-dom/cjs/react-dom.development.js:26179:12)
      at batchedUpdates 
(node_modules/react-dom/cjs/react-dom.development.js:3991:12)
      at dispatchEventForPluginEventSystem 
(node_modules/react-dom/cjs/react-dom.development.js:9287:3)
      at dispatchEventWithEnableCapturePhaseSelectiveHydrationWithoutDiscreteEv
entReplay (node_modules/react-dom/cjs/react-dom.development.js:6465:5)
      at dispatchEvent 
(node_modules/react-dom/cjs/react-dom.development.js:6457:5)
      at dispatchDiscreteEvent 
(node_modules/react-dom/cjs/react-dom.development.js:6430:5)
      at HTMLDivElement.callTheUserObjectsOperation 
(node_modules/jsdom/lib/jsdom/living/generated/EventListener.js:26:30)
      at innerInvokeEventListeners 
(node_modules/jsdom/lib/jsdom/living/events/EventTarget-impl.js:350:25)
      at invokeEventListeners 
(node_modules/jsdom/lib/jsdom/living/events/EventTarget-impl.js:286:3)
      at HTMLInputElementImpl._dispatch 
(node_modules/jsdom/lib/jsdom/living/events/EventTarget-impl.js:233:9)
      at HTMLInputElementImpl.dispatchEvent 
(node_modules/jsdom/lib/jsdom/living/events/EventTarget-impl.js:104:17)
      at HTMLInputElement.dispatchEvent 
(node_modules/jsdom/lib/jsdom/living/generated/EventTarget.js:241:34)
      at 
node_modules/@testing-library/user-event/dist/cjs/event/dispatchEvent.js:45:43
      at Object.eventWrapper 
(node_modules/@testing-library/dom/dist/config.js:25:23)
      at Object.wrapEvent 
(node_modules/@testing-library/user-event/dist/cjs/event/wrapEvent.js:6:28)
      at Object.dispatchEvent (node_modules/@testing-library/user-event/dist/cj
s/event/dispatchEvent.js:45:22)
      at Object.dispatchUIEvent (node_modules/@testing-library/user-event/dist/
cjs/event/dispatchEvent.js:22:26)
      at commitInput 
(node_modules/@testing-library/user-event/dist/cjs/event/input.js:145:14)
      at editInputElement 
(node_modules/@testing-library/user-event/dist/cjs/event/input.js:115:9)
      at Object.input 
(node_modules/@testing-library/user-event/dist/cjs/event/input.js:37:9)
      at node_modules/@testing-library/user-event/dist/cjs/event/behavior/keypr
ess.js:31:26
      at Object.dispatchEvent (node_modules/@testing-library/user-event/dist/cj
s/event/dispatchEvent.js:41:13)
      at Object.dispatchUIEvent (node_modules/@testing-library/user-event/dist/
cjs/event/dispatchEvent.js:22:26)
      at KeyboardHost.keydown 
(node_modules/@testing-library/user-event/dist/cjs/system/keyboard.js:76:22)
      at keyboardAction 
(node_modules/@testing-library/user-event/dist/cjs/keyboard/index.js:22:35)
      at Object.keyboard 
(node_modules/@testing-library/user-event/dist/cjs/keyboard/index.js:11:15)
      at Object.type 
(node_modules/@testing-library/user-event/dist/cjs/utility/type.js:17:5)
      at Object.<anonymous> 
(src/submissions/SubmissionTabs/__tests__/SubmissionTabs.test.tsx:218:9)

    console.error
      Warning: An update to PlacingBrokingPane inside a test was not wrapped 
in act(...).
      
      When testing, code that causes React state updates should be wrapped 
into act(...):
      
      act(() => {
        /* fire events that update state */
      });
      /* assert on the output */
      
      This ensures that you're testing the behavior the user would see in the 
browser. Learn more at https://reactjs.org/link/wrap-tests-with-act
          at PlacingBrokingPane (C:\Users\samhe\OneDrive\Desktop\Cleaned\fronte
nd\src\submissions\SubmissionTabs\SubmissionTabs.tsx:144:5)
          at div
          at div
          at SubmissionTabs (C:\Users\samhe\OneDrive\Desktop\Cleaned\frontend\s
rc\submissions\SubmissionTabs\SubmissionTabs.tsx:695:5)
          at basenameProp (C:\Users\samhe\OneDrive\Desktop\Cleaned\frontend\nod
e_modules\react-router\lib\components.tsx:421:13)
          at basename (C:\Users\samhe\OneDrive\Desktop\Cleaned\frontend\node_mo
dules\react-router\lib\components.tsx:225:3)

      259 |                         value={brokerIndividualName}
      260 |                         disabled={isEditLocked}
    > 261 |                         onChange={(e) => 
setBrokerIndividualName(e.target.value)}
          |                                          ^
      262 |                         className="w-full border border-gray-300 
rounded px-3 py-2 text-sm disabled:bg-gray-100 disabled:text-gray-500 
disabled:cursor-not-allowed"
      263 |                     />
      264 |                 </div>

      at printWarning 
(node_modules/react-dom/cjs/react-dom.development.js:86:30)
      at error (node_modules/react-dom/cjs/react-dom.development.js:60:7)
      at warnIfUpdatesNotWrappedWithActDEV 
(node_modules/react-dom/cjs/react-dom.development.js:27628:9)
      at scheduleUpdateOnFiber 
(node_modules/react-dom/cjs/react-dom.development.js:25547:5)
      at dispatchSetState 
(node_modules/react-dom/cjs/react-dom.development.js:16708:7)
      at onChange (src/submissions/SubmissionTabs/SubmissionTabs.tsx:261:42)
      at HTMLUnknownElement.callCallback 
(node_modules/react-dom/cjs/react-dom.development.js:4164:14)
      at HTMLUnknownElement.callTheUserObjectsOperation 
(node_modules/jsdom/lib/jsdom/living/generated/EventListener.js:26:30)
      at innerInvokeEventListeners 
(node_modules/jsdom/lib/jsdom/living/events/EventTarget-impl.js:350:25)
      at invokeEventListeners 
(node_modules/jsdom/lib/jsdom/living/events/EventTarget-impl.js:286:3)
      at HTMLUnknownElementImpl._dispatch 
(node_modules/jsdom/lib/jsdom/living/events/EventTarget-impl.js:233:9)
      at HTMLUnknownElementImpl.dispatchEvent 
(node_modules/jsdom/lib/jsdom/living/events/EventTarget-impl.js:104:17)
      at HTMLUnknownElement.dispatchEvent 
(node_modules/jsdom/lib/jsdom/living/generated/EventTarget.js:241:34)
      at Object.invokeGuardedCallbackDev 
(node_modules/react-dom/cjs/react-dom.development.js:4213:16)
      at invokeGuardedCallback 
(node_modules/react-dom/cjs/react-dom.development.js:4277:31)
      at invokeGuardedCallbackAndCatchFirstError 
(node_modules/react-dom/cjs/react-dom.development.js:4291:25)
      at executeDispatch 
(node_modules/react-dom/cjs/react-dom.development.js:9041:3)
      at processDispatchQueueItemsInOrder 
(node_modules/react-dom/cjs/react-dom.development.js:9073:7)
      at processDispatchQueue 
(node_modules/react-dom/cjs/react-dom.development.js:9086:5)
      at dispatchEventsForPlugins 
(node_modules/react-dom/cjs/react-dom.development.js:9097:3)
      at node_modules/react-dom/cjs/react-dom.development.js:9288:12
      at batchedUpdates$1 
(node_modules/react-dom/cjs/react-dom.development.js:26179:12)
      at batchedUpdates 
(node_modules/react-dom/cjs/react-dom.development.js:3991:12)
      at dispatchEventForPluginEventSystem 
(node_modules/react-dom/cjs/react-dom.development.js:9287:3)
      at dispatchEventWithEnableCapturePhaseSelectiveHydrationWithoutDiscreteEv
entReplay (node_modules/react-dom/cjs/react-dom.development.js:6465:5)
      at dispatchEvent 
(node_modules/react-dom/cjs/react-dom.development.js:6457:5)
      at dispatchDiscreteEvent 
(node_modules/react-dom/cjs/react-dom.development.js:6430:5)
      at HTMLDivElement.callTheUserObjectsOperation 
(node_modules/jsdom/lib/jsdom/living/generated/EventListener.js:26:30)
      at innerInvokeEventListeners 
(node_modules/jsdom/lib/jsdom/living/events/EventTarget-impl.js:350:25)
      at invokeEventListeners 
(node_modules/jsdom/lib/jsdom/living/events/EventTarget-impl.js:286:3)
      at HTMLInputElementImpl._dispatch 
(node_modules/jsdom/lib/jsdom/living/events/EventTarget-impl.js:233:9)
      at HTMLInputElementImpl.dispatchEvent 
(node_modules/jsdom/lib/jsdom/living/events/EventTarget-impl.js:104:17)
      at HTMLInputElement.dispatchEvent 
(node_modules/jsdom/lib/jsdom/living/generated/EventTarget.js:241:34)
      at 
node_modules/@testing-library/user-event/dist/cjs/event/dispatchEvent.js:45:43
      at Object.eventWrapper 
(node_modules/@testing-library/dom/dist/config.js:25:23)
      at Object.wrapEvent 
(node_modules/@testing-library/user-event/dist/cjs/event/wrapEvent.js:6:28)
      at Object.dispatchEvent (node_modules/@testing-library/user-event/dist/cj
s/event/dispatchEvent.js:45:22)
      at Object.dispatchUIEvent (node_modules/@testing-library/user-event/dist/
cjs/event/dispatchEvent.js:22:26)
      at commitInput 
(node_modules/@testing-library/user-event/dist/cjs/event/input.js:145:14)
      at editInputElement 
(node_modules/@testing-library/user-event/dist/cjs/event/input.js:115:9)
      at Object.input 
(node_modules/@testing-library/user-event/dist/cjs/event/input.js:37:9)
      at node_modules/@testing-library/user-event/dist/cjs/event/behavior/keypr
ess.js:31:26
      at Object.dispatchEvent (node_modules/@testing-library/user-event/dist/cj
s/event/dispatchEvent.js:41:13)
      at Object.dispatchUIEvent (node_modules/@testing-library/user-event/dist/
cjs/event/dispatchEvent.js:22:26)
      at KeyboardHost.keydown 
(node_modules/@testing-library/user-event/dist/cjs/system/keyboard.js:76:22)
      at keyboardAction 
(node_modules/@testing-library/user-event/dist/cjs/keyboard/index.js:22:35)
      at Object.keyboard 
(node_modules/@testing-library/user-event/dist/cjs/keyboard/index.js:11:15)
      at Object.type 
(node_modules/@testing-library/user-event/dist/cjs/utility/type.js:17:5)
      at Object.<anonymous> 
(src/submissions/SubmissionTabs/__tests__/SubmissionTabs.test.tsx:218:9)

    console.error
      Warning: An update to PlacingBrokingPane inside a test was not wrapped 
in act(...).
      
      When testing, code that causes React state updates should be wrapped 
into act(...):
      
      act(() => {
        /* fire events that update state */
      });
      /* assert on the output */
      
      This ensures that you're testing the behavior the user would see in the 
browser. Learn more at https://reactjs.org/link/wrap-tests-with-act
          at PlacingBrokingPane (C:\Users\samhe\OneDrive\Desktop\Cleaned\fronte
nd\src\submissions\SubmissionTabs\SubmissionTabs.tsx:144:5)
          at div
          at div
          at SubmissionTabs (C:\Users\samhe\OneDrive\Desktop\Cleaned\frontend\s
rc\submissions\SubmissionTabs\SubmissionTabs.tsx:695:5)
          at basenameProp (C:\Users\samhe\OneDrive\Desktop\Cleaned\frontend\nod
e_modules\react-router\lib\components.tsx:421:13)
          at basename (C:\Users\samhe\OneDrive\Desktop\Cleaned\frontend\node_mo
dules\react-router\lib\components.tsx:225:3)

      259 |                         value={brokerIndividualName}
      260 |                         disabled={isEditLocked}
    > 261 |                         onChange={(e) => 
setBrokerIndividualName(e.target.value)}
          |                                          ^
      262 |                         className="w-full border border-gray-300 
rounded px-3 py-2 text-sm disabled:bg-gray-100 disabled:text-gray-500 
disabled:cursor-not-allowed"
      263 |                     />
      264 |                 </div>

      at printWarning 
(node_modules/react-dom/cjs/react-dom.development.js:86:30)
      at error (node_modules/react-dom/cjs/react-dom.development.js:60:7)
      at warnIfUpdatesNotWrappedWithActDEV 
(node_modules/react-dom/cjs/react-dom.development.js:27628:9)
      at scheduleUpdateOnFiber 
(node_modules/react-dom/cjs/react-dom.development.js:25547:5)
      at dispatchSetState 
(node_modules/react-dom/cjs/react-dom.development.js:16708:7)
      at onChange (src/submissions/SubmissionTabs/SubmissionTabs.tsx:261:42)
      at HTMLUnknownElement.callCallback 
(node_modules/react-dom/cjs/react-dom.development.js:4164:14)
      at HTMLUnknownElement.callTheUserObjectsOperation 
(node_modules/jsdom/lib/jsdom/living/generated/EventListener.js:26:30)
      at innerInvokeEventListeners 
(node_modules/jsdom/lib/jsdom/living/events/EventTarget-impl.js:350:25)
      at invokeEventListeners 
(node_modules/jsdom/lib/jsdom/living/events/EventTarget-impl.js:286:3)
      at HTMLUnknownElementImpl._dispatch 
(node_modules/jsdom/lib/jsdom/living/events/EventTarget-impl.js:233:9)
      at HTMLUnknownElementImpl.dispatchEvent 
(node_modules/jsdom/lib/jsdom/living/events/EventTarget-impl.js:104:17)
      at HTMLUnknownElement.dispatchEvent 
(node_modules/jsdom/lib/jsdom/living/generated/EventTarget.js:241:34)
      at Object.invokeGuardedCallbackDev 
(node_modules/react-dom/cjs/react-dom.development.js:4213:16)
      at invokeGuardedCallback 
(node_modules/react-dom/cjs/react-dom.development.js:4277:31)
      at invokeGuardedCallbackAndCatchFirstError 
(node_modules/react-dom/cjs/react-dom.development.js:4291:25)
      at executeDispatch 
(node_modules/react-dom/cjs/react-dom.development.js:9041:3)
      at processDispatchQueueItemsInOrder 
(node_modules/react-dom/cjs/react-dom.development.js:9073:7)
      at processDispatchQueue 
(node_modules/react-dom/cjs/react-dom.development.js:9086:5)
      at dispatchEventsForPlugins 
(node_modules/react-dom/cjs/react-dom.development.js:9097:3)
      at node_modules/react-dom/cjs/react-dom.development.js:9288:12
      at batchedUpdates$1 
(node_modules/react-dom/cjs/react-dom.development.js:26179:12)
      at batchedUpdates 
(node_modules/react-dom/cjs/react-dom.development.js:3991:12)
      at dispatchEventForPluginEventSystem 
(node_modules/react-dom/cjs/react-dom.development.js:9287:3)
      at dispatchEventWithEnableCapturePhaseSelectiveHydrationWithoutDiscreteEv
entReplay (node_modules/react-dom/cjs/react-dom.development.js:6465:5)
      at dispatchEvent 
(node_modules/react-dom/cjs/react-dom.development.js:6457:5)
      at dispatchDiscreteEvent 
(node_modules/react-dom/cjs/react-dom.development.js:6430:5)
      at HTMLDivElement.callTheUserObjectsOperation 
(node_modules/jsdom/lib/jsdom/living/generated/EventListener.js:26:30)
      at innerInvokeEventListeners 
(node_modules/jsdom/lib/jsdom/living/events/EventTarget-impl.js:350:25)
      at invokeEventListeners 
(node_modules/jsdom/lib/jsdom/living/events/EventTarget-impl.js:286:3)
      at HTMLInputElementImpl._dispatch 
(node_modules/jsdom/lib/jsdom/living/events/EventTarget-impl.js:233:9)
      at HTMLInputElementImpl.dispatchEvent 
(node_modules/jsdom/lib/jsdom/living/events/EventTarget-impl.js:104:17)
      at HTMLInputElement.dispatchEvent 
(node_modules/jsdom/lib/jsdom/living/generated/EventTarget.js:241:34)
      at 
node_modules/@testing-library/user-event/dist/cjs/event/dispatchEvent.js:45:43
      at Object.eventWrapper 
(node_modules/@testing-library/dom/dist/config.js:25:23)
      at Object.wrapEvent 
(node_modules/@testing-library/user-event/dist/cjs/event/wrapEvent.js:6:28)
      at Object.dispatchEvent (node_modules/@testing-library/user-event/dist/cj
s/event/dispatchEvent.js:45:22)
      at Object.dispatchUIEvent (node_modules/@testing-library/user-event/dist/
cjs/event/dispatchEvent.js:22:26)
      at commitInput 
(node_modules/@testing-library/user-event/dist/cjs/event/input.js:145:14)
      at editInputElement 
(node_modules/@testing-library/user-event/dist/cjs/event/input.js:115:9)
      at Object.input 
(node_modules/@testing-library/user-event/dist/cjs/event/input.js:37:9)
      at node_modules/@testing-library/user-event/dist/cjs/event/behavior/keypr
ess.js:31:26
      at Object.dispatchEvent (node_modules/@testing-library/user-event/dist/cj
s/event/dispatchEvent.js:41:13)
      at Object.dispatchUIEvent (node_modules/@testing-library/user-event/dist/
cjs/event/dispatchEvent.js:22:26)
      at KeyboardHost.keydown 
(node_modules/@testing-library/user-event/dist/cjs/system/keyboard.js:76:22)
      at keyboardAction 
(node_modules/@testing-library/user-event/dist/cjs/keyboard/index.js:22:35)
      at Object.keyboard 
(node_modules/@testing-library/user-event/dist/cjs/keyboard/index.js:11:15)
      at Object.type 
(node_modules/@testing-library/user-event/dist/cjs/utility/type.js:17:5)
      at Object.<anonymous> 
(src/submissions/SubmissionTabs/__tests__/SubmissionTabs.test.tsx:218:9)

    console.error
      Warning: An update to PlacingBrokingPane inside a test was not wrapped 
in act(...).
      
      When testing, code that causes React state updates should be wrapped 
into act(...):
      
      act(() => {
        /* fire events that update state */
      });
      /* assert on the output */
      
      This ensures that you're testing the behavior the user would see in the 
browser. Learn more at https://reactjs.org/link/wrap-tests-with-act
          at PlacingBrokingPane (C:\Users\samhe\OneDrive\Desktop\Cleaned\fronte
nd\src\submissions\SubmissionTabs\SubmissionTabs.tsx:144:5)
          at div
          at div
          at SubmissionTabs (C:\Users\samhe\OneDrive\Desktop\Cleaned\frontend\s
rc\submissions\SubmissionTabs\SubmissionTabs.tsx:695:5)
          at basenameProp (C:\Users\samhe\OneDrive\Desktop\Cleaned\frontend\nod
e_modules\react-router\lib\components.tsx:421:13)
          at basename (C:\Users\samhe\OneDrive\Desktop\Cleaned\frontend\node_mo
dules\react-router\lib\components.tsx:225:3)

      259 |                         value={brokerIndividualName}
      260 |                         disabled={isEditLocked}
    > 261 |                         onChange={(e) => 
setBrokerIndividualName(e.target.value)}
          |                                          ^
      262 |                         className="w-full border border-gray-300 
rounded px-3 py-2 text-sm disabled:bg-gray-100 disabled:text-gray-500 
disabled:cursor-not-allowed"
      263 |                     />
      264 |                 </div>

      at printWarning 
(node_modules/react-dom/cjs/react-dom.development.js:86:30)
      at error (node_modules/react-dom/cjs/react-dom.development.js:60:7)
      at warnIfUpdatesNotWrappedWithActDEV 
(node_modules/react-dom/cjs/react-dom.development.js:27628:9)
      at scheduleUpdateOnFiber 
(node_modules/react-dom/cjs/react-dom.development.js:25547:5)
      at dispatchSetState 
(node_modules/react-dom/cjs/react-dom.development.js:16708:7)
      at onChange (src/submissions/SubmissionTabs/SubmissionTabs.tsx:261:42)
      at HTMLUnknownElement.callCallback 
(node_modules/react-dom/cjs/react-dom.development.js:4164:14)
      at HTMLUnknownElement.callTheUserObjectsOperation 
(node_modules/jsdom/lib/jsdom/living/generated/EventListener.js:26:30)
      at innerInvokeEventListeners 
(node_modules/jsdom/lib/jsdom/living/events/EventTarget-impl.js:350:25)
      at invokeEventListeners 
(node_modules/jsdom/lib/jsdom/living/events/EventTarget-impl.js:286:3)
      at HTMLUnknownElementImpl._dispatch 
(node_modules/jsdom/lib/jsdom/living/events/EventTarget-impl.js:233:9)
      at HTMLUnknownElementImpl.dispatchEvent 
(node_modules/jsdom/lib/jsdom/living/events/EventTarget-impl.js:104:17)
      at HTMLUnknownElement.dispatchEvent 
(node_modules/jsdom/lib/jsdom/living/generated/EventTarget.js:241:34)
      at Object.invokeGuardedCallbackDev 
(node_modules/react-dom/cjs/react-dom.development.js:4213:16)
      at invokeGuardedCallback 
(node_modules/react-dom/cjs/react-dom.development.js:4277:31)
      at invokeGuardedCallbackAndCatchFirstError 
(node_modules/react-dom/cjs/react-dom.development.js:4291:25)
      at executeDispatch 
(node_modules/react-dom/cjs/react-dom.development.js:9041:3)
      at processDispatchQueueItemsInOrder 
(node_modules/react-dom/cjs/react-dom.development.js:9073:7)
      at processDispatchQueue 
(node_modules/react-dom/cjs/react-dom.development.js:9086:5)
      at dispatchEventsForPlugins 
(node_modules/react-dom/cjs/react-dom.development.js:9097:3)
      at node_modules/react-dom/cjs/react-dom.development.js:9288:12
      at batchedUpdates$1 
(node_modules/react-dom/cjs/react-dom.development.js:26179:12)
      at batchedUpdates 
(node_modules/react-dom/cjs/react-dom.development.js:3991:12)
      at dispatchEventForPluginEventSystem 
(node_modules/react-dom/cjs/react-dom.development.js:9287:3)
      at dispatchEventWithEnableCapturePhaseSelectiveHydrationWithoutDiscreteEv
entReplay (node_modules/react-dom/cjs/react-dom.development.js:6465:5)
      at dispatchEvent 
(node_modules/react-dom/cjs/react-dom.development.js:6457:5)
      at dispatchDiscreteEvent 
(node_modules/react-dom/cjs/react-dom.development.js:6430:5)
      at HTMLDivElement.callTheUserObjectsOperation 
(node_modules/jsdom/lib/jsdom/living/generated/EventListener.js:26:30)
      at innerInvokeEventListeners 
(node_modules/jsdom/lib/jsdom/living/events/EventTarget-impl.js:350:25)
      at invokeEventListeners 
(node_modules/jsdom/lib/jsdom/living/events/EventTarget-impl.js:286:3)
      at HTMLInputElementImpl._dispatch 
(node_modules/jsdom/lib/jsdom/living/events/EventTarget-impl.js:233:9)
      at HTMLInputElementImpl.dispatchEvent 
(node_modules/jsdom/lib/jsdom/living/events/EventTarget-impl.js:104:17)
      at HTMLInputElement.dispatchEvent 
(node_modules/jsdom/lib/jsdom/living/generated/EventTarget.js:241:34)
      at 
node_modules/@testing-library/user-event/dist/cjs/event/dispatchEvent.js:45:43
      at Object.eventWrapper 
(node_modules/@testing-library/dom/dist/config.js:25:23)
      at Object.wrapEvent 
(node_modules/@testing-library/user-event/dist/cjs/event/wrapEvent.js:6:28)
      at Object.dispatchEvent (node_modules/@testing-library/user-event/dist/cj
s/event/dispatchEvent.js:45:22)
      at Object.dispatchUIEvent (node_modules/@testing-library/user-event/dist/
cjs/event/dispatchEvent.js:22:26)
      at commitInput 
(node_modules/@testing-library/user-event/dist/cjs/event/input.js:145:14)
      at editInputElement 
(node_modules/@testing-library/user-event/dist/cjs/event/input.js:115:9)
      at Object.input 
(node_modules/@testing-library/user-event/dist/cjs/event/input.js:37:9)
      at node_modules/@testing-library/user-event/dist/cjs/event/behavior/keypr
ess.js:31:26
      at Object.dispatchEvent (node_modules/@testing-library/user-event/dist/cj
s/event/dispatchEvent.js:41:13)
      at Object.dispatchUIEvent (node_modules/@testing-library/user-event/dist/
cjs/event/dispatchEvent.js:22:26)
      at KeyboardHost.keydown 
(node_modules/@testing-library/user-event/dist/cjs/system/keyboard.js:76:22)
      at keyboardAction 
(node_modules/@testing-library/user-event/dist/cjs/keyboard/index.js:22:35)
      at Object.keyboard 
(node_modules/@testing-library/user-event/dist/cjs/keyboard/index.js:11:15)
      at Object.type 
(node_modules/@testing-library/user-event/dist/cjs/utility/type.js:17:5)
      at Object.<anonymous> 
(src/submissions/SubmissionTabs/__tests__/SubmissionTabs.test.tsx:218:9)

    console.error
      Warning: An update to PlacingBrokingPane inside a test was not wrapped 
in act(...).
      
      When testing, code that causes React state updates should be wrapped 
into act(...):
      
      act(() => {
        /* fire events that update state */
      });
      /* assert on the output */
      
      This ensures that you're testing the behavior the user would see in the 
browser. Learn more at https://reactjs.org/link/wrap-tests-with-act
          at PlacingBrokingPane (C:\Users\samhe\OneDrive\Desktop\Cleaned\fronte
nd\src\submissions\SubmissionTabs\SubmissionTabs.tsx:144:5)
          at div
          at div
          at SubmissionTabs (C:\Users\samhe\OneDrive\Desktop\Cleaned\frontend\s
rc\submissions\SubmissionTabs\SubmissionTabs.tsx:695:5)
          at basenameProp (C:\Users\samhe\OneDrive\Desktop\Cleaned\frontend\nod
e_modules\react-router\lib\components.tsx:421:13)
          at basename (C:\Users\samhe\OneDrive\Desktop\Cleaned\frontend\node_mo
dules\react-router\lib\components.tsx:225:3)

      259 |                         value={brokerIndividualName}
      260 |                         disabled={isEditLocked}
    > 261 |                         onChange={(e) => 
setBrokerIndividualName(e.target.value)}
          |                                          ^
      262 |                         className="w-full border border-gray-300 
rounded px-3 py-2 text-sm disabled:bg-gray-100 disabled:text-gray-500 
disabled:cursor-not-allowed"
      263 |                     />
      264 |                 </div>

      at printWarning 
(node_modules/react-dom/cjs/react-dom.development.js:86:30)
      at error (node_modules/react-dom/cjs/react-dom.development.js:60:7)
      at warnIfUpdatesNotWrappedWithActDEV 
(node_modules/react-dom/cjs/react-dom.development.js:27628:9)
      at scheduleUpdateOnFiber 
(node_modules/react-dom/cjs/react-dom.development.js:25547:5)
      at dispatchSetState 
(node_modules/react-dom/cjs/react-dom.development.js:16708:7)
      at onChange (src/submissions/SubmissionTabs/SubmissionTabs.tsx:261:42)
      at HTMLUnknownElement.callCallback 
(node_modules/react-dom/cjs/react-dom.development.js:4164:14)
      at HTMLUnknownElement.callTheUserObjectsOperation 
(node_modules/jsdom/lib/jsdom/living/generated/EventListener.js:26:30)
      at innerInvokeEventListeners 
(node_modules/jsdom/lib/jsdom/living/events/EventTarget-impl.js:350:25)
      at invokeEventListeners 
(node_modules/jsdom/lib/jsdom/living/events/EventTarget-impl.js:286:3)
      at HTMLUnknownElementImpl._dispatch 
(node_modules/jsdom/lib/jsdom/living/events/EventTarget-impl.js:233:9)
      at HTMLUnknownElementImpl.dispatchEvent 
(node_modules/jsdom/lib/jsdom/living/events/EventTarget-impl.js:104:17)
      at HTMLUnknownElement.dispatchEvent 
(node_modules/jsdom/lib/jsdom/living/generated/EventTarget.js:241:34)
      at Object.invokeGuardedCallbackDev 
(node_modules/react-dom/cjs/react-dom.development.js:4213:16)
      at invokeGuardedCallback 
(node_modules/react-dom/cjs/react-dom.development.js:4277:31)
      at invokeGuardedCallbackAndCatchFirstError 
(node_modules/react-dom/cjs/react-dom.development.js:4291:25)
      at executeDispatch 
(node_modules/react-dom/cjs/react-dom.development.js:9041:3)
      at processDispatchQueueItemsInOrder 
(node_modules/react-dom/cjs/react-dom.development.js:9073:7)
      at processDispatchQueue 
(node_modules/react-dom/cjs/react-dom.development.js:9086:5)
      at dispatchEventsForPlugins 
(node_modules/react-dom/cjs/react-dom.development.js:9097:3)
      at node_modules/react-dom/cjs/react-dom.development.js:9288:12
      at batchedUpdates$1 
(node_modules/react-dom/cjs/react-dom.development.js:26179:12)
      at batchedUpdates 
(node_modules/react-dom/cjs/react-dom.development.js:3991:12)
      at dispatchEventForPluginEventSystem 
(node_modules/react-dom/cjs/react-dom.development.js:9287:3)
      at dispatchEventWithEnableCapturePhaseSelectiveHydrationWithoutDiscreteEv
entReplay (node_modules/react-dom/cjs/react-dom.development.js:6465:5)
      at dispatchEvent 
(node_modules/react-dom/cjs/react-dom.development.js:6457:5)
      at dispatchDiscreteEvent 
(node_modules/react-dom/cjs/react-dom.development.js:6430:5)
      at HTMLDivElement.callTheUserObjectsOperation 
(node_modules/jsdom/lib/jsdom/living/generated/EventListener.js:26:30)
      at innerInvokeEventListeners 
(node_modules/jsdom/lib/jsdom/living/events/EventTarget-impl.js:350:25)
      at invokeEventListeners 
(node_modules/jsdom/lib/jsdom/living/events/EventTarget-impl.js:286:3)
      at HTMLInputElementImpl._dispatch 
(node_modules/jsdom/lib/jsdom/living/events/EventTarget-impl.js:233:9)
      at HTMLInputElementImpl.dispatchEvent 
(node_modules/jsdom/lib/jsdom/living/events/EventTarget-impl.js:104:17)
      at HTMLInputElement.dispatchEvent 
(node_modules/jsdom/lib/jsdom/living/generated/EventTarget.js:241:34)
      at 
node_modules/@testing-library/user-event/dist/cjs/event/dispatchEvent.js:45:43
      at Object.eventWrapper 
(node_modules/@testing-library/dom/dist/config.js:25:23)
      at Object.wrapEvent 
(node_modules/@testing-library/user-event/dist/cjs/event/wrapEvent.js:6:28)
      at Object.dispatchEvent (node_modules/@testing-library/user-event/dist/cj
s/event/dispatchEvent.js:45:22)
      at Object.dispatchUIEvent (node_modules/@testing-library/user-event/dist/
cjs/event/dispatchEvent.js:22:26)
      at commitInput 
(node_modules/@testing-library/user-event/dist/cjs/event/input.js:145:14)
      at editInputElement 
(node_modules/@testing-library/user-event/dist/cjs/event/input.js:115:9)
      at Object.input 
(node_modules/@testing-library/user-event/dist/cjs/event/input.js:37:9)
      at node_modules/@testing-library/user-event/dist/cjs/event/behavior/keypr
ess.js:31:26
      at Object.dispatchEvent (node_modules/@testing-library/user-event/dist/cj
s/event/dispatchEvent.js:41:13)
      at Object.dispatchUIEvent (node_modules/@testing-library/user-event/dist/
cjs/event/dispatchEvent.js:22:26)
      at KeyboardHost.keydown 
(node_modules/@testing-library/user-event/dist/cjs/system/keyboard.js:76:22)
      at keyboardAction 
(node_modules/@testing-library/user-event/dist/cjs/keyboard/index.js:22:35)
      at Object.keyboard 
(node_modules/@testing-library/user-event/dist/cjs/keyboard/index.js:11:15)
      at Object.type 
(node_modules/@testing-library/user-event/dist/cjs/utility/type.js:17:5)
      at Object.<anonymous> 
(src/submissions/SubmissionTabs/__tests__/SubmissionTabs.test.tsx:218:9)

    console.error
      Warning: An update to PlacingBrokingPane inside a test was not wrapped 
in act(...).
      
      When testing, code that causes React state updates should be wrapped 
into act(...):
      
      act(() => {
        /* fire events that update state */
      });
      /* assert on the output */
      
      This ensures that you're testing the behavior the user would see in the 
browser. Learn more at https://reactjs.org/link/wrap-tests-with-act
          at PlacingBrokingPane (C:\Users\samhe\OneDrive\Desktop\Cleaned\fronte
nd\src\submissions\SubmissionTabs\SubmissionTabs.tsx:144:5)
          at div
          at div
          at SubmissionTabs (C:\Users\samhe\OneDrive\Desktop\Cleaned\frontend\s
rc\submissions\SubmissionTabs\SubmissionTabs.tsx:695:5)
          at basenameProp (C:\Users\samhe\OneDrive\Desktop\Cleaned\frontend\nod
e_modules\react-router\lib\components.tsx:421:13)
          at basename (C:\Users\samhe\OneDrive\Desktop\Cleaned\frontend\node_mo
dules\react-router\lib\components.tsx:225:3)

      259 |                         value={brokerIndividualName}
      260 |                         disabled={isEditLocked}
    > 261 |                         onChange={(e) => 
setBrokerIndividualName(e.target.value)}
          |                                          ^
      262 |                         className="w-full border border-gray-300 
rounded px-3 py-2 text-sm disabled:bg-gray-100 disabled:text-gray-500 
disabled:cursor-not-allowed"
      263 |                     />
      264 |                 </div>

      at printWarning 
(node_modules/react-dom/cjs/react-dom.development.js:86:30)
      at error (node_modules/react-dom/cjs/react-dom.development.js:60:7)
      at warnIfUpdatesNotWrappedWithActDEV 
(node_modules/react-dom/cjs/react-dom.development.js:27628:9)
      at scheduleUpdateOnFiber 
(node_modules/react-dom/cjs/react-dom.development.js:25547:5)
      at dispatchSetState 
(node_modules/react-dom/cjs/react-dom.development.js:16708:7)
      at onChange (src/submissions/SubmissionTabs/SubmissionTabs.tsx:261:42)
      at HTMLUnknownElement.callCallback 
(node_modules/react-dom/cjs/react-dom.development.js:4164:14)
      at HTMLUnknownElement.callTheUserObjectsOperation 
(node_modules/jsdom/lib/jsdom/living/generated/EventListener.js:26:30)
      at innerInvokeEventListeners 
(node_modules/jsdom/lib/jsdom/living/events/EventTarget-impl.js:350:25)
      at invokeEventListeners 
(node_modules/jsdom/lib/jsdom/living/events/EventTarget-impl.js:286:3)
      at HTMLUnknownElementImpl._dispatch 
(node_modules/jsdom/lib/jsdom/living/events/EventTarget-impl.js:233:9)
      at HTMLUnknownElementImpl.dispatchEvent 
(node_modules/jsdom/lib/jsdom/living/events/EventTarget-impl.js:104:17)
      at HTMLUnknownElement.dispatchEvent 
(node_modules/jsdom/lib/jsdom/living/generated/EventTarget.js:241:34)
      at Object.invokeGuardedCallbackDev 
(node_modules/react-dom/cjs/react-dom.development.js:4213:16)
      at invokeGuardedCallback 
(node_modules/react-dom/cjs/react-dom.development.js:4277:31)
      at invokeGuardedCallbackAndCatchFirstError 
(node_modules/react-dom/cjs/react-dom.development.js:4291:25)
      at executeDispatch 
(node_modules/react-dom/cjs/react-dom.development.js:9041:3)
      at processDispatchQueueItemsInOrder 
(node_modules/react-dom/cjs/react-dom.development.js:9073:7)
      at processDispatchQueue 
(node_modules/react-dom/cjs/react-dom.development.js:9086:5)
      at dispatchEventsForPlugins 
(node_modules/react-dom/cjs/react-dom.development.js:9097:3)
      at node_modules/react-dom/cjs/react-dom.development.js:9288:12
      at batchedUpdates$1 
(node_modules/react-dom/cjs/react-dom.development.js:26179:12)
      at batchedUpdates 
(node_modules/react-dom/cjs/react-dom.development.js:3991:12)
      at dispatchEventForPluginEventSystem 
(node_modules/react-dom/cjs/react-dom.development.js:9287:3)
      at dispatchEventWithEnableCapturePhaseSelectiveHydrationWithoutDiscreteEv
entReplay (node_modules/react-dom/cjs/react-dom.development.js:6465:5)
      at dispatchEvent 
(node_modules/react-dom/cjs/react-dom.development.js:6457:5)
      at dispatchDiscreteEvent 
(node_modules/react-dom/cjs/react-dom.development.js:6430:5)
      at HTMLDivElement.callTheUserObjectsOperation 
(node_modules/jsdom/lib/jsdom/living/generated/EventListener.js:26:30)
      at innerInvokeEventListeners 
(node_modules/jsdom/lib/jsdom/living/events/EventTarget-impl.js:350:25)
      at invokeEventListeners 
(node_modules/jsdom/lib/jsdom/living/events/EventTarget-impl.js:286:3)
      at HTMLInputElementImpl._dispatch 
(node_modules/jsdom/lib/jsdom/living/events/EventTarget-impl.js:233:9)
      at HTMLInputElementImpl.dispatchEvent 
(node_modules/jsdom/lib/jsdom/living/events/EventTarget-impl.js:104:17)
      at HTMLInputElement.dispatchEvent 
(node_modules/jsdom/lib/jsdom/living/generated/EventTarget.js:241:34)
      at 
node_modules/@testing-library/user-event/dist/cjs/event/dispatchEvent.js:45:43
      at Object.eventWrapper 
(node_modules/@testing-library/dom/dist/config.js:25:23)
      at Object.wrapEvent 
(node_modules/@testing-library/user-event/dist/cjs/event/wrapEvent.js:6:28)
      at Object.dispatchEvent (node_modules/@testing-library/user-event/dist/cj
s/event/dispatchEvent.js:45:22)
      at Object.dispatchUIEvent (node_modules/@testing-library/user-event/dist/
cjs/event/dispatchEvent.js:22:26)
      at commitInput 
(node_modules/@testing-library/user-event/dist/cjs/event/input.js:145:14)
      at editInputElement 
(node_modules/@testing-library/user-event/dist/cjs/event/input.js:115:9)
      at Object.input 
(node_modules/@testing-library/user-event/dist/cjs/event/input.js:37:9)
      at node_modules/@testing-library/user-event/dist/cjs/event/behavior/keypr
ess.js:31:26
      at Object.dispatchEvent (node_modules/@testing-library/user-event/dist/cj
s/event/dispatchEvent.js:41:13)
      at Object.dispatchUIEvent (node_modules/@testing-library/user-event/dist/
cjs/event/dispatchEvent.js:22:26)
      at KeyboardHost.keydown 
(node_modules/@testing-library/user-event/dist/cjs/system/keyboard.js:76:22)
      at keyboardAction 
(node_modules/@testing-library/user-event/dist/cjs/keyboard/index.js:22:35)
      at Object.keyboard 
(node_modules/@testing-library/user-event/dist/cjs/keyboard/index.js:11:15)
      at Object.type 
(node_modules/@testing-library/user-event/dist/cjs/utility/type.js:17:5)
      at Object.<anonymous> 
(src/submissions/SubmissionTabs/__tests__/SubmissionTabs.test.tsx:218:9)

    console.error
      Warning: An update to PlacingBrokingPane inside a test was not wrapped 
in act(...).
      
      When testing, code that causes React state updates should be wrapped 
into act(...):
      
      act(() => {
        /* fire events that update state */
      });
      /* assert on the output */
      
      This ensures that you're testing the behavior the user would see in the 
browser. Learn more at https://reactjs.org/link/wrap-tests-with-act
          at PlacingBrokingPane (C:\Users\samhe\OneDrive\Desktop\Cleaned\fronte
nd\src\submissions\SubmissionTabs\SubmissionTabs.tsx:144:5)
          at div
          at div
          at SubmissionTabs (C:\Users\samhe\OneDrive\Desktop\Cleaned\frontend\s
rc\submissions\SubmissionTabs\SubmissionTabs.tsx:695:5)
          at basenameProp (C:\Users\samhe\OneDrive\Desktop\Cleaned\frontend\nod
e_modules\react-router\lib\components.tsx:421:13)
          at basename (C:\Users\samhe\OneDrive\Desktop\Cleaned\frontend\node_mo
dules\react-router\lib\components.tsx:225:3)

      259 |                         value={brokerIndividualName}
      260 |                         disabled={isEditLocked}
    > 261 |                         onChange={(e) => 
setBrokerIndividualName(e.target.value)}
          |                                          ^
      262 |                         className="w-full border border-gray-300 
rounded px-3 py-2 text-sm disabled:bg-gray-100 disabled:text-gray-500 
disabled:cursor-not-allowed"
      263 |                     />
      264 |                 </div>

      at printWarning 
(node_modules/react-dom/cjs/react-dom.development.js:86:30)
      at error (node_modules/react-dom/cjs/react-dom.development.js:60:7)
      at warnIfUpdatesNotWrappedWithActDEV 
(node_modules/react-dom/cjs/react-dom.development.js:27628:9)
      at scheduleUpdateOnFiber 
(node_modules/react-dom/cjs/react-dom.development.js:25547:5)
      at dispatchSetState 
(node_modules/react-dom/cjs/react-dom.development.js:16708:7)
      at onChange (src/submissions/SubmissionTabs/SubmissionTabs.tsx:261:42)
      at HTMLUnknownElement.callCallback 
(node_modules/react-dom/cjs/react-dom.development.js:4164:14)
      at HTMLUnknownElement.callTheUserObjectsOperation 
(node_modules/jsdom/lib/jsdom/living/generated/EventListener.js:26:30)
      at innerInvokeEventListeners 
(node_modules/jsdom/lib/jsdom/living/events/EventTarget-impl.js:350:25)
      at invokeEventListeners 
(node_modules/jsdom/lib/jsdom/living/events/EventTarget-impl.js:286:3)
      at HTMLUnknownElementImpl._dispatch 
(node_modules/jsdom/lib/jsdom/living/events/EventTarget-impl.js:233:9)
      at HTMLUnknownElementImpl.dispatchEvent 
(node_modules/jsdom/lib/jsdom/living/events/EventTarget-impl.js:104:17)
      at HTMLUnknownElement.dispatchEvent 
(node_modules/jsdom/lib/jsdom/living/generated/EventTarget.js:241:34)
      at Object.invokeGuardedCallbackDev 
(node_modules/react-dom/cjs/react-dom.development.js:4213:16)
      at invokeGuardedCallback 
(node_modules/react-dom/cjs/react-dom.development.js:4277:31)
      at invokeGuardedCallbackAndCatchFirstError 
(node_modules/react-dom/cjs/react-dom.development.js:4291:25)
      at executeDispatch 
(node_modules/react-dom/cjs/react-dom.development.js:9041:3)
      at processDispatchQueueItemsInOrder 
(node_modules/react-dom/cjs/react-dom.development.js:9073:7)
      at processDispatchQueue 
(node_modules/react-dom/cjs/react-dom.development.js:9086:5)
      at dispatchEventsForPlugins 
(node_modules/react-dom/cjs/react-dom.development.js:9097:3)
      at node_modules/react-dom/cjs/react-dom.development.js:9288:12
      at batchedUpdates$1 
(node_modules/react-dom/cjs/react-dom.development.js:26179:12)
      at batchedUpdates 
(node_modules/react-dom/cjs/react-dom.development.js:3991:12)
      at dispatchEventForPluginEventSystem 
(node_modules/react-dom/cjs/react-dom.development.js:9287:3)
      at dispatchEventWithEnableCapturePhaseSelectiveHydrationWithoutDiscreteEv
entReplay (node_modules/react-dom/cjs/react-dom.development.js:6465:5)
      at dispatchEvent 
(node_modules/react-dom/cjs/react-dom.development.js:6457:5)
      at dispatchDiscreteEvent 
(node_modules/react-dom/cjs/react-dom.development.js:6430:5)
      at HTMLDivElement.callTheUserObjectsOperation 
(node_modules/jsdom/lib/jsdom/living/generated/EventListener.js:26:30)
      at innerInvokeEventListeners 
(node_modules/jsdom/lib/jsdom/living/events/EventTarget-impl.js:350:25)
      at invokeEventListeners 
(node_modules/jsdom/lib/jsdom/living/events/EventTarget-impl.js:286:3)
      at HTMLInputElementImpl._dispatch 
(node_modules/jsdom/lib/jsdom/living/events/EventTarget-impl.js:233:9)
      at HTMLInputElementImpl.dispatchEvent 
(node_modules/jsdom/lib/jsdom/living/events/EventTarget-impl.js:104:17)
      at HTMLInputElement.dispatchEvent 
(node_modules/jsdom/lib/jsdom/living/generated/EventTarget.js:241:34)
      at 
node_modules/@testing-library/user-event/dist/cjs/event/dispatchEvent.js:45:43
      at Object.eventWrapper 
(node_modules/@testing-library/dom/dist/config.js:25:23)
      at Object.wrapEvent 
(node_modules/@testing-library/user-event/dist/cjs/event/wrapEvent.js:6:28)
      at Object.dispatchEvent (node_modules/@testing-library/user-event/dist/cj
s/event/dispatchEvent.js:45:22)
      at Object.dispatchUIEvent (node_modules/@testing-library/user-event/dist/
cjs/event/dispatchEvent.js:22:26)
      at commitInput 
(node_modules/@testing-library/user-event/dist/cjs/event/input.js:145:14)
      at editInputElement 
(node_modules/@testing-library/user-event/dist/cjs/event/input.js:115:9)
      at Object.input 
(node_modules/@testing-library/user-event/dist/cjs/event/input.js:37:9)
      at node_modules/@testing-library/user-event/dist/cjs/event/behavior/keypr
ess.js:31:26
      at Object.dispatchEvent (node_modules/@testing-library/user-event/dist/cj
s/event/dispatchEvent.js:41:13)
      at Object.dispatchUIEvent (node_modules/@testing-library/user-event/dist/
cjs/event/dispatchEvent.js:22:26)
      at KeyboardHost.keydown 
(node_modules/@testing-library/user-event/dist/cjs/system/keyboard.js:76:22)
      at keyboardAction 
(node_modules/@testing-library/user-event/dist/cjs/keyboard/index.js:22:35)
      at Object.keyboard 
(node_modules/@testing-library/user-event/dist/cjs/keyboard/index.js:11:15)
      at Object.type 
(node_modules/@testing-library/user-event/dist/cjs/utility/type.js:17:5)
      at Object.<anonymous> 
(src/submissions/SubmissionTabs/__tests__/SubmissionTabs.test.tsx:218:9)

    console.error
      Warning: An update to PlacingBrokingPane inside a test was not wrapped 
in act(...).
      
      When testing, code that causes React state updates should be wrapped 
into act(...):
      
      act(() => {
        /* fire events that update state */
      });
      /* assert on the output */
      
      This ensures that you're testing the behavior the user would see in the 
browser. Learn more at https://reactjs.org/link/wrap-tests-with-act
          at PlacingBrokingPane (C:\Users\samhe\OneDrive\Desktop\Cleaned\fronte
nd\src\submissions\SubmissionTabs\SubmissionTabs.tsx:144:5)
          at div
          at div
          at SubmissionTabs (C:\Users\samhe\OneDrive\Desktop\Cleaned\frontend\s
rc\submissions\SubmissionTabs\SubmissionTabs.tsx:695:5)
          at basenameProp (C:\Users\samhe\OneDrive\Desktop\Cleaned\frontend\nod
e_modules\react-router\lib\components.tsx:421:13)
          at basename (C:\Users\samhe\OneDrive\Desktop\Cleaned\frontend\node_mo
dules\react-router\lib\components.tsx:225:3)

      259 |                         value={brokerIndividualName}
      260 |                         disabled={isEditLocked}
    > 261 |                         onChange={(e) => 
setBrokerIndividualName(e.target.value)}
          |                                          ^
      262 |                         className="w-full border border-gray-300 
rounded px-3 py-2 text-sm disabled:bg-gray-100 disabled:text-gray-500 
disabled:cursor-not-allowed"
      263 |                     />
      264 |                 </div>

      at printWarning 
(node_modules/react-dom/cjs/react-dom.development.js:86:30)
      at error (node_modules/react-dom/cjs/react-dom.development.js:60:7)
      at warnIfUpdatesNotWrappedWithActDEV 
(node_modules/react-dom/cjs/react-dom.development.js:27628:9)
      at scheduleUpdateOnFiber 
(node_modules/react-dom/cjs/react-dom.development.js:25547:5)
      at dispatchSetState 
(node_modules/react-dom/cjs/react-dom.development.js:16708:7)
      at onChange (src/submissions/SubmissionTabs/SubmissionTabs.tsx:261:42)
      at HTMLUnknownElement.callCallback 
(node_modules/react-dom/cjs/react-dom.development.js:4164:14)
      at HTMLUnknownElement.callTheUserObjectsOperation 
(node_modules/jsdom/lib/jsdom/living/generated/EventListener.js:26:30)
      at innerInvokeEventListeners 
(node_modules/jsdom/lib/jsdom/living/events/EventTarget-impl.js:350:25)
      at invokeEventListeners 
(node_modules/jsdom/lib/jsdom/living/events/EventTarget-impl.js:286:3)
      at HTMLUnknownElementImpl._dispatch 
(node_modules/jsdom/lib/jsdom/living/events/EventTarget-impl.js:233:9)
      at HTMLUnknownElementImpl.dispatchEvent 
(node_modules/jsdom/lib/jsdom/living/events/EventTarget-impl.js:104:17)
      at HTMLUnknownElement.dispatchEvent 
(node_modules/jsdom/lib/jsdom/living/generated/EventTarget.js:241:34)
      at Object.invokeGuardedCallbackDev 
(node_modules/react-dom/cjs/react-dom.development.js:4213:16)
      at invokeGuardedCallback 
(node_modules/react-dom/cjs/react-dom.development.js:4277:31)
      at invokeGuardedCallbackAndCatchFirstError 
(node_modules/react-dom/cjs/react-dom.development.js:4291:25)
      at executeDispatch 
(node_modules/react-dom/cjs/react-dom.development.js:9041:3)
      at processDispatchQueueItemsInOrder 
(node_modules/react-dom/cjs/react-dom.development.js:9073:7)
      at processDispatchQueue 
(node_modules/react-dom/cjs/react-dom.development.js:9086:5)
      at dispatchEventsForPlugins 
(node_modules/react-dom/cjs/react-dom.development.js:9097:3)
      at node_modules/react-dom/cjs/react-dom.development.js:9288:12
      at batchedUpdates$1 
(node_modules/react-dom/cjs/react-dom.development.js:26179:12)
      at batchedUpdates 
(node_modules/react-dom/cjs/react-dom.development.js:3991:12)
      at dispatchEventForPluginEventSystem 
(node_modules/react-dom/cjs/react-dom.development.js:9287:3)
      at dispatchEventWithEnableCapturePhaseSelectiveHydrationWithoutDiscreteEv
entReplay (node_modules/react-dom/cjs/react-dom.development.js:6465:5)
      at dispatchEvent 
(node_modules/react-dom/cjs/react-dom.development.js:6457:5)
      at dispatchDiscreteEvent 
(node_modules/react-dom/cjs/react-dom.development.js:6430:5)
      at HTMLDivElement.callTheUserObjectsOperation 
(node_modules/jsdom/lib/jsdom/living/generated/EventListener.js:26:30)
      at innerInvokeEventListeners 
(node_modules/jsdom/lib/jsdom/living/events/EventTarget-impl.js:350:25)
      at invokeEventListeners 
(node_modules/jsdom/lib/jsdom/living/events/EventTarget-impl.js:286:3)
      at HTMLInputElementImpl._dispatch 
(node_modules/jsdom/lib/jsdom/living/events/EventTarget-impl.js:233:9)
      at HTMLInputElementImpl.dispatchEvent 
(node_modules/jsdom/lib/jsdom/living/events/EventTarget-impl.js:104:17)
      at HTMLInputElement.dispatchEvent 
(node_modules/jsdom/lib/jsdom/living/generated/EventTarget.js:241:34)
      at 
node_modules/@testing-library/user-event/dist/cjs/event/dispatchEvent.js:45:43
      at Object.eventWrapper 
(node_modules/@testing-library/dom/dist/config.js:25:23)
      at Object.wrapEvent 
(node_modules/@testing-library/user-event/dist/cjs/event/wrapEvent.js:6:28)
      at Object.dispatchEvent (node_modules/@testing-library/user-event/dist/cj
s/event/dispatchEvent.js:45:22)
      at Object.dispatchUIEvent (node_modules/@testing-library/user-event/dist/
cjs/event/dispatchEvent.js:22:26)
      at commitInput 
(node_modules/@testing-library/user-event/dist/cjs/event/input.js:145:14)
      at editInputElement 
(node_modules/@testing-library/user-event/dist/cjs/event/input.js:115:9)
      at Object.input 
(node_modules/@testing-library/user-event/dist/cjs/event/input.js:37:9)
      at node_modules/@testing-library/user-event/dist/cjs/event/behavior/keypr
ess.js:31:26
      at Object.dispatchEvent (node_modules/@testing-library/user-event/dist/cj
s/event/dispatchEvent.js:41:13)
      at Object.dispatchUIEvent (node_modules/@testing-library/user-event/dist/
cjs/event/dispatchEvent.js:22:26)
      at KeyboardHost.keydown 
(node_modules/@testing-library/user-event/dist/cjs/system/keyboard.js:76:22)
      at keyboardAction 
(node_modules/@testing-library/user-event/dist/cjs/keyboard/index.js:22:35)
      at Object.keyboard 
(node_modules/@testing-library/user-event/dist/cjs/keyboard/index.js:11:15)
      at Object.type 
(node_modules/@testing-library/user-event/dist/cjs/utility/type.js:17:5)
      at Object.<anonymous> 
(src/submissions/SubmissionTabs/__tests__/SubmissionTabs.test.tsx:218:9)

    console.error
      Warning: An update to PlacingBrokingPane inside a test was not wrapped 
in act(...).
      
      When testing, code that causes React state updates should be wrapped 
into act(...):
      
      act(() => {
        /* fire events that update state */
      });
      /* assert on the output */
      
      This ensures that you're testing the behavior the user would see in the 
browser. Learn more at https://reactjs.org/link/wrap-tests-with-act
          at PlacingBrokingPane (C:\Users\samhe\OneDrive\Desktop\Cleaned\fronte
nd\src\submissions\SubmissionTabs\SubmissionTabs.tsx:144:5)
          at div
          at div
          at SubmissionTabs (C:\Users\samhe\OneDrive\Desktop\Cleaned\frontend\s
rc\submissions\SubmissionTabs\SubmissionTabs.tsx:695:5)
          at basenameProp (C:\Users\samhe\OneDrive\Desktop\Cleaned\frontend\nod
e_modules\react-router\lib\components.tsx:421:13)
          at basename (C:\Users\samhe\OneDrive\Desktop\Cleaned\frontend\node_mo
dules\react-router\lib\components.tsx:225:3)

      259 |                         value={brokerIndividualName}
      260 |                         disabled={isEditLocked}
    > 261 |                         onChange={(e) => 
setBrokerIndividualName(e.target.value)}
          |                                          ^
      262 |                         className="w-full border border-gray-300 
rounded px-3 py-2 text-sm disabled:bg-gray-100 disabled:text-gray-500 
disabled:cursor-not-allowed"
      263 |                     />
      264 |                 </div>

      at printWarning 
(node_modules/react-dom/cjs/react-dom.development.js:86:30)
      at error (node_modules/react-dom/cjs/react-dom.development.js:60:7)
      at warnIfUpdatesNotWrappedWithActDEV 
(node_modules/react-dom/cjs/react-dom.development.js:27628:9)
      at scheduleUpdateOnFiber 
(node_modules/react-dom/cjs/react-dom.development.js:25547:5)
      at dispatchSetState 
(node_modules/react-dom/cjs/react-dom.development.js:16708:7)
      at onChange (src/submissions/SubmissionTabs/SubmissionTabs.tsx:261:42)
      at HTMLUnknownElement.callCallback 
(node_modules/react-dom/cjs/react-dom.development.js:4164:14)
      at HTMLUnknownElement.callTheUserObjectsOperation 
(node_modules/jsdom/lib/jsdom/living/generated/EventListener.js:26:30)
      at innerInvokeEventListeners 
(node_modules/jsdom/lib/jsdom/living/events/EventTarget-impl.js:350:25)
      at invokeEventListeners 
(node_modules/jsdom/lib/jsdom/living/events/EventTarget-impl.js:286:3)
      at HTMLUnknownElementImpl._dispatch 
(node_modules/jsdom/lib/jsdom/living/events/EventTarget-impl.js:233:9)
      at HTMLUnknownElementImpl.dispatchEvent 
(node_modules/jsdom/lib/jsdom/living/events/EventTarget-impl.js:104:17)
      at HTMLUnknownElement.dispatchEvent 
(node_modules/jsdom/lib/jsdom/living/generated/EventTarget.js:241:34)
      at Object.invokeGuardedCallbackDev 
(node_modules/react-dom/cjs/react-dom.development.js:4213:16)
      at invokeGuardedCallback 
(node_modules/react-dom/cjs/react-dom.development.js:4277:31)
      at invokeGuardedCallbackAndCatchFirstError 
(node_modules/react-dom/cjs/react-dom.development.js:4291:25)
      at executeDispatch 
(node_modules/react-dom/cjs/react-dom.development.js:9041:3)
      at processDispatchQueueItemsInOrder 
(node_modules/react-dom/cjs/react-dom.development.js:9073:7)
      at processDispatchQueue 
(node_modules/react-dom/cjs/react-dom.development.js:9086:5)
      at dispatchEventsForPlugins 
(node_modules/react-dom/cjs/react-dom.development.js:9097:3)
      at node_modules/react-dom/cjs/react-dom.development.js:9288:12
      at batchedUpdates$1 
(node_modules/react-dom/cjs/react-dom.development.js:26179:12)
      at batchedUpdates 
(node_modules/react-dom/cjs/react-dom.development.js:3991:12)
      at dispatchEventForPluginEventSystem 
(node_modules/react-dom/cjs/react-dom.development.js:9287:3)
      at dispatchEventWithEnableCapturePhaseSelectiveHydrationWithoutDiscreteEv
entReplay (node_modules/react-dom/cjs/react-dom.development.js:6465:5)
      at dispatchEvent 
(node_modules/react-dom/cjs/react-dom.development.js:6457:5)
      at dispatchDiscreteEvent 
(node_modules/react-dom/cjs/react-dom.development.js:6430:5)
      at HTMLDivElement.callTheUserObjectsOperation 
(node_modules/jsdom/lib/jsdom/living/generated/EventListener.js:26:30)
      at innerInvokeEventListeners 
(node_modules/jsdom/lib/jsdom/living/events/EventTarget-impl.js:350:25)
      at invokeEventListeners 
(node_modules/jsdom/lib/jsdom/living/events/EventTarget-impl.js:286:3)
      at HTMLInputElementImpl._dispatch 
(node_modules/jsdom/lib/jsdom/living/events/EventTarget-impl.js:233:9)
      at HTMLInputElementImpl.dispatchEvent 
(node_modules/jsdom/lib/jsdom/living/events/EventTarget-impl.js:104:17)
      at HTMLInputElement.dispatchEvent 
(node_modules/jsdom/lib/jsdom/living/generated/EventTarget.js:241:34)
      at 
node_modules/@testing-library/user-event/dist/cjs/event/dispatchEvent.js:45:43
      at Object.eventWrapper 
(node_modules/@testing-library/dom/dist/config.js:25:23)
      at Object.wrapEvent 
(node_modules/@testing-library/user-event/dist/cjs/event/wrapEvent.js:6:28)
      at Object.dispatchEvent (node_modules/@testing-library/user-event/dist/cj
s/event/dispatchEvent.js:45:22)
      at Object.dispatchUIEvent (node_modules/@testing-library/user-event/dist/
cjs/event/dispatchEvent.js:22:26)
      at commitInput 
(node_modules/@testing-library/user-event/dist/cjs/event/input.js:145:14)
      at editInputElement 
(node_modules/@testing-library/user-event/dist/cjs/event/input.js:115:9)
      at Object.input 
(node_modules/@testing-library/user-event/dist/cjs/event/input.js:37:9)
      at node_modules/@testing-library/user-event/dist/cjs/event/behavior/keypr
ess.js:31:26
      at Object.dispatchEvent (node_modules/@testing-library/user-event/dist/cj
s/event/dispatchEvent.js:41:13)
      at Object.dispatchUIEvent (node_modules/@testing-library/user-event/dist/
cjs/event/dispatchEvent.js:22:26)
      at KeyboardHost.keydown 
(node_modules/@testing-library/user-event/dist/cjs/system/keyboard.js:76:22)
      at keyboardAction 
(node_modules/@testing-library/user-event/dist/cjs/keyboard/index.js:22:35)
      at Object.keyboard 
(node_modules/@testing-library/user-event/dist/cjs/keyboard/index.js:11:15)
      at Object.type 
(node_modules/@testing-library/user-event/dist/cjs/utility/type.js:17:5)
      at Object.<anonymous> 
(src/submissions/SubmissionTabs/__tests__/SubmissionTabs.test.tsx:218:9)

    console.error
      Warning: An update to PlacingBrokingPane inside a test was not wrapped 
in act(...).
      
      When testing, code that causes React state updates should be wrapped 
into act(...):
      
      act(() => {
        /* fire events that update state */
      });
      /* assert on the output */
      
      This ensures that you're testing the behavior the user would see in the 
browser. Learn more at https://reactjs.org/link/wrap-tests-with-act
          at PlacingBrokingPane (C:\Users\samhe\OneDrive\Desktop\Cleaned\fronte
nd\src\submissions\SubmissionTabs\SubmissionTabs.tsx:144:5)
          at div
          at div
          at SubmissionTabs (C:\Users\samhe\OneDrive\Desktop\Cleaned\frontend\s
rc\submissions\SubmissionTabs\SubmissionTabs.tsx:695:5)
          at basenameProp (C:\Users\samhe\OneDrive\Desktop\Cleaned\frontend\nod
e_modules\react-router\lib\components.tsx:421:13)
          at basename (C:\Users\samhe\OneDrive\Desktop\Cleaned\frontend\node_mo
dules\react-router\lib\components.tsx:225:3)

      259 |                         value={brokerIndividualName}
      260 |                         disabled={isEditLocked}
    > 261 |                         onChange={(e) => 
setBrokerIndividualName(e.target.value)}
          |                                          ^
      262 |                         className="w-full border border-gray-300 
rounded px-3 py-2 text-sm disabled:bg-gray-100 disabled:text-gray-500 
disabled:cursor-not-allowed"
      263 |                     />
      264 |                 </div>

      at printWarning 
(node_modules/react-dom/cjs/react-dom.development.js:86:30)
      at error (node_modules/react-dom/cjs/react-dom.development.js:60:7)
      at warnIfUpdatesNotWrappedWithActDEV 
(node_modules/react-dom/cjs/react-dom.development.js:27628:9)
      at scheduleUpdateOnFiber 
(node_modules/react-dom/cjs/react-dom.development.js:25547:5)
      at dispatchSetState 
(node_modules/react-dom/cjs/react-dom.development.js:16708:7)
      at onChange (src/submissions/SubmissionTabs/SubmissionTabs.tsx:261:42)
      at HTMLUnknownElement.callCallback 
(node_modules/react-dom/cjs/react-dom.development.js:4164:14)
      at HTMLUnknownElement.callTheUserObjectsOperation 
(node_modules/jsdom/lib/jsdom/living/generated/EventListener.js:26:30)
      at innerInvokeEventListeners 
(node_modules/jsdom/lib/jsdom/living/events/EventTarget-impl.js:350:25)
      at invokeEventListeners 
(node_modules/jsdom/lib/jsdom/living/events/EventTarget-impl.js:286:3)
      at HTMLUnknownElementImpl._dispatch 
(node_modules/jsdom/lib/jsdom/living/events/EventTarget-impl.js:233:9)
      at HTMLUnknownElementImpl.dispatchEvent 
(node_modules/jsdom/lib/jsdom/living/events/EventTarget-impl.js:104:17)
      at HTMLUnknownElement.dispatchEvent 
(node_modules/jsdom/lib/jsdom/living/generated/EventTarget.js:241:34)
      at Object.invokeGuardedCallbackDev 
(node_modules/react-dom/cjs/react-dom.development.js:4213:16)
      at invokeGuardedCallback 
(node_modules/react-dom/cjs/react-dom.development.js:4277:31)
      at invokeGuardedCallbackAndCatchFirstError 
(node_modules/react-dom/cjs/react-dom.development.js:4291:25)
      at executeDispatch 
(node_modules/react-dom/cjs/react-dom.development.js:9041:3)
      at processDispatchQueueItemsInOrder 
(node_modules/react-dom/cjs/react-dom.development.js:9073:7)
      at processDispatchQueue 
(node_modules/react-dom/cjs/react-dom.development.js:9086:5)
      at dispatchEventsForPlugins 
(node_modules/react-dom/cjs/react-dom.development.js:9097:3)
      at node_modules/react-dom/cjs/react-dom.development.js:9288:12
      at batchedUpdates$1 
(node_modules/react-dom/cjs/react-dom.development.js:26179:12)
      at batchedUpdates 
(node_modules/react-dom/cjs/react-dom.development.js:3991:12)
      at dispatchEventForPluginEventSystem 
(node_modules/react-dom/cjs/react-dom.development.js:9287:3)
      at dispatchEventWithEnableCapturePhaseSelectiveHydrationWithoutDiscreteEv
entReplay (node_modules/react-dom/cjs/react-dom.development.js:6465:5)
      at dispatchEvent 
(node_modules/react-dom/cjs/react-dom.development.js:6457:5)
      at dispatchDiscreteEvent 
(node_modules/react-dom/cjs/react-dom.development.js:6430:5)
      at HTMLDivElement.callTheUserObjectsOperation 
(node_modules/jsdom/lib/jsdom/living/generated/EventListener.js:26:30)
      at innerInvokeEventListeners 
(node_modules/jsdom/lib/jsdom/living/events/EventTarget-impl.js:350:25)
      at invokeEventListeners 
(node_modules/jsdom/lib/jsdom/living/events/EventTarget-impl.js:286:3)
      at HTMLInputElementImpl._dispatch 
(node_modules/jsdom/lib/jsdom/living/events/EventTarget-impl.js:233:9)
      at HTMLInputElementImpl.dispatchEvent 
(node_modules/jsdom/lib/jsdom/living/events/EventTarget-impl.js:104:17)
      at HTMLInputElement.dispatchEvent 
(node_modules/jsdom/lib/jsdom/living/generated/EventTarget.js:241:34)
      at 
node_modules/@testing-library/user-event/dist/cjs/event/dispatchEvent.js:45:43
      at Object.eventWrapper 
(node_modules/@testing-library/dom/dist/config.js:25:23)
      at Object.wrapEvent 
(node_modules/@testing-library/user-event/dist/cjs/event/wrapEvent.js:6:28)
      at Object.dispatchEvent (node_modules/@testing-library/user-event/dist/cj
s/event/dispatchEvent.js:45:22)
      at Object.dispatchUIEvent (node_modules/@testing-library/user-event/dist/
cjs/event/dispatchEvent.js:22:26)
      at commitInput 
(node_modules/@testing-library/user-event/dist/cjs/event/input.js:145:14)
      at editInputElement 
(node_modules/@testing-library/user-event/dist/cjs/event/input.js:115:9)
      at Object.input 
(node_modules/@testing-library/user-event/dist/cjs/event/input.js:37:9)
      at Object.clear 
(node_modules/@testing-library/user-event/dist/cjs/utility/clear.js:29:11)
      at node_modules/@testing-library/user-event/dist/cjs/setup/setup.js:85:45
      at Object.asyncWrapper 
(node_modules/@testing-library/dom/dist/config.js:23:23)
      at Object.wrapAsync 
(node_modules/@testing-library/user-event/dist/cjs/setup/wrapAsync.js:8:28)
      at Object.method [as clear] 
(node_modules/@testing-library/user-event/dist/cjs/setup/setup.js:85:26)
      at Object.<anonymous> 
(src/submissions/SubmissionTabs/__tests__/SubmissionTabs.test.tsx:226:20)

    console.error
      Warning: An update to PlacingBrokingPane inside a test was not wrapped 
in act(...).
      
      When testing, code that causes React state updates should be wrapped 
into act(...):
      
      act(() => {
        /* fire events that update state */
      });
      /* assert on the output */
      
      This ensures that you're testing the behavior the user would see in the 
browser. Learn more at https://reactjs.org/link/wrap-tests-with-act
          at PlacingBrokingPane (C:\Users\samhe\OneDrive\Desktop\Cleaned\fronte
nd\src\submissions\SubmissionTabs\SubmissionTabs.tsx:144:5)
          at div
          at div
          at SubmissionTabs (C:\Users\samhe\OneDrive\Desktop\Cleaned\frontend\s
rc\submissions\SubmissionTabs\SubmissionTabs.tsx:695:5)
          at basenameProp (C:\Users\samhe\OneDrive\Desktop\Cleaned\frontend\nod
e_modules\react-router\lib\components.tsx:421:13)
          at basename (C:\Users\samhe\OneDrive\Desktop\Cleaned\frontend\node_mo
dules\react-router\lib\components.tsx:225:3)

      259 |                         value={brokerIndividualName}
      260 |                         disabled={isEditLocked}
    > 261 |                         onChange={(e) => 
setBrokerIndividualName(e.target.value)}
          |                                          ^
      262 |                         className="w-full border border-gray-300 
rounded px-3 py-2 text-sm disabled:bg-gray-100 disabled:text-gray-500 
disabled:cursor-not-allowed"
      263 |                     />
      264 |                 </div>

      at printWarning 
(node_modules/react-dom/cjs/react-dom.development.js:86:30)
      at error (node_modules/react-dom/cjs/react-dom.development.js:60:7)
      at warnIfUpdatesNotWrappedWithActDEV 
(node_modules/react-dom/cjs/react-dom.development.js:27628:9)
      at scheduleUpdateOnFiber 
(node_modules/react-dom/cjs/react-dom.development.js:25547:5)
      at dispatchSetState 
(node_modules/react-dom/cjs/react-dom.development.js:16708:7)
      at onChange (src/submissions/SubmissionTabs/SubmissionTabs.tsx:261:42)
      at HTMLUnknownElement.callCallback 
(node_modules/react-dom/cjs/react-dom.development.js:4164:14)
      at HTMLUnknownElement.callTheUserObjectsOperation 
(node_modules/jsdom/lib/jsdom/living/generated/EventListener.js:26:30)
      at innerInvokeEventListeners 
(node_modules/jsdom/lib/jsdom/living/events/EventTarget-impl.js:350:25)
      at invokeEventListeners 
(node_modules/jsdom/lib/jsdom/living/events/EventTarget-impl.js:286:3)
      at HTMLUnknownElementImpl._dispatch 
(node_modules/jsdom/lib/jsdom/living/events/EventTarget-impl.js:233:9)
      at HTMLUnknownElementImpl.dispatchEvent 
(node_modules/jsdom/lib/jsdom/living/events/EventTarget-impl.js:104:17)
      at HTMLUnknownElement.dispatchEvent 
(node_modules/jsdom/lib/jsdom/living/generated/EventTarget.js:241:34)
      at Object.invokeGuardedCallbackDev 
(node_modules/react-dom/cjs/react-dom.development.js:4213:16)
      at invokeGuardedCallback 
(node_modules/react-dom/cjs/react-dom.development.js:4277:31)
      at invokeGuardedCallbackAndCatchFirstError 
(node_modules/react-dom/cjs/react-dom.development.js:4291:25)
      at executeDispatch 
(node_modules/react-dom/cjs/react-dom.development.js:9041:3)
      at processDispatchQueueItemsInOrder 
(node_modules/react-dom/cjs/react-dom.development.js:9073:7)
      at processDispatchQueue 
(node_modules/react-dom/cjs/react-dom.development.js:9086:5)
      at dispatchEventsForPlugins 
(node_modules/react-dom/cjs/react-dom.development.js:9097:3)
      at node_modules/react-dom/cjs/react-dom.development.js:9288:12
      at batchedUpdates$1 
(node_modules/react-dom/cjs/react-dom.development.js:26179:12)
      at batchedUpdates 
(node_modules/react-dom/cjs/react-dom.development.js:3991:12)
      at dispatchEventForPluginEventSystem 
(node_modules/react-dom/cjs/react-dom.development.js:9287:3)
      at dispatchEventWithEnableCapturePhaseSelectiveHydrationWithoutDiscreteEv
entReplay (node_modules/react-dom/cjs/react-dom.development.js:6465:5)
      at dispatchEvent 
(node_modules/react-dom/cjs/react-dom.development.js:6457:5)
      at dispatchDiscreteEvent 
(node_modules/react-dom/cjs/react-dom.development.js:6430:5)
      at HTMLDivElement.callTheUserObjectsOperation 
(node_modules/jsdom/lib/jsdom/living/generated/EventListener.js:26:30)
      at innerInvokeEventListeners 
(node_modules/jsdom/lib/jsdom/living/events/EventTarget-impl.js:350:25)
      at invokeEventListeners 
(node_modules/jsdom/lib/jsdom/living/events/EventTarget-impl.js:286:3)
      at HTMLInputElementImpl._dispatch 
(node_modules/jsdom/lib/jsdom/living/events/EventTarget-impl.js:233:9)
      at HTMLInputElementImpl.dispatchEvent 
(node_modules/jsdom/lib/jsdom/living/events/EventTarget-impl.js:104:17)
      at HTMLInputElement.dispatchEvent 
(node_modules/jsdom/lib/jsdom/living/generated/EventTarget.js:241:34)
      at 
node_modules/@testing-library/user-event/dist/cjs/event/dispatchEvent.js:45:43
      at Object.eventWrapper 
(node_modules/@testing-library/dom/dist/config.js:25:23)
      at Object.wrapEvent 
(node_modules/@testing-library/user-event/dist/cjs/event/wrapEvent.js:6:28)
      at Object.dispatchEvent (node_modules/@testing-library/user-event/dist/cj
s/event/dispatchEvent.js:45:22)
      at Object.dispatchUIEvent (node_modules/@testing-library/user-event/dist/
cjs/event/dispatchEvent.js:22:26)
      at commitInput 
(node_modules/@testing-library/user-event/dist/cjs/event/input.js:145:14)
      at editInputElement 
(node_modules/@testing-library/user-event/dist/cjs/event/input.js:115:9)
      at Object.input 
(node_modules/@testing-library/user-event/dist/cjs/event/input.js:37:9)
      at node_modules/@testing-library/user-event/dist/cjs/event/behavior/keypr
ess.js:31:26
      at Object.dispatchEvent (node_modules/@testing-library/user-event/dist/cj
s/event/dispatchEvent.js:41:13)
      at Object.dispatchUIEvent (node_modules/@testing-library/user-event/dist/
cjs/event/dispatchEvent.js:22:26)
      at KeyboardHost.keydown 
(node_modules/@testing-library/user-event/dist/cjs/system/keyboard.js:76:22)
      at keyboardAction 
(node_modules/@testing-library/user-event/dist/cjs/keyboard/index.js:22:35)
      at Object.keyboard 
(node_modules/@testing-library/user-event/dist/cjs/keyboard/index.js:11:15)
      at Object.type 
(node_modules/@testing-library/user-event/dist/cjs/utility/type.js:17:5)
      at Object.<anonymous> 
(src/submissions/SubmissionTabs/__tests__/SubmissionTabs.test.tsx:227:9)

    console.error
      Warning: An update to PlacingBrokingPane inside a test was not wrapped 
in act(...).
      
      When testing, code that causes React state updates should be wrapped 
into act(...):
      
      act(() => {
        /* fire events that update state */
      });
      /* assert on the output */
      
      This ensures that you're testing the behavior the user would see in the 
browser. Learn more at https://reactjs.org/link/wrap-tests-with-act
          at PlacingBrokingPane (C:\Users\samhe\OneDrive\Desktop\Cleaned\fronte
nd\src\submissions\SubmissionTabs\SubmissionTabs.tsx:144:5)
          at div
          at div
          at SubmissionTabs (C:\Users\samhe\OneDrive\Desktop\Cleaned\frontend\s
rc\submissions\SubmissionTabs\SubmissionTabs.tsx:695:5)
          at basenameProp (C:\Users\samhe\OneDrive\Desktop\Cleaned\frontend\nod
e_modules\react-router\lib\components.tsx:421:13)
          at basename (C:\Users\samhe\OneDrive\Desktop\Cleaned\frontend\node_mo
dules\react-router\lib\components.tsx:225:3)

      259 |                         value={brokerIndividualName}
      260 |                         disabled={isEditLocked}
    > 261 |                         onChange={(e) => 
setBrokerIndividualName(e.target.value)}
          |                                          ^
      262 |                         className="w-full border border-gray-300 
rounded px-3 py-2 text-sm disabled:bg-gray-100 disabled:text-gray-500 
disabled:cursor-not-allowed"
      263 |                     />
      264 |                 </div>

      at printWarning 
(node_modules/react-dom/cjs/react-dom.development.js:86:30)
      at error (node_modules/react-dom/cjs/react-dom.development.js:60:7)
      at warnIfUpdatesNotWrappedWithActDEV 
(node_modules/react-dom/cjs/react-dom.development.js:27628:9)
      at scheduleUpdateOnFiber 
(node_modules/react-dom/cjs/react-dom.development.js:25547:5)
      at dispatchSetState 
(node_modules/react-dom/cjs/react-dom.development.js:16708:7)
      at onChange (src/submissions/SubmissionTabs/SubmissionTabs.tsx:261:42)
      at HTMLUnknownElement.callCallback 
(node_modules/react-dom/cjs/react-dom.development.js:4164:14)
      at HTMLUnknownElement.callTheUserObjectsOperation 
(node_modules/jsdom/lib/jsdom/living/generated/EventListener.js:26:30)
      at innerInvokeEventListeners 
(node_modules/jsdom/lib/jsdom/living/events/EventTarget-impl.js:350:25)
      at invokeEventListeners 
(node_modules/jsdom/lib/jsdom/living/events/EventTarget-impl.js:286:3)
      at HTMLUnknownElementImpl._dispatch 
(node_modules/jsdom/lib/jsdom/living/events/EventTarget-impl.js:233:9)
      at HTMLUnknownElementImpl.dispatchEvent 
(node_modules/jsdom/lib/jsdom/living/events/EventTarget-impl.js:104:17)
      at HTMLUnknownElement.dispatchEvent 
(node_modules/jsdom/lib/jsdom/living/generated/EventTarget.js:241:34)
      at Object.invokeGuardedCallbackDev 
(node_modules/react-dom/cjs/react-dom.development.js:4213:16)
      at invokeGuardedCallback 
(node_modules/react-dom/cjs/react-dom.development.js:4277:31)
      at invokeGuardedCallbackAndCatchFirstError 
(node_modules/react-dom/cjs/react-dom.development.js:4291:25)
      at executeDispatch 
(node_modules/react-dom/cjs/react-dom.development.js:9041:3)
      at processDispatchQueueItemsInOrder 
(node_modules/react-dom/cjs/react-dom.development.js:9073:7)
      at processDispatchQueue 
(node_modules/react-dom/cjs/react-dom.development.js:9086:5)
      at dispatchEventsForPlugins 
(node_modules/react-dom/cjs/react-dom.development.js:9097:3)
      at node_modules/react-dom/cjs/react-dom.development.js:9288:12
      at batchedUpdates$1 
(node_modules/react-dom/cjs/react-dom.development.js:26179:12)
      at batchedUpdates 
(node_modules/react-dom/cjs/react-dom.development.js:3991:12)
      at dispatchEventForPluginEventSystem 
(node_modules/react-dom/cjs/react-dom.development.js:9287:3)
      at dispatchEventWithEnableCapturePhaseSelectiveHydrationWithoutDiscreteEv
entReplay (node_modules/react-dom/cjs/react-dom.development.js:6465:5)
      at dispatchEvent 
(node_modules/react-dom/cjs/react-dom.development.js:6457:5)
      at dispatchDiscreteEvent 
(node_modules/react-dom/cjs/react-dom.development.js:6430:5)
      at HTMLDivElement.callTheUserObjectsOperation 
(node_modules/jsdom/lib/jsdom/living/generated/EventListener.js:26:30)
      at innerInvokeEventListeners 
(node_modules/jsdom/lib/jsdom/living/events/EventTarget-impl.js:350:25)
      at invokeEventListeners 
(node_modules/jsdom/lib/jsdom/living/events/EventTarget-impl.js:286:3)
      at HTMLInputElementImpl._dispatch 
(node_modules/jsdom/lib/jsdom/living/events/EventTarget-impl.js:233:9)
      at HTMLInputElementImpl.dispatchEvent 
(node_modules/jsdom/lib/jsdom/living/events/EventTarget-impl.js:104:17)
      at HTMLInputElement.dispatchEvent 
(node_modules/jsdom/lib/jsdom/living/generated/EventTarget.js:241:34)
      at 
node_modules/@testing-library/user-event/dist/cjs/event/dispatchEvent.js:45:43
      at Object.eventWrapper 
(node_modules/@testing-library/dom/dist/config.js:25:23)
      at Object.wrapEvent 
(node_modules/@testing-library/user-event/dist/cjs/event/wrapEvent.js:6:28)
      at Object.dispatchEvent (node_modules/@testing-library/user-event/dist/cj
s/event/dispatchEvent.js:45:22)
      at Object.dispatchUIEvent (node_modules/@testing-library/user-event/dist/
cjs/event/dispatchEvent.js:22:26)
      at commitInput 
(node_modules/@testing-library/user-event/dist/cjs/event/input.js:145:14)
      at editInputElement 
(node_modules/@testing-library/user-event/dist/cjs/event/input.js:115:9)
      at Object.input 
(node_modules/@testing-library/user-event/dist/cjs/event/input.js:37:9)
      at node_modules/@testing-library/user-event/dist/cjs/event/behavior/keypr
ess.js:31:26
      at Object.dispatchEvent (node_modules/@testing-library/user-event/dist/cj
s/event/dispatchEvent.js:41:13)
      at Object.dispatchUIEvent (node_modules/@testing-library/user-event/dist/
cjs/event/dispatchEvent.js:22:26)
      at KeyboardHost.keydown 
(node_modules/@testing-library/user-event/dist/cjs/system/keyboard.js:76:22)
      at keyboardAction 
(node_modules/@testing-library/user-event/dist/cjs/keyboard/index.js:22:35)
      at Object.keyboard 
(node_modules/@testing-library/user-event/dist/cjs/keyboard/index.js:11:15)
      at Object.type 
(node_modules/@testing-library/user-event/dist/cjs/utility/type.js:17:5)
      at Object.<anonymous> 
(src/submissions/SubmissionTabs/__tests__/SubmissionTabs.test.tsx:227:9)

    console.error
      Warning: An update to PlacingBrokingPane inside a test was not wrapped 
in act(...).
      
      When testing, code that causes React state updates should be wrapped 
into act(...):
      
      act(() => {
        /* fire events that update state */
      });
      /* assert on the output */
      
      This ensures that you're testing the behavior the user would see in the 
browser. Learn more at https://reactjs.org/link/wrap-tests-with-act
          at PlacingBrokingPane (C:\Users\samhe\OneDrive\Desktop\Cleaned\fronte
nd\src\submissions\SubmissionTabs\SubmissionTabs.tsx:144:5)
          at div
          at div
          at SubmissionTabs (C:\Users\samhe\OneDrive\Desktop\Cleaned\frontend\s
rc\submissions\SubmissionTabs\SubmissionTabs.tsx:695:5)
          at basenameProp (C:\Users\samhe\OneDrive\Desktop\Cleaned\frontend\nod
e_modules\react-router\lib\components.tsx:421:13)
          at basename (C:\Users\samhe\OneDrive\Desktop\Cleaned\frontend\node_mo
dules\react-router\lib\components.tsx:225:3)

      259 |                         value={brokerIndividualName}
      260 |                         disabled={isEditLocked}
    > 261 |                         onChange={(e) => 
setBrokerIndividualName(e.target.value)}
          |                                          ^
      262 |                         className="w-full border border-gray-300 
rounded px-3 py-2 text-sm disabled:bg-gray-100 disabled:text-gray-500 
disabled:cursor-not-allowed"
      263 |                     />
      264 |                 </div>

      at printWarning 
(node_modules/react-dom/cjs/react-dom.development.js:86:30)
      at error (node_modules/react-dom/cjs/react-dom.development.js:60:7)
      at warnIfUpdatesNotWrappedWithActDEV 
(node_modules/react-dom/cjs/react-dom.development.js:27628:9)
      at scheduleUpdateOnFiber 
(node_modules/react-dom/cjs/react-dom.development.js:25547:5)
      at dispatchSetState 
(node_modules/react-dom/cjs/react-dom.development.js:16708:7)
      at onChange (src/submissions/SubmissionTabs/SubmissionTabs.tsx:261:42)
      at HTMLUnknownElement.callCallback 
(node_modules/react-dom/cjs/react-dom.development.js:4164:14)
      at HTMLUnknownElement.callTheUserObjectsOperation 
(node_modules/jsdom/lib/jsdom/living/generated/EventListener.js:26:30)
      at innerInvokeEventListeners 
(node_modules/jsdom/lib/jsdom/living/events/EventTarget-impl.js:350:25)
      at invokeEventListeners 
(node_modules/jsdom/lib/jsdom/living/events/EventTarget-impl.js:286:3)
      at HTMLUnknownElementImpl._dispatch 
(node_modules/jsdom/lib/jsdom/living/events/EventTarget-impl.js:233:9)
      at HTMLUnknownElementImpl.dispatchEvent 
(node_modules/jsdom/lib/jsdom/living/events/EventTarget-impl.js:104:17)
      at HTMLUnknownElement.dispatchEvent 
(node_modules/jsdom/lib/jsdom/living/generated/EventTarget.js:241:34)
      at Object.invokeGuardedCallbackDev 
(node_modules/react-dom/cjs/react-dom.development.js:4213:16)
      at invokeGuardedCallback 
(node_modules/react-dom/cjs/react-dom.development.js:4277:31)
      at invokeGuardedCallbackAndCatchFirstError 
(node_modules/react-dom/cjs/react-dom.development.js:4291:25)
      at executeDispatch 
(node_modules/react-dom/cjs/react-dom.development.js:9041:3)
      at processDispatchQueueItemsInOrder 
(node_modules/react-dom/cjs/react-dom.development.js:9073:7)
      at processDispatchQueue 
(node_modules/react-dom/cjs/react-dom.development.js:9086:5)
      at dispatchEventsForPlugins 
(node_modules/react-dom/cjs/react-dom.development.js:9097:3)
      at node_modules/react-dom/cjs/react-dom.development.js:9288:12
      at batchedUpdates$1 
(node_modules/react-dom/cjs/react-dom.development.js:26179:12)
      at batchedUpdates 
(node_modules/react-dom/cjs/react-dom.development.js:3991:12)
      at dispatchEventForPluginEventSystem 
(node_modules/react-dom/cjs/react-dom.development.js:9287:3)
      at dispatchEventWithEnableCapturePhaseSelectiveHydrationWithoutDiscreteEv
entReplay (node_modules/react-dom/cjs/react-dom.development.js:6465:5)
      at dispatchEvent 
(node_modules/react-dom/cjs/react-dom.development.js:6457:5)
      at dispatchDiscreteEvent 
(node_modules/react-dom/cjs/react-dom.development.js:6430:5)
      at HTMLDivElement.callTheUserObjectsOperation 
(node_modules/jsdom/lib/jsdom/living/generated/EventListener.js:26:30)
      at innerInvokeEventListeners 
(node_modules/jsdom/lib/jsdom/living/events/EventTarget-impl.js:350:25)
      at invokeEventListeners 
(node_modules/jsdom/lib/jsdom/living/events/EventTarget-impl.js:286:3)
      at HTMLInputElementImpl._dispatch 
(node_modules/jsdom/lib/jsdom/living/events/EventTarget-impl.js:233:9)
      at HTMLInputElementImpl.dispatchEvent 
(node_modules/jsdom/lib/jsdom/living/events/EventTarget-impl.js:104:17)
      at HTMLInputElement.dispatchEvent 
(node_modules/jsdom/lib/jsdom/living/generated/EventTarget.js:241:34)
      at 
node_modules/@testing-library/user-event/dist/cjs/event/dispatchEvent.js:45:43
      at Object.eventWrapper 
(node_modules/@testing-library/dom/dist/config.js:25:23)
      at Object.wrapEvent 
(node_modules/@testing-library/user-event/dist/cjs/event/wrapEvent.js:6:28)
      at Object.dispatchEvent (node_modules/@testing-library/user-event/dist/cj
s/event/dispatchEvent.js:45:22)
      at Object.dispatchUIEvent (node_modules/@testing-library/user-event/dist/
cjs/event/dispatchEvent.js:22:26)
      at commitInput 
(node_modules/@testing-library/user-event/dist/cjs/event/input.js:145:14)
      at editInputElement 
(node_modules/@testing-library/user-event/dist/cjs/event/input.js:115:9)
      at Object.input 
(node_modules/@testing-library/user-event/dist/cjs/event/input.js:37:9)
      at node_modules/@testing-library/user-event/dist/cjs/event/behavior/keypr
ess.js:31:26
      at Object.dispatchEvent (node_modules/@testing-library/user-event/dist/cj
s/event/dispatchEvent.js:41:13)
      at Object.dispatchUIEvent (node_modules/@testing-library/user-event/dist/
cjs/event/dispatchEvent.js:22:26)
      at KeyboardHost.keydown 
(node_modules/@testing-library/user-event/dist/cjs/system/keyboard.js:76:22)
      at keyboardAction 
(node_modules/@testing-library/user-event/dist/cjs/keyboard/index.js:22:35)
      at Object.keyboard 
(node_modules/@testing-library/user-event/dist/cjs/keyboard/index.js:11:15)
      at Object.type 
(node_modules/@testing-library/user-event/dist/cjs/utility/type.js:17:5)
      at Object.<anonymous> 
(src/submissions/SubmissionTabs/__tests__/SubmissionTabs.test.tsx:227:9)

    console.error
      Warning: An update to PlacingBrokingPane inside a test was not wrapped 
in act(...).
      
      When testing, code that causes React state updates should be wrapped 
into act(...):
      
      act(() => {
        /* fire events that update state */
      });
      /* assert on the output */
      
      This ensures that you're testing the behavior the user would see in the 
browser. Learn more at https://reactjs.org/link/wrap-tests-with-act
          at PlacingBrokingPane (C:\Users\samhe\OneDrive\Desktop\Cleaned\fronte
nd\src\submissions\SubmissionTabs\SubmissionTabs.tsx:144:5)
          at div
          at div
          at SubmissionTabs (C:\Users\samhe\OneDrive\Desktop\Cleaned\frontend\s
rc\submissions\SubmissionTabs\SubmissionTabs.tsx:695:5)
          at basenameProp (C:\Users\samhe\OneDrive\Desktop\Cleaned\frontend\nod
e_modules\react-router\lib\components.tsx:421:13)
          at basename (C:\Users\samhe\OneDrive\Desktop\Cleaned\frontend\node_mo
dules\react-router\lib\components.tsx:225:3)

      259 |                         value={brokerIndividualName}
      260 |                         disabled={isEditLocked}
    > 261 |                         onChange={(e) => 
setBrokerIndividualName(e.target.value)}
          |                                          ^
      262 |                         className="w-full border border-gray-300 
rounded px-3 py-2 text-sm disabled:bg-gray-100 disabled:text-gray-500 
disabled:cursor-not-allowed"
      263 |                     />
      264 |                 </div>

      at printWarning 
(node_modules/react-dom/cjs/react-dom.development.js:86:30)
      at error (node_modules/react-dom/cjs/react-dom.development.js:60:7)
      at warnIfUpdatesNotWrappedWithActDEV 
(node_modules/react-dom/cjs/react-dom.development.js:27628:9)
      at scheduleUpdateOnFiber 
(node_modules/react-dom/cjs/react-dom.development.js:25547:5)
      at dispatchSetState 
(node_modules/react-dom/cjs/react-dom.development.js:16708:7)
      at onChange (src/submissions/SubmissionTabs/SubmissionTabs.tsx:261:42)
      at HTMLUnknownElement.callCallback 
(node_modules/react-dom/cjs/react-dom.development.js:4164:14)
      at HTMLUnknownElement.callTheUserObjectsOperation 
(node_modules/jsdom/lib/jsdom/living/generated/EventListener.js:26:30)
      at innerInvokeEventListeners 
(node_modules/jsdom/lib/jsdom/living/events/EventTarget-impl.js:350:25)
      at invokeEventListeners 
(node_modules/jsdom/lib/jsdom/living/events/EventTarget-impl.js:286:3)
      at HTMLUnknownElementImpl._dispatch 
(node_modules/jsdom/lib/jsdom/living/events/EventTarget-impl.js:233:9)
      at HTMLUnknownElementImpl.dispatchEvent 
(node_modules/jsdom/lib/jsdom/living/events/EventTarget-impl.js:104:17)
      at HTMLUnknownElement.dispatchEvent 
(node_modules/jsdom/lib/jsdom/living/generated/EventTarget.js:241:34)
      at Object.invokeGuardedCallbackDev 
(node_modules/react-dom/cjs/react-dom.development.js:4213:16)
      at invokeGuardedCallback 
(node_modules/react-dom/cjs/react-dom.development.js:4277:31)
      at invokeGuardedCallbackAndCatchFirstError 
(node_modules/react-dom/cjs/react-dom.development.js:4291:25)
      at executeDispatch 
(node_modules/react-dom/cjs/react-dom.development.js:9041:3)
      at processDispatchQueueItemsInOrder 
(node_modules/react-dom/cjs/react-dom.development.js:9073:7)
      at processDispatchQueue 
(node_modules/react-dom/cjs/react-dom.development.js:9086:5)
      at dispatchEventsForPlugins 
(node_modules/react-dom/cjs/react-dom.development.js:9097:3)
      at node_modules/react-dom/cjs/react-dom.development.js:9288:12
      at batchedUpdates$1 
(node_modules/react-dom/cjs/react-dom.development.js:26179:12)
      at batchedUpdates 
(node_modules/react-dom/cjs/react-dom.development.js:3991:12)
      at dispatchEventForPluginEventSystem 
(node_modules/react-dom/cjs/react-dom.development.js:9287:3)
      at dispatchEventWithEnableCapturePhaseSelectiveHydrationWithoutDiscreteEv
entReplay (node_modules/react-dom/cjs/react-dom.development.js:6465:5)
      at dispatchEvent 
(node_modules/react-dom/cjs/react-dom.development.js:6457:5)
      at dispatchDiscreteEvent 
(node_modules/react-dom/cjs/react-dom.development.js:6430:5)
      at HTMLDivElement.callTheUserObjectsOperation 
(node_modules/jsdom/lib/jsdom/living/generated/EventListener.js:26:30)
      at innerInvokeEventListeners 
(node_modules/jsdom/lib/jsdom/living/events/EventTarget-impl.js:350:25)
      at invokeEventListeners 
(node_modules/jsdom/lib/jsdom/living/events/EventTarget-impl.js:286:3)
      at HTMLInputElementImpl._dispatch 
(node_modules/jsdom/lib/jsdom/living/events/EventTarget-impl.js:233:9)
      at HTMLInputElementImpl.dispatchEvent 
(node_modules/jsdom/lib/jsdom/living/events/EventTarget-impl.js:104:17)
      at HTMLInputElement.dispatchEvent 
(node_modules/jsdom/lib/jsdom/living/generated/EventTarget.js:241:34)
      at 
node_modules/@testing-library/user-event/dist/cjs/event/dispatchEvent.js:45:43
      at Object.eventWrapper 
(node_modules/@testing-library/dom/dist/config.js:25:23)
      at Object.wrapEvent 
(node_modules/@testing-library/user-event/dist/cjs/event/wrapEvent.js:6:28)
      at Object.dispatchEvent (node_modules/@testing-library/user-event/dist/cj
s/event/dispatchEvent.js:45:22)
      at Object.dispatchUIEvent (node_modules/@testing-library/user-event/dist/
cjs/event/dispatchEvent.js:22:26)
      at commitInput 
(node_modules/@testing-library/user-event/dist/cjs/event/input.js:145:14)
      at editInputElement 
(node_modules/@testing-library/user-event/dist/cjs/event/input.js:115:9)
      at Object.input 
(node_modules/@testing-library/user-event/dist/cjs/event/input.js:37:9)
      at node_modules/@testing-library/user-event/dist/cjs/event/behavior/keypr
ess.js:31:26
      at Object.dispatchEvent (node_modules/@testing-library/user-event/dist/cj
s/event/dispatchEvent.js:41:13)
      at Object.dispatchUIEvent (node_modules/@testing-library/user-event/dist/
cjs/event/dispatchEvent.js:22:26)
      at KeyboardHost.keydown 
(node_modules/@testing-library/user-event/dist/cjs/system/keyboard.js:76:22)
      at keyboardAction 
(node_modules/@testing-library/user-event/dist/cjs/keyboard/index.js:22:35)
      at Object.keyboard 
(node_modules/@testing-library/user-event/dist/cjs/keyboard/index.js:11:15)
      at Object.type 
(node_modules/@testing-library/user-event/dist/cjs/utility/type.js:17:5)
      at Object.<anonymous> 
(src/submissions/SubmissionTabs/__tests__/SubmissionTabs.test.tsx:227:9)

    console.error
      Warning: An update to PlacingBrokingPane inside a test was not wrapped 
in act(...).
      
      When testing, code that causes React state updates should be wrapped 
into act(...):
      
      act(() => {
        /* fire events that update state */
      });
      /* assert on the output */
      
      This ensures that you're testing the behavior the user would see in the 
browser. Learn more at https://reactjs.org/link/wrap-tests-with-act
          at PlacingBrokingPane (C:\Users\samhe\OneDrive\Desktop\Cleaned\fronte
nd\src\submissions\SubmissionTabs\SubmissionTabs.tsx:144:5)
          at div
          at div
          at SubmissionTabs (C:\Users\samhe\OneDrive\Desktop\Cleaned\frontend\s
rc\submissions\SubmissionTabs\SubmissionTabs.tsx:695:5)
          at basenameProp (C:\Users\samhe\OneDrive\Desktop\Cleaned\frontend\nod
e_modules\react-router\lib\components.tsx:421:13)
          at basename (C:\Users\samhe\OneDrive\Desktop\Cleaned\frontend\node_mo
dules\react-router\lib\components.tsx:225:3)

      259 |                         value={brokerIndividualName}
      260 |                         disabled={isEditLocked}
    > 261 |                         onChange={(e) => 
setBrokerIndividualName(e.target.value)}
          |                                          ^
      262 |                         className="w-full border border-gray-300 
rounded px-3 py-2 text-sm disabled:bg-gray-100 disabled:text-gray-500 
disabled:cursor-not-allowed"
      263 |                     />
      264 |                 </div>

      at printWarning 
(node_modules/react-dom/cjs/react-dom.development.js:86:30)
      at error (node_modules/react-dom/cjs/react-dom.development.js:60:7)
      at warnIfUpdatesNotWrappedWithActDEV 
(node_modules/react-dom/cjs/react-dom.development.js:27628:9)
      at scheduleUpdateOnFiber 
(node_modules/react-dom/cjs/react-dom.development.js:25547:5)
      at dispatchSetState 
(node_modules/react-dom/cjs/react-dom.development.js:16708:7)
      at onChange (src/submissions/SubmissionTabs/SubmissionTabs.tsx:261:42)
      at HTMLUnknownElement.callCallback 
(node_modules/react-dom/cjs/react-dom.development.js:4164:14)
      at HTMLUnknownElement.callTheUserObjectsOperation 
(node_modules/jsdom/lib/jsdom/living/generated/EventListener.js:26:30)
      at innerInvokeEventListeners 
(node_modules/jsdom/lib/jsdom/living/events/EventTarget-impl.js:350:25)
      at invokeEventListeners 
(node_modules/jsdom/lib/jsdom/living/events/EventTarget-impl.js:286:3)
      at HTMLUnknownElementImpl._dispatch 
(node_modules/jsdom/lib/jsdom/living/events/EventTarget-impl.js:233:9)
      at HTMLUnknownElementImpl.dispatchEvent 
(node_modules/jsdom/lib/jsdom/living/events/EventTarget-impl.js:104:17)
      at HTMLUnknownElement.dispatchEvent 
(node_modules/jsdom/lib/jsdom/living/generated/EventTarget.js:241:34)
      at Object.invokeGuardedCallbackDev 
(node_modules/react-dom/cjs/react-dom.development.js:4213:16)
      at invokeGuardedCallback 
(node_modules/react-dom/cjs/react-dom.development.js:4277:31)
      at invokeGuardedCallbackAndCatchFirstError 
(node_modules/react-dom/cjs/react-dom.development.js:4291:25)
      at executeDispatch 
(node_modules/react-dom/cjs/react-dom.development.js:9041:3)
      at processDispatchQueueItemsInOrder 
(node_modules/react-dom/cjs/react-dom.development.js:9073:7)
      at processDispatchQueue 
(node_modules/react-dom/cjs/react-dom.development.js:9086:5)
      at dispatchEventsForPlugins 
(node_modules/react-dom/cjs/react-dom.development.js:9097:3)
      at node_modules/react-dom/cjs/react-dom.development.js:9288:12
      at batchedUpdates$1 
(node_modules/react-dom/cjs/react-dom.development.js:26179:12)
      at batchedUpdates 
(node_modules/react-dom/cjs/react-dom.development.js:3991:12)
      at dispatchEventForPluginEventSystem 
(node_modules/react-dom/cjs/react-dom.development.js:9287:3)
      at dispatchEventWithEnableCapturePhaseSelectiveHydrationWithoutDiscreteEv
entReplay (node_modules/react-dom/cjs/react-dom.development.js:6465:5)
      at dispatchEvent 
(node_modules/react-dom/cjs/react-dom.development.js:6457:5)
      at dispatchDiscreteEvent 
(node_modules/react-dom/cjs/react-dom.development.js:6430:5)
      at HTMLDivElement.callTheUserObjectsOperation 
(node_modules/jsdom/lib/jsdom/living/generated/EventListener.js:26:30)
      at innerInvokeEventListeners 
(node_modules/jsdom/lib/jsdom/living/events/EventTarget-impl.js:350:25)
      at invokeEventListeners 
(node_modules/jsdom/lib/jsdom/living/events/EventTarget-impl.js:286:3)
      at HTMLInputElementImpl._dispatch 
(node_modules/jsdom/lib/jsdom/living/events/EventTarget-impl.js:233:9)
      at HTMLInputElementImpl.dispatchEvent 
(node_modules/jsdom/lib/jsdom/living/events/EventTarget-impl.js:104:17)
      at HTMLInputElement.dispatchEvent 
(node_modules/jsdom/lib/jsdom/living/generated/EventTarget.js:241:34)
      at 
node_modules/@testing-library/user-event/dist/cjs/event/dispatchEvent.js:45:43
      at Object.eventWrapper 
(node_modules/@testing-library/dom/dist/config.js:25:23)
      at Object.wrapEvent 
(node_modules/@testing-library/user-event/dist/cjs/event/wrapEvent.js:6:28)
      at Object.dispatchEvent (node_modules/@testing-library/user-event/dist/cj
s/event/dispatchEvent.js:45:22)
      at Object.dispatchUIEvent (node_modules/@testing-library/user-event/dist/
cjs/event/dispatchEvent.js:22:26)
      at commitInput 
(node_modules/@testing-library/user-event/dist/cjs/event/input.js:145:14)
      at editInputElement 
(node_modules/@testing-library/user-event/dist/cjs/event/input.js:115:9)
      at Object.input 
(node_modules/@testing-library/user-event/dist/cjs/event/input.js:37:9)
      at node_modules/@testing-library/user-event/dist/cjs/event/behavior/keypr
ess.js:31:26
      at Object.dispatchEvent (node_modules/@testing-library/user-event/dist/cj
s/event/dispatchEvent.js:41:13)
      at Object.dispatchUIEvent (node_modules/@testing-library/user-event/dist/
cjs/event/dispatchEvent.js:22:26)
      at KeyboardHost.keydown 
(node_modules/@testing-library/user-event/dist/cjs/system/keyboard.js:76:22)
      at keyboardAction 
(node_modules/@testing-library/user-event/dist/cjs/keyboard/index.js:22:35)
      at Object.keyboard 
(node_modules/@testing-library/user-event/dist/cjs/keyboard/index.js:11:15)
      at Object.type 
(node_modules/@testing-library/user-event/dist/cjs/utility/type.js:17:5)
      at Object.<anonymous> 
(src/submissions/SubmissionTabs/__tests__/SubmissionTabs.test.tsx:227:9)

    console.error
      Warning: An update to PlacingBrokingPane inside a test was not wrapped 
in act(...).
      
      When testing, code that causes React state updates should be wrapped 
into act(...):
      
      act(() => {
        /* fire events that update state */
      });
      /* assert on the output */
      
      This ensures that you're testing the behavior the user would see in the 
browser. Learn more at https://reactjs.org/link/wrap-tests-with-act
          at PlacingBrokingPane (C:\Users\samhe\OneDrive\Desktop\Cleaned\fronte
nd\src\submissions\SubmissionTabs\SubmissionTabs.tsx:144:5)
          at div
          at div
          at SubmissionTabs (C:\Users\samhe\OneDrive\Desktop\Cleaned\frontend\s
rc\submissions\SubmissionTabs\SubmissionTabs.tsx:695:5)
          at basenameProp (C:\Users\samhe\OneDrive\Desktop\Cleaned\frontend\nod
e_modules\react-router\lib\components.tsx:421:13)
          at basename (C:\Users\samhe\OneDrive\Desktop\Cleaned\frontend\node_mo
dules\react-router\lib\components.tsx:225:3)

      259 |                         value={brokerIndividualName}
      260 |                         disabled={isEditLocked}
    > 261 |                         onChange={(e) => 
setBrokerIndividualName(e.target.value)}
          |                                          ^
      262 |                         className="w-full border border-gray-300 
rounded px-3 py-2 text-sm disabled:bg-gray-100 disabled:text-gray-500 
disabled:cursor-not-allowed"
      263 |                     />
      264 |                 </div>

      at printWarning 
(node_modules/react-dom/cjs/react-dom.development.js:86:30)
      at error (node_modules/react-dom/cjs/react-dom.development.js:60:7)
      at warnIfUpdatesNotWrappedWithActDEV 
(node_modules/react-dom/cjs/react-dom.development.js:27628:9)
      at scheduleUpdateOnFiber 
(node_modules/react-dom/cjs/react-dom.development.js:25547:5)
      at dispatchSetState 
(node_modules/react-dom/cjs/react-dom.development.js:16708:7)
      at onChange (src/submissions/SubmissionTabs/SubmissionTabs.tsx:261:42)
      at HTMLUnknownElement.callCallback 
(node_modules/react-dom/cjs/react-dom.development.js:4164:14)
      at HTMLUnknownElement.callTheUserObjectsOperation 
(node_modules/jsdom/lib/jsdom/living/generated/EventListener.js:26:30)
      at innerInvokeEventListeners 
(node_modules/jsdom/lib/jsdom/living/events/EventTarget-impl.js:350:25)
      at invokeEventListeners 
(node_modules/jsdom/lib/jsdom/living/events/EventTarget-impl.js:286:3)
      at HTMLUnknownElementImpl._dispatch 
(node_modules/jsdom/lib/jsdom/living/events/EventTarget-impl.js:233:9)
      at HTMLUnknownElementImpl.dispatchEvent 
(node_modules/jsdom/lib/jsdom/living/events/EventTarget-impl.js:104:17)
      at HTMLUnknownElement.dispatchEvent 
(node_modules/jsdom/lib/jsdom/living/generated/EventTarget.js:241:34)
      at Object.invokeGuardedCallbackDev 
(node_modules/react-dom/cjs/react-dom.development.js:4213:16)
      at invokeGuardedCallback 
(node_modules/react-dom/cjs/react-dom.development.js:4277:31)
      at invokeGuardedCallbackAndCatchFirstError 
(node_modules/react-dom/cjs/react-dom.development.js:4291:25)
      at executeDispatch 
(node_modules/react-dom/cjs/react-dom.development.js:9041:3)
      at processDispatchQueueItemsInOrder 
(node_modules/react-dom/cjs/react-dom.development.js:9073:7)
      at processDispatchQueue 
(node_modules/react-dom/cjs/react-dom.development.js:9086:5)
      at dispatchEventsForPlugins 
(node_modules/react-dom/cjs/react-dom.development.js:9097:3)
      at node_modules/react-dom/cjs/react-dom.development.js:9288:12
      at batchedUpdates$1 
(node_modules/react-dom/cjs/react-dom.development.js:26179:12)
      at batchedUpdates 
(node_modules/react-dom/cjs/react-dom.development.js:3991:12)
      at dispatchEventForPluginEventSystem 
(node_modules/react-dom/cjs/react-dom.development.js:9287:3)
      at dispatchEventWithEnableCapturePhaseSelectiveHydrationWithoutDiscreteEv
entReplay (node_modules/react-dom/cjs/react-dom.development.js:6465:5)
      at dispatchEvent 
(node_modules/react-dom/cjs/react-dom.development.js:6457:5)
      at dispatchDiscreteEvent 
(node_modules/react-dom/cjs/react-dom.development.js:6430:5)
      at HTMLDivElement.callTheUserObjectsOperation 
(node_modules/jsdom/lib/jsdom/living/generated/EventListener.js:26:30)
      at innerInvokeEventListeners 
(node_modules/jsdom/lib/jsdom/living/events/EventTarget-impl.js:350:25)
      at invokeEventListeners 
(node_modules/jsdom/lib/jsdom/living/events/EventTarget-impl.js:286:3)
      at HTMLInputElementImpl._dispatch 
(node_modules/jsdom/lib/jsdom/living/events/EventTarget-impl.js:233:9)
      at HTMLInputElementImpl.dispatchEvent 
(node_modules/jsdom/lib/jsdom/living/events/EventTarget-impl.js:104:17)
      at HTMLInputElement.dispatchEvent 
(node_modules/jsdom/lib/jsdom/living/generated/EventTarget.js:241:34)
      at 
node_modules/@testing-library/user-event/dist/cjs/event/dispatchEvent.js:45:43
      at Object.eventWrapper 
(node_modules/@testing-library/dom/dist/config.js:25:23)
      at Object.wrapEvent 
(node_modules/@testing-library/user-event/dist/cjs/event/wrapEvent.js:6:28)
      at Object.dispatchEvent (node_modules/@testing-library/user-event/dist/cj
s/event/dispatchEvent.js:45:22)
      at Object.dispatchUIEvent (node_modules/@testing-library/user-event/dist/
cjs/event/dispatchEvent.js:22:26)
      at commitInput 
(node_modules/@testing-library/user-event/dist/cjs/event/input.js:145:14)
      at editInputElement 
(node_modules/@testing-library/user-event/dist/cjs/event/input.js:115:9)
      at Object.input 
(node_modules/@testing-library/user-event/dist/cjs/event/input.js:37:9)
      at node_modules/@testing-library/user-event/dist/cjs/event/behavior/keypr
ess.js:31:26
      at Object.dispatchEvent (node_modules/@testing-library/user-event/dist/cj
s/event/dispatchEvent.js:41:13)
      at Object.dispatchUIEvent (node_modules/@testing-library/user-event/dist/
cjs/event/dispatchEvent.js:22:26)
      at KeyboardHost.keydown 
(node_modules/@testing-library/user-event/dist/cjs/system/keyboard.js:76:22)
      at keyboardAction 
(node_modules/@testing-library/user-event/dist/cjs/keyboard/index.js:22:35)
      at Object.keyboard 
(node_modules/@testing-library/user-event/dist/cjs/keyboard/index.js:11:15)
      at Object.type 
(node_modules/@testing-library/user-event/dist/cjs/utility/type.js:17:5)
      at Object.<anonymous> 
(src/submissions/SubmissionTabs/__tests__/SubmissionTabs.test.tsx:227:9)

    console.error
      Warning: An update to PlacingBrokingPane inside a test was not wrapped 
in act(...).
      
      When testing, code that causes React state updates should be wrapped 
into act(...):
      
      act(() => {
        /* fire events that update state */
      });
      /* assert on the output */
      
      This ensures that you're testing the behavior the user would see in the 
browser. Learn more at https://reactjs.org/link/wrap-tests-with-act
          at PlacingBrokingPane (C:\Users\samhe\OneDrive\Desktop\Cleaned\fronte
nd\src\submissions\SubmissionTabs\SubmissionTabs.tsx:144:5)
          at div
          at div
          at SubmissionTabs (C:\Users\samhe\OneDrive\Desktop\Cleaned\frontend\s
rc\submissions\SubmissionTabs\SubmissionTabs.tsx:695:5)
          at basenameProp (C:\Users\samhe\OneDrive\Desktop\Cleaned\frontend\nod
e_modules\react-router\lib\components.tsx:421:13)
          at basename (C:\Users\samhe\OneDrive\Desktop\Cleaned\frontend\node_mo
dules\react-router\lib\components.tsx:225:3)

      259 |                         value={brokerIndividualName}
      260 |                         disabled={isEditLocked}
    > 261 |                         onChange={(e) => 
setBrokerIndividualName(e.target.value)}
          |                                          ^
      262 |                         className="w-full border border-gray-300 
rounded px-3 py-2 text-sm disabled:bg-gray-100 disabled:text-gray-500 
disabled:cursor-not-allowed"
      263 |                     />
      264 |                 </div>

      at printWarning 
(node_modules/react-dom/cjs/react-dom.development.js:86:30)
      at error (node_modules/react-dom/cjs/react-dom.development.js:60:7)
      at warnIfUpdatesNotWrappedWithActDEV 
(node_modules/react-dom/cjs/react-dom.development.js:27628:9)
      at scheduleUpdateOnFiber 
(node_modules/react-dom/cjs/react-dom.development.js:25547:5)
      at dispatchSetState 
(node_modules/react-dom/cjs/react-dom.development.js:16708:7)
      at onChange (src/submissions/SubmissionTabs/SubmissionTabs.tsx:261:42)
      at HTMLUnknownElement.callCallback 
(node_modules/react-dom/cjs/react-dom.development.js:4164:14)
      at HTMLUnknownElement.callTheUserObjectsOperation 
(node_modules/jsdom/lib/jsdom/living/generated/EventListener.js:26:30)
      at innerInvokeEventListeners 
(node_modules/jsdom/lib/jsdom/living/events/EventTarget-impl.js:350:25)
      at invokeEventListeners 
(node_modules/jsdom/lib/jsdom/living/events/EventTarget-impl.js:286:3)
      at HTMLUnknownElementImpl._dispatch 
(node_modules/jsdom/lib/jsdom/living/events/EventTarget-impl.js:233:9)
      at HTMLUnknownElementImpl.dispatchEvent 
(node_modules/jsdom/lib/jsdom/living/events/EventTarget-impl.js:104:17)
      at HTMLUnknownElement.dispatchEvent 
(node_modules/jsdom/lib/jsdom/living/generated/EventTarget.js:241:34)
      at Object.invokeGuardedCallbackDev 
(node_modules/react-dom/cjs/react-dom.development.js:4213:16)
      at invokeGuardedCallback 
(node_modules/react-dom/cjs/react-dom.development.js:4277:31)
      at invokeGuardedCallbackAndCatchFirstError 
(node_modules/react-dom/cjs/react-dom.development.js:4291:25)
      at executeDispatch 
(node_modules/react-dom/cjs/react-dom.development.js:9041:3)
      at processDispatchQueueItemsInOrder 
(node_modules/react-dom/cjs/react-dom.development.js:9073:7)
      at processDispatchQueue 
(node_modules/react-dom/cjs/react-dom.development.js:9086:5)
      at dispatchEventsForPlugins 
(node_modules/react-dom/cjs/react-dom.development.js:9097:3)
      at node_modules/react-dom/cjs/react-dom.development.js:9288:12
      at batchedUpdates$1 
(node_modules/react-dom/cjs/react-dom.development.js:26179:12)
      at batchedUpdates 
(node_modules/react-dom/cjs/react-dom.development.js:3991:12)
      at dispatchEventForPluginEventSystem 
(node_modules/react-dom/cjs/react-dom.development.js:9287:3)
      at dispatchEventWithEnableCapturePhaseSelectiveHydrationWithoutDiscreteEv
entReplay (node_modules/react-dom/cjs/react-dom.development.js:6465:5)
      at dispatchEvent 
(node_modules/react-dom/cjs/react-dom.development.js:6457:5)
      at dispatchDiscreteEvent 
(node_modules/react-dom/cjs/react-dom.development.js:6430:5)
      at HTMLDivElement.callTheUserObjectsOperation 
(node_modules/jsdom/lib/jsdom/living/generated/EventListener.js:26:30)
      at innerInvokeEventListeners 
(node_modules/jsdom/lib/jsdom/living/events/EventTarget-impl.js:350:25)
      at invokeEventListeners 
(node_modules/jsdom/lib/jsdom/living/events/EventTarget-impl.js:286:3)
      at HTMLInputElementImpl._dispatch 
(node_modules/jsdom/lib/jsdom/living/events/EventTarget-impl.js:233:9)
      at HTMLInputElementImpl.dispatchEvent 
(node_modules/jsdom/lib/jsdom/living/events/EventTarget-impl.js:104:17)
      at HTMLInputElement.dispatchEvent 
(node_modules/jsdom/lib/jsdom/living/generated/EventTarget.js:241:34)
      at 
node_modules/@testing-library/user-event/dist/cjs/event/dispatchEvent.js:45:43
      at Object.eventWrapper 
(node_modules/@testing-library/dom/dist/config.js:25:23)
      at Object.wrapEvent 
(node_modules/@testing-library/user-event/dist/cjs/event/wrapEvent.js:6:28)
      at Object.dispatchEvent (node_modules/@testing-library/user-event/dist/cj
s/event/dispatchEvent.js:45:22)
      at Object.dispatchUIEvent (node_modules/@testing-library/user-event/dist/
cjs/event/dispatchEvent.js:22:26)
      at commitInput 
(node_modules/@testing-library/user-event/dist/cjs/event/input.js:145:14)
      at editInputElement 
(node_modules/@testing-library/user-event/dist/cjs/event/input.js:115:9)
      at Object.input 
(node_modules/@testing-library/user-event/dist/cjs/event/input.js:37:9)
      at node_modules/@testing-library/user-event/dist/cjs/event/behavior/keypr
ess.js:31:26
      at Object.dispatchEvent (node_modules/@testing-library/user-event/dist/cj
s/event/dispatchEvent.js:41:13)
      at Object.dispatchUIEvent (node_modules/@testing-library/user-event/dist/
cjs/event/dispatchEvent.js:22:26)
      at KeyboardHost.keydown 
(node_modules/@testing-library/user-event/dist/cjs/system/keyboard.js:76:22)
      at keyboardAction 
(node_modules/@testing-library/user-event/dist/cjs/keyboard/index.js:22:35)
      at Object.keyboard 
(node_modules/@testing-library/user-event/dist/cjs/keyboard/index.js:11:15)
      at Object.type 
(node_modules/@testing-library/user-event/dist/cjs/utility/type.js:17:5)
      at Object.<anonymous> 
(src/submissions/SubmissionTabs/__tests__/SubmissionTabs.test.tsx:227:9)

    console.error
      Warning: An update to PlacingBrokingPane inside a test was not wrapped 
in act(...).
      
      When testing, code that causes React state updates should be wrapped 
into act(...):
      
      act(() => {
        /* fire events that update state */
      });
      /* assert on the output */
      
      This ensures that you're testing the behavior the user would see in the 
browser. Learn more at https://reactjs.org/link/wrap-tests-with-act
          at PlacingBrokingPane (C:\Users\samhe\OneDrive\Desktop\Cleaned\fronte
nd\src\submissions\SubmissionTabs\SubmissionTabs.tsx:144:5)
          at div
          at div
          at SubmissionTabs (C:\Users\samhe\OneDrive\Desktop\Cleaned\frontend\s
rc\submissions\SubmissionTabs\SubmissionTabs.tsx:695:5)
          at basenameProp (C:\Users\samhe\OneDrive\Desktop\Cleaned\frontend\nod
e_modules\react-router\lib\components.tsx:421:13)
          at basename (C:\Users\samhe\OneDrive\Desktop\Cleaned\frontend\node_mo
dules\react-router\lib\components.tsx:225:3)

      259 |                         value={brokerIndividualName}
      260 |                         disabled={isEditLocked}
    > 261 |                         onChange={(e) => 
setBrokerIndividualName(e.target.value)}
          |                                          ^
      262 |                         className="w-full border border-gray-300 
rounded px-3 py-2 text-sm disabled:bg-gray-100 disabled:text-gray-500 
disabled:cursor-not-allowed"
      263 |                     />
      264 |                 </div>

      at printWarning 
(node_modules/react-dom/cjs/react-dom.development.js:86:30)
      at error (node_modules/react-dom/cjs/react-dom.development.js:60:7)
      at warnIfUpdatesNotWrappedWithActDEV 
(node_modules/react-dom/cjs/react-dom.development.js:27628:9)
      at scheduleUpdateOnFiber 
(node_modules/react-dom/cjs/react-dom.development.js:25547:5)
      at dispatchSetState 
(node_modules/react-dom/cjs/react-dom.development.js:16708:7)
      at onChange (src/submissions/SubmissionTabs/SubmissionTabs.tsx:261:42)
      at HTMLUnknownElement.callCallback 
(node_modules/react-dom/cjs/react-dom.development.js:4164:14)
      at HTMLUnknownElement.callTheUserObjectsOperation 
(node_modules/jsdom/lib/jsdom/living/generated/EventListener.js:26:30)
      at innerInvokeEventListeners 
(node_modules/jsdom/lib/jsdom/living/events/EventTarget-impl.js:350:25)
      at invokeEventListeners 
(node_modules/jsdom/lib/jsdom/living/events/EventTarget-impl.js:286:3)
      at HTMLUnknownElementImpl._dispatch 
(node_modules/jsdom/lib/jsdom/living/events/EventTarget-impl.js:233:9)
      at HTMLUnknownElementImpl.dispatchEvent 
(node_modules/jsdom/lib/jsdom/living/events/EventTarget-impl.js:104:17)
      at HTMLUnknownElement.dispatchEvent 
(node_modules/jsdom/lib/jsdom/living/generated/EventTarget.js:241:34)
      at Object.invokeGuardedCallbackDev 
(node_modules/react-dom/cjs/react-dom.development.js:4213:16)
      at invokeGuardedCallback 
(node_modules/react-dom/cjs/react-dom.development.js:4277:31)
      at invokeGuardedCallbackAndCatchFirstError 
(node_modules/react-dom/cjs/react-dom.development.js:4291:25)
      at executeDispatch 
(node_modules/react-dom/cjs/react-dom.development.js:9041:3)
      at processDispatchQueueItemsInOrder 
(node_modules/react-dom/cjs/react-dom.development.js:9073:7)
      at processDispatchQueue 
(node_modules/react-dom/cjs/react-dom.development.js:9086:5)
      at dispatchEventsForPlugins 
(node_modules/react-dom/cjs/react-dom.development.js:9097:3)
      at node_modules/react-dom/cjs/react-dom.development.js:9288:12
      at batchedUpdates$1 
(node_modules/react-dom/cjs/react-dom.development.js:26179:12)
      at batchedUpdates 
(node_modules/react-dom/cjs/react-dom.development.js:3991:12)
      at dispatchEventForPluginEventSystem 
(node_modules/react-dom/cjs/react-dom.development.js:9287:3)
      at dispatchEventWithEnableCapturePhaseSelectiveHydrationWithoutDiscreteEv
entReplay (node_modules/react-dom/cjs/react-dom.development.js:6465:5)
      at dispatchEvent 
(node_modules/react-dom/cjs/react-dom.development.js:6457:5)
      at dispatchDiscreteEvent 
(node_modules/react-dom/cjs/react-dom.development.js:6430:5)
      at HTMLDivElement.callTheUserObjectsOperation 
(node_modules/jsdom/lib/jsdom/living/generated/EventListener.js:26:30)
      at innerInvokeEventListeners 
(node_modules/jsdom/lib/jsdom/living/events/EventTarget-impl.js:350:25)
      at invokeEventListeners 
(node_modules/jsdom/lib/jsdom/living/events/EventTarget-impl.js:286:3)
      at HTMLInputElementImpl._dispatch 
(node_modules/jsdom/lib/jsdom/living/events/EventTarget-impl.js:233:9)
      at HTMLInputElementImpl.dispatchEvent 
(node_modules/jsdom/lib/jsdom/living/events/EventTarget-impl.js:104:17)
      at HTMLInputElement.dispatchEvent 
(node_modules/jsdom/lib/jsdom/living/generated/EventTarget.js:241:34)
      at 
node_modules/@testing-library/user-event/dist/cjs/event/dispatchEvent.js:45:43
      at Object.eventWrapper 
(node_modules/@testing-library/dom/dist/config.js:25:23)
      at Object.wrapEvent 
(node_modules/@testing-library/user-event/dist/cjs/event/wrapEvent.js:6:28)
      at Object.dispatchEvent (node_modules/@testing-library/user-event/dist/cj
s/event/dispatchEvent.js:45:22)
      at Object.dispatchUIEvent (node_modules/@testing-library/user-event/dist/
cjs/event/dispatchEvent.js:22:26)
      at commitInput 
(node_modules/@testing-library/user-event/dist/cjs/event/input.js:145:14)
      at editInputElement 
(node_modules/@testing-library/user-event/dist/cjs/event/input.js:115:9)
      at Object.input 
(node_modules/@testing-library/user-event/dist/cjs/event/input.js:37:9)
      at node_modules/@testing-library/user-event/dist/cjs/event/behavior/keypr
ess.js:31:26
      at Object.dispatchEvent (node_modules/@testing-library/user-event/dist/cj
s/event/dispatchEvent.js:41:13)
      at Object.dispatchUIEvent (node_modules/@testing-library/user-event/dist/
cjs/event/dispatchEvent.js:22:26)
      at KeyboardHost.keydown 
(node_modules/@testing-library/user-event/dist/cjs/system/keyboard.js:76:22)
      at keyboardAction 
(node_modules/@testing-library/user-event/dist/cjs/keyboard/index.js:22:35)
      at Object.keyboard 
(node_modules/@testing-library/user-event/dist/cjs/keyboard/index.js:11:15)
      at Object.type 
(node_modules/@testing-library/user-event/dist/cjs/utility/type.js:17:5)
      at Object.<anonymous> 
(src/submissions/SubmissionTabs/__tests__/SubmissionTabs.test.tsx:227:9)

    console.error
      Warning: An update to PlacingBrokingPane inside a test was not wrapped 
in act(...).
      
      When testing, code that causes React state updates should be wrapped 
into act(...):
      
      act(() => {
        /* fire events that update state */
      });
      /* assert on the output */
      
      This ensures that you're testing the behavior the user would see in the 
browser. Learn more at https://reactjs.org/link/wrap-tests-with-act
          at PlacingBrokingPane (C:\Users\samhe\OneDrive\Desktop\Cleaned\fronte
nd\src\submissions\SubmissionTabs\SubmissionTabs.tsx:144:5)
          at div
          at div
          at SubmissionTabs (C:\Users\samhe\OneDrive\Desktop\Cleaned\frontend\s
rc\submissions\SubmissionTabs\SubmissionTabs.tsx:695:5)
          at basenameProp (C:\Users\samhe\OneDrive\Desktop\Cleaned\frontend\nod
e_modules\react-router\lib\components.tsx:421:13)
          at basename (C:\Users\samhe\OneDrive\Desktop\Cleaned\frontend\node_mo
dules\react-router\lib\components.tsx:225:3)

      259 |                         value={brokerIndividualName}
      260 |                         disabled={isEditLocked}
    > 261 |                         onChange={(e) => 
setBrokerIndividualName(e.target.value)}
          |                                          ^
      262 |                         className="w-full border border-gray-300 
rounded px-3 py-2 text-sm disabled:bg-gray-100 disabled:text-gray-500 
disabled:cursor-not-allowed"
      263 |                     />
      264 |                 </div>

      at printWarning 
(node_modules/react-dom/cjs/react-dom.development.js:86:30)
      at error (node_modules/react-dom/cjs/react-dom.development.js:60:7)
      at warnIfUpdatesNotWrappedWithActDEV 
(node_modules/react-dom/cjs/react-dom.development.js:27628:9)
      at scheduleUpdateOnFiber 
(node_modules/react-dom/cjs/react-dom.development.js:25547:5)
      at dispatchSetState 
(node_modules/react-dom/cjs/react-dom.development.js:16708:7)
      at onChange (src/submissions/SubmissionTabs/SubmissionTabs.tsx:261:42)
      at HTMLUnknownElement.callCallback 
(node_modules/react-dom/cjs/react-dom.development.js:4164:14)
      at HTMLUnknownElement.callTheUserObjectsOperation 
(node_modules/jsdom/lib/jsdom/living/generated/EventListener.js:26:30)
      at innerInvokeEventListeners 
(node_modules/jsdom/lib/jsdom/living/events/EventTarget-impl.js:350:25)
      at invokeEventListeners 
(node_modules/jsdom/lib/jsdom/living/events/EventTarget-impl.js:286:3)
      at HTMLUnknownElementImpl._dispatch 
(node_modules/jsdom/lib/jsdom/living/events/EventTarget-impl.js:233:9)
      at HTMLUnknownElementImpl.dispatchEvent 
(node_modules/jsdom/lib/jsdom/living/events/EventTarget-impl.js:104:17)
      at HTMLUnknownElement.dispatchEvent 
(node_modules/jsdom/lib/jsdom/living/generated/EventTarget.js:241:34)
      at Object.invokeGuardedCallbackDev 
(node_modules/react-dom/cjs/react-dom.development.js:4213:16)
      at invokeGuardedCallback 
(node_modules/react-dom/cjs/react-dom.development.js:4277:31)
      at invokeGuardedCallbackAndCatchFirstError 
(node_modules/react-dom/cjs/react-dom.development.js:4291:25)
      at executeDispatch 
(node_modules/react-dom/cjs/react-dom.development.js:9041:3)
      at processDispatchQueueItemsInOrder 
(node_modules/react-dom/cjs/react-dom.development.js:9073:7)
      at processDispatchQueue 
(node_modules/react-dom/cjs/react-dom.development.js:9086:5)
      at dispatchEventsForPlugins 
(node_modules/react-dom/cjs/react-dom.development.js:9097:3)
      at node_modules/react-dom/cjs/react-dom.development.js:9288:12
      at batchedUpdates$1 
(node_modules/react-dom/cjs/react-dom.development.js:26179:12)
      at batchedUpdates 
(node_modules/react-dom/cjs/react-dom.development.js:3991:12)
      at dispatchEventForPluginEventSystem 
(node_modules/react-dom/cjs/react-dom.development.js:9287:3)
      at dispatchEventWithEnableCapturePhaseSelectiveHydrationWithoutDiscreteEv
entReplay (node_modules/react-dom/cjs/react-dom.development.js:6465:5)
      at dispatchEvent 
(node_modules/react-dom/cjs/react-dom.development.js:6457:5)
      at dispatchDiscreteEvent 
(node_modules/react-dom/cjs/react-dom.development.js:6430:5)
      at HTMLDivElement.callTheUserObjectsOperation 
(node_modules/jsdom/lib/jsdom/living/generated/EventListener.js:26:30)
      at innerInvokeEventListeners 
(node_modules/jsdom/lib/jsdom/living/events/EventTarget-impl.js:350:25)
      at invokeEventListeners 
(node_modules/jsdom/lib/jsdom/living/events/EventTarget-impl.js:286:3)
      at HTMLInputElementImpl._dispatch 
(node_modules/jsdom/lib/jsdom/living/events/EventTarget-impl.js:233:9)
      at HTMLInputElementImpl.dispatchEvent 
(node_modules/jsdom/lib/jsdom/living/events/EventTarget-impl.js:104:17)
      at HTMLInputElement.dispatchEvent 
(node_modules/jsdom/lib/jsdom/living/generated/EventTarget.js:241:34)
      at 
node_modules/@testing-library/user-event/dist/cjs/event/dispatchEvent.js:45:43
      at Object.eventWrapper 
(node_modules/@testing-library/dom/dist/config.js:25:23)
      at Object.wrapEvent 
(node_modules/@testing-library/user-event/dist/cjs/event/wrapEvent.js:6:28)
      at Object.dispatchEvent (node_modules/@testing-library/user-event/dist/cj
s/event/dispatchEvent.js:45:22)
      at Object.dispatchUIEvent (node_modules/@testing-library/user-event/dist/
cjs/event/dispatchEvent.js:22:26)
      at commitInput 
(node_modules/@testing-library/user-event/dist/cjs/event/input.js:145:14)
      at editInputElement 
(node_modules/@testing-library/user-event/dist/cjs/event/input.js:115:9)
      at Object.input 
(node_modules/@testing-library/user-event/dist/cjs/event/input.js:37:9)
      at node_modules/@testing-library/user-event/dist/cjs/event/behavior/keypr
ess.js:31:26
      at Object.dispatchEvent (node_modules/@testing-library/user-event/dist/cj
s/event/dispatchEvent.js:41:13)
      at Object.dispatchUIEvent (node_modules/@testing-library/user-event/dist/
cjs/event/dispatchEvent.js:22:26)
      at KeyboardHost.keydown 
(node_modules/@testing-library/user-event/dist/cjs/system/keyboard.js:76:22)
      at keyboardAction 
(node_modules/@testing-library/user-event/dist/cjs/keyboard/index.js:22:35)
      at Object.keyboard 
(node_modules/@testing-library/user-event/dist/cjs/keyboard/index.js:11:15)
      at Object.type 
(node_modules/@testing-library/user-event/dist/cjs/utility/type.js:17:5)
      at Object.<anonymous> 
(src/submissions/SubmissionTabs/__tests__/SubmissionTabs.test.tsx:227:9)

    console.error
      Warning: An update to PlacingBrokingPane inside a test was not wrapped 
in act(...).
      
      When testing, code that causes React state updates should be wrapped 
into act(...):
      
      act(() => {
        /* fire events that update state */
      });
      /* assert on the output */
      
      This ensures that you're testing the behavior the user would see in the 
browser. Learn more at https://reactjs.org/link/wrap-tests-with-act
          at PlacingBrokingPane (C:\Users\samhe\OneDrive\Desktop\Cleaned\fronte
nd\src\submissions\SubmissionTabs\SubmissionTabs.tsx:144:5)
          at div
          at div
          at SubmissionTabs (C:\Users\samhe\OneDrive\Desktop\Cleaned\frontend\s
rc\submissions\SubmissionTabs\SubmissionTabs.tsx:695:5)
          at basenameProp (C:\Users\samhe\OneDrive\Desktop\Cleaned\frontend\nod
e_modules\react-router\lib\components.tsx:421:13)
          at basename (C:\Users\samhe\OneDrive\Desktop\Cleaned\frontend\node_mo
dules\react-router\lib\components.tsx:225:3)

      259 |                         value={brokerIndividualName}
      260 |                         disabled={isEditLocked}
    > 261 |                         onChange={(e) => 
setBrokerIndividualName(e.target.value)}
          |                                          ^
      262 |                         className="w-full border border-gray-300 
rounded px-3 py-2 text-sm disabled:bg-gray-100 disabled:text-gray-500 
disabled:cursor-not-allowed"
      263 |                     />
      264 |                 </div>

      at printWarning 
(node_modules/react-dom/cjs/react-dom.development.js:86:30)
      at error (node_modules/react-dom/cjs/react-dom.development.js:60:7)
      at warnIfUpdatesNotWrappedWithActDEV 
(node_modules/react-dom/cjs/react-dom.development.js:27628:9)
      at scheduleUpdateOnFiber 
(node_modules/react-dom/cjs/react-dom.development.js:25547:5)
      at dispatchSetState 
(node_modules/react-dom/cjs/react-dom.development.js:16708:7)
      at onChange (src/submissions/SubmissionTabs/SubmissionTabs.tsx:261:42)
      at HTMLUnknownElement.callCallback 
(node_modules/react-dom/cjs/react-dom.development.js:4164:14)
      at HTMLUnknownElement.callTheUserObjectsOperation 
(node_modules/jsdom/lib/jsdom/living/generated/EventListener.js:26:30)
      at innerInvokeEventListeners 
(node_modules/jsdom/lib/jsdom/living/events/EventTarget-impl.js:350:25)
      at invokeEventListeners 
(node_modules/jsdom/lib/jsdom/living/events/EventTarget-impl.js:286:3)
      at HTMLUnknownElementImpl._dispatch 
(node_modules/jsdom/lib/jsdom/living/events/EventTarget-impl.js:233:9)
      at HTMLUnknownElementImpl.dispatchEvent 
(node_modules/jsdom/lib/jsdom/living/events/EventTarget-impl.js:104:17)
      at HTMLUnknownElement.dispatchEvent 
(node_modules/jsdom/lib/jsdom/living/generated/EventTarget.js:241:34)
      at Object.invokeGuardedCallbackDev 
(node_modules/react-dom/cjs/react-dom.development.js:4213:16)
      at invokeGuardedCallback 
(node_modules/react-dom/cjs/react-dom.development.js:4277:31)
      at invokeGuardedCallbackAndCatchFirstError 
(node_modules/react-dom/cjs/react-dom.development.js:4291:25)
      at executeDispatch 
(node_modules/react-dom/cjs/react-dom.development.js:9041:3)
      at processDispatchQueueItemsInOrder 
(node_modules/react-dom/cjs/react-dom.development.js:9073:7)
      at processDispatchQueue 
(node_modules/react-dom/cjs/react-dom.development.js:9086:5)
      at dispatchEventsForPlugins 
(node_modules/react-dom/cjs/react-dom.development.js:9097:3)
      at node_modules/react-dom/cjs/react-dom.development.js:9288:12
      at batchedUpdates$1 
(node_modules/react-dom/cjs/react-dom.development.js:26179:12)
      at batchedUpdates 
(node_modules/react-dom/cjs/react-dom.development.js:3991:12)
      at dispatchEventForPluginEventSystem 
(node_modules/react-dom/cjs/react-dom.development.js:9287:3)
      at dispatchEventWithEnableCapturePhaseSelectiveHydrationWithoutDiscreteEv
entReplay (node_modules/react-dom/cjs/react-dom.development.js:6465:5)
      at dispatchEvent 
(node_modules/react-dom/cjs/react-dom.development.js:6457:5)
      at dispatchDiscreteEvent 
(node_modules/react-dom/cjs/react-dom.development.js:6430:5)
      at HTMLDivElement.callTheUserObjectsOperation 
(node_modules/jsdom/lib/jsdom/living/generated/EventListener.js:26:30)
      at innerInvokeEventListeners 
(node_modules/jsdom/lib/jsdom/living/events/EventTarget-impl.js:350:25)
      at invokeEventListeners 
(node_modules/jsdom/lib/jsdom/living/events/EventTarget-impl.js:286:3)
      at HTMLInputElementImpl._dispatch 
(node_modules/jsdom/lib/jsdom/living/events/EventTarget-impl.js:233:9)
      at HTMLInputElementImpl.dispatchEvent 
(node_modules/jsdom/lib/jsdom/living/events/EventTarget-impl.js:104:17)
      at HTMLInputElement.dispatchEvent 
(node_modules/jsdom/lib/jsdom/living/generated/EventTarget.js:241:34)
      at 
node_modules/@testing-library/user-event/dist/cjs/event/dispatchEvent.js:45:43
      at Object.eventWrapper 
(node_modules/@testing-library/dom/dist/config.js:25:23)
      at Object.wrapEvent 
(node_modules/@testing-library/user-event/dist/cjs/event/wrapEvent.js:6:28)
      at Object.dispatchEvent (node_modules/@testing-library/user-event/dist/cj
s/event/dispatchEvent.js:45:22)
      at Object.dispatchUIEvent (node_modules/@testing-library/user-event/dist/
cjs/event/dispatchEvent.js:22:26)
      at commitInput 
(node_modules/@testing-library/user-event/dist/cjs/event/input.js:145:14)
      at editInputElement 
(node_modules/@testing-library/user-event/dist/cjs/event/input.js:115:9)
      at Object.input 
(node_modules/@testing-library/user-event/dist/cjs/event/input.js:37:9)
      at node_modules/@testing-library/user-event/dist/cjs/event/behavior/keypr
ess.js:31:26
      at Object.dispatchEvent (node_modules/@testing-library/user-event/dist/cj
s/event/dispatchEvent.js:41:13)
      at Object.dispatchUIEvent (node_modules/@testing-library/user-event/dist/
cjs/event/dispatchEvent.js:22:26)
      at KeyboardHost.keydown 
(node_modules/@testing-library/user-event/dist/cjs/system/keyboard.js:76:22)
      at keyboardAction 
(node_modules/@testing-library/user-event/dist/cjs/keyboard/index.js:22:35)
      at Object.keyboard 
(node_modules/@testing-library/user-event/dist/cjs/keyboard/index.js:11:15)
      at Object.type 
(node_modules/@testing-library/user-event/dist/cjs/utility/type.js:17:5)
      at Object.<anonymous> 
(src/submissions/SubmissionTabs/__tests__/SubmissionTabs.test.tsx:227:9)

    console.error
      Warning: An update to PlacingBrokingPane inside a test was not wrapped 
in act(...).
      
      When testing, code that causes React state updates should be wrapped 
into act(...):
      
      act(() => {
        /* fire events that update state */
      });
      /* assert on the output */
      
      This ensures that you're testing the behavior the user would see in the 
browser. Learn more at https://reactjs.org/link/wrap-tests-with-act
          at PlacingBrokingPane (C:\Users\samhe\OneDrive\Desktop\Cleaned\fronte
nd\src\submissions\SubmissionTabs\SubmissionTabs.tsx:144:5)
          at div
          at div
          at SubmissionTabs (C:\Users\samhe\OneDrive\Desktop\Cleaned\frontend\s
rc\submissions\SubmissionTabs\SubmissionTabs.tsx:695:5)
          at basenameProp (C:\Users\samhe\OneDrive\Desktop\Cleaned\frontend\nod
e_modules\react-router\lib\components.tsx:421:13)
          at basename (C:\Users\samhe\OneDrive\Desktop\Cleaned\frontend\node_mo
dules\react-router\lib\components.tsx:225:3)

      244 |                             aria-label="Search parties"
      245 |                             disabled={isEditLocked}
    > 246 |                             onClick={() => setModalOpen(true)}
          |                                            ^
      247 |                             className="absolute inset-y-0 right-0 
flex items-center pr-3 text-gray-400 hover:text-gray-700 
disabled:text-gray-300 disabled:cursor-not-allowed"
      248 |                         >
      249 |                             <FiSearch size={16} />

      at printWarning 
(node_modules/react-dom/cjs/react-dom.development.js:86:30)
      at error (node_modules/react-dom/cjs/react-dom.development.js:60:7)
      at warnIfUpdatesNotWrappedWithActDEV 
(node_modules/react-dom/cjs/react-dom.development.js:27628:9)
      at scheduleUpdateOnFiber 
(node_modules/react-dom/cjs/react-dom.development.js:25547:5)
      at dispatchSetState 
(node_modules/react-dom/cjs/react-dom.development.js:16708:7)
      at onClick (src/submissions/SubmissionTabs/SubmissionTabs.tsx:246:44)
      at HTMLUnknownElement.callCallback 
(node_modules/react-dom/cjs/react-dom.development.js:4164:14)
      at HTMLUnknownElement.callTheUserObjectsOperation 
(node_modules/jsdom/lib/jsdom/living/generated/EventListener.js:26:30)
      at innerInvokeEventListeners 
(node_modules/jsdom/lib/jsdom/living/events/EventTarget-impl.js:350:25)
      at invokeEventListeners 
(node_modules/jsdom/lib/jsdom/living/events/EventTarget-impl.js:286:3)
      at HTMLUnknownElementImpl._dispatch 
(node_modules/jsdom/lib/jsdom/living/events/EventTarget-impl.js:233:9)
      at HTMLUnknownElementImpl.dispatchEvent 
(node_modules/jsdom/lib/jsdom/living/events/EventTarget-impl.js:104:17)
      at HTMLUnknownElement.dispatchEvent 
(node_modules/jsdom/lib/jsdom/living/generated/EventTarget.js:241:34)
      at Object.invokeGuardedCallbackDev 
(node_modules/react-dom/cjs/react-dom.development.js:4213:16)
      at invokeGuardedCallback 
(node_modules/react-dom/cjs/react-dom.development.js:4277:31)
      at invokeGuardedCallbackAndCatchFirstError 
(node_modules/react-dom/cjs/react-dom.development.js:4291:25)
      at executeDispatch 
(node_modules/react-dom/cjs/react-dom.development.js:9041:3)
      at processDispatchQueueItemsInOrder 
(node_modules/react-dom/cjs/react-dom.development.js:9073:7)
      at processDispatchQueue 
(node_modules/react-dom/cjs/react-dom.development.js:9086:5)
      at dispatchEventsForPlugins 
(node_modules/react-dom/cjs/react-dom.development.js:9097:3)
      at node_modules/react-dom/cjs/react-dom.development.js:9288:12
      at batchedUpdates$1 
(node_modules/react-dom/cjs/react-dom.development.js:26179:12)
      at batchedUpdates 
(node_modules/react-dom/cjs/react-dom.development.js:3991:12)
      at dispatchEventForPluginEventSystem 
(node_modules/react-dom/cjs/react-dom.development.js:9287:3)
      at dispatchEventWithEnableCapturePhaseSelectiveHydrationWithoutDiscreteEv
entReplay (node_modules/react-dom/cjs/react-dom.development.js:6465:5)
      at dispatchEvent 
(node_modules/react-dom/cjs/react-dom.development.js:6457:5)
      at dispatchDiscreteEvent 
(node_modules/react-dom/cjs/react-dom.development.js:6430:5)
      at HTMLDivElement.callTheUserObjectsOperation 
(node_modules/jsdom/lib/jsdom/living/generated/EventListener.js:26:30)
      at innerInvokeEventListeners 
(node_modules/jsdom/lib/jsdom/living/events/EventTarget-impl.js:350:25)
      at invokeEventListeners 
(node_modules/jsdom/lib/jsdom/living/events/EventTarget-impl.js:286:3)
      at HTMLButtonElementImpl._dispatch 
(node_modules/jsdom/lib/jsdom/living/events/EventTarget-impl.js:233:9)
      at HTMLButtonElementImpl.dispatchEvent 
(node_modules/jsdom/lib/jsdom/living/events/EventTarget-impl.js:104:17)
      at HTMLButtonElement.dispatchEvent 
(node_modules/jsdom/lib/jsdom/living/generated/EventTarget.js:241:34)
      at 
node_modules/@testing-library/user-event/dist/cjs/event/dispatchEvent.js:45:43
      at Object.eventWrapper 
(node_modules/@testing-library/dom/dist/config.js:25:23)
      at Object.wrapEvent 
(node_modules/@testing-library/user-event/dist/cjs/event/wrapEvent.js:6:28)
      at Object.dispatchEvent (node_modules/@testing-library/user-event/dist/cj
s/event/dispatchEvent.js:45:22)
      at Object.dispatchUIEvent (node_modules/@testing-library/user-event/dist/
cjs/event/dispatchEvent.js:22:26)
      at Mouse.up (node_modules/@testing-library/user-event/dist/cjs/system/poi
nter/mouse.js:100:30)
      at PointerHost.release (node_modules/@testing-library/user-event/dist/cjs
/system/pointer/index.js:87:24)
      at pointerAction 
(node_modules/@testing-library/user-event/dist/cjs/pointer/index.js:54:47)
      at Object.pointer 
(node_modules/@testing-library/user-event/dist/cjs/pointer/index.js:27:9)
      at Object.<anonymous> 
(src/submissions/SubmissionTabs/__tests__/SubmissionTabs.test.tsx:236:9)

    console.error
      Warning: An update to BrokerSearchModal inside a test was not wrapped in 
act(...).
      
      When testing, code that causes React state updates should be wrapped 
into act(...):
      
      act(() => {
        /* fire events that update state */
      });
      /* assert on the output */
      
      This ensures that you're testing the behavior the user would see in the 
browser. Learn more at https://reactjs.org/link/wrap-tests-with-act
          at BrokerSearchModal (C:\Users\samhe\OneDrive\Desktop\Cleaned\fronten
d\src\submissions\SubmissionTabs\SubmissionTabs.tsx:65:5)
          at div
          at PlacingBrokingPane (C:\Users\samhe\OneDrive\Desktop\Cleaned\fronte
nd\src\submissions\SubmissionTabs\SubmissionTabs.tsx:144:5)
          at div
          at div
          at SubmissionTabs (C:\Users\samhe\OneDrive\Desktop\Cleaned\frontend\s
rc\submissions\SubmissionTabs\SubmissionTabs.tsx:695:5)
          at basenameProp (C:\Users\samhe\OneDrive\Desktop\Cleaned\frontend\nod
e_modules\react-router\lib\components.tsx:421:13)
          at basename (C:\Users\samhe\OneDrive\Desktop\Cleaned\frontend\node_mo
dules\react-router\lib\components.tsx:225:3)

      78 |         if (!isOpen) return
      79 |         let cancelled = false
    > 80 |         setLoading(true)
         |         ^
      81 |         listParties({ type: 'Broker', search: query.trim() || 
undefined })
      82 |             .then((rows) => {
      83 |                 if (!cancelled) setResults(rows)

      at printWarning 
(node_modules/react-dom/cjs/react-dom.development.js:86:30)
      at error (node_modules/react-dom/cjs/react-dom.development.js:60:7)
      at warnIfUpdatesNotWrappedWithActDEV 
(node_modules/react-dom/cjs/react-dom.development.js:27628:9)
      at scheduleUpdateOnFiber 
(node_modules/react-dom/cjs/react-dom.development.js:25547:5)
      at dispatchSetState 
(node_modules/react-dom/cjs/react-dom.development.js:16708:7)
      at src/submissions/SubmissionTabs/SubmissionTabs.tsx:80:9
      at commitHookEffectListMount 
(node_modules/react-dom/cjs/react-dom.development.js:23189:26)
      at commitPassiveMountOnFiber 
(node_modules/react-dom/cjs/react-dom.development.js:24970:11)
      at commitPassiveMountEffects_complete 
(node_modules/react-dom/cjs/react-dom.development.js:24930:9)
      at commitPassiveMountEffects_begin 
(node_modules/react-dom/cjs/react-dom.development.js:24917:7)
      at commitPassiveMountEffects 
(node_modules/react-dom/cjs/react-dom.development.js:24905:3)
      at flushPassiveEffectsImpl 
(node_modules/react-dom/cjs/react-dom.development.js:27078:3)
      at flushPassiveEffects 
(node_modules/react-dom/cjs/react-dom.development.js:27023:14)
      at commitRootImpl 
(node_modules/react-dom/cjs/react-dom.development.js:26974:5)
      at commitRoot 
(node_modules/react-dom/cjs/react-dom.development.js:26721:5)
      at performSyncWorkOnRoot 
(node_modules/react-dom/cjs/react-dom.development.js:26156:3)
      at flushSyncCallbacks 
(node_modules/react-dom/cjs/react-dom.development.js:12042:22)
      at node_modules/react-dom/cjs/react-dom.development.js:25690:13
      at invokeTheCallbackFunction 
(node_modules/jsdom/lib/jsdom/living/generated/Function.js:19:26)
      at node_modules/jsdom/lib/jsdom/browser/Window.js:554:9

    console.error
      Warning: An update to BrokerSearchModal inside a test was not wrapped in 
act(...).
      
      When testing, code that causes React state updates should be wrapped 
into act(...):
      
      act(() => {
        /* fire events that update state */
      });
      /* assert on the output */
      
      This ensures that you're testing the behavior the user would see in the 
browser. Learn more at https://reactjs.org/link/wrap-tests-with-act
          at BrokerSearchModal (C:\Users\samhe\OneDrive\Desktop\Cleaned\fronten
d\src\submissions\SubmissionTabs\SubmissionTabs.tsx:65:5)
          at div
          at PlacingBrokingPane (C:\Users\samhe\OneDrive\Desktop\Cleaned\fronte
nd\src\submissions\SubmissionTabs\SubmissionTabs.tsx:144:5)
          at div
          at div
          at SubmissionTabs (C:\Users\samhe\OneDrive\Desktop\Cleaned\frontend\s
rc\submissions\SubmissionTabs\SubmissionTabs.tsx:695:5)
          at basenameProp (C:\Users\samhe\OneDrive\Desktop\Cleaned\frontend\nod
e_modules\react-router\lib\components.tsx:421:13)
          at basename (C:\Users\samhe\OneDrive\Desktop\Cleaned\frontend\node_mo
dules\react-router\lib\components.tsx:225:3)

      81 |         listParties({ type: 'Broker', search: query.trim() || 
undefined })
      82 |             .then((rows) => {
    > 83 |                 if (!cancelled) setResults(rows)
         |                                 ^
      84 |             })
      85 |             .catch(() => {
      86 |                 if (!cancelled) setResults([])

      at printWarning 
(node_modules/react-dom/cjs/react-dom.development.js:86:30)
      at error (node_modules/react-dom/cjs/react-dom.development.js:60:7)
      at warnIfUpdatesNotWrappedWithActDEV 
(node_modules/react-dom/cjs/react-dom.development.js:27628:9)
      at scheduleUpdateOnFiber 
(node_modules/react-dom/cjs/react-dom.development.js:25547:5)
      at dispatchSetState 
(node_modules/react-dom/cjs/react-dom.development.js:16708:7)
      at src/submissions/SubmissionTabs/SubmissionTabs.tsx:83:33

    console.error
      Warning: An update to BrokerSearchModal inside a test was not wrapped in 
act(...).
      
      When testing, code that causes React state updates should be wrapped 
into act(...):
      
      act(() => {
        /* fire events that update state */
      });
      /* assert on the output */
      
      This ensures that you're testing the behavior the user would see in the 
browser. Learn more at https://reactjs.org/link/wrap-tests-with-act
          at BrokerSearchModal (C:\Users\samhe\OneDrive\Desktop\Cleaned\fronten
d\src\submissions\SubmissionTabs\SubmissionTabs.tsx:65:5)
          at div
          at PlacingBrokingPane (C:\Users\samhe\OneDrive\Desktop\Cleaned\fronte
nd\src\submissions\SubmissionTabs\SubmissionTabs.tsx:144:5)
          at div
          at div
          at SubmissionTabs (C:\Users\samhe\OneDrive\Desktop\Cleaned\frontend\s
rc\submissions\SubmissionTabs\SubmissionTabs.tsx:695:5)
          at basenameProp (C:\Users\samhe\OneDrive\Desktop\Cleaned\frontend\nod
e_modules\react-router\lib\components.tsx:421:13)
          at basename (C:\Users\samhe\OneDrive\Desktop\Cleaned\frontend\node_mo
dules\react-router\lib\components.tsx:225:3)

      87 |             })
      88 |             .finally(() => {
    > 89 |                 if (!cancelled) setLoading(false)
         |                                 ^
      90 |             })
      91 |         return () => {
      92 |             cancelled = true

      at printWarning 
(node_modules/react-dom/cjs/react-dom.development.js:86:30)
      at error (node_modules/react-dom/cjs/react-dom.development.js:60:7)
      at warnIfUpdatesNotWrappedWithActDEV 
(node_modules/react-dom/cjs/react-dom.development.js:27628:9)
      at scheduleUpdateOnFiber 
(node_modules/react-dom/cjs/react-dom.development.js:25547:5)
      at dispatchSetState 
(node_modules/react-dom/cjs/react-dom.development.js:16708:7)
      at src/submissions/SubmissionTabs/SubmissionTabs.tsx:89:33

    console.error
      Warning: An update to PlacingBrokingPane inside a test was not wrapped 
in act(...).
      
      When testing, code that causes React state updates should be wrapped 
into act(...):
      
      act(() => {
        /* fire events that update state */
      });
      /* assert on the output */
      
      This ensures that you're testing the behavior the user would see in the 
browser. Learn more at https://reactjs.org/link/wrap-tests-with-act
          at PlacingBrokingPane (C:\Users\samhe\OneDrive\Desktop\Cleaned\fronte
nd\src\submissions\SubmissionTabs\SubmissionTabs.tsx:144:5)
          at div
          at div
          at SubmissionTabs (C:\Users\samhe\OneDrive\Desktop\Cleaned\frontend\s
rc\submissions\SubmissionTabs\SubmissionTabs.tsx:695:5)
          at basenameProp (C:\Users\samhe\OneDrive\Desktop\Cleaned\frontend\nod
e_modules\react-router\lib\components.tsx:421:13)
          at basename (C:\Users\samhe\OneDrive\Desktop\Cleaned\frontend\node_mo
dules\react-router\lib\components.tsx:225:3)

      282 |                 onClose={() => setModalOpen(false)}
      283 |                 onSelect={(party) => {
    > 284 |                     setBrokerCompany(String(party.name ?? ''))
          |                     ^
      285 |                     setBrokerCompanyId(String(party.id ?? ''))
      286 |                     setModalOpen(false)
      287 |                 }}

      at printWarning 
(node_modules/react-dom/cjs/react-dom.development.js:86:30)
      at error (node_modules/react-dom/cjs/react-dom.development.js:60:7)
      at warnIfUpdatesNotWrappedWithActDEV 
(node_modules/react-dom/cjs/react-dom.development.js:27628:9)
      at scheduleUpdateOnFiber 
(node_modules/react-dom/cjs/react-dom.development.js:25547:5)
      at dispatchSetState 
(node_modules/react-dom/cjs/react-dom.development.js:16708:7)
      at onSelect (src/submissions/SubmissionTabs/SubmissionTabs.tsx:284:21)
      at onRowClick (src/submissions/SubmissionTabs/SubmissionTabs.tsx:129:46)
      at onClick (src/shared/components/ResizableGrid/ResizableGrid.tsx:155:61)
      at HTMLUnknownElement.callCallback 
(node_modules/react-dom/cjs/react-dom.development.js:4164:14)
      at HTMLUnknownElement.callTheUserObjectsOperation 
(node_modules/jsdom/lib/jsdom/living/generated/EventListener.js:26:30)
      at innerInvokeEventListeners 
(node_modules/jsdom/lib/jsdom/living/events/EventTarget-impl.js:350:25)
      at invokeEventListeners 
(node_modules/jsdom/lib/jsdom/living/events/EventTarget-impl.js:286:3)
      at HTMLUnknownElementImpl._dispatch 
(node_modules/jsdom/lib/jsdom/living/events/EventTarget-impl.js:233:9)
      at HTMLUnknownElementImpl.dispatchEvent 
(node_modules/jsdom/lib/jsdom/living/events/EventTarget-impl.js:104:17)
      at HTMLUnknownElement.dispatchEvent 
(node_modules/jsdom/lib/jsdom/living/generated/EventTarget.js:241:34)
      at Object.invokeGuardedCallbackDev 
(node_modules/react-dom/cjs/react-dom.development.js:4213:16)
      at invokeGuardedCallback 
(node_modules/react-dom/cjs/react-dom.development.js:4277:31)
      at invokeGuardedCallbackAndCatchFirstError 
(node_modules/react-dom/cjs/react-dom.development.js:4291:25)
      at executeDispatch 
(node_modules/react-dom/cjs/react-dom.development.js:9041:3)
      at processDispatchQueueItemsInOrder 
(node_modules/react-dom/cjs/react-dom.development.js:9073:7)
      at processDispatchQueue 
(node_modules/react-dom/cjs/react-dom.development.js:9086:5)
      at dispatchEventsForPlugins 
(node_modules/react-dom/cjs/react-dom.development.js:9097:3)
      at node_modules/react-dom/cjs/react-dom.development.js:9288:12
      at batchedUpdates$1 
(node_modules/react-dom/cjs/react-dom.development.js:26179:12)
      at batchedUpdates 
(node_modules/react-dom/cjs/react-dom.development.js:3991:12)
      at dispatchEventForPluginEventSystem 
(node_modules/react-dom/cjs/react-dom.development.js:9287:3)
      at dispatchEventWithEnableCapturePhaseSelectiveHydrationWithoutDiscreteEv
entReplay (node_modules/react-dom/cjs/react-dom.development.js:6465:5)
      at dispatchEvent 
(node_modules/react-dom/cjs/react-dom.development.js:6457:5)
      at dispatchDiscreteEvent 
(node_modules/react-dom/cjs/react-dom.development.js:6430:5)
      at HTMLDivElement.callTheUserObjectsOperation 
(node_modules/jsdom/lib/jsdom/living/generated/EventListener.js:26:30)
      at innerInvokeEventListeners 
(node_modules/jsdom/lib/jsdom/living/events/EventTarget-impl.js:350:25)
      at invokeEventListeners 
(node_modules/jsdom/lib/jsdom/living/events/EventTarget-impl.js:286:3)
      at HTMLTableCellElementImpl._dispatch 
(node_modules/jsdom/lib/jsdom/living/events/EventTarget-impl.js:233:9)
      at HTMLTableCellElementImpl.dispatchEvent 
(node_modules/jsdom/lib/jsdom/living/events/EventTarget-impl.js:104:17)
      at HTMLTableCellElement.dispatchEvent 
(node_modules/jsdom/lib/jsdom/living/generated/EventTarget.js:241:34)
      at 
node_modules/@testing-library/user-event/dist/cjs/event/dispatchEvent.js:45:43
      at Object.eventWrapper 
(node_modules/@testing-library/dom/dist/config.js:25:23)
      at Object.wrapEvent 
(node_modules/@testing-library/user-event/dist/cjs/event/wrapEvent.js:6:28)
      at Object.dispatchEvent (node_modules/@testing-library/user-event/dist/cj
s/event/dispatchEvent.js:45:22)
      at Object.dispatchUIEvent (node_modules/@testing-library/user-event/dist/
cjs/event/dispatchEvent.js:22:26)
      at Mouse.up (node_modules/@testing-library/user-event/dist/cjs/system/poi
nter/mouse.js:100:30)
      at PointerHost.release (node_modules/@testing-library/user-event/dist/cjs
/system/pointer/index.js:87:24)
      at pointerAction 
(node_modules/@testing-library/user-event/dist/cjs/pointer/index.js:54:47)
      at Object.pointer 
(node_modules/@testing-library/user-event/dist/cjs/pointer/index.js:27:9)
      at Object.<anonymous> 
(src/submissions/SubmissionTabs/__tests__/SubmissionTabs.test.tsx:240:9)

    console.error
      Warning: An update to PlacingBrokingPane inside a test was not wrapped 
in act(...).
      
      When testing, code that causes React state updates should be wrapped 
into act(...):
      
      act(() => {
        /* fire events that update state */
      });
      /* assert on the output */
      
      This ensures that you're testing the behavior the user would see in the 
browser. Learn more at https://reactjs.org/link/wrap-tests-with-act
          at PlacingBrokingPane (C:\Users\samhe\OneDrive\Desktop\Cleaned\fronte
nd\src\submissions\SubmissionTabs\SubmissionTabs.tsx:144:5)
          at div
          at div
          at SubmissionTabs (C:\Users\samhe\OneDrive\Desktop\Cleaned\frontend\s
rc\submissions\SubmissionTabs\SubmissionTabs.tsx:695:5)
          at basenameProp (C:\Users\samhe\OneDrive\Desktop\Cleaned\frontend\nod
e_modules\react-router\lib\components.tsx:421:13)
          at basename (C:\Users\samhe\OneDrive\Desktop\Cleaned\frontend\node_mo
dules\react-router\lib\components.tsx:225:3)

      283 |                 onSelect={(party) => {
      284 |                     setBrokerCompany(String(party.name ?? ''))
    > 285 |                     setBrokerCompanyId(String(party.id ?? ''))
          |                     ^
      286 |                     setModalOpen(false)
      287 |                 }}
      288 |             />

      at printWarning 
(node_modules/react-dom/cjs/react-dom.development.js:86:30)
      at error (node_modules/react-dom/cjs/react-dom.development.js:60:7)
      at warnIfUpdatesNotWrappedWithActDEV 
(node_modules/react-dom/cjs/react-dom.development.js:27628:9)
      at scheduleUpdateOnFiber 
(node_modules/react-dom/cjs/react-dom.development.js:25547:5)
      at dispatchSetState 
(node_modules/react-dom/cjs/react-dom.development.js:16708:7)
      at onSelect (src/submissions/SubmissionTabs/SubmissionTabs.tsx:285:21)
      at onRowClick (src/submissions/SubmissionTabs/SubmissionTabs.tsx:129:46)
      at onClick (src/shared/components/ResizableGrid/ResizableGrid.tsx:155:61)
      at HTMLUnknownElement.callCallback 
(node_modules/react-dom/cjs/react-dom.development.js:4164:14)
      at HTMLUnknownElement.callTheUserObjectsOperation 
(node_modules/jsdom/lib/jsdom/living/generated/EventListener.js:26:30)
      at innerInvokeEventListeners 
(node_modules/jsdom/lib/jsdom/living/events/EventTarget-impl.js:350:25)
      at invokeEventListeners 
(node_modules/jsdom/lib/jsdom/living/events/EventTarget-impl.js:286:3)
      at HTMLUnknownElementImpl._dispatch 
(node_modules/jsdom/lib/jsdom/living/events/EventTarget-impl.js:233:9)
      at HTMLUnknownElementImpl.dispatchEvent 
(node_modules/jsdom/lib/jsdom/living/events/EventTarget-impl.js:104:17)
      at HTMLUnknownElement.dispatchEvent 
(node_modules/jsdom/lib/jsdom/living/generated/EventTarget.js:241:34)
      at Object.invokeGuardedCallbackDev 
(node_modules/react-dom/cjs/react-dom.development.js:4213:16)
      at invokeGuardedCallback 
(node_modules/react-dom/cjs/react-dom.development.js:4277:31)
      at invokeGuardedCallbackAndCatchFirstError 
(node_modules/react-dom/cjs/react-dom.development.js:4291:25)
      at executeDispatch 
(node_modules/react-dom/cjs/react-dom.development.js:9041:3)
      at processDispatchQueueItemsInOrder 
(node_modules/react-dom/cjs/react-dom.development.js:9073:7)
      at processDispatchQueue 
(node_modules/react-dom/cjs/react-dom.development.js:9086:5)
      at dispatchEventsForPlugins 
(node_modules/react-dom/cjs/react-dom.development.js:9097:3)
      at node_modules/react-dom/cjs/react-dom.development.js:9288:12
      at batchedUpdates$1 
(node_modules/react-dom/cjs/react-dom.development.js:26179:12)
      at batchedUpdates 
(node_modules/react-dom/cjs/react-dom.development.js:3991:12)
      at dispatchEventForPluginEventSystem 
(node_modules/react-dom/cjs/react-dom.development.js:9287:3)
      at dispatchEventWithEnableCapturePhaseSelectiveHydrationWithoutDiscreteEv
entReplay (node_modules/react-dom/cjs/react-dom.development.js:6465:5)
      at dispatchEvent 
(node_modules/react-dom/cjs/react-dom.development.js:6457:5)
      at dispatchDiscreteEvent 
(node_modules/react-dom/cjs/react-dom.development.js:6430:5)
      at HTMLDivElement.callTheUserObjectsOperation 
(node_modules/jsdom/lib/jsdom/living/generated/EventListener.js:26:30)
      at innerInvokeEventListeners 
(node_modules/jsdom/lib/jsdom/living/events/EventTarget-impl.js:350:25)
      at invokeEventListeners 
(node_modules/jsdom/lib/jsdom/living/events/EventTarget-impl.js:286:3)
      at HTMLTableCellElementImpl._dispatch 
(node_modules/jsdom/lib/jsdom/living/events/EventTarget-impl.js:233:9)
      at HTMLTableCellElementImpl.dispatchEvent 
(node_modules/jsdom/lib/jsdom/living/events/EventTarget-impl.js:104:17)
      at HTMLTableCellElement.dispatchEvent 
(node_modules/jsdom/lib/jsdom/living/generated/EventTarget.js:241:34)
      at 
node_modules/@testing-library/user-event/dist/cjs/event/dispatchEvent.js:45:43
      at Object.eventWrapper 
(node_modules/@testing-library/dom/dist/config.js:25:23)
      at Object.wrapEvent 
(node_modules/@testing-library/user-event/dist/cjs/event/wrapEvent.js:6:28)
      at Object.dispatchEvent (node_modules/@testing-library/user-event/dist/cj
s/event/dispatchEvent.js:45:22)
      at Object.dispatchUIEvent (node_modules/@testing-library/user-event/dist/
cjs/event/dispatchEvent.js:22:26)
      at Mouse.up (node_modules/@testing-library/user-event/dist/cjs/system/poi
nter/mouse.js:100:30)
      at PointerHost.release (node_modules/@testing-library/user-event/dist/cjs
/system/pointer/index.js:87:24)
      at pointerAction 
(node_modules/@testing-library/user-event/dist/cjs/pointer/index.js:54:47)
      at Object.pointer 
(node_modules/@testing-library/user-event/dist/cjs/pointer/index.js:27:9)
      at Object.<anonymous> 
(src/submissions/SubmissionTabs/__tests__/SubmissionTabs.test.tsx:240:9)

    console.error
      Warning: An update to PlacingBrokingPane inside a test was not wrapped 
in act(...).
      
      When testing, code that causes React state updates should be wrapped 
into act(...):
      
      act(() => {
        /* fire events that update state */
      });
      /* assert on the output */
      
      This ensures that you're testing the behavior the user would see in the 
browser. Learn more at https://reactjs.org/link/wrap-tests-with-act
          at PlacingBrokingPane (C:\Users\samhe\OneDrive\Desktop\Cleaned\fronte
nd\src\submissions\SubmissionTabs\SubmissionTabs.tsx:144:5)
          at div
          at div
          at SubmissionTabs (C:\Users\samhe\OneDrive\Desktop\Cleaned\frontend\s
rc\submissions\SubmissionTabs\SubmissionTabs.tsx:695:5)
          at basenameProp (C:\Users\samhe\OneDrive\Desktop\Cleaned\frontend\nod
e_modules\react-router\lib\components.tsx:421:13)
          at basename (C:\Users\samhe\OneDrive\Desktop\Cleaned\frontend\node_mo
dules\react-router\lib\components.tsx:225:3)

      284 |                     setBrokerCompany(String(party.name ?? ''))
      285 |                     setBrokerCompanyId(String(party.id ?? ''))
    > 286 |                     setModalOpen(false)
          |                     ^
      287 |                 }}
      288 |             />
      289 |         </div>

      at printWarning 
(node_modules/react-dom/cjs/react-dom.development.js:86:30)
      at error (node_modules/react-dom/cjs/react-dom.development.js:60:7)
      at warnIfUpdatesNotWrappedWithActDEV 
(node_modules/react-dom/cjs/react-dom.development.js:27628:9)
      at scheduleUpdateOnFiber 
(node_modules/react-dom/cjs/react-dom.development.js:25547:5)
      at dispatchSetState 
(node_modules/react-dom/cjs/react-dom.development.js:16708:7)
      at onSelect (src/submissions/SubmissionTabs/SubmissionTabs.tsx:286:21)
      at onRowClick (src/submissions/SubmissionTabs/SubmissionTabs.tsx:129:46)
      at onClick (src/shared/components/ResizableGrid/ResizableGrid.tsx:155:61)
      at HTMLUnknownElement.callCallback 
(node_modules/react-dom/cjs/react-dom.development.js:4164:14)
      at HTMLUnknownElement.callTheUserObjectsOperation 
(node_modules/jsdom/lib/jsdom/living/generated/EventListener.js:26:30)
      at innerInvokeEventListeners 
(node_modules/jsdom/lib/jsdom/living/events/EventTarget-impl.js:350:25)
      at invokeEventListeners 
(node_modules/jsdom/lib/jsdom/living/events/EventTarget-impl.js:286:3)
      at HTMLUnknownElementImpl._dispatch 
(node_modules/jsdom/lib/jsdom/living/events/EventTarget-impl.js:233:9)
      at HTMLUnknownElementImpl.dispatchEvent 
(node_modules/jsdom/lib/jsdom/living/events/EventTarget-impl.js:104:17)
      at HTMLUnknownElement.dispatchEvent 
(node_modules/jsdom/lib/jsdom/living/generated/EventTarget.js:241:34)
      at Object.invokeGuardedCallbackDev 
(node_modules/react-dom/cjs/react-dom.development.js:4213:16)
      at invokeGuardedCallback 
(node_modules/react-dom/cjs/react-dom.development.js:4277:31)
      at invokeGuardedCallbackAndCatchFirstError 
(node_modules/react-dom/cjs/react-dom.development.js:4291:25)
      at executeDispatch 
(node_modules/react-dom/cjs/react-dom.development.js:9041:3)
      at processDispatchQueueItemsInOrder 
(node_modules/react-dom/cjs/react-dom.development.js:9073:7)
      at processDispatchQueue 
(node_modules/react-dom/cjs/react-dom.development.js:9086:5)
      at dispatchEventsForPlugins 
(node_modules/react-dom/cjs/react-dom.development.js:9097:3)
      at node_modules/react-dom/cjs/react-dom.development.js:9288:12
      at batchedUpdates$1 
(node_modules/react-dom/cjs/react-dom.development.js:26179:12)
      at batchedUpdates 
(node_modules/react-dom/cjs/react-dom.development.js:3991:12)
      at dispatchEventForPluginEventSystem 
(node_modules/react-dom/cjs/react-dom.development.js:9287:3)
      at dispatchEventWithEnableCapturePhaseSelectiveHydrationWithoutDiscreteEv
entReplay (node_modules/react-dom/cjs/react-dom.development.js:6465:5)
      at dispatchEvent 
(node_modules/react-dom/cjs/react-dom.development.js:6457:5)
      at dispatchDiscreteEvent 
(node_modules/react-dom/cjs/react-dom.development.js:6430:5)
      at HTMLDivElement.callTheUserObjectsOperation 
(node_modules/jsdom/lib/jsdom/living/generated/EventListener.js:26:30)
      at innerInvokeEventListeners 
(node_modules/jsdom/lib/jsdom/living/events/EventTarget-impl.js:350:25)
      at invokeEventListeners 
(node_modules/jsdom/lib/jsdom/living/events/EventTarget-impl.js:286:3)
      at HTMLTableCellElementImpl._dispatch 
(node_modules/jsdom/lib/jsdom/living/events/EventTarget-impl.js:233:9)
      at HTMLTableCellElementImpl.dispatchEvent 
(node_modules/jsdom/lib/jsdom/living/events/EventTarget-impl.js:104:17)
      at HTMLTableCellElement.dispatchEvent 
(node_modules/jsdom/lib/jsdom/living/generated/EventTarget.js:241:34)
      at 
node_modules/@testing-library/user-event/dist/cjs/event/dispatchEvent.js:45:43
      at Object.eventWrapper 
(node_modules/@testing-library/dom/dist/config.js:25:23)
      at Object.wrapEvent 
(node_modules/@testing-library/user-event/dist/cjs/event/wrapEvent.js:6:28)
      at Object.dispatchEvent (node_modules/@testing-library/user-event/dist/cj
s/event/dispatchEvent.js:45:22)
      at Object.dispatchUIEvent (node_modules/@testing-library/user-event/dist/
cjs/event/dispatchEvent.js:22:26)
      at Mouse.up (node_modules/@testing-library/user-event/dist/cjs/system/poi
nter/mouse.js:100:30)
      at PointerHost.release (node_modules/@testing-library/user-event/dist/cjs
/system/pointer/index.js:87:24)
      at pointerAction 
(node_modules/@testing-library/user-event/dist/cjs/pointer/index.js:54:47)
      at Object.pointer 
(node_modules/@testing-library/user-event/dist/cjs/pointer/index.js:27:9)
      at Object.<anonymous> 
(src/submissions/SubmissionTabs/__tests__/SubmissionTabs.test.tsx:240:9)

    console.error
      Warning: An update to PlacingBrokingPane inside a test was not wrapped 
in act(...).
      
      When testing, code that causes React state updates should be wrapped 
into act(...):
      
      act(() => {
        /* fire events that update state */
      });
      /* assert on the output */
      
      This ensures that you're testing the behavior the user would see in the 
browser. Learn more at https://reactjs.org/link/wrap-tests-with-act
          at PlacingBrokingPane (C:\Users\samhe\OneDrive\Desktop\Cleaned\fronte
nd\src\submissions\SubmissionTabs\SubmissionTabs.tsx:144:5)
          at div
          at div
          at SubmissionTabs (C:\Users\samhe\OneDrive\Desktop\Cleaned\frontend\s
rc\submissions\SubmissionTabs\SubmissionTabs.tsx:695:5)
          at basenameProp (C:\Users\samhe\OneDrive\Desktop\Cleaned\frontend\nod
e_modules\react-router\lib\components.tsx:421:13)
          at basename (C:\Users\samhe\OneDrive\Desktop\Cleaned\frontend\node_mo
dules\react-router\lib\components.tsx:225:3)

      259 |                         value={brokerIndividualName}
      260 |                         disabled={isEditLocked}
    > 261 |                         onChange={(e) => 
setBrokerIndividualName(e.target.value)}
          |                                          ^
      262 |                         className="w-full border border-gray-300 
rounded px-3 py-2 text-sm disabled:bg-gray-100 disabled:text-gray-500 
disabled:cursor-not-allowed"
      263 |                     />
      264 |                 </div>

      at printWarning 
(node_modules/react-dom/cjs/react-dom.development.js:86:30)
      at error (node_modules/react-dom/cjs/react-dom.development.js:60:7)
      at warnIfUpdatesNotWrappedWithActDEV 
(node_modules/react-dom/cjs/react-dom.development.js:27628:9)
      at scheduleUpdateOnFiber 
(node_modules/react-dom/cjs/react-dom.development.js:25547:5)
      at dispatchSetState 
(node_modules/react-dom/cjs/react-dom.development.js:16708:7)
      at onChange (src/submissions/SubmissionTabs/SubmissionTabs.tsx:261:42)
      at HTMLUnknownElement.callCallback 
(node_modules/react-dom/cjs/react-dom.development.js:4164:14)
      at HTMLUnknownElement.callTheUserObjectsOperation 
(node_modules/jsdom/lib/jsdom/living/generated/EventListener.js:26:30)
      at innerInvokeEventListeners 
(node_modules/jsdom/lib/jsdom/living/events/EventTarget-impl.js:350:25)
      at invokeEventListeners 
(node_modules/jsdom/lib/jsdom/living/events/EventTarget-impl.js:286:3)
      at HTMLUnknownElementImpl._dispatch 
(node_modules/jsdom/lib/jsdom/living/events/EventTarget-impl.js:233:9)
      at HTMLUnknownElementImpl.dispatchEvent 
(node_modules/jsdom/lib/jsdom/living/events/EventTarget-impl.js:104:17)
      at HTMLUnknownElement.dispatchEvent 
(node_modules/jsdom/lib/jsdom/living/generated/EventTarget.js:241:34)
      at Object.invokeGuardedCallbackDev 
(node_modules/react-dom/cjs/react-dom.development.js:4213:16)
      at invokeGuardedCallback 
(node_modules/react-dom/cjs/react-dom.development.js:4277:31)
      at invokeGuardedCallbackAndCatchFirstError 
(node_modules/react-dom/cjs/react-dom.development.js:4291:25)
      at executeDispatch 
(node_modules/react-dom/cjs/react-dom.development.js:9041:3)
      at processDispatchQueueItemsInOrder 
(node_modules/react-dom/cjs/react-dom.development.js:9073:7)
      at processDispatchQueue 
(node_modules/react-dom/cjs/react-dom.development.js:9086:5)
      at dispatchEventsForPlugins 
(node_modules/react-dom/cjs/react-dom.development.js:9097:3)
      at node_modules/react-dom/cjs/react-dom.development.js:9288:12
      at batchedUpdates$1 
(node_modules/react-dom/cjs/react-dom.development.js:26179:12)
      at batchedUpdates 
(node_modules/react-dom/cjs/react-dom.development.js:3991:12)
      at dispatchEventForPluginEventSystem 
(node_modules/react-dom/cjs/react-dom.development.js:9287:3)
      at dispatchEventWithEnableCapturePhaseSelectiveHydrationWithoutDiscreteEv
entReplay (node_modules/react-dom/cjs/react-dom.development.js:6465:5)
      at dispatchEvent 
(node_modules/react-dom/cjs/react-dom.development.js:6457:5)
      at dispatchDiscreteEvent 
(node_modules/react-dom/cjs/react-dom.development.js:6430:5)
      at HTMLDivElement.callTheUserObjectsOperation 
(node_modules/jsdom/lib/jsdom/living/generated/EventListener.js:26:30)
      at innerInvokeEventListeners 
(node_modules/jsdom/lib/jsdom/living/events/EventTarget-impl.js:350:25)
      at invokeEventListeners 
(node_modules/jsdom/lib/jsdom/living/events/EventTarget-impl.js:286:3)
      at HTMLInputElementImpl._dispatch 
(node_modules/jsdom/lib/jsdom/living/events/EventTarget-impl.js:233:9)
      at HTMLInputElementImpl.dispatchEvent 
(node_modules/jsdom/lib/jsdom/living/events/EventTarget-impl.js:104:17)
      at HTMLInputElement.dispatchEvent 
(node_modules/jsdom/lib/jsdom/living/generated/EventTarget.js:241:34)
      at 
node_modules/@testing-library/user-event/dist/cjs/event/dispatchEvent.js:45:43
      at Object.eventWrapper 
(node_modules/@testing-library/dom/dist/config.js:25:23)
      at Object.wrapEvent 
(node_modules/@testing-library/user-event/dist/cjs/event/wrapEvent.js:6:28)
      at Object.dispatchEvent (node_modules/@testing-library/user-event/dist/cj
s/event/dispatchEvent.js:45:22)
      at Object.dispatchUIEvent (node_modules/@testing-library/user-event/dist/
cjs/event/dispatchEvent.js:22:26)
      at commitInput 
(node_modules/@testing-library/user-event/dist/cjs/event/input.js:145:14)
      at editInputElement 
(node_modules/@testing-library/user-event/dist/cjs/event/input.js:115:9)
      at Object.input 
(node_modules/@testing-library/user-event/dist/cjs/event/input.js:37:9)
      at Object.clear 
(node_modules/@testing-library/user-event/dist/cjs/utility/clear.js:29:11)
      at node_modules/@testing-library/user-event/dist/cjs/setup/setup.js:85:45
      at Object.asyncWrapper 
(node_modules/@testing-library/dom/dist/config.js:23:23)
      at Object.wrapAsync 
(node_modules/@testing-library/user-event/dist/cjs/setup/wrapAsync.js:8:28)
      at Object.method [as clear] 
(node_modules/@testing-library/user-event/dist/cjs/setup/setup.js:85:26)
      at Object.<anonymous> 
(src/submissions/SubmissionTabs/__tests__/SubmissionTabs.test.tsx:242:20)

    console.error
      Warning: An update to PlacingBrokingPane inside a test was not wrapped 
in act(...).
      
      When testing, code that causes React state updates should be wrapped 
into act(...):
      
      act(() => {
        /* fire events that update state */
      });
      /* assert on the output */
      
      This ensures that you're testing the behavior the user would see in the 
browser. Learn more at https://reactjs.org/link/wrap-tests-with-act
          at PlacingBrokingPane (C:\Users\samhe\OneDrive\Desktop\Cleaned\fronte
nd\src\submissions\SubmissionTabs\SubmissionTabs.tsx:144:5)
          at div
          at div
          at SubmissionTabs (C:\Users\samhe\OneDrive\Desktop\Cleaned\frontend\s
rc\submissions\SubmissionTabs\SubmissionTabs.tsx:695:5)
          at basenameProp (C:\Users\samhe\OneDrive\Desktop\Cleaned\frontend\nod
e_modules\react-router\lib\components.tsx:421:13)
          at basename (C:\Users\samhe\OneDrive\Desktop\Cleaned\frontend\node_mo
dules\react-router\lib\components.tsx:225:3)

      259 |                         value={brokerIndividualName}
      260 |                         disabled={isEditLocked}
    > 261 |                         onChange={(e) => 
setBrokerIndividualName(e.target.value)}
          |                                          ^
      262 |                         className="w-full border border-gray-300 
rounded px-3 py-2 text-sm disabled:bg-gray-100 disabled:text-gray-500 
disabled:cursor-not-allowed"
      263 |                     />
      264 |                 </div>

      at printWarning 
(node_modules/react-dom/cjs/react-dom.development.js:86:30)
      at error (node_modules/react-dom/cjs/react-dom.development.js:60:7)
      at warnIfUpdatesNotWrappedWithActDEV 
(node_modules/react-dom/cjs/react-dom.development.js:27628:9)
      at scheduleUpdateOnFiber 
(node_modules/react-dom/cjs/react-dom.development.js:25547:5)
      at dispatchSetState 
(node_modules/react-dom/cjs/react-dom.development.js:16708:7)
      at onChange (src/submissions/SubmissionTabs/SubmissionTabs.tsx:261:42)
      at HTMLUnknownElement.callCallback 
(node_modules/react-dom/cjs/react-dom.development.js:4164:14)
      at HTMLUnknownElement.callTheUserObjectsOperation 
(node_modules/jsdom/lib/jsdom/living/generated/EventListener.js:26:30)
      at innerInvokeEventListeners 
(node_modules/jsdom/lib/jsdom/living/events/EventTarget-impl.js:350:25)
      at invokeEventListeners 
(node_modules/jsdom/lib/jsdom/living/events/EventTarget-impl.js:286:3)
      at HTMLUnknownElementImpl._dispatch 
(node_modules/jsdom/lib/jsdom/living/events/EventTarget-impl.js:233:9)
      at HTMLUnknownElementImpl.dispatchEvent 
(node_modules/jsdom/lib/jsdom/living/events/EventTarget-impl.js:104:17)
      at HTMLUnknownElement.dispatchEvent 
(node_modules/jsdom/lib/jsdom/living/generated/EventTarget.js:241:34)
      at Object.invokeGuardedCallbackDev 
(node_modules/react-dom/cjs/react-dom.development.js:4213:16)
      at invokeGuardedCallback 
(node_modules/react-dom/cjs/react-dom.development.js:4277:31)
      at invokeGuardedCallbackAndCatchFirstError 
(node_modules/react-dom/cjs/react-dom.development.js:4291:25)
      at executeDispatch 
(node_modules/react-dom/cjs/react-dom.development.js:9041:3)
      at processDispatchQueueItemsInOrder 
(node_modules/react-dom/cjs/react-dom.development.js:9073:7)
      at processDispatchQueue 
(node_modules/react-dom/cjs/react-dom.development.js:9086:5)
      at dispatchEventsForPlugins 
(node_modules/react-dom/cjs/react-dom.development.js:9097:3)
      at node_modules/react-dom/cjs/react-dom.development.js:9288:12
      at batchedUpdates$1 
(node_modules/react-dom/cjs/react-dom.development.js:26179:12)
      at batchedUpdates 
(node_modules/react-dom/cjs/react-dom.development.js:3991:12)
      at dispatchEventForPluginEventSystem 
(node_modules/react-dom/cjs/react-dom.development.js:9287:3)
      at dispatchEventWithEnableCapturePhaseSelectiveHydrationWithoutDiscreteEv
entReplay (node_modules/react-dom/cjs/react-dom.development.js:6465:5)
      at dispatchEvent 
(node_modules/react-dom/cjs/react-dom.development.js:6457:5)
      at dispatchDiscreteEvent 
(node_modules/react-dom/cjs/react-dom.development.js:6430:5)
      at HTMLDivElement.callTheUserObjectsOperation 
(node_modules/jsdom/lib/jsdom/living/generated/EventListener.js:26:30)
      at innerInvokeEventListeners 
(node_modules/jsdom/lib/jsdom/living/events/EventTarget-impl.js:350:25)
      at invokeEventListeners 
(node_modules/jsdom/lib/jsdom/living/events/EventTarget-impl.js:286:3)
      at HTMLInputElementImpl._dispatch 
(node_modules/jsdom/lib/jsdom/living/events/EventTarget-impl.js:233:9)
      at HTMLInputElementImpl.dispatchEvent 
(node_modules/jsdom/lib/jsdom/living/events/EventTarget-impl.js:104:17)
      at HTMLInputElement.dispatchEvent 
(node_modules/jsdom/lib/jsdom/living/generated/EventTarget.js:241:34)
      at 
node_modules/@testing-library/user-event/dist/cjs/event/dispatchEvent.js:45:43
      at Object.eventWrapper 
(node_modules/@testing-library/dom/dist/config.js:25:23)
      at Object.wrapEvent 
(node_modules/@testing-library/user-event/dist/cjs/event/wrapEvent.js:6:28)
      at Object.dispatchEvent (node_modules/@testing-library/user-event/dist/cj
s/event/dispatchEvent.js:45:22)
      at Object.dispatchUIEvent (node_modules/@testing-library/user-event/dist/
cjs/event/dispatchEvent.js:22:26)
      at commitInput 
(node_modules/@testing-library/user-event/dist/cjs/event/input.js:145:14)
      at editInputElement 
(node_modules/@testing-library/user-event/dist/cjs/event/input.js:115:9)
      at Object.input 
(node_modules/@testing-library/user-event/dist/cjs/event/input.js:37:9)
      at node_modules/@testing-library/user-event/dist/cjs/event/behavior/keypr
ess.js:31:26
      at Object.dispatchEvent (node_modules/@testing-library/user-event/dist/cj
s/event/dispatchEvent.js:41:13)
      at Object.dispatchUIEvent (node_modules/@testing-library/user-event/dist/
cjs/event/dispatchEvent.js:22:26)
      at KeyboardHost.keydown 
(node_modules/@testing-library/user-event/dist/cjs/system/keyboard.js:76:22)
      at keyboardAction 
(node_modules/@testing-library/user-event/dist/cjs/keyboard/index.js:22:35)
      at Object.keyboard 
(node_modules/@testing-library/user-event/dist/cjs/keyboard/index.js:11:15)
      at Object.type 
(node_modules/@testing-library/user-event/dist/cjs/utility/type.js:17:5)
      at Object.<anonymous> 
(src/submissions/SubmissionTabs/__tests__/SubmissionTabs.test.tsx:243:9)

    console.error
      Warning: An update to PlacingBrokingPane inside a test was not wrapped 
in act(...).
      
      When testing, code that causes React state updates should be wrapped 
into act(...):
      
      act(() => {
        /* fire events that update state */
      });
      /* assert on the output */
      
      This ensures that you're testing the behavior the user would see in the 
browser. Learn more at https://reactjs.org/link/wrap-tests-with-act
          at PlacingBrokingPane (C:\Users\samhe\OneDrive\Desktop\Cleaned\fronte
nd\src\submissions\SubmissionTabs\SubmissionTabs.tsx:144:5)
          at div
          at div
          at SubmissionTabs (C:\Users\samhe\OneDrive\Desktop\Cleaned\frontend\s
rc\submissions\SubmissionTabs\SubmissionTabs.tsx:695:5)
          at basenameProp (C:\Users\samhe\OneDrive\Desktop\Cleaned\frontend\nod
e_modules\react-router\lib\components.tsx:421:13)
          at basename (C:\Users\samhe\OneDrive\Desktop\Cleaned\frontend\node_mo
dules\react-router\lib\components.tsx:225:3)

      259 |                         value={brokerIndividualName}
      260 |                         disabled={isEditLocked}
    > 261 |                         onChange={(e) => 
setBrokerIndividualName(e.target.value)}
          |                                          ^
      262 |                         className="w-full border border-gray-300 
rounded px-3 py-2 text-sm disabled:bg-gray-100 disabled:text-gray-500 
disabled:cursor-not-allowed"
      263 |                     />
      264 |                 </div>

      at printWarning 
(node_modules/react-dom/cjs/react-dom.development.js:86:30)
      at error (node_modules/react-dom/cjs/react-dom.development.js:60:7)
      at warnIfUpdatesNotWrappedWithActDEV 
(node_modules/react-dom/cjs/react-dom.development.js:27628:9)
      at scheduleUpdateOnFiber 
(node_modules/react-dom/cjs/react-dom.development.js:25547:5)
      at dispatchSetState 
(node_modules/react-dom/cjs/react-dom.development.js:16708:7)
      at onChange (src/submissions/SubmissionTabs/SubmissionTabs.tsx:261:42)
      at HTMLUnknownElement.callCallback 
(node_modules/react-dom/cjs/react-dom.development.js:4164:14)
      at HTMLUnknownElement.callTheUserObjectsOperation 
(node_modules/jsdom/lib/jsdom/living/generated/EventListener.js:26:30)
      at innerInvokeEventListeners 
(node_modules/jsdom/lib/jsdom/living/events/EventTarget-impl.js:350:25)
      at invokeEventListeners 
(node_modules/jsdom/lib/jsdom/living/events/EventTarget-impl.js:286:3)
      at HTMLUnknownElementImpl._dispatch 
(node_modules/jsdom/lib/jsdom/living/events/EventTarget-impl.js:233:9)
      at HTMLUnknownElementImpl.dispatchEvent 
(node_modules/jsdom/lib/jsdom/living/events/EventTarget-impl.js:104:17)
      at HTMLUnknownElement.dispatchEvent 
(node_modules/jsdom/lib/jsdom/living/generated/EventTarget.js:241:34)
      at Object.invokeGuardedCallbackDev 
(node_modules/react-dom/cjs/react-dom.development.js:4213:16)
      at invokeGuardedCallback 
(node_modules/react-dom/cjs/react-dom.development.js:4277:31)
      at invokeGuardedCallbackAndCatchFirstError 
(node_modules/react-dom/cjs/react-dom.development.js:4291:25)
      at executeDispatch 
(node_modules/react-dom/cjs/react-dom.development.js:9041:3)
      at processDispatchQueueItemsInOrder 
(node_modules/react-dom/cjs/react-dom.development.js:9073:7)
      at processDispatchQueue 
(node_modules/react-dom/cjs/react-dom.development.js:9086:5)
      at dispatchEventsForPlugins 
(node_modules/react-dom/cjs/react-dom.development.js:9097:3)
      at node_modules/react-dom/cjs/react-dom.development.js:9288:12
      at batchedUpdates$1 
(node_modules/react-dom/cjs/react-dom.development.js:26179:12)
      at batchedUpdates 
(node_modules/react-dom/cjs/react-dom.development.js:3991:12)
      at dispatchEventForPluginEventSystem 
(node_modules/react-dom/cjs/react-dom.development.js:9287:3)
      at dispatchEventWithEnableCapturePhaseSelectiveHydrationWithoutDiscreteEv
entReplay (node_modules/react-dom/cjs/react-dom.development.js:6465:5)
      at dispatchEvent 
(node_modules/react-dom/cjs/react-dom.development.js:6457:5)
      at dispatchDiscreteEvent 
(node_modules/react-dom/cjs/react-dom.development.js:6430:5)
      at HTMLDivElement.callTheUserObjectsOperation 
(node_modules/jsdom/lib/jsdom/living/generated/EventListener.js:26:30)
      at innerInvokeEventListeners 
(node_modules/jsdom/lib/jsdom/living/events/EventTarget-impl.js:350:25)
      at invokeEventListeners 
(node_modules/jsdom/lib/jsdom/living/events/EventTarget-impl.js:286:3)
      at HTMLInputElementImpl._dispatch 
(node_modules/jsdom/lib/jsdom/living/events/EventTarget-impl.js:233:9)
      at HTMLInputElementImpl.dispatchEvent 
(node_modules/jsdom/lib/jsdom/living/events/EventTarget-impl.js:104:17)
      at HTMLInputElement.dispatchEvent 
(node_modules/jsdom/lib/jsdom/living/generated/EventTarget.js:241:34)
      at 
node_modules/@testing-library/user-event/dist/cjs/event/dispatchEvent.js:45:43
      at Object.eventWrapper 
(node_modules/@testing-library/dom/dist/config.js:25:23)
      at Object.wrapEvent 
(node_modules/@testing-library/user-event/dist/cjs/event/wrapEvent.js:6:28)
      at Object.dispatchEvent (node_modules/@testing-library/user-event/dist/cj
s/event/dispatchEvent.js:45:22)
      at Object.dispatchUIEvent (node_modules/@testing-library/user-event/dist/
cjs/event/dispatchEvent.js:22:26)
      at commitInput 
(node_modules/@testing-library/user-event/dist/cjs/event/input.js:145:14)
      at editInputElement 
(node_modules/@testing-library/user-event/dist/cjs/event/input.js:115:9)
      at Object.input 
(node_modules/@testing-library/user-event/dist/cjs/event/input.js:37:9)
      at node_modules/@testing-library/user-event/dist/cjs/event/behavior/keypr
ess.js:31:26
      at Object.dispatchEvent (node_modules/@testing-library/user-event/dist/cj
s/event/dispatchEvent.js:41:13)
      at Object.dispatchUIEvent (node_modules/@testing-library/user-event/dist/
cjs/event/dispatchEvent.js:22:26)
      at KeyboardHost.keydown 
(node_modules/@testing-library/user-event/dist/cjs/system/keyboard.js:76:22)
      at keyboardAction 
(node_modules/@testing-library/user-event/dist/cjs/keyboard/index.js:22:35)
      at Object.keyboard 
(node_modules/@testing-library/user-event/dist/cjs/keyboard/index.js:11:15)
      at Object.type 
(node_modules/@testing-library/user-event/dist/cjs/utility/type.js:17:5)
      at Object.<anonymous> 
(src/submissions/SubmissionTabs/__tests__/SubmissionTabs.test.tsx:243:9)

    console.error
      Warning: An update to PlacingBrokingPane inside a test was not wrapped 
in act(...).
      
      When testing, code that causes React state updates should be wrapped 
into act(...):
      
      act(() => {
        /* fire events that update state */
      });
      /* assert on the output */
      
      This ensures that you're testing the behavior the user would see in the 
browser. Learn more at https://reactjs.org/link/wrap-tests-with-act
          at PlacingBrokingPane (C:\Users\samhe\OneDrive\Desktop\Cleaned\fronte
nd\src\submissions\SubmissionTabs\SubmissionTabs.tsx:144:5)
          at div
          at div
          at SubmissionTabs (C:\Users\samhe\OneDrive\Desktop\Cleaned\frontend\s
rc\submissions\SubmissionTabs\SubmissionTabs.tsx:695:5)
          at basenameProp (C:\Users\samhe\OneDrive\Desktop\Cleaned\frontend\nod
e_modules\react-router\lib\components.tsx:421:13)
          at basename (C:\Users\samhe\OneDrive\Desktop\Cleaned\frontend\node_mo
dules\react-router\lib\components.tsx:225:3)

      259 |                         value={brokerIndividualName}
      260 |                         disabled={isEditLocked}
    > 261 |                         onChange={(e) => 
setBrokerIndividualName(e.target.value)}
          |                                          ^
      262 |                         className="w-full border border-gray-300 
rounded px-3 py-2 text-sm disabled:bg-gray-100 disabled:text-gray-500 
disabled:cursor-not-allowed"
      263 |                     />
      264 |                 </div>

      at printWarning 
(node_modules/react-dom/cjs/react-dom.development.js:86:30)
      at error (node_modules/react-dom/cjs/react-dom.development.js:60:7)
      at warnIfUpdatesNotWrappedWithActDEV 
(node_modules/react-dom/cjs/react-dom.development.js:27628:9)
      at scheduleUpdateOnFiber 
(node_modules/react-dom/cjs/react-dom.development.js:25547:5)
      at dispatchSetState 
(node_modules/react-dom/cjs/react-dom.development.js:16708:7)
      at onChange (src/submissions/SubmissionTabs/SubmissionTabs.tsx:261:42)
      at HTMLUnknownElement.callCallback 
(node_modules/react-dom/cjs/react-dom.development.js:4164:14)
      at HTMLUnknownElement.callTheUserObjectsOperation 
(node_modules/jsdom/lib/jsdom/living/generated/EventListener.js:26:30)
      at innerInvokeEventListeners 
(node_modules/jsdom/lib/jsdom/living/events/EventTarget-impl.js:350:25)
      at invokeEventListeners 
(node_modules/jsdom/lib/jsdom/living/events/EventTarget-impl.js:286:3)
      at HTMLUnknownElementImpl._dispatch 
(node_modules/jsdom/lib/jsdom/living/events/EventTarget-impl.js:233:9)
      at HTMLUnknownElementImpl.dispatchEvent 
(node_modules/jsdom/lib/jsdom/living/events/EventTarget-impl.js:104:17)
      at HTMLUnknownElement.dispatchEvent 
(node_modules/jsdom/lib/jsdom/living/generated/EventTarget.js:241:34)
      at Object.invokeGuardedCallbackDev 
(node_modules/react-dom/cjs/react-dom.development.js:4213:16)
      at invokeGuardedCallback 
(node_modules/react-dom/cjs/react-dom.development.js:4277:31)
      at invokeGuardedCallbackAndCatchFirstError 
(node_modules/react-dom/cjs/react-dom.development.js:4291:25)
      at executeDispatch 
(node_modules/react-dom/cjs/react-dom.development.js:9041:3)
      at processDispatchQueueItemsInOrder 
(node_modules/react-dom/cjs/react-dom.development.js:9073:7)
      at processDispatchQueue 
(node_modules/react-dom/cjs/react-dom.development.js:9086:5)
      at dispatchEventsForPlugins 
(node_modules/react-dom/cjs/react-dom.development.js:9097:3)
      at node_modules/react-dom/cjs/react-dom.development.js:9288:12
      at batchedUpdates$1 
(node_modules/react-dom/cjs/react-dom.development.js:26179:12)
      at batchedUpdates 
(node_modules/react-dom/cjs/react-dom.development.js:3991:12)
      at dispatchEventForPluginEventSystem 
(node_modules/react-dom/cjs/react-dom.development.js:9287:3)
      at dispatchEventWithEnableCapturePhaseSelectiveHydrationWithoutDiscreteEv
entReplay (node_modules/react-dom/cjs/react-dom.development.js:6465:5)
      at dispatchEvent 
(node_modules/react-dom/cjs/react-dom.development.js:6457:5)
      at dispatchDiscreteEvent 
(node_modules/react-dom/cjs/react-dom.development.js:6430:5)
      at HTMLDivElement.callTheUserObjectsOperation 
(node_modules/jsdom/lib/jsdom/living/generated/EventListener.js:26:30)
      at innerInvokeEventListeners 
(node_modules/jsdom/lib/jsdom/living/events/EventTarget-impl.js:350:25)
      at invokeEventListeners 
(node_modules/jsdom/lib/jsdom/living/events/EventTarget-impl.js:286:3)
      at HTMLInputElementImpl._dispatch 
(node_modules/jsdom/lib/jsdom/living/events/EventTarget-impl.js:233:9)
      at HTMLInputElementImpl.dispatchEvent 
(node_modules/jsdom/lib/jsdom/living/events/EventTarget-impl.js:104:17)
      at HTMLInputElement.dispatchEvent 
(node_modules/jsdom/lib/jsdom/living/generated/EventTarget.js:241:34)
      at 
node_modules/@testing-library/user-event/dist/cjs/event/dispatchEvent.js:45:43
      at Object.eventWrapper 
(node_modules/@testing-library/dom/dist/config.js:25:23)
      at Object.wrapEvent 
(node_modules/@testing-library/user-event/dist/cjs/event/wrapEvent.js:6:28)
      at Object.dispatchEvent (node_modules/@testing-library/user-event/dist/cj
s/event/dispatchEvent.js:45:22)
      at Object.dispatchUIEvent (node_modules/@testing-library/user-event/dist/
cjs/event/dispatchEvent.js:22:26)
      at commitInput 
(node_modules/@testing-library/user-event/dist/cjs/event/input.js:145:14)
      at editInputElement 
(node_modules/@testing-library/user-event/dist/cjs/event/input.js:115:9)
      at Object.input 
(node_modules/@testing-library/user-event/dist/cjs/event/input.js:37:9)
      at node_modules/@testing-library/user-event/dist/cjs/event/behavior/keypr
ess.js:31:26
      at Object.dispatchEvent (node_modules/@testing-library/user-event/dist/cj
s/event/dispatchEvent.js:41:13)
      at Object.dispatchUIEvent (node_modules/@testing-library/user-event/dist/
cjs/event/dispatchEvent.js:22:26)
      at KeyboardHost.keydown 
(node_modules/@testing-library/user-event/dist/cjs/system/keyboard.js:76:22)
      at keyboardAction 
(node_modules/@testing-library/user-event/dist/cjs/keyboard/index.js:22:35)
      at Object.keyboard 
(node_modules/@testing-library/user-event/dist/cjs/keyboard/index.js:11:15)
      at Object.type 
(node_modules/@testing-library/user-event/dist/cjs/utility/type.js:17:5)
      at Object.<anonymous> 
(src/submissions/SubmissionTabs/__tests__/SubmissionTabs.test.tsx:243:9)

    console.error
      Warning: An update to PlacingBrokingPane inside a test was not wrapped 
in act(...).
      
      When testing, code that causes React state updates should be wrapped 
into act(...):
      
      act(() => {
        /* fire events that update state */
      });
      /* assert on the output */
      
      This ensures that you're testing the behavior the user would see in the 
browser. Learn more at https://reactjs.org/link/wrap-tests-with-act
          at PlacingBrokingPane (C:\Users\samhe\OneDrive\Desktop\Cleaned\fronte
nd\src\submissions\SubmissionTabs\SubmissionTabs.tsx:144:5)
          at div
          at div
          at SubmissionTabs (C:\Users\samhe\OneDrive\Desktop\Cleaned\frontend\s
rc\submissions\SubmissionTabs\SubmissionTabs.tsx:695:5)
          at basenameProp (C:\Users\samhe\OneDrive\Desktop\Cleaned\frontend\nod
e_modules\react-router\lib\components.tsx:421:13)
          at basename (C:\Users\samhe\OneDrive\Desktop\Cleaned\frontend\node_mo
dules\react-router\lib\components.tsx:225:3)

      259 |                         value={brokerIndividualName}
      260 |                         disabled={isEditLocked}
    > 261 |                         onChange={(e) => 
setBrokerIndividualName(e.target.value)}
          |                                          ^
      262 |                         className="w-full border border-gray-300 
rounded px-3 py-2 text-sm disabled:bg-gray-100 disabled:text-gray-500 
disabled:cursor-not-allowed"
      263 |                     />
      264 |                 </div>

      at printWarning 
(node_modules/react-dom/cjs/react-dom.development.js:86:30)
      at error (node_modules/react-dom/cjs/react-dom.development.js:60:7)
      at warnIfUpdatesNotWrappedWithActDEV 
(node_modules/react-dom/cjs/react-dom.development.js:27628:9)
      at scheduleUpdateOnFiber 
(node_modules/react-dom/cjs/react-dom.development.js:25547:5)
      at dispatchSetState 
(node_modules/react-dom/cjs/react-dom.development.js:16708:7)
      at onChange (src/submissions/SubmissionTabs/SubmissionTabs.tsx:261:42)
      at HTMLUnknownElement.callCallback 
(node_modules/react-dom/cjs/react-dom.development.js:4164:14)
      at HTMLUnknownElement.callTheUserObjectsOperation 
(node_modules/jsdom/lib/jsdom/living/generated/EventListener.js:26:30)
      at innerInvokeEventListeners 
(node_modules/jsdom/lib/jsdom/living/events/EventTarget-impl.js:350:25)
      at invokeEventListeners 
(node_modules/jsdom/lib/jsdom/living/events/EventTarget-impl.js:286:3)
      at HTMLUnknownElementImpl._dispatch 
(node_modules/jsdom/lib/jsdom/living/events/EventTarget-impl.js:233:9)
      at HTMLUnknownElementImpl.dispatchEvent 
(node_modules/jsdom/lib/jsdom/living/events/EventTarget-impl.js:104:17)
      at HTMLUnknownElement.dispatchEvent 
(node_modules/jsdom/lib/jsdom/living/generated/EventTarget.js:241:34)
      at Object.invokeGuardedCallbackDev 
(node_modules/react-dom/cjs/react-dom.development.js:4213:16)
      at invokeGuardedCallback 
(node_modules/react-dom/cjs/react-dom.development.js:4277:31)
      at invokeGuardedCallbackAndCatchFirstError 
(node_modules/react-dom/cjs/react-dom.development.js:4291:25)
      at executeDispatch 
(node_modules/react-dom/cjs/react-dom.development.js:9041:3)
      at processDispatchQueueItemsInOrder 
(node_modules/react-dom/cjs/react-dom.development.js:9073:7)
      at processDispatchQueue 
(node_modules/react-dom/cjs/react-dom.development.js:9086:5)
      at dispatchEventsForPlugins 
(node_modules/react-dom/cjs/react-dom.development.js:9097:3)
      at node_modules/react-dom/cjs/react-dom.development.js:9288:12
      at batchedUpdates$1 
(node_modules/react-dom/cjs/react-dom.development.js:26179:12)
      at batchedUpdates 
(node_modules/react-dom/cjs/react-dom.development.js:3991:12)
      at dispatchEventForPluginEventSystem 
(node_modules/react-dom/cjs/react-dom.development.js:9287:3)
      at dispatchEventWithEnableCapturePhaseSelectiveHydrationWithoutDiscreteEv
entReplay (node_modules/react-dom/cjs/react-dom.development.js:6465:5)
      at dispatchEvent 
(node_modules/react-dom/cjs/react-dom.development.js:6457:5)
      at dispatchDiscreteEvent 
(node_modules/react-dom/cjs/react-dom.development.js:6430:5)
      at HTMLDivElement.callTheUserObjectsOperation 
(node_modules/jsdom/lib/jsdom/living/generated/EventListener.js:26:30)
      at innerInvokeEventListeners 
(node_modules/jsdom/lib/jsdom/living/events/EventTarget-impl.js:350:25)
      at invokeEventListeners 
(node_modules/jsdom/lib/jsdom/living/events/EventTarget-impl.js:286:3)
      at HTMLInputElementImpl._dispatch 
(node_modules/jsdom/lib/jsdom/living/events/EventTarget-impl.js:233:9)
      at HTMLInputElementImpl.dispatchEvent 
(node_modules/jsdom/lib/jsdom/living/events/EventTarget-impl.js:104:17)
      at HTMLInputElement.dispatchEvent 
(node_modules/jsdom/lib/jsdom/living/generated/EventTarget.js:241:34)
      at 
node_modules/@testing-library/user-event/dist/cjs/event/dispatchEvent.js:45:43
      at Object.eventWrapper 
(node_modules/@testing-library/dom/dist/config.js:25:23)
      at Object.wrapEvent 
(node_modules/@testing-library/user-event/dist/cjs/event/wrapEvent.js:6:28)
      at Object.dispatchEvent (node_modules/@testing-library/user-event/dist/cj
s/event/dispatchEvent.js:45:22)
      at Object.dispatchUIEvent (node_modules/@testing-library/user-event/dist/
cjs/event/dispatchEvent.js:22:26)
      at commitInput 
(node_modules/@testing-library/user-event/dist/cjs/event/input.js:145:14)
      at editInputElement 
(node_modules/@testing-library/user-event/dist/cjs/event/input.js:115:9)
      at Object.input 
(node_modules/@testing-library/user-event/dist/cjs/event/input.js:37:9)
      at node_modules/@testing-library/user-event/dist/cjs/event/behavior/keypr
ess.js:31:26
      at Object.dispatchEvent (node_modules/@testing-library/user-event/dist/cj
s/event/dispatchEvent.js:41:13)
      at Object.dispatchUIEvent (node_modules/@testing-library/user-event/dist/
cjs/event/dispatchEvent.js:22:26)
      at KeyboardHost.keydown 
(node_modules/@testing-library/user-event/dist/cjs/system/keyboard.js:76:22)
      at keyboardAction 
(node_modules/@testing-library/user-event/dist/cjs/keyboard/index.js:22:35)
      at Object.keyboard 
(node_modules/@testing-library/user-event/dist/cjs/keyboard/index.js:11:15)
      at Object.type 
(node_modules/@testing-library/user-event/dist/cjs/utility/type.js:17:5)
      at Object.<anonymous> 
(src/submissions/SubmissionTabs/__tests__/SubmissionTabs.test.tsx:243:9)

    console.error
      Warning: An update to PlacingBrokingPane inside a test was not wrapped 
in act(...).
      
      When testing, code that causes React state updates should be wrapped 
into act(...):
      
      act(() => {
        /* fire events that update state */
      });
      /* assert on the output */
      
      This ensures that you're testing the behavior the user would see in the 
browser. Learn more at https://reactjs.org/link/wrap-tests-with-act
          at PlacingBrokingPane (C:\Users\samhe\OneDrive\Desktop\Cleaned\fronte
nd\src\submissions\SubmissionTabs\SubmissionTabs.tsx:144:5)
          at div
          at div
          at SubmissionTabs (C:\Users\samhe\OneDrive\Desktop\Cleaned\frontend\s
rc\submissions\SubmissionTabs\SubmissionTabs.tsx:695:5)
          at basenameProp (C:\Users\samhe\OneDrive\Desktop\Cleaned\frontend\nod
e_modules\react-router\lib\components.tsx:421:13)
          at basename (C:\Users\samhe\OneDrive\Desktop\Cleaned\frontend\node_mo
dules\react-router\lib\components.tsx:225:3)

      259 |                         value={brokerIndividualName}
      260 |                         disabled={isEditLocked}
    > 261 |                         onChange={(e) => 
setBrokerIndividualName(e.target.value)}
          |                                          ^
      262 |                         className="w-full border border-gray-300 
rounded px-3 py-2 text-sm disabled:bg-gray-100 disabled:text-gray-500 
disabled:cursor-not-allowed"
      263 |                     />
      264 |                 </div>

      at printWarning 
(node_modules/react-dom/cjs/react-dom.development.js:86:30)
      at error (node_modules/react-dom/cjs/react-dom.development.js:60:7)
      at warnIfUpdatesNotWrappedWithActDEV 
(node_modules/react-dom/cjs/react-dom.development.js:27628:9)
      at scheduleUpdateOnFiber 
(node_modules/react-dom/cjs/react-dom.development.js:25547:5)
      at dispatchSetState 
(node_modules/react-dom/cjs/react-dom.development.js:16708:7)
      at onChange (src/submissions/SubmissionTabs/SubmissionTabs.tsx:261:42)
      at HTMLUnknownElement.callCallback 
(node_modules/react-dom/cjs/react-dom.development.js:4164:14)
      at HTMLUnknownElement.callTheUserObjectsOperation 
(node_modules/jsdom/lib/jsdom/living/generated/EventListener.js:26:30)
      at innerInvokeEventListeners 
(node_modules/jsdom/lib/jsdom/living/events/EventTarget-impl.js:350:25)
      at invokeEventListeners 
(node_modules/jsdom/lib/jsdom/living/events/EventTarget-impl.js:286:3)
      at HTMLUnknownElementImpl._dispatch 
(node_modules/jsdom/lib/jsdom/living/events/EventTarget-impl.js:233:9)
      at HTMLUnknownElementImpl.dispatchEvent 
(node_modules/jsdom/lib/jsdom/living/events/EventTarget-impl.js:104:17)
      at HTMLUnknownElement.dispatchEvent 
(node_modules/jsdom/lib/jsdom/living/generated/EventTarget.js:241:34)
      at Object.invokeGuardedCallbackDev 
(node_modules/react-dom/cjs/react-dom.development.js:4213:16)
      at invokeGuardedCallback 
(node_modules/react-dom/cjs/react-dom.development.js:4277:31)
      at invokeGuardedCallbackAndCatchFirstError 
(node_modules/react-dom/cjs/react-dom.development.js:4291:25)
      at executeDispatch 
(node_modules/react-dom/cjs/react-dom.development.js:9041:3)
      at processDispatchQueueItemsInOrder 
(node_modules/react-dom/cjs/react-dom.development.js:9073:7)
      at processDispatchQueue 
(node_modules/react-dom/cjs/react-dom.development.js:9086:5)
      at dispatchEventsForPlugins 
(node_modules/react-dom/cjs/react-dom.development.js:9097:3)
      at node_modules/react-dom/cjs/react-dom.development.js:9288:12
      at batchedUpdates$1 
(node_modules/react-dom/cjs/react-dom.development.js:26179:12)
      at batchedUpdates 
(node_modules/react-dom/cjs/react-dom.development.js:3991:12)
      at dispatchEventForPluginEventSystem 
(node_modules/react-dom/cjs/react-dom.development.js:9287:3)
      at dispatchEventWithEnableCapturePhaseSelectiveHydrationWithoutDiscreteEv
entReplay (node_modules/react-dom/cjs/react-dom.development.js:6465:5)
      at dispatchEvent 
(node_modules/react-dom/cjs/react-dom.development.js:6457:5)
      at dispatchDiscreteEvent 
(node_modules/react-dom/cjs/react-dom.development.js:6430:5)
      at HTMLDivElement.callTheUserObjectsOperation 
(node_modules/jsdom/lib/jsdom/living/generated/EventListener.js:26:30)
      at innerInvokeEventListeners 
(node_modules/jsdom/lib/jsdom/living/events/EventTarget-impl.js:350:25)
      at invokeEventListeners 
(node_modules/jsdom/lib/jsdom/living/events/EventTarget-impl.js:286:3)
      at HTMLInputElementImpl._dispatch 
(node_modules/jsdom/lib/jsdom/living/events/EventTarget-impl.js:233:9)
      at HTMLInputElementImpl.dispatchEvent 
(node_modules/jsdom/lib/jsdom/living/events/EventTarget-impl.js:104:17)
      at HTMLInputElement.dispatchEvent 
(node_modules/jsdom/lib/jsdom/living/generated/EventTarget.js:241:34)
      at 
node_modules/@testing-library/user-event/dist/cjs/event/dispatchEvent.js:45:43
      at Object.eventWrapper 
(node_modules/@testing-library/dom/dist/config.js:25:23)
      at Object.wrapEvent 
(node_modules/@testing-library/user-event/dist/cjs/event/wrapEvent.js:6:28)
      at Object.dispatchEvent (node_modules/@testing-library/user-event/dist/cj
s/event/dispatchEvent.js:45:22)
      at Object.dispatchUIEvent (node_modules/@testing-library/user-event/dist/
cjs/event/dispatchEvent.js:22:26)
      at commitInput 
(node_modules/@testing-library/user-event/dist/cjs/event/input.js:145:14)
      at editInputElement 
(node_modules/@testing-library/user-event/dist/cjs/event/input.js:115:9)
      at Object.input 
(node_modules/@testing-library/user-event/dist/cjs/event/input.js:37:9)
      at node_modules/@testing-library/user-event/dist/cjs/event/behavior/keypr
ess.js:31:26
      at Object.dispatchEvent (node_modules/@testing-library/user-event/dist/cj
s/event/dispatchEvent.js:41:13)
      at Object.dispatchUIEvent (node_modules/@testing-library/user-event/dist/
cjs/event/dispatchEvent.js:22:26)
      at KeyboardHost.keydown 
(node_modules/@testing-library/user-event/dist/cjs/system/keyboard.js:76:22)
      at keyboardAction 
(node_modules/@testing-library/user-event/dist/cjs/keyboard/index.js:22:35)
      at Object.keyboard 
(node_modules/@testing-library/user-event/dist/cjs/keyboard/index.js:11:15)
      at Object.type 
(node_modules/@testing-library/user-event/dist/cjs/utility/type.js:17:5)
      at Object.<anonymous> 
(src/submissions/SubmissionTabs/__tests__/SubmissionTabs.test.tsx:243:9)

    console.error
      Warning: An update to PlacingBrokingPane inside a test was not wrapped 
in act(...).
      
      When testing, code that causes React state updates should be wrapped 
into act(...):
      
      act(() => {
        /* fire events that update state */
      });
      /* assert on the output */
      
      This ensures that you're testing the behavior the user would see in the 
browser. Learn more at https://reactjs.org/link/wrap-tests-with-act
          at PlacingBrokingPane (C:\Users\samhe\OneDrive\Desktop\Cleaned\fronte
nd\src\submissions\SubmissionTabs\SubmissionTabs.tsx:144:5)
          at div
          at div
          at SubmissionTabs (C:\Users\samhe\OneDrive\Desktop\Cleaned\frontend\s
rc\submissions\SubmissionTabs\SubmissionTabs.tsx:695:5)
          at basenameProp (C:\Users\samhe\OneDrive\Desktop\Cleaned\frontend\nod
e_modules\react-router\lib\components.tsx:421:13)
          at basename (C:\Users\samhe\OneDrive\Desktop\Cleaned\frontend\node_mo
dules\react-router\lib\components.tsx:225:3)

      259 |                         value={brokerIndividualName}
      260 |                         disabled={isEditLocked}
    > 261 |                         onChange={(e) => 
setBrokerIndividualName(e.target.value)}
          |                                          ^
      262 |                         className="w-full border border-gray-300 
rounded px-3 py-2 text-sm disabled:bg-gray-100 disabled:text-gray-500 
disabled:cursor-not-allowed"
      263 |                     />
      264 |                 </div>

      at printWarning 
(node_modules/react-dom/cjs/react-dom.development.js:86:30)
      at error (node_modules/react-dom/cjs/react-dom.development.js:60:7)
      at warnIfUpdatesNotWrappedWithActDEV 
(node_modules/react-dom/cjs/react-dom.development.js:27628:9)
      at scheduleUpdateOnFiber 
(node_modules/react-dom/cjs/react-dom.development.js:25547:5)
      at dispatchSetState 
(node_modules/react-dom/cjs/react-dom.development.js:16708:7)
      at onChange (src/submissions/SubmissionTabs/SubmissionTabs.tsx:261:42)
      at HTMLUnknownElement.callCallback 
(node_modules/react-dom/cjs/react-dom.development.js:4164:14)
      at HTMLUnknownElement.callTheUserObjectsOperation 
(node_modules/jsdom/lib/jsdom/living/generated/EventListener.js:26:30)
      at innerInvokeEventListeners 
(node_modules/jsdom/lib/jsdom/living/events/EventTarget-impl.js:350:25)
      at invokeEventListeners 
(node_modules/jsdom/lib/jsdom/living/events/EventTarget-impl.js:286:3)
      at HTMLUnknownElementImpl._dispatch 
(node_modules/jsdom/lib/jsdom/living/events/EventTarget-impl.js:233:9)
      at HTMLUnknownElementImpl.dispatchEvent 
(node_modules/jsdom/lib/jsdom/living/events/EventTarget-impl.js:104:17)
      at HTMLUnknownElement.dispatchEvent 
(node_modules/jsdom/lib/jsdom/living/generated/EventTarget.js:241:34)
      at Object.invokeGuardedCallbackDev 
(node_modules/react-dom/cjs/react-dom.development.js:4213:16)
      at invokeGuardedCallback 
(node_modules/react-dom/cjs/react-dom.development.js:4277:31)
      at invokeGuardedCallbackAndCatchFirstError 
(node_modules/react-dom/cjs/react-dom.development.js:4291:25)
      at executeDispatch 
(node_modules/react-dom/cjs/react-dom.development.js:9041:3)
      at processDispatchQueueItemsInOrder 
(node_modules/react-dom/cjs/react-dom.development.js:9073:7)
      at processDispatchQueue 
(node_modules/react-dom/cjs/react-dom.development.js:9086:5)
      at dispatchEventsForPlugins 
(node_modules/react-dom/cjs/react-dom.development.js:9097:3)
      at node_modules/react-dom/cjs/react-dom.development.js:9288:12
      at batchedUpdates$1 
(node_modules/react-dom/cjs/react-dom.development.js:26179:12)
      at batchedUpdates 
(node_modules/react-dom/cjs/react-dom.development.js:3991:12)
      at dispatchEventForPluginEventSystem 
(node_modules/react-dom/cjs/react-dom.development.js:9287:3)
      at dispatchEventWithEnableCapturePhaseSelectiveHydrationWithoutDiscreteEv
entReplay (node_modules/react-dom/cjs/react-dom.development.js:6465:5)
      at dispatchEvent 
(node_modules/react-dom/cjs/react-dom.development.js:6457:5)
      at dispatchDiscreteEvent 
(node_modules/react-dom/cjs/react-dom.development.js:6430:5)
      at HTMLDivElement.callTheUserObjectsOperation 
(node_modules/jsdom/lib/jsdom/living/generated/EventListener.js:26:30)
      at innerInvokeEventListeners 
(node_modules/jsdom/lib/jsdom/living/events/EventTarget-impl.js:350:25)
      at invokeEventListeners 
(node_modules/jsdom/lib/jsdom/living/events/EventTarget-impl.js:286:3)
      at HTMLInputElementImpl._dispatch 
(node_modules/jsdom/lib/jsdom/living/events/EventTarget-impl.js:233:9)
      at HTMLInputElementImpl.dispatchEvent 
(node_modules/jsdom/lib/jsdom/living/events/EventTarget-impl.js:104:17)
      at HTMLInputElement.dispatchEvent 
(node_modules/jsdom/lib/jsdom/living/generated/EventTarget.js:241:34)
      at 
node_modules/@testing-library/user-event/dist/cjs/event/dispatchEvent.js:45:43
      at Object.eventWrapper 
(node_modules/@testing-library/dom/dist/config.js:25:23)
      at Object.wrapEvent 
(node_modules/@testing-library/user-event/dist/cjs/event/wrapEvent.js:6:28)
      at Object.dispatchEvent (node_modules/@testing-library/user-event/dist/cj
s/event/dispatchEvent.js:45:22)
      at Object.dispatchUIEvent (node_modules/@testing-library/user-event/dist/
cjs/event/dispatchEvent.js:22:26)
      at commitInput 
(node_modules/@testing-library/user-event/dist/cjs/event/input.js:145:14)
      at editInputElement 
(node_modules/@testing-library/user-event/dist/cjs/event/input.js:115:9)
      at Object.input 
(node_modules/@testing-library/user-event/dist/cjs/event/input.js:37:9)
      at node_modules/@testing-library/user-event/dist/cjs/event/behavior/keypr
ess.js:31:26
      at Object.dispatchEvent (node_modules/@testing-library/user-event/dist/cj
s/event/dispatchEvent.js:41:13)
      at Object.dispatchUIEvent (node_modules/@testing-library/user-event/dist/
cjs/event/dispatchEvent.js:22:26)
      at KeyboardHost.keydown 
(node_modules/@testing-library/user-event/dist/cjs/system/keyboard.js:76:22)
      at keyboardAction 
(node_modules/@testing-library/user-event/dist/cjs/keyboard/index.js:22:35)
      at Object.keyboard 
(node_modules/@testing-library/user-event/dist/cjs/keyboard/index.js:11:15)
      at Object.type 
(node_modules/@testing-library/user-event/dist/cjs/utility/type.js:17:5)
      at Object.<anonymous> 
(src/submissions/SubmissionTabs/__tests__/SubmissionTabs.test.tsx:243:9)

    console.error
      Warning: An update to PlacingBrokingPane inside a test was not wrapped 
in act(...).
      
      When testing, code that causes React state updates should be wrapped 
into act(...):
      
      act(() => {
        /* fire events that update state */
      });
      /* assert on the output */
      
      This ensures that you're testing the behavior the user would see in the 
browser. Learn more at https://reactjs.org/link/wrap-tests-with-act
          at PlacingBrokingPane (C:\Users\samhe\OneDrive\Desktop\Cleaned\fronte
nd\src\submissions\SubmissionTabs\SubmissionTabs.tsx:144:5)
          at div
          at div
          at SubmissionTabs (C:\Users\samhe\OneDrive\Desktop\Cleaned\frontend\s
rc\submissions\SubmissionTabs\SubmissionTabs.tsx:695:5)
          at basenameProp (C:\Users\samhe\OneDrive\Desktop\Cleaned\frontend\nod
e_modules\react-router\lib\components.tsx:421:13)
          at basename (C:\Users\samhe\OneDrive\Desktop\Cleaned\frontend\node_mo
dules\react-router\lib\components.tsx:225:3)

      259 |                         value={brokerIndividualName}
      260 |                         disabled={isEditLocked}
    > 261 |                         onChange={(e) => 
setBrokerIndividualName(e.target.value)}
          |                                          ^
      262 |                         className="w-full border border-gray-300 
rounded px-3 py-2 text-sm disabled:bg-gray-100 disabled:text-gray-500 
disabled:cursor-not-allowed"
      263 |                     />
      264 |                 </div>

      at printWarning 
(node_modules/react-dom/cjs/react-dom.development.js:86:30)
      at error (node_modules/react-dom/cjs/react-dom.development.js:60:7)
      at warnIfUpdatesNotWrappedWithActDEV 
(node_modules/react-dom/cjs/react-dom.development.js:27628:9)
      at scheduleUpdateOnFiber 
(node_modules/react-dom/cjs/react-dom.development.js:25547:5)
      at dispatchSetState 
(node_modules/react-dom/cjs/react-dom.development.js:16708:7)
      at onChange (src/submissions/SubmissionTabs/SubmissionTabs.tsx:261:42)
      at HTMLUnknownElement.callCallback 
(node_modules/react-dom/cjs/react-dom.development.js:4164:14)
      at HTMLUnknownElement.callTheUserObjectsOperation 
(node_modules/jsdom/lib/jsdom/living/generated/EventListener.js:26:30)
      at innerInvokeEventListeners 
(node_modules/jsdom/lib/jsdom/living/events/EventTarget-impl.js:350:25)
      at invokeEventListeners 
(node_modules/jsdom/lib/jsdom/living/events/EventTarget-impl.js:286:3)
      at HTMLUnknownElementImpl._dispatch 
(node_modules/jsdom/lib/jsdom/living/events/EventTarget-impl.js:233:9)
      at HTMLUnknownElementImpl.dispatchEvent 
(node_modules/jsdom/lib/jsdom/living/events/EventTarget-impl.js:104:17)
      at HTMLUnknownElement.dispatchEvent 
(node_modules/jsdom/lib/jsdom/living/generated/EventTarget.js:241:34)
      at Object.invokeGuardedCallbackDev 
(node_modules/react-dom/cjs/react-dom.development.js:4213:16)
      at invokeGuardedCallback 
(node_modules/react-dom/cjs/react-dom.development.js:4277:31)
      at invokeGuardedCallbackAndCatchFirstError 
(node_modules/react-dom/cjs/react-dom.development.js:4291:25)
      at executeDispatch 
(node_modules/react-dom/cjs/react-dom.development.js:9041:3)
      at processDispatchQueueItemsInOrder 
(node_modules/react-dom/cjs/react-dom.development.js:9073:7)
      at processDispatchQueue 
(node_modules/react-dom/cjs/react-dom.development.js:9086:5)
      at dispatchEventsForPlugins 
(node_modules/react-dom/cjs/react-dom.development.js:9097:3)
      at node_modules/react-dom/cjs/react-dom.development.js:9288:12
      at batchedUpdates$1 
(node_modules/react-dom/cjs/react-dom.development.js:26179:12)
      at batchedUpdates 
(node_modules/react-dom/cjs/react-dom.development.js:3991:12)
      at dispatchEventForPluginEventSystem 
(node_modules/react-dom/cjs/react-dom.development.js:9287:3)
      at dispatchEventWithEnableCapturePhaseSelectiveHydrationWithoutDiscreteEv
entReplay (node_modules/react-dom/cjs/react-dom.development.js:6465:5)
      at dispatchEvent 
(node_modules/react-dom/cjs/react-dom.development.js:6457:5)
      at dispatchDiscreteEvent 
(node_modules/react-dom/cjs/react-dom.development.js:6430:5)
      at HTMLDivElement.callTheUserObjectsOperation 
(node_modules/jsdom/lib/jsdom/living/generated/EventListener.js:26:30)
      at innerInvokeEventListeners 
(node_modules/jsdom/lib/jsdom/living/events/EventTarget-impl.js:350:25)
      at invokeEventListeners 
(node_modules/jsdom/lib/jsdom/living/events/EventTarget-impl.js:286:3)
      at HTMLInputElementImpl._dispatch 
(node_modules/jsdom/lib/jsdom/living/events/EventTarget-impl.js:233:9)
      at HTMLInputElementImpl.dispatchEvent 
(node_modules/jsdom/lib/jsdom/living/events/EventTarget-impl.js:104:17)
      at HTMLInputElement.dispatchEvent 
(node_modules/jsdom/lib/jsdom/living/generated/EventTarget.js:241:34)
      at 
node_modules/@testing-library/user-event/dist/cjs/event/dispatchEvent.js:45:43
      at Object.eventWrapper 
(node_modules/@testing-library/dom/dist/config.js:25:23)
      at Object.wrapEvent 
(node_modules/@testing-library/user-event/dist/cjs/event/wrapEvent.js:6:28)
      at Object.dispatchEvent (node_modules/@testing-library/user-event/dist/cj
s/event/dispatchEvent.js:45:22)
      at Object.dispatchUIEvent (node_modules/@testing-library/user-event/dist/
cjs/event/dispatchEvent.js:22:26)
      at commitInput 
(node_modules/@testing-library/user-event/dist/cjs/event/input.js:145:14)
      at editInputElement 
(node_modules/@testing-library/user-event/dist/cjs/event/input.js:115:9)
      at Object.input 
(node_modules/@testing-library/user-event/dist/cjs/event/input.js:37:9)
      at node_modules/@testing-library/user-event/dist/cjs/event/behavior/keypr
ess.js:31:26
      at Object.dispatchEvent (node_modules/@testing-library/user-event/dist/cj
s/event/dispatchEvent.js:41:13)
      at Object.dispatchUIEvent (node_modules/@testing-library/user-event/dist/
cjs/event/dispatchEvent.js:22:26)
      at KeyboardHost.keydown 
(node_modules/@testing-library/user-event/dist/cjs/system/keyboard.js:76:22)
      at keyboardAction 
(node_modules/@testing-library/user-event/dist/cjs/keyboard/index.js:22:35)
      at Object.keyboard 
(node_modules/@testing-library/user-event/dist/cjs/keyboard/index.js:11:15)
      at Object.type 
(node_modules/@testing-library/user-event/dist/cjs/utility/type.js:17:5)
      at Object.<anonymous> 
(src/submissions/SubmissionTabs/__tests__/SubmissionTabs.test.tsx:243:9)

    console.error
      Warning: An update to PlacingBrokingPane inside a test was not wrapped 
in act(...).
      
      When testing, code that causes React state updates should be wrapped 
into act(...):
      
      act(() => {
        /* fire events that update state */
      });
      /* assert on the output */
      
      This ensures that you're testing the behavior the user would see in the 
browser. Learn more at https://reactjs.org/link/wrap-tests-with-act
          at PlacingBrokingPane (C:\Users\samhe\OneDrive\Desktop\Cleaned\fronte
nd\src\submissions\SubmissionTabs\SubmissionTabs.tsx:144:5)
          at div
          at div
          at SubmissionTabs (C:\Users\samhe\OneDrive\Desktop\Cleaned\frontend\s
rc\submissions\SubmissionTabs\SubmissionTabs.tsx:695:5)
          at basenameProp (C:\Users\samhe\OneDrive\Desktop\Cleaned\frontend\nod
e_modules\react-router\lib\components.tsx:421:13)
          at basename (C:\Users\samhe\OneDrive\Desktop\Cleaned\frontend\node_mo
dules\react-router\lib\components.tsx:225:3)

      259 |                         value={brokerIndividualName}
      260 |                         disabled={isEditLocked}
    > 261 |                         onChange={(e) => 
setBrokerIndividualName(e.target.value)}
          |                                          ^
      262 |                         className="w-full border border-gray-300 
rounded px-3 py-2 text-sm disabled:bg-gray-100 disabled:text-gray-500 
disabled:cursor-not-allowed"
      263 |                     />
      264 |                 </div>

      at printWarning 
(node_modules/react-dom/cjs/react-dom.development.js:86:30)
      at error (node_modules/react-dom/cjs/react-dom.development.js:60:7)
      at warnIfUpdatesNotWrappedWithActDEV 
(node_modules/react-dom/cjs/react-dom.development.js:27628:9)
      at scheduleUpdateOnFiber 
(node_modules/react-dom/cjs/react-dom.development.js:25547:5)
      at dispatchSetState 
(node_modules/react-dom/cjs/react-dom.development.js:16708:7)
      at onChange (src/submissions/SubmissionTabs/SubmissionTabs.tsx:261:42)
      at HTMLUnknownElement.callCallback 
(node_modules/react-dom/cjs/react-dom.development.js:4164:14)
      at HTMLUnknownElement.callTheUserObjectsOperation 
(node_modules/jsdom/lib/jsdom/living/generated/EventListener.js:26:30)
      at innerInvokeEventListeners 
(node_modules/jsdom/lib/jsdom/living/events/EventTarget-impl.js:350:25)
      at invokeEventListeners 
(node_modules/jsdom/lib/jsdom/living/events/EventTarget-impl.js:286:3)
      at HTMLUnknownElementImpl._dispatch 
(node_modules/jsdom/lib/jsdom/living/events/EventTarget-impl.js:233:9)
      at HTMLUnknownElementImpl.dispatchEvent 
(node_modules/jsdom/lib/jsdom/living/events/EventTarget-impl.js:104:17)
      at HTMLUnknownElement.dispatchEvent 
(node_modules/jsdom/lib/jsdom/living/generated/EventTarget.js:241:34)
      at Object.invokeGuardedCallbackDev 
(node_modules/react-dom/cjs/react-dom.development.js:4213:16)
      at invokeGuardedCallback 
(node_modules/react-dom/cjs/react-dom.development.js:4277:31)
      at invokeGuardedCallbackAndCatchFirstError 
(node_modules/react-dom/cjs/react-dom.development.js:4291:25)
      at executeDispatch 
(node_modules/react-dom/cjs/react-dom.development.js:9041:3)
      at processDispatchQueueItemsInOrder 
(node_modules/react-dom/cjs/react-dom.development.js:9073:7)
      at processDispatchQueue 
(node_modules/react-dom/cjs/react-dom.development.js:9086:5)
      at dispatchEventsForPlugins 
(node_modules/react-dom/cjs/react-dom.development.js:9097:3)
      at node_modules/react-dom/cjs/react-dom.development.js:9288:12
      at batchedUpdates$1 
(node_modules/react-dom/cjs/react-dom.development.js:26179:12)
      at batchedUpdates 
(node_modules/react-dom/cjs/react-dom.development.js:3991:12)
      at dispatchEventForPluginEventSystem 
(node_modules/react-dom/cjs/react-dom.development.js:9287:3)
      at dispatchEventWithEnableCapturePhaseSelectiveHydrationWithoutDiscreteEv
entReplay (node_modules/react-dom/cjs/react-dom.development.js:6465:5)
      at dispatchEvent 
(node_modules/react-dom/cjs/react-dom.development.js:6457:5)
      at dispatchDiscreteEvent 
(node_modules/react-dom/cjs/react-dom.development.js:6430:5)
      at HTMLDivElement.callTheUserObjectsOperation 
(node_modules/jsdom/lib/jsdom/living/generated/EventListener.js:26:30)
      at innerInvokeEventListeners 
(node_modules/jsdom/lib/jsdom/living/events/EventTarget-impl.js:350:25)
      at invokeEventListeners 
(node_modules/jsdom/lib/jsdom/living/events/EventTarget-impl.js:286:3)
      at HTMLInputElementImpl._dispatch 
(node_modules/jsdom/lib/jsdom/living/events/EventTarget-impl.js:233:9)
      at HTMLInputElementImpl.dispatchEvent 
(node_modules/jsdom/lib/jsdom/living/events/EventTarget-impl.js:104:17)
      at HTMLInputElement.dispatchEvent 
(node_modules/jsdom/lib/jsdom/living/generated/EventTarget.js:241:34)
      at 
node_modules/@testing-library/user-event/dist/cjs/event/dispatchEvent.js:45:43
      at Object.eventWrapper 
(node_modules/@testing-library/dom/dist/config.js:25:23)
      at Object.wrapEvent 
(node_modules/@testing-library/user-event/dist/cjs/event/wrapEvent.js:6:28)
      at Object.dispatchEvent (node_modules/@testing-library/user-event/dist/cj
s/event/dispatchEvent.js:45:22)
      at Object.dispatchUIEvent (node_modules/@testing-library/user-event/dist/
cjs/event/dispatchEvent.js:22:26)
      at commitInput 
(node_modules/@testing-library/user-event/dist/cjs/event/input.js:145:14)
      at editInputElement 
(node_modules/@testing-library/user-event/dist/cjs/event/input.js:115:9)
      at Object.input 
(node_modules/@testing-library/user-event/dist/cjs/event/input.js:37:9)
      at node_modules/@testing-library/user-event/dist/cjs/event/behavior/keypr
ess.js:31:26
      at Object.dispatchEvent (node_modules/@testing-library/user-event/dist/cj
s/event/dispatchEvent.js:41:13)
      at Object.dispatchUIEvent (node_modules/@testing-library/user-event/dist/
cjs/event/dispatchEvent.js:22:26)
      at KeyboardHost.keydown 
(node_modules/@testing-library/user-event/dist/cjs/system/keyboard.js:76:22)
      at keyboardAction 
(node_modules/@testing-library/user-event/dist/cjs/keyboard/index.js:22:35)
      at Object.keyboard 
(node_modules/@testing-library/user-event/dist/cjs/keyboard/index.js:11:15)
      at Object.type 
(node_modules/@testing-library/user-event/dist/cjs/utility/type.js:17:5)
      at Object.<anonymous> 
(src/submissions/SubmissionTabs/__tests__/SubmissionTabs.test.tsx:243:9)

    console.error
      Warning: An update to PlacingBrokingPane inside a test was not wrapped 
in act(...).
      
      When testing, code that causes React state updates should be wrapped 
into act(...):
      
      act(() => {
        /* fire events that update state */
      });
      /* assert on the output */
      
      This ensures that you're testing the behavior the user would see in the 
browser. Learn more at https://reactjs.org/link/wrap-tests-with-act
          at PlacingBrokingPane (C:\Users\samhe\OneDrive\Desktop\Cleaned\fronte
nd\src\submissions\SubmissionTabs\SubmissionTabs.tsx:144:5)
          at div
          at div
          at SubmissionTabs (C:\Users\samhe\OneDrive\Desktop\Cleaned\frontend\s
rc\submissions\SubmissionTabs\SubmissionTabs.tsx:695:5)
          at basenameProp (C:\Users\samhe\OneDrive\Desktop\Cleaned\frontend\nod
e_modules\react-router\lib\components.tsx:421:13)
          at basename (C:\Users\samhe\OneDrive\Desktop\Cleaned\frontend\node_mo
dules\react-router\lib\components.tsx:225:3)

      259 |                         value={brokerIndividualName}
      260 |                         disabled={isEditLocked}
    > 261 |                         onChange={(e) => 
setBrokerIndividualName(e.target.value)}
          |                                          ^
      262 |                         className="w-full border border-gray-300 
rounded px-3 py-2 text-sm disabled:bg-gray-100 disabled:text-gray-500 
disabled:cursor-not-allowed"
      263 |                     />
      264 |                 </div>

      at printWarning 
(node_modules/react-dom/cjs/react-dom.development.js:86:30)
      at error (node_modules/react-dom/cjs/react-dom.development.js:60:7)
      at warnIfUpdatesNotWrappedWithActDEV 
(node_modules/react-dom/cjs/react-dom.development.js:27628:9)
      at scheduleUpdateOnFiber 
(node_modules/react-dom/cjs/react-dom.development.js:25547:5)
      at dispatchSetState 
(node_modules/react-dom/cjs/react-dom.development.js:16708:7)
      at onChange (src/submissions/SubmissionTabs/SubmissionTabs.tsx:261:42)
      at HTMLUnknownElement.callCallback 
(node_modules/react-dom/cjs/react-dom.development.js:4164:14)
      at HTMLUnknownElement.callTheUserObjectsOperation 
(node_modules/jsdom/lib/jsdom/living/generated/EventListener.js:26:30)
      at innerInvokeEventListeners 
(node_modules/jsdom/lib/jsdom/living/events/EventTarget-impl.js:350:25)
      at invokeEventListeners 
(node_modules/jsdom/lib/jsdom/living/events/EventTarget-impl.js:286:3)
      at HTMLUnknownElementImpl._dispatch 
(node_modules/jsdom/lib/jsdom/living/events/EventTarget-impl.js:233:9)
      at HTMLUnknownElementImpl.dispatchEvent 
(node_modules/jsdom/lib/jsdom/living/events/EventTarget-impl.js:104:17)
      at HTMLUnknownElement.dispatchEvent 
(node_modules/jsdom/lib/jsdom/living/generated/EventTarget.js:241:34)
      at Object.invokeGuardedCallbackDev 
(node_modules/react-dom/cjs/react-dom.development.js:4213:16)
      at invokeGuardedCallback 
(node_modules/react-dom/cjs/react-dom.development.js:4277:31)
      at invokeGuardedCallbackAndCatchFirstError 
(node_modules/react-dom/cjs/react-dom.development.js:4291:25)
      at executeDispatch 
(node_modules/react-dom/cjs/react-dom.development.js:9041:3)
      at processDispatchQueueItemsInOrder 
(node_modules/react-dom/cjs/react-dom.development.js:9073:7)
      at processDispatchQueue 
(node_modules/react-dom/cjs/react-dom.development.js:9086:5)
      at dispatchEventsForPlugins 
(node_modules/react-dom/cjs/react-dom.development.js:9097:3)
      at node_modules/react-dom/cjs/react-dom.development.js:9288:12
      at batchedUpdates$1 
(node_modules/react-dom/cjs/react-dom.development.js:26179:12)
      at batchedUpdates 
(node_modules/react-dom/cjs/react-dom.development.js:3991:12)
      at dispatchEventForPluginEventSystem 
(node_modules/react-dom/cjs/react-dom.development.js:9287:3)
      at dispatchEventWithEnableCapturePhaseSelectiveHydrationWithoutDiscreteEv
entReplay (node_modules/react-dom/cjs/react-dom.development.js:6465:5)
      at dispatchEvent 
(node_modules/react-dom/cjs/react-dom.development.js:6457:5)
      at dispatchDiscreteEvent 
(node_modules/react-dom/cjs/react-dom.development.js:6430:5)
      at HTMLDivElement.callTheUserObjectsOperation 
(node_modules/jsdom/lib/jsdom/living/generated/EventListener.js:26:30)
      at innerInvokeEventListeners 
(node_modules/jsdom/lib/jsdom/living/events/EventTarget-impl.js:350:25)
      at invokeEventListeners 
(node_modules/jsdom/lib/jsdom/living/events/EventTarget-impl.js:286:3)
      at HTMLInputElementImpl._dispatch 
(node_modules/jsdom/lib/jsdom/living/events/EventTarget-impl.js:233:9)
      at HTMLInputElementImpl.dispatchEvent 
(node_modules/jsdom/lib/jsdom/living/events/EventTarget-impl.js:104:17)
      at HTMLInputElement.dispatchEvent 
(node_modules/jsdom/lib/jsdom/living/generated/EventTarget.js:241:34)
      at 
node_modules/@testing-library/user-event/dist/cjs/event/dispatchEvent.js:45:43
      at Object.eventWrapper 
(node_modules/@testing-library/dom/dist/config.js:25:23)
      at Object.wrapEvent 
(node_modules/@testing-library/user-event/dist/cjs/event/wrapEvent.js:6:28)
      at Object.dispatchEvent (node_modules/@testing-library/user-event/dist/cj
s/event/dispatchEvent.js:45:22)
      at Object.dispatchUIEvent (node_modules/@testing-library/user-event/dist/
cjs/event/dispatchEvent.js:22:26)
      at commitInput 
(node_modules/@testing-library/user-event/dist/cjs/event/input.js:145:14)
      at editInputElement 
(node_modules/@testing-library/user-event/dist/cjs/event/input.js:115:9)
      at Object.input 
(node_modules/@testing-library/user-event/dist/cjs/event/input.js:37:9)
      at node_modules/@testing-library/user-event/dist/cjs/event/behavior/keypr
ess.js:31:26
      at Object.dispatchEvent (node_modules/@testing-library/user-event/dist/cj
s/event/dispatchEvent.js:41:13)
      at Object.dispatchUIEvent (node_modules/@testing-library/user-event/dist/
cjs/event/dispatchEvent.js:22:26)
      at KeyboardHost.keydown 
(node_modules/@testing-library/user-event/dist/cjs/system/keyboard.js:76:22)
      at keyboardAction 
(node_modules/@testing-library/user-event/dist/cjs/keyboard/index.js:22:35)
      at Object.keyboard 
(node_modules/@testing-library/user-event/dist/cjs/keyboard/index.js:11:15)
      at Object.type 
(node_modules/@testing-library/user-event/dist/cjs/utility/type.js:17:5)
      at Object.<anonymous> 
(src/submissions/SubmissionTabs/__tests__/SubmissionTabs.test.tsx:243:9)

    console.error
      Warning: An update to PlacingBrokingPane inside a test was not wrapped 
in act(...).
      
      When testing, code that causes React state updates should be wrapped 
into act(...):
      
      act(() => {
        /* fire events that update state */
      });
      /* assert on the output */
      
      This ensures that you're testing the behavior the user would see in the 
browser. Learn more at https://reactjs.org/link/wrap-tests-with-act
          at PlacingBrokingPane (C:\Users\samhe\OneDrive\Desktop\Cleaned\fronte
nd\src\submissions\SubmissionTabs\SubmissionTabs.tsx:144:5)
          at div
          at div
          at SubmissionTabs (C:\Users\samhe\OneDrive\Desktop\Cleaned\frontend\s
rc\submissions\SubmissionTabs\SubmissionTabs.tsx:695:5)
          at basenameProp (C:\Users\samhe\OneDrive\Desktop\Cleaned\frontend\nod
e_modules\react-router\lib\components.tsx:421:13)
          at basename (C:\Users\samhe\OneDrive\Desktop\Cleaned\frontend\node_mo
dules\react-router\lib\components.tsx:225:3)

      259 |                         value={brokerIndividualName}
      260 |                         disabled={isEditLocked}
    > 261 |                         onChange={(e) => 
setBrokerIndividualName(e.target.value)}
          |                                          ^
      262 |                         className="w-full border border-gray-300 
rounded px-3 py-2 text-sm disabled:bg-gray-100 disabled:text-gray-500 
disabled:cursor-not-allowed"
      263 |                     />
      264 |                 </div>

      at printWarning 
(node_modules/react-dom/cjs/react-dom.development.js:86:30)
      at error (node_modules/react-dom/cjs/react-dom.development.js:60:7)
      at warnIfUpdatesNotWrappedWithActDEV 
(node_modules/react-dom/cjs/react-dom.development.js:27628:9)
      at scheduleUpdateOnFiber 
(node_modules/react-dom/cjs/react-dom.development.js:25547:5)
      at dispatchSetState 
(node_modules/react-dom/cjs/react-dom.development.js:16708:7)
      at onChange (src/submissions/SubmissionTabs/SubmissionTabs.tsx:261:42)
      at HTMLUnknownElement.callCallback 
(node_modules/react-dom/cjs/react-dom.development.js:4164:14)
      at HTMLUnknownElement.callTheUserObjectsOperation 
(node_modules/jsdom/lib/jsdom/living/generated/EventListener.js:26:30)
      at innerInvokeEventListeners 
(node_modules/jsdom/lib/jsdom/living/events/EventTarget-impl.js:350:25)
      at invokeEventListeners 
(node_modules/jsdom/lib/jsdom/living/events/EventTarget-impl.js:286:3)
      at HTMLUnknownElementImpl._dispatch 
(node_modules/jsdom/lib/jsdom/living/events/EventTarget-impl.js:233:9)
      at HTMLUnknownElementImpl.dispatchEvent 
(node_modules/jsdom/lib/jsdom/living/events/EventTarget-impl.js:104:17)
      at HTMLUnknownElement.dispatchEvent 
(node_modules/jsdom/lib/jsdom/living/generated/EventTarget.js:241:34)
      at Object.invokeGuardedCallbackDev 
(node_modules/react-dom/cjs/react-dom.development.js:4213:16)
      at invokeGuardedCallback 
(node_modules/react-dom/cjs/react-dom.development.js:4277:31)
      at invokeGuardedCallbackAndCatchFirstError 
(node_modules/react-dom/cjs/react-dom.development.js:4291:25)
      at executeDispatch 
(node_modules/react-dom/cjs/react-dom.development.js:9041:3)
      at processDispatchQueueItemsInOrder 
(node_modules/react-dom/cjs/react-dom.development.js:9073:7)
      at processDispatchQueue 
(node_modules/react-dom/cjs/react-dom.development.js:9086:5)
      at dispatchEventsForPlugins 
(node_modules/react-dom/cjs/react-dom.development.js:9097:3)
      at node_modules/react-dom/cjs/react-dom.development.js:9288:12
      at batchedUpdates$1 
(node_modules/react-dom/cjs/react-dom.development.js:26179:12)
      at batchedUpdates 
(node_modules/react-dom/cjs/react-dom.development.js:3991:12)
      at dispatchEventForPluginEventSystem 
(node_modules/react-dom/cjs/react-dom.development.js:9287:3)
      at dispatchEventWithEnableCapturePhaseSelectiveHydrationWithoutDiscreteEv
entReplay (node_modules/react-dom/cjs/react-dom.development.js:6465:5)
      at dispatchEvent 
(node_modules/react-dom/cjs/react-dom.development.js:6457:5)
      at dispatchDiscreteEvent 
(node_modules/react-dom/cjs/react-dom.development.js:6430:5)
      at HTMLDivElement.callTheUserObjectsOperation 
(node_modules/jsdom/lib/jsdom/living/generated/EventListener.js:26:30)
      at innerInvokeEventListeners 
(node_modules/jsdom/lib/jsdom/living/events/EventTarget-impl.js:350:25)
      at invokeEventListeners 
(node_modules/jsdom/lib/jsdom/living/events/EventTarget-impl.js:286:3)
      at HTMLInputElementImpl._dispatch 
(node_modules/jsdom/lib/jsdom/living/events/EventTarget-impl.js:233:9)
      at HTMLInputElementImpl.dispatchEvent 
(node_modules/jsdom/lib/jsdom/living/events/EventTarget-impl.js:104:17)
      at HTMLInputElement.dispatchEvent 
(node_modules/jsdom/lib/jsdom/living/generated/EventTarget.js:241:34)
      at 
node_modules/@testing-library/user-event/dist/cjs/event/dispatchEvent.js:45:43
      at Object.eventWrapper 
(node_modules/@testing-library/dom/dist/config.js:25:23)
      at Object.wrapEvent 
(node_modules/@testing-library/user-event/dist/cjs/event/wrapEvent.js:6:28)
      at Object.dispatchEvent (node_modules/@testing-library/user-event/dist/cj
s/event/dispatchEvent.js:45:22)
      at Object.dispatchUIEvent (node_modules/@testing-library/user-event/dist/
cjs/event/dispatchEvent.js:22:26)
      at commitInput 
(node_modules/@testing-library/user-event/dist/cjs/event/input.js:145:14)
      at editInputElement 
(node_modules/@testing-library/user-event/dist/cjs/event/input.js:115:9)
      at Object.input 
(node_modules/@testing-library/user-event/dist/cjs/event/input.js:37:9)
      at node_modules/@testing-library/user-event/dist/cjs/event/behavior/keypr
ess.js:31:26
      at Object.dispatchEvent (node_modules/@testing-library/user-event/dist/cj
s/event/dispatchEvent.js:41:13)
      at Object.dispatchUIEvent (node_modules/@testing-library/user-event/dist/
cjs/event/dispatchEvent.js:22:26)
      at KeyboardHost.keydown 
(node_modules/@testing-library/user-event/dist/cjs/system/keyboard.js:76:22)
      at keyboardAction 
(node_modules/@testing-library/user-event/dist/cjs/keyboard/index.js:22:35)
      at Object.keyboard 
(node_modules/@testing-library/user-event/dist/cjs/keyboard/index.js:11:15)
      at Object.type 
(node_modules/@testing-library/user-event/dist/cjs/utility/type.js:17:5)
      at Object.<anonymous> 
(src/submissions/SubmissionTabs/__tests__/SubmissionTabs.test.tsx:243:9)

    console.error
      Warning: An update to PlacingBrokingPane inside a test was not wrapped 
in act(...).
      
      When testing, code that causes React state updates should be wrapped 
into act(...):
      
      act(() => {
        /* fire events that update state */
      });
      /* assert on the output */
      
      This ensures that you're testing the behavior the user would see in the 
browser. Learn more at https://reactjs.org/link/wrap-tests-with-act
          at PlacingBrokingPane (C:\Users\samhe\OneDrive\Desktop\Cleaned\fronte
nd\src\submissions\SubmissionTabs\SubmissionTabs.tsx:144:5)
          at div
          at div
          at SubmissionTabs (C:\Users\samhe\OneDrive\Desktop\Cleaned\frontend\s
rc\submissions\SubmissionTabs\SubmissionTabs.tsx:695:5)
          at basenameProp (C:\Users\samhe\OneDrive\Desktop\Cleaned\frontend\nod
e_modules\react-router\lib\components.tsx:421:13)
          at basename (C:\Users\samhe\OneDrive\Desktop\Cleaned\frontend\node_mo
dules\react-router\lib\components.tsx:225:3)

      181 |     async function saveChanges() {
      182 |         if (isEditLocked || !isDirty) return
    > 183 |         setSaving(true)
          |         ^
      184 |         setError(null)
      185 |         try {
      186 |             const result = await put<Record<string, 
unknown>>(`/api/submissions/${submissionId}`, {

      at printWarning 
(node_modules/react-dom/cjs/react-dom.development.js:86:30)
      at error (node_modules/react-dom/cjs/react-dom.development.js:60:7)
      at warnIfUpdatesNotWrappedWithActDEV 
(node_modules/react-dom/cjs/react-dom.development.js:27628:9)
      at scheduleUpdateOnFiber 
(node_modules/react-dom/cjs/react-dom.development.js:25547:5)
      at dispatchSetState 
(node_modules/react-dom/cjs/react-dom.development.js:16708:7)
      at saveChanges (src/submissions/SubmissionTabs/SubmissionTabs.tsx:183:9)
      at onClick (src/submissions/SubmissionTabs/SubmissionTabs.tsx:271:63)
      at HTMLUnknownElement.callCallback 
(node_modules/react-dom/cjs/react-dom.development.js:4164:14)
      at HTMLUnknownElement.callTheUserObjectsOperation 
(node_modules/jsdom/lib/jsdom/living/generated/EventListener.js:26:30)
      at innerInvokeEventListeners 
(node_modules/jsdom/lib/jsdom/living/events/EventTarget-impl.js:350:25)
      at invokeEventListeners 
(node_modules/jsdom/lib/jsdom/living/events/EventTarget-impl.js:286:3)
      at HTMLUnknownElementImpl._dispatch 
(node_modules/jsdom/lib/jsdom/living/events/EventTarget-impl.js:233:9)
      at HTMLUnknownElementImpl.dispatchEvent 
(node_modules/jsdom/lib/jsdom/living/events/EventTarget-impl.js:104:17)
      at HTMLUnknownElement.dispatchEvent 
(node_modules/jsdom/lib/jsdom/living/generated/EventTarget.js:241:34)
      at Object.invokeGuardedCallbackDev 
(node_modules/react-dom/cjs/react-dom.development.js:4213:16)
      at invokeGuardedCallback 
(node_modules/react-dom/cjs/react-dom.development.js:4277:31)
      at invokeGuardedCallbackAndCatchFirstError 
(node_modules/react-dom/cjs/react-dom.development.js:4291:25)
      at executeDispatch 
(node_modules/react-dom/cjs/react-dom.development.js:9041:3)
      at processDispatchQueueItemsInOrder 
(node_modules/react-dom/cjs/react-dom.development.js:9073:7)
      at processDispatchQueue 
(node_modules/react-dom/cjs/react-dom.development.js:9086:5)
      at dispatchEventsForPlugins 
(node_modules/react-dom/cjs/react-dom.development.js:9097:3)
      at node_modules/react-dom/cjs/react-dom.development.js:9288:12
      at batchedUpdates$1 
(node_modules/react-dom/cjs/react-dom.development.js:26179:12)
      at batchedUpdates 
(node_modules/react-dom/cjs/react-dom.development.js:3991:12)
      at dispatchEventForPluginEventSystem 
(node_modules/react-dom/cjs/react-dom.development.js:9287:3)
      at dispatchEventWithEnableCapturePhaseSelectiveHydrationWithoutDiscreteEv
entReplay (node_modules/react-dom/cjs/react-dom.development.js:6465:5)
      at dispatchEvent 
(node_modules/react-dom/cjs/react-dom.development.js:6457:5)
      at dispatchDiscreteEvent 
(node_modules/react-dom/cjs/react-dom.development.js:6430:5)
      at HTMLDivElement.callTheUserObjectsOperation 
(node_modules/jsdom/lib/jsdom/living/generated/EventListener.js:26:30)
      at innerInvokeEventListeners 
(node_modules/jsdom/lib/jsdom/living/events/EventTarget-impl.js:350:25)
      at invokeEventListeners 
(node_modules/jsdom/lib/jsdom/living/events/EventTarget-impl.js:286:3)
      at HTMLButtonElementImpl._dispatch 
(node_modules/jsdom/lib/jsdom/living/events/EventTarget-impl.js:233:9)
      at HTMLButtonElementImpl.dispatchEvent 
(node_modules/jsdom/lib/jsdom/living/events/EventTarget-impl.js:104:17)
      at HTMLButtonElement.dispatchEvent 
(node_modules/jsdom/lib/jsdom/living/generated/EventTarget.js:241:34)
      at 
node_modules/@testing-library/user-event/dist/cjs/event/dispatchEvent.js:45:43
      at Object.eventWrapper 
(node_modules/@testing-library/dom/dist/config.js:25:23)
      at Object.wrapEvent 
(node_modules/@testing-library/user-event/dist/cjs/event/wrapEvent.js:6:28)
      at Object.dispatchEvent (node_modules/@testing-library/user-event/dist/cj
s/event/dispatchEvent.js:45:22)
      at Object.dispatchUIEvent (node_modules/@testing-library/user-event/dist/
cjs/event/dispatchEvent.js:22:26)
      at Mouse.up (node_modules/@testing-library/user-event/dist/cjs/system/poi
nter/mouse.js:100:30)
      at PointerHost.release (node_modules/@testing-library/user-event/dist/cjs
/system/pointer/index.js:87:24)
      at pointerAction 
(node_modules/@testing-library/user-event/dist/cjs/pointer/index.js:54:47)
      at Object.pointer 
(node_modules/@testing-library/user-event/dist/cjs/pointer/index.js:27:9)
      at Object.<anonymous> 
(src/submissions/SubmissionTabs/__tests__/SubmissionTabs.test.tsx:244:9)

    console.error
      Warning: An update to PlacingBrokingPane inside a test was not wrapped 
in act(...).
      
      When testing, code that causes React state updates should be wrapped 
into act(...):
      
      act(() => {
        /* fire events that update state */
      });
      /* assert on the output */
      
      This ensures that you're testing the behavior the user would see in the 
browser. Learn more at https://reactjs.org/link/wrap-tests-with-act
          at PlacingBrokingPane (C:\Users\samhe\OneDrive\Desktop\Cleaned\fronte
nd\src\submissions\SubmissionTabs\SubmissionTabs.tsx:144:5)
          at div
          at div
          at SubmissionTabs (C:\Users\samhe\OneDrive\Desktop\Cleaned\frontend\s
rc\submissions\SubmissionTabs\SubmissionTabs.tsx:695:5)
          at basenameProp (C:\Users\samhe\OneDrive\Desktop\Cleaned\frontend\nod
e_modules\react-router\lib\components.tsx:421:13)
          at basename (C:\Users\samhe\OneDrive\Desktop\Cleaned\frontend\node_mo
dules\react-router\lib\components.tsx:225:3)

      182 |         if (isEditLocked || !isDirty) return
      183 |         setSaving(true)
    > 184 |         setError(null)
          |         ^
      185 |         try {
      186 |             const result = await put<Record<string, 
unknown>>(`/api/submissions/${submissionId}`, {
      187 |                 placingBroker: brokerCompany || null,

      at printWarning 
(node_modules/react-dom/cjs/react-dom.development.js:86:30)
      at error (node_modules/react-dom/cjs/react-dom.development.js:60:7)
      at warnIfUpdatesNotWrappedWithActDEV 
(node_modules/react-dom/cjs/react-dom.development.js:27628:9)
      at scheduleUpdateOnFiber 
(node_modules/react-dom/cjs/react-dom.development.js:25547:5)
      at dispatchSetState 
(node_modules/react-dom/cjs/react-dom.development.js:16708:7)
      at saveChanges (src/submissions/SubmissionTabs/SubmissionTabs.tsx:184:9)
      at onClick (src/submissions/SubmissionTabs/SubmissionTabs.tsx:271:63)
      at HTMLUnknownElement.callCallback 
(node_modules/react-dom/cjs/react-dom.development.js:4164:14)
      at HTMLUnknownElement.callTheUserObjectsOperation 
(node_modules/jsdom/lib/jsdom/living/generated/EventListener.js:26:30)
      at innerInvokeEventListeners 
(node_modules/jsdom/lib/jsdom/living/events/EventTarget-impl.js:350:25)
      at invokeEventListeners 
(node_modules/jsdom/lib/jsdom/living/events/EventTarget-impl.js:286:3)
      at HTMLUnknownElementImpl._dispatch 
(node_modules/jsdom/lib/jsdom/living/events/EventTarget-impl.js:233:9)
      at HTMLUnknownElementImpl.dispatchEvent 
(node_modules/jsdom/lib/jsdom/living/events/EventTarget-impl.js:104:17)
      at HTMLUnknownElement.dispatchEvent 
(node_modules/jsdom/lib/jsdom/living/generated/EventTarget.js:241:34)
      at Object.invokeGuardedCallbackDev 
(node_modules/react-dom/cjs/react-dom.development.js:4213:16)
      at invokeGuardedCallback 
(node_modules/react-dom/cjs/react-dom.development.js:4277:31)
      at invokeGuardedCallbackAndCatchFirstError 
(node_modules/react-dom/cjs/react-dom.development.js:4291:25)
      at executeDispatch 
(node_modules/react-dom/cjs/react-dom.development.js:9041:3)
      at processDispatchQueueItemsInOrder 
(node_modules/react-dom/cjs/react-dom.development.js:9073:7)
      at processDispatchQueue 
(node_modules/react-dom/cjs/react-dom.development.js:9086:5)
      at dispatchEventsForPlugins 
(node_modules/react-dom/cjs/react-dom.development.js:9097:3)
      at node_modules/react-dom/cjs/react-dom.development.js:9288:12
      at batchedUpdates$1 
(node_modules/react-dom/cjs/react-dom.development.js:26179:12)
      at batchedUpdates 
(node_modules/react-dom/cjs/react-dom.development.js:3991:12)
      at dispatchEventForPluginEventSystem 
(node_modules/react-dom/cjs/react-dom.development.js:9287:3)
      at dispatchEventWithEnableCapturePhaseSelectiveHydrationWithoutDiscreteEv
entReplay (node_modules/react-dom/cjs/react-dom.development.js:6465:5)
      at dispatchEvent 
(node_modules/react-dom/cjs/react-dom.development.js:6457:5)
      at dispatchDiscreteEvent 
(node_modules/react-dom/cjs/react-dom.development.js:6430:5)
      at HTMLDivElement.callTheUserObjectsOperation 
(node_modules/jsdom/lib/jsdom/living/generated/EventListener.js:26:30)
      at innerInvokeEventListeners 
(node_modules/jsdom/lib/jsdom/living/events/EventTarget-impl.js:350:25)
      at invokeEventListeners 
(node_modules/jsdom/lib/jsdom/living/events/EventTarget-impl.js:286:3)
      at HTMLButtonElementImpl._dispatch 
(node_modules/jsdom/lib/jsdom/living/events/EventTarget-impl.js:233:9)
      at HTMLButtonElementImpl.dispatchEvent 
(node_modules/jsdom/lib/jsdom/living/events/EventTarget-impl.js:104:17)
      at HTMLButtonElement.dispatchEvent 
(node_modules/jsdom/lib/jsdom/living/generated/EventTarget.js:241:34)
      at 
node_modules/@testing-library/user-event/dist/cjs/event/dispatchEvent.js:45:43
      at Object.eventWrapper 
(node_modules/@testing-library/dom/dist/config.js:25:23)
      at Object.wrapEvent 
(node_modules/@testing-library/user-event/dist/cjs/event/wrapEvent.js:6:28)
      at Object.dispatchEvent (node_modules/@testing-library/user-event/dist/cj
s/event/dispatchEvent.js:45:22)
      at Object.dispatchUIEvent (node_modules/@testing-library/user-event/dist/
cjs/event/dispatchEvent.js:22:26)
      at Mouse.up (node_modules/@testing-library/user-event/dist/cjs/system/poi
nter/mouse.js:100:30)
      at PointerHost.release (node_modules/@testing-library/user-event/dist/cjs
/system/pointer/index.js:87:24)
      at pointerAction 
(node_modules/@testing-library/user-event/dist/cjs/pointer/index.js:54:47)
      at Object.pointer 
(node_modules/@testing-library/user-event/dist/cjs/pointer/index.js:27:9)
      at Object.<anonymous> 
(src/submissions/SubmissionTabs/__tests__/SubmissionTabs.test.tsx:244:9)

    console.error
      Warning: An update to PlacingBrokingPane inside a test was not wrapped 
in act(...).
      
      When testing, code that causes React state updates should be wrapped 
into act(...):
      
      act(() => {
        /* fire events that update state */
      });
      /* assert on the output */
      
      This ensures that you're testing the behavior the user would see in the 
browser. Learn more at https://reactjs.org/link/wrap-tests-with-act
          at PlacingBrokingPane (C:\Users\samhe\OneDrive\Desktop\Cleaned\fronte
nd\src\submissions\SubmissionTabs\SubmissionTabs.tsx:144:5)
          at div
          at div
          at SubmissionTabs (C:\Users\samhe\OneDrive\Desktop\Cleaned\frontend\s
rc\submissions\SubmissionTabs\SubmissionTabs.tsx:695:5)
          at basenameProp (C:\Users\samhe\OneDrive\Desktop\Cleaned\frontend\nod
e_modules\react-router\lib\components.tsx:421:13)
          at basename (C:\Users\samhe\OneDrive\Desktop\Cleaned\frontend\node_mo
dules\react-router\lib\components.tsx:225:3)

      192 |             const nextCompanyId = String(result.placingBrokerId ?? 
result.brokerId ?? brokerCompanyId ?? '')
      193 |             const nextIndividualName = 
String(result.placingBrokerName ?? brokerIndividualName ?? '')
    > 194 |             setBrokerCompany(nextCompany)
          |             ^
      195 |             setBrokerCompanyId(nextCompanyId)
      196 |             setBrokerIndividualName(nextIndividualName)
      197 |             setSavedCompany(nextCompany)

      at printWarning 
(node_modules/react-dom/cjs/react-dom.development.js:86:30)
      at error (node_modules/react-dom/cjs/react-dom.development.js:60:7)
      at warnIfUpdatesNotWrappedWithActDEV 
(node_modules/react-dom/cjs/react-dom.development.js:27628:9)
      at scheduleUpdateOnFiber 
(node_modules/react-dom/cjs/react-dom.development.js:25547:5)
      at dispatchSetState 
(node_modules/react-dom/cjs/react-dom.development.js:16708:7)
      at saveChanges (src/submissions/SubmissionTabs/SubmissionTabs.tsx:194:13)

    console.error
      Warning: An update to PlacingBrokingPane inside a test was not wrapped 
in act(...).
      
      When testing, code that causes React state updates should be wrapped 
into act(...):
      
      act(() => {
        /* fire events that update state */
      });
      /* assert on the output */
      
      This ensures that you're testing the behavior the user would see in the 
browser. Learn more at https://reactjs.org/link/wrap-tests-with-act
          at PlacingBrokingPane (C:\Users\samhe\OneDrive\Desktop\Cleaned\fronte
nd\src\submissions\SubmissionTabs\SubmissionTabs.tsx:144:5)
          at div
          at div
          at SubmissionTabs (C:\Users\samhe\OneDrive\Desktop\Cleaned\frontend\s
rc\submissions\SubmissionTabs\SubmissionTabs.tsx:695:5)
          at basenameProp (C:\Users\samhe\OneDrive\Desktop\Cleaned\frontend\nod
e_modules\react-router\lib\components.tsx:421:13)
          at basename (C:\Users\samhe\OneDrive\Desktop\Cleaned\frontend\node_mo
dules\react-router\lib\components.tsx:225:3)

      193 |             const nextIndividualName = 
String(result.placingBrokerName ?? brokerIndividualName ?? '')
      194 |             setBrokerCompany(nextCompany)
    > 195 |             setBrokerCompanyId(nextCompanyId)
          |             ^
      196 |             setBrokerIndividualName(nextIndividualName)
      197 |             setSavedCompany(nextCompany)
      198 |             setSavedCompanyId(nextCompanyId)

      at printWarning 
(node_modules/react-dom/cjs/react-dom.development.js:86:30)
      at error (node_modules/react-dom/cjs/react-dom.development.js:60:7)
      at warnIfUpdatesNotWrappedWithActDEV 
(node_modules/react-dom/cjs/react-dom.development.js:27628:9)
      at scheduleUpdateOnFiber 
(node_modules/react-dom/cjs/react-dom.development.js:25547:5)
      at dispatchSetState 
(node_modules/react-dom/cjs/react-dom.development.js:16708:7)
      at saveChanges (src/submissions/SubmissionTabs/SubmissionTabs.tsx:195:13)

    console.error
      Warning: An update to PlacingBrokingPane inside a test was not wrapped 
in act(...).
      
      When testing, code that causes React state updates should be wrapped 
into act(...):
      
      act(() => {
        /* fire events that update state */
      });
      /* assert on the output */
      
      This ensures that you're testing the behavior the user would see in the 
browser. Learn more at https://reactjs.org/link/wrap-tests-with-act
          at PlacingBrokingPane (C:\Users\samhe\OneDrive\Desktop\Cleaned\fronte
nd\src\submissions\SubmissionTabs\SubmissionTabs.tsx:144:5)
          at div
          at div
          at SubmissionTabs (C:\Users\samhe\OneDrive\Desktop\Cleaned\frontend\s
rc\submissions\SubmissionTabs\SubmissionTabs.tsx:695:5)
          at basenameProp (C:\Users\samhe\OneDrive\Desktop\Cleaned\frontend\nod
e_modules\react-router\lib\components.tsx:421:13)
          at basename (C:\Users\samhe\OneDrive\Desktop\Cleaned\frontend\node_mo
dules\react-router\lib\components.tsx:225:3)

      194 |             setBrokerCompany(nextCompany)
      195 |             setBrokerCompanyId(nextCompanyId)
    > 196 |             setBrokerIndividualName(nextIndividualName)
          |             ^
      197 |             setSavedCompany(nextCompany)
      198 |             setSavedCompanyId(nextCompanyId)
      199 |             setSavedIndividualName(nextIndividualName)

      at printWarning 
(node_modules/react-dom/cjs/react-dom.development.js:86:30)
      at error (node_modules/react-dom/cjs/react-dom.development.js:60:7)
      at warnIfUpdatesNotWrappedWithActDEV 
(node_modules/react-dom/cjs/react-dom.development.js:27628:9)
      at scheduleUpdateOnFiber 
(node_modules/react-dom/cjs/react-dom.development.js:25547:5)
      at dispatchSetState 
(node_modules/react-dom/cjs/react-dom.development.js:16708:7)
      at saveChanges (src/submissions/SubmissionTabs/SubmissionTabs.tsx:196:13)

    console.error
      Warning: An update to PlacingBrokingPane inside a test was not wrapped 
in act(...).
      
      When testing, code that causes React state updates should be wrapped 
into act(...):
      
      act(() => {
        /* fire events that update state */
      });
      /* assert on the output */
      
      This ensures that you're testing the behavior the user would see in the 
browser. Learn more at https://reactjs.org/link/wrap-tests-with-act
          at PlacingBrokingPane (C:\Users\samhe\OneDrive\Desktop\Cleaned\fronte
nd\src\submissions\SubmissionTabs\SubmissionTabs.tsx:144:5)
          at div
          at div
          at SubmissionTabs (C:\Users\samhe\OneDrive\Desktop\Cleaned\frontend\s
rc\submissions\SubmissionTabs\SubmissionTabs.tsx:695:5)
          at basenameProp (C:\Users\samhe\OneDrive\Desktop\Cleaned\frontend\nod
e_modules\react-router\lib\components.tsx:421:13)
          at basename (C:\Users\samhe\OneDrive\Desktop\Cleaned\frontend\node_mo
dules\react-router\lib\components.tsx:225:3)

      195 |             setBrokerCompanyId(nextCompanyId)
      196 |             setBrokerIndividualName(nextIndividualName)
    > 197 |             setSavedCompany(nextCompany)
          |             ^
      198 |             setSavedCompanyId(nextCompanyId)
      199 |             setSavedIndividualName(nextIndividualName)
      200 |         } catch (err) {

      at printWarning 
(node_modules/react-dom/cjs/react-dom.development.js:86:30)
      at error (node_modules/react-dom/cjs/react-dom.development.js:60:7)
      at warnIfUpdatesNotWrappedWithActDEV 
(node_modules/react-dom/cjs/react-dom.development.js:27628:9)
      at scheduleUpdateOnFiber 
(node_modules/react-dom/cjs/react-dom.development.js:25547:5)
      at dispatchSetState 
(node_modules/react-dom/cjs/react-dom.development.js:16708:7)
      at saveChanges (src/submissions/SubmissionTabs/SubmissionTabs.tsx:197:13)

    console.error
      Warning: An update to PlacingBrokingPane inside a test was not wrapped 
in act(...).
      
      When testing, code that causes React state updates should be wrapped 
into act(...):
      
      act(() => {
        /* fire events that update state */
      });
      /* assert on the output */
      
      This ensures that you're testing the behavior the user would see in the 
browser. Learn more at https://reactjs.org/link/wrap-tests-with-act
          at PlacingBrokingPane (C:\Users\samhe\OneDrive\Desktop\Cleaned\fronte
nd\src\submissions\SubmissionTabs\SubmissionTabs.tsx:144:5)
          at div
          at div
          at SubmissionTabs (C:\Users\samhe\OneDrive\Desktop\Cleaned\frontend\s
rc\submissions\SubmissionTabs\SubmissionTabs.tsx:695:5)
          at basenameProp (C:\Users\samhe\OneDrive\Desktop\Cleaned\frontend\nod
e_modules\react-router\lib\components.tsx:421:13)
          at basename (C:\Users\samhe\OneDrive\Desktop\Cleaned\frontend\node_mo
dules\react-router\lib\components.tsx:225:3)

      196 |             setBrokerIndividualName(nextIndividualName)
      197 |             setSavedCompany(nextCompany)
    > 198 |             setSavedCompanyId(nextCompanyId)
          |             ^
      199 |             setSavedIndividualName(nextIndividualName)
      200 |         } catch (err) {
      201 |             const message = err instanceof Error ? err.message : 
'Failed to save placing broking details.'

      at printWarning 
(node_modules/react-dom/cjs/react-dom.development.js:86:30)
      at error (node_modules/react-dom/cjs/react-dom.development.js:60:7)
      at warnIfUpdatesNotWrappedWithActDEV 
(node_modules/react-dom/cjs/react-dom.development.js:27628:9)
      at scheduleUpdateOnFiber 
(node_modules/react-dom/cjs/react-dom.development.js:25547:5)
      at dispatchSetState 
(node_modules/react-dom/cjs/react-dom.development.js:16708:7)
      at saveChanges (src/submissions/SubmissionTabs/SubmissionTabs.tsx:198:13)

    console.error
      Warning: An update to PlacingBrokingPane inside a test was not wrapped 
in act(...).
      
      When testing, code that causes React state updates should be wrapped 
into act(...):
      
      act(() => {
        /* fire events that update state */
      });
      /* assert on the output */
      
      This ensures that you're testing the behavior the user would see in the 
browser. Learn more at https://reactjs.org/link/wrap-tests-with-act
          at PlacingBrokingPane (C:\Users\samhe\OneDrive\Desktop\Cleaned\fronte
nd\src\submissions\SubmissionTabs\SubmissionTabs.tsx:144:5)
          at div
          at div
          at SubmissionTabs (C:\Users\samhe\OneDrive\Desktop\Cleaned\frontend\s
rc\submissions\SubmissionTabs\SubmissionTabs.tsx:695:5)
          at basenameProp (C:\Users\samhe\OneDrive\Desktop\Cleaned\frontend\nod
e_modules\react-router\lib\components.tsx:421:13)
          at basename (C:\Users\samhe\OneDrive\Desktop\Cleaned\frontend\node_mo
dules\react-router\lib\components.tsx:225:3)

      197 |             setSavedCompany(nextCompany)
      198 |             setSavedCompanyId(nextCompanyId)
    > 199 |             setSavedIndividualName(nextIndividualName)
          |             ^
      200 |         } catch (err) {
      201 |             const message = err instanceof Error ? err.message : 
'Failed to save placing broking details.'
      202 |             setError(message)

      at printWarning 
(node_modules/react-dom/cjs/react-dom.development.js:86:30)
      at error (node_modules/react-dom/cjs/react-dom.development.js:60:7)
      at warnIfUpdatesNotWrappedWithActDEV 
(node_modules/react-dom/cjs/react-dom.development.js:27628:9)
      at scheduleUpdateOnFiber 
(node_modules/react-dom/cjs/react-dom.development.js:25547:5)
      at dispatchSetState 
(node_modules/react-dom/cjs/react-dom.development.js:16708:7)
      at saveChanges (src/submissions/SubmissionTabs/SubmissionTabs.tsx:199:13)

    console.error
      Warning: An update to PlacingBrokingPane inside a test was not wrapped 
in act(...).
      
      When testing, code that causes React state updates should be wrapped 
into act(...):
      
      act(() => {
        /* fire events that update state */
      });
      /* assert on the output */
      
      This ensures that you're testing the behavior the user would see in the 
browser. Learn more at https://reactjs.org/link/wrap-tests-with-act
          at PlacingBrokingPane (C:\Users\samhe\OneDrive\Desktop\Cleaned\fronte
nd\src\submissions\SubmissionTabs\SubmissionTabs.tsx:144:5)
          at div
          at div
          at SubmissionTabs (C:\Users\samhe\OneDrive\Desktop\Cleaned\frontend\s
rc\submissions\SubmissionTabs\SubmissionTabs.tsx:695:5)
          at basenameProp (C:\Users\samhe\OneDrive\Desktop\Cleaned\frontend\nod
e_modules\react-router\lib\components.tsx:421:13)
          at basename (C:\Users\samhe\OneDrive\Desktop\Cleaned\frontend\node_mo
dules\react-router\lib\components.tsx:225:3)

      203 |             addNotification(`Placing broking save failed: 
${message}`, 'error')
      204 |         } finally {
    > 205 |             setSaving(false)
          |             ^
      206 |         }
      207 |     }
      208 |

      at printWarning 
(node_modules/react-dom/cjs/react-dom.development.js:86:30)
      at error (node_modules/react-dom/cjs/react-dom.development.js:60:7)
      at warnIfUpdatesNotWrappedWithActDEV 
(node_modules/react-dom/cjs/react-dom.development.js:27628:9)
      at scheduleUpdateOnFiber 
(node_modules/react-dom/cjs/react-dom.development.js:25547:5)
      at dispatchSetState 
(node_modules/react-dom/cjs/react-dom.development.js:16708:7)
      at saveChanges (src/submissions/SubmissionTabs/SubmissionTabs.tsx:205:13)

    console.error
      Warning: An update to PlacingBrokingPane inside a test was not wrapped 
in act(...).
      
      When testing, code that causes React state updates should be wrapped 
into act(...):
      
      act(() => {
        /* fire events that update state */
      });
      /* assert on the output */
      
      This ensures that you're testing the behavior the user would see in the 
browser. Learn more at https://reactjs.org/link/wrap-tests-with-act
          at PlacingBrokingPane (C:\Users\samhe\OneDrive\Desktop\Cleaned\fronte
nd\src\submissions\SubmissionTabs\SubmissionTabs.tsx:144:5)
          at div
          at div
          at SubmissionTabs (C:\Users\samhe\OneDrive\Desktop\Cleaned\frontend\s
rc\submissions\SubmissionTabs\SubmissionTabs.tsx:695:5)
          at basenameProp (C:\Users\samhe\OneDrive\Desktop\Cleaned\frontend\nod
e_modules\react-router\lib\components.tsx:421:13)
          at basename (C:\Users\samhe\OneDrive\Desktop\Cleaned\frontend\node_mo
dules\react-router\lib\components.tsx:225:3)

      259 |                         value={brokerIndividualName}
      260 |                         disabled={isEditLocked}
    > 261 |                         onChange={(e) => 
setBrokerIndividualName(e.target.value)}
          |                                          ^
      262 |                         className="w-full border border-gray-300 
rounded px-3 py-2 text-sm disabled:bg-gray-100 disabled:text-gray-500 
disabled:cursor-not-allowed"
      263 |                     />
      264 |                 </div>

      at printWarning 
(node_modules/react-dom/cjs/react-dom.development.js:86:30)
      at error (node_modules/react-dom/cjs/react-dom.development.js:60:7)
      at warnIfUpdatesNotWrappedWithActDEV 
(node_modules/react-dom/cjs/react-dom.development.js:27628:9)
      at scheduleUpdateOnFiber 
(node_modules/react-dom/cjs/react-dom.development.js:25547:5)
      at dispatchSetState 
(node_modules/react-dom/cjs/react-dom.development.js:16708:7)
      at onChange (src/submissions/SubmissionTabs/SubmissionTabs.tsx:261:42)
      at HTMLUnknownElement.callCallback 
(node_modules/react-dom/cjs/react-dom.development.js:4164:14)
      at HTMLUnknownElement.callTheUserObjectsOperation 
(node_modules/jsdom/lib/jsdom/living/generated/EventListener.js:26:30)
      at innerInvokeEventListeners 
(node_modules/jsdom/lib/jsdom/living/events/EventTarget-impl.js:350:25)
      at invokeEventListeners 
(node_modules/jsdom/lib/jsdom/living/events/EventTarget-impl.js:286:3)
      at HTMLUnknownElementImpl._dispatch 
(node_modules/jsdom/lib/jsdom/living/events/EventTarget-impl.js:233:9)
      at HTMLUnknownElementImpl.dispatchEvent 
(node_modules/jsdom/lib/jsdom/living/events/EventTarget-impl.js:104:17)
      at HTMLUnknownElement.dispatchEvent 
(node_modules/jsdom/lib/jsdom/living/generated/EventTarget.js:241:34)
      at Object.invokeGuardedCallbackDev 
(node_modules/react-dom/cjs/react-dom.development.js:4213:16)
      at invokeGuardedCallback 
(node_modules/react-dom/cjs/react-dom.development.js:4277:31)
      at invokeGuardedCallbackAndCatchFirstError 
(node_modules/react-dom/cjs/react-dom.development.js:4291:25)
      at executeDispatch 
(node_modules/react-dom/cjs/react-dom.development.js:9041:3)
      at processDispatchQueueItemsInOrder 
(node_modules/react-dom/cjs/react-dom.development.js:9073:7)
      at processDispatchQueue 
(node_modules/react-dom/cjs/react-dom.development.js:9086:5)
      at dispatchEventsForPlugins 
(node_modules/react-dom/cjs/react-dom.development.js:9097:3)
      at node_modules/react-dom/cjs/react-dom.development.js:9288:12
      at batchedUpdates$1 
(node_modules/react-dom/cjs/react-dom.development.js:26179:12)
      at batchedUpdates 
(node_modules/react-dom/cjs/react-dom.development.js:3991:12)
      at dispatchEventForPluginEventSystem 
(node_modules/react-dom/cjs/react-dom.development.js:9287:3)
      at dispatchEventWithEnableCapturePhaseSelectiveHydrationWithoutDiscreteEv
entReplay (node_modules/react-dom/cjs/react-dom.development.js:6465:5)
      at dispatchEvent 
(node_modules/react-dom/cjs/react-dom.development.js:6457:5)
      at dispatchDiscreteEvent 
(node_modules/react-dom/cjs/react-dom.development.js:6430:5)
      at HTMLDivElement.callTheUserObjectsOperation 
(node_modules/jsdom/lib/jsdom/living/generated/EventListener.js:26:30)
      at innerInvokeEventListeners 
(node_modules/jsdom/lib/jsdom/living/events/EventTarget-impl.js:350:25)
      at invokeEventListeners 
(node_modules/jsdom/lib/jsdom/living/events/EventTarget-impl.js:286:3)
      at HTMLInputElementImpl._dispatch 
(node_modules/jsdom/lib/jsdom/living/events/EventTarget-impl.js:233:9)
      at HTMLInputElementImpl.dispatchEvent 
(node_modules/jsdom/lib/jsdom/living/events/EventTarget-impl.js:104:17)
      at HTMLInputElement.dispatchEvent 
(node_modules/jsdom/lib/jsdom/living/generated/EventTarget.js:241:34)
      at 
node_modules/@testing-library/user-event/dist/cjs/event/dispatchEvent.js:45:43
      at Object.eventWrapper 
(node_modules/@testing-library/dom/dist/config.js:25:23)
      at Object.wrapEvent 
(node_modules/@testing-library/user-event/dist/cjs/event/wrapEvent.js:6:28)
      at Object.dispatchEvent (node_modules/@testing-library/user-event/dist/cj
s/event/dispatchEvent.js:45:22)
      at Object.dispatchUIEvent (node_modules/@testing-library/user-event/dist/
cjs/event/dispatchEvent.js:22:26)
      at commitInput 
(node_modules/@testing-library/user-event/dist/cjs/event/input.js:145:14)
      at editInputElement 
(node_modules/@testing-library/user-event/dist/cjs/event/input.js:115:9)
      at Object.input 
(node_modules/@testing-library/user-event/dist/cjs/event/input.js:37:9)
      at Object.clear 
(node_modules/@testing-library/user-event/dist/cjs/utility/clear.js:29:11)
      at node_modules/@testing-library/user-event/dist/cjs/setup/setup.js:85:45
      at Object.asyncWrapper 
(node_modules/@testing-library/dom/dist/config.js:23:23)
      at Object.wrapAsync 
(node_modules/@testing-library/user-event/dist/cjs/setup/wrapAsync.js:8:28)
      at Object.method [as clear] 
(node_modules/@testing-library/user-event/dist/cjs/setup/setup.js:85:26)
      at Object.<anonymous> 
(src/submissions/SubmissionTabs/__tests__/SubmissionTabs.test.tsx:258:20)

    console.error
      Warning: An update to PlacingBrokingPane inside a test was not wrapped 
in act(...).
      
      When testing, code that causes React state updates should be wrapped 
into act(...):
      
      act(() => {
        /* fire events that update state */
      });
      /* assert on the output */
      
      This ensures that you're testing the behavior the user would see in the 
browser. Learn more at https://reactjs.org/link/wrap-tests-with-act
          at PlacingBrokingPane (C:\Users\samhe\OneDrive\Desktop\Cleaned\fronte
nd\src\submissions\SubmissionTabs\SubmissionTabs.tsx:144:5)
          at div
          at div
          at SubmissionTabs (C:\Users\samhe\OneDrive\Desktop\Cleaned\frontend\s
rc\submissions\SubmissionTabs\SubmissionTabs.tsx:695:5)
          at basenameProp (C:\Users\samhe\OneDrive\Desktop\Cleaned\frontend\nod
e_modules\react-router\lib\components.tsx:421:13)
          at basename (C:\Users\samhe\OneDrive\Desktop\Cleaned\frontend\node_mo
dules\react-router\lib\components.tsx:225:3)

      259 |                         value={brokerIndividualName}
      260 |                         disabled={isEditLocked}
    > 261 |                         onChange={(e) => 
setBrokerIndividualName(e.target.value)}
          |                                          ^
      262 |                         className="w-full border border-gray-300 
rounded px-3 py-2 text-sm disabled:bg-gray-100 disabled:text-gray-500 
disabled:cursor-not-allowed"
      263 |                     />
      264 |                 </div>

      at printWarning 
(node_modules/react-dom/cjs/react-dom.development.js:86:30)
      at error (node_modules/react-dom/cjs/react-dom.development.js:60:7)
      at warnIfUpdatesNotWrappedWithActDEV 
(node_modules/react-dom/cjs/react-dom.development.js:27628:9)
      at scheduleUpdateOnFiber 
(node_modules/react-dom/cjs/react-dom.development.js:25547:5)
      at dispatchSetState 
(node_modules/react-dom/cjs/react-dom.development.js:16708:7)
      at onChange (src/submissions/SubmissionTabs/SubmissionTabs.tsx:261:42)
      at HTMLUnknownElement.callCallback 
(node_modules/react-dom/cjs/react-dom.development.js:4164:14)
      at HTMLUnknownElement.callTheUserObjectsOperation 
(node_modules/jsdom/lib/jsdom/living/generated/EventListener.js:26:30)
      at innerInvokeEventListeners 
(node_modules/jsdom/lib/jsdom/living/events/EventTarget-impl.js:350:25)
      at invokeEventListeners 
(node_modules/jsdom/lib/jsdom/living/events/EventTarget-impl.js:286:3)
      at HTMLUnknownElementImpl._dispatch 
(node_modules/jsdom/lib/jsdom/living/events/EventTarget-impl.js:233:9)
      at HTMLUnknownElementImpl.dispatchEvent 
(node_modules/jsdom/lib/jsdom/living/events/EventTarget-impl.js:104:17)
      at HTMLUnknownElement.dispatchEvent 
(node_modules/jsdom/lib/jsdom/living/generated/EventTarget.js:241:34)
      at Object.invokeGuardedCallbackDev 
(node_modules/react-dom/cjs/react-dom.development.js:4213:16)
      at invokeGuardedCallback 
(node_modules/react-dom/cjs/react-dom.development.js:4277:31)
      at invokeGuardedCallbackAndCatchFirstError 
(node_modules/react-dom/cjs/react-dom.development.js:4291:25)
      at executeDispatch 
(node_modules/react-dom/cjs/react-dom.development.js:9041:3)
      at processDispatchQueueItemsInOrder 
(node_modules/react-dom/cjs/react-dom.development.js:9073:7)
      at processDispatchQueue 
(node_modules/react-dom/cjs/react-dom.development.js:9086:5)
      at dispatchEventsForPlugins 
(node_modules/react-dom/cjs/react-dom.development.js:9097:3)
      at node_modules/react-dom/cjs/react-dom.development.js:9288:12
      at batchedUpdates$1 
(node_modules/react-dom/cjs/react-dom.development.js:26179:12)
      at batchedUpdates 
(node_modules/react-dom/cjs/react-dom.development.js:3991:12)
      at dispatchEventForPluginEventSystem 
(node_modules/react-dom/cjs/react-dom.development.js:9287:3)
      at dispatchEventWithEnableCapturePhaseSelectiveHydrationWithoutDiscreteEv
entReplay (node_modules/react-dom/cjs/react-dom.development.js:6465:5)
      at dispatchEvent 
(node_modules/react-dom/cjs/react-dom.development.js:6457:5)
      at dispatchDiscreteEvent 
(node_modules/react-dom/cjs/react-dom.development.js:6430:5)
      at HTMLDivElement.callTheUserObjectsOperation 
(node_modules/jsdom/lib/jsdom/living/generated/EventListener.js:26:30)
      at innerInvokeEventListeners 
(node_modules/jsdom/lib/jsdom/living/events/EventTarget-impl.js:350:25)
      at invokeEventListeners 
(node_modules/jsdom/lib/jsdom/living/events/EventTarget-impl.js:286:3)
      at HTMLInputElementImpl._dispatch 
(node_modules/jsdom/lib/jsdom/living/events/EventTarget-impl.js:233:9)
      at HTMLInputElementImpl.dispatchEvent 
(node_modules/jsdom/lib/jsdom/living/events/EventTarget-impl.js:104:17)
      at HTMLInputElement.dispatchEvent 
(node_modules/jsdom/lib/jsdom/living/generated/EventTarget.js:241:34)
      at 
node_modules/@testing-library/user-event/dist/cjs/event/dispatchEvent.js:45:43
      at Object.eventWrapper 
(node_modules/@testing-library/dom/dist/config.js:25:23)
      at Object.wrapEvent 
(node_modules/@testing-library/user-event/dist/cjs/event/wrapEvent.js:6:28)
      at Object.dispatchEvent (node_modules/@testing-library/user-event/dist/cj
s/event/dispatchEvent.js:45:22)
      at Object.dispatchUIEvent (node_modules/@testing-library/user-event/dist/
cjs/event/dispatchEvent.js:22:26)
      at commitInput 
(node_modules/@testing-library/user-event/dist/cjs/event/input.js:145:14)
      at editInputElement 
(node_modules/@testing-library/user-event/dist/cjs/event/input.js:115:9)
      at Object.input 
(node_modules/@testing-library/user-event/dist/cjs/event/input.js:37:9)
      at node_modules/@testing-library/user-event/dist/cjs/event/behavior/keypr
ess.js:31:26
      at Object.dispatchEvent (node_modules/@testing-library/user-event/dist/cj
s/event/dispatchEvent.js:41:13)
      at Object.dispatchUIEvent (node_modules/@testing-library/user-event/dist/
cjs/event/dispatchEvent.js:22:26)
      at KeyboardHost.keydown 
(node_modules/@testing-library/user-event/dist/cjs/system/keyboard.js:76:22)
      at keyboardAction 
(node_modules/@testing-library/user-event/dist/cjs/keyboard/index.js:22:35)
      at Object.keyboard 
(node_modules/@testing-library/user-event/dist/cjs/keyboard/index.js:11:15)
      at Object.type 
(node_modules/@testing-library/user-event/dist/cjs/utility/type.js:17:5)
      at Object.<anonymous> 
(src/submissions/SubmissionTabs/__tests__/SubmissionTabs.test.tsx:259:9)

    console.error
      Warning: An update to PlacingBrokingPane inside a test was not wrapped 
in act(...).
      
      When testing, code that causes React state updates should be wrapped 
into act(...):
      
      act(() => {
        /* fire events that update state */
      });
      /* assert on the output */
      
      This ensures that you're testing the behavior the user would see in the 
browser. Learn more at https://reactjs.org/link/wrap-tests-with-act
          at PlacingBrokingPane (C:\Users\samhe\OneDrive\Desktop\Cleaned\fronte
nd\src\submissions\SubmissionTabs\SubmissionTabs.tsx:144:5)
          at div
          at div
          at SubmissionTabs (C:\Users\samhe\OneDrive\Desktop\Cleaned\frontend\s
rc\submissions\SubmissionTabs\SubmissionTabs.tsx:695:5)
          at basenameProp (C:\Users\samhe\OneDrive\Desktop\Cleaned\frontend\nod
e_modules\react-router\lib\components.tsx:421:13)
          at basename (C:\Users\samhe\OneDrive\Desktop\Cleaned\frontend\node_mo
dules\react-router\lib\components.tsx:225:3)

      259 |                         value={brokerIndividualName}
      260 |                         disabled={isEditLocked}
    > 261 |                         onChange={(e) => 
setBrokerIndividualName(e.target.value)}
          |                                          ^
      262 |                         className="w-full border border-gray-300 
rounded px-3 py-2 text-sm disabled:bg-gray-100 disabled:text-gray-500 
disabled:cursor-not-allowed"
      263 |                     />
      264 |                 </div>

      at printWarning 
(node_modules/react-dom/cjs/react-dom.development.js:86:30)
      at error (node_modules/react-dom/cjs/react-dom.development.js:60:7)
      at warnIfUpdatesNotWrappedWithActDEV 
(node_modules/react-dom/cjs/react-dom.development.js:27628:9)
      at scheduleUpdateOnFiber 
(node_modules/react-dom/cjs/react-dom.development.js:25547:5)
      at dispatchSetState 
(node_modules/react-dom/cjs/react-dom.development.js:16708:7)
      at onChange (src/submissions/SubmissionTabs/SubmissionTabs.tsx:261:42)
      at HTMLUnknownElement.callCallback 
(node_modules/react-dom/cjs/react-dom.development.js:4164:14)
      at HTMLUnknownElement.callTheUserObjectsOperation 
(node_modules/jsdom/lib/jsdom/living/generated/EventListener.js:26:30)
      at innerInvokeEventListeners 
(node_modules/jsdom/lib/jsdom/living/events/EventTarget-impl.js:350:25)
      at invokeEventListeners 
(node_modules/jsdom/lib/jsdom/living/events/EventTarget-impl.js:286:3)
      at HTMLUnknownElementImpl._dispatch 
(node_modules/jsdom/lib/jsdom/living/events/EventTarget-impl.js:233:9)
      at HTMLUnknownElementImpl.dispatchEvent 
(node_modules/jsdom/lib/jsdom/living/events/EventTarget-impl.js:104:17)
      at HTMLUnknownElement.dispatchEvent 
(node_modules/jsdom/lib/jsdom/living/generated/EventTarget.js:241:34)
      at Object.invokeGuardedCallbackDev 
(node_modules/react-dom/cjs/react-dom.development.js:4213:16)
      at invokeGuardedCallback 
(node_modules/react-dom/cjs/react-dom.development.js:4277:31)
      at invokeGuardedCallbackAndCatchFirstError 
(node_modules/react-dom/cjs/react-dom.development.js:4291:25)
      at executeDispatch 
(node_modules/react-dom/cjs/react-dom.development.js:9041:3)
      at processDispatchQueueItemsInOrder 
(node_modules/react-dom/cjs/react-dom.development.js:9073:7)
      at processDispatchQueue 
(node_modules/react-dom/cjs/react-dom.development.js:9086:5)
      at dispatchEventsForPlugins 
(node_modules/react-dom/cjs/react-dom.development.js:9097:3)
      at node_modules/react-dom/cjs/react-dom.development.js:9288:12
      at batchedUpdates$1 
(node_modules/react-dom/cjs/react-dom.development.js:26179:12)
      at batchedUpdates 
(node_modules/react-dom/cjs/react-dom.development.js:3991:12)
      at dispatchEventForPluginEventSystem 
(node_modules/react-dom/cjs/react-dom.development.js:9287:3)
      at dispatchEventWithEnableCapturePhaseSelectiveHydrationWithoutDiscreteEv
entReplay (node_modules/react-dom/cjs/react-dom.development.js:6465:5)
      at dispatchEvent 
(node_modules/react-dom/cjs/react-dom.development.js:6457:5)
      at dispatchDiscreteEvent 
(node_modules/react-dom/cjs/react-dom.development.js:6430:5)
      at HTMLDivElement.callTheUserObjectsOperation 
(node_modules/jsdom/lib/jsdom/living/generated/EventListener.js:26:30)
      at innerInvokeEventListeners 
(node_modules/jsdom/lib/jsdom/living/events/EventTarget-impl.js:350:25)
      at invokeEventListeners 
(node_modules/jsdom/lib/jsdom/living/events/EventTarget-impl.js:286:3)
      at HTMLInputElementImpl._dispatch 
(node_modules/jsdom/lib/jsdom/living/events/EventTarget-impl.js:233:9)
      at HTMLInputElementImpl.dispatchEvent 
(node_modules/jsdom/lib/jsdom/living/events/EventTarget-impl.js:104:17)
      at HTMLInputElement.dispatchEvent 
(node_modules/jsdom/lib/jsdom/living/generated/EventTarget.js:241:34)
      at 
node_modules/@testing-library/user-event/dist/cjs/event/dispatchEvent.js:45:43
      at Object.eventWrapper 
(node_modules/@testing-library/dom/dist/config.js:25:23)
      at Object.wrapEvent 
(node_modules/@testing-library/user-event/dist/cjs/event/wrapEvent.js:6:28)
      at Object.dispatchEvent (node_modules/@testing-library/user-event/dist/cj
s/event/dispatchEvent.js:45:22)
      at Object.dispatchUIEvent (node_modules/@testing-library/user-event/dist/
cjs/event/dispatchEvent.js:22:26)
      at commitInput 
(node_modules/@testing-library/user-event/dist/cjs/event/input.js:145:14)
      at editInputElement 
(node_modules/@testing-library/user-event/dist/cjs/event/input.js:115:9)
      at Object.input 
(node_modules/@testing-library/user-event/dist/cjs/event/input.js:37:9)
      at node_modules/@testing-library/user-event/dist/cjs/event/behavior/keypr
ess.js:31:26
      at Object.dispatchEvent (node_modules/@testing-library/user-event/dist/cj
s/event/dispatchEvent.js:41:13)
      at Object.dispatchUIEvent (node_modules/@testing-library/user-event/dist/
cjs/event/dispatchEvent.js:22:26)
      at KeyboardHost.keydown 
(node_modules/@testing-library/user-event/dist/cjs/system/keyboard.js:76:22)
      at keyboardAction 
(node_modules/@testing-library/user-event/dist/cjs/keyboard/index.js:22:35)
      at Object.keyboard 
(node_modules/@testing-library/user-event/dist/cjs/keyboard/index.js:11:15)
      at Object.type 
(node_modules/@testing-library/user-event/dist/cjs/utility/type.js:17:5)
      at Object.<anonymous> 
(src/submissions/SubmissionTabs/__tests__/SubmissionTabs.test.tsx:259:9)

    console.error
      Warning: An update to PlacingBrokingPane inside a test was not wrapped 
in act(...).
      
      When testing, code that causes React state updates should be wrapped 
into act(...):
      
      act(() => {
        /* fire events that update state */
      });
      /* assert on the output */
      
      This ensures that you're testing the behavior the user would see in the 
browser. Learn more at https://reactjs.org/link/wrap-tests-with-act
          at PlacingBrokingPane (C:\Users\samhe\OneDrive\Desktop\Cleaned\fronte
nd\src\submissions\SubmissionTabs\SubmissionTabs.tsx:144:5)
          at div
          at div
          at SubmissionTabs (C:\Users\samhe\OneDrive\Desktop\Cleaned\frontend\s
rc\submissions\SubmissionTabs\SubmissionTabs.tsx:695:5)
          at basenameProp (C:\Users\samhe\OneDrive\Desktop\Cleaned\frontend\nod
e_modules\react-router\lib\components.tsx:421:13)
          at basename (C:\Users\samhe\OneDrive\Desktop\Cleaned\frontend\node_mo
dules\react-router\lib\components.tsx:225:3)

      259 |                         value={brokerIndividualName}
      260 |                         disabled={isEditLocked}
    > 261 |                         onChange={(e) => 
setBrokerIndividualName(e.target.value)}
          |                                          ^
      262 |                         className="w-full border border-gray-300 
rounded px-3 py-2 text-sm disabled:bg-gray-100 disabled:text-gray-500 
disabled:cursor-not-allowed"
      263 |                     />
      264 |                 </div>

      at printWarning 
(node_modules/react-dom/cjs/react-dom.development.js:86:30)
      at error (node_modules/react-dom/cjs/react-dom.development.js:60:7)
      at warnIfUpdatesNotWrappedWithActDEV 
(node_modules/react-dom/cjs/react-dom.development.js:27628:9)
      at scheduleUpdateOnFiber 
(node_modules/react-dom/cjs/react-dom.development.js:25547:5)
      at dispatchSetState 
(node_modules/react-dom/cjs/react-dom.development.js:16708:7)
      at onChange (src/submissions/SubmissionTabs/SubmissionTabs.tsx:261:42)
      at HTMLUnknownElement.callCallback 
(node_modules/react-dom/cjs/react-dom.development.js:4164:14)
      at HTMLUnknownElement.callTheUserObjectsOperation 
(node_modules/jsdom/lib/jsdom/living/generated/EventListener.js:26:30)
      at innerInvokeEventListeners 
(node_modules/jsdom/lib/jsdom/living/events/EventTarget-impl.js:350:25)
      at invokeEventListeners 
(node_modules/jsdom/lib/jsdom/living/events/EventTarget-impl.js:286:3)
      at HTMLUnknownElementImpl._dispatch 
(node_modules/jsdom/lib/jsdom/living/events/EventTarget-impl.js:233:9)
      at HTMLUnknownElementImpl.dispatchEvent 
(node_modules/jsdom/lib/jsdom/living/events/EventTarget-impl.js:104:17)
      at HTMLUnknownElement.dispatchEvent 
(node_modules/jsdom/lib/jsdom/living/generated/EventTarget.js:241:34)
      at Object.invokeGuardedCallbackDev 
(node_modules/react-dom/cjs/react-dom.development.js:4213:16)
      at invokeGuardedCallback 
(node_modules/react-dom/cjs/react-dom.development.js:4277:31)
      at invokeGuardedCallbackAndCatchFirstError 
(node_modules/react-dom/cjs/react-dom.development.js:4291:25)
      at executeDispatch 
(node_modules/react-dom/cjs/react-dom.development.js:9041:3)
      at processDispatchQueueItemsInOrder 
(node_modules/react-dom/cjs/react-dom.development.js:9073:7)
      at processDispatchQueue 
(node_modules/react-dom/cjs/react-dom.development.js:9086:5)
      at dispatchEventsForPlugins 
(node_modules/react-dom/cjs/react-dom.development.js:9097:3)
      at node_modules/react-dom/cjs/react-dom.development.js:9288:12
      at batchedUpdates$1 
(node_modules/react-dom/cjs/react-dom.development.js:26179:12)
      at batchedUpdates 
(node_modules/react-dom/cjs/react-dom.development.js:3991:12)
      at dispatchEventForPluginEventSystem 
(node_modules/react-dom/cjs/react-dom.development.js:9287:3)
      at dispatchEventWithEnableCapturePhaseSelectiveHydrationWithoutDiscreteEv
entReplay (node_modules/react-dom/cjs/react-dom.development.js:6465:5)
      at dispatchEvent 
(node_modules/react-dom/cjs/react-dom.development.js:6457:5)
      at dispatchDiscreteEvent 
(node_modules/react-dom/cjs/react-dom.development.js:6430:5)
      at HTMLDivElement.callTheUserObjectsOperation 
(node_modules/jsdom/lib/jsdom/living/generated/EventListener.js:26:30)
      at innerInvokeEventListeners 
(node_modules/jsdom/lib/jsdom/living/events/EventTarget-impl.js:350:25)
      at invokeEventListeners 
(node_modules/jsdom/lib/jsdom/living/events/EventTarget-impl.js:286:3)
      at HTMLInputElementImpl._dispatch 
(node_modules/jsdom/lib/jsdom/living/events/EventTarget-impl.js:233:9)
      at HTMLInputElementImpl.dispatchEvent 
(node_modules/jsdom/lib/jsdom/living/events/EventTarget-impl.js:104:17)
      at HTMLInputElement.dispatchEvent 
(node_modules/jsdom/lib/jsdom/living/generated/EventTarget.js:241:34)
      at 
node_modules/@testing-library/user-event/dist/cjs/event/dispatchEvent.js:45:43
      at Object.eventWrapper 
(node_modules/@testing-library/dom/dist/config.js:25:23)
      at Object.wrapEvent 
(node_modules/@testing-library/user-event/dist/cjs/event/wrapEvent.js:6:28)
      at Object.dispatchEvent (node_modules/@testing-library/user-event/dist/cj
s/event/dispatchEvent.js:45:22)
      at Object.dispatchUIEvent (node_modules/@testing-library/user-event/dist/
cjs/event/dispatchEvent.js:22:26)
      at commitInput 
(node_modules/@testing-library/user-event/dist/cjs/event/input.js:145:14)
      at editInputElement 
(node_modules/@testing-library/user-event/dist/cjs/event/input.js:115:9)
      at Object.input 
(node_modules/@testing-library/user-event/dist/cjs/event/input.js:37:9)
      at node_modules/@testing-library/user-event/dist/cjs/event/behavior/keypr
ess.js:31:26
      at Object.dispatchEvent (node_modules/@testing-library/user-event/dist/cj
s/event/dispatchEvent.js:41:13)
      at Object.dispatchUIEvent (node_modules/@testing-library/user-event/dist/
cjs/event/dispatchEvent.js:22:26)
      at KeyboardHost.keydown 
(node_modules/@testing-library/user-event/dist/cjs/system/keyboard.js:76:22)
      at keyboardAction 
(node_modules/@testing-library/user-event/dist/cjs/keyboard/index.js:22:35)
      at Object.keyboard 
(node_modules/@testing-library/user-event/dist/cjs/keyboard/index.js:11:15)
      at Object.type 
(node_modules/@testing-library/user-event/dist/cjs/utility/type.js:17:5)
      at Object.<anonymous> 
(src/submissions/SubmissionTabs/__tests__/SubmissionTabs.test.tsx:259:9)

    console.error
      Warning: An update to PlacingBrokingPane inside a test was not wrapped 
in act(...).
      
      When testing, code that causes React state updates should be wrapped 
into act(...):
      
      act(() => {
        /* fire events that update state */
      });
      /* assert on the output */
      
      This ensures that you're testing the behavior the user would see in the 
browser. Learn more at https://reactjs.org/link/wrap-tests-with-act
          at PlacingBrokingPane (C:\Users\samhe\OneDrive\Desktop\Cleaned\fronte
nd\src\submissions\SubmissionTabs\SubmissionTabs.tsx:144:5)
          at div
          at div
          at SubmissionTabs (C:\Users\samhe\OneDrive\Desktop\Cleaned\frontend\s
rc\submissions\SubmissionTabs\SubmissionTabs.tsx:695:5)
          at basenameProp (C:\Users\samhe\OneDrive\Desktop\Cleaned\frontend\nod
e_modules\react-router\lib\components.tsx:421:13)
          at basename (C:\Users\samhe\OneDrive\Desktop\Cleaned\frontend\node_mo
dules\react-router\lib\components.tsx:225:3)

      259 |                         value={brokerIndividualName}
      260 |                         disabled={isEditLocked}
    > 261 |                         onChange={(e) => 
setBrokerIndividualName(e.target.value)}
          |                                          ^
      262 |                         className="w-full border border-gray-300 
rounded px-3 py-2 text-sm disabled:bg-gray-100 disabled:text-gray-500 
disabled:cursor-not-allowed"
      263 |                     />
      264 |                 </div>

      at printWarning 
(node_modules/react-dom/cjs/react-dom.development.js:86:30)
      at error (node_modules/react-dom/cjs/react-dom.development.js:60:7)
      at warnIfUpdatesNotWrappedWithActDEV 
(node_modules/react-dom/cjs/react-dom.development.js:27628:9)
      at scheduleUpdateOnFiber 
(node_modules/react-dom/cjs/react-dom.development.js:25547:5)
      at dispatchSetState 
(node_modules/react-dom/cjs/react-dom.development.js:16708:7)
      at onChange (src/submissions/SubmissionTabs/SubmissionTabs.tsx:261:42)
      at HTMLUnknownElement.callCallback 
(node_modules/react-dom/cjs/react-dom.development.js:4164:14)
      at HTMLUnknownElement.callTheUserObjectsOperation 
(node_modules/jsdom/lib/jsdom/living/generated/EventListener.js:26:30)
      at innerInvokeEventListeners 
(node_modules/jsdom/lib/jsdom/living/events/EventTarget-impl.js:350:25)
      at invokeEventListeners 
(node_modules/jsdom/lib/jsdom/living/events/EventTarget-impl.js:286:3)
      at HTMLUnknownElementImpl._dispatch 
(node_modules/jsdom/lib/jsdom/living/events/EventTarget-impl.js:233:9)
      at HTMLUnknownElementImpl.dispatchEvent 
(node_modules/jsdom/lib/jsdom/living/events/EventTarget-impl.js:104:17)
      at HTMLUnknownElement.dispatchEvent 
(node_modules/jsdom/lib/jsdom/living/generated/EventTarget.js:241:34)
      at Object.invokeGuardedCallbackDev 
(node_modules/react-dom/cjs/react-dom.development.js:4213:16)
      at invokeGuardedCallback 
(node_modules/react-dom/cjs/react-dom.development.js:4277:31)
      at invokeGuardedCallbackAndCatchFirstError 
(node_modules/react-dom/cjs/react-dom.development.js:4291:25)
      at executeDispatch 
(node_modules/react-dom/cjs/react-dom.development.js:9041:3)
      at processDispatchQueueItemsInOrder 
(node_modules/react-dom/cjs/react-dom.development.js:9073:7)
      at processDispatchQueue 
(node_modules/react-dom/cjs/react-dom.development.js:9086:5)
      at dispatchEventsForPlugins 
(node_modules/react-dom/cjs/react-dom.development.js:9097:3)
      at node_modules/react-dom/cjs/react-dom.development.js:9288:12
      at batchedUpdates$1 
(node_modules/react-dom/cjs/react-dom.development.js:26179:12)
      at batchedUpdates 
(node_modules/react-dom/cjs/react-dom.development.js:3991:12)
      at dispatchEventForPluginEventSystem 
(node_modules/react-dom/cjs/react-dom.development.js:9287:3)
      at dispatchEventWithEnableCapturePhaseSelectiveHydrationWithoutDiscreteEv
entReplay (node_modules/react-dom/cjs/react-dom.development.js:6465:5)
      at dispatchEvent 
(node_modules/react-dom/cjs/react-dom.development.js:6457:5)
      at dispatchDiscreteEvent 
(node_modules/react-dom/cjs/react-dom.development.js:6430:5)
      at HTMLDivElement.callTheUserObjectsOperation 
(node_modules/jsdom/lib/jsdom/living/generated/EventListener.js:26:30)
      at innerInvokeEventListeners 
(node_modules/jsdom/lib/jsdom/living/events/EventTarget-impl.js:350:25)
      at invokeEventListeners 
(node_modules/jsdom/lib/jsdom/living/events/EventTarget-impl.js:286:3)
      at HTMLInputElementImpl._dispatch 
(node_modules/jsdom/lib/jsdom/living/events/EventTarget-impl.js:233:9)
      at HTMLInputElementImpl.dispatchEvent 
(node_modules/jsdom/lib/jsdom/living/events/EventTarget-impl.js:104:17)
      at HTMLInputElement.dispatchEvent 
(node_modules/jsdom/lib/jsdom/living/generated/EventTarget.js:241:34)
      at 
node_modules/@testing-library/user-event/dist/cjs/event/dispatchEvent.js:45:43
      at Object.eventWrapper 
(node_modules/@testing-library/dom/dist/config.js:25:23)
      at Object.wrapEvent 
(node_modules/@testing-library/user-event/dist/cjs/event/wrapEvent.js:6:28)
      at Object.dispatchEvent (node_modules/@testing-library/user-event/dist/cj
s/event/dispatchEvent.js:45:22)
      at Object.dispatchUIEvent (node_modules/@testing-library/user-event/dist/
cjs/event/dispatchEvent.js:22:26)
      at commitInput 
(node_modules/@testing-library/user-event/dist/cjs/event/input.js:145:14)
      at editInputElement 
(node_modules/@testing-library/user-event/dist/cjs/event/input.js:115:9)
      at Object.input 
(node_modules/@testing-library/user-event/dist/cjs/event/input.js:37:9)
      at node_modules/@testing-library/user-event/dist/cjs/event/behavior/keypr
ess.js:31:26
      at Object.dispatchEvent (node_modules/@testing-library/user-event/dist/cj
s/event/dispatchEvent.js:41:13)
      at Object.dispatchUIEvent (node_modules/@testing-library/user-event/dist/
cjs/event/dispatchEvent.js:22:26)
      at KeyboardHost.keydown 
(node_modules/@testing-library/user-event/dist/cjs/system/keyboard.js:76:22)
      at keyboardAction 
(node_modules/@testing-library/user-event/dist/cjs/keyboard/index.js:22:35)
      at Object.keyboard 
(node_modules/@testing-library/user-event/dist/cjs/keyboard/index.js:11:15)
      at Object.type 
(node_modules/@testing-library/user-event/dist/cjs/utility/type.js:17:5)
      at Object.<anonymous> 
(src/submissions/SubmissionTabs/__tests__/SubmissionTabs.test.tsx:259:9)

    console.error
      Warning: An update to PlacingBrokingPane inside a test was not wrapped 
in act(...).
      
      When testing, code that causes React state updates should be wrapped 
into act(...):
      
      act(() => {
        /* fire events that update state */
      });
      /* assert on the output */
      
      This ensures that you're testing the behavior the user would see in the 
browser. Learn more at https://reactjs.org/link/wrap-tests-with-act
          at PlacingBrokingPane (C:\Users\samhe\OneDrive\Desktop\Cleaned\fronte
nd\src\submissions\SubmissionTabs\SubmissionTabs.tsx:144:5)
          at div
          at div
          at SubmissionTabs (C:\Users\samhe\OneDrive\Desktop\Cleaned\frontend\s
rc\submissions\SubmissionTabs\SubmissionTabs.tsx:695:5)
          at basenameProp (C:\Users\samhe\OneDrive\Desktop\Cleaned\frontend\nod
e_modules\react-router\lib\components.tsx:421:13)
          at basename (C:\Users\samhe\OneDrive\Desktop\Cleaned\frontend\node_mo
dules\react-router\lib\components.tsx:225:3)

      259 |                         value={brokerIndividualName}
      260 |                         disabled={isEditLocked}
    > 261 |                         onChange={(e) => 
setBrokerIndividualName(e.target.value)}
          |                                          ^
      262 |                         className="w-full border border-gray-300 
rounded px-3 py-2 text-sm disabled:bg-gray-100 disabled:text-gray-500 
disabled:cursor-not-allowed"
      263 |                     />
      264 |                 </div>

      at printWarning 
(node_modules/react-dom/cjs/react-dom.development.js:86:30)
      at error (node_modules/react-dom/cjs/react-dom.development.js:60:7)
      at warnIfUpdatesNotWrappedWithActDEV 
(node_modules/react-dom/cjs/react-dom.development.js:27628:9)
      at scheduleUpdateOnFiber 
(node_modules/react-dom/cjs/react-dom.development.js:25547:5)
      at dispatchSetState 
(node_modules/react-dom/cjs/react-dom.development.js:16708:7)
      at onChange (src/submissions/SubmissionTabs/SubmissionTabs.tsx:261:42)
      at HTMLUnknownElement.callCallback 
(node_modules/react-dom/cjs/react-dom.development.js:4164:14)
      at HTMLUnknownElement.callTheUserObjectsOperation 
(node_modules/jsdom/lib/jsdom/living/generated/EventListener.js:26:30)
      at innerInvokeEventListeners 
(node_modules/jsdom/lib/jsdom/living/events/EventTarget-impl.js:350:25)
      at invokeEventListeners 
(node_modules/jsdom/lib/jsdom/living/events/EventTarget-impl.js:286:3)
      at HTMLUnknownElementImpl._dispatch 
(node_modules/jsdom/lib/jsdom/living/events/EventTarget-impl.js:233:9)
      at HTMLUnknownElementImpl.dispatchEvent 
(node_modules/jsdom/lib/jsdom/living/events/EventTarget-impl.js:104:17)
      at HTMLUnknownElement.dispatchEvent 
(node_modules/jsdom/lib/jsdom/living/generated/EventTarget.js:241:34)
      at Object.invokeGuardedCallbackDev 
(node_modules/react-dom/cjs/react-dom.development.js:4213:16)
      at invokeGuardedCallback 
(node_modules/react-dom/cjs/react-dom.development.js:4277:31)
      at invokeGuardedCallbackAndCatchFirstError 
(node_modules/react-dom/cjs/react-dom.development.js:4291:25)
      at executeDispatch 
(node_modules/react-dom/cjs/react-dom.development.js:9041:3)
      at processDispatchQueueItemsInOrder 
(node_modules/react-dom/cjs/react-dom.development.js:9073:7)
      at processDispatchQueue 
(node_modules/react-dom/cjs/react-dom.development.js:9086:5)
      at dispatchEventsForPlugins 
(node_modules/react-dom/cjs/react-dom.development.js:9097:3)
      at node_modules/react-dom/cjs/react-dom.development.js:9288:12
      at batchedUpdates$1 
(node_modules/react-dom/cjs/react-dom.development.js:26179:12)
      at batchedUpdates 
(node_modules/react-dom/cjs/react-dom.development.js:3991:12)
      at dispatchEventForPluginEventSystem 
(node_modules/react-dom/cjs/react-dom.development.js:9287:3)
      at dispatchEventWithEnableCapturePhaseSelectiveHydrationWithoutDiscreteEv
entReplay (node_modules/react-dom/cjs/react-dom.development.js:6465:5)
      at dispatchEvent 
(node_modules/react-dom/cjs/react-dom.development.js:6457:5)
      at dispatchDiscreteEvent 
(node_modules/react-dom/cjs/react-dom.development.js:6430:5)
      at HTMLDivElement.callTheUserObjectsOperation 
(node_modules/jsdom/lib/jsdom/living/generated/EventListener.js:26:30)
      at innerInvokeEventListeners 
(node_modules/jsdom/lib/jsdom/living/events/EventTarget-impl.js:350:25)
      at invokeEventListeners 
(node_modules/jsdom/lib/jsdom/living/events/EventTarget-impl.js:286:3)
      at HTMLInputElementImpl._dispatch 
(node_modules/jsdom/lib/jsdom/living/events/EventTarget-impl.js:233:9)
      at HTMLInputElementImpl.dispatchEvent 
(node_modules/jsdom/lib/jsdom/living/events/EventTarget-impl.js:104:17)
      at HTMLInputElement.dispatchEvent 
(node_modules/jsdom/lib/jsdom/living/generated/EventTarget.js:241:34)
      at 
node_modules/@testing-library/user-event/dist/cjs/event/dispatchEvent.js:45:43
      at Object.eventWrapper 
(node_modules/@testing-library/dom/dist/config.js:25:23)
      at Object.wrapEvent 
(node_modules/@testing-library/user-event/dist/cjs/event/wrapEvent.js:6:28)
      at Object.dispatchEvent (node_modules/@testing-library/user-event/dist/cj
s/event/dispatchEvent.js:45:22)
      at Object.dispatchUIEvent (node_modules/@testing-library/user-event/dist/
cjs/event/dispatchEvent.js:22:26)
      at commitInput 
(node_modules/@testing-library/user-event/dist/cjs/event/input.js:145:14)
      at editInputElement 
(node_modules/@testing-library/user-event/dist/cjs/event/input.js:115:9)
      at Object.input 
(node_modules/@testing-library/user-event/dist/cjs/event/input.js:37:9)
      at node_modules/@testing-library/user-event/dist/cjs/event/behavior/keypr
ess.js:31:26
      at Object.dispatchEvent (node_modules/@testing-library/user-event/dist/cj
s/event/dispatchEvent.js:41:13)
      at Object.dispatchUIEvent (node_modules/@testing-library/user-event/dist/
cjs/event/dispatchEvent.js:22:26)
      at KeyboardHost.keydown 
(node_modules/@testing-library/user-event/dist/cjs/system/keyboard.js:76:22)
      at keyboardAction 
(node_modules/@testing-library/user-event/dist/cjs/keyboard/index.js:22:35)
      at Object.keyboard 
(node_modules/@testing-library/user-event/dist/cjs/keyboard/index.js:11:15)
      at Object.type 
(node_modules/@testing-library/user-event/dist/cjs/utility/type.js:17:5)
      at Object.<anonymous> 
(src/submissions/SubmissionTabs/__tests__/SubmissionTabs.test.tsx:259:9)

    console.error
      Warning: An update to PlacingBrokingPane inside a test was not wrapped 
in act(...).
      
      When testing, code that causes React state updates should be wrapped 
into act(...):
      
      act(() => {
        /* fire events that update state */
      });
      /* assert on the output */
      
      This ensures that you're testing the behavior the user would see in the 
browser. Learn more at https://reactjs.org/link/wrap-tests-with-act
          at PlacingBrokingPane (C:\Users\samhe\OneDrive\Desktop\Cleaned\fronte
nd\src\submissions\SubmissionTabs\SubmissionTabs.tsx:144:5)
          at div
          at div
          at SubmissionTabs (C:\Users\samhe\OneDrive\Desktop\Cleaned\frontend\s
rc\submissions\SubmissionTabs\SubmissionTabs.tsx:695:5)
          at basenameProp (C:\Users\samhe\OneDrive\Desktop\Cleaned\frontend\nod
e_modules\react-router\lib\components.tsx:421:13)
          at basename (C:\Users\samhe\OneDrive\Desktop\Cleaned\frontend\node_mo
dules\react-router\lib\components.tsx:225:3)

      259 |                         value={brokerIndividualName}
      260 |                         disabled={isEditLocked}
    > 261 |                         onChange={(e) => 
setBrokerIndividualName(e.target.value)}
          |                                          ^
      262 |                         className="w-full border border-gray-300 
rounded px-3 py-2 text-sm disabled:bg-gray-100 disabled:text-gray-500 
disabled:cursor-not-allowed"
      263 |                     />
      264 |                 </div>

      at printWarning 
(node_modules/react-dom/cjs/react-dom.development.js:86:30)
      at error (node_modules/react-dom/cjs/react-dom.development.js:60:7)
      at warnIfUpdatesNotWrappedWithActDEV 
(node_modules/react-dom/cjs/react-dom.development.js:27628:9)
      at scheduleUpdateOnFiber 
(node_modules/react-dom/cjs/react-dom.development.js:25547:5)
      at dispatchSetState 
(node_modules/react-dom/cjs/react-dom.development.js:16708:7)
      at onChange (src/submissions/SubmissionTabs/SubmissionTabs.tsx:261:42)
      at HTMLUnknownElement.callCallback 
(node_modules/react-dom/cjs/react-dom.development.js:4164:14)
      at HTMLUnknownElement.callTheUserObjectsOperation 
(node_modules/jsdom/lib/jsdom/living/generated/EventListener.js:26:30)
      at innerInvokeEventListeners 
(node_modules/jsdom/lib/jsdom/living/events/EventTarget-impl.js:350:25)
      at invokeEventListeners 
(node_modules/jsdom/lib/jsdom/living/events/EventTarget-impl.js:286:3)
      at HTMLUnknownElementImpl._dispatch 
(node_modules/jsdom/lib/jsdom/living/events/EventTarget-impl.js:233:9)
      at HTMLUnknownElementImpl.dispatchEvent 
(node_modules/jsdom/lib/jsdom/living/events/EventTarget-impl.js:104:17)
      at HTMLUnknownElement.dispatchEvent 
(node_modules/jsdom/lib/jsdom/living/generated/EventTarget.js:241:34)
      at Object.invokeGuardedCallbackDev 
(node_modules/react-dom/cjs/react-dom.development.js:4213:16)
      at invokeGuardedCallback 
(node_modules/react-dom/cjs/react-dom.development.js:4277:31)
      at invokeGuardedCallbackAndCatchFirstError 
(node_modules/react-dom/cjs/react-dom.development.js:4291:25)
      at executeDispatch 
(node_modules/react-dom/cjs/react-dom.development.js:9041:3)
      at processDispatchQueueItemsInOrder 
(node_modules/react-dom/cjs/react-dom.development.js:9073:7)
      at processDispatchQueue 
(node_modules/react-dom/cjs/react-dom.development.js:9086:5)
      at dispatchEventsForPlugins 
(node_modules/react-dom/cjs/react-dom.development.js:9097:3)
      at node_modules/react-dom/cjs/react-dom.development.js:9288:12
      at batchedUpdates$1 
(node_modules/react-dom/cjs/react-dom.development.js:26179:12)
      at batchedUpdates 
(node_modules/react-dom/cjs/react-dom.development.js:3991:12)
      at dispatchEventForPluginEventSystem 
(node_modules/react-dom/cjs/react-dom.development.js:9287:3)
      at dispatchEventWithEnableCapturePhaseSelectiveHydrationWithoutDiscreteEv
entReplay (node_modules/react-dom/cjs/react-dom.development.js:6465:5)
      at dispatchEvent 
(node_modules/react-dom/cjs/react-dom.development.js:6457:5)
      at dispatchDiscreteEvent 
(node_modules/react-dom/cjs/react-dom.development.js:6430:5)
      at HTMLDivElement.callTheUserObjectsOperation 
(node_modules/jsdom/lib/jsdom/living/generated/EventListener.js:26:30)
      at innerInvokeEventListeners 
(node_modules/jsdom/lib/jsdom/living/events/EventTarget-impl.js:350:25)
      at invokeEventListeners 
(node_modules/jsdom/lib/jsdom/living/events/EventTarget-impl.js:286:3)
      at HTMLInputElementImpl._dispatch 
(node_modules/jsdom/lib/jsdom/living/events/EventTarget-impl.js:233:9)
      at HTMLInputElementImpl.dispatchEvent 
(node_modules/jsdom/lib/jsdom/living/events/EventTarget-impl.js:104:17)
      at HTMLInputElement.dispatchEvent 
(node_modules/jsdom/lib/jsdom/living/generated/EventTarget.js:241:34)
      at 
node_modules/@testing-library/user-event/dist/cjs/event/dispatchEvent.js:45:43
      at Object.eventWrapper 
(node_modules/@testing-library/dom/dist/config.js:25:23)
      at Object.wrapEvent 
(node_modules/@testing-library/user-event/dist/cjs/event/wrapEvent.js:6:28)
      at Object.dispatchEvent (node_modules/@testing-library/user-event/dist/cj
s/event/dispatchEvent.js:45:22)
      at Object.dispatchUIEvent (node_modules/@testing-library/user-event/dist/
cjs/event/dispatchEvent.js:22:26)
      at commitInput 
(node_modules/@testing-library/user-event/dist/cjs/event/input.js:145:14)
      at editInputElement 
(node_modules/@testing-library/user-event/dist/cjs/event/input.js:115:9)
      at Object.input 
(node_modules/@testing-library/user-event/dist/cjs/event/input.js:37:9)
      at node_modules/@testing-library/user-event/dist/cjs/event/behavior/keypr
ess.js:31:26
      at Object.dispatchEvent (node_modules/@testing-library/user-event/dist/cj
s/event/dispatchEvent.js:41:13)
      at Object.dispatchUIEvent (node_modules/@testing-library/user-event/dist/
cjs/event/dispatchEvent.js:22:26)
      at KeyboardHost.keydown 
(node_modules/@testing-library/user-event/dist/cjs/system/keyboard.js:76:22)
      at keyboardAction 
(node_modules/@testing-library/user-event/dist/cjs/keyboard/index.js:22:35)
      at Object.keyboard 
(node_modules/@testing-library/user-event/dist/cjs/keyboard/index.js:11:15)
      at Object.type 
(node_modules/@testing-library/user-event/dist/cjs/utility/type.js:17:5)
      at Object.<anonymous> 
(src/submissions/SubmissionTabs/__tests__/SubmissionTabs.test.tsx:259:9)

    console.error
      Warning: An update to PlacingBrokingPane inside a test was not wrapped 
in act(...).
      
      When testing, code that causes React state updates should be wrapped 
into act(...):
      
      act(() => {
        /* fire events that update state */
      });
      /* assert on the output */
      
      This ensures that you're testing the behavior the user would see in the 
browser. Learn more at https://reactjs.org/link/wrap-tests-with-act
          at PlacingBrokingPane (C:\Users\samhe\OneDrive\Desktop\Cleaned\fronte
nd\src\submissions\SubmissionTabs\SubmissionTabs.tsx:144:5)
          at div
          at div
          at SubmissionTabs (C:\Users\samhe\OneDrive\Desktop\Cleaned\frontend\s
rc\submissions\SubmissionTabs\SubmissionTabs.tsx:695:5)
          at basenameProp (C:\Users\samhe\OneDrive\Desktop\Cleaned\frontend\nod
e_modules\react-router\lib\components.tsx:421:13)
          at basename (C:\Users\samhe\OneDrive\Desktop\Cleaned\frontend\node_mo
dules\react-router\lib\components.tsx:225:3)

      259 |                         value={brokerIndividualName}
      260 |                         disabled={isEditLocked}
    > 261 |                         onChange={(e) => 
setBrokerIndividualName(e.target.value)}
          |                                          ^
      262 |                         className="w-full border border-gray-300 
rounded px-3 py-2 text-sm disabled:bg-gray-100 disabled:text-gray-500 
disabled:cursor-not-allowed"
      263 |                     />
      264 |                 </div>

      at printWarning 
(node_modules/react-dom/cjs/react-dom.development.js:86:30)
      at error (node_modules/react-dom/cjs/react-dom.development.js:60:7)
      at warnIfUpdatesNotWrappedWithActDEV 
(node_modules/react-dom/cjs/react-dom.development.js:27628:9)
      at scheduleUpdateOnFiber 
(node_modules/react-dom/cjs/react-dom.development.js:25547:5)
      at dispatchSetState 
(node_modules/react-dom/cjs/react-dom.development.js:16708:7)
      at onChange (src/submissions/SubmissionTabs/SubmissionTabs.tsx:261:42)
      at HTMLUnknownElement.callCallback 
(node_modules/react-dom/cjs/react-dom.development.js:4164:14)
      at HTMLUnknownElement.callTheUserObjectsOperation 
(node_modules/jsdom/lib/jsdom/living/generated/EventListener.js:26:30)
      at innerInvokeEventListeners 
(node_modules/jsdom/lib/jsdom/living/events/EventTarget-impl.js:350:25)
      at invokeEventListeners 
(node_modules/jsdom/lib/jsdom/living/events/EventTarget-impl.js:286:3)
      at HTMLUnknownElementImpl._dispatch 
(node_modules/jsdom/lib/jsdom/living/events/EventTarget-impl.js:233:9)
      at HTMLUnknownElementImpl.dispatchEvent 
(node_modules/jsdom/lib/jsdom/living/events/EventTarget-impl.js:104:17)
      at HTMLUnknownElement.dispatchEvent 
(node_modules/jsdom/lib/jsdom/living/generated/EventTarget.js:241:34)
      at Object.invokeGuardedCallbackDev 
(node_modules/react-dom/cjs/react-dom.development.js:4213:16)
      at invokeGuardedCallback 
(node_modules/react-dom/cjs/react-dom.development.js:4277:31)
      at invokeGuardedCallbackAndCatchFirstError 
(node_modules/react-dom/cjs/react-dom.development.js:4291:25)
      at executeDispatch 
(node_modules/react-dom/cjs/react-dom.development.js:9041:3)
      at processDispatchQueueItemsInOrder 
(node_modules/react-dom/cjs/react-dom.development.js:9073:7)
      at processDispatchQueue 
(node_modules/react-dom/cjs/react-dom.development.js:9086:5)
      at dispatchEventsForPlugins 
(node_modules/react-dom/cjs/react-dom.development.js:9097:3)
      at node_modules/react-dom/cjs/react-dom.development.js:9288:12
      at batchedUpdates$1 
(node_modules/react-dom/cjs/react-dom.development.js:26179:12)
      at batchedUpdates 
(node_modules/react-dom/cjs/react-dom.development.js:3991:12)
      at dispatchEventForPluginEventSystem 
(node_modules/react-dom/cjs/react-dom.development.js:9287:3)
      at dispatchEventWithEnableCapturePhaseSelectiveHydrationWithoutDiscreteEv
entReplay (node_modules/react-dom/cjs/react-dom.development.js:6465:5)
      at dispatchEvent 
(node_modules/react-dom/cjs/react-dom.development.js:6457:5)
      at dispatchDiscreteEvent 
(node_modules/react-dom/cjs/react-dom.development.js:6430:5)
      at HTMLDivElement.callTheUserObjectsOperation 
(node_modules/jsdom/lib/jsdom/living/generated/EventListener.js:26:30)
      at innerInvokeEventListeners 
(node_modules/jsdom/lib/jsdom/living/events/EventTarget-impl.js:350:25)
      at invokeEventListeners 
(node_modules/jsdom/lib/jsdom/living/events/EventTarget-impl.js:286:3)
      at HTMLInputElementImpl._dispatch 
(node_modules/jsdom/lib/jsdom/living/events/EventTarget-impl.js:233:9)
      at HTMLInputElementImpl.dispatchEvent 
(node_modules/jsdom/lib/jsdom/living/events/EventTarget-impl.js:104:17)
      at HTMLInputElement.dispatchEvent 
(node_modules/jsdom/lib/jsdom/living/generated/EventTarget.js:241:34)
      at 
node_modules/@testing-library/user-event/dist/cjs/event/dispatchEvent.js:45:43
      at Object.eventWrapper 
(node_modules/@testing-library/dom/dist/config.js:25:23)
      at Object.wrapEvent 
(node_modules/@testing-library/user-event/dist/cjs/event/wrapEvent.js:6:28)
      at Object.dispatchEvent (node_modules/@testing-library/user-event/dist/cj
s/event/dispatchEvent.js:45:22)
      at Object.dispatchUIEvent (node_modules/@testing-library/user-event/dist/
cjs/event/dispatchEvent.js:22:26)
      at commitInput 
(node_modules/@testing-library/user-event/dist/cjs/event/input.js:145:14)
      at editInputElement 
(node_modules/@testing-library/user-event/dist/cjs/event/input.js:115:9)
      at Object.input 
(node_modules/@testing-library/user-event/dist/cjs/event/input.js:37:9)
      at node_modules/@testing-library/user-event/dist/cjs/event/behavior/keypr
ess.js:31:26
      at Object.dispatchEvent (node_modules/@testing-library/user-event/dist/cj
s/event/dispatchEvent.js:41:13)
      at Object.dispatchUIEvent (node_modules/@testing-library/user-event/dist/
cjs/event/dispatchEvent.js:22:26)
      at KeyboardHost.keydown 
(node_modules/@testing-library/user-event/dist/cjs/system/keyboard.js:76:22)
      at keyboardAction 
(node_modules/@testing-library/user-event/dist/cjs/keyboard/index.js:22:35)
      at Object.keyboard 
(node_modules/@testing-library/user-event/dist/cjs/keyboard/index.js:11:15)
      at Object.type 
(node_modules/@testing-library/user-event/dist/cjs/utility/type.js:17:5)
      at Object.<anonymous> 
(src/submissions/SubmissionTabs/__tests__/SubmissionTabs.test.tsx:259:9)

    console.error
      Warning: An update to PlacingBrokingPane inside a test was not wrapped 
in act(...).
      
      When testing, code that causes React state updates should be wrapped 
into act(...):
      
      act(() => {
        /* fire events that update state */
      });
      /* assert on the output */
      
      This ensures that you're testing the behavior the user would see in the 
browser. Learn more at https://reactjs.org/link/wrap-tests-with-act
          at PlacingBrokingPane (C:\Users\samhe\OneDrive\Desktop\Cleaned\fronte
nd\src\submissions\SubmissionTabs\SubmissionTabs.tsx:144:5)
          at div
          at div
          at SubmissionTabs (C:\Users\samhe\OneDrive\Desktop\Cleaned\frontend\s
rc\submissions\SubmissionTabs\SubmissionTabs.tsx:695:5)
          at basenameProp (C:\Users\samhe\OneDrive\Desktop\Cleaned\frontend\nod
e_modules\react-router\lib\components.tsx:421:13)
          at basename (C:\Users\samhe\OneDrive\Desktop\Cleaned\frontend\node_mo
dules\react-router\lib\components.tsx:225:3)

      259 |                         value={brokerIndividualName}
      260 |                         disabled={isEditLocked}
    > 261 |                         onChange={(e) => 
setBrokerIndividualName(e.target.value)}
          |                                          ^
      262 |                         className="w-full border border-gray-300 
rounded px-3 py-2 text-sm disabled:bg-gray-100 disabled:text-gray-500 
disabled:cursor-not-allowed"
      263 |                     />
      264 |                 </div>

      at printWarning 
(node_modules/react-dom/cjs/react-dom.development.js:86:30)
      at error (node_modules/react-dom/cjs/react-dom.development.js:60:7)
      at warnIfUpdatesNotWrappedWithActDEV 
(node_modules/react-dom/cjs/react-dom.development.js:27628:9)
      at scheduleUpdateOnFiber 
(node_modules/react-dom/cjs/react-dom.development.js:25547:5)
      at dispatchSetState 
(node_modules/react-dom/cjs/react-dom.development.js:16708:7)
      at onChange (src/submissions/SubmissionTabs/SubmissionTabs.tsx:261:42)
      at HTMLUnknownElement.callCallback 
(node_modules/react-dom/cjs/react-dom.development.js:4164:14)
      at HTMLUnknownElement.callTheUserObjectsOperation 
(node_modules/jsdom/lib/jsdom/living/generated/EventListener.js:26:30)
      at innerInvokeEventListeners 
(node_modules/jsdom/lib/jsdom/living/events/EventTarget-impl.js:350:25)
      at invokeEventListeners 
(node_modules/jsdom/lib/jsdom/living/events/EventTarget-impl.js:286:3)
      at HTMLUnknownElementImpl._dispatch 
(node_modules/jsdom/lib/jsdom/living/events/EventTarget-impl.js:233:9)
      at HTMLUnknownElementImpl.dispatchEvent 
(node_modules/jsdom/lib/jsdom/living/events/EventTarget-impl.js:104:17)
      at HTMLUnknownElement.dispatchEvent 
(node_modules/jsdom/lib/jsdom/living/generated/EventTarget.js:241:34)
      at Object.invokeGuardedCallbackDev 
(node_modules/react-dom/cjs/react-dom.development.js:4213:16)
      at invokeGuardedCallback 
(node_modules/react-dom/cjs/react-dom.development.js:4277:31)
      at invokeGuardedCallbackAndCatchFirstError 
(node_modules/react-dom/cjs/react-dom.development.js:4291:25)
      at executeDispatch 
(node_modules/react-dom/cjs/react-dom.development.js:9041:3)
      at processDispatchQueueItemsInOrder 
(node_modules/react-dom/cjs/react-dom.development.js:9073:7)
      at processDispatchQueue 
(node_modules/react-dom/cjs/react-dom.development.js:9086:5)
      at dispatchEventsForPlugins 
(node_modules/react-dom/cjs/react-dom.development.js:9097:3)
      at node_modules/react-dom/cjs/react-dom.development.js:9288:12
      at batchedUpdates$1 
(node_modules/react-dom/cjs/react-dom.development.js:26179:12)
      at batchedUpdates 
(node_modules/react-dom/cjs/react-dom.development.js:3991:12)
      at dispatchEventForPluginEventSystem 
(node_modules/react-dom/cjs/react-dom.development.js:9287:3)
      at dispatchEventWithEnableCapturePhaseSelectiveHydrationWithoutDiscreteEv
entReplay (node_modules/react-dom/cjs/react-dom.development.js:6465:5)
      at dispatchEvent 
(node_modules/react-dom/cjs/react-dom.development.js:6457:5)
      at dispatchDiscreteEvent 
(node_modules/react-dom/cjs/react-dom.development.js:6430:5)
      at HTMLDivElement.callTheUserObjectsOperation 
(node_modules/jsdom/lib/jsdom/living/generated/EventListener.js:26:30)
      at innerInvokeEventListeners 
(node_modules/jsdom/lib/jsdom/living/events/EventTarget-impl.js:350:25)
      at invokeEventListeners 
(node_modules/jsdom/lib/jsdom/living/events/EventTarget-impl.js:286:3)
      at HTMLInputElementImpl._dispatch 
(node_modules/jsdom/lib/jsdom/living/events/EventTarget-impl.js:233:9)
      at HTMLInputElementImpl.dispatchEvent 
(node_modules/jsdom/lib/jsdom/living/events/EventTarget-impl.js:104:17)
      at HTMLInputElement.dispatchEvent 
(node_modules/jsdom/lib/jsdom/living/generated/EventTarget.js:241:34)
      at 
node_modules/@testing-library/user-event/dist/cjs/event/dispatchEvent.js:45:43
      at Object.eventWrapper 
(node_modules/@testing-library/dom/dist/config.js:25:23)
      at Object.wrapEvent 
(node_modules/@testing-library/user-event/dist/cjs/event/wrapEvent.js:6:28)
      at Object.dispatchEvent (node_modules/@testing-library/user-event/dist/cj
s/event/dispatchEvent.js:45:22)
      at Object.dispatchUIEvent (node_modules/@testing-library/user-event/dist/
cjs/event/dispatchEvent.js:22:26)
      at commitInput 
(node_modules/@testing-library/user-event/dist/cjs/event/input.js:145:14)
      at editInputElement 
(node_modules/@testing-library/user-event/dist/cjs/event/input.js:115:9)
      at Object.input 
(node_modules/@testing-library/user-event/dist/cjs/event/input.js:37:9)
      at node_modules/@testing-library/user-event/dist/cjs/event/behavior/keypr
ess.js:31:26
      at Object.dispatchEvent (node_modules/@testing-library/user-event/dist/cj
s/event/dispatchEvent.js:41:13)
      at Object.dispatchUIEvent (node_modules/@testing-library/user-event/dist/
cjs/event/dispatchEvent.js:22:26)
      at KeyboardHost.keydown 
(node_modules/@testing-library/user-event/dist/cjs/system/keyboard.js:76:22)
      at keyboardAction 
(node_modules/@testing-library/user-event/dist/cjs/keyboard/index.js:22:35)
      at Object.keyboard 
(node_modules/@testing-library/user-event/dist/cjs/keyboard/index.js:11:15)
      at Object.type 
(node_modules/@testing-library/user-event/dist/cjs/utility/type.js:17:5)
      at Object.<anonymous> 
(src/submissions/SubmissionTabs/__tests__/SubmissionTabs.test.tsx:259:9)

    console.error
      Warning: An update to PlacingBrokingPane inside a test was not wrapped 
in act(...).
      
      When testing, code that causes React state updates should be wrapped 
into act(...):
      
      act(() => {
        /* fire events that update state */
      });
      /* assert on the output */
      
      This ensures that you're testing the behavior the user would see in the 
browser. Learn more at https://reactjs.org/link/wrap-tests-with-act
          at PlacingBrokingPane (C:\Users\samhe\OneDrive\Desktop\Cleaned\fronte
nd\src\submissions\SubmissionTabs\SubmissionTabs.tsx:144:5)
          at div
          at div
          at SubmissionTabs (C:\Users\samhe\OneDrive\Desktop\Cleaned\frontend\s
rc\submissions\SubmissionTabs\SubmissionTabs.tsx:695:5)
          at basenameProp (C:\Users\samhe\OneDrive\Desktop\Cleaned\frontend\nod
e_modules\react-router\lib\components.tsx:421:13)
          at basename (C:\Users\samhe\OneDrive\Desktop\Cleaned\frontend\node_mo
dules\react-router\lib\components.tsx:225:3)

      259 |                         value={brokerIndividualName}
      260 |                         disabled={isEditLocked}
    > 261 |                         onChange={(e) => 
setBrokerIndividualName(e.target.value)}
          |                                          ^
      262 |                         className="w-full border border-gray-300 
rounded px-3 py-2 text-sm disabled:bg-gray-100 disabled:text-gray-500 
disabled:cursor-not-allowed"
      263 |                     />
      264 |                 </div>

      at printWarning 
(node_modules/react-dom/cjs/react-dom.development.js:86:30)
      at error (node_modules/react-dom/cjs/react-dom.development.js:60:7)
      at warnIfUpdatesNotWrappedWithActDEV 
(node_modules/react-dom/cjs/react-dom.development.js:27628:9)
      at scheduleUpdateOnFiber 
(node_modules/react-dom/cjs/react-dom.development.js:25547:5)
      at dispatchSetState 
(node_modules/react-dom/cjs/react-dom.development.js:16708:7)
      at onChange (src/submissions/SubmissionTabs/SubmissionTabs.tsx:261:42)
      at HTMLUnknownElement.callCallback 
(node_modules/react-dom/cjs/react-dom.development.js:4164:14)
      at HTMLUnknownElement.callTheUserObjectsOperation 
(node_modules/jsdom/lib/jsdom/living/generated/EventListener.js:26:30)
      at innerInvokeEventListeners 
(node_modules/jsdom/lib/jsdom/living/events/EventTarget-impl.js:350:25)
      at invokeEventListeners 
(node_modules/jsdom/lib/jsdom/living/events/EventTarget-impl.js:286:3)
      at HTMLUnknownElementImpl._dispatch 
(node_modules/jsdom/lib/jsdom/living/events/EventTarget-impl.js:233:9)
      at HTMLUnknownElementImpl.dispatchEvent 
(node_modules/jsdom/lib/jsdom/living/events/EventTarget-impl.js:104:17)
      at HTMLUnknownElement.dispatchEvent 
(node_modules/jsdom/lib/jsdom/living/generated/EventTarget.js:241:34)
      at Object.invokeGuardedCallbackDev 
(node_modules/react-dom/cjs/react-dom.development.js:4213:16)
      at invokeGuardedCallback 
(node_modules/react-dom/cjs/react-dom.development.js:4277:31)
      at invokeGuardedCallbackAndCatchFirstError 
(node_modules/react-dom/cjs/react-dom.development.js:4291:25)
      at executeDispatch 
(node_modules/react-dom/cjs/react-dom.development.js:9041:3)
      at processDispatchQueueItemsInOrder 
(node_modules/react-dom/cjs/react-dom.development.js:9073:7)
      at processDispatchQueue 
(node_modules/react-dom/cjs/react-dom.development.js:9086:5)
      at dispatchEventsForPlugins 
(node_modules/react-dom/cjs/react-dom.development.js:9097:3)
      at node_modules/react-dom/cjs/react-dom.development.js:9288:12
      at batchedUpdates$1 
(node_modules/react-dom/cjs/react-dom.development.js:26179:12)
      at batchedUpdates 
(node_modules/react-dom/cjs/react-dom.development.js:3991:12)
      at dispatchEventForPluginEventSystem 
(node_modules/react-dom/cjs/react-dom.development.js:9287:3)
      at dispatchEventWithEnableCapturePhaseSelectiveHydrationWithoutDiscreteEv
entReplay (node_modules/react-dom/cjs/react-dom.development.js:6465:5)
      at dispatchEvent 
(node_modules/react-dom/cjs/react-dom.development.js:6457:5)
      at dispatchDiscreteEvent 
(node_modules/react-dom/cjs/react-dom.development.js:6430:5)
      at HTMLDivElement.callTheUserObjectsOperation 
(node_modules/jsdom/lib/jsdom/living/generated/EventListener.js:26:30)
      at innerInvokeEventListeners 
(node_modules/jsdom/lib/jsdom/living/events/EventTarget-impl.js:350:25)
      at invokeEventListeners 
(node_modules/jsdom/lib/jsdom/living/events/EventTarget-impl.js:286:3)
      at HTMLInputElementImpl._dispatch 
(node_modules/jsdom/lib/jsdom/living/events/EventTarget-impl.js:233:9)
      at HTMLInputElementImpl.dispatchEvent 
(node_modules/jsdom/lib/jsdom/living/events/EventTarget-impl.js:104:17)
      at HTMLInputElement.dispatchEvent 
(node_modules/jsdom/lib/jsdom/living/generated/EventTarget.js:241:34)
      at 
node_modules/@testing-library/user-event/dist/cjs/event/dispatchEvent.js:45:43
      at Object.eventWrapper 
(node_modules/@testing-library/dom/dist/config.js:25:23)
      at Object.wrapEvent 
(node_modules/@testing-library/user-event/dist/cjs/event/wrapEvent.js:6:28)
      at Object.dispatchEvent (node_modules/@testing-library/user-event/dist/cj
s/event/dispatchEvent.js:45:22)
      at Object.dispatchUIEvent (node_modules/@testing-library/user-event/dist/
cjs/event/dispatchEvent.js:22:26)
      at commitInput 
(node_modules/@testing-library/user-event/dist/cjs/event/input.js:145:14)
      at editInputElement 
(node_modules/@testing-library/user-event/dist/cjs/event/input.js:115:9)
      at Object.input 
(node_modules/@testing-library/user-event/dist/cjs/event/input.js:37:9)
      at node_modules/@testing-library/user-event/dist/cjs/event/behavior/keypr
ess.js:31:26
      at Object.dispatchEvent (node_modules/@testing-library/user-event/dist/cj
s/event/dispatchEvent.js:41:13)
      at Object.dispatchUIEvent (node_modules/@testing-library/user-event/dist/
cjs/event/dispatchEvent.js:22:26)
      at KeyboardHost.keydown 
(node_modules/@testing-library/user-event/dist/cjs/system/keyboard.js:76:22)
      at keyboardAction 
(node_modules/@testing-library/user-event/dist/cjs/keyboard/index.js:22:35)
      at Object.keyboard 
(node_modules/@testing-library/user-event/dist/cjs/keyboard/index.js:11:15)
      at Object.type 
(node_modules/@testing-library/user-event/dist/cjs/utility/type.js:17:5)
      at Object.<anonymous> 
(src/submissions/SubmissionTabs/__tests__/SubmissionTabs.test.tsx:259:9)

    console.error
      Warning: An update to PlacingBrokingPane inside a test was not wrapped 
in act(...).
      
      When testing, code that causes React state updates should be wrapped 
into act(...):
      
      act(() => {
        /* fire events that update state */
      });
      /* assert on the output */
      
      This ensures that you're testing the behavior the user would see in the 
browser. Learn more at https://reactjs.org/link/wrap-tests-with-act
          at PlacingBrokingPane (C:\Users\samhe\OneDrive\Desktop\Cleaned\fronte
nd\src\submissions\SubmissionTabs\SubmissionTabs.tsx:144:5)
          at div
          at div
          at SubmissionTabs (C:\Users\samhe\OneDrive\Desktop\Cleaned\frontend\s
rc\submissions\SubmissionTabs\SubmissionTabs.tsx:695:5)
          at basenameProp (C:\Users\samhe\OneDrive\Desktop\Cleaned\frontend\nod
e_modules\react-router\lib\components.tsx:421:13)
          at basename (C:\Users\samhe\OneDrive\Desktop\Cleaned\frontend\node_mo
dules\react-router\lib\components.tsx:225:3)

      259 |                         value={brokerIndividualName}
      260 |                         disabled={isEditLocked}
    > 261 |                         onChange={(e) => 
setBrokerIndividualName(e.target.value)}
          |                                          ^
      262 |                         className="w-full border border-gray-300 
rounded px-3 py-2 text-sm disabled:bg-gray-100 disabled:text-gray-500 
disabled:cursor-not-allowed"
      263 |                     />
      264 |                 </div>

      at printWarning 
(node_modules/react-dom/cjs/react-dom.development.js:86:30)
      at error (node_modules/react-dom/cjs/react-dom.development.js:60:7)
      at warnIfUpdatesNotWrappedWithActDEV 
(node_modules/react-dom/cjs/react-dom.development.js:27628:9)
      at scheduleUpdateOnFiber 
(node_modules/react-dom/cjs/react-dom.development.js:25547:5)
      at dispatchSetState 
(node_modules/react-dom/cjs/react-dom.development.js:16708:7)
      at onChange (src/submissions/SubmissionTabs/SubmissionTabs.tsx:261:42)
      at HTMLUnknownElement.callCallback 
(node_modules/react-dom/cjs/react-dom.development.js:4164:14)
      at HTMLUnknownElement.callTheUserObjectsOperation 
(node_modules/jsdom/lib/jsdom/living/generated/EventListener.js:26:30)
      at innerInvokeEventListeners 
(node_modules/jsdom/lib/jsdom/living/events/EventTarget-impl.js:350:25)
      at invokeEventListeners 
(node_modules/jsdom/lib/jsdom/living/events/EventTarget-impl.js:286:3)
      at HTMLUnknownElementImpl._dispatch 
(node_modules/jsdom/lib/jsdom/living/events/EventTarget-impl.js:233:9)
      at HTMLUnknownElementImpl.dispatchEvent 
(node_modules/jsdom/lib/jsdom/living/events/EventTarget-impl.js:104:17)
      at HTMLUnknownElement.dispatchEvent 
(node_modules/jsdom/lib/jsdom/living/generated/EventTarget.js:241:34)
      at Object.invokeGuardedCallbackDev 
(node_modules/react-dom/cjs/react-dom.development.js:4213:16)
      at invokeGuardedCallback 
(node_modules/react-dom/cjs/react-dom.development.js:4277:31)
      at invokeGuardedCallbackAndCatchFirstError 
(node_modules/react-dom/cjs/react-dom.development.js:4291:25)
      at executeDispatch 
(node_modules/react-dom/cjs/react-dom.development.js:9041:3)
      at processDispatchQueueItemsInOrder 
(node_modules/react-dom/cjs/react-dom.development.js:9073:7)
      at processDispatchQueue 
(node_modules/react-dom/cjs/react-dom.development.js:9086:5)
      at dispatchEventsForPlugins 
(node_modules/react-dom/cjs/react-dom.development.js:9097:3)
      at node_modules/react-dom/cjs/react-dom.development.js:9288:12
      at batchedUpdates$1 
(node_modules/react-dom/cjs/react-dom.development.js:26179:12)
      at batchedUpdates 
(node_modules/react-dom/cjs/react-dom.development.js:3991:12)
      at dispatchEventForPluginEventSystem 
(node_modules/react-dom/cjs/react-dom.development.js:9287:3)
      at dispatchEventWithEnableCapturePhaseSelectiveHydrationWithoutDiscreteEv
entReplay (node_modules/react-dom/cjs/react-dom.development.js:6465:5)
      at dispatchEvent 
(node_modules/react-dom/cjs/react-dom.development.js:6457:5)
      at dispatchDiscreteEvent 
(node_modules/react-dom/cjs/react-dom.development.js:6430:5)
      at HTMLDivElement.callTheUserObjectsOperation 
(node_modules/jsdom/lib/jsdom/living/generated/EventListener.js:26:30)
      at innerInvokeEventListeners 
(node_modules/jsdom/lib/jsdom/living/events/EventTarget-impl.js:350:25)
      at invokeEventListeners 
(node_modules/jsdom/lib/jsdom/living/events/EventTarget-impl.js:286:3)
      at HTMLInputElementImpl._dispatch 
(node_modules/jsdom/lib/jsdom/living/events/EventTarget-impl.js:233:9)
      at HTMLInputElementImpl.dispatchEvent 
(node_modules/jsdom/lib/jsdom/living/events/EventTarget-impl.js:104:17)
      at HTMLInputElement.dispatchEvent 
(node_modules/jsdom/lib/jsdom/living/generated/EventTarget.js:241:34)
      at 
node_modules/@testing-library/user-event/dist/cjs/event/dispatchEvent.js:45:43
      at Object.eventWrapper 
(node_modules/@testing-library/dom/dist/config.js:25:23)
      at Object.wrapEvent 
(node_modules/@testing-library/user-event/dist/cjs/event/wrapEvent.js:6:28)
      at Object.dispatchEvent (node_modules/@testing-library/user-event/dist/cj
s/event/dispatchEvent.js:45:22)
      at Object.dispatchUIEvent (node_modules/@testing-library/user-event/dist/
cjs/event/dispatchEvent.js:22:26)
      at commitInput 
(node_modules/@testing-library/user-event/dist/cjs/event/input.js:145:14)
      at editInputElement 
(node_modules/@testing-library/user-event/dist/cjs/event/input.js:115:9)
      at Object.input 
(node_modules/@testing-library/user-event/dist/cjs/event/input.js:37:9)
      at node_modules/@testing-library/user-event/dist/cjs/event/behavior/keypr
ess.js:31:26
      at Object.dispatchEvent (node_modules/@testing-library/user-event/dist/cj
s/event/dispatchEvent.js:41:13)
      at Object.dispatchUIEvent (node_modules/@testing-library/user-event/dist/
cjs/event/dispatchEvent.js:22:26)
      at KeyboardHost.keydown 
(node_modules/@testing-library/user-event/dist/cjs/system/keyboard.js:76:22)
      at keyboardAction 
(node_modules/@testing-library/user-event/dist/cjs/keyboard/index.js:22:35)
      at Object.keyboard 
(node_modules/@testing-library/user-event/dist/cjs/keyboard/index.js:11:15)
      at Object.type 
(node_modules/@testing-library/user-event/dist/cjs/utility/type.js:17:5)
      at Object.<anonymous> 
(src/submissions/SubmissionTabs/__tests__/SubmissionTabs.test.tsx:259:9)

    console.error
      Warning: An update to PlacingBrokingPane inside a test was not wrapped 
in act(...).
      
      When testing, code that causes React state updates should be wrapped 
into act(...):
      
      act(() => {
        /* fire events that update state */
      });
      /* assert on the output */
      
      This ensures that you're testing the behavior the user would see in the 
browser. Learn more at https://reactjs.org/link/wrap-tests-with-act
          at PlacingBrokingPane (C:\Users\samhe\OneDrive\Desktop\Cleaned\fronte
nd\src\submissions\SubmissionTabs\SubmissionTabs.tsx:144:5)
          at div
          at div
          at SubmissionTabs (C:\Users\samhe\OneDrive\Desktop\Cleaned\frontend\s
rc\submissions\SubmissionTabs\SubmissionTabs.tsx:695:5)
          at basenameProp (C:\Users\samhe\OneDrive\Desktop\Cleaned\frontend\nod
e_modules\react-router\lib\components.tsx:421:13)
          at basename (C:\Users\samhe\OneDrive\Desktop\Cleaned\frontend\node_mo
dules\react-router\lib\components.tsx:225:3)

      259 |                         value={brokerIndividualName}
      260 |                         disabled={isEditLocked}
    > 261 |                         onChange={(e) => 
setBrokerIndividualName(e.target.value)}
          |                                          ^
      262 |                         className="w-full border border-gray-300 
rounded px-3 py-2 text-sm disabled:bg-gray-100 disabled:text-gray-500 
disabled:cursor-not-allowed"
      263 |                     />
      264 |                 </div>

      at printWarning 
(node_modules/react-dom/cjs/react-dom.development.js:86:30)
      at error (node_modules/react-dom/cjs/react-dom.development.js:60:7)
      at warnIfUpdatesNotWrappedWithActDEV 
(node_modules/react-dom/cjs/react-dom.development.js:27628:9)
      at scheduleUpdateOnFiber 
(node_modules/react-dom/cjs/react-dom.development.js:25547:5)
      at dispatchSetState 
(node_modules/react-dom/cjs/react-dom.development.js:16708:7)
      at onChange (src/submissions/SubmissionTabs/SubmissionTabs.tsx:261:42)
      at HTMLUnknownElement.callCallback 
(node_modules/react-dom/cjs/react-dom.development.js:4164:14)
      at HTMLUnknownElement.callTheUserObjectsOperation 
(node_modules/jsdom/lib/jsdom/living/generated/EventListener.js:26:30)
      at innerInvokeEventListeners 
(node_modules/jsdom/lib/jsdom/living/events/EventTarget-impl.js:350:25)
      at invokeEventListeners 
(node_modules/jsdom/lib/jsdom/living/events/EventTarget-impl.js:286:3)
      at HTMLUnknownElementImpl._dispatch 
(node_modules/jsdom/lib/jsdom/living/events/EventTarget-impl.js:233:9)
      at HTMLUnknownElementImpl.dispatchEvent 
(node_modules/jsdom/lib/jsdom/living/events/EventTarget-impl.js:104:17)
      at HTMLUnknownElement.dispatchEvent 
(node_modules/jsdom/lib/jsdom/living/generated/EventTarget.js:241:34)
      at Object.invokeGuardedCallbackDev 
(node_modules/react-dom/cjs/react-dom.development.js:4213:16)
      at invokeGuardedCallback 
(node_modules/react-dom/cjs/react-dom.development.js:4277:31)
      at invokeGuardedCallbackAndCatchFirstError 
(node_modules/react-dom/cjs/react-dom.development.js:4291:25)
      at executeDispatch 
(node_modules/react-dom/cjs/react-dom.development.js:9041:3)
      at processDispatchQueueItemsInOrder 
(node_modules/react-dom/cjs/react-dom.development.js:9073:7)
      at processDispatchQueue 
(node_modules/react-dom/cjs/react-dom.development.js:9086:5)
      at dispatchEventsForPlugins 
(node_modules/react-dom/cjs/react-dom.development.js:9097:3)
      at node_modules/react-dom/cjs/react-dom.development.js:9288:12
      at batchedUpdates$1 
(node_modules/react-dom/cjs/react-dom.development.js:26179:12)
      at batchedUpdates 
(node_modules/react-dom/cjs/react-dom.development.js:3991:12)
      at dispatchEventForPluginEventSystem 
(node_modules/react-dom/cjs/react-dom.development.js:9287:3)
      at dispatchEventWithEnableCapturePhaseSelectiveHydrationWithoutDiscreteEv
entReplay (node_modules/react-dom/cjs/react-dom.development.js:6465:5)
      at dispatchEvent 
(node_modules/react-dom/cjs/react-dom.development.js:6457:5)
      at dispatchDiscreteEvent 
(node_modules/react-dom/cjs/react-dom.development.js:6430:5)
      at HTMLDivElement.callTheUserObjectsOperation 
(node_modules/jsdom/lib/jsdom/living/generated/EventListener.js:26:30)
      at innerInvokeEventListeners 
(node_modules/jsdom/lib/jsdom/living/events/EventTarget-impl.js:350:25)
      at invokeEventListeners 
(node_modules/jsdom/lib/jsdom/living/events/EventTarget-impl.js:286:3)
      at HTMLInputElementImpl._dispatch 
(node_modules/jsdom/lib/jsdom/living/events/EventTarget-impl.js:233:9)
      at HTMLInputElementImpl.dispatchEvent 
(node_modules/jsdom/lib/jsdom/living/events/EventTarget-impl.js:104:17)
      at HTMLInputElement.dispatchEvent 
(node_modules/jsdom/lib/jsdom/living/generated/EventTarget.js:241:34)
      at 
node_modules/@testing-library/user-event/dist/cjs/event/dispatchEvent.js:45:43
      at Object.eventWrapper 
(node_modules/@testing-library/dom/dist/config.js:25:23)
      at Object.wrapEvent 
(node_modules/@testing-library/user-event/dist/cjs/event/wrapEvent.js:6:28)
      at Object.dispatchEvent (node_modules/@testing-library/user-event/dist/cj
s/event/dispatchEvent.js:45:22)
      at Object.dispatchUIEvent (node_modules/@testing-library/user-event/dist/
cjs/event/dispatchEvent.js:22:26)
      at commitInput 
(node_modules/@testing-library/user-event/dist/cjs/event/input.js:145:14)
      at editInputElement 
(node_modules/@testing-library/user-event/dist/cjs/event/input.js:115:9)
      at Object.input 
(node_modules/@testing-library/user-event/dist/cjs/event/input.js:37:9)
      at node_modules/@testing-library/user-event/dist/cjs/event/behavior/keypr
ess.js:31:26
      at Object.dispatchEvent (node_modules/@testing-library/user-event/dist/cj
s/event/dispatchEvent.js:41:13)
      at Object.dispatchUIEvent (node_modules/@testing-library/user-event/dist/
cjs/event/dispatchEvent.js:22:26)
      at KeyboardHost.keydown 
(node_modules/@testing-library/user-event/dist/cjs/system/keyboard.js:76:22)
      at keyboardAction 
(node_modules/@testing-library/user-event/dist/cjs/keyboard/index.js:22:35)
      at Object.keyboard 
(node_modules/@testing-library/user-event/dist/cjs/keyboard/index.js:11:15)
      at Object.type 
(node_modules/@testing-library/user-event/dist/cjs/utility/type.js:17:5)
      at Object.<anonymous> 
(src/submissions/SubmissionTabs/__tests__/SubmissionTabs.test.tsx:259:9)

    console.error
      Warning: An update to PlacingBrokingPane inside a test was not wrapped 
in act(...).
      
      When testing, code that causes React state updates should be wrapped 
into act(...):
      
      act(() => {
        /* fire events that update state */
      });
      /* assert on the output */
      
      This ensures that you're testing the behavior the user would see in the 
browser. Learn more at https://reactjs.org/link/wrap-tests-with-act
          at PlacingBrokingPane (C:\Users\samhe\OneDrive\Desktop\Cleaned\fronte
nd\src\submissions\SubmissionTabs\SubmissionTabs.tsx:144:5)
          at div
          at div
          at SubmissionTabs (C:\Users\samhe\OneDrive\Desktop\Cleaned\frontend\s
rc\submissions\SubmissionTabs\SubmissionTabs.tsx:695:5)
          at basenameProp (C:\Users\samhe\OneDrive\Desktop\Cleaned\frontend\nod
e_modules\react-router\lib\components.tsx:421:13)
          at basename (C:\Users\samhe\OneDrive\Desktop\Cleaned\frontend\node_mo
dules\react-router\lib\components.tsx:225:3)

      259 |                         value={brokerIndividualName}
      260 |                         disabled={isEditLocked}
    > 261 |                         onChange={(e) => 
setBrokerIndividualName(e.target.value)}
          |                                          ^
      262 |                         className="w-full border border-gray-300 
rounded px-3 py-2 text-sm disabled:bg-gray-100 disabled:text-gray-500 
disabled:cursor-not-allowed"
      263 |                     />
      264 |                 </div>

      at printWarning 
(node_modules/react-dom/cjs/react-dom.development.js:86:30)
      at error (node_modules/react-dom/cjs/react-dom.development.js:60:7)
      at warnIfUpdatesNotWrappedWithActDEV 
(node_modules/react-dom/cjs/react-dom.development.js:27628:9)
      at scheduleUpdateOnFiber 
(node_modules/react-dom/cjs/react-dom.development.js:25547:5)
      at dispatchSetState 
(node_modules/react-dom/cjs/react-dom.development.js:16708:7)
      at onChange (src/submissions/SubmissionTabs/SubmissionTabs.tsx:261:42)
      at HTMLUnknownElement.callCallback 
(node_modules/react-dom/cjs/react-dom.development.js:4164:14)
      at HTMLUnknownElement.callTheUserObjectsOperation 
(node_modules/jsdom/lib/jsdom/living/generated/EventListener.js:26:30)
      at innerInvokeEventListeners 
(node_modules/jsdom/lib/jsdom/living/events/EventTarget-impl.js:350:25)
      at invokeEventListeners 
(node_modules/jsdom/lib/jsdom/living/events/EventTarget-impl.js:286:3)
      at HTMLUnknownElementImpl._dispatch 
(node_modules/jsdom/lib/jsdom/living/events/EventTarget-impl.js:233:9)
      at HTMLUnknownElementImpl.dispatchEvent 
(node_modules/jsdom/lib/jsdom/living/events/EventTarget-impl.js:104:17)
      at HTMLUnknownElement.dispatchEvent 
(node_modules/jsdom/lib/jsdom/living/generated/EventTarget.js:241:34)
      at Object.invokeGuardedCallbackDev 
(node_modules/react-dom/cjs/react-dom.development.js:4213:16)
      at invokeGuardedCallback 
(node_modules/react-dom/cjs/react-dom.development.js:4277:31)
      at invokeGuardedCallbackAndCatchFirstError 
(node_modules/react-dom/cjs/react-dom.development.js:4291:25)
      at executeDispatch 
(node_modules/react-dom/cjs/react-dom.development.js:9041:3)
      at processDispatchQueueItemsInOrder 
(node_modules/react-dom/cjs/react-dom.development.js:9073:7)
      at processDispatchQueue 
(node_modules/react-dom/cjs/react-dom.development.js:9086:5)
      at dispatchEventsForPlugins 
(node_modules/react-dom/cjs/react-dom.development.js:9097:3)
      at node_modules/react-dom/cjs/react-dom.development.js:9288:12
      at batchedUpdates$1 
(node_modules/react-dom/cjs/react-dom.development.js:26179:12)
      at batchedUpdates 
(node_modules/react-dom/cjs/react-dom.development.js:3991:12)
      at dispatchEventForPluginEventSystem 
(node_modules/react-dom/cjs/react-dom.development.js:9287:3)
      at dispatchEventWithEnableCapturePhaseSelectiveHydrationWithoutDiscreteEv
entReplay (node_modules/react-dom/cjs/react-dom.development.js:6465:5)
      at dispatchEvent 
(node_modules/react-dom/cjs/react-dom.development.js:6457:5)
      at dispatchDiscreteEvent 
(node_modules/react-dom/cjs/react-dom.development.js:6430:5)
      at HTMLDivElement.callTheUserObjectsOperation 
(node_modules/jsdom/lib/jsdom/living/generated/EventListener.js:26:30)
      at innerInvokeEventListeners 
(node_modules/jsdom/lib/jsdom/living/events/EventTarget-impl.js:350:25)
      at invokeEventListeners 
(node_modules/jsdom/lib/jsdom/living/events/EventTarget-impl.js:286:3)
      at HTMLInputElementImpl._dispatch 
(node_modules/jsdom/lib/jsdom/living/events/EventTarget-impl.js:233:9)
      at HTMLInputElementImpl.dispatchEvent 
(node_modules/jsdom/lib/jsdom/living/events/EventTarget-impl.js:104:17)
      at HTMLInputElement.dispatchEvent 
(node_modules/jsdom/lib/jsdom/living/generated/EventTarget.js:241:34)
      at 
node_modules/@testing-library/user-event/dist/cjs/event/dispatchEvent.js:45:43
      at Object.eventWrapper 
(node_modules/@testing-library/dom/dist/config.js:25:23)
      at Object.wrapEvent 
(node_modules/@testing-library/user-event/dist/cjs/event/wrapEvent.js:6:28)
      at Object.dispatchEvent (node_modules/@testing-library/user-event/dist/cj
s/event/dispatchEvent.js:45:22)
      at Object.dispatchUIEvent (node_modules/@testing-library/user-event/dist/
cjs/event/dispatchEvent.js:22:26)
      at commitInput 
(node_modules/@testing-library/user-event/dist/cjs/event/input.js:145:14)
      at editInputElement 
(node_modules/@testing-library/user-event/dist/cjs/event/input.js:115:9)
      at Object.input 
(node_modules/@testing-library/user-event/dist/cjs/event/input.js:37:9)
      at node_modules/@testing-library/user-event/dist/cjs/event/behavior/keypr
ess.js:31:26
      at Object.dispatchEvent (node_modules/@testing-library/user-event/dist/cj
s/event/dispatchEvent.js:41:13)
      at Object.dispatchUIEvent (node_modules/@testing-library/user-event/dist/
cjs/event/dispatchEvent.js:22:26)
      at KeyboardHost.keydown 
(node_modules/@testing-library/user-event/dist/cjs/system/keyboard.js:76:22)
      at keyboardAction 
(node_modules/@testing-library/user-event/dist/cjs/keyboard/index.js:22:35)
      at Object.keyboard 
(node_modules/@testing-library/user-event/dist/cjs/keyboard/index.js:11:15)
      at Object.type 
(node_modules/@testing-library/user-event/dist/cjs/utility/type.js:17:5)
      at Object.<anonymous> 
(src/submissions/SubmissionTabs/__tests__/SubmissionTabs.test.tsx:259:9)

    console.error
      Warning: An update to PlacingBrokingPane inside a test was not wrapped 
in act(...).
      
      When testing, code that causes React state updates should be wrapped 
into act(...):
      
      act(() => {
        /* fire events that update state */
      });
      /* assert on the output */
      
      This ensures that you're testing the behavior the user would see in the 
browser. Learn more at https://reactjs.org/link/wrap-tests-with-act
          at PlacingBrokingPane (C:\Users\samhe\OneDrive\Desktop\Cleaned\fronte
nd\src\submissions\SubmissionTabs\SubmissionTabs.tsx:144:5)
          at div
          at div
          at SubmissionTabs (C:\Users\samhe\OneDrive\Desktop\Cleaned\frontend\s
rc\submissions\SubmissionTabs\SubmissionTabs.tsx:695:5)
          at basenameProp (C:\Users\samhe\OneDrive\Desktop\Cleaned\frontend\nod
e_modules\react-router\lib\components.tsx:421:13)
          at basename (C:\Users\samhe\OneDrive\Desktop\Cleaned\frontend\node_mo
dules\react-router\lib\components.tsx:225:3)

      208 |
      209 |     function cancelChanges() {
    > 210 |         setBrokerCompany(savedCompany)
          |         ^
      211 |         setBrokerCompanyId(savedCompanyId)
      212 |         setBrokerIndividualName(savedIndividualName)
      213 |         setError(null)

      at printWarning 
(node_modules/react-dom/cjs/react-dom.development.js:86:30)
      at error (node_modules/react-dom/cjs/react-dom.development.js:60:7)
      at warnIfUpdatesNotWrappedWithActDEV 
(node_modules/react-dom/cjs/react-dom.development.js:27628:9)
      at scheduleUpdateOnFiber 
(node_modules/react-dom/cjs/react-dom.development.js:25547:5)
      at dispatchSetState 
(node_modules/react-dom/cjs/react-dom.development.js:16708:7)
      at cancelChanges 
(src/submissions/SubmissionTabs/SubmissionTabs.tsx:210:9)
      at HTMLUnknownElement.callCallback 
(node_modules/react-dom/cjs/react-dom.development.js:4164:14)
      at HTMLUnknownElement.callTheUserObjectsOperation 
(node_modules/jsdom/lib/jsdom/living/generated/EventListener.js:26:30)
      at innerInvokeEventListeners 
(node_modules/jsdom/lib/jsdom/living/events/EventTarget-impl.js:350:25)
      at invokeEventListeners 
(node_modules/jsdom/lib/jsdom/living/events/EventTarget-impl.js:286:3)
      at HTMLUnknownElementImpl._dispatch 
(node_modules/jsdom/lib/jsdom/living/events/EventTarget-impl.js:233:9)
      at HTMLUnknownElementImpl.dispatchEvent 
(node_modules/jsdom/lib/jsdom/living/events/EventTarget-impl.js:104:17)
      at HTMLUnknownElement.dispatchEvent 
(node_modules/jsdom/lib/jsdom/living/generated/EventTarget.js:241:34)
      at Object.invokeGuardedCallbackDev 
(node_modules/react-dom/cjs/react-dom.development.js:4213:16)
      at invokeGuardedCallback 
(node_modules/react-dom/cjs/react-dom.development.js:4277:31)
      at invokeGuardedCallbackAndCatchFirstError 
(node_modules/react-dom/cjs/react-dom.development.js:4291:25)
      at executeDispatch 
(node_modules/react-dom/cjs/react-dom.development.js:9041:3)
      at processDispatchQueueItemsInOrder 
(node_modules/react-dom/cjs/react-dom.development.js:9073:7)
      at processDispatchQueue 
(node_modules/react-dom/cjs/react-dom.development.js:9086:5)
      at dispatchEventsForPlugins 
(node_modules/react-dom/cjs/react-dom.development.js:9097:3)
      at node_modules/react-dom/cjs/react-dom.development.js:9288:12
      at batchedUpdates$1 
(node_modules/react-dom/cjs/react-dom.development.js:26179:12)
      at batchedUpdates 
(node_modules/react-dom/cjs/react-dom.development.js:3991:12)
      at dispatchEventForPluginEventSystem 
(node_modules/react-dom/cjs/react-dom.development.js:9287:3)
      at dispatchEventWithEnableCapturePhaseSelectiveHydrationWithoutDiscreteEv
entReplay (node_modules/react-dom/cjs/react-dom.development.js:6465:5)
      at dispatchEvent 
(node_modules/react-dom/cjs/react-dom.development.js:6457:5)
      at dispatchDiscreteEvent 
(node_modules/react-dom/cjs/react-dom.development.js:6430:5)
      at HTMLDivElement.callTheUserObjectsOperation 
(node_modules/jsdom/lib/jsdom/living/generated/EventListener.js:26:30)
      at innerInvokeEventListeners 
(node_modules/jsdom/lib/jsdom/living/events/EventTarget-impl.js:350:25)
      at invokeEventListeners 
(node_modules/jsdom/lib/jsdom/living/events/EventTarget-impl.js:286:3)
      at HTMLButtonElementImpl._dispatch 
(node_modules/jsdom/lib/jsdom/living/events/EventTarget-impl.js:233:9)
      at HTMLButtonElementImpl.dispatchEvent 
(node_modules/jsdom/lib/jsdom/living/events/EventTarget-impl.js:104:17)
      at HTMLButtonElement.dispatchEvent 
(node_modules/jsdom/lib/jsdom/living/generated/EventTarget.js:241:34)
      at 
node_modules/@testing-library/user-event/dist/cjs/event/dispatchEvent.js:45:43
      at Object.eventWrapper 
(node_modules/@testing-library/dom/dist/config.js:25:23)
      at Object.wrapEvent 
(node_modules/@testing-library/user-event/dist/cjs/event/wrapEvent.js:6:28)
      at Object.dispatchEvent (node_modules/@testing-library/user-event/dist/cj
s/event/dispatchEvent.js:45:22)
      at Object.dispatchUIEvent (node_modules/@testing-library/user-event/dist/
cjs/event/dispatchEvent.js:22:26)
      at Mouse.up (node_modules/@testing-library/user-event/dist/cjs/system/poi
nter/mouse.js:100:30)
      at PointerHost.release (node_modules/@testing-library/user-event/dist/cjs
/system/pointer/index.js:87:24)
      at pointerAction 
(node_modules/@testing-library/user-event/dist/cjs/pointer/index.js:54:47)
      at Object.pointer 
(node_modules/@testing-library/user-event/dist/cjs/pointer/index.js:27:9)
      at Object.<anonymous> 
(src/submissions/SubmissionTabs/__tests__/SubmissionTabs.test.tsx:260:9)

    console.error
      Warning: An update to PlacingBrokingPane inside a test was not wrapped 
in act(...).
      
      When testing, code that causes React state updates should be wrapped 
into act(...):
      
      act(() => {
        /* fire events that update state */
      });
      /* assert on the output */
      
      This ensures that you're testing the behavior the user would see in the 
browser. Learn more at https://reactjs.org/link/wrap-tests-with-act
          at PlacingBrokingPane (C:\Users\samhe\OneDrive\Desktop\Cleaned\fronte
nd\src\submissions\SubmissionTabs\SubmissionTabs.tsx:144:5)
          at div
          at div
          at SubmissionTabs (C:\Users\samhe\OneDrive\Desktop\Cleaned\frontend\s
rc\submissions\SubmissionTabs\SubmissionTabs.tsx:695:5)
          at basenameProp (C:\Users\samhe\OneDrive\Desktop\Cleaned\frontend\nod
e_modules\react-router\lib\components.tsx:421:13)
          at basename (C:\Users\samhe\OneDrive\Desktop\Cleaned\frontend\node_mo
dules\react-router\lib\components.tsx:225:3)

      209 |     function cancelChanges() {
      210 |         setBrokerCompany(savedCompany)
    > 211 |         setBrokerCompanyId(savedCompanyId)
          |         ^
      212 |         setBrokerIndividualName(savedIndividualName)
      213 |         setError(null)
      214 |     }

      at printWarning 
(node_modules/react-dom/cjs/react-dom.development.js:86:30)
      at error (node_modules/react-dom/cjs/react-dom.development.js:60:7)
      at warnIfUpdatesNotWrappedWithActDEV 
(node_modules/react-dom/cjs/react-dom.development.js:27628:9)
      at scheduleUpdateOnFiber 
(node_modules/react-dom/cjs/react-dom.development.js:25547:5)
      at dispatchSetState 
(node_modules/react-dom/cjs/react-dom.development.js:16708:7)
      at cancelChanges 
(src/submissions/SubmissionTabs/SubmissionTabs.tsx:211:9)
      at HTMLUnknownElement.callCallback 
(node_modules/react-dom/cjs/react-dom.development.js:4164:14)
      at HTMLUnknownElement.callTheUserObjectsOperation 
(node_modules/jsdom/lib/jsdom/living/generated/EventListener.js:26:30)
      at innerInvokeEventListeners 
(node_modules/jsdom/lib/jsdom/living/events/EventTarget-impl.js:350:25)
      at invokeEventListeners 
(node_modules/jsdom/lib/jsdom/living/events/EventTarget-impl.js:286:3)
      at HTMLUnknownElementImpl._dispatch 
(node_modules/jsdom/lib/jsdom/living/events/EventTarget-impl.js:233:9)
      at HTMLUnknownElementImpl.dispatchEvent 
(node_modules/jsdom/lib/jsdom/living/events/EventTarget-impl.js:104:17)
      at HTMLUnknownElement.dispatchEvent 
(node_modules/jsdom/lib/jsdom/living/generated/EventTarget.js:241:34)
      at Object.invokeGuardedCallbackDev 
(node_modules/react-dom/cjs/react-dom.development.js:4213:16)
      at invokeGuardedCallback 
(node_modules/react-dom/cjs/react-dom.development.js:4277:31)
      at invokeGuardedCallbackAndCatchFirstError 
(node_modules/react-dom/cjs/react-dom.development.js:4291:25)
      at executeDispatch 
(node_modules/react-dom/cjs/react-dom.development.js:9041:3)
      at processDispatchQueueItemsInOrder 
(node_modules/react-dom/cjs/react-dom.development.js:9073:7)
      at processDispatchQueue 
(node_modules/react-dom/cjs/react-dom.development.js:9086:5)
      at dispatchEventsForPlugins 
(node_modules/react-dom/cjs/react-dom.development.js:9097:3)
      at node_modules/react-dom/cjs/react-dom.development.js:9288:12
      at batchedUpdates$1 
(node_modules/react-dom/cjs/react-dom.development.js:26179:12)
      at batchedUpdates 
(node_modules/react-dom/cjs/react-dom.development.js:3991:12)
      at dispatchEventForPluginEventSystem 
(node_modules/react-dom/cjs/react-dom.development.js:9287:3)
      at dispatchEventWithEnableCapturePhaseSelectiveHydrationWithoutDiscreteEv
entReplay (node_modules/react-dom/cjs/react-dom.development.js:6465:5)
      at dispatchEvent 
(node_modules/react-dom/cjs/react-dom.development.js:6457:5)
      at dispatchDiscreteEvent 
(node_modules/react-dom/cjs/react-dom.development.js:6430:5)
      at HTMLDivElement.callTheUserObjectsOperation 
(node_modules/jsdom/lib/jsdom/living/generated/EventListener.js:26:30)
      at innerInvokeEventListeners 
(node_modules/jsdom/lib/jsdom/living/events/EventTarget-impl.js:350:25)
      at invokeEventListeners 
(node_modules/jsdom/lib/jsdom/living/events/EventTarget-impl.js:286:3)
      at HTMLButtonElementImpl._dispatch 
(node_modules/jsdom/lib/jsdom/living/events/EventTarget-impl.js:233:9)
      at HTMLButtonElementImpl.dispatchEvent 
(node_modules/jsdom/lib/jsdom/living/events/EventTarget-impl.js:104:17)
      at HTMLButtonElement.dispatchEvent 
(node_modules/jsdom/lib/jsdom/living/generated/EventTarget.js:241:34)
      at 
node_modules/@testing-library/user-event/dist/cjs/event/dispatchEvent.js:45:43
      at Object.eventWrapper 
(node_modules/@testing-library/dom/dist/config.js:25:23)
      at Object.wrapEvent 
(node_modules/@testing-library/user-event/dist/cjs/event/wrapEvent.js:6:28)
      at Object.dispatchEvent (node_modules/@testing-library/user-event/dist/cj
s/event/dispatchEvent.js:45:22)
      at Object.dispatchUIEvent (node_modules/@testing-library/user-event/dist/
cjs/event/dispatchEvent.js:22:26)
      at Mouse.up (node_modules/@testing-library/user-event/dist/cjs/system/poi
nter/mouse.js:100:30)
      at PointerHost.release (node_modules/@testing-library/user-event/dist/cjs
/system/pointer/index.js:87:24)
      at pointerAction 
(node_modules/@testing-library/user-event/dist/cjs/pointer/index.js:54:47)
      at Object.pointer 
(node_modules/@testing-library/user-event/dist/cjs/pointer/index.js:27:9)
      at Object.<anonymous> 
(src/submissions/SubmissionTabs/__tests__/SubmissionTabs.test.tsx:260:9)

    console.error
      Warning: An update to PlacingBrokingPane inside a test was not wrapped 
in act(...).
      
      When testing, code that causes React state updates should be wrapped 
into act(...):
      
      act(() => {
        /* fire events that update state */
      });
      /* assert on the output */
      
      This ensures that you're testing the behavior the user would see in the 
browser. Learn more at https://reactjs.org/link/wrap-tests-with-act
          at PlacingBrokingPane (C:\Users\samhe\OneDrive\Desktop\Cleaned\fronte
nd\src\submissions\SubmissionTabs\SubmissionTabs.tsx:144:5)
          at div
          at div
          at SubmissionTabs (C:\Users\samhe\OneDrive\Desktop\Cleaned\frontend\s
rc\submissions\SubmissionTabs\SubmissionTabs.tsx:695:5)
          at basenameProp (C:\Users\samhe\OneDrive\Desktop\Cleaned\frontend\nod
e_modules\react-router\lib\components.tsx:421:13)
          at basename (C:\Users\samhe\OneDrive\Desktop\Cleaned\frontend\node_mo
dules\react-router\lib\components.tsx:225:3)

      210 |         setBrokerCompany(savedCompany)
      211 |         setBrokerCompanyId(savedCompanyId)
    > 212 |         setBrokerIndividualName(savedIndividualName)
          |         ^
      213 |         setError(null)
      214 |     }
      215 |

      at printWarning 
(node_modules/react-dom/cjs/react-dom.development.js:86:30)
      at error (node_modules/react-dom/cjs/react-dom.development.js:60:7)
      at warnIfUpdatesNotWrappedWithActDEV 
(node_modules/react-dom/cjs/react-dom.development.js:27628:9)
      at scheduleUpdateOnFiber 
(node_modules/react-dom/cjs/react-dom.development.js:25547:5)
      at dispatchSetState 
(node_modules/react-dom/cjs/react-dom.development.js:16708:7)
      at cancelChanges 
(src/submissions/SubmissionTabs/SubmissionTabs.tsx:212:9)
      at HTMLUnknownElement.callCallback 
(node_modules/react-dom/cjs/react-dom.development.js:4164:14)
      at HTMLUnknownElement.callTheUserObjectsOperation 
(node_modules/jsdom/lib/jsdom/living/generated/EventListener.js:26:30)
      at innerInvokeEventListeners 
(node_modules/jsdom/lib/jsdom/living/events/EventTarget-impl.js:350:25)
      at invokeEventListeners 
(node_modules/jsdom/lib/jsdom/living/events/EventTarget-impl.js:286:3)
      at HTMLUnknownElementImpl._dispatch 
(node_modules/jsdom/lib/jsdom/living/events/EventTarget-impl.js:233:9)
      at HTMLUnknownElementImpl.dispatchEvent 
(node_modules/jsdom/lib/jsdom/living/events/EventTarget-impl.js:104:17)
      at HTMLUnknownElement.dispatchEvent 
(node_modules/jsdom/lib/jsdom/living/generated/EventTarget.js:241:34)
      at Object.invokeGuardedCallbackDev 
(node_modules/react-dom/cjs/react-dom.development.js:4213:16)
      at invokeGuardedCallback 
(node_modules/react-dom/cjs/react-dom.development.js:4277:31)
      at invokeGuardedCallbackAndCatchFirstError 
(node_modules/react-dom/cjs/react-dom.development.js:4291:25)
      at executeDispatch 
(node_modules/react-dom/cjs/react-dom.development.js:9041:3)
      at processDispatchQueueItemsInOrder 
(node_modules/react-dom/cjs/react-dom.development.js:9073:7)
      at processDispatchQueue 
(node_modules/react-dom/cjs/react-dom.development.js:9086:5)
      at dispatchEventsForPlugins 
(node_modules/react-dom/cjs/react-dom.development.js:9097:3)
      at node_modules/react-dom/cjs/react-dom.development.js:9288:12
      at batchedUpdates$1 
(node_modules/react-dom/cjs/react-dom.development.js:26179:12)
      at batchedUpdates 
(node_modules/react-dom/cjs/react-dom.development.js:3991:12)
      at dispatchEventForPluginEventSystem 
(node_modules/react-dom/cjs/react-dom.development.js:9287:3)
      at dispatchEventWithEnableCapturePhaseSelectiveHydrationWithoutDiscreteEv
entReplay (node_modules/react-dom/cjs/react-dom.development.js:6465:5)
      at dispatchEvent 
(node_modules/react-dom/cjs/react-dom.development.js:6457:5)
      at dispatchDiscreteEvent 
(node_modules/react-dom/cjs/react-dom.development.js:6430:5)
      at HTMLDivElement.callTheUserObjectsOperation 
(node_modules/jsdom/lib/jsdom/living/generated/EventListener.js:26:30)
      at innerInvokeEventListeners 
(node_modules/jsdom/lib/jsdom/living/events/EventTarget-impl.js:350:25)
      at invokeEventListeners 
(node_modules/jsdom/lib/jsdom/living/events/EventTarget-impl.js:286:3)
      at HTMLButtonElementImpl._dispatch 
(node_modules/jsdom/lib/jsdom/living/events/EventTarget-impl.js:233:9)
      at HTMLButtonElementImpl.dispatchEvent 
(node_modules/jsdom/lib/jsdom/living/events/EventTarget-impl.js:104:17)
      at HTMLButtonElement.dispatchEvent 
(node_modules/jsdom/lib/jsdom/living/generated/EventTarget.js:241:34)
      at 
node_modules/@testing-library/user-event/dist/cjs/event/dispatchEvent.js:45:43
      at Object.eventWrapper 
(node_modules/@testing-library/dom/dist/config.js:25:23)
      at Object.wrapEvent 
(node_modules/@testing-library/user-event/dist/cjs/event/wrapEvent.js:6:28)
      at Object.dispatchEvent (node_modules/@testing-library/user-event/dist/cj
s/event/dispatchEvent.js:45:22)
      at Object.dispatchUIEvent (node_modules/@testing-library/user-event/dist/
cjs/event/dispatchEvent.js:22:26)
      at Mouse.up (node_modules/@testing-library/user-event/dist/cjs/system/poi
nter/mouse.js:100:30)
      at PointerHost.release (node_modules/@testing-library/user-event/dist/cjs
/system/pointer/index.js:87:24)
      at pointerAction 
(node_modules/@testing-library/user-event/dist/cjs/pointer/index.js:54:47)
      at Object.pointer 
(node_modules/@testing-library/user-event/dist/cjs/pointer/index.js:27:9)
      at Object.<anonymous> 
(src/submissions/SubmissionTabs/__tests__/SubmissionTabs.test.tsx:260:9)

    console.error
      Warning: An update to PlacingBrokingPane inside a test was not wrapped 
in act(...).
      
      When testing, code that causes React state updates should be wrapped 
into act(...):
      
      act(() => {
        /* fire events that update state */
      });
      /* assert on the output */
      
      This ensures that you're testing the behavior the user would see in the 
browser. Learn more at https://reactjs.org/link/wrap-tests-with-act
          at PlacingBrokingPane (C:\Users\samhe\OneDrive\Desktop\Cleaned\fronte
nd\src\submissions\SubmissionTabs\SubmissionTabs.tsx:144:5)
          at div
          at div
          at SubmissionTabs (C:\Users\samhe\OneDrive\Desktop\Cleaned\frontend\s
rc\submissions\SubmissionTabs\SubmissionTabs.tsx:695:5)
          at basenameProp (C:\Users\samhe\OneDrive\Desktop\Cleaned\frontend\nod
e_modules\react-router\lib\components.tsx:421:13)
          at basename (C:\Users\samhe\OneDrive\Desktop\Cleaned\frontend\node_mo
dules\react-router\lib\components.tsx:225:3)

      211 |         setBrokerCompanyId(savedCompanyId)
      212 |         setBrokerIndividualName(savedIndividualName)
    > 213 |         setError(null)
          |         ^
      214 |     }
      215 |
      216 |     useEffect(() => {

      at printWarning 
(node_modules/react-dom/cjs/react-dom.development.js:86:30)
      at error (node_modules/react-dom/cjs/react-dom.development.js:60:7)
      at warnIfUpdatesNotWrappedWithActDEV 
(node_modules/react-dom/cjs/react-dom.development.js:27628:9)
      at scheduleUpdateOnFiber 
(node_modules/react-dom/cjs/react-dom.development.js:25547:5)
      at dispatchSetState 
(node_modules/react-dom/cjs/react-dom.development.js:16708:7)
      at cancelChanges 
(src/submissions/SubmissionTabs/SubmissionTabs.tsx:213:9)
      at HTMLUnknownElement.callCallback 
(node_modules/react-dom/cjs/react-dom.development.js:4164:14)
      at HTMLUnknownElement.callTheUserObjectsOperation 
(node_modules/jsdom/lib/jsdom/living/generated/EventListener.js:26:30)
      at innerInvokeEventListeners 
(node_modules/jsdom/lib/jsdom/living/events/EventTarget-impl.js:350:25)
      at invokeEventListeners 
(node_modules/jsdom/lib/jsdom/living/events/EventTarget-impl.js:286:3)
      at HTMLUnknownElementImpl._dispatch 
(node_modules/jsdom/lib/jsdom/living/events/EventTarget-impl.js:233:9)
      at HTMLUnknownElementImpl.dispatchEvent 
(node_modules/jsdom/lib/jsdom/living/events/EventTarget-impl.js:104:17)
      at HTMLUnknownElement.dispatchEvent 
(node_modules/jsdom/lib/jsdom/living/generated/EventTarget.js:241:34)
      at Object.invokeGuardedCallbackDev 
(node_modules/react-dom/cjs/react-dom.development.js:4213:16)
      at invokeGuardedCallback 
(node_modules/react-dom/cjs/react-dom.development.js:4277:31)
      at invokeGuardedCallbackAndCatchFirstError 
(node_modules/react-dom/cjs/react-dom.development.js:4291:25)
      at executeDispatch 
(node_modules/react-dom/cjs/react-dom.development.js:9041:3)
      at processDispatchQueueItemsInOrder 
(node_modules/react-dom/cjs/react-dom.development.js:9073:7)
      at processDispatchQueue 
(node_modules/react-dom/cjs/react-dom.development.js:9086:5)
      at dispatchEventsForPlugins 
(node_modules/react-dom/cjs/react-dom.development.js:9097:3)
      at node_modules/react-dom/cjs/react-dom.development.js:9288:12
      at batchedUpdates$1 
(node_modules/react-dom/cjs/react-dom.development.js:26179:12)
      at batchedUpdates 
(node_modules/react-dom/cjs/react-dom.development.js:3991:12)
      at dispatchEventForPluginEventSystem 
(node_modules/react-dom/cjs/react-dom.development.js:9287:3)
      at dispatchEventWithEnableCapturePhaseSelectiveHydrationWithoutDiscreteEv
entReplay (node_modules/react-dom/cjs/react-dom.development.js:6465:5)
      at dispatchEvent 
(node_modules/react-dom/cjs/react-dom.development.js:6457:5)
      at dispatchDiscreteEvent 
(node_modules/react-dom/cjs/react-dom.development.js:6430:5)
      at HTMLDivElement.callTheUserObjectsOperation 
(node_modules/jsdom/lib/jsdom/living/generated/EventListener.js:26:30)
      at innerInvokeEventListeners 
(node_modules/jsdom/lib/jsdom/living/events/EventTarget-impl.js:350:25)
      at invokeEventListeners 
(node_modules/jsdom/lib/jsdom/living/events/EventTarget-impl.js:286:3)
      at HTMLButtonElementImpl._dispatch 
(node_modules/jsdom/lib/jsdom/living/events/EventTarget-impl.js:233:9)
      at HTMLButtonElementImpl.dispatchEvent 
(node_modules/jsdom/lib/jsdom/living/events/EventTarget-impl.js:104:17)
      at HTMLButtonElement.dispatchEvent 
(node_modules/jsdom/lib/jsdom/living/generated/EventTarget.js:241:34)
      at 
node_modules/@testing-library/user-event/dist/cjs/event/dispatchEvent.js:45:43
      at Object.eventWrapper 
(node_modules/@testing-library/dom/dist/config.js:25:23)
      at Object.wrapEvent 
(node_modules/@testing-library/user-event/dist/cjs/event/wrapEvent.js:6:28)
      at Object.dispatchEvent (node_modules/@testing-library/user-event/dist/cj
s/event/dispatchEvent.js:45:22)
      at Object.dispatchUIEvent (node_modules/@testing-library/user-event/dist/
cjs/event/dispatchEvent.js:22:26)
      at Mouse.up (node_modules/@testing-library/user-event/dist/cjs/system/poi
nter/mouse.js:100:30)
      at PointerHost.release (node_modules/@testing-library/user-event/dist/cjs
/system/pointer/index.js:87:24)
      at pointerAction 
(node_modules/@testing-library/user-event/dist/cjs/pointer/index.js:54:47)
      at Object.pointer 
(node_modules/@testing-library/user-event/dist/cjs/pointer/index.js:27:9)
      at Object.<anonymous> 
(src/submissions/SubmissionTabs/__tests__/SubmissionTabs.test.tsx:260:9)

    console.error
      Warning: An update to PlacingBrokingPane inside a test was not wrapped 
in act(...).
      
      When testing, code that causes React state updates should be wrapped 
into act(...):
      
      act(() => {
        /* fire events that update state */
      });
      /* assert on the output */
      
      This ensures that you're testing the behavior the user would see in the 
browser. Learn more at https://reactjs.org/link/wrap-tests-with-act
          at PlacingBrokingPane (C:\Users\samhe\OneDrive\Desktop\Cleaned\fronte
nd\src\submissions\SubmissionTabs\SubmissionTabs.tsx:144:5)
          at div
          at div
          at SubmissionTabs (C:\Users\samhe\OneDrive\Desktop\Cleaned\frontend\s
rc\submissions\SubmissionTabs\SubmissionTabs.tsx:695:5)
          at basenameProp (C:\Users\samhe\OneDrive\Desktop\Cleaned\frontend\nod
e_modules\react-router\lib\components.tsx:421:13)
          at basename (C:\Users\samhe\OneDrive\Desktop\Cleaned\frontend\node_mo
dules\react-router\lib\components.tsx:225:3)

      259 |                         value={brokerIndividualName}
      260 |                         disabled={isEditLocked}
    > 261 |                         onChange={(e) => 
setBrokerIndividualName(e.target.value)}
          |                                          ^
      262 |                         className="w-full border border-gray-300 
rounded px-3 py-2 text-sm disabled:bg-gray-100 disabled:text-gray-500 
disabled:cursor-not-allowed"
      263 |                     />
      264 |                 </div>

      at printWarning 
(node_modules/react-dom/cjs/react-dom.development.js:86:30)
      at error (node_modules/react-dom/cjs/react-dom.development.js:60:7)
      at warnIfUpdatesNotWrappedWithActDEV 
(node_modules/react-dom/cjs/react-dom.development.js:27628:9)
      at scheduleUpdateOnFiber 
(node_modules/react-dom/cjs/react-dom.development.js:25547:5)
      at dispatchSetState 
(node_modules/react-dom/cjs/react-dom.development.js:16708:7)
      at onChange (src/submissions/SubmissionTabs/SubmissionTabs.tsx:261:42)
      at HTMLUnknownElement.callCallback 
(node_modules/react-dom/cjs/react-dom.development.js:4164:14)
      at HTMLUnknownElement.callTheUserObjectsOperation 
(node_modules/jsdom/lib/jsdom/living/generated/EventListener.js:26:30)
      at innerInvokeEventListeners 
(node_modules/jsdom/lib/jsdom/living/events/EventTarget-impl.js:350:25)
      at invokeEventListeners 
(node_modules/jsdom/lib/jsdom/living/events/EventTarget-impl.js:286:3)
      at HTMLUnknownElementImpl._dispatch 
(node_modules/jsdom/lib/jsdom/living/events/EventTarget-impl.js:233:9)
      at HTMLUnknownElementImpl.dispatchEvent 
(node_modules/jsdom/lib/jsdom/living/events/EventTarget-impl.js:104:17)
      at HTMLUnknownElement.dispatchEvent 
(node_modules/jsdom/lib/jsdom/living/generated/EventTarget.js:241:34)
      at Object.invokeGuardedCallbackDev 
(node_modules/react-dom/cjs/react-dom.development.js:4213:16)
      at invokeGuardedCallback 
(node_modules/react-dom/cjs/react-dom.development.js:4277:31)
      at invokeGuardedCallbackAndCatchFirstError 
(node_modules/react-dom/cjs/react-dom.development.js:4291:25)
      at executeDispatch 
(node_modules/react-dom/cjs/react-dom.development.js:9041:3)
      at processDispatchQueueItemsInOrder 
(node_modules/react-dom/cjs/react-dom.development.js:9073:7)
      at processDispatchQueue 
(node_modules/react-dom/cjs/react-dom.development.js:9086:5)
      at dispatchEventsForPlugins 
(node_modules/react-dom/cjs/react-dom.development.js:9097:3)
      at node_modules/react-dom/cjs/react-dom.development.js:9288:12
      at batchedUpdates$1 
(node_modules/react-dom/cjs/react-dom.development.js:26179:12)
      at batchedUpdates 
(node_modules/react-dom/cjs/react-dom.development.js:3991:12)
      at dispatchEventForPluginEventSystem 
(node_modules/react-dom/cjs/react-dom.development.js:9287:3)
      at dispatchEventWithEnableCapturePhaseSelectiveHydrationWithoutDiscreteEv
entReplay (node_modules/react-dom/cjs/react-dom.development.js:6465:5)
      at dispatchEvent 
(node_modules/react-dom/cjs/react-dom.development.js:6457:5)
      at dispatchDiscreteEvent 
(node_modules/react-dom/cjs/react-dom.development.js:6430:5)
      at HTMLDivElement.callTheUserObjectsOperation 
(node_modules/jsdom/lib/jsdom/living/generated/EventListener.js:26:30)
      at innerInvokeEventListeners 
(node_modules/jsdom/lib/jsdom/living/events/EventTarget-impl.js:350:25)
      at invokeEventListeners 
(node_modules/jsdom/lib/jsdom/living/events/EventTarget-impl.js:286:3)
      at HTMLInputElementImpl._dispatch 
(node_modules/jsdom/lib/jsdom/living/events/EventTarget-impl.js:233:9)
      at HTMLInputElementImpl.dispatchEvent 
(node_modules/jsdom/lib/jsdom/living/events/EventTarget-impl.js:104:17)
      at HTMLInputElement.dispatchEvent 
(node_modules/jsdom/lib/jsdom/living/generated/EventTarget.js:241:34)
      at 
node_modules/@testing-library/user-event/dist/cjs/event/dispatchEvent.js:45:43
      at Object.eventWrapper 
(node_modules/@testing-library/dom/dist/config.js:25:23)
      at Object.wrapEvent 
(node_modules/@testing-library/user-event/dist/cjs/event/wrapEvent.js:6:28)
      at Object.dispatchEvent (node_modules/@testing-library/user-event/dist/cj
s/event/dispatchEvent.js:45:22)
      at Object.dispatchUIEvent (node_modules/@testing-library/user-event/dist/
cjs/event/dispatchEvent.js:22:26)
      at commitInput 
(node_modules/@testing-library/user-event/dist/cjs/event/input.js:145:14)
      at editInputElement 
(node_modules/@testing-library/user-event/dist/cjs/event/input.js:115:9)
      at Object.input 
(node_modules/@testing-library/user-event/dist/cjs/event/input.js:37:9)
      at Object.clear 
(node_modules/@testing-library/user-event/dist/cjs/utility/clear.js:29:11)
      at node_modules/@testing-library/user-event/dist/cjs/setup/setup.js:85:45
      at Object.asyncWrapper 
(node_modules/@testing-library/dom/dist/config.js:23:23)
      at Object.wrapAsync 
(node_modules/@testing-library/user-event/dist/cjs/setup/wrapAsync.js:8:28)
      at Object.method [as clear] 
(node_modules/@testing-library/user-event/dist/cjs/setup/setup.js:85:26)
      at Object.<anonymous> 
(src/submissions/SubmissionTabs/__tests__/SubmissionTabs.test.tsx:270:20)

    console.error
      Warning: An update to PlacingBrokingPane inside a test was not wrapped 
in act(...).
      
      When testing, code that causes React state updates should be wrapped 
into act(...):
      
      act(() => {
        /* fire events that update state */
      });
      /* assert on the output */
      
      This ensures that you're testing the behavior the user would see in the 
browser. Learn more at https://reactjs.org/link/wrap-tests-with-act
          at PlacingBrokingPane (C:\Users\samhe\OneDrive\Desktop\Cleaned\fronte
nd\src\submissions\SubmissionTabs\SubmissionTabs.tsx:144:5)
          at div
          at div
          at SubmissionTabs (C:\Users\samhe\OneDrive\Desktop\Cleaned\frontend\s
rc\submissions\SubmissionTabs\SubmissionTabs.tsx:695:5)
          at basenameProp (C:\Users\samhe\OneDrive\Desktop\Cleaned\frontend\nod
e_modules\react-router\lib\components.tsx:421:13)
          at basename (C:\Users\samhe\OneDrive\Desktop\Cleaned\frontend\node_mo
dules\react-router\lib\components.tsx:225:3)

      259 |                         value={brokerIndividualName}
      260 |                         disabled={isEditLocked}
    > 261 |                         onChange={(e) => 
setBrokerIndividualName(e.target.value)}
          |                                          ^
      262 |                         className="w-full border border-gray-300 
rounded px-3 py-2 text-sm disabled:bg-gray-100 disabled:text-gray-500 
disabled:cursor-not-allowed"
      263 |                     />
      264 |                 </div>

      at printWarning 
(node_modules/react-dom/cjs/react-dom.development.js:86:30)
      at error (node_modules/react-dom/cjs/react-dom.development.js:60:7)
      at warnIfUpdatesNotWrappedWithActDEV 
(node_modules/react-dom/cjs/react-dom.development.js:27628:9)
      at scheduleUpdateOnFiber 
(node_modules/react-dom/cjs/react-dom.development.js:25547:5)
      at dispatchSetState 
(node_modules/react-dom/cjs/react-dom.development.js:16708:7)
      at onChange (src/submissions/SubmissionTabs/SubmissionTabs.tsx:261:42)
      at HTMLUnknownElement.callCallback 
(node_modules/react-dom/cjs/react-dom.development.js:4164:14)
      at HTMLUnknownElement.callTheUserObjectsOperation 
(node_modules/jsdom/lib/jsdom/living/generated/EventListener.js:26:30)
      at innerInvokeEventListeners 
(node_modules/jsdom/lib/jsdom/living/events/EventTarget-impl.js:350:25)
      at invokeEventListeners 
(node_modules/jsdom/lib/jsdom/living/events/EventTarget-impl.js:286:3)
      at HTMLUnknownElementImpl._dispatch 
(node_modules/jsdom/lib/jsdom/living/events/EventTarget-impl.js:233:9)
      at HTMLUnknownElementImpl.dispatchEvent 
(node_modules/jsdom/lib/jsdom/living/events/EventTarget-impl.js:104:17)
      at HTMLUnknownElement.dispatchEvent 
(node_modules/jsdom/lib/jsdom/living/generated/EventTarget.js:241:34)
      at Object.invokeGuardedCallbackDev 
(node_modules/react-dom/cjs/react-dom.development.js:4213:16)
      at invokeGuardedCallback 
(node_modules/react-dom/cjs/react-dom.development.js:4277:31)
      at invokeGuardedCallbackAndCatchFirstError 
(node_modules/react-dom/cjs/react-dom.development.js:4291:25)
      at executeDispatch 
(node_modules/react-dom/cjs/react-dom.development.js:9041:3)
      at processDispatchQueueItemsInOrder 
(node_modules/react-dom/cjs/react-dom.development.js:9073:7)
      at processDispatchQueue 
(node_modules/react-dom/cjs/react-dom.development.js:9086:5)
      at dispatchEventsForPlugins 
(node_modules/react-dom/cjs/react-dom.development.js:9097:3)
      at node_modules/react-dom/cjs/react-dom.development.js:9288:12
      at batchedUpdates$1 
(node_modules/react-dom/cjs/react-dom.development.js:26179:12)
      at batchedUpdates 
(node_modules/react-dom/cjs/react-dom.development.js:3991:12)
      at dispatchEventForPluginEventSystem 
(node_modules/react-dom/cjs/react-dom.development.js:9287:3)
      at dispatchEventWithEnableCapturePhaseSelectiveHydrationWithoutDiscreteEv
entReplay (node_modules/react-dom/cjs/react-dom.development.js:6465:5)
      at dispatchEvent 
(node_modules/react-dom/cjs/react-dom.development.js:6457:5)
      at dispatchDiscreteEvent 
(node_modules/react-dom/cjs/react-dom.development.js:6430:5)
      at HTMLDivElement.callTheUserObjectsOperation 
(node_modules/jsdom/lib/jsdom/living/generated/EventListener.js:26:30)
      at innerInvokeEventListeners 
(node_modules/jsdom/lib/jsdom/living/events/EventTarget-impl.js:350:25)
      at invokeEventListeners 
(node_modules/jsdom/lib/jsdom/living/events/EventTarget-impl.js:286:3)
      at HTMLInputElementImpl._dispatch 
(node_modules/jsdom/lib/jsdom/living/events/EventTarget-impl.js:233:9)
      at HTMLInputElementImpl.dispatchEvent 
(node_modules/jsdom/lib/jsdom/living/events/EventTarget-impl.js:104:17)
      at HTMLInputElement.dispatchEvent 
(node_modules/jsdom/lib/jsdom/living/generated/EventTarget.js:241:34)
      at 
node_modules/@testing-library/user-event/dist/cjs/event/dispatchEvent.js:45:43
      at Object.eventWrapper 
(node_modules/@testing-library/dom/dist/config.js:25:23)
      at Object.wrapEvent 
(node_modules/@testing-library/user-event/dist/cjs/event/wrapEvent.js:6:28)
      at Object.dispatchEvent (node_modules/@testing-library/user-event/dist/cj
s/event/dispatchEvent.js:45:22)
      at Object.dispatchUIEvent (node_modules/@testing-library/user-event/dist/
cjs/event/dispatchEvent.js:22:26)
      at commitInput 
(node_modules/@testing-library/user-event/dist/cjs/event/input.js:145:14)
      at editInputElement 
(node_modules/@testing-library/user-event/dist/cjs/event/input.js:115:9)
      at Object.input 
(node_modules/@testing-library/user-event/dist/cjs/event/input.js:37:9)
      at node_modules/@testing-library/user-event/dist/cjs/event/behavior/keypr
ess.js:31:26
      at Object.dispatchEvent (node_modules/@testing-library/user-event/dist/cj
s/event/dispatchEvent.js:41:13)
      at Object.dispatchUIEvent (node_modules/@testing-library/user-event/dist/
cjs/event/dispatchEvent.js:22:26)
      at KeyboardHost.keydown 
(node_modules/@testing-library/user-event/dist/cjs/system/keyboard.js:76:22)
      at keyboardAction 
(node_modules/@testing-library/user-event/dist/cjs/keyboard/index.js:22:35)
      at Object.keyboard 
(node_modules/@testing-library/user-event/dist/cjs/keyboard/index.js:11:15)
      at Object.type 
(node_modules/@testing-library/user-event/dist/cjs/utility/type.js:17:5)
      at Object.<anonymous> 
(src/submissions/SubmissionTabs/__tests__/SubmissionTabs.test.tsx:271:9)

    console.error
      Warning: An update to PlacingBrokingPane inside a test was not wrapped 
in act(...).
      
      When testing, code that causes React state updates should be wrapped 
into act(...):
      
      act(() => {
        /* fire events that update state */
      });
      /* assert on the output */
      
      This ensures that you're testing the behavior the user would see in the 
browser. Learn more at https://reactjs.org/link/wrap-tests-with-act
          at PlacingBrokingPane (C:\Users\samhe\OneDrive\Desktop\Cleaned\fronte
nd\src\submissions\SubmissionTabs\SubmissionTabs.tsx:144:5)
          at div
          at div
          at SubmissionTabs (C:\Users\samhe\OneDrive\Desktop\Cleaned\frontend\s
rc\submissions\SubmissionTabs\SubmissionTabs.tsx:695:5)
          at basenameProp (C:\Users\samhe\OneDrive\Desktop\Cleaned\frontend\nod
e_modules\react-router\lib\components.tsx:421:13)
          at basename (C:\Users\samhe\OneDrive\Desktop\Cleaned\frontend\node_mo
dules\react-router\lib\components.tsx:225:3)

      259 |                         value={brokerIndividualName}
      260 |                         disabled={isEditLocked}
    > 261 |                         onChange={(e) => 
setBrokerIndividualName(e.target.value)}
          |                                          ^
      262 |                         className="w-full border border-gray-300 
rounded px-3 py-2 text-sm disabled:bg-gray-100 disabled:text-gray-500 
disabled:cursor-not-allowed"
      263 |                     />
      264 |                 </div>

      at printWarning 
(node_modules/react-dom/cjs/react-dom.development.js:86:30)
      at error (node_modules/react-dom/cjs/react-dom.development.js:60:7)
      at warnIfUpdatesNotWrappedWithActDEV 
(node_modules/react-dom/cjs/react-dom.development.js:27628:9)
      at scheduleUpdateOnFiber 
(node_modules/react-dom/cjs/react-dom.development.js:25547:5)
      at dispatchSetState 
(node_modules/react-dom/cjs/react-dom.development.js:16708:7)
      at onChange (src/submissions/SubmissionTabs/SubmissionTabs.tsx:261:42)
      at HTMLUnknownElement.callCallback 
(node_modules/react-dom/cjs/react-dom.development.js:4164:14)
      at HTMLUnknownElement.callTheUserObjectsOperation 
(node_modules/jsdom/lib/jsdom/living/generated/EventListener.js:26:30)
      at innerInvokeEventListeners 
(node_modules/jsdom/lib/jsdom/living/events/EventTarget-impl.js:350:25)
      at invokeEventListeners 
(node_modules/jsdom/lib/jsdom/living/events/EventTarget-impl.js:286:3)
      at HTMLUnknownElementImpl._dispatch 
(node_modules/jsdom/lib/jsdom/living/events/EventTarget-impl.js:233:9)
      at HTMLUnknownElementImpl.dispatchEvent 
(node_modules/jsdom/lib/jsdom/living/events/EventTarget-impl.js:104:17)
      at HTMLUnknownElement.dispatchEvent 
(node_modules/jsdom/lib/jsdom/living/generated/EventTarget.js:241:34)
      at Object.invokeGuardedCallbackDev 
(node_modules/react-dom/cjs/react-dom.development.js:4213:16)
      at invokeGuardedCallback 
(node_modules/react-dom/cjs/react-dom.development.js:4277:31)
      at invokeGuardedCallbackAndCatchFirstError 
(node_modules/react-dom/cjs/react-dom.development.js:4291:25)
      at executeDispatch 
(node_modules/react-dom/cjs/react-dom.development.js:9041:3)
      at processDispatchQueueItemsInOrder 
(node_modules/react-dom/cjs/react-dom.development.js:9073:7)
      at processDispatchQueue 
(node_modules/react-dom/cjs/react-dom.development.js:9086:5)
      at dispatchEventsForPlugins 
(node_modules/react-dom/cjs/react-dom.development.js:9097:3)
      at node_modules/react-dom/cjs/react-dom.development.js:9288:12
      at batchedUpdates$1 
(node_modules/react-dom/cjs/react-dom.development.js:26179:12)
      at batchedUpdates 
(node_modules/react-dom/cjs/react-dom.development.js:3991:12)
      at dispatchEventForPluginEventSystem 
(node_modules/react-dom/cjs/react-dom.development.js:9287:3)
      at dispatchEventWithEnableCapturePhaseSelectiveHydrationWithoutDiscreteEv
entReplay (node_modules/react-dom/cjs/react-dom.development.js:6465:5)
      at dispatchEvent 
(node_modules/react-dom/cjs/react-dom.development.js:6457:5)
      at dispatchDiscreteEvent 
(node_modules/react-dom/cjs/react-dom.development.js:6430:5)
      at HTMLDivElement.callTheUserObjectsOperation 
(node_modules/jsdom/lib/jsdom/living/generated/EventListener.js:26:30)
      at innerInvokeEventListeners 
(node_modules/jsdom/lib/jsdom/living/events/EventTarget-impl.js:350:25)
      at invokeEventListeners 
(node_modules/jsdom/lib/jsdom/living/events/EventTarget-impl.js:286:3)
      at HTMLInputElementImpl._dispatch 
(node_modules/jsdom/lib/jsdom/living/events/EventTarget-impl.js:233:9)
      at HTMLInputElementImpl.dispatchEvent 
(node_modules/jsdom/lib/jsdom/living/events/EventTarget-impl.js:104:17)
      at HTMLInputElement.dispatchEvent 
(node_modules/jsdom/lib/jsdom/living/generated/EventTarget.js:241:34)
      at 
node_modules/@testing-library/user-event/dist/cjs/event/dispatchEvent.js:45:43
      at Object.eventWrapper 
(node_modules/@testing-library/dom/dist/config.js:25:23)
      at Object.wrapEvent 
(node_modules/@testing-library/user-event/dist/cjs/event/wrapEvent.js:6:28)
      at Object.dispatchEvent (node_modules/@testing-library/user-event/dist/cj
s/event/dispatchEvent.js:45:22)
      at Object.dispatchUIEvent (node_modules/@testing-library/user-event/dist/
cjs/event/dispatchEvent.js:22:26)
      at commitInput 
(node_modules/@testing-library/user-event/dist/cjs/event/input.js:145:14)
      at editInputElement 
(node_modules/@testing-library/user-event/dist/cjs/event/input.js:115:9)
      at Object.input 
(node_modules/@testing-library/user-event/dist/cjs/event/input.js:37:9)
      at node_modules/@testing-library/user-event/dist/cjs/event/behavior/keypr
ess.js:31:26
      at Object.dispatchEvent (node_modules/@testing-library/user-event/dist/cj
s/event/dispatchEvent.js:41:13)
      at Object.dispatchUIEvent (node_modules/@testing-library/user-event/dist/
cjs/event/dispatchEvent.js:22:26)
      at KeyboardHost.keydown 
(node_modules/@testing-library/user-event/dist/cjs/system/keyboard.js:76:22)
      at keyboardAction 
(node_modules/@testing-library/user-event/dist/cjs/keyboard/index.js:22:35)
      at Object.keyboard 
(node_modules/@testing-library/user-event/dist/cjs/keyboard/index.js:11:15)
      at Object.type 
(node_modules/@testing-library/user-event/dist/cjs/utility/type.js:17:5)
      at Object.<anonymous> 
(src/submissions/SubmissionTabs/__tests__/SubmissionTabs.test.tsx:271:9)

    console.error
      Warning: An update to PlacingBrokingPane inside a test was not wrapped 
in act(...).
      
      When testing, code that causes React state updates should be wrapped 
into act(...):
      
      act(() => {
        /* fire events that update state */
      });
      /* assert on the output */
      
      This ensures that you're testing the behavior the user would see in the 
browser. Learn more at https://reactjs.org/link/wrap-tests-with-act
          at PlacingBrokingPane (C:\Users\samhe\OneDrive\Desktop\Cleaned\fronte
nd\src\submissions\SubmissionTabs\SubmissionTabs.tsx:144:5)
          at div
          at div
          at SubmissionTabs (C:\Users\samhe\OneDrive\Desktop\Cleaned\frontend\s
rc\submissions\SubmissionTabs\SubmissionTabs.tsx:695:5)
          at basenameProp (C:\Users\samhe\OneDrive\Desktop\Cleaned\frontend\nod
e_modules\react-router\lib\components.tsx:421:13)
          at basename (C:\Users\samhe\OneDrive\Desktop\Cleaned\frontend\node_mo
dules\react-router\lib\components.tsx:225:3)

      259 |                         value={brokerIndividualName}
      260 |                         disabled={isEditLocked}
    > 261 |                         onChange={(e) => 
setBrokerIndividualName(e.target.value)}
          |                                          ^
      262 |                         className="w-full border border-gray-300 
rounded px-3 py-2 text-sm disabled:bg-gray-100 disabled:text-gray-500 
disabled:cursor-not-allowed"
      263 |                     />
      264 |                 </div>

      at printWarning 
(node_modules/react-dom/cjs/react-dom.development.js:86:30)
      at error (node_modules/react-dom/cjs/react-dom.development.js:60:7)
      at warnIfUpdatesNotWrappedWithActDEV 
(node_modules/react-dom/cjs/react-dom.development.js:27628:9)
      at scheduleUpdateOnFiber 
(node_modules/react-dom/cjs/react-dom.development.js:25547:5)
      at dispatchSetState 
(node_modules/react-dom/cjs/react-dom.development.js:16708:7)
      at onChange (src/submissions/SubmissionTabs/SubmissionTabs.tsx:261:42)
      at HTMLUnknownElement.callCallback 
(node_modules/react-dom/cjs/react-dom.development.js:4164:14)
      at HTMLUnknownElement.callTheUserObjectsOperation 
(node_modules/jsdom/lib/jsdom/living/generated/EventListener.js:26:30)
      at innerInvokeEventListeners 
(node_modules/jsdom/lib/jsdom/living/events/EventTarget-impl.js:350:25)
      at invokeEventListeners 
(node_modules/jsdom/lib/jsdom/living/events/EventTarget-impl.js:286:3)
      at HTMLUnknownElementImpl._dispatch 
(node_modules/jsdom/lib/jsdom/living/events/EventTarget-impl.js:233:9)
      at HTMLUnknownElementImpl.dispatchEvent 
(node_modules/jsdom/lib/jsdom/living/events/EventTarget-impl.js:104:17)
      at HTMLUnknownElement.dispatchEvent 
(node_modules/jsdom/lib/jsdom/living/generated/EventTarget.js:241:34)
      at Object.invokeGuardedCallbackDev 
(node_modules/react-dom/cjs/react-dom.development.js:4213:16)
      at invokeGuardedCallback 
(node_modules/react-dom/cjs/react-dom.development.js:4277:31)
      at invokeGuardedCallbackAndCatchFirstError 
(node_modules/react-dom/cjs/react-dom.development.js:4291:25)
      at executeDispatch 
(node_modules/react-dom/cjs/react-dom.development.js:9041:3)
      at processDispatchQueueItemsInOrder 
(node_modules/react-dom/cjs/react-dom.development.js:9073:7)
      at processDispatchQueue 
(node_modules/react-dom/cjs/react-dom.development.js:9086:5)
      at dispatchEventsForPlugins 
(node_modules/react-dom/cjs/react-dom.development.js:9097:3)
      at node_modules/react-dom/cjs/react-dom.development.js:9288:12
      at batchedUpdates$1 
(node_modules/react-dom/cjs/react-dom.development.js:26179:12)
      at batchedUpdates 
(node_modules/react-dom/cjs/react-dom.development.js:3991:12)
      at dispatchEventForPluginEventSystem 
(node_modules/react-dom/cjs/react-dom.development.js:9287:3)
      at dispatchEventWithEnableCapturePhaseSelectiveHydrationWithoutDiscreteEv
entReplay (node_modules/react-dom/cjs/react-dom.development.js:6465:5)
      at dispatchEvent 
(node_modules/react-dom/cjs/react-dom.development.js:6457:5)
      at dispatchDiscreteEvent 
(node_modules/react-dom/cjs/react-dom.development.js:6430:5)
      at HTMLDivElement.callTheUserObjectsOperation 
(node_modules/jsdom/lib/jsdom/living/generated/EventListener.js:26:30)
      at innerInvokeEventListeners 
(node_modules/jsdom/lib/jsdom/living/events/EventTarget-impl.js:350:25)
      at invokeEventListeners 
(node_modules/jsdom/lib/jsdom/living/events/EventTarget-impl.js:286:3)
      at HTMLInputElementImpl._dispatch 
(node_modules/jsdom/lib/jsdom/living/events/EventTarget-impl.js:233:9)
      at HTMLInputElementImpl.dispatchEvent 
(node_modules/jsdom/lib/jsdom/living/events/EventTarget-impl.js:104:17)
      at HTMLInputElement.dispatchEvent 
(node_modules/jsdom/lib/jsdom/living/generated/EventTarget.js:241:34)
      at 
node_modules/@testing-library/user-event/dist/cjs/event/dispatchEvent.js:45:43
      at Object.eventWrapper 
(node_modules/@testing-library/dom/dist/config.js:25:23)
      at Object.wrapEvent 
(node_modules/@testing-library/user-event/dist/cjs/event/wrapEvent.js:6:28)
      at Object.dispatchEvent (node_modules/@testing-library/user-event/dist/cj
s/event/dispatchEvent.js:45:22)
      at Object.dispatchUIEvent (node_modules/@testing-library/user-event/dist/
cjs/event/dispatchEvent.js:22:26)
      at commitInput 
(node_modules/@testing-library/user-event/dist/cjs/event/input.js:145:14)
      at editInputElement 
(node_modules/@testing-library/user-event/dist/cjs/event/input.js:115:9)
      at Object.input 
(node_modules/@testing-library/user-event/dist/cjs/event/input.js:37:9)
      at node_modules/@testing-library/user-event/dist/cjs/event/behavior/keypr
ess.js:31:26
      at Object.dispatchEvent (node_modules/@testing-library/user-event/dist/cj
s/event/dispatchEvent.js:41:13)
      at Object.dispatchUIEvent (node_modules/@testing-library/user-event/dist/
cjs/event/dispatchEvent.js:22:26)
      at KeyboardHost.keydown 
(node_modules/@testing-library/user-event/dist/cjs/system/keyboard.js:76:22)
      at keyboardAction 
(node_modules/@testing-library/user-event/dist/cjs/keyboard/index.js:22:35)
      at Object.keyboard 
(node_modules/@testing-library/user-event/dist/cjs/keyboard/index.js:11:15)
      at Object.type 
(node_modules/@testing-library/user-event/dist/cjs/utility/type.js:17:5)
      at Object.<anonymous> 
(src/submissions/SubmissionTabs/__tests__/SubmissionTabs.test.tsx:271:9)

    console.error
      Warning: An update to PlacingBrokingPane inside a test was not wrapped 
in act(...).
      
      When testing, code that causes React state updates should be wrapped 
into act(...):
      
      act(() => {
        /* fire events that update state */
      });
      /* assert on the output */
      
      This ensures that you're testing the behavior the user would see in the 
browser. Learn more at https://reactjs.org/link/wrap-tests-with-act
          at PlacingBrokingPane (C:\Users\samhe\OneDrive\Desktop\Cleaned\fronte
nd\src\submissions\SubmissionTabs\SubmissionTabs.tsx:144:5)
          at div
          at div
          at SubmissionTabs (C:\Users\samhe\OneDrive\Desktop\Cleaned\frontend\s
rc\submissions\SubmissionTabs\SubmissionTabs.tsx:695:5)
          at basenameProp (C:\Users\samhe\OneDrive\Desktop\Cleaned\frontend\nod
e_modules\react-router\lib\components.tsx:421:13)
          at basename (C:\Users\samhe\OneDrive\Desktop\Cleaned\frontend\node_mo
dules\react-router\lib\components.tsx:225:3)

      259 |                         value={brokerIndividualName}
      260 |                         disabled={isEditLocked}
    > 261 |                         onChange={(e) => 
setBrokerIndividualName(e.target.value)}
          |                                          ^
      262 |                         className="w-full border border-gray-300 
rounded px-3 py-2 text-sm disabled:bg-gray-100 disabled:text-gray-500 
disabled:cursor-not-allowed"
      263 |                     />
      264 |                 </div>

      at printWarning 
(node_modules/react-dom/cjs/react-dom.development.js:86:30)
      at error (node_modules/react-dom/cjs/react-dom.development.js:60:7)
      at warnIfUpdatesNotWrappedWithActDEV 
(node_modules/react-dom/cjs/react-dom.development.js:27628:9)
      at scheduleUpdateOnFiber 
(node_modules/react-dom/cjs/react-dom.development.js:25547:5)
      at dispatchSetState 
(node_modules/react-dom/cjs/react-dom.development.js:16708:7)
      at onChange (src/submissions/SubmissionTabs/SubmissionTabs.tsx:261:42)
      at HTMLUnknownElement.callCallback 
(node_modules/react-dom/cjs/react-dom.development.js:4164:14)
      at HTMLUnknownElement.callTheUserObjectsOperation 
(node_modules/jsdom/lib/jsdom/living/generated/EventListener.js:26:30)
      at innerInvokeEventListeners 
(node_modules/jsdom/lib/jsdom/living/events/EventTarget-impl.js:350:25)
      at invokeEventListeners 
(node_modules/jsdom/lib/jsdom/living/events/EventTarget-impl.js:286:3)
      at HTMLUnknownElementImpl._dispatch 
(node_modules/jsdom/lib/jsdom/living/events/EventTarget-impl.js:233:9)
      at HTMLUnknownElementImpl.dispatchEvent 
(node_modules/jsdom/lib/jsdom/living/events/EventTarget-impl.js:104:17)
      at HTMLUnknownElement.dispatchEvent 
(node_modules/jsdom/lib/jsdom/living/generated/EventTarget.js:241:34)
      at Object.invokeGuardedCallbackDev 
(node_modules/react-dom/cjs/react-dom.development.js:4213:16)
      at invokeGuardedCallback 
(node_modules/react-dom/cjs/react-dom.development.js:4277:31)
      at invokeGuardedCallbackAndCatchFirstError 
(node_modules/react-dom/cjs/react-dom.development.js:4291:25)
      at executeDispatch 
(node_modules/react-dom/cjs/react-dom.development.js:9041:3)
      at processDispatchQueueItemsInOrder 
(node_modules/react-dom/cjs/react-dom.development.js:9073:7)
      at processDispatchQueue 
(node_modules/react-dom/cjs/react-dom.development.js:9086:5)
      at dispatchEventsForPlugins 
(node_modules/react-dom/cjs/react-dom.development.js:9097:3)
      at node_modules/react-dom/cjs/react-dom.development.js:9288:12
      at batchedUpdates$1 
(node_modules/react-dom/cjs/react-dom.development.js:26179:12)
      at batchedUpdates 
(node_modules/react-dom/cjs/react-dom.development.js:3991:12)
      at dispatchEventForPluginEventSystem 
(node_modules/react-dom/cjs/react-dom.development.js:9287:3)
      at dispatchEventWithEnableCapturePhaseSelectiveHydrationWithoutDiscreteEv
entReplay (node_modules/react-dom/cjs/react-dom.development.js:6465:5)
      at dispatchEvent 
(node_modules/react-dom/cjs/react-dom.development.js:6457:5)
      at dispatchDiscreteEvent 
(node_modules/react-dom/cjs/react-dom.development.js:6430:5)
      at HTMLDivElement.callTheUserObjectsOperation 
(node_modules/jsdom/lib/jsdom/living/generated/EventListener.js:26:30)
      at innerInvokeEventListeners 
(node_modules/jsdom/lib/jsdom/living/events/EventTarget-impl.js:350:25)
      at invokeEventListeners 
(node_modules/jsdom/lib/jsdom/living/events/EventTarget-impl.js:286:3)
      at HTMLInputElementImpl._dispatch 
(node_modules/jsdom/lib/jsdom/living/events/EventTarget-impl.js:233:9)
      at HTMLInputElementImpl.dispatchEvent 
(node_modules/jsdom/lib/jsdom/living/events/EventTarget-impl.js:104:17)
      at HTMLInputElement.dispatchEvent 
(node_modules/jsdom/lib/jsdom/living/generated/EventTarget.js:241:34)
      at 
node_modules/@testing-library/user-event/dist/cjs/event/dispatchEvent.js:45:43
      at Object.eventWrapper 
(node_modules/@testing-library/dom/dist/config.js:25:23)
      at Object.wrapEvent 
(node_modules/@testing-library/user-event/dist/cjs/event/wrapEvent.js:6:28)
      at Object.dispatchEvent (node_modules/@testing-library/user-event/dist/cj
s/event/dispatchEvent.js:45:22)
      at Object.dispatchUIEvent (node_modules/@testing-library/user-event/dist/
cjs/event/dispatchEvent.js:22:26)
      at commitInput 
(node_modules/@testing-library/user-event/dist/cjs/event/input.js:145:14)
      at editInputElement 
(node_modules/@testing-library/user-event/dist/cjs/event/input.js:115:9)
      at Object.input 
(node_modules/@testing-library/user-event/dist/cjs/event/input.js:37:9)
      at node_modules/@testing-library/user-event/dist/cjs/event/behavior/keypr
ess.js:31:26
      at Object.dispatchEvent (node_modules/@testing-library/user-event/dist/cj
s/event/dispatchEvent.js:41:13)
      at Object.dispatchUIEvent (node_modules/@testing-library/user-event/dist/
cjs/event/dispatchEvent.js:22:26)
      at KeyboardHost.keydown 
(node_modules/@testing-library/user-event/dist/cjs/system/keyboard.js:76:22)
      at keyboardAction 
(node_modules/@testing-library/user-event/dist/cjs/keyboard/index.js:22:35)
      at Object.keyboard 
(node_modules/@testing-library/user-event/dist/cjs/keyboard/index.js:11:15)
      at Object.type 
(node_modules/@testing-library/user-event/dist/cjs/utility/type.js:17:5)
      at Object.<anonymous> 
(src/submissions/SubmissionTabs/__tests__/SubmissionTabs.test.tsx:271:9)

    console.error
      Warning: An update to PlacingBrokingPane inside a test was not wrapped 
in act(...).
      
      When testing, code that causes React state updates should be wrapped 
into act(...):
      
      act(() => {
        /* fire events that update state */
      });
      /* assert on the output */
      
      This ensures that you're testing the behavior the user would see in the 
browser. Learn more at https://reactjs.org/link/wrap-tests-with-act
          at PlacingBrokingPane (C:\Users\samhe\OneDrive\Desktop\Cleaned\fronte
nd\src\submissions\SubmissionTabs\SubmissionTabs.tsx:144:5)
          at div
          at div
          at SubmissionTabs (C:\Users\samhe\OneDrive\Desktop\Cleaned\frontend\s
rc\submissions\SubmissionTabs\SubmissionTabs.tsx:695:5)
          at basenameProp (C:\Users\samhe\OneDrive\Desktop\Cleaned\frontend\nod
e_modules\react-router\lib\components.tsx:421:13)
          at basename (C:\Users\samhe\OneDrive\Desktop\Cleaned\frontend\node_mo
dules\react-router\lib\components.tsx:225:3)

      259 |                         value={brokerIndividualName}
      260 |                         disabled={isEditLocked}
    > 261 |                         onChange={(e) => 
setBrokerIndividualName(e.target.value)}
          |                                          ^
      262 |                         className="w-full border border-gray-300 
rounded px-3 py-2 text-sm disabled:bg-gray-100 disabled:text-gray-500 
disabled:cursor-not-allowed"
      263 |                     />
      264 |                 </div>

      at printWarning 
(node_modules/react-dom/cjs/react-dom.development.js:86:30)
      at error (node_modules/react-dom/cjs/react-dom.development.js:60:7)
      at warnIfUpdatesNotWrappedWithActDEV 
(node_modules/react-dom/cjs/react-dom.development.js:27628:9)
      at scheduleUpdateOnFiber 
(node_modules/react-dom/cjs/react-dom.development.js:25547:5)
      at dispatchSetState 
(node_modules/react-dom/cjs/react-dom.development.js:16708:7)
      at onChange (src/submissions/SubmissionTabs/SubmissionTabs.tsx:261:42)
      at HTMLUnknownElement.callCallback 
(node_modules/react-dom/cjs/react-dom.development.js:4164:14)
      at HTMLUnknownElement.callTheUserObjectsOperation 
(node_modules/jsdom/lib/jsdom/living/generated/EventListener.js:26:30)
      at innerInvokeEventListeners 
(node_modules/jsdom/lib/jsdom/living/events/EventTarget-impl.js:350:25)
      at invokeEventListeners 
(node_modules/jsdom/lib/jsdom/living/events/EventTarget-impl.js:286:3)
      at HTMLUnknownElementImpl._dispatch 
(node_modules/jsdom/lib/jsdom/living/events/EventTarget-impl.js:233:9)
      at HTMLUnknownElementImpl.dispatchEvent 
(node_modules/jsdom/lib/jsdom/living/events/EventTarget-impl.js:104:17)
      at HTMLUnknownElement.dispatchEvent 
(node_modules/jsdom/lib/jsdom/living/generated/EventTarget.js:241:34)
      at Object.invokeGuardedCallbackDev 
(node_modules/react-dom/cjs/react-dom.development.js:4213:16)
      at invokeGuardedCallback 
(node_modules/react-dom/cjs/react-dom.development.js:4277:31)
      at invokeGuardedCallbackAndCatchFirstError 
(node_modules/react-dom/cjs/react-dom.development.js:4291:25)
      at executeDispatch 
(node_modules/react-dom/cjs/react-dom.development.js:9041:3)
      at processDispatchQueueItemsInOrder 
(node_modules/react-dom/cjs/react-dom.development.js:9073:7)
      at processDispatchQueue 
(node_modules/react-dom/cjs/react-dom.development.js:9086:5)
      at dispatchEventsForPlugins 
(node_modules/react-dom/cjs/react-dom.development.js:9097:3)
      at node_modules/react-dom/cjs/react-dom.development.js:9288:12
      at batchedUpdates$1 
(node_modules/react-dom/cjs/react-dom.development.js:26179:12)
      at batchedUpdates 
(node_modules/react-dom/cjs/react-dom.development.js:3991:12)
      at dispatchEventForPluginEventSystem 
(node_modules/react-dom/cjs/react-dom.development.js:9287:3)
      at dispatchEventWithEnableCapturePhaseSelectiveHydrationWithoutDiscreteEv
entReplay (node_modules/react-dom/cjs/react-dom.development.js:6465:5)
      at dispatchEvent 
(node_modules/react-dom/cjs/react-dom.development.js:6457:5)
      at dispatchDiscreteEvent 
(node_modules/react-dom/cjs/react-dom.development.js:6430:5)
      at HTMLDivElement.callTheUserObjectsOperation 
(node_modules/jsdom/lib/jsdom/living/generated/EventListener.js:26:30)
      at innerInvokeEventListeners 
(node_modules/jsdom/lib/jsdom/living/events/EventTarget-impl.js:350:25)
      at invokeEventListeners 
(node_modules/jsdom/lib/jsdom/living/events/EventTarget-impl.js:286:3)
      at HTMLInputElementImpl._dispatch 
(node_modules/jsdom/lib/jsdom/living/events/EventTarget-impl.js:233:9)
      at HTMLInputElementImpl.dispatchEvent 
(node_modules/jsdom/lib/jsdom/living/events/EventTarget-impl.js:104:17)
      at HTMLInputElement.dispatchEvent 
(node_modules/jsdom/lib/jsdom/living/generated/EventTarget.js:241:34)
      at 
node_modules/@testing-library/user-event/dist/cjs/event/dispatchEvent.js:45:43
      at Object.eventWrapper 
(node_modules/@testing-library/dom/dist/config.js:25:23)
      at Object.wrapEvent 
(node_modules/@testing-library/user-event/dist/cjs/event/wrapEvent.js:6:28)
      at Object.dispatchEvent (node_modules/@testing-library/user-event/dist/cj
s/event/dispatchEvent.js:45:22)
      at Object.dispatchUIEvent (node_modules/@testing-library/user-event/dist/
cjs/event/dispatchEvent.js:22:26)
      at commitInput 
(node_modules/@testing-library/user-event/dist/cjs/event/input.js:145:14)
      at editInputElement 
(node_modules/@testing-library/user-event/dist/cjs/event/input.js:115:9)
      at Object.input 
(node_modules/@testing-library/user-event/dist/cjs/event/input.js:37:9)
      at node_modules/@testing-library/user-event/dist/cjs/event/behavior/keypr
ess.js:31:26
      at Object.dispatchEvent (node_modules/@testing-library/user-event/dist/cj
s/event/dispatchEvent.js:41:13)
      at Object.dispatchUIEvent (node_modules/@testing-library/user-event/dist/
cjs/event/dispatchEvent.js:22:26)
      at KeyboardHost.keydown 
(node_modules/@testing-library/user-event/dist/cjs/system/keyboard.js:76:22)
      at keyboardAction 
(node_modules/@testing-library/user-event/dist/cjs/keyboard/index.js:22:35)
      at Object.keyboard 
(node_modules/@testing-library/user-event/dist/cjs/keyboard/index.js:11:15)
      at Object.type 
(node_modules/@testing-library/user-event/dist/cjs/utility/type.js:17:5)
      at Object.<anonymous> 
(src/submissions/SubmissionTabs/__tests__/SubmissionTabs.test.tsx:271:9)

    console.error
      Warning: An update to PlacingBrokingPane inside a test was not wrapped 
in act(...).
      
      When testing, code that causes React state updates should be wrapped 
into act(...):
      
      act(() => {
        /* fire events that update state */
      });
      /* assert on the output */
      
      This ensures that you're testing the behavior the user would see in the 
browser. Learn more at https://reactjs.org/link/wrap-tests-with-act
          at PlacingBrokingPane (C:\Users\samhe\OneDrive\Desktop\Cleaned\fronte
nd\src\submissions\SubmissionTabs\SubmissionTabs.tsx:144:5)
          at div
          at div
          at SubmissionTabs (C:\Users\samhe\OneDrive\Desktop\Cleaned\frontend\s
rc\submissions\SubmissionTabs\SubmissionTabs.tsx:695:5)
          at basenameProp (C:\Users\samhe\OneDrive\Desktop\Cleaned\frontend\nod
e_modules\react-router\lib\components.tsx:421:13)
          at basename (C:\Users\samhe\OneDrive\Desktop\Cleaned\frontend\node_mo
dules\react-router\lib\components.tsx:225:3)

      259 |                         value={brokerIndividualName}
      260 |                         disabled={isEditLocked}
    > 261 |                         onChange={(e) => 
setBrokerIndividualName(e.target.value)}
          |                                          ^
      262 |                         className="w-full border border-gray-300 
rounded px-3 py-2 text-sm disabled:bg-gray-100 disabled:text-gray-500 
disabled:cursor-not-allowed"
      263 |                     />
      264 |                 </div>

      at printWarning 
(node_modules/react-dom/cjs/react-dom.development.js:86:30)
      at error (node_modules/react-dom/cjs/react-dom.development.js:60:7)
      at warnIfUpdatesNotWrappedWithActDEV 
(node_modules/react-dom/cjs/react-dom.development.js:27628:9)
      at scheduleUpdateOnFiber 
(node_modules/react-dom/cjs/react-dom.development.js:25547:5)
      at dispatchSetState 
(node_modules/react-dom/cjs/react-dom.development.js:16708:7)
      at onChange (src/submissions/SubmissionTabs/SubmissionTabs.tsx:261:42)
      at HTMLUnknownElement.callCallback 
(node_modules/react-dom/cjs/react-dom.development.js:4164:14)
      at HTMLUnknownElement.callTheUserObjectsOperation 
(node_modules/jsdom/lib/jsdom/living/generated/EventListener.js:26:30)
      at innerInvokeEventListeners 
(node_modules/jsdom/lib/jsdom/living/events/EventTarget-impl.js:350:25)
      at invokeEventListeners 
(node_modules/jsdom/lib/jsdom/living/events/EventTarget-impl.js:286:3)
      at HTMLUnknownElementImpl._dispatch 
(node_modules/jsdom/lib/jsdom/living/events/EventTarget-impl.js:233:9)
      at HTMLUnknownElementImpl.dispatchEvent 
(node_modules/jsdom/lib/jsdom/living/events/EventTarget-impl.js:104:17)
      at HTMLUnknownElement.dispatchEvent 
(node_modules/jsdom/lib/jsdom/living/generated/EventTarget.js:241:34)
      at Object.invokeGuardedCallbackDev 
(node_modules/react-dom/cjs/react-dom.development.js:4213:16)
      at invokeGuardedCallback 
(node_modules/react-dom/cjs/react-dom.development.js:4277:31)
      at invokeGuardedCallbackAndCatchFirstError 
(node_modules/react-dom/cjs/react-dom.development.js:4291:25)
      at executeDispatch 
(node_modules/react-dom/cjs/react-dom.development.js:9041:3)
      at processDispatchQueueItemsInOrder 
(node_modules/react-dom/cjs/react-dom.development.js:9073:7)
      at processDispatchQueue 
(node_modules/react-dom/cjs/react-dom.development.js:9086:5)
      at dispatchEventsForPlugins 
(node_modules/react-dom/cjs/react-dom.development.js:9097:3)
      at node_modules/react-dom/cjs/react-dom.development.js:9288:12
      at batchedUpdates$1 
(node_modules/react-dom/cjs/react-dom.development.js:26179:12)
      at batchedUpdates 
(node_modules/react-dom/cjs/react-dom.development.js:3991:12)
      at dispatchEventForPluginEventSystem 
(node_modules/react-dom/cjs/react-dom.development.js:9287:3)
      at dispatchEventWithEnableCapturePhaseSelectiveHydrationWithoutDiscreteEv
entReplay (node_modules/react-dom/cjs/react-dom.development.js:6465:5)
      at dispatchEvent 
(node_modules/react-dom/cjs/react-dom.development.js:6457:5)
      at dispatchDiscreteEvent 
(node_modules/react-dom/cjs/react-dom.development.js:6430:5)
      at HTMLDivElement.callTheUserObjectsOperation 
(node_modules/jsdom/lib/jsdom/living/generated/EventListener.js:26:30)
      at innerInvokeEventListeners 
(node_modules/jsdom/lib/jsdom/living/events/EventTarget-impl.js:350:25)
      at invokeEventListeners 
(node_modules/jsdom/lib/jsdom/living/events/EventTarget-impl.js:286:3)
      at HTMLInputElementImpl._dispatch 
(node_modules/jsdom/lib/jsdom/living/events/EventTarget-impl.js:233:9)
      at HTMLInputElementImpl.dispatchEvent 
(node_modules/jsdom/lib/jsdom/living/events/EventTarget-impl.js:104:17)
      at HTMLInputElement.dispatchEvent 
(node_modules/jsdom/lib/jsdom/living/generated/EventTarget.js:241:34)
      at 
node_modules/@testing-library/user-event/dist/cjs/event/dispatchEvent.js:45:43
      at Object.eventWrapper 
(node_modules/@testing-library/dom/dist/config.js:25:23)
      at Object.wrapEvent 
(node_modules/@testing-library/user-event/dist/cjs/event/wrapEvent.js:6:28)
      at Object.dispatchEvent (node_modules/@testing-library/user-event/dist/cj
s/event/dispatchEvent.js:45:22)
      at Object.dispatchUIEvent (node_modules/@testing-library/user-event/dist/
cjs/event/dispatchEvent.js:22:26)
      at commitInput 
(node_modules/@testing-library/user-event/dist/cjs/event/input.js:145:14)
      at editInputElement 
(node_modules/@testing-library/user-event/dist/cjs/event/input.js:115:9)
      at Object.input 
(node_modules/@testing-library/user-event/dist/cjs/event/input.js:37:9)
      at node_modules/@testing-library/user-event/dist/cjs/event/behavior/keypr
ess.js:31:26
      at Object.dispatchEvent (node_modules/@testing-library/user-event/dist/cj
s/event/dispatchEvent.js:41:13)
      at Object.dispatchUIEvent (node_modules/@testing-library/user-event/dist/
cjs/event/dispatchEvent.js:22:26)
      at KeyboardHost.keydown 
(node_modules/@testing-library/user-event/dist/cjs/system/keyboard.js:76:22)
      at keyboardAction 
(node_modules/@testing-library/user-event/dist/cjs/keyboard/index.js:22:35)
      at Object.keyboard 
(node_modules/@testing-library/user-event/dist/cjs/keyboard/index.js:11:15)
      at Object.type 
(node_modules/@testing-library/user-event/dist/cjs/utility/type.js:17:5)
      at Object.<anonymous> 
(src/submissions/SubmissionTabs/__tests__/SubmissionTabs.test.tsx:271:9)

    console.error
      Warning: An update to PlacingBrokingPane inside a test was not wrapped 
in act(...).
      
      When testing, code that causes React state updates should be wrapped 
into act(...):
      
      act(() => {
        /* fire events that update state */
      });
      /* assert on the output */
      
      This ensures that you're testing the behavior the user would see in the 
browser. Learn more at https://reactjs.org/link/wrap-tests-with-act
          at PlacingBrokingPane (C:\Users\samhe\OneDrive\Desktop\Cleaned\fronte
nd\src\submissions\SubmissionTabs\SubmissionTabs.tsx:144:5)
          at div
          at div
          at SubmissionTabs (C:\Users\samhe\OneDrive\Desktop\Cleaned\frontend\s
rc\submissions\SubmissionTabs\SubmissionTabs.tsx:695:5)
          at basenameProp (C:\Users\samhe\OneDrive\Desktop\Cleaned\frontend\nod
e_modules\react-router\lib\components.tsx:421:13)
          at basename (C:\Users\samhe\OneDrive\Desktop\Cleaned\frontend\node_mo
dules\react-router\lib\components.tsx:225:3)

      259 |                         value={brokerIndividualName}
      260 |                         disabled={isEditLocked}
    > 261 |                         onChange={(e) => 
setBrokerIndividualName(e.target.value)}
          |                                          ^
      262 |                         className="w-full border border-gray-300 
rounded px-3 py-2 text-sm disabled:bg-gray-100 disabled:text-gray-500 
disabled:cursor-not-allowed"
      263 |                     />
      264 |                 </div>

      at printWarning 
(node_modules/react-dom/cjs/react-dom.development.js:86:30)
      at error (node_modules/react-dom/cjs/react-dom.development.js:60:7)
      at warnIfUpdatesNotWrappedWithActDEV 
(node_modules/react-dom/cjs/react-dom.development.js:27628:9)
      at scheduleUpdateOnFiber 
(node_modules/react-dom/cjs/react-dom.development.js:25547:5)
      at dispatchSetState 
(node_modules/react-dom/cjs/react-dom.development.js:16708:7)
      at onChange (src/submissions/SubmissionTabs/SubmissionTabs.tsx:261:42)
      at HTMLUnknownElement.callCallback 
(node_modules/react-dom/cjs/react-dom.development.js:4164:14)
      at HTMLUnknownElement.callTheUserObjectsOperation 
(node_modules/jsdom/lib/jsdom/living/generated/EventListener.js:26:30)
      at innerInvokeEventListeners 
(node_modules/jsdom/lib/jsdom/living/events/EventTarget-impl.js:350:25)
      at invokeEventListeners 
(node_modules/jsdom/lib/jsdom/living/events/EventTarget-impl.js:286:3)
      at HTMLUnknownElementImpl._dispatch 
(node_modules/jsdom/lib/jsdom/living/events/EventTarget-impl.js:233:9)
      at HTMLUnknownElementImpl.dispatchEvent 
(node_modules/jsdom/lib/jsdom/living/events/EventTarget-impl.js:104:17)
      at HTMLUnknownElement.dispatchEvent 
(node_modules/jsdom/lib/jsdom/living/generated/EventTarget.js:241:34)
      at Object.invokeGuardedCallbackDev 
(node_modules/react-dom/cjs/react-dom.development.js:4213:16)
      at invokeGuardedCallback 
(node_modules/react-dom/cjs/react-dom.development.js:4277:31)
      at invokeGuardedCallbackAndCatchFirstError 
(node_modules/react-dom/cjs/react-dom.development.js:4291:25)
      at executeDispatch 
(node_modules/react-dom/cjs/react-dom.development.js:9041:3)
      at processDispatchQueueItemsInOrder 
(node_modules/react-dom/cjs/react-dom.development.js:9073:7)
      at processDispatchQueue 
(node_modules/react-dom/cjs/react-dom.development.js:9086:5)
      at dispatchEventsForPlugins 
(node_modules/react-dom/cjs/react-dom.development.js:9097:3)
      at node_modules/react-dom/cjs/react-dom.development.js:9288:12
      at batchedUpdates$1 
(node_modules/react-dom/cjs/react-dom.development.js:26179:12)
      at batchedUpdates 
(node_modules/react-dom/cjs/react-dom.development.js:3991:12)
      at dispatchEventForPluginEventSystem 
(node_modules/react-dom/cjs/react-dom.development.js:9287:3)
      at dispatchEventWithEnableCapturePhaseSelectiveHydrationWithoutDiscreteEv
entReplay (node_modules/react-dom/cjs/react-dom.development.js:6465:5)
      at dispatchEvent 
(node_modules/react-dom/cjs/react-dom.development.js:6457:5)
      at dispatchDiscreteEvent 
(node_modules/react-dom/cjs/react-dom.development.js:6430:5)
      at HTMLDivElement.callTheUserObjectsOperation 
(node_modules/jsdom/lib/jsdom/living/generated/EventListener.js:26:30)
      at innerInvokeEventListeners 
(node_modules/jsdom/lib/jsdom/living/events/EventTarget-impl.js:350:25)
      at invokeEventListeners 
(node_modules/jsdom/lib/jsdom/living/events/EventTarget-impl.js:286:3)
      at HTMLInputElementImpl._dispatch 
(node_modules/jsdom/lib/jsdom/living/events/EventTarget-impl.js:233:9)
      at HTMLInputElementImpl.dispatchEvent 
(node_modules/jsdom/lib/jsdom/living/events/EventTarget-impl.js:104:17)
      at HTMLInputElement.dispatchEvent 
(node_modules/jsdom/lib/jsdom/living/generated/EventTarget.js:241:34)
      at 
node_modules/@testing-library/user-event/dist/cjs/event/dispatchEvent.js:45:43
      at Object.eventWrapper 
(node_modules/@testing-library/dom/dist/config.js:25:23)
      at Object.wrapEvent 
(node_modules/@testing-library/user-event/dist/cjs/event/wrapEvent.js:6:28)
      at Object.dispatchEvent (node_modules/@testing-library/user-event/dist/cj
s/event/dispatchEvent.js:45:22)
      at Object.dispatchUIEvent (node_modules/@testing-library/user-event/dist/
cjs/event/dispatchEvent.js:22:26)
      at commitInput 
(node_modules/@testing-library/user-event/dist/cjs/event/input.js:145:14)
      at editInputElement 
(node_modules/@testing-library/user-event/dist/cjs/event/input.js:115:9)
      at Object.input 
(node_modules/@testing-library/user-event/dist/cjs/event/input.js:37:9)
      at node_modules/@testing-library/user-event/dist/cjs/event/behavior/keypr
ess.js:31:26
      at Object.dispatchEvent (node_modules/@testing-library/user-event/dist/cj
s/event/dispatchEvent.js:41:13)
      at Object.dispatchUIEvent (node_modules/@testing-library/user-event/dist/
cjs/event/dispatchEvent.js:22:26)
      at KeyboardHost.keydown 
(node_modules/@testing-library/user-event/dist/cjs/system/keyboard.js:76:22)
      at keyboardAction 
(node_modules/@testing-library/user-event/dist/cjs/keyboard/index.js:22:35)
      at Object.keyboard 
(node_modules/@testing-library/user-event/dist/cjs/keyboard/index.js:11:15)
      at Object.type 
(node_modules/@testing-library/user-event/dist/cjs/utility/type.js:17:5)
      at Object.<anonymous> 
(src/submissions/SubmissionTabs/__tests__/SubmissionTabs.test.tsx:271:9)

    console.error
      Warning: An update to PlacingBrokingPane inside a test was not wrapped 
in act(...).
      
      When testing, code that causes React state updates should be wrapped 
into act(...):
      
      act(() => {
        /* fire events that update state */
      });
      /* assert on the output */
      
      This ensures that you're testing the behavior the user would see in the 
browser. Learn more at https://reactjs.org/link/wrap-tests-with-act
          at PlacingBrokingPane (C:\Users\samhe\OneDrive\Desktop\Cleaned\fronte
nd\src\submissions\SubmissionTabs\SubmissionTabs.tsx:144:5)
          at div
          at div
          at SubmissionTabs (C:\Users\samhe\OneDrive\Desktop\Cleaned\frontend\s
rc\submissions\SubmissionTabs\SubmissionTabs.tsx:695:5)
          at basenameProp (C:\Users\samhe\OneDrive\Desktop\Cleaned\frontend\nod
e_modules\react-router\lib\components.tsx:421:13)
          at basename (C:\Users\samhe\OneDrive\Desktop\Cleaned\frontend\node_mo
dules\react-router\lib\components.tsx:225:3)

      259 |                         value={brokerIndividualName}
      260 |                         disabled={isEditLocked}
    > 261 |                         onChange={(e) => 
setBrokerIndividualName(e.target.value)}
          |                                          ^
      262 |                         className="w-full border border-gray-300 
rounded px-3 py-2 text-sm disabled:bg-gray-100 disabled:text-gray-500 
disabled:cursor-not-allowed"
      263 |                     />
      264 |                 </div>

      at printWarning 
(node_modules/react-dom/cjs/react-dom.development.js:86:30)
      at error (node_modules/react-dom/cjs/react-dom.development.js:60:7)
      at warnIfUpdatesNotWrappedWithActDEV 
(node_modules/react-dom/cjs/react-dom.development.js:27628:9)
      at scheduleUpdateOnFiber 
(node_modules/react-dom/cjs/react-dom.development.js:25547:5)
      at dispatchSetState 
(node_modules/react-dom/cjs/react-dom.development.js:16708:7)
      at onChange (src/submissions/SubmissionTabs/SubmissionTabs.tsx:261:42)
      at HTMLUnknownElement.callCallback 
(node_modules/react-dom/cjs/react-dom.development.js:4164:14)
      at HTMLUnknownElement.callTheUserObjectsOperation 
(node_modules/jsdom/lib/jsdom/living/generated/EventListener.js:26:30)
      at innerInvokeEventListeners 
(node_modules/jsdom/lib/jsdom/living/events/EventTarget-impl.js:350:25)
      at invokeEventListeners 
(node_modules/jsdom/lib/jsdom/living/events/EventTarget-impl.js:286:3)
      at HTMLUnknownElementImpl._dispatch 
(node_modules/jsdom/lib/jsdom/living/events/EventTarget-impl.js:233:9)
      at HTMLUnknownElementImpl.dispatchEvent 
(node_modules/jsdom/lib/jsdom/living/events/EventTarget-impl.js:104:17)
      at HTMLUnknownElement.dispatchEvent 
(node_modules/jsdom/lib/jsdom/living/generated/EventTarget.js:241:34)
      at Object.invokeGuardedCallbackDev 
(node_modules/react-dom/cjs/react-dom.development.js:4213:16)
      at invokeGuardedCallback 
(node_modules/react-dom/cjs/react-dom.development.js:4277:31)
      at invokeGuardedCallbackAndCatchFirstError 
(node_modules/react-dom/cjs/react-dom.development.js:4291:25)
      at executeDispatch 
(node_modules/react-dom/cjs/react-dom.development.js:9041:3)
      at processDispatchQueueItemsInOrder 
(node_modules/react-dom/cjs/react-dom.development.js:9073:7)
      at processDispatchQueue 
(node_modules/react-dom/cjs/react-dom.development.js:9086:5)
      at dispatchEventsForPlugins 
(node_modules/react-dom/cjs/react-dom.development.js:9097:3)
      at node_modules/react-dom/cjs/react-dom.development.js:9288:12
      at batchedUpdates$1 
(node_modules/react-dom/cjs/react-dom.development.js:26179:12)
      at batchedUpdates 
(node_modules/react-dom/cjs/react-dom.development.js:3991:12)
      at dispatchEventForPluginEventSystem 
(node_modules/react-dom/cjs/react-dom.development.js:9287:3)
      at dispatchEventWithEnableCapturePhaseSelectiveHydrationWithoutDiscreteEv
entReplay (node_modules/react-dom/cjs/react-dom.development.js:6465:5)
      at dispatchEvent 
(node_modules/react-dom/cjs/react-dom.development.js:6457:5)
      at dispatchDiscreteEvent 
(node_modules/react-dom/cjs/react-dom.development.js:6430:5)
      at HTMLDivElement.callTheUserObjectsOperation 
(node_modules/jsdom/lib/jsdom/living/generated/EventListener.js:26:30)
      at innerInvokeEventListeners 
(node_modules/jsdom/lib/jsdom/living/events/EventTarget-impl.js:350:25)
      at invokeEventListeners 
(node_modules/jsdom/lib/jsdom/living/events/EventTarget-impl.js:286:3)
      at HTMLInputElementImpl._dispatch 
(node_modules/jsdom/lib/jsdom/living/events/EventTarget-impl.js:233:9)
      at HTMLInputElementImpl.dispatchEvent 
(node_modules/jsdom/lib/jsdom/living/events/EventTarget-impl.js:104:17)
      at HTMLInputElement.dispatchEvent 
(node_modules/jsdom/lib/jsdom/living/generated/EventTarget.js:241:34)
      at 
node_modules/@testing-library/user-event/dist/cjs/event/dispatchEvent.js:45:43
      at Object.eventWrapper 
(node_modules/@testing-library/dom/dist/config.js:25:23)
      at Object.wrapEvent 
(node_modules/@testing-library/user-event/dist/cjs/event/wrapEvent.js:6:28)
      at Object.dispatchEvent (node_modules/@testing-library/user-event/dist/cj
s/event/dispatchEvent.js:45:22)
      at Object.dispatchUIEvent (node_modules/@testing-library/user-event/dist/
cjs/event/dispatchEvent.js:22:26)
      at commitInput 
(node_modules/@testing-library/user-event/dist/cjs/event/input.js:145:14)
      at editInputElement 
(node_modules/@testing-library/user-event/dist/cjs/event/input.js:115:9)
      at Object.input 
(node_modules/@testing-library/user-event/dist/cjs/event/input.js:37:9)
      at node_modules/@testing-library/user-event/dist/cjs/event/behavior/keypr
ess.js:31:26
      at Object.dispatchEvent (node_modules/@testing-library/user-event/dist/cj
s/event/dispatchEvent.js:41:13)
      at Object.dispatchUIEvent (node_modules/@testing-library/user-event/dist/
cjs/event/dispatchEvent.js:22:26)
      at KeyboardHost.keydown 
(node_modules/@testing-library/user-event/dist/cjs/system/keyboard.js:76:22)
      at keyboardAction 
(node_modules/@testing-library/user-event/dist/cjs/keyboard/index.js:22:35)
      at Object.keyboard 
(node_modules/@testing-library/user-event/dist/cjs/keyboard/index.js:11:15)
      at Object.type 
(node_modules/@testing-library/user-event/dist/cjs/utility/type.js:17:5)
      at Object.<anonymous> 
(src/submissions/SubmissionTabs/__tests__/SubmissionTabs.test.tsx:271:9)

    console.error
      Warning: An update to PlacingBrokingPane inside a test was not wrapped 
in act(...).
      
      When testing, code that causes React state updates should be wrapped 
into act(...):
      
      act(() => {
        /* fire events that update state */
      });
      /* assert on the output */
      
      This ensures that you're testing the behavior the user would see in the 
browser. Learn more at https://reactjs.org/link/wrap-tests-with-act
          at PlacingBrokingPane (C:\Users\samhe\OneDrive\Desktop\Cleaned\fronte
nd\src\submissions\SubmissionTabs\SubmissionTabs.tsx:144:5)
          at div
          at div
          at SubmissionTabs (C:\Users\samhe\OneDrive\Desktop\Cleaned\frontend\s
rc\submissions\SubmissionTabs\SubmissionTabs.tsx:695:5)
          at basenameProp (C:\Users\samhe\OneDrive\Desktop\Cleaned\frontend\nod
e_modules\react-router\lib\components.tsx:421:13)
          at basename (C:\Users\samhe\OneDrive\Desktop\Cleaned\frontend\node_mo
dules\react-router\lib\components.tsx:225:3)

      259 |                         value={brokerIndividualName}
      260 |                         disabled={isEditLocked}
    > 261 |                         onChange={(e) => 
setBrokerIndividualName(e.target.value)}
          |                                          ^
      262 |                         className="w-full border border-gray-300 
rounded px-3 py-2 text-sm disabled:bg-gray-100 disabled:text-gray-500 
disabled:cursor-not-allowed"
      263 |                     />
      264 |                 </div>

      at printWarning 
(node_modules/react-dom/cjs/react-dom.development.js:86:30)
      at error (node_modules/react-dom/cjs/react-dom.development.js:60:7)
      at warnIfUpdatesNotWrappedWithActDEV 
(node_modules/react-dom/cjs/react-dom.development.js:27628:9)
      at scheduleUpdateOnFiber 
(node_modules/react-dom/cjs/react-dom.development.js:25547:5)
      at dispatchSetState 
(node_modules/react-dom/cjs/react-dom.development.js:16708:7)
      at onChange (src/submissions/SubmissionTabs/SubmissionTabs.tsx:261:42)
      at HTMLUnknownElement.callCallback 
(node_modules/react-dom/cjs/react-dom.development.js:4164:14)
      at HTMLUnknownElement.callTheUserObjectsOperation 
(node_modules/jsdom/lib/jsdom/living/generated/EventListener.js:26:30)
      at innerInvokeEventListeners 
(node_modules/jsdom/lib/jsdom/living/events/EventTarget-impl.js:350:25)
      at invokeEventListeners 
(node_modules/jsdom/lib/jsdom/living/events/EventTarget-impl.js:286:3)
      at HTMLUnknownElementImpl._dispatch 
(node_modules/jsdom/lib/jsdom/living/events/EventTarget-impl.js:233:9)
      at HTMLUnknownElementImpl.dispatchEvent 
(node_modules/jsdom/lib/jsdom/living/events/EventTarget-impl.js:104:17)
      at HTMLUnknownElement.dispatchEvent 
(node_modules/jsdom/lib/jsdom/living/generated/EventTarget.js:241:34)
      at Object.invokeGuardedCallbackDev 
(node_modules/react-dom/cjs/react-dom.development.js:4213:16)
      at invokeGuardedCallback 
(node_modules/react-dom/cjs/react-dom.development.js:4277:31)
      at invokeGuardedCallbackAndCatchFirstError 
(node_modules/react-dom/cjs/react-dom.development.js:4291:25)
      at executeDispatch 
(node_modules/react-dom/cjs/react-dom.development.js:9041:3)
      at processDispatchQueueItemsInOrder 
(node_modules/react-dom/cjs/react-dom.development.js:9073:7)
      at processDispatchQueue 
(node_modules/react-dom/cjs/react-dom.development.js:9086:5)
      at dispatchEventsForPlugins 
(node_modules/react-dom/cjs/react-dom.development.js:9097:3)
      at node_modules/react-dom/cjs/react-dom.development.js:9288:12
      at batchedUpdates$1 
(node_modules/react-dom/cjs/react-dom.development.js:26179:12)
      at batchedUpdates 
(node_modules/react-dom/cjs/react-dom.development.js:3991:12)
      at dispatchEventForPluginEventSystem 
(node_modules/react-dom/cjs/react-dom.development.js:9287:3)
      at dispatchEventWithEnableCapturePhaseSelectiveHydrationWithoutDiscreteEv
entReplay (node_modules/react-dom/cjs/react-dom.development.js:6465:5)
      at dispatchEvent 
(node_modules/react-dom/cjs/react-dom.development.js:6457:5)
      at dispatchDiscreteEvent 
(node_modules/react-dom/cjs/react-dom.development.js:6430:5)
      at HTMLDivElement.callTheUserObjectsOperation 
(node_modules/jsdom/lib/jsdom/living/generated/EventListener.js:26:30)
      at innerInvokeEventListeners 
(node_modules/jsdom/lib/jsdom/living/events/EventTarget-impl.js:350:25)
      at invokeEventListeners 
(node_modules/jsdom/lib/jsdom/living/events/EventTarget-impl.js:286:3)
      at HTMLInputElementImpl._dispatch 
(node_modules/jsdom/lib/jsdom/living/events/EventTarget-impl.js:233:9)
      at HTMLInputElementImpl.dispatchEvent 
(node_modules/jsdom/lib/jsdom/living/events/EventTarget-impl.js:104:17)
      at HTMLInputElement.dispatchEvent 
(node_modules/jsdom/lib/jsdom/living/generated/EventTarget.js:241:34)
      at 
node_modules/@testing-library/user-event/dist/cjs/event/dispatchEvent.js:45:43
      at Object.eventWrapper 
(node_modules/@testing-library/dom/dist/config.js:25:23)
      at Object.wrapEvent 
(node_modules/@testing-library/user-event/dist/cjs/event/wrapEvent.js:6:28)
      at Object.dispatchEvent (node_modules/@testing-library/user-event/dist/cj
s/event/dispatchEvent.js:45:22)
      at Object.dispatchUIEvent (node_modules/@testing-library/user-event/dist/
cjs/event/dispatchEvent.js:22:26)
      at commitInput 
(node_modules/@testing-library/user-event/dist/cjs/event/input.js:145:14)
      at editInputElement 
(node_modules/@testing-library/user-event/dist/cjs/event/input.js:115:9)
      at Object.input 
(node_modules/@testing-library/user-event/dist/cjs/event/input.js:37:9)
      at node_modules/@testing-library/user-event/dist/cjs/event/behavior/keypr
ess.js:31:26
      at Object.dispatchEvent (node_modules/@testing-library/user-event/dist/cj
s/event/dispatchEvent.js:41:13)
      at Object.dispatchUIEvent (node_modules/@testing-library/user-event/dist/
cjs/event/dispatchEvent.js:22:26)
      at KeyboardHost.keydown 
(node_modules/@testing-library/user-event/dist/cjs/system/keyboard.js:76:22)
      at keyboardAction 
(node_modules/@testing-library/user-event/dist/cjs/keyboard/index.js:22:35)
      at Object.keyboard 
(node_modules/@testing-library/user-event/dist/cjs/keyboard/index.js:11:15)
      at Object.type 
(node_modules/@testing-library/user-event/dist/cjs/utility/type.js:17:5)
      at Object.<anonymous> 
(src/submissions/SubmissionTabs/__tests__/SubmissionTabs.test.tsx:271:9)

    console.error
      Warning: An update to PlacingBrokingPane inside a test was not wrapped 
in act(...).
      
      When testing, code that causes React state updates should be wrapped 
into act(...):
      
      act(() => {
        /* fire events that update state */
      });
      /* assert on the output */
      
      This ensures that you're testing the behavior the user would see in the 
browser. Learn more at https://reactjs.org/link/wrap-tests-with-act
          at PlacingBrokingPane (C:\Users\samhe\OneDrive\Desktop\Cleaned\fronte
nd\src\submissions\SubmissionTabs\SubmissionTabs.tsx:144:5)
          at div
          at div
          at SubmissionTabs (C:\Users\samhe\OneDrive\Desktop\Cleaned\frontend\s
rc\submissions\SubmissionTabs\SubmissionTabs.tsx:695:5)
          at basenameProp (C:\Users\samhe\OneDrive\Desktop\Cleaned\frontend\nod
e_modules\react-router\lib\components.tsx:421:13)
          at basename (C:\Users\samhe\OneDrive\Desktop\Cleaned\frontend\node_mo
dules\react-router\lib\components.tsx:225:3)

      259 |                         value={brokerIndividualName}
      260 |                         disabled={isEditLocked}
    > 261 |                         onChange={(e) => 
setBrokerIndividualName(e.target.value)}
          |                                          ^
      262 |                         className="w-full border border-gray-300 
rounded px-3 py-2 text-sm disabled:bg-gray-100 disabled:text-gray-500 
disabled:cursor-not-allowed"
      263 |                     />
      264 |                 </div>

      at printWarning 
(node_modules/react-dom/cjs/react-dom.development.js:86:30)
      at error (node_modules/react-dom/cjs/react-dom.development.js:60:7)
      at warnIfUpdatesNotWrappedWithActDEV 
(node_modules/react-dom/cjs/react-dom.development.js:27628:9)
      at scheduleUpdateOnFiber 
(node_modules/react-dom/cjs/react-dom.development.js:25547:5)
      at dispatchSetState 
(node_modules/react-dom/cjs/react-dom.development.js:16708:7)
      at onChange (src/submissions/SubmissionTabs/SubmissionTabs.tsx:261:42)
      at HTMLUnknownElement.callCallback 
(node_modules/react-dom/cjs/react-dom.development.js:4164:14)
      at HTMLUnknownElement.callTheUserObjectsOperation 
(node_modules/jsdom/lib/jsdom/living/generated/EventListener.js:26:30)
      at innerInvokeEventListeners 
(node_modules/jsdom/lib/jsdom/living/events/EventTarget-impl.js:350:25)
      at invokeEventListeners 
(node_modules/jsdom/lib/jsdom/living/events/EventTarget-impl.js:286:3)
      at HTMLUnknownElementImpl._dispatch 
(node_modules/jsdom/lib/jsdom/living/events/EventTarget-impl.js:233:9)
      at HTMLUnknownElementImpl.dispatchEvent 
(node_modules/jsdom/lib/jsdom/living/events/EventTarget-impl.js:104:17)
      at HTMLUnknownElement.dispatchEvent 
(node_modules/jsdom/lib/jsdom/living/generated/EventTarget.js:241:34)
      at Object.invokeGuardedCallbackDev 
(node_modules/react-dom/cjs/react-dom.development.js:4213:16)
      at invokeGuardedCallback 
(node_modules/react-dom/cjs/react-dom.development.js:4277:31)
      at invokeGuardedCallbackAndCatchFirstError 
(node_modules/react-dom/cjs/react-dom.development.js:4291:25)
      at executeDispatch 
(node_modules/react-dom/cjs/react-dom.development.js:9041:3)
      at processDispatchQueueItemsInOrder 
(node_modules/react-dom/cjs/react-dom.development.js:9073:7)
      at processDispatchQueue 
(node_modules/react-dom/cjs/react-dom.development.js:9086:5)
      at dispatchEventsForPlugins 
(node_modules/react-dom/cjs/react-dom.development.js:9097:3)
      at node_modules/react-dom/cjs/react-dom.development.js:9288:12
      at batchedUpdates$1 
(node_modules/react-dom/cjs/react-dom.development.js:26179:12)
      at batchedUpdates 
(node_modules/react-dom/cjs/react-dom.development.js:3991:12)
      at dispatchEventForPluginEventSystem 
(node_modules/react-dom/cjs/react-dom.development.js:9287:3)
      at dispatchEventWithEnableCapturePhaseSelectiveHydrationWithoutDiscreteEv
entReplay (node_modules/react-dom/cjs/react-dom.development.js:6465:5)
      at dispatchEvent 
(node_modules/react-dom/cjs/react-dom.development.js:6457:5)
      at dispatchDiscreteEvent 
(node_modules/react-dom/cjs/react-dom.development.js:6430:5)
      at HTMLDivElement.callTheUserObjectsOperation 
(node_modules/jsdom/lib/jsdom/living/generated/EventListener.js:26:30)
      at innerInvokeEventListeners 
(node_modules/jsdom/lib/jsdom/living/events/EventTarget-impl.js:350:25)
      at invokeEventListeners 
(node_modules/jsdom/lib/jsdom/living/events/EventTarget-impl.js:286:3)
      at HTMLInputElementImpl._dispatch 
(node_modules/jsdom/lib/jsdom/living/events/EventTarget-impl.js:233:9)
      at HTMLInputElementImpl.dispatchEvent 
(node_modules/jsdom/lib/jsdom/living/events/EventTarget-impl.js:104:17)
      at HTMLInputElement.dispatchEvent 
(node_modules/jsdom/lib/jsdom/living/generated/EventTarget.js:241:34)
      at 
node_modules/@testing-library/user-event/dist/cjs/event/dispatchEvent.js:45:43
      at Object.eventWrapper 
(node_modules/@testing-library/dom/dist/config.js:25:23)
      at Object.wrapEvent 
(node_modules/@testing-library/user-event/dist/cjs/event/wrapEvent.js:6:28)
      at Object.dispatchEvent (node_modules/@testing-library/user-event/dist/cj
s/event/dispatchEvent.js:45:22)
      at Object.dispatchUIEvent (node_modules/@testing-library/user-event/dist/
cjs/event/dispatchEvent.js:22:26)
      at commitInput 
(node_modules/@testing-library/user-event/dist/cjs/event/input.js:145:14)
      at editInputElement 
(node_modules/@testing-library/user-event/dist/cjs/event/input.js:115:9)
      at Object.input 
(node_modules/@testing-library/user-event/dist/cjs/event/input.js:37:9)
      at node_modules/@testing-library/user-event/dist/cjs/event/behavior/keypr
ess.js:31:26
      at Object.dispatchEvent (node_modules/@testing-library/user-event/dist/cj
s/event/dispatchEvent.js:41:13)
      at Object.dispatchUIEvent (node_modules/@testing-library/user-event/dist/
cjs/event/dispatchEvent.js:22:26)
      at KeyboardHost.keydown 
(node_modules/@testing-library/user-event/dist/cjs/system/keyboard.js:76:22)
      at keyboardAction 
(node_modules/@testing-library/user-event/dist/cjs/keyboard/index.js:22:35)
      at Object.keyboard 
(node_modules/@testing-library/user-event/dist/cjs/keyboard/index.js:11:15)
      at Object.type 
(node_modules/@testing-library/user-event/dist/cjs/utility/type.js:17:5)
      at Object.<anonymous> 
(src/submissions/SubmissionTabs/__tests__/SubmissionTabs.test.tsx:271:9)

    console.error
      Warning: An update to PlacingBrokingPane inside a test was not wrapped 
in act(...).
      
      When testing, code that causes React state updates should be wrapped 
into act(...):
      
      act(() => {
        /* fire events that update state */
      });
      /* assert on the output */
      
      This ensures that you're testing the behavior the user would see in the 
browser. Learn more at https://reactjs.org/link/wrap-tests-with-act
          at PlacingBrokingPane (C:\Users\samhe\OneDrive\Desktop\Cleaned\fronte
nd\src\submissions\SubmissionTabs\SubmissionTabs.tsx:144:5)
          at div
          at div
          at SubmissionTabs (C:\Users\samhe\OneDrive\Desktop\Cleaned\frontend\s
rc\submissions\SubmissionTabs\SubmissionTabs.tsx:695:5)
          at basenameProp (C:\Users\samhe\OneDrive\Desktop\Cleaned\frontend\nod
e_modules\react-router\lib\components.tsx:421:13)
          at basename (C:\Users\samhe\OneDrive\Desktop\Cleaned\frontend\node_mo
dules\react-router\lib\components.tsx:225:3)

      259 |                         value={brokerIndividualName}
      260 |                         disabled={isEditLocked}
    > 261 |                         onChange={(e) => 
setBrokerIndividualName(e.target.value)}
          |                                          ^
      262 |                         className="w-full border border-gray-300 
rounded px-3 py-2 text-sm disabled:bg-gray-100 disabled:text-gray-500 
disabled:cursor-not-allowed"
      263 |                     />
      264 |                 </div>

      at printWarning 
(node_modules/react-dom/cjs/react-dom.development.js:86:30)
      at error (node_modules/react-dom/cjs/react-dom.development.js:60:7)
      at warnIfUpdatesNotWrappedWithActDEV 
(node_modules/react-dom/cjs/react-dom.development.js:27628:9)
      at scheduleUpdateOnFiber 
(node_modules/react-dom/cjs/react-dom.development.js:25547:5)
      at dispatchSetState 
(node_modules/react-dom/cjs/react-dom.development.js:16708:7)
      at onChange (src/submissions/SubmissionTabs/SubmissionTabs.tsx:261:42)
      at HTMLUnknownElement.callCallback 
(node_modules/react-dom/cjs/react-dom.development.js:4164:14)
      at HTMLUnknownElement.callTheUserObjectsOperation 
(node_modules/jsdom/lib/jsdom/living/generated/EventListener.js:26:30)
      at innerInvokeEventListeners 
(node_modules/jsdom/lib/jsdom/living/events/EventTarget-impl.js:350:25)
      at invokeEventListeners 
(node_modules/jsdom/lib/jsdom/living/events/EventTarget-impl.js:286:3)
      at HTMLUnknownElementImpl._dispatch 
(node_modules/jsdom/lib/jsdom/living/events/EventTarget-impl.js:233:9)
      at HTMLUnknownElementImpl.dispatchEvent 
(node_modules/jsdom/lib/jsdom/living/events/EventTarget-impl.js:104:17)
      at HTMLUnknownElement.dispatchEvent 
(node_modules/jsdom/lib/jsdom/living/generated/EventTarget.js:241:34)
      at Object.invokeGuardedCallbackDev 
(node_modules/react-dom/cjs/react-dom.development.js:4213:16)
      at invokeGuardedCallback 
(node_modules/react-dom/cjs/react-dom.development.js:4277:31)
      at invokeGuardedCallbackAndCatchFirstError 
(node_modules/react-dom/cjs/react-dom.development.js:4291:25)
      at executeDispatch 
(node_modules/react-dom/cjs/react-dom.development.js:9041:3)
      at processDispatchQueueItemsInOrder 
(node_modules/react-dom/cjs/react-dom.development.js:9073:7)
      at processDispatchQueue 
(node_modules/react-dom/cjs/react-dom.development.js:9086:5)
      at dispatchEventsForPlugins 
(node_modules/react-dom/cjs/react-dom.development.js:9097:3)
      at node_modules/react-dom/cjs/react-dom.development.js:9288:12
      at batchedUpdates$1 
(node_modules/react-dom/cjs/react-dom.development.js:26179:12)
      at batchedUpdates 
(node_modules/react-dom/cjs/react-dom.development.js:3991:12)
      at dispatchEventForPluginEventSystem 
(node_modules/react-dom/cjs/react-dom.development.js:9287:3)
      at dispatchEventWithEnableCapturePhaseSelectiveHydrationWithoutDiscreteEv
entReplay (node_modules/react-dom/cjs/react-dom.development.js:6465:5)
      at dispatchEvent 
(node_modules/react-dom/cjs/react-dom.development.js:6457:5)
      at dispatchDiscreteEvent 
(node_modules/react-dom/cjs/react-dom.development.js:6430:5)
      at HTMLDivElement.callTheUserObjectsOperation 
(node_modules/jsdom/lib/jsdom/living/generated/EventListener.js:26:30)
      at innerInvokeEventListeners 
(node_modules/jsdom/lib/jsdom/living/events/EventTarget-impl.js:350:25)
      at invokeEventListeners 
(node_modules/jsdom/lib/jsdom/living/events/EventTarget-impl.js:286:3)
      at HTMLInputElementImpl._dispatch 
(node_modules/jsdom/lib/jsdom/living/events/EventTarget-impl.js:233:9)
      at HTMLInputElementImpl.dispatchEvent 
(node_modules/jsdom/lib/jsdom/living/events/EventTarget-impl.js:104:17)
      at HTMLInputElement.dispatchEvent 
(node_modules/jsdom/lib/jsdom/living/generated/EventTarget.js:241:34)
      at 
node_modules/@testing-library/user-event/dist/cjs/event/dispatchEvent.js:45:43
      at Object.eventWrapper 
(node_modules/@testing-library/dom/dist/config.js:25:23)
      at Object.wrapEvent 
(node_modules/@testing-library/user-event/dist/cjs/event/wrapEvent.js:6:28)
      at Object.dispatchEvent (node_modules/@testing-library/user-event/dist/cj
s/event/dispatchEvent.js:45:22)
      at Object.dispatchUIEvent (node_modules/@testing-library/user-event/dist/
cjs/event/dispatchEvent.js:22:26)
      at commitInput 
(node_modules/@testing-library/user-event/dist/cjs/event/input.js:145:14)
      at editInputElement 
(node_modules/@testing-library/user-event/dist/cjs/event/input.js:115:9)
      at Object.input 
(node_modules/@testing-library/user-event/dist/cjs/event/input.js:37:9)
      at node_modules/@testing-library/user-event/dist/cjs/event/behavior/keypr
ess.js:31:26
      at Object.dispatchEvent (node_modules/@testing-library/user-event/dist/cj
s/event/dispatchEvent.js:41:13)
      at Object.dispatchUIEvent (node_modules/@testing-library/user-event/dist/
cjs/event/dispatchEvent.js:22:26)
      at KeyboardHost.keydown 
(node_modules/@testing-library/user-event/dist/cjs/system/keyboard.js:76:22)
      at keyboardAction 
(node_modules/@testing-library/user-event/dist/cjs/keyboard/index.js:22:35)
      at Object.keyboard 
(node_modules/@testing-library/user-event/dist/cjs/keyboard/index.js:11:15)
      at Object.type 
(node_modules/@testing-library/user-event/dist/cjs/utility/type.js:17:5)
      at Object.<anonymous> 
(src/submissions/SubmissionTabs/__tests__/SubmissionTabs.test.tsx:271:9)

    console.error
      Warning: An update to PlacingBrokingPane inside a test was not wrapped 
in act(...).
      
      When testing, code that causes React state updates should be wrapped 
into act(...):
      
      act(() => {
        /* fire events that update state */
      });
      /* assert on the output */
      
      This ensures that you're testing the behavior the user would see in the 
browser. Learn more at https://reactjs.org/link/wrap-tests-with-act
          at PlacingBrokingPane (C:\Users\samhe\OneDrive\Desktop\Cleaned\fronte
nd\src\submissions\SubmissionTabs\SubmissionTabs.tsx:144:5)
          at div
          at div
          at SubmissionTabs (C:\Users\samhe\OneDrive\Desktop\Cleaned\frontend\s
rc\submissions\SubmissionTabs\SubmissionTabs.tsx:695:5)
          at basenameProp (C:\Users\samhe\OneDrive\Desktop\Cleaned\frontend\nod
e_modules\react-router\lib\components.tsx:421:13)
          at basename (C:\Users\samhe\OneDrive\Desktop\Cleaned\frontend\node_mo
dules\react-router\lib\components.tsx:225:3)

      259 |                         value={brokerIndividualName}
      260 |                         disabled={isEditLocked}
    > 261 |                         onChange={(e) => 
setBrokerIndividualName(e.target.value)}
          |                                          ^
      262 |                         className="w-full border border-gray-300 
rounded px-3 py-2 text-sm disabled:bg-gray-100 disabled:text-gray-500 
disabled:cursor-not-allowed"
      263 |                     />
      264 |                 </div>

      at printWarning 
(node_modules/react-dom/cjs/react-dom.development.js:86:30)
      at error (node_modules/react-dom/cjs/react-dom.development.js:60:7)
      at warnIfUpdatesNotWrappedWithActDEV 
(node_modules/react-dom/cjs/react-dom.development.js:27628:9)
      at scheduleUpdateOnFiber 
(node_modules/react-dom/cjs/react-dom.development.js:25547:5)
      at dispatchSetState 
(node_modules/react-dom/cjs/react-dom.development.js:16708:7)
      at onChange (src/submissions/SubmissionTabs/SubmissionTabs.tsx:261:42)
      at HTMLUnknownElement.callCallback 
(node_modules/react-dom/cjs/react-dom.development.js:4164:14)
      at HTMLUnknownElement.callTheUserObjectsOperation 
(node_modules/jsdom/lib/jsdom/living/generated/EventListener.js:26:30)
      at innerInvokeEventListeners 
(node_modules/jsdom/lib/jsdom/living/events/EventTarget-impl.js:350:25)
      at invokeEventListeners 
(node_modules/jsdom/lib/jsdom/living/events/EventTarget-impl.js:286:3)
      at HTMLUnknownElementImpl._dispatch 
(node_modules/jsdom/lib/jsdom/living/events/EventTarget-impl.js:233:9)
      at HTMLUnknownElementImpl.dispatchEvent 
(node_modules/jsdom/lib/jsdom/living/events/EventTarget-impl.js:104:17)
      at HTMLUnknownElement.dispatchEvent 
(node_modules/jsdom/lib/jsdom/living/generated/EventTarget.js:241:34)
      at Object.invokeGuardedCallbackDev 
(node_modules/react-dom/cjs/react-dom.development.js:4213:16)
      at invokeGuardedCallback 
(node_modules/react-dom/cjs/react-dom.development.js:4277:31)
      at invokeGuardedCallbackAndCatchFirstError 
(node_modules/react-dom/cjs/react-dom.development.js:4291:25)
      at executeDispatch 
(node_modules/react-dom/cjs/react-dom.development.js:9041:3)
      at processDispatchQueueItemsInOrder 
(node_modules/react-dom/cjs/react-dom.development.js:9073:7)
      at processDispatchQueue 
(node_modules/react-dom/cjs/react-dom.development.js:9086:5)
      at dispatchEventsForPlugins 
(node_modules/react-dom/cjs/react-dom.development.js:9097:3)
      at node_modules/react-dom/cjs/react-dom.development.js:9288:12
      at batchedUpdates$1 
(node_modules/react-dom/cjs/react-dom.development.js:26179:12)
      at batchedUpdates 
(node_modules/react-dom/cjs/react-dom.development.js:3991:12)
      at dispatchEventForPluginEventSystem 
(node_modules/react-dom/cjs/react-dom.development.js:9287:3)
      at dispatchEventWithEnableCapturePhaseSelectiveHydrationWithoutDiscreteEv
entReplay (node_modules/react-dom/cjs/react-dom.development.js:6465:5)
      at dispatchEvent 
(node_modules/react-dom/cjs/react-dom.development.js:6457:5)
      at dispatchDiscreteEvent 
(node_modules/react-dom/cjs/react-dom.development.js:6430:5)
      at HTMLDivElement.callTheUserObjectsOperation 
(node_modules/jsdom/lib/jsdom/living/generated/EventListener.js:26:30)
      at innerInvokeEventListeners 
(node_modules/jsdom/lib/jsdom/living/events/EventTarget-impl.js:350:25)
      at invokeEventListeners 
(node_modules/jsdom/lib/jsdom/living/events/EventTarget-impl.js:286:3)
      at HTMLInputElementImpl._dispatch 
(node_modules/jsdom/lib/jsdom/living/events/EventTarget-impl.js:233:9)
      at HTMLInputElementImpl.dispatchEvent 
(node_modules/jsdom/lib/jsdom/living/events/EventTarget-impl.js:104:17)
      at HTMLInputElement.dispatchEvent 
(node_modules/jsdom/lib/jsdom/living/generated/EventTarget.js:241:34)
      at 
node_modules/@testing-library/user-event/dist/cjs/event/dispatchEvent.js:45:43
      at Object.eventWrapper 
(node_modules/@testing-library/dom/dist/config.js:25:23)
      at Object.wrapEvent 
(node_modules/@testing-library/user-event/dist/cjs/event/wrapEvent.js:6:28)
      at Object.dispatchEvent (node_modules/@testing-library/user-event/dist/cj
s/event/dispatchEvent.js:45:22)
      at Object.dispatchUIEvent (node_modules/@testing-library/user-event/dist/
cjs/event/dispatchEvent.js:22:26)
      at commitInput 
(node_modules/@testing-library/user-event/dist/cjs/event/input.js:145:14)
      at editInputElement 
(node_modules/@testing-library/user-event/dist/cjs/event/input.js:115:9)
      at Object.input 
(node_modules/@testing-library/user-event/dist/cjs/event/input.js:37:9)
      at node_modules/@testing-library/user-event/dist/cjs/event/behavior/keypr
ess.js:31:26
      at Object.dispatchEvent (node_modules/@testing-library/user-event/dist/cj
s/event/dispatchEvent.js:41:13)
      at Object.dispatchUIEvent (node_modules/@testing-library/user-event/dist/
cjs/event/dispatchEvent.js:22:26)
      at KeyboardHost.keydown 
(node_modules/@testing-library/user-event/dist/cjs/system/keyboard.js:76:22)
      at keyboardAction 
(node_modules/@testing-library/user-event/dist/cjs/keyboard/index.js:22:35)
      at Object.keyboard 
(node_modules/@testing-library/user-event/dist/cjs/keyboard/index.js:11:15)
      at Object.type 
(node_modules/@testing-library/user-event/dist/cjs/utility/type.js:17:5)
      at Object.<anonymous> 
(src/submissions/SubmissionTabs/__tests__/SubmissionTabs.test.tsx:271:9)

    console.error
      Warning: An update to PlacingBrokingPane inside a test was not wrapped 
in act(...).
      
      When testing, code that causes React state updates should be wrapped 
into act(...):
      
      act(() => {
        /* fire events that update state */
      });
      /* assert on the output */
      
      This ensures that you're testing the behavior the user would see in the 
browser. Learn more at https://reactjs.org/link/wrap-tests-with-act
          at PlacingBrokingPane (C:\Users\samhe\OneDrive\Desktop\Cleaned\fronte
nd\src\submissions\SubmissionTabs\SubmissionTabs.tsx:144:5)
          at div
          at div
          at SubmissionTabs (C:\Users\samhe\OneDrive\Desktop\Cleaned\frontend\s
rc\submissions\SubmissionTabs\SubmissionTabs.tsx:695:5)
          at basenameProp (C:\Users\samhe\OneDrive\Desktop\Cleaned\frontend\nod
e_modules\react-router\lib\components.tsx:421:13)
          at basename (C:\Users\samhe\OneDrive\Desktop\Cleaned\frontend\node_mo
dules\react-router\lib\components.tsx:225:3)

      259 |                         value={brokerIndividualName}
      260 |                         disabled={isEditLocked}
    > 261 |                         onChange={(e) => 
setBrokerIndividualName(e.target.value)}
          |                                          ^
      262 |                         className="w-full border border-gray-300 
rounded px-3 py-2 text-sm disabled:bg-gray-100 disabled:text-gray-500 
disabled:cursor-not-allowed"
      263 |                     />
      264 |                 </div>

      at printWarning 
(node_modules/react-dom/cjs/react-dom.development.js:86:30)
      at error (node_modules/react-dom/cjs/react-dom.development.js:60:7)
      at warnIfUpdatesNotWrappedWithActDEV 
(node_modules/react-dom/cjs/react-dom.development.js:27628:9)
      at scheduleUpdateOnFiber 
(node_modules/react-dom/cjs/react-dom.development.js:25547:5)
      at dispatchSetState 
(node_modules/react-dom/cjs/react-dom.development.js:16708:7)
      at onChange (src/submissions/SubmissionTabs/SubmissionTabs.tsx:261:42)
      at HTMLUnknownElement.callCallback 
(node_modules/react-dom/cjs/react-dom.development.js:4164:14)
      at HTMLUnknownElement.callTheUserObjectsOperation 
(node_modules/jsdom/lib/jsdom/living/generated/EventListener.js:26:30)
      at innerInvokeEventListeners 
(node_modules/jsdom/lib/jsdom/living/events/EventTarget-impl.js:350:25)
      at invokeEventListeners 
(node_modules/jsdom/lib/jsdom/living/events/EventTarget-impl.js:286:3)
      at HTMLUnknownElementImpl._dispatch 
(node_modules/jsdom/lib/jsdom/living/events/EventTarget-impl.js:233:9)
      at HTMLUnknownElementImpl.dispatchEvent 
(node_modules/jsdom/lib/jsdom/living/events/EventTarget-impl.js:104:17)
      at HTMLUnknownElement.dispatchEvent 
(node_modules/jsdom/lib/jsdom/living/generated/EventTarget.js:241:34)
      at Object.invokeGuardedCallbackDev 
(node_modules/react-dom/cjs/react-dom.development.js:4213:16)
      at invokeGuardedCallback 
(node_modules/react-dom/cjs/react-dom.development.js:4277:31)
      at invokeGuardedCallbackAndCatchFirstError 
(node_modules/react-dom/cjs/react-dom.development.js:4291:25)
      at executeDispatch 
(node_modules/react-dom/cjs/react-dom.development.js:9041:3)
      at processDispatchQueueItemsInOrder 
(node_modules/react-dom/cjs/react-dom.development.js:9073:7)
      at processDispatchQueue 
(node_modules/react-dom/cjs/react-dom.development.js:9086:5)
      at dispatchEventsForPlugins 
(node_modules/react-dom/cjs/react-dom.development.js:9097:3)
      at node_modules/react-dom/cjs/react-dom.development.js:9288:12
      at batchedUpdates$1 
(node_modules/react-dom/cjs/react-dom.development.js:26179:12)
      at batchedUpdates 
(node_modules/react-dom/cjs/react-dom.development.js:3991:12)
      at dispatchEventForPluginEventSystem 
(node_modules/react-dom/cjs/react-dom.development.js:9287:3)
      at dispatchEventWithEnableCapturePhaseSelectiveHydrationWithoutDiscreteEv
entReplay (node_modules/react-dom/cjs/react-dom.development.js:6465:5)
      at dispatchEvent 
(node_modules/react-dom/cjs/react-dom.development.js:6457:5)
      at dispatchDiscreteEvent 
(node_modules/react-dom/cjs/react-dom.development.js:6430:5)
      at HTMLDivElement.callTheUserObjectsOperation 
(node_modules/jsdom/lib/jsdom/living/generated/EventListener.js:26:30)
      at innerInvokeEventListeners 
(node_modules/jsdom/lib/jsdom/living/events/EventTarget-impl.js:350:25)
      at invokeEventListeners 
(node_modules/jsdom/lib/jsdom/living/events/EventTarget-impl.js:286:3)
      at HTMLInputElementImpl._dispatch 
(node_modules/jsdom/lib/jsdom/living/events/EventTarget-impl.js:233:9)
      at HTMLInputElementImpl.dispatchEvent 
(node_modules/jsdom/lib/jsdom/living/events/EventTarget-impl.js:104:17)
      at HTMLInputElement.dispatchEvent 
(node_modules/jsdom/lib/jsdom/living/generated/EventTarget.js:241:34)
      at 
node_modules/@testing-library/user-event/dist/cjs/event/dispatchEvent.js:45:43
      at Object.eventWrapper 
(node_modules/@testing-library/dom/dist/config.js:25:23)
      at Object.wrapEvent 
(node_modules/@testing-library/user-event/dist/cjs/event/wrapEvent.js:6:28)
      at Object.dispatchEvent (node_modules/@testing-library/user-event/dist/cj
s/event/dispatchEvent.js:45:22)
      at Object.dispatchUIEvent (node_modules/@testing-library/user-event/dist/
cjs/event/dispatchEvent.js:22:26)
      at commitInput 
(node_modules/@testing-library/user-event/dist/cjs/event/input.js:145:14)
      at editInputElement 
(node_modules/@testing-library/user-event/dist/cjs/event/input.js:115:9)
      at Object.input 
(node_modules/@testing-library/user-event/dist/cjs/event/input.js:37:9)
      at node_modules/@testing-library/user-event/dist/cjs/event/behavior/keypr
ess.js:31:26
      at Object.dispatchEvent (node_modules/@testing-library/user-event/dist/cj
s/event/dispatchEvent.js:41:13)
      at Object.dispatchUIEvent (node_modules/@testing-library/user-event/dist/
cjs/event/dispatchEvent.js:22:26)
      at KeyboardHost.keydown 
(node_modules/@testing-library/user-event/dist/cjs/system/keyboard.js:76:22)
      at keyboardAction 
(node_modules/@testing-library/user-event/dist/cjs/keyboard/index.js:22:35)
      at Object.keyboard 
(node_modules/@testing-library/user-event/dist/cjs/keyboard/index.js:11:15)
      at Object.type 
(node_modules/@testing-library/user-event/dist/cjs/utility/type.js:17:5)
      at Object.<anonymous> 
(src/submissions/SubmissionTabs/__tests__/SubmissionTabs.test.tsx:271:9)

    console.error
      Warning: An update to PlacingBrokingPane inside a test was not wrapped 
in act(...).
      
      When testing, code that causes React state updates should be wrapped 
into act(...):
      
      act(() => {
        /* fire events that update state */
      });
      /* assert on the output */
      
      This ensures that you're testing the behavior the user would see in the 
browser. Learn more at https://reactjs.org/link/wrap-tests-with-act
          at PlacingBrokingPane (C:\Users\samhe\OneDrive\Desktop\Cleaned\fronte
nd\src\submissions\SubmissionTabs\SubmissionTabs.tsx:144:5)
          at div
          at div
          at SubmissionTabs (C:\Users\samhe\OneDrive\Desktop\Cleaned\frontend\s
rc\submissions\SubmissionTabs\SubmissionTabs.tsx:695:5)
          at basenameProp (C:\Users\samhe\OneDrive\Desktop\Cleaned\frontend\nod
e_modules\react-router\lib\components.tsx:421:13)
          at basename (C:\Users\samhe\OneDrive\Desktop\Cleaned\frontend\node_mo
dules\react-router\lib\components.tsx:225:3)

      259 |                         value={brokerIndividualName}
      260 |                         disabled={isEditLocked}
    > 261 |                         onChange={(e) => 
setBrokerIndividualName(e.target.value)}
          |                                          ^
      262 |                         className="w-full border border-gray-300 
rounded px-3 py-2 text-sm disabled:bg-gray-100 disabled:text-gray-500 
disabled:cursor-not-allowed"
      263 |                     />
      264 |                 </div>

      at printWarning 
(node_modules/react-dom/cjs/react-dom.development.js:86:30)
      at error (node_modules/react-dom/cjs/react-dom.development.js:60:7)
      at warnIfUpdatesNotWrappedWithActDEV 
(node_modules/react-dom/cjs/react-dom.development.js:27628:9)
      at scheduleUpdateOnFiber 
(node_modules/react-dom/cjs/react-dom.development.js:25547:5)
      at dispatchSetState 
(node_modules/react-dom/cjs/react-dom.development.js:16708:7)
      at onChange (src/submissions/SubmissionTabs/SubmissionTabs.tsx:261:42)
      at HTMLUnknownElement.callCallback 
(node_modules/react-dom/cjs/react-dom.development.js:4164:14)
      at HTMLUnknownElement.callTheUserObjectsOperation 
(node_modules/jsdom/lib/jsdom/living/generated/EventListener.js:26:30)
      at innerInvokeEventListeners 
(node_modules/jsdom/lib/jsdom/living/events/EventTarget-impl.js:350:25)
      at invokeEventListeners 
(node_modules/jsdom/lib/jsdom/living/events/EventTarget-impl.js:286:3)
      at HTMLUnknownElementImpl._dispatch 
(node_modules/jsdom/lib/jsdom/living/events/EventTarget-impl.js:233:9)
      at HTMLUnknownElementImpl.dispatchEvent 
(node_modules/jsdom/lib/jsdom/living/events/EventTarget-impl.js:104:17)
      at HTMLUnknownElement.dispatchEvent 
(node_modules/jsdom/lib/jsdom/living/generated/EventTarget.js:241:34)
      at Object.invokeGuardedCallbackDev 
(node_modules/react-dom/cjs/react-dom.development.js:4213:16)
      at invokeGuardedCallback 
(node_modules/react-dom/cjs/react-dom.development.js:4277:31)
      at invokeGuardedCallbackAndCatchFirstError 
(node_modules/react-dom/cjs/react-dom.development.js:4291:25)
      at executeDispatch 
(node_modules/react-dom/cjs/react-dom.development.js:9041:3)
      at processDispatchQueueItemsInOrder 
(node_modules/react-dom/cjs/react-dom.development.js:9073:7)
      at processDispatchQueue 
(node_modules/react-dom/cjs/react-dom.development.js:9086:5)
      at dispatchEventsForPlugins 
(node_modules/react-dom/cjs/react-dom.development.js:9097:3)
      at node_modules/react-dom/cjs/react-dom.development.js:9288:12
      at batchedUpdates$1 
(node_modules/react-dom/cjs/react-dom.development.js:26179:12)
      at batchedUpdates 
(node_modules/react-dom/cjs/react-dom.development.js:3991:12)
      at dispatchEventForPluginEventSystem 
(node_modules/react-dom/cjs/react-dom.development.js:9287:3)
      at dispatchEventWithEnableCapturePhaseSelectiveHydrationWithoutDiscreteEv
entReplay (node_modules/react-dom/cjs/react-dom.development.js:6465:5)
      at dispatchEvent 
(node_modules/react-dom/cjs/react-dom.development.js:6457:5)
      at dispatchDiscreteEvent 
(node_modules/react-dom/cjs/react-dom.development.js:6430:5)
      at HTMLDivElement.callTheUserObjectsOperation 
(node_modules/jsdom/lib/jsdom/living/generated/EventListener.js:26:30)
      at innerInvokeEventListeners 
(node_modules/jsdom/lib/jsdom/living/events/EventTarget-impl.js:350:25)
      at invokeEventListeners 
(node_modules/jsdom/lib/jsdom/living/events/EventTarget-impl.js:286:3)
      at HTMLInputElementImpl._dispatch 
(node_modules/jsdom/lib/jsdom/living/events/EventTarget-impl.js:233:9)
      at HTMLInputElementImpl.dispatchEvent 
(node_modules/jsdom/lib/jsdom/living/events/EventTarget-impl.js:104:17)
      at HTMLInputElement.dispatchEvent 
(node_modules/jsdom/lib/jsdom/living/generated/EventTarget.js:241:34)
      at 
node_modules/@testing-library/user-event/dist/cjs/event/dispatchEvent.js:45:43
      at Object.eventWrapper 
(node_modules/@testing-library/dom/dist/config.js:25:23)
      at Object.wrapEvent 
(node_modules/@testing-library/user-event/dist/cjs/event/wrapEvent.js:6:28)
      at Object.dispatchEvent (node_modules/@testing-library/user-event/dist/cj
s/event/dispatchEvent.js:45:22)
      at Object.dispatchUIEvent (node_modules/@testing-library/user-event/dist/
cjs/event/dispatchEvent.js:22:26)
      at commitInput 
(node_modules/@testing-library/user-event/dist/cjs/event/input.js:145:14)
      at editInputElement 
(node_modules/@testing-library/user-event/dist/cjs/event/input.js:115:9)
      at Object.input 
(node_modules/@testing-library/user-event/dist/cjs/event/input.js:37:9)
      at node_modules/@testing-library/user-event/dist/cjs/event/behavior/keypr
ess.js:31:26
      at Object.dispatchEvent (node_modules/@testing-library/user-event/dist/cj
s/event/dispatchEvent.js:41:13)
      at Object.dispatchUIEvent (node_modules/@testing-library/user-event/dist/
cjs/event/dispatchEvent.js:22:26)
      at KeyboardHost.keydown 
(node_modules/@testing-library/user-event/dist/cjs/system/keyboard.js:76:22)
      at keyboardAction 
(node_modules/@testing-library/user-event/dist/cjs/keyboard/index.js:22:35)
      at Object.keyboard 
(node_modules/@testing-library/user-event/dist/cjs/keyboard/index.js:11:15)
      at Object.type 
(node_modules/@testing-library/user-event/dist/cjs/utility/type.js:17:5)
      at Object.<anonymous> 
(src/submissions/SubmissionTabs/__tests__/SubmissionTabs.test.tsx:271:9)

    console.error
      Warning: An update to PlacingBrokingPane inside a test was not wrapped 
in act(...).
      
      When testing, code that causes React state updates should be wrapped 
into act(...):
      
      act(() => {
        /* fire events that update state */
      });
      /* assert on the output */
      
      This ensures that you're testing the behavior the user would see in the 
browser. Learn more at https://reactjs.org/link/wrap-tests-with-act
          at PlacingBrokingPane (C:\Users\samhe\OneDrive\Desktop\Cleaned\fronte
nd\src\submissions\SubmissionTabs\SubmissionTabs.tsx:144:5)
          at div
          at div
          at SubmissionTabs (C:\Users\samhe\OneDrive\Desktop\Cleaned\frontend\s
rc\submissions\SubmissionTabs\SubmissionTabs.tsx:695:5)
          at basenameProp (C:\Users\samhe\OneDrive\Desktop\Cleaned\frontend\nod
e_modules\react-router\lib\components.tsx:421:13)
          at basename (C:\Users\samhe\OneDrive\Desktop\Cleaned\frontend\node_mo
dules\react-router\lib\components.tsx:225:3)

      259 |                         value={brokerIndividualName}
      260 |                         disabled={isEditLocked}
    > 261 |                         onChange={(e) => 
setBrokerIndividualName(e.target.value)}
          |                                          ^
      262 |                         className="w-full border border-gray-300 
rounded px-3 py-2 text-sm disabled:bg-gray-100 disabled:text-gray-500 
disabled:cursor-not-allowed"
      263 |                     />
      264 |                 </div>

      at printWarning 
(node_modules/react-dom/cjs/react-dom.development.js:86:30)
      at error (node_modules/react-dom/cjs/react-dom.development.js:60:7)
      at warnIfUpdatesNotWrappedWithActDEV 
(node_modules/react-dom/cjs/react-dom.development.js:27628:9)
      at scheduleUpdateOnFiber 
(node_modules/react-dom/cjs/react-dom.development.js:25547:5)
      at dispatchSetState 
(node_modules/react-dom/cjs/react-dom.development.js:16708:7)
      at onChange (src/submissions/SubmissionTabs/SubmissionTabs.tsx:261:42)
      at HTMLUnknownElement.callCallback 
(node_modules/react-dom/cjs/react-dom.development.js:4164:14)
      at HTMLUnknownElement.callTheUserObjectsOperation 
(node_modules/jsdom/lib/jsdom/living/generated/EventListener.js:26:30)
      at innerInvokeEventListeners 
(node_modules/jsdom/lib/jsdom/living/events/EventTarget-impl.js:350:25)
      at invokeEventListeners 
(node_modules/jsdom/lib/jsdom/living/events/EventTarget-impl.js:286:3)
      at HTMLUnknownElementImpl._dispatch 
(node_modules/jsdom/lib/jsdom/living/events/EventTarget-impl.js:233:9)
      at HTMLUnknownElementImpl.dispatchEvent 
(node_modules/jsdom/lib/jsdom/living/events/EventTarget-impl.js:104:17)
      at HTMLUnknownElement.dispatchEvent 
(node_modules/jsdom/lib/jsdom/living/generated/EventTarget.js:241:34)
      at Object.invokeGuardedCallbackDev 
(node_modules/react-dom/cjs/react-dom.development.js:4213:16)
      at invokeGuardedCallback 
(node_modules/react-dom/cjs/react-dom.development.js:4277:31)
      at invokeGuardedCallbackAndCatchFirstError 
(node_modules/react-dom/cjs/react-dom.development.js:4291:25)
      at executeDispatch 
(node_modules/react-dom/cjs/react-dom.development.js:9041:3)
      at processDispatchQueueItemsInOrder 
(node_modules/react-dom/cjs/react-dom.development.js:9073:7)
      at processDispatchQueue 
(node_modules/react-dom/cjs/react-dom.development.js:9086:5)
      at dispatchEventsForPlugins 
(node_modules/react-dom/cjs/react-dom.development.js:9097:3)
      at node_modules/react-dom/cjs/react-dom.development.js:9288:12
      at batchedUpdates$1 
(node_modules/react-dom/cjs/react-dom.development.js:26179:12)
      at batchedUpdates 
(node_modules/react-dom/cjs/react-dom.development.js:3991:12)
      at dispatchEventForPluginEventSystem 
(node_modules/react-dom/cjs/react-dom.development.js:9287:3)
      at dispatchEventWithEnableCapturePhaseSelectiveHydrationWithoutDiscreteEv
entReplay (node_modules/react-dom/cjs/react-dom.development.js:6465:5)
      at dispatchEvent 
(node_modules/react-dom/cjs/react-dom.development.js:6457:5)
      at dispatchDiscreteEvent 
(node_modules/react-dom/cjs/react-dom.development.js:6430:5)
      at HTMLDivElement.callTheUserObjectsOperation 
(node_modules/jsdom/lib/jsdom/living/generated/EventListener.js:26:30)
      at innerInvokeEventListeners 
(node_modules/jsdom/lib/jsdom/living/events/EventTarget-impl.js:350:25)
      at invokeEventListeners 
(node_modules/jsdom/lib/jsdom/living/events/EventTarget-impl.js:286:3)
      at HTMLInputElementImpl._dispatch 
(node_modules/jsdom/lib/jsdom/living/events/EventTarget-impl.js:233:9)
      at HTMLInputElementImpl.dispatchEvent 
(node_modules/jsdom/lib/jsdom/living/events/EventTarget-impl.js:104:17)
      at HTMLInputElement.dispatchEvent 
(node_modules/jsdom/lib/jsdom/living/generated/EventTarget.js:241:34)
      at 
node_modules/@testing-library/user-event/dist/cjs/event/dispatchEvent.js:45:43
      at Object.eventWrapper 
(node_modules/@testing-library/dom/dist/config.js:25:23)
      at Object.wrapEvent 
(node_modules/@testing-library/user-event/dist/cjs/event/wrapEvent.js:6:28)
      at Object.dispatchEvent (node_modules/@testing-library/user-event/dist/cj
s/event/dispatchEvent.js:45:22)
      at Object.dispatchUIEvent (node_modules/@testing-library/user-event/dist/
cjs/event/dispatchEvent.js:22:26)
      at commitInput 
(node_modules/@testing-library/user-event/dist/cjs/event/input.js:145:14)
      at editInputElement 
(node_modules/@testing-library/user-event/dist/cjs/event/input.js:115:9)
      at Object.input 
(node_modules/@testing-library/user-event/dist/cjs/event/input.js:37:9)
      at node_modules/@testing-library/user-event/dist/cjs/event/behavior/keypr
ess.js:31:26
      at Object.dispatchEvent (node_modules/@testing-library/user-event/dist/cj
s/event/dispatchEvent.js:41:13)
      at Object.dispatchUIEvent (node_modules/@testing-library/user-event/dist/
cjs/event/dispatchEvent.js:22:26)
      at KeyboardHost.keydown 
(node_modules/@testing-library/user-event/dist/cjs/system/keyboard.js:76:22)
      at keyboardAction 
(node_modules/@testing-library/user-event/dist/cjs/keyboard/index.js:22:35)
      at Object.keyboard 
(node_modules/@testing-library/user-event/dist/cjs/keyboard/index.js:11:15)
      at Object.type 
(node_modules/@testing-library/user-event/dist/cjs/utility/type.js:17:5)
      at Object.<anonymous> 
(src/submissions/SubmissionTabs/__tests__/SubmissionTabs.test.tsx:271:9)

    console.error
      Warning: An update to SubmissionTabs inside a test was not wrapped in 
act(...).
      
      When testing, code that causes React state updates should be wrapped 
into act(...):
      
      act(() => {
        /* fire events that update state */
      });
      /* assert on the output */
      
      This ensures that you're testing the behavior the user would see in the 
browser. Learn more at https://reactjs.org/link/wrap-tests-with-act
          at SubmissionTabs (C:\Users\samhe\OneDrive\Desktop\Cleaned\frontend\s
rc\submissions\SubmissionTabs\SubmissionTabs.tsx:695:5)
          at basenameProp (C:\Users\samhe\OneDrive\Desktop\Cleaned\frontend\nod
e_modules\react-router\lib\components.tsx:421:13)
          at basename (C:\Users\samhe\OneDrive\Desktop\Cleaned\frontend\node_mo
dules\react-router\lib\components.tsx:225:3)

      711 |                         role="tab"
      712 |                         aria-selected={activeTab === tab}
    > 713 |                         onClick={() => setActiveTab(tab)}
          |                                        ^
      714 |                         className={`px-4 py-2 -mb-px text-sm 
font-medium border-b-2 transition-colors ${activeTab === tab
      715 |                                 ? 'border-brand-500 text-brand-600'
      716 |                                 : 'border-transparent 
text-gray-500 hover:text-brand-500'

      at printWarning 
(node_modules/react-dom/cjs/react-dom.development.js:86:30)
      at error (node_modules/react-dom/cjs/react-dom.development.js:60:7)
      at warnIfUpdatesNotWrappedWithActDEV 
(node_modules/react-dom/cjs/react-dom.development.js:27628:9)
      at scheduleUpdateOnFiber 
(node_modules/react-dom/cjs/react-dom.development.js:25547:5)
      at dispatchSetState 
(node_modules/react-dom/cjs/react-dom.development.js:16708:7)
      at onClick (src/submissions/SubmissionTabs/SubmissionTabs.tsx:713:40)
      at HTMLUnknownElement.callCallback 
(node_modules/react-dom/cjs/react-dom.development.js:4164:14)
      at HTMLUnknownElement.callTheUserObjectsOperation 
(node_modules/jsdom/lib/jsdom/living/generated/EventListener.js:26:30)
      at innerInvokeEventListeners 
(node_modules/jsdom/lib/jsdom/living/events/EventTarget-impl.js:350:25)
      at invokeEventListeners 
(node_modules/jsdom/lib/jsdom/living/events/EventTarget-impl.js:286:3)
      at HTMLUnknownElementImpl._dispatch 
(node_modules/jsdom/lib/jsdom/living/events/EventTarget-impl.js:233:9)
      at HTMLUnknownElementImpl.dispatchEvent 
(node_modules/jsdom/lib/jsdom/living/events/EventTarget-impl.js:104:17)
      at HTMLUnknownElement.dispatchEvent 
(node_modules/jsdom/lib/jsdom/living/generated/EventTarget.js:241:34)
      at Object.invokeGuardedCallbackDev 
(node_modules/react-dom/cjs/react-dom.development.js:4213:16)
      at invokeGuardedCallback 
(node_modules/react-dom/cjs/react-dom.development.js:4277:31)
      at invokeGuardedCallbackAndCatchFirstError 
(node_modules/react-dom/cjs/react-dom.development.js:4291:25)
      at executeDispatch 
(node_modules/react-dom/cjs/react-dom.development.js:9041:3)
      at processDispatchQueueItemsInOrder 
(node_modules/react-dom/cjs/react-dom.development.js:9073:7)
      at processDispatchQueue 
(node_modules/react-dom/cjs/react-dom.development.js:9086:5)
      at dispatchEventsForPlugins 
(node_modules/react-dom/cjs/react-dom.development.js:9097:3)
      at node_modules/react-dom/cjs/react-dom.development.js:9288:12
      at batchedUpdates$1 
(node_modules/react-dom/cjs/react-dom.development.js:26179:12)
      at batchedUpdates 
(node_modules/react-dom/cjs/react-dom.development.js:3991:12)
      at dispatchEventForPluginEventSystem 
(node_modules/react-dom/cjs/react-dom.development.js:9287:3)
      at dispatchEventWithEnableCapturePhaseSelectiveHydrationWithoutDiscreteEv
entReplay (node_modules/react-dom/cjs/react-dom.development.js:6465:5)
      at dispatchEvent 
(node_modules/react-dom/cjs/react-dom.development.js:6457:5)
      at dispatchDiscreteEvent 
(node_modules/react-dom/cjs/react-dom.development.js:6430:5)
      at HTMLDivElement.callTheUserObjectsOperation 
(node_modules/jsdom/lib/jsdom/living/generated/EventListener.js:26:30)
      at innerInvokeEventListeners 
(node_modules/jsdom/lib/jsdom/living/events/EventTarget-impl.js:350:25)
      at invokeEventListeners 
(node_modules/jsdom/lib/jsdom/living/events/EventTarget-impl.js:286:3)
      at HTMLButtonElementImpl._dispatch 
(node_modules/jsdom/lib/jsdom/living/events/EventTarget-impl.js:233:9)
      at HTMLButtonElementImpl.dispatchEvent 
(node_modules/jsdom/lib/jsdom/living/events/EventTarget-impl.js:104:17)
      at HTMLButtonElement.dispatchEvent 
(node_modules/jsdom/lib/jsdom/living/generated/EventTarget.js:241:34)
      at 
node_modules/@testing-library/user-event/dist/cjs/event/dispatchEvent.js:45:43
      at Object.eventWrapper 
(node_modules/@testing-library/dom/dist/config.js:25:23)
      at Object.wrapEvent 
(node_modules/@testing-library/user-event/dist/cjs/event/wrapEvent.js:6:28)
      at Object.dispatchEvent (node_modules/@testing-library/user-event/dist/cj
s/event/dispatchEvent.js:45:22)
      at Object.dispatchUIEvent (node_modules/@testing-library/user-event/dist/
cjs/event/dispatchEvent.js:22:26)
      at Mouse.up (node_modules/@testing-library/user-event/dist/cjs/system/poi
nter/mouse.js:100:30)
      at PointerHost.release (node_modules/@testing-library/user-event/dist/cjs
/system/pointer/index.js:87:24)
      at pointerAction 
(node_modules/@testing-library/user-event/dist/cjs/pointer/index.js:54:47)
      at Object.pointer 
(node_modules/@testing-library/user-event/dist/cjs/pointer/index.js:27:9)
      at Object.<anonymous> 
(src/submissions/SubmissionTabs/__tests__/SubmissionTabs.test.tsx:308:9)

    console.error
      Warning: An update to AuditPane inside a test was not wrapped in 
act(...).
      
      When testing, code that causes React state updates should be wrapped 
into act(...):
      
      act(() => {
        /* fire events that update state */
      });
      /* assert on the output */
      
      This ensures that you're testing the behavior the user would see in the 
browser. Learn more at https://reactjs.org/link/wrap-tests-with-act
          at AuditPane (C:\Users\samhe\OneDrive\Desktop\Cleaned\frontend\src\su
bmissions\SubmissionTabs\SubmissionTabs.tsx:573:22)
          at div
          at div
          at SubmissionTabs (C:\Users\samhe\OneDrive\Desktop\Cleaned\frontend\s
rc\submissions\SubmissionTabs\SubmissionTabs.tsx:695:5)
          at basenameProp (C:\Users\samhe\OneDrive\Desktop\Cleaned\frontend\nod
e_modules\react-router\lib\components.tsx:421:13)
          at basename (C:\Users\samhe\OneDrive\Desktop\Cleaned\frontend\node_mo
dules\react-router\lib\components.tsx:225:3)

      at printWarning 
(node_modules/react-dom/cjs/react-dom.development.js:86:30)
      at error (node_modules/react-dom/cjs/react-dom.development.js:60:7)
      at warnIfUpdatesNotWrappedWithActDEV 
(node_modules/react-dom/cjs/react-dom.development.js:27628:9)
      at scheduleUpdateOnFiber 
(node_modules/react-dom/cjs/react-dom.development.js:25547:5)
      at dispatchSetState 
(node_modules/react-dom/cjs/react-dom.development.js:16708:7)

    console.error
      Warning: An update to AuditPane inside a test was not wrapped in 
act(...).
      
      When testing, code that causes React state updates should be wrapped 
into act(...):
      
      act(() => {
        /* fire events that update state */
      });
      /* assert on the output */
      
      This ensures that you're testing the behavior the user would see in the 
browser. Learn more at https://reactjs.org/link/wrap-tests-with-act
          at AuditPane (C:\Users\samhe\OneDrive\Desktop\Cleaned\frontend\src\su
bmissions\SubmissionTabs\SubmissionTabs.tsx:573:22)
          at div
          at div
          at SubmissionTabs (C:\Users\samhe\OneDrive\Desktop\Cleaned\frontend\s
rc\submissions\SubmissionTabs\SubmissionTabs.tsx:695:5)
          at basenameProp (C:\Users\samhe\OneDrive\Desktop\Cleaned\frontend\nod
e_modules\react-router\lib\components.tsx:421:13)
          at basename (C:\Users\samhe\OneDrive\Desktop\Cleaned\frontend\node_mo
dules\react-router\lib\components.tsx:225:3)

      583 |                 addNotification('Could not load audit trail.', 
'error')
      584 |             })
    > 585 |             .finally(() => setLoading(false))
          |                            ^
      586 |     }, [submissionId, addNotification])
      587 |
      588 |     if (loading) {

      at printWarning 
(node_modules/react-dom/cjs/react-dom.development.js:86:30)
      at error (node_modules/react-dom/cjs/react-dom.development.js:60:7)
      at warnIfUpdatesNotWrappedWithActDEV 
(node_modules/react-dom/cjs/react-dom.development.js:27628:9)
      at scheduleUpdateOnFiber 
(node_modules/react-dom/cjs/react-dom.development.js:25547:5)
      at dispatchSetState 
(node_modules/react-dom/cjs/react-dom.development.js:16708:7)
      at src/submissions/SubmissionTabs/SubmissionTabs.tsx:585:28

    console.error
      Warning: An update to SubmissionTabs inside a test was not wrapped in 
act(...).
      
      When testing, code that causes React state updates should be wrapped 
into act(...):
      
      act(() => {
        /* fire events that update state */
      });
      /* assert on the output */
      
      This ensures that you're testing the behavior the user would see in the 
browser. Learn more at https://reactjs.org/link/wrap-tests-with-act
          at SubmissionTabs (C:\Users\samhe\OneDrive\Desktop\Cleaned\frontend\s
rc\submissions\SubmissionTabs\SubmissionTabs.tsx:695:5)
          at basenameProp (C:\Users\samhe\OneDrive\Desktop\Cleaned\frontend\nod
e_modules\react-router\lib\components.tsx:421:13)
          at basename (C:\Users\samhe\OneDrive\Desktop\Cleaned\frontend\node_mo
dules\react-router\lib\components.tsx:225:3)

      711 |                         role="tab"
      712 |                         aria-selected={activeTab === tab}
    > 713 |                         onClick={() => setActiveTab(tab)}
          |                                        ^
      714 |                         className={`px-4 py-2 -mb-px text-sm 
font-medium border-b-2 transition-colors ${activeTab === tab
      715 |                                 ? 'border-brand-500 text-brand-600'
      716 |                                 : 'border-transparent 
text-gray-500 hover:text-brand-500'

      at printWarning 
(node_modules/react-dom/cjs/react-dom.development.js:86:30)
      at error (node_modules/react-dom/cjs/react-dom.development.js:60:7)
      at warnIfUpdatesNotWrappedWithActDEV 
(node_modules/react-dom/cjs/react-dom.development.js:27628:9)
      at scheduleUpdateOnFiber 
(node_modules/react-dom/cjs/react-dom.development.js:25547:5)
      at dispatchSetState 
(node_modules/react-dom/cjs/react-dom.development.js:16708:7)
      at onClick (src/submissions/SubmissionTabs/SubmissionTabs.tsx:713:40)
      at HTMLUnknownElement.callCallback 
(node_modules/react-dom/cjs/react-dom.development.js:4164:14)
      at HTMLUnknownElement.callTheUserObjectsOperation 
(node_modules/jsdom/lib/jsdom/living/generated/EventListener.js:26:30)
      at innerInvokeEventListeners 
(node_modules/jsdom/lib/jsdom/living/events/EventTarget-impl.js:350:25)
      at invokeEventListeners 
(node_modules/jsdom/lib/jsdom/living/events/EventTarget-impl.js:286:3)
      at HTMLUnknownElementImpl._dispatch 
(node_modules/jsdom/lib/jsdom/living/events/EventTarget-impl.js:233:9)
      at HTMLUnknownElementImpl.dispatchEvent 
(node_modules/jsdom/lib/jsdom/living/events/EventTarget-impl.js:104:17)
      at HTMLUnknownElement.dispatchEvent 
(node_modules/jsdom/lib/jsdom/living/generated/EventTarget.js:241:34)
      at Object.invokeGuardedCallbackDev 
(node_modules/react-dom/cjs/react-dom.development.js:4213:16)
      at invokeGuardedCallback 
(node_modules/react-dom/cjs/react-dom.development.js:4277:31)
      at invokeGuardedCallbackAndCatchFirstError 
(node_modules/react-dom/cjs/react-dom.development.js:4291:25)
      at executeDispatch 
(node_modules/react-dom/cjs/react-dom.development.js:9041:3)
      at processDispatchQueueItemsInOrder 
(node_modules/react-dom/cjs/react-dom.development.js:9073:7)
      at processDispatchQueue 
(node_modules/react-dom/cjs/react-dom.development.js:9086:5)
      at dispatchEventsForPlugins 
(node_modules/react-dom/cjs/react-dom.development.js:9097:3)
      at node_modules/react-dom/cjs/react-dom.development.js:9288:12
      at batchedUpdates$1 
(node_modules/react-dom/cjs/react-dom.development.js:26179:12)
      at batchedUpdates 
(node_modules/react-dom/cjs/react-dom.development.js:3991:12)
      at dispatchEventForPluginEventSystem 
(node_modules/react-dom/cjs/react-dom.development.js:9287:3)
      at dispatchEventWithEnableCapturePhaseSelectiveHydrationWithoutDiscreteEv
entReplay (node_modules/react-dom/cjs/react-dom.development.js:6465:5)
      at dispatchEvent 
(node_modules/react-dom/cjs/react-dom.development.js:6457:5)
      at dispatchDiscreteEvent 
(node_modules/react-dom/cjs/react-dom.development.js:6430:5)
      at HTMLDivElement.callTheUserObjectsOperation 
(node_modules/jsdom/lib/jsdom/living/generated/EventListener.js:26:30)
      at innerInvokeEventListeners 
(node_modules/jsdom/lib/jsdom/living/events/EventTarget-impl.js:350:25)
      at invokeEventListeners 
(node_modules/jsdom/lib/jsdom/living/events/EventTarget-impl.js:286:3)
      at HTMLButtonElementImpl._dispatch 
(node_modules/jsdom/lib/jsdom/living/events/EventTarget-impl.js:233:9)
      at HTMLButtonElementImpl.dispatchEvent 
(node_modules/jsdom/lib/jsdom/living/events/EventTarget-impl.js:104:17)
      at HTMLButtonElement.dispatchEvent 
(node_modules/jsdom/lib/jsdom/living/generated/EventTarget.js:241:34)
      at 
node_modules/@testing-library/user-event/dist/cjs/event/dispatchEvent.js:45:43
      at Object.eventWrapper 
(node_modules/@testing-library/dom/dist/config.js:25:23)
      at Object.wrapEvent 
(node_modules/@testing-library/user-event/dist/cjs/event/wrapEvent.js:6:28)
      at Object.dispatchEvent (node_modules/@testing-library/user-event/dist/cj
s/event/dispatchEvent.js:45:22)
      at Object.dispatchUIEvent (node_modules/@testing-library/user-event/dist/
cjs/event/dispatchEvent.js:22:26)
      at Mouse.up (node_modules/@testing-library/user-event/dist/cjs/system/poi
nter/mouse.js:100:30)
      at PointerHost.release (node_modules/@testing-library/user-event/dist/cjs
/system/pointer/index.js:87:24)
      at pointerAction 
(node_modules/@testing-library/user-event/dist/cjs/pointer/index.js:54:47)
      at Object.pointer 
(node_modules/@testing-library/user-event/dist/cjs/pointer/index.js:27:9)
      at Object.<anonymous> 
(src/submissions/SubmissionTabs/__tests__/SubmissionTabs.test.tsx:320:9)

    console.error
      Warning: An update to AuditPane inside a test was not wrapped in 
act(...).
      
      When testing, code that causes React state updates should be wrapped 
into act(...):
      
      act(() => {
        /* fire events that update state */
      });
      /* assert on the output */
      
      This ensures that you're testing the behavior the user would see in the 
browser. Learn more at https://reactjs.org/link/wrap-tests-with-act
          at AuditPane (C:\Users\samhe\OneDrive\Desktop\Cleaned\frontend\src\su
bmissions\SubmissionTabs\SubmissionTabs.tsx:573:22)
          at div
          at div
          at SubmissionTabs (C:\Users\samhe\OneDrive\Desktop\Cleaned\frontend\s
rc\submissions\SubmissionTabs\SubmissionTabs.tsx:695:5)
          at basenameProp (C:\Users\samhe\OneDrive\Desktop\Cleaned\frontend\nod
e_modules\react-router\lib\components.tsx:421:13)
          at basename (C:\Users\samhe\OneDrive\Desktop\Cleaned\frontend\node_mo
dules\react-router\lib\components.tsx:225:3)

      at printWarning 
(node_modules/react-dom/cjs/react-dom.development.js:86:30)
      at error (node_modules/react-dom/cjs/react-dom.development.js:60:7)
      at warnIfUpdatesNotWrappedWithActDEV 
(node_modules/react-dom/cjs/react-dom.development.js:27628:9)
      at scheduleUpdateOnFiber 
(node_modules/react-dom/cjs/react-dom.development.js:25547:5)
      at dispatchSetState 
(node_modules/react-dom/cjs/react-dom.development.js:16708:7)

    console.error
      Warning: An update to AuditPane inside a test was not wrapped in 
act(...).
      
      When testing, code that causes React state updates should be wrapped 
into act(...):
      
      act(() => {
        /* fire events that update state */
      });
      /* assert on the output */
      
      This ensures that you're testing the behavior the user would see in the 
browser. Learn more at https://reactjs.org/link/wrap-tests-with-act
          at AuditPane (C:\Users\samhe\OneDrive\Desktop\Cleaned\frontend\src\su
bmissions\SubmissionTabs\SubmissionTabs.tsx:573:22)
          at div
          at div
          at SubmissionTabs (C:\Users\samhe\OneDrive\Desktop\Cleaned\frontend\s
rc\submissions\SubmissionTabs\SubmissionTabs.tsx:695:5)
          at basenameProp (C:\Users\samhe\OneDrive\Desktop\Cleaned\frontend\nod
e_modules\react-router\lib\components.tsx:421:13)
          at basename (C:\Users\samhe\OneDrive\Desktop\Cleaned\frontend\node_mo
dules\react-router\lib\components.tsx:225:3)

      583 |                 addNotification('Could not load audit trail.', 
'error')
      584 |             })
    > 585 |             .finally(() => setLoading(false))
          |                            ^
      586 |     }, [submissionId, addNotification])
      587 |
      588 |     if (loading) {

      at printWarning 
(node_modules/react-dom/cjs/react-dom.development.js:86:30)
      at error (node_modules/react-dom/cjs/react-dom.development.js:60:7)
      at warnIfUpdatesNotWrappedWithActDEV 
(node_modules/react-dom/cjs/react-dom.development.js:27628:9)
      at scheduleUpdateOnFiber 
(node_modules/react-dom/cjs/react-dom.development.js:25547:5)
      at dispatchSetState 
(node_modules/react-dom/cjs/react-dom.development.js:16708:7)
      at src/submissions/SubmissionTabs/SubmissionTabs.tsx:585:28

    console.error
      Warning: An update to SubmissionTabs inside a test was not wrapped in 
act(...).
      
      When testing, code that causes React state updates should be wrapped 
into act(...):
      
      act(() => {
        /* fire events that update state */
      });
      /* assert on the output */
      
      This ensures that you're testing the behavior the user would see in the 
browser. Learn more at https://reactjs.org/link/wrap-tests-with-act
          at SubmissionTabs (C:\Users\samhe\OneDrive\Desktop\Cleaned\frontend\s
rc\submissions\SubmissionTabs\SubmissionTabs.tsx:695:5)
          at basenameProp (C:\Users\samhe\OneDrive\Desktop\Cleaned\frontend\nod
e_modules\react-router\lib\components.tsx:421:13)
          at basename (C:\Users\samhe\OneDrive\Desktop\Cleaned\frontend\node_mo
dules\react-router\lib\components.tsx:225:3)

      711 |                         role="tab"
      712 |                         aria-selected={activeTab === tab}
    > 713 |                         onClick={() => setActiveTab(tab)}
          |                                        ^
      714 |                         className={`px-4 py-2 -mb-px text-sm 
font-medium border-b-2 transition-colors ${activeTab === tab
      715 |                                 ? 'border-brand-500 text-brand-600'
      716 |                                 : 'border-transparent 
text-gray-500 hover:text-brand-500'

      at printWarning 
(node_modules/react-dom/cjs/react-dom.development.js:86:30)
      at error (node_modules/react-dom/cjs/react-dom.development.js:60:7)
      at warnIfUpdatesNotWrappedWithActDEV 
(node_modules/react-dom/cjs/react-dom.development.js:27628:9)
      at scheduleUpdateOnFiber 
(node_modules/react-dom/cjs/react-dom.development.js:25547:5)
      at dispatchSetState 
(node_modules/react-dom/cjs/react-dom.development.js:16708:7)
      at onClick (src/submissions/SubmissionTabs/SubmissionTabs.tsx:713:40)
      at HTMLUnknownElement.callCallback 
(node_modules/react-dom/cjs/react-dom.development.js:4164:14)
      at HTMLUnknownElement.callTheUserObjectsOperation 
(node_modules/jsdom/lib/jsdom/living/generated/EventListener.js:26:30)
      at innerInvokeEventListeners 
(node_modules/jsdom/lib/jsdom/living/events/EventTarget-impl.js:350:25)
      at invokeEventListeners 
(node_modules/jsdom/lib/jsdom/living/events/EventTarget-impl.js:286:3)
      at HTMLUnknownElementImpl._dispatch 
(node_modules/jsdom/lib/jsdom/living/events/EventTarget-impl.js:233:9)
      at HTMLUnknownElementImpl.dispatchEvent 
(node_modules/jsdom/lib/jsdom/living/events/EventTarget-impl.js:104:17)
      at HTMLUnknownElement.dispatchEvent 
(node_modules/jsdom/lib/jsdom/living/generated/EventTarget.js:241:34)
      at Object.invokeGuardedCallbackDev 
(node_modules/react-dom/cjs/react-dom.development.js:4213:16)
      at invokeGuardedCallback 
(node_modules/react-dom/cjs/react-dom.development.js:4277:31)
      at invokeGuardedCallbackAndCatchFirstError 
(node_modules/react-dom/cjs/react-dom.development.js:4291:25)
      at executeDispatch 
(node_modules/react-dom/cjs/react-dom.development.js:9041:3)
      at processDispatchQueueItemsInOrder 
(node_modules/react-dom/cjs/react-dom.development.js:9073:7)
      at processDispatchQueue 
(node_modules/react-dom/cjs/react-dom.development.js:9086:5)
      at dispatchEventsForPlugins 
(node_modules/react-dom/cjs/react-dom.development.js:9097:3)
      at node_modules/react-dom/cjs/react-dom.development.js:9288:12
      at batchedUpdates$1 
(node_modules/react-dom/cjs/react-dom.development.js:26179:12)
      at batchedUpdates 
(node_modules/react-dom/cjs/react-dom.development.js:3991:12)
      at dispatchEventForPluginEventSystem 
(node_modules/react-dom/cjs/react-dom.development.js:9287:3)
      at dispatchEventWithEnableCapturePhaseSelectiveHydrationWithoutDiscreteEv
entReplay (node_modules/react-dom/cjs/react-dom.development.js:6465:5)
      at dispatchEvent 
(node_modules/react-dom/cjs/react-dom.development.js:6457:5)
      at dispatchDiscreteEvent 
(node_modules/react-dom/cjs/react-dom.development.js:6430:5)
      at HTMLDivElement.callTheUserObjectsOperation 
(node_modules/jsdom/lib/jsdom/living/generated/EventListener.js:26:30)
      at innerInvokeEventListeners 
(node_modules/jsdom/lib/jsdom/living/events/EventTarget-impl.js:350:25)
      at invokeEventListeners 
(node_modules/jsdom/lib/jsdom/living/events/EventTarget-impl.js:286:3)
      at HTMLButtonElementImpl._dispatch 
(node_modules/jsdom/lib/jsdom/living/events/EventTarget-impl.js:233:9)
      at HTMLButtonElementImpl.dispatchEvent 
(node_modules/jsdom/lib/jsdom/living/events/EventTarget-impl.js:104:17)
      at HTMLButtonElement.dispatchEvent 
(node_modules/jsdom/lib/jsdom/living/generated/EventTarget.js:241:34)
      at 
node_modules/@testing-library/user-event/dist/cjs/event/dispatchEvent.js:45:43
      at Object.eventWrapper 
(node_modules/@testing-library/dom/dist/config.js:25:23)
      at Object.wrapEvent 
(node_modules/@testing-library/user-event/dist/cjs/event/wrapEvent.js:6:28)
      at Object.dispatchEvent (node_modules/@testing-library/user-event/dist/cj
s/event/dispatchEvent.js:45:22)
      at Object.dispatchUIEvent (node_modules/@testing-library/user-event/dist/
cjs/event/dispatchEvent.js:22:26)
      at Mouse.up (node_modules/@testing-library/user-event/dist/cjs/system/poi
nter/mouse.js:100:30)
      at PointerHost.release (node_modules/@testing-library/user-event/dist/cjs
/system/pointer/index.js:87:24)
      at pointerAction 
(node_modules/@testing-library/user-event/dist/cjs/pointer/index.js:54:47)
      at Object.pointer 
(node_modules/@testing-library/user-event/dist/cjs/pointer/index.js:27:9)
      at Object.<anonymous> 
(src/submissions/SubmissionTabs/__tests__/SubmissionTabs.test.tsx:332:9)

    console.error
      Warning: An update to AuditPane inside a test was not wrapped in 
act(...).
      
      When testing, code that causes React state updates should be wrapped 
into act(...):
      
      act(() => {
        /* fire events that update state */
      });
      /* assert on the output */
      
      This ensures that you're testing the behavior the user would see in the 
browser. Learn more at https://reactjs.org/link/wrap-tests-with-act
          at AuditPane (C:\Users\samhe\OneDrive\Desktop\Cleaned\frontend\src\su
bmissions\SubmissionTabs\SubmissionTabs.tsx:573:22)
          at div
          at div
          at SubmissionTabs (C:\Users\samhe\OneDrive\Desktop\Cleaned\frontend\s
rc\submissions\SubmissionTabs\SubmissionTabs.tsx:695:5)
          at basenameProp (C:\Users\samhe\OneDrive\Desktop\Cleaned\frontend\nod
e_modules\react-router\lib\components.tsx:421:13)
          at basename (C:\Users\samhe\OneDrive\Desktop\Cleaned\frontend\node_mo
dules\react-router\lib\components.tsx:225:3)

      580 |             .then(setEvents)
      581 |             .catch((err: Error) => {
    > 582 |                 setError(err.message ?? 'Failed to load audit 
trail.')
          |                 ^
      583 |                 addNotification('Could not load audit trail.', 
'error')
      584 |             })
      585 |             .finally(() => setLoading(false))

      at printWarning 
(node_modules/react-dom/cjs/react-dom.development.js:86:30)
      at error (node_modules/react-dom/cjs/react-dom.development.js:60:7)
      at warnIfUpdatesNotWrappedWithActDEV 
(node_modules/react-dom/cjs/react-dom.development.js:27628:9)
      at scheduleUpdateOnFiber 
(node_modules/react-dom/cjs/react-dom.development.js:25547:5)
      at dispatchSetState 
(node_modules/react-dom/cjs/react-dom.development.js:16708:7)
      at src/submissions/SubmissionTabs/SubmissionTabs.tsx:582:17

    console.error
      Warning: An update to AuditPane inside a test was not wrapped in 
act(...).
      
      When testing, code that causes React state updates should be wrapped 
into act(...):
      
      act(() => {
        /* fire events that update state */
      });
      /* assert on the output */
      
      This ensures that you're testing the behavior the user would see in the 
browser. Learn more at https://reactjs.org/link/wrap-tests-with-act
          at AuditPane (C:\Users\samhe\OneDrive\Desktop\Cleaned\frontend\src\su
bmissions\SubmissionTabs\SubmissionTabs.tsx:573:22)
          at div
          at div
          at SubmissionTabs (C:\Users\samhe\OneDrive\Desktop\Cleaned\frontend\s
rc\submissions\SubmissionTabs\SubmissionTabs.tsx:695:5)
          at basenameProp (C:\Users\samhe\OneDrive\Desktop\Cleaned\frontend\nod
e_modules\react-router\lib\components.tsx:421:13)
          at basename (C:\Users\samhe\OneDrive\Desktop\Cleaned\frontend\node_mo
dules\react-router\lib\components.tsx:225:3)

      583 |                 addNotification('Could not load audit trail.', 
'error')
      584 |             })
    > 585 |             .finally(() => setLoading(false))
          |                            ^
      586 |     }, [submissionId, addNotification])
      587 |
      588 |     if (loading) {

      at printWarning 
(node_modules/react-dom/cjs/react-dom.development.js:86:30)
      at error (node_modules/react-dom/cjs/react-dom.development.js:60:7)
      at warnIfUpdatesNotWrappedWithActDEV 
(node_modules/react-dom/cjs/react-dom.development.js:27628:9)
      at scheduleUpdateOnFiber 
(node_modules/react-dom/cjs/react-dom.development.js:25547:5)
      at dispatchSetState 
(node_modules/react-dom/cjs/react-dom.development.js:16708:7)
      at src/submissions/SubmissionTabs/SubmissionTabs.tsx:585:28

    console.error
      Warning: An update to SubmissionTabs inside a test was not wrapped in 
act(...).
      
      When testing, code that causes React state updates should be wrapped 
into act(...):
      
      act(() => {
        /* fire events that update state */
      });
      /* assert on the output */
      
      This ensures that you're testing the behavior the user would see in the 
browser. Learn more at https://reactjs.org/link/wrap-tests-with-act
          at SubmissionTabs (C:\Users\samhe\OneDrive\Desktop\Cleaned\frontend\s
rc\submissions\SubmissionTabs\SubmissionTabs.tsx:695:5)
          at basenameProp (C:\Users\samhe\OneDrive\Desktop\Cleaned\frontend\nod
e_modules\react-router\lib\components.tsx:421:13)
          at basename (C:\Users\samhe\OneDrive\Desktop\Cleaned\frontend\node_mo
dules\react-router\lib\components.tsx:225:3)

      711 |                         role="tab"
      712 |                         aria-selected={activeTab === tab}
    > 713 |                         onClick={() => setActiveTab(tab)}
          |                                        ^
      714 |                         className={`px-4 py-2 -mb-px text-sm 
font-medium border-b-2 transition-colors ${activeTab === tab
      715 |                                 ? 'border-brand-500 text-brand-600'
      716 |                                 : 'border-transparent 
text-gray-500 hover:text-brand-500'

      at printWarning 
(node_modules/react-dom/cjs/react-dom.development.js:86:30)
      at error (node_modules/react-dom/cjs/react-dom.development.js:60:7)
      at warnIfUpdatesNotWrappedWithActDEV 
(node_modules/react-dom/cjs/react-dom.development.js:27628:9)
      at scheduleUpdateOnFiber 
(node_modules/react-dom/cjs/react-dom.development.js:25547:5)
      at dispatchSetState 
(node_modules/react-dom/cjs/react-dom.development.js:16708:7)
      at onClick (src/submissions/SubmissionTabs/SubmissionTabs.tsx:713:40)
      at HTMLUnknownElement.callCallback 
(node_modules/react-dom/cjs/react-dom.development.js:4164:14)
      at HTMLUnknownElement.callTheUserObjectsOperation 
(node_modules/jsdom/lib/jsdom/living/generated/EventListener.js:26:30)
      at innerInvokeEventListeners 
(node_modules/jsdom/lib/jsdom/living/events/EventTarget-impl.js:350:25)
      at invokeEventListeners 
(node_modules/jsdom/lib/jsdom/living/events/EventTarget-impl.js:286:3)
      at HTMLUnknownElementImpl._dispatch 
(node_modules/jsdom/lib/jsdom/living/events/EventTarget-impl.js:233:9)
      at HTMLUnknownElementImpl.dispatchEvent 
(node_modules/jsdom/lib/jsdom/living/events/EventTarget-impl.js:104:17)
      at HTMLUnknownElement.dispatchEvent 
(node_modules/jsdom/lib/jsdom/living/generated/EventTarget.js:241:34)
      at Object.invokeGuardedCallbackDev 
(node_modules/react-dom/cjs/react-dom.development.js:4213:16)
      at invokeGuardedCallback 
(node_modules/react-dom/cjs/react-dom.development.js:4277:31)
      at invokeGuardedCallbackAndCatchFirstError 
(node_modules/react-dom/cjs/react-dom.development.js:4291:25)
      at executeDispatch 
(node_modules/react-dom/cjs/react-dom.development.js:9041:3)
      at processDispatchQueueItemsInOrder 
(node_modules/react-dom/cjs/react-dom.development.js:9073:7)
      at processDispatchQueue 
(node_modules/react-dom/cjs/react-dom.development.js:9086:5)
      at dispatchEventsForPlugins 
(node_modules/react-dom/cjs/react-dom.development.js:9097:3)
      at node_modules/react-dom/cjs/react-dom.development.js:9288:12
      at batchedUpdates$1 
(node_modules/react-dom/cjs/react-dom.development.js:26179:12)
      at batchedUpdates 
(node_modules/react-dom/cjs/react-dom.development.js:3991:12)
      at dispatchEventForPluginEventSystem 
(node_modules/react-dom/cjs/react-dom.development.js:9287:3)
      at dispatchEventWithEnableCapturePhaseSelectiveHydrationWithoutDiscreteEv
entReplay (node_modules/react-dom/cjs/react-dom.development.js:6465:5)
      at dispatchEvent 
(node_modules/react-dom/cjs/react-dom.development.js:6457:5)
      at dispatchDiscreteEvent 
(node_modules/react-dom/cjs/react-dom.development.js:6430:5)
      at HTMLDivElement.callTheUserObjectsOperation 
(node_modules/jsdom/lib/jsdom/living/generated/EventListener.js:26:30)
      at innerInvokeEventListeners 
(node_modules/jsdom/lib/jsdom/living/events/EventTarget-impl.js:350:25)
      at invokeEventListeners 
(node_modules/jsdom/lib/jsdom/living/events/EventTarget-impl.js:286:3)
      at HTMLButtonElementImpl._dispatch 
(node_modules/jsdom/lib/jsdom/living/events/EventTarget-impl.js:233:9)
      at HTMLButtonElementImpl.dispatchEvent 
(node_modules/jsdom/lib/jsdom/living/events/EventTarget-impl.js:104:17)
      at HTMLButtonElement.dispatchEvent 
(node_modules/jsdom/lib/jsdom/living/generated/EventTarget.js:241:34)
      at 
node_modules/@testing-library/user-event/dist/cjs/event/dispatchEvent.js:45:43
      at Object.eventWrapper 
(node_modules/@testing-library/dom/dist/config.js:25:23)
      at Object.wrapEvent 
(node_modules/@testing-library/user-event/dist/cjs/event/wrapEvent.js:6:28)
      at Object.dispatchEvent (node_modules/@testing-library/user-event/dist/cj
s/event/dispatchEvent.js:45:22)
      at Object.dispatchUIEvent (node_modules/@testing-library/user-event/dist/
cjs/event/dispatchEvent.js:22:26)
      at Mouse.up (node_modules/@testing-library/user-event/dist/cjs/system/poi
nter/mouse.js:100:30)
      at PointerHost.release (node_modules/@testing-library/user-event/dist/cjs
/system/pointer/index.js:87:24)
      at pointerAction 
(node_modules/@testing-library/user-event/dist/cjs/pointer/index.js:54:47)
      at Object.pointer 
(node_modules/@testing-library/user-event/dist/cjs/pointer/index.js:27:9)
      at Object.<anonymous> 
(src/submissions/SubmissionTabs/__tests__/SubmissionTabs.test.tsx:341:9)

    console.error
      Warning: An update to AuditPane inside a test was not wrapped in 
act(...).
      
      When testing, code that causes React state updates should be wrapped 
into act(...):
      
      act(() => {
        /* fire events that update state */
      });
      /* assert on the output */
      
      This ensures that you're testing the behavior the user would see in the 
browser. Learn more at https://reactjs.org/link/wrap-tests-with-act
          at AuditPane (C:\Users\samhe\OneDrive\Desktop\Cleaned\frontend\src\su
bmissions\SubmissionTabs\SubmissionTabs.tsx:573:22)
          at div
          at div
          at SubmissionTabs (C:\Users\samhe\OneDrive\Desktop\Cleaned\frontend\s
rc\submissions\SubmissionTabs\SubmissionTabs.tsx:695:5)
          at basenameProp (C:\Users\samhe\OneDrive\Desktop\Cleaned\frontend\nod
e_modules\react-router\lib\components.tsx:421:13)
          at basename (C:\Users\samhe\OneDrive\Desktop\Cleaned\frontend\node_mo
dules\react-router\lib\components.tsx:225:3)

      at printWarning 
(node_modules/react-dom/cjs/react-dom.development.js:86:30)
      at error (node_modules/react-dom/cjs/react-dom.development.js:60:7)
      at warnIfUpdatesNotWrappedWithActDEV 
(node_modules/react-dom/cjs/react-dom.development.js:27628:9)
      at scheduleUpdateOnFiber 
(node_modules/react-dom/cjs/react-dom.development.js:25547:5)
      at dispatchSetState 
(node_modules/react-dom/cjs/react-dom.development.js:16708:7)

    console.error
      Warning: An update to AuditPane inside a test was not wrapped in 
act(...).
      
      When testing, code that causes React state updates should be wrapped 
into act(...):
      
      act(() => {
        /* fire events that update state */
      });
      /* assert on the output */
      
      This ensures that you're testing the behavior the user would see in the 
browser. Learn more at https://reactjs.org/link/wrap-tests-with-act
          at AuditPane (C:\Users\samhe\OneDrive\Desktop\Cleaned\frontend\src\su
bmissions\SubmissionTabs\SubmissionTabs.tsx:573:22)
          at div
          at div
          at SubmissionTabs (C:\Users\samhe\OneDrive\Desktop\Cleaned\frontend\s
rc\submissions\SubmissionTabs\SubmissionTabs.tsx:695:5)
          at basenameProp (C:\Users\samhe\OneDrive\Desktop\Cleaned\frontend\nod
e_modules\react-router\lib\components.tsx:421:13)
          at basename (C:\Users\samhe\OneDrive\Desktop\Cleaned\frontend\node_mo
dules\react-router\lib\components.tsx:225:3)

      583 |                 addNotification('Could not load audit trail.', 
'error')
      584 |             })
    > 585 |             .finally(() => setLoading(false))
          |                            ^
      586 |     }, [submissionId, addNotification])
      587 |
      588 |     if (loading) {

      at printWarning 
(node_modules/react-dom/cjs/react-dom.development.js:86:30)
      at error (node_modules/react-dom/cjs/react-dom.development.js:60:7)
      at warnIfUpdatesNotWrappedWithActDEV 
(node_modules/react-dom/cjs/react-dom.development.js:27628:9)
      at scheduleUpdateOnFiber 
(node_modules/react-dom/cjs/react-dom.development.js:25547:5)
      at dispatchSetState 
(node_modules/react-dom/cjs/react-dom.development.js:16708:7)
      at src/submissions/SubmissionTabs/SubmissionTabs.tsx:585:28

    console.error
      Warning: An update to SubmissionTabs inside a test was not wrapped in 
act(...).
      
      When testing, code that causes React state updates should be wrapped 
into act(...):
      
      act(() => {
        /* fire events that update state */
      });
      /* assert on the output */
      
      This ensures that you're testing the behavior the user would see in the 
browser. Learn more at https://reactjs.org/link/wrap-tests-with-act
          at SubmissionTabs (C:\Users\samhe\OneDrive\Desktop\Cleaned\frontend\s
rc\submissions\SubmissionTabs\SubmissionTabs.tsx:695:5)
          at basenameProp (C:\Users\samhe\OneDrive\Desktop\Cleaned\frontend\nod
e_modules\react-router\lib\components.tsx:421:13)
          at basename (C:\Users\samhe\OneDrive\Desktop\Cleaned\frontend\node_mo
dules\react-router\lib\components.tsx:225:3)

      711 |                         role="tab"
      712 |                         aria-selected={activeTab === tab}
    > 713 |                         onClick={() => setActiveTab(tab)}
          |                                        ^
      714 |                         className={`px-4 py-2 -mb-px text-sm 
font-medium border-b-2 transition-colors ${activeTab === tab
      715 |                                 ? 'border-brand-500 text-brand-600'
      716 |                                 : 'border-transparent 
text-gray-500 hover:text-brand-500'

      at printWarning 
(node_modules/react-dom/cjs/react-dom.development.js:86:30)
      at error (node_modules/react-dom/cjs/react-dom.development.js:60:7)
      at warnIfUpdatesNotWrappedWithActDEV 
(node_modules/react-dom/cjs/react-dom.development.js:27628:9)
      at scheduleUpdateOnFiber 
(node_modules/react-dom/cjs/react-dom.development.js:25547:5)
      at dispatchSetState 
(node_modules/react-dom/cjs/react-dom.development.js:16708:7)
      at onClick (src/submissions/SubmissionTabs/SubmissionTabs.tsx:713:40)
      at HTMLUnknownElement.callCallback 
(node_modules/react-dom/cjs/react-dom.development.js:4164:14)
      at HTMLUnknownElement.callTheUserObjectsOperation 
(node_modules/jsdom/lib/jsdom/living/generated/EventListener.js:26:30)
      at innerInvokeEventListeners 
(node_modules/jsdom/lib/jsdom/living/events/EventTarget-impl.js:350:25)
      at invokeEventListeners 
(node_modules/jsdom/lib/jsdom/living/events/EventTarget-impl.js:286:3)
      at HTMLUnknownElementImpl._dispatch 
(node_modules/jsdom/lib/jsdom/living/events/EventTarget-impl.js:233:9)
      at HTMLUnknownElementImpl.dispatchEvent 
(node_modules/jsdom/lib/jsdom/living/events/EventTarget-impl.js:104:17)
      at HTMLUnknownElement.dispatchEvent 
(node_modules/jsdom/lib/jsdom/living/generated/EventTarget.js:241:34)
      at Object.invokeGuardedCallbackDev 
(node_modules/react-dom/cjs/react-dom.development.js:4213:16)
      at invokeGuardedCallback 
(node_modules/react-dom/cjs/react-dom.development.js:4277:31)
      at invokeGuardedCallbackAndCatchFirstError 
(node_modules/react-dom/cjs/react-dom.development.js:4291:25)
      at executeDispatch 
(node_modules/react-dom/cjs/react-dom.development.js:9041:3)
      at processDispatchQueueItemsInOrder 
(node_modules/react-dom/cjs/react-dom.development.js:9073:7)
      at processDispatchQueue 
(node_modules/react-dom/cjs/react-dom.development.js:9086:5)
      at dispatchEventsForPlugins 
(node_modules/react-dom/cjs/react-dom.development.js:9097:3)
      at node_modules/react-dom/cjs/react-dom.development.js:9288:12
      at batchedUpdates$1 
(node_modules/react-dom/cjs/react-dom.development.js:26179:12)
      at batchedUpdates 
(node_modules/react-dom/cjs/react-dom.development.js:3991:12)
      at dispatchEventForPluginEventSystem 
(node_modules/react-dom/cjs/react-dom.development.js:9287:3)
      at dispatchEventWithEnableCapturePhaseSelectiveHydrationWithoutDiscreteEv
entReplay (node_modules/react-dom/cjs/react-dom.development.js:6465:5)
      at dispatchEvent 
(node_modules/react-dom/cjs/react-dom.development.js:6457:5)
      at dispatchDiscreteEvent 
(node_modules/react-dom/cjs/react-dom.development.js:6430:5)
      at HTMLDivElement.callTheUserObjectsOperation 
(node_modules/jsdom/lib/jsdom/living/generated/EventListener.js:26:30)
      at innerInvokeEventListeners 
(node_modules/jsdom/lib/jsdom/living/events/EventTarget-impl.js:350:25)
      at invokeEventListeners 
(node_modules/jsdom/lib/jsdom/living/events/EventTarget-impl.js:286:3)
      at HTMLButtonElementImpl._dispatch 
(node_modules/jsdom/lib/jsdom/living/events/EventTarget-impl.js:233:9)
      at HTMLButtonElementImpl.dispatchEvent 
(node_modules/jsdom/lib/jsdom/living/events/EventTarget-impl.js:104:17)
      at HTMLButtonElement.dispatchEvent 
(node_modules/jsdom/lib/jsdom/living/generated/EventTarget.js:241:34)
      at 
node_modules/@testing-library/user-event/dist/cjs/event/dispatchEvent.js:45:43
      at Object.eventWrapper 
(node_modules/@testing-library/dom/dist/config.js:25:23)
      at Object.wrapEvent 
(node_modules/@testing-library/user-event/dist/cjs/event/wrapEvent.js:6:28)
      at Object.dispatchEvent (node_modules/@testing-library/user-event/dist/cj
s/event/dispatchEvent.js:45:22)
      at Object.dispatchUIEvent (node_modules/@testing-library/user-event/dist/
cjs/event/dispatchEvent.js:22:26)
      at Mouse.up (node_modules/@testing-library/user-event/dist/cjs/system/poi
nter/mouse.js:100:30)
      at PointerHost.release (node_modules/@testing-library/user-event/dist/cjs
/system/pointer/index.js:87:24)
      at pointerAction 
(node_modules/@testing-library/user-event/dist/cjs/pointer/index.js:54:47)
      at Object.pointer 
(node_modules/@testing-library/user-event/dist/cjs/pointer/index.js:27:9)
      at Object.<anonymous> 
(src/submissions/SubmissionTabs/__tests__/SubmissionTabs.test.tsx:368:9)

    console.error
      Warning: An update to QuotesPane inside a test was not wrapped in 
act(...).
      
      When testing, code that causes React state updates should be wrapped 
into act(...):
      
      act(() => {
        /* fire events that update state */
      });
      /* assert on the output */
      
      This ensures that you're testing the behavior the user would see in the 
browser. Learn more at https://reactjs.org/link/wrap-tests-with-act
          at QuotesPane (C:\Users\samhe\OneDrive\Desktop\Cleaned\frontend\src\s
ubmissions\SubmissionTabs\SubmissionTabs.tsx:293:23)
          at div
          at div
          at SubmissionTabs (C:\Users\samhe\OneDrive\Desktop\Cleaned\frontend\s
rc\submissions\SubmissionTabs\SubmissionTabs.tsx:695:5)
          at basenameProp (C:\Users\samhe\OneDrive\Desktop\Cleaned\frontend\nod
e_modules\react-router\lib\components.tsx:421:13)
          at basename (C:\Users\samhe\OneDrive\Desktop\Cleaned\frontend\node_mo
dules\react-router\lib\components.tsx:225:3)

      301 |     useEffect(() => {
      302 |         if (!active || loaded || loading) return
    > 303 |         setLoading(true)
          |         ^
      304 |         
get<QuoteRow[]>(`/api/quotes?submission_id=${submissionId}`)
      305 |             .then((result) => {
      306 |                 setRows(result)

      at printWarning 
(node_modules/react-dom/cjs/react-dom.development.js:86:30)
      at error (node_modules/react-dom/cjs/react-dom.development.js:60:7)
      at warnIfUpdatesNotWrappedWithActDEV 
(node_modules/react-dom/cjs/react-dom.development.js:27628:9)
      at scheduleUpdateOnFiber 
(node_modules/react-dom/cjs/react-dom.development.js:25547:5)
      at dispatchSetState 
(node_modules/react-dom/cjs/react-dom.development.js:16708:7)
      at src/submissions/SubmissionTabs/SubmissionTabs.tsx:303:9
      at commitHookEffectListMount 
(node_modules/react-dom/cjs/react-dom.development.js:23189:26)
      at commitPassiveMountOnFiber 
(node_modules/react-dom/cjs/react-dom.development.js:24970:11)
      at commitPassiveMountEffects_complete 
(node_modules/react-dom/cjs/react-dom.development.js:24930:9)
      at commitPassiveMountEffects_begin 
(node_modules/react-dom/cjs/react-dom.development.js:24917:7)
      at commitPassiveMountEffects 
(node_modules/react-dom/cjs/react-dom.development.js:24905:3)
      at flushPassiveEffectsImpl 
(node_modules/react-dom/cjs/react-dom.development.js:27078:3)
      at flushPassiveEffects 
(node_modules/react-dom/cjs/react-dom.development.js:27023:14)
      at commitRootImpl 
(node_modules/react-dom/cjs/react-dom.development.js:26974:5)
      at commitRoot 
(node_modules/react-dom/cjs/react-dom.development.js:26721:5)
      at performSyncWorkOnRoot 
(node_modules/react-dom/cjs/react-dom.development.js:26156:3)
      at flushSyncCallbacks 
(node_modules/react-dom/cjs/react-dom.development.js:12042:22)
      at node_modules/react-dom/cjs/react-dom.development.js:25690:13
      at invokeTheCallbackFunction 
(node_modules/jsdom/lib/jsdom/living/generated/Function.js:19:26)
      at node_modules/jsdom/lib/jsdom/browser/Window.js:554:9

    console.error
      Warning: An update to QuotesPane inside a test was not wrapped in 
act(...).
      
      When testing, code that causes React state updates should be wrapped 
into act(...):
      
      act(() => {
        /* fire events that update state */
      });
      /* assert on the output */
      
      This ensures that you're testing the behavior the user would see in the 
browser. Learn more at https://reactjs.org/link/wrap-tests-with-act
          at QuotesPane (C:\Users\samhe\OneDrive\Desktop\Cleaned\frontend\src\s
ubmissions\SubmissionTabs\SubmissionTabs.tsx:293:23)
          at div
          at div
          at SubmissionTabs (C:\Users\samhe\OneDrive\Desktop\Cleaned\frontend\s
rc\submissions\SubmissionTabs\SubmissionTabs.tsx:695:5)
          at basenameProp (C:\Users\samhe\OneDrive\Desktop\Cleaned\frontend\nod
e_modules\react-router\lib\components.tsx:421:13)
          at basename (C:\Users\samhe\OneDrive\Desktop\Cleaned\frontend\node_mo
dules\react-router\lib\components.tsx:225:3)

      304 |         
get<QuoteRow[]>(`/api/quotes?submission_id=${submissionId}`)
      305 |             .then((result) => {
    > 306 |                 setRows(result)
          |                 ^
      307 |                 setLoaded(true)
      308 |             })
      309 |             .catch((err: Error) => {

      at printWarning 
(node_modules/react-dom/cjs/react-dom.development.js:86:30)
      at error (node_modules/react-dom/cjs/react-dom.development.js:60:7)
      at warnIfUpdatesNotWrappedWithActDEV 
(node_modules/react-dom/cjs/react-dom.development.js:27628:9)
      at scheduleUpdateOnFiber 
(node_modules/react-dom/cjs/react-dom.development.js:25547:5)
      at dispatchSetState 
(node_modules/react-dom/cjs/react-dom.development.js:16708:7)
      at src/submissions/SubmissionTabs/SubmissionTabs.tsx:306:17

    console.error
      Warning: An update to QuotesPane inside a test was not wrapped in 
act(...).
      
      When testing, code that causes React state updates should be wrapped 
into act(...):
      
      act(() => {
        /* fire events that update state */
      });
      /* assert on the output */
      
      This ensures that you're testing the behavior the user would see in the 
browser. Learn more at https://reactjs.org/link/wrap-tests-with-act
          at QuotesPane (C:\Users\samhe\OneDrive\Desktop\Cleaned\frontend\src\s
ubmissions\SubmissionTabs\SubmissionTabs.tsx:293:23)
          at div
          at div
          at SubmissionTabs (C:\Users\samhe\OneDrive\Desktop\Cleaned\frontend\s
rc\submissions\SubmissionTabs\SubmissionTabs.tsx:695:5)
          at basenameProp (C:\Users\samhe\OneDrive\Desktop\Cleaned\frontend\nod
e_modules\react-router\lib\components.tsx:421:13)
          at basename (C:\Users\samhe\OneDrive\Desktop\Cleaned\frontend\node_mo
dules\react-router\lib\components.tsx:225:3)

      305 |             .then((result) => {
      306 |                 setRows(result)
    > 307 |                 setLoaded(true)
          |                 ^
      308 |             })
      309 |             .catch((err: Error) => {
      310 |                 setError(err.message ?? 'Failed to load quotes.')

      at printWarning 
(node_modules/react-dom/cjs/react-dom.development.js:86:30)
      at error (node_modules/react-dom/cjs/react-dom.development.js:60:7)
      at warnIfUpdatesNotWrappedWithActDEV 
(node_modules/react-dom/cjs/react-dom.development.js:27628:9)
      at scheduleUpdateOnFiber 
(node_modules/react-dom/cjs/react-dom.development.js:25547:5)
      at dispatchSetState 
(node_modules/react-dom/cjs/react-dom.development.js:16708:7)
      at src/submissions/SubmissionTabs/SubmissionTabs.tsx:307:17

    console.error
      Warning: An update to QuotesPane inside a test was not wrapped in 
act(...).
      
      When testing, code that causes React state updates should be wrapped 
into act(...):
      
      act(() => {
        /* fire events that update state */
      });
      /* assert on the output */
      
      This ensures that you're testing the behavior the user would see in the 
browser. Learn more at https://reactjs.org/link/wrap-tests-with-act
          at QuotesPane (C:\Users\samhe\OneDrive\Desktop\Cleaned\frontend\src\s
ubmissions\SubmissionTabs\SubmissionTabs.tsx:293:23)
          at div
          at div
          at SubmissionTabs (C:\Users\samhe\OneDrive\Desktop\Cleaned\frontend\s
rc\submissions\SubmissionTabs\SubmissionTabs.tsx:695:5)
          at basenameProp (C:\Users\samhe\OneDrive\Desktop\Cleaned\frontend\nod
e_modules\react-router\lib\components.tsx:421:13)
          at basename (C:\Users\samhe\OneDrive\Desktop\Cleaned\frontend\node_mo
dules\react-router\lib\components.tsx:225:3)

      312 |                 addNotification('Could not load quotes.', 'error')
      313 |             })
    > 314 |             .finally(() => setLoading(false))
          |                            ^
      315 |     }, [active, loaded, loading, submissionId, addNotification])
      316 |
      317 |     return (

      at printWarning 
(node_modules/react-dom/cjs/react-dom.development.js:86:30)
      at error (node_modules/react-dom/cjs/react-dom.development.js:60:7)
      at warnIfUpdatesNotWrappedWithActDEV 
(node_modules/react-dom/cjs/react-dom.development.js:27628:9)
      at scheduleUpdateOnFiber 
(node_modules/react-dom/cjs/react-dom.development.js:25547:5)
      at dispatchSetState 
(node_modules/react-dom/cjs/react-dom.development.js:16708:7)
      at src/submissions/SubmissionTabs/SubmissionTabs.tsx:314:28

    console.error
      Warning: An update to AuditPane inside a test was not wrapped in 
act(...).
      
      When testing, code that causes React state updates should be wrapped 
into act(...):
      
      act(() => {
        /* fire events that update state */
      });
      /* assert on the output */
      
      This ensures that you're testing the behavior the user would see in the 
browser. Learn more at https://reactjs.org/link/wrap-tests-with-act
          at AuditPane (C:\Users\samhe\OneDrive\Desktop\Cleaned\frontend\src\su
bmissions\SubmissionTabs\SubmissionTabs.tsx:573:22)
          at div
          at div
          at SubmissionTabs (C:\Users\samhe\OneDrive\Desktop\Cleaned\frontend\s
rc\submissions\SubmissionTabs\SubmissionTabs.tsx:695:5)
          at basenameProp (C:\Users\samhe\OneDrive\Desktop\Cleaned\frontend\nod
e_modules\react-router\lib\components.tsx:421:13)
          at basename (C:\Users\samhe\OneDrive\Desktop\Cleaned\frontend\node_mo
dules\react-router\lib\components.tsx:225:3)

      at printWarning 
(node_modules/react-dom/cjs/react-dom.development.js:86:30)
      at error (node_modules/react-dom/cjs/react-dom.development.js:60:7)
      at warnIfUpdatesNotWrappedWithActDEV 
(node_modules/react-dom/cjs/react-dom.development.js:27628:9)
      at scheduleUpdateOnFiber 
(node_modules/react-dom/cjs/react-dom.development.js:25547:5)
      at dispatchSetState 
(node_modules/react-dom/cjs/react-dom.development.js:16708:7)

    console.error
      Warning: An update to AuditPane inside a test was not wrapped in 
act(...).
      
      When testing, code that causes React state updates should be wrapped 
into act(...):
      
      act(() => {
        /* fire events that update state */
      });
      /* assert on the output */
      
      This ensures that you're testing the behavior the user would see in the 
browser. Learn more at https://reactjs.org/link/wrap-tests-with-act
          at AuditPane (C:\Users\samhe\OneDrive\Desktop\Cleaned\frontend\src\su
bmissions\SubmissionTabs\SubmissionTabs.tsx:573:22)
          at div
          at div
          at SubmissionTabs (C:\Users\samhe\OneDrive\Desktop\Cleaned\frontend\s
rc\submissions\SubmissionTabs\SubmissionTabs.tsx:695:5)
          at basenameProp (C:\Users\samhe\OneDrive\Desktop\Cleaned\frontend\nod
e_modules\react-router\lib\components.tsx:421:13)
          at basename (C:\Users\samhe\OneDrive\Desktop\Cleaned\frontend\node_mo
dules\react-router\lib\components.tsx:225:3)

      583 |                 addNotification('Could not load audit trail.', 
'error')
      584 |             })
    > 585 |             .finally(() => setLoading(false))
          |                            ^
      586 |     }, [submissionId, addNotification])
      587 |
      588 |     if (loading) {

      at printWarning 
(node_modules/react-dom/cjs/react-dom.development.js:86:30)
      at error (node_modules/react-dom/cjs/react-dom.development.js:60:7)
      at warnIfUpdatesNotWrappedWithActDEV 
(node_modules/react-dom/cjs/react-dom.development.js:27628:9)
      at scheduleUpdateOnFiber 
(node_modules/react-dom/cjs/react-dom.development.js:25547:5)
      at dispatchSetState 
(node_modules/react-dom/cjs/react-dom.development.js:16708:7)
      at src/submissions/SubmissionTabs/SubmissionTabs.tsx:585:28

    console.error
      Warning: An update to SubmissionTabs inside a test was not wrapped in 
act(...).
      
      When testing, code that causes React state updates should be wrapped 
into act(...):
      
      act(() => {
        /* fire events that update state */
      });
      /* assert on the output */
      
      This ensures that you're testing the behavior the user would see in the 
browser. Learn more at https://reactjs.org/link/wrap-tests-with-act
          at SubmissionTabs (C:\Users\samhe\OneDrive\Desktop\Cleaned\frontend\s
rc\submissions\SubmissionTabs\SubmissionTabs.tsx:695:5)
          at basenameProp (C:\Users\samhe\OneDrive\Desktop\Cleaned\frontend\nod
e_modules\react-router\lib\components.tsx:421:13)
          at basename (C:\Users\samhe\OneDrive\Desktop\Cleaned\frontend\node_mo
dules\react-router\lib\components.tsx:225:3)

      711 |                         role="tab"
      712 |                         aria-selected={activeTab === tab}
    > 713 |                         onClick={() => setActiveTab(tab)}
          |                                        ^
      714 |                         className={`px-4 py-2 -mb-px text-sm 
font-medium border-b-2 transition-colors ${activeTab === tab
      715 |                                 ? 'border-brand-500 text-brand-600'
      716 |                                 : 'border-transparent 
text-gray-500 hover:text-brand-500'

      at printWarning 
(node_modules/react-dom/cjs/react-dom.development.js:86:30)
      at error (node_modules/react-dom/cjs/react-dom.development.js:60:7)
      at warnIfUpdatesNotWrappedWithActDEV 
(node_modules/react-dom/cjs/react-dom.development.js:27628:9)
      at scheduleUpdateOnFiber 
(node_modules/react-dom/cjs/react-dom.development.js:25547:5)
      at dispatchSetState 
(node_modules/react-dom/cjs/react-dom.development.js:16708:7)
      at onClick (src/submissions/SubmissionTabs/SubmissionTabs.tsx:713:40)
      at HTMLUnknownElement.callCallback 
(node_modules/react-dom/cjs/react-dom.development.js:4164:14)
      at HTMLUnknownElement.callTheUserObjectsOperation 
(node_modules/jsdom/lib/jsdom/living/generated/EventListener.js:26:30)
      at innerInvokeEventListeners 
(node_modules/jsdom/lib/jsdom/living/events/EventTarget-impl.js:350:25)
      at invokeEventListeners 
(node_modules/jsdom/lib/jsdom/living/events/EventTarget-impl.js:286:3)
      at HTMLUnknownElementImpl._dispatch 
(node_modules/jsdom/lib/jsdom/living/events/EventTarget-impl.js:233:9)
      at HTMLUnknownElementImpl.dispatchEvent 
(node_modules/jsdom/lib/jsdom/living/events/EventTarget-impl.js:104:17)
      at HTMLUnknownElement.dispatchEvent 
(node_modules/jsdom/lib/jsdom/living/generated/EventTarget.js:241:34)
      at Object.invokeGuardedCallbackDev 
(node_modules/react-dom/cjs/react-dom.development.js:4213:16)
      at invokeGuardedCallback 
(node_modules/react-dom/cjs/react-dom.development.js:4277:31)
      at invokeGuardedCallbackAndCatchFirstError 
(node_modules/react-dom/cjs/react-dom.development.js:4291:25)
      at executeDispatch 
(node_modules/react-dom/cjs/react-dom.development.js:9041:3)
      at processDispatchQueueItemsInOrder 
(node_modules/react-dom/cjs/react-dom.development.js:9073:7)
      at processDispatchQueue 
(node_modules/react-dom/cjs/react-dom.development.js:9086:5)
      at dispatchEventsForPlugins 
(node_modules/react-dom/cjs/react-dom.development.js:9097:3)
      at node_modules/react-dom/cjs/react-dom.development.js:9288:12
      at batchedUpdates$1 
(node_modules/react-dom/cjs/react-dom.development.js:26179:12)
      at batchedUpdates 
(node_modules/react-dom/cjs/react-dom.development.js:3991:12)
      at dispatchEventForPluginEventSystem 
(node_modules/react-dom/cjs/react-dom.development.js:9287:3)
      at dispatchEventWithEnableCapturePhaseSelectiveHydrationWithoutDiscreteEv
entReplay (node_modules/react-dom/cjs/react-dom.development.js:6465:5)
      at dispatchEvent 
(node_modules/react-dom/cjs/react-dom.development.js:6457:5)
      at dispatchDiscreteEvent 
(node_modules/react-dom/cjs/react-dom.development.js:6430:5)
      at HTMLDivElement.callTheUserObjectsOperation 
(node_modules/jsdom/lib/jsdom/living/generated/EventListener.js:26:30)
      at innerInvokeEventListeners 
(node_modules/jsdom/lib/jsdom/living/events/EventTarget-impl.js:350:25)
      at invokeEventListeners 
(node_modules/jsdom/lib/jsdom/living/events/EventTarget-impl.js:286:3)
      at HTMLButtonElementImpl._dispatch 
(node_modules/jsdom/lib/jsdom/living/events/EventTarget-impl.js:233:9)
      at HTMLButtonElementImpl.dispatchEvent 
(node_modules/jsdom/lib/jsdom/living/events/EventTarget-impl.js:104:17)
      at HTMLButtonElement.dispatchEvent 
(node_modules/jsdom/lib/jsdom/living/generated/EventTarget.js:241:34)
      at 
node_modules/@testing-library/user-event/dist/cjs/event/dispatchEvent.js:45:43
      at Object.eventWrapper 
(node_modules/@testing-library/dom/dist/config.js:25:23)
      at Object.wrapEvent 
(node_modules/@testing-library/user-event/dist/cjs/event/wrapEvent.js:6:28)
      at Object.dispatchEvent (node_modules/@testing-library/user-event/dist/cj
s/event/dispatchEvent.js:45:22)
      at Object.dispatchUIEvent (node_modules/@testing-library/user-event/dist/
cjs/event/dispatchEvent.js:22:26)
      at Mouse.up (node_modules/@testing-library/user-event/dist/cjs/system/poi
nter/mouse.js:100:30)
      at PointerHost.release (node_modules/@testing-library/user-event/dist/cjs
/system/pointer/index.js:87:24)
      at pointerAction 
(node_modules/@testing-library/user-event/dist/cjs/pointer/index.js:54:47)
      at Object.pointer 
(node_modules/@testing-library/user-event/dist/cjs/pointer/index.js:27:9)
      at Object.<anonymous> 
(src/submissions/SubmissionTabs/__tests__/SubmissionTabs.test.tsx:381:9)

    console.error
      Warning: An update to QuotesPane inside a test was not wrapped in 
act(...).
      
      When testing, code that causes React state updates should be wrapped 
into act(...):
      
      act(() => {
        /* fire events that update state */
      });
      /* assert on the output */
      
      This ensures that you're testing the behavior the user would see in the 
browser. Learn more at https://reactjs.org/link/wrap-tests-with-act
          at QuotesPane (C:\Users\samhe\OneDrive\Desktop\Cleaned\frontend\src\s
ubmissions\SubmissionTabs\SubmissionTabs.tsx:293:23)
          at div
          at div
          at SubmissionTabs (C:\Users\samhe\OneDrive\Desktop\Cleaned\frontend\s
rc\submissions\SubmissionTabs\SubmissionTabs.tsx:695:5)
          at basenameProp (C:\Users\samhe\OneDrive\Desktop\Cleaned\frontend\nod
e_modules\react-router\lib\components.tsx:421:13)
          at basename (C:\Users\samhe\OneDrive\Desktop\Cleaned\frontend\node_mo
dules\react-router\lib\components.tsx:225:3)

      301 |     useEffect(() => {
      302 |         if (!active || loaded || loading) return
    > 303 |         setLoading(true)
          |         ^
      304 |         
get<QuoteRow[]>(`/api/quotes?submission_id=${submissionId}`)
      305 |             .then((result) => {
      306 |                 setRows(result)

      at printWarning 
(node_modules/react-dom/cjs/react-dom.development.js:86:30)
      at error (node_modules/react-dom/cjs/react-dom.development.js:60:7)
      at warnIfUpdatesNotWrappedWithActDEV 
(node_modules/react-dom/cjs/react-dom.development.js:27628:9)
      at scheduleUpdateOnFiber 
(node_modules/react-dom/cjs/react-dom.development.js:25547:5)
      at dispatchSetState 
(node_modules/react-dom/cjs/react-dom.development.js:16708:7)
      at src/submissions/SubmissionTabs/SubmissionTabs.tsx:303:9
      at commitHookEffectListMount 
(node_modules/react-dom/cjs/react-dom.development.js:23189:26)
      at commitPassiveMountOnFiber 
(node_modules/react-dom/cjs/react-dom.development.js:24970:11)
      at commitPassiveMountEffects_complete 
(node_modules/react-dom/cjs/react-dom.development.js:24930:9)
      at commitPassiveMountEffects_begin 
(node_modules/react-dom/cjs/react-dom.development.js:24917:7)
      at commitPassiveMountEffects 
(node_modules/react-dom/cjs/react-dom.development.js:24905:3)
      at flushPassiveEffectsImpl 
(node_modules/react-dom/cjs/react-dom.development.js:27078:3)
      at flushPassiveEffects 
(node_modules/react-dom/cjs/react-dom.development.js:27023:14)
      at commitRootImpl 
(node_modules/react-dom/cjs/react-dom.development.js:26974:5)
      at commitRoot 
(node_modules/react-dom/cjs/react-dom.development.js:26721:5)
      at performSyncWorkOnRoot 
(node_modules/react-dom/cjs/react-dom.development.js:26156:3)
      at flushSyncCallbacks 
(node_modules/react-dom/cjs/react-dom.development.js:12042:22)
      at node_modules/react-dom/cjs/react-dom.development.js:25690:13
      at invokeTheCallbackFunction 
(node_modules/jsdom/lib/jsdom/living/generated/Function.js:19:26)
      at node_modules/jsdom/lib/jsdom/browser/Window.js:554:9

    console.error
      Warning: An update to AuditPane inside a test was not wrapped in 
act(...).
      
      When testing, code that causes React state updates should be wrapped 
into act(...):
      
      act(() => {
        /* fire events that update state */
      });
      /* assert on the output */
      
      This ensures that you're testing the behavior the user would see in the 
browser. Learn more at https://reactjs.org/link/wrap-tests-with-act
          at AuditPane (C:\Users\samhe\OneDrive\Desktop\Cleaned\frontend\src\su
bmissions\SubmissionTabs\SubmissionTabs.tsx:573:22)
          at div
          at div
          at SubmissionTabs (C:\Users\samhe\OneDrive\Desktop\Cleaned\frontend\s
rc\submissions\SubmissionTabs\SubmissionTabs.tsx:695:5)
          at basenameProp (C:\Users\samhe\OneDrive\Desktop\Cleaned\frontend\nod
e_modules\react-router\lib\components.tsx:421:13)
          at basename (C:\Users\samhe\OneDrive\Desktop\Cleaned\frontend\node_mo
dules\react-router\lib\components.tsx:225:3)

      at printWarning 
(node_modules/react-dom/cjs/react-dom.development.js:86:30)
      at error (node_modules/react-dom/cjs/react-dom.development.js:60:7)
      at warnIfUpdatesNotWrappedWithActDEV 
(node_modules/react-dom/cjs/react-dom.development.js:27628:9)
      at scheduleUpdateOnFiber 
(node_modules/react-dom/cjs/react-dom.development.js:25547:5)
      at dispatchSetState 
(node_modules/react-dom/cjs/react-dom.development.js:16708:7)

    console.error
      Warning: An update to AuditPane inside a test was not wrapped in 
act(...).
      
      When testing, code that causes React state updates should be wrapped 
into act(...):
      
      act(() => {
        /* fire events that update state */
      });
      /* assert on the output */
      
      This ensures that you're testing the behavior the user would see in the 
browser. Learn more at https://reactjs.org/link/wrap-tests-with-act
          at AuditPane (C:\Users\samhe\OneDrive\Desktop\Cleaned\frontend\src\su
bmissions\SubmissionTabs\SubmissionTabs.tsx:573:22)
          at div
          at div
          at SubmissionTabs (C:\Users\samhe\OneDrive\Desktop\Cleaned\frontend\s
rc\submissions\SubmissionTabs\SubmissionTabs.tsx:695:5)
          at basenameProp (C:\Users\samhe\OneDrive\Desktop\Cleaned\frontend\nod
e_modules\react-router\lib\components.tsx:421:13)
          at basename (C:\Users\samhe\OneDrive\Desktop\Cleaned\frontend\node_mo
dules\react-router\lib\components.tsx:225:3)

      583 |                 addNotification('Could not load audit trail.', 
'error')
      584 |             })
    > 585 |             .finally(() => setLoading(false))
          |                            ^
      586 |     }, [submissionId, addNotification])
      587 |
      588 |     if (loading) {

      at printWarning 
(node_modules/react-dom/cjs/react-dom.development.js:86:30)
      at error (node_modules/react-dom/cjs/react-dom.development.js:60:7)
      at warnIfUpdatesNotWrappedWithActDEV 
(node_modules/react-dom/cjs/react-dom.development.js:27628:9)
      at scheduleUpdateOnFiber 
(node_modules/react-dom/cjs/react-dom.development.js:25547:5)
      at dispatchSetState 
(node_modules/react-dom/cjs/react-dom.development.js:16708:7)
      at src/submissions/SubmissionTabs/SubmissionTabs.tsx:585:28

    console.error
      Warning: An update to SubmissionTabs inside a test was not wrapped in 
act(...).
      
      When testing, code that causes React state updates should be wrapped 
into act(...):
      
      act(() => {
        /* fire events that update state */
      });
      /* assert on the output */
      
      This ensures that you're testing the behavior the user would see in the 
browser. Learn more at https://reactjs.org/link/wrap-tests-with-act
          at SubmissionTabs (C:\Users\samhe\OneDrive\Desktop\Cleaned\frontend\s
rc\submissions\SubmissionTabs\SubmissionTabs.tsx:695:5)
          at basenameProp (C:\Users\samhe\OneDrive\Desktop\Cleaned\frontend\nod
e_modules\react-router\lib\components.tsx:421:13)
          at basename (C:\Users\samhe\OneDrive\Desktop\Cleaned\frontend\node_mo
dules\react-router\lib\components.tsx:225:3)

      711 |                         role="tab"
      712 |                         aria-selected={activeTab === tab}
    > 713 |                         onClick={() => setActiveTab(tab)}
          |                                        ^
      714 |                         className={`px-4 py-2 -mb-px text-sm 
font-medium border-b-2 transition-colors ${activeTab === tab
      715 |                                 ? 'border-brand-500 text-brand-600'
      716 |                                 : 'border-transparent 
text-gray-500 hover:text-brand-500'

      at printWarning 
(node_modules/react-dom/cjs/react-dom.development.js:86:30)
      at error (node_modules/react-dom/cjs/react-dom.development.js:60:7)
      at warnIfUpdatesNotWrappedWithActDEV 
(node_modules/react-dom/cjs/react-dom.development.js:27628:9)
      at scheduleUpdateOnFiber 
(node_modules/react-dom/cjs/react-dom.development.js:25547:5)
      at dispatchSetState 
(node_modules/react-dom/cjs/react-dom.development.js:16708:7)
      at onClick (src/submissions/SubmissionTabs/SubmissionTabs.tsx:713:40)
      at HTMLUnknownElement.callCallback 
(node_modules/react-dom/cjs/react-dom.development.js:4164:14)
      at HTMLUnknownElement.callTheUserObjectsOperation 
(node_modules/jsdom/lib/jsdom/living/generated/EventListener.js:26:30)
      at innerInvokeEventListeners 
(node_modules/jsdom/lib/jsdom/living/events/EventTarget-impl.js:350:25)
      at invokeEventListeners 
(node_modules/jsdom/lib/jsdom/living/events/EventTarget-impl.js:286:3)
      at HTMLUnknownElementImpl._dispatch 
(node_modules/jsdom/lib/jsdom/living/events/EventTarget-impl.js:233:9)
      at HTMLUnknownElementImpl.dispatchEvent 
(node_modules/jsdom/lib/jsdom/living/events/EventTarget-impl.js:104:17)
      at HTMLUnknownElement.dispatchEvent 
(node_modules/jsdom/lib/jsdom/living/generated/EventTarget.js:241:34)
      at Object.invokeGuardedCallbackDev 
(node_modules/react-dom/cjs/react-dom.development.js:4213:16)
      at invokeGuardedCallback 
(node_modules/react-dom/cjs/react-dom.development.js:4277:31)
      at invokeGuardedCallbackAndCatchFirstError 
(node_modules/react-dom/cjs/react-dom.development.js:4291:25)
      at executeDispatch 
(node_modules/react-dom/cjs/react-dom.development.js:9041:3)
      at processDispatchQueueItemsInOrder 
(node_modules/react-dom/cjs/react-dom.development.js:9073:7)
      at processDispatchQueue 
(node_modules/react-dom/cjs/react-dom.development.js:9086:5)
      at dispatchEventsForPlugins 
(node_modules/react-dom/cjs/react-dom.development.js:9097:3)
      at node_modules/react-dom/cjs/react-dom.development.js:9288:12
      at batchedUpdates$1 
(node_modules/react-dom/cjs/react-dom.development.js:26179:12)
      at batchedUpdates 
(node_modules/react-dom/cjs/react-dom.development.js:3991:12)
      at dispatchEventForPluginEventSystem 
(node_modules/react-dom/cjs/react-dom.development.js:9287:3)
      at dispatchEventWithEnableCapturePhaseSelectiveHydrationWithoutDiscreteEv
entReplay (node_modules/react-dom/cjs/react-dom.development.js:6465:5)
      at dispatchEvent 
(node_modules/react-dom/cjs/react-dom.development.js:6457:5)
      at dispatchDiscreteEvent 
(node_modules/react-dom/cjs/react-dom.development.js:6430:5)
      at HTMLDivElement.callTheUserObjectsOperation 
(node_modules/jsdom/lib/jsdom/living/generated/EventListener.js:26:30)
      at innerInvokeEventListeners 
(node_modules/jsdom/lib/jsdom/living/events/EventTarget-impl.js:350:25)
      at invokeEventListeners 
(node_modules/jsdom/lib/jsdom/living/events/EventTarget-impl.js:286:3)
      at HTMLButtonElementImpl._dispatch 
(node_modules/jsdom/lib/jsdom/living/events/EventTarget-impl.js:233:9)
      at HTMLButtonElementImpl.dispatchEvent 
(node_modules/jsdom/lib/jsdom/living/events/EventTarget-impl.js:104:17)
      at HTMLButtonElement.dispatchEvent 
(node_modules/jsdom/lib/jsdom/living/generated/EventTarget.js:241:34)
      at 
node_modules/@testing-library/user-event/dist/cjs/event/dispatchEvent.js:45:43
      at Object.eventWrapper 
(node_modules/@testing-library/dom/dist/config.js:25:23)
      at Object.wrapEvent 
(node_modules/@testing-library/user-event/dist/cjs/event/wrapEvent.js:6:28)
      at Object.dispatchEvent (node_modules/@testing-library/user-event/dist/cj
s/event/dispatchEvent.js:45:22)
      at Object.dispatchUIEvent (node_modules/@testing-library/user-event/dist/
cjs/event/dispatchEvent.js:22:26)
      at Mouse.up (node_modules/@testing-library/user-event/dist/cjs/system/poi
nter/mouse.js:100:30)
      at PointerHost.release (node_modules/@testing-library/user-event/dist/cjs
/system/pointer/index.js:87:24)
      at pointerAction 
(node_modules/@testing-library/user-event/dist/cjs/pointer/index.js:54:47)
      at Object.pointer 
(node_modules/@testing-library/user-event/dist/cjs/pointer/index.js:27:9)
      at Object.<anonymous> 
(src/submissions/SubmissionTabs/__tests__/SubmissionTabs.test.tsx:393:9)

    console.error
      Warning: An update to QuotesPane inside a test was not wrapped in 
act(...).
      
      When testing, code that causes React state updates should be wrapped 
into act(...):
      
      act(() => {
        /* fire events that update state */
      });
      /* assert on the output */
      
      This ensures that you're testing the behavior the user would see in the 
browser. Learn more at https://reactjs.org/link/wrap-tests-with-act
          at QuotesPane (C:\Users\samhe\OneDrive\Desktop\Cleaned\frontend\src\s
ubmissions\SubmissionTabs\SubmissionTabs.tsx:293:23)
          at div
          at div
          at SubmissionTabs (C:\Users\samhe\OneDrive\Desktop\Cleaned\frontend\s
rc\submissions\SubmissionTabs\SubmissionTabs.tsx:695:5)
          at basenameProp (C:\Users\samhe\OneDrive\Desktop\Cleaned\frontend\nod
e_modules\react-router\lib\components.tsx:421:13)
          at basename (C:\Users\samhe\OneDrive\Desktop\Cleaned\frontend\node_mo
dules\react-router\lib\components.tsx:225:3)

      301 |     useEffect(() => {
      302 |         if (!active || loaded || loading) return
    > 303 |         setLoading(true)
          |         ^
      304 |         
get<QuoteRow[]>(`/api/quotes?submission_id=${submissionId}`)
      305 |             .then((result) => {
      306 |                 setRows(result)

      at printWarning 
(node_modules/react-dom/cjs/react-dom.development.js:86:30)
      at error (node_modules/react-dom/cjs/react-dom.development.js:60:7)
      at warnIfUpdatesNotWrappedWithActDEV 
(node_modules/react-dom/cjs/react-dom.development.js:27628:9)
      at scheduleUpdateOnFiber 
(node_modules/react-dom/cjs/react-dom.development.js:25547:5)
      at dispatchSetState 
(node_modules/react-dom/cjs/react-dom.development.js:16708:7)
      at src/submissions/SubmissionTabs/SubmissionTabs.tsx:303:9
      at commitHookEffectListMount 
(node_modules/react-dom/cjs/react-dom.development.js:23189:26)
      at commitPassiveMountOnFiber 
(node_modules/react-dom/cjs/react-dom.development.js:24970:11)
      at commitPassiveMountEffects_complete 
(node_modules/react-dom/cjs/react-dom.development.js:24930:9)
      at commitPassiveMountEffects_begin 
(node_modules/react-dom/cjs/react-dom.development.js:24917:7)
      at commitPassiveMountEffects 
(node_modules/react-dom/cjs/react-dom.development.js:24905:3)
      at flushPassiveEffectsImpl 
(node_modules/react-dom/cjs/react-dom.development.js:27078:3)
      at flushPassiveEffects 
(node_modules/react-dom/cjs/react-dom.development.js:27023:14)
      at commitRootImpl 
(node_modules/react-dom/cjs/react-dom.development.js:26974:5)
      at commitRoot 
(node_modules/react-dom/cjs/react-dom.development.js:26721:5)
      at performSyncWorkOnRoot 
(node_modules/react-dom/cjs/react-dom.development.js:26156:3)
      at flushSyncCallbacks 
(node_modules/react-dom/cjs/react-dom.development.js:12042:22)
      at node_modules/react-dom/cjs/react-dom.development.js:25690:13
      at invokeTheCallbackFunction 
(node_modules/jsdom/lib/jsdom/living/generated/Function.js:19:26)
      at node_modules/jsdom/lib/jsdom/browser/Window.js:554:9

    console.error
      Warning: An update to QuotesPane inside a test was not wrapped in 
act(...).
      
      When testing, code that causes React state updates should be wrapped 
into act(...):
      
      act(() => {
        /* fire events that update state */
      });
      /* assert on the output */
      
      This ensures that you're testing the behavior the user would see in the 
browser. Learn more at https://reactjs.org/link/wrap-tests-with-act
          at QuotesPane (C:\Users\samhe\OneDrive\Desktop\Cleaned\frontend\src\s
ubmissions\SubmissionTabs\SubmissionTabs.tsx:293:23)
          at div
          at div
          at SubmissionTabs (C:\Users\samhe\OneDrive\Desktop\Cleaned\frontend\s
rc\submissions\SubmissionTabs\SubmissionTabs.tsx:695:5)
          at basenameProp (C:\Users\samhe\OneDrive\Desktop\Cleaned\frontend\nod
e_modules\react-router\lib\components.tsx:421:13)
          at basename (C:\Users\samhe\OneDrive\Desktop\Cleaned\frontend\node_mo
dules\react-router\lib\components.tsx:225:3)

      304 |         
get<QuoteRow[]>(`/api/quotes?submission_id=${submissionId}`)
      305 |             .then((result) => {
    > 306 |                 setRows(result)
          |                 ^
      307 |                 setLoaded(true)
      308 |             })
      309 |             .catch((err: Error) => {

      at printWarning 
(node_modules/react-dom/cjs/react-dom.development.js:86:30)
      at error (node_modules/react-dom/cjs/react-dom.development.js:60:7)
      at warnIfUpdatesNotWrappedWithActDEV 
(node_modules/react-dom/cjs/react-dom.development.js:27628:9)
      at scheduleUpdateOnFiber 
(node_modules/react-dom/cjs/react-dom.development.js:25547:5)
      at dispatchSetState 
(node_modules/react-dom/cjs/react-dom.development.js:16708:7)
      at src/submissions/SubmissionTabs/SubmissionTabs.tsx:306:17

    console.error
      Warning: An update to QuotesPane inside a test was not wrapped in 
act(...).
      
      When testing, code that causes React state updates should be wrapped 
into act(...):
      
      act(() => {
        /* fire events that update state */
      });
      /* assert on the output */
      
      This ensures that you're testing the behavior the user would see in the 
browser. Learn more at https://reactjs.org/link/wrap-tests-with-act
          at QuotesPane (C:\Users\samhe\OneDrive\Desktop\Cleaned\frontend\src\s
ubmissions\SubmissionTabs\SubmissionTabs.tsx:293:23)
          at div
          at div
          at SubmissionTabs (C:\Users\samhe\OneDrive\Desktop\Cleaned\frontend\s
rc\submissions\SubmissionTabs\SubmissionTabs.tsx:695:5)
          at basenameProp (C:\Users\samhe\OneDrive\Desktop\Cleaned\frontend\nod
e_modules\react-router\lib\components.tsx:421:13)
          at basename (C:\Users\samhe\OneDrive\Desktop\Cleaned\frontend\node_mo
dules\react-router\lib\components.tsx:225:3)

      305 |             .then((result) => {
      306 |                 setRows(result)
    > 307 |                 setLoaded(true)
          |                 ^
      308 |             })
      309 |             .catch((err: Error) => {
      310 |                 setError(err.message ?? 'Failed to load quotes.')

      at printWarning 
(node_modules/react-dom/cjs/react-dom.development.js:86:30)
      at error (node_modules/react-dom/cjs/react-dom.development.js:60:7)
      at warnIfUpdatesNotWrappedWithActDEV 
(node_modules/react-dom/cjs/react-dom.development.js:27628:9)
      at scheduleUpdateOnFiber 
(node_modules/react-dom/cjs/react-dom.development.js:25547:5)
      at dispatchSetState 
(node_modules/react-dom/cjs/react-dom.development.js:16708:7)
      at src/submissions/SubmissionTabs/SubmissionTabs.tsx:307:17

    console.error
      Warning: An update to QuotesPane inside a test was not wrapped in 
act(...).
      
      When testing, code that causes React state updates should be wrapped 
into act(...):
      
      act(() => {
        /* fire events that update state */
      });
      /* assert on the output */
      
      This ensures that you're testing the behavior the user would see in the 
browser. Learn more at https://reactjs.org/link/wrap-tests-with-act
          at QuotesPane (C:\Users\samhe\OneDrive\Desktop\Cleaned\frontend\src\s
ubmissions\SubmissionTabs\SubmissionTabs.tsx:293:23)
          at div
          at div
          at SubmissionTabs (C:\Users\samhe\OneDrive\Desktop\Cleaned\frontend\s
rc\submissions\SubmissionTabs\SubmissionTabs.tsx:695:5)
          at basenameProp (C:\Users\samhe\OneDrive\Desktop\Cleaned\frontend\nod
e_modules\react-router\lib\components.tsx:421:13)
          at basename (C:\Users\samhe\OneDrive\Desktop\Cleaned\frontend\node_mo
dules\react-router\lib\components.tsx:225:3)

      312 |                 addNotification('Could not load quotes.', 'error')
      313 |             })
    > 314 |             .finally(() => setLoading(false))
          |                            ^
      315 |     }, [active, loaded, loading, submissionId, addNotification])
      316 |
      317 |     return (

      at printWarning 
(node_modules/react-dom/cjs/react-dom.development.js:86:30)
      at error (node_modules/react-dom/cjs/react-dom.development.js:60:7)
      at warnIfUpdatesNotWrappedWithActDEV 
(node_modules/react-dom/cjs/react-dom.development.js:27628:9)
      at scheduleUpdateOnFiber 
(node_modules/react-dom/cjs/react-dom.development.js:25547:5)
      at dispatchSetState 
(node_modules/react-dom/cjs/react-dom.development.js:16708:7)
      at src/submissions/SubmissionTabs/SubmissionTabs.tsx:314:28

    console.error
      Warning: An update to AuditPane inside a test was not wrapped in 
act(...).
      
      When testing, code that causes React state updates should be wrapped 
into act(...):
      
      act(() => {
        /* fire events that update state */
      });
      /* assert on the output */
      
      This ensures that you're testing the behavior the user would see in the 
browser. Learn more at https://reactjs.org/link/wrap-tests-with-act
          at AuditPane (C:\Users\samhe\OneDrive\Desktop\Cleaned\frontend\src\su
bmissions\SubmissionTabs\SubmissionTabs.tsx:573:22)
          at div
          at div
          at SubmissionTabs (C:\Users\samhe\OneDrive\Desktop\Cleaned\frontend\s
rc\submissions\SubmissionTabs\SubmissionTabs.tsx:695:5)
          at basenameProp (C:\Users\samhe\OneDrive\Desktop\Cleaned\frontend\nod
e_modules\react-router\lib\components.tsx:421:13)
          at basename (C:\Users\samhe\OneDrive\Desktop\Cleaned\frontend\node_mo
dules\react-router\lib\components.tsx:225:3)

      at printWarning 
(node_modules/react-dom/cjs/react-dom.development.js:86:30)
      at error (node_modules/react-dom/cjs/react-dom.development.js:60:7)
      at warnIfUpdatesNotWrappedWithActDEV 
(node_modules/react-dom/cjs/react-dom.development.js:27628:9)
      at scheduleUpdateOnFiber 
(node_modules/react-dom/cjs/react-dom.development.js:25547:5)
      at dispatchSetState 
(node_modules/react-dom/cjs/react-dom.development.js:16708:7)

    console.error
      Warning: An update to AuditPane inside a test was not wrapped in 
act(...).
      
      When testing, code that causes React state updates should be wrapped 
into act(...):
      
      act(() => {
        /* fire events that update state */
      });
      /* assert on the output */
      
      This ensures that you're testing the behavior the user would see in the 
browser. Learn more at https://reactjs.org/link/wrap-tests-with-act
          at AuditPane (C:\Users\samhe\OneDrive\Desktop\Cleaned\frontend\src\su
bmissions\SubmissionTabs\SubmissionTabs.tsx:573:22)
          at div
          at div
          at SubmissionTabs (C:\Users\samhe\OneDrive\Desktop\Cleaned\frontend\s
rc\submissions\SubmissionTabs\SubmissionTabs.tsx:695:5)
          at basenameProp (C:\Users\samhe\OneDrive\Desktop\Cleaned\frontend\nod
e_modules\react-router\lib\components.tsx:421:13)
          at basename (C:\Users\samhe\OneDrive\Desktop\Cleaned\frontend\node_mo
dules\react-router\lib\components.tsx:225:3)

      583 |                 addNotification('Could not load audit trail.', 
'error')
      584 |             })
    > 585 |             .finally(() => setLoading(false))
          |                            ^
      586 |     }, [submissionId, addNotification])
      587 |
      588 |     if (loading) {

      at printWarning 
(node_modules/react-dom/cjs/react-dom.development.js:86:30)
      at error (node_modules/react-dom/cjs/react-dom.development.js:60:7)
      at warnIfUpdatesNotWrappedWithActDEV 
(node_modules/react-dom/cjs/react-dom.development.js:27628:9)
      at scheduleUpdateOnFiber 
(node_modules/react-dom/cjs/react-dom.development.js:25547:5)
      at dispatchSetState 
(node_modules/react-dom/cjs/react-dom.development.js:16708:7)
      at src/submissions/SubmissionTabs/SubmissionTabs.tsx:585:28

    console.error
      Warning: An update to SubmissionTabs inside a test was not wrapped in 
act(...).
      
      When testing, code that causes React state updates should be wrapped 
into act(...):
      
      act(() => {
        /* fire events that update state */
      });
      /* assert on the output */
      
      This ensures that you're testing the behavior the user would see in the 
browser. Learn more at https://reactjs.org/link/wrap-tests-with-act
          at SubmissionTabs (C:\Users\samhe\OneDrive\Desktop\Cleaned\frontend\s
rc\submissions\SubmissionTabs\SubmissionTabs.tsx:695:5)
          at basenameProp (C:\Users\samhe\OneDrive\Desktop\Cleaned\frontend\nod
e_modules\react-router\lib\components.tsx:421:13)
          at basename (C:\Users\samhe\OneDrive\Desktop\Cleaned\frontend\node_mo
dules\react-router\lib\components.tsx:225:3)

      711 |                         role="tab"
      712 |                         aria-selected={activeTab === tab}
    > 713 |                         onClick={() => setActiveTab(tab)}
          |                                        ^
      714 |                         className={`px-4 py-2 -mb-px text-sm 
font-medium border-b-2 transition-colors ${activeTab === tab
      715 |                                 ? 'border-brand-500 text-brand-600'
      716 |                                 : 'border-transparent 
text-gray-500 hover:text-brand-500'

      at printWarning 
(node_modules/react-dom/cjs/react-dom.development.js:86:30)
      at error (node_modules/react-dom/cjs/react-dom.development.js:60:7)
      at warnIfUpdatesNotWrappedWithActDEV 
(node_modules/react-dom/cjs/react-dom.development.js:27628:9)
      at scheduleUpdateOnFiber 
(node_modules/react-dom/cjs/react-dom.development.js:25547:5)
      at dispatchSetState 
(node_modules/react-dom/cjs/react-dom.development.js:16708:7)
      at onClick (src/submissions/SubmissionTabs/SubmissionTabs.tsx:713:40)
      at HTMLUnknownElement.callCallback 
(node_modules/react-dom/cjs/react-dom.development.js:4164:14)
      at HTMLUnknownElement.callTheUserObjectsOperation 
(node_modules/jsdom/lib/jsdom/living/generated/EventListener.js:26:30)
      at innerInvokeEventListeners 
(node_modules/jsdom/lib/jsdom/living/events/EventTarget-impl.js:350:25)
      at invokeEventListeners 
(node_modules/jsdom/lib/jsdom/living/events/EventTarget-impl.js:286:3)
      at HTMLUnknownElementImpl._dispatch 
(node_modules/jsdom/lib/jsdom/living/events/EventTarget-impl.js:233:9)
      at HTMLUnknownElementImpl.dispatchEvent 
(node_modules/jsdom/lib/jsdom/living/events/EventTarget-impl.js:104:17)
      at HTMLUnknownElement.dispatchEvent 
(node_modules/jsdom/lib/jsdom/living/generated/EventTarget.js:241:34)
      at Object.invokeGuardedCallbackDev 
(node_modules/react-dom/cjs/react-dom.development.js:4213:16)
      at invokeGuardedCallback 
(node_modules/react-dom/cjs/react-dom.development.js:4277:31)
      at invokeGuardedCallbackAndCatchFirstError 
(node_modules/react-dom/cjs/react-dom.development.js:4291:25)
      at executeDispatch 
(node_modules/react-dom/cjs/react-dom.development.js:9041:3)
      at processDispatchQueueItemsInOrder 
(node_modules/react-dom/cjs/react-dom.development.js:9073:7)
      at processDispatchQueue 
(node_modules/react-dom/cjs/react-dom.development.js:9086:5)
      at dispatchEventsForPlugins 
(node_modules/react-dom/cjs/react-dom.development.js:9097:3)
      at node_modules/react-dom/cjs/react-dom.development.js:9288:12
      at batchedUpdates$1 
(node_modules/react-dom/cjs/react-dom.development.js:26179:12)
      at batchedUpdates 
(node_modules/react-dom/cjs/react-dom.development.js:3991:12)
      at dispatchEventForPluginEventSystem 
(node_modules/react-dom/cjs/react-dom.development.js:9287:3)
      at dispatchEventWithEnableCapturePhaseSelectiveHydrationWithoutDiscreteEv
entReplay (node_modules/react-dom/cjs/react-dom.development.js:6465:5)
      at dispatchEvent 
(node_modules/react-dom/cjs/react-dom.development.js:6457:5)
      at dispatchDiscreteEvent 
(node_modules/react-dom/cjs/react-dom.development.js:6430:5)
      at HTMLDivElement.callTheUserObjectsOperation 
(node_modules/jsdom/lib/jsdom/living/generated/EventListener.js:26:30)
      at innerInvokeEventListeners 
(node_modules/jsdom/lib/jsdom/living/events/EventTarget-impl.js:350:25)
      at invokeEventListeners 
(node_modules/jsdom/lib/jsdom/living/events/EventTarget-impl.js:286:3)
      at HTMLButtonElementImpl._dispatch 
(node_modules/jsdom/lib/jsdom/living/events/EventTarget-impl.js:233:9)
      at HTMLButtonElementImpl.dispatchEvent 
(node_modules/jsdom/lib/jsdom/living/events/EventTarget-impl.js:104:17)
      at HTMLButtonElement.dispatchEvent 
(node_modules/jsdom/lib/jsdom/living/generated/EventTarget.js:241:34)
      at 
node_modules/@testing-library/user-event/dist/cjs/event/dispatchEvent.js:45:43
      at Object.eventWrapper 
(node_modules/@testing-library/dom/dist/config.js:25:23)
      at Object.wrapEvent 
(node_modules/@testing-library/user-event/dist/cjs/event/wrapEvent.js:6:28)
      at Object.dispatchEvent (node_modules/@testing-library/user-event/dist/cj
s/event/dispatchEvent.js:45:22)
      at Object.dispatchUIEvent (node_modules/@testing-library/user-event/dist/
cjs/event/dispatchEvent.js:22:26)
      at Mouse.up (node_modules/@testing-library/user-event/dist/cjs/system/poi
nter/mouse.js:100:30)
      at PointerHost.release (node_modules/@testing-library/user-event/dist/cjs
/system/pointer/index.js:87:24)
      at pointerAction 
(node_modules/@testing-library/user-event/dist/cjs/pointer/index.js:54:47)
      at Object.pointer 
(node_modules/@testing-library/user-event/dist/cjs/pointer/index.js:27:9)
      at Object.<anonymous> 
(src/submissions/SubmissionTabs/__tests__/SubmissionTabs.test.tsx:410:9)

    console.error
      Warning: An update to QuotesPane inside a test was not wrapped in 
act(...).
      
      When testing, code that causes React state updates should be wrapped 
into act(...):
      
      act(() => {
        /* fire events that update state */
      });
      /* assert on the output */
      
      This ensures that you're testing the behavior the user would see in the 
browser. Learn more at https://reactjs.org/link/wrap-tests-with-act
          at QuotesPane (C:\Users\samhe\OneDrive\Desktop\Cleaned\frontend\src\s
ubmissions\SubmissionTabs\SubmissionTabs.tsx:293:23)
          at div
          at div
          at SubmissionTabs (C:\Users\samhe\OneDrive\Desktop\Cleaned\frontend\s
rc\submissions\SubmissionTabs\SubmissionTabs.tsx:695:5)
          at basenameProp (C:\Users\samhe\OneDrive\Desktop\Cleaned\frontend\nod
e_modules\react-router\lib\components.tsx:421:13)
          at basename (C:\Users\samhe\OneDrive\Desktop\Cleaned\frontend\node_mo
dules\react-router\lib\components.tsx:225:3)

      301 |     useEffect(() => {
      302 |         if (!active || loaded || loading) return
    > 303 |         setLoading(true)
          |         ^
      304 |         
get<QuoteRow[]>(`/api/quotes?submission_id=${submissionId}`)
      305 |             .then((result) => {
      306 |                 setRows(result)

      at printWarning 
(node_modules/react-dom/cjs/react-dom.development.js:86:30)
      at error (node_modules/react-dom/cjs/react-dom.development.js:60:7)
      at warnIfUpdatesNotWrappedWithActDEV 
(node_modules/react-dom/cjs/react-dom.development.js:27628:9)
      at scheduleUpdateOnFiber 
(node_modules/react-dom/cjs/react-dom.development.js:25547:5)
      at dispatchSetState 
(node_modules/react-dom/cjs/react-dom.development.js:16708:7)
      at src/submissions/SubmissionTabs/SubmissionTabs.tsx:303:9
      at commitHookEffectListMount 
(node_modules/react-dom/cjs/react-dom.development.js:23189:26)
      at commitPassiveMountOnFiber 
(node_modules/react-dom/cjs/react-dom.development.js:24970:11)
      at commitPassiveMountEffects_complete 
(node_modules/react-dom/cjs/react-dom.development.js:24930:9)
      at commitPassiveMountEffects_begin 
(node_modules/react-dom/cjs/react-dom.development.js:24917:7)
      at commitPassiveMountEffects 
(node_modules/react-dom/cjs/react-dom.development.js:24905:3)
      at flushPassiveEffectsImpl 
(node_modules/react-dom/cjs/react-dom.development.js:27078:3)
      at flushPassiveEffects 
(node_modules/react-dom/cjs/react-dom.development.js:27023:14)
      at commitRootImpl 
(node_modules/react-dom/cjs/react-dom.development.js:26974:5)
      at commitRoot 
(node_modules/react-dom/cjs/react-dom.development.js:26721:5)
      at performSyncWorkOnRoot 
(node_modules/react-dom/cjs/react-dom.development.js:26156:3)
      at flushSyncCallbacks 
(node_modules/react-dom/cjs/react-dom.development.js:12042:22)
      at node_modules/react-dom/cjs/react-dom.development.js:25690:13
      at invokeTheCallbackFunction 
(node_modules/jsdom/lib/jsdom/living/generated/Function.js:19:26)
      at node_modules/jsdom/lib/jsdom/browser/Window.js:554:9

    console.error
      Warning: An update to QuotesPane inside a test was not wrapped in 
act(...).
      
      When testing, code that causes React state updates should be wrapped 
into act(...):
      
      act(() => {
        /* fire events that update state */
      });
      /* assert on the output */
      
      This ensures that you're testing the behavior the user would see in the 
browser. Learn more at https://reactjs.org/link/wrap-tests-with-act
          at QuotesPane (C:\Users\samhe\OneDrive\Desktop\Cleaned\frontend\src\s
ubmissions\SubmissionTabs\SubmissionTabs.tsx:293:23)
          at div
          at div
          at SubmissionTabs (C:\Users\samhe\OneDrive\Desktop\Cleaned\frontend\s
rc\submissions\SubmissionTabs\SubmissionTabs.tsx:695:5)
          at basenameProp (C:\Users\samhe\OneDrive\Desktop\Cleaned\frontend\nod
e_modules\react-router\lib\components.tsx:421:13)
          at basename (C:\Users\samhe\OneDrive\Desktop\Cleaned\frontend\node_mo
dules\react-router\lib\components.tsx:225:3)

      304 |         
get<QuoteRow[]>(`/api/quotes?submission_id=${submissionId}`)
      305 |             .then((result) => {
    > 306 |                 setRows(result)
          |                 ^
      307 |                 setLoaded(true)
      308 |             })
      309 |             .catch((err: Error) => {

      at printWarning 
(node_modules/react-dom/cjs/react-dom.development.js:86:30)
      at error (node_modules/react-dom/cjs/react-dom.development.js:60:7)
      at warnIfUpdatesNotWrappedWithActDEV 
(node_modules/react-dom/cjs/react-dom.development.js:27628:9)
      at scheduleUpdateOnFiber 
(node_modules/react-dom/cjs/react-dom.development.js:25547:5)
      at dispatchSetState 
(node_modules/react-dom/cjs/react-dom.development.js:16708:7)
      at src/submissions/SubmissionTabs/SubmissionTabs.tsx:306:17

    console.error
      Warning: An update to QuotesPane inside a test was not wrapped in 
act(...).
      
      When testing, code that causes React state updates should be wrapped 
into act(...):
      
      act(() => {
        /* fire events that update state */
      });
      /* assert on the output */
      
      This ensures that you're testing the behavior the user would see in the 
browser. Learn more at https://reactjs.org/link/wrap-tests-with-act
          at QuotesPane (C:\Users\samhe\OneDrive\Desktop\Cleaned\frontend\src\s
ubmissions\SubmissionTabs\SubmissionTabs.tsx:293:23)
          at div
          at div
          at SubmissionTabs (C:\Users\samhe\OneDrive\Desktop\Cleaned\frontend\s
rc\submissions\SubmissionTabs\SubmissionTabs.tsx:695:5)
          at basenameProp (C:\Users\samhe\OneDrive\Desktop\Cleaned\frontend\nod
e_modules\react-router\lib\components.tsx:421:13)
          at basename (C:\Users\samhe\OneDrive\Desktop\Cleaned\frontend\node_mo
dules\react-router\lib\components.tsx:225:3)

      305 |             .then((result) => {
      306 |                 setRows(result)
    > 307 |                 setLoaded(true)
          |                 ^
      308 |             })
      309 |             .catch((err: Error) => {
      310 |                 setError(err.message ?? 'Failed to load quotes.')

      at printWarning 
(node_modules/react-dom/cjs/react-dom.development.js:86:30)
      at error (node_modules/react-dom/cjs/react-dom.development.js:60:7)
      at warnIfUpdatesNotWrappedWithActDEV 
(node_modules/react-dom/cjs/react-dom.development.js:27628:9)
      at scheduleUpdateOnFiber 
(node_modules/react-dom/cjs/react-dom.development.js:25547:5)
      at dispatchSetState 
(node_modules/react-dom/cjs/react-dom.development.js:16708:7)
      at src/submissions/SubmissionTabs/SubmissionTabs.tsx:307:17

    console.error
      Warning: An update to QuotesPane inside a test was not wrapped in 
act(...).
      
      When testing, code that causes React state updates should be wrapped 
into act(...):
      
      act(() => {
        /* fire events that update state */
      });
      /* assert on the output */
      
      This ensures that you're testing the behavior the user would see in the 
browser. Learn more at https://reactjs.org/link/wrap-tests-with-act
          at QuotesPane (C:\Users\samhe\OneDrive\Desktop\Cleaned\frontend\src\s
ubmissions\SubmissionTabs\SubmissionTabs.tsx:293:23)
          at div
          at div
          at SubmissionTabs (C:\Users\samhe\OneDrive\Desktop\Cleaned\frontend\s
rc\submissions\SubmissionTabs\SubmissionTabs.tsx:695:5)
          at basenameProp (C:\Users\samhe\OneDrive\Desktop\Cleaned\frontend\nod
e_modules\react-router\lib\components.tsx:421:13)
          at basename (C:\Users\samhe\OneDrive\Desktop\Cleaned\frontend\node_mo
dules\react-router\lib\components.tsx:225:3)

      312 |                 addNotification('Could not load quotes.', 'error')
      313 |             })
    > 314 |             .finally(() => setLoading(false))
          |                            ^
      315 |     }, [active, loaded, loading, submissionId, addNotification])
      316 |
      317 |     return (

      at printWarning 
(node_modules/react-dom/cjs/react-dom.development.js:86:30)
      at error (node_modules/react-dom/cjs/react-dom.development.js:60:7)
      at warnIfUpdatesNotWrappedWithActDEV 
(node_modules/react-dom/cjs/react-dom.development.js:27628:9)
      at scheduleUpdateOnFiber 
(node_modules/react-dom/cjs/react-dom.development.js:25547:5)
      at dispatchSetState 
(node_modules/react-dom/cjs/react-dom.development.js:16708:7)
      at src/submissions/SubmissionTabs/SubmissionTabs.tsx:314:28

    console.error
      Warning: An update to AuditPane inside a test was not wrapped in 
act(...).
      
      When testing, code that causes React state updates should be wrapped 
into act(...):
      
      act(() => {
        /* fire events that update state */
      });
      /* assert on the output */
      
      This ensures that you're testing the behavior the user would see in the 
browser. Learn more at https://reactjs.org/link/wrap-tests-with-act
          at AuditPane (C:\Users\samhe\OneDrive\Desktop\Cleaned\frontend\src\su
bmissions\SubmissionTabs\SubmissionTabs.tsx:573:22)
          at div
          at div
          at SubmissionTabs (C:\Users\samhe\OneDrive\Desktop\Cleaned\frontend\s
rc\submissions\SubmissionTabs\SubmissionTabs.tsx:695:5)
          at basenameProp (C:\Users\samhe\OneDrive\Desktop\Cleaned\frontend\nod
e_modules\react-router\lib\components.tsx:421:13)
          at basename (C:\Users\samhe\OneDrive\Desktop\Cleaned\frontend\node_mo
dules\react-router\lib\components.tsx:225:3)

      at printWarning 
(node_modules/react-dom/cjs/react-dom.development.js:86:30)
      at error (node_modules/react-dom/cjs/react-dom.development.js:60:7)
      at warnIfUpdatesNotWrappedWithActDEV 
(node_modules/react-dom/cjs/react-dom.development.js:27628:9)
      at scheduleUpdateOnFiber 
(node_modules/react-dom/cjs/react-dom.development.js:25547:5)
      at dispatchSetState 
(node_modules/react-dom/cjs/react-dom.development.js:16708:7)

    console.error
      Warning: An update to AuditPane inside a test was not wrapped in 
act(...).
      
      When testing, code that causes React state updates should be wrapped 
into act(...):
      
      act(() => {
        /* fire events that update state */
      });
      /* assert on the output */
      
      This ensures that you're testing the behavior the user would see in the 
browser. Learn more at https://reactjs.org/link/wrap-tests-with-act
          at AuditPane (C:\Users\samhe\OneDrive\Desktop\Cleaned\frontend\src\su
bmissions\SubmissionTabs\SubmissionTabs.tsx:573:22)
          at div
          at div
          at SubmissionTabs (C:\Users\samhe\OneDrive\Desktop\Cleaned\frontend\s
rc\submissions\SubmissionTabs\SubmissionTabs.tsx:695:5)
          at basenameProp (C:\Users\samhe\OneDrive\Desktop\Cleaned\frontend\nod
e_modules\react-router\lib\components.tsx:421:13)
          at basename (C:\Users\samhe\OneDrive\Desktop\Cleaned\frontend\node_mo
dules\react-router\lib\components.tsx:225:3)

      583 |                 addNotification('Could not load audit trail.', 
'error')
      584 |             })
    > 585 |             .finally(() => setLoading(false))
          |                            ^
      586 |     }, [submissionId, addNotification])
      587 |
      588 |     if (loading) {

      at printWarning 
(node_modules/react-dom/cjs/react-dom.development.js:86:30)
      at error (node_modules/react-dom/cjs/react-dom.development.js:60:7)
      at warnIfUpdatesNotWrappedWithActDEV 
(node_modules/react-dom/cjs/react-dom.development.js:27628:9)
      at scheduleUpdateOnFiber 
(node_modules/react-dom/cjs/react-dom.development.js:25547:5)
      at dispatchSetState 
(node_modules/react-dom/cjs/react-dom.development.js:16708:7)
      at src/submissions/SubmissionTabs/SubmissionTabs.tsx:585:28

    console.error
      Warning: An update to SubmissionTabs inside a test was not wrapped in 
act(...).
      
      When testing, code that causes React state updates should be wrapped 
into act(...):
      
      act(() => {
        /* fire events that update state */
      });
      /* assert on the output */
      
      This ensures that you're testing the behavior the user would see in the 
browser. Learn more at https://reactjs.org/link/wrap-tests-with-act
          at SubmissionTabs (C:\Users\samhe\OneDrive\Desktop\Cleaned\frontend\s
rc\submissions\SubmissionTabs\SubmissionTabs.tsx:695:5)
          at basenameProp (C:\Users\samhe\OneDrive\Desktop\Cleaned\frontend\nod
e_modules\react-router\lib\components.tsx:421:13)
          at basename (C:\Users\samhe\OneDrive\Desktop\Cleaned\frontend\node_mo
dules\react-router\lib\components.tsx:225:3)

      711 |                         role="tab"
      712 |                         aria-selected={activeTab === tab}
    > 713 |                         onClick={() => setActiveTab(tab)}
          |                                        ^
      714 |                         className={`px-4 py-2 -mb-px text-sm 
font-medium border-b-2 transition-colors ${activeTab === tab
      715 |                                 ? 'border-brand-500 text-brand-600'
      716 |                                 : 'border-transparent 
text-gray-500 hover:text-brand-500'

      at printWarning 
(node_modules/react-dom/cjs/react-dom.development.js:86:30)
      at error (node_modules/react-dom/cjs/react-dom.development.js:60:7)
      at warnIfUpdatesNotWrappedWithActDEV 
(node_modules/react-dom/cjs/react-dom.development.js:27628:9)
      at scheduleUpdateOnFiber 
(node_modules/react-dom/cjs/react-dom.development.js:25547:5)
      at dispatchSetState 
(node_modules/react-dom/cjs/react-dom.development.js:16708:7)
      at onClick (src/submissions/SubmissionTabs/SubmissionTabs.tsx:713:40)
      at HTMLUnknownElement.callCallback 
(node_modules/react-dom/cjs/react-dom.development.js:4164:14)
      at HTMLUnknownElement.callTheUserObjectsOperation 
(node_modules/jsdom/lib/jsdom/living/generated/EventListener.js:26:30)
      at innerInvokeEventListeners 
(node_modules/jsdom/lib/jsdom/living/events/EventTarget-impl.js:350:25)
      at invokeEventListeners 
(node_modules/jsdom/lib/jsdom/living/events/EventTarget-impl.js:286:3)
      at HTMLUnknownElementImpl._dispatch 
(node_modules/jsdom/lib/jsdom/living/events/EventTarget-impl.js:233:9)
      at HTMLUnknownElementImpl.dispatchEvent 
(node_modules/jsdom/lib/jsdom/living/events/EventTarget-impl.js:104:17)
      at HTMLUnknownElement.dispatchEvent 
(node_modules/jsdom/lib/jsdom/living/generated/EventTarget.js:241:34)
      at Object.invokeGuardedCallbackDev 
(node_modules/react-dom/cjs/react-dom.development.js:4213:16)
      at invokeGuardedCallback 
(node_modules/react-dom/cjs/react-dom.development.js:4277:31)
      at invokeGuardedCallbackAndCatchFirstError 
(node_modules/react-dom/cjs/react-dom.development.js:4291:25)
      at executeDispatch 
(node_modules/react-dom/cjs/react-dom.development.js:9041:3)
      at processDispatchQueueItemsInOrder 
(node_modules/react-dom/cjs/react-dom.development.js:9073:7)
      at processDispatchQueue 
(node_modules/react-dom/cjs/react-dom.development.js:9086:5)
      at dispatchEventsForPlugins 
(node_modules/react-dom/cjs/react-dom.development.js:9097:3)
      at node_modules/react-dom/cjs/react-dom.development.js:9288:12
      at batchedUpdates$1 
(node_modules/react-dom/cjs/react-dom.development.js:26179:12)
      at batchedUpdates 
(node_modules/react-dom/cjs/react-dom.development.js:3991:12)
      at dispatchEventForPluginEventSystem 
(node_modules/react-dom/cjs/react-dom.development.js:9287:3)
      at dispatchEventWithEnableCapturePhaseSelectiveHydrationWithoutDiscreteEv
entReplay (node_modules/react-dom/cjs/react-dom.development.js:6465:5)
      at dispatchEvent 
(node_modules/react-dom/cjs/react-dom.development.js:6457:5)
      at dispatchDiscreteEvent 
(node_modules/react-dom/cjs/react-dom.development.js:6430:5)
      at HTMLDivElement.callTheUserObjectsOperation 
(node_modules/jsdom/lib/jsdom/living/generated/EventListener.js:26:30)
      at innerInvokeEventListeners 
(node_modules/jsdom/lib/jsdom/living/events/EventTarget-impl.js:350:25)
      at invokeEventListeners 
(node_modules/jsdom/lib/jsdom/living/events/EventTarget-impl.js:286:3)
      at HTMLButtonElementImpl._dispatch 
(node_modules/jsdom/lib/jsdom/living/events/EventTarget-impl.js:233:9)
      at HTMLButtonElementImpl.dispatchEvent 
(node_modules/jsdom/lib/jsdom/living/events/EventTarget-impl.js:104:17)
      at HTMLButtonElement.dispatchEvent 
(node_modules/jsdom/lib/jsdom/living/generated/EventTarget.js:241:34)
      at 
node_modules/@testing-library/user-event/dist/cjs/event/dispatchEvent.js:45:43
      at Object.eventWrapper 
(node_modules/@testing-library/dom/dist/config.js:25:23)
      at Object.wrapEvent 
(node_modules/@testing-library/user-event/dist/cjs/event/wrapEvent.js:6:28)
      at Object.dispatchEvent (node_modules/@testing-library/user-event/dist/cj
s/event/dispatchEvent.js:45:22)
      at Object.dispatchUIEvent (node_modules/@testing-library/user-event/dist/
cjs/event/dispatchEvent.js:22:26)
      at Mouse.up (node_modules/@testing-library/user-event/dist/cjs/system/poi
nter/mouse.js:100:30)
      at PointerHost.release (node_modules/@testing-library/user-event/dist/cjs
/system/pointer/index.js:87:24)
      at pointerAction 
(node_modules/@testing-library/user-event/dist/cjs/pointer/index.js:54:47)
      at Object.pointer 
(node_modules/@testing-library/user-event/dist/cjs/pointer/index.js:27:9)
      at Object.<anonymous> 
(src/submissions/SubmissionTabs/__tests__/SubmissionTabs.test.tsx:422:9)

    console.error
      Warning: An update to QuotesPane inside a test was not wrapped in 
act(...).
      
      When testing, code that causes React state updates should be wrapped 
into act(...):
      
      act(() => {
        /* fire events that update state */
      });
      /* assert on the output */
      
      This ensures that you're testing the behavior the user would see in the 
browser. Learn more at https://reactjs.org/link/wrap-tests-with-act
          at QuotesPane (C:\Users\samhe\OneDrive\Desktop\Cleaned\frontend\src\s
ubmissions\SubmissionTabs\SubmissionTabs.tsx:293:23)
          at div
          at div
          at SubmissionTabs (C:\Users\samhe\OneDrive\Desktop\Cleaned\frontend\s
rc\submissions\SubmissionTabs\SubmissionTabs.tsx:695:5)
          at basenameProp (C:\Users\samhe\OneDrive\Desktop\Cleaned\frontend\nod
e_modules\react-router\lib\components.tsx:421:13)
          at basename (C:\Users\samhe\OneDrive\Desktop\Cleaned\frontend\node_mo
dules\react-router\lib\components.tsx:225:3)

      301 |     useEffect(() => {
      302 |         if (!active || loaded || loading) return
    > 303 |         setLoading(true)
          |         ^
      304 |         
get<QuoteRow[]>(`/api/quotes?submission_id=${submissionId}`)
      305 |             .then((result) => {
      306 |                 setRows(result)

      at printWarning 
(node_modules/react-dom/cjs/react-dom.development.js:86:30)
      at error (node_modules/react-dom/cjs/react-dom.development.js:60:7)
      at warnIfUpdatesNotWrappedWithActDEV 
(node_modules/react-dom/cjs/react-dom.development.js:27628:9)
      at scheduleUpdateOnFiber 
(node_modules/react-dom/cjs/react-dom.development.js:25547:5)
      at dispatchSetState 
(node_modules/react-dom/cjs/react-dom.development.js:16708:7)
      at src/submissions/SubmissionTabs/SubmissionTabs.tsx:303:9
      at commitHookEffectListMount 
(node_modules/react-dom/cjs/react-dom.development.js:23189:26)
      at commitPassiveMountOnFiber 
(node_modules/react-dom/cjs/react-dom.development.js:24970:11)
      at commitPassiveMountEffects_complete 
(node_modules/react-dom/cjs/react-dom.development.js:24930:9)
      at commitPassiveMountEffects_begin 
(node_modules/react-dom/cjs/react-dom.development.js:24917:7)
      at commitPassiveMountEffects 
(node_modules/react-dom/cjs/react-dom.development.js:24905:3)
      at flushPassiveEffectsImpl 
(node_modules/react-dom/cjs/react-dom.development.js:27078:3)
      at flushPassiveEffects 
(node_modules/react-dom/cjs/react-dom.development.js:27023:14)
      at commitRootImpl 
(node_modules/react-dom/cjs/react-dom.development.js:26974:5)
      at commitRoot 
(node_modules/react-dom/cjs/react-dom.development.js:26721:5)
      at performSyncWorkOnRoot 
(node_modules/react-dom/cjs/react-dom.development.js:26156:3)
      at flushSyncCallbacks 
(node_modules/react-dom/cjs/react-dom.development.js:12042:22)
      at node_modules/react-dom/cjs/react-dom.development.js:25690:13
      at invokeTheCallbackFunction 
(node_modules/jsdom/lib/jsdom/living/generated/Function.js:19:26)
      at node_modules/jsdom/lib/jsdom/browser/Window.js:554:9

    console.error
      Warning: An update to QuotesPane inside a test was not wrapped in 
act(...).
      
      When testing, code that causes React state updates should be wrapped 
into act(...):
      
      act(() => {
        /* fire events that update state */
      });
      /* assert on the output */
      
      This ensures that you're testing the behavior the user would see in the 
browser. Learn more at https://reactjs.org/link/wrap-tests-with-act
          at QuotesPane (C:\Users\samhe\OneDrive\Desktop\Cleaned\frontend\src\s
ubmissions\SubmissionTabs\SubmissionTabs.tsx:293:23)
          at div
          at div
          at SubmissionTabs (C:\Users\samhe\OneDrive\Desktop\Cleaned\frontend\s
rc\submissions\SubmissionTabs\SubmissionTabs.tsx:695:5)
          at basenameProp (C:\Users\samhe\OneDrive\Desktop\Cleaned\frontend\nod
e_modules\react-router\lib\components.tsx:421:13)
          at basename (C:\Users\samhe\OneDrive\Desktop\Cleaned\frontend\node_mo
dules\react-router\lib\components.tsx:225:3)

      304 |         
get<QuoteRow[]>(`/api/quotes?submission_id=${submissionId}`)
      305 |             .then((result) => {
    > 306 |                 setRows(result)
          |                 ^
      307 |                 setLoaded(true)
      308 |             })
      309 |             .catch((err: Error) => {

      at printWarning 
(node_modules/react-dom/cjs/react-dom.development.js:86:30)
      at error (node_modules/react-dom/cjs/react-dom.development.js:60:7)
      at warnIfUpdatesNotWrappedWithActDEV 
(node_modules/react-dom/cjs/react-dom.development.js:27628:9)
      at scheduleUpdateOnFiber 
(node_modules/react-dom/cjs/react-dom.development.js:25547:5)
      at dispatchSetState 
(node_modules/react-dom/cjs/react-dom.development.js:16708:7)
      at src/submissions/SubmissionTabs/SubmissionTabs.tsx:306:17

    console.error
      Warning: An update to QuotesPane inside a test was not wrapped in 
act(...).
      
      When testing, code that causes React state updates should be wrapped 
into act(...):
      
      act(() => {
        /* fire events that update state */
      });
      /* assert on the output */
      
      This ensures that you're testing the behavior the user would see in the 
browser. Learn more at https://reactjs.org/link/wrap-tests-with-act
          at QuotesPane (C:\Users\samhe\OneDrive\Desktop\Cleaned\frontend\src\s
ubmissions\SubmissionTabs\SubmissionTabs.tsx:293:23)
          at div
          at div
          at SubmissionTabs (C:\Users\samhe\OneDrive\Desktop\Cleaned\frontend\s
rc\submissions\SubmissionTabs\SubmissionTabs.tsx:695:5)
          at basenameProp (C:\Users\samhe\OneDrive\Desktop\Cleaned\frontend\nod
e_modules\react-router\lib\components.tsx:421:13)
          at basename (C:\Users\samhe\OneDrive\Desktop\Cleaned\frontend\node_mo
dules\react-router\lib\components.tsx:225:3)

      305 |             .then((result) => {
      306 |                 setRows(result)
    > 307 |                 setLoaded(true)
          |                 ^
      308 |             })
      309 |             .catch((err: Error) => {
      310 |                 setError(err.message ?? 'Failed to load quotes.')

      at printWarning 
(node_modules/react-dom/cjs/react-dom.development.js:86:30)
      at error (node_modules/react-dom/cjs/react-dom.development.js:60:7)
      at warnIfUpdatesNotWrappedWithActDEV 
(node_modules/react-dom/cjs/react-dom.development.js:27628:9)
      at scheduleUpdateOnFiber 
(node_modules/react-dom/cjs/react-dom.development.js:25547:5)
      at dispatchSetState 
(node_modules/react-dom/cjs/react-dom.development.js:16708:7)
      at src/submissions/SubmissionTabs/SubmissionTabs.tsx:307:17

    console.error
      Warning: An update to QuotesPane inside a test was not wrapped in 
act(...).
      
      When testing, code that causes React state updates should be wrapped 
into act(...):
      
      act(() => {
        /* fire events that update state */
      });
      /* assert on the output */
      
      This ensures that you're testing the behavior the user would see in the 
browser. Learn more at https://reactjs.org/link/wrap-tests-with-act
          at QuotesPane (C:\Users\samhe\OneDrive\Desktop\Cleaned\frontend\src\s
ubmissions\SubmissionTabs\SubmissionTabs.tsx:293:23)
          at div
          at div
          at SubmissionTabs (C:\Users\samhe\OneDrive\Desktop\Cleaned\frontend\s
rc\submissions\SubmissionTabs\SubmissionTabs.tsx:695:5)
          at basenameProp (C:\Users\samhe\OneDrive\Desktop\Cleaned\frontend\nod
e_modules\react-router\lib\components.tsx:421:13)
          at basename (C:\Users\samhe\OneDrive\Desktop\Cleaned\frontend\node_mo
dules\react-router\lib\components.tsx:225:3)

      312 |                 addNotification('Could not load quotes.', 'error')
      313 |             })
    > 314 |             .finally(() => setLoading(false))
          |                            ^
      315 |     }, [active, loaded, loading, submissionId, addNotification])
      316 |
      317 |     return (

      at printWarning 
(node_modules/react-dom/cjs/react-dom.development.js:86:30)
      at error (node_modules/react-dom/cjs/react-dom.development.js:60:7)
      at warnIfUpdatesNotWrappedWithActDEV 
(node_modules/react-dom/cjs/react-dom.development.js:27628:9)
      at scheduleUpdateOnFiber 
(node_modules/react-dom/cjs/react-dom.development.js:25547:5)
      at dispatchSetState 
(node_modules/react-dom/cjs/react-dom.development.js:16708:7)
      at src/submissions/SubmissionTabs/SubmissionTabs.tsx:314:28

    console.error
      Warning: An update to SubmissionTabs inside a test was not wrapped in 
act(...).
      
      When testing, code that causes React state updates should be wrapped 
into act(...):
      
      act(() => {
        /* fire events that update state */
      });
      /* assert on the output */
      
      This ensures that you're testing the behavior the user would see in the 
browser. Learn more at https://reactjs.org/link/wrap-tests-with-act
          at SubmissionTabs (C:\Users\samhe\OneDrive\Desktop\Cleaned\frontend\s
rc\submissions\SubmissionTabs\SubmissionTabs.tsx:695:5)
          at basenameProp (C:\Users\samhe\OneDrive\Desktop\Cleaned\frontend\nod
e_modules\react-router\lib\components.tsx:421:13)
          at basename (C:\Users\samhe\OneDrive\Desktop\Cleaned\frontend\node_mo
dules\react-router\lib\components.tsx:225:3)

      711 |                         role="tab"
      712 |                         aria-selected={activeTab === tab}
    > 713 |                         onClick={() => setActiveTab(tab)}
          |                                        ^
      714 |                         className={`px-4 py-2 -mb-px text-sm 
font-medium border-b-2 transition-colors ${activeTab === tab
      715 |                                 ? 'border-brand-500 text-brand-600'
      716 |                                 : 'border-transparent 
text-gray-500 hover:text-brand-500'

      at printWarning 
(node_modules/react-dom/cjs/react-dom.development.js:86:30)
      at error (node_modules/react-dom/cjs/react-dom.development.js:60:7)
      at warnIfUpdatesNotWrappedWithActDEV 
(node_modules/react-dom/cjs/react-dom.development.js:27628:9)
      at scheduleUpdateOnFiber 
(node_modules/react-dom/cjs/react-dom.development.js:25547:5)
      at dispatchSetState 
(node_modules/react-dom/cjs/react-dom.development.js:16708:7)
      at onClick (src/submissions/SubmissionTabs/SubmissionTabs.tsx:713:40)
      at HTMLUnknownElement.callCallback 
(node_modules/react-dom/cjs/react-dom.development.js:4164:14)
      at HTMLUnknownElement.callTheUserObjectsOperation 
(node_modules/jsdom/lib/jsdom/living/generated/EventListener.js:26:30)
      at innerInvokeEventListeners 
(node_modules/jsdom/lib/jsdom/living/events/EventTarget-impl.js:350:25)
      at invokeEventListeners 
(node_modules/jsdom/lib/jsdom/living/events/EventTarget-impl.js:286:3)
      at HTMLUnknownElementImpl._dispatch 
(node_modules/jsdom/lib/jsdom/living/events/EventTarget-impl.js:233:9)
      at HTMLUnknownElementImpl.dispatchEvent 
(node_modules/jsdom/lib/jsdom/living/events/EventTarget-impl.js:104:17)
      at HTMLUnknownElement.dispatchEvent 
(node_modules/jsdom/lib/jsdom/living/generated/EventTarget.js:241:34)
      at Object.invokeGuardedCallbackDev 
(node_modules/react-dom/cjs/react-dom.development.js:4213:16)
      at invokeGuardedCallback 
(node_modules/react-dom/cjs/react-dom.development.js:4277:31)
      at invokeGuardedCallbackAndCatchFirstError 
(node_modules/react-dom/cjs/react-dom.development.js:4291:25)
      at executeDispatch 
(node_modules/react-dom/cjs/react-dom.development.js:9041:3)
      at processDispatchQueueItemsInOrder 
(node_modules/react-dom/cjs/react-dom.development.js:9073:7)
      at processDispatchQueue 
(node_modules/react-dom/cjs/react-dom.development.js:9086:5)
      at dispatchEventsForPlugins 
(node_modules/react-dom/cjs/react-dom.development.js:9097:3)
      at node_modules/react-dom/cjs/react-dom.development.js:9288:12
      at batchedUpdates$1 
(node_modules/react-dom/cjs/react-dom.development.js:26179:12)
      at batchedUpdates 
(node_modules/react-dom/cjs/react-dom.development.js:3991:12)
      at dispatchEventForPluginEventSystem 
(node_modules/react-dom/cjs/react-dom.development.js:9287:3)
      at dispatchEventWithEnableCapturePhaseSelectiveHydrationWithoutDiscreteEv
entReplay (node_modules/react-dom/cjs/react-dom.development.js:6465:5)
      at dispatchEvent 
(node_modules/react-dom/cjs/react-dom.development.js:6457:5)
      at dispatchDiscreteEvent 
(node_modules/react-dom/cjs/react-dom.development.js:6430:5)
      at HTMLDivElement.callTheUserObjectsOperation 
(node_modules/jsdom/lib/jsdom/living/generated/EventListener.js:26:30)
      at innerInvokeEventListeners 
(node_modules/jsdom/lib/jsdom/living/events/EventTarget-impl.js:350:25)
      at invokeEventListeners 
(node_modules/jsdom/lib/jsdom/living/events/EventTarget-impl.js:286:3)
      at HTMLButtonElementImpl._dispatch 
(node_modules/jsdom/lib/jsdom/living/events/EventTarget-impl.js:233:9)
      at HTMLButtonElementImpl.dispatchEvent 
(node_modules/jsdom/lib/jsdom/living/events/EventTarget-impl.js:104:17)
      at HTMLButtonElement.dispatchEvent 
(node_modules/jsdom/lib/jsdom/living/generated/EventTarget.js:241:34)
      at 
node_modules/@testing-library/user-event/dist/cjs/event/dispatchEvent.js:45:43
      at Object.eventWrapper 
(node_modules/@testing-library/dom/dist/config.js:25:23)
      at Object.wrapEvent 
(node_modules/@testing-library/user-event/dist/cjs/event/wrapEvent.js:6:28)
      at Object.dispatchEvent (node_modules/@testing-library/user-event/dist/cj
s/event/dispatchEvent.js:45:22)
      at Object.dispatchUIEvent (node_modules/@testing-library/user-event/dist/
cjs/event/dispatchEvent.js:22:26)
      at Mouse.up (node_modules/@testing-library/user-event/dist/cjs/system/poi
nter/mouse.js:100:30)
      at PointerHost.release (node_modules/@testing-library/user-event/dist/cjs
/system/pointer/index.js:87:24)
      at pointerAction 
(node_modules/@testing-library/user-event/dist/cjs/pointer/index.js:54:47)
      at Object.pointer 
(node_modules/@testing-library/user-event/dist/cjs/pointer/index.js:27:9)
      at Object.<anonymous> 
(src/submissions/SubmissionTabs/__tests__/SubmissionTabs.test.tsx:431:9)

    console.error
      Warning: An update to QuotesPane inside a test was not wrapped in 
act(...).
      
      When testing, code that causes React state updates should be wrapped 
into act(...):
      
      act(() => {
        /* fire events that update state */
      });
      /* assert on the output */
      
      This ensures that you're testing the behavior the user would see in the 
browser. Learn more at https://reactjs.org/link/wrap-tests-with-act
          at QuotesPane (C:\Users\samhe\OneDrive\Desktop\Cleaned\frontend\src\s
ubmissions\SubmissionTabs\SubmissionTabs.tsx:293:23)
          at div
          at div
          at SubmissionTabs (C:\Users\samhe\OneDrive\Desktop\Cleaned\frontend\s
rc\submissions\SubmissionTabs\SubmissionTabs.tsx:695:5)
          at basenameProp (C:\Users\samhe\OneDrive\Desktop\Cleaned\frontend\nod
e_modules\react-router\lib\components.tsx:421:13)
          at basename (C:\Users\samhe\OneDrive\Desktop\Cleaned\frontend\node_mo
dules\react-router\lib\components.tsx:225:3)

      301 |     useEffect(() => {
      302 |         if (!active || loaded || loading) return
    > 303 |         setLoading(true)
          |         ^
      304 |         
get<QuoteRow[]>(`/api/quotes?submission_id=${submissionId}`)
      305 |             .then((result) => {
      306 |                 setRows(result)

      at printWarning 
(node_modules/react-dom/cjs/react-dom.development.js:86:30)
      at error (node_modules/react-dom/cjs/react-dom.development.js:60:7)
      at warnIfUpdatesNotWrappedWithActDEV 
(node_modules/react-dom/cjs/react-dom.development.js:27628:9)
      at scheduleUpdateOnFiber 
(node_modules/react-dom/cjs/react-dom.development.js:25547:5)
      at dispatchSetState 
(node_modules/react-dom/cjs/react-dom.development.js:16708:7)
      at src/submissions/SubmissionTabs/SubmissionTabs.tsx:303:9
      at commitHookEffectListMount 
(node_modules/react-dom/cjs/react-dom.development.js:23189:26)
      at commitPassiveMountOnFiber 
(node_modules/react-dom/cjs/react-dom.development.js:24970:11)
      at commitPassiveMountEffects_complete 
(node_modules/react-dom/cjs/react-dom.development.js:24930:9)
      at commitPassiveMountEffects_begin 
(node_modules/react-dom/cjs/react-dom.development.js:24917:7)
      at commitPassiveMountEffects 
(node_modules/react-dom/cjs/react-dom.development.js:24905:3)
      at flushPassiveEffectsImpl 
(node_modules/react-dom/cjs/react-dom.development.js:27078:3)
      at flushPassiveEffects 
(node_modules/react-dom/cjs/react-dom.development.js:27023:14)
      at commitRootImpl 
(node_modules/react-dom/cjs/react-dom.development.js:26974:5)
      at commitRoot 
(node_modules/react-dom/cjs/react-dom.development.js:26721:5)
      at performSyncWorkOnRoot 
(node_modules/react-dom/cjs/react-dom.development.js:26156:3)
      at flushSyncCallbacks 
(node_modules/react-dom/cjs/react-dom.development.js:12042:22)
      at node_modules/react-dom/cjs/react-dom.development.js:25690:13
      at invokeTheCallbackFunction 
(node_modules/jsdom/lib/jsdom/living/generated/Function.js:19:26)
      at node_modules/jsdom/lib/jsdom/browser/Window.js:554:9

    console.error
      Warning: An update to AuditPane inside a test was not wrapped in 
act(...).
      
      When testing, code that causes React state updates should be wrapped 
into act(...):
      
      act(() => {
        /* fire events that update state */
      });
      /* assert on the output */
      
      This ensures that you're testing the behavior the user would see in the 
browser. Learn more at https://reactjs.org/link/wrap-tests-with-act
          at AuditPane (C:\Users\samhe\OneDrive\Desktop\Cleaned\frontend\src\su
bmissions\SubmissionTabs\SubmissionTabs.tsx:573:22)
          at div
          at div
          at SubmissionTabs (C:\Users\samhe\OneDrive\Desktop\Cleaned\frontend\s
rc\submissions\SubmissionTabs\SubmissionTabs.tsx:695:5)
          at basenameProp (C:\Users\samhe\OneDrive\Desktop\Cleaned\frontend\nod
e_modules\react-router\lib\components.tsx:421:13)
          at basename (C:\Users\samhe\OneDrive\Desktop\Cleaned\frontend\node_mo
dules\react-router\lib\components.tsx:225:3)

      at printWarning 
(node_modules/react-dom/cjs/react-dom.development.js:86:30)
      at error (node_modules/react-dom/cjs/react-dom.development.js:60:7)
      at warnIfUpdatesNotWrappedWithActDEV 
(node_modules/react-dom/cjs/react-dom.development.js:27628:9)
      at scheduleUpdateOnFiber 
(node_modules/react-dom/cjs/react-dom.development.js:25547:5)
      at dispatchSetState 
(node_modules/react-dom/cjs/react-dom.development.js:16708:7)

    console.error
      Warning: An update to AuditPane inside a test was not wrapped in 
act(...).
      
      When testing, code that causes React state updates should be wrapped 
into act(...):
      
      act(() => {
        /* fire events that update state */
      });
      /* assert on the output */
      
      This ensures that you're testing the behavior the user would see in the 
browser. Learn more at https://reactjs.org/link/wrap-tests-with-act
          at AuditPane (C:\Users\samhe\OneDrive\Desktop\Cleaned\frontend\src\su
bmissions\SubmissionTabs\SubmissionTabs.tsx:573:22)
          at div
          at div
          at SubmissionTabs (C:\Users\samhe\OneDrive\Desktop\Cleaned\frontend\s
rc\submissions\SubmissionTabs\SubmissionTabs.tsx:695:5)
          at basenameProp (C:\Users\samhe\OneDrive\Desktop\Cleaned\frontend\nod
e_modules\react-router\lib\components.tsx:421:13)
          at basename (C:\Users\samhe\OneDrive\Desktop\Cleaned\frontend\node_mo
dules\react-router\lib\components.tsx:225:3)

      583 |                 addNotification('Could not load audit trail.', 
'error')
      584 |             })
    > 585 |             .finally(() => setLoading(false))
          |                            ^
      586 |     }, [submissionId, addNotification])
      587 |
      588 |     if (loading) {

      at printWarning 
(node_modules/react-dom/cjs/react-dom.development.js:86:30)
      at error (node_modules/react-dom/cjs/react-dom.development.js:60:7)
      at warnIfUpdatesNotWrappedWithActDEV 
(node_modules/react-dom/cjs/react-dom.development.js:27628:9)
      at scheduleUpdateOnFiber 
(node_modules/react-dom/cjs/react-dom.development.js:25547:5)
      at dispatchSetState 
(node_modules/react-dom/cjs/react-dom.development.js:16708:7)
      at src/submissions/SubmissionTabs/SubmissionTabs.tsx:585:28

    console.error
      Warning: An update to SubmissionTabs inside a test was not wrapped in 
act(...).
      
      When testing, code that causes React state updates should be wrapped 
into act(...):
      
      act(() => {
        /* fire events that update state */
      });
      /* assert on the output */
      
      This ensures that you're testing the behavior the user would see in the 
browser. Learn more at https://reactjs.org/link/wrap-tests-with-act
          at SubmissionTabs (C:\Users\samhe\OneDrive\Desktop\Cleaned\frontend\s
rc\submissions\SubmissionTabs\SubmissionTabs.tsx:695:5)
          at basenameProp (C:\Users\samhe\OneDrive\Desktop\Cleaned\frontend\nod
e_modules\react-router\lib\components.tsx:421:13)
          at basename (C:\Users\samhe\OneDrive\Desktop\Cleaned\frontend\node_mo
dules\react-router\lib\components.tsx:225:3)

      711 |                         role="tab"
      712 |                         aria-selected={activeTab === tab}
    > 713 |                         onClick={() => setActiveTab(tab)}
          |                                        ^
      714 |                         className={`px-4 py-2 -mb-px text-sm 
font-medium border-b-2 transition-colors ${activeTab === tab
      715 |                                 ? 'border-brand-500 text-brand-600'
      716 |                                 : 'border-transparent 
text-gray-500 hover:text-brand-500'

      at printWarning 
(node_modules/react-dom/cjs/react-dom.development.js:86:30)
      at error (node_modules/react-dom/cjs/react-dom.development.js:60:7)
      at warnIfUpdatesNotWrappedWithActDEV 
(node_modules/react-dom/cjs/react-dom.development.js:27628:9)
      at scheduleUpdateOnFiber 
(node_modules/react-dom/cjs/react-dom.development.js:25547:5)
      at dispatchSetState 
(node_modules/react-dom/cjs/react-dom.development.js:16708:7)
      at onClick (src/submissions/SubmissionTabs/SubmissionTabs.tsx:713:40)
      at HTMLUnknownElement.callCallback 
(node_modules/react-dom/cjs/react-dom.development.js:4164:14)
      at HTMLUnknownElement.callTheUserObjectsOperation 
(node_modules/jsdom/lib/jsdom/living/generated/EventListener.js:26:30)
      at innerInvokeEventListeners 
(node_modules/jsdom/lib/jsdom/living/events/EventTarget-impl.js:350:25)
      at invokeEventListeners 
(node_modules/jsdom/lib/jsdom/living/events/EventTarget-impl.js:286:3)
      at HTMLUnknownElementImpl._dispatch 
(node_modules/jsdom/lib/jsdom/living/events/EventTarget-impl.js:233:9)
      at HTMLUnknownElementImpl.dispatchEvent 
(node_modules/jsdom/lib/jsdom/living/events/EventTarget-impl.js:104:17)
      at HTMLUnknownElement.dispatchEvent 
(node_modules/jsdom/lib/jsdom/living/generated/EventTarget.js:241:34)
      at Object.invokeGuardedCallbackDev 
(node_modules/react-dom/cjs/react-dom.development.js:4213:16)
      at invokeGuardedCallback 
(node_modules/react-dom/cjs/react-dom.development.js:4277:31)
      at invokeGuardedCallbackAndCatchFirstError 
(node_modules/react-dom/cjs/react-dom.development.js:4291:25)
      at executeDispatch 
(node_modules/react-dom/cjs/react-dom.development.js:9041:3)
      at processDispatchQueueItemsInOrder 
(node_modules/react-dom/cjs/react-dom.development.js:9073:7)
      at processDispatchQueue 
(node_modules/react-dom/cjs/react-dom.development.js:9086:5)
      at dispatchEventsForPlugins 
(node_modules/react-dom/cjs/react-dom.development.js:9097:3)
      at node_modules/react-dom/cjs/react-dom.development.js:9288:12
      at batchedUpdates$1 
(node_modules/react-dom/cjs/react-dom.development.js:26179:12)
      at batchedUpdates 
(node_modules/react-dom/cjs/react-dom.development.js:3991:12)
      at dispatchEventForPluginEventSystem 
(node_modules/react-dom/cjs/react-dom.development.js:9287:3)
      at dispatchEventWithEnableCapturePhaseSelectiveHydrationWithoutDiscreteEv
entReplay (node_modules/react-dom/cjs/react-dom.development.js:6465:5)
      at dispatchEvent 
(node_modules/react-dom/cjs/react-dom.development.js:6457:5)
      at dispatchDiscreteEvent 
(node_modules/react-dom/cjs/react-dom.development.js:6430:5)
      at HTMLDivElement.callTheUserObjectsOperation 
(node_modules/jsdom/lib/jsdom/living/generated/EventListener.js:26:30)
      at innerInvokeEventListeners 
(node_modules/jsdom/lib/jsdom/living/events/EventTarget-impl.js:350:25)
      at invokeEventListeners 
(node_modules/jsdom/lib/jsdom/living/events/EventTarget-impl.js:286:3)
      at HTMLButtonElementImpl._dispatch 
(node_modules/jsdom/lib/jsdom/living/events/EventTarget-impl.js:233:9)
      at HTMLButtonElementImpl.dispatchEvent 
(node_modules/jsdom/lib/jsdom/living/events/EventTarget-impl.js:104:17)
      at HTMLButtonElement.dispatchEvent 
(node_modules/jsdom/lib/jsdom/living/generated/EventTarget.js:241:34)
      at 
node_modules/@testing-library/user-event/dist/cjs/event/dispatchEvent.js:45:43
      at Object.eventWrapper 
(node_modules/@testing-library/dom/dist/config.js:25:23)
      at Object.wrapEvent 
(node_modules/@testing-library/user-event/dist/cjs/event/wrapEvent.js:6:28)
      at Object.dispatchEvent (node_modules/@testing-library/user-event/dist/cj
s/event/dispatchEvent.js:45:22)
      at Object.dispatchUIEvent (node_modules/@testing-library/user-event/dist/
cjs/event/dispatchEvent.js:22:26)
      at Mouse.up (node_modules/@testing-library/user-event/dist/cjs/system/poi
nter/mouse.js:100:30)
      at PointerHost.release (node_modules/@testing-library/user-event/dist/cjs
/system/pointer/index.js:87:24)
      at pointerAction 
(node_modules/@testing-library/user-event/dist/cjs/pointer/index.js:54:47)
      at Object.pointer 
(node_modules/@testing-library/user-event/dist/cjs/pointer/index.js:27:9)
      at Object.<anonymous> 
(src/submissions/SubmissionTabs/__tests__/SubmissionTabs.test.tsx:443:9)

    console.error
      Warning: An update to QuotesPane inside a test was not wrapped in 
act(...).
      
      When testing, code that causes React state updates should be wrapped 
into act(...):
      
      act(() => {
        /* fire events that update state */
      });
      /* assert on the output */
      
      This ensures that you're testing the behavior the user would see in the 
browser. Learn more at https://reactjs.org/link/wrap-tests-with-act
          at QuotesPane (C:\Users\samhe\OneDrive\Desktop\Cleaned\frontend\src\s
ubmissions\SubmissionTabs\SubmissionTabs.tsx:293:23)
          at div
          at div
          at SubmissionTabs (C:\Users\samhe\OneDrive\Desktop\Cleaned\frontend\s
rc\submissions\SubmissionTabs\SubmissionTabs.tsx:695:5)
          at basenameProp (C:\Users\samhe\OneDrive\Desktop\Cleaned\frontend\nod
e_modules\react-router\lib\components.tsx:421:13)
          at basename (C:\Users\samhe\OneDrive\Desktop\Cleaned\frontend\node_mo
dules\react-router\lib\components.tsx:225:3)

      301 |     useEffect(() => {
      302 |         if (!active || loaded || loading) return
    > 303 |         setLoading(true)
          |         ^
      304 |         
get<QuoteRow[]>(`/api/quotes?submission_id=${submissionId}`)
      305 |             .then((result) => {
      306 |                 setRows(result)

      at printWarning 
(node_modules/react-dom/cjs/react-dom.development.js:86:30)
      at error (node_modules/react-dom/cjs/react-dom.development.js:60:7)
      at warnIfUpdatesNotWrappedWithActDEV 
(node_modules/react-dom/cjs/react-dom.development.js:27628:9)
      at scheduleUpdateOnFiber 
(node_modules/react-dom/cjs/react-dom.development.js:25547:5)
      at dispatchSetState 
(node_modules/react-dom/cjs/react-dom.development.js:16708:7)
      at src/submissions/SubmissionTabs/SubmissionTabs.tsx:303:9
      at commitHookEffectListMount 
(node_modules/react-dom/cjs/react-dom.development.js:23189:26)
      at commitPassiveMountOnFiber 
(node_modules/react-dom/cjs/react-dom.development.js:24970:11)
      at commitPassiveMountEffects_complete 
(node_modules/react-dom/cjs/react-dom.development.js:24930:9)
      at commitPassiveMountEffects_begin 
(node_modules/react-dom/cjs/react-dom.development.js:24917:7)
      at commitPassiveMountEffects 
(node_modules/react-dom/cjs/react-dom.development.js:24905:3)
      at flushPassiveEffectsImpl 
(node_modules/react-dom/cjs/react-dom.development.js:27078:3)
      at flushPassiveEffects 
(node_modules/react-dom/cjs/react-dom.development.js:27023:14)
      at commitRootImpl 
(node_modules/react-dom/cjs/react-dom.development.js:26974:5)
      at commitRoot 
(node_modules/react-dom/cjs/react-dom.development.js:26721:5)
      at performSyncWorkOnRoot 
(node_modules/react-dom/cjs/react-dom.development.js:26156:3)
      at flushSyncCallbacks 
(node_modules/react-dom/cjs/react-dom.development.js:12042:22)
      at node_modules/react-dom/cjs/react-dom.development.js:25690:13
      at invokeTheCallbackFunction 
(node_modules/jsdom/lib/jsdom/living/generated/Function.js:19:26)
      at node_modules/jsdom/lib/jsdom/browser/Window.js:554:9

    console.error
      Warning: An update to QuotesPane inside a test was not wrapped in 
act(...).
      
      When testing, code that causes React state updates should be wrapped 
into act(...):
      
      act(() => {
        /* fire events that update state */
      });
      /* assert on the output */
      
      This ensures that you're testing the behavior the user would see in the 
browser. Learn more at https://reactjs.org/link/wrap-tests-with-act
          at QuotesPane (C:\Users\samhe\OneDrive\Desktop\Cleaned\frontend\src\s
ubmissions\SubmissionTabs\SubmissionTabs.tsx:293:23)
          at div
          at div
          at SubmissionTabs (C:\Users\samhe\OneDrive\Desktop\Cleaned\frontend\s
rc\submissions\SubmissionTabs\SubmissionTabs.tsx:695:5)
          at basenameProp (C:\Users\samhe\OneDrive\Desktop\Cleaned\frontend\nod
e_modules\react-router\lib\components.tsx:421:13)
          at basename (C:\Users\samhe\OneDrive\Desktop\Cleaned\frontend\node_mo
dules\react-router\lib\components.tsx:225:3)

      308 |             })
      309 |             .catch((err: Error) => {
    > 310 |                 setError(err.message ?? 'Failed to load quotes.')
          |                 ^
      311 |                 setLoaded(true)
      312 |                 addNotification('Could not load quotes.', 'error')
      313 |             })

      at printWarning 
(node_modules/react-dom/cjs/react-dom.development.js:86:30)
      at error (node_modules/react-dom/cjs/react-dom.development.js:60:7)
      at warnIfUpdatesNotWrappedWithActDEV 
(node_modules/react-dom/cjs/react-dom.development.js:27628:9)
      at scheduleUpdateOnFiber 
(node_modules/react-dom/cjs/react-dom.development.js:25547:5)
      at dispatchSetState 
(node_modules/react-dom/cjs/react-dom.development.js:16708:7)
      at src/submissions/SubmissionTabs/SubmissionTabs.tsx:310:17

    console.error
      Warning: An update to QuotesPane inside a test was not wrapped in 
act(...).
      
      When testing, code that causes React state updates should be wrapped 
into act(...):
      
      act(() => {
        /* fire events that update state */
      });
      /* assert on the output */
      
      This ensures that you're testing the behavior the user would see in the 
browser. Learn more at https://reactjs.org/link/wrap-tests-with-act
          at QuotesPane (C:\Users\samhe\OneDrive\Desktop\Cleaned\frontend\src\s
ubmissions\SubmissionTabs\SubmissionTabs.tsx:293:23)
          at div
          at div
          at SubmissionTabs (C:\Users\samhe\OneDrive\Desktop\Cleaned\frontend\s
rc\submissions\SubmissionTabs\SubmissionTabs.tsx:695:5)
          at basenameProp (C:\Users\samhe\OneDrive\Desktop\Cleaned\frontend\nod
e_modules\react-router\lib\components.tsx:421:13)
          at basename (C:\Users\samhe\OneDrive\Desktop\Cleaned\frontend\node_mo
dules\react-router\lib\components.tsx:225:3)

      309 |             .catch((err: Error) => {
      310 |                 setError(err.message ?? 'Failed to load quotes.')
    > 311 |                 setLoaded(true)
          |                 ^
      312 |                 addNotification('Could not load quotes.', 'error')
      313 |             })
      314 |             .finally(() => setLoading(false))

      at printWarning 
(node_modules/react-dom/cjs/react-dom.development.js:86:30)
      at error (node_modules/react-dom/cjs/react-dom.development.js:60:7)
      at warnIfUpdatesNotWrappedWithActDEV 
(node_modules/react-dom/cjs/react-dom.development.js:27628:9)
      at scheduleUpdateOnFiber 
(node_modules/react-dom/cjs/react-dom.development.js:25547:5)
      at dispatchSetState 
(node_modules/react-dom/cjs/react-dom.development.js:16708:7)
      at src/submissions/SubmissionTabs/SubmissionTabs.tsx:311:17

    console.error
      Warning: An update to QuotesPane inside a test was not wrapped in 
act(...).
      
      When testing, code that causes React state updates should be wrapped 
into act(...):
      
      act(() => {
        /* fire events that update state */
      });
      /* assert on the output */
      
      This ensures that you're testing the behavior the user would see in the 
browser. Learn more at https://reactjs.org/link/wrap-tests-with-act
          at QuotesPane (C:\Users\samhe\OneDrive\Desktop\Cleaned\frontend\src\s
ubmissions\SubmissionTabs\SubmissionTabs.tsx:293:23)
          at div
          at div
          at SubmissionTabs (C:\Users\samhe\OneDrive\Desktop\Cleaned\frontend\s
rc\submissions\SubmissionTabs\SubmissionTabs.tsx:695:5)
          at basenameProp (C:\Users\samhe\OneDrive\Desktop\Cleaned\frontend\nod
e_modules\react-router\lib\components.tsx:421:13)
          at basename (C:\Users\samhe\OneDrive\Desktop\Cleaned\frontend\node_mo
dules\react-router\lib\components.tsx:225:3)

      312 |                 addNotification('Could not load quotes.', 'error')
      313 |             })
    > 314 |             .finally(() => setLoading(false))
          |                            ^
      315 |     }, [active, loaded, loading, submissionId, addNotification])
      316 |
      317 |     return (

      at printWarning 
(node_modules/react-dom/cjs/react-dom.development.js:86:30)
      at error (node_modules/react-dom/cjs/react-dom.development.js:60:7)
      at warnIfUpdatesNotWrappedWithActDEV 
(node_modules/react-dom/cjs/react-dom.development.js:27628:9)
      at scheduleUpdateOnFiber 
(node_modules/react-dom/cjs/react-dom.development.js:25547:5)
      at dispatchSetState 
(node_modules/react-dom/cjs/react-dom.development.js:16708:7)
      at src/submissions/SubmissionTabs/SubmissionTabs.tsx:314:28

    console.error
      Warning: An update to AuditPane inside a test was not wrapped in 
act(...).
      
      When testing, code that causes React state updates should be wrapped 
into act(...):
      
      act(() => {
        /* fire events that update state */
      });
      /* assert on the output */
      
      This ensures that you're testing the behavior the user would see in the 
browser. Learn more at https://reactjs.org/link/wrap-tests-with-act
          at AuditPane (C:\Users\samhe\OneDrive\Desktop\Cleaned\frontend\src\su
bmissions\SubmissionTabs\SubmissionTabs.tsx:573:22)
          at div
          at div
          at SubmissionTabs (C:\Users\samhe\OneDrive\Desktop\Cleaned\frontend\s
rc\submissions\SubmissionTabs\SubmissionTabs.tsx:695:5)
          at basenameProp (C:\Users\samhe\OneDrive\Desktop\Cleaned\frontend\nod
e_modules\react-router\lib\components.tsx:421:13)
          at basename (C:\Users\samhe\OneDrive\Desktop\Cleaned\frontend\node_mo
dules\react-router\lib\components.tsx:225:3)

      at printWarning 
(node_modules/react-dom/cjs/react-dom.development.js:86:30)
      at error (node_modules/react-dom/cjs/react-dom.development.js:60:7)
      at warnIfUpdatesNotWrappedWithActDEV 
(node_modules/react-dom/cjs/react-dom.development.js:27628:9)
      at scheduleUpdateOnFiber 
(node_modules/react-dom/cjs/react-dom.development.js:25547:5)
      at dispatchSetState 
(node_modules/react-dom/cjs/react-dom.development.js:16708:7)

    console.error
      Warning: An update to AuditPane inside a test was not wrapped in 
act(...).
      
      When testing, code that causes React state updates should be wrapped 
into act(...):
      
      act(() => {
        /* fire events that update state */
      });
      /* assert on the output */
      
      This ensures that you're testing the behavior the user would see in the 
browser. Learn more at https://reactjs.org/link/wrap-tests-with-act
          at AuditPane (C:\Users\samhe\OneDrive\Desktop\Cleaned\frontend\src\su
bmissions\SubmissionTabs\SubmissionTabs.tsx:573:22)
          at div
          at div
          at SubmissionTabs (C:\Users\samhe\OneDrive\Desktop\Cleaned\frontend\s
rc\submissions\SubmissionTabs\SubmissionTabs.tsx:695:5)
          at basenameProp (C:\Users\samhe\OneDrive\Desktop\Cleaned\frontend\nod
e_modules\react-router\lib\components.tsx:421:13)
          at basename (C:\Users\samhe\OneDrive\Desktop\Cleaned\frontend\node_mo
dules\react-router\lib\components.tsx:225:3)

      583 |                 addNotification('Could not load audit trail.', 
'error')
      584 |             })
    > 585 |             .finally(() => setLoading(false))
          |                            ^
      586 |     }, [submissionId, addNotification])
      587 |
      588 |     if (loading) {

      at printWarning 
(node_modules/react-dom/cjs/react-dom.development.js:86:30)
      at error (node_modules/react-dom/cjs/react-dom.development.js:60:7)
      at warnIfUpdatesNotWrappedWithActDEV 
(node_modules/react-dom/cjs/react-dom.development.js:27628:9)
      at scheduleUpdateOnFiber 
(node_modules/react-dom/cjs/react-dom.development.js:25547:5)
      at dispatchSetState 
(node_modules/react-dom/cjs/react-dom.development.js:16708:7)
      at src/submissions/SubmissionTabs/SubmissionTabs.tsx:585:28

    console.error
      Warning: An update to SubmissionTabs inside a test was not wrapped in 
act(...).
      
      When testing, code that causes React state updates should be wrapped 
into act(...):
      
      act(() => {
        /* fire events that update state */
      });
      /* assert on the output */
      
      This ensures that you're testing the behavior the user would see in the 
browser. Learn more at https://reactjs.org/link/wrap-tests-with-act
          at SubmissionTabs (C:\Users\samhe\OneDrive\Desktop\Cleaned\frontend\s
rc\submissions\SubmissionTabs\SubmissionTabs.tsx:695:5)
          at basenameProp (C:\Users\samhe\OneDrive\Desktop\Cleaned\frontend\nod
e_modules\react-router\lib\components.tsx:421:13)
          at basename (C:\Users\samhe\OneDrive\Desktop\Cleaned\frontend\node_mo
dules\react-router\lib\components.tsx:225:3)

      711 |                         role="tab"
      712 |                         aria-selected={activeTab === tab}
    > 713 |                         onClick={() => setActiveTab(tab)}
          |                                        ^
      714 |                         className={`px-4 py-2 -mb-px text-sm 
font-medium border-b-2 transition-colors ${activeTab === tab
      715 |                                 ? 'border-brand-500 text-brand-600'
      716 |                                 : 'border-transparent 
text-gray-500 hover:text-brand-500'

      at printWarning 
(node_modules/react-dom/cjs/react-dom.development.js:86:30)
      at error (node_modules/react-dom/cjs/react-dom.development.js:60:7)
      at warnIfUpdatesNotWrappedWithActDEV 
(node_modules/react-dom/cjs/react-dom.development.js:27628:9)
      at scheduleUpdateOnFiber 
(node_modules/react-dom/cjs/react-dom.development.js:25547:5)
      at dispatchSetState 
(node_modules/react-dom/cjs/react-dom.development.js:16708:7)
      at onClick (src/submissions/SubmissionTabs/SubmissionTabs.tsx:713:40)
      at HTMLUnknownElement.callCallback 
(node_modules/react-dom/cjs/react-dom.development.js:4164:14)
      at HTMLUnknownElement.callTheUserObjectsOperation 
(node_modules/jsdom/lib/jsdom/living/generated/EventListener.js:26:30)
      at innerInvokeEventListeners 
(node_modules/jsdom/lib/jsdom/living/events/EventTarget-impl.js:350:25)
      at invokeEventListeners 
(node_modules/jsdom/lib/jsdom/living/events/EventTarget-impl.js:286:3)
      at HTMLUnknownElementImpl._dispatch 
(node_modules/jsdom/lib/jsdom/living/events/EventTarget-impl.js:233:9)
      at HTMLUnknownElementImpl.dispatchEvent 
(node_modules/jsdom/lib/jsdom/living/events/EventTarget-impl.js:104:17)
      at HTMLUnknownElement.dispatchEvent 
(node_modules/jsdom/lib/jsdom/living/generated/EventTarget.js:241:34)
      at Object.invokeGuardedCallbackDev 
(node_modules/react-dom/cjs/react-dom.development.js:4213:16)
      at invokeGuardedCallback 
(node_modules/react-dom/cjs/react-dom.development.js:4277:31)
      at invokeGuardedCallbackAndCatchFirstError 
(node_modules/react-dom/cjs/react-dom.development.js:4291:25)
      at executeDispatch 
(node_modules/react-dom/cjs/react-dom.development.js:9041:3)
      at processDispatchQueueItemsInOrder 
(node_modules/react-dom/cjs/react-dom.development.js:9073:7)
      at processDispatchQueue 
(node_modules/react-dom/cjs/react-dom.development.js:9086:5)
      at dispatchEventsForPlugins 
(node_modules/react-dom/cjs/react-dom.development.js:9097:3)
      at node_modules/react-dom/cjs/react-dom.development.js:9288:12
      at batchedUpdates$1 
(node_modules/react-dom/cjs/react-dom.development.js:26179:12)
      at batchedUpdates 
(node_modules/react-dom/cjs/react-dom.development.js:3991:12)
      at dispatchEventForPluginEventSystem 
(node_modules/react-dom/cjs/react-dom.development.js:9287:3)
      at dispatchEventWithEnableCapturePhaseSelectiveHydrationWithoutDiscreteEv
entReplay (node_modules/react-dom/cjs/react-dom.development.js:6465:5)
      at dispatchEvent 
(node_modules/react-dom/cjs/react-dom.development.js:6457:5)
      at dispatchDiscreteEvent 
(node_modules/react-dom/cjs/react-dom.development.js:6430:5)
      at HTMLDivElement.callTheUserObjectsOperation 
(node_modules/jsdom/lib/jsdom/living/generated/EventListener.js:26:30)
      at innerInvokeEventListeners 
(node_modules/jsdom/lib/jsdom/living/events/EventTarget-impl.js:350:25)
      at invokeEventListeners 
(node_modules/jsdom/lib/jsdom/living/events/EventTarget-impl.js:286:3)
      at HTMLButtonElementImpl._dispatch 
(node_modules/jsdom/lib/jsdom/living/events/EventTarget-impl.js:233:9)
      at HTMLButtonElementImpl.dispatchEvent 
(node_modules/jsdom/lib/jsdom/living/events/EventTarget-impl.js:104:17)
      at HTMLButtonElement.dispatchEvent 
(node_modules/jsdom/lib/jsdom/living/generated/EventTarget.js:241:34)
      at 
node_modules/@testing-library/user-event/dist/cjs/event/dispatchEvent.js:45:43
      at Object.eventWrapper 
(node_modules/@testing-library/dom/dist/config.js:25:23)
      at Object.wrapEvent 
(node_modules/@testing-library/user-event/dist/cjs/event/wrapEvent.js:6:28)
      at Object.dispatchEvent (node_modules/@testing-library/user-event/dist/cj
s/event/dispatchEvent.js:45:22)
      at Object.dispatchUIEvent (node_modules/@testing-library/user-event/dist/
cjs/event/dispatchEvent.js:22:26)
      at Mouse.up (node_modules/@testing-library/user-event/dist/cjs/system/poi
nter/mouse.js:100:30)
      at PointerHost.release (node_modules/@testing-library/user-event/dist/cjs
/system/pointer/index.js:87:24)
      at pointerAction 
(node_modules/@testing-library/user-event/dist/cjs/pointer/index.js:54:47)
      at Object.pointer 
(node_modules/@testing-library/user-event/dist/cjs/pointer/index.js:27:9)
      at Object.<anonymous> 
(src/submissions/SubmissionTabs/__tests__/SubmissionTabs.test.tsx:462:9)

    console.error
      Warning: An update to RelatedSubmissionsPane inside a test was not 
wrapped in act(...).
      
      When testing, code that causes React state updates should be wrapped 
into act(...):
      
      act(() => {
        /* fire events that update state */
      });
      /* assert on the output */
      
      This ensures that you're testing the behavior the user would see in the 
browser. Learn more at https://reactjs.org/link/wrap-tests-with-act
          at RelatedSubmissionsPane (C:\Users\samhe\OneDrive\Desktop\Cleaned\fr
ontend\src\submissions\SubmissionTabs\SubmissionTabs.tsx:467:35)
          at div
          at div
          at SubmissionTabs (C:\Users\samhe\OneDrive\Desktop\Cleaned\frontend\s
rc\submissions\SubmissionTabs\SubmissionTabs.tsx:695:5)
          at basenameProp (C:\Users\samhe\OneDrive\Desktop\Cleaned\frontend\nod
e_modules\react-router\lib\components.tsx:421:13)
          at basename (C:\Users\samhe\OneDrive\Desktop\Cleaned\frontend\node_mo
dules\react-router\lib\components.tsx:225:3)

      475 |     useEffect(() => {
      476 |         if (!active || loaded || loading) return
    > 477 |         setLoading(true)
          |         ^
      478 |         
get<RelatedSubmissionRow[]>(`/api/submissions/${submissionId}/related`)
      479 |             .then((result) => {
      480 |                 setRows(result)

      at printWarning 
(node_modules/react-dom/cjs/react-dom.development.js:86:30)
      at error (node_modules/react-dom/cjs/react-dom.development.js:60:7)
      at warnIfUpdatesNotWrappedWithActDEV 
(node_modules/react-dom/cjs/react-dom.development.js:27628:9)
      at scheduleUpdateOnFiber 
(node_modules/react-dom/cjs/react-dom.development.js:25547:5)
      at dispatchSetState 
(node_modules/react-dom/cjs/react-dom.development.js:16708:7)
      at src/submissions/SubmissionTabs/SubmissionTabs.tsx:477:9
      at commitHookEffectListMount 
(node_modules/react-dom/cjs/react-dom.development.js:23189:26)
      at commitPassiveMountOnFiber 
(node_modules/react-dom/cjs/react-dom.development.js:24970:11)
      at commitPassiveMountEffects_complete 
(node_modules/react-dom/cjs/react-dom.development.js:24930:9)
      at commitPassiveMountEffects_begin 
(node_modules/react-dom/cjs/react-dom.development.js:24917:7)
      at commitPassiveMountEffects 
(node_modules/react-dom/cjs/react-dom.development.js:24905:3)
      at flushPassiveEffectsImpl 
(node_modules/react-dom/cjs/react-dom.development.js:27078:3)
      at flushPassiveEffects 
(node_modules/react-dom/cjs/react-dom.development.js:27023:14)
      at commitRootImpl 
(node_modules/react-dom/cjs/react-dom.development.js:26974:5)
      at commitRoot 
(node_modules/react-dom/cjs/react-dom.development.js:26721:5)
      at performSyncWorkOnRoot 
(node_modules/react-dom/cjs/react-dom.development.js:26156:3)
      at flushSyncCallbacks 
(node_modules/react-dom/cjs/react-dom.development.js:12042:22)
      at node_modules/react-dom/cjs/react-dom.development.js:25690:13
      at invokeTheCallbackFunction 
(node_modules/jsdom/lib/jsdom/living/generated/Function.js:19:26)
      at node_modules/jsdom/lib/jsdom/browser/Window.js:554:9

    console.error
      Warning: An update to RelatedSubmissionsPane inside a test was not 
wrapped in act(...).
      
      When testing, code that causes React state updates should be wrapped 
into act(...):
      
      act(() => {
        /* fire events that update state */
      });
      /* assert on the output */
      
      This ensures that you're testing the behavior the user would see in the 
browser. Learn more at https://reactjs.org/link/wrap-tests-with-act
          at RelatedSubmissionsPane (C:\Users\samhe\OneDrive\Desktop\Cleaned\fr
ontend\src\submissions\SubmissionTabs\SubmissionTabs.tsx:467:35)
          at div
          at div
          at SubmissionTabs (C:\Users\samhe\OneDrive\Desktop\Cleaned\frontend\s
rc\submissions\SubmissionTabs\SubmissionTabs.tsx:695:5)
          at basenameProp (C:\Users\samhe\OneDrive\Desktop\Cleaned\frontend\nod
e_modules\react-router\lib\components.tsx:421:13)
          at basename (C:\Users\samhe\OneDrive\Desktop\Cleaned\frontend\node_mo
dules\react-router\lib\components.tsx:225:3)

      478 |         
get<RelatedSubmissionRow[]>(`/api/submissions/${submissionId}/related`)
      479 |             .then((result) => {
    > 480 |                 setRows(result)
          |                 ^
      481 |                 setLoaded(true)
      482 |             })
      483 |             .catch((err: Error) => {

      at printWarning 
(node_modules/react-dom/cjs/react-dom.development.js:86:30)
      at error (node_modules/react-dom/cjs/react-dom.development.js:60:7)
      at warnIfUpdatesNotWrappedWithActDEV 
(node_modules/react-dom/cjs/react-dom.development.js:27628:9)
      at scheduleUpdateOnFiber 
(node_modules/react-dom/cjs/react-dom.development.js:25547:5)
      at dispatchSetState 
(node_modules/react-dom/cjs/react-dom.development.js:16708:7)
      at src/submissions/SubmissionTabs/SubmissionTabs.tsx:480:17

    console.error
      Warning: An update to RelatedSubmissionsPane inside a test was not 
wrapped in act(...).
      
      When testing, code that causes React state updates should be wrapped 
into act(...):
      
      act(() => {
        /* fire events that update state */
      });
      /* assert on the output */
      
      This ensures that you're testing the behavior the user would see in the 
browser. Learn more at https://reactjs.org/link/wrap-tests-with-act
          at RelatedSubmissionsPane (C:\Users\samhe\OneDrive\Desktop\Cleaned\fr
ontend\src\submissions\SubmissionTabs\SubmissionTabs.tsx:467:35)
          at div
          at div
          at SubmissionTabs (C:\Users\samhe\OneDrive\Desktop\Cleaned\frontend\s
rc\submissions\SubmissionTabs\SubmissionTabs.tsx:695:5)
          at basenameProp (C:\Users\samhe\OneDrive\Desktop\Cleaned\frontend\nod
e_modules\react-router\lib\components.tsx:421:13)
          at basename (C:\Users\samhe\OneDrive\Desktop\Cleaned\frontend\node_mo
dules\react-router\lib\components.tsx:225:3)

      479 |             .then((result) => {
      480 |                 setRows(result)
    > 481 |                 setLoaded(true)
          |                 ^
      482 |             })
      483 |             .catch((err: Error) => {
      484 |                 setError(err.message ?? 'Failed to load related 
submissions.')

      at printWarning 
(node_modules/react-dom/cjs/react-dom.development.js:86:30)
      at error (node_modules/react-dom/cjs/react-dom.development.js:60:7)
      at warnIfUpdatesNotWrappedWithActDEV 
(node_modules/react-dom/cjs/react-dom.development.js:27628:9)
      at scheduleUpdateOnFiber 
(node_modules/react-dom/cjs/react-dom.development.js:25547:5)
      at dispatchSetState 
(node_modules/react-dom/cjs/react-dom.development.js:16708:7)
      at src/submissions/SubmissionTabs/SubmissionTabs.tsx:481:17

    console.error
      Warning: An update to RelatedSubmissionsPane inside a test was not 
wrapped in act(...).
      
      When testing, code that causes React state updates should be wrapped 
into act(...):
      
      act(() => {
        /* fire events that update state */
      });
      /* assert on the output */
      
      This ensures that you're testing the behavior the user would see in the 
browser. Learn more at https://reactjs.org/link/wrap-tests-with-act
          at RelatedSubmissionsPane (C:\Users\samhe\OneDrive\Desktop\Cleaned\fr
ontend\src\submissions\SubmissionTabs\SubmissionTabs.tsx:467:35)
          at div
          at div
          at SubmissionTabs (C:\Users\samhe\OneDrive\Desktop\Cleaned\frontend\s
rc\submissions\SubmissionTabs\SubmissionTabs.tsx:695:5)
          at basenameProp (C:\Users\samhe\OneDrive\Desktop\Cleaned\frontend\nod
e_modules\react-router\lib\components.tsx:421:13)
          at basename (C:\Users\samhe\OneDrive\Desktop\Cleaned\frontend\node_mo
dules\react-router\lib\components.tsx:225:3)

      486 |                 addNotification('Could not load related 
submissions.', 'error')
      487 |             })
    > 488 |             .finally(() => setLoading(false))
          |                            ^
      489 |     }, [active, loaded, loading, submissionId, addNotification])
      490 |
      491 |     async function removeLink(relatedId: number) {

      at printWarning 
(node_modules/react-dom/cjs/react-dom.development.js:86:30)
      at error (node_modules/react-dom/cjs/react-dom.development.js:60:7)
      at warnIfUpdatesNotWrappedWithActDEV 
(node_modules/react-dom/cjs/react-dom.development.js:27628:9)
      at scheduleUpdateOnFiber 
(node_modules/react-dom/cjs/react-dom.development.js:25547:5)
      at dispatchSetState 
(node_modules/react-dom/cjs/react-dom.development.js:16708:7)
      at src/submissions/SubmissionTabs/SubmissionTabs.tsx:488:28

    console.error
      Warning: An update to AuditPane inside a test was not wrapped in 
act(...).
      
      When testing, code that causes React state updates should be wrapped 
into act(...):
      
      act(() => {
        /* fire events that update state */
      });
      /* assert on the output */
      
      This ensures that you're testing the behavior the user would see in the 
browser. Learn more at https://reactjs.org/link/wrap-tests-with-act
          at AuditPane (C:\Users\samhe\OneDrive\Desktop\Cleaned\frontend\src\su
bmissions\SubmissionTabs\SubmissionTabs.tsx:573:22)
          at div
          at div
          at SubmissionTabs (C:\Users\samhe\OneDrive\Desktop\Cleaned\frontend\s
rc\submissions\SubmissionTabs\SubmissionTabs.tsx:695:5)
          at basenameProp (C:\Users\samhe\OneDrive\Desktop\Cleaned\frontend\nod
e_modules\react-router\lib\components.tsx:421:13)
          at basename (C:\Users\samhe\OneDrive\Desktop\Cleaned\frontend\node_mo
dules\react-router\lib\components.tsx:225:3)

      at printWarning 
(node_modules/react-dom/cjs/react-dom.development.js:86:30)
      at error (node_modules/react-dom/cjs/react-dom.development.js:60:7)
      at warnIfUpdatesNotWrappedWithActDEV 
(node_modules/react-dom/cjs/react-dom.development.js:27628:9)
      at scheduleUpdateOnFiber 
(node_modules/react-dom/cjs/react-dom.development.js:25547:5)
      at dispatchSetState 
(node_modules/react-dom/cjs/react-dom.development.js:16708:7)

    console.error
      Warning: An update to AuditPane inside a test was not wrapped in 
act(...).
      
      When testing, code that causes React state updates should be wrapped 
into act(...):
      
      act(() => {
        /* fire events that update state */
      });
      /* assert on the output */
      
      This ensures that you're testing the behavior the user would see in the 
browser. Learn more at https://reactjs.org/link/wrap-tests-with-act
          at AuditPane (C:\Users\samhe\OneDrive\Desktop\Cleaned\frontend\src\su
bmissions\SubmissionTabs\SubmissionTabs.tsx:573:22)
          at div
          at div
          at SubmissionTabs (C:\Users\samhe\OneDrive\Desktop\Cleaned\frontend\s
rc\submissions\SubmissionTabs\SubmissionTabs.tsx:695:5)
          at basenameProp (C:\Users\samhe\OneDrive\Desktop\Cleaned\frontend\nod
e_modules\react-router\lib\components.tsx:421:13)
          at basename (C:\Users\samhe\OneDrive\Desktop\Cleaned\frontend\node_mo
dules\react-router\lib\components.tsx:225:3)

      583 |                 addNotification('Could not load audit trail.', 
'error')
      584 |             })
    > 585 |             .finally(() => setLoading(false))
          |                            ^
      586 |     }, [submissionId, addNotification])
      587 |
      588 |     if (loading) {

      at printWarning 
(node_modules/react-dom/cjs/react-dom.development.js:86:30)
      at error (node_modules/react-dom/cjs/react-dom.development.js:60:7)
      at warnIfUpdatesNotWrappedWithActDEV 
(node_modules/react-dom/cjs/react-dom.development.js:27628:9)
      at scheduleUpdateOnFiber 
(node_modules/react-dom/cjs/react-dom.development.js:25547:5)
      at dispatchSetState 
(node_modules/react-dom/cjs/react-dom.development.js:16708:7)
      at src/submissions/SubmissionTabs/SubmissionTabs.tsx:585:28

    console.error
      Warning: An update to SubmissionTabs inside a test was not wrapped in 
act(...).
      
      When testing, code that causes React state updates should be wrapped 
into act(...):
      
      act(() => {
        /* fire events that update state */
      });
      /* assert on the output */
      
      This ensures that you're testing the behavior the user would see in the 
browser. Learn more at https://reactjs.org/link/wrap-tests-with-act
          at SubmissionTabs (C:\Users\samhe\OneDrive\Desktop\Cleaned\frontend\s
rc\submissions\SubmissionTabs\SubmissionTabs.tsx:695:5)
          at basenameProp (C:\Users\samhe\OneDrive\Desktop\Cleaned\frontend\nod
e_modules\react-router\lib\components.tsx:421:13)
          at basename (C:\Users\samhe\OneDrive\Desktop\Cleaned\frontend\node_mo
dules\react-router\lib\components.tsx:225:3)

      711 |                         role="tab"
      712 |                         aria-selected={activeTab === tab}
    > 713 |                         onClick={() => setActiveTab(tab)}
          |                                        ^
      714 |                         className={`px-4 py-2 -mb-px text-sm 
font-medium border-b-2 transition-colors ${activeTab === tab
      715 |                                 ? 'border-brand-500 text-brand-600'
      716 |                                 : 'border-transparent 
text-gray-500 hover:text-brand-500'

      at printWarning 
(node_modules/react-dom/cjs/react-dom.development.js:86:30)
      at error (node_modules/react-dom/cjs/react-dom.development.js:60:7)
      at warnIfUpdatesNotWrappedWithActDEV 
(node_modules/react-dom/cjs/react-dom.development.js:27628:9)
      at scheduleUpdateOnFiber 
(node_modules/react-dom/cjs/react-dom.development.js:25547:5)
      at dispatchSetState 
(node_modules/react-dom/cjs/react-dom.development.js:16708:7)
      at onClick (src/submissions/SubmissionTabs/SubmissionTabs.tsx:713:40)
      at HTMLUnknownElement.callCallback 
(node_modules/react-dom/cjs/react-dom.development.js:4164:14)
      at HTMLUnknownElement.callTheUserObjectsOperation 
(node_modules/jsdom/lib/jsdom/living/generated/EventListener.js:26:30)
      at innerInvokeEventListeners 
(node_modules/jsdom/lib/jsdom/living/events/EventTarget-impl.js:350:25)
      at invokeEventListeners 
(node_modules/jsdom/lib/jsdom/living/events/EventTarget-impl.js:286:3)
      at HTMLUnknownElementImpl._dispatch 
(node_modules/jsdom/lib/jsdom/living/events/EventTarget-impl.js:233:9)
      at HTMLUnknownElementImpl.dispatchEvent 
(node_modules/jsdom/lib/jsdom/living/events/EventTarget-impl.js:104:17)
      at HTMLUnknownElement.dispatchEvent 
(node_modules/jsdom/lib/jsdom/living/generated/EventTarget.js:241:34)
      at Object.invokeGuardedCallbackDev 
(node_modules/react-dom/cjs/react-dom.development.js:4213:16)
      at invokeGuardedCallback 
(node_modules/react-dom/cjs/react-dom.development.js:4277:31)
      at invokeGuardedCallbackAndCatchFirstError 
(node_modules/react-dom/cjs/react-dom.development.js:4291:25)
      at executeDispatch 
(node_modules/react-dom/cjs/react-dom.development.js:9041:3)
      at processDispatchQueueItemsInOrder 
(node_modules/react-dom/cjs/react-dom.development.js:9073:7)
      at processDispatchQueue 
(node_modules/react-dom/cjs/react-dom.development.js:9086:5)
      at dispatchEventsForPlugins 
(node_modules/react-dom/cjs/react-dom.development.js:9097:3)
      at node_modules/react-dom/cjs/react-dom.development.js:9288:12
      at batchedUpdates$1 
(node_modules/react-dom/cjs/react-dom.development.js:26179:12)
      at batchedUpdates 
(node_modules/react-dom/cjs/react-dom.development.js:3991:12)
      at dispatchEventForPluginEventSystem 
(node_modules/react-dom/cjs/react-dom.development.js:9287:3)
      at dispatchEventWithEnableCapturePhaseSelectiveHydrationWithoutDiscreteEv
entReplay (node_modules/react-dom/cjs/react-dom.development.js:6465:5)
      at dispatchEvent 
(node_modules/react-dom/cjs/react-dom.development.js:6457:5)
      at dispatchDiscreteEvent 
(node_modules/react-dom/cjs/react-dom.development.js:6430:5)
      at HTMLDivElement.callTheUserObjectsOperation 
(node_modules/jsdom/lib/jsdom/living/generated/EventListener.js:26:30)
      at innerInvokeEventListeners 
(node_modules/jsdom/lib/jsdom/living/events/EventTarget-impl.js:350:25)
      at invokeEventListeners 
(node_modules/jsdom/lib/jsdom/living/events/EventTarget-impl.js:286:3)
      at HTMLButtonElementImpl._dispatch 
(node_modules/jsdom/lib/jsdom/living/events/EventTarget-impl.js:233:9)
      at HTMLButtonElementImpl.dispatchEvent 
(node_modules/jsdom/lib/jsdom/living/events/EventTarget-impl.js:104:17)
      at HTMLButtonElement.dispatchEvent 
(node_modules/jsdom/lib/jsdom/living/generated/EventTarget.js:241:34)
      at 
node_modules/@testing-library/user-event/dist/cjs/event/dispatchEvent.js:45:43
      at Object.eventWrapper 
(node_modules/@testing-library/dom/dist/config.js:25:23)
      at Object.wrapEvent 
(node_modules/@testing-library/user-event/dist/cjs/event/wrapEvent.js:6:28)
      at Object.dispatchEvent (node_modules/@testing-library/user-event/dist/cj
s/event/dispatchEvent.js:45:22)
      at Object.dispatchUIEvent (node_modules/@testing-library/user-event/dist/
cjs/event/dispatchEvent.js:22:26)
      at Mouse.up (node_modules/@testing-library/user-event/dist/cjs/system/poi
nter/mouse.js:100:30)
      at PointerHost.release (node_modules/@testing-library/user-event/dist/cjs
/system/pointer/index.js:87:24)
      at pointerAction 
(node_modules/@testing-library/user-event/dist/cjs/pointer/index.js:54:47)
      at Object.pointer 
(node_modules/@testing-library/user-event/dist/cjs/pointer/index.js:27:9)
      at Object.<anonymous> 
(src/submissions/SubmissionTabs/__tests__/SubmissionTabs.test.tsx:475:9)

    console.error
      Warning: An update to RelatedSubmissionsPane inside a test was not 
wrapped in act(...).
      
      When testing, code that causes React state updates should be wrapped 
into act(...):
      
      act(() => {
        /* fire events that update state */
      });
      /* assert on the output */
      
      This ensures that you're testing the behavior the user would see in the 
browser. Learn more at https://reactjs.org/link/wrap-tests-with-act
          at RelatedSubmissionsPane (C:\Users\samhe\OneDrive\Desktop\Cleaned\fr
ontend\src\submissions\SubmissionTabs\SubmissionTabs.tsx:467:35)
          at div
          at div
          at SubmissionTabs (C:\Users\samhe\OneDrive\Desktop\Cleaned\frontend\s
rc\submissions\SubmissionTabs\SubmissionTabs.tsx:695:5)
          at basenameProp (C:\Users\samhe\OneDrive\Desktop\Cleaned\frontend\nod
e_modules\react-router\lib\components.tsx:421:13)
          at basename (C:\Users\samhe\OneDrive\Desktop\Cleaned\frontend\node_mo
dules\react-router\lib\components.tsx:225:3)

      475 |     useEffect(() => {
      476 |         if (!active || loaded || loading) return
    > 477 |         setLoading(true)
          |         ^
      478 |         
get<RelatedSubmissionRow[]>(`/api/submissions/${submissionId}/related`)
      479 |             .then((result) => {
      480 |                 setRows(result)

      at printWarning 
(node_modules/react-dom/cjs/react-dom.development.js:86:30)
      at error (node_modules/react-dom/cjs/react-dom.development.js:60:7)
      at warnIfUpdatesNotWrappedWithActDEV 
(node_modules/react-dom/cjs/react-dom.development.js:27628:9)
      at scheduleUpdateOnFiber 
(node_modules/react-dom/cjs/react-dom.development.js:25547:5)
      at dispatchSetState 
(node_modules/react-dom/cjs/react-dom.development.js:16708:7)
      at src/submissions/SubmissionTabs/SubmissionTabs.tsx:477:9
      at commitHookEffectListMount 
(node_modules/react-dom/cjs/react-dom.development.js:23189:26)
      at commitPassiveMountOnFiber 
(node_modules/react-dom/cjs/react-dom.development.js:24970:11)
      at commitPassiveMountEffects_complete 
(node_modules/react-dom/cjs/react-dom.development.js:24930:9)
      at commitPassiveMountEffects_begin 
(node_modules/react-dom/cjs/react-dom.development.js:24917:7)
      at commitPassiveMountEffects 
(node_modules/react-dom/cjs/react-dom.development.js:24905:3)
      at flushPassiveEffectsImpl 
(node_modules/react-dom/cjs/react-dom.development.js:27078:3)
      at flushPassiveEffects 
(node_modules/react-dom/cjs/react-dom.development.js:27023:14)
      at commitRootImpl 
(node_modules/react-dom/cjs/react-dom.development.js:26974:5)
      at commitRoot 
(node_modules/react-dom/cjs/react-dom.development.js:26721:5)
      at performSyncWorkOnRoot 
(node_modules/react-dom/cjs/react-dom.development.js:26156:3)
      at flushSyncCallbacks 
(node_modules/react-dom/cjs/react-dom.development.js:12042:22)
      at node_modules/react-dom/cjs/react-dom.development.js:25690:13
      at invokeTheCallbackFunction 
(node_modules/jsdom/lib/jsdom/living/generated/Function.js:19:26)
      at node_modules/jsdom/lib/jsdom/browser/Window.js:554:9

    console.error
      Warning: An update to AuditPane inside a test was not wrapped in 
act(...).
      
      When testing, code that causes React state updates should be wrapped 
into act(...):
      
      act(() => {
        /* fire events that update state */
      });
      /* assert on the output */
      
      This ensures that you're testing the behavior the user would see in the 
browser. Learn more at https://reactjs.org/link/wrap-tests-with-act
          at AuditPane (C:\Users\samhe\OneDrive\Desktop\Cleaned\frontend\src\su
bmissions\SubmissionTabs\SubmissionTabs.tsx:573:22)
          at div
          at div
          at SubmissionTabs (C:\Users\samhe\OneDrive\Desktop\Cleaned\frontend\s
rc\submissions\SubmissionTabs\SubmissionTabs.tsx:695:5)
          at basenameProp (C:\Users\samhe\OneDrive\Desktop\Cleaned\frontend\nod
e_modules\react-router\lib\components.tsx:421:13)
          at basename (C:\Users\samhe\OneDrive\Desktop\Cleaned\frontend\node_mo
dules\react-router\lib\components.tsx:225:3)

      at printWarning 
(node_modules/react-dom/cjs/react-dom.development.js:86:30)
      at error (node_modules/react-dom/cjs/react-dom.development.js:60:7)
      at warnIfUpdatesNotWrappedWithActDEV 
(node_modules/react-dom/cjs/react-dom.development.js:27628:9)
      at scheduleUpdateOnFiber 
(node_modules/react-dom/cjs/react-dom.development.js:25547:5)
      at dispatchSetState 
(node_modules/react-dom/cjs/react-dom.development.js:16708:7)

    console.error
      Warning: An update to AuditPane inside a test was not wrapped in 
act(...).
      
      When testing, code that causes React state updates should be wrapped 
into act(...):
      
      act(() => {
        /* fire events that update state */
      });
      /* assert on the output */
      
      This ensures that you're testing the behavior the user would see in the 
browser. Learn more at https://reactjs.org/link/wrap-tests-with-act
          at AuditPane (C:\Users\samhe\OneDrive\Desktop\Cleaned\frontend\src\su
bmissions\SubmissionTabs\SubmissionTabs.tsx:573:22)
          at div
          at div
          at SubmissionTabs (C:\Users\samhe\OneDrive\Desktop\Cleaned\frontend\s
rc\submissions\SubmissionTabs\SubmissionTabs.tsx:695:5)
          at basenameProp (C:\Users\samhe\OneDrive\Desktop\Cleaned\frontend\nod
e_modules\react-router\lib\components.tsx:421:13)
          at basename (C:\Users\samhe\OneDrive\Desktop\Cleaned\frontend\node_mo
dules\react-router\lib\components.tsx:225:3)

      583 |                 addNotification('Could not load audit trail.', 
'error')
      584 |             })
    > 585 |             .finally(() => setLoading(false))
          |                            ^
      586 |     }, [submissionId, addNotification])
      587 |
      588 |     if (loading) {

      at printWarning 
(node_modules/react-dom/cjs/react-dom.development.js:86:30)
      at error (node_modules/react-dom/cjs/react-dom.development.js:60:7)
      at warnIfUpdatesNotWrappedWithActDEV 
(node_modules/react-dom/cjs/react-dom.development.js:27628:9)
      at scheduleUpdateOnFiber 
(node_modules/react-dom/cjs/react-dom.development.js:25547:5)
      at dispatchSetState 
(node_modules/react-dom/cjs/react-dom.development.js:16708:7)
      at src/submissions/SubmissionTabs/SubmissionTabs.tsx:585:28

    console.error
      Warning: An update to SubmissionTabs inside a test was not wrapped in 
act(...).
      
      When testing, code that causes React state updates should be wrapped 
into act(...):
      
      act(() => {
        /* fire events that update state */
      });
      /* assert on the output */
      
      This ensures that you're testing the behavior the user would see in the 
browser. Learn more at https://reactjs.org/link/wrap-tests-with-act
          at SubmissionTabs (C:\Users\samhe\OneDrive\Desktop\Cleaned\frontend\s
rc\submissions\SubmissionTabs\SubmissionTabs.tsx:695:5)
          at basenameProp (C:\Users\samhe\OneDrive\Desktop\Cleaned\frontend\nod
e_modules\react-router\lib\components.tsx:421:13)
          at basename (C:\Users\samhe\OneDrive\Desktop\Cleaned\frontend\node_mo
dules\react-router\lib\components.tsx:225:3)

      711 |                         role="tab"
      712 |                         aria-selected={activeTab === tab}
    > 713 |                         onClick={() => setActiveTab(tab)}
          |                                        ^
      714 |                         className={`px-4 py-2 -mb-px text-sm 
font-medium border-b-2 transition-colors ${activeTab === tab
      715 |                                 ? 'border-brand-500 text-brand-600'
      716 |                                 : 'border-transparent 
text-gray-500 hover:text-brand-500'

      at printWarning 
(node_modules/react-dom/cjs/react-dom.development.js:86:30)
      at error (node_modules/react-dom/cjs/react-dom.development.js:60:7)
      at warnIfUpdatesNotWrappedWithActDEV 
(node_modules/react-dom/cjs/react-dom.development.js:27628:9)
      at scheduleUpdateOnFiber 
(node_modules/react-dom/cjs/react-dom.development.js:25547:5)
      at dispatchSetState 
(node_modules/react-dom/cjs/react-dom.development.js:16708:7)
      at onClick (src/submissions/SubmissionTabs/SubmissionTabs.tsx:713:40)
      at HTMLUnknownElement.callCallback 
(node_modules/react-dom/cjs/react-dom.development.js:4164:14)
      at HTMLUnknownElement.callTheUserObjectsOperation 
(node_modules/jsdom/lib/jsdom/living/generated/EventListener.js:26:30)
      at innerInvokeEventListeners 
(node_modules/jsdom/lib/jsdom/living/events/EventTarget-impl.js:350:25)
      at invokeEventListeners 
(node_modules/jsdom/lib/jsdom/living/events/EventTarget-impl.js:286:3)
      at HTMLUnknownElementImpl._dispatch 
(node_modules/jsdom/lib/jsdom/living/events/EventTarget-impl.js:233:9)
      at HTMLUnknownElementImpl.dispatchEvent 
(node_modules/jsdom/lib/jsdom/living/events/EventTarget-impl.js:104:17)
      at HTMLUnknownElement.dispatchEvent 
(node_modules/jsdom/lib/jsdom/living/generated/EventTarget.js:241:34)
      at Object.invokeGuardedCallbackDev 
(node_modules/react-dom/cjs/react-dom.development.js:4213:16)
      at invokeGuardedCallback 
(node_modules/react-dom/cjs/react-dom.development.js:4277:31)
      at invokeGuardedCallbackAndCatchFirstError 
(node_modules/react-dom/cjs/react-dom.development.js:4291:25)
      at executeDispatch 
(node_modules/react-dom/cjs/react-dom.development.js:9041:3)
      at processDispatchQueueItemsInOrder 
(node_modules/react-dom/cjs/react-dom.development.js:9073:7)
      at processDispatchQueue 
(node_modules/react-dom/cjs/react-dom.development.js:9086:5)
      at dispatchEventsForPlugins 
(node_modules/react-dom/cjs/react-dom.development.js:9097:3)
      at node_modules/react-dom/cjs/react-dom.development.js:9288:12
      at batchedUpdates$1 
(node_modules/react-dom/cjs/react-dom.development.js:26179:12)
      at batchedUpdates 
(node_modules/react-dom/cjs/react-dom.development.js:3991:12)
      at dispatchEventForPluginEventSystem 
(node_modules/react-dom/cjs/react-dom.development.js:9287:3)
      at dispatchEventWithEnableCapturePhaseSelectiveHydrationWithoutDiscreteEv
entReplay (node_modules/react-dom/cjs/react-dom.development.js:6465:5)
      at dispatchEvent 
(node_modules/react-dom/cjs/react-dom.development.js:6457:5)
      at dispatchDiscreteEvent 
(node_modules/react-dom/cjs/react-dom.development.js:6430:5)
      at HTMLDivElement.callTheUserObjectsOperation 
(node_modules/jsdom/lib/jsdom/living/generated/EventListener.js:26:30)
      at innerInvokeEventListeners 
(node_modules/jsdom/lib/jsdom/living/events/EventTarget-impl.js:350:25)
      at invokeEventListeners 
(node_modules/jsdom/lib/jsdom/living/events/EventTarget-impl.js:286:3)
      at HTMLButtonElementImpl._dispatch 
(node_modules/jsdom/lib/jsdom/living/events/EventTarget-impl.js:233:9)
      at HTMLButtonElementImpl.dispatchEvent 
(node_modules/jsdom/lib/jsdom/living/events/EventTarget-impl.js:104:17)
      at HTMLButtonElement.dispatchEvent 
(node_modules/jsdom/lib/jsdom/living/generated/EventTarget.js:241:34)
      at 
node_modules/@testing-library/user-event/dist/cjs/event/dispatchEvent.js:45:43
      at Object.eventWrapper 
(node_modules/@testing-library/dom/dist/config.js:25:23)
      at Object.wrapEvent 
(node_modules/@testing-library/user-event/dist/cjs/event/wrapEvent.js:6:28)
      at Object.dispatchEvent (node_modules/@testing-library/user-event/dist/cj
s/event/dispatchEvent.js:45:22)
      at Object.dispatchUIEvent (node_modules/@testing-library/user-event/dist/
cjs/event/dispatchEvent.js:22:26)
      at Mouse.up (node_modules/@testing-library/user-event/dist/cjs/system/poi
nter/mouse.js:100:30)
      at PointerHost.release (node_modules/@testing-library/user-event/dist/cjs
/system/pointer/index.js:87:24)
      at pointerAction 
(node_modules/@testing-library/user-event/dist/cjs/pointer/index.js:54:47)
      at Object.pointer 
(node_modules/@testing-library/user-event/dist/cjs/pointer/index.js:27:9)
      at Object.<anonymous> 
(src/submissions/SubmissionTabs/__tests__/SubmissionTabs.test.tsx:488:9)

    console.error
      Warning: An update to RelatedSubmissionsPane inside a test was not 
wrapped in act(...).
      
      When testing, code that causes React state updates should be wrapped 
into act(...):
      
      act(() => {
        /* fire events that update state */
      });
      /* assert on the output */
      
      This ensures that you're testing the behavior the user would see in the 
browser. Learn more at https://reactjs.org/link/wrap-tests-with-act
          at RelatedSubmissionsPane (C:\Users\samhe\OneDrive\Desktop\Cleaned\fr
ontend\src\submissions\SubmissionTabs\SubmissionTabs.tsx:467:35)
          at div
          at div
          at SubmissionTabs (C:\Users\samhe\OneDrive\Desktop\Cleaned\frontend\s
rc\submissions\SubmissionTabs\SubmissionTabs.tsx:695:5)
          at basenameProp (C:\Users\samhe\OneDrive\Desktop\Cleaned\frontend\nod
e_modules\react-router\lib\components.tsx:421:13)
          at basename (C:\Users\samhe\OneDrive\Desktop\Cleaned\frontend\node_mo
dules\react-router\lib\components.tsx:225:3)

      475 |     useEffect(() => {
      476 |         if (!active || loaded || loading) return
    > 477 |         setLoading(true)
          |         ^
      478 |         
get<RelatedSubmissionRow[]>(`/api/submissions/${submissionId}/related`)
      479 |             .then((result) => {
      480 |                 setRows(result)

      at printWarning 
(node_modules/react-dom/cjs/react-dom.development.js:86:30)
      at error (node_modules/react-dom/cjs/react-dom.development.js:60:7)
      at warnIfUpdatesNotWrappedWithActDEV 
(node_modules/react-dom/cjs/react-dom.development.js:27628:9)
      at scheduleUpdateOnFiber 
(node_modules/react-dom/cjs/react-dom.development.js:25547:5)
      at dispatchSetState 
(node_modules/react-dom/cjs/react-dom.development.js:16708:7)
      at src/submissions/SubmissionTabs/SubmissionTabs.tsx:477:9
      at commitHookEffectListMount 
(node_modules/react-dom/cjs/react-dom.development.js:23189:26)
      at commitPassiveMountOnFiber 
(node_modules/react-dom/cjs/react-dom.development.js:24970:11)
      at commitPassiveMountEffects_complete 
(node_modules/react-dom/cjs/react-dom.development.js:24930:9)
      at commitPassiveMountEffects_begin 
(node_modules/react-dom/cjs/react-dom.development.js:24917:7)
      at commitPassiveMountEffects 
(node_modules/react-dom/cjs/react-dom.development.js:24905:3)
      at flushPassiveEffectsImpl 
(node_modules/react-dom/cjs/react-dom.development.js:27078:3)
      at flushPassiveEffects 
(node_modules/react-dom/cjs/react-dom.development.js:27023:14)
      at commitRootImpl 
(node_modules/react-dom/cjs/react-dom.development.js:26974:5)
      at commitRoot 
(node_modules/react-dom/cjs/react-dom.development.js:26721:5)
      at performSyncWorkOnRoot 
(node_modules/react-dom/cjs/react-dom.development.js:26156:3)
      at flushSyncCallbacks 
(node_modules/react-dom/cjs/react-dom.development.js:12042:22)
      at node_modules/react-dom/cjs/react-dom.development.js:25690:13
      at invokeTheCallbackFunction 
(node_modules/jsdom/lib/jsdom/living/generated/Function.js:19:26)
      at node_modules/jsdom/lib/jsdom/browser/Window.js:554:9

    console.error
      Warning: An update to RelatedSubmissionsPane inside a test was not 
wrapped in act(...).
      
      When testing, code that causes React state updates should be wrapped 
into act(...):
      
      act(() => {
        /* fire events that update state */
      });
      /* assert on the output */
      
      This ensures that you're testing the behavior the user would see in the 
browser. Learn more at https://reactjs.org/link/wrap-tests-with-act
          at RelatedSubmissionsPane (C:\Users\samhe\OneDrive\Desktop\Cleaned\fr
ontend\src\submissions\SubmissionTabs\SubmissionTabs.tsx:467:35)
          at div
          at div
          at SubmissionTabs (C:\Users\samhe\OneDrive\Desktop\Cleaned\frontend\s
rc\submissions\SubmissionTabs\SubmissionTabs.tsx:695:5)
          at basenameProp (C:\Users\samhe\OneDrive\Desktop\Cleaned\frontend\nod
e_modules\react-router\lib\components.tsx:421:13)
          at basename (C:\Users\samhe\OneDrive\Desktop\Cleaned\frontend\node_mo
dules\react-router\lib\components.tsx:225:3)

      478 |         
get<RelatedSubmissionRow[]>(`/api/submissions/${submissionId}/related`)
      479 |             .then((result) => {
    > 480 |                 setRows(result)
          |                 ^
      481 |                 setLoaded(true)
      482 |             })
      483 |             .catch((err: Error) => {

      at printWarning 
(node_modules/react-dom/cjs/react-dom.development.js:86:30)
      at error (node_modules/react-dom/cjs/react-dom.development.js:60:7)
      at warnIfUpdatesNotWrappedWithActDEV 
(node_modules/react-dom/cjs/react-dom.development.js:27628:9)
      at scheduleUpdateOnFiber 
(node_modules/react-dom/cjs/react-dom.development.js:25547:5)
      at dispatchSetState 
(node_modules/react-dom/cjs/react-dom.development.js:16708:7)
      at src/submissions/SubmissionTabs/SubmissionTabs.tsx:480:17

    console.error
      Warning: An update to RelatedSubmissionsPane inside a test was not 
wrapped in act(...).
      
      When testing, code that causes React state updates should be wrapped 
into act(...):
      
      act(() => {
        /* fire events that update state */
      });
      /* assert on the output */
      
      This ensures that you're testing the behavior the user would see in the 
browser. Learn more at https://reactjs.org/link/wrap-tests-with-act
          at RelatedSubmissionsPane (C:\Users\samhe\OneDrive\Desktop\Cleaned\fr
ontend\src\submissions\SubmissionTabs\SubmissionTabs.tsx:467:35)
          at div
          at div
          at SubmissionTabs (C:\Users\samhe\OneDrive\Desktop\Cleaned\frontend\s
rc\submissions\SubmissionTabs\SubmissionTabs.tsx:695:5)
          at basenameProp (C:\Users\samhe\OneDrive\Desktop\Cleaned\frontend\nod
e_modules\react-router\lib\components.tsx:421:13)
          at basename (C:\Users\samhe\OneDrive\Desktop\Cleaned\frontend\node_mo
dules\react-router\lib\components.tsx:225:3)

      479 |             .then((result) => {
      480 |                 setRows(result)
    > 481 |                 setLoaded(true)
          |                 ^
      482 |             })
      483 |             .catch((err: Error) => {
      484 |                 setError(err.message ?? 'Failed to load related 
submissions.')

      at printWarning 
(node_modules/react-dom/cjs/react-dom.development.js:86:30)
      at error (node_modules/react-dom/cjs/react-dom.development.js:60:7)
      at warnIfUpdatesNotWrappedWithActDEV 
(node_modules/react-dom/cjs/react-dom.development.js:27628:9)
      at scheduleUpdateOnFiber 
(node_modules/react-dom/cjs/react-dom.development.js:25547:5)
      at dispatchSetState 
(node_modules/react-dom/cjs/react-dom.development.js:16708:7)
      at src/submissions/SubmissionTabs/SubmissionTabs.tsx:481:17

    console.error
      Warning: An update to RelatedSubmissionsPane inside a test was not 
wrapped in act(...).
      
      When testing, code that causes React state updates should be wrapped 
into act(...):
      
      act(() => {
        /* fire events that update state */
      });
      /* assert on the output */
      
      This ensures that you're testing the behavior the user would see in the 
browser. Learn more at https://reactjs.org/link/wrap-tests-with-act
          at RelatedSubmissionsPane (C:\Users\samhe\OneDrive\Desktop\Cleaned\fr
ontend\src\submissions\SubmissionTabs\SubmissionTabs.tsx:467:35)
          at div
          at div
          at SubmissionTabs (C:\Users\samhe\OneDrive\Desktop\Cleaned\frontend\s
rc\submissions\SubmissionTabs\SubmissionTabs.tsx:695:5)
          at basenameProp (C:\Users\samhe\OneDrive\Desktop\Cleaned\frontend\nod
e_modules\react-router\lib\components.tsx:421:13)
          at basename (C:\Users\samhe\OneDrive\Desktop\Cleaned\frontend\node_mo
dules\react-router\lib\components.tsx:225:3)

      486 |                 addNotification('Could not load related 
submissions.', 'error')
      487 |             })
    > 488 |             .finally(() => setLoading(false))
          |                            ^
      489 |     }, [active, loaded, loading, submissionId, addNotification])
      490 |
      491 |     async function removeLink(relatedId: number) {

      at printWarning 
(node_modules/react-dom/cjs/react-dom.development.js:86:30)
      at error (node_modules/react-dom/cjs/react-dom.development.js:60:7)
      at warnIfUpdatesNotWrappedWithActDEV 
(node_modules/react-dom/cjs/react-dom.development.js:27628:9)
      at scheduleUpdateOnFiber 
(node_modules/react-dom/cjs/react-dom.development.js:25547:5)
      at dispatchSetState 
(node_modules/react-dom/cjs/react-dom.development.js:16708:7)
      at src/submissions/SubmissionTabs/SubmissionTabs.tsx:488:28

    console.error
      Warning: An update to AuditPane inside a test was not wrapped in 
act(...).
      
      When testing, code that causes React state updates should be wrapped 
into act(...):
      
      act(() => {
        /* fire events that update state */
      });
      /* assert on the output */
      
      This ensures that you're testing the behavior the user would see in the 
browser. Learn more at https://reactjs.org/link/wrap-tests-with-act
          at AuditPane (C:\Users\samhe\OneDrive\Desktop\Cleaned\frontend\src\su
bmissions\SubmissionTabs\SubmissionTabs.tsx:573:22)
          at div
          at div
          at SubmissionTabs (C:\Users\samhe\OneDrive\Desktop\Cleaned\frontend\s
rc\submissions\SubmissionTabs\SubmissionTabs.tsx:695:5)
          at basenameProp (C:\Users\samhe\OneDrive\Desktop\Cleaned\frontend\nod
e_modules\react-router\lib\components.tsx:421:13)
          at basename (C:\Users\samhe\OneDrive\Desktop\Cleaned\frontend\node_mo
dules\react-router\lib\components.tsx:225:3)

      at printWarning 
(node_modules/react-dom/cjs/react-dom.development.js:86:30)
      at error (node_modules/react-dom/cjs/react-dom.development.js:60:7)
      at warnIfUpdatesNotWrappedWithActDEV 
(node_modules/react-dom/cjs/react-dom.development.js:27628:9)
      at scheduleUpdateOnFiber 
(node_modules/react-dom/cjs/react-dom.development.js:25547:5)
      at dispatchSetState 
(node_modules/react-dom/cjs/react-dom.development.js:16708:7)

    console.error
      Warning: An update to AuditPane inside a test was not wrapped in 
act(...).
      
      When testing, code that causes React state updates should be wrapped 
into act(...):
      
      act(() => {
        /* fire events that update state */
      });
      /* assert on the output */
      
      This ensures that you're testing the behavior the user would see in the 
browser. Learn more at https://reactjs.org/link/wrap-tests-with-act
          at AuditPane (C:\Users\samhe\OneDrive\Desktop\Cleaned\frontend\src\su
bmissions\SubmissionTabs\SubmissionTabs.tsx:573:22)
          at div
          at div
          at SubmissionTabs (C:\Users\samhe\OneDrive\Desktop\Cleaned\frontend\s
rc\submissions\SubmissionTabs\SubmissionTabs.tsx:695:5)
          at basenameProp (C:\Users\samhe\OneDrive\Desktop\Cleaned\frontend\nod
e_modules\react-router\lib\components.tsx:421:13)
          at basename (C:\Users\samhe\OneDrive\Desktop\Cleaned\frontend\node_mo
dules\react-router\lib\components.tsx:225:3)

      583 |                 addNotification('Could not load audit trail.', 
'error')
      584 |             })
    > 585 |             .finally(() => setLoading(false))
          |                            ^
      586 |     }, [submissionId, addNotification])
      587 |
      588 |     if (loading) {

      at printWarning 
(node_modules/react-dom/cjs/react-dom.development.js:86:30)
      at error (node_modules/react-dom/cjs/react-dom.development.js:60:7)
      at warnIfUpdatesNotWrappedWithActDEV 
(node_modules/react-dom/cjs/react-dom.development.js:27628:9)
      at scheduleUpdateOnFiber 
(node_modules/react-dom/cjs/react-dom.development.js:25547:5)
      at dispatchSetState 
(node_modules/react-dom/cjs/react-dom.development.js:16708:7)
      at src/submissions/SubmissionTabs/SubmissionTabs.tsx:585:28

    console.error
      Warning: An update to SubmissionTabs inside a test was not wrapped in 
act(...).
      
      When testing, code that causes React state updates should be wrapped 
into act(...):
      
      act(() => {
        /* fire events that update state */
      });
      /* assert on the output */
      
      This ensures that you're testing the behavior the user would see in the 
browser. Learn more at https://reactjs.org/link/wrap-tests-with-act
          at SubmissionTabs (C:\Users\samhe\OneDrive\Desktop\Cleaned\frontend\s
rc\submissions\SubmissionTabs\SubmissionTabs.tsx:695:5)
          at basenameProp (C:\Users\samhe\OneDrive\Desktop\Cleaned\frontend\nod
e_modules\react-router\lib\components.tsx:421:13)
          at basename (C:\Users\samhe\OneDrive\Desktop\Cleaned\frontend\node_mo
dules\react-router\lib\components.tsx:225:3)

      711 |                         role="tab"
      712 |                         aria-selected={activeTab === tab}
    > 713 |                         onClick={() => setActiveTab(tab)}
          |                                        ^
      714 |                         className={`px-4 py-2 -mb-px text-sm 
font-medium border-b-2 transition-colors ${activeTab === tab
      715 |                                 ? 'border-brand-500 text-brand-600'
      716 |                                 : 'border-transparent 
text-gray-500 hover:text-brand-500'

      at printWarning 
(node_modules/react-dom/cjs/react-dom.development.js:86:30)
      at error (node_modules/react-dom/cjs/react-dom.development.js:60:7)
      at warnIfUpdatesNotWrappedWithActDEV 
(node_modules/react-dom/cjs/react-dom.development.js:27628:9)
      at scheduleUpdateOnFiber 
(node_modules/react-dom/cjs/react-dom.development.js:25547:5)
      at dispatchSetState 
(node_modules/react-dom/cjs/react-dom.development.js:16708:7)
      at onClick (src/submissions/SubmissionTabs/SubmissionTabs.tsx:713:40)
      at HTMLUnknownElement.callCallback 
(node_modules/react-dom/cjs/react-dom.development.js:4164:14)
      at HTMLUnknownElement.callTheUserObjectsOperation 
(node_modules/jsdom/lib/jsdom/living/generated/EventListener.js:26:30)
      at innerInvokeEventListeners 
(node_modules/jsdom/lib/jsdom/living/events/EventTarget-impl.js:350:25)
      at invokeEventListeners 
(node_modules/jsdom/lib/jsdom/living/events/EventTarget-impl.js:286:3)
      at HTMLUnknownElementImpl._dispatch 
(node_modules/jsdom/lib/jsdom/living/events/EventTarget-impl.js:233:9)
      at HTMLUnknownElementImpl.dispatchEvent 
(node_modules/jsdom/lib/jsdom/living/events/EventTarget-impl.js:104:17)
      at HTMLUnknownElement.dispatchEvent 
(node_modules/jsdom/lib/jsdom/living/generated/EventTarget.js:241:34)
      at Object.invokeGuardedCallbackDev 
(node_modules/react-dom/cjs/react-dom.development.js:4213:16)
      at invokeGuardedCallback 
(node_modules/react-dom/cjs/react-dom.development.js:4277:31)
      at invokeGuardedCallbackAndCatchFirstError 
(node_modules/react-dom/cjs/react-dom.development.js:4291:25)
      at executeDispatch 
(node_modules/react-dom/cjs/react-dom.development.js:9041:3)
      at processDispatchQueueItemsInOrder 
(node_modules/react-dom/cjs/react-dom.development.js:9073:7)
      at processDispatchQueue 
(node_modules/react-dom/cjs/react-dom.development.js:9086:5)
      at dispatchEventsForPlugins 
(node_modules/react-dom/cjs/react-dom.development.js:9097:3)
      at node_modules/react-dom/cjs/react-dom.development.js:9288:12
      at batchedUpdates$1 
(node_modules/react-dom/cjs/react-dom.development.js:26179:12)
      at batchedUpdates 
(node_modules/react-dom/cjs/react-dom.development.js:3991:12)
      at dispatchEventForPluginEventSystem 
(node_modules/react-dom/cjs/react-dom.development.js:9287:3)
      at dispatchEventWithEnableCapturePhaseSelectiveHydrationWithoutDiscreteEv
entReplay (node_modules/react-dom/cjs/react-dom.development.js:6465:5)
      at dispatchEvent 
(node_modules/react-dom/cjs/react-dom.development.js:6457:5)
      at dispatchDiscreteEvent 
(node_modules/react-dom/cjs/react-dom.development.js:6430:5)
      at HTMLDivElement.callTheUserObjectsOperation 
(node_modules/jsdom/lib/jsdom/living/generated/EventListener.js:26:30)
      at innerInvokeEventListeners 
(node_modules/jsdom/lib/jsdom/living/events/EventTarget-impl.js:350:25)
      at invokeEventListeners 
(node_modules/jsdom/lib/jsdom/living/events/EventTarget-impl.js:286:3)
      at HTMLButtonElementImpl._dispatch 
(node_modules/jsdom/lib/jsdom/living/events/EventTarget-impl.js:233:9)
      at HTMLButtonElementImpl.dispatchEvent 
(node_modules/jsdom/lib/jsdom/living/events/EventTarget-impl.js:104:17)
      at HTMLButtonElement.dispatchEvent 
(node_modules/jsdom/lib/jsdom/living/generated/EventTarget.js:241:34)
      at 
node_modules/@testing-library/user-event/dist/cjs/event/dispatchEvent.js:45:43
      at Object.eventWrapper 
(node_modules/@testing-library/dom/dist/config.js:25:23)
      at Object.wrapEvent 
(node_modules/@testing-library/user-event/dist/cjs/event/wrapEvent.js:6:28)
      at Object.dispatchEvent (node_modules/@testing-library/user-event/dist/cj
s/event/dispatchEvent.js:45:22)
      at Object.dispatchUIEvent (node_modules/@testing-library/user-event/dist/
cjs/event/dispatchEvent.js:22:26)
      at Mouse.up (node_modules/@testing-library/user-event/dist/cjs/system/poi
nter/mouse.js:100:30)
      at PointerHost.release (node_modules/@testing-library/user-event/dist/cjs
/system/pointer/index.js:87:24)
      at pointerAction 
(node_modules/@testing-library/user-event/dist/cjs/pointer/index.js:54:47)
      at Object.pointer 
(node_modules/@testing-library/user-event/dist/cjs/pointer/index.js:27:9)
      at Object.<anonymous> 
(src/submissions/SubmissionTabs/__tests__/SubmissionTabs.test.tsx:506:9)

    console.error
      Warning: An update to RelatedSubmissionsPane inside a test was not 
wrapped in act(...).
      
      When testing, code that causes React state updates should be wrapped 
into act(...):
      
      act(() => {
        /* fire events that update state */
      });
      /* assert on the output */
      
      This ensures that you're testing the behavior the user would see in the 
browser. Learn more at https://reactjs.org/link/wrap-tests-with-act
          at RelatedSubmissionsPane (C:\Users\samhe\OneDrive\Desktop\Cleaned\fr
ontend\src\submissions\SubmissionTabs\SubmissionTabs.tsx:467:35)
          at div
          at div
          at SubmissionTabs (C:\Users\samhe\OneDrive\Desktop\Cleaned\frontend\s
rc\submissions\SubmissionTabs\SubmissionTabs.tsx:695:5)
          at basenameProp (C:\Users\samhe\OneDrive\Desktop\Cleaned\frontend\nod
e_modules\react-router\lib\components.tsx:421:13)
          at basename (C:\Users\samhe\OneDrive\Desktop\Cleaned\frontend\node_mo
dules\react-router\lib\components.tsx:225:3)

      475 |     useEffect(() => {
      476 |         if (!active || loaded || loading) return
    > 477 |         setLoading(true)
          |         ^
      478 |         
get<RelatedSubmissionRow[]>(`/api/submissions/${submissionId}/related`)
      479 |             .then((result) => {
      480 |                 setRows(result)

      at printWarning 
(node_modules/react-dom/cjs/react-dom.development.js:86:30)
      at error (node_modules/react-dom/cjs/react-dom.development.js:60:7)
      at warnIfUpdatesNotWrappedWithActDEV 
(node_modules/react-dom/cjs/react-dom.development.js:27628:9)
      at scheduleUpdateOnFiber 
(node_modules/react-dom/cjs/react-dom.development.js:25547:5)
      at dispatchSetState 
(node_modules/react-dom/cjs/react-dom.development.js:16708:7)
      at src/submissions/SubmissionTabs/SubmissionTabs.tsx:477:9
      at commitHookEffectListMount 
(node_modules/react-dom/cjs/react-dom.development.js:23189:26)
      at commitPassiveMountOnFiber 
(node_modules/react-dom/cjs/react-dom.development.js:24970:11)
      at commitPassiveMountEffects_complete 
(node_modules/react-dom/cjs/react-dom.development.js:24930:9)
      at commitPassiveMountEffects_begin 
(node_modules/react-dom/cjs/react-dom.development.js:24917:7)
      at commitPassiveMountEffects 
(node_modules/react-dom/cjs/react-dom.development.js:24905:3)
      at flushPassiveEffectsImpl 
(node_modules/react-dom/cjs/react-dom.development.js:27078:3)
      at flushPassiveEffects 
(node_modules/react-dom/cjs/react-dom.development.js:27023:14)
      at commitRootImpl 
(node_modules/react-dom/cjs/react-dom.development.js:26974:5)
      at commitRoot 
(node_modules/react-dom/cjs/react-dom.development.js:26721:5)
      at performSyncWorkOnRoot 
(node_modules/react-dom/cjs/react-dom.development.js:26156:3)
      at flushSyncCallbacks 
(node_modules/react-dom/cjs/react-dom.development.js:12042:22)
      at node_modules/react-dom/cjs/react-dom.development.js:25690:13
      at invokeTheCallbackFunction 
(node_modules/jsdom/lib/jsdom/living/generated/Function.js:19:26)
      at node_modules/jsdom/lib/jsdom/browser/Window.js:554:9

    console.error
      Warning: An update to RelatedSubmissionsPane inside a test was not 
wrapped in act(...).
      
      When testing, code that causes React state updates should be wrapped 
into act(...):
      
      act(() => {
        /* fire events that update state */
      });
      /* assert on the output */
      
      This ensures that you're testing the behavior the user would see in the 
browser. Learn more at https://reactjs.org/link/wrap-tests-with-act
          at RelatedSubmissionsPane (C:\Users\samhe\OneDrive\Desktop\Cleaned\fr
ontend\src\submissions\SubmissionTabs\SubmissionTabs.tsx:467:35)
          at div
          at div
          at SubmissionTabs (C:\Users\samhe\OneDrive\Desktop\Cleaned\frontend\s
rc\submissions\SubmissionTabs\SubmissionTabs.tsx:695:5)
          at basenameProp (C:\Users\samhe\OneDrive\Desktop\Cleaned\frontend\nod
e_modules\react-router\lib\components.tsx:421:13)
          at basename (C:\Users\samhe\OneDrive\Desktop\Cleaned\frontend\node_mo
dules\react-router\lib\components.tsx:225:3)

      478 |         
get<RelatedSubmissionRow[]>(`/api/submissions/${submissionId}/related`)
      479 |             .then((result) => {
    > 480 |                 setRows(result)
          |                 ^
      481 |                 setLoaded(true)
      482 |             })
      483 |             .catch((err: Error) => {

      at printWarning 
(node_modules/react-dom/cjs/react-dom.development.js:86:30)
      at error (node_modules/react-dom/cjs/react-dom.development.js:60:7)
      at warnIfUpdatesNotWrappedWithActDEV 
(node_modules/react-dom/cjs/react-dom.development.js:27628:9)
      at scheduleUpdateOnFiber 
(node_modules/react-dom/cjs/react-dom.development.js:25547:5)
      at dispatchSetState 
(node_modules/react-dom/cjs/react-dom.development.js:16708:7)
      at src/submissions/SubmissionTabs/SubmissionTabs.tsx:480:17

    console.error
      Warning: An update to RelatedSubmissionsPane inside a test was not 
wrapped in act(...).
      
      When testing, code that causes React state updates should be wrapped 
into act(...):
      
      act(() => {
        /* fire events that update state */
      });
      /* assert on the output */
      
      This ensures that you're testing the behavior the user would see in the 
browser. Learn more at https://reactjs.org/link/wrap-tests-with-act
          at RelatedSubmissionsPane (C:\Users\samhe\OneDrive\Desktop\Cleaned\fr
ontend\src\submissions\SubmissionTabs\SubmissionTabs.tsx:467:35)
          at div
          at div
          at SubmissionTabs (C:\Users\samhe\OneDrive\Desktop\Cleaned\frontend\s
rc\submissions\SubmissionTabs\SubmissionTabs.tsx:695:5)
          at basenameProp (C:\Users\samhe\OneDrive\Desktop\Cleaned\frontend\nod
e_modules\react-router\lib\components.tsx:421:13)
          at basename (C:\Users\samhe\OneDrive\Desktop\Cleaned\frontend\node_mo
dules\react-router\lib\components.tsx:225:3)

      479 |             .then((result) => {
      480 |                 setRows(result)
    > 481 |                 setLoaded(true)
          |                 ^
      482 |             })
      483 |             .catch((err: Error) => {
      484 |                 setError(err.message ?? 'Failed to load related 
submissions.')

      at printWarning 
(node_modules/react-dom/cjs/react-dom.development.js:86:30)
      at error (node_modules/react-dom/cjs/react-dom.development.js:60:7)
      at warnIfUpdatesNotWrappedWithActDEV 
(node_modules/react-dom/cjs/react-dom.development.js:27628:9)
      at scheduleUpdateOnFiber 
(node_modules/react-dom/cjs/react-dom.development.js:25547:5)
      at dispatchSetState 
(node_modules/react-dom/cjs/react-dom.development.js:16708:7)
      at src/submissions/SubmissionTabs/SubmissionTabs.tsx:481:17

    console.error
      Warning: An update to RelatedSubmissionsPane inside a test was not 
wrapped in act(...).
      
      When testing, code that causes React state updates should be wrapped 
into act(...):
      
      act(() => {
        /* fire events that update state */
      });
      /* assert on the output */
      
      This ensures that you're testing the behavior the user would see in the 
browser. Learn more at https://reactjs.org/link/wrap-tests-with-act
          at RelatedSubmissionsPane (C:\Users\samhe\OneDrive\Desktop\Cleaned\fr
ontend\src\submissions\SubmissionTabs\SubmissionTabs.tsx:467:35)
          at div
          at div
          at SubmissionTabs (C:\Users\samhe\OneDrive\Desktop\Cleaned\frontend\s
rc\submissions\SubmissionTabs\SubmissionTabs.tsx:695:5)
          at basenameProp (C:\Users\samhe\OneDrive\Desktop\Cleaned\frontend\nod
e_modules\react-router\lib\components.tsx:421:13)
          at basename (C:\Users\samhe\OneDrive\Desktop\Cleaned\frontend\node_mo
dules\react-router\lib\components.tsx:225:3)

      486 |                 addNotification('Could not load related 
submissions.', 'error')
      487 |             })
    > 488 |             .finally(() => setLoading(false))
          |                            ^
      489 |     }, [active, loaded, loading, submissionId, addNotification])
      490 |
      491 |     async function removeLink(relatedId: number) {

      at printWarning 
(node_modules/react-dom/cjs/react-dom.development.js:86:30)
      at error (node_modules/react-dom/cjs/react-dom.development.js:60:7)
      at warnIfUpdatesNotWrappedWithActDEV 
(node_modules/react-dom/cjs/react-dom.development.js:27628:9)
      at scheduleUpdateOnFiber 
(node_modules/react-dom/cjs/react-dom.development.js:25547:5)
      at dispatchSetState 
(node_modules/react-dom/cjs/react-dom.development.js:16708:7)
      at src/submissions/SubmissionTabs/SubmissionTabs.tsx:488:28

    console.error
      Warning: An update to AuditPane inside a test was not wrapped in 
act(...).
      
      When testing, code that causes React state updates should be wrapped 
into act(...):
      
      act(() => {
        /* fire events that update state */
      });
      /* assert on the output */
      
      This ensures that you're testing the behavior the user would see in the 
browser. Learn more at https://reactjs.org/link/wrap-tests-with-act
          at AuditPane (C:\Users\samhe\OneDrive\Desktop\Cleaned\frontend\src\su
bmissions\SubmissionTabs\SubmissionTabs.tsx:573:22)
          at div
          at div
          at SubmissionTabs (C:\Users\samhe\OneDrive\Desktop\Cleaned\frontend\s
rc\submissions\SubmissionTabs\SubmissionTabs.tsx:695:5)
          at basenameProp (C:\Users\samhe\OneDrive\Desktop\Cleaned\frontend\nod
e_modules\react-router\lib\components.tsx:421:13)
          at basename (C:\Users\samhe\OneDrive\Desktop\Cleaned\frontend\node_mo
dules\react-router\lib\components.tsx:225:3)

      at printWarning 
(node_modules/react-dom/cjs/react-dom.development.js:86:30)
      at error (node_modules/react-dom/cjs/react-dom.development.js:60:7)
      at warnIfUpdatesNotWrappedWithActDEV 
(node_modules/react-dom/cjs/react-dom.development.js:27628:9)
      at scheduleUpdateOnFiber 
(node_modules/react-dom/cjs/react-dom.development.js:25547:5)
      at dispatchSetState 
(node_modules/react-dom/cjs/react-dom.development.js:16708:7)

    console.error
      Warning: An update to AuditPane inside a test was not wrapped in 
act(...).
      
      When testing, code that causes React state updates should be wrapped 
into act(...):
      
      act(() => {
        /* fire events that update state */
      });
      /* assert on the output */
      
      This ensures that you're testing the behavior the user would see in the 
browser. Learn more at https://reactjs.org/link/wrap-tests-with-act
          at AuditPane (C:\Users\samhe\OneDrive\Desktop\Cleaned\frontend\src\su
bmissions\SubmissionTabs\SubmissionTabs.tsx:573:22)
          at div
          at div
          at SubmissionTabs (C:\Users\samhe\OneDrive\Desktop\Cleaned\frontend\s
rc\submissions\SubmissionTabs\SubmissionTabs.tsx:695:5)
          at basenameProp (C:\Users\samhe\OneDrive\Desktop\Cleaned\frontend\nod
e_modules\react-router\lib\components.tsx:421:13)
          at basename (C:\Users\samhe\OneDrive\Desktop\Cleaned\frontend\node_mo
dules\react-router\lib\components.tsx:225:3)

      583 |                 addNotification('Could not load audit trail.', 
'error')
      584 |             })
    > 585 |             .finally(() => setLoading(false))
          |                            ^
      586 |     }, [submissionId, addNotification])
      587 |
      588 |     if (loading) {

      at printWarning 
(node_modules/react-dom/cjs/react-dom.development.js:86:30)
      at error (node_modules/react-dom/cjs/react-dom.development.js:60:7)
      at warnIfUpdatesNotWrappedWithActDEV 
(node_modules/react-dom/cjs/react-dom.development.js:27628:9)
      at scheduleUpdateOnFiber 
(node_modules/react-dom/cjs/react-dom.development.js:25547:5)
      at dispatchSetState 
(node_modules/react-dom/cjs/react-dom.development.js:16708:7)
      at src/submissions/SubmissionTabs/SubmissionTabs.tsx:585:28

    console.error
      Warning: An update to SubmissionTabs inside a test was not wrapped in 
act(...).
      
      When testing, code that causes React state updates should be wrapped 
into act(...):
      
      act(() => {
        /* fire events that update state */
      });
      /* assert on the output */
      
      This ensures that you're testing the behavior the user would see in the 
browser. Learn more at https://reactjs.org/link/wrap-tests-with-act
          at SubmissionTabs (C:\Users\samhe\OneDrive\Desktop\Cleaned\frontend\s
rc\submissions\SubmissionTabs\SubmissionTabs.tsx:695:5)
          at basenameProp (C:\Users\samhe\OneDrive\Desktop\Cleaned\frontend\nod
e_modules\react-router\lib\components.tsx:421:13)
          at basename (C:\Users\samhe\OneDrive\Desktop\Cleaned\frontend\node_mo
dules\react-router\lib\components.tsx:225:3)

      711 |                         role="tab"
      712 |                         aria-selected={activeTab === tab}
    > 713 |                         onClick={() => setActiveTab(tab)}
          |                                        ^
      714 |                         className={`px-4 py-2 -mb-px text-sm 
font-medium border-b-2 transition-colors ${activeTab === tab
      715 |                                 ? 'border-brand-500 text-brand-600'
      716 |                                 : 'border-transparent 
text-gray-500 hover:text-brand-500'

      at printWarning 
(node_modules/react-dom/cjs/react-dom.development.js:86:30)
      at error (node_modules/react-dom/cjs/react-dom.development.js:60:7)
      at warnIfUpdatesNotWrappedWithActDEV 
(node_modules/react-dom/cjs/react-dom.development.js:27628:9)
      at scheduleUpdateOnFiber 
(node_modules/react-dom/cjs/react-dom.development.js:25547:5)
      at dispatchSetState 
(node_modules/react-dom/cjs/react-dom.development.js:16708:7)
      at onClick (src/submissions/SubmissionTabs/SubmissionTabs.tsx:713:40)
      at HTMLUnknownElement.callCallback 
(node_modules/react-dom/cjs/react-dom.development.js:4164:14)
      at HTMLUnknownElement.callTheUserObjectsOperation 
(node_modules/jsdom/lib/jsdom/living/generated/EventListener.js:26:30)
      at innerInvokeEventListeners 
(node_modules/jsdom/lib/jsdom/living/events/EventTarget-impl.js:350:25)
      at invokeEventListeners 
(node_modules/jsdom/lib/jsdom/living/events/EventTarget-impl.js:286:3)
      at HTMLUnknownElementImpl._dispatch 
(node_modules/jsdom/lib/jsdom/living/events/EventTarget-impl.js:233:9)
      at HTMLUnknownElementImpl.dispatchEvent 
(node_modules/jsdom/lib/jsdom/living/events/EventTarget-impl.js:104:17)
      at HTMLUnknownElement.dispatchEvent 
(node_modules/jsdom/lib/jsdom/living/generated/EventTarget.js:241:34)
      at Object.invokeGuardedCallbackDev 
(node_modules/react-dom/cjs/react-dom.development.js:4213:16)
      at invokeGuardedCallback 
(node_modules/react-dom/cjs/react-dom.development.js:4277:31)
      at invokeGuardedCallbackAndCatchFirstError 
(node_modules/react-dom/cjs/react-dom.development.js:4291:25)
      at executeDispatch 
(node_modules/react-dom/cjs/react-dom.development.js:9041:3)
      at processDispatchQueueItemsInOrder 
(node_modules/react-dom/cjs/react-dom.development.js:9073:7)
      at processDispatchQueue 
(node_modules/react-dom/cjs/react-dom.development.js:9086:5)
      at dispatchEventsForPlugins 
(node_modules/react-dom/cjs/react-dom.development.js:9097:3)
      at node_modules/react-dom/cjs/react-dom.development.js:9288:12
      at batchedUpdates$1 
(node_modules/react-dom/cjs/react-dom.development.js:26179:12)
      at batchedUpdates 
(node_modules/react-dom/cjs/react-dom.development.js:3991:12)
      at dispatchEventForPluginEventSystem 
(node_modules/react-dom/cjs/react-dom.development.js:9287:3)
      at dispatchEventWithEnableCapturePhaseSelectiveHydrationWithoutDiscreteEv
entReplay (node_modules/react-dom/cjs/react-dom.development.js:6465:5)
      at dispatchEvent 
(node_modules/react-dom/cjs/react-dom.development.js:6457:5)
      at dispatchDiscreteEvent 
(node_modules/react-dom/cjs/react-dom.development.js:6430:5)
      at HTMLDivElement.callTheUserObjectsOperation 
(node_modules/jsdom/lib/jsdom/living/generated/EventListener.js:26:30)
      at innerInvokeEventListeners 
(node_modules/jsdom/lib/jsdom/living/events/EventTarget-impl.js:350:25)
      at invokeEventListeners 
(node_modules/jsdom/lib/jsdom/living/events/EventTarget-impl.js:286:3)
      at HTMLButtonElementImpl._dispatch 
(node_modules/jsdom/lib/jsdom/living/events/EventTarget-impl.js:233:9)
      at HTMLButtonElementImpl.dispatchEvent 
(node_modules/jsdom/lib/jsdom/living/events/EventTarget-impl.js:104:17)
      at HTMLButtonElement.dispatchEvent 
(node_modules/jsdom/lib/jsdom/living/generated/EventTarget.js:241:34)
      at 
node_modules/@testing-library/user-event/dist/cjs/event/dispatchEvent.js:45:43
      at Object.eventWrapper 
(node_modules/@testing-library/dom/dist/config.js:25:23)
      at Object.wrapEvent 
(node_modules/@testing-library/user-event/dist/cjs/event/wrapEvent.js:6:28)
      at Object.dispatchEvent (node_modules/@testing-library/user-event/dist/cj
s/event/dispatchEvent.js:45:22)
      at Object.dispatchUIEvent (node_modules/@testing-library/user-event/dist/
cjs/event/dispatchEvent.js:22:26)
      at Mouse.up (node_modules/@testing-library/user-event/dist/cjs/system/poi
nter/mouse.js:100:30)
      at PointerHost.release (node_modules/@testing-library/user-event/dist/cjs
/system/pointer/index.js:87:24)
      at pointerAction 
(node_modules/@testing-library/user-event/dist/cjs/pointer/index.js:54:47)
      at Object.pointer 
(node_modules/@testing-library/user-event/dist/cjs/pointer/index.js:27:9)
      at Object.<anonymous> 
(src/submissions/SubmissionTabs/__tests__/SubmissionTabs.test.tsx:521:9)

    console.error
      Warning: An update to RelatedSubmissionsPane inside a test was not 
wrapped in act(...).
      
      When testing, code that causes React state updates should be wrapped 
into act(...):
      
      act(() => {
        /* fire events that update state */
      });
      /* assert on the output */
      
      This ensures that you're testing the behavior the user would see in the 
browser. Learn more at https://reactjs.org/link/wrap-tests-with-act
          at RelatedSubmissionsPane (C:\Users\samhe\OneDrive\Desktop\Cleaned\fr
ontend\src\submissions\SubmissionTabs\SubmissionTabs.tsx:467:35)
          at div
          at div
          at SubmissionTabs (C:\Users\samhe\OneDrive\Desktop\Cleaned\frontend\s
rc\submissions\SubmissionTabs\SubmissionTabs.tsx:695:5)
          at basenameProp (C:\Users\samhe\OneDrive\Desktop\Cleaned\frontend\nod
e_modules\react-router\lib\components.tsx:421:13)
          at basename (C:\Users\samhe\OneDrive\Desktop\Cleaned\frontend\node_mo
dules\react-router\lib\components.tsx:225:3)

      475 |     useEffect(() => {
      476 |         if (!active || loaded || loading) return
    > 477 |         setLoading(true)
          |         ^
      478 |         
get<RelatedSubmissionRow[]>(`/api/submissions/${submissionId}/related`)
      479 |             .then((result) => {
      480 |                 setRows(result)

      at printWarning 
(node_modules/react-dom/cjs/react-dom.development.js:86:30)
      at error (node_modules/react-dom/cjs/react-dom.development.js:60:7)
      at warnIfUpdatesNotWrappedWithActDEV 
(node_modules/react-dom/cjs/react-dom.development.js:27628:9)
      at scheduleUpdateOnFiber 
(node_modules/react-dom/cjs/react-dom.development.js:25547:5)
      at dispatchSetState 
(node_modules/react-dom/cjs/react-dom.development.js:16708:7)
      at src/submissions/SubmissionTabs/SubmissionTabs.tsx:477:9
      at commitHookEffectListMount 
(node_modules/react-dom/cjs/react-dom.development.js:23189:26)
      at commitPassiveMountOnFiber 
(node_modules/react-dom/cjs/react-dom.development.js:24970:11)
      at commitPassiveMountEffects_complete 
(node_modules/react-dom/cjs/react-dom.development.js:24930:9)
      at commitPassiveMountEffects_begin 
(node_modules/react-dom/cjs/react-dom.development.js:24917:7)
      at commitPassiveMountEffects 
(node_modules/react-dom/cjs/react-dom.development.js:24905:3)
      at flushPassiveEffectsImpl 
(node_modules/react-dom/cjs/react-dom.development.js:27078:3)
      at flushPassiveEffects 
(node_modules/react-dom/cjs/react-dom.development.js:27023:14)
      at commitRootImpl 
(node_modules/react-dom/cjs/react-dom.development.js:26974:5)
      at commitRoot 
(node_modules/react-dom/cjs/react-dom.development.js:26721:5)
      at performSyncWorkOnRoot 
(node_modules/react-dom/cjs/react-dom.development.js:26156:3)
      at flushSyncCallbacks 
(node_modules/react-dom/cjs/react-dom.development.js:12042:22)
      at node_modules/react-dom/cjs/react-dom.development.js:25690:13
      at invokeTheCallbackFunction 
(node_modules/jsdom/lib/jsdom/living/generated/Function.js:19:26)
      at node_modules/jsdom/lib/jsdom/browser/Window.js:554:9

    console.error
      Warning: An update to RelatedSubmissionsPane inside a test was not 
wrapped in act(...).
      
      When testing, code that causes React state updates should be wrapped 
into act(...):
      
      act(() => {
        /* fire events that update state */
      });
      /* assert on the output */
      
      This ensures that you're testing the behavior the user would see in the 
browser. Learn more at https://reactjs.org/link/wrap-tests-with-act
          at RelatedSubmissionsPane (C:\Users\samhe\OneDrive\Desktop\Cleaned\fr
ontend\src\submissions\SubmissionTabs\SubmissionTabs.tsx:467:35)
          at div
          at div
          at SubmissionTabs (C:\Users\samhe\OneDrive\Desktop\Cleaned\frontend\s
rc\submissions\SubmissionTabs\SubmissionTabs.tsx:695:5)
          at basenameProp (C:\Users\samhe\OneDrive\Desktop\Cleaned\frontend\nod
e_modules\react-router\lib\components.tsx:421:13)
          at basename (C:\Users\samhe\OneDrive\Desktop\Cleaned\frontend\node_mo
dules\react-router\lib\components.tsx:225:3)

      478 |         
get<RelatedSubmissionRow[]>(`/api/submissions/${submissionId}/related`)
      479 |             .then((result) => {
    > 480 |                 setRows(result)
          |                 ^
      481 |                 setLoaded(true)
      482 |             })
      483 |             .catch((err: Error) => {

      at printWarning 
(node_modules/react-dom/cjs/react-dom.development.js:86:30)
      at error (node_modules/react-dom/cjs/react-dom.development.js:60:7)
      at warnIfUpdatesNotWrappedWithActDEV 
(node_modules/react-dom/cjs/react-dom.development.js:27628:9)
      at scheduleUpdateOnFiber 
(node_modules/react-dom/cjs/react-dom.development.js:25547:5)
      at dispatchSetState 
(node_modules/react-dom/cjs/react-dom.development.js:16708:7)
      at src/submissions/SubmissionTabs/SubmissionTabs.tsx:480:17

    console.error
      Warning: An update to RelatedSubmissionsPane inside a test was not 
wrapped in act(...).
      
      When testing, code that causes React state updates should be wrapped 
into act(...):
      
      act(() => {
        /* fire events that update state */
      });
      /* assert on the output */
      
      This ensures that you're testing the behavior the user would see in the 
browser. Learn more at https://reactjs.org/link/wrap-tests-with-act
          at RelatedSubmissionsPane (C:\Users\samhe\OneDrive\Desktop\Cleaned\fr
ontend\src\submissions\SubmissionTabs\SubmissionTabs.tsx:467:35)
          at div
          at div
          at SubmissionTabs (C:\Users\samhe\OneDrive\Desktop\Cleaned\frontend\s
rc\submissions\SubmissionTabs\SubmissionTabs.tsx:695:5)
          at basenameProp (C:\Users\samhe\OneDrive\Desktop\Cleaned\frontend\nod
e_modules\react-router\lib\components.tsx:421:13)
          at basename (C:\Users\samhe\OneDrive\Desktop\Cleaned\frontend\node_mo
dules\react-router\lib\components.tsx:225:3)

      479 |             .then((result) => {
      480 |                 setRows(result)
    > 481 |                 setLoaded(true)
          |                 ^
      482 |             })
      483 |             .catch((err: Error) => {
      484 |                 setError(err.message ?? 'Failed to load related 
submissions.')

      at printWarning 
(node_modules/react-dom/cjs/react-dom.development.js:86:30)
      at error (node_modules/react-dom/cjs/react-dom.development.js:60:7)
      at warnIfUpdatesNotWrappedWithActDEV 
(node_modules/react-dom/cjs/react-dom.development.js:27628:9)
      at scheduleUpdateOnFiber 
(node_modules/react-dom/cjs/react-dom.development.js:25547:5)
      at dispatchSetState 
(node_modules/react-dom/cjs/react-dom.development.js:16708:7)
      at src/submissions/SubmissionTabs/SubmissionTabs.tsx:481:17

    console.error
      Warning: An update to RelatedSubmissionsPane inside a test was not 
wrapped in act(...).
      
      When testing, code that causes React state updates should be wrapped 
into act(...):
      
      act(() => {
        /* fire events that update state */
      });
      /* assert on the output */
      
      This ensures that you're testing the behavior the user would see in the 
browser. Learn more at https://reactjs.org/link/wrap-tests-with-act
          at RelatedSubmissionsPane (C:\Users\samhe\OneDrive\Desktop\Cleaned\fr
ontend\src\submissions\SubmissionTabs\SubmissionTabs.tsx:467:35)
          at div
          at div
          at SubmissionTabs (C:\Users\samhe\OneDrive\Desktop\Cleaned\frontend\s
rc\submissions\SubmissionTabs\SubmissionTabs.tsx:695:5)
          at basenameProp (C:\Users\samhe\OneDrive\Desktop\Cleaned\frontend\nod
e_modules\react-router\lib\components.tsx:421:13)
          at basename (C:\Users\samhe\OneDrive\Desktop\Cleaned\frontend\node_mo
dules\react-router\lib\components.tsx:225:3)

      486 |                 addNotification('Could not load related 
submissions.', 'error')
      487 |             })
    > 488 |             .finally(() => setLoading(false))
          |                            ^
      489 |     }, [active, loaded, loading, submissionId, addNotification])
      490 |
      491 |     async function removeLink(relatedId: number) {

      at printWarning 
(node_modules/react-dom/cjs/react-dom.development.js:86:30)
      at error (node_modules/react-dom/cjs/react-dom.development.js:60:7)
      at warnIfUpdatesNotWrappedWithActDEV 
(node_modules/react-dom/cjs/react-dom.development.js:27628:9)
      at scheduleUpdateOnFiber 
(node_modules/react-dom/cjs/react-dom.development.js:25547:5)
      at dispatchSetState 
(node_modules/react-dom/cjs/react-dom.development.js:16708:7)
      at src/submissions/SubmissionTabs/SubmissionTabs.tsx:488:28

    console.error
      Warning: An update to RelatedSubmissionsPane inside a test was not 
wrapped in act(...).
      
      When testing, code that causes React state updates should be wrapped 
into act(...):
      
      act(() => {
        /* fire events that update state */
      });
      /* assert on the output */
      
      This ensures that you're testing the behavior the user would see in the 
browser. Learn more at https://reactjs.org/link/wrap-tests-with-act
          at RelatedSubmissionsPane (C:\Users\samhe\OneDrive\Desktop\Cleaned\fr
ontend\src\submissions\SubmissionTabs\SubmissionTabs.tsx:467:35)
          at div
          at div
          at SubmissionTabs (C:\Users\samhe\OneDrive\Desktop\Cleaned\frontend\s
rc\submissions\SubmissionTabs\SubmissionTabs.tsx:695:5)
          at basenameProp (C:\Users\samhe\OneDrive\Desktop\Cleaned\frontend\nod
e_modules\react-router\lib\components.tsx:421:13)
          at basename (C:\Users\samhe\OneDrive\Desktop\Cleaned\frontend\node_mo
dules\react-router\lib\components.tsx:225:3)

      492 |         try {
      493 |             await 
del(`/api/submissions/${submissionId}/related/${relatedId}`)
    > 494 |             setRows((current) => current.filter((row) => row.id 
!== relatedId))
          |             ^
      495 |         } catch (err) {
      496 |             const message = err instanceof Error ? err.message : 
'Failed to remove related submission.'
      497 |             addNotification(`Could not remove related submission: 
${message}`, 'error')

      at printWarning 
(node_modules/react-dom/cjs/react-dom.development.js:86:30)
      at error (node_modules/react-dom/cjs/react-dom.development.js:60:7)
      at warnIfUpdatesNotWrappedWithActDEV 
(node_modules/react-dom/cjs/react-dom.development.js:27628:9)
      at scheduleUpdateOnFiber 
(node_modules/react-dom/cjs/react-dom.development.js:25547:5)
      at dispatchSetState 
(node_modules/react-dom/cjs/react-dom.development.js:16708:7)
      at removeLink (src/submissions/SubmissionTabs/SubmissionTabs.tsx:494:13)

    console.error
      Warning: An update to AuditPane inside a test was not wrapped in 
act(...).
      
      When testing, code that causes React state updates should be wrapped 
into act(...):
      
      act(() => {
        /* fire events that update state */
      });
      /* assert on the output */
      
      This ensures that you're testing the behavior the user would see in the 
browser. Learn more at https://reactjs.org/link/wrap-tests-with-act
          at AuditPane (C:\Users\samhe\OneDrive\Desktop\Cleaned\frontend\src\su
bmissions\SubmissionTabs\SubmissionTabs.tsx:573:22)
          at div
          at div
          at SubmissionTabs (C:\Users\samhe\OneDrive\Desktop\Cleaned\frontend\s
rc\submissions\SubmissionTabs\SubmissionTabs.tsx:695:5)
          at basenameProp (C:\Users\samhe\OneDrive\Desktop\Cleaned\frontend\nod
e_modules\react-router\lib\components.tsx:421:13)
          at basename (C:\Users\samhe\OneDrive\Desktop\Cleaned\frontend\node_mo
dules\react-router\lib\components.tsx:225:3)

      at printWarning 
(node_modules/react-dom/cjs/react-dom.development.js:86:30)
      at error (node_modules/react-dom/cjs/react-dom.development.js:60:7)
      at warnIfUpdatesNotWrappedWithActDEV 
(node_modules/react-dom/cjs/react-dom.development.js:27628:9)
      at scheduleUpdateOnFiber 
(node_modules/react-dom/cjs/react-dom.development.js:25547:5)
      at dispatchSetState 
(node_modules/react-dom/cjs/react-dom.development.js:16708:7)

    console.error
      Warning: An update to AuditPane inside a test was not wrapped in 
act(...).
      
      When testing, code that causes React state updates should be wrapped 
into act(...):
      
      act(() => {
        /* fire events that update state */
      });
      /* assert on the output */
      
      This ensures that you're testing the behavior the user would see in the 
browser. Learn more at https://reactjs.org/link/wrap-tests-with-act
          at AuditPane (C:\Users\samhe\OneDrive\Desktop\Cleaned\frontend\src\su
bmissions\SubmissionTabs\SubmissionTabs.tsx:573:22)
          at div
          at div
          at SubmissionTabs (C:\Users\samhe\OneDrive\Desktop\Cleaned\frontend\s
rc\submissions\SubmissionTabs\SubmissionTabs.tsx:695:5)
          at basenameProp (C:\Users\samhe\OneDrive\Desktop\Cleaned\frontend\nod
e_modules\react-router\lib\components.tsx:421:13)
          at basename (C:\Users\samhe\OneDrive\Desktop\Cleaned\frontend\node_mo
dules\react-router\lib\components.tsx:225:3)

      583 |                 addNotification('Could not load audit trail.', 
'error')
      584 |             })
    > 585 |             .finally(() => setLoading(false))
          |                            ^
      586 |     }, [submissionId, addNotification])
      587 |
      588 |     if (loading) {

      at printWarning 
(node_modules/react-dom/cjs/react-dom.development.js:86:30)
      at error (node_modules/react-dom/cjs/react-dom.development.js:60:7)
      at warnIfUpdatesNotWrappedWithActDEV 
(node_modules/react-dom/cjs/react-dom.development.js:27628:9)
      at scheduleUpdateOnFiber 
(node_modules/react-dom/cjs/react-dom.development.js:25547:5)
      at dispatchSetState 
(node_modules/react-dom/cjs/react-dom.development.js:16708:7)
      at src/submissions/SubmissionTabs/SubmissionTabs.tsx:585:28

    console.error
      Warning: An update to SubmissionTabs inside a test was not wrapped in 
act(...).
      
      When testing, code that causes React state updates should be wrapped 
into act(...):
      
      act(() => {
        /* fire events that update state */
      });
      /* assert on the output */
      
      This ensures that you're testing the behavior the user would see in the 
browser. Learn more at https://reactjs.org/link/wrap-tests-with-act
          at SubmissionTabs (C:\Users\samhe\OneDrive\Desktop\Cleaned\frontend\s
rc\submissions\SubmissionTabs\SubmissionTabs.tsx:695:5)
          at basenameProp (C:\Users\samhe\OneDrive\Desktop\Cleaned\frontend\nod
e_modules\react-router\lib\components.tsx:421:13)
          at basename (C:\Users\samhe\OneDrive\Desktop\Cleaned\frontend\node_mo
dules\react-router\lib\components.tsx:225:3)

      711 |                         role="tab"
      712 |                         aria-selected={activeTab === tab}
    > 713 |                         onClick={() => setActiveTab(tab)}
          |                                        ^
      714 |                         className={`px-4 py-2 -mb-px text-sm 
font-medium border-b-2 transition-colors ${activeTab === tab
      715 |                                 ? 'border-brand-500 text-brand-600'
      716 |                                 : 'border-transparent 
text-gray-500 hover:text-brand-500'

      at printWarning 
(node_modules/react-dom/cjs/react-dom.development.js:86:30)
      at error (node_modules/react-dom/cjs/react-dom.development.js:60:7)
      at warnIfUpdatesNotWrappedWithActDEV 
(node_modules/react-dom/cjs/react-dom.development.js:27628:9)
      at scheduleUpdateOnFiber 
(node_modules/react-dom/cjs/react-dom.development.js:25547:5)
      at dispatchSetState 
(node_modules/react-dom/cjs/react-dom.development.js:16708:7)
      at onClick (src/submissions/SubmissionTabs/SubmissionTabs.tsx:713:40)
      at HTMLUnknownElement.callCallback 
(node_modules/react-dom/cjs/react-dom.development.js:4164:14)
      at HTMLUnknownElement.callTheUserObjectsOperation 
(node_modules/jsdom/lib/jsdom/living/generated/EventListener.js:26:30)
      at innerInvokeEventListeners 
(node_modules/jsdom/lib/jsdom/living/events/EventTarget-impl.js:350:25)
      at invokeEventListeners 
(node_modules/jsdom/lib/jsdom/living/events/EventTarget-impl.js:286:3)
      at HTMLUnknownElementImpl._dispatch 
(node_modules/jsdom/lib/jsdom/living/events/EventTarget-impl.js:233:9)
      at HTMLUnknownElementImpl.dispatchEvent 
(node_modules/jsdom/lib/jsdom/living/events/EventTarget-impl.js:104:17)
      at HTMLUnknownElement.dispatchEvent 
(node_modules/jsdom/lib/jsdom/living/generated/EventTarget.js:241:34)
      at Object.invokeGuardedCallbackDev 
(node_modules/react-dom/cjs/react-dom.development.js:4213:16)
      at invokeGuardedCallback 
(node_modules/react-dom/cjs/react-dom.development.js:4277:31)
      at invokeGuardedCallbackAndCatchFirstError 
(node_modules/react-dom/cjs/react-dom.development.js:4291:25)
      at executeDispatch 
(node_modules/react-dom/cjs/react-dom.development.js:9041:3)
      at processDispatchQueueItemsInOrder 
(node_modules/react-dom/cjs/react-dom.development.js:9073:7)
      at processDispatchQueue 
(node_modules/react-dom/cjs/react-dom.development.js:9086:5)
      at dispatchEventsForPlugins 
(node_modules/react-dom/cjs/react-dom.development.js:9097:3)
      at node_modules/react-dom/cjs/react-dom.development.js:9288:12
      at batchedUpdates$1 
(node_modules/react-dom/cjs/react-dom.development.js:26179:12)
      at batchedUpdates 
(node_modules/react-dom/cjs/react-dom.development.js:3991:12)
      at dispatchEventForPluginEventSystem 
(node_modules/react-dom/cjs/react-dom.development.js:9287:3)
      at dispatchEventWithEnableCapturePhaseSelectiveHydrationWithoutDiscreteEv
entReplay (node_modules/react-dom/cjs/react-dom.development.js:6465:5)
      at dispatchEvent 
(node_modules/react-dom/cjs/react-dom.development.js:6457:5)
      at dispatchDiscreteEvent 
(node_modules/react-dom/cjs/react-dom.development.js:6430:5)
      at HTMLDivElement.callTheUserObjectsOperation 
(node_modules/jsdom/lib/jsdom/living/generated/EventListener.js:26:30)
      at innerInvokeEventListeners 
(node_modules/jsdom/lib/jsdom/living/events/EventTarget-impl.js:350:25)
      at invokeEventListeners 
(node_modules/jsdom/lib/jsdom/living/events/EventTarget-impl.js:286:3)
      at HTMLButtonElementImpl._dispatch 
(node_modules/jsdom/lib/jsdom/living/events/EventTarget-impl.js:233:9)
      at HTMLButtonElementImpl.dispatchEvent 
(node_modules/jsdom/lib/jsdom/living/events/EventTarget-impl.js:104:17)
      at HTMLButtonElement.dispatchEvent 
(node_modules/jsdom/lib/jsdom/living/generated/EventTarget.js:241:34)
      at 
node_modules/@testing-library/user-event/dist/cjs/event/dispatchEvent.js:45:43
      at Object.eventWrapper 
(node_modules/@testing-library/dom/dist/config.js:25:23)
      at Object.wrapEvent 
(node_modules/@testing-library/user-event/dist/cjs/event/wrapEvent.js:6:28)
      at Object.dispatchEvent (node_modules/@testing-library/user-event/dist/cj
s/event/dispatchEvent.js:45:22)
      at Object.dispatchUIEvent (node_modules/@testing-library/user-event/dist/
cjs/event/dispatchEvent.js:22:26)
      at Mouse.up (node_modules/@testing-library/user-event/dist/cjs/system/poi
nter/mouse.js:100:30)
      at PointerHost.release (node_modules/@testing-library/user-event/dist/cjs
/system/pointer/index.js:87:24)
      at pointerAction 
(node_modules/@testing-library/user-event/dist/cjs/pointer/index.js:54:47)
      at Object.pointer 
(node_modules/@testing-library/user-event/dist/cjs/pointer/index.js:27:9)
      at Object.<anonymous> 
(src/submissions/SubmissionTabs/__tests__/SubmissionTabs.test.tsx:542:9)

    console.error
      Warning: An update to RelatedSubmissionsPane inside a test was not 
wrapped in act(...).
      
      When testing, code that causes React state updates should be wrapped 
into act(...):
      
      act(() => {
        /* fire events that update state */
      });
      /* assert on the output */
      
      This ensures that you're testing the behavior the user would see in the 
browser. Learn more at https://reactjs.org/link/wrap-tests-with-act
          at RelatedSubmissionsPane (C:\Users\samhe\OneDrive\Desktop\Cleaned\fr
ontend\src\submissions\SubmissionTabs\SubmissionTabs.tsx:467:35)
          at div
          at div
          at SubmissionTabs (C:\Users\samhe\OneDrive\Desktop\Cleaned\frontend\s
rc\submissions\SubmissionTabs\SubmissionTabs.tsx:695:5)
          at basenameProp (C:\Users\samhe\OneDrive\Desktop\Cleaned\frontend\nod
e_modules\react-router\lib\components.tsx:421:13)
          at basename (C:\Users\samhe\OneDrive\Desktop\Cleaned\frontend\node_mo
dules\react-router\lib\components.tsx:225:3)

      475 |     useEffect(() => {
      476 |         if (!active || loaded || loading) return
    > 477 |         setLoading(true)
          |         ^
      478 |         
get<RelatedSubmissionRow[]>(`/api/submissions/${submissionId}/related`)
      479 |             .then((result) => {
      480 |                 setRows(result)

      at printWarning 
(node_modules/react-dom/cjs/react-dom.development.js:86:30)
      at error (node_modules/react-dom/cjs/react-dom.development.js:60:7)
      at warnIfUpdatesNotWrappedWithActDEV 
(node_modules/react-dom/cjs/react-dom.development.js:27628:9)
      at scheduleUpdateOnFiber 
(node_modules/react-dom/cjs/react-dom.development.js:25547:5)
      at dispatchSetState 
(node_modules/react-dom/cjs/react-dom.development.js:16708:7)
      at src/submissions/SubmissionTabs/SubmissionTabs.tsx:477:9
      at commitHookEffectListMount 
(node_modules/react-dom/cjs/react-dom.development.js:23189:26)
      at commitPassiveMountOnFiber 
(node_modules/react-dom/cjs/react-dom.development.js:24970:11)
      at commitPassiveMountEffects_complete 
(node_modules/react-dom/cjs/react-dom.development.js:24930:9)
      at commitPassiveMountEffects_begin 
(node_modules/react-dom/cjs/react-dom.development.js:24917:7)
      at commitPassiveMountEffects 
(node_modules/react-dom/cjs/react-dom.development.js:24905:3)
      at flushPassiveEffectsImpl 
(node_modules/react-dom/cjs/react-dom.development.js:27078:3)
      at flushPassiveEffects 
(node_modules/react-dom/cjs/react-dom.development.js:27023:14)
      at commitRootImpl 
(node_modules/react-dom/cjs/react-dom.development.js:26974:5)
      at commitRoot 
(node_modules/react-dom/cjs/react-dom.development.js:26721:5)
      at performSyncWorkOnRoot 
(node_modules/react-dom/cjs/react-dom.development.js:26156:3)
      at flushSyncCallbacks 
(node_modules/react-dom/cjs/react-dom.development.js:12042:22)
      at node_modules/react-dom/cjs/react-dom.development.js:25690:13
      at invokeTheCallbackFunction 
(node_modules/jsdom/lib/jsdom/living/generated/Function.js:19:26)
      at node_modules/jsdom/lib/jsdom/browser/Window.js:554:9

    console.error
      Warning: An update to RelatedSubmissionsPane inside a test was not 
wrapped in act(...).
      
      When testing, code that causes React state updates should be wrapped 
into act(...):
      
      act(() => {
        /* fire events that update state */
      });
      /* assert on the output */
      
      This ensures that you're testing the behavior the user would see in the 
browser. Learn more at https://reactjs.org/link/wrap-tests-with-act
          at RelatedSubmissionsPane (C:\Users\samhe\OneDrive\Desktop\Cleaned\fr
ontend\src\submissions\SubmissionTabs\SubmissionTabs.tsx:467:35)
          at div
          at div
          at SubmissionTabs (C:\Users\samhe\OneDrive\Desktop\Cleaned\frontend\s
rc\submissions\SubmissionTabs\SubmissionTabs.tsx:695:5)
          at basenameProp (C:\Users\samhe\OneDrive\Desktop\Cleaned\frontend\nod
e_modules\react-router\lib\components.tsx:421:13)
          at basename (C:\Users\samhe\OneDrive\Desktop\Cleaned\frontend\node_mo
dules\react-router\lib\components.tsx:225:3)

      478 |         
get<RelatedSubmissionRow[]>(`/api/submissions/${submissionId}/related`)
      479 |             .then((result) => {
    > 480 |                 setRows(result)
          |                 ^
      481 |                 setLoaded(true)
      482 |             })
      483 |             .catch((err: Error) => {

      at printWarning 
(node_modules/react-dom/cjs/react-dom.development.js:86:30)
      at error (node_modules/react-dom/cjs/react-dom.development.js:60:7)
      at warnIfUpdatesNotWrappedWithActDEV 
(node_modules/react-dom/cjs/react-dom.development.js:27628:9)
      at scheduleUpdateOnFiber 
(node_modules/react-dom/cjs/react-dom.development.js:25547:5)
      at dispatchSetState 
(node_modules/react-dom/cjs/react-dom.development.js:16708:7)
      at src/submissions/SubmissionTabs/SubmissionTabs.tsx:480:17

    console.error
      Warning: An update to RelatedSubmissionsPane inside a test was not 
wrapped in act(...).
      
      When testing, code that causes React state updates should be wrapped 
into act(...):
      
      act(() => {
        /* fire events that update state */
      });
      /* assert on the output */
      
      This ensures that you're testing the behavior the user would see in the 
browser. Learn more at https://reactjs.org/link/wrap-tests-with-act
          at RelatedSubmissionsPane (C:\Users\samhe\OneDrive\Desktop\Cleaned\fr
ontend\src\submissions\SubmissionTabs\SubmissionTabs.tsx:467:35)
          at div
          at div
          at SubmissionTabs (C:\Users\samhe\OneDrive\Desktop\Cleaned\frontend\s
rc\submissions\SubmissionTabs\SubmissionTabs.tsx:695:5)
          at basenameProp (C:\Users\samhe\OneDrive\Desktop\Cleaned\frontend\nod
e_modules\react-router\lib\components.tsx:421:13)
          at basename (C:\Users\samhe\OneDrive\Desktop\Cleaned\frontend\node_mo
dules\react-router\lib\components.tsx:225:3)

      479 |             .then((result) => {
      480 |                 setRows(result)
    > 481 |                 setLoaded(true)
          |                 ^
      482 |             })
      483 |             .catch((err: Error) => {
      484 |                 setError(err.message ?? 'Failed to load related 
submissions.')

      at printWarning 
(node_modules/react-dom/cjs/react-dom.development.js:86:30)
      at error (node_modules/react-dom/cjs/react-dom.development.js:60:7)
      at warnIfUpdatesNotWrappedWithActDEV 
(node_modules/react-dom/cjs/react-dom.development.js:27628:9)
      at scheduleUpdateOnFiber 
(node_modules/react-dom/cjs/react-dom.development.js:25547:5)
      at dispatchSetState 
(node_modules/react-dom/cjs/react-dom.development.js:16708:7)
      at src/submissions/SubmissionTabs/SubmissionTabs.tsx:481:17

    console.error
      Warning: An update to RelatedSubmissionsPane inside a test was not 
wrapped in act(...).
      
      When testing, code that causes React state updates should be wrapped 
into act(...):
      
      act(() => {
        /* fire events that update state */
      });
      /* assert on the output */
      
      This ensures that you're testing the behavior the user would see in the 
browser. Learn more at https://reactjs.org/link/wrap-tests-with-act
          at RelatedSubmissionsPane (C:\Users\samhe\OneDrive\Desktop\Cleaned\fr
ontend\src\submissions\SubmissionTabs\SubmissionTabs.tsx:467:35)
          at div
          at div
          at SubmissionTabs (C:\Users\samhe\OneDrive\Desktop\Cleaned\frontend\s
rc\submissions\SubmissionTabs\SubmissionTabs.tsx:695:5)
          at basenameProp (C:\Users\samhe\OneDrive\Desktop\Cleaned\frontend\nod
e_modules\react-router\lib\components.tsx:421:13)
          at basename (C:\Users\samhe\OneDrive\Desktop\Cleaned\frontend\node_mo
dules\react-router\lib\components.tsx:225:3)

      486 |                 addNotification('Could not load related 
submissions.', 'error')
      487 |             })
    > 488 |             .finally(() => setLoading(false))
          |                            ^
      489 |     }, [active, loaded, loading, submissionId, addNotification])
      490 |
      491 |     async function removeLink(relatedId: number) {

      at printWarning 
(node_modules/react-dom/cjs/react-dom.development.js:86:30)
      at error (node_modules/react-dom/cjs/react-dom.development.js:60:7)
      at warnIfUpdatesNotWrappedWithActDEV 
(node_modules/react-dom/cjs/react-dom.development.js:27628:9)
      at scheduleUpdateOnFiber 
(node_modules/react-dom/cjs/react-dom.development.js:25547:5)
      at dispatchSetState 
(node_modules/react-dom/cjs/react-dom.development.js:16708:7)
      at src/submissions/SubmissionTabs/SubmissionTabs.tsx:488:28

    console.error
      Warning: An update to RelatedSubmissionsPane inside a test was not 
wrapped in act(...).
      
      When testing, code that causes React state updates should be wrapped 
into act(...):
      
      act(() => {
        /* fire events that update state */
      });
      /* assert on the output */
      
      This ensures that you're testing the behavior the user would see in the 
browser. Learn more at https://reactjs.org/link/wrap-tests-with-act
          at RelatedSubmissionsPane (C:\Users\samhe\OneDrive\Desktop\Cleaned\fr
ontend\src\submissions\SubmissionTabs\SubmissionTabs.tsx:467:35)
          at div
          at div
          at SubmissionTabs (C:\Users\samhe\OneDrive\Desktop\Cleaned\frontend\s
rc\submissions\SubmissionTabs\SubmissionTabs.tsx:695:5)
          at basenameProp (C:\Users\samhe\OneDrive\Desktop\Cleaned\frontend\nod
e_modules\react-router\lib\components.tsx:421:13)
          at basename (C:\Users\samhe\OneDrive\Desktop\Cleaned\frontend\node_mo
dules\react-router\lib\components.tsx:225:3)

      516 |             <div className="flex items-center justify-between 
gap-3">
      517 |                 <h3 className="text-sm font-semibold 
text-gray-700">Related Submissions</h3>
    > 518 |                 <button type="button" onClick={() => 
setModalOpen(true)} className="px-3 py-2 rounded-md text-sm font-medium border 
border-gray-300 text-gray-700">
          |                                                      ^
      519 |                     Link Submission
      520 |                 </button>
      521 |             </div>

      at printWarning 
(node_modules/react-dom/cjs/react-dom.development.js:86:30)
      at error (node_modules/react-dom/cjs/react-dom.development.js:60:7)
      at warnIfUpdatesNotWrappedWithActDEV 
(node_modules/react-dom/cjs/react-dom.development.js:27628:9)
      at scheduleUpdateOnFiber 
(node_modules/react-dom/cjs/react-dom.development.js:25547:5)
      at dispatchSetState 
(node_modules/react-dom/cjs/react-dom.development.js:16708:7)
      at onClick (src/submissions/SubmissionTabs/SubmissionTabs.tsx:518:54)
      at HTMLUnknownElement.callCallback 
(node_modules/react-dom/cjs/react-dom.development.js:4164:14)
      at HTMLUnknownElement.callTheUserObjectsOperation 
(node_modules/jsdom/lib/jsdom/living/generated/EventListener.js:26:30)
      at innerInvokeEventListeners 
(node_modules/jsdom/lib/jsdom/living/events/EventTarget-impl.js:350:25)
      at invokeEventListeners 
(node_modules/jsdom/lib/jsdom/living/events/EventTarget-impl.js:286:3)
      at HTMLUnknownElementImpl._dispatch 
(node_modules/jsdom/lib/jsdom/living/events/EventTarget-impl.js:233:9)
      at HTMLUnknownElementImpl.dispatchEvent 
(node_modules/jsdom/lib/jsdom/living/events/EventTarget-impl.js:104:17)
      at HTMLUnknownElement.dispatchEvent 
(node_modules/jsdom/lib/jsdom/living/generated/EventTarget.js:241:34)
      at Object.invokeGuardedCallbackDev 
(node_modules/react-dom/cjs/react-dom.development.js:4213:16)
      at invokeGuardedCallback 
(node_modules/react-dom/cjs/react-dom.development.js:4277:31)
      at invokeGuardedCallbackAndCatchFirstError 
(node_modules/react-dom/cjs/react-dom.development.js:4291:25)
      at executeDispatch 
(node_modules/react-dom/cjs/react-dom.development.js:9041:3)
      at processDispatchQueueItemsInOrder 
(node_modules/react-dom/cjs/react-dom.development.js:9073:7)
      at processDispatchQueue 
(node_modules/react-dom/cjs/react-dom.development.js:9086:5)
      at dispatchEventsForPlugins 
(node_modules/react-dom/cjs/react-dom.development.js:9097:3)
      at node_modules/react-dom/cjs/react-dom.development.js:9288:12
      at batchedUpdates$1 
(node_modules/react-dom/cjs/react-dom.development.js:26179:12)
      at batchedUpdates 
(node_modules/react-dom/cjs/react-dom.development.js:3991:12)
      at dispatchEventForPluginEventSystem 
(node_modules/react-dom/cjs/react-dom.development.js:9287:3)
      at dispatchEventWithEnableCapturePhaseSelectiveHydrationWithoutDiscreteEv
entReplay (node_modules/react-dom/cjs/react-dom.development.js:6465:5)
      at dispatchEvent 
(node_modules/react-dom/cjs/react-dom.development.js:6457:5)
      at dispatchDiscreteEvent 
(node_modules/react-dom/cjs/react-dom.development.js:6430:5)
      at HTMLDivElement.callTheUserObjectsOperation 
(node_modules/jsdom/lib/jsdom/living/generated/EventListener.js:26:30)
      at innerInvokeEventListeners 
(node_modules/jsdom/lib/jsdom/living/events/EventTarget-impl.js:350:25)
      at invokeEventListeners 
(node_modules/jsdom/lib/jsdom/living/events/EventTarget-impl.js:286:3)
      at HTMLButtonElementImpl._dispatch 
(node_modules/jsdom/lib/jsdom/living/events/EventTarget-impl.js:233:9)
      at HTMLButtonElementImpl.dispatchEvent 
(node_modules/jsdom/lib/jsdom/living/events/EventTarget-impl.js:104:17)
      at HTMLButtonElement.dispatchEvent 
(node_modules/jsdom/lib/jsdom/living/generated/EventTarget.js:241:34)
      at 
node_modules/@testing-library/user-event/dist/cjs/event/dispatchEvent.js:45:43
      at Object.eventWrapper 
(node_modules/@testing-library/dom/dist/config.js:25:23)
      at Object.wrapEvent 
(node_modules/@testing-library/user-event/dist/cjs/event/wrapEvent.js:6:28)
      at Object.dispatchEvent (node_modules/@testing-library/user-event/dist/cj
s/event/dispatchEvent.js:45:22)
      at Object.dispatchUIEvent (node_modules/@testing-library/user-event/dist/
cjs/event/dispatchEvent.js:22:26)
      at Mouse.up (node_modules/@testing-library/user-event/dist/cjs/system/poi
nter/mouse.js:100:30)
      at PointerHost.release (node_modules/@testing-library/user-event/dist/cjs
/system/pointer/index.js:87:24)
      at pointerAction 
(node_modules/@testing-library/user-event/dist/cjs/pointer/index.js:54:47)
      at Object.pointer 
(node_modules/@testing-library/user-event/dist/cjs/pointer/index.js:27:9)
      at Object.<anonymous> 
(src/submissions/SubmissionTabs/__tests__/SubmissionTabs.test.tsx:546:9)

    console.error
      Warning: An update to RelatedSubmissionSearchModal inside a test was not 
wrapped in act(...).
      
      When testing, code that causes React state updates should be wrapped 
into act(...):
      
      act(() => {
        /* fire events that update state */
      });
      /* assert on the output */
      
      This ensures that you're testing the behavior the user would see in the 
browser. Learn more at https://reactjs.org/link/wrap-tests-with-act
          at RelatedSubmissionSearchModal (C:\Users\samhe\OneDrive\Desktop\Clea
ned\frontend\src\submissions\SubmissionTabs\SubmissionTabs.tsx:364:5)
          at div
          at RelatedSubmissionsPane (C:\Users\samhe\OneDrive\Desktop\Cleaned\fr
ontend\src\submissions\SubmissionTabs\SubmissionTabs.tsx:467:35)
          at div
          at div
          at SubmissionTabs (C:\Users\samhe\OneDrive\Desktop\Cleaned\frontend\s
rc\submissions\SubmissionTabs\SubmissionTabs.tsx:695:5)
          at basenameProp (C:\Users\samhe\OneDrive\Desktop\Cleaned\frontend\nod
e_modules\react-router\lib\components.tsx:421:13)
          at basename (C:\Users\samhe\OneDrive\Desktop\Cleaned\frontend\node_mo
dules\react-router\lib\components.tsx:225:3)

      383 |         if (!isOpen) return
      384 |         let cancelled = false
    > 385 |         setLoading(true)
          |         ^
      386 |         setError(null)
      387 |         get<RelatedSubmissionRow[]>('/api/submissions')
      388 |             .then((result) => {

      at printWarning 
(node_modules/react-dom/cjs/react-dom.development.js:86:30)
      at error (node_modules/react-dom/cjs/react-dom.development.js:60:7)
      at warnIfUpdatesNotWrappedWithActDEV 
(node_modules/react-dom/cjs/react-dom.development.js:27628:9)
      at scheduleUpdateOnFiber 
(node_modules/react-dom/cjs/react-dom.development.js:25547:5)
      at dispatchSetState 
(node_modules/react-dom/cjs/react-dom.development.js:16708:7)
      at src/submissions/SubmissionTabs/SubmissionTabs.tsx:385:9
      at commitHookEffectListMount 
(node_modules/react-dom/cjs/react-dom.development.js:23189:26)
      at commitPassiveMountOnFiber 
(node_modules/react-dom/cjs/react-dom.development.js:24970:11)
      at commitPassiveMountEffects_complete 
(node_modules/react-dom/cjs/react-dom.development.js:24930:9)
      at commitPassiveMountEffects_begin 
(node_modules/react-dom/cjs/react-dom.development.js:24917:7)
      at commitPassiveMountEffects 
(node_modules/react-dom/cjs/react-dom.development.js:24905:3)
      at flushPassiveEffectsImpl 
(node_modules/react-dom/cjs/react-dom.development.js:27078:3)
      at flushPassiveEffects 
(node_modules/react-dom/cjs/react-dom.development.js:27023:14)
      at commitRootImpl 
(node_modules/react-dom/cjs/react-dom.development.js:26974:5)
      at commitRoot 
(node_modules/react-dom/cjs/react-dom.development.js:26721:5)
      at performSyncWorkOnRoot 
(node_modules/react-dom/cjs/react-dom.development.js:26156:3)
      at flushSyncCallbacks 
(node_modules/react-dom/cjs/react-dom.development.js:12042:22)
      at node_modules/react-dom/cjs/react-dom.development.js:25690:13
      at invokeTheCallbackFunction 
(node_modules/jsdom/lib/jsdom/living/generated/Function.js:19:26)
      at node_modules/jsdom/lib/jsdom/browser/Window.js:554:9

    console.error
      Warning: An update to RelatedSubmissionSearchModal inside a test was not 
wrapped in act(...).
      
      When testing, code that causes React state updates should be wrapped 
into act(...):
      
      act(() => {
        /* fire events that update state */
      });
      /* assert on the output */
      
      This ensures that you're testing the behavior the user would see in the 
browser. Learn more at https://reactjs.org/link/wrap-tests-with-act
          at RelatedSubmissionSearchModal (C:\Users\samhe\OneDrive\Desktop\Clea
ned\frontend\src\submissions\SubmissionTabs\SubmissionTabs.tsx:364:5)
          at div
          at RelatedSubmissionsPane (C:\Users\samhe\OneDrive\Desktop\Cleaned\fr
ontend\src\submissions\SubmissionTabs\SubmissionTabs.tsx:467:35)
          at div
          at div
          at SubmissionTabs (C:\Users\samhe\OneDrive\Desktop\Cleaned\frontend\s
rc\submissions\SubmissionTabs\SubmissionTabs.tsx:695:5)
          at basenameProp (C:\Users\samhe\OneDrive\Desktop\Cleaned\frontend\nod
e_modules\react-router\lib\components.tsx:421:13)
          at basename (C:\Users\samhe\OneDrive\Desktop\Cleaned\frontend\node_mo
dules\react-router\lib\components.tsx:225:3)

      384 |         let cancelled = false
      385 |         setLoading(true)
    > 386 |         setError(null)
          |         ^
      387 |         get<RelatedSubmissionRow[]>('/api/submissions')
      388 |             .then((result) => {
      389 |                 if (!cancelled) setRows(result)

      at printWarning 
(node_modules/react-dom/cjs/react-dom.development.js:86:30)
      at error (node_modules/react-dom/cjs/react-dom.development.js:60:7)
      at warnIfUpdatesNotWrappedWithActDEV 
(node_modules/react-dom/cjs/react-dom.development.js:27628:9)
      at scheduleUpdateOnFiber 
(node_modules/react-dom/cjs/react-dom.development.js:25547:5)
      at dispatchSetState 
(node_modules/react-dom/cjs/react-dom.development.js:16708:7)
      at src/submissions/SubmissionTabs/SubmissionTabs.tsx:386:9
      at commitHookEffectListMount 
(node_modules/react-dom/cjs/react-dom.development.js:23189:26)
      at commitPassiveMountOnFiber 
(node_modules/react-dom/cjs/react-dom.development.js:24970:11)
      at commitPassiveMountEffects_complete 
(node_modules/react-dom/cjs/react-dom.development.js:24930:9)
      at commitPassiveMountEffects_begin 
(node_modules/react-dom/cjs/react-dom.development.js:24917:7)
      at commitPassiveMountEffects 
(node_modules/react-dom/cjs/react-dom.development.js:24905:3)
      at flushPassiveEffectsImpl 
(node_modules/react-dom/cjs/react-dom.development.js:27078:3)
      at flushPassiveEffects 
(node_modules/react-dom/cjs/react-dom.development.js:27023:14)
      at commitRootImpl 
(node_modules/react-dom/cjs/react-dom.development.js:26974:5)
      at commitRoot 
(node_modules/react-dom/cjs/react-dom.development.js:26721:5)
      at performSyncWorkOnRoot 
(node_modules/react-dom/cjs/react-dom.development.js:26156:3)
      at flushSyncCallbacks 
(node_modules/react-dom/cjs/react-dom.development.js:12042:22)
      at node_modules/react-dom/cjs/react-dom.development.js:25690:13
      at invokeTheCallbackFunction 
(node_modules/jsdom/lib/jsdom/living/generated/Function.js:19:26)
      at node_modules/jsdom/lib/jsdom/browser/Window.js:554:9

    console.error
      Warning: An update to RelatedSubmissionSearchModal inside a test was not 
wrapped in act(...).
      
      When testing, code that causes React state updates should be wrapped 
into act(...):
      
      act(() => {
        /* fire events that update state */
      });
      /* assert on the output */
      
      This ensures that you're testing the behavior the user would see in the 
browser. Learn more at https://reactjs.org/link/wrap-tests-with-act
          at RelatedSubmissionSearchModal (C:\Users\samhe\OneDrive\Desktop\Clea
ned\frontend\src\submissions\SubmissionTabs\SubmissionTabs.tsx:364:5)
          at div
          at RelatedSubmissionsPane (C:\Users\samhe\OneDrive\Desktop\Cleaned\fr
ontend\src\submissions\SubmissionTabs\SubmissionTabs.tsx:467:35)
          at div
          at div
          at SubmissionTabs (C:\Users\samhe\OneDrive\Desktop\Cleaned\frontend\s
rc\submissions\SubmissionTabs\SubmissionTabs.tsx:695:5)
          at basenameProp (C:\Users\samhe\OneDrive\Desktop\Cleaned\frontend\nod
e_modules\react-router\lib\components.tsx:421:13)
          at basename (C:\Users\samhe\OneDrive\Desktop\Cleaned\frontend\node_mo
dules\react-router\lib\components.tsx:225:3)

      387 |         get<RelatedSubmissionRow[]>('/api/submissions')
      388 |             .then((result) => {
    > 389 |                 if (!cancelled) setRows(result)
          |                                 ^
      390 |             })
      391 |             .catch((err: Error) => {
      392 |                 if (!cancelled) {

      at printWarning 
(node_modules/react-dom/cjs/react-dom.development.js:86:30)
      at error (node_modules/react-dom/cjs/react-dom.development.js:60:7)
      at warnIfUpdatesNotWrappedWithActDEV 
(node_modules/react-dom/cjs/react-dom.development.js:27628:9)
      at scheduleUpdateOnFiber 
(node_modules/react-dom/cjs/react-dom.development.js:25547:5)
      at dispatchSetState 
(node_modules/react-dom/cjs/react-dom.development.js:16708:7)
      at src/submissions/SubmissionTabs/SubmissionTabs.tsx:389:33

    console.error
      Warning: An update to RelatedSubmissionSearchModal inside a test was not 
wrapped in act(...).
      
      When testing, code that causes React state updates should be wrapped 
into act(...):
      
      act(() => {
        /* fire events that update state */
      });
      /* assert on the output */
      
      This ensures that you're testing the behavior the user would see in the 
browser. Learn more at https://reactjs.org/link/wrap-tests-with-act
          at RelatedSubmissionSearchModal (C:\Users\samhe\OneDrive\Desktop\Clea
ned\frontend\src\submissions\SubmissionTabs\SubmissionTabs.tsx:364:5)
          at div
          at RelatedSubmissionsPane (C:\Users\samhe\OneDrive\Desktop\Cleaned\fr
ontend\src\submissions\SubmissionTabs\SubmissionTabs.tsx:467:35)
          at div
          at div
          at SubmissionTabs (C:\Users\samhe\OneDrive\Desktop\Cleaned\frontend\s
rc\submissions\SubmissionTabs\SubmissionTabs.tsx:695:5)
          at basenameProp (C:\Users\samhe\OneDrive\Desktop\Cleaned\frontend\nod
e_modules\react-router\lib\components.tsx:421:13)
          at basename (C:\Users\samhe\OneDrive\Desktop\Cleaned\frontend\node_mo
dules\react-router\lib\components.tsx:225:3)

      396 |             })
      397 |             .finally(() => {
    > 398 |                 if (!cancelled) setLoading(false)
          |                                 ^
      399 |             })
      400 |         return () => {
      401 |             cancelled = true

      at printWarning 
(node_modules/react-dom/cjs/react-dom.development.js:86:30)
      at error (node_modules/react-dom/cjs/react-dom.development.js:60:7)
      at warnIfUpdatesNotWrappedWithActDEV 
(node_modules/react-dom/cjs/react-dom.development.js:27628:9)
      at scheduleUpdateOnFiber 
(node_modules/react-dom/cjs/react-dom.development.js:25547:5)
      at dispatchSetState 
(node_modules/react-dom/cjs/react-dom.development.js:16708:7)
      at src/submissions/SubmissionTabs/SubmissionTabs.tsx:398:33

    console.error
      Warning: An update to AuditPane inside a test was not wrapped in 
act(...).
      
      When testing, code that causes React state updates should be wrapped 
into act(...):
      
      act(() => {
        /* fire events that update state */
      });
      /* assert on the output */
      
      This ensures that you're testing the behavior the user would see in the 
browser. Learn more at https://reactjs.org/link/wrap-tests-with-act
          at AuditPane (C:\Users\samhe\OneDrive\Desktop\Cleaned\frontend\src\su
bmissions\SubmissionTabs\SubmissionTabs.tsx:573:22)
          at div
          at div
          at SubmissionTabs (C:\Users\samhe\OneDrive\Desktop\Cleaned\frontend\s
rc\submissions\SubmissionTabs\SubmissionTabs.tsx:695:5)
          at basenameProp (C:\Users\samhe\OneDrive\Desktop\Cleaned\frontend\nod
e_modules\react-router\lib\components.tsx:421:13)
          at basename (C:\Users\samhe\OneDrive\Desktop\Cleaned\frontend\node_mo
dules\react-router\lib\components.tsx:225:3)

      at printWarning 
(node_modules/react-dom/cjs/react-dom.development.js:86:30)
      at error (node_modules/react-dom/cjs/react-dom.development.js:60:7)
      at warnIfUpdatesNotWrappedWithActDEV 
(node_modules/react-dom/cjs/react-dom.development.js:27628:9)
      at scheduleUpdateOnFiber 
(node_modules/react-dom/cjs/react-dom.development.js:25547:5)
      at dispatchSetState 
(node_modules/react-dom/cjs/react-dom.development.js:16708:7)

    console.error
      Warning: An update to AuditPane inside a test was not wrapped in 
act(...).
      
      When testing, code that causes React state updates should be wrapped 
into act(...):
      
      act(() => {
        /* fire events that update state */
      });
      /* assert on the output */
      
      This ensures that you're testing the behavior the user would see in the 
browser. Learn more at https://reactjs.org/link/wrap-tests-with-act
          at AuditPane (C:\Users\samhe\OneDrive\Desktop\Cleaned\frontend\src\su
bmissions\SubmissionTabs\SubmissionTabs.tsx:573:22)
          at div
          at div
          at SubmissionTabs (C:\Users\samhe\OneDrive\Desktop\Cleaned\frontend\s
rc\submissions\SubmissionTabs\SubmissionTabs.tsx:695:5)
          at basenameProp (C:\Users\samhe\OneDrive\Desktop\Cleaned\frontend\nod
e_modules\react-router\lib\components.tsx:421:13)
          at basename (C:\Users\samhe\OneDrive\Desktop\Cleaned\frontend\node_mo
dules\react-router\lib\components.tsx:225:3)

      583 |                 addNotification('Could not load audit trail.', 
'error')
      584 |             })
    > 585 |             .finally(() => setLoading(false))
          |                            ^
      586 |     }, [submissionId, addNotification])
      587 |
      588 |     if (loading) {

      at printWarning 
(node_modules/react-dom/cjs/react-dom.development.js:86:30)
      at error (node_modules/react-dom/cjs/react-dom.development.js:60:7)
      at warnIfUpdatesNotWrappedWithActDEV 
(node_modules/react-dom/cjs/react-dom.development.js:27628:9)
      at scheduleUpdateOnFiber 
(node_modules/react-dom/cjs/react-dom.development.js:25547:5)
      at dispatchSetState 
(node_modules/react-dom/cjs/react-dom.development.js:16708:7)
      at src/submissions/SubmissionTabs/SubmissionTabs.tsx:585:28

    console.error
      Warning: An update to SubmissionTabs inside a test was not wrapped in 
act(...).
      
      When testing, code that causes React state updates should be wrapped 
into act(...):
      
      act(() => {
        /* fire events that update state */
      });
      /* assert on the output */
      
      This ensures that you're testing the behavior the user would see in the 
browser. Learn more at https://reactjs.org/link/wrap-tests-with-act
          at SubmissionTabs (C:\Users\samhe\OneDrive\Desktop\Cleaned\frontend\s
rc\submissions\SubmissionTabs\SubmissionTabs.tsx:695:5)
          at basenameProp (C:\Users\samhe\OneDrive\Desktop\Cleaned\frontend\nod
e_modules\react-router\lib\components.tsx:421:13)
          at basename (C:\Users\samhe\OneDrive\Desktop\Cleaned\frontend\node_mo
dules\react-router\lib\components.tsx:225:3)

      711 |                         role="tab"
      712 |                         aria-selected={activeTab === tab}
    > 713 |                         onClick={() => setActiveTab(tab)}
          |                                        ^
      714 |                         className={`px-4 py-2 -mb-px text-sm 
font-medium border-b-2 transition-colors ${activeTab === tab
      715 |                                 ? 'border-brand-500 text-brand-600'
      716 |                                 : 'border-transparent 
text-gray-500 hover:text-brand-500'

      at printWarning 
(node_modules/react-dom/cjs/react-dom.development.js:86:30)
      at error (node_modules/react-dom/cjs/react-dom.development.js:60:7)
      at warnIfUpdatesNotWrappedWithActDEV 
(node_modules/react-dom/cjs/react-dom.development.js:27628:9)
      at scheduleUpdateOnFiber 
(node_modules/react-dom/cjs/react-dom.development.js:25547:5)
      at dispatchSetState 
(node_modules/react-dom/cjs/react-dom.development.js:16708:7)
      at onClick (src/submissions/SubmissionTabs/SubmissionTabs.tsx:713:40)
      at HTMLUnknownElement.callCallback 
(node_modules/react-dom/cjs/react-dom.development.js:4164:14)
      at HTMLUnknownElement.callTheUserObjectsOperation 
(node_modules/jsdom/lib/jsdom/living/generated/EventListener.js:26:30)
      at innerInvokeEventListeners 
(node_modules/jsdom/lib/jsdom/living/events/EventTarget-impl.js:350:25)
      at invokeEventListeners 
(node_modules/jsdom/lib/jsdom/living/events/EventTarget-impl.js:286:3)
      at HTMLUnknownElementImpl._dispatch 
(node_modules/jsdom/lib/jsdom/living/events/EventTarget-impl.js:233:9)
      at HTMLUnknownElementImpl.dispatchEvent 
(node_modules/jsdom/lib/jsdom/living/events/EventTarget-impl.js:104:17)
      at HTMLUnknownElement.dispatchEvent 
(node_modules/jsdom/lib/jsdom/living/generated/EventTarget.js:241:34)
      at Object.invokeGuardedCallbackDev 
(node_modules/react-dom/cjs/react-dom.development.js:4213:16)
      at invokeGuardedCallback 
(node_modules/react-dom/cjs/react-dom.development.js:4277:31)
      at invokeGuardedCallbackAndCatchFirstError 
(node_modules/react-dom/cjs/react-dom.development.js:4291:25)
      at executeDispatch 
(node_modules/react-dom/cjs/react-dom.development.js:9041:3)
      at processDispatchQueueItemsInOrder 
(node_modules/react-dom/cjs/react-dom.development.js:9073:7)
      at processDispatchQueue 
(node_modules/react-dom/cjs/react-dom.development.js:9086:5)
      at dispatchEventsForPlugins 
(node_modules/react-dom/cjs/react-dom.development.js:9097:3)
      at node_modules/react-dom/cjs/react-dom.development.js:9288:12
      at batchedUpdates$1 
(node_modules/react-dom/cjs/react-dom.development.js:26179:12)
      at batchedUpdates 
(node_modules/react-dom/cjs/react-dom.development.js:3991:12)
      at dispatchEventForPluginEventSystem 
(node_modules/react-dom/cjs/react-dom.development.js:9287:3)
      at dispatchEventWithEnableCapturePhaseSelectiveHydrationWithoutDiscreteEv
entReplay (node_modules/react-dom/cjs/react-dom.development.js:6465:5)
      at dispatchEvent 
(node_modules/react-dom/cjs/react-dom.development.js:6457:5)
      at dispatchDiscreteEvent 
(node_modules/react-dom/cjs/react-dom.development.js:6430:5)
      at HTMLDivElement.callTheUserObjectsOperation 
(node_modules/jsdom/lib/jsdom/living/generated/EventListener.js:26:30)
      at innerInvokeEventListeners 
(node_modules/jsdom/lib/jsdom/living/events/EventTarget-impl.js:350:25)
      at invokeEventListeners 
(node_modules/jsdom/lib/jsdom/living/events/EventTarget-impl.js:286:3)
      at HTMLButtonElementImpl._dispatch 
(node_modules/jsdom/lib/jsdom/living/events/EventTarget-impl.js:233:9)
      at HTMLButtonElementImpl.dispatchEvent 
(node_modules/jsdom/lib/jsdom/living/events/EventTarget-impl.js:104:17)
      at HTMLButtonElement.dispatchEvent 
(node_modules/jsdom/lib/jsdom/living/generated/EventTarget.js:241:34)
      at 
node_modules/@testing-library/user-event/dist/cjs/event/dispatchEvent.js:45:43
      at Object.eventWrapper 
(node_modules/@testing-library/dom/dist/config.js:25:23)
      at Object.wrapEvent 
(node_modules/@testing-library/user-event/dist/cjs/event/wrapEvent.js:6:28)
      at Object.dispatchEvent (node_modules/@testing-library/user-event/dist/cj
s/event/dispatchEvent.js:45:22)
      at Object.dispatchUIEvent (node_modules/@testing-library/user-event/dist/
cjs/event/dispatchEvent.js:22:26)
      at Mouse.up (node_modules/@testing-library/user-event/dist/cjs/system/poi
nter/mouse.js:100:30)
      at PointerHost.release (node_modules/@testing-library/user-event/dist/cjs
/system/pointer/index.js:87:24)
      at pointerAction 
(node_modules/@testing-library/user-event/dist/cjs/pointer/index.js:54:47)
      at Object.pointer 
(node_modules/@testing-library/user-event/dist/cjs/pointer/index.js:27:9)
      at Object.<anonymous> 
(src/submissions/SubmissionTabs/__tests__/SubmissionTabs.test.tsx:562:9)

    console.error
      Warning: An update to RelatedSubmissionsPane inside a test was not 
wrapped in act(...).
      
      When testing, code that causes React state updates should be wrapped 
into act(...):
      
      act(() => {
        /* fire events that update state */
      });
      /* assert on the output */
      
      This ensures that you're testing the behavior the user would see in the 
browser. Learn more at https://reactjs.org/link/wrap-tests-with-act
          at RelatedSubmissionsPane (C:\Users\samhe\OneDrive\Desktop\Cleaned\fr
ontend\src\submissions\SubmissionTabs\SubmissionTabs.tsx:467:35)
          at div
          at div
          at SubmissionTabs (C:\Users\samhe\OneDrive\Desktop\Cleaned\frontend\s
rc\submissions\SubmissionTabs\SubmissionTabs.tsx:695:5)
          at basenameProp (C:\Users\samhe\OneDrive\Desktop\Cleaned\frontend\nod
e_modules\react-router\lib\components.tsx:421:13)
          at basename (C:\Users\samhe\OneDrive\Desktop\Cleaned\frontend\node_mo
dules\react-router\lib\components.tsx:225:3)

      475 |     useEffect(() => {
      476 |         if (!active || loaded || loading) return
    > 477 |         setLoading(true)
          |         ^
      478 |         
get<RelatedSubmissionRow[]>(`/api/submissions/${submissionId}/related`)
      479 |             .then((result) => {
      480 |                 setRows(result)

      at printWarning 
(node_modules/react-dom/cjs/react-dom.development.js:86:30)
      at error (node_modules/react-dom/cjs/react-dom.development.js:60:7)
      at warnIfUpdatesNotWrappedWithActDEV 
(node_modules/react-dom/cjs/react-dom.development.js:27628:9)
      at scheduleUpdateOnFiber 
(node_modules/react-dom/cjs/react-dom.development.js:25547:5)
      at dispatchSetState 
(node_modules/react-dom/cjs/react-dom.development.js:16708:7)
      at src/submissions/SubmissionTabs/SubmissionTabs.tsx:477:9
      at commitHookEffectListMount 
(node_modules/react-dom/cjs/react-dom.development.js:23189:26)
      at commitPassiveMountOnFiber 
(node_modules/react-dom/cjs/react-dom.development.js:24970:11)
      at commitPassiveMountEffects_complete 
(node_modules/react-dom/cjs/react-dom.development.js:24930:9)
      at commitPassiveMountEffects_begin 
(node_modules/react-dom/cjs/react-dom.development.js:24917:7)
      at commitPassiveMountEffects 
(node_modules/react-dom/cjs/react-dom.development.js:24905:3)
      at flushPassiveEffectsImpl 
(node_modules/react-dom/cjs/react-dom.development.js:27078:3)
      at flushPassiveEffects 
(node_modules/react-dom/cjs/react-dom.development.js:27023:14)
      at commitRootImpl 
(node_modules/react-dom/cjs/react-dom.development.js:26974:5)
      at commitRoot 
(node_modules/react-dom/cjs/react-dom.development.js:26721:5)
      at performSyncWorkOnRoot 
(node_modules/react-dom/cjs/react-dom.development.js:26156:3)
      at flushSyncCallbacks 
(node_modules/react-dom/cjs/react-dom.development.js:12042:22)
      at node_modules/react-dom/cjs/react-dom.development.js:25690:13
      at invokeTheCallbackFunction 
(node_modules/jsdom/lib/jsdom/living/generated/Function.js:19:26)
      at node_modules/jsdom/lib/jsdom/browser/Window.js:554:9

    console.error
      Warning: An update to RelatedSubmissionsPane inside a test was not 
wrapped in act(...).
      
      When testing, code that causes React state updates should be wrapped 
into act(...):
      
      act(() => {
        /* fire events that update state */
      });
      /* assert on the output */
      
      This ensures that you're testing the behavior the user would see in the 
browser. Learn more at https://reactjs.org/link/wrap-tests-with-act
          at RelatedSubmissionsPane (C:\Users\samhe\OneDrive\Desktop\Cleaned\fr
ontend\src\submissions\SubmissionTabs\SubmissionTabs.tsx:467:35)
          at div
          at div
          at SubmissionTabs (C:\Users\samhe\OneDrive\Desktop\Cleaned\frontend\s
rc\submissions\SubmissionTabs\SubmissionTabs.tsx:695:5)
          at basenameProp (C:\Users\samhe\OneDrive\Desktop\Cleaned\frontend\nod
e_modules\react-router\lib\components.tsx:421:13)
          at basename (C:\Users\samhe\OneDrive\Desktop\Cleaned\frontend\node_mo
dules\react-router\lib\components.tsx:225:3)

      478 |         
get<RelatedSubmissionRow[]>(`/api/submissions/${submissionId}/related`)
      479 |             .then((result) => {
    > 480 |                 setRows(result)
          |                 ^
      481 |                 setLoaded(true)
      482 |             })
      483 |             .catch((err: Error) => {

      at printWarning 
(node_modules/react-dom/cjs/react-dom.development.js:86:30)
      at error (node_modules/react-dom/cjs/react-dom.development.js:60:7)
      at warnIfUpdatesNotWrappedWithActDEV 
(node_modules/react-dom/cjs/react-dom.development.js:27628:9)
      at scheduleUpdateOnFiber 
(node_modules/react-dom/cjs/react-dom.development.js:25547:5)
      at dispatchSetState 
(node_modules/react-dom/cjs/react-dom.development.js:16708:7)
      at src/submissions/SubmissionTabs/SubmissionTabs.tsx:480:17

    console.error
      Warning: An update to RelatedSubmissionsPane inside a test was not 
wrapped in act(...).
      
      When testing, code that causes React state updates should be wrapped 
into act(...):
      
      act(() => {
        /* fire events that update state */
      });
      /* assert on the output */
      
      This ensures that you're testing the behavior the user would see in the 
browser. Learn more at https://reactjs.org/link/wrap-tests-with-act
          at RelatedSubmissionsPane (C:\Users\samhe\OneDrive\Desktop\Cleaned\fr
ontend\src\submissions\SubmissionTabs\SubmissionTabs.tsx:467:35)
          at div
          at div
          at SubmissionTabs (C:\Users\samhe\OneDrive\Desktop\Cleaned\frontend\s
rc\submissions\SubmissionTabs\SubmissionTabs.tsx:695:5)
          at basenameProp (C:\Users\samhe\OneDrive\Desktop\Cleaned\frontend\nod
e_modules\react-router\lib\components.tsx:421:13)
          at basename (C:\Users\samhe\OneDrive\Desktop\Cleaned\frontend\node_mo
dules\react-router\lib\components.tsx:225:3)

      479 |             .then((result) => {
      480 |                 setRows(result)
    > 481 |                 setLoaded(true)
          |                 ^
      482 |             })
      483 |             .catch((err: Error) => {
      484 |                 setError(err.message ?? 'Failed to load related 
submissions.')

      at printWarning 
(node_modules/react-dom/cjs/react-dom.development.js:86:30)
      at error (node_modules/react-dom/cjs/react-dom.development.js:60:7)
      at warnIfUpdatesNotWrappedWithActDEV 
(node_modules/react-dom/cjs/react-dom.development.js:27628:9)
      at scheduleUpdateOnFiber 
(node_modules/react-dom/cjs/react-dom.development.js:25547:5)
      at dispatchSetState 
(node_modules/react-dom/cjs/react-dom.development.js:16708:7)
      at src/submissions/SubmissionTabs/SubmissionTabs.tsx:481:17

    console.error
      Warning: An update to RelatedSubmissionsPane inside a test was not 
wrapped in act(...).
      
      When testing, code that causes React state updates should be wrapped 
into act(...):
      
      act(() => {
        /* fire events that update state */
      });
      /* assert on the output */
      
      This ensures that you're testing the behavior the user would see in the 
browser. Learn more at https://reactjs.org/link/wrap-tests-with-act
          at RelatedSubmissionsPane (C:\Users\samhe\OneDrive\Desktop\Cleaned\fr
ontend\src\submissions\SubmissionTabs\SubmissionTabs.tsx:467:35)
          at div
          at div
          at SubmissionTabs (C:\Users\samhe\OneDrive\Desktop\Cleaned\frontend\s
rc\submissions\SubmissionTabs\SubmissionTabs.tsx:695:5)
          at basenameProp (C:\Users\samhe\OneDrive\Desktop\Cleaned\frontend\nod
e_modules\react-router\lib\components.tsx:421:13)
          at basename (C:\Users\samhe\OneDrive\Desktop\Cleaned\frontend\node_mo
dules\react-router\lib\components.tsx:225:3)

      486 |                 addNotification('Could not load related 
submissions.', 'error')
      487 |             })
    > 488 |             .finally(() => setLoading(false))
          |                            ^
      489 |     }, [active, loaded, loading, submissionId, addNotification])
      490 |
      491 |     async function removeLink(relatedId: number) {

      at printWarning 
(node_modules/react-dom/cjs/react-dom.development.js:86:30)
      at error (node_modules/react-dom/cjs/react-dom.development.js:60:7)
      at warnIfUpdatesNotWrappedWithActDEV 
(node_modules/react-dom/cjs/react-dom.development.js:27628:9)
      at scheduleUpdateOnFiber 
(node_modules/react-dom/cjs/react-dom.development.js:25547:5)
      at dispatchSetState 
(node_modules/react-dom/cjs/react-dom.development.js:16708:7)
      at src/submissions/SubmissionTabs/SubmissionTabs.tsx:488:28

    console.error
      Warning: An update to RelatedSubmissionsPane inside a test was not 
wrapped in act(...).
      
      When testing, code that causes React state updates should be wrapped 
into act(...):
      
      act(() => {
        /* fire events that update state */
      });
      /* assert on the output */
      
      This ensures that you're testing the behavior the user would see in the 
browser. Learn more at https://reactjs.org/link/wrap-tests-with-act
          at RelatedSubmissionsPane (C:\Users\samhe\OneDrive\Desktop\Cleaned\fr
ontend\src\submissions\SubmissionTabs\SubmissionTabs.tsx:467:35)
          at div
          at div
          at SubmissionTabs (C:\Users\samhe\OneDrive\Desktop\Cleaned\frontend\s
rc\submissions\SubmissionTabs\SubmissionTabs.tsx:695:5)
          at basenameProp (C:\Users\samhe\OneDrive\Desktop\Cleaned\frontend\nod
e_modules\react-router\lib\components.tsx:421:13)
          at basename (C:\Users\samhe\OneDrive\Desktop\Cleaned\frontend\node_mo
dules\react-router\lib\components.tsx:225:3)

      516 |             <div className="flex items-center justify-between 
gap-3">
      517 |                 <h3 className="text-sm font-semibold 
text-gray-700">Related Submissions</h3>
    > 518 |                 <button type="button" onClick={() => 
setModalOpen(true)} className="px-3 py-2 rounded-md text-sm font-medium border 
border-gray-300 text-gray-700">
          |                                                      ^
      519 |                     Link Submission
      520 |                 </button>
      521 |             </div>

      at printWarning 
(node_modules/react-dom/cjs/react-dom.development.js:86:30)
      at error (node_modules/react-dom/cjs/react-dom.development.js:60:7)
      at warnIfUpdatesNotWrappedWithActDEV 
(node_modules/react-dom/cjs/react-dom.development.js:27628:9)
      at scheduleUpdateOnFiber 
(node_modules/react-dom/cjs/react-dom.development.js:25547:5)
      at dispatchSetState 
(node_modules/react-dom/cjs/react-dom.development.js:16708:7)
      at onClick (src/submissions/SubmissionTabs/SubmissionTabs.tsx:518:54)
      at HTMLUnknownElement.callCallback 
(node_modules/react-dom/cjs/react-dom.development.js:4164:14)
      at HTMLUnknownElement.callTheUserObjectsOperation 
(node_modules/jsdom/lib/jsdom/living/generated/EventListener.js:26:30)
      at innerInvokeEventListeners 
(node_modules/jsdom/lib/jsdom/living/events/EventTarget-impl.js:350:25)
      at invokeEventListeners 
(node_modules/jsdom/lib/jsdom/living/events/EventTarget-impl.js:286:3)
      at HTMLUnknownElementImpl._dispatch 
(node_modules/jsdom/lib/jsdom/living/events/EventTarget-impl.js:233:9)
      at HTMLUnknownElementImpl.dispatchEvent 
(node_modules/jsdom/lib/jsdom/living/events/EventTarget-impl.js:104:17)
      at HTMLUnknownElement.dispatchEvent 
(node_modules/jsdom/lib/jsdom/living/generated/EventTarget.js:241:34)
      at Object.invokeGuardedCallbackDev 
(node_modules/react-dom/cjs/react-dom.development.js:4213:16)
      at invokeGuardedCallback 
(node_modules/react-dom/cjs/react-dom.development.js:4277:31)
      at invokeGuardedCallbackAndCatchFirstError 
(node_modules/react-dom/cjs/react-dom.development.js:4291:25)
      at executeDispatch 
(node_modules/react-dom/cjs/react-dom.development.js:9041:3)
      at processDispatchQueueItemsInOrder 
(node_modules/react-dom/cjs/react-dom.development.js:9073:7)
      at processDispatchQueue 
(node_modules/react-dom/cjs/react-dom.development.js:9086:5)
      at dispatchEventsForPlugins 
(node_modules/react-dom/cjs/react-dom.development.js:9097:3)
      at node_modules/react-dom/cjs/react-dom.development.js:9288:12
      at batchedUpdates$1 
(node_modules/react-dom/cjs/react-dom.development.js:26179:12)
      at batchedUpdates 
(node_modules/react-dom/cjs/react-dom.development.js:3991:12)
      at dispatchEventForPluginEventSystem 
(node_modules/react-dom/cjs/react-dom.development.js:9287:3)
      at dispatchEventWithEnableCapturePhaseSelectiveHydrationWithoutDiscreteEv
entReplay (node_modules/react-dom/cjs/react-dom.development.js:6465:5)
      at dispatchEvent 
(node_modules/react-dom/cjs/react-dom.development.js:6457:5)
      at dispatchDiscreteEvent 
(node_modules/react-dom/cjs/react-dom.development.js:6430:5)
      at HTMLDivElement.callTheUserObjectsOperation 
(node_modules/jsdom/lib/jsdom/living/generated/EventListener.js:26:30)
      at innerInvokeEventListeners 
(node_modules/jsdom/lib/jsdom/living/events/EventTarget-impl.js:350:25)
      at invokeEventListeners 
(node_modules/jsdom/lib/jsdom/living/events/EventTarget-impl.js:286:3)
      at HTMLButtonElementImpl._dispatch 
(node_modules/jsdom/lib/jsdom/living/events/EventTarget-impl.js:233:9)
      at HTMLButtonElementImpl.dispatchEvent 
(node_modules/jsdom/lib/jsdom/living/events/EventTarget-impl.js:104:17)
      at HTMLButtonElement.dispatchEvent 
(node_modules/jsdom/lib/jsdom/living/generated/EventTarget.js:241:34)
      at 
node_modules/@testing-library/user-event/dist/cjs/event/dispatchEvent.js:45:43
      at Object.eventWrapper 
(node_modules/@testing-library/dom/dist/config.js:25:23)
      at Object.wrapEvent 
(node_modules/@testing-library/user-event/dist/cjs/event/wrapEvent.js:6:28)
      at Object.dispatchEvent (node_modules/@testing-library/user-event/dist/cj
s/event/dispatchEvent.js:45:22)
      at Object.dispatchUIEvent (node_modules/@testing-library/user-event/dist/
cjs/event/dispatchEvent.js:22:26)
      at Mouse.up (node_modules/@testing-library/user-event/dist/cjs/system/poi
nter/mouse.js:100:30)
      at PointerHost.release (node_modules/@testing-library/user-event/dist/cjs
/system/pointer/index.js:87:24)
      at pointerAction 
(node_modules/@testing-library/user-event/dist/cjs/pointer/index.js:54:47)
      at Object.pointer 
(node_modules/@testing-library/user-event/dist/cjs/pointer/index.js:27:9)
      at Object.<anonymous> 
(src/submissions/SubmissionTabs/__tests__/SubmissionTabs.test.tsx:566:9)

    console.error
      Warning: An update to RelatedSubmissionSearchModal inside a test was not 
wrapped in act(...).
      
      When testing, code that causes React state updates should be wrapped 
into act(...):
      
      act(() => {
        /* fire events that update state */
      });
      /* assert on the output */
      
      This ensures that you're testing the behavior the user would see in the 
browser. Learn more at https://reactjs.org/link/wrap-tests-with-act
          at RelatedSubmissionSearchModal (C:\Users\samhe\OneDrive\Desktop\Clea
ned\frontend\src\submissions\SubmissionTabs\SubmissionTabs.tsx:364:5)
          at div
          at RelatedSubmissionsPane (C:\Users\samhe\OneDrive\Desktop\Cleaned\fr
ontend\src\submissions\SubmissionTabs\SubmissionTabs.tsx:467:35)
          at div
          at div
          at SubmissionTabs (C:\Users\samhe\OneDrive\Desktop\Cleaned\frontend\s
rc\submissions\SubmissionTabs\SubmissionTabs.tsx:695:5)
          at basenameProp (C:\Users\samhe\OneDrive\Desktop\Cleaned\frontend\nod
e_modules\react-router\lib\components.tsx:421:13)
          at basename (C:\Users\samhe\OneDrive\Desktop\Cleaned\frontend\node_mo
dules\react-router\lib\components.tsx:225:3)

      383 |         if (!isOpen) return
      384 |         let cancelled = false
    > 385 |         setLoading(true)
          |         ^
      386 |         setError(null)
      387 |         get<RelatedSubmissionRow[]>('/api/submissions')
      388 |             .then((result) => {

      at printWarning 
(node_modules/react-dom/cjs/react-dom.development.js:86:30)
      at error (node_modules/react-dom/cjs/react-dom.development.js:60:7)
      at warnIfUpdatesNotWrappedWithActDEV 
(node_modules/react-dom/cjs/react-dom.development.js:27628:9)
      at scheduleUpdateOnFiber 
(node_modules/react-dom/cjs/react-dom.development.js:25547:5)
      at dispatchSetState 
(node_modules/react-dom/cjs/react-dom.development.js:16708:7)
      at src/submissions/SubmissionTabs/SubmissionTabs.tsx:385:9
      at commitHookEffectListMount 
(node_modules/react-dom/cjs/react-dom.development.js:23189:26)
      at commitPassiveMountOnFiber 
(node_modules/react-dom/cjs/react-dom.development.js:24970:11)
      at commitPassiveMountEffects_complete 
(node_modules/react-dom/cjs/react-dom.development.js:24930:9)
      at commitPassiveMountEffects_begin 
(node_modules/react-dom/cjs/react-dom.development.js:24917:7)
      at commitPassiveMountEffects 
(node_modules/react-dom/cjs/react-dom.development.js:24905:3)
      at flushPassiveEffectsImpl 
(node_modules/react-dom/cjs/react-dom.development.js:27078:3)
      at flushPassiveEffects 
(node_modules/react-dom/cjs/react-dom.development.js:27023:14)
      at commitRootImpl 
(node_modules/react-dom/cjs/react-dom.development.js:26974:5)
      at commitRoot 
(node_modules/react-dom/cjs/react-dom.development.js:26721:5)
      at performSyncWorkOnRoot 
(node_modules/react-dom/cjs/react-dom.development.js:26156:3)
      at flushSyncCallbacks 
(node_modules/react-dom/cjs/react-dom.development.js:12042:22)
      at node_modules/react-dom/cjs/react-dom.development.js:25690:13
      at invokeTheCallbackFunction 
(node_modules/jsdom/lib/jsdom/living/generated/Function.js:19:26)
      at node_modules/jsdom/lib/jsdom/browser/Window.js:554:9

    console.error
      Warning: An update to RelatedSubmissionSearchModal inside a test was not 
wrapped in act(...).
      
      When testing, code that causes React state updates should be wrapped 
into act(...):
      
      act(() => {
        /* fire events that update state */
      });
      /* assert on the output */
      
      This ensures that you're testing the behavior the user would see in the 
browser. Learn more at https://reactjs.org/link/wrap-tests-with-act
          at RelatedSubmissionSearchModal (C:\Users\samhe\OneDrive\Desktop\Clea
ned\frontend\src\submissions\SubmissionTabs\SubmissionTabs.tsx:364:5)
          at div
          at RelatedSubmissionsPane (C:\Users\samhe\OneDrive\Desktop\Cleaned\fr
ontend\src\submissions\SubmissionTabs\SubmissionTabs.tsx:467:35)
          at div
          at div
          at SubmissionTabs (C:\Users\samhe\OneDrive\Desktop\Cleaned\frontend\s
rc\submissions\SubmissionTabs\SubmissionTabs.tsx:695:5)
          at basenameProp (C:\Users\samhe\OneDrive\Desktop\Cleaned\frontend\nod
e_modules\react-router\lib\components.tsx:421:13)
          at basename (C:\Users\samhe\OneDrive\Desktop\Cleaned\frontend\node_mo
dules\react-router\lib\components.tsx:225:3)

      384 |         let cancelled = false
      385 |         setLoading(true)
    > 386 |         setError(null)
          |         ^
      387 |         get<RelatedSubmissionRow[]>('/api/submissions')
      388 |             .then((result) => {
      389 |                 if (!cancelled) setRows(result)

      at printWarning 
(node_modules/react-dom/cjs/react-dom.development.js:86:30)
      at error (node_modules/react-dom/cjs/react-dom.development.js:60:7)
      at warnIfUpdatesNotWrappedWithActDEV 
(node_modules/react-dom/cjs/react-dom.development.js:27628:9)
      at scheduleUpdateOnFiber 
(node_modules/react-dom/cjs/react-dom.development.js:25547:5)
      at dispatchSetState 
(node_modules/react-dom/cjs/react-dom.development.js:16708:7)
      at src/submissions/SubmissionTabs/SubmissionTabs.tsx:386:9
      at commitHookEffectListMount 
(node_modules/react-dom/cjs/react-dom.development.js:23189:26)
      at commitPassiveMountOnFiber 
(node_modules/react-dom/cjs/react-dom.development.js:24970:11)
      at commitPassiveMountEffects_complete 
(node_modules/react-dom/cjs/react-dom.development.js:24930:9)
      at commitPassiveMountEffects_begin 
(node_modules/react-dom/cjs/react-dom.development.js:24917:7)
      at commitPassiveMountEffects 
(node_modules/react-dom/cjs/react-dom.development.js:24905:3)
      at flushPassiveEffectsImpl 
(node_modules/react-dom/cjs/react-dom.development.js:27078:3)
      at flushPassiveEffects 
(node_modules/react-dom/cjs/react-dom.development.js:27023:14)
      at commitRootImpl 
(node_modules/react-dom/cjs/react-dom.development.js:26974:5)
      at commitRoot 
(node_modules/react-dom/cjs/react-dom.development.js:26721:5)
      at performSyncWorkOnRoot 
(node_modules/react-dom/cjs/react-dom.development.js:26156:3)
      at flushSyncCallbacks 
(node_modules/react-dom/cjs/react-dom.development.js:12042:22)
      at node_modules/react-dom/cjs/react-dom.development.js:25690:13
      at invokeTheCallbackFunction 
(node_modules/jsdom/lib/jsdom/living/generated/Function.js:19:26)
      at node_modules/jsdom/lib/jsdom/browser/Window.js:554:9

    console.error
      Warning: An update to RelatedSubmissionSearchModal inside a test was not 
wrapped in act(...).
      
      When testing, code that causes React state updates should be wrapped 
into act(...):
      
      act(() => {
        /* fire events that update state */
      });
      /* assert on the output */
      
      This ensures that you're testing the behavior the user would see in the 
browser. Learn more at https://reactjs.org/link/wrap-tests-with-act
          at RelatedSubmissionSearchModal (C:\Users\samhe\OneDrive\Desktop\Clea
ned\frontend\src\submissions\SubmissionTabs\SubmissionTabs.tsx:364:5)
          at div
          at RelatedSubmissionsPane (C:\Users\samhe\OneDrive\Desktop\Cleaned\fr
ontend\src\submissions\SubmissionTabs\SubmissionTabs.tsx:467:35)
          at div
          at div
          at SubmissionTabs (C:\Users\samhe\OneDrive\Desktop\Cleaned\frontend\s
rc\submissions\SubmissionTabs\SubmissionTabs.tsx:695:5)
          at basenameProp (C:\Users\samhe\OneDrive\Desktop\Cleaned\frontend\nod
e_modules\react-router\lib\components.tsx:421:13)
          at basename (C:\Users\samhe\OneDrive\Desktop\Cleaned\frontend\node_mo
dules\react-router\lib\components.tsx:225:3)

      387 |         get<RelatedSubmissionRow[]>('/api/submissions')
      388 |             .then((result) => {
    > 389 |                 if (!cancelled) setRows(result)
          |                                 ^
      390 |             })
      391 |             .catch((err: Error) => {
      392 |                 if (!cancelled) {

      at printWarning 
(node_modules/react-dom/cjs/react-dom.development.js:86:30)
      at error (node_modules/react-dom/cjs/react-dom.development.js:60:7)
      at warnIfUpdatesNotWrappedWithActDEV 
(node_modules/react-dom/cjs/react-dom.development.js:27628:9)
      at scheduleUpdateOnFiber 
(node_modules/react-dom/cjs/react-dom.development.js:25547:5)
      at dispatchSetState 
(node_modules/react-dom/cjs/react-dom.development.js:16708:7)
      at src/submissions/SubmissionTabs/SubmissionTabs.tsx:389:33

    console.error
      Warning: An update to RelatedSubmissionSearchModal inside a test was not 
wrapped in act(...).
      
      When testing, code that causes React state updates should be wrapped 
into act(...):
      
      act(() => {
        /* fire events that update state */
      });
      /* assert on the output */
      
      This ensures that you're testing the behavior the user would see in the 
browser. Learn more at https://reactjs.org/link/wrap-tests-with-act
          at RelatedSubmissionSearchModal (C:\Users\samhe\OneDrive\Desktop\Clea
ned\frontend\src\submissions\SubmissionTabs\SubmissionTabs.tsx:364:5)
          at div
          at RelatedSubmissionsPane (C:\Users\samhe\OneDrive\Desktop\Cleaned\fr
ontend\src\submissions\SubmissionTabs\SubmissionTabs.tsx:467:35)
          at div
          at div
          at SubmissionTabs (C:\Users\samhe\OneDrive\Desktop\Cleaned\frontend\s
rc\submissions\SubmissionTabs\SubmissionTabs.tsx:695:5)
          at basenameProp (C:\Users\samhe\OneDrive\Desktop\Cleaned\frontend\nod
e_modules\react-router\lib\components.tsx:421:13)
          at basename (C:\Users\samhe\OneDrive\Desktop\Cleaned\frontend\node_mo
dules\react-router\lib\components.tsx:225:3)

      396 |             })
      397 |             .finally(() => {
    > 398 |                 if (!cancelled) setLoading(false)
          |                                 ^
      399 |             })
      400 |         return () => {
      401 |             cancelled = true

      at printWarning 
(node_modules/react-dom/cjs/react-dom.development.js:86:30)
      at error (node_modules/react-dom/cjs/react-dom.development.js:60:7)
      at warnIfUpdatesNotWrappedWithActDEV 
(node_modules/react-dom/cjs/react-dom.development.js:27628:9)
      at scheduleUpdateOnFiber 
(node_modules/react-dom/cjs/react-dom.development.js:25547:5)
      at dispatchSetState 
(node_modules/react-dom/cjs/react-dom.development.js:16708:7)
      at src/submissions/SubmissionTabs/SubmissionTabs.tsx:398:33

    console.error
      Warning: An update to RelatedSubmissionSearchModal inside a test was not 
wrapped in act(...).
      
      When testing, code that causes React state updates should be wrapped 
into act(...):
      
      act(() => {
        /* fire events that update state */
      });
      /* assert on the output */
      
      This ensures that you're testing the behavior the user would see in the 
browser. Learn more at https://reactjs.org/link/wrap-tests-with-act
          at RelatedSubmissionSearchModal (C:\Users\samhe\OneDrive\Desktop\Clea
ned\frontend\src\submissions\SubmissionTabs\SubmissionTabs.tsx:364:5)
          at div
          at RelatedSubmissionsPane (C:\Users\samhe\OneDrive\Desktop\Cleaned\fr
ontend\src\submissions\SubmissionTabs\SubmissionTabs.tsx:467:35)
          at div
          at div
          at SubmissionTabs (C:\Users\samhe\OneDrive\Desktop\Cleaned\frontend\s
rc\submissions\SubmissionTabs\SubmissionTabs.tsx:695:5)
          at basenameProp (C:\Users\samhe\OneDrive\Desktop\Cleaned\frontend\nod
e_modules\react-router\lib\components.tsx:421:13)
          at basename (C:\Users\samhe\OneDrive\Desktop\Cleaned\frontend\node_mo
dules\react-router\lib\components.tsx:225:3)

      429 |                     type="text"
      430 |                     value={query}
    > 431 |                     onChange={(e) => setQuery(e.target.value)}
          |                                      ^
      432 |                     placeholder="Search submissions..."
      433 |                     className="w-full border border-gray-300 
rounded px-3 py-2 text-sm"
      434 |                 />

      at printWarning 
(node_modules/react-dom/cjs/react-dom.development.js:86:30)
      at error (node_modules/react-dom/cjs/react-dom.development.js:60:7)
      at warnIfUpdatesNotWrappedWithActDEV 
(node_modules/react-dom/cjs/react-dom.development.js:27628:9)
      at scheduleUpdateOnFiber 
(node_modules/react-dom/cjs/react-dom.development.js:25547:5)
      at dispatchSetState 
(node_modules/react-dom/cjs/react-dom.development.js:16708:7)
      at onChange (src/submissions/SubmissionTabs/SubmissionTabs.tsx:431:38)
      at HTMLUnknownElement.callCallback 
(node_modules/react-dom/cjs/react-dom.development.js:4164:14)
      at HTMLUnknownElement.callTheUserObjectsOperation 
(node_modules/jsdom/lib/jsdom/living/generated/EventListener.js:26:30)
      at innerInvokeEventListeners 
(node_modules/jsdom/lib/jsdom/living/events/EventTarget-impl.js:350:25)
      at invokeEventListeners 
(node_modules/jsdom/lib/jsdom/living/events/EventTarget-impl.js:286:3)
      at HTMLUnknownElementImpl._dispatch 
(node_modules/jsdom/lib/jsdom/living/events/EventTarget-impl.js:233:9)
      at HTMLUnknownElementImpl.dispatchEvent 
(node_modules/jsdom/lib/jsdom/living/events/EventTarget-impl.js:104:17)
      at HTMLUnknownElement.dispatchEvent 
(node_modules/jsdom/lib/jsdom/living/generated/EventTarget.js:241:34)
      at Object.invokeGuardedCallbackDev 
(node_modules/react-dom/cjs/react-dom.development.js:4213:16)
      at invokeGuardedCallback 
(node_modules/react-dom/cjs/react-dom.development.js:4277:31)
      at invokeGuardedCallbackAndCatchFirstError 
(node_modules/react-dom/cjs/react-dom.development.js:4291:25)
      at executeDispatch 
(node_modules/react-dom/cjs/react-dom.development.js:9041:3)
      at processDispatchQueueItemsInOrder 
(node_modules/react-dom/cjs/react-dom.development.js:9073:7)
      at processDispatchQueue 
(node_modules/react-dom/cjs/react-dom.development.js:9086:5)
      at dispatchEventsForPlugins 
(node_modules/react-dom/cjs/react-dom.development.js:9097:3)
      at node_modules/react-dom/cjs/react-dom.development.js:9288:12
      at batchedUpdates$1 
(node_modules/react-dom/cjs/react-dom.development.js:26179:12)
      at batchedUpdates 
(node_modules/react-dom/cjs/react-dom.development.js:3991:12)
      at dispatchEventForPluginEventSystem 
(node_modules/react-dom/cjs/react-dom.development.js:9287:3)
      at dispatchEventWithEnableCapturePhaseSelectiveHydrationWithoutDiscreteEv
entReplay (node_modules/react-dom/cjs/react-dom.development.js:6465:5)
      at dispatchEvent 
(node_modules/react-dom/cjs/react-dom.development.js:6457:5)
      at dispatchDiscreteEvent 
(node_modules/react-dom/cjs/react-dom.development.js:6430:5)
      at HTMLDivElement.callTheUserObjectsOperation 
(node_modules/jsdom/lib/jsdom/living/generated/EventListener.js:26:30)
      at innerInvokeEventListeners 
(node_modules/jsdom/lib/jsdom/living/events/EventTarget-impl.js:350:25)
      at invokeEventListeners 
(node_modules/jsdom/lib/jsdom/living/events/EventTarget-impl.js:286:3)
      at HTMLInputElementImpl._dispatch 
(node_modules/jsdom/lib/jsdom/living/events/EventTarget-impl.js:233:9)
      at HTMLInputElementImpl.dispatchEvent 
(node_modules/jsdom/lib/jsdom/living/events/EventTarget-impl.js:104:17)
      at HTMLInputElement.dispatchEvent 
(node_modules/jsdom/lib/jsdom/living/generated/EventTarget.js:241:34)
      at 
node_modules/@testing-library/user-event/dist/cjs/event/dispatchEvent.js:45:43
      at Object.eventWrapper 
(node_modules/@testing-library/dom/dist/config.js:25:23)
      at Object.wrapEvent 
(node_modules/@testing-library/user-event/dist/cjs/event/wrapEvent.js:6:28)
      at Object.dispatchEvent (node_modules/@testing-library/user-event/dist/cj
s/event/dispatchEvent.js:45:22)
      at Object.dispatchUIEvent (node_modules/@testing-library/user-event/dist/
cjs/event/dispatchEvent.js:22:26)
      at commitInput 
(node_modules/@testing-library/user-event/dist/cjs/event/input.js:145:14)
      at editInputElement 
(node_modules/@testing-library/user-event/dist/cjs/event/input.js:115:9)
      at Object.input 
(node_modules/@testing-library/user-event/dist/cjs/event/input.js:37:9)
      at node_modules/@testing-library/user-event/dist/cjs/event/behavior/keypr
ess.js:31:26
      at Object.dispatchEvent (node_modules/@testing-library/user-event/dist/cj
s/event/dispatchEvent.js:41:13)
      at Object.dispatchUIEvent (node_modules/@testing-library/user-event/dist/
cjs/event/dispatchEvent.js:22:26)
      at KeyboardHost.keydown 
(node_modules/@testing-library/user-event/dist/cjs/system/keyboard.js:76:22)
      at keyboardAction 
(node_modules/@testing-library/user-event/dist/cjs/keyboard/index.js:22:35)
      at Object.keyboard 
(node_modules/@testing-library/user-event/dist/cjs/keyboard/index.js:11:15)
      at Object.type 
(node_modules/@testing-library/user-event/dist/cjs/utility/type.js:17:5)
      at Object.<anonymous> 
(src/submissions/SubmissionTabs/__tests__/SubmissionTabs.test.tsx:572:9)

    console.error
      Warning: An update to RelatedSubmissionSearchModal inside a test was not 
wrapped in act(...).
      
      When testing, code that causes React state updates should be wrapped 
into act(...):
      
      act(() => {
        /* fire events that update state */
      });
      /* assert on the output */
      
      This ensures that you're testing the behavior the user would see in the 
browser. Learn more at https://reactjs.org/link/wrap-tests-with-act
          at RelatedSubmissionSearchModal (C:\Users\samhe\OneDrive\Desktop\Clea
ned\frontend\src\submissions\SubmissionTabs\SubmissionTabs.tsx:364:5)
          at div
          at RelatedSubmissionsPane (C:\Users\samhe\OneDrive\Desktop\Cleaned\fr
ontend\src\submissions\SubmissionTabs\SubmissionTabs.tsx:467:35)
          at div
          at div
          at SubmissionTabs (C:\Users\samhe\OneDrive\Desktop\Cleaned\frontend\s
rc\submissions\SubmissionTabs\SubmissionTabs.tsx:695:5)
          at basenameProp (C:\Users\samhe\OneDrive\Desktop\Cleaned\frontend\nod
e_modules\react-router\lib\components.tsx:421:13)
          at basename (C:\Users\samhe\OneDrive\Desktop\Cleaned\frontend\node_mo
dules\react-router\lib\components.tsx:225:3)

      429 |                     type="text"
      430 |                     value={query}
    > 431 |                     onChange={(e) => setQuery(e.target.value)}
          |                                      ^
      432 |                     placeholder="Search submissions..."
      433 |                     className="w-full border border-gray-300 
rounded px-3 py-2 text-sm"
      434 |                 />

      at printWarning 
(node_modules/react-dom/cjs/react-dom.development.js:86:30)
      at error (node_modules/react-dom/cjs/react-dom.development.js:60:7)
      at warnIfUpdatesNotWrappedWithActDEV 
(node_modules/react-dom/cjs/react-dom.development.js:27628:9)
      at scheduleUpdateOnFiber 
(node_modules/react-dom/cjs/react-dom.development.js:25547:5)
      at dispatchSetState 
(node_modules/react-dom/cjs/react-dom.development.js:16708:7)
      at onChange (src/submissions/SubmissionTabs/SubmissionTabs.tsx:431:38)
      at HTMLUnknownElement.callCallback 
(node_modules/react-dom/cjs/react-dom.development.js:4164:14)
      at HTMLUnknownElement.callTheUserObjectsOperation 
(node_modules/jsdom/lib/jsdom/living/generated/EventListener.js:26:30)
      at innerInvokeEventListeners 
(node_modules/jsdom/lib/jsdom/living/events/EventTarget-impl.js:350:25)
      at invokeEventListeners 
(node_modules/jsdom/lib/jsdom/living/events/EventTarget-impl.js:286:3)
      at HTMLUnknownElementImpl._dispatch 
(node_modules/jsdom/lib/jsdom/living/events/EventTarget-impl.js:233:9)
      at HTMLUnknownElementImpl.dispatchEvent 
(node_modules/jsdom/lib/jsdom/living/events/EventTarget-impl.js:104:17)
      at HTMLUnknownElement.dispatchEvent 
(node_modules/jsdom/lib/jsdom/living/generated/EventTarget.js:241:34)
      at Object.invokeGuardedCallbackDev 
(node_modules/react-dom/cjs/react-dom.development.js:4213:16)
      at invokeGuardedCallback 
(node_modules/react-dom/cjs/react-dom.development.js:4277:31)
      at invokeGuardedCallbackAndCatchFirstError 
(node_modules/react-dom/cjs/react-dom.development.js:4291:25)
      at executeDispatch 
(node_modules/react-dom/cjs/react-dom.development.js:9041:3)
      at processDispatchQueueItemsInOrder 
(node_modules/react-dom/cjs/react-dom.development.js:9073:7)
      at processDispatchQueue 
(node_modules/react-dom/cjs/react-dom.development.js:9086:5)
      at dispatchEventsForPlugins 
(node_modules/react-dom/cjs/react-dom.development.js:9097:3)
      at node_modules/react-dom/cjs/react-dom.development.js:9288:12
      at batchedUpdates$1 
(node_modules/react-dom/cjs/react-dom.development.js:26179:12)
      at batchedUpdates 
(node_modules/react-dom/cjs/react-dom.development.js:3991:12)
      at dispatchEventForPluginEventSystem 
(node_modules/react-dom/cjs/react-dom.development.js:9287:3)
      at dispatchEventWithEnableCapturePhaseSelectiveHydrationWithoutDiscreteEv
entReplay (node_modules/react-dom/cjs/react-dom.development.js:6465:5)
      at dispatchEvent 
(node_modules/react-dom/cjs/react-dom.development.js:6457:5)
      at dispatchDiscreteEvent 
(node_modules/react-dom/cjs/react-dom.development.js:6430:5)
      at HTMLDivElement.callTheUserObjectsOperation 
(node_modules/jsdom/lib/jsdom/living/generated/EventListener.js:26:30)
      at innerInvokeEventListeners 
(node_modules/jsdom/lib/jsdom/living/events/EventTarget-impl.js:350:25)
      at invokeEventListeners 
(node_modules/jsdom/lib/jsdom/living/events/EventTarget-impl.js:286:3)
      at HTMLInputElementImpl._dispatch 
(node_modules/jsdom/lib/jsdom/living/events/EventTarget-impl.js:233:9)
      at HTMLInputElementImpl.dispatchEvent 
(node_modules/jsdom/lib/jsdom/living/events/EventTarget-impl.js:104:17)
      at HTMLInputElement.dispatchEvent 
(node_modules/jsdom/lib/jsdom/living/generated/EventTarget.js:241:34)
      at 
node_modules/@testing-library/user-event/dist/cjs/event/dispatchEvent.js:45:43
      at Object.eventWrapper 
(node_modules/@testing-library/dom/dist/config.js:25:23)
      at Object.wrapEvent 
(node_modules/@testing-library/user-event/dist/cjs/event/wrapEvent.js:6:28)
      at Object.dispatchEvent (node_modules/@testing-library/user-event/dist/cj
s/event/dispatchEvent.js:45:22)
      at Object.dispatchUIEvent (node_modules/@testing-library/user-event/dist/
cjs/event/dispatchEvent.js:22:26)
      at commitInput 
(node_modules/@testing-library/user-event/dist/cjs/event/input.js:145:14)
      at editInputElement 
(node_modules/@testing-library/user-event/dist/cjs/event/input.js:115:9)
      at Object.input 
(node_modules/@testing-library/user-event/dist/cjs/event/input.js:37:9)
      at node_modules/@testing-library/user-event/dist/cjs/event/behavior/keypr
ess.js:31:26
      at Object.dispatchEvent (node_modules/@testing-library/user-event/dist/cj
s/event/dispatchEvent.js:41:13)
      at Object.dispatchUIEvent (node_modules/@testing-library/user-event/dist/
cjs/event/dispatchEvent.js:22:26)
      at KeyboardHost.keydown 
(node_modules/@testing-library/user-event/dist/cjs/system/keyboard.js:76:22)
      at keyboardAction 
(node_modules/@testing-library/user-event/dist/cjs/keyboard/index.js:22:35)
      at Object.keyboard 
(node_modules/@testing-library/user-event/dist/cjs/keyboard/index.js:11:15)
      at Object.type 
(node_modules/@testing-library/user-event/dist/cjs/utility/type.js:17:5)
      at Object.<anonymous> 
(src/submissions/SubmissionTabs/__tests__/SubmissionTabs.test.tsx:572:9)

    console.error
      Warning: An update to RelatedSubmissionSearchModal inside a test was not 
wrapped in act(...).
      
      When testing, code that causes React state updates should be wrapped 
into act(...):
      
      act(() => {
        /* fire events that update state */
      });
      /* assert on the output */
      
      This ensures that you're testing the behavior the user would see in the 
browser. Learn more at https://reactjs.org/link/wrap-tests-with-act
          at RelatedSubmissionSearchModal (C:\Users\samhe\OneDrive\Desktop\Clea
ned\frontend\src\submissions\SubmissionTabs\SubmissionTabs.tsx:364:5)
          at div
          at RelatedSubmissionsPane (C:\Users\samhe\OneDrive\Desktop\Cleaned\fr
ontend\src\submissions\SubmissionTabs\SubmissionTabs.tsx:467:35)
          at div
          at div
          at SubmissionTabs (C:\Users\samhe\OneDrive\Desktop\Cleaned\frontend\s
rc\submissions\SubmissionTabs\SubmissionTabs.tsx:695:5)
          at basenameProp (C:\Users\samhe\OneDrive\Desktop\Cleaned\frontend\nod
e_modules\react-router\lib\components.tsx:421:13)
          at basename (C:\Users\samhe\OneDrive\Desktop\Cleaned\frontend\node_mo
dules\react-router\lib\components.tsx:225:3)

      429 |                     type="text"
      430 |                     value={query}
    > 431 |                     onChange={(e) => setQuery(e.target.value)}
          |                                      ^
      432 |                     placeholder="Search submissions..."
      433 |                     className="w-full border border-gray-300 
rounded px-3 py-2 text-sm"
      434 |                 />

      at printWarning 
(node_modules/react-dom/cjs/react-dom.development.js:86:30)
      at error (node_modules/react-dom/cjs/react-dom.development.js:60:7)
      at warnIfUpdatesNotWrappedWithActDEV 
(node_modules/react-dom/cjs/react-dom.development.js:27628:9)
      at scheduleUpdateOnFiber 
(node_modules/react-dom/cjs/react-dom.development.js:25547:5)
      at dispatchSetState 
(node_modules/react-dom/cjs/react-dom.development.js:16708:7)
      at onChange (src/submissions/SubmissionTabs/SubmissionTabs.tsx:431:38)
      at HTMLUnknownElement.callCallback 
(node_modules/react-dom/cjs/react-dom.development.js:4164:14)
      at HTMLUnknownElement.callTheUserObjectsOperation 
(node_modules/jsdom/lib/jsdom/living/generated/EventListener.js:26:30)
      at innerInvokeEventListeners 
(node_modules/jsdom/lib/jsdom/living/events/EventTarget-impl.js:350:25)
      at invokeEventListeners 
(node_modules/jsdom/lib/jsdom/living/events/EventTarget-impl.js:286:3)
      at HTMLUnknownElementImpl._dispatch 
(node_modules/jsdom/lib/jsdom/living/events/EventTarget-impl.js:233:9)
      at HTMLUnknownElementImpl.dispatchEvent 
(node_modules/jsdom/lib/jsdom/living/events/EventTarget-impl.js:104:17)
      at HTMLUnknownElement.dispatchEvent 
(node_modules/jsdom/lib/jsdom/living/generated/EventTarget.js:241:34)
      at Object.invokeGuardedCallbackDev 
(node_modules/react-dom/cjs/react-dom.development.js:4213:16)
      at invokeGuardedCallback 
(node_modules/react-dom/cjs/react-dom.development.js:4277:31)
      at invokeGuardedCallbackAndCatchFirstError 
(node_modules/react-dom/cjs/react-dom.development.js:4291:25)
      at executeDispatch 
(node_modules/react-dom/cjs/react-dom.development.js:9041:3)
      at processDispatchQueueItemsInOrder 
(node_modules/react-dom/cjs/react-dom.development.js:9073:7)
      at processDispatchQueue 
(node_modules/react-dom/cjs/react-dom.development.js:9086:5)
      at dispatchEventsForPlugins 
(node_modules/react-dom/cjs/react-dom.development.js:9097:3)
      at node_modules/react-dom/cjs/react-dom.development.js:9288:12
      at batchedUpdates$1 
(node_modules/react-dom/cjs/react-dom.development.js:26179:12)
      at batchedUpdates 
(node_modules/react-dom/cjs/react-dom.development.js:3991:12)
      at dispatchEventForPluginEventSystem 
(node_modules/react-dom/cjs/react-dom.development.js:9287:3)
      at dispatchEventWithEnableCapturePhaseSelectiveHydrationWithoutDiscreteEv
entReplay (node_modules/react-dom/cjs/react-dom.development.js:6465:5)
      at dispatchEvent 
(node_modules/react-dom/cjs/react-dom.development.js:6457:5)
      at dispatchDiscreteEvent 
(node_modules/react-dom/cjs/react-dom.development.js:6430:5)
      at HTMLDivElement.callTheUserObjectsOperation 
(node_modules/jsdom/lib/jsdom/living/generated/EventListener.js:26:30)
      at innerInvokeEventListeners 
(node_modules/jsdom/lib/jsdom/living/events/EventTarget-impl.js:350:25)
      at invokeEventListeners 
(node_modules/jsdom/lib/jsdom/living/events/EventTarget-impl.js:286:3)
      at HTMLInputElementImpl._dispatch 
(node_modules/jsdom/lib/jsdom/living/events/EventTarget-impl.js:233:9)
      at HTMLInputElementImpl.dispatchEvent 
(node_modules/jsdom/lib/jsdom/living/events/EventTarget-impl.js:104:17)
      at HTMLInputElement.dispatchEvent 
(node_modules/jsdom/lib/jsdom/living/generated/EventTarget.js:241:34)
      at 
node_modules/@testing-library/user-event/dist/cjs/event/dispatchEvent.js:45:43
      at Object.eventWrapper 
(node_modules/@testing-library/dom/dist/config.js:25:23)
      at Object.wrapEvent 
(node_modules/@testing-library/user-event/dist/cjs/event/wrapEvent.js:6:28)
      at Object.dispatchEvent (node_modules/@testing-library/user-event/dist/cj
s/event/dispatchEvent.js:45:22)
      at Object.dispatchUIEvent (node_modules/@testing-library/user-event/dist/
cjs/event/dispatchEvent.js:22:26)
      at commitInput 
(node_modules/@testing-library/user-event/dist/cjs/event/input.js:145:14)
      at editInputElement 
(node_modules/@testing-library/user-event/dist/cjs/event/input.js:115:9)
      at Object.input 
(node_modules/@testing-library/user-event/dist/cjs/event/input.js:37:9)
      at node_modules/@testing-library/user-event/dist/cjs/event/behavior/keypr
ess.js:31:26
      at Object.dispatchEvent (node_modules/@testing-library/user-event/dist/cj
s/event/dispatchEvent.js:41:13)
      at Object.dispatchUIEvent (node_modules/@testing-library/user-event/dist/
cjs/event/dispatchEvent.js:22:26)
      at KeyboardHost.keydown 
(node_modules/@testing-library/user-event/dist/cjs/system/keyboard.js:76:22)
      at keyboardAction 
(node_modules/@testing-library/user-event/dist/cjs/keyboard/index.js:22:35)
      at Object.keyboard 
(node_modules/@testing-library/user-event/dist/cjs/keyboard/index.js:11:15)
      at Object.type 
(node_modules/@testing-library/user-event/dist/cjs/utility/type.js:17:5)
      at Object.<anonymous> 
(src/submissions/SubmissionTabs/__tests__/SubmissionTabs.test.tsx:572:9)

    console.error
      Warning: An update to RelatedSubmissionSearchModal inside a test was not 
wrapped in act(...).
      
      When testing, code that causes React state updates should be wrapped 
into act(...):
      
      act(() => {
        /* fire events that update state */
      });
      /* assert on the output */
      
      This ensures that you're testing the behavior the user would see in the 
browser. Learn more at https://reactjs.org/link/wrap-tests-with-act
          at RelatedSubmissionSearchModal (C:\Users\samhe\OneDrive\Desktop\Clea
ned\frontend\src\submissions\SubmissionTabs\SubmissionTabs.tsx:364:5)
          at div
          at RelatedSubmissionsPane (C:\Users\samhe\OneDrive\Desktop\Cleaned\fr
ontend\src\submissions\SubmissionTabs\SubmissionTabs.tsx:467:35)
          at div
          at div
          at SubmissionTabs (C:\Users\samhe\OneDrive\Desktop\Cleaned\frontend\s
rc\submissions\SubmissionTabs\SubmissionTabs.tsx:695:5)
          at basenameProp (C:\Users\samhe\OneDrive\Desktop\Cleaned\frontend\nod
e_modules\react-router\lib\components.tsx:421:13)
          at basename (C:\Users\samhe\OneDrive\Desktop\Cleaned\frontend\node_mo
dules\react-router\lib\components.tsx:225:3)

      429 |                     type="text"
      430 |                     value={query}
    > 431 |                     onChange={(e) => setQuery(e.target.value)}
          |                                      ^
      432 |                     placeholder="Search submissions..."
      433 |                     className="w-full border border-gray-300 
rounded px-3 py-2 text-sm"
      434 |                 />

      at printWarning 
(node_modules/react-dom/cjs/react-dom.development.js:86:30)
      at error (node_modules/react-dom/cjs/react-dom.development.js:60:7)
      at warnIfUpdatesNotWrappedWithActDEV 
(node_modules/react-dom/cjs/react-dom.development.js:27628:9)
      at scheduleUpdateOnFiber 
(node_modules/react-dom/cjs/react-dom.development.js:25547:5)
      at dispatchSetState 
(node_modules/react-dom/cjs/react-dom.development.js:16708:7)
      at onChange (src/submissions/SubmissionTabs/SubmissionTabs.tsx:431:38)
      at HTMLUnknownElement.callCallback 
(node_modules/react-dom/cjs/react-dom.development.js:4164:14)
      at HTMLUnknownElement.callTheUserObjectsOperation 
(node_modules/jsdom/lib/jsdom/living/generated/EventListener.js:26:30)
      at innerInvokeEventListeners 
(node_modules/jsdom/lib/jsdom/living/events/EventTarget-impl.js:350:25)
      at invokeEventListeners 
(node_modules/jsdom/lib/jsdom/living/events/EventTarget-impl.js:286:3)
      at HTMLUnknownElementImpl._dispatch 
(node_modules/jsdom/lib/jsdom/living/events/EventTarget-impl.js:233:9)
      at HTMLUnknownElementImpl.dispatchEvent 
(node_modules/jsdom/lib/jsdom/living/events/EventTarget-impl.js:104:17)
      at HTMLUnknownElement.dispatchEvent 
(node_modules/jsdom/lib/jsdom/living/generated/EventTarget.js:241:34)
      at Object.invokeGuardedCallbackDev 
(node_modules/react-dom/cjs/react-dom.development.js:4213:16)
      at invokeGuardedCallback 
(node_modules/react-dom/cjs/react-dom.development.js:4277:31)
      at invokeGuardedCallbackAndCatchFirstError 
(node_modules/react-dom/cjs/react-dom.development.js:4291:25)
      at executeDispatch 
(node_modules/react-dom/cjs/react-dom.development.js:9041:3)
      at processDispatchQueueItemsInOrder 
(node_modules/react-dom/cjs/react-dom.development.js:9073:7)
      at processDispatchQueue 
(node_modules/react-dom/cjs/react-dom.development.js:9086:5)
      at dispatchEventsForPlugins 
(node_modules/react-dom/cjs/react-dom.development.js:9097:3)
      at node_modules/react-dom/cjs/react-dom.development.js:9288:12
      at batchedUpdates$1 
(node_modules/react-dom/cjs/react-dom.development.js:26179:12)
      at batchedUpdates 
(node_modules/react-dom/cjs/react-dom.development.js:3991:12)
      at dispatchEventForPluginEventSystem 
(node_modules/react-dom/cjs/react-dom.development.js:9287:3)
      at dispatchEventWithEnableCapturePhaseSelectiveHydrationWithoutDiscreteEv
entReplay (node_modules/react-dom/cjs/react-dom.development.js:6465:5)
      at dispatchEvent 
(node_modules/react-dom/cjs/react-dom.development.js:6457:5)
      at dispatchDiscreteEvent 
(node_modules/react-dom/cjs/react-dom.development.js:6430:5)
      at HTMLDivElement.callTheUserObjectsOperation 
(node_modules/jsdom/lib/jsdom/living/generated/EventListener.js:26:30)
      at innerInvokeEventListeners 
(node_modules/jsdom/lib/jsdom/living/events/EventTarget-impl.js:350:25)
      at invokeEventListeners 
(node_modules/jsdom/lib/jsdom/living/events/EventTarget-impl.js:286:3)
      at HTMLInputElementImpl._dispatch 
(node_modules/jsdom/lib/jsdom/living/events/EventTarget-impl.js:233:9)
      at HTMLInputElementImpl.dispatchEvent 
(node_modules/jsdom/lib/jsdom/living/events/EventTarget-impl.js:104:17)
      at HTMLInputElement.dispatchEvent 
(node_modules/jsdom/lib/jsdom/living/generated/EventTarget.js:241:34)
      at 
node_modules/@testing-library/user-event/dist/cjs/event/dispatchEvent.js:45:43
      at Object.eventWrapper 
(node_modules/@testing-library/dom/dist/config.js:25:23)
      at Object.wrapEvent 
(node_modules/@testing-library/user-event/dist/cjs/event/wrapEvent.js:6:28)
      at Object.dispatchEvent (node_modules/@testing-library/user-event/dist/cj
s/event/dispatchEvent.js:45:22)
      at Object.dispatchUIEvent (node_modules/@testing-library/user-event/dist/
cjs/event/dispatchEvent.js:22:26)
      at commitInput 
(node_modules/@testing-library/user-event/dist/cjs/event/input.js:145:14)
      at editInputElement 
(node_modules/@testing-library/user-event/dist/cjs/event/input.js:115:9)
      at Object.input 
(node_modules/@testing-library/user-event/dist/cjs/event/input.js:37:9)
      at node_modules/@testing-library/user-event/dist/cjs/event/behavior/keypr
ess.js:31:26
      at Object.dispatchEvent (node_modules/@testing-library/user-event/dist/cj
s/event/dispatchEvent.js:41:13)
      at Object.dispatchUIEvent (node_modules/@testing-library/user-event/dist/
cjs/event/dispatchEvent.js:22:26)
      at KeyboardHost.keydown 
(node_modules/@testing-library/user-event/dist/cjs/system/keyboard.js:76:22)
      at keyboardAction 
(node_modules/@testing-library/user-event/dist/cjs/keyboard/index.js:22:35)
      at Object.keyboard 
(node_modules/@testing-library/user-event/dist/cjs/keyboard/index.js:11:15)
      at Object.type 
(node_modules/@testing-library/user-event/dist/cjs/utility/type.js:17:5)
      at Object.<anonymous> 
(src/submissions/SubmissionTabs/__tests__/SubmissionTabs.test.tsx:572:9)

    console.error
      Warning: An update to RelatedSubmissionSearchModal inside a test was not 
wrapped in act(...).
      
      When testing, code that causes React state updates should be wrapped 
into act(...):
      
      act(() => {
        /* fire events that update state */
      });
      /* assert on the output */
      
      This ensures that you're testing the behavior the user would see in the 
browser. Learn more at https://reactjs.org/link/wrap-tests-with-act
          at RelatedSubmissionSearchModal (C:\Users\samhe\OneDrive\Desktop\Clea
ned\frontend\src\submissions\SubmissionTabs\SubmissionTabs.tsx:364:5)
          at div
          at RelatedSubmissionsPane (C:\Users\samhe\OneDrive\Desktop\Cleaned\fr
ontend\src\submissions\SubmissionTabs\SubmissionTabs.tsx:467:35)
          at div
          at div
          at SubmissionTabs (C:\Users\samhe\OneDrive\Desktop\Cleaned\frontend\s
rc\submissions\SubmissionTabs\SubmissionTabs.tsx:695:5)
          at basenameProp (C:\Users\samhe\OneDrive\Desktop\Cleaned\frontend\nod
e_modules\react-router\lib\components.tsx:421:13)
          at basename (C:\Users\samhe\OneDrive\Desktop\Cleaned\frontend\node_mo
dules\react-router\lib\components.tsx:225:3)

      429 |                     type="text"
      430 |                     value={query}
    > 431 |                     onChange={(e) => setQuery(e.target.value)}
          |                                      ^
      432 |                     placeholder="Search submissions..."
      433 |                     className="w-full border border-gray-300 
rounded px-3 py-2 text-sm"
      434 |                 />

      at printWarning 
(node_modules/react-dom/cjs/react-dom.development.js:86:30)
      at error (node_modules/react-dom/cjs/react-dom.development.js:60:7)
      at warnIfUpdatesNotWrappedWithActDEV 
(node_modules/react-dom/cjs/react-dom.development.js:27628:9)
      at scheduleUpdateOnFiber 
(node_modules/react-dom/cjs/react-dom.development.js:25547:5)
      at dispatchSetState 
(node_modules/react-dom/cjs/react-dom.development.js:16708:7)
      at onChange (src/submissions/SubmissionTabs/SubmissionTabs.tsx:431:38)
      at HTMLUnknownElement.callCallback 
(node_modules/react-dom/cjs/react-dom.development.js:4164:14)
      at HTMLUnknownElement.callTheUserObjectsOperation 
(node_modules/jsdom/lib/jsdom/living/generated/EventListener.js:26:30)
      at innerInvokeEventListeners 
(node_modules/jsdom/lib/jsdom/living/events/EventTarget-impl.js:350:25)
      at invokeEventListeners 
(node_modules/jsdom/lib/jsdom/living/events/EventTarget-impl.js:286:3)
      at HTMLUnknownElementImpl._dispatch 
(node_modules/jsdom/lib/jsdom/living/events/EventTarget-impl.js:233:9)
      at HTMLUnknownElementImpl.dispatchEvent 
(node_modules/jsdom/lib/jsdom/living/events/EventTarget-impl.js:104:17)
      at HTMLUnknownElement.dispatchEvent 
(node_modules/jsdom/lib/jsdom/living/generated/EventTarget.js:241:34)
      at Object.invokeGuardedCallbackDev 
(node_modules/react-dom/cjs/react-dom.development.js:4213:16)
      at invokeGuardedCallback 
(node_modules/react-dom/cjs/react-dom.development.js:4277:31)
      at invokeGuardedCallbackAndCatchFirstError 
(node_modules/react-dom/cjs/react-dom.development.js:4291:25)
      at executeDispatch 
(node_modules/react-dom/cjs/react-dom.development.js:9041:3)
      at processDispatchQueueItemsInOrder 
(node_modules/react-dom/cjs/react-dom.development.js:9073:7)
      at processDispatchQueue 
(node_modules/react-dom/cjs/react-dom.development.js:9086:5)
      at dispatchEventsForPlugins 
(node_modules/react-dom/cjs/react-dom.development.js:9097:3)
      at node_modules/react-dom/cjs/react-dom.development.js:9288:12
      at batchedUpdates$1 
(node_modules/react-dom/cjs/react-dom.development.js:26179:12)
      at batchedUpdates 
(node_modules/react-dom/cjs/react-dom.development.js:3991:12)
      at dispatchEventForPluginEventSystem 
(node_modules/react-dom/cjs/react-dom.development.js:9287:3)
      at dispatchEventWithEnableCapturePhaseSelectiveHydrationWithoutDiscreteEv
entReplay (node_modules/react-dom/cjs/react-dom.development.js:6465:5)
      at dispatchEvent 
(node_modules/react-dom/cjs/react-dom.development.js:6457:5)
      at dispatchDiscreteEvent 
(node_modules/react-dom/cjs/react-dom.development.js:6430:5)
      at HTMLDivElement.callTheUserObjectsOperation 
(node_modules/jsdom/lib/jsdom/living/generated/EventListener.js:26:30)
      at innerInvokeEventListeners 
(node_modules/jsdom/lib/jsdom/living/events/EventTarget-impl.js:350:25)
      at invokeEventListeners 
(node_modules/jsdom/lib/jsdom/living/events/EventTarget-impl.js:286:3)
      at HTMLInputElementImpl._dispatch 
(node_modules/jsdom/lib/jsdom/living/events/EventTarget-impl.js:233:9)
      at HTMLInputElementImpl.dispatchEvent 
(node_modules/jsdom/lib/jsdom/living/events/EventTarget-impl.js:104:17)
      at HTMLInputElement.dispatchEvent 
(node_modules/jsdom/lib/jsdom/living/generated/EventTarget.js:241:34)
      at 
node_modules/@testing-library/user-event/dist/cjs/event/dispatchEvent.js:45:43
      at Object.eventWrapper 
(node_modules/@testing-library/dom/dist/config.js:25:23)
      at Object.wrapEvent 
(node_modules/@testing-library/user-event/dist/cjs/event/wrapEvent.js:6:28)
      at Object.dispatchEvent (node_modules/@testing-library/user-event/dist/cj
s/event/dispatchEvent.js:45:22)
      at Object.dispatchUIEvent (node_modules/@testing-library/user-event/dist/
cjs/event/dispatchEvent.js:22:26)
      at commitInput 
(node_modules/@testing-library/user-event/dist/cjs/event/input.js:145:14)
      at editInputElement 
(node_modules/@testing-library/user-event/dist/cjs/event/input.js:115:9)
      at Object.input 
(node_modules/@testing-library/user-event/dist/cjs/event/input.js:37:9)
      at node_modules/@testing-library/user-event/dist/cjs/event/behavior/keypr
ess.js:31:26
      at Object.dispatchEvent (node_modules/@testing-library/user-event/dist/cj
s/event/dispatchEvent.js:41:13)
      at Object.dispatchUIEvent (node_modules/@testing-library/user-event/dist/
cjs/event/dispatchEvent.js:22:26)
      at KeyboardHost.keydown 
(node_modules/@testing-library/user-event/dist/cjs/system/keyboard.js:76:22)
      at keyboardAction 
(node_modules/@testing-library/user-event/dist/cjs/keyboard/index.js:22:35)
      at Object.keyboard 
(node_modules/@testing-library/user-event/dist/cjs/keyboard/index.js:11:15)
      at Object.type 
(node_modules/@testing-library/user-event/dist/cjs/utility/type.js:17:5)
      at Object.<anonymous> 
(src/submissions/SubmissionTabs/__tests__/SubmissionTabs.test.tsx:572:9)

    console.error
      Warning: An update to RelatedSubmissionsPane inside a test was not 
wrapped in act(...).
      
      When testing, code that causes React state updates should be wrapped 
into act(...):
      
      act(() => {
        /* fire events that update state */
      });
      /* assert on the output */
      
      This ensures that you're testing the behavior the user would see in the 
browser. Learn more at https://reactjs.org/link/wrap-tests-with-act
          at RelatedSubmissionsPane (C:\Users\samhe\OneDrive\Desktop\Cleaned\fr
ontend\src\submissions\SubmissionTabs\SubmissionTabs.tsx:467:35)
          at div
          at div
          at SubmissionTabs (C:\Users\samhe\OneDrive\Desktop\Cleaned\frontend\s
rc\submissions\SubmissionTabs\SubmissionTabs.tsx:695:5)
          at basenameProp (C:\Users\samhe\OneDrive\Desktop\Cleaned\frontend\nod
e_modules\react-router\lib\components.tsx:421:13)
          at basename (C:\Users\samhe\OneDrive\Desktop\Cleaned\frontend\node_mo
dules\react-router\lib\components.tsx:225:3)

      504 |                 relatedSubmissionId: row.id,
      505 |             })
    > 506 |             setRows((current) => (current.some((item) => item.id 
=== linked.id) ? current : [...current, linked]))
          |             ^
      507 |             setModalOpen(false)
      508 |         } catch (err) {
      509 |             const message = err instanceof Error ? err.message : 
'Failed to link submission.'

      at printWarning 
(node_modules/react-dom/cjs/react-dom.development.js:86:30)
      at error (node_modules/react-dom/cjs/react-dom.development.js:60:7)
      at warnIfUpdatesNotWrappedWithActDEV 
(node_modules/react-dom/cjs/react-dom.development.js:27628:9)
      at scheduleUpdateOnFiber 
(node_modules/react-dom/cjs/react-dom.development.js:25547:5)
      at dispatchSetState 
(node_modules/react-dom/cjs/react-dom.development.js:16708:7)
      at linkSubmission 
(src/submissions/SubmissionTabs/SubmissionTabs.tsx:506:13)

    console.error
      Warning: An update to RelatedSubmissionsPane inside a test was not 
wrapped in act(...).
      
      When testing, code that causes React state updates should be wrapped 
into act(...):
      
      act(() => {
        /* fire events that update state */
      });
      /* assert on the output */
      
      This ensures that you're testing the behavior the user would see in the 
browser. Learn more at https://reactjs.org/link/wrap-tests-with-act
          at RelatedSubmissionsPane (C:\Users\samhe\OneDrive\Desktop\Cleaned\fr
ontend\src\submissions\SubmissionTabs\SubmissionTabs.tsx:467:35)
          at div
          at div
          at SubmissionTabs (C:\Users\samhe\OneDrive\Desktop\Cleaned\frontend\s
rc\submissions\SubmissionTabs\SubmissionTabs.tsx:695:5)
          at basenameProp (C:\Users\samhe\OneDrive\Desktop\Cleaned\frontend\nod
e_modules\react-router\lib\components.tsx:421:13)
          at basename (C:\Users\samhe\OneDrive\Desktop\Cleaned\frontend\node_mo
dules\react-router\lib\components.tsx:225:3)

      505 |             })
      506 |             setRows((current) => (current.some((item) => item.id 
=== linked.id) ? current : [...current, linked]))
    > 507 |             setModalOpen(false)
          |             ^
      508 |         } catch (err) {
      509 |             const message = err instanceof Error ? err.message : 
'Failed to link submission.'
      510 |             addNotification(`Could not link related submission: 
${message}`, 'error')

      at printWarning 
(node_modules/react-dom/cjs/react-dom.development.js:86:30)
      at error (node_modules/react-dom/cjs/react-dom.development.js:60:7)
      at warnIfUpdatesNotWrappedWithActDEV 
(node_modules/react-dom/cjs/react-dom.development.js:27628:9)
      at scheduleUpdateOnFiber 
(node_modules/react-dom/cjs/react-dom.development.js:25547:5)
      at dispatchSetState 
(node_modules/react-dom/cjs/react-dom.development.js:16708:7)
      at linkSubmission 
(src/submissions/SubmissionTabs/SubmissionTabs.tsx:507:13)

    console.error
      Warning: An update to AuditPane inside a test was not wrapped in 
act(...).
      
      When testing, code that causes React state updates should be wrapped 
into act(...):
      
      act(() => {
        /* fire events that update state */
      });
      /* assert on the output */
      
      This ensures that you're testing the behavior the user would see in the 
browser. Learn more at https://reactjs.org/link/wrap-tests-with-act
          at AuditPane (C:\Users\samhe\OneDrive\Desktop\Cleaned\frontend\src\su
bmissions\SubmissionTabs\SubmissionTabs.tsx:573:22)
          at div
          at div
          at SubmissionTabs (C:\Users\samhe\OneDrive\Desktop\Cleaned\frontend\s
rc\submissions\SubmissionTabs\SubmissionTabs.tsx:695:5)
          at basenameProp (C:\Users\samhe\OneDrive\Desktop\Cleaned\frontend\nod
e_modules\react-router\lib\components.tsx:421:13)
          at basename (C:\Users\samhe\OneDrive\Desktop\Cleaned\frontend\node_mo
dules\react-router\lib\components.tsx:225:3)

      at printWarning 
(node_modules/react-dom/cjs/react-dom.development.js:86:30)
      at error (node_modules/react-dom/cjs/react-dom.development.js:60:7)
      at warnIfUpdatesNotWrappedWithActDEV 
(node_modules/react-dom/cjs/react-dom.development.js:27628:9)
      at scheduleUpdateOnFiber 
(node_modules/react-dom/cjs/react-dom.development.js:25547:5)
      at dispatchSetState 
(node_modules/react-dom/cjs/react-dom.development.js:16708:7)

    console.error
      Warning: An update to AuditPane inside a test was not wrapped in 
act(...).
      
      When testing, code that causes React state updates should be wrapped 
into act(...):
      
      act(() => {
        /* fire events that update state */
      });
      /* assert on the output */
      
      This ensures that you're testing the behavior the user would see in the 
browser. Learn more at https://reactjs.org/link/wrap-tests-with-act
          at AuditPane (C:\Users\samhe\OneDrive\Desktop\Cleaned\frontend\src\su
bmissions\SubmissionTabs\SubmissionTabs.tsx:573:22)
          at div
          at div
          at SubmissionTabs (C:\Users\samhe\OneDrive\Desktop\Cleaned\frontend\s
rc\submissions\SubmissionTabs\SubmissionTabs.tsx:695:5)
          at basenameProp (C:\Users\samhe\OneDrive\Desktop\Cleaned\frontend\nod
e_modules\react-router\lib\components.tsx:421:13)
          at basename (C:\Users\samhe\OneDrive\Desktop\Cleaned\frontend\node_mo
dules\react-router\lib\components.tsx:225:3)

      583 |                 addNotification('Could not load audit trail.', 
'error')
      584 |             })
    > 585 |             .finally(() => setLoading(false))
          |                            ^
      586 |     }, [submissionId, addNotification])
      587 |
      588 |     if (loading) {

      at printWarning 
(node_modules/react-dom/cjs/react-dom.development.js:86:30)
      at error (node_modules/react-dom/cjs/react-dom.development.js:60:7)
      at warnIfUpdatesNotWrappedWithActDEV 
(node_modules/react-dom/cjs/react-dom.development.js:27628:9)
      at scheduleUpdateOnFiber 
(node_modules/react-dom/cjs/react-dom.development.js:25547:5)
      at dispatchSetState 
(node_modules/react-dom/cjs/react-dom.development.js:16708:7)
      at src/submissions/SubmissionTabs/SubmissionTabs.tsx:585:28

    console.error
      Warning: An update to SubmissionTabs inside a test was not wrapped in 
act(...).
      
      When testing, code that causes React state updates should be wrapped 
into act(...):
      
      act(() => {
        /* fire events that update state */
      });
      /* assert on the output */
      
      This ensures that you're testing the behavior the user would see in the 
browser. Learn more at https://reactjs.org/link/wrap-tests-with-act
          at SubmissionTabs (C:\Users\samhe\OneDrive\Desktop\Cleaned\frontend\s
rc\submissions\SubmissionTabs\SubmissionTabs.tsx:695:5)
          at basenameProp (C:\Users\samhe\OneDrive\Desktop\Cleaned\frontend\nod
e_modules\react-router\lib\components.tsx:421:13)
          at basename (C:\Users\samhe\OneDrive\Desktop\Cleaned\frontend\node_mo
dules\react-router\lib\components.tsx:225:3)

      711 |                         role="tab"
      712 |                         aria-selected={activeTab === tab}
    > 713 |                         onClick={() => setActiveTab(tab)}
          |                                        ^
      714 |                         className={`px-4 py-2 -mb-px text-sm 
font-medium border-b-2 transition-colors ${activeTab === tab
      715 |                                 ? 'border-brand-500 text-brand-600'
      716 |                                 : 'border-transparent 
text-gray-500 hover:text-brand-500'

      at printWarning 
(node_modules/react-dom/cjs/react-dom.development.js:86:30)
      at error (node_modules/react-dom/cjs/react-dom.development.js:60:7)
      at warnIfUpdatesNotWrappedWithActDEV 
(node_modules/react-dom/cjs/react-dom.development.js:27628:9)
      at scheduleUpdateOnFiber 
(node_modules/react-dom/cjs/react-dom.development.js:25547:5)
      at dispatchSetState 
(node_modules/react-dom/cjs/react-dom.development.js:16708:7)
      at onClick (src/submissions/SubmissionTabs/SubmissionTabs.tsx:713:40)
      at HTMLUnknownElement.callCallback 
(node_modules/react-dom/cjs/react-dom.development.js:4164:14)
      at HTMLUnknownElement.callTheUserObjectsOperation 
(node_modules/jsdom/lib/jsdom/living/generated/EventListener.js:26:30)
      at innerInvokeEventListeners 
(node_modules/jsdom/lib/jsdom/living/events/EventTarget-impl.js:350:25)
      at invokeEventListeners 
(node_modules/jsdom/lib/jsdom/living/events/EventTarget-impl.js:286:3)
      at HTMLUnknownElementImpl._dispatch 
(node_modules/jsdom/lib/jsdom/living/events/EventTarget-impl.js:233:9)
      at HTMLUnknownElementImpl.dispatchEvent 
(node_modules/jsdom/lib/jsdom/living/events/EventTarget-impl.js:104:17)
      at HTMLUnknownElement.dispatchEvent 
(node_modules/jsdom/lib/jsdom/living/generated/EventTarget.js:241:34)
      at Object.invokeGuardedCallbackDev 
(node_modules/react-dom/cjs/react-dom.development.js:4213:16)
      at invokeGuardedCallback 
(node_modules/react-dom/cjs/react-dom.development.js:4277:31)
      at invokeGuardedCallbackAndCatchFirstError 
(node_modules/react-dom/cjs/react-dom.development.js:4291:25)
      at executeDispatch 
(node_modules/react-dom/cjs/react-dom.development.js:9041:3)
      at processDispatchQueueItemsInOrder 
(node_modules/react-dom/cjs/react-dom.development.js:9073:7)
      at processDispatchQueue 
(node_modules/react-dom/cjs/react-dom.development.js:9086:5)
      at dispatchEventsForPlugins 
(node_modules/react-dom/cjs/react-dom.development.js:9097:3)
      at node_modules/react-dom/cjs/react-dom.development.js:9288:12
      at batchedUpdates$1 
(node_modules/react-dom/cjs/react-dom.development.js:26179:12)
      at batchedUpdates 
(node_modules/react-dom/cjs/react-dom.development.js:3991:12)
      at dispatchEventForPluginEventSystem 
(node_modules/react-dom/cjs/react-dom.development.js:9287:3)
      at dispatchEventWithEnableCapturePhaseSelectiveHydrationWithoutDiscreteEv
entReplay (node_modules/react-dom/cjs/react-dom.development.js:6465:5)
      at dispatchEvent 
(node_modules/react-dom/cjs/react-dom.development.js:6457:5)
      at dispatchDiscreteEvent 
(node_modules/react-dom/cjs/react-dom.development.js:6430:5)
      at HTMLDivElement.callTheUserObjectsOperation 
(node_modules/jsdom/lib/jsdom/living/generated/EventListener.js:26:30)
      at innerInvokeEventListeners 
(node_modules/jsdom/lib/jsdom/living/events/EventTarget-impl.js:350:25)
      at invokeEventListeners 
(node_modules/jsdom/lib/jsdom/living/events/EventTarget-impl.js:286:3)
      at HTMLButtonElementImpl._dispatch 
(node_modules/jsdom/lib/jsdom/living/events/EventTarget-impl.js:233:9)
      at HTMLButtonElementImpl.dispatchEvent 
(node_modules/jsdom/lib/jsdom/living/events/EventTarget-impl.js:104:17)
      at HTMLButtonElement.dispatchEvent 
(node_modules/jsdom/lib/jsdom/living/generated/EventTarget.js:241:34)
      at 
node_modules/@testing-library/user-event/dist/cjs/event/dispatchEvent.js:45:43
      at Object.eventWrapper 
(node_modules/@testing-library/dom/dist/config.js:25:23)
      at Object.wrapEvent 
(node_modules/@testing-library/user-event/dist/cjs/event/wrapEvent.js:6:28)
      at Object.dispatchEvent (node_modules/@testing-library/user-event/dist/cj
s/event/dispatchEvent.js:45:22)
      at Object.dispatchUIEvent (node_modules/@testing-library/user-event/dist/
cjs/event/dispatchEvent.js:22:26)
      at Mouse.up (node_modules/@testing-library/user-event/dist/cjs/system/poi
nter/mouse.js:100:30)
      at PointerHost.release (node_modules/@testing-library/user-event/dist/cjs
/system/pointer/index.js:87:24)
      at pointerAction 
(node_modules/@testing-library/user-event/dist/cjs/pointer/index.js:54:47)
      at Object.pointer 
(node_modules/@testing-library/user-event/dist/cjs/pointer/index.js:27:9)
      at Object.<anonymous> 
(src/submissions/SubmissionTabs/__tests__/SubmissionTabs.test.tsx:590:9)

    console.error
      Warning: An update to RelatedSubmissionsPane inside a test was not 
wrapped in act(...).
      
      When testing, code that causes React state updates should be wrapped 
into act(...):
      
      act(() => {
        /* fire events that update state */
      });
      /* assert on the output */
      
      This ensures that you're testing the behavior the user would see in the 
browser. Learn more at https://reactjs.org/link/wrap-tests-with-act
          at RelatedSubmissionsPane (C:\Users\samhe\OneDrive\Desktop\Cleaned\fr
ontend\src\submissions\SubmissionTabs\SubmissionTabs.tsx:467:35)
          at div
          at div
          at SubmissionTabs (C:\Users\samhe\OneDrive\Desktop\Cleaned\frontend\s
rc\submissions\SubmissionTabs\SubmissionTabs.tsx:695:5)
          at basenameProp (C:\Users\samhe\OneDrive\Desktop\Cleaned\frontend\nod
e_modules\react-router\lib\components.tsx:421:13)
          at basename (C:\Users\samhe\OneDrive\Desktop\Cleaned\frontend\node_mo
dules\react-router\lib\components.tsx:225:3)

      475 |     useEffect(() => {
      476 |         if (!active || loaded || loading) return
    > 477 |         setLoading(true)
          |         ^
      478 |         
get<RelatedSubmissionRow[]>(`/api/submissions/${submissionId}/related`)
      479 |             .then((result) => {
      480 |                 setRows(result)

      at printWarning 
(node_modules/react-dom/cjs/react-dom.development.js:86:30)
      at error (node_modules/react-dom/cjs/react-dom.development.js:60:7)
      at warnIfUpdatesNotWrappedWithActDEV 
(node_modules/react-dom/cjs/react-dom.development.js:27628:9)
      at scheduleUpdateOnFiber 
(node_modules/react-dom/cjs/react-dom.development.js:25547:5)
      at dispatchSetState 
(node_modules/react-dom/cjs/react-dom.development.js:16708:7)
      at src/submissions/SubmissionTabs/SubmissionTabs.tsx:477:9
      at commitHookEffectListMount 
(node_modules/react-dom/cjs/react-dom.development.js:23189:26)
      at commitPassiveMountOnFiber 
(node_modules/react-dom/cjs/react-dom.development.js:24970:11)
      at commitPassiveMountEffects_complete 
(node_modules/react-dom/cjs/react-dom.development.js:24930:9)
      at commitPassiveMountEffects_begin 
(node_modules/react-dom/cjs/react-dom.development.js:24917:7)
      at commitPassiveMountEffects 
(node_modules/react-dom/cjs/react-dom.development.js:24905:3)
      at flushPassiveEffectsImpl 
(node_modules/react-dom/cjs/react-dom.development.js:27078:3)
      at flushPassiveEffects 
(node_modules/react-dom/cjs/react-dom.development.js:27023:14)
      at commitRootImpl 
(node_modules/react-dom/cjs/react-dom.development.js:26974:5)
      at commitRoot 
(node_modules/react-dom/cjs/react-dom.development.js:26721:5)
      at performSyncWorkOnRoot 
(node_modules/react-dom/cjs/react-dom.development.js:26156:3)
      at flushSyncCallbacks 
(node_modules/react-dom/cjs/react-dom.development.js:12042:22)
      at node_modules/react-dom/cjs/react-dom.development.js:25690:13
      at invokeTheCallbackFunction 
(node_modules/jsdom/lib/jsdom/living/generated/Function.js:19:26)
      at node_modules/jsdom/lib/jsdom/browser/Window.js:554:9

    console.error
      Warning: An update to RelatedSubmissionsPane inside a test was not 
wrapped in act(...).
      
      When testing, code that causes React state updates should be wrapped 
into act(...):
      
      act(() => {
        /* fire events that update state */
      });
      /* assert on the output */
      
      This ensures that you're testing the behavior the user would see in the 
browser. Learn more at https://reactjs.org/link/wrap-tests-with-act
          at RelatedSubmissionsPane (C:\Users\samhe\OneDrive\Desktop\Cleaned\fr
ontend\src\submissions\SubmissionTabs\SubmissionTabs.tsx:467:35)
          at div
          at div
          at SubmissionTabs (C:\Users\samhe\OneDrive\Desktop\Cleaned\frontend\s
rc\submissions\SubmissionTabs\SubmissionTabs.tsx:695:5)
          at basenameProp (C:\Users\samhe\OneDrive\Desktop\Cleaned\frontend\nod
e_modules\react-router\lib\components.tsx:421:13)
          at basename (C:\Users\samhe\OneDrive\Desktop\Cleaned\frontend\node_mo
dules\react-router\lib\components.tsx:225:3)

      478 |         
get<RelatedSubmissionRow[]>(`/api/submissions/${submissionId}/related`)
      479 |             .then((result) => {
    > 480 |                 setRows(result)
          |                 ^
      481 |                 setLoaded(true)
      482 |             })
      483 |             .catch((err: Error) => {

      at printWarning 
(node_modules/react-dom/cjs/react-dom.development.js:86:30)
      at error (node_modules/react-dom/cjs/react-dom.development.js:60:7)
      at warnIfUpdatesNotWrappedWithActDEV 
(node_modules/react-dom/cjs/react-dom.development.js:27628:9)
      at scheduleUpdateOnFiber 
(node_modules/react-dom/cjs/react-dom.development.js:25547:5)
      at dispatchSetState 
(node_modules/react-dom/cjs/react-dom.development.js:16708:7)
      at src/submissions/SubmissionTabs/SubmissionTabs.tsx:480:17

    console.error
      Warning: An update to RelatedSubmissionsPane inside a test was not 
wrapped in act(...).
      
      When testing, code that causes React state updates should be wrapped 
into act(...):
      
      act(() => {
        /* fire events that update state */
      });
      /* assert on the output */
      
      This ensures that you're testing the behavior the user would see in the 
browser. Learn more at https://reactjs.org/link/wrap-tests-with-act
          at RelatedSubmissionsPane (C:\Users\samhe\OneDrive\Desktop\Cleaned\fr
ontend\src\submissions\SubmissionTabs\SubmissionTabs.tsx:467:35)
          at div
          at div
          at SubmissionTabs (C:\Users\samhe\OneDrive\Desktop\Cleaned\frontend\s
rc\submissions\SubmissionTabs\SubmissionTabs.tsx:695:5)
          at basenameProp (C:\Users\samhe\OneDrive\Desktop\Cleaned\frontend\nod
e_modules\react-router\lib\components.tsx:421:13)
          at basename (C:\Users\samhe\OneDrive\Desktop\Cleaned\frontend\node_mo
dules\react-router\lib\components.tsx:225:3)

      479 |             .then((result) => {
      480 |                 setRows(result)
    > 481 |                 setLoaded(true)
          |                 ^
      482 |             })
      483 |             .catch((err: Error) => {
      484 |                 setError(err.message ?? 'Failed to load related 
submissions.')

      at printWarning 
(node_modules/react-dom/cjs/react-dom.development.js:86:30)
      at error (node_modules/react-dom/cjs/react-dom.development.js:60:7)
      at warnIfUpdatesNotWrappedWithActDEV 
(node_modules/react-dom/cjs/react-dom.development.js:27628:9)
      at scheduleUpdateOnFiber 
(node_modules/react-dom/cjs/react-dom.development.js:25547:5)
      at dispatchSetState 
(node_modules/react-dom/cjs/react-dom.development.js:16708:7)
      at src/submissions/SubmissionTabs/SubmissionTabs.tsx:481:17

    console.error
      Warning: An update to RelatedSubmissionsPane inside a test was not 
wrapped in act(...).
      
      When testing, code that causes React state updates should be wrapped 
into act(...):
      
      act(() => {
        /* fire events that update state */
      });
      /* assert on the output */
      
      This ensures that you're testing the behavior the user would see in the 
browser. Learn more at https://reactjs.org/link/wrap-tests-with-act
          at RelatedSubmissionsPane (C:\Users\samhe\OneDrive\Desktop\Cleaned\fr
ontend\src\submissions\SubmissionTabs\SubmissionTabs.tsx:467:35)
          at div
          at div
          at SubmissionTabs (C:\Users\samhe\OneDrive\Desktop\Cleaned\frontend\s
rc\submissions\SubmissionTabs\SubmissionTabs.tsx:695:5)
          at basenameProp (C:\Users\samhe\OneDrive\Desktop\Cleaned\frontend\nod
e_modules\react-router\lib\components.tsx:421:13)
          at basename (C:\Users\samhe\OneDrive\Desktop\Cleaned\frontend\node_mo
dules\react-router\lib\components.tsx:225:3)

      486 |                 addNotification('Could not load related 
submissions.', 'error')
      487 |             })
    > 488 |             .finally(() => setLoading(false))
          |                            ^
      489 |     }, [active, loaded, loading, submissionId, addNotification])
      490 |
      491 |     async function removeLink(relatedId: number) {

      at printWarning 
(node_modules/react-dom/cjs/react-dom.development.js:86:30)
      at error (node_modules/react-dom/cjs/react-dom.development.js:60:7)
      at warnIfUpdatesNotWrappedWithActDEV 
(node_modules/react-dom/cjs/react-dom.development.js:27628:9)
      at scheduleUpdateOnFiber 
(node_modules/react-dom/cjs/react-dom.development.js:25547:5)
      at dispatchSetState 
(node_modules/react-dom/cjs/react-dom.development.js:16708:7)
      at src/submissions/SubmissionTabs/SubmissionTabs.tsx:488:28

    console.error
      Warning: An update to AuditPane inside a test was not wrapped in 
act(...).
      
      When testing, code that causes React state updates should be wrapped 
into act(...):
      
      act(() => {
        /* fire events that update state */
      });
      /* assert on the output */
      
      This ensures that you're testing the behavior the user would see in the 
browser. Learn more at https://reactjs.org/link/wrap-tests-with-act
          at AuditPane (C:\Users\samhe\OneDrive\Desktop\Cleaned\frontend\src\su
bmissions\SubmissionTabs\SubmissionTabs.tsx:573:22)
          at div
          at div
          at SubmissionTabs (C:\Users\samhe\OneDrive\Desktop\Cleaned\frontend\s
rc\submissions\SubmissionTabs\SubmissionTabs.tsx:695:5)
          at basenameProp (C:\Users\samhe\OneDrive\Desktop\Cleaned\frontend\nod
e_modules\react-router\lib\components.tsx:421:13)
          at basename (C:\Users\samhe\OneDrive\Desktop\Cleaned\frontend\node_mo
dules\react-router\lib\components.tsx:225:3)

      at printWarning 
(node_modules/react-dom/cjs/react-dom.development.js:86:30)
      at error (node_modules/react-dom/cjs/react-dom.development.js:60:7)
      at warnIfUpdatesNotWrappedWithActDEV 
(node_modules/react-dom/cjs/react-dom.development.js:27628:9)
      at scheduleUpdateOnFiber 
(node_modules/react-dom/cjs/react-dom.development.js:25547:5)
      at dispatchSetState 
(node_modules/react-dom/cjs/react-dom.development.js:16708:7)

    console.error
      Warning: An update to AuditPane inside a test was not wrapped in 
act(...).
      
      When testing, code that causes React state updates should be wrapped 
into act(...):
      
      act(() => {
        /* fire events that update state */
      });
      /* assert on the output */
      
      This ensures that you're testing the behavior the user would see in the 
browser. Learn more at https://reactjs.org/link/wrap-tests-with-act
          at AuditPane (C:\Users\samhe\OneDrive\Desktop\Cleaned\frontend\src\su
bmissions\SubmissionTabs\SubmissionTabs.tsx:573:22)
          at div
          at div
          at SubmissionTabs (C:\Users\samhe\OneDrive\Desktop\Cleaned\frontend\s
rc\submissions\SubmissionTabs\SubmissionTabs.tsx:695:5)
          at basenameProp (C:\Users\samhe\OneDrive\Desktop\Cleaned\frontend\nod
e_modules\react-router\lib\components.tsx:421:13)
          at basename (C:\Users\samhe\OneDrive\Desktop\Cleaned\frontend\node_mo
dules\react-router\lib\components.tsx:225:3)

      583 |                 addNotification('Could not load audit trail.', 
'error')
      584 |             })
    > 585 |             .finally(() => setLoading(false))
          |                            ^
      586 |     }, [submissionId, addNotification])
      587 |
      588 |     if (loading) {

      at printWarning 
(node_modules/react-dom/cjs/react-dom.development.js:86:30)
      at error (node_modules/react-dom/cjs/react-dom.development.js:60:7)
      at warnIfUpdatesNotWrappedWithActDEV 
(node_modules/react-dom/cjs/react-dom.development.js:27628:9)
      at scheduleUpdateOnFiber 
(node_modules/react-dom/cjs/react-dom.development.js:25547:5)
      at dispatchSetState 
(node_modules/react-dom/cjs/react-dom.development.js:16708:7)
      at src/submissions/SubmissionTabs/SubmissionTabs.tsx:585:28

    console.error
      Warning: An update to SubmissionTabs inside a test was not wrapped in 
act(...).
      
      When testing, code that causes React state updates should be wrapped 
into act(...):
      
      act(() => {
        /* fire events that update state */
      });
      /* assert on the output */
      
      This ensures that you're testing the behavior the user would see in the 
browser. Learn more at https://reactjs.org/link/wrap-tests-with-act
          at SubmissionTabs (C:\Users\samhe\OneDrive\Desktop\Cleaned\frontend\s
rc\submissions\SubmissionTabs\SubmissionTabs.tsx:695:5)
          at basenameProp (C:\Users\samhe\OneDrive\Desktop\Cleaned\frontend\nod
e_modules\react-router\lib\components.tsx:421:13)
          at basename (C:\Users\samhe\OneDrive\Desktop\Cleaned\frontend\node_mo
dules\react-router\lib\components.tsx:225:3)

      711 |                         role="tab"
      712 |                         aria-selected={activeTab === tab}
    > 713 |                         onClick={() => setActiveTab(tab)}
          |                                        ^
      714 |                         className={`px-4 py-2 -mb-px text-sm 
font-medium border-b-2 transition-colors ${activeTab === tab
      715 |                                 ? 'border-brand-500 text-brand-600'
      716 |                                 : 'border-transparent 
text-gray-500 hover:text-brand-500'

      at printWarning 
(node_modules/react-dom/cjs/react-dom.development.js:86:30)
      at error (node_modules/react-dom/cjs/react-dom.development.js:60:7)
      at warnIfUpdatesNotWrappedWithActDEV 
(node_modules/react-dom/cjs/react-dom.development.js:27628:9)
      at scheduleUpdateOnFiber 
(node_modules/react-dom/cjs/react-dom.development.js:25547:5)
      at dispatchSetState 
(node_modules/react-dom/cjs/react-dom.development.js:16708:7)
      at onClick (src/submissions/SubmissionTabs/SubmissionTabs.tsx:713:40)
      at HTMLUnknownElement.callCallback 
(node_modules/react-dom/cjs/react-dom.development.js:4164:14)
      at HTMLUnknownElement.callTheUserObjectsOperation 
(node_modules/jsdom/lib/jsdom/living/generated/EventListener.js:26:30)
      at innerInvokeEventListeners 
(node_modules/jsdom/lib/jsdom/living/events/EventTarget-impl.js:350:25)
      at invokeEventListeners 
(node_modules/jsdom/lib/jsdom/living/events/EventTarget-impl.js:286:3)
      at HTMLUnknownElementImpl._dispatch 
(node_modules/jsdom/lib/jsdom/living/events/EventTarget-impl.js:233:9)
      at HTMLUnknownElementImpl.dispatchEvent 
(node_modules/jsdom/lib/jsdom/living/events/EventTarget-impl.js:104:17)
      at HTMLUnknownElement.dispatchEvent 
(node_modules/jsdom/lib/jsdom/living/generated/EventTarget.js:241:34)
      at Object.invokeGuardedCallbackDev 
(node_modules/react-dom/cjs/react-dom.development.js:4213:16)
      at invokeGuardedCallback 
(node_modules/react-dom/cjs/react-dom.development.js:4277:31)
      at invokeGuardedCallbackAndCatchFirstError 
(node_modules/react-dom/cjs/react-dom.development.js:4291:25)
      at executeDispatch 
(node_modules/react-dom/cjs/react-dom.development.js:9041:3)
      at processDispatchQueueItemsInOrder 
(node_modules/react-dom/cjs/react-dom.development.js:9073:7)
      at processDispatchQueue 
(node_modules/react-dom/cjs/react-dom.development.js:9086:5)
      at dispatchEventsForPlugins 
(node_modules/react-dom/cjs/react-dom.development.js:9097:3)
      at node_modules/react-dom/cjs/react-dom.development.js:9288:12
      at batchedUpdates$1 
(node_modules/react-dom/cjs/react-dom.development.js:26179:12)
      at batchedUpdates 
(node_modules/react-dom/cjs/react-dom.development.js:3991:12)
      at dispatchEventForPluginEventSystem 
(node_modules/react-dom/cjs/react-dom.development.js:9287:3)
      at dispatchEventWithEnableCapturePhaseSelectiveHydrationWithoutDiscreteEv
entReplay (node_modules/react-dom/cjs/react-dom.development.js:6465:5)
      at dispatchEvent 
(node_modules/react-dom/cjs/react-dom.development.js:6457:5)
      at dispatchDiscreteEvent 
(node_modules/react-dom/cjs/react-dom.development.js:6430:5)
      at HTMLDivElement.callTheUserObjectsOperation 
(node_modules/jsdom/lib/jsdom/living/generated/EventListener.js:26:30)
      at innerInvokeEventListeners 
(node_modules/jsdom/lib/jsdom/living/events/EventTarget-impl.js:350:25)
      at invokeEventListeners 
(node_modules/jsdom/lib/jsdom/living/events/EventTarget-impl.js:286:3)
      at HTMLButtonElementImpl._dispatch 
(node_modules/jsdom/lib/jsdom/living/events/EventTarget-impl.js:233:9)
      at HTMLButtonElementImpl.dispatchEvent 
(node_modules/jsdom/lib/jsdom/living/events/EventTarget-impl.js:104:17)
      at HTMLButtonElement.dispatchEvent 
(node_modules/jsdom/lib/jsdom/living/generated/EventTarget.js:241:34)
      at 
node_modules/@testing-library/user-event/dist/cjs/event/dispatchEvent.js:45:43
      at Object.eventWrapper 
(node_modules/@testing-library/dom/dist/config.js:25:23)
      at Object.wrapEvent 
(node_modules/@testing-library/user-event/dist/cjs/event/wrapEvent.js:6:28)
      at Object.dispatchEvent (node_modules/@testing-library/user-event/dist/cj
s/event/dispatchEvent.js:45:22)
      at Object.dispatchUIEvent (node_modules/@testing-library/user-event/dist/
cjs/event/dispatchEvent.js:22:26)
      at Mouse.up (node_modules/@testing-library/user-event/dist/cjs/system/poi
nter/mouse.js:100:30)
      at PointerHost.release (node_modules/@testing-library/user-event/dist/cjs
/system/pointer/index.js:87:24)
      at pointerAction 
(node_modules/@testing-library/user-event/dist/cjs/pointer/index.js:54:47)
      at Object.pointer 
(node_modules/@testing-library/user-event/dist/cjs/pointer/index.js:27:9)
      at Object.<anonymous> 
(src/submissions/SubmissionTabs/__tests__/SubmissionTabs.test.tsx:603:9)

    console.error
      Warning: An update to RelatedSubmissionsPane inside a test was not 
wrapped in act(...).
      
      When testing, code that causes React state updates should be wrapped 
into act(...):
      
      act(() => {
        /* fire events that update state */
      });
      /* assert on the output */
      
      This ensures that you're testing the behavior the user would see in the 
browser. Learn more at https://reactjs.org/link/wrap-tests-with-act
          at RelatedSubmissionsPane (C:\Users\samhe\OneDrive\Desktop\Cleaned\fr
ontend\src\submissions\SubmissionTabs\SubmissionTabs.tsx:467:35)
          at div
          at div
          at SubmissionTabs (C:\Users\samhe\OneDrive\Desktop\Cleaned\frontend\s
rc\submissions\SubmissionTabs\SubmissionTabs.tsx:695:5)
          at basenameProp (C:\Users\samhe\OneDrive\Desktop\Cleaned\frontend\nod
e_modules\react-router\lib\components.tsx:421:13)
          at basename (C:\Users\samhe\OneDrive\Desktop\Cleaned\frontend\node_mo
dules\react-router\lib\components.tsx:225:3)

      475 |     useEffect(() => {
      476 |         if (!active || loaded || loading) return
    > 477 |         setLoading(true)
          |         ^
      478 |         
get<RelatedSubmissionRow[]>(`/api/submissions/${submissionId}/related`)
      479 |             .then((result) => {
      480 |                 setRows(result)

      at printWarning 
(node_modules/react-dom/cjs/react-dom.development.js:86:30)
      at error (node_modules/react-dom/cjs/react-dom.development.js:60:7)
      at warnIfUpdatesNotWrappedWithActDEV 
(node_modules/react-dom/cjs/react-dom.development.js:27628:9)
      at scheduleUpdateOnFiber 
(node_modules/react-dom/cjs/react-dom.development.js:25547:5)
      at dispatchSetState 
(node_modules/react-dom/cjs/react-dom.development.js:16708:7)
      at src/submissions/SubmissionTabs/SubmissionTabs.tsx:477:9
      at commitHookEffectListMount 
(node_modules/react-dom/cjs/react-dom.development.js:23189:26)
      at commitPassiveMountOnFiber 
(node_modules/react-dom/cjs/react-dom.development.js:24970:11)
      at commitPassiveMountEffects_complete 
(node_modules/react-dom/cjs/react-dom.development.js:24930:9)
      at commitPassiveMountEffects_begin 
(node_modules/react-dom/cjs/react-dom.development.js:24917:7)
      at commitPassiveMountEffects 
(node_modules/react-dom/cjs/react-dom.development.js:24905:3)
      at flushPassiveEffectsImpl 
(node_modules/react-dom/cjs/react-dom.development.js:27078:3)
      at flushPassiveEffects 
(node_modules/react-dom/cjs/react-dom.development.js:27023:14)
      at commitRootImpl 
(node_modules/react-dom/cjs/react-dom.development.js:26974:5)
      at commitRoot 
(node_modules/react-dom/cjs/react-dom.development.js:26721:5)
      at performSyncWorkOnRoot 
(node_modules/react-dom/cjs/react-dom.development.js:26156:3)
      at flushSyncCallbacks 
(node_modules/react-dom/cjs/react-dom.development.js:12042:22)
      at node_modules/react-dom/cjs/react-dom.development.js:25690:13
      at invokeTheCallbackFunction 
(node_modules/jsdom/lib/jsdom/living/generated/Function.js:19:26)
      at node_modules/jsdom/lib/jsdom/browser/Window.js:554:9

    console.error
      Warning: An update to RelatedSubmissionsPane inside a test was not 
wrapped in act(...).
      
      When testing, code that causes React state updates should be wrapped 
into act(...):
      
      act(() => {
        /* fire events that update state */
      });
      /* assert on the output */
      
      This ensures that you're testing the behavior the user would see in the 
browser. Learn more at https://reactjs.org/link/wrap-tests-with-act
          at RelatedSubmissionsPane (C:\Users\samhe\OneDrive\Desktop\Cleaned\fr
ontend\src\submissions\SubmissionTabs\SubmissionTabs.tsx:467:35)
          at div
          at div
          at SubmissionTabs (C:\Users\samhe\OneDrive\Desktop\Cleaned\frontend\s
rc\submissions\SubmissionTabs\SubmissionTabs.tsx:695:5)
          at basenameProp (C:\Users\samhe\OneDrive\Desktop\Cleaned\frontend\nod
e_modules\react-router\lib\components.tsx:421:13)
          at basename (C:\Users\samhe\OneDrive\Desktop\Cleaned\frontend\node_mo
dules\react-router\lib\components.tsx:225:3)

      482 |             })
      483 |             .catch((err: Error) => {
    > 484 |                 setError(err.message ?? 'Failed to load related 
submissions.')
          |                 ^
      485 |                 setLoaded(true)
      486 |                 addNotification('Could not load related 
submissions.', 'error')
      487 |             })

      at printWarning 
(node_modules/react-dom/cjs/react-dom.development.js:86:30)
      at error (node_modules/react-dom/cjs/react-dom.development.js:60:7)
      at warnIfUpdatesNotWrappedWithActDEV 
(node_modules/react-dom/cjs/react-dom.development.js:27628:9)
      at scheduleUpdateOnFiber 
(node_modules/react-dom/cjs/react-dom.development.js:25547:5)
      at dispatchSetState 
(node_modules/react-dom/cjs/react-dom.development.js:16708:7)
      at src/submissions/SubmissionTabs/SubmissionTabs.tsx:484:17

    console.error
      Warning: An update to RelatedSubmissionsPane inside a test was not 
wrapped in act(...).
      
      When testing, code that causes React state updates should be wrapped 
into act(...):
      
      act(() => {
        /* fire events that update state */
      });
      /* assert on the output */
      
      This ensures that you're testing the behavior the user would see in the 
browser. Learn more at https://reactjs.org/link/wrap-tests-with-act
          at RelatedSubmissionsPane (C:\Users\samhe\OneDrive\Desktop\Cleaned\fr
ontend\src\submissions\SubmissionTabs\SubmissionTabs.tsx:467:35)
          at div
          at div
          at SubmissionTabs (C:\Users\samhe\OneDrive\Desktop\Cleaned\frontend\s
rc\submissions\SubmissionTabs\SubmissionTabs.tsx:695:5)
          at basenameProp (C:\Users\samhe\OneDrive\Desktop\Cleaned\frontend\nod
e_modules\react-router\lib\components.tsx:421:13)
          at basename (C:\Users\samhe\OneDrive\Desktop\Cleaned\frontend\node_mo
dules\react-router\lib\components.tsx:225:3)

      483 |             .catch((err: Error) => {
      484 |                 setError(err.message ?? 'Failed to load related 
submissions.')
    > 485 |                 setLoaded(true)
          |                 ^
      486 |                 addNotification('Could not load related 
submissions.', 'error')
      487 |             })
      488 |             .finally(() => setLoading(false))

      at printWarning 
(node_modules/react-dom/cjs/react-dom.development.js:86:30)
      at error (node_modules/react-dom/cjs/react-dom.development.js:60:7)
      at warnIfUpdatesNotWrappedWithActDEV 
(node_modules/react-dom/cjs/react-dom.development.js:27628:9)
      at scheduleUpdateOnFiber 
(node_modules/react-dom/cjs/react-dom.development.js:25547:5)
      at dispatchSetState 
(node_modules/react-dom/cjs/react-dom.development.js:16708:7)
      at src/submissions/SubmissionTabs/SubmissionTabs.tsx:485:17

    console.error
      Warning: An update to RelatedSubmissionsPane inside a test was not 
wrapped in act(...).
      
      When testing, code that causes React state updates should be wrapped 
into act(...):
      
      act(() => {
        /* fire events that update state */
      });
      /* assert on the output */
      
      This ensures that you're testing the behavior the user would see in the 
browser. Learn more at https://reactjs.org/link/wrap-tests-with-act
          at RelatedSubmissionsPane (C:\Users\samhe\OneDrive\Desktop\Cleaned\fr
ontend\src\submissions\SubmissionTabs\SubmissionTabs.tsx:467:35)
          at div
          at div
          at SubmissionTabs (C:\Users\samhe\OneDrive\Desktop\Cleaned\frontend\s
rc\submissions\SubmissionTabs\SubmissionTabs.tsx:695:5)
          at basenameProp (C:\Users\samhe\OneDrive\Desktop\Cleaned\frontend\nod
e_modules\react-router\lib\components.tsx:421:13)
          at basename (C:\Users\samhe\OneDrive\Desktop\Cleaned\frontend\node_mo
dules\react-router\lib\components.tsx:225:3)

      486 |                 addNotification('Could not load related 
submissions.', 'error')
      487 |             })
    > 488 |             .finally(() => setLoading(false))
          |                            ^
      489 |     }, [active, loaded, loading, submissionId, addNotification])
      490 |
      491 |     async function removeLink(relatedId: number) {

      at printWarning 
(node_modules/react-dom/cjs/react-dom.development.js:86:30)
      at error (node_modules/react-dom/cjs/react-dom.development.js:60:7)
      at warnIfUpdatesNotWrappedWithActDEV 
(node_modules/react-dom/cjs/react-dom.development.js:27628:9)
      at scheduleUpdateOnFiber 
(node_modules/react-dom/cjs/react-dom.development.js:25547:5)
      at dispatchSetState 
(node_modules/react-dom/cjs/react-dom.development.js:16708:7)
      at src/submissions/SubmissionTabs/SubmissionTabs.tsx:488:28

PASS src/reporting/__tests__/reports.test.tsx (32.279 s)
  ÔùÅ Console

    console.warn
      ÔÜá´©Å React Router Future Flag Warning: React Router will begin 
wrapping state updates in `React.startTransition` in v7. You can use the 
`v7_startTransition` future flag to opt-in early. For more information, see 
https://reactrouter.com/v6/upgrading/future#v7_starttransition.

      111 |
      112 | function renderListPage(path = '/reports') {
    > 113 |     return render(
          |                  ^
      114 |         <MemoryRouter initialEntries={[path]}>
      115 |             <ReportsListPage />
      116 |         </MemoryRouter>,

      at warn (node_modules/react-router/lib/deprecations.ts:9:13)
      at warnOnce (node_modules/react-router/lib/deprecations.ts:14:3)
      at logDeprecation (node_modules/react-router/lib/deprecations.ts:26:5)
      at logV6DeprecationWarnings 
(node_modules/react-router/lib/components.tsx:257:25)
      at commitHookEffectListMount 
(node_modules/react-dom/cjs/react-dom.development.js:23189:26)
      at commitPassiveMountOnFiber 
(node_modules/react-dom/cjs/react-dom.development.js:24970:11)
      at commitPassiveMountEffects_complete 
(node_modules/react-dom/cjs/react-dom.development.js:24930:9)
      at commitPassiveMountEffects_begin 
(node_modules/react-dom/cjs/react-dom.development.js:24917:7)
      at commitPassiveMountEffects 
(node_modules/react-dom/cjs/react-dom.development.js:24905:3)
      at flushPassiveEffectsImpl 
(node_modules/react-dom/cjs/react-dom.development.js:27078:3)
      at flushPassiveEffects 
(node_modules/react-dom/cjs/react-dom.development.js:27023:14)
      at node_modules/react-dom/cjs/react-dom.development.js:26808:9
      at flushActQueue (node_modules/react/cjs/react.development.js:2667:24)
      at act (node_modules/react/cjs/react.development.js:2582:11)
      at node_modules/@testing-library/react/dist/act-compat.js:47:25
      at renderRoot (node_modules/@testing-library/react/dist/pure.js:180:26)
      at render (node_modules/@testing-library/react/dist/pure.js:271:10)
      at renderListPage (src/reporting/__tests__/reports.test.tsx:113:18)
      at Object.<anonymous> (src/reporting/__tests__/reports.test.tsx:160:9)

    console.warn
      ÔÜá´©Å React Router Future Flag Warning: Relative route resolution 
within Splat routes is changing in v7. You can use the `v7_relativeSplatPath` 
future flag to opt-in early. For more information, see 
https://reactrouter.com/v6/upgrading/future#v7_relativesplatpath.

      111 |
      112 | function renderListPage(path = '/reports') {
    > 113 |     return render(
          |                  ^
      114 |         <MemoryRouter initialEntries={[path]}>
      115 |             <ReportsListPage />
      116 |         </MemoryRouter>,

      at warn (node_modules/react-router/lib/deprecations.ts:9:13)
      at warnOnce (node_modules/react-router/lib/deprecations.ts:14:3)
      at logDeprecation (node_modules/react-router/lib/deprecations.ts:37:5)
      at logV6DeprecationWarnings 
(node_modules/react-router/lib/components.tsx:257:25)
      at commitHookEffectListMount 
(node_modules/react-dom/cjs/react-dom.development.js:23189:26)
      at commitPassiveMountOnFiber 
(node_modules/react-dom/cjs/react-dom.development.js:24970:11)
      at commitPassiveMountEffects_complete 
(node_modules/react-dom/cjs/react-dom.development.js:24930:9)
      at commitPassiveMountEffects_begin 
(node_modules/react-dom/cjs/react-dom.development.js:24917:7)
      at commitPassiveMountEffects 
(node_modules/react-dom/cjs/react-dom.development.js:24905:3)
      at flushPassiveEffectsImpl 
(node_modules/react-dom/cjs/react-dom.development.js:27078:3)
      at flushPassiveEffects 
(node_modules/react-dom/cjs/react-dom.development.js:27023:14)
      at node_modules/react-dom/cjs/react-dom.development.js:26808:9
      at flushActQueue (node_modules/react/cjs/react.development.js:2667:24)
      at act (node_modules/react/cjs/react.development.js:2582:11)
      at node_modules/@testing-library/react/dist/act-compat.js:47:25
      at renderRoot (node_modules/@testing-library/react/dist/pure.js:180:26)
      at render (node_modules/@testing-library/react/dist/pure.js:271:10)
      at renderListPage (src/reporting/__tests__/reports.test.tsx:113:18)
      at Object.<anonymous> (src/reporting/__tests__/reports.test.tsx:160:9)

    console.error
      Warning: An update to MemoryRouter inside a test was not wrapped in 
act(...).
      
      When testing, code that causes React state updates should be wrapped 
into act(...):
      
      act(() => {
        /* fire events that update state */
      });
      /* assert on the output */
      
      This ensures that you're testing the behavior the user would see in the 
browser. Learn more at https://reactjs.org/link/wrap-tests-with-act
          at basename (C:\Users\samhe\OneDrive\Desktop\Cleaned\frontend\node_mo
dules\react-router\lib\components.tsx:225:3)

      142 |                                             <button
      143 |                                                 type="button"
    > 144 |                                                 onClick={() => 
navigate(`/reports/run/${t.data_source}`)}
          |                                                                ^
      145 |                                                 title="Run Report"
      146 |                                                 className="p-2 
text-brand-500 hover:text-brand-700 hover:bg-brand-50 rounded"
      147 |                                             >

      at printWarning 
(node_modules/react-dom/cjs/react-dom.development.js:86:30)
      at error (node_modules/react-dom/cjs/react-dom.development.js:60:7)
      at warnIfUpdatesNotWrappedWithActDEV 
(node_modules/react-dom/cjs/react-dom.development.js:27628:9)
      at scheduleUpdateOnFiber 
(node_modules/react-dom/cjs/react-dom.development.js:25547:5)
      at dispatchSetState 
(node_modules/react-dom/cjs/react-dom.development.js:16708:7)
      at setStateImpl (node_modules/react-router/lib/components.tsx:250:11)
      at listener (node_modules/@remix-run/router/history.ts:306:9)
      at node_modules/react-router/lib/hooks.tsx:243:62
      at onClick (src/reporting/ReportsListPage/ReportsListPage.tsx:144:64)
      at HTMLUnknownElement.callCallback 
(node_modules/react-dom/cjs/react-dom.development.js:4164:14)
      at HTMLUnknownElement.callTheUserObjectsOperation 
(node_modules/jsdom/lib/jsdom/living/generated/EventListener.js:26:30)
      at innerInvokeEventListeners 
(node_modules/jsdom/lib/jsdom/living/events/EventTarget-impl.js:350:25)
      at invokeEventListeners 
(node_modules/jsdom/lib/jsdom/living/events/EventTarget-impl.js:286:3)
      at HTMLUnknownElementImpl._dispatch 
(node_modules/jsdom/lib/jsdom/living/events/EventTarget-impl.js:233:9)
      at HTMLUnknownElementImpl.dispatchEvent 
(node_modules/jsdom/lib/jsdom/living/events/EventTarget-impl.js:104:17)
      at HTMLUnknownElement.dispatchEvent 
(node_modules/jsdom/lib/jsdom/living/generated/EventTarget.js:241:34)
      at Object.invokeGuardedCallbackDev 
(node_modules/react-dom/cjs/react-dom.development.js:4213:16)
      at invokeGuardedCallback 
(node_modules/react-dom/cjs/react-dom.development.js:4277:31)
      at invokeGuardedCallbackAndCatchFirstError 
(node_modules/react-dom/cjs/react-dom.development.js:4291:25)
      at executeDispatch 
(node_modules/react-dom/cjs/react-dom.development.js:9041:3)
      at processDispatchQueueItemsInOrder 
(node_modules/react-dom/cjs/react-dom.development.js:9073:7)
      at processDispatchQueue 
(node_modules/react-dom/cjs/react-dom.development.js:9086:5)
      at dispatchEventsForPlugins 
(node_modules/react-dom/cjs/react-dom.development.js:9097:3)
      at node_modules/react-dom/cjs/react-dom.development.js:9288:12
      at batchedUpdates$1 
(node_modules/react-dom/cjs/react-dom.development.js:26179:12)
      at batchedUpdates 
(node_modules/react-dom/cjs/react-dom.development.js:3991:12)
      at dispatchEventForPluginEventSystem 
(node_modules/react-dom/cjs/react-dom.development.js:9287:3)
      at dispatchEventWithEnableCapturePhaseSelectiveHydrationWithoutDiscreteEv
entReplay (node_modules/react-dom/cjs/react-dom.development.js:6465:5)
      at dispatchEvent 
(node_modules/react-dom/cjs/react-dom.development.js:6457:5)
      at dispatchDiscreteEvent 
(node_modules/react-dom/cjs/react-dom.development.js:6430:5)
      at HTMLDivElement.callTheUserObjectsOperation 
(node_modules/jsdom/lib/jsdom/living/generated/EventListener.js:26:30)
      at innerInvokeEventListeners 
(node_modules/jsdom/lib/jsdom/living/events/EventTarget-impl.js:350:25)
      at invokeEventListeners 
(node_modules/jsdom/lib/jsdom/living/events/EventTarget-impl.js:286:3)
      at HTMLButtonElementImpl._dispatch 
(node_modules/jsdom/lib/jsdom/living/events/EventTarget-impl.js:233:9)
      at HTMLButtonElementImpl.dispatchEvent 
(node_modules/jsdom/lib/jsdom/living/events/EventTarget-impl.js:104:17)
      at HTMLButtonElement.dispatchEvent 
(node_modules/jsdom/lib/jsdom/living/generated/EventTarget.js:241:34)
      at 
node_modules/@testing-library/user-event/dist/cjs/event/dispatchEvent.js:45:43
      at Object.eventWrapper 
(node_modules/@testing-library/dom/dist/config.js:25:23)
      at Object.wrapEvent 
(node_modules/@testing-library/user-event/dist/cjs/event/wrapEvent.js:6:28)
      at Object.dispatchEvent (node_modules/@testing-library/user-event/dist/cj
s/event/dispatchEvent.js:45:22)
      at Object.dispatchUIEvent (node_modules/@testing-library/user-event/dist/
cjs/event/dispatchEvent.js:22:26)
      at Mouse.up (node_modules/@testing-library/user-event/dist/cjs/system/poi
nter/mouse.js:100:30)
      at PointerHost.release (node_modules/@testing-library/user-event/dist/cjs
/system/pointer/index.js:87:24)
      at pointerAction 
(node_modules/@testing-library/user-event/dist/cjs/pointer/index.js:54:47)
      at Object.pointer 
(node_modules/@testing-library/user-event/dist/cjs/pointer/index.js:27:9)
      at Object.<anonymous> (src/reporting/__tests__/reports.test.tsx:218:9)

    console.error
      Warning: An update to MemoryRouter inside a test was not wrapped in 
act(...).
      
      When testing, code that causes React state updates should be wrapped 
into act(...):
      
      act(() => {
        /* fire events that update state */
      });
      /* assert on the output */
      
      This ensures that you're testing the behavior the user would see in the 
browser. Learn more at https://reactjs.org/link/wrap-tests-with-act
          at basename (C:\Users\samhe\OneDrive\Desktop\Cleaned\frontend\node_mo
dules\react-router\lib\components.tsx:225:3)

      252 |                                                     <button
      253 |                                                         
type="button"
    > 254 |                                                         
onClick={() => navigate(t.type === 'dashboard' ? `/dashboards/edit/${t.id}` : 
`/reports/edit/${t.id}`)}
          |                                                                    
    ^
      255 |                                                         
className="p-2 text-brand-500 hover:text-brand-700 hover:bg-brand-50 rounded"
      256 |                                                         
title="Edit Report"
      257 |                                                     >

      at printWarning 
(node_modules/react-dom/cjs/react-dom.development.js:86:30)
      at error (node_modules/react-dom/cjs/react-dom.development.js:60:7)
      at warnIfUpdatesNotWrappedWithActDEV 
(node_modules/react-dom/cjs/react-dom.development.js:27628:9)
      at scheduleUpdateOnFiber 
(node_modules/react-dom/cjs/react-dom.development.js:25547:5)
      at dispatchSetState 
(node_modules/react-dom/cjs/react-dom.development.js:16708:7)
      at setStateImpl (node_modules/react-router/lib/components.tsx:250:11)
      at listener (node_modules/@remix-run/router/history.ts:306:9)
      at node_modules/react-router/lib/hooks.tsx:243:62
      at onClick (src/reporting/ReportsListPage/ReportsListPage.tsx:254:72)
      at HTMLUnknownElement.callCallback 
(node_modules/react-dom/cjs/react-dom.development.js:4164:14)
      at HTMLUnknownElement.callTheUserObjectsOperation 
(node_modules/jsdom/lib/jsdom/living/generated/EventListener.js:26:30)
      at innerInvokeEventListeners 
(node_modules/jsdom/lib/jsdom/living/events/EventTarget-impl.js:350:25)
      at invokeEventListeners 
(node_modules/jsdom/lib/jsdom/living/events/EventTarget-impl.js:286:3)
      at HTMLUnknownElementImpl._dispatch 
(node_modules/jsdom/lib/jsdom/living/events/EventTarget-impl.js:233:9)
      at HTMLUnknownElementImpl.dispatchEvent 
(node_modules/jsdom/lib/jsdom/living/events/EventTarget-impl.js:104:17)
      at HTMLUnknownElement.dispatchEvent 
(node_modules/jsdom/lib/jsdom/living/generated/EventTarget.js:241:34)
      at Object.invokeGuardedCallbackDev 
(node_modules/react-dom/cjs/react-dom.development.js:4213:16)
      at invokeGuardedCallback 
(node_modules/react-dom/cjs/react-dom.development.js:4277:31)
      at invokeGuardedCallbackAndCatchFirstError 
(node_modules/react-dom/cjs/react-dom.development.js:4291:25)
      at executeDispatch 
(node_modules/react-dom/cjs/react-dom.development.js:9041:3)
      at processDispatchQueueItemsInOrder 
(node_modules/react-dom/cjs/react-dom.development.js:9073:7)
      at processDispatchQueue 
(node_modules/react-dom/cjs/react-dom.development.js:9086:5)
      at dispatchEventsForPlugins 
(node_modules/react-dom/cjs/react-dom.development.js:9097:3)
      at node_modules/react-dom/cjs/react-dom.development.js:9288:12
      at batchedUpdates$1 
(node_modules/react-dom/cjs/react-dom.development.js:26179:12)
      at batchedUpdates 
(node_modules/react-dom/cjs/react-dom.development.js:3991:12)
      at dispatchEventForPluginEventSystem 
(node_modules/react-dom/cjs/react-dom.development.js:9287:3)
      at dispatchEventWithEnableCapturePhaseSelectiveHydrationWithoutDiscreteEv
entReplay (node_modules/react-dom/cjs/react-dom.development.js:6465:5)
      at dispatchEvent 
(node_modules/react-dom/cjs/react-dom.development.js:6457:5)
      at dispatchDiscreteEvent 
(node_modules/react-dom/cjs/react-dom.development.js:6430:5)
      at HTMLDivElement.callTheUserObjectsOperation 
(node_modules/jsdom/lib/jsdom/living/generated/EventListener.js:26:30)
      at innerInvokeEventListeners 
(node_modules/jsdom/lib/jsdom/living/events/EventTarget-impl.js:350:25)
      at invokeEventListeners 
(node_modules/jsdom/lib/jsdom/living/events/EventTarget-impl.js:286:3)
      at HTMLButtonElementImpl._dispatch 
(node_modules/jsdom/lib/jsdom/living/events/EventTarget-impl.js:233:9)
      at HTMLButtonElementImpl.dispatchEvent 
(node_modules/jsdom/lib/jsdom/living/events/EventTarget-impl.js:104:17)
      at HTMLButtonElement.dispatchEvent 
(node_modules/jsdom/lib/jsdom/living/generated/EventTarget.js:241:34)
      at 
node_modules/@testing-library/user-event/dist/cjs/event/dispatchEvent.js:45:43
      at Object.eventWrapper 
(node_modules/@testing-library/dom/dist/config.js:25:23)
      at Object.wrapEvent 
(node_modules/@testing-library/user-event/dist/cjs/event/wrapEvent.js:6:28)
      at Object.dispatchEvent (node_modules/@testing-library/user-event/dist/cj
s/event/dispatchEvent.js:45:22)
      at Object.dispatchUIEvent (node_modules/@testing-library/user-event/dist/
cjs/event/dispatchEvent.js:22:26)
      at Mouse.up (node_modules/@testing-library/user-event/dist/cjs/system/poi
nter/mouse.js:100:30)
      at PointerHost.release (node_modules/@testing-library/user-event/dist/cjs
/system/pointer/index.js:87:24)
      at pointerAction 
(node_modules/@testing-library/user-event/dist/cjs/pointer/index.js:54:47)
      at Object.pointer 
(node_modules/@testing-library/user-event/dist/cjs/pointer/index.js:27:9)
      at Object.<anonymous> (src/reporting/__tests__/reports.test.tsx:248:9)

    console.error
      Warning: An update to MemoryRouter inside a test was not wrapped in 
act(...).
      
      When testing, code that causes React state updates should be wrapped 
into act(...):
      
      act(() => {
        /* fire events that update state */
      });
      /* assert on the output */
      
      This ensures that you're testing the behavior the user would see in the 
browser. Learn more at https://reactjs.org/link/wrap-tests-with-act
          at basename (C:\Users\samhe\OneDrive\Desktop\Cleaned\frontend\node_mo
dules\react-router\lib\components.tsx:225:3)

      244 |                                                     <button
      245 |                                                         
type="button"
    > 246 |                                                         
onClick={() => navigate(primaryActionPath)}
          |                                                                    
    ^
      247 |                                                         
className="p-2 text-brand-500 hover:text-brand-700 hover:bg-brand-50 rounded"
      248 |                                                         
title={primaryActionLabel}
      249 |                                                     >

      at printWarning 
(node_modules/react-dom/cjs/react-dom.development.js:86:30)
      at error (node_modules/react-dom/cjs/react-dom.development.js:60:7)
      at warnIfUpdatesNotWrappedWithActDEV 
(node_modules/react-dom/cjs/react-dom.development.js:27628:9)
      at scheduleUpdateOnFiber 
(node_modules/react-dom/cjs/react-dom.development.js:25547:5)
      at dispatchSetState 
(node_modules/react-dom/cjs/react-dom.development.js:16708:7)
      at setStateImpl (node_modules/react-router/lib/components.tsx:250:11)
      at listener (node_modules/@remix-run/router/history.ts:306:9)
      at node_modules/react-router/lib/hooks.tsx:243:62
      at onClick (src/reporting/ReportsListPage/ReportsListPage.tsx:246:72)
      at HTMLUnknownElement.callCallback 
(node_modules/react-dom/cjs/react-dom.development.js:4164:14)
      at HTMLUnknownElement.callTheUserObjectsOperation 
(node_modules/jsdom/lib/jsdom/living/generated/EventListener.js:26:30)
      at innerInvokeEventListeners 
(node_modules/jsdom/lib/jsdom/living/events/EventTarget-impl.js:350:25)
      at invokeEventListeners 
(node_modules/jsdom/lib/jsdom/living/events/EventTarget-impl.js:286:3)
      at HTMLUnknownElementImpl._dispatch 
(node_modules/jsdom/lib/jsdom/living/events/EventTarget-impl.js:233:9)
      at HTMLUnknownElementImpl.dispatchEvent 
(node_modules/jsdom/lib/jsdom/living/events/EventTarget-impl.js:104:17)
      at HTMLUnknownElement.dispatchEvent 
(node_modules/jsdom/lib/jsdom/living/generated/EventTarget.js:241:34)
      at Object.invokeGuardedCallbackDev 
(node_modules/react-dom/cjs/react-dom.development.js:4213:16)
      at invokeGuardedCallback 
(node_modules/react-dom/cjs/react-dom.development.js:4277:31)
      at invokeGuardedCallbackAndCatchFirstError 
(node_modules/react-dom/cjs/react-dom.development.js:4291:25)
      at executeDispatch 
(node_modules/react-dom/cjs/react-dom.development.js:9041:3)
      at processDispatchQueueItemsInOrder 
(node_modules/react-dom/cjs/react-dom.development.js:9073:7)
      at processDispatchQueue 
(node_modules/react-dom/cjs/react-dom.development.js:9086:5)
      at dispatchEventsForPlugins 
(node_modules/react-dom/cjs/react-dom.development.js:9097:3)
      at node_modules/react-dom/cjs/react-dom.development.js:9288:12
      at batchedUpdates$1 
(node_modules/react-dom/cjs/react-dom.development.js:26179:12)
      at batchedUpdates 
(node_modules/react-dom/cjs/react-dom.development.js:3991:12)
      at dispatchEventForPluginEventSystem 
(node_modules/react-dom/cjs/react-dom.development.js:9287:3)
      at dispatchEventWithEnableCapturePhaseSelectiveHydrationWithoutDiscreteEv
entReplay (node_modules/react-dom/cjs/react-dom.development.js:6465:5)
      at dispatchEvent 
(node_modules/react-dom/cjs/react-dom.development.js:6457:5)
      at dispatchDiscreteEvent 
(node_modules/react-dom/cjs/react-dom.development.js:6430:5)
      at HTMLDivElement.callTheUserObjectsOperation 
(node_modules/jsdom/lib/jsdom/living/generated/EventListener.js:26:30)
      at innerInvokeEventListeners 
(node_modules/jsdom/lib/jsdom/living/events/EventTarget-impl.js:350:25)
      at invokeEventListeners 
(node_modules/jsdom/lib/jsdom/living/events/EventTarget-impl.js:286:3)
      at HTMLButtonElementImpl._dispatch 
(node_modules/jsdom/lib/jsdom/living/events/EventTarget-impl.js:233:9)
      at HTMLButtonElementImpl.dispatchEvent 
(node_modules/jsdom/lib/jsdom/living/events/EventTarget-impl.js:104:17)
      at HTMLButtonElement.dispatchEvent 
(node_modules/jsdom/lib/jsdom/living/generated/EventTarget.js:241:34)
      at 
node_modules/@testing-library/user-event/dist/cjs/event/dispatchEvent.js:45:43
      at Object.eventWrapper 
(node_modules/@testing-library/dom/dist/config.js:25:23)
      at Object.wrapEvent 
(node_modules/@testing-library/user-event/dist/cjs/event/wrapEvent.js:6:28)
      at Object.dispatchEvent (node_modules/@testing-library/user-event/dist/cj
s/event/dispatchEvent.js:45:22)
      at Object.dispatchUIEvent (node_modules/@testing-library/user-event/dist/
cjs/event/dispatchEvent.js:22:26)
      at Mouse.up (node_modules/@testing-library/user-event/dist/cjs/system/poi
nter/mouse.js:100:30)
      at PointerHost.release (node_modules/@testing-library/user-event/dist/cjs
/system/pointer/index.js:87:24)
      at pointerAction 
(node_modules/@testing-library/user-event/dist/cjs/pointer/index.js:54:47)
      at Object.pointer 
(node_modules/@testing-library/user-event/dist/cjs/pointer/index.js:27:9)
      at Object.<anonymous> (src/reporting/__tests__/reports.test.tsx:266:9)

    console.error
      Warning: An update to MemoryRouter inside a test was not wrapped in 
act(...).
      
      When testing, code that causes React state updates should be wrapped 
into act(...):
      
      act(() => {
        /* fire events that update state */
      });
      /* assert on the output */
      
      This ensures that you're testing the behavior the user would see in the 
browser. Learn more at https://reactjs.org/link/wrap-tests-with-act
          at basename (C:\Users\samhe\OneDrive\Desktop\Cleaned\frontend\node_mo
dules\react-router\lib\components.tsx:225:3)

      183 |                                             <button
      184 |                                                 type="button"
    > 185 |                                                 onClick={() => 
navigate(`/dashboards/view/${d.coreSlug}`)}
          |                                                                ^
      186 |                                                 title="View 
Dashboard"
      187 |                                                 className="p-2 
text-brand-500 hover:text-brand-700 hover:bg-brand-50 rounded"
      188 |                                             >

      at printWarning 
(node_modules/react-dom/cjs/react-dom.development.js:86:30)
      at error (node_modules/react-dom/cjs/react-dom.development.js:60:7)
      at warnIfUpdatesNotWrappedWithActDEV 
(node_modules/react-dom/cjs/react-dom.development.js:27628:9)
      at scheduleUpdateOnFiber 
(node_modules/react-dom/cjs/react-dom.development.js:25547:5)
      at dispatchSetState 
(node_modules/react-dom/cjs/react-dom.development.js:16708:7)
      at setStateImpl (node_modules/react-router/lib/components.tsx:250:11)
      at listener (node_modules/@remix-run/router/history.ts:306:9)
      at node_modules/react-router/lib/hooks.tsx:243:62
      at onClick (src/reporting/ReportsListPage/ReportsListPage.tsx:185:64)
      at HTMLUnknownElement.callCallback 
(node_modules/react-dom/cjs/react-dom.development.js:4164:14)
      at HTMLUnknownElement.callTheUserObjectsOperation 
(node_modules/jsdom/lib/jsdom/living/generated/EventListener.js:26:30)
      at innerInvokeEventListeners 
(node_modules/jsdom/lib/jsdom/living/events/EventTarget-impl.js:350:25)
      at invokeEventListeners 
(node_modules/jsdom/lib/jsdom/living/events/EventTarget-impl.js:286:3)
      at HTMLUnknownElementImpl._dispatch 
(node_modules/jsdom/lib/jsdom/living/events/EventTarget-impl.js:233:9)
      at HTMLUnknownElementImpl.dispatchEvent 
(node_modules/jsdom/lib/jsdom/living/events/EventTarget-impl.js:104:17)
      at HTMLUnknownElement.dispatchEvent 
(node_modules/jsdom/lib/jsdom/living/generated/EventTarget.js:241:34)
      at Object.invokeGuardedCallbackDev 
(node_modules/react-dom/cjs/react-dom.development.js:4213:16)
      at invokeGuardedCallback 
(node_modules/react-dom/cjs/react-dom.development.js:4277:31)
      at invokeGuardedCallbackAndCatchFirstError 
(node_modules/react-dom/cjs/react-dom.development.js:4291:25)
      at executeDispatch 
(node_modules/react-dom/cjs/react-dom.development.js:9041:3)
      at processDispatchQueueItemsInOrder 
(node_modules/react-dom/cjs/react-dom.development.js:9073:7)
      at processDispatchQueue 
(node_modules/react-dom/cjs/react-dom.development.js:9086:5)
      at dispatchEventsForPlugins 
(node_modules/react-dom/cjs/react-dom.development.js:9097:3)
      at node_modules/react-dom/cjs/react-dom.development.js:9288:12
      at batchedUpdates$1 
(node_modules/react-dom/cjs/react-dom.development.js:26179:12)
      at batchedUpdates 
(node_modules/react-dom/cjs/react-dom.development.js:3991:12)
      at dispatchEventForPluginEventSystem 
(node_modules/react-dom/cjs/react-dom.development.js:9287:3)
      at dispatchEventWithEnableCapturePhaseSelectiveHydrationWithoutDiscreteEv
entReplay (node_modules/react-dom/cjs/react-dom.development.js:6465:5)
      at dispatchEvent 
(node_modules/react-dom/cjs/react-dom.development.js:6457:5)
      at dispatchDiscreteEvent 
(node_modules/react-dom/cjs/react-dom.development.js:6430:5)
      at HTMLDivElement.callTheUserObjectsOperation 
(node_modules/jsdom/lib/jsdom/living/generated/EventListener.js:26:30)
      at innerInvokeEventListeners 
(node_modules/jsdom/lib/jsdom/living/events/EventTarget-impl.js:350:25)
      at invokeEventListeners 
(node_modules/jsdom/lib/jsdom/living/events/EventTarget-impl.js:286:3)
      at HTMLButtonElementImpl._dispatch 
(node_modules/jsdom/lib/jsdom/living/events/EventTarget-impl.js:233:9)
      at HTMLButtonElementImpl.dispatchEvent 
(node_modules/jsdom/lib/jsdom/living/events/EventTarget-impl.js:104:17)
      at HTMLButtonElement.dispatchEvent 
(node_modules/jsdom/lib/jsdom/living/generated/EventTarget.js:241:34)
      at 
node_modules/@testing-library/user-event/dist/cjs/event/dispatchEvent.js:45:43
      at Object.eventWrapper 
(node_modules/@testing-library/dom/dist/config.js:25:23)
      at Object.wrapEvent 
(node_modules/@testing-library/user-event/dist/cjs/event/wrapEvent.js:6:28)
      at Object.dispatchEvent (node_modules/@testing-library/user-event/dist/cj
s/event/dispatchEvent.js:45:22)
      at Object.dispatchUIEvent (node_modules/@testing-library/user-event/dist/
cjs/event/dispatchEvent.js:22:26)
      at Mouse.up (node_modules/@testing-library/user-event/dist/cjs/system/poi
nter/mouse.js:100:30)
      at PointerHost.release (node_modules/@testing-library/user-event/dist/cjs
/system/pointer/index.js:87:24)
      at pointerAction 
(node_modules/@testing-library/user-event/dist/cjs/pointer/index.js:54:47)
      at Object.pointer 
(node_modules/@testing-library/user-event/dist/cjs/pointer/index.js:27:9)
      at Object.<anonymous> (src/reporting/__tests__/reports.test.tsx:318:9)

    console.error
      Warning: An update to ReportCreatePage inside a test was not wrapped in 
act(...).
      
      When testing, code that causes React state updates should be wrapped 
into act(...):
      
      act(() => {
        /* fire events that update state */
      });
      /* assert on the output */
      
      This ensures that you're testing the behavior the user would see in the 
browser. Learn more at https://reactjs.org/link/wrap-tests-with-act
          at ReportCreatePage (C:\Users\samhe\OneDrive\Desktop\Cleaned\frontend
\src\reporting\ReportCreatePage\ReportCreatePage.tsx:275:33)
          at routeContext (C:\Users\samhe\OneDrive\Desktop\Cleaned\frontend\nod
e_modules\react-router\lib\hooks.tsx:658:26)
          at children (C:\Users\samhe\OneDrive\Desktop\Cleaned\frontend\node_mo
dules\react-router\lib\components.tsx:512:3)
          at basenameProp (C:\Users\samhe\OneDrive\Desktop\Cleaned\frontend\nod
e_modules\react-router\lib\components.tsx:421:13)
          at basename (C:\Users\samhe\OneDrive\Desktop\Cleaned\frontend\node_mo
dules\react-router\lib\components.tsx:225:3)

      at printWarning 
(node_modules/react-dom/cjs/react-dom.development.js:86:30)
      at error (node_modules/react-dom/cjs/react-dom.development.js:60:7)
      at warnIfUpdatesNotWrappedWithActDEV 
(node_modules/react-dom/cjs/react-dom.development.js:27628:9)
      at scheduleUpdateOnFiber 
(node_modules/react-dom/cjs/react-dom.development.js:25547:5)
      at dispatchSetState 
(node_modules/react-dom/cjs/react-dom.development.js:16708:7)

    console.error
      Warning: An update to ReportCreatePage inside a test was not wrapped in 
act(...).
      
      When testing, code that causes React state updates should be wrapped 
into act(...):
      
      act(() => {
        /* fire events that update state */
      });
      /* assert on the output */
      
      This ensures that you're testing the behavior the user would see in the 
browser. Learn more at https://reactjs.org/link/wrap-tests-with-act
          at ReportCreatePage (C:\Users\samhe\OneDrive\Desktop\Cleaned\frontend
\src\reporting\ReportCreatePage\ReportCreatePage.tsx:275:33)
          at routeContext (C:\Users\samhe\OneDrive\Desktop\Cleaned\frontend\nod
e_modules\react-router\lib\hooks.tsx:658:26)
          at children (C:\Users\samhe\OneDrive\Desktop\Cleaned\frontend\node_mo
dules\react-router\lib\components.tsx:512:3)
          at basenameProp (C:\Users\samhe\OneDrive\Desktop\Cleaned\frontend\nod
e_modules\react-router\lib\components.tsx:421:13)
          at basename (C:\Users\samhe\OneDrive\Desktop\Cleaned\frontend\node_mo
dules\react-router\lib\components.tsx:225:3)

      319 |                     return true
      320 |                 })
    > 321 |                 setFieldMappings(merged)
          |                 ^
      322 |             })
      323 |             .finally(() => setLoadingFields(false))
      324 |     }, [])

      at printWarning 
(node_modules/react-dom/cjs/react-dom.development.js:86:30)
      at error (node_modules/react-dom/cjs/react-dom.development.js:60:7)
      at warnIfUpdatesNotWrappedWithActDEV 
(node_modules/react-dom/cjs/react-dom.development.js:27628:9)
      at scheduleUpdateOnFiber 
(node_modules/react-dom/cjs/react-dom.development.js:25547:5)
      at dispatchSetState 
(node_modules/react-dom/cjs/react-dom.development.js:16708:7)
      at src/reporting/ReportCreatePage/ReportCreatePage.tsx:321:17

    console.error
      Warning: An update to ReportCreatePage inside a test was not wrapped in 
act(...).
      
      When testing, code that causes React state updates should be wrapped 
into act(...):
      
      act(() => {
        /* fire events that update state */
      });
      /* assert on the output */
      
      This ensures that you're testing the behavior the user would see in the 
browser. Learn more at https://reactjs.org/link/wrap-tests-with-act
          at ReportCreatePage (C:\Users\samhe\OneDrive\Desktop\Cleaned\frontend
\src\reporting\ReportCreatePage\ReportCreatePage.tsx:275:33)
          at routeContext (C:\Users\samhe\OneDrive\Desktop\Cleaned\frontend\nod
e_modules\react-router\lib\hooks.tsx:658:26)
          at children (C:\Users\samhe\OneDrive\Desktop\Cleaned\frontend\node_mo
dules\react-router\lib\components.tsx:512:3)
          at basenameProp (C:\Users\samhe\OneDrive\Desktop\Cleaned\frontend\nod
e_modules\react-router\lib\components.tsx:421:13)
          at basename (C:\Users\samhe\OneDrive\Desktop\Cleaned\frontend\node_mo
dules\react-router\lib\components.tsx:225:3)

      321 |                 setFieldMappings(merged)
      322 |             })
    > 323 |             .finally(() => setLoadingFields(false))
          |                            ^
      324 |     }, [])
      325 |
      326 |     useEffect(() => {

      at printWarning 
(node_modules/react-dom/cjs/react-dom.development.js:86:30)
      at error (node_modules/react-dom/cjs/react-dom.development.js:60:7)
      at warnIfUpdatesNotWrappedWithActDEV 
(node_modules/react-dom/cjs/react-dom.development.js:27628:9)
      at scheduleUpdateOnFiber 
(node_modules/react-dom/cjs/react-dom.development.js:25547:5)
      at dispatchSetState 
(node_modules/react-dom/cjs/react-dom.development.js:16708:7)
      at src/reporting/ReportCreatePage/ReportCreatePage.tsx:323:28

    console.error
      Warning: An update to ReportCreatePage inside a test was not wrapped in 
act(...).
      
      When testing, code that causes React state updates should be wrapped 
into act(...):
      
      act(() => {
        /* fire events that update state */
      });
      /* assert on the output */
      
      This ensures that you're testing the behavior the user would see in the 
browser. Learn more at https://reactjs.org/link/wrap-tests-with-act
          at ReportCreatePage (C:\Users\samhe\OneDrive\Desktop\Cleaned\frontend
\src\reporting\ReportCreatePage\ReportCreatePage.tsx:275:33)
          at routeContext (C:\Users\samhe\OneDrive\Desktop\Cleaned\frontend\nod
e_modules\react-router\lib\hooks.tsx:658:26)
          at children (C:\Users\samhe\OneDrive\Desktop\Cleaned\frontend\node_mo
dules\react-router\lib\components.tsx:512:3)
          at basenameProp (C:\Users\samhe\OneDrive\Desktop\Cleaned\frontend\nod
e_modules\react-router\lib\components.tsx:421:13)
          at basename (C:\Users\samhe\OneDrive\Desktop\Cleaned\frontend\node_mo
dules\react-router\lib\components.tsx:225:3)

      at printWarning 
(node_modules/react-dom/cjs/react-dom.development.js:86:30)
      at error (node_modules/react-dom/cjs/react-dom.development.js:60:7)
      at warnIfUpdatesNotWrappedWithActDEV 
(node_modules/react-dom/cjs/react-dom.development.js:27628:9)
      at scheduleUpdateOnFiber 
(node_modules/react-dom/cjs/react-dom.development.js:25547:5)
      at dispatchSetState 
(node_modules/react-dom/cjs/react-dom.development.js:16708:7)

    console.error
      Warning: An update to ReportCreatePage inside a test was not wrapped in 
act(...).
      
      When testing, code that causes React state updates should be wrapped 
into act(...):
      
      act(() => {
        /* fire events that update state */
      });
      /* assert on the output */
      
      This ensures that you're testing the behavior the user would see in the 
browser. Learn more at https://reactjs.org/link/wrap-tests-with-act
          at ReportCreatePage (C:\Users\samhe\OneDrive\Desktop\Cleaned\frontend
\src\reporting\ReportCreatePage\ReportCreatePage.tsx:275:33)
          at routeContext (C:\Users\samhe\OneDrive\Desktop\Cleaned\frontend\nod
e_modules\react-router\lib\hooks.tsx:658:26)
          at children (C:\Users\samhe\OneDrive\Desktop\Cleaned\frontend\node_mo
dules\react-router\lib\components.tsx:512:3)
          at basenameProp (C:\Users\samhe\OneDrive\Desktop\Cleaned\frontend\nod
e_modules\react-router\lib\components.tsx:421:13)
          at basename (C:\Users\samhe\OneDrive\Desktop\Cleaned\frontend\node_mo
dules\react-router\lib\components.tsx:225:3)

      319 |                     return true
      320 |                 })
    > 321 |                 setFieldMappings(merged)
          |                 ^
      322 |             })
      323 |             .finally(() => setLoadingFields(false))
      324 |     }, [])

      at printWarning 
(node_modules/react-dom/cjs/react-dom.development.js:86:30)
      at error (node_modules/react-dom/cjs/react-dom.development.js:60:7)
      at warnIfUpdatesNotWrappedWithActDEV 
(node_modules/react-dom/cjs/react-dom.development.js:27628:9)
      at scheduleUpdateOnFiber 
(node_modules/react-dom/cjs/react-dom.development.js:25547:5)
      at dispatchSetState 
(node_modules/react-dom/cjs/react-dom.development.js:16708:7)
      at src/reporting/ReportCreatePage/ReportCreatePage.tsx:321:17

    console.error
      Warning: An update to ReportCreatePage inside a test was not wrapped in 
act(...).
      
      When testing, code that causes React state updates should be wrapped 
into act(...):
      
      act(() => {
        /* fire events that update state */
      });
      /* assert on the output */
      
      This ensures that you're testing the behavior the user would see in the 
browser. Learn more at https://reactjs.org/link/wrap-tests-with-act
          at ReportCreatePage (C:\Users\samhe\OneDrive\Desktop\Cleaned\frontend
\src\reporting\ReportCreatePage\ReportCreatePage.tsx:275:33)
          at routeContext (C:\Users\samhe\OneDrive\Desktop\Cleaned\frontend\nod
e_modules\react-router\lib\hooks.tsx:658:26)
          at children (C:\Users\samhe\OneDrive\Desktop\Cleaned\frontend\node_mo
dules\react-router\lib\components.tsx:512:3)
          at basenameProp (C:\Users\samhe\OneDrive\Desktop\Cleaned\frontend\nod
e_modules\react-router\lib\components.tsx:421:13)
          at basename (C:\Users\samhe\OneDrive\Desktop\Cleaned\frontend\node_mo
dules\react-router\lib\components.tsx:225:3)

      321 |                 setFieldMappings(merged)
      322 |             })
    > 323 |             .finally(() => setLoadingFields(false))
          |                            ^
      324 |     }, [])
      325 |
      326 |     useEffect(() => {

      at printWarning 
(node_modules/react-dom/cjs/react-dom.development.js:86:30)
      at error (node_modules/react-dom/cjs/react-dom.development.js:60:7)
      at warnIfUpdatesNotWrappedWithActDEV 
(node_modules/react-dom/cjs/react-dom.development.js:27628:9)
      at scheduleUpdateOnFiber 
(node_modules/react-dom/cjs/react-dom.development.js:25547:5)
      at dispatchSetState 
(node_modules/react-dom/cjs/react-dom.development.js:16708:7)
      at src/reporting/ReportCreatePage/ReportCreatePage.tsx:323:28

    console.error
      Warning: An update to ReportCreatePage inside a test was not wrapped in 
act(...).
      
      When testing, code that causes React state updates should be wrapped 
into act(...):
      
      act(() => {
        /* fire events that update state */
      });
      /* assert on the output */
      
      This ensures that you're testing the behavior the user would see in the 
browser. Learn more at https://reactjs.org/link/wrap-tests-with-act
          at ReportCreatePage (C:\Users\samhe\OneDrive\Desktop\Cleaned\frontend
\src\reporting\ReportCreatePage\ReportCreatePage.tsx:275:33)
          at routeContext (C:\Users\samhe\OneDrive\Desktop\Cleaned\frontend\nod
e_modules\react-router\lib\hooks.tsx:658:26)
          at children (C:\Users\samhe\OneDrive\Desktop\Cleaned\frontend\node_mo
dules\react-router\lib\components.tsx:512:3)
          at basenameProp (C:\Users\samhe\OneDrive\Desktop\Cleaned\frontend\nod
e_modules\react-router\lib\components.tsx:421:13)
          at basename (C:\Users\samhe\OneDrive\Desktop\Cleaned\frontend\node_mo
dules\react-router\lib\components.tsx:225:3)

      at printWarning 
(node_modules/react-dom/cjs/react-dom.development.js:86:30)
      at error (node_modules/react-dom/cjs/react-dom.development.js:60:7)
      at warnIfUpdatesNotWrappedWithActDEV 
(node_modules/react-dom/cjs/react-dom.development.js:27628:9)
      at scheduleUpdateOnFiber 
(node_modules/react-dom/cjs/react-dom.development.js:25547:5)
      at dispatchSetState 
(node_modules/react-dom/cjs/react-dom.development.js:16708:7)

    console.error
      Warning: An update to ReportCreatePage inside a test was not wrapped in 
act(...).
      
      When testing, code that causes React state updates should be wrapped 
into act(...):
      
      act(() => {
        /* fire events that update state */
      });
      /* assert on the output */
      
      This ensures that you're testing the behavior the user would see in the 
browser. Learn more at https://reactjs.org/link/wrap-tests-with-act
          at ReportCreatePage (C:\Users\samhe\OneDrive\Desktop\Cleaned\frontend
\src\reporting\ReportCreatePage\ReportCreatePage.tsx:275:33)
          at routeContext (C:\Users\samhe\OneDrive\Desktop\Cleaned\frontend\nod
e_modules\react-router\lib\hooks.tsx:658:26)
          at children (C:\Users\samhe\OneDrive\Desktop\Cleaned\frontend\node_mo
dules\react-router\lib\components.tsx:512:3)
          at basenameProp (C:\Users\samhe\OneDrive\Desktop\Cleaned\frontend\nod
e_modules\react-router\lib\components.tsx:421:13)
          at basename (C:\Users\samhe\OneDrive\Desktop\Cleaned\frontend\node_mo
dules\react-router\lib\components.tsx:225:3)

      319 |                     return true
      320 |                 })
    > 321 |                 setFieldMappings(merged)
          |                 ^
      322 |             })
      323 |             .finally(() => setLoadingFields(false))
      324 |     }, [])

      at printWarning 
(node_modules/react-dom/cjs/react-dom.development.js:86:30)
      at error (node_modules/react-dom/cjs/react-dom.development.js:60:7)
      at warnIfUpdatesNotWrappedWithActDEV 
(node_modules/react-dom/cjs/react-dom.development.js:27628:9)
      at scheduleUpdateOnFiber 
(node_modules/react-dom/cjs/react-dom.development.js:25547:5)
      at dispatchSetState 
(node_modules/react-dom/cjs/react-dom.development.js:16708:7)
      at src/reporting/ReportCreatePage/ReportCreatePage.tsx:321:17

    console.error
      Warning: An update to ReportCreatePage inside a test was not wrapped in 
act(...).
      
      When testing, code that causes React state updates should be wrapped 
into act(...):
      
      act(() => {
        /* fire events that update state */
      });
      /* assert on the output */
      
      This ensures that you're testing the behavior the user would see in the 
browser. Learn more at https://reactjs.org/link/wrap-tests-with-act
          at ReportCreatePage (C:\Users\samhe\OneDrive\Desktop\Cleaned\frontend
\src\reporting\ReportCreatePage\ReportCreatePage.tsx:275:33)
          at routeContext (C:\Users\samhe\OneDrive\Desktop\Cleaned\frontend\nod
e_modules\react-router\lib\hooks.tsx:658:26)
          at children (C:\Users\samhe\OneDrive\Desktop\Cleaned\frontend\node_mo
dules\react-router\lib\components.tsx:512:3)
          at basenameProp (C:\Users\samhe\OneDrive\Desktop\Cleaned\frontend\nod
e_modules\react-router\lib\components.tsx:421:13)
          at basename (C:\Users\samhe\OneDrive\Desktop\Cleaned\frontend\node_mo
dules\react-router\lib\components.tsx:225:3)

      321 |                 setFieldMappings(merged)
      322 |             })
    > 323 |             .finally(() => setLoadingFields(false))
          |                            ^
      324 |     }, [])
      325 |
      326 |     useEffect(() => {

      at printWarning 
(node_modules/react-dom/cjs/react-dom.development.js:86:30)
      at error (node_modules/react-dom/cjs/react-dom.development.js:60:7)
      at warnIfUpdatesNotWrappedWithActDEV 
(node_modules/react-dom/cjs/react-dom.development.js:27628:9)
      at scheduleUpdateOnFiber 
(node_modules/react-dom/cjs/react-dom.development.js:25547:5)
      at dispatchSetState 
(node_modules/react-dom/cjs/react-dom.development.js:16708:7)
      at src/reporting/ReportCreatePage/ReportCreatePage.tsx:323:28

    console.error
      Warning: An update to ReportCreatePage inside a test was not wrapped in 
act(...).
      
      When testing, code that causes React state updates should be wrapped 
into act(...):
      
      act(() => {
        /* fire events that update state */
      });
      /* assert on the output */
      
      This ensures that you're testing the behavior the user would see in the 
browser. Learn more at https://reactjs.org/link/wrap-tests-with-act
          at ReportCreatePage (C:\Users\samhe\OneDrive\Desktop\Cleaned\frontend
\src\reporting\ReportCreatePage\ReportCreatePage.tsx:275:33)
          at routeContext (C:\Users\samhe\OneDrive\Desktop\Cleaned\frontend\nod
e_modules\react-router\lib\hooks.tsx:658:26)
          at children (C:\Users\samhe\OneDrive\Desktop\Cleaned\frontend\node_mo
dules\react-router\lib\components.tsx:512:3)
          at basenameProp (C:\Users\samhe\OneDrive\Desktop\Cleaned\frontend\nod
e_modules\react-router\lib\components.tsx:421:13)
          at basename (C:\Users\samhe\OneDrive\Desktop\Cleaned\frontend\node_mo
dules\react-router\lib\components.tsx:225:3)

      at printWarning 
(node_modules/react-dom/cjs/react-dom.development.js:86:30)
      at error (node_modules/react-dom/cjs/react-dom.development.js:60:7)
      at warnIfUpdatesNotWrappedWithActDEV 
(node_modules/react-dom/cjs/react-dom.development.js:27628:9)
      at scheduleUpdateOnFiber 
(node_modules/react-dom/cjs/react-dom.development.js:25547:5)
      at dispatchSetState 
(node_modules/react-dom/cjs/react-dom.development.js:16708:7)

    console.error
      Warning: An update to ReportCreatePage inside a test was not wrapped in 
act(...).
      
      When testing, code that causes React state updates should be wrapped 
into act(...):
      
      act(() => {
        /* fire events that update state */
      });
      /* assert on the output */
      
      This ensures that you're testing the behavior the user would see in the 
browser. Learn more at https://reactjs.org/link/wrap-tests-with-act
          at ReportCreatePage (C:\Users\samhe\OneDrive\Desktop\Cleaned\frontend
\src\reporting\ReportCreatePage\ReportCreatePage.tsx:275:33)
          at routeContext (C:\Users\samhe\OneDrive\Desktop\Cleaned\frontend\nod
e_modules\react-router\lib\hooks.tsx:658:26)
          at children (C:\Users\samhe\OneDrive\Desktop\Cleaned\frontend\node_mo
dules\react-router\lib\components.tsx:512:3)
          at basenameProp (C:\Users\samhe\OneDrive\Desktop\Cleaned\frontend\nod
e_modules\react-router\lib\components.tsx:421:13)
          at basename (C:\Users\samhe\OneDrive\Desktop\Cleaned\frontend\node_mo
dules\react-router\lib\components.tsx:225:3)

      319 |                     return true
      320 |                 })
    > 321 |                 setFieldMappings(merged)
          |                 ^
      322 |             })
      323 |             .finally(() => setLoadingFields(false))
      324 |     }, [])

      at printWarning 
(node_modules/react-dom/cjs/react-dom.development.js:86:30)
      at error (node_modules/react-dom/cjs/react-dom.development.js:60:7)
      at warnIfUpdatesNotWrappedWithActDEV 
(node_modules/react-dom/cjs/react-dom.development.js:27628:9)
      at scheduleUpdateOnFiber 
(node_modules/react-dom/cjs/react-dom.development.js:25547:5)
      at dispatchSetState 
(node_modules/react-dom/cjs/react-dom.development.js:16708:7)
      at src/reporting/ReportCreatePage/ReportCreatePage.tsx:321:17

    console.error
      Warning: An update to ReportCreatePage inside a test was not wrapped in 
act(...).
      
      When testing, code that causes React state updates should be wrapped 
into act(...):
      
      act(() => {
        /* fire events that update state */
      });
      /* assert on the output */
      
      This ensures that you're testing the behavior the user would see in the 
browser. Learn more at https://reactjs.org/link/wrap-tests-with-act
          at ReportCreatePage (C:\Users\samhe\OneDrive\Desktop\Cleaned\frontend
\src\reporting\ReportCreatePage\ReportCreatePage.tsx:275:33)
          at routeContext (C:\Users\samhe\OneDrive\Desktop\Cleaned\frontend\nod
e_modules\react-router\lib\hooks.tsx:658:26)
          at children (C:\Users\samhe\OneDrive\Desktop\Cleaned\frontend\node_mo
dules\react-router\lib\components.tsx:512:3)
          at basenameProp (C:\Users\samhe\OneDrive\Desktop\Cleaned\frontend\nod
e_modules\react-router\lib\components.tsx:421:13)
          at basename (C:\Users\samhe\OneDrive\Desktop\Cleaned\frontend\node_mo
dules\react-router\lib\components.tsx:225:3)

      321 |                 setFieldMappings(merged)
      322 |             })
    > 323 |             .finally(() => setLoadingFields(false))
          |                            ^
      324 |     }, [])
      325 |
      326 |     useEffect(() => {

      at printWarning 
(node_modules/react-dom/cjs/react-dom.development.js:86:30)
      at error (node_modules/react-dom/cjs/react-dom.development.js:60:7)
      at warnIfUpdatesNotWrappedWithActDEV 
(node_modules/react-dom/cjs/react-dom.development.js:27628:9)
      at scheduleUpdateOnFiber 
(node_modules/react-dom/cjs/react-dom.development.js:25547:5)
      at dispatchSetState 
(node_modules/react-dom/cjs/react-dom.development.js:16708:7)
      at src/reporting/ReportCreatePage/ReportCreatePage.tsx:323:28

    console.error
      Warning: An update to ReportCreatePage inside a test was not wrapped in 
act(...).
      
      When testing, code that causes React state updates should be wrapped 
into act(...):
      
      act(() => {
        /* fire events that update state */
      });
      /* assert on the output */
      
      This ensures that you're testing the behavior the user would see in the 
browser. Learn more at https://reactjs.org/link/wrap-tests-with-act
          at ReportCreatePage (C:\Users\samhe\OneDrive\Desktop\Cleaned\frontend
\src\reporting\ReportCreatePage\ReportCreatePage.tsx:275:33)
          at routeContext (C:\Users\samhe\OneDrive\Desktop\Cleaned\frontend\nod
e_modules\react-router\lib\hooks.tsx:658:26)
          at children (C:\Users\samhe\OneDrive\Desktop\Cleaned\frontend\node_mo
dules\react-router\lib\components.tsx:512:3)
          at basenameProp (C:\Users\samhe\OneDrive\Desktop\Cleaned\frontend\nod
e_modules\react-router\lib\components.tsx:421:13)
          at basename (C:\Users\samhe\OneDrive\Desktop\Cleaned\frontend\node_mo
dules\react-router\lib\components.tsx:225:3)

      365 |
      366 |     function addField(mapping: FieldMapping) {
    > 367 |         setForm((prev) => ({
          |         ^
      368 |             ...prev,
      369 |             fields: [...(prev.fields ?? []), { id: mapping.key, 
label: mapping.label, domain: mapping.domain }],
      370 |         }))

      at printWarning 
(node_modules/react-dom/cjs/react-dom.development.js:86:30)
      at error (node_modules/react-dom/cjs/react-dom.development.js:60:7)
      at warnIfUpdatesNotWrappedWithActDEV 
(node_modules/react-dom/cjs/react-dom.development.js:27628:9)
      at scheduleUpdateOnFiber 
(node_modules/react-dom/cjs/react-dom.development.js:25547:5)
      at dispatchSetState 
(node_modules/react-dom/cjs/react-dom.development.js:16708:7)
      at addField (src/reporting/ReportCreatePage/ReportCreatePage.tsx:367:9)
      at onClick (src/reporting/ReportCreatePage/ReportCreatePage.tsx:580:68)
      at HTMLUnknownElement.callCallback 
(node_modules/react-dom/cjs/react-dom.development.js:4164:14)
      at HTMLUnknownElement.callTheUserObjectsOperation 
(node_modules/jsdom/lib/jsdom/living/generated/EventListener.js:26:30)
      at innerInvokeEventListeners 
(node_modules/jsdom/lib/jsdom/living/events/EventTarget-impl.js:350:25)
      at invokeEventListeners 
(node_modules/jsdom/lib/jsdom/living/events/EventTarget-impl.js:286:3)
      at HTMLUnknownElementImpl._dispatch 
(node_modules/jsdom/lib/jsdom/living/events/EventTarget-impl.js:233:9)
      at HTMLUnknownElementImpl.dispatchEvent 
(node_modules/jsdom/lib/jsdom/living/events/EventTarget-impl.js:104:17)
      at HTMLUnknownElement.dispatchEvent 
(node_modules/jsdom/lib/jsdom/living/generated/EventTarget.js:241:34)
      at Object.invokeGuardedCallbackDev 
(node_modules/react-dom/cjs/react-dom.development.js:4213:16)
      at invokeGuardedCallback 
(node_modules/react-dom/cjs/react-dom.development.js:4277:31)
      at invokeGuardedCallbackAndCatchFirstError 
(node_modules/react-dom/cjs/react-dom.development.js:4291:25)
      at executeDispatch 
(node_modules/react-dom/cjs/react-dom.development.js:9041:3)
      at processDispatchQueueItemsInOrder 
(node_modules/react-dom/cjs/react-dom.development.js:9073:7)
      at processDispatchQueue 
(node_modules/react-dom/cjs/react-dom.development.js:9086:5)
      at dispatchEventsForPlugins 
(node_modules/react-dom/cjs/react-dom.development.js:9097:3)
      at node_modules/react-dom/cjs/react-dom.development.js:9288:12
      at batchedUpdates$1 
(node_modules/react-dom/cjs/react-dom.development.js:26179:12)
      at batchedUpdates 
(node_modules/react-dom/cjs/react-dom.development.js:3991:12)
      at dispatchEventForPluginEventSystem 
(node_modules/react-dom/cjs/react-dom.development.js:9287:3)
      at dispatchEventWithEnableCapturePhaseSelectiveHydrationWithoutDiscreteEv
entReplay (node_modules/react-dom/cjs/react-dom.development.js:6465:5)
      at dispatchEvent 
(node_modules/react-dom/cjs/react-dom.development.js:6457:5)
      at dispatchDiscreteEvent 
(node_modules/react-dom/cjs/react-dom.development.js:6430:5)
      at HTMLDivElement.callTheUserObjectsOperation 
(node_modules/jsdom/lib/jsdom/living/generated/EventListener.js:26:30)
      at innerInvokeEventListeners 
(node_modules/jsdom/lib/jsdom/living/events/EventTarget-impl.js:350:25)
      at invokeEventListeners 
(node_modules/jsdom/lib/jsdom/living/events/EventTarget-impl.js:286:3)
      at HTMLButtonElementImpl._dispatch 
(node_modules/jsdom/lib/jsdom/living/events/EventTarget-impl.js:233:9)
      at HTMLButtonElementImpl.dispatchEvent 
(node_modules/jsdom/lib/jsdom/living/events/EventTarget-impl.js:104:17)
      at HTMLButtonElement.dispatchEvent 
(node_modules/jsdom/lib/jsdom/living/generated/EventTarget.js:241:34)
      at 
node_modules/@testing-library/user-event/dist/cjs/event/dispatchEvent.js:45:43
      at Object.eventWrapper 
(node_modules/@testing-library/dom/dist/config.js:25:23)
      at Object.wrapEvent 
(node_modules/@testing-library/user-event/dist/cjs/event/wrapEvent.js:6:28)
      at Object.dispatchEvent (node_modules/@testing-library/user-event/dist/cj
s/event/dispatchEvent.js:45:22)
      at Object.dispatchUIEvent (node_modules/@testing-library/user-event/dist/
cjs/event/dispatchEvent.js:22:26)
      at Mouse.up (node_modules/@testing-library/user-event/dist/cjs/system/poi
nter/mouse.js:100:30)
      at PointerHost.release (node_modules/@testing-library/user-event/dist/cjs
/system/pointer/index.js:87:24)
      at pointerAction 
(node_modules/@testing-library/user-event/dist/cjs/pointer/index.js:54:47)
      at Object.pointer 
(node_modules/@testing-library/user-event/dist/cjs/pointer/index.js:27:9)
      at Object.<anonymous> (src/reporting/__tests__/reports.test.tsx:424:26)

    console.error
      Warning: An update to ReportCreatePage inside a test was not wrapped in 
act(...).
      
      When testing, code that causes React state updates should be wrapped 
into act(...):
      
      act(() => {
        /* fire events that update state */
      });
      /* assert on the output */
      
      This ensures that you're testing the behavior the user would see in the 
browser. Learn more at https://reactjs.org/link/wrap-tests-with-act
          at ReportCreatePage (C:\Users\samhe\OneDrive\Desktop\Cleaned\frontend
\src\reporting\ReportCreatePage\ReportCreatePage.tsx:275:33)
          at routeContext (C:\Users\samhe\OneDrive\Desktop\Cleaned\frontend\nod
e_modules\react-router\lib\hooks.tsx:658:26)
          at children (C:\Users\samhe\OneDrive\Desktop\Cleaned\frontend\node_mo
dules\react-router\lib\components.tsx:512:3)
          at basenameProp (C:\Users\samhe\OneDrive\Desktop\Cleaned\frontend\nod
e_modules\react-router\lib\components.tsx:421:13)
          at basename (C:\Users\samhe\OneDrive\Desktop\Cleaned\frontend\node_mo
dules\react-router\lib\components.tsx:225:3)

      365 |
      366 |     function addField(mapping: FieldMapping) {
    > 367 |         setForm((prev) => ({
          |         ^
      368 |             ...prev,
      369 |             fields: [...(prev.fields ?? []), { id: mapping.key, 
label: mapping.label, domain: mapping.domain }],
      370 |         }))

      at printWarning 
(node_modules/react-dom/cjs/react-dom.development.js:86:30)
      at error (node_modules/react-dom/cjs/react-dom.development.js:60:7)
      at warnIfUpdatesNotWrappedWithActDEV 
(node_modules/react-dom/cjs/react-dom.development.js:27628:9)
      at scheduleUpdateOnFiber 
(node_modules/react-dom/cjs/react-dom.development.js:25547:5)
      at dispatchSetState 
(node_modules/react-dom/cjs/react-dom.development.js:16708:7)
      at addField (src/reporting/ReportCreatePage/ReportCreatePage.tsx:367:9)
      at onClick (src/reporting/ReportCreatePage/ReportCreatePage.tsx:580:68)
      at HTMLUnknownElement.callCallback 
(node_modules/react-dom/cjs/react-dom.development.js:4164:14)
      at HTMLUnknownElement.callTheUserObjectsOperation 
(node_modules/jsdom/lib/jsdom/living/generated/EventListener.js:26:30)
      at innerInvokeEventListeners 
(node_modules/jsdom/lib/jsdom/living/events/EventTarget-impl.js:350:25)
      at invokeEventListeners 
(node_modules/jsdom/lib/jsdom/living/events/EventTarget-impl.js:286:3)
      at HTMLUnknownElementImpl._dispatch 
(node_modules/jsdom/lib/jsdom/living/events/EventTarget-impl.js:233:9)
      at HTMLUnknownElementImpl.dispatchEvent 
(node_modules/jsdom/lib/jsdom/living/events/EventTarget-impl.js:104:17)
      at HTMLUnknownElement.dispatchEvent 
(node_modules/jsdom/lib/jsdom/living/generated/EventTarget.js:241:34)
      at Object.invokeGuardedCallbackDev 
(node_modules/react-dom/cjs/react-dom.development.js:4213:16)
      at invokeGuardedCallback 
(node_modules/react-dom/cjs/react-dom.development.js:4277:31)
      at invokeGuardedCallbackAndCatchFirstError 
(node_modules/react-dom/cjs/react-dom.development.js:4291:25)
      at executeDispatch 
(node_modules/react-dom/cjs/react-dom.development.js:9041:3)
      at processDispatchQueueItemsInOrder 
(node_modules/react-dom/cjs/react-dom.development.js:9073:7)
      at processDispatchQueue 
(node_modules/react-dom/cjs/react-dom.development.js:9086:5)
      at dispatchEventsForPlugins 
(node_modules/react-dom/cjs/react-dom.development.js:9097:3)
      at node_modules/react-dom/cjs/react-dom.development.js:9288:12
      at batchedUpdates$1 
(node_modules/react-dom/cjs/react-dom.development.js:26179:12)
      at batchedUpdates 
(node_modules/react-dom/cjs/react-dom.development.js:3991:12)
      at dispatchEventForPluginEventSystem 
(node_modules/react-dom/cjs/react-dom.development.js:9287:3)
      at dispatchEventWithEnableCapturePhaseSelectiveHydrationWithoutDiscreteEv
entReplay (node_modules/react-dom/cjs/react-dom.development.js:6465:5)
      at dispatchEvent 
(node_modules/react-dom/cjs/react-dom.development.js:6457:5)
      at dispatchDiscreteEvent 
(node_modules/react-dom/cjs/react-dom.development.js:6430:5)
      at HTMLDivElement.callTheUserObjectsOperation 
(node_modules/jsdom/lib/jsdom/living/generated/EventListener.js:26:30)
      at innerInvokeEventListeners 
(node_modules/jsdom/lib/jsdom/living/events/EventTarget-impl.js:350:25)
      at invokeEventListeners 
(node_modules/jsdom/lib/jsdom/living/events/EventTarget-impl.js:286:3)
      at HTMLButtonElementImpl._dispatch 
(node_modules/jsdom/lib/jsdom/living/events/EventTarget-impl.js:233:9)
      at HTMLButtonElementImpl.dispatchEvent 
(node_modules/jsdom/lib/jsdom/living/events/EventTarget-impl.js:104:17)
      at HTMLButtonElement.dispatchEvent 
(node_modules/jsdom/lib/jsdom/living/generated/EventTarget.js:241:34)
      at 
node_modules/@testing-library/user-event/dist/cjs/event/dispatchEvent.js:45:43
      at Object.eventWrapper 
(node_modules/@testing-library/dom/dist/config.js:25:23)
      at Object.wrapEvent 
(node_modules/@testing-library/user-event/dist/cjs/event/wrapEvent.js:6:28)
      at Object.dispatchEvent (node_modules/@testing-library/user-event/dist/cj
s/event/dispatchEvent.js:45:22)
      at Object.dispatchUIEvent (node_modules/@testing-library/user-event/dist/
cjs/event/dispatchEvent.js:22:26)
      at Mouse.up (node_modules/@testing-library/user-event/dist/cjs/system/poi
nter/mouse.js:100:30)
      at PointerHost.release (node_modules/@testing-library/user-event/dist/cjs
/system/pointer/index.js:87:24)
      at pointerAction 
(node_modules/@testing-library/user-event/dist/cjs/pointer/index.js:54:47)
      at Object.pointer 
(node_modules/@testing-library/user-event/dist/cjs/pointer/index.js:27:9)
      at Object.<anonymous> (src/reporting/__tests__/reports.test.tsx:440:26)

    console.error
      Warning: An update to ReportCreatePage inside a test was not wrapped in 
act(...).
      
      When testing, code that causes React state updates should be wrapped 
into act(...):
      
      act(() => {
        /* fire events that update state */
      });
      /* assert on the output */
      
      This ensures that you're testing the behavior the user would see in the 
browser. Learn more at https://reactjs.org/link/wrap-tests-with-act
          at ReportCreatePage (C:\Users\samhe\OneDrive\Desktop\Cleaned\frontend
\src\reporting\ReportCreatePage\ReportCreatePage.tsx:275:33)
          at routeContext (C:\Users\samhe\OneDrive\Desktop\Cleaned\frontend\nod
e_modules\react-router\lib\hooks.tsx:658:26)
          at children (C:\Users\samhe\OneDrive\Desktop\Cleaned\frontend\node_mo
dules\react-router\lib\components.tsx:512:3)
          at basenameProp (C:\Users\samhe\OneDrive\Desktop\Cleaned\frontend\nod
e_modules\react-router\lib\components.tsx:421:13)
          at basename (C:\Users\samhe\OneDrive\Desktop\Cleaned\frontend\node_mo
dules\react-router\lib\components.tsx:225:3)

      351 |
      352 |     function setField<K extends keyof 
CreateReportTemplateInput>(key: K, value: CreateReportTemplateInput[K]) {
    > 353 |         setForm((prev) => ({ ...prev, [key]: value }))
          |         ^
      354 |     }
      355 |
      356 |     // --- Two-panel field selection helpers ---

      at printWarning 
(node_modules/react-dom/cjs/react-dom.development.js:86:30)
      at error (node_modules/react-dom/cjs/react-dom.development.js:60:7)
      at warnIfUpdatesNotWrappedWithActDEV 
(node_modules/react-dom/cjs/react-dom.development.js:27628:9)
      at scheduleUpdateOnFiber 
(node_modules/react-dom/cjs/react-dom.development.js:25547:5)
      at dispatchSetState 
(node_modules/react-dom/cjs/react-dom.development.js:16708:7)
      at setField (src/reporting/ReportCreatePage/ReportCreatePage.tsx:353:9)
      at onChange (src/reporting/ReportCreatePage/ReportCreatePage.tsx:507:46)
      at HTMLUnknownElement.callCallback 
(node_modules/react-dom/cjs/react-dom.development.js:4164:14)
      at HTMLUnknownElement.callTheUserObjectsOperation 
(node_modules/jsdom/lib/jsdom/living/generated/EventListener.js:26:30)
      at innerInvokeEventListeners 
(node_modules/jsdom/lib/jsdom/living/events/EventTarget-impl.js:350:25)
      at invokeEventListeners 
(node_modules/jsdom/lib/jsdom/living/events/EventTarget-impl.js:286:3)
      at HTMLUnknownElementImpl._dispatch 
(node_modules/jsdom/lib/jsdom/living/events/EventTarget-impl.js:233:9)
      at HTMLUnknownElementImpl.dispatchEvent 
(node_modules/jsdom/lib/jsdom/living/events/EventTarget-impl.js:104:17)
      at HTMLUnknownElement.dispatchEvent 
(node_modules/jsdom/lib/jsdom/living/generated/EventTarget.js:241:34)
      at Object.invokeGuardedCallbackDev 
(node_modules/react-dom/cjs/react-dom.development.js:4213:16)
      at invokeGuardedCallback 
(node_modules/react-dom/cjs/react-dom.development.js:4277:31)
      at invokeGuardedCallbackAndCatchFirstError 
(node_modules/react-dom/cjs/react-dom.development.js:4291:25)
      at executeDispatch 
(node_modules/react-dom/cjs/react-dom.development.js:9041:3)
      at processDispatchQueueItemsInOrder 
(node_modules/react-dom/cjs/react-dom.development.js:9073:7)
      at processDispatchQueue 
(node_modules/react-dom/cjs/react-dom.development.js:9086:5)
      at dispatchEventsForPlugins 
(node_modules/react-dom/cjs/react-dom.development.js:9097:3)
      at node_modules/react-dom/cjs/react-dom.development.js:9288:12
      at batchedUpdates$1 
(node_modules/react-dom/cjs/react-dom.development.js:26179:12)
      at batchedUpdates 
(node_modules/react-dom/cjs/react-dom.development.js:3991:12)
      at dispatchEventForPluginEventSystem 
(node_modules/react-dom/cjs/react-dom.development.js:9287:3)
      at dispatchEventWithEnableCapturePhaseSelectiveHydrationWithoutDiscreteEv
entReplay (node_modules/react-dom/cjs/react-dom.development.js:6465:5)
      at dispatchEvent 
(node_modules/react-dom/cjs/react-dom.development.js:6457:5)
      at dispatchDiscreteEvent 
(node_modules/react-dom/cjs/react-dom.development.js:6430:5)
      at HTMLDivElement.callTheUserObjectsOperation 
(node_modules/jsdom/lib/jsdom/living/generated/EventListener.js:26:30)
      at innerInvokeEventListeners 
(node_modules/jsdom/lib/jsdom/living/events/EventTarget-impl.js:350:25)
      at invokeEventListeners 
(node_modules/jsdom/lib/jsdom/living/events/EventTarget-impl.js:286:3)
      at HTMLInputElementImpl._dispatch 
(node_modules/jsdom/lib/jsdom/living/events/EventTarget-impl.js:233:9)
      at HTMLInputElementImpl.dispatchEvent 
(node_modules/jsdom/lib/jsdom/living/events/EventTarget-impl.js:104:17)
      at HTMLInputElement.dispatchEvent 
(node_modules/jsdom/lib/jsdom/living/generated/EventTarget.js:241:34)
      at 
node_modules/@testing-library/user-event/dist/cjs/event/dispatchEvent.js:45:43
      at Object.eventWrapper 
(node_modules/@testing-library/dom/dist/config.js:25:23)
      at Object.wrapEvent 
(node_modules/@testing-library/user-event/dist/cjs/event/wrapEvent.js:6:28)
      at Object.dispatchEvent (node_modules/@testing-library/user-event/dist/cj
s/event/dispatchEvent.js:45:22)
      at Object.dispatchUIEvent (node_modules/@testing-library/user-event/dist/
cjs/event/dispatchEvent.js:22:26)
      at commitInput 
(node_modules/@testing-library/user-event/dist/cjs/event/input.js:145:14)
      at editInputElement 
(node_modules/@testing-library/user-event/dist/cjs/event/input.js:115:9)
      at Object.input 
(node_modules/@testing-library/user-event/dist/cjs/event/input.js:37:9)
      at node_modules/@testing-library/user-event/dist/cjs/event/behavior/keypr
ess.js:31:26
      at Object.dispatchEvent (node_modules/@testing-library/user-event/dist/cj
s/event/dispatchEvent.js:41:13)
      at Object.dispatchUIEvent (node_modules/@testing-library/user-event/dist/
cjs/event/dispatchEvent.js:22:26)
      at KeyboardHost.keydown 
(node_modules/@testing-library/user-event/dist/cjs/system/keyboard.js:76:22)
      at keyboardAction 
(node_modules/@testing-library/user-event/dist/cjs/keyboard/index.js:22:35)
      at Object.keyboard 
(node_modules/@testing-library/user-event/dist/cjs/keyboard/index.js:11:15)
      at Object.type 
(node_modules/@testing-library/user-event/dist/cjs/utility/type.js:17:5)
      at Object.<anonymous> (src/reporting/__tests__/reports.test.tsx:442:9)

    console.error
      Warning: An update to ReportCreatePage inside a test was not wrapped in 
act(...).
      
      When testing, code that causes React state updates should be wrapped 
into act(...):
      
      act(() => {
        /* fire events that update state */
      });
      /* assert on the output */
      
      This ensures that you're testing the behavior the user would see in the 
browser. Learn more at https://reactjs.org/link/wrap-tests-with-act
          at ReportCreatePage (C:\Users\samhe\OneDrive\Desktop\Cleaned\frontend
\src\reporting\ReportCreatePage\ReportCreatePage.tsx:275:33)
          at routeContext (C:\Users\samhe\OneDrive\Desktop\Cleaned\frontend\nod
e_modules\react-router\lib\hooks.tsx:658:26)
          at children (C:\Users\samhe\OneDrive\Desktop\Cleaned\frontend\node_mo
dules\react-router\lib\components.tsx:512:3)
          at basenameProp (C:\Users\samhe\OneDrive\Desktop\Cleaned\frontend\nod
e_modules\react-router\lib\components.tsx:421:13)
          at basename (C:\Users\samhe\OneDrive\Desktop\Cleaned\frontend\node_mo
dules\react-router\lib\components.tsx:225:3)

      351 |
      352 |     function setField<K extends keyof 
CreateReportTemplateInput>(key: K, value: CreateReportTemplateInput[K]) {
    > 353 |         setForm((prev) => ({ ...prev, [key]: value }))
          |         ^
      354 |     }
      355 |
      356 |     // --- Two-panel field selection helpers ---

      at printWarning 
(node_modules/react-dom/cjs/react-dom.development.js:86:30)
      at error (node_modules/react-dom/cjs/react-dom.development.js:60:7)
      at warnIfUpdatesNotWrappedWithActDEV 
(node_modules/react-dom/cjs/react-dom.development.js:27628:9)
      at scheduleUpdateOnFiber 
(node_modules/react-dom/cjs/react-dom.development.js:25547:5)
      at dispatchSetState 
(node_modules/react-dom/cjs/react-dom.development.js:16708:7)
      at setField (src/reporting/ReportCreatePage/ReportCreatePage.tsx:353:9)
      at onChange (src/reporting/ReportCreatePage/ReportCreatePage.tsx:507:46)
      at HTMLUnknownElement.callCallback 
(node_modules/react-dom/cjs/react-dom.development.js:4164:14)
      at HTMLUnknownElement.callTheUserObjectsOperation 
(node_modules/jsdom/lib/jsdom/living/generated/EventListener.js:26:30)
      at innerInvokeEventListeners 
(node_modules/jsdom/lib/jsdom/living/events/EventTarget-impl.js:350:25)
      at invokeEventListeners 
(node_modules/jsdom/lib/jsdom/living/events/EventTarget-impl.js:286:3)
      at HTMLUnknownElementImpl._dispatch 
(node_modules/jsdom/lib/jsdom/living/events/EventTarget-impl.js:233:9)
      at HTMLUnknownElementImpl.dispatchEvent 
(node_modules/jsdom/lib/jsdom/living/events/EventTarget-impl.js:104:17)
      at HTMLUnknownElement.dispatchEvent 
(node_modules/jsdom/lib/jsdom/living/generated/EventTarget.js:241:34)
      at Object.invokeGuardedCallbackDev 
(node_modules/react-dom/cjs/react-dom.development.js:4213:16)
      at invokeGuardedCallback 
(node_modules/react-dom/cjs/react-dom.development.js:4277:31)
      at invokeGuardedCallbackAndCatchFirstError 
(node_modules/react-dom/cjs/react-dom.development.js:4291:25)
      at executeDispatch 
(node_modules/react-dom/cjs/react-dom.development.js:9041:3)
      at processDispatchQueueItemsInOrder 
(node_modules/react-dom/cjs/react-dom.development.js:9073:7)
      at processDispatchQueue 
(node_modules/react-dom/cjs/react-dom.development.js:9086:5)
      at dispatchEventsForPlugins 
(node_modules/react-dom/cjs/react-dom.development.js:9097:3)
      at node_modules/react-dom/cjs/react-dom.development.js:9288:12
      at batchedUpdates$1 
(node_modules/react-dom/cjs/react-dom.development.js:26179:12)
      at batchedUpdates 
(node_modules/react-dom/cjs/react-dom.development.js:3991:12)
      at dispatchEventForPluginEventSystem 
(node_modules/react-dom/cjs/react-dom.development.js:9287:3)
      at dispatchEventWithEnableCapturePhaseSelectiveHydrationWithoutDiscreteEv
entReplay (node_modules/react-dom/cjs/react-dom.development.js:6465:5)
      at dispatchEvent 
(node_modules/react-dom/cjs/react-dom.development.js:6457:5)
      at dispatchDiscreteEvent 
(node_modules/react-dom/cjs/react-dom.development.js:6430:5)
      at HTMLDivElement.callTheUserObjectsOperation 
(node_modules/jsdom/lib/jsdom/living/generated/EventListener.js:26:30)
      at innerInvokeEventListeners 
(node_modules/jsdom/lib/jsdom/living/events/EventTarget-impl.js:350:25)
      at invokeEventListeners 
(node_modules/jsdom/lib/jsdom/living/events/EventTarget-impl.js:286:3)
      at HTMLInputElementImpl._dispatch 
(node_modules/jsdom/lib/jsdom/living/events/EventTarget-impl.js:233:9)
      at HTMLInputElementImpl.dispatchEvent 
(node_modules/jsdom/lib/jsdom/living/events/EventTarget-impl.js:104:17)
      at HTMLInputElement.dispatchEvent 
(node_modules/jsdom/lib/jsdom/living/generated/EventTarget.js:241:34)
      at 
node_modules/@testing-library/user-event/dist/cjs/event/dispatchEvent.js:45:43
      at Object.eventWrapper 
(node_modules/@testing-library/dom/dist/config.js:25:23)
      at Object.wrapEvent 
(node_modules/@testing-library/user-event/dist/cjs/event/wrapEvent.js:6:28)
      at Object.dispatchEvent (node_modules/@testing-library/user-event/dist/cj
s/event/dispatchEvent.js:45:22)
      at Object.dispatchUIEvent (node_modules/@testing-library/user-event/dist/
cjs/event/dispatchEvent.js:22:26)
      at commitInput 
(node_modules/@testing-library/user-event/dist/cjs/event/input.js:145:14)
      at editInputElement 
(node_modules/@testing-library/user-event/dist/cjs/event/input.js:115:9)
      at Object.input 
(node_modules/@testing-library/user-event/dist/cjs/event/input.js:37:9)
      at node_modules/@testing-library/user-event/dist/cjs/event/behavior/keypr
ess.js:31:26
      at Object.dispatchEvent (node_modules/@testing-library/user-event/dist/cj
s/event/dispatchEvent.js:41:13)
      at Object.dispatchUIEvent (node_modules/@testing-library/user-event/dist/
cjs/event/dispatchEvent.js:22:26)
      at KeyboardHost.keydown 
(node_modules/@testing-library/user-event/dist/cjs/system/keyboard.js:76:22)
      at keyboardAction 
(node_modules/@testing-library/user-event/dist/cjs/keyboard/index.js:22:35)
      at Object.keyboard 
(node_modules/@testing-library/user-event/dist/cjs/keyboard/index.js:11:15)
      at Object.type 
(node_modules/@testing-library/user-event/dist/cjs/utility/type.js:17:5)
      at Object.<anonymous> (src/reporting/__tests__/reports.test.tsx:442:9)

    console.error
      Warning: An update to ReportCreatePage inside a test was not wrapped in 
act(...).
      
      When testing, code that causes React state updates should be wrapped 
into act(...):
      
      act(() => {
        /* fire events that update state */
      });
      /* assert on the output */
      
      This ensures that you're testing the behavior the user would see in the 
browser. Learn more at https://reactjs.org/link/wrap-tests-with-act
          at ReportCreatePage (C:\Users\samhe\OneDrive\Desktop\Cleaned\frontend
\src\reporting\ReportCreatePage\ReportCreatePage.tsx:275:33)
          at routeContext (C:\Users\samhe\OneDrive\Desktop\Cleaned\frontend\nod
e_modules\react-router\lib\hooks.tsx:658:26)
          at children (C:\Users\samhe\OneDrive\Desktop\Cleaned\frontend\node_mo
dules\react-router\lib\components.tsx:512:3)
          at basenameProp (C:\Users\samhe\OneDrive\Desktop\Cleaned\frontend\nod
e_modules\react-router\lib\components.tsx:421:13)
          at basename (C:\Users\samhe\OneDrive\Desktop\Cleaned\frontend\node_mo
dules\react-router\lib\components.tsx:225:3)

      351 |
      352 |     function setField<K extends keyof 
CreateReportTemplateInput>(key: K, value: CreateReportTemplateInput[K]) {
    > 353 |         setForm((prev) => ({ ...prev, [key]: value }))
          |         ^
      354 |     }
      355 |
      356 |     // --- Two-panel field selection helpers ---

      at printWarning 
(node_modules/react-dom/cjs/react-dom.development.js:86:30)
      at error (node_modules/react-dom/cjs/react-dom.development.js:60:7)
      at warnIfUpdatesNotWrappedWithActDEV 
(node_modules/react-dom/cjs/react-dom.development.js:27628:9)
      at scheduleUpdateOnFiber 
(node_modules/react-dom/cjs/react-dom.development.js:25547:5)
      at dispatchSetState 
(node_modules/react-dom/cjs/react-dom.development.js:16708:7)
      at setField (src/reporting/ReportCreatePage/ReportCreatePage.tsx:353:9)
      at onChange (src/reporting/ReportCreatePage/ReportCreatePage.tsx:507:46)
      at HTMLUnknownElement.callCallback 
(node_modules/react-dom/cjs/react-dom.development.js:4164:14)
      at HTMLUnknownElement.callTheUserObjectsOperation 
(node_modules/jsdom/lib/jsdom/living/generated/EventListener.js:26:30)
      at innerInvokeEventListeners 
(node_modules/jsdom/lib/jsdom/living/events/EventTarget-impl.js:350:25)
      at invokeEventListeners 
(node_modules/jsdom/lib/jsdom/living/events/EventTarget-impl.js:286:3)
      at HTMLUnknownElementImpl._dispatch 
(node_modules/jsdom/lib/jsdom/living/events/EventTarget-impl.js:233:9)
      at HTMLUnknownElementImpl.dispatchEvent 
(node_modules/jsdom/lib/jsdom/living/events/EventTarget-impl.js:104:17)
      at HTMLUnknownElement.dispatchEvent 
(node_modules/jsdom/lib/jsdom/living/generated/EventTarget.js:241:34)
      at Object.invokeGuardedCallbackDev 
(node_modules/react-dom/cjs/react-dom.development.js:4213:16)
      at invokeGuardedCallback 
(node_modules/react-dom/cjs/react-dom.development.js:4277:31)
      at invokeGuardedCallbackAndCatchFirstError 
(node_modules/react-dom/cjs/react-dom.development.js:4291:25)
      at executeDispatch 
(node_modules/react-dom/cjs/react-dom.development.js:9041:3)
      at processDispatchQueueItemsInOrder 
(node_modules/react-dom/cjs/react-dom.development.js:9073:7)
      at processDispatchQueue 
(node_modules/react-dom/cjs/react-dom.development.js:9086:5)
      at dispatchEventsForPlugins 
(node_modules/react-dom/cjs/react-dom.development.js:9097:3)
      at node_modules/react-dom/cjs/react-dom.development.js:9288:12
      at batchedUpdates$1 
(node_modules/react-dom/cjs/react-dom.development.js:26179:12)
      at batchedUpdates 
(node_modules/react-dom/cjs/react-dom.development.js:3991:12)
      at dispatchEventForPluginEventSystem 
(node_modules/react-dom/cjs/react-dom.development.js:9287:3)
      at dispatchEventWithEnableCapturePhaseSelectiveHydrationWithoutDiscreteEv
entReplay (node_modules/react-dom/cjs/react-dom.development.js:6465:5)
      at dispatchEvent 
(node_modules/react-dom/cjs/react-dom.development.js:6457:5)
      at dispatchDiscreteEvent 
(node_modules/react-dom/cjs/react-dom.development.js:6430:5)
      at HTMLDivElement.callTheUserObjectsOperation 
(node_modules/jsdom/lib/jsdom/living/generated/EventListener.js:26:30)
      at innerInvokeEventListeners 
(node_modules/jsdom/lib/jsdom/living/events/EventTarget-impl.js:350:25)
      at invokeEventListeners 
(node_modules/jsdom/lib/jsdom/living/events/EventTarget-impl.js:286:3)
      at HTMLInputElementImpl._dispatch 
(node_modules/jsdom/lib/jsdom/living/events/EventTarget-impl.js:233:9)
      at HTMLInputElementImpl.dispatchEvent 
(node_modules/jsdom/lib/jsdom/living/events/EventTarget-impl.js:104:17)
      at HTMLInputElement.dispatchEvent 
(node_modules/jsdom/lib/jsdom/living/generated/EventTarget.js:241:34)
      at 
node_modules/@testing-library/user-event/dist/cjs/event/dispatchEvent.js:45:43
      at Object.eventWrapper 
(node_modules/@testing-library/dom/dist/config.js:25:23)
      at Object.wrapEvent 
(node_modules/@testing-library/user-event/dist/cjs/event/wrapEvent.js:6:28)
      at Object.dispatchEvent (node_modules/@testing-library/user-event/dist/cj
s/event/dispatchEvent.js:45:22)
      at Object.dispatchUIEvent (node_modules/@testing-library/user-event/dist/
cjs/event/dispatchEvent.js:22:26)
      at commitInput 
(node_modules/@testing-library/user-event/dist/cjs/event/input.js:145:14)
      at editInputElement 
(node_modules/@testing-library/user-event/dist/cjs/event/input.js:115:9)
      at Object.input 
(node_modules/@testing-library/user-event/dist/cjs/event/input.js:37:9)
      at node_modules/@testing-library/user-event/dist/cjs/event/behavior/keypr
ess.js:31:26
      at Object.dispatchEvent (node_modules/@testing-library/user-event/dist/cj
s/event/dispatchEvent.js:41:13)
      at Object.dispatchUIEvent (node_modules/@testing-library/user-event/dist/
cjs/event/dispatchEvent.js:22:26)
      at KeyboardHost.keydown 
(node_modules/@testing-library/user-event/dist/cjs/system/keyboard.js:76:22)
      at keyboardAction 
(node_modules/@testing-library/user-event/dist/cjs/keyboard/index.js:22:35)
      at Object.keyboard 
(node_modules/@testing-library/user-event/dist/cjs/keyboard/index.js:11:15)
      at Object.type 
(node_modules/@testing-library/user-event/dist/cjs/utility/type.js:17:5)
      at Object.<anonymous> (src/reporting/__tests__/reports.test.tsx:442:9)

    console.error
      Warning: An update to ReportCreatePage inside a test was not wrapped in 
act(...).
      
      When testing, code that causes React state updates should be wrapped 
into act(...):
      
      act(() => {
        /* fire events that update state */
      });
      /* assert on the output */
      
      This ensures that you're testing the behavior the user would see in the 
browser. Learn more at https://reactjs.org/link/wrap-tests-with-act
          at ReportCreatePage (C:\Users\samhe\OneDrive\Desktop\Cleaned\frontend
\src\reporting\ReportCreatePage\ReportCreatePage.tsx:275:33)
          at routeContext (C:\Users\samhe\OneDrive\Desktop\Cleaned\frontend\nod
e_modules\react-router\lib\hooks.tsx:658:26)
          at children (C:\Users\samhe\OneDrive\Desktop\Cleaned\frontend\node_mo
dules\react-router\lib\components.tsx:512:3)
          at basenameProp (C:\Users\samhe\OneDrive\Desktop\Cleaned\frontend\nod
e_modules\react-router\lib\components.tsx:421:13)
          at basename (C:\Users\samhe\OneDrive\Desktop\Cleaned\frontend\node_mo
dules\react-router\lib\components.tsx:225:3)

      351 |
      352 |     function setField<K extends keyof 
CreateReportTemplateInput>(key: K, value: CreateReportTemplateInput[K]) {
    > 353 |         setForm((prev) => ({ ...prev, [key]: value }))
          |         ^
      354 |     }
      355 |
      356 |     // --- Two-panel field selection helpers ---

      at printWarning 
(node_modules/react-dom/cjs/react-dom.development.js:86:30)
      at error (node_modules/react-dom/cjs/react-dom.development.js:60:7)
      at warnIfUpdatesNotWrappedWithActDEV 
(node_modules/react-dom/cjs/react-dom.development.js:27628:9)
      at scheduleUpdateOnFiber 
(node_modules/react-dom/cjs/react-dom.development.js:25547:5)
      at dispatchSetState 
(node_modules/react-dom/cjs/react-dom.development.js:16708:7)
      at setField (src/reporting/ReportCreatePage/ReportCreatePage.tsx:353:9)
      at onChange (src/reporting/ReportCreatePage/ReportCreatePage.tsx:507:46)
      at HTMLUnknownElement.callCallback 
(node_modules/react-dom/cjs/react-dom.development.js:4164:14)
      at HTMLUnknownElement.callTheUserObjectsOperation 
(node_modules/jsdom/lib/jsdom/living/generated/EventListener.js:26:30)
      at innerInvokeEventListeners 
(node_modules/jsdom/lib/jsdom/living/events/EventTarget-impl.js:350:25)
      at invokeEventListeners 
(node_modules/jsdom/lib/jsdom/living/events/EventTarget-impl.js:286:3)
      at HTMLUnknownElementImpl._dispatch 
(node_modules/jsdom/lib/jsdom/living/events/EventTarget-impl.js:233:9)
      at HTMLUnknownElementImpl.dispatchEvent 
(node_modules/jsdom/lib/jsdom/living/events/EventTarget-impl.js:104:17)
      at HTMLUnknownElement.dispatchEvent 
(node_modules/jsdom/lib/jsdom/living/generated/EventTarget.js:241:34)
      at Object.invokeGuardedCallbackDev 
(node_modules/react-dom/cjs/react-dom.development.js:4213:16)
      at invokeGuardedCallback 
(node_modules/react-dom/cjs/react-dom.development.js:4277:31)
      at invokeGuardedCallbackAndCatchFirstError 
(node_modules/react-dom/cjs/react-dom.development.js:4291:25)
      at executeDispatch 
(node_modules/react-dom/cjs/react-dom.development.js:9041:3)
      at processDispatchQueueItemsInOrder 
(node_modules/react-dom/cjs/react-dom.development.js:9073:7)
      at processDispatchQueue 
(node_modules/react-dom/cjs/react-dom.development.js:9086:5)
      at dispatchEventsForPlugins 
(node_modules/react-dom/cjs/react-dom.development.js:9097:3)
      at node_modules/react-dom/cjs/react-dom.development.js:9288:12
      at batchedUpdates$1 
(node_modules/react-dom/cjs/react-dom.development.js:26179:12)
      at batchedUpdates 
(node_modules/react-dom/cjs/react-dom.development.js:3991:12)
      at dispatchEventForPluginEventSystem 
(node_modules/react-dom/cjs/react-dom.development.js:9287:3)
      at dispatchEventWithEnableCapturePhaseSelectiveHydrationWithoutDiscreteEv
entReplay (node_modules/react-dom/cjs/react-dom.development.js:6465:5)
      at dispatchEvent 
(node_modules/react-dom/cjs/react-dom.development.js:6457:5)
      at dispatchDiscreteEvent 
(node_modules/react-dom/cjs/react-dom.development.js:6430:5)
      at HTMLDivElement.callTheUserObjectsOperation 
(node_modules/jsdom/lib/jsdom/living/generated/EventListener.js:26:30)
      at innerInvokeEventListeners 
(node_modules/jsdom/lib/jsdom/living/events/EventTarget-impl.js:350:25)
      at invokeEventListeners 
(node_modules/jsdom/lib/jsdom/living/events/EventTarget-impl.js:286:3)
      at HTMLInputElementImpl._dispatch 
(node_modules/jsdom/lib/jsdom/living/events/EventTarget-impl.js:233:9)
      at HTMLInputElementImpl.dispatchEvent 
(node_modules/jsdom/lib/jsdom/living/events/EventTarget-impl.js:104:17)
      at HTMLInputElement.dispatchEvent 
(node_modules/jsdom/lib/jsdom/living/generated/EventTarget.js:241:34)
      at 
node_modules/@testing-library/user-event/dist/cjs/event/dispatchEvent.js:45:43
      at Object.eventWrapper 
(node_modules/@testing-library/dom/dist/config.js:25:23)
      at Object.wrapEvent 
(node_modules/@testing-library/user-event/dist/cjs/event/wrapEvent.js:6:28)
      at Object.dispatchEvent (node_modules/@testing-library/user-event/dist/cj
s/event/dispatchEvent.js:45:22)
      at Object.dispatchUIEvent (node_modules/@testing-library/user-event/dist/
cjs/event/dispatchEvent.js:22:26)
      at commitInput 
(node_modules/@testing-library/user-event/dist/cjs/event/input.js:145:14)
      at editInputElement 
(node_modules/@testing-library/user-event/dist/cjs/event/input.js:115:9)
      at Object.input 
(node_modules/@testing-library/user-event/dist/cjs/event/input.js:37:9)
      at node_modules/@testing-library/user-event/dist/cjs/event/behavior/keypr
ess.js:31:26
      at Object.dispatchEvent (node_modules/@testing-library/user-event/dist/cj
s/event/dispatchEvent.js:41:13)
      at Object.dispatchUIEvent (node_modules/@testing-library/user-event/dist/
cjs/event/dispatchEvent.js:22:26)
      at KeyboardHost.keydown 
(node_modules/@testing-library/user-event/dist/cjs/system/keyboard.js:76:22)
      at keyboardAction 
(node_modules/@testing-library/user-event/dist/cjs/keyboard/index.js:22:35)
      at Object.keyboard 
(node_modules/@testing-library/user-event/dist/cjs/keyboard/index.js:11:15)
      at Object.type 
(node_modules/@testing-library/user-event/dist/cjs/utility/type.js:17:5)
      at Object.<anonymous> (src/reporting/__tests__/reports.test.tsx:442:9)

    console.error
      Warning: An update to ReportCreatePage inside a test was not wrapped in 
act(...).
      
      When testing, code that causes React state updates should be wrapped 
into act(...):
      
      act(() => {
        /* fire events that update state */
      });
      /* assert on the output */
      
      This ensures that you're testing the behavior the user would see in the 
browser. Learn more at https://reactjs.org/link/wrap-tests-with-act
          at ReportCreatePage (C:\Users\samhe\OneDrive\Desktop\Cleaned\frontend
\src\reporting\ReportCreatePage\ReportCreatePage.tsx:275:33)
          at routeContext (C:\Users\samhe\OneDrive\Desktop\Cleaned\frontend\nod
e_modules\react-router\lib\hooks.tsx:658:26)
          at children (C:\Users\samhe\OneDrive\Desktop\Cleaned\frontend\node_mo
dules\react-router\lib\components.tsx:512:3)
          at basenameProp (C:\Users\samhe\OneDrive\Desktop\Cleaned\frontend\nod
e_modules\react-router\lib\components.tsx:421:13)
          at basename (C:\Users\samhe\OneDrive\Desktop\Cleaned\frontend\node_mo
dules\react-router\lib\components.tsx:225:3)

      351 |
      352 |     function setField<K extends keyof 
CreateReportTemplateInput>(key: K, value: CreateReportTemplateInput[K]) {
    > 353 |         setForm((prev) => ({ ...prev, [key]: value }))
          |         ^
      354 |     }
      355 |
      356 |     // --- Two-panel field selection helpers ---

      at printWarning 
(node_modules/react-dom/cjs/react-dom.development.js:86:30)
      at error (node_modules/react-dom/cjs/react-dom.development.js:60:7)
      at warnIfUpdatesNotWrappedWithActDEV 
(node_modules/react-dom/cjs/react-dom.development.js:27628:9)
      at scheduleUpdateOnFiber 
(node_modules/react-dom/cjs/react-dom.development.js:25547:5)
      at dispatchSetState 
(node_modules/react-dom/cjs/react-dom.development.js:16708:7)
      at setField (src/reporting/ReportCreatePage/ReportCreatePage.tsx:353:9)
      at onChange (src/reporting/ReportCreatePage/ReportCreatePage.tsx:519:46)
      at HTMLUnknownElement.callCallback 
(node_modules/react-dom/cjs/react-dom.development.js:4164:14)
      at HTMLUnknownElement.callTheUserObjectsOperation 
(node_modules/jsdom/lib/jsdom/living/generated/EventListener.js:26:30)
      at innerInvokeEventListeners 
(node_modules/jsdom/lib/jsdom/living/events/EventTarget-impl.js:350:25)
      at invokeEventListeners 
(node_modules/jsdom/lib/jsdom/living/events/EventTarget-impl.js:286:3)
      at HTMLUnknownElementImpl._dispatch 
(node_modules/jsdom/lib/jsdom/living/events/EventTarget-impl.js:233:9)
      at HTMLUnknownElementImpl.dispatchEvent 
(node_modules/jsdom/lib/jsdom/living/events/EventTarget-impl.js:104:17)
      at HTMLUnknownElement.dispatchEvent 
(node_modules/jsdom/lib/jsdom/living/generated/EventTarget.js:241:34)
      at Object.invokeGuardedCallbackDev 
(node_modules/react-dom/cjs/react-dom.development.js:4213:16)
      at invokeGuardedCallback 
(node_modules/react-dom/cjs/react-dom.development.js:4277:31)
      at invokeGuardedCallbackAndCatchFirstError 
(node_modules/react-dom/cjs/react-dom.development.js:4291:25)
      at executeDispatch 
(node_modules/react-dom/cjs/react-dom.development.js:9041:3)
      at processDispatchQueueItemsInOrder 
(node_modules/react-dom/cjs/react-dom.development.js:9073:7)
      at processDispatchQueue 
(node_modules/react-dom/cjs/react-dom.development.js:9086:5)
      at dispatchEventsForPlugins 
(node_modules/react-dom/cjs/react-dom.development.js:9097:3)
      at node_modules/react-dom/cjs/react-dom.development.js:9288:12
      at batchedUpdates$1 
(node_modules/react-dom/cjs/react-dom.development.js:26179:12)
      at batchedUpdates 
(node_modules/react-dom/cjs/react-dom.development.js:3991:12)
      at dispatchEventForPluginEventSystem 
(node_modules/react-dom/cjs/react-dom.development.js:9287:3)
      at dispatchEventWithEnableCapturePhaseSelectiveHydrationWithoutDiscreteEv
entReplay (node_modules/react-dom/cjs/react-dom.development.js:6465:5)
      at dispatchEvent 
(node_modules/react-dom/cjs/react-dom.development.js:6457:5)
      at dispatchDiscreteEvent 
(node_modules/react-dom/cjs/react-dom.development.js:6430:5)
      at HTMLDivElement.callTheUserObjectsOperation 
(node_modules/jsdom/lib/jsdom/living/generated/EventListener.js:26:30)
      at innerInvokeEventListeners 
(node_modules/jsdom/lib/jsdom/living/events/EventTarget-impl.js:350:25)
      at invokeEventListeners 
(node_modules/jsdom/lib/jsdom/living/events/EventTarget-impl.js:286:3)
      at HTMLTextAreaElementImpl._dispatch 
(node_modules/jsdom/lib/jsdom/living/events/EventTarget-impl.js:233:9)
      at HTMLTextAreaElementImpl.dispatchEvent 
(node_modules/jsdom/lib/jsdom/living/events/EventTarget-impl.js:104:17)
      at HTMLTextAreaElement.dispatchEvent 
(node_modules/jsdom/lib/jsdom/living/generated/EventTarget.js:241:34)
      at 
node_modules/@testing-library/user-event/dist/cjs/event/dispatchEvent.js:45:43
      at Object.eventWrapper 
(node_modules/@testing-library/dom/dist/config.js:25:23)
      at Object.wrapEvent 
(node_modules/@testing-library/user-event/dist/cjs/event/wrapEvent.js:6:28)
      at Object.dispatchEvent (node_modules/@testing-library/user-event/dist/cj
s/event/dispatchEvent.js:45:22)
      at Object.dispatchUIEvent (node_modules/@testing-library/user-event/dist/
cjs/event/dispatchEvent.js:22:26)
      at commitInput 
(node_modules/@testing-library/user-event/dist/cjs/event/input.js:145:14)
      at editInputElement 
(node_modules/@testing-library/user-event/dist/cjs/event/input.js:115:9)
      at Object.input 
(node_modules/@testing-library/user-event/dist/cjs/event/input.js:37:9)
      at node_modules/@testing-library/user-event/dist/cjs/event/behavior/keypr
ess.js:31:26
      at Object.dispatchEvent (node_modules/@testing-library/user-event/dist/cj
s/event/dispatchEvent.js:41:13)
      at Object.dispatchUIEvent (node_modules/@testing-library/user-event/dist/
cjs/event/dispatchEvent.js:22:26)
      at KeyboardHost.keydown 
(node_modules/@testing-library/user-event/dist/cjs/system/keyboard.js:76:22)
      at keyboardAction 
(node_modules/@testing-library/user-event/dist/cjs/keyboard/index.js:22:35)
      at Object.keyboard 
(node_modules/@testing-library/user-event/dist/cjs/keyboard/index.js:11:15)
      at Object.type 
(node_modules/@testing-library/user-event/dist/cjs/utility/type.js:17:5)
      at Object.<anonymous> (src/reporting/__tests__/reports.test.tsx:443:9)

    console.error
      Warning: An update to ReportCreatePage inside a test was not wrapped in 
act(...).
      
      When testing, code that causes React state updates should be wrapped 
into act(...):
      
      act(() => {
        /* fire events that update state */
      });
      /* assert on the output */
      
      This ensures that you're testing the behavior the user would see in the 
browser. Learn more at https://reactjs.org/link/wrap-tests-with-act
          at ReportCreatePage (C:\Users\samhe\OneDrive\Desktop\Cleaned\frontend
\src\reporting\ReportCreatePage\ReportCreatePage.tsx:275:33)
          at routeContext (C:\Users\samhe\OneDrive\Desktop\Cleaned\frontend\nod
e_modules\react-router\lib\hooks.tsx:658:26)
          at children (C:\Users\samhe\OneDrive\Desktop\Cleaned\frontend\node_mo
dules\react-router\lib\components.tsx:512:3)
          at basenameProp (C:\Users\samhe\OneDrive\Desktop\Cleaned\frontend\nod
e_modules\react-router\lib\components.tsx:421:13)
          at basename (C:\Users\samhe\OneDrive\Desktop\Cleaned\frontend\node_mo
dules\react-router\lib\components.tsx:225:3)

      351 |
      352 |     function setField<K extends keyof 
CreateReportTemplateInput>(key: K, value: CreateReportTemplateInput[K]) {
    > 353 |         setForm((prev) => ({ ...prev, [key]: value }))
          |         ^
      354 |     }
      355 |
      356 |     // --- Two-panel field selection helpers ---

      at printWarning 
(node_modules/react-dom/cjs/react-dom.development.js:86:30)
      at error (node_modules/react-dom/cjs/react-dom.development.js:60:7)
      at warnIfUpdatesNotWrappedWithActDEV 
(node_modules/react-dom/cjs/react-dom.development.js:27628:9)
      at scheduleUpdateOnFiber 
(node_modules/react-dom/cjs/react-dom.development.js:25547:5)
      at dispatchSetState 
(node_modules/react-dom/cjs/react-dom.development.js:16708:7)
      at setField (src/reporting/ReportCreatePage/ReportCreatePage.tsx:353:9)
      at onChange (src/reporting/ReportCreatePage/ReportCreatePage.tsx:519:46)
      at HTMLUnknownElement.callCallback 
(node_modules/react-dom/cjs/react-dom.development.js:4164:14)
      at HTMLUnknownElement.callTheUserObjectsOperation 
(node_modules/jsdom/lib/jsdom/living/generated/EventListener.js:26:30)
      at innerInvokeEventListeners 
(node_modules/jsdom/lib/jsdom/living/events/EventTarget-impl.js:350:25)
      at invokeEventListeners 
(node_modules/jsdom/lib/jsdom/living/events/EventTarget-impl.js:286:3)
      at HTMLUnknownElementImpl._dispatch 
(node_modules/jsdom/lib/jsdom/living/events/EventTarget-impl.js:233:9)
      at HTMLUnknownElementImpl.dispatchEvent 
(node_modules/jsdom/lib/jsdom/living/events/EventTarget-impl.js:104:17)
      at HTMLUnknownElement.dispatchEvent 
(node_modules/jsdom/lib/jsdom/living/generated/EventTarget.js:241:34)
      at Object.invokeGuardedCallbackDev 
(node_modules/react-dom/cjs/react-dom.development.js:4213:16)
      at invokeGuardedCallback 
(node_modules/react-dom/cjs/react-dom.development.js:4277:31)
      at invokeGuardedCallbackAndCatchFirstError 
(node_modules/react-dom/cjs/react-dom.development.js:4291:25)
      at executeDispatch 
(node_modules/react-dom/cjs/react-dom.development.js:9041:3)
      at processDispatchQueueItemsInOrder 
(node_modules/react-dom/cjs/react-dom.development.js:9073:7)
      at processDispatchQueue 
(node_modules/react-dom/cjs/react-dom.development.js:9086:5)
      at dispatchEventsForPlugins 
(node_modules/react-dom/cjs/react-dom.development.js:9097:3)
      at node_modules/react-dom/cjs/react-dom.development.js:9288:12
      at batchedUpdates$1 
(node_modules/react-dom/cjs/react-dom.development.js:26179:12)
      at batchedUpdates 
(node_modules/react-dom/cjs/react-dom.development.js:3991:12)
      at dispatchEventForPluginEventSystem 
(node_modules/react-dom/cjs/react-dom.development.js:9287:3)
      at dispatchEventWithEnableCapturePhaseSelectiveHydrationWithoutDiscreteEv
entReplay (node_modules/react-dom/cjs/react-dom.development.js:6465:5)
      at dispatchEvent 
(node_modules/react-dom/cjs/react-dom.development.js:6457:5)
      at dispatchDiscreteEvent 
(node_modules/react-dom/cjs/react-dom.development.js:6430:5)
      at HTMLDivElement.callTheUserObjectsOperation 
(node_modules/jsdom/lib/jsdom/living/generated/EventListener.js:26:30)
      at innerInvokeEventListeners 
(node_modules/jsdom/lib/jsdom/living/events/EventTarget-impl.js:350:25)
      at invokeEventListeners 
(node_modules/jsdom/lib/jsdom/living/events/EventTarget-impl.js:286:3)
      at HTMLTextAreaElementImpl._dispatch 
(node_modules/jsdom/lib/jsdom/living/events/EventTarget-impl.js:233:9)
      at HTMLTextAreaElementImpl.dispatchEvent 
(node_modules/jsdom/lib/jsdom/living/events/EventTarget-impl.js:104:17)
      at HTMLTextAreaElement.dispatchEvent 
(node_modules/jsdom/lib/jsdom/living/generated/EventTarget.js:241:34)
      at 
node_modules/@testing-library/user-event/dist/cjs/event/dispatchEvent.js:45:43
      at Object.eventWrapper 
(node_modules/@testing-library/dom/dist/config.js:25:23)
      at Object.wrapEvent 
(node_modules/@testing-library/user-event/dist/cjs/event/wrapEvent.js:6:28)
      at Object.dispatchEvent (node_modules/@testing-library/user-event/dist/cj
s/event/dispatchEvent.js:45:22)
      at Object.dispatchUIEvent (node_modules/@testing-library/user-event/dist/
cjs/event/dispatchEvent.js:22:26)
      at commitInput 
(node_modules/@testing-library/user-event/dist/cjs/event/input.js:145:14)
      at editInputElement 
(node_modules/@testing-library/user-event/dist/cjs/event/input.js:115:9)
      at Object.input 
(node_modules/@testing-library/user-event/dist/cjs/event/input.js:37:9)
      at node_modules/@testing-library/user-event/dist/cjs/event/behavior/keypr
ess.js:31:26
      at Object.dispatchEvent (node_modules/@testing-library/user-event/dist/cj
s/event/dispatchEvent.js:41:13)
      at Object.dispatchUIEvent (node_modules/@testing-library/user-event/dist/
cjs/event/dispatchEvent.js:22:26)
      at KeyboardHost.keydown 
(node_modules/@testing-library/user-event/dist/cjs/system/keyboard.js:76:22)
      at keyboardAction 
(node_modules/@testing-library/user-event/dist/cjs/keyboard/index.js:22:35)
      at Object.keyboard 
(node_modules/@testing-library/user-event/dist/cjs/keyboard/index.js:11:15)
      at Object.type 
(node_modules/@testing-library/user-event/dist/cjs/utility/type.js:17:5)
      at Object.<anonymous> (src/reporting/__tests__/reports.test.tsx:443:9)

    console.error
      Warning: An update to ReportCreatePage inside a test was not wrapped in 
act(...).
      
      When testing, code that causes React state updates should be wrapped 
into act(...):
      
      act(() => {
        /* fire events that update state */
      });
      /* assert on the output */
      
      This ensures that you're testing the behavior the user would see in the 
browser. Learn more at https://reactjs.org/link/wrap-tests-with-act
          at ReportCreatePage (C:\Users\samhe\OneDrive\Desktop\Cleaned\frontend
\src\reporting\ReportCreatePage\ReportCreatePage.tsx:275:33)
          at routeContext (C:\Users\samhe\OneDrive\Desktop\Cleaned\frontend\nod
e_modules\react-router\lib\hooks.tsx:658:26)
          at children (C:\Users\samhe\OneDrive\Desktop\Cleaned\frontend\node_mo
dules\react-router\lib\components.tsx:512:3)
          at basenameProp (C:\Users\samhe\OneDrive\Desktop\Cleaned\frontend\nod
e_modules\react-router\lib\components.tsx:421:13)
          at basename (C:\Users\samhe\OneDrive\Desktop\Cleaned\frontend\node_mo
dules\react-router\lib\components.tsx:225:3)

      351 |
      352 |     function setField<K extends keyof 
CreateReportTemplateInput>(key: K, value: CreateReportTemplateInput[K]) {
    > 353 |         setForm((prev) => ({ ...prev, [key]: value }))
          |         ^
      354 |     }
      355 |
      356 |     // --- Two-panel field selection helpers ---

      at printWarning 
(node_modules/react-dom/cjs/react-dom.development.js:86:30)
      at error (node_modules/react-dom/cjs/react-dom.development.js:60:7)
      at warnIfUpdatesNotWrappedWithActDEV 
(node_modules/react-dom/cjs/react-dom.development.js:27628:9)
      at scheduleUpdateOnFiber 
(node_modules/react-dom/cjs/react-dom.development.js:25547:5)
      at dispatchSetState 
(node_modules/react-dom/cjs/react-dom.development.js:16708:7)
      at setField (src/reporting/ReportCreatePage/ReportCreatePage.tsx:353:9)
      at onChange (src/reporting/ReportCreatePage/ReportCreatePage.tsx:519:46)
      at HTMLUnknownElement.callCallback 
(node_modules/react-dom/cjs/react-dom.development.js:4164:14)
      at HTMLUnknownElement.callTheUserObjectsOperation 
(node_modules/jsdom/lib/jsdom/living/generated/EventListener.js:26:30)
      at innerInvokeEventListeners 
(node_modules/jsdom/lib/jsdom/living/events/EventTarget-impl.js:350:25)
      at invokeEventListeners 
(node_modules/jsdom/lib/jsdom/living/events/EventTarget-impl.js:286:3)
      at HTMLUnknownElementImpl._dispatch 
(node_modules/jsdom/lib/jsdom/living/events/EventTarget-impl.js:233:9)
      at HTMLUnknownElementImpl.dispatchEvent 
(node_modules/jsdom/lib/jsdom/living/events/EventTarget-impl.js:104:17)
      at HTMLUnknownElement.dispatchEvent 
(node_modules/jsdom/lib/jsdom/living/generated/EventTarget.js:241:34)
      at Object.invokeGuardedCallbackDev 
(node_modules/react-dom/cjs/react-dom.development.js:4213:16)
      at invokeGuardedCallback 
(node_modules/react-dom/cjs/react-dom.development.js:4277:31)
      at invokeGuardedCallbackAndCatchFirstError 
(node_modules/react-dom/cjs/react-dom.development.js:4291:25)
      at executeDispatch 
(node_modules/react-dom/cjs/react-dom.development.js:9041:3)
      at processDispatchQueueItemsInOrder 
(node_modules/react-dom/cjs/react-dom.development.js:9073:7)
      at processDispatchQueue 
(node_modules/react-dom/cjs/react-dom.development.js:9086:5)
      at dispatchEventsForPlugins 
(node_modules/react-dom/cjs/react-dom.development.js:9097:3)
      at node_modules/react-dom/cjs/react-dom.development.js:9288:12
      at batchedUpdates$1 
(node_modules/react-dom/cjs/react-dom.development.js:26179:12)
      at batchedUpdates 
(node_modules/react-dom/cjs/react-dom.development.js:3991:12)
      at dispatchEventForPluginEventSystem 
(node_modules/react-dom/cjs/react-dom.development.js:9287:3)
      at dispatchEventWithEnableCapturePhaseSelectiveHydrationWithoutDiscreteEv
entReplay (node_modules/react-dom/cjs/react-dom.development.js:6465:5)
      at dispatchEvent 
(node_modules/react-dom/cjs/react-dom.development.js:6457:5)
      at dispatchDiscreteEvent 
(node_modules/react-dom/cjs/react-dom.development.js:6430:5)
      at HTMLDivElement.callTheUserObjectsOperation 
(node_modules/jsdom/lib/jsdom/living/generated/EventListener.js:26:30)
      at innerInvokeEventListeners 
(node_modules/jsdom/lib/jsdom/living/events/EventTarget-impl.js:350:25)
      at invokeEventListeners 
(node_modules/jsdom/lib/jsdom/living/events/EventTarget-impl.js:286:3)
      at HTMLTextAreaElementImpl._dispatch 
(node_modules/jsdom/lib/jsdom/living/events/EventTarget-impl.js:233:9)
      at HTMLTextAreaElementImpl.dispatchEvent 
(node_modules/jsdom/lib/jsdom/living/events/EventTarget-impl.js:104:17)
      at HTMLTextAreaElement.dispatchEvent 
(node_modules/jsdom/lib/jsdom/living/generated/EventTarget.js:241:34)
      at 
node_modules/@testing-library/user-event/dist/cjs/event/dispatchEvent.js:45:43
      at Object.eventWrapper 
(node_modules/@testing-library/dom/dist/config.js:25:23)
      at Object.wrapEvent 
(node_modules/@testing-library/user-event/dist/cjs/event/wrapEvent.js:6:28)
      at Object.dispatchEvent (node_modules/@testing-library/user-event/dist/cj
s/event/dispatchEvent.js:45:22)
      at Object.dispatchUIEvent (node_modules/@testing-library/user-event/dist/
cjs/event/dispatchEvent.js:22:26)
      at commitInput 
(node_modules/@testing-library/user-event/dist/cjs/event/input.js:145:14)
      at editInputElement 
(node_modules/@testing-library/user-event/dist/cjs/event/input.js:115:9)
      at Object.input 
(node_modules/@testing-library/user-event/dist/cjs/event/input.js:37:9)
      at node_modules/@testing-library/user-event/dist/cjs/event/behavior/keypr
ess.js:31:26
      at Object.dispatchEvent (node_modules/@testing-library/user-event/dist/cj
s/event/dispatchEvent.js:41:13)
      at Object.dispatchUIEvent (node_modules/@testing-library/user-event/dist/
cjs/event/dispatchEvent.js:22:26)
      at KeyboardHost.keydown 
(node_modules/@testing-library/user-event/dist/cjs/system/keyboard.js:76:22)
      at keyboardAction 
(node_modules/@testing-library/user-event/dist/cjs/keyboard/index.js:22:35)
      at Object.keyboard 
(node_modules/@testing-library/user-event/dist/cjs/keyboard/index.js:11:15)
      at Object.type 
(node_modules/@testing-library/user-event/dist/cjs/utility/type.js:17:5)
      at Object.<anonymous> (src/reporting/__tests__/reports.test.tsx:443:9)

    console.error
      Warning: An update to ReportCreatePage inside a test was not wrapped in 
act(...).
      
      When testing, code that causes React state updates should be wrapped 
into act(...):
      
      act(() => {
        /* fire events that update state */
      });
      /* assert on the output */
      
      This ensures that you're testing the behavior the user would see in the 
browser. Learn more at https://reactjs.org/link/wrap-tests-with-act
          at ReportCreatePage (C:\Users\samhe\OneDrive\Desktop\Cleaned\frontend
\src\reporting\ReportCreatePage\ReportCreatePage.tsx:275:33)
          at routeContext (C:\Users\samhe\OneDrive\Desktop\Cleaned\frontend\nod
e_modules\react-router\lib\hooks.tsx:658:26)
          at children (C:\Users\samhe\OneDrive\Desktop\Cleaned\frontend\node_mo
dules\react-router\lib\components.tsx:512:3)
          at basenameProp (C:\Users\samhe\OneDrive\Desktop\Cleaned\frontend\nod
e_modules\react-router\lib\components.tsx:421:13)
          at basename (C:\Users\samhe\OneDrive\Desktop\Cleaned\frontend\node_mo
dules\react-router\lib\components.tsx:225:3)

      351 |
      352 |     function setField<K extends keyof 
CreateReportTemplateInput>(key: K, value: CreateReportTemplateInput[K]) {
    > 353 |         setForm((prev) => ({ ...prev, [key]: value }))
          |         ^
      354 |     }
      355 |
      356 |     // --- Two-panel field selection helpers ---

      at printWarning 
(node_modules/react-dom/cjs/react-dom.development.js:86:30)
      at error (node_modules/react-dom/cjs/react-dom.development.js:60:7)
      at warnIfUpdatesNotWrappedWithActDEV 
(node_modules/react-dom/cjs/react-dom.development.js:27628:9)
      at scheduleUpdateOnFiber 
(node_modules/react-dom/cjs/react-dom.development.js:25547:5)
      at dispatchSetState 
(node_modules/react-dom/cjs/react-dom.development.js:16708:7)
      at setField (src/reporting/ReportCreatePage/ReportCreatePage.tsx:353:9)
      at onChange (src/reporting/ReportCreatePage/ReportCreatePage.tsx:519:46)
      at HTMLUnknownElement.callCallback 
(node_modules/react-dom/cjs/react-dom.development.js:4164:14)
      at HTMLUnknownElement.callTheUserObjectsOperation 
(node_modules/jsdom/lib/jsdom/living/generated/EventListener.js:26:30)
      at innerInvokeEventListeners 
(node_modules/jsdom/lib/jsdom/living/events/EventTarget-impl.js:350:25)
      at invokeEventListeners 
(node_modules/jsdom/lib/jsdom/living/events/EventTarget-impl.js:286:3)
      at HTMLUnknownElementImpl._dispatch 
(node_modules/jsdom/lib/jsdom/living/events/EventTarget-impl.js:233:9)
      at HTMLUnknownElementImpl.dispatchEvent 
(node_modules/jsdom/lib/jsdom/living/events/EventTarget-impl.js:104:17)
      at HTMLUnknownElement.dispatchEvent 
(node_modules/jsdom/lib/jsdom/living/generated/EventTarget.js:241:34)
      at Object.invokeGuardedCallbackDev 
(node_modules/react-dom/cjs/react-dom.development.js:4213:16)
      at invokeGuardedCallback 
(node_modules/react-dom/cjs/react-dom.development.js:4277:31)
      at invokeGuardedCallbackAndCatchFirstError 
(node_modules/react-dom/cjs/react-dom.development.js:4291:25)
      at executeDispatch 
(node_modules/react-dom/cjs/react-dom.development.js:9041:3)
      at processDispatchQueueItemsInOrder 
(node_modules/react-dom/cjs/react-dom.development.js:9073:7)
      at processDispatchQueue 
(node_modules/react-dom/cjs/react-dom.development.js:9086:5)
      at dispatchEventsForPlugins 
(node_modules/react-dom/cjs/react-dom.development.js:9097:3)
      at node_modules/react-dom/cjs/react-dom.development.js:9288:12
      at batchedUpdates$1 
(node_modules/react-dom/cjs/react-dom.development.js:26179:12)
      at batchedUpdates 
(node_modules/react-dom/cjs/react-dom.development.js:3991:12)
      at dispatchEventForPluginEventSystem 
(node_modules/react-dom/cjs/react-dom.development.js:9287:3)
      at dispatchEventWithEnableCapturePhaseSelectiveHydrationWithoutDiscreteEv
entReplay (node_modules/react-dom/cjs/react-dom.development.js:6465:5)
      at dispatchEvent 
(node_modules/react-dom/cjs/react-dom.development.js:6457:5)
      at dispatchDiscreteEvent 
(node_modules/react-dom/cjs/react-dom.development.js:6430:5)
      at HTMLDivElement.callTheUserObjectsOperation 
(node_modules/jsdom/lib/jsdom/living/generated/EventListener.js:26:30)
      at innerInvokeEventListeners 
(node_modules/jsdom/lib/jsdom/living/events/EventTarget-impl.js:350:25)
      at invokeEventListeners 
(node_modules/jsdom/lib/jsdom/living/events/EventTarget-impl.js:286:3)
      at HTMLTextAreaElementImpl._dispatch 
(node_modules/jsdom/lib/jsdom/living/events/EventTarget-impl.js:233:9)
      at HTMLTextAreaElementImpl.dispatchEvent 
(node_modules/jsdom/lib/jsdom/living/events/EventTarget-impl.js:104:17)
      at HTMLTextAreaElement.dispatchEvent 
(node_modules/jsdom/lib/jsdom/living/generated/EventTarget.js:241:34)
      at 
node_modules/@testing-library/user-event/dist/cjs/event/dispatchEvent.js:45:43
      at Object.eventWrapper 
(node_modules/@testing-library/dom/dist/config.js:25:23)
      at Object.wrapEvent 
(node_modules/@testing-library/user-event/dist/cjs/event/wrapEvent.js:6:28)
      at Object.dispatchEvent (node_modules/@testing-library/user-event/dist/cj
s/event/dispatchEvent.js:45:22)
      at Object.dispatchUIEvent (node_modules/@testing-library/user-event/dist/
cjs/event/dispatchEvent.js:22:26)
      at commitInput 
(node_modules/@testing-library/user-event/dist/cjs/event/input.js:145:14)
      at editInputElement 
(node_modules/@testing-library/user-event/dist/cjs/event/input.js:115:9)
      at Object.input 
(node_modules/@testing-library/user-event/dist/cjs/event/input.js:37:9)
      at node_modules/@testing-library/user-event/dist/cjs/event/behavior/keypr
ess.js:31:26
      at Object.dispatchEvent (node_modules/@testing-library/user-event/dist/cj
s/event/dispatchEvent.js:41:13)
      at Object.dispatchUIEvent (node_modules/@testing-library/user-event/dist/
cjs/event/dispatchEvent.js:22:26)
      at KeyboardHost.keydown 
(node_modules/@testing-library/user-event/dist/cjs/system/keyboard.js:76:22)
      at keyboardAction 
(node_modules/@testing-library/user-event/dist/cjs/keyboard/index.js:22:35)
      at Object.keyboard 
(node_modules/@testing-library/user-event/dist/cjs/keyboard/index.js:11:15)
      at Object.type 
(node_modules/@testing-library/user-event/dist/cjs/utility/type.js:17:5)
      at Object.<anonymous> (src/reporting/__tests__/reports.test.tsx:443:9)

    console.error
      Warning: An update to ReportCreatePage inside a test was not wrapped in 
act(...).
      
      When testing, code that causes React state updates should be wrapped 
into act(...):
      
      act(() => {
        /* fire events that update state */
      });
      /* assert on the output */
      
      This ensures that you're testing the behavior the user would see in the 
browser. Learn more at https://reactjs.org/link/wrap-tests-with-act
          at ReportCreatePage (C:\Users\samhe\OneDrive\Desktop\Cleaned\frontend
\src\reporting\ReportCreatePage\ReportCreatePage.tsx:275:33)
          at routeContext (C:\Users\samhe\OneDrive\Desktop\Cleaned\frontend\nod
e_modules\react-router\lib\hooks.tsx:658:26)
          at children (C:\Users\samhe\OneDrive\Desktop\Cleaned\frontend\node_mo
dules\react-router\lib\components.tsx:512:3)
          at basenameProp (C:\Users\samhe\OneDrive\Desktop\Cleaned\frontend\nod
e_modules\react-router\lib\components.tsx:421:13)
          at basename (C:\Users\samhe\OneDrive\Desktop\Cleaned\frontend\node_mo
dules\react-router\lib\components.tsx:225:3)

      at printWarning 
(node_modules/react-dom/cjs/react-dom.development.js:86:30)
      at error (node_modules/react-dom/cjs/react-dom.development.js:60:7)
      at warnIfUpdatesNotWrappedWithActDEV 
(node_modules/react-dom/cjs/react-dom.development.js:27628:9)
      at scheduleUpdateOnFiber 
(node_modules/react-dom/cjs/react-dom.development.js:25547:5)
      at dispatchSetState 
(node_modules/react-dom/cjs/react-dom.development.js:16708:7)

    console.error
      Warning: An update to ReportCreatePage inside a test was not wrapped in 
act(...).
      
      When testing, code that causes React state updates should be wrapped 
into act(...):
      
      act(() => {
        /* fire events that update state */
      });
      /* assert on the output */
      
      This ensures that you're testing the behavior the user would see in the 
browser. Learn more at https://reactjs.org/link/wrap-tests-with-act
          at ReportCreatePage (C:\Users\samhe\OneDrive\Desktop\Cleaned\frontend
\src\reporting\ReportCreatePage\ReportCreatePage.tsx:275:33)
          at routeContext (C:\Users\samhe\OneDrive\Desktop\Cleaned\frontend\nod
e_modules\react-router\lib\hooks.tsx:658:26)
          at children (C:\Users\samhe\OneDrive\Desktop\Cleaned\frontend\node_mo
dules\react-router\lib\components.tsx:512:3)
          at basenameProp (C:\Users\samhe\OneDrive\Desktop\Cleaned\frontend\nod
e_modules\react-router\lib\components.tsx:421:13)
          at basename (C:\Users\samhe\OneDrive\Desktop\Cleaned\frontend\node_mo
dules\react-router\lib\components.tsx:225:3)

      319 |                     return true
      320 |                 })
    > 321 |                 setFieldMappings(merged)
          |                 ^
      322 |             })
      323 |             .finally(() => setLoadingFields(false))
      324 |     }, [])

      at printWarning 
(node_modules/react-dom/cjs/react-dom.development.js:86:30)
      at error (node_modules/react-dom/cjs/react-dom.development.js:60:7)
      at warnIfUpdatesNotWrappedWithActDEV 
(node_modules/react-dom/cjs/react-dom.development.js:27628:9)
      at scheduleUpdateOnFiber 
(node_modules/react-dom/cjs/react-dom.development.js:25547:5)
      at dispatchSetState 
(node_modules/react-dom/cjs/react-dom.development.js:16708:7)
      at src/reporting/ReportCreatePage/ReportCreatePage.tsx:321:17

    console.error
      Warning: An update to ReportCreatePage inside a test was not wrapped in 
act(...).
      
      When testing, code that causes React state updates should be wrapped 
into act(...):
      
      act(() => {
        /* fire events that update state */
      });
      /* assert on the output */
      
      This ensures that you're testing the behavior the user would see in the 
browser. Learn more at https://reactjs.org/link/wrap-tests-with-act
          at ReportCreatePage (C:\Users\samhe\OneDrive\Desktop\Cleaned\frontend
\src\reporting\ReportCreatePage\ReportCreatePage.tsx:275:33)
          at routeContext (C:\Users\samhe\OneDrive\Desktop\Cleaned\frontend\nod
e_modules\react-router\lib\hooks.tsx:658:26)
          at children (C:\Users\samhe\OneDrive\Desktop\Cleaned\frontend\node_mo
dules\react-router\lib\components.tsx:512:3)
          at basenameProp (C:\Users\samhe\OneDrive\Desktop\Cleaned\frontend\nod
e_modules\react-router\lib\components.tsx:421:13)
          at basename (C:\Users\samhe\OneDrive\Desktop\Cleaned\frontend\node_mo
dules\react-router\lib\components.tsx:225:3)

      321 |                 setFieldMappings(merged)
      322 |             })
    > 323 |             .finally(() => setLoadingFields(false))
          |                            ^
      324 |     }, [])
      325 |
      326 |     useEffect(() => {

      at printWarning 
(node_modules/react-dom/cjs/react-dom.development.js:86:30)
      at error (node_modules/react-dom/cjs/react-dom.development.js:60:7)
      at warnIfUpdatesNotWrappedWithActDEV 
(node_modules/react-dom/cjs/react-dom.development.js:27628:9)
      at scheduleUpdateOnFiber 
(node_modules/react-dom/cjs/react-dom.development.js:25547:5)
      at dispatchSetState 
(node_modules/react-dom/cjs/react-dom.development.js:16708:7)
      at src/reporting/ReportCreatePage/ReportCreatePage.tsx:323:28

    console.error
      Warning: An update to ReportCreatePage inside a test was not wrapped in 
act(...).
      
      When testing, code that causes React state updates should be wrapped 
into act(...):
      
      act(() => {
        /* fire events that update state */
      });
      /* assert on the output */
      
      This ensures that you're testing the behavior the user would see in the 
browser. Learn more at https://reactjs.org/link/wrap-tests-with-act
          at ReportCreatePage (C:\Users\samhe\OneDrive\Desktop\Cleaned\frontend
\src\reporting\ReportCreatePage\ReportCreatePage.tsx:275:33)
          at routeContext (C:\Users\samhe\OneDrive\Desktop\Cleaned\frontend\nod
e_modules\react-router\lib\hooks.tsx:658:26)
          at children (C:\Users\samhe\OneDrive\Desktop\Cleaned\frontend\node_mo
dules\react-router\lib\components.tsx:512:3)
          at basenameProp (C:\Users\samhe\OneDrive\Desktop\Cleaned\frontend\nod
e_modules\react-router\lib\components.tsx:421:13)
          at basename (C:\Users\samhe\OneDrive\Desktop\Cleaned\frontend\node_mo
dules\react-router\lib\components.tsx:225:3)

      389 |
      390 |     function addFilter() {
    > 391 |         setForm((prev) => {
          |         ^
      392 |             const existing = prev.filters ?? []
      393 |             return {
      394 |                 ...prev,

      at printWarning 
(node_modules/react-dom/cjs/react-dom.development.js:86:30)
      at error (node_modules/react-dom/cjs/react-dom.development.js:60:7)
      at warnIfUpdatesNotWrappedWithActDEV 
(node_modules/react-dom/cjs/react-dom.development.js:27628:9)
      at scheduleUpdateOnFiber 
(node_modules/react-dom/cjs/react-dom.development.js:25547:5)
      at dispatchSetState 
(node_modules/react-dom/cjs/react-dom.development.js:16708:7)
      at addFilter (src/reporting/ReportCreatePage/ReportCreatePage.tsx:391:9)
      at HTMLUnknownElement.callCallback 
(node_modules/react-dom/cjs/react-dom.development.js:4164:14)
      at HTMLUnknownElement.callTheUserObjectsOperation 
(node_modules/jsdom/lib/jsdom/living/generated/EventListener.js:26:30)
      at innerInvokeEventListeners 
(node_modules/jsdom/lib/jsdom/living/events/EventTarget-impl.js:350:25)
      at invokeEventListeners 
(node_modules/jsdom/lib/jsdom/living/events/EventTarget-impl.js:286:3)
      at HTMLUnknownElementImpl._dispatch 
(node_modules/jsdom/lib/jsdom/living/events/EventTarget-impl.js:233:9)
      at HTMLUnknownElementImpl.dispatchEvent 
(node_modules/jsdom/lib/jsdom/living/events/EventTarget-impl.js:104:17)
      at HTMLUnknownElement.dispatchEvent 
(node_modules/jsdom/lib/jsdom/living/generated/EventTarget.js:241:34)
      at Object.invokeGuardedCallbackDev 
(node_modules/react-dom/cjs/react-dom.development.js:4213:16)
      at invokeGuardedCallback 
(node_modules/react-dom/cjs/react-dom.development.js:4277:31)
      at invokeGuardedCallbackAndCatchFirstError 
(node_modules/react-dom/cjs/react-dom.development.js:4291:25)
      at executeDispatch 
(node_modules/react-dom/cjs/react-dom.development.js:9041:3)
      at processDispatchQueueItemsInOrder 
(node_modules/react-dom/cjs/react-dom.development.js:9073:7)
      at processDispatchQueue 
(node_modules/react-dom/cjs/react-dom.development.js:9086:5)
      at dispatchEventsForPlugins 
(node_modules/react-dom/cjs/react-dom.development.js:9097:3)
      at node_modules/react-dom/cjs/react-dom.development.js:9288:12
      at batchedUpdates$1 
(node_modules/react-dom/cjs/react-dom.development.js:26179:12)
      at batchedUpdates 
(node_modules/react-dom/cjs/react-dom.development.js:3991:12)
      at dispatchEventForPluginEventSystem 
(node_modules/react-dom/cjs/react-dom.development.js:9287:3)
      at dispatchEventWithEnableCapturePhaseSelectiveHydrationWithoutDiscreteEv
entReplay (node_modules/react-dom/cjs/react-dom.development.js:6465:5)
      at dispatchEvent 
(node_modules/react-dom/cjs/react-dom.development.js:6457:5)
      at dispatchDiscreteEvent 
(node_modules/react-dom/cjs/react-dom.development.js:6430:5)
      at HTMLDivElement.callTheUserObjectsOperation 
(node_modules/jsdom/lib/jsdom/living/generated/EventListener.js:26:30)
      at innerInvokeEventListeners 
(node_modules/jsdom/lib/jsdom/living/events/EventTarget-impl.js:350:25)
      at invokeEventListeners 
(node_modules/jsdom/lib/jsdom/living/events/EventTarget-impl.js:286:3)
      at HTMLButtonElementImpl._dispatch 
(node_modules/jsdom/lib/jsdom/living/events/EventTarget-impl.js:233:9)
      at HTMLButtonElementImpl.dispatchEvent 
(node_modules/jsdom/lib/jsdom/living/events/EventTarget-impl.js:104:17)
      at HTMLButtonElement.dispatchEvent 
(node_modules/jsdom/lib/jsdom/living/generated/EventTarget.js:241:34)
      at 
node_modules/@testing-library/user-event/dist/cjs/event/dispatchEvent.js:45:43
      at Object.eventWrapper 
(node_modules/@testing-library/dom/dist/config.js:25:23)
      at Object.wrapEvent 
(node_modules/@testing-library/user-event/dist/cjs/event/wrapEvent.js:6:28)
      at Object.dispatchEvent (node_modules/@testing-library/user-event/dist/cj
s/event/dispatchEvent.js:45:22)
      at Object.dispatchUIEvent (node_modules/@testing-library/user-event/dist/
cjs/event/dispatchEvent.js:22:26)
      at Mouse.up (node_modules/@testing-library/user-event/dist/cjs/system/poi
nter/mouse.js:100:30)
      at PointerHost.release (node_modules/@testing-library/user-event/dist/cjs
/system/pointer/index.js:87:24)
      at pointerAction 
(node_modules/@testing-library/user-event/dist/cjs/pointer/index.js:54:47)
      at Object.pointer 
(node_modules/@testing-library/user-event/dist/cjs/pointer/index.js:27:9)
      at Object.<anonymous> (src/reporting/__tests__/reports.test.tsx:476:9)

    console.error
      Warning: An update to ReportCreatePage inside a test was not wrapped in 
act(...).
      
      When testing, code that causes React state updates should be wrapped 
into act(...):
      
      act(() => {
        /* fire events that update state */
      });
      /* assert on the output */
      
      This ensures that you're testing the behavior the user would see in the 
browser. Learn more at https://reactjs.org/link/wrap-tests-with-act
          at ReportCreatePage (C:\Users\samhe\OneDrive\Desktop\Cleaned\frontend
\src\reporting\ReportCreatePage\ReportCreatePage.tsx:275:33)
          at routeContext (C:\Users\samhe\OneDrive\Desktop\Cleaned\frontend\nod
e_modules\react-router\lib\hooks.tsx:658:26)
          at children (C:\Users\samhe\OneDrive\Desktop\Cleaned\frontend\node_mo
dules\react-router\lib\components.tsx:512:3)
          at basenameProp (C:\Users\samhe\OneDrive\Desktop\Cleaned\frontend\nod
e_modules\react-router\lib\components.tsx:421:13)
          at basename (C:\Users\samhe\OneDrive\Desktop\Cleaned\frontend\node_mo
dules\react-router\lib\components.tsx:225:3)

      at printWarning 
(node_modules/react-dom/cjs/react-dom.development.js:86:30)
      at error (node_modules/react-dom/cjs/react-dom.development.js:60:7)
      at warnIfUpdatesNotWrappedWithActDEV 
(node_modules/react-dom/cjs/react-dom.development.js:27628:9)
      at scheduleUpdateOnFiber 
(node_modules/react-dom/cjs/react-dom.development.js:25547:5)
      at dispatchSetState 
(node_modules/react-dom/cjs/react-dom.development.js:16708:7)

    console.error
      Warning: An update to ReportCreatePage inside a test was not wrapped in 
act(...).
      
      When testing, code that causes React state updates should be wrapped 
into act(...):
      
      act(() => {
        /* fire events that update state */
      });
      /* assert on the output */
      
      This ensures that you're testing the behavior the user would see in the 
browser. Learn more at https://reactjs.org/link/wrap-tests-with-act
          at ReportCreatePage (C:\Users\samhe\OneDrive\Desktop\Cleaned\frontend
\src\reporting\ReportCreatePage\ReportCreatePage.tsx:275:33)
          at routeContext (C:\Users\samhe\OneDrive\Desktop\Cleaned\frontend\nod
e_modules\react-router\lib\hooks.tsx:658:26)
          at children (C:\Users\samhe\OneDrive\Desktop\Cleaned\frontend\node_mo
dules\react-router\lib\components.tsx:512:3)
          at basenameProp (C:\Users\samhe\OneDrive\Desktop\Cleaned\frontend\nod
e_modules\react-router\lib\components.tsx:421:13)
          at basename (C:\Users\samhe\OneDrive\Desktop\Cleaned\frontend\node_mo
dules\react-router\lib\components.tsx:225:3)

      319 |                     return true
      320 |                 })
    > 321 |                 setFieldMappings(merged)
          |                 ^
      322 |             })
      323 |             .finally(() => setLoadingFields(false))
      324 |     }, [])

      at printWarning 
(node_modules/react-dom/cjs/react-dom.development.js:86:30)
      at error (node_modules/react-dom/cjs/react-dom.development.js:60:7)
      at warnIfUpdatesNotWrappedWithActDEV 
(node_modules/react-dom/cjs/react-dom.development.js:27628:9)
      at scheduleUpdateOnFiber 
(node_modules/react-dom/cjs/react-dom.development.js:25547:5)
      at dispatchSetState 
(node_modules/react-dom/cjs/react-dom.development.js:16708:7)
      at src/reporting/ReportCreatePage/ReportCreatePage.tsx:321:17

    console.error
      Warning: An update to ReportCreatePage inside a test was not wrapped in 
act(...).
      
      When testing, code that causes React state updates should be wrapped 
into act(...):
      
      act(() => {
        /* fire events that update state */
      });
      /* assert on the output */
      
      This ensures that you're testing the behavior the user would see in the 
browser. Learn more at https://reactjs.org/link/wrap-tests-with-act
          at ReportCreatePage (C:\Users\samhe\OneDrive\Desktop\Cleaned\frontend
\src\reporting\ReportCreatePage\ReportCreatePage.tsx:275:33)
          at routeContext (C:\Users\samhe\OneDrive\Desktop\Cleaned\frontend\nod
e_modules\react-router\lib\hooks.tsx:658:26)
          at children (C:\Users\samhe\OneDrive\Desktop\Cleaned\frontend\node_mo
dules\react-router\lib\components.tsx:512:3)
          at basenameProp (C:\Users\samhe\OneDrive\Desktop\Cleaned\frontend\nod
e_modules\react-router\lib\components.tsx:421:13)
          at basename (C:\Users\samhe\OneDrive\Desktop\Cleaned\frontend\node_mo
dules\react-router\lib\components.tsx:225:3)

      321 |                 setFieldMappings(merged)
      322 |             })
    > 323 |             .finally(() => setLoadingFields(false))
          |                            ^
      324 |     }, [])
      325 |
      326 |     useEffect(() => {

      at printWarning 
(node_modules/react-dom/cjs/react-dom.development.js:86:30)
      at error (node_modules/react-dom/cjs/react-dom.development.js:60:7)
      at warnIfUpdatesNotWrappedWithActDEV 
(node_modules/react-dom/cjs/react-dom.development.js:27628:9)
      at scheduleUpdateOnFiber 
(node_modules/react-dom/cjs/react-dom.development.js:25547:5)
      at dispatchSetState 
(node_modules/react-dom/cjs/react-dom.development.js:16708:7)
      at src/reporting/ReportCreatePage/ReportCreatePage.tsx:323:28

    console.error
      Warning: An update to ReportCreatePage inside a test was not wrapped in 
act(...).
      
      When testing, code that causes React state updates should be wrapped 
into act(...):
      
      act(() => {
        /* fire events that update state */
      });
      /* assert on the output */
      
      This ensures that you're testing the behavior the user would see in the 
browser. Learn more at https://reactjs.org/link/wrap-tests-with-act
          at ReportCreatePage (C:\Users\samhe\OneDrive\Desktop\Cleaned\frontend
\src\reporting\ReportCreatePage\ReportCreatePage.tsx:275:33)
          at routeContext (C:\Users\samhe\OneDrive\Desktop\Cleaned\frontend\nod
e_modules\react-router\lib\hooks.tsx:658:26)
          at children (C:\Users\samhe\OneDrive\Desktop\Cleaned\frontend\node_mo
dules\react-router\lib\components.tsx:512:3)
          at basenameProp (C:\Users\samhe\OneDrive\Desktop\Cleaned\frontend\nod
e_modules\react-router\lib\components.tsx:421:13)
          at basename (C:\Users\samhe\OneDrive\Desktop\Cleaned\frontend\node_mo
dules\react-router\lib\components.tsx:225:3)

      389 |
      390 |     function addFilter() {
    > 391 |         setForm((prev) => {
          |         ^
      392 |             const existing = prev.filters ?? []
      393 |             return {
      394 |                 ...prev,

      at printWarning 
(node_modules/react-dom/cjs/react-dom.development.js:86:30)
      at error (node_modules/react-dom/cjs/react-dom.development.js:60:7)
      at warnIfUpdatesNotWrappedWithActDEV 
(node_modules/react-dom/cjs/react-dom.development.js:27628:9)
      at scheduleUpdateOnFiber 
(node_modules/react-dom/cjs/react-dom.development.js:25547:5)
      at dispatchSetState 
(node_modules/react-dom/cjs/react-dom.development.js:16708:7)
      at addFilter (src/reporting/ReportCreatePage/ReportCreatePage.tsx:391:9)
      at HTMLUnknownElement.callCallback 
(node_modules/react-dom/cjs/react-dom.development.js:4164:14)
      at HTMLUnknownElement.callTheUserObjectsOperation 
(node_modules/jsdom/lib/jsdom/living/generated/EventListener.js:26:30)
      at innerInvokeEventListeners 
(node_modules/jsdom/lib/jsdom/living/events/EventTarget-impl.js:350:25)
      at invokeEventListeners 
(node_modules/jsdom/lib/jsdom/living/events/EventTarget-impl.js:286:3)
      at HTMLUnknownElementImpl._dispatch 
(node_modules/jsdom/lib/jsdom/living/events/EventTarget-impl.js:233:9)
      at HTMLUnknownElementImpl.dispatchEvent 
(node_modules/jsdom/lib/jsdom/living/events/EventTarget-impl.js:104:17)
      at HTMLUnknownElement.dispatchEvent 
(node_modules/jsdom/lib/jsdom/living/generated/EventTarget.js:241:34)
      at Object.invokeGuardedCallbackDev 
(node_modules/react-dom/cjs/react-dom.development.js:4213:16)
      at invokeGuardedCallback 
(node_modules/react-dom/cjs/react-dom.development.js:4277:31)
      at invokeGuardedCallbackAndCatchFirstError 
(node_modules/react-dom/cjs/react-dom.development.js:4291:25)
      at executeDispatch 
(node_modules/react-dom/cjs/react-dom.development.js:9041:3)
      at processDispatchQueueItemsInOrder 
(node_modules/react-dom/cjs/react-dom.development.js:9073:7)
      at processDispatchQueue 
(node_modules/react-dom/cjs/react-dom.development.js:9086:5)
      at dispatchEventsForPlugins 
(node_modules/react-dom/cjs/react-dom.development.js:9097:3)
      at node_modules/react-dom/cjs/react-dom.development.js:9288:12
      at batchedUpdates$1 
(node_modules/react-dom/cjs/react-dom.development.js:26179:12)
      at batchedUpdates 
(node_modules/react-dom/cjs/react-dom.development.js:3991:12)
      at dispatchEventForPluginEventSystem 
(node_modules/react-dom/cjs/react-dom.development.js:9287:3)
      at dispatchEventWithEnableCapturePhaseSelectiveHydrationWithoutDiscreteEv
entReplay (node_modules/react-dom/cjs/react-dom.development.js:6465:5)
      at dispatchEvent 
(node_modules/react-dom/cjs/react-dom.development.js:6457:5)
      at dispatchDiscreteEvent 
(node_modules/react-dom/cjs/react-dom.development.js:6430:5)
      at HTMLDivElement.callTheUserObjectsOperation 
(node_modules/jsdom/lib/jsdom/living/generated/EventListener.js:26:30)
      at innerInvokeEventListeners 
(node_modules/jsdom/lib/jsdom/living/events/EventTarget-impl.js:350:25)
      at invokeEventListeners 
(node_modules/jsdom/lib/jsdom/living/events/EventTarget-impl.js:286:3)
      at HTMLButtonElementImpl._dispatch 
(node_modules/jsdom/lib/jsdom/living/events/EventTarget-impl.js:233:9)
      at HTMLButtonElementImpl.dispatchEvent 
(node_modules/jsdom/lib/jsdom/living/events/EventTarget-impl.js:104:17)
      at HTMLButtonElement.dispatchEvent 
(node_modules/jsdom/lib/jsdom/living/generated/EventTarget.js:241:34)
      at 
node_modules/@testing-library/user-event/dist/cjs/event/dispatchEvent.js:45:43
      at Object.eventWrapper 
(node_modules/@testing-library/dom/dist/config.js:25:23)
      at Object.wrapEvent 
(node_modules/@testing-library/user-event/dist/cjs/event/wrapEvent.js:6:28)
      at Object.dispatchEvent (node_modules/@testing-library/user-event/dist/cj
s/event/dispatchEvent.js:45:22)
      at Object.dispatchUIEvent (node_modules/@testing-library/user-event/dist/
cjs/event/dispatchEvent.js:22:26)
      at Mouse.up (node_modules/@testing-library/user-event/dist/cjs/system/poi
nter/mouse.js:100:30)
      at PointerHost.release (node_modules/@testing-library/user-event/dist/cjs
/system/pointer/index.js:87:24)
      at pointerAction 
(node_modules/@testing-library/user-event/dist/cjs/pointer/index.js:54:47)
      at Object.pointer 
(node_modules/@testing-library/user-event/dist/cjs/pointer/index.js:27:9)
      at Object.<anonymous> (src/reporting/__tests__/reports.test.tsx:495:9)

    console.error
      Warning: An update to ReportCreatePage inside a test was not wrapped in 
act(...).
      
      When testing, code that causes React state updates should be wrapped 
into act(...):
      
      act(() => {
        /* fire events that update state */
      });
      /* assert on the output */
      
      This ensures that you're testing the behavior the user would see in the 
browser. Learn more at https://reactjs.org/link/wrap-tests-with-act
          at ReportCreatePage (C:\Users\samhe\OneDrive\Desktop\Cleaned\frontend
\src\reporting\ReportCreatePage\ReportCreatePage.tsx:275:33)
          at routeContext (C:\Users\samhe\OneDrive\Desktop\Cleaned\frontend\nod
e_modules\react-router\lib\hooks.tsx:658:26)
          at children (C:\Users\samhe\OneDrive\Desktop\Cleaned\frontend\node_mo
dules\react-router\lib\components.tsx:512:3)
          at basenameProp (C:\Users\samhe\OneDrive\Desktop\Cleaned\frontend\nod
e_modules\react-router\lib\components.tsx:421:13)
          at basename (C:\Users\samhe\OneDrive\Desktop\Cleaned\frontend\node_mo
dules\react-router\lib\components.tsx:225:3)

      415 |
      416 |     function removeFilter(i: number) {
    > 417 |         setForm((prev) => {
          |         ^
      418 |             if ((prev.filters ?? []).length <= 1) {
      419 |                 return { ...prev, filters: [{ group: 1, field: '', 
operator: 'equals', value: '' }] }
      420 |             }

      at printWarning 
(node_modules/react-dom/cjs/react-dom.development.js:86:30)
      at error (node_modules/react-dom/cjs/react-dom.development.js:60:7)
      at warnIfUpdatesNotWrappedWithActDEV 
(node_modules/react-dom/cjs/react-dom.development.js:27628:9)
      at scheduleUpdateOnFiber 
(node_modules/react-dom/cjs/react-dom.development.js:25547:5)
      at dispatchSetState 
(node_modules/react-dom/cjs/react-dom.development.js:16708:7)
      at removeFilter 
(src/reporting/ReportCreatePage/ReportCreatePage.tsx:417:9)
      at onClick (src/reporting/ReportCreatePage/ReportCreatePage.tsx:825:60)
      at HTMLUnknownElement.callCallback 
(node_modules/react-dom/cjs/react-dom.development.js:4164:14)
      at HTMLUnknownElement.callTheUserObjectsOperation 
(node_modules/jsdom/lib/jsdom/living/generated/EventListener.js:26:30)
      at innerInvokeEventListeners 
(node_modules/jsdom/lib/jsdom/living/events/EventTarget-impl.js:350:25)
      at invokeEventListeners 
(node_modules/jsdom/lib/jsdom/living/events/EventTarget-impl.js:286:3)
      at HTMLUnknownElementImpl._dispatch 
(node_modules/jsdom/lib/jsdom/living/events/EventTarget-impl.js:233:9)
      at HTMLUnknownElementImpl.dispatchEvent 
(node_modules/jsdom/lib/jsdom/living/events/EventTarget-impl.js:104:17)
      at HTMLUnknownElement.dispatchEvent 
(node_modules/jsdom/lib/jsdom/living/generated/EventTarget.js:241:34)
      at Object.invokeGuardedCallbackDev 
(node_modules/react-dom/cjs/react-dom.development.js:4213:16)
      at invokeGuardedCallback 
(node_modules/react-dom/cjs/react-dom.development.js:4277:31)
      at invokeGuardedCallbackAndCatchFirstError 
(node_modules/react-dom/cjs/react-dom.development.js:4291:25)
      at executeDispatch 
(node_modules/react-dom/cjs/react-dom.development.js:9041:3)
      at processDispatchQueueItemsInOrder 
(node_modules/react-dom/cjs/react-dom.development.js:9073:7)
      at processDispatchQueue 
(node_modules/react-dom/cjs/react-dom.development.js:9086:5)
      at dispatchEventsForPlugins 
(node_modules/react-dom/cjs/react-dom.development.js:9097:3)
      at node_modules/react-dom/cjs/react-dom.development.js:9288:12
      at batchedUpdates$1 
(node_modules/react-dom/cjs/react-dom.development.js:26179:12)
      at batchedUpdates 
(node_modules/react-dom/cjs/react-dom.development.js:3991:12)
      at dispatchEventForPluginEventSystem 
(node_modules/react-dom/cjs/react-dom.development.js:9287:3)
      at dispatchEventWithEnableCapturePhaseSelectiveHydrationWithoutDiscreteEv
entReplay (node_modules/react-dom/cjs/react-dom.development.js:6465:5)
      at dispatchEvent 
(node_modules/react-dom/cjs/react-dom.development.js:6457:5)
      at dispatchDiscreteEvent 
(node_modules/react-dom/cjs/react-dom.development.js:6430:5)
      at HTMLDivElement.callTheUserObjectsOperation 
(node_modules/jsdom/lib/jsdom/living/generated/EventListener.js:26:30)
      at innerInvokeEventListeners 
(node_modules/jsdom/lib/jsdom/living/events/EventTarget-impl.js:350:25)
      at invokeEventListeners 
(node_modules/jsdom/lib/jsdom/living/events/EventTarget-impl.js:286:3)
      at HTMLButtonElementImpl._dispatch 
(node_modules/jsdom/lib/jsdom/living/events/EventTarget-impl.js:233:9)
      at HTMLButtonElementImpl.dispatchEvent 
(node_modules/jsdom/lib/jsdom/living/events/EventTarget-impl.js:104:17)
      at HTMLButtonElement.dispatchEvent 
(node_modules/jsdom/lib/jsdom/living/generated/EventTarget.js:241:34)
      at 
node_modules/@testing-library/user-event/dist/cjs/event/dispatchEvent.js:45:43
      at Object.eventWrapper 
(node_modules/@testing-library/dom/dist/config.js:25:23)
      at Object.wrapEvent 
(node_modules/@testing-library/user-event/dist/cjs/event/wrapEvent.js:6:28)
      at Object.dispatchEvent (node_modules/@testing-library/user-event/dist/cj
s/event/dispatchEvent.js:45:22)
      at Object.dispatchUIEvent (node_modules/@testing-library/user-event/dist/
cjs/event/dispatchEvent.js:22:26)
      at Mouse.up (node_modules/@testing-library/user-event/dist/cjs/system/poi
nter/mouse.js:100:30)
      at PointerHost.release (node_modules/@testing-library/user-event/dist/cjs
/system/pointer/index.js:87:24)
      at pointerAction 
(node_modules/@testing-library/user-event/dist/cjs/pointer/index.js:54:47)
      at Object.pointer 
(node_modules/@testing-library/user-event/dist/cjs/pointer/index.js:27:9)
      at Object.<anonymous> (src/reporting/__tests__/reports.test.tsx:501:24)

    console.error
      Warning: An update to FilterFieldPicker inside a test was not wrapped in 
act(...).
      
      When testing, code that causes React state updates should be wrapped 
into act(...):
      
      act(() => {
        /* fire events that update state */
      });
      /* assert on the output */
      
      This ensures that you're testing the behavior the user would see in the 
browser. Learn more at https://reactjs.org/link/wrap-tests-with-act
          at FilterFieldPicker (C:\Users\samhe\OneDrive\Desktop\Cleaned\fronten
d\src\reporting\ReportCreatePage\ReportCreatePage.tsx:99:5)
          at div
          at div
          at div
          at div
          at div
          at div
          at Card (C:\Users\samhe\OneDrive\Desktop\Cleaned\frontend\src\shared\
Card\Card.tsx:17:32)
          at div
          at ReportCreatePage (C:\Users\samhe\OneDrive\Desktop\Cleaned\frontend
\src\reporting\ReportCreatePage\ReportCreatePage.tsx:275:33)
          at routeContext (C:\Users\samhe\OneDrive\Desktop\Cleaned\frontend\nod
e_modules\react-router\lib\hooks.tsx:658:26)
          at children (C:\Users\samhe\OneDrive\Desktop\Cleaned\frontend\node_mo
dules\react-router\lib\components.tsx:512:3)
          at basenameProp (C:\Users\samhe\OneDrive\Desktop\Cleaned\frontend\nod
e_modules\react-router\lib\components.tsx:421:13)
          at basename (C:\Users\samhe\OneDrive\Desktop\Cleaned\frontend\node_mo
dules\react-router\lib\components.tsx:225:3)

      125 |                 placeholder="Search field or domain"
      126 |                 value={query}
    > 127 |                 onFocus={() => setOpen(true)}
          |                                ^
      128 |                 onChange={(e) => {
      129 |                     setQuery(e.target.value)
      130 |                     setOpen(true)

      at printWarning 
(node_modules/react-dom/cjs/react-dom.development.js:86:30)
      at error (node_modules/react-dom/cjs/react-dom.development.js:60:7)
      at warnIfUpdatesNotWrappedWithActDEV 
(node_modules/react-dom/cjs/react-dom.development.js:27628:9)
      at scheduleUpdateOnFiber 
(node_modules/react-dom/cjs/react-dom.development.js:25547:5)
      at dispatchSetState 
(node_modules/react-dom/cjs/react-dom.development.js:16708:7)
      at onFocus (src/reporting/ReportCreatePage/ReportCreatePage.tsx:127:32)
      at HTMLUnknownElement.callCallback 
(node_modules/react-dom/cjs/react-dom.development.js:4164:14)
      at HTMLUnknownElement.callTheUserObjectsOperation 
(node_modules/jsdom/lib/jsdom/living/generated/EventListener.js:26:30)
      at innerInvokeEventListeners 
(node_modules/jsdom/lib/jsdom/living/events/EventTarget-impl.js:350:25)
      at invokeEventListeners 
(node_modules/jsdom/lib/jsdom/living/events/EventTarget-impl.js:286:3)
      at HTMLUnknownElementImpl._dispatch 
(node_modules/jsdom/lib/jsdom/living/events/EventTarget-impl.js:233:9)
      at HTMLUnknownElementImpl.dispatchEvent 
(node_modules/jsdom/lib/jsdom/living/events/EventTarget-impl.js:104:17)
      at HTMLUnknownElement.dispatchEvent 
(node_modules/jsdom/lib/jsdom/living/generated/EventTarget.js:241:34)
      at Object.invokeGuardedCallbackDev 
(node_modules/react-dom/cjs/react-dom.development.js:4213:16)
      at invokeGuardedCallback 
(node_modules/react-dom/cjs/react-dom.development.js:4277:31)
      at invokeGuardedCallbackAndCatchFirstError 
(node_modules/react-dom/cjs/react-dom.development.js:4291:25)
      at executeDispatch 
(node_modules/react-dom/cjs/react-dom.development.js:9041:3)
      at processDispatchQueueItemsInOrder 
(node_modules/react-dom/cjs/react-dom.development.js:9073:7)
      at processDispatchQueue 
(node_modules/react-dom/cjs/react-dom.development.js:9086:5)
      at dispatchEventsForPlugins 
(node_modules/react-dom/cjs/react-dom.development.js:9097:3)
      at node_modules/react-dom/cjs/react-dom.development.js:9288:12
      at batchedUpdates$1 
(node_modules/react-dom/cjs/react-dom.development.js:26179:12)
      at batchedUpdates 
(node_modules/react-dom/cjs/react-dom.development.js:3991:12)
      at dispatchEventForPluginEventSystem 
(node_modules/react-dom/cjs/react-dom.development.js:9287:3)
      at dispatchEventWithEnableCapturePhaseSelectiveHydrationWithoutDiscreteEv
entReplay (node_modules/react-dom/cjs/react-dom.development.js:6465:5)
      at dispatchEvent 
(node_modules/react-dom/cjs/react-dom.development.js:6457:5)
      at dispatchDiscreteEvent 
(node_modules/react-dom/cjs/react-dom.development.js:6430:5)
      at HTMLDivElement.callTheUserObjectsOperation 
(node_modules/jsdom/lib/jsdom/living/generated/EventListener.js:26:30)
      at innerInvokeEventListeners 
(node_modules/jsdom/lib/jsdom/living/events/EventTarget-impl.js:350:25)
      at invokeEventListeners 
(node_modules/jsdom/lib/jsdom/living/events/EventTarget-impl.js:286:3)
      at HTMLInputElementImpl._dispatch 
(node_modules/jsdom/lib/jsdom/living/events/EventTarget-impl.js:233:9)
      at Object.exports.fireFocusEventWithTargetAdjustment 
(node_modules/jsdom/lib/jsdom/living/helpers/focusing.js:103:10)
      at HTMLInputElementImpl.focus 
(node_modules/jsdom/lib/jsdom/living/nodes/HTMLOrSVGElement-impl.js:69:14)
      at HTMLInputElement.focus 
(node_modules/jsdom/lib/jsdom/living/generated/HTMLElement.js:117:34)
      at HTMLInputElement.patchedFocus (node_modules/@testing-library/user-even
t/dist/cjs/document/patchFocus.js:35:26)
      at node_modules/@testing-library/user-event/dist/cjs/event/focus.js:20:40
      at Object.eventWrapper 
(node_modules/@testing-library/dom/dist/config.js:25:23)
      at Object.wrapEvent 
(node_modules/@testing-library/user-event/dist/cjs/event/wrapEvent.js:6:28)
      at Object.focusElement 
(node_modules/@testing-library/user-event/dist/cjs/event/focus.js:20:19)
      at Mouse.down (node_modules/@testing-library/user-event/dist/cjs/system/p
ointer/mouse.js:78:19)
      at PointerHost.press (node_modules/@testing-library/user-event/dist/cjs/s
ystem/pointer/index.js:40:24)
      at pointerAction 
(node_modules/@testing-library/user-event/dist/cjs/pointer/index.js:51:43)
      at Object.pointer 
(node_modules/@testing-library/user-event/dist/cjs/pointer/index.js:27:15)
      at Object.<anonymous> (src/reporting/__tests__/reports.test.tsx:529:13)

    console.error
      Warning: An update to ReportCreatePage inside a test was not wrapped in 
act(...).
      
      When testing, code that causes React state updates should be wrapped 
into act(...):
      
      act(() => {
        /* fire events that update state */
      });
      /* assert on the output */
      
      This ensures that you're testing the behavior the user would see in the 
browser. Learn more at https://reactjs.org/link/wrap-tests-with-act
          at ReportCreatePage (C:\Users\samhe\OneDrive\Desktop\Cleaned\frontend
\src\reporting\ReportCreatePage\ReportCreatePage.tsx:275:33)
          at routeContext (C:\Users\samhe\OneDrive\Desktop\Cleaned\frontend\nod
e_modules\react-router\lib\hooks.tsx:658:26)
          at children (C:\Users\samhe\OneDrive\Desktop\Cleaned\frontend\node_mo
dules\react-router\lib\components.tsx:512:3)
          at basenameProp (C:\Users\samhe\OneDrive\Desktop\Cleaned\frontend\nod
e_modules\react-router\lib\components.tsx:421:13)
          at basename (C:\Users\samhe\OneDrive\Desktop\Cleaned\frontend\node_mo
dules\react-router\lib\components.tsx:225:3)

      at printWarning 
(node_modules/react-dom/cjs/react-dom.development.js:86:30)
      at error (node_modules/react-dom/cjs/react-dom.development.js:60:7)
      at warnIfUpdatesNotWrappedWithActDEV 
(node_modules/react-dom/cjs/react-dom.development.js:27628:9)
      at scheduleUpdateOnFiber 
(node_modules/react-dom/cjs/react-dom.development.js:25547:5)
      at dispatchSetState 
(node_modules/react-dom/cjs/react-dom.development.js:16708:7)

    console.error
      Warning: An update to ReportCreatePage inside a test was not wrapped in 
act(...).
      
      When testing, code that causes React state updates should be wrapped 
into act(...):
      
      act(() => {
        /* fire events that update state */
      });
      /* assert on the output */
      
      This ensures that you're testing the behavior the user would see in the 
browser. Learn more at https://reactjs.org/link/wrap-tests-with-act
          at ReportCreatePage (C:\Users\samhe\OneDrive\Desktop\Cleaned\frontend
\src\reporting\ReportCreatePage\ReportCreatePage.tsx:275:33)
          at routeContext (C:\Users\samhe\OneDrive\Desktop\Cleaned\frontend\nod
e_modules\react-router\lib\hooks.tsx:658:26)
          at children (C:\Users\samhe\OneDrive\Desktop\Cleaned\frontend\node_mo
dules\react-router\lib\components.tsx:512:3)
          at basenameProp (C:\Users\samhe\OneDrive\Desktop\Cleaned\frontend\nod
e_modules\react-router\lib\components.tsx:421:13)
          at basename (C:\Users\samhe\OneDrive\Desktop\Cleaned\frontend\node_mo
dules\react-router\lib\components.tsx:225:3)

      319 |                     return true
      320 |                 })
    > 321 |                 setFieldMappings(merged)
          |                 ^
      322 |             })
      323 |             .finally(() => setLoadingFields(false))
      324 |     }, [])

      at printWarning 
(node_modules/react-dom/cjs/react-dom.development.js:86:30)
      at error (node_modules/react-dom/cjs/react-dom.development.js:60:7)
      at warnIfUpdatesNotWrappedWithActDEV 
(node_modules/react-dom/cjs/react-dom.development.js:27628:9)
      at scheduleUpdateOnFiber 
(node_modules/react-dom/cjs/react-dom.development.js:25547:5)
      at dispatchSetState 
(node_modules/react-dom/cjs/react-dom.development.js:16708:7)
      at src/reporting/ReportCreatePage/ReportCreatePage.tsx:321:17

    console.error
      Warning: An update to ReportCreatePage inside a test was not wrapped in 
act(...).
      
      When testing, code that causes React state updates should be wrapped 
into act(...):
      
      act(() => {
        /* fire events that update state */
      });
      /* assert on the output */
      
      This ensures that you're testing the behavior the user would see in the 
browser. Learn more at https://reactjs.org/link/wrap-tests-with-act
          at ReportCreatePage (C:\Users\samhe\OneDrive\Desktop\Cleaned\frontend
\src\reporting\ReportCreatePage\ReportCreatePage.tsx:275:33)
          at routeContext (C:\Users\samhe\OneDrive\Desktop\Cleaned\frontend\nod
e_modules\react-router\lib\hooks.tsx:658:26)
          at children (C:\Users\samhe\OneDrive\Desktop\Cleaned\frontend\node_mo
dules\react-router\lib\components.tsx:512:3)
          at basenameProp (C:\Users\samhe\OneDrive\Desktop\Cleaned\frontend\nod
e_modules\react-router\lib\components.tsx:421:13)
          at basename (C:\Users\samhe\OneDrive\Desktop\Cleaned\frontend\node_mo
dules\react-router\lib\components.tsx:225:3)

      321 |                 setFieldMappings(merged)
      322 |             })
    > 323 |             .finally(() => setLoadingFields(false))
          |                            ^
      324 |     }, [])
      325 |
      326 |     useEffect(() => {

      at printWarning 
(node_modules/react-dom/cjs/react-dom.development.js:86:30)
      at error (node_modules/react-dom/cjs/react-dom.development.js:60:7)
      at warnIfUpdatesNotWrappedWithActDEV 
(node_modules/react-dom/cjs/react-dom.development.js:27628:9)
      at scheduleUpdateOnFiber 
(node_modules/react-dom/cjs/react-dom.development.js:25547:5)
      at dispatchSetState 
(node_modules/react-dom/cjs/react-dom.development.js:16708:7)
      at src/reporting/ReportCreatePage/ReportCreatePage.tsx:323:28

    console.error
      Warning: An update to ReportCreatePage inside a test was not wrapped in 
act(...).
      
      When testing, code that causes React state updates should be wrapped 
into act(...):
      
      act(() => {
        /* fire events that update state */
      });
      /* assert on the output */
      
      This ensures that you're testing the behavior the user would see in the 
browser. Learn more at https://reactjs.org/link/wrap-tests-with-act
          at ReportCreatePage (C:\Users\samhe\OneDrive\Desktop\Cleaned\frontend
\src\reporting\ReportCreatePage\ReportCreatePage.tsx:275:33)
          at routeContext (C:\Users\samhe\OneDrive\Desktop\Cleaned\frontend\nod
e_modules\react-router\lib\hooks.tsx:658:26)
          at children (C:\Users\samhe\OneDrive\Desktop\Cleaned\frontend\node_mo
dules\react-router\lib\components.tsx:512:3)
          at basenameProp (C:\Users\samhe\OneDrive\Desktop\Cleaned\frontend\nod
e_modules\react-router\lib\components.tsx:421:13)
          at basename (C:\Users\samhe\OneDrive\Desktop\Cleaned\frontend\node_mo
dules\react-router\lib\components.tsx:225:3)

      389 |
      390 |     function addFilter() {
    > 391 |         setForm((prev) => {
          |         ^
      392 |             const existing = prev.filters ?? []
      393 |             return {
      394 |                 ...prev,

      at printWarning 
(node_modules/react-dom/cjs/react-dom.development.js:86:30)
      at error (node_modules/react-dom/cjs/react-dom.development.js:60:7)
      at warnIfUpdatesNotWrappedWithActDEV 
(node_modules/react-dom/cjs/react-dom.development.js:27628:9)
      at scheduleUpdateOnFiber 
(node_modules/react-dom/cjs/react-dom.development.js:25547:5)
      at dispatchSetState 
(node_modules/react-dom/cjs/react-dom.development.js:16708:7)
      at addFilter (src/reporting/ReportCreatePage/ReportCreatePage.tsx:391:9)
      at HTMLUnknownElement.callCallback 
(node_modules/react-dom/cjs/react-dom.development.js:4164:14)
      at HTMLUnknownElement.callTheUserObjectsOperation 
(node_modules/jsdom/lib/jsdom/living/generated/EventListener.js:26:30)
      at innerInvokeEventListeners 
(node_modules/jsdom/lib/jsdom/living/events/EventTarget-impl.js:350:25)
      at invokeEventListeners 
(node_modules/jsdom/lib/jsdom/living/events/EventTarget-impl.js:286:3)
      at HTMLUnknownElementImpl._dispatch 
(node_modules/jsdom/lib/jsdom/living/events/EventTarget-impl.js:233:9)
      at HTMLUnknownElementImpl.dispatchEvent 
(node_modules/jsdom/lib/jsdom/living/events/EventTarget-impl.js:104:17)
      at HTMLUnknownElement.dispatchEvent 
(node_modules/jsdom/lib/jsdom/living/generated/EventTarget.js:241:34)
      at Object.invokeGuardedCallbackDev 
(node_modules/react-dom/cjs/react-dom.development.js:4213:16)
      at invokeGuardedCallback 
(node_modules/react-dom/cjs/react-dom.development.js:4277:31)
      at invokeGuardedCallbackAndCatchFirstError 
(node_modules/react-dom/cjs/react-dom.development.js:4291:25)
      at executeDispatch 
(node_modules/react-dom/cjs/react-dom.development.js:9041:3)
      at processDispatchQueueItemsInOrder 
(node_modules/react-dom/cjs/react-dom.development.js:9073:7)
      at processDispatchQueue 
(node_modules/react-dom/cjs/react-dom.development.js:9086:5)
      at dispatchEventsForPlugins 
(node_modules/react-dom/cjs/react-dom.development.js:9097:3)
      at node_modules/react-dom/cjs/react-dom.development.js:9288:12
      at batchedUpdates$1 
(node_modules/react-dom/cjs/react-dom.development.js:26179:12)
      at batchedUpdates 
(node_modules/react-dom/cjs/react-dom.development.js:3991:12)
      at dispatchEventForPluginEventSystem 
(node_modules/react-dom/cjs/react-dom.development.js:9287:3)
      at dispatchEventWithEnableCapturePhaseSelectiveHydrationWithoutDiscreteEv
entReplay (node_modules/react-dom/cjs/react-dom.development.js:6465:5)
      at dispatchEvent 
(node_modules/react-dom/cjs/react-dom.development.js:6457:5)
      at dispatchDiscreteEvent 
(node_modules/react-dom/cjs/react-dom.development.js:6430:5)
      at HTMLDivElement.callTheUserObjectsOperation 
(node_modules/jsdom/lib/jsdom/living/generated/EventListener.js:26:30)
      at innerInvokeEventListeners 
(node_modules/jsdom/lib/jsdom/living/events/EventTarget-impl.js:350:25)
      at invokeEventListeners 
(node_modules/jsdom/lib/jsdom/living/events/EventTarget-impl.js:286:3)
      at HTMLButtonElementImpl._dispatch 
(node_modules/jsdom/lib/jsdom/living/events/EventTarget-impl.js:233:9)
      at HTMLButtonElementImpl.dispatchEvent 
(node_modules/jsdom/lib/jsdom/living/events/EventTarget-impl.js:104:17)
      at HTMLButtonElement.dispatchEvent 
(node_modules/jsdom/lib/jsdom/living/generated/EventTarget.js:241:34)
      at 
node_modules/@testing-library/user-event/dist/cjs/event/dispatchEvent.js:45:43
      at Object.eventWrapper 
(node_modules/@testing-library/dom/dist/config.js:25:23)
      at Object.wrapEvent 
(node_modules/@testing-library/user-event/dist/cjs/event/wrapEvent.js:6:28)
      at Object.dispatchEvent (node_modules/@testing-library/user-event/dist/cj
s/event/dispatchEvent.js:45:22)
      at Object.dispatchUIEvent (node_modules/@testing-library/user-event/dist/
cjs/event/dispatchEvent.js:22:26)
      at Mouse.up (node_modules/@testing-library/user-event/dist/cjs/system/poi
nter/mouse.js:100:30)
      at PointerHost.release (node_modules/@testing-library/user-event/dist/cjs
/system/pointer/index.js:87:24)
      at pointerAction 
(node_modules/@testing-library/user-event/dist/cjs/pointer/index.js:54:47)
      at Object.pointer 
(node_modules/@testing-library/user-event/dist/cjs/pointer/index.js:27:9)
      at Object.<anonymous> (src/reporting/__tests__/reports.test.tsx:540:9)

    console.error
      Warning: An update to ReportCreatePage inside a test was not wrapped in 
act(...).
      
      When testing, code that causes React state updates should be wrapped 
into act(...):
      
      act(() => {
        /* fire events that update state */
      });
      /* assert on the output */
      
      This ensures that you're testing the behavior the user would see in the 
browser. Learn more at https://reactjs.org/link/wrap-tests-with-act
          at ReportCreatePage (C:\Users\samhe\OneDrive\Desktop\Cleaned\frontend
\src\reporting\ReportCreatePage\ReportCreatePage.tsx:275:33)
          at routeContext (C:\Users\samhe\OneDrive\Desktop\Cleaned\frontend\nod
e_modules\react-router\lib\hooks.tsx:658:26)
          at children (C:\Users\samhe\OneDrive\Desktop\Cleaned\frontend\node_mo
dules\react-router\lib\components.tsx:512:3)
          at basenameProp (C:\Users\samhe\OneDrive\Desktop\Cleaned\frontend\nod
e_modules\react-router\lib\components.tsx:421:13)
          at basename (C:\Users\samhe\OneDrive\Desktop\Cleaned\frontend\node_mo
dules\react-router\lib\components.tsx:225:3)

      389 |
      390 |     function addFilter() {
    > 391 |         setForm((prev) => {
          |         ^
      392 |             const existing = prev.filters ?? []
      393 |             return {
      394 |                 ...prev,

      at printWarning 
(node_modules/react-dom/cjs/react-dom.development.js:86:30)
      at error (node_modules/react-dom/cjs/react-dom.development.js:60:7)
      at warnIfUpdatesNotWrappedWithActDEV 
(node_modules/react-dom/cjs/react-dom.development.js:27628:9)
      at scheduleUpdateOnFiber 
(node_modules/react-dom/cjs/react-dom.development.js:25547:5)
      at dispatchSetState 
(node_modules/react-dom/cjs/react-dom.development.js:16708:7)
      at addFilter (src/reporting/ReportCreatePage/ReportCreatePage.tsx:391:9)
      at HTMLUnknownElement.callCallback 
(node_modules/react-dom/cjs/react-dom.development.js:4164:14)
      at HTMLUnknownElement.callTheUserObjectsOperation 
(node_modules/jsdom/lib/jsdom/living/generated/EventListener.js:26:30)
      at innerInvokeEventListeners 
(node_modules/jsdom/lib/jsdom/living/events/EventTarget-impl.js:350:25)
      at invokeEventListeners 
(node_modules/jsdom/lib/jsdom/living/events/EventTarget-impl.js:286:3)
      at HTMLUnknownElementImpl._dispatch 
(node_modules/jsdom/lib/jsdom/living/events/EventTarget-impl.js:233:9)
      at HTMLUnknownElementImpl.dispatchEvent 
(node_modules/jsdom/lib/jsdom/living/events/EventTarget-impl.js:104:17)
      at HTMLUnknownElement.dispatchEvent 
(node_modules/jsdom/lib/jsdom/living/generated/EventTarget.js:241:34)
      at Object.invokeGuardedCallbackDev 
(node_modules/react-dom/cjs/react-dom.development.js:4213:16)
      at invokeGuardedCallback 
(node_modules/react-dom/cjs/react-dom.development.js:4277:31)
      at invokeGuardedCallbackAndCatchFirstError 
(node_modules/react-dom/cjs/react-dom.development.js:4291:25)
      at executeDispatch 
(node_modules/react-dom/cjs/react-dom.development.js:9041:3)
      at processDispatchQueueItemsInOrder 
(node_modules/react-dom/cjs/react-dom.development.js:9073:7)
      at processDispatchQueue 
(node_modules/react-dom/cjs/react-dom.development.js:9086:5)
      at dispatchEventsForPlugins 
(node_modules/react-dom/cjs/react-dom.development.js:9097:3)
      at node_modules/react-dom/cjs/react-dom.development.js:9288:12
      at batchedUpdates$1 
(node_modules/react-dom/cjs/react-dom.development.js:26179:12)
      at batchedUpdates 
(node_modules/react-dom/cjs/react-dom.development.js:3991:12)
      at dispatchEventForPluginEventSystem 
(node_modules/react-dom/cjs/react-dom.development.js:9287:3)
      at dispatchEventWithEnableCapturePhaseSelectiveHydrationWithoutDiscreteEv
entReplay (node_modules/react-dom/cjs/react-dom.development.js:6465:5)
      at dispatchEvent 
(node_modules/react-dom/cjs/react-dom.development.js:6457:5)
      at dispatchDiscreteEvent 
(node_modules/react-dom/cjs/react-dom.development.js:6430:5)
      at HTMLDivElement.callTheUserObjectsOperation 
(node_modules/jsdom/lib/jsdom/living/generated/EventListener.js:26:30)
      at innerInvokeEventListeners 
(node_modules/jsdom/lib/jsdom/living/events/EventTarget-impl.js:350:25)
      at invokeEventListeners 
(node_modules/jsdom/lib/jsdom/living/events/EventTarget-impl.js:286:3)
      at HTMLButtonElementImpl._dispatch 
(node_modules/jsdom/lib/jsdom/living/events/EventTarget-impl.js:233:9)
      at HTMLButtonElementImpl.dispatchEvent 
(node_modules/jsdom/lib/jsdom/living/events/EventTarget-impl.js:104:17)
      at HTMLButtonElement.dispatchEvent 
(node_modules/jsdom/lib/jsdom/living/generated/EventTarget.js:241:34)
      at 
node_modules/@testing-library/user-event/dist/cjs/event/dispatchEvent.js:45:43
      at Object.eventWrapper 
(node_modules/@testing-library/dom/dist/config.js:25:23)
      at Object.wrapEvent 
(node_modules/@testing-library/user-event/dist/cjs/event/wrapEvent.js:6:28)
      at Object.dispatchEvent (node_modules/@testing-library/user-event/dist/cj
s/event/dispatchEvent.js:45:22)
      at Object.dispatchUIEvent (node_modules/@testing-library/user-event/dist/
cjs/event/dispatchEvent.js:22:26)
      at Mouse.up (node_modules/@testing-library/user-event/dist/cjs/system/poi
nter/mouse.js:100:30)
      at PointerHost.release (node_modules/@testing-library/user-event/dist/cjs
/system/pointer/index.js:87:24)
      at pointerAction 
(node_modules/@testing-library/user-event/dist/cjs/pointer/index.js:54:47)
      at Object.pointer 
(node_modules/@testing-library/user-event/dist/cjs/pointer/index.js:27:9)
      at Object.<anonymous> (src/reporting/__tests__/reports.test.tsx:541:9)

    console.error
      Warning: An update to ReportCreatePage inside a test was not wrapped in 
act(...).
      
      When testing, code that causes React state updates should be wrapped 
into act(...):
      
      act(() => {
        /* fire events that update state */
      });
      /* assert on the output */
      
      This ensures that you're testing the behavior the user would see in the 
browser. Learn more at https://reactjs.org/link/wrap-tests-with-act
          at ReportCreatePage (C:\Users\samhe\OneDrive\Desktop\Cleaned\frontend
\src\reporting\ReportCreatePage\ReportCreatePage.tsx:275:33)
          at routeContext (C:\Users\samhe\OneDrive\Desktop\Cleaned\frontend\nod
e_modules\react-router\lib\hooks.tsx:658:26)
          at children (C:\Users\samhe\OneDrive\Desktop\Cleaned\frontend\node_mo
dules\react-router\lib\components.tsx:512:3)
          at basenameProp (C:\Users\samhe\OneDrive\Desktop\Cleaned\frontend\nod
e_modules\react-router\lib\components.tsx:421:13)
          at basename (C:\Users\samhe\OneDrive\Desktop\Cleaned\frontend\node_mo
dules\react-router\lib\components.tsx:225:3)

      at printWarning 
(node_modules/react-dom/cjs/react-dom.development.js:86:30)
      at error (node_modules/react-dom/cjs/react-dom.development.js:60:7)
      at warnIfUpdatesNotWrappedWithActDEV 
(node_modules/react-dom/cjs/react-dom.development.js:27628:9)
      at scheduleUpdateOnFiber 
(node_modules/react-dom/cjs/react-dom.development.js:25547:5)
      at dispatchSetState 
(node_modules/react-dom/cjs/react-dom.development.js:16708:7)

    console.error
      Warning: An update to ReportCreatePage inside a test was not wrapped in 
act(...).
      
      When testing, code that causes React state updates should be wrapped 
into act(...):
      
      act(() => {
        /* fire events that update state */
      });
      /* assert on the output */
      
      This ensures that you're testing the behavior the user would see in the 
browser. Learn more at https://reactjs.org/link/wrap-tests-with-act
          at ReportCreatePage (C:\Users\samhe\OneDrive\Desktop\Cleaned\frontend
\src\reporting\ReportCreatePage\ReportCreatePage.tsx:275:33)
          at routeContext (C:\Users\samhe\OneDrive\Desktop\Cleaned\frontend\nod
e_modules\react-router\lib\hooks.tsx:658:26)
          at children (C:\Users\samhe\OneDrive\Desktop\Cleaned\frontend\node_mo
dules\react-router\lib\components.tsx:512:3)
          at basenameProp (C:\Users\samhe\OneDrive\Desktop\Cleaned\frontend\nod
e_modules\react-router\lib\components.tsx:421:13)
          at basename (C:\Users\samhe\OneDrive\Desktop\Cleaned\frontend\node_mo
dules\react-router\lib\components.tsx:225:3)

      319 |                     return true
      320 |                 })
    > 321 |                 setFieldMappings(merged)
          |                 ^
      322 |             })
      323 |             .finally(() => setLoadingFields(false))
      324 |     }, [])

      at printWarning 
(node_modules/react-dom/cjs/react-dom.development.js:86:30)
      at error (node_modules/react-dom/cjs/react-dom.development.js:60:7)
      at warnIfUpdatesNotWrappedWithActDEV 
(node_modules/react-dom/cjs/react-dom.development.js:27628:9)
      at scheduleUpdateOnFiber 
(node_modules/react-dom/cjs/react-dom.development.js:25547:5)
      at dispatchSetState 
(node_modules/react-dom/cjs/react-dom.development.js:16708:7)
      at src/reporting/ReportCreatePage/ReportCreatePage.tsx:321:17

    console.error
      Warning: An update to ReportCreatePage inside a test was not wrapped in 
act(...).
      
      When testing, code that causes React state updates should be wrapped 
into act(...):
      
      act(() => {
        /* fire events that update state */
      });
      /* assert on the output */
      
      This ensures that you're testing the behavior the user would see in the 
browser. Learn more at https://reactjs.org/link/wrap-tests-with-act
          at ReportCreatePage (C:\Users\samhe\OneDrive\Desktop\Cleaned\frontend
\src\reporting\ReportCreatePage\ReportCreatePage.tsx:275:33)
          at routeContext (C:\Users\samhe\OneDrive\Desktop\Cleaned\frontend\nod
e_modules\react-router\lib\hooks.tsx:658:26)
          at children (C:\Users\samhe\OneDrive\Desktop\Cleaned\frontend\node_mo
dules\react-router\lib\components.tsx:512:3)
          at basenameProp (C:\Users\samhe\OneDrive\Desktop\Cleaned\frontend\nod
e_modules\react-router\lib\components.tsx:421:13)
          at basename (C:\Users\samhe\OneDrive\Desktop\Cleaned\frontend\node_mo
dules\react-router\lib\components.tsx:225:3)

      321 |                 setFieldMappings(merged)
      322 |             })
    > 323 |             .finally(() => setLoadingFields(false))
          |                            ^
      324 |     }, [])
      325 |
      326 |     useEffect(() => {

      at printWarning 
(node_modules/react-dom/cjs/react-dom.development.js:86:30)
      at error (node_modules/react-dom/cjs/react-dom.development.js:60:7)
      at warnIfUpdatesNotWrappedWithActDEV 
(node_modules/react-dom/cjs/react-dom.development.js:27628:9)
      at scheduleUpdateOnFiber 
(node_modules/react-dom/cjs/react-dom.development.js:25547:5)
      at dispatchSetState 
(node_modules/react-dom/cjs/react-dom.development.js:16708:7)
      at src/reporting/ReportCreatePage/ReportCreatePage.tsx:323:28

    console.error
      Warning: An update to ReportCreatePage inside a test was not wrapped in 
act(...).
      
      When testing, code that causes React state updates should be wrapped 
into act(...):
      
      act(() => {
        /* fire events that update state */
      });
      /* assert on the output */
      
      This ensures that you're testing the behavior the user would see in the 
browser. Learn more at https://reactjs.org/link/wrap-tests-with-act
          at ReportCreatePage (C:\Users\samhe\OneDrive\Desktop\Cleaned\frontend
\src\reporting\ReportCreatePage\ReportCreatePage.tsx:275:33)
          at routeContext (C:\Users\samhe\OneDrive\Desktop\Cleaned\frontend\nod
e_modules\react-router\lib\hooks.tsx:658:26)
          at children (C:\Users\samhe\OneDrive\Desktop\Cleaned\frontend\node_mo
dules\react-router\lib\components.tsx:512:3)
          at basenameProp (C:\Users\samhe\OneDrive\Desktop\Cleaned\frontend\nod
e_modules\react-router\lib\components.tsx:421:13)
          at basename (C:\Users\samhe\OneDrive\Desktop\Cleaned\frontend\node_mo
dules\react-router\lib\components.tsx:225:3)

      389 |
      390 |     function addFilter() {
    > 391 |         setForm((prev) => {
          |         ^
      392 |             const existing = prev.filters ?? []
      393 |             return {
      394 |                 ...prev,

      at printWarning 
(node_modules/react-dom/cjs/react-dom.development.js:86:30)
      at error (node_modules/react-dom/cjs/react-dom.development.js:60:7)
      at warnIfUpdatesNotWrappedWithActDEV 
(node_modules/react-dom/cjs/react-dom.development.js:27628:9)
      at scheduleUpdateOnFiber 
(node_modules/react-dom/cjs/react-dom.development.js:25547:5)
      at dispatchSetState 
(node_modules/react-dom/cjs/react-dom.development.js:16708:7)
      at addFilter (src/reporting/ReportCreatePage/ReportCreatePage.tsx:391:9)
      at HTMLUnknownElement.callCallback 
(node_modules/react-dom/cjs/react-dom.development.js:4164:14)
      at HTMLUnknownElement.callTheUserObjectsOperation 
(node_modules/jsdom/lib/jsdom/living/generated/EventListener.js:26:30)
      at innerInvokeEventListeners 
(node_modules/jsdom/lib/jsdom/living/events/EventTarget-impl.js:350:25)
      at invokeEventListeners 
(node_modules/jsdom/lib/jsdom/living/events/EventTarget-impl.js:286:3)
      at HTMLUnknownElementImpl._dispatch 
(node_modules/jsdom/lib/jsdom/living/events/EventTarget-impl.js:233:9)
      at HTMLUnknownElementImpl.dispatchEvent 
(node_modules/jsdom/lib/jsdom/living/events/EventTarget-impl.js:104:17)
      at HTMLUnknownElement.dispatchEvent 
(node_modules/jsdom/lib/jsdom/living/generated/EventTarget.js:241:34)
      at Object.invokeGuardedCallbackDev 
(node_modules/react-dom/cjs/react-dom.development.js:4213:16)
      at invokeGuardedCallback 
(node_modules/react-dom/cjs/react-dom.development.js:4277:31)
      at invokeGuardedCallbackAndCatchFirstError 
(node_modules/react-dom/cjs/react-dom.development.js:4291:25)
      at executeDispatch 
(node_modules/react-dom/cjs/react-dom.development.js:9041:3)
      at processDispatchQueueItemsInOrder 
(node_modules/react-dom/cjs/react-dom.development.js:9073:7)
      at processDispatchQueue 
(node_modules/react-dom/cjs/react-dom.development.js:9086:5)
      at dispatchEventsForPlugins 
(node_modules/react-dom/cjs/react-dom.development.js:9097:3)
      at node_modules/react-dom/cjs/react-dom.development.js:9288:12
      at batchedUpdates$1 
(node_modules/react-dom/cjs/react-dom.development.js:26179:12)
      at batchedUpdates 
(node_modules/react-dom/cjs/react-dom.development.js:3991:12)
      at dispatchEventForPluginEventSystem 
(node_modules/react-dom/cjs/react-dom.development.js:9287:3)
      at dispatchEventWithEnableCapturePhaseSelectiveHydrationWithoutDiscreteEv
entReplay (node_modules/react-dom/cjs/react-dom.development.js:6465:5)
      at dispatchEvent 
(node_modules/react-dom/cjs/react-dom.development.js:6457:5)
      at dispatchDiscreteEvent 
(node_modules/react-dom/cjs/react-dom.development.js:6430:5)
      at HTMLDivElement.callTheUserObjectsOperation 
(node_modules/jsdom/lib/jsdom/living/generated/EventListener.js:26:30)
      at innerInvokeEventListeners 
(node_modules/jsdom/lib/jsdom/living/events/EventTarget-impl.js:350:25)
      at invokeEventListeners 
(node_modules/jsdom/lib/jsdom/living/events/EventTarget-impl.js:286:3)
      at HTMLButtonElementImpl._dispatch 
(node_modules/jsdom/lib/jsdom/living/events/EventTarget-impl.js:233:9)
      at HTMLButtonElementImpl.dispatchEvent 
(node_modules/jsdom/lib/jsdom/living/events/EventTarget-impl.js:104:17)
      at HTMLButtonElement.dispatchEvent 
(node_modules/jsdom/lib/jsdom/living/generated/EventTarget.js:241:34)
      at 
node_modules/@testing-library/user-event/dist/cjs/event/dispatchEvent.js:45:43
      at Object.eventWrapper 
(node_modules/@testing-library/dom/dist/config.js:25:23)
      at Object.wrapEvent 
(node_modules/@testing-library/user-event/dist/cjs/event/wrapEvent.js:6:28)
      at Object.dispatchEvent (node_modules/@testing-library/user-event/dist/cj
s/event/dispatchEvent.js:45:22)
      at Object.dispatchUIEvent (node_modules/@testing-library/user-event/dist/
cjs/event/dispatchEvent.js:22:26)
      at Mouse.up (node_modules/@testing-library/user-event/dist/cjs/system/poi
nter/mouse.js:100:30)
      at PointerHost.release (node_modules/@testing-library/user-event/dist/cjs
/system/pointer/index.js:87:24)
      at pointerAction 
(node_modules/@testing-library/user-event/dist/cjs/pointer/index.js:54:47)
      at Object.pointer 
(node_modules/@testing-library/user-event/dist/cjs/pointer/index.js:27:9)
      at Object.<anonymous> (src/reporting/__tests__/reports.test.tsx:558:9)

    console.error
      Warning: An update to ReportCreatePage inside a test was not wrapped in 
act(...).
      
      When testing, code that causes React state updates should be wrapped 
into act(...):
      
      act(() => {
        /* fire events that update state */
      });
      /* assert on the output */
      
      This ensures that you're testing the behavior the user would see in the 
browser. Learn more at https://reactjs.org/link/wrap-tests-with-act
          at ReportCreatePage (C:\Users\samhe\OneDrive\Desktop\Cleaned\frontend
\src\reporting\ReportCreatePage\ReportCreatePage.tsx:275:33)
          at routeContext (C:\Users\samhe\OneDrive\Desktop\Cleaned\frontend\nod
e_modules\react-router\lib\hooks.tsx:658:26)
          at children (C:\Users\samhe\OneDrive\Desktop\Cleaned\frontend\node_mo
dules\react-router\lib\components.tsx:512:3)
          at basenameProp (C:\Users\samhe\OneDrive\Desktop\Cleaned\frontend\nod
e_modules\react-router\lib\components.tsx:421:13)
          at basename (C:\Users\samhe\OneDrive\Desktop\Cleaned\frontend\node_mo
dules\react-router\lib\components.tsx:225:3)

      389 |
      390 |     function addFilter() {
    > 391 |         setForm((prev) => {
          |         ^
      392 |             const existing = prev.filters ?? []
      393 |             return {
      394 |                 ...prev,

      at printWarning 
(node_modules/react-dom/cjs/react-dom.development.js:86:30)
      at error (node_modules/react-dom/cjs/react-dom.development.js:60:7)
      at warnIfUpdatesNotWrappedWithActDEV 
(node_modules/react-dom/cjs/react-dom.development.js:27628:9)
      at scheduleUpdateOnFiber 
(node_modules/react-dom/cjs/react-dom.development.js:25547:5)
      at dispatchSetState 
(node_modules/react-dom/cjs/react-dom.development.js:16708:7)
      at addFilter (src/reporting/ReportCreatePage/ReportCreatePage.tsx:391:9)
      at HTMLUnknownElement.callCallback 
(node_modules/react-dom/cjs/react-dom.development.js:4164:14)
      at HTMLUnknownElement.callTheUserObjectsOperation 
(node_modules/jsdom/lib/jsdom/living/generated/EventListener.js:26:30)
      at innerInvokeEventListeners 
(node_modules/jsdom/lib/jsdom/living/events/EventTarget-impl.js:350:25)
      at invokeEventListeners 
(node_modules/jsdom/lib/jsdom/living/events/EventTarget-impl.js:286:3)
      at HTMLUnknownElementImpl._dispatch 
(node_modules/jsdom/lib/jsdom/living/events/EventTarget-impl.js:233:9)
      at HTMLUnknownElementImpl.dispatchEvent 
(node_modules/jsdom/lib/jsdom/living/events/EventTarget-impl.js:104:17)
      at HTMLUnknownElement.dispatchEvent 
(node_modules/jsdom/lib/jsdom/living/generated/EventTarget.js:241:34)
      at Object.invokeGuardedCallbackDev 
(node_modules/react-dom/cjs/react-dom.development.js:4213:16)
      at invokeGuardedCallback 
(node_modules/react-dom/cjs/react-dom.development.js:4277:31)
      at invokeGuardedCallbackAndCatchFirstError 
(node_modules/react-dom/cjs/react-dom.development.js:4291:25)
      at executeDispatch 
(node_modules/react-dom/cjs/react-dom.development.js:9041:3)
      at processDispatchQueueItemsInOrder 
(node_modules/react-dom/cjs/react-dom.development.js:9073:7)
      at processDispatchQueue 
(node_modules/react-dom/cjs/react-dom.development.js:9086:5)
      at dispatchEventsForPlugins 
(node_modules/react-dom/cjs/react-dom.development.js:9097:3)
      at node_modules/react-dom/cjs/react-dom.development.js:9288:12
      at batchedUpdates$1 
(node_modules/react-dom/cjs/react-dom.development.js:26179:12)
      at batchedUpdates 
(node_modules/react-dom/cjs/react-dom.development.js:3991:12)
      at dispatchEventForPluginEventSystem 
(node_modules/react-dom/cjs/react-dom.development.js:9287:3)
      at dispatchEventWithEnableCapturePhaseSelectiveHydrationWithoutDiscreteEv
entReplay (node_modules/react-dom/cjs/react-dom.development.js:6465:5)
      at dispatchEvent 
(node_modules/react-dom/cjs/react-dom.development.js:6457:5)
      at dispatchDiscreteEvent 
(node_modules/react-dom/cjs/react-dom.development.js:6430:5)
      at HTMLDivElement.callTheUserObjectsOperation 
(node_modules/jsdom/lib/jsdom/living/generated/EventListener.js:26:30)
      at innerInvokeEventListeners 
(node_modules/jsdom/lib/jsdom/living/events/EventTarget-impl.js:350:25)
      at invokeEventListeners 
(node_modules/jsdom/lib/jsdom/living/events/EventTarget-impl.js:286:3)
      at HTMLButtonElementImpl._dispatch 
(node_modules/jsdom/lib/jsdom/living/events/EventTarget-impl.js:233:9)
      at HTMLButtonElementImpl.dispatchEvent 
(node_modules/jsdom/lib/jsdom/living/events/EventTarget-impl.js:104:17)
      at HTMLButtonElement.dispatchEvent 
(node_modules/jsdom/lib/jsdom/living/generated/EventTarget.js:241:34)
      at 
node_modules/@testing-library/user-event/dist/cjs/event/dispatchEvent.js:45:43
      at Object.eventWrapper 
(node_modules/@testing-library/dom/dist/config.js:25:23)
      at Object.wrapEvent 
(node_modules/@testing-library/user-event/dist/cjs/event/wrapEvent.js:6:28)
      at Object.dispatchEvent (node_modules/@testing-library/user-event/dist/cj
s/event/dispatchEvent.js:45:22)
      at Object.dispatchUIEvent (node_modules/@testing-library/user-event/dist/
cjs/event/dispatchEvent.js:22:26)
      at Mouse.up (node_modules/@testing-library/user-event/dist/cjs/system/poi
nter/mouse.js:100:30)
      at PointerHost.release (node_modules/@testing-library/user-event/dist/cjs
/system/pointer/index.js:87:24)
      at pointerAction 
(node_modules/@testing-library/user-event/dist/cjs/pointer/index.js:54:47)
      at Object.pointer 
(node_modules/@testing-library/user-event/dist/cjs/pointer/index.js:27:9)
      at Object.<anonymous> (src/reporting/__tests__/reports.test.tsx:559:9)

    console.error
      Warning: An update to ReportCreatePage inside a test was not wrapped in 
act(...).
      
      When testing, code that causes React state updates should be wrapped 
into act(...):
      
      act(() => {
        /* fire events that update state */
      });
      /* assert on the output */
      
      This ensures that you're testing the behavior the user would see in the 
browser. Learn more at https://reactjs.org/link/wrap-tests-with-act
          at ReportCreatePage (C:\Users\samhe\OneDrive\Desktop\Cleaned\frontend
\src\reporting\ReportCreatePage\ReportCreatePage.tsx:275:33)
          at routeContext (C:\Users\samhe\OneDrive\Desktop\Cleaned\frontend\nod
e_modules\react-router\lib\hooks.tsx:658:26)
          at children (C:\Users\samhe\OneDrive\Desktop\Cleaned\frontend\node_mo
dules\react-router\lib\components.tsx:512:3)
          at basenameProp (C:\Users\samhe\OneDrive\Desktop\Cleaned\frontend\nod
e_modules\react-router\lib\components.tsx:421:13)
          at basename (C:\Users\samhe\OneDrive\Desktop\Cleaned\frontend\node_mo
dules\react-router\lib\components.tsx:225:3)

      389 |
      390 |     function addFilter() {
    > 391 |         setForm((prev) => {
          |         ^
      392 |             const existing = prev.filters ?? []
      393 |             return {
      394 |                 ...prev,

      at printWarning 
(node_modules/react-dom/cjs/react-dom.development.js:86:30)
      at error (node_modules/react-dom/cjs/react-dom.development.js:60:7)
      at warnIfUpdatesNotWrappedWithActDEV 
(node_modules/react-dom/cjs/react-dom.development.js:27628:9)
      at scheduleUpdateOnFiber 
(node_modules/react-dom/cjs/react-dom.development.js:25547:5)
      at dispatchSetState 
(node_modules/react-dom/cjs/react-dom.development.js:16708:7)
      at addFilter (src/reporting/ReportCreatePage/ReportCreatePage.tsx:391:9)
      at HTMLUnknownElement.callCallback 
(node_modules/react-dom/cjs/react-dom.development.js:4164:14)
      at HTMLUnknownElement.callTheUserObjectsOperation 
(node_modules/jsdom/lib/jsdom/living/generated/EventListener.js:26:30)
      at innerInvokeEventListeners 
(node_modules/jsdom/lib/jsdom/living/events/EventTarget-impl.js:350:25)
      at invokeEventListeners 
(node_modules/jsdom/lib/jsdom/living/events/EventTarget-impl.js:286:3)
      at HTMLUnknownElementImpl._dispatch 
(node_modules/jsdom/lib/jsdom/living/events/EventTarget-impl.js:233:9)
      at HTMLUnknownElementImpl.dispatchEvent 
(node_modules/jsdom/lib/jsdom/living/events/EventTarget-impl.js:104:17)
      at HTMLUnknownElement.dispatchEvent 
(node_modules/jsdom/lib/jsdom/living/generated/EventTarget.js:241:34)
      at Object.invokeGuardedCallbackDev 
(node_modules/react-dom/cjs/react-dom.development.js:4213:16)
      at invokeGuardedCallback 
(node_modules/react-dom/cjs/react-dom.development.js:4277:31)
      at invokeGuardedCallbackAndCatchFirstError 
(node_modules/react-dom/cjs/react-dom.development.js:4291:25)
      at executeDispatch 
(node_modules/react-dom/cjs/react-dom.development.js:9041:3)
      at processDispatchQueueItemsInOrder 
(node_modules/react-dom/cjs/react-dom.development.js:9073:7)
      at processDispatchQueue 
(node_modules/react-dom/cjs/react-dom.development.js:9086:5)
      at dispatchEventsForPlugins 
(node_modules/react-dom/cjs/react-dom.development.js:9097:3)
      at node_modules/react-dom/cjs/react-dom.development.js:9288:12
      at batchedUpdates$1 
(node_modules/react-dom/cjs/react-dom.development.js:26179:12)
      at batchedUpdates 
(node_modules/react-dom/cjs/react-dom.development.js:3991:12)
      at dispatchEventForPluginEventSystem 
(node_modules/react-dom/cjs/react-dom.development.js:9287:3)
      at dispatchEventWithEnableCapturePhaseSelectiveHydrationWithoutDiscreteEv
entReplay (node_modules/react-dom/cjs/react-dom.development.js:6465:5)
      at dispatchEvent 
(node_modules/react-dom/cjs/react-dom.development.js:6457:5)
      at dispatchDiscreteEvent 
(node_modules/react-dom/cjs/react-dom.development.js:6430:5)
      at HTMLDivElement.callTheUserObjectsOperation 
(node_modules/jsdom/lib/jsdom/living/generated/EventListener.js:26:30)
      at innerInvokeEventListeners 
(node_modules/jsdom/lib/jsdom/living/events/EventTarget-impl.js:350:25)
      at invokeEventListeners 
(node_modules/jsdom/lib/jsdom/living/events/EventTarget-impl.js:286:3)
      at HTMLButtonElementImpl._dispatch 
(node_modules/jsdom/lib/jsdom/living/events/EventTarget-impl.js:233:9)
      at HTMLButtonElementImpl.dispatchEvent 
(node_modules/jsdom/lib/jsdom/living/events/EventTarget-impl.js:104:17)
      at HTMLButtonElement.dispatchEvent 
(node_modules/jsdom/lib/jsdom/living/generated/EventTarget.js:241:34)
      at 
node_modules/@testing-library/user-event/dist/cjs/event/dispatchEvent.js:45:43
      at Object.eventWrapper 
(node_modules/@testing-library/dom/dist/config.js:25:23)
      at Object.wrapEvent 
(node_modules/@testing-library/user-event/dist/cjs/event/wrapEvent.js:6:28)
      at Object.dispatchEvent (node_modules/@testing-library/user-event/dist/cj
s/event/dispatchEvent.js:45:22)
      at Object.dispatchUIEvent (node_modules/@testing-library/user-event/dist/
cjs/event/dispatchEvent.js:22:26)
      at Mouse.up (node_modules/@testing-library/user-event/dist/cjs/system/poi
nter/mouse.js:100:30)
      at PointerHost.release (node_modules/@testing-library/user-event/dist/cjs
/system/pointer/index.js:87:24)
      at pointerAction 
(node_modules/@testing-library/user-event/dist/cjs/pointer/index.js:54:47)
      at Object.pointer 
(node_modules/@testing-library/user-event/dist/cjs/pointer/index.js:27:9)
      at Object.<anonymous> (src/reporting/__tests__/reports.test.tsx:574:9)

    console.error
      Warning: An update to ReportCreatePage inside a test was not wrapped in 
act(...).
      
      When testing, code that causes React state updates should be wrapped 
into act(...):
      
      act(() => {
        /* fire events that update state */
      });
      /* assert on the output */
      
      This ensures that you're testing the behavior the user would see in the 
browser. Learn more at https://reactjs.org/link/wrap-tests-with-act
          at ReportCreatePage (C:\Users\samhe\OneDrive\Desktop\Cleaned\frontend
\src\reporting\ReportCreatePage\ReportCreatePage.tsx:275:33)
          at routeContext (C:\Users\samhe\OneDrive\Desktop\Cleaned\frontend\nod
e_modules\react-router\lib\hooks.tsx:658:26)
          at children (C:\Users\samhe\OneDrive\Desktop\Cleaned\frontend\node_mo
dules\react-router\lib\components.tsx:512:3)
          at basenameProp (C:\Users\samhe\OneDrive\Desktop\Cleaned\frontend\nod
e_modules\react-router\lib\components.tsx:421:13)
          at basename (C:\Users\samhe\OneDrive\Desktop\Cleaned\frontend\node_mo
dules\react-router\lib\components.tsx:225:3)

      at printWarning 
(node_modules/react-dom/cjs/react-dom.development.js:86:30)
      at error (node_modules/react-dom/cjs/react-dom.development.js:60:7)
      at warnIfUpdatesNotWrappedWithActDEV 
(node_modules/react-dom/cjs/react-dom.development.js:27628:9)
      at scheduleUpdateOnFiber 
(node_modules/react-dom/cjs/react-dom.development.js:25547:5)
      at dispatchSetState 
(node_modules/react-dom/cjs/react-dom.development.js:16708:7)

    console.error
      Warning: An update to ReportCreatePage inside a test was not wrapped in 
act(...).
      
      When testing, code that causes React state updates should be wrapped 
into act(...):
      
      act(() => {
        /* fire events that update state */
      });
      /* assert on the output */
      
      This ensures that you're testing the behavior the user would see in the 
browser. Learn more at https://reactjs.org/link/wrap-tests-with-act
          at ReportCreatePage (C:\Users\samhe\OneDrive\Desktop\Cleaned\frontend
\src\reporting\ReportCreatePage\ReportCreatePage.tsx:275:33)
          at routeContext (C:\Users\samhe\OneDrive\Desktop\Cleaned\frontend\nod
e_modules\react-router\lib\hooks.tsx:658:26)
          at children (C:\Users\samhe\OneDrive\Desktop\Cleaned\frontend\node_mo
dules\react-router\lib\components.tsx:512:3)
          at basenameProp (C:\Users\samhe\OneDrive\Desktop\Cleaned\frontend\nod
e_modules\react-router\lib\components.tsx:421:13)
          at basename (C:\Users\samhe\OneDrive\Desktop\Cleaned\frontend\node_mo
dules\react-router\lib\components.tsx:225:3)

      319 |                     return true
      320 |                 })
    > 321 |                 setFieldMappings(merged)
          |                 ^
      322 |             })
      323 |             .finally(() => setLoadingFields(false))
      324 |     }, [])

      at printWarning 
(node_modules/react-dom/cjs/react-dom.development.js:86:30)
      at error (node_modules/react-dom/cjs/react-dom.development.js:60:7)
      at warnIfUpdatesNotWrappedWithActDEV 
(node_modules/react-dom/cjs/react-dom.development.js:27628:9)
      at scheduleUpdateOnFiber 
(node_modules/react-dom/cjs/react-dom.development.js:25547:5)
      at dispatchSetState 
(node_modules/react-dom/cjs/react-dom.development.js:16708:7)
      at src/reporting/ReportCreatePage/ReportCreatePage.tsx:321:17

    console.error
      Warning: An update to ReportCreatePage inside a test was not wrapped in 
act(...).
      
      When testing, code that causes React state updates should be wrapped 
into act(...):
      
      act(() => {
        /* fire events that update state */
      });
      /* assert on the output */
      
      This ensures that you're testing the behavior the user would see in the 
browser. Learn more at https://reactjs.org/link/wrap-tests-with-act
          at ReportCreatePage (C:\Users\samhe\OneDrive\Desktop\Cleaned\frontend
\src\reporting\ReportCreatePage\ReportCreatePage.tsx:275:33)
          at routeContext (C:\Users\samhe\OneDrive\Desktop\Cleaned\frontend\nod
e_modules\react-router\lib\hooks.tsx:658:26)
          at children (C:\Users\samhe\OneDrive\Desktop\Cleaned\frontend\node_mo
dules\react-router\lib\components.tsx:512:3)
          at basenameProp (C:\Users\samhe\OneDrive\Desktop\Cleaned\frontend\nod
e_modules\react-router\lib\components.tsx:421:13)
          at basename (C:\Users\samhe\OneDrive\Desktop\Cleaned\frontend\node_mo
dules\react-router\lib\components.tsx:225:3)

      321 |                 setFieldMappings(merged)
      322 |             })
    > 323 |             .finally(() => setLoadingFields(false))
          |                            ^
      324 |     }, [])
      325 |
      326 |     useEffect(() => {

      at printWarning 
(node_modules/react-dom/cjs/react-dom.development.js:86:30)
      at error (node_modules/react-dom/cjs/react-dom.development.js:60:7)
      at warnIfUpdatesNotWrappedWithActDEV 
(node_modules/react-dom/cjs/react-dom.development.js:27628:9)
      at scheduleUpdateOnFiber 
(node_modules/react-dom/cjs/react-dom.development.js:25547:5)
      at dispatchSetState 
(node_modules/react-dom/cjs/react-dom.development.js:16708:7)
      at src/reporting/ReportCreatePage/ReportCreatePage.tsx:323:28

    console.error
      Warning: An update to ReportCreatePage inside a test was not wrapped in 
act(...).
      
      When testing, code that causes React state updates should be wrapped 
into act(...):
      
      act(() => {
        /* fire events that update state */
      });
      /* assert on the output */
      
      This ensures that you're testing the behavior the user would see in the 
browser. Learn more at https://reactjs.org/link/wrap-tests-with-act
          at ReportCreatePage (C:\Users\samhe\OneDrive\Desktop\Cleaned\frontend
\src\reporting\ReportCreatePage\ReportCreatePage.tsx:275:33)
          at routeContext (C:\Users\samhe\OneDrive\Desktop\Cleaned\frontend\nod
e_modules\react-router\lib\hooks.tsx:658:26)
          at children (C:\Users\samhe\OneDrive\Desktop\Cleaned\frontend\node_mo
dules\react-router\lib\components.tsx:512:3)
          at basenameProp (C:\Users\samhe\OneDrive\Desktop\Cleaned\frontend\nod
e_modules\react-router\lib\components.tsx:421:13)
          at basename (C:\Users\samhe\OneDrive\Desktop\Cleaned\frontend\node_mo
dules\react-router\lib\components.tsx:225:3)

      351 |
      352 |     function setField<K extends keyof 
CreateReportTemplateInput>(key: K, value: CreateReportTemplateInput[K]) {
    > 353 |         setForm((prev) => ({ ...prev, [key]: value }))
          |         ^
      354 |     }
      355 |
      356 |     // --- Two-panel field selection helpers ---

      at printWarning 
(node_modules/react-dom/cjs/react-dom.development.js:86:30)
      at error (node_modules/react-dom/cjs/react-dom.development.js:60:7)
      at warnIfUpdatesNotWrappedWithActDEV 
(node_modules/react-dom/cjs/react-dom.development.js:27628:9)
      at scheduleUpdateOnFiber 
(node_modules/react-dom/cjs/react-dom.development.js:25547:5)
      at dispatchSetState 
(node_modules/react-dom/cjs/react-dom.development.js:16708:7)
      at setField (src/reporting/ReportCreatePage/ReportCreatePage.tsx:353:9)
      at onChange (src/reporting/ReportCreatePage/ReportCreatePage.tsx:507:46)
      at HTMLUnknownElement.callCallback 
(node_modules/react-dom/cjs/react-dom.development.js:4164:14)
      at HTMLUnknownElement.callTheUserObjectsOperation 
(node_modules/jsdom/lib/jsdom/living/generated/EventListener.js:26:30)
      at innerInvokeEventListeners 
(node_modules/jsdom/lib/jsdom/living/events/EventTarget-impl.js:350:25)
      at invokeEventListeners 
(node_modules/jsdom/lib/jsdom/living/events/EventTarget-impl.js:286:3)
      at HTMLUnknownElementImpl._dispatch 
(node_modules/jsdom/lib/jsdom/living/events/EventTarget-impl.js:233:9)
      at HTMLUnknownElementImpl.dispatchEvent 
(node_modules/jsdom/lib/jsdom/living/events/EventTarget-impl.js:104:17)
      at HTMLUnknownElement.dispatchEvent 
(node_modules/jsdom/lib/jsdom/living/generated/EventTarget.js:241:34)
      at Object.invokeGuardedCallbackDev 
(node_modules/react-dom/cjs/react-dom.development.js:4213:16)
      at invokeGuardedCallback 
(node_modules/react-dom/cjs/react-dom.development.js:4277:31)
      at invokeGuardedCallbackAndCatchFirstError 
(node_modules/react-dom/cjs/react-dom.development.js:4291:25)
      at executeDispatch 
(node_modules/react-dom/cjs/react-dom.development.js:9041:3)
      at processDispatchQueueItemsInOrder 
(node_modules/react-dom/cjs/react-dom.development.js:9073:7)
      at processDispatchQueue 
(node_modules/react-dom/cjs/react-dom.development.js:9086:5)
      at dispatchEventsForPlugins 
(node_modules/react-dom/cjs/react-dom.development.js:9097:3)
      at node_modules/react-dom/cjs/react-dom.development.js:9288:12
      at batchedUpdates$1 
(node_modules/react-dom/cjs/react-dom.development.js:26179:12)
      at batchedUpdates 
(node_modules/react-dom/cjs/react-dom.development.js:3991:12)
      at dispatchEventForPluginEventSystem 
(node_modules/react-dom/cjs/react-dom.development.js:9287:3)
      at dispatchEventWithEnableCapturePhaseSelectiveHydrationWithoutDiscreteEv
entReplay (node_modules/react-dom/cjs/react-dom.development.js:6465:5)
      at dispatchEvent 
(node_modules/react-dom/cjs/react-dom.development.js:6457:5)
      at dispatchDiscreteEvent 
(node_modules/react-dom/cjs/react-dom.development.js:6430:5)
      at HTMLDivElement.callTheUserObjectsOperation 
(node_modules/jsdom/lib/jsdom/living/generated/EventListener.js:26:30)
      at innerInvokeEventListeners 
(node_modules/jsdom/lib/jsdom/living/events/EventTarget-impl.js:350:25)
      at invokeEventListeners 
(node_modules/jsdom/lib/jsdom/living/events/EventTarget-impl.js:286:3)
      at HTMLInputElementImpl._dispatch 
(node_modules/jsdom/lib/jsdom/living/events/EventTarget-impl.js:233:9)
      at HTMLInputElementImpl.dispatchEvent 
(node_modules/jsdom/lib/jsdom/living/events/EventTarget-impl.js:104:17)
      at HTMLInputElement.dispatchEvent 
(node_modules/jsdom/lib/jsdom/living/generated/EventTarget.js:241:34)
      at 
node_modules/@testing-library/user-event/dist/cjs/event/dispatchEvent.js:45:43
      at Object.eventWrapper 
(node_modules/@testing-library/dom/dist/config.js:25:23)
      at Object.wrapEvent 
(node_modules/@testing-library/user-event/dist/cjs/event/wrapEvent.js:6:28)
      at Object.dispatchEvent (node_modules/@testing-library/user-event/dist/cj
s/event/dispatchEvent.js:45:22)
      at Object.dispatchUIEvent (node_modules/@testing-library/user-event/dist/
cjs/event/dispatchEvent.js:22:26)
      at commitInput 
(node_modules/@testing-library/user-event/dist/cjs/event/input.js:145:14)
      at editInputElement 
(node_modules/@testing-library/user-event/dist/cjs/event/input.js:115:9)
      at Object.input 
(node_modules/@testing-library/user-event/dist/cjs/event/input.js:37:9)
      at node_modules/@testing-library/user-event/dist/cjs/event/behavior/keypr
ess.js:31:26
      at Object.dispatchEvent (node_modules/@testing-library/user-event/dist/cj
s/event/dispatchEvent.js:41:13)
      at Object.dispatchUIEvent (node_modules/@testing-library/user-event/dist/
cjs/event/dispatchEvent.js:22:26)
      at KeyboardHost.keydown 
(node_modules/@testing-library/user-event/dist/cjs/system/keyboard.js:76:22)
      at keyboardAction 
(node_modules/@testing-library/user-event/dist/cjs/keyboard/index.js:22:35)
      at Object.keyboard 
(node_modules/@testing-library/user-event/dist/cjs/keyboard/index.js:11:15)
      at Object.type 
(node_modules/@testing-library/user-event/dist/cjs/utility/type.js:17:5)
      at Object.<anonymous> (src/reporting/__tests__/reports.test.tsx:632:9)

    console.error
      Warning: An update to ReportCreatePage inside a test was not wrapped in 
act(...).
      
      When testing, code that causes React state updates should be wrapped 
into act(...):
      
      act(() => {
        /* fire events that update state */
      });
      /* assert on the output */
      
      This ensures that you're testing the behavior the user would see in the 
browser. Learn more at https://reactjs.org/link/wrap-tests-with-act
          at ReportCreatePage (C:\Users\samhe\OneDrive\Desktop\Cleaned\frontend
\src\reporting\ReportCreatePage\ReportCreatePage.tsx:275:33)
          at routeContext (C:\Users\samhe\OneDrive\Desktop\Cleaned\frontend\nod
e_modules\react-router\lib\hooks.tsx:658:26)
          at children (C:\Users\samhe\OneDrive\Desktop\Cleaned\frontend\node_mo
dules\react-router\lib\components.tsx:512:3)
          at basenameProp (C:\Users\samhe\OneDrive\Desktop\Cleaned\frontend\nod
e_modules\react-router\lib\components.tsx:421:13)
          at basename (C:\Users\samhe\OneDrive\Desktop\Cleaned\frontend\node_mo
dules\react-router\lib\components.tsx:225:3)

      351 |
      352 |     function setField<K extends keyof 
CreateReportTemplateInput>(key: K, value: CreateReportTemplateInput[K]) {
    > 353 |         setForm((prev) => ({ ...prev, [key]: value }))
          |         ^
      354 |     }
      355 |
      356 |     // --- Two-panel field selection helpers ---

      at printWarning 
(node_modules/react-dom/cjs/react-dom.development.js:86:30)
      at error (node_modules/react-dom/cjs/react-dom.development.js:60:7)
      at warnIfUpdatesNotWrappedWithActDEV 
(node_modules/react-dom/cjs/react-dom.development.js:27628:9)
      at scheduleUpdateOnFiber 
(node_modules/react-dom/cjs/react-dom.development.js:25547:5)
      at dispatchSetState 
(node_modules/react-dom/cjs/react-dom.development.js:16708:7)
      at setField (src/reporting/ReportCreatePage/ReportCreatePage.tsx:353:9)
      at onChange (src/reporting/ReportCreatePage/ReportCreatePage.tsx:507:46)
      at HTMLUnknownElement.callCallback 
(node_modules/react-dom/cjs/react-dom.development.js:4164:14)
      at HTMLUnknownElement.callTheUserObjectsOperation 
(node_modules/jsdom/lib/jsdom/living/generated/EventListener.js:26:30)
      at innerInvokeEventListeners 
(node_modules/jsdom/lib/jsdom/living/events/EventTarget-impl.js:350:25)
      at invokeEventListeners 
(node_modules/jsdom/lib/jsdom/living/events/EventTarget-impl.js:286:3)
      at HTMLUnknownElementImpl._dispatch 
(node_modules/jsdom/lib/jsdom/living/events/EventTarget-impl.js:233:9)
      at HTMLUnknownElementImpl.dispatchEvent 
(node_modules/jsdom/lib/jsdom/living/events/EventTarget-impl.js:104:17)
      at HTMLUnknownElement.dispatchEvent 
(node_modules/jsdom/lib/jsdom/living/generated/EventTarget.js:241:34)
      at Object.invokeGuardedCallbackDev 
(node_modules/react-dom/cjs/react-dom.development.js:4213:16)
      at invokeGuardedCallback 
(node_modules/react-dom/cjs/react-dom.development.js:4277:31)
      at invokeGuardedCallbackAndCatchFirstError 
(node_modules/react-dom/cjs/react-dom.development.js:4291:25)
      at executeDispatch 
(node_modules/react-dom/cjs/react-dom.development.js:9041:3)
      at processDispatchQueueItemsInOrder 
(node_modules/react-dom/cjs/react-dom.development.js:9073:7)
      at processDispatchQueue 
(node_modules/react-dom/cjs/react-dom.development.js:9086:5)
      at dispatchEventsForPlugins 
(node_modules/react-dom/cjs/react-dom.development.js:9097:3)
      at node_modules/react-dom/cjs/react-dom.development.js:9288:12
      at batchedUpdates$1 
(node_modules/react-dom/cjs/react-dom.development.js:26179:12)
      at batchedUpdates 
(node_modules/react-dom/cjs/react-dom.development.js:3991:12)
      at dispatchEventForPluginEventSystem 
(node_modules/react-dom/cjs/react-dom.development.js:9287:3)
      at dispatchEventWithEnableCapturePhaseSelectiveHydrationWithoutDiscreteEv
entReplay (node_modules/react-dom/cjs/react-dom.development.js:6465:5)
      at dispatchEvent 
(node_modules/react-dom/cjs/react-dom.development.js:6457:5)
      at dispatchDiscreteEvent 
(node_modules/react-dom/cjs/react-dom.development.js:6430:5)
      at HTMLDivElement.callTheUserObjectsOperation 
(node_modules/jsdom/lib/jsdom/living/generated/EventListener.js:26:30)
      at innerInvokeEventListeners 
(node_modules/jsdom/lib/jsdom/living/events/EventTarget-impl.js:350:25)
      at invokeEventListeners 
(node_modules/jsdom/lib/jsdom/living/events/EventTarget-impl.js:286:3)
      at HTMLInputElementImpl._dispatch 
(node_modules/jsdom/lib/jsdom/living/events/EventTarget-impl.js:233:9)
      at HTMLInputElementImpl.dispatchEvent 
(node_modules/jsdom/lib/jsdom/living/events/EventTarget-impl.js:104:17)
      at HTMLInputElement.dispatchEvent 
(node_modules/jsdom/lib/jsdom/living/generated/EventTarget.js:241:34)
      at 
node_modules/@testing-library/user-event/dist/cjs/event/dispatchEvent.js:45:43
      at Object.eventWrapper 
(node_modules/@testing-library/dom/dist/config.js:25:23)
      at Object.wrapEvent 
(node_modules/@testing-library/user-event/dist/cjs/event/wrapEvent.js:6:28)
      at Object.dispatchEvent (node_modules/@testing-library/user-event/dist/cj
s/event/dispatchEvent.js:45:22)
      at Object.dispatchUIEvent (node_modules/@testing-library/user-event/dist/
cjs/event/dispatchEvent.js:22:26)
      at commitInput 
(node_modules/@testing-library/user-event/dist/cjs/event/input.js:145:14)
      at editInputElement 
(node_modules/@testing-library/user-event/dist/cjs/event/input.js:115:9)
      at Object.input 
(node_modules/@testing-library/user-event/dist/cjs/event/input.js:37:9)
      at node_modules/@testing-library/user-event/dist/cjs/event/behavior/keypr
ess.js:31:26
      at Object.dispatchEvent (node_modules/@testing-library/user-event/dist/cj
s/event/dispatchEvent.js:41:13)
      at Object.dispatchUIEvent (node_modules/@testing-library/user-event/dist/
cjs/event/dispatchEvent.js:22:26)
      at KeyboardHost.keydown 
(node_modules/@testing-library/user-event/dist/cjs/system/keyboard.js:76:22)
      at keyboardAction 
(node_modules/@testing-library/user-event/dist/cjs/keyboard/index.js:22:35)
      at Object.keyboard 
(node_modules/@testing-library/user-event/dist/cjs/keyboard/index.js:11:15)
      at Object.type 
(node_modules/@testing-library/user-event/dist/cjs/utility/type.js:17:5)
      at Object.<anonymous> (src/reporting/__tests__/reports.test.tsx:632:9)

    console.error
      Warning: An update to ReportCreatePage inside a test was not wrapped in 
act(...).
      
      When testing, code that causes React state updates should be wrapped 
into act(...):
      
      act(() => {
        /* fire events that update state */
      });
      /* assert on the output */
      
      This ensures that you're testing the behavior the user would see in the 
browser. Learn more at https://reactjs.org/link/wrap-tests-with-act
          at ReportCreatePage (C:\Users\samhe\OneDrive\Desktop\Cleaned\frontend
\src\reporting\ReportCreatePage\ReportCreatePage.tsx:275:33)
          at routeContext (C:\Users\samhe\OneDrive\Desktop\Cleaned\frontend\nod
e_modules\react-router\lib\hooks.tsx:658:26)
          at children (C:\Users\samhe\OneDrive\Desktop\Cleaned\frontend\node_mo
dules\react-router\lib\components.tsx:512:3)
          at basenameProp (C:\Users\samhe\OneDrive\Desktop\Cleaned\frontend\nod
e_modules\react-router\lib\components.tsx:421:13)
          at basename (C:\Users\samhe\OneDrive\Desktop\Cleaned\frontend\node_mo
dules\react-router\lib\components.tsx:225:3)

      351 |
      352 |     function setField<K extends keyof 
CreateReportTemplateInput>(key: K, value: CreateReportTemplateInput[K]) {
    > 353 |         setForm((prev) => ({ ...prev, [key]: value }))
          |         ^
      354 |     }
      355 |
      356 |     // --- Two-panel field selection helpers ---

      at printWarning 
(node_modules/react-dom/cjs/react-dom.development.js:86:30)
      at error (node_modules/react-dom/cjs/react-dom.development.js:60:7)
      at warnIfUpdatesNotWrappedWithActDEV 
(node_modules/react-dom/cjs/react-dom.development.js:27628:9)
      at scheduleUpdateOnFiber 
(node_modules/react-dom/cjs/react-dom.development.js:25547:5)
      at dispatchSetState 
(node_modules/react-dom/cjs/react-dom.development.js:16708:7)
      at setField (src/reporting/ReportCreatePage/ReportCreatePage.tsx:353:9)
      at onChange (src/reporting/ReportCreatePage/ReportCreatePage.tsx:507:46)
      at HTMLUnknownElement.callCallback 
(node_modules/react-dom/cjs/react-dom.development.js:4164:14)
      at HTMLUnknownElement.callTheUserObjectsOperation 
(node_modules/jsdom/lib/jsdom/living/generated/EventListener.js:26:30)
      at innerInvokeEventListeners 
(node_modules/jsdom/lib/jsdom/living/events/EventTarget-impl.js:350:25)
      at invokeEventListeners 
(node_modules/jsdom/lib/jsdom/living/events/EventTarget-impl.js:286:3)
      at HTMLUnknownElementImpl._dispatch 
(node_modules/jsdom/lib/jsdom/living/events/EventTarget-impl.js:233:9)
      at HTMLUnknownElementImpl.dispatchEvent 
(node_modules/jsdom/lib/jsdom/living/events/EventTarget-impl.js:104:17)
      at HTMLUnknownElement.dispatchEvent 
(node_modules/jsdom/lib/jsdom/living/generated/EventTarget.js:241:34)
      at Object.invokeGuardedCallbackDev 
(node_modules/react-dom/cjs/react-dom.development.js:4213:16)
      at invokeGuardedCallback 
(node_modules/react-dom/cjs/react-dom.development.js:4277:31)
      at invokeGuardedCallbackAndCatchFirstError 
(node_modules/react-dom/cjs/react-dom.development.js:4291:25)
      at executeDispatch 
(node_modules/react-dom/cjs/react-dom.development.js:9041:3)
      at processDispatchQueueItemsInOrder 
(node_modules/react-dom/cjs/react-dom.development.js:9073:7)
      at processDispatchQueue 
(node_modules/react-dom/cjs/react-dom.development.js:9086:5)
      at dispatchEventsForPlugins 
(node_modules/react-dom/cjs/react-dom.development.js:9097:3)
      at node_modules/react-dom/cjs/react-dom.development.js:9288:12
      at batchedUpdates$1 
(node_modules/react-dom/cjs/react-dom.development.js:26179:12)
      at batchedUpdates 
(node_modules/react-dom/cjs/react-dom.development.js:3991:12)
      at dispatchEventForPluginEventSystem 
(node_modules/react-dom/cjs/react-dom.development.js:9287:3)
      at dispatchEventWithEnableCapturePhaseSelectiveHydrationWithoutDiscreteEv
entReplay (node_modules/react-dom/cjs/react-dom.development.js:6465:5)
      at dispatchEvent 
(node_modules/react-dom/cjs/react-dom.development.js:6457:5)
      at dispatchDiscreteEvent 
(node_modules/react-dom/cjs/react-dom.development.js:6430:5)
      at HTMLDivElement.callTheUserObjectsOperation 
(node_modules/jsdom/lib/jsdom/living/generated/EventListener.js:26:30)
      at innerInvokeEventListeners 
(node_modules/jsdom/lib/jsdom/living/events/EventTarget-impl.js:350:25)
      at invokeEventListeners 
(node_modules/jsdom/lib/jsdom/living/events/EventTarget-impl.js:286:3)
      at HTMLInputElementImpl._dispatch 
(node_modules/jsdom/lib/jsdom/living/events/EventTarget-impl.js:233:9)
      at HTMLInputElementImpl.dispatchEvent 
(node_modules/jsdom/lib/jsdom/living/events/EventTarget-impl.js:104:17)
      at HTMLInputElement.dispatchEvent 
(node_modules/jsdom/lib/jsdom/living/generated/EventTarget.js:241:34)
      at 
node_modules/@testing-library/user-event/dist/cjs/event/dispatchEvent.js:45:43
      at Object.eventWrapper 
(node_modules/@testing-library/dom/dist/config.js:25:23)
      at Object.wrapEvent 
(node_modules/@testing-library/user-event/dist/cjs/event/wrapEvent.js:6:28)
      at Object.dispatchEvent (node_modules/@testing-library/user-event/dist/cj
s/event/dispatchEvent.js:45:22)
      at Object.dispatchUIEvent (node_modules/@testing-library/user-event/dist/
cjs/event/dispatchEvent.js:22:26)
      at commitInput 
(node_modules/@testing-library/user-event/dist/cjs/event/input.js:145:14)
      at editInputElement 
(node_modules/@testing-library/user-event/dist/cjs/event/input.js:115:9)
      at Object.input 
(node_modules/@testing-library/user-event/dist/cjs/event/input.js:37:9)
      at node_modules/@testing-library/user-event/dist/cjs/event/behavior/keypr
ess.js:31:26
      at Object.dispatchEvent (node_modules/@testing-library/user-event/dist/cj
s/event/dispatchEvent.js:41:13)
      at Object.dispatchUIEvent (node_modules/@testing-library/user-event/dist/
cjs/event/dispatchEvent.js:22:26)
      at KeyboardHost.keydown 
(node_modules/@testing-library/user-event/dist/cjs/system/keyboard.js:76:22)
      at keyboardAction 
(node_modules/@testing-library/user-event/dist/cjs/keyboard/index.js:22:35)
      at Object.keyboard 
(node_modules/@testing-library/user-event/dist/cjs/keyboard/index.js:11:15)
      at Object.type 
(node_modules/@testing-library/user-event/dist/cjs/utility/type.js:17:5)
      at Object.<anonymous> (src/reporting/__tests__/reports.test.tsx:632:9)

    console.error
      Warning: An update to ReportCreatePage inside a test was not wrapped in 
act(...).
      
      When testing, code that causes React state updates should be wrapped 
into act(...):
      
      act(() => {
        /* fire events that update state */
      });
      /* assert on the output */
      
      This ensures that you're testing the behavior the user would see in the 
browser. Learn more at https://reactjs.org/link/wrap-tests-with-act
          at ReportCreatePage (C:\Users\samhe\OneDrive\Desktop\Cleaned\frontend
\src\reporting\ReportCreatePage\ReportCreatePage.tsx:275:33)
          at routeContext (C:\Users\samhe\OneDrive\Desktop\Cleaned\frontend\nod
e_modules\react-router\lib\hooks.tsx:658:26)
          at children (C:\Users\samhe\OneDrive\Desktop\Cleaned\frontend\node_mo
dules\react-router\lib\components.tsx:512:3)
          at basenameProp (C:\Users\samhe\OneDrive\Desktop\Cleaned\frontend\nod
e_modules\react-router\lib\components.tsx:421:13)
          at basename (C:\Users\samhe\OneDrive\Desktop\Cleaned\frontend\node_mo
dules\react-router\lib\components.tsx:225:3)

      351 |
      352 |     function setField<K extends keyof 
CreateReportTemplateInput>(key: K, value: CreateReportTemplateInput[K]) {
    > 353 |         setForm((prev) => ({ ...prev, [key]: value }))
          |         ^
      354 |     }
      355 |
      356 |     // --- Two-panel field selection helpers ---

      at printWarning 
(node_modules/react-dom/cjs/react-dom.development.js:86:30)
      at error (node_modules/react-dom/cjs/react-dom.development.js:60:7)
      at warnIfUpdatesNotWrappedWithActDEV 
(node_modules/react-dom/cjs/react-dom.development.js:27628:9)
      at scheduleUpdateOnFiber 
(node_modules/react-dom/cjs/react-dom.development.js:25547:5)
      at dispatchSetState 
(node_modules/react-dom/cjs/react-dom.development.js:16708:7)
      at setField (src/reporting/ReportCreatePage/ReportCreatePage.tsx:353:9)
      at onChange (src/reporting/ReportCreatePage/ReportCreatePage.tsx:507:46)
      at HTMLUnknownElement.callCallback 
(node_modules/react-dom/cjs/react-dom.development.js:4164:14)
      at HTMLUnknownElement.callTheUserObjectsOperation 
(node_modules/jsdom/lib/jsdom/living/generated/EventListener.js:26:30)
      at innerInvokeEventListeners 
(node_modules/jsdom/lib/jsdom/living/events/EventTarget-impl.js:350:25)
      at invokeEventListeners 
(node_modules/jsdom/lib/jsdom/living/events/EventTarget-impl.js:286:3)
      at HTMLUnknownElementImpl._dispatch 
(node_modules/jsdom/lib/jsdom/living/events/EventTarget-impl.js:233:9)
      at HTMLUnknownElementImpl.dispatchEvent 
(node_modules/jsdom/lib/jsdom/living/events/EventTarget-impl.js:104:17)
      at HTMLUnknownElement.dispatchEvent 
(node_modules/jsdom/lib/jsdom/living/generated/EventTarget.js:241:34)
      at Object.invokeGuardedCallbackDev 
(node_modules/react-dom/cjs/react-dom.development.js:4213:16)
      at invokeGuardedCallback 
(node_modules/react-dom/cjs/react-dom.development.js:4277:31)
      at invokeGuardedCallbackAndCatchFirstError 
(node_modules/react-dom/cjs/react-dom.development.js:4291:25)
      at executeDispatch 
(node_modules/react-dom/cjs/react-dom.development.js:9041:3)
      at processDispatchQueueItemsInOrder 
(node_modules/react-dom/cjs/react-dom.development.js:9073:7)
      at processDispatchQueue 
(node_modules/react-dom/cjs/react-dom.development.js:9086:5)
      at dispatchEventsForPlugins 
(node_modules/react-dom/cjs/react-dom.development.js:9097:3)
      at node_modules/react-dom/cjs/react-dom.development.js:9288:12
      at batchedUpdates$1 
(node_modules/react-dom/cjs/react-dom.development.js:26179:12)
      at batchedUpdates 
(node_modules/react-dom/cjs/react-dom.development.js:3991:12)
      at dispatchEventForPluginEventSystem 
(node_modules/react-dom/cjs/react-dom.development.js:9287:3)
      at dispatchEventWithEnableCapturePhaseSelectiveHydrationWithoutDiscreteEv
entReplay (node_modules/react-dom/cjs/react-dom.development.js:6465:5)
      at dispatchEvent 
(node_modules/react-dom/cjs/react-dom.development.js:6457:5)
      at dispatchDiscreteEvent 
(node_modules/react-dom/cjs/react-dom.development.js:6430:5)
      at HTMLDivElement.callTheUserObjectsOperation 
(node_modules/jsdom/lib/jsdom/living/generated/EventListener.js:26:30)
      at innerInvokeEventListeners 
(node_modules/jsdom/lib/jsdom/living/events/EventTarget-impl.js:350:25)
      at invokeEventListeners 
(node_modules/jsdom/lib/jsdom/living/events/EventTarget-impl.js:286:3)
      at HTMLInputElementImpl._dispatch 
(node_modules/jsdom/lib/jsdom/living/events/EventTarget-impl.js:233:9)
      at HTMLInputElementImpl.dispatchEvent 
(node_modules/jsdom/lib/jsdom/living/events/EventTarget-impl.js:104:17)
      at HTMLInputElement.dispatchEvent 
(node_modules/jsdom/lib/jsdom/living/generated/EventTarget.js:241:34)
      at 
node_modules/@testing-library/user-event/dist/cjs/event/dispatchEvent.js:45:43
      at Object.eventWrapper 
(node_modules/@testing-library/dom/dist/config.js:25:23)
      at Object.wrapEvent 
(node_modules/@testing-library/user-event/dist/cjs/event/wrapEvent.js:6:28)
      at Object.dispatchEvent (node_modules/@testing-library/user-event/dist/cj
s/event/dispatchEvent.js:45:22)
      at Object.dispatchUIEvent (node_modules/@testing-library/user-event/dist/
cjs/event/dispatchEvent.js:22:26)
      at commitInput 
(node_modules/@testing-library/user-event/dist/cjs/event/input.js:145:14)
      at editInputElement 
(node_modules/@testing-library/user-event/dist/cjs/event/input.js:115:9)
      at Object.input 
(node_modules/@testing-library/user-event/dist/cjs/event/input.js:37:9)
      at node_modules/@testing-library/user-event/dist/cjs/event/behavior/keypr
ess.js:31:26
      at Object.dispatchEvent (node_modules/@testing-library/user-event/dist/cj
s/event/dispatchEvent.js:41:13)
      at Object.dispatchUIEvent (node_modules/@testing-library/user-event/dist/
cjs/event/dispatchEvent.js:22:26)
      at KeyboardHost.keydown 
(node_modules/@testing-library/user-event/dist/cjs/system/keyboard.js:76:22)
      at keyboardAction 
(node_modules/@testing-library/user-event/dist/cjs/keyboard/index.js:22:35)
      at Object.keyboard 
(node_modules/@testing-library/user-event/dist/cjs/keyboard/index.js:11:15)
      at Object.type 
(node_modules/@testing-library/user-event/dist/cjs/utility/type.js:17:5)
      at Object.<anonymous> (src/reporting/__tests__/reports.test.tsx:632:9)

    console.error
      Warning: An update to ReportCreatePage inside a test was not wrapped in 
act(...).
      
      When testing, code that causes React state updates should be wrapped 
into act(...):
      
      act(() => {
        /* fire events that update state */
      });
      /* assert on the output */
      
      This ensures that you're testing the behavior the user would see in the 
browser. Learn more at https://reactjs.org/link/wrap-tests-with-act
          at ReportCreatePage (C:\Users\samhe\OneDrive\Desktop\Cleaned\frontend
\src\reporting\ReportCreatePage\ReportCreatePage.tsx:275:33)
          at routeContext (C:\Users\samhe\OneDrive\Desktop\Cleaned\frontend\nod
e_modules\react-router\lib\hooks.tsx:658:26)
          at children (C:\Users\samhe\OneDrive\Desktop\Cleaned\frontend\node_mo
dules\react-router\lib\components.tsx:512:3)
          at basenameProp (C:\Users\samhe\OneDrive\Desktop\Cleaned\frontend\nod
e_modules\react-router\lib\components.tsx:421:13)
          at basename (C:\Users\samhe\OneDrive\Desktop\Cleaned\frontend\node_mo
dules\react-router\lib\components.tsx:225:3)

      351 |
      352 |     function setField<K extends keyof 
CreateReportTemplateInput>(key: K, value: CreateReportTemplateInput[K]) {
    > 353 |         setForm((prev) => ({ ...prev, [key]: value }))
          |         ^
      354 |     }
      355 |
      356 |     // --- Two-panel field selection helpers ---

      at printWarning 
(node_modules/react-dom/cjs/react-dom.development.js:86:30)
      at error (node_modules/react-dom/cjs/react-dom.development.js:60:7)
      at warnIfUpdatesNotWrappedWithActDEV 
(node_modules/react-dom/cjs/react-dom.development.js:27628:9)
      at scheduleUpdateOnFiber 
(node_modules/react-dom/cjs/react-dom.development.js:25547:5)
      at dispatchSetState 
(node_modules/react-dom/cjs/react-dom.development.js:16708:7)
      at setField (src/reporting/ReportCreatePage/ReportCreatePage.tsx:353:9)
      at onChange (src/reporting/ReportCreatePage/ReportCreatePage.tsx:507:46)
      at HTMLUnknownElement.callCallback 
(node_modules/react-dom/cjs/react-dom.development.js:4164:14)
      at HTMLUnknownElement.callTheUserObjectsOperation 
(node_modules/jsdom/lib/jsdom/living/generated/EventListener.js:26:30)
      at innerInvokeEventListeners 
(node_modules/jsdom/lib/jsdom/living/events/EventTarget-impl.js:350:25)
      at invokeEventListeners 
(node_modules/jsdom/lib/jsdom/living/events/EventTarget-impl.js:286:3)
      at HTMLUnknownElementImpl._dispatch 
(node_modules/jsdom/lib/jsdom/living/events/EventTarget-impl.js:233:9)
      at HTMLUnknownElementImpl.dispatchEvent 
(node_modules/jsdom/lib/jsdom/living/events/EventTarget-impl.js:104:17)
      at HTMLUnknownElement.dispatchEvent 
(node_modules/jsdom/lib/jsdom/living/generated/EventTarget.js:241:34)
      at Object.invokeGuardedCallbackDev 
(node_modules/react-dom/cjs/react-dom.development.js:4213:16)
      at invokeGuardedCallback 
(node_modules/react-dom/cjs/react-dom.development.js:4277:31)
      at invokeGuardedCallbackAndCatchFirstError 
(node_modules/react-dom/cjs/react-dom.development.js:4291:25)
      at executeDispatch 
(node_modules/react-dom/cjs/react-dom.development.js:9041:3)
      at processDispatchQueueItemsInOrder 
(node_modules/react-dom/cjs/react-dom.development.js:9073:7)
      at processDispatchQueue 
(node_modules/react-dom/cjs/react-dom.development.js:9086:5)
      at dispatchEventsForPlugins 
(node_modules/react-dom/cjs/react-dom.development.js:9097:3)
      at node_modules/react-dom/cjs/react-dom.development.js:9288:12
      at batchedUpdates$1 
(node_modules/react-dom/cjs/react-dom.development.js:26179:12)
      at batchedUpdates 
(node_modules/react-dom/cjs/react-dom.development.js:3991:12)
      at dispatchEventForPluginEventSystem 
(node_modules/react-dom/cjs/react-dom.development.js:9287:3)
      at dispatchEventWithEnableCapturePhaseSelectiveHydrationWithoutDiscreteEv
entReplay (node_modules/react-dom/cjs/react-dom.development.js:6465:5)
      at dispatchEvent 
(node_modules/react-dom/cjs/react-dom.development.js:6457:5)
      at dispatchDiscreteEvent 
(node_modules/react-dom/cjs/react-dom.development.js:6430:5)
      at HTMLDivElement.callTheUserObjectsOperation 
(node_modules/jsdom/lib/jsdom/living/generated/EventListener.js:26:30)
      at innerInvokeEventListeners 
(node_modules/jsdom/lib/jsdom/living/events/EventTarget-impl.js:350:25)
      at invokeEventListeners 
(node_modules/jsdom/lib/jsdom/living/events/EventTarget-impl.js:286:3)
      at HTMLInputElementImpl._dispatch 
(node_modules/jsdom/lib/jsdom/living/events/EventTarget-impl.js:233:9)
      at HTMLInputElementImpl.dispatchEvent 
(node_modules/jsdom/lib/jsdom/living/events/EventTarget-impl.js:104:17)
      at HTMLInputElement.dispatchEvent 
(node_modules/jsdom/lib/jsdom/living/generated/EventTarget.js:241:34)
      at 
node_modules/@testing-library/user-event/dist/cjs/event/dispatchEvent.js:45:43
      at Object.eventWrapper 
(node_modules/@testing-library/dom/dist/config.js:25:23)
      at Object.wrapEvent 
(node_modules/@testing-library/user-event/dist/cjs/event/wrapEvent.js:6:28)
      at Object.dispatchEvent (node_modules/@testing-library/user-event/dist/cj
s/event/dispatchEvent.js:45:22)
      at Object.dispatchUIEvent (node_modules/@testing-library/user-event/dist/
cjs/event/dispatchEvent.js:22:26)
      at commitInput 
(node_modules/@testing-library/user-event/dist/cjs/event/input.js:145:14)
      at editInputElement 
(node_modules/@testing-library/user-event/dist/cjs/event/input.js:115:9)
      at Object.input 
(node_modules/@testing-library/user-event/dist/cjs/event/input.js:37:9)
      at node_modules/@testing-library/user-event/dist/cjs/event/behavior/keypr
ess.js:31:26
      at Object.dispatchEvent (node_modules/@testing-library/user-event/dist/cj
s/event/dispatchEvent.js:41:13)
      at Object.dispatchUIEvent (node_modules/@testing-library/user-event/dist/
cjs/event/dispatchEvent.js:22:26)
      at KeyboardHost.keydown 
(node_modules/@testing-library/user-event/dist/cjs/system/keyboard.js:76:22)
      at keyboardAction 
(node_modules/@testing-library/user-event/dist/cjs/keyboard/index.js:22:35)
      at Object.keyboard 
(node_modules/@testing-library/user-event/dist/cjs/keyboard/index.js:11:15)
      at Object.type 
(node_modules/@testing-library/user-event/dist/cjs/utility/type.js:17:5)
      at Object.<anonymous> (src/reporting/__tests__/reports.test.tsx:632:9)

    console.error
      Warning: An update to ReportCreatePage inside a test was not wrapped in 
act(...).
      
      When testing, code that causes React state updates should be wrapped 
into act(...):
      
      act(() => {
        /* fire events that update state */
      });
      /* assert on the output */
      
      This ensures that you're testing the behavior the user would see in the 
browser. Learn more at https://reactjs.org/link/wrap-tests-with-act
          at ReportCreatePage (C:\Users\samhe\OneDrive\Desktop\Cleaned\frontend
\src\reporting\ReportCreatePage\ReportCreatePage.tsx:275:33)
          at routeContext (C:\Users\samhe\OneDrive\Desktop\Cleaned\frontend\nod
e_modules\react-router\lib\hooks.tsx:658:26)
          at children (C:\Users\samhe\OneDrive\Desktop\Cleaned\frontend\node_mo
dules\react-router\lib\components.tsx:512:3)
          at basenameProp (C:\Users\samhe\OneDrive\Desktop\Cleaned\frontend\nod
e_modules\react-router\lib\components.tsx:421:13)
          at basename (C:\Users\samhe\OneDrive\Desktop\Cleaned\frontend\node_mo
dules\react-router\lib\components.tsx:225:3)

      351 |
      352 |     function setField<K extends keyof 
CreateReportTemplateInput>(key: K, value: CreateReportTemplateInput[K]) {
    > 353 |         setForm((prev) => ({ ...prev, [key]: value }))
          |         ^
      354 |     }
      355 |
      356 |     // --- Two-panel field selection helpers ---

      at printWarning 
(node_modules/react-dom/cjs/react-dom.development.js:86:30)
      at error (node_modules/react-dom/cjs/react-dom.development.js:60:7)
      at warnIfUpdatesNotWrappedWithActDEV 
(node_modules/react-dom/cjs/react-dom.development.js:27628:9)
      at scheduleUpdateOnFiber 
(node_modules/react-dom/cjs/react-dom.development.js:25547:5)
      at dispatchSetState 
(node_modules/react-dom/cjs/react-dom.development.js:16708:7)
      at setField (src/reporting/ReportCreatePage/ReportCreatePage.tsx:353:9)
      at onChange (src/reporting/ReportCreatePage/ReportCreatePage.tsx:507:46)
      at HTMLUnknownElement.callCallback 
(node_modules/react-dom/cjs/react-dom.development.js:4164:14)
      at HTMLUnknownElement.callTheUserObjectsOperation 
(node_modules/jsdom/lib/jsdom/living/generated/EventListener.js:26:30)
      at innerInvokeEventListeners 
(node_modules/jsdom/lib/jsdom/living/events/EventTarget-impl.js:350:25)
      at invokeEventListeners 
(node_modules/jsdom/lib/jsdom/living/events/EventTarget-impl.js:286:3)
      at HTMLUnknownElementImpl._dispatch 
(node_modules/jsdom/lib/jsdom/living/events/EventTarget-impl.js:233:9)
      at HTMLUnknownElementImpl.dispatchEvent 
(node_modules/jsdom/lib/jsdom/living/events/EventTarget-impl.js:104:17)
      at HTMLUnknownElement.dispatchEvent 
(node_modules/jsdom/lib/jsdom/living/generated/EventTarget.js:241:34)
      at Object.invokeGuardedCallbackDev 
(node_modules/react-dom/cjs/react-dom.development.js:4213:16)
      at invokeGuardedCallback 
(node_modules/react-dom/cjs/react-dom.development.js:4277:31)
      at invokeGuardedCallbackAndCatchFirstError 
(node_modules/react-dom/cjs/react-dom.development.js:4291:25)
      at executeDispatch 
(node_modules/react-dom/cjs/react-dom.development.js:9041:3)
      at processDispatchQueueItemsInOrder 
(node_modules/react-dom/cjs/react-dom.development.js:9073:7)
      at processDispatchQueue 
(node_modules/react-dom/cjs/react-dom.development.js:9086:5)
      at dispatchEventsForPlugins 
(node_modules/react-dom/cjs/react-dom.development.js:9097:3)
      at node_modules/react-dom/cjs/react-dom.development.js:9288:12
      at batchedUpdates$1 
(node_modules/react-dom/cjs/react-dom.development.js:26179:12)
      at batchedUpdates 
(node_modules/react-dom/cjs/react-dom.development.js:3991:12)
      at dispatchEventForPluginEventSystem 
(node_modules/react-dom/cjs/react-dom.development.js:9287:3)
      at dispatchEventWithEnableCapturePhaseSelectiveHydrationWithoutDiscreteEv
entReplay (node_modules/react-dom/cjs/react-dom.development.js:6465:5)
      at dispatchEvent 
(node_modules/react-dom/cjs/react-dom.development.js:6457:5)
      at dispatchDiscreteEvent 
(node_modules/react-dom/cjs/react-dom.development.js:6430:5)
      at HTMLDivElement.callTheUserObjectsOperation 
(node_modules/jsdom/lib/jsdom/living/generated/EventListener.js:26:30)
      at innerInvokeEventListeners 
(node_modules/jsdom/lib/jsdom/living/events/EventTarget-impl.js:350:25)
      at invokeEventListeners 
(node_modules/jsdom/lib/jsdom/living/events/EventTarget-impl.js:286:3)
      at HTMLInputElementImpl._dispatch 
(node_modules/jsdom/lib/jsdom/living/events/EventTarget-impl.js:233:9)
      at HTMLInputElementImpl.dispatchEvent 
(node_modules/jsdom/lib/jsdom/living/events/EventTarget-impl.js:104:17)
      at HTMLInputElement.dispatchEvent 
(node_modules/jsdom/lib/jsdom/living/generated/EventTarget.js:241:34)
      at 
node_modules/@testing-library/user-event/dist/cjs/event/dispatchEvent.js:45:43
      at Object.eventWrapper 
(node_modules/@testing-library/dom/dist/config.js:25:23)
      at Object.wrapEvent 
(node_modules/@testing-library/user-event/dist/cjs/event/wrapEvent.js:6:28)
      at Object.dispatchEvent (node_modules/@testing-library/user-event/dist/cj
s/event/dispatchEvent.js:45:22)
      at Object.dispatchUIEvent (node_modules/@testing-library/user-event/dist/
cjs/event/dispatchEvent.js:22:26)
      at commitInput 
(node_modules/@testing-library/user-event/dist/cjs/event/input.js:145:14)
      at editInputElement 
(node_modules/@testing-library/user-event/dist/cjs/event/input.js:115:9)
      at Object.input 
(node_modules/@testing-library/user-event/dist/cjs/event/input.js:37:9)
      at node_modules/@testing-library/user-event/dist/cjs/event/behavior/keypr
ess.js:31:26
      at Object.dispatchEvent (node_modules/@testing-library/user-event/dist/cj
s/event/dispatchEvent.js:41:13)
      at Object.dispatchUIEvent (node_modules/@testing-library/user-event/dist/
cjs/event/dispatchEvent.js:22:26)
      at KeyboardHost.keydown 
(node_modules/@testing-library/user-event/dist/cjs/system/keyboard.js:76:22)
      at keyboardAction 
(node_modules/@testing-library/user-event/dist/cjs/keyboard/index.js:22:35)
      at Object.keyboard 
(node_modules/@testing-library/user-event/dist/cjs/keyboard/index.js:11:15)
      at Object.type 
(node_modules/@testing-library/user-event/dist/cjs/utility/type.js:17:5)
      at Object.<anonymous> (src/reporting/__tests__/reports.test.tsx:632:9)

    console.error
      Warning: An update to ReportCreatePage inside a test was not wrapped in 
act(...).
      
      When testing, code that causes React state updates should be wrapped 
into act(...):
      
      act(() => {
        /* fire events that update state */
      });
      /* assert on the output */
      
      This ensures that you're testing the behavior the user would see in the 
browser. Learn more at https://reactjs.org/link/wrap-tests-with-act
          at ReportCreatePage (C:\Users\samhe\OneDrive\Desktop\Cleaned\frontend
\src\reporting\ReportCreatePage\ReportCreatePage.tsx:275:33)
          at routeContext (C:\Users\samhe\OneDrive\Desktop\Cleaned\frontend\nod
e_modules\react-router\lib\hooks.tsx:658:26)
          at children (C:\Users\samhe\OneDrive\Desktop\Cleaned\frontend\node_mo
dules\react-router\lib\components.tsx:512:3)
          at basenameProp (C:\Users\samhe\OneDrive\Desktop\Cleaned\frontend\nod
e_modules\react-router\lib\components.tsx:421:13)
          at basename (C:\Users\samhe\OneDrive\Desktop\Cleaned\frontend\node_mo
dules\react-router\lib\components.tsx:225:3)

      351 |
      352 |     function setField<K extends keyof 
CreateReportTemplateInput>(key: K, value: CreateReportTemplateInput[K]) {
    > 353 |         setForm((prev) => ({ ...prev, [key]: value }))
          |         ^
      354 |     }
      355 |
      356 |     // --- Two-panel field selection helpers ---

      at printWarning 
(node_modules/react-dom/cjs/react-dom.development.js:86:30)
      at error (node_modules/react-dom/cjs/react-dom.development.js:60:7)
      at warnIfUpdatesNotWrappedWithActDEV 
(node_modules/react-dom/cjs/react-dom.development.js:27628:9)
      at scheduleUpdateOnFiber 
(node_modules/react-dom/cjs/react-dom.development.js:25547:5)
      at dispatchSetState 
(node_modules/react-dom/cjs/react-dom.development.js:16708:7)
      at setField (src/reporting/ReportCreatePage/ReportCreatePage.tsx:353:9)
      at onChange (src/reporting/ReportCreatePage/ReportCreatePage.tsx:507:46)
      at HTMLUnknownElement.callCallback 
(node_modules/react-dom/cjs/react-dom.development.js:4164:14)
      at HTMLUnknownElement.callTheUserObjectsOperation 
(node_modules/jsdom/lib/jsdom/living/generated/EventListener.js:26:30)
      at innerInvokeEventListeners 
(node_modules/jsdom/lib/jsdom/living/events/EventTarget-impl.js:350:25)
      at invokeEventListeners 
(node_modules/jsdom/lib/jsdom/living/events/EventTarget-impl.js:286:3)
      at HTMLUnknownElementImpl._dispatch 
(node_modules/jsdom/lib/jsdom/living/events/EventTarget-impl.js:233:9)
      at HTMLUnknownElementImpl.dispatchEvent 
(node_modules/jsdom/lib/jsdom/living/events/EventTarget-impl.js:104:17)
      at HTMLUnknownElement.dispatchEvent 
(node_modules/jsdom/lib/jsdom/living/generated/EventTarget.js:241:34)
      at Object.invokeGuardedCallbackDev 
(node_modules/react-dom/cjs/react-dom.development.js:4213:16)
      at invokeGuardedCallback 
(node_modules/react-dom/cjs/react-dom.development.js:4277:31)
      at invokeGuardedCallbackAndCatchFirstError 
(node_modules/react-dom/cjs/react-dom.development.js:4291:25)
      at executeDispatch 
(node_modules/react-dom/cjs/react-dom.development.js:9041:3)
      at processDispatchQueueItemsInOrder 
(node_modules/react-dom/cjs/react-dom.development.js:9073:7)
      at processDispatchQueue 
(node_modules/react-dom/cjs/react-dom.development.js:9086:5)
      at dispatchEventsForPlugins 
(node_modules/react-dom/cjs/react-dom.development.js:9097:3)
      at node_modules/react-dom/cjs/react-dom.development.js:9288:12
      at batchedUpdates$1 
(node_modules/react-dom/cjs/react-dom.development.js:26179:12)
      at batchedUpdates 
(node_modules/react-dom/cjs/react-dom.development.js:3991:12)
      at dispatchEventForPluginEventSystem 
(node_modules/react-dom/cjs/react-dom.development.js:9287:3)
      at dispatchEventWithEnableCapturePhaseSelectiveHydrationWithoutDiscreteEv
entReplay (node_modules/react-dom/cjs/react-dom.development.js:6465:5)
      at dispatchEvent 
(node_modules/react-dom/cjs/react-dom.development.js:6457:5)
      at dispatchDiscreteEvent 
(node_modules/react-dom/cjs/react-dom.development.js:6430:5)
      at HTMLDivElement.callTheUserObjectsOperation 
(node_modules/jsdom/lib/jsdom/living/generated/EventListener.js:26:30)
      at innerInvokeEventListeners 
(node_modules/jsdom/lib/jsdom/living/events/EventTarget-impl.js:350:25)
      at invokeEventListeners 
(node_modules/jsdom/lib/jsdom/living/events/EventTarget-impl.js:286:3)
      at HTMLInputElementImpl._dispatch 
(node_modules/jsdom/lib/jsdom/living/events/EventTarget-impl.js:233:9)
      at HTMLInputElementImpl.dispatchEvent 
(node_modules/jsdom/lib/jsdom/living/events/EventTarget-impl.js:104:17)
      at HTMLInputElement.dispatchEvent 
(node_modules/jsdom/lib/jsdom/living/generated/EventTarget.js:241:34)
      at 
node_modules/@testing-library/user-event/dist/cjs/event/dispatchEvent.js:45:43
      at Object.eventWrapper 
(node_modules/@testing-library/dom/dist/config.js:25:23)
      at Object.wrapEvent 
(node_modules/@testing-library/user-event/dist/cjs/event/wrapEvent.js:6:28)
      at Object.dispatchEvent (node_modules/@testing-library/user-event/dist/cj
s/event/dispatchEvent.js:45:22)
      at Object.dispatchUIEvent (node_modules/@testing-library/user-event/dist/
cjs/event/dispatchEvent.js:22:26)
      at commitInput 
(node_modules/@testing-library/user-event/dist/cjs/event/input.js:145:14)
      at editInputElement 
(node_modules/@testing-library/user-event/dist/cjs/event/input.js:115:9)
      at Object.input 
(node_modules/@testing-library/user-event/dist/cjs/event/input.js:37:9)
      at node_modules/@testing-library/user-event/dist/cjs/event/behavior/keypr
ess.js:31:26
      at Object.dispatchEvent (node_modules/@testing-library/user-event/dist/cj
s/event/dispatchEvent.js:41:13)
      at Object.dispatchUIEvent (node_modules/@testing-library/user-event/dist/
cjs/event/dispatchEvent.js:22:26)
      at KeyboardHost.keydown 
(node_modules/@testing-library/user-event/dist/cjs/system/keyboard.js:76:22)
      at keyboardAction 
(node_modules/@testing-library/user-event/dist/cjs/keyboard/index.js:22:35)
      at Object.keyboard 
(node_modules/@testing-library/user-event/dist/cjs/keyboard/index.js:11:15)
      at Object.type 
(node_modules/@testing-library/user-event/dist/cjs/utility/type.js:17:5)
      at Object.<anonymous> (src/reporting/__tests__/reports.test.tsx:632:9)

    console.error
      Warning: An update to ReportCreatePage inside a test was not wrapped in 
act(...).
      
      When testing, code that causes React state updates should be wrapped 
into act(...):
      
      act(() => {
        /* fire events that update state */
      });
      /* assert on the output */
      
      This ensures that you're testing the behavior the user would see in the 
browser. Learn more at https://reactjs.org/link/wrap-tests-with-act
          at ReportCreatePage (C:\Users\samhe\OneDrive\Desktop\Cleaned\frontend
\src\reporting\ReportCreatePage\ReportCreatePage.tsx:275:33)
          at routeContext (C:\Users\samhe\OneDrive\Desktop\Cleaned\frontend\nod
e_modules\react-router\lib\hooks.tsx:658:26)
          at children (C:\Users\samhe\OneDrive\Desktop\Cleaned\frontend\node_mo
dules\react-router\lib\components.tsx:512:3)
          at basenameProp (C:\Users\samhe\OneDrive\Desktop\Cleaned\frontend\nod
e_modules\react-router\lib\components.tsx:421:13)
          at basename (C:\Users\samhe\OneDrive\Desktop\Cleaned\frontend\node_mo
dules\react-router\lib\components.tsx:225:3)

      351 |
      352 |     function setField<K extends keyof 
CreateReportTemplateInput>(key: K, value: CreateReportTemplateInput[K]) {
    > 353 |         setForm((prev) => ({ ...prev, [key]: value }))
          |         ^
      354 |     }
      355 |
      356 |     // --- Two-panel field selection helpers ---

      at printWarning 
(node_modules/react-dom/cjs/react-dom.development.js:86:30)
      at error (node_modules/react-dom/cjs/react-dom.development.js:60:7)
      at warnIfUpdatesNotWrappedWithActDEV 
(node_modules/react-dom/cjs/react-dom.development.js:27628:9)
      at scheduleUpdateOnFiber 
(node_modules/react-dom/cjs/react-dom.development.js:25547:5)
      at dispatchSetState 
(node_modules/react-dom/cjs/react-dom.development.js:16708:7)
      at setField (src/reporting/ReportCreatePage/ReportCreatePage.tsx:353:9)
      at onChange (src/reporting/ReportCreatePage/ReportCreatePage.tsx:507:46)
      at HTMLUnknownElement.callCallback 
(node_modules/react-dom/cjs/react-dom.development.js:4164:14)
      at HTMLUnknownElement.callTheUserObjectsOperation 
(node_modules/jsdom/lib/jsdom/living/generated/EventListener.js:26:30)
      at innerInvokeEventListeners 
(node_modules/jsdom/lib/jsdom/living/events/EventTarget-impl.js:350:25)
      at invokeEventListeners 
(node_modules/jsdom/lib/jsdom/living/events/EventTarget-impl.js:286:3)
      at HTMLUnknownElementImpl._dispatch 
(node_modules/jsdom/lib/jsdom/living/events/EventTarget-impl.js:233:9)
      at HTMLUnknownElementImpl.dispatchEvent 
(node_modules/jsdom/lib/jsdom/living/events/EventTarget-impl.js:104:17)
      at HTMLUnknownElement.dispatchEvent 
(node_modules/jsdom/lib/jsdom/living/generated/EventTarget.js:241:34)
      at Object.invokeGuardedCallbackDev 
(node_modules/react-dom/cjs/react-dom.development.js:4213:16)
      at invokeGuardedCallback 
(node_modules/react-dom/cjs/react-dom.development.js:4277:31)
      at invokeGuardedCallbackAndCatchFirstError 
(node_modules/react-dom/cjs/react-dom.development.js:4291:25)
      at executeDispatch 
(node_modules/react-dom/cjs/react-dom.development.js:9041:3)
      at processDispatchQueueItemsInOrder 
(node_modules/react-dom/cjs/react-dom.development.js:9073:7)
      at processDispatchQueue 
(node_modules/react-dom/cjs/react-dom.development.js:9086:5)
      at dispatchEventsForPlugins 
(node_modules/react-dom/cjs/react-dom.development.js:9097:3)
      at node_modules/react-dom/cjs/react-dom.development.js:9288:12
      at batchedUpdates$1 
(node_modules/react-dom/cjs/react-dom.development.js:26179:12)
      at batchedUpdates 
(node_modules/react-dom/cjs/react-dom.development.js:3991:12)
      at dispatchEventForPluginEventSystem 
(node_modules/react-dom/cjs/react-dom.development.js:9287:3)
      at dispatchEventWithEnableCapturePhaseSelectiveHydrationWithoutDiscreteEv
entReplay (node_modules/react-dom/cjs/react-dom.development.js:6465:5)
      at dispatchEvent 
(node_modules/react-dom/cjs/react-dom.development.js:6457:5)
      at dispatchDiscreteEvent 
(node_modules/react-dom/cjs/react-dom.development.js:6430:5)
      at HTMLDivElement.callTheUserObjectsOperation 
(node_modules/jsdom/lib/jsdom/living/generated/EventListener.js:26:30)
      at innerInvokeEventListeners 
(node_modules/jsdom/lib/jsdom/living/events/EventTarget-impl.js:350:25)
      at invokeEventListeners 
(node_modules/jsdom/lib/jsdom/living/events/EventTarget-impl.js:286:3)
      at HTMLInputElementImpl._dispatch 
(node_modules/jsdom/lib/jsdom/living/events/EventTarget-impl.js:233:9)
      at HTMLInputElementImpl.dispatchEvent 
(node_modules/jsdom/lib/jsdom/living/events/EventTarget-impl.js:104:17)
      at HTMLInputElement.dispatchEvent 
(node_modules/jsdom/lib/jsdom/living/generated/EventTarget.js:241:34)
      at 
node_modules/@testing-library/user-event/dist/cjs/event/dispatchEvent.js:45:43
      at Object.eventWrapper 
(node_modules/@testing-library/dom/dist/config.js:25:23)
      at Object.wrapEvent 
(node_modules/@testing-library/user-event/dist/cjs/event/wrapEvent.js:6:28)
      at Object.dispatchEvent (node_modules/@testing-library/user-event/dist/cj
s/event/dispatchEvent.js:45:22)
      at Object.dispatchUIEvent (node_modules/@testing-library/user-event/dist/
cjs/event/dispatchEvent.js:22:26)
      at commitInput 
(node_modules/@testing-library/user-event/dist/cjs/event/input.js:145:14)
      at editInputElement 
(node_modules/@testing-library/user-event/dist/cjs/event/input.js:115:9)
      at Object.input 
(node_modules/@testing-library/user-event/dist/cjs/event/input.js:37:9)
      at node_modules/@testing-library/user-event/dist/cjs/event/behavior/keypr
ess.js:31:26
      at Object.dispatchEvent (node_modules/@testing-library/user-event/dist/cj
s/event/dispatchEvent.js:41:13)
      at Object.dispatchUIEvent (node_modules/@testing-library/user-event/dist/
cjs/event/dispatchEvent.js:22:26)
      at KeyboardHost.keydown 
(node_modules/@testing-library/user-event/dist/cjs/system/keyboard.js:76:22)
      at keyboardAction 
(node_modules/@testing-library/user-event/dist/cjs/keyboard/index.js:22:35)
      at Object.keyboard 
(node_modules/@testing-library/user-event/dist/cjs/keyboard/index.js:11:15)
      at Object.type 
(node_modules/@testing-library/user-event/dist/cjs/utility/type.js:17:5)
      at Object.<anonymous> (src/reporting/__tests__/reports.test.tsx:632:9)

    console.error
      Warning: An update to ReportCreatePage inside a test was not wrapped in 
act(...).
      
      When testing, code that causes React state updates should be wrapped 
into act(...):
      
      act(() => {
        /* fire events that update state */
      });
      /* assert on the output */
      
      This ensures that you're testing the behavior the user would see in the 
browser. Learn more at https://reactjs.org/link/wrap-tests-with-act
          at ReportCreatePage (C:\Users\samhe\OneDrive\Desktop\Cleaned\frontend
\src\reporting\ReportCreatePage\ReportCreatePage.tsx:275:33)
          at routeContext (C:\Users\samhe\OneDrive\Desktop\Cleaned\frontend\nod
e_modules\react-router\lib\hooks.tsx:658:26)
          at children (C:\Users\samhe\OneDrive\Desktop\Cleaned\frontend\node_mo
dules\react-router\lib\components.tsx:512:3)
          at basenameProp (C:\Users\samhe\OneDrive\Desktop\Cleaned\frontend\nod
e_modules\react-router\lib\components.tsx:421:13)
          at basename (C:\Users\samhe\OneDrive\Desktop\Cleaned\frontend\node_mo
dules\react-router\lib\components.tsx:225:3)

      351 |
      352 |     function setField<K extends keyof 
CreateReportTemplateInput>(key: K, value: CreateReportTemplateInput[K]) {
    > 353 |         setForm((prev) => ({ ...prev, [key]: value }))
          |         ^
      354 |     }
      355 |
      356 |     // --- Two-panel field selection helpers ---

      at printWarning 
(node_modules/react-dom/cjs/react-dom.development.js:86:30)
      at error (node_modules/react-dom/cjs/react-dom.development.js:60:7)
      at warnIfUpdatesNotWrappedWithActDEV 
(node_modules/react-dom/cjs/react-dom.development.js:27628:9)
      at scheduleUpdateOnFiber 
(node_modules/react-dom/cjs/react-dom.development.js:25547:5)
      at dispatchSetState 
(node_modules/react-dom/cjs/react-dom.development.js:16708:7)
      at setField (src/reporting/ReportCreatePage/ReportCreatePage.tsx:353:9)
      at onChange (src/reporting/ReportCreatePage/ReportCreatePage.tsx:507:46)
      at HTMLUnknownElement.callCallback 
(node_modules/react-dom/cjs/react-dom.development.js:4164:14)
      at HTMLUnknownElement.callTheUserObjectsOperation 
(node_modules/jsdom/lib/jsdom/living/generated/EventListener.js:26:30)
      at innerInvokeEventListeners 
(node_modules/jsdom/lib/jsdom/living/events/EventTarget-impl.js:350:25)
      at invokeEventListeners 
(node_modules/jsdom/lib/jsdom/living/events/EventTarget-impl.js:286:3)
      at HTMLUnknownElementImpl._dispatch 
(node_modules/jsdom/lib/jsdom/living/events/EventTarget-impl.js:233:9)
      at HTMLUnknownElementImpl.dispatchEvent 
(node_modules/jsdom/lib/jsdom/living/events/EventTarget-impl.js:104:17)
      at HTMLUnknownElement.dispatchEvent 
(node_modules/jsdom/lib/jsdom/living/generated/EventTarget.js:241:34)
      at Object.invokeGuardedCallbackDev 
(node_modules/react-dom/cjs/react-dom.development.js:4213:16)
      at invokeGuardedCallback 
(node_modules/react-dom/cjs/react-dom.development.js:4277:31)
      at invokeGuardedCallbackAndCatchFirstError 
(node_modules/react-dom/cjs/react-dom.development.js:4291:25)
      at executeDispatch 
(node_modules/react-dom/cjs/react-dom.development.js:9041:3)
      at processDispatchQueueItemsInOrder 
(node_modules/react-dom/cjs/react-dom.development.js:9073:7)
      at processDispatchQueue 
(node_modules/react-dom/cjs/react-dom.development.js:9086:5)
      at dispatchEventsForPlugins 
(node_modules/react-dom/cjs/react-dom.development.js:9097:3)
      at node_modules/react-dom/cjs/react-dom.development.js:9288:12
      at batchedUpdates$1 
(node_modules/react-dom/cjs/react-dom.development.js:26179:12)
      at batchedUpdates 
(node_modules/react-dom/cjs/react-dom.development.js:3991:12)
      at dispatchEventForPluginEventSystem 
(node_modules/react-dom/cjs/react-dom.development.js:9287:3)
      at dispatchEventWithEnableCapturePhaseSelectiveHydrationWithoutDiscreteEv
entReplay (node_modules/react-dom/cjs/react-dom.development.js:6465:5)
      at dispatchEvent 
(node_modules/react-dom/cjs/react-dom.development.js:6457:5)
      at dispatchDiscreteEvent 
(node_modules/react-dom/cjs/react-dom.development.js:6430:5)
      at HTMLDivElement.callTheUserObjectsOperation 
(node_modules/jsdom/lib/jsdom/living/generated/EventListener.js:26:30)
      at innerInvokeEventListeners 
(node_modules/jsdom/lib/jsdom/living/events/EventTarget-impl.js:350:25)
      at invokeEventListeners 
(node_modules/jsdom/lib/jsdom/living/events/EventTarget-impl.js:286:3)
      at HTMLInputElementImpl._dispatch 
(node_modules/jsdom/lib/jsdom/living/events/EventTarget-impl.js:233:9)
      at HTMLInputElementImpl.dispatchEvent 
(node_modules/jsdom/lib/jsdom/living/events/EventTarget-impl.js:104:17)
      at HTMLInputElement.dispatchEvent 
(node_modules/jsdom/lib/jsdom/living/generated/EventTarget.js:241:34)
      at 
node_modules/@testing-library/user-event/dist/cjs/event/dispatchEvent.js:45:43
      at Object.eventWrapper 
(node_modules/@testing-library/dom/dist/config.js:25:23)
      at Object.wrapEvent 
(node_modules/@testing-library/user-event/dist/cjs/event/wrapEvent.js:6:28)
      at Object.dispatchEvent (node_modules/@testing-library/user-event/dist/cj
s/event/dispatchEvent.js:45:22)
      at Object.dispatchUIEvent (node_modules/@testing-library/user-event/dist/
cjs/event/dispatchEvent.js:22:26)
      at commitInput 
(node_modules/@testing-library/user-event/dist/cjs/event/input.js:145:14)
      at editInputElement 
(node_modules/@testing-library/user-event/dist/cjs/event/input.js:115:9)
      at Object.input 
(node_modules/@testing-library/user-event/dist/cjs/event/input.js:37:9)
      at node_modules/@testing-library/user-event/dist/cjs/event/behavior/keypr
ess.js:31:26
      at Object.dispatchEvent (node_modules/@testing-library/user-event/dist/cj
s/event/dispatchEvent.js:41:13)
      at Object.dispatchUIEvent (node_modules/@testing-library/user-event/dist/
cjs/event/dispatchEvent.js:22:26)
      at KeyboardHost.keydown 
(node_modules/@testing-library/user-event/dist/cjs/system/keyboard.js:76:22)
      at keyboardAction 
(node_modules/@testing-library/user-event/dist/cjs/keyboard/index.js:22:35)
      at Object.keyboard 
(node_modules/@testing-library/user-event/dist/cjs/keyboard/index.js:11:15)
      at Object.type 
(node_modules/@testing-library/user-event/dist/cjs/utility/type.js:17:5)
      at Object.<anonymous> (src/reporting/__tests__/reports.test.tsx:632:9)

    console.error
      Warning: An update to ReportCreatePage inside a test was not wrapped in 
act(...).
      
      When testing, code that causes React state updates should be wrapped 
into act(...):
      
      act(() => {
        /* fire events that update state */
      });
      /* assert on the output */
      
      This ensures that you're testing the behavior the user would see in the 
browser. Learn more at https://reactjs.org/link/wrap-tests-with-act
          at ReportCreatePage (C:\Users\samhe\OneDrive\Desktop\Cleaned\frontend
\src\reporting\ReportCreatePage\ReportCreatePage.tsx:275:33)
          at routeContext (C:\Users\samhe\OneDrive\Desktop\Cleaned\frontend\nod
e_modules\react-router\lib\hooks.tsx:658:26)
          at children (C:\Users\samhe\OneDrive\Desktop\Cleaned\frontend\node_mo
dules\react-router\lib\components.tsx:512:3)
          at basenameProp (C:\Users\samhe\OneDrive\Desktop\Cleaned\frontend\nod
e_modules\react-router\lib\components.tsx:421:13)
          at basename (C:\Users\samhe\OneDrive\Desktop\Cleaned\frontend\node_mo
dules\react-router\lib\components.tsx:225:3)

      351 |
      352 |     function setField<K extends keyof 
CreateReportTemplateInput>(key: K, value: CreateReportTemplateInput[K]) {
    > 353 |         setForm((prev) => ({ ...prev, [key]: value }))
          |         ^
      354 |     }
      355 |
      356 |     // --- Two-panel field selection helpers ---

      at printWarning 
(node_modules/react-dom/cjs/react-dom.development.js:86:30)
      at error (node_modules/react-dom/cjs/react-dom.development.js:60:7)
      at warnIfUpdatesNotWrappedWithActDEV 
(node_modules/react-dom/cjs/react-dom.development.js:27628:9)
      at scheduleUpdateOnFiber 
(node_modules/react-dom/cjs/react-dom.development.js:25547:5)
      at dispatchSetState 
(node_modules/react-dom/cjs/react-dom.development.js:16708:7)
      at setField (src/reporting/ReportCreatePage/ReportCreatePage.tsx:353:9)
      at onChange (src/reporting/ReportCreatePage/ReportCreatePage.tsx:519:46)
      at HTMLUnknownElement.callCallback 
(node_modules/react-dom/cjs/react-dom.development.js:4164:14)
      at HTMLUnknownElement.callTheUserObjectsOperation 
(node_modules/jsdom/lib/jsdom/living/generated/EventListener.js:26:30)
      at innerInvokeEventListeners 
(node_modules/jsdom/lib/jsdom/living/events/EventTarget-impl.js:350:25)
      at invokeEventListeners 
(node_modules/jsdom/lib/jsdom/living/events/EventTarget-impl.js:286:3)
      at HTMLUnknownElementImpl._dispatch 
(node_modules/jsdom/lib/jsdom/living/events/EventTarget-impl.js:233:9)
      at HTMLUnknownElementImpl.dispatchEvent 
(node_modules/jsdom/lib/jsdom/living/events/EventTarget-impl.js:104:17)
      at HTMLUnknownElement.dispatchEvent 
(node_modules/jsdom/lib/jsdom/living/generated/EventTarget.js:241:34)
      at Object.invokeGuardedCallbackDev 
(node_modules/react-dom/cjs/react-dom.development.js:4213:16)
      at invokeGuardedCallback 
(node_modules/react-dom/cjs/react-dom.development.js:4277:31)
      at invokeGuardedCallbackAndCatchFirstError 
(node_modules/react-dom/cjs/react-dom.development.js:4291:25)
      at executeDispatch 
(node_modules/react-dom/cjs/react-dom.development.js:9041:3)
      at processDispatchQueueItemsInOrder 
(node_modules/react-dom/cjs/react-dom.development.js:9073:7)
      at processDispatchQueue 
(node_modules/react-dom/cjs/react-dom.development.js:9086:5)
      at dispatchEventsForPlugins 
(node_modules/react-dom/cjs/react-dom.development.js:9097:3)
      at node_modules/react-dom/cjs/react-dom.development.js:9288:12
      at batchedUpdates$1 
(node_modules/react-dom/cjs/react-dom.development.js:26179:12)
      at batchedUpdates 
(node_modules/react-dom/cjs/react-dom.development.js:3991:12)
      at dispatchEventForPluginEventSystem 
(node_modules/react-dom/cjs/react-dom.development.js:9287:3)
      at dispatchEventWithEnableCapturePhaseSelectiveHydrationWithoutDiscreteEv
entReplay (node_modules/react-dom/cjs/react-dom.development.js:6465:5)
      at dispatchEvent 
(node_modules/react-dom/cjs/react-dom.development.js:6457:5)
      at dispatchDiscreteEvent 
(node_modules/react-dom/cjs/react-dom.development.js:6430:5)
      at HTMLDivElement.callTheUserObjectsOperation 
(node_modules/jsdom/lib/jsdom/living/generated/EventListener.js:26:30)
      at innerInvokeEventListeners 
(node_modules/jsdom/lib/jsdom/living/events/EventTarget-impl.js:350:25)
      at invokeEventListeners 
(node_modules/jsdom/lib/jsdom/living/events/EventTarget-impl.js:286:3)
      at HTMLTextAreaElementImpl._dispatch 
(node_modules/jsdom/lib/jsdom/living/events/EventTarget-impl.js:233:9)
      at HTMLTextAreaElementImpl.dispatchEvent 
(node_modules/jsdom/lib/jsdom/living/events/EventTarget-impl.js:104:17)
      at HTMLTextAreaElement.dispatchEvent 
(node_modules/jsdom/lib/jsdom/living/generated/EventTarget.js:241:34)
      at 
node_modules/@testing-library/user-event/dist/cjs/event/dispatchEvent.js:45:43
      at Object.eventWrapper 
(node_modules/@testing-library/dom/dist/config.js:25:23)
      at Object.wrapEvent 
(node_modules/@testing-library/user-event/dist/cjs/event/wrapEvent.js:6:28)
      at Object.dispatchEvent (node_modules/@testing-library/user-event/dist/cj
s/event/dispatchEvent.js:45:22)
      at Object.dispatchUIEvent (node_modules/@testing-library/user-event/dist/
cjs/event/dispatchEvent.js:22:26)
      at commitInput 
(node_modules/@testing-library/user-event/dist/cjs/event/input.js:145:14)
      at editInputElement 
(node_modules/@testing-library/user-event/dist/cjs/event/input.js:115:9)
      at Object.input 
(node_modules/@testing-library/user-event/dist/cjs/event/input.js:37:9)
      at node_modules/@testing-library/user-event/dist/cjs/event/behavior/keypr
ess.js:31:26
      at Object.dispatchEvent (node_modules/@testing-library/user-event/dist/cj
s/event/dispatchEvent.js:41:13)
      at Object.dispatchUIEvent (node_modules/@testing-library/user-event/dist/
cjs/event/dispatchEvent.js:22:26)
      at KeyboardHost.keydown 
(node_modules/@testing-library/user-event/dist/cjs/system/keyboard.js:76:22)
      at keyboardAction 
(node_modules/@testing-library/user-event/dist/cjs/keyboard/index.js:22:35)
      at Object.keyboard 
(node_modules/@testing-library/user-event/dist/cjs/keyboard/index.js:11:15)
      at Object.type 
(node_modules/@testing-library/user-event/dist/cjs/utility/type.js:17:5)
      at Object.<anonymous> (src/reporting/__tests__/reports.test.tsx:633:9)

    console.error
      Warning: An update to ReportCreatePage inside a test was not wrapped in 
act(...).
      
      When testing, code that causes React state updates should be wrapped 
into act(...):
      
      act(() => {
        /* fire events that update state */
      });
      /* assert on the output */
      
      This ensures that you're testing the behavior the user would see in the 
browser. Learn more at https://reactjs.org/link/wrap-tests-with-act
          at ReportCreatePage (C:\Users\samhe\OneDrive\Desktop\Cleaned\frontend
\src\reporting\ReportCreatePage\ReportCreatePage.tsx:275:33)
          at routeContext (C:\Users\samhe\OneDrive\Desktop\Cleaned\frontend\nod
e_modules\react-router\lib\hooks.tsx:658:26)
          at children (C:\Users\samhe\OneDrive\Desktop\Cleaned\frontend\node_mo
dules\react-router\lib\components.tsx:512:3)
          at basenameProp (C:\Users\samhe\OneDrive\Desktop\Cleaned\frontend\nod
e_modules\react-router\lib\components.tsx:421:13)
          at basename (C:\Users\samhe\OneDrive\Desktop\Cleaned\frontend\node_mo
dules\react-router\lib\components.tsx:225:3)

      351 |
      352 |     function setField<K extends keyof 
CreateReportTemplateInput>(key: K, value: CreateReportTemplateInput[K]) {
    > 353 |         setForm((prev) => ({ ...prev, [key]: value }))
          |         ^
      354 |     }
      355 |
      356 |     // --- Two-panel field selection helpers ---

      at printWarning 
(node_modules/react-dom/cjs/react-dom.development.js:86:30)
      at error (node_modules/react-dom/cjs/react-dom.development.js:60:7)
      at warnIfUpdatesNotWrappedWithActDEV 
(node_modules/react-dom/cjs/react-dom.development.js:27628:9)
      at scheduleUpdateOnFiber 
(node_modules/react-dom/cjs/react-dom.development.js:25547:5)
      at dispatchSetState 
(node_modules/react-dom/cjs/react-dom.development.js:16708:7)
      at setField (src/reporting/ReportCreatePage/ReportCreatePage.tsx:353:9)
      at onChange (src/reporting/ReportCreatePage/ReportCreatePage.tsx:519:46)
      at HTMLUnknownElement.callCallback 
(node_modules/react-dom/cjs/react-dom.development.js:4164:14)
      at HTMLUnknownElement.callTheUserObjectsOperation 
(node_modules/jsdom/lib/jsdom/living/generated/EventListener.js:26:30)
      at innerInvokeEventListeners 
(node_modules/jsdom/lib/jsdom/living/events/EventTarget-impl.js:350:25)
      at invokeEventListeners 
(node_modules/jsdom/lib/jsdom/living/events/EventTarget-impl.js:286:3)
      at HTMLUnknownElementImpl._dispatch 
(node_modules/jsdom/lib/jsdom/living/events/EventTarget-impl.js:233:9)
      at HTMLUnknownElementImpl.dispatchEvent 
(node_modules/jsdom/lib/jsdom/living/events/EventTarget-impl.js:104:17)
      at HTMLUnknownElement.dispatchEvent 
(node_modules/jsdom/lib/jsdom/living/generated/EventTarget.js:241:34)
      at Object.invokeGuardedCallbackDev 
(node_modules/react-dom/cjs/react-dom.development.js:4213:16)
      at invokeGuardedCallback 
(node_modules/react-dom/cjs/react-dom.development.js:4277:31)
      at invokeGuardedCallbackAndCatchFirstError 
(node_modules/react-dom/cjs/react-dom.development.js:4291:25)
      at executeDispatch 
(node_modules/react-dom/cjs/react-dom.development.js:9041:3)
      at processDispatchQueueItemsInOrder 
(node_modules/react-dom/cjs/react-dom.development.js:9073:7)
      at processDispatchQueue 
(node_modules/react-dom/cjs/react-dom.development.js:9086:5)
      at dispatchEventsForPlugins 
(node_modules/react-dom/cjs/react-dom.development.js:9097:3)
      at node_modules/react-dom/cjs/react-dom.development.js:9288:12
      at batchedUpdates$1 
(node_modules/react-dom/cjs/react-dom.development.js:26179:12)
      at batchedUpdates 
(node_modules/react-dom/cjs/react-dom.development.js:3991:12)
      at dispatchEventForPluginEventSystem 
(node_modules/react-dom/cjs/react-dom.development.js:9287:3)
      at dispatchEventWithEnableCapturePhaseSelectiveHydrationWithoutDiscreteEv
entReplay (node_modules/react-dom/cjs/react-dom.development.js:6465:5)
      at dispatchEvent 
(node_modules/react-dom/cjs/react-dom.development.js:6457:5)
      at dispatchDiscreteEvent 
(node_modules/react-dom/cjs/react-dom.development.js:6430:5)
      at HTMLDivElement.callTheUserObjectsOperation 
(node_modules/jsdom/lib/jsdom/living/generated/EventListener.js:26:30)
      at innerInvokeEventListeners 
(node_modules/jsdom/lib/jsdom/living/events/EventTarget-impl.js:350:25)
      at invokeEventListeners 
(node_modules/jsdom/lib/jsdom/living/events/EventTarget-impl.js:286:3)
      at HTMLTextAreaElementImpl._dispatch 
(node_modules/jsdom/lib/jsdom/living/events/EventTarget-impl.js:233:9)
      at HTMLTextAreaElementImpl.dispatchEvent 
(node_modules/jsdom/lib/jsdom/living/events/EventTarget-impl.js:104:17)
      at HTMLTextAreaElement.dispatchEvent 
(node_modules/jsdom/lib/jsdom/living/generated/EventTarget.js:241:34)
      at 
node_modules/@testing-library/user-event/dist/cjs/event/dispatchEvent.js:45:43
      at Object.eventWrapper 
(node_modules/@testing-library/dom/dist/config.js:25:23)
      at Object.wrapEvent 
(node_modules/@testing-library/user-event/dist/cjs/event/wrapEvent.js:6:28)
      at Object.dispatchEvent (node_modules/@testing-library/user-event/dist/cj
s/event/dispatchEvent.js:45:22)
      at Object.dispatchUIEvent (node_modules/@testing-library/user-event/dist/
cjs/event/dispatchEvent.js:22:26)
      at commitInput 
(node_modules/@testing-library/user-event/dist/cjs/event/input.js:145:14)
      at editInputElement 
(node_modules/@testing-library/user-event/dist/cjs/event/input.js:115:9)
      at Object.input 
(node_modules/@testing-library/user-event/dist/cjs/event/input.js:37:9)
      at node_modules/@testing-library/user-event/dist/cjs/event/behavior/keypr
ess.js:31:26
      at Object.dispatchEvent (node_modules/@testing-library/user-event/dist/cj
s/event/dispatchEvent.js:41:13)
      at Object.dispatchUIEvent (node_modules/@testing-library/user-event/dist/
cjs/event/dispatchEvent.js:22:26)
      at KeyboardHost.keydown 
(node_modules/@testing-library/user-event/dist/cjs/system/keyboard.js:76:22)
      at keyboardAction 
(node_modules/@testing-library/user-event/dist/cjs/keyboard/index.js:22:35)
      at Object.keyboard 
(node_modules/@testing-library/user-event/dist/cjs/keyboard/index.js:11:15)
      at Object.type 
(node_modules/@testing-library/user-event/dist/cjs/utility/type.js:17:5)
      at Object.<anonymous> (src/reporting/__tests__/reports.test.tsx:633:9)

    console.error
      Warning: An update to ReportCreatePage inside a test was not wrapped in 
act(...).
      
      When testing, code that causes React state updates should be wrapped 
into act(...):
      
      act(() => {
        /* fire events that update state */
      });
      /* assert on the output */
      
      This ensures that you're testing the behavior the user would see in the 
browser. Learn more at https://reactjs.org/link/wrap-tests-with-act
          at ReportCreatePage (C:\Users\samhe\OneDrive\Desktop\Cleaned\frontend
\src\reporting\ReportCreatePage\ReportCreatePage.tsx:275:33)
          at routeContext (C:\Users\samhe\OneDrive\Desktop\Cleaned\frontend\nod
e_modules\react-router\lib\hooks.tsx:658:26)
          at children (C:\Users\samhe\OneDrive\Desktop\Cleaned\frontend\node_mo
dules\react-router\lib\components.tsx:512:3)
          at basenameProp (C:\Users\samhe\OneDrive\Desktop\Cleaned\frontend\nod
e_modules\react-router\lib\components.tsx:421:13)
          at basename (C:\Users\samhe\OneDrive\Desktop\Cleaned\frontend\node_mo
dules\react-router\lib\components.tsx:225:3)

      351 |
      352 |     function setField<K extends keyof 
CreateReportTemplateInput>(key: K, value: CreateReportTemplateInput[K]) {
    > 353 |         setForm((prev) => ({ ...prev, [key]: value }))
          |         ^
      354 |     }
      355 |
      356 |     // --- Two-panel field selection helpers ---

      at printWarning 
(node_modules/react-dom/cjs/react-dom.development.js:86:30)
      at error (node_modules/react-dom/cjs/react-dom.development.js:60:7)
      at warnIfUpdatesNotWrappedWithActDEV 
(node_modules/react-dom/cjs/react-dom.development.js:27628:9)
      at scheduleUpdateOnFiber 
(node_modules/react-dom/cjs/react-dom.development.js:25547:5)
      at dispatchSetState 
(node_modules/react-dom/cjs/react-dom.development.js:16708:7)
      at setField (src/reporting/ReportCreatePage/ReportCreatePage.tsx:353:9)
      at onChange (src/reporting/ReportCreatePage/ReportCreatePage.tsx:519:46)
      at HTMLUnknownElement.callCallback 
(node_modules/react-dom/cjs/react-dom.development.js:4164:14)
      at HTMLUnknownElement.callTheUserObjectsOperation 
(node_modules/jsdom/lib/jsdom/living/generated/EventListener.js:26:30)
      at innerInvokeEventListeners 
(node_modules/jsdom/lib/jsdom/living/events/EventTarget-impl.js:350:25)
      at invokeEventListeners 
(node_modules/jsdom/lib/jsdom/living/events/EventTarget-impl.js:286:3)
      at HTMLUnknownElementImpl._dispatch 
(node_modules/jsdom/lib/jsdom/living/events/EventTarget-impl.js:233:9)
      at HTMLUnknownElementImpl.dispatchEvent 
(node_modules/jsdom/lib/jsdom/living/events/EventTarget-impl.js:104:17)
      at HTMLUnknownElement.dispatchEvent 
(node_modules/jsdom/lib/jsdom/living/generated/EventTarget.js:241:34)
      at Object.invokeGuardedCallbackDev 
(node_modules/react-dom/cjs/react-dom.development.js:4213:16)
      at invokeGuardedCallback 
(node_modules/react-dom/cjs/react-dom.development.js:4277:31)
      at invokeGuardedCallbackAndCatchFirstError 
(node_modules/react-dom/cjs/react-dom.development.js:4291:25)
      at executeDispatch 
(node_modules/react-dom/cjs/react-dom.development.js:9041:3)
      at processDispatchQueueItemsInOrder 
(node_modules/react-dom/cjs/react-dom.development.js:9073:7)
      at processDispatchQueue 
(node_modules/react-dom/cjs/react-dom.development.js:9086:5)
      at dispatchEventsForPlugins 
(node_modules/react-dom/cjs/react-dom.development.js:9097:3)
      at node_modules/react-dom/cjs/react-dom.development.js:9288:12
      at batchedUpdates$1 
(node_modules/react-dom/cjs/react-dom.development.js:26179:12)
      at batchedUpdates 
(node_modules/react-dom/cjs/react-dom.development.js:3991:12)
      at dispatchEventForPluginEventSystem 
(node_modules/react-dom/cjs/react-dom.development.js:9287:3)
      at dispatchEventWithEnableCapturePhaseSelectiveHydrationWithoutDiscreteEv
entReplay (node_modules/react-dom/cjs/react-dom.development.js:6465:5)
      at dispatchEvent 
(node_modules/react-dom/cjs/react-dom.development.js:6457:5)
      at dispatchDiscreteEvent 
(node_modules/react-dom/cjs/react-dom.development.js:6430:5)
      at HTMLDivElement.callTheUserObjectsOperation 
(node_modules/jsdom/lib/jsdom/living/generated/EventListener.js:26:30)
      at innerInvokeEventListeners 
(node_modules/jsdom/lib/jsdom/living/events/EventTarget-impl.js:350:25)
      at invokeEventListeners 
(node_modules/jsdom/lib/jsdom/living/events/EventTarget-impl.js:286:3)
      at HTMLTextAreaElementImpl._dispatch 
(node_modules/jsdom/lib/jsdom/living/events/EventTarget-impl.js:233:9)
      at HTMLTextAreaElementImpl.dispatchEvent 
(node_modules/jsdom/lib/jsdom/living/events/EventTarget-impl.js:104:17)
      at HTMLTextAreaElement.dispatchEvent 
(node_modules/jsdom/lib/jsdom/living/generated/EventTarget.js:241:34)
      at 
node_modules/@testing-library/user-event/dist/cjs/event/dispatchEvent.js:45:43
      at Object.eventWrapper 
(node_modules/@testing-library/dom/dist/config.js:25:23)
      at Object.wrapEvent 
(node_modules/@testing-library/user-event/dist/cjs/event/wrapEvent.js:6:28)
      at Object.dispatchEvent (node_modules/@testing-library/user-event/dist/cj
s/event/dispatchEvent.js:45:22)
      at Object.dispatchUIEvent (node_modules/@testing-library/user-event/dist/
cjs/event/dispatchEvent.js:22:26)
      at commitInput 
(node_modules/@testing-library/user-event/dist/cjs/event/input.js:145:14)
      at editInputElement 
(node_modules/@testing-library/user-event/dist/cjs/event/input.js:115:9)
      at Object.input 
(node_modules/@testing-library/user-event/dist/cjs/event/input.js:37:9)
      at node_modules/@testing-library/user-event/dist/cjs/event/behavior/keypr
ess.js:31:26
      at Object.dispatchEvent (node_modules/@testing-library/user-event/dist/cj
s/event/dispatchEvent.js:41:13)
      at Object.dispatchUIEvent (node_modules/@testing-library/user-event/dist/
cjs/event/dispatchEvent.js:22:26)
      at KeyboardHost.keydown 
(node_modules/@testing-library/user-event/dist/cjs/system/keyboard.js:76:22)
      at keyboardAction 
(node_modules/@testing-library/user-event/dist/cjs/keyboard/index.js:22:35)
      at Object.keyboard 
(node_modules/@testing-library/user-event/dist/cjs/keyboard/index.js:11:15)
      at Object.type 
(node_modules/@testing-library/user-event/dist/cjs/utility/type.js:17:5)
      at Object.<anonymous> (src/reporting/__tests__/reports.test.tsx:633:9)

    console.error
      Warning: An update to ReportCreatePage inside a test was not wrapped in 
act(...).
      
      When testing, code that causes React state updates should be wrapped 
into act(...):
      
      act(() => {
        /* fire events that update state */
      });
      /* assert on the output */
      
      This ensures that you're testing the behavior the user would see in the 
browser. Learn more at https://reactjs.org/link/wrap-tests-with-act
          at ReportCreatePage (C:\Users\samhe\OneDrive\Desktop\Cleaned\frontend
\src\reporting\ReportCreatePage\ReportCreatePage.tsx:275:33)
          at routeContext (C:\Users\samhe\OneDrive\Desktop\Cleaned\frontend\nod
e_modules\react-router\lib\hooks.tsx:658:26)
          at children (C:\Users\samhe\OneDrive\Desktop\Cleaned\frontend\node_mo
dules\react-router\lib\components.tsx:512:3)
          at basenameProp (C:\Users\samhe\OneDrive\Desktop\Cleaned\frontend\nod
e_modules\react-router\lib\components.tsx:421:13)
          at basename (C:\Users\samhe\OneDrive\Desktop\Cleaned\frontend\node_mo
dules\react-router\lib\components.tsx:225:3)

      351 |
      352 |     function setField<K extends keyof 
CreateReportTemplateInput>(key: K, value: CreateReportTemplateInput[K]) {
    > 353 |         setForm((prev) => ({ ...prev, [key]: value }))
          |         ^
      354 |     }
      355 |
      356 |     // --- Two-panel field selection helpers ---

      at printWarning 
(node_modules/react-dom/cjs/react-dom.development.js:86:30)
      at error (node_modules/react-dom/cjs/react-dom.development.js:60:7)
      at warnIfUpdatesNotWrappedWithActDEV 
(node_modules/react-dom/cjs/react-dom.development.js:27628:9)
      at scheduleUpdateOnFiber 
(node_modules/react-dom/cjs/react-dom.development.js:25547:5)
      at dispatchSetState 
(node_modules/react-dom/cjs/react-dom.development.js:16708:7)
      at setField (src/reporting/ReportCreatePage/ReportCreatePage.tsx:353:9)
      at onChange (src/reporting/ReportCreatePage/ReportCreatePage.tsx:519:46)
      at HTMLUnknownElement.callCallback 
(node_modules/react-dom/cjs/react-dom.development.js:4164:14)
      at HTMLUnknownElement.callTheUserObjectsOperation 
(node_modules/jsdom/lib/jsdom/living/generated/EventListener.js:26:30)
      at innerInvokeEventListeners 
(node_modules/jsdom/lib/jsdom/living/events/EventTarget-impl.js:350:25)
      at invokeEventListeners 
(node_modules/jsdom/lib/jsdom/living/events/EventTarget-impl.js:286:3)
      at HTMLUnknownElementImpl._dispatch 
(node_modules/jsdom/lib/jsdom/living/events/EventTarget-impl.js:233:9)
      at HTMLUnknownElementImpl.dispatchEvent 
(node_modules/jsdom/lib/jsdom/living/events/EventTarget-impl.js:104:17)
      at HTMLUnknownElement.dispatchEvent 
(node_modules/jsdom/lib/jsdom/living/generated/EventTarget.js:241:34)
      at Object.invokeGuardedCallbackDev 
(node_modules/react-dom/cjs/react-dom.development.js:4213:16)
      at invokeGuardedCallback 
(node_modules/react-dom/cjs/react-dom.development.js:4277:31)
      at invokeGuardedCallbackAndCatchFirstError 
(node_modules/react-dom/cjs/react-dom.development.js:4291:25)
      at executeDispatch 
(node_modules/react-dom/cjs/react-dom.development.js:9041:3)
      at processDispatchQueueItemsInOrder 
(node_modules/react-dom/cjs/react-dom.development.js:9073:7)
      at processDispatchQueue 
(node_modules/react-dom/cjs/react-dom.development.js:9086:5)
      at dispatchEventsForPlugins 
(node_modules/react-dom/cjs/react-dom.development.js:9097:3)
      at node_modules/react-dom/cjs/react-dom.development.js:9288:12
      at batchedUpdates$1 
(node_modules/react-dom/cjs/react-dom.development.js:26179:12)
      at batchedUpdates 
(node_modules/react-dom/cjs/react-dom.development.js:3991:12)
      at dispatchEventForPluginEventSystem 
(node_modules/react-dom/cjs/react-dom.development.js:9287:3)
      at dispatchEventWithEnableCapturePhaseSelectiveHydrationWithoutDiscreteEv
entReplay (node_modules/react-dom/cjs/react-dom.development.js:6465:5)
      at dispatchEvent 
(node_modules/react-dom/cjs/react-dom.development.js:6457:5)
      at dispatchDiscreteEvent 
(node_modules/react-dom/cjs/react-dom.development.js:6430:5)
      at HTMLDivElement.callTheUserObjectsOperation 
(node_modules/jsdom/lib/jsdom/living/generated/EventListener.js:26:30)
      at innerInvokeEventListeners 
(node_modules/jsdom/lib/jsdom/living/events/EventTarget-impl.js:350:25)
      at invokeEventListeners 
(node_modules/jsdom/lib/jsdom/living/events/EventTarget-impl.js:286:3)
      at HTMLTextAreaElementImpl._dispatch 
(node_modules/jsdom/lib/jsdom/living/events/EventTarget-impl.js:233:9)
      at HTMLTextAreaElementImpl.dispatchEvent 
(node_modules/jsdom/lib/jsdom/living/events/EventTarget-impl.js:104:17)
      at HTMLTextAreaElement.dispatchEvent 
(node_modules/jsdom/lib/jsdom/living/generated/EventTarget.js:241:34)
      at 
node_modules/@testing-library/user-event/dist/cjs/event/dispatchEvent.js:45:43
      at Object.eventWrapper 
(node_modules/@testing-library/dom/dist/config.js:25:23)
      at Object.wrapEvent 
(node_modules/@testing-library/user-event/dist/cjs/event/wrapEvent.js:6:28)
      at Object.dispatchEvent (node_modules/@testing-library/user-event/dist/cj
s/event/dispatchEvent.js:45:22)
      at Object.dispatchUIEvent (node_modules/@testing-library/user-event/dist/
cjs/event/dispatchEvent.js:22:26)
      at commitInput 
(node_modules/@testing-library/user-event/dist/cjs/event/input.js:145:14)
      at editInputElement 
(node_modules/@testing-library/user-event/dist/cjs/event/input.js:115:9)
      at Object.input 
(node_modules/@testing-library/user-event/dist/cjs/event/input.js:37:9)
      at node_modules/@testing-library/user-event/dist/cjs/event/behavior/keypr
ess.js:31:26
      at Object.dispatchEvent (node_modules/@testing-library/user-event/dist/cj
s/event/dispatchEvent.js:41:13)
      at Object.dispatchUIEvent (node_modules/@testing-library/user-event/dist/
cjs/event/dispatchEvent.js:22:26)
      at KeyboardHost.keydown 
(node_modules/@testing-library/user-event/dist/cjs/system/keyboard.js:76:22)
      at keyboardAction 
(node_modules/@testing-library/user-event/dist/cjs/keyboard/index.js:22:35)
      at Object.keyboard 
(node_modules/@testing-library/user-event/dist/cjs/keyboard/index.js:11:15)
      at Object.type 
(node_modules/@testing-library/user-event/dist/cjs/utility/type.js:17:5)
      at Object.<anonymous> (src/reporting/__tests__/reports.test.tsx:633:9)

    console.error
      Warning: An update to ReportCreatePage inside a test was not wrapped in 
act(...).
      
      When testing, code that causes React state updates should be wrapped 
into act(...):
      
      act(() => {
        /* fire events that update state */
      });
      /* assert on the output */
      
      This ensures that you're testing the behavior the user would see in the 
browser. Learn more at https://reactjs.org/link/wrap-tests-with-act
          at ReportCreatePage (C:\Users\samhe\OneDrive\Desktop\Cleaned\frontend
\src\reporting\ReportCreatePage\ReportCreatePage.tsx:275:33)
          at routeContext (C:\Users\samhe\OneDrive\Desktop\Cleaned\frontend\nod
e_modules\react-router\lib\hooks.tsx:658:26)
          at children (C:\Users\samhe\OneDrive\Desktop\Cleaned\frontend\node_mo
dules\react-router\lib\components.tsx:512:3)
          at basenameProp (C:\Users\samhe\OneDrive\Desktop\Cleaned\frontend\nod
e_modules\react-router\lib\components.tsx:421:13)
          at basename (C:\Users\samhe\OneDrive\Desktop\Cleaned\frontend\node_mo
dules\react-router\lib\components.tsx:225:3)

      351 |
      352 |     function setField<K extends keyof 
CreateReportTemplateInput>(key: K, value: CreateReportTemplateInput[K]) {
    > 353 |         setForm((prev) => ({ ...prev, [key]: value }))
          |         ^
      354 |     }
      355 |
      356 |     // --- Two-panel field selection helpers ---

      at printWarning 
(node_modules/react-dom/cjs/react-dom.development.js:86:30)
      at error (node_modules/react-dom/cjs/react-dom.development.js:60:7)
      at warnIfUpdatesNotWrappedWithActDEV 
(node_modules/react-dom/cjs/react-dom.development.js:27628:9)
      at scheduleUpdateOnFiber 
(node_modules/react-dom/cjs/react-dom.development.js:25547:5)
      at dispatchSetState 
(node_modules/react-dom/cjs/react-dom.development.js:16708:7)
      at setField (src/reporting/ReportCreatePage/ReportCreatePage.tsx:353:9)
      at onChange (src/reporting/ReportCreatePage/ReportCreatePage.tsx:519:46)
      at HTMLUnknownElement.callCallback 
(node_modules/react-dom/cjs/react-dom.development.js:4164:14)
      at HTMLUnknownElement.callTheUserObjectsOperation 
(node_modules/jsdom/lib/jsdom/living/generated/EventListener.js:26:30)
      at innerInvokeEventListeners 
(node_modules/jsdom/lib/jsdom/living/events/EventTarget-impl.js:350:25)
      at invokeEventListeners 
(node_modules/jsdom/lib/jsdom/living/events/EventTarget-impl.js:286:3)
      at HTMLUnknownElementImpl._dispatch 
(node_modules/jsdom/lib/jsdom/living/events/EventTarget-impl.js:233:9)
      at HTMLUnknownElementImpl.dispatchEvent 
(node_modules/jsdom/lib/jsdom/living/events/EventTarget-impl.js:104:17)
      at HTMLUnknownElement.dispatchEvent 
(node_modules/jsdom/lib/jsdom/living/generated/EventTarget.js:241:34)
      at Object.invokeGuardedCallbackDev 
(node_modules/react-dom/cjs/react-dom.development.js:4213:16)
      at invokeGuardedCallback 
(node_modules/react-dom/cjs/react-dom.development.js:4277:31)
      at invokeGuardedCallbackAndCatchFirstError 
(node_modules/react-dom/cjs/react-dom.development.js:4291:25)
      at executeDispatch 
(node_modules/react-dom/cjs/react-dom.development.js:9041:3)
      at processDispatchQueueItemsInOrder 
(node_modules/react-dom/cjs/react-dom.development.js:9073:7)
      at processDispatchQueue 
(node_modules/react-dom/cjs/react-dom.development.js:9086:5)
      at dispatchEventsForPlugins 
(node_modules/react-dom/cjs/react-dom.development.js:9097:3)
      at node_modules/react-dom/cjs/react-dom.development.js:9288:12
      at batchedUpdates$1 
(node_modules/react-dom/cjs/react-dom.development.js:26179:12)
      at batchedUpdates 
(node_modules/react-dom/cjs/react-dom.development.js:3991:12)
      at dispatchEventForPluginEventSystem 
(node_modules/react-dom/cjs/react-dom.development.js:9287:3)
      at dispatchEventWithEnableCapturePhaseSelectiveHydrationWithoutDiscreteEv
entReplay (node_modules/react-dom/cjs/react-dom.development.js:6465:5)
      at dispatchEvent 
(node_modules/react-dom/cjs/react-dom.development.js:6457:5)
      at dispatchDiscreteEvent 
(node_modules/react-dom/cjs/react-dom.development.js:6430:5)
      at HTMLDivElement.callTheUserObjectsOperation 
(node_modules/jsdom/lib/jsdom/living/generated/EventListener.js:26:30)
      at innerInvokeEventListeners 
(node_modules/jsdom/lib/jsdom/living/events/EventTarget-impl.js:350:25)
      at invokeEventListeners 
(node_modules/jsdom/lib/jsdom/living/events/EventTarget-impl.js:286:3)
      at HTMLTextAreaElementImpl._dispatch 
(node_modules/jsdom/lib/jsdom/living/events/EventTarget-impl.js:233:9)
      at HTMLTextAreaElementImpl.dispatchEvent 
(node_modules/jsdom/lib/jsdom/living/events/EventTarget-impl.js:104:17)
      at HTMLTextAreaElement.dispatchEvent 
(node_modules/jsdom/lib/jsdom/living/generated/EventTarget.js:241:34)
      at 
node_modules/@testing-library/user-event/dist/cjs/event/dispatchEvent.js:45:43
      at Object.eventWrapper 
(node_modules/@testing-library/dom/dist/config.js:25:23)
      at Object.wrapEvent 
(node_modules/@testing-library/user-event/dist/cjs/event/wrapEvent.js:6:28)
      at Object.dispatchEvent (node_modules/@testing-library/user-event/dist/cj
s/event/dispatchEvent.js:45:22)
      at Object.dispatchUIEvent (node_modules/@testing-library/user-event/dist/
cjs/event/dispatchEvent.js:22:26)
      at commitInput 
(node_modules/@testing-library/user-event/dist/cjs/event/input.js:145:14)
      at editInputElement 
(node_modules/@testing-library/user-event/dist/cjs/event/input.js:115:9)
      at Object.input 
(node_modules/@testing-library/user-event/dist/cjs/event/input.js:37:9)
      at node_modules/@testing-library/user-event/dist/cjs/event/behavior/keypr
ess.js:31:26
      at Object.dispatchEvent (node_modules/@testing-library/user-event/dist/cj
s/event/dispatchEvent.js:41:13)
      at Object.dispatchUIEvent (node_modules/@testing-library/user-event/dist/
cjs/event/dispatchEvent.js:22:26)
      at KeyboardHost.keydown 
(node_modules/@testing-library/user-event/dist/cjs/system/keyboard.js:76:22)
      at keyboardAction 
(node_modules/@testing-library/user-event/dist/cjs/keyboard/index.js:22:35)
      at Object.keyboard 
(node_modules/@testing-library/user-event/dist/cjs/keyboard/index.js:11:15)
      at Object.type 
(node_modules/@testing-library/user-event/dist/cjs/utility/type.js:17:5)
      at Object.<anonymous> (src/reporting/__tests__/reports.test.tsx:633:9)

    console.error
      Warning: An update to ReportCreatePage inside a test was not wrapped in 
act(...).
      
      When testing, code that causes React state updates should be wrapped 
into act(...):
      
      act(() => {
        /* fire events that update state */
      });
      /* assert on the output */
      
      This ensures that you're testing the behavior the user would see in the 
browser. Learn more at https://reactjs.org/link/wrap-tests-with-act
          at ReportCreatePage (C:\Users\samhe\OneDrive\Desktop\Cleaned\frontend
\src\reporting\ReportCreatePage\ReportCreatePage.tsx:275:33)
          at routeContext (C:\Users\samhe\OneDrive\Desktop\Cleaned\frontend\nod
e_modules\react-router\lib\hooks.tsx:658:26)
          at children (C:\Users\samhe\OneDrive\Desktop\Cleaned\frontend\node_mo
dules\react-router\lib\components.tsx:512:3)
          at basenameProp (C:\Users\samhe\OneDrive\Desktop\Cleaned\frontend\nod
e_modules\react-router\lib\components.tsx:421:13)
          at basename (C:\Users\samhe\OneDrive\Desktop\Cleaned\frontend\node_mo
dules\react-router\lib\components.tsx:225:3)

      351 |
      352 |     function setField<K extends keyof 
CreateReportTemplateInput>(key: K, value: CreateReportTemplateInput[K]) {
    > 353 |         setForm((prev) => ({ ...prev, [key]: value }))
          |         ^
      354 |     }
      355 |
      356 |     // --- Two-panel field selection helpers ---

      at printWarning 
(node_modules/react-dom/cjs/react-dom.development.js:86:30)
      at error (node_modules/react-dom/cjs/react-dom.development.js:60:7)
      at warnIfUpdatesNotWrappedWithActDEV 
(node_modules/react-dom/cjs/react-dom.development.js:27628:9)
      at scheduleUpdateOnFiber 
(node_modules/react-dom/cjs/react-dom.development.js:25547:5)
      at dispatchSetState 
(node_modules/react-dom/cjs/react-dom.development.js:16708:7)
      at setField (src/reporting/ReportCreatePage/ReportCreatePage.tsx:353:9)
      at onChange (src/reporting/ReportCreatePage/ReportCreatePage.tsx:519:46)
      at HTMLUnknownElement.callCallback 
(node_modules/react-dom/cjs/react-dom.development.js:4164:14)
      at HTMLUnknownElement.callTheUserObjectsOperation 
(node_modules/jsdom/lib/jsdom/living/generated/EventListener.js:26:30)
      at innerInvokeEventListeners 
(node_modules/jsdom/lib/jsdom/living/events/EventTarget-impl.js:350:25)
      at invokeEventListeners 
(node_modules/jsdom/lib/jsdom/living/events/EventTarget-impl.js:286:3)
      at HTMLUnknownElementImpl._dispatch 
(node_modules/jsdom/lib/jsdom/living/events/EventTarget-impl.js:233:9)
      at HTMLUnknownElementImpl.dispatchEvent 
(node_modules/jsdom/lib/jsdom/living/events/EventTarget-impl.js:104:17)
      at HTMLUnknownElement.dispatchEvent 
(node_modules/jsdom/lib/jsdom/living/generated/EventTarget.js:241:34)
      at Object.invokeGuardedCallbackDev 
(node_modules/react-dom/cjs/react-dom.development.js:4213:16)
      at invokeGuardedCallback 
(node_modules/react-dom/cjs/react-dom.development.js:4277:31)
      at invokeGuardedCallbackAndCatchFirstError 
(node_modules/react-dom/cjs/react-dom.development.js:4291:25)
      at executeDispatch 
(node_modules/react-dom/cjs/react-dom.development.js:9041:3)
      at processDispatchQueueItemsInOrder 
(node_modules/react-dom/cjs/react-dom.development.js:9073:7)
      at processDispatchQueue 
(node_modules/react-dom/cjs/react-dom.development.js:9086:5)
      at dispatchEventsForPlugins 
(node_modules/react-dom/cjs/react-dom.development.js:9097:3)
      at node_modules/react-dom/cjs/react-dom.development.js:9288:12
      at batchedUpdates$1 
(node_modules/react-dom/cjs/react-dom.development.js:26179:12)
      at batchedUpdates 
(node_modules/react-dom/cjs/react-dom.development.js:3991:12)
      at dispatchEventForPluginEventSystem 
(node_modules/react-dom/cjs/react-dom.development.js:9287:3)
      at dispatchEventWithEnableCapturePhaseSelectiveHydrationWithoutDiscreteEv
entReplay (node_modules/react-dom/cjs/react-dom.development.js:6465:5)
      at dispatchEvent 
(node_modules/react-dom/cjs/react-dom.development.js:6457:5)
      at dispatchDiscreteEvent 
(node_modules/react-dom/cjs/react-dom.development.js:6430:5)
      at HTMLDivElement.callTheUserObjectsOperation 
(node_modules/jsdom/lib/jsdom/living/generated/EventListener.js:26:30)
      at innerInvokeEventListeners 
(node_modules/jsdom/lib/jsdom/living/events/EventTarget-impl.js:350:25)
      at invokeEventListeners 
(node_modules/jsdom/lib/jsdom/living/events/EventTarget-impl.js:286:3)
      at HTMLTextAreaElementImpl._dispatch 
(node_modules/jsdom/lib/jsdom/living/events/EventTarget-impl.js:233:9)
      at HTMLTextAreaElementImpl.dispatchEvent 
(node_modules/jsdom/lib/jsdom/living/events/EventTarget-impl.js:104:17)
      at HTMLTextAreaElement.dispatchEvent 
(node_modules/jsdom/lib/jsdom/living/generated/EventTarget.js:241:34)
      at 
node_modules/@testing-library/user-event/dist/cjs/event/dispatchEvent.js:45:43
      at Object.eventWrapper 
(node_modules/@testing-library/dom/dist/config.js:25:23)
      at Object.wrapEvent 
(node_modules/@testing-library/user-event/dist/cjs/event/wrapEvent.js:6:28)
      at Object.dispatchEvent (node_modules/@testing-library/user-event/dist/cj
s/event/dispatchEvent.js:45:22)
      at Object.dispatchUIEvent (node_modules/@testing-library/user-event/dist/
cjs/event/dispatchEvent.js:22:26)
      at commitInput 
(node_modules/@testing-library/user-event/dist/cjs/event/input.js:145:14)
      at editInputElement 
(node_modules/@testing-library/user-event/dist/cjs/event/input.js:115:9)
      at Object.input 
(node_modules/@testing-library/user-event/dist/cjs/event/input.js:37:9)
      at node_modules/@testing-library/user-event/dist/cjs/event/behavior/keypr
ess.js:31:26
      at Object.dispatchEvent (node_modules/@testing-library/user-event/dist/cj
s/event/dispatchEvent.js:41:13)
      at Object.dispatchUIEvent (node_modules/@testing-library/user-event/dist/
cjs/event/dispatchEvent.js:22:26)
      at KeyboardHost.keydown 
(node_modules/@testing-library/user-event/dist/cjs/system/keyboard.js:76:22)
      at keyboardAction 
(node_modules/@testing-library/user-event/dist/cjs/keyboard/index.js:22:35)
      at Object.keyboard 
(node_modules/@testing-library/user-event/dist/cjs/keyboard/index.js:11:15)
      at Object.type 
(node_modules/@testing-library/user-event/dist/cjs/utility/type.js:17:5)
      at Object.<anonymous> (src/reporting/__tests__/reports.test.tsx:633:9)

    console.error
      Warning: An update to ReportCreatePage inside a test was not wrapped in 
act(...).
      
      When testing, code that causes React state updates should be wrapped 
into act(...):
      
      act(() => {
        /* fire events that update state */
      });
      /* assert on the output */
      
      This ensures that you're testing the behavior the user would see in the 
browser. Learn more at https://reactjs.org/link/wrap-tests-with-act
          at ReportCreatePage (C:\Users\samhe\OneDrive\Desktop\Cleaned\frontend
\src\reporting\ReportCreatePage\ReportCreatePage.tsx:275:33)
          at routeContext (C:\Users\samhe\OneDrive\Desktop\Cleaned\frontend\nod
e_modules\react-router\lib\hooks.tsx:658:26)
          at children (C:\Users\samhe\OneDrive\Desktop\Cleaned\frontend\node_mo
dules\react-router\lib\components.tsx:512:3)
          at basenameProp (C:\Users\samhe\OneDrive\Desktop\Cleaned\frontend\nod
e_modules\react-router\lib\components.tsx:421:13)
          at basename (C:\Users\samhe\OneDrive\Desktop\Cleaned\frontend\node_mo
dules\react-router\lib\components.tsx:225:3)

      351 |
      352 |     function setField<K extends keyof 
CreateReportTemplateInput>(key: K, value: CreateReportTemplateInput[K]) {
    > 353 |         setForm((prev) => ({ ...prev, [key]: value }))
          |         ^
      354 |     }
      355 |
      356 |     // --- Two-panel field selection helpers ---

      at printWarning 
(node_modules/react-dom/cjs/react-dom.development.js:86:30)
      at error (node_modules/react-dom/cjs/react-dom.development.js:60:7)
      at warnIfUpdatesNotWrappedWithActDEV 
(node_modules/react-dom/cjs/react-dom.development.js:27628:9)
      at scheduleUpdateOnFiber 
(node_modules/react-dom/cjs/react-dom.development.js:25547:5)
      at dispatchSetState 
(node_modules/react-dom/cjs/react-dom.development.js:16708:7)
      at setField (src/reporting/ReportCreatePage/ReportCreatePage.tsx:353:9)
      at onChange (src/reporting/ReportCreatePage/ReportCreatePage.tsx:519:46)
      at HTMLUnknownElement.callCallback 
(node_modules/react-dom/cjs/react-dom.development.js:4164:14)
      at HTMLUnknownElement.callTheUserObjectsOperation 
(node_modules/jsdom/lib/jsdom/living/generated/EventListener.js:26:30)
      at innerInvokeEventListeners 
(node_modules/jsdom/lib/jsdom/living/events/EventTarget-impl.js:350:25)
      at invokeEventListeners 
(node_modules/jsdom/lib/jsdom/living/events/EventTarget-impl.js:286:3)
      at HTMLUnknownElementImpl._dispatch 
(node_modules/jsdom/lib/jsdom/living/events/EventTarget-impl.js:233:9)
      at HTMLUnknownElementImpl.dispatchEvent 
(node_modules/jsdom/lib/jsdom/living/events/EventTarget-impl.js:104:17)
      at HTMLUnknownElement.dispatchEvent 
(node_modules/jsdom/lib/jsdom/living/generated/EventTarget.js:241:34)
      at Object.invokeGuardedCallbackDev 
(node_modules/react-dom/cjs/react-dom.development.js:4213:16)
      at invokeGuardedCallback 
(node_modules/react-dom/cjs/react-dom.development.js:4277:31)
      at invokeGuardedCallbackAndCatchFirstError 
(node_modules/react-dom/cjs/react-dom.development.js:4291:25)
      at executeDispatch 
(node_modules/react-dom/cjs/react-dom.development.js:9041:3)
      at processDispatchQueueItemsInOrder 
(node_modules/react-dom/cjs/react-dom.development.js:9073:7)
      at processDispatchQueue 
(node_modules/react-dom/cjs/react-dom.development.js:9086:5)
      at dispatchEventsForPlugins 
(node_modules/react-dom/cjs/react-dom.development.js:9097:3)
      at node_modules/react-dom/cjs/react-dom.development.js:9288:12
      at batchedUpdates$1 
(node_modules/react-dom/cjs/react-dom.development.js:26179:12)
      at batchedUpdates 
(node_modules/react-dom/cjs/react-dom.development.js:3991:12)
      at dispatchEventForPluginEventSystem 
(node_modules/react-dom/cjs/react-dom.development.js:9287:3)
      at dispatchEventWithEnableCapturePhaseSelectiveHydrationWithoutDiscreteEv
entReplay (node_modules/react-dom/cjs/react-dom.development.js:6465:5)
      at dispatchEvent 
(node_modules/react-dom/cjs/react-dom.development.js:6457:5)
      at dispatchDiscreteEvent 
(node_modules/react-dom/cjs/react-dom.development.js:6430:5)
      at HTMLDivElement.callTheUserObjectsOperation 
(node_modules/jsdom/lib/jsdom/living/generated/EventListener.js:26:30)
      at innerInvokeEventListeners 
(node_modules/jsdom/lib/jsdom/living/events/EventTarget-impl.js:350:25)
      at invokeEventListeners 
(node_modules/jsdom/lib/jsdom/living/events/EventTarget-impl.js:286:3)
      at HTMLTextAreaElementImpl._dispatch 
(node_modules/jsdom/lib/jsdom/living/events/EventTarget-impl.js:233:9)
      at HTMLTextAreaElementImpl.dispatchEvent 
(node_modules/jsdom/lib/jsdom/living/events/EventTarget-impl.js:104:17)
      at HTMLTextAreaElement.dispatchEvent 
(node_modules/jsdom/lib/jsdom/living/generated/EventTarget.js:241:34)
      at 
node_modules/@testing-library/user-event/dist/cjs/event/dispatchEvent.js:45:43
      at Object.eventWrapper 
(node_modules/@testing-library/dom/dist/config.js:25:23)
      at Object.wrapEvent 
(node_modules/@testing-library/user-event/dist/cjs/event/wrapEvent.js:6:28)
      at Object.dispatchEvent (node_modules/@testing-library/user-event/dist/cj
s/event/dispatchEvent.js:45:22)
      at Object.dispatchUIEvent (node_modules/@testing-library/user-event/dist/
cjs/event/dispatchEvent.js:22:26)
      at commitInput 
(node_modules/@testing-library/user-event/dist/cjs/event/input.js:145:14)
      at editInputElement 
(node_modules/@testing-library/user-event/dist/cjs/event/input.js:115:9)
      at Object.input 
(node_modules/@testing-library/user-event/dist/cjs/event/input.js:37:9)
      at node_modules/@testing-library/user-event/dist/cjs/event/behavior/keypr
ess.js:31:26
      at Object.dispatchEvent (node_modules/@testing-library/user-event/dist/cj
s/event/dispatchEvent.js:41:13)
      at Object.dispatchUIEvent (node_modules/@testing-library/user-event/dist/
cjs/event/dispatchEvent.js:22:26)
      at KeyboardHost.keydown 
(node_modules/@testing-library/user-event/dist/cjs/system/keyboard.js:76:22)
      at keyboardAction 
(node_modules/@testing-library/user-event/dist/cjs/keyboard/index.js:22:35)
      at Object.keyboard 
(node_modules/@testing-library/user-event/dist/cjs/keyboard/index.js:11:15)
      at Object.type 
(node_modules/@testing-library/user-event/dist/cjs/utility/type.js:17:5)
      at Object.<anonymous> (src/reporting/__tests__/reports.test.tsx:633:9)

    console.error
      Warning: An update to ReportCreatePage inside a test was not wrapped in 
act(...).
      
      When testing, code that causes React state updates should be wrapped 
into act(...):
      
      act(() => {
        /* fire events that update state */
      });
      /* assert on the output */
      
      This ensures that you're testing the behavior the user would see in the 
browser. Learn more at https://reactjs.org/link/wrap-tests-with-act
          at ReportCreatePage (C:\Users\samhe\OneDrive\Desktop\Cleaned\frontend
\src\reporting\ReportCreatePage\ReportCreatePage.tsx:275:33)
          at routeContext (C:\Users\samhe\OneDrive\Desktop\Cleaned\frontend\nod
e_modules\react-router\lib\hooks.tsx:658:26)
          at children (C:\Users\samhe\OneDrive\Desktop\Cleaned\frontend\node_mo
dules\react-router\lib\components.tsx:512:3)
          at basenameProp (C:\Users\samhe\OneDrive\Desktop\Cleaned\frontend\nod
e_modules\react-router\lib\components.tsx:421:13)
          at basename (C:\Users\samhe\OneDrive\Desktop\Cleaned\frontend\node_mo
dules\react-router\lib\components.tsx:225:3)

      at printWarning 
(node_modules/react-dom/cjs/react-dom.development.js:86:30)
      at error (node_modules/react-dom/cjs/react-dom.development.js:60:7)
      at warnIfUpdatesNotWrappedWithActDEV 
(node_modules/react-dom/cjs/react-dom.development.js:27628:9)
      at scheduleUpdateOnFiber 
(node_modules/react-dom/cjs/react-dom.development.js:25547:5)
      at dispatchSetState 
(node_modules/react-dom/cjs/react-dom.development.js:16708:7)

    console.error
      Warning: An update to ReportCreatePage inside a test was not wrapped in 
act(...).
      
      When testing, code that causes React state updates should be wrapped 
into act(...):
      
      act(() => {
        /* fire events that update state */
      });
      /* assert on the output */
      
      This ensures that you're testing the behavior the user would see in the 
browser. Learn more at https://reactjs.org/link/wrap-tests-with-act
          at ReportCreatePage (C:\Users\samhe\OneDrive\Desktop\Cleaned\frontend
\src\reporting\ReportCreatePage\ReportCreatePage.tsx:275:33)
          at routeContext (C:\Users\samhe\OneDrive\Desktop\Cleaned\frontend\nod
e_modules\react-router\lib\hooks.tsx:658:26)
          at children (C:\Users\samhe\OneDrive\Desktop\Cleaned\frontend\node_mo
dules\react-router\lib\components.tsx:512:3)
          at basenameProp (C:\Users\samhe\OneDrive\Desktop\Cleaned\frontend\nod
e_modules\react-router\lib\components.tsx:421:13)
          at basename (C:\Users\samhe\OneDrive\Desktop\Cleaned\frontend\node_mo
dules\react-router\lib\components.tsx:225:3)

      319 |                     return true
      320 |                 })
    > 321 |                 setFieldMappings(merged)
          |                 ^
      322 |             })
      323 |             .finally(() => setLoadingFields(false))
      324 |     }, [])

      at printWarning 
(node_modules/react-dom/cjs/react-dom.development.js:86:30)
      at error (node_modules/react-dom/cjs/react-dom.development.js:60:7)
      at warnIfUpdatesNotWrappedWithActDEV 
(node_modules/react-dom/cjs/react-dom.development.js:27628:9)
      at scheduleUpdateOnFiber 
(node_modules/react-dom/cjs/react-dom.development.js:25547:5)
      at dispatchSetState 
(node_modules/react-dom/cjs/react-dom.development.js:16708:7)
      at src/reporting/ReportCreatePage/ReportCreatePage.tsx:321:17

    console.error
      Warning: An update to ReportCreatePage inside a test was not wrapped in 
act(...).
      
      When testing, code that causes React state updates should be wrapped 
into act(...):
      
      act(() => {
        /* fire events that update state */
      });
      /* assert on the output */
      
      This ensures that you're testing the behavior the user would see in the 
browser. Learn more at https://reactjs.org/link/wrap-tests-with-act
          at ReportCreatePage (C:\Users\samhe\OneDrive\Desktop\Cleaned\frontend
\src\reporting\ReportCreatePage\ReportCreatePage.tsx:275:33)
          at routeContext (C:\Users\samhe\OneDrive\Desktop\Cleaned\frontend\nod
e_modules\react-router\lib\hooks.tsx:658:26)
          at children (C:\Users\samhe\OneDrive\Desktop\Cleaned\frontend\node_mo
dules\react-router\lib\components.tsx:512:3)
          at basenameProp (C:\Users\samhe\OneDrive\Desktop\Cleaned\frontend\nod
e_modules\react-router\lib\components.tsx:421:13)
          at basename (C:\Users\samhe\OneDrive\Desktop\Cleaned\frontend\node_mo
dules\react-router\lib\components.tsx:225:3)

      321 |                 setFieldMappings(merged)
      322 |             })
    > 323 |             .finally(() => setLoadingFields(false))
          |                            ^
      324 |     }, [])
      325 |
      326 |     useEffect(() => {

      at printWarning 
(node_modules/react-dom/cjs/react-dom.development.js:86:30)
      at error (node_modules/react-dom/cjs/react-dom.development.js:60:7)
      at warnIfUpdatesNotWrappedWithActDEV 
(node_modules/react-dom/cjs/react-dom.development.js:27628:9)
      at scheduleUpdateOnFiber 
(node_modules/react-dom/cjs/react-dom.development.js:25547:5)
      at dispatchSetState 
(node_modules/react-dom/cjs/react-dom.development.js:16708:7)
      at src/reporting/ReportCreatePage/ReportCreatePage.tsx:323:28

    console.error
      Warning: An update to ReportCreatePage inside a test was not wrapped in 
act(...).
      
      When testing, code that causes React state updates should be wrapped 
into act(...):
      
      act(() => {
        /* fire events that update state */
      });
      /* assert on the output */
      
      This ensures that you're testing the behavior the user would see in the 
browser. Learn more at https://reactjs.org/link/wrap-tests-with-act
          at ReportCreatePage (C:\Users\samhe\OneDrive\Desktop\Cleaned\frontend
\src\reporting\ReportCreatePage\ReportCreatePage.tsx:275:33)
          at routeContext (C:\Users\samhe\OneDrive\Desktop\Cleaned\frontend\nod
e_modules\react-router\lib\hooks.tsx:658:26)
          at children (C:\Users\samhe\OneDrive\Desktop\Cleaned\frontend\node_mo
dules\react-router\lib\components.tsx:512:3)
          at basenameProp (C:\Users\samhe\OneDrive\Desktop\Cleaned\frontend\nod
e_modules\react-router\lib\components.tsx:421:13)
          at basename (C:\Users\samhe\OneDrive\Desktop\Cleaned\frontend\node_mo
dules\react-router\lib\components.tsx:225:3)

      at printWarning 
(node_modules/react-dom/cjs/react-dom.development.js:86:30)
      at error (node_modules/react-dom/cjs/react-dom.development.js:60:7)
      at warnIfUpdatesNotWrappedWithActDEV 
(node_modules/react-dom/cjs/react-dom.development.js:27628:9)
      at scheduleUpdateOnFiber 
(node_modules/react-dom/cjs/react-dom.development.js:25547:5)
      at dispatchSetState 
(node_modules/react-dom/cjs/react-dom.development.js:16708:7)

    console.error
      Warning: An update to ReportCreatePage inside a test was not wrapped in 
act(...).
      
      When testing, code that causes React state updates should be wrapped 
into act(...):
      
      act(() => {
        /* fire events that update state */
      });
      /* assert on the output */
      
      This ensures that you're testing the behavior the user would see in the 
browser. Learn more at https://reactjs.org/link/wrap-tests-with-act
          at ReportCreatePage (C:\Users\samhe\OneDrive\Desktop\Cleaned\frontend
\src\reporting\ReportCreatePage\ReportCreatePage.tsx:275:33)
          at routeContext (C:\Users\samhe\OneDrive\Desktop\Cleaned\frontend\nod
e_modules\react-router\lib\hooks.tsx:658:26)
          at children (C:\Users\samhe\OneDrive\Desktop\Cleaned\frontend\node_mo
dules\react-router\lib\components.tsx:512:3)
          at basenameProp (C:\Users\samhe\OneDrive\Desktop\Cleaned\frontend\nod
e_modules\react-router\lib\components.tsx:421:13)
          at basename (C:\Users\samhe\OneDrive\Desktop\Cleaned\frontend\node_mo
dules\react-router\lib\components.tsx:225:3)

      319 |                     return true
      320 |                 })
    > 321 |                 setFieldMappings(merged)
          |                 ^
      322 |             })
      323 |             .finally(() => setLoadingFields(false))
      324 |     }, [])

      at printWarning 
(node_modules/react-dom/cjs/react-dom.development.js:86:30)
      at error (node_modules/react-dom/cjs/react-dom.development.js:60:7)
      at warnIfUpdatesNotWrappedWithActDEV 
(node_modules/react-dom/cjs/react-dom.development.js:27628:9)
      at scheduleUpdateOnFiber 
(node_modules/react-dom/cjs/react-dom.development.js:25547:5)
      at dispatchSetState 
(node_modules/react-dom/cjs/react-dom.development.js:16708:7)
      at src/reporting/ReportCreatePage/ReportCreatePage.tsx:321:17

    console.error
      Warning: An update to ReportCreatePage inside a test was not wrapped in 
act(...).
      
      When testing, code that causes React state updates should be wrapped 
into act(...):
      
      act(() => {
        /* fire events that update state */
      });
      /* assert on the output */
      
      This ensures that you're testing the behavior the user would see in the 
browser. Learn more at https://reactjs.org/link/wrap-tests-with-act
          at ReportCreatePage (C:\Users\samhe\OneDrive\Desktop\Cleaned\frontend
\src\reporting\ReportCreatePage\ReportCreatePage.tsx:275:33)
          at routeContext (C:\Users\samhe\OneDrive\Desktop\Cleaned\frontend\nod
e_modules\react-router\lib\hooks.tsx:658:26)
          at children (C:\Users\samhe\OneDrive\Desktop\Cleaned\frontend\node_mo
dules\react-router\lib\components.tsx:512:3)
          at basenameProp (C:\Users\samhe\OneDrive\Desktop\Cleaned\frontend\nod
e_modules\react-router\lib\components.tsx:421:13)
          at basename (C:\Users\samhe\OneDrive\Desktop\Cleaned\frontend\node_mo
dules\react-router\lib\components.tsx:225:3)

      321 |                 setFieldMappings(merged)
      322 |             })
    > 323 |             .finally(() => setLoadingFields(false))
          |                            ^
      324 |     }, [])
      325 |
      326 |     useEffect(() => {

      at printWarning 
(node_modules/react-dom/cjs/react-dom.development.js:86:30)
      at error (node_modules/react-dom/cjs/react-dom.development.js:60:7)
      at warnIfUpdatesNotWrappedWithActDEV 
(node_modules/react-dom/cjs/react-dom.development.js:27628:9)
      at scheduleUpdateOnFiber 
(node_modules/react-dom/cjs/react-dom.development.js:25547:5)
      at dispatchSetState 
(node_modules/react-dom/cjs/react-dom.development.js:16708:7)
      at src/reporting/ReportCreatePage/ReportCreatePage.tsx:323:28

    console.error
      Warning: An update to ReportCreatePage inside a test was not wrapped in 
act(...).
      
      When testing, code that causes React state updates should be wrapped 
into act(...):
      
      act(() => {
        /* fire events that update state */
      });
      /* assert on the output */
      
      This ensures that you're testing the behavior the user would see in the 
browser. Learn more at https://reactjs.org/link/wrap-tests-with-act
          at ReportCreatePage (C:\Users\samhe\OneDrive\Desktop\Cleaned\frontend
\src\reporting\ReportCreatePage\ReportCreatePage.tsx:275:33)
          at routeContext (C:\Users\samhe\OneDrive\Desktop\Cleaned\frontend\nod
e_modules\react-router\lib\hooks.tsx:658:26)
          at children (C:\Users\samhe\OneDrive\Desktop\Cleaned\frontend\node_mo
dules\react-router\lib\components.tsx:512:3)
          at basenameProp (C:\Users\samhe\OneDrive\Desktop\Cleaned\frontend\nod
e_modules\react-router\lib\components.tsx:421:13)
          at basename (C:\Users\samhe\OneDrive\Desktop\Cleaned\frontend\node_mo
dules\react-router\lib\components.tsx:225:3)

      351 |
      352 |     function setField<K extends keyof 
CreateReportTemplateInput>(key: K, value: CreateReportTemplateInput[K]) {
    > 353 |         setForm((prev) => ({ ...prev, [key]: value }))
          |         ^
      354 |     }
      355 |
      356 |     // --- Two-panel field selection helpers ---

      at printWarning 
(node_modules/react-dom/cjs/react-dom.development.js:86:30)
      at error (node_modules/react-dom/cjs/react-dom.development.js:60:7)
      at warnIfUpdatesNotWrappedWithActDEV 
(node_modules/react-dom/cjs/react-dom.development.js:27628:9)
      at scheduleUpdateOnFiber 
(node_modules/react-dom/cjs/react-dom.development.js:25547:5)
      at dispatchSetState 
(node_modules/react-dom/cjs/react-dom.development.js:16708:7)
      at setField (src/reporting/ReportCreatePage/ReportCreatePage.tsx:353:9)
      at onChange (src/reporting/ReportCreatePage/ReportCreatePage.tsx:507:46)
      at HTMLUnknownElement.callCallback 
(node_modules/react-dom/cjs/react-dom.development.js:4164:14)
      at HTMLUnknownElement.callTheUserObjectsOperation 
(node_modules/jsdom/lib/jsdom/living/generated/EventListener.js:26:30)
      at innerInvokeEventListeners 
(node_modules/jsdom/lib/jsdom/living/events/EventTarget-impl.js:350:25)
      at invokeEventListeners 
(node_modules/jsdom/lib/jsdom/living/events/EventTarget-impl.js:286:3)
      at HTMLUnknownElementImpl._dispatch 
(node_modules/jsdom/lib/jsdom/living/events/EventTarget-impl.js:233:9)
      at HTMLUnknownElementImpl.dispatchEvent 
(node_modules/jsdom/lib/jsdom/living/events/EventTarget-impl.js:104:17)
      at HTMLUnknownElement.dispatchEvent 
(node_modules/jsdom/lib/jsdom/living/generated/EventTarget.js:241:34)
      at Object.invokeGuardedCallbackDev 
(node_modules/react-dom/cjs/react-dom.development.js:4213:16)
      at invokeGuardedCallback 
(node_modules/react-dom/cjs/react-dom.development.js:4277:31)
      at invokeGuardedCallbackAndCatchFirstError 
(node_modules/react-dom/cjs/react-dom.development.js:4291:25)
      at executeDispatch 
(node_modules/react-dom/cjs/react-dom.development.js:9041:3)
      at processDispatchQueueItemsInOrder 
(node_modules/react-dom/cjs/react-dom.development.js:9073:7)
      at processDispatchQueue 
(node_modules/react-dom/cjs/react-dom.development.js:9086:5)
      at dispatchEventsForPlugins 
(node_modules/react-dom/cjs/react-dom.development.js:9097:3)
      at node_modules/react-dom/cjs/react-dom.development.js:9288:12
      at batchedUpdates$1 
(node_modules/react-dom/cjs/react-dom.development.js:26179:12)
      at batchedUpdates 
(node_modules/react-dom/cjs/react-dom.development.js:3991:12)
      at dispatchEventForPluginEventSystem 
(node_modules/react-dom/cjs/react-dom.development.js:9287:3)
      at dispatchEventWithEnableCapturePhaseSelectiveHydrationWithoutDiscreteEv
entReplay (node_modules/react-dom/cjs/react-dom.development.js:6465:5)
      at dispatchEvent 
(node_modules/react-dom/cjs/react-dom.development.js:6457:5)
      at dispatchDiscreteEvent 
(node_modules/react-dom/cjs/react-dom.development.js:6430:5)
      at HTMLDivElement.callTheUserObjectsOperation 
(node_modules/jsdom/lib/jsdom/living/generated/EventListener.js:26:30)
      at innerInvokeEventListeners 
(node_modules/jsdom/lib/jsdom/living/events/EventTarget-impl.js:350:25)
      at invokeEventListeners 
(node_modules/jsdom/lib/jsdom/living/events/EventTarget-impl.js:286:3)
      at HTMLInputElementImpl._dispatch 
(node_modules/jsdom/lib/jsdom/living/events/EventTarget-impl.js:233:9)
      at HTMLInputElementImpl.dispatchEvent 
(node_modules/jsdom/lib/jsdom/living/events/EventTarget-impl.js:104:17)
      at HTMLInputElement.dispatchEvent 
(node_modules/jsdom/lib/jsdom/living/generated/EventTarget.js:241:34)
      at 
node_modules/@testing-library/user-event/dist/cjs/event/dispatchEvent.js:45:43
      at Object.eventWrapper 
(node_modules/@testing-library/dom/dist/config.js:25:23)
      at Object.wrapEvent 
(node_modules/@testing-library/user-event/dist/cjs/event/wrapEvent.js:6:28)
      at Object.dispatchEvent (node_modules/@testing-library/user-event/dist/cj
s/event/dispatchEvent.js:45:22)
      at Object.dispatchUIEvent (node_modules/@testing-library/user-event/dist/
cjs/event/dispatchEvent.js:22:26)
      at commitInput 
(node_modules/@testing-library/user-event/dist/cjs/event/input.js:145:14)
      at editInputElement 
(node_modules/@testing-library/user-event/dist/cjs/event/input.js:115:9)
      at Object.input 
(node_modules/@testing-library/user-event/dist/cjs/event/input.js:37:9)
      at node_modules/@testing-library/user-event/dist/cjs/event/behavior/keypr
ess.js:31:26
      at Object.dispatchEvent (node_modules/@testing-library/user-event/dist/cj
s/event/dispatchEvent.js:41:13)
      at Object.dispatchUIEvent (node_modules/@testing-library/user-event/dist/
cjs/event/dispatchEvent.js:22:26)
      at KeyboardHost.keydown 
(node_modules/@testing-library/user-event/dist/cjs/system/keyboard.js:76:22)
      at keyboardAction 
(node_modules/@testing-library/user-event/dist/cjs/keyboard/index.js:22:35)
      at Object.keyboard 
(node_modules/@testing-library/user-event/dist/cjs/keyboard/index.js:11:15)
      at Object.type 
(node_modules/@testing-library/user-event/dist/cjs/utility/type.js:17:5)
      at Object.<anonymous> (src/reporting/__tests__/reports.test.tsx:671:9)

    console.error
      Warning: An update to ReportCreatePage inside a test was not wrapped in 
act(...).
      
      When testing, code that causes React state updates should be wrapped 
into act(...):
      
      act(() => {
        /* fire events that update state */
      });
      /* assert on the output */
      
      This ensures that you're testing the behavior the user would see in the 
browser. Learn more at https://reactjs.org/link/wrap-tests-with-act
          at ReportCreatePage (C:\Users\samhe\OneDrive\Desktop\Cleaned\frontend
\src\reporting\ReportCreatePage\ReportCreatePage.tsx:275:33)
          at routeContext (C:\Users\samhe\OneDrive\Desktop\Cleaned\frontend\nod
e_modules\react-router\lib\hooks.tsx:658:26)
          at children (C:\Users\samhe\OneDrive\Desktop\Cleaned\frontend\node_mo
dules\react-router\lib\components.tsx:512:3)
          at basenameProp (C:\Users\samhe\OneDrive\Desktop\Cleaned\frontend\nod
e_modules\react-router\lib\components.tsx:421:13)
          at basename (C:\Users\samhe\OneDrive\Desktop\Cleaned\frontend\node_mo
dules\react-router\lib\components.tsx:225:3)

      351 |
      352 |     function setField<K extends keyof 
CreateReportTemplateInput>(key: K, value: CreateReportTemplateInput[K]) {
    > 353 |         setForm((prev) => ({ ...prev, [key]: value }))
          |         ^
      354 |     }
      355 |
      356 |     // --- Two-panel field selection helpers ---

      at printWarning 
(node_modules/react-dom/cjs/react-dom.development.js:86:30)
      at error (node_modules/react-dom/cjs/react-dom.development.js:60:7)
      at warnIfUpdatesNotWrappedWithActDEV 
(node_modules/react-dom/cjs/react-dom.development.js:27628:9)
      at scheduleUpdateOnFiber 
(node_modules/react-dom/cjs/react-dom.development.js:25547:5)
      at dispatchSetState 
(node_modules/react-dom/cjs/react-dom.development.js:16708:7)
      at setField (src/reporting/ReportCreatePage/ReportCreatePage.tsx:353:9)
      at onChange (src/reporting/ReportCreatePage/ReportCreatePage.tsx:507:46)
      at HTMLUnknownElement.callCallback 
(node_modules/react-dom/cjs/react-dom.development.js:4164:14)
      at HTMLUnknownElement.callTheUserObjectsOperation 
(node_modules/jsdom/lib/jsdom/living/generated/EventListener.js:26:30)
      at innerInvokeEventListeners 
(node_modules/jsdom/lib/jsdom/living/events/EventTarget-impl.js:350:25)
      at invokeEventListeners 
(node_modules/jsdom/lib/jsdom/living/events/EventTarget-impl.js:286:3)
      at HTMLUnknownElementImpl._dispatch 
(node_modules/jsdom/lib/jsdom/living/events/EventTarget-impl.js:233:9)
      at HTMLUnknownElementImpl.dispatchEvent 
(node_modules/jsdom/lib/jsdom/living/events/EventTarget-impl.js:104:17)
      at HTMLUnknownElement.dispatchEvent 
(node_modules/jsdom/lib/jsdom/living/generated/EventTarget.js:241:34)
      at Object.invokeGuardedCallbackDev 
(node_modules/react-dom/cjs/react-dom.development.js:4213:16)
      at invokeGuardedCallback 
(node_modules/react-dom/cjs/react-dom.development.js:4277:31)
      at invokeGuardedCallbackAndCatchFirstError 
(node_modules/react-dom/cjs/react-dom.development.js:4291:25)
      at executeDispatch 
(node_modules/react-dom/cjs/react-dom.development.js:9041:3)
      at processDispatchQueueItemsInOrder 
(node_modules/react-dom/cjs/react-dom.development.js:9073:7)
      at processDispatchQueue 
(node_modules/react-dom/cjs/react-dom.development.js:9086:5)
      at dispatchEventsForPlugins 
(node_modules/react-dom/cjs/react-dom.development.js:9097:3)
      at node_modules/react-dom/cjs/react-dom.development.js:9288:12
      at batchedUpdates$1 
(node_modules/react-dom/cjs/react-dom.development.js:26179:12)
      at batchedUpdates 
(node_modules/react-dom/cjs/react-dom.development.js:3991:12)
      at dispatchEventForPluginEventSystem 
(node_modules/react-dom/cjs/react-dom.development.js:9287:3)
      at dispatchEventWithEnableCapturePhaseSelectiveHydrationWithoutDiscreteEv
entReplay (node_modules/react-dom/cjs/react-dom.development.js:6465:5)
      at dispatchEvent 
(node_modules/react-dom/cjs/react-dom.development.js:6457:5)
      at dispatchDiscreteEvent 
(node_modules/react-dom/cjs/react-dom.development.js:6430:5)
      at HTMLDivElement.callTheUserObjectsOperation 
(node_modules/jsdom/lib/jsdom/living/generated/EventListener.js:26:30)
      at innerInvokeEventListeners 
(node_modules/jsdom/lib/jsdom/living/events/EventTarget-impl.js:350:25)
      at invokeEventListeners 
(node_modules/jsdom/lib/jsdom/living/events/EventTarget-impl.js:286:3)
      at HTMLInputElementImpl._dispatch 
(node_modules/jsdom/lib/jsdom/living/events/EventTarget-impl.js:233:9)
      at HTMLInputElementImpl.dispatchEvent 
(node_modules/jsdom/lib/jsdom/living/events/EventTarget-impl.js:104:17)
      at HTMLInputElement.dispatchEvent 
(node_modules/jsdom/lib/jsdom/living/generated/EventTarget.js:241:34)
      at 
node_modules/@testing-library/user-event/dist/cjs/event/dispatchEvent.js:45:43
      at Object.eventWrapper 
(node_modules/@testing-library/dom/dist/config.js:25:23)
      at Object.wrapEvent 
(node_modules/@testing-library/user-event/dist/cjs/event/wrapEvent.js:6:28)
      at Object.dispatchEvent (node_modules/@testing-library/user-event/dist/cj
s/event/dispatchEvent.js:45:22)
      at Object.dispatchUIEvent (node_modules/@testing-library/user-event/dist/
cjs/event/dispatchEvent.js:22:26)
      at commitInput 
(node_modules/@testing-library/user-event/dist/cjs/event/input.js:145:14)
      at editInputElement 
(node_modules/@testing-library/user-event/dist/cjs/event/input.js:115:9)
      at Object.input 
(node_modules/@testing-library/user-event/dist/cjs/event/input.js:37:9)
      at node_modules/@testing-library/user-event/dist/cjs/event/behavior/keypr
ess.js:31:26
      at Object.dispatchEvent (node_modules/@testing-library/user-event/dist/cj
s/event/dispatchEvent.js:41:13)
      at Object.dispatchUIEvent (node_modules/@testing-library/user-event/dist/
cjs/event/dispatchEvent.js:22:26)
      at KeyboardHost.keydown 
(node_modules/@testing-library/user-event/dist/cjs/system/keyboard.js:76:22)
      at keyboardAction 
(node_modules/@testing-library/user-event/dist/cjs/keyboard/index.js:22:35)
      at Object.keyboard 
(node_modules/@testing-library/user-event/dist/cjs/keyboard/index.js:11:15)
      at Object.type 
(node_modules/@testing-library/user-event/dist/cjs/utility/type.js:17:5)
      at Object.<anonymous> (src/reporting/__tests__/reports.test.tsx:671:9)

    console.error
      Warning: An update to ReportCreatePage inside a test was not wrapped in 
act(...).
      
      When testing, code that causes React state updates should be wrapped 
into act(...):
      
      act(() => {
        /* fire events that update state */
      });
      /* assert on the output */
      
      This ensures that you're testing the behavior the user would see in the 
browser. Learn more at https://reactjs.org/link/wrap-tests-with-act
          at ReportCreatePage (C:\Users\samhe\OneDrive\Desktop\Cleaned\frontend
\src\reporting\ReportCreatePage\ReportCreatePage.tsx:275:33)
          at routeContext (C:\Users\samhe\OneDrive\Desktop\Cleaned\frontend\nod
e_modules\react-router\lib\hooks.tsx:658:26)
          at children (C:\Users\samhe\OneDrive\Desktop\Cleaned\frontend\node_mo
dules\react-router\lib\components.tsx:512:3)
          at basenameProp (C:\Users\samhe\OneDrive\Desktop\Cleaned\frontend\nod
e_modules\react-router\lib\components.tsx:421:13)
          at basename (C:\Users\samhe\OneDrive\Desktop\Cleaned\frontend\node_mo
dules\react-router\lib\components.tsx:225:3)

      351 |
      352 |     function setField<K extends keyof 
CreateReportTemplateInput>(key: K, value: CreateReportTemplateInput[K]) {
    > 353 |         setForm((prev) => ({ ...prev, [key]: value }))
          |         ^
      354 |     }
      355 |
      356 |     // --- Two-panel field selection helpers ---

      at printWarning 
(node_modules/react-dom/cjs/react-dom.development.js:86:30)
      at error (node_modules/react-dom/cjs/react-dom.development.js:60:7)
      at warnIfUpdatesNotWrappedWithActDEV 
(node_modules/react-dom/cjs/react-dom.development.js:27628:9)
      at scheduleUpdateOnFiber 
(node_modules/react-dom/cjs/react-dom.development.js:25547:5)
      at dispatchSetState 
(node_modules/react-dom/cjs/react-dom.development.js:16708:7)
      at setField (src/reporting/ReportCreatePage/ReportCreatePage.tsx:353:9)
      at onChange (src/reporting/ReportCreatePage/ReportCreatePage.tsx:507:46)
      at HTMLUnknownElement.callCallback 
(node_modules/react-dom/cjs/react-dom.development.js:4164:14)
      at HTMLUnknownElement.callTheUserObjectsOperation 
(node_modules/jsdom/lib/jsdom/living/generated/EventListener.js:26:30)
      at innerInvokeEventListeners 
(node_modules/jsdom/lib/jsdom/living/events/EventTarget-impl.js:350:25)
      at invokeEventListeners 
(node_modules/jsdom/lib/jsdom/living/events/EventTarget-impl.js:286:3)
      at HTMLUnknownElementImpl._dispatch 
(node_modules/jsdom/lib/jsdom/living/events/EventTarget-impl.js:233:9)
      at HTMLUnknownElementImpl.dispatchEvent 
(node_modules/jsdom/lib/jsdom/living/events/EventTarget-impl.js:104:17)
      at HTMLUnknownElement.dispatchEvent 
(node_modules/jsdom/lib/jsdom/living/generated/EventTarget.js:241:34)
      at Object.invokeGuardedCallbackDev 
(node_modules/react-dom/cjs/react-dom.development.js:4213:16)
      at invokeGuardedCallback 
(node_modules/react-dom/cjs/react-dom.development.js:4277:31)
      at invokeGuardedCallbackAndCatchFirstError 
(node_modules/react-dom/cjs/react-dom.development.js:4291:25)
      at executeDispatch 
(node_modules/react-dom/cjs/react-dom.development.js:9041:3)
      at processDispatchQueueItemsInOrder 
(node_modules/react-dom/cjs/react-dom.development.js:9073:7)
      at processDispatchQueue 
(node_modules/react-dom/cjs/react-dom.development.js:9086:5)
      at dispatchEventsForPlugins 
(node_modules/react-dom/cjs/react-dom.development.js:9097:3)
      at node_modules/react-dom/cjs/react-dom.development.js:9288:12
      at batchedUpdates$1 
(node_modules/react-dom/cjs/react-dom.development.js:26179:12)
      at batchedUpdates 
(node_modules/react-dom/cjs/react-dom.development.js:3991:12)
      at dispatchEventForPluginEventSystem 
(node_modules/react-dom/cjs/react-dom.development.js:9287:3)
      at dispatchEventWithEnableCapturePhaseSelectiveHydrationWithoutDiscreteEv
entReplay (node_modules/react-dom/cjs/react-dom.development.js:6465:5)
      at dispatchEvent 
(node_modules/react-dom/cjs/react-dom.development.js:6457:5)
      at dispatchDiscreteEvent 
(node_modules/react-dom/cjs/react-dom.development.js:6430:5)
      at HTMLDivElement.callTheUserObjectsOperation 
(node_modules/jsdom/lib/jsdom/living/generated/EventListener.js:26:30)
      at innerInvokeEventListeners 
(node_modules/jsdom/lib/jsdom/living/events/EventTarget-impl.js:350:25)
      at invokeEventListeners 
(node_modules/jsdom/lib/jsdom/living/events/EventTarget-impl.js:286:3)
      at HTMLInputElementImpl._dispatch 
(node_modules/jsdom/lib/jsdom/living/events/EventTarget-impl.js:233:9)
      at HTMLInputElementImpl.dispatchEvent 
(node_modules/jsdom/lib/jsdom/living/events/EventTarget-impl.js:104:17)
      at HTMLInputElement.dispatchEvent 
(node_modules/jsdom/lib/jsdom/living/generated/EventTarget.js:241:34)
      at 
node_modules/@testing-library/user-event/dist/cjs/event/dispatchEvent.js:45:43
      at Object.eventWrapper 
(node_modules/@testing-library/dom/dist/config.js:25:23)
      at Object.wrapEvent 
(node_modules/@testing-library/user-event/dist/cjs/event/wrapEvent.js:6:28)
      at Object.dispatchEvent (node_modules/@testing-library/user-event/dist/cj
s/event/dispatchEvent.js:45:22)
      at Object.dispatchUIEvent (node_modules/@testing-library/user-event/dist/
cjs/event/dispatchEvent.js:22:26)
      at commitInput 
(node_modules/@testing-library/user-event/dist/cjs/event/input.js:145:14)
      at editInputElement 
(node_modules/@testing-library/user-event/dist/cjs/event/input.js:115:9)
      at Object.input 
(node_modules/@testing-library/user-event/dist/cjs/event/input.js:37:9)
      at node_modules/@testing-library/user-event/dist/cjs/event/behavior/keypr
ess.js:31:26
      at Object.dispatchEvent (node_modules/@testing-library/user-event/dist/cj
s/event/dispatchEvent.js:41:13)
      at Object.dispatchUIEvent (node_modules/@testing-library/user-event/dist/
cjs/event/dispatchEvent.js:22:26)
      at KeyboardHost.keydown 
(node_modules/@testing-library/user-event/dist/cjs/system/keyboard.js:76:22)
      at keyboardAction 
(node_modules/@testing-library/user-event/dist/cjs/keyboard/index.js:22:35)
      at Object.keyboard 
(node_modules/@testing-library/user-event/dist/cjs/keyboard/index.js:11:15)
      at Object.type 
(node_modules/@testing-library/user-event/dist/cjs/utility/type.js:17:5)
      at Object.<anonymous> (src/reporting/__tests__/reports.test.tsx:671:9)

    console.error
      Warning: An update to ReportCreatePage inside a test was not wrapped in 
act(...).
      
      When testing, code that causes React state updates should be wrapped 
into act(...):
      
      act(() => {
        /* fire events that update state */
      });
      /* assert on the output */
      
      This ensures that you're testing the behavior the user would see in the 
browser. Learn more at https://reactjs.org/link/wrap-tests-with-act
          at ReportCreatePage (C:\Users\samhe\OneDrive\Desktop\Cleaned\frontend
\src\reporting\ReportCreatePage\ReportCreatePage.tsx:275:33)
          at routeContext (C:\Users\samhe\OneDrive\Desktop\Cleaned\frontend\nod
e_modules\react-router\lib\hooks.tsx:658:26)
          at children (C:\Users\samhe\OneDrive\Desktop\Cleaned\frontend\node_mo
dules\react-router\lib\components.tsx:512:3)
          at basenameProp (C:\Users\samhe\OneDrive\Desktop\Cleaned\frontend\nod
e_modules\react-router\lib\components.tsx:421:13)
          at basename (C:\Users\samhe\OneDrive\Desktop\Cleaned\frontend\node_mo
dules\react-router\lib\components.tsx:225:3)

      351 |
      352 |     function setField<K extends keyof 
CreateReportTemplateInput>(key: K, value: CreateReportTemplateInput[K]) {
    > 353 |         setForm((prev) => ({ ...prev, [key]: value }))
          |         ^
      354 |     }
      355 |
      356 |     // --- Two-panel field selection helpers ---

      at printWarning 
(node_modules/react-dom/cjs/react-dom.development.js:86:30)
      at error (node_modules/react-dom/cjs/react-dom.development.js:60:7)
      at warnIfUpdatesNotWrappedWithActDEV 
(node_modules/react-dom/cjs/react-dom.development.js:27628:9)
      at scheduleUpdateOnFiber 
(node_modules/react-dom/cjs/react-dom.development.js:25547:5)
      at dispatchSetState 
(node_modules/react-dom/cjs/react-dom.development.js:16708:7)
      at setField (src/reporting/ReportCreatePage/ReportCreatePage.tsx:353:9)
      at onChange (src/reporting/ReportCreatePage/ReportCreatePage.tsx:507:46)
      at HTMLUnknownElement.callCallback 
(node_modules/react-dom/cjs/react-dom.development.js:4164:14)
      at HTMLUnknownElement.callTheUserObjectsOperation 
(node_modules/jsdom/lib/jsdom/living/generated/EventListener.js:26:30)
      at innerInvokeEventListeners 
(node_modules/jsdom/lib/jsdom/living/events/EventTarget-impl.js:350:25)
      at invokeEventListeners 
(node_modules/jsdom/lib/jsdom/living/events/EventTarget-impl.js:286:3)
      at HTMLUnknownElementImpl._dispatch 
(node_modules/jsdom/lib/jsdom/living/events/EventTarget-impl.js:233:9)
      at HTMLUnknownElementImpl.dispatchEvent 
(node_modules/jsdom/lib/jsdom/living/events/EventTarget-impl.js:104:17)
      at HTMLUnknownElement.dispatchEvent 
(node_modules/jsdom/lib/jsdom/living/generated/EventTarget.js:241:34)
      at Object.invokeGuardedCallbackDev 
(node_modules/react-dom/cjs/react-dom.development.js:4213:16)
      at invokeGuardedCallback 
(node_modules/react-dom/cjs/react-dom.development.js:4277:31)
      at invokeGuardedCallbackAndCatchFirstError 
(node_modules/react-dom/cjs/react-dom.development.js:4291:25)
      at executeDispatch 
(node_modules/react-dom/cjs/react-dom.development.js:9041:3)
      at processDispatchQueueItemsInOrder 
(node_modules/react-dom/cjs/react-dom.development.js:9073:7)
      at processDispatchQueue 
(node_modules/react-dom/cjs/react-dom.development.js:9086:5)
      at dispatchEventsForPlugins 
(node_modules/react-dom/cjs/react-dom.development.js:9097:3)
      at node_modules/react-dom/cjs/react-dom.development.js:9288:12
      at batchedUpdates$1 
(node_modules/react-dom/cjs/react-dom.development.js:26179:12)
      at batchedUpdates 
(node_modules/react-dom/cjs/react-dom.development.js:3991:12)
      at dispatchEventForPluginEventSystem 
(node_modules/react-dom/cjs/react-dom.development.js:9287:3)
      at dispatchEventWithEnableCapturePhaseSelectiveHydrationWithoutDiscreteEv
entReplay (node_modules/react-dom/cjs/react-dom.development.js:6465:5)
      at dispatchEvent 
(node_modules/react-dom/cjs/react-dom.development.js:6457:5)
      at dispatchDiscreteEvent 
(node_modules/react-dom/cjs/react-dom.development.js:6430:5)
      at HTMLDivElement.callTheUserObjectsOperation 
(node_modules/jsdom/lib/jsdom/living/generated/EventListener.js:26:30)
      at innerInvokeEventListeners 
(node_modules/jsdom/lib/jsdom/living/events/EventTarget-impl.js:350:25)
      at invokeEventListeners 
(node_modules/jsdom/lib/jsdom/living/events/EventTarget-impl.js:286:3)
      at HTMLInputElementImpl._dispatch 
(node_modules/jsdom/lib/jsdom/living/events/EventTarget-impl.js:233:9)
      at HTMLInputElementImpl.dispatchEvent 
(node_modules/jsdom/lib/jsdom/living/events/EventTarget-impl.js:104:17)
      at HTMLInputElement.dispatchEvent 
(node_modules/jsdom/lib/jsdom/living/generated/EventTarget.js:241:34)
      at 
node_modules/@testing-library/user-event/dist/cjs/event/dispatchEvent.js:45:43
      at Object.eventWrapper 
(node_modules/@testing-library/dom/dist/config.js:25:23)
      at Object.wrapEvent 
(node_modules/@testing-library/user-event/dist/cjs/event/wrapEvent.js:6:28)
      at Object.dispatchEvent (node_modules/@testing-library/user-event/dist/cj
s/event/dispatchEvent.js:45:22)
      at Object.dispatchUIEvent (node_modules/@testing-library/user-event/dist/
cjs/event/dispatchEvent.js:22:26)
      at commitInput 
(node_modules/@testing-library/user-event/dist/cjs/event/input.js:145:14)
      at editInputElement 
(node_modules/@testing-library/user-event/dist/cjs/event/input.js:115:9)
      at Object.input 
(node_modules/@testing-library/user-event/dist/cjs/event/input.js:37:9)
      at node_modules/@testing-library/user-event/dist/cjs/event/behavior/keypr
ess.js:31:26
      at Object.dispatchEvent (node_modules/@testing-library/user-event/dist/cj
s/event/dispatchEvent.js:41:13)
      at Object.dispatchUIEvent (node_modules/@testing-library/user-event/dist/
cjs/event/dispatchEvent.js:22:26)
      at KeyboardHost.keydown 
(node_modules/@testing-library/user-event/dist/cjs/system/keyboard.js:76:22)
      at keyboardAction 
(node_modules/@testing-library/user-event/dist/cjs/keyboard/index.js:22:35)
      at Object.keyboard 
(node_modules/@testing-library/user-event/dist/cjs/keyboard/index.js:11:15)
      at Object.type 
(node_modules/@testing-library/user-event/dist/cjs/utility/type.js:17:5)
      at Object.<anonymous> (src/reporting/__tests__/reports.test.tsx:671:9)

    console.error
      Warning: An update to ReportCreatePage inside a test was not wrapped in 
act(...).
      
      When testing, code that causes React state updates should be wrapped 
into act(...):
      
      act(() => {
        /* fire events that update state */
      });
      /* assert on the output */
      
      This ensures that you're testing the behavior the user would see in the 
browser. Learn more at https://reactjs.org/link/wrap-tests-with-act
          at ReportCreatePage (C:\Users\samhe\OneDrive\Desktop\Cleaned\frontend
\src\reporting\ReportCreatePage\ReportCreatePage.tsx:275:33)
          at routeContext (C:\Users\samhe\OneDrive\Desktop\Cleaned\frontend\nod
e_modules\react-router\lib\hooks.tsx:658:26)
          at children (C:\Users\samhe\OneDrive\Desktop\Cleaned\frontend\node_mo
dules\react-router\lib\components.tsx:512:3)
          at basenameProp (C:\Users\samhe\OneDrive\Desktop\Cleaned\frontend\nod
e_modules\react-router\lib\components.tsx:421:13)
          at basename (C:\Users\samhe\OneDrive\Desktop\Cleaned\frontend\node_mo
dules\react-router\lib\components.tsx:225:3)

      351 |
      352 |     function setField<K extends keyof 
CreateReportTemplateInput>(key: K, value: CreateReportTemplateInput[K]) {
    > 353 |         setForm((prev) => ({ ...prev, [key]: value }))
          |         ^
      354 |     }
      355 |
      356 |     // --- Two-panel field selection helpers ---

      at printWarning 
(node_modules/react-dom/cjs/react-dom.development.js:86:30)
      at error (node_modules/react-dom/cjs/react-dom.development.js:60:7)
      at warnIfUpdatesNotWrappedWithActDEV 
(node_modules/react-dom/cjs/react-dom.development.js:27628:9)
      at scheduleUpdateOnFiber 
(node_modules/react-dom/cjs/react-dom.development.js:25547:5)
      at dispatchSetState 
(node_modules/react-dom/cjs/react-dom.development.js:16708:7)
      at setField (src/reporting/ReportCreatePage/ReportCreatePage.tsx:353:9)
      at onChange (src/reporting/ReportCreatePage/ReportCreatePage.tsx:507:46)
      at HTMLUnknownElement.callCallback 
(node_modules/react-dom/cjs/react-dom.development.js:4164:14)
      at HTMLUnknownElement.callTheUserObjectsOperation 
(node_modules/jsdom/lib/jsdom/living/generated/EventListener.js:26:30)
      at innerInvokeEventListeners 
(node_modules/jsdom/lib/jsdom/living/events/EventTarget-impl.js:350:25)
      at invokeEventListeners 
(node_modules/jsdom/lib/jsdom/living/events/EventTarget-impl.js:286:3)
      at HTMLUnknownElementImpl._dispatch 
(node_modules/jsdom/lib/jsdom/living/events/EventTarget-impl.js:233:9)
      at HTMLUnknownElementImpl.dispatchEvent 
(node_modules/jsdom/lib/jsdom/living/events/EventTarget-impl.js:104:17)
      at HTMLUnknownElement.dispatchEvent 
(node_modules/jsdom/lib/jsdom/living/generated/EventTarget.js:241:34)
      at Object.invokeGuardedCallbackDev 
(node_modules/react-dom/cjs/react-dom.development.js:4213:16)
      at invokeGuardedCallback 
(node_modules/react-dom/cjs/react-dom.development.js:4277:31)
      at invokeGuardedCallbackAndCatchFirstError 
(node_modules/react-dom/cjs/react-dom.development.js:4291:25)
      at executeDispatch 
(node_modules/react-dom/cjs/react-dom.development.js:9041:3)
      at processDispatchQueueItemsInOrder 
(node_modules/react-dom/cjs/react-dom.development.js:9073:7)
      at processDispatchQueue 
(node_modules/react-dom/cjs/react-dom.development.js:9086:5)
      at dispatchEventsForPlugins 
(node_modules/react-dom/cjs/react-dom.development.js:9097:3)
      at node_modules/react-dom/cjs/react-dom.development.js:9288:12
      at batchedUpdates$1 
(node_modules/react-dom/cjs/react-dom.development.js:26179:12)
      at batchedUpdates 
(node_modules/react-dom/cjs/react-dom.development.js:3991:12)
      at dispatchEventForPluginEventSystem 
(node_modules/react-dom/cjs/react-dom.development.js:9287:3)
      at dispatchEventWithEnableCapturePhaseSelectiveHydrationWithoutDiscreteEv
entReplay (node_modules/react-dom/cjs/react-dom.development.js:6465:5)
      at dispatchEvent 
(node_modules/react-dom/cjs/react-dom.development.js:6457:5)
      at dispatchDiscreteEvent 
(node_modules/react-dom/cjs/react-dom.development.js:6430:5)
      at HTMLDivElement.callTheUserObjectsOperation 
(node_modules/jsdom/lib/jsdom/living/generated/EventListener.js:26:30)
      at innerInvokeEventListeners 
(node_modules/jsdom/lib/jsdom/living/events/EventTarget-impl.js:350:25)
      at invokeEventListeners 
(node_modules/jsdom/lib/jsdom/living/events/EventTarget-impl.js:286:3)
      at HTMLInputElementImpl._dispatch 
(node_modules/jsdom/lib/jsdom/living/events/EventTarget-impl.js:233:9)
      at HTMLInputElementImpl.dispatchEvent 
(node_modules/jsdom/lib/jsdom/living/events/EventTarget-impl.js:104:17)
      at HTMLInputElement.dispatchEvent 
(node_modules/jsdom/lib/jsdom/living/generated/EventTarget.js:241:34)
      at 
node_modules/@testing-library/user-event/dist/cjs/event/dispatchEvent.js:45:43
      at Object.eventWrapper 
(node_modules/@testing-library/dom/dist/config.js:25:23)
      at Object.wrapEvent 
(node_modules/@testing-library/user-event/dist/cjs/event/wrapEvent.js:6:28)
      at Object.dispatchEvent (node_modules/@testing-library/user-event/dist/cj
s/event/dispatchEvent.js:45:22)
      at Object.dispatchUIEvent (node_modules/@testing-library/user-event/dist/
cjs/event/dispatchEvent.js:22:26)
      at commitInput 
(node_modules/@testing-library/user-event/dist/cjs/event/input.js:145:14)
      at editInputElement 
(node_modules/@testing-library/user-event/dist/cjs/event/input.js:115:9)
      at Object.input 
(node_modules/@testing-library/user-event/dist/cjs/event/input.js:37:9)
      at node_modules/@testing-library/user-event/dist/cjs/event/behavior/keypr
ess.js:31:26
      at Object.dispatchEvent (node_modules/@testing-library/user-event/dist/cj
s/event/dispatchEvent.js:41:13)
      at Object.dispatchUIEvent (node_modules/@testing-library/user-event/dist/
cjs/event/dispatchEvent.js:22:26)
      at KeyboardHost.keydown 
(node_modules/@testing-library/user-event/dist/cjs/system/keyboard.js:76:22)
      at keyboardAction 
(node_modules/@testing-library/user-event/dist/cjs/keyboard/index.js:22:35)
      at Object.keyboard 
(node_modules/@testing-library/user-event/dist/cjs/keyboard/index.js:11:15)
      at Object.type 
(node_modules/@testing-library/user-event/dist/cjs/utility/type.js:17:5)
      at Object.<anonymous> (src/reporting/__tests__/reports.test.tsx:671:9)

    console.error
      Warning: An update to ReportCreatePage inside a test was not wrapped in 
act(...).
      
      When testing, code that causes React state updates should be wrapped 
into act(...):
      
      act(() => {
        /* fire events that update state */
      });
      /* assert on the output */
      
      This ensures that you're testing the behavior the user would see in the 
browser. Learn more at https://reactjs.org/link/wrap-tests-with-act
          at ReportCreatePage (C:\Users\samhe\OneDrive\Desktop\Cleaned\frontend
\src\reporting\ReportCreatePage\ReportCreatePage.tsx:275:33)
          at routeContext (C:\Users\samhe\OneDrive\Desktop\Cleaned\frontend\nod
e_modules\react-router\lib\hooks.tsx:658:26)
          at children (C:\Users\samhe\OneDrive\Desktop\Cleaned\frontend\node_mo
dules\react-router\lib\components.tsx:512:3)
          at basenameProp (C:\Users\samhe\OneDrive\Desktop\Cleaned\frontend\nod
e_modules\react-router\lib\components.tsx:421:13)
          at basename (C:\Users\samhe\OneDrive\Desktop\Cleaned\frontend\node_mo
dules\react-router\lib\components.tsx:225:3)

      351 |
      352 |     function setField<K extends keyof 
CreateReportTemplateInput>(key: K, value: CreateReportTemplateInput[K]) {
    > 353 |         setForm((prev) => ({ ...prev, [key]: value }))
          |         ^
      354 |     }
      355 |
      356 |     // --- Two-panel field selection helpers ---

      at printWarning 
(node_modules/react-dom/cjs/react-dom.development.js:86:30)
      at error (node_modules/react-dom/cjs/react-dom.development.js:60:7)
      at warnIfUpdatesNotWrappedWithActDEV 
(node_modules/react-dom/cjs/react-dom.development.js:27628:9)
      at scheduleUpdateOnFiber 
(node_modules/react-dom/cjs/react-dom.development.js:25547:5)
      at dispatchSetState 
(node_modules/react-dom/cjs/react-dom.development.js:16708:7)
      at setField (src/reporting/ReportCreatePage/ReportCreatePage.tsx:353:9)
      at onChange (src/reporting/ReportCreatePage/ReportCreatePage.tsx:507:46)
      at HTMLUnknownElement.callCallback 
(node_modules/react-dom/cjs/react-dom.development.js:4164:14)
      at HTMLUnknownElement.callTheUserObjectsOperation 
(node_modules/jsdom/lib/jsdom/living/generated/EventListener.js:26:30)
      at innerInvokeEventListeners 
(node_modules/jsdom/lib/jsdom/living/events/EventTarget-impl.js:350:25)
      at invokeEventListeners 
(node_modules/jsdom/lib/jsdom/living/events/EventTarget-impl.js:286:3)
      at HTMLUnknownElementImpl._dispatch 
(node_modules/jsdom/lib/jsdom/living/events/EventTarget-impl.js:233:9)
      at HTMLUnknownElementImpl.dispatchEvent 
(node_modules/jsdom/lib/jsdom/living/events/EventTarget-impl.js:104:17)
      at HTMLUnknownElement.dispatchEvent 
(node_modules/jsdom/lib/jsdom/living/generated/EventTarget.js:241:34)
      at Object.invokeGuardedCallbackDev 
(node_modules/react-dom/cjs/react-dom.development.js:4213:16)
      at invokeGuardedCallback 
(node_modules/react-dom/cjs/react-dom.development.js:4277:31)
      at invokeGuardedCallbackAndCatchFirstError 
(node_modules/react-dom/cjs/react-dom.development.js:4291:25)
      at executeDispatch 
(node_modules/react-dom/cjs/react-dom.development.js:9041:3)
      at processDispatchQueueItemsInOrder 
(node_modules/react-dom/cjs/react-dom.development.js:9073:7)
      at processDispatchQueue 
(node_modules/react-dom/cjs/react-dom.development.js:9086:5)
      at dispatchEventsForPlugins 
(node_modules/react-dom/cjs/react-dom.development.js:9097:3)
      at node_modules/react-dom/cjs/react-dom.development.js:9288:12
      at batchedUpdates$1 
(node_modules/react-dom/cjs/react-dom.development.js:26179:12)
      at batchedUpdates 
(node_modules/react-dom/cjs/react-dom.development.js:3991:12)
      at dispatchEventForPluginEventSystem 
(node_modules/react-dom/cjs/react-dom.development.js:9287:3)
      at dispatchEventWithEnableCapturePhaseSelectiveHydrationWithoutDiscreteEv
entReplay (node_modules/react-dom/cjs/react-dom.development.js:6465:5)
      at dispatchEvent 
(node_modules/react-dom/cjs/react-dom.development.js:6457:5)
      at dispatchDiscreteEvent 
(node_modules/react-dom/cjs/react-dom.development.js:6430:5)
      at HTMLDivElement.callTheUserObjectsOperation 
(node_modules/jsdom/lib/jsdom/living/generated/EventListener.js:26:30)
      at innerInvokeEventListeners 
(node_modules/jsdom/lib/jsdom/living/events/EventTarget-impl.js:350:25)
      at invokeEventListeners 
(node_modules/jsdom/lib/jsdom/living/events/EventTarget-impl.js:286:3)
      at HTMLInputElementImpl._dispatch 
(node_modules/jsdom/lib/jsdom/living/events/EventTarget-impl.js:233:9)
      at HTMLInputElementImpl.dispatchEvent 
(node_modules/jsdom/lib/jsdom/living/events/EventTarget-impl.js:104:17)
      at HTMLInputElement.dispatchEvent 
(node_modules/jsdom/lib/jsdom/living/generated/EventTarget.js:241:34)
      at 
node_modules/@testing-library/user-event/dist/cjs/event/dispatchEvent.js:45:43
      at Object.eventWrapper 
(node_modules/@testing-library/dom/dist/config.js:25:23)
      at Object.wrapEvent 
(node_modules/@testing-library/user-event/dist/cjs/event/wrapEvent.js:6:28)
      at Object.dispatchEvent (node_modules/@testing-library/user-event/dist/cj
s/event/dispatchEvent.js:45:22)
      at Object.dispatchUIEvent (node_modules/@testing-library/user-event/dist/
cjs/event/dispatchEvent.js:22:26)
      at commitInput 
(node_modules/@testing-library/user-event/dist/cjs/event/input.js:145:14)
      at editInputElement 
(node_modules/@testing-library/user-event/dist/cjs/event/input.js:115:9)
      at Object.input 
(node_modules/@testing-library/user-event/dist/cjs/event/input.js:37:9)
      at node_modules/@testing-library/user-event/dist/cjs/event/behavior/keypr
ess.js:31:26
      at Object.dispatchEvent (node_modules/@testing-library/user-event/dist/cj
s/event/dispatchEvent.js:41:13)
      at Object.dispatchUIEvent (node_modules/@testing-library/user-event/dist/
cjs/event/dispatchEvent.js:22:26)
      at KeyboardHost.keydown 
(node_modules/@testing-library/user-event/dist/cjs/system/keyboard.js:76:22)
      at keyboardAction 
(node_modules/@testing-library/user-event/dist/cjs/keyboard/index.js:22:35)
      at Object.keyboard 
(node_modules/@testing-library/user-event/dist/cjs/keyboard/index.js:11:15)
      at Object.type 
(node_modules/@testing-library/user-event/dist/cjs/utility/type.js:17:5)
      at Object.<anonymous> (src/reporting/__tests__/reports.test.tsx:671:9)

    console.error
      Warning: An update to ReportCreatePage inside a test was not wrapped in 
act(...).
      
      When testing, code that causes React state updates should be wrapped 
into act(...):
      
      act(() => {
        /* fire events that update state */
      });
      /* assert on the output */
      
      This ensures that you're testing the behavior the user would see in the 
browser. Learn more at https://reactjs.org/link/wrap-tests-with-act
          at ReportCreatePage (C:\Users\samhe\OneDrive\Desktop\Cleaned\frontend
\src\reporting\ReportCreatePage\ReportCreatePage.tsx:275:33)
          at routeContext (C:\Users\samhe\OneDrive\Desktop\Cleaned\frontend\nod
e_modules\react-router\lib\hooks.tsx:658:26)
          at children (C:\Users\samhe\OneDrive\Desktop\Cleaned\frontend\node_mo
dules\react-router\lib\components.tsx:512:3)
          at basenameProp (C:\Users\samhe\OneDrive\Desktop\Cleaned\frontend\nod
e_modules\react-router\lib\components.tsx:421:13)
          at basename (C:\Users\samhe\OneDrive\Desktop\Cleaned\frontend\node_mo
dules\react-router\lib\components.tsx:225:3)

      351 |
      352 |     function setField<K extends keyof 
CreateReportTemplateInput>(key: K, value: CreateReportTemplateInput[K]) {
    > 353 |         setForm((prev) => ({ ...prev, [key]: value }))
          |         ^
      354 |     }
      355 |
      356 |     // --- Two-panel field selection helpers ---

      at printWarning 
(node_modules/react-dom/cjs/react-dom.development.js:86:30)
      at error (node_modules/react-dom/cjs/react-dom.development.js:60:7)
      at warnIfUpdatesNotWrappedWithActDEV 
(node_modules/react-dom/cjs/react-dom.development.js:27628:9)
      at scheduleUpdateOnFiber 
(node_modules/react-dom/cjs/react-dom.development.js:25547:5)
      at dispatchSetState 
(node_modules/react-dom/cjs/react-dom.development.js:16708:7)
      at setField (src/reporting/ReportCreatePage/ReportCreatePage.tsx:353:9)
      at onChange (src/reporting/ReportCreatePage/ReportCreatePage.tsx:507:46)
      at HTMLUnknownElement.callCallback 
(node_modules/react-dom/cjs/react-dom.development.js:4164:14)
      at HTMLUnknownElement.callTheUserObjectsOperation 
(node_modules/jsdom/lib/jsdom/living/generated/EventListener.js:26:30)
      at innerInvokeEventListeners 
(node_modules/jsdom/lib/jsdom/living/events/EventTarget-impl.js:350:25)
      at invokeEventListeners 
(node_modules/jsdom/lib/jsdom/living/events/EventTarget-impl.js:286:3)
      at HTMLUnknownElementImpl._dispatch 
(node_modules/jsdom/lib/jsdom/living/events/EventTarget-impl.js:233:9)
      at HTMLUnknownElementImpl.dispatchEvent 
(node_modules/jsdom/lib/jsdom/living/events/EventTarget-impl.js:104:17)
      at HTMLUnknownElement.dispatchEvent 
(node_modules/jsdom/lib/jsdom/living/generated/EventTarget.js:241:34)
      at Object.invokeGuardedCallbackDev 
(node_modules/react-dom/cjs/react-dom.development.js:4213:16)
      at invokeGuardedCallback 
(node_modules/react-dom/cjs/react-dom.development.js:4277:31)
      at invokeGuardedCallbackAndCatchFirstError 
(node_modules/react-dom/cjs/react-dom.development.js:4291:25)
      at executeDispatch 
(node_modules/react-dom/cjs/react-dom.development.js:9041:3)
      at processDispatchQueueItemsInOrder 
(node_modules/react-dom/cjs/react-dom.development.js:9073:7)
      at processDispatchQueue 
(node_modules/react-dom/cjs/react-dom.development.js:9086:5)
      at dispatchEventsForPlugins 
(node_modules/react-dom/cjs/react-dom.development.js:9097:3)
      at node_modules/react-dom/cjs/react-dom.development.js:9288:12
      at batchedUpdates$1 
(node_modules/react-dom/cjs/react-dom.development.js:26179:12)
      at batchedUpdates 
(node_modules/react-dom/cjs/react-dom.development.js:3991:12)
      at dispatchEventForPluginEventSystem 
(node_modules/react-dom/cjs/react-dom.development.js:9287:3)
      at dispatchEventWithEnableCapturePhaseSelectiveHydrationWithoutDiscreteEv
entReplay (node_modules/react-dom/cjs/react-dom.development.js:6465:5)
      at dispatchEvent 
(node_modules/react-dom/cjs/react-dom.development.js:6457:5)
      at dispatchDiscreteEvent 
(node_modules/react-dom/cjs/react-dom.development.js:6430:5)
      at HTMLDivElement.callTheUserObjectsOperation 
(node_modules/jsdom/lib/jsdom/living/generated/EventListener.js:26:30)
      at innerInvokeEventListeners 
(node_modules/jsdom/lib/jsdom/living/events/EventTarget-impl.js:350:25)
      at invokeEventListeners 
(node_modules/jsdom/lib/jsdom/living/events/EventTarget-impl.js:286:3)
      at HTMLInputElementImpl._dispatch 
(node_modules/jsdom/lib/jsdom/living/events/EventTarget-impl.js:233:9)
      at HTMLInputElementImpl.dispatchEvent 
(node_modules/jsdom/lib/jsdom/living/events/EventTarget-impl.js:104:17)
      at HTMLInputElement.dispatchEvent 
(node_modules/jsdom/lib/jsdom/living/generated/EventTarget.js:241:34)
      at 
node_modules/@testing-library/user-event/dist/cjs/event/dispatchEvent.js:45:43
      at Object.eventWrapper 
(node_modules/@testing-library/dom/dist/config.js:25:23)
      at Object.wrapEvent 
(node_modules/@testing-library/user-event/dist/cjs/event/wrapEvent.js:6:28)
      at Object.dispatchEvent (node_modules/@testing-library/user-event/dist/cj
s/event/dispatchEvent.js:45:22)
      at Object.dispatchUIEvent (node_modules/@testing-library/user-event/dist/
cjs/event/dispatchEvent.js:22:26)
      at commitInput 
(node_modules/@testing-library/user-event/dist/cjs/event/input.js:145:14)
      at editInputElement 
(node_modules/@testing-library/user-event/dist/cjs/event/input.js:115:9)
      at Object.input 
(node_modules/@testing-library/user-event/dist/cjs/event/input.js:37:9)
      at node_modules/@testing-library/user-event/dist/cjs/event/behavior/keypr
ess.js:31:26
      at Object.dispatchEvent (node_modules/@testing-library/user-event/dist/cj
s/event/dispatchEvent.js:41:13)
      at Object.dispatchUIEvent (node_modules/@testing-library/user-event/dist/
cjs/event/dispatchEvent.js:22:26)
      at KeyboardHost.keydown 
(node_modules/@testing-library/user-event/dist/cjs/system/keyboard.js:76:22)
      at keyboardAction 
(node_modules/@testing-library/user-event/dist/cjs/keyboard/index.js:22:35)
      at Object.keyboard 
(node_modules/@testing-library/user-event/dist/cjs/keyboard/index.js:11:15)
      at Object.type 
(node_modules/@testing-library/user-event/dist/cjs/utility/type.js:17:5)
      at Object.<anonymous> (src/reporting/__tests__/reports.test.tsx:671:9)

    console.error
      Warning: An update to ReportCreatePage inside a test was not wrapped in 
act(...).
      
      When testing, code that causes React state updates should be wrapped 
into act(...):
      
      act(() => {
        /* fire events that update state */
      });
      /* assert on the output */
      
      This ensures that you're testing the behavior the user would see in the 
browser. Learn more at https://reactjs.org/link/wrap-tests-with-act
          at ReportCreatePage (C:\Users\samhe\OneDrive\Desktop\Cleaned\frontend
\src\reporting\ReportCreatePage\ReportCreatePage.tsx:275:33)
          at routeContext (C:\Users\samhe\OneDrive\Desktop\Cleaned\frontend\nod
e_modules\react-router\lib\hooks.tsx:658:26)
          at children (C:\Users\samhe\OneDrive\Desktop\Cleaned\frontend\node_mo
dules\react-router\lib\components.tsx:512:3)
          at basenameProp (C:\Users\samhe\OneDrive\Desktop\Cleaned\frontend\nod
e_modules\react-router\lib\components.tsx:421:13)
          at basename (C:\Users\samhe\OneDrive\Desktop\Cleaned\frontend\node_mo
dules\react-router\lib\components.tsx:225:3)

      351 |
      352 |     function setField<K extends keyof 
CreateReportTemplateInput>(key: K, value: CreateReportTemplateInput[K]) {
    > 353 |         setForm((prev) => ({ ...prev, [key]: value }))
          |         ^
      354 |     }
      355 |
      356 |     // --- Two-panel field selection helpers ---

      at printWarning 
(node_modules/react-dom/cjs/react-dom.development.js:86:30)
      at error (node_modules/react-dom/cjs/react-dom.development.js:60:7)
      at warnIfUpdatesNotWrappedWithActDEV 
(node_modules/react-dom/cjs/react-dom.development.js:27628:9)
      at scheduleUpdateOnFiber 
(node_modules/react-dom/cjs/react-dom.development.js:25547:5)
      at dispatchSetState 
(node_modules/react-dom/cjs/react-dom.development.js:16708:7)
      at setField (src/reporting/ReportCreatePage/ReportCreatePage.tsx:353:9)
      at onChange (src/reporting/ReportCreatePage/ReportCreatePage.tsx:507:46)
      at HTMLUnknownElement.callCallback 
(node_modules/react-dom/cjs/react-dom.development.js:4164:14)
      at HTMLUnknownElement.callTheUserObjectsOperation 
(node_modules/jsdom/lib/jsdom/living/generated/EventListener.js:26:30)
      at innerInvokeEventListeners 
(node_modules/jsdom/lib/jsdom/living/events/EventTarget-impl.js:350:25)
      at invokeEventListeners 
(node_modules/jsdom/lib/jsdom/living/events/EventTarget-impl.js:286:3)
      at HTMLUnknownElementImpl._dispatch 
(node_modules/jsdom/lib/jsdom/living/events/EventTarget-impl.js:233:9)
      at HTMLUnknownElementImpl.dispatchEvent 
(node_modules/jsdom/lib/jsdom/living/events/EventTarget-impl.js:104:17)
      at HTMLUnknownElement.dispatchEvent 
(node_modules/jsdom/lib/jsdom/living/generated/EventTarget.js:241:34)
      at Object.invokeGuardedCallbackDev 
(node_modules/react-dom/cjs/react-dom.development.js:4213:16)
      at invokeGuardedCallback 
(node_modules/react-dom/cjs/react-dom.development.js:4277:31)
      at invokeGuardedCallbackAndCatchFirstError 
(node_modules/react-dom/cjs/react-dom.development.js:4291:25)
      at executeDispatch 
(node_modules/react-dom/cjs/react-dom.development.js:9041:3)
      at processDispatchQueueItemsInOrder 
(node_modules/react-dom/cjs/react-dom.development.js:9073:7)
      at processDispatchQueue 
(node_modules/react-dom/cjs/react-dom.development.js:9086:5)
      at dispatchEventsForPlugins 
(node_modules/react-dom/cjs/react-dom.development.js:9097:3)
      at node_modules/react-dom/cjs/react-dom.development.js:9288:12
      at batchedUpdates$1 
(node_modules/react-dom/cjs/react-dom.development.js:26179:12)
      at batchedUpdates 
(node_modules/react-dom/cjs/react-dom.development.js:3991:12)
      at dispatchEventForPluginEventSystem 
(node_modules/react-dom/cjs/react-dom.development.js:9287:3)
      at dispatchEventWithEnableCapturePhaseSelectiveHydrationWithoutDiscreteEv
entReplay (node_modules/react-dom/cjs/react-dom.development.js:6465:5)
      at dispatchEvent 
(node_modules/react-dom/cjs/react-dom.development.js:6457:5)
      at dispatchDiscreteEvent 
(node_modules/react-dom/cjs/react-dom.development.js:6430:5)
      at HTMLDivElement.callTheUserObjectsOperation 
(node_modules/jsdom/lib/jsdom/living/generated/EventListener.js:26:30)
      at innerInvokeEventListeners 
(node_modules/jsdom/lib/jsdom/living/events/EventTarget-impl.js:350:25)
      at invokeEventListeners 
(node_modules/jsdom/lib/jsdom/living/events/EventTarget-impl.js:286:3)
      at HTMLInputElementImpl._dispatch 
(node_modules/jsdom/lib/jsdom/living/events/EventTarget-impl.js:233:9)
      at HTMLInputElementImpl.dispatchEvent 
(node_modules/jsdom/lib/jsdom/living/events/EventTarget-impl.js:104:17)
      at HTMLInputElement.dispatchEvent 
(node_modules/jsdom/lib/jsdom/living/generated/EventTarget.js:241:34)
      at 
node_modules/@testing-library/user-event/dist/cjs/event/dispatchEvent.js:45:43
      at Object.eventWrapper 
(node_modules/@testing-library/dom/dist/config.js:25:23)
      at Object.wrapEvent 
(node_modules/@testing-library/user-event/dist/cjs/event/wrapEvent.js:6:28)
      at Object.dispatchEvent (node_modules/@testing-library/user-event/dist/cj
s/event/dispatchEvent.js:45:22)
      at Object.dispatchUIEvent (node_modules/@testing-library/user-event/dist/
cjs/event/dispatchEvent.js:22:26)
      at commitInput 
(node_modules/@testing-library/user-event/dist/cjs/event/input.js:145:14)
      at editInputElement 
(node_modules/@testing-library/user-event/dist/cjs/event/input.js:115:9)
      at Object.input 
(node_modules/@testing-library/user-event/dist/cjs/event/input.js:37:9)
      at node_modules/@testing-library/user-event/dist/cjs/event/behavior/keypr
ess.js:31:26
      at Object.dispatchEvent (node_modules/@testing-library/user-event/dist/cj
s/event/dispatchEvent.js:41:13)
      at Object.dispatchUIEvent (node_modules/@testing-library/user-event/dist/
cjs/event/dispatchEvent.js:22:26)
      at KeyboardHost.keydown 
(node_modules/@testing-library/user-event/dist/cjs/system/keyboard.js:76:22)
      at keyboardAction 
(node_modules/@testing-library/user-event/dist/cjs/keyboard/index.js:22:35)
      at Object.keyboard 
(node_modules/@testing-library/user-event/dist/cjs/keyboard/index.js:11:15)
      at Object.type 
(node_modules/@testing-library/user-event/dist/cjs/utility/type.js:17:5)
      at Object.<anonymous> (src/reporting/__tests__/reports.test.tsx:671:9)

    console.error
      Warning: An update to ReportCreatePage inside a test was not wrapped in 
act(...).
      
      When testing, code that causes React state updates should be wrapped 
into act(...):
      
      act(() => {
        /* fire events that update state */
      });
      /* assert on the output */
      
      This ensures that you're testing the behavior the user would see in the 
browser. Learn more at https://reactjs.org/link/wrap-tests-with-act
          at ReportCreatePage (C:\Users\samhe\OneDrive\Desktop\Cleaned\frontend
\src\reporting\ReportCreatePage\ReportCreatePage.tsx:275:33)
          at routeContext (C:\Users\samhe\OneDrive\Desktop\Cleaned\frontend\nod
e_modules\react-router\lib\hooks.tsx:658:26)
          at children (C:\Users\samhe\OneDrive\Desktop\Cleaned\frontend\node_mo
dules\react-router\lib\components.tsx:512:3)
          at basenameProp (C:\Users\samhe\OneDrive\Desktop\Cleaned\frontend\nod
e_modules\react-router\lib\components.tsx:421:13)
          at basename (C:\Users\samhe\OneDrive\Desktop\Cleaned\frontend\node_mo
dules\react-router\lib\components.tsx:225:3)

      351 |
      352 |     function setField<K extends keyof 
CreateReportTemplateInput>(key: K, value: CreateReportTemplateInput[K]) {
    > 353 |         setForm((prev) => ({ ...prev, [key]: value }))
          |         ^
      354 |     }
      355 |
      356 |     // --- Two-panel field selection helpers ---

      at printWarning 
(node_modules/react-dom/cjs/react-dom.development.js:86:30)
      at error (node_modules/react-dom/cjs/react-dom.development.js:60:7)
      at warnIfUpdatesNotWrappedWithActDEV 
(node_modules/react-dom/cjs/react-dom.development.js:27628:9)
      at scheduleUpdateOnFiber 
(node_modules/react-dom/cjs/react-dom.development.js:25547:5)
      at dispatchSetState 
(node_modules/react-dom/cjs/react-dom.development.js:16708:7)
      at setField (src/reporting/ReportCreatePage/ReportCreatePage.tsx:353:9)
      at onChange (src/reporting/ReportCreatePage/ReportCreatePage.tsx:507:46)
      at HTMLUnknownElement.callCallback 
(node_modules/react-dom/cjs/react-dom.development.js:4164:14)
      at HTMLUnknownElement.callTheUserObjectsOperation 
(node_modules/jsdom/lib/jsdom/living/generated/EventListener.js:26:30)
      at innerInvokeEventListeners 
(node_modules/jsdom/lib/jsdom/living/events/EventTarget-impl.js:350:25)
      at invokeEventListeners 
(node_modules/jsdom/lib/jsdom/living/events/EventTarget-impl.js:286:3)
      at HTMLUnknownElementImpl._dispatch 
(node_modules/jsdom/lib/jsdom/living/events/EventTarget-impl.js:233:9)
      at HTMLUnknownElementImpl.dispatchEvent 
(node_modules/jsdom/lib/jsdom/living/events/EventTarget-impl.js:104:17)
      at HTMLUnknownElement.dispatchEvent 
(node_modules/jsdom/lib/jsdom/living/generated/EventTarget.js:241:34)
      at Object.invokeGuardedCallbackDev 
(node_modules/react-dom/cjs/react-dom.development.js:4213:16)
      at invokeGuardedCallback 
(node_modules/react-dom/cjs/react-dom.development.js:4277:31)
      at invokeGuardedCallbackAndCatchFirstError 
(node_modules/react-dom/cjs/react-dom.development.js:4291:25)
      at executeDispatch 
(node_modules/react-dom/cjs/react-dom.development.js:9041:3)
      at processDispatchQueueItemsInOrder 
(node_modules/react-dom/cjs/react-dom.development.js:9073:7)
      at processDispatchQueue 
(node_modules/react-dom/cjs/react-dom.development.js:9086:5)
      at dispatchEventsForPlugins 
(node_modules/react-dom/cjs/react-dom.development.js:9097:3)
      at node_modules/react-dom/cjs/react-dom.development.js:9288:12
      at batchedUpdates$1 
(node_modules/react-dom/cjs/react-dom.development.js:26179:12)
      at batchedUpdates 
(node_modules/react-dom/cjs/react-dom.development.js:3991:12)
      at dispatchEventForPluginEventSystem 
(node_modules/react-dom/cjs/react-dom.development.js:9287:3)
      at dispatchEventWithEnableCapturePhaseSelectiveHydrationWithoutDiscreteEv
entReplay (node_modules/react-dom/cjs/react-dom.development.js:6465:5)
      at dispatchEvent 
(node_modules/react-dom/cjs/react-dom.development.js:6457:5)
      at dispatchDiscreteEvent 
(node_modules/react-dom/cjs/react-dom.development.js:6430:5)
      at HTMLDivElement.callTheUserObjectsOperation 
(node_modules/jsdom/lib/jsdom/living/generated/EventListener.js:26:30)
      at innerInvokeEventListeners 
(node_modules/jsdom/lib/jsdom/living/events/EventTarget-impl.js:350:25)
      at invokeEventListeners 
(node_modules/jsdom/lib/jsdom/living/events/EventTarget-impl.js:286:3)
      at HTMLInputElementImpl._dispatch 
(node_modules/jsdom/lib/jsdom/living/events/EventTarget-impl.js:233:9)
      at HTMLInputElementImpl.dispatchEvent 
(node_modules/jsdom/lib/jsdom/living/events/EventTarget-impl.js:104:17)
      at HTMLInputElement.dispatchEvent 
(node_modules/jsdom/lib/jsdom/living/generated/EventTarget.js:241:34)
      at 
node_modules/@testing-library/user-event/dist/cjs/event/dispatchEvent.js:45:43
      at Object.eventWrapper 
(node_modules/@testing-library/dom/dist/config.js:25:23)
      at Object.wrapEvent 
(node_modules/@testing-library/user-event/dist/cjs/event/wrapEvent.js:6:28)
      at Object.dispatchEvent (node_modules/@testing-library/user-event/dist/cj
s/event/dispatchEvent.js:45:22)
      at Object.dispatchUIEvent (node_modules/@testing-library/user-event/dist/
cjs/event/dispatchEvent.js:22:26)
      at commitInput 
(node_modules/@testing-library/user-event/dist/cjs/event/input.js:145:14)
      at editInputElement 
(node_modules/@testing-library/user-event/dist/cjs/event/input.js:115:9)
      at Object.input 
(node_modules/@testing-library/user-event/dist/cjs/event/input.js:37:9)
      at node_modules/@testing-library/user-event/dist/cjs/event/behavior/keypr
ess.js:31:26
      at Object.dispatchEvent (node_modules/@testing-library/user-event/dist/cj
s/event/dispatchEvent.js:41:13)
      at Object.dispatchUIEvent (node_modules/@testing-library/user-event/dist/
cjs/event/dispatchEvent.js:22:26)
      at KeyboardHost.keydown 
(node_modules/@testing-library/user-event/dist/cjs/system/keyboard.js:76:22)
      at keyboardAction 
(node_modules/@testing-library/user-event/dist/cjs/keyboard/index.js:22:35)
      at Object.keyboard 
(node_modules/@testing-library/user-event/dist/cjs/keyboard/index.js:11:15)
      at Object.type 
(node_modules/@testing-library/user-event/dist/cjs/utility/type.js:17:5)
      at Object.<anonymous> (src/reporting/__tests__/reports.test.tsx:671:9)

    console.error
      Warning: An update to ReportCreatePage inside a test was not wrapped in 
act(...).
      
      When testing, code that causes React state updates should be wrapped 
into act(...):
      
      act(() => {
        /* fire events that update state */
      });
      /* assert on the output */
      
      This ensures that you're testing the behavior the user would see in the 
browser. Learn more at https://reactjs.org/link/wrap-tests-with-act
          at ReportCreatePage (C:\Users\samhe\OneDrive\Desktop\Cleaned\frontend
\src\reporting\ReportCreatePage\ReportCreatePage.tsx:275:33)
          at routeContext (C:\Users\samhe\OneDrive\Desktop\Cleaned\frontend\nod
e_modules\react-router\lib\hooks.tsx:658:26)
          at children (C:\Users\samhe\OneDrive\Desktop\Cleaned\frontend\node_mo
dules\react-router\lib\components.tsx:512:3)
          at basenameProp (C:\Users\samhe\OneDrive\Desktop\Cleaned\frontend\nod
e_modules\react-router\lib\components.tsx:421:13)
          at basename (C:\Users\samhe\OneDrive\Desktop\Cleaned\frontend\node_mo
dules\react-router\lib\components.tsx:225:3)

      536 |                                     placeholder="Search fields or 
domainÔÇª"
      537 |                                     value={fieldSearch}
    > 538 |                                     onChange={(e) => 
setFieldSearch(e.target.value)}
          |                                                      ^
      539 |                                     className="w-full border 
border-gray-300 rounded-md pl-8 pr-3 py-1.5 text-sm"
      540 |                                     data-testid="field-search"
      541 |                                 />

      at printWarning 
(node_modules/react-dom/cjs/react-dom.development.js:86:30)
      at error (node_modules/react-dom/cjs/react-dom.development.js:60:7)
      at warnIfUpdatesNotWrappedWithActDEV 
(node_modules/react-dom/cjs/react-dom.development.js:27628:9)
      at scheduleUpdateOnFiber 
(node_modules/react-dom/cjs/react-dom.development.js:25547:5)
      at dispatchSetState 
(node_modules/react-dom/cjs/react-dom.development.js:16708:7)
      at onChange (src/reporting/ReportCreatePage/ReportCreatePage.tsx:538:54)
      at HTMLUnknownElement.callCallback 
(node_modules/react-dom/cjs/react-dom.development.js:4164:14)
      at HTMLUnknownElement.callTheUserObjectsOperation 
(node_modules/jsdom/lib/jsdom/living/generated/EventListener.js:26:30)
      at innerInvokeEventListeners 
(node_modules/jsdom/lib/jsdom/living/events/EventTarget-impl.js:350:25)
      at invokeEventListeners 
(node_modules/jsdom/lib/jsdom/living/events/EventTarget-impl.js:286:3)
      at HTMLUnknownElementImpl._dispatch 
(node_modules/jsdom/lib/jsdom/living/events/EventTarget-impl.js:233:9)
      at HTMLUnknownElementImpl.dispatchEvent 
(node_modules/jsdom/lib/jsdom/living/events/EventTarget-impl.js:104:17)
      at HTMLUnknownElement.dispatchEvent 
(node_modules/jsdom/lib/jsdom/living/generated/EventTarget.js:241:34)
      at Object.invokeGuardedCallbackDev 
(node_modules/react-dom/cjs/react-dom.development.js:4213:16)
      at invokeGuardedCallback 
(node_modules/react-dom/cjs/react-dom.development.js:4277:31)
      at invokeGuardedCallbackAndCatchFirstError 
(node_modules/react-dom/cjs/react-dom.development.js:4291:25)
      at executeDispatch 
(node_modules/react-dom/cjs/react-dom.development.js:9041:3)
      at processDispatchQueueItemsInOrder 
(node_modules/react-dom/cjs/react-dom.development.js:9073:7)
      at processDispatchQueue 
(node_modules/react-dom/cjs/react-dom.development.js:9086:5)
      at dispatchEventsForPlugins 
(node_modules/react-dom/cjs/react-dom.development.js:9097:3)
      at node_modules/react-dom/cjs/react-dom.development.js:9288:12
      at batchedUpdates$1 
(node_modules/react-dom/cjs/react-dom.development.js:26179:12)
      at batchedUpdates 
(node_modules/react-dom/cjs/react-dom.development.js:3991:12)
      at dispatchEventForPluginEventSystem 
(node_modules/react-dom/cjs/react-dom.development.js:9287:3)
      at dispatchEventWithEnableCapturePhaseSelectiveHydrationWithoutDiscreteEv
entReplay (node_modules/react-dom/cjs/react-dom.development.js:6465:5)
      at dispatchEvent 
(node_modules/react-dom/cjs/react-dom.development.js:6457:5)
      at dispatchDiscreteEvent 
(node_modules/react-dom/cjs/react-dom.development.js:6430:5)
      at HTMLDivElement.callTheUserObjectsOperation 
(node_modules/jsdom/lib/jsdom/living/generated/EventListener.js:26:30)
      at innerInvokeEventListeners 
(node_modules/jsdom/lib/jsdom/living/events/EventTarget-impl.js:350:25)
      at invokeEventListeners 
(node_modules/jsdom/lib/jsdom/living/events/EventTarget-impl.js:286:3)
      at HTMLInputElementImpl._dispatch 
(node_modules/jsdom/lib/jsdom/living/events/EventTarget-impl.js:233:9)
      at HTMLInputElementImpl.dispatchEvent 
(node_modules/jsdom/lib/jsdom/living/events/EventTarget-impl.js:104:17)
      at HTMLInputElement.dispatchEvent 
(node_modules/jsdom/lib/jsdom/living/generated/EventTarget.js:241:34)
      at 
node_modules/@testing-library/user-event/dist/cjs/event/dispatchEvent.js:45:43
      at Object.eventWrapper 
(node_modules/@testing-library/dom/dist/config.js:25:23)
      at Object.wrapEvent 
(node_modules/@testing-library/user-event/dist/cjs/event/wrapEvent.js:6:28)
      at Object.dispatchEvent (node_modules/@testing-library/user-event/dist/cj
s/event/dispatchEvent.js:45:22)
      at Object.dispatchUIEvent (node_modules/@testing-library/user-event/dist/
cjs/event/dispatchEvent.js:22:26)
      at commitInput 
(node_modules/@testing-library/user-event/dist/cjs/event/input.js:145:14)
      at editInputElement 
(node_modules/@testing-library/user-event/dist/cjs/event/input.js:115:9)
      at Object.input 
(node_modules/@testing-library/user-event/dist/cjs/event/input.js:37:9)
      at node_modules/@testing-library/user-event/dist/cjs/event/behavior/keypr
ess.js:31:26
      at Object.dispatchEvent (node_modules/@testing-library/user-event/dist/cj
s/event/dispatchEvent.js:41:13)
      at Object.dispatchUIEvent (node_modules/@testing-library/user-event/dist/
cjs/event/dispatchEvent.js:22:26)
      at KeyboardHost.keydown 
(node_modules/@testing-library/user-event/dist/cjs/system/keyboard.js:76:22)
      at keyboardAction 
(node_modules/@testing-library/user-event/dist/cjs/keyboard/index.js:22:35)
      at Object.keyboard 
(node_modules/@testing-library/user-event/dist/cjs/keyboard/index.js:11:15)
      at Object.type 
(node_modules/@testing-library/user-event/dist/cjs/utility/type.js:17:5)
      at Object.<anonymous> (src/reporting/__tests__/reports.test.tsx:693:9)

    console.error
      Warning: An update to ReportCreatePage inside a test was not wrapped in 
act(...).
      
      When testing, code that causes React state updates should be wrapped 
into act(...):
      
      act(() => {
        /* fire events that update state */
      });
      /* assert on the output */
      
      This ensures that you're testing the behavior the user would see in the 
browser. Learn more at https://reactjs.org/link/wrap-tests-with-act
          at ReportCreatePage (C:\Users\samhe\OneDrive\Desktop\Cleaned\frontend
\src\reporting\ReportCreatePage\ReportCreatePage.tsx:275:33)
          at routeContext (C:\Users\samhe\OneDrive\Desktop\Cleaned\frontend\nod
e_modules\react-router\lib\hooks.tsx:658:26)
          at children (C:\Users\samhe\OneDrive\Desktop\Cleaned\frontend\node_mo
dules\react-router\lib\components.tsx:512:3)
          at basenameProp (C:\Users\samhe\OneDrive\Desktop\Cleaned\frontend\nod
e_modules\react-router\lib\components.tsx:421:13)
          at basename (C:\Users\samhe\OneDrive\Desktop\Cleaned\frontend\node_mo
dules\react-router\lib\components.tsx:225:3)

      536 |                                     placeholder="Search fields or 
domainÔÇª"
      537 |                                     value={fieldSearch}
    > 538 |                                     onChange={(e) => 
setFieldSearch(e.target.value)}
          |                                                      ^
      539 |                                     className="w-full border 
border-gray-300 rounded-md pl-8 pr-3 py-1.5 text-sm"
      540 |                                     data-testid="field-search"
      541 |                                 />

      at printWarning 
(node_modules/react-dom/cjs/react-dom.development.js:86:30)
      at error (node_modules/react-dom/cjs/react-dom.development.js:60:7)
      at warnIfUpdatesNotWrappedWithActDEV 
(node_modules/react-dom/cjs/react-dom.development.js:27628:9)
      at scheduleUpdateOnFiber 
(node_modules/react-dom/cjs/react-dom.development.js:25547:5)
      at dispatchSetState 
(node_modules/react-dom/cjs/react-dom.development.js:16708:7)
      at onChange (src/reporting/ReportCreatePage/ReportCreatePage.tsx:538:54)
      at HTMLUnknownElement.callCallback 
(node_modules/react-dom/cjs/react-dom.development.js:4164:14)
      at HTMLUnknownElement.callTheUserObjectsOperation 
(node_modules/jsdom/lib/jsdom/living/generated/EventListener.js:26:30)
      at innerInvokeEventListeners 
(node_modules/jsdom/lib/jsdom/living/events/EventTarget-impl.js:350:25)
      at invokeEventListeners 
(node_modules/jsdom/lib/jsdom/living/events/EventTarget-impl.js:286:3)
      at HTMLUnknownElementImpl._dispatch 
(node_modules/jsdom/lib/jsdom/living/events/EventTarget-impl.js:233:9)
      at HTMLUnknownElementImpl.dispatchEvent 
(node_modules/jsdom/lib/jsdom/living/events/EventTarget-impl.js:104:17)
      at HTMLUnknownElement.dispatchEvent 
(node_modules/jsdom/lib/jsdom/living/generated/EventTarget.js:241:34)
      at Object.invokeGuardedCallbackDev 
(node_modules/react-dom/cjs/react-dom.development.js:4213:16)
      at invokeGuardedCallback 
(node_modules/react-dom/cjs/react-dom.development.js:4277:31)
      at invokeGuardedCallbackAndCatchFirstError 
(node_modules/react-dom/cjs/react-dom.development.js:4291:25)
      at executeDispatch 
(node_modules/react-dom/cjs/react-dom.development.js:9041:3)
      at processDispatchQueueItemsInOrder 
(node_modules/react-dom/cjs/react-dom.development.js:9073:7)
      at processDispatchQueue 
(node_modules/react-dom/cjs/react-dom.development.js:9086:5)
      at dispatchEventsForPlugins 
(node_modules/react-dom/cjs/react-dom.development.js:9097:3)
      at node_modules/react-dom/cjs/react-dom.development.js:9288:12
      at batchedUpdates$1 
(node_modules/react-dom/cjs/react-dom.development.js:26179:12)
      at batchedUpdates 
(node_modules/react-dom/cjs/react-dom.development.js:3991:12)
      at dispatchEventForPluginEventSystem 
(node_modules/react-dom/cjs/react-dom.development.js:9287:3)
      at dispatchEventWithEnableCapturePhaseSelectiveHydrationWithoutDiscreteEv
entReplay (node_modules/react-dom/cjs/react-dom.development.js:6465:5)
      at dispatchEvent 
(node_modules/react-dom/cjs/react-dom.development.js:6457:5)
      at dispatchDiscreteEvent 
(node_modules/react-dom/cjs/react-dom.development.js:6430:5)
      at HTMLDivElement.callTheUserObjectsOperation 
(node_modules/jsdom/lib/jsdom/living/generated/EventListener.js:26:30)
      at innerInvokeEventListeners 
(node_modules/jsdom/lib/jsdom/living/events/EventTarget-impl.js:350:25)
      at invokeEventListeners 
(node_modules/jsdom/lib/jsdom/living/events/EventTarget-impl.js:286:3)
      at HTMLInputElementImpl._dispatch 
(node_modules/jsdom/lib/jsdom/living/events/EventTarget-impl.js:233:9)
      at HTMLInputElementImpl.dispatchEvent 
(node_modules/jsdom/lib/jsdom/living/events/EventTarget-impl.js:104:17)
      at HTMLInputElement.dispatchEvent 
(node_modules/jsdom/lib/jsdom/living/generated/EventTarget.js:241:34)
      at 
node_modules/@testing-library/user-event/dist/cjs/event/dispatchEvent.js:45:43
      at Object.eventWrapper 
(node_modules/@testing-library/dom/dist/config.js:25:23)
      at Object.wrapEvent 
(node_modules/@testing-library/user-event/dist/cjs/event/wrapEvent.js:6:28)
      at Object.dispatchEvent (node_modules/@testing-library/user-event/dist/cj
s/event/dispatchEvent.js:45:22)
      at Object.dispatchUIEvent (node_modules/@testing-library/user-event/dist/
cjs/event/dispatchEvent.js:22:26)
      at commitInput 
(node_modules/@testing-library/user-event/dist/cjs/event/input.js:145:14)
      at editInputElement 
(node_modules/@testing-library/user-event/dist/cjs/event/input.js:115:9)
      at Object.input 
(node_modules/@testing-library/user-event/dist/cjs/event/input.js:37:9)
      at node_modules/@testing-library/user-event/dist/cjs/event/behavior/keypr
ess.js:31:26
      at Object.dispatchEvent (node_modules/@testing-library/user-event/dist/cj
s/event/dispatchEvent.js:41:13)
      at Object.dispatchUIEvent (node_modules/@testing-library/user-event/dist/
cjs/event/dispatchEvent.js:22:26)
      at KeyboardHost.keydown 
(node_modules/@testing-library/user-event/dist/cjs/system/keyboard.js:76:22)
      at keyboardAction 
(node_modules/@testing-library/user-event/dist/cjs/keyboard/index.js:22:35)
      at Object.keyboard 
(node_modules/@testing-library/user-event/dist/cjs/keyboard/index.js:11:15)
      at Object.type 
(node_modules/@testing-library/user-event/dist/cjs/utility/type.js:17:5)
      at Object.<anonymous> (src/reporting/__tests__/reports.test.tsx:693:9)

    console.error
      Warning: An update to ReportCreatePage inside a test was not wrapped in 
act(...).
      
      When testing, code that causes React state updates should be wrapped 
into act(...):
      
      act(() => {
        /* fire events that update state */
      });
      /* assert on the output */
      
      This ensures that you're testing the behavior the user would see in the 
browser. Learn more at https://reactjs.org/link/wrap-tests-with-act
          at ReportCreatePage (C:\Users\samhe\OneDrive\Desktop\Cleaned\frontend
\src\reporting\ReportCreatePage\ReportCreatePage.tsx:275:33)
          at routeContext (C:\Users\samhe\OneDrive\Desktop\Cleaned\frontend\nod
e_modules\react-router\lib\hooks.tsx:658:26)
          at children (C:\Users\samhe\OneDrive\Desktop\Cleaned\frontend\node_mo
dules\react-router\lib\components.tsx:512:3)
          at basenameProp (C:\Users\samhe\OneDrive\Desktop\Cleaned\frontend\nod
e_modules\react-router\lib\components.tsx:421:13)
          at basename (C:\Users\samhe\OneDrive\Desktop\Cleaned\frontend\node_mo
dules\react-router\lib\components.tsx:225:3)

      536 |                                     placeholder="Search fields or 
domainÔÇª"
      537 |                                     value={fieldSearch}
    > 538 |                                     onChange={(e) => 
setFieldSearch(e.target.value)}
          |                                                      ^
      539 |                                     className="w-full border 
border-gray-300 rounded-md pl-8 pr-3 py-1.5 text-sm"
      540 |                                     data-testid="field-search"
      541 |                                 />

      at printWarning 
(node_modules/react-dom/cjs/react-dom.development.js:86:30)
      at error (node_modules/react-dom/cjs/react-dom.development.js:60:7)
      at warnIfUpdatesNotWrappedWithActDEV 
(node_modules/react-dom/cjs/react-dom.development.js:27628:9)
      at scheduleUpdateOnFiber 
(node_modules/react-dom/cjs/react-dom.development.js:25547:5)
      at dispatchSetState 
(node_modules/react-dom/cjs/react-dom.development.js:16708:7)
      at onChange (src/reporting/ReportCreatePage/ReportCreatePage.tsx:538:54)
      at HTMLUnknownElement.callCallback 
(node_modules/react-dom/cjs/react-dom.development.js:4164:14)
      at HTMLUnknownElement.callTheUserObjectsOperation 
(node_modules/jsdom/lib/jsdom/living/generated/EventListener.js:26:30)
      at innerInvokeEventListeners 
(node_modules/jsdom/lib/jsdom/living/events/EventTarget-impl.js:350:25)
      at invokeEventListeners 
(node_modules/jsdom/lib/jsdom/living/events/EventTarget-impl.js:286:3)
      at HTMLUnknownElementImpl._dispatch 
(node_modules/jsdom/lib/jsdom/living/events/EventTarget-impl.js:233:9)
      at HTMLUnknownElementImpl.dispatchEvent 
(node_modules/jsdom/lib/jsdom/living/events/EventTarget-impl.js:104:17)
      at HTMLUnknownElement.dispatchEvent 
(node_modules/jsdom/lib/jsdom/living/generated/EventTarget.js:241:34)
      at Object.invokeGuardedCallbackDev 
(node_modules/react-dom/cjs/react-dom.development.js:4213:16)
      at invokeGuardedCallback 
(node_modules/react-dom/cjs/react-dom.development.js:4277:31)
      at invokeGuardedCallbackAndCatchFirstError 
(node_modules/react-dom/cjs/react-dom.development.js:4291:25)
      at executeDispatch 
(node_modules/react-dom/cjs/react-dom.development.js:9041:3)
      at processDispatchQueueItemsInOrder 
(node_modules/react-dom/cjs/react-dom.development.js:9073:7)
      at processDispatchQueue 
(node_modules/react-dom/cjs/react-dom.development.js:9086:5)
      at dispatchEventsForPlugins 
(node_modules/react-dom/cjs/react-dom.development.js:9097:3)
      at node_modules/react-dom/cjs/react-dom.development.js:9288:12
      at batchedUpdates$1 
(node_modules/react-dom/cjs/react-dom.development.js:26179:12)
      at batchedUpdates 
(node_modules/react-dom/cjs/react-dom.development.js:3991:12)
      at dispatchEventForPluginEventSystem 
(node_modules/react-dom/cjs/react-dom.development.js:9287:3)
      at dispatchEventWithEnableCapturePhaseSelectiveHydrationWithoutDiscreteEv
entReplay (node_modules/react-dom/cjs/react-dom.development.js:6465:5)
      at dispatchEvent 
(node_modules/react-dom/cjs/react-dom.development.js:6457:5)
      at dispatchDiscreteEvent 
(node_modules/react-dom/cjs/react-dom.development.js:6430:5)
      at HTMLDivElement.callTheUserObjectsOperation 
(node_modules/jsdom/lib/jsdom/living/generated/EventListener.js:26:30)
      at innerInvokeEventListeners 
(node_modules/jsdom/lib/jsdom/living/events/EventTarget-impl.js:350:25)
      at invokeEventListeners 
(node_modules/jsdom/lib/jsdom/living/events/EventTarget-impl.js:286:3)
      at HTMLInputElementImpl._dispatch 
(node_modules/jsdom/lib/jsdom/living/events/EventTarget-impl.js:233:9)
      at HTMLInputElementImpl.dispatchEvent 
(node_modules/jsdom/lib/jsdom/living/events/EventTarget-impl.js:104:17)
      at HTMLInputElement.dispatchEvent 
(node_modules/jsdom/lib/jsdom/living/generated/EventTarget.js:241:34)
      at 
node_modules/@testing-library/user-event/dist/cjs/event/dispatchEvent.js:45:43
      at Object.eventWrapper 
(node_modules/@testing-library/dom/dist/config.js:25:23)
      at Object.wrapEvent 
(node_modules/@testing-library/user-event/dist/cjs/event/wrapEvent.js:6:28)
      at Object.dispatchEvent (node_modules/@testing-library/user-event/dist/cj
s/event/dispatchEvent.js:45:22)
      at Object.dispatchUIEvent (node_modules/@testing-library/user-event/dist/
cjs/event/dispatchEvent.js:22:26)
      at commitInput 
(node_modules/@testing-library/user-event/dist/cjs/event/input.js:145:14)
      at editInputElement 
(node_modules/@testing-library/user-event/dist/cjs/event/input.js:115:9)
      at Object.input 
(node_modules/@testing-library/user-event/dist/cjs/event/input.js:37:9)
      at node_modules/@testing-library/user-event/dist/cjs/event/behavior/keypr
ess.js:31:26
      at Object.dispatchEvent (node_modules/@testing-library/user-event/dist/cj
s/event/dispatchEvent.js:41:13)
      at Object.dispatchUIEvent (node_modules/@testing-library/user-event/dist/
cjs/event/dispatchEvent.js:22:26)
      at KeyboardHost.keydown 
(node_modules/@testing-library/user-event/dist/cjs/system/keyboard.js:76:22)
      at keyboardAction 
(node_modules/@testing-library/user-event/dist/cjs/keyboard/index.js:22:35)
      at Object.keyboard 
(node_modules/@testing-library/user-event/dist/cjs/keyboard/index.js:11:15)
      at Object.type 
(node_modules/@testing-library/user-event/dist/cjs/utility/type.js:17:5)
      at Object.<anonymous> (src/reporting/__tests__/reports.test.tsx:693:9)

    console.error
      Warning: An update to ReportCreatePage inside a test was not wrapped in 
act(...).
      
      When testing, code that causes React state updates should be wrapped 
into act(...):
      
      act(() => {
        /* fire events that update state */
      });
      /* assert on the output */
      
      This ensures that you're testing the behavior the user would see in the 
browser. Learn more at https://reactjs.org/link/wrap-tests-with-act
          at ReportCreatePage (C:\Users\samhe\OneDrive\Desktop\Cleaned\frontend
\src\reporting\ReportCreatePage\ReportCreatePage.tsx:275:33)
          at routeContext (C:\Users\samhe\OneDrive\Desktop\Cleaned\frontend\nod
e_modules\react-router\lib\hooks.tsx:658:26)
          at children (C:\Users\samhe\OneDrive\Desktop\Cleaned\frontend\node_mo
dules\react-router\lib\components.tsx:512:3)
          at basenameProp (C:\Users\samhe\OneDrive\Desktop\Cleaned\frontend\nod
e_modules\react-router\lib\components.tsx:421:13)
          at basename (C:\Users\samhe\OneDrive\Desktop\Cleaned\frontend\node_mo
dules\react-router\lib\components.tsx:225:3)

      536 |                                     placeholder="Search fields or 
domainÔÇª"
      537 |                                     value={fieldSearch}
    > 538 |                                     onChange={(e) => 
setFieldSearch(e.target.value)}
          |                                                      ^
      539 |                                     className="w-full border 
border-gray-300 rounded-md pl-8 pr-3 py-1.5 text-sm"
      540 |                                     data-testid="field-search"
      541 |                                 />

      at printWarning 
(node_modules/react-dom/cjs/react-dom.development.js:86:30)
      at error (node_modules/react-dom/cjs/react-dom.development.js:60:7)
      at warnIfUpdatesNotWrappedWithActDEV 
(node_modules/react-dom/cjs/react-dom.development.js:27628:9)
      at scheduleUpdateOnFiber 
(node_modules/react-dom/cjs/react-dom.development.js:25547:5)
      at dispatchSetState 
(node_modules/react-dom/cjs/react-dom.development.js:16708:7)
      at onChange (src/reporting/ReportCreatePage/ReportCreatePage.tsx:538:54)
      at HTMLUnknownElement.callCallback 
(node_modules/react-dom/cjs/react-dom.development.js:4164:14)
      at HTMLUnknownElement.callTheUserObjectsOperation 
(node_modules/jsdom/lib/jsdom/living/generated/EventListener.js:26:30)
      at innerInvokeEventListeners 
(node_modules/jsdom/lib/jsdom/living/events/EventTarget-impl.js:350:25)
      at invokeEventListeners 
(node_modules/jsdom/lib/jsdom/living/events/EventTarget-impl.js:286:3)
      at HTMLUnknownElementImpl._dispatch 
(node_modules/jsdom/lib/jsdom/living/events/EventTarget-impl.js:233:9)
      at HTMLUnknownElementImpl.dispatchEvent 
(node_modules/jsdom/lib/jsdom/living/events/EventTarget-impl.js:104:17)
      at HTMLUnknownElement.dispatchEvent 
(node_modules/jsdom/lib/jsdom/living/generated/EventTarget.js:241:34)
      at Object.invokeGuardedCallbackDev 
(node_modules/react-dom/cjs/react-dom.development.js:4213:16)
      at invokeGuardedCallback 
(node_modules/react-dom/cjs/react-dom.development.js:4277:31)
      at invokeGuardedCallbackAndCatchFirstError 
(node_modules/react-dom/cjs/react-dom.development.js:4291:25)
      at executeDispatch 
(node_modules/react-dom/cjs/react-dom.development.js:9041:3)
      at processDispatchQueueItemsInOrder 
(node_modules/react-dom/cjs/react-dom.development.js:9073:7)
      at processDispatchQueue 
(node_modules/react-dom/cjs/react-dom.development.js:9086:5)
      at dispatchEventsForPlugins 
(node_modules/react-dom/cjs/react-dom.development.js:9097:3)
      at node_modules/react-dom/cjs/react-dom.development.js:9288:12
      at batchedUpdates$1 
(node_modules/react-dom/cjs/react-dom.development.js:26179:12)
      at batchedUpdates 
(node_modules/react-dom/cjs/react-dom.development.js:3991:12)
      at dispatchEventForPluginEventSystem 
(node_modules/react-dom/cjs/react-dom.development.js:9287:3)
      at dispatchEventWithEnableCapturePhaseSelectiveHydrationWithoutDiscreteEv
entReplay (node_modules/react-dom/cjs/react-dom.development.js:6465:5)
      at dispatchEvent 
(node_modules/react-dom/cjs/react-dom.development.js:6457:5)
      at dispatchDiscreteEvent 
(node_modules/react-dom/cjs/react-dom.development.js:6430:5)
      at HTMLDivElement.callTheUserObjectsOperation 
(node_modules/jsdom/lib/jsdom/living/generated/EventListener.js:26:30)
      at innerInvokeEventListeners 
(node_modules/jsdom/lib/jsdom/living/events/EventTarget-impl.js:350:25)
      at invokeEventListeners 
(node_modules/jsdom/lib/jsdom/living/events/EventTarget-impl.js:286:3)
      at HTMLInputElementImpl._dispatch 
(node_modules/jsdom/lib/jsdom/living/events/EventTarget-impl.js:233:9)
      at HTMLInputElementImpl.dispatchEvent 
(node_modules/jsdom/lib/jsdom/living/events/EventTarget-impl.js:104:17)
      at HTMLInputElement.dispatchEvent 
(node_modules/jsdom/lib/jsdom/living/generated/EventTarget.js:241:34)
      at 
node_modules/@testing-library/user-event/dist/cjs/event/dispatchEvent.js:45:43
      at Object.eventWrapper 
(node_modules/@testing-library/dom/dist/config.js:25:23)
      at Object.wrapEvent 
(node_modules/@testing-library/user-event/dist/cjs/event/wrapEvent.js:6:28)
      at Object.dispatchEvent (node_modules/@testing-library/user-event/dist/cj
s/event/dispatchEvent.js:45:22)
      at Object.dispatchUIEvent (node_modules/@testing-library/user-event/dist/
cjs/event/dispatchEvent.js:22:26)
      at commitInput 
(node_modules/@testing-library/user-event/dist/cjs/event/input.js:145:14)
      at editInputElement 
(node_modules/@testing-library/user-event/dist/cjs/event/input.js:115:9)
      at Object.input 
(node_modules/@testing-library/user-event/dist/cjs/event/input.js:37:9)
      at node_modules/@testing-library/user-event/dist/cjs/event/behavior/keypr
ess.js:31:26
      at Object.dispatchEvent (node_modules/@testing-library/user-event/dist/cj
s/event/dispatchEvent.js:41:13)
      at Object.dispatchUIEvent (node_modules/@testing-library/user-event/dist/
cjs/event/dispatchEvent.js:22:26)
      at KeyboardHost.keydown 
(node_modules/@testing-library/user-event/dist/cjs/system/keyboard.js:76:22)
      at keyboardAction 
(node_modules/@testing-library/user-event/dist/cjs/keyboard/index.js:22:35)
      at Object.keyboard 
(node_modules/@testing-library/user-event/dist/cjs/keyboard/index.js:11:15)
      at Object.type 
(node_modules/@testing-library/user-event/dist/cjs/utility/type.js:17:5)
      at Object.<anonymous> (src/reporting/__tests__/reports.test.tsx:693:9)

    console.error
      Warning: An update to ReportCreatePage inside a test was not wrapped in 
act(...).
      
      When testing, code that causes React state updates should be wrapped 
into act(...):
      
      act(() => {
        /* fire events that update state */
      });
      /* assert on the output */
      
      This ensures that you're testing the behavior the user would see in the 
browser. Learn more at https://reactjs.org/link/wrap-tests-with-act
          at ReportCreatePage (C:\Users\samhe\OneDrive\Desktop\Cleaned\frontend
\src\reporting\ReportCreatePage\ReportCreatePage.tsx:275:33)
          at routeContext (C:\Users\samhe\OneDrive\Desktop\Cleaned\frontend\nod
e_modules\react-router\lib\hooks.tsx:658:26)
          at children (C:\Users\samhe\OneDrive\Desktop\Cleaned\frontend\node_mo
dules\react-router\lib\components.tsx:512:3)
          at basenameProp (C:\Users\samhe\OneDrive\Desktop\Cleaned\frontend\nod
e_modules\react-router\lib\components.tsx:421:13)
          at basename (C:\Users\samhe\OneDrive\Desktop\Cleaned\frontend\node_mo
dules\react-router\lib\components.tsx:225:3)

      536 |                                     placeholder="Search fields or 
domainÔÇª"
      537 |                                     value={fieldSearch}
    > 538 |                                     onChange={(e) => 
setFieldSearch(e.target.value)}
          |                                                      ^
      539 |                                     className="w-full border 
border-gray-300 rounded-md pl-8 pr-3 py-1.5 text-sm"
      540 |                                     data-testid="field-search"
      541 |                                 />

      at printWarning 
(node_modules/react-dom/cjs/react-dom.development.js:86:30)
      at error (node_modules/react-dom/cjs/react-dom.development.js:60:7)
      at warnIfUpdatesNotWrappedWithActDEV 
(node_modules/react-dom/cjs/react-dom.development.js:27628:9)
      at scheduleUpdateOnFiber 
(node_modules/react-dom/cjs/react-dom.development.js:25547:5)
      at dispatchSetState 
(node_modules/react-dom/cjs/react-dom.development.js:16708:7)
      at onChange (src/reporting/ReportCreatePage/ReportCreatePage.tsx:538:54)
      at HTMLUnknownElement.callCallback 
(node_modules/react-dom/cjs/react-dom.development.js:4164:14)
      at HTMLUnknownElement.callTheUserObjectsOperation 
(node_modules/jsdom/lib/jsdom/living/generated/EventListener.js:26:30)
      at innerInvokeEventListeners 
(node_modules/jsdom/lib/jsdom/living/events/EventTarget-impl.js:350:25)
      at invokeEventListeners 
(node_modules/jsdom/lib/jsdom/living/events/EventTarget-impl.js:286:3)
      at HTMLUnknownElementImpl._dispatch 
(node_modules/jsdom/lib/jsdom/living/events/EventTarget-impl.js:233:9)
      at HTMLUnknownElementImpl.dispatchEvent 
(node_modules/jsdom/lib/jsdom/living/events/EventTarget-impl.js:104:17)
      at HTMLUnknownElement.dispatchEvent 
(node_modules/jsdom/lib/jsdom/living/generated/EventTarget.js:241:34)
      at Object.invokeGuardedCallbackDev 
(node_modules/react-dom/cjs/react-dom.development.js:4213:16)
      at invokeGuardedCallback 
(node_modules/react-dom/cjs/react-dom.development.js:4277:31)
      at invokeGuardedCallbackAndCatchFirstError 
(node_modules/react-dom/cjs/react-dom.development.js:4291:25)
      at executeDispatch 
(node_modules/react-dom/cjs/react-dom.development.js:9041:3)
      at processDispatchQueueItemsInOrder 
(node_modules/react-dom/cjs/react-dom.development.js:9073:7)
      at processDispatchQueue 
(node_modules/react-dom/cjs/react-dom.development.js:9086:5)
      at dispatchEventsForPlugins 
(node_modules/react-dom/cjs/react-dom.development.js:9097:3)
      at node_modules/react-dom/cjs/react-dom.development.js:9288:12
      at batchedUpdates$1 
(node_modules/react-dom/cjs/react-dom.development.js:26179:12)
      at batchedUpdates 
(node_modules/react-dom/cjs/react-dom.development.js:3991:12)
      at dispatchEventForPluginEventSystem 
(node_modules/react-dom/cjs/react-dom.development.js:9287:3)
      at dispatchEventWithEnableCapturePhaseSelectiveHydrationWithoutDiscreteEv
entReplay (node_modules/react-dom/cjs/react-dom.development.js:6465:5)
      at dispatchEvent 
(node_modules/react-dom/cjs/react-dom.development.js:6457:5)
      at dispatchDiscreteEvent 
(node_modules/react-dom/cjs/react-dom.development.js:6430:5)
      at HTMLDivElement.callTheUserObjectsOperation 
(node_modules/jsdom/lib/jsdom/living/generated/EventListener.js:26:30)
      at innerInvokeEventListeners 
(node_modules/jsdom/lib/jsdom/living/events/EventTarget-impl.js:350:25)
      at invokeEventListeners 
(node_modules/jsdom/lib/jsdom/living/events/EventTarget-impl.js:286:3)
      at HTMLInputElementImpl._dispatch 
(node_modules/jsdom/lib/jsdom/living/events/EventTarget-impl.js:233:9)
      at HTMLInputElementImpl.dispatchEvent 
(node_modules/jsdom/lib/jsdom/living/events/EventTarget-impl.js:104:17)
      at HTMLInputElement.dispatchEvent 
(node_modules/jsdom/lib/jsdom/living/generated/EventTarget.js:241:34)
      at 
node_modules/@testing-library/user-event/dist/cjs/event/dispatchEvent.js:45:43
      at Object.eventWrapper 
(node_modules/@testing-library/dom/dist/config.js:25:23)
      at Object.wrapEvent 
(node_modules/@testing-library/user-event/dist/cjs/event/wrapEvent.js:6:28)
      at Object.dispatchEvent (node_modules/@testing-library/user-event/dist/cj
s/event/dispatchEvent.js:45:22)
      at Object.dispatchUIEvent (node_modules/@testing-library/user-event/dist/
cjs/event/dispatchEvent.js:22:26)
      at commitInput 
(node_modules/@testing-library/user-event/dist/cjs/event/input.js:145:14)
      at editInputElement 
(node_modules/@testing-library/user-event/dist/cjs/event/input.js:115:9)
      at Object.input 
(node_modules/@testing-library/user-event/dist/cjs/event/input.js:37:9)
      at node_modules/@testing-library/user-event/dist/cjs/event/behavior/keypr
ess.js:31:26
      at Object.dispatchEvent (node_modules/@testing-library/user-event/dist/cj
s/event/dispatchEvent.js:41:13)
      at Object.dispatchUIEvent (node_modules/@testing-library/user-event/dist/
cjs/event/dispatchEvent.js:22:26)
      at KeyboardHost.keydown 
(node_modules/@testing-library/user-event/dist/cjs/system/keyboard.js:76:22)
      at keyboardAction 
(node_modules/@testing-library/user-event/dist/cjs/keyboard/index.js:22:35)
      at Object.keyboard 
(node_modules/@testing-library/user-event/dist/cjs/keyboard/index.js:11:15)
      at Object.type 
(node_modules/@testing-library/user-event/dist/cjs/utility/type.js:17:5)
      at Object.<anonymous> (src/reporting/__tests__/reports.test.tsx:693:9)

    console.error
      Warning: An update to ReportCreatePage inside a test was not wrapped in 
act(...).
      
      When testing, code that causes React state updates should be wrapped 
into act(...):
      
      act(() => {
        /* fire events that update state */
      });
      /* assert on the output */
      
      This ensures that you're testing the behavior the user would see in the 
browser. Learn more at https://reactjs.org/link/wrap-tests-with-act
          at ReportCreatePage (C:\Users\samhe\OneDrive\Desktop\Cleaned\frontend
\src\reporting\ReportCreatePage\ReportCreatePage.tsx:275:33)
          at routeContext (C:\Users\samhe\OneDrive\Desktop\Cleaned\frontend\nod
e_modules\react-router\lib\hooks.tsx:658:26)
          at children (C:\Users\samhe\OneDrive\Desktop\Cleaned\frontend\node_mo
dules\react-router\lib\components.tsx:512:3)
          at basenameProp (C:\Users\samhe\OneDrive\Desktop\Cleaned\frontend\nod
e_modules\react-router\lib\components.tsx:421:13)
          at basename (C:\Users\samhe\OneDrive\Desktop\Cleaned\frontend\node_mo
dules\react-router\lib\components.tsx:225:3)

      536 |                                     placeholder="Search fields or 
domainÔÇª"
      537 |                                     value={fieldSearch}
    > 538 |                                     onChange={(e) => 
setFieldSearch(e.target.value)}
          |                                                      ^
      539 |                                     className="w-full border 
border-gray-300 rounded-md pl-8 pr-3 py-1.5 text-sm"
      540 |                                     data-testid="field-search"
      541 |                                 />

      at printWarning 
(node_modules/react-dom/cjs/react-dom.development.js:86:30)
      at error (node_modules/react-dom/cjs/react-dom.development.js:60:7)
      at warnIfUpdatesNotWrappedWithActDEV 
(node_modules/react-dom/cjs/react-dom.development.js:27628:9)
      at scheduleUpdateOnFiber 
(node_modules/react-dom/cjs/react-dom.development.js:25547:5)
      at dispatchSetState 
(node_modules/react-dom/cjs/react-dom.development.js:16708:7)
      at onChange (src/reporting/ReportCreatePage/ReportCreatePage.tsx:538:54)
      at HTMLUnknownElement.callCallback 
(node_modules/react-dom/cjs/react-dom.development.js:4164:14)
      at HTMLUnknownElement.callTheUserObjectsOperation 
(node_modules/jsdom/lib/jsdom/living/generated/EventListener.js:26:30)
      at innerInvokeEventListeners 
(node_modules/jsdom/lib/jsdom/living/events/EventTarget-impl.js:350:25)
      at invokeEventListeners 
(node_modules/jsdom/lib/jsdom/living/events/EventTarget-impl.js:286:3)
      at HTMLUnknownElementImpl._dispatch 
(node_modules/jsdom/lib/jsdom/living/events/EventTarget-impl.js:233:9)
      at HTMLUnknownElementImpl.dispatchEvent 
(node_modules/jsdom/lib/jsdom/living/events/EventTarget-impl.js:104:17)
      at HTMLUnknownElement.dispatchEvent 
(node_modules/jsdom/lib/jsdom/living/generated/EventTarget.js:241:34)
      at Object.invokeGuardedCallbackDev 
(node_modules/react-dom/cjs/react-dom.development.js:4213:16)
      at invokeGuardedCallback 
(node_modules/react-dom/cjs/react-dom.development.js:4277:31)
      at invokeGuardedCallbackAndCatchFirstError 
(node_modules/react-dom/cjs/react-dom.development.js:4291:25)
      at executeDispatch 
(node_modules/react-dom/cjs/react-dom.development.js:9041:3)
      at processDispatchQueueItemsInOrder 
(node_modules/react-dom/cjs/react-dom.development.js:9073:7)
      at processDispatchQueue 
(node_modules/react-dom/cjs/react-dom.development.js:9086:5)
      at dispatchEventsForPlugins 
(node_modules/react-dom/cjs/react-dom.development.js:9097:3)
      at node_modules/react-dom/cjs/react-dom.development.js:9288:12
      at batchedUpdates$1 
(node_modules/react-dom/cjs/react-dom.development.js:26179:12)
      at batchedUpdates 
(node_modules/react-dom/cjs/react-dom.development.js:3991:12)
      at dispatchEventForPluginEventSystem 
(node_modules/react-dom/cjs/react-dom.development.js:9287:3)
      at dispatchEventWithEnableCapturePhaseSelectiveHydrationWithoutDiscreteEv
entReplay (node_modules/react-dom/cjs/react-dom.development.js:6465:5)
      at dispatchEvent 
(node_modules/react-dom/cjs/react-dom.development.js:6457:5)
      at dispatchDiscreteEvent 
(node_modules/react-dom/cjs/react-dom.development.js:6430:5)
      at HTMLDivElement.callTheUserObjectsOperation 
(node_modules/jsdom/lib/jsdom/living/generated/EventListener.js:26:30)
      at innerInvokeEventListeners 
(node_modules/jsdom/lib/jsdom/living/events/EventTarget-impl.js:350:25)
      at invokeEventListeners 
(node_modules/jsdom/lib/jsdom/living/events/EventTarget-impl.js:286:3)
      at HTMLInputElementImpl._dispatch 
(node_modules/jsdom/lib/jsdom/living/events/EventTarget-impl.js:233:9)
      at HTMLInputElementImpl.dispatchEvent 
(node_modules/jsdom/lib/jsdom/living/events/EventTarget-impl.js:104:17)
      at HTMLInputElement.dispatchEvent 
(node_modules/jsdom/lib/jsdom/living/generated/EventTarget.js:241:34)
      at 
node_modules/@testing-library/user-event/dist/cjs/event/dispatchEvent.js:45:43
      at Object.eventWrapper 
(node_modules/@testing-library/dom/dist/config.js:25:23)
      at Object.wrapEvent 
(node_modules/@testing-library/user-event/dist/cjs/event/wrapEvent.js:6:28)
      at Object.dispatchEvent (node_modules/@testing-library/user-event/dist/cj
s/event/dispatchEvent.js:45:22)
      at Object.dispatchUIEvent (node_modules/@testing-library/user-event/dist/
cjs/event/dispatchEvent.js:22:26)
      at commitInput 
(node_modules/@testing-library/user-event/dist/cjs/event/input.js:145:14)
      at editInputElement 
(node_modules/@testing-library/user-event/dist/cjs/event/input.js:115:9)
      at Object.input 
(node_modules/@testing-library/user-event/dist/cjs/event/input.js:37:9)
      at node_modules/@testing-library/user-event/dist/cjs/event/behavior/keypr
ess.js:31:26
      at Object.dispatchEvent (node_modules/@testing-library/user-event/dist/cj
s/event/dispatchEvent.js:41:13)
      at Object.dispatchUIEvent (node_modules/@testing-library/user-event/dist/
cjs/event/dispatchEvent.js:22:26)
      at KeyboardHost.keydown 
(node_modules/@testing-library/user-event/dist/cjs/system/keyboard.js:76:22)
      at keyboardAction 
(node_modules/@testing-library/user-event/dist/cjs/keyboard/index.js:22:35)
      at Object.keyboard 
(node_modules/@testing-library/user-event/dist/cjs/keyboard/index.js:11:15)
      at Object.type 
(node_modules/@testing-library/user-event/dist/cjs/utility/type.js:17:5)
      at Object.<anonymous> (src/reporting/__tests__/reports.test.tsx:693:9)

    console.error
      Warning: An update to ReportCreatePage inside a test was not wrapped in 
act(...).
      
      When testing, code that causes React state updates should be wrapped 
into act(...):
      
      act(() => {
        /* fire events that update state */
      });
      /* assert on the output */
      
      This ensures that you're testing the behavior the user would see in the 
browser. Learn more at https://reactjs.org/link/wrap-tests-with-act
          at ReportCreatePage (C:\Users\samhe\OneDrive\Desktop\Cleaned\frontend
\src\reporting\ReportCreatePage\ReportCreatePage.tsx:275:33)
          at routeContext (C:\Users\samhe\OneDrive\Desktop\Cleaned\frontend\nod
e_modules\react-router\lib\hooks.tsx:658:26)
          at children (C:\Users\samhe\OneDrive\Desktop\Cleaned\frontend\node_mo
dules\react-router\lib\components.tsx:512:3)
          at basenameProp (C:\Users\samhe\OneDrive\Desktop\Cleaned\frontend\nod
e_modules\react-router\lib\components.tsx:421:13)
          at basename (C:\Users\samhe\OneDrive\Desktop\Cleaned\frontend\node_mo
dules\react-router\lib\components.tsx:225:3)

      at printWarning 
(node_modules/react-dom/cjs/react-dom.development.js:86:30)
      at error (node_modules/react-dom/cjs/react-dom.development.js:60:7)
      at warnIfUpdatesNotWrappedWithActDEV 
(node_modules/react-dom/cjs/react-dom.development.js:27628:9)
      at scheduleUpdateOnFiber 
(node_modules/react-dom/cjs/react-dom.development.js:25547:5)
      at dispatchSetState 
(node_modules/react-dom/cjs/react-dom.development.js:16708:7)

    console.error
      Warning: An update to ReportCreatePage inside a test was not wrapped in 
act(...).
      
      When testing, code that causes React state updates should be wrapped 
into act(...):
      
      act(() => {
        /* fire events that update state */
      });
      /* assert on the output */
      
      This ensures that you're testing the behavior the user would see in the 
browser. Learn more at https://reactjs.org/link/wrap-tests-with-act
          at ReportCreatePage (C:\Users\samhe\OneDrive\Desktop\Cleaned\frontend
\src\reporting\ReportCreatePage\ReportCreatePage.tsx:275:33)
          at routeContext (C:\Users\samhe\OneDrive\Desktop\Cleaned\frontend\nod
e_modules\react-router\lib\hooks.tsx:658:26)
          at children (C:\Users\samhe\OneDrive\Desktop\Cleaned\frontend\node_mo
dules\react-router\lib\components.tsx:512:3)
          at basenameProp (C:\Users\samhe\OneDrive\Desktop\Cleaned\frontend\nod
e_modules\react-router\lib\components.tsx:421:13)
          at basename (C:\Users\samhe\OneDrive\Desktop\Cleaned\frontend\node_mo
dules\react-router\lib\components.tsx:225:3)

      319 |                     return true
      320 |                 })
    > 321 |                 setFieldMappings(merged)
          |                 ^
      322 |             })
      323 |             .finally(() => setLoadingFields(false))
      324 |     }, [])

      at printWarning 
(node_modules/react-dom/cjs/react-dom.development.js:86:30)
      at error (node_modules/react-dom/cjs/react-dom.development.js:60:7)
      at warnIfUpdatesNotWrappedWithActDEV 
(node_modules/react-dom/cjs/react-dom.development.js:27628:9)
      at scheduleUpdateOnFiber 
(node_modules/react-dom/cjs/react-dom.development.js:25547:5)
      at dispatchSetState 
(node_modules/react-dom/cjs/react-dom.development.js:16708:7)
      at src/reporting/ReportCreatePage/ReportCreatePage.tsx:321:17

    console.error
      Warning: An update to ReportCreatePage inside a test was not wrapped in 
act(...).
      
      When testing, code that causes React state updates should be wrapped 
into act(...):
      
      act(() => {
        /* fire events that update state */
      });
      /* assert on the output */
      
      This ensures that you're testing the behavior the user would see in the 
browser. Learn more at https://reactjs.org/link/wrap-tests-with-act
          at ReportCreatePage (C:\Users\samhe\OneDrive\Desktop\Cleaned\frontend
\src\reporting\ReportCreatePage\ReportCreatePage.tsx:275:33)
          at routeContext (C:\Users\samhe\OneDrive\Desktop\Cleaned\frontend\nod
e_modules\react-router\lib\hooks.tsx:658:26)
          at children (C:\Users\samhe\OneDrive\Desktop\Cleaned\frontend\node_mo
dules\react-router\lib\components.tsx:512:3)
          at basenameProp (C:\Users\samhe\OneDrive\Desktop\Cleaned\frontend\nod
e_modules\react-router\lib\components.tsx:421:13)
          at basename (C:\Users\samhe\OneDrive\Desktop\Cleaned\frontend\node_mo
dules\react-router\lib\components.tsx:225:3)

      321 |                 setFieldMappings(merged)
      322 |             })
    > 323 |             .finally(() => setLoadingFields(false))
          |                            ^
      324 |     }, [])
      325 |
      326 |     useEffect(() => {

      at printWarning 
(node_modules/react-dom/cjs/react-dom.development.js:86:30)
      at error (node_modules/react-dom/cjs/react-dom.development.js:60:7)
      at warnIfUpdatesNotWrappedWithActDEV 
(node_modules/react-dom/cjs/react-dom.development.js:27628:9)
      at scheduleUpdateOnFiber 
(node_modules/react-dom/cjs/react-dom.development.js:25547:5)
      at dispatchSetState 
(node_modules/react-dom/cjs/react-dom.development.js:16708:7)
      at src/reporting/ReportCreatePage/ReportCreatePage.tsx:323:28

    console.error
      Warning: An update to ReportRunPage inside a test was not wrapped in 
act(...).
      
      When testing, code that causes React state updates should be wrapped 
into act(...):
      
      act(() => {
        /* fire events that update state */
      });
      /* assert on the output */
      
      This ensures that you're testing the behavior the user would see in the 
browser. Learn more at https://reactjs.org/link/wrap-tests-with-act
          at ReportRunPage (C:\Users\samhe\OneDrive\Desktop\Cleaned\frontend\sr
c\reporting\ReportRunPage\ReportRunPage.tsx:76:35)
          at routeContext (C:\Users\samhe\OneDrive\Desktop\Cleaned\frontend\nod
e_modules\react-router\lib\hooks.tsx:658:26)
          at children (C:\Users\samhe\OneDrive\Desktop\Cleaned\frontend\node_mo
dules\react-router\lib\components.tsx:512:3)
          at basenameProp (C:\Users\samhe\OneDrive\Desktop\Cleaned\frontend\nod
e_modules\react-router\lib\components.tsx:421:13)
          at basename (C:\Users\samhe\OneDrive\Desktop\Cleaned\frontend\node_mo
dules\react-router\lib\components.tsx:225:3)

      183 |         if (!reportId) return
      184 |         const coreTemplate = CORE_REPORT_TEMPLATES[reportId]
    > 185 |         setRunning(true)
          |         ^
      186 |         try {
      187 |             // Build query params from filters
      188 |             const params = new URLSearchParams()

      at printWarning 
(node_modules/react-dom/cjs/react-dom.development.js:86:30)
      at error (node_modules/react-dom/cjs/react-dom.development.js:60:7)
      at warnIfUpdatesNotWrappedWithActDEV 
(node_modules/react-dom/cjs/react-dom.development.js:27628:9)
      at scheduleUpdateOnFiber 
(node_modules/react-dom/cjs/react-dom.development.js:25547:5)
      at dispatchSetState 
(node_modules/react-dom/cjs/react-dom.development.js:16708:7)
      at handleRun (src/reporting/ReportRunPage/ReportRunPage.tsx:185:9)
      at HTMLUnknownElement.callCallback 
(node_modules/react-dom/cjs/react-dom.development.js:4164:14)
      at HTMLUnknownElement.callTheUserObjectsOperation 
(node_modules/jsdom/lib/jsdom/living/generated/EventListener.js:26:30)
      at innerInvokeEventListeners 
(node_modules/jsdom/lib/jsdom/living/events/EventTarget-impl.js:350:25)
      at invokeEventListeners 
(node_modules/jsdom/lib/jsdom/living/events/EventTarget-impl.js:286:3)
      at HTMLUnknownElementImpl._dispatch 
(node_modules/jsdom/lib/jsdom/living/events/EventTarget-impl.js:233:9)
      at HTMLUnknownElementImpl.dispatchEvent 
(node_modules/jsdom/lib/jsdom/living/events/EventTarget-impl.js:104:17)
      at HTMLUnknownElement.dispatchEvent 
(node_modules/jsdom/lib/jsdom/living/generated/EventTarget.js:241:34)
      at Object.invokeGuardedCallbackDev 
(node_modules/react-dom/cjs/react-dom.development.js:4213:16)
      at invokeGuardedCallback 
(node_modules/react-dom/cjs/react-dom.development.js:4277:31)
      at invokeGuardedCallbackAndCatchFirstError 
(node_modules/react-dom/cjs/react-dom.development.js:4291:25)
      at executeDispatch 
(node_modules/react-dom/cjs/react-dom.development.js:9041:3)
      at processDispatchQueueItemsInOrder 
(node_modules/react-dom/cjs/react-dom.development.js:9073:7)
      at processDispatchQueue 
(node_modules/react-dom/cjs/react-dom.development.js:9086:5)
      at dispatchEventsForPlugins 
(node_modules/react-dom/cjs/react-dom.development.js:9097:3)
      at node_modules/react-dom/cjs/react-dom.development.js:9288:12
      at batchedUpdates$1 
(node_modules/react-dom/cjs/react-dom.development.js:26179:12)
      at batchedUpdates 
(node_modules/react-dom/cjs/react-dom.development.js:3991:12)
      at dispatchEventForPluginEventSystem 
(node_modules/react-dom/cjs/react-dom.development.js:9287:3)
      at dispatchEventWithEnableCapturePhaseSelectiveHydrationWithoutDiscreteEv
entReplay (node_modules/react-dom/cjs/react-dom.development.js:6465:5)
      at dispatchEvent 
(node_modules/react-dom/cjs/react-dom.development.js:6457:5)
      at dispatchDiscreteEvent 
(node_modules/react-dom/cjs/react-dom.development.js:6430:5)
      at HTMLDivElement.callTheUserObjectsOperation 
(node_modules/jsdom/lib/jsdom/living/generated/EventListener.js:26:30)
      at innerInvokeEventListeners 
(node_modules/jsdom/lib/jsdom/living/events/EventTarget-impl.js:350:25)
      at invokeEventListeners 
(node_modules/jsdom/lib/jsdom/living/events/EventTarget-impl.js:286:3)
      at HTMLButtonElementImpl._dispatch 
(node_modules/jsdom/lib/jsdom/living/events/EventTarget-impl.js:233:9)
      at HTMLButtonElementImpl.dispatchEvent 
(node_modules/jsdom/lib/jsdom/living/events/EventTarget-impl.js:104:17)
      at HTMLButtonElement.dispatchEvent 
(node_modules/jsdom/lib/jsdom/living/generated/EventTarget.js:241:34)
      at 
node_modules/@testing-library/user-event/dist/cjs/event/dispatchEvent.js:45:43
      at Object.eventWrapper 
(node_modules/@testing-library/dom/dist/config.js:25:23)
      at Object.wrapEvent 
(node_modules/@testing-library/user-event/dist/cjs/event/wrapEvent.js:6:28)
      at Object.dispatchEvent (node_modules/@testing-library/user-event/dist/cj
s/event/dispatchEvent.js:45:22)
      at Object.dispatchUIEvent (node_modules/@testing-library/user-event/dist/
cjs/event/dispatchEvent.js:22:26)
      at Mouse.up (node_modules/@testing-library/user-event/dist/cjs/system/poi
nter/mouse.js:100:30)
      at PointerHost.release (node_modules/@testing-library/user-event/dist/cjs
/system/pointer/index.js:87:24)
      at pointerAction 
(node_modules/@testing-library/user-event/dist/cjs/pointer/index.js:54:47)
      at Object.pointer 
(node_modules/@testing-library/user-event/dist/cjs/pointer/index.js:27:9)
      at Object.<anonymous> (src/reporting/__tests__/reports.test.tsx:746:9)

    console.error
      Warning: An update to ReportRunPage inside a test was not wrapped in 
act(...).
      
      When testing, code that causes React state updates should be wrapped 
into act(...):
      
      act(() => {
        /* fire events that update state */
      });
      /* assert on the output */
      
      This ensures that you're testing the behavior the user would see in the 
browser. Learn more at https://reactjs.org/link/wrap-tests-with-act
          at ReportRunPage (C:\Users\samhe\OneDrive\Desktop\Cleaned\frontend\sr
c\reporting\ReportRunPage\ReportRunPage.tsx:76:35)
          at routeContext (C:\Users\samhe\OneDrive\Desktop\Cleaned\frontend\nod
e_modules\react-router\lib\hooks.tsx:658:26)
          at children (C:\Users\samhe\OneDrive\Desktop\Cleaned\frontend\node_mo
dules\react-router\lib\components.tsx:512:3)
          at basenameProp (C:\Users\samhe\OneDrive\Desktop\Cleaned\frontend\nod
e_modules\react-router\lib\components.tsx:421:13)
          at basename (C:\Users\samhe\OneDrive\Desktop\Cleaned\frontend\node_mo
dules\react-router\lib\components.tsx:225:3)

      201 |                 ? await 
runCoreReport(`${coreTemplate.data_source!}${qs ? `?${qs}` : ''}`)
      202 |                 : await runReport(parseInt(reportId, 10))
    > 203 |             setResults(res)
          |             ^
      204 |             setActiveTab('results')
      205 |         } catch {
      206 |             addNotification('Could not run report.', 'error')

      at printWarning 
(node_modules/react-dom/cjs/react-dom.development.js:86:30)
      at error (node_modules/react-dom/cjs/react-dom.development.js:60:7)
      at warnIfUpdatesNotWrappedWithActDEV 
(node_modules/react-dom/cjs/react-dom.development.js:27628:9)
      at scheduleUpdateOnFiber 
(node_modules/react-dom/cjs/react-dom.development.js:25547:5)
      at dispatchSetState 
(node_modules/react-dom/cjs/react-dom.development.js:16708:7)
      at handleRun (src/reporting/ReportRunPage/ReportRunPage.tsx:203:13)

    console.error
      Warning: An update to ReportRunPage inside a test was not wrapped in 
act(...).
      
      When testing, code that causes React state updates should be wrapped 
into act(...):
      
      act(() => {
        /* fire events that update state */
      });
      /* assert on the output */
      
      This ensures that you're testing the behavior the user would see in the 
browser. Learn more at https://reactjs.org/link/wrap-tests-with-act
          at ReportRunPage (C:\Users\samhe\OneDrive\Desktop\Cleaned\frontend\sr
c\reporting\ReportRunPage\ReportRunPage.tsx:76:35)
          at routeContext (C:\Users\samhe\OneDrive\Desktop\Cleaned\frontend\nod
e_modules\react-router\lib\hooks.tsx:658:26)
          at children (C:\Users\samhe\OneDrive\Desktop\Cleaned\frontend\node_mo
dules\react-router\lib\components.tsx:512:3)
          at basenameProp (C:\Users\samhe\OneDrive\Desktop\Cleaned\frontend\nod
e_modules\react-router\lib\components.tsx:421:13)
          at basename (C:\Users\samhe\OneDrive\Desktop\Cleaned\frontend\node_mo
dules\react-router\lib\components.tsx:225:3)

      202 |                 : await runReport(parseInt(reportId, 10))
      203 |             setResults(res)
    > 204 |             setActiveTab('results')
          |             ^
      205 |         } catch {
      206 |             addNotification('Could not run report.', 'error')
      207 |         } finally {

      at printWarning 
(node_modules/react-dom/cjs/react-dom.development.js:86:30)
      at error (node_modules/react-dom/cjs/react-dom.development.js:60:7)
      at warnIfUpdatesNotWrappedWithActDEV 
(node_modules/react-dom/cjs/react-dom.development.js:27628:9)
      at scheduleUpdateOnFiber 
(node_modules/react-dom/cjs/react-dom.development.js:25547:5)
      at dispatchSetState 
(node_modules/react-dom/cjs/react-dom.development.js:16708:7)
      at handleRun (src/reporting/ReportRunPage/ReportRunPage.tsx:204:13)

    console.error
      Warning: An update to ReportRunPage inside a test was not wrapped in 
act(...).
      
      When testing, code that causes React state updates should be wrapped 
into act(...):
      
      act(() => {
        /* fire events that update state */
      });
      /* assert on the output */
      
      This ensures that you're testing the behavior the user would see in the 
browser. Learn more at https://reactjs.org/link/wrap-tests-with-act
          at ReportRunPage (C:\Users\samhe\OneDrive\Desktop\Cleaned\frontend\sr
c\reporting\ReportRunPage\ReportRunPage.tsx:76:35)
          at routeContext (C:\Users\samhe\OneDrive\Desktop\Cleaned\frontend\nod
e_modules\react-router\lib\hooks.tsx:658:26)
          at children (C:\Users\samhe\OneDrive\Desktop\Cleaned\frontend\node_mo
dules\react-router\lib\components.tsx:512:3)
          at basenameProp (C:\Users\samhe\OneDrive\Desktop\Cleaned\frontend\nod
e_modules\react-router\lib\components.tsx:421:13)
          at basename (C:\Users\samhe\OneDrive\Desktop\Cleaned\frontend\node_mo
dules\react-router\lib\components.tsx:225:3)

      206 |             addNotification('Could not run report.', 'error')
      207 |         } finally {
    > 208 |             setRunning(false)
          |             ^
      209 |         }
      210 |     }
      211 |

      at printWarning 
(node_modules/react-dom/cjs/react-dom.development.js:86:30)
      at error (node_modules/react-dom/cjs/react-dom.development.js:60:7)
      at warnIfUpdatesNotWrappedWithActDEV 
(node_modules/react-dom/cjs/react-dom.development.js:27628:9)
      at scheduleUpdateOnFiber 
(node_modules/react-dom/cjs/react-dom.development.js:25547:5)
      at dispatchSetState 
(node_modules/react-dom/cjs/react-dom.development.js:16708:7)
      at handleRun (src/reporting/ReportRunPage/ReportRunPage.tsx:208:13)

    console.error
      Warning: An update to ReportRunPage inside a test was not wrapped in 
act(...).
      
      When testing, code that causes React state updates should be wrapped 
into act(...):
      
      act(() => {
        /* fire events that update state */
      });
      /* assert on the output */
      
      This ensures that you're testing the behavior the user would see in the 
browser. Learn more at https://reactjs.org/link/wrap-tests-with-act
          at ReportRunPage (C:\Users\samhe\OneDrive\Desktop\Cleaned\frontend\sr
c\reporting\ReportRunPage\ReportRunPage.tsx:76:35)
          at routeContext (C:\Users\samhe\OneDrive\Desktop\Cleaned\frontend\nod
e_modules\react-router\lib\hooks.tsx:658:26)
          at children (C:\Users\samhe\OneDrive\Desktop\Cleaned\frontend\node_mo
dules\react-router\lib\components.tsx:512:3)
          at basenameProp (C:\Users\samhe\OneDrive\Desktop\Cleaned\frontend\nod
e_modules\react-router\lib\components.tsx:421:13)
          at basename (C:\Users\samhe\OneDrive\Desktop\Cleaned\frontend\node_mo
dules\react-router\lib\components.tsx:225:3)

      183 |         if (!reportId) return
      184 |         const coreTemplate = CORE_REPORT_TEMPLATES[reportId]
    > 185 |         setRunning(true)
          |         ^
      186 |         try {
      187 |             // Build query params from filters
      188 |             const params = new URLSearchParams()

      at printWarning 
(node_modules/react-dom/cjs/react-dom.development.js:86:30)
      at error (node_modules/react-dom/cjs/react-dom.development.js:60:7)
      at warnIfUpdatesNotWrappedWithActDEV 
(node_modules/react-dom/cjs/react-dom.development.js:27628:9)
      at scheduleUpdateOnFiber 
(node_modules/react-dom/cjs/react-dom.development.js:25547:5)
      at dispatchSetState 
(node_modules/react-dom/cjs/react-dom.development.js:16708:7)
      at handleRun (src/reporting/ReportRunPage/ReportRunPage.tsx:185:9)
      at HTMLUnknownElement.callCallback 
(node_modules/react-dom/cjs/react-dom.development.js:4164:14)
      at HTMLUnknownElement.callTheUserObjectsOperation 
(node_modules/jsdom/lib/jsdom/living/generated/EventListener.js:26:30)
      at innerInvokeEventListeners 
(node_modules/jsdom/lib/jsdom/living/events/EventTarget-impl.js:350:25)
      at invokeEventListeners 
(node_modules/jsdom/lib/jsdom/living/events/EventTarget-impl.js:286:3)
      at HTMLUnknownElementImpl._dispatch 
(node_modules/jsdom/lib/jsdom/living/events/EventTarget-impl.js:233:9)
      at HTMLUnknownElementImpl.dispatchEvent 
(node_modules/jsdom/lib/jsdom/living/events/EventTarget-impl.js:104:17)
      at HTMLUnknownElement.dispatchEvent 
(node_modules/jsdom/lib/jsdom/living/generated/EventTarget.js:241:34)
      at Object.invokeGuardedCallbackDev 
(node_modules/react-dom/cjs/react-dom.development.js:4213:16)
      at invokeGuardedCallback 
(node_modules/react-dom/cjs/react-dom.development.js:4277:31)
      at invokeGuardedCallbackAndCatchFirstError 
(node_modules/react-dom/cjs/react-dom.development.js:4291:25)
      at executeDispatch 
(node_modules/react-dom/cjs/react-dom.development.js:9041:3)
      at processDispatchQueueItemsInOrder 
(node_modules/react-dom/cjs/react-dom.development.js:9073:7)
      at processDispatchQueue 
(node_modules/react-dom/cjs/react-dom.development.js:9086:5)
      at dispatchEventsForPlugins 
(node_modules/react-dom/cjs/react-dom.development.js:9097:3)
      at node_modules/react-dom/cjs/react-dom.development.js:9288:12
      at batchedUpdates$1 
(node_modules/react-dom/cjs/react-dom.development.js:26179:12)
      at batchedUpdates 
(node_modules/react-dom/cjs/react-dom.development.js:3991:12)
      at dispatchEventForPluginEventSystem 
(node_modules/react-dom/cjs/react-dom.development.js:9287:3)
      at dispatchEventWithEnableCapturePhaseSelectiveHydrationWithoutDiscreteEv
entReplay (node_modules/react-dom/cjs/react-dom.development.js:6465:5)
      at dispatchEvent 
(node_modules/react-dom/cjs/react-dom.development.js:6457:5)
      at dispatchDiscreteEvent 
(node_modules/react-dom/cjs/react-dom.development.js:6430:5)
      at HTMLDivElement.callTheUserObjectsOperation 
(node_modules/jsdom/lib/jsdom/living/generated/EventListener.js:26:30)
      at innerInvokeEventListeners 
(node_modules/jsdom/lib/jsdom/living/events/EventTarget-impl.js:350:25)
      at invokeEventListeners 
(node_modules/jsdom/lib/jsdom/living/events/EventTarget-impl.js:286:3)
      at HTMLButtonElementImpl._dispatch 
(node_modules/jsdom/lib/jsdom/living/events/EventTarget-impl.js:233:9)
      at HTMLButtonElementImpl.dispatchEvent 
(node_modules/jsdom/lib/jsdom/living/events/EventTarget-impl.js:104:17)
      at HTMLButtonElement.dispatchEvent 
(node_modules/jsdom/lib/jsdom/living/generated/EventTarget.js:241:34)
      at 
node_modules/@testing-library/user-event/dist/cjs/event/dispatchEvent.js:45:43
      at Object.eventWrapper 
(node_modules/@testing-library/dom/dist/config.js:25:23)
      at Object.wrapEvent 
(node_modules/@testing-library/user-event/dist/cjs/event/wrapEvent.js:6:28)
      at Object.dispatchEvent (node_modules/@testing-library/user-event/dist/cj
s/event/dispatchEvent.js:45:22)
      at Object.dispatchUIEvent (node_modules/@testing-library/user-event/dist/
cjs/event/dispatchEvent.js:22:26)
      at Mouse.up (node_modules/@testing-library/user-event/dist/cjs/system/poi
nter/mouse.js:100:30)
      at PointerHost.release (node_modules/@testing-library/user-event/dist/cjs
/system/pointer/index.js:87:24)
      at pointerAction 
(node_modules/@testing-library/user-event/dist/cjs/pointer/index.js:54:47)
      at Object.pointer 
(node_modules/@testing-library/user-event/dist/cjs/pointer/index.js:27:9)
      at Object.<anonymous> (src/reporting/__tests__/reports.test.tsx:754:9)

    console.error
      Warning: An update to ReportRunPage inside a test was not wrapped in 
act(...).
      
      When testing, code that causes React state updates should be wrapped 
into act(...):
      
      act(() => {
        /* fire events that update state */
      });
      /* assert on the output */
      
      This ensures that you're testing the behavior the user would see in the 
browser. Learn more at https://reactjs.org/link/wrap-tests-with-act
          at ReportRunPage (C:\Users\samhe\OneDrive\Desktop\Cleaned\frontend\sr
c\reporting\ReportRunPage\ReportRunPage.tsx:76:35)
          at routeContext (C:\Users\samhe\OneDrive\Desktop\Cleaned\frontend\nod
e_modules\react-router\lib\hooks.tsx:658:26)
          at children (C:\Users\samhe\OneDrive\Desktop\Cleaned\frontend\node_mo
dules\react-router\lib\components.tsx:512:3)
          at basenameProp (C:\Users\samhe\OneDrive\Desktop\Cleaned\frontend\nod
e_modules\react-router\lib\components.tsx:421:13)
          at basename (C:\Users\samhe\OneDrive\Desktop\Cleaned\frontend\node_mo
dules\react-router\lib\components.tsx:225:3)

      201 |                 ? await 
runCoreReport(`${coreTemplate.data_source!}${qs ? `?${qs}` : ''}`)
      202 |                 : await runReport(parseInt(reportId, 10))
    > 203 |             setResults(res)
          |             ^
      204 |             setActiveTab('results')
      205 |         } catch {
      206 |             addNotification('Could not run report.', 'error')

      at printWarning 
(node_modules/react-dom/cjs/react-dom.development.js:86:30)
      at error (node_modules/react-dom/cjs/react-dom.development.js:60:7)
      at warnIfUpdatesNotWrappedWithActDEV 
(node_modules/react-dom/cjs/react-dom.development.js:27628:9)
      at scheduleUpdateOnFiber 
(node_modules/react-dom/cjs/react-dom.development.js:25547:5)
      at dispatchSetState 
(node_modules/react-dom/cjs/react-dom.development.js:16708:7)
      at handleRun (src/reporting/ReportRunPage/ReportRunPage.tsx:203:13)

    console.error
      Warning: An update to ReportRunPage inside a test was not wrapped in 
act(...).
      
      When testing, code that causes React state updates should be wrapped 
into act(...):
      
      act(() => {
        /* fire events that update state */
      });
      /* assert on the output */
      
      This ensures that you're testing the behavior the user would see in the 
browser. Learn more at https://reactjs.org/link/wrap-tests-with-act
          at ReportRunPage (C:\Users\samhe\OneDrive\Desktop\Cleaned\frontend\sr
c\reporting\ReportRunPage\ReportRunPage.tsx:76:35)
          at routeContext (C:\Users\samhe\OneDrive\Desktop\Cleaned\frontend\nod
e_modules\react-router\lib\hooks.tsx:658:26)
          at children (C:\Users\samhe\OneDrive\Desktop\Cleaned\frontend\node_mo
dules\react-router\lib\components.tsx:512:3)
          at basenameProp (C:\Users\samhe\OneDrive\Desktop\Cleaned\frontend\nod
e_modules\react-router\lib\components.tsx:421:13)
          at basename (C:\Users\samhe\OneDrive\Desktop\Cleaned\frontend\node_mo
dules\react-router\lib\components.tsx:225:3)

      202 |                 : await runReport(parseInt(reportId, 10))
      203 |             setResults(res)
    > 204 |             setActiveTab('results')
          |             ^
      205 |         } catch {
      206 |             addNotification('Could not run report.', 'error')
      207 |         } finally {

      at printWarning 
(node_modules/react-dom/cjs/react-dom.development.js:86:30)
      at error (node_modules/react-dom/cjs/react-dom.development.js:60:7)
      at warnIfUpdatesNotWrappedWithActDEV 
(node_modules/react-dom/cjs/react-dom.development.js:27628:9)
      at scheduleUpdateOnFiber 
(node_modules/react-dom/cjs/react-dom.development.js:25547:5)
      at dispatchSetState 
(node_modules/react-dom/cjs/react-dom.development.js:16708:7)
      at handleRun (src/reporting/ReportRunPage/ReportRunPage.tsx:204:13)

    console.error
      Warning: An update to ReportRunPage inside a test was not wrapped in 
act(...).
      
      When testing, code that causes React state updates should be wrapped 
into act(...):
      
      act(() => {
        /* fire events that update state */
      });
      /* assert on the output */
      
      This ensures that you're testing the behavior the user would see in the 
browser. Learn more at https://reactjs.org/link/wrap-tests-with-act
          at ReportRunPage (C:\Users\samhe\OneDrive\Desktop\Cleaned\frontend\sr
c\reporting\ReportRunPage\ReportRunPage.tsx:76:35)
          at routeContext (C:\Users\samhe\OneDrive\Desktop\Cleaned\frontend\nod
e_modules\react-router\lib\hooks.tsx:658:26)
          at children (C:\Users\samhe\OneDrive\Desktop\Cleaned\frontend\node_mo
dules\react-router\lib\components.tsx:512:3)
          at basenameProp (C:\Users\samhe\OneDrive\Desktop\Cleaned\frontend\nod
e_modules\react-router\lib\components.tsx:421:13)
          at basename (C:\Users\samhe\OneDrive\Desktop\Cleaned\frontend\node_mo
dules\react-router\lib\components.tsx:225:3)

      206 |             addNotification('Could not run report.', 'error')
      207 |         } finally {
    > 208 |             setRunning(false)
          |             ^
      209 |         }
      210 |     }
      211 |

      at printWarning 
(node_modules/react-dom/cjs/react-dom.development.js:86:30)
      at error (node_modules/react-dom/cjs/react-dom.development.js:60:7)
      at warnIfUpdatesNotWrappedWithActDEV 
(node_modules/react-dom/cjs/react-dom.development.js:27628:9)
      at scheduleUpdateOnFiber 
(node_modules/react-dom/cjs/react-dom.development.js:25547:5)
      at dispatchSetState 
(node_modules/react-dom/cjs/react-dom.development.js:16708:7)
      at handleRun (src/reporting/ReportRunPage/ReportRunPage.tsx:208:13)

    console.error
      Warning: An update to ReportRunPage inside a test was not wrapped in 
act(...).
      
      When testing, code that causes React state updates should be wrapped 
into act(...):
      
      act(() => {
        /* fire events that update state */
      });
      /* assert on the output */
      
      This ensures that you're testing the behavior the user would see in the 
browser. Learn more at https://reactjs.org/link/wrap-tests-with-act
          at ReportRunPage (C:\Users\samhe\OneDrive\Desktop\Cleaned\frontend\sr
c\reporting\ReportRunPage\ReportRunPage.tsx:76:35)
          at routeContext (C:\Users\samhe\OneDrive\Desktop\Cleaned\frontend\nod
e_modules\react-router\lib\hooks.tsx:658:26)
          at children (C:\Users\samhe\OneDrive\Desktop\Cleaned\frontend\node_mo
dules\react-router\lib\components.tsx:512:3)
          at basenameProp (C:\Users\samhe\OneDrive\Desktop\Cleaned\frontend\nod
e_modules\react-router\lib\components.tsx:421:13)
          at basename (C:\Users\samhe\OneDrive\Desktop\Cleaned\frontend\node_mo
dules\react-router\lib\components.tsx:225:3)

      183 |         if (!reportId) return
      184 |         const coreTemplate = CORE_REPORT_TEMPLATES[reportId]
    > 185 |         setRunning(true)
          |         ^
      186 |         try {
      187 |             // Build query params from filters
      188 |             const params = new URLSearchParams()

      at printWarning 
(node_modules/react-dom/cjs/react-dom.development.js:86:30)
      at error (node_modules/react-dom/cjs/react-dom.development.js:60:7)
      at warnIfUpdatesNotWrappedWithActDEV 
(node_modules/react-dom/cjs/react-dom.development.js:27628:9)
      at scheduleUpdateOnFiber 
(node_modules/react-dom/cjs/react-dom.development.js:25547:5)
      at dispatchSetState 
(node_modules/react-dom/cjs/react-dom.development.js:16708:7)
      at handleRun (src/reporting/ReportRunPage/ReportRunPage.tsx:185:9)
      at HTMLUnknownElement.callCallback 
(node_modules/react-dom/cjs/react-dom.development.js:4164:14)
      at HTMLUnknownElement.callTheUserObjectsOperation 
(node_modules/jsdom/lib/jsdom/living/generated/EventListener.js:26:30)
      at innerInvokeEventListeners 
(node_modules/jsdom/lib/jsdom/living/events/EventTarget-impl.js:350:25)
      at invokeEventListeners 
(node_modules/jsdom/lib/jsdom/living/events/EventTarget-impl.js:286:3)
      at HTMLUnknownElementImpl._dispatch 
(node_modules/jsdom/lib/jsdom/living/events/EventTarget-impl.js:233:9)
      at HTMLUnknownElementImpl.dispatchEvent 
(node_modules/jsdom/lib/jsdom/living/events/EventTarget-impl.js:104:17)
      at HTMLUnknownElement.dispatchEvent 
(node_modules/jsdom/lib/jsdom/living/generated/EventTarget.js:241:34)
      at Object.invokeGuardedCallbackDev 
(node_modules/react-dom/cjs/react-dom.development.js:4213:16)
      at invokeGuardedCallback 
(node_modules/react-dom/cjs/react-dom.development.js:4277:31)
      at invokeGuardedCallbackAndCatchFirstError 
(node_modules/react-dom/cjs/react-dom.development.js:4291:25)
      at executeDispatch 
(node_modules/react-dom/cjs/react-dom.development.js:9041:3)
      at processDispatchQueueItemsInOrder 
(node_modules/react-dom/cjs/react-dom.development.js:9073:7)
      at processDispatchQueue 
(node_modules/react-dom/cjs/react-dom.development.js:9086:5)
      at dispatchEventsForPlugins 
(node_modules/react-dom/cjs/react-dom.development.js:9097:3)
      at node_modules/react-dom/cjs/react-dom.development.js:9288:12
      at batchedUpdates$1 
(node_modules/react-dom/cjs/react-dom.development.js:26179:12)
      at batchedUpdates 
(node_modules/react-dom/cjs/react-dom.development.js:3991:12)
      at dispatchEventForPluginEventSystem 
(node_modules/react-dom/cjs/react-dom.development.js:9287:3)
      at dispatchEventWithEnableCapturePhaseSelectiveHydrationWithoutDiscreteEv
entReplay (node_modules/react-dom/cjs/react-dom.development.js:6465:5)
      at dispatchEvent 
(node_modules/react-dom/cjs/react-dom.development.js:6457:5)
      at dispatchDiscreteEvent 
(node_modules/react-dom/cjs/react-dom.development.js:6430:5)
      at HTMLDivElement.callTheUserObjectsOperation 
(node_modules/jsdom/lib/jsdom/living/generated/EventListener.js:26:30)
      at innerInvokeEventListeners 
(node_modules/jsdom/lib/jsdom/living/events/EventTarget-impl.js:350:25)
      at invokeEventListeners 
(node_modules/jsdom/lib/jsdom/living/events/EventTarget-impl.js:286:3)
      at HTMLButtonElementImpl._dispatch 
(node_modules/jsdom/lib/jsdom/living/events/EventTarget-impl.js:233:9)
      at HTMLButtonElementImpl.dispatchEvent 
(node_modules/jsdom/lib/jsdom/living/events/EventTarget-impl.js:104:17)
      at HTMLButtonElement.dispatchEvent 
(node_modules/jsdom/lib/jsdom/living/generated/EventTarget.js:241:34)
      at 
node_modules/@testing-library/user-event/dist/cjs/event/dispatchEvent.js:45:43
      at Object.eventWrapper 
(node_modules/@testing-library/dom/dist/config.js:25:23)
      at Object.wrapEvent 
(node_modules/@testing-library/user-event/dist/cjs/event/wrapEvent.js:6:28)
      at Object.dispatchEvent (node_modules/@testing-library/user-event/dist/cj
s/event/dispatchEvent.js:45:22)
      at Object.dispatchUIEvent (node_modules/@testing-library/user-event/dist/
cjs/event/dispatchEvent.js:22:26)
      at Mouse.up (node_modules/@testing-library/user-event/dist/cjs/system/poi
nter/mouse.js:100:30)
      at PointerHost.release (node_modules/@testing-library/user-event/dist/cjs
/system/pointer/index.js:87:24)
      at pointerAction 
(node_modules/@testing-library/user-event/dist/cjs/pointer/index.js:54:47)
      at Object.pointer 
(node_modules/@testing-library/user-event/dist/cjs/pointer/index.js:27:9)
      at Object.<anonymous> (src/reporting/__tests__/reports.test.tsx:763:9)

    console.error
      Warning: An update to ReportRunPage inside a test was not wrapped in 
act(...).
      
      When testing, code that causes React state updates should be wrapped 
into act(...):
      
      act(() => {
        /* fire events that update state */
      });
      /* assert on the output */
      
      This ensures that you're testing the behavior the user would see in the 
browser. Learn more at https://reactjs.org/link/wrap-tests-with-act
          at ReportRunPage (C:\Users\samhe\OneDrive\Desktop\Cleaned\frontend\sr
c\reporting\ReportRunPage\ReportRunPage.tsx:76:35)
          at routeContext (C:\Users\samhe\OneDrive\Desktop\Cleaned\frontend\nod
e_modules\react-router\lib\hooks.tsx:658:26)
          at children (C:\Users\samhe\OneDrive\Desktop\Cleaned\frontend\node_mo
dules\react-router\lib\components.tsx:512:3)
          at basenameProp (C:\Users\samhe\OneDrive\Desktop\Cleaned\frontend\nod
e_modules\react-router\lib\components.tsx:421:13)
          at basename (C:\Users\samhe\OneDrive\Desktop\Cleaned\frontend\node_mo
dules\react-router\lib\components.tsx:225:3)

      201 |                 ? await 
runCoreReport(`${coreTemplate.data_source!}${qs ? `?${qs}` : ''}`)
      202 |                 : await runReport(parseInt(reportId, 10))
    > 203 |             setResults(res)
          |             ^
      204 |             setActiveTab('results')
      205 |         } catch {
      206 |             addNotification('Could not run report.', 'error')

      at printWarning 
(node_modules/react-dom/cjs/react-dom.development.js:86:30)
      at error (node_modules/react-dom/cjs/react-dom.development.js:60:7)
      at warnIfUpdatesNotWrappedWithActDEV 
(node_modules/react-dom/cjs/react-dom.development.js:27628:9)
      at scheduleUpdateOnFiber 
(node_modules/react-dom/cjs/react-dom.development.js:25547:5)
      at dispatchSetState 
(node_modules/react-dom/cjs/react-dom.development.js:16708:7)
      at handleRun (src/reporting/ReportRunPage/ReportRunPage.tsx:203:13)

    console.error
      Warning: An update to ReportRunPage inside a test was not wrapped in 
act(...).
      
      When testing, code that causes React state updates should be wrapped 
into act(...):
      
      act(() => {
        /* fire events that update state */
      });
      /* assert on the output */
      
      This ensures that you're testing the behavior the user would see in the 
browser. Learn more at https://reactjs.org/link/wrap-tests-with-act
          at ReportRunPage (C:\Users\samhe\OneDrive\Desktop\Cleaned\frontend\sr
c\reporting\ReportRunPage\ReportRunPage.tsx:76:35)
          at routeContext (C:\Users\samhe\OneDrive\Desktop\Cleaned\frontend\nod
e_modules\react-router\lib\hooks.tsx:658:26)
          at children (C:\Users\samhe\OneDrive\Desktop\Cleaned\frontend\node_mo
dules\react-router\lib\components.tsx:512:3)
          at basenameProp (C:\Users\samhe\OneDrive\Desktop\Cleaned\frontend\nod
e_modules\react-router\lib\components.tsx:421:13)
          at basename (C:\Users\samhe\OneDrive\Desktop\Cleaned\frontend\node_mo
dules\react-router\lib\components.tsx:225:3)

      202 |                 : await runReport(parseInt(reportId, 10))
      203 |             setResults(res)
    > 204 |             setActiveTab('results')
          |             ^
      205 |         } catch {
      206 |             addNotification('Could not run report.', 'error')
      207 |         } finally {

      at printWarning 
(node_modules/react-dom/cjs/react-dom.development.js:86:30)
      at error (node_modules/react-dom/cjs/react-dom.development.js:60:7)
      at warnIfUpdatesNotWrappedWithActDEV 
(node_modules/react-dom/cjs/react-dom.development.js:27628:9)
      at scheduleUpdateOnFiber 
(node_modules/react-dom/cjs/react-dom.development.js:25547:5)
      at dispatchSetState 
(node_modules/react-dom/cjs/react-dom.development.js:16708:7)
      at handleRun (src/reporting/ReportRunPage/ReportRunPage.tsx:204:13)

    console.error
      Warning: An update to ReportRunPage inside a test was not wrapped in 
act(...).
      
      When testing, code that causes React state updates should be wrapped 
into act(...):
      
      act(() => {
        /* fire events that update state */
      });
      /* assert on the output */
      
      This ensures that you're testing the behavior the user would see in the 
browser. Learn more at https://reactjs.org/link/wrap-tests-with-act
          at ReportRunPage (C:\Users\samhe\OneDrive\Desktop\Cleaned\frontend\sr
c\reporting\ReportRunPage\ReportRunPage.tsx:76:35)
          at routeContext (C:\Users\samhe\OneDrive\Desktop\Cleaned\frontend\nod
e_modules\react-router\lib\hooks.tsx:658:26)
          at children (C:\Users\samhe\OneDrive\Desktop\Cleaned\frontend\node_mo
dules\react-router\lib\components.tsx:512:3)
          at basenameProp (C:\Users\samhe\OneDrive\Desktop\Cleaned\frontend\nod
e_modules\react-router\lib\components.tsx:421:13)
          at basename (C:\Users\samhe\OneDrive\Desktop\Cleaned\frontend\node_mo
dules\react-router\lib\components.tsx:225:3)

      206 |             addNotification('Could not run report.', 'error')
      207 |         } finally {
    > 208 |             setRunning(false)
          |             ^
      209 |         }
      210 |     }
      211 |

      at printWarning 
(node_modules/react-dom/cjs/react-dom.development.js:86:30)
      at error (node_modules/react-dom/cjs/react-dom.development.js:60:7)
      at warnIfUpdatesNotWrappedWithActDEV 
(node_modules/react-dom/cjs/react-dom.development.js:27628:9)
      at scheduleUpdateOnFiber 
(node_modules/react-dom/cjs/react-dom.development.js:25547:5)
      at dispatchSetState 
(node_modules/react-dom/cjs/react-dom.development.js:16708:7)
      at handleRun (src/reporting/ReportRunPage/ReportRunPage.tsx:208:13)

    console.error
      Warning: An update to ReportRunPage inside a test was not wrapped in 
act(...).
      
      When testing, code that causes React state updates should be wrapped 
into act(...):
      
      act(() => {
        /* fire events that update state */
      });
      /* assert on the output */
      
      This ensures that you're testing the behavior the user would see in the 
browser. Learn more at https://reactjs.org/link/wrap-tests-with-act
          at ReportRunPage (C:\Users\samhe\OneDrive\Desktop\Cleaned\frontend\sr
c\reporting\ReportRunPage\ReportRunPage.tsx:76:35)
          at routeContext (C:\Users\samhe\OneDrive\Desktop\Cleaned\frontend\nod
e_modules\react-router\lib\hooks.tsx:658:26)
          at children (C:\Users\samhe\OneDrive\Desktop\Cleaned\frontend\node_mo
dules\react-router\lib\components.tsx:512:3)
          at basenameProp (C:\Users\samhe\OneDrive\Desktop\Cleaned\frontend\nod
e_modules\react-router\lib\components.tsx:421:13)
          at basename (C:\Users\samhe\OneDrive\Desktop\Cleaned\frontend\node_mo
dules\react-router\lib\components.tsx:225:3)

      183 |         if (!reportId) return
      184 |         const coreTemplate = CORE_REPORT_TEMPLATES[reportId]
    > 185 |         setRunning(true)
          |         ^
      186 |         try {
      187 |             // Build query params from filters
      188 |             const params = new URLSearchParams()

      at printWarning 
(node_modules/react-dom/cjs/react-dom.development.js:86:30)
      at error (node_modules/react-dom/cjs/react-dom.development.js:60:7)
      at warnIfUpdatesNotWrappedWithActDEV 
(node_modules/react-dom/cjs/react-dom.development.js:27628:9)
      at scheduleUpdateOnFiber 
(node_modules/react-dom/cjs/react-dom.development.js:25547:5)
      at dispatchSetState 
(node_modules/react-dom/cjs/react-dom.development.js:16708:7)
      at handleRun (src/reporting/ReportRunPage/ReportRunPage.tsx:185:9)
      at HTMLUnknownElement.callCallback 
(node_modules/react-dom/cjs/react-dom.development.js:4164:14)
      at HTMLUnknownElement.callTheUserObjectsOperation 
(node_modules/jsdom/lib/jsdom/living/generated/EventListener.js:26:30)
      at innerInvokeEventListeners 
(node_modules/jsdom/lib/jsdom/living/events/EventTarget-impl.js:350:25)
      at invokeEventListeners 
(node_modules/jsdom/lib/jsdom/living/events/EventTarget-impl.js:286:3)
      at HTMLUnknownElementImpl._dispatch 
(node_modules/jsdom/lib/jsdom/living/events/EventTarget-impl.js:233:9)
      at HTMLUnknownElementImpl.dispatchEvent 
(node_modules/jsdom/lib/jsdom/living/events/EventTarget-impl.js:104:17)
      at HTMLUnknownElement.dispatchEvent 
(node_modules/jsdom/lib/jsdom/living/generated/EventTarget.js:241:34)
      at Object.invokeGuardedCallbackDev 
(node_modules/react-dom/cjs/react-dom.development.js:4213:16)
      at invokeGuardedCallback 
(node_modules/react-dom/cjs/react-dom.development.js:4277:31)
      at invokeGuardedCallbackAndCatchFirstError 
(node_modules/react-dom/cjs/react-dom.development.js:4291:25)
      at executeDispatch 
(node_modules/react-dom/cjs/react-dom.development.js:9041:3)
      at processDispatchQueueItemsInOrder 
(node_modules/react-dom/cjs/react-dom.development.js:9073:7)
      at processDispatchQueue 
(node_modules/react-dom/cjs/react-dom.development.js:9086:5)
      at dispatchEventsForPlugins 
(node_modules/react-dom/cjs/react-dom.development.js:9097:3)
      at node_modules/react-dom/cjs/react-dom.development.js:9288:12
      at batchedUpdates$1 
(node_modules/react-dom/cjs/react-dom.development.js:26179:12)
      at batchedUpdates 
(node_modules/react-dom/cjs/react-dom.development.js:3991:12)
      at dispatchEventForPluginEventSystem 
(node_modules/react-dom/cjs/react-dom.development.js:9287:3)
      at dispatchEventWithEnableCapturePhaseSelectiveHydrationWithoutDiscreteEv
entReplay (node_modules/react-dom/cjs/react-dom.development.js:6465:5)
      at dispatchEvent 
(node_modules/react-dom/cjs/react-dom.development.js:6457:5)
      at dispatchDiscreteEvent 
(node_modules/react-dom/cjs/react-dom.development.js:6430:5)
      at HTMLDivElement.callTheUserObjectsOperation 
(node_modules/jsdom/lib/jsdom/living/generated/EventListener.js:26:30)
      at innerInvokeEventListeners 
(node_modules/jsdom/lib/jsdom/living/events/EventTarget-impl.js:350:25)
      at invokeEventListeners 
(node_modules/jsdom/lib/jsdom/living/events/EventTarget-impl.js:286:3)
      at HTMLButtonElementImpl._dispatch 
(node_modules/jsdom/lib/jsdom/living/events/EventTarget-impl.js:233:9)
      at HTMLButtonElementImpl.dispatchEvent 
(node_modules/jsdom/lib/jsdom/living/events/EventTarget-impl.js:104:17)
      at HTMLButtonElement.dispatchEvent 
(node_modules/jsdom/lib/jsdom/living/generated/EventTarget.js:241:34)
      at 
node_modules/@testing-library/user-event/dist/cjs/event/dispatchEvent.js:45:43
      at Object.eventWrapper 
(node_modules/@testing-library/dom/dist/config.js:25:23)
      at Object.wrapEvent 
(node_modules/@testing-library/user-event/dist/cjs/event/wrapEvent.js:6:28)
      at Object.dispatchEvent (node_modules/@testing-library/user-event/dist/cj
s/event/dispatchEvent.js:45:22)
      at Object.dispatchUIEvent (node_modules/@testing-library/user-event/dist/
cjs/event/dispatchEvent.js:22:26)
      at Mouse.up (node_modules/@testing-library/user-event/dist/cjs/system/poi
nter/mouse.js:100:30)
      at PointerHost.release (node_modules/@testing-library/user-event/dist/cjs
/system/pointer/index.js:87:24)
      at pointerAction 
(node_modules/@testing-library/user-event/dist/cjs/pointer/index.js:54:47)
      at Object.pointer 
(node_modules/@testing-library/user-event/dist/cjs/pointer/index.js:27:9)
      at Object.<anonymous> (src/reporting/__tests__/reports.test.tsx:771:9)

    console.error
      Warning: An update to ReportRunPage inside a test was not wrapped in 
act(...).
      
      When testing, code that causes React state updates should be wrapped 
into act(...):
      
      act(() => {
        /* fire events that update state */
      });
      /* assert on the output */
      
      This ensures that you're testing the behavior the user would see in the 
browser. Learn more at https://reactjs.org/link/wrap-tests-with-act
          at ReportRunPage (C:\Users\samhe\OneDrive\Desktop\Cleaned\frontend\sr
c\reporting\ReportRunPage\ReportRunPage.tsx:76:35)
          at routeContext (C:\Users\samhe\OneDrive\Desktop\Cleaned\frontend\nod
e_modules\react-router\lib\hooks.tsx:658:26)
          at children (C:\Users\samhe\OneDrive\Desktop\Cleaned\frontend\node_mo
dules\react-router\lib\components.tsx:512:3)
          at basenameProp (C:\Users\samhe\OneDrive\Desktop\Cleaned\frontend\nod
e_modules\react-router\lib\components.tsx:421:13)
          at basename (C:\Users\samhe\OneDrive\Desktop\Cleaned\frontend\node_mo
dules\react-router\lib\components.tsx:225:3)

      201 |                 ? await 
runCoreReport(`${coreTemplate.data_source!}${qs ? `?${qs}` : ''}`)
      202 |                 : await runReport(parseInt(reportId, 10))
    > 203 |             setResults(res)
          |             ^
      204 |             setActiveTab('results')
      205 |         } catch {
      206 |             addNotification('Could not run report.', 'error')

      at printWarning 
(node_modules/react-dom/cjs/react-dom.development.js:86:30)
      at error (node_modules/react-dom/cjs/react-dom.development.js:60:7)
      at warnIfUpdatesNotWrappedWithActDEV 
(node_modules/react-dom/cjs/react-dom.development.js:27628:9)
      at scheduleUpdateOnFiber 
(node_modules/react-dom/cjs/react-dom.development.js:25547:5)
      at dispatchSetState 
(node_modules/react-dom/cjs/react-dom.development.js:16708:7)
      at handleRun (src/reporting/ReportRunPage/ReportRunPage.tsx:203:13)

    console.error
      Warning: An update to ReportRunPage inside a test was not wrapped in 
act(...).
      
      When testing, code that causes React state updates should be wrapped 
into act(...):
      
      act(() => {
        /* fire events that update state */
      });
      /* assert on the output */
      
      This ensures that you're testing the behavior the user would see in the 
browser. Learn more at https://reactjs.org/link/wrap-tests-with-act
          at ReportRunPage (C:\Users\samhe\OneDrive\Desktop\Cleaned\frontend\sr
c\reporting\ReportRunPage\ReportRunPage.tsx:76:35)
          at routeContext (C:\Users\samhe\OneDrive\Desktop\Cleaned\frontend\nod
e_modules\react-router\lib\hooks.tsx:658:26)
          at children (C:\Users\samhe\OneDrive\Desktop\Cleaned\frontend\node_mo
dules\react-router\lib\components.tsx:512:3)
          at basenameProp (C:\Users\samhe\OneDrive\Desktop\Cleaned\frontend\nod
e_modules\react-router\lib\components.tsx:421:13)
          at basename (C:\Users\samhe\OneDrive\Desktop\Cleaned\frontend\node_mo
dules\react-router\lib\components.tsx:225:3)

      202 |                 : await runReport(parseInt(reportId, 10))
      203 |             setResults(res)
    > 204 |             setActiveTab('results')
          |             ^
      205 |         } catch {
      206 |             addNotification('Could not run report.', 'error')
      207 |         } finally {

      at printWarning 
(node_modules/react-dom/cjs/react-dom.development.js:86:30)
      at error (node_modules/react-dom/cjs/react-dom.development.js:60:7)
      at warnIfUpdatesNotWrappedWithActDEV 
(node_modules/react-dom/cjs/react-dom.development.js:27628:9)
      at scheduleUpdateOnFiber 
(node_modules/react-dom/cjs/react-dom.development.js:25547:5)
      at dispatchSetState 
(node_modules/react-dom/cjs/react-dom.development.js:16708:7)
      at handleRun (src/reporting/ReportRunPage/ReportRunPage.tsx:204:13)

    console.error
      Warning: An update to ReportRunPage inside a test was not wrapped in 
act(...).
      
      When testing, code that causes React state updates should be wrapped 
into act(...):
      
      act(() => {
        /* fire events that update state */
      });
      /* assert on the output */
      
      This ensures that you're testing the behavior the user would see in the 
browser. Learn more at https://reactjs.org/link/wrap-tests-with-act
          at ReportRunPage (C:\Users\samhe\OneDrive\Desktop\Cleaned\frontend\sr
c\reporting\ReportRunPage\ReportRunPage.tsx:76:35)
          at routeContext (C:\Users\samhe\OneDrive\Desktop\Cleaned\frontend\nod
e_modules\react-router\lib\hooks.tsx:658:26)
          at children (C:\Users\samhe\OneDrive\Desktop\Cleaned\frontend\node_mo
dules\react-router\lib\components.tsx:512:3)
          at basenameProp (C:\Users\samhe\OneDrive\Desktop\Cleaned\frontend\nod
e_modules\react-router\lib\components.tsx:421:13)
          at basename (C:\Users\samhe\OneDrive\Desktop\Cleaned\frontend\node_mo
dules\react-router\lib\components.tsx:225:3)

      206 |             addNotification('Could not run report.', 'error')
      207 |         } finally {
    > 208 |             setRunning(false)
          |             ^
      209 |         }
      210 |     }
      211 |

      at printWarning 
(node_modules/react-dom/cjs/react-dom.development.js:86:30)
      at error (node_modules/react-dom/cjs/react-dom.development.js:60:7)
      at warnIfUpdatesNotWrappedWithActDEV 
(node_modules/react-dom/cjs/react-dom.development.js:27628:9)
      at scheduleUpdateOnFiber 
(node_modules/react-dom/cjs/react-dom.development.js:25547:5)
      at dispatchSetState 
(node_modules/react-dom/cjs/react-dom.development.js:16708:7)
      at handleRun (src/reporting/ReportRunPage/ReportRunPage.tsx:208:13)

    console.error
      Warning: An update to ReportRunPage inside a test was not wrapped in 
act(...).
      
      When testing, code that causes React state updates should be wrapped 
into act(...):
      
      act(() => {
        /* fire events that update state */
      });
      /* assert on the output */
      
      This ensures that you're testing the behavior the user would see in the 
browser. Learn more at https://reactjs.org/link/wrap-tests-with-act
          at ReportRunPage (C:\Users\samhe\OneDrive\Desktop\Cleaned\frontend\sr
c\reporting\ReportRunPage\ReportRunPage.tsx:76:35)
          at routeContext (C:\Users\samhe\OneDrive\Desktop\Cleaned\frontend\nod
e_modules\react-router\lib\hooks.tsx:658:26)
          at children (C:\Users\samhe\OneDrive\Desktop\Cleaned\frontend\node_mo
dules\react-router\lib\components.tsx:512:3)
          at basenameProp (C:\Users\samhe\OneDrive\Desktop\Cleaned\frontend\nod
e_modules\react-router\lib\components.tsx:421:13)
          at basename (C:\Users\samhe\OneDrive\Desktop\Cleaned\frontend\node_mo
dules\react-router\lib\components.tsx:225:3)

      183 |         if (!reportId) return
      184 |         const coreTemplate = CORE_REPORT_TEMPLATES[reportId]
    > 185 |         setRunning(true)
          |         ^
      186 |         try {
      187 |             // Build query params from filters
      188 |             const params = new URLSearchParams()

      at printWarning 
(node_modules/react-dom/cjs/react-dom.development.js:86:30)
      at error (node_modules/react-dom/cjs/react-dom.development.js:60:7)
      at warnIfUpdatesNotWrappedWithActDEV 
(node_modules/react-dom/cjs/react-dom.development.js:27628:9)
      at scheduleUpdateOnFiber 
(node_modules/react-dom/cjs/react-dom.development.js:25547:5)
      at dispatchSetState 
(node_modules/react-dom/cjs/react-dom.development.js:16708:7)
      at handleRun (src/reporting/ReportRunPage/ReportRunPage.tsx:185:9)
      at HTMLUnknownElement.callCallback 
(node_modules/react-dom/cjs/react-dom.development.js:4164:14)
      at HTMLUnknownElement.callTheUserObjectsOperation 
(node_modules/jsdom/lib/jsdom/living/generated/EventListener.js:26:30)
      at innerInvokeEventListeners 
(node_modules/jsdom/lib/jsdom/living/events/EventTarget-impl.js:350:25)
      at invokeEventListeners 
(node_modules/jsdom/lib/jsdom/living/events/EventTarget-impl.js:286:3)
      at HTMLUnknownElementImpl._dispatch 
(node_modules/jsdom/lib/jsdom/living/events/EventTarget-impl.js:233:9)
      at HTMLUnknownElementImpl.dispatchEvent 
(node_modules/jsdom/lib/jsdom/living/events/EventTarget-impl.js:104:17)
      at HTMLUnknownElement.dispatchEvent 
(node_modules/jsdom/lib/jsdom/living/generated/EventTarget.js:241:34)
      at Object.invokeGuardedCallbackDev 
(node_modules/react-dom/cjs/react-dom.development.js:4213:16)
      at invokeGuardedCallback 
(node_modules/react-dom/cjs/react-dom.development.js:4277:31)
      at invokeGuardedCallbackAndCatchFirstError 
(node_modules/react-dom/cjs/react-dom.development.js:4291:25)
      at executeDispatch 
(node_modules/react-dom/cjs/react-dom.development.js:9041:3)
      at processDispatchQueueItemsInOrder 
(node_modules/react-dom/cjs/react-dom.development.js:9073:7)
      at processDispatchQueue 
(node_modules/react-dom/cjs/react-dom.development.js:9086:5)
      at dispatchEventsForPlugins 
(node_modules/react-dom/cjs/react-dom.development.js:9097:3)
      at node_modules/react-dom/cjs/react-dom.development.js:9288:12
      at batchedUpdates$1 
(node_modules/react-dom/cjs/react-dom.development.js:26179:12)
      at batchedUpdates 
(node_modules/react-dom/cjs/react-dom.development.js:3991:12)
      at dispatchEventForPluginEventSystem 
(node_modules/react-dom/cjs/react-dom.development.js:9287:3)
      at dispatchEventWithEnableCapturePhaseSelectiveHydrationWithoutDiscreteEv
entReplay (node_modules/react-dom/cjs/react-dom.development.js:6465:5)
      at dispatchEvent 
(node_modules/react-dom/cjs/react-dom.development.js:6457:5)
      at dispatchDiscreteEvent 
(node_modules/react-dom/cjs/react-dom.development.js:6430:5)
      at HTMLDivElement.callTheUserObjectsOperation 
(node_modules/jsdom/lib/jsdom/living/generated/EventListener.js:26:30)
      at innerInvokeEventListeners 
(node_modules/jsdom/lib/jsdom/living/events/EventTarget-impl.js:350:25)
      at invokeEventListeners 
(node_modules/jsdom/lib/jsdom/living/events/EventTarget-impl.js:286:3)
      at HTMLButtonElementImpl._dispatch 
(node_modules/jsdom/lib/jsdom/living/events/EventTarget-impl.js:233:9)
      at HTMLButtonElementImpl.dispatchEvent 
(node_modules/jsdom/lib/jsdom/living/events/EventTarget-impl.js:104:17)
      at HTMLButtonElement.dispatchEvent 
(node_modules/jsdom/lib/jsdom/living/generated/EventTarget.js:241:34)
      at 
node_modules/@testing-library/user-event/dist/cjs/event/dispatchEvent.js:45:43
      at Object.eventWrapper 
(node_modules/@testing-library/dom/dist/config.js:25:23)
      at Object.wrapEvent 
(node_modules/@testing-library/user-event/dist/cjs/event/wrapEvent.js:6:28)
      at Object.dispatchEvent (node_modules/@testing-library/user-event/dist/cj
s/event/dispatchEvent.js:45:22)
      at Object.dispatchUIEvent (node_modules/@testing-library/user-event/dist/
cjs/event/dispatchEvent.js:22:26)
      at Mouse.up (node_modules/@testing-library/user-event/dist/cjs/system/poi
nter/mouse.js:100:30)
      at PointerHost.release (node_modules/@testing-library/user-event/dist/cjs
/system/pointer/index.js:87:24)
      at pointerAction 
(node_modules/@testing-library/user-event/dist/cjs/pointer/index.js:54:47)
      at Object.pointer 
(node_modules/@testing-library/user-event/dist/cjs/pointer/index.js:27:9)
      at Object.<anonymous> (src/reporting/__tests__/reports.test.tsx:786:9)

    console.error
      Warning: An update to ReportRunPage inside a test was not wrapped in 
act(...).
      
      When testing, code that causes React state updates should be wrapped 
into act(...):
      
      act(() => {
        /* fire events that update state */
      });
      /* assert on the output */
      
      This ensures that you're testing the behavior the user would see in the 
browser. Learn more at https://reactjs.org/link/wrap-tests-with-act
          at ReportRunPage (C:\Users\samhe\OneDrive\Desktop\Cleaned\frontend\sr
c\reporting\ReportRunPage\ReportRunPage.tsx:76:35)
          at routeContext (C:\Users\samhe\OneDrive\Desktop\Cleaned\frontend\nod
e_modules\react-router\lib\hooks.tsx:658:26)
          at children (C:\Users\samhe\OneDrive\Desktop\Cleaned\frontend\node_mo
dules\react-router\lib\components.tsx:512:3)
          at basenameProp (C:\Users\samhe\OneDrive\Desktop\Cleaned\frontend\nod
e_modules\react-router\lib\components.tsx:421:13)
          at basename (C:\Users\samhe\OneDrive\Desktop\Cleaned\frontend\node_mo
dules\react-router\lib\components.tsx:225:3)

      206 |             addNotification('Could not run report.', 'error')
      207 |         } finally {
    > 208 |             setRunning(false)
          |             ^
      209 |         }
      210 |     }
      211 |

      at printWarning 
(node_modules/react-dom/cjs/react-dom.development.js:86:30)
      at error (node_modules/react-dom/cjs/react-dom.development.js:60:7)
      at warnIfUpdatesNotWrappedWithActDEV 
(node_modules/react-dom/cjs/react-dom.development.js:27628:9)
      at scheduleUpdateOnFiber 
(node_modules/react-dom/cjs/react-dom.development.js:25547:5)
      at dispatchSetState 
(node_modules/react-dom/cjs/react-dom.development.js:16708:7)
      at handleRun (src/reporting/ReportRunPage/ReportRunPage.tsx:208:13)

    console.error
      Warning: An update to ReportRunPage inside a test was not wrapped in 
act(...).
      
      When testing, code that causes React state updates should be wrapped 
into act(...):
      
      act(() => {
        /* fire events that update state */
      });
      /* assert on the output */
      
      This ensures that you're testing the behavior the user would see in the 
browser. Learn more at https://reactjs.org/link/wrap-tests-with-act
          at ReportRunPage (C:\Users\samhe\OneDrive\Desktop\Cleaned\frontend\sr
c\reporting\ReportRunPage\ReportRunPage.tsx:76:35)
          at routeContext (C:\Users\samhe\OneDrive\Desktop\Cleaned\frontend\nod
e_modules\react-router\lib\hooks.tsx:658:26)
          at children (C:\Users\samhe\OneDrive\Desktop\Cleaned\frontend\node_mo
dules\react-router\lib\components.tsx:512:3)
          at basenameProp (C:\Users\samhe\OneDrive\Desktop\Cleaned\frontend\nod
e_modules\react-router\lib\components.tsx:421:13)
          at basename (C:\Users\samhe\OneDrive\Desktop\Cleaned\frontend\node_mo
dules\react-router\lib\components.tsx:225:3)

      237 |                             key={tab}
      238 |                             type="button"
    > 239 |                             onClick={() => setActiveTab(tab)}
          |                                            ^
      240 |                             className={`px-4 py-2 text-sm 
font-medium capitalize border-b-2 ${activeTab === tab
      241 |                                 ? 'border-brand-600 text-brand-600'
      242 |                                 : 'border-transparent 
text-gray-500 hover:text-gray-700'}`}

      at printWarning 
(node_modules/react-dom/cjs/react-dom.development.js:86:30)
      at error (node_modules/react-dom/cjs/react-dom.development.js:60:7)
      at warnIfUpdatesNotWrappedWithActDEV 
(node_modules/react-dom/cjs/react-dom.development.js:27628:9)
      at scheduleUpdateOnFiber 
(node_modules/react-dom/cjs/react-dom.development.js:25547:5)
      at dispatchSetState 
(node_modules/react-dom/cjs/react-dom.development.js:16708:7)
      at onClick (src/reporting/ReportRunPage/ReportRunPage.tsx:239:44)
      at HTMLUnknownElement.callCallback 
(node_modules/react-dom/cjs/react-dom.development.js:4164:14)
      at HTMLUnknownElement.callTheUserObjectsOperation 
(node_modules/jsdom/lib/jsdom/living/generated/EventListener.js:26:30)
      at innerInvokeEventListeners 
(node_modules/jsdom/lib/jsdom/living/events/EventTarget-impl.js:350:25)
      at invokeEventListeners 
(node_modules/jsdom/lib/jsdom/living/events/EventTarget-impl.js:286:3)
      at HTMLUnknownElementImpl._dispatch 
(node_modules/jsdom/lib/jsdom/living/events/EventTarget-impl.js:233:9)
      at HTMLUnknownElementImpl.dispatchEvent 
(node_modules/jsdom/lib/jsdom/living/events/EventTarget-impl.js:104:17)
      at HTMLUnknownElement.dispatchEvent 
(node_modules/jsdom/lib/jsdom/living/generated/EventTarget.js:241:34)
      at Object.invokeGuardedCallbackDev 
(node_modules/react-dom/cjs/react-dom.development.js:4213:16)
      at invokeGuardedCallback 
(node_modules/react-dom/cjs/react-dom.development.js:4277:31)
      at invokeGuardedCallbackAndCatchFirstError 
(node_modules/react-dom/cjs/react-dom.development.js:4291:25)
      at executeDispatch 
(node_modules/react-dom/cjs/react-dom.development.js:9041:3)
      at processDispatchQueueItemsInOrder 
(node_modules/react-dom/cjs/react-dom.development.js:9073:7)
      at processDispatchQueue 
(node_modules/react-dom/cjs/react-dom.development.js:9086:5)
      at dispatchEventsForPlugins 
(node_modules/react-dom/cjs/react-dom.development.js:9097:3)
      at node_modules/react-dom/cjs/react-dom.development.js:9288:12
      at batchedUpdates$1 
(node_modules/react-dom/cjs/react-dom.development.js:26179:12)
      at batchedUpdates 
(node_modules/react-dom/cjs/react-dom.development.js:3991:12)
      at dispatchEventForPluginEventSystem 
(node_modules/react-dom/cjs/react-dom.development.js:9287:3)
      at dispatchEventWithEnableCapturePhaseSelectiveHydrationWithoutDiscreteEv
entReplay (node_modules/react-dom/cjs/react-dom.development.js:6465:5)
      at dispatchEvent 
(node_modules/react-dom/cjs/react-dom.development.js:6457:5)
      at dispatchDiscreteEvent 
(node_modules/react-dom/cjs/react-dom.development.js:6430:5)
      at HTMLDivElement.callTheUserObjectsOperation 
(node_modules/jsdom/lib/jsdom/living/generated/EventListener.js:26:30)
      at innerInvokeEventListeners 
(node_modules/jsdom/lib/jsdom/living/events/EventTarget-impl.js:350:25)
      at invokeEventListeners 
(node_modules/jsdom/lib/jsdom/living/events/EventTarget-impl.js:286:3)
      at HTMLButtonElementImpl._dispatch 
(node_modules/jsdom/lib/jsdom/living/events/EventTarget-impl.js:233:9)
      at HTMLButtonElementImpl.dispatchEvent 
(node_modules/jsdom/lib/jsdom/living/events/EventTarget-impl.js:104:17)
      at HTMLButtonElement.dispatchEvent 
(node_modules/jsdom/lib/jsdom/living/generated/EventTarget.js:241:34)
      at 
node_modules/@testing-library/user-event/dist/cjs/event/dispatchEvent.js:45:43
      at Object.eventWrapper 
(node_modules/@testing-library/dom/dist/config.js:25:23)
      at Object.wrapEvent 
(node_modules/@testing-library/user-event/dist/cjs/event/wrapEvent.js:6:28)
      at Object.dispatchEvent (node_modules/@testing-library/user-event/dist/cj
s/event/dispatchEvent.js:45:22)
      at Object.dispatchUIEvent (node_modules/@testing-library/user-event/dist/
cjs/event/dispatchEvent.js:22:26)
      at Mouse.up (node_modules/@testing-library/user-event/dist/cjs/system/poi
nter/mouse.js:100:30)
      at PointerHost.release (node_modules/@testing-library/user-event/dist/cjs
/system/pointer/index.js:87:24)
      at pointerAction 
(node_modules/@testing-library/user-event/dist/cjs/pointer/index.js:54:47)
      at Object.pointer 
(node_modules/@testing-library/user-event/dist/cjs/pointer/index.js:27:9)
      at Object.<anonymous> (src/reporting/__tests__/reports.test.tsx:811:9)

    console.error
      Warning: An update to ReportRunPage inside a test was not wrapped in 
act(...).
      
      When testing, code that causes React state updates should be wrapped 
into act(...):
      
      act(() => {
        /* fire events that update state */
      });
      /* assert on the output */
      
      This ensures that you're testing the behavior the user would see in the 
browser. Learn more at https://reactjs.org/link/wrap-tests-with-act
          at ReportRunPage (C:\Users\samhe\OneDrive\Desktop\Cleaned\frontend\sr
c\reporting\ReportRunPage\ReportRunPage.tsx:76:35)
          at routeContext (C:\Users\samhe\OneDrive\Desktop\Cleaned\frontend\nod
e_modules\react-router\lib\hooks.tsx:658:26)
          at children (C:\Users\samhe\OneDrive\Desktop\Cleaned\frontend\node_mo
dules\react-router\lib\components.tsx:512:3)
          at basenameProp (C:\Users\samhe\OneDrive\Desktop\Cleaned\frontend\nod
e_modules\react-router\lib\components.tsx:421:13)
          at basename (C:\Users\samhe\OneDrive\Desktop\Cleaned\frontend\node_mo
dules\react-router\lib\components.tsx:225:3)

      237 |                             key={tab}
      238 |                             type="button"
    > 239 |                             onClick={() => setActiveTab(tab)}
          |                                            ^
      240 |                             className={`px-4 py-2 text-sm 
font-medium capitalize border-b-2 ${activeTab === tab
      241 |                                 ? 'border-brand-600 text-brand-600'
      242 |                                 : 'border-transparent 
text-gray-500 hover:text-gray-700'}`}

      at printWarning 
(node_modules/react-dom/cjs/react-dom.development.js:86:30)
      at error (node_modules/react-dom/cjs/react-dom.development.js:60:7)
      at warnIfUpdatesNotWrappedWithActDEV 
(node_modules/react-dom/cjs/react-dom.development.js:27628:9)
      at scheduleUpdateOnFiber 
(node_modules/react-dom/cjs/react-dom.development.js:25547:5)
      at dispatchSetState 
(node_modules/react-dom/cjs/react-dom.development.js:16708:7)
      at onClick (src/reporting/ReportRunPage/ReportRunPage.tsx:239:44)
      at HTMLUnknownElement.callCallback 
(node_modules/react-dom/cjs/react-dom.development.js:4164:14)
      at HTMLUnknownElement.callTheUserObjectsOperation 
(node_modules/jsdom/lib/jsdom/living/generated/EventListener.js:26:30)
      at innerInvokeEventListeners 
(node_modules/jsdom/lib/jsdom/living/events/EventTarget-impl.js:350:25)
      at invokeEventListeners 
(node_modules/jsdom/lib/jsdom/living/events/EventTarget-impl.js:286:3)
      at HTMLUnknownElementImpl._dispatch 
(node_modules/jsdom/lib/jsdom/living/events/EventTarget-impl.js:233:9)
      at HTMLUnknownElementImpl.dispatchEvent 
(node_modules/jsdom/lib/jsdom/living/events/EventTarget-impl.js:104:17)
      at HTMLUnknownElement.dispatchEvent 
(node_modules/jsdom/lib/jsdom/living/generated/EventTarget.js:241:34)
      at Object.invokeGuardedCallbackDev 
(node_modules/react-dom/cjs/react-dom.development.js:4213:16)
      at invokeGuardedCallback 
(node_modules/react-dom/cjs/react-dom.development.js:4277:31)
      at invokeGuardedCallbackAndCatchFirstError 
(node_modules/react-dom/cjs/react-dom.development.js:4291:25)
      at executeDispatch 
(node_modules/react-dom/cjs/react-dom.development.js:9041:3)
      at processDispatchQueueItemsInOrder 
(node_modules/react-dom/cjs/react-dom.development.js:9073:7)
      at processDispatchQueue 
(node_modules/react-dom/cjs/react-dom.development.js:9086:5)
      at dispatchEventsForPlugins 
(node_modules/react-dom/cjs/react-dom.development.js:9097:3)
      at node_modules/react-dom/cjs/react-dom.development.js:9288:12
      at batchedUpdates$1 
(node_modules/react-dom/cjs/react-dom.development.js:26179:12)
      at batchedUpdates 
(node_modules/react-dom/cjs/react-dom.development.js:3991:12)
      at dispatchEventForPluginEventSystem 
(node_modules/react-dom/cjs/react-dom.development.js:9287:3)
      at dispatchEventWithEnableCapturePhaseSelectiveHydrationWithoutDiscreteEv
entReplay (node_modules/react-dom/cjs/react-dom.development.js:6465:5)
      at dispatchEvent 
(node_modules/react-dom/cjs/react-dom.development.js:6457:5)
      at dispatchDiscreteEvent 
(node_modules/react-dom/cjs/react-dom.development.js:6430:5)
      at HTMLDivElement.callTheUserObjectsOperation 
(node_modules/jsdom/lib/jsdom/living/generated/EventListener.js:26:30)
      at innerInvokeEventListeners 
(node_modules/jsdom/lib/jsdom/living/events/EventTarget-impl.js:350:25)
      at invokeEventListeners 
(node_modules/jsdom/lib/jsdom/living/events/EventTarget-impl.js:286:3)
      at HTMLButtonElementImpl._dispatch 
(node_modules/jsdom/lib/jsdom/living/events/EventTarget-impl.js:233:9)
      at HTMLButtonElementImpl.dispatchEvent 
(node_modules/jsdom/lib/jsdom/living/events/EventTarget-impl.js:104:17)
      at HTMLButtonElement.dispatchEvent 
(node_modules/jsdom/lib/jsdom/living/generated/EventTarget.js:241:34)
      at 
node_modules/@testing-library/user-event/dist/cjs/event/dispatchEvent.js:45:43
      at Object.eventWrapper 
(node_modules/@testing-library/dom/dist/config.js:25:23)
      at Object.wrapEvent 
(node_modules/@testing-library/user-event/dist/cjs/event/wrapEvent.js:6:28)
      at Object.dispatchEvent (node_modules/@testing-library/user-event/dist/cj
s/event/dispatchEvent.js:45:22)
      at Object.dispatchUIEvent (node_modules/@testing-library/user-event/dist/
cjs/event/dispatchEvent.js:22:26)
      at Mouse.up (node_modules/@testing-library/user-event/dist/cjs/system/poi
nter/mouse.js:100:30)
      at PointerHost.release (node_modules/@testing-library/user-event/dist/cjs
/system/pointer/index.js:87:24)
      at pointerAction 
(node_modules/@testing-library/user-event/dist/cjs/pointer/index.js:54:47)
      at Object.pointer 
(node_modules/@testing-library/user-event/dist/cjs/pointer/index.js:27:9)
      at Object.<anonymous> (src/reporting/__tests__/reports.test.tsx:822:9)

    console.error
      Warning: An update to ReportRunPage inside a test was not wrapped in 
act(...).
      
      When testing, code that causes React state updates should be wrapped 
into act(...):
      
      act(() => {
        /* fire events that update state */
      });
      /* assert on the output */
      
      This ensures that you're testing the behavior the user would see in the 
browser. Learn more at https://reactjs.org/link/wrap-tests-with-act
          at ReportRunPage (C:\Users\samhe\OneDrive\Desktop\Cleaned\frontend\sr
c\reporting\ReportRunPage\ReportRunPage.tsx:76:35)
          at routeContext (C:\Users\samhe\OneDrive\Desktop\Cleaned\frontend\nod
e_modules\react-router\lib\hooks.tsx:658:26)
          at children (C:\Users\samhe\OneDrive\Desktop\Cleaned\frontend\node_mo
dules\react-router\lib\components.tsx:512:3)
          at basenameProp (C:\Users\samhe\OneDrive\Desktop\Cleaned\frontend\nod
e_modules\react-router\lib\components.tsx:421:13)
          at basename (C:\Users\samhe\OneDrive\Desktop\Cleaned\frontend\node_mo
dules\react-router\lib\components.tsx:225:3)

      183 |         if (!reportId) return
      184 |         const coreTemplate = CORE_REPORT_TEMPLATES[reportId]
    > 185 |         setRunning(true)
          |         ^
      186 |         try {
      187 |             // Build query params from filters
      188 |             const params = new URLSearchParams()

      at printWarning 
(node_modules/react-dom/cjs/react-dom.development.js:86:30)
      at error (node_modules/react-dom/cjs/react-dom.development.js:60:7)
      at warnIfUpdatesNotWrappedWithActDEV 
(node_modules/react-dom/cjs/react-dom.development.js:27628:9)
      at scheduleUpdateOnFiber 
(node_modules/react-dom/cjs/react-dom.development.js:25547:5)
      at dispatchSetState 
(node_modules/react-dom/cjs/react-dom.development.js:16708:7)
      at handleRun (src/reporting/ReportRunPage/ReportRunPage.tsx:185:9)
      at HTMLUnknownElement.callCallback 
(node_modules/react-dom/cjs/react-dom.development.js:4164:14)
      at HTMLUnknownElement.callTheUserObjectsOperation 
(node_modules/jsdom/lib/jsdom/living/generated/EventListener.js:26:30)
      at innerInvokeEventListeners 
(node_modules/jsdom/lib/jsdom/living/events/EventTarget-impl.js:350:25)
      at invokeEventListeners 
(node_modules/jsdom/lib/jsdom/living/events/EventTarget-impl.js:286:3)
      at HTMLUnknownElementImpl._dispatch 
(node_modules/jsdom/lib/jsdom/living/events/EventTarget-impl.js:233:9)
      at HTMLUnknownElementImpl.dispatchEvent 
(node_modules/jsdom/lib/jsdom/living/events/EventTarget-impl.js:104:17)
      at HTMLUnknownElement.dispatchEvent 
(node_modules/jsdom/lib/jsdom/living/generated/EventTarget.js:241:34)
      at Object.invokeGuardedCallbackDev 
(node_modules/react-dom/cjs/react-dom.development.js:4213:16)
      at invokeGuardedCallback 
(node_modules/react-dom/cjs/react-dom.development.js:4277:31)
      at invokeGuardedCallbackAndCatchFirstError 
(node_modules/react-dom/cjs/react-dom.development.js:4291:25)
      at executeDispatch 
(node_modules/react-dom/cjs/react-dom.development.js:9041:3)
      at processDispatchQueueItemsInOrder 
(node_modules/react-dom/cjs/react-dom.development.js:9073:7)
      at processDispatchQueue 
(node_modules/react-dom/cjs/react-dom.development.js:9086:5)
      at dispatchEventsForPlugins 
(node_modules/react-dom/cjs/react-dom.development.js:9097:3)
      at node_modules/react-dom/cjs/react-dom.development.js:9288:12
      at batchedUpdates$1 
(node_modules/react-dom/cjs/react-dom.development.js:26179:12)
      at batchedUpdates 
(node_modules/react-dom/cjs/react-dom.development.js:3991:12)
      at dispatchEventForPluginEventSystem 
(node_modules/react-dom/cjs/react-dom.development.js:9287:3)
      at dispatchEventWithEnableCapturePhaseSelectiveHydrationWithoutDiscreteEv
entReplay (node_modules/react-dom/cjs/react-dom.development.js:6465:5)
      at dispatchEvent 
(node_modules/react-dom/cjs/react-dom.development.js:6457:5)
      at dispatchDiscreteEvent 
(node_modules/react-dom/cjs/react-dom.development.js:6430:5)
      at HTMLDivElement.callTheUserObjectsOperation 
(node_modules/jsdom/lib/jsdom/living/generated/EventListener.js:26:30)
      at innerInvokeEventListeners 
(node_modules/jsdom/lib/jsdom/living/events/EventTarget-impl.js:350:25)
      at invokeEventListeners 
(node_modules/jsdom/lib/jsdom/living/events/EventTarget-impl.js:286:3)
      at HTMLButtonElementImpl._dispatch 
(node_modules/jsdom/lib/jsdom/living/events/EventTarget-impl.js:233:9)
      at HTMLButtonElementImpl.dispatchEvent 
(node_modules/jsdom/lib/jsdom/living/events/EventTarget-impl.js:104:17)
      at HTMLButtonElement.dispatchEvent 
(node_modules/jsdom/lib/jsdom/living/generated/EventTarget.js:241:34)
      at 
node_modules/@testing-library/user-event/dist/cjs/event/dispatchEvent.js:45:43
      at Object.eventWrapper 
(node_modules/@testing-library/dom/dist/config.js:25:23)
      at Object.wrapEvent 
(node_modules/@testing-library/user-event/dist/cjs/event/wrapEvent.js:6:28)
      at Object.dispatchEvent (node_modules/@testing-library/user-event/dist/cj
s/event/dispatchEvent.js:45:22)
      at Object.dispatchUIEvent (node_modules/@testing-library/user-event/dist/
cjs/event/dispatchEvent.js:22:26)
      at Mouse.up (node_modules/@testing-library/user-event/dist/cjs/system/poi
nter/mouse.js:100:30)
      at PointerHost.release (node_modules/@testing-library/user-event/dist/cjs
/system/pointer/index.js:87:24)
      at pointerAction 
(node_modules/@testing-library/user-event/dist/cjs/pointer/index.js:54:47)
      at Object.pointer 
(node_modules/@testing-library/user-event/dist/cjs/pointer/index.js:27:9)
      at Object.<anonymous> (src/reporting/__tests__/reports.test.tsx:857:9)

    console.error
      Warning: An update to ReportRunPage inside a test was not wrapped in 
act(...).
      
      When testing, code that causes React state updates should be wrapped 
into act(...):
      
      act(() => {
        /* fire events that update state */
      });
      /* assert on the output */
      
      This ensures that you're testing the behavior the user would see in the 
browser. Learn more at https://reactjs.org/link/wrap-tests-with-act
          at ReportRunPage (C:\Users\samhe\OneDrive\Desktop\Cleaned\frontend\sr
c\reporting\ReportRunPage\ReportRunPage.tsx:76:35)
          at routeContext (C:\Users\samhe\OneDrive\Desktop\Cleaned\frontend\nod
e_modules\react-router\lib\hooks.tsx:658:26)
          at children (C:\Users\samhe\OneDrive\Desktop\Cleaned\frontend\node_mo
dules\react-router\lib\components.tsx:512:3)
          at basenameProp (C:\Users\samhe\OneDrive\Desktop\Cleaned\frontend\nod
e_modules\react-router\lib\components.tsx:421:13)
          at basename (C:\Users\samhe\OneDrive\Desktop\Cleaned\frontend\node_mo
dules\react-router\lib\components.tsx:225:3)

      201 |                 ? await 
runCoreReport(`${coreTemplate.data_source!}${qs ? `?${qs}` : ''}`)
      202 |                 : await runReport(parseInt(reportId, 10))
    > 203 |             setResults(res)
          |             ^
      204 |             setActiveTab('results')
      205 |         } catch {
      206 |             addNotification('Could not run report.', 'error')

      at printWarning 
(node_modules/react-dom/cjs/react-dom.development.js:86:30)
      at error (node_modules/react-dom/cjs/react-dom.development.js:60:7)
      at warnIfUpdatesNotWrappedWithActDEV 
(node_modules/react-dom/cjs/react-dom.development.js:27628:9)
      at scheduleUpdateOnFiber 
(node_modules/react-dom/cjs/react-dom.development.js:25547:5)
      at dispatchSetState 
(node_modules/react-dom/cjs/react-dom.development.js:16708:7)
      at handleRun (src/reporting/ReportRunPage/ReportRunPage.tsx:203:13)

    console.error
      Warning: An update to ReportRunPage inside a test was not wrapped in 
act(...).
      
      When testing, code that causes React state updates should be wrapped 
into act(...):
      
      act(() => {
        /* fire events that update state */
      });
      /* assert on the output */
      
      This ensures that you're testing the behavior the user would see in the 
browser. Learn more at https://reactjs.org/link/wrap-tests-with-act
          at ReportRunPage (C:\Users\samhe\OneDrive\Desktop\Cleaned\frontend\sr
c\reporting\ReportRunPage\ReportRunPage.tsx:76:35)
          at routeContext (C:\Users\samhe\OneDrive\Desktop\Cleaned\frontend\nod
e_modules\react-router\lib\hooks.tsx:658:26)
          at children (C:\Users\samhe\OneDrive\Desktop\Cleaned\frontend\node_mo
dules\react-router\lib\components.tsx:512:3)
          at basenameProp (C:\Users\samhe\OneDrive\Desktop\Cleaned\frontend\nod
e_modules\react-router\lib\components.tsx:421:13)
          at basename (C:\Users\samhe\OneDrive\Desktop\Cleaned\frontend\node_mo
dules\react-router\lib\components.tsx:225:3)

      202 |                 : await runReport(parseInt(reportId, 10))
      203 |             setResults(res)
    > 204 |             setActiveTab('results')
          |             ^
      205 |         } catch {
      206 |             addNotification('Could not run report.', 'error')
      207 |         } finally {

      at printWarning 
(node_modules/react-dom/cjs/react-dom.development.js:86:30)
      at error (node_modules/react-dom/cjs/react-dom.development.js:60:7)
      at warnIfUpdatesNotWrappedWithActDEV 
(node_modules/react-dom/cjs/react-dom.development.js:27628:9)
      at scheduleUpdateOnFiber 
(node_modules/react-dom/cjs/react-dom.development.js:25547:5)
      at dispatchSetState 
(node_modules/react-dom/cjs/react-dom.development.js:16708:7)
      at handleRun (src/reporting/ReportRunPage/ReportRunPage.tsx:204:13)

    console.error
      Warning: An update to ReportRunPage inside a test was not wrapped in 
act(...).
      
      When testing, code that causes React state updates should be wrapped 
into act(...):
      
      act(() => {
        /* fire events that update state */
      });
      /* assert on the output */
      
      This ensures that you're testing the behavior the user would see in the 
browser. Learn more at https://reactjs.org/link/wrap-tests-with-act
          at ReportRunPage (C:\Users\samhe\OneDrive\Desktop\Cleaned\frontend\sr
c\reporting\ReportRunPage\ReportRunPage.tsx:76:35)
          at routeContext (C:\Users\samhe\OneDrive\Desktop\Cleaned\frontend\nod
e_modules\react-router\lib\hooks.tsx:658:26)
          at children (C:\Users\samhe\OneDrive\Desktop\Cleaned\frontend\node_mo
dules\react-router\lib\components.tsx:512:3)
          at basenameProp (C:\Users\samhe\OneDrive\Desktop\Cleaned\frontend\nod
e_modules\react-router\lib\components.tsx:421:13)
          at basename (C:\Users\samhe\OneDrive\Desktop\Cleaned\frontend\node_mo
dules\react-router\lib\components.tsx:225:3)

      206 |             addNotification('Could not run report.', 'error')
      207 |         } finally {
    > 208 |             setRunning(false)
          |             ^
      209 |         }
      210 |     }
      211 |

      at printWarning 
(node_modules/react-dom/cjs/react-dom.development.js:86:30)
      at error (node_modules/react-dom/cjs/react-dom.development.js:60:7)
      at warnIfUpdatesNotWrappedWithActDEV 
(node_modules/react-dom/cjs/react-dom.development.js:27628:9)
      at scheduleUpdateOnFiber 
(node_modules/react-dom/cjs/react-dom.development.js:25547:5)
      at dispatchSetState 
(node_modules/react-dom/cjs/react-dom.development.js:16708:7)
      at handleRun (src/reporting/ReportRunPage/ReportRunPage.tsx:208:13)

    console.error
      Warning: An update to ReportRunPage inside a test was not wrapped in 
act(...).
      
      When testing, code that causes React state updates should be wrapped 
into act(...):
      
      act(() => {
        /* fire events that update state */
      });
      /* assert on the output */
      
      This ensures that you're testing the behavior the user would see in the 
browser. Learn more at https://reactjs.org/link/wrap-tests-with-act
          at ReportRunPage (C:\Users\samhe\OneDrive\Desktop\Cleaned\frontend\sr
c\reporting\ReportRunPage\ReportRunPage.tsx:76:35)
          at routeContext (C:\Users\samhe\OneDrive\Desktop\Cleaned\frontend\nod
e_modules\react-router\lib\hooks.tsx:658:26)
          at children (C:\Users\samhe\OneDrive\Desktop\Cleaned\frontend\node_mo
dules\react-router\lib\components.tsx:512:3)
          at basenameProp (C:\Users\samhe\OneDrive\Desktop\Cleaned\frontend\nod
e_modules\react-router\lib\components.tsx:421:13)
          at basename (C:\Users\samhe\OneDrive\Desktop\Cleaned\frontend\node_mo
dules\react-router\lib\components.tsx:225:3)

      183 |         if (!reportId) return
      184 |         const coreTemplate = CORE_REPORT_TEMPLATES[reportId]
    > 185 |         setRunning(true)
          |         ^
      186 |         try {
      187 |             // Build query params from filters
      188 |             const params = new URLSearchParams()

      at printWarning 
(node_modules/react-dom/cjs/react-dom.development.js:86:30)
      at error (node_modules/react-dom/cjs/react-dom.development.js:60:7)
      at warnIfUpdatesNotWrappedWithActDEV 
(node_modules/react-dom/cjs/react-dom.development.js:27628:9)
      at scheduleUpdateOnFiber 
(node_modules/react-dom/cjs/react-dom.development.js:25547:5)
      at dispatchSetState 
(node_modules/react-dom/cjs/react-dom.development.js:16708:7)
      at handleRun (src/reporting/ReportRunPage/ReportRunPage.tsx:185:9)
      at HTMLUnknownElement.callCallback 
(node_modules/react-dom/cjs/react-dom.development.js:4164:14)
      at HTMLUnknownElement.callTheUserObjectsOperation 
(node_modules/jsdom/lib/jsdom/living/generated/EventListener.js:26:30)
      at innerInvokeEventListeners 
(node_modules/jsdom/lib/jsdom/living/events/EventTarget-impl.js:350:25)
      at invokeEventListeners 
(node_modules/jsdom/lib/jsdom/living/events/EventTarget-impl.js:286:3)
      at HTMLUnknownElementImpl._dispatch 
(node_modules/jsdom/lib/jsdom/living/events/EventTarget-impl.js:233:9)
      at HTMLUnknownElementImpl.dispatchEvent 
(node_modules/jsdom/lib/jsdom/living/events/EventTarget-impl.js:104:17)
      at HTMLUnknownElement.dispatchEvent 
(node_modules/jsdom/lib/jsdom/living/generated/EventTarget.js:241:34)
      at Object.invokeGuardedCallbackDev 
(node_modules/react-dom/cjs/react-dom.development.js:4213:16)
      at invokeGuardedCallback 
(node_modules/react-dom/cjs/react-dom.development.js:4277:31)
      at invokeGuardedCallbackAndCatchFirstError 
(node_modules/react-dom/cjs/react-dom.development.js:4291:25)
      at executeDispatch 
(node_modules/react-dom/cjs/react-dom.development.js:9041:3)
      at processDispatchQueueItemsInOrder 
(node_modules/react-dom/cjs/react-dom.development.js:9073:7)
      at processDispatchQueue 
(node_modules/react-dom/cjs/react-dom.development.js:9086:5)
      at dispatchEventsForPlugins 
(node_modules/react-dom/cjs/react-dom.development.js:9097:3)
      at node_modules/react-dom/cjs/react-dom.development.js:9288:12
      at batchedUpdates$1 
(node_modules/react-dom/cjs/react-dom.development.js:26179:12)
      at batchedUpdates 
(node_modules/react-dom/cjs/react-dom.development.js:3991:12)
      at dispatchEventForPluginEventSystem 
(node_modules/react-dom/cjs/react-dom.development.js:9287:3)
      at dispatchEventWithEnableCapturePhaseSelectiveHydrationWithoutDiscreteEv
entReplay (node_modules/react-dom/cjs/react-dom.development.js:6465:5)
      at dispatchEvent 
(node_modules/react-dom/cjs/react-dom.development.js:6457:5)
      at dispatchDiscreteEvent 
(node_modules/react-dom/cjs/react-dom.development.js:6430:5)
      at HTMLDivElement.callTheUserObjectsOperation 
(node_modules/jsdom/lib/jsdom/living/generated/EventListener.js:26:30)
      at innerInvokeEventListeners 
(node_modules/jsdom/lib/jsdom/living/events/EventTarget-impl.js:350:25)
      at invokeEventListeners 
(node_modules/jsdom/lib/jsdom/living/events/EventTarget-impl.js:286:3)
      at HTMLButtonElementImpl._dispatch 
(node_modules/jsdom/lib/jsdom/living/events/EventTarget-impl.js:233:9)
      at HTMLButtonElementImpl.dispatchEvent 
(node_modules/jsdom/lib/jsdom/living/events/EventTarget-impl.js:104:17)
      at HTMLButtonElement.dispatchEvent 
(node_modules/jsdom/lib/jsdom/living/generated/EventTarget.js:241:34)
      at 
node_modules/@testing-library/user-event/dist/cjs/event/dispatchEvent.js:45:43
      at Object.eventWrapper 
(node_modules/@testing-library/dom/dist/config.js:25:23)
      at Object.wrapEvent 
(node_modules/@testing-library/user-event/dist/cjs/event/wrapEvent.js:6:28)
      at Object.dispatchEvent (node_modules/@testing-library/user-event/dist/cj
s/event/dispatchEvent.js:45:22)
      at Object.dispatchUIEvent (node_modules/@testing-library/user-event/dist/
cjs/event/dispatchEvent.js:22:26)
      at Mouse.up (node_modules/@testing-library/user-event/dist/cjs/system/poi
nter/mouse.js:100:30)
      at PointerHost.release (node_modules/@testing-library/user-event/dist/cjs
/system/pointer/index.js:87:24)
      at pointerAction 
(node_modules/@testing-library/user-event/dist/cjs/pointer/index.js:54:47)
      at Object.pointer 
(node_modules/@testing-library/user-event/dist/cjs/pointer/index.js:27:9)
      at Object.<anonymous> (src/reporting/__tests__/reports.test.tsx:865:9)

    console.error
      Warning: An update to ReportRunPage inside a test was not wrapped in 
act(...).
      
      When testing, code that causes React state updates should be wrapped 
into act(...):
      
      act(() => {
        /* fire events that update state */
      });
      /* assert on the output */
      
      This ensures that you're testing the behavior the user would see in the 
browser. Learn more at https://reactjs.org/link/wrap-tests-with-act
          at ReportRunPage (C:\Users\samhe\OneDrive\Desktop\Cleaned\frontend\sr
c\reporting\ReportRunPage\ReportRunPage.tsx:76:35)
          at routeContext (C:\Users\samhe\OneDrive\Desktop\Cleaned\frontend\nod
e_modules\react-router\lib\hooks.tsx:658:26)
          at children (C:\Users\samhe\OneDrive\Desktop\Cleaned\frontend\node_mo
dules\react-router\lib\components.tsx:512:3)
          at basenameProp (C:\Users\samhe\OneDrive\Desktop\Cleaned\frontend\nod
e_modules\react-router\lib\components.tsx:421:13)
          at basename (C:\Users\samhe\OneDrive\Desktop\Cleaned\frontend\node_mo
dules\react-router\lib\components.tsx:225:3)

      201 |                 ? await 
runCoreReport(`${coreTemplate.data_source!}${qs ? `?${qs}` : ''}`)
      202 |                 : await runReport(parseInt(reportId, 10))
    > 203 |             setResults(res)
          |             ^
      204 |             setActiveTab('results')
      205 |         } catch {
      206 |             addNotification('Could not run report.', 'error')

      at printWarning 
(node_modules/react-dom/cjs/react-dom.development.js:86:30)
      at error (node_modules/react-dom/cjs/react-dom.development.js:60:7)
      at warnIfUpdatesNotWrappedWithActDEV 
(node_modules/react-dom/cjs/react-dom.development.js:27628:9)
      at scheduleUpdateOnFiber 
(node_modules/react-dom/cjs/react-dom.development.js:25547:5)
      at dispatchSetState 
(node_modules/react-dom/cjs/react-dom.development.js:16708:7)
      at handleRun (src/reporting/ReportRunPage/ReportRunPage.tsx:203:13)

    console.error
      Warning: An update to ReportRunPage inside a test was not wrapped in 
act(...).
      
      When testing, code that causes React state updates should be wrapped 
into act(...):
      
      act(() => {
        /* fire events that update state */
      });
      /* assert on the output */
      
      This ensures that you're testing the behavior the user would see in the 
browser. Learn more at https://reactjs.org/link/wrap-tests-with-act
          at ReportRunPage (C:\Users\samhe\OneDrive\Desktop\Cleaned\frontend\sr
c\reporting\ReportRunPage\ReportRunPage.tsx:76:35)
          at routeContext (C:\Users\samhe\OneDrive\Desktop\Cleaned\frontend\nod
e_modules\react-router\lib\hooks.tsx:658:26)
          at children (C:\Users\samhe\OneDrive\Desktop\Cleaned\frontend\node_mo
dules\react-router\lib\components.tsx:512:3)
          at basenameProp (C:\Users\samhe\OneDrive\Desktop\Cleaned\frontend\nod
e_modules\react-router\lib\components.tsx:421:13)
          at basename (C:\Users\samhe\OneDrive\Desktop\Cleaned\frontend\node_mo
dules\react-router\lib\components.tsx:225:3)

      202 |                 : await runReport(parseInt(reportId, 10))
      203 |             setResults(res)
    > 204 |             setActiveTab('results')
          |             ^
      205 |         } catch {
      206 |             addNotification('Could not run report.', 'error')
      207 |         } finally {

      at printWarning 
(node_modules/react-dom/cjs/react-dom.development.js:86:30)
      at error (node_modules/react-dom/cjs/react-dom.development.js:60:7)
      at warnIfUpdatesNotWrappedWithActDEV 
(node_modules/react-dom/cjs/react-dom.development.js:27628:9)
      at scheduleUpdateOnFiber 
(node_modules/react-dom/cjs/react-dom.development.js:25547:5)
      at dispatchSetState 
(node_modules/react-dom/cjs/react-dom.development.js:16708:7)
      at handleRun (src/reporting/ReportRunPage/ReportRunPage.tsx:204:13)

    console.error
      Warning: An update to ReportRunPage inside a test was not wrapped in 
act(...).
      
      When testing, code that causes React state updates should be wrapped 
into act(...):
      
      act(() => {
        /* fire events that update state */
      });
      /* assert on the output */
      
      This ensures that you're testing the behavior the user would see in the 
browser. Learn more at https://reactjs.org/link/wrap-tests-with-act
          at ReportRunPage (C:\Users\samhe\OneDrive\Desktop\Cleaned\frontend\sr
c\reporting\ReportRunPage\ReportRunPage.tsx:76:35)
          at routeContext (C:\Users\samhe\OneDrive\Desktop\Cleaned\frontend\nod
e_modules\react-router\lib\hooks.tsx:658:26)
          at children (C:\Users\samhe\OneDrive\Desktop\Cleaned\frontend\node_mo
dules\react-router\lib\components.tsx:512:3)
          at basenameProp (C:\Users\samhe\OneDrive\Desktop\Cleaned\frontend\nod
e_modules\react-router\lib\components.tsx:421:13)
          at basename (C:\Users\samhe\OneDrive\Desktop\Cleaned\frontend\node_mo
dules\react-router\lib\components.tsx:225:3)

      206 |             addNotification('Could not run report.', 'error')
      207 |         } finally {
    > 208 |             setRunning(false)
          |             ^
      209 |         }
      210 |     }
      211 |

      at printWarning 
(node_modules/react-dom/cjs/react-dom.development.js:86:30)
      at error (node_modules/react-dom/cjs/react-dom.development.js:60:7)
      at warnIfUpdatesNotWrappedWithActDEV 
(node_modules/react-dom/cjs/react-dom.development.js:27628:9)
      at scheduleUpdateOnFiber 
(node_modules/react-dom/cjs/react-dom.development.js:25547:5)
      at dispatchSetState 
(node_modules/react-dom/cjs/react-dom.development.js:16708:7)
      at handleRun (src/reporting/ReportRunPage/ReportRunPage.tsx:208:13)

    console.error
      Warning: An update to ReportRunPage inside a test was not wrapped in 
act(...).
      
      When testing, code that causes React state updates should be wrapped 
into act(...):
      
      act(() => {
        /* fire events that update state */
      });
      /* assert on the output */
      
      This ensures that you're testing the behavior the user would see in the 
browser. Learn more at https://reactjs.org/link/wrap-tests-with-act
          at ReportRunPage (C:\Users\samhe\OneDrive\Desktop\Cleaned\frontend\sr
c\reporting\ReportRunPage\ReportRunPage.tsx:76:35)
          at routeContext (C:\Users\samhe\OneDrive\Desktop\Cleaned\frontend\nod
e_modules\react-router\lib\hooks.tsx:658:26)
          at children (C:\Users\samhe\OneDrive\Desktop\Cleaned\frontend\node_mo
dules\react-router\lib\components.tsx:512:3)
          at basenameProp (C:\Users\samhe\OneDrive\Desktop\Cleaned\frontend\nod
e_modules\react-router\lib\components.tsx:421:13)
          at basename (C:\Users\samhe\OneDrive\Desktop\Cleaned\frontend\node_mo
dules\react-router\lib\components.tsx:225:3)

      183 |         if (!reportId) return
      184 |         const coreTemplate = CORE_REPORT_TEMPLATES[reportId]
    > 185 |         setRunning(true)
          |         ^
      186 |         try {
      187 |             // Build query params from filters
      188 |             const params = new URLSearchParams()

      at printWarning 
(node_modules/react-dom/cjs/react-dom.development.js:86:30)
      at error (node_modules/react-dom/cjs/react-dom.development.js:60:7)
      at warnIfUpdatesNotWrappedWithActDEV 
(node_modules/react-dom/cjs/react-dom.development.js:27628:9)
      at scheduleUpdateOnFiber 
(node_modules/react-dom/cjs/react-dom.development.js:25547:5)
      at dispatchSetState 
(node_modules/react-dom/cjs/react-dom.development.js:16708:7)
      at handleRun (src/reporting/ReportRunPage/ReportRunPage.tsx:185:9)
      at HTMLUnknownElement.callCallback 
(node_modules/react-dom/cjs/react-dom.development.js:4164:14)
      at HTMLUnknownElement.callTheUserObjectsOperation 
(node_modules/jsdom/lib/jsdom/living/generated/EventListener.js:26:30)
      at innerInvokeEventListeners 
(node_modules/jsdom/lib/jsdom/living/events/EventTarget-impl.js:350:25)
      at invokeEventListeners 
(node_modules/jsdom/lib/jsdom/living/events/EventTarget-impl.js:286:3)
      at HTMLUnknownElementImpl._dispatch 
(node_modules/jsdom/lib/jsdom/living/events/EventTarget-impl.js:233:9)
      at HTMLUnknownElementImpl.dispatchEvent 
(node_modules/jsdom/lib/jsdom/living/events/EventTarget-impl.js:104:17)
      at HTMLUnknownElement.dispatchEvent 
(node_modules/jsdom/lib/jsdom/living/generated/EventTarget.js:241:34)
      at Object.invokeGuardedCallbackDev 
(node_modules/react-dom/cjs/react-dom.development.js:4213:16)
      at invokeGuardedCallback 
(node_modules/react-dom/cjs/react-dom.development.js:4277:31)
      at invokeGuardedCallbackAndCatchFirstError 
(node_modules/react-dom/cjs/react-dom.development.js:4291:25)
      at executeDispatch 
(node_modules/react-dom/cjs/react-dom.development.js:9041:3)
      at processDispatchQueueItemsInOrder 
(node_modules/react-dom/cjs/react-dom.development.js:9073:7)
      at processDispatchQueue 
(node_modules/react-dom/cjs/react-dom.development.js:9086:5)
      at dispatchEventsForPlugins 
(node_modules/react-dom/cjs/react-dom.development.js:9097:3)
      at node_modules/react-dom/cjs/react-dom.development.js:9288:12
      at batchedUpdates$1 
(node_modules/react-dom/cjs/react-dom.development.js:26179:12)
      at batchedUpdates 
(node_modules/react-dom/cjs/react-dom.development.js:3991:12)
      at dispatchEventForPluginEventSystem 
(node_modules/react-dom/cjs/react-dom.development.js:9287:3)
      at dispatchEventWithEnableCapturePhaseSelectiveHydrationWithoutDiscreteEv
entReplay (node_modules/react-dom/cjs/react-dom.development.js:6465:5)
      at dispatchEvent 
(node_modules/react-dom/cjs/react-dom.development.js:6457:5)
      at dispatchDiscreteEvent 
(node_modules/react-dom/cjs/react-dom.development.js:6430:5)
      at HTMLDivElement.callTheUserObjectsOperation 
(node_modules/jsdom/lib/jsdom/living/generated/EventListener.js:26:30)
      at innerInvokeEventListeners 
(node_modules/jsdom/lib/jsdom/living/events/EventTarget-impl.js:350:25)
      at invokeEventListeners 
(node_modules/jsdom/lib/jsdom/living/events/EventTarget-impl.js:286:3)
      at HTMLButtonElementImpl._dispatch 
(node_modules/jsdom/lib/jsdom/living/events/EventTarget-impl.js:233:9)
      at HTMLButtonElementImpl.dispatchEvent 
(node_modules/jsdom/lib/jsdom/living/events/EventTarget-impl.js:104:17)
      at HTMLButtonElement.dispatchEvent 
(node_modules/jsdom/lib/jsdom/living/generated/EventTarget.js:241:34)
      at 
node_modules/@testing-library/user-event/dist/cjs/event/dispatchEvent.js:45:43
      at Object.eventWrapper 
(node_modules/@testing-library/dom/dist/config.js:25:23)
      at Object.wrapEvent 
(node_modules/@testing-library/user-event/dist/cjs/event/wrapEvent.js:6:28)
      at Object.dispatchEvent (node_modules/@testing-library/user-event/dist/cj
s/event/dispatchEvent.js:45:22)
      at Object.dispatchUIEvent (node_modules/@testing-library/user-event/dist/
cjs/event/dispatchEvent.js:22:26)
      at Mouse.up (node_modules/@testing-library/user-event/dist/cjs/system/poi
nter/mouse.js:100:30)
      at PointerHost.release (node_modules/@testing-library/user-event/dist/cjs
/system/pointer/index.js:87:24)
      at pointerAction 
(node_modules/@testing-library/user-event/dist/cjs/pointer/index.js:54:47)
      at Object.pointer 
(node_modules/@testing-library/user-event/dist/cjs/pointer/index.js:27:9)
      at Object.<anonymous> (src/reporting/__tests__/reports.test.tsx:872:9)

    console.error
      Warning: An update to ReportRunPage inside a test was not wrapped in 
act(...).
      
      When testing, code that causes React state updates should be wrapped 
into act(...):
      
      act(() => {
        /* fire events that update state */
      });
      /* assert on the output */
      
      This ensures that you're testing the behavior the user would see in the 
browser. Learn more at https://reactjs.org/link/wrap-tests-with-act
          at ReportRunPage (C:\Users\samhe\OneDrive\Desktop\Cleaned\frontend\sr
c\reporting\ReportRunPage\ReportRunPage.tsx:76:35)
          at routeContext (C:\Users\samhe\OneDrive\Desktop\Cleaned\frontend\nod
e_modules\react-router\lib\hooks.tsx:658:26)
          at children (C:\Users\samhe\OneDrive\Desktop\Cleaned\frontend\node_mo
dules\react-router\lib\components.tsx:512:3)
          at basenameProp (C:\Users\samhe\OneDrive\Desktop\Cleaned\frontend\nod
e_modules\react-router\lib\components.tsx:421:13)
          at basename (C:\Users\samhe\OneDrive\Desktop\Cleaned\frontend\node_mo
dules\react-router\lib\components.tsx:225:3)

      201 |                 ? await 
runCoreReport(`${coreTemplate.data_source!}${qs ? `?${qs}` : ''}`)
      202 |                 : await runReport(parseInt(reportId, 10))
    > 203 |             setResults(res)
          |             ^
      204 |             setActiveTab('results')
      205 |         } catch {
      206 |             addNotification('Could not run report.', 'error')

      at printWarning 
(node_modules/react-dom/cjs/react-dom.development.js:86:30)
      at error (node_modules/react-dom/cjs/react-dom.development.js:60:7)
      at warnIfUpdatesNotWrappedWithActDEV 
(node_modules/react-dom/cjs/react-dom.development.js:27628:9)
      at scheduleUpdateOnFiber 
(node_modules/react-dom/cjs/react-dom.development.js:25547:5)
      at dispatchSetState 
(node_modules/react-dom/cjs/react-dom.development.js:16708:7)
      at handleRun (src/reporting/ReportRunPage/ReportRunPage.tsx:203:13)

    console.error
      Warning: An update to ReportRunPage inside a test was not wrapped in 
act(...).
      
      When testing, code that causes React state updates should be wrapped 
into act(...):
      
      act(() => {
        /* fire events that update state */
      });
      /* assert on the output */
      
      This ensures that you're testing the behavior the user would see in the 
browser. Learn more at https://reactjs.org/link/wrap-tests-with-act
          at ReportRunPage (C:\Users\samhe\OneDrive\Desktop\Cleaned\frontend\sr
c\reporting\ReportRunPage\ReportRunPage.tsx:76:35)
          at routeContext (C:\Users\samhe\OneDrive\Desktop\Cleaned\frontend\nod
e_modules\react-router\lib\hooks.tsx:658:26)
          at children (C:\Users\samhe\OneDrive\Desktop\Cleaned\frontend\node_mo
dules\react-router\lib\components.tsx:512:3)
          at basenameProp (C:\Users\samhe\OneDrive\Desktop\Cleaned\frontend\nod
e_modules\react-router\lib\components.tsx:421:13)
          at basename (C:\Users\samhe\OneDrive\Desktop\Cleaned\frontend\node_mo
dules\react-router\lib\components.tsx:225:3)

      202 |                 : await runReport(parseInt(reportId, 10))
      203 |             setResults(res)
    > 204 |             setActiveTab('results')
          |             ^
      205 |         } catch {
      206 |             addNotification('Could not run report.', 'error')
      207 |         } finally {

      at printWarning 
(node_modules/react-dom/cjs/react-dom.development.js:86:30)
      at error (node_modules/react-dom/cjs/react-dom.development.js:60:7)
      at warnIfUpdatesNotWrappedWithActDEV 
(node_modules/react-dom/cjs/react-dom.development.js:27628:9)
      at scheduleUpdateOnFiber 
(node_modules/react-dom/cjs/react-dom.development.js:25547:5)
      at dispatchSetState 
(node_modules/react-dom/cjs/react-dom.development.js:16708:7)
      at handleRun (src/reporting/ReportRunPage/ReportRunPage.tsx:204:13)

    console.error
      Warning: An update to ReportRunPage inside a test was not wrapped in 
act(...).
      
      When testing, code that causes React state updates should be wrapped 
into act(...):
      
      act(() => {
        /* fire events that update state */
      });
      /* assert on the output */
      
      This ensures that you're testing the behavior the user would see in the 
browser. Learn more at https://reactjs.org/link/wrap-tests-with-act
          at ReportRunPage (C:\Users\samhe\OneDrive\Desktop\Cleaned\frontend\sr
c\reporting\ReportRunPage\ReportRunPage.tsx:76:35)
          at routeContext (C:\Users\samhe\OneDrive\Desktop\Cleaned\frontend\nod
e_modules\react-router\lib\hooks.tsx:658:26)
          at children (C:\Users\samhe\OneDrive\Desktop\Cleaned\frontend\node_mo
dules\react-router\lib\components.tsx:512:3)
          at basenameProp (C:\Users\samhe\OneDrive\Desktop\Cleaned\frontend\nod
e_modules\react-router\lib\components.tsx:421:13)
          at basename (C:\Users\samhe\OneDrive\Desktop\Cleaned\frontend\node_mo
dules\react-router\lib\components.tsx:225:3)

      206 |             addNotification('Could not run report.', 'error')
      207 |         } finally {
    > 208 |             setRunning(false)
          |             ^
      209 |         }
      210 |     }
      211 |

      at printWarning 
(node_modules/react-dom/cjs/react-dom.development.js:86:30)
      at error (node_modules/react-dom/cjs/react-dom.development.js:60:7)
      at warnIfUpdatesNotWrappedWithActDEV 
(node_modules/react-dom/cjs/react-dom.development.js:27628:9)
      at scheduleUpdateOnFiber 
(node_modules/react-dom/cjs/react-dom.development.js:25547:5)
      at dispatchSetState 
(node_modules/react-dom/cjs/react-dom.development.js:16708:7)
      at handleRun (src/reporting/ReportRunPage/ReportRunPage.tsx:208:13)

    console.error
      Warning: An update to ReportRunPage inside a test was not wrapped in 
act(...).
      
      When testing, code that causes React state updates should be wrapped 
into act(...):
      
      act(() => {
        /* fire events that update state */
      });
      /* assert on the output */
      
      This ensures that you're testing the behavior the user would see in the 
browser. Learn more at https://reactjs.org/link/wrap-tests-with-act
          at ReportRunPage (C:\Users\samhe\OneDrive\Desktop\Cleaned\frontend\sr
c\reporting\ReportRunPage\ReportRunPage.tsx:76:35)
          at routeContext (C:\Users\samhe\OneDrive\Desktop\Cleaned\frontend\nod
e_modules\react-router\lib\hooks.tsx:658:26)
          at children (C:\Users\samhe\OneDrive\Desktop\Cleaned\frontend\node_mo
dules\react-router\lib\components.tsx:512:3)
          at basenameProp (C:\Users\samhe\OneDrive\Desktop\Cleaned\frontend\nod
e_modules\react-router\lib\components.tsx:421:13)
          at basename (C:\Users\samhe\OneDrive\Desktop\Cleaned\frontend\node_mo
dules\react-router\lib\components.tsx:225:3)

      237 |                             key={tab}
      238 |                             type="button"
    > 239 |                             onClick={() => setActiveTab(tab)}
          |                                            ^
      240 |                             className={`px-4 py-2 text-sm 
font-medium capitalize border-b-2 ${activeTab === tab
      241 |                                 ? 'border-brand-600 text-brand-600'
      242 |                                 : 'border-transparent 
text-gray-500 hover:text-gray-700'}`}

      at printWarning 
(node_modules/react-dom/cjs/react-dom.development.js:86:30)
      at error (node_modules/react-dom/cjs/react-dom.development.js:60:7)
      at warnIfUpdatesNotWrappedWithActDEV 
(node_modules/react-dom/cjs/react-dom.development.js:27628:9)
      at scheduleUpdateOnFiber 
(node_modules/react-dom/cjs/react-dom.development.js:25547:5)
      at dispatchSetState 
(node_modules/react-dom/cjs/react-dom.development.js:16708:7)
      at onClick (src/reporting/ReportRunPage/ReportRunPage.tsx:239:44)
      at HTMLUnknownElement.callCallback 
(node_modules/react-dom/cjs/react-dom.development.js:4164:14)
      at HTMLUnknownElement.callTheUserObjectsOperation 
(node_modules/jsdom/lib/jsdom/living/generated/EventListener.js:26:30)
      at innerInvokeEventListeners 
(node_modules/jsdom/lib/jsdom/living/events/EventTarget-impl.js:350:25)
      at invokeEventListeners 
(node_modules/jsdom/lib/jsdom/living/events/EventTarget-impl.js:286:3)
      at HTMLUnknownElementImpl._dispatch 
(node_modules/jsdom/lib/jsdom/living/events/EventTarget-impl.js:233:9)
      at HTMLUnknownElementImpl.dispatchEvent 
(node_modules/jsdom/lib/jsdom/living/events/EventTarget-impl.js:104:17)
      at HTMLUnknownElement.dispatchEvent 
(node_modules/jsdom/lib/jsdom/living/generated/EventTarget.js:241:34)
      at Object.invokeGuardedCallbackDev 
(node_modules/react-dom/cjs/react-dom.development.js:4213:16)
      at invokeGuardedCallback 
(node_modules/react-dom/cjs/react-dom.development.js:4277:31)
      at invokeGuardedCallbackAndCatchFirstError 
(node_modules/react-dom/cjs/react-dom.development.js:4291:25)
      at executeDispatch 
(node_modules/react-dom/cjs/react-dom.development.js:9041:3)
      at processDispatchQueueItemsInOrder 
(node_modules/react-dom/cjs/react-dom.development.js:9073:7)
      at processDispatchQueue 
(node_modules/react-dom/cjs/react-dom.development.js:9086:5)
      at dispatchEventsForPlugins 
(node_modules/react-dom/cjs/react-dom.development.js:9097:3)
      at node_modules/react-dom/cjs/react-dom.development.js:9288:12
      at batchedUpdates$1 
(node_modules/react-dom/cjs/react-dom.development.js:26179:12)
      at batchedUpdates 
(node_modules/react-dom/cjs/react-dom.development.js:3991:12)
      at dispatchEventForPluginEventSystem 
(node_modules/react-dom/cjs/react-dom.development.js:9287:3)
      at dispatchEventWithEnableCapturePhaseSelectiveHydrationWithoutDiscreteEv
entReplay (node_modules/react-dom/cjs/react-dom.development.js:6465:5)
      at dispatchEvent 
(node_modules/react-dom/cjs/react-dom.development.js:6457:5)
      at dispatchDiscreteEvent 
(node_modules/react-dom/cjs/react-dom.development.js:6430:5)
      at HTMLDivElement.callTheUserObjectsOperation 
(node_modules/jsdom/lib/jsdom/living/generated/EventListener.js:26:30)
      at innerInvokeEventListeners 
(node_modules/jsdom/lib/jsdom/living/events/EventTarget-impl.js:350:25)
      at invokeEventListeners 
(node_modules/jsdom/lib/jsdom/living/events/EventTarget-impl.js:286:3)
      at HTMLButtonElementImpl._dispatch 
(node_modules/jsdom/lib/jsdom/living/events/EventTarget-impl.js:233:9)
      at HTMLButtonElementImpl.dispatchEvent 
(node_modules/jsdom/lib/jsdom/living/events/EventTarget-impl.js:104:17)
      at HTMLButtonElement.dispatchEvent 
(node_modules/jsdom/lib/jsdom/living/generated/EventTarget.js:241:34)
      at 
node_modules/@testing-library/user-event/dist/cjs/event/dispatchEvent.js:45:43
      at Object.eventWrapper 
(node_modules/@testing-library/dom/dist/config.js:25:23)
      at Object.wrapEvent 
(node_modules/@testing-library/user-event/dist/cjs/event/wrapEvent.js:6:28)
      at Object.dispatchEvent (node_modules/@testing-library/user-event/dist/cj
s/event/dispatchEvent.js:45:22)
      at Object.dispatchUIEvent (node_modules/@testing-library/user-event/dist/
cjs/event/dispatchEvent.js:22:26)
      at Mouse.up (node_modules/@testing-library/user-event/dist/cjs/system/poi
nter/mouse.js:100:30)
      at PointerHost.release (node_modules/@testing-library/user-event/dist/cjs
/system/pointer/index.js:87:24)
      at pointerAction 
(node_modules/@testing-library/user-event/dist/cjs/pointer/index.js:54:47)
      at Object.pointer 
(node_modules/@testing-library/user-event/dist/cjs/pointer/index.js:27:9)
      at Object.<anonymous> (src/reporting/__tests__/reports.test.tsx:900:9)

    console.error
      Warning: An update to DashboardCreatePage inside a test was not wrapped 
in act(...).
      
      When testing, code that causes React state updates should be wrapped 
into act(...):
      
      act(() => {
        /* fire events that update state */
      });
      /* assert on the output */
      
      This ensures that you're testing the behavior the user would see in the 
browser. Learn more at https://reactjs.org/link/wrap-tests-with-act
          at DashboardCreatePage (C:\Users\samhe\OneDrive\Desktop\Cleaned\front
end\src\reporting\DashboardCreatePage\DashboardCreatePage.tsx:56:33)
          at routeContext (C:\Users\samhe\OneDrive\Desktop\Cleaned\frontend\nod
e_modules\react-router\lib\hooks.tsx:658:26)
          at children (C:\Users\samhe\OneDrive\Desktop\Cleaned\frontend\node_mo
dules\react-router\lib\components.tsx:512:3)
          at basenameProp (C:\Users\samhe\OneDrive\Desktop\Cleaned\frontend\nod
e_modules\react-router\lib\components.tsx:421:13)
          at basename (C:\Users\samhe\OneDrive\Desktop\Cleaned\frontend\node_mo
dules\react-router\lib\components.tsx:225:3)

      154 |
      155 |     function handleAddPage() {
    > 156 |         setPages((prev) => {
          |         ^
      157 |             const nextId = prev.length > 0 ? 
Math.max(...prev.map((p) => p.id)) + 1 : 1
      158 |             return [...prev, blankPage(nextId)]
      159 |         })

      at printWarning 
(node_modules/react-dom/cjs/react-dom.development.js:86:30)
      at error (node_modules/react-dom/cjs/react-dom.development.js:60:7)
      at warnIfUpdatesNotWrappedWithActDEV 
(node_modules/react-dom/cjs/react-dom.development.js:27628:9)
      at scheduleUpdateOnFiber 
(node_modules/react-dom/cjs/react-dom.development.js:25547:5)
      at dispatchSetState 
(node_modules/react-dom/cjs/react-dom.development.js:16708:7)
      at handleAddPage 
(src/reporting/DashboardCreatePage/DashboardCreatePage.tsx:156:9)
      at HTMLUnknownElement.callCallback 
(node_modules/react-dom/cjs/react-dom.development.js:4164:14)
      at HTMLUnknownElement.callTheUserObjectsOperation 
(node_modules/jsdom/lib/jsdom/living/generated/EventListener.js:26:30)
      at innerInvokeEventListeners 
(node_modules/jsdom/lib/jsdom/living/events/EventTarget-impl.js:350:25)
      at invokeEventListeners 
(node_modules/jsdom/lib/jsdom/living/events/EventTarget-impl.js:286:3)
      at HTMLUnknownElementImpl._dispatch 
(node_modules/jsdom/lib/jsdom/living/events/EventTarget-impl.js:233:9)
      at HTMLUnknownElementImpl.dispatchEvent 
(node_modules/jsdom/lib/jsdom/living/events/EventTarget-impl.js:104:17)
      at HTMLUnknownElement.dispatchEvent 
(node_modules/jsdom/lib/jsdom/living/generated/EventTarget.js:241:34)
      at Object.invokeGuardedCallbackDev 
(node_modules/react-dom/cjs/react-dom.development.js:4213:16)
      at invokeGuardedCallback 
(node_modules/react-dom/cjs/react-dom.development.js:4277:31)
      at invokeGuardedCallbackAndCatchFirstError 
(node_modules/react-dom/cjs/react-dom.development.js:4291:25)
      at executeDispatch 
(node_modules/react-dom/cjs/react-dom.development.js:9041:3)
      at processDispatchQueueItemsInOrder 
(node_modules/react-dom/cjs/react-dom.development.js:9073:7)
      at processDispatchQueue 
(node_modules/react-dom/cjs/react-dom.development.js:9086:5)
      at dispatchEventsForPlugins 
(node_modules/react-dom/cjs/react-dom.development.js:9097:3)
      at node_modules/react-dom/cjs/react-dom.development.js:9288:12
      at batchedUpdates$1 
(node_modules/react-dom/cjs/react-dom.development.js:26179:12)
      at batchedUpdates 
(node_modules/react-dom/cjs/react-dom.development.js:3991:12)
      at dispatchEventForPluginEventSystem 
(node_modules/react-dom/cjs/react-dom.development.js:9287:3)
      at dispatchEventWithEnableCapturePhaseSelectiveHydrationWithoutDiscreteEv
entReplay (node_modules/react-dom/cjs/react-dom.development.js:6465:5)
      at dispatchEvent 
(node_modules/react-dom/cjs/react-dom.development.js:6457:5)
      at dispatchDiscreteEvent 
(node_modules/react-dom/cjs/react-dom.development.js:6430:5)
      at HTMLDivElement.callTheUserObjectsOperation 
(node_modules/jsdom/lib/jsdom/living/generated/EventListener.js:26:30)
      at innerInvokeEventListeners 
(node_modules/jsdom/lib/jsdom/living/events/EventTarget-impl.js:350:25)
      at invokeEventListeners 
(node_modules/jsdom/lib/jsdom/living/events/EventTarget-impl.js:286:3)
      at HTMLButtonElementImpl._dispatch 
(node_modules/jsdom/lib/jsdom/living/events/EventTarget-impl.js:233:9)
      at HTMLButtonElementImpl.dispatchEvent 
(node_modules/jsdom/lib/jsdom/living/events/EventTarget-impl.js:104:17)
      at HTMLButtonElement.dispatchEvent 
(node_modules/jsdom/lib/jsdom/living/generated/EventTarget.js:241:34)
      at 
node_modules/@testing-library/user-event/dist/cjs/event/dispatchEvent.js:45:43
      at Object.eventWrapper 
(node_modules/@testing-library/dom/dist/config.js:25:23)
      at Object.wrapEvent 
(node_modules/@testing-library/user-event/dist/cjs/event/wrapEvent.js:6:28)
      at Object.dispatchEvent (node_modules/@testing-library/user-event/dist/cj
s/event/dispatchEvent.js:45:22)
      at Object.dispatchUIEvent (node_modules/@testing-library/user-event/dist/
cjs/event/dispatchEvent.js:22:26)
      at Mouse.up (node_modules/@testing-library/user-event/dist/cjs/system/poi
nter/mouse.js:100:30)
      at PointerHost.release (node_modules/@testing-library/user-event/dist/cjs
/system/pointer/index.js:87:24)
      at pointerAction 
(node_modules/@testing-library/user-event/dist/cjs/pointer/index.js:54:47)
      at Object.pointer 
(node_modules/@testing-library/user-event/dist/cjs/pointer/index.js:27:9)
      at Object.<anonymous> (src/reporting/__tests__/reports.test.tsx:1028:9)

    console.error
      Warning: An update to DashboardCreatePage inside a test was not wrapped 
in act(...).
      
      When testing, code that causes React state updates should be wrapped 
into act(...):
      
      act(() => {
        /* fire events that update state */
      });
      /* assert on the output */
      
      This ensures that you're testing the behavior the user would see in the 
browser. Learn more at https://reactjs.org/link/wrap-tests-with-act
          at DashboardCreatePage (C:\Users\samhe\OneDrive\Desktop\Cleaned\front
end\src\reporting\DashboardCreatePage\DashboardCreatePage.tsx:56:33)
          at routeContext (C:\Users\samhe\OneDrive\Desktop\Cleaned\frontend\nod
e_modules\react-router\lib\hooks.tsx:658:26)
          at children (C:\Users\samhe\OneDrive\Desktop\Cleaned\frontend\node_mo
dules\react-router\lib\components.tsx:512:3)
          at basenameProp (C:\Users\samhe\OneDrive\Desktop\Cleaned\frontend\nod
e_modules\react-router\lib\components.tsx:421:13)
          at basename (C:\Users\samhe\OneDrive\Desktop\Cleaned\frontend\node_mo
dules\react-router\lib\components.tsx:225:3)

      123 |
      124 |     function openTemplateSelector(pageId: number, sectionIndex: 
number | null, currentTemplate: string | null) {
    > 125 |         setSelectingTemplateForPage(pageId)
          |         ^
      126 |         setSelectingSectionIndex(sectionIndex)
      127 |         setCurrentPreviewTemplate(currentTemplate)
      128 |         setShowTemplateSelector(true)

      at printWarning 
(node_modules/react-dom/cjs/react-dom.development.js:86:30)
      at error (node_modules/react-dom/cjs/react-dom.development.js:60:7)
      at warnIfUpdatesNotWrappedWithActDEV 
(node_modules/react-dom/cjs/react-dom.development.js:27628:9)
      at scheduleUpdateOnFiber 
(node_modules/react-dom/cjs/react-dom.development.js:25547:5)
      at dispatchSetState 
(node_modules/react-dom/cjs/react-dom.development.js:16708:7)
      at openTemplateSelector 
(src/reporting/DashboardCreatePage/DashboardCreatePage.tsx:125:9)
      at onClick 
(src/reporting/DashboardCreatePage/DashboardCreatePage.tsx:423:45)
      at HTMLUnknownElement.callCallback 
(node_modules/react-dom/cjs/react-dom.development.js:4164:14)
      at HTMLUnknownElement.callTheUserObjectsOperation 
(node_modules/jsdom/lib/jsdom/living/generated/EventListener.js:26:30)
      at innerInvokeEventListeners 
(node_modules/jsdom/lib/jsdom/living/events/EventTarget-impl.js:350:25)
      at invokeEventListeners 
(node_modules/jsdom/lib/jsdom/living/events/EventTarget-impl.js:286:3)
      at HTMLUnknownElementImpl._dispatch 
(node_modules/jsdom/lib/jsdom/living/events/EventTarget-impl.js:233:9)
      at HTMLUnknownElementImpl.dispatchEvent 
(node_modules/jsdom/lib/jsdom/living/events/EventTarget-impl.js:104:17)
      at HTMLUnknownElement.dispatchEvent 
(node_modules/jsdom/lib/jsdom/living/generated/EventTarget.js:241:34)
      at Object.invokeGuardedCallbackDev 
(node_modules/react-dom/cjs/react-dom.development.js:4213:16)
      at invokeGuardedCallback 
(node_modules/react-dom/cjs/react-dom.development.js:4277:31)
      at invokeGuardedCallbackAndCatchFirstError 
(node_modules/react-dom/cjs/react-dom.development.js:4291:25)
      at executeDispatch 
(node_modules/react-dom/cjs/react-dom.development.js:9041:3)
      at processDispatchQueueItemsInOrder 
(node_modules/react-dom/cjs/react-dom.development.js:9073:7)
      at processDispatchQueue 
(node_modules/react-dom/cjs/react-dom.development.js:9086:5)
      at dispatchEventsForPlugins 
(node_modules/react-dom/cjs/react-dom.development.js:9097:3)
      at node_modules/react-dom/cjs/react-dom.development.js:9288:12
      at batchedUpdates$1 
(node_modules/react-dom/cjs/react-dom.development.js:26179:12)
      at batchedUpdates 
(node_modules/react-dom/cjs/react-dom.development.js:3991:12)
      at dispatchEventForPluginEventSystem 
(node_modules/react-dom/cjs/react-dom.development.js:9287:3)
      at dispatchEventWithEnableCapturePhaseSelectiveHydrationWithoutDiscreteEv
entReplay (node_modules/react-dom/cjs/react-dom.development.js:6465:5)
      at dispatchEvent 
(node_modules/react-dom/cjs/react-dom.development.js:6457:5)
      at dispatchDiscreteEvent 
(node_modules/react-dom/cjs/react-dom.development.js:6430:5)
      at HTMLDivElement.callTheUserObjectsOperation 
(node_modules/jsdom/lib/jsdom/living/generated/EventListener.js:26:30)
      at innerInvokeEventListeners 
(node_modules/jsdom/lib/jsdom/living/events/EventTarget-impl.js:350:25)
      at invokeEventListeners 
(node_modules/jsdom/lib/jsdom/living/events/EventTarget-impl.js:286:3)
      at HTMLButtonElementImpl._dispatch 
(node_modules/jsdom/lib/jsdom/living/events/EventTarget-impl.js:233:9)
      at HTMLButtonElementImpl.dispatchEvent 
(node_modules/jsdom/lib/jsdom/living/events/EventTarget-impl.js:104:17)
      at HTMLButtonElement.dispatchEvent 
(node_modules/jsdom/lib/jsdom/living/generated/EventTarget.js:241:34)
      at 
node_modules/@testing-library/user-event/dist/cjs/event/dispatchEvent.js:45:43
      at Object.eventWrapper 
(node_modules/@testing-library/dom/dist/config.js:25:23)
      at Object.wrapEvent 
(node_modules/@testing-library/user-event/dist/cjs/event/wrapEvent.js:6:28)
      at Object.dispatchEvent (node_modules/@testing-library/user-event/dist/cj
s/event/dispatchEvent.js:45:22)
      at Object.dispatchUIEvent (node_modules/@testing-library/user-event/dist/
cjs/event/dispatchEvent.js:22:26)
      at Mouse.up (node_modules/@testing-library/user-event/dist/cjs/system/poi
nter/mouse.js:100:30)
      at PointerHost.release (node_modules/@testing-library/user-event/dist/cjs
/system/pointer/index.js:87:24)
      at pointerAction 
(node_modules/@testing-library/user-event/dist/cjs/pointer/index.js:54:47)
      at Object.pointer 
(node_modules/@testing-library/user-event/dist/cjs/pointer/index.js:27:9)
      at Object.<anonymous> (src/reporting/__tests__/reports.test.tsx:1037:9)

    console.error
      Warning: An update to DashboardCreatePage inside a test was not wrapped 
in act(...).
      
      When testing, code that causes React state updates should be wrapped 
into act(...):
      
      act(() => {
        /* fire events that update state */
      });
      /* assert on the output */
      
      This ensures that you're testing the behavior the user would see in the 
browser. Learn more at https://reactjs.org/link/wrap-tests-with-act
          at DashboardCreatePage (C:\Users\samhe\OneDrive\Desktop\Cleaned\front
end\src\reporting\DashboardCreatePage\DashboardCreatePage.tsx:56:33)
          at routeContext (C:\Users\samhe\OneDrive\Desktop\Cleaned\frontend\nod
e_modules\react-router\lib\hooks.tsx:658:26)
          at children (C:\Users\samhe\OneDrive\Desktop\Cleaned\frontend\node_mo
dules\react-router\lib\components.tsx:512:3)
          at basenameProp (C:\Users\samhe\OneDrive\Desktop\Cleaned\frontend\nod
e_modules\react-router\lib\components.tsx:421:13)
          at basename (C:\Users\samhe\OneDrive\Desktop\Cleaned\frontend\node_mo
dules\react-router\lib\components.tsx:225:3)

      124 |     function openTemplateSelector(pageId: number, sectionIndex: 
number | null, currentTemplate: string | null) {
      125 |         setSelectingTemplateForPage(pageId)
    > 126 |         setSelectingSectionIndex(sectionIndex)
          |         ^
      127 |         setCurrentPreviewTemplate(currentTemplate)
      128 |         setShowTemplateSelector(true)
      129 |     }

      at printWarning 
(node_modules/react-dom/cjs/react-dom.development.js:86:30)
      at error (node_modules/react-dom/cjs/react-dom.development.js:60:7)
      at warnIfUpdatesNotWrappedWithActDEV 
(node_modules/react-dom/cjs/react-dom.development.js:27628:9)
      at scheduleUpdateOnFiber 
(node_modules/react-dom/cjs/react-dom.development.js:25547:5)
      at dispatchSetState 
(node_modules/react-dom/cjs/react-dom.development.js:16708:7)
      at openTemplateSelector 
(src/reporting/DashboardCreatePage/DashboardCreatePage.tsx:126:9)
      at onClick 
(src/reporting/DashboardCreatePage/DashboardCreatePage.tsx:423:45)
      at HTMLUnknownElement.callCallback 
(node_modules/react-dom/cjs/react-dom.development.js:4164:14)
      at HTMLUnknownElement.callTheUserObjectsOperation 
(node_modules/jsdom/lib/jsdom/living/generated/EventListener.js:26:30)
      at innerInvokeEventListeners 
(node_modules/jsdom/lib/jsdom/living/events/EventTarget-impl.js:350:25)
      at invokeEventListeners 
(node_modules/jsdom/lib/jsdom/living/events/EventTarget-impl.js:286:3)
      at HTMLUnknownElementImpl._dispatch 
(node_modules/jsdom/lib/jsdom/living/events/EventTarget-impl.js:233:9)
      at HTMLUnknownElementImpl.dispatchEvent 
(node_modules/jsdom/lib/jsdom/living/events/EventTarget-impl.js:104:17)
      at HTMLUnknownElement.dispatchEvent 
(node_modules/jsdom/lib/jsdom/living/generated/EventTarget.js:241:34)
      at Object.invokeGuardedCallbackDev 
(node_modules/react-dom/cjs/react-dom.development.js:4213:16)
      at invokeGuardedCallback 
(node_modules/react-dom/cjs/react-dom.development.js:4277:31)
      at invokeGuardedCallbackAndCatchFirstError 
(node_modules/react-dom/cjs/react-dom.development.js:4291:25)
      at executeDispatch 
(node_modules/react-dom/cjs/react-dom.development.js:9041:3)
      at processDispatchQueueItemsInOrder 
(node_modules/react-dom/cjs/react-dom.development.js:9073:7)
      at processDispatchQueue 
(node_modules/react-dom/cjs/react-dom.development.js:9086:5)
      at dispatchEventsForPlugins 
(node_modules/react-dom/cjs/react-dom.development.js:9097:3)
      at node_modules/react-dom/cjs/react-dom.development.js:9288:12
      at batchedUpdates$1 
(node_modules/react-dom/cjs/react-dom.development.js:26179:12)
      at batchedUpdates 
(node_modules/react-dom/cjs/react-dom.development.js:3991:12)
      at dispatchEventForPluginEventSystem 
(node_modules/react-dom/cjs/react-dom.development.js:9287:3)
      at dispatchEventWithEnableCapturePhaseSelectiveHydrationWithoutDiscreteEv
entReplay (node_modules/react-dom/cjs/react-dom.development.js:6465:5)
      at dispatchEvent 
(node_modules/react-dom/cjs/react-dom.development.js:6457:5)
      at dispatchDiscreteEvent 
(node_modules/react-dom/cjs/react-dom.development.js:6430:5)
      at HTMLDivElement.callTheUserObjectsOperation 
(node_modules/jsdom/lib/jsdom/living/generated/EventListener.js:26:30)
      at innerInvokeEventListeners 
(node_modules/jsdom/lib/jsdom/living/events/EventTarget-impl.js:350:25)
      at invokeEventListeners 
(node_modules/jsdom/lib/jsdom/living/events/EventTarget-impl.js:286:3)
      at HTMLButtonElementImpl._dispatch 
(node_modules/jsdom/lib/jsdom/living/events/EventTarget-impl.js:233:9)
      at HTMLButtonElementImpl.dispatchEvent 
(node_modules/jsdom/lib/jsdom/living/events/EventTarget-impl.js:104:17)
      at HTMLButtonElement.dispatchEvent 
(node_modules/jsdom/lib/jsdom/living/generated/EventTarget.js:241:34)
      at 
node_modules/@testing-library/user-event/dist/cjs/event/dispatchEvent.js:45:43
      at Object.eventWrapper 
(node_modules/@testing-library/dom/dist/config.js:25:23)
      at Object.wrapEvent 
(node_modules/@testing-library/user-event/dist/cjs/event/wrapEvent.js:6:28)
      at Object.dispatchEvent (node_modules/@testing-library/user-event/dist/cj
s/event/dispatchEvent.js:45:22)
      at Object.dispatchUIEvent (node_modules/@testing-library/user-event/dist/
cjs/event/dispatchEvent.js:22:26)
      at Mouse.up (node_modules/@testing-library/user-event/dist/cjs/system/poi
nter/mouse.js:100:30)
      at PointerHost.release (node_modules/@testing-library/user-event/dist/cjs
/system/pointer/index.js:87:24)
      at pointerAction 
(node_modules/@testing-library/user-event/dist/cjs/pointer/index.js:54:47)
      at Object.pointer 
(node_modules/@testing-library/user-event/dist/cjs/pointer/index.js:27:9)
      at Object.<anonymous> (src/reporting/__tests__/reports.test.tsx:1037:9)

    console.error
      Warning: An update to DashboardCreatePage inside a test was not wrapped 
in act(...).
      
      When testing, code that causes React state updates should be wrapped 
into act(...):
      
      act(() => {
        /* fire events that update state */
      });
      /* assert on the output */
      
      This ensures that you're testing the behavior the user would see in the 
browser. Learn more at https://reactjs.org/link/wrap-tests-with-act
          at DashboardCreatePage (C:\Users\samhe\OneDrive\Desktop\Cleaned\front
end\src\reporting\DashboardCreatePage\DashboardCreatePage.tsx:56:33)
          at routeContext (C:\Users\samhe\OneDrive\Desktop\Cleaned\frontend\nod
e_modules\react-router\lib\hooks.tsx:658:26)
          at children (C:\Users\samhe\OneDrive\Desktop\Cleaned\frontend\node_mo
dules\react-router\lib\components.tsx:512:3)
          at basenameProp (C:\Users\samhe\OneDrive\Desktop\Cleaned\frontend\nod
e_modules\react-router\lib\components.tsx:421:13)
          at basename (C:\Users\samhe\OneDrive\Desktop\Cleaned\frontend\node_mo
dules\react-router\lib\components.tsx:225:3)

      125 |         setSelectingTemplateForPage(pageId)
      126 |         setSelectingSectionIndex(sectionIndex)
    > 127 |         setCurrentPreviewTemplate(currentTemplate)
          |         ^
      128 |         setShowTemplateSelector(true)
      129 |     }
      130 |

      at printWarning 
(node_modules/react-dom/cjs/react-dom.development.js:86:30)
      at error (node_modules/react-dom/cjs/react-dom.development.js:60:7)
      at warnIfUpdatesNotWrappedWithActDEV 
(node_modules/react-dom/cjs/react-dom.development.js:27628:9)
      at scheduleUpdateOnFiber 
(node_modules/react-dom/cjs/react-dom.development.js:25547:5)
      at dispatchSetState 
(node_modules/react-dom/cjs/react-dom.development.js:16708:7)
      at openTemplateSelector 
(src/reporting/DashboardCreatePage/DashboardCreatePage.tsx:127:9)
      at onClick 
(src/reporting/DashboardCreatePage/DashboardCreatePage.tsx:423:45)
      at HTMLUnknownElement.callCallback 
(node_modules/react-dom/cjs/react-dom.development.js:4164:14)
      at HTMLUnknownElement.callTheUserObjectsOperation 
(node_modules/jsdom/lib/jsdom/living/generated/EventListener.js:26:30)
      at innerInvokeEventListeners 
(node_modules/jsdom/lib/jsdom/living/events/EventTarget-impl.js:350:25)
      at invokeEventListeners 
(node_modules/jsdom/lib/jsdom/living/events/EventTarget-impl.js:286:3)
      at HTMLUnknownElementImpl._dispatch 
(node_modules/jsdom/lib/jsdom/living/events/EventTarget-impl.js:233:9)
      at HTMLUnknownElementImpl.dispatchEvent 
(node_modules/jsdom/lib/jsdom/living/events/EventTarget-impl.js:104:17)
      at HTMLUnknownElement.dispatchEvent 
(node_modules/jsdom/lib/jsdom/living/generated/EventTarget.js:241:34)
      at Object.invokeGuardedCallbackDev 
(node_modules/react-dom/cjs/react-dom.development.js:4213:16)
      at invokeGuardedCallback 
(node_modules/react-dom/cjs/react-dom.development.js:4277:31)
      at invokeGuardedCallbackAndCatchFirstError 
(node_modules/react-dom/cjs/react-dom.development.js:4291:25)
      at executeDispatch 
(node_modules/react-dom/cjs/react-dom.development.js:9041:3)
      at processDispatchQueueItemsInOrder 
(node_modules/react-dom/cjs/react-dom.development.js:9073:7)
      at processDispatchQueue 
(node_modules/react-dom/cjs/react-dom.development.js:9086:5)
      at dispatchEventsForPlugins 
(node_modules/react-dom/cjs/react-dom.development.js:9097:3)
      at node_modules/react-dom/cjs/react-dom.development.js:9288:12
      at batchedUpdates$1 
(node_modules/react-dom/cjs/react-dom.development.js:26179:12)
      at batchedUpdates 
(node_modules/react-dom/cjs/react-dom.development.js:3991:12)
      at dispatchEventForPluginEventSystem 
(node_modules/react-dom/cjs/react-dom.development.js:9287:3)
      at dispatchEventWithEnableCapturePhaseSelectiveHydrationWithoutDiscreteEv
entReplay (node_modules/react-dom/cjs/react-dom.development.js:6465:5)
      at dispatchEvent 
(node_modules/react-dom/cjs/react-dom.development.js:6457:5)
      at dispatchDiscreteEvent 
(node_modules/react-dom/cjs/react-dom.development.js:6430:5)
      at HTMLDivElement.callTheUserObjectsOperation 
(node_modules/jsdom/lib/jsdom/living/generated/EventListener.js:26:30)
      at innerInvokeEventListeners 
(node_modules/jsdom/lib/jsdom/living/events/EventTarget-impl.js:350:25)
      at invokeEventListeners 
(node_modules/jsdom/lib/jsdom/living/events/EventTarget-impl.js:286:3)
      at HTMLButtonElementImpl._dispatch 
(node_modules/jsdom/lib/jsdom/living/events/EventTarget-impl.js:233:9)
      at HTMLButtonElementImpl.dispatchEvent 
(node_modules/jsdom/lib/jsdom/living/events/EventTarget-impl.js:104:17)
      at HTMLButtonElement.dispatchEvent 
(node_modules/jsdom/lib/jsdom/living/generated/EventTarget.js:241:34)
      at 
node_modules/@testing-library/user-event/dist/cjs/event/dispatchEvent.js:45:43
      at Object.eventWrapper 
(node_modules/@testing-library/dom/dist/config.js:25:23)
      at Object.wrapEvent 
(node_modules/@testing-library/user-event/dist/cjs/event/wrapEvent.js:6:28)
      at Object.dispatchEvent (node_modules/@testing-library/user-event/dist/cj
s/event/dispatchEvent.js:45:22)
      at Object.dispatchUIEvent (node_modules/@testing-library/user-event/dist/
cjs/event/dispatchEvent.js:22:26)
      at Mouse.up (node_modules/@testing-library/user-event/dist/cjs/system/poi
nter/mouse.js:100:30)
      at PointerHost.release (node_modules/@testing-library/user-event/dist/cjs
/system/pointer/index.js:87:24)
      at pointerAction 
(node_modules/@testing-library/user-event/dist/cjs/pointer/index.js:54:47)
      at Object.pointer 
(node_modules/@testing-library/user-event/dist/cjs/pointer/index.js:27:9)
      at Object.<anonymous> (src/reporting/__tests__/reports.test.tsx:1037:9)

    console.error
      Warning: An update to DashboardCreatePage inside a test was not wrapped 
in act(...).
      
      When testing, code that causes React state updates should be wrapped 
into act(...):
      
      act(() => {
        /* fire events that update state */
      });
      /* assert on the output */
      
      This ensures that you're testing the behavior the user would see in the 
browser. Learn more at https://reactjs.org/link/wrap-tests-with-act
          at DashboardCreatePage (C:\Users\samhe\OneDrive\Desktop\Cleaned\front
end\src\reporting\DashboardCreatePage\DashboardCreatePage.tsx:56:33)
          at routeContext (C:\Users\samhe\OneDrive\Desktop\Cleaned\frontend\nod
e_modules\react-router\lib\hooks.tsx:658:26)
          at children (C:\Users\samhe\OneDrive\Desktop\Cleaned\frontend\node_mo
dules\react-router\lib\components.tsx:512:3)
          at basenameProp (C:\Users\samhe\OneDrive\Desktop\Cleaned\frontend\nod
e_modules\react-router\lib\components.tsx:421:13)
          at basename (C:\Users\samhe\OneDrive\Desktop\Cleaned\frontend\node_mo
dules\react-router\lib\components.tsx:225:3)

      126 |         setSelectingSectionIndex(sectionIndex)
      127 |         setCurrentPreviewTemplate(currentTemplate)
    > 128 |         setShowTemplateSelector(true)
          |         ^
      129 |     }
      130 |
      131 |     function handleTemplateSelected(template: DashboardTemplate) {

      at printWarning 
(node_modules/react-dom/cjs/react-dom.development.js:86:30)
      at error (node_modules/react-dom/cjs/react-dom.development.js:60:7)
      at warnIfUpdatesNotWrappedWithActDEV 
(node_modules/react-dom/cjs/react-dom.development.js:27628:9)
      at scheduleUpdateOnFiber 
(node_modules/react-dom/cjs/react-dom.development.js:25547:5)
      at dispatchSetState 
(node_modules/react-dom/cjs/react-dom.development.js:16708:7)
      at openTemplateSelector 
(src/reporting/DashboardCreatePage/DashboardCreatePage.tsx:128:9)
      at onClick 
(src/reporting/DashboardCreatePage/DashboardCreatePage.tsx:423:45)
      at HTMLUnknownElement.callCallback 
(node_modules/react-dom/cjs/react-dom.development.js:4164:14)
      at HTMLUnknownElement.callTheUserObjectsOperation 
(node_modules/jsdom/lib/jsdom/living/generated/EventListener.js:26:30)
      at innerInvokeEventListeners 
(node_modules/jsdom/lib/jsdom/living/events/EventTarget-impl.js:350:25)
      at invokeEventListeners 
(node_modules/jsdom/lib/jsdom/living/events/EventTarget-impl.js:286:3)
      at HTMLUnknownElementImpl._dispatch 
(node_modules/jsdom/lib/jsdom/living/events/EventTarget-impl.js:233:9)
      at HTMLUnknownElementImpl.dispatchEvent 
(node_modules/jsdom/lib/jsdom/living/events/EventTarget-impl.js:104:17)
      at HTMLUnknownElement.dispatchEvent 
(node_modules/jsdom/lib/jsdom/living/generated/EventTarget.js:241:34)
      at Object.invokeGuardedCallbackDev 
(node_modules/react-dom/cjs/react-dom.development.js:4213:16)
      at invokeGuardedCallback 
(node_modules/react-dom/cjs/react-dom.development.js:4277:31)
      at invokeGuardedCallbackAndCatchFirstError 
(node_modules/react-dom/cjs/react-dom.development.js:4291:25)
      at executeDispatch 
(node_modules/react-dom/cjs/react-dom.development.js:9041:3)
      at processDispatchQueueItemsInOrder 
(node_modules/react-dom/cjs/react-dom.development.js:9073:7)
      at processDispatchQueue 
(node_modules/react-dom/cjs/react-dom.development.js:9086:5)
      at dispatchEventsForPlugins 
(node_modules/react-dom/cjs/react-dom.development.js:9097:3)
      at node_modules/react-dom/cjs/react-dom.development.js:9288:12
      at batchedUpdates$1 
(node_modules/react-dom/cjs/react-dom.development.js:26179:12)
      at batchedUpdates 
(node_modules/react-dom/cjs/react-dom.development.js:3991:12)
      at dispatchEventForPluginEventSystem 
(node_modules/react-dom/cjs/react-dom.development.js:9287:3)
      at dispatchEventWithEnableCapturePhaseSelectiveHydrationWithoutDiscreteEv
entReplay (node_modules/react-dom/cjs/react-dom.development.js:6465:5)
      at dispatchEvent 
(node_modules/react-dom/cjs/react-dom.development.js:6457:5)
      at dispatchDiscreteEvent 
(node_modules/react-dom/cjs/react-dom.development.js:6430:5)
      at HTMLDivElement.callTheUserObjectsOperation 
(node_modules/jsdom/lib/jsdom/living/generated/EventListener.js:26:30)
      at innerInvokeEventListeners 
(node_modules/jsdom/lib/jsdom/living/events/EventTarget-impl.js:350:25)
      at invokeEventListeners 
(node_modules/jsdom/lib/jsdom/living/events/EventTarget-impl.js:286:3)
      at HTMLButtonElementImpl._dispatch 
(node_modules/jsdom/lib/jsdom/living/events/EventTarget-impl.js:233:9)
      at HTMLButtonElementImpl.dispatchEvent 
(node_modules/jsdom/lib/jsdom/living/events/EventTarget-impl.js:104:17)
      at HTMLButtonElement.dispatchEvent 
(node_modules/jsdom/lib/jsdom/living/generated/EventTarget.js:241:34)
      at 
node_modules/@testing-library/user-event/dist/cjs/event/dispatchEvent.js:45:43
      at Object.eventWrapper 
(node_modules/@testing-library/dom/dist/config.js:25:23)
      at Object.wrapEvent 
(node_modules/@testing-library/user-event/dist/cjs/event/wrapEvent.js:6:28)
      at Object.dispatchEvent (node_modules/@testing-library/user-event/dist/cj
s/event/dispatchEvent.js:45:22)
      at Object.dispatchUIEvent (node_modules/@testing-library/user-event/dist/
cjs/event/dispatchEvent.js:22:26)
      at Mouse.up (node_modules/@testing-library/user-event/dist/cjs/system/poi
nter/mouse.js:100:30)
      at PointerHost.release (node_modules/@testing-library/user-event/dist/cjs
/system/pointer/index.js:87:24)
      at pointerAction 
(node_modules/@testing-library/user-event/dist/cjs/pointer/index.js:54:47)
      at Object.pointer 
(node_modules/@testing-library/user-event/dist/cjs/pointer/index.js:27:9)
      at Object.<anonymous> (src/reporting/__tests__/reports.test.tsx:1037:9)

    console.error
      Warning: An update to DashboardCreatePage inside a test was not wrapped 
in act(...).
      
      When testing, code that causes React state updates should be wrapped 
into act(...):
      
      act(() => {
        /* fire events that update state */
      });
      /* assert on the output */
      
      This ensures that you're testing the behavior the user would see in the 
browser. Learn more at https://reactjs.org/link/wrap-tests-with-act
          at DashboardCreatePage (C:\Users\samhe\OneDrive\Desktop\Cleaned\front
end\src\reporting\DashboardCreatePage\DashboardCreatePage.tsx:56:33)
          at routeContext (C:\Users\samhe\OneDrive\Desktop\Cleaned\frontend\nod
e_modules\react-router\lib\hooks.tsx:658:26)
          at children (C:\Users\samhe\OneDrive\Desktop\Cleaned\frontend\node_mo
dules\react-router\lib\components.tsx:512:3)
          at basenameProp (C:\Users\samhe\OneDrive\Desktop\Cleaned\frontend\nod
e_modules\react-router\lib\components.tsx:421:13)
          at basename (C:\Users\samhe\OneDrive\Desktop\Cleaned\frontend\node_mo
dules\react-router\lib\components.tsx:225:3)

      123 |
      124 |     function openTemplateSelector(pageId: number, sectionIndex: 
number | null, currentTemplate: string | null) {
    > 125 |         setSelectingTemplateForPage(pageId)
          |         ^
      126 |         setSelectingSectionIndex(sectionIndex)
      127 |         setCurrentPreviewTemplate(currentTemplate)
      128 |         setShowTemplateSelector(true)

      at printWarning 
(node_modules/react-dom/cjs/react-dom.development.js:86:30)
      at error (node_modules/react-dom/cjs/react-dom.development.js:60:7)
      at warnIfUpdatesNotWrappedWithActDEV 
(node_modules/react-dom/cjs/react-dom.development.js:27628:9)
      at scheduleUpdateOnFiber 
(node_modules/react-dom/cjs/react-dom.development.js:25547:5)
      at dispatchSetState 
(node_modules/react-dom/cjs/react-dom.development.js:16708:7)
      at openTemplateSelector 
(src/reporting/DashboardCreatePage/DashboardCreatePage.tsx:125:9)
      at onClick 
(src/reporting/DashboardCreatePage/DashboardCreatePage.tsx:423:45)
      at HTMLUnknownElement.callCallback 
(node_modules/react-dom/cjs/react-dom.development.js:4164:14)
      at HTMLUnknownElement.callTheUserObjectsOperation 
(node_modules/jsdom/lib/jsdom/living/generated/EventListener.js:26:30)
      at innerInvokeEventListeners 
(node_modules/jsdom/lib/jsdom/living/events/EventTarget-impl.js:350:25)
      at invokeEventListeners 
(node_modules/jsdom/lib/jsdom/living/events/EventTarget-impl.js:286:3)
      at HTMLUnknownElementImpl._dispatch 
(node_modules/jsdom/lib/jsdom/living/events/EventTarget-impl.js:233:9)
      at HTMLUnknownElementImpl.dispatchEvent 
(node_modules/jsdom/lib/jsdom/living/events/EventTarget-impl.js:104:17)
      at HTMLUnknownElement.dispatchEvent 
(node_modules/jsdom/lib/jsdom/living/generated/EventTarget.js:241:34)
      at Object.invokeGuardedCallbackDev 
(node_modules/react-dom/cjs/react-dom.development.js:4213:16)
      at invokeGuardedCallback 
(node_modules/react-dom/cjs/react-dom.development.js:4277:31)
      at invokeGuardedCallbackAndCatchFirstError 
(node_modules/react-dom/cjs/react-dom.development.js:4291:25)
      at executeDispatch 
(node_modules/react-dom/cjs/react-dom.development.js:9041:3)
      at processDispatchQueueItemsInOrder 
(node_modules/react-dom/cjs/react-dom.development.js:9073:7)
      at processDispatchQueue 
(node_modules/react-dom/cjs/react-dom.development.js:9086:5)
      at dispatchEventsForPlugins 
(node_modules/react-dom/cjs/react-dom.development.js:9097:3)
      at node_modules/react-dom/cjs/react-dom.development.js:9288:12
      at batchedUpdates$1 
(node_modules/react-dom/cjs/react-dom.development.js:26179:12)
      at batchedUpdates 
(node_modules/react-dom/cjs/react-dom.development.js:3991:12)
      at dispatchEventForPluginEventSystem 
(node_modules/react-dom/cjs/react-dom.development.js:9287:3)
      at dispatchEventWithEnableCapturePhaseSelectiveHydrationWithoutDiscreteEv
entReplay (node_modules/react-dom/cjs/react-dom.development.js:6465:5)
      at dispatchEvent 
(node_modules/react-dom/cjs/react-dom.development.js:6457:5)
      at dispatchDiscreteEvent 
(node_modules/react-dom/cjs/react-dom.development.js:6430:5)
      at HTMLDivElement.callTheUserObjectsOperation 
(node_modules/jsdom/lib/jsdom/living/generated/EventListener.js:26:30)
      at innerInvokeEventListeners 
(node_modules/jsdom/lib/jsdom/living/events/EventTarget-impl.js:350:25)
      at invokeEventListeners 
(node_modules/jsdom/lib/jsdom/living/events/EventTarget-impl.js:286:3)
      at HTMLButtonElementImpl._dispatch 
(node_modules/jsdom/lib/jsdom/living/events/EventTarget-impl.js:233:9)
      at HTMLButtonElementImpl.dispatchEvent 
(node_modules/jsdom/lib/jsdom/living/events/EventTarget-impl.js:104:17)
      at HTMLButtonElement.dispatchEvent 
(node_modules/jsdom/lib/jsdom/living/generated/EventTarget.js:241:34)
      at 
node_modules/@testing-library/user-event/dist/cjs/event/dispatchEvent.js:45:43
      at Object.eventWrapper 
(node_modules/@testing-library/dom/dist/config.js:25:23)
      at Object.wrapEvent 
(node_modules/@testing-library/user-event/dist/cjs/event/wrapEvent.js:6:28)
      at Object.dispatchEvent (node_modules/@testing-library/user-event/dist/cj
s/event/dispatchEvent.js:45:22)
      at Object.dispatchUIEvent (node_modules/@testing-library/user-event/dist/
cjs/event/dispatchEvent.js:22:26)
      at Mouse.up (node_modules/@testing-library/user-event/dist/cjs/system/poi
nter/mouse.js:100:30)
      at PointerHost.release (node_modules/@testing-library/user-event/dist/cjs
/system/pointer/index.js:87:24)
      at pointerAction 
(node_modules/@testing-library/user-event/dist/cjs/pointer/index.js:54:47)
      at Object.pointer 
(node_modules/@testing-library/user-event/dist/cjs/pointer/index.js:27:9)
      at Object.<anonymous> (src/reporting/__tests__/reports.test.tsx:1043:9)

    console.error
      Warning: An update to DashboardCreatePage inside a test was not wrapped 
in act(...).
      
      When testing, code that causes React state updates should be wrapped 
into act(...):
      
      act(() => {
        /* fire events that update state */
      });
      /* assert on the output */
      
      This ensures that you're testing the behavior the user would see in the 
browser. Learn more at https://reactjs.org/link/wrap-tests-with-act
          at DashboardCreatePage (C:\Users\samhe\OneDrive\Desktop\Cleaned\front
end\src\reporting\DashboardCreatePage\DashboardCreatePage.tsx:56:33)
          at routeContext (C:\Users\samhe\OneDrive\Desktop\Cleaned\frontend\nod
e_modules\react-router\lib\hooks.tsx:658:26)
          at children (C:\Users\samhe\OneDrive\Desktop\Cleaned\frontend\node_mo
dules\react-router\lib\components.tsx:512:3)
          at basenameProp (C:\Users\samhe\OneDrive\Desktop\Cleaned\frontend\nod
e_modules\react-router\lib\components.tsx:421:13)
          at basename (C:\Users\samhe\OneDrive\Desktop\Cleaned\frontend\node_mo
dules\react-router\lib\components.tsx:225:3)

      124 |     function openTemplateSelector(pageId: number, sectionIndex: 
number | null, currentTemplate: string | null) {
      125 |         setSelectingTemplateForPage(pageId)
    > 126 |         setSelectingSectionIndex(sectionIndex)
          |         ^
      127 |         setCurrentPreviewTemplate(currentTemplate)
      128 |         setShowTemplateSelector(true)
      129 |     }

      at printWarning 
(node_modules/react-dom/cjs/react-dom.development.js:86:30)
      at error (node_modules/react-dom/cjs/react-dom.development.js:60:7)
      at warnIfUpdatesNotWrappedWithActDEV 
(node_modules/react-dom/cjs/react-dom.development.js:27628:9)
      at scheduleUpdateOnFiber 
(node_modules/react-dom/cjs/react-dom.development.js:25547:5)
      at dispatchSetState 
(node_modules/react-dom/cjs/react-dom.development.js:16708:7)
      at openTemplateSelector 
(src/reporting/DashboardCreatePage/DashboardCreatePage.tsx:126:9)
      at onClick 
(src/reporting/DashboardCreatePage/DashboardCreatePage.tsx:423:45)
      at HTMLUnknownElement.callCallback 
(node_modules/react-dom/cjs/react-dom.development.js:4164:14)
      at HTMLUnknownElement.callTheUserObjectsOperation 
(node_modules/jsdom/lib/jsdom/living/generated/EventListener.js:26:30)
      at innerInvokeEventListeners 
(node_modules/jsdom/lib/jsdom/living/events/EventTarget-impl.js:350:25)
      at invokeEventListeners 
(node_modules/jsdom/lib/jsdom/living/events/EventTarget-impl.js:286:3)
      at HTMLUnknownElementImpl._dispatch 
(node_modules/jsdom/lib/jsdom/living/events/EventTarget-impl.js:233:9)
      at HTMLUnknownElementImpl.dispatchEvent 
(node_modules/jsdom/lib/jsdom/living/events/EventTarget-impl.js:104:17)
      at HTMLUnknownElement.dispatchEvent 
(node_modules/jsdom/lib/jsdom/living/generated/EventTarget.js:241:34)
      at Object.invokeGuardedCallbackDev 
(node_modules/react-dom/cjs/react-dom.development.js:4213:16)
      at invokeGuardedCallback 
(node_modules/react-dom/cjs/react-dom.development.js:4277:31)
      at invokeGuardedCallbackAndCatchFirstError 
(node_modules/react-dom/cjs/react-dom.development.js:4291:25)
      at executeDispatch 
(node_modules/react-dom/cjs/react-dom.development.js:9041:3)
      at processDispatchQueueItemsInOrder 
(node_modules/react-dom/cjs/react-dom.development.js:9073:7)
      at processDispatchQueue 
(node_modules/react-dom/cjs/react-dom.development.js:9086:5)
      at dispatchEventsForPlugins 
(node_modules/react-dom/cjs/react-dom.development.js:9097:3)
      at node_modules/react-dom/cjs/react-dom.development.js:9288:12
      at batchedUpdates$1 
(node_modules/react-dom/cjs/react-dom.development.js:26179:12)
      at batchedUpdates 
(node_modules/react-dom/cjs/react-dom.development.js:3991:12)
      at dispatchEventForPluginEventSystem 
(node_modules/react-dom/cjs/react-dom.development.js:9287:3)
      at dispatchEventWithEnableCapturePhaseSelectiveHydrationWithoutDiscreteEv
entReplay (node_modules/react-dom/cjs/react-dom.development.js:6465:5)
      at dispatchEvent 
(node_modules/react-dom/cjs/react-dom.development.js:6457:5)
      at dispatchDiscreteEvent 
(node_modules/react-dom/cjs/react-dom.development.js:6430:5)
      at HTMLDivElement.callTheUserObjectsOperation 
(node_modules/jsdom/lib/jsdom/living/generated/EventListener.js:26:30)
      at innerInvokeEventListeners 
(node_modules/jsdom/lib/jsdom/living/events/EventTarget-impl.js:350:25)
      at invokeEventListeners 
(node_modules/jsdom/lib/jsdom/living/events/EventTarget-impl.js:286:3)
      at HTMLButtonElementImpl._dispatch 
(node_modules/jsdom/lib/jsdom/living/events/EventTarget-impl.js:233:9)
      at HTMLButtonElementImpl.dispatchEvent 
(node_modules/jsdom/lib/jsdom/living/events/EventTarget-impl.js:104:17)
      at HTMLButtonElement.dispatchEvent 
(node_modules/jsdom/lib/jsdom/living/generated/EventTarget.js:241:34)
      at 
node_modules/@testing-library/user-event/dist/cjs/event/dispatchEvent.js:45:43
      at Object.eventWrapper 
(node_modules/@testing-library/dom/dist/config.js:25:23)
      at Object.wrapEvent 
(node_modules/@testing-library/user-event/dist/cjs/event/wrapEvent.js:6:28)
      at Object.dispatchEvent (node_modules/@testing-library/user-event/dist/cj
s/event/dispatchEvent.js:45:22)
      at Object.dispatchUIEvent (node_modules/@testing-library/user-event/dist/
cjs/event/dispatchEvent.js:22:26)
      at Mouse.up (node_modules/@testing-library/user-event/dist/cjs/system/poi
nter/mouse.js:100:30)
      at PointerHost.release (node_modules/@testing-library/user-event/dist/cjs
/system/pointer/index.js:87:24)
      at pointerAction 
(node_modules/@testing-library/user-event/dist/cjs/pointer/index.js:54:47)
      at Object.pointer 
(node_modules/@testing-library/user-event/dist/cjs/pointer/index.js:27:9)
      at Object.<anonymous> (src/reporting/__tests__/reports.test.tsx:1043:9)

    console.error
      Warning: An update to DashboardCreatePage inside a test was not wrapped 
in act(...).
      
      When testing, code that causes React state updates should be wrapped 
into act(...):
      
      act(() => {
        /* fire events that update state */
      });
      /* assert on the output */
      
      This ensures that you're testing the behavior the user would see in the 
browser. Learn more at https://reactjs.org/link/wrap-tests-with-act
          at DashboardCreatePage (C:\Users\samhe\OneDrive\Desktop\Cleaned\front
end\src\reporting\DashboardCreatePage\DashboardCreatePage.tsx:56:33)
          at routeContext (C:\Users\samhe\OneDrive\Desktop\Cleaned\frontend\nod
e_modules\react-router\lib\hooks.tsx:658:26)
          at children (C:\Users\samhe\OneDrive\Desktop\Cleaned\frontend\node_mo
dules\react-router\lib\components.tsx:512:3)
          at basenameProp (C:\Users\samhe\OneDrive\Desktop\Cleaned\frontend\nod
e_modules\react-router\lib\components.tsx:421:13)
          at basename (C:\Users\samhe\OneDrive\Desktop\Cleaned\frontend\node_mo
dules\react-router\lib\components.tsx:225:3)

      125 |         setSelectingTemplateForPage(pageId)
      126 |         setSelectingSectionIndex(sectionIndex)
    > 127 |         setCurrentPreviewTemplate(currentTemplate)
          |         ^
      128 |         setShowTemplateSelector(true)
      129 |     }
      130 |

      at printWarning 
(node_modules/react-dom/cjs/react-dom.development.js:86:30)
      at error (node_modules/react-dom/cjs/react-dom.development.js:60:7)
      at warnIfUpdatesNotWrappedWithActDEV 
(node_modules/react-dom/cjs/react-dom.development.js:27628:9)
      at scheduleUpdateOnFiber 
(node_modules/react-dom/cjs/react-dom.development.js:25547:5)
      at dispatchSetState 
(node_modules/react-dom/cjs/react-dom.development.js:16708:7)
      at openTemplateSelector 
(src/reporting/DashboardCreatePage/DashboardCreatePage.tsx:127:9)
      at onClick 
(src/reporting/DashboardCreatePage/DashboardCreatePage.tsx:423:45)
      at HTMLUnknownElement.callCallback 
(node_modules/react-dom/cjs/react-dom.development.js:4164:14)
      at HTMLUnknownElement.callTheUserObjectsOperation 
(node_modules/jsdom/lib/jsdom/living/generated/EventListener.js:26:30)
      at innerInvokeEventListeners 
(node_modules/jsdom/lib/jsdom/living/events/EventTarget-impl.js:350:25)
      at invokeEventListeners 
(node_modules/jsdom/lib/jsdom/living/events/EventTarget-impl.js:286:3)
      at HTMLUnknownElementImpl._dispatch 
(node_modules/jsdom/lib/jsdom/living/events/EventTarget-impl.js:233:9)
      at HTMLUnknownElementImpl.dispatchEvent 
(node_modules/jsdom/lib/jsdom/living/events/EventTarget-impl.js:104:17)
      at HTMLUnknownElement.dispatchEvent 
(node_modules/jsdom/lib/jsdom/living/generated/EventTarget.js:241:34)
      at Object.invokeGuardedCallbackDev 
(node_modules/react-dom/cjs/react-dom.development.js:4213:16)
      at invokeGuardedCallback 
(node_modules/react-dom/cjs/react-dom.development.js:4277:31)
      at invokeGuardedCallbackAndCatchFirstError 
(node_modules/react-dom/cjs/react-dom.development.js:4291:25)
      at executeDispatch 
(node_modules/react-dom/cjs/react-dom.development.js:9041:3)
      at processDispatchQueueItemsInOrder 
(node_modules/react-dom/cjs/react-dom.development.js:9073:7)
      at processDispatchQueue 
(node_modules/react-dom/cjs/react-dom.development.js:9086:5)
      at dispatchEventsForPlugins 
(node_modules/react-dom/cjs/react-dom.development.js:9097:3)
      at node_modules/react-dom/cjs/react-dom.development.js:9288:12
      at batchedUpdates$1 
(node_modules/react-dom/cjs/react-dom.development.js:26179:12)
      at batchedUpdates 
(node_modules/react-dom/cjs/react-dom.development.js:3991:12)
      at dispatchEventForPluginEventSystem 
(node_modules/react-dom/cjs/react-dom.development.js:9287:3)
      at dispatchEventWithEnableCapturePhaseSelectiveHydrationWithoutDiscreteEv
entReplay (node_modules/react-dom/cjs/react-dom.development.js:6465:5)
      at dispatchEvent 
(node_modules/react-dom/cjs/react-dom.development.js:6457:5)
      at dispatchDiscreteEvent 
(node_modules/react-dom/cjs/react-dom.development.js:6430:5)
      at HTMLDivElement.callTheUserObjectsOperation 
(node_modules/jsdom/lib/jsdom/living/generated/EventListener.js:26:30)
      at innerInvokeEventListeners 
(node_modules/jsdom/lib/jsdom/living/events/EventTarget-impl.js:350:25)
      at invokeEventListeners 
(node_modules/jsdom/lib/jsdom/living/events/EventTarget-impl.js:286:3)
      at HTMLButtonElementImpl._dispatch 
(node_modules/jsdom/lib/jsdom/living/events/EventTarget-impl.js:233:9)
      at HTMLButtonElementImpl.dispatchEvent 
(node_modules/jsdom/lib/jsdom/living/events/EventTarget-impl.js:104:17)
      at HTMLButtonElement.dispatchEvent 
(node_modules/jsdom/lib/jsdom/living/generated/EventTarget.js:241:34)
      at 
node_modules/@testing-library/user-event/dist/cjs/event/dispatchEvent.js:45:43
      at Object.eventWrapper 
(node_modules/@testing-library/dom/dist/config.js:25:23)
      at Object.wrapEvent 
(node_modules/@testing-library/user-event/dist/cjs/event/wrapEvent.js:6:28)
      at Object.dispatchEvent (node_modules/@testing-library/user-event/dist/cj
s/event/dispatchEvent.js:45:22)
      at Object.dispatchUIEvent (node_modules/@testing-library/user-event/dist/
cjs/event/dispatchEvent.js:22:26)
      at Mouse.up (node_modules/@testing-library/user-event/dist/cjs/system/poi
nter/mouse.js:100:30)
      at PointerHost.release (node_modules/@testing-library/user-event/dist/cjs
/system/pointer/index.js:87:24)
      at pointerAction 
(node_modules/@testing-library/user-event/dist/cjs/pointer/index.js:54:47)
      at Object.pointer 
(node_modules/@testing-library/user-event/dist/cjs/pointer/index.js:27:9)
      at Object.<anonymous> (src/reporting/__tests__/reports.test.tsx:1043:9)

    console.error
      Warning: An update to DashboardCreatePage inside a test was not wrapped 
in act(...).
      
      When testing, code that causes React state updates should be wrapped 
into act(...):
      
      act(() => {
        /* fire events that update state */
      });
      /* assert on the output */
      
      This ensures that you're testing the behavior the user would see in the 
browser. Learn more at https://reactjs.org/link/wrap-tests-with-act
          at DashboardCreatePage (C:\Users\samhe\OneDrive\Desktop\Cleaned\front
end\src\reporting\DashboardCreatePage\DashboardCreatePage.tsx:56:33)
          at routeContext (C:\Users\samhe\OneDrive\Desktop\Cleaned\frontend\nod
e_modules\react-router\lib\hooks.tsx:658:26)
          at children (C:\Users\samhe\OneDrive\Desktop\Cleaned\frontend\node_mo
dules\react-router\lib\components.tsx:512:3)
          at basenameProp (C:\Users\samhe\OneDrive\Desktop\Cleaned\frontend\nod
e_modules\react-router\lib\components.tsx:421:13)
          at basename (C:\Users\samhe\OneDrive\Desktop\Cleaned\frontend\node_mo
dules\react-router\lib\components.tsx:225:3)

      126 |         setSelectingSectionIndex(sectionIndex)
      127 |         setCurrentPreviewTemplate(currentTemplate)
    > 128 |         setShowTemplateSelector(true)
          |         ^
      129 |     }
      130 |
      131 |     function handleTemplateSelected(template: DashboardTemplate) {

      at printWarning 
(node_modules/react-dom/cjs/react-dom.development.js:86:30)
      at error (node_modules/react-dom/cjs/react-dom.development.js:60:7)
      at warnIfUpdatesNotWrappedWithActDEV 
(node_modules/react-dom/cjs/react-dom.development.js:27628:9)
      at scheduleUpdateOnFiber 
(node_modules/react-dom/cjs/react-dom.development.js:25547:5)
      at dispatchSetState 
(node_modules/react-dom/cjs/react-dom.development.js:16708:7)
      at openTemplateSelector 
(src/reporting/DashboardCreatePage/DashboardCreatePage.tsx:128:9)
      at onClick 
(src/reporting/DashboardCreatePage/DashboardCreatePage.tsx:423:45)
      at HTMLUnknownElement.callCallback 
(node_modules/react-dom/cjs/react-dom.development.js:4164:14)
      at HTMLUnknownElement.callTheUserObjectsOperation 
(node_modules/jsdom/lib/jsdom/living/generated/EventListener.js:26:30)
      at innerInvokeEventListeners 
(node_modules/jsdom/lib/jsdom/living/events/EventTarget-impl.js:350:25)
      at invokeEventListeners 
(node_modules/jsdom/lib/jsdom/living/events/EventTarget-impl.js:286:3)
      at HTMLUnknownElementImpl._dispatch 
(node_modules/jsdom/lib/jsdom/living/events/EventTarget-impl.js:233:9)
      at HTMLUnknownElementImpl.dispatchEvent 
(node_modules/jsdom/lib/jsdom/living/events/EventTarget-impl.js:104:17)
      at HTMLUnknownElement.dispatchEvent 
(node_modules/jsdom/lib/jsdom/living/generated/EventTarget.js:241:34)
      at Object.invokeGuardedCallbackDev 
(node_modules/react-dom/cjs/react-dom.development.js:4213:16)
      at invokeGuardedCallback 
(node_modules/react-dom/cjs/react-dom.development.js:4277:31)
      at invokeGuardedCallbackAndCatchFirstError 
(node_modules/react-dom/cjs/react-dom.development.js:4291:25)
      at executeDispatch 
(node_modules/react-dom/cjs/react-dom.development.js:9041:3)
      at processDispatchQueueItemsInOrder 
(node_modules/react-dom/cjs/react-dom.development.js:9073:7)
      at processDispatchQueue 
(node_modules/react-dom/cjs/react-dom.development.js:9086:5)
      at dispatchEventsForPlugins 
(node_modules/react-dom/cjs/react-dom.development.js:9097:3)
      at node_modules/react-dom/cjs/react-dom.development.js:9288:12
      at batchedUpdates$1 
(node_modules/react-dom/cjs/react-dom.development.js:26179:12)
      at batchedUpdates 
(node_modules/react-dom/cjs/react-dom.development.js:3991:12)
      at dispatchEventForPluginEventSystem 
(node_modules/react-dom/cjs/react-dom.development.js:9287:3)
      at dispatchEventWithEnableCapturePhaseSelectiveHydrationWithoutDiscreteEv
entReplay (node_modules/react-dom/cjs/react-dom.development.js:6465:5)
      at dispatchEvent 
(node_modules/react-dom/cjs/react-dom.development.js:6457:5)
      at dispatchDiscreteEvent 
(node_modules/react-dom/cjs/react-dom.development.js:6430:5)
      at HTMLDivElement.callTheUserObjectsOperation 
(node_modules/jsdom/lib/jsdom/living/generated/EventListener.js:26:30)
      at innerInvokeEventListeners 
(node_modules/jsdom/lib/jsdom/living/events/EventTarget-impl.js:350:25)
      at invokeEventListeners 
(node_modules/jsdom/lib/jsdom/living/events/EventTarget-impl.js:286:3)
      at HTMLButtonElementImpl._dispatch 
(node_modules/jsdom/lib/jsdom/living/events/EventTarget-impl.js:233:9)
      at HTMLButtonElementImpl.dispatchEvent 
(node_modules/jsdom/lib/jsdom/living/events/EventTarget-impl.js:104:17)
      at HTMLButtonElement.dispatchEvent 
(node_modules/jsdom/lib/jsdom/living/generated/EventTarget.js:241:34)
      at 
node_modules/@testing-library/user-event/dist/cjs/event/dispatchEvent.js:45:43
      at Object.eventWrapper 
(node_modules/@testing-library/dom/dist/config.js:25:23)
      at Object.wrapEvent 
(node_modules/@testing-library/user-event/dist/cjs/event/wrapEvent.js:6:28)
      at Object.dispatchEvent (node_modules/@testing-library/user-event/dist/cj
s/event/dispatchEvent.js:45:22)
      at Object.dispatchUIEvent (node_modules/@testing-library/user-event/dist/
cjs/event/dispatchEvent.js:22:26)
      at Mouse.up (node_modules/@testing-library/user-event/dist/cjs/system/poi
nter/mouse.js:100:30)
      at PointerHost.release (node_modules/@testing-library/user-event/dist/cjs
/system/pointer/index.js:87:24)
      at pointerAction 
(node_modules/@testing-library/user-event/dist/cjs/pointer/index.js:54:47)
      at Object.pointer 
(node_modules/@testing-library/user-event/dist/cjs/pointer/index.js:27:9)
      at Object.<anonymous> (src/reporting/__tests__/reports.test.tsx:1043:9)

    console.error
      Warning: An update to DashboardCreatePage inside a test was not wrapped 
in act(...).
      
      When testing, code that causes React state updates should be wrapped 
into act(...):
      
      act(() => {
        /* fire events that update state */
      });
      /* assert on the output */
      
      This ensures that you're testing the behavior the user would see in the 
browser. Learn more at https://reactjs.org/link/wrap-tests-with-act
          at DashboardCreatePage (C:\Users\samhe\OneDrive\Desktop\Cleaned\front
end\src\reporting\DashboardCreatePage\DashboardCreatePage.tsx:56:33)
          at routeContext (C:\Users\samhe\OneDrive\Desktop\Cleaned\frontend\nod
e_modules\react-router\lib\hooks.tsx:658:26)
          at children (C:\Users\samhe\OneDrive\Desktop\Cleaned\frontend\node_mo
dules\react-router\lib\components.tsx:512:3)
          at basenameProp (C:\Users\samhe\OneDrive\Desktop\Cleaned\frontend\nod
e_modules\react-router\lib\components.tsx:421:13)
          at basename (C:\Users\samhe\OneDrive\Desktop\Cleaned\frontend\node_mo
dules\react-router\lib\components.tsx:225:3)

      265 |                             className={inputClass}
      266 |                             value={dashboardName}
    > 267 |                             onChange={(e) => 
setDashboardName(e.target.value)}
          |                                              ^
      268 |                             placeholder="Enter dashboard name"
      269 |                         />
      270 |                     </div>

      at printWarning 
(node_modules/react-dom/cjs/react-dom.development.js:86:30)
      at error (node_modules/react-dom/cjs/react-dom.development.js:60:7)
      at warnIfUpdatesNotWrappedWithActDEV 
(node_modules/react-dom/cjs/react-dom.development.js:27628:9)
      at scheduleUpdateOnFiber 
(node_modules/react-dom/cjs/react-dom.development.js:25547:5)
      at dispatchSetState 
(node_modules/react-dom/cjs/react-dom.development.js:16708:7)
      at onChange 
(src/reporting/DashboardCreatePage/DashboardCreatePage.tsx:267:46)
      at HTMLUnknownElement.callCallback 
(node_modules/react-dom/cjs/react-dom.development.js:4164:14)
      at HTMLUnknownElement.callTheUserObjectsOperation 
(node_modules/jsdom/lib/jsdom/living/generated/EventListener.js:26:30)
      at innerInvokeEventListeners 
(node_modules/jsdom/lib/jsdom/living/events/EventTarget-impl.js:350:25)
      at invokeEventListeners 
(node_modules/jsdom/lib/jsdom/living/events/EventTarget-impl.js:286:3)
      at HTMLUnknownElementImpl._dispatch 
(node_modules/jsdom/lib/jsdom/living/events/EventTarget-impl.js:233:9)
      at HTMLUnknownElementImpl.dispatchEvent 
(node_modules/jsdom/lib/jsdom/living/events/EventTarget-impl.js:104:17)
      at HTMLUnknownElement.dispatchEvent 
(node_modules/jsdom/lib/jsdom/living/generated/EventTarget.js:241:34)
      at Object.invokeGuardedCallbackDev 
(node_modules/react-dom/cjs/react-dom.development.js:4213:16)
      at invokeGuardedCallback 
(node_modules/react-dom/cjs/react-dom.development.js:4277:31)
      at invokeGuardedCallbackAndCatchFirstError 
(node_modules/react-dom/cjs/react-dom.development.js:4291:25)
      at executeDispatch 
(node_modules/react-dom/cjs/react-dom.development.js:9041:3)
      at processDispatchQueueItemsInOrder 
(node_modules/react-dom/cjs/react-dom.development.js:9073:7)
      at processDispatchQueue 
(node_modules/react-dom/cjs/react-dom.development.js:9086:5)
      at dispatchEventsForPlugins 
(node_modules/react-dom/cjs/react-dom.development.js:9097:3)
      at node_modules/react-dom/cjs/react-dom.development.js:9288:12
      at batchedUpdates$1 
(node_modules/react-dom/cjs/react-dom.development.js:26179:12)
      at batchedUpdates 
(node_modules/react-dom/cjs/react-dom.development.js:3991:12)
      at dispatchEventForPluginEventSystem 
(node_modules/react-dom/cjs/react-dom.development.js:9287:3)
      at dispatchEventWithEnableCapturePhaseSelectiveHydrationWithoutDiscreteEv
entReplay (node_modules/react-dom/cjs/react-dom.development.js:6465:5)
      at dispatchEvent 
(node_modules/react-dom/cjs/react-dom.development.js:6457:5)
      at dispatchDiscreteEvent 
(node_modules/react-dom/cjs/react-dom.development.js:6430:5)
      at HTMLDivElement.callTheUserObjectsOperation 
(node_modules/jsdom/lib/jsdom/living/generated/EventListener.js:26:30)
      at innerInvokeEventListeners 
(node_modules/jsdom/lib/jsdom/living/events/EventTarget-impl.js:350:25)
      at invokeEventListeners 
(node_modules/jsdom/lib/jsdom/living/events/EventTarget-impl.js:286:3)
      at HTMLInputElementImpl._dispatch 
(node_modules/jsdom/lib/jsdom/living/events/EventTarget-impl.js:233:9)
      at HTMLInputElementImpl.dispatchEvent 
(node_modules/jsdom/lib/jsdom/living/events/EventTarget-impl.js:104:17)
      at HTMLInputElement.dispatchEvent 
(node_modules/jsdom/lib/jsdom/living/generated/EventTarget.js:241:34)
      at 
node_modules/@testing-library/user-event/dist/cjs/event/dispatchEvent.js:45:43
      at Object.eventWrapper 
(node_modules/@testing-library/dom/dist/config.js:25:23)
      at Object.wrapEvent 
(node_modules/@testing-library/user-event/dist/cjs/event/wrapEvent.js:6:28)
      at Object.dispatchEvent (node_modules/@testing-library/user-event/dist/cj
s/event/dispatchEvent.js:45:22)
      at Object.dispatchUIEvent (node_modules/@testing-library/user-event/dist/
cjs/event/dispatchEvent.js:22:26)
      at commitInput 
(node_modules/@testing-library/user-event/dist/cjs/event/input.js:145:14)
      at editInputElement 
(node_modules/@testing-library/user-event/dist/cjs/event/input.js:115:9)
      at Object.input 
(node_modules/@testing-library/user-event/dist/cjs/event/input.js:37:9)
      at node_modules/@testing-library/user-event/dist/cjs/event/behavior/keypr
ess.js:31:26
      at Object.dispatchEvent (node_modules/@testing-library/user-event/dist/cj
s/event/dispatchEvent.js:41:13)
      at Object.dispatchUIEvent (node_modules/@testing-library/user-event/dist/
cjs/event/dispatchEvent.js:22:26)
      at KeyboardHost.keydown 
(node_modules/@testing-library/user-event/dist/cjs/system/keyboard.js:76:22)
      at keyboardAction 
(node_modules/@testing-library/user-event/dist/cjs/keyboard/index.js:22:35)
      at Object.keyboard 
(node_modules/@testing-library/user-event/dist/cjs/keyboard/index.js:11:15)
      at Object.type 
(node_modules/@testing-library/user-event/dist/cjs/utility/type.js:17:5)
      at Object.<anonymous> (src/reporting/__tests__/reports.test.tsx:1052:9)

    console.error
      Warning: An update to DashboardCreatePage inside a test was not wrapped 
in act(...).
      
      When testing, code that causes React state updates should be wrapped 
into act(...):
      
      act(() => {
        /* fire events that update state */
      });
      /* assert on the output */
      
      This ensures that you're testing the behavior the user would see in the 
browser. Learn more at https://reactjs.org/link/wrap-tests-with-act
          at DashboardCreatePage (C:\Users\samhe\OneDrive\Desktop\Cleaned\front
end\src\reporting\DashboardCreatePage\DashboardCreatePage.tsx:56:33)
          at routeContext (C:\Users\samhe\OneDrive\Desktop\Cleaned\frontend\nod
e_modules\react-router\lib\hooks.tsx:658:26)
          at children (C:\Users\samhe\OneDrive\Desktop\Cleaned\frontend\node_mo
dules\react-router\lib\components.tsx:512:3)
          at basenameProp (C:\Users\samhe\OneDrive\Desktop\Cleaned\frontend\nod
e_modules\react-router\lib\components.tsx:421:13)
          at basename (C:\Users\samhe\OneDrive\Desktop\Cleaned\frontend\node_mo
dules\react-router\lib\components.tsx:225:3)

      265 |                             className={inputClass}
      266 |                             value={dashboardName}
    > 267 |                             onChange={(e) => 
setDashboardName(e.target.value)}
          |                                              ^
      268 |                             placeholder="Enter dashboard name"
      269 |                         />
      270 |                     </div>

      at printWarning 
(node_modules/react-dom/cjs/react-dom.development.js:86:30)
      at error (node_modules/react-dom/cjs/react-dom.development.js:60:7)
      at warnIfUpdatesNotWrappedWithActDEV 
(node_modules/react-dom/cjs/react-dom.development.js:27628:9)
      at scheduleUpdateOnFiber 
(node_modules/react-dom/cjs/react-dom.development.js:25547:5)
      at dispatchSetState 
(node_modules/react-dom/cjs/react-dom.development.js:16708:7)
      at onChange 
(src/reporting/DashboardCreatePage/DashboardCreatePage.tsx:267:46)
      at HTMLUnknownElement.callCallback 
(node_modules/react-dom/cjs/react-dom.development.js:4164:14)
      at HTMLUnknownElement.callTheUserObjectsOperation 
(node_modules/jsdom/lib/jsdom/living/generated/EventListener.js:26:30)
      at innerInvokeEventListeners 
(node_modules/jsdom/lib/jsdom/living/events/EventTarget-impl.js:350:25)
      at invokeEventListeners 
(node_modules/jsdom/lib/jsdom/living/events/EventTarget-impl.js:286:3)
      at HTMLUnknownElementImpl._dispatch 
(node_modules/jsdom/lib/jsdom/living/events/EventTarget-impl.js:233:9)
      at HTMLUnknownElementImpl.dispatchEvent 
(node_modules/jsdom/lib/jsdom/living/events/EventTarget-impl.js:104:17)
      at HTMLUnknownElement.dispatchEvent 
(node_modules/jsdom/lib/jsdom/living/generated/EventTarget.js:241:34)
      at Object.invokeGuardedCallbackDev 
(node_modules/react-dom/cjs/react-dom.development.js:4213:16)
      at invokeGuardedCallback 
(node_modules/react-dom/cjs/react-dom.development.js:4277:31)
      at invokeGuardedCallbackAndCatchFirstError 
(node_modules/react-dom/cjs/react-dom.development.js:4291:25)
      at executeDispatch 
(node_modules/react-dom/cjs/react-dom.development.js:9041:3)
      at processDispatchQueueItemsInOrder 
(node_modules/react-dom/cjs/react-dom.development.js:9073:7)
      at processDispatchQueue 
(node_modules/react-dom/cjs/react-dom.development.js:9086:5)
      at dispatchEventsForPlugins 
(node_modules/react-dom/cjs/react-dom.development.js:9097:3)
      at node_modules/react-dom/cjs/react-dom.development.js:9288:12
      at batchedUpdates$1 
(node_modules/react-dom/cjs/react-dom.development.js:26179:12)
      at batchedUpdates 
(node_modules/react-dom/cjs/react-dom.development.js:3991:12)
      at dispatchEventForPluginEventSystem 
(node_modules/react-dom/cjs/react-dom.development.js:9287:3)
      at dispatchEventWithEnableCapturePhaseSelectiveHydrationWithoutDiscreteEv
entReplay (node_modules/react-dom/cjs/react-dom.development.js:6465:5)
      at dispatchEvent 
(node_modules/react-dom/cjs/react-dom.development.js:6457:5)
      at dispatchDiscreteEvent 
(node_modules/react-dom/cjs/react-dom.development.js:6430:5)
      at HTMLDivElement.callTheUserObjectsOperation 
(node_modules/jsdom/lib/jsdom/living/generated/EventListener.js:26:30)
      at innerInvokeEventListeners 
(node_modules/jsdom/lib/jsdom/living/events/EventTarget-impl.js:350:25)
      at invokeEventListeners 
(node_modules/jsdom/lib/jsdom/living/events/EventTarget-impl.js:286:3)
      at HTMLInputElementImpl._dispatch 
(node_modules/jsdom/lib/jsdom/living/events/EventTarget-impl.js:233:9)
      at HTMLInputElementImpl.dispatchEvent 
(node_modules/jsdom/lib/jsdom/living/events/EventTarget-impl.js:104:17)
      at HTMLInputElement.dispatchEvent 
(node_modules/jsdom/lib/jsdom/living/generated/EventTarget.js:241:34)
      at 
node_modules/@testing-library/user-event/dist/cjs/event/dispatchEvent.js:45:43
      at Object.eventWrapper 
(node_modules/@testing-library/dom/dist/config.js:25:23)
      at Object.wrapEvent 
(node_modules/@testing-library/user-event/dist/cjs/event/wrapEvent.js:6:28)
      at Object.dispatchEvent (node_modules/@testing-library/user-event/dist/cj
s/event/dispatchEvent.js:45:22)
      at Object.dispatchUIEvent (node_modules/@testing-library/user-event/dist/
cjs/event/dispatchEvent.js:22:26)
      at commitInput 
(node_modules/@testing-library/user-event/dist/cjs/event/input.js:145:14)
      at editInputElement 
(node_modules/@testing-library/user-event/dist/cjs/event/input.js:115:9)
      at Object.input 
(node_modules/@testing-library/user-event/dist/cjs/event/input.js:37:9)
      at node_modules/@testing-library/user-event/dist/cjs/event/behavior/keypr
ess.js:31:26
      at Object.dispatchEvent (node_modules/@testing-library/user-event/dist/cj
s/event/dispatchEvent.js:41:13)
      at Object.dispatchUIEvent (node_modules/@testing-library/user-event/dist/
cjs/event/dispatchEvent.js:22:26)
      at KeyboardHost.keydown 
(node_modules/@testing-library/user-event/dist/cjs/system/keyboard.js:76:22)
      at keyboardAction 
(node_modules/@testing-library/user-event/dist/cjs/keyboard/index.js:22:35)
      at Object.keyboard 
(node_modules/@testing-library/user-event/dist/cjs/keyboard/index.js:11:15)
      at Object.type 
(node_modules/@testing-library/user-event/dist/cjs/utility/type.js:17:5)
      at Object.<anonymous> (src/reporting/__tests__/reports.test.tsx:1052:9)

    console.error
      Warning: An update to DashboardCreatePage inside a test was not wrapped 
in act(...).
      
      When testing, code that causes React state updates should be wrapped 
into act(...):
      
      act(() => {
        /* fire events that update state */
      });
      /* assert on the output */
      
      This ensures that you're testing the behavior the user would see in the 
browser. Learn more at https://reactjs.org/link/wrap-tests-with-act
          at DashboardCreatePage (C:\Users\samhe\OneDrive\Desktop\Cleaned\front
end\src\reporting\DashboardCreatePage\DashboardCreatePage.tsx:56:33)
          at routeContext (C:\Users\samhe\OneDrive\Desktop\Cleaned\frontend\nod
e_modules\react-router\lib\hooks.tsx:658:26)
          at children (C:\Users\samhe\OneDrive\Desktop\Cleaned\frontend\node_mo
dules\react-router\lib\components.tsx:512:3)
          at basenameProp (C:\Users\samhe\OneDrive\Desktop\Cleaned\frontend\nod
e_modules\react-router\lib\components.tsx:421:13)
          at basename (C:\Users\samhe\OneDrive\Desktop\Cleaned\frontend\node_mo
dules\react-router\lib\components.tsx:225:3)

      265 |                             className={inputClass}
      266 |                             value={dashboardName}
    > 267 |                             onChange={(e) => 
setDashboardName(e.target.value)}
          |                                              ^
      268 |                             placeholder="Enter dashboard name"
      269 |                         />
      270 |                     </div>

      at printWarning 
(node_modules/react-dom/cjs/react-dom.development.js:86:30)
      at error (node_modules/react-dom/cjs/react-dom.development.js:60:7)
      at warnIfUpdatesNotWrappedWithActDEV 
(node_modules/react-dom/cjs/react-dom.development.js:27628:9)
      at scheduleUpdateOnFiber 
(node_modules/react-dom/cjs/react-dom.development.js:25547:5)
      at dispatchSetState 
(node_modules/react-dom/cjs/react-dom.development.js:16708:7)
      at onChange 
(src/reporting/DashboardCreatePage/DashboardCreatePage.tsx:267:46)
      at HTMLUnknownElement.callCallback 
(node_modules/react-dom/cjs/react-dom.development.js:4164:14)
      at HTMLUnknownElement.callTheUserObjectsOperation 
(node_modules/jsdom/lib/jsdom/living/generated/EventListener.js:26:30)
      at innerInvokeEventListeners 
(node_modules/jsdom/lib/jsdom/living/events/EventTarget-impl.js:350:25)
      at invokeEventListeners 
(node_modules/jsdom/lib/jsdom/living/events/EventTarget-impl.js:286:3)
      at HTMLUnknownElementImpl._dispatch 
(node_modules/jsdom/lib/jsdom/living/events/EventTarget-impl.js:233:9)
      at HTMLUnknownElementImpl.dispatchEvent 
(node_modules/jsdom/lib/jsdom/living/events/EventTarget-impl.js:104:17)
      at HTMLUnknownElement.dispatchEvent 
(node_modules/jsdom/lib/jsdom/living/generated/EventTarget.js:241:34)
      at Object.invokeGuardedCallbackDev 
(node_modules/react-dom/cjs/react-dom.development.js:4213:16)
      at invokeGuardedCallback 
(node_modules/react-dom/cjs/react-dom.development.js:4277:31)
      at invokeGuardedCallbackAndCatchFirstError 
(node_modules/react-dom/cjs/react-dom.development.js:4291:25)
      at executeDispatch 
(node_modules/react-dom/cjs/react-dom.development.js:9041:3)
      at processDispatchQueueItemsInOrder 
(node_modules/react-dom/cjs/react-dom.development.js:9073:7)
      at processDispatchQueue 
(node_modules/react-dom/cjs/react-dom.development.js:9086:5)
      at dispatchEventsForPlugins 
(node_modules/react-dom/cjs/react-dom.development.js:9097:3)
      at node_modules/react-dom/cjs/react-dom.development.js:9288:12
      at batchedUpdates$1 
(node_modules/react-dom/cjs/react-dom.development.js:26179:12)
      at batchedUpdates 
(node_modules/react-dom/cjs/react-dom.development.js:3991:12)
      at dispatchEventForPluginEventSystem 
(node_modules/react-dom/cjs/react-dom.development.js:9287:3)
      at dispatchEventWithEnableCapturePhaseSelectiveHydrationWithoutDiscreteEv
entReplay (node_modules/react-dom/cjs/react-dom.development.js:6465:5)
      at dispatchEvent 
(node_modules/react-dom/cjs/react-dom.development.js:6457:5)
      at dispatchDiscreteEvent 
(node_modules/react-dom/cjs/react-dom.development.js:6430:5)
      at HTMLDivElement.callTheUserObjectsOperation 
(node_modules/jsdom/lib/jsdom/living/generated/EventListener.js:26:30)
      at innerInvokeEventListeners 
(node_modules/jsdom/lib/jsdom/living/events/EventTarget-impl.js:350:25)
      at invokeEventListeners 
(node_modules/jsdom/lib/jsdom/living/events/EventTarget-impl.js:286:3)
      at HTMLInputElementImpl._dispatch 
(node_modules/jsdom/lib/jsdom/living/events/EventTarget-impl.js:233:9)
      at HTMLInputElementImpl.dispatchEvent 
(node_modules/jsdom/lib/jsdom/living/events/EventTarget-impl.js:104:17)
      at HTMLInputElement.dispatchEvent 
(node_modules/jsdom/lib/jsdom/living/generated/EventTarget.js:241:34)
      at 
node_modules/@testing-library/user-event/dist/cjs/event/dispatchEvent.js:45:43
      at Object.eventWrapper 
(node_modules/@testing-library/dom/dist/config.js:25:23)
      at Object.wrapEvent 
(node_modules/@testing-library/user-event/dist/cjs/event/wrapEvent.js:6:28)
      at Object.dispatchEvent (node_modules/@testing-library/user-event/dist/cj
s/event/dispatchEvent.js:45:22)
      at Object.dispatchUIEvent (node_modules/@testing-library/user-event/dist/
cjs/event/dispatchEvent.js:22:26)
      at commitInput 
(node_modules/@testing-library/user-event/dist/cjs/event/input.js:145:14)
      at editInputElement 
(node_modules/@testing-library/user-event/dist/cjs/event/input.js:115:9)
      at Object.input 
(node_modules/@testing-library/user-event/dist/cjs/event/input.js:37:9)
      at node_modules/@testing-library/user-event/dist/cjs/event/behavior/keypr
ess.js:31:26
      at Object.dispatchEvent (node_modules/@testing-library/user-event/dist/cj
s/event/dispatchEvent.js:41:13)
      at Object.dispatchUIEvent (node_modules/@testing-library/user-event/dist/
cjs/event/dispatchEvent.js:22:26)
      at KeyboardHost.keydown 
(node_modules/@testing-library/user-event/dist/cjs/system/keyboard.js:76:22)
      at keyboardAction 
(node_modules/@testing-library/user-event/dist/cjs/keyboard/index.js:22:35)
      at Object.keyboard 
(node_modules/@testing-library/user-event/dist/cjs/keyboard/index.js:11:15)
      at Object.type 
(node_modules/@testing-library/user-event/dist/cjs/utility/type.js:17:5)
      at Object.<anonymous> (src/reporting/__tests__/reports.test.tsx:1052:9)

    console.error
      Warning: An update to DashboardCreatePage inside a test was not wrapped 
in act(...).
      
      When testing, code that causes React state updates should be wrapped 
into act(...):
      
      act(() => {
        /* fire events that update state */
      });
      /* assert on the output */
      
      This ensures that you're testing the behavior the user would see in the 
browser. Learn more at https://reactjs.org/link/wrap-tests-with-act
          at DashboardCreatePage (C:\Users\samhe\OneDrive\Desktop\Cleaned\front
end\src\reporting\DashboardCreatePage\DashboardCreatePage.tsx:56:33)
          at routeContext (C:\Users\samhe\OneDrive\Desktop\Cleaned\frontend\nod
e_modules\react-router\lib\hooks.tsx:658:26)
          at children (C:\Users\samhe\OneDrive\Desktop\Cleaned\frontend\node_mo
dules\react-router\lib\components.tsx:512:3)
          at basenameProp (C:\Users\samhe\OneDrive\Desktop\Cleaned\frontend\nod
e_modules\react-router\lib\components.tsx:421:13)
          at basename (C:\Users\samhe\OneDrive\Desktop\Cleaned\frontend\node_mo
dules\react-router\lib\components.tsx:225:3)

      265 |                             className={inputClass}
      266 |                             value={dashboardName}
    > 267 |                             onChange={(e) => 
setDashboardName(e.target.value)}
          |                                              ^
      268 |                             placeholder="Enter dashboard name"
      269 |                         />
      270 |                     </div>

      at printWarning 
(node_modules/react-dom/cjs/react-dom.development.js:86:30)
      at error (node_modules/react-dom/cjs/react-dom.development.js:60:7)
      at warnIfUpdatesNotWrappedWithActDEV 
(node_modules/react-dom/cjs/react-dom.development.js:27628:9)
      at scheduleUpdateOnFiber 
(node_modules/react-dom/cjs/react-dom.development.js:25547:5)
      at dispatchSetState 
(node_modules/react-dom/cjs/react-dom.development.js:16708:7)
      at onChange 
(src/reporting/DashboardCreatePage/DashboardCreatePage.tsx:267:46)
      at HTMLUnknownElement.callCallback 
(node_modules/react-dom/cjs/react-dom.development.js:4164:14)
      at HTMLUnknownElement.callTheUserObjectsOperation 
(node_modules/jsdom/lib/jsdom/living/generated/EventListener.js:26:30)
      at innerInvokeEventListeners 
(node_modules/jsdom/lib/jsdom/living/events/EventTarget-impl.js:350:25)
      at invokeEventListeners 
(node_modules/jsdom/lib/jsdom/living/events/EventTarget-impl.js:286:3)
      at HTMLUnknownElementImpl._dispatch 
(node_modules/jsdom/lib/jsdom/living/events/EventTarget-impl.js:233:9)
      at HTMLUnknownElementImpl.dispatchEvent 
(node_modules/jsdom/lib/jsdom/living/events/EventTarget-impl.js:104:17)
      at HTMLUnknownElement.dispatchEvent 
(node_modules/jsdom/lib/jsdom/living/generated/EventTarget.js:241:34)
      at Object.invokeGuardedCallbackDev 
(node_modules/react-dom/cjs/react-dom.development.js:4213:16)
      at invokeGuardedCallback 
(node_modules/react-dom/cjs/react-dom.development.js:4277:31)
      at invokeGuardedCallbackAndCatchFirstError 
(node_modules/react-dom/cjs/react-dom.development.js:4291:25)
      at executeDispatch 
(node_modules/react-dom/cjs/react-dom.development.js:9041:3)
      at processDispatchQueueItemsInOrder 
(node_modules/react-dom/cjs/react-dom.development.js:9073:7)
      at processDispatchQueue 
(node_modules/react-dom/cjs/react-dom.development.js:9086:5)
      at dispatchEventsForPlugins 
(node_modules/react-dom/cjs/react-dom.development.js:9097:3)
      at node_modules/react-dom/cjs/react-dom.development.js:9288:12
      at batchedUpdates$1 
(node_modules/react-dom/cjs/react-dom.development.js:26179:12)
      at batchedUpdates 
(node_modules/react-dom/cjs/react-dom.development.js:3991:12)
      at dispatchEventForPluginEventSystem 
(node_modules/react-dom/cjs/react-dom.development.js:9287:3)
      at dispatchEventWithEnableCapturePhaseSelectiveHydrationWithoutDiscreteEv
entReplay (node_modules/react-dom/cjs/react-dom.development.js:6465:5)
      at dispatchEvent 
(node_modules/react-dom/cjs/react-dom.development.js:6457:5)
      at dispatchDiscreteEvent 
(node_modules/react-dom/cjs/react-dom.development.js:6430:5)
      at HTMLDivElement.callTheUserObjectsOperation 
(node_modules/jsdom/lib/jsdom/living/generated/EventListener.js:26:30)
      at innerInvokeEventListeners 
(node_modules/jsdom/lib/jsdom/living/events/EventTarget-impl.js:350:25)
      at invokeEventListeners 
(node_modules/jsdom/lib/jsdom/living/events/EventTarget-impl.js:286:3)
      at HTMLInputElementImpl._dispatch 
(node_modules/jsdom/lib/jsdom/living/events/EventTarget-impl.js:233:9)
      at HTMLInputElementImpl.dispatchEvent 
(node_modules/jsdom/lib/jsdom/living/events/EventTarget-impl.js:104:17)
      at HTMLInputElement.dispatchEvent 
(node_modules/jsdom/lib/jsdom/living/generated/EventTarget.js:241:34)
      at 
node_modules/@testing-library/user-event/dist/cjs/event/dispatchEvent.js:45:43
      at Object.eventWrapper 
(node_modules/@testing-library/dom/dist/config.js:25:23)
      at Object.wrapEvent 
(node_modules/@testing-library/user-event/dist/cjs/event/wrapEvent.js:6:28)
      at Object.dispatchEvent (node_modules/@testing-library/user-event/dist/cj
s/event/dispatchEvent.js:45:22)
      at Object.dispatchUIEvent (node_modules/@testing-library/user-event/dist/
cjs/event/dispatchEvent.js:22:26)
      at commitInput 
(node_modules/@testing-library/user-event/dist/cjs/event/input.js:145:14)
      at editInputElement 
(node_modules/@testing-library/user-event/dist/cjs/event/input.js:115:9)
      at Object.input 
(node_modules/@testing-library/user-event/dist/cjs/event/input.js:37:9)
      at node_modules/@testing-library/user-event/dist/cjs/event/behavior/keypr
ess.js:31:26
      at Object.dispatchEvent (node_modules/@testing-library/user-event/dist/cj
s/event/dispatchEvent.js:41:13)
      at Object.dispatchUIEvent (node_modules/@testing-library/user-event/dist/
cjs/event/dispatchEvent.js:22:26)
      at KeyboardHost.keydown 
(node_modules/@testing-library/user-event/dist/cjs/system/keyboard.js:76:22)
      at keyboardAction 
(node_modules/@testing-library/user-event/dist/cjs/keyboard/index.js:22:35)
      at Object.keyboard 
(node_modules/@testing-library/user-event/dist/cjs/keyboard/index.js:11:15)
      at Object.type 
(node_modules/@testing-library/user-event/dist/cjs/utility/type.js:17:5)
      at Object.<anonymous> (src/reporting/__tests__/reports.test.tsx:1052:9)

    console.error
      Warning: An update to DashboardCreatePage inside a test was not wrapped 
in act(...).
      
      When testing, code that causes React state updates should be wrapped 
into act(...):
      
      act(() => {
        /* fire events that update state */
      });
      /* assert on the output */
      
      This ensures that you're testing the behavior the user would see in the 
browser. Learn more at https://reactjs.org/link/wrap-tests-with-act
          at DashboardCreatePage (C:\Users\samhe\OneDrive\Desktop\Cleaned\front
end\src\reporting\DashboardCreatePage\DashboardCreatePage.tsx:56:33)
          at routeContext (C:\Users\samhe\OneDrive\Desktop\Cleaned\frontend\nod
e_modules\react-router\lib\hooks.tsx:658:26)
          at children (C:\Users\samhe\OneDrive\Desktop\Cleaned\frontend\node_mo
dules\react-router\lib\components.tsx:512:3)
          at basenameProp (C:\Users\samhe\OneDrive\Desktop\Cleaned\frontend\nod
e_modules\react-router\lib\components.tsx:421:13)
          at basename (C:\Users\samhe\OneDrive\Desktop\Cleaned\frontend\node_mo
dules\react-router\lib\components.tsx:225:3)

      265 |                             className={inputClass}
      266 |                             value={dashboardName}
    > 267 |                             onChange={(e) => 
setDashboardName(e.target.value)}
          |                                              ^
      268 |                             placeholder="Enter dashboard name"
      269 |                         />
      270 |                     </div>

      at printWarning 
(node_modules/react-dom/cjs/react-dom.development.js:86:30)
      at error (node_modules/react-dom/cjs/react-dom.development.js:60:7)
      at warnIfUpdatesNotWrappedWithActDEV 
(node_modules/react-dom/cjs/react-dom.development.js:27628:9)
      at scheduleUpdateOnFiber 
(node_modules/react-dom/cjs/react-dom.development.js:25547:5)
      at dispatchSetState 
(node_modules/react-dom/cjs/react-dom.development.js:16708:7)
      at onChange 
(src/reporting/DashboardCreatePage/DashboardCreatePage.tsx:267:46)
      at HTMLUnknownElement.callCallback 
(node_modules/react-dom/cjs/react-dom.development.js:4164:14)
      at HTMLUnknownElement.callTheUserObjectsOperation 
(node_modules/jsdom/lib/jsdom/living/generated/EventListener.js:26:30)
      at innerInvokeEventListeners 
(node_modules/jsdom/lib/jsdom/living/events/EventTarget-impl.js:350:25)
      at invokeEventListeners 
(node_modules/jsdom/lib/jsdom/living/events/EventTarget-impl.js:286:3)
      at HTMLUnknownElementImpl._dispatch 
(node_modules/jsdom/lib/jsdom/living/events/EventTarget-impl.js:233:9)
      at HTMLUnknownElementImpl.dispatchEvent 
(node_modules/jsdom/lib/jsdom/living/events/EventTarget-impl.js:104:17)
      at HTMLUnknownElement.dispatchEvent 
(node_modules/jsdom/lib/jsdom/living/generated/EventTarget.js:241:34)
      at Object.invokeGuardedCallbackDev 
(node_modules/react-dom/cjs/react-dom.development.js:4213:16)
      at invokeGuardedCallback 
(node_modules/react-dom/cjs/react-dom.development.js:4277:31)
      at invokeGuardedCallbackAndCatchFirstError 
(node_modules/react-dom/cjs/react-dom.development.js:4291:25)
      at executeDispatch 
(node_modules/react-dom/cjs/react-dom.development.js:9041:3)
      at processDispatchQueueItemsInOrder 
(node_modules/react-dom/cjs/react-dom.development.js:9073:7)
      at processDispatchQueue 
(node_modules/react-dom/cjs/react-dom.development.js:9086:5)
      at dispatchEventsForPlugins 
(node_modules/react-dom/cjs/react-dom.development.js:9097:3)
      at node_modules/react-dom/cjs/react-dom.development.js:9288:12
      at batchedUpdates$1 
(node_modules/react-dom/cjs/react-dom.development.js:26179:12)
      at batchedUpdates 
(node_modules/react-dom/cjs/react-dom.development.js:3991:12)
      at dispatchEventForPluginEventSystem 
(node_modules/react-dom/cjs/react-dom.development.js:9287:3)
      at dispatchEventWithEnableCapturePhaseSelectiveHydrationWithoutDiscreteEv
entReplay (node_modules/react-dom/cjs/react-dom.development.js:6465:5)
      at dispatchEvent 
(node_modules/react-dom/cjs/react-dom.development.js:6457:5)
      at dispatchDiscreteEvent 
(node_modules/react-dom/cjs/react-dom.development.js:6430:5)
      at HTMLDivElement.callTheUserObjectsOperation 
(node_modules/jsdom/lib/jsdom/living/generated/EventListener.js:26:30)
      at innerInvokeEventListeners 
(node_modules/jsdom/lib/jsdom/living/events/EventTarget-impl.js:350:25)
      at invokeEventListeners 
(node_modules/jsdom/lib/jsdom/living/events/EventTarget-impl.js:286:3)
      at HTMLInputElementImpl._dispatch 
(node_modules/jsdom/lib/jsdom/living/events/EventTarget-impl.js:233:9)
      at HTMLInputElementImpl.dispatchEvent 
(node_modules/jsdom/lib/jsdom/living/events/EventTarget-impl.js:104:17)
      at HTMLInputElement.dispatchEvent 
(node_modules/jsdom/lib/jsdom/living/generated/EventTarget.js:241:34)
      at 
node_modules/@testing-library/user-event/dist/cjs/event/dispatchEvent.js:45:43
      at Object.eventWrapper 
(node_modules/@testing-library/dom/dist/config.js:25:23)
      at Object.wrapEvent 
(node_modules/@testing-library/user-event/dist/cjs/event/wrapEvent.js:6:28)
      at Object.dispatchEvent (node_modules/@testing-library/user-event/dist/cj
s/event/dispatchEvent.js:45:22)
      at Object.dispatchUIEvent (node_modules/@testing-library/user-event/dist/
cjs/event/dispatchEvent.js:22:26)
      at commitInput 
(node_modules/@testing-library/user-event/dist/cjs/event/input.js:145:14)
      at editInputElement 
(node_modules/@testing-library/user-event/dist/cjs/event/input.js:115:9)
      at Object.input 
(node_modules/@testing-library/user-event/dist/cjs/event/input.js:37:9)
      at node_modules/@testing-library/user-event/dist/cjs/event/behavior/keypr
ess.js:31:26
      at Object.dispatchEvent (node_modules/@testing-library/user-event/dist/cj
s/event/dispatchEvent.js:41:13)
      at Object.dispatchUIEvent (node_modules/@testing-library/user-event/dist/
cjs/event/dispatchEvent.js:22:26)
      at KeyboardHost.keydown 
(node_modules/@testing-library/user-event/dist/cjs/system/keyboard.js:76:22)
      at keyboardAction 
(node_modules/@testing-library/user-event/dist/cjs/keyboard/index.js:22:35)
      at Object.keyboard 
(node_modules/@testing-library/user-event/dist/cjs/keyboard/index.js:11:15)
      at Object.type 
(node_modules/@testing-library/user-event/dist/cjs/utility/type.js:17:5)
      at Object.<anonymous> (src/reporting/__tests__/reports.test.tsx:1052:9)

    console.error
      Warning: An update to DashboardCreatePage inside a test was not wrapped 
in act(...).
      
      When testing, code that causes React state updates should be wrapped 
into act(...):
      
      act(() => {
        /* fire events that update state */
      });
      /* assert on the output */
      
      This ensures that you're testing the behavior the user would see in the 
browser. Learn more at https://reactjs.org/link/wrap-tests-with-act
          at DashboardCreatePage (C:\Users\samhe\OneDrive\Desktop\Cleaned\front
end\src\reporting\DashboardCreatePage\DashboardCreatePage.tsx:56:33)
          at routeContext (C:\Users\samhe\OneDrive\Desktop\Cleaned\frontend\nod
e_modules\react-router\lib\hooks.tsx:658:26)
          at children (C:\Users\samhe\OneDrive\Desktop\Cleaned\frontend\node_mo
dules\react-router\lib\components.tsx:512:3)
          at basenameProp (C:\Users\samhe\OneDrive\Desktop\Cleaned\frontend\nod
e_modules\react-router\lib\components.tsx:421:13)
          at basename (C:\Users\samhe\OneDrive\Desktop\Cleaned\frontend\node_mo
dules\react-router\lib\components.tsx:225:3)

      265 |                             className={inputClass}
      266 |                             value={dashboardName}
    > 267 |                             onChange={(e) => 
setDashboardName(e.target.value)}
          |                                              ^
      268 |                             placeholder="Enter dashboard name"
      269 |                         />
      270 |                     </div>

      at printWarning 
(node_modules/react-dom/cjs/react-dom.development.js:86:30)
      at error (node_modules/react-dom/cjs/react-dom.development.js:60:7)
      at warnIfUpdatesNotWrappedWithActDEV 
(node_modules/react-dom/cjs/react-dom.development.js:27628:9)
      at scheduleUpdateOnFiber 
(node_modules/react-dom/cjs/react-dom.development.js:25547:5)
      at dispatchSetState 
(node_modules/react-dom/cjs/react-dom.development.js:16708:7)
      at onChange 
(src/reporting/DashboardCreatePage/DashboardCreatePage.tsx:267:46)
      at HTMLUnknownElement.callCallback 
(node_modules/react-dom/cjs/react-dom.development.js:4164:14)
      at HTMLUnknownElement.callTheUserObjectsOperation 
(node_modules/jsdom/lib/jsdom/living/generated/EventListener.js:26:30)
      at innerInvokeEventListeners 
(node_modules/jsdom/lib/jsdom/living/events/EventTarget-impl.js:350:25)
      at invokeEventListeners 
(node_modules/jsdom/lib/jsdom/living/events/EventTarget-impl.js:286:3)
      at HTMLUnknownElementImpl._dispatch 
(node_modules/jsdom/lib/jsdom/living/events/EventTarget-impl.js:233:9)
      at HTMLUnknownElementImpl.dispatchEvent 
(node_modules/jsdom/lib/jsdom/living/events/EventTarget-impl.js:104:17)
      at HTMLUnknownElement.dispatchEvent 
(node_modules/jsdom/lib/jsdom/living/generated/EventTarget.js:241:34)
      at Object.invokeGuardedCallbackDev 
(node_modules/react-dom/cjs/react-dom.development.js:4213:16)
      at invokeGuardedCallback 
(node_modules/react-dom/cjs/react-dom.development.js:4277:31)
      at invokeGuardedCallbackAndCatchFirstError 
(node_modules/react-dom/cjs/react-dom.development.js:4291:25)
      at executeDispatch 
(node_modules/react-dom/cjs/react-dom.development.js:9041:3)
      at processDispatchQueueItemsInOrder 
(node_modules/react-dom/cjs/react-dom.development.js:9073:7)
      at processDispatchQueue 
(node_modules/react-dom/cjs/react-dom.development.js:9086:5)
      at dispatchEventsForPlugins 
(node_modules/react-dom/cjs/react-dom.development.js:9097:3)
      at node_modules/react-dom/cjs/react-dom.development.js:9288:12
      at batchedUpdates$1 
(node_modules/react-dom/cjs/react-dom.development.js:26179:12)
      at batchedUpdates 
(node_modules/react-dom/cjs/react-dom.development.js:3991:12)
      at dispatchEventForPluginEventSystem 
(node_modules/react-dom/cjs/react-dom.development.js:9287:3)
      at dispatchEventWithEnableCapturePhaseSelectiveHydrationWithoutDiscreteEv
entReplay (node_modules/react-dom/cjs/react-dom.development.js:6465:5)
      at dispatchEvent 
(node_modules/react-dom/cjs/react-dom.development.js:6457:5)
      at dispatchDiscreteEvent 
(node_modules/react-dom/cjs/react-dom.development.js:6430:5)
      at HTMLDivElement.callTheUserObjectsOperation 
(node_modules/jsdom/lib/jsdom/living/generated/EventListener.js:26:30)
      at innerInvokeEventListeners 
(node_modules/jsdom/lib/jsdom/living/events/EventTarget-impl.js:350:25)
      at invokeEventListeners 
(node_modules/jsdom/lib/jsdom/living/events/EventTarget-impl.js:286:3)
      at HTMLInputElementImpl._dispatch 
(node_modules/jsdom/lib/jsdom/living/events/EventTarget-impl.js:233:9)
      at HTMLInputElementImpl.dispatchEvent 
(node_modules/jsdom/lib/jsdom/living/events/EventTarget-impl.js:104:17)
      at HTMLInputElement.dispatchEvent 
(node_modules/jsdom/lib/jsdom/living/generated/EventTarget.js:241:34)
      at 
node_modules/@testing-library/user-event/dist/cjs/event/dispatchEvent.js:45:43
      at Object.eventWrapper 
(node_modules/@testing-library/dom/dist/config.js:25:23)
      at Object.wrapEvent 
(node_modules/@testing-library/user-event/dist/cjs/event/wrapEvent.js:6:28)
      at Object.dispatchEvent (node_modules/@testing-library/user-event/dist/cj
s/event/dispatchEvent.js:45:22)
      at Object.dispatchUIEvent (node_modules/@testing-library/user-event/dist/
cjs/event/dispatchEvent.js:22:26)
      at commitInput 
(node_modules/@testing-library/user-event/dist/cjs/event/input.js:145:14)
      at editInputElement 
(node_modules/@testing-library/user-event/dist/cjs/event/input.js:115:9)
      at Object.input 
(node_modules/@testing-library/user-event/dist/cjs/event/input.js:37:9)
      at node_modules/@testing-library/user-event/dist/cjs/event/behavior/keypr
ess.js:31:26
      at Object.dispatchEvent (node_modules/@testing-library/user-event/dist/cj
s/event/dispatchEvent.js:41:13)
      at Object.dispatchUIEvent (node_modules/@testing-library/user-event/dist/
cjs/event/dispatchEvent.js:22:26)
      at KeyboardHost.keydown 
(node_modules/@testing-library/user-event/dist/cjs/system/keyboard.js:76:22)
      at keyboardAction 
(node_modules/@testing-library/user-event/dist/cjs/keyboard/index.js:22:35)
      at Object.keyboard 
(node_modules/@testing-library/user-event/dist/cjs/keyboard/index.js:11:15)
      at Object.type 
(node_modules/@testing-library/user-event/dist/cjs/utility/type.js:17:5)
      at Object.<anonymous> (src/reporting/__tests__/reports.test.tsx:1052:9)

    console.error
      Warning: An update to DashboardCreatePage inside a test was not wrapped 
in act(...).
      
      When testing, code that causes React state updates should be wrapped 
into act(...):
      
      act(() => {
        /* fire events that update state */
      });
      /* assert on the output */
      
      This ensures that you're testing the behavior the user would see in the 
browser. Learn more at https://reactjs.org/link/wrap-tests-with-act
          at DashboardCreatePage (C:\Users\samhe\OneDrive\Desktop\Cleaned\front
end\src\reporting\DashboardCreatePage\DashboardCreatePage.tsx:56:33)
          at routeContext (C:\Users\samhe\OneDrive\Desktop\Cleaned\frontend\nod
e_modules\react-router\lib\hooks.tsx:658:26)
          at children (C:\Users\samhe\OneDrive\Desktop\Cleaned\frontend\node_mo
dules\react-router\lib\components.tsx:512:3)
          at basenameProp (C:\Users\samhe\OneDrive\Desktop\Cleaned\frontend\nod
e_modules\react-router\lib\components.tsx:421:13)
          at basename (C:\Users\samhe\OneDrive\Desktop\Cleaned\frontend\node_mo
dules\react-router\lib\components.tsx:225:3)

      265 |                             className={inputClass}
      266 |                             value={dashboardName}
    > 267 |                             onChange={(e) => 
setDashboardName(e.target.value)}
          |                                              ^
      268 |                             placeholder="Enter dashboard name"
      269 |                         />
      270 |                     </div>

      at printWarning 
(node_modules/react-dom/cjs/react-dom.development.js:86:30)
      at error (node_modules/react-dom/cjs/react-dom.development.js:60:7)
      at warnIfUpdatesNotWrappedWithActDEV 
(node_modules/react-dom/cjs/react-dom.development.js:27628:9)
      at scheduleUpdateOnFiber 
(node_modules/react-dom/cjs/react-dom.development.js:25547:5)
      at dispatchSetState 
(node_modules/react-dom/cjs/react-dom.development.js:16708:7)
      at onChange 
(src/reporting/DashboardCreatePage/DashboardCreatePage.tsx:267:46)
      at HTMLUnknownElement.callCallback 
(node_modules/react-dom/cjs/react-dom.development.js:4164:14)
      at HTMLUnknownElement.callTheUserObjectsOperation 
(node_modules/jsdom/lib/jsdom/living/generated/EventListener.js:26:30)
      at innerInvokeEventListeners 
(node_modules/jsdom/lib/jsdom/living/events/EventTarget-impl.js:350:25)
      at invokeEventListeners 
(node_modules/jsdom/lib/jsdom/living/events/EventTarget-impl.js:286:3)
      at HTMLUnknownElementImpl._dispatch 
(node_modules/jsdom/lib/jsdom/living/events/EventTarget-impl.js:233:9)
      at HTMLUnknownElementImpl.dispatchEvent 
(node_modules/jsdom/lib/jsdom/living/events/EventTarget-impl.js:104:17)
      at HTMLUnknownElement.dispatchEvent 
(node_modules/jsdom/lib/jsdom/living/generated/EventTarget.js:241:34)
      at Object.invokeGuardedCallbackDev 
(node_modules/react-dom/cjs/react-dom.development.js:4213:16)
      at invokeGuardedCallback 
(node_modules/react-dom/cjs/react-dom.development.js:4277:31)
      at invokeGuardedCallbackAndCatchFirstError 
(node_modules/react-dom/cjs/react-dom.development.js:4291:25)
      at executeDispatch 
(node_modules/react-dom/cjs/react-dom.development.js:9041:3)
      at processDispatchQueueItemsInOrder 
(node_modules/react-dom/cjs/react-dom.development.js:9073:7)
      at processDispatchQueue 
(node_modules/react-dom/cjs/react-dom.development.js:9086:5)
      at dispatchEventsForPlugins 
(node_modules/react-dom/cjs/react-dom.development.js:9097:3)
      at node_modules/react-dom/cjs/react-dom.development.js:9288:12
      at batchedUpdates$1 
(node_modules/react-dom/cjs/react-dom.development.js:26179:12)
      at batchedUpdates 
(node_modules/react-dom/cjs/react-dom.development.js:3991:12)
      at dispatchEventForPluginEventSystem 
(node_modules/react-dom/cjs/react-dom.development.js:9287:3)
      at dispatchEventWithEnableCapturePhaseSelectiveHydrationWithoutDiscreteEv
entReplay (node_modules/react-dom/cjs/react-dom.development.js:6465:5)
      at dispatchEvent 
(node_modules/react-dom/cjs/react-dom.development.js:6457:5)
      at dispatchDiscreteEvent 
(node_modules/react-dom/cjs/react-dom.development.js:6430:5)
      at HTMLDivElement.callTheUserObjectsOperation 
(node_modules/jsdom/lib/jsdom/living/generated/EventListener.js:26:30)
      at innerInvokeEventListeners 
(node_modules/jsdom/lib/jsdom/living/events/EventTarget-impl.js:350:25)
      at invokeEventListeners 
(node_modules/jsdom/lib/jsdom/living/events/EventTarget-impl.js:286:3)
      at HTMLInputElementImpl._dispatch 
(node_modules/jsdom/lib/jsdom/living/events/EventTarget-impl.js:233:9)
      at HTMLInputElementImpl.dispatchEvent 
(node_modules/jsdom/lib/jsdom/living/events/EventTarget-impl.js:104:17)
      at HTMLInputElement.dispatchEvent 
(node_modules/jsdom/lib/jsdom/living/generated/EventTarget.js:241:34)
      at 
node_modules/@testing-library/user-event/dist/cjs/event/dispatchEvent.js:45:43
      at Object.eventWrapper 
(node_modules/@testing-library/dom/dist/config.js:25:23)
      at Object.wrapEvent 
(node_modules/@testing-library/user-event/dist/cjs/event/wrapEvent.js:6:28)
      at Object.dispatchEvent (node_modules/@testing-library/user-event/dist/cj
s/event/dispatchEvent.js:45:22)
      at Object.dispatchUIEvent (node_modules/@testing-library/user-event/dist/
cjs/event/dispatchEvent.js:22:26)
      at commitInput 
(node_modules/@testing-library/user-event/dist/cjs/event/input.js:145:14)
      at editInputElement 
(node_modules/@testing-library/user-event/dist/cjs/event/input.js:115:9)
      at Object.input 
(node_modules/@testing-library/user-event/dist/cjs/event/input.js:37:9)
      at node_modules/@testing-library/user-event/dist/cjs/event/behavior/keypr
ess.js:31:26
      at Object.dispatchEvent (node_modules/@testing-library/user-event/dist/cj
s/event/dispatchEvent.js:41:13)
      at Object.dispatchUIEvent (node_modules/@testing-library/user-event/dist/
cjs/event/dispatchEvent.js:22:26)
      at KeyboardHost.keydown 
(node_modules/@testing-library/user-event/dist/cjs/system/keyboard.js:76:22)
      at keyboardAction 
(node_modules/@testing-library/user-event/dist/cjs/keyboard/index.js:22:35)
      at Object.keyboard 
(node_modules/@testing-library/user-event/dist/cjs/keyboard/index.js:11:15)
      at Object.type 
(node_modules/@testing-library/user-event/dist/cjs/utility/type.js:17:5)
      at Object.<anonymous> (src/reporting/__tests__/reports.test.tsx:1052:9)

    console.error
      Warning: An update to DashboardCreatePage inside a test was not wrapped 
in act(...).
      
      When testing, code that causes React state updates should be wrapped 
into act(...):
      
      act(() => {
        /* fire events that update state */
      });
      /* assert on the output */
      
      This ensures that you're testing the behavior the user would see in the 
browser. Learn more at https://reactjs.org/link/wrap-tests-with-act
          at DashboardCreatePage (C:\Users\samhe\OneDrive\Desktop\Cleaned\front
end\src\reporting\DashboardCreatePage\DashboardCreatePage.tsx:56:33)
          at routeContext (C:\Users\samhe\OneDrive\Desktop\Cleaned\frontend\nod
e_modules\react-router\lib\hooks.tsx:658:26)
          at children (C:\Users\samhe\OneDrive\Desktop\Cleaned\frontend\node_mo
dules\react-router\lib\components.tsx:512:3)
          at basenameProp (C:\Users\samhe\OneDrive\Desktop\Cleaned\frontend\nod
e_modules\react-router\lib\components.tsx:421:13)
          at basename (C:\Users\samhe\OneDrive\Desktop\Cleaned\frontend\node_mo
dules\react-router\lib\components.tsx:225:3)

      265 |                             className={inputClass}
      266 |                             value={dashboardName}
    > 267 |                             onChange={(e) => 
setDashboardName(e.target.value)}
          |                                              ^
      268 |                             placeholder="Enter dashboard name"
      269 |                         />
      270 |                     </div>

      at printWarning 
(node_modules/react-dom/cjs/react-dom.development.js:86:30)
      at error (node_modules/react-dom/cjs/react-dom.development.js:60:7)
      at warnIfUpdatesNotWrappedWithActDEV 
(node_modules/react-dom/cjs/react-dom.development.js:27628:9)
      at scheduleUpdateOnFiber 
(node_modules/react-dom/cjs/react-dom.development.js:25547:5)
      at dispatchSetState 
(node_modules/react-dom/cjs/react-dom.development.js:16708:7)
      at onChange 
(src/reporting/DashboardCreatePage/DashboardCreatePage.tsx:267:46)
      at HTMLUnknownElement.callCallback 
(node_modules/react-dom/cjs/react-dom.development.js:4164:14)
      at HTMLUnknownElement.callTheUserObjectsOperation 
(node_modules/jsdom/lib/jsdom/living/generated/EventListener.js:26:30)
      at innerInvokeEventListeners 
(node_modules/jsdom/lib/jsdom/living/events/EventTarget-impl.js:350:25)
      at invokeEventListeners 
(node_modules/jsdom/lib/jsdom/living/events/EventTarget-impl.js:286:3)
      at HTMLUnknownElementImpl._dispatch 
(node_modules/jsdom/lib/jsdom/living/events/EventTarget-impl.js:233:9)
      at HTMLUnknownElementImpl.dispatchEvent 
(node_modules/jsdom/lib/jsdom/living/events/EventTarget-impl.js:104:17)
      at HTMLUnknownElement.dispatchEvent 
(node_modules/jsdom/lib/jsdom/living/generated/EventTarget.js:241:34)
      at Object.invokeGuardedCallbackDev 
(node_modules/react-dom/cjs/react-dom.development.js:4213:16)
      at invokeGuardedCallback 
(node_modules/react-dom/cjs/react-dom.development.js:4277:31)
      at invokeGuardedCallbackAndCatchFirstError 
(node_modules/react-dom/cjs/react-dom.development.js:4291:25)
      at executeDispatch 
(node_modules/react-dom/cjs/react-dom.development.js:9041:3)
      at processDispatchQueueItemsInOrder 
(node_modules/react-dom/cjs/react-dom.development.js:9073:7)
      at processDispatchQueue 
(node_modules/react-dom/cjs/react-dom.development.js:9086:5)
      at dispatchEventsForPlugins 
(node_modules/react-dom/cjs/react-dom.development.js:9097:3)
      at node_modules/react-dom/cjs/react-dom.development.js:9288:12
      at batchedUpdates$1 
(node_modules/react-dom/cjs/react-dom.development.js:26179:12)
      at batchedUpdates 
(node_modules/react-dom/cjs/react-dom.development.js:3991:12)
      at dispatchEventForPluginEventSystem 
(node_modules/react-dom/cjs/react-dom.development.js:9287:3)
      at dispatchEventWithEnableCapturePhaseSelectiveHydrationWithoutDiscreteEv
entReplay (node_modules/react-dom/cjs/react-dom.development.js:6465:5)
      at dispatchEvent 
(node_modules/react-dom/cjs/react-dom.development.js:6457:5)
      at dispatchDiscreteEvent 
(node_modules/react-dom/cjs/react-dom.development.js:6430:5)
      at HTMLDivElement.callTheUserObjectsOperation 
(node_modules/jsdom/lib/jsdom/living/generated/EventListener.js:26:30)
      at innerInvokeEventListeners 
(node_modules/jsdom/lib/jsdom/living/events/EventTarget-impl.js:350:25)
      at invokeEventListeners 
(node_modules/jsdom/lib/jsdom/living/events/EventTarget-impl.js:286:3)
      at HTMLInputElementImpl._dispatch 
(node_modules/jsdom/lib/jsdom/living/events/EventTarget-impl.js:233:9)
      at HTMLInputElementImpl.dispatchEvent 
(node_modules/jsdom/lib/jsdom/living/events/EventTarget-impl.js:104:17)
      at HTMLInputElement.dispatchEvent 
(node_modules/jsdom/lib/jsdom/living/generated/EventTarget.js:241:34)
      at 
node_modules/@testing-library/user-event/dist/cjs/event/dispatchEvent.js:45:43
      at Object.eventWrapper 
(node_modules/@testing-library/dom/dist/config.js:25:23)
      at Object.wrapEvent 
(node_modules/@testing-library/user-event/dist/cjs/event/wrapEvent.js:6:28)
      at Object.dispatchEvent (node_modules/@testing-library/user-event/dist/cj
s/event/dispatchEvent.js:45:22)
      at Object.dispatchUIEvent (node_modules/@testing-library/user-event/dist/
cjs/event/dispatchEvent.js:22:26)
      at commitInput 
(node_modules/@testing-library/user-event/dist/cjs/event/input.js:145:14)
      at editInputElement 
(node_modules/@testing-library/user-event/dist/cjs/event/input.js:115:9)
      at Object.input 
(node_modules/@testing-library/user-event/dist/cjs/event/input.js:37:9)
      at node_modules/@testing-library/user-event/dist/cjs/event/behavior/keypr
ess.js:31:26
      at Object.dispatchEvent (node_modules/@testing-library/user-event/dist/cj
s/event/dispatchEvent.js:41:13)
      at Object.dispatchUIEvent (node_modules/@testing-library/user-event/dist/
cjs/event/dispatchEvent.js:22:26)
      at KeyboardHost.keydown 
(node_modules/@testing-library/user-event/dist/cjs/system/keyboard.js:76:22)
      at keyboardAction 
(node_modules/@testing-library/user-event/dist/cjs/keyboard/index.js:22:35)
      at Object.keyboard 
(node_modules/@testing-library/user-event/dist/cjs/keyboard/index.js:11:15)
      at Object.type 
(node_modules/@testing-library/user-event/dist/cjs/utility/type.js:17:5)
      at Object.<anonymous> (src/reporting/__tests__/reports.test.tsx:1052:9)

    console.error
      Warning: An update to DashboardCreatePage inside a test was not wrapped 
in act(...).
      
      When testing, code that causes React state updates should be wrapped 
into act(...):
      
      act(() => {
        /* fire events that update state */
      });
      /* assert on the output */
      
      This ensures that you're testing the behavior the user would see in the 
browser. Learn more at https://reactjs.org/link/wrap-tests-with-act
          at DashboardCreatePage (C:\Users\samhe\OneDrive\Desktop\Cleaned\front
end\src\reporting\DashboardCreatePage\DashboardCreatePage.tsx:56:33)
          at routeContext (C:\Users\samhe\OneDrive\Desktop\Cleaned\frontend\nod
e_modules\react-router\lib\hooks.tsx:658:26)
          at children (C:\Users\samhe\OneDrive\Desktop\Cleaned\frontend\node_mo
dules\react-router\lib\components.tsx:512:3)
          at basenameProp (C:\Users\samhe\OneDrive\Desktop\Cleaned\frontend\nod
e_modules\react-router\lib\components.tsx:421:13)
          at basename (C:\Users\samhe\OneDrive\Desktop\Cleaned\frontend\node_mo
dules\react-router\lib\components.tsx:225:3)

      265 |                             className={inputClass}
      266 |                             value={dashboardName}
    > 267 |                             onChange={(e) => 
setDashboardName(e.target.value)}
          |                                              ^
      268 |                             placeholder="Enter dashboard name"
      269 |                         />
      270 |                     </div>

      at printWarning 
(node_modules/react-dom/cjs/react-dom.development.js:86:30)
      at error (node_modules/react-dom/cjs/react-dom.development.js:60:7)
      at warnIfUpdatesNotWrappedWithActDEV 
(node_modules/react-dom/cjs/react-dom.development.js:27628:9)
      at scheduleUpdateOnFiber 
(node_modules/react-dom/cjs/react-dom.development.js:25547:5)
      at dispatchSetState 
(node_modules/react-dom/cjs/react-dom.development.js:16708:7)
      at onChange 
(src/reporting/DashboardCreatePage/DashboardCreatePage.tsx:267:46)
      at HTMLUnknownElement.callCallback 
(node_modules/react-dom/cjs/react-dom.development.js:4164:14)
      at HTMLUnknownElement.callTheUserObjectsOperation 
(node_modules/jsdom/lib/jsdom/living/generated/EventListener.js:26:30)
      at innerInvokeEventListeners 
(node_modules/jsdom/lib/jsdom/living/events/EventTarget-impl.js:350:25)
      at invokeEventListeners 
(node_modules/jsdom/lib/jsdom/living/events/EventTarget-impl.js:286:3)
      at HTMLUnknownElementImpl._dispatch 
(node_modules/jsdom/lib/jsdom/living/events/EventTarget-impl.js:233:9)
      at HTMLUnknownElementImpl.dispatchEvent 
(node_modules/jsdom/lib/jsdom/living/events/EventTarget-impl.js:104:17)
      at HTMLUnknownElement.dispatchEvent 
(node_modules/jsdom/lib/jsdom/living/generated/EventTarget.js:241:34)
      at Object.invokeGuardedCallbackDev 
(node_modules/react-dom/cjs/react-dom.development.js:4213:16)
      at invokeGuardedCallback 
(node_modules/react-dom/cjs/react-dom.development.js:4277:31)
      at invokeGuardedCallbackAndCatchFirstError 
(node_modules/react-dom/cjs/react-dom.development.js:4291:25)
      at executeDispatch 
(node_modules/react-dom/cjs/react-dom.development.js:9041:3)
      at processDispatchQueueItemsInOrder 
(node_modules/react-dom/cjs/react-dom.development.js:9073:7)
      at processDispatchQueue 
(node_modules/react-dom/cjs/react-dom.development.js:9086:5)
      at dispatchEventsForPlugins 
(node_modules/react-dom/cjs/react-dom.development.js:9097:3)
      at node_modules/react-dom/cjs/react-dom.development.js:9288:12
      at batchedUpdates$1 
(node_modules/react-dom/cjs/react-dom.development.js:26179:12)
      at batchedUpdates 
(node_modules/react-dom/cjs/react-dom.development.js:3991:12)
      at dispatchEventForPluginEventSystem 
(node_modules/react-dom/cjs/react-dom.development.js:9287:3)
      at dispatchEventWithEnableCapturePhaseSelectiveHydrationWithoutDiscreteEv
entReplay (node_modules/react-dom/cjs/react-dom.development.js:6465:5)
      at dispatchEvent 
(node_modules/react-dom/cjs/react-dom.development.js:6457:5)
      at dispatchDiscreteEvent 
(node_modules/react-dom/cjs/react-dom.development.js:6430:5)
      at HTMLDivElement.callTheUserObjectsOperation 
(node_modules/jsdom/lib/jsdom/living/generated/EventListener.js:26:30)
      at innerInvokeEventListeners 
(node_modules/jsdom/lib/jsdom/living/events/EventTarget-impl.js:350:25)
      at invokeEventListeners 
(node_modules/jsdom/lib/jsdom/living/events/EventTarget-impl.js:286:3)
      at HTMLInputElementImpl._dispatch 
(node_modules/jsdom/lib/jsdom/living/events/EventTarget-impl.js:233:9)
      at HTMLInputElementImpl.dispatchEvent 
(node_modules/jsdom/lib/jsdom/living/events/EventTarget-impl.js:104:17)
      at HTMLInputElement.dispatchEvent 
(node_modules/jsdom/lib/jsdom/living/generated/EventTarget.js:241:34)
      at 
node_modules/@testing-library/user-event/dist/cjs/event/dispatchEvent.js:45:43
      at Object.eventWrapper 
(node_modules/@testing-library/dom/dist/config.js:25:23)
      at Object.wrapEvent 
(node_modules/@testing-library/user-event/dist/cjs/event/wrapEvent.js:6:28)
      at Object.dispatchEvent (node_modules/@testing-library/user-event/dist/cj
s/event/dispatchEvent.js:45:22)
      at Object.dispatchUIEvent (node_modules/@testing-library/user-event/dist/
cjs/event/dispatchEvent.js:22:26)
      at commitInput 
(node_modules/@testing-library/user-event/dist/cjs/event/input.js:145:14)
      at editInputElement 
(node_modules/@testing-library/user-event/dist/cjs/event/input.js:115:9)
      at Object.input 
(node_modules/@testing-library/user-event/dist/cjs/event/input.js:37:9)
      at node_modules/@testing-library/user-event/dist/cjs/event/behavior/keypr
ess.js:31:26
      at Object.dispatchEvent (node_modules/@testing-library/user-event/dist/cj
s/event/dispatchEvent.js:41:13)
      at Object.dispatchUIEvent (node_modules/@testing-library/user-event/dist/
cjs/event/dispatchEvent.js:22:26)
      at KeyboardHost.keydown 
(node_modules/@testing-library/user-event/dist/cjs/system/keyboard.js:76:22)
      at keyboardAction 
(node_modules/@testing-library/user-event/dist/cjs/keyboard/index.js:22:35)
      at Object.keyboard 
(node_modules/@testing-library/user-event/dist/cjs/keyboard/index.js:11:15)
      at Object.type 
(node_modules/@testing-library/user-event/dist/cjs/utility/type.js:17:5)
      at Object.<anonymous> (src/reporting/__tests__/reports.test.tsx:1052:9)

    console.error
      Warning: An update to DashboardCreatePage inside a test was not wrapped 
in act(...).
      
      When testing, code that causes React state updates should be wrapped 
into act(...):
      
      act(() => {
        /* fire events that update state */
      });
      /* assert on the output */
      
      This ensures that you're testing the behavior the user would see in the 
browser. Learn more at https://reactjs.org/link/wrap-tests-with-act
          at DashboardCreatePage (C:\Users\samhe\OneDrive\Desktop\Cleaned\front
end\src\reporting\DashboardCreatePage\DashboardCreatePage.tsx:56:33)
          at routeContext (C:\Users\samhe\OneDrive\Desktop\Cleaned\frontend\nod
e_modules\react-router\lib\hooks.tsx:658:26)
          at children (C:\Users\samhe\OneDrive\Desktop\Cleaned\frontend\node_mo
dules\react-router\lib\components.tsx:512:3)
          at basenameProp (C:\Users\samhe\OneDrive\Desktop\Cleaned\frontend\nod
e_modules\react-router\lib\components.tsx:421:13)
          at basename (C:\Users\samhe\OneDrive\Desktop\Cleaned\frontend\node_mo
dules\react-router\lib\components.tsx:225:3)

      265 |                             className={inputClass}
      266 |                             value={dashboardName}
    > 267 |                             onChange={(e) => 
setDashboardName(e.target.value)}
          |                                              ^
      268 |                             placeholder="Enter dashboard name"
      269 |                         />
      270 |                     </div>

      at printWarning 
(node_modules/react-dom/cjs/react-dom.development.js:86:30)
      at error (node_modules/react-dom/cjs/react-dom.development.js:60:7)
      at warnIfUpdatesNotWrappedWithActDEV 
(node_modules/react-dom/cjs/react-dom.development.js:27628:9)
      at scheduleUpdateOnFiber 
(node_modules/react-dom/cjs/react-dom.development.js:25547:5)
      at dispatchSetState 
(node_modules/react-dom/cjs/react-dom.development.js:16708:7)
      at onChange 
(src/reporting/DashboardCreatePage/DashboardCreatePage.tsx:267:46)
      at HTMLUnknownElement.callCallback 
(node_modules/react-dom/cjs/react-dom.development.js:4164:14)
      at HTMLUnknownElement.callTheUserObjectsOperation 
(node_modules/jsdom/lib/jsdom/living/generated/EventListener.js:26:30)
      at innerInvokeEventListeners 
(node_modules/jsdom/lib/jsdom/living/events/EventTarget-impl.js:350:25)
      at invokeEventListeners 
(node_modules/jsdom/lib/jsdom/living/events/EventTarget-impl.js:286:3)
      at HTMLUnknownElementImpl._dispatch 
(node_modules/jsdom/lib/jsdom/living/events/EventTarget-impl.js:233:9)
      at HTMLUnknownElementImpl.dispatchEvent 
(node_modules/jsdom/lib/jsdom/living/events/EventTarget-impl.js:104:17)
      at HTMLUnknownElement.dispatchEvent 
(node_modules/jsdom/lib/jsdom/living/generated/EventTarget.js:241:34)
      at Object.invokeGuardedCallbackDev 
(node_modules/react-dom/cjs/react-dom.development.js:4213:16)
      at invokeGuardedCallback 
(node_modules/react-dom/cjs/react-dom.development.js:4277:31)
      at invokeGuardedCallbackAndCatchFirstError 
(node_modules/react-dom/cjs/react-dom.development.js:4291:25)
      at executeDispatch 
(node_modules/react-dom/cjs/react-dom.development.js:9041:3)
      at processDispatchQueueItemsInOrder 
(node_modules/react-dom/cjs/react-dom.development.js:9073:7)
      at processDispatchQueue 
(node_modules/react-dom/cjs/react-dom.development.js:9086:5)
      at dispatchEventsForPlugins 
(node_modules/react-dom/cjs/react-dom.development.js:9097:3)
      at node_modules/react-dom/cjs/react-dom.development.js:9288:12
      at batchedUpdates$1 
(node_modules/react-dom/cjs/react-dom.development.js:26179:12)
      at batchedUpdates 
(node_modules/react-dom/cjs/react-dom.development.js:3991:12)
      at dispatchEventForPluginEventSystem 
(node_modules/react-dom/cjs/react-dom.development.js:9287:3)
      at dispatchEventWithEnableCapturePhaseSelectiveHydrationWithoutDiscreteEv
entReplay (node_modules/react-dom/cjs/react-dom.development.js:6465:5)
      at dispatchEvent 
(node_modules/react-dom/cjs/react-dom.development.js:6457:5)
      at dispatchDiscreteEvent 
(node_modules/react-dom/cjs/react-dom.development.js:6430:5)
      at HTMLDivElement.callTheUserObjectsOperation 
(node_modules/jsdom/lib/jsdom/living/generated/EventListener.js:26:30)
      at innerInvokeEventListeners 
(node_modules/jsdom/lib/jsdom/living/events/EventTarget-impl.js:350:25)
      at invokeEventListeners 
(node_modules/jsdom/lib/jsdom/living/events/EventTarget-impl.js:286:3)
      at HTMLInputElementImpl._dispatch 
(node_modules/jsdom/lib/jsdom/living/events/EventTarget-impl.js:233:9)
      at HTMLInputElementImpl.dispatchEvent 
(node_modules/jsdom/lib/jsdom/living/events/EventTarget-impl.js:104:17)
      at HTMLInputElement.dispatchEvent 
(node_modules/jsdom/lib/jsdom/living/generated/EventTarget.js:241:34)
      at 
node_modules/@testing-library/user-event/dist/cjs/event/dispatchEvent.js:45:43
      at Object.eventWrapper 
(node_modules/@testing-library/dom/dist/config.js:25:23)
      at Object.wrapEvent 
(node_modules/@testing-library/user-event/dist/cjs/event/wrapEvent.js:6:28)
      at Object.dispatchEvent (node_modules/@testing-library/user-event/dist/cj
s/event/dispatchEvent.js:45:22)
      at Object.dispatchUIEvent (node_modules/@testing-library/user-event/dist/
cjs/event/dispatchEvent.js:22:26)
      at commitInput 
(node_modules/@testing-library/user-event/dist/cjs/event/input.js:145:14)
      at editInputElement 
(node_modules/@testing-library/user-event/dist/cjs/event/input.js:115:9)
      at Object.input 
(node_modules/@testing-library/user-event/dist/cjs/event/input.js:37:9)
      at node_modules/@testing-library/user-event/dist/cjs/event/behavior/keypr
ess.js:31:26
      at Object.dispatchEvent (node_modules/@testing-library/user-event/dist/cj
s/event/dispatchEvent.js:41:13)
      at Object.dispatchUIEvent (node_modules/@testing-library/user-event/dist/
cjs/event/dispatchEvent.js:22:26)
      at KeyboardHost.keydown 
(node_modules/@testing-library/user-event/dist/cjs/system/keyboard.js:76:22)
      at keyboardAction 
(node_modules/@testing-library/user-event/dist/cjs/keyboard/index.js:22:35)
      at Object.keyboard 
(node_modules/@testing-library/user-event/dist/cjs/keyboard/index.js:11:15)
      at Object.type 
(node_modules/@testing-library/user-event/dist/cjs/utility/type.js:17:5)
      at Object.<anonymous> (src/reporting/__tests__/reports.test.tsx:1052:9)

    console.error
      Warning: An update to DashboardCreatePage inside a test was not wrapped 
in act(...).
      
      When testing, code that causes React state updates should be wrapped 
into act(...):
      
      act(() => {
        /* fire events that update state */
      });
      /* assert on the output */
      
      This ensures that you're testing the behavior the user would see in the 
browser. Learn more at https://reactjs.org/link/wrap-tests-with-act
          at DashboardCreatePage (C:\Users\samhe\OneDrive\Desktop\Cleaned\front
end\src\reporting\DashboardCreatePage\DashboardCreatePage.tsx:56:33)
          at routeContext (C:\Users\samhe\OneDrive\Desktop\Cleaned\frontend\nod
e_modules\react-router\lib\hooks.tsx:658:26)
          at children (C:\Users\samhe\OneDrive\Desktop\Cleaned\frontend\node_mo
dules\react-router\lib\components.tsx:512:3)
          at basenameProp (C:\Users\samhe\OneDrive\Desktop\Cleaned\frontend\nod
e_modules\react-router\lib\components.tsx:421:13)
          at basename (C:\Users\samhe\OneDrive\Desktop\Cleaned\frontend\node_mo
dules\react-router\lib\components.tsx:225:3)

      265 |                             className={inputClass}
      266 |                             value={dashboardName}
    > 267 |                             onChange={(e) => 
setDashboardName(e.target.value)}
          |                                              ^
      268 |                             placeholder="Enter dashboard name"
      269 |                         />
      270 |                     </div>

      at printWarning 
(node_modules/react-dom/cjs/react-dom.development.js:86:30)
      at error (node_modules/react-dom/cjs/react-dom.development.js:60:7)
      at warnIfUpdatesNotWrappedWithActDEV 
(node_modules/react-dom/cjs/react-dom.development.js:27628:9)
      at scheduleUpdateOnFiber 
(node_modules/react-dom/cjs/react-dom.development.js:25547:5)
      at dispatchSetState 
(node_modules/react-dom/cjs/react-dom.development.js:16708:7)
      at onChange 
(src/reporting/DashboardCreatePage/DashboardCreatePage.tsx:267:46)
      at HTMLUnknownElement.callCallback 
(node_modules/react-dom/cjs/react-dom.development.js:4164:14)
      at HTMLUnknownElement.callTheUserObjectsOperation 
(node_modules/jsdom/lib/jsdom/living/generated/EventListener.js:26:30)
      at innerInvokeEventListeners 
(node_modules/jsdom/lib/jsdom/living/events/EventTarget-impl.js:350:25)
      at invokeEventListeners 
(node_modules/jsdom/lib/jsdom/living/events/EventTarget-impl.js:286:3)
      at HTMLUnknownElementImpl._dispatch 
(node_modules/jsdom/lib/jsdom/living/events/EventTarget-impl.js:233:9)
      at HTMLUnknownElementImpl.dispatchEvent 
(node_modules/jsdom/lib/jsdom/living/events/EventTarget-impl.js:104:17)
      at HTMLUnknownElement.dispatchEvent 
(node_modules/jsdom/lib/jsdom/living/generated/EventTarget.js:241:34)
      at Object.invokeGuardedCallbackDev 
(node_modules/react-dom/cjs/react-dom.development.js:4213:16)
      at invokeGuardedCallback 
(node_modules/react-dom/cjs/react-dom.development.js:4277:31)
      at invokeGuardedCallbackAndCatchFirstError 
(node_modules/react-dom/cjs/react-dom.development.js:4291:25)
      at executeDispatch 
(node_modules/react-dom/cjs/react-dom.development.js:9041:3)
      at processDispatchQueueItemsInOrder 
(node_modules/react-dom/cjs/react-dom.development.js:9073:7)
      at processDispatchQueue 
(node_modules/react-dom/cjs/react-dom.development.js:9086:5)
      at dispatchEventsForPlugins 
(node_modules/react-dom/cjs/react-dom.development.js:9097:3)
      at node_modules/react-dom/cjs/react-dom.development.js:9288:12
      at batchedUpdates$1 
(node_modules/react-dom/cjs/react-dom.development.js:26179:12)
      at batchedUpdates 
(node_modules/react-dom/cjs/react-dom.development.js:3991:12)
      at dispatchEventForPluginEventSystem 
(node_modules/react-dom/cjs/react-dom.development.js:9287:3)
      at dispatchEventWithEnableCapturePhaseSelectiveHydrationWithoutDiscreteEv
entReplay (node_modules/react-dom/cjs/react-dom.development.js:6465:5)
      at dispatchEvent 
(node_modules/react-dom/cjs/react-dom.development.js:6457:5)
      at dispatchDiscreteEvent 
(node_modules/react-dom/cjs/react-dom.development.js:6430:5)
      at HTMLDivElement.callTheUserObjectsOperation 
(node_modules/jsdom/lib/jsdom/living/generated/EventListener.js:26:30)
      at innerInvokeEventListeners 
(node_modules/jsdom/lib/jsdom/living/events/EventTarget-impl.js:350:25)
      at invokeEventListeners 
(node_modules/jsdom/lib/jsdom/living/events/EventTarget-impl.js:286:3)
      at HTMLInputElementImpl._dispatch 
(node_modules/jsdom/lib/jsdom/living/events/EventTarget-impl.js:233:9)
      at HTMLInputElementImpl.dispatchEvent 
(node_modules/jsdom/lib/jsdom/living/events/EventTarget-impl.js:104:17)
      at HTMLInputElement.dispatchEvent 
(node_modules/jsdom/lib/jsdom/living/generated/EventTarget.js:241:34)
      at 
node_modules/@testing-library/user-event/dist/cjs/event/dispatchEvent.js:45:43
      at Object.eventWrapper 
(node_modules/@testing-library/dom/dist/config.js:25:23)
      at Object.wrapEvent 
(node_modules/@testing-library/user-event/dist/cjs/event/wrapEvent.js:6:28)
      at Object.dispatchEvent (node_modules/@testing-library/user-event/dist/cj
s/event/dispatchEvent.js:45:22)
      at Object.dispatchUIEvent (node_modules/@testing-library/user-event/dist/
cjs/event/dispatchEvent.js:22:26)
      at commitInput 
(node_modules/@testing-library/user-event/dist/cjs/event/input.js:145:14)
      at editInputElement 
(node_modules/@testing-library/user-event/dist/cjs/event/input.js:115:9)
      at Object.input 
(node_modules/@testing-library/user-event/dist/cjs/event/input.js:37:9)
      at node_modules/@testing-library/user-event/dist/cjs/event/behavior/keypr
ess.js:31:26
      at Object.dispatchEvent (node_modules/@testing-library/user-event/dist/cj
s/event/dispatchEvent.js:41:13)
      at Object.dispatchUIEvent (node_modules/@testing-library/user-event/dist/
cjs/event/dispatchEvent.js:22:26)
      at KeyboardHost.keydown 
(node_modules/@testing-library/user-event/dist/cjs/system/keyboard.js:76:22)
      at keyboardAction 
(node_modules/@testing-library/user-event/dist/cjs/keyboard/index.js:22:35)
      at Object.keyboard 
(node_modules/@testing-library/user-event/dist/cjs/keyboard/index.js:11:15)
      at Object.type 
(node_modules/@testing-library/user-event/dist/cjs/utility/type.js:17:5)
      at Object.<anonymous> (src/reporting/__tests__/reports.test.tsx:1052:9)

    console.error
      Warning: An update to DashboardCreatePage inside a test was not wrapped 
in act(...).
      
      When testing, code that causes React state updates should be wrapped 
into act(...):
      
      act(() => {
        /* fire events that update state */
      });
      /* assert on the output */
      
      This ensures that you're testing the behavior the user would see in the 
browser. Learn more at https://reactjs.org/link/wrap-tests-with-act
          at DashboardCreatePage (C:\Users\samhe\OneDrive\Desktop\Cleaned\front
end\src\reporting\DashboardCreatePage\DashboardCreatePage.tsx:56:33)
          at routeContext (C:\Users\samhe\OneDrive\Desktop\Cleaned\frontend\nod
e_modules\react-router\lib\hooks.tsx:658:26)
          at children (C:\Users\samhe\OneDrive\Desktop\Cleaned\frontend\node_mo
dules\react-router\lib\components.tsx:512:3)
          at basenameProp (C:\Users\samhe\OneDrive\Desktop\Cleaned\frontend\nod
e_modules\react-router\lib\components.tsx:421:13)
          at basename (C:\Users\samhe\OneDrive\Desktop\Cleaned\frontend\node_mo
dules\react-router\lib\components.tsx:225:3)

      265 |                             className={inputClass}
      266 |                             value={dashboardName}
    > 267 |                             onChange={(e) => 
setDashboardName(e.target.value)}
          |                                              ^
      268 |                             placeholder="Enter dashboard name"
      269 |                         />
      270 |                     </div>

      at printWarning 
(node_modules/react-dom/cjs/react-dom.development.js:86:30)
      at error (node_modules/react-dom/cjs/react-dom.development.js:60:7)
      at warnIfUpdatesNotWrappedWithActDEV 
(node_modules/react-dom/cjs/react-dom.development.js:27628:9)
      at scheduleUpdateOnFiber 
(node_modules/react-dom/cjs/react-dom.development.js:25547:5)
      at dispatchSetState 
(node_modules/react-dom/cjs/react-dom.development.js:16708:7)
      at onChange 
(src/reporting/DashboardCreatePage/DashboardCreatePage.tsx:267:46)
      at HTMLUnknownElement.callCallback 
(node_modules/react-dom/cjs/react-dom.development.js:4164:14)
      at HTMLUnknownElement.callTheUserObjectsOperation 
(node_modules/jsdom/lib/jsdom/living/generated/EventListener.js:26:30)
      at innerInvokeEventListeners 
(node_modules/jsdom/lib/jsdom/living/events/EventTarget-impl.js:350:25)
      at invokeEventListeners 
(node_modules/jsdom/lib/jsdom/living/events/EventTarget-impl.js:286:3)
      at HTMLUnknownElementImpl._dispatch 
(node_modules/jsdom/lib/jsdom/living/events/EventTarget-impl.js:233:9)
      at HTMLUnknownElementImpl.dispatchEvent 
(node_modules/jsdom/lib/jsdom/living/events/EventTarget-impl.js:104:17)
      at HTMLUnknownElement.dispatchEvent 
(node_modules/jsdom/lib/jsdom/living/generated/EventTarget.js:241:34)
      at Object.invokeGuardedCallbackDev 
(node_modules/react-dom/cjs/react-dom.development.js:4213:16)
      at invokeGuardedCallback 
(node_modules/react-dom/cjs/react-dom.development.js:4277:31)
      at invokeGuardedCallbackAndCatchFirstError 
(node_modules/react-dom/cjs/react-dom.development.js:4291:25)
      at executeDispatch 
(node_modules/react-dom/cjs/react-dom.development.js:9041:3)
      at processDispatchQueueItemsInOrder 
(node_modules/react-dom/cjs/react-dom.development.js:9073:7)
      at processDispatchQueue 
(node_modules/react-dom/cjs/react-dom.development.js:9086:5)
      at dispatchEventsForPlugins 
(node_modules/react-dom/cjs/react-dom.development.js:9097:3)
      at node_modules/react-dom/cjs/react-dom.development.js:9288:12
      at batchedUpdates$1 
(node_modules/react-dom/cjs/react-dom.development.js:26179:12)
      at batchedUpdates 
(node_modules/react-dom/cjs/react-dom.development.js:3991:12)
      at dispatchEventForPluginEventSystem 
(node_modules/react-dom/cjs/react-dom.development.js:9287:3)
      at dispatchEventWithEnableCapturePhaseSelectiveHydrationWithoutDiscreteEv
entReplay (node_modules/react-dom/cjs/react-dom.development.js:6465:5)
      at dispatchEvent 
(node_modules/react-dom/cjs/react-dom.development.js:6457:5)
      at dispatchDiscreteEvent 
(node_modules/react-dom/cjs/react-dom.development.js:6430:5)
      at HTMLDivElement.callTheUserObjectsOperation 
(node_modules/jsdom/lib/jsdom/living/generated/EventListener.js:26:30)
      at innerInvokeEventListeners 
(node_modules/jsdom/lib/jsdom/living/events/EventTarget-impl.js:350:25)
      at invokeEventListeners 
(node_modules/jsdom/lib/jsdom/living/events/EventTarget-impl.js:286:3)
      at HTMLInputElementImpl._dispatch 
(node_modules/jsdom/lib/jsdom/living/events/EventTarget-impl.js:233:9)
      at HTMLInputElementImpl.dispatchEvent 
(node_modules/jsdom/lib/jsdom/living/events/EventTarget-impl.js:104:17)
      at HTMLInputElement.dispatchEvent 
(node_modules/jsdom/lib/jsdom/living/generated/EventTarget.js:241:34)
      at 
node_modules/@testing-library/user-event/dist/cjs/event/dispatchEvent.js:45:43
      at Object.eventWrapper 
(node_modules/@testing-library/dom/dist/config.js:25:23)
      at Object.wrapEvent 
(node_modules/@testing-library/user-event/dist/cjs/event/wrapEvent.js:6:28)
      at Object.dispatchEvent (node_modules/@testing-library/user-event/dist/cj
s/event/dispatchEvent.js:45:22)
      at Object.dispatchUIEvent (node_modules/@testing-library/user-event/dist/
cjs/event/dispatchEvent.js:22:26)
      at commitInput 
(node_modules/@testing-library/user-event/dist/cjs/event/input.js:145:14)
      at editInputElement 
(node_modules/@testing-library/user-event/dist/cjs/event/input.js:115:9)
      at Object.input 
(node_modules/@testing-library/user-event/dist/cjs/event/input.js:37:9)
      at node_modules/@testing-library/user-event/dist/cjs/event/behavior/keypr
ess.js:31:26
      at Object.dispatchEvent (node_modules/@testing-library/user-event/dist/cj
s/event/dispatchEvent.js:41:13)
      at Object.dispatchUIEvent (node_modules/@testing-library/user-event/dist/
cjs/event/dispatchEvent.js:22:26)
      at KeyboardHost.keydown 
(node_modules/@testing-library/user-event/dist/cjs/system/keyboard.js:76:22)
      at keyboardAction 
(node_modules/@testing-library/user-event/dist/cjs/keyboard/index.js:22:35)
      at Object.keyboard 
(node_modules/@testing-library/user-event/dist/cjs/keyboard/index.js:11:15)
      at Object.type 
(node_modules/@testing-library/user-event/dist/cjs/utility/type.js:17:5)
      at Object.<anonymous> (src/reporting/__tests__/reports.test.tsx:1052:9)

    console.error
      Warning: An update to DashboardConfigurePage inside a test was not 
wrapped in act(...).
      
      When testing, code that causes React state updates should be wrapped 
into act(...):
      
      act(() => {
        /* fire events that update state */
      });
      /* assert on the output */
      
      This ensures that you're testing the behavior the user would see in the 
browser. Learn more at https://reactjs.org/link/wrap-tests-with-act
          at DashboardConfigurePage (C:\Users\samhe\OneDrive\Desktop\Cleaned\fr
ontend\src\reporting\DashboardConfigurePage\DashboardConfigurePage.tsx:107:29)
          at routeContext (C:\Users\samhe\OneDrive\Desktop\Cleaned\frontend\nod
e_modules\react-router\lib\hooks.tsx:658:26)
          at children (C:\Users\samhe\OneDrive\Desktop\Cleaned\frontend\node_mo
dules\react-router\lib\components.tsx:512:3)
          at basenameProp (C:\Users\samhe\OneDrive\Desktop\Cleaned\frontend\nod
e_modules\react-router\lib\components.tsx:421:13)
          at basename (C:\Users\samhe\OneDrive\Desktop\Cleaned\frontend\node_mo
dules\react-router\lib\components.tsx:225:3)

      226 |     function openEditor(slotId: number, sectionId?: number | null) 
{
      227 |         const existing = getWidgetsForSlot(slotId, sectionId)[0]
    > 228 |         setEditor({ slotId, sectionId, widget: existing })
          |         ^
      229 |         setDraftWidget(existing ? normalizeWidget(existing) : 
blankWidget(slotId, sectionId))
      230 |     }
      231 |

      at printWarning 
(node_modules/react-dom/cjs/react-dom.development.js:86:30)
      at error (node_modules/react-dom/cjs/react-dom.development.js:60:7)
      at warnIfUpdatesNotWrappedWithActDEV 
(node_modules/react-dom/cjs/react-dom.development.js:27628:9)
      at scheduleUpdateOnFiber 
(node_modules/react-dom/cjs/react-dom.development.js:25547:5)
      at dispatchSetState 
(node_modules/react-dom/cjs/react-dom.development.js:16708:7)
      at openEditor 
(src/reporting/DashboardConfigurePage/DashboardConfigurePage.tsx:228:9)
      at onClick 
(src/reporting/DashboardConfigurePage/DashboardConfigurePage.tsx:356:56)
      at HTMLUnknownElement.callCallback 
(node_modules/react-dom/cjs/react-dom.development.js:4164:14)
      at HTMLUnknownElement.callTheUserObjectsOperation 
(node_modules/jsdom/lib/jsdom/living/generated/EventListener.js:26:30)
      at innerInvokeEventListeners 
(node_modules/jsdom/lib/jsdom/living/events/EventTarget-impl.js:350:25)
      at invokeEventListeners 
(node_modules/jsdom/lib/jsdom/living/events/EventTarget-impl.js:286:3)
      at HTMLUnknownElementImpl._dispatch 
(node_modules/jsdom/lib/jsdom/living/events/EventTarget-impl.js:233:9)
      at HTMLUnknownElementImpl.dispatchEvent 
(node_modules/jsdom/lib/jsdom/living/events/EventTarget-impl.js:104:17)
      at HTMLUnknownElement.dispatchEvent 
(node_modules/jsdom/lib/jsdom/living/generated/EventTarget.js:241:34)
      at Object.invokeGuardedCallbackDev 
(node_modules/react-dom/cjs/react-dom.development.js:4213:16)
      at invokeGuardedCallback 
(node_modules/react-dom/cjs/react-dom.development.js:4277:31)
      at invokeGuardedCallbackAndCatchFirstError 
(node_modules/react-dom/cjs/react-dom.development.js:4291:25)
      at executeDispatch 
(node_modules/react-dom/cjs/react-dom.development.js:9041:3)
      at processDispatchQueueItemsInOrder 
(node_modules/react-dom/cjs/react-dom.development.js:9073:7)
      at processDispatchQueue 
(node_modules/react-dom/cjs/react-dom.development.js:9086:5)
      at dispatchEventsForPlugins 
(node_modules/react-dom/cjs/react-dom.development.js:9097:3)
      at node_modules/react-dom/cjs/react-dom.development.js:9288:12
      at batchedUpdates$1 
(node_modules/react-dom/cjs/react-dom.development.js:26179:12)
      at batchedUpdates 
(node_modules/react-dom/cjs/react-dom.development.js:3991:12)
      at dispatchEventForPluginEventSystem 
(node_modules/react-dom/cjs/react-dom.development.js:9287:3)
      at dispatchEventWithEnableCapturePhaseSelectiveHydrationWithoutDiscreteEv
entReplay (node_modules/react-dom/cjs/react-dom.development.js:6465:5)
      at dispatchEvent 
(node_modules/react-dom/cjs/react-dom.development.js:6457:5)
      at dispatchDiscreteEvent 
(node_modules/react-dom/cjs/react-dom.development.js:6430:5)
      at HTMLDivElement.callTheUserObjectsOperation 
(node_modules/jsdom/lib/jsdom/living/generated/EventListener.js:26:30)
      at innerInvokeEventListeners 
(node_modules/jsdom/lib/jsdom/living/events/EventTarget-impl.js:350:25)
      at invokeEventListeners 
(node_modules/jsdom/lib/jsdom/living/events/EventTarget-impl.js:286:3)
      at HTMLButtonElementImpl._dispatch 
(node_modules/jsdom/lib/jsdom/living/events/EventTarget-impl.js:233:9)
      at HTMLButtonElementImpl.dispatchEvent 
(node_modules/jsdom/lib/jsdom/living/events/EventTarget-impl.js:104:17)
      at HTMLButtonElement.dispatchEvent 
(node_modules/jsdom/lib/jsdom/living/generated/EventTarget.js:241:34)
      at 
node_modules/@testing-library/user-event/dist/cjs/event/dispatchEvent.js:45:43
      at Object.eventWrapper 
(node_modules/@testing-library/dom/dist/config.js:25:23)
      at Object.wrapEvent 
(node_modules/@testing-library/user-event/dist/cjs/event/wrapEvent.js:6:28)
      at Object.dispatchEvent (node_modules/@testing-library/user-event/dist/cj
s/event/dispatchEvent.js:45:22)
      at Object.dispatchUIEvent (node_modules/@testing-library/user-event/dist/
cjs/event/dispatchEvent.js:22:26)
      at Mouse.up (node_modules/@testing-library/user-event/dist/cjs/system/poi
nter/mouse.js:100:30)
      at PointerHost.release (node_modules/@testing-library/user-event/dist/cjs
/system/pointer/index.js:87:24)
      at pointerAction 
(node_modules/@testing-library/user-event/dist/cjs/pointer/index.js:54:47)
      at Object.pointer 
(node_modules/@testing-library/user-event/dist/cjs/pointer/index.js:27:9)
      at Object.<anonymous> (src/reporting/__tests__/reports.test.tsx:1171:9)

    console.error
      Warning: An update to DashboardConfigurePage inside a test was not 
wrapped in act(...).
      
      When testing, code that causes React state updates should be wrapped 
into act(...):
      
      act(() => {
        /* fire events that update state */
      });
      /* assert on the output */
      
      This ensures that you're testing the behavior the user would see in the 
browser. Learn more at https://reactjs.org/link/wrap-tests-with-act
          at DashboardConfigurePage (C:\Users\samhe\OneDrive\Desktop\Cleaned\fr
ontend\src\reporting\DashboardConfigurePage\DashboardConfigurePage.tsx:107:29)
          at routeContext (C:\Users\samhe\OneDrive\Desktop\Cleaned\frontend\nod
e_modules\react-router\lib\hooks.tsx:658:26)
          at children (C:\Users\samhe\OneDrive\Desktop\Cleaned\frontend\node_mo
dules\react-router\lib\components.tsx:512:3)
          at basenameProp (C:\Users\samhe\OneDrive\Desktop\Cleaned\frontend\nod
e_modules\react-router\lib\components.tsx:421:13)
          at basename (C:\Users\samhe\OneDrive\Desktop\Cleaned\frontend\node_mo
dules\react-router\lib\components.tsx:225:3)

      227 |         const existing = getWidgetsForSlot(slotId, sectionId)[0]
      228 |         setEditor({ slotId, sectionId, widget: existing })
    > 229 |         setDraftWidget(existing ? normalizeWidget(existing) : 
blankWidget(slotId, sectionId))
          |         ^
      230 |     }
      231 |
      232 |     function saveWidgetLocally() {

      at printWarning 
(node_modules/react-dom/cjs/react-dom.development.js:86:30)
      at error (node_modules/react-dom/cjs/react-dom.development.js:60:7)
      at warnIfUpdatesNotWrappedWithActDEV 
(node_modules/react-dom/cjs/react-dom.development.js:27628:9)
      at scheduleUpdateOnFiber 
(node_modules/react-dom/cjs/react-dom.development.js:25547:5)
      at dispatchSetState 
(node_modules/react-dom/cjs/react-dom.development.js:16708:7)
      at openEditor 
(src/reporting/DashboardConfigurePage/DashboardConfigurePage.tsx:229:9)
      at onClick 
(src/reporting/DashboardConfigurePage/DashboardConfigurePage.tsx:356:56)
      at HTMLUnknownElement.callCallback 
(node_modules/react-dom/cjs/react-dom.development.js:4164:14)
      at HTMLUnknownElement.callTheUserObjectsOperation 
(node_modules/jsdom/lib/jsdom/living/generated/EventListener.js:26:30)
      at innerInvokeEventListeners 
(node_modules/jsdom/lib/jsdom/living/events/EventTarget-impl.js:350:25)
      at invokeEventListeners 
(node_modules/jsdom/lib/jsdom/living/events/EventTarget-impl.js:286:3)
      at HTMLUnknownElementImpl._dispatch 
(node_modules/jsdom/lib/jsdom/living/events/EventTarget-impl.js:233:9)
      at HTMLUnknownElementImpl.dispatchEvent 
(node_modules/jsdom/lib/jsdom/living/events/EventTarget-impl.js:104:17)
      at HTMLUnknownElement.dispatchEvent 
(node_modules/jsdom/lib/jsdom/living/generated/EventTarget.js:241:34)
      at Object.invokeGuardedCallbackDev 
(node_modules/react-dom/cjs/react-dom.development.js:4213:16)
      at invokeGuardedCallback 
(node_modules/react-dom/cjs/react-dom.development.js:4277:31)
      at invokeGuardedCallbackAndCatchFirstError 
(node_modules/react-dom/cjs/react-dom.development.js:4291:25)
      at executeDispatch 
(node_modules/react-dom/cjs/react-dom.development.js:9041:3)
      at processDispatchQueueItemsInOrder 
(node_modules/react-dom/cjs/react-dom.development.js:9073:7)
      at processDispatchQueue 
(node_modules/react-dom/cjs/react-dom.development.js:9086:5)
      at dispatchEventsForPlugins 
(node_modules/react-dom/cjs/react-dom.development.js:9097:3)
      at node_modules/react-dom/cjs/react-dom.development.js:9288:12
      at batchedUpdates$1 
(node_modules/react-dom/cjs/react-dom.development.js:26179:12)
      at batchedUpdates 
(node_modules/react-dom/cjs/react-dom.development.js:3991:12)
      at dispatchEventForPluginEventSystem 
(node_modules/react-dom/cjs/react-dom.development.js:9287:3)
      at dispatchEventWithEnableCapturePhaseSelectiveHydrationWithoutDiscreteEv
entReplay (node_modules/react-dom/cjs/react-dom.development.js:6465:5)
      at dispatchEvent 
(node_modules/react-dom/cjs/react-dom.development.js:6457:5)
      at dispatchDiscreteEvent 
(node_modules/react-dom/cjs/react-dom.development.js:6430:5)
      at HTMLDivElement.callTheUserObjectsOperation 
(node_modules/jsdom/lib/jsdom/living/generated/EventListener.js:26:30)
      at innerInvokeEventListeners 
(node_modules/jsdom/lib/jsdom/living/events/EventTarget-impl.js:350:25)
      at invokeEventListeners 
(node_modules/jsdom/lib/jsdom/living/events/EventTarget-impl.js:286:3)
      at HTMLButtonElementImpl._dispatch 
(node_modules/jsdom/lib/jsdom/living/events/EventTarget-impl.js:233:9)
      at HTMLButtonElementImpl.dispatchEvent 
(node_modules/jsdom/lib/jsdom/living/events/EventTarget-impl.js:104:17)
      at HTMLButtonElement.dispatchEvent 
(node_modules/jsdom/lib/jsdom/living/generated/EventTarget.js:241:34)
      at 
node_modules/@testing-library/user-event/dist/cjs/event/dispatchEvent.js:45:43
      at Object.eventWrapper 
(node_modules/@testing-library/dom/dist/config.js:25:23)
      at Object.wrapEvent 
(node_modules/@testing-library/user-event/dist/cjs/event/wrapEvent.js:6:28)
      at Object.dispatchEvent (node_modules/@testing-library/user-event/dist/cj
s/event/dispatchEvent.js:45:22)
      at Object.dispatchUIEvent (node_modules/@testing-library/user-event/dist/
cjs/event/dispatchEvent.js:22:26)
      at Mouse.up (node_modules/@testing-library/user-event/dist/cjs/system/poi
nter/mouse.js:100:30)
      at PointerHost.release (node_modules/@testing-library/user-event/dist/cjs
/system/pointer/index.js:87:24)
      at pointerAction 
(node_modules/@testing-library/user-event/dist/cjs/pointer/index.js:54:47)
      at Object.pointer 
(node_modules/@testing-library/user-event/dist/cjs/pointer/index.js:27:9)
      at Object.<anonymous> (src/reporting/__tests__/reports.test.tsx:1171:9)

    console.error
      Warning: An update to DashboardConfigurePage inside a test was not 
wrapped in act(...).
      
      When testing, code that causes React state updates should be wrapped 
into act(...):
      
      act(() => {
        /* fire events that update state */
      });
      /* assert on the output */
      
      This ensures that you're testing the behavior the user would see in the 
browser. Learn more at https://reactjs.org/link/wrap-tests-with-act
          at DashboardConfigurePage (C:\Users\samhe\OneDrive\Desktop\Cleaned\fr
ontend\src\reporting\DashboardConfigurePage\DashboardConfigurePage.tsx:107:29)
          at routeContext (C:\Users\samhe\OneDrive\Desktop\Cleaned\frontend\nod
e_modules\react-router\lib\hooks.tsx:658:26)
          at children (C:\Users\samhe\OneDrive\Desktop\Cleaned\frontend\node_mo
dules\react-router\lib\components.tsx:512:3)
          at basenameProp (C:\Users\samhe\OneDrive\Desktop\Cleaned\frontend\nod
e_modules\react-router\lib\components.tsx:421:13)
          at basename (C:\Users\samhe\OneDrive\Desktop\Cleaned\frontend\node_mo
dules\react-router\lib\components.tsx:225:3)

      471 |                                         id="widget-type"
      472 |                                         value={draftWidget.type}
    > 473 |                                         onChange={(e) => 
setDraftWidget((prev) => prev ? normalizeWidget({
          |                                                          ^
      474 |                                             ...prev,
      475 |                                             type: e.target.value 
as DashboardWidgetType,
      476 |                                             metric: null,

      at printWarning 
(node_modules/react-dom/cjs/react-dom.development.js:86:30)
      at error (node_modules/react-dom/cjs/react-dom.development.js:60:7)
      at warnIfUpdatesNotWrappedWithActDEV 
(node_modules/react-dom/cjs/react-dom.development.js:27628:9)
      at scheduleUpdateOnFiber 
(node_modules/react-dom/cjs/react-dom.development.js:25547:5)
      at dispatchSetState 
(node_modules/react-dom/cjs/react-dom.development.js:16708:7)
      at onChange 
(src/reporting/DashboardConfigurePage/DashboardConfigurePage.tsx:473:58)
      at HTMLUnknownElement.callCallback 
(node_modules/react-dom/cjs/react-dom.development.js:4164:14)
      at HTMLUnknownElement.callTheUserObjectsOperation 
(node_modules/jsdom/lib/jsdom/living/generated/EventListener.js:26:30)
      at innerInvokeEventListeners 
(node_modules/jsdom/lib/jsdom/living/events/EventTarget-impl.js:350:25)
      at invokeEventListeners 
(node_modules/jsdom/lib/jsdom/living/events/EventTarget-impl.js:286:3)
      at HTMLUnknownElementImpl._dispatch 
(node_modules/jsdom/lib/jsdom/living/events/EventTarget-impl.js:233:9)
      at HTMLUnknownElementImpl.dispatchEvent 
(node_modules/jsdom/lib/jsdom/living/events/EventTarget-impl.js:104:17)
      at HTMLUnknownElement.dispatchEvent 
(node_modules/jsdom/lib/jsdom/living/generated/EventTarget.js:241:34)
      at Object.invokeGuardedCallbackDev 
(node_modules/react-dom/cjs/react-dom.development.js:4213:16)
      at invokeGuardedCallback 
(node_modules/react-dom/cjs/react-dom.development.js:4277:31)
      at invokeGuardedCallbackAndCatchFirstError 
(node_modules/react-dom/cjs/react-dom.development.js:4291:25)
      at executeDispatch 
(node_modules/react-dom/cjs/react-dom.development.js:9041:3)
      at processDispatchQueueItemsInOrder 
(node_modules/react-dom/cjs/react-dom.development.js:9073:7)
      at processDispatchQueue 
(node_modules/react-dom/cjs/react-dom.development.js:9086:5)
      at dispatchEventsForPlugins 
(node_modules/react-dom/cjs/react-dom.development.js:9097:3)
      at node_modules/react-dom/cjs/react-dom.development.js:9288:12
      at batchedUpdates$1 
(node_modules/react-dom/cjs/react-dom.development.js:26179:12)
      at batchedUpdates 
(node_modules/react-dom/cjs/react-dom.development.js:3991:12)
      at dispatchEventForPluginEventSystem 
(node_modules/react-dom/cjs/react-dom.development.js:9287:3)
      at dispatchEventWithEnableCapturePhaseSelectiveHydrationWithoutDiscreteEv
entReplay (node_modules/react-dom/cjs/react-dom.development.js:6465:5)
      at dispatchEvent 
(node_modules/react-dom/cjs/react-dom.development.js:6457:5)
      at dispatchDiscreteEvent 
(node_modules/react-dom/cjs/react-dom.development.js:6430:5)
      at HTMLDivElement.callTheUserObjectsOperation 
(node_modules/jsdom/lib/jsdom/living/generated/EventListener.js:26:30)
      at innerInvokeEventListeners 
(node_modules/jsdom/lib/jsdom/living/events/EventTarget-impl.js:350:25)
      at invokeEventListeners 
(node_modules/jsdom/lib/jsdom/living/events/EventTarget-impl.js:286:3)
      at HTMLSelectElementImpl._dispatch 
(node_modules/jsdom/lib/jsdom/living/events/EventTarget-impl.js:233:9)
      at HTMLSelectElementImpl.dispatchEvent 
(node_modules/jsdom/lib/jsdom/living/events/EventTarget-impl.js:104:17)
      at Proxy.dispatchEvent 
(node_modules/jsdom/lib/jsdom/living/generated/EventTarget.js:241:34)
      at 
node_modules/@testing-library/user-event/dist/cjs/event/dispatchEvent.js:45:43
      at Object.eventWrapper 
(node_modules/@testing-library/dom/dist/config.js:25:23)
      at Object.wrapEvent 
(node_modules/@testing-library/user-event/dist/cjs/event/wrapEvent.js:6:28)
      at Object.dispatchEvent (node_modules/@testing-library/user-event/dist/cj
s/event/dispatchEvent.js:45:22)
      at Object.dispatchUIEvent (node_modules/@testing-library/user-event/dist/
cjs/event/dispatchEvent.js:22:26)
      at selectOption (node_modules/@testing-library/user-event/dist/cjs/utilit
y/selectOptions.js:51:14)
      at Object.selectOptionsBase (node_modules/@testing-library/user-event/dis
t/cjs/utility/selectOptions.js:87:13)
      at Object.<anonymous> (src/reporting/__tests__/reports.test.tsx:1172:9)

    console.error
      Warning: An update to DashboardConfigurePage inside a test was not 
wrapped in act(...).
      
      When testing, code that causes React state updates should be wrapped 
into act(...):
      
      act(() => {
        /* fire events that update state */
      });
      /* assert on the output */
      
      This ensures that you're testing the behavior the user would see in the 
browser. Learn more at https://reactjs.org/link/wrap-tests-with-act
          at DashboardConfigurePage (C:\Users\samhe\OneDrive\Desktop\Cleaned\fr
ontend\src\reporting\DashboardConfigurePage\DashboardConfigurePage.tsx:107:29)
          at routeContext (C:\Users\samhe\OneDrive\Desktop\Cleaned\frontend\nod
e_modules\react-router\lib\hooks.tsx:658:26)
          at children (C:\Users\samhe\OneDrive\Desktop\Cleaned\frontend\node_mo
dules\react-router\lib\components.tsx:512:3)
          at basenameProp (C:\Users\samhe\OneDrive\Desktop\Cleaned\frontend\nod
e_modules\react-router\lib\components.tsx:421:13)
          at basename (C:\Users\samhe\OneDrive\Desktop\Cleaned\frontend\node_mo
dules\react-router\lib\components.tsx:225:3)

      640 |                                                         
onClick={() => {
      641 |                                                             const 
first = allMeasureFields.find((f) => !(draftWidget.measures ?? 
[]).includes(f.compositeKey))
    > 642 |                                                             if 
(first) setDraftWidget((prev) => prev ? { ...prev, measures: 
[...(prev.measures ?? []), first.compositeKey] } : prev)
          |                                                                    
    ^
      643 |                                                         }}
      644 |                                                         
className="text-sm text-brand-600 hover:underline"
      645 |                                                     >+ Add 
Measure</button>

      at printWarning 
(node_modules/react-dom/cjs/react-dom.development.js:86:30)
      at error (node_modules/react-dom/cjs/react-dom.development.js:60:7)
      at warnIfUpdatesNotWrappedWithActDEV 
(node_modules/react-dom/cjs/react-dom.development.js:27628:9)
      at scheduleUpdateOnFiber 
(node_modules/react-dom/cjs/react-dom.development.js:25547:5)
      at dispatchSetState 
(node_modules/react-dom/cjs/react-dom.development.js:16708:7)
      at onClick 
(src/reporting/DashboardConfigurePage/DashboardConfigurePage.tsx:642:72)
      at HTMLUnknownElement.callCallback 
(node_modules/react-dom/cjs/react-dom.development.js:4164:14)
      at HTMLUnknownElement.callTheUserObjectsOperation 
(node_modules/jsdom/lib/jsdom/living/generated/EventListener.js:26:30)
      at innerInvokeEventListeners 
(node_modules/jsdom/lib/jsdom/living/events/EventTarget-impl.js:350:25)
      at invokeEventListeners 
(node_modules/jsdom/lib/jsdom/living/events/EventTarget-impl.js:286:3)
      at HTMLUnknownElementImpl._dispatch 
(node_modules/jsdom/lib/jsdom/living/events/EventTarget-impl.js:233:9)
      at HTMLUnknownElementImpl.dispatchEvent 
(node_modules/jsdom/lib/jsdom/living/events/EventTarget-impl.js:104:17)
      at HTMLUnknownElement.dispatchEvent 
(node_modules/jsdom/lib/jsdom/living/generated/EventTarget.js:241:34)
      at Object.invokeGuardedCallbackDev 
(node_modules/react-dom/cjs/react-dom.development.js:4213:16)
      at invokeGuardedCallback 
(node_modules/react-dom/cjs/react-dom.development.js:4277:31)
      at invokeGuardedCallbackAndCatchFirstError 
(node_modules/react-dom/cjs/react-dom.development.js:4291:25)
      at executeDispatch 
(node_modules/react-dom/cjs/react-dom.development.js:9041:3)
      at processDispatchQueueItemsInOrder 
(node_modules/react-dom/cjs/react-dom.development.js:9073:7)
      at processDispatchQueue 
(node_modules/react-dom/cjs/react-dom.development.js:9086:5)
      at dispatchEventsForPlugins 
(node_modules/react-dom/cjs/react-dom.development.js:9097:3)
      at node_modules/react-dom/cjs/react-dom.development.js:9288:12
      at batchedUpdates$1 
(node_modules/react-dom/cjs/react-dom.development.js:26179:12)
      at batchedUpdates 
(node_modules/react-dom/cjs/react-dom.development.js:3991:12)
      at dispatchEventForPluginEventSystem 
(node_modules/react-dom/cjs/react-dom.development.js:9287:3)
      at dispatchEventWithEnableCapturePhaseSelectiveHydrationWithoutDiscreteEv
entReplay (node_modules/react-dom/cjs/react-dom.development.js:6465:5)
      at dispatchEvent 
(node_modules/react-dom/cjs/react-dom.development.js:6457:5)
      at dispatchDiscreteEvent 
(node_modules/react-dom/cjs/react-dom.development.js:6430:5)
      at HTMLDivElement.callTheUserObjectsOperation 
(node_modules/jsdom/lib/jsdom/living/generated/EventListener.js:26:30)
      at innerInvokeEventListeners 
(node_modules/jsdom/lib/jsdom/living/events/EventTarget-impl.js:350:25)
      at invokeEventListeners 
(node_modules/jsdom/lib/jsdom/living/events/EventTarget-impl.js:286:3)
      at HTMLButtonElementImpl._dispatch 
(node_modules/jsdom/lib/jsdom/living/events/EventTarget-impl.js:233:9)
      at HTMLButtonElementImpl.dispatchEvent 
(node_modules/jsdom/lib/jsdom/living/events/EventTarget-impl.js:104:17)
      at HTMLButtonElement.dispatchEvent 
(node_modules/jsdom/lib/jsdom/living/generated/EventTarget.js:241:34)
      at 
node_modules/@testing-library/user-event/dist/cjs/event/dispatchEvent.js:45:43
      at Object.eventWrapper 
(node_modules/@testing-library/dom/dist/config.js:25:23)
      at Object.wrapEvent 
(node_modules/@testing-library/user-event/dist/cjs/event/wrapEvent.js:6:28)
      at Object.dispatchEvent (node_modules/@testing-library/user-event/dist/cj
s/event/dispatchEvent.js:45:22)
      at Object.dispatchUIEvent (node_modules/@testing-library/user-event/dist/
cjs/event/dispatchEvent.js:22:26)
      at Mouse.up (node_modules/@testing-library/user-event/dist/cjs/system/poi
nter/mouse.js:100:30)
      at PointerHost.release (node_modules/@testing-library/user-event/dist/cjs
/system/pointer/index.js:87:24)
      at pointerAction 
(node_modules/@testing-library/user-event/dist/cjs/pointer/index.js:54:47)
      at Object.pointer 
(node_modules/@testing-library/user-event/dist/cjs/pointer/index.js:27:9)
      at Object.<anonymous> (src/reporting/__tests__/reports.test.tsx:1183:9)

    console.error
      Warning: An update to DashboardConfigurePage inside a test was not 
wrapped in act(...).
      
      When testing, code that causes React state updates should be wrapped 
into act(...):
      
      act(() => {
        /* fire events that update state */
      });
      /* assert on the output */
      
      This ensures that you're testing the behavior the user would see in the 
browser. Learn more at https://reactjs.org/link/wrap-tests-with-act
          at DashboardConfigurePage (C:\Users\samhe\OneDrive\Desktop\Cleaned\fr
ontend\src\reporting\DashboardConfigurePage\DashboardConfigurePage.tsx:107:29)
          at routeContext (C:\Users\samhe\OneDrive\Desktop\Cleaned\frontend\nod
e_modules\react-router\lib\hooks.tsx:658:26)
          at children (C:\Users\samhe\OneDrive\Desktop\Cleaned\frontend\node_mo
dules\react-router\lib\components.tsx:512:3)
          at basenameProp (C:\Users\samhe\OneDrive\Desktop\Cleaned\frontend\nod
e_modules\react-router\lib\components.tsx:421:13)
          at basename (C:\Users\samhe\OneDrive\Desktop\Cleaned\frontend\node_mo
dules\react-router\lib\components.tsx:225:3)

      226 |     function openEditor(slotId: number, sectionId?: number | null) 
{
      227 |         const existing = getWidgetsForSlot(slotId, sectionId)[0]
    > 228 |         setEditor({ slotId, sectionId, widget: existing })
          |         ^
      229 |         setDraftWidget(existing ? normalizeWidget(existing) : 
blankWidget(slotId, sectionId))
      230 |     }
      231 |

      at printWarning 
(node_modules/react-dom/cjs/react-dom.development.js:86:30)
      at error (node_modules/react-dom/cjs/react-dom.development.js:60:7)
      at warnIfUpdatesNotWrappedWithActDEV 
(node_modules/react-dom/cjs/react-dom.development.js:27628:9)
      at scheduleUpdateOnFiber 
(node_modules/react-dom/cjs/react-dom.development.js:25547:5)
      at dispatchSetState 
(node_modules/react-dom/cjs/react-dom.development.js:16708:7)
      at openEditor 
(src/reporting/DashboardConfigurePage/DashboardConfigurePage.tsx:228:9)
      at onClick 
(src/reporting/DashboardConfigurePage/DashboardConfigurePage.tsx:356:56)
      at HTMLUnknownElement.callCallback 
(node_modules/react-dom/cjs/react-dom.development.js:4164:14)
      at HTMLUnknownElement.callTheUserObjectsOperation 
(node_modules/jsdom/lib/jsdom/living/generated/EventListener.js:26:30)
      at innerInvokeEventListeners 
(node_modules/jsdom/lib/jsdom/living/events/EventTarget-impl.js:350:25)
      at invokeEventListeners 
(node_modules/jsdom/lib/jsdom/living/events/EventTarget-impl.js:286:3)
      at HTMLUnknownElementImpl._dispatch 
(node_modules/jsdom/lib/jsdom/living/events/EventTarget-impl.js:233:9)
      at HTMLUnknownElementImpl.dispatchEvent 
(node_modules/jsdom/lib/jsdom/living/events/EventTarget-impl.js:104:17)
      at HTMLUnknownElement.dispatchEvent 
(node_modules/jsdom/lib/jsdom/living/generated/EventTarget.js:241:34)
      at Object.invokeGuardedCallbackDev 
(node_modules/react-dom/cjs/react-dom.development.js:4213:16)
      at invokeGuardedCallback 
(node_modules/react-dom/cjs/react-dom.development.js:4277:31)
      at invokeGuardedCallbackAndCatchFirstError 
(node_modules/react-dom/cjs/react-dom.development.js:4291:25)
      at executeDispatch 
(node_modules/react-dom/cjs/react-dom.development.js:9041:3)
      at processDispatchQueueItemsInOrder 
(node_modules/react-dom/cjs/react-dom.development.js:9073:7)
      at processDispatchQueue 
(node_modules/react-dom/cjs/react-dom.development.js:9086:5)
      at dispatchEventsForPlugins 
(node_modules/react-dom/cjs/react-dom.development.js:9097:3)
      at node_modules/react-dom/cjs/react-dom.development.js:9288:12
      at batchedUpdates$1 
(node_modules/react-dom/cjs/react-dom.development.js:26179:12)
      at batchedUpdates 
(node_modules/react-dom/cjs/react-dom.development.js:3991:12)
      at dispatchEventForPluginEventSystem 
(node_modules/react-dom/cjs/react-dom.development.js:9287:3)
      at dispatchEventWithEnableCapturePhaseSelectiveHydrationWithoutDiscreteEv
entReplay (node_modules/react-dom/cjs/react-dom.development.js:6465:5)
      at dispatchEvent 
(node_modules/react-dom/cjs/react-dom.development.js:6457:5)
      at dispatchDiscreteEvent 
(node_modules/react-dom/cjs/react-dom.development.js:6430:5)
      at HTMLDivElement.callTheUserObjectsOperation 
(node_modules/jsdom/lib/jsdom/living/generated/EventListener.js:26:30)
      at innerInvokeEventListeners 
(node_modules/jsdom/lib/jsdom/living/events/EventTarget-impl.js:350:25)
      at invokeEventListeners 
(node_modules/jsdom/lib/jsdom/living/events/EventTarget-impl.js:286:3)
      at HTMLButtonElementImpl._dispatch 
(node_modules/jsdom/lib/jsdom/living/events/EventTarget-impl.js:233:9)
      at HTMLButtonElementImpl.dispatchEvent 
(node_modules/jsdom/lib/jsdom/living/events/EventTarget-impl.js:104:17)
      at HTMLButtonElement.dispatchEvent 
(node_modules/jsdom/lib/jsdom/living/generated/EventTarget.js:241:34)
      at 
node_modules/@testing-library/user-event/dist/cjs/event/dispatchEvent.js:45:43
      at Object.eventWrapper 
(node_modules/@testing-library/dom/dist/config.js:25:23)
      at Object.wrapEvent 
(node_modules/@testing-library/user-event/dist/cjs/event/wrapEvent.js:6:28)
      at Object.dispatchEvent (node_modules/@testing-library/user-event/dist/cj
s/event/dispatchEvent.js:45:22)
      at Object.dispatchUIEvent (node_modules/@testing-library/user-event/dist/
cjs/event/dispatchEvent.js:22:26)
      at Mouse.up (node_modules/@testing-library/user-event/dist/cjs/system/poi
nter/mouse.js:100:30)
      at PointerHost.release (node_modules/@testing-library/user-event/dist/cjs
/system/pointer/index.js:87:24)
      at pointerAction 
(node_modules/@testing-library/user-event/dist/cjs/pointer/index.js:54:47)
      at Object.pointer 
(node_modules/@testing-library/user-event/dist/cjs/pointer/index.js:27:9)
      at Object.<anonymous> (src/reporting/__tests__/reports.test.tsx:1196:9)

    console.error
      Warning: An update to DashboardConfigurePage inside a test was not 
wrapped in act(...).
      
      When testing, code that causes React state updates should be wrapped 
into act(...):
      
      act(() => {
        /* fire events that update state */
      });
      /* assert on the output */
      
      This ensures that you're testing the behavior the user would see in the 
browser. Learn more at https://reactjs.org/link/wrap-tests-with-act
          at DashboardConfigurePage (C:\Users\samhe\OneDrive\Desktop\Cleaned\fr
ontend\src\reporting\DashboardConfigurePage\DashboardConfigurePage.tsx:107:29)
          at routeContext (C:\Users\samhe\OneDrive\Desktop\Cleaned\frontend\nod
e_modules\react-router\lib\hooks.tsx:658:26)
          at children (C:\Users\samhe\OneDrive\Desktop\Cleaned\frontend\node_mo
dules\react-router\lib\components.tsx:512:3)
          at basenameProp (C:\Users\samhe\OneDrive\Desktop\Cleaned\frontend\nod
e_modules\react-router\lib\components.tsx:421:13)
          at basename (C:\Users\samhe\OneDrive\Desktop\Cleaned\frontend\node_mo
dules\react-router\lib\components.tsx:225:3)

      227 |         const existing = getWidgetsForSlot(slotId, sectionId)[0]
      228 |         setEditor({ slotId, sectionId, widget: existing })
    > 229 |         setDraftWidget(existing ? normalizeWidget(existing) : 
blankWidget(slotId, sectionId))
          |         ^
      230 |     }
      231 |
      232 |     function saveWidgetLocally() {

      at printWarning 
(node_modules/react-dom/cjs/react-dom.development.js:86:30)
      at error (node_modules/react-dom/cjs/react-dom.development.js:60:7)
      at warnIfUpdatesNotWrappedWithActDEV 
(node_modules/react-dom/cjs/react-dom.development.js:27628:9)
      at scheduleUpdateOnFiber 
(node_modules/react-dom/cjs/react-dom.development.js:25547:5)
      at dispatchSetState 
(node_modules/react-dom/cjs/react-dom.development.js:16708:7)
      at openEditor 
(src/reporting/DashboardConfigurePage/DashboardConfigurePage.tsx:229:9)
      at onClick 
(src/reporting/DashboardConfigurePage/DashboardConfigurePage.tsx:356:56)
      at HTMLUnknownElement.callCallback 
(node_modules/react-dom/cjs/react-dom.development.js:4164:14)
      at HTMLUnknownElement.callTheUserObjectsOperation 
(node_modules/jsdom/lib/jsdom/living/generated/EventListener.js:26:30)
      at innerInvokeEventListeners 
(node_modules/jsdom/lib/jsdom/living/events/EventTarget-impl.js:350:25)
      at invokeEventListeners 
(node_modules/jsdom/lib/jsdom/living/events/EventTarget-impl.js:286:3)
      at HTMLUnknownElementImpl._dispatch 
(node_modules/jsdom/lib/jsdom/living/events/EventTarget-impl.js:233:9)
      at HTMLUnknownElementImpl.dispatchEvent 
(node_modules/jsdom/lib/jsdom/living/events/EventTarget-impl.js:104:17)
      at HTMLUnknownElement.dispatchEvent 
(node_modules/jsdom/lib/jsdom/living/generated/EventTarget.js:241:34)
      at Object.invokeGuardedCallbackDev 
(node_modules/react-dom/cjs/react-dom.development.js:4213:16)
      at invokeGuardedCallback 
(node_modules/react-dom/cjs/react-dom.development.js:4277:31)
      at invokeGuardedCallbackAndCatchFirstError 
(node_modules/react-dom/cjs/react-dom.development.js:4291:25)
      at executeDispatch 
(node_modules/react-dom/cjs/react-dom.development.js:9041:3)
      at processDispatchQueueItemsInOrder 
(node_modules/react-dom/cjs/react-dom.development.js:9073:7)
      at processDispatchQueue 
(node_modules/react-dom/cjs/react-dom.development.js:9086:5)
      at dispatchEventsForPlugins 
(node_modules/react-dom/cjs/react-dom.development.js:9097:3)
      at node_modules/react-dom/cjs/react-dom.development.js:9288:12
      at batchedUpdates$1 
(node_modules/react-dom/cjs/react-dom.development.js:26179:12)
      at batchedUpdates 
(node_modules/react-dom/cjs/react-dom.development.js:3991:12)
      at dispatchEventForPluginEventSystem 
(node_modules/react-dom/cjs/react-dom.development.js:9287:3)
      at dispatchEventWithEnableCapturePhaseSelectiveHydrationWithoutDiscreteEv
entReplay (node_modules/react-dom/cjs/react-dom.development.js:6465:5)
      at dispatchEvent 
(node_modules/react-dom/cjs/react-dom.development.js:6457:5)
      at dispatchDiscreteEvent 
(node_modules/react-dom/cjs/react-dom.development.js:6430:5)
      at HTMLDivElement.callTheUserObjectsOperation 
(node_modules/jsdom/lib/jsdom/living/generated/EventListener.js:26:30)
      at innerInvokeEventListeners 
(node_modules/jsdom/lib/jsdom/living/events/EventTarget-impl.js:350:25)
      at invokeEventListeners 
(node_modules/jsdom/lib/jsdom/living/events/EventTarget-impl.js:286:3)
      at HTMLButtonElementImpl._dispatch 
(node_modules/jsdom/lib/jsdom/living/events/EventTarget-impl.js:233:9)
      at HTMLButtonElementImpl.dispatchEvent 
(node_modules/jsdom/lib/jsdom/living/events/EventTarget-impl.js:104:17)
      at HTMLButtonElement.dispatchEvent 
(node_modules/jsdom/lib/jsdom/living/generated/EventTarget.js:241:34)
      at 
node_modules/@testing-library/user-event/dist/cjs/event/dispatchEvent.js:45:43
      at Object.eventWrapper 
(node_modules/@testing-library/dom/dist/config.js:25:23)
      at Object.wrapEvent 
(node_modules/@testing-library/user-event/dist/cjs/event/wrapEvent.js:6:28)
      at Object.dispatchEvent (node_modules/@testing-library/user-event/dist/cj
s/event/dispatchEvent.js:45:22)
      at Object.dispatchUIEvent (node_modules/@testing-library/user-event/dist/
cjs/event/dispatchEvent.js:22:26)
      at Mouse.up (node_modules/@testing-library/user-event/dist/cjs/system/poi
nter/mouse.js:100:30)
      at PointerHost.release (node_modules/@testing-library/user-event/dist/cjs
/system/pointer/index.js:87:24)
      at pointerAction 
(node_modules/@testing-library/user-event/dist/cjs/pointer/index.js:54:47)
      at Object.pointer 
(node_modules/@testing-library/user-event/dist/cjs/pointer/index.js:27:9)
      at Object.<anonymous> (src/reporting/__tests__/reports.test.tsx:1196:9)

    console.error
      Warning: An update to DashboardConfigurePage inside a test was not 
wrapped in act(...).
      
      When testing, code that causes React state updates should be wrapped 
into act(...):
      
      act(() => {
        /* fire events that update state */
      });
      /* assert on the output */
      
      This ensures that you're testing the behavior the user would see in the 
browser. Learn more at https://reactjs.org/link/wrap-tests-with-act
          at DashboardConfigurePage (C:\Users\samhe\OneDrive\Desktop\Cleaned\fr
ontend\src\reporting\DashboardConfigurePage\DashboardConfigurePage.tsx:107:29)
          at routeContext (C:\Users\samhe\OneDrive\Desktop\Cleaned\frontend\nod
e_modules\react-router\lib\hooks.tsx:658:26)
          at children (C:\Users\samhe\OneDrive\Desktop\Cleaned\frontend\node_mo
dules\react-router\lib\components.tsx:512:3)
          at basenameProp (C:\Users\samhe\OneDrive\Desktop\Cleaned\frontend\nod
e_modules\react-router\lib\components.tsx:421:13)
          at basename (C:\Users\samhe\OneDrive\Desktop\Cleaned\frontend\node_mo
dules\react-router\lib\components.tsx:225:3)

      452 |                                         type="text"
      453 |                                         value={draftWidget.title}
    > 454 |                                         onChange={(e) => 
setDraftWidget((prev) => prev ? { ...prev, title: e.target.value } : prev)}
          |                                                          ^
      455 |                                         className="border 
border-gray-300 rounded px-3 py-2 text-sm"
      456 |                                     />
      457 |                                 </div>

      at printWarning 
(node_modules/react-dom/cjs/react-dom.development.js:86:30)
      at error (node_modules/react-dom/cjs/react-dom.development.js:60:7)
      at warnIfUpdatesNotWrappedWithActDEV 
(node_modules/react-dom/cjs/react-dom.development.js:27628:9)
      at scheduleUpdateOnFiber 
(node_modules/react-dom/cjs/react-dom.development.js:25547:5)
      at dispatchSetState 
(node_modules/react-dom/cjs/react-dom.development.js:16708:7)
      at onChange 
(src/reporting/DashboardConfigurePage/DashboardConfigurePage.tsx:454:58)
      at HTMLUnknownElement.callCallback 
(node_modules/react-dom/cjs/react-dom.development.js:4164:14)
      at HTMLUnknownElement.callTheUserObjectsOperation 
(node_modules/jsdom/lib/jsdom/living/generated/EventListener.js:26:30)
      at innerInvokeEventListeners 
(node_modules/jsdom/lib/jsdom/living/events/EventTarget-impl.js:350:25)
      at invokeEventListeners 
(node_modules/jsdom/lib/jsdom/living/events/EventTarget-impl.js:286:3)
      at HTMLUnknownElementImpl._dispatch 
(node_modules/jsdom/lib/jsdom/living/events/EventTarget-impl.js:233:9)
      at HTMLUnknownElementImpl.dispatchEvent 
(node_modules/jsdom/lib/jsdom/living/events/EventTarget-impl.js:104:17)
      at HTMLUnknownElement.dispatchEvent 
(node_modules/jsdom/lib/jsdom/living/generated/EventTarget.js:241:34)
      at Object.invokeGuardedCallbackDev 
(node_modules/react-dom/cjs/react-dom.development.js:4213:16)
      at invokeGuardedCallback 
(node_modules/react-dom/cjs/react-dom.development.js:4277:31)
      at invokeGuardedCallbackAndCatchFirstError 
(node_modules/react-dom/cjs/react-dom.development.js:4291:25)
      at executeDispatch 
(node_modules/react-dom/cjs/react-dom.development.js:9041:3)
      at processDispatchQueueItemsInOrder 
(node_modules/react-dom/cjs/react-dom.development.js:9073:7)
      at processDispatchQueue 
(node_modules/react-dom/cjs/react-dom.development.js:9086:5)
      at dispatchEventsForPlugins 
(node_modules/react-dom/cjs/react-dom.development.js:9097:3)
      at node_modules/react-dom/cjs/react-dom.development.js:9288:12
      at batchedUpdates$1 
(node_modules/react-dom/cjs/react-dom.development.js:26179:12)
      at batchedUpdates 
(node_modules/react-dom/cjs/react-dom.development.js:3991:12)
      at dispatchEventForPluginEventSystem 
(node_modules/react-dom/cjs/react-dom.development.js:9287:3)
      at dispatchEventWithEnableCapturePhaseSelectiveHydrationWithoutDiscreteEv
entReplay (node_modules/react-dom/cjs/react-dom.development.js:6465:5)
      at dispatchEvent 
(node_modules/react-dom/cjs/react-dom.development.js:6457:5)
      at dispatchDiscreteEvent 
(node_modules/react-dom/cjs/react-dom.development.js:6430:5)
      at HTMLDivElement.callTheUserObjectsOperation 
(node_modules/jsdom/lib/jsdom/living/generated/EventListener.js:26:30)
      at innerInvokeEventListeners 
(node_modules/jsdom/lib/jsdom/living/events/EventTarget-impl.js:350:25)
      at invokeEventListeners 
(node_modules/jsdom/lib/jsdom/living/events/EventTarget-impl.js:286:3)
      at HTMLInputElementImpl._dispatch 
(node_modules/jsdom/lib/jsdom/living/events/EventTarget-impl.js:233:9)
      at HTMLInputElementImpl.dispatchEvent 
(node_modules/jsdom/lib/jsdom/living/events/EventTarget-impl.js:104:17)
      at HTMLInputElement.dispatchEvent 
(node_modules/jsdom/lib/jsdom/living/generated/EventTarget.js:241:34)
      at 
node_modules/@testing-library/user-event/dist/cjs/event/dispatchEvent.js:45:43
      at Object.eventWrapper 
(node_modules/@testing-library/dom/dist/config.js:25:23)
      at Object.wrapEvent 
(node_modules/@testing-library/user-event/dist/cjs/event/wrapEvent.js:6:28)
      at Object.dispatchEvent (node_modules/@testing-library/user-event/dist/cj
s/event/dispatchEvent.js:45:22)
      at Object.dispatchUIEvent (node_modules/@testing-library/user-event/dist/
cjs/event/dispatchEvent.js:22:26)
      at commitInput 
(node_modules/@testing-library/user-event/dist/cjs/event/input.js:145:14)
      at editInputElement 
(node_modules/@testing-library/user-event/dist/cjs/event/input.js:115:9)
      at Object.input 
(node_modules/@testing-library/user-event/dist/cjs/event/input.js:37:9)
      at node_modules/@testing-library/user-event/dist/cjs/event/behavior/keypr
ess.js:31:26
      at Object.dispatchEvent (node_modules/@testing-library/user-event/dist/cj
s/event/dispatchEvent.js:41:13)
      at Object.dispatchUIEvent (node_modules/@testing-library/user-event/dist/
cjs/event/dispatchEvent.js:22:26)
      at KeyboardHost.keydown 
(node_modules/@testing-library/user-event/dist/cjs/system/keyboard.js:76:22)
      at keyboardAction 
(node_modules/@testing-library/user-event/dist/cjs/keyboard/index.js:22:35)
      at Object.keyboard 
(node_modules/@testing-library/user-event/dist/cjs/keyboard/index.js:11:15)
      at Object.type 
(node_modules/@testing-library/user-event/dist/cjs/utility/type.js:17:5)
      at Object.<anonymous> (src/reporting/__tests__/reports.test.tsx:1197:9)

    console.error
      Warning: An update to DashboardConfigurePage inside a test was not 
wrapped in act(...).
      
      When testing, code that causes React state updates should be wrapped 
into act(...):
      
      act(() => {
        /* fire events that update state */
      });
      /* assert on the output */
      
      This ensures that you're testing the behavior the user would see in the 
browser. Learn more at https://reactjs.org/link/wrap-tests-with-act
          at DashboardConfigurePage (C:\Users\samhe\OneDrive\Desktop\Cleaned\fr
ontend\src\reporting\DashboardConfigurePage\DashboardConfigurePage.tsx:107:29)
          at routeContext (C:\Users\samhe\OneDrive\Desktop\Cleaned\frontend\nod
e_modules\react-router\lib\hooks.tsx:658:26)
          at children (C:\Users\samhe\OneDrive\Desktop\Cleaned\frontend\node_mo
dules\react-router\lib\components.tsx:512:3)
          at basenameProp (C:\Users\samhe\OneDrive\Desktop\Cleaned\frontend\nod
e_modules\react-router\lib\components.tsx:421:13)
          at basename (C:\Users\samhe\OneDrive\Desktop\Cleaned\frontend\node_mo
dules\react-router\lib\components.tsx:225:3)

      452 |                                         type="text"
      453 |                                         value={draftWidget.title}
    > 454 |                                         onChange={(e) => 
setDraftWidget((prev) => prev ? { ...prev, title: e.target.value } : prev)}
          |                                                          ^
      455 |                                         className="border 
border-gray-300 rounded px-3 py-2 text-sm"
      456 |                                     />
      457 |                                 </div>

      at printWarning 
(node_modules/react-dom/cjs/react-dom.development.js:86:30)
      at error (node_modules/react-dom/cjs/react-dom.development.js:60:7)
      at warnIfUpdatesNotWrappedWithActDEV 
(node_modules/react-dom/cjs/react-dom.development.js:27628:9)
      at scheduleUpdateOnFiber 
(node_modules/react-dom/cjs/react-dom.development.js:25547:5)
      at dispatchSetState 
(node_modules/react-dom/cjs/react-dom.development.js:16708:7)
      at onChange 
(src/reporting/DashboardConfigurePage/DashboardConfigurePage.tsx:454:58)
      at HTMLUnknownElement.callCallback 
(node_modules/react-dom/cjs/react-dom.development.js:4164:14)
      at HTMLUnknownElement.callTheUserObjectsOperation 
(node_modules/jsdom/lib/jsdom/living/generated/EventListener.js:26:30)
      at innerInvokeEventListeners 
(node_modules/jsdom/lib/jsdom/living/events/EventTarget-impl.js:350:25)
      at invokeEventListeners 
(node_modules/jsdom/lib/jsdom/living/events/EventTarget-impl.js:286:3)
      at HTMLUnknownElementImpl._dispatch 
(node_modules/jsdom/lib/jsdom/living/events/EventTarget-impl.js:233:9)
      at HTMLUnknownElementImpl.dispatchEvent 
(node_modules/jsdom/lib/jsdom/living/events/EventTarget-impl.js:104:17)
      at HTMLUnknownElement.dispatchEvent 
(node_modules/jsdom/lib/jsdom/living/generated/EventTarget.js:241:34)
      at Object.invokeGuardedCallbackDev 
(node_modules/react-dom/cjs/react-dom.development.js:4213:16)
      at invokeGuardedCallback 
(node_modules/react-dom/cjs/react-dom.development.js:4277:31)
      at invokeGuardedCallbackAndCatchFirstError 
(node_modules/react-dom/cjs/react-dom.development.js:4291:25)
      at executeDispatch 
(node_modules/react-dom/cjs/react-dom.development.js:9041:3)
      at processDispatchQueueItemsInOrder 
(node_modules/react-dom/cjs/react-dom.development.js:9073:7)
      at processDispatchQueue 
(node_modules/react-dom/cjs/react-dom.development.js:9086:5)
      at dispatchEventsForPlugins 
(node_modules/react-dom/cjs/react-dom.development.js:9097:3)
      at node_modules/react-dom/cjs/react-dom.development.js:9288:12
      at batchedUpdates$1 
(node_modules/react-dom/cjs/react-dom.development.js:26179:12)
      at batchedUpdates 
(node_modules/react-dom/cjs/react-dom.development.js:3991:12)
      at dispatchEventForPluginEventSystem 
(node_modules/react-dom/cjs/react-dom.development.js:9287:3)
      at dispatchEventWithEnableCapturePhaseSelectiveHydrationWithoutDiscreteEv
entReplay (node_modules/react-dom/cjs/react-dom.development.js:6465:5)
      at dispatchEvent 
(node_modules/react-dom/cjs/react-dom.development.js:6457:5)
      at dispatchDiscreteEvent 
(node_modules/react-dom/cjs/react-dom.development.js:6430:5)
      at HTMLDivElement.callTheUserObjectsOperation 
(node_modules/jsdom/lib/jsdom/living/generated/EventListener.js:26:30)
      at innerInvokeEventListeners 
(node_modules/jsdom/lib/jsdom/living/events/EventTarget-impl.js:350:25)
      at invokeEventListeners 
(node_modules/jsdom/lib/jsdom/living/events/EventTarget-impl.js:286:3)
      at HTMLInputElementImpl._dispatch 
(node_modules/jsdom/lib/jsdom/living/events/EventTarget-impl.js:233:9)
      at HTMLInputElementImpl.dispatchEvent 
(node_modules/jsdom/lib/jsdom/living/events/EventTarget-impl.js:104:17)
      at HTMLInputElement.dispatchEvent 
(node_modules/jsdom/lib/jsdom/living/generated/EventTarget.js:241:34)
      at 
node_modules/@testing-library/user-event/dist/cjs/event/dispatchEvent.js:45:43
      at Object.eventWrapper 
(node_modules/@testing-library/dom/dist/config.js:25:23)
      at Object.wrapEvent 
(node_modules/@testing-library/user-event/dist/cjs/event/wrapEvent.js:6:28)
      at Object.dispatchEvent (node_modules/@testing-library/user-event/dist/cj
s/event/dispatchEvent.js:45:22)
      at Object.dispatchUIEvent (node_modules/@testing-library/user-event/dist/
cjs/event/dispatchEvent.js:22:26)
      at commitInput 
(node_modules/@testing-library/user-event/dist/cjs/event/input.js:145:14)
      at editInputElement 
(node_modules/@testing-library/user-event/dist/cjs/event/input.js:115:9)
      at Object.input 
(node_modules/@testing-library/user-event/dist/cjs/event/input.js:37:9)
      at node_modules/@testing-library/user-event/dist/cjs/event/behavior/keypr
ess.js:31:26
      at Object.dispatchEvent (node_modules/@testing-library/user-event/dist/cj
s/event/dispatchEvent.js:41:13)
      at Object.dispatchUIEvent (node_modules/@testing-library/user-event/dist/
cjs/event/dispatchEvent.js:22:26)
      at KeyboardHost.keydown 
(node_modules/@testing-library/user-event/dist/cjs/system/keyboard.js:76:22)
      at keyboardAction 
(node_modules/@testing-library/user-event/dist/cjs/keyboard/index.js:22:35)
      at Object.keyboard 
(node_modules/@testing-library/user-event/dist/cjs/keyboard/index.js:11:15)
      at Object.type 
(node_modules/@testing-library/user-event/dist/cjs/utility/type.js:17:5)
      at Object.<anonymous> (src/reporting/__tests__/reports.test.tsx:1197:9)

    console.error
      Warning: An update to DashboardConfigurePage inside a test was not 
wrapped in act(...).
      
      When testing, code that causes React state updates should be wrapped 
into act(...):
      
      act(() => {
        /* fire events that update state */
      });
      /* assert on the output */
      
      This ensures that you're testing the behavior the user would see in the 
browser. Learn more at https://reactjs.org/link/wrap-tests-with-act
          at DashboardConfigurePage (C:\Users\samhe\OneDrive\Desktop\Cleaned\fr
ontend\src\reporting\DashboardConfigurePage\DashboardConfigurePage.tsx:107:29)
          at routeContext (C:\Users\samhe\OneDrive\Desktop\Cleaned\frontend\nod
e_modules\react-router\lib\hooks.tsx:658:26)
          at children (C:\Users\samhe\OneDrive\Desktop\Cleaned\frontend\node_mo
dules\react-router\lib\components.tsx:512:3)
          at basenameProp (C:\Users\samhe\OneDrive\Desktop\Cleaned\frontend\nod
e_modules\react-router\lib\components.tsx:421:13)
          at basename (C:\Users\samhe\OneDrive\Desktop\Cleaned\frontend\node_mo
dules\react-router\lib\components.tsx:225:3)

      452 |                                         type="text"
      453 |                                         value={draftWidget.title}
    > 454 |                                         onChange={(e) => 
setDraftWidget((prev) => prev ? { ...prev, title: e.target.value } : prev)}
          |                                                          ^
      455 |                                         className="border 
border-gray-300 rounded px-3 py-2 text-sm"
      456 |                                     />
      457 |                                 </div>

      at printWarning 
(node_modules/react-dom/cjs/react-dom.development.js:86:30)
      at error (node_modules/react-dom/cjs/react-dom.development.js:60:7)
      at warnIfUpdatesNotWrappedWithActDEV 
(node_modules/react-dom/cjs/react-dom.development.js:27628:9)
      at scheduleUpdateOnFiber 
(node_modules/react-dom/cjs/react-dom.development.js:25547:5)
      at dispatchSetState 
(node_modules/react-dom/cjs/react-dom.development.js:16708:7)
      at onChange 
(src/reporting/DashboardConfigurePage/DashboardConfigurePage.tsx:454:58)
      at HTMLUnknownElement.callCallback 
(node_modules/react-dom/cjs/react-dom.development.js:4164:14)
      at HTMLUnknownElement.callTheUserObjectsOperation 
(node_modules/jsdom/lib/jsdom/living/generated/EventListener.js:26:30)
      at innerInvokeEventListeners 
(node_modules/jsdom/lib/jsdom/living/events/EventTarget-impl.js:350:25)
      at invokeEventListeners 
(node_modules/jsdom/lib/jsdom/living/events/EventTarget-impl.js:286:3)
      at HTMLUnknownElementImpl._dispatch 
(node_modules/jsdom/lib/jsdom/living/events/EventTarget-impl.js:233:9)
      at HTMLUnknownElementImpl.dispatchEvent 
(node_modules/jsdom/lib/jsdom/living/events/EventTarget-impl.js:104:17)
      at HTMLUnknownElement.dispatchEvent 
(node_modules/jsdom/lib/jsdom/living/generated/EventTarget.js:241:34)
      at Object.invokeGuardedCallbackDev 
(node_modules/react-dom/cjs/react-dom.development.js:4213:16)
      at invokeGuardedCallback 
(node_modules/react-dom/cjs/react-dom.development.js:4277:31)
      at invokeGuardedCallbackAndCatchFirstError 
(node_modules/react-dom/cjs/react-dom.development.js:4291:25)
      at executeDispatch 
(node_modules/react-dom/cjs/react-dom.development.js:9041:3)
      at processDispatchQueueItemsInOrder 
(node_modules/react-dom/cjs/react-dom.development.js:9073:7)
      at processDispatchQueue 
(node_modules/react-dom/cjs/react-dom.development.js:9086:5)
      at dispatchEventsForPlugins 
(node_modules/react-dom/cjs/react-dom.development.js:9097:3)
      at node_modules/react-dom/cjs/react-dom.development.js:9288:12
      at batchedUpdates$1 
(node_modules/react-dom/cjs/react-dom.development.js:26179:12)
      at batchedUpdates 
(node_modules/react-dom/cjs/react-dom.development.js:3991:12)
      at dispatchEventForPluginEventSystem 
(node_modules/react-dom/cjs/react-dom.development.js:9287:3)
      at dispatchEventWithEnableCapturePhaseSelectiveHydrationWithoutDiscreteEv
entReplay (node_modules/react-dom/cjs/react-dom.development.js:6465:5)
      at dispatchEvent 
(node_modules/react-dom/cjs/react-dom.development.js:6457:5)
      at dispatchDiscreteEvent 
(node_modules/react-dom/cjs/react-dom.development.js:6430:5)
      at HTMLDivElement.callTheUserObjectsOperation 
(node_modules/jsdom/lib/jsdom/living/generated/EventListener.js:26:30)
      at innerInvokeEventListeners 
(node_modules/jsdom/lib/jsdom/living/events/EventTarget-impl.js:350:25)
      at invokeEventListeners 
(node_modules/jsdom/lib/jsdom/living/events/EventTarget-impl.js:286:3)
      at HTMLInputElementImpl._dispatch 
(node_modules/jsdom/lib/jsdom/living/events/EventTarget-impl.js:233:9)
      at HTMLInputElementImpl.dispatchEvent 
(node_modules/jsdom/lib/jsdom/living/events/EventTarget-impl.js:104:17)
      at HTMLInputElement.dispatchEvent 
(node_modules/jsdom/lib/jsdom/living/generated/EventTarget.js:241:34)
      at 
node_modules/@testing-library/user-event/dist/cjs/event/dispatchEvent.js:45:43
      at Object.eventWrapper 
(node_modules/@testing-library/dom/dist/config.js:25:23)
      at Object.wrapEvent 
(node_modules/@testing-library/user-event/dist/cjs/event/wrapEvent.js:6:28)
      at Object.dispatchEvent (node_modules/@testing-library/user-event/dist/cj
s/event/dispatchEvent.js:45:22)
      at Object.dispatchUIEvent (node_modules/@testing-library/user-event/dist/
cjs/event/dispatchEvent.js:22:26)
      at commitInput 
(node_modules/@testing-library/user-event/dist/cjs/event/input.js:145:14)
      at editInputElement 
(node_modules/@testing-library/user-event/dist/cjs/event/input.js:115:9)
      at Object.input 
(node_modules/@testing-library/user-event/dist/cjs/event/input.js:37:9)
      at node_modules/@testing-library/user-event/dist/cjs/event/behavior/keypr
ess.js:31:26
      at Object.dispatchEvent (node_modules/@testing-library/user-event/dist/cj
s/event/dispatchEvent.js:41:13)
      at Object.dispatchUIEvent (node_modules/@testing-library/user-event/dist/
cjs/event/dispatchEvent.js:22:26)
      at KeyboardHost.keydown 
(node_modules/@testing-library/user-event/dist/cjs/system/keyboard.js:76:22)
      at keyboardAction 
(node_modules/@testing-library/user-event/dist/cjs/keyboard/index.js:22:35)
      at Object.keyboard 
(node_modules/@testing-library/user-event/dist/cjs/keyboard/index.js:11:15)
      at Object.type 
(node_modules/@testing-library/user-event/dist/cjs/utility/type.js:17:5)
      at Object.<anonymous> (src/reporting/__tests__/reports.test.tsx:1197:9)

    console.error
      Warning: An update to DashboardConfigurePage inside a test was not 
wrapped in act(...).
      
      When testing, code that causes React state updates should be wrapped 
into act(...):
      
      act(() => {
        /* fire events that update state */
      });
      /* assert on the output */
      
      This ensures that you're testing the behavior the user would see in the 
browser. Learn more at https://reactjs.org/link/wrap-tests-with-act
          at DashboardConfigurePage (C:\Users\samhe\OneDrive\Desktop\Cleaned\fr
ontend\src\reporting\DashboardConfigurePage\DashboardConfigurePage.tsx:107:29)
          at routeContext (C:\Users\samhe\OneDrive\Desktop\Cleaned\frontend\nod
e_modules\react-router\lib\hooks.tsx:658:26)
          at children (C:\Users\samhe\OneDrive\Desktop\Cleaned\frontend\node_mo
dules\react-router\lib\components.tsx:512:3)
          at basenameProp (C:\Users\samhe\OneDrive\Desktop\Cleaned\frontend\nod
e_modules\react-router\lib\components.tsx:421:13)
          at basename (C:\Users\samhe\OneDrive\Desktop\Cleaned\frontend\node_mo
dules\react-router\lib\components.tsx:225:3)

      452 |                                         type="text"
      453 |                                         value={draftWidget.title}
    > 454 |                                         onChange={(e) => 
setDraftWidget((prev) => prev ? { ...prev, title: e.target.value } : prev)}
          |                                                          ^
      455 |                                         className="border 
border-gray-300 rounded px-3 py-2 text-sm"
      456 |                                     />
      457 |                                 </div>

      at printWarning 
(node_modules/react-dom/cjs/react-dom.development.js:86:30)
      at error (node_modules/react-dom/cjs/react-dom.development.js:60:7)
      at warnIfUpdatesNotWrappedWithActDEV 
(node_modules/react-dom/cjs/react-dom.development.js:27628:9)
      at scheduleUpdateOnFiber 
(node_modules/react-dom/cjs/react-dom.development.js:25547:5)
      at dispatchSetState 
(node_modules/react-dom/cjs/react-dom.development.js:16708:7)
      at onChange 
(src/reporting/DashboardConfigurePage/DashboardConfigurePage.tsx:454:58)
      at HTMLUnknownElement.callCallback 
(node_modules/react-dom/cjs/react-dom.development.js:4164:14)
      at HTMLUnknownElement.callTheUserObjectsOperation 
(node_modules/jsdom/lib/jsdom/living/generated/EventListener.js:26:30)
      at innerInvokeEventListeners 
(node_modules/jsdom/lib/jsdom/living/events/EventTarget-impl.js:350:25)
      at invokeEventListeners 
(node_modules/jsdom/lib/jsdom/living/events/EventTarget-impl.js:286:3)
      at HTMLUnknownElementImpl._dispatch 
(node_modules/jsdom/lib/jsdom/living/events/EventTarget-impl.js:233:9)
      at HTMLUnknownElementImpl.dispatchEvent 
(node_modules/jsdom/lib/jsdom/living/events/EventTarget-impl.js:104:17)
      at HTMLUnknownElement.dispatchEvent 
(node_modules/jsdom/lib/jsdom/living/generated/EventTarget.js:241:34)
      at Object.invokeGuardedCallbackDev 
(node_modules/react-dom/cjs/react-dom.development.js:4213:16)
      at invokeGuardedCallback 
(node_modules/react-dom/cjs/react-dom.development.js:4277:31)
      at invokeGuardedCallbackAndCatchFirstError 
(node_modules/react-dom/cjs/react-dom.development.js:4291:25)
      at executeDispatch 
(node_modules/react-dom/cjs/react-dom.development.js:9041:3)
      at processDispatchQueueItemsInOrder 
(node_modules/react-dom/cjs/react-dom.development.js:9073:7)
      at processDispatchQueue 
(node_modules/react-dom/cjs/react-dom.development.js:9086:5)
      at dispatchEventsForPlugins 
(node_modules/react-dom/cjs/react-dom.development.js:9097:3)
      at node_modules/react-dom/cjs/react-dom.development.js:9288:12
      at batchedUpdates$1 
(node_modules/react-dom/cjs/react-dom.development.js:26179:12)
      at batchedUpdates 
(node_modules/react-dom/cjs/react-dom.development.js:3991:12)
      at dispatchEventForPluginEventSystem 
(node_modules/react-dom/cjs/react-dom.development.js:9287:3)
      at dispatchEventWithEnableCapturePhaseSelectiveHydrationWithoutDiscreteEv
entReplay (node_modules/react-dom/cjs/react-dom.development.js:6465:5)
      at dispatchEvent 
(node_modules/react-dom/cjs/react-dom.development.js:6457:5)
      at dispatchDiscreteEvent 
(node_modules/react-dom/cjs/react-dom.development.js:6430:5)
      at HTMLDivElement.callTheUserObjectsOperation 
(node_modules/jsdom/lib/jsdom/living/generated/EventListener.js:26:30)
      at innerInvokeEventListeners 
(node_modules/jsdom/lib/jsdom/living/events/EventTarget-impl.js:350:25)
      at invokeEventListeners 
(node_modules/jsdom/lib/jsdom/living/events/EventTarget-impl.js:286:3)
      at HTMLInputElementImpl._dispatch 
(node_modules/jsdom/lib/jsdom/living/events/EventTarget-impl.js:233:9)
      at HTMLInputElementImpl.dispatchEvent 
(node_modules/jsdom/lib/jsdom/living/events/EventTarget-impl.js:104:17)
      at HTMLInputElement.dispatchEvent 
(node_modules/jsdom/lib/jsdom/living/generated/EventTarget.js:241:34)
      at 
node_modules/@testing-library/user-event/dist/cjs/event/dispatchEvent.js:45:43
      at Object.eventWrapper 
(node_modules/@testing-library/dom/dist/config.js:25:23)
      at Object.wrapEvent 
(node_modules/@testing-library/user-event/dist/cjs/event/wrapEvent.js:6:28)
      at Object.dispatchEvent (node_modules/@testing-library/user-event/dist/cj
s/event/dispatchEvent.js:45:22)
      at Object.dispatchUIEvent (node_modules/@testing-library/user-event/dist/
cjs/event/dispatchEvent.js:22:26)
      at commitInput 
(node_modules/@testing-library/user-event/dist/cjs/event/input.js:145:14)
      at editInputElement 
(node_modules/@testing-library/user-event/dist/cjs/event/input.js:115:9)
      at Object.input 
(node_modules/@testing-library/user-event/dist/cjs/event/input.js:37:9)
      at node_modules/@testing-library/user-event/dist/cjs/event/behavior/keypr
ess.js:31:26
      at Object.dispatchEvent (node_modules/@testing-library/user-event/dist/cj
s/event/dispatchEvent.js:41:13)
      at Object.dispatchUIEvent (node_modules/@testing-library/user-event/dist/
cjs/event/dispatchEvent.js:22:26)
      at KeyboardHost.keydown 
(node_modules/@testing-library/user-event/dist/cjs/system/keyboard.js:76:22)
      at keyboardAction 
(node_modules/@testing-library/user-event/dist/cjs/keyboard/index.js:22:35)
      at Object.keyboard 
(node_modules/@testing-library/user-event/dist/cjs/keyboard/index.js:11:15)
      at Object.type 
(node_modules/@testing-library/user-event/dist/cjs/utility/type.js:17:5)
      at Object.<anonymous> (src/reporting/__tests__/reports.test.tsx:1197:9)

    console.error
      Warning: An update to DashboardConfigurePage inside a test was not 
wrapped in act(...).
      
      When testing, code that causes React state updates should be wrapped 
into act(...):
      
      act(() => {
        /* fire events that update state */
      });
      /* assert on the output */
      
      This ensures that you're testing the behavior the user would see in the 
browser. Learn more at https://reactjs.org/link/wrap-tests-with-act
          at DashboardConfigurePage (C:\Users\samhe\OneDrive\Desktop\Cleaned\fr
ontend\src\reporting\DashboardConfigurePage\DashboardConfigurePage.tsx:107:29)
          at routeContext (C:\Users\samhe\OneDrive\Desktop\Cleaned\frontend\nod
e_modules\react-router\lib\hooks.tsx:658:26)
          at children (C:\Users\samhe\OneDrive\Desktop\Cleaned\frontend\node_mo
dules\react-router\lib\components.tsx:512:3)
          at basenameProp (C:\Users\samhe\OneDrive\Desktop\Cleaned\frontend\nod
e_modules\react-router\lib\components.tsx:421:13)
          at basename (C:\Users\samhe\OneDrive\Desktop\Cleaned\frontend\node_mo
dules\react-router\lib\components.tsx:225:3)

      452 |                                         type="text"
      453 |                                         value={draftWidget.title}
    > 454 |                                         onChange={(e) => 
setDraftWidget((prev) => prev ? { ...prev, title: e.target.value } : prev)}
          |                                                          ^
      455 |                                         className="border 
border-gray-300 rounded px-3 py-2 text-sm"
      456 |                                     />
      457 |                                 </div>

      at printWarning 
(node_modules/react-dom/cjs/react-dom.development.js:86:30)
      at error (node_modules/react-dom/cjs/react-dom.development.js:60:7)
      at warnIfUpdatesNotWrappedWithActDEV 
(node_modules/react-dom/cjs/react-dom.development.js:27628:9)
      at scheduleUpdateOnFiber 
(node_modules/react-dom/cjs/react-dom.development.js:25547:5)
      at dispatchSetState 
(node_modules/react-dom/cjs/react-dom.development.js:16708:7)
      at onChange 
(src/reporting/DashboardConfigurePage/DashboardConfigurePage.tsx:454:58)
      at HTMLUnknownElement.callCallback 
(node_modules/react-dom/cjs/react-dom.development.js:4164:14)
      at HTMLUnknownElement.callTheUserObjectsOperation 
(node_modules/jsdom/lib/jsdom/living/generated/EventListener.js:26:30)
      at innerInvokeEventListeners 
(node_modules/jsdom/lib/jsdom/living/events/EventTarget-impl.js:350:25)
      at invokeEventListeners 
(node_modules/jsdom/lib/jsdom/living/events/EventTarget-impl.js:286:3)
      at HTMLUnknownElementImpl._dispatch 
(node_modules/jsdom/lib/jsdom/living/events/EventTarget-impl.js:233:9)
      at HTMLUnknownElementImpl.dispatchEvent 
(node_modules/jsdom/lib/jsdom/living/events/EventTarget-impl.js:104:17)
      at HTMLUnknownElement.dispatchEvent 
(node_modules/jsdom/lib/jsdom/living/generated/EventTarget.js:241:34)
      at Object.invokeGuardedCallbackDev 
(node_modules/react-dom/cjs/react-dom.development.js:4213:16)
      at invokeGuardedCallback 
(node_modules/react-dom/cjs/react-dom.development.js:4277:31)
      at invokeGuardedCallbackAndCatchFirstError 
(node_modules/react-dom/cjs/react-dom.development.js:4291:25)
      at executeDispatch 
(node_modules/react-dom/cjs/react-dom.development.js:9041:3)
      at processDispatchQueueItemsInOrder 
(node_modules/react-dom/cjs/react-dom.development.js:9073:7)
      at processDispatchQueue 
(node_modules/react-dom/cjs/react-dom.development.js:9086:5)
      at dispatchEventsForPlugins 
(node_modules/react-dom/cjs/react-dom.development.js:9097:3)
      at node_modules/react-dom/cjs/react-dom.development.js:9288:12
      at batchedUpdates$1 
(node_modules/react-dom/cjs/react-dom.development.js:26179:12)
      at batchedUpdates 
(node_modules/react-dom/cjs/react-dom.development.js:3991:12)
      at dispatchEventForPluginEventSystem 
(node_modules/react-dom/cjs/react-dom.development.js:9287:3)
      at dispatchEventWithEnableCapturePhaseSelectiveHydrationWithoutDiscreteEv
entReplay (node_modules/react-dom/cjs/react-dom.development.js:6465:5)
      at dispatchEvent 
(node_modules/react-dom/cjs/react-dom.development.js:6457:5)
      at dispatchDiscreteEvent 
(node_modules/react-dom/cjs/react-dom.development.js:6430:5)
      at HTMLDivElement.callTheUserObjectsOperation 
(node_modules/jsdom/lib/jsdom/living/generated/EventListener.js:26:30)
      at innerInvokeEventListeners 
(node_modules/jsdom/lib/jsdom/living/events/EventTarget-impl.js:350:25)
      at invokeEventListeners 
(node_modules/jsdom/lib/jsdom/living/events/EventTarget-impl.js:286:3)
      at HTMLInputElementImpl._dispatch 
(node_modules/jsdom/lib/jsdom/living/events/EventTarget-impl.js:233:9)
      at HTMLInputElementImpl.dispatchEvent 
(node_modules/jsdom/lib/jsdom/living/events/EventTarget-impl.js:104:17)
      at HTMLInputElement.dispatchEvent 
(node_modules/jsdom/lib/jsdom/living/generated/EventTarget.js:241:34)
      at 
node_modules/@testing-library/user-event/dist/cjs/event/dispatchEvent.js:45:43
      at Object.eventWrapper 
(node_modules/@testing-library/dom/dist/config.js:25:23)
      at Object.wrapEvent 
(node_modules/@testing-library/user-event/dist/cjs/event/wrapEvent.js:6:28)
      at Object.dispatchEvent (node_modules/@testing-library/user-event/dist/cj
s/event/dispatchEvent.js:45:22)
      at Object.dispatchUIEvent (node_modules/@testing-library/user-event/dist/
cjs/event/dispatchEvent.js:22:26)
      at commitInput 
(node_modules/@testing-library/user-event/dist/cjs/event/input.js:145:14)
      at editInputElement 
(node_modules/@testing-library/user-event/dist/cjs/event/input.js:115:9)
      at Object.input 
(node_modules/@testing-library/user-event/dist/cjs/event/input.js:37:9)
      at node_modules/@testing-library/user-event/dist/cjs/event/behavior/keypr
ess.js:31:26
      at Object.dispatchEvent (node_modules/@testing-library/user-event/dist/cj
s/event/dispatchEvent.js:41:13)
      at Object.dispatchUIEvent (node_modules/@testing-library/user-event/dist/
cjs/event/dispatchEvent.js:22:26)
      at KeyboardHost.keydown 
(node_modules/@testing-library/user-event/dist/cjs/system/keyboard.js:76:22)
      at keyboardAction 
(node_modules/@testing-library/user-event/dist/cjs/keyboard/index.js:22:35)
      at Object.keyboard 
(node_modules/@testing-library/user-event/dist/cjs/keyboard/index.js:11:15)
      at Object.type 
(node_modules/@testing-library/user-event/dist/cjs/utility/type.js:17:5)
      at Object.<anonymous> (src/reporting/__tests__/reports.test.tsx:1197:9)

    console.error
      Warning: An update to DashboardConfigurePage inside a test was not 
wrapped in act(...).
      
      When testing, code that causes React state updates should be wrapped 
into act(...):
      
      act(() => {
        /* fire events that update state */
      });
      /* assert on the output */
      
      This ensures that you're testing the behavior the user would see in the 
browser. Learn more at https://reactjs.org/link/wrap-tests-with-act
          at DashboardConfigurePage (C:\Users\samhe\OneDrive\Desktop\Cleaned\fr
ontend\src\reporting\DashboardConfigurePage\DashboardConfigurePage.tsx:107:29)
          at routeContext (C:\Users\samhe\OneDrive\Desktop\Cleaned\frontend\nod
e_modules\react-router\lib\hooks.tsx:658:26)
          at children (C:\Users\samhe\OneDrive\Desktop\Cleaned\frontend\node_mo
dules\react-router\lib\components.tsx:512:3)
          at basenameProp (C:\Users\samhe\OneDrive\Desktop\Cleaned\frontend\nod
e_modules\react-router\lib\components.tsx:421:13)
          at basename (C:\Users\samhe\OneDrive\Desktop\Cleaned\frontend\node_mo
dules\react-router\lib\components.tsx:225:3)

      452 |                                         type="text"
      453 |                                         value={draftWidget.title}
    > 454 |                                         onChange={(e) => 
setDraftWidget((prev) => prev ? { ...prev, title: e.target.value } : prev)}
          |                                                          ^
      455 |                                         className="border 
border-gray-300 rounded px-3 py-2 text-sm"
      456 |                                     />
      457 |                                 </div>

      at printWarning 
(node_modules/react-dom/cjs/react-dom.development.js:86:30)
      at error (node_modules/react-dom/cjs/react-dom.development.js:60:7)
      at warnIfUpdatesNotWrappedWithActDEV 
(node_modules/react-dom/cjs/react-dom.development.js:27628:9)
      at scheduleUpdateOnFiber 
(node_modules/react-dom/cjs/react-dom.development.js:25547:5)
      at dispatchSetState 
(node_modules/react-dom/cjs/react-dom.development.js:16708:7)
      at onChange 
(src/reporting/DashboardConfigurePage/DashboardConfigurePage.tsx:454:58)
      at HTMLUnknownElement.callCallback 
(node_modules/react-dom/cjs/react-dom.development.js:4164:14)
      at HTMLUnknownElement.callTheUserObjectsOperation 
(node_modules/jsdom/lib/jsdom/living/generated/EventListener.js:26:30)
      at innerInvokeEventListeners 
(node_modules/jsdom/lib/jsdom/living/events/EventTarget-impl.js:350:25)
      at invokeEventListeners 
(node_modules/jsdom/lib/jsdom/living/events/EventTarget-impl.js:286:3)
      at HTMLUnknownElementImpl._dispatch 
(node_modules/jsdom/lib/jsdom/living/events/EventTarget-impl.js:233:9)
      at HTMLUnknownElementImpl.dispatchEvent 
(node_modules/jsdom/lib/jsdom/living/events/EventTarget-impl.js:104:17)
      at HTMLUnknownElement.dispatchEvent 
(node_modules/jsdom/lib/jsdom/living/generated/EventTarget.js:241:34)
      at Object.invokeGuardedCallbackDev 
(node_modules/react-dom/cjs/react-dom.development.js:4213:16)
      at invokeGuardedCallback 
(node_modules/react-dom/cjs/react-dom.development.js:4277:31)
      at invokeGuardedCallbackAndCatchFirstError 
(node_modules/react-dom/cjs/react-dom.development.js:4291:25)
      at executeDispatch 
(node_modules/react-dom/cjs/react-dom.development.js:9041:3)
      at processDispatchQueueItemsInOrder 
(node_modules/react-dom/cjs/react-dom.development.js:9073:7)
      at processDispatchQueue 
(node_modules/react-dom/cjs/react-dom.development.js:9086:5)
      at dispatchEventsForPlugins 
(node_modules/react-dom/cjs/react-dom.development.js:9097:3)
      at node_modules/react-dom/cjs/react-dom.development.js:9288:12
      at batchedUpdates$1 
(node_modules/react-dom/cjs/react-dom.development.js:26179:12)
      at batchedUpdates 
(node_modules/react-dom/cjs/react-dom.development.js:3991:12)
      at dispatchEventForPluginEventSystem 
(node_modules/react-dom/cjs/react-dom.development.js:9287:3)
      at dispatchEventWithEnableCapturePhaseSelectiveHydrationWithoutDiscreteEv
entReplay (node_modules/react-dom/cjs/react-dom.development.js:6465:5)
      at dispatchEvent 
(node_modules/react-dom/cjs/react-dom.development.js:6457:5)
      at dispatchDiscreteEvent 
(node_modules/react-dom/cjs/react-dom.development.js:6430:5)
      at HTMLDivElement.callTheUserObjectsOperation 
(node_modules/jsdom/lib/jsdom/living/generated/EventListener.js:26:30)
      at innerInvokeEventListeners 
(node_modules/jsdom/lib/jsdom/living/events/EventTarget-impl.js:350:25)
      at invokeEventListeners 
(node_modules/jsdom/lib/jsdom/living/events/EventTarget-impl.js:286:3)
      at HTMLInputElementImpl._dispatch 
(node_modules/jsdom/lib/jsdom/living/events/EventTarget-impl.js:233:9)
      at HTMLInputElementImpl.dispatchEvent 
(node_modules/jsdom/lib/jsdom/living/events/EventTarget-impl.js:104:17)
      at HTMLInputElement.dispatchEvent 
(node_modules/jsdom/lib/jsdom/living/generated/EventTarget.js:241:34)
      at 
node_modules/@testing-library/user-event/dist/cjs/event/dispatchEvent.js:45:43
      at Object.eventWrapper 
(node_modules/@testing-library/dom/dist/config.js:25:23)
      at Object.wrapEvent 
(node_modules/@testing-library/user-event/dist/cjs/event/wrapEvent.js:6:28)
      at Object.dispatchEvent (node_modules/@testing-library/user-event/dist/cj
s/event/dispatchEvent.js:45:22)
      at Object.dispatchUIEvent (node_modules/@testing-library/user-event/dist/
cjs/event/dispatchEvent.js:22:26)
      at commitInput 
(node_modules/@testing-library/user-event/dist/cjs/event/input.js:145:14)
      at editInputElement 
(node_modules/@testing-library/user-event/dist/cjs/event/input.js:115:9)
      at Object.input 
(node_modules/@testing-library/user-event/dist/cjs/event/input.js:37:9)
      at node_modules/@testing-library/user-event/dist/cjs/event/behavior/keypr
ess.js:31:26
      at Object.dispatchEvent (node_modules/@testing-library/user-event/dist/cj
s/event/dispatchEvent.js:41:13)
      at Object.dispatchUIEvent (node_modules/@testing-library/user-event/dist/
cjs/event/dispatchEvent.js:22:26)
      at KeyboardHost.keydown 
(node_modules/@testing-library/user-event/dist/cjs/system/keyboard.js:76:22)
      at keyboardAction 
(node_modules/@testing-library/user-event/dist/cjs/keyboard/index.js:22:35)
      at Object.keyboard 
(node_modules/@testing-library/user-event/dist/cjs/keyboard/index.js:11:15)
      at Object.type 
(node_modules/@testing-library/user-event/dist/cjs/utility/type.js:17:5)
      at Object.<anonymous> (src/reporting/__tests__/reports.test.tsx:1197:9)

    console.error
      Warning: An update to DashboardConfigurePage inside a test was not 
wrapped in act(...).
      
      When testing, code that causes React state updates should be wrapped 
into act(...):
      
      act(() => {
        /* fire events that update state */
      });
      /* assert on the output */
      
      This ensures that you're testing the behavior the user would see in the 
browser. Learn more at https://reactjs.org/link/wrap-tests-with-act
          at DashboardConfigurePage (C:\Users\samhe\OneDrive\Desktop\Cleaned\fr
ontend\src\reporting\DashboardConfigurePage\DashboardConfigurePage.tsx:107:29)
          at routeContext (C:\Users\samhe\OneDrive\Desktop\Cleaned\frontend\nod
e_modules\react-router\lib\hooks.tsx:658:26)
          at children (C:\Users\samhe\OneDrive\Desktop\Cleaned\frontend\node_mo
dules\react-router\lib\components.tsx:512:3)
          at basenameProp (C:\Users\samhe\OneDrive\Desktop\Cleaned\frontend\nod
e_modules\react-router\lib\components.tsx:421:13)
          at basename (C:\Users\samhe\OneDrive\Desktop\Cleaned\frontend\node_mo
dules\react-router\lib\components.tsx:225:3)

      452 |                                         type="text"
      453 |                                         value={draftWidget.title}
    > 454 |                                         onChange={(e) => 
setDraftWidget((prev) => prev ? { ...prev, title: e.target.value } : prev)}
          |                                                          ^
      455 |                                         className="border 
border-gray-300 rounded px-3 py-2 text-sm"
      456 |                                     />
      457 |                                 </div>

      at printWarning 
(node_modules/react-dom/cjs/react-dom.development.js:86:30)
      at error (node_modules/react-dom/cjs/react-dom.development.js:60:7)
      at warnIfUpdatesNotWrappedWithActDEV 
(node_modules/react-dom/cjs/react-dom.development.js:27628:9)
      at scheduleUpdateOnFiber 
(node_modules/react-dom/cjs/react-dom.development.js:25547:5)
      at dispatchSetState 
(node_modules/react-dom/cjs/react-dom.development.js:16708:7)
      at onChange 
(src/reporting/DashboardConfigurePage/DashboardConfigurePage.tsx:454:58)
      at HTMLUnknownElement.callCallback 
(node_modules/react-dom/cjs/react-dom.development.js:4164:14)
      at HTMLUnknownElement.callTheUserObjectsOperation 
(node_modules/jsdom/lib/jsdom/living/generated/EventListener.js:26:30)
      at innerInvokeEventListeners 
(node_modules/jsdom/lib/jsdom/living/events/EventTarget-impl.js:350:25)
      at invokeEventListeners 
(node_modules/jsdom/lib/jsdom/living/events/EventTarget-impl.js:286:3)
      at HTMLUnknownElementImpl._dispatch 
(node_modules/jsdom/lib/jsdom/living/events/EventTarget-impl.js:233:9)
      at HTMLUnknownElementImpl.dispatchEvent 
(node_modules/jsdom/lib/jsdom/living/events/EventTarget-impl.js:104:17)
      at HTMLUnknownElement.dispatchEvent 
(node_modules/jsdom/lib/jsdom/living/generated/EventTarget.js:241:34)
      at Object.invokeGuardedCallbackDev 
(node_modules/react-dom/cjs/react-dom.development.js:4213:16)
      at invokeGuardedCallback 
(node_modules/react-dom/cjs/react-dom.development.js:4277:31)
      at invokeGuardedCallbackAndCatchFirstError 
(node_modules/react-dom/cjs/react-dom.development.js:4291:25)
      at executeDispatch 
(node_modules/react-dom/cjs/react-dom.development.js:9041:3)
      at processDispatchQueueItemsInOrder 
(node_modules/react-dom/cjs/react-dom.development.js:9073:7)
      at processDispatchQueue 
(node_modules/react-dom/cjs/react-dom.development.js:9086:5)
      at dispatchEventsForPlugins 
(node_modules/react-dom/cjs/react-dom.development.js:9097:3)
      at node_modules/react-dom/cjs/react-dom.development.js:9288:12
      at batchedUpdates$1 
(node_modules/react-dom/cjs/react-dom.development.js:26179:12)
      at batchedUpdates 
(node_modules/react-dom/cjs/react-dom.development.js:3991:12)
      at dispatchEventForPluginEventSystem 
(node_modules/react-dom/cjs/react-dom.development.js:9287:3)
      at dispatchEventWithEnableCapturePhaseSelectiveHydrationWithoutDiscreteEv
entReplay (node_modules/react-dom/cjs/react-dom.development.js:6465:5)
      at dispatchEvent 
(node_modules/react-dom/cjs/react-dom.development.js:6457:5)
      at dispatchDiscreteEvent 
(node_modules/react-dom/cjs/react-dom.development.js:6430:5)
      at HTMLDivElement.callTheUserObjectsOperation 
(node_modules/jsdom/lib/jsdom/living/generated/EventListener.js:26:30)
      at innerInvokeEventListeners 
(node_modules/jsdom/lib/jsdom/living/events/EventTarget-impl.js:350:25)
      at invokeEventListeners 
(node_modules/jsdom/lib/jsdom/living/events/EventTarget-impl.js:286:3)
      at HTMLInputElementImpl._dispatch 
(node_modules/jsdom/lib/jsdom/living/events/EventTarget-impl.js:233:9)
      at HTMLInputElementImpl.dispatchEvent 
(node_modules/jsdom/lib/jsdom/living/events/EventTarget-impl.js:104:17)
      at HTMLInputElement.dispatchEvent 
(node_modules/jsdom/lib/jsdom/living/generated/EventTarget.js:241:34)
      at 
node_modules/@testing-library/user-event/dist/cjs/event/dispatchEvent.js:45:43
      at Object.eventWrapper 
(node_modules/@testing-library/dom/dist/config.js:25:23)
      at Object.wrapEvent 
(node_modules/@testing-library/user-event/dist/cjs/event/wrapEvent.js:6:28)
      at Object.dispatchEvent (node_modules/@testing-library/user-event/dist/cj
s/event/dispatchEvent.js:45:22)
      at Object.dispatchUIEvent (node_modules/@testing-library/user-event/dist/
cjs/event/dispatchEvent.js:22:26)
      at commitInput 
(node_modules/@testing-library/user-event/dist/cjs/event/input.js:145:14)
      at editInputElement 
(node_modules/@testing-library/user-event/dist/cjs/event/input.js:115:9)
      at Object.input 
(node_modules/@testing-library/user-event/dist/cjs/event/input.js:37:9)
      at node_modules/@testing-library/user-event/dist/cjs/event/behavior/keypr
ess.js:31:26
      at Object.dispatchEvent (node_modules/@testing-library/user-event/dist/cj
s/event/dispatchEvent.js:41:13)
      at Object.dispatchUIEvent (node_modules/@testing-library/user-event/dist/
cjs/event/dispatchEvent.js:22:26)
      at KeyboardHost.keydown 
(node_modules/@testing-library/user-event/dist/cjs/system/keyboard.js:76:22)
      at keyboardAction 
(node_modules/@testing-library/user-event/dist/cjs/keyboard/index.js:22:35)
      at Object.keyboard 
(node_modules/@testing-library/user-event/dist/cjs/keyboard/index.js:11:15)
      at Object.type 
(node_modules/@testing-library/user-event/dist/cjs/utility/type.js:17:5)
      at Object.<anonymous> (src/reporting/__tests__/reports.test.tsx:1197:9)

    console.error
      Warning: An update to DashboardConfigurePage inside a test was not 
wrapped in act(...).
      
      When testing, code that causes React state updates should be wrapped 
into act(...):
      
      act(() => {
        /* fire events that update state */
      });
      /* assert on the output */
      
      This ensures that you're testing the behavior the user would see in the 
browser. Learn more at https://reactjs.org/link/wrap-tests-with-act
          at DashboardConfigurePage (C:\Users\samhe\OneDrive\Desktop\Cleaned\fr
ontend\src\reporting\DashboardConfigurePage\DashboardConfigurePage.tsx:107:29)
          at routeContext (C:\Users\samhe\OneDrive\Desktop\Cleaned\frontend\nod
e_modules\react-router\lib\hooks.tsx:658:26)
          at children (C:\Users\samhe\OneDrive\Desktop\Cleaned\frontend\node_mo
dules\react-router\lib\components.tsx:512:3)
          at basenameProp (C:\Users\samhe\OneDrive\Desktop\Cleaned\frontend\nod
e_modules\react-router\lib\components.tsx:421:13)
          at basename (C:\Users\samhe\OneDrive\Desktop\Cleaned\frontend\node_mo
dules\react-router\lib\components.tsx:225:3)

      452 |                                         type="text"
      453 |                                         value={draftWidget.title}
    > 454 |                                         onChange={(e) => 
setDraftWidget((prev) => prev ? { ...prev, title: e.target.value } : prev)}
          |                                                          ^
      455 |                                         className="border 
border-gray-300 rounded px-3 py-2 text-sm"
      456 |                                     />
      457 |                                 </div>

      at printWarning 
(node_modules/react-dom/cjs/react-dom.development.js:86:30)
      at error (node_modules/react-dom/cjs/react-dom.development.js:60:7)
      at warnIfUpdatesNotWrappedWithActDEV 
(node_modules/react-dom/cjs/react-dom.development.js:27628:9)
      at scheduleUpdateOnFiber 
(node_modules/react-dom/cjs/react-dom.development.js:25547:5)
      at dispatchSetState 
(node_modules/react-dom/cjs/react-dom.development.js:16708:7)
      at onChange 
(src/reporting/DashboardConfigurePage/DashboardConfigurePage.tsx:454:58)
      at HTMLUnknownElement.callCallback 
(node_modules/react-dom/cjs/react-dom.development.js:4164:14)
      at HTMLUnknownElement.callTheUserObjectsOperation 
(node_modules/jsdom/lib/jsdom/living/generated/EventListener.js:26:30)
      at innerInvokeEventListeners 
(node_modules/jsdom/lib/jsdom/living/events/EventTarget-impl.js:350:25)
      at invokeEventListeners 
(node_modules/jsdom/lib/jsdom/living/events/EventTarget-impl.js:286:3)
      at HTMLUnknownElementImpl._dispatch 
(node_modules/jsdom/lib/jsdom/living/events/EventTarget-impl.js:233:9)
      at HTMLUnknownElementImpl.dispatchEvent 
(node_modules/jsdom/lib/jsdom/living/events/EventTarget-impl.js:104:17)
      at HTMLUnknownElement.dispatchEvent 
(node_modules/jsdom/lib/jsdom/living/generated/EventTarget.js:241:34)
      at Object.invokeGuardedCallbackDev 
(node_modules/react-dom/cjs/react-dom.development.js:4213:16)
      at invokeGuardedCallback 
(node_modules/react-dom/cjs/react-dom.development.js:4277:31)
      at invokeGuardedCallbackAndCatchFirstError 
(node_modules/react-dom/cjs/react-dom.development.js:4291:25)
      at executeDispatch 
(node_modules/react-dom/cjs/react-dom.development.js:9041:3)
      at processDispatchQueueItemsInOrder 
(node_modules/react-dom/cjs/react-dom.development.js:9073:7)
      at processDispatchQueue 
(node_modules/react-dom/cjs/react-dom.development.js:9086:5)
      at dispatchEventsForPlugins 
(node_modules/react-dom/cjs/react-dom.development.js:9097:3)
      at node_modules/react-dom/cjs/react-dom.development.js:9288:12
      at batchedUpdates$1 
(node_modules/react-dom/cjs/react-dom.development.js:26179:12)
      at batchedUpdates 
(node_modules/react-dom/cjs/react-dom.development.js:3991:12)
      at dispatchEventForPluginEventSystem 
(node_modules/react-dom/cjs/react-dom.development.js:9287:3)
      at dispatchEventWithEnableCapturePhaseSelectiveHydrationWithoutDiscreteEv
entReplay (node_modules/react-dom/cjs/react-dom.development.js:6465:5)
      at dispatchEvent 
(node_modules/react-dom/cjs/react-dom.development.js:6457:5)
      at dispatchDiscreteEvent 
(node_modules/react-dom/cjs/react-dom.development.js:6430:5)
      at HTMLDivElement.callTheUserObjectsOperation 
(node_modules/jsdom/lib/jsdom/living/generated/EventListener.js:26:30)
      at innerInvokeEventListeners 
(node_modules/jsdom/lib/jsdom/living/events/EventTarget-impl.js:350:25)
      at invokeEventListeners 
(node_modules/jsdom/lib/jsdom/living/events/EventTarget-impl.js:286:3)
      at HTMLInputElementImpl._dispatch 
(node_modules/jsdom/lib/jsdom/living/events/EventTarget-impl.js:233:9)
      at HTMLInputElementImpl.dispatchEvent 
(node_modules/jsdom/lib/jsdom/living/events/EventTarget-impl.js:104:17)
      at HTMLInputElement.dispatchEvent 
(node_modules/jsdom/lib/jsdom/living/generated/EventTarget.js:241:34)
      at 
node_modules/@testing-library/user-event/dist/cjs/event/dispatchEvent.js:45:43
      at Object.eventWrapper 
(node_modules/@testing-library/dom/dist/config.js:25:23)
      at Object.wrapEvent 
(node_modules/@testing-library/user-event/dist/cjs/event/wrapEvent.js:6:28)
      at Object.dispatchEvent (node_modules/@testing-library/user-event/dist/cj
s/event/dispatchEvent.js:45:22)
      at Object.dispatchUIEvent (node_modules/@testing-library/user-event/dist/
cjs/event/dispatchEvent.js:22:26)
      at commitInput 
(node_modules/@testing-library/user-event/dist/cjs/event/input.js:145:14)
      at editInputElement 
(node_modules/@testing-library/user-event/dist/cjs/event/input.js:115:9)
      at Object.input 
(node_modules/@testing-library/user-event/dist/cjs/event/input.js:37:9)
      at node_modules/@testing-library/user-event/dist/cjs/event/behavior/keypr
ess.js:31:26
      at Object.dispatchEvent (node_modules/@testing-library/user-event/dist/cj
s/event/dispatchEvent.js:41:13)
      at Object.dispatchUIEvent (node_modules/@testing-library/user-event/dist/
cjs/event/dispatchEvent.js:22:26)
      at KeyboardHost.keydown 
(node_modules/@testing-library/user-event/dist/cjs/system/keyboard.js:76:22)
      at keyboardAction 
(node_modules/@testing-library/user-event/dist/cjs/keyboard/index.js:22:35)
      at Object.keyboard 
(node_modules/@testing-library/user-event/dist/cjs/keyboard/index.js:11:15)
      at Object.type 
(node_modules/@testing-library/user-event/dist/cjs/utility/type.js:17:5)
      at Object.<anonymous> (src/reporting/__tests__/reports.test.tsx:1197:9)

    console.error
      Warning: An update to DashboardConfigurePage inside a test was not 
wrapped in act(...).
      
      When testing, code that causes React state updates should be wrapped 
into act(...):
      
      act(() => {
        /* fire events that update state */
      });
      /* assert on the output */
      
      This ensures that you're testing the behavior the user would see in the 
browser. Learn more at https://reactjs.org/link/wrap-tests-with-act
          at DashboardConfigurePage (C:\Users\samhe\OneDrive\Desktop\Cleaned\fr
ontend\src\reporting\DashboardConfigurePage\DashboardConfigurePage.tsx:107:29)
          at routeContext (C:\Users\samhe\OneDrive\Desktop\Cleaned\frontend\nod
e_modules\react-router\lib\hooks.tsx:658:26)
          at children (C:\Users\samhe\OneDrive\Desktop\Cleaned\frontend\node_mo
dules\react-router\lib\components.tsx:512:3)
          at basenameProp (C:\Users\samhe\OneDrive\Desktop\Cleaned\frontend\nod
e_modules\react-router\lib\components.tsx:421:13)
          at basename (C:\Users\samhe\OneDrive\Desktop\Cleaned\frontend\node_mo
dules\react-router\lib\components.tsx:225:3)

      452 |                                         type="text"
      453 |                                         value={draftWidget.title}
    > 454 |                                         onChange={(e) => 
setDraftWidget((prev) => prev ? { ...prev, title: e.target.value } : prev)}
          |                                                          ^
      455 |                                         className="border 
border-gray-300 rounded px-3 py-2 text-sm"
      456 |                                     />
      457 |                                 </div>

      at printWarning 
(node_modules/react-dom/cjs/react-dom.development.js:86:30)
      at error (node_modules/react-dom/cjs/react-dom.development.js:60:7)
      at warnIfUpdatesNotWrappedWithActDEV 
(node_modules/react-dom/cjs/react-dom.development.js:27628:9)
      at scheduleUpdateOnFiber 
(node_modules/react-dom/cjs/react-dom.development.js:25547:5)
      at dispatchSetState 
(node_modules/react-dom/cjs/react-dom.development.js:16708:7)
      at onChange 
(src/reporting/DashboardConfigurePage/DashboardConfigurePage.tsx:454:58)
      at HTMLUnknownElement.callCallback 
(node_modules/react-dom/cjs/react-dom.development.js:4164:14)
      at HTMLUnknownElement.callTheUserObjectsOperation 
(node_modules/jsdom/lib/jsdom/living/generated/EventListener.js:26:30)
      at innerInvokeEventListeners 
(node_modules/jsdom/lib/jsdom/living/events/EventTarget-impl.js:350:25)
      at invokeEventListeners 
(node_modules/jsdom/lib/jsdom/living/events/EventTarget-impl.js:286:3)
      at HTMLUnknownElementImpl._dispatch 
(node_modules/jsdom/lib/jsdom/living/events/EventTarget-impl.js:233:9)
      at HTMLUnknownElementImpl.dispatchEvent 
(node_modules/jsdom/lib/jsdom/living/events/EventTarget-impl.js:104:17)
      at HTMLUnknownElement.dispatchEvent 
(node_modules/jsdom/lib/jsdom/living/generated/EventTarget.js:241:34)
      at Object.invokeGuardedCallbackDev 
(node_modules/react-dom/cjs/react-dom.development.js:4213:16)
      at invokeGuardedCallback 
(node_modules/react-dom/cjs/react-dom.development.js:4277:31)
      at invokeGuardedCallbackAndCatchFirstError 
(node_modules/react-dom/cjs/react-dom.development.js:4291:25)
      at executeDispatch 
(node_modules/react-dom/cjs/react-dom.development.js:9041:3)
      at processDispatchQueueItemsInOrder 
(node_modules/react-dom/cjs/react-dom.development.js:9073:7)
      at processDispatchQueue 
(node_modules/react-dom/cjs/react-dom.development.js:9086:5)
      at dispatchEventsForPlugins 
(node_modules/react-dom/cjs/react-dom.development.js:9097:3)
      at node_modules/react-dom/cjs/react-dom.development.js:9288:12
      at batchedUpdates$1 
(node_modules/react-dom/cjs/react-dom.development.js:26179:12)
      at batchedUpdates 
(node_modules/react-dom/cjs/react-dom.development.js:3991:12)
      at dispatchEventForPluginEventSystem 
(node_modules/react-dom/cjs/react-dom.development.js:9287:3)
      at dispatchEventWithEnableCapturePhaseSelectiveHydrationWithoutDiscreteEv
entReplay (node_modules/react-dom/cjs/react-dom.development.js:6465:5)
      at dispatchEvent 
(node_modules/react-dom/cjs/react-dom.development.js:6457:5)
      at dispatchDiscreteEvent 
(node_modules/react-dom/cjs/react-dom.development.js:6430:5)
      at HTMLDivElement.callTheUserObjectsOperation 
(node_modules/jsdom/lib/jsdom/living/generated/EventListener.js:26:30)
      at innerInvokeEventListeners 
(node_modules/jsdom/lib/jsdom/living/events/EventTarget-impl.js:350:25)
      at invokeEventListeners 
(node_modules/jsdom/lib/jsdom/living/events/EventTarget-impl.js:286:3)
      at HTMLInputElementImpl._dispatch 
(node_modules/jsdom/lib/jsdom/living/events/EventTarget-impl.js:233:9)
      at HTMLInputElementImpl.dispatchEvent 
(node_modules/jsdom/lib/jsdom/living/events/EventTarget-impl.js:104:17)
      at HTMLInputElement.dispatchEvent 
(node_modules/jsdom/lib/jsdom/living/generated/EventTarget.js:241:34)
      at 
node_modules/@testing-library/user-event/dist/cjs/event/dispatchEvent.js:45:43
      at Object.eventWrapper 
(node_modules/@testing-library/dom/dist/config.js:25:23)
      at Object.wrapEvent 
(node_modules/@testing-library/user-event/dist/cjs/event/wrapEvent.js:6:28)
      at Object.dispatchEvent (node_modules/@testing-library/user-event/dist/cj
s/event/dispatchEvent.js:45:22)
      at Object.dispatchUIEvent (node_modules/@testing-library/user-event/dist/
cjs/event/dispatchEvent.js:22:26)
      at commitInput 
(node_modules/@testing-library/user-event/dist/cjs/event/input.js:145:14)
      at editInputElement 
(node_modules/@testing-library/user-event/dist/cjs/event/input.js:115:9)
      at Object.input 
(node_modules/@testing-library/user-event/dist/cjs/event/input.js:37:9)
      at node_modules/@testing-library/user-event/dist/cjs/event/behavior/keypr
ess.js:31:26
      at Object.dispatchEvent (node_modules/@testing-library/user-event/dist/cj
s/event/dispatchEvent.js:41:13)
      at Object.dispatchUIEvent (node_modules/@testing-library/user-event/dist/
cjs/event/dispatchEvent.js:22:26)
      at KeyboardHost.keydown 
(node_modules/@testing-library/user-event/dist/cjs/system/keyboard.js:76:22)
      at keyboardAction 
(node_modules/@testing-library/user-event/dist/cjs/keyboard/index.js:22:35)
      at Object.keyboard 
(node_modules/@testing-library/user-event/dist/cjs/keyboard/index.js:11:15)
      at Object.type 
(node_modules/@testing-library/user-event/dist/cjs/utility/type.js:17:5)
      at Object.<anonymous> (src/reporting/__tests__/reports.test.tsx:1197:9)

    console.error
      Warning: An update to DashboardConfigurePage inside a test was not 
wrapped in act(...).
      
      When testing, code that causes React state updates should be wrapped 
into act(...):
      
      act(() => {
        /* fire events that update state */
      });
      /* assert on the output */
      
      This ensures that you're testing the behavior the user would see in the 
browser. Learn more at https://reactjs.org/link/wrap-tests-with-act
          at DashboardConfigurePage (C:\Users\samhe\OneDrive\Desktop\Cleaned\fr
ontend\src\reporting\DashboardConfigurePage\DashboardConfigurePage.tsx:107:29)
          at routeContext (C:\Users\samhe\OneDrive\Desktop\Cleaned\frontend\nod
e_modules\react-router\lib\hooks.tsx:658:26)
          at children (C:\Users\samhe\OneDrive\Desktop\Cleaned\frontend\node_mo
dules\react-router\lib\components.tsx:512:3)
          at basenameProp (C:\Users\samhe\OneDrive\Desktop\Cleaned\frontend\nod
e_modules\react-router\lib\components.tsx:421:13)
          at basename (C:\Users\samhe\OneDrive\Desktop\Cleaned\frontend\node_mo
dules\react-router\lib\components.tsx:225:3)

      452 |                                         type="text"
      453 |                                         value={draftWidget.title}
    > 454 |                                         onChange={(e) => 
setDraftWidget((prev) => prev ? { ...prev, title: e.target.value } : prev)}
          |                                                          ^
      455 |                                         className="border 
border-gray-300 rounded px-3 py-2 text-sm"
      456 |                                     />
      457 |                                 </div>

      at printWarning 
(node_modules/react-dom/cjs/react-dom.development.js:86:30)
      at error (node_modules/react-dom/cjs/react-dom.development.js:60:7)
      at warnIfUpdatesNotWrappedWithActDEV 
(node_modules/react-dom/cjs/react-dom.development.js:27628:9)
      at scheduleUpdateOnFiber 
(node_modules/react-dom/cjs/react-dom.development.js:25547:5)
      at dispatchSetState 
(node_modules/react-dom/cjs/react-dom.development.js:16708:7)
      at onChange 
(src/reporting/DashboardConfigurePage/DashboardConfigurePage.tsx:454:58)
      at HTMLUnknownElement.callCallback 
(node_modules/react-dom/cjs/react-dom.development.js:4164:14)
      at HTMLUnknownElement.callTheUserObjectsOperation 
(node_modules/jsdom/lib/jsdom/living/generated/EventListener.js:26:30)
      at innerInvokeEventListeners 
(node_modules/jsdom/lib/jsdom/living/events/EventTarget-impl.js:350:25)
      at invokeEventListeners 
(node_modules/jsdom/lib/jsdom/living/events/EventTarget-impl.js:286:3)
      at HTMLUnknownElementImpl._dispatch 
(node_modules/jsdom/lib/jsdom/living/events/EventTarget-impl.js:233:9)
      at HTMLUnknownElementImpl.dispatchEvent 
(node_modules/jsdom/lib/jsdom/living/events/EventTarget-impl.js:104:17)
      at HTMLUnknownElement.dispatchEvent 
(node_modules/jsdom/lib/jsdom/living/generated/EventTarget.js:241:34)
      at Object.invokeGuardedCallbackDev 
(node_modules/react-dom/cjs/react-dom.development.js:4213:16)
      at invokeGuardedCallback 
(node_modules/react-dom/cjs/react-dom.development.js:4277:31)
      at invokeGuardedCallbackAndCatchFirstError 
(node_modules/react-dom/cjs/react-dom.development.js:4291:25)
      at executeDispatch 
(node_modules/react-dom/cjs/react-dom.development.js:9041:3)
      at processDispatchQueueItemsInOrder 
(node_modules/react-dom/cjs/react-dom.development.js:9073:7)
      at processDispatchQueue 
(node_modules/react-dom/cjs/react-dom.development.js:9086:5)
      at dispatchEventsForPlugins 
(node_modules/react-dom/cjs/react-dom.development.js:9097:3)
      at node_modules/react-dom/cjs/react-dom.development.js:9288:12
      at batchedUpdates$1 
(node_modules/react-dom/cjs/react-dom.development.js:26179:12)
      at batchedUpdates 
(node_modules/react-dom/cjs/react-dom.development.js:3991:12)
      at dispatchEventForPluginEventSystem 
(node_modules/react-dom/cjs/react-dom.development.js:9287:3)
      at dispatchEventWithEnableCapturePhaseSelectiveHydrationWithoutDiscreteEv
entReplay (node_modules/react-dom/cjs/react-dom.development.js:6465:5)
      at dispatchEvent 
(node_modules/react-dom/cjs/react-dom.development.js:6457:5)
      at dispatchDiscreteEvent 
(node_modules/react-dom/cjs/react-dom.development.js:6430:5)
      at HTMLDivElement.callTheUserObjectsOperation 
(node_modules/jsdom/lib/jsdom/living/generated/EventListener.js:26:30)
      at innerInvokeEventListeners 
(node_modules/jsdom/lib/jsdom/living/events/EventTarget-impl.js:350:25)
      at invokeEventListeners 
(node_modules/jsdom/lib/jsdom/living/events/EventTarget-impl.js:286:3)
      at HTMLInputElementImpl._dispatch 
(node_modules/jsdom/lib/jsdom/living/events/EventTarget-impl.js:233:9)
      at HTMLInputElementImpl.dispatchEvent 
(node_modules/jsdom/lib/jsdom/living/events/EventTarget-impl.js:104:17)
      at HTMLInputElement.dispatchEvent 
(node_modules/jsdom/lib/jsdom/living/generated/EventTarget.js:241:34)
      at 
node_modules/@testing-library/user-event/dist/cjs/event/dispatchEvent.js:45:43
      at Object.eventWrapper 
(node_modules/@testing-library/dom/dist/config.js:25:23)
      at Object.wrapEvent 
(node_modules/@testing-library/user-event/dist/cjs/event/wrapEvent.js:6:28)
      at Object.dispatchEvent (node_modules/@testing-library/user-event/dist/cj
s/event/dispatchEvent.js:45:22)
      at Object.dispatchUIEvent (node_modules/@testing-library/user-event/dist/
cjs/event/dispatchEvent.js:22:26)
      at commitInput 
(node_modules/@testing-library/user-event/dist/cjs/event/input.js:145:14)
      at editInputElement 
(node_modules/@testing-library/user-event/dist/cjs/event/input.js:115:9)
      at Object.input 
(node_modules/@testing-library/user-event/dist/cjs/event/input.js:37:9)
      at node_modules/@testing-library/user-event/dist/cjs/event/behavior/keypr
ess.js:31:26
      at Object.dispatchEvent (node_modules/@testing-library/user-event/dist/cj
s/event/dispatchEvent.js:41:13)
      at Object.dispatchUIEvent (node_modules/@testing-library/user-event/dist/
cjs/event/dispatchEvent.js:22:26)
      at KeyboardHost.keydown 
(node_modules/@testing-library/user-event/dist/cjs/system/keyboard.js:76:22)
      at keyboardAction 
(node_modules/@testing-library/user-event/dist/cjs/keyboard/index.js:22:35)
      at Object.keyboard 
(node_modules/@testing-library/user-event/dist/cjs/keyboard/index.js:11:15)
      at Object.type 
(node_modules/@testing-library/user-event/dist/cjs/utility/type.js:17:5)
      at Object.<anonymous> (src/reporting/__tests__/reports.test.tsx:1197:9)

    console.error
      Warning: An update to DashboardConfigurePage inside a test was not 
wrapped in act(...).
      
      When testing, code that causes React state updates should be wrapped 
into act(...):
      
      act(() => {
        /* fire events that update state */
      });
      /* assert on the output */
      
      This ensures that you're testing the behavior the user would see in the 
browser. Learn more at https://reactjs.org/link/wrap-tests-with-act
          at DashboardConfigurePage (C:\Users\samhe\OneDrive\Desktop\Cleaned\fr
ontend\src\reporting\DashboardConfigurePage\DashboardConfigurePage.tsx:107:29)
          at routeContext (C:\Users\samhe\OneDrive\Desktop\Cleaned\frontend\nod
e_modules\react-router\lib\hooks.tsx:658:26)
          at children (C:\Users\samhe\OneDrive\Desktop\Cleaned\frontend\node_mo
dules\react-router\lib\components.tsx:512:3)
          at basenameProp (C:\Users\samhe\OneDrive\Desktop\Cleaned\frontend\nod
e_modules\react-router\lib\components.tsx:421:13)
          at basename (C:\Users\samhe\OneDrive\Desktop\Cleaned\frontend\node_mo
dules\react-router\lib\components.tsx:225:3)

      452 |                                         type="text"
      453 |                                         value={draftWidget.title}
    > 454 |                                         onChange={(e) => 
setDraftWidget((prev) => prev ? { ...prev, title: e.target.value } : prev)}
          |                                                          ^
      455 |                                         className="border 
border-gray-300 rounded px-3 py-2 text-sm"
      456 |                                     />
      457 |                                 </div>

      at printWarning 
(node_modules/react-dom/cjs/react-dom.development.js:86:30)
      at error (node_modules/react-dom/cjs/react-dom.development.js:60:7)
      at warnIfUpdatesNotWrappedWithActDEV 
(node_modules/react-dom/cjs/react-dom.development.js:27628:9)
      at scheduleUpdateOnFiber 
(node_modules/react-dom/cjs/react-dom.development.js:25547:5)
      at dispatchSetState 
(node_modules/react-dom/cjs/react-dom.development.js:16708:7)
      at onChange 
(src/reporting/DashboardConfigurePage/DashboardConfigurePage.tsx:454:58)
      at HTMLUnknownElement.callCallback 
(node_modules/react-dom/cjs/react-dom.development.js:4164:14)
      at HTMLUnknownElement.callTheUserObjectsOperation 
(node_modules/jsdom/lib/jsdom/living/generated/EventListener.js:26:30)
      at innerInvokeEventListeners 
(node_modules/jsdom/lib/jsdom/living/events/EventTarget-impl.js:350:25)
      at invokeEventListeners 
(node_modules/jsdom/lib/jsdom/living/events/EventTarget-impl.js:286:3)
      at HTMLUnknownElementImpl._dispatch 
(node_modules/jsdom/lib/jsdom/living/events/EventTarget-impl.js:233:9)
      at HTMLUnknownElementImpl.dispatchEvent 
(node_modules/jsdom/lib/jsdom/living/events/EventTarget-impl.js:104:17)
      at HTMLUnknownElement.dispatchEvent 
(node_modules/jsdom/lib/jsdom/living/generated/EventTarget.js:241:34)
      at Object.invokeGuardedCallbackDev 
(node_modules/react-dom/cjs/react-dom.development.js:4213:16)
      at invokeGuardedCallback 
(node_modules/react-dom/cjs/react-dom.development.js:4277:31)
      at invokeGuardedCallbackAndCatchFirstError 
(node_modules/react-dom/cjs/react-dom.development.js:4291:25)
      at executeDispatch 
(node_modules/react-dom/cjs/react-dom.development.js:9041:3)
      at processDispatchQueueItemsInOrder 
(node_modules/react-dom/cjs/react-dom.development.js:9073:7)
      at processDispatchQueue 
(node_modules/react-dom/cjs/react-dom.development.js:9086:5)
      at dispatchEventsForPlugins 
(node_modules/react-dom/cjs/react-dom.development.js:9097:3)
      at node_modules/react-dom/cjs/react-dom.development.js:9288:12
      at batchedUpdates$1 
(node_modules/react-dom/cjs/react-dom.development.js:26179:12)
      at batchedUpdates 
(node_modules/react-dom/cjs/react-dom.development.js:3991:12)
      at dispatchEventForPluginEventSystem 
(node_modules/react-dom/cjs/react-dom.development.js:9287:3)
      at dispatchEventWithEnableCapturePhaseSelectiveHydrationWithoutDiscreteEv
entReplay (node_modules/react-dom/cjs/react-dom.development.js:6465:5)
      at dispatchEvent 
(node_modules/react-dom/cjs/react-dom.development.js:6457:5)
      at dispatchDiscreteEvent 
(node_modules/react-dom/cjs/react-dom.development.js:6430:5)
      at HTMLDivElement.callTheUserObjectsOperation 
(node_modules/jsdom/lib/jsdom/living/generated/EventListener.js:26:30)
      at innerInvokeEventListeners 
(node_modules/jsdom/lib/jsdom/living/events/EventTarget-impl.js:350:25)
      at invokeEventListeners 
(node_modules/jsdom/lib/jsdom/living/events/EventTarget-impl.js:286:3)
      at HTMLInputElementImpl._dispatch 
(node_modules/jsdom/lib/jsdom/living/events/EventTarget-impl.js:233:9)
      at HTMLInputElementImpl.dispatchEvent 
(node_modules/jsdom/lib/jsdom/living/events/EventTarget-impl.js:104:17)
      at HTMLInputElement.dispatchEvent 
(node_modules/jsdom/lib/jsdom/living/generated/EventTarget.js:241:34)
      at 
node_modules/@testing-library/user-event/dist/cjs/event/dispatchEvent.js:45:43
      at Object.eventWrapper 
(node_modules/@testing-library/dom/dist/config.js:25:23)
      at Object.wrapEvent 
(node_modules/@testing-library/user-event/dist/cjs/event/wrapEvent.js:6:28)
      at Object.dispatchEvent (node_modules/@testing-library/user-event/dist/cj
s/event/dispatchEvent.js:45:22)
      at Object.dispatchUIEvent (node_modules/@testing-library/user-event/dist/
cjs/event/dispatchEvent.js:22:26)
      at commitInput 
(node_modules/@testing-library/user-event/dist/cjs/event/input.js:145:14)
      at editInputElement 
(node_modules/@testing-library/user-event/dist/cjs/event/input.js:115:9)
      at Object.input 
(node_modules/@testing-library/user-event/dist/cjs/event/input.js:37:9)
      at node_modules/@testing-library/user-event/dist/cjs/event/behavior/keypr
ess.js:31:26
      at Object.dispatchEvent (node_modules/@testing-library/user-event/dist/cj
s/event/dispatchEvent.js:41:13)
      at Object.dispatchUIEvent (node_modules/@testing-library/user-event/dist/
cjs/event/dispatchEvent.js:22:26)
      at KeyboardHost.keydown 
(node_modules/@testing-library/user-event/dist/cjs/system/keyboard.js:76:22)
      at keyboardAction 
(node_modules/@testing-library/user-event/dist/cjs/keyboard/index.js:22:35)
      at Object.keyboard 
(node_modules/@testing-library/user-event/dist/cjs/keyboard/index.js:11:15)
      at Object.type 
(node_modules/@testing-library/user-event/dist/cjs/utility/type.js:17:5)
      at Object.<anonymous> (src/reporting/__tests__/reports.test.tsx:1197:9)

    console.error
      Warning: An update to DashboardConfigurePage inside a test was not 
wrapped in act(...).
      
      When testing, code that causes React state updates should be wrapped 
into act(...):
      
      act(() => {
        /* fire events that update state */
      });
      /* assert on the output */
      
      This ensures that you're testing the behavior the user would see in the 
browser. Learn more at https://reactjs.org/link/wrap-tests-with-act
          at DashboardConfigurePage (C:\Users\samhe\OneDrive\Desktop\Cleaned\fr
ontend\src\reporting\DashboardConfigurePage\DashboardConfigurePage.tsx:107:29)
          at routeContext (C:\Users\samhe\OneDrive\Desktop\Cleaned\frontend\nod
e_modules\react-router\lib\hooks.tsx:658:26)
          at children (C:\Users\samhe\OneDrive\Desktop\Cleaned\frontend\node_mo
dules\react-router\lib\components.tsx:512:3)
          at basenameProp (C:\Users\samhe\OneDrive\Desktop\Cleaned\frontend\nod
e_modules\react-router\lib\components.tsx:421:13)
          at basename (C:\Users\samhe\OneDrive\Desktop\Cleaned\frontend\node_mo
dules\react-router\lib\components.tsx:225:3)

      452 |                                         type="text"
      453 |                                         value={draftWidget.title}
    > 454 |                                         onChange={(e) => 
setDraftWidget((prev) => prev ? { ...prev, title: e.target.value } : prev)}
          |                                                          ^
      455 |                                         className="border 
border-gray-300 rounded px-3 py-2 text-sm"
      456 |                                     />
      457 |                                 </div>

      at printWarning 
(node_modules/react-dom/cjs/react-dom.development.js:86:30)
      at error (node_modules/react-dom/cjs/react-dom.development.js:60:7)
      at warnIfUpdatesNotWrappedWithActDEV 
(node_modules/react-dom/cjs/react-dom.development.js:27628:9)
      at scheduleUpdateOnFiber 
(node_modules/react-dom/cjs/react-dom.development.js:25547:5)
      at dispatchSetState 
(node_modules/react-dom/cjs/react-dom.development.js:16708:7)
      at onChange 
(src/reporting/DashboardConfigurePage/DashboardConfigurePage.tsx:454:58)
      at HTMLUnknownElement.callCallback 
(node_modules/react-dom/cjs/react-dom.development.js:4164:14)
      at HTMLUnknownElement.callTheUserObjectsOperation 
(node_modules/jsdom/lib/jsdom/living/generated/EventListener.js:26:30)
      at innerInvokeEventListeners 
(node_modules/jsdom/lib/jsdom/living/events/EventTarget-impl.js:350:25)
      at invokeEventListeners 
(node_modules/jsdom/lib/jsdom/living/events/EventTarget-impl.js:286:3)
      at HTMLUnknownElementImpl._dispatch 
(node_modules/jsdom/lib/jsdom/living/events/EventTarget-impl.js:233:9)
      at HTMLUnknownElementImpl.dispatchEvent 
(node_modules/jsdom/lib/jsdom/living/events/EventTarget-impl.js:104:17)
      at HTMLUnknownElement.dispatchEvent 
(node_modules/jsdom/lib/jsdom/living/generated/EventTarget.js:241:34)
      at Object.invokeGuardedCallbackDev 
(node_modules/react-dom/cjs/react-dom.development.js:4213:16)
      at invokeGuardedCallback 
(node_modules/react-dom/cjs/react-dom.development.js:4277:31)
      at invokeGuardedCallbackAndCatchFirstError 
(node_modules/react-dom/cjs/react-dom.development.js:4291:25)
      at executeDispatch 
(node_modules/react-dom/cjs/react-dom.development.js:9041:3)
      at processDispatchQueueItemsInOrder 
(node_modules/react-dom/cjs/react-dom.development.js:9073:7)
      at processDispatchQueue 
(node_modules/react-dom/cjs/react-dom.development.js:9086:5)
      at dispatchEventsForPlugins 
(node_modules/react-dom/cjs/react-dom.development.js:9097:3)
      at node_modules/react-dom/cjs/react-dom.development.js:9288:12
      at batchedUpdates$1 
(node_modules/react-dom/cjs/react-dom.development.js:26179:12)
      at batchedUpdates 
(node_modules/react-dom/cjs/react-dom.development.js:3991:12)
      at dispatchEventForPluginEventSystem 
(node_modules/react-dom/cjs/react-dom.development.js:9287:3)
      at dispatchEventWithEnableCapturePhaseSelectiveHydrationWithoutDiscreteEv
entReplay (node_modules/react-dom/cjs/react-dom.development.js:6465:5)
      at dispatchEvent 
(node_modules/react-dom/cjs/react-dom.development.js:6457:5)
      at dispatchDiscreteEvent 
(node_modules/react-dom/cjs/react-dom.development.js:6430:5)
      at HTMLDivElement.callTheUserObjectsOperation 
(node_modules/jsdom/lib/jsdom/living/generated/EventListener.js:26:30)
      at innerInvokeEventListeners 
(node_modules/jsdom/lib/jsdom/living/events/EventTarget-impl.js:350:25)
      at invokeEventListeners 
(node_modules/jsdom/lib/jsdom/living/events/EventTarget-impl.js:286:3)
      at HTMLInputElementImpl._dispatch 
(node_modules/jsdom/lib/jsdom/living/events/EventTarget-impl.js:233:9)
      at HTMLInputElementImpl.dispatchEvent 
(node_modules/jsdom/lib/jsdom/living/events/EventTarget-impl.js:104:17)
      at HTMLInputElement.dispatchEvent 
(node_modules/jsdom/lib/jsdom/living/generated/EventTarget.js:241:34)
      at 
node_modules/@testing-library/user-event/dist/cjs/event/dispatchEvent.js:45:43
      at Object.eventWrapper 
(node_modules/@testing-library/dom/dist/config.js:25:23)
      at Object.wrapEvent 
(node_modules/@testing-library/user-event/dist/cjs/event/wrapEvent.js:6:28)
      at Object.dispatchEvent (node_modules/@testing-library/user-event/dist/cj
s/event/dispatchEvent.js:45:22)
      at Object.dispatchUIEvent (node_modules/@testing-library/user-event/dist/
cjs/event/dispatchEvent.js:22:26)
      at commitInput 
(node_modules/@testing-library/user-event/dist/cjs/event/input.js:145:14)
      at editInputElement 
(node_modules/@testing-library/user-event/dist/cjs/event/input.js:115:9)
      at Object.input 
(node_modules/@testing-library/user-event/dist/cjs/event/input.js:37:9)
      at node_modules/@testing-library/user-event/dist/cjs/event/behavior/keypr
ess.js:31:26
      at Object.dispatchEvent (node_modules/@testing-library/user-event/dist/cj
s/event/dispatchEvent.js:41:13)
      at Object.dispatchUIEvent (node_modules/@testing-library/user-event/dist/
cjs/event/dispatchEvent.js:22:26)
      at KeyboardHost.keydown 
(node_modules/@testing-library/user-event/dist/cjs/system/keyboard.js:76:22)
      at keyboardAction 
(node_modules/@testing-library/user-event/dist/cjs/keyboard/index.js:22:35)
      at Object.keyboard 
(node_modules/@testing-library/user-event/dist/cjs/keyboard/index.js:11:15)
      at Object.type 
(node_modules/@testing-library/user-event/dist/cjs/utility/type.js:17:5)
      at Object.<anonymous> (src/reporting/__tests__/reports.test.tsx:1197:9)

    console.error
      Warning: An update to DashboardConfigurePage inside a test was not 
wrapped in act(...).
      
      When testing, code that causes React state updates should be wrapped 
into act(...):
      
      act(() => {
        /* fire events that update state */
      });
      /* assert on the output */
      
      This ensures that you're testing the behavior the user would see in the 
browser. Learn more at https://reactjs.org/link/wrap-tests-with-act
          at DashboardConfigurePage (C:\Users\samhe\OneDrive\Desktop\Cleaned\fr
ontend\src\reporting\DashboardConfigurePage\DashboardConfigurePage.tsx:107:29)
          at routeContext (C:\Users\samhe\OneDrive\Desktop\Cleaned\frontend\nod
e_modules\react-router\lib\hooks.tsx:658:26)
          at children (C:\Users\samhe\OneDrive\Desktop\Cleaned\frontend\node_mo
dules\react-router\lib\components.tsx:512:3)
          at basenameProp (C:\Users\samhe\OneDrive\Desktop\Cleaned\frontend\nod
e_modules\react-router\lib\components.tsx:421:13)
          at basename (C:\Users\samhe\OneDrive\Desktop\Cleaned\frontend\node_mo
dules\react-router\lib\components.tsx:225:3)

      452 |                                         type="text"
      453 |                                         value={draftWidget.title}
    > 454 |                                         onChange={(e) => 
setDraftWidget((prev) => prev ? { ...prev, title: e.target.value } : prev)}
          |                                                          ^
      455 |                                         className="border 
border-gray-300 rounded px-3 py-2 text-sm"
      456 |                                     />
      457 |                                 </div>

      at printWarning 
(node_modules/react-dom/cjs/react-dom.development.js:86:30)
      at error (node_modules/react-dom/cjs/react-dom.development.js:60:7)
      at warnIfUpdatesNotWrappedWithActDEV 
(node_modules/react-dom/cjs/react-dom.development.js:27628:9)
      at scheduleUpdateOnFiber 
(node_modules/react-dom/cjs/react-dom.development.js:25547:5)
      at dispatchSetState 
(node_modules/react-dom/cjs/react-dom.development.js:16708:7)
      at onChange 
(src/reporting/DashboardConfigurePage/DashboardConfigurePage.tsx:454:58)
      at HTMLUnknownElement.callCallback 
(node_modules/react-dom/cjs/react-dom.development.js:4164:14)
      at HTMLUnknownElement.callTheUserObjectsOperation 
(node_modules/jsdom/lib/jsdom/living/generated/EventListener.js:26:30)
      at innerInvokeEventListeners 
(node_modules/jsdom/lib/jsdom/living/events/EventTarget-impl.js:350:25)
      at invokeEventListeners 
(node_modules/jsdom/lib/jsdom/living/events/EventTarget-impl.js:286:3)
      at HTMLUnknownElementImpl._dispatch 
(node_modules/jsdom/lib/jsdom/living/events/EventTarget-impl.js:233:9)
      at HTMLUnknownElementImpl.dispatchEvent 
(node_modules/jsdom/lib/jsdom/living/events/EventTarget-impl.js:104:17)
      at HTMLUnknownElement.dispatchEvent 
(node_modules/jsdom/lib/jsdom/living/generated/EventTarget.js:241:34)
      at Object.invokeGuardedCallbackDev 
(node_modules/react-dom/cjs/react-dom.development.js:4213:16)
      at invokeGuardedCallback 
(node_modules/react-dom/cjs/react-dom.development.js:4277:31)
      at invokeGuardedCallbackAndCatchFirstError 
(node_modules/react-dom/cjs/react-dom.development.js:4291:25)
      at executeDispatch 
(node_modules/react-dom/cjs/react-dom.development.js:9041:3)
      at processDispatchQueueItemsInOrder 
(node_modules/react-dom/cjs/react-dom.development.js:9073:7)
      at processDispatchQueue 
(node_modules/react-dom/cjs/react-dom.development.js:9086:5)
      at dispatchEventsForPlugins 
(node_modules/react-dom/cjs/react-dom.development.js:9097:3)
      at node_modules/react-dom/cjs/react-dom.development.js:9288:12
      at batchedUpdates$1 
(node_modules/react-dom/cjs/react-dom.development.js:26179:12)
      at batchedUpdates 
(node_modules/react-dom/cjs/react-dom.development.js:3991:12)
      at dispatchEventForPluginEventSystem 
(node_modules/react-dom/cjs/react-dom.development.js:9287:3)
      at dispatchEventWithEnableCapturePhaseSelectiveHydrationWithoutDiscreteEv
entReplay (node_modules/react-dom/cjs/react-dom.development.js:6465:5)
      at dispatchEvent 
(node_modules/react-dom/cjs/react-dom.development.js:6457:5)
      at dispatchDiscreteEvent 
(node_modules/react-dom/cjs/react-dom.development.js:6430:5)
      at HTMLDivElement.callTheUserObjectsOperation 
(node_modules/jsdom/lib/jsdom/living/generated/EventListener.js:26:30)
      at innerInvokeEventListeners 
(node_modules/jsdom/lib/jsdom/living/events/EventTarget-impl.js:350:25)
      at invokeEventListeners 
(node_modules/jsdom/lib/jsdom/living/events/EventTarget-impl.js:286:3)
      at HTMLInputElementImpl._dispatch 
(node_modules/jsdom/lib/jsdom/living/events/EventTarget-impl.js:233:9)
      at HTMLInputElementImpl.dispatchEvent 
(node_modules/jsdom/lib/jsdom/living/events/EventTarget-impl.js:104:17)
      at HTMLInputElement.dispatchEvent 
(node_modules/jsdom/lib/jsdom/living/generated/EventTarget.js:241:34)
      at 
node_modules/@testing-library/user-event/dist/cjs/event/dispatchEvent.js:45:43
      at Object.eventWrapper 
(node_modules/@testing-library/dom/dist/config.js:25:23)
      at Object.wrapEvent 
(node_modules/@testing-library/user-event/dist/cjs/event/wrapEvent.js:6:28)
      at Object.dispatchEvent (node_modules/@testing-library/user-event/dist/cj
s/event/dispatchEvent.js:45:22)
      at Object.dispatchUIEvent (node_modules/@testing-library/user-event/dist/
cjs/event/dispatchEvent.js:22:26)
      at commitInput 
(node_modules/@testing-library/user-event/dist/cjs/event/input.js:145:14)
      at editInputElement 
(node_modules/@testing-library/user-event/dist/cjs/event/input.js:115:9)
      at Object.input 
(node_modules/@testing-library/user-event/dist/cjs/event/input.js:37:9)
      at node_modules/@testing-library/user-event/dist/cjs/event/behavior/keypr
ess.js:31:26
      at Object.dispatchEvent (node_modules/@testing-library/user-event/dist/cj
s/event/dispatchEvent.js:41:13)
      at Object.dispatchUIEvent (node_modules/@testing-library/user-event/dist/
cjs/event/dispatchEvent.js:22:26)
      at KeyboardHost.keydown 
(node_modules/@testing-library/user-event/dist/cjs/system/keyboard.js:76:22)
      at keyboardAction 
(node_modules/@testing-library/user-event/dist/cjs/keyboard/index.js:22:35)
      at Object.keyboard 
(node_modules/@testing-library/user-event/dist/cjs/keyboard/index.js:11:15)
      at Object.type 
(node_modules/@testing-library/user-event/dist/cjs/utility/type.js:17:5)
      at Object.<anonymous> (src/reporting/__tests__/reports.test.tsx:1197:9)

    console.error
      Warning: An update to DashboardConfigurePage inside a test was not 
wrapped in act(...).
      
      When testing, code that causes React state updates should be wrapped 
into act(...):
      
      act(() => {
        /* fire events that update state */
      });
      /* assert on the output */
      
      This ensures that you're testing the behavior the user would see in the 
browser. Learn more at https://reactjs.org/link/wrap-tests-with-act
          at DashboardConfigurePage (C:\Users\samhe\OneDrive\Desktop\Cleaned\fr
ontend\src\reporting\DashboardConfigurePage\DashboardConfigurePage.tsx:107:29)
          at routeContext (C:\Users\samhe\OneDrive\Desktop\Cleaned\frontend\nod
e_modules\react-router\lib\hooks.tsx:658:26)
          at children (C:\Users\samhe\OneDrive\Desktop\Cleaned\frontend\node_mo
dules\react-router\lib\components.tsx:512:3)
          at basenameProp (C:\Users\samhe\OneDrive\Desktop\Cleaned\frontend\nod
e_modules\react-router\lib\components.tsx:421:13)
          at basename (C:\Users\samhe\OneDrive\Desktop\Cleaned\frontend\node_mo
dules\react-router\lib\components.tsx:225:3)

      452 |                                         type="text"
      453 |                                         value={draftWidget.title}
    > 454 |                                         onChange={(e) => 
setDraftWidget((prev) => prev ? { ...prev, title: e.target.value } : prev)}
          |                                                          ^
      455 |                                         className="border 
border-gray-300 rounded px-3 py-2 text-sm"
      456 |                                     />
      457 |                                 </div>

      at printWarning 
(node_modules/react-dom/cjs/react-dom.development.js:86:30)
      at error (node_modules/react-dom/cjs/react-dom.development.js:60:7)
      at warnIfUpdatesNotWrappedWithActDEV 
(node_modules/react-dom/cjs/react-dom.development.js:27628:9)
      at scheduleUpdateOnFiber 
(node_modules/react-dom/cjs/react-dom.development.js:25547:5)
      at dispatchSetState 
(node_modules/react-dom/cjs/react-dom.development.js:16708:7)
      at onChange 
(src/reporting/DashboardConfigurePage/DashboardConfigurePage.tsx:454:58)
      at HTMLUnknownElement.callCallback 
(node_modules/react-dom/cjs/react-dom.development.js:4164:14)
      at HTMLUnknownElement.callTheUserObjectsOperation 
(node_modules/jsdom/lib/jsdom/living/generated/EventListener.js:26:30)
      at innerInvokeEventListeners 
(node_modules/jsdom/lib/jsdom/living/events/EventTarget-impl.js:350:25)
      at invokeEventListeners 
(node_modules/jsdom/lib/jsdom/living/events/EventTarget-impl.js:286:3)
      at HTMLUnknownElementImpl._dispatch 
(node_modules/jsdom/lib/jsdom/living/events/EventTarget-impl.js:233:9)
      at HTMLUnknownElementImpl.dispatchEvent 
(node_modules/jsdom/lib/jsdom/living/events/EventTarget-impl.js:104:17)
      at HTMLUnknownElement.dispatchEvent 
(node_modules/jsdom/lib/jsdom/living/generated/EventTarget.js:241:34)
      at Object.invokeGuardedCallbackDev 
(node_modules/react-dom/cjs/react-dom.development.js:4213:16)
      at invokeGuardedCallback 
(node_modules/react-dom/cjs/react-dom.development.js:4277:31)
      at invokeGuardedCallbackAndCatchFirstError 
(node_modules/react-dom/cjs/react-dom.development.js:4291:25)
      at executeDispatch 
(node_modules/react-dom/cjs/react-dom.development.js:9041:3)
      at processDispatchQueueItemsInOrder 
(node_modules/react-dom/cjs/react-dom.development.js:9073:7)
      at processDispatchQueue 
(node_modules/react-dom/cjs/react-dom.development.js:9086:5)
      at dispatchEventsForPlugins 
(node_modules/react-dom/cjs/react-dom.development.js:9097:3)
      at node_modules/react-dom/cjs/react-dom.development.js:9288:12
      at batchedUpdates$1 
(node_modules/react-dom/cjs/react-dom.development.js:26179:12)
      at batchedUpdates 
(node_modules/react-dom/cjs/react-dom.development.js:3991:12)
      at dispatchEventForPluginEventSystem 
(node_modules/react-dom/cjs/react-dom.development.js:9287:3)
      at dispatchEventWithEnableCapturePhaseSelectiveHydrationWithoutDiscreteEv
entReplay (node_modules/react-dom/cjs/react-dom.development.js:6465:5)
      at dispatchEvent 
(node_modules/react-dom/cjs/react-dom.development.js:6457:5)
      at dispatchDiscreteEvent 
(node_modules/react-dom/cjs/react-dom.development.js:6430:5)
      at HTMLDivElement.callTheUserObjectsOperation 
(node_modules/jsdom/lib/jsdom/living/generated/EventListener.js:26:30)
      at innerInvokeEventListeners 
(node_modules/jsdom/lib/jsdom/living/events/EventTarget-impl.js:350:25)
      at invokeEventListeners 
(node_modules/jsdom/lib/jsdom/living/events/EventTarget-impl.js:286:3)
      at HTMLInputElementImpl._dispatch 
(node_modules/jsdom/lib/jsdom/living/events/EventTarget-impl.js:233:9)
      at HTMLInputElementImpl.dispatchEvent 
(node_modules/jsdom/lib/jsdom/living/events/EventTarget-impl.js:104:17)
      at HTMLInputElement.dispatchEvent 
(node_modules/jsdom/lib/jsdom/living/generated/EventTarget.js:241:34)
      at 
node_modules/@testing-library/user-event/dist/cjs/event/dispatchEvent.js:45:43
      at Object.eventWrapper 
(node_modules/@testing-library/dom/dist/config.js:25:23)
      at Object.wrapEvent 
(node_modules/@testing-library/user-event/dist/cjs/event/wrapEvent.js:6:28)
      at Object.dispatchEvent (node_modules/@testing-library/user-event/dist/cj
s/event/dispatchEvent.js:45:22)
      at Object.dispatchUIEvent (node_modules/@testing-library/user-event/dist/
cjs/event/dispatchEvent.js:22:26)
      at commitInput 
(node_modules/@testing-library/user-event/dist/cjs/event/input.js:145:14)
      at editInputElement 
(node_modules/@testing-library/user-event/dist/cjs/event/input.js:115:9)
      at Object.input 
(node_modules/@testing-library/user-event/dist/cjs/event/input.js:37:9)
      at node_modules/@testing-library/user-event/dist/cjs/event/behavior/keypr
ess.js:31:26
      at Object.dispatchEvent (node_modules/@testing-library/user-event/dist/cj
s/event/dispatchEvent.js:41:13)
      at Object.dispatchUIEvent (node_modules/@testing-library/user-event/dist/
cjs/event/dispatchEvent.js:22:26)
      at KeyboardHost.keydown 
(node_modules/@testing-library/user-event/dist/cjs/system/keyboard.js:76:22)
      at keyboardAction 
(node_modules/@testing-library/user-event/dist/cjs/keyboard/index.js:22:35)
      at Object.keyboard 
(node_modules/@testing-library/user-event/dist/cjs/keyboard/index.js:11:15)
      at Object.type 
(node_modules/@testing-library/user-event/dist/cjs/utility/type.js:17:5)
      at Object.<anonymous> (src/reporting/__tests__/reports.test.tsx:1197:9)

    console.error
      Warning: An update to DashboardConfigurePage inside a test was not 
wrapped in act(...).
      
      When testing, code that causes React state updates should be wrapped 
into act(...):
      
      act(() => {
        /* fire events that update state */
      });
      /* assert on the output */
      
      This ensures that you're testing the behavior the user would see in the 
browser. Learn more at https://reactjs.org/link/wrap-tests-with-act
          at DashboardConfigurePage (C:\Users\samhe\OneDrive\Desktop\Cleaned\fr
ontend\src\reporting\DashboardConfigurePage\DashboardConfigurePage.tsx:107:29)
          at routeContext (C:\Users\samhe\OneDrive\Desktop\Cleaned\frontend\nod
e_modules\react-router\lib\hooks.tsx:658:26)
          at children (C:\Users\samhe\OneDrive\Desktop\Cleaned\frontend\node_mo
dules\react-router\lib\components.tsx:512:3)
          at basenameProp (C:\Users\samhe\OneDrive\Desktop\Cleaned\frontend\nod
e_modules\react-router\lib\components.tsx:421:13)
          at basename (C:\Users\samhe\OneDrive\Desktop\Cleaned\frontend\node_mo
dules\react-router\lib\components.tsx:225:3)

      452 |                                         type="text"
      453 |                                         value={draftWidget.title}
    > 454 |                                         onChange={(e) => 
setDraftWidget((prev) => prev ? { ...prev, title: e.target.value } : prev)}
          |                                                          ^
      455 |                                         className="border 
border-gray-300 rounded px-3 py-2 text-sm"
      456 |                                     />
      457 |                                 </div>

      at printWarning 
(node_modules/react-dom/cjs/react-dom.development.js:86:30)
      at error (node_modules/react-dom/cjs/react-dom.development.js:60:7)
      at warnIfUpdatesNotWrappedWithActDEV 
(node_modules/react-dom/cjs/react-dom.development.js:27628:9)
      at scheduleUpdateOnFiber 
(node_modules/react-dom/cjs/react-dom.development.js:25547:5)
      at dispatchSetState 
(node_modules/react-dom/cjs/react-dom.development.js:16708:7)
      at onChange 
(src/reporting/DashboardConfigurePage/DashboardConfigurePage.tsx:454:58)
      at HTMLUnknownElement.callCallback 
(node_modules/react-dom/cjs/react-dom.development.js:4164:14)
      at HTMLUnknownElement.callTheUserObjectsOperation 
(node_modules/jsdom/lib/jsdom/living/generated/EventListener.js:26:30)
      at innerInvokeEventListeners 
(node_modules/jsdom/lib/jsdom/living/events/EventTarget-impl.js:350:25)
      at invokeEventListeners 
(node_modules/jsdom/lib/jsdom/living/events/EventTarget-impl.js:286:3)
      at HTMLUnknownElementImpl._dispatch 
(node_modules/jsdom/lib/jsdom/living/events/EventTarget-impl.js:233:9)
      at HTMLUnknownElementImpl.dispatchEvent 
(node_modules/jsdom/lib/jsdom/living/events/EventTarget-impl.js:104:17)
      at HTMLUnknownElement.dispatchEvent 
(node_modules/jsdom/lib/jsdom/living/generated/EventTarget.js:241:34)
      at Object.invokeGuardedCallbackDev 
(node_modules/react-dom/cjs/react-dom.development.js:4213:16)
      at invokeGuardedCallback 
(node_modules/react-dom/cjs/react-dom.development.js:4277:31)
      at invokeGuardedCallbackAndCatchFirstError 
(node_modules/react-dom/cjs/react-dom.development.js:4291:25)
      at executeDispatch 
(node_modules/react-dom/cjs/react-dom.development.js:9041:3)
      at processDispatchQueueItemsInOrder 
(node_modules/react-dom/cjs/react-dom.development.js:9073:7)
      at processDispatchQueue 
(node_modules/react-dom/cjs/react-dom.development.js:9086:5)
      at dispatchEventsForPlugins 
(node_modules/react-dom/cjs/react-dom.development.js:9097:3)
      at node_modules/react-dom/cjs/react-dom.development.js:9288:12
      at batchedUpdates$1 
(node_modules/react-dom/cjs/react-dom.development.js:26179:12)
      at batchedUpdates 
(node_modules/react-dom/cjs/react-dom.development.js:3991:12)
      at dispatchEventForPluginEventSystem 
(node_modules/react-dom/cjs/react-dom.development.js:9287:3)
      at dispatchEventWithEnableCapturePhaseSelectiveHydrationWithoutDiscreteEv
entReplay (node_modules/react-dom/cjs/react-dom.development.js:6465:5)
      at dispatchEvent 
(node_modules/react-dom/cjs/react-dom.development.js:6457:5)
      at dispatchDiscreteEvent 
(node_modules/react-dom/cjs/react-dom.development.js:6430:5)
      at HTMLDivElement.callTheUserObjectsOperation 
(node_modules/jsdom/lib/jsdom/living/generated/EventListener.js:26:30)
      at innerInvokeEventListeners 
(node_modules/jsdom/lib/jsdom/living/events/EventTarget-impl.js:350:25)
      at invokeEventListeners 
(node_modules/jsdom/lib/jsdom/living/events/EventTarget-impl.js:286:3)
      at HTMLInputElementImpl._dispatch 
(node_modules/jsdom/lib/jsdom/living/events/EventTarget-impl.js:233:9)
      at HTMLInputElementImpl.dispatchEvent 
(node_modules/jsdom/lib/jsdom/living/events/EventTarget-impl.js:104:17)
      at HTMLInputElement.dispatchEvent 
(node_modules/jsdom/lib/jsdom/living/generated/EventTarget.js:241:34)
      at 
node_modules/@testing-library/user-event/dist/cjs/event/dispatchEvent.js:45:43
      at Object.eventWrapper 
(node_modules/@testing-library/dom/dist/config.js:25:23)
      at Object.wrapEvent 
(node_modules/@testing-library/user-event/dist/cjs/event/wrapEvent.js:6:28)
      at Object.dispatchEvent (node_modules/@testing-library/user-event/dist/cj
s/event/dispatchEvent.js:45:22)
      at Object.dispatchUIEvent (node_modules/@testing-library/user-event/dist/
cjs/event/dispatchEvent.js:22:26)
      at commitInput 
(node_modules/@testing-library/user-event/dist/cjs/event/input.js:145:14)
      at editInputElement 
(node_modules/@testing-library/user-event/dist/cjs/event/input.js:115:9)
      at Object.input 
(node_modules/@testing-library/user-event/dist/cjs/event/input.js:37:9)
      at node_modules/@testing-library/user-event/dist/cjs/event/behavior/keypr
ess.js:31:26
      at Object.dispatchEvent (node_modules/@testing-library/user-event/dist/cj
s/event/dispatchEvent.js:41:13)
      at Object.dispatchUIEvent (node_modules/@testing-library/user-event/dist/
cjs/event/dispatchEvent.js:22:26)
      at KeyboardHost.keydown 
(node_modules/@testing-library/user-event/dist/cjs/system/keyboard.js:76:22)
      at keyboardAction 
(node_modules/@testing-library/user-event/dist/cjs/keyboard/index.js:22:35)
      at Object.keyboard 
(node_modules/@testing-library/user-event/dist/cjs/keyboard/index.js:11:15)
      at Object.type 
(node_modules/@testing-library/user-event/dist/cjs/utility/type.js:17:5)
      at Object.<anonymous> (src/reporting/__tests__/reports.test.tsx:1197:9)

    console.error
      Warning: An update to DashboardConfigurePage inside a test was not 
wrapped in act(...).
      
      When testing, code that causes React state updates should be wrapped 
into act(...):
      
      act(() => {
        /* fire events that update state */
      });
      /* assert on the output */
      
      This ensures that you're testing the behavior the user would see in the 
browser. Learn more at https://reactjs.org/link/wrap-tests-with-act
          at DashboardConfigurePage (C:\Users\samhe\OneDrive\Desktop\Cleaned\fr
ontend\src\reporting\DashboardConfigurePage\DashboardConfigurePage.tsx:107:29)
          at routeContext (C:\Users\samhe\OneDrive\Desktop\Cleaned\frontend\nod
e_modules\react-router\lib\hooks.tsx:658:26)
          at children (C:\Users\samhe\OneDrive\Desktop\Cleaned\frontend\node_mo
dules\react-router\lib\components.tsx:512:3)
          at basenameProp (C:\Users\samhe\OneDrive\Desktop\Cleaned\frontend\nod
e_modules\react-router\lib\components.tsx:421:13)
          at basename (C:\Users\samhe\OneDrive\Desktop\Cleaned\frontend\node_mo
dules\react-router\lib\components.tsx:225:3)

      452 |                                         type="text"
      453 |                                         value={draftWidget.title}
    > 454 |                                         onChange={(e) => 
setDraftWidget((prev) => prev ? { ...prev, title: e.target.value } : prev)}
          |                                                          ^
      455 |                                         className="border 
border-gray-300 rounded px-3 py-2 text-sm"
      456 |                                     />
      457 |                                 </div>

      at printWarning 
(node_modules/react-dom/cjs/react-dom.development.js:86:30)
      at error (node_modules/react-dom/cjs/react-dom.development.js:60:7)
      at warnIfUpdatesNotWrappedWithActDEV 
(node_modules/react-dom/cjs/react-dom.development.js:27628:9)
      at scheduleUpdateOnFiber 
(node_modules/react-dom/cjs/react-dom.development.js:25547:5)
      at dispatchSetState 
(node_modules/react-dom/cjs/react-dom.development.js:16708:7)
      at onChange 
(src/reporting/DashboardConfigurePage/DashboardConfigurePage.tsx:454:58)
      at HTMLUnknownElement.callCallback 
(node_modules/react-dom/cjs/react-dom.development.js:4164:14)
      at HTMLUnknownElement.callTheUserObjectsOperation 
(node_modules/jsdom/lib/jsdom/living/generated/EventListener.js:26:30)
      at innerInvokeEventListeners 
(node_modules/jsdom/lib/jsdom/living/events/EventTarget-impl.js:350:25)
      at invokeEventListeners 
(node_modules/jsdom/lib/jsdom/living/events/EventTarget-impl.js:286:3)
      at HTMLUnknownElementImpl._dispatch 
(node_modules/jsdom/lib/jsdom/living/events/EventTarget-impl.js:233:9)
      at HTMLUnknownElementImpl.dispatchEvent 
(node_modules/jsdom/lib/jsdom/living/events/EventTarget-impl.js:104:17)
      at HTMLUnknownElement.dispatchEvent 
(node_modules/jsdom/lib/jsdom/living/generated/EventTarget.js:241:34)
      at Object.invokeGuardedCallbackDev 
(node_modules/react-dom/cjs/react-dom.development.js:4213:16)
      at invokeGuardedCallback 
(node_modules/react-dom/cjs/react-dom.development.js:4277:31)
      at invokeGuardedCallbackAndCatchFirstError 
(node_modules/react-dom/cjs/react-dom.development.js:4291:25)
      at executeDispatch 
(node_modules/react-dom/cjs/react-dom.development.js:9041:3)
      at processDispatchQueueItemsInOrder 
(node_modules/react-dom/cjs/react-dom.development.js:9073:7)
      at processDispatchQueue 
(node_modules/react-dom/cjs/react-dom.development.js:9086:5)
      at dispatchEventsForPlugins 
(node_modules/react-dom/cjs/react-dom.development.js:9097:3)
      at node_modules/react-dom/cjs/react-dom.development.js:9288:12
      at batchedUpdates$1 
(node_modules/react-dom/cjs/react-dom.development.js:26179:12)
      at batchedUpdates 
(node_modules/react-dom/cjs/react-dom.development.js:3991:12)
      at dispatchEventForPluginEventSystem 
(node_modules/react-dom/cjs/react-dom.development.js:9287:3)
      at dispatchEventWithEnableCapturePhaseSelectiveHydrationWithoutDiscreteEv
entReplay (node_modules/react-dom/cjs/react-dom.development.js:6465:5)
      at dispatchEvent 
(node_modules/react-dom/cjs/react-dom.development.js:6457:5)
      at dispatchDiscreteEvent 
(node_modules/react-dom/cjs/react-dom.development.js:6430:5)
      at HTMLDivElement.callTheUserObjectsOperation 
(node_modules/jsdom/lib/jsdom/living/generated/EventListener.js:26:30)
      at innerInvokeEventListeners 
(node_modules/jsdom/lib/jsdom/living/events/EventTarget-impl.js:350:25)
      at invokeEventListeners 
(node_modules/jsdom/lib/jsdom/living/events/EventTarget-impl.js:286:3)
      at HTMLInputElementImpl._dispatch 
(node_modules/jsdom/lib/jsdom/living/events/EventTarget-impl.js:233:9)
      at HTMLInputElementImpl.dispatchEvent 
(node_modules/jsdom/lib/jsdom/living/events/EventTarget-impl.js:104:17)
      at HTMLInputElement.dispatchEvent 
(node_modules/jsdom/lib/jsdom/living/generated/EventTarget.js:241:34)
      at 
node_modules/@testing-library/user-event/dist/cjs/event/dispatchEvent.js:45:43
      at Object.eventWrapper 
(node_modules/@testing-library/dom/dist/config.js:25:23)
      at Object.wrapEvent 
(node_modules/@testing-library/user-event/dist/cjs/event/wrapEvent.js:6:28)
      at Object.dispatchEvent (node_modules/@testing-library/user-event/dist/cj
s/event/dispatchEvent.js:45:22)
      at Object.dispatchUIEvent (node_modules/@testing-library/user-event/dist/
cjs/event/dispatchEvent.js:22:26)
      at commitInput 
(node_modules/@testing-library/user-event/dist/cjs/event/input.js:145:14)
      at editInputElement 
(node_modules/@testing-library/user-event/dist/cjs/event/input.js:115:9)
      at Object.input 
(node_modules/@testing-library/user-event/dist/cjs/event/input.js:37:9)
      at node_modules/@testing-library/user-event/dist/cjs/event/behavior/keypr
ess.js:31:26
      at Object.dispatchEvent (node_modules/@testing-library/user-event/dist/cj
s/event/dispatchEvent.js:41:13)
      at Object.dispatchUIEvent (node_modules/@testing-library/user-event/dist/
cjs/event/dispatchEvent.js:22:26)
      at KeyboardHost.keydown 
(node_modules/@testing-library/user-event/dist/cjs/system/keyboard.js:76:22)
      at keyboardAction 
(node_modules/@testing-library/user-event/dist/cjs/keyboard/index.js:22:35)
      at Object.keyboard 
(node_modules/@testing-library/user-event/dist/cjs/keyboard/index.js:11:15)
      at Object.type 
(node_modules/@testing-library/user-event/dist/cjs/utility/type.js:17:5)
      at Object.<anonymous> (src/reporting/__tests__/reports.test.tsx:1197:9)

    console.error
      Warning: An update to DashboardConfigurePage inside a test was not 
wrapped in act(...).
      
      When testing, code that causes React state updates should be wrapped 
into act(...):
      
      act(() => {
        /* fire events that update state */
      });
      /* assert on the output */
      
      This ensures that you're testing the behavior the user would see in the 
browser. Learn more at https://reactjs.org/link/wrap-tests-with-act
          at DashboardConfigurePage (C:\Users\samhe\OneDrive\Desktop\Cleaned\fr
ontend\src\reporting\DashboardConfigurePage\DashboardConfigurePage.tsx:107:29)
          at routeContext (C:\Users\samhe\OneDrive\Desktop\Cleaned\frontend\nod
e_modules\react-router\lib\hooks.tsx:658:26)
          at children (C:\Users\samhe\OneDrive\Desktop\Cleaned\frontend\node_mo
dules\react-router\lib\components.tsx:512:3)
          at basenameProp (C:\Users\samhe\OneDrive\Desktop\Cleaned\frontend\nod
e_modules\react-router\lib\components.tsx:421:13)
          at basename (C:\Users\samhe\OneDrive\Desktop\Cleaned\frontend\node_mo
dules\react-router\lib\components.tsx:225:3)

      452 |                                         type="text"
      453 |                                         value={draftWidget.title}
    > 454 |                                         onChange={(e) => 
setDraftWidget((prev) => prev ? { ...prev, title: e.target.value } : prev)}
          |                                                          ^
      455 |                                         className="border 
border-gray-300 rounded px-3 py-2 text-sm"
      456 |                                     />
      457 |                                 </div>

      at printWarning 
(node_modules/react-dom/cjs/react-dom.development.js:86:30)
      at error (node_modules/react-dom/cjs/react-dom.development.js:60:7)
      at warnIfUpdatesNotWrappedWithActDEV 
(node_modules/react-dom/cjs/react-dom.development.js:27628:9)
      at scheduleUpdateOnFiber 
(node_modules/react-dom/cjs/react-dom.development.js:25547:5)
      at dispatchSetState 
(node_modules/react-dom/cjs/react-dom.development.js:16708:7)
      at onChange 
(src/reporting/DashboardConfigurePage/DashboardConfigurePage.tsx:454:58)
      at HTMLUnknownElement.callCallback 
(node_modules/react-dom/cjs/react-dom.development.js:4164:14)
      at HTMLUnknownElement.callTheUserObjectsOperation 
(node_modules/jsdom/lib/jsdom/living/generated/EventListener.js:26:30)
      at innerInvokeEventListeners 
(node_modules/jsdom/lib/jsdom/living/events/EventTarget-impl.js:350:25)
      at invokeEventListeners 
(node_modules/jsdom/lib/jsdom/living/events/EventTarget-impl.js:286:3)
      at HTMLUnknownElementImpl._dispatch 
(node_modules/jsdom/lib/jsdom/living/events/EventTarget-impl.js:233:9)
      at HTMLUnknownElementImpl.dispatchEvent 
(node_modules/jsdom/lib/jsdom/living/events/EventTarget-impl.js:104:17)
      at HTMLUnknownElement.dispatchEvent 
(node_modules/jsdom/lib/jsdom/living/generated/EventTarget.js:241:34)
      at Object.invokeGuardedCallbackDev 
(node_modules/react-dom/cjs/react-dom.development.js:4213:16)
      at invokeGuardedCallback 
(node_modules/react-dom/cjs/react-dom.development.js:4277:31)
      at invokeGuardedCallbackAndCatchFirstError 
(node_modules/react-dom/cjs/react-dom.development.js:4291:25)
      at executeDispatch 
(node_modules/react-dom/cjs/react-dom.development.js:9041:3)
      at processDispatchQueueItemsInOrder 
(node_modules/react-dom/cjs/react-dom.development.js:9073:7)
      at processDispatchQueue 
(node_modules/react-dom/cjs/react-dom.development.js:9086:5)
      at dispatchEventsForPlugins 
(node_modules/react-dom/cjs/react-dom.development.js:9097:3)
      at node_modules/react-dom/cjs/react-dom.development.js:9288:12
      at batchedUpdates$1 
(node_modules/react-dom/cjs/react-dom.development.js:26179:12)
      at batchedUpdates 
(node_modules/react-dom/cjs/react-dom.development.js:3991:12)
      at dispatchEventForPluginEventSystem 
(node_modules/react-dom/cjs/react-dom.development.js:9287:3)
      at dispatchEventWithEnableCapturePhaseSelectiveHydrationWithoutDiscreteEv
entReplay (node_modules/react-dom/cjs/react-dom.development.js:6465:5)
      at dispatchEvent 
(node_modules/react-dom/cjs/react-dom.development.js:6457:5)
      at dispatchDiscreteEvent 
(node_modules/react-dom/cjs/react-dom.development.js:6430:5)
      at HTMLDivElement.callTheUserObjectsOperation 
(node_modules/jsdom/lib/jsdom/living/generated/EventListener.js:26:30)
      at innerInvokeEventListeners 
(node_modules/jsdom/lib/jsdom/living/events/EventTarget-impl.js:350:25)
      at invokeEventListeners 
(node_modules/jsdom/lib/jsdom/living/events/EventTarget-impl.js:286:3)
      at HTMLInputElementImpl._dispatch 
(node_modules/jsdom/lib/jsdom/living/events/EventTarget-impl.js:233:9)
      at HTMLInputElementImpl.dispatchEvent 
(node_modules/jsdom/lib/jsdom/living/events/EventTarget-impl.js:104:17)
      at HTMLInputElement.dispatchEvent 
(node_modules/jsdom/lib/jsdom/living/generated/EventTarget.js:241:34)
      at 
node_modules/@testing-library/user-event/dist/cjs/event/dispatchEvent.js:45:43
      at Object.eventWrapper 
(node_modules/@testing-library/dom/dist/config.js:25:23)
      at Object.wrapEvent 
(node_modules/@testing-library/user-event/dist/cjs/event/wrapEvent.js:6:28)
      at Object.dispatchEvent (node_modules/@testing-library/user-event/dist/cj
s/event/dispatchEvent.js:45:22)
      at Object.dispatchUIEvent (node_modules/@testing-library/user-event/dist/
cjs/event/dispatchEvent.js:22:26)
      at commitInput 
(node_modules/@testing-library/user-event/dist/cjs/event/input.js:145:14)
      at editInputElement 
(node_modules/@testing-library/user-event/dist/cjs/event/input.js:115:9)
      at Object.input 
(node_modules/@testing-library/user-event/dist/cjs/event/input.js:37:9)
      at node_modules/@testing-library/user-event/dist/cjs/event/behavior/keypr
ess.js:31:26
      at Object.dispatchEvent (node_modules/@testing-library/user-event/dist/cj
s/event/dispatchEvent.js:41:13)
      at Object.dispatchUIEvent (node_modules/@testing-library/user-event/dist/
cjs/event/dispatchEvent.js:22:26)
      at KeyboardHost.keydown 
(node_modules/@testing-library/user-event/dist/cjs/system/keyboard.js:76:22)
      at keyboardAction 
(node_modules/@testing-library/user-event/dist/cjs/keyboard/index.js:22:35)
      at Object.keyboard 
(node_modules/@testing-library/user-event/dist/cjs/keyboard/index.js:11:15)
      at Object.type 
(node_modules/@testing-library/user-event/dist/cjs/utility/type.js:17:5)
      at Object.<anonymous> (src/reporting/__tests__/reports.test.tsx:1197:9)

    console.error
      Warning: An update to DashboardConfigurePage inside a test was not 
wrapped in act(...).
      
      When testing, code that causes React state updates should be wrapped 
into act(...):
      
      act(() => {
        /* fire events that update state */
      });
      /* assert on the output */
      
      This ensures that you're testing the behavior the user would see in the 
browser. Learn more at https://reactjs.org/link/wrap-tests-with-act
          at DashboardConfigurePage (C:\Users\samhe\OneDrive\Desktop\Cleaned\fr
ontend\src\reporting\DashboardConfigurePage\DashboardConfigurePage.tsx:107:29)
          at routeContext (C:\Users\samhe\OneDrive\Desktop\Cleaned\frontend\nod
e_modules\react-router\lib\hooks.tsx:658:26)
          at children (C:\Users\samhe\OneDrive\Desktop\Cleaned\frontend\node_mo
dules\react-router\lib\components.tsx:512:3)
          at basenameProp (C:\Users\samhe\OneDrive\Desktop\Cleaned\frontend\nod
e_modules\react-router\lib\components.tsx:421:13)
          at basename (C:\Users\samhe\OneDrive\Desktop\Cleaned\frontend\node_mo
dules\react-router\lib\components.tsx:225:3)

      471 |                                         id="widget-type"
      472 |                                         value={draftWidget.type}
    > 473 |                                         onChange={(e) => 
setDraftWidget((prev) => prev ? normalizeWidget({
          |                                                          ^
      474 |                                             ...prev,
      475 |                                             type: e.target.value 
as DashboardWidgetType,
      476 |                                             metric: null,

      at printWarning 
(node_modules/react-dom/cjs/react-dom.development.js:86:30)
      at error (node_modules/react-dom/cjs/react-dom.development.js:60:7)
      at warnIfUpdatesNotWrappedWithActDEV 
(node_modules/react-dom/cjs/react-dom.development.js:27628:9)
      at scheduleUpdateOnFiber 
(node_modules/react-dom/cjs/react-dom.development.js:25547:5)
      at dispatchSetState 
(node_modules/react-dom/cjs/react-dom.development.js:16708:7)
      at onChange 
(src/reporting/DashboardConfigurePage/DashboardConfigurePage.tsx:473:58)
      at HTMLUnknownElement.callCallback 
(node_modules/react-dom/cjs/react-dom.development.js:4164:14)
      at HTMLUnknownElement.callTheUserObjectsOperation 
(node_modules/jsdom/lib/jsdom/living/generated/EventListener.js:26:30)
      at innerInvokeEventListeners 
(node_modules/jsdom/lib/jsdom/living/events/EventTarget-impl.js:350:25)
      at invokeEventListeners 
(node_modules/jsdom/lib/jsdom/living/events/EventTarget-impl.js:286:3)
      at HTMLUnknownElementImpl._dispatch 
(node_modules/jsdom/lib/jsdom/living/events/EventTarget-impl.js:233:9)
      at HTMLUnknownElementImpl.dispatchEvent 
(node_modules/jsdom/lib/jsdom/living/events/EventTarget-impl.js:104:17)
      at HTMLUnknownElement.dispatchEvent 
(node_modules/jsdom/lib/jsdom/living/generated/EventTarget.js:241:34)
      at Object.invokeGuardedCallbackDev 
(node_modules/react-dom/cjs/react-dom.development.js:4213:16)
      at invokeGuardedCallback 
(node_modules/react-dom/cjs/react-dom.development.js:4277:31)
      at invokeGuardedCallbackAndCatchFirstError 
(node_modules/react-dom/cjs/react-dom.development.js:4291:25)
      at executeDispatch 
(node_modules/react-dom/cjs/react-dom.development.js:9041:3)
      at processDispatchQueueItemsInOrder 
(node_modules/react-dom/cjs/react-dom.development.js:9073:7)
      at processDispatchQueue 
(node_modules/react-dom/cjs/react-dom.development.js:9086:5)
      at dispatchEventsForPlugins 
(node_modules/react-dom/cjs/react-dom.development.js:9097:3)
      at node_modules/react-dom/cjs/react-dom.development.js:9288:12
      at batchedUpdates$1 
(node_modules/react-dom/cjs/react-dom.development.js:26179:12)
      at batchedUpdates 
(node_modules/react-dom/cjs/react-dom.development.js:3991:12)
      at dispatchEventForPluginEventSystem 
(node_modules/react-dom/cjs/react-dom.development.js:9287:3)
      at dispatchEventWithEnableCapturePhaseSelectiveHydrationWithoutDiscreteEv
entReplay (node_modules/react-dom/cjs/react-dom.development.js:6465:5)
      at dispatchEvent 
(node_modules/react-dom/cjs/react-dom.development.js:6457:5)
      at dispatchDiscreteEvent 
(node_modules/react-dom/cjs/react-dom.development.js:6430:5)
      at HTMLDivElement.callTheUserObjectsOperation 
(node_modules/jsdom/lib/jsdom/living/generated/EventListener.js:26:30)
      at innerInvokeEventListeners 
(node_modules/jsdom/lib/jsdom/living/events/EventTarget-impl.js:350:25)
      at invokeEventListeners 
(node_modules/jsdom/lib/jsdom/living/events/EventTarget-impl.js:286:3)
      at HTMLSelectElementImpl._dispatch 
(node_modules/jsdom/lib/jsdom/living/events/EventTarget-impl.js:233:9)
      at HTMLSelectElementImpl.dispatchEvent 
(node_modules/jsdom/lib/jsdom/living/events/EventTarget-impl.js:104:17)
      at Proxy.dispatchEvent 
(node_modules/jsdom/lib/jsdom/living/generated/EventTarget.js:241:34)
      at 
node_modules/@testing-library/user-event/dist/cjs/event/dispatchEvent.js:45:43
      at Object.eventWrapper 
(node_modules/@testing-library/dom/dist/config.js:25:23)
      at Object.wrapEvent 
(node_modules/@testing-library/user-event/dist/cjs/event/wrapEvent.js:6:28)
      at Object.dispatchEvent (node_modules/@testing-library/user-event/dist/cj
s/event/dispatchEvent.js:45:22)
      at Object.dispatchUIEvent (node_modules/@testing-library/user-event/dist/
cjs/event/dispatchEvent.js:22:26)
      at selectOption (node_modules/@testing-library/user-event/dist/cjs/utilit
y/selectOptions.js:51:14)
      at Object.selectOptionsBase (node_modules/@testing-library/user-event/dis
t/cjs/utility/selectOptions.js:87:13)
      at Object.<anonymous> (src/reporting/__tests__/reports.test.tsx:1198:9)

    console.error
      Warning: An update to DashboardConfigurePage inside a test was not 
wrapped in act(...).
      
      When testing, code that causes React state updates should be wrapped 
into act(...):
      
      act(() => {
        /* fire events that update state */
      });
      /* assert on the output */
      
      This ensures that you're testing the behavior the user would see in the 
browser. Learn more at https://reactjs.org/link/wrap-tests-with-act
          at DashboardConfigurePage (C:\Users\samhe\OneDrive\Desktop\Cleaned\fr
ontend\src\reporting\DashboardConfigurePage\DashboardConfigurePage.tsx:107:29)
          at routeContext (C:\Users\samhe\OneDrive\Desktop\Cleaned\frontend\nod
e_modules\react-router\lib\hooks.tsx:658:26)
          at children (C:\Users\samhe\OneDrive\Desktop\Cleaned\frontend\node_mo
dules\react-router\lib\components.tsx:512:3)
          at basenameProp (C:\Users\samhe\OneDrive\Desktop\Cleaned\frontend\nod
e_modules\react-router\lib\components.tsx:421:13)
          at basename (C:\Users\samhe\OneDrive\Desktop\Cleaned\frontend\node_mo
dules\react-router\lib\components.tsx:225:3)

      528 |                                                 
id="widget-chart-type"
      529 |                                                 
value={draftWidget.chartType ?? 'bar'}
    > 530 |                                                 onChange={(e) => 
setDraftWidget((prev) => prev ? { ...prev, chartType: e.target.value as 
DashboardChartType } : prev)}
          |                                                                  ^
      531 |                                                 className="border 
border-gray-300 rounded px-3 py-2 text-sm"
      532 |                                             >
      533 |                                                 
{CHART_TYPES.map((type) => (

      at printWarning 
(node_modules/react-dom/cjs/react-dom.development.js:86:30)
      at error (node_modules/react-dom/cjs/react-dom.development.js:60:7)
      at warnIfUpdatesNotWrappedWithActDEV 
(node_modules/react-dom/cjs/react-dom.development.js:27628:9)
      at scheduleUpdateOnFiber 
(node_modules/react-dom/cjs/react-dom.development.js:25547:5)
      at dispatchSetState 
(node_modules/react-dom/cjs/react-dom.development.js:16708:7)
      at onChange 
(src/reporting/DashboardConfigurePage/DashboardConfigurePage.tsx:530:66)
      at HTMLUnknownElement.callCallback 
(node_modules/react-dom/cjs/react-dom.development.js:4164:14)
      at HTMLUnknownElement.callTheUserObjectsOperation 
(node_modules/jsdom/lib/jsdom/living/generated/EventListener.js:26:30)
      at innerInvokeEventListeners 
(node_modules/jsdom/lib/jsdom/living/events/EventTarget-impl.js:350:25)
      at invokeEventListeners 
(node_modules/jsdom/lib/jsdom/living/events/EventTarget-impl.js:286:3)
      at HTMLUnknownElementImpl._dispatch 
(node_modules/jsdom/lib/jsdom/living/events/EventTarget-impl.js:233:9)
      at HTMLUnknownElementImpl.dispatchEvent 
(node_modules/jsdom/lib/jsdom/living/events/EventTarget-impl.js:104:17)
      at HTMLUnknownElement.dispatchEvent 
(node_modules/jsdom/lib/jsdom/living/generated/EventTarget.js:241:34)
      at Object.invokeGuardedCallbackDev 
(node_modules/react-dom/cjs/react-dom.development.js:4213:16)
      at invokeGuardedCallback 
(node_modules/react-dom/cjs/react-dom.development.js:4277:31)
      at invokeGuardedCallbackAndCatchFirstError 
(node_modules/react-dom/cjs/react-dom.development.js:4291:25)
      at executeDispatch 
(node_modules/react-dom/cjs/react-dom.development.js:9041:3)
      at processDispatchQueueItemsInOrder 
(node_modules/react-dom/cjs/react-dom.development.js:9073:7)
      at processDispatchQueue 
(node_modules/react-dom/cjs/react-dom.development.js:9086:5)
      at dispatchEventsForPlugins 
(node_modules/react-dom/cjs/react-dom.development.js:9097:3)
      at node_modules/react-dom/cjs/react-dom.development.js:9288:12
      at batchedUpdates$1 
(node_modules/react-dom/cjs/react-dom.development.js:26179:12)
      at batchedUpdates 
(node_modules/react-dom/cjs/react-dom.development.js:3991:12)
      at dispatchEventForPluginEventSystem 
(node_modules/react-dom/cjs/react-dom.development.js:9287:3)
      at dispatchEventWithEnableCapturePhaseSelectiveHydrationWithoutDiscreteEv
entReplay (node_modules/react-dom/cjs/react-dom.development.js:6465:5)
      at dispatchEvent 
(node_modules/react-dom/cjs/react-dom.development.js:6457:5)
      at dispatchDiscreteEvent 
(node_modules/react-dom/cjs/react-dom.development.js:6430:5)
      at HTMLDivElement.callTheUserObjectsOperation 
(node_modules/jsdom/lib/jsdom/living/generated/EventListener.js:26:30)
      at innerInvokeEventListeners 
(node_modules/jsdom/lib/jsdom/living/events/EventTarget-impl.js:350:25)
      at invokeEventListeners 
(node_modules/jsdom/lib/jsdom/living/events/EventTarget-impl.js:286:3)
      at HTMLSelectElementImpl._dispatch 
(node_modules/jsdom/lib/jsdom/living/events/EventTarget-impl.js:233:9)
      at HTMLSelectElementImpl.dispatchEvent 
(node_modules/jsdom/lib/jsdom/living/events/EventTarget-impl.js:104:17)
      at Proxy.dispatchEvent 
(node_modules/jsdom/lib/jsdom/living/generated/EventTarget.js:241:34)
      at 
node_modules/@testing-library/user-event/dist/cjs/event/dispatchEvent.js:45:43
      at Object.eventWrapper 
(node_modules/@testing-library/dom/dist/config.js:25:23)
      at Object.wrapEvent 
(node_modules/@testing-library/user-event/dist/cjs/event/wrapEvent.js:6:28)
      at Object.dispatchEvent (node_modules/@testing-library/user-event/dist/cj
s/event/dispatchEvent.js:45:22)
      at Object.dispatchUIEvent (node_modules/@testing-library/user-event/dist/
cjs/event/dispatchEvent.js:22:26)
      at selectOption (node_modules/@testing-library/user-event/dist/cjs/utilit
y/selectOptions.js:51:14)
      at Object.selectOptionsBase (node_modules/@testing-library/user-event/dis
t/cjs/utility/selectOptions.js:87:13)
      at Object.<anonymous> (src/reporting/__tests__/reports.test.tsx:1199:9)

    console.error
      Warning: An update to DashboardConfigurePage inside a test was not 
wrapped in act(...).
      
      When testing, code that causes React state updates should be wrapped 
into act(...):
      
      act(() => {
        /* fire events that update state */
      });
      /* assert on the output */
      
      This ensures that you're testing the behavior the user would see in the 
browser. Learn more at https://reactjs.org/link/wrap-tests-with-act
          at DashboardConfigurePage (C:\Users\samhe\OneDrive\Desktop\Cleaned\fr
ontend\src\reporting\DashboardConfigurePage\DashboardConfigurePage.tsx:107:29)
          at routeContext (C:\Users\samhe\OneDrive\Desktop\Cleaned\frontend\nod
e_modules\react-router\lib\hooks.tsx:658:26)
          at children (C:\Users\samhe\OneDrive\Desktop\Cleaned\frontend\node_mo
dules\react-router\lib\components.tsx:512:3)
          at basenameProp (C:\Users\samhe\OneDrive\Desktop\Cleaned\frontend\nod
e_modules\react-router\lib\components.tsx:421:13)
          at basename (C:\Users\samhe\OneDrive\Desktop\Cleaned\frontend\node_mo
dules\react-router\lib\components.tsx:225:3)

      571 |                                                         
id="widget-attribute"
      572 |                                                         
value={draftWidget.attribute ?? ''}
    > 573 |                                                         
onChange={(e) => setDraftWidget((prev) => prev ? { ...prev, attribute: 
e.target.value || null } : prev)}
          |                                                                    
      ^
      574 |                                                         
className="border border-gray-300 rounded px-3 py-2 text-sm"
      575 |                                                     >
      576 |                                                         <option 
value="">Select x-axis field</option>

      at printWarning 
(node_modules/react-dom/cjs/react-dom.development.js:86:30)
      at error (node_modules/react-dom/cjs/react-dom.development.js:60:7)
      at warnIfUpdatesNotWrappedWithActDEV 
(node_modules/react-dom/cjs/react-dom.development.js:27628:9)
      at scheduleUpdateOnFiber 
(node_modules/react-dom/cjs/react-dom.development.js:25547:5)
      at dispatchSetState 
(node_modules/react-dom/cjs/react-dom.development.js:16708:7)
      at onChange 
(src/reporting/DashboardConfigurePage/DashboardConfigurePage.tsx:573:74)
      at HTMLUnknownElement.callCallback 
(node_modules/react-dom/cjs/react-dom.development.js:4164:14)
      at HTMLUnknownElement.callTheUserObjectsOperation 
(node_modules/jsdom/lib/jsdom/living/generated/EventListener.js:26:30)
      at innerInvokeEventListeners 
(node_modules/jsdom/lib/jsdom/living/events/EventTarget-impl.js:350:25)
      at invokeEventListeners 
(node_modules/jsdom/lib/jsdom/living/events/EventTarget-impl.js:286:3)
      at HTMLUnknownElementImpl._dispatch 
(node_modules/jsdom/lib/jsdom/living/events/EventTarget-impl.js:233:9)
      at HTMLUnknownElementImpl.dispatchEvent 
(node_modules/jsdom/lib/jsdom/living/events/EventTarget-impl.js:104:17)
      at HTMLUnknownElement.dispatchEvent 
(node_modules/jsdom/lib/jsdom/living/generated/EventTarget.js:241:34)
      at Object.invokeGuardedCallbackDev 
(node_modules/react-dom/cjs/react-dom.development.js:4213:16)
      at invokeGuardedCallback 
(node_modules/react-dom/cjs/react-dom.development.js:4277:31)
      at invokeGuardedCallbackAndCatchFirstError 
(node_modules/react-dom/cjs/react-dom.development.js:4291:25)
      at executeDispatch 
(node_modules/react-dom/cjs/react-dom.development.js:9041:3)
      at processDispatchQueueItemsInOrder 
(node_modules/react-dom/cjs/react-dom.development.js:9073:7)
      at processDispatchQueue 
(node_modules/react-dom/cjs/react-dom.development.js:9086:5)
      at dispatchEventsForPlugins 
(node_modules/react-dom/cjs/react-dom.development.js:9097:3)
      at node_modules/react-dom/cjs/react-dom.development.js:9288:12
      at batchedUpdates$1 
(node_modules/react-dom/cjs/react-dom.development.js:26179:12)
      at batchedUpdates 
(node_modules/react-dom/cjs/react-dom.development.js:3991:12)
      at dispatchEventForPluginEventSystem 
(node_modules/react-dom/cjs/react-dom.development.js:9287:3)
      at dispatchEventWithEnableCapturePhaseSelectiveHydrationWithoutDiscreteEv
entReplay (node_modules/react-dom/cjs/react-dom.development.js:6465:5)
      at dispatchEvent 
(node_modules/react-dom/cjs/react-dom.development.js:6457:5)
      at dispatchDiscreteEvent 
(node_modules/react-dom/cjs/react-dom.development.js:6430:5)
      at HTMLDivElement.callTheUserObjectsOperation 
(node_modules/jsdom/lib/jsdom/living/generated/EventListener.js:26:30)
      at innerInvokeEventListeners 
(node_modules/jsdom/lib/jsdom/living/events/EventTarget-impl.js:350:25)
      at invokeEventListeners 
(node_modules/jsdom/lib/jsdom/living/events/EventTarget-impl.js:286:3)
      at HTMLSelectElementImpl._dispatch 
(node_modules/jsdom/lib/jsdom/living/events/EventTarget-impl.js:233:9)
      at HTMLSelectElementImpl.dispatchEvent 
(node_modules/jsdom/lib/jsdom/living/events/EventTarget-impl.js:104:17)
      at Proxy.dispatchEvent 
(node_modules/jsdom/lib/jsdom/living/generated/EventTarget.js:241:34)
      at 
node_modules/@testing-library/user-event/dist/cjs/event/dispatchEvent.js:45:43
      at Object.eventWrapper 
(node_modules/@testing-library/dom/dist/config.js:25:23)
      at Object.wrapEvent 
(node_modules/@testing-library/user-event/dist/cjs/event/wrapEvent.js:6:28)
      at Object.dispatchEvent (node_modules/@testing-library/user-event/dist/cj
s/event/dispatchEvent.js:45:22)
      at Object.dispatchUIEvent (node_modules/@testing-library/user-event/dist/
cjs/event/dispatchEvent.js:22:26)
      at selectOption (node_modules/@testing-library/user-event/dist/cjs/utilit
y/selectOptions.js:51:14)
      at Object.selectOptionsBase (node_modules/@testing-library/user-event/dis
t/cjs/utility/selectOptions.js:87:13)
      at Object.<anonymous> (src/reporting/__tests__/reports.test.tsx:1200:9)

    console.error
      Warning: An update to DashboardConfigurePage inside a test was not 
wrapped in act(...).
      
      When testing, code that causes React state updates should be wrapped 
into act(...):
      
      act(() => {
        /* fire events that update state */
      });
      /* assert on the output */
      
      This ensures that you're testing the behavior the user would see in the 
browser. Learn more at https://reactjs.org/link/wrap-tests-with-act
          at DashboardConfigurePage (C:\Users\samhe\OneDrive\Desktop\Cleaned\fr
ontend\src\reporting\DashboardConfigurePage\DashboardConfigurePage.tsx:107:29)
          at routeContext (C:\Users\samhe\OneDrive\Desktop\Cleaned\frontend\nod
e_modules\react-router\lib\hooks.tsx:658:26)
          at children (C:\Users\samhe\OneDrive\Desktop\Cleaned\frontend\node_mo
dules\react-router\lib\components.tsx:512:3)
          at basenameProp (C:\Users\samhe\OneDrive\Desktop\Cleaned\frontend\nod
e_modules\react-router\lib\components.tsx:421:13)
          at basename (C:\Users\samhe\OneDrive\Desktop\Cleaned\frontend\node_mo
dules\react-router\lib\components.tsx:225:3)

      586 |                                                         type="text"
      587 |                                                         
value={draftWidget.xAxisLabel ?? ''}
    > 588 |                                                         
onChange={(e) => setDraftWidget((prev) => prev ? { ...prev, xAxisLabel: 
e.target.value } : prev)}
          |                                                                    
      ^
      589 |                                                         
className="border border-gray-300 rounded px-3 py-2 text-sm"
      590 |                                                         
placeholder="e.g. Month"
      591 |                                                     />

      at printWarning 
(node_modules/react-dom/cjs/react-dom.development.js:86:30)
      at error (node_modules/react-dom/cjs/react-dom.development.js:60:7)
      at warnIfUpdatesNotWrappedWithActDEV 
(node_modules/react-dom/cjs/react-dom.development.js:27628:9)
      at scheduleUpdateOnFiber 
(node_modules/react-dom/cjs/react-dom.development.js:25547:5)
      at dispatchSetState 
(node_modules/react-dom/cjs/react-dom.development.js:16708:7)
      at onChange 
(src/reporting/DashboardConfigurePage/DashboardConfigurePage.tsx:588:74)
      at HTMLUnknownElement.callCallback 
(node_modules/react-dom/cjs/react-dom.development.js:4164:14)
      at HTMLUnknownElement.callTheUserObjectsOperation 
(node_modules/jsdom/lib/jsdom/living/generated/EventListener.js:26:30)
      at innerInvokeEventListeners 
(node_modules/jsdom/lib/jsdom/living/events/EventTarget-impl.js:350:25)
      at invokeEventListeners 
(node_modules/jsdom/lib/jsdom/living/events/EventTarget-impl.js:286:3)
      at HTMLUnknownElementImpl._dispatch 
(node_modules/jsdom/lib/jsdom/living/events/EventTarget-impl.js:233:9)
      at HTMLUnknownElementImpl.dispatchEvent 
(node_modules/jsdom/lib/jsdom/living/events/EventTarget-impl.js:104:17)
      at HTMLUnknownElement.dispatchEvent 
(node_modules/jsdom/lib/jsdom/living/generated/EventTarget.js:241:34)
      at Object.invokeGuardedCallbackDev 
(node_modules/react-dom/cjs/react-dom.development.js:4213:16)
      at invokeGuardedCallback 
(node_modules/react-dom/cjs/react-dom.development.js:4277:31)
      at invokeGuardedCallbackAndCatchFirstError 
(node_modules/react-dom/cjs/react-dom.development.js:4291:25)
      at executeDispatch 
(node_modules/react-dom/cjs/react-dom.development.js:9041:3)
      at processDispatchQueueItemsInOrder 
(node_modules/react-dom/cjs/react-dom.development.js:9073:7)
      at processDispatchQueue 
(node_modules/react-dom/cjs/react-dom.development.js:9086:5)
      at dispatchEventsForPlugins 
(node_modules/react-dom/cjs/react-dom.development.js:9097:3)
      at node_modules/react-dom/cjs/react-dom.development.js:9288:12
      at batchedUpdates$1 
(node_modules/react-dom/cjs/react-dom.development.js:26179:12)
      at batchedUpdates 
(node_modules/react-dom/cjs/react-dom.development.js:3991:12)
      at dispatchEventForPluginEventSystem 
(node_modules/react-dom/cjs/react-dom.development.js:9287:3)
      at dispatchEventWithEnableCapturePhaseSelectiveHydrationWithoutDiscreteEv
entReplay (node_modules/react-dom/cjs/react-dom.development.js:6465:5)
      at dispatchEvent 
(node_modules/react-dom/cjs/react-dom.development.js:6457:5)
      at dispatchDiscreteEvent 
(node_modules/react-dom/cjs/react-dom.development.js:6430:5)
      at HTMLDivElement.callTheUserObjectsOperation 
(node_modules/jsdom/lib/jsdom/living/generated/EventListener.js:26:30)
      at innerInvokeEventListeners 
(node_modules/jsdom/lib/jsdom/living/events/EventTarget-impl.js:350:25)
      at invokeEventListeners 
(node_modules/jsdom/lib/jsdom/living/events/EventTarget-impl.js:286:3)
      at HTMLInputElementImpl._dispatch 
(node_modules/jsdom/lib/jsdom/living/events/EventTarget-impl.js:233:9)
      at HTMLInputElementImpl.dispatchEvent 
(node_modules/jsdom/lib/jsdom/living/events/EventTarget-impl.js:104:17)
      at HTMLInputElement.dispatchEvent 
(node_modules/jsdom/lib/jsdom/living/generated/EventTarget.js:241:34)
      at 
node_modules/@testing-library/user-event/dist/cjs/event/dispatchEvent.js:45:43
      at Object.eventWrapper 
(node_modules/@testing-library/dom/dist/config.js:25:23)
      at Object.wrapEvent 
(node_modules/@testing-library/user-event/dist/cjs/event/wrapEvent.js:6:28)
      at Object.dispatchEvent (node_modules/@testing-library/user-event/dist/cj
s/event/dispatchEvent.js:45:22)
      at Object.dispatchUIEvent (node_modules/@testing-library/user-event/dist/
cjs/event/dispatchEvent.js:22:26)
      at commitInput 
(node_modules/@testing-library/user-event/dist/cjs/event/input.js:145:14)
      at editInputElement 
(node_modules/@testing-library/user-event/dist/cjs/event/input.js:115:9)
      at Object.input 
(node_modules/@testing-library/user-event/dist/cjs/event/input.js:37:9)
      at node_modules/@testing-library/user-event/dist/cjs/event/behavior/keypr
ess.js:31:26
      at Object.dispatchEvent (node_modules/@testing-library/user-event/dist/cj
s/event/dispatchEvent.js:41:13)
      at Object.dispatchUIEvent (node_modules/@testing-library/user-event/dist/
cjs/event/dispatchEvent.js:22:26)
      at KeyboardHost.keydown 
(node_modules/@testing-library/user-event/dist/cjs/system/keyboard.js:76:22)
      at keyboardAction 
(node_modules/@testing-library/user-event/dist/cjs/keyboard/index.js:22:35)
      at Object.keyboard 
(node_modules/@testing-library/user-event/dist/cjs/keyboard/index.js:11:15)
      at Object.type 
(node_modules/@testing-library/user-event/dist/cjs/utility/type.js:17:5)
      at Object.<anonymous> (src/reporting/__tests__/reports.test.tsx:1201:9)

    console.error
      Warning: An update to DashboardConfigurePage inside a test was not 
wrapped in act(...).
      
      When testing, code that causes React state updates should be wrapped 
into act(...):
      
      act(() => {
        /* fire events that update state */
      });
      /* assert on the output */
      
      This ensures that you're testing the behavior the user would see in the 
browser. Learn more at https://reactjs.org/link/wrap-tests-with-act
          at DashboardConfigurePage (C:\Users\samhe\OneDrive\Desktop\Cleaned\fr
ontend\src\reporting\DashboardConfigurePage\DashboardConfigurePage.tsx:107:29)
          at routeContext (C:\Users\samhe\OneDrive\Desktop\Cleaned\frontend\nod
e_modules\react-router\lib\hooks.tsx:658:26)
          at children (C:\Users\samhe\OneDrive\Desktop\Cleaned\frontend\node_mo
dules\react-router\lib\components.tsx:512:3)
          at basenameProp (C:\Users\samhe\OneDrive\Desktop\Cleaned\frontend\nod
e_modules\react-router\lib\components.tsx:421:13)
          at basename (C:\Users\samhe\OneDrive\Desktop\Cleaned\frontend\node_mo
dules\react-router\lib\components.tsx:225:3)

      586 |                                                         type="text"
      587 |                                                         
value={draftWidget.xAxisLabel ?? ''}
    > 588 |                                                         
onChange={(e) => setDraftWidget((prev) => prev ? { ...prev, xAxisLabel: 
e.target.value } : prev)}
          |                                                                    
      ^
      589 |                                                         
className="border border-gray-300 rounded px-3 py-2 text-sm"
      590 |                                                         
placeholder="e.g. Month"
      591 |                                                     />

      at printWarning 
(node_modules/react-dom/cjs/react-dom.development.js:86:30)
      at error (node_modules/react-dom/cjs/react-dom.development.js:60:7)
      at warnIfUpdatesNotWrappedWithActDEV 
(node_modules/react-dom/cjs/react-dom.development.js:27628:9)
      at scheduleUpdateOnFiber 
(node_modules/react-dom/cjs/react-dom.development.js:25547:5)
      at dispatchSetState 
(node_modules/react-dom/cjs/react-dom.development.js:16708:7)
      at onChange 
(src/reporting/DashboardConfigurePage/DashboardConfigurePage.tsx:588:74)
      at HTMLUnknownElement.callCallback 
(node_modules/react-dom/cjs/react-dom.development.js:4164:14)
      at HTMLUnknownElement.callTheUserObjectsOperation 
(node_modules/jsdom/lib/jsdom/living/generated/EventListener.js:26:30)
      at innerInvokeEventListeners 
(node_modules/jsdom/lib/jsdom/living/events/EventTarget-impl.js:350:25)
      at invokeEventListeners 
(node_modules/jsdom/lib/jsdom/living/events/EventTarget-impl.js:286:3)
      at HTMLUnknownElementImpl._dispatch 
(node_modules/jsdom/lib/jsdom/living/events/EventTarget-impl.js:233:9)
      at HTMLUnknownElementImpl.dispatchEvent 
(node_modules/jsdom/lib/jsdom/living/events/EventTarget-impl.js:104:17)
      at HTMLUnknownElement.dispatchEvent 
(node_modules/jsdom/lib/jsdom/living/generated/EventTarget.js:241:34)
      at Object.invokeGuardedCallbackDev 
(node_modules/react-dom/cjs/react-dom.development.js:4213:16)
      at invokeGuardedCallback 
(node_modules/react-dom/cjs/react-dom.development.js:4277:31)
      at invokeGuardedCallbackAndCatchFirstError 
(node_modules/react-dom/cjs/react-dom.development.js:4291:25)
      at executeDispatch 
(node_modules/react-dom/cjs/react-dom.development.js:9041:3)
      at processDispatchQueueItemsInOrder 
(node_modules/react-dom/cjs/react-dom.development.js:9073:7)
      at processDispatchQueue 
(node_modules/react-dom/cjs/react-dom.development.js:9086:5)
      at dispatchEventsForPlugins 
(node_modules/react-dom/cjs/react-dom.development.js:9097:3)
      at node_modules/react-dom/cjs/react-dom.development.js:9288:12
      at batchedUpdates$1 
(node_modules/react-dom/cjs/react-dom.development.js:26179:12)
      at batchedUpdates 
(node_modules/react-dom/cjs/react-dom.development.js:3991:12)
      at dispatchEventForPluginEventSystem 
(node_modules/react-dom/cjs/react-dom.development.js:9287:3)
      at dispatchEventWithEnableCapturePhaseSelectiveHydrationWithoutDiscreteEv
entReplay (node_modules/react-dom/cjs/react-dom.development.js:6465:5)
      at dispatchEvent 
(node_modules/react-dom/cjs/react-dom.development.js:6457:5)
      at dispatchDiscreteEvent 
(node_modules/react-dom/cjs/react-dom.development.js:6430:5)
      at HTMLDivElement.callTheUserObjectsOperation 
(node_modules/jsdom/lib/jsdom/living/generated/EventListener.js:26:30)
      at innerInvokeEventListeners 
(node_modules/jsdom/lib/jsdom/living/events/EventTarget-impl.js:350:25)
      at invokeEventListeners 
(node_modules/jsdom/lib/jsdom/living/events/EventTarget-impl.js:286:3)
      at HTMLInputElementImpl._dispatch 
(node_modules/jsdom/lib/jsdom/living/events/EventTarget-impl.js:233:9)
      at HTMLInputElementImpl.dispatchEvent 
(node_modules/jsdom/lib/jsdom/living/events/EventTarget-impl.js:104:17)
      at HTMLInputElement.dispatchEvent 
(node_modules/jsdom/lib/jsdom/living/generated/EventTarget.js:241:34)
      at 
node_modules/@testing-library/user-event/dist/cjs/event/dispatchEvent.js:45:43
      at Object.eventWrapper 
(node_modules/@testing-library/dom/dist/config.js:25:23)
      at Object.wrapEvent 
(node_modules/@testing-library/user-event/dist/cjs/event/wrapEvent.js:6:28)
      at Object.dispatchEvent (node_modules/@testing-library/user-event/dist/cj
s/event/dispatchEvent.js:45:22)
      at Object.dispatchUIEvent (node_modules/@testing-library/user-event/dist/
cjs/event/dispatchEvent.js:22:26)
      at commitInput 
(node_modules/@testing-library/user-event/dist/cjs/event/input.js:145:14)
      at editInputElement 
(node_modules/@testing-library/user-event/dist/cjs/event/input.js:115:9)
      at Object.input 
(node_modules/@testing-library/user-event/dist/cjs/event/input.js:37:9)
      at node_modules/@testing-library/user-event/dist/cjs/event/behavior/keypr
ess.js:31:26
      at Object.dispatchEvent (node_modules/@testing-library/user-event/dist/cj
s/event/dispatchEvent.js:41:13)
      at Object.dispatchUIEvent (node_modules/@testing-library/user-event/dist/
cjs/event/dispatchEvent.js:22:26)
      at KeyboardHost.keydown 
(node_modules/@testing-library/user-event/dist/cjs/system/keyboard.js:76:22)
      at keyboardAction 
(node_modules/@testing-library/user-event/dist/cjs/keyboard/index.js:22:35)
      at Object.keyboard 
(node_modules/@testing-library/user-event/dist/cjs/keyboard/index.js:11:15)
      at Object.type 
(node_modules/@testing-library/user-event/dist/cjs/utility/type.js:17:5)
      at Object.<anonymous> (src/reporting/__tests__/reports.test.tsx:1201:9)

    console.error
      Warning: An update to DashboardConfigurePage inside a test was not 
wrapped in act(...).
      
      When testing, code that causes React state updates should be wrapped 
into act(...):
      
      act(() => {
        /* fire events that update state */
      });
      /* assert on the output */
      
      This ensures that you're testing the behavior the user would see in the 
browser. Learn more at https://reactjs.org/link/wrap-tests-with-act
          at DashboardConfigurePage (C:\Users\samhe\OneDrive\Desktop\Cleaned\fr
ontend\src\reporting\DashboardConfigurePage\DashboardConfigurePage.tsx:107:29)
          at routeContext (C:\Users\samhe\OneDrive\Desktop\Cleaned\frontend\nod
e_modules\react-router\lib\hooks.tsx:658:26)
          at children (C:\Users\samhe\OneDrive\Desktop\Cleaned\frontend\node_mo
dules\react-router\lib\components.tsx:512:3)
          at basenameProp (C:\Users\samhe\OneDrive\Desktop\Cleaned\frontend\nod
e_modules\react-router\lib\components.tsx:421:13)
          at basename (C:\Users\samhe\OneDrive\Desktop\Cleaned\frontend\node_mo
dules\react-router\lib\components.tsx:225:3)

      586 |                                                         type="text"
      587 |                                                         
value={draftWidget.xAxisLabel ?? ''}
    > 588 |                                                         
onChange={(e) => setDraftWidget((prev) => prev ? { ...prev, xAxisLabel: 
e.target.value } : prev)}
          |                                                                    
      ^
      589 |                                                         
className="border border-gray-300 rounded px-3 py-2 text-sm"
      590 |                                                         
placeholder="e.g. Month"
      591 |                                                     />

      at printWarning 
(node_modules/react-dom/cjs/react-dom.development.js:86:30)
      at error (node_modules/react-dom/cjs/react-dom.development.js:60:7)
      at warnIfUpdatesNotWrappedWithActDEV 
(node_modules/react-dom/cjs/react-dom.development.js:27628:9)
      at scheduleUpdateOnFiber 
(node_modules/react-dom/cjs/react-dom.development.js:25547:5)
      at dispatchSetState 
(node_modules/react-dom/cjs/react-dom.development.js:16708:7)
      at onChange 
(src/reporting/DashboardConfigurePage/DashboardConfigurePage.tsx:588:74)
      at HTMLUnknownElement.callCallback 
(node_modules/react-dom/cjs/react-dom.development.js:4164:14)
      at HTMLUnknownElement.callTheUserObjectsOperation 
(node_modules/jsdom/lib/jsdom/living/generated/EventListener.js:26:30)
      at innerInvokeEventListeners 
(node_modules/jsdom/lib/jsdom/living/events/EventTarget-impl.js:350:25)
      at invokeEventListeners 
(node_modules/jsdom/lib/jsdom/living/events/EventTarget-impl.js:286:3)
      at HTMLUnknownElementImpl._dispatch 
(node_modules/jsdom/lib/jsdom/living/events/EventTarget-impl.js:233:9)
      at HTMLUnknownElementImpl.dispatchEvent 
(node_modules/jsdom/lib/jsdom/living/events/EventTarget-impl.js:104:17)
      at HTMLUnknownElement.dispatchEvent 
(node_modules/jsdom/lib/jsdom/living/generated/EventTarget.js:241:34)
      at Object.invokeGuardedCallbackDev 
(node_modules/react-dom/cjs/react-dom.development.js:4213:16)
      at invokeGuardedCallback 
(node_modules/react-dom/cjs/react-dom.development.js:4277:31)
      at invokeGuardedCallbackAndCatchFirstError 
(node_modules/react-dom/cjs/react-dom.development.js:4291:25)
      at executeDispatch 
(node_modules/react-dom/cjs/react-dom.development.js:9041:3)
      at processDispatchQueueItemsInOrder 
(node_modules/react-dom/cjs/react-dom.development.js:9073:7)
      at processDispatchQueue 
(node_modules/react-dom/cjs/react-dom.development.js:9086:5)
      at dispatchEventsForPlugins 
(node_modules/react-dom/cjs/react-dom.development.js:9097:3)
      at node_modules/react-dom/cjs/react-dom.development.js:9288:12
      at batchedUpdates$1 
(node_modules/react-dom/cjs/react-dom.development.js:26179:12)
      at batchedUpdates 
(node_modules/react-dom/cjs/react-dom.development.js:3991:12)
      at dispatchEventForPluginEventSystem 
(node_modules/react-dom/cjs/react-dom.development.js:9287:3)
      at dispatchEventWithEnableCapturePhaseSelectiveHydrationWithoutDiscreteEv
entReplay (node_modules/react-dom/cjs/react-dom.development.js:6465:5)
      at dispatchEvent 
(node_modules/react-dom/cjs/react-dom.development.js:6457:5)
      at dispatchDiscreteEvent 
(node_modules/react-dom/cjs/react-dom.development.js:6430:5)
      at HTMLDivElement.callTheUserObjectsOperation 
(node_modules/jsdom/lib/jsdom/living/generated/EventListener.js:26:30)
      at innerInvokeEventListeners 
(node_modules/jsdom/lib/jsdom/living/events/EventTarget-impl.js:350:25)
      at invokeEventListeners 
(node_modules/jsdom/lib/jsdom/living/events/EventTarget-impl.js:286:3)
      at HTMLInputElementImpl._dispatch 
(node_modules/jsdom/lib/jsdom/living/events/EventTarget-impl.js:233:9)
      at HTMLInputElementImpl.dispatchEvent 
(node_modules/jsdom/lib/jsdom/living/events/EventTarget-impl.js:104:17)
      at HTMLInputElement.dispatchEvent 
(node_modules/jsdom/lib/jsdom/living/generated/EventTarget.js:241:34)
      at 
node_modules/@testing-library/user-event/dist/cjs/event/dispatchEvent.js:45:43
      at Object.eventWrapper 
(node_modules/@testing-library/dom/dist/config.js:25:23)
      at Object.wrapEvent 
(node_modules/@testing-library/user-event/dist/cjs/event/wrapEvent.js:6:28)
      at Object.dispatchEvent (node_modules/@testing-library/user-event/dist/cj
s/event/dispatchEvent.js:45:22)
      at Object.dispatchUIEvent (node_modules/@testing-library/user-event/dist/
cjs/event/dispatchEvent.js:22:26)
      at commitInput 
(node_modules/@testing-library/user-event/dist/cjs/event/input.js:145:14)
      at editInputElement 
(node_modules/@testing-library/user-event/dist/cjs/event/input.js:115:9)
      at Object.input 
(node_modules/@testing-library/user-event/dist/cjs/event/input.js:37:9)
      at node_modules/@testing-library/user-event/dist/cjs/event/behavior/keypr
ess.js:31:26
      at Object.dispatchEvent (node_modules/@testing-library/user-event/dist/cj
s/event/dispatchEvent.js:41:13)
      at Object.dispatchUIEvent (node_modules/@testing-library/user-event/dist/
cjs/event/dispatchEvent.js:22:26)
      at KeyboardHost.keydown 
(node_modules/@testing-library/user-event/dist/cjs/system/keyboard.js:76:22)
      at keyboardAction 
(node_modules/@testing-library/user-event/dist/cjs/keyboard/index.js:22:35)
      at Object.keyboard 
(node_modules/@testing-library/user-event/dist/cjs/keyboard/index.js:11:15)
      at Object.type 
(node_modules/@testing-library/user-event/dist/cjs/utility/type.js:17:5)
      at Object.<anonymous> (src/reporting/__tests__/reports.test.tsx:1201:9)

    console.error
      Warning: An update to DashboardConfigurePage inside a test was not 
wrapped in act(...).
      
      When testing, code that causes React state updates should be wrapped 
into act(...):
      
      act(() => {
        /* fire events that update state */
      });
      /* assert on the output */
      
      This ensures that you're testing the behavior the user would see in the 
browser. Learn more at https://reactjs.org/link/wrap-tests-with-act
          at DashboardConfigurePage (C:\Users\samhe\OneDrive\Desktop\Cleaned\fr
ontend\src\reporting\DashboardConfigurePage\DashboardConfigurePage.tsx:107:29)
          at routeContext (C:\Users\samhe\OneDrive\Desktop\Cleaned\frontend\nod
e_modules\react-router\lib\hooks.tsx:658:26)
          at children (C:\Users\samhe\OneDrive\Desktop\Cleaned\frontend\node_mo
dules\react-router\lib\components.tsx:512:3)
          at basenameProp (C:\Users\samhe\OneDrive\Desktop\Cleaned\frontend\nod
e_modules\react-router\lib\components.tsx:421:13)
          at basename (C:\Users\samhe\OneDrive\Desktop\Cleaned\frontend\node_mo
dules\react-router\lib\components.tsx:225:3)

      586 |                                                         type="text"
      587 |                                                         
value={draftWidget.xAxisLabel ?? ''}
    > 588 |                                                         
onChange={(e) => setDraftWidget((prev) => prev ? { ...prev, xAxisLabel: 
e.target.value } : prev)}
          |                                                                    
      ^
      589 |                                                         
className="border border-gray-300 rounded px-3 py-2 text-sm"
      590 |                                                         
placeholder="e.g. Month"
      591 |                                                     />

      at printWarning 
(node_modules/react-dom/cjs/react-dom.development.js:86:30)
      at error (node_modules/react-dom/cjs/react-dom.development.js:60:7)
      at warnIfUpdatesNotWrappedWithActDEV 
(node_modules/react-dom/cjs/react-dom.development.js:27628:9)
      at scheduleUpdateOnFiber 
(node_modules/react-dom/cjs/react-dom.development.js:25547:5)
      at dispatchSetState 
(node_modules/react-dom/cjs/react-dom.development.js:16708:7)
      at onChange 
(src/reporting/DashboardConfigurePage/DashboardConfigurePage.tsx:588:74)
      at HTMLUnknownElement.callCallback 
(node_modules/react-dom/cjs/react-dom.development.js:4164:14)
      at HTMLUnknownElement.callTheUserObjectsOperation 
(node_modules/jsdom/lib/jsdom/living/generated/EventListener.js:26:30)
      at innerInvokeEventListeners 
(node_modules/jsdom/lib/jsdom/living/events/EventTarget-impl.js:350:25)
      at invokeEventListeners 
(node_modules/jsdom/lib/jsdom/living/events/EventTarget-impl.js:286:3)
      at HTMLUnknownElementImpl._dispatch 
(node_modules/jsdom/lib/jsdom/living/events/EventTarget-impl.js:233:9)
      at HTMLUnknownElementImpl.dispatchEvent 
(node_modules/jsdom/lib/jsdom/living/events/EventTarget-impl.js:104:17)
      at HTMLUnknownElement.dispatchEvent 
(node_modules/jsdom/lib/jsdom/living/generated/EventTarget.js:241:34)
      at Object.invokeGuardedCallbackDev 
(node_modules/react-dom/cjs/react-dom.development.js:4213:16)
      at invokeGuardedCallback 
(node_modules/react-dom/cjs/react-dom.development.js:4277:31)
      at invokeGuardedCallbackAndCatchFirstError 
(node_modules/react-dom/cjs/react-dom.development.js:4291:25)
      at executeDispatch 
(node_modules/react-dom/cjs/react-dom.development.js:9041:3)
      at processDispatchQueueItemsInOrder 
(node_modules/react-dom/cjs/react-dom.development.js:9073:7)
      at processDispatchQueue 
(node_modules/react-dom/cjs/react-dom.development.js:9086:5)
      at dispatchEventsForPlugins 
(node_modules/react-dom/cjs/react-dom.development.js:9097:3)
      at node_modules/react-dom/cjs/react-dom.development.js:9288:12
      at batchedUpdates$1 
(node_modules/react-dom/cjs/react-dom.development.js:26179:12)
      at batchedUpdates 
(node_modules/react-dom/cjs/react-dom.development.js:3991:12)
      at dispatchEventForPluginEventSystem 
(node_modules/react-dom/cjs/react-dom.development.js:9287:3)
      at dispatchEventWithEnableCapturePhaseSelectiveHydrationWithoutDiscreteEv
entReplay (node_modules/react-dom/cjs/react-dom.development.js:6465:5)
      at dispatchEvent 
(node_modules/react-dom/cjs/react-dom.development.js:6457:5)
      at dispatchDiscreteEvent 
(node_modules/react-dom/cjs/react-dom.development.js:6430:5)
      at HTMLDivElement.callTheUserObjectsOperation 
(node_modules/jsdom/lib/jsdom/living/generated/EventListener.js:26:30)
      at innerInvokeEventListeners 
(node_modules/jsdom/lib/jsdom/living/events/EventTarget-impl.js:350:25)
      at invokeEventListeners 
(node_modules/jsdom/lib/jsdom/living/events/EventTarget-impl.js:286:3)
      at HTMLInputElementImpl._dispatch 
(node_modules/jsdom/lib/jsdom/living/events/EventTarget-impl.js:233:9)
      at HTMLInputElementImpl.dispatchEvent 
(node_modules/jsdom/lib/jsdom/living/events/EventTarget-impl.js:104:17)
      at HTMLInputElement.dispatchEvent 
(node_modules/jsdom/lib/jsdom/living/generated/EventTarget.js:241:34)
      at 
node_modules/@testing-library/user-event/dist/cjs/event/dispatchEvent.js:45:43
      at Object.eventWrapper 
(node_modules/@testing-library/dom/dist/config.js:25:23)
      at Object.wrapEvent 
(node_modules/@testing-library/user-event/dist/cjs/event/wrapEvent.js:6:28)
      at Object.dispatchEvent (node_modules/@testing-library/user-event/dist/cj
s/event/dispatchEvent.js:45:22)
      at Object.dispatchUIEvent (node_modules/@testing-library/user-event/dist/
cjs/event/dispatchEvent.js:22:26)
      at commitInput 
(node_modules/@testing-library/user-event/dist/cjs/event/input.js:145:14)
      at editInputElement 
(node_modules/@testing-library/user-event/dist/cjs/event/input.js:115:9)
      at Object.input 
(node_modules/@testing-library/user-event/dist/cjs/event/input.js:37:9)
      at node_modules/@testing-library/user-event/dist/cjs/event/behavior/keypr
ess.js:31:26
      at Object.dispatchEvent (node_modules/@testing-library/user-event/dist/cj
s/event/dispatchEvent.js:41:13)
      at Object.dispatchUIEvent (node_modules/@testing-library/user-event/dist/
cjs/event/dispatchEvent.js:22:26)
      at KeyboardHost.keydown 
(node_modules/@testing-library/user-event/dist/cjs/system/keyboard.js:76:22)
      at keyboardAction 
(node_modules/@testing-library/user-event/dist/cjs/keyboard/index.js:22:35)
      at Object.keyboard 
(node_modules/@testing-library/user-event/dist/cjs/keyboard/index.js:11:15)
      at Object.type 
(node_modules/@testing-library/user-event/dist/cjs/utility/type.js:17:5)
      at Object.<anonymous> (src/reporting/__tests__/reports.test.tsx:1201:9)

    console.error
      Warning: An update to DashboardConfigurePage inside a test was not 
wrapped in act(...).
      
      When testing, code that causes React state updates should be wrapped 
into act(...):
      
      act(() => {
        /* fire events that update state */
      });
      /* assert on the output */
      
      This ensures that you're testing the behavior the user would see in the 
browser. Learn more at https://reactjs.org/link/wrap-tests-with-act
          at DashboardConfigurePage (C:\Users\samhe\OneDrive\Desktop\Cleaned\fr
ontend\src\reporting\DashboardConfigurePage\DashboardConfigurePage.tsx:107:29)
          at routeContext (C:\Users\samhe\OneDrive\Desktop\Cleaned\frontend\nod
e_modules\react-router\lib\hooks.tsx:658:26)
          at children (C:\Users\samhe\OneDrive\Desktop\Cleaned\frontend\node_mo
dules\react-router\lib\components.tsx:512:3)
          at basenameProp (C:\Users\samhe\OneDrive\Desktop\Cleaned\frontend\nod
e_modules\react-router\lib\components.tsx:421:13)
          at basename (C:\Users\samhe\OneDrive\Desktop\Cleaned\frontend\node_mo
dules\react-router\lib\components.tsx:225:3)

      586 |                                                         type="text"
      587 |                                                         
value={draftWidget.xAxisLabel ?? ''}
    > 588 |                                                         
onChange={(e) => setDraftWidget((prev) => prev ? { ...prev, xAxisLabel: 
e.target.value } : prev)}
          |                                                                    
      ^
      589 |                                                         
className="border border-gray-300 rounded px-3 py-2 text-sm"
      590 |                                                         
placeholder="e.g. Month"
      591 |                                                     />

      at printWarning 
(node_modules/react-dom/cjs/react-dom.development.js:86:30)
      at error (node_modules/react-dom/cjs/react-dom.development.js:60:7)
      at warnIfUpdatesNotWrappedWithActDEV 
(node_modules/react-dom/cjs/react-dom.development.js:27628:9)
      at scheduleUpdateOnFiber 
(node_modules/react-dom/cjs/react-dom.development.js:25547:5)
      at dispatchSetState 
(node_modules/react-dom/cjs/react-dom.development.js:16708:7)
      at onChange 
(src/reporting/DashboardConfigurePage/DashboardConfigurePage.tsx:588:74)
      at HTMLUnknownElement.callCallback 
(node_modules/react-dom/cjs/react-dom.development.js:4164:14)
      at HTMLUnknownElement.callTheUserObjectsOperation 
(node_modules/jsdom/lib/jsdom/living/generated/EventListener.js:26:30)
      at innerInvokeEventListeners 
(node_modules/jsdom/lib/jsdom/living/events/EventTarget-impl.js:350:25)
      at invokeEventListeners 
(node_modules/jsdom/lib/jsdom/living/events/EventTarget-impl.js:286:3)
      at HTMLUnknownElementImpl._dispatch 
(node_modules/jsdom/lib/jsdom/living/events/EventTarget-impl.js:233:9)
      at HTMLUnknownElementImpl.dispatchEvent 
(node_modules/jsdom/lib/jsdom/living/events/EventTarget-impl.js:104:17)
      at HTMLUnknownElement.dispatchEvent 
(node_modules/jsdom/lib/jsdom/living/generated/EventTarget.js:241:34)
      at Object.invokeGuardedCallbackDev 
(node_modules/react-dom/cjs/react-dom.development.js:4213:16)
      at invokeGuardedCallback 
(node_modules/react-dom/cjs/react-dom.development.js:4277:31)
      at invokeGuardedCallbackAndCatchFirstError 
(node_modules/react-dom/cjs/react-dom.development.js:4291:25)
      at executeDispatch 
(node_modules/react-dom/cjs/react-dom.development.js:9041:3)
      at processDispatchQueueItemsInOrder 
(node_modules/react-dom/cjs/react-dom.development.js:9073:7)
      at processDispatchQueue 
(node_modules/react-dom/cjs/react-dom.development.js:9086:5)
      at dispatchEventsForPlugins 
(node_modules/react-dom/cjs/react-dom.development.js:9097:3)
      at node_modules/react-dom/cjs/react-dom.development.js:9288:12
      at batchedUpdates$1 
(node_modules/react-dom/cjs/react-dom.development.js:26179:12)
      at batchedUpdates 
(node_modules/react-dom/cjs/react-dom.development.js:3991:12)
      at dispatchEventForPluginEventSystem 
(node_modules/react-dom/cjs/react-dom.development.js:9287:3)
      at dispatchEventWithEnableCapturePhaseSelectiveHydrationWithoutDiscreteEv
entReplay (node_modules/react-dom/cjs/react-dom.development.js:6465:5)
      at dispatchEvent 
(node_modules/react-dom/cjs/react-dom.development.js:6457:5)
      at dispatchDiscreteEvent 
(node_modules/react-dom/cjs/react-dom.development.js:6430:5)
      at HTMLDivElement.callTheUserObjectsOperation 
(node_modules/jsdom/lib/jsdom/living/generated/EventListener.js:26:30)
      at innerInvokeEventListeners 
(node_modules/jsdom/lib/jsdom/living/events/EventTarget-impl.js:350:25)
      at invokeEventListeners 
(node_modules/jsdom/lib/jsdom/living/events/EventTarget-impl.js:286:3)
      at HTMLInputElementImpl._dispatch 
(node_modules/jsdom/lib/jsdom/living/events/EventTarget-impl.js:233:9)
      at HTMLInputElementImpl.dispatchEvent 
(node_modules/jsdom/lib/jsdom/living/events/EventTarget-impl.js:104:17)
      at HTMLInputElement.dispatchEvent 
(node_modules/jsdom/lib/jsdom/living/generated/EventTarget.js:241:34)
      at 
node_modules/@testing-library/user-event/dist/cjs/event/dispatchEvent.js:45:43
      at Object.eventWrapper 
(node_modules/@testing-library/dom/dist/config.js:25:23)
      at Object.wrapEvent 
(node_modules/@testing-library/user-event/dist/cjs/event/wrapEvent.js:6:28)
      at Object.dispatchEvent (node_modules/@testing-library/user-event/dist/cj
s/event/dispatchEvent.js:45:22)
      at Object.dispatchUIEvent (node_modules/@testing-library/user-event/dist/
cjs/event/dispatchEvent.js:22:26)
      at commitInput 
(node_modules/@testing-library/user-event/dist/cjs/event/input.js:145:14)
      at editInputElement 
(node_modules/@testing-library/user-event/dist/cjs/event/input.js:115:9)
      at Object.input 
(node_modules/@testing-library/user-event/dist/cjs/event/input.js:37:9)
      at node_modules/@testing-library/user-event/dist/cjs/event/behavior/keypr
ess.js:31:26
      at Object.dispatchEvent (node_modules/@testing-library/user-event/dist/cj
s/event/dispatchEvent.js:41:13)
      at Object.dispatchUIEvent (node_modules/@testing-library/user-event/dist/
cjs/event/dispatchEvent.js:22:26)
      at KeyboardHost.keydown 
(node_modules/@testing-library/user-event/dist/cjs/system/keyboard.js:76:22)
      at keyboardAction 
(node_modules/@testing-library/user-event/dist/cjs/keyboard/index.js:22:35)
      at Object.keyboard 
(node_modules/@testing-library/user-event/dist/cjs/keyboard/index.js:11:15)
      at Object.type 
(node_modules/@testing-library/user-event/dist/cjs/utility/type.js:17:5)
      at Object.<anonymous> (src/reporting/__tests__/reports.test.tsx:1201:9)

    console.error
      Warning: An update to DashboardConfigurePage inside a test was not 
wrapped in act(...).
      
      When testing, code that causes React state updates should be wrapped 
into act(...):
      
      act(() => {
        /* fire events that update state */
      });
      /* assert on the output */
      
      This ensures that you're testing the behavior the user would see in the 
browser. Learn more at https://reactjs.org/link/wrap-tests-with-act
          at DashboardConfigurePage (C:\Users\samhe\OneDrive\Desktop\Cleaned\fr
ontend\src\reporting\DashboardConfigurePage\DashboardConfigurePage.tsx:107:29)
          at routeContext (C:\Users\samhe\OneDrive\Desktop\Cleaned\frontend\nod
e_modules\react-router\lib\hooks.tsx:658:26)
          at children (C:\Users\samhe\OneDrive\Desktop\Cleaned\frontend\node_mo
dules\react-router\lib\components.tsx:512:3)
          at basenameProp (C:\Users\samhe\OneDrive\Desktop\Cleaned\frontend\nod
e_modules\react-router\lib\components.tsx:421:13)
          at basename (C:\Users\samhe\OneDrive\Desktop\Cleaned\frontend\node_mo
dules\react-router\lib\components.tsx:225:3)

      586 |                                                         type="text"
      587 |                                                         
value={draftWidget.xAxisLabel ?? ''}
    > 588 |                                                         
onChange={(e) => setDraftWidget((prev) => prev ? { ...prev, xAxisLabel: 
e.target.value } : prev)}
          |                                                                    
      ^
      589 |                                                         
className="border border-gray-300 rounded px-3 py-2 text-sm"
      590 |                                                         
placeholder="e.g. Month"
      591 |                                                     />

      at printWarning 
(node_modules/react-dom/cjs/react-dom.development.js:86:30)
      at error (node_modules/react-dom/cjs/react-dom.development.js:60:7)
      at warnIfUpdatesNotWrappedWithActDEV 
(node_modules/react-dom/cjs/react-dom.development.js:27628:9)
      at scheduleUpdateOnFiber 
(node_modules/react-dom/cjs/react-dom.development.js:25547:5)
      at dispatchSetState 
(node_modules/react-dom/cjs/react-dom.development.js:16708:7)
      at onChange 
(src/reporting/DashboardConfigurePage/DashboardConfigurePage.tsx:588:74)
      at HTMLUnknownElement.callCallback 
(node_modules/react-dom/cjs/react-dom.development.js:4164:14)
      at HTMLUnknownElement.callTheUserObjectsOperation 
(node_modules/jsdom/lib/jsdom/living/generated/EventListener.js:26:30)
      at innerInvokeEventListeners 
(node_modules/jsdom/lib/jsdom/living/events/EventTarget-impl.js:350:25)
      at invokeEventListeners 
(node_modules/jsdom/lib/jsdom/living/events/EventTarget-impl.js:286:3)
      at HTMLUnknownElementImpl._dispatch 
(node_modules/jsdom/lib/jsdom/living/events/EventTarget-impl.js:233:9)
      at HTMLUnknownElementImpl.dispatchEvent 
(node_modules/jsdom/lib/jsdom/living/events/EventTarget-impl.js:104:17)
      at HTMLUnknownElement.dispatchEvent 
(node_modules/jsdom/lib/jsdom/living/generated/EventTarget.js:241:34)
      at Object.invokeGuardedCallbackDev 
(node_modules/react-dom/cjs/react-dom.development.js:4213:16)
      at invokeGuardedCallback 
(node_modules/react-dom/cjs/react-dom.development.js:4277:31)
      at invokeGuardedCallbackAndCatchFirstError 
(node_modules/react-dom/cjs/react-dom.development.js:4291:25)
      at executeDispatch 
(node_modules/react-dom/cjs/react-dom.development.js:9041:3)
      at processDispatchQueueItemsInOrder 
(node_modules/react-dom/cjs/react-dom.development.js:9073:7)
      at processDispatchQueue 
(node_modules/react-dom/cjs/react-dom.development.js:9086:5)
      at dispatchEventsForPlugins 
(node_modules/react-dom/cjs/react-dom.development.js:9097:3)
      at node_modules/react-dom/cjs/react-dom.development.js:9288:12
      at batchedUpdates$1 
(node_modules/react-dom/cjs/react-dom.development.js:26179:12)
      at batchedUpdates 
(node_modules/react-dom/cjs/react-dom.development.js:3991:12)
      at dispatchEventForPluginEventSystem 
(node_modules/react-dom/cjs/react-dom.development.js:9287:3)
      at dispatchEventWithEnableCapturePhaseSelectiveHydrationWithoutDiscreteEv
entReplay (node_modules/react-dom/cjs/react-dom.development.js:6465:5)
      at dispatchEvent 
(node_modules/react-dom/cjs/react-dom.development.js:6457:5)
      at dispatchDiscreteEvent 
(node_modules/react-dom/cjs/react-dom.development.js:6430:5)
      at HTMLDivElement.callTheUserObjectsOperation 
(node_modules/jsdom/lib/jsdom/living/generated/EventListener.js:26:30)
      at innerInvokeEventListeners 
(node_modules/jsdom/lib/jsdom/living/events/EventTarget-impl.js:350:25)
      at invokeEventListeners 
(node_modules/jsdom/lib/jsdom/living/events/EventTarget-impl.js:286:3)
      at HTMLInputElementImpl._dispatch 
(node_modules/jsdom/lib/jsdom/living/events/EventTarget-impl.js:233:9)
      at HTMLInputElementImpl.dispatchEvent 
(node_modules/jsdom/lib/jsdom/living/events/EventTarget-impl.js:104:17)
      at HTMLInputElement.dispatchEvent 
(node_modules/jsdom/lib/jsdom/living/generated/EventTarget.js:241:34)
      at 
node_modules/@testing-library/user-event/dist/cjs/event/dispatchEvent.js:45:43
      at Object.eventWrapper 
(node_modules/@testing-library/dom/dist/config.js:25:23)
      at Object.wrapEvent 
(node_modules/@testing-library/user-event/dist/cjs/event/wrapEvent.js:6:28)
      at Object.dispatchEvent (node_modules/@testing-library/user-event/dist/cj
s/event/dispatchEvent.js:45:22)
      at Object.dispatchUIEvent (node_modules/@testing-library/user-event/dist/
cjs/event/dispatchEvent.js:22:26)
      at commitInput 
(node_modules/@testing-library/user-event/dist/cjs/event/input.js:145:14)
      at editInputElement 
(node_modules/@testing-library/user-event/dist/cjs/event/input.js:115:9)
      at Object.input 
(node_modules/@testing-library/user-event/dist/cjs/event/input.js:37:9)
      at node_modules/@testing-library/user-event/dist/cjs/event/behavior/keypr
ess.js:31:26
      at Object.dispatchEvent (node_modules/@testing-library/user-event/dist/cj
s/event/dispatchEvent.js:41:13)
      at Object.dispatchUIEvent (node_modules/@testing-library/user-event/dist/
cjs/event/dispatchEvent.js:22:26)
      at KeyboardHost.keydown 
(node_modules/@testing-library/user-event/dist/cjs/system/keyboard.js:76:22)
      at keyboardAction 
(node_modules/@testing-library/user-event/dist/cjs/keyboard/index.js:22:35)
      at Object.keyboard 
(node_modules/@testing-library/user-event/dist/cjs/keyboard/index.js:11:15)
      at Object.type 
(node_modules/@testing-library/user-event/dist/cjs/utility/type.js:17:5)
      at Object.<anonymous> (src/reporting/__tests__/reports.test.tsx:1201:9)

    console.error
      Warning: An update to DashboardConfigurePage inside a test was not 
wrapped in act(...).
      
      When testing, code that causes React state updates should be wrapped 
into act(...):
      
      act(() => {
        /* fire events that update state */
      });
      /* assert on the output */
      
      This ensures that you're testing the behavior the user would see in the 
browser. Learn more at https://reactjs.org/link/wrap-tests-with-act
          at DashboardConfigurePage (C:\Users\samhe\OneDrive\Desktop\Cleaned\fr
ontend\src\reporting\DashboardConfigurePage\DashboardConfigurePage.tsx:107:29)
          at routeContext (C:\Users\samhe\OneDrive\Desktop\Cleaned\frontend\nod
e_modules\react-router\lib\hooks.tsx:658:26)
          at children (C:\Users\samhe\OneDrive\Desktop\Cleaned\frontend\node_mo
dules\react-router\lib\components.tsx:512:3)
          at basenameProp (C:\Users\samhe\OneDrive\Desktop\Cleaned\frontend\nod
e_modules\react-router\lib\components.tsx:421:13)
          at basename (C:\Users\samhe\OneDrive\Desktop\Cleaned\frontend\node_mo
dules\react-router\lib\components.tsx:225:3)

      611 |                                                         type="text"
      612 |                                                         
value={draftWidget.yAxisLabel ?? ''}
    > 613 |                                                         
onChange={(e) => setDraftWidget((prev) => prev ? { ...prev, yAxisLabel: 
e.target.value } : prev)}
          |                                                                    
      ^
      614 |                                                         
className="border border-gray-300 rounded px-3 py-2 text-sm"
      615 |                                                         
placeholder="e.g. Premium"
      616 |                                                     />

      at printWarning 
(node_modules/react-dom/cjs/react-dom.development.js:86:30)
      at error (node_modules/react-dom/cjs/react-dom.development.js:60:7)
      at warnIfUpdatesNotWrappedWithActDEV 
(node_modules/react-dom/cjs/react-dom.development.js:27628:9)
      at scheduleUpdateOnFiber 
(node_modules/react-dom/cjs/react-dom.development.js:25547:5)
      at dispatchSetState 
(node_modules/react-dom/cjs/react-dom.development.js:16708:7)
      at onChange 
(src/reporting/DashboardConfigurePage/DashboardConfigurePage.tsx:613:74)
      at HTMLUnknownElement.callCallback 
(node_modules/react-dom/cjs/react-dom.development.js:4164:14)
      at HTMLUnknownElement.callTheUserObjectsOperation 
(node_modules/jsdom/lib/jsdom/living/generated/EventListener.js:26:30)
      at innerInvokeEventListeners 
(node_modules/jsdom/lib/jsdom/living/events/EventTarget-impl.js:350:25)
      at invokeEventListeners 
(node_modules/jsdom/lib/jsdom/living/events/EventTarget-impl.js:286:3)
      at HTMLUnknownElementImpl._dispatch 
(node_modules/jsdom/lib/jsdom/living/events/EventTarget-impl.js:233:9)
      at HTMLUnknownElementImpl.dispatchEvent 
(node_modules/jsdom/lib/jsdom/living/events/EventTarget-impl.js:104:17)
      at HTMLUnknownElement.dispatchEvent 
(node_modules/jsdom/lib/jsdom/living/generated/EventTarget.js:241:34)
      at Object.invokeGuardedCallbackDev 
(node_modules/react-dom/cjs/react-dom.development.js:4213:16)
      at invokeGuardedCallback 
(node_modules/react-dom/cjs/react-dom.development.js:4277:31)
      at invokeGuardedCallbackAndCatchFirstError 
(node_modules/react-dom/cjs/react-dom.development.js:4291:25)
      at executeDispatch 
(node_modules/react-dom/cjs/react-dom.development.js:9041:3)
      at processDispatchQueueItemsInOrder 
(node_modules/react-dom/cjs/react-dom.development.js:9073:7)
      at processDispatchQueue 
(node_modules/react-dom/cjs/react-dom.development.js:9086:5)
      at dispatchEventsForPlugins 
(node_modules/react-dom/cjs/react-dom.development.js:9097:3)
      at node_modules/react-dom/cjs/react-dom.development.js:9288:12
      at batchedUpdates$1 
(node_modules/react-dom/cjs/react-dom.development.js:26179:12)
      at batchedUpdates 
(node_modules/react-dom/cjs/react-dom.development.js:3991:12)
      at dispatchEventForPluginEventSystem 
(node_modules/react-dom/cjs/react-dom.development.js:9287:3)
      at dispatchEventWithEnableCapturePhaseSelectiveHydrationWithoutDiscreteEv
entReplay (node_modules/react-dom/cjs/react-dom.development.js:6465:5)
      at dispatchEvent 
(node_modules/react-dom/cjs/react-dom.development.js:6457:5)
      at dispatchDiscreteEvent 
(node_modules/react-dom/cjs/react-dom.development.js:6430:5)
      at HTMLDivElement.callTheUserObjectsOperation 
(node_modules/jsdom/lib/jsdom/living/generated/EventListener.js:26:30)
      at innerInvokeEventListeners 
(node_modules/jsdom/lib/jsdom/living/events/EventTarget-impl.js:350:25)
      at invokeEventListeners 
(node_modules/jsdom/lib/jsdom/living/events/EventTarget-impl.js:286:3)
      at HTMLInputElementImpl._dispatch 
(node_modules/jsdom/lib/jsdom/living/events/EventTarget-impl.js:233:9)
      at HTMLInputElementImpl.dispatchEvent 
(node_modules/jsdom/lib/jsdom/living/events/EventTarget-impl.js:104:17)
      at HTMLInputElement.dispatchEvent 
(node_modules/jsdom/lib/jsdom/living/generated/EventTarget.js:241:34)
      at 
node_modules/@testing-library/user-event/dist/cjs/event/dispatchEvent.js:45:43
      at Object.eventWrapper 
(node_modules/@testing-library/dom/dist/config.js:25:23)
      at Object.wrapEvent 
(node_modules/@testing-library/user-event/dist/cjs/event/wrapEvent.js:6:28)
      at Object.dispatchEvent (node_modules/@testing-library/user-event/dist/cj
s/event/dispatchEvent.js:45:22)
      at Object.dispatchUIEvent (node_modules/@testing-library/user-event/dist/
cjs/event/dispatchEvent.js:22:26)
      at commitInput 
(node_modules/@testing-library/user-event/dist/cjs/event/input.js:145:14)
      at editInputElement 
(node_modules/@testing-library/user-event/dist/cjs/event/input.js:115:9)
      at Object.input 
(node_modules/@testing-library/user-event/dist/cjs/event/input.js:37:9)
      at node_modules/@testing-library/user-event/dist/cjs/event/behavior/keypr
ess.js:31:26
      at Object.dispatchEvent (node_modules/@testing-library/user-event/dist/cj
s/event/dispatchEvent.js:41:13)
      at Object.dispatchUIEvent (node_modules/@testing-library/user-event/dist/
cjs/event/dispatchEvent.js:22:26)
      at KeyboardHost.keydown 
(node_modules/@testing-library/user-event/dist/cjs/system/keyboard.js:76:22)
      at keyboardAction 
(node_modules/@testing-library/user-event/dist/cjs/keyboard/index.js:22:35)
      at Object.keyboard 
(node_modules/@testing-library/user-event/dist/cjs/keyboard/index.js:11:15)
      at Object.type 
(node_modules/@testing-library/user-event/dist/cjs/utility/type.js:17:5)
      at Object.<anonymous> (src/reporting/__tests__/reports.test.tsx:1202:9)

    console.error
      Warning: An update to DashboardConfigurePage inside a test was not 
wrapped in act(...).
      
      When testing, code that causes React state updates should be wrapped 
into act(...):
      
      act(() => {
        /* fire events that update state */
      });
      /* assert on the output */
      
      This ensures that you're testing the behavior the user would see in the 
browser. Learn more at https://reactjs.org/link/wrap-tests-with-act
          at DashboardConfigurePage (C:\Users\samhe\OneDrive\Desktop\Cleaned\fr
ontend\src\reporting\DashboardConfigurePage\DashboardConfigurePage.tsx:107:29)
          at routeContext (C:\Users\samhe\OneDrive\Desktop\Cleaned\frontend\nod
e_modules\react-router\lib\hooks.tsx:658:26)
          at children (C:\Users\samhe\OneDrive\Desktop\Cleaned\frontend\node_mo
dules\react-router\lib\components.tsx:512:3)
          at basenameProp (C:\Users\samhe\OneDrive\Desktop\Cleaned\frontend\nod
e_modules\react-router\lib\components.tsx:421:13)
          at basename (C:\Users\samhe\OneDrive\Desktop\Cleaned\frontend\node_mo
dules\react-router\lib\components.tsx:225:3)

      611 |                                                         type="text"
      612 |                                                         
value={draftWidget.yAxisLabel ?? ''}
    > 613 |                                                         
onChange={(e) => setDraftWidget((prev) => prev ? { ...prev, yAxisLabel: 
e.target.value } : prev)}
          |                                                                    
      ^
      614 |                                                         
className="border border-gray-300 rounded px-3 py-2 text-sm"
      615 |                                                         
placeholder="e.g. Premium"
      616 |                                                     />

      at printWarning 
(node_modules/react-dom/cjs/react-dom.development.js:86:30)
      at error (node_modules/react-dom/cjs/react-dom.development.js:60:7)
      at warnIfUpdatesNotWrappedWithActDEV 
(node_modules/react-dom/cjs/react-dom.development.js:27628:9)
      at scheduleUpdateOnFiber 
(node_modules/react-dom/cjs/react-dom.development.js:25547:5)
      at dispatchSetState 
(node_modules/react-dom/cjs/react-dom.development.js:16708:7)
      at onChange 
(src/reporting/DashboardConfigurePage/DashboardConfigurePage.tsx:613:74)
      at HTMLUnknownElement.callCallback 
(node_modules/react-dom/cjs/react-dom.development.js:4164:14)
      at HTMLUnknownElement.callTheUserObjectsOperation 
(node_modules/jsdom/lib/jsdom/living/generated/EventListener.js:26:30)
      at innerInvokeEventListeners 
(node_modules/jsdom/lib/jsdom/living/events/EventTarget-impl.js:350:25)
      at invokeEventListeners 
(node_modules/jsdom/lib/jsdom/living/events/EventTarget-impl.js:286:3)
      at HTMLUnknownElementImpl._dispatch 
(node_modules/jsdom/lib/jsdom/living/events/EventTarget-impl.js:233:9)
      at HTMLUnknownElementImpl.dispatchEvent 
(node_modules/jsdom/lib/jsdom/living/events/EventTarget-impl.js:104:17)
      at HTMLUnknownElement.dispatchEvent 
(node_modules/jsdom/lib/jsdom/living/generated/EventTarget.js:241:34)
      at Object.invokeGuardedCallbackDev 
(node_modules/react-dom/cjs/react-dom.development.js:4213:16)
      at invokeGuardedCallback 
(node_modules/react-dom/cjs/react-dom.development.js:4277:31)
      at invokeGuardedCallbackAndCatchFirstError 
(node_modules/react-dom/cjs/react-dom.development.js:4291:25)
      at executeDispatch 
(node_modules/react-dom/cjs/react-dom.development.js:9041:3)
      at processDispatchQueueItemsInOrder 
(node_modules/react-dom/cjs/react-dom.development.js:9073:7)
      at processDispatchQueue 
(node_modules/react-dom/cjs/react-dom.development.js:9086:5)
      at dispatchEventsForPlugins 
(node_modules/react-dom/cjs/react-dom.development.js:9097:3)
      at node_modules/react-dom/cjs/react-dom.development.js:9288:12
      at batchedUpdates$1 
(node_modules/react-dom/cjs/react-dom.development.js:26179:12)
      at batchedUpdates 
(node_modules/react-dom/cjs/react-dom.development.js:3991:12)
      at dispatchEventForPluginEventSystem 
(node_modules/react-dom/cjs/react-dom.development.js:9287:3)
      at dispatchEventWithEnableCapturePhaseSelectiveHydrationWithoutDiscreteEv
entReplay (node_modules/react-dom/cjs/react-dom.development.js:6465:5)
      at dispatchEvent 
(node_modules/react-dom/cjs/react-dom.development.js:6457:5)
      at dispatchDiscreteEvent 
(node_modules/react-dom/cjs/react-dom.development.js:6430:5)
      at HTMLDivElement.callTheUserObjectsOperation 
(node_modules/jsdom/lib/jsdom/living/generated/EventListener.js:26:30)
      at innerInvokeEventListeners 
(node_modules/jsdom/lib/jsdom/living/events/EventTarget-impl.js:350:25)
      at invokeEventListeners 
(node_modules/jsdom/lib/jsdom/living/events/EventTarget-impl.js:286:3)
      at HTMLInputElementImpl._dispatch 
(node_modules/jsdom/lib/jsdom/living/events/EventTarget-impl.js:233:9)
      at HTMLInputElementImpl.dispatchEvent 
(node_modules/jsdom/lib/jsdom/living/events/EventTarget-impl.js:104:17)
      at HTMLInputElement.dispatchEvent 
(node_modules/jsdom/lib/jsdom/living/generated/EventTarget.js:241:34)
      at 
node_modules/@testing-library/user-event/dist/cjs/event/dispatchEvent.js:45:43
      at Object.eventWrapper 
(node_modules/@testing-library/dom/dist/config.js:25:23)
      at Object.wrapEvent 
(node_modules/@testing-library/user-event/dist/cjs/event/wrapEvent.js:6:28)
      at Object.dispatchEvent (node_modules/@testing-library/user-event/dist/cj
s/event/dispatchEvent.js:45:22)
      at Object.dispatchUIEvent (node_modules/@testing-library/user-event/dist/
cjs/event/dispatchEvent.js:22:26)
      at commitInput 
(node_modules/@testing-library/user-event/dist/cjs/event/input.js:145:14)
      at editInputElement 
(node_modules/@testing-library/user-event/dist/cjs/event/input.js:115:9)
      at Object.input 
(node_modules/@testing-library/user-event/dist/cjs/event/input.js:37:9)
      at node_modules/@testing-library/user-event/dist/cjs/event/behavior/keypr
ess.js:31:26
      at Object.dispatchEvent (node_modules/@testing-library/user-event/dist/cj
s/event/dispatchEvent.js:41:13)
      at Object.dispatchUIEvent (node_modules/@testing-library/user-event/dist/
cjs/event/dispatchEvent.js:22:26)
      at KeyboardHost.keydown 
(node_modules/@testing-library/user-event/dist/cjs/system/keyboard.js:76:22)
      at keyboardAction 
(node_modules/@testing-library/user-event/dist/cjs/keyboard/index.js:22:35)
      at Object.keyboard 
(node_modules/@testing-library/user-event/dist/cjs/keyboard/index.js:11:15)
      at Object.type 
(node_modules/@testing-library/user-event/dist/cjs/utility/type.js:17:5)
      at Object.<anonymous> (src/reporting/__tests__/reports.test.tsx:1202:9)

    console.error
      Warning: An update to DashboardConfigurePage inside a test was not 
wrapped in act(...).
      
      When testing, code that causes React state updates should be wrapped 
into act(...):
      
      act(() => {
        /* fire events that update state */
      });
      /* assert on the output */
      
      This ensures that you're testing the behavior the user would see in the 
browser. Learn more at https://reactjs.org/link/wrap-tests-with-act
          at DashboardConfigurePage (C:\Users\samhe\OneDrive\Desktop\Cleaned\fr
ontend\src\reporting\DashboardConfigurePage\DashboardConfigurePage.tsx:107:29)
          at routeContext (C:\Users\samhe\OneDrive\Desktop\Cleaned\frontend\nod
e_modules\react-router\lib\hooks.tsx:658:26)
          at children (C:\Users\samhe\OneDrive\Desktop\Cleaned\frontend\node_mo
dules\react-router\lib\components.tsx:512:3)
          at basenameProp (C:\Users\samhe\OneDrive\Desktop\Cleaned\frontend\nod
e_modules\react-router\lib\components.tsx:421:13)
          at basename (C:\Users\samhe\OneDrive\Desktop\Cleaned\frontend\node_mo
dules\react-router\lib\components.tsx:225:3)

      611 |                                                         type="text"
      612 |                                                         
value={draftWidget.yAxisLabel ?? ''}
    > 613 |                                                         
onChange={(e) => setDraftWidget((prev) => prev ? { ...prev, yAxisLabel: 
e.target.value } : prev)}
          |                                                                    
      ^
      614 |                                                         
className="border border-gray-300 rounded px-3 py-2 text-sm"
      615 |                                                         
placeholder="e.g. Premium"
      616 |                                                     />

      at printWarning 
(node_modules/react-dom/cjs/react-dom.development.js:86:30)
      at error (node_modules/react-dom/cjs/react-dom.development.js:60:7)
      at warnIfUpdatesNotWrappedWithActDEV 
(node_modules/react-dom/cjs/react-dom.development.js:27628:9)
      at scheduleUpdateOnFiber 
(node_modules/react-dom/cjs/react-dom.development.js:25547:5)
      at dispatchSetState 
(node_modules/react-dom/cjs/react-dom.development.js:16708:7)
      at onChange 
(src/reporting/DashboardConfigurePage/DashboardConfigurePage.tsx:613:74)
      at HTMLUnknownElement.callCallback 
(node_modules/react-dom/cjs/react-dom.development.js:4164:14)
      at HTMLUnknownElement.callTheUserObjectsOperation 
(node_modules/jsdom/lib/jsdom/living/generated/EventListener.js:26:30)
      at innerInvokeEventListeners 
(node_modules/jsdom/lib/jsdom/living/events/EventTarget-impl.js:350:25)
      at invokeEventListeners 
(node_modules/jsdom/lib/jsdom/living/events/EventTarget-impl.js:286:3)
      at HTMLUnknownElementImpl._dispatch 
(node_modules/jsdom/lib/jsdom/living/events/EventTarget-impl.js:233:9)
      at HTMLUnknownElementImpl.dispatchEvent 
(node_modules/jsdom/lib/jsdom/living/events/EventTarget-impl.js:104:17)
      at HTMLUnknownElement.dispatchEvent 
(node_modules/jsdom/lib/jsdom/living/generated/EventTarget.js:241:34)
      at Object.invokeGuardedCallbackDev 
(node_modules/react-dom/cjs/react-dom.development.js:4213:16)
      at invokeGuardedCallback 
(node_modules/react-dom/cjs/react-dom.development.js:4277:31)
      at invokeGuardedCallbackAndCatchFirstError 
(node_modules/react-dom/cjs/react-dom.development.js:4291:25)
      at executeDispatch 
(node_modules/react-dom/cjs/react-dom.development.js:9041:3)
      at processDispatchQueueItemsInOrder 
(node_modules/react-dom/cjs/react-dom.development.js:9073:7)
      at processDispatchQueue 
(node_modules/react-dom/cjs/react-dom.development.js:9086:5)
      at dispatchEventsForPlugins 
(node_modules/react-dom/cjs/react-dom.development.js:9097:3)
      at node_modules/react-dom/cjs/react-dom.development.js:9288:12
      at batchedUpdates$1 
(node_modules/react-dom/cjs/react-dom.development.js:26179:12)
      at batchedUpdates 
(node_modules/react-dom/cjs/react-dom.development.js:3991:12)
      at dispatchEventForPluginEventSystem 
(node_modules/react-dom/cjs/react-dom.development.js:9287:3)
      at dispatchEventWithEnableCapturePhaseSelectiveHydrationWithoutDiscreteEv
entReplay (node_modules/react-dom/cjs/react-dom.development.js:6465:5)
      at dispatchEvent 
(node_modules/react-dom/cjs/react-dom.development.js:6457:5)
      at dispatchDiscreteEvent 
(node_modules/react-dom/cjs/react-dom.development.js:6430:5)
      at HTMLDivElement.callTheUserObjectsOperation 
(node_modules/jsdom/lib/jsdom/living/generated/EventListener.js:26:30)
      at innerInvokeEventListeners 
(node_modules/jsdom/lib/jsdom/living/events/EventTarget-impl.js:350:25)
      at invokeEventListeners 
(node_modules/jsdom/lib/jsdom/living/events/EventTarget-impl.js:286:3)
      at HTMLInputElementImpl._dispatch 
(node_modules/jsdom/lib/jsdom/living/events/EventTarget-impl.js:233:9)
      at HTMLInputElementImpl.dispatchEvent 
(node_modules/jsdom/lib/jsdom/living/events/EventTarget-impl.js:104:17)
      at HTMLInputElement.dispatchEvent 
(node_modules/jsdom/lib/jsdom/living/generated/EventTarget.js:241:34)
      at 
node_modules/@testing-library/user-event/dist/cjs/event/dispatchEvent.js:45:43
      at Object.eventWrapper 
(node_modules/@testing-library/dom/dist/config.js:25:23)
      at Object.wrapEvent 
(node_modules/@testing-library/user-event/dist/cjs/event/wrapEvent.js:6:28)
      at Object.dispatchEvent (node_modules/@testing-library/user-event/dist/cj
s/event/dispatchEvent.js:45:22)
      at Object.dispatchUIEvent (node_modules/@testing-library/user-event/dist/
cjs/event/dispatchEvent.js:22:26)
      at commitInput 
(node_modules/@testing-library/user-event/dist/cjs/event/input.js:145:14)
      at editInputElement 
(node_modules/@testing-library/user-event/dist/cjs/event/input.js:115:9)
      at Object.input 
(node_modules/@testing-library/user-event/dist/cjs/event/input.js:37:9)
      at node_modules/@testing-library/user-event/dist/cjs/event/behavior/keypr
ess.js:31:26
      at Object.dispatchEvent (node_modules/@testing-library/user-event/dist/cj
s/event/dispatchEvent.js:41:13)
      at Object.dispatchUIEvent (node_modules/@testing-library/user-event/dist/
cjs/event/dispatchEvent.js:22:26)
      at KeyboardHost.keydown 
(node_modules/@testing-library/user-event/dist/cjs/system/keyboard.js:76:22)
      at keyboardAction 
(node_modules/@testing-library/user-event/dist/cjs/keyboard/index.js:22:35)
      at Object.keyboard 
(node_modules/@testing-library/user-event/dist/cjs/keyboard/index.js:11:15)
      at Object.type 
(node_modules/@testing-library/user-event/dist/cjs/utility/type.js:17:5)
      at Object.<anonymous> (src/reporting/__tests__/reports.test.tsx:1202:9)

    console.error
      Warning: An update to DashboardConfigurePage inside a test was not 
wrapped in act(...).
      
      When testing, code that causes React state updates should be wrapped 
into act(...):
      
      act(() => {
        /* fire events that update state */
      });
      /* assert on the output */
      
      This ensures that you're testing the behavior the user would see in the 
browser. Learn more at https://reactjs.org/link/wrap-tests-with-act
          at DashboardConfigurePage (C:\Users\samhe\OneDrive\Desktop\Cleaned\fr
ontend\src\reporting\DashboardConfigurePage\DashboardConfigurePage.tsx:107:29)
          at routeContext (C:\Users\samhe\OneDrive\Desktop\Cleaned\frontend\nod
e_modules\react-router\lib\hooks.tsx:658:26)
          at children (C:\Users\samhe\OneDrive\Desktop\Cleaned\frontend\node_mo
dules\react-router\lib\components.tsx:512:3)
          at basenameProp (C:\Users\samhe\OneDrive\Desktop\Cleaned\frontend\nod
e_modules\react-router\lib\components.tsx:421:13)
          at basename (C:\Users\samhe\OneDrive\Desktop\Cleaned\frontend\node_mo
dules\react-router\lib\components.tsx:225:3)

      611 |                                                         type="text"
      612 |                                                         
value={draftWidget.yAxisLabel ?? ''}
    > 613 |                                                         
onChange={(e) => setDraftWidget((prev) => prev ? { ...prev, yAxisLabel: 
e.target.value } : prev)}
          |                                                                    
      ^
      614 |                                                         
className="border border-gray-300 rounded px-3 py-2 text-sm"
      615 |                                                         
placeholder="e.g. Premium"
      616 |                                                     />

      at printWarning 
(node_modules/react-dom/cjs/react-dom.development.js:86:30)
      at error (node_modules/react-dom/cjs/react-dom.development.js:60:7)
      at warnIfUpdatesNotWrappedWithActDEV 
(node_modules/react-dom/cjs/react-dom.development.js:27628:9)
      at scheduleUpdateOnFiber 
(node_modules/react-dom/cjs/react-dom.development.js:25547:5)
      at dispatchSetState 
(node_modules/react-dom/cjs/react-dom.development.js:16708:7)
      at onChange 
(src/reporting/DashboardConfigurePage/DashboardConfigurePage.tsx:613:74)
      at HTMLUnknownElement.callCallback 
(node_modules/react-dom/cjs/react-dom.development.js:4164:14)
      at HTMLUnknownElement.callTheUserObjectsOperation 
(node_modules/jsdom/lib/jsdom/living/generated/EventListener.js:26:30)
      at innerInvokeEventListeners 
(node_modules/jsdom/lib/jsdom/living/events/EventTarget-impl.js:350:25)
      at invokeEventListeners 
(node_modules/jsdom/lib/jsdom/living/events/EventTarget-impl.js:286:3)
      at HTMLUnknownElementImpl._dispatch 
(node_modules/jsdom/lib/jsdom/living/events/EventTarget-impl.js:233:9)
      at HTMLUnknownElementImpl.dispatchEvent 
(node_modules/jsdom/lib/jsdom/living/events/EventTarget-impl.js:104:17)
      at HTMLUnknownElement.dispatchEvent 
(node_modules/jsdom/lib/jsdom/living/generated/EventTarget.js:241:34)
      at Object.invokeGuardedCallbackDev 
(node_modules/react-dom/cjs/react-dom.development.js:4213:16)
      at invokeGuardedCallback 
(node_modules/react-dom/cjs/react-dom.development.js:4277:31)
      at invokeGuardedCallbackAndCatchFirstError 
(node_modules/react-dom/cjs/react-dom.development.js:4291:25)
      at executeDispatch 
(node_modules/react-dom/cjs/react-dom.development.js:9041:3)
      at processDispatchQueueItemsInOrder 
(node_modules/react-dom/cjs/react-dom.development.js:9073:7)
      at processDispatchQueue 
(node_modules/react-dom/cjs/react-dom.development.js:9086:5)
      at dispatchEventsForPlugins 
(node_modules/react-dom/cjs/react-dom.development.js:9097:3)
      at node_modules/react-dom/cjs/react-dom.development.js:9288:12
      at batchedUpdates$1 
(node_modules/react-dom/cjs/react-dom.development.js:26179:12)
      at batchedUpdates 
(node_modules/react-dom/cjs/react-dom.development.js:3991:12)
      at dispatchEventForPluginEventSystem 
(node_modules/react-dom/cjs/react-dom.development.js:9287:3)
      at dispatchEventWithEnableCapturePhaseSelectiveHydrationWithoutDiscreteEv
entReplay (node_modules/react-dom/cjs/react-dom.development.js:6465:5)
      at dispatchEvent 
(node_modules/react-dom/cjs/react-dom.development.js:6457:5)
      at dispatchDiscreteEvent 
(node_modules/react-dom/cjs/react-dom.development.js:6430:5)
      at HTMLDivElement.callTheUserObjectsOperation 
(node_modules/jsdom/lib/jsdom/living/generated/EventListener.js:26:30)
      at innerInvokeEventListeners 
(node_modules/jsdom/lib/jsdom/living/events/EventTarget-impl.js:350:25)
      at invokeEventListeners 
(node_modules/jsdom/lib/jsdom/living/events/EventTarget-impl.js:286:3)
      at HTMLInputElementImpl._dispatch 
(node_modules/jsdom/lib/jsdom/living/events/EventTarget-impl.js:233:9)
      at HTMLInputElementImpl.dispatchEvent 
(node_modules/jsdom/lib/jsdom/living/events/EventTarget-impl.js:104:17)
      at HTMLInputElement.dispatchEvent 
(node_modules/jsdom/lib/jsdom/living/generated/EventTarget.js:241:34)
      at 
node_modules/@testing-library/user-event/dist/cjs/event/dispatchEvent.js:45:43
      at Object.eventWrapper 
(node_modules/@testing-library/dom/dist/config.js:25:23)
      at Object.wrapEvent 
(node_modules/@testing-library/user-event/dist/cjs/event/wrapEvent.js:6:28)
      at Object.dispatchEvent (node_modules/@testing-library/user-event/dist/cj
s/event/dispatchEvent.js:45:22)
      at Object.dispatchUIEvent (node_modules/@testing-library/user-event/dist/
cjs/event/dispatchEvent.js:22:26)
      at commitInput 
(node_modules/@testing-library/user-event/dist/cjs/event/input.js:145:14)
      at editInputElement 
(node_modules/@testing-library/user-event/dist/cjs/event/input.js:115:9)
      at Object.input 
(node_modules/@testing-library/user-event/dist/cjs/event/input.js:37:9)
      at node_modules/@testing-library/user-event/dist/cjs/event/behavior/keypr
ess.js:31:26
      at Object.dispatchEvent (node_modules/@testing-library/user-event/dist/cj
s/event/dispatchEvent.js:41:13)
      at Object.dispatchUIEvent (node_modules/@testing-library/user-event/dist/
cjs/event/dispatchEvent.js:22:26)
      at KeyboardHost.keydown 
(node_modules/@testing-library/user-event/dist/cjs/system/keyboard.js:76:22)
      at keyboardAction 
(node_modules/@testing-library/user-event/dist/cjs/keyboard/index.js:22:35)
      at Object.keyboard 
(node_modules/@testing-library/user-event/dist/cjs/keyboard/index.js:11:15)
      at Object.type 
(node_modules/@testing-library/user-event/dist/cjs/utility/type.js:17:5)
      at Object.<anonymous> (src/reporting/__tests__/reports.test.tsx:1202:9)

    console.error
      Warning: An update to DashboardConfigurePage inside a test was not 
wrapped in act(...).
      
      When testing, code that causes React state updates should be wrapped 
into act(...):
      
      act(() => {
        /* fire events that update state */
      });
      /* assert on the output */
      
      This ensures that you're testing the behavior the user would see in the 
browser. Learn more at https://reactjs.org/link/wrap-tests-with-act
          at DashboardConfigurePage (C:\Users\samhe\OneDrive\Desktop\Cleaned\fr
ontend\src\reporting\DashboardConfigurePage\DashboardConfigurePage.tsx:107:29)
          at routeContext (C:\Users\samhe\OneDrive\Desktop\Cleaned\frontend\nod
e_modules\react-router\lib\hooks.tsx:658:26)
          at children (C:\Users\samhe\OneDrive\Desktop\Cleaned\frontend\node_mo
dules\react-router\lib\components.tsx:512:3)
          at basenameProp (C:\Users\samhe\OneDrive\Desktop\Cleaned\frontend\nod
e_modules\react-router\lib\components.tsx:421:13)
          at basename (C:\Users\samhe\OneDrive\Desktop\Cleaned\frontend\node_mo
dules\react-router\lib\components.tsx:225:3)

      611 |                                                         type="text"
      612 |                                                         
value={draftWidget.yAxisLabel ?? ''}
    > 613 |                                                         
onChange={(e) => setDraftWidget((prev) => prev ? { ...prev, yAxisLabel: 
e.target.value } : prev)}
          |                                                                    
      ^
      614 |                                                         
className="border border-gray-300 rounded px-3 py-2 text-sm"
      615 |                                                         
placeholder="e.g. Premium"
      616 |                                                     />

      at printWarning 
(node_modules/react-dom/cjs/react-dom.development.js:86:30)
      at error (node_modules/react-dom/cjs/react-dom.development.js:60:7)
      at warnIfUpdatesNotWrappedWithActDEV 
(node_modules/react-dom/cjs/react-dom.development.js:27628:9)
      at scheduleUpdateOnFiber 
(node_modules/react-dom/cjs/react-dom.development.js:25547:5)
      at dispatchSetState 
(node_modules/react-dom/cjs/react-dom.development.js:16708:7)
      at onChange 
(src/reporting/DashboardConfigurePage/DashboardConfigurePage.tsx:613:74)
      at HTMLUnknownElement.callCallback 
(node_modules/react-dom/cjs/react-dom.development.js:4164:14)
      at HTMLUnknownElement.callTheUserObjectsOperation 
(node_modules/jsdom/lib/jsdom/living/generated/EventListener.js:26:30)
      at innerInvokeEventListeners 
(node_modules/jsdom/lib/jsdom/living/events/EventTarget-impl.js:350:25)
      at invokeEventListeners 
(node_modules/jsdom/lib/jsdom/living/events/EventTarget-impl.js:286:3)
      at HTMLUnknownElementImpl._dispatch 
(node_modules/jsdom/lib/jsdom/living/events/EventTarget-impl.js:233:9)
      at HTMLUnknownElementImpl.dispatchEvent 
(node_modules/jsdom/lib/jsdom/living/events/EventTarget-impl.js:104:17)
      at HTMLUnknownElement.dispatchEvent 
(node_modules/jsdom/lib/jsdom/living/generated/EventTarget.js:241:34)
      at Object.invokeGuardedCallbackDev 
(node_modules/react-dom/cjs/react-dom.development.js:4213:16)
      at invokeGuardedCallback 
(node_modules/react-dom/cjs/react-dom.development.js:4277:31)
      at invokeGuardedCallbackAndCatchFirstError 
(node_modules/react-dom/cjs/react-dom.development.js:4291:25)
      at executeDispatch 
(node_modules/react-dom/cjs/react-dom.development.js:9041:3)
      at processDispatchQueueItemsInOrder 
(node_modules/react-dom/cjs/react-dom.development.js:9073:7)
      at processDispatchQueue 
(node_modules/react-dom/cjs/react-dom.development.js:9086:5)
      at dispatchEventsForPlugins 
(node_modules/react-dom/cjs/react-dom.development.js:9097:3)
      at node_modules/react-dom/cjs/react-dom.development.js:9288:12
      at batchedUpdates$1 
(node_modules/react-dom/cjs/react-dom.development.js:26179:12)
      at batchedUpdates 
(node_modules/react-dom/cjs/react-dom.development.js:3991:12)
      at dispatchEventForPluginEventSystem 
(node_modules/react-dom/cjs/react-dom.development.js:9287:3)
      at dispatchEventWithEnableCapturePhaseSelectiveHydrationWithoutDiscreteEv
entReplay (node_modules/react-dom/cjs/react-dom.development.js:6465:5)
      at dispatchEvent 
(node_modules/react-dom/cjs/react-dom.development.js:6457:5)
      at dispatchDiscreteEvent 
(node_modules/react-dom/cjs/react-dom.development.js:6430:5)
      at HTMLDivElement.callTheUserObjectsOperation 
(node_modules/jsdom/lib/jsdom/living/generated/EventListener.js:26:30)
      at innerInvokeEventListeners 
(node_modules/jsdom/lib/jsdom/living/events/EventTarget-impl.js:350:25)
      at invokeEventListeners 
(node_modules/jsdom/lib/jsdom/living/events/EventTarget-impl.js:286:3)
      at HTMLInputElementImpl._dispatch 
(node_modules/jsdom/lib/jsdom/living/events/EventTarget-impl.js:233:9)
      at HTMLInputElementImpl.dispatchEvent 
(node_modules/jsdom/lib/jsdom/living/events/EventTarget-impl.js:104:17)
      at HTMLInputElement.dispatchEvent 
(node_modules/jsdom/lib/jsdom/living/generated/EventTarget.js:241:34)
      at 
node_modules/@testing-library/user-event/dist/cjs/event/dispatchEvent.js:45:43
      at Object.eventWrapper 
(node_modules/@testing-library/dom/dist/config.js:25:23)
      at Object.wrapEvent 
(node_modules/@testing-library/user-event/dist/cjs/event/wrapEvent.js:6:28)
      at Object.dispatchEvent (node_modules/@testing-library/user-event/dist/cj
s/event/dispatchEvent.js:45:22)
      at Object.dispatchUIEvent (node_modules/@testing-library/user-event/dist/
cjs/event/dispatchEvent.js:22:26)
      at commitInput 
(node_modules/@testing-library/user-event/dist/cjs/event/input.js:145:14)
      at editInputElement 
(node_modules/@testing-library/user-event/dist/cjs/event/input.js:115:9)
      at Object.input 
(node_modules/@testing-library/user-event/dist/cjs/event/input.js:37:9)
      at node_modules/@testing-library/user-event/dist/cjs/event/behavior/keypr
ess.js:31:26
      at Object.dispatchEvent (node_modules/@testing-library/user-event/dist/cj
s/event/dispatchEvent.js:41:13)
      at Object.dispatchUIEvent (node_modules/@testing-library/user-event/dist/
cjs/event/dispatchEvent.js:22:26)
      at KeyboardHost.keydown 
(node_modules/@testing-library/user-event/dist/cjs/system/keyboard.js:76:22)
      at keyboardAction 
(node_modules/@testing-library/user-event/dist/cjs/keyboard/index.js:22:35)
      at Object.keyboard 
(node_modules/@testing-library/user-event/dist/cjs/keyboard/index.js:11:15)
      at Object.type 
(node_modules/@testing-library/user-event/dist/cjs/utility/type.js:17:5)
      at Object.<anonymous> (src/reporting/__tests__/reports.test.tsx:1202:9)

    console.error
      Warning: An update to DashboardConfigurePage inside a test was not 
wrapped in act(...).
      
      When testing, code that causes React state updates should be wrapped 
into act(...):
      
      act(() => {
        /* fire events that update state */
      });
      /* assert on the output */
      
      This ensures that you're testing the behavior the user would see in the 
browser. Learn more at https://reactjs.org/link/wrap-tests-with-act
          at DashboardConfigurePage (C:\Users\samhe\OneDrive\Desktop\Cleaned\fr
ontend\src\reporting\DashboardConfigurePage\DashboardConfigurePage.tsx:107:29)
          at routeContext (C:\Users\samhe\OneDrive\Desktop\Cleaned\frontend\nod
e_modules\react-router\lib\hooks.tsx:658:26)
          at children (C:\Users\samhe\OneDrive\Desktop\Cleaned\frontend\node_mo
dules\react-router\lib\components.tsx:512:3)
          at basenameProp (C:\Users\samhe\OneDrive\Desktop\Cleaned\frontend\nod
e_modules\react-router\lib\components.tsx:421:13)
          at basename (C:\Users\samhe\OneDrive\Desktop\Cleaned\frontend\node_mo
dules\react-router\lib\components.tsx:225:3)

      611 |                                                         type="text"
      612 |                                                         
value={draftWidget.yAxisLabel ?? ''}
    > 613 |                                                         
onChange={(e) => setDraftWidget((prev) => prev ? { ...prev, yAxisLabel: 
e.target.value } : prev)}
          |                                                                    
      ^
      614 |                                                         
className="border border-gray-300 rounded px-3 py-2 text-sm"
      615 |                                                         
placeholder="e.g. Premium"
      616 |                                                     />

      at printWarning 
(node_modules/react-dom/cjs/react-dom.development.js:86:30)
      at error (node_modules/react-dom/cjs/react-dom.development.js:60:7)
      at warnIfUpdatesNotWrappedWithActDEV 
(node_modules/react-dom/cjs/react-dom.development.js:27628:9)
      at scheduleUpdateOnFiber 
(node_modules/react-dom/cjs/react-dom.development.js:25547:5)
      at dispatchSetState 
(node_modules/react-dom/cjs/react-dom.development.js:16708:7)
      at onChange 
(src/reporting/DashboardConfigurePage/DashboardConfigurePage.tsx:613:74)
      at HTMLUnknownElement.callCallback 
(node_modules/react-dom/cjs/react-dom.development.js:4164:14)
      at HTMLUnknownElement.callTheUserObjectsOperation 
(node_modules/jsdom/lib/jsdom/living/generated/EventListener.js:26:30)
      at innerInvokeEventListeners 
(node_modules/jsdom/lib/jsdom/living/events/EventTarget-impl.js:350:25)
      at invokeEventListeners 
(node_modules/jsdom/lib/jsdom/living/events/EventTarget-impl.js:286:3)
      at HTMLUnknownElementImpl._dispatch 
(node_modules/jsdom/lib/jsdom/living/events/EventTarget-impl.js:233:9)
      at HTMLUnknownElementImpl.dispatchEvent 
(node_modules/jsdom/lib/jsdom/living/events/EventTarget-impl.js:104:17)
      at HTMLUnknownElement.dispatchEvent 
(node_modules/jsdom/lib/jsdom/living/generated/EventTarget.js:241:34)
      at Object.invokeGuardedCallbackDev 
(node_modules/react-dom/cjs/react-dom.development.js:4213:16)
      at invokeGuardedCallback 
(node_modules/react-dom/cjs/react-dom.development.js:4277:31)
      at invokeGuardedCallbackAndCatchFirstError 
(node_modules/react-dom/cjs/react-dom.development.js:4291:25)
      at executeDispatch 
(node_modules/react-dom/cjs/react-dom.development.js:9041:3)
      at processDispatchQueueItemsInOrder 
(node_modules/react-dom/cjs/react-dom.development.js:9073:7)
      at processDispatchQueue 
(node_modules/react-dom/cjs/react-dom.development.js:9086:5)
      at dispatchEventsForPlugins 
(node_modules/react-dom/cjs/react-dom.development.js:9097:3)
      at node_modules/react-dom/cjs/react-dom.development.js:9288:12
      at batchedUpdates$1 
(node_modules/react-dom/cjs/react-dom.development.js:26179:12)
      at batchedUpdates 
(node_modules/react-dom/cjs/react-dom.development.js:3991:12)
      at dispatchEventForPluginEventSystem 
(node_modules/react-dom/cjs/react-dom.development.js:9287:3)
      at dispatchEventWithEnableCapturePhaseSelectiveHydrationWithoutDiscreteEv
entReplay (node_modules/react-dom/cjs/react-dom.development.js:6465:5)
      at dispatchEvent 
(node_modules/react-dom/cjs/react-dom.development.js:6457:5)
      at dispatchDiscreteEvent 
(node_modules/react-dom/cjs/react-dom.development.js:6430:5)
      at HTMLDivElement.callTheUserObjectsOperation 
(node_modules/jsdom/lib/jsdom/living/generated/EventListener.js:26:30)
      at innerInvokeEventListeners 
(node_modules/jsdom/lib/jsdom/living/events/EventTarget-impl.js:350:25)
      at invokeEventListeners 
(node_modules/jsdom/lib/jsdom/living/events/EventTarget-impl.js:286:3)
      at HTMLInputElementImpl._dispatch 
(node_modules/jsdom/lib/jsdom/living/events/EventTarget-impl.js:233:9)
      at HTMLInputElementImpl.dispatchEvent 
(node_modules/jsdom/lib/jsdom/living/events/EventTarget-impl.js:104:17)
      at HTMLInputElement.dispatchEvent 
(node_modules/jsdom/lib/jsdom/living/generated/EventTarget.js:241:34)
      at 
node_modules/@testing-library/user-event/dist/cjs/event/dispatchEvent.js:45:43
      at Object.eventWrapper 
(node_modules/@testing-library/dom/dist/config.js:25:23)
      at Object.wrapEvent 
(node_modules/@testing-library/user-event/dist/cjs/event/wrapEvent.js:6:28)
      at Object.dispatchEvent (node_modules/@testing-library/user-event/dist/cj
s/event/dispatchEvent.js:45:22)
      at Object.dispatchUIEvent (node_modules/@testing-library/user-event/dist/
cjs/event/dispatchEvent.js:22:26)
      at commitInput 
(node_modules/@testing-library/user-event/dist/cjs/event/input.js:145:14)
      at editInputElement 
(node_modules/@testing-library/user-event/dist/cjs/event/input.js:115:9)
      at Object.input 
(node_modules/@testing-library/user-event/dist/cjs/event/input.js:37:9)
      at node_modules/@testing-library/user-event/dist/cjs/event/behavior/keypr
ess.js:31:26
      at Object.dispatchEvent (node_modules/@testing-library/user-event/dist/cj
s/event/dispatchEvent.js:41:13)
      at Object.dispatchUIEvent (node_modules/@testing-library/user-event/dist/
cjs/event/dispatchEvent.js:22:26)
      at KeyboardHost.keydown 
(node_modules/@testing-library/user-event/dist/cjs/system/keyboard.js:76:22)
      at keyboardAction 
(node_modules/@testing-library/user-event/dist/cjs/keyboard/index.js:22:35)
      at Object.keyboard 
(node_modules/@testing-library/user-event/dist/cjs/keyboard/index.js:11:15)
      at Object.type 
(node_modules/@testing-library/user-event/dist/cjs/utility/type.js:17:5)
      at Object.<anonymous> (src/reporting/__tests__/reports.test.tsx:1202:9)

    console.error
      Warning: An update to DashboardConfigurePage inside a test was not 
wrapped in act(...).
      
      When testing, code that causes React state updates should be wrapped 
into act(...):
      
      act(() => {
        /* fire events that update state */
      });
      /* assert on the output */
      
      This ensures that you're testing the behavior the user would see in the 
browser. Learn more at https://reactjs.org/link/wrap-tests-with-act
          at DashboardConfigurePage (C:\Users\samhe\OneDrive\Desktop\Cleaned\fr
ontend\src\reporting\DashboardConfigurePage\DashboardConfigurePage.tsx:107:29)
          at routeContext (C:\Users\samhe\OneDrive\Desktop\Cleaned\frontend\nod
e_modules\react-router\lib\hooks.tsx:658:26)
          at children (C:\Users\samhe\OneDrive\Desktop\Cleaned\frontend\node_mo
dules\react-router\lib\components.tsx:512:3)
          at basenameProp (C:\Users\samhe\OneDrive\Desktop\Cleaned\frontend\nod
e_modules\react-router\lib\components.tsx:421:13)
          at basename (C:\Users\samhe\OneDrive\Desktop\Cleaned\frontend\node_mo
dules\react-router\lib\components.tsx:225:3)

      611 |                                                         type="text"
      612 |                                                         
value={draftWidget.yAxisLabel ?? ''}
    > 613 |                                                         
onChange={(e) => setDraftWidget((prev) => prev ? { ...prev, yAxisLabel: 
e.target.value } : prev)}
          |                                                                    
      ^
      614 |                                                         
className="border border-gray-300 rounded px-3 py-2 text-sm"
      615 |                                                         
placeholder="e.g. Premium"
      616 |                                                     />

      at printWarning 
(node_modules/react-dom/cjs/react-dom.development.js:86:30)
      at error (node_modules/react-dom/cjs/react-dom.development.js:60:7)
      at warnIfUpdatesNotWrappedWithActDEV 
(node_modules/react-dom/cjs/react-dom.development.js:27628:9)
      at scheduleUpdateOnFiber 
(node_modules/react-dom/cjs/react-dom.development.js:25547:5)
      at dispatchSetState 
(node_modules/react-dom/cjs/react-dom.development.js:16708:7)
      at onChange 
(src/reporting/DashboardConfigurePage/DashboardConfigurePage.tsx:613:74)
      at HTMLUnknownElement.callCallback 
(node_modules/react-dom/cjs/react-dom.development.js:4164:14)
      at HTMLUnknownElement.callTheUserObjectsOperation 
(node_modules/jsdom/lib/jsdom/living/generated/EventListener.js:26:30)
      at innerInvokeEventListeners 
(node_modules/jsdom/lib/jsdom/living/events/EventTarget-impl.js:350:25)
      at invokeEventListeners 
(node_modules/jsdom/lib/jsdom/living/events/EventTarget-impl.js:286:3)
      at HTMLUnknownElementImpl._dispatch 
(node_modules/jsdom/lib/jsdom/living/events/EventTarget-impl.js:233:9)
      at HTMLUnknownElementImpl.dispatchEvent 
(node_modules/jsdom/lib/jsdom/living/events/EventTarget-impl.js:104:17)
      at HTMLUnknownElement.dispatchEvent 
(node_modules/jsdom/lib/jsdom/living/generated/EventTarget.js:241:34)
      at Object.invokeGuardedCallbackDev 
(node_modules/react-dom/cjs/react-dom.development.js:4213:16)
      at invokeGuardedCallback 
(node_modules/react-dom/cjs/react-dom.development.js:4277:31)
      at invokeGuardedCallbackAndCatchFirstError 
(node_modules/react-dom/cjs/react-dom.development.js:4291:25)
      at executeDispatch 
(node_modules/react-dom/cjs/react-dom.development.js:9041:3)
      at processDispatchQueueItemsInOrder 
(node_modules/react-dom/cjs/react-dom.development.js:9073:7)
      at processDispatchQueue 
(node_modules/react-dom/cjs/react-dom.development.js:9086:5)
      at dispatchEventsForPlugins 
(node_modules/react-dom/cjs/react-dom.development.js:9097:3)
      at node_modules/react-dom/cjs/react-dom.development.js:9288:12
      at batchedUpdates$1 
(node_modules/react-dom/cjs/react-dom.development.js:26179:12)
      at batchedUpdates 
(node_modules/react-dom/cjs/react-dom.development.js:3991:12)
      at dispatchEventForPluginEventSystem 
(node_modules/react-dom/cjs/react-dom.development.js:9287:3)
      at dispatchEventWithEnableCapturePhaseSelectiveHydrationWithoutDiscreteEv
entReplay (node_modules/react-dom/cjs/react-dom.development.js:6465:5)
      at dispatchEvent 
(node_modules/react-dom/cjs/react-dom.development.js:6457:5)
      at dispatchDiscreteEvent 
(node_modules/react-dom/cjs/react-dom.development.js:6430:5)
      at HTMLDivElement.callTheUserObjectsOperation 
(node_modules/jsdom/lib/jsdom/living/generated/EventListener.js:26:30)
      at innerInvokeEventListeners 
(node_modules/jsdom/lib/jsdom/living/events/EventTarget-impl.js:350:25)
      at invokeEventListeners 
(node_modules/jsdom/lib/jsdom/living/events/EventTarget-impl.js:286:3)
      at HTMLInputElementImpl._dispatch 
(node_modules/jsdom/lib/jsdom/living/events/EventTarget-impl.js:233:9)
      at HTMLInputElementImpl.dispatchEvent 
(node_modules/jsdom/lib/jsdom/living/events/EventTarget-impl.js:104:17)
      at HTMLInputElement.dispatchEvent 
(node_modules/jsdom/lib/jsdom/living/generated/EventTarget.js:241:34)
      at 
node_modules/@testing-library/user-event/dist/cjs/event/dispatchEvent.js:45:43
      at Object.eventWrapper 
(node_modules/@testing-library/dom/dist/config.js:25:23)
      at Object.wrapEvent 
(node_modules/@testing-library/user-event/dist/cjs/event/wrapEvent.js:6:28)
      at Object.dispatchEvent (node_modules/@testing-library/user-event/dist/cj
s/event/dispatchEvent.js:45:22)
      at Object.dispatchUIEvent (node_modules/@testing-library/user-event/dist/
cjs/event/dispatchEvent.js:22:26)
      at commitInput 
(node_modules/@testing-library/user-event/dist/cjs/event/input.js:145:14)
      at editInputElement 
(node_modules/@testing-library/user-event/dist/cjs/event/input.js:115:9)
      at Object.input 
(node_modules/@testing-library/user-event/dist/cjs/event/input.js:37:9)
      at node_modules/@testing-library/user-event/dist/cjs/event/behavior/keypr
ess.js:31:26
      at Object.dispatchEvent (node_modules/@testing-library/user-event/dist/cj
s/event/dispatchEvent.js:41:13)
      at Object.dispatchUIEvent (node_modules/@testing-library/user-event/dist/
cjs/event/dispatchEvent.js:22:26)
      at KeyboardHost.keydown 
(node_modules/@testing-library/user-event/dist/cjs/system/keyboard.js:76:22)
      at keyboardAction 
(node_modules/@testing-library/user-event/dist/cjs/keyboard/index.js:22:35)
      at Object.keyboard 
(node_modules/@testing-library/user-event/dist/cjs/keyboard/index.js:11:15)
      at Object.type 
(node_modules/@testing-library/user-event/dist/cjs/utility/type.js:17:5)
      at Object.<anonymous> (src/reporting/__tests__/reports.test.tsx:1202:9)

    console.error
      Warning: An update to DashboardConfigurePage inside a test was not 
wrapped in act(...).
      
      When testing, code that causes React state updates should be wrapped 
into act(...):
      
      act(() => {
        /* fire events that update state */
      });
      /* assert on the output */
      
      This ensures that you're testing the behavior the user would see in the 
browser. Learn more at https://reactjs.org/link/wrap-tests-with-act
          at DashboardConfigurePage (C:\Users\samhe\OneDrive\Desktop\Cleaned\fr
ontend\src\reporting\DashboardConfigurePage\DashboardConfigurePage.tsx:107:29)
          at routeContext (C:\Users\samhe\OneDrive\Desktop\Cleaned\frontend\nod
e_modules\react-router\lib\hooks.tsx:658:26)
          at children (C:\Users\samhe\OneDrive\Desktop\Cleaned\frontend\node_mo
dules\react-router\lib\components.tsx:512:3)
          at basenameProp (C:\Users\samhe\OneDrive\Desktop\Cleaned\frontend\nod
e_modules\react-router\lib\components.tsx:421:13)
          at basename (C:\Users\samhe\OneDrive\Desktop\Cleaned\frontend\node_mo
dules\react-router\lib\components.tsx:225:3)

      596 |                                                         
id="widget-y-axis-attribute"
      597 |                                                         
value={draftWidget.yAxisAttribute ?? ''}
    > 598 |                                                         
onChange={(e) => setDraftWidget((prev) => prev ? { ...prev, yAxisAttribute: 
e.target.value || null } : prev)}
          |                                                                    
      ^
      599 |                                                         
className="border border-gray-300 rounded px-3 py-2 text-sm"
      600 |                                                     >
      601 |                                                         <option 
value="">Select y-axis field</option>

      at printWarning 
(node_modules/react-dom/cjs/react-dom.development.js:86:30)
      at error (node_modules/react-dom/cjs/react-dom.development.js:60:7)
      at warnIfUpdatesNotWrappedWithActDEV 
(node_modules/react-dom/cjs/react-dom.development.js:27628:9)
      at scheduleUpdateOnFiber 
(node_modules/react-dom/cjs/react-dom.development.js:25547:5)
      at dispatchSetState 
(node_modules/react-dom/cjs/react-dom.development.js:16708:7)
      at onChange 
(src/reporting/DashboardConfigurePage/DashboardConfigurePage.tsx:598:74)
      at HTMLUnknownElement.callCallback 
(node_modules/react-dom/cjs/react-dom.development.js:4164:14)
      at HTMLUnknownElement.callTheUserObjectsOperation 
(node_modules/jsdom/lib/jsdom/living/generated/EventListener.js:26:30)
      at innerInvokeEventListeners 
(node_modules/jsdom/lib/jsdom/living/events/EventTarget-impl.js:350:25)
      at invokeEventListeners 
(node_modules/jsdom/lib/jsdom/living/events/EventTarget-impl.js:286:3)
      at HTMLUnknownElementImpl._dispatch 
(node_modules/jsdom/lib/jsdom/living/events/EventTarget-impl.js:233:9)
      at HTMLUnknownElementImpl.dispatchEvent 
(node_modules/jsdom/lib/jsdom/living/events/EventTarget-impl.js:104:17)
      at HTMLUnknownElement.dispatchEvent 
(node_modules/jsdom/lib/jsdom/living/generated/EventTarget.js:241:34)
      at Object.invokeGuardedCallbackDev 
(node_modules/react-dom/cjs/react-dom.development.js:4213:16)
      at invokeGuardedCallback 
(node_modules/react-dom/cjs/react-dom.development.js:4277:31)
      at invokeGuardedCallbackAndCatchFirstError 
(node_modules/react-dom/cjs/react-dom.development.js:4291:25)
      at executeDispatch 
(node_modules/react-dom/cjs/react-dom.development.js:9041:3)
      at processDispatchQueueItemsInOrder 
(node_modules/react-dom/cjs/react-dom.development.js:9073:7)
      at processDispatchQueue 
(node_modules/react-dom/cjs/react-dom.development.js:9086:5)
      at dispatchEventsForPlugins 
(node_modules/react-dom/cjs/react-dom.development.js:9097:3)
      at node_modules/react-dom/cjs/react-dom.development.js:9288:12
      at batchedUpdates$1 
(node_modules/react-dom/cjs/react-dom.development.js:26179:12)
      at batchedUpdates 
(node_modules/react-dom/cjs/react-dom.development.js:3991:12)
      at dispatchEventForPluginEventSystem 
(node_modules/react-dom/cjs/react-dom.development.js:9287:3)
      at dispatchEventWithEnableCapturePhaseSelectiveHydrationWithoutDiscreteEv
entReplay (node_modules/react-dom/cjs/react-dom.development.js:6465:5)
      at dispatchEvent 
(node_modules/react-dom/cjs/react-dom.development.js:6457:5)
      at dispatchDiscreteEvent 
(node_modules/react-dom/cjs/react-dom.development.js:6430:5)
      at HTMLDivElement.callTheUserObjectsOperation 
(node_modules/jsdom/lib/jsdom/living/generated/EventListener.js:26:30)
      at innerInvokeEventListeners 
(node_modules/jsdom/lib/jsdom/living/events/EventTarget-impl.js:350:25)
      at invokeEventListeners 
(node_modules/jsdom/lib/jsdom/living/events/EventTarget-impl.js:286:3)
      at HTMLSelectElementImpl._dispatch 
(node_modules/jsdom/lib/jsdom/living/events/EventTarget-impl.js:233:9)
      at HTMLSelectElementImpl.dispatchEvent 
(node_modules/jsdom/lib/jsdom/living/events/EventTarget-impl.js:104:17)
      at Proxy.dispatchEvent 
(node_modules/jsdom/lib/jsdom/living/generated/EventTarget.js:241:34)
      at 
node_modules/@testing-library/user-event/dist/cjs/event/dispatchEvent.js:45:43
      at Object.eventWrapper 
(node_modules/@testing-library/dom/dist/config.js:25:23)
      at Object.wrapEvent 
(node_modules/@testing-library/user-event/dist/cjs/event/wrapEvent.js:6:28)
      at Object.dispatchEvent (node_modules/@testing-library/user-event/dist/cj
s/event/dispatchEvent.js:45:22)
      at Object.dispatchUIEvent (node_modules/@testing-library/user-event/dist/
cjs/event/dispatchEvent.js:22:26)
      at selectOption (node_modules/@testing-library/user-event/dist/cjs/utilit
y/selectOptions.js:51:14)
      at Object.selectOptionsBase (node_modules/@testing-library/user-event/dis
t/cjs/utility/selectOptions.js:87:13)
      at Object.<anonymous> (src/reporting/__tests__/reports.test.tsx:1203:9)

    console.error
      Warning: An update to DashboardConfigurePage inside a test was not 
wrapped in act(...).
      
      When testing, code that causes React state updates should be wrapped 
into act(...):
      
      act(() => {
        /* fire events that update state */
      });
      /* assert on the output */
      
      This ensures that you're testing the behavior the user would see in the 
browser. Learn more at https://reactjs.org/link/wrap-tests-with-act
          at DashboardConfigurePage (C:\Users\samhe\OneDrive\Desktop\Cleaned\fr
ontend\src\reporting\DashboardConfigurePage\DashboardConfigurePage.tsx:107:29)
          at routeContext (C:\Users\samhe\OneDrive\Desktop\Cleaned\frontend\nod
e_modules\react-router\lib\hooks.tsx:658:26)
          at children (C:\Users\samhe\OneDrive\Desktop\Cleaned\frontend\node_mo
dules\react-router\lib\components.tsx:512:3)
          at basenameProp (C:\Users\samhe\OneDrive\Desktop\Cleaned\frontend\nod
e_modules\react-router\lib\components.tsx:421:13)
          at basename (C:\Users\samhe\OneDrive\Desktop\Cleaned\frontend\node_mo
dules\react-router\lib\components.tsx:225:3)

      621 |                                                         
id="widget-legend-attribute"
      622 |                                                         
value={draftWidget.legendAttribute ?? ''}
    > 623 |                                                         
onChange={(e) => setDraftWidget((prev) => prev ? { ...prev, legendAttribute: 
e.target.value || null } : prev)}
          |                                                                    
      ^
      624 |                                                         
className="border border-gray-300 rounded px-3 py-2 text-sm"
      625 |                                                     >
      626 |                                                         <option 
value="">No legend split</option>

      at printWarning 
(node_modules/react-dom/cjs/react-dom.development.js:86:30)
      at error (node_modules/react-dom/cjs/react-dom.development.js:60:7)
      at warnIfUpdatesNotWrappedWithActDEV 
(node_modules/react-dom/cjs/react-dom.development.js:27628:9)
      at scheduleUpdateOnFiber 
(node_modules/react-dom/cjs/react-dom.development.js:25547:5)
      at dispatchSetState 
(node_modules/react-dom/cjs/react-dom.development.js:16708:7)
      at onChange 
(src/reporting/DashboardConfigurePage/DashboardConfigurePage.tsx:623:74)
      at HTMLUnknownElement.callCallback 
(node_modules/react-dom/cjs/react-dom.development.js:4164:14)
      at HTMLUnknownElement.callTheUserObjectsOperation 
(node_modules/jsdom/lib/jsdom/living/generated/EventListener.js:26:30)
      at innerInvokeEventListeners 
(node_modules/jsdom/lib/jsdom/living/events/EventTarget-impl.js:350:25)
      at invokeEventListeners 
(node_modules/jsdom/lib/jsdom/living/events/EventTarget-impl.js:286:3)
      at HTMLUnknownElementImpl._dispatch 
(node_modules/jsdom/lib/jsdom/living/events/EventTarget-impl.js:233:9)
      at HTMLUnknownElementImpl.dispatchEvent 
(node_modules/jsdom/lib/jsdom/living/events/EventTarget-impl.js:104:17)
      at HTMLUnknownElement.dispatchEvent 
(node_modules/jsdom/lib/jsdom/living/generated/EventTarget.js:241:34)
      at Object.invokeGuardedCallbackDev 
(node_modules/react-dom/cjs/react-dom.development.js:4213:16)
      at invokeGuardedCallback 
(node_modules/react-dom/cjs/react-dom.development.js:4277:31)
      at invokeGuardedCallbackAndCatchFirstError 
(node_modules/react-dom/cjs/react-dom.development.js:4291:25)
      at executeDispatch 
(node_modules/react-dom/cjs/react-dom.development.js:9041:3)
      at processDispatchQueueItemsInOrder 
(node_modules/react-dom/cjs/react-dom.development.js:9073:7)
      at processDispatchQueue 
(node_modules/react-dom/cjs/react-dom.development.js:9086:5)
      at dispatchEventsForPlugins 
(node_modules/react-dom/cjs/react-dom.development.js:9097:3)
      at node_modules/react-dom/cjs/react-dom.development.js:9288:12
      at batchedUpdates$1 
(node_modules/react-dom/cjs/react-dom.development.js:26179:12)
      at batchedUpdates 
(node_modules/react-dom/cjs/react-dom.development.js:3991:12)
      at dispatchEventForPluginEventSystem 
(node_modules/react-dom/cjs/react-dom.development.js:9287:3)
      at dispatchEventWithEnableCapturePhaseSelectiveHydrationWithoutDiscreteEv
entReplay (node_modules/react-dom/cjs/react-dom.development.js:6465:5)
      at dispatchEvent 
(node_modules/react-dom/cjs/react-dom.development.js:6457:5)
      at dispatchDiscreteEvent 
(node_modules/react-dom/cjs/react-dom.development.js:6430:5)
      at HTMLDivElement.callTheUserObjectsOperation 
(node_modules/jsdom/lib/jsdom/living/generated/EventListener.js:26:30)
      at innerInvokeEventListeners 
(node_modules/jsdom/lib/jsdom/living/events/EventTarget-impl.js:350:25)
      at invokeEventListeners 
(node_modules/jsdom/lib/jsdom/living/events/EventTarget-impl.js:286:3)
      at HTMLSelectElementImpl._dispatch 
(node_modules/jsdom/lib/jsdom/living/events/EventTarget-impl.js:233:9)
      at HTMLSelectElementImpl.dispatchEvent 
(node_modules/jsdom/lib/jsdom/living/events/EventTarget-impl.js:104:17)
      at Proxy.dispatchEvent 
(node_modules/jsdom/lib/jsdom/living/generated/EventTarget.js:241:34)
      at 
node_modules/@testing-library/user-event/dist/cjs/event/dispatchEvent.js:45:43
      at Object.eventWrapper 
(node_modules/@testing-library/dom/dist/config.js:25:23)
      at Object.wrapEvent 
(node_modules/@testing-library/user-event/dist/cjs/event/wrapEvent.js:6:28)
      at Object.dispatchEvent (node_modules/@testing-library/user-event/dist/cj
s/event/dispatchEvent.js:45:22)
      at Object.dispatchUIEvent (node_modules/@testing-library/user-event/dist/
cjs/event/dispatchEvent.js:22:26)
      at selectOption (node_modules/@testing-library/user-event/dist/cjs/utilit
y/selectOptions.js:51:14)
      at Object.selectOptionsBase (node_modules/@testing-library/user-event/dis
t/cjs/utility/selectOptions.js:87:13)
      at Object.<anonymous> (src/reporting/__tests__/reports.test.tsx:1204:9)

    console.error
      Warning: An update to DashboardConfigurePage inside a test was not 
wrapped in act(...).
      
      When testing, code that causes React state updates should be wrapped 
into act(...):
      
      act(() => {
        /* fire events that update state */
      });
      /* assert on the output */
      
      This ensures that you're testing the behavior the user would see in the 
browser. Learn more at https://reactjs.org/link/wrap-tests-with-act
          at DashboardConfigurePage (C:\Users\samhe\OneDrive\Desktop\Cleaned\fr
ontend\src\reporting\DashboardConfigurePage\DashboardConfigurePage.tsx:107:29)
          at routeContext (C:\Users\samhe\OneDrive\Desktop\Cleaned\frontend\nod
e_modules\react-router\lib\hooks.tsx:658:26)
          at children (C:\Users\samhe\OneDrive\Desktop\Cleaned\frontend\node_mo
dules\react-router\lib\components.tsx:512:3)
          at basenameProp (C:\Users\samhe\OneDrive\Desktop\Cleaned\frontend\nod
e_modules\react-router\lib\components.tsx:421:13)
          at basename (C:\Users\samhe\OneDrive\Desktop\Cleaned\frontend\node_mo
dules\react-router\lib\components.tsx:225:3)

      640 |                                                         
onClick={() => {
      641 |                                                             const 
first = allMeasureFields.find((f) => !(draftWidget.measures ?? 
[]).includes(f.compositeKey))
    > 642 |                                                             if 
(first) setDraftWidget((prev) => prev ? { ...prev, measures: 
[...(prev.measures ?? []), first.compositeKey] } : prev)
          |                                                                    
    ^
      643 |                                                         }}
      644 |                                                         
className="text-sm text-brand-600 hover:underline"
      645 |                                                     >+ Add 
Measure</button>

      at printWarning 
(node_modules/react-dom/cjs/react-dom.development.js:86:30)
      at error (node_modules/react-dom/cjs/react-dom.development.js:60:7)
      at warnIfUpdatesNotWrappedWithActDEV 
(node_modules/react-dom/cjs/react-dom.development.js:27628:9)
      at scheduleUpdateOnFiber 
(node_modules/react-dom/cjs/react-dom.development.js:25547:5)
      at dispatchSetState 
(node_modules/react-dom/cjs/react-dom.development.js:16708:7)
      at onClick 
(src/reporting/DashboardConfigurePage/DashboardConfigurePage.tsx:642:72)
      at HTMLUnknownElement.callCallback 
(node_modules/react-dom/cjs/react-dom.development.js:4164:14)
      at HTMLUnknownElement.callTheUserObjectsOperation 
(node_modules/jsdom/lib/jsdom/living/generated/EventListener.js:26:30)
      at innerInvokeEventListeners 
(node_modules/jsdom/lib/jsdom/living/events/EventTarget-impl.js:350:25)
      at invokeEventListeners 
(node_modules/jsdom/lib/jsdom/living/events/EventTarget-impl.js:286:3)
      at HTMLUnknownElementImpl._dispatch 
(node_modules/jsdom/lib/jsdom/living/events/EventTarget-impl.js:233:9)
      at HTMLUnknownElementImpl.dispatchEvent 
(node_modules/jsdom/lib/jsdom/living/events/EventTarget-impl.js:104:17)
      at HTMLUnknownElement.dispatchEvent 
(node_modules/jsdom/lib/jsdom/living/generated/EventTarget.js:241:34)
      at Object.invokeGuardedCallbackDev 
(node_modules/react-dom/cjs/react-dom.development.js:4213:16)
      at invokeGuardedCallback 
(node_modules/react-dom/cjs/react-dom.development.js:4277:31)
      at invokeGuardedCallbackAndCatchFirstError 
(node_modules/react-dom/cjs/react-dom.development.js:4291:25)
      at executeDispatch 
(node_modules/react-dom/cjs/react-dom.development.js:9041:3)
      at processDispatchQueueItemsInOrder 
(node_modules/react-dom/cjs/react-dom.development.js:9073:7)
      at processDispatchQueue 
(node_modules/react-dom/cjs/react-dom.development.js:9086:5)
      at dispatchEventsForPlugins 
(node_modules/react-dom/cjs/react-dom.development.js:9097:3)
      at node_modules/react-dom/cjs/react-dom.development.js:9288:12
      at batchedUpdates$1 
(node_modules/react-dom/cjs/react-dom.development.js:26179:12)
      at batchedUpdates 
(node_modules/react-dom/cjs/react-dom.development.js:3991:12)
      at dispatchEventForPluginEventSystem 
(node_modules/react-dom/cjs/react-dom.development.js:9287:3)
      at dispatchEventWithEnableCapturePhaseSelectiveHydrationWithoutDiscreteEv
entReplay (node_modules/react-dom/cjs/react-dom.development.js:6465:5)
      at dispatchEvent 
(node_modules/react-dom/cjs/react-dom.development.js:6457:5)
      at dispatchDiscreteEvent 
(node_modules/react-dom/cjs/react-dom.development.js:6430:5)
      at HTMLDivElement.callTheUserObjectsOperation 
(node_modules/jsdom/lib/jsdom/living/generated/EventListener.js:26:30)
      at innerInvokeEventListeners 
(node_modules/jsdom/lib/jsdom/living/events/EventTarget-impl.js:350:25)
      at invokeEventListeners 
(node_modules/jsdom/lib/jsdom/living/events/EventTarget-impl.js:286:3)
      at HTMLButtonElementImpl._dispatch 
(node_modules/jsdom/lib/jsdom/living/events/EventTarget-impl.js:233:9)
      at HTMLButtonElementImpl.dispatchEvent 
(node_modules/jsdom/lib/jsdom/living/events/EventTarget-impl.js:104:17)
      at HTMLButtonElement.dispatchEvent 
(node_modules/jsdom/lib/jsdom/living/generated/EventTarget.js:241:34)
      at 
node_modules/@testing-library/user-event/dist/cjs/event/dispatchEvent.js:45:43
      at Object.eventWrapper 
(node_modules/@testing-library/dom/dist/config.js:25:23)
      at Object.wrapEvent 
(node_modules/@testing-library/user-event/dist/cjs/event/wrapEvent.js:6:28)
      at Object.dispatchEvent (node_modules/@testing-library/user-event/dist/cj
s/event/dispatchEvent.js:45:22)
      at Object.dispatchUIEvent (node_modules/@testing-library/user-event/dist/
cjs/event/dispatchEvent.js:22:26)
      at Mouse.up (node_modules/@testing-library/user-event/dist/cjs/system/poi
nter/mouse.js:100:30)
      at PointerHost.release (node_modules/@testing-library/user-event/dist/cjs
/system/pointer/index.js:87:24)
      at pointerAction 
(node_modules/@testing-library/user-event/dist/cjs/pointer/index.js:54:47)
      at Object.pointer 
(node_modules/@testing-library/user-event/dist/cjs/pointer/index.js:27:9)
      at Object.<anonymous> (src/reporting/__tests__/reports.test.tsx:1205:9)

    console.error
      Warning: An update to DashboardConfigurePage inside a test was not 
wrapped in act(...).
      
      When testing, code that causes React state updates should be wrapped 
into act(...):
      
      act(() => {
        /* fire events that update state */
      });
      /* assert on the output */
      
      This ensures that you're testing the behavior the user would see in the 
browser. Learn more at https://reactjs.org/link/wrap-tests-with-act
          at DashboardConfigurePage (C:\Users\samhe\OneDrive\Desktop\Cleaned\fr
ontend\src\reporting\DashboardConfigurePage\DashboardConfigurePage.tsx:107:29)
          at routeContext (C:\Users\samhe\OneDrive\Desktop\Cleaned\frontend\nod
e_modules\react-router\lib\hooks.tsx:658:26)
          at children (C:\Users\samhe\OneDrive\Desktop\Cleaned\frontend\node_mo
dules\react-router\lib\components.tsx:512:3)
          at basenameProp (C:\Users\samhe\OneDrive\Desktop\Cleaned\frontend\nod
e_modules\react-router\lib\components.tsx:421:13)
          at basename (C:\Users\samhe\OneDrive\Desktop\Cleaned\frontend\node_mo
dules\react-router\lib\components.tsx:225:3)

      654 |                                                             
value={key}
      655 |                                                             
aria-label={`Measure ${idx + 1}`}
    > 656 |                                                             
onChange={(e) => setDraftWidget((prev) => {
          |                                                                    
          ^
      657 |                                                                 if 
(!prev) return prev
      658 |                                                                 
const updated = [...(prev.measures ?? [])]
      659 |                                                                 
updated[idx] = e.target.value

      at printWarning 
(node_modules/react-dom/cjs/react-dom.development.js:86:30)
      at error (node_modules/react-dom/cjs/react-dom.development.js:60:7)
      at warnIfUpdatesNotWrappedWithActDEV 
(node_modules/react-dom/cjs/react-dom.development.js:27628:9)
      at scheduleUpdateOnFiber 
(node_modules/react-dom/cjs/react-dom.development.js:25547:5)
      at dispatchSetState 
(node_modules/react-dom/cjs/react-dom.development.js:16708:7)
      at onChange 
(src/reporting/DashboardConfigurePage/DashboardConfigurePage.tsx:656:78)
      at HTMLUnknownElement.callCallback 
(node_modules/react-dom/cjs/react-dom.development.js:4164:14)
      at HTMLUnknownElement.callTheUserObjectsOperation 
(node_modules/jsdom/lib/jsdom/living/generated/EventListener.js:26:30)
      at innerInvokeEventListeners 
(node_modules/jsdom/lib/jsdom/living/events/EventTarget-impl.js:350:25)
      at invokeEventListeners 
(node_modules/jsdom/lib/jsdom/living/events/EventTarget-impl.js:286:3)
      at HTMLUnknownElementImpl._dispatch 
(node_modules/jsdom/lib/jsdom/living/events/EventTarget-impl.js:233:9)
      at HTMLUnknownElementImpl.dispatchEvent 
(node_modules/jsdom/lib/jsdom/living/events/EventTarget-impl.js:104:17)
      at HTMLUnknownElement.dispatchEvent 
(node_modules/jsdom/lib/jsdom/living/generated/EventTarget.js:241:34)
      at Object.invokeGuardedCallbackDev 
(node_modules/react-dom/cjs/react-dom.development.js:4213:16)
      at invokeGuardedCallback 
(node_modules/react-dom/cjs/react-dom.development.js:4277:31)
      at invokeGuardedCallbackAndCatchFirstError 
(node_modules/react-dom/cjs/react-dom.development.js:4291:25)
      at executeDispatch 
(node_modules/react-dom/cjs/react-dom.development.js:9041:3)
      at processDispatchQueueItemsInOrder 
(node_modules/react-dom/cjs/react-dom.development.js:9073:7)
      at processDispatchQueue 
(node_modules/react-dom/cjs/react-dom.development.js:9086:5)
      at dispatchEventsForPlugins 
(node_modules/react-dom/cjs/react-dom.development.js:9097:3)
      at node_modules/react-dom/cjs/react-dom.development.js:9288:12
      at batchedUpdates$1 
(node_modules/react-dom/cjs/react-dom.development.js:26179:12)
      at batchedUpdates 
(node_modules/react-dom/cjs/react-dom.development.js:3991:12)
      at dispatchEventForPluginEventSystem 
(node_modules/react-dom/cjs/react-dom.development.js:9287:3)
      at dispatchEventWithEnableCapturePhaseSelectiveHydrationWithoutDiscreteEv
entReplay (node_modules/react-dom/cjs/react-dom.development.js:6465:5)
      at dispatchEvent 
(node_modules/react-dom/cjs/react-dom.development.js:6457:5)
      at dispatchDiscreteEvent 
(node_modules/react-dom/cjs/react-dom.development.js:6430:5)
      at HTMLDivElement.callTheUserObjectsOperation 
(node_modules/jsdom/lib/jsdom/living/generated/EventListener.js:26:30)
      at innerInvokeEventListeners 
(node_modules/jsdom/lib/jsdom/living/events/EventTarget-impl.js:350:25)
      at invokeEventListeners 
(node_modules/jsdom/lib/jsdom/living/events/EventTarget-impl.js:286:3)
      at HTMLSelectElementImpl._dispatch 
(node_modules/jsdom/lib/jsdom/living/events/EventTarget-impl.js:233:9)
      at HTMLSelectElementImpl.dispatchEvent 
(node_modules/jsdom/lib/jsdom/living/events/EventTarget-impl.js:104:17)
      at Proxy.dispatchEvent 
(node_modules/jsdom/lib/jsdom/living/generated/EventTarget.js:241:34)
      at 
node_modules/@testing-library/user-event/dist/cjs/event/dispatchEvent.js:45:43
      at Object.eventWrapper 
(node_modules/@testing-library/dom/dist/config.js:25:23)
      at Object.wrapEvent 
(node_modules/@testing-library/user-event/dist/cjs/event/wrapEvent.js:6:28)
      at Object.dispatchEvent (node_modules/@testing-library/user-event/dist/cj
s/event/dispatchEvent.js:45:22)
      at Object.dispatchUIEvent (node_modules/@testing-library/user-event/dist/
cjs/event/dispatchEvent.js:22:26)
      at selectOption (node_modules/@testing-library/user-event/dist/cjs/utilit
y/selectOptions.js:51:14)
      at Object.selectOptionsBase (node_modules/@testing-library/user-event/dis
t/cjs/utility/selectOptions.js:87:13)
      at Object.<anonymous> (src/reporting/__tests__/reports.test.tsx:1206:9)

    console.error
      Warning: An update to DashboardConfigurePage inside a test was not 
wrapped in act(...).
      
      When testing, code that causes React state updates should be wrapped 
into act(...):
      
      act(() => {
        /* fire events that update state */
      });
      /* assert on the output */
      
      This ensures that you're testing the behavior the user would see in the 
browser. Learn more at https://reactjs.org/link/wrap-tests-with-act
          at DashboardConfigurePage (C:\Users\samhe\OneDrive\Desktop\Cleaned\fr
ontend\src\reporting\DashboardConfigurePage\DashboardConfigurePage.tsx:107:29)
          at routeContext (C:\Users\samhe\OneDrive\Desktop\Cleaned\frontend\nod
e_modules\react-router\lib\hooks.tsx:658:26)
          at children (C:\Users\samhe\OneDrive\Desktop\Cleaned\frontend\node_mo
dules\react-router\lib\components.tsx:512:3)
          at basenameProp (C:\Users\samhe\OneDrive\Desktop\Cleaned\frontend\nod
e_modules\react-router\lib\components.tsx:421:13)
          at basename (C:\Users\samhe\OneDrive\Desktop\Cleaned\frontend\node_mo
dules\react-router\lib\components.tsx:225:3)

      640 |                                                         
onClick={() => {
      641 |                                                             const 
first = allMeasureFields.find((f) => !(draftWidget.measures ?? 
[]).includes(f.compositeKey))
    > 642 |                                                             if 
(first) setDraftWidget((prev) => prev ? { ...prev, measures: 
[...(prev.measures ?? []), first.compositeKey] } : prev)
          |                                                                    
    ^
      643 |                                                         }}
      644 |                                                         
className="text-sm text-brand-600 hover:underline"
      645 |                                                     >+ Add 
Measure</button>

      at printWarning 
(node_modules/react-dom/cjs/react-dom.development.js:86:30)
      at error (node_modules/react-dom/cjs/react-dom.development.js:60:7)
      at warnIfUpdatesNotWrappedWithActDEV 
(node_modules/react-dom/cjs/react-dom.development.js:27628:9)
      at scheduleUpdateOnFiber 
(node_modules/react-dom/cjs/react-dom.development.js:25547:5)
      at dispatchSetState 
(node_modules/react-dom/cjs/react-dom.development.js:16708:7)
      at onClick 
(src/reporting/DashboardConfigurePage/DashboardConfigurePage.tsx:642:72)
      at HTMLUnknownElement.callCallback 
(node_modules/react-dom/cjs/react-dom.development.js:4164:14)
      at HTMLUnknownElement.callTheUserObjectsOperation 
(node_modules/jsdom/lib/jsdom/living/generated/EventListener.js:26:30)
      at innerInvokeEventListeners 
(node_modules/jsdom/lib/jsdom/living/events/EventTarget-impl.js:350:25)
      at invokeEventListeners 
(node_modules/jsdom/lib/jsdom/living/events/EventTarget-impl.js:286:3)
      at HTMLUnknownElementImpl._dispatch 
(node_modules/jsdom/lib/jsdom/living/events/EventTarget-impl.js:233:9)
      at HTMLUnknownElementImpl.dispatchEvent 
(node_modules/jsdom/lib/jsdom/living/events/EventTarget-impl.js:104:17)
      at HTMLUnknownElement.dispatchEvent 
(node_modules/jsdom/lib/jsdom/living/generated/EventTarget.js:241:34)
      at Object.invokeGuardedCallbackDev 
(node_modules/react-dom/cjs/react-dom.development.js:4213:16)
      at invokeGuardedCallback 
(node_modules/react-dom/cjs/react-dom.development.js:4277:31)
      at invokeGuardedCallbackAndCatchFirstError 
(node_modules/react-dom/cjs/react-dom.development.js:4291:25)
      at executeDispatch 
(node_modules/react-dom/cjs/react-dom.development.js:9041:3)
      at processDispatchQueueItemsInOrder 
(node_modules/react-dom/cjs/react-dom.development.js:9073:7)
      at processDispatchQueue 
(node_modules/react-dom/cjs/react-dom.development.js:9086:5)
      at dispatchEventsForPlugins 
(node_modules/react-dom/cjs/react-dom.development.js:9097:3)
      at node_modules/react-dom/cjs/react-dom.development.js:9288:12
      at batchedUpdates$1 
(node_modules/react-dom/cjs/react-dom.development.js:26179:12)
      at batchedUpdates 
(node_modules/react-dom/cjs/react-dom.development.js:3991:12)
      at dispatchEventForPluginEventSystem 
(node_modules/react-dom/cjs/react-dom.development.js:9287:3)
      at dispatchEventWithEnableCapturePhaseSelectiveHydrationWithoutDiscreteEv
entReplay (node_modules/react-dom/cjs/react-dom.development.js:6465:5)
      at dispatchEvent 
(node_modules/react-dom/cjs/react-dom.development.js:6457:5)
      at dispatchDiscreteEvent 
(node_modules/react-dom/cjs/react-dom.development.js:6430:5)
      at HTMLDivElement.callTheUserObjectsOperation 
(node_modules/jsdom/lib/jsdom/living/generated/EventListener.js:26:30)
      at innerInvokeEventListeners 
(node_modules/jsdom/lib/jsdom/living/events/EventTarget-impl.js:350:25)
      at invokeEventListeners 
(node_modules/jsdom/lib/jsdom/living/events/EventTarget-impl.js:286:3)
      at HTMLButtonElementImpl._dispatch 
(node_modules/jsdom/lib/jsdom/living/events/EventTarget-impl.js:233:9)
      at HTMLButtonElementImpl.dispatchEvent 
(node_modules/jsdom/lib/jsdom/living/events/EventTarget-impl.js:104:17)
      at HTMLButtonElement.dispatchEvent 
(node_modules/jsdom/lib/jsdom/living/generated/EventTarget.js:241:34)
      at 
node_modules/@testing-library/user-event/dist/cjs/event/dispatchEvent.js:45:43
      at Object.eventWrapper 
(node_modules/@testing-library/dom/dist/config.js:25:23)
      at Object.wrapEvent 
(node_modules/@testing-library/user-event/dist/cjs/event/wrapEvent.js:6:28)
      at Object.dispatchEvent (node_modules/@testing-library/user-event/dist/cj
s/event/dispatchEvent.js:45:22)
      at Object.dispatchUIEvent (node_modules/@testing-library/user-event/dist/
cjs/event/dispatchEvent.js:22:26)
      at Mouse.up (node_modules/@testing-library/user-event/dist/cjs/system/poi
nter/mouse.js:100:30)
      at PointerHost.release (node_modules/@testing-library/user-event/dist/cjs
/system/pointer/index.js:87:24)
      at pointerAction 
(node_modules/@testing-library/user-event/dist/cjs/pointer/index.js:54:47)
      at Object.pointer 
(node_modules/@testing-library/user-event/dist/cjs/pointer/index.js:27:9)
      at Object.<anonymous> (src/reporting/__tests__/reports.test.tsx:1207:9)

    console.error
      Warning: An update to DashboardConfigurePage inside a test was not 
wrapped in act(...).
      
      When testing, code that causes React state updates should be wrapped 
into act(...):
      
      act(() => {
        /* fire events that update state */
      });
      /* assert on the output */
      
      This ensures that you're testing the behavior the user would see in the 
browser. Learn more at https://reactjs.org/link/wrap-tests-with-act
          at DashboardConfigurePage (C:\Users\samhe\OneDrive\Desktop\Cleaned\fr
ontend\src\reporting\DashboardConfigurePage\DashboardConfigurePage.tsx:107:29)
          at routeContext (C:\Users\samhe\OneDrive\Desktop\Cleaned\frontend\nod
e_modules\react-router\lib\hooks.tsx:658:26)
          at children (C:\Users\samhe\OneDrive\Desktop\Cleaned\frontend\node_mo
dules\react-router\lib\components.tsx:512:3)
          at basenameProp (C:\Users\samhe\OneDrive\Desktop\Cleaned\frontend\nod
e_modules\react-router\lib\components.tsx:421:13)
          at basename (C:\Users\samhe\OneDrive\Desktop\Cleaned\frontend\node_mo
dules\react-router\lib\components.tsx:225:3)

      654 |                                                             
value={key}
      655 |                                                             
aria-label={`Measure ${idx + 1}`}
    > 656 |                                                             
onChange={(e) => setDraftWidget((prev) => {
          |                                                                    
          ^
      657 |                                                                 if 
(!prev) return prev
      658 |                                                                 
const updated = [...(prev.measures ?? [])]
      659 |                                                                 
updated[idx] = e.target.value

      at printWarning 
(node_modules/react-dom/cjs/react-dom.development.js:86:30)
      at error (node_modules/react-dom/cjs/react-dom.development.js:60:7)
      at warnIfUpdatesNotWrappedWithActDEV 
(node_modules/react-dom/cjs/react-dom.development.js:27628:9)
      at scheduleUpdateOnFiber 
(node_modules/react-dom/cjs/react-dom.development.js:25547:5)
      at dispatchSetState 
(node_modules/react-dom/cjs/react-dom.development.js:16708:7)
      at onChange 
(src/reporting/DashboardConfigurePage/DashboardConfigurePage.tsx:656:78)
      at HTMLUnknownElement.callCallback 
(node_modules/react-dom/cjs/react-dom.development.js:4164:14)
      at HTMLUnknownElement.callTheUserObjectsOperation 
(node_modules/jsdom/lib/jsdom/living/generated/EventListener.js:26:30)
      at innerInvokeEventListeners 
(node_modules/jsdom/lib/jsdom/living/events/EventTarget-impl.js:350:25)
      at invokeEventListeners 
(node_modules/jsdom/lib/jsdom/living/events/EventTarget-impl.js:286:3)
      at HTMLUnknownElementImpl._dispatch 
(node_modules/jsdom/lib/jsdom/living/events/EventTarget-impl.js:233:9)
      at HTMLUnknownElementImpl.dispatchEvent 
(node_modules/jsdom/lib/jsdom/living/events/EventTarget-impl.js:104:17)
      at HTMLUnknownElement.dispatchEvent 
(node_modules/jsdom/lib/jsdom/living/generated/EventTarget.js:241:34)
      at Object.invokeGuardedCallbackDev 
(node_modules/react-dom/cjs/react-dom.development.js:4213:16)
      at invokeGuardedCallback 
(node_modules/react-dom/cjs/react-dom.development.js:4277:31)
      at invokeGuardedCallbackAndCatchFirstError 
(node_modules/react-dom/cjs/react-dom.development.js:4291:25)
      at executeDispatch 
(node_modules/react-dom/cjs/react-dom.development.js:9041:3)
      at processDispatchQueueItemsInOrder 
(node_modules/react-dom/cjs/react-dom.development.js:9073:7)
      at processDispatchQueue 
(node_modules/react-dom/cjs/react-dom.development.js:9086:5)
      at dispatchEventsForPlugins 
(node_modules/react-dom/cjs/react-dom.development.js:9097:3)
      at node_modules/react-dom/cjs/react-dom.development.js:9288:12
      at batchedUpdates$1 
(node_modules/react-dom/cjs/react-dom.development.js:26179:12)
      at batchedUpdates 
(node_modules/react-dom/cjs/react-dom.development.js:3991:12)
      at dispatchEventForPluginEventSystem 
(node_modules/react-dom/cjs/react-dom.development.js:9287:3)
      at dispatchEventWithEnableCapturePhaseSelectiveHydrationWithoutDiscreteEv
entReplay (node_modules/react-dom/cjs/react-dom.development.js:6465:5)
      at dispatchEvent 
(node_modules/react-dom/cjs/react-dom.development.js:6457:5)
      at dispatchDiscreteEvent 
(node_modules/react-dom/cjs/react-dom.development.js:6430:5)
      at HTMLDivElement.callTheUserObjectsOperation 
(node_modules/jsdom/lib/jsdom/living/generated/EventListener.js:26:30)
      at innerInvokeEventListeners 
(node_modules/jsdom/lib/jsdom/living/events/EventTarget-impl.js:350:25)
      at invokeEventListeners 
(node_modules/jsdom/lib/jsdom/living/events/EventTarget-impl.js:286:3)
      at HTMLSelectElementImpl._dispatch 
(node_modules/jsdom/lib/jsdom/living/events/EventTarget-impl.js:233:9)
      at HTMLSelectElementImpl.dispatchEvent 
(node_modules/jsdom/lib/jsdom/living/events/EventTarget-impl.js:104:17)
      at Proxy.dispatchEvent 
(node_modules/jsdom/lib/jsdom/living/generated/EventTarget.js:241:34)
      at 
node_modules/@testing-library/user-event/dist/cjs/event/dispatchEvent.js:45:43
      at Object.eventWrapper 
(node_modules/@testing-library/dom/dist/config.js:25:23)
      at Object.wrapEvent 
(node_modules/@testing-library/user-event/dist/cjs/event/wrapEvent.js:6:28)
      at Object.dispatchEvent (node_modules/@testing-library/user-event/dist/cj
s/event/dispatchEvent.js:45:22)
      at Object.dispatchUIEvent (node_modules/@testing-library/user-event/dist/
cjs/event/dispatchEvent.js:22:26)
      at selectOption (node_modules/@testing-library/user-event/dist/cjs/utilit
y/selectOptions.js:51:14)
      at Object.selectOptionsBase (node_modules/@testing-library/user-event/dis
t/cjs/utility/selectOptions.js:87:13)
      at Object.<anonymous> (src/reporting/__tests__/reports.test.tsx:1208:9)

    console.error
      Warning: An update to DashboardConfigurePage inside a test was not 
wrapped in act(...).
      
      When testing, code that causes React state updates should be wrapped 
into act(...):
      
      act(() => {
        /* fire events that update state */
      });
      /* assert on the output */
      
      This ensures that you're testing the behavior the user would see in the 
browser. Learn more at https://reactjs.org/link/wrap-tests-with-act
          at DashboardConfigurePage (C:\Users\samhe\OneDrive\Desktop\Cleaned\fr
ontend\src\reporting\DashboardConfigurePage\DashboardConfigurePage.tsx:107:29)
          at routeContext (C:\Users\samhe\OneDrive\Desktop\Cleaned\frontend\nod
e_modules\react-router\lib\hooks.tsx:658:26)
          at children (C:\Users\samhe\OneDrive\Desktop\Cleaned\frontend\node_mo
dules\react-router\lib\components.tsx:512:3)
          at basenameProp (C:\Users\samhe\OneDrive\Desktop\Cleaned\frontend\nod
e_modules\react-router\lib\components.tsx:421:13)
          at basename (C:\Users\samhe\OneDrive\Desktop\Cleaned\frontend\node_mo
dules\react-router\lib\components.tsx:225:3)

      244 |             return
      245 |         }
    > 246 |         setPages((prev) => prev.map((page) => {
          |         ^
      247 |             if (page.id !== currentPage.id) return page
      248 |             const widgets = (page.widgets ?? []).map((widget) => 
normalizeWidget(widget))
      249 |                 .filter((widget) => !(widget.slotId === 
draftWidget.slotId && (widget.sectionId ?? null) === (draftWidget.sectionId ?? 
null)))

      at printWarning 
(node_modules/react-dom/cjs/react-dom.development.js:86:30)
      at error (node_modules/react-dom/cjs/react-dom.development.js:60:7)
      at warnIfUpdatesNotWrappedWithActDEV 
(node_modules/react-dom/cjs/react-dom.development.js:27628:9)
      at scheduleUpdateOnFiber 
(node_modules/react-dom/cjs/react-dom.development.js:25547:5)
      at dispatchSetState 
(node_modules/react-dom/cjs/react-dom.development.js:16708:7)
      at saveWidgetLocally 
(src/reporting/DashboardConfigurePage/DashboardConfigurePage.tsx:246:9)
      at HTMLUnknownElement.callCallback 
(node_modules/react-dom/cjs/react-dom.development.js:4164:14)
      at HTMLUnknownElement.callTheUserObjectsOperation 
(node_modules/jsdom/lib/jsdom/living/generated/EventListener.js:26:30)
      at innerInvokeEventListeners 
(node_modules/jsdom/lib/jsdom/living/events/EventTarget-impl.js:350:25)
      at invokeEventListeners 
(node_modules/jsdom/lib/jsdom/living/events/EventTarget-impl.js:286:3)
      at HTMLUnknownElementImpl._dispatch 
(node_modules/jsdom/lib/jsdom/living/events/EventTarget-impl.js:233:9)
      at HTMLUnknownElementImpl.dispatchEvent 
(node_modules/jsdom/lib/jsdom/living/events/EventTarget-impl.js:104:17)
      at HTMLUnknownElement.dispatchEvent 
(node_modules/jsdom/lib/jsdom/living/generated/EventTarget.js:241:34)
      at Object.invokeGuardedCallbackDev 
(node_modules/react-dom/cjs/react-dom.development.js:4213:16)
      at invokeGuardedCallback 
(node_modules/react-dom/cjs/react-dom.development.js:4277:31)
      at invokeGuardedCallbackAndCatchFirstError 
(node_modules/react-dom/cjs/react-dom.development.js:4291:25)
      at executeDispatch 
(node_modules/react-dom/cjs/react-dom.development.js:9041:3)
      at processDispatchQueueItemsInOrder 
(node_modules/react-dom/cjs/react-dom.development.js:9073:7)
      at processDispatchQueue 
(node_modules/react-dom/cjs/react-dom.development.js:9086:5)
      at dispatchEventsForPlugins 
(node_modules/react-dom/cjs/react-dom.development.js:9097:3)
      at node_modules/react-dom/cjs/react-dom.development.js:9288:12
      at batchedUpdates$1 
(node_modules/react-dom/cjs/react-dom.development.js:26179:12)
      at batchedUpdates 
(node_modules/react-dom/cjs/react-dom.development.js:3991:12)
      at dispatchEventForPluginEventSystem 
(node_modules/react-dom/cjs/react-dom.development.js:9287:3)
      at dispatchEventWithEnableCapturePhaseSelectiveHydrationWithoutDiscreteEv
entReplay (node_modules/react-dom/cjs/react-dom.development.js:6465:5)
      at dispatchEvent 
(node_modules/react-dom/cjs/react-dom.development.js:6457:5)
      at dispatchDiscreteEvent 
(node_modules/react-dom/cjs/react-dom.development.js:6430:5)
      at HTMLDivElement.callTheUserObjectsOperation 
(node_modules/jsdom/lib/jsdom/living/generated/EventListener.js:26:30)
      at innerInvokeEventListeners 
(node_modules/jsdom/lib/jsdom/living/events/EventTarget-impl.js:350:25)
      at invokeEventListeners 
(node_modules/jsdom/lib/jsdom/living/events/EventTarget-impl.js:286:3)
      at HTMLButtonElementImpl._dispatch 
(node_modules/jsdom/lib/jsdom/living/events/EventTarget-impl.js:233:9)
      at HTMLButtonElementImpl.dispatchEvent 
(node_modules/jsdom/lib/jsdom/living/events/EventTarget-impl.js:104:17)
      at HTMLButtonElement.dispatchEvent 
(node_modules/jsdom/lib/jsdom/living/generated/EventTarget.js:241:34)
      at 
node_modules/@testing-library/user-event/dist/cjs/event/dispatchEvent.js:45:43
      at Object.eventWrapper 
(node_modules/@testing-library/dom/dist/config.js:25:23)
      at Object.wrapEvent 
(node_modules/@testing-library/user-event/dist/cjs/event/wrapEvent.js:6:28)
      at Object.dispatchEvent (node_modules/@testing-library/user-event/dist/cj
s/event/dispatchEvent.js:45:22)
      at Object.dispatchUIEvent (node_modules/@testing-library/user-event/dist/
cjs/event/dispatchEvent.js:22:26)
      at Mouse.up (node_modules/@testing-library/user-event/dist/cjs/system/poi
nter/mouse.js:100:30)
      at PointerHost.release (node_modules/@testing-library/user-event/dist/cjs
/system/pointer/index.js:87:24)
      at pointerAction 
(node_modules/@testing-library/user-event/dist/cjs/pointer/index.js:54:47)
      at Object.pointer 
(node_modules/@testing-library/user-event/dist/cjs/pointer/index.js:27:9)
      at Object.<anonymous> (src/reporting/__tests__/reports.test.tsx:1209:9)

    console.error
      Warning: An update to DashboardConfigurePage inside a test was not 
wrapped in act(...).
      
      When testing, code that causes React state updates should be wrapped 
into act(...):
      
      act(() => {
        /* fire events that update state */
      });
      /* assert on the output */
      
      This ensures that you're testing the behavior the user would see in the 
browser. Learn more at https://reactjs.org/link/wrap-tests-with-act
          at DashboardConfigurePage (C:\Users\samhe\OneDrive\Desktop\Cleaned\fr
ontend\src\reporting\DashboardConfigurePage\DashboardConfigurePage.tsx:107:29)
          at routeContext (C:\Users\samhe\OneDrive\Desktop\Cleaned\frontend\nod
e_modules\react-router\lib\hooks.tsx:658:26)
          at children (C:\Users\samhe\OneDrive\Desktop\Cleaned\frontend\node_mo
dules\react-router\lib\components.tsx:512:3)
          at basenameProp (C:\Users\samhe\OneDrive\Desktop\Cleaned\frontend\nod
e_modules\react-router\lib\components.tsx:421:13)
          at basename (C:\Users\samhe\OneDrive\Desktop\Cleaned\frontend\node_mo
dules\react-router\lib\components.tsx:225:3)

      262 |             }
      263 |         }))
    > 264 |         setEditor(null)
          |         ^
      265 |         setDraftWidget(null)
      266 |     }
      267 |

      at printWarning 
(node_modules/react-dom/cjs/react-dom.development.js:86:30)
      at error (node_modules/react-dom/cjs/react-dom.development.js:60:7)
      at warnIfUpdatesNotWrappedWithActDEV 
(node_modules/react-dom/cjs/react-dom.development.js:27628:9)
      at scheduleUpdateOnFiber 
(node_modules/react-dom/cjs/react-dom.development.js:25547:5)
      at dispatchSetState 
(node_modules/react-dom/cjs/react-dom.development.js:16708:7)
      at saveWidgetLocally 
(src/reporting/DashboardConfigurePage/DashboardConfigurePage.tsx:264:9)
      at HTMLUnknownElement.callCallback 
(node_modules/react-dom/cjs/react-dom.development.js:4164:14)
      at HTMLUnknownElement.callTheUserObjectsOperation 
(node_modules/jsdom/lib/jsdom/living/generated/EventListener.js:26:30)
      at innerInvokeEventListeners 
(node_modules/jsdom/lib/jsdom/living/events/EventTarget-impl.js:350:25)
      at invokeEventListeners 
(node_modules/jsdom/lib/jsdom/living/events/EventTarget-impl.js:286:3)
      at HTMLUnknownElementImpl._dispatch 
(node_modules/jsdom/lib/jsdom/living/events/EventTarget-impl.js:233:9)
      at HTMLUnknownElementImpl.dispatchEvent 
(node_modules/jsdom/lib/jsdom/living/events/EventTarget-impl.js:104:17)
      at HTMLUnknownElement.dispatchEvent 
(node_modules/jsdom/lib/jsdom/living/generated/EventTarget.js:241:34)
      at Object.invokeGuardedCallbackDev 
(node_modules/react-dom/cjs/react-dom.development.js:4213:16)
      at invokeGuardedCallback 
(node_modules/react-dom/cjs/react-dom.development.js:4277:31)
      at invokeGuardedCallbackAndCatchFirstError 
(node_modules/react-dom/cjs/react-dom.development.js:4291:25)
      at executeDispatch 
(node_modules/react-dom/cjs/react-dom.development.js:9041:3)
      at processDispatchQueueItemsInOrder 
(node_modules/react-dom/cjs/react-dom.development.js:9073:7)
      at processDispatchQueue 
(node_modules/react-dom/cjs/react-dom.development.js:9086:5)
      at dispatchEventsForPlugins 
(node_modules/react-dom/cjs/react-dom.development.js:9097:3)
      at node_modules/react-dom/cjs/react-dom.development.js:9288:12
      at batchedUpdates$1 
(node_modules/react-dom/cjs/react-dom.development.js:26179:12)
      at batchedUpdates 
(node_modules/react-dom/cjs/react-dom.development.js:3991:12)
      at dispatchEventForPluginEventSystem 
(node_modules/react-dom/cjs/react-dom.development.js:9287:3)
      at dispatchEventWithEnableCapturePhaseSelectiveHydrationWithoutDiscreteEv
entReplay (node_modules/react-dom/cjs/react-dom.development.js:6465:5)
      at dispatchEvent 
(node_modules/react-dom/cjs/react-dom.development.js:6457:5)
      at dispatchDiscreteEvent 
(node_modules/react-dom/cjs/react-dom.development.js:6430:5)
      at HTMLDivElement.callTheUserObjectsOperation 
(node_modules/jsdom/lib/jsdom/living/generated/EventListener.js:26:30)
      at innerInvokeEventListeners 
(node_modules/jsdom/lib/jsdom/living/events/EventTarget-impl.js:350:25)
      at invokeEventListeners 
(node_modules/jsdom/lib/jsdom/living/events/EventTarget-impl.js:286:3)
      at HTMLButtonElementImpl._dispatch 
(node_modules/jsdom/lib/jsdom/living/events/EventTarget-impl.js:233:9)
      at HTMLButtonElementImpl.dispatchEvent 
(node_modules/jsdom/lib/jsdom/living/events/EventTarget-impl.js:104:17)
      at HTMLButtonElement.dispatchEvent 
(node_modules/jsdom/lib/jsdom/living/generated/EventTarget.js:241:34)
      at 
node_modules/@testing-library/user-event/dist/cjs/event/dispatchEvent.js:45:43
      at Object.eventWrapper 
(node_modules/@testing-library/dom/dist/config.js:25:23)
      at Object.wrapEvent 
(node_modules/@testing-library/user-event/dist/cjs/event/wrapEvent.js:6:28)
      at Object.dispatchEvent (node_modules/@testing-library/user-event/dist/cj
s/event/dispatchEvent.js:45:22)
      at Object.dispatchUIEvent (node_modules/@testing-library/user-event/dist/
cjs/event/dispatchEvent.js:22:26)
      at Mouse.up (node_modules/@testing-library/user-event/dist/cjs/system/poi
nter/mouse.js:100:30)
      at PointerHost.release (node_modules/@testing-library/user-event/dist/cjs
/system/pointer/index.js:87:24)
      at pointerAction 
(node_modules/@testing-library/user-event/dist/cjs/pointer/index.js:54:47)
      at Object.pointer 
(node_modules/@testing-library/user-event/dist/cjs/pointer/index.js:27:9)
      at Object.<anonymous> (src/reporting/__tests__/reports.test.tsx:1209:9)

    console.error
      Warning: An update to DashboardConfigurePage inside a test was not 
wrapped in act(...).
      
      When testing, code that causes React state updates should be wrapped 
into act(...):
      
      act(() => {
        /* fire events that update state */
      });
      /* assert on the output */
      
      This ensures that you're testing the behavior the user would see in the 
browser. Learn more at https://reactjs.org/link/wrap-tests-with-act
          at DashboardConfigurePage (C:\Users\samhe\OneDrive\Desktop\Cleaned\fr
ontend\src\reporting\DashboardConfigurePage\DashboardConfigurePage.tsx:107:29)
          at routeContext (C:\Users\samhe\OneDrive\Desktop\Cleaned\frontend\nod
e_modules\react-router\lib\hooks.tsx:658:26)
          at children (C:\Users\samhe\OneDrive\Desktop\Cleaned\frontend\node_mo
dules\react-router\lib\components.tsx:512:3)
          at basenameProp (C:\Users\samhe\OneDrive\Desktop\Cleaned\frontend\nod
e_modules\react-router\lib\components.tsx:421:13)
          at basename (C:\Users\samhe\OneDrive\Desktop\Cleaned\frontend\node_mo
dules\react-router\lib\components.tsx:225:3)

      263 |         }))
      264 |         setEditor(null)
    > 265 |         setDraftWidget(null)
          |         ^
      266 |     }
      267 |
      268 |     function removeWidget(slotId: number, sectionId?: number | 
null) {

      at printWarning 
(node_modules/react-dom/cjs/react-dom.development.js:86:30)
      at error (node_modules/react-dom/cjs/react-dom.development.js:60:7)
      at warnIfUpdatesNotWrappedWithActDEV 
(node_modules/react-dom/cjs/react-dom.development.js:27628:9)
      at scheduleUpdateOnFiber 
(node_modules/react-dom/cjs/react-dom.development.js:25547:5)
      at dispatchSetState 
(node_modules/react-dom/cjs/react-dom.development.js:16708:7)
      at saveWidgetLocally 
(src/reporting/DashboardConfigurePage/DashboardConfigurePage.tsx:265:9)
      at HTMLUnknownElement.callCallback 
(node_modules/react-dom/cjs/react-dom.development.js:4164:14)
      at HTMLUnknownElement.callTheUserObjectsOperation 
(node_modules/jsdom/lib/jsdom/living/generated/EventListener.js:26:30)
      at innerInvokeEventListeners 
(node_modules/jsdom/lib/jsdom/living/events/EventTarget-impl.js:350:25)
      at invokeEventListeners 
(node_modules/jsdom/lib/jsdom/living/events/EventTarget-impl.js:286:3)
      at HTMLUnknownElementImpl._dispatch 
(node_modules/jsdom/lib/jsdom/living/events/EventTarget-impl.js:233:9)
      at HTMLUnknownElementImpl.dispatchEvent 
(node_modules/jsdom/lib/jsdom/living/events/EventTarget-impl.js:104:17)
      at HTMLUnknownElement.dispatchEvent 
(node_modules/jsdom/lib/jsdom/living/generated/EventTarget.js:241:34)
      at Object.invokeGuardedCallbackDev 
(node_modules/react-dom/cjs/react-dom.development.js:4213:16)
      at invokeGuardedCallback 
(node_modules/react-dom/cjs/react-dom.development.js:4277:31)
      at invokeGuardedCallbackAndCatchFirstError 
(node_modules/react-dom/cjs/react-dom.development.js:4291:25)
      at executeDispatch 
(node_modules/react-dom/cjs/react-dom.development.js:9041:3)
      at processDispatchQueueItemsInOrder 
(node_modules/react-dom/cjs/react-dom.development.js:9073:7)
      at processDispatchQueue 
(node_modules/react-dom/cjs/react-dom.development.js:9086:5)
      at dispatchEventsForPlugins 
(node_modules/react-dom/cjs/react-dom.development.js:9097:3)
      at node_modules/react-dom/cjs/react-dom.development.js:9288:12
      at batchedUpdates$1 
(node_modules/react-dom/cjs/react-dom.development.js:26179:12)
      at batchedUpdates 
(node_modules/react-dom/cjs/react-dom.development.js:3991:12)
      at dispatchEventForPluginEventSystem 
(node_modules/react-dom/cjs/react-dom.development.js:9287:3)
      at dispatchEventWithEnableCapturePhaseSelectiveHydrationWithoutDiscreteEv
entReplay (node_modules/react-dom/cjs/react-dom.development.js:6465:5)
      at dispatchEvent 
(node_modules/react-dom/cjs/react-dom.development.js:6457:5)
      at dispatchDiscreteEvent 
(node_modules/react-dom/cjs/react-dom.development.js:6430:5)
      at HTMLDivElement.callTheUserObjectsOperation 
(node_modules/jsdom/lib/jsdom/living/generated/EventListener.js:26:30)
      at innerInvokeEventListeners 
(node_modules/jsdom/lib/jsdom/living/events/EventTarget-impl.js:350:25)
      at invokeEventListeners 
(node_modules/jsdom/lib/jsdom/living/events/EventTarget-impl.js:286:3)
      at HTMLButtonElementImpl._dispatch 
(node_modules/jsdom/lib/jsdom/living/events/EventTarget-impl.js:233:9)
      at HTMLButtonElementImpl.dispatchEvent 
(node_modules/jsdom/lib/jsdom/living/events/EventTarget-impl.js:104:17)
      at HTMLButtonElement.dispatchEvent 
(node_modules/jsdom/lib/jsdom/living/generated/EventTarget.js:241:34)
      at 
node_modules/@testing-library/user-event/dist/cjs/event/dispatchEvent.js:45:43
      at Object.eventWrapper 
(node_modules/@testing-library/dom/dist/config.js:25:23)
      at Object.wrapEvent 
(node_modules/@testing-library/user-event/dist/cjs/event/wrapEvent.js:6:28)
      at Object.dispatchEvent (node_modules/@testing-library/user-event/dist/cj
s/event/dispatchEvent.js:45:22)
      at Object.dispatchUIEvent (node_modules/@testing-library/user-event/dist/
cjs/event/dispatchEvent.js:22:26)
      at Mouse.up (node_modules/@testing-library/user-event/dist/cjs/system/poi
nter/mouse.js:100:30)
      at PointerHost.release (node_modules/@testing-library/user-event/dist/cjs
/system/pointer/index.js:87:24)
      at pointerAction 
(node_modules/@testing-library/user-event/dist/cjs/pointer/index.js:54:47)
      at Object.pointer 
(node_modules/@testing-library/user-event/dist/cjs/pointer/index.js:27:9)
      at Object.<anonymous> (src/reporting/__tests__/reports.test.tsx:1209:9)

    console.error
      Warning: An update to DashboardLiveWidget inside a test was not wrapped 
in act(...).
      
      When testing, code that causes React state updates should be wrapped 
into act(...):
      
      act(() => {
        /* fire events that update state */
      });
      /* assert on the output */
      
      This ensures that you're testing the behavior the user would see in the 
browser. Learn more at https://reactjs.org/link/wrap-tests-with-act
          at DashboardLiveWidget (C:\Users\samhe\OneDrive\Desktop\Cleaned\front
end\src\reporting\dashboardWidgets.tsx:534:5)
          at div
          at div
          at div
          at div
          at div
          at div
          at div
          at DashboardConfigurePage (C:\Users\samhe\OneDrive\Desktop\Cleaned\fr
ontend\src\reporting\DashboardConfigurePage\DashboardConfigurePage.tsx:107:29)
          at routeContext (C:\Users\samhe\OneDrive\Desktop\Cleaned\frontend\nod
e_modules\react-router\lib\hooks.tsx:658:26)
          at children (C:\Users\samhe\OneDrive\Desktop\Cleaned\frontend\node_mo
dules\react-router\lib\components.tsx:512:3)
          at basenameProp (C:\Users\samhe\OneDrive\Desktop\Cleaned\frontend\nod
e_modules\react-router\lib\components.tsx:421:13)
          at basename (C:\Users\samhe\OneDrive\Desktop\Cleaned\frontend\node_mo
dules\react-router\lib\components.tsx:225:3)

      570 |             .then((result) => {
      571 |                 if (cancelled) return
    > 572 |                 setData(result)
          |                 ^
      573 |             })
      574 |             .catch((err) => {
      575 |                 if (cancelled) return

      at printWarning 
(node_modules/react-dom/cjs/react-dom.development.js:86:30)
      at error (node_modules/react-dom/cjs/react-dom.development.js:60:7)
      at warnIfUpdatesNotWrappedWithActDEV 
(node_modules/react-dom/cjs/react-dom.development.js:27628:9)
      at scheduleUpdateOnFiber 
(node_modules/react-dom/cjs/react-dom.development.js:25547:5)
      at dispatchSetState 
(node_modules/react-dom/cjs/react-dom.development.js:16708:7)
      at src/reporting/dashboardWidgets.tsx:572:17

    console.error
      Warning: An update to DashboardLiveWidget inside a test was not wrapped 
in act(...).
      
      When testing, code that causes React state updates should be wrapped 
into act(...):
      
      act(() => {
        /* fire events that update state */
      });
      /* assert on the output */
      
      This ensures that you're testing the behavior the user would see in the 
browser. Learn more at https://reactjs.org/link/wrap-tests-with-act
          at DashboardLiveWidget (C:\Users\samhe\OneDrive\Desktop\Cleaned\front
end\src\reporting\dashboardWidgets.tsx:534:5)
          at div
          at div
          at div
          at div
          at div
          at div
          at div
          at DashboardConfigurePage (C:\Users\samhe\OneDrive\Desktop\Cleaned\fr
ontend\src\reporting\DashboardConfigurePage\DashboardConfigurePage.tsx:107:29)
          at routeContext (C:\Users\samhe\OneDrive\Desktop\Cleaned\frontend\nod
e_modules\react-router\lib\hooks.tsx:658:26)
          at children (C:\Users\samhe\OneDrive\Desktop\Cleaned\frontend\node_mo
dules\react-router\lib\components.tsx:512:3)
          at basenameProp (C:\Users\samhe\OneDrive\Desktop\Cleaned\frontend\nod
e_modules\react-router\lib\components.tsx:421:13)
          at basename (C:\Users\samhe\OneDrive\Desktop\Cleaned\frontend\node_mo
dules\react-router\lib\components.tsx:225:3)

      579 |             .finally(() => {
      580 |                 if (cancelled) return
    > 581 |                 setLoading(false)
          |                 ^
      582 |             })
      583 |         return () => { cancelled = true }
      584 |     }, [normalizedWidget, filters])

      at printWarning 
(node_modules/react-dom/cjs/react-dom.development.js:86:30)
      at error (node_modules/react-dom/cjs/react-dom.development.js:60:7)
      at warnIfUpdatesNotWrappedWithActDEV 
(node_modules/react-dom/cjs/react-dom.development.js:27628:9)
      at scheduleUpdateOnFiber 
(node_modules/react-dom/cjs/react-dom.development.js:25547:5)
      at dispatchSetState 
(node_modules/react-dom/cjs/react-dom.development.js:16708:7)
      at src/reporting/dashboardWidgets.tsx:581:17

    console.error
      Warning: An update to DashboardConfigurePage inside a test was not 
wrapped in act(...).
      
      When testing, code that causes React state updates should be wrapped 
into act(...):
      
      act(() => {
        /* fire events that update state */
      });
      /* assert on the output */
      
      This ensures that you're testing the behavior the user would see in the 
browser. Learn more at https://reactjs.org/link/wrap-tests-with-act
          at DashboardConfigurePage (C:\Users\samhe\OneDrive\Desktop\Cleaned\fr
ontend\src\reporting\DashboardConfigurePage\DashboardConfigurePage.tsx:107:29)
          at routeContext (C:\Users\samhe\OneDrive\Desktop\Cleaned\frontend\nod
e_modules\react-router\lib\hooks.tsx:658:26)
          at children (C:\Users\samhe\OneDrive\Desktop\Cleaned\frontend\node_mo
dules\react-router\lib\components.tsx:512:3)
          at basenameProp (C:\Users\samhe\OneDrive\Desktop\Cleaned\frontend\nod
e_modules\react-router\lib\components.tsx:421:13)
          at basename (C:\Users\samhe\OneDrive\Desktop\Cleaned\frontend\node_mo
dules\react-router\lib\components.tsx:225:3)

      226 |     function openEditor(slotId: number, sectionId?: number | null) 
{
      227 |         const existing = getWidgetsForSlot(slotId, sectionId)[0]
    > 228 |         setEditor({ slotId, sectionId, widget: existing })
          |         ^
      229 |         setDraftWidget(existing ? normalizeWidget(existing) : 
blankWidget(slotId, sectionId))
      230 |     }
      231 |

      at printWarning 
(node_modules/react-dom/cjs/react-dom.development.js:86:30)
      at error (node_modules/react-dom/cjs/react-dom.development.js:60:7)
      at warnIfUpdatesNotWrappedWithActDEV 
(node_modules/react-dom/cjs/react-dom.development.js:27628:9)
      at scheduleUpdateOnFiber 
(node_modules/react-dom/cjs/react-dom.development.js:25547:5)
      at dispatchSetState 
(node_modules/react-dom/cjs/react-dom.development.js:16708:7)
      at openEditor 
(src/reporting/DashboardConfigurePage/DashboardConfigurePage.tsx:228:9)
      at onClick 
(src/reporting/DashboardConfigurePage/DashboardConfigurePage.tsx:356:56)
      at HTMLUnknownElement.callCallback 
(node_modules/react-dom/cjs/react-dom.development.js:4164:14)
      at HTMLUnknownElement.callTheUserObjectsOperation 
(node_modules/jsdom/lib/jsdom/living/generated/EventListener.js:26:30)
      at innerInvokeEventListeners 
(node_modules/jsdom/lib/jsdom/living/events/EventTarget-impl.js:350:25)
      at invokeEventListeners 
(node_modules/jsdom/lib/jsdom/living/events/EventTarget-impl.js:286:3)
      at HTMLUnknownElementImpl._dispatch 
(node_modules/jsdom/lib/jsdom/living/events/EventTarget-impl.js:233:9)
      at HTMLUnknownElementImpl.dispatchEvent 
(node_modules/jsdom/lib/jsdom/living/events/EventTarget-impl.js:104:17)
      at HTMLUnknownElement.dispatchEvent 
(node_modules/jsdom/lib/jsdom/living/generated/EventTarget.js:241:34)
      at Object.invokeGuardedCallbackDev 
(node_modules/react-dom/cjs/react-dom.development.js:4213:16)
      at invokeGuardedCallback 
(node_modules/react-dom/cjs/react-dom.development.js:4277:31)
      at invokeGuardedCallbackAndCatchFirstError 
(node_modules/react-dom/cjs/react-dom.development.js:4291:25)
      at executeDispatch 
(node_modules/react-dom/cjs/react-dom.development.js:9041:3)
      at processDispatchQueueItemsInOrder 
(node_modules/react-dom/cjs/react-dom.development.js:9073:7)
      at processDispatchQueue 
(node_modules/react-dom/cjs/react-dom.development.js:9086:5)
      at dispatchEventsForPlugins 
(node_modules/react-dom/cjs/react-dom.development.js:9097:3)
      at node_modules/react-dom/cjs/react-dom.development.js:9288:12
      at batchedUpdates$1 
(node_modules/react-dom/cjs/react-dom.development.js:26179:12)
      at batchedUpdates 
(node_modules/react-dom/cjs/react-dom.development.js:3991:12)
      at dispatchEventForPluginEventSystem 
(node_modules/react-dom/cjs/react-dom.development.js:9287:3)
      at dispatchEventWithEnableCapturePhaseSelectiveHydrationWithoutDiscreteEv
entReplay (node_modules/react-dom/cjs/react-dom.development.js:6465:5)
      at dispatchEvent 
(node_modules/react-dom/cjs/react-dom.development.js:6457:5)
      at dispatchDiscreteEvent 
(node_modules/react-dom/cjs/react-dom.development.js:6430:5)
      at HTMLDivElement.callTheUserObjectsOperation 
(node_modules/jsdom/lib/jsdom/living/generated/EventListener.js:26:30)
      at innerInvokeEventListeners 
(node_modules/jsdom/lib/jsdom/living/events/EventTarget-impl.js:350:25)
      at invokeEventListeners 
(node_modules/jsdom/lib/jsdom/living/events/EventTarget-impl.js:286:3)
      at HTMLButtonElementImpl._dispatch 
(node_modules/jsdom/lib/jsdom/living/events/EventTarget-impl.js:233:9)
      at HTMLButtonElementImpl.dispatchEvent 
(node_modules/jsdom/lib/jsdom/living/events/EventTarget-impl.js:104:17)
      at HTMLButtonElement.dispatchEvent 
(node_modules/jsdom/lib/jsdom/living/generated/EventTarget.js:241:34)
      at 
node_modules/@testing-library/user-event/dist/cjs/event/dispatchEvent.js:45:43
      at Object.eventWrapper 
(node_modules/@testing-library/dom/dist/config.js:25:23)
      at Object.wrapEvent 
(node_modules/@testing-library/user-event/dist/cjs/event/wrapEvent.js:6:28)
      at Object.dispatchEvent (node_modules/@testing-library/user-event/dist/cj
s/event/dispatchEvent.js:45:22)
      at Object.dispatchUIEvent (node_modules/@testing-library/user-event/dist/
cjs/event/dispatchEvent.js:22:26)
      at Mouse.up (node_modules/@testing-library/user-event/dist/cjs/system/poi
nter/mouse.js:100:30)
      at PointerHost.release (node_modules/@testing-library/user-event/dist/cjs
/system/pointer/index.js:87:24)
      at pointerAction 
(node_modules/@testing-library/user-event/dist/cjs/pointer/index.js:54:47)
      at Object.pointer 
(node_modules/@testing-library/user-event/dist/cjs/pointer/index.js:27:9)
      at Object.<anonymous> (src/reporting/__tests__/reports.test.tsx:1244:9)

    console.error
      Warning: An update to DashboardConfigurePage inside a test was not 
wrapped in act(...).
      
      When testing, code that causes React state updates should be wrapped 
into act(...):
      
      act(() => {
        /* fire events that update state */
      });
      /* assert on the output */
      
      This ensures that you're testing the behavior the user would see in the 
browser. Learn more at https://reactjs.org/link/wrap-tests-with-act
          at DashboardConfigurePage (C:\Users\samhe\OneDrive\Desktop\Cleaned\fr
ontend\src\reporting\DashboardConfigurePage\DashboardConfigurePage.tsx:107:29)
          at routeContext (C:\Users\samhe\OneDrive\Desktop\Cleaned\frontend\nod
e_modules\react-router\lib\hooks.tsx:658:26)
          at children (C:\Users\samhe\OneDrive\Desktop\Cleaned\frontend\node_mo
dules\react-router\lib\components.tsx:512:3)
          at basenameProp (C:\Users\samhe\OneDrive\Desktop\Cleaned\frontend\nod
e_modules\react-router\lib\components.tsx:421:13)
          at basename (C:\Users\samhe\OneDrive\Desktop\Cleaned\frontend\node_mo
dules\react-router\lib\components.tsx:225:3)

      227 |         const existing = getWidgetsForSlot(slotId, sectionId)[0]
      228 |         setEditor({ slotId, sectionId, widget: existing })
    > 229 |         setDraftWidget(existing ? normalizeWidget(existing) : 
blankWidget(slotId, sectionId))
          |         ^
      230 |     }
      231 |
      232 |     function saveWidgetLocally() {

      at printWarning 
(node_modules/react-dom/cjs/react-dom.development.js:86:30)
      at error (node_modules/react-dom/cjs/react-dom.development.js:60:7)
      at warnIfUpdatesNotWrappedWithActDEV 
(node_modules/react-dom/cjs/react-dom.development.js:27628:9)
      at scheduleUpdateOnFiber 
(node_modules/react-dom/cjs/react-dom.development.js:25547:5)
      at dispatchSetState 
(node_modules/react-dom/cjs/react-dom.development.js:16708:7)
      at openEditor 
(src/reporting/DashboardConfigurePage/DashboardConfigurePage.tsx:229:9)
      at onClick 
(src/reporting/DashboardConfigurePage/DashboardConfigurePage.tsx:356:56)
      at HTMLUnknownElement.callCallback 
(node_modules/react-dom/cjs/react-dom.development.js:4164:14)
      at HTMLUnknownElement.callTheUserObjectsOperation 
(node_modules/jsdom/lib/jsdom/living/generated/EventListener.js:26:30)
      at innerInvokeEventListeners 
(node_modules/jsdom/lib/jsdom/living/events/EventTarget-impl.js:350:25)
      at invokeEventListeners 
(node_modules/jsdom/lib/jsdom/living/events/EventTarget-impl.js:286:3)
      at HTMLUnknownElementImpl._dispatch 
(node_modules/jsdom/lib/jsdom/living/events/EventTarget-impl.js:233:9)
      at HTMLUnknownElementImpl.dispatchEvent 
(node_modules/jsdom/lib/jsdom/living/events/EventTarget-impl.js:104:17)
      at HTMLUnknownElement.dispatchEvent 
(node_modules/jsdom/lib/jsdom/living/generated/EventTarget.js:241:34)
      at Object.invokeGuardedCallbackDev 
(node_modules/react-dom/cjs/react-dom.development.js:4213:16)
      at invokeGuardedCallback 
(node_modules/react-dom/cjs/react-dom.development.js:4277:31)
      at invokeGuardedCallbackAndCatchFirstError 
(node_modules/react-dom/cjs/react-dom.development.js:4291:25)
      at executeDispatch 
(node_modules/react-dom/cjs/react-dom.development.js:9041:3)
      at processDispatchQueueItemsInOrder 
(node_modules/react-dom/cjs/react-dom.development.js:9073:7)
      at processDispatchQueue 
(node_modules/react-dom/cjs/react-dom.development.js:9086:5)
      at dispatchEventsForPlugins 
(node_modules/react-dom/cjs/react-dom.development.js:9097:3)
      at node_modules/react-dom/cjs/react-dom.development.js:9288:12
      at batchedUpdates$1 
(node_modules/react-dom/cjs/react-dom.development.js:26179:12)
      at batchedUpdates 
(node_modules/react-dom/cjs/react-dom.development.js:3991:12)
      at dispatchEventForPluginEventSystem 
(node_modules/react-dom/cjs/react-dom.development.js:9287:3)
      at dispatchEventWithEnableCapturePhaseSelectiveHydrationWithoutDiscreteEv
entReplay (node_modules/react-dom/cjs/react-dom.development.js:6465:5)
      at dispatchEvent 
(node_modules/react-dom/cjs/react-dom.development.js:6457:5)
      at dispatchDiscreteEvent 
(node_modules/react-dom/cjs/react-dom.development.js:6430:5)
      at HTMLDivElement.callTheUserObjectsOperation 
(node_modules/jsdom/lib/jsdom/living/generated/EventListener.js:26:30)
      at innerInvokeEventListeners 
(node_modules/jsdom/lib/jsdom/living/events/EventTarget-impl.js:350:25)
      at invokeEventListeners 
(node_modules/jsdom/lib/jsdom/living/events/EventTarget-impl.js:286:3)
      at HTMLButtonElementImpl._dispatch 
(node_modules/jsdom/lib/jsdom/living/events/EventTarget-impl.js:233:9)
      at HTMLButtonElementImpl.dispatchEvent 
(node_modules/jsdom/lib/jsdom/living/events/EventTarget-impl.js:104:17)
      at HTMLButtonElement.dispatchEvent 
(node_modules/jsdom/lib/jsdom/living/generated/EventTarget.js:241:34)
      at 
node_modules/@testing-library/user-event/dist/cjs/event/dispatchEvent.js:45:43
      at Object.eventWrapper 
(node_modules/@testing-library/dom/dist/config.js:25:23)
      at Object.wrapEvent 
(node_modules/@testing-library/user-event/dist/cjs/event/wrapEvent.js:6:28)
      at Object.dispatchEvent (node_modules/@testing-library/user-event/dist/cj
s/event/dispatchEvent.js:45:22)
      at Object.dispatchUIEvent (node_modules/@testing-library/user-event/dist/
cjs/event/dispatchEvent.js:22:26)
      at Mouse.up (node_modules/@testing-library/user-event/dist/cjs/system/poi
nter/mouse.js:100:30)
      at PointerHost.release (node_modules/@testing-library/user-event/dist/cjs
/system/pointer/index.js:87:24)
      at pointerAction 
(node_modules/@testing-library/user-event/dist/cjs/pointer/index.js:54:47)
      at Object.pointer 
(node_modules/@testing-library/user-event/dist/cjs/pointer/index.js:27:9)
      at Object.<anonymous> (src/reporting/__tests__/reports.test.tsx:1244:9)

    console.error
      Warning: An update to DashboardConfigurePage inside a test was not 
wrapped in act(...).
      
      When testing, code that causes React state updates should be wrapped 
into act(...):
      
      act(() => {
        /* fire events that update state */
      });
      /* assert on the output */
      
      This ensures that you're testing the behavior the user would see in the 
browser. Learn more at https://reactjs.org/link/wrap-tests-with-act
          at DashboardConfigurePage (C:\Users\samhe\OneDrive\Desktop\Cleaned\fr
ontend\src\reporting\DashboardConfigurePage\DashboardConfigurePage.tsx:107:29)
          at routeContext (C:\Users\samhe\OneDrive\Desktop\Cleaned\frontend\nod
e_modules\react-router\lib\hooks.tsx:658:26)
          at children (C:\Users\samhe\OneDrive\Desktop\Cleaned\frontend\node_mo
dules\react-router\lib\components.tsx:512:3)
          at basenameProp (C:\Users\samhe\OneDrive\Desktop\Cleaned\frontend\nod
e_modules\react-router\lib\components.tsx:421:13)
          at basename (C:\Users\samhe\OneDrive\Desktop\Cleaned\frontend\node_mo
dules\react-router\lib\components.tsx:225:3)

      452 |                                         type="text"
      453 |                                         value={draftWidget.title}
    > 454 |                                         onChange={(e) => 
setDraftWidget((prev) => prev ? { ...prev, title: e.target.value } : prev)}
          |                                                          ^
      455 |                                         className="border 
border-gray-300 rounded px-3 py-2 text-sm"
      456 |                                     />
      457 |                                 </div>

      at printWarning 
(node_modules/react-dom/cjs/react-dom.development.js:86:30)
      at error (node_modules/react-dom/cjs/react-dom.development.js:60:7)
      at warnIfUpdatesNotWrappedWithActDEV 
(node_modules/react-dom/cjs/react-dom.development.js:27628:9)
      at scheduleUpdateOnFiber 
(node_modules/react-dom/cjs/react-dom.development.js:25547:5)
      at dispatchSetState 
(node_modules/react-dom/cjs/react-dom.development.js:16708:7)
      at onChange 
(src/reporting/DashboardConfigurePage/DashboardConfigurePage.tsx:454:58)
      at HTMLUnknownElement.callCallback 
(node_modules/react-dom/cjs/react-dom.development.js:4164:14)
      at HTMLUnknownElement.callTheUserObjectsOperation 
(node_modules/jsdom/lib/jsdom/living/generated/EventListener.js:26:30)
      at innerInvokeEventListeners 
(node_modules/jsdom/lib/jsdom/living/events/EventTarget-impl.js:350:25)
      at invokeEventListeners 
(node_modules/jsdom/lib/jsdom/living/events/EventTarget-impl.js:286:3)
      at HTMLUnknownElementImpl._dispatch 
(node_modules/jsdom/lib/jsdom/living/events/EventTarget-impl.js:233:9)
      at HTMLUnknownElementImpl.dispatchEvent 
(node_modules/jsdom/lib/jsdom/living/events/EventTarget-impl.js:104:17)
      at HTMLUnknownElement.dispatchEvent 
(node_modules/jsdom/lib/jsdom/living/generated/EventTarget.js:241:34)
      at Object.invokeGuardedCallbackDev 
(node_modules/react-dom/cjs/react-dom.development.js:4213:16)
      at invokeGuardedCallback 
(node_modules/react-dom/cjs/react-dom.development.js:4277:31)
      at invokeGuardedCallbackAndCatchFirstError 
(node_modules/react-dom/cjs/react-dom.development.js:4291:25)
      at executeDispatch 
(node_modules/react-dom/cjs/react-dom.development.js:9041:3)
      at processDispatchQueueItemsInOrder 
(node_modules/react-dom/cjs/react-dom.development.js:9073:7)
      at processDispatchQueue 
(node_modules/react-dom/cjs/react-dom.development.js:9086:5)
      at dispatchEventsForPlugins 
(node_modules/react-dom/cjs/react-dom.development.js:9097:3)
      at node_modules/react-dom/cjs/react-dom.development.js:9288:12
      at batchedUpdates$1 
(node_modules/react-dom/cjs/react-dom.development.js:26179:12)
      at batchedUpdates 
(node_modules/react-dom/cjs/react-dom.development.js:3991:12)
      at dispatchEventForPluginEventSystem 
(node_modules/react-dom/cjs/react-dom.development.js:9287:3)
      at dispatchEventWithEnableCapturePhaseSelectiveHydrationWithoutDiscreteEv
entReplay (node_modules/react-dom/cjs/react-dom.development.js:6465:5)
      at dispatchEvent 
(node_modules/react-dom/cjs/react-dom.development.js:6457:5)
      at dispatchDiscreteEvent 
(node_modules/react-dom/cjs/react-dom.development.js:6430:5)
      at HTMLDivElement.callTheUserObjectsOperation 
(node_modules/jsdom/lib/jsdom/living/generated/EventListener.js:26:30)
      at innerInvokeEventListeners 
(node_modules/jsdom/lib/jsdom/living/events/EventTarget-impl.js:350:25)
      at invokeEventListeners 
(node_modules/jsdom/lib/jsdom/living/events/EventTarget-impl.js:286:3)
      at HTMLInputElementImpl._dispatch 
(node_modules/jsdom/lib/jsdom/living/events/EventTarget-impl.js:233:9)
      at HTMLInputElementImpl.dispatchEvent 
(node_modules/jsdom/lib/jsdom/living/events/EventTarget-impl.js:104:17)
      at HTMLInputElement.dispatchEvent 
(node_modules/jsdom/lib/jsdom/living/generated/EventTarget.js:241:34)
      at 
node_modules/@testing-library/user-event/dist/cjs/event/dispatchEvent.js:45:43
      at Object.eventWrapper 
(node_modules/@testing-library/dom/dist/config.js:25:23)
      at Object.wrapEvent 
(node_modules/@testing-library/user-event/dist/cjs/event/wrapEvent.js:6:28)
      at Object.dispatchEvent (node_modules/@testing-library/user-event/dist/cj
s/event/dispatchEvent.js:45:22)
      at Object.dispatchUIEvent (node_modules/@testing-library/user-event/dist/
cjs/event/dispatchEvent.js:22:26)
      at commitInput 
(node_modules/@testing-library/user-event/dist/cjs/event/input.js:145:14)
      at editInputElement 
(node_modules/@testing-library/user-event/dist/cjs/event/input.js:115:9)
      at Object.input 
(node_modules/@testing-library/user-event/dist/cjs/event/input.js:37:9)
      at node_modules/@testing-library/user-event/dist/cjs/event/behavior/keypr
ess.js:31:26
      at Object.dispatchEvent (node_modules/@testing-library/user-event/dist/cj
s/event/dispatchEvent.js:41:13)
      at Object.dispatchUIEvent (node_modules/@testing-library/user-event/dist/
cjs/event/dispatchEvent.js:22:26)
      at KeyboardHost.keydown 
(node_modules/@testing-library/user-event/dist/cjs/system/keyboard.js:76:22)
      at keyboardAction 
(node_modules/@testing-library/user-event/dist/cjs/keyboard/index.js:22:35)
      at Object.keyboard 
(node_modules/@testing-library/user-event/dist/cjs/keyboard/index.js:11:15)
      at Object.type 
(node_modules/@testing-library/user-event/dist/cjs/utility/type.js:17:5)
      at Object.<anonymous> (src/reporting/__tests__/reports.test.tsx:1245:9)

    console.error
      Warning: An update to DashboardConfigurePage inside a test was not 
wrapped in act(...).
      
      When testing, code that causes React state updates should be wrapped 
into act(...):
      
      act(() => {
        /* fire events that update state */
      });
      /* assert on the output */
      
      This ensures that you're testing the behavior the user would see in the 
browser. Learn more at https://reactjs.org/link/wrap-tests-with-act
          at DashboardConfigurePage (C:\Users\samhe\OneDrive\Desktop\Cleaned\fr
ontend\src\reporting\DashboardConfigurePage\DashboardConfigurePage.tsx:107:29)
          at routeContext (C:\Users\samhe\OneDrive\Desktop\Cleaned\frontend\nod
e_modules\react-router\lib\hooks.tsx:658:26)
          at children (C:\Users\samhe\OneDrive\Desktop\Cleaned\frontend\node_mo
dules\react-router\lib\components.tsx:512:3)
          at basenameProp (C:\Users\samhe\OneDrive\Desktop\Cleaned\frontend\nod
e_modules\react-router\lib\components.tsx:421:13)
          at basename (C:\Users\samhe\OneDrive\Desktop\Cleaned\frontend\node_mo
dules\react-router\lib\components.tsx:225:3)

      452 |                                         type="text"
      453 |                                         value={draftWidget.title}
    > 454 |                                         onChange={(e) => 
setDraftWidget((prev) => prev ? { ...prev, title: e.target.value } : prev)}
          |                                                          ^
      455 |                                         className="border 
border-gray-300 rounded px-3 py-2 text-sm"
      456 |                                     />
      457 |                                 </div>

      at printWarning 
(node_modules/react-dom/cjs/react-dom.development.js:86:30)
      at error (node_modules/react-dom/cjs/react-dom.development.js:60:7)
      at warnIfUpdatesNotWrappedWithActDEV 
(node_modules/react-dom/cjs/react-dom.development.js:27628:9)
      at scheduleUpdateOnFiber 
(node_modules/react-dom/cjs/react-dom.development.js:25547:5)
      at dispatchSetState 
(node_modules/react-dom/cjs/react-dom.development.js:16708:7)
      at onChange 
(src/reporting/DashboardConfigurePage/DashboardConfigurePage.tsx:454:58)
      at HTMLUnknownElement.callCallback 
(node_modules/react-dom/cjs/react-dom.development.js:4164:14)
      at HTMLUnknownElement.callTheUserObjectsOperation 
(node_modules/jsdom/lib/jsdom/living/generated/EventListener.js:26:30)
      at innerInvokeEventListeners 
(node_modules/jsdom/lib/jsdom/living/events/EventTarget-impl.js:350:25)
      at invokeEventListeners 
(node_modules/jsdom/lib/jsdom/living/events/EventTarget-impl.js:286:3)
      at HTMLUnknownElementImpl._dispatch 
(node_modules/jsdom/lib/jsdom/living/events/EventTarget-impl.js:233:9)
      at HTMLUnknownElementImpl.dispatchEvent 
(node_modules/jsdom/lib/jsdom/living/events/EventTarget-impl.js:104:17)
      at HTMLUnknownElement.dispatchEvent 
(node_modules/jsdom/lib/jsdom/living/generated/EventTarget.js:241:34)
      at Object.invokeGuardedCallbackDev 
(node_modules/react-dom/cjs/react-dom.development.js:4213:16)
      at invokeGuardedCallback 
(node_modules/react-dom/cjs/react-dom.development.js:4277:31)
      at invokeGuardedCallbackAndCatchFirstError 
(node_modules/react-dom/cjs/react-dom.development.js:4291:25)
      at executeDispatch 
(node_modules/react-dom/cjs/react-dom.development.js:9041:3)
      at processDispatchQueueItemsInOrder 
(node_modules/react-dom/cjs/react-dom.development.js:9073:7)
      at processDispatchQueue 
(node_modules/react-dom/cjs/react-dom.development.js:9086:5)
      at dispatchEventsForPlugins 
(node_modules/react-dom/cjs/react-dom.development.js:9097:3)
      at node_modules/react-dom/cjs/react-dom.development.js:9288:12
      at batchedUpdates$1 
(node_modules/react-dom/cjs/react-dom.development.js:26179:12)
      at batchedUpdates 
(node_modules/react-dom/cjs/react-dom.development.js:3991:12)
      at dispatchEventForPluginEventSystem 
(node_modules/react-dom/cjs/react-dom.development.js:9287:3)
      at dispatchEventWithEnableCapturePhaseSelectiveHydrationWithoutDiscreteEv
entReplay (node_modules/react-dom/cjs/react-dom.development.js:6465:5)
      at dispatchEvent 
(node_modules/react-dom/cjs/react-dom.development.js:6457:5)
      at dispatchDiscreteEvent 
(node_modules/react-dom/cjs/react-dom.development.js:6430:5)
      at HTMLDivElement.callTheUserObjectsOperation 
(node_modules/jsdom/lib/jsdom/living/generated/EventListener.js:26:30)
      at innerInvokeEventListeners 
(node_modules/jsdom/lib/jsdom/living/events/EventTarget-impl.js:350:25)
      at invokeEventListeners 
(node_modules/jsdom/lib/jsdom/living/events/EventTarget-impl.js:286:3)
      at HTMLInputElementImpl._dispatch 
(node_modules/jsdom/lib/jsdom/living/events/EventTarget-impl.js:233:9)
      at HTMLInputElementImpl.dispatchEvent 
(node_modules/jsdom/lib/jsdom/living/events/EventTarget-impl.js:104:17)
      at HTMLInputElement.dispatchEvent 
(node_modules/jsdom/lib/jsdom/living/generated/EventTarget.js:241:34)
      at 
node_modules/@testing-library/user-event/dist/cjs/event/dispatchEvent.js:45:43
      at Object.eventWrapper 
(node_modules/@testing-library/dom/dist/config.js:25:23)
      at Object.wrapEvent 
(node_modules/@testing-library/user-event/dist/cjs/event/wrapEvent.js:6:28)
      at Object.dispatchEvent (node_modules/@testing-library/user-event/dist/cj
s/event/dispatchEvent.js:45:22)
      at Object.dispatchUIEvent (node_modules/@testing-library/user-event/dist/
cjs/event/dispatchEvent.js:22:26)
      at commitInput 
(node_modules/@testing-library/user-event/dist/cjs/event/input.js:145:14)
      at editInputElement 
(node_modules/@testing-library/user-event/dist/cjs/event/input.js:115:9)
      at Object.input 
(node_modules/@testing-library/user-event/dist/cjs/event/input.js:37:9)
      at node_modules/@testing-library/user-event/dist/cjs/event/behavior/keypr
ess.js:31:26
      at Object.dispatchEvent (node_modules/@testing-library/user-event/dist/cj
s/event/dispatchEvent.js:41:13)
      at Object.dispatchUIEvent (node_modules/@testing-library/user-event/dist/
cjs/event/dispatchEvent.js:22:26)
      at KeyboardHost.keydown 
(node_modules/@testing-library/user-event/dist/cjs/system/keyboard.js:76:22)
      at keyboardAction 
(node_modules/@testing-library/user-event/dist/cjs/keyboard/index.js:22:35)
      at Object.keyboard 
(node_modules/@testing-library/user-event/dist/cjs/keyboard/index.js:11:15)
      at Object.type 
(node_modules/@testing-library/user-event/dist/cjs/utility/type.js:17:5)
      at Object.<anonymous> (src/reporting/__tests__/reports.test.tsx:1245:9)

    console.error
      Warning: An update to DashboardConfigurePage inside a test was not 
wrapped in act(...).
      
      When testing, code that causes React state updates should be wrapped 
into act(...):
      
      act(() => {
        /* fire events that update state */
      });
      /* assert on the output */
      
      This ensures that you're testing the behavior the user would see in the 
browser. Learn more at https://reactjs.org/link/wrap-tests-with-act
          at DashboardConfigurePage (C:\Users\samhe\OneDrive\Desktop\Cleaned\fr
ontend\src\reporting\DashboardConfigurePage\DashboardConfigurePage.tsx:107:29)
          at routeContext (C:\Users\samhe\OneDrive\Desktop\Cleaned\frontend\nod
e_modules\react-router\lib\hooks.tsx:658:26)
          at children (C:\Users\samhe\OneDrive\Desktop\Cleaned\frontend\node_mo
dules\react-router\lib\components.tsx:512:3)
          at basenameProp (C:\Users\samhe\OneDrive\Desktop\Cleaned\frontend\nod
e_modules\react-router\lib\components.tsx:421:13)
          at basename (C:\Users\samhe\OneDrive\Desktop\Cleaned\frontend\node_mo
dules\react-router\lib\components.tsx:225:3)

      452 |                                         type="text"
      453 |                                         value={draftWidget.title}
    > 454 |                                         onChange={(e) => 
setDraftWidget((prev) => prev ? { ...prev, title: e.target.value } : prev)}
          |                                                          ^
      455 |                                         className="border 
border-gray-300 rounded px-3 py-2 text-sm"
      456 |                                     />
      457 |                                 </div>

      at printWarning 
(node_modules/react-dom/cjs/react-dom.development.js:86:30)
      at error (node_modules/react-dom/cjs/react-dom.development.js:60:7)
      at warnIfUpdatesNotWrappedWithActDEV 
(node_modules/react-dom/cjs/react-dom.development.js:27628:9)
      at scheduleUpdateOnFiber 
(node_modules/react-dom/cjs/react-dom.development.js:25547:5)
      at dispatchSetState 
(node_modules/react-dom/cjs/react-dom.development.js:16708:7)
      at onChange 
(src/reporting/DashboardConfigurePage/DashboardConfigurePage.tsx:454:58)
      at HTMLUnknownElement.callCallback 
(node_modules/react-dom/cjs/react-dom.development.js:4164:14)
      at HTMLUnknownElement.callTheUserObjectsOperation 
(node_modules/jsdom/lib/jsdom/living/generated/EventListener.js:26:30)
      at innerInvokeEventListeners 
(node_modules/jsdom/lib/jsdom/living/events/EventTarget-impl.js:350:25)
      at invokeEventListeners 
(node_modules/jsdom/lib/jsdom/living/events/EventTarget-impl.js:286:3)
      at HTMLUnknownElementImpl._dispatch 
(node_modules/jsdom/lib/jsdom/living/events/EventTarget-impl.js:233:9)
      at HTMLUnknownElementImpl.dispatchEvent 
(node_modules/jsdom/lib/jsdom/living/events/EventTarget-impl.js:104:17)
      at HTMLUnknownElement.dispatchEvent 
(node_modules/jsdom/lib/jsdom/living/generated/EventTarget.js:241:34)
      at Object.invokeGuardedCallbackDev 
(node_modules/react-dom/cjs/react-dom.development.js:4213:16)
      at invokeGuardedCallback 
(node_modules/react-dom/cjs/react-dom.development.js:4277:31)
      at invokeGuardedCallbackAndCatchFirstError 
(node_modules/react-dom/cjs/react-dom.development.js:4291:25)
      at executeDispatch 
(node_modules/react-dom/cjs/react-dom.development.js:9041:3)
      at processDispatchQueueItemsInOrder 
(node_modules/react-dom/cjs/react-dom.development.js:9073:7)
      at processDispatchQueue 
(node_modules/react-dom/cjs/react-dom.development.js:9086:5)
      at dispatchEventsForPlugins 
(node_modules/react-dom/cjs/react-dom.development.js:9097:3)
      at node_modules/react-dom/cjs/react-dom.development.js:9288:12
      at batchedUpdates$1 
(node_modules/react-dom/cjs/react-dom.development.js:26179:12)
      at batchedUpdates 
(node_modules/react-dom/cjs/react-dom.development.js:3991:12)
      at dispatchEventForPluginEventSystem 
(node_modules/react-dom/cjs/react-dom.development.js:9287:3)
      at dispatchEventWithEnableCapturePhaseSelectiveHydrationWithoutDiscreteEv
entReplay (node_modules/react-dom/cjs/react-dom.development.js:6465:5)
      at dispatchEvent 
(node_modules/react-dom/cjs/react-dom.development.js:6457:5)
      at dispatchDiscreteEvent 
(node_modules/react-dom/cjs/react-dom.development.js:6430:5)
      at HTMLDivElement.callTheUserObjectsOperation 
(node_modules/jsdom/lib/jsdom/living/generated/EventListener.js:26:30)
      at innerInvokeEventListeners 
(node_modules/jsdom/lib/jsdom/living/events/EventTarget-impl.js:350:25)
      at invokeEventListeners 
(node_modules/jsdom/lib/jsdom/living/events/EventTarget-impl.js:286:3)
      at HTMLInputElementImpl._dispatch 
(node_modules/jsdom/lib/jsdom/living/events/EventTarget-impl.js:233:9)
      at HTMLInputElementImpl.dispatchEvent 
(node_modules/jsdom/lib/jsdom/living/events/EventTarget-impl.js:104:17)
      at HTMLInputElement.dispatchEvent 
(node_modules/jsdom/lib/jsdom/living/generated/EventTarget.js:241:34)
      at 
node_modules/@testing-library/user-event/dist/cjs/event/dispatchEvent.js:45:43
      at Object.eventWrapper 
(node_modules/@testing-library/dom/dist/config.js:25:23)
      at Object.wrapEvent 
(node_modules/@testing-library/user-event/dist/cjs/event/wrapEvent.js:6:28)
      at Object.dispatchEvent (node_modules/@testing-library/user-event/dist/cj
s/event/dispatchEvent.js:45:22)
      at Object.dispatchUIEvent (node_modules/@testing-library/user-event/dist/
cjs/event/dispatchEvent.js:22:26)
      at commitInput 
(node_modules/@testing-library/user-event/dist/cjs/event/input.js:145:14)
      at editInputElement 
(node_modules/@testing-library/user-event/dist/cjs/event/input.js:115:9)
      at Object.input 
(node_modules/@testing-library/user-event/dist/cjs/event/input.js:37:9)
      at node_modules/@testing-library/user-event/dist/cjs/event/behavior/keypr
ess.js:31:26
      at Object.dispatchEvent (node_modules/@testing-library/user-event/dist/cj
s/event/dispatchEvent.js:41:13)
      at Object.dispatchUIEvent (node_modules/@testing-library/user-event/dist/
cjs/event/dispatchEvent.js:22:26)
      at KeyboardHost.keydown 
(node_modules/@testing-library/user-event/dist/cjs/system/keyboard.js:76:22)
      at keyboardAction 
(node_modules/@testing-library/user-event/dist/cjs/keyboard/index.js:22:35)
      at Object.keyboard 
(node_modules/@testing-library/user-event/dist/cjs/keyboard/index.js:11:15)
      at Object.type 
(node_modules/@testing-library/user-event/dist/cjs/utility/type.js:17:5)
      at Object.<anonymous> (src/reporting/__tests__/reports.test.tsx:1245:9)

    console.error
      Warning: An update to DashboardConfigurePage inside a test was not 
wrapped in act(...).
      
      When testing, code that causes React state updates should be wrapped 
into act(...):
      
      act(() => {
        /* fire events that update state */
      });
      /* assert on the output */
      
      This ensures that you're testing the behavior the user would see in the 
browser. Learn more at https://reactjs.org/link/wrap-tests-with-act
          at DashboardConfigurePage (C:\Users\samhe\OneDrive\Desktop\Cleaned\fr
ontend\src\reporting\DashboardConfigurePage\DashboardConfigurePage.tsx:107:29)
          at routeContext (C:\Users\samhe\OneDrive\Desktop\Cleaned\frontend\nod
e_modules\react-router\lib\hooks.tsx:658:26)
          at children (C:\Users\samhe\OneDrive\Desktop\Cleaned\frontend\node_mo
dules\react-router\lib\components.tsx:512:3)
          at basenameProp (C:\Users\samhe\OneDrive\Desktop\Cleaned\frontend\nod
e_modules\react-router\lib\components.tsx:421:13)
          at basename (C:\Users\samhe\OneDrive\Desktop\Cleaned\frontend\node_mo
dules\react-router\lib\components.tsx:225:3)

      452 |                                         type="text"
      453 |                                         value={draftWidget.title}
    > 454 |                                         onChange={(e) => 
setDraftWidget((prev) => prev ? { ...prev, title: e.target.value } : prev)}
          |                                                          ^
      455 |                                         className="border 
border-gray-300 rounded px-3 py-2 text-sm"
      456 |                                     />
      457 |                                 </div>

      at printWarning 
(node_modules/react-dom/cjs/react-dom.development.js:86:30)
      at error (node_modules/react-dom/cjs/react-dom.development.js:60:7)
      at warnIfUpdatesNotWrappedWithActDEV 
(node_modules/react-dom/cjs/react-dom.development.js:27628:9)
      at scheduleUpdateOnFiber 
(node_modules/react-dom/cjs/react-dom.development.js:25547:5)
      at dispatchSetState 
(node_modules/react-dom/cjs/react-dom.development.js:16708:7)
      at onChange 
(src/reporting/DashboardConfigurePage/DashboardConfigurePage.tsx:454:58)
      at HTMLUnknownElement.callCallback 
(node_modules/react-dom/cjs/react-dom.development.js:4164:14)
      at HTMLUnknownElement.callTheUserObjectsOperation 
(node_modules/jsdom/lib/jsdom/living/generated/EventListener.js:26:30)
      at innerInvokeEventListeners 
(node_modules/jsdom/lib/jsdom/living/events/EventTarget-impl.js:350:25)
      at invokeEventListeners 
(node_modules/jsdom/lib/jsdom/living/events/EventTarget-impl.js:286:3)
      at HTMLUnknownElementImpl._dispatch 
(node_modules/jsdom/lib/jsdom/living/events/EventTarget-impl.js:233:9)
      at HTMLUnknownElementImpl.dispatchEvent 
(node_modules/jsdom/lib/jsdom/living/events/EventTarget-impl.js:104:17)
      at HTMLUnknownElement.dispatchEvent 
(node_modules/jsdom/lib/jsdom/living/generated/EventTarget.js:241:34)
      at Object.invokeGuardedCallbackDev 
(node_modules/react-dom/cjs/react-dom.development.js:4213:16)
      at invokeGuardedCallback 
(node_modules/react-dom/cjs/react-dom.development.js:4277:31)
      at invokeGuardedCallbackAndCatchFirstError 
(node_modules/react-dom/cjs/react-dom.development.js:4291:25)
      at executeDispatch 
(node_modules/react-dom/cjs/react-dom.development.js:9041:3)
      at processDispatchQueueItemsInOrder 
(node_modules/react-dom/cjs/react-dom.development.js:9073:7)
      at processDispatchQueue 
(node_modules/react-dom/cjs/react-dom.development.js:9086:5)
      at dispatchEventsForPlugins 
(node_modules/react-dom/cjs/react-dom.development.js:9097:3)
      at node_modules/react-dom/cjs/react-dom.development.js:9288:12
      at batchedUpdates$1 
(node_modules/react-dom/cjs/react-dom.development.js:26179:12)
      at batchedUpdates 
(node_modules/react-dom/cjs/react-dom.development.js:3991:12)
      at dispatchEventForPluginEventSystem 
(node_modules/react-dom/cjs/react-dom.development.js:9287:3)
      at dispatchEventWithEnableCapturePhaseSelectiveHydrationWithoutDiscreteEv
entReplay (node_modules/react-dom/cjs/react-dom.development.js:6465:5)
      at dispatchEvent 
(node_modules/react-dom/cjs/react-dom.development.js:6457:5)
      at dispatchDiscreteEvent 
(node_modules/react-dom/cjs/react-dom.development.js:6430:5)
      at HTMLDivElement.callTheUserObjectsOperation 
(node_modules/jsdom/lib/jsdom/living/generated/EventListener.js:26:30)
      at innerInvokeEventListeners 
(node_modules/jsdom/lib/jsdom/living/events/EventTarget-impl.js:350:25)
      at invokeEventListeners 
(node_modules/jsdom/lib/jsdom/living/events/EventTarget-impl.js:286:3)
      at HTMLInputElementImpl._dispatch 
(node_modules/jsdom/lib/jsdom/living/events/EventTarget-impl.js:233:9)
      at HTMLInputElementImpl.dispatchEvent 
(node_modules/jsdom/lib/jsdom/living/events/EventTarget-impl.js:104:17)
      at HTMLInputElement.dispatchEvent 
(node_modules/jsdom/lib/jsdom/living/generated/EventTarget.js:241:34)
      at 
node_modules/@testing-library/user-event/dist/cjs/event/dispatchEvent.js:45:43
      at Object.eventWrapper 
(node_modules/@testing-library/dom/dist/config.js:25:23)
      at Object.wrapEvent 
(node_modules/@testing-library/user-event/dist/cjs/event/wrapEvent.js:6:28)
      at Object.dispatchEvent (node_modules/@testing-library/user-event/dist/cj
s/event/dispatchEvent.js:45:22)
      at Object.dispatchUIEvent (node_modules/@testing-library/user-event/dist/
cjs/event/dispatchEvent.js:22:26)
      at commitInput 
(node_modules/@testing-library/user-event/dist/cjs/event/input.js:145:14)
      at editInputElement 
(node_modules/@testing-library/user-event/dist/cjs/event/input.js:115:9)
      at Object.input 
(node_modules/@testing-library/user-event/dist/cjs/event/input.js:37:9)
      at node_modules/@testing-library/user-event/dist/cjs/event/behavior/keypr
ess.js:31:26
      at Object.dispatchEvent (node_modules/@testing-library/user-event/dist/cj
s/event/dispatchEvent.js:41:13)
      at Object.dispatchUIEvent (node_modules/@testing-library/user-event/dist/
cjs/event/dispatchEvent.js:22:26)
      at KeyboardHost.keydown 
(node_modules/@testing-library/user-event/dist/cjs/system/keyboard.js:76:22)
      at keyboardAction 
(node_modules/@testing-library/user-event/dist/cjs/keyboard/index.js:22:35)
      at Object.keyboard 
(node_modules/@testing-library/user-event/dist/cjs/keyboard/index.js:11:15)
      at Object.type 
(node_modules/@testing-library/user-event/dist/cjs/utility/type.js:17:5)
      at Object.<anonymous> (src/reporting/__tests__/reports.test.tsx:1245:9)

    console.error
      Warning: An update to DashboardConfigurePage inside a test was not 
wrapped in act(...).
      
      When testing, code that causes React state updates should be wrapped 
into act(...):
      
      act(() => {
        /* fire events that update state */
      });
      /* assert on the output */
      
      This ensures that you're testing the behavior the user would see in the 
browser. Learn more at https://reactjs.org/link/wrap-tests-with-act
          at DashboardConfigurePage (C:\Users\samhe\OneDrive\Desktop\Cleaned\fr
ontend\src\reporting\DashboardConfigurePage\DashboardConfigurePage.tsx:107:29)
          at routeContext (C:\Users\samhe\OneDrive\Desktop\Cleaned\frontend\nod
e_modules\react-router\lib\hooks.tsx:658:26)
          at children (C:\Users\samhe\OneDrive\Desktop\Cleaned\frontend\node_mo
dules\react-router\lib\components.tsx:512:3)
          at basenameProp (C:\Users\samhe\OneDrive\Desktop\Cleaned\frontend\nod
e_modules\react-router\lib\components.tsx:421:13)
          at basename (C:\Users\samhe\OneDrive\Desktop\Cleaned\frontend\node_mo
dules\react-router\lib\components.tsx:225:3)

      452 |                                         type="text"
      453 |                                         value={draftWidget.title}
    > 454 |                                         onChange={(e) => 
setDraftWidget((prev) => prev ? { ...prev, title: e.target.value } : prev)}
          |                                                          ^
      455 |                                         className="border 
border-gray-300 rounded px-3 py-2 text-sm"
      456 |                                     />
      457 |                                 </div>

      at printWarning 
(node_modules/react-dom/cjs/react-dom.development.js:86:30)
      at error (node_modules/react-dom/cjs/react-dom.development.js:60:7)
      at warnIfUpdatesNotWrappedWithActDEV 
(node_modules/react-dom/cjs/react-dom.development.js:27628:9)
      at scheduleUpdateOnFiber 
(node_modules/react-dom/cjs/react-dom.development.js:25547:5)
      at dispatchSetState 
(node_modules/react-dom/cjs/react-dom.development.js:16708:7)
      at onChange 
(src/reporting/DashboardConfigurePage/DashboardConfigurePage.tsx:454:58)
      at HTMLUnknownElement.callCallback 
(node_modules/react-dom/cjs/react-dom.development.js:4164:14)
      at HTMLUnknownElement.callTheUserObjectsOperation 
(node_modules/jsdom/lib/jsdom/living/generated/EventListener.js:26:30)
      at innerInvokeEventListeners 
(node_modules/jsdom/lib/jsdom/living/events/EventTarget-impl.js:350:25)
      at invokeEventListeners 
(node_modules/jsdom/lib/jsdom/living/events/EventTarget-impl.js:286:3)
      at HTMLUnknownElementImpl._dispatch 
(node_modules/jsdom/lib/jsdom/living/events/EventTarget-impl.js:233:9)
      at HTMLUnknownElementImpl.dispatchEvent 
(node_modules/jsdom/lib/jsdom/living/events/EventTarget-impl.js:104:17)
      at HTMLUnknownElement.dispatchEvent 
(node_modules/jsdom/lib/jsdom/living/generated/EventTarget.js:241:34)
      at Object.invokeGuardedCallbackDev 
(node_modules/react-dom/cjs/react-dom.development.js:4213:16)
      at invokeGuardedCallback 
(node_modules/react-dom/cjs/react-dom.development.js:4277:31)
      at invokeGuardedCallbackAndCatchFirstError 
(node_modules/react-dom/cjs/react-dom.development.js:4291:25)
      at executeDispatch 
(node_modules/react-dom/cjs/react-dom.development.js:9041:3)
      at processDispatchQueueItemsInOrder 
(node_modules/react-dom/cjs/react-dom.development.js:9073:7)
      at processDispatchQueue 
(node_modules/react-dom/cjs/react-dom.development.js:9086:5)
      at dispatchEventsForPlugins 
(node_modules/react-dom/cjs/react-dom.development.js:9097:3)
      at node_modules/react-dom/cjs/react-dom.development.js:9288:12
      at batchedUpdates$1 
(node_modules/react-dom/cjs/react-dom.development.js:26179:12)
      at batchedUpdates 
(node_modules/react-dom/cjs/react-dom.development.js:3991:12)
      at dispatchEventForPluginEventSystem 
(node_modules/react-dom/cjs/react-dom.development.js:9287:3)
      at dispatchEventWithEnableCapturePhaseSelectiveHydrationWithoutDiscreteEv
entReplay (node_modules/react-dom/cjs/react-dom.development.js:6465:5)
      at dispatchEvent 
(node_modules/react-dom/cjs/react-dom.development.js:6457:5)
      at dispatchDiscreteEvent 
(node_modules/react-dom/cjs/react-dom.development.js:6430:5)
      at HTMLDivElement.callTheUserObjectsOperation 
(node_modules/jsdom/lib/jsdom/living/generated/EventListener.js:26:30)
      at innerInvokeEventListeners 
(node_modules/jsdom/lib/jsdom/living/events/EventTarget-impl.js:350:25)
      at invokeEventListeners 
(node_modules/jsdom/lib/jsdom/living/events/EventTarget-impl.js:286:3)
      at HTMLInputElementImpl._dispatch 
(node_modules/jsdom/lib/jsdom/living/events/EventTarget-impl.js:233:9)
      at HTMLInputElementImpl.dispatchEvent 
(node_modules/jsdom/lib/jsdom/living/events/EventTarget-impl.js:104:17)
      at HTMLInputElement.dispatchEvent 
(node_modules/jsdom/lib/jsdom/living/generated/EventTarget.js:241:34)
      at 
node_modules/@testing-library/user-event/dist/cjs/event/dispatchEvent.js:45:43
      at Object.eventWrapper 
(node_modules/@testing-library/dom/dist/config.js:25:23)
      at Object.wrapEvent 
(node_modules/@testing-library/user-event/dist/cjs/event/wrapEvent.js:6:28)
      at Object.dispatchEvent (node_modules/@testing-library/user-event/dist/cj
s/event/dispatchEvent.js:45:22)
      at Object.dispatchUIEvent (node_modules/@testing-library/user-event/dist/
cjs/event/dispatchEvent.js:22:26)
      at commitInput 
(node_modules/@testing-library/user-event/dist/cjs/event/input.js:145:14)
      at editInputElement 
(node_modules/@testing-library/user-event/dist/cjs/event/input.js:115:9)
      at Object.input 
(node_modules/@testing-library/user-event/dist/cjs/event/input.js:37:9)
      at node_modules/@testing-library/user-event/dist/cjs/event/behavior/keypr
ess.js:31:26
      at Object.dispatchEvent (node_modules/@testing-library/user-event/dist/cj
s/event/dispatchEvent.js:41:13)
      at Object.dispatchUIEvent (node_modules/@testing-library/user-event/dist/
cjs/event/dispatchEvent.js:22:26)
      at KeyboardHost.keydown 
(node_modules/@testing-library/user-event/dist/cjs/system/keyboard.js:76:22)
      at keyboardAction 
(node_modules/@testing-library/user-event/dist/cjs/keyboard/index.js:22:35)
      at Object.keyboard 
(node_modules/@testing-library/user-event/dist/cjs/keyboard/index.js:11:15)
      at Object.type 
(node_modules/@testing-library/user-event/dist/cjs/utility/type.js:17:5)
      at Object.<anonymous> (src/reporting/__tests__/reports.test.tsx:1245:9)

    console.error
      Warning: An update to DashboardConfigurePage inside a test was not 
wrapped in act(...).
      
      When testing, code that causes React state updates should be wrapped 
into act(...):
      
      act(() => {
        /* fire events that update state */
      });
      /* assert on the output */
      
      This ensures that you're testing the behavior the user would see in the 
browser. Learn more at https://reactjs.org/link/wrap-tests-with-act
          at DashboardConfigurePage (C:\Users\samhe\OneDrive\Desktop\Cleaned\fr
ontend\src\reporting\DashboardConfigurePage\DashboardConfigurePage.tsx:107:29)
          at routeContext (C:\Users\samhe\OneDrive\Desktop\Cleaned\frontend\nod
e_modules\react-router\lib\hooks.tsx:658:26)
          at children (C:\Users\samhe\OneDrive\Desktop\Cleaned\frontend\node_mo
dules\react-router\lib\components.tsx:512:3)
          at basenameProp (C:\Users\samhe\OneDrive\Desktop\Cleaned\frontend\nod
e_modules\react-router\lib\components.tsx:421:13)
          at basename (C:\Users\samhe\OneDrive\Desktop\Cleaned\frontend\node_mo
dules\react-router\lib\components.tsx:225:3)

      452 |                                         type="text"
      453 |                                         value={draftWidget.title}
    > 454 |                                         onChange={(e) => 
setDraftWidget((prev) => prev ? { ...prev, title: e.target.value } : prev)}
          |                                                          ^
      455 |                                         className="border 
border-gray-300 rounded px-3 py-2 text-sm"
      456 |                                     />
      457 |                                 </div>

      at printWarning 
(node_modules/react-dom/cjs/react-dom.development.js:86:30)
      at error (node_modules/react-dom/cjs/react-dom.development.js:60:7)
      at warnIfUpdatesNotWrappedWithActDEV 
(node_modules/react-dom/cjs/react-dom.development.js:27628:9)
      at scheduleUpdateOnFiber 
(node_modules/react-dom/cjs/react-dom.development.js:25547:5)
      at dispatchSetState 
(node_modules/react-dom/cjs/react-dom.development.js:16708:7)
      at onChange 
(src/reporting/DashboardConfigurePage/DashboardConfigurePage.tsx:454:58)
      at HTMLUnknownElement.callCallback 
(node_modules/react-dom/cjs/react-dom.development.js:4164:14)
      at HTMLUnknownElement.callTheUserObjectsOperation 
(node_modules/jsdom/lib/jsdom/living/generated/EventListener.js:26:30)
      at innerInvokeEventListeners 
(node_modules/jsdom/lib/jsdom/living/events/EventTarget-impl.js:350:25)
      at invokeEventListeners 
(node_modules/jsdom/lib/jsdom/living/events/EventTarget-impl.js:286:3)
      at HTMLUnknownElementImpl._dispatch 
(node_modules/jsdom/lib/jsdom/living/events/EventTarget-impl.js:233:9)
      at HTMLUnknownElementImpl.dispatchEvent 
(node_modules/jsdom/lib/jsdom/living/events/EventTarget-impl.js:104:17)
      at HTMLUnknownElement.dispatchEvent 
(node_modules/jsdom/lib/jsdom/living/generated/EventTarget.js:241:34)
      at Object.invokeGuardedCallbackDev 
(node_modules/react-dom/cjs/react-dom.development.js:4213:16)
      at invokeGuardedCallback 
(node_modules/react-dom/cjs/react-dom.development.js:4277:31)
      at invokeGuardedCallbackAndCatchFirstError 
(node_modules/react-dom/cjs/react-dom.development.js:4291:25)
      at executeDispatch 
(node_modules/react-dom/cjs/react-dom.development.js:9041:3)
      at processDispatchQueueItemsInOrder 
(node_modules/react-dom/cjs/react-dom.development.js:9073:7)
      at processDispatchQueue 
(node_modules/react-dom/cjs/react-dom.development.js:9086:5)
      at dispatchEventsForPlugins 
(node_modules/react-dom/cjs/react-dom.development.js:9097:3)
      at node_modules/react-dom/cjs/react-dom.development.js:9288:12
      at batchedUpdates$1 
(node_modules/react-dom/cjs/react-dom.development.js:26179:12)
      at batchedUpdates 
(node_modules/react-dom/cjs/react-dom.development.js:3991:12)
      at dispatchEventForPluginEventSystem 
(node_modules/react-dom/cjs/react-dom.development.js:9287:3)
      at dispatchEventWithEnableCapturePhaseSelectiveHydrationWithoutDiscreteEv
entReplay (node_modules/react-dom/cjs/react-dom.development.js:6465:5)
      at dispatchEvent 
(node_modules/react-dom/cjs/react-dom.development.js:6457:5)
      at dispatchDiscreteEvent 
(node_modules/react-dom/cjs/react-dom.development.js:6430:5)
      at HTMLDivElement.callTheUserObjectsOperation 
(node_modules/jsdom/lib/jsdom/living/generated/EventListener.js:26:30)
      at innerInvokeEventListeners 
(node_modules/jsdom/lib/jsdom/living/events/EventTarget-impl.js:350:25)
      at invokeEventListeners 
(node_modules/jsdom/lib/jsdom/living/events/EventTarget-impl.js:286:3)
      at HTMLInputElementImpl._dispatch 
(node_modules/jsdom/lib/jsdom/living/events/EventTarget-impl.js:233:9)
      at HTMLInputElementImpl.dispatchEvent 
(node_modules/jsdom/lib/jsdom/living/events/EventTarget-impl.js:104:17)
      at HTMLInputElement.dispatchEvent 
(node_modules/jsdom/lib/jsdom/living/generated/EventTarget.js:241:34)
      at 
node_modules/@testing-library/user-event/dist/cjs/event/dispatchEvent.js:45:43
      at Object.eventWrapper 
(node_modules/@testing-library/dom/dist/config.js:25:23)
      at Object.wrapEvent 
(node_modules/@testing-library/user-event/dist/cjs/event/wrapEvent.js:6:28)
      at Object.dispatchEvent (node_modules/@testing-library/user-event/dist/cj
s/event/dispatchEvent.js:45:22)
      at Object.dispatchUIEvent (node_modules/@testing-library/user-event/dist/
cjs/event/dispatchEvent.js:22:26)
      at commitInput 
(node_modules/@testing-library/user-event/dist/cjs/event/input.js:145:14)
      at editInputElement 
(node_modules/@testing-library/user-event/dist/cjs/event/input.js:115:9)
      at Object.input 
(node_modules/@testing-library/user-event/dist/cjs/event/input.js:37:9)
      at node_modules/@testing-library/user-event/dist/cjs/event/behavior/keypr
ess.js:31:26
      at Object.dispatchEvent (node_modules/@testing-library/user-event/dist/cj
s/event/dispatchEvent.js:41:13)
      at Object.dispatchUIEvent (node_modules/@testing-library/user-event/dist/
cjs/event/dispatchEvent.js:22:26)
      at KeyboardHost.keydown 
(node_modules/@testing-library/user-event/dist/cjs/system/keyboard.js:76:22)
      at keyboardAction 
(node_modules/@testing-library/user-event/dist/cjs/keyboard/index.js:22:35)
      at Object.keyboard 
(node_modules/@testing-library/user-event/dist/cjs/keyboard/index.js:11:15)
      at Object.type 
(node_modules/@testing-library/user-event/dist/cjs/utility/type.js:17:5)
      at Object.<anonymous> (src/reporting/__tests__/reports.test.tsx:1245:9)

    console.error
      Warning: An update to DashboardConfigurePage inside a test was not 
wrapped in act(...).
      
      When testing, code that causes React state updates should be wrapped 
into act(...):
      
      act(() => {
        /* fire events that update state */
      });
      /* assert on the output */
      
      This ensures that you're testing the behavior the user would see in the 
browser. Learn more at https://reactjs.org/link/wrap-tests-with-act
          at DashboardConfigurePage (C:\Users\samhe\OneDrive\Desktop\Cleaned\fr
ontend\src\reporting\DashboardConfigurePage\DashboardConfigurePage.tsx:107:29)
          at routeContext (C:\Users\samhe\OneDrive\Desktop\Cleaned\frontend\nod
e_modules\react-router\lib\hooks.tsx:658:26)
          at children (C:\Users\samhe\OneDrive\Desktop\Cleaned\frontend\node_mo
dules\react-router\lib\components.tsx:512:3)
          at basenameProp (C:\Users\samhe\OneDrive\Desktop\Cleaned\frontend\nod
e_modules\react-router\lib\components.tsx:421:13)
          at basename (C:\Users\samhe\OneDrive\Desktop\Cleaned\frontend\node_mo
dules\react-router\lib\components.tsx:225:3)

      452 |                                         type="text"
      453 |                                         value={draftWidget.title}
    > 454 |                                         onChange={(e) => 
setDraftWidget((prev) => prev ? { ...prev, title: e.target.value } : prev)}
          |                                                          ^
      455 |                                         className="border 
border-gray-300 rounded px-3 py-2 text-sm"
      456 |                                     />
      457 |                                 </div>

      at printWarning 
(node_modules/react-dom/cjs/react-dom.development.js:86:30)
      at error (node_modules/react-dom/cjs/react-dom.development.js:60:7)
      at warnIfUpdatesNotWrappedWithActDEV 
(node_modules/react-dom/cjs/react-dom.development.js:27628:9)
      at scheduleUpdateOnFiber 
(node_modules/react-dom/cjs/react-dom.development.js:25547:5)
      at dispatchSetState 
(node_modules/react-dom/cjs/react-dom.development.js:16708:7)
      at onChange 
(src/reporting/DashboardConfigurePage/DashboardConfigurePage.tsx:454:58)
      at HTMLUnknownElement.callCallback 
(node_modules/react-dom/cjs/react-dom.development.js:4164:14)
      at HTMLUnknownElement.callTheUserObjectsOperation 
(node_modules/jsdom/lib/jsdom/living/generated/EventListener.js:26:30)
      at innerInvokeEventListeners 
(node_modules/jsdom/lib/jsdom/living/events/EventTarget-impl.js:350:25)
      at invokeEventListeners 
(node_modules/jsdom/lib/jsdom/living/events/EventTarget-impl.js:286:3)
      at HTMLUnknownElementImpl._dispatch 
(node_modules/jsdom/lib/jsdom/living/events/EventTarget-impl.js:233:9)
      at HTMLUnknownElementImpl.dispatchEvent 
(node_modules/jsdom/lib/jsdom/living/events/EventTarget-impl.js:104:17)
      at HTMLUnknownElement.dispatchEvent 
(node_modules/jsdom/lib/jsdom/living/generated/EventTarget.js:241:34)
      at Object.invokeGuardedCallbackDev 
(node_modules/react-dom/cjs/react-dom.development.js:4213:16)
      at invokeGuardedCallback 
(node_modules/react-dom/cjs/react-dom.development.js:4277:31)
      at invokeGuardedCallbackAndCatchFirstError 
(node_modules/react-dom/cjs/react-dom.development.js:4291:25)
      at executeDispatch 
(node_modules/react-dom/cjs/react-dom.development.js:9041:3)
      at processDispatchQueueItemsInOrder 
(node_modules/react-dom/cjs/react-dom.development.js:9073:7)
      at processDispatchQueue 
(node_modules/react-dom/cjs/react-dom.development.js:9086:5)
      at dispatchEventsForPlugins 
(node_modules/react-dom/cjs/react-dom.development.js:9097:3)
      at node_modules/react-dom/cjs/react-dom.development.js:9288:12
      at batchedUpdates$1 
(node_modules/react-dom/cjs/react-dom.development.js:26179:12)
      at batchedUpdates 
(node_modules/react-dom/cjs/react-dom.development.js:3991:12)
      at dispatchEventForPluginEventSystem 
(node_modules/react-dom/cjs/react-dom.development.js:9287:3)
      at dispatchEventWithEnableCapturePhaseSelectiveHydrationWithoutDiscreteEv
entReplay (node_modules/react-dom/cjs/react-dom.development.js:6465:5)
      at dispatchEvent 
(node_modules/react-dom/cjs/react-dom.development.js:6457:5)
      at dispatchDiscreteEvent 
(node_modules/react-dom/cjs/react-dom.development.js:6430:5)
      at HTMLDivElement.callTheUserObjectsOperation 
(node_modules/jsdom/lib/jsdom/living/generated/EventListener.js:26:30)
      at innerInvokeEventListeners 
(node_modules/jsdom/lib/jsdom/living/events/EventTarget-impl.js:350:25)
      at invokeEventListeners 
(node_modules/jsdom/lib/jsdom/living/events/EventTarget-impl.js:286:3)
      at HTMLInputElementImpl._dispatch 
(node_modules/jsdom/lib/jsdom/living/events/EventTarget-impl.js:233:9)
      at HTMLInputElementImpl.dispatchEvent 
(node_modules/jsdom/lib/jsdom/living/events/EventTarget-impl.js:104:17)
      at HTMLInputElement.dispatchEvent 
(node_modules/jsdom/lib/jsdom/living/generated/EventTarget.js:241:34)
      at 
node_modules/@testing-library/user-event/dist/cjs/event/dispatchEvent.js:45:43
      at Object.eventWrapper 
(node_modules/@testing-library/dom/dist/config.js:25:23)
      at Object.wrapEvent 
(node_modules/@testing-library/user-event/dist/cjs/event/wrapEvent.js:6:28)
      at Object.dispatchEvent (node_modules/@testing-library/user-event/dist/cj
s/event/dispatchEvent.js:45:22)
      at Object.dispatchUIEvent (node_modules/@testing-library/user-event/dist/
cjs/event/dispatchEvent.js:22:26)
      at commitInput 
(node_modules/@testing-library/user-event/dist/cjs/event/input.js:145:14)
      at editInputElement 
(node_modules/@testing-library/user-event/dist/cjs/event/input.js:115:9)
      at Object.input 
(node_modules/@testing-library/user-event/dist/cjs/event/input.js:37:9)
      at node_modules/@testing-library/user-event/dist/cjs/event/behavior/keypr
ess.js:31:26
      at Object.dispatchEvent (node_modules/@testing-library/user-event/dist/cj
s/event/dispatchEvent.js:41:13)
      at Object.dispatchUIEvent (node_modules/@testing-library/user-event/dist/
cjs/event/dispatchEvent.js:22:26)
      at KeyboardHost.keydown 
(node_modules/@testing-library/user-event/dist/cjs/system/keyboard.js:76:22)
      at keyboardAction 
(node_modules/@testing-library/user-event/dist/cjs/keyboard/index.js:22:35)
      at Object.keyboard 
(node_modules/@testing-library/user-event/dist/cjs/keyboard/index.js:11:15)
      at Object.type 
(node_modules/@testing-library/user-event/dist/cjs/utility/type.js:17:5)
      at Object.<anonymous> (src/reporting/__tests__/reports.test.tsx:1245:9)

    console.error
      Warning: An update to DashboardConfigurePage inside a test was not 
wrapped in act(...).
      
      When testing, code that causes React state updates should be wrapped 
into act(...):
      
      act(() => {
        /* fire events that update state */
      });
      /* assert on the output */
      
      This ensures that you're testing the behavior the user would see in the 
browser. Learn more at https://reactjs.org/link/wrap-tests-with-act
          at DashboardConfigurePage (C:\Users\samhe\OneDrive\Desktop\Cleaned\fr
ontend\src\reporting\DashboardConfigurePage\DashboardConfigurePage.tsx:107:29)
          at routeContext (C:\Users\samhe\OneDrive\Desktop\Cleaned\frontend\nod
e_modules\react-router\lib\hooks.tsx:658:26)
          at children (C:\Users\samhe\OneDrive\Desktop\Cleaned\frontend\node_mo
dules\react-router\lib\components.tsx:512:3)
          at basenameProp (C:\Users\samhe\OneDrive\Desktop\Cleaned\frontend\nod
e_modules\react-router\lib\components.tsx:421:13)
          at basename (C:\Users\samhe\OneDrive\Desktop\Cleaned\frontend\node_mo
dules\react-router\lib\components.tsx:225:3)

      452 |                                         type="text"
      453 |                                         value={draftWidget.title}
    > 454 |                                         onChange={(e) => 
setDraftWidget((prev) => prev ? { ...prev, title: e.target.value } : prev)}
          |                                                          ^
      455 |                                         className="border 
border-gray-300 rounded px-3 py-2 text-sm"
      456 |                                     />
      457 |                                 </div>

      at printWarning 
(node_modules/react-dom/cjs/react-dom.development.js:86:30)
      at error (node_modules/react-dom/cjs/react-dom.development.js:60:7)
      at warnIfUpdatesNotWrappedWithActDEV 
(node_modules/react-dom/cjs/react-dom.development.js:27628:9)
      at scheduleUpdateOnFiber 
(node_modules/react-dom/cjs/react-dom.development.js:25547:5)
      at dispatchSetState 
(node_modules/react-dom/cjs/react-dom.development.js:16708:7)
      at onChange 
(src/reporting/DashboardConfigurePage/DashboardConfigurePage.tsx:454:58)
      at HTMLUnknownElement.callCallback 
(node_modules/react-dom/cjs/react-dom.development.js:4164:14)
      at HTMLUnknownElement.callTheUserObjectsOperation 
(node_modules/jsdom/lib/jsdom/living/generated/EventListener.js:26:30)
      at innerInvokeEventListeners 
(node_modules/jsdom/lib/jsdom/living/events/EventTarget-impl.js:350:25)
      at invokeEventListeners 
(node_modules/jsdom/lib/jsdom/living/events/EventTarget-impl.js:286:3)
      at HTMLUnknownElementImpl._dispatch 
(node_modules/jsdom/lib/jsdom/living/events/EventTarget-impl.js:233:9)
      at HTMLUnknownElementImpl.dispatchEvent 
(node_modules/jsdom/lib/jsdom/living/events/EventTarget-impl.js:104:17)
      at HTMLUnknownElement.dispatchEvent 
(node_modules/jsdom/lib/jsdom/living/generated/EventTarget.js:241:34)
      at Object.invokeGuardedCallbackDev 
(node_modules/react-dom/cjs/react-dom.development.js:4213:16)
      at invokeGuardedCallback 
(node_modules/react-dom/cjs/react-dom.development.js:4277:31)
      at invokeGuardedCallbackAndCatchFirstError 
(node_modules/react-dom/cjs/react-dom.development.js:4291:25)
      at executeDispatch 
(node_modules/react-dom/cjs/react-dom.development.js:9041:3)
      at processDispatchQueueItemsInOrder 
(node_modules/react-dom/cjs/react-dom.development.js:9073:7)
      at processDispatchQueue 
(node_modules/react-dom/cjs/react-dom.development.js:9086:5)
      at dispatchEventsForPlugins 
(node_modules/react-dom/cjs/react-dom.development.js:9097:3)
      at node_modules/react-dom/cjs/react-dom.development.js:9288:12
      at batchedUpdates$1 
(node_modules/react-dom/cjs/react-dom.development.js:26179:12)
      at batchedUpdates 
(node_modules/react-dom/cjs/react-dom.development.js:3991:12)
      at dispatchEventForPluginEventSystem 
(node_modules/react-dom/cjs/react-dom.development.js:9287:3)
      at dispatchEventWithEnableCapturePhaseSelectiveHydrationWithoutDiscreteEv
entReplay (node_modules/react-dom/cjs/react-dom.development.js:6465:5)
      at dispatchEvent 
(node_modules/react-dom/cjs/react-dom.development.js:6457:5)
      at dispatchDiscreteEvent 
(node_modules/react-dom/cjs/react-dom.development.js:6430:5)
      at HTMLDivElement.callTheUserObjectsOperation 
(node_modules/jsdom/lib/jsdom/living/generated/EventListener.js:26:30)
      at innerInvokeEventListeners 
(node_modules/jsdom/lib/jsdom/living/events/EventTarget-impl.js:350:25)
      at invokeEventListeners 
(node_modules/jsdom/lib/jsdom/living/events/EventTarget-impl.js:286:3)
      at HTMLInputElementImpl._dispatch 
(node_modules/jsdom/lib/jsdom/living/events/EventTarget-impl.js:233:9)
      at HTMLInputElementImpl.dispatchEvent 
(node_modules/jsdom/lib/jsdom/living/events/EventTarget-impl.js:104:17)
      at HTMLInputElement.dispatchEvent 
(node_modules/jsdom/lib/jsdom/living/generated/EventTarget.js:241:34)
      at 
node_modules/@testing-library/user-event/dist/cjs/event/dispatchEvent.js:45:43
      at Object.eventWrapper 
(node_modules/@testing-library/dom/dist/config.js:25:23)
      at Object.wrapEvent 
(node_modules/@testing-library/user-event/dist/cjs/event/wrapEvent.js:6:28)
      at Object.dispatchEvent (node_modules/@testing-library/user-event/dist/cj
s/event/dispatchEvent.js:45:22)
      at Object.dispatchUIEvent (node_modules/@testing-library/user-event/dist/
cjs/event/dispatchEvent.js:22:26)
      at commitInput 
(node_modules/@testing-library/user-event/dist/cjs/event/input.js:145:14)
      at editInputElement 
(node_modules/@testing-library/user-event/dist/cjs/event/input.js:115:9)
      at Object.input 
(node_modules/@testing-library/user-event/dist/cjs/event/input.js:37:9)
      at node_modules/@testing-library/user-event/dist/cjs/event/behavior/keypr
ess.js:31:26
      at Object.dispatchEvent (node_modules/@testing-library/user-event/dist/cj
s/event/dispatchEvent.js:41:13)
      at Object.dispatchUIEvent (node_modules/@testing-library/user-event/dist/
cjs/event/dispatchEvent.js:22:26)
      at KeyboardHost.keydown 
(node_modules/@testing-library/user-event/dist/cjs/system/keyboard.js:76:22)
      at keyboardAction 
(node_modules/@testing-library/user-event/dist/cjs/keyboard/index.js:22:35)
      at Object.keyboard 
(node_modules/@testing-library/user-event/dist/cjs/keyboard/index.js:11:15)
      at Object.type 
(node_modules/@testing-library/user-event/dist/cjs/utility/type.js:17:5)
      at Object.<anonymous> (src/reporting/__tests__/reports.test.tsx:1245:9)

    console.error
      Warning: An update to DashboardConfigurePage inside a test was not 
wrapped in act(...).
      
      When testing, code that causes React state updates should be wrapped 
into act(...):
      
      act(() => {
        /* fire events that update state */
      });
      /* assert on the output */
      
      This ensures that you're testing the behavior the user would see in the 
browser. Learn more at https://reactjs.org/link/wrap-tests-with-act
          at DashboardConfigurePage (C:\Users\samhe\OneDrive\Desktop\Cleaned\fr
ontend\src\reporting\DashboardConfigurePage\DashboardConfigurePage.tsx:107:29)
          at routeContext (C:\Users\samhe\OneDrive\Desktop\Cleaned\frontend\nod
e_modules\react-router\lib\hooks.tsx:658:26)
          at children (C:\Users\samhe\OneDrive\Desktop\Cleaned\frontend\node_mo
dules\react-router\lib\components.tsx:512:3)
          at basenameProp (C:\Users\samhe\OneDrive\Desktop\Cleaned\frontend\nod
e_modules\react-router\lib\components.tsx:421:13)
          at basename (C:\Users\samhe\OneDrive\Desktop\Cleaned\frontend\node_mo
dules\react-router\lib\components.tsx:225:3)

      452 |                                         type="text"
      453 |                                         value={draftWidget.title}
    > 454 |                                         onChange={(e) => 
setDraftWidget((prev) => prev ? { ...prev, title: e.target.value } : prev)}
          |                                                          ^
      455 |                                         className="border 
border-gray-300 rounded px-3 py-2 text-sm"
      456 |                                     />
      457 |                                 </div>

      at printWarning 
(node_modules/react-dom/cjs/react-dom.development.js:86:30)
      at error (node_modules/react-dom/cjs/react-dom.development.js:60:7)
      at warnIfUpdatesNotWrappedWithActDEV 
(node_modules/react-dom/cjs/react-dom.development.js:27628:9)
      at scheduleUpdateOnFiber 
(node_modules/react-dom/cjs/react-dom.development.js:25547:5)
      at dispatchSetState 
(node_modules/react-dom/cjs/react-dom.development.js:16708:7)
      at onChange 
(src/reporting/DashboardConfigurePage/DashboardConfigurePage.tsx:454:58)
      at HTMLUnknownElement.callCallback 
(node_modules/react-dom/cjs/react-dom.development.js:4164:14)
      at HTMLUnknownElement.callTheUserObjectsOperation 
(node_modules/jsdom/lib/jsdom/living/generated/EventListener.js:26:30)
      at innerInvokeEventListeners 
(node_modules/jsdom/lib/jsdom/living/events/EventTarget-impl.js:350:25)
      at invokeEventListeners 
(node_modules/jsdom/lib/jsdom/living/events/EventTarget-impl.js:286:3)
      at HTMLUnknownElementImpl._dispatch 
(node_modules/jsdom/lib/jsdom/living/events/EventTarget-impl.js:233:9)
      at HTMLUnknownElementImpl.dispatchEvent 
(node_modules/jsdom/lib/jsdom/living/events/EventTarget-impl.js:104:17)
      at HTMLUnknownElement.dispatchEvent 
(node_modules/jsdom/lib/jsdom/living/generated/EventTarget.js:241:34)
      at Object.invokeGuardedCallbackDev 
(node_modules/react-dom/cjs/react-dom.development.js:4213:16)
      at invokeGuardedCallback 
(node_modules/react-dom/cjs/react-dom.development.js:4277:31)
      at invokeGuardedCallbackAndCatchFirstError 
(node_modules/react-dom/cjs/react-dom.development.js:4291:25)
      at executeDispatch 
(node_modules/react-dom/cjs/react-dom.development.js:9041:3)
      at processDispatchQueueItemsInOrder 
(node_modules/react-dom/cjs/react-dom.development.js:9073:7)
      at processDispatchQueue 
(node_modules/react-dom/cjs/react-dom.development.js:9086:5)
      at dispatchEventsForPlugins 
(node_modules/react-dom/cjs/react-dom.development.js:9097:3)
      at node_modules/react-dom/cjs/react-dom.development.js:9288:12
      at batchedUpdates$1 
(node_modules/react-dom/cjs/react-dom.development.js:26179:12)
      at batchedUpdates 
(node_modules/react-dom/cjs/react-dom.development.js:3991:12)
      at dispatchEventForPluginEventSystem 
(node_modules/react-dom/cjs/react-dom.development.js:9287:3)
      at dispatchEventWithEnableCapturePhaseSelectiveHydrationWithoutDiscreteEv
entReplay (node_modules/react-dom/cjs/react-dom.development.js:6465:5)
      at dispatchEvent 
(node_modules/react-dom/cjs/react-dom.development.js:6457:5)
      at dispatchDiscreteEvent 
(node_modules/react-dom/cjs/react-dom.development.js:6430:5)
      at HTMLDivElement.callTheUserObjectsOperation 
(node_modules/jsdom/lib/jsdom/living/generated/EventListener.js:26:30)
      at innerInvokeEventListeners 
(node_modules/jsdom/lib/jsdom/living/events/EventTarget-impl.js:350:25)
      at invokeEventListeners 
(node_modules/jsdom/lib/jsdom/living/events/EventTarget-impl.js:286:3)
      at HTMLInputElementImpl._dispatch 
(node_modules/jsdom/lib/jsdom/living/events/EventTarget-impl.js:233:9)
      at HTMLInputElementImpl.dispatchEvent 
(node_modules/jsdom/lib/jsdom/living/events/EventTarget-impl.js:104:17)
      at HTMLInputElement.dispatchEvent 
(node_modules/jsdom/lib/jsdom/living/generated/EventTarget.js:241:34)
      at 
node_modules/@testing-library/user-event/dist/cjs/event/dispatchEvent.js:45:43
      at Object.eventWrapper 
(node_modules/@testing-library/dom/dist/config.js:25:23)
      at Object.wrapEvent 
(node_modules/@testing-library/user-event/dist/cjs/event/wrapEvent.js:6:28)
      at Object.dispatchEvent (node_modules/@testing-library/user-event/dist/cj
s/event/dispatchEvent.js:45:22)
      at Object.dispatchUIEvent (node_modules/@testing-library/user-event/dist/
cjs/event/dispatchEvent.js:22:26)
      at commitInput 
(node_modules/@testing-library/user-event/dist/cjs/event/input.js:145:14)
      at editInputElement 
(node_modules/@testing-library/user-event/dist/cjs/event/input.js:115:9)
      at Object.input 
(node_modules/@testing-library/user-event/dist/cjs/event/input.js:37:9)
      at node_modules/@testing-library/user-event/dist/cjs/event/behavior/keypr
ess.js:31:26
      at Object.dispatchEvent (node_modules/@testing-library/user-event/dist/cj
s/event/dispatchEvent.js:41:13)
      at Object.dispatchUIEvent (node_modules/@testing-library/user-event/dist/
cjs/event/dispatchEvent.js:22:26)
      at KeyboardHost.keydown 
(node_modules/@testing-library/user-event/dist/cjs/system/keyboard.js:76:22)
      at keyboardAction 
(node_modules/@testing-library/user-event/dist/cjs/keyboard/index.js:22:35)
      at Object.keyboard 
(node_modules/@testing-library/user-event/dist/cjs/keyboard/index.js:11:15)
      at Object.type 
(node_modules/@testing-library/user-event/dist/cjs/utility/type.js:17:5)
      at Object.<anonymous> (src/reporting/__tests__/reports.test.tsx:1245:9)

    console.error
      Warning: An update to DashboardConfigurePage inside a test was not 
wrapped in act(...).
      
      When testing, code that causes React state updates should be wrapped 
into act(...):
      
      act(() => {
        /* fire events that update state */
      });
      /* assert on the output */
      
      This ensures that you're testing the behavior the user would see in the 
browser. Learn more at https://reactjs.org/link/wrap-tests-with-act
          at DashboardConfigurePage (C:\Users\samhe\OneDrive\Desktop\Cleaned\fr
ontend\src\reporting\DashboardConfigurePage\DashboardConfigurePage.tsx:107:29)
          at routeContext (C:\Users\samhe\OneDrive\Desktop\Cleaned\frontend\nod
e_modules\react-router\lib\hooks.tsx:658:26)
          at children (C:\Users\samhe\OneDrive\Desktop\Cleaned\frontend\node_mo
dules\react-router\lib\components.tsx:512:3)
          at basenameProp (C:\Users\samhe\OneDrive\Desktop\Cleaned\frontend\nod
e_modules\react-router\lib\components.tsx:421:13)
          at basename (C:\Users\samhe\OneDrive\Desktop\Cleaned\frontend\node_mo
dules\react-router\lib\components.tsx:225:3)

      452 |                                         type="text"
      453 |                                         value={draftWidget.title}
    > 454 |                                         onChange={(e) => 
setDraftWidget((prev) => prev ? { ...prev, title: e.target.value } : prev)}
          |                                                          ^
      455 |                                         className="border 
border-gray-300 rounded px-3 py-2 text-sm"
      456 |                                     />
      457 |                                 </div>

      at printWarning 
(node_modules/react-dom/cjs/react-dom.development.js:86:30)
      at error (node_modules/react-dom/cjs/react-dom.development.js:60:7)
      at warnIfUpdatesNotWrappedWithActDEV 
(node_modules/react-dom/cjs/react-dom.development.js:27628:9)
      at scheduleUpdateOnFiber 
(node_modules/react-dom/cjs/react-dom.development.js:25547:5)
      at dispatchSetState 
(node_modules/react-dom/cjs/react-dom.development.js:16708:7)
      at onChange 
(src/reporting/DashboardConfigurePage/DashboardConfigurePage.tsx:454:58)
      at HTMLUnknownElement.callCallback 
(node_modules/react-dom/cjs/react-dom.development.js:4164:14)
      at HTMLUnknownElement.callTheUserObjectsOperation 
(node_modules/jsdom/lib/jsdom/living/generated/EventListener.js:26:30)
      at innerInvokeEventListeners 
(node_modules/jsdom/lib/jsdom/living/events/EventTarget-impl.js:350:25)
      at invokeEventListeners 
(node_modules/jsdom/lib/jsdom/living/events/EventTarget-impl.js:286:3)
      at HTMLUnknownElementImpl._dispatch 
(node_modules/jsdom/lib/jsdom/living/events/EventTarget-impl.js:233:9)
      at HTMLUnknownElementImpl.dispatchEvent 
(node_modules/jsdom/lib/jsdom/living/events/EventTarget-impl.js:104:17)
      at HTMLUnknownElement.dispatchEvent 
(node_modules/jsdom/lib/jsdom/living/generated/EventTarget.js:241:34)
      at Object.invokeGuardedCallbackDev 
(node_modules/react-dom/cjs/react-dom.development.js:4213:16)
      at invokeGuardedCallback 
(node_modules/react-dom/cjs/react-dom.development.js:4277:31)
      at invokeGuardedCallbackAndCatchFirstError 
(node_modules/react-dom/cjs/react-dom.development.js:4291:25)
      at executeDispatch 
(node_modules/react-dom/cjs/react-dom.development.js:9041:3)
      at processDispatchQueueItemsInOrder 
(node_modules/react-dom/cjs/react-dom.development.js:9073:7)
      at processDispatchQueue 
(node_modules/react-dom/cjs/react-dom.development.js:9086:5)
      at dispatchEventsForPlugins 
(node_modules/react-dom/cjs/react-dom.development.js:9097:3)
      at node_modules/react-dom/cjs/react-dom.development.js:9288:12
      at batchedUpdates$1 
(node_modules/react-dom/cjs/react-dom.development.js:26179:12)
      at batchedUpdates 
(node_modules/react-dom/cjs/react-dom.development.js:3991:12)
      at dispatchEventForPluginEventSystem 
(node_modules/react-dom/cjs/react-dom.development.js:9287:3)
      at dispatchEventWithEnableCapturePhaseSelectiveHydrationWithoutDiscreteEv
entReplay (node_modules/react-dom/cjs/react-dom.development.js:6465:5)
      at dispatchEvent 
(node_modules/react-dom/cjs/react-dom.development.js:6457:5)
      at dispatchDiscreteEvent 
(node_modules/react-dom/cjs/react-dom.development.js:6430:5)
      at HTMLDivElement.callTheUserObjectsOperation 
(node_modules/jsdom/lib/jsdom/living/generated/EventListener.js:26:30)
      at innerInvokeEventListeners 
(node_modules/jsdom/lib/jsdom/living/events/EventTarget-impl.js:350:25)
      at invokeEventListeners 
(node_modules/jsdom/lib/jsdom/living/events/EventTarget-impl.js:286:3)
      at HTMLInputElementImpl._dispatch 
(node_modules/jsdom/lib/jsdom/living/events/EventTarget-impl.js:233:9)
      at HTMLInputElementImpl.dispatchEvent 
(node_modules/jsdom/lib/jsdom/living/events/EventTarget-impl.js:104:17)
      at HTMLInputElement.dispatchEvent 
(node_modules/jsdom/lib/jsdom/living/generated/EventTarget.js:241:34)
      at 
node_modules/@testing-library/user-event/dist/cjs/event/dispatchEvent.js:45:43
      at Object.eventWrapper 
(node_modules/@testing-library/dom/dist/config.js:25:23)
      at Object.wrapEvent 
(node_modules/@testing-library/user-event/dist/cjs/event/wrapEvent.js:6:28)
      at Object.dispatchEvent (node_modules/@testing-library/user-event/dist/cj
s/event/dispatchEvent.js:45:22)
      at Object.dispatchUIEvent (node_modules/@testing-library/user-event/dist/
cjs/event/dispatchEvent.js:22:26)
      at commitInput 
(node_modules/@testing-library/user-event/dist/cjs/event/input.js:145:14)
      at editInputElement 
(node_modules/@testing-library/user-event/dist/cjs/event/input.js:115:9)
      at Object.input 
(node_modules/@testing-library/user-event/dist/cjs/event/input.js:37:9)
      at node_modules/@testing-library/user-event/dist/cjs/event/behavior/keypr
ess.js:31:26
      at Object.dispatchEvent (node_modules/@testing-library/user-event/dist/cj
s/event/dispatchEvent.js:41:13)
      at Object.dispatchUIEvent (node_modules/@testing-library/user-event/dist/
cjs/event/dispatchEvent.js:22:26)
      at KeyboardHost.keydown 
(node_modules/@testing-library/user-event/dist/cjs/system/keyboard.js:76:22)
      at keyboardAction 
(node_modules/@testing-library/user-event/dist/cjs/keyboard/index.js:22:35)
      at Object.keyboard 
(node_modules/@testing-library/user-event/dist/cjs/keyboard/index.js:11:15)
      at Object.type 
(node_modules/@testing-library/user-event/dist/cjs/utility/type.js:17:5)
      at Object.<anonymous> (src/reporting/__tests__/reports.test.tsx:1245:9)

    console.error
      Warning: An update to DashboardConfigurePage inside a test was not 
wrapped in act(...).
      
      When testing, code that causes React state updates should be wrapped 
into act(...):
      
      act(() => {
        /* fire events that update state */
      });
      /* assert on the output */
      
      This ensures that you're testing the behavior the user would see in the 
browser. Learn more at https://reactjs.org/link/wrap-tests-with-act
          at DashboardConfigurePage (C:\Users\samhe\OneDrive\Desktop\Cleaned\fr
ontend\src\reporting\DashboardConfigurePage\DashboardConfigurePage.tsx:107:29)
          at routeContext (C:\Users\samhe\OneDrive\Desktop\Cleaned\frontend\nod
e_modules\react-router\lib\hooks.tsx:658:26)
          at children (C:\Users\samhe\OneDrive\Desktop\Cleaned\frontend\node_mo
dules\react-router\lib\components.tsx:512:3)
          at basenameProp (C:\Users\samhe\OneDrive\Desktop\Cleaned\frontend\nod
e_modules\react-router\lib\components.tsx:421:13)
          at basename (C:\Users\samhe\OneDrive\Desktop\Cleaned\frontend\node_mo
dules\react-router\lib\components.tsx:225:3)

      452 |                                         type="text"
      453 |                                         value={draftWidget.title}
    > 454 |                                         onChange={(e) => 
setDraftWidget((prev) => prev ? { ...prev, title: e.target.value } : prev)}
          |                                                          ^
      455 |                                         className="border 
border-gray-300 rounded px-3 py-2 text-sm"
      456 |                                     />
      457 |                                 </div>

      at printWarning 
(node_modules/react-dom/cjs/react-dom.development.js:86:30)
      at error (node_modules/react-dom/cjs/react-dom.development.js:60:7)
      at warnIfUpdatesNotWrappedWithActDEV 
(node_modules/react-dom/cjs/react-dom.development.js:27628:9)
      at scheduleUpdateOnFiber 
(node_modules/react-dom/cjs/react-dom.development.js:25547:5)
      at dispatchSetState 
(node_modules/react-dom/cjs/react-dom.development.js:16708:7)
      at onChange 
(src/reporting/DashboardConfigurePage/DashboardConfigurePage.tsx:454:58)
      at HTMLUnknownElement.callCallback 
(node_modules/react-dom/cjs/react-dom.development.js:4164:14)
      at HTMLUnknownElement.callTheUserObjectsOperation 
(node_modules/jsdom/lib/jsdom/living/generated/EventListener.js:26:30)
      at innerInvokeEventListeners 
(node_modules/jsdom/lib/jsdom/living/events/EventTarget-impl.js:350:25)
      at invokeEventListeners 
(node_modules/jsdom/lib/jsdom/living/events/EventTarget-impl.js:286:3)
      at HTMLUnknownElementImpl._dispatch 
(node_modules/jsdom/lib/jsdom/living/events/EventTarget-impl.js:233:9)
      at HTMLUnknownElementImpl.dispatchEvent 
(node_modules/jsdom/lib/jsdom/living/events/EventTarget-impl.js:104:17)
      at HTMLUnknownElement.dispatchEvent 
(node_modules/jsdom/lib/jsdom/living/generated/EventTarget.js:241:34)
      at Object.invokeGuardedCallbackDev 
(node_modules/react-dom/cjs/react-dom.development.js:4213:16)
      at invokeGuardedCallback 
(node_modules/react-dom/cjs/react-dom.development.js:4277:31)
      at invokeGuardedCallbackAndCatchFirstError 
(node_modules/react-dom/cjs/react-dom.development.js:4291:25)
      at executeDispatch 
(node_modules/react-dom/cjs/react-dom.development.js:9041:3)
      at processDispatchQueueItemsInOrder 
(node_modules/react-dom/cjs/react-dom.development.js:9073:7)
      at processDispatchQueue 
(node_modules/react-dom/cjs/react-dom.development.js:9086:5)
      at dispatchEventsForPlugins 
(node_modules/react-dom/cjs/react-dom.development.js:9097:3)
      at node_modules/react-dom/cjs/react-dom.development.js:9288:12
      at batchedUpdates$1 
(node_modules/react-dom/cjs/react-dom.development.js:26179:12)
      at batchedUpdates 
(node_modules/react-dom/cjs/react-dom.development.js:3991:12)
      at dispatchEventForPluginEventSystem 
(node_modules/react-dom/cjs/react-dom.development.js:9287:3)
      at dispatchEventWithEnableCapturePhaseSelectiveHydrationWithoutDiscreteEv
entReplay (node_modules/react-dom/cjs/react-dom.development.js:6465:5)
      at dispatchEvent 
(node_modules/react-dom/cjs/react-dom.development.js:6457:5)
      at dispatchDiscreteEvent 
(node_modules/react-dom/cjs/react-dom.development.js:6430:5)
      at HTMLDivElement.callTheUserObjectsOperation 
(node_modules/jsdom/lib/jsdom/living/generated/EventListener.js:26:30)
      at innerInvokeEventListeners 
(node_modules/jsdom/lib/jsdom/living/events/EventTarget-impl.js:350:25)
      at invokeEventListeners 
(node_modules/jsdom/lib/jsdom/living/events/EventTarget-impl.js:286:3)
      at HTMLInputElementImpl._dispatch 
(node_modules/jsdom/lib/jsdom/living/events/EventTarget-impl.js:233:9)
      at HTMLInputElementImpl.dispatchEvent 
(node_modules/jsdom/lib/jsdom/living/events/EventTarget-impl.js:104:17)
      at HTMLInputElement.dispatchEvent 
(node_modules/jsdom/lib/jsdom/living/generated/EventTarget.js:241:34)
      at 
node_modules/@testing-library/user-event/dist/cjs/event/dispatchEvent.js:45:43
      at Object.eventWrapper 
(node_modules/@testing-library/dom/dist/config.js:25:23)
      at Object.wrapEvent 
(node_modules/@testing-library/user-event/dist/cjs/event/wrapEvent.js:6:28)
      at Object.dispatchEvent (node_modules/@testing-library/user-event/dist/cj
s/event/dispatchEvent.js:45:22)
      at Object.dispatchUIEvent (node_modules/@testing-library/user-event/dist/
cjs/event/dispatchEvent.js:22:26)
      at commitInput 
(node_modules/@testing-library/user-event/dist/cjs/event/input.js:145:14)
      at editInputElement 
(node_modules/@testing-library/user-event/dist/cjs/event/input.js:115:9)
      at Object.input 
(node_modules/@testing-library/user-event/dist/cjs/event/input.js:37:9)
      at node_modules/@testing-library/user-event/dist/cjs/event/behavior/keypr
ess.js:31:26
      at Object.dispatchEvent (node_modules/@testing-library/user-event/dist/cj
s/event/dispatchEvent.js:41:13)
      at Object.dispatchUIEvent (node_modules/@testing-library/user-event/dist/
cjs/event/dispatchEvent.js:22:26)
      at KeyboardHost.keydown 
(node_modules/@testing-library/user-event/dist/cjs/system/keyboard.js:76:22)
      at keyboardAction 
(node_modules/@testing-library/user-event/dist/cjs/keyboard/index.js:22:35)
      at Object.keyboard 
(node_modules/@testing-library/user-event/dist/cjs/keyboard/index.js:11:15)
      at Object.type 
(node_modules/@testing-library/user-event/dist/cjs/utility/type.js:17:5)
      at Object.<anonymous> (src/reporting/__tests__/reports.test.tsx:1245:9)

    console.error
      Warning: An update to DashboardConfigurePage inside a test was not 
wrapped in act(...).
      
      When testing, code that causes React state updates should be wrapped 
into act(...):
      
      act(() => {
        /* fire events that update state */
      });
      /* assert on the output */
      
      This ensures that you're testing the behavior the user would see in the 
browser. Learn more at https://reactjs.org/link/wrap-tests-with-act
          at DashboardConfigurePage (C:\Users\samhe\OneDrive\Desktop\Cleaned\fr
ontend\src\reporting\DashboardConfigurePage\DashboardConfigurePage.tsx:107:29)
          at routeContext (C:\Users\samhe\OneDrive\Desktop\Cleaned\frontend\nod
e_modules\react-router\lib\hooks.tsx:658:26)
          at children (C:\Users\samhe\OneDrive\Desktop\Cleaned\frontend\node_mo
dules\react-router\lib\components.tsx:512:3)
          at basenameProp (C:\Users\samhe\OneDrive\Desktop\Cleaned\frontend\nod
e_modules\react-router\lib\components.tsx:421:13)
          at basename (C:\Users\samhe\OneDrive\Desktop\Cleaned\frontend\node_mo
dules\react-router\lib\components.tsx:225:3)

      452 |                                         type="text"
      453 |                                         value={draftWidget.title}
    > 454 |                                         onChange={(e) => 
setDraftWidget((prev) => prev ? { ...prev, title: e.target.value } : prev)}
          |                                                          ^
      455 |                                         className="border 
border-gray-300 rounded px-3 py-2 text-sm"
      456 |                                     />
      457 |                                 </div>

      at printWarning 
(node_modules/react-dom/cjs/react-dom.development.js:86:30)
      at error (node_modules/react-dom/cjs/react-dom.development.js:60:7)
      at warnIfUpdatesNotWrappedWithActDEV 
(node_modules/react-dom/cjs/react-dom.development.js:27628:9)
      at scheduleUpdateOnFiber 
(node_modules/react-dom/cjs/react-dom.development.js:25547:5)
      at dispatchSetState 
(node_modules/react-dom/cjs/react-dom.development.js:16708:7)
      at onChange 
(src/reporting/DashboardConfigurePage/DashboardConfigurePage.tsx:454:58)
      at HTMLUnknownElement.callCallback 
(node_modules/react-dom/cjs/react-dom.development.js:4164:14)
      at HTMLUnknownElement.callTheUserObjectsOperation 
(node_modules/jsdom/lib/jsdom/living/generated/EventListener.js:26:30)
      at innerInvokeEventListeners 
(node_modules/jsdom/lib/jsdom/living/events/EventTarget-impl.js:350:25)
      at invokeEventListeners 
(node_modules/jsdom/lib/jsdom/living/events/EventTarget-impl.js:286:3)
      at HTMLUnknownElementImpl._dispatch 
(node_modules/jsdom/lib/jsdom/living/events/EventTarget-impl.js:233:9)
      at HTMLUnknownElementImpl.dispatchEvent 
(node_modules/jsdom/lib/jsdom/living/events/EventTarget-impl.js:104:17)
      at HTMLUnknownElement.dispatchEvent 
(node_modules/jsdom/lib/jsdom/living/generated/EventTarget.js:241:34)
      at Object.invokeGuardedCallbackDev 
(node_modules/react-dom/cjs/react-dom.development.js:4213:16)
      at invokeGuardedCallback 
(node_modules/react-dom/cjs/react-dom.development.js:4277:31)
      at invokeGuardedCallbackAndCatchFirstError 
(node_modules/react-dom/cjs/react-dom.development.js:4291:25)
      at executeDispatch 
(node_modules/react-dom/cjs/react-dom.development.js:9041:3)
      at processDispatchQueueItemsInOrder 
(node_modules/react-dom/cjs/react-dom.development.js:9073:7)
      at processDispatchQueue 
(node_modules/react-dom/cjs/react-dom.development.js:9086:5)
      at dispatchEventsForPlugins 
(node_modules/react-dom/cjs/react-dom.development.js:9097:3)
      at node_modules/react-dom/cjs/react-dom.development.js:9288:12
      at batchedUpdates$1 
(node_modules/react-dom/cjs/react-dom.development.js:26179:12)
      at batchedUpdates 
(node_modules/react-dom/cjs/react-dom.development.js:3991:12)
      at dispatchEventForPluginEventSystem 
(node_modules/react-dom/cjs/react-dom.development.js:9287:3)
      at dispatchEventWithEnableCapturePhaseSelectiveHydrationWithoutDiscreteEv
entReplay (node_modules/react-dom/cjs/react-dom.development.js:6465:5)
      at dispatchEvent 
(node_modules/react-dom/cjs/react-dom.development.js:6457:5)
      at dispatchDiscreteEvent 
(node_modules/react-dom/cjs/react-dom.development.js:6430:5)
      at HTMLDivElement.callTheUserObjectsOperation 
(node_modules/jsdom/lib/jsdom/living/generated/EventListener.js:26:30)
      at innerInvokeEventListeners 
(node_modules/jsdom/lib/jsdom/living/events/EventTarget-impl.js:350:25)
      at invokeEventListeners 
(node_modules/jsdom/lib/jsdom/living/events/EventTarget-impl.js:286:3)
      at HTMLInputElementImpl._dispatch 
(node_modules/jsdom/lib/jsdom/living/events/EventTarget-impl.js:233:9)
      at HTMLInputElementImpl.dispatchEvent 
(node_modules/jsdom/lib/jsdom/living/events/EventTarget-impl.js:104:17)
      at HTMLInputElement.dispatchEvent 
(node_modules/jsdom/lib/jsdom/living/generated/EventTarget.js:241:34)
      at 
node_modules/@testing-library/user-event/dist/cjs/event/dispatchEvent.js:45:43
      at Object.eventWrapper 
(node_modules/@testing-library/dom/dist/config.js:25:23)
      at Object.wrapEvent 
(node_modules/@testing-library/user-event/dist/cjs/event/wrapEvent.js:6:28)
      at Object.dispatchEvent (node_modules/@testing-library/user-event/dist/cj
s/event/dispatchEvent.js:45:22)
      at Object.dispatchUIEvent (node_modules/@testing-library/user-event/dist/
cjs/event/dispatchEvent.js:22:26)
      at commitInput 
(node_modules/@testing-library/user-event/dist/cjs/event/input.js:145:14)
      at editInputElement 
(node_modules/@testing-library/user-event/dist/cjs/event/input.js:115:9)
      at Object.input 
(node_modules/@testing-library/user-event/dist/cjs/event/input.js:37:9)
      at node_modules/@testing-library/user-event/dist/cjs/event/behavior/keypr
ess.js:31:26
      at Object.dispatchEvent (node_modules/@testing-library/user-event/dist/cj
s/event/dispatchEvent.js:41:13)
      at Object.dispatchUIEvent (node_modules/@testing-library/user-event/dist/
cjs/event/dispatchEvent.js:22:26)
      at KeyboardHost.keydown 
(node_modules/@testing-library/user-event/dist/cjs/system/keyboard.js:76:22)
      at keyboardAction 
(node_modules/@testing-library/user-event/dist/cjs/keyboard/index.js:22:35)
      at Object.keyboard 
(node_modules/@testing-library/user-event/dist/cjs/keyboard/index.js:11:15)
      at Object.type 
(node_modules/@testing-library/user-event/dist/cjs/utility/type.js:17:5)
      at Object.<anonymous> (src/reporting/__tests__/reports.test.tsx:1245:9)

    console.error
      Warning: An update to DashboardConfigurePage inside a test was not 
wrapped in act(...).
      
      When testing, code that causes React state updates should be wrapped 
into act(...):
      
      act(() => {
        /* fire events that update state */
      });
      /* assert on the output */
      
      This ensures that you're testing the behavior the user would see in the 
browser. Learn more at https://reactjs.org/link/wrap-tests-with-act
          at DashboardConfigurePage (C:\Users\samhe\OneDrive\Desktop\Cleaned\fr
ontend\src\reporting\DashboardConfigurePage\DashboardConfigurePage.tsx:107:29)
          at routeContext (C:\Users\samhe\OneDrive\Desktop\Cleaned\frontend\nod
e_modules\react-router\lib\hooks.tsx:658:26)
          at children (C:\Users\samhe\OneDrive\Desktop\Cleaned\frontend\node_mo
dules\react-router\lib\components.tsx:512:3)
          at basenameProp (C:\Users\samhe\OneDrive\Desktop\Cleaned\frontend\nod
e_modules\react-router\lib\components.tsx:421:13)
          at basename (C:\Users\samhe\OneDrive\Desktop\Cleaned\frontend\node_mo
dules\react-router\lib\components.tsx:225:3)

      452 |                                         type="text"
      453 |                                         value={draftWidget.title}
    > 454 |                                         onChange={(e) => 
setDraftWidget((prev) => prev ? { ...prev, title: e.target.value } : prev)}
          |                                                          ^
      455 |                                         className="border 
border-gray-300 rounded px-3 py-2 text-sm"
      456 |                                     />
      457 |                                 </div>

      at printWarning 
(node_modules/react-dom/cjs/react-dom.development.js:86:30)
      at error (node_modules/react-dom/cjs/react-dom.development.js:60:7)
      at warnIfUpdatesNotWrappedWithActDEV 
(node_modules/react-dom/cjs/react-dom.development.js:27628:9)
      at scheduleUpdateOnFiber 
(node_modules/react-dom/cjs/react-dom.development.js:25547:5)
      at dispatchSetState 
(node_modules/react-dom/cjs/react-dom.development.js:16708:7)
      at onChange 
(src/reporting/DashboardConfigurePage/DashboardConfigurePage.tsx:454:58)
      at HTMLUnknownElement.callCallback 
(node_modules/react-dom/cjs/react-dom.development.js:4164:14)
      at HTMLUnknownElement.callTheUserObjectsOperation 
(node_modules/jsdom/lib/jsdom/living/generated/EventListener.js:26:30)
      at innerInvokeEventListeners 
(node_modules/jsdom/lib/jsdom/living/events/EventTarget-impl.js:350:25)
      at invokeEventListeners 
(node_modules/jsdom/lib/jsdom/living/events/EventTarget-impl.js:286:3)
      at HTMLUnknownElementImpl._dispatch 
(node_modules/jsdom/lib/jsdom/living/events/EventTarget-impl.js:233:9)
      at HTMLUnknownElementImpl.dispatchEvent 
(node_modules/jsdom/lib/jsdom/living/events/EventTarget-impl.js:104:17)
      at HTMLUnknownElement.dispatchEvent 
(node_modules/jsdom/lib/jsdom/living/generated/EventTarget.js:241:34)
      at Object.invokeGuardedCallbackDev 
(node_modules/react-dom/cjs/react-dom.development.js:4213:16)
      at invokeGuardedCallback 
(node_modules/react-dom/cjs/react-dom.development.js:4277:31)
      at invokeGuardedCallbackAndCatchFirstError 
(node_modules/react-dom/cjs/react-dom.development.js:4291:25)
      at executeDispatch 
(node_modules/react-dom/cjs/react-dom.development.js:9041:3)
      at processDispatchQueueItemsInOrder 
(node_modules/react-dom/cjs/react-dom.development.js:9073:7)
      at processDispatchQueue 
(node_modules/react-dom/cjs/react-dom.development.js:9086:5)
      at dispatchEventsForPlugins 
(node_modules/react-dom/cjs/react-dom.development.js:9097:3)
      at node_modules/react-dom/cjs/react-dom.development.js:9288:12
      at batchedUpdates$1 
(node_modules/react-dom/cjs/react-dom.development.js:26179:12)
      at batchedUpdates 
(node_modules/react-dom/cjs/react-dom.development.js:3991:12)
      at dispatchEventForPluginEventSystem 
(node_modules/react-dom/cjs/react-dom.development.js:9287:3)
      at dispatchEventWithEnableCapturePhaseSelectiveHydrationWithoutDiscreteEv
entReplay (node_modules/react-dom/cjs/react-dom.development.js:6465:5)
      at dispatchEvent 
(node_modules/react-dom/cjs/react-dom.development.js:6457:5)
      at dispatchDiscreteEvent 
(node_modules/react-dom/cjs/react-dom.development.js:6430:5)
      at HTMLDivElement.callTheUserObjectsOperation 
(node_modules/jsdom/lib/jsdom/living/generated/EventListener.js:26:30)
      at innerInvokeEventListeners 
(node_modules/jsdom/lib/jsdom/living/events/EventTarget-impl.js:350:25)
      at invokeEventListeners 
(node_modules/jsdom/lib/jsdom/living/events/EventTarget-impl.js:286:3)
      at HTMLInputElementImpl._dispatch 
(node_modules/jsdom/lib/jsdom/living/events/EventTarget-impl.js:233:9)
      at HTMLInputElementImpl.dispatchEvent 
(node_modules/jsdom/lib/jsdom/living/events/EventTarget-impl.js:104:17)
      at HTMLInputElement.dispatchEvent 
(node_modules/jsdom/lib/jsdom/living/generated/EventTarget.js:241:34)
      at 
node_modules/@testing-library/user-event/dist/cjs/event/dispatchEvent.js:45:43
      at Object.eventWrapper 
(node_modules/@testing-library/dom/dist/config.js:25:23)
      at Object.wrapEvent 
(node_modules/@testing-library/user-event/dist/cjs/event/wrapEvent.js:6:28)
      at Object.dispatchEvent (node_modules/@testing-library/user-event/dist/cj
s/event/dispatchEvent.js:45:22)
      at Object.dispatchUIEvent (node_modules/@testing-library/user-event/dist/
cjs/event/dispatchEvent.js:22:26)
      at commitInput 
(node_modules/@testing-library/user-event/dist/cjs/event/input.js:145:14)
      at editInputElement 
(node_modules/@testing-library/user-event/dist/cjs/event/input.js:115:9)
      at Object.input 
(node_modules/@testing-library/user-event/dist/cjs/event/input.js:37:9)
      at node_modules/@testing-library/user-event/dist/cjs/event/behavior/keypr
ess.js:31:26
      at Object.dispatchEvent (node_modules/@testing-library/user-event/dist/cj
s/event/dispatchEvent.js:41:13)
      at Object.dispatchUIEvent (node_modules/@testing-library/user-event/dist/
cjs/event/dispatchEvent.js:22:26)
      at KeyboardHost.keydown 
(node_modules/@testing-library/user-event/dist/cjs/system/keyboard.js:76:22)
      at keyboardAction 
(node_modules/@testing-library/user-event/dist/cjs/keyboard/index.js:22:35)
      at Object.keyboard 
(node_modules/@testing-library/user-event/dist/cjs/keyboard/index.js:11:15)
      at Object.type 
(node_modules/@testing-library/user-event/dist/cjs/utility/type.js:17:5)
      at Object.<anonymous> (src/reporting/__tests__/reports.test.tsx:1245:9)

    console.error
      Warning: An update to DashboardConfigurePage inside a test was not 
wrapped in act(...).
      
      When testing, code that causes React state updates should be wrapped 
into act(...):
      
      act(() => {
        /* fire events that update state */
      });
      /* assert on the output */
      
      This ensures that you're testing the behavior the user would see in the 
browser. Learn more at https://reactjs.org/link/wrap-tests-with-act
          at DashboardConfigurePage (C:\Users\samhe\OneDrive\Desktop\Cleaned\fr
ontend\src\reporting\DashboardConfigurePage\DashboardConfigurePage.tsx:107:29)
          at routeContext (C:\Users\samhe\OneDrive\Desktop\Cleaned\frontend\nod
e_modules\react-router\lib\hooks.tsx:658:26)
          at children (C:\Users\samhe\OneDrive\Desktop\Cleaned\frontend\node_mo
dules\react-router\lib\components.tsx:512:3)
          at basenameProp (C:\Users\samhe\OneDrive\Desktop\Cleaned\frontend\nod
e_modules\react-router\lib\components.tsx:421:13)
          at basename (C:\Users\samhe\OneDrive\Desktop\Cleaned\frontend\node_mo
dules\react-router\lib\components.tsx:225:3)

      452 |                                         type="text"
      453 |                                         value={draftWidget.title}
    > 454 |                                         onChange={(e) => 
setDraftWidget((prev) => prev ? { ...prev, title: e.target.value } : prev)}
          |                                                          ^
      455 |                                         className="border 
border-gray-300 rounded px-3 py-2 text-sm"
      456 |                                     />
      457 |                                 </div>

      at printWarning 
(node_modules/react-dom/cjs/react-dom.development.js:86:30)
      at error (node_modules/react-dom/cjs/react-dom.development.js:60:7)
      at warnIfUpdatesNotWrappedWithActDEV 
(node_modules/react-dom/cjs/react-dom.development.js:27628:9)
      at scheduleUpdateOnFiber 
(node_modules/react-dom/cjs/react-dom.development.js:25547:5)
      at dispatchSetState 
(node_modules/react-dom/cjs/react-dom.development.js:16708:7)
      at onChange 
(src/reporting/DashboardConfigurePage/DashboardConfigurePage.tsx:454:58)
      at HTMLUnknownElement.callCallback 
(node_modules/react-dom/cjs/react-dom.development.js:4164:14)
      at HTMLUnknownElement.callTheUserObjectsOperation 
(node_modules/jsdom/lib/jsdom/living/generated/EventListener.js:26:30)
      at innerInvokeEventListeners 
(node_modules/jsdom/lib/jsdom/living/events/EventTarget-impl.js:350:25)
      at invokeEventListeners 
(node_modules/jsdom/lib/jsdom/living/events/EventTarget-impl.js:286:3)
      at HTMLUnknownElementImpl._dispatch 
(node_modules/jsdom/lib/jsdom/living/events/EventTarget-impl.js:233:9)
      at HTMLUnknownElementImpl.dispatchEvent 
(node_modules/jsdom/lib/jsdom/living/events/EventTarget-impl.js:104:17)
      at HTMLUnknownElement.dispatchEvent 
(node_modules/jsdom/lib/jsdom/living/generated/EventTarget.js:241:34)
      at Object.invokeGuardedCallbackDev 
(node_modules/react-dom/cjs/react-dom.development.js:4213:16)
      at invokeGuardedCallback 
(node_modules/react-dom/cjs/react-dom.development.js:4277:31)
      at invokeGuardedCallbackAndCatchFirstError 
(node_modules/react-dom/cjs/react-dom.development.js:4291:25)
      at executeDispatch 
(node_modules/react-dom/cjs/react-dom.development.js:9041:3)
      at processDispatchQueueItemsInOrder 
(node_modules/react-dom/cjs/react-dom.development.js:9073:7)
      at processDispatchQueue 
(node_modules/react-dom/cjs/react-dom.development.js:9086:5)
      at dispatchEventsForPlugins 
(node_modules/react-dom/cjs/react-dom.development.js:9097:3)
      at node_modules/react-dom/cjs/react-dom.development.js:9288:12
      at batchedUpdates$1 
(node_modules/react-dom/cjs/react-dom.development.js:26179:12)
      at batchedUpdates 
(node_modules/react-dom/cjs/react-dom.development.js:3991:12)
      at dispatchEventForPluginEventSystem 
(node_modules/react-dom/cjs/react-dom.development.js:9287:3)
      at dispatchEventWithEnableCapturePhaseSelectiveHydrationWithoutDiscreteEv
entReplay (node_modules/react-dom/cjs/react-dom.development.js:6465:5)
      at dispatchEvent 
(node_modules/react-dom/cjs/react-dom.development.js:6457:5)
      at dispatchDiscreteEvent 
(node_modules/react-dom/cjs/react-dom.development.js:6430:5)
      at HTMLDivElement.callTheUserObjectsOperation 
(node_modules/jsdom/lib/jsdom/living/generated/EventListener.js:26:30)
      at innerInvokeEventListeners 
(node_modules/jsdom/lib/jsdom/living/events/EventTarget-impl.js:350:25)
      at invokeEventListeners 
(node_modules/jsdom/lib/jsdom/living/events/EventTarget-impl.js:286:3)
      at HTMLInputElementImpl._dispatch 
(node_modules/jsdom/lib/jsdom/living/events/EventTarget-impl.js:233:9)
      at HTMLInputElementImpl.dispatchEvent 
(node_modules/jsdom/lib/jsdom/living/events/EventTarget-impl.js:104:17)
      at HTMLInputElement.dispatchEvent 
(node_modules/jsdom/lib/jsdom/living/generated/EventTarget.js:241:34)
      at 
node_modules/@testing-library/user-event/dist/cjs/event/dispatchEvent.js:45:43
      at Object.eventWrapper 
(node_modules/@testing-library/dom/dist/config.js:25:23)
      at Object.wrapEvent 
(node_modules/@testing-library/user-event/dist/cjs/event/wrapEvent.js:6:28)
      at Object.dispatchEvent (node_modules/@testing-library/user-event/dist/cj
s/event/dispatchEvent.js:45:22)
      at Object.dispatchUIEvent (node_modules/@testing-library/user-event/dist/
cjs/event/dispatchEvent.js:22:26)
      at commitInput 
(node_modules/@testing-library/user-event/dist/cjs/event/input.js:145:14)
      at editInputElement 
(node_modules/@testing-library/user-event/dist/cjs/event/input.js:115:9)
      at Object.input 
(node_modules/@testing-library/user-event/dist/cjs/event/input.js:37:9)
      at node_modules/@testing-library/user-event/dist/cjs/event/behavior/keypr
ess.js:31:26
      at Object.dispatchEvent (node_modules/@testing-library/user-event/dist/cj
s/event/dispatchEvent.js:41:13)
      at Object.dispatchUIEvent (node_modules/@testing-library/user-event/dist/
cjs/event/dispatchEvent.js:22:26)
      at KeyboardHost.keydown 
(node_modules/@testing-library/user-event/dist/cjs/system/keyboard.js:76:22)
      at keyboardAction 
(node_modules/@testing-library/user-event/dist/cjs/keyboard/index.js:22:35)
      at Object.keyboard 
(node_modules/@testing-library/user-event/dist/cjs/keyboard/index.js:11:15)
      at Object.type 
(node_modules/@testing-library/user-event/dist/cjs/utility/type.js:17:5)
      at Object.<anonymous> (src/reporting/__tests__/reports.test.tsx:1245:9)

    console.error
      Warning: An update to DashboardConfigurePage inside a test was not 
wrapped in act(...).
      
      When testing, code that causes React state updates should be wrapped 
into act(...):
      
      act(() => {
        /* fire events that update state */
      });
      /* assert on the output */
      
      This ensures that you're testing the behavior the user would see in the 
browser. Learn more at https://reactjs.org/link/wrap-tests-with-act
          at DashboardConfigurePage (C:\Users\samhe\OneDrive\Desktop\Cleaned\fr
ontend\src\reporting\DashboardConfigurePage\DashboardConfigurePage.tsx:107:29)
          at routeContext (C:\Users\samhe\OneDrive\Desktop\Cleaned\frontend\nod
e_modules\react-router\lib\hooks.tsx:658:26)
          at children (C:\Users\samhe\OneDrive\Desktop\Cleaned\frontend\node_mo
dules\react-router\lib\components.tsx:512:3)
          at basenameProp (C:\Users\samhe\OneDrive\Desktop\Cleaned\frontend\nod
e_modules\react-router\lib\components.tsx:421:13)
          at basename (C:\Users\samhe\OneDrive\Desktop\Cleaned\frontend\node_mo
dules\react-router\lib\components.tsx:225:3)

      452 |                                         type="text"
      453 |                                         value={draftWidget.title}
    > 454 |                                         onChange={(e) => 
setDraftWidget((prev) => prev ? { ...prev, title: e.target.value } : prev)}
          |                                                          ^
      455 |                                         className="border 
border-gray-300 rounded px-3 py-2 text-sm"
      456 |                                     />
      457 |                                 </div>

      at printWarning 
(node_modules/react-dom/cjs/react-dom.development.js:86:30)
      at error (node_modules/react-dom/cjs/react-dom.development.js:60:7)
      at warnIfUpdatesNotWrappedWithActDEV 
(node_modules/react-dom/cjs/react-dom.development.js:27628:9)
      at scheduleUpdateOnFiber 
(node_modules/react-dom/cjs/react-dom.development.js:25547:5)
      at dispatchSetState 
(node_modules/react-dom/cjs/react-dom.development.js:16708:7)
      at onChange 
(src/reporting/DashboardConfigurePage/DashboardConfigurePage.tsx:454:58)
      at HTMLUnknownElement.callCallback 
(node_modules/react-dom/cjs/react-dom.development.js:4164:14)
      at HTMLUnknownElement.callTheUserObjectsOperation 
(node_modules/jsdom/lib/jsdom/living/generated/EventListener.js:26:30)
      at innerInvokeEventListeners 
(node_modules/jsdom/lib/jsdom/living/events/EventTarget-impl.js:350:25)
      at invokeEventListeners 
(node_modules/jsdom/lib/jsdom/living/events/EventTarget-impl.js:286:3)
      at HTMLUnknownElementImpl._dispatch 
(node_modules/jsdom/lib/jsdom/living/events/EventTarget-impl.js:233:9)
      at HTMLUnknownElementImpl.dispatchEvent 
(node_modules/jsdom/lib/jsdom/living/events/EventTarget-impl.js:104:17)
      at HTMLUnknownElement.dispatchEvent 
(node_modules/jsdom/lib/jsdom/living/generated/EventTarget.js:241:34)
      at Object.invokeGuardedCallbackDev 
(node_modules/react-dom/cjs/react-dom.development.js:4213:16)
      at invokeGuardedCallback 
(node_modules/react-dom/cjs/react-dom.development.js:4277:31)
      at invokeGuardedCallbackAndCatchFirstError 
(node_modules/react-dom/cjs/react-dom.development.js:4291:25)
      at executeDispatch 
(node_modules/react-dom/cjs/react-dom.development.js:9041:3)
      at processDispatchQueueItemsInOrder 
(node_modules/react-dom/cjs/react-dom.development.js:9073:7)
      at processDispatchQueue 
(node_modules/react-dom/cjs/react-dom.development.js:9086:5)
      at dispatchEventsForPlugins 
(node_modules/react-dom/cjs/react-dom.development.js:9097:3)
      at node_modules/react-dom/cjs/react-dom.development.js:9288:12
      at batchedUpdates$1 
(node_modules/react-dom/cjs/react-dom.development.js:26179:12)
      at batchedUpdates 
(node_modules/react-dom/cjs/react-dom.development.js:3991:12)
      at dispatchEventForPluginEventSystem 
(node_modules/react-dom/cjs/react-dom.development.js:9287:3)
      at dispatchEventWithEnableCapturePhaseSelectiveHydrationWithoutDiscreteEv
entReplay (node_modules/react-dom/cjs/react-dom.development.js:6465:5)
      at dispatchEvent 
(node_modules/react-dom/cjs/react-dom.development.js:6457:5)
      at dispatchDiscreteEvent 
(node_modules/react-dom/cjs/react-dom.development.js:6430:5)
      at HTMLDivElement.callTheUserObjectsOperation 
(node_modules/jsdom/lib/jsdom/living/generated/EventListener.js:26:30)
      at innerInvokeEventListeners 
(node_modules/jsdom/lib/jsdom/living/events/EventTarget-impl.js:350:25)
      at invokeEventListeners 
(node_modules/jsdom/lib/jsdom/living/events/EventTarget-impl.js:286:3)
      at HTMLInputElementImpl._dispatch 
(node_modules/jsdom/lib/jsdom/living/events/EventTarget-impl.js:233:9)
      at HTMLInputElementImpl.dispatchEvent 
(node_modules/jsdom/lib/jsdom/living/events/EventTarget-impl.js:104:17)
      at HTMLInputElement.dispatchEvent 
(node_modules/jsdom/lib/jsdom/living/generated/EventTarget.js:241:34)
      at 
node_modules/@testing-library/user-event/dist/cjs/event/dispatchEvent.js:45:43
      at Object.eventWrapper 
(node_modules/@testing-library/dom/dist/config.js:25:23)
      at Object.wrapEvent 
(node_modules/@testing-library/user-event/dist/cjs/event/wrapEvent.js:6:28)
      at Object.dispatchEvent (node_modules/@testing-library/user-event/dist/cj
s/event/dispatchEvent.js:45:22)
      at Object.dispatchUIEvent (node_modules/@testing-library/user-event/dist/
cjs/event/dispatchEvent.js:22:26)
      at commitInput 
(node_modules/@testing-library/user-event/dist/cjs/event/input.js:145:14)
      at editInputElement 
(node_modules/@testing-library/user-event/dist/cjs/event/input.js:115:9)
      at Object.input 
(node_modules/@testing-library/user-event/dist/cjs/event/input.js:37:9)
      at node_modules/@testing-library/user-event/dist/cjs/event/behavior/keypr
ess.js:31:26
      at Object.dispatchEvent (node_modules/@testing-library/user-event/dist/cj
s/event/dispatchEvent.js:41:13)
      at Object.dispatchUIEvent (node_modules/@testing-library/user-event/dist/
cjs/event/dispatchEvent.js:22:26)
      at KeyboardHost.keydown 
(node_modules/@testing-library/user-event/dist/cjs/system/keyboard.js:76:22)
      at keyboardAction 
(node_modules/@testing-library/user-event/dist/cjs/keyboard/index.js:22:35)
      at Object.keyboard 
(node_modules/@testing-library/user-event/dist/cjs/keyboard/index.js:11:15)
      at Object.type 
(node_modules/@testing-library/user-event/dist/cjs/utility/type.js:17:5)
      at Object.<anonymous> (src/reporting/__tests__/reports.test.tsx:1245:9)

    console.error
      Warning: An update to DashboardConfigurePage inside a test was not 
wrapped in act(...).
      
      When testing, code that causes React state updates should be wrapped 
into act(...):
      
      act(() => {
        /* fire events that update state */
      });
      /* assert on the output */
      
      This ensures that you're testing the behavior the user would see in the 
browser. Learn more at https://reactjs.org/link/wrap-tests-with-act
          at DashboardConfigurePage (C:\Users\samhe\OneDrive\Desktop\Cleaned\fr
ontend\src\reporting\DashboardConfigurePage\DashboardConfigurePage.tsx:107:29)
          at routeContext (C:\Users\samhe\OneDrive\Desktop\Cleaned\frontend\nod
e_modules\react-router\lib\hooks.tsx:658:26)
          at children (C:\Users\samhe\OneDrive\Desktop\Cleaned\frontend\node_mo
dules\react-router\lib\components.tsx:512:3)
          at basenameProp (C:\Users\samhe\OneDrive\Desktop\Cleaned\frontend\nod
e_modules\react-router\lib\components.tsx:421:13)
          at basename (C:\Users\samhe\OneDrive\Desktop\Cleaned\frontend\node_mo
dules\react-router\lib\components.tsx:225:3)

      452 |                                         type="text"
      453 |                                         value={draftWidget.title}
    > 454 |                                         onChange={(e) => 
setDraftWidget((prev) => prev ? { ...prev, title: e.target.value } : prev)}
          |                                                          ^
      455 |                                         className="border 
border-gray-300 rounded px-3 py-2 text-sm"
      456 |                                     />
      457 |                                 </div>

      at printWarning 
(node_modules/react-dom/cjs/react-dom.development.js:86:30)
      at error (node_modules/react-dom/cjs/react-dom.development.js:60:7)
      at warnIfUpdatesNotWrappedWithActDEV 
(node_modules/react-dom/cjs/react-dom.development.js:27628:9)
      at scheduleUpdateOnFiber 
(node_modules/react-dom/cjs/react-dom.development.js:25547:5)
      at dispatchSetState 
(node_modules/react-dom/cjs/react-dom.development.js:16708:7)
      at onChange 
(src/reporting/DashboardConfigurePage/DashboardConfigurePage.tsx:454:58)
      at HTMLUnknownElement.callCallback 
(node_modules/react-dom/cjs/react-dom.development.js:4164:14)
      at HTMLUnknownElement.callTheUserObjectsOperation 
(node_modules/jsdom/lib/jsdom/living/generated/EventListener.js:26:30)
      at innerInvokeEventListeners 
(node_modules/jsdom/lib/jsdom/living/events/EventTarget-impl.js:350:25)
      at invokeEventListeners 
(node_modules/jsdom/lib/jsdom/living/events/EventTarget-impl.js:286:3)
      at HTMLUnknownElementImpl._dispatch 
(node_modules/jsdom/lib/jsdom/living/events/EventTarget-impl.js:233:9)
      at HTMLUnknownElementImpl.dispatchEvent 
(node_modules/jsdom/lib/jsdom/living/events/EventTarget-impl.js:104:17)
      at HTMLUnknownElement.dispatchEvent 
(node_modules/jsdom/lib/jsdom/living/generated/EventTarget.js:241:34)
      at Object.invokeGuardedCallbackDev 
(node_modules/react-dom/cjs/react-dom.development.js:4213:16)
      at invokeGuardedCallback 
(node_modules/react-dom/cjs/react-dom.development.js:4277:31)
      at invokeGuardedCallbackAndCatchFirstError 
(node_modules/react-dom/cjs/react-dom.development.js:4291:25)
      at executeDispatch 
(node_modules/react-dom/cjs/react-dom.development.js:9041:3)
      at processDispatchQueueItemsInOrder 
(node_modules/react-dom/cjs/react-dom.development.js:9073:7)
      at processDispatchQueue 
(node_modules/react-dom/cjs/react-dom.development.js:9086:5)
      at dispatchEventsForPlugins 
(node_modules/react-dom/cjs/react-dom.development.js:9097:3)
      at node_modules/react-dom/cjs/react-dom.development.js:9288:12
      at batchedUpdates$1 
(node_modules/react-dom/cjs/react-dom.development.js:26179:12)
      at batchedUpdates 
(node_modules/react-dom/cjs/react-dom.development.js:3991:12)
      at dispatchEventForPluginEventSystem 
(node_modules/react-dom/cjs/react-dom.development.js:9287:3)
      at dispatchEventWithEnableCapturePhaseSelectiveHydrationWithoutDiscreteEv
entReplay (node_modules/react-dom/cjs/react-dom.development.js:6465:5)
      at dispatchEvent 
(node_modules/react-dom/cjs/react-dom.development.js:6457:5)
      at dispatchDiscreteEvent 
(node_modules/react-dom/cjs/react-dom.development.js:6430:5)
      at HTMLDivElement.callTheUserObjectsOperation 
(node_modules/jsdom/lib/jsdom/living/generated/EventListener.js:26:30)
      at innerInvokeEventListeners 
(node_modules/jsdom/lib/jsdom/living/events/EventTarget-impl.js:350:25)
      at invokeEventListeners 
(node_modules/jsdom/lib/jsdom/living/events/EventTarget-impl.js:286:3)
      at HTMLInputElementImpl._dispatch 
(node_modules/jsdom/lib/jsdom/living/events/EventTarget-impl.js:233:9)
      at HTMLInputElementImpl.dispatchEvent 
(node_modules/jsdom/lib/jsdom/living/events/EventTarget-impl.js:104:17)
      at HTMLInputElement.dispatchEvent 
(node_modules/jsdom/lib/jsdom/living/generated/EventTarget.js:241:34)
      at 
node_modules/@testing-library/user-event/dist/cjs/event/dispatchEvent.js:45:43
      at Object.eventWrapper 
(node_modules/@testing-library/dom/dist/config.js:25:23)
      at Object.wrapEvent 
(node_modules/@testing-library/user-event/dist/cjs/event/wrapEvent.js:6:28)
      at Object.dispatchEvent (node_modules/@testing-library/user-event/dist/cj
s/event/dispatchEvent.js:45:22)
      at Object.dispatchUIEvent (node_modules/@testing-library/user-event/dist/
cjs/event/dispatchEvent.js:22:26)
      at commitInput 
(node_modules/@testing-library/user-event/dist/cjs/event/input.js:145:14)
      at editInputElement 
(node_modules/@testing-library/user-event/dist/cjs/event/input.js:115:9)
      at Object.input 
(node_modules/@testing-library/user-event/dist/cjs/event/input.js:37:9)
      at node_modules/@testing-library/user-event/dist/cjs/event/behavior/keypr
ess.js:31:26
      at Object.dispatchEvent (node_modules/@testing-library/user-event/dist/cj
s/event/dispatchEvent.js:41:13)
      at Object.dispatchUIEvent (node_modules/@testing-library/user-event/dist/
cjs/event/dispatchEvent.js:22:26)
      at KeyboardHost.keydown 
(node_modules/@testing-library/user-event/dist/cjs/system/keyboard.js:76:22)
      at keyboardAction 
(node_modules/@testing-library/user-event/dist/cjs/keyboard/index.js:22:35)
      at Object.keyboard 
(node_modules/@testing-library/user-event/dist/cjs/keyboard/index.js:11:15)
      at Object.type 
(node_modules/@testing-library/user-event/dist/cjs/utility/type.js:17:5)
      at Object.<anonymous> (src/reporting/__tests__/reports.test.tsx:1245:9)

    console.error
      Warning: An update to DashboardConfigurePage inside a test was not 
wrapped in act(...).
      
      When testing, code that causes React state updates should be wrapped 
into act(...):
      
      act(() => {
        /* fire events that update state */
      });
      /* assert on the output */
      
      This ensures that you're testing the behavior the user would see in the 
browser. Learn more at https://reactjs.org/link/wrap-tests-with-act
          at DashboardConfigurePage (C:\Users\samhe\OneDrive\Desktop\Cleaned\fr
ontend\src\reporting\DashboardConfigurePage\DashboardConfigurePage.tsx:107:29)
          at routeContext (C:\Users\samhe\OneDrive\Desktop\Cleaned\frontend\nod
e_modules\react-router\lib\hooks.tsx:658:26)
          at children (C:\Users\samhe\OneDrive\Desktop\Cleaned\frontend\node_mo
dules\react-router\lib\components.tsx:512:3)
          at basenameProp (C:\Users\samhe\OneDrive\Desktop\Cleaned\frontend\nod
e_modules\react-router\lib\components.tsx:421:13)
          at basename (C:\Users\samhe\OneDrive\Desktop\Cleaned\frontend\node_mo
dules\react-router\lib\components.tsx:225:3)

      452 |                                         type="text"
      453 |                                         value={draftWidget.title}
    > 454 |                                         onChange={(e) => 
setDraftWidget((prev) => prev ? { ...prev, title: e.target.value } : prev)}
          |                                                          ^
      455 |                                         className="border 
border-gray-300 rounded px-3 py-2 text-sm"
      456 |                                     />
      457 |                                 </div>

      at printWarning 
(node_modules/react-dom/cjs/react-dom.development.js:86:30)
      at error (node_modules/react-dom/cjs/react-dom.development.js:60:7)
      at warnIfUpdatesNotWrappedWithActDEV 
(node_modules/react-dom/cjs/react-dom.development.js:27628:9)
      at scheduleUpdateOnFiber 
(node_modules/react-dom/cjs/react-dom.development.js:25547:5)
      at dispatchSetState 
(node_modules/react-dom/cjs/react-dom.development.js:16708:7)
      at onChange 
(src/reporting/DashboardConfigurePage/DashboardConfigurePage.tsx:454:58)
      at HTMLUnknownElement.callCallback 
(node_modules/react-dom/cjs/react-dom.development.js:4164:14)
      at HTMLUnknownElement.callTheUserObjectsOperation 
(node_modules/jsdom/lib/jsdom/living/generated/EventListener.js:26:30)
      at innerInvokeEventListeners 
(node_modules/jsdom/lib/jsdom/living/events/EventTarget-impl.js:350:25)
      at invokeEventListeners 
(node_modules/jsdom/lib/jsdom/living/events/EventTarget-impl.js:286:3)
      at HTMLUnknownElementImpl._dispatch 
(node_modules/jsdom/lib/jsdom/living/events/EventTarget-impl.js:233:9)
      at HTMLUnknownElementImpl.dispatchEvent 
(node_modules/jsdom/lib/jsdom/living/events/EventTarget-impl.js:104:17)
      at HTMLUnknownElement.dispatchEvent 
(node_modules/jsdom/lib/jsdom/living/generated/EventTarget.js:241:34)
      at Object.invokeGuardedCallbackDev 
(node_modules/react-dom/cjs/react-dom.development.js:4213:16)
      at invokeGuardedCallback 
(node_modules/react-dom/cjs/react-dom.development.js:4277:31)
      at invokeGuardedCallbackAndCatchFirstError 
(node_modules/react-dom/cjs/react-dom.development.js:4291:25)
      at executeDispatch 
(node_modules/react-dom/cjs/react-dom.development.js:9041:3)
      at processDispatchQueueItemsInOrder 
(node_modules/react-dom/cjs/react-dom.development.js:9073:7)
      at processDispatchQueue 
(node_modules/react-dom/cjs/react-dom.development.js:9086:5)
      at dispatchEventsForPlugins 
(node_modules/react-dom/cjs/react-dom.development.js:9097:3)
      at node_modules/react-dom/cjs/react-dom.development.js:9288:12
      at batchedUpdates$1 
(node_modules/react-dom/cjs/react-dom.development.js:26179:12)
      at batchedUpdates 
(node_modules/react-dom/cjs/react-dom.development.js:3991:12)
      at dispatchEventForPluginEventSystem 
(node_modules/react-dom/cjs/react-dom.development.js:9287:3)
      at dispatchEventWithEnableCapturePhaseSelectiveHydrationWithoutDiscreteEv
entReplay (node_modules/react-dom/cjs/react-dom.development.js:6465:5)
      at dispatchEvent 
(node_modules/react-dom/cjs/react-dom.development.js:6457:5)
      at dispatchDiscreteEvent 
(node_modules/react-dom/cjs/react-dom.development.js:6430:5)
      at HTMLDivElement.callTheUserObjectsOperation 
(node_modules/jsdom/lib/jsdom/living/generated/EventListener.js:26:30)
      at innerInvokeEventListeners 
(node_modules/jsdom/lib/jsdom/living/events/EventTarget-impl.js:350:25)
      at invokeEventListeners 
(node_modules/jsdom/lib/jsdom/living/events/EventTarget-impl.js:286:3)
      at HTMLInputElementImpl._dispatch 
(node_modules/jsdom/lib/jsdom/living/events/EventTarget-impl.js:233:9)
      at HTMLInputElementImpl.dispatchEvent 
(node_modules/jsdom/lib/jsdom/living/events/EventTarget-impl.js:104:17)
      at HTMLInputElement.dispatchEvent 
(node_modules/jsdom/lib/jsdom/living/generated/EventTarget.js:241:34)
      at 
node_modules/@testing-library/user-event/dist/cjs/event/dispatchEvent.js:45:43
      at Object.eventWrapper 
(node_modules/@testing-library/dom/dist/config.js:25:23)
      at Object.wrapEvent 
(node_modules/@testing-library/user-event/dist/cjs/event/wrapEvent.js:6:28)
      at Object.dispatchEvent (node_modules/@testing-library/user-event/dist/cj
s/event/dispatchEvent.js:45:22)
      at Object.dispatchUIEvent (node_modules/@testing-library/user-event/dist/
cjs/event/dispatchEvent.js:22:26)
      at commitInput 
(node_modules/@testing-library/user-event/dist/cjs/event/input.js:145:14)
      at editInputElement 
(node_modules/@testing-library/user-event/dist/cjs/event/input.js:115:9)
      at Object.input 
(node_modules/@testing-library/user-event/dist/cjs/event/input.js:37:9)
      at node_modules/@testing-library/user-event/dist/cjs/event/behavior/keypr
ess.js:31:26
      at Object.dispatchEvent (node_modules/@testing-library/user-event/dist/cj
s/event/dispatchEvent.js:41:13)
      at Object.dispatchUIEvent (node_modules/@testing-library/user-event/dist/
cjs/event/dispatchEvent.js:22:26)
      at KeyboardHost.keydown 
(node_modules/@testing-library/user-event/dist/cjs/system/keyboard.js:76:22)
      at keyboardAction 
(node_modules/@testing-library/user-event/dist/cjs/keyboard/index.js:22:35)
      at Object.keyboard 
(node_modules/@testing-library/user-event/dist/cjs/keyboard/index.js:11:15)
      at Object.type 
(node_modules/@testing-library/user-event/dist/cjs/utility/type.js:17:5)
      at Object.<anonymous> (src/reporting/__tests__/reports.test.tsx:1245:9)

    console.error
      Warning: An update to DashboardConfigurePage inside a test was not 
wrapped in act(...).
      
      When testing, code that causes React state updates should be wrapped 
into act(...):
      
      act(() => {
        /* fire events that update state */
      });
      /* assert on the output */
      
      This ensures that you're testing the behavior the user would see in the 
browser. Learn more at https://reactjs.org/link/wrap-tests-with-act
          at DashboardConfigurePage (C:\Users\samhe\OneDrive\Desktop\Cleaned\fr
ontend\src\reporting\DashboardConfigurePage\DashboardConfigurePage.tsx:107:29)
          at routeContext (C:\Users\samhe\OneDrive\Desktop\Cleaned\frontend\nod
e_modules\react-router\lib\hooks.tsx:658:26)
          at children (C:\Users\samhe\OneDrive\Desktop\Cleaned\frontend\node_mo
dules\react-router\lib\components.tsx:512:3)
          at basenameProp (C:\Users\samhe\OneDrive\Desktop\Cleaned\frontend\nod
e_modules\react-router\lib\components.tsx:421:13)
          at basename (C:\Users\samhe\OneDrive\Desktop\Cleaned\frontend\node_mo
dules\react-router\lib\components.tsx:225:3)

      471 |                                         id="widget-type"
      472 |                                         value={draftWidget.type}
    > 473 |                                         onChange={(e) => 
setDraftWidget((prev) => prev ? normalizeWidget({
          |                                                          ^
      474 |                                             ...prev,
      475 |                                             type: e.target.value 
as DashboardWidgetType,
      476 |                                             metric: null,

      at printWarning 
(node_modules/react-dom/cjs/react-dom.development.js:86:30)
      at error (node_modules/react-dom/cjs/react-dom.development.js:60:7)
      at warnIfUpdatesNotWrappedWithActDEV 
(node_modules/react-dom/cjs/react-dom.development.js:27628:9)
      at scheduleUpdateOnFiber 
(node_modules/react-dom/cjs/react-dom.development.js:25547:5)
      at dispatchSetState 
(node_modules/react-dom/cjs/react-dom.development.js:16708:7)
      at onChange 
(src/reporting/DashboardConfigurePage/DashboardConfigurePage.tsx:473:58)
      at HTMLUnknownElement.callCallback 
(node_modules/react-dom/cjs/react-dom.development.js:4164:14)
      at HTMLUnknownElement.callTheUserObjectsOperation 
(node_modules/jsdom/lib/jsdom/living/generated/EventListener.js:26:30)
      at innerInvokeEventListeners 
(node_modules/jsdom/lib/jsdom/living/events/EventTarget-impl.js:350:25)
      at invokeEventListeners 
(node_modules/jsdom/lib/jsdom/living/events/EventTarget-impl.js:286:3)
      at HTMLUnknownElementImpl._dispatch 
(node_modules/jsdom/lib/jsdom/living/events/EventTarget-impl.js:233:9)
      at HTMLUnknownElementImpl.dispatchEvent 
(node_modules/jsdom/lib/jsdom/living/events/EventTarget-impl.js:104:17)
      at HTMLUnknownElement.dispatchEvent 
(node_modules/jsdom/lib/jsdom/living/generated/EventTarget.js:241:34)
      at Object.invokeGuardedCallbackDev 
(node_modules/react-dom/cjs/react-dom.development.js:4213:16)
      at invokeGuardedCallback 
(node_modules/react-dom/cjs/react-dom.development.js:4277:31)
      at invokeGuardedCallbackAndCatchFirstError 
(node_modules/react-dom/cjs/react-dom.development.js:4291:25)
      at executeDispatch 
(node_modules/react-dom/cjs/react-dom.development.js:9041:3)
      at processDispatchQueueItemsInOrder 
(node_modules/react-dom/cjs/react-dom.development.js:9073:7)
      at processDispatchQueue 
(node_modules/react-dom/cjs/react-dom.development.js:9086:5)
      at dispatchEventsForPlugins 
(node_modules/react-dom/cjs/react-dom.development.js:9097:3)
      at node_modules/react-dom/cjs/react-dom.development.js:9288:12
      at batchedUpdates$1 
(node_modules/react-dom/cjs/react-dom.development.js:26179:12)
      at batchedUpdates 
(node_modules/react-dom/cjs/react-dom.development.js:3991:12)
      at dispatchEventForPluginEventSystem 
(node_modules/react-dom/cjs/react-dom.development.js:9287:3)
      at dispatchEventWithEnableCapturePhaseSelectiveHydrationWithoutDiscreteEv
entReplay (node_modules/react-dom/cjs/react-dom.development.js:6465:5)
      at dispatchEvent 
(node_modules/react-dom/cjs/react-dom.development.js:6457:5)
      at dispatchDiscreteEvent 
(node_modules/react-dom/cjs/react-dom.development.js:6430:5)
      at HTMLDivElement.callTheUserObjectsOperation 
(node_modules/jsdom/lib/jsdom/living/generated/EventListener.js:26:30)
      at innerInvokeEventListeners 
(node_modules/jsdom/lib/jsdom/living/events/EventTarget-impl.js:350:25)
      at invokeEventListeners 
(node_modules/jsdom/lib/jsdom/living/events/EventTarget-impl.js:286:3)
      at HTMLSelectElementImpl._dispatch 
(node_modules/jsdom/lib/jsdom/living/events/EventTarget-impl.js:233:9)
      at HTMLSelectElementImpl.dispatchEvent 
(node_modules/jsdom/lib/jsdom/living/events/EventTarget-impl.js:104:17)
      at Proxy.dispatchEvent 
(node_modules/jsdom/lib/jsdom/living/generated/EventTarget.js:241:34)
      at 
node_modules/@testing-library/user-event/dist/cjs/event/dispatchEvent.js:45:43
      at Object.eventWrapper 
(node_modules/@testing-library/dom/dist/config.js:25:23)
      at Object.wrapEvent 
(node_modules/@testing-library/user-event/dist/cjs/event/wrapEvent.js:6:28)
      at Object.dispatchEvent (node_modules/@testing-library/user-event/dist/cj
s/event/dispatchEvent.js:45:22)
      at Object.dispatchUIEvent (node_modules/@testing-library/user-event/dist/
cjs/event/dispatchEvent.js:22:26)
      at selectOption (node_modules/@testing-library/user-event/dist/cjs/utilit
y/selectOptions.js:51:14)
      at Object.selectOptionsBase (node_modules/@testing-library/user-event/dis
t/cjs/utility/selectOptions.js:87:13)
      at Object.<anonymous> (src/reporting/__tests__/reports.test.tsx:1246:9)

    console.error
      Warning: An update to DashboardConfigurePage inside a test was not 
wrapped in act(...).
      
      When testing, code that causes React state updates should be wrapped 
into act(...):
      
      act(() => {
        /* fire events that update state */
      });
      /* assert on the output */
      
      This ensures that you're testing the behavior the user would see in the 
browser. Learn more at https://reactjs.org/link/wrap-tests-with-act
          at DashboardConfigurePage (C:\Users\samhe\OneDrive\Desktop\Cleaned\fr
ontend\src\reporting\DashboardConfigurePage\DashboardConfigurePage.tsx:107:29)
          at routeContext (C:\Users\samhe\OneDrive\Desktop\Cleaned\frontend\nod
e_modules\react-router\lib\hooks.tsx:658:26)
          at children (C:\Users\samhe\OneDrive\Desktop\Cleaned\frontend\node_mo
dules\react-router\lib\components.tsx:512:3)
          at basenameProp (C:\Users\samhe\OneDrive\Desktop\Cleaned\frontend\nod
e_modules\react-router\lib\components.tsx:421:13)
          at basename (C:\Users\samhe\OneDrive\Desktop\Cleaned\frontend\node_mo
dules\react-router\lib\components.tsx:225:3)

      528 |                                                 
id="widget-chart-type"
      529 |                                                 
value={draftWidget.chartType ?? 'bar'}
    > 530 |                                                 onChange={(e) => 
setDraftWidget((prev) => prev ? { ...prev, chartType: e.target.value as 
DashboardChartType } : prev)}
          |                                                                  ^
      531 |                                                 className="border 
border-gray-300 rounded px-3 py-2 text-sm"
      532 |                                             >
      533 |                                                 
{CHART_TYPES.map((type) => (

      at printWarning 
(node_modules/react-dom/cjs/react-dom.development.js:86:30)
      at error (node_modules/react-dom/cjs/react-dom.development.js:60:7)
      at warnIfUpdatesNotWrappedWithActDEV 
(node_modules/react-dom/cjs/react-dom.development.js:27628:9)
      at scheduleUpdateOnFiber 
(node_modules/react-dom/cjs/react-dom.development.js:25547:5)
      at dispatchSetState 
(node_modules/react-dom/cjs/react-dom.development.js:16708:7)
      at onChange 
(src/reporting/DashboardConfigurePage/DashboardConfigurePage.tsx:530:66)
      at HTMLUnknownElement.callCallback 
(node_modules/react-dom/cjs/react-dom.development.js:4164:14)
      at HTMLUnknownElement.callTheUserObjectsOperation 
(node_modules/jsdom/lib/jsdom/living/generated/EventListener.js:26:30)
      at innerInvokeEventListeners 
(node_modules/jsdom/lib/jsdom/living/events/EventTarget-impl.js:350:25)
      at invokeEventListeners 
(node_modules/jsdom/lib/jsdom/living/events/EventTarget-impl.js:286:3)
      at HTMLUnknownElementImpl._dispatch 
(node_modules/jsdom/lib/jsdom/living/events/EventTarget-impl.js:233:9)
      at HTMLUnknownElementImpl.dispatchEvent 
(node_modules/jsdom/lib/jsdom/living/events/EventTarget-impl.js:104:17)
      at HTMLUnknownElement.dispatchEvent 
(node_modules/jsdom/lib/jsdom/living/generated/EventTarget.js:241:34)
      at Object.invokeGuardedCallbackDev 
(node_modules/react-dom/cjs/react-dom.development.js:4213:16)
      at invokeGuardedCallback 
(node_modules/react-dom/cjs/react-dom.development.js:4277:31)
      at invokeGuardedCallbackAndCatchFirstError 
(node_modules/react-dom/cjs/react-dom.development.js:4291:25)
      at executeDispatch 
(node_modules/react-dom/cjs/react-dom.development.js:9041:3)
      at processDispatchQueueItemsInOrder 
(node_modules/react-dom/cjs/react-dom.development.js:9073:7)
      at processDispatchQueue 
(node_modules/react-dom/cjs/react-dom.development.js:9086:5)
      at dispatchEventsForPlugins 
(node_modules/react-dom/cjs/react-dom.development.js:9097:3)
      at node_modules/react-dom/cjs/react-dom.development.js:9288:12
      at batchedUpdates$1 
(node_modules/react-dom/cjs/react-dom.development.js:26179:12)
      at batchedUpdates 
(node_modules/react-dom/cjs/react-dom.development.js:3991:12)
      at dispatchEventForPluginEventSystem 
(node_modules/react-dom/cjs/react-dom.development.js:9287:3)
      at dispatchEventWithEnableCapturePhaseSelectiveHydrationWithoutDiscreteEv
entReplay (node_modules/react-dom/cjs/react-dom.development.js:6465:5)
      at dispatchEvent 
(node_modules/react-dom/cjs/react-dom.development.js:6457:5)
      at dispatchDiscreteEvent 
(node_modules/react-dom/cjs/react-dom.development.js:6430:5)
      at HTMLDivElement.callTheUserObjectsOperation 
(node_modules/jsdom/lib/jsdom/living/generated/EventListener.js:26:30)
      at innerInvokeEventListeners 
(node_modules/jsdom/lib/jsdom/living/events/EventTarget-impl.js:350:25)
      at invokeEventListeners 
(node_modules/jsdom/lib/jsdom/living/events/EventTarget-impl.js:286:3)
      at HTMLSelectElementImpl._dispatch 
(node_modules/jsdom/lib/jsdom/living/events/EventTarget-impl.js:233:9)
      at HTMLSelectElementImpl.dispatchEvent 
(node_modules/jsdom/lib/jsdom/living/events/EventTarget-impl.js:104:17)
      at Proxy.dispatchEvent 
(node_modules/jsdom/lib/jsdom/living/generated/EventTarget.js:241:34)
      at 
node_modules/@testing-library/user-event/dist/cjs/event/dispatchEvent.js:45:43
      at Object.eventWrapper 
(node_modules/@testing-library/dom/dist/config.js:25:23)
      at Object.wrapEvent 
(node_modules/@testing-library/user-event/dist/cjs/event/wrapEvent.js:6:28)
      at Object.dispatchEvent (node_modules/@testing-library/user-event/dist/cj
s/event/dispatchEvent.js:45:22)
      at Object.dispatchUIEvent (node_modules/@testing-library/user-event/dist/
cjs/event/dispatchEvent.js:22:26)
      at selectOption (node_modules/@testing-library/user-event/dist/cjs/utilit
y/selectOptions.js:51:14)
      at Object.selectOptionsBase (node_modules/@testing-library/user-event/dis
t/cjs/utility/selectOptions.js:87:13)
      at Object.<anonymous> (src/reporting/__tests__/reports.test.tsx:1247:9)

    console.error
      Warning: An update to DashboardConfigurePage inside a test was not 
wrapped in act(...).
      
      When testing, code that causes React state updates should be wrapped 
into act(...):
      
      act(() => {
        /* fire events that update state */
      });
      /* assert on the output */
      
      This ensures that you're testing the behavior the user would see in the 
browser. Learn more at https://reactjs.org/link/wrap-tests-with-act
          at DashboardConfigurePage (C:\Users\samhe\OneDrive\Desktop\Cleaned\fr
ontend\src\reporting\DashboardConfigurePage\DashboardConfigurePage.tsx:107:29)
          at routeContext (C:\Users\samhe\OneDrive\Desktop\Cleaned\frontend\nod
e_modules\react-router\lib\hooks.tsx:658:26)
          at children (C:\Users\samhe\OneDrive\Desktop\Cleaned\frontend\node_mo
dules\react-router\lib\components.tsx:512:3)
          at basenameProp (C:\Users\samhe\OneDrive\Desktop\Cleaned\frontend\nod
e_modules\react-router\lib\components.tsx:421:13)
          at basename (C:\Users\samhe\OneDrive\Desktop\Cleaned\frontend\node_mo
dules\react-router\lib\components.tsx:225:3)

      571 |                                                         
id="widget-attribute"
      572 |                                                         
value={draftWidget.attribute ?? ''}
    > 573 |                                                         
onChange={(e) => setDraftWidget((prev) => prev ? { ...prev, attribute: 
e.target.value || null } : prev)}
          |                                                                    
      ^
      574 |                                                         
className="border border-gray-300 rounded px-3 py-2 text-sm"
      575 |                                                     >
      576 |                                                         <option 
value="">Select x-axis field</option>

      at printWarning 
(node_modules/react-dom/cjs/react-dom.development.js:86:30)
      at error (node_modules/react-dom/cjs/react-dom.development.js:60:7)
      at warnIfUpdatesNotWrappedWithActDEV 
(node_modules/react-dom/cjs/react-dom.development.js:27628:9)
      at scheduleUpdateOnFiber 
(node_modules/react-dom/cjs/react-dom.development.js:25547:5)
      at dispatchSetState 
(node_modules/react-dom/cjs/react-dom.development.js:16708:7)
      at onChange 
(src/reporting/DashboardConfigurePage/DashboardConfigurePage.tsx:573:74)
      at HTMLUnknownElement.callCallback 
(node_modules/react-dom/cjs/react-dom.development.js:4164:14)
      at HTMLUnknownElement.callTheUserObjectsOperation 
(node_modules/jsdom/lib/jsdom/living/generated/EventListener.js:26:30)
      at innerInvokeEventListeners 
(node_modules/jsdom/lib/jsdom/living/events/EventTarget-impl.js:350:25)
      at invokeEventListeners 
(node_modules/jsdom/lib/jsdom/living/events/EventTarget-impl.js:286:3)
      at HTMLUnknownElementImpl._dispatch 
(node_modules/jsdom/lib/jsdom/living/events/EventTarget-impl.js:233:9)
      at HTMLUnknownElementImpl.dispatchEvent 
(node_modules/jsdom/lib/jsdom/living/events/EventTarget-impl.js:104:17)
      at HTMLUnknownElement.dispatchEvent 
(node_modules/jsdom/lib/jsdom/living/generated/EventTarget.js:241:34)
      at Object.invokeGuardedCallbackDev 
(node_modules/react-dom/cjs/react-dom.development.js:4213:16)
      at invokeGuardedCallback 
(node_modules/react-dom/cjs/react-dom.development.js:4277:31)
      at invokeGuardedCallbackAndCatchFirstError 
(node_modules/react-dom/cjs/react-dom.development.js:4291:25)
      at executeDispatch 
(node_modules/react-dom/cjs/react-dom.development.js:9041:3)
      at processDispatchQueueItemsInOrder 
(node_modules/react-dom/cjs/react-dom.development.js:9073:7)
      at processDispatchQueue 
(node_modules/react-dom/cjs/react-dom.development.js:9086:5)
      at dispatchEventsForPlugins 
(node_modules/react-dom/cjs/react-dom.development.js:9097:3)
      at node_modules/react-dom/cjs/react-dom.development.js:9288:12
      at batchedUpdates$1 
(node_modules/react-dom/cjs/react-dom.development.js:26179:12)
      at batchedUpdates 
(node_modules/react-dom/cjs/react-dom.development.js:3991:12)
      at dispatchEventForPluginEventSystem 
(node_modules/react-dom/cjs/react-dom.development.js:9287:3)
      at dispatchEventWithEnableCapturePhaseSelectiveHydrationWithoutDiscreteEv
entReplay (node_modules/react-dom/cjs/react-dom.development.js:6465:5)
      at dispatchEvent 
(node_modules/react-dom/cjs/react-dom.development.js:6457:5)
      at dispatchDiscreteEvent 
(node_modules/react-dom/cjs/react-dom.development.js:6430:5)
      at HTMLDivElement.callTheUserObjectsOperation 
(node_modules/jsdom/lib/jsdom/living/generated/EventListener.js:26:30)
      at innerInvokeEventListeners 
(node_modules/jsdom/lib/jsdom/living/events/EventTarget-impl.js:350:25)
      at invokeEventListeners 
(node_modules/jsdom/lib/jsdom/living/events/EventTarget-impl.js:286:3)
      at HTMLSelectElementImpl._dispatch 
(node_modules/jsdom/lib/jsdom/living/events/EventTarget-impl.js:233:9)
      at HTMLSelectElementImpl.dispatchEvent 
(node_modules/jsdom/lib/jsdom/living/events/EventTarget-impl.js:104:17)
      at Proxy.dispatchEvent 
(node_modules/jsdom/lib/jsdom/living/generated/EventTarget.js:241:34)
      at 
node_modules/@testing-library/user-event/dist/cjs/event/dispatchEvent.js:45:43
      at Object.eventWrapper 
(node_modules/@testing-library/dom/dist/config.js:25:23)
      at Object.wrapEvent 
(node_modules/@testing-library/user-event/dist/cjs/event/wrapEvent.js:6:28)
      at Object.dispatchEvent (node_modules/@testing-library/user-event/dist/cj
s/event/dispatchEvent.js:45:22)
      at Object.dispatchUIEvent (node_modules/@testing-library/user-event/dist/
cjs/event/dispatchEvent.js:22:26)
      at selectOption (node_modules/@testing-library/user-event/dist/cjs/utilit
y/selectOptions.js:51:14)
      at Object.selectOptionsBase (node_modules/@testing-library/user-event/dis
t/cjs/utility/selectOptions.js:87:13)
      at Object.<anonymous> (src/reporting/__tests__/reports.test.tsx:1248:9)

    console.error
      Warning: An update to DashboardConfigurePage inside a test was not 
wrapped in act(...).
      
      When testing, code that causes React state updates should be wrapped 
into act(...):
      
      act(() => {
        /* fire events that update state */
      });
      /* assert on the output */
      
      This ensures that you're testing the behavior the user would see in the 
browser. Learn more at https://reactjs.org/link/wrap-tests-with-act
          at DashboardConfigurePage (C:\Users\samhe\OneDrive\Desktop\Cleaned\fr
ontend\src\reporting\DashboardConfigurePage\DashboardConfigurePage.tsx:107:29)
          at routeContext (C:\Users\samhe\OneDrive\Desktop\Cleaned\frontend\nod
e_modules\react-router\lib\hooks.tsx:658:26)
          at children (C:\Users\samhe\OneDrive\Desktop\Cleaned\frontend\node_mo
dules\react-router\lib\components.tsx:512:3)
          at basenameProp (C:\Users\samhe\OneDrive\Desktop\Cleaned\frontend\nod
e_modules\react-router\lib\components.tsx:421:13)
          at basename (C:\Users\samhe\OneDrive\Desktop\Cleaned\frontend\node_mo
dules\react-router\lib\components.tsx:225:3)

      596 |                                                         
id="widget-y-axis-attribute"
      597 |                                                         
value={draftWidget.yAxisAttribute ?? ''}
    > 598 |                                                         
onChange={(e) => setDraftWidget((prev) => prev ? { ...prev, yAxisAttribute: 
e.target.value || null } : prev)}
          |                                                                    
      ^
      599 |                                                         
className="border border-gray-300 rounded px-3 py-2 text-sm"
      600 |                                                     >
      601 |                                                         <option 
value="">Select y-axis field</option>

      at printWarning 
(node_modules/react-dom/cjs/react-dom.development.js:86:30)
      at error (node_modules/react-dom/cjs/react-dom.development.js:60:7)
      at warnIfUpdatesNotWrappedWithActDEV 
(node_modules/react-dom/cjs/react-dom.development.js:27628:9)
      at scheduleUpdateOnFiber 
(node_modules/react-dom/cjs/react-dom.development.js:25547:5)
      at dispatchSetState 
(node_modules/react-dom/cjs/react-dom.development.js:16708:7)
      at onChange 
(src/reporting/DashboardConfigurePage/DashboardConfigurePage.tsx:598:74)
      at HTMLUnknownElement.callCallback 
(node_modules/react-dom/cjs/react-dom.development.js:4164:14)
      at HTMLUnknownElement.callTheUserObjectsOperation 
(node_modules/jsdom/lib/jsdom/living/generated/EventListener.js:26:30)
      at innerInvokeEventListeners 
(node_modules/jsdom/lib/jsdom/living/events/EventTarget-impl.js:350:25)
      at invokeEventListeners 
(node_modules/jsdom/lib/jsdom/living/events/EventTarget-impl.js:286:3)
      at HTMLUnknownElementImpl._dispatch 
(node_modules/jsdom/lib/jsdom/living/events/EventTarget-impl.js:233:9)
      at HTMLUnknownElementImpl.dispatchEvent 
(node_modules/jsdom/lib/jsdom/living/events/EventTarget-impl.js:104:17)
      at HTMLUnknownElement.dispatchEvent 
(node_modules/jsdom/lib/jsdom/living/generated/EventTarget.js:241:34)
      at Object.invokeGuardedCallbackDev 
(node_modules/react-dom/cjs/react-dom.development.js:4213:16)
      at invokeGuardedCallback 
(node_modules/react-dom/cjs/react-dom.development.js:4277:31)
      at invokeGuardedCallbackAndCatchFirstError 
(node_modules/react-dom/cjs/react-dom.development.js:4291:25)
      at executeDispatch 
(node_modules/react-dom/cjs/react-dom.development.js:9041:3)
      at processDispatchQueueItemsInOrder 
(node_modules/react-dom/cjs/react-dom.development.js:9073:7)
      at processDispatchQueue 
(node_modules/react-dom/cjs/react-dom.development.js:9086:5)
      at dispatchEventsForPlugins 
(node_modules/react-dom/cjs/react-dom.development.js:9097:3)
      at node_modules/react-dom/cjs/react-dom.development.js:9288:12
      at batchedUpdates$1 
(node_modules/react-dom/cjs/react-dom.development.js:26179:12)
      at batchedUpdates 
(node_modules/react-dom/cjs/react-dom.development.js:3991:12)
      at dispatchEventForPluginEventSystem 
(node_modules/react-dom/cjs/react-dom.development.js:9287:3)
      at dispatchEventWithEnableCapturePhaseSelectiveHydrationWithoutDiscreteEv
entReplay (node_modules/react-dom/cjs/react-dom.development.js:6465:5)
      at dispatchEvent 
(node_modules/react-dom/cjs/react-dom.development.js:6457:5)
      at dispatchDiscreteEvent 
(node_modules/react-dom/cjs/react-dom.development.js:6430:5)
      at HTMLDivElement.callTheUserObjectsOperation 
(node_modules/jsdom/lib/jsdom/living/generated/EventListener.js:26:30)
      at innerInvokeEventListeners 
(node_modules/jsdom/lib/jsdom/living/events/EventTarget-impl.js:350:25)
      at invokeEventListeners 
(node_modules/jsdom/lib/jsdom/living/events/EventTarget-impl.js:286:3)
      at HTMLSelectElementImpl._dispatch 
(node_modules/jsdom/lib/jsdom/living/events/EventTarget-impl.js:233:9)
      at HTMLSelectElementImpl.dispatchEvent 
(node_modules/jsdom/lib/jsdom/living/events/EventTarget-impl.js:104:17)
      at Proxy.dispatchEvent 
(node_modules/jsdom/lib/jsdom/living/generated/EventTarget.js:241:34)
      at 
node_modules/@testing-library/user-event/dist/cjs/event/dispatchEvent.js:45:43
      at Object.eventWrapper 
(node_modules/@testing-library/dom/dist/config.js:25:23)
      at Object.wrapEvent 
(node_modules/@testing-library/user-event/dist/cjs/event/wrapEvent.js:6:28)
      at Object.dispatchEvent (node_modules/@testing-library/user-event/dist/cj
s/event/dispatchEvent.js:45:22)
      at Object.dispatchUIEvent (node_modules/@testing-library/user-event/dist/
cjs/event/dispatchEvent.js:22:26)
      at selectOption (node_modules/@testing-library/user-event/dist/cjs/utilit
y/selectOptions.js:51:14)
      at Object.selectOptionsBase (node_modules/@testing-library/user-event/dis
t/cjs/utility/selectOptions.js:87:13)
      at Object.<anonymous> (src/reporting/__tests__/reports.test.tsx:1249:9)

    console.error
      Warning: An update to DashboardConfigurePage inside a test was not 
wrapped in act(...).
      
      When testing, code that causes React state updates should be wrapped 
into act(...):
      
      act(() => {
        /* fire events that update state */
      });
      /* assert on the output */
      
      This ensures that you're testing the behavior the user would see in the 
browser. Learn more at https://reactjs.org/link/wrap-tests-with-act
          at DashboardConfigurePage (C:\Users\samhe\OneDrive\Desktop\Cleaned\fr
ontend\src\reporting\DashboardConfigurePage\DashboardConfigurePage.tsx:107:29)
          at routeContext (C:\Users\samhe\OneDrive\Desktop\Cleaned\frontend\nod
e_modules\react-router\lib\hooks.tsx:658:26)
          at children (C:\Users\samhe\OneDrive\Desktop\Cleaned\frontend\node_mo
dules\react-router\lib\components.tsx:512:3)
          at basenameProp (C:\Users\samhe\OneDrive\Desktop\Cleaned\frontend\nod
e_modules\react-router\lib\components.tsx:421:13)
          at basename (C:\Users\samhe\OneDrive\Desktop\Cleaned\frontend\node_mo
dules\react-router\lib\components.tsx:225:3)

      621 |                                                         
id="widget-legend-attribute"
      622 |                                                         
value={draftWidget.legendAttribute ?? ''}
    > 623 |                                                         
onChange={(e) => setDraftWidget((prev) => prev ? { ...prev, legendAttribute: 
e.target.value || null } : prev)}
          |                                                                    
      ^
      624 |                                                         
className="border border-gray-300 rounded px-3 py-2 text-sm"
      625 |                                                     >
      626 |                                                         <option 
value="">No legend split</option>

      at printWarning 
(node_modules/react-dom/cjs/react-dom.development.js:86:30)
      at error (node_modules/react-dom/cjs/react-dom.development.js:60:7)
      at warnIfUpdatesNotWrappedWithActDEV 
(node_modules/react-dom/cjs/react-dom.development.js:27628:9)
      at scheduleUpdateOnFiber 
(node_modules/react-dom/cjs/react-dom.development.js:25547:5)
      at dispatchSetState 
(node_modules/react-dom/cjs/react-dom.development.js:16708:7)
      at onChange 
(src/reporting/DashboardConfigurePage/DashboardConfigurePage.tsx:623:74)
      at HTMLUnknownElement.callCallback 
(node_modules/react-dom/cjs/react-dom.development.js:4164:14)
      at HTMLUnknownElement.callTheUserObjectsOperation 
(node_modules/jsdom/lib/jsdom/living/generated/EventListener.js:26:30)
      at innerInvokeEventListeners 
(node_modules/jsdom/lib/jsdom/living/events/EventTarget-impl.js:350:25)
      at invokeEventListeners 
(node_modules/jsdom/lib/jsdom/living/events/EventTarget-impl.js:286:3)
      at HTMLUnknownElementImpl._dispatch 
(node_modules/jsdom/lib/jsdom/living/events/EventTarget-impl.js:233:9)
      at HTMLUnknownElementImpl.dispatchEvent 
(node_modules/jsdom/lib/jsdom/living/events/EventTarget-impl.js:104:17)
      at HTMLUnknownElement.dispatchEvent 
(node_modules/jsdom/lib/jsdom/living/generated/EventTarget.js:241:34)
      at Object.invokeGuardedCallbackDev 
(node_modules/react-dom/cjs/react-dom.development.js:4213:16)
      at invokeGuardedCallback 
(node_modules/react-dom/cjs/react-dom.development.js:4277:31)
      at invokeGuardedCallbackAndCatchFirstError 
(node_modules/react-dom/cjs/react-dom.development.js:4291:25)
      at executeDispatch 
(node_modules/react-dom/cjs/react-dom.development.js:9041:3)
      at processDispatchQueueItemsInOrder 
(node_modules/react-dom/cjs/react-dom.development.js:9073:7)
      at processDispatchQueue 
(node_modules/react-dom/cjs/react-dom.development.js:9086:5)
      at dispatchEventsForPlugins 
(node_modules/react-dom/cjs/react-dom.development.js:9097:3)
      at node_modules/react-dom/cjs/react-dom.development.js:9288:12
      at batchedUpdates$1 
(node_modules/react-dom/cjs/react-dom.development.js:26179:12)
      at batchedUpdates 
(node_modules/react-dom/cjs/react-dom.development.js:3991:12)
      at dispatchEventForPluginEventSystem 
(node_modules/react-dom/cjs/react-dom.development.js:9287:3)
      at dispatchEventWithEnableCapturePhaseSelectiveHydrationWithoutDiscreteEv
entReplay (node_modules/react-dom/cjs/react-dom.development.js:6465:5)
      at dispatchEvent 
(node_modules/react-dom/cjs/react-dom.development.js:6457:5)
      at dispatchDiscreteEvent 
(node_modules/react-dom/cjs/react-dom.development.js:6430:5)
      at HTMLDivElement.callTheUserObjectsOperation 
(node_modules/jsdom/lib/jsdom/living/generated/EventListener.js:26:30)
      at innerInvokeEventListeners 
(node_modules/jsdom/lib/jsdom/living/events/EventTarget-impl.js:350:25)
      at invokeEventListeners 
(node_modules/jsdom/lib/jsdom/living/events/EventTarget-impl.js:286:3)
      at HTMLSelectElementImpl._dispatch 
(node_modules/jsdom/lib/jsdom/living/events/EventTarget-impl.js:233:9)
      at HTMLSelectElementImpl.dispatchEvent 
(node_modules/jsdom/lib/jsdom/living/events/EventTarget-impl.js:104:17)
      at Proxy.dispatchEvent 
(node_modules/jsdom/lib/jsdom/living/generated/EventTarget.js:241:34)
      at 
node_modules/@testing-library/user-event/dist/cjs/event/dispatchEvent.js:45:43
      at Object.eventWrapper 
(node_modules/@testing-library/dom/dist/config.js:25:23)
      at Object.wrapEvent 
(node_modules/@testing-library/user-event/dist/cjs/event/wrapEvent.js:6:28)
      at Object.dispatchEvent (node_modules/@testing-library/user-event/dist/cj
s/event/dispatchEvent.js:45:22)
      at Object.dispatchUIEvent (node_modules/@testing-library/user-event/dist/
cjs/event/dispatchEvent.js:22:26)
      at selectOption (node_modules/@testing-library/user-event/dist/cjs/utilit
y/selectOptions.js:51:14)
      at Object.selectOptionsBase (node_modules/@testing-library/user-event/dis
t/cjs/utility/selectOptions.js:87:13)
      at Object.<anonymous> (src/reporting/__tests__/reports.test.tsx:1250:9)

    console.error
      Warning: An update to DashboardConfigurePage inside a test was not 
wrapped in act(...).
      
      When testing, code that causes React state updates should be wrapped 
into act(...):
      
      act(() => {
        /* fire events that update state */
      });
      /* assert on the output */
      
      This ensures that you're testing the behavior the user would see in the 
browser. Learn more at https://reactjs.org/link/wrap-tests-with-act
          at DashboardConfigurePage (C:\Users\samhe\OneDrive\Desktop\Cleaned\fr
ontend\src\reporting\DashboardConfigurePage\DashboardConfigurePage.tsx:107:29)
          at routeContext (C:\Users\samhe\OneDrive\Desktop\Cleaned\frontend\nod
e_modules\react-router\lib\hooks.tsx:658:26)
          at children (C:\Users\samhe\OneDrive\Desktop\Cleaned\frontend\node_mo
dules\react-router\lib\components.tsx:512:3)
          at basenameProp (C:\Users\samhe\OneDrive\Desktop\Cleaned\frontend\nod
e_modules\react-router\lib\components.tsx:421:13)
          at basename (C:\Users\samhe\OneDrive\Desktop\Cleaned\frontend\node_mo
dules\react-router\lib\components.tsx:225:3)

      640 |                                                         
onClick={() => {
      641 |                                                             const 
first = allMeasureFields.find((f) => !(draftWidget.measures ?? 
[]).includes(f.compositeKey))
    > 642 |                                                             if 
(first) setDraftWidget((prev) => prev ? { ...prev, measures: 
[...(prev.measures ?? []), first.compositeKey] } : prev)
          |                                                                    
    ^
      643 |                                                         }}
      644 |                                                         
className="text-sm text-brand-600 hover:underline"
      645 |                                                     >+ Add 
Measure</button>

      at printWarning 
(node_modules/react-dom/cjs/react-dom.development.js:86:30)
      at error (node_modules/react-dom/cjs/react-dom.development.js:60:7)
      at warnIfUpdatesNotWrappedWithActDEV 
(node_modules/react-dom/cjs/react-dom.development.js:27628:9)
      at scheduleUpdateOnFiber 
(node_modules/react-dom/cjs/react-dom.development.js:25547:5)
      at dispatchSetState 
(node_modules/react-dom/cjs/react-dom.development.js:16708:7)
      at onClick 
(src/reporting/DashboardConfigurePage/DashboardConfigurePage.tsx:642:72)
      at HTMLUnknownElement.callCallback 
(node_modules/react-dom/cjs/react-dom.development.js:4164:14)
      at HTMLUnknownElement.callTheUserObjectsOperation 
(node_modules/jsdom/lib/jsdom/living/generated/EventListener.js:26:30)
      at innerInvokeEventListeners 
(node_modules/jsdom/lib/jsdom/living/events/EventTarget-impl.js:350:25)
      at invokeEventListeners 
(node_modules/jsdom/lib/jsdom/living/events/EventTarget-impl.js:286:3)
      at HTMLUnknownElementImpl._dispatch 
(node_modules/jsdom/lib/jsdom/living/events/EventTarget-impl.js:233:9)
      at HTMLUnknownElementImpl.dispatchEvent 
(node_modules/jsdom/lib/jsdom/living/events/EventTarget-impl.js:104:17)
      at HTMLUnknownElement.dispatchEvent 
(node_modules/jsdom/lib/jsdom/living/generated/EventTarget.js:241:34)
      at Object.invokeGuardedCallbackDev 
(node_modules/react-dom/cjs/react-dom.development.js:4213:16)
      at invokeGuardedCallback 
(node_modules/react-dom/cjs/react-dom.development.js:4277:31)
      at invokeGuardedCallbackAndCatchFirstError 
(node_modules/react-dom/cjs/react-dom.development.js:4291:25)
      at executeDispatch 
(node_modules/react-dom/cjs/react-dom.development.js:9041:3)
      at processDispatchQueueItemsInOrder 
(node_modules/react-dom/cjs/react-dom.development.js:9073:7)
      at processDispatchQueue 
(node_modules/react-dom/cjs/react-dom.development.js:9086:5)
      at dispatchEventsForPlugins 
(node_modules/react-dom/cjs/react-dom.development.js:9097:3)
      at node_modules/react-dom/cjs/react-dom.development.js:9288:12
      at batchedUpdates$1 
(node_modules/react-dom/cjs/react-dom.development.js:26179:12)
      at batchedUpdates 
(node_modules/react-dom/cjs/react-dom.development.js:3991:12)
      at dispatchEventForPluginEventSystem 
(node_modules/react-dom/cjs/react-dom.development.js:9287:3)
      at dispatchEventWithEnableCapturePhaseSelectiveHydrationWithoutDiscreteEv
entReplay (node_modules/react-dom/cjs/react-dom.development.js:6465:5)
      at dispatchEvent 
(node_modules/react-dom/cjs/react-dom.development.js:6457:5)
      at dispatchDiscreteEvent 
(node_modules/react-dom/cjs/react-dom.development.js:6430:5)
      at HTMLDivElement.callTheUserObjectsOperation 
(node_modules/jsdom/lib/jsdom/living/generated/EventListener.js:26:30)
      at innerInvokeEventListeners 
(node_modules/jsdom/lib/jsdom/living/events/EventTarget-impl.js:350:25)
      at invokeEventListeners 
(node_modules/jsdom/lib/jsdom/living/events/EventTarget-impl.js:286:3)
      at HTMLButtonElementImpl._dispatch 
(node_modules/jsdom/lib/jsdom/living/events/EventTarget-impl.js:233:9)
      at HTMLButtonElementImpl.dispatchEvent 
(node_modules/jsdom/lib/jsdom/living/events/EventTarget-impl.js:104:17)
      at HTMLButtonElement.dispatchEvent 
(node_modules/jsdom/lib/jsdom/living/generated/EventTarget.js:241:34)
      at 
node_modules/@testing-library/user-event/dist/cjs/event/dispatchEvent.js:45:43
      at Object.eventWrapper 
(node_modules/@testing-library/dom/dist/config.js:25:23)
      at Object.wrapEvent 
(node_modules/@testing-library/user-event/dist/cjs/event/wrapEvent.js:6:28)
      at Object.dispatchEvent (node_modules/@testing-library/user-event/dist/cj
s/event/dispatchEvent.js:45:22)
      at Object.dispatchUIEvent (node_modules/@testing-library/user-event/dist/
cjs/event/dispatchEvent.js:22:26)
      at Mouse.up (node_modules/@testing-library/user-event/dist/cjs/system/poi
nter/mouse.js:100:30)
      at PointerHost.release (node_modules/@testing-library/user-event/dist/cjs
/system/pointer/index.js:87:24)
      at pointerAction 
(node_modules/@testing-library/user-event/dist/cjs/pointer/index.js:54:47)
      at Object.pointer 
(node_modules/@testing-library/user-event/dist/cjs/pointer/index.js:27:9)
      at Object.<anonymous> (src/reporting/__tests__/reports.test.tsx:1251:9)

    console.error
      Warning: An update to DashboardConfigurePage inside a test was not 
wrapped in act(...).
      
      When testing, code that causes React state updates should be wrapped 
into act(...):
      
      act(() => {
        /* fire events that update state */
      });
      /* assert on the output */
      
      This ensures that you're testing the behavior the user would see in the 
browser. Learn more at https://reactjs.org/link/wrap-tests-with-act
          at DashboardConfigurePage (C:\Users\samhe\OneDrive\Desktop\Cleaned\fr
ontend\src\reporting\DashboardConfigurePage\DashboardConfigurePage.tsx:107:29)
          at routeContext (C:\Users\samhe\OneDrive\Desktop\Cleaned\frontend\nod
e_modules\react-router\lib\hooks.tsx:658:26)
          at children (C:\Users\samhe\OneDrive\Desktop\Cleaned\frontend\node_mo
dules\react-router\lib\components.tsx:512:3)
          at basenameProp (C:\Users\samhe\OneDrive\Desktop\Cleaned\frontend\nod
e_modules\react-router\lib\components.tsx:421:13)
          at basename (C:\Users\samhe\OneDrive\Desktop\Cleaned\frontend\node_mo
dules\react-router\lib\components.tsx:225:3)

      654 |                                                             
value={key}
      655 |                                                             
aria-label={`Measure ${idx + 1}`}
    > 656 |                                                             
onChange={(e) => setDraftWidget((prev) => {
          |                                                                    
          ^
      657 |                                                                 if 
(!prev) return prev
      658 |                                                                 
const updated = [...(prev.measures ?? [])]
      659 |                                                                 
updated[idx] = e.target.value

      at printWarning 
(node_modules/react-dom/cjs/react-dom.development.js:86:30)
      at error (node_modules/react-dom/cjs/react-dom.development.js:60:7)
      at warnIfUpdatesNotWrappedWithActDEV 
(node_modules/react-dom/cjs/react-dom.development.js:27628:9)
      at scheduleUpdateOnFiber 
(node_modules/react-dom/cjs/react-dom.development.js:25547:5)
      at dispatchSetState 
(node_modules/react-dom/cjs/react-dom.development.js:16708:7)
      at onChange 
(src/reporting/DashboardConfigurePage/DashboardConfigurePage.tsx:656:78)
      at HTMLUnknownElement.callCallback 
(node_modules/react-dom/cjs/react-dom.development.js:4164:14)
      at HTMLUnknownElement.callTheUserObjectsOperation 
(node_modules/jsdom/lib/jsdom/living/generated/EventListener.js:26:30)
      at innerInvokeEventListeners 
(node_modules/jsdom/lib/jsdom/living/events/EventTarget-impl.js:350:25)
      at invokeEventListeners 
(node_modules/jsdom/lib/jsdom/living/events/EventTarget-impl.js:286:3)
      at HTMLUnknownElementImpl._dispatch 
(node_modules/jsdom/lib/jsdom/living/events/EventTarget-impl.js:233:9)
      at HTMLUnknownElementImpl.dispatchEvent 
(node_modules/jsdom/lib/jsdom/living/events/EventTarget-impl.js:104:17)
      at HTMLUnknownElement.dispatchEvent 
(node_modules/jsdom/lib/jsdom/living/generated/EventTarget.js:241:34)
      at Object.invokeGuardedCallbackDev 
(node_modules/react-dom/cjs/react-dom.development.js:4213:16)
      at invokeGuardedCallback 
(node_modules/react-dom/cjs/react-dom.development.js:4277:31)
      at invokeGuardedCallbackAndCatchFirstError 
(node_modules/react-dom/cjs/react-dom.development.js:4291:25)
      at executeDispatch 
(node_modules/react-dom/cjs/react-dom.development.js:9041:3)
      at processDispatchQueueItemsInOrder 
(node_modules/react-dom/cjs/react-dom.development.js:9073:7)
      at processDispatchQueue 
(node_modules/react-dom/cjs/react-dom.development.js:9086:5)
      at dispatchEventsForPlugins 
(node_modules/react-dom/cjs/react-dom.development.js:9097:3)
      at node_modules/react-dom/cjs/react-dom.development.js:9288:12
      at batchedUpdates$1 
(node_modules/react-dom/cjs/react-dom.development.js:26179:12)
      at batchedUpdates 
(node_modules/react-dom/cjs/react-dom.development.js:3991:12)
      at dispatchEventForPluginEventSystem 
(node_modules/react-dom/cjs/react-dom.development.js:9287:3)
      at dispatchEventWithEnableCapturePhaseSelectiveHydrationWithoutDiscreteEv
entReplay (node_modules/react-dom/cjs/react-dom.development.js:6465:5)
      at dispatchEvent 
(node_modules/react-dom/cjs/react-dom.development.js:6457:5)
      at dispatchDiscreteEvent 
(node_modules/react-dom/cjs/react-dom.development.js:6430:5)
      at HTMLDivElement.callTheUserObjectsOperation 
(node_modules/jsdom/lib/jsdom/living/generated/EventListener.js:26:30)
      at innerInvokeEventListeners 
(node_modules/jsdom/lib/jsdom/living/events/EventTarget-impl.js:350:25)
      at invokeEventListeners 
(node_modules/jsdom/lib/jsdom/living/events/EventTarget-impl.js:286:3)
      at HTMLSelectElementImpl._dispatch 
(node_modules/jsdom/lib/jsdom/living/events/EventTarget-impl.js:233:9)
      at HTMLSelectElementImpl.dispatchEvent 
(node_modules/jsdom/lib/jsdom/living/events/EventTarget-impl.js:104:17)
      at Proxy.dispatchEvent 
(node_modules/jsdom/lib/jsdom/living/generated/EventTarget.js:241:34)
      at 
node_modules/@testing-library/user-event/dist/cjs/event/dispatchEvent.js:45:43
      at Object.eventWrapper 
(node_modules/@testing-library/dom/dist/config.js:25:23)
      at Object.wrapEvent 
(node_modules/@testing-library/user-event/dist/cjs/event/wrapEvent.js:6:28)
      at Object.dispatchEvent (node_modules/@testing-library/user-event/dist/cj
s/event/dispatchEvent.js:45:22)
      at Object.dispatchUIEvent (node_modules/@testing-library/user-event/dist/
cjs/event/dispatchEvent.js:22:26)
      at selectOption (node_modules/@testing-library/user-event/dist/cjs/utilit
y/selectOptions.js:51:14)
      at Object.selectOptionsBase (node_modules/@testing-library/user-event/dis
t/cjs/utility/selectOptions.js:87:13)
      at Object.<anonymous> (src/reporting/__tests__/reports.test.tsx:1252:9)

    console.error
      Warning: An update to DashboardConfigurePage inside a test was not 
wrapped in act(...).
      
      When testing, code that causes React state updates should be wrapped 
into act(...):
      
      act(() => {
        /* fire events that update state */
      });
      /* assert on the output */
      
      This ensures that you're testing the behavior the user would see in the 
browser. Learn more at https://reactjs.org/link/wrap-tests-with-act
          at DashboardConfigurePage (C:\Users\samhe\OneDrive\Desktop\Cleaned\fr
ontend\src\reporting\DashboardConfigurePage\DashboardConfigurePage.tsx:107:29)
          at routeContext (C:\Users\samhe\OneDrive\Desktop\Cleaned\frontend\nod
e_modules\react-router\lib\hooks.tsx:658:26)
          at children (C:\Users\samhe\OneDrive\Desktop\Cleaned\frontend\node_mo
dules\react-router\lib\components.tsx:512:3)
          at basenameProp (C:\Users\samhe\OneDrive\Desktop\Cleaned\frontend\nod
e_modules\react-router\lib\components.tsx:421:13)
          at basename (C:\Users\samhe\OneDrive\Desktop\Cleaned\frontend\node_mo
dules\react-router\lib\components.tsx:225:3)

      244 |             return
      245 |         }
    > 246 |         setPages((prev) => prev.map((page) => {
          |         ^
      247 |             if (page.id !== currentPage.id) return page
      248 |             const widgets = (page.widgets ?? []).map((widget) => 
normalizeWidget(widget))
      249 |                 .filter((widget) => !(widget.slotId === 
draftWidget.slotId && (widget.sectionId ?? null) === (draftWidget.sectionId ?? 
null)))

      at printWarning 
(node_modules/react-dom/cjs/react-dom.development.js:86:30)
      at error (node_modules/react-dom/cjs/react-dom.development.js:60:7)
      at warnIfUpdatesNotWrappedWithActDEV 
(node_modules/react-dom/cjs/react-dom.development.js:27628:9)
      at scheduleUpdateOnFiber 
(node_modules/react-dom/cjs/react-dom.development.js:25547:5)
      at dispatchSetState 
(node_modules/react-dom/cjs/react-dom.development.js:16708:7)
      at saveWidgetLocally 
(src/reporting/DashboardConfigurePage/DashboardConfigurePage.tsx:246:9)
      at HTMLUnknownElement.callCallback 
(node_modules/react-dom/cjs/react-dom.development.js:4164:14)
      at HTMLUnknownElement.callTheUserObjectsOperation 
(node_modules/jsdom/lib/jsdom/living/generated/EventListener.js:26:30)
      at innerInvokeEventListeners 
(node_modules/jsdom/lib/jsdom/living/events/EventTarget-impl.js:350:25)
      at invokeEventListeners 
(node_modules/jsdom/lib/jsdom/living/events/EventTarget-impl.js:286:3)
      at HTMLUnknownElementImpl._dispatch 
(node_modules/jsdom/lib/jsdom/living/events/EventTarget-impl.js:233:9)
      at HTMLUnknownElementImpl.dispatchEvent 
(node_modules/jsdom/lib/jsdom/living/events/EventTarget-impl.js:104:17)
      at HTMLUnknownElement.dispatchEvent 
(node_modules/jsdom/lib/jsdom/living/generated/EventTarget.js:241:34)
      at Object.invokeGuardedCallbackDev 
(node_modules/react-dom/cjs/react-dom.development.js:4213:16)
      at invokeGuardedCallback 
(node_modules/react-dom/cjs/react-dom.development.js:4277:31)
      at invokeGuardedCallbackAndCatchFirstError 
(node_modules/react-dom/cjs/react-dom.development.js:4291:25)
      at executeDispatch 
(node_modules/react-dom/cjs/react-dom.development.js:9041:3)
      at processDispatchQueueItemsInOrder 
(node_modules/react-dom/cjs/react-dom.development.js:9073:7)
      at processDispatchQueue 
(node_modules/react-dom/cjs/react-dom.development.js:9086:5)
      at dispatchEventsForPlugins 
(node_modules/react-dom/cjs/react-dom.development.js:9097:3)
      at node_modules/react-dom/cjs/react-dom.development.js:9288:12
      at batchedUpdates$1 
(node_modules/react-dom/cjs/react-dom.development.js:26179:12)
      at batchedUpdates 
(node_modules/react-dom/cjs/react-dom.development.js:3991:12)
      at dispatchEventForPluginEventSystem 
(node_modules/react-dom/cjs/react-dom.development.js:9287:3)
      at dispatchEventWithEnableCapturePhaseSelectiveHydrationWithoutDiscreteEv
entReplay (node_modules/react-dom/cjs/react-dom.development.js:6465:5)
      at dispatchEvent 
(node_modules/react-dom/cjs/react-dom.development.js:6457:5)
      at dispatchDiscreteEvent 
(node_modules/react-dom/cjs/react-dom.development.js:6430:5)
      at HTMLDivElement.callTheUserObjectsOperation 
(node_modules/jsdom/lib/jsdom/living/generated/EventListener.js:26:30)
      at innerInvokeEventListeners 
(node_modules/jsdom/lib/jsdom/living/events/EventTarget-impl.js:350:25)
      at invokeEventListeners 
(node_modules/jsdom/lib/jsdom/living/events/EventTarget-impl.js:286:3)
      at HTMLButtonElementImpl._dispatch 
(node_modules/jsdom/lib/jsdom/living/events/EventTarget-impl.js:233:9)
      at HTMLButtonElementImpl.dispatchEvent 
(node_modules/jsdom/lib/jsdom/living/events/EventTarget-impl.js:104:17)
      at HTMLButtonElement.dispatchEvent 
(node_modules/jsdom/lib/jsdom/living/generated/EventTarget.js:241:34)
      at 
node_modules/@testing-library/user-event/dist/cjs/event/dispatchEvent.js:45:43
      at Object.eventWrapper 
(node_modules/@testing-library/dom/dist/config.js:25:23)
      at Object.wrapEvent 
(node_modules/@testing-library/user-event/dist/cjs/event/wrapEvent.js:6:28)
      at Object.dispatchEvent (node_modules/@testing-library/user-event/dist/cj
s/event/dispatchEvent.js:45:22)
      at Object.dispatchUIEvent (node_modules/@testing-library/user-event/dist/
cjs/event/dispatchEvent.js:22:26)
      at Mouse.up (node_modules/@testing-library/user-event/dist/cjs/system/poi
nter/mouse.js:100:30)
      at PointerHost.release (node_modules/@testing-library/user-event/dist/cjs
/system/pointer/index.js:87:24)
      at pointerAction 
(node_modules/@testing-library/user-event/dist/cjs/pointer/index.js:54:47)
      at Object.pointer 
(node_modules/@testing-library/user-event/dist/cjs/pointer/index.js:27:9)
      at Object.<anonymous> (src/reporting/__tests__/reports.test.tsx:1253:9)

    console.error
      Warning: An update to DashboardConfigurePage inside a test was not 
wrapped in act(...).
      
      When testing, code that causes React state updates should be wrapped 
into act(...):
      
      act(() => {
        /* fire events that update state */
      });
      /* assert on the output */
      
      This ensures that you're testing the behavior the user would see in the 
browser. Learn more at https://reactjs.org/link/wrap-tests-with-act
          at DashboardConfigurePage (C:\Users\samhe\OneDrive\Desktop\Cleaned\fr
ontend\src\reporting\DashboardConfigurePage\DashboardConfigurePage.tsx:107:29)
          at routeContext (C:\Users\samhe\OneDrive\Desktop\Cleaned\frontend\nod
e_modules\react-router\lib\hooks.tsx:658:26)
          at children (C:\Users\samhe\OneDrive\Desktop\Cleaned\frontend\node_mo
dules\react-router\lib\components.tsx:512:3)
          at basenameProp (C:\Users\samhe\OneDrive\Desktop\Cleaned\frontend\nod
e_modules\react-router\lib\components.tsx:421:13)
          at basename (C:\Users\samhe\OneDrive\Desktop\Cleaned\frontend\node_mo
dules\react-router\lib\components.tsx:225:3)

      262 |             }
      263 |         }))
    > 264 |         setEditor(null)
          |         ^
      265 |         setDraftWidget(null)
      266 |     }
      267 |

      at printWarning 
(node_modules/react-dom/cjs/react-dom.development.js:86:30)
      at error (node_modules/react-dom/cjs/react-dom.development.js:60:7)
      at warnIfUpdatesNotWrappedWithActDEV 
(node_modules/react-dom/cjs/react-dom.development.js:27628:9)
      at scheduleUpdateOnFiber 
(node_modules/react-dom/cjs/react-dom.development.js:25547:5)
      at dispatchSetState 
(node_modules/react-dom/cjs/react-dom.development.js:16708:7)
      at saveWidgetLocally 
(src/reporting/DashboardConfigurePage/DashboardConfigurePage.tsx:264:9)
      at HTMLUnknownElement.callCallback 
(node_modules/react-dom/cjs/react-dom.development.js:4164:14)
      at HTMLUnknownElement.callTheUserObjectsOperation 
(node_modules/jsdom/lib/jsdom/living/generated/EventListener.js:26:30)
      at innerInvokeEventListeners 
(node_modules/jsdom/lib/jsdom/living/events/EventTarget-impl.js:350:25)
      at invokeEventListeners 
(node_modules/jsdom/lib/jsdom/living/events/EventTarget-impl.js:286:3)
      at HTMLUnknownElementImpl._dispatch 
(node_modules/jsdom/lib/jsdom/living/events/EventTarget-impl.js:233:9)
      at HTMLUnknownElementImpl.dispatchEvent 
(node_modules/jsdom/lib/jsdom/living/events/EventTarget-impl.js:104:17)
      at HTMLUnknownElement.dispatchEvent 
(node_modules/jsdom/lib/jsdom/living/generated/EventTarget.js:241:34)
      at Object.invokeGuardedCallbackDev 
(node_modules/react-dom/cjs/react-dom.development.js:4213:16)
      at invokeGuardedCallback 
(node_modules/react-dom/cjs/react-dom.development.js:4277:31)
      at invokeGuardedCallbackAndCatchFirstError 
(node_modules/react-dom/cjs/react-dom.development.js:4291:25)
      at executeDispatch 
(node_modules/react-dom/cjs/react-dom.development.js:9041:3)
      at processDispatchQueueItemsInOrder 
(node_modules/react-dom/cjs/react-dom.development.js:9073:7)
      at processDispatchQueue 
(node_modules/react-dom/cjs/react-dom.development.js:9086:5)
      at dispatchEventsForPlugins 
(node_modules/react-dom/cjs/react-dom.development.js:9097:3)
      at node_modules/react-dom/cjs/react-dom.development.js:9288:12
      at batchedUpdates$1 
(node_modules/react-dom/cjs/react-dom.development.js:26179:12)
      at batchedUpdates 
(node_modules/react-dom/cjs/react-dom.development.js:3991:12)
      at dispatchEventForPluginEventSystem 
(node_modules/react-dom/cjs/react-dom.development.js:9287:3)
      at dispatchEventWithEnableCapturePhaseSelectiveHydrationWithoutDiscreteEv
entReplay (node_modules/react-dom/cjs/react-dom.development.js:6465:5)
      at dispatchEvent 
(node_modules/react-dom/cjs/react-dom.development.js:6457:5)
      at dispatchDiscreteEvent 
(node_modules/react-dom/cjs/react-dom.development.js:6430:5)
      at HTMLDivElement.callTheUserObjectsOperation 
(node_modules/jsdom/lib/jsdom/living/generated/EventListener.js:26:30)
      at innerInvokeEventListeners 
(node_modules/jsdom/lib/jsdom/living/events/EventTarget-impl.js:350:25)
      at invokeEventListeners 
(node_modules/jsdom/lib/jsdom/living/events/EventTarget-impl.js:286:3)
      at HTMLButtonElementImpl._dispatch 
(node_modules/jsdom/lib/jsdom/living/events/EventTarget-impl.js:233:9)
      at HTMLButtonElementImpl.dispatchEvent 
(node_modules/jsdom/lib/jsdom/living/events/EventTarget-impl.js:104:17)
      at HTMLButtonElement.dispatchEvent 
(node_modules/jsdom/lib/jsdom/living/generated/EventTarget.js:241:34)
      at 
node_modules/@testing-library/user-event/dist/cjs/event/dispatchEvent.js:45:43
      at Object.eventWrapper 
(node_modules/@testing-library/dom/dist/config.js:25:23)
      at Object.wrapEvent 
(node_modules/@testing-library/user-event/dist/cjs/event/wrapEvent.js:6:28)
      at Object.dispatchEvent (node_modules/@testing-library/user-event/dist/cj
s/event/dispatchEvent.js:45:22)
      at Object.dispatchUIEvent (node_modules/@testing-library/user-event/dist/
cjs/event/dispatchEvent.js:22:26)
      at Mouse.up (node_modules/@testing-library/user-event/dist/cjs/system/poi
nter/mouse.js:100:30)
      at PointerHost.release (node_modules/@testing-library/user-event/dist/cjs
/system/pointer/index.js:87:24)
      at pointerAction 
(node_modules/@testing-library/user-event/dist/cjs/pointer/index.js:54:47)
      at Object.pointer 
(node_modules/@testing-library/user-event/dist/cjs/pointer/index.js:27:9)
      at Object.<anonymous> (src/reporting/__tests__/reports.test.tsx:1253:9)

    console.error
      Warning: An update to DashboardConfigurePage inside a test was not 
wrapped in act(...).
      
      When testing, code that causes React state updates should be wrapped 
into act(...):
      
      act(() => {
        /* fire events that update state */
      });
      /* assert on the output */
      
      This ensures that you're testing the behavior the user would see in the 
browser. Learn more at https://reactjs.org/link/wrap-tests-with-act
          at DashboardConfigurePage (C:\Users\samhe\OneDrive\Desktop\Cleaned\fr
ontend\src\reporting\DashboardConfigurePage\DashboardConfigurePage.tsx:107:29)
          at routeContext (C:\Users\samhe\OneDrive\Desktop\Cleaned\frontend\nod
e_modules\react-router\lib\hooks.tsx:658:26)
          at children (C:\Users\samhe\OneDrive\Desktop\Cleaned\frontend\node_mo
dules\react-router\lib\components.tsx:512:3)
          at basenameProp (C:\Users\samhe\OneDrive\Desktop\Cleaned\frontend\nod
e_modules\react-router\lib\components.tsx:421:13)
          at basename (C:\Users\samhe\OneDrive\Desktop\Cleaned\frontend\node_mo
dules\react-router\lib\components.tsx:225:3)

      263 |         }))
      264 |         setEditor(null)
    > 265 |         setDraftWidget(null)
          |         ^
      266 |     }
      267 |
      268 |     function removeWidget(slotId: number, sectionId?: number | 
null) {

      at printWarning 
(node_modules/react-dom/cjs/react-dom.development.js:86:30)
      at error (node_modules/react-dom/cjs/react-dom.development.js:60:7)
      at warnIfUpdatesNotWrappedWithActDEV 
(node_modules/react-dom/cjs/react-dom.development.js:27628:9)
      at scheduleUpdateOnFiber 
(node_modules/react-dom/cjs/react-dom.development.js:25547:5)
      at dispatchSetState 
(node_modules/react-dom/cjs/react-dom.development.js:16708:7)
      at saveWidgetLocally 
(src/reporting/DashboardConfigurePage/DashboardConfigurePage.tsx:265:9)
      at HTMLUnknownElement.callCallback 
(node_modules/react-dom/cjs/react-dom.development.js:4164:14)
      at HTMLUnknownElement.callTheUserObjectsOperation 
(node_modules/jsdom/lib/jsdom/living/generated/EventListener.js:26:30)
      at innerInvokeEventListeners 
(node_modules/jsdom/lib/jsdom/living/events/EventTarget-impl.js:350:25)
      at invokeEventListeners 
(node_modules/jsdom/lib/jsdom/living/events/EventTarget-impl.js:286:3)
      at HTMLUnknownElementImpl._dispatch 
(node_modules/jsdom/lib/jsdom/living/events/EventTarget-impl.js:233:9)
      at HTMLUnknownElementImpl.dispatchEvent 
(node_modules/jsdom/lib/jsdom/living/events/EventTarget-impl.js:104:17)
      at HTMLUnknownElement.dispatchEvent 
(node_modules/jsdom/lib/jsdom/living/generated/EventTarget.js:241:34)
      at Object.invokeGuardedCallbackDev 
(node_modules/react-dom/cjs/react-dom.development.js:4213:16)
      at invokeGuardedCallback 
(node_modules/react-dom/cjs/react-dom.development.js:4277:31)
      at invokeGuardedCallbackAndCatchFirstError 
(node_modules/react-dom/cjs/react-dom.development.js:4291:25)
      at executeDispatch 
(node_modules/react-dom/cjs/react-dom.development.js:9041:3)
      at processDispatchQueueItemsInOrder 
(node_modules/react-dom/cjs/react-dom.development.js:9073:7)
      at processDispatchQueue 
(node_modules/react-dom/cjs/react-dom.development.js:9086:5)
      at dispatchEventsForPlugins 
(node_modules/react-dom/cjs/react-dom.development.js:9097:3)
      at node_modules/react-dom/cjs/react-dom.development.js:9288:12
      at batchedUpdates$1 
(node_modules/react-dom/cjs/react-dom.development.js:26179:12)
      at batchedUpdates 
(node_modules/react-dom/cjs/react-dom.development.js:3991:12)
      at dispatchEventForPluginEventSystem 
(node_modules/react-dom/cjs/react-dom.development.js:9287:3)
      at dispatchEventWithEnableCapturePhaseSelectiveHydrationWithoutDiscreteEv
entReplay (node_modules/react-dom/cjs/react-dom.development.js:6465:5)
      at dispatchEvent 
(node_modules/react-dom/cjs/react-dom.development.js:6457:5)
      at dispatchDiscreteEvent 
(node_modules/react-dom/cjs/react-dom.development.js:6430:5)
      at HTMLDivElement.callTheUserObjectsOperation 
(node_modules/jsdom/lib/jsdom/living/generated/EventListener.js:26:30)
      at innerInvokeEventListeners 
(node_modules/jsdom/lib/jsdom/living/events/EventTarget-impl.js:350:25)
      at invokeEventListeners 
(node_modules/jsdom/lib/jsdom/living/events/EventTarget-impl.js:286:3)
      at HTMLButtonElementImpl._dispatch 
(node_modules/jsdom/lib/jsdom/living/events/EventTarget-impl.js:233:9)
      at HTMLButtonElementImpl.dispatchEvent 
(node_modules/jsdom/lib/jsdom/living/events/EventTarget-impl.js:104:17)
      at HTMLButtonElement.dispatchEvent 
(node_modules/jsdom/lib/jsdom/living/generated/EventTarget.js:241:34)
      at 
node_modules/@testing-library/user-event/dist/cjs/event/dispatchEvent.js:45:43
      at Object.eventWrapper 
(node_modules/@testing-library/dom/dist/config.js:25:23)
      at Object.wrapEvent 
(node_modules/@testing-library/user-event/dist/cjs/event/wrapEvent.js:6:28)
      at Object.dispatchEvent (node_modules/@testing-library/user-event/dist/cj
s/event/dispatchEvent.js:45:22)
      at Object.dispatchUIEvent (node_modules/@testing-library/user-event/dist/
cjs/event/dispatchEvent.js:22:26)
      at Mouse.up (node_modules/@testing-library/user-event/dist/cjs/system/poi
nter/mouse.js:100:30)
      at PointerHost.release (node_modules/@testing-library/user-event/dist/cjs
/system/pointer/index.js:87:24)
      at pointerAction 
(node_modules/@testing-library/user-event/dist/cjs/pointer/index.js:54:47)
      at Object.pointer 
(node_modules/@testing-library/user-event/dist/cjs/pointer/index.js:27:9)
      at Object.<anonymous> (src/reporting/__tests__/reports.test.tsx:1253:9)

    console.error
      Warning: An update to DashboardLiveWidget inside a test was not wrapped 
in act(...).
      
      When testing, code that causes React state updates should be wrapped 
into act(...):
      
      act(() => {
        /* fire events that update state */
      });
      /* assert on the output */
      
      This ensures that you're testing the behavior the user would see in the 
browser. Learn more at https://reactjs.org/link/wrap-tests-with-act
          at DashboardLiveWidget (C:\Users\samhe\OneDrive\Desktop\Cleaned\front
end\src\reporting\dashboardWidgets.tsx:534:5)
          at div
          at div
          at div
          at div
          at div
          at div
          at div
          at DashboardConfigurePage (C:\Users\samhe\OneDrive\Desktop\Cleaned\fr
ontend\src\reporting\DashboardConfigurePage\DashboardConfigurePage.tsx:107:29)
          at routeContext (C:\Users\samhe\OneDrive\Desktop\Cleaned\frontend\nod
e_modules\react-router\lib\hooks.tsx:658:26)
          at children (C:\Users\samhe\OneDrive\Desktop\Cleaned\frontend\node_mo
dules\react-router\lib\components.tsx:512:3)
          at basenameProp (C:\Users\samhe\OneDrive\Desktop\Cleaned\frontend\nod
e_modules\react-router\lib\components.tsx:421:13)
          at basename (C:\Users\samhe\OneDrive\Desktop\Cleaned\frontend\node_mo
dules\react-router\lib\components.tsx:225:3)

      570 |             .then((result) => {
      571 |                 if (cancelled) return
    > 572 |                 setData(result)
          |                 ^
      573 |             })
      574 |             .catch((err) => {
      575 |                 if (cancelled) return

      at printWarning 
(node_modules/react-dom/cjs/react-dom.development.js:86:30)
      at error (node_modules/react-dom/cjs/react-dom.development.js:60:7)
      at warnIfUpdatesNotWrappedWithActDEV 
(node_modules/react-dom/cjs/react-dom.development.js:27628:9)
      at scheduleUpdateOnFiber 
(node_modules/react-dom/cjs/react-dom.development.js:25547:5)
      at dispatchSetState 
(node_modules/react-dom/cjs/react-dom.development.js:16708:7)
      at src/reporting/dashboardWidgets.tsx:572:17

    console.error
      Warning: An update to DashboardLiveWidget inside a test was not wrapped 
in act(...).
      
      When testing, code that causes React state updates should be wrapped 
into act(...):
      
      act(() => {
        /* fire events that update state */
      });
      /* assert on the output */
      
      This ensures that you're testing the behavior the user would see in the 
browser. Learn more at https://reactjs.org/link/wrap-tests-with-act
          at DashboardLiveWidget (C:\Users\samhe\OneDrive\Desktop\Cleaned\front
end\src\reporting\dashboardWidgets.tsx:534:5)
          at div
          at div
          at div
          at div
          at div
          at div
          at div
          at DashboardConfigurePage (C:\Users\samhe\OneDrive\Desktop\Cleaned\fr
ontend\src\reporting\DashboardConfigurePage\DashboardConfigurePage.tsx:107:29)
          at routeContext (C:\Users\samhe\OneDrive\Desktop\Cleaned\frontend\nod
e_modules\react-router\lib\hooks.tsx:658:26)
          at children (C:\Users\samhe\OneDrive\Desktop\Cleaned\frontend\node_mo
dules\react-router\lib\components.tsx:512:3)
          at basenameProp (C:\Users\samhe\OneDrive\Desktop\Cleaned\frontend\nod
e_modules\react-router\lib\components.tsx:421:13)
          at basename (C:\Users\samhe\OneDrive\Desktop\Cleaned\frontend\node_mo
dules\react-router\lib\components.tsx:225:3)

      579 |             .finally(() => {
      580 |                 if (cancelled) return
    > 581 |                 setLoading(false)
          |                 ^
      582 |             })
      583 |         return () => { cancelled = true }
      584 |     }, [normalizedWidget, filters])

      at printWarning 
(node_modules/react-dom/cjs/react-dom.development.js:86:30)
      at error (node_modules/react-dom/cjs/react-dom.development.js:60:7)
      at warnIfUpdatesNotWrappedWithActDEV 
(node_modules/react-dom/cjs/react-dom.development.js:27628:9)
      at scheduleUpdateOnFiber 
(node_modules/react-dom/cjs/react-dom.development.js:25547:5)
      at dispatchSetState 
(node_modules/react-dom/cjs/react-dom.development.js:16708:7)
      at src/reporting/dashboardWidgets.tsx:581:17

    console.error
      Warning: An update to DashboardConfigurePage inside a test was not 
wrapped in act(...).
      
      When testing, code that causes React state updates should be wrapped 
into act(...):
      
      act(() => {
        /* fire events that update state */
      });
      /* assert on the output */
      
      This ensures that you're testing the behavior the user would see in the 
browser. Learn more at https://reactjs.org/link/wrap-tests-with-act
          at DashboardConfigurePage (C:\Users\samhe\OneDrive\Desktop\Cleaned\fr
ontend\src\reporting\DashboardConfigurePage\DashboardConfigurePage.tsx:107:29)
          at routeContext (C:\Users\samhe\OneDrive\Desktop\Cleaned\frontend\nod
e_modules\react-router\lib\hooks.tsx:658:26)
          at children (C:\Users\samhe\OneDrive\Desktop\Cleaned\frontend\node_mo
dules\react-router\lib\components.tsx:512:3)
          at basenameProp (C:\Users\samhe\OneDrive\Desktop\Cleaned\frontend\nod
e_modules\react-router\lib\components.tsx:421:13)
          at basename (C:\Users\samhe\OneDrive\Desktop\Cleaned\frontend\node_mo
dules\react-router\lib\components.tsx:225:3)

      226 |     function openEditor(slotId: number, sectionId?: number | null) 
{
      227 |         const existing = getWidgetsForSlot(slotId, sectionId)[0]
    > 228 |         setEditor({ slotId, sectionId, widget: existing })
          |         ^
      229 |         setDraftWidget(existing ? normalizeWidget(existing) : 
blankWidget(slotId, sectionId))
      230 |     }
      231 |

      at printWarning 
(node_modules/react-dom/cjs/react-dom.development.js:86:30)
      at error (node_modules/react-dom/cjs/react-dom.development.js:60:7)
      at warnIfUpdatesNotWrappedWithActDEV 
(node_modules/react-dom/cjs/react-dom.development.js:27628:9)
      at scheduleUpdateOnFiber 
(node_modules/react-dom/cjs/react-dom.development.js:25547:5)
      at dispatchSetState 
(node_modules/react-dom/cjs/react-dom.development.js:16708:7)
      at openEditor 
(src/reporting/DashboardConfigurePage/DashboardConfigurePage.tsx:228:9)
      at onClick 
(src/reporting/DashboardConfigurePage/DashboardConfigurePage.tsx:356:56)
      at HTMLUnknownElement.callCallback 
(node_modules/react-dom/cjs/react-dom.development.js:4164:14)
      at HTMLUnknownElement.callTheUserObjectsOperation 
(node_modules/jsdom/lib/jsdom/living/generated/EventListener.js:26:30)
      at innerInvokeEventListeners 
(node_modules/jsdom/lib/jsdom/living/events/EventTarget-impl.js:350:25)
      at invokeEventListeners 
(node_modules/jsdom/lib/jsdom/living/events/EventTarget-impl.js:286:3)
      at HTMLUnknownElementImpl._dispatch 
(node_modules/jsdom/lib/jsdom/living/events/EventTarget-impl.js:233:9)
      at HTMLUnknownElementImpl.dispatchEvent 
(node_modules/jsdom/lib/jsdom/living/events/EventTarget-impl.js:104:17)
      at HTMLUnknownElement.dispatchEvent 
(node_modules/jsdom/lib/jsdom/living/generated/EventTarget.js:241:34)
      at Object.invokeGuardedCallbackDev 
(node_modules/react-dom/cjs/react-dom.development.js:4213:16)
      at invokeGuardedCallback 
(node_modules/react-dom/cjs/react-dom.development.js:4277:31)
      at invokeGuardedCallbackAndCatchFirstError 
(node_modules/react-dom/cjs/react-dom.development.js:4291:25)
      at executeDispatch 
(node_modules/react-dom/cjs/react-dom.development.js:9041:3)
      at processDispatchQueueItemsInOrder 
(node_modules/react-dom/cjs/react-dom.development.js:9073:7)
      at processDispatchQueue 
(node_modules/react-dom/cjs/react-dom.development.js:9086:5)
      at dispatchEventsForPlugins 
(node_modules/react-dom/cjs/react-dom.development.js:9097:3)
      at node_modules/react-dom/cjs/react-dom.development.js:9288:12
      at batchedUpdates$1 
(node_modules/react-dom/cjs/react-dom.development.js:26179:12)
      at batchedUpdates 
(node_modules/react-dom/cjs/react-dom.development.js:3991:12)
      at dispatchEventForPluginEventSystem 
(node_modules/react-dom/cjs/react-dom.development.js:9287:3)
      at dispatchEventWithEnableCapturePhaseSelectiveHydrationWithoutDiscreteEv
entReplay (node_modules/react-dom/cjs/react-dom.development.js:6465:5)
      at dispatchEvent 
(node_modules/react-dom/cjs/react-dom.development.js:6457:5)
      at dispatchDiscreteEvent 
(node_modules/react-dom/cjs/react-dom.development.js:6430:5)
      at HTMLDivElement.callTheUserObjectsOperation 
(node_modules/jsdom/lib/jsdom/living/generated/EventListener.js:26:30)
      at innerInvokeEventListeners 
(node_modules/jsdom/lib/jsdom/living/events/EventTarget-impl.js:350:25)
      at invokeEventListeners 
(node_modules/jsdom/lib/jsdom/living/events/EventTarget-impl.js:286:3)
      at HTMLButtonElementImpl._dispatch 
(node_modules/jsdom/lib/jsdom/living/events/EventTarget-impl.js:233:9)
      at HTMLButtonElementImpl.dispatchEvent 
(node_modules/jsdom/lib/jsdom/living/events/EventTarget-impl.js:104:17)
      at HTMLButtonElement.dispatchEvent 
(node_modules/jsdom/lib/jsdom/living/generated/EventTarget.js:241:34)
      at 
node_modules/@testing-library/user-event/dist/cjs/event/dispatchEvent.js:45:43
      at Object.eventWrapper 
(node_modules/@testing-library/dom/dist/config.js:25:23)
      at Object.wrapEvent 
(node_modules/@testing-library/user-event/dist/cjs/event/wrapEvent.js:6:28)
      at Object.dispatchEvent (node_modules/@testing-library/user-event/dist/cj
s/event/dispatchEvent.js:45:22)
      at Object.dispatchUIEvent (node_modules/@testing-library/user-event/dist/
cjs/event/dispatchEvent.js:22:26)
      at Mouse.up (node_modules/@testing-library/user-event/dist/cjs/system/poi
nter/mouse.js:100:30)
      at PointerHost.release (node_modules/@testing-library/user-event/dist/cjs
/system/pointer/index.js:87:24)
      at pointerAction 
(node_modules/@testing-library/user-event/dist/cjs/pointer/index.js:54:47)
      at Object.pointer 
(node_modules/@testing-library/user-event/dist/cjs/pointer/index.js:27:9)
      at Object.<anonymous> (src/reporting/__tests__/reports.test.tsx:1264:9)

    console.error
      Warning: An update to DashboardConfigurePage inside a test was not 
wrapped in act(...).
      
      When testing, code that causes React state updates should be wrapped 
into act(...):
      
      act(() => {
        /* fire events that update state */
      });
      /* assert on the output */
      
      This ensures that you're testing the behavior the user would see in the 
browser. Learn more at https://reactjs.org/link/wrap-tests-with-act
          at DashboardConfigurePage (C:\Users\samhe\OneDrive\Desktop\Cleaned\fr
ontend\src\reporting\DashboardConfigurePage\DashboardConfigurePage.tsx:107:29)
          at routeContext (C:\Users\samhe\OneDrive\Desktop\Cleaned\frontend\nod
e_modules\react-router\lib\hooks.tsx:658:26)
          at children (C:\Users\samhe\OneDrive\Desktop\Cleaned\frontend\node_mo
dules\react-router\lib\components.tsx:512:3)
          at basenameProp (C:\Users\samhe\OneDrive\Desktop\Cleaned\frontend\nod
e_modules\react-router\lib\components.tsx:421:13)
          at basename (C:\Users\samhe\OneDrive\Desktop\Cleaned\frontend\node_mo
dules\react-router\lib\components.tsx:225:3)

      227 |         const existing = getWidgetsForSlot(slotId, sectionId)[0]
      228 |         setEditor({ slotId, sectionId, widget: existing })
    > 229 |         setDraftWidget(existing ? normalizeWidget(existing) : 
blankWidget(slotId, sectionId))
          |         ^
      230 |     }
      231 |
      232 |     function saveWidgetLocally() {

      at printWarning 
(node_modules/react-dom/cjs/react-dom.development.js:86:30)
      at error (node_modules/react-dom/cjs/react-dom.development.js:60:7)
      at warnIfUpdatesNotWrappedWithActDEV 
(node_modules/react-dom/cjs/react-dom.development.js:27628:9)
      at scheduleUpdateOnFiber 
(node_modules/react-dom/cjs/react-dom.development.js:25547:5)
      at dispatchSetState 
(node_modules/react-dom/cjs/react-dom.development.js:16708:7)
      at openEditor 
(src/reporting/DashboardConfigurePage/DashboardConfigurePage.tsx:229:9)
      at onClick 
(src/reporting/DashboardConfigurePage/DashboardConfigurePage.tsx:356:56)
      at HTMLUnknownElement.callCallback 
(node_modules/react-dom/cjs/react-dom.development.js:4164:14)
      at HTMLUnknownElement.callTheUserObjectsOperation 
(node_modules/jsdom/lib/jsdom/living/generated/EventListener.js:26:30)
      at innerInvokeEventListeners 
(node_modules/jsdom/lib/jsdom/living/events/EventTarget-impl.js:350:25)
      at invokeEventListeners 
(node_modules/jsdom/lib/jsdom/living/events/EventTarget-impl.js:286:3)
      at HTMLUnknownElementImpl._dispatch 
(node_modules/jsdom/lib/jsdom/living/events/EventTarget-impl.js:233:9)
      at HTMLUnknownElementImpl.dispatchEvent 
(node_modules/jsdom/lib/jsdom/living/events/EventTarget-impl.js:104:17)
      at HTMLUnknownElement.dispatchEvent 
(node_modules/jsdom/lib/jsdom/living/generated/EventTarget.js:241:34)
      at Object.invokeGuardedCallbackDev 
(node_modules/react-dom/cjs/react-dom.development.js:4213:16)
      at invokeGuardedCallback 
(node_modules/react-dom/cjs/react-dom.development.js:4277:31)
      at invokeGuardedCallbackAndCatchFirstError 
(node_modules/react-dom/cjs/react-dom.development.js:4291:25)
      at executeDispatch 
(node_modules/react-dom/cjs/react-dom.development.js:9041:3)
      at processDispatchQueueItemsInOrder 
(node_modules/react-dom/cjs/react-dom.development.js:9073:7)
      at processDispatchQueue 
(node_modules/react-dom/cjs/react-dom.development.js:9086:5)
      at dispatchEventsForPlugins 
(node_modules/react-dom/cjs/react-dom.development.js:9097:3)
      at node_modules/react-dom/cjs/react-dom.development.js:9288:12
      at batchedUpdates$1 
(node_modules/react-dom/cjs/react-dom.development.js:26179:12)
      at batchedUpdates 
(node_modules/react-dom/cjs/react-dom.development.js:3991:12)
      at dispatchEventForPluginEventSystem 
(node_modules/react-dom/cjs/react-dom.development.js:9287:3)
      at dispatchEventWithEnableCapturePhaseSelectiveHydrationWithoutDiscreteEv
entReplay (node_modules/react-dom/cjs/react-dom.development.js:6465:5)
      at dispatchEvent 
(node_modules/react-dom/cjs/react-dom.development.js:6457:5)
      at dispatchDiscreteEvent 
(node_modules/react-dom/cjs/react-dom.development.js:6430:5)
      at HTMLDivElement.callTheUserObjectsOperation 
(node_modules/jsdom/lib/jsdom/living/generated/EventListener.js:26:30)
      at innerInvokeEventListeners 
(node_modules/jsdom/lib/jsdom/living/events/EventTarget-impl.js:350:25)
      at invokeEventListeners 
(node_modules/jsdom/lib/jsdom/living/events/EventTarget-impl.js:286:3)
      at HTMLButtonElementImpl._dispatch 
(node_modules/jsdom/lib/jsdom/living/events/EventTarget-impl.js:233:9)
      at HTMLButtonElementImpl.dispatchEvent 
(node_modules/jsdom/lib/jsdom/living/events/EventTarget-impl.js:104:17)
      at HTMLButtonElement.dispatchEvent 
(node_modules/jsdom/lib/jsdom/living/generated/EventTarget.js:241:34)
      at 
node_modules/@testing-library/user-event/dist/cjs/event/dispatchEvent.js:45:43
      at Object.eventWrapper 
(node_modules/@testing-library/dom/dist/config.js:25:23)
      at Object.wrapEvent 
(node_modules/@testing-library/user-event/dist/cjs/event/wrapEvent.js:6:28)
      at Object.dispatchEvent (node_modules/@testing-library/user-event/dist/cj
s/event/dispatchEvent.js:45:22)
      at Object.dispatchUIEvent (node_modules/@testing-library/user-event/dist/
cjs/event/dispatchEvent.js:22:26)
      at Mouse.up (node_modules/@testing-library/user-event/dist/cjs/system/poi
nter/mouse.js:100:30)
      at PointerHost.release (node_modules/@testing-library/user-event/dist/cjs
/system/pointer/index.js:87:24)
      at pointerAction 
(node_modules/@testing-library/user-event/dist/cjs/pointer/index.js:54:47)
      at Object.pointer 
(node_modules/@testing-library/user-event/dist/cjs/pointer/index.js:27:9)
      at Object.<anonymous> (src/reporting/__tests__/reports.test.tsx:1264:9)

    console.error
      Warning: An update to DashboardConfigurePage inside a test was not 
wrapped in act(...).
      
      When testing, code that causes React state updates should be wrapped 
into act(...):
      
      act(() => {
        /* fire events that update state */
      });
      /* assert on the output */
      
      This ensures that you're testing the behavior the user would see in the 
browser. Learn more at https://reactjs.org/link/wrap-tests-with-act
          at DashboardConfigurePage (C:\Users\samhe\OneDrive\Desktop\Cleaned\fr
ontend\src\reporting\DashboardConfigurePage\DashboardConfigurePage.tsx:107:29)
          at routeContext (C:\Users\samhe\OneDrive\Desktop\Cleaned\frontend\nod
e_modules\react-router\lib\hooks.tsx:658:26)
          at children (C:\Users\samhe\OneDrive\Desktop\Cleaned\frontend\node_mo
dules\react-router\lib\components.tsx:512:3)
          at basenameProp (C:\Users\samhe\OneDrive\Desktop\Cleaned\frontend\nod
e_modules\react-router\lib\components.tsx:421:13)
          at basename (C:\Users\samhe\OneDrive\Desktop\Cleaned\frontend\node_mo
dules\react-router\lib\components.tsx:225:3)

      452 |                                         type="text"
      453 |                                         value={draftWidget.title}
    > 454 |                                         onChange={(e) => 
setDraftWidget((prev) => prev ? { ...prev, title: e.target.value } : prev)}
          |                                                          ^
      455 |                                         className="border 
border-gray-300 rounded px-3 py-2 text-sm"
      456 |                                     />
      457 |                                 </div>

      at printWarning 
(node_modules/react-dom/cjs/react-dom.development.js:86:30)
      at error (node_modules/react-dom/cjs/react-dom.development.js:60:7)
      at warnIfUpdatesNotWrappedWithActDEV 
(node_modules/react-dom/cjs/react-dom.development.js:27628:9)
      at scheduleUpdateOnFiber 
(node_modules/react-dom/cjs/react-dom.development.js:25547:5)
      at dispatchSetState 
(node_modules/react-dom/cjs/react-dom.development.js:16708:7)
      at onChange 
(src/reporting/DashboardConfigurePage/DashboardConfigurePage.tsx:454:58)
      at HTMLUnknownElement.callCallback 
(node_modules/react-dom/cjs/react-dom.development.js:4164:14)
      at HTMLUnknownElement.callTheUserObjectsOperation 
(node_modules/jsdom/lib/jsdom/living/generated/EventListener.js:26:30)
      at innerInvokeEventListeners 
(node_modules/jsdom/lib/jsdom/living/events/EventTarget-impl.js:350:25)
      at invokeEventListeners 
(node_modules/jsdom/lib/jsdom/living/events/EventTarget-impl.js:286:3)
      at HTMLUnknownElementImpl._dispatch 
(node_modules/jsdom/lib/jsdom/living/events/EventTarget-impl.js:233:9)
      at HTMLUnknownElementImpl.dispatchEvent 
(node_modules/jsdom/lib/jsdom/living/events/EventTarget-impl.js:104:17)
      at HTMLUnknownElement.dispatchEvent 
(node_modules/jsdom/lib/jsdom/living/generated/EventTarget.js:241:34)
      at Object.invokeGuardedCallbackDev 
(node_modules/react-dom/cjs/react-dom.development.js:4213:16)
      at invokeGuardedCallback 
(node_modules/react-dom/cjs/react-dom.development.js:4277:31)
      at invokeGuardedCallbackAndCatchFirstError 
(node_modules/react-dom/cjs/react-dom.development.js:4291:25)
      at executeDispatch 
(node_modules/react-dom/cjs/react-dom.development.js:9041:3)
      at processDispatchQueueItemsInOrder 
(node_modules/react-dom/cjs/react-dom.development.js:9073:7)
      at processDispatchQueue 
(node_modules/react-dom/cjs/react-dom.development.js:9086:5)
      at dispatchEventsForPlugins 
(node_modules/react-dom/cjs/react-dom.development.js:9097:3)
      at node_modules/react-dom/cjs/react-dom.development.js:9288:12
      at batchedUpdates$1 
(node_modules/react-dom/cjs/react-dom.development.js:26179:12)
      at batchedUpdates 
(node_modules/react-dom/cjs/react-dom.development.js:3991:12)
      at dispatchEventForPluginEventSystem 
(node_modules/react-dom/cjs/react-dom.development.js:9287:3)
      at dispatchEventWithEnableCapturePhaseSelectiveHydrationWithoutDiscreteEv
entReplay (node_modules/react-dom/cjs/react-dom.development.js:6465:5)
      at dispatchEvent 
(node_modules/react-dom/cjs/react-dom.development.js:6457:5)
      at dispatchDiscreteEvent 
(node_modules/react-dom/cjs/react-dom.development.js:6430:5)
      at HTMLDivElement.callTheUserObjectsOperation 
(node_modules/jsdom/lib/jsdom/living/generated/EventListener.js:26:30)
      at innerInvokeEventListeners 
(node_modules/jsdom/lib/jsdom/living/events/EventTarget-impl.js:350:25)
      at invokeEventListeners 
(node_modules/jsdom/lib/jsdom/living/events/EventTarget-impl.js:286:3)
      at HTMLInputElementImpl._dispatch 
(node_modules/jsdom/lib/jsdom/living/events/EventTarget-impl.js:233:9)
      at HTMLInputElementImpl.dispatchEvent 
(node_modules/jsdom/lib/jsdom/living/events/EventTarget-impl.js:104:17)
      at HTMLInputElement.dispatchEvent 
(node_modules/jsdom/lib/jsdom/living/generated/EventTarget.js:241:34)
      at 
node_modules/@testing-library/user-event/dist/cjs/event/dispatchEvent.js:45:43
      at Object.eventWrapper 
(node_modules/@testing-library/dom/dist/config.js:25:23)
      at Object.wrapEvent 
(node_modules/@testing-library/user-event/dist/cjs/event/wrapEvent.js:6:28)
      at Object.dispatchEvent (node_modules/@testing-library/user-event/dist/cj
s/event/dispatchEvent.js:45:22)
      at Object.dispatchUIEvent (node_modules/@testing-library/user-event/dist/
cjs/event/dispatchEvent.js:22:26)
      at commitInput 
(node_modules/@testing-library/user-event/dist/cjs/event/input.js:145:14)
      at editInputElement 
(node_modules/@testing-library/user-event/dist/cjs/event/input.js:115:9)
      at Object.input 
(node_modules/@testing-library/user-event/dist/cjs/event/input.js:37:9)
      at node_modules/@testing-library/user-event/dist/cjs/event/behavior/keypr
ess.js:31:26
      at Object.dispatchEvent (node_modules/@testing-library/user-event/dist/cj
s/event/dispatchEvent.js:41:13)
      at Object.dispatchUIEvent (node_modules/@testing-library/user-event/dist/
cjs/event/dispatchEvent.js:22:26)
      at KeyboardHost.keydown 
(node_modules/@testing-library/user-event/dist/cjs/system/keyboard.js:76:22)
      at keyboardAction 
(node_modules/@testing-library/user-event/dist/cjs/keyboard/index.js:22:35)
      at Object.keyboard 
(node_modules/@testing-library/user-event/dist/cjs/keyboard/index.js:11:15)
      at Object.type 
(node_modules/@testing-library/user-event/dist/cjs/utility/type.js:17:5)
      at Object.<anonymous> (src/reporting/__tests__/reports.test.tsx:1265:9)

    console.error
      Warning: An update to DashboardConfigurePage inside a test was not 
wrapped in act(...).
      
      When testing, code that causes React state updates should be wrapped 
into act(...):
      
      act(() => {
        /* fire events that update state */
      });
      /* assert on the output */
      
      This ensures that you're testing the behavior the user would see in the 
browser. Learn more at https://reactjs.org/link/wrap-tests-with-act
          at DashboardConfigurePage (C:\Users\samhe\OneDrive\Desktop\Cleaned\fr
ontend\src\reporting\DashboardConfigurePage\DashboardConfigurePage.tsx:107:29)
          at routeContext (C:\Users\samhe\OneDrive\Desktop\Cleaned\frontend\nod
e_modules\react-router\lib\hooks.tsx:658:26)
          at children (C:\Users\samhe\OneDrive\Desktop\Cleaned\frontend\node_mo
dules\react-router\lib\components.tsx:512:3)
          at basenameProp (C:\Users\samhe\OneDrive\Desktop\Cleaned\frontend\nod
e_modules\react-router\lib\components.tsx:421:13)
          at basename (C:\Users\samhe\OneDrive\Desktop\Cleaned\frontend\node_mo
dules\react-router\lib\components.tsx:225:3)

      452 |                                         type="text"
      453 |                                         value={draftWidget.title}
    > 454 |                                         onChange={(e) => 
setDraftWidget((prev) => prev ? { ...prev, title: e.target.value } : prev)}
          |                                                          ^
      455 |                                         className="border 
border-gray-300 rounded px-3 py-2 text-sm"
      456 |                                     />
      457 |                                 </div>

      at printWarning 
(node_modules/react-dom/cjs/react-dom.development.js:86:30)
      at error (node_modules/react-dom/cjs/react-dom.development.js:60:7)
      at warnIfUpdatesNotWrappedWithActDEV 
(node_modules/react-dom/cjs/react-dom.development.js:27628:9)
      at scheduleUpdateOnFiber 
(node_modules/react-dom/cjs/react-dom.development.js:25547:5)
      at dispatchSetState 
(node_modules/react-dom/cjs/react-dom.development.js:16708:7)
      at onChange 
(src/reporting/DashboardConfigurePage/DashboardConfigurePage.tsx:454:58)
      at HTMLUnknownElement.callCallback 
(node_modules/react-dom/cjs/react-dom.development.js:4164:14)
      at HTMLUnknownElement.callTheUserObjectsOperation 
(node_modules/jsdom/lib/jsdom/living/generated/EventListener.js:26:30)
      at innerInvokeEventListeners 
(node_modules/jsdom/lib/jsdom/living/events/EventTarget-impl.js:350:25)
      at invokeEventListeners 
(node_modules/jsdom/lib/jsdom/living/events/EventTarget-impl.js:286:3)
      at HTMLUnknownElementImpl._dispatch 
(node_modules/jsdom/lib/jsdom/living/events/EventTarget-impl.js:233:9)
      at HTMLUnknownElementImpl.dispatchEvent 
(node_modules/jsdom/lib/jsdom/living/events/EventTarget-impl.js:104:17)
      at HTMLUnknownElement.dispatchEvent 
(node_modules/jsdom/lib/jsdom/living/generated/EventTarget.js:241:34)
      at Object.invokeGuardedCallbackDev 
(node_modules/react-dom/cjs/react-dom.development.js:4213:16)
      at invokeGuardedCallback 
(node_modules/react-dom/cjs/react-dom.development.js:4277:31)
      at invokeGuardedCallbackAndCatchFirstError 
(node_modules/react-dom/cjs/react-dom.development.js:4291:25)
      at executeDispatch 
(node_modules/react-dom/cjs/react-dom.development.js:9041:3)
      at processDispatchQueueItemsInOrder 
(node_modules/react-dom/cjs/react-dom.development.js:9073:7)
      at processDispatchQueue 
(node_modules/react-dom/cjs/react-dom.development.js:9086:5)
      at dispatchEventsForPlugins 
(node_modules/react-dom/cjs/react-dom.development.js:9097:3)
      at node_modules/react-dom/cjs/react-dom.development.js:9288:12
      at batchedUpdates$1 
(node_modules/react-dom/cjs/react-dom.development.js:26179:12)
      at batchedUpdates 
(node_modules/react-dom/cjs/react-dom.development.js:3991:12)
      at dispatchEventForPluginEventSystem 
(node_modules/react-dom/cjs/react-dom.development.js:9287:3)
      at dispatchEventWithEnableCapturePhaseSelectiveHydrationWithoutDiscreteEv
entReplay (node_modules/react-dom/cjs/react-dom.development.js:6465:5)
      at dispatchEvent 
(node_modules/react-dom/cjs/react-dom.development.js:6457:5)
      at dispatchDiscreteEvent 
(node_modules/react-dom/cjs/react-dom.development.js:6430:5)
      at HTMLDivElement.callTheUserObjectsOperation 
(node_modules/jsdom/lib/jsdom/living/generated/EventListener.js:26:30)
      at innerInvokeEventListeners 
(node_modules/jsdom/lib/jsdom/living/events/EventTarget-impl.js:350:25)
      at invokeEventListeners 
(node_modules/jsdom/lib/jsdom/living/events/EventTarget-impl.js:286:3)
      at HTMLInputElementImpl._dispatch 
(node_modules/jsdom/lib/jsdom/living/events/EventTarget-impl.js:233:9)
      at HTMLInputElementImpl.dispatchEvent 
(node_modules/jsdom/lib/jsdom/living/events/EventTarget-impl.js:104:17)
      at HTMLInputElement.dispatchEvent 
(node_modules/jsdom/lib/jsdom/living/generated/EventTarget.js:241:34)
      at 
node_modules/@testing-library/user-event/dist/cjs/event/dispatchEvent.js:45:43
      at Object.eventWrapper 
(node_modules/@testing-library/dom/dist/config.js:25:23)
      at Object.wrapEvent 
(node_modules/@testing-library/user-event/dist/cjs/event/wrapEvent.js:6:28)
      at Object.dispatchEvent (node_modules/@testing-library/user-event/dist/cj
s/event/dispatchEvent.js:45:22)
      at Object.dispatchUIEvent (node_modules/@testing-library/user-event/dist/
cjs/event/dispatchEvent.js:22:26)
      at commitInput 
(node_modules/@testing-library/user-event/dist/cjs/event/input.js:145:14)
      at editInputElement 
(node_modules/@testing-library/user-event/dist/cjs/event/input.js:115:9)
      at Object.input 
(node_modules/@testing-library/user-event/dist/cjs/event/input.js:37:9)
      at node_modules/@testing-library/user-event/dist/cjs/event/behavior/keypr
ess.js:31:26
      at Object.dispatchEvent (node_modules/@testing-library/user-event/dist/cj
s/event/dispatchEvent.js:41:13)
      at Object.dispatchUIEvent (node_modules/@testing-library/user-event/dist/
cjs/event/dispatchEvent.js:22:26)
      at KeyboardHost.keydown 
(node_modules/@testing-library/user-event/dist/cjs/system/keyboard.js:76:22)
      at keyboardAction 
(node_modules/@testing-library/user-event/dist/cjs/keyboard/index.js:22:35)
      at Object.keyboard 
(node_modules/@testing-library/user-event/dist/cjs/keyboard/index.js:11:15)
      at Object.type 
(node_modules/@testing-library/user-event/dist/cjs/utility/type.js:17:5)
      at Object.<anonymous> (src/reporting/__tests__/reports.test.tsx:1265:9)

    console.error
      Warning: An update to DashboardConfigurePage inside a test was not 
wrapped in act(...).
      
      When testing, code that causes React state updates should be wrapped 
into act(...):
      
      act(() => {
        /* fire events that update state */
      });
      /* assert on the output */
      
      This ensures that you're testing the behavior the user would see in the 
browser. Learn more at https://reactjs.org/link/wrap-tests-with-act
          at DashboardConfigurePage (C:\Users\samhe\OneDrive\Desktop\Cleaned\fr
ontend\src\reporting\DashboardConfigurePage\DashboardConfigurePage.tsx:107:29)
          at routeContext (C:\Users\samhe\OneDrive\Desktop\Cleaned\frontend\nod
e_modules\react-router\lib\hooks.tsx:658:26)
          at children (C:\Users\samhe\OneDrive\Desktop\Cleaned\frontend\node_mo
dules\react-router\lib\components.tsx:512:3)
          at basenameProp (C:\Users\samhe\OneDrive\Desktop\Cleaned\frontend\nod
e_modules\react-router\lib\components.tsx:421:13)
          at basename (C:\Users\samhe\OneDrive\Desktop\Cleaned\frontend\node_mo
dules\react-router\lib\components.tsx:225:3)

      452 |                                         type="text"
      453 |                                         value={draftWidget.title}
    > 454 |                                         onChange={(e) => 
setDraftWidget((prev) => prev ? { ...prev, title: e.target.value } : prev)}
          |                                                          ^
      455 |                                         className="border 
border-gray-300 rounded px-3 py-2 text-sm"
      456 |                                     />
      457 |                                 </div>

      at printWarning 
(node_modules/react-dom/cjs/react-dom.development.js:86:30)
      at error (node_modules/react-dom/cjs/react-dom.development.js:60:7)
      at warnIfUpdatesNotWrappedWithActDEV 
(node_modules/react-dom/cjs/react-dom.development.js:27628:9)
      at scheduleUpdateOnFiber 
(node_modules/react-dom/cjs/react-dom.development.js:25547:5)
      at dispatchSetState 
(node_modules/react-dom/cjs/react-dom.development.js:16708:7)
      at onChange 
(src/reporting/DashboardConfigurePage/DashboardConfigurePage.tsx:454:58)
      at HTMLUnknownElement.callCallback 
(node_modules/react-dom/cjs/react-dom.development.js:4164:14)
      at HTMLUnknownElement.callTheUserObjectsOperation 
(node_modules/jsdom/lib/jsdom/living/generated/EventListener.js:26:30)
      at innerInvokeEventListeners 
(node_modules/jsdom/lib/jsdom/living/events/EventTarget-impl.js:350:25)
      at invokeEventListeners 
(node_modules/jsdom/lib/jsdom/living/events/EventTarget-impl.js:286:3)
      at HTMLUnknownElementImpl._dispatch 
(node_modules/jsdom/lib/jsdom/living/events/EventTarget-impl.js:233:9)
      at HTMLUnknownElementImpl.dispatchEvent 
(node_modules/jsdom/lib/jsdom/living/events/EventTarget-impl.js:104:17)
      at HTMLUnknownElement.dispatchEvent 
(node_modules/jsdom/lib/jsdom/living/generated/EventTarget.js:241:34)
      at Object.invokeGuardedCallbackDev 
(node_modules/react-dom/cjs/react-dom.development.js:4213:16)
      at invokeGuardedCallback 
(node_modules/react-dom/cjs/react-dom.development.js:4277:31)
      at invokeGuardedCallbackAndCatchFirstError 
(node_modules/react-dom/cjs/react-dom.development.js:4291:25)
      at executeDispatch 
(node_modules/react-dom/cjs/react-dom.development.js:9041:3)
      at processDispatchQueueItemsInOrder 
(node_modules/react-dom/cjs/react-dom.development.js:9073:7)
      at processDispatchQueue 
(node_modules/react-dom/cjs/react-dom.development.js:9086:5)
      at dispatchEventsForPlugins 
(node_modules/react-dom/cjs/react-dom.development.js:9097:3)
      at node_modules/react-dom/cjs/react-dom.development.js:9288:12
      at batchedUpdates$1 
(node_modules/react-dom/cjs/react-dom.development.js:26179:12)
      at batchedUpdates 
(node_modules/react-dom/cjs/react-dom.development.js:3991:12)
      at dispatchEventForPluginEventSystem 
(node_modules/react-dom/cjs/react-dom.development.js:9287:3)
      at dispatchEventWithEnableCapturePhaseSelectiveHydrationWithoutDiscreteEv
entReplay (node_modules/react-dom/cjs/react-dom.development.js:6465:5)
      at dispatchEvent 
(node_modules/react-dom/cjs/react-dom.development.js:6457:5)
      at dispatchDiscreteEvent 
(node_modules/react-dom/cjs/react-dom.development.js:6430:5)
      at HTMLDivElement.callTheUserObjectsOperation 
(node_modules/jsdom/lib/jsdom/living/generated/EventListener.js:26:30)
      at innerInvokeEventListeners 
(node_modules/jsdom/lib/jsdom/living/events/EventTarget-impl.js:350:25)
      at invokeEventListeners 
(node_modules/jsdom/lib/jsdom/living/events/EventTarget-impl.js:286:3)
      at HTMLInputElementImpl._dispatch 
(node_modules/jsdom/lib/jsdom/living/events/EventTarget-impl.js:233:9)
      at HTMLInputElementImpl.dispatchEvent 
(node_modules/jsdom/lib/jsdom/living/events/EventTarget-impl.js:104:17)
      at HTMLInputElement.dispatchEvent 
(node_modules/jsdom/lib/jsdom/living/generated/EventTarget.js:241:34)
      at 
node_modules/@testing-library/user-event/dist/cjs/event/dispatchEvent.js:45:43
      at Object.eventWrapper 
(node_modules/@testing-library/dom/dist/config.js:25:23)
      at Object.wrapEvent 
(node_modules/@testing-library/user-event/dist/cjs/event/wrapEvent.js:6:28)
      at Object.dispatchEvent (node_modules/@testing-library/user-event/dist/cj
s/event/dispatchEvent.js:45:22)
      at Object.dispatchUIEvent (node_modules/@testing-library/user-event/dist/
cjs/event/dispatchEvent.js:22:26)
      at commitInput 
(node_modules/@testing-library/user-event/dist/cjs/event/input.js:145:14)
      at editInputElement 
(node_modules/@testing-library/user-event/dist/cjs/event/input.js:115:9)
      at Object.input 
(node_modules/@testing-library/user-event/dist/cjs/event/input.js:37:9)
      at node_modules/@testing-library/user-event/dist/cjs/event/behavior/keypr
ess.js:31:26
      at Object.dispatchEvent (node_modules/@testing-library/user-event/dist/cj
s/event/dispatchEvent.js:41:13)
      at Object.dispatchUIEvent (node_modules/@testing-library/user-event/dist/
cjs/event/dispatchEvent.js:22:26)
      at KeyboardHost.keydown 
(node_modules/@testing-library/user-event/dist/cjs/system/keyboard.js:76:22)
      at keyboardAction 
(node_modules/@testing-library/user-event/dist/cjs/keyboard/index.js:22:35)
      at Object.keyboard 
(node_modules/@testing-library/user-event/dist/cjs/keyboard/index.js:11:15)
      at Object.type 
(node_modules/@testing-library/user-event/dist/cjs/utility/type.js:17:5)
      at Object.<anonymous> (src/reporting/__tests__/reports.test.tsx:1265:9)

    console.error
      Warning: An update to DashboardConfigurePage inside a test was not 
wrapped in act(...).
      
      When testing, code that causes React state updates should be wrapped 
into act(...):
      
      act(() => {
        /* fire events that update state */
      });
      /* assert on the output */
      
      This ensures that you're testing the behavior the user would see in the 
browser. Learn more at https://reactjs.org/link/wrap-tests-with-act
          at DashboardConfigurePage (C:\Users\samhe\OneDrive\Desktop\Cleaned\fr
ontend\src\reporting\DashboardConfigurePage\DashboardConfigurePage.tsx:107:29)
          at routeContext (C:\Users\samhe\OneDrive\Desktop\Cleaned\frontend\nod
e_modules\react-router\lib\hooks.tsx:658:26)
          at children (C:\Users\samhe\OneDrive\Desktop\Cleaned\frontend\node_mo
dules\react-router\lib\components.tsx:512:3)
          at basenameProp (C:\Users\samhe\OneDrive\Desktop\Cleaned\frontend\nod
e_modules\react-router\lib\components.tsx:421:13)
          at basename (C:\Users\samhe\OneDrive\Desktop\Cleaned\frontend\node_mo
dules\react-router\lib\components.tsx:225:3)

      452 |                                         type="text"
      453 |                                         value={draftWidget.title}
    > 454 |                                         onChange={(e) => 
setDraftWidget((prev) => prev ? { ...prev, title: e.target.value } : prev)}
          |                                                          ^
      455 |                                         className="border 
border-gray-300 rounded px-3 py-2 text-sm"
      456 |                                     />
      457 |                                 </div>

      at printWarning 
(node_modules/react-dom/cjs/react-dom.development.js:86:30)
      at error (node_modules/react-dom/cjs/react-dom.development.js:60:7)
      at warnIfUpdatesNotWrappedWithActDEV 
(node_modules/react-dom/cjs/react-dom.development.js:27628:9)
      at scheduleUpdateOnFiber 
(node_modules/react-dom/cjs/react-dom.development.js:25547:5)
      at dispatchSetState 
(node_modules/react-dom/cjs/react-dom.development.js:16708:7)
      at onChange 
(src/reporting/DashboardConfigurePage/DashboardConfigurePage.tsx:454:58)
      at HTMLUnknownElement.callCallback 
(node_modules/react-dom/cjs/react-dom.development.js:4164:14)
      at HTMLUnknownElement.callTheUserObjectsOperation 
(node_modules/jsdom/lib/jsdom/living/generated/EventListener.js:26:30)
      at innerInvokeEventListeners 
(node_modules/jsdom/lib/jsdom/living/events/EventTarget-impl.js:350:25)
      at invokeEventListeners 
(node_modules/jsdom/lib/jsdom/living/events/EventTarget-impl.js:286:3)
      at HTMLUnknownElementImpl._dispatch 
(node_modules/jsdom/lib/jsdom/living/events/EventTarget-impl.js:233:9)
      at HTMLUnknownElementImpl.dispatchEvent 
(node_modules/jsdom/lib/jsdom/living/events/EventTarget-impl.js:104:17)
      at HTMLUnknownElement.dispatchEvent 
(node_modules/jsdom/lib/jsdom/living/generated/EventTarget.js:241:34)
      at Object.invokeGuardedCallbackDev 
(node_modules/react-dom/cjs/react-dom.development.js:4213:16)
      at invokeGuardedCallback 
(node_modules/react-dom/cjs/react-dom.development.js:4277:31)
      at invokeGuardedCallbackAndCatchFirstError 
(node_modules/react-dom/cjs/react-dom.development.js:4291:25)
      at executeDispatch 
(node_modules/react-dom/cjs/react-dom.development.js:9041:3)
      at processDispatchQueueItemsInOrder 
(node_modules/react-dom/cjs/react-dom.development.js:9073:7)
      at processDispatchQueue 
(node_modules/react-dom/cjs/react-dom.development.js:9086:5)
      at dispatchEventsForPlugins 
(node_modules/react-dom/cjs/react-dom.development.js:9097:3)
      at node_modules/react-dom/cjs/react-dom.development.js:9288:12
      at batchedUpdates$1 
(node_modules/react-dom/cjs/react-dom.development.js:26179:12)
      at batchedUpdates 
(node_modules/react-dom/cjs/react-dom.development.js:3991:12)
      at dispatchEventForPluginEventSystem 
(node_modules/react-dom/cjs/react-dom.development.js:9287:3)
      at dispatchEventWithEnableCapturePhaseSelectiveHydrationWithoutDiscreteEv
entReplay (node_modules/react-dom/cjs/react-dom.development.js:6465:5)
      at dispatchEvent 
(node_modules/react-dom/cjs/react-dom.development.js:6457:5)
      at dispatchDiscreteEvent 
(node_modules/react-dom/cjs/react-dom.development.js:6430:5)
      at HTMLDivElement.callTheUserObjectsOperation 
(node_modules/jsdom/lib/jsdom/living/generated/EventListener.js:26:30)
      at innerInvokeEventListeners 
(node_modules/jsdom/lib/jsdom/living/events/EventTarget-impl.js:350:25)
      at invokeEventListeners 
(node_modules/jsdom/lib/jsdom/living/events/EventTarget-impl.js:286:3)
      at HTMLInputElementImpl._dispatch 
(node_modules/jsdom/lib/jsdom/living/events/EventTarget-impl.js:233:9)
      at HTMLInputElementImpl.dispatchEvent 
(node_modules/jsdom/lib/jsdom/living/events/EventTarget-impl.js:104:17)
      at HTMLInputElement.dispatchEvent 
(node_modules/jsdom/lib/jsdom/living/generated/EventTarget.js:241:34)
      at 
node_modules/@testing-library/user-event/dist/cjs/event/dispatchEvent.js:45:43
      at Object.eventWrapper 
(node_modules/@testing-library/dom/dist/config.js:25:23)
      at Object.wrapEvent 
(node_modules/@testing-library/user-event/dist/cjs/event/wrapEvent.js:6:28)
      at Object.dispatchEvent (node_modules/@testing-library/user-event/dist/cj
s/event/dispatchEvent.js:45:22)
      at Object.dispatchUIEvent (node_modules/@testing-library/user-event/dist/
cjs/event/dispatchEvent.js:22:26)
      at commitInput 
(node_modules/@testing-library/user-event/dist/cjs/event/input.js:145:14)
      at editInputElement 
(node_modules/@testing-library/user-event/dist/cjs/event/input.js:115:9)
      at Object.input 
(node_modules/@testing-library/user-event/dist/cjs/event/input.js:37:9)
      at node_modules/@testing-library/user-event/dist/cjs/event/behavior/keypr
ess.js:31:26
      at Object.dispatchEvent (node_modules/@testing-library/user-event/dist/cj
s/event/dispatchEvent.js:41:13)
      at Object.dispatchUIEvent (node_modules/@testing-library/user-event/dist/
cjs/event/dispatchEvent.js:22:26)
      at KeyboardHost.keydown 
(node_modules/@testing-library/user-event/dist/cjs/system/keyboard.js:76:22)
      at keyboardAction 
(node_modules/@testing-library/user-event/dist/cjs/keyboard/index.js:22:35)
      at Object.keyboard 
(node_modules/@testing-library/user-event/dist/cjs/keyboard/index.js:11:15)
      at Object.type 
(node_modules/@testing-library/user-event/dist/cjs/utility/type.js:17:5)
      at Object.<anonymous> (src/reporting/__tests__/reports.test.tsx:1265:9)

    console.error
      Warning: An update to DashboardConfigurePage inside a test was not 
wrapped in act(...).
      
      When testing, code that causes React state updates should be wrapped 
into act(...):
      
      act(() => {
        /* fire events that update state */
      });
      /* assert on the output */
      
      This ensures that you're testing the behavior the user would see in the 
browser. Learn more at https://reactjs.org/link/wrap-tests-with-act
          at DashboardConfigurePage (C:\Users\samhe\OneDrive\Desktop\Cleaned\fr
ontend\src\reporting\DashboardConfigurePage\DashboardConfigurePage.tsx:107:29)
          at routeContext (C:\Users\samhe\OneDrive\Desktop\Cleaned\frontend\nod
e_modules\react-router\lib\hooks.tsx:658:26)
          at children (C:\Users\samhe\OneDrive\Desktop\Cleaned\frontend\node_mo
dules\react-router\lib\components.tsx:512:3)
          at basenameProp (C:\Users\samhe\OneDrive\Desktop\Cleaned\frontend\nod
e_modules\react-router\lib\components.tsx:421:13)
          at basename (C:\Users\samhe\OneDrive\Desktop\Cleaned\frontend\node_mo
dules\react-router\lib\components.tsx:225:3)

      452 |                                         type="text"
      453 |                                         value={draftWidget.title}
    > 454 |                                         onChange={(e) => 
setDraftWidget((prev) => prev ? { ...prev, title: e.target.value } : prev)}
          |                                                          ^
      455 |                                         className="border 
border-gray-300 rounded px-3 py-2 text-sm"
      456 |                                     />
      457 |                                 </div>

      at printWarning 
(node_modules/react-dom/cjs/react-dom.development.js:86:30)
      at error (node_modules/react-dom/cjs/react-dom.development.js:60:7)
      at warnIfUpdatesNotWrappedWithActDEV 
(node_modules/react-dom/cjs/react-dom.development.js:27628:9)
      at scheduleUpdateOnFiber 
(node_modules/react-dom/cjs/react-dom.development.js:25547:5)
      at dispatchSetState 
(node_modules/react-dom/cjs/react-dom.development.js:16708:7)
      at onChange 
(src/reporting/DashboardConfigurePage/DashboardConfigurePage.tsx:454:58)
      at HTMLUnknownElement.callCallback 
(node_modules/react-dom/cjs/react-dom.development.js:4164:14)
      at HTMLUnknownElement.callTheUserObjectsOperation 
(node_modules/jsdom/lib/jsdom/living/generated/EventListener.js:26:30)
      at innerInvokeEventListeners 
(node_modules/jsdom/lib/jsdom/living/events/EventTarget-impl.js:350:25)
      at invokeEventListeners 
(node_modules/jsdom/lib/jsdom/living/events/EventTarget-impl.js:286:3)
      at HTMLUnknownElementImpl._dispatch 
(node_modules/jsdom/lib/jsdom/living/events/EventTarget-impl.js:233:9)
      at HTMLUnknownElementImpl.dispatchEvent 
(node_modules/jsdom/lib/jsdom/living/events/EventTarget-impl.js:104:17)
      at HTMLUnknownElement.dispatchEvent 
(node_modules/jsdom/lib/jsdom/living/generated/EventTarget.js:241:34)
      at Object.invokeGuardedCallbackDev 
(node_modules/react-dom/cjs/react-dom.development.js:4213:16)
      at invokeGuardedCallback 
(node_modules/react-dom/cjs/react-dom.development.js:4277:31)
      at invokeGuardedCallbackAndCatchFirstError 
(node_modules/react-dom/cjs/react-dom.development.js:4291:25)
      at executeDispatch 
(node_modules/react-dom/cjs/react-dom.development.js:9041:3)
      at processDispatchQueueItemsInOrder 
(node_modules/react-dom/cjs/react-dom.development.js:9073:7)
      at processDispatchQueue 
(node_modules/react-dom/cjs/react-dom.development.js:9086:5)
      at dispatchEventsForPlugins 
(node_modules/react-dom/cjs/react-dom.development.js:9097:3)
      at node_modules/react-dom/cjs/react-dom.development.js:9288:12
      at batchedUpdates$1 
(node_modules/react-dom/cjs/react-dom.development.js:26179:12)
      at batchedUpdates 
(node_modules/react-dom/cjs/react-dom.development.js:3991:12)
      at dispatchEventForPluginEventSystem 
(node_modules/react-dom/cjs/react-dom.development.js:9287:3)
      at dispatchEventWithEnableCapturePhaseSelectiveHydrationWithoutDiscreteEv
entReplay (node_modules/react-dom/cjs/react-dom.development.js:6465:5)
      at dispatchEvent 
(node_modules/react-dom/cjs/react-dom.development.js:6457:5)
      at dispatchDiscreteEvent 
(node_modules/react-dom/cjs/react-dom.development.js:6430:5)
      at HTMLDivElement.callTheUserObjectsOperation 
(node_modules/jsdom/lib/jsdom/living/generated/EventListener.js:26:30)
      at innerInvokeEventListeners 
(node_modules/jsdom/lib/jsdom/living/events/EventTarget-impl.js:350:25)
      at invokeEventListeners 
(node_modules/jsdom/lib/jsdom/living/events/EventTarget-impl.js:286:3)
      at HTMLInputElementImpl._dispatch 
(node_modules/jsdom/lib/jsdom/living/events/EventTarget-impl.js:233:9)
      at HTMLInputElementImpl.dispatchEvent 
(node_modules/jsdom/lib/jsdom/living/events/EventTarget-impl.js:104:17)
      at HTMLInputElement.dispatchEvent 
(node_modules/jsdom/lib/jsdom/living/generated/EventTarget.js:241:34)
      at 
node_modules/@testing-library/user-event/dist/cjs/event/dispatchEvent.js:45:43
      at Object.eventWrapper 
(node_modules/@testing-library/dom/dist/config.js:25:23)
      at Object.wrapEvent 
(node_modules/@testing-library/user-event/dist/cjs/event/wrapEvent.js:6:28)
      at Object.dispatchEvent (node_modules/@testing-library/user-event/dist/cj
s/event/dispatchEvent.js:45:22)
      at Object.dispatchUIEvent (node_modules/@testing-library/user-event/dist/
cjs/event/dispatchEvent.js:22:26)
      at commitInput 
(node_modules/@testing-library/user-event/dist/cjs/event/input.js:145:14)
      at editInputElement 
(node_modules/@testing-library/user-event/dist/cjs/event/input.js:115:9)
      at Object.input 
(node_modules/@testing-library/user-event/dist/cjs/event/input.js:37:9)
      at node_modules/@testing-library/user-event/dist/cjs/event/behavior/keypr
ess.js:31:26
      at Object.dispatchEvent (node_modules/@testing-library/user-event/dist/cj
s/event/dispatchEvent.js:41:13)
      at Object.dispatchUIEvent (node_modules/@testing-library/user-event/dist/
cjs/event/dispatchEvent.js:22:26)
      at KeyboardHost.keydown 
(node_modules/@testing-library/user-event/dist/cjs/system/keyboard.js:76:22)
      at keyboardAction 
(node_modules/@testing-library/user-event/dist/cjs/keyboard/index.js:22:35)
      at Object.keyboard 
(node_modules/@testing-library/user-event/dist/cjs/keyboard/index.js:11:15)
      at Object.type 
(node_modules/@testing-library/user-event/dist/cjs/utility/type.js:17:5)
      at Object.<anonymous> (src/reporting/__tests__/reports.test.tsx:1265:9)

    console.error
      Warning: An update to DashboardConfigurePage inside a test was not 
wrapped in act(...).
      
      When testing, code that causes React state updates should be wrapped 
into act(...):
      
      act(() => {
        /* fire events that update state */
      });
      /* assert on the output */
      
      This ensures that you're testing the behavior the user would see in the 
browser. Learn more at https://reactjs.org/link/wrap-tests-with-act
          at DashboardConfigurePage (C:\Users\samhe\OneDrive\Desktop\Cleaned\fr
ontend\src\reporting\DashboardConfigurePage\DashboardConfigurePage.tsx:107:29)
          at routeContext (C:\Users\samhe\OneDrive\Desktop\Cleaned\frontend\nod
e_modules\react-router\lib\hooks.tsx:658:26)
          at children (C:\Users\samhe\OneDrive\Desktop\Cleaned\frontend\node_mo
dules\react-router\lib\components.tsx:512:3)
          at basenameProp (C:\Users\samhe\OneDrive\Desktop\Cleaned\frontend\nod
e_modules\react-router\lib\components.tsx:421:13)
          at basename (C:\Users\samhe\OneDrive\Desktop\Cleaned\frontend\node_mo
dules\react-router\lib\components.tsx:225:3)

      452 |                                         type="text"
      453 |                                         value={draftWidget.title}
    > 454 |                                         onChange={(e) => 
setDraftWidget((prev) => prev ? { ...prev, title: e.target.value } : prev)}
          |                                                          ^
      455 |                                         className="border 
border-gray-300 rounded px-3 py-2 text-sm"
      456 |                                     />
      457 |                                 </div>

      at printWarning 
(node_modules/react-dom/cjs/react-dom.development.js:86:30)
      at error (node_modules/react-dom/cjs/react-dom.development.js:60:7)
      at warnIfUpdatesNotWrappedWithActDEV 
(node_modules/react-dom/cjs/react-dom.development.js:27628:9)
      at scheduleUpdateOnFiber 
(node_modules/react-dom/cjs/react-dom.development.js:25547:5)
      at dispatchSetState 
(node_modules/react-dom/cjs/react-dom.development.js:16708:7)
      at onChange 
(src/reporting/DashboardConfigurePage/DashboardConfigurePage.tsx:454:58)
      at HTMLUnknownElement.callCallback 
(node_modules/react-dom/cjs/react-dom.development.js:4164:14)
      at HTMLUnknownElement.callTheUserObjectsOperation 
(node_modules/jsdom/lib/jsdom/living/generated/EventListener.js:26:30)
      at innerInvokeEventListeners 
(node_modules/jsdom/lib/jsdom/living/events/EventTarget-impl.js:350:25)
      at invokeEventListeners 
(node_modules/jsdom/lib/jsdom/living/events/EventTarget-impl.js:286:3)
      at HTMLUnknownElementImpl._dispatch 
(node_modules/jsdom/lib/jsdom/living/events/EventTarget-impl.js:233:9)
      at HTMLUnknownElementImpl.dispatchEvent 
(node_modules/jsdom/lib/jsdom/living/events/EventTarget-impl.js:104:17)
      at HTMLUnknownElement.dispatchEvent 
(node_modules/jsdom/lib/jsdom/living/generated/EventTarget.js:241:34)
      at Object.invokeGuardedCallbackDev 
(node_modules/react-dom/cjs/react-dom.development.js:4213:16)
      at invokeGuardedCallback 
(node_modules/react-dom/cjs/react-dom.development.js:4277:31)
      at invokeGuardedCallbackAndCatchFirstError 
(node_modules/react-dom/cjs/react-dom.development.js:4291:25)
      at executeDispatch 
(node_modules/react-dom/cjs/react-dom.development.js:9041:3)
      at processDispatchQueueItemsInOrder 
(node_modules/react-dom/cjs/react-dom.development.js:9073:7)
      at processDispatchQueue 
(node_modules/react-dom/cjs/react-dom.development.js:9086:5)
      at dispatchEventsForPlugins 
(node_modules/react-dom/cjs/react-dom.development.js:9097:3)
      at node_modules/react-dom/cjs/react-dom.development.js:9288:12
      at batchedUpdates$1 
(node_modules/react-dom/cjs/react-dom.development.js:26179:12)
      at batchedUpdates 
(node_modules/react-dom/cjs/react-dom.development.js:3991:12)
      at dispatchEventForPluginEventSystem 
(node_modules/react-dom/cjs/react-dom.development.js:9287:3)
      at dispatchEventWithEnableCapturePhaseSelectiveHydrationWithoutDiscreteEv
entReplay (node_modules/react-dom/cjs/react-dom.development.js:6465:5)
      at dispatchEvent 
(node_modules/react-dom/cjs/react-dom.development.js:6457:5)
      at dispatchDiscreteEvent 
(node_modules/react-dom/cjs/react-dom.development.js:6430:5)
      at HTMLDivElement.callTheUserObjectsOperation 
(node_modules/jsdom/lib/jsdom/living/generated/EventListener.js:26:30)
      at innerInvokeEventListeners 
(node_modules/jsdom/lib/jsdom/living/events/EventTarget-impl.js:350:25)
      at invokeEventListeners 
(node_modules/jsdom/lib/jsdom/living/events/EventTarget-impl.js:286:3)
      at HTMLInputElementImpl._dispatch 
(node_modules/jsdom/lib/jsdom/living/events/EventTarget-impl.js:233:9)
      at HTMLInputElementImpl.dispatchEvent 
(node_modules/jsdom/lib/jsdom/living/events/EventTarget-impl.js:104:17)
      at HTMLInputElement.dispatchEvent 
(node_modules/jsdom/lib/jsdom/living/generated/EventTarget.js:241:34)
      at 
node_modules/@testing-library/user-event/dist/cjs/event/dispatchEvent.js:45:43
      at Object.eventWrapper 
(node_modules/@testing-library/dom/dist/config.js:25:23)
      at Object.wrapEvent 
(node_modules/@testing-library/user-event/dist/cjs/event/wrapEvent.js:6:28)
      at Object.dispatchEvent (node_modules/@testing-library/user-event/dist/cj
s/event/dispatchEvent.js:45:22)
      at Object.dispatchUIEvent (node_modules/@testing-library/user-event/dist/
cjs/event/dispatchEvent.js:22:26)
      at commitInput 
(node_modules/@testing-library/user-event/dist/cjs/event/input.js:145:14)
      at editInputElement 
(node_modules/@testing-library/user-event/dist/cjs/event/input.js:115:9)
      at Object.input 
(node_modules/@testing-library/user-event/dist/cjs/event/input.js:37:9)
      at node_modules/@testing-library/user-event/dist/cjs/event/behavior/keypr
ess.js:31:26
      at Object.dispatchEvent (node_modules/@testing-library/user-event/dist/cj
s/event/dispatchEvent.js:41:13)
      at Object.dispatchUIEvent (node_modules/@testing-library/user-event/dist/
cjs/event/dispatchEvent.js:22:26)
      at KeyboardHost.keydown 
(node_modules/@testing-library/user-event/dist/cjs/system/keyboard.js:76:22)
      at keyboardAction 
(node_modules/@testing-library/user-event/dist/cjs/keyboard/index.js:22:35)
      at Object.keyboard 
(node_modules/@testing-library/user-event/dist/cjs/keyboard/index.js:11:15)
      at Object.type 
(node_modules/@testing-library/user-event/dist/cjs/utility/type.js:17:5)
      at Object.<anonymous> (src/reporting/__tests__/reports.test.tsx:1265:9)

    console.error
      Warning: An update to DashboardConfigurePage inside a test was not 
wrapped in act(...).
      
      When testing, code that causes React state updates should be wrapped 
into act(...):
      
      act(() => {
        /* fire events that update state */
      });
      /* assert on the output */
      
      This ensures that you're testing the behavior the user would see in the 
browser. Learn more at https://reactjs.org/link/wrap-tests-with-act
          at DashboardConfigurePage (C:\Users\samhe\OneDrive\Desktop\Cleaned\fr
ontend\src\reporting\DashboardConfigurePage\DashboardConfigurePage.tsx:107:29)
          at routeContext (C:\Users\samhe\OneDrive\Desktop\Cleaned\frontend\nod
e_modules\react-router\lib\hooks.tsx:658:26)
          at children (C:\Users\samhe\OneDrive\Desktop\Cleaned\frontend\node_mo
dules\react-router\lib\components.tsx:512:3)
          at basenameProp (C:\Users\samhe\OneDrive\Desktop\Cleaned\frontend\nod
e_modules\react-router\lib\components.tsx:421:13)
          at basename (C:\Users\samhe\OneDrive\Desktop\Cleaned\frontend\node_mo
dules\react-router\lib\components.tsx:225:3)

      452 |                                         type="text"
      453 |                                         value={draftWidget.title}
    > 454 |                                         onChange={(e) => 
setDraftWidget((prev) => prev ? { ...prev, title: e.target.value } : prev)}
          |                                                          ^
      455 |                                         className="border 
border-gray-300 rounded px-3 py-2 text-sm"
      456 |                                     />
      457 |                                 </div>

      at printWarning 
(node_modules/react-dom/cjs/react-dom.development.js:86:30)
      at error (node_modules/react-dom/cjs/react-dom.development.js:60:7)
      at warnIfUpdatesNotWrappedWithActDEV 
(node_modules/react-dom/cjs/react-dom.development.js:27628:9)
      at scheduleUpdateOnFiber 
(node_modules/react-dom/cjs/react-dom.development.js:25547:5)
      at dispatchSetState 
(node_modules/react-dom/cjs/react-dom.development.js:16708:7)
      at onChange 
(src/reporting/DashboardConfigurePage/DashboardConfigurePage.tsx:454:58)
      at HTMLUnknownElement.callCallback 
(node_modules/react-dom/cjs/react-dom.development.js:4164:14)
      at HTMLUnknownElement.callTheUserObjectsOperation 
(node_modules/jsdom/lib/jsdom/living/generated/EventListener.js:26:30)
      at innerInvokeEventListeners 
(node_modules/jsdom/lib/jsdom/living/events/EventTarget-impl.js:350:25)
      at invokeEventListeners 
(node_modules/jsdom/lib/jsdom/living/events/EventTarget-impl.js:286:3)
      at HTMLUnknownElementImpl._dispatch 
(node_modules/jsdom/lib/jsdom/living/events/EventTarget-impl.js:233:9)
      at HTMLUnknownElementImpl.dispatchEvent 
(node_modules/jsdom/lib/jsdom/living/events/EventTarget-impl.js:104:17)
      at HTMLUnknownElement.dispatchEvent 
(node_modules/jsdom/lib/jsdom/living/generated/EventTarget.js:241:34)
      at Object.invokeGuardedCallbackDev 
(node_modules/react-dom/cjs/react-dom.development.js:4213:16)
      at invokeGuardedCallback 
(node_modules/react-dom/cjs/react-dom.development.js:4277:31)
      at invokeGuardedCallbackAndCatchFirstError 
(node_modules/react-dom/cjs/react-dom.development.js:4291:25)
      at executeDispatch 
(node_modules/react-dom/cjs/react-dom.development.js:9041:3)
      at processDispatchQueueItemsInOrder 
(node_modules/react-dom/cjs/react-dom.development.js:9073:7)
      at processDispatchQueue 
(node_modules/react-dom/cjs/react-dom.development.js:9086:5)
      at dispatchEventsForPlugins 
(node_modules/react-dom/cjs/react-dom.development.js:9097:3)
      at node_modules/react-dom/cjs/react-dom.development.js:9288:12
      at batchedUpdates$1 
(node_modules/react-dom/cjs/react-dom.development.js:26179:12)
      at batchedUpdates 
(node_modules/react-dom/cjs/react-dom.development.js:3991:12)
      at dispatchEventForPluginEventSystem 
(node_modules/react-dom/cjs/react-dom.development.js:9287:3)
      at dispatchEventWithEnableCapturePhaseSelectiveHydrationWithoutDiscreteEv
entReplay (node_modules/react-dom/cjs/react-dom.development.js:6465:5)
      at dispatchEvent 
(node_modules/react-dom/cjs/react-dom.development.js:6457:5)
      at dispatchDiscreteEvent 
(node_modules/react-dom/cjs/react-dom.development.js:6430:5)
      at HTMLDivElement.callTheUserObjectsOperation 
(node_modules/jsdom/lib/jsdom/living/generated/EventListener.js:26:30)
      at innerInvokeEventListeners 
(node_modules/jsdom/lib/jsdom/living/events/EventTarget-impl.js:350:25)
      at invokeEventListeners 
(node_modules/jsdom/lib/jsdom/living/events/EventTarget-impl.js:286:3)
      at HTMLInputElementImpl._dispatch 
(node_modules/jsdom/lib/jsdom/living/events/EventTarget-impl.js:233:9)
      at HTMLInputElementImpl.dispatchEvent 
(node_modules/jsdom/lib/jsdom/living/events/EventTarget-impl.js:104:17)
      at HTMLInputElement.dispatchEvent 
(node_modules/jsdom/lib/jsdom/living/generated/EventTarget.js:241:34)
      at 
node_modules/@testing-library/user-event/dist/cjs/event/dispatchEvent.js:45:43
      at Object.eventWrapper 
(node_modules/@testing-library/dom/dist/config.js:25:23)
      at Object.wrapEvent 
(node_modules/@testing-library/user-event/dist/cjs/event/wrapEvent.js:6:28)
      at Object.dispatchEvent (node_modules/@testing-library/user-event/dist/cj
s/event/dispatchEvent.js:45:22)
      at Object.dispatchUIEvent (node_modules/@testing-library/user-event/dist/
cjs/event/dispatchEvent.js:22:26)
      at commitInput 
(node_modules/@testing-library/user-event/dist/cjs/event/input.js:145:14)
      at editInputElement 
(node_modules/@testing-library/user-event/dist/cjs/event/input.js:115:9)
      at Object.input 
(node_modules/@testing-library/user-event/dist/cjs/event/input.js:37:9)
      at node_modules/@testing-library/user-event/dist/cjs/event/behavior/keypr
ess.js:31:26
      at Object.dispatchEvent (node_modules/@testing-library/user-event/dist/cj
s/event/dispatchEvent.js:41:13)
      at Object.dispatchUIEvent (node_modules/@testing-library/user-event/dist/
cjs/event/dispatchEvent.js:22:26)
      at KeyboardHost.keydown 
(node_modules/@testing-library/user-event/dist/cjs/system/keyboard.js:76:22)
      at keyboardAction 
(node_modules/@testing-library/user-event/dist/cjs/keyboard/index.js:22:35)
      at Object.keyboard 
(node_modules/@testing-library/user-event/dist/cjs/keyboard/index.js:11:15)
      at Object.type 
(node_modules/@testing-library/user-event/dist/cjs/utility/type.js:17:5)
      at Object.<anonymous> (src/reporting/__tests__/reports.test.tsx:1265:9)

    console.error
      Warning: An update to DashboardConfigurePage inside a test was not 
wrapped in act(...).
      
      When testing, code that causes React state updates should be wrapped 
into act(...):
      
      act(() => {
        /* fire events that update state */
      });
      /* assert on the output */
      
      This ensures that you're testing the behavior the user would see in the 
browser. Learn more at https://reactjs.org/link/wrap-tests-with-act
          at DashboardConfigurePage (C:\Users\samhe\OneDrive\Desktop\Cleaned\fr
ontend\src\reporting\DashboardConfigurePage\DashboardConfigurePage.tsx:107:29)
          at routeContext (C:\Users\samhe\OneDrive\Desktop\Cleaned\frontend\nod
e_modules\react-router\lib\hooks.tsx:658:26)
          at children (C:\Users\samhe\OneDrive\Desktop\Cleaned\frontend\node_mo
dules\react-router\lib\components.tsx:512:3)
          at basenameProp (C:\Users\samhe\OneDrive\Desktop\Cleaned\frontend\nod
e_modules\react-router\lib\components.tsx:421:13)
          at basename (C:\Users\samhe\OneDrive\Desktop\Cleaned\frontend\node_mo
dules\react-router\lib\components.tsx:225:3)

      452 |                                         type="text"
      453 |                                         value={draftWidget.title}
    > 454 |                                         onChange={(e) => 
setDraftWidget((prev) => prev ? { ...prev, title: e.target.value } : prev)}
          |                                                          ^
      455 |                                         className="border 
border-gray-300 rounded px-3 py-2 text-sm"
      456 |                                     />
      457 |                                 </div>

      at printWarning 
(node_modules/react-dom/cjs/react-dom.development.js:86:30)
      at error (node_modules/react-dom/cjs/react-dom.development.js:60:7)
      at warnIfUpdatesNotWrappedWithActDEV 
(node_modules/react-dom/cjs/react-dom.development.js:27628:9)
      at scheduleUpdateOnFiber 
(node_modules/react-dom/cjs/react-dom.development.js:25547:5)
      at dispatchSetState 
(node_modules/react-dom/cjs/react-dom.development.js:16708:7)
      at onChange 
(src/reporting/DashboardConfigurePage/DashboardConfigurePage.tsx:454:58)
      at HTMLUnknownElement.callCallback 
(node_modules/react-dom/cjs/react-dom.development.js:4164:14)
      at HTMLUnknownElement.callTheUserObjectsOperation 
(node_modules/jsdom/lib/jsdom/living/generated/EventListener.js:26:30)
      at innerInvokeEventListeners 
(node_modules/jsdom/lib/jsdom/living/events/EventTarget-impl.js:350:25)
      at invokeEventListeners 
(node_modules/jsdom/lib/jsdom/living/events/EventTarget-impl.js:286:3)
      at HTMLUnknownElementImpl._dispatch 
(node_modules/jsdom/lib/jsdom/living/events/EventTarget-impl.js:233:9)
      at HTMLUnknownElementImpl.dispatchEvent 
(node_modules/jsdom/lib/jsdom/living/events/EventTarget-impl.js:104:17)
      at HTMLUnknownElement.dispatchEvent 
(node_modules/jsdom/lib/jsdom/living/generated/EventTarget.js:241:34)
      at Object.invokeGuardedCallbackDev 
(node_modules/react-dom/cjs/react-dom.development.js:4213:16)
      at invokeGuardedCallback 
(node_modules/react-dom/cjs/react-dom.development.js:4277:31)
      at invokeGuardedCallbackAndCatchFirstError 
(node_modules/react-dom/cjs/react-dom.development.js:4291:25)
      at executeDispatch 
(node_modules/react-dom/cjs/react-dom.development.js:9041:3)
      at processDispatchQueueItemsInOrder 
(node_modules/react-dom/cjs/react-dom.development.js:9073:7)
      at processDispatchQueue 
(node_modules/react-dom/cjs/react-dom.development.js:9086:5)
      at dispatchEventsForPlugins 
(node_modules/react-dom/cjs/react-dom.development.js:9097:3)
      at node_modules/react-dom/cjs/react-dom.development.js:9288:12
      at batchedUpdates$1 
(node_modules/react-dom/cjs/react-dom.development.js:26179:12)
      at batchedUpdates 
(node_modules/react-dom/cjs/react-dom.development.js:3991:12)
      at dispatchEventForPluginEventSystem 
(node_modules/react-dom/cjs/react-dom.development.js:9287:3)
      at dispatchEventWithEnableCapturePhaseSelectiveHydrationWithoutDiscreteEv
entReplay (node_modules/react-dom/cjs/react-dom.development.js:6465:5)
      at dispatchEvent 
(node_modules/react-dom/cjs/react-dom.development.js:6457:5)
      at dispatchDiscreteEvent 
(node_modules/react-dom/cjs/react-dom.development.js:6430:5)
      at HTMLDivElement.callTheUserObjectsOperation 
(node_modules/jsdom/lib/jsdom/living/generated/EventListener.js:26:30)
      at innerInvokeEventListeners 
(node_modules/jsdom/lib/jsdom/living/events/EventTarget-impl.js:350:25)
      at invokeEventListeners 
(node_modules/jsdom/lib/jsdom/living/events/EventTarget-impl.js:286:3)
      at HTMLInputElementImpl._dispatch 
(node_modules/jsdom/lib/jsdom/living/events/EventTarget-impl.js:233:9)
      at HTMLInputElementImpl.dispatchEvent 
(node_modules/jsdom/lib/jsdom/living/events/EventTarget-impl.js:104:17)
      at HTMLInputElement.dispatchEvent 
(node_modules/jsdom/lib/jsdom/living/generated/EventTarget.js:241:34)
      at 
node_modules/@testing-library/user-event/dist/cjs/event/dispatchEvent.js:45:43
      at Object.eventWrapper 
(node_modules/@testing-library/dom/dist/config.js:25:23)
      at Object.wrapEvent 
(node_modules/@testing-library/user-event/dist/cjs/event/wrapEvent.js:6:28)
      at Object.dispatchEvent (node_modules/@testing-library/user-event/dist/cj
s/event/dispatchEvent.js:45:22)
      at Object.dispatchUIEvent (node_modules/@testing-library/user-event/dist/
cjs/event/dispatchEvent.js:22:26)
      at commitInput 
(node_modules/@testing-library/user-event/dist/cjs/event/input.js:145:14)
      at editInputElement 
(node_modules/@testing-library/user-event/dist/cjs/event/input.js:115:9)
      at Object.input 
(node_modules/@testing-library/user-event/dist/cjs/event/input.js:37:9)
      at node_modules/@testing-library/user-event/dist/cjs/event/behavior/keypr
ess.js:31:26
      at Object.dispatchEvent (node_modules/@testing-library/user-event/dist/cj
s/event/dispatchEvent.js:41:13)
      at Object.dispatchUIEvent (node_modules/@testing-library/user-event/dist/
cjs/event/dispatchEvent.js:22:26)
      at KeyboardHost.keydown 
(node_modules/@testing-library/user-event/dist/cjs/system/keyboard.js:76:22)
      at keyboardAction 
(node_modules/@testing-library/user-event/dist/cjs/keyboard/index.js:22:35)
      at Object.keyboard 
(node_modules/@testing-library/user-event/dist/cjs/keyboard/index.js:11:15)
      at Object.type 
(node_modules/@testing-library/user-event/dist/cjs/utility/type.js:17:5)
      at Object.<anonymous> (src/reporting/__tests__/reports.test.tsx:1265:9)

    console.error
      Warning: An update to DashboardConfigurePage inside a test was not 
wrapped in act(...).
      
      When testing, code that causes React state updates should be wrapped 
into act(...):
      
      act(() => {
        /* fire events that update state */
      });
      /* assert on the output */
      
      This ensures that you're testing the behavior the user would see in the 
browser. Learn more at https://reactjs.org/link/wrap-tests-with-act
          at DashboardConfigurePage (C:\Users\samhe\OneDrive\Desktop\Cleaned\fr
ontend\src\reporting\DashboardConfigurePage\DashboardConfigurePage.tsx:107:29)
          at routeContext (C:\Users\samhe\OneDrive\Desktop\Cleaned\frontend\nod
e_modules\react-router\lib\hooks.tsx:658:26)
          at children (C:\Users\samhe\OneDrive\Desktop\Cleaned\frontend\node_mo
dules\react-router\lib\components.tsx:512:3)
          at basenameProp (C:\Users\samhe\OneDrive\Desktop\Cleaned\frontend\nod
e_modules\react-router\lib\components.tsx:421:13)
          at basename (C:\Users\samhe\OneDrive\Desktop\Cleaned\frontend\node_mo
dules\react-router\lib\components.tsx:225:3)

      452 |                                         type="text"
      453 |                                         value={draftWidget.title}
    > 454 |                                         onChange={(e) => 
setDraftWidget((prev) => prev ? { ...prev, title: e.target.value } : prev)}
          |                                                          ^
      455 |                                         className="border 
border-gray-300 rounded px-3 py-2 text-sm"
      456 |                                     />
      457 |                                 </div>

      at printWarning 
(node_modules/react-dom/cjs/react-dom.development.js:86:30)
      at error (node_modules/react-dom/cjs/react-dom.development.js:60:7)
      at warnIfUpdatesNotWrappedWithActDEV 
(node_modules/react-dom/cjs/react-dom.development.js:27628:9)
      at scheduleUpdateOnFiber 
(node_modules/react-dom/cjs/react-dom.development.js:25547:5)
      at dispatchSetState 
(node_modules/react-dom/cjs/react-dom.development.js:16708:7)
      at onChange 
(src/reporting/DashboardConfigurePage/DashboardConfigurePage.tsx:454:58)
      at HTMLUnknownElement.callCallback 
(node_modules/react-dom/cjs/react-dom.development.js:4164:14)
      at HTMLUnknownElement.callTheUserObjectsOperation 
(node_modules/jsdom/lib/jsdom/living/generated/EventListener.js:26:30)
      at innerInvokeEventListeners 
(node_modules/jsdom/lib/jsdom/living/events/EventTarget-impl.js:350:25)
      at invokeEventListeners 
(node_modules/jsdom/lib/jsdom/living/events/EventTarget-impl.js:286:3)
      at HTMLUnknownElementImpl._dispatch 
(node_modules/jsdom/lib/jsdom/living/events/EventTarget-impl.js:233:9)
      at HTMLUnknownElementImpl.dispatchEvent 
(node_modules/jsdom/lib/jsdom/living/events/EventTarget-impl.js:104:17)
      at HTMLUnknownElement.dispatchEvent 
(node_modules/jsdom/lib/jsdom/living/generated/EventTarget.js:241:34)
      at Object.invokeGuardedCallbackDev 
(node_modules/react-dom/cjs/react-dom.development.js:4213:16)
      at invokeGuardedCallback 
(node_modules/react-dom/cjs/react-dom.development.js:4277:31)
      at invokeGuardedCallbackAndCatchFirstError 
(node_modules/react-dom/cjs/react-dom.development.js:4291:25)
      at executeDispatch 
(node_modules/react-dom/cjs/react-dom.development.js:9041:3)
      at processDispatchQueueItemsInOrder 
(node_modules/react-dom/cjs/react-dom.development.js:9073:7)
      at processDispatchQueue 
(node_modules/react-dom/cjs/react-dom.development.js:9086:5)
      at dispatchEventsForPlugins 
(node_modules/react-dom/cjs/react-dom.development.js:9097:3)
      at node_modules/react-dom/cjs/react-dom.development.js:9288:12
      at batchedUpdates$1 
(node_modules/react-dom/cjs/react-dom.development.js:26179:12)
      at batchedUpdates 
(node_modules/react-dom/cjs/react-dom.development.js:3991:12)
      at dispatchEventForPluginEventSystem 
(node_modules/react-dom/cjs/react-dom.development.js:9287:3)
      at dispatchEventWithEnableCapturePhaseSelectiveHydrationWithoutDiscreteEv
entReplay (node_modules/react-dom/cjs/react-dom.development.js:6465:5)
      at dispatchEvent 
(node_modules/react-dom/cjs/react-dom.development.js:6457:5)
      at dispatchDiscreteEvent 
(node_modules/react-dom/cjs/react-dom.development.js:6430:5)
      at HTMLDivElement.callTheUserObjectsOperation 
(node_modules/jsdom/lib/jsdom/living/generated/EventListener.js:26:30)
      at innerInvokeEventListeners 
(node_modules/jsdom/lib/jsdom/living/events/EventTarget-impl.js:350:25)
      at invokeEventListeners 
(node_modules/jsdom/lib/jsdom/living/events/EventTarget-impl.js:286:3)
      at HTMLInputElementImpl._dispatch 
(node_modules/jsdom/lib/jsdom/living/events/EventTarget-impl.js:233:9)
      at HTMLInputElementImpl.dispatchEvent 
(node_modules/jsdom/lib/jsdom/living/events/EventTarget-impl.js:104:17)
      at HTMLInputElement.dispatchEvent 
(node_modules/jsdom/lib/jsdom/living/generated/EventTarget.js:241:34)
      at 
node_modules/@testing-library/user-event/dist/cjs/event/dispatchEvent.js:45:43
      at Object.eventWrapper 
(node_modules/@testing-library/dom/dist/config.js:25:23)
      at Object.wrapEvent 
(node_modules/@testing-library/user-event/dist/cjs/event/wrapEvent.js:6:28)
      at Object.dispatchEvent (node_modules/@testing-library/user-event/dist/cj
s/event/dispatchEvent.js:45:22)
      at Object.dispatchUIEvent (node_modules/@testing-library/user-event/dist/
cjs/event/dispatchEvent.js:22:26)
      at commitInput 
(node_modules/@testing-library/user-event/dist/cjs/event/input.js:145:14)
      at editInputElement 
(node_modules/@testing-library/user-event/dist/cjs/event/input.js:115:9)
      at Object.input 
(node_modules/@testing-library/user-event/dist/cjs/event/input.js:37:9)
      at node_modules/@testing-library/user-event/dist/cjs/event/behavior/keypr
ess.js:31:26
      at Object.dispatchEvent (node_modules/@testing-library/user-event/dist/cj
s/event/dispatchEvent.js:41:13)
      at Object.dispatchUIEvent (node_modules/@testing-library/user-event/dist/
cjs/event/dispatchEvent.js:22:26)
      at KeyboardHost.keydown 
(node_modules/@testing-library/user-event/dist/cjs/system/keyboard.js:76:22)
      at keyboardAction 
(node_modules/@testing-library/user-event/dist/cjs/keyboard/index.js:22:35)
      at Object.keyboard 
(node_modules/@testing-library/user-event/dist/cjs/keyboard/index.js:11:15)
      at Object.type 
(node_modules/@testing-library/user-event/dist/cjs/utility/type.js:17:5)
      at Object.<anonymous> (src/reporting/__tests__/reports.test.tsx:1265:9)

    console.error
      Warning: An update to DashboardConfigurePage inside a test was not 
wrapped in act(...).
      
      When testing, code that causes React state updates should be wrapped 
into act(...):
      
      act(() => {
        /* fire events that update state */
      });
      /* assert on the output */
      
      This ensures that you're testing the behavior the user would see in the 
browser. Learn more at https://reactjs.org/link/wrap-tests-with-act
          at DashboardConfigurePage (C:\Users\samhe\OneDrive\Desktop\Cleaned\fr
ontend\src\reporting\DashboardConfigurePage\DashboardConfigurePage.tsx:107:29)
          at routeContext (C:\Users\samhe\OneDrive\Desktop\Cleaned\frontend\nod
e_modules\react-router\lib\hooks.tsx:658:26)
          at children (C:\Users\samhe\OneDrive\Desktop\Cleaned\frontend\node_mo
dules\react-router\lib\components.tsx:512:3)
          at basenameProp (C:\Users\samhe\OneDrive\Desktop\Cleaned\frontend\nod
e_modules\react-router\lib\components.tsx:421:13)
          at basename (C:\Users\samhe\OneDrive\Desktop\Cleaned\frontend\node_mo
dules\react-router\lib\components.tsx:225:3)

      452 |                                         type="text"
      453 |                                         value={draftWidget.title}
    > 454 |                                         onChange={(e) => 
setDraftWidget((prev) => prev ? { ...prev, title: e.target.value } : prev)}
          |                                                          ^
      455 |                                         className="border 
border-gray-300 rounded px-3 py-2 text-sm"
      456 |                                     />
      457 |                                 </div>

      at printWarning 
(node_modules/react-dom/cjs/react-dom.development.js:86:30)
      at error (node_modules/react-dom/cjs/react-dom.development.js:60:7)
      at warnIfUpdatesNotWrappedWithActDEV 
(node_modules/react-dom/cjs/react-dom.development.js:27628:9)
      at scheduleUpdateOnFiber 
(node_modules/react-dom/cjs/react-dom.development.js:25547:5)
      at dispatchSetState 
(node_modules/react-dom/cjs/react-dom.development.js:16708:7)
      at onChange 
(src/reporting/DashboardConfigurePage/DashboardConfigurePage.tsx:454:58)
      at HTMLUnknownElement.callCallback 
(node_modules/react-dom/cjs/react-dom.development.js:4164:14)
      at HTMLUnknownElement.callTheUserObjectsOperation 
(node_modules/jsdom/lib/jsdom/living/generated/EventListener.js:26:30)
      at innerInvokeEventListeners 
(node_modules/jsdom/lib/jsdom/living/events/EventTarget-impl.js:350:25)
      at invokeEventListeners 
(node_modules/jsdom/lib/jsdom/living/events/EventTarget-impl.js:286:3)
      at HTMLUnknownElementImpl._dispatch 
(node_modules/jsdom/lib/jsdom/living/events/EventTarget-impl.js:233:9)
      at HTMLUnknownElementImpl.dispatchEvent 
(node_modules/jsdom/lib/jsdom/living/events/EventTarget-impl.js:104:17)
      at HTMLUnknownElement.dispatchEvent 
(node_modules/jsdom/lib/jsdom/living/generated/EventTarget.js:241:34)
      at Object.invokeGuardedCallbackDev 
(node_modules/react-dom/cjs/react-dom.development.js:4213:16)
      at invokeGuardedCallback 
(node_modules/react-dom/cjs/react-dom.development.js:4277:31)
      at invokeGuardedCallbackAndCatchFirstError 
(node_modules/react-dom/cjs/react-dom.development.js:4291:25)
      at executeDispatch 
(node_modules/react-dom/cjs/react-dom.development.js:9041:3)
      at processDispatchQueueItemsInOrder 
(node_modules/react-dom/cjs/react-dom.development.js:9073:7)
      at processDispatchQueue 
(node_modules/react-dom/cjs/react-dom.development.js:9086:5)
      at dispatchEventsForPlugins 
(node_modules/react-dom/cjs/react-dom.development.js:9097:3)
      at node_modules/react-dom/cjs/react-dom.development.js:9288:12
      at batchedUpdates$1 
(node_modules/react-dom/cjs/react-dom.development.js:26179:12)
      at batchedUpdates 
(node_modules/react-dom/cjs/react-dom.development.js:3991:12)
      at dispatchEventForPluginEventSystem 
(node_modules/react-dom/cjs/react-dom.development.js:9287:3)
      at dispatchEventWithEnableCapturePhaseSelectiveHydrationWithoutDiscreteEv
entReplay (node_modules/react-dom/cjs/react-dom.development.js:6465:5)
      at dispatchEvent 
(node_modules/react-dom/cjs/react-dom.development.js:6457:5)
      at dispatchDiscreteEvent 
(node_modules/react-dom/cjs/react-dom.development.js:6430:5)
      at HTMLDivElement.callTheUserObjectsOperation 
(node_modules/jsdom/lib/jsdom/living/generated/EventListener.js:26:30)
      at innerInvokeEventListeners 
(node_modules/jsdom/lib/jsdom/living/events/EventTarget-impl.js:350:25)
      at invokeEventListeners 
(node_modules/jsdom/lib/jsdom/living/events/EventTarget-impl.js:286:3)
      at HTMLInputElementImpl._dispatch 
(node_modules/jsdom/lib/jsdom/living/events/EventTarget-impl.js:233:9)
      at HTMLInputElementImpl.dispatchEvent 
(node_modules/jsdom/lib/jsdom/living/events/EventTarget-impl.js:104:17)
      at HTMLInputElement.dispatchEvent 
(node_modules/jsdom/lib/jsdom/living/generated/EventTarget.js:241:34)
      at 
node_modules/@testing-library/user-event/dist/cjs/event/dispatchEvent.js:45:43
      at Object.eventWrapper 
(node_modules/@testing-library/dom/dist/config.js:25:23)
      at Object.wrapEvent 
(node_modules/@testing-library/user-event/dist/cjs/event/wrapEvent.js:6:28)
      at Object.dispatchEvent (node_modules/@testing-library/user-event/dist/cj
s/event/dispatchEvent.js:45:22)
      at Object.dispatchUIEvent (node_modules/@testing-library/user-event/dist/
cjs/event/dispatchEvent.js:22:26)
      at commitInput 
(node_modules/@testing-library/user-event/dist/cjs/event/input.js:145:14)
      at editInputElement 
(node_modules/@testing-library/user-event/dist/cjs/event/input.js:115:9)
      at Object.input 
(node_modules/@testing-library/user-event/dist/cjs/event/input.js:37:9)
      at node_modules/@testing-library/user-event/dist/cjs/event/behavior/keypr
ess.js:31:26
      at Object.dispatchEvent (node_modules/@testing-library/user-event/dist/cj
s/event/dispatchEvent.js:41:13)
      at Object.dispatchUIEvent (node_modules/@testing-library/user-event/dist/
cjs/event/dispatchEvent.js:22:26)
      at KeyboardHost.keydown 
(node_modules/@testing-library/user-event/dist/cjs/system/keyboard.js:76:22)
      at keyboardAction 
(node_modules/@testing-library/user-event/dist/cjs/keyboard/index.js:22:35)
      at Object.keyboard 
(node_modules/@testing-library/user-event/dist/cjs/keyboard/index.js:11:15)
      at Object.type 
(node_modules/@testing-library/user-event/dist/cjs/utility/type.js:17:5)
      at Object.<anonymous> (src/reporting/__tests__/reports.test.tsx:1265:9)

    console.error
      Warning: An update to DashboardConfigurePage inside a test was not 
wrapped in act(...).
      
      When testing, code that causes React state updates should be wrapped 
into act(...):
      
      act(() => {
        /* fire events that update state */
      });
      /* assert on the output */
      
      This ensures that you're testing the behavior the user would see in the 
browser. Learn more at https://reactjs.org/link/wrap-tests-with-act
          at DashboardConfigurePage (C:\Users\samhe\OneDrive\Desktop\Cleaned\fr
ontend\src\reporting\DashboardConfigurePage\DashboardConfigurePage.tsx:107:29)
          at routeContext (C:\Users\samhe\OneDrive\Desktop\Cleaned\frontend\nod
e_modules\react-router\lib\hooks.tsx:658:26)
          at children (C:\Users\samhe\OneDrive\Desktop\Cleaned\frontend\node_mo
dules\react-router\lib\components.tsx:512:3)
          at basenameProp (C:\Users\samhe\OneDrive\Desktop\Cleaned\frontend\nod
e_modules\react-router\lib\components.tsx:421:13)
          at basename (C:\Users\samhe\OneDrive\Desktop\Cleaned\frontend\node_mo
dules\react-router\lib\components.tsx:225:3)

      452 |                                         type="text"
      453 |                                         value={draftWidget.title}
    > 454 |                                         onChange={(e) => 
setDraftWidget((prev) => prev ? { ...prev, title: e.target.value } : prev)}
          |                                                          ^
      455 |                                         className="border 
border-gray-300 rounded px-3 py-2 text-sm"
      456 |                                     />
      457 |                                 </div>

      at printWarning 
(node_modules/react-dom/cjs/react-dom.development.js:86:30)
      at error (node_modules/react-dom/cjs/react-dom.development.js:60:7)
      at warnIfUpdatesNotWrappedWithActDEV 
(node_modules/react-dom/cjs/react-dom.development.js:27628:9)
      at scheduleUpdateOnFiber 
(node_modules/react-dom/cjs/react-dom.development.js:25547:5)
      at dispatchSetState 
(node_modules/react-dom/cjs/react-dom.development.js:16708:7)
      at onChange 
(src/reporting/DashboardConfigurePage/DashboardConfigurePage.tsx:454:58)
      at HTMLUnknownElement.callCallback 
(node_modules/react-dom/cjs/react-dom.development.js:4164:14)
      at HTMLUnknownElement.callTheUserObjectsOperation 
(node_modules/jsdom/lib/jsdom/living/generated/EventListener.js:26:30)
      at innerInvokeEventListeners 
(node_modules/jsdom/lib/jsdom/living/events/EventTarget-impl.js:350:25)
      at invokeEventListeners 
(node_modules/jsdom/lib/jsdom/living/events/EventTarget-impl.js:286:3)
      at HTMLUnknownElementImpl._dispatch 
(node_modules/jsdom/lib/jsdom/living/events/EventTarget-impl.js:233:9)
      at HTMLUnknownElementImpl.dispatchEvent 
(node_modules/jsdom/lib/jsdom/living/events/EventTarget-impl.js:104:17)
      at HTMLUnknownElement.dispatchEvent 
(node_modules/jsdom/lib/jsdom/living/generated/EventTarget.js:241:34)
      at Object.invokeGuardedCallbackDev 
(node_modules/react-dom/cjs/react-dom.development.js:4213:16)
      at invokeGuardedCallback 
(node_modules/react-dom/cjs/react-dom.development.js:4277:31)
      at invokeGuardedCallbackAndCatchFirstError 
(node_modules/react-dom/cjs/react-dom.development.js:4291:25)
      at executeDispatch 
(node_modules/react-dom/cjs/react-dom.development.js:9041:3)
      at processDispatchQueueItemsInOrder 
(node_modules/react-dom/cjs/react-dom.development.js:9073:7)
      at processDispatchQueue 
(node_modules/react-dom/cjs/react-dom.development.js:9086:5)
      at dispatchEventsForPlugins 
(node_modules/react-dom/cjs/react-dom.development.js:9097:3)
      at node_modules/react-dom/cjs/react-dom.development.js:9288:12
      at batchedUpdates$1 
(node_modules/react-dom/cjs/react-dom.development.js:26179:12)
      at batchedUpdates 
(node_modules/react-dom/cjs/react-dom.development.js:3991:12)
      at dispatchEventForPluginEventSystem 
(node_modules/react-dom/cjs/react-dom.development.js:9287:3)
      at dispatchEventWithEnableCapturePhaseSelectiveHydrationWithoutDiscreteEv
entReplay (node_modules/react-dom/cjs/react-dom.development.js:6465:5)
      at dispatchEvent 
(node_modules/react-dom/cjs/react-dom.development.js:6457:5)
      at dispatchDiscreteEvent 
(node_modules/react-dom/cjs/react-dom.development.js:6430:5)
      at HTMLDivElement.callTheUserObjectsOperation 
(node_modules/jsdom/lib/jsdom/living/generated/EventListener.js:26:30)
      at innerInvokeEventListeners 
(node_modules/jsdom/lib/jsdom/living/events/EventTarget-impl.js:350:25)
      at invokeEventListeners 
(node_modules/jsdom/lib/jsdom/living/events/EventTarget-impl.js:286:3)
      at HTMLInputElementImpl._dispatch 
(node_modules/jsdom/lib/jsdom/living/events/EventTarget-impl.js:233:9)
      at HTMLInputElementImpl.dispatchEvent 
(node_modules/jsdom/lib/jsdom/living/events/EventTarget-impl.js:104:17)
      at HTMLInputElement.dispatchEvent 
(node_modules/jsdom/lib/jsdom/living/generated/EventTarget.js:241:34)
      at 
node_modules/@testing-library/user-event/dist/cjs/event/dispatchEvent.js:45:43
      at Object.eventWrapper 
(node_modules/@testing-library/dom/dist/config.js:25:23)
      at Object.wrapEvent 
(node_modules/@testing-library/user-event/dist/cjs/event/wrapEvent.js:6:28)
      at Object.dispatchEvent (node_modules/@testing-library/user-event/dist/cj
s/event/dispatchEvent.js:45:22)
      at Object.dispatchUIEvent (node_modules/@testing-library/user-event/dist/
cjs/event/dispatchEvent.js:22:26)
      at commitInput 
(node_modules/@testing-library/user-event/dist/cjs/event/input.js:145:14)
      at editInputElement 
(node_modules/@testing-library/user-event/dist/cjs/event/input.js:115:9)
      at Object.input 
(node_modules/@testing-library/user-event/dist/cjs/event/input.js:37:9)
      at node_modules/@testing-library/user-event/dist/cjs/event/behavior/keypr
ess.js:31:26
      at Object.dispatchEvent (node_modules/@testing-library/user-event/dist/cj
s/event/dispatchEvent.js:41:13)
      at Object.dispatchUIEvent (node_modules/@testing-library/user-event/dist/
cjs/event/dispatchEvent.js:22:26)
      at KeyboardHost.keydown 
(node_modules/@testing-library/user-event/dist/cjs/system/keyboard.js:76:22)
      at keyboardAction 
(node_modules/@testing-library/user-event/dist/cjs/keyboard/index.js:22:35)
      at Object.keyboard 
(node_modules/@testing-library/user-event/dist/cjs/keyboard/index.js:11:15)
      at Object.type 
(node_modules/@testing-library/user-event/dist/cjs/utility/type.js:17:5)
      at Object.<anonymous> (src/reporting/__tests__/reports.test.tsx:1265:9)

    console.error
      Warning: An update to DashboardConfigurePage inside a test was not 
wrapped in act(...).
      
      When testing, code that causes React state updates should be wrapped 
into act(...):
      
      act(() => {
        /* fire events that update state */
      });
      /* assert on the output */
      
      This ensures that you're testing the behavior the user would see in the 
browser. Learn more at https://reactjs.org/link/wrap-tests-with-act
          at DashboardConfigurePage (C:\Users\samhe\OneDrive\Desktop\Cleaned\fr
ontend\src\reporting\DashboardConfigurePage\DashboardConfigurePage.tsx:107:29)
          at routeContext (C:\Users\samhe\OneDrive\Desktop\Cleaned\frontend\nod
e_modules\react-router\lib\hooks.tsx:658:26)
          at children (C:\Users\samhe\OneDrive\Desktop\Cleaned\frontend\node_mo
dules\react-router\lib\components.tsx:512:3)
          at basenameProp (C:\Users\samhe\OneDrive\Desktop\Cleaned\frontend\nod
e_modules\react-router\lib\components.tsx:421:13)
          at basename (C:\Users\samhe\OneDrive\Desktop\Cleaned\frontend\node_mo
dules\react-router\lib\components.tsx:225:3)

      452 |                                         type="text"
      453 |                                         value={draftWidget.title}
    > 454 |                                         onChange={(e) => 
setDraftWidget((prev) => prev ? { ...prev, title: e.target.value } : prev)}
          |                                                          ^
      455 |                                         className="border 
border-gray-300 rounded px-3 py-2 text-sm"
      456 |                                     />
      457 |                                 </div>

      at printWarning 
(node_modules/react-dom/cjs/react-dom.development.js:86:30)
      at error (node_modules/react-dom/cjs/react-dom.development.js:60:7)
      at warnIfUpdatesNotWrappedWithActDEV 
(node_modules/react-dom/cjs/react-dom.development.js:27628:9)
      at scheduleUpdateOnFiber 
(node_modules/react-dom/cjs/react-dom.development.js:25547:5)
      at dispatchSetState 
(node_modules/react-dom/cjs/react-dom.development.js:16708:7)
      at onChange 
(src/reporting/DashboardConfigurePage/DashboardConfigurePage.tsx:454:58)
      at HTMLUnknownElement.callCallback 
(node_modules/react-dom/cjs/react-dom.development.js:4164:14)
      at HTMLUnknownElement.callTheUserObjectsOperation 
(node_modules/jsdom/lib/jsdom/living/generated/EventListener.js:26:30)
      at innerInvokeEventListeners 
(node_modules/jsdom/lib/jsdom/living/events/EventTarget-impl.js:350:25)
      at invokeEventListeners 
(node_modules/jsdom/lib/jsdom/living/events/EventTarget-impl.js:286:3)
      at HTMLUnknownElementImpl._dispatch 
(node_modules/jsdom/lib/jsdom/living/events/EventTarget-impl.js:233:9)
      at HTMLUnknownElementImpl.dispatchEvent 
(node_modules/jsdom/lib/jsdom/living/events/EventTarget-impl.js:104:17)
      at HTMLUnknownElement.dispatchEvent 
(node_modules/jsdom/lib/jsdom/living/generated/EventTarget.js:241:34)
      at Object.invokeGuardedCallbackDev 
(node_modules/react-dom/cjs/react-dom.development.js:4213:16)
      at invokeGuardedCallback 
(node_modules/react-dom/cjs/react-dom.development.js:4277:31)
      at invokeGuardedCallbackAndCatchFirstError 
(node_modules/react-dom/cjs/react-dom.development.js:4291:25)
      at executeDispatch 
(node_modules/react-dom/cjs/react-dom.development.js:9041:3)
      at processDispatchQueueItemsInOrder 
(node_modules/react-dom/cjs/react-dom.development.js:9073:7)
      at processDispatchQueue 
(node_modules/react-dom/cjs/react-dom.development.js:9086:5)
      at dispatchEventsForPlugins 
(node_modules/react-dom/cjs/react-dom.development.js:9097:3)
      at node_modules/react-dom/cjs/react-dom.development.js:9288:12
      at batchedUpdates$1 
(node_modules/react-dom/cjs/react-dom.development.js:26179:12)
      at batchedUpdates 
(node_modules/react-dom/cjs/react-dom.development.js:3991:12)
      at dispatchEventForPluginEventSystem 
(node_modules/react-dom/cjs/react-dom.development.js:9287:3)
      at dispatchEventWithEnableCapturePhaseSelectiveHydrationWithoutDiscreteEv
entReplay (node_modules/react-dom/cjs/react-dom.development.js:6465:5)
      at dispatchEvent 
(node_modules/react-dom/cjs/react-dom.development.js:6457:5)
      at dispatchDiscreteEvent 
(node_modules/react-dom/cjs/react-dom.development.js:6430:5)
      at HTMLDivElement.callTheUserObjectsOperation 
(node_modules/jsdom/lib/jsdom/living/generated/EventListener.js:26:30)
      at innerInvokeEventListeners 
(node_modules/jsdom/lib/jsdom/living/events/EventTarget-impl.js:350:25)
      at invokeEventListeners 
(node_modules/jsdom/lib/jsdom/living/events/EventTarget-impl.js:286:3)
      at HTMLInputElementImpl._dispatch 
(node_modules/jsdom/lib/jsdom/living/events/EventTarget-impl.js:233:9)
      at HTMLInputElementImpl.dispatchEvent 
(node_modules/jsdom/lib/jsdom/living/events/EventTarget-impl.js:104:17)
      at HTMLInputElement.dispatchEvent 
(node_modules/jsdom/lib/jsdom/living/generated/EventTarget.js:241:34)
      at 
node_modules/@testing-library/user-event/dist/cjs/event/dispatchEvent.js:45:43
      at Object.eventWrapper 
(node_modules/@testing-library/dom/dist/config.js:25:23)
      at Object.wrapEvent 
(node_modules/@testing-library/user-event/dist/cjs/event/wrapEvent.js:6:28)
      at Object.dispatchEvent (node_modules/@testing-library/user-event/dist/cj
s/event/dispatchEvent.js:45:22)
      at Object.dispatchUIEvent (node_modules/@testing-library/user-event/dist/
cjs/event/dispatchEvent.js:22:26)
      at commitInput 
(node_modules/@testing-library/user-event/dist/cjs/event/input.js:145:14)
      at editInputElement 
(node_modules/@testing-library/user-event/dist/cjs/event/input.js:115:9)
      at Object.input 
(node_modules/@testing-library/user-event/dist/cjs/event/input.js:37:9)
      at node_modules/@testing-library/user-event/dist/cjs/event/behavior/keypr
ess.js:31:26
      at Object.dispatchEvent (node_modules/@testing-library/user-event/dist/cj
s/event/dispatchEvent.js:41:13)
      at Object.dispatchUIEvent (node_modules/@testing-library/user-event/dist/
cjs/event/dispatchEvent.js:22:26)
      at KeyboardHost.keydown 
(node_modules/@testing-library/user-event/dist/cjs/system/keyboard.js:76:22)
      at keyboardAction 
(node_modules/@testing-library/user-event/dist/cjs/keyboard/index.js:22:35)
      at Object.keyboard 
(node_modules/@testing-library/user-event/dist/cjs/keyboard/index.js:11:15)
      at Object.type 
(node_modules/@testing-library/user-event/dist/cjs/utility/type.js:17:5)
      at Object.<anonymous> (src/reporting/__tests__/reports.test.tsx:1265:9)

    console.error
      Warning: An update to DashboardConfigurePage inside a test was not 
wrapped in act(...).
      
      When testing, code that causes React state updates should be wrapped 
into act(...):
      
      act(() => {
        /* fire events that update state */
      });
      /* assert on the output */
      
      This ensures that you're testing the behavior the user would see in the 
browser. Learn more at https://reactjs.org/link/wrap-tests-with-act
          at DashboardConfigurePage (C:\Users\samhe\OneDrive\Desktop\Cleaned\fr
ontend\src\reporting\DashboardConfigurePage\DashboardConfigurePage.tsx:107:29)
          at routeContext (C:\Users\samhe\OneDrive\Desktop\Cleaned\frontend\nod
e_modules\react-router\lib\hooks.tsx:658:26)
          at children (C:\Users\samhe\OneDrive\Desktop\Cleaned\frontend\node_mo
dules\react-router\lib\components.tsx:512:3)
          at basenameProp (C:\Users\samhe\OneDrive\Desktop\Cleaned\frontend\nod
e_modules\react-router\lib\components.tsx:421:13)
          at basename (C:\Users\samhe\OneDrive\Desktop\Cleaned\frontend\node_mo
dules\react-router\lib\components.tsx:225:3)

      452 |                                         type="text"
      453 |                                         value={draftWidget.title}
    > 454 |                                         onChange={(e) => 
setDraftWidget((prev) => prev ? { ...prev, title: e.target.value } : prev)}
          |                                                          ^
      455 |                                         className="border 
border-gray-300 rounded px-3 py-2 text-sm"
      456 |                                     />
      457 |                                 </div>

      at printWarning 
(node_modules/react-dom/cjs/react-dom.development.js:86:30)
      at error (node_modules/react-dom/cjs/react-dom.development.js:60:7)
      at warnIfUpdatesNotWrappedWithActDEV 
(node_modules/react-dom/cjs/react-dom.development.js:27628:9)
      at scheduleUpdateOnFiber 
(node_modules/react-dom/cjs/react-dom.development.js:25547:5)
      at dispatchSetState 
(node_modules/react-dom/cjs/react-dom.development.js:16708:7)
      at onChange 
(src/reporting/DashboardConfigurePage/DashboardConfigurePage.tsx:454:58)
      at HTMLUnknownElement.callCallback 
(node_modules/react-dom/cjs/react-dom.development.js:4164:14)
      at HTMLUnknownElement.callTheUserObjectsOperation 
(node_modules/jsdom/lib/jsdom/living/generated/EventListener.js:26:30)
      at innerInvokeEventListeners 
(node_modules/jsdom/lib/jsdom/living/events/EventTarget-impl.js:350:25)
      at invokeEventListeners 
(node_modules/jsdom/lib/jsdom/living/events/EventTarget-impl.js:286:3)
      at HTMLUnknownElementImpl._dispatch 
(node_modules/jsdom/lib/jsdom/living/events/EventTarget-impl.js:233:9)
      at HTMLUnknownElementImpl.dispatchEvent 
(node_modules/jsdom/lib/jsdom/living/events/EventTarget-impl.js:104:17)
      at HTMLUnknownElement.dispatchEvent 
(node_modules/jsdom/lib/jsdom/living/generated/EventTarget.js:241:34)
      at Object.invokeGuardedCallbackDev 
(node_modules/react-dom/cjs/react-dom.development.js:4213:16)
      at invokeGuardedCallback 
(node_modules/react-dom/cjs/react-dom.development.js:4277:31)
      at invokeGuardedCallbackAndCatchFirstError 
(node_modules/react-dom/cjs/react-dom.development.js:4291:25)
      at executeDispatch 
(node_modules/react-dom/cjs/react-dom.development.js:9041:3)
      at processDispatchQueueItemsInOrder 
(node_modules/react-dom/cjs/react-dom.development.js:9073:7)
      at processDispatchQueue 
(node_modules/react-dom/cjs/react-dom.development.js:9086:5)
      at dispatchEventsForPlugins 
(node_modules/react-dom/cjs/react-dom.development.js:9097:3)
      at node_modules/react-dom/cjs/react-dom.development.js:9288:12
      at batchedUpdates$1 
(node_modules/react-dom/cjs/react-dom.development.js:26179:12)
      at batchedUpdates 
(node_modules/react-dom/cjs/react-dom.development.js:3991:12)
      at dispatchEventForPluginEventSystem 
(node_modules/react-dom/cjs/react-dom.development.js:9287:3)
      at dispatchEventWithEnableCapturePhaseSelectiveHydrationWithoutDiscreteEv
entReplay (node_modules/react-dom/cjs/react-dom.development.js:6465:5)
      at dispatchEvent 
(node_modules/react-dom/cjs/react-dom.development.js:6457:5)
      at dispatchDiscreteEvent 
(node_modules/react-dom/cjs/react-dom.development.js:6430:5)
      at HTMLDivElement.callTheUserObjectsOperation 
(node_modules/jsdom/lib/jsdom/living/generated/EventListener.js:26:30)
      at innerInvokeEventListeners 
(node_modules/jsdom/lib/jsdom/living/events/EventTarget-impl.js:350:25)
      at invokeEventListeners 
(node_modules/jsdom/lib/jsdom/living/events/EventTarget-impl.js:286:3)
      at HTMLInputElementImpl._dispatch 
(node_modules/jsdom/lib/jsdom/living/events/EventTarget-impl.js:233:9)
      at HTMLInputElementImpl.dispatchEvent 
(node_modules/jsdom/lib/jsdom/living/events/EventTarget-impl.js:104:17)
      at HTMLInputElement.dispatchEvent 
(node_modules/jsdom/lib/jsdom/living/generated/EventTarget.js:241:34)
      at 
node_modules/@testing-library/user-event/dist/cjs/event/dispatchEvent.js:45:43
      at Object.eventWrapper 
(node_modules/@testing-library/dom/dist/config.js:25:23)
      at Object.wrapEvent 
(node_modules/@testing-library/user-event/dist/cjs/event/wrapEvent.js:6:28)
      at Object.dispatchEvent (node_modules/@testing-library/user-event/dist/cj
s/event/dispatchEvent.js:45:22)
      at Object.dispatchUIEvent (node_modules/@testing-library/user-event/dist/
cjs/event/dispatchEvent.js:22:26)
      at commitInput 
(node_modules/@testing-library/user-event/dist/cjs/event/input.js:145:14)
      at editInputElement 
(node_modules/@testing-library/user-event/dist/cjs/event/input.js:115:9)
      at Object.input 
(node_modules/@testing-library/user-event/dist/cjs/event/input.js:37:9)
      at node_modules/@testing-library/user-event/dist/cjs/event/behavior/keypr
ess.js:31:26
      at Object.dispatchEvent (node_modules/@testing-library/user-event/dist/cj
s/event/dispatchEvent.js:41:13)
      at Object.dispatchUIEvent (node_modules/@testing-library/user-event/dist/
cjs/event/dispatchEvent.js:22:26)
      at KeyboardHost.keydown 
(node_modules/@testing-library/user-event/dist/cjs/system/keyboard.js:76:22)
      at keyboardAction 
(node_modules/@testing-library/user-event/dist/cjs/keyboard/index.js:22:35)
      at Object.keyboard 
(node_modules/@testing-library/user-event/dist/cjs/keyboard/index.js:11:15)
      at Object.type 
(node_modules/@testing-library/user-event/dist/cjs/utility/type.js:17:5)
      at Object.<anonymous> (src/reporting/__tests__/reports.test.tsx:1265:9)

    console.error
      Warning: An update to DashboardConfigurePage inside a test was not 
wrapped in act(...).
      
      When testing, code that causes React state updates should be wrapped 
into act(...):
      
      act(() => {
        /* fire events that update state */
      });
      /* assert on the output */
      
      This ensures that you're testing the behavior the user would see in the 
browser. Learn more at https://reactjs.org/link/wrap-tests-with-act
          at DashboardConfigurePage (C:\Users\samhe\OneDrive\Desktop\Cleaned\fr
ontend\src\reporting\DashboardConfigurePage\DashboardConfigurePage.tsx:107:29)
          at routeContext (C:\Users\samhe\OneDrive\Desktop\Cleaned\frontend\nod
e_modules\react-router\lib\hooks.tsx:658:26)
          at children (C:\Users\samhe\OneDrive\Desktop\Cleaned\frontend\node_mo
dules\react-router\lib\components.tsx:512:3)
          at basenameProp (C:\Users\samhe\OneDrive\Desktop\Cleaned\frontend\nod
e_modules\react-router\lib\components.tsx:421:13)
          at basename (C:\Users\samhe\OneDrive\Desktop\Cleaned\frontend\node_mo
dules\react-router\lib\components.tsx:225:3)

      452 |                                         type="text"
      453 |                                         value={draftWidget.title}
    > 454 |                                         onChange={(e) => 
setDraftWidget((prev) => prev ? { ...prev, title: e.target.value } : prev)}
          |                                                          ^
      455 |                                         className="border 
border-gray-300 rounded px-3 py-2 text-sm"
      456 |                                     />
      457 |                                 </div>

      at printWarning 
(node_modules/react-dom/cjs/react-dom.development.js:86:30)
      at error (node_modules/react-dom/cjs/react-dom.development.js:60:7)
      at warnIfUpdatesNotWrappedWithActDEV 
(node_modules/react-dom/cjs/react-dom.development.js:27628:9)
      at scheduleUpdateOnFiber 
(node_modules/react-dom/cjs/react-dom.development.js:25547:5)
      at dispatchSetState 
(node_modules/react-dom/cjs/react-dom.development.js:16708:7)
      at onChange 
(src/reporting/DashboardConfigurePage/DashboardConfigurePage.tsx:454:58)
      at HTMLUnknownElement.callCallback 
(node_modules/react-dom/cjs/react-dom.development.js:4164:14)
      at HTMLUnknownElement.callTheUserObjectsOperation 
(node_modules/jsdom/lib/jsdom/living/generated/EventListener.js:26:30)
      at innerInvokeEventListeners 
(node_modules/jsdom/lib/jsdom/living/events/EventTarget-impl.js:350:25)
      at invokeEventListeners 
(node_modules/jsdom/lib/jsdom/living/events/EventTarget-impl.js:286:3)
      at HTMLUnknownElementImpl._dispatch 
(node_modules/jsdom/lib/jsdom/living/events/EventTarget-impl.js:233:9)
      at HTMLUnknownElementImpl.dispatchEvent 
(node_modules/jsdom/lib/jsdom/living/events/EventTarget-impl.js:104:17)
      at HTMLUnknownElement.dispatchEvent 
(node_modules/jsdom/lib/jsdom/living/generated/EventTarget.js:241:34)
      at Object.invokeGuardedCallbackDev 
(node_modules/react-dom/cjs/react-dom.development.js:4213:16)
      at invokeGuardedCallback 
(node_modules/react-dom/cjs/react-dom.development.js:4277:31)
      at invokeGuardedCallbackAndCatchFirstError 
(node_modules/react-dom/cjs/react-dom.development.js:4291:25)
      at executeDispatch 
(node_modules/react-dom/cjs/react-dom.development.js:9041:3)
      at processDispatchQueueItemsInOrder 
(node_modules/react-dom/cjs/react-dom.development.js:9073:7)
      at processDispatchQueue 
(node_modules/react-dom/cjs/react-dom.development.js:9086:5)
      at dispatchEventsForPlugins 
(node_modules/react-dom/cjs/react-dom.development.js:9097:3)
      at node_modules/react-dom/cjs/react-dom.development.js:9288:12
      at batchedUpdates$1 
(node_modules/react-dom/cjs/react-dom.development.js:26179:12)
      at batchedUpdates 
(node_modules/react-dom/cjs/react-dom.development.js:3991:12)
      at dispatchEventForPluginEventSystem 
(node_modules/react-dom/cjs/react-dom.development.js:9287:3)
      at dispatchEventWithEnableCapturePhaseSelectiveHydrationWithoutDiscreteEv
entReplay (node_modules/react-dom/cjs/react-dom.development.js:6465:5)
      at dispatchEvent 
(node_modules/react-dom/cjs/react-dom.development.js:6457:5)
      at dispatchDiscreteEvent 
(node_modules/react-dom/cjs/react-dom.development.js:6430:5)
      at HTMLDivElement.callTheUserObjectsOperation 
(node_modules/jsdom/lib/jsdom/living/generated/EventListener.js:26:30)
      at innerInvokeEventListeners 
(node_modules/jsdom/lib/jsdom/living/events/EventTarget-impl.js:350:25)
      at invokeEventListeners 
(node_modules/jsdom/lib/jsdom/living/events/EventTarget-impl.js:286:3)
      at HTMLInputElementImpl._dispatch 
(node_modules/jsdom/lib/jsdom/living/events/EventTarget-impl.js:233:9)
      at HTMLInputElementImpl.dispatchEvent 
(node_modules/jsdom/lib/jsdom/living/events/EventTarget-impl.js:104:17)
      at HTMLInputElement.dispatchEvent 
(node_modules/jsdom/lib/jsdom/living/generated/EventTarget.js:241:34)
      at 
node_modules/@testing-library/user-event/dist/cjs/event/dispatchEvent.js:45:43
      at Object.eventWrapper 
(node_modules/@testing-library/dom/dist/config.js:25:23)
      at Object.wrapEvent 
(node_modules/@testing-library/user-event/dist/cjs/event/wrapEvent.js:6:28)
      at Object.dispatchEvent (node_modules/@testing-library/user-event/dist/cj
s/event/dispatchEvent.js:45:22)
      at Object.dispatchUIEvent (node_modules/@testing-library/user-event/dist/
cjs/event/dispatchEvent.js:22:26)
      at commitInput 
(node_modules/@testing-library/user-event/dist/cjs/event/input.js:145:14)
      at editInputElement 
(node_modules/@testing-library/user-event/dist/cjs/event/input.js:115:9)
      at Object.input 
(node_modules/@testing-library/user-event/dist/cjs/event/input.js:37:9)
      at node_modules/@testing-library/user-event/dist/cjs/event/behavior/keypr
ess.js:31:26
      at Object.dispatchEvent (node_modules/@testing-library/user-event/dist/cj
s/event/dispatchEvent.js:41:13)
      at Object.dispatchUIEvent (node_modules/@testing-library/user-event/dist/
cjs/event/dispatchEvent.js:22:26)
      at KeyboardHost.keydown 
(node_modules/@testing-library/user-event/dist/cjs/system/keyboard.js:76:22)
      at keyboardAction 
(node_modules/@testing-library/user-event/dist/cjs/keyboard/index.js:22:35)
      at Object.keyboard 
(node_modules/@testing-library/user-event/dist/cjs/keyboard/index.js:11:15)
      at Object.type 
(node_modules/@testing-library/user-event/dist/cjs/utility/type.js:17:5)
      at Object.<anonymous> (src/reporting/__tests__/reports.test.tsx:1265:9)

    console.error
      Warning: An update to DashboardConfigurePage inside a test was not 
wrapped in act(...).
      
      When testing, code that causes React state updates should be wrapped 
into act(...):
      
      act(() => {
        /* fire events that update state */
      });
      /* assert on the output */
      
      This ensures that you're testing the behavior the user would see in the 
browser. Learn more at https://reactjs.org/link/wrap-tests-with-act
          at DashboardConfigurePage (C:\Users\samhe\OneDrive\Desktop\Cleaned\fr
ontend\src\reporting\DashboardConfigurePage\DashboardConfigurePage.tsx:107:29)
          at routeContext (C:\Users\samhe\OneDrive\Desktop\Cleaned\frontend\nod
e_modules\react-router\lib\hooks.tsx:658:26)
          at children (C:\Users\samhe\OneDrive\Desktop\Cleaned\frontend\node_mo
dules\react-router\lib\components.tsx:512:3)
          at basenameProp (C:\Users\samhe\OneDrive\Desktop\Cleaned\frontend\nod
e_modules\react-router\lib\components.tsx:421:13)
          at basename (C:\Users\samhe\OneDrive\Desktop\Cleaned\frontend\node_mo
dules\react-router\lib\components.tsx:225:3)

      452 |                                         type="text"
      453 |                                         value={draftWidget.title}
    > 454 |                                         onChange={(e) => 
setDraftWidget((prev) => prev ? { ...prev, title: e.target.value } : prev)}
          |                                                          ^
      455 |                                         className="border 
border-gray-300 rounded px-3 py-2 text-sm"
      456 |                                     />
      457 |                                 </div>

      at printWarning 
(node_modules/react-dom/cjs/react-dom.development.js:86:30)
      at error (node_modules/react-dom/cjs/react-dom.development.js:60:7)
      at warnIfUpdatesNotWrappedWithActDEV 
(node_modules/react-dom/cjs/react-dom.development.js:27628:9)
      at scheduleUpdateOnFiber 
(node_modules/react-dom/cjs/react-dom.development.js:25547:5)
      at dispatchSetState 
(node_modules/react-dom/cjs/react-dom.development.js:16708:7)
      at onChange 
(src/reporting/DashboardConfigurePage/DashboardConfigurePage.tsx:454:58)
      at HTMLUnknownElement.callCallback 
(node_modules/react-dom/cjs/react-dom.development.js:4164:14)
      at HTMLUnknownElement.callTheUserObjectsOperation 
(node_modules/jsdom/lib/jsdom/living/generated/EventListener.js:26:30)
      at innerInvokeEventListeners 
(node_modules/jsdom/lib/jsdom/living/events/EventTarget-impl.js:350:25)
      at invokeEventListeners 
(node_modules/jsdom/lib/jsdom/living/events/EventTarget-impl.js:286:3)
      at HTMLUnknownElementImpl._dispatch 
(node_modules/jsdom/lib/jsdom/living/events/EventTarget-impl.js:233:9)
      at HTMLUnknownElementImpl.dispatchEvent 
(node_modules/jsdom/lib/jsdom/living/events/EventTarget-impl.js:104:17)
      at HTMLUnknownElement.dispatchEvent 
(node_modules/jsdom/lib/jsdom/living/generated/EventTarget.js:241:34)
      at Object.invokeGuardedCallbackDev 
(node_modules/react-dom/cjs/react-dom.development.js:4213:16)
      at invokeGuardedCallback 
(node_modules/react-dom/cjs/react-dom.development.js:4277:31)
      at invokeGuardedCallbackAndCatchFirstError 
(node_modules/react-dom/cjs/react-dom.development.js:4291:25)
      at executeDispatch 
(node_modules/react-dom/cjs/react-dom.development.js:9041:3)
      at processDispatchQueueItemsInOrder 
(node_modules/react-dom/cjs/react-dom.development.js:9073:7)
      at processDispatchQueue 
(node_modules/react-dom/cjs/react-dom.development.js:9086:5)
      at dispatchEventsForPlugins 
(node_modules/react-dom/cjs/react-dom.development.js:9097:3)
      at node_modules/react-dom/cjs/react-dom.development.js:9288:12
      at batchedUpdates$1 
(node_modules/react-dom/cjs/react-dom.development.js:26179:12)
      at batchedUpdates 
(node_modules/react-dom/cjs/react-dom.development.js:3991:12)
      at dispatchEventForPluginEventSystem 
(node_modules/react-dom/cjs/react-dom.development.js:9287:3)
      at dispatchEventWithEnableCapturePhaseSelectiveHydrationWithoutDiscreteEv
entReplay (node_modules/react-dom/cjs/react-dom.development.js:6465:5)
      at dispatchEvent 
(node_modules/react-dom/cjs/react-dom.development.js:6457:5)
      at dispatchDiscreteEvent 
(node_modules/react-dom/cjs/react-dom.development.js:6430:5)
      at HTMLDivElement.callTheUserObjectsOperation 
(node_modules/jsdom/lib/jsdom/living/generated/EventListener.js:26:30)
      at innerInvokeEventListeners 
(node_modules/jsdom/lib/jsdom/living/events/EventTarget-impl.js:350:25)
      at invokeEventListeners 
(node_modules/jsdom/lib/jsdom/living/events/EventTarget-impl.js:286:3)
      at HTMLInputElementImpl._dispatch 
(node_modules/jsdom/lib/jsdom/living/events/EventTarget-impl.js:233:9)
      at HTMLInputElementImpl.dispatchEvent 
(node_modules/jsdom/lib/jsdom/living/events/EventTarget-impl.js:104:17)
      at HTMLInputElement.dispatchEvent 
(node_modules/jsdom/lib/jsdom/living/generated/EventTarget.js:241:34)
      at 
node_modules/@testing-library/user-event/dist/cjs/event/dispatchEvent.js:45:43
      at Object.eventWrapper 
(node_modules/@testing-library/dom/dist/config.js:25:23)
      at Object.wrapEvent 
(node_modules/@testing-library/user-event/dist/cjs/event/wrapEvent.js:6:28)
      at Object.dispatchEvent (node_modules/@testing-library/user-event/dist/cj
s/event/dispatchEvent.js:45:22)
      at Object.dispatchUIEvent (node_modules/@testing-library/user-event/dist/
cjs/event/dispatchEvent.js:22:26)
      at commitInput 
(node_modules/@testing-library/user-event/dist/cjs/event/input.js:145:14)
      at editInputElement 
(node_modules/@testing-library/user-event/dist/cjs/event/input.js:115:9)
      at Object.input 
(node_modules/@testing-library/user-event/dist/cjs/event/input.js:37:9)
      at node_modules/@testing-library/user-event/dist/cjs/event/behavior/keypr
ess.js:31:26
      at Object.dispatchEvent (node_modules/@testing-library/user-event/dist/cj
s/event/dispatchEvent.js:41:13)
      at Object.dispatchUIEvent (node_modules/@testing-library/user-event/dist/
cjs/event/dispatchEvent.js:22:26)
      at KeyboardHost.keydown 
(node_modules/@testing-library/user-event/dist/cjs/system/keyboard.js:76:22)
      at keyboardAction 
(node_modules/@testing-library/user-event/dist/cjs/keyboard/index.js:22:35)
      at Object.keyboard 
(node_modules/@testing-library/user-event/dist/cjs/keyboard/index.js:11:15)
      at Object.type 
(node_modules/@testing-library/user-event/dist/cjs/utility/type.js:17:5)
      at Object.<anonymous> (src/reporting/__tests__/reports.test.tsx:1265:9)

    console.error
      Warning: An update to DashboardConfigurePage inside a test was not 
wrapped in act(...).
      
      When testing, code that causes React state updates should be wrapped 
into act(...):
      
      act(() => {
        /* fire events that update state */
      });
      /* assert on the output */
      
      This ensures that you're testing the behavior the user would see in the 
browser. Learn more at https://reactjs.org/link/wrap-tests-with-act
          at DashboardConfigurePage (C:\Users\samhe\OneDrive\Desktop\Cleaned\fr
ontend\src\reporting\DashboardConfigurePage\DashboardConfigurePage.tsx:107:29)
          at routeContext (C:\Users\samhe\OneDrive\Desktop\Cleaned\frontend\nod
e_modules\react-router\lib\hooks.tsx:658:26)
          at children (C:\Users\samhe\OneDrive\Desktop\Cleaned\frontend\node_mo
dules\react-router\lib\components.tsx:512:3)
          at basenameProp (C:\Users\samhe\OneDrive\Desktop\Cleaned\frontend\nod
e_modules\react-router\lib\components.tsx:421:13)
          at basename (C:\Users\samhe\OneDrive\Desktop\Cleaned\frontend\node_mo
dules\react-router\lib\components.tsx:225:3)

      452 |                                         type="text"
      453 |                                         value={draftWidget.title}
    > 454 |                                         onChange={(e) => 
setDraftWidget((prev) => prev ? { ...prev, title: e.target.value } : prev)}
          |                                                          ^
      455 |                                         className="border 
border-gray-300 rounded px-3 py-2 text-sm"
      456 |                                     />
      457 |                                 </div>

      at printWarning 
(node_modules/react-dom/cjs/react-dom.development.js:86:30)
      at error (node_modules/react-dom/cjs/react-dom.development.js:60:7)
      at warnIfUpdatesNotWrappedWithActDEV 
(node_modules/react-dom/cjs/react-dom.development.js:27628:9)
      at scheduleUpdateOnFiber 
(node_modules/react-dom/cjs/react-dom.development.js:25547:5)
      at dispatchSetState 
(node_modules/react-dom/cjs/react-dom.development.js:16708:7)
      at onChange 
(src/reporting/DashboardConfigurePage/DashboardConfigurePage.tsx:454:58)
      at HTMLUnknownElement.callCallback 
(node_modules/react-dom/cjs/react-dom.development.js:4164:14)
      at HTMLUnknownElement.callTheUserObjectsOperation 
(node_modules/jsdom/lib/jsdom/living/generated/EventListener.js:26:30)
      at innerInvokeEventListeners 
(node_modules/jsdom/lib/jsdom/living/events/EventTarget-impl.js:350:25)
      at invokeEventListeners 
(node_modules/jsdom/lib/jsdom/living/events/EventTarget-impl.js:286:3)
      at HTMLUnknownElementImpl._dispatch 
(node_modules/jsdom/lib/jsdom/living/events/EventTarget-impl.js:233:9)
      at HTMLUnknownElementImpl.dispatchEvent 
(node_modules/jsdom/lib/jsdom/living/events/EventTarget-impl.js:104:17)
      at HTMLUnknownElement.dispatchEvent 
(node_modules/jsdom/lib/jsdom/living/generated/EventTarget.js:241:34)
      at Object.invokeGuardedCallbackDev 
(node_modules/react-dom/cjs/react-dom.development.js:4213:16)
      at invokeGuardedCallback 
(node_modules/react-dom/cjs/react-dom.development.js:4277:31)
      at invokeGuardedCallbackAndCatchFirstError 
(node_modules/react-dom/cjs/react-dom.development.js:4291:25)
      at executeDispatch 
(node_modules/react-dom/cjs/react-dom.development.js:9041:3)
      at processDispatchQueueItemsInOrder 
(node_modules/react-dom/cjs/react-dom.development.js:9073:7)
      at processDispatchQueue 
(node_modules/react-dom/cjs/react-dom.development.js:9086:5)
      at dispatchEventsForPlugins 
(node_modules/react-dom/cjs/react-dom.development.js:9097:3)
      at node_modules/react-dom/cjs/react-dom.development.js:9288:12
      at batchedUpdates$1 
(node_modules/react-dom/cjs/react-dom.development.js:26179:12)
      at batchedUpdates 
(node_modules/react-dom/cjs/react-dom.development.js:3991:12)
      at dispatchEventForPluginEventSystem 
(node_modules/react-dom/cjs/react-dom.development.js:9287:3)
      at dispatchEventWithEnableCapturePhaseSelectiveHydrationWithoutDiscreteEv
entReplay (node_modules/react-dom/cjs/react-dom.development.js:6465:5)
      at dispatchEvent 
(node_modules/react-dom/cjs/react-dom.development.js:6457:5)
      at dispatchDiscreteEvent 
(node_modules/react-dom/cjs/react-dom.development.js:6430:5)
      at HTMLDivElement.callTheUserObjectsOperation 
(node_modules/jsdom/lib/jsdom/living/generated/EventListener.js:26:30)
      at innerInvokeEventListeners 
(node_modules/jsdom/lib/jsdom/living/events/EventTarget-impl.js:350:25)
      at invokeEventListeners 
(node_modules/jsdom/lib/jsdom/living/events/EventTarget-impl.js:286:3)
      at HTMLInputElementImpl._dispatch 
(node_modules/jsdom/lib/jsdom/living/events/EventTarget-impl.js:233:9)
      at HTMLInputElementImpl.dispatchEvent 
(node_modules/jsdom/lib/jsdom/living/events/EventTarget-impl.js:104:17)
      at HTMLInputElement.dispatchEvent 
(node_modules/jsdom/lib/jsdom/living/generated/EventTarget.js:241:34)
      at 
node_modules/@testing-library/user-event/dist/cjs/event/dispatchEvent.js:45:43
      at Object.eventWrapper 
(node_modules/@testing-library/dom/dist/config.js:25:23)
      at Object.wrapEvent 
(node_modules/@testing-library/user-event/dist/cjs/event/wrapEvent.js:6:28)
      at Object.dispatchEvent (node_modules/@testing-library/user-event/dist/cj
s/event/dispatchEvent.js:45:22)
      at Object.dispatchUIEvent (node_modules/@testing-library/user-event/dist/
cjs/event/dispatchEvent.js:22:26)
      at commitInput 
(node_modules/@testing-library/user-event/dist/cjs/event/input.js:145:14)
      at editInputElement 
(node_modules/@testing-library/user-event/dist/cjs/event/input.js:115:9)
      at Object.input 
(node_modules/@testing-library/user-event/dist/cjs/event/input.js:37:9)
      at node_modules/@testing-library/user-event/dist/cjs/event/behavior/keypr
ess.js:31:26
      at Object.dispatchEvent (node_modules/@testing-library/user-event/dist/cj
s/event/dispatchEvent.js:41:13)
      at Object.dispatchUIEvent (node_modules/@testing-library/user-event/dist/
cjs/event/dispatchEvent.js:22:26)
      at KeyboardHost.keydown 
(node_modules/@testing-library/user-event/dist/cjs/system/keyboard.js:76:22)
      at keyboardAction 
(node_modules/@testing-library/user-event/dist/cjs/keyboard/index.js:22:35)
      at Object.keyboard 
(node_modules/@testing-library/user-event/dist/cjs/keyboard/index.js:11:15)
      at Object.type 
(node_modules/@testing-library/user-event/dist/cjs/utility/type.js:17:5)
      at Object.<anonymous> (src/reporting/__tests__/reports.test.tsx:1265:9)

    console.error
      Warning: An update to DashboardConfigurePage inside a test was not 
wrapped in act(...).
      
      When testing, code that causes React state updates should be wrapped 
into act(...):
      
      act(() => {
        /* fire events that update state */
      });
      /* assert on the output */
      
      This ensures that you're testing the behavior the user would see in the 
browser. Learn more at https://reactjs.org/link/wrap-tests-with-act
          at DashboardConfigurePage (C:\Users\samhe\OneDrive\Desktop\Cleaned\fr
ontend\src\reporting\DashboardConfigurePage\DashboardConfigurePage.tsx:107:29)
          at routeContext (C:\Users\samhe\OneDrive\Desktop\Cleaned\frontend\nod
e_modules\react-router\lib\hooks.tsx:658:26)
          at children (C:\Users\samhe\OneDrive\Desktop\Cleaned\frontend\node_mo
dules\react-router\lib\components.tsx:512:3)
          at basenameProp (C:\Users\samhe\OneDrive\Desktop\Cleaned\frontend\nod
e_modules\react-router\lib\components.tsx:421:13)
          at basename (C:\Users\samhe\OneDrive\Desktop\Cleaned\frontend\node_mo
dules\react-router\lib\components.tsx:225:3)

      452 |                                         type="text"
      453 |                                         value={draftWidget.title}
    > 454 |                                         onChange={(e) => 
setDraftWidget((prev) => prev ? { ...prev, title: e.target.value } : prev)}
          |                                                          ^
      455 |                                         className="border 
border-gray-300 rounded px-3 py-2 text-sm"
      456 |                                     />
      457 |                                 </div>

      at printWarning 
(node_modules/react-dom/cjs/react-dom.development.js:86:30)
      at error (node_modules/react-dom/cjs/react-dom.development.js:60:7)
      at warnIfUpdatesNotWrappedWithActDEV 
(node_modules/react-dom/cjs/react-dom.development.js:27628:9)
      at scheduleUpdateOnFiber 
(node_modules/react-dom/cjs/react-dom.development.js:25547:5)
      at dispatchSetState 
(node_modules/react-dom/cjs/react-dom.development.js:16708:7)
      at onChange 
(src/reporting/DashboardConfigurePage/DashboardConfigurePage.tsx:454:58)
      at HTMLUnknownElement.callCallback 
(node_modules/react-dom/cjs/react-dom.development.js:4164:14)
      at HTMLUnknownElement.callTheUserObjectsOperation 
(node_modules/jsdom/lib/jsdom/living/generated/EventListener.js:26:30)
      at innerInvokeEventListeners 
(node_modules/jsdom/lib/jsdom/living/events/EventTarget-impl.js:350:25)
      at invokeEventListeners 
(node_modules/jsdom/lib/jsdom/living/events/EventTarget-impl.js:286:3)
      at HTMLUnknownElementImpl._dispatch 
(node_modules/jsdom/lib/jsdom/living/events/EventTarget-impl.js:233:9)
      at HTMLUnknownElementImpl.dispatchEvent 
(node_modules/jsdom/lib/jsdom/living/events/EventTarget-impl.js:104:17)
      at HTMLUnknownElement.dispatchEvent 
(node_modules/jsdom/lib/jsdom/living/generated/EventTarget.js:241:34)
      at Object.invokeGuardedCallbackDev 
(node_modules/react-dom/cjs/react-dom.development.js:4213:16)
      at invokeGuardedCallback 
(node_modules/react-dom/cjs/react-dom.development.js:4277:31)
      at invokeGuardedCallbackAndCatchFirstError 
(node_modules/react-dom/cjs/react-dom.development.js:4291:25)
      at executeDispatch 
(node_modules/react-dom/cjs/react-dom.development.js:9041:3)
      at processDispatchQueueItemsInOrder 
(node_modules/react-dom/cjs/react-dom.development.js:9073:7)
      at processDispatchQueue 
(node_modules/react-dom/cjs/react-dom.development.js:9086:5)
      at dispatchEventsForPlugins 
(node_modules/react-dom/cjs/react-dom.development.js:9097:3)
      at node_modules/react-dom/cjs/react-dom.development.js:9288:12
      at batchedUpdates$1 
(node_modules/react-dom/cjs/react-dom.development.js:26179:12)
      at batchedUpdates 
(node_modules/react-dom/cjs/react-dom.development.js:3991:12)
      at dispatchEventForPluginEventSystem 
(node_modules/react-dom/cjs/react-dom.development.js:9287:3)
      at dispatchEventWithEnableCapturePhaseSelectiveHydrationWithoutDiscreteEv
entReplay (node_modules/react-dom/cjs/react-dom.development.js:6465:5)
      at dispatchEvent 
(node_modules/react-dom/cjs/react-dom.development.js:6457:5)
      at dispatchDiscreteEvent 
(node_modules/react-dom/cjs/react-dom.development.js:6430:5)
      at HTMLDivElement.callTheUserObjectsOperation 
(node_modules/jsdom/lib/jsdom/living/generated/EventListener.js:26:30)
      at innerInvokeEventListeners 
(node_modules/jsdom/lib/jsdom/living/events/EventTarget-impl.js:350:25)
      at invokeEventListeners 
(node_modules/jsdom/lib/jsdom/living/events/EventTarget-impl.js:286:3)
      at HTMLInputElementImpl._dispatch 
(node_modules/jsdom/lib/jsdom/living/events/EventTarget-impl.js:233:9)
      at HTMLInputElementImpl.dispatchEvent 
(node_modules/jsdom/lib/jsdom/living/events/EventTarget-impl.js:104:17)
      at HTMLInputElement.dispatchEvent 
(node_modules/jsdom/lib/jsdom/living/generated/EventTarget.js:241:34)
      at 
node_modules/@testing-library/user-event/dist/cjs/event/dispatchEvent.js:45:43
      at Object.eventWrapper 
(node_modules/@testing-library/dom/dist/config.js:25:23)
      at Object.wrapEvent 
(node_modules/@testing-library/user-event/dist/cjs/event/wrapEvent.js:6:28)
      at Object.dispatchEvent (node_modules/@testing-library/user-event/dist/cj
s/event/dispatchEvent.js:45:22)
      at Object.dispatchUIEvent (node_modules/@testing-library/user-event/dist/
cjs/event/dispatchEvent.js:22:26)
      at commitInput 
(node_modules/@testing-library/user-event/dist/cjs/event/input.js:145:14)
      at editInputElement 
(node_modules/@testing-library/user-event/dist/cjs/event/input.js:115:9)
      at Object.input 
(node_modules/@testing-library/user-event/dist/cjs/event/input.js:37:9)
      at node_modules/@testing-library/user-event/dist/cjs/event/behavior/keypr
ess.js:31:26
      at Object.dispatchEvent (node_modules/@testing-library/user-event/dist/cj
s/event/dispatchEvent.js:41:13)
      at Object.dispatchUIEvent (node_modules/@testing-library/user-event/dist/
cjs/event/dispatchEvent.js:22:26)
      at KeyboardHost.keydown 
(node_modules/@testing-library/user-event/dist/cjs/system/keyboard.js:76:22)
      at keyboardAction 
(node_modules/@testing-library/user-event/dist/cjs/keyboard/index.js:22:35)
      at Object.keyboard 
(node_modules/@testing-library/user-event/dist/cjs/keyboard/index.js:11:15)
      at Object.type 
(node_modules/@testing-library/user-event/dist/cjs/utility/type.js:17:5)
      at Object.<anonymous> (src/reporting/__tests__/reports.test.tsx:1265:9)

    console.error
      Warning: An update to DashboardConfigurePage inside a test was not 
wrapped in act(...).
      
      When testing, code that causes React state updates should be wrapped 
into act(...):
      
      act(() => {
        /* fire events that update state */
      });
      /* assert on the output */
      
      This ensures that you're testing the behavior the user would see in the 
browser. Learn more at https://reactjs.org/link/wrap-tests-with-act
          at DashboardConfigurePage (C:\Users\samhe\OneDrive\Desktop\Cleaned\fr
ontend\src\reporting\DashboardConfigurePage\DashboardConfigurePage.tsx:107:29)
          at routeContext (C:\Users\samhe\OneDrive\Desktop\Cleaned\frontend\nod
e_modules\react-router\lib\hooks.tsx:658:26)
          at children (C:\Users\samhe\OneDrive\Desktop\Cleaned\frontend\node_mo
dules\react-router\lib\components.tsx:512:3)
          at basenameProp (C:\Users\samhe\OneDrive\Desktop\Cleaned\frontend\nod
e_modules\react-router\lib\components.tsx:421:13)
          at basename (C:\Users\samhe\OneDrive\Desktop\Cleaned\frontend\node_mo
dules\react-router\lib\components.tsx:225:3)

      452 |                                         type="text"
      453 |                                         value={draftWidget.title}
    > 454 |                                         onChange={(e) => 
setDraftWidget((prev) => prev ? { ...prev, title: e.target.value } : prev)}
          |                                                          ^
      455 |                                         className="border 
border-gray-300 rounded px-3 py-2 text-sm"
      456 |                                     />
      457 |                                 </div>

      at printWarning 
(node_modules/react-dom/cjs/react-dom.development.js:86:30)
      at error (node_modules/react-dom/cjs/react-dom.development.js:60:7)
      at warnIfUpdatesNotWrappedWithActDEV 
(node_modules/react-dom/cjs/react-dom.development.js:27628:9)
      at scheduleUpdateOnFiber 
(node_modules/react-dom/cjs/react-dom.development.js:25547:5)
      at dispatchSetState 
(node_modules/react-dom/cjs/react-dom.development.js:16708:7)
      at onChange 
(src/reporting/DashboardConfigurePage/DashboardConfigurePage.tsx:454:58)
      at HTMLUnknownElement.callCallback 
(node_modules/react-dom/cjs/react-dom.development.js:4164:14)
      at HTMLUnknownElement.callTheUserObjectsOperation 
(node_modules/jsdom/lib/jsdom/living/generated/EventListener.js:26:30)
      at innerInvokeEventListeners 
(node_modules/jsdom/lib/jsdom/living/events/EventTarget-impl.js:350:25)
      at invokeEventListeners 
(node_modules/jsdom/lib/jsdom/living/events/EventTarget-impl.js:286:3)
      at HTMLUnknownElementImpl._dispatch 
(node_modules/jsdom/lib/jsdom/living/events/EventTarget-impl.js:233:9)
      at HTMLUnknownElementImpl.dispatchEvent 
(node_modules/jsdom/lib/jsdom/living/events/EventTarget-impl.js:104:17)
      at HTMLUnknownElement.dispatchEvent 
(node_modules/jsdom/lib/jsdom/living/generated/EventTarget.js:241:34)
      at Object.invokeGuardedCallbackDev 
(node_modules/react-dom/cjs/react-dom.development.js:4213:16)
      at invokeGuardedCallback 
(node_modules/react-dom/cjs/react-dom.development.js:4277:31)
      at invokeGuardedCallbackAndCatchFirstError 
(node_modules/react-dom/cjs/react-dom.development.js:4291:25)
      at executeDispatch 
(node_modules/react-dom/cjs/react-dom.development.js:9041:3)
      at processDispatchQueueItemsInOrder 
(node_modules/react-dom/cjs/react-dom.development.js:9073:7)
      at processDispatchQueue 
(node_modules/react-dom/cjs/react-dom.development.js:9086:5)
      at dispatchEventsForPlugins 
(node_modules/react-dom/cjs/react-dom.development.js:9097:3)
      at node_modules/react-dom/cjs/react-dom.development.js:9288:12
      at batchedUpdates$1 
(node_modules/react-dom/cjs/react-dom.development.js:26179:12)
      at batchedUpdates 
(node_modules/react-dom/cjs/react-dom.development.js:3991:12)
      at dispatchEventForPluginEventSystem 
(node_modules/react-dom/cjs/react-dom.development.js:9287:3)
      at dispatchEventWithEnableCapturePhaseSelectiveHydrationWithoutDiscreteEv
entReplay (node_modules/react-dom/cjs/react-dom.development.js:6465:5)
      at dispatchEvent 
(node_modules/react-dom/cjs/react-dom.development.js:6457:5)
      at dispatchDiscreteEvent 
(node_modules/react-dom/cjs/react-dom.development.js:6430:5)
      at HTMLDivElement.callTheUserObjectsOperation 
(node_modules/jsdom/lib/jsdom/living/generated/EventListener.js:26:30)
      at innerInvokeEventListeners 
(node_modules/jsdom/lib/jsdom/living/events/EventTarget-impl.js:350:25)
      at invokeEventListeners 
(node_modules/jsdom/lib/jsdom/living/events/EventTarget-impl.js:286:3)
      at HTMLInputElementImpl._dispatch 
(node_modules/jsdom/lib/jsdom/living/events/EventTarget-impl.js:233:9)
      at HTMLInputElementImpl.dispatchEvent 
(node_modules/jsdom/lib/jsdom/living/events/EventTarget-impl.js:104:17)
      at HTMLInputElement.dispatchEvent 
(node_modules/jsdom/lib/jsdom/living/generated/EventTarget.js:241:34)
      at 
node_modules/@testing-library/user-event/dist/cjs/event/dispatchEvent.js:45:43
      at Object.eventWrapper 
(node_modules/@testing-library/dom/dist/config.js:25:23)
      at Object.wrapEvent 
(node_modules/@testing-library/user-event/dist/cjs/event/wrapEvent.js:6:28)
      at Object.dispatchEvent (node_modules/@testing-library/user-event/dist/cj
s/event/dispatchEvent.js:45:22)
      at Object.dispatchUIEvent (node_modules/@testing-library/user-event/dist/
cjs/event/dispatchEvent.js:22:26)
      at commitInput 
(node_modules/@testing-library/user-event/dist/cjs/event/input.js:145:14)
      at editInputElement 
(node_modules/@testing-library/user-event/dist/cjs/event/input.js:115:9)
      at Object.input 
(node_modules/@testing-library/user-event/dist/cjs/event/input.js:37:9)
      at node_modules/@testing-library/user-event/dist/cjs/event/behavior/keypr
ess.js:31:26
      at Object.dispatchEvent (node_modules/@testing-library/user-event/dist/cj
s/event/dispatchEvent.js:41:13)
      at Object.dispatchUIEvent (node_modules/@testing-library/user-event/dist/
cjs/event/dispatchEvent.js:22:26)
      at KeyboardHost.keydown 
(node_modules/@testing-library/user-event/dist/cjs/system/keyboard.js:76:22)
      at keyboardAction 
(node_modules/@testing-library/user-event/dist/cjs/keyboard/index.js:22:35)
      at Object.keyboard 
(node_modules/@testing-library/user-event/dist/cjs/keyboard/index.js:11:15)
      at Object.type 
(node_modules/@testing-library/user-event/dist/cjs/utility/type.js:17:5)
      at Object.<anonymous> (src/reporting/__tests__/reports.test.tsx:1265:9)

    console.error
      Warning: An update to DashboardConfigurePage inside a test was not 
wrapped in act(...).
      
      When testing, code that causes React state updates should be wrapped 
into act(...):
      
      act(() => {
        /* fire events that update state */
      });
      /* assert on the output */
      
      This ensures that you're testing the behavior the user would see in the 
browser. Learn more at https://reactjs.org/link/wrap-tests-with-act
          at DashboardConfigurePage (C:\Users\samhe\OneDrive\Desktop\Cleaned\fr
ontend\src\reporting\DashboardConfigurePage\DashboardConfigurePage.tsx:107:29)
          at routeContext (C:\Users\samhe\OneDrive\Desktop\Cleaned\frontend\nod
e_modules\react-router\lib\hooks.tsx:658:26)
          at children (C:\Users\samhe\OneDrive\Desktop\Cleaned\frontend\node_mo
dules\react-router\lib\components.tsx:512:3)
          at basenameProp (C:\Users\samhe\OneDrive\Desktop\Cleaned\frontend\nod
e_modules\react-router\lib\components.tsx:421:13)
          at basename (C:\Users\samhe\OneDrive\Desktop\Cleaned\frontend\node_mo
dules\react-router\lib\components.tsx:225:3)

      452 |                                         type="text"
      453 |                                         value={draftWidget.title}
    > 454 |                                         onChange={(e) => 
setDraftWidget((prev) => prev ? { ...prev, title: e.target.value } : prev)}
          |                                                          ^
      455 |                                         className="border 
border-gray-300 rounded px-3 py-2 text-sm"
      456 |                                     />
      457 |                                 </div>

      at printWarning 
(node_modules/react-dom/cjs/react-dom.development.js:86:30)
      at error (node_modules/react-dom/cjs/react-dom.development.js:60:7)
      at warnIfUpdatesNotWrappedWithActDEV 
(node_modules/react-dom/cjs/react-dom.development.js:27628:9)
      at scheduleUpdateOnFiber 
(node_modules/react-dom/cjs/react-dom.development.js:25547:5)
      at dispatchSetState 
(node_modules/react-dom/cjs/react-dom.development.js:16708:7)
      at onChange 
(src/reporting/DashboardConfigurePage/DashboardConfigurePage.tsx:454:58)
      at HTMLUnknownElement.callCallback 
(node_modules/react-dom/cjs/react-dom.development.js:4164:14)
      at HTMLUnknownElement.callTheUserObjectsOperation 
(node_modules/jsdom/lib/jsdom/living/generated/EventListener.js:26:30)
      at innerInvokeEventListeners 
(node_modules/jsdom/lib/jsdom/living/events/EventTarget-impl.js:350:25)
      at invokeEventListeners 
(node_modules/jsdom/lib/jsdom/living/events/EventTarget-impl.js:286:3)
      at HTMLUnknownElementImpl._dispatch 
(node_modules/jsdom/lib/jsdom/living/events/EventTarget-impl.js:233:9)
      at HTMLUnknownElementImpl.dispatchEvent 
(node_modules/jsdom/lib/jsdom/living/events/EventTarget-impl.js:104:17)
      at HTMLUnknownElement.dispatchEvent 
(node_modules/jsdom/lib/jsdom/living/generated/EventTarget.js:241:34)
      at Object.invokeGuardedCallbackDev 
(node_modules/react-dom/cjs/react-dom.development.js:4213:16)
      at invokeGuardedCallback 
(node_modules/react-dom/cjs/react-dom.development.js:4277:31)
      at invokeGuardedCallbackAndCatchFirstError 
(node_modules/react-dom/cjs/react-dom.development.js:4291:25)
      at executeDispatch 
(node_modules/react-dom/cjs/react-dom.development.js:9041:3)
      at processDispatchQueueItemsInOrder 
(node_modules/react-dom/cjs/react-dom.development.js:9073:7)
      at processDispatchQueue 
(node_modules/react-dom/cjs/react-dom.development.js:9086:5)
      at dispatchEventsForPlugins 
(node_modules/react-dom/cjs/react-dom.development.js:9097:3)
      at node_modules/react-dom/cjs/react-dom.development.js:9288:12
      at batchedUpdates$1 
(node_modules/react-dom/cjs/react-dom.development.js:26179:12)
      at batchedUpdates 
(node_modules/react-dom/cjs/react-dom.development.js:3991:12)
      at dispatchEventForPluginEventSystem 
(node_modules/react-dom/cjs/react-dom.development.js:9287:3)
      at dispatchEventWithEnableCapturePhaseSelectiveHydrationWithoutDiscreteEv
entReplay (node_modules/react-dom/cjs/react-dom.development.js:6465:5)
      at dispatchEvent 
(node_modules/react-dom/cjs/react-dom.development.js:6457:5)
      at dispatchDiscreteEvent 
(node_modules/react-dom/cjs/react-dom.development.js:6430:5)
      at HTMLDivElement.callTheUserObjectsOperation 
(node_modules/jsdom/lib/jsdom/living/generated/EventListener.js:26:30)
      at innerInvokeEventListeners 
(node_modules/jsdom/lib/jsdom/living/events/EventTarget-impl.js:350:25)
      at invokeEventListeners 
(node_modules/jsdom/lib/jsdom/living/events/EventTarget-impl.js:286:3)
      at HTMLInputElementImpl._dispatch 
(node_modules/jsdom/lib/jsdom/living/events/EventTarget-impl.js:233:9)
      at HTMLInputElementImpl.dispatchEvent 
(node_modules/jsdom/lib/jsdom/living/events/EventTarget-impl.js:104:17)
      at HTMLInputElement.dispatchEvent 
(node_modules/jsdom/lib/jsdom/living/generated/EventTarget.js:241:34)
      at 
node_modules/@testing-library/user-event/dist/cjs/event/dispatchEvent.js:45:43
      at Object.eventWrapper 
(node_modules/@testing-library/dom/dist/config.js:25:23)
      at Object.wrapEvent 
(node_modules/@testing-library/user-event/dist/cjs/event/wrapEvent.js:6:28)
      at Object.dispatchEvent (node_modules/@testing-library/user-event/dist/cj
s/event/dispatchEvent.js:45:22)
      at Object.dispatchUIEvent (node_modules/@testing-library/user-event/dist/
cjs/event/dispatchEvent.js:22:26)
      at commitInput 
(node_modules/@testing-library/user-event/dist/cjs/event/input.js:145:14)
      at editInputElement 
(node_modules/@testing-library/user-event/dist/cjs/event/input.js:115:9)
      at Object.input 
(node_modules/@testing-library/user-event/dist/cjs/event/input.js:37:9)
      at node_modules/@testing-library/user-event/dist/cjs/event/behavior/keypr
ess.js:31:26
      at Object.dispatchEvent (node_modules/@testing-library/user-event/dist/cj
s/event/dispatchEvent.js:41:13)
      at Object.dispatchUIEvent (node_modules/@testing-library/user-event/dist/
cjs/event/dispatchEvent.js:22:26)
      at KeyboardHost.keydown 
(node_modules/@testing-library/user-event/dist/cjs/system/keyboard.js:76:22)
      at keyboardAction 
(node_modules/@testing-library/user-event/dist/cjs/keyboard/index.js:22:35)
      at Object.keyboard 
(node_modules/@testing-library/user-event/dist/cjs/keyboard/index.js:11:15)
      at Object.type 
(node_modules/@testing-library/user-event/dist/cjs/utility/type.js:17:5)
      at Object.<anonymous> (src/reporting/__tests__/reports.test.tsx:1265:9)

    console.error
      Warning: An update to DashboardConfigurePage inside a test was not 
wrapped in act(...).
      
      When testing, code that causes React state updates should be wrapped 
into act(...):
      
      act(() => {
        /* fire events that update state */
      });
      /* assert on the output */
      
      This ensures that you're testing the behavior the user would see in the 
browser. Learn more at https://reactjs.org/link/wrap-tests-with-act
          at DashboardConfigurePage (C:\Users\samhe\OneDrive\Desktop\Cleaned\fr
ontend\src\reporting\DashboardConfigurePage\DashboardConfigurePage.tsx:107:29)
          at routeContext (C:\Users\samhe\OneDrive\Desktop\Cleaned\frontend\nod
e_modules\react-router\lib\hooks.tsx:658:26)
          at children (C:\Users\samhe\OneDrive\Desktop\Cleaned\frontend\node_mo
dules\react-router\lib\components.tsx:512:3)
          at basenameProp (C:\Users\samhe\OneDrive\Desktop\Cleaned\frontend\nod
e_modules\react-router\lib\components.tsx:421:13)
          at basename (C:\Users\samhe\OneDrive\Desktop\Cleaned\frontend\node_mo
dules\react-router\lib\components.tsx:225:3)

      452 |                                         type="text"
      453 |                                         value={draftWidget.title}
    > 454 |                                         onChange={(e) => 
setDraftWidget((prev) => prev ? { ...prev, title: e.target.value } : prev)}
          |                                                          ^
      455 |                                         className="border 
border-gray-300 rounded px-3 py-2 text-sm"
      456 |                                     />
      457 |                                 </div>

      at printWarning 
(node_modules/react-dom/cjs/react-dom.development.js:86:30)
      at error (node_modules/react-dom/cjs/react-dom.development.js:60:7)
      at warnIfUpdatesNotWrappedWithActDEV 
(node_modules/react-dom/cjs/react-dom.development.js:27628:9)
      at scheduleUpdateOnFiber 
(node_modules/react-dom/cjs/react-dom.development.js:25547:5)
      at dispatchSetState 
(node_modules/react-dom/cjs/react-dom.development.js:16708:7)
      at onChange 
(src/reporting/DashboardConfigurePage/DashboardConfigurePage.tsx:454:58)
      at HTMLUnknownElement.callCallback 
(node_modules/react-dom/cjs/react-dom.development.js:4164:14)
      at HTMLUnknownElement.callTheUserObjectsOperation 
(node_modules/jsdom/lib/jsdom/living/generated/EventListener.js:26:30)
      at innerInvokeEventListeners 
(node_modules/jsdom/lib/jsdom/living/events/EventTarget-impl.js:350:25)
      at invokeEventListeners 
(node_modules/jsdom/lib/jsdom/living/events/EventTarget-impl.js:286:3)
      at HTMLUnknownElementImpl._dispatch 
(node_modules/jsdom/lib/jsdom/living/events/EventTarget-impl.js:233:9)
      at HTMLUnknownElementImpl.dispatchEvent 
(node_modules/jsdom/lib/jsdom/living/events/EventTarget-impl.js:104:17)
      at HTMLUnknownElement.dispatchEvent 
(node_modules/jsdom/lib/jsdom/living/generated/EventTarget.js:241:34)
      at Object.invokeGuardedCallbackDev 
(node_modules/react-dom/cjs/react-dom.development.js:4213:16)
      at invokeGuardedCallback 
(node_modules/react-dom/cjs/react-dom.development.js:4277:31)
      at invokeGuardedCallbackAndCatchFirstError 
(node_modules/react-dom/cjs/react-dom.development.js:4291:25)
      at executeDispatch 
(node_modules/react-dom/cjs/react-dom.development.js:9041:3)
      at processDispatchQueueItemsInOrder 
(node_modules/react-dom/cjs/react-dom.development.js:9073:7)
      at processDispatchQueue 
(node_modules/react-dom/cjs/react-dom.development.js:9086:5)
      at dispatchEventsForPlugins 
(node_modules/react-dom/cjs/react-dom.development.js:9097:3)
      at node_modules/react-dom/cjs/react-dom.development.js:9288:12
      at batchedUpdates$1 
(node_modules/react-dom/cjs/react-dom.development.js:26179:12)
      at batchedUpdates 
(node_modules/react-dom/cjs/react-dom.development.js:3991:12)
      at dispatchEventForPluginEventSystem 
(node_modules/react-dom/cjs/react-dom.development.js:9287:3)
      at dispatchEventWithEnableCapturePhaseSelectiveHydrationWithoutDiscreteEv
entReplay (node_modules/react-dom/cjs/react-dom.development.js:6465:5)
      at dispatchEvent 
(node_modules/react-dom/cjs/react-dom.development.js:6457:5)
      at dispatchDiscreteEvent 
(node_modules/react-dom/cjs/react-dom.development.js:6430:5)
      at HTMLDivElement.callTheUserObjectsOperation 
(node_modules/jsdom/lib/jsdom/living/generated/EventListener.js:26:30)
      at innerInvokeEventListeners 
(node_modules/jsdom/lib/jsdom/living/events/EventTarget-impl.js:350:25)
      at invokeEventListeners 
(node_modules/jsdom/lib/jsdom/living/events/EventTarget-impl.js:286:3)
      at HTMLInputElementImpl._dispatch 
(node_modules/jsdom/lib/jsdom/living/events/EventTarget-impl.js:233:9)
      at HTMLInputElementImpl.dispatchEvent 
(node_modules/jsdom/lib/jsdom/living/events/EventTarget-impl.js:104:17)
      at HTMLInputElement.dispatchEvent 
(node_modules/jsdom/lib/jsdom/living/generated/EventTarget.js:241:34)
      at 
node_modules/@testing-library/user-event/dist/cjs/event/dispatchEvent.js:45:43
      at Object.eventWrapper 
(node_modules/@testing-library/dom/dist/config.js:25:23)
      at Object.wrapEvent 
(node_modules/@testing-library/user-event/dist/cjs/event/wrapEvent.js:6:28)
      at Object.dispatchEvent (node_modules/@testing-library/user-event/dist/cj
s/event/dispatchEvent.js:45:22)
      at Object.dispatchUIEvent (node_modules/@testing-library/user-event/dist/
cjs/event/dispatchEvent.js:22:26)
      at commitInput 
(node_modules/@testing-library/user-event/dist/cjs/event/input.js:145:14)
      at editInputElement 
(node_modules/@testing-library/user-event/dist/cjs/event/input.js:115:9)
      at Object.input 
(node_modules/@testing-library/user-event/dist/cjs/event/input.js:37:9)
      at node_modules/@testing-library/user-event/dist/cjs/event/behavior/keypr
ess.js:31:26
      at Object.dispatchEvent (node_modules/@testing-library/user-event/dist/cj
s/event/dispatchEvent.js:41:13)
      at Object.dispatchUIEvent (node_modules/@testing-library/user-event/dist/
cjs/event/dispatchEvent.js:22:26)
      at KeyboardHost.keydown 
(node_modules/@testing-library/user-event/dist/cjs/system/keyboard.js:76:22)
      at keyboardAction 
(node_modules/@testing-library/user-event/dist/cjs/keyboard/index.js:22:35)
      at Object.keyboard 
(node_modules/@testing-library/user-event/dist/cjs/keyboard/index.js:11:15)
      at Object.type 
(node_modules/@testing-library/user-event/dist/cjs/utility/type.js:17:5)
      at Object.<anonymous> (src/reporting/__tests__/reports.test.tsx:1265:9)

    console.error
      Warning: An update to DashboardConfigurePage inside a test was not 
wrapped in act(...).
      
      When testing, code that causes React state updates should be wrapped 
into act(...):
      
      act(() => {
        /* fire events that update state */
      });
      /* assert on the output */
      
      This ensures that you're testing the behavior the user would see in the 
browser. Learn more at https://reactjs.org/link/wrap-tests-with-act
          at DashboardConfigurePage (C:\Users\samhe\OneDrive\Desktop\Cleaned\fr
ontend\src\reporting\DashboardConfigurePage\DashboardConfigurePage.tsx:107:29)
          at routeContext (C:\Users\samhe\OneDrive\Desktop\Cleaned\frontend\nod
e_modules\react-router\lib\hooks.tsx:658:26)
          at children (C:\Users\samhe\OneDrive\Desktop\Cleaned\frontend\node_mo
dules\react-router\lib\components.tsx:512:3)
          at basenameProp (C:\Users\samhe\OneDrive\Desktop\Cleaned\frontend\nod
e_modules\react-router\lib\components.tsx:421:13)
          at basename (C:\Users\samhe\OneDrive\Desktop\Cleaned\frontend\node_mo
dules\react-router\lib\components.tsx:225:3)

      452 |                                         type="text"
      453 |                                         value={draftWidget.title}
    > 454 |                                         onChange={(e) => 
setDraftWidget((prev) => prev ? { ...prev, title: e.target.value } : prev)}
          |                                                          ^
      455 |                                         className="border 
border-gray-300 rounded px-3 py-2 text-sm"
      456 |                                     />
      457 |                                 </div>

      at printWarning 
(node_modules/react-dom/cjs/react-dom.development.js:86:30)
      at error (node_modules/react-dom/cjs/react-dom.development.js:60:7)
      at warnIfUpdatesNotWrappedWithActDEV 
(node_modules/react-dom/cjs/react-dom.development.js:27628:9)
      at scheduleUpdateOnFiber 
(node_modules/react-dom/cjs/react-dom.development.js:25547:5)
      at dispatchSetState 
(node_modules/react-dom/cjs/react-dom.development.js:16708:7)
      at onChange 
(src/reporting/DashboardConfigurePage/DashboardConfigurePage.tsx:454:58)
      at HTMLUnknownElement.callCallback 
(node_modules/react-dom/cjs/react-dom.development.js:4164:14)
      at HTMLUnknownElement.callTheUserObjectsOperation 
(node_modules/jsdom/lib/jsdom/living/generated/EventListener.js:26:30)
      at innerInvokeEventListeners 
(node_modules/jsdom/lib/jsdom/living/events/EventTarget-impl.js:350:25)
      at invokeEventListeners 
(node_modules/jsdom/lib/jsdom/living/events/EventTarget-impl.js:286:3)
      at HTMLUnknownElementImpl._dispatch 
(node_modules/jsdom/lib/jsdom/living/events/EventTarget-impl.js:233:9)
      at HTMLUnknownElementImpl.dispatchEvent 
(node_modules/jsdom/lib/jsdom/living/events/EventTarget-impl.js:104:17)
      at HTMLUnknownElement.dispatchEvent 
(node_modules/jsdom/lib/jsdom/living/generated/EventTarget.js:241:34)
      at Object.invokeGuardedCallbackDev 
(node_modules/react-dom/cjs/react-dom.development.js:4213:16)
      at invokeGuardedCallback 
(node_modules/react-dom/cjs/react-dom.development.js:4277:31)
      at invokeGuardedCallbackAndCatchFirstError 
(node_modules/react-dom/cjs/react-dom.development.js:4291:25)
      at executeDispatch 
(node_modules/react-dom/cjs/react-dom.development.js:9041:3)
      at processDispatchQueueItemsInOrder 
(node_modules/react-dom/cjs/react-dom.development.js:9073:7)
      at processDispatchQueue 
(node_modules/react-dom/cjs/react-dom.development.js:9086:5)
      at dispatchEventsForPlugins 
(node_modules/react-dom/cjs/react-dom.development.js:9097:3)
      at node_modules/react-dom/cjs/react-dom.development.js:9288:12
      at batchedUpdates$1 
(node_modules/react-dom/cjs/react-dom.development.js:26179:12)
      at batchedUpdates 
(node_modules/react-dom/cjs/react-dom.development.js:3991:12)
      at dispatchEventForPluginEventSystem 
(node_modules/react-dom/cjs/react-dom.development.js:9287:3)
      at dispatchEventWithEnableCapturePhaseSelectiveHydrationWithoutDiscreteEv
entReplay (node_modules/react-dom/cjs/react-dom.development.js:6465:5)
      at dispatchEvent 
(node_modules/react-dom/cjs/react-dom.development.js:6457:5)
      at dispatchDiscreteEvent 
(node_modules/react-dom/cjs/react-dom.development.js:6430:5)
      at HTMLDivElement.callTheUserObjectsOperation 
(node_modules/jsdom/lib/jsdom/living/generated/EventListener.js:26:30)
      at innerInvokeEventListeners 
(node_modules/jsdom/lib/jsdom/living/events/EventTarget-impl.js:350:25)
      at invokeEventListeners 
(node_modules/jsdom/lib/jsdom/living/events/EventTarget-impl.js:286:3)
      at HTMLInputElementImpl._dispatch 
(node_modules/jsdom/lib/jsdom/living/events/EventTarget-impl.js:233:9)
      at HTMLInputElementImpl.dispatchEvent 
(node_modules/jsdom/lib/jsdom/living/events/EventTarget-impl.js:104:17)
      at HTMLInputElement.dispatchEvent 
(node_modules/jsdom/lib/jsdom/living/generated/EventTarget.js:241:34)
      at 
node_modules/@testing-library/user-event/dist/cjs/event/dispatchEvent.js:45:43
      at Object.eventWrapper 
(node_modules/@testing-library/dom/dist/config.js:25:23)
      at Object.wrapEvent 
(node_modules/@testing-library/user-event/dist/cjs/event/wrapEvent.js:6:28)
      at Object.dispatchEvent (node_modules/@testing-library/user-event/dist/cj
s/event/dispatchEvent.js:45:22)
      at Object.dispatchUIEvent (node_modules/@testing-library/user-event/dist/
cjs/event/dispatchEvent.js:22:26)
      at commitInput 
(node_modules/@testing-library/user-event/dist/cjs/event/input.js:145:14)
      at editInputElement 
(node_modules/@testing-library/user-event/dist/cjs/event/input.js:115:9)
      at Object.input 
(node_modules/@testing-library/user-event/dist/cjs/event/input.js:37:9)
      at node_modules/@testing-library/user-event/dist/cjs/event/behavior/keypr
ess.js:31:26
      at Object.dispatchEvent (node_modules/@testing-library/user-event/dist/cj
s/event/dispatchEvent.js:41:13)
      at Object.dispatchUIEvent (node_modules/@testing-library/user-event/dist/
cjs/event/dispatchEvent.js:22:26)
      at KeyboardHost.keydown 
(node_modules/@testing-library/user-event/dist/cjs/system/keyboard.js:76:22)
      at keyboardAction 
(node_modules/@testing-library/user-event/dist/cjs/keyboard/index.js:22:35)
      at Object.keyboard 
(node_modules/@testing-library/user-event/dist/cjs/keyboard/index.js:11:15)
      at Object.type 
(node_modules/@testing-library/user-event/dist/cjs/utility/type.js:17:5)
      at Object.<anonymous> (src/reporting/__tests__/reports.test.tsx:1265:9)

    console.error
      Warning: An update to DashboardConfigurePage inside a test was not 
wrapped in act(...).
      
      When testing, code that causes React state updates should be wrapped 
into act(...):
      
      act(() => {
        /* fire events that update state */
      });
      /* assert on the output */
      
      This ensures that you're testing the behavior the user would see in the 
browser. Learn more at https://reactjs.org/link/wrap-tests-with-act
          at DashboardConfigurePage (C:\Users\samhe\OneDrive\Desktop\Cleaned\fr
ontend\src\reporting\DashboardConfigurePage\DashboardConfigurePage.tsx:107:29)
          at routeContext (C:\Users\samhe\OneDrive\Desktop\Cleaned\frontend\nod
e_modules\react-router\lib\hooks.tsx:658:26)
          at children (C:\Users\samhe\OneDrive\Desktop\Cleaned\frontend\node_mo
dules\react-router\lib\components.tsx:512:3)
          at basenameProp (C:\Users\samhe\OneDrive\Desktop\Cleaned\frontend\nod
e_modules\react-router\lib\components.tsx:421:13)
          at basename (C:\Users\samhe\OneDrive\Desktop\Cleaned\frontend\node_mo
dules\react-router\lib\components.tsx:225:3)

      452 |                                         type="text"
      453 |                                         value={draftWidget.title}
    > 454 |                                         onChange={(e) => 
setDraftWidget((prev) => prev ? { ...prev, title: e.target.value } : prev)}
          |                                                          ^
      455 |                                         className="border 
border-gray-300 rounded px-3 py-2 text-sm"
      456 |                                     />
      457 |                                 </div>

      at printWarning 
(node_modules/react-dom/cjs/react-dom.development.js:86:30)
      at error (node_modules/react-dom/cjs/react-dom.development.js:60:7)
      at warnIfUpdatesNotWrappedWithActDEV 
(node_modules/react-dom/cjs/react-dom.development.js:27628:9)
      at scheduleUpdateOnFiber 
(node_modules/react-dom/cjs/react-dom.development.js:25547:5)
      at dispatchSetState 
(node_modules/react-dom/cjs/react-dom.development.js:16708:7)
      at onChange 
(src/reporting/DashboardConfigurePage/DashboardConfigurePage.tsx:454:58)
      at HTMLUnknownElement.callCallback 
(node_modules/react-dom/cjs/react-dom.development.js:4164:14)
      at HTMLUnknownElement.callTheUserObjectsOperation 
(node_modules/jsdom/lib/jsdom/living/generated/EventListener.js:26:30)
      at innerInvokeEventListeners 
(node_modules/jsdom/lib/jsdom/living/events/EventTarget-impl.js:350:25)
      at invokeEventListeners 
(node_modules/jsdom/lib/jsdom/living/events/EventTarget-impl.js:286:3)
      at HTMLUnknownElementImpl._dispatch 
(node_modules/jsdom/lib/jsdom/living/events/EventTarget-impl.js:233:9)
      at HTMLUnknownElementImpl.dispatchEvent 
(node_modules/jsdom/lib/jsdom/living/events/EventTarget-impl.js:104:17)
      at HTMLUnknownElement.dispatchEvent 
(node_modules/jsdom/lib/jsdom/living/generated/EventTarget.js:241:34)
      at Object.invokeGuardedCallbackDev 
(node_modules/react-dom/cjs/react-dom.development.js:4213:16)
      at invokeGuardedCallback 
(node_modules/react-dom/cjs/react-dom.development.js:4277:31)
      at invokeGuardedCallbackAndCatchFirstError 
(node_modules/react-dom/cjs/react-dom.development.js:4291:25)
      at executeDispatch 
(node_modules/react-dom/cjs/react-dom.development.js:9041:3)
      at processDispatchQueueItemsInOrder 
(node_modules/react-dom/cjs/react-dom.development.js:9073:7)
      at processDispatchQueue 
(node_modules/react-dom/cjs/react-dom.development.js:9086:5)
      at dispatchEventsForPlugins 
(node_modules/react-dom/cjs/react-dom.development.js:9097:3)
      at node_modules/react-dom/cjs/react-dom.development.js:9288:12
      at batchedUpdates$1 
(node_modules/react-dom/cjs/react-dom.development.js:26179:12)
      at batchedUpdates 
(node_modules/react-dom/cjs/react-dom.development.js:3991:12)
      at dispatchEventForPluginEventSystem 
(node_modules/react-dom/cjs/react-dom.development.js:9287:3)
      at dispatchEventWithEnableCapturePhaseSelectiveHydrationWithoutDiscreteEv
entReplay (node_modules/react-dom/cjs/react-dom.development.js:6465:5)
      at dispatchEvent 
(node_modules/react-dom/cjs/react-dom.development.js:6457:5)
      at dispatchDiscreteEvent 
(node_modules/react-dom/cjs/react-dom.development.js:6430:5)
      at HTMLDivElement.callTheUserObjectsOperation 
(node_modules/jsdom/lib/jsdom/living/generated/EventListener.js:26:30)
      at innerInvokeEventListeners 
(node_modules/jsdom/lib/jsdom/living/events/EventTarget-impl.js:350:25)
      at invokeEventListeners 
(node_modules/jsdom/lib/jsdom/living/events/EventTarget-impl.js:286:3)
      at HTMLInputElementImpl._dispatch 
(node_modules/jsdom/lib/jsdom/living/events/EventTarget-impl.js:233:9)
      at HTMLInputElementImpl.dispatchEvent 
(node_modules/jsdom/lib/jsdom/living/events/EventTarget-impl.js:104:17)
      at HTMLInputElement.dispatchEvent 
(node_modules/jsdom/lib/jsdom/living/generated/EventTarget.js:241:34)
      at 
node_modules/@testing-library/user-event/dist/cjs/event/dispatchEvent.js:45:43
      at Object.eventWrapper 
(node_modules/@testing-library/dom/dist/config.js:25:23)
      at Object.wrapEvent 
(node_modules/@testing-library/user-event/dist/cjs/event/wrapEvent.js:6:28)
      at Object.dispatchEvent (node_modules/@testing-library/user-event/dist/cj
s/event/dispatchEvent.js:45:22)
      at Object.dispatchUIEvent (node_modules/@testing-library/user-event/dist/
cjs/event/dispatchEvent.js:22:26)
      at commitInput 
(node_modules/@testing-library/user-event/dist/cjs/event/input.js:145:14)
      at editInputElement 
(node_modules/@testing-library/user-event/dist/cjs/event/input.js:115:9)
      at Object.input 
(node_modules/@testing-library/user-event/dist/cjs/event/input.js:37:9)
      at node_modules/@testing-library/user-event/dist/cjs/event/behavior/keypr
ess.js:31:26
      at Object.dispatchEvent (node_modules/@testing-library/user-event/dist/cj
s/event/dispatchEvent.js:41:13)
      at Object.dispatchUIEvent (node_modules/@testing-library/user-event/dist/
cjs/event/dispatchEvent.js:22:26)
      at KeyboardHost.keydown 
(node_modules/@testing-library/user-event/dist/cjs/system/keyboard.js:76:22)
      at keyboardAction 
(node_modules/@testing-library/user-event/dist/cjs/keyboard/index.js:22:35)
      at Object.keyboard 
(node_modules/@testing-library/user-event/dist/cjs/keyboard/index.js:11:15)
      at Object.type 
(node_modules/@testing-library/user-event/dist/cjs/utility/type.js:17:5)
      at Object.<anonymous> (src/reporting/__tests__/reports.test.tsx:1265:9)

    console.error
      Warning: An update to DashboardConfigurePage inside a test was not 
wrapped in act(...).
      
      When testing, code that causes React state updates should be wrapped 
into act(...):
      
      act(() => {
        /* fire events that update state */
      });
      /* assert on the output */
      
      This ensures that you're testing the behavior the user would see in the 
browser. Learn more at https://reactjs.org/link/wrap-tests-with-act
          at DashboardConfigurePage (C:\Users\samhe\OneDrive\Desktop\Cleaned\fr
ontend\src\reporting\DashboardConfigurePage\DashboardConfigurePage.tsx:107:29)
          at routeContext (C:\Users\samhe\OneDrive\Desktop\Cleaned\frontend\nod
e_modules\react-router\lib\hooks.tsx:658:26)
          at children (C:\Users\samhe\OneDrive\Desktop\Cleaned\frontend\node_mo
dules\react-router\lib\components.tsx:512:3)
          at basenameProp (C:\Users\samhe\OneDrive\Desktop\Cleaned\frontend\nod
e_modules\react-router\lib\components.tsx:421:13)
          at basename (C:\Users\samhe\OneDrive\Desktop\Cleaned\frontend\node_mo
dules\react-router\lib\components.tsx:225:3)

      452 |                                         type="text"
      453 |                                         value={draftWidget.title}
    > 454 |                                         onChange={(e) => 
setDraftWidget((prev) => prev ? { ...prev, title: e.target.value } : prev)}
          |                                                          ^
      455 |                                         className="border 
border-gray-300 rounded px-3 py-2 text-sm"
      456 |                                     />
      457 |                                 </div>

      at printWarning 
(node_modules/react-dom/cjs/react-dom.development.js:86:30)
      at error (node_modules/react-dom/cjs/react-dom.development.js:60:7)
      at warnIfUpdatesNotWrappedWithActDEV 
(node_modules/react-dom/cjs/react-dom.development.js:27628:9)
      at scheduleUpdateOnFiber 
(node_modules/react-dom/cjs/react-dom.development.js:25547:5)
      at dispatchSetState 
(node_modules/react-dom/cjs/react-dom.development.js:16708:7)
      at onChange 
(src/reporting/DashboardConfigurePage/DashboardConfigurePage.tsx:454:58)
      at HTMLUnknownElement.callCallback 
(node_modules/react-dom/cjs/react-dom.development.js:4164:14)
      at HTMLUnknownElement.callTheUserObjectsOperation 
(node_modules/jsdom/lib/jsdom/living/generated/EventListener.js:26:30)
      at innerInvokeEventListeners 
(node_modules/jsdom/lib/jsdom/living/events/EventTarget-impl.js:350:25)
      at invokeEventListeners 
(node_modules/jsdom/lib/jsdom/living/events/EventTarget-impl.js:286:3)
      at HTMLUnknownElementImpl._dispatch 
(node_modules/jsdom/lib/jsdom/living/events/EventTarget-impl.js:233:9)
      at HTMLUnknownElementImpl.dispatchEvent 
(node_modules/jsdom/lib/jsdom/living/events/EventTarget-impl.js:104:17)
      at HTMLUnknownElement.dispatchEvent 
(node_modules/jsdom/lib/jsdom/living/generated/EventTarget.js:241:34)
      at Object.invokeGuardedCallbackDev 
(node_modules/react-dom/cjs/react-dom.development.js:4213:16)
      at invokeGuardedCallback 
(node_modules/react-dom/cjs/react-dom.development.js:4277:31)
      at invokeGuardedCallbackAndCatchFirstError 
(node_modules/react-dom/cjs/react-dom.development.js:4291:25)
      at executeDispatch 
(node_modules/react-dom/cjs/react-dom.development.js:9041:3)
      at processDispatchQueueItemsInOrder 
(node_modules/react-dom/cjs/react-dom.development.js:9073:7)
      at processDispatchQueue 
(node_modules/react-dom/cjs/react-dom.development.js:9086:5)
      at dispatchEventsForPlugins 
(node_modules/react-dom/cjs/react-dom.development.js:9097:3)
      at node_modules/react-dom/cjs/react-dom.development.js:9288:12
      at batchedUpdates$1 
(node_modules/react-dom/cjs/react-dom.development.js:26179:12)
      at batchedUpdates 
(node_modules/react-dom/cjs/react-dom.development.js:3991:12)
      at dispatchEventForPluginEventSystem 
(node_modules/react-dom/cjs/react-dom.development.js:9287:3)
      at dispatchEventWithEnableCapturePhaseSelectiveHydrationWithoutDiscreteEv
entReplay (node_modules/react-dom/cjs/react-dom.development.js:6465:5)
      at dispatchEvent 
(node_modules/react-dom/cjs/react-dom.development.js:6457:5)
      at dispatchDiscreteEvent 
(node_modules/react-dom/cjs/react-dom.development.js:6430:5)
      at HTMLDivElement.callTheUserObjectsOperation 
(node_modules/jsdom/lib/jsdom/living/generated/EventListener.js:26:30)
      at innerInvokeEventListeners 
(node_modules/jsdom/lib/jsdom/living/events/EventTarget-impl.js:350:25)
      at invokeEventListeners 
(node_modules/jsdom/lib/jsdom/living/events/EventTarget-impl.js:286:3)
      at HTMLInputElementImpl._dispatch 
(node_modules/jsdom/lib/jsdom/living/events/EventTarget-impl.js:233:9)
      at HTMLInputElementImpl.dispatchEvent 
(node_modules/jsdom/lib/jsdom/living/events/EventTarget-impl.js:104:17)
      at HTMLInputElement.dispatchEvent 
(node_modules/jsdom/lib/jsdom/living/generated/EventTarget.js:241:34)
      at 
node_modules/@testing-library/user-event/dist/cjs/event/dispatchEvent.js:45:43
      at Object.eventWrapper 
(node_modules/@testing-library/dom/dist/config.js:25:23)
      at Object.wrapEvent 
(node_modules/@testing-library/user-event/dist/cjs/event/wrapEvent.js:6:28)
      at Object.dispatchEvent (node_modules/@testing-library/user-event/dist/cj
s/event/dispatchEvent.js:45:22)
      at Object.dispatchUIEvent (node_modules/@testing-library/user-event/dist/
cjs/event/dispatchEvent.js:22:26)
      at commitInput 
(node_modules/@testing-library/user-event/dist/cjs/event/input.js:145:14)
      at editInputElement 
(node_modules/@testing-library/user-event/dist/cjs/event/input.js:115:9)
      at Object.input 
(node_modules/@testing-library/user-event/dist/cjs/event/input.js:37:9)
      at node_modules/@testing-library/user-event/dist/cjs/event/behavior/keypr
ess.js:31:26
      at Object.dispatchEvent (node_modules/@testing-library/user-event/dist/cj
s/event/dispatchEvent.js:41:13)
      at Object.dispatchUIEvent (node_modules/@testing-library/user-event/dist/
cjs/event/dispatchEvent.js:22:26)
      at KeyboardHost.keydown 
(node_modules/@testing-library/user-event/dist/cjs/system/keyboard.js:76:22)
      at keyboardAction 
(node_modules/@testing-library/user-event/dist/cjs/keyboard/index.js:22:35)
      at Object.keyboard 
(node_modules/@testing-library/user-event/dist/cjs/keyboard/index.js:11:15)
      at Object.type 
(node_modules/@testing-library/user-event/dist/cjs/utility/type.js:17:5)
      at Object.<anonymous> (src/reporting/__tests__/reports.test.tsx:1265:9)

    console.error
      Warning: An update to DashboardConfigurePage inside a test was not 
wrapped in act(...).
      
      When testing, code that causes React state updates should be wrapped 
into act(...):
      
      act(() => {
        /* fire events that update state */
      });
      /* assert on the output */
      
      This ensures that you're testing the behavior the user would see in the 
browser. Learn more at https://reactjs.org/link/wrap-tests-with-act
          at DashboardConfigurePage (C:\Users\samhe\OneDrive\Desktop\Cleaned\fr
ontend\src\reporting\DashboardConfigurePage\DashboardConfigurePage.tsx:107:29)
          at routeContext (C:\Users\samhe\OneDrive\Desktop\Cleaned\frontend\nod
e_modules\react-router\lib\hooks.tsx:658:26)
          at children (C:\Users\samhe\OneDrive\Desktop\Cleaned\frontend\node_mo
dules\react-router\lib\components.tsx:512:3)
          at basenameProp (C:\Users\samhe\OneDrive\Desktop\Cleaned\frontend\nod
e_modules\react-router\lib\components.tsx:421:13)
          at basename (C:\Users\samhe\OneDrive\Desktop\Cleaned\frontend\node_mo
dules\react-router\lib\components.tsx:225:3)

      452 |                                         type="text"
      453 |                                         value={draftWidget.title}
    > 454 |                                         onChange={(e) => 
setDraftWidget((prev) => prev ? { ...prev, title: e.target.value } : prev)}
          |                                                          ^
      455 |                                         className="border 
border-gray-300 rounded px-3 py-2 text-sm"
      456 |                                     />
      457 |                                 </div>

      at printWarning 
(node_modules/react-dom/cjs/react-dom.development.js:86:30)
      at error (node_modules/react-dom/cjs/react-dom.development.js:60:7)
      at warnIfUpdatesNotWrappedWithActDEV 
(node_modules/react-dom/cjs/react-dom.development.js:27628:9)
      at scheduleUpdateOnFiber 
(node_modules/react-dom/cjs/react-dom.development.js:25547:5)
      at dispatchSetState 
(node_modules/react-dom/cjs/react-dom.development.js:16708:7)
      at onChange 
(src/reporting/DashboardConfigurePage/DashboardConfigurePage.tsx:454:58)
      at HTMLUnknownElement.callCallback 
(node_modules/react-dom/cjs/react-dom.development.js:4164:14)
      at HTMLUnknownElement.callTheUserObjectsOperation 
(node_modules/jsdom/lib/jsdom/living/generated/EventListener.js:26:30)
      at innerInvokeEventListeners 
(node_modules/jsdom/lib/jsdom/living/events/EventTarget-impl.js:350:25)
      at invokeEventListeners 
(node_modules/jsdom/lib/jsdom/living/events/EventTarget-impl.js:286:3)
      at HTMLUnknownElementImpl._dispatch 
(node_modules/jsdom/lib/jsdom/living/events/EventTarget-impl.js:233:9)
      at HTMLUnknownElementImpl.dispatchEvent 
(node_modules/jsdom/lib/jsdom/living/events/EventTarget-impl.js:104:17)
      at HTMLUnknownElement.dispatchEvent 
(node_modules/jsdom/lib/jsdom/living/generated/EventTarget.js:241:34)
      at Object.invokeGuardedCallbackDev 
(node_modules/react-dom/cjs/react-dom.development.js:4213:16)
      at invokeGuardedCallback 
(node_modules/react-dom/cjs/react-dom.development.js:4277:31)
      at invokeGuardedCallbackAndCatchFirstError 
(node_modules/react-dom/cjs/react-dom.development.js:4291:25)
      at executeDispatch 
(node_modules/react-dom/cjs/react-dom.development.js:9041:3)
      at processDispatchQueueItemsInOrder 
(node_modules/react-dom/cjs/react-dom.development.js:9073:7)
      at processDispatchQueue 
(node_modules/react-dom/cjs/react-dom.development.js:9086:5)
      at dispatchEventsForPlugins 
(node_modules/react-dom/cjs/react-dom.development.js:9097:3)
      at node_modules/react-dom/cjs/react-dom.development.js:9288:12
      at batchedUpdates$1 
(node_modules/react-dom/cjs/react-dom.development.js:26179:12)
      at batchedUpdates 
(node_modules/react-dom/cjs/react-dom.development.js:3991:12)
      at dispatchEventForPluginEventSystem 
(node_modules/react-dom/cjs/react-dom.development.js:9287:3)
      at dispatchEventWithEnableCapturePhaseSelectiveHydrationWithoutDiscreteEv
entReplay (node_modules/react-dom/cjs/react-dom.development.js:6465:5)
      at dispatchEvent 
(node_modules/react-dom/cjs/react-dom.development.js:6457:5)
      at dispatchDiscreteEvent 
(node_modules/react-dom/cjs/react-dom.development.js:6430:5)
      at HTMLDivElement.callTheUserObjectsOperation 
(node_modules/jsdom/lib/jsdom/living/generated/EventListener.js:26:30)
      at innerInvokeEventListeners 
(node_modules/jsdom/lib/jsdom/living/events/EventTarget-impl.js:350:25)
      at invokeEventListeners 
(node_modules/jsdom/lib/jsdom/living/events/EventTarget-impl.js:286:3)
      at HTMLInputElementImpl._dispatch 
(node_modules/jsdom/lib/jsdom/living/events/EventTarget-impl.js:233:9)
      at HTMLInputElementImpl.dispatchEvent 
(node_modules/jsdom/lib/jsdom/living/events/EventTarget-impl.js:104:17)
      at HTMLInputElement.dispatchEvent 
(node_modules/jsdom/lib/jsdom/living/generated/EventTarget.js:241:34)
      at 
node_modules/@testing-library/user-event/dist/cjs/event/dispatchEvent.js:45:43
      at Object.eventWrapper 
(node_modules/@testing-library/dom/dist/config.js:25:23)
      at Object.wrapEvent 
(node_modules/@testing-library/user-event/dist/cjs/event/wrapEvent.js:6:28)
      at Object.dispatchEvent (node_modules/@testing-library/user-event/dist/cj
s/event/dispatchEvent.js:45:22)
      at Object.dispatchUIEvent (node_modules/@testing-library/user-event/dist/
cjs/event/dispatchEvent.js:22:26)
      at commitInput 
(node_modules/@testing-library/user-event/dist/cjs/event/input.js:145:14)
      at editInputElement 
(node_modules/@testing-library/user-event/dist/cjs/event/input.js:115:9)
      at Object.input 
(node_modules/@testing-library/user-event/dist/cjs/event/input.js:37:9)
      at node_modules/@testing-library/user-event/dist/cjs/event/behavior/keypr
ess.js:31:26
      at Object.dispatchEvent (node_modules/@testing-library/user-event/dist/cj
s/event/dispatchEvent.js:41:13)
      at Object.dispatchUIEvent (node_modules/@testing-library/user-event/dist/
cjs/event/dispatchEvent.js:22:26)
      at KeyboardHost.keydown 
(node_modules/@testing-library/user-event/dist/cjs/system/keyboard.js:76:22)
      at keyboardAction 
(node_modules/@testing-library/user-event/dist/cjs/keyboard/index.js:22:35)
      at Object.keyboard 
(node_modules/@testing-library/user-event/dist/cjs/keyboard/index.js:11:15)
      at Object.type 
(node_modules/@testing-library/user-event/dist/cjs/utility/type.js:17:5)
      at Object.<anonymous> (src/reporting/__tests__/reports.test.tsx:1265:9)

    console.error
      Warning: An update to DashboardConfigurePage inside a test was not 
wrapped in act(...).
      
      When testing, code that causes React state updates should be wrapped 
into act(...):
      
      act(() => {
        /* fire events that update state */
      });
      /* assert on the output */
      
      This ensures that you're testing the behavior the user would see in the 
browser. Learn more at https://reactjs.org/link/wrap-tests-with-act
          at DashboardConfigurePage (C:\Users\samhe\OneDrive\Desktop\Cleaned\fr
ontend\src\reporting\DashboardConfigurePage\DashboardConfigurePage.tsx:107:29)
          at routeContext (C:\Users\samhe\OneDrive\Desktop\Cleaned\frontend\nod
e_modules\react-router\lib\hooks.tsx:658:26)
          at children (C:\Users\samhe\OneDrive\Desktop\Cleaned\frontend\node_mo
dules\react-router\lib\components.tsx:512:3)
          at basenameProp (C:\Users\samhe\OneDrive\Desktop\Cleaned\frontend\nod
e_modules\react-router\lib\components.tsx:421:13)
          at basename (C:\Users\samhe\OneDrive\Desktop\Cleaned\frontend\node_mo
dules\react-router\lib\components.tsx:225:3)

      452 |                                         type="text"
      453 |                                         value={draftWidget.title}
    > 454 |                                         onChange={(e) => 
setDraftWidget((prev) => prev ? { ...prev, title: e.target.value } : prev)}
          |                                                          ^
      455 |                                         className="border 
border-gray-300 rounded px-3 py-2 text-sm"
      456 |                                     />
      457 |                                 </div>

      at printWarning 
(node_modules/react-dom/cjs/react-dom.development.js:86:30)
      at error (node_modules/react-dom/cjs/react-dom.development.js:60:7)
      at warnIfUpdatesNotWrappedWithActDEV 
(node_modules/react-dom/cjs/react-dom.development.js:27628:9)
      at scheduleUpdateOnFiber 
(node_modules/react-dom/cjs/react-dom.development.js:25547:5)
      at dispatchSetState 
(node_modules/react-dom/cjs/react-dom.development.js:16708:7)
      at onChange 
(src/reporting/DashboardConfigurePage/DashboardConfigurePage.tsx:454:58)
      at HTMLUnknownElement.callCallback 
(node_modules/react-dom/cjs/react-dom.development.js:4164:14)
      at HTMLUnknownElement.callTheUserObjectsOperation 
(node_modules/jsdom/lib/jsdom/living/generated/EventListener.js:26:30)
      at innerInvokeEventListeners 
(node_modules/jsdom/lib/jsdom/living/events/EventTarget-impl.js:350:25)
      at invokeEventListeners 
(node_modules/jsdom/lib/jsdom/living/events/EventTarget-impl.js:286:3)
      at HTMLUnknownElementImpl._dispatch 
(node_modules/jsdom/lib/jsdom/living/events/EventTarget-impl.js:233:9)
      at HTMLUnknownElementImpl.dispatchEvent 
(node_modules/jsdom/lib/jsdom/living/events/EventTarget-impl.js:104:17)
      at HTMLUnknownElement.dispatchEvent 
(node_modules/jsdom/lib/jsdom/living/generated/EventTarget.js:241:34)
      at Object.invokeGuardedCallbackDev 
(node_modules/react-dom/cjs/react-dom.development.js:4213:16)
      at invokeGuardedCallback 
(node_modules/react-dom/cjs/react-dom.development.js:4277:31)
      at invokeGuardedCallbackAndCatchFirstError 
(node_modules/react-dom/cjs/react-dom.development.js:4291:25)
      at executeDispatch 
(node_modules/react-dom/cjs/react-dom.development.js:9041:3)
      at processDispatchQueueItemsInOrder 
(node_modules/react-dom/cjs/react-dom.development.js:9073:7)
      at processDispatchQueue 
(node_modules/react-dom/cjs/react-dom.development.js:9086:5)
      at dispatchEventsForPlugins 
(node_modules/react-dom/cjs/react-dom.development.js:9097:3)
      at node_modules/react-dom/cjs/react-dom.development.js:9288:12
      at batchedUpdates$1 
(node_modules/react-dom/cjs/react-dom.development.js:26179:12)
      at batchedUpdates 
(node_modules/react-dom/cjs/react-dom.development.js:3991:12)
      at dispatchEventForPluginEventSystem 
(node_modules/react-dom/cjs/react-dom.development.js:9287:3)
      at dispatchEventWithEnableCapturePhaseSelectiveHydrationWithoutDiscreteEv
entReplay (node_modules/react-dom/cjs/react-dom.development.js:6465:5)
      at dispatchEvent 
(node_modules/react-dom/cjs/react-dom.development.js:6457:5)
      at dispatchDiscreteEvent 
(node_modules/react-dom/cjs/react-dom.development.js:6430:5)
      at HTMLDivElement.callTheUserObjectsOperation 
(node_modules/jsdom/lib/jsdom/living/generated/EventListener.js:26:30)
      at innerInvokeEventListeners 
(node_modules/jsdom/lib/jsdom/living/events/EventTarget-impl.js:350:25)
      at invokeEventListeners 
(node_modules/jsdom/lib/jsdom/living/events/EventTarget-impl.js:286:3)
      at HTMLInputElementImpl._dispatch 
(node_modules/jsdom/lib/jsdom/living/events/EventTarget-impl.js:233:9)
      at HTMLInputElementImpl.dispatchEvent 
(node_modules/jsdom/lib/jsdom/living/events/EventTarget-impl.js:104:17)
      at HTMLInputElement.dispatchEvent 
(node_modules/jsdom/lib/jsdom/living/generated/EventTarget.js:241:34)
      at 
node_modules/@testing-library/user-event/dist/cjs/event/dispatchEvent.js:45:43
      at Object.eventWrapper 
(node_modules/@testing-library/dom/dist/config.js:25:23)
      at Object.wrapEvent 
(node_modules/@testing-library/user-event/dist/cjs/event/wrapEvent.js:6:28)
      at Object.dispatchEvent (node_modules/@testing-library/user-event/dist/cj
s/event/dispatchEvent.js:45:22)
      at Object.dispatchUIEvent (node_modules/@testing-library/user-event/dist/
cjs/event/dispatchEvent.js:22:26)
      at commitInput 
(node_modules/@testing-library/user-event/dist/cjs/event/input.js:145:14)
      at editInputElement 
(node_modules/@testing-library/user-event/dist/cjs/event/input.js:115:9)
      at Object.input 
(node_modules/@testing-library/user-event/dist/cjs/event/input.js:37:9)
      at node_modules/@testing-library/user-event/dist/cjs/event/behavior/keypr
ess.js:31:26
      at Object.dispatchEvent (node_modules/@testing-library/user-event/dist/cj
s/event/dispatchEvent.js:41:13)
      at Object.dispatchUIEvent (node_modules/@testing-library/user-event/dist/
cjs/event/dispatchEvent.js:22:26)
      at KeyboardHost.keydown 
(node_modules/@testing-library/user-event/dist/cjs/system/keyboard.js:76:22)
      at keyboardAction 
(node_modules/@testing-library/user-event/dist/cjs/keyboard/index.js:22:35)
      at Object.keyboard 
(node_modules/@testing-library/user-event/dist/cjs/keyboard/index.js:11:15)
      at Object.type 
(node_modules/@testing-library/user-event/dist/cjs/utility/type.js:17:5)
      at Object.<anonymous> (src/reporting/__tests__/reports.test.tsx:1265:9)

    console.error
      Warning: An update to DashboardConfigurePage inside a test was not 
wrapped in act(...).
      
      When testing, code that causes React state updates should be wrapped 
into act(...):
      
      act(() => {
        /* fire events that update state */
      });
      /* assert on the output */
      
      This ensures that you're testing the behavior the user would see in the 
browser. Learn more at https://reactjs.org/link/wrap-tests-with-act
          at DashboardConfigurePage (C:\Users\samhe\OneDrive\Desktop\Cleaned\fr
ontend\src\reporting\DashboardConfigurePage\DashboardConfigurePage.tsx:107:29)
          at routeContext (C:\Users\samhe\OneDrive\Desktop\Cleaned\frontend\nod
e_modules\react-router\lib\hooks.tsx:658:26)
          at children (C:\Users\samhe\OneDrive\Desktop\Cleaned\frontend\node_mo
dules\react-router\lib\components.tsx:512:3)
          at basenameProp (C:\Users\samhe\OneDrive\Desktop\Cleaned\frontend\nod
e_modules\react-router\lib\components.tsx:421:13)
          at basename (C:\Users\samhe\OneDrive\Desktop\Cleaned\frontend\node_mo
dules\react-router\lib\components.tsx:225:3)

      452 |                                         type="text"
      453 |                                         value={draftWidget.title}
    > 454 |                                         onChange={(e) => 
setDraftWidget((prev) => prev ? { ...prev, title: e.target.value } : prev)}
          |                                                          ^
      455 |                                         className="border 
border-gray-300 rounded px-3 py-2 text-sm"
      456 |                                     />
      457 |                                 </div>

      at printWarning 
(node_modules/react-dom/cjs/react-dom.development.js:86:30)
      at error (node_modules/react-dom/cjs/react-dom.development.js:60:7)
      at warnIfUpdatesNotWrappedWithActDEV 
(node_modules/react-dom/cjs/react-dom.development.js:27628:9)
      at scheduleUpdateOnFiber 
(node_modules/react-dom/cjs/react-dom.development.js:25547:5)
      at dispatchSetState 
(node_modules/react-dom/cjs/react-dom.development.js:16708:7)
      at onChange 
(src/reporting/DashboardConfigurePage/DashboardConfigurePage.tsx:454:58)
      at HTMLUnknownElement.callCallback 
(node_modules/react-dom/cjs/react-dom.development.js:4164:14)
      at HTMLUnknownElement.callTheUserObjectsOperation 
(node_modules/jsdom/lib/jsdom/living/generated/EventListener.js:26:30)
      at innerInvokeEventListeners 
(node_modules/jsdom/lib/jsdom/living/events/EventTarget-impl.js:350:25)
      at invokeEventListeners 
(node_modules/jsdom/lib/jsdom/living/events/EventTarget-impl.js:286:3)
      at HTMLUnknownElementImpl._dispatch 
(node_modules/jsdom/lib/jsdom/living/events/EventTarget-impl.js:233:9)
      at HTMLUnknownElementImpl.dispatchEvent 
(node_modules/jsdom/lib/jsdom/living/events/EventTarget-impl.js:104:17)
      at HTMLUnknownElement.dispatchEvent 
(node_modules/jsdom/lib/jsdom/living/generated/EventTarget.js:241:34)
      at Object.invokeGuardedCallbackDev 
(node_modules/react-dom/cjs/react-dom.development.js:4213:16)
      at invokeGuardedCallback 
(node_modules/react-dom/cjs/react-dom.development.js:4277:31)
      at invokeGuardedCallbackAndCatchFirstError 
(node_modules/react-dom/cjs/react-dom.development.js:4291:25)
      at executeDispatch 
(node_modules/react-dom/cjs/react-dom.development.js:9041:3)
      at processDispatchQueueItemsInOrder 
(node_modules/react-dom/cjs/react-dom.development.js:9073:7)
      at processDispatchQueue 
(node_modules/react-dom/cjs/react-dom.development.js:9086:5)
      at dispatchEventsForPlugins 
(node_modules/react-dom/cjs/react-dom.development.js:9097:3)
      at node_modules/react-dom/cjs/react-dom.development.js:9288:12
      at batchedUpdates$1 
(node_modules/react-dom/cjs/react-dom.development.js:26179:12)
      at batchedUpdates 
(node_modules/react-dom/cjs/react-dom.development.js:3991:12)
      at dispatchEventForPluginEventSystem 
(node_modules/react-dom/cjs/react-dom.development.js:9287:3)
      at dispatchEventWithEnableCapturePhaseSelectiveHydrationWithoutDiscreteEv
entReplay (node_modules/react-dom/cjs/react-dom.development.js:6465:5)
      at dispatchEvent 
(node_modules/react-dom/cjs/react-dom.development.js:6457:5)
      at dispatchDiscreteEvent 
(node_modules/react-dom/cjs/react-dom.development.js:6430:5)
      at HTMLDivElement.callTheUserObjectsOperation 
(node_modules/jsdom/lib/jsdom/living/generated/EventListener.js:26:30)
      at innerInvokeEventListeners 
(node_modules/jsdom/lib/jsdom/living/events/EventTarget-impl.js:350:25)
      at invokeEventListeners 
(node_modules/jsdom/lib/jsdom/living/events/EventTarget-impl.js:286:3)
      at HTMLInputElementImpl._dispatch 
(node_modules/jsdom/lib/jsdom/living/events/EventTarget-impl.js:233:9)
      at HTMLInputElementImpl.dispatchEvent 
(node_modules/jsdom/lib/jsdom/living/events/EventTarget-impl.js:104:17)
      at HTMLInputElement.dispatchEvent 
(node_modules/jsdom/lib/jsdom/living/generated/EventTarget.js:241:34)
      at 
node_modules/@testing-library/user-event/dist/cjs/event/dispatchEvent.js:45:43
      at Object.eventWrapper 
(node_modules/@testing-library/dom/dist/config.js:25:23)
      at Object.wrapEvent 
(node_modules/@testing-library/user-event/dist/cjs/event/wrapEvent.js:6:28)
      at Object.dispatchEvent (node_modules/@testing-library/user-event/dist/cj
s/event/dispatchEvent.js:45:22)
      at Object.dispatchUIEvent (node_modules/@testing-library/user-event/dist/
cjs/event/dispatchEvent.js:22:26)
      at commitInput 
(node_modules/@testing-library/user-event/dist/cjs/event/input.js:145:14)
      at editInputElement 
(node_modules/@testing-library/user-event/dist/cjs/event/input.js:115:9)
      at Object.input 
(node_modules/@testing-library/user-event/dist/cjs/event/input.js:37:9)
      at node_modules/@testing-library/user-event/dist/cjs/event/behavior/keypr
ess.js:31:26
      at Object.dispatchEvent (node_modules/@testing-library/user-event/dist/cj
s/event/dispatchEvent.js:41:13)
      at Object.dispatchUIEvent (node_modules/@testing-library/user-event/dist/
cjs/event/dispatchEvent.js:22:26)
      at KeyboardHost.keydown 
(node_modules/@testing-library/user-event/dist/cjs/system/keyboard.js:76:22)
      at keyboardAction 
(node_modules/@testing-library/user-event/dist/cjs/keyboard/index.js:22:35)
      at Object.keyboard 
(node_modules/@testing-library/user-event/dist/cjs/keyboard/index.js:11:15)
      at Object.type 
(node_modules/@testing-library/user-event/dist/cjs/utility/type.js:17:5)
      at Object.<anonymous> (src/reporting/__tests__/reports.test.tsx:1265:9)

    console.error
      Warning: An update to DashboardConfigurePage inside a test was not 
wrapped in act(...).
      
      When testing, code that causes React state updates should be wrapped 
into act(...):
      
      act(() => {
        /* fire events that update state */
      });
      /* assert on the output */
      
      This ensures that you're testing the behavior the user would see in the 
browser. Learn more at https://reactjs.org/link/wrap-tests-with-act
          at DashboardConfigurePage (C:\Users\samhe\OneDrive\Desktop\Cleaned\fr
ontend\src\reporting\DashboardConfigurePage\DashboardConfigurePage.tsx:107:29)
          at routeContext (C:\Users\samhe\OneDrive\Desktop\Cleaned\frontend\nod
e_modules\react-router\lib\hooks.tsx:658:26)
          at children (C:\Users\samhe\OneDrive\Desktop\Cleaned\frontend\node_mo
dules\react-router\lib\components.tsx:512:3)
          at basenameProp (C:\Users\samhe\OneDrive\Desktop\Cleaned\frontend\nod
e_modules\react-router\lib\components.tsx:421:13)
          at basename (C:\Users\samhe\OneDrive\Desktop\Cleaned\frontend\node_mo
dules\react-router\lib\components.tsx:225:3)

      452 |                                         type="text"
      453 |                                         value={draftWidget.title}
    > 454 |                                         onChange={(e) => 
setDraftWidget((prev) => prev ? { ...prev, title: e.target.value } : prev)}
          |                                                          ^
      455 |                                         className="border 
border-gray-300 rounded px-3 py-2 text-sm"
      456 |                                     />
      457 |                                 </div>

      at printWarning 
(node_modules/react-dom/cjs/react-dom.development.js:86:30)
      at error (node_modules/react-dom/cjs/react-dom.development.js:60:7)
      at warnIfUpdatesNotWrappedWithActDEV 
(node_modules/react-dom/cjs/react-dom.development.js:27628:9)
      at scheduleUpdateOnFiber 
(node_modules/react-dom/cjs/react-dom.development.js:25547:5)
      at dispatchSetState 
(node_modules/react-dom/cjs/react-dom.development.js:16708:7)
      at onChange 
(src/reporting/DashboardConfigurePage/DashboardConfigurePage.tsx:454:58)
      at HTMLUnknownElement.callCallback 
(node_modules/react-dom/cjs/react-dom.development.js:4164:14)
      at HTMLUnknownElement.callTheUserObjectsOperation 
(node_modules/jsdom/lib/jsdom/living/generated/EventListener.js:26:30)
      at innerInvokeEventListeners 
(node_modules/jsdom/lib/jsdom/living/events/EventTarget-impl.js:350:25)
      at invokeEventListeners 
(node_modules/jsdom/lib/jsdom/living/events/EventTarget-impl.js:286:3)
      at HTMLUnknownElementImpl._dispatch 
(node_modules/jsdom/lib/jsdom/living/events/EventTarget-impl.js:233:9)
      at HTMLUnknownElementImpl.dispatchEvent 
(node_modules/jsdom/lib/jsdom/living/events/EventTarget-impl.js:104:17)
      at HTMLUnknownElement.dispatchEvent 
(node_modules/jsdom/lib/jsdom/living/generated/EventTarget.js:241:34)
      at Object.invokeGuardedCallbackDev 
(node_modules/react-dom/cjs/react-dom.development.js:4213:16)
      at invokeGuardedCallback 
(node_modules/react-dom/cjs/react-dom.development.js:4277:31)
      at invokeGuardedCallbackAndCatchFirstError 
(node_modules/react-dom/cjs/react-dom.development.js:4291:25)
      at executeDispatch 
(node_modules/react-dom/cjs/react-dom.development.js:9041:3)
      at processDispatchQueueItemsInOrder 
(node_modules/react-dom/cjs/react-dom.development.js:9073:7)
      at processDispatchQueue 
(node_modules/react-dom/cjs/react-dom.development.js:9086:5)
      at dispatchEventsForPlugins 
(node_modules/react-dom/cjs/react-dom.development.js:9097:3)
      at node_modules/react-dom/cjs/react-dom.development.js:9288:12
      at batchedUpdates$1 
(node_modules/react-dom/cjs/react-dom.development.js:26179:12)
      at batchedUpdates 
(node_modules/react-dom/cjs/react-dom.development.js:3991:12)
      at dispatchEventForPluginEventSystem 
(node_modules/react-dom/cjs/react-dom.development.js:9287:3)
      at dispatchEventWithEnableCapturePhaseSelectiveHydrationWithoutDiscreteEv
entReplay (node_modules/react-dom/cjs/react-dom.development.js:6465:5)
      at dispatchEvent 
(node_modules/react-dom/cjs/react-dom.development.js:6457:5)
      at dispatchDiscreteEvent 
(node_modules/react-dom/cjs/react-dom.development.js:6430:5)
      at HTMLDivElement.callTheUserObjectsOperation 
(node_modules/jsdom/lib/jsdom/living/generated/EventListener.js:26:30)
      at innerInvokeEventListeners 
(node_modules/jsdom/lib/jsdom/living/events/EventTarget-impl.js:350:25)
      at invokeEventListeners 
(node_modules/jsdom/lib/jsdom/living/events/EventTarget-impl.js:286:3)
      at HTMLInputElementImpl._dispatch 
(node_modules/jsdom/lib/jsdom/living/events/EventTarget-impl.js:233:9)
      at HTMLInputElementImpl.dispatchEvent 
(node_modules/jsdom/lib/jsdom/living/events/EventTarget-impl.js:104:17)
      at HTMLInputElement.dispatchEvent 
(node_modules/jsdom/lib/jsdom/living/generated/EventTarget.js:241:34)
      at 
node_modules/@testing-library/user-event/dist/cjs/event/dispatchEvent.js:45:43
      at Object.eventWrapper 
(node_modules/@testing-library/dom/dist/config.js:25:23)
      at Object.wrapEvent 
(node_modules/@testing-library/user-event/dist/cjs/event/wrapEvent.js:6:28)
      at Object.dispatchEvent (node_modules/@testing-library/user-event/dist/cj
s/event/dispatchEvent.js:45:22)
      at Object.dispatchUIEvent (node_modules/@testing-library/user-event/dist/
cjs/event/dispatchEvent.js:22:26)
      at commitInput 
(node_modules/@testing-library/user-event/dist/cjs/event/input.js:145:14)
      at editInputElement 
(node_modules/@testing-library/user-event/dist/cjs/event/input.js:115:9)
      at Object.input 
(node_modules/@testing-library/user-event/dist/cjs/event/input.js:37:9)
      at node_modules/@testing-library/user-event/dist/cjs/event/behavior/keypr
ess.js:31:26
      at Object.dispatchEvent (node_modules/@testing-library/user-event/dist/cj
s/event/dispatchEvent.js:41:13)
      at Object.dispatchUIEvent (node_modules/@testing-library/user-event/dist/
cjs/event/dispatchEvent.js:22:26)
      at KeyboardHost.keydown 
(node_modules/@testing-library/user-event/dist/cjs/system/keyboard.js:76:22)
      at keyboardAction 
(node_modules/@testing-library/user-event/dist/cjs/keyboard/index.js:22:35)
      at Object.keyboard 
(node_modules/@testing-library/user-event/dist/cjs/keyboard/index.js:11:15)
      at Object.type 
(node_modules/@testing-library/user-event/dist/cjs/utility/type.js:17:5)
      at Object.<anonymous> (src/reporting/__tests__/reports.test.tsx:1265:9)

    console.error
      Warning: An update to DashboardConfigurePage inside a test was not 
wrapped in act(...).
      
      When testing, code that causes React state updates should be wrapped 
into act(...):
      
      act(() => {
        /* fire events that update state */
      });
      /* assert on the output */
      
      This ensures that you're testing the behavior the user would see in the 
browser. Learn more at https://reactjs.org/link/wrap-tests-with-act
          at DashboardConfigurePage (C:\Users\samhe\OneDrive\Desktop\Cleaned\fr
ontend\src\reporting\DashboardConfigurePage\DashboardConfigurePage.tsx:107:29)
          at routeContext (C:\Users\samhe\OneDrive\Desktop\Cleaned\frontend\nod
e_modules\react-router\lib\hooks.tsx:658:26)
          at children (C:\Users\samhe\OneDrive\Desktop\Cleaned\frontend\node_mo
dules\react-router\lib\components.tsx:512:3)
          at basenameProp (C:\Users\samhe\OneDrive\Desktop\Cleaned\frontend\nod
e_modules\react-router\lib\components.tsx:421:13)
          at basename (C:\Users\samhe\OneDrive\Desktop\Cleaned\frontend\node_mo
dules\react-router\lib\components.tsx:225:3)

      452 |                                         type="text"
      453 |                                         value={draftWidget.title}
    > 454 |                                         onChange={(e) => 
setDraftWidget((prev) => prev ? { ...prev, title: e.target.value } : prev)}
          |                                                          ^
      455 |                                         className="border 
border-gray-300 rounded px-3 py-2 text-sm"
      456 |                                     />
      457 |                                 </div>

      at printWarning 
(node_modules/react-dom/cjs/react-dom.development.js:86:30)
      at error (node_modules/react-dom/cjs/react-dom.development.js:60:7)
      at warnIfUpdatesNotWrappedWithActDEV 
(node_modules/react-dom/cjs/react-dom.development.js:27628:9)
      at scheduleUpdateOnFiber 
(node_modules/react-dom/cjs/react-dom.development.js:25547:5)
      at dispatchSetState 
(node_modules/react-dom/cjs/react-dom.development.js:16708:7)
      at onChange 
(src/reporting/DashboardConfigurePage/DashboardConfigurePage.tsx:454:58)
      at HTMLUnknownElement.callCallback 
(node_modules/react-dom/cjs/react-dom.development.js:4164:14)
      at HTMLUnknownElement.callTheUserObjectsOperation 
(node_modules/jsdom/lib/jsdom/living/generated/EventListener.js:26:30)
      at innerInvokeEventListeners 
(node_modules/jsdom/lib/jsdom/living/events/EventTarget-impl.js:350:25)
      at invokeEventListeners 
(node_modules/jsdom/lib/jsdom/living/events/EventTarget-impl.js:286:3)
      at HTMLUnknownElementImpl._dispatch 
(node_modules/jsdom/lib/jsdom/living/events/EventTarget-impl.js:233:9)
      at HTMLUnknownElementImpl.dispatchEvent 
(node_modules/jsdom/lib/jsdom/living/events/EventTarget-impl.js:104:17)
      at HTMLUnknownElement.dispatchEvent 
(node_modules/jsdom/lib/jsdom/living/generated/EventTarget.js:241:34)
      at Object.invokeGuardedCallbackDev 
(node_modules/react-dom/cjs/react-dom.development.js:4213:16)
      at invokeGuardedCallback 
(node_modules/react-dom/cjs/react-dom.development.js:4277:31)
      at invokeGuardedCallbackAndCatchFirstError 
(node_modules/react-dom/cjs/react-dom.development.js:4291:25)
      at executeDispatch 
(node_modules/react-dom/cjs/react-dom.development.js:9041:3)
      at processDispatchQueueItemsInOrder 
(node_modules/react-dom/cjs/react-dom.development.js:9073:7)
      at processDispatchQueue 
(node_modules/react-dom/cjs/react-dom.development.js:9086:5)
      at dispatchEventsForPlugins 
(node_modules/react-dom/cjs/react-dom.development.js:9097:3)
      at node_modules/react-dom/cjs/react-dom.development.js:9288:12
      at batchedUpdates$1 
(node_modules/react-dom/cjs/react-dom.development.js:26179:12)
      at batchedUpdates 
(node_modules/react-dom/cjs/react-dom.development.js:3991:12)
      at dispatchEventForPluginEventSystem 
(node_modules/react-dom/cjs/react-dom.development.js:9287:3)
      at dispatchEventWithEnableCapturePhaseSelectiveHydrationWithoutDiscreteEv
entReplay (node_modules/react-dom/cjs/react-dom.development.js:6465:5)
      at dispatchEvent 
(node_modules/react-dom/cjs/react-dom.development.js:6457:5)
      at dispatchDiscreteEvent 
(node_modules/react-dom/cjs/react-dom.development.js:6430:5)
      at HTMLDivElement.callTheUserObjectsOperation 
(node_modules/jsdom/lib/jsdom/living/generated/EventListener.js:26:30)
      at innerInvokeEventListeners 
(node_modules/jsdom/lib/jsdom/living/events/EventTarget-impl.js:350:25)
      at invokeEventListeners 
(node_modules/jsdom/lib/jsdom/living/events/EventTarget-impl.js:286:3)
      at HTMLInputElementImpl._dispatch 
(node_modules/jsdom/lib/jsdom/living/events/EventTarget-impl.js:233:9)
      at HTMLInputElementImpl.dispatchEvent 
(node_modules/jsdom/lib/jsdom/living/events/EventTarget-impl.js:104:17)
      at HTMLInputElement.dispatchEvent 
(node_modules/jsdom/lib/jsdom/living/generated/EventTarget.js:241:34)
      at 
node_modules/@testing-library/user-event/dist/cjs/event/dispatchEvent.js:45:43
      at Object.eventWrapper 
(node_modules/@testing-library/dom/dist/config.js:25:23)
      at Object.wrapEvent 
(node_modules/@testing-library/user-event/dist/cjs/event/wrapEvent.js:6:28)
      at Object.dispatchEvent (node_modules/@testing-library/user-event/dist/cj
s/event/dispatchEvent.js:45:22)
      at Object.dispatchUIEvent (node_modules/@testing-library/user-event/dist/
cjs/event/dispatchEvent.js:22:26)
      at commitInput 
(node_modules/@testing-library/user-event/dist/cjs/event/input.js:145:14)
      at editInputElement 
(node_modules/@testing-library/user-event/dist/cjs/event/input.js:115:9)
      at Object.input 
(node_modules/@testing-library/user-event/dist/cjs/event/input.js:37:9)
      at node_modules/@testing-library/user-event/dist/cjs/event/behavior/keypr
ess.js:31:26
      at Object.dispatchEvent (node_modules/@testing-library/user-event/dist/cj
s/event/dispatchEvent.js:41:13)
      at Object.dispatchUIEvent (node_modules/@testing-library/user-event/dist/
cjs/event/dispatchEvent.js:22:26)
      at KeyboardHost.keydown 
(node_modules/@testing-library/user-event/dist/cjs/system/keyboard.js:76:22)
      at keyboardAction 
(node_modules/@testing-library/user-event/dist/cjs/keyboard/index.js:22:35)
      at Object.keyboard 
(node_modules/@testing-library/user-event/dist/cjs/keyboard/index.js:11:15)
      at Object.type 
(node_modules/@testing-library/user-event/dist/cjs/utility/type.js:17:5)
      at Object.<anonymous> (src/reporting/__tests__/reports.test.tsx:1265:9)

    console.error
      Warning: An update to DashboardConfigurePage inside a test was not 
wrapped in act(...).
      
      When testing, code that causes React state updates should be wrapped 
into act(...):
      
      act(() => {
        /* fire events that update state */
      });
      /* assert on the output */
      
      This ensures that you're testing the behavior the user would see in the 
browser. Learn more at https://reactjs.org/link/wrap-tests-with-act
          at DashboardConfigurePage (C:\Users\samhe\OneDrive\Desktop\Cleaned\fr
ontend\src\reporting\DashboardConfigurePage\DashboardConfigurePage.tsx:107:29)
          at routeContext (C:\Users\samhe\OneDrive\Desktop\Cleaned\frontend\nod
e_modules\react-router\lib\hooks.tsx:658:26)
          at children (C:\Users\samhe\OneDrive\Desktop\Cleaned\frontend\node_mo
dules\react-router\lib\components.tsx:512:3)
          at basenameProp (C:\Users\samhe\OneDrive\Desktop\Cleaned\frontend\nod
e_modules\react-router\lib\components.tsx:421:13)
          at basename (C:\Users\samhe\OneDrive\Desktop\Cleaned\frontend\node_mo
dules\react-router\lib\components.tsx:225:3)

      452 |                                         type="text"
      453 |                                         value={draftWidget.title}
    > 454 |                                         onChange={(e) => 
setDraftWidget((prev) => prev ? { ...prev, title: e.target.value } : prev)}
          |                                                          ^
      455 |                                         className="border 
border-gray-300 rounded px-3 py-2 text-sm"
      456 |                                     />
      457 |                                 </div>

      at printWarning 
(node_modules/react-dom/cjs/react-dom.development.js:86:30)
      at error (node_modules/react-dom/cjs/react-dom.development.js:60:7)
      at warnIfUpdatesNotWrappedWithActDEV 
(node_modules/react-dom/cjs/react-dom.development.js:27628:9)
      at scheduleUpdateOnFiber 
(node_modules/react-dom/cjs/react-dom.development.js:25547:5)
      at dispatchSetState 
(node_modules/react-dom/cjs/react-dom.development.js:16708:7)
      at onChange 
(src/reporting/DashboardConfigurePage/DashboardConfigurePage.tsx:454:58)
      at HTMLUnknownElement.callCallback 
(node_modules/react-dom/cjs/react-dom.development.js:4164:14)
      at HTMLUnknownElement.callTheUserObjectsOperation 
(node_modules/jsdom/lib/jsdom/living/generated/EventListener.js:26:30)
      at innerInvokeEventListeners 
(node_modules/jsdom/lib/jsdom/living/events/EventTarget-impl.js:350:25)
      at invokeEventListeners 
(node_modules/jsdom/lib/jsdom/living/events/EventTarget-impl.js:286:3)
      at HTMLUnknownElementImpl._dispatch 
(node_modules/jsdom/lib/jsdom/living/events/EventTarget-impl.js:233:9)
      at HTMLUnknownElementImpl.dispatchEvent 
(node_modules/jsdom/lib/jsdom/living/events/EventTarget-impl.js:104:17)
      at HTMLUnknownElement.dispatchEvent 
(node_modules/jsdom/lib/jsdom/living/generated/EventTarget.js:241:34)
      at Object.invokeGuardedCallbackDev 
(node_modules/react-dom/cjs/react-dom.development.js:4213:16)
      at invokeGuardedCallback 
(node_modules/react-dom/cjs/react-dom.development.js:4277:31)
      at invokeGuardedCallbackAndCatchFirstError 
(node_modules/react-dom/cjs/react-dom.development.js:4291:25)
      at executeDispatch 
(node_modules/react-dom/cjs/react-dom.development.js:9041:3)
      at processDispatchQueueItemsInOrder 
(node_modules/react-dom/cjs/react-dom.development.js:9073:7)
      at processDispatchQueue 
(node_modules/react-dom/cjs/react-dom.development.js:9086:5)
      at dispatchEventsForPlugins 
(node_modules/react-dom/cjs/react-dom.development.js:9097:3)
      at node_modules/react-dom/cjs/react-dom.development.js:9288:12
      at batchedUpdates$1 
(node_modules/react-dom/cjs/react-dom.development.js:26179:12)
      at batchedUpdates 
(node_modules/react-dom/cjs/react-dom.development.js:3991:12)
      at dispatchEventForPluginEventSystem 
(node_modules/react-dom/cjs/react-dom.development.js:9287:3)
      at dispatchEventWithEnableCapturePhaseSelectiveHydrationWithoutDiscreteEv
entReplay (node_modules/react-dom/cjs/react-dom.development.js:6465:5)
      at dispatchEvent 
(node_modules/react-dom/cjs/react-dom.development.js:6457:5)
      at dispatchDiscreteEvent 
(node_modules/react-dom/cjs/react-dom.development.js:6430:5)
      at HTMLDivElement.callTheUserObjectsOperation 
(node_modules/jsdom/lib/jsdom/living/generated/EventListener.js:26:30)
      at innerInvokeEventListeners 
(node_modules/jsdom/lib/jsdom/living/events/EventTarget-impl.js:350:25)
      at invokeEventListeners 
(node_modules/jsdom/lib/jsdom/living/events/EventTarget-impl.js:286:3)
      at HTMLInputElementImpl._dispatch 
(node_modules/jsdom/lib/jsdom/living/events/EventTarget-impl.js:233:9)
      at HTMLInputElementImpl.dispatchEvent 
(node_modules/jsdom/lib/jsdom/living/events/EventTarget-impl.js:104:17)
      at HTMLInputElement.dispatchEvent 
(node_modules/jsdom/lib/jsdom/living/generated/EventTarget.js:241:34)
      at 
node_modules/@testing-library/user-event/dist/cjs/event/dispatchEvent.js:45:43
      at Object.eventWrapper 
(node_modules/@testing-library/dom/dist/config.js:25:23)
      at Object.wrapEvent 
(node_modules/@testing-library/user-event/dist/cjs/event/wrapEvent.js:6:28)
      at Object.dispatchEvent (node_modules/@testing-library/user-event/dist/cj
s/event/dispatchEvent.js:45:22)
      at Object.dispatchUIEvent (node_modules/@testing-library/user-event/dist/
cjs/event/dispatchEvent.js:22:26)
      at commitInput 
(node_modules/@testing-library/user-event/dist/cjs/event/input.js:145:14)
      at editInputElement 
(node_modules/@testing-library/user-event/dist/cjs/event/input.js:115:9)
      at Object.input 
(node_modules/@testing-library/user-event/dist/cjs/event/input.js:37:9)
      at node_modules/@testing-library/user-event/dist/cjs/event/behavior/keypr
ess.js:31:26
      at Object.dispatchEvent (node_modules/@testing-library/user-event/dist/cj
s/event/dispatchEvent.js:41:13)
      at Object.dispatchUIEvent (node_modules/@testing-library/user-event/dist/
cjs/event/dispatchEvent.js:22:26)
      at KeyboardHost.keydown 
(node_modules/@testing-library/user-event/dist/cjs/system/keyboard.js:76:22)
      at keyboardAction 
(node_modules/@testing-library/user-event/dist/cjs/keyboard/index.js:22:35)
      at Object.keyboard 
(node_modules/@testing-library/user-event/dist/cjs/keyboard/index.js:11:15)
      at Object.type 
(node_modules/@testing-library/user-event/dist/cjs/utility/type.js:17:5)
      at Object.<anonymous> (src/reporting/__tests__/reports.test.tsx:1265:9)

    console.error
      Warning: An update to DashboardConfigurePage inside a test was not 
wrapped in act(...).
      
      When testing, code that causes React state updates should be wrapped 
into act(...):
      
      act(() => {
        /* fire events that update state */
      });
      /* assert on the output */
      
      This ensures that you're testing the behavior the user would see in the 
browser. Learn more at https://reactjs.org/link/wrap-tests-with-act
          at DashboardConfigurePage (C:\Users\samhe\OneDrive\Desktop\Cleaned\fr
ontend\src\reporting\DashboardConfigurePage\DashboardConfigurePage.tsx:107:29)
          at routeContext (C:\Users\samhe\OneDrive\Desktop\Cleaned\frontend\nod
e_modules\react-router\lib\hooks.tsx:658:26)
          at children (C:\Users\samhe\OneDrive\Desktop\Cleaned\frontend\node_mo
dules\react-router\lib\components.tsx:512:3)
          at basenameProp (C:\Users\samhe\OneDrive\Desktop\Cleaned\frontend\nod
e_modules\react-router\lib\components.tsx:421:13)
          at basename (C:\Users\samhe\OneDrive\Desktop\Cleaned\frontend\node_mo
dules\react-router\lib\components.tsx:225:3)

      452 |                                         type="text"
      453 |                                         value={draftWidget.title}
    > 454 |                                         onChange={(e) => 
setDraftWidget((prev) => prev ? { ...prev, title: e.target.value } : prev)}
          |                                                          ^
      455 |                                         className="border 
border-gray-300 rounded px-3 py-2 text-sm"
      456 |                                     />
      457 |                                 </div>

      at printWarning 
(node_modules/react-dom/cjs/react-dom.development.js:86:30)
      at error (node_modules/react-dom/cjs/react-dom.development.js:60:7)
      at warnIfUpdatesNotWrappedWithActDEV 
(node_modules/react-dom/cjs/react-dom.development.js:27628:9)
      at scheduleUpdateOnFiber 
(node_modules/react-dom/cjs/react-dom.development.js:25547:5)
      at dispatchSetState 
(node_modules/react-dom/cjs/react-dom.development.js:16708:7)
      at onChange 
(src/reporting/DashboardConfigurePage/DashboardConfigurePage.tsx:454:58)
      at HTMLUnknownElement.callCallback 
(node_modules/react-dom/cjs/react-dom.development.js:4164:14)
      at HTMLUnknownElement.callTheUserObjectsOperation 
(node_modules/jsdom/lib/jsdom/living/generated/EventListener.js:26:30)
      at innerInvokeEventListeners 
(node_modules/jsdom/lib/jsdom/living/events/EventTarget-impl.js:350:25)
      at invokeEventListeners 
(node_modules/jsdom/lib/jsdom/living/events/EventTarget-impl.js:286:3)
      at HTMLUnknownElementImpl._dispatch 
(node_modules/jsdom/lib/jsdom/living/events/EventTarget-impl.js:233:9)
      at HTMLUnknownElementImpl.dispatchEvent 
(node_modules/jsdom/lib/jsdom/living/events/EventTarget-impl.js:104:17)
      at HTMLUnknownElement.dispatchEvent 
(node_modules/jsdom/lib/jsdom/living/generated/EventTarget.js:241:34)
      at Object.invokeGuardedCallbackDev 
(node_modules/react-dom/cjs/react-dom.development.js:4213:16)
      at invokeGuardedCallback 
(node_modules/react-dom/cjs/react-dom.development.js:4277:31)
      at invokeGuardedCallbackAndCatchFirstError 
(node_modules/react-dom/cjs/react-dom.development.js:4291:25)
      at executeDispatch 
(node_modules/react-dom/cjs/react-dom.development.js:9041:3)
      at processDispatchQueueItemsInOrder 
(node_modules/react-dom/cjs/react-dom.development.js:9073:7)
      at processDispatchQueue 
(node_modules/react-dom/cjs/react-dom.development.js:9086:5)
      at dispatchEventsForPlugins 
(node_modules/react-dom/cjs/react-dom.development.js:9097:3)
      at node_modules/react-dom/cjs/react-dom.development.js:9288:12
      at batchedUpdates$1 
(node_modules/react-dom/cjs/react-dom.development.js:26179:12)
      at batchedUpdates 
(node_modules/react-dom/cjs/react-dom.development.js:3991:12)
      at dispatchEventForPluginEventSystem 
(node_modules/react-dom/cjs/react-dom.development.js:9287:3)
      at dispatchEventWithEnableCapturePhaseSelectiveHydrationWithoutDiscreteEv
entReplay (node_modules/react-dom/cjs/react-dom.development.js:6465:5)
      at dispatchEvent 
(node_modules/react-dom/cjs/react-dom.development.js:6457:5)
      at dispatchDiscreteEvent 
(node_modules/react-dom/cjs/react-dom.development.js:6430:5)
      at HTMLDivElement.callTheUserObjectsOperation 
(node_modules/jsdom/lib/jsdom/living/generated/EventListener.js:26:30)
      at innerInvokeEventListeners 
(node_modules/jsdom/lib/jsdom/living/events/EventTarget-impl.js:350:25)
      at invokeEventListeners 
(node_modules/jsdom/lib/jsdom/living/events/EventTarget-impl.js:286:3)
      at HTMLInputElementImpl._dispatch 
(node_modules/jsdom/lib/jsdom/living/events/EventTarget-impl.js:233:9)
      at HTMLInputElementImpl.dispatchEvent 
(node_modules/jsdom/lib/jsdom/living/events/EventTarget-impl.js:104:17)
      at HTMLInputElement.dispatchEvent 
(node_modules/jsdom/lib/jsdom/living/generated/EventTarget.js:241:34)
      at 
node_modules/@testing-library/user-event/dist/cjs/event/dispatchEvent.js:45:43
      at Object.eventWrapper 
(node_modules/@testing-library/dom/dist/config.js:25:23)
      at Object.wrapEvent 
(node_modules/@testing-library/user-event/dist/cjs/event/wrapEvent.js:6:28)
      at Object.dispatchEvent (node_modules/@testing-library/user-event/dist/cj
s/event/dispatchEvent.js:45:22)
      at Object.dispatchUIEvent (node_modules/@testing-library/user-event/dist/
cjs/event/dispatchEvent.js:22:26)
      at commitInput 
(node_modules/@testing-library/user-event/dist/cjs/event/input.js:145:14)
      at editInputElement 
(node_modules/@testing-library/user-event/dist/cjs/event/input.js:115:9)
      at Object.input 
(node_modules/@testing-library/user-event/dist/cjs/event/input.js:37:9)
      at node_modules/@testing-library/user-event/dist/cjs/event/behavior/keypr
ess.js:31:26
      at Object.dispatchEvent (node_modules/@testing-library/user-event/dist/cj
s/event/dispatchEvent.js:41:13)
      at Object.dispatchUIEvent (node_modules/@testing-library/user-event/dist/
cjs/event/dispatchEvent.js:22:26)
      at KeyboardHost.keydown 
(node_modules/@testing-library/user-event/dist/cjs/system/keyboard.js:76:22)
      at keyboardAction 
(node_modules/@testing-library/user-event/dist/cjs/keyboard/index.js:22:35)
      at Object.keyboard 
(node_modules/@testing-library/user-event/dist/cjs/keyboard/index.js:11:15)
      at Object.type 
(node_modules/@testing-library/user-event/dist/cjs/utility/type.js:17:5)
      at Object.<anonymous> (src/reporting/__tests__/reports.test.tsx:1265:9)

    console.error
      Warning: An update to DashboardConfigurePage inside a test was not 
wrapped in act(...).
      
      When testing, code that causes React state updates should be wrapped 
into act(...):
      
      act(() => {
        /* fire events that update state */
      });
      /* assert on the output */
      
      This ensures that you're testing the behavior the user would see in the 
browser. Learn more at https://reactjs.org/link/wrap-tests-with-act
          at DashboardConfigurePage (C:\Users\samhe\OneDrive\Desktop\Cleaned\fr
ontend\src\reporting\DashboardConfigurePage\DashboardConfigurePage.tsx:107:29)
          at routeContext (C:\Users\samhe\OneDrive\Desktop\Cleaned\frontend\nod
e_modules\react-router\lib\hooks.tsx:658:26)
          at children (C:\Users\samhe\OneDrive\Desktop\Cleaned\frontend\node_mo
dules\react-router\lib\components.tsx:512:3)
          at basenameProp (C:\Users\samhe\OneDrive\Desktop\Cleaned\frontend\nod
e_modules\react-router\lib\components.tsx:421:13)
          at basename (C:\Users\samhe\OneDrive\Desktop\Cleaned\frontend\node_mo
dules\react-router\lib\components.tsx:225:3)

      452 |                                         type="text"
      453 |                                         value={draftWidget.title}
    > 454 |                                         onChange={(e) => 
setDraftWidget((prev) => prev ? { ...prev, title: e.target.value } : prev)}
          |                                                          ^
      455 |                                         className="border 
border-gray-300 rounded px-3 py-2 text-sm"
      456 |                                     />
      457 |                                 </div>

      at printWarning 
(node_modules/react-dom/cjs/react-dom.development.js:86:30)
      at error (node_modules/react-dom/cjs/react-dom.development.js:60:7)
      at warnIfUpdatesNotWrappedWithActDEV 
(node_modules/react-dom/cjs/react-dom.development.js:27628:9)
      at scheduleUpdateOnFiber 
(node_modules/react-dom/cjs/react-dom.development.js:25547:5)
      at dispatchSetState 
(node_modules/react-dom/cjs/react-dom.development.js:16708:7)
      at onChange 
(src/reporting/DashboardConfigurePage/DashboardConfigurePage.tsx:454:58)
      at HTMLUnknownElement.callCallback 
(node_modules/react-dom/cjs/react-dom.development.js:4164:14)
      at HTMLUnknownElement.callTheUserObjectsOperation 
(node_modules/jsdom/lib/jsdom/living/generated/EventListener.js:26:30)
      at innerInvokeEventListeners 
(node_modules/jsdom/lib/jsdom/living/events/EventTarget-impl.js:350:25)
      at invokeEventListeners 
(node_modules/jsdom/lib/jsdom/living/events/EventTarget-impl.js:286:3)
      at HTMLUnknownElementImpl._dispatch 
(node_modules/jsdom/lib/jsdom/living/events/EventTarget-impl.js:233:9)
      at HTMLUnknownElementImpl.dispatchEvent 
(node_modules/jsdom/lib/jsdom/living/events/EventTarget-impl.js:104:17)
      at HTMLUnknownElement.dispatchEvent 
(node_modules/jsdom/lib/jsdom/living/generated/EventTarget.js:241:34)
      at Object.invokeGuardedCallbackDev 
(node_modules/react-dom/cjs/react-dom.development.js:4213:16)
      at invokeGuardedCallback 
(node_modules/react-dom/cjs/react-dom.development.js:4277:31)
      at invokeGuardedCallbackAndCatchFirstError 
(node_modules/react-dom/cjs/react-dom.development.js:4291:25)
      at executeDispatch 
(node_modules/react-dom/cjs/react-dom.development.js:9041:3)
      at processDispatchQueueItemsInOrder 
(node_modules/react-dom/cjs/react-dom.development.js:9073:7)
      at processDispatchQueue 
(node_modules/react-dom/cjs/react-dom.development.js:9086:5)
      at dispatchEventsForPlugins 
(node_modules/react-dom/cjs/react-dom.development.js:9097:3)
      at node_modules/react-dom/cjs/react-dom.development.js:9288:12
      at batchedUpdates$1 
(node_modules/react-dom/cjs/react-dom.development.js:26179:12)
      at batchedUpdates 
(node_modules/react-dom/cjs/react-dom.development.js:3991:12)
      at dispatchEventForPluginEventSystem 
(node_modules/react-dom/cjs/react-dom.development.js:9287:3)
      at dispatchEventWithEnableCapturePhaseSelectiveHydrationWithoutDiscreteEv
entReplay (node_modules/react-dom/cjs/react-dom.development.js:6465:5)
      at dispatchEvent 
(node_modules/react-dom/cjs/react-dom.development.js:6457:5)
      at dispatchDiscreteEvent 
(node_modules/react-dom/cjs/react-dom.development.js:6430:5)
      at HTMLDivElement.callTheUserObjectsOperation 
(node_modules/jsdom/lib/jsdom/living/generated/EventListener.js:26:30)
      at innerInvokeEventListeners 
(node_modules/jsdom/lib/jsdom/living/events/EventTarget-impl.js:350:25)
      at invokeEventListeners 
(node_modules/jsdom/lib/jsdom/living/events/EventTarget-impl.js:286:3)
      at HTMLInputElementImpl._dispatch 
(node_modules/jsdom/lib/jsdom/living/events/EventTarget-impl.js:233:9)
      at HTMLInputElementImpl.dispatchEvent 
(node_modules/jsdom/lib/jsdom/living/events/EventTarget-impl.js:104:17)
      at HTMLInputElement.dispatchEvent 
(node_modules/jsdom/lib/jsdom/living/generated/EventTarget.js:241:34)
      at 
node_modules/@testing-library/user-event/dist/cjs/event/dispatchEvent.js:45:43
      at Object.eventWrapper 
(node_modules/@testing-library/dom/dist/config.js:25:23)
      at Object.wrapEvent 
(node_modules/@testing-library/user-event/dist/cjs/event/wrapEvent.js:6:28)
      at Object.dispatchEvent (node_modules/@testing-library/user-event/dist/cj
s/event/dispatchEvent.js:45:22)
      at Object.dispatchUIEvent (node_modules/@testing-library/user-event/dist/
cjs/event/dispatchEvent.js:22:26)
      at commitInput 
(node_modules/@testing-library/user-event/dist/cjs/event/input.js:145:14)
      at editInputElement 
(node_modules/@testing-library/user-event/dist/cjs/event/input.js:115:9)
      at Object.input 
(node_modules/@testing-library/user-event/dist/cjs/event/input.js:37:9)
      at node_modules/@testing-library/user-event/dist/cjs/event/behavior/keypr
ess.js:31:26
      at Object.dispatchEvent (node_modules/@testing-library/user-event/dist/cj
s/event/dispatchEvent.js:41:13)
      at Object.dispatchUIEvent (node_modules/@testing-library/user-event/dist/
cjs/event/dispatchEvent.js:22:26)
      at KeyboardHost.keydown 
(node_modules/@testing-library/user-event/dist/cjs/system/keyboard.js:76:22)
      at keyboardAction 
(node_modules/@testing-library/user-event/dist/cjs/keyboard/index.js:22:35)
      at Object.keyboard 
(node_modules/@testing-library/user-event/dist/cjs/keyboard/index.js:11:15)
      at Object.type 
(node_modules/@testing-library/user-event/dist/cjs/utility/type.js:17:5)
      at Object.<anonymous> (src/reporting/__tests__/reports.test.tsx:1265:9)

    console.error
      Warning: An update to DashboardConfigurePage inside a test was not 
wrapped in act(...).
      
      When testing, code that causes React state updates should be wrapped 
into act(...):
      
      act(() => {
        /* fire events that update state */
      });
      /* assert on the output */
      
      This ensures that you're testing the behavior the user would see in the 
browser. Learn more at https://reactjs.org/link/wrap-tests-with-act
          at DashboardConfigurePage (C:\Users\samhe\OneDrive\Desktop\Cleaned\fr
ontend\src\reporting\DashboardConfigurePage\DashboardConfigurePage.tsx:107:29)
          at routeContext (C:\Users\samhe\OneDrive\Desktop\Cleaned\frontend\nod
e_modules\react-router\lib\hooks.tsx:658:26)
          at children (C:\Users\samhe\OneDrive\Desktop\Cleaned\frontend\node_mo
dules\react-router\lib\components.tsx:512:3)
          at basenameProp (C:\Users\samhe\OneDrive\Desktop\Cleaned\frontend\nod
e_modules\react-router\lib\components.tsx:421:13)
          at basename (C:\Users\samhe\OneDrive\Desktop\Cleaned\frontend\node_mo
dules\react-router\lib\components.tsx:225:3)

      452 |                                         type="text"
      453 |                                         value={draftWidget.title}
    > 454 |                                         onChange={(e) => 
setDraftWidget((prev) => prev ? { ...prev, title: e.target.value } : prev)}
          |                                                          ^
      455 |                                         className="border 
border-gray-300 rounded px-3 py-2 text-sm"
      456 |                                     />
      457 |                                 </div>

      at printWarning 
(node_modules/react-dom/cjs/react-dom.development.js:86:30)
      at error (node_modules/react-dom/cjs/react-dom.development.js:60:7)
      at warnIfUpdatesNotWrappedWithActDEV 
(node_modules/react-dom/cjs/react-dom.development.js:27628:9)
      at scheduleUpdateOnFiber 
(node_modules/react-dom/cjs/react-dom.development.js:25547:5)
      at dispatchSetState 
(node_modules/react-dom/cjs/react-dom.development.js:16708:7)
      at onChange 
(src/reporting/DashboardConfigurePage/DashboardConfigurePage.tsx:454:58)
      at HTMLUnknownElement.callCallback 
(node_modules/react-dom/cjs/react-dom.development.js:4164:14)
      at HTMLUnknownElement.callTheUserObjectsOperation 
(node_modules/jsdom/lib/jsdom/living/generated/EventListener.js:26:30)
      at innerInvokeEventListeners 
(node_modules/jsdom/lib/jsdom/living/events/EventTarget-impl.js:350:25)
      at invokeEventListeners 
(node_modules/jsdom/lib/jsdom/living/events/EventTarget-impl.js:286:3)
      at HTMLUnknownElementImpl._dispatch 
(node_modules/jsdom/lib/jsdom/living/events/EventTarget-impl.js:233:9)
      at HTMLUnknownElementImpl.dispatchEvent 
(node_modules/jsdom/lib/jsdom/living/events/EventTarget-impl.js:104:17)
      at HTMLUnknownElement.dispatchEvent 
(node_modules/jsdom/lib/jsdom/living/generated/EventTarget.js:241:34)
      at Object.invokeGuardedCallbackDev 
(node_modules/react-dom/cjs/react-dom.development.js:4213:16)
      at invokeGuardedCallback 
(node_modules/react-dom/cjs/react-dom.development.js:4277:31)
      at invokeGuardedCallbackAndCatchFirstError 
(node_modules/react-dom/cjs/react-dom.development.js:4291:25)
      at executeDispatch 
(node_modules/react-dom/cjs/react-dom.development.js:9041:3)
      at processDispatchQueueItemsInOrder 
(node_modules/react-dom/cjs/react-dom.development.js:9073:7)
      at processDispatchQueue 
(node_modules/react-dom/cjs/react-dom.development.js:9086:5)
      at dispatchEventsForPlugins 
(node_modules/react-dom/cjs/react-dom.development.js:9097:3)
      at node_modules/react-dom/cjs/react-dom.development.js:9288:12
      at batchedUpdates$1 
(node_modules/react-dom/cjs/react-dom.development.js:26179:12)
      at batchedUpdates 
(node_modules/react-dom/cjs/react-dom.development.js:3991:12)
      at dispatchEventForPluginEventSystem 
(node_modules/react-dom/cjs/react-dom.development.js:9287:3)
      at dispatchEventWithEnableCapturePhaseSelectiveHydrationWithoutDiscreteEv
entReplay (node_modules/react-dom/cjs/react-dom.development.js:6465:5)
      at dispatchEvent 
(node_modules/react-dom/cjs/react-dom.development.js:6457:5)
      at dispatchDiscreteEvent 
(node_modules/react-dom/cjs/react-dom.development.js:6430:5)
      at HTMLDivElement.callTheUserObjectsOperation 
(node_modules/jsdom/lib/jsdom/living/generated/EventListener.js:26:30)
      at innerInvokeEventListeners 
(node_modules/jsdom/lib/jsdom/living/events/EventTarget-impl.js:350:25)
      at invokeEventListeners 
(node_modules/jsdom/lib/jsdom/living/events/EventTarget-impl.js:286:3)
      at HTMLInputElementImpl._dispatch 
(node_modules/jsdom/lib/jsdom/living/events/EventTarget-impl.js:233:9)
      at HTMLInputElementImpl.dispatchEvent 
(node_modules/jsdom/lib/jsdom/living/events/EventTarget-impl.js:104:17)
      at HTMLInputElement.dispatchEvent 
(node_modules/jsdom/lib/jsdom/living/generated/EventTarget.js:241:34)
      at 
node_modules/@testing-library/user-event/dist/cjs/event/dispatchEvent.js:45:43
      at Object.eventWrapper 
(node_modules/@testing-library/dom/dist/config.js:25:23)
      at Object.wrapEvent 
(node_modules/@testing-library/user-event/dist/cjs/event/wrapEvent.js:6:28)
      at Object.dispatchEvent (node_modules/@testing-library/user-event/dist/cj
s/event/dispatchEvent.js:45:22)
      at Object.dispatchUIEvent (node_modules/@testing-library/user-event/dist/
cjs/event/dispatchEvent.js:22:26)
      at commitInput 
(node_modules/@testing-library/user-event/dist/cjs/event/input.js:145:14)
      at editInputElement 
(node_modules/@testing-library/user-event/dist/cjs/event/input.js:115:9)
      at Object.input 
(node_modules/@testing-library/user-event/dist/cjs/event/input.js:37:9)
      at node_modules/@testing-library/user-event/dist/cjs/event/behavior/keypr
ess.js:31:26
      at Object.dispatchEvent (node_modules/@testing-library/user-event/dist/cj
s/event/dispatchEvent.js:41:13)
      at Object.dispatchUIEvent (node_modules/@testing-library/user-event/dist/
cjs/event/dispatchEvent.js:22:26)
      at KeyboardHost.keydown 
(node_modules/@testing-library/user-event/dist/cjs/system/keyboard.js:76:22)
      at keyboardAction 
(node_modules/@testing-library/user-event/dist/cjs/keyboard/index.js:22:35)
      at Object.keyboard 
(node_modules/@testing-library/user-event/dist/cjs/keyboard/index.js:11:15)
      at Object.type 
(node_modules/@testing-library/user-event/dist/cjs/utility/type.js:17:5)
      at Object.<anonymous> (src/reporting/__tests__/reports.test.tsx:1265:9)

    console.error
      Warning: An update to DashboardConfigurePage inside a test was not 
wrapped in act(...).
      
      When testing, code that causes React state updates should be wrapped 
into act(...):
      
      act(() => {
        /* fire events that update state */
      });
      /* assert on the output */
      
      This ensures that you're testing the behavior the user would see in the 
browser. Learn more at https://reactjs.org/link/wrap-tests-with-act
          at DashboardConfigurePage (C:\Users\samhe\OneDrive\Desktop\Cleaned\fr
ontend\src\reporting\DashboardConfigurePage\DashboardConfigurePage.tsx:107:29)
          at routeContext (C:\Users\samhe\OneDrive\Desktop\Cleaned\frontend\nod
e_modules\react-router\lib\hooks.tsx:658:26)
          at children (C:\Users\samhe\OneDrive\Desktop\Cleaned\frontend\node_mo
dules\react-router\lib\components.tsx:512:3)
          at basenameProp (C:\Users\samhe\OneDrive\Desktop\Cleaned\frontend\nod
e_modules\react-router\lib\components.tsx:421:13)
          at basename (C:\Users\samhe\OneDrive\Desktop\Cleaned\frontend\node_mo
dules\react-router\lib\components.tsx:225:3)

      452 |                                         type="text"
      453 |                                         value={draftWidget.title}
    > 454 |                                         onChange={(e) => 
setDraftWidget((prev) => prev ? { ...prev, title: e.target.value } : prev)}
          |                                                          ^
      455 |                                         className="border 
border-gray-300 rounded px-3 py-2 text-sm"
      456 |                                     />
      457 |                                 </div>

      at printWarning 
(node_modules/react-dom/cjs/react-dom.development.js:86:30)
      at error (node_modules/react-dom/cjs/react-dom.development.js:60:7)
      at warnIfUpdatesNotWrappedWithActDEV 
(node_modules/react-dom/cjs/react-dom.development.js:27628:9)
      at scheduleUpdateOnFiber 
(node_modules/react-dom/cjs/react-dom.development.js:25547:5)
      at dispatchSetState 
(node_modules/react-dom/cjs/react-dom.development.js:16708:7)
      at onChange 
(src/reporting/DashboardConfigurePage/DashboardConfigurePage.tsx:454:58)
      at HTMLUnknownElement.callCallback 
(node_modules/react-dom/cjs/react-dom.development.js:4164:14)
      at HTMLUnknownElement.callTheUserObjectsOperation 
(node_modules/jsdom/lib/jsdom/living/generated/EventListener.js:26:30)
      at innerInvokeEventListeners 
(node_modules/jsdom/lib/jsdom/living/events/EventTarget-impl.js:350:25)
      at invokeEventListeners 
(node_modules/jsdom/lib/jsdom/living/events/EventTarget-impl.js:286:3)
      at HTMLUnknownElementImpl._dispatch 
(node_modules/jsdom/lib/jsdom/living/events/EventTarget-impl.js:233:9)
      at HTMLUnknownElementImpl.dispatchEvent 
(node_modules/jsdom/lib/jsdom/living/events/EventTarget-impl.js:104:17)
      at HTMLUnknownElement.dispatchEvent 
(node_modules/jsdom/lib/jsdom/living/generated/EventTarget.js:241:34)
      at Object.invokeGuardedCallbackDev 
(node_modules/react-dom/cjs/react-dom.development.js:4213:16)
      at invokeGuardedCallback 
(node_modules/react-dom/cjs/react-dom.development.js:4277:31)
      at invokeGuardedCallbackAndCatchFirstError 
(node_modules/react-dom/cjs/react-dom.development.js:4291:25)
      at executeDispatch 
(node_modules/react-dom/cjs/react-dom.development.js:9041:3)
      at processDispatchQueueItemsInOrder 
(node_modules/react-dom/cjs/react-dom.development.js:9073:7)
      at processDispatchQueue 
(node_modules/react-dom/cjs/react-dom.development.js:9086:5)
      at dispatchEventsForPlugins 
(node_modules/react-dom/cjs/react-dom.development.js:9097:3)
      at node_modules/react-dom/cjs/react-dom.development.js:9288:12
      at batchedUpdates$1 
(node_modules/react-dom/cjs/react-dom.development.js:26179:12)
      at batchedUpdates 
(node_modules/react-dom/cjs/react-dom.development.js:3991:12)
      at dispatchEventForPluginEventSystem 
(node_modules/react-dom/cjs/react-dom.development.js:9287:3)
      at dispatchEventWithEnableCapturePhaseSelectiveHydrationWithoutDiscreteEv
entReplay (node_modules/react-dom/cjs/react-dom.development.js:6465:5)
      at dispatchEvent 
(node_modules/react-dom/cjs/react-dom.development.js:6457:5)
      at dispatchDiscreteEvent 
(node_modules/react-dom/cjs/react-dom.development.js:6430:5)
      at HTMLDivElement.callTheUserObjectsOperation 
(node_modules/jsdom/lib/jsdom/living/generated/EventListener.js:26:30)
      at innerInvokeEventListeners 
(node_modules/jsdom/lib/jsdom/living/events/EventTarget-impl.js:350:25)
      at invokeEventListeners 
(node_modules/jsdom/lib/jsdom/living/events/EventTarget-impl.js:286:3)
      at HTMLInputElementImpl._dispatch 
(node_modules/jsdom/lib/jsdom/living/events/EventTarget-impl.js:233:9)
      at HTMLInputElementImpl.dispatchEvent 
(node_modules/jsdom/lib/jsdom/living/events/EventTarget-impl.js:104:17)
      at HTMLInputElement.dispatchEvent 
(node_modules/jsdom/lib/jsdom/living/generated/EventTarget.js:241:34)
      at 
node_modules/@testing-library/user-event/dist/cjs/event/dispatchEvent.js:45:43
      at Object.eventWrapper 
(node_modules/@testing-library/dom/dist/config.js:25:23)
      at Object.wrapEvent 
(node_modules/@testing-library/user-event/dist/cjs/event/wrapEvent.js:6:28)
      at Object.dispatchEvent (node_modules/@testing-library/user-event/dist/cj
s/event/dispatchEvent.js:45:22)
      at Object.dispatchUIEvent (node_modules/@testing-library/user-event/dist/
cjs/event/dispatchEvent.js:22:26)
      at commitInput 
(node_modules/@testing-library/user-event/dist/cjs/event/input.js:145:14)
      at editInputElement 
(node_modules/@testing-library/user-event/dist/cjs/event/input.js:115:9)
      at Object.input 
(node_modules/@testing-library/user-event/dist/cjs/event/input.js:37:9)
      at node_modules/@testing-library/user-event/dist/cjs/event/behavior/keypr
ess.js:31:26
      at Object.dispatchEvent (node_modules/@testing-library/user-event/dist/cj
s/event/dispatchEvent.js:41:13)
      at Object.dispatchUIEvent (node_modules/@testing-library/user-event/dist/
cjs/event/dispatchEvent.js:22:26)
      at KeyboardHost.keydown 
(node_modules/@testing-library/user-event/dist/cjs/system/keyboard.js:76:22)
      at keyboardAction 
(node_modules/@testing-library/user-event/dist/cjs/keyboard/index.js:22:35)
      at Object.keyboard 
(node_modules/@testing-library/user-event/dist/cjs/keyboard/index.js:11:15)
      at Object.type 
(node_modules/@testing-library/user-event/dist/cjs/utility/type.js:17:5)
      at Object.<anonymous> (src/reporting/__tests__/reports.test.tsx:1265:9)

    console.error
      Warning: An update to DashboardConfigurePage inside a test was not 
wrapped in act(...).
      
      When testing, code that causes React state updates should be wrapped 
into act(...):
      
      act(() => {
        /* fire events that update state */
      });
      /* assert on the output */
      
      This ensures that you're testing the behavior the user would see in the 
browser. Learn more at https://reactjs.org/link/wrap-tests-with-act
          at DashboardConfigurePage (C:\Users\samhe\OneDrive\Desktop\Cleaned\fr
ontend\src\reporting\DashboardConfigurePage\DashboardConfigurePage.tsx:107:29)
          at routeContext (C:\Users\samhe\OneDrive\Desktop\Cleaned\frontend\nod
e_modules\react-router\lib\hooks.tsx:658:26)
          at children (C:\Users\samhe\OneDrive\Desktop\Cleaned\frontend\node_mo
dules\react-router\lib\components.tsx:512:3)
          at basenameProp (C:\Users\samhe\OneDrive\Desktop\Cleaned\frontend\nod
e_modules\react-router\lib\components.tsx:421:13)
          at basename (C:\Users\samhe\OneDrive\Desktop\Cleaned\frontend\node_mo
dules\react-router\lib\components.tsx:225:3)

      452 |                                         type="text"
      453 |                                         value={draftWidget.title}
    > 454 |                                         onChange={(e) => 
setDraftWidget((prev) => prev ? { ...prev, title: e.target.value } : prev)}
          |                                                          ^
      455 |                                         className="border 
border-gray-300 rounded px-3 py-2 text-sm"
      456 |                                     />
      457 |                                 </div>

      at printWarning 
(node_modules/react-dom/cjs/react-dom.development.js:86:30)
      at error (node_modules/react-dom/cjs/react-dom.development.js:60:7)
      at warnIfUpdatesNotWrappedWithActDEV 
(node_modules/react-dom/cjs/react-dom.development.js:27628:9)
      at scheduleUpdateOnFiber 
(node_modules/react-dom/cjs/react-dom.development.js:25547:5)
      at dispatchSetState 
(node_modules/react-dom/cjs/react-dom.development.js:16708:7)
      at onChange 
(src/reporting/DashboardConfigurePage/DashboardConfigurePage.tsx:454:58)
      at HTMLUnknownElement.callCallback 
(node_modules/react-dom/cjs/react-dom.development.js:4164:14)
      at HTMLUnknownElement.callTheUserObjectsOperation 
(node_modules/jsdom/lib/jsdom/living/generated/EventListener.js:26:30)
      at innerInvokeEventListeners 
(node_modules/jsdom/lib/jsdom/living/events/EventTarget-impl.js:350:25)
      at invokeEventListeners 
(node_modules/jsdom/lib/jsdom/living/events/EventTarget-impl.js:286:3)
      at HTMLUnknownElementImpl._dispatch 
(node_modules/jsdom/lib/jsdom/living/events/EventTarget-impl.js:233:9)
      at HTMLUnknownElementImpl.dispatchEvent 
(node_modules/jsdom/lib/jsdom/living/events/EventTarget-impl.js:104:17)
      at HTMLUnknownElement.dispatchEvent 
(node_modules/jsdom/lib/jsdom/living/generated/EventTarget.js:241:34)
      at Object.invokeGuardedCallbackDev 
(node_modules/react-dom/cjs/react-dom.development.js:4213:16)
      at invokeGuardedCallback 
(node_modules/react-dom/cjs/react-dom.development.js:4277:31)
      at invokeGuardedCallbackAndCatchFirstError 
(node_modules/react-dom/cjs/react-dom.development.js:4291:25)
      at executeDispatch 
(node_modules/react-dom/cjs/react-dom.development.js:9041:3)
      at processDispatchQueueItemsInOrder 
(node_modules/react-dom/cjs/react-dom.development.js:9073:7)
      at processDispatchQueue 
(node_modules/react-dom/cjs/react-dom.development.js:9086:5)
      at dispatchEventsForPlugins 
(node_modules/react-dom/cjs/react-dom.development.js:9097:3)
      at node_modules/react-dom/cjs/react-dom.development.js:9288:12
      at batchedUpdates$1 
(node_modules/react-dom/cjs/react-dom.development.js:26179:12)
      at batchedUpdates 
(node_modules/react-dom/cjs/react-dom.development.js:3991:12)
      at dispatchEventForPluginEventSystem 
(node_modules/react-dom/cjs/react-dom.development.js:9287:3)
      at dispatchEventWithEnableCapturePhaseSelectiveHydrationWithoutDiscreteEv
entReplay (node_modules/react-dom/cjs/react-dom.development.js:6465:5)
      at dispatchEvent 
(node_modules/react-dom/cjs/react-dom.development.js:6457:5)
      at dispatchDiscreteEvent 
(node_modules/react-dom/cjs/react-dom.development.js:6430:5)
      at HTMLDivElement.callTheUserObjectsOperation 
(node_modules/jsdom/lib/jsdom/living/generated/EventListener.js:26:30)
      at innerInvokeEventListeners 
(node_modules/jsdom/lib/jsdom/living/events/EventTarget-impl.js:350:25)
      at invokeEventListeners 
(node_modules/jsdom/lib/jsdom/living/events/EventTarget-impl.js:286:3)
      at HTMLInputElementImpl._dispatch 
(node_modules/jsdom/lib/jsdom/living/events/EventTarget-impl.js:233:9)
      at HTMLInputElementImpl.dispatchEvent 
(node_modules/jsdom/lib/jsdom/living/events/EventTarget-impl.js:104:17)
      at HTMLInputElement.dispatchEvent 
(node_modules/jsdom/lib/jsdom/living/generated/EventTarget.js:241:34)
      at 
node_modules/@testing-library/user-event/dist/cjs/event/dispatchEvent.js:45:43
      at Object.eventWrapper 
(node_modules/@testing-library/dom/dist/config.js:25:23)
      at Object.wrapEvent 
(node_modules/@testing-library/user-event/dist/cjs/event/wrapEvent.js:6:28)
      at Object.dispatchEvent (node_modules/@testing-library/user-event/dist/cj
s/event/dispatchEvent.js:45:22)
      at Object.dispatchUIEvent (node_modules/@testing-library/user-event/dist/
cjs/event/dispatchEvent.js:22:26)
      at commitInput 
(node_modules/@testing-library/user-event/dist/cjs/event/input.js:145:14)
      at editInputElement 
(node_modules/@testing-library/user-event/dist/cjs/event/input.js:115:9)
      at Object.input 
(node_modules/@testing-library/user-event/dist/cjs/event/input.js:37:9)
      at node_modules/@testing-library/user-event/dist/cjs/event/behavior/keypr
ess.js:31:26
      at Object.dispatchEvent (node_modules/@testing-library/user-event/dist/cj
s/event/dispatchEvent.js:41:13)
      at Object.dispatchUIEvent (node_modules/@testing-library/user-event/dist/
cjs/event/dispatchEvent.js:22:26)
      at KeyboardHost.keydown 
(node_modules/@testing-library/user-event/dist/cjs/system/keyboard.js:76:22)
      at keyboardAction 
(node_modules/@testing-library/user-event/dist/cjs/keyboard/index.js:22:35)
      at Object.keyboard 
(node_modules/@testing-library/user-event/dist/cjs/keyboard/index.js:11:15)
      at Object.type 
(node_modules/@testing-library/user-event/dist/cjs/utility/type.js:17:5)
      at Object.<anonymous> (src/reporting/__tests__/reports.test.tsx:1265:9)

    console.error
      Warning: An update to DashboardConfigurePage inside a test was not 
wrapped in act(...).
      
      When testing, code that causes React state updates should be wrapped 
into act(...):
      
      act(() => {
        /* fire events that update state */
      });
      /* assert on the output */
      
      This ensures that you're testing the behavior the user would see in the 
browser. Learn more at https://reactjs.org/link/wrap-tests-with-act
          at DashboardConfigurePage (C:\Users\samhe\OneDrive\Desktop\Cleaned\fr
ontend\src\reporting\DashboardConfigurePage\DashboardConfigurePage.tsx:107:29)
          at routeContext (C:\Users\samhe\OneDrive\Desktop\Cleaned\frontend\nod
e_modules\react-router\lib\hooks.tsx:658:26)
          at children (C:\Users\samhe\OneDrive\Desktop\Cleaned\frontend\node_mo
dules\react-router\lib\components.tsx:512:3)
          at basenameProp (C:\Users\samhe\OneDrive\Desktop\Cleaned\frontend\nod
e_modules\react-router\lib\components.tsx:421:13)
          at basename (C:\Users\samhe\OneDrive\Desktop\Cleaned\frontend\node_mo
dules\react-router\lib\components.tsx:225:3)

      452 |                                         type="text"
      453 |                                         value={draftWidget.title}
    > 454 |                                         onChange={(e) => 
setDraftWidget((prev) => prev ? { ...prev, title: e.target.value } : prev)}
          |                                                          ^
      455 |                                         className="border 
border-gray-300 rounded px-3 py-2 text-sm"
      456 |                                     />
      457 |                                 </div>

      at printWarning 
(node_modules/react-dom/cjs/react-dom.development.js:86:30)
      at error (node_modules/react-dom/cjs/react-dom.development.js:60:7)
      at warnIfUpdatesNotWrappedWithActDEV 
(node_modules/react-dom/cjs/react-dom.development.js:27628:9)
      at scheduleUpdateOnFiber 
(node_modules/react-dom/cjs/react-dom.development.js:25547:5)
      at dispatchSetState 
(node_modules/react-dom/cjs/react-dom.development.js:16708:7)
      at onChange 
(src/reporting/DashboardConfigurePage/DashboardConfigurePage.tsx:454:58)
      at HTMLUnknownElement.callCallback 
(node_modules/react-dom/cjs/react-dom.development.js:4164:14)
      at HTMLUnknownElement.callTheUserObjectsOperation 
(node_modules/jsdom/lib/jsdom/living/generated/EventListener.js:26:30)
      at innerInvokeEventListeners 
(node_modules/jsdom/lib/jsdom/living/events/EventTarget-impl.js:350:25)
      at invokeEventListeners 
(node_modules/jsdom/lib/jsdom/living/events/EventTarget-impl.js:286:3)
      at HTMLUnknownElementImpl._dispatch 
(node_modules/jsdom/lib/jsdom/living/events/EventTarget-impl.js:233:9)
      at HTMLUnknownElementImpl.dispatchEvent 
(node_modules/jsdom/lib/jsdom/living/events/EventTarget-impl.js:104:17)
      at HTMLUnknownElement.dispatchEvent 
(node_modules/jsdom/lib/jsdom/living/generated/EventTarget.js:241:34)
      at Object.invokeGuardedCallbackDev 
(node_modules/react-dom/cjs/react-dom.development.js:4213:16)
      at invokeGuardedCallback 
(node_modules/react-dom/cjs/react-dom.development.js:4277:31)
      at invokeGuardedCallbackAndCatchFirstError 
(node_modules/react-dom/cjs/react-dom.development.js:4291:25)
      at executeDispatch 
(node_modules/react-dom/cjs/react-dom.development.js:9041:3)
      at processDispatchQueueItemsInOrder 
(node_modules/react-dom/cjs/react-dom.development.js:9073:7)
      at processDispatchQueue 
(node_modules/react-dom/cjs/react-dom.development.js:9086:5)
      at dispatchEventsForPlugins 
(node_modules/react-dom/cjs/react-dom.development.js:9097:3)
      at node_modules/react-dom/cjs/react-dom.development.js:9288:12
      at batchedUpdates$1 
(node_modules/react-dom/cjs/react-dom.development.js:26179:12)
      at batchedUpdates 
(node_modules/react-dom/cjs/react-dom.development.js:3991:12)
      at dispatchEventForPluginEventSystem 
(node_modules/react-dom/cjs/react-dom.development.js:9287:3)
      at dispatchEventWithEnableCapturePhaseSelectiveHydrationWithoutDiscreteEv
entReplay (node_modules/react-dom/cjs/react-dom.development.js:6465:5)
      at dispatchEvent 
(node_modules/react-dom/cjs/react-dom.development.js:6457:5)
      at dispatchDiscreteEvent 
(node_modules/react-dom/cjs/react-dom.development.js:6430:5)
      at HTMLDivElement.callTheUserObjectsOperation 
(node_modules/jsdom/lib/jsdom/living/generated/EventListener.js:26:30)
      at innerInvokeEventListeners 
(node_modules/jsdom/lib/jsdom/living/events/EventTarget-impl.js:350:25)
      at invokeEventListeners 
(node_modules/jsdom/lib/jsdom/living/events/EventTarget-impl.js:286:3)
      at HTMLInputElementImpl._dispatch 
(node_modules/jsdom/lib/jsdom/living/events/EventTarget-impl.js:233:9)
      at HTMLInputElementImpl.dispatchEvent 
(node_modules/jsdom/lib/jsdom/living/events/EventTarget-impl.js:104:17)
      at HTMLInputElement.dispatchEvent 
(node_modules/jsdom/lib/jsdom/living/generated/EventTarget.js:241:34)
      at 
node_modules/@testing-library/user-event/dist/cjs/event/dispatchEvent.js:45:43
      at Object.eventWrapper 
(node_modules/@testing-library/dom/dist/config.js:25:23)
      at Object.wrapEvent 
(node_modules/@testing-library/user-event/dist/cjs/event/wrapEvent.js:6:28)
      at Object.dispatchEvent (node_modules/@testing-library/user-event/dist/cj
s/event/dispatchEvent.js:45:22)
      at Object.dispatchUIEvent (node_modules/@testing-library/user-event/dist/
cjs/event/dispatchEvent.js:22:26)
      at commitInput 
(node_modules/@testing-library/user-event/dist/cjs/event/input.js:145:14)
      at editInputElement 
(node_modules/@testing-library/user-event/dist/cjs/event/input.js:115:9)
      at Object.input 
(node_modules/@testing-library/user-event/dist/cjs/event/input.js:37:9)
      at node_modules/@testing-library/user-event/dist/cjs/event/behavior/keypr
ess.js:31:26
      at Object.dispatchEvent (node_modules/@testing-library/user-event/dist/cj
s/event/dispatchEvent.js:41:13)
      at Object.dispatchUIEvent (node_modules/@testing-library/user-event/dist/
cjs/event/dispatchEvent.js:22:26)
      at KeyboardHost.keydown 
(node_modules/@testing-library/user-event/dist/cjs/system/keyboard.js:76:22)
      at keyboardAction 
(node_modules/@testing-library/user-event/dist/cjs/keyboard/index.js:22:35)
      at Object.keyboard 
(node_modules/@testing-library/user-event/dist/cjs/keyboard/index.js:11:15)
      at Object.type 
(node_modules/@testing-library/user-event/dist/cjs/utility/type.js:17:5)
      at Object.<anonymous> (src/reporting/__tests__/reports.test.tsx:1265:9)

    console.error
      Warning: An update to DashboardConfigurePage inside a test was not 
wrapped in act(...).
      
      When testing, code that causes React state updates should be wrapped 
into act(...):
      
      act(() => {
        /* fire events that update state */
      });
      /* assert on the output */
      
      This ensures that you're testing the behavior the user would see in the 
browser. Learn more at https://reactjs.org/link/wrap-tests-with-act
          at DashboardConfigurePage (C:\Users\samhe\OneDrive\Desktop\Cleaned\fr
ontend\src\reporting\DashboardConfigurePage\DashboardConfigurePage.tsx:107:29)
          at routeContext (C:\Users\samhe\OneDrive\Desktop\Cleaned\frontend\nod
e_modules\react-router\lib\hooks.tsx:658:26)
          at children (C:\Users\samhe\OneDrive\Desktop\Cleaned\frontend\node_mo
dules\react-router\lib\components.tsx:512:3)
          at basenameProp (C:\Users\samhe\OneDrive\Desktop\Cleaned\frontend\nod
e_modules\react-router\lib\components.tsx:421:13)
          at basename (C:\Users\samhe\OneDrive\Desktop\Cleaned\frontend\node_mo
dules\react-router\lib\components.tsx:225:3)

      452 |                                         type="text"
      453 |                                         value={draftWidget.title}
    > 454 |                                         onChange={(e) => 
setDraftWidget((prev) => prev ? { ...prev, title: e.target.value } : prev)}
          |                                                          ^
      455 |                                         className="border 
border-gray-300 rounded px-3 py-2 text-sm"
      456 |                                     />
      457 |                                 </div>

      at printWarning 
(node_modules/react-dom/cjs/react-dom.development.js:86:30)
      at error (node_modules/react-dom/cjs/react-dom.development.js:60:7)
      at warnIfUpdatesNotWrappedWithActDEV 
(node_modules/react-dom/cjs/react-dom.development.js:27628:9)
      at scheduleUpdateOnFiber 
(node_modules/react-dom/cjs/react-dom.development.js:25547:5)
      at dispatchSetState 
(node_modules/react-dom/cjs/react-dom.development.js:16708:7)
      at onChange 
(src/reporting/DashboardConfigurePage/DashboardConfigurePage.tsx:454:58)
      at HTMLUnknownElement.callCallback 
(node_modules/react-dom/cjs/react-dom.development.js:4164:14)
      at HTMLUnknownElement.callTheUserObjectsOperation 
(node_modules/jsdom/lib/jsdom/living/generated/EventListener.js:26:30)
      at innerInvokeEventListeners 
(node_modules/jsdom/lib/jsdom/living/events/EventTarget-impl.js:350:25)
      at invokeEventListeners 
(node_modules/jsdom/lib/jsdom/living/events/EventTarget-impl.js:286:3)
      at HTMLUnknownElementImpl._dispatch 
(node_modules/jsdom/lib/jsdom/living/events/EventTarget-impl.js:233:9)
      at HTMLUnknownElementImpl.dispatchEvent 
(node_modules/jsdom/lib/jsdom/living/events/EventTarget-impl.js:104:17)
      at HTMLUnknownElement.dispatchEvent 
(node_modules/jsdom/lib/jsdom/living/generated/EventTarget.js:241:34)
      at Object.invokeGuardedCallbackDev 
(node_modules/react-dom/cjs/react-dom.development.js:4213:16)
      at invokeGuardedCallback 
(node_modules/react-dom/cjs/react-dom.development.js:4277:31)
      at invokeGuardedCallbackAndCatchFirstError 
(node_modules/react-dom/cjs/react-dom.development.js:4291:25)
      at executeDispatch 
(node_modules/react-dom/cjs/react-dom.development.js:9041:3)
      at processDispatchQueueItemsInOrder 
(node_modules/react-dom/cjs/react-dom.development.js:9073:7)
      at processDispatchQueue 
(node_modules/react-dom/cjs/react-dom.development.js:9086:5)
      at dispatchEventsForPlugins 
(node_modules/react-dom/cjs/react-dom.development.js:9097:3)
      at node_modules/react-dom/cjs/react-dom.development.js:9288:12
      at batchedUpdates$1 
(node_modules/react-dom/cjs/react-dom.development.js:26179:12)
      at batchedUpdates 
(node_modules/react-dom/cjs/react-dom.development.js:3991:12)
      at dispatchEventForPluginEventSystem 
(node_modules/react-dom/cjs/react-dom.development.js:9287:3)
      at dispatchEventWithEnableCapturePhaseSelectiveHydrationWithoutDiscreteEv
entReplay (node_modules/react-dom/cjs/react-dom.development.js:6465:5)
      at dispatchEvent 
(node_modules/react-dom/cjs/react-dom.development.js:6457:5)
      at dispatchDiscreteEvent 
(node_modules/react-dom/cjs/react-dom.development.js:6430:5)
      at HTMLDivElement.callTheUserObjectsOperation 
(node_modules/jsdom/lib/jsdom/living/generated/EventListener.js:26:30)
      at innerInvokeEventListeners 
(node_modules/jsdom/lib/jsdom/living/events/EventTarget-impl.js:350:25)
      at invokeEventListeners 
(node_modules/jsdom/lib/jsdom/living/events/EventTarget-impl.js:286:3)
      at HTMLInputElementImpl._dispatch 
(node_modules/jsdom/lib/jsdom/living/events/EventTarget-impl.js:233:9)
      at HTMLInputElementImpl.dispatchEvent 
(node_modules/jsdom/lib/jsdom/living/events/EventTarget-impl.js:104:17)
      at HTMLInputElement.dispatchEvent 
(node_modules/jsdom/lib/jsdom/living/generated/EventTarget.js:241:34)
      at 
node_modules/@testing-library/user-event/dist/cjs/event/dispatchEvent.js:45:43
      at Object.eventWrapper 
(node_modules/@testing-library/dom/dist/config.js:25:23)
      at Object.wrapEvent 
(node_modules/@testing-library/user-event/dist/cjs/event/wrapEvent.js:6:28)
      at Object.dispatchEvent (node_modules/@testing-library/user-event/dist/cj
s/event/dispatchEvent.js:45:22)
      at Object.dispatchUIEvent (node_modules/@testing-library/user-event/dist/
cjs/event/dispatchEvent.js:22:26)
      at commitInput 
(node_modules/@testing-library/user-event/dist/cjs/event/input.js:145:14)
      at editInputElement 
(node_modules/@testing-library/user-event/dist/cjs/event/input.js:115:9)
      at Object.input 
(node_modules/@testing-library/user-event/dist/cjs/event/input.js:37:9)
      at node_modules/@testing-library/user-event/dist/cjs/event/behavior/keypr
ess.js:31:26
      at Object.dispatchEvent (node_modules/@testing-library/user-event/dist/cj
s/event/dispatchEvent.js:41:13)
      at Object.dispatchUIEvent (node_modules/@testing-library/user-event/dist/
cjs/event/dispatchEvent.js:22:26)
      at KeyboardHost.keydown 
(node_modules/@testing-library/user-event/dist/cjs/system/keyboard.js:76:22)
      at keyboardAction 
(node_modules/@testing-library/user-event/dist/cjs/keyboard/index.js:22:35)
      at Object.keyboard 
(node_modules/@testing-library/user-event/dist/cjs/keyboard/index.js:11:15)
      at Object.type 
(node_modules/@testing-library/user-event/dist/cjs/utility/type.js:17:5)
      at Object.<anonymous> (src/reporting/__tests__/reports.test.tsx:1265:9)

    console.error
      Warning: An update to DashboardConfigurePage inside a test was not 
wrapped in act(...).
      
      When testing, code that causes React state updates should be wrapped 
into act(...):
      
      act(() => {
        /* fire events that update state */
      });
      /* assert on the output */
      
      This ensures that you're testing the behavior the user would see in the 
browser. Learn more at https://reactjs.org/link/wrap-tests-with-act
          at DashboardConfigurePage (C:\Users\samhe\OneDrive\Desktop\Cleaned\fr
ontend\src\reporting\DashboardConfigurePage\DashboardConfigurePage.tsx:107:29)
          at routeContext (C:\Users\samhe\OneDrive\Desktop\Cleaned\frontend\nod
e_modules\react-router\lib\hooks.tsx:658:26)
          at children (C:\Users\samhe\OneDrive\Desktop\Cleaned\frontend\node_mo
dules\react-router\lib\components.tsx:512:3)
          at basenameProp (C:\Users\samhe\OneDrive\Desktop\Cleaned\frontend\nod
e_modules\react-router\lib\components.tsx:421:13)
          at basename (C:\Users\samhe\OneDrive\Desktop\Cleaned\frontend\node_mo
dules\react-router\lib\components.tsx:225:3)

      452 |                                         type="text"
      453 |                                         value={draftWidget.title}
    > 454 |                                         onChange={(e) => 
setDraftWidget((prev) => prev ? { ...prev, title: e.target.value } : prev)}
          |                                                          ^
      455 |                                         className="border 
border-gray-300 rounded px-3 py-2 text-sm"
      456 |                                     />
      457 |                                 </div>

      at printWarning 
(node_modules/react-dom/cjs/react-dom.development.js:86:30)
      at error (node_modules/react-dom/cjs/react-dom.development.js:60:7)
      at warnIfUpdatesNotWrappedWithActDEV 
(node_modules/react-dom/cjs/react-dom.development.js:27628:9)
      at scheduleUpdateOnFiber 
(node_modules/react-dom/cjs/react-dom.development.js:25547:5)
      at dispatchSetState 
(node_modules/react-dom/cjs/react-dom.development.js:16708:7)
      at onChange 
(src/reporting/DashboardConfigurePage/DashboardConfigurePage.tsx:454:58)
      at HTMLUnknownElement.callCallback 
(node_modules/react-dom/cjs/react-dom.development.js:4164:14)
      at HTMLUnknownElement.callTheUserObjectsOperation 
(node_modules/jsdom/lib/jsdom/living/generated/EventListener.js:26:30)
      at innerInvokeEventListeners 
(node_modules/jsdom/lib/jsdom/living/events/EventTarget-impl.js:350:25)
      at invokeEventListeners 
(node_modules/jsdom/lib/jsdom/living/events/EventTarget-impl.js:286:3)
      at HTMLUnknownElementImpl._dispatch 
(node_modules/jsdom/lib/jsdom/living/events/EventTarget-impl.js:233:9)
      at HTMLUnknownElementImpl.dispatchEvent 
(node_modules/jsdom/lib/jsdom/living/events/EventTarget-impl.js:104:17)
      at HTMLUnknownElement.dispatchEvent 
(node_modules/jsdom/lib/jsdom/living/generated/EventTarget.js:241:34)
      at Object.invokeGuardedCallbackDev 
(node_modules/react-dom/cjs/react-dom.development.js:4213:16)
      at invokeGuardedCallback 
(node_modules/react-dom/cjs/react-dom.development.js:4277:31)
      at invokeGuardedCallbackAndCatchFirstError 
(node_modules/react-dom/cjs/react-dom.development.js:4291:25)
      at executeDispatch 
(node_modules/react-dom/cjs/react-dom.development.js:9041:3)
      at processDispatchQueueItemsInOrder 
(node_modules/react-dom/cjs/react-dom.development.js:9073:7)
      at processDispatchQueue 
(node_modules/react-dom/cjs/react-dom.development.js:9086:5)
      at dispatchEventsForPlugins 
(node_modules/react-dom/cjs/react-dom.development.js:9097:3)
      at node_modules/react-dom/cjs/react-dom.development.js:9288:12
      at batchedUpdates$1 
(node_modules/react-dom/cjs/react-dom.development.js:26179:12)
      at batchedUpdates 
(node_modules/react-dom/cjs/react-dom.development.js:3991:12)
      at dispatchEventForPluginEventSystem 
(node_modules/react-dom/cjs/react-dom.development.js:9287:3)
      at dispatchEventWithEnableCapturePhaseSelectiveHydrationWithoutDiscreteEv
entReplay (node_modules/react-dom/cjs/react-dom.development.js:6465:5)
      at dispatchEvent 
(node_modules/react-dom/cjs/react-dom.development.js:6457:5)
      at dispatchDiscreteEvent 
(node_modules/react-dom/cjs/react-dom.development.js:6430:5)
      at HTMLDivElement.callTheUserObjectsOperation 
(node_modules/jsdom/lib/jsdom/living/generated/EventListener.js:26:30)
      at innerInvokeEventListeners 
(node_modules/jsdom/lib/jsdom/living/events/EventTarget-impl.js:350:25)
      at invokeEventListeners 
(node_modules/jsdom/lib/jsdom/living/events/EventTarget-impl.js:286:3)
      at HTMLInputElementImpl._dispatch 
(node_modules/jsdom/lib/jsdom/living/events/EventTarget-impl.js:233:9)
      at HTMLInputElementImpl.dispatchEvent 
(node_modules/jsdom/lib/jsdom/living/events/EventTarget-impl.js:104:17)
      at HTMLInputElement.dispatchEvent 
(node_modules/jsdom/lib/jsdom/living/generated/EventTarget.js:241:34)
      at 
node_modules/@testing-library/user-event/dist/cjs/event/dispatchEvent.js:45:43
      at Object.eventWrapper 
(node_modules/@testing-library/dom/dist/config.js:25:23)
      at Object.wrapEvent 
(node_modules/@testing-library/user-event/dist/cjs/event/wrapEvent.js:6:28)
      at Object.dispatchEvent (node_modules/@testing-library/user-event/dist/cj
s/event/dispatchEvent.js:45:22)
      at Object.dispatchUIEvent (node_modules/@testing-library/user-event/dist/
cjs/event/dispatchEvent.js:22:26)
      at commitInput 
(node_modules/@testing-library/user-event/dist/cjs/event/input.js:145:14)
      at editInputElement 
(node_modules/@testing-library/user-event/dist/cjs/event/input.js:115:9)
      at Object.input 
(node_modules/@testing-library/user-event/dist/cjs/event/input.js:37:9)
      at node_modules/@testing-library/user-event/dist/cjs/event/behavior/keypr
ess.js:31:26
      at Object.dispatchEvent (node_modules/@testing-library/user-event/dist/cj
s/event/dispatchEvent.js:41:13)
      at Object.dispatchUIEvent (node_modules/@testing-library/user-event/dist/
cjs/event/dispatchEvent.js:22:26)
      at KeyboardHost.keydown 
(node_modules/@testing-library/user-event/dist/cjs/system/keyboard.js:76:22)
      at keyboardAction 
(node_modules/@testing-library/user-event/dist/cjs/keyboard/index.js:22:35)
      at Object.keyboard 
(node_modules/@testing-library/user-event/dist/cjs/keyboard/index.js:11:15)
      at Object.type 
(node_modules/@testing-library/user-event/dist/cjs/utility/type.js:17:5)
      at Object.<anonymous> (src/reporting/__tests__/reports.test.tsx:1265:9)

    console.error
      Warning: An update to DashboardConfigurePage inside a test was not 
wrapped in act(...).
      
      When testing, code that causes React state updates should be wrapped 
into act(...):
      
      act(() => {
        /* fire events that update state */
      });
      /* assert on the output */
      
      This ensures that you're testing the behavior the user would see in the 
browser. Learn more at https://reactjs.org/link/wrap-tests-with-act
          at DashboardConfigurePage (C:\Users\samhe\OneDrive\Desktop\Cleaned\fr
ontend\src\reporting\DashboardConfigurePage\DashboardConfigurePage.tsx:107:29)
          at routeContext (C:\Users\samhe\OneDrive\Desktop\Cleaned\frontend\nod
e_modules\react-router\lib\hooks.tsx:658:26)
          at children (C:\Users\samhe\OneDrive\Desktop\Cleaned\frontend\node_mo
dules\react-router\lib\components.tsx:512:3)
          at basenameProp (C:\Users\samhe\OneDrive\Desktop\Cleaned\frontend\nod
e_modules\react-router\lib\components.tsx:421:13)
          at basename (C:\Users\samhe\OneDrive\Desktop\Cleaned\frontend\node_mo
dules\react-router\lib\components.tsx:225:3)

      452 |                                         type="text"
      453 |                                         value={draftWidget.title}
    > 454 |                                         onChange={(e) => 
setDraftWidget((prev) => prev ? { ...prev, title: e.target.value } : prev)}
          |                                                          ^
      455 |                                         className="border 
border-gray-300 rounded px-3 py-2 text-sm"
      456 |                                     />
      457 |                                 </div>

      at printWarning 
(node_modules/react-dom/cjs/react-dom.development.js:86:30)
      at error (node_modules/react-dom/cjs/react-dom.development.js:60:7)
      at warnIfUpdatesNotWrappedWithActDEV 
(node_modules/react-dom/cjs/react-dom.development.js:27628:9)
      at scheduleUpdateOnFiber 
(node_modules/react-dom/cjs/react-dom.development.js:25547:5)
      at dispatchSetState 
(node_modules/react-dom/cjs/react-dom.development.js:16708:7)
      at onChange 
(src/reporting/DashboardConfigurePage/DashboardConfigurePage.tsx:454:58)
      at HTMLUnknownElement.callCallback 
(node_modules/react-dom/cjs/react-dom.development.js:4164:14)
      at HTMLUnknownElement.callTheUserObjectsOperation 
(node_modules/jsdom/lib/jsdom/living/generated/EventListener.js:26:30)
      at innerInvokeEventListeners 
(node_modules/jsdom/lib/jsdom/living/events/EventTarget-impl.js:350:25)
      at invokeEventListeners 
(node_modules/jsdom/lib/jsdom/living/events/EventTarget-impl.js:286:3)
      at HTMLUnknownElementImpl._dispatch 
(node_modules/jsdom/lib/jsdom/living/events/EventTarget-impl.js:233:9)
      at HTMLUnknownElementImpl.dispatchEvent 
(node_modules/jsdom/lib/jsdom/living/events/EventTarget-impl.js:104:17)
      at HTMLUnknownElement.dispatchEvent 
(node_modules/jsdom/lib/jsdom/living/generated/EventTarget.js:241:34)
      at Object.invokeGuardedCallbackDev 
(node_modules/react-dom/cjs/react-dom.development.js:4213:16)
      at invokeGuardedCallback 
(node_modules/react-dom/cjs/react-dom.development.js:4277:31)
      at invokeGuardedCallbackAndCatchFirstError 
(node_modules/react-dom/cjs/react-dom.development.js:4291:25)
      at executeDispatch 
(node_modules/react-dom/cjs/react-dom.development.js:9041:3)
      at processDispatchQueueItemsInOrder 
(node_modules/react-dom/cjs/react-dom.development.js:9073:7)
      at processDispatchQueue 
(node_modules/react-dom/cjs/react-dom.development.js:9086:5)
      at dispatchEventsForPlugins 
(node_modules/react-dom/cjs/react-dom.development.js:9097:3)
      at node_modules/react-dom/cjs/react-dom.development.js:9288:12
      at batchedUpdates$1 
(node_modules/react-dom/cjs/react-dom.development.js:26179:12)
      at batchedUpdates 
(node_modules/react-dom/cjs/react-dom.development.js:3991:12)
      at dispatchEventForPluginEventSystem 
(node_modules/react-dom/cjs/react-dom.development.js:9287:3)
      at dispatchEventWithEnableCapturePhaseSelectiveHydrationWithoutDiscreteEv
entReplay (node_modules/react-dom/cjs/react-dom.development.js:6465:5)
      at dispatchEvent 
(node_modules/react-dom/cjs/react-dom.development.js:6457:5)
      at dispatchDiscreteEvent 
(node_modules/react-dom/cjs/react-dom.development.js:6430:5)
      at HTMLDivElement.callTheUserObjectsOperation 
(node_modules/jsdom/lib/jsdom/living/generated/EventListener.js:26:30)
      at innerInvokeEventListeners 
(node_modules/jsdom/lib/jsdom/living/events/EventTarget-impl.js:350:25)
      at invokeEventListeners 
(node_modules/jsdom/lib/jsdom/living/events/EventTarget-impl.js:286:3)
      at HTMLInputElementImpl._dispatch 
(node_modules/jsdom/lib/jsdom/living/events/EventTarget-impl.js:233:9)
      at HTMLInputElementImpl.dispatchEvent 
(node_modules/jsdom/lib/jsdom/living/events/EventTarget-impl.js:104:17)
      at HTMLInputElement.dispatchEvent 
(node_modules/jsdom/lib/jsdom/living/generated/EventTarget.js:241:34)
      at 
node_modules/@testing-library/user-event/dist/cjs/event/dispatchEvent.js:45:43
      at Object.eventWrapper 
(node_modules/@testing-library/dom/dist/config.js:25:23)
      at Object.wrapEvent 
(node_modules/@testing-library/user-event/dist/cjs/event/wrapEvent.js:6:28)
      at Object.dispatchEvent (node_modules/@testing-library/user-event/dist/cj
s/event/dispatchEvent.js:45:22)
      at Object.dispatchUIEvent (node_modules/@testing-library/user-event/dist/
cjs/event/dispatchEvent.js:22:26)
      at commitInput 
(node_modules/@testing-library/user-event/dist/cjs/event/input.js:145:14)
      at editInputElement 
(node_modules/@testing-library/user-event/dist/cjs/event/input.js:115:9)
      at Object.input 
(node_modules/@testing-library/user-event/dist/cjs/event/input.js:37:9)
      at node_modules/@testing-library/user-event/dist/cjs/event/behavior/keypr
ess.js:31:26
      at Object.dispatchEvent (node_modules/@testing-library/user-event/dist/cj
s/event/dispatchEvent.js:41:13)
      at Object.dispatchUIEvent (node_modules/@testing-library/user-event/dist/
cjs/event/dispatchEvent.js:22:26)
      at KeyboardHost.keydown 
(node_modules/@testing-library/user-event/dist/cjs/system/keyboard.js:76:22)
      at keyboardAction 
(node_modules/@testing-library/user-event/dist/cjs/keyboard/index.js:22:35)
      at Object.keyboard 
(node_modules/@testing-library/user-event/dist/cjs/keyboard/index.js:11:15)
      at Object.type 
(node_modules/@testing-library/user-event/dist/cjs/utility/type.js:17:5)
      at Object.<anonymous> (src/reporting/__tests__/reports.test.tsx:1265:9)

    console.error
      Warning: An update to DashboardConfigurePage inside a test was not 
wrapped in act(...).
      
      When testing, code that causes React state updates should be wrapped 
into act(...):
      
      act(() => {
        /* fire events that update state */
      });
      /* assert on the output */
      
      This ensures that you're testing the behavior the user would see in the 
browser. Learn more at https://reactjs.org/link/wrap-tests-with-act
          at DashboardConfigurePage (C:\Users\samhe\OneDrive\Desktop\Cleaned\fr
ontend\src\reporting\DashboardConfigurePage\DashboardConfigurePage.tsx:107:29)
          at routeContext (C:\Users\samhe\OneDrive\Desktop\Cleaned\frontend\nod
e_modules\react-router\lib\hooks.tsx:658:26)
          at children (C:\Users\samhe\OneDrive\Desktop\Cleaned\frontend\node_mo
dules\react-router\lib\components.tsx:512:3)
          at basenameProp (C:\Users\samhe\OneDrive\Desktop\Cleaned\frontend\nod
e_modules\react-router\lib\components.tsx:421:13)
          at basename (C:\Users\samhe\OneDrive\Desktop\Cleaned\frontend\node_mo
dules\react-router\lib\components.tsx:225:3)

      452 |                                         type="text"
      453 |                                         value={draftWidget.title}
    > 454 |                                         onChange={(e) => 
setDraftWidget((prev) => prev ? { ...prev, title: e.target.value } : prev)}
          |                                                          ^
      455 |                                         className="border 
border-gray-300 rounded px-3 py-2 text-sm"
      456 |                                     />
      457 |                                 </div>

      at printWarning 
(node_modules/react-dom/cjs/react-dom.development.js:86:30)
      at error (node_modules/react-dom/cjs/react-dom.development.js:60:7)
      at warnIfUpdatesNotWrappedWithActDEV 
(node_modules/react-dom/cjs/react-dom.development.js:27628:9)
      at scheduleUpdateOnFiber 
(node_modules/react-dom/cjs/react-dom.development.js:25547:5)
      at dispatchSetState 
(node_modules/react-dom/cjs/react-dom.development.js:16708:7)
      at onChange 
(src/reporting/DashboardConfigurePage/DashboardConfigurePage.tsx:454:58)
      at HTMLUnknownElement.callCallback 
(node_modules/react-dom/cjs/react-dom.development.js:4164:14)
      at HTMLUnknownElement.callTheUserObjectsOperation 
(node_modules/jsdom/lib/jsdom/living/generated/EventListener.js:26:30)
      at innerInvokeEventListeners 
(node_modules/jsdom/lib/jsdom/living/events/EventTarget-impl.js:350:25)
      at invokeEventListeners 
(node_modules/jsdom/lib/jsdom/living/events/EventTarget-impl.js:286:3)
      at HTMLUnknownElementImpl._dispatch 
(node_modules/jsdom/lib/jsdom/living/events/EventTarget-impl.js:233:9)
      at HTMLUnknownElementImpl.dispatchEvent 
(node_modules/jsdom/lib/jsdom/living/events/EventTarget-impl.js:104:17)
      at HTMLUnknownElement.dispatchEvent 
(node_modules/jsdom/lib/jsdom/living/generated/EventTarget.js:241:34)
      at Object.invokeGuardedCallbackDev 
(node_modules/react-dom/cjs/react-dom.development.js:4213:16)
      at invokeGuardedCallback 
(node_modules/react-dom/cjs/react-dom.development.js:4277:31)
      at invokeGuardedCallbackAndCatchFirstError 
(node_modules/react-dom/cjs/react-dom.development.js:4291:25)
      at executeDispatch 
(node_modules/react-dom/cjs/react-dom.development.js:9041:3)
      at processDispatchQueueItemsInOrder 
(node_modules/react-dom/cjs/react-dom.development.js:9073:7)
      at processDispatchQueue 
(node_modules/react-dom/cjs/react-dom.development.js:9086:5)
      at dispatchEventsForPlugins 
(node_modules/react-dom/cjs/react-dom.development.js:9097:3)
      at node_modules/react-dom/cjs/react-dom.development.js:9288:12
      at batchedUpdates$1 
(node_modules/react-dom/cjs/react-dom.development.js:26179:12)
      at batchedUpdates 
(node_modules/react-dom/cjs/react-dom.development.js:3991:12)
      at dispatchEventForPluginEventSystem 
(node_modules/react-dom/cjs/react-dom.development.js:9287:3)
      at dispatchEventWithEnableCapturePhaseSelectiveHydrationWithoutDiscreteEv
entReplay (node_modules/react-dom/cjs/react-dom.development.js:6465:5)
      at dispatchEvent 
(node_modules/react-dom/cjs/react-dom.development.js:6457:5)
      at dispatchDiscreteEvent 
(node_modules/react-dom/cjs/react-dom.development.js:6430:5)
      at HTMLDivElement.callTheUserObjectsOperation 
(node_modules/jsdom/lib/jsdom/living/generated/EventListener.js:26:30)
      at innerInvokeEventListeners 
(node_modules/jsdom/lib/jsdom/living/events/EventTarget-impl.js:350:25)
      at invokeEventListeners 
(node_modules/jsdom/lib/jsdom/living/events/EventTarget-impl.js:286:3)
      at HTMLInputElementImpl._dispatch 
(node_modules/jsdom/lib/jsdom/living/events/EventTarget-impl.js:233:9)
      at HTMLInputElementImpl.dispatchEvent 
(node_modules/jsdom/lib/jsdom/living/events/EventTarget-impl.js:104:17)
      at HTMLInputElement.dispatchEvent 
(node_modules/jsdom/lib/jsdom/living/generated/EventTarget.js:241:34)
      at 
node_modules/@testing-library/user-event/dist/cjs/event/dispatchEvent.js:45:43
      at Object.eventWrapper 
(node_modules/@testing-library/dom/dist/config.js:25:23)
      at Object.wrapEvent 
(node_modules/@testing-library/user-event/dist/cjs/event/wrapEvent.js:6:28)
      at Object.dispatchEvent (node_modules/@testing-library/user-event/dist/cj
s/event/dispatchEvent.js:45:22)
      at Object.dispatchUIEvent (node_modules/@testing-library/user-event/dist/
cjs/event/dispatchEvent.js:22:26)
      at commitInput 
(node_modules/@testing-library/user-event/dist/cjs/event/input.js:145:14)
      at editInputElement 
(node_modules/@testing-library/user-event/dist/cjs/event/input.js:115:9)
      at Object.input 
(node_modules/@testing-library/user-event/dist/cjs/event/input.js:37:9)
      at node_modules/@testing-library/user-event/dist/cjs/event/behavior/keypr
ess.js:31:26
      at Object.dispatchEvent (node_modules/@testing-library/user-event/dist/cj
s/event/dispatchEvent.js:41:13)
      at Object.dispatchUIEvent (node_modules/@testing-library/user-event/dist/
cjs/event/dispatchEvent.js:22:26)
      at KeyboardHost.keydown 
(node_modules/@testing-library/user-event/dist/cjs/system/keyboard.js:76:22)
      at keyboardAction 
(node_modules/@testing-library/user-event/dist/cjs/keyboard/index.js:22:35)
      at Object.keyboard 
(node_modules/@testing-library/user-event/dist/cjs/keyboard/index.js:11:15)
      at Object.type 
(node_modules/@testing-library/user-event/dist/cjs/utility/type.js:17:5)
      at Object.<anonymous> (src/reporting/__tests__/reports.test.tsx:1265:9)

    console.error
      Warning: An update to DashboardConfigurePage inside a test was not 
wrapped in act(...).
      
      When testing, code that causes React state updates should be wrapped 
into act(...):
      
      act(() => {
        /* fire events that update state */
      });
      /* assert on the output */
      
      This ensures that you're testing the behavior the user would see in the 
browser. Learn more at https://reactjs.org/link/wrap-tests-with-act
          at DashboardConfigurePage (C:\Users\samhe\OneDrive\Desktop\Cleaned\fr
ontend\src\reporting\DashboardConfigurePage\DashboardConfigurePage.tsx:107:29)
          at routeContext (C:\Users\samhe\OneDrive\Desktop\Cleaned\frontend\nod
e_modules\react-router\lib\hooks.tsx:658:26)
          at children (C:\Users\samhe\OneDrive\Desktop\Cleaned\frontend\node_mo
dules\react-router\lib\components.tsx:512:3)
          at basenameProp (C:\Users\samhe\OneDrive\Desktop\Cleaned\frontend\nod
e_modules\react-router\lib\components.tsx:421:13)
          at basename (C:\Users\samhe\OneDrive\Desktop\Cleaned\frontend\node_mo
dules\react-router\lib\components.tsx:225:3)

      471 |                                         id="widget-type"
      472 |                                         value={draftWidget.type}
    > 473 |                                         onChange={(e) => 
setDraftWidget((prev) => prev ? normalizeWidget({
          |                                                          ^
      474 |                                             ...prev,
      475 |                                             type: e.target.value 
as DashboardWidgetType,
      476 |                                             metric: null,

      at printWarning 
(node_modules/react-dom/cjs/react-dom.development.js:86:30)
      at error (node_modules/react-dom/cjs/react-dom.development.js:60:7)
      at warnIfUpdatesNotWrappedWithActDEV 
(node_modules/react-dom/cjs/react-dom.development.js:27628:9)
      at scheduleUpdateOnFiber 
(node_modules/react-dom/cjs/react-dom.development.js:25547:5)
      at dispatchSetState 
(node_modules/react-dom/cjs/react-dom.development.js:16708:7)
      at onChange 
(src/reporting/DashboardConfigurePage/DashboardConfigurePage.tsx:473:58)
      at HTMLUnknownElement.callCallback 
(node_modules/react-dom/cjs/react-dom.development.js:4164:14)
      at HTMLUnknownElement.callTheUserObjectsOperation 
(node_modules/jsdom/lib/jsdom/living/generated/EventListener.js:26:30)
      at innerInvokeEventListeners 
(node_modules/jsdom/lib/jsdom/living/events/EventTarget-impl.js:350:25)
      at invokeEventListeners 
(node_modules/jsdom/lib/jsdom/living/events/EventTarget-impl.js:286:3)
      at HTMLUnknownElementImpl._dispatch 
(node_modules/jsdom/lib/jsdom/living/events/EventTarget-impl.js:233:9)
      at HTMLUnknownElementImpl.dispatchEvent 
(node_modules/jsdom/lib/jsdom/living/events/EventTarget-impl.js:104:17)
      at HTMLUnknownElement.dispatchEvent 
(node_modules/jsdom/lib/jsdom/living/generated/EventTarget.js:241:34)
      at Object.invokeGuardedCallbackDev 
(node_modules/react-dom/cjs/react-dom.development.js:4213:16)
      at invokeGuardedCallback 
(node_modules/react-dom/cjs/react-dom.development.js:4277:31)
      at invokeGuardedCallbackAndCatchFirstError 
(node_modules/react-dom/cjs/react-dom.development.js:4291:25)
      at executeDispatch 
(node_modules/react-dom/cjs/react-dom.development.js:9041:3)
      at processDispatchQueueItemsInOrder 
(node_modules/react-dom/cjs/react-dom.development.js:9073:7)
      at processDispatchQueue 
(node_modules/react-dom/cjs/react-dom.development.js:9086:5)
      at dispatchEventsForPlugins 
(node_modules/react-dom/cjs/react-dom.development.js:9097:3)
      at node_modules/react-dom/cjs/react-dom.development.js:9288:12
      at batchedUpdates$1 
(node_modules/react-dom/cjs/react-dom.development.js:26179:12)
      at batchedUpdates 
(node_modules/react-dom/cjs/react-dom.development.js:3991:12)
      at dispatchEventForPluginEventSystem 
(node_modules/react-dom/cjs/react-dom.development.js:9287:3)
      at dispatchEventWithEnableCapturePhaseSelectiveHydrationWithoutDiscreteEv
entReplay (node_modules/react-dom/cjs/react-dom.development.js:6465:5)
      at dispatchEvent 
(node_modules/react-dom/cjs/react-dom.development.js:6457:5)
      at dispatchDiscreteEvent 
(node_modules/react-dom/cjs/react-dom.development.js:6430:5)
      at HTMLDivElement.callTheUserObjectsOperation 
(node_modules/jsdom/lib/jsdom/living/generated/EventListener.js:26:30)
      at innerInvokeEventListeners 
(node_modules/jsdom/lib/jsdom/living/events/EventTarget-impl.js:350:25)
      at invokeEventListeners 
(node_modules/jsdom/lib/jsdom/living/events/EventTarget-impl.js:286:3)
      at HTMLSelectElementImpl._dispatch 
(node_modules/jsdom/lib/jsdom/living/events/EventTarget-impl.js:233:9)
      at HTMLSelectElementImpl.dispatchEvent 
(node_modules/jsdom/lib/jsdom/living/events/EventTarget-impl.js:104:17)
      at Proxy.dispatchEvent 
(node_modules/jsdom/lib/jsdom/living/generated/EventTarget.js:241:34)
      at 
node_modules/@testing-library/user-event/dist/cjs/event/dispatchEvent.js:45:43
      at Object.eventWrapper 
(node_modules/@testing-library/dom/dist/config.js:25:23)
      at Object.wrapEvent 
(node_modules/@testing-library/user-event/dist/cjs/event/wrapEvent.js:6:28)
      at Object.dispatchEvent (node_modules/@testing-library/user-event/dist/cj
s/event/dispatchEvent.js:45:22)
      at Object.dispatchUIEvent (node_modules/@testing-library/user-event/dist/
cjs/event/dispatchEvent.js:22:26)
      at selectOption (node_modules/@testing-library/user-event/dist/cjs/utilit
y/selectOptions.js:51:14)
      at Object.selectOptionsBase (node_modules/@testing-library/user-event/dis
t/cjs/utility/selectOptions.js:87:13)
      at Object.<anonymous> (src/reporting/__tests__/reports.test.tsx:1266:9)

    console.error
      Warning: An update to DashboardConfigurePage inside a test was not 
wrapped in act(...).
      
      When testing, code that causes React state updates should be wrapped 
into act(...):
      
      act(() => {
        /* fire events that update state */
      });
      /* assert on the output */
      
      This ensures that you're testing the behavior the user would see in the 
browser. Learn more at https://reactjs.org/link/wrap-tests-with-act
          at DashboardConfigurePage (C:\Users\samhe\OneDrive\Desktop\Cleaned\fr
ontend\src\reporting\DashboardConfigurePage\DashboardConfigurePage.tsx:107:29)
          at routeContext (C:\Users\samhe\OneDrive\Desktop\Cleaned\frontend\nod
e_modules\react-router\lib\hooks.tsx:658:26)
          at children (C:\Users\samhe\OneDrive\Desktop\Cleaned\frontend\node_mo
dules\react-router\lib\components.tsx:512:3)
          at basenameProp (C:\Users\samhe\OneDrive\Desktop\Cleaned\frontend\nod
e_modules\react-router\lib\components.tsx:421:13)
          at basename (C:\Users\samhe\OneDrive\Desktop\Cleaned\frontend\node_mo
dules\react-router\lib\components.tsx:225:3)

      528 |                                                 
id="widget-chart-type"
      529 |                                                 
value={draftWidget.chartType ?? 'bar'}
    > 530 |                                                 onChange={(e) => 
setDraftWidget((prev) => prev ? { ...prev, chartType: e.target.value as 
DashboardChartType } : prev)}
          |                                                                  ^
      531 |                                                 className="border 
border-gray-300 rounded px-3 py-2 text-sm"
      532 |                                             >
      533 |                                                 
{CHART_TYPES.map((type) => (

      at printWarning 
(node_modules/react-dom/cjs/react-dom.development.js:86:30)
      at error (node_modules/react-dom/cjs/react-dom.development.js:60:7)
      at warnIfUpdatesNotWrappedWithActDEV 
(node_modules/react-dom/cjs/react-dom.development.js:27628:9)
      at scheduleUpdateOnFiber 
(node_modules/react-dom/cjs/react-dom.development.js:25547:5)
      at dispatchSetState 
(node_modules/react-dom/cjs/react-dom.development.js:16708:7)
      at onChange 
(src/reporting/DashboardConfigurePage/DashboardConfigurePage.tsx:530:66)
      at HTMLUnknownElement.callCallback 
(node_modules/react-dom/cjs/react-dom.development.js:4164:14)
      at HTMLUnknownElement.callTheUserObjectsOperation 
(node_modules/jsdom/lib/jsdom/living/generated/EventListener.js:26:30)
      at innerInvokeEventListeners 
(node_modules/jsdom/lib/jsdom/living/events/EventTarget-impl.js:350:25)
      at invokeEventListeners 
(node_modules/jsdom/lib/jsdom/living/events/EventTarget-impl.js:286:3)
      at HTMLUnknownElementImpl._dispatch 
(node_modules/jsdom/lib/jsdom/living/events/EventTarget-impl.js:233:9)
      at HTMLUnknownElementImpl.dispatchEvent 
(node_modules/jsdom/lib/jsdom/living/events/EventTarget-impl.js:104:17)
      at HTMLUnknownElement.dispatchEvent 
(node_modules/jsdom/lib/jsdom/living/generated/EventTarget.js:241:34)
      at Object.invokeGuardedCallbackDev 
(node_modules/react-dom/cjs/react-dom.development.js:4213:16)
      at invokeGuardedCallback 
(node_modules/react-dom/cjs/react-dom.development.js:4277:31)
      at invokeGuardedCallbackAndCatchFirstError 
(node_modules/react-dom/cjs/react-dom.development.js:4291:25)
      at executeDispatch 
(node_modules/react-dom/cjs/react-dom.development.js:9041:3)
      at processDispatchQueueItemsInOrder 
(node_modules/react-dom/cjs/react-dom.development.js:9073:7)
      at processDispatchQueue 
(node_modules/react-dom/cjs/react-dom.development.js:9086:5)
      at dispatchEventsForPlugins 
(node_modules/react-dom/cjs/react-dom.development.js:9097:3)
      at node_modules/react-dom/cjs/react-dom.development.js:9288:12
      at batchedUpdates$1 
(node_modules/react-dom/cjs/react-dom.development.js:26179:12)
      at batchedUpdates 
(node_modules/react-dom/cjs/react-dom.development.js:3991:12)
      at dispatchEventForPluginEventSystem 
(node_modules/react-dom/cjs/react-dom.development.js:9287:3)
      at dispatchEventWithEnableCapturePhaseSelectiveHydrationWithoutDiscreteEv
entReplay (node_modules/react-dom/cjs/react-dom.development.js:6465:5)
      at dispatchEvent 
(node_modules/react-dom/cjs/react-dom.development.js:6457:5)
      at dispatchDiscreteEvent 
(node_modules/react-dom/cjs/react-dom.development.js:6430:5)
      at HTMLDivElement.callTheUserObjectsOperation 
(node_modules/jsdom/lib/jsdom/living/generated/EventListener.js:26:30)
      at innerInvokeEventListeners 
(node_modules/jsdom/lib/jsdom/living/events/EventTarget-impl.js:350:25)
      at invokeEventListeners 
(node_modules/jsdom/lib/jsdom/living/events/EventTarget-impl.js:286:3)
      at HTMLSelectElementImpl._dispatch 
(node_modules/jsdom/lib/jsdom/living/events/EventTarget-impl.js:233:9)
      at HTMLSelectElementImpl.dispatchEvent 
(node_modules/jsdom/lib/jsdom/living/events/EventTarget-impl.js:104:17)
      at Proxy.dispatchEvent 
(node_modules/jsdom/lib/jsdom/living/generated/EventTarget.js:241:34)
      at 
node_modules/@testing-library/user-event/dist/cjs/event/dispatchEvent.js:45:43
      at Object.eventWrapper 
(node_modules/@testing-library/dom/dist/config.js:25:23)
      at Object.wrapEvent 
(node_modules/@testing-library/user-event/dist/cjs/event/wrapEvent.js:6:28)
      at Object.dispatchEvent (node_modules/@testing-library/user-event/dist/cj
s/event/dispatchEvent.js:45:22)
      at Object.dispatchUIEvent (node_modules/@testing-library/user-event/dist/
cjs/event/dispatchEvent.js:22:26)
      at selectOption (node_modules/@testing-library/user-event/dist/cjs/utilit
y/selectOptions.js:51:14)
      at Object.selectOptionsBase (node_modules/@testing-library/user-event/dis
t/cjs/utility/selectOptions.js:87:13)
      at Object.<anonymous> (src/reporting/__tests__/reports.test.tsx:1267:9)

    console.error
      Warning: An update to DashboardConfigurePage inside a test was not 
wrapped in act(...).
      
      When testing, code that causes React state updates should be wrapped 
into act(...):
      
      act(() => {
        /* fire events that update state */
      });
      /* assert on the output */
      
      This ensures that you're testing the behavior the user would see in the 
browser. Learn more at https://reactjs.org/link/wrap-tests-with-act
          at DashboardConfigurePage (C:\Users\samhe\OneDrive\Desktop\Cleaned\fr
ontend\src\reporting\DashboardConfigurePage\DashboardConfigurePage.tsx:107:29)
          at routeContext (C:\Users\samhe\OneDrive\Desktop\Cleaned\frontend\nod
e_modules\react-router\lib\hooks.tsx:658:26)
          at children (C:\Users\samhe\OneDrive\Desktop\Cleaned\frontend\node_mo
dules\react-router\lib\components.tsx:512:3)
          at basenameProp (C:\Users\samhe\OneDrive\Desktop\Cleaned\frontend\nod
e_modules\react-router\lib\components.tsx:421:13)
          at basename (C:\Users\samhe\OneDrive\Desktop\Cleaned\frontend\node_mo
dules\react-router\lib\components.tsx:225:3)

      571 |                                                         
id="widget-attribute"
      572 |                                                         
value={draftWidget.attribute ?? ''}
    > 573 |                                                         
onChange={(e) => setDraftWidget((prev) => prev ? { ...prev, attribute: 
e.target.value || null } : prev)}
          |                                                                    
      ^
      574 |                                                         
className="border border-gray-300 rounded px-3 py-2 text-sm"
      575 |                                                     >
      576 |                                                         <option 
value="">Select x-axis field</option>

      at printWarning 
(node_modules/react-dom/cjs/react-dom.development.js:86:30)
      at error (node_modules/react-dom/cjs/react-dom.development.js:60:7)
      at warnIfUpdatesNotWrappedWithActDEV 
(node_modules/react-dom/cjs/react-dom.development.js:27628:9)
      at scheduleUpdateOnFiber 
(node_modules/react-dom/cjs/react-dom.development.js:25547:5)
      at dispatchSetState 
(node_modules/react-dom/cjs/react-dom.development.js:16708:7)
      at onChange 
(src/reporting/DashboardConfigurePage/DashboardConfigurePage.tsx:573:74)
      at HTMLUnknownElement.callCallback 
(node_modules/react-dom/cjs/react-dom.development.js:4164:14)
      at HTMLUnknownElement.callTheUserObjectsOperation 
(node_modules/jsdom/lib/jsdom/living/generated/EventListener.js:26:30)
      at innerInvokeEventListeners 
(node_modules/jsdom/lib/jsdom/living/events/EventTarget-impl.js:350:25)
      at invokeEventListeners 
(node_modules/jsdom/lib/jsdom/living/events/EventTarget-impl.js:286:3)
      at HTMLUnknownElementImpl._dispatch 
(node_modules/jsdom/lib/jsdom/living/events/EventTarget-impl.js:233:9)
      at HTMLUnknownElementImpl.dispatchEvent 
(node_modules/jsdom/lib/jsdom/living/events/EventTarget-impl.js:104:17)
      at HTMLUnknownElement.dispatchEvent 
(node_modules/jsdom/lib/jsdom/living/generated/EventTarget.js:241:34)
      at Object.invokeGuardedCallbackDev 
(node_modules/react-dom/cjs/react-dom.development.js:4213:16)
      at invokeGuardedCallback 
(node_modules/react-dom/cjs/react-dom.development.js:4277:31)
      at invokeGuardedCallbackAndCatchFirstError 
(node_modules/react-dom/cjs/react-dom.development.js:4291:25)
      at executeDispatch 
(node_modules/react-dom/cjs/react-dom.development.js:9041:3)
      at processDispatchQueueItemsInOrder 
(node_modules/react-dom/cjs/react-dom.development.js:9073:7)
      at processDispatchQueue 
(node_modules/react-dom/cjs/react-dom.development.js:9086:5)
      at dispatchEventsForPlugins 
(node_modules/react-dom/cjs/react-dom.development.js:9097:3)
      at node_modules/react-dom/cjs/react-dom.development.js:9288:12
      at batchedUpdates$1 
(node_modules/react-dom/cjs/react-dom.development.js:26179:12)
      at batchedUpdates 
(node_modules/react-dom/cjs/react-dom.development.js:3991:12)
      at dispatchEventForPluginEventSystem 
(node_modules/react-dom/cjs/react-dom.development.js:9287:3)
      at dispatchEventWithEnableCapturePhaseSelectiveHydrationWithoutDiscreteEv
entReplay (node_modules/react-dom/cjs/react-dom.development.js:6465:5)
      at dispatchEvent 
(node_modules/react-dom/cjs/react-dom.development.js:6457:5)
      at dispatchDiscreteEvent 
(node_modules/react-dom/cjs/react-dom.development.js:6430:5)
      at HTMLDivElement.callTheUserObjectsOperation 
(node_modules/jsdom/lib/jsdom/living/generated/EventListener.js:26:30)
      at innerInvokeEventListeners 
(node_modules/jsdom/lib/jsdom/living/events/EventTarget-impl.js:350:25)
      at invokeEventListeners 
(node_modules/jsdom/lib/jsdom/living/events/EventTarget-impl.js:286:3)
      at HTMLSelectElementImpl._dispatch 
(node_modules/jsdom/lib/jsdom/living/events/EventTarget-impl.js:233:9)
      at HTMLSelectElementImpl.dispatchEvent 
(node_modules/jsdom/lib/jsdom/living/events/EventTarget-impl.js:104:17)
      at Proxy.dispatchEvent 
(node_modules/jsdom/lib/jsdom/living/generated/EventTarget.js:241:34)
      at 
node_modules/@testing-library/user-event/dist/cjs/event/dispatchEvent.js:45:43
      at Object.eventWrapper 
(node_modules/@testing-library/dom/dist/config.js:25:23)
      at Object.wrapEvent 
(node_modules/@testing-library/user-event/dist/cjs/event/wrapEvent.js:6:28)
      at Object.dispatchEvent (node_modules/@testing-library/user-event/dist/cj
s/event/dispatchEvent.js:45:22)
      at Object.dispatchUIEvent (node_modules/@testing-library/user-event/dist/
cjs/event/dispatchEvent.js:22:26)
      at selectOption (node_modules/@testing-library/user-event/dist/cjs/utilit
y/selectOptions.js:51:14)
      at Object.selectOptionsBase (node_modules/@testing-library/user-event/dis
t/cjs/utility/selectOptions.js:87:13)
      at Object.<anonymous> (src/reporting/__tests__/reports.test.tsx:1268:9)

    console.error
      Warning: An update to DashboardConfigurePage inside a test was not 
wrapped in act(...).
      
      When testing, code that causes React state updates should be wrapped 
into act(...):
      
      act(() => {
        /* fire events that update state */
      });
      /* assert on the output */
      
      This ensures that you're testing the behavior the user would see in the 
browser. Learn more at https://reactjs.org/link/wrap-tests-with-act
          at DashboardConfigurePage (C:\Users\samhe\OneDrive\Desktop\Cleaned\fr
ontend\src\reporting\DashboardConfigurePage\DashboardConfigurePage.tsx:107:29)
          at routeContext (C:\Users\samhe\OneDrive\Desktop\Cleaned\frontend\nod
e_modules\react-router\lib\hooks.tsx:658:26)
          at children (C:\Users\samhe\OneDrive\Desktop\Cleaned\frontend\node_mo
dules\react-router\lib\components.tsx:512:3)
          at basenameProp (C:\Users\samhe\OneDrive\Desktop\Cleaned\frontend\nod
e_modules\react-router\lib\components.tsx:421:13)
          at basename (C:\Users\samhe\OneDrive\Desktop\Cleaned\frontend\node_mo
dules\react-router\lib\components.tsx:225:3)

      596 |                                                         
id="widget-y-axis-attribute"
      597 |                                                         
value={draftWidget.yAxisAttribute ?? ''}
    > 598 |                                                         
onChange={(e) => setDraftWidget((prev) => prev ? { ...prev, yAxisAttribute: 
e.target.value || null } : prev)}
          |                                                                    
      ^
      599 |                                                         
className="border border-gray-300 rounded px-3 py-2 text-sm"
      600 |                                                     >
      601 |                                                         <option 
value="">Select y-axis field</option>

      at printWarning 
(node_modules/react-dom/cjs/react-dom.development.js:86:30)
      at error (node_modules/react-dom/cjs/react-dom.development.js:60:7)
      at warnIfUpdatesNotWrappedWithActDEV 
(node_modules/react-dom/cjs/react-dom.development.js:27628:9)
      at scheduleUpdateOnFiber 
(node_modules/react-dom/cjs/react-dom.development.js:25547:5)
      at dispatchSetState 
(node_modules/react-dom/cjs/react-dom.development.js:16708:7)
      at onChange 
(src/reporting/DashboardConfigurePage/DashboardConfigurePage.tsx:598:74)
      at HTMLUnknownElement.callCallback 
(node_modules/react-dom/cjs/react-dom.development.js:4164:14)
      at HTMLUnknownElement.callTheUserObjectsOperation 
(node_modules/jsdom/lib/jsdom/living/generated/EventListener.js:26:30)
      at innerInvokeEventListeners 
(node_modules/jsdom/lib/jsdom/living/events/EventTarget-impl.js:350:25)
      at invokeEventListeners 
(node_modules/jsdom/lib/jsdom/living/events/EventTarget-impl.js:286:3)
      at HTMLUnknownElementImpl._dispatch 
(node_modules/jsdom/lib/jsdom/living/events/EventTarget-impl.js:233:9)
      at HTMLUnknownElementImpl.dispatchEvent 
(node_modules/jsdom/lib/jsdom/living/events/EventTarget-impl.js:104:17)
      at HTMLUnknownElement.dispatchEvent 
(node_modules/jsdom/lib/jsdom/living/generated/EventTarget.js:241:34)
      at Object.invokeGuardedCallbackDev 
(node_modules/react-dom/cjs/react-dom.development.js:4213:16)
      at invokeGuardedCallback 
(node_modules/react-dom/cjs/react-dom.development.js:4277:31)
      at invokeGuardedCallbackAndCatchFirstError 
(node_modules/react-dom/cjs/react-dom.development.js:4291:25)
      at executeDispatch 
(node_modules/react-dom/cjs/react-dom.development.js:9041:3)
      at processDispatchQueueItemsInOrder 
(node_modules/react-dom/cjs/react-dom.development.js:9073:7)
      at processDispatchQueue 
(node_modules/react-dom/cjs/react-dom.development.js:9086:5)
      at dispatchEventsForPlugins 
(node_modules/react-dom/cjs/react-dom.development.js:9097:3)
      at node_modules/react-dom/cjs/react-dom.development.js:9288:12
      at batchedUpdates$1 
(node_modules/react-dom/cjs/react-dom.development.js:26179:12)
      at batchedUpdates 
(node_modules/react-dom/cjs/react-dom.development.js:3991:12)
      at dispatchEventForPluginEventSystem 
(node_modules/react-dom/cjs/react-dom.development.js:9287:3)
      at dispatchEventWithEnableCapturePhaseSelectiveHydrationWithoutDiscreteEv
entReplay (node_modules/react-dom/cjs/react-dom.development.js:6465:5)
      at dispatchEvent 
(node_modules/react-dom/cjs/react-dom.development.js:6457:5)
      at dispatchDiscreteEvent 
(node_modules/react-dom/cjs/react-dom.development.js:6430:5)
      at HTMLDivElement.callTheUserObjectsOperation 
(node_modules/jsdom/lib/jsdom/living/generated/EventListener.js:26:30)
      at innerInvokeEventListeners 
(node_modules/jsdom/lib/jsdom/living/events/EventTarget-impl.js:350:25)
      at invokeEventListeners 
(node_modules/jsdom/lib/jsdom/living/events/EventTarget-impl.js:286:3)
      at HTMLSelectElementImpl._dispatch 
(node_modules/jsdom/lib/jsdom/living/events/EventTarget-impl.js:233:9)
      at HTMLSelectElementImpl.dispatchEvent 
(node_modules/jsdom/lib/jsdom/living/events/EventTarget-impl.js:104:17)
      at Proxy.dispatchEvent 
(node_modules/jsdom/lib/jsdom/living/generated/EventTarget.js:241:34)
      at 
node_modules/@testing-library/user-event/dist/cjs/event/dispatchEvent.js:45:43
      at Object.eventWrapper 
(node_modules/@testing-library/dom/dist/config.js:25:23)
      at Object.wrapEvent 
(node_modules/@testing-library/user-event/dist/cjs/event/wrapEvent.js:6:28)
      at Object.dispatchEvent (node_modules/@testing-library/user-event/dist/cj
s/event/dispatchEvent.js:45:22)
      at Object.dispatchUIEvent (node_modules/@testing-library/user-event/dist/
cjs/event/dispatchEvent.js:22:26)
      at selectOption (node_modules/@testing-library/user-event/dist/cjs/utilit
y/selectOptions.js:51:14)
      at Object.selectOptionsBase (node_modules/@testing-library/user-event/dis
t/cjs/utility/selectOptions.js:87:13)
      at Object.<anonymous> (src/reporting/__tests__/reports.test.tsx:1269:9)

    console.error
      Warning: An update to DashboardConfigurePage inside a test was not 
wrapped in act(...).
      
      When testing, code that causes React state updates should be wrapped 
into act(...):
      
      act(() => {
        /* fire events that update state */
      });
      /* assert on the output */
      
      This ensures that you're testing the behavior the user would see in the 
browser. Learn more at https://reactjs.org/link/wrap-tests-with-act
          at DashboardConfigurePage (C:\Users\samhe\OneDrive\Desktop\Cleaned\fr
ontend\src\reporting\DashboardConfigurePage\DashboardConfigurePage.tsx:107:29)
          at routeContext (C:\Users\samhe\OneDrive\Desktop\Cleaned\frontend\nod
e_modules\react-router\lib\hooks.tsx:658:26)
          at children (C:\Users\samhe\OneDrive\Desktop\Cleaned\frontend\node_mo
dules\react-router\lib\components.tsx:512:3)
          at basenameProp (C:\Users\samhe\OneDrive\Desktop\Cleaned\frontend\nod
e_modules\react-router\lib\components.tsx:421:13)
          at basename (C:\Users\samhe\OneDrive\Desktop\Cleaned\frontend\node_mo
dules\react-router\lib\components.tsx:225:3)

      244 |             return
      245 |         }
    > 246 |         setPages((prev) => prev.map((page) => {
          |         ^
      247 |             if (page.id !== currentPage.id) return page
      248 |             const widgets = (page.widgets ?? []).map((widget) => 
normalizeWidget(widget))
      249 |                 .filter((widget) => !(widget.slotId === 
draftWidget.slotId && (widget.sectionId ?? null) === (draftWidget.sectionId ?? 
null)))

      at printWarning 
(node_modules/react-dom/cjs/react-dom.development.js:86:30)
      at error (node_modules/react-dom/cjs/react-dom.development.js:60:7)
      at warnIfUpdatesNotWrappedWithActDEV 
(node_modules/react-dom/cjs/react-dom.development.js:27628:9)
      at scheduleUpdateOnFiber 
(node_modules/react-dom/cjs/react-dom.development.js:25547:5)
      at dispatchSetState 
(node_modules/react-dom/cjs/react-dom.development.js:16708:7)
      at saveWidgetLocally 
(src/reporting/DashboardConfigurePage/DashboardConfigurePage.tsx:246:9)
      at HTMLUnknownElement.callCallback 
(node_modules/react-dom/cjs/react-dom.development.js:4164:14)
      at HTMLUnknownElement.callTheUserObjectsOperation 
(node_modules/jsdom/lib/jsdom/living/generated/EventListener.js:26:30)
      at innerInvokeEventListeners 
(node_modules/jsdom/lib/jsdom/living/events/EventTarget-impl.js:350:25)
      at invokeEventListeners 
(node_modules/jsdom/lib/jsdom/living/events/EventTarget-impl.js:286:3)
      at HTMLUnknownElementImpl._dispatch 
(node_modules/jsdom/lib/jsdom/living/events/EventTarget-impl.js:233:9)
      at HTMLUnknownElementImpl.dispatchEvent 
(node_modules/jsdom/lib/jsdom/living/events/EventTarget-impl.js:104:17)
      at HTMLUnknownElement.dispatchEvent 
(node_modules/jsdom/lib/jsdom/living/generated/EventTarget.js:241:34)
      at Object.invokeGuardedCallbackDev 
(node_modules/react-dom/cjs/react-dom.development.js:4213:16)
      at invokeGuardedCallback 
(node_modules/react-dom/cjs/react-dom.development.js:4277:31)
      at invokeGuardedCallbackAndCatchFirstError 
(node_modules/react-dom/cjs/react-dom.development.js:4291:25)
      at executeDispatch 
(node_modules/react-dom/cjs/react-dom.development.js:9041:3)
      at processDispatchQueueItemsInOrder 
(node_modules/react-dom/cjs/react-dom.development.js:9073:7)
      at processDispatchQueue 
(node_modules/react-dom/cjs/react-dom.development.js:9086:5)
      at dispatchEventsForPlugins 
(node_modules/react-dom/cjs/react-dom.development.js:9097:3)
      at node_modules/react-dom/cjs/react-dom.development.js:9288:12
      at batchedUpdates$1 
(node_modules/react-dom/cjs/react-dom.development.js:26179:12)
      at batchedUpdates 
(node_modules/react-dom/cjs/react-dom.development.js:3991:12)
      at dispatchEventForPluginEventSystem 
(node_modules/react-dom/cjs/react-dom.development.js:9287:3)
      at dispatchEventWithEnableCapturePhaseSelectiveHydrationWithoutDiscreteEv
entReplay (node_modules/react-dom/cjs/react-dom.development.js:6465:5)
      at dispatchEvent 
(node_modules/react-dom/cjs/react-dom.development.js:6457:5)
      at dispatchDiscreteEvent 
(node_modules/react-dom/cjs/react-dom.development.js:6430:5)
      at HTMLDivElement.callTheUserObjectsOperation 
(node_modules/jsdom/lib/jsdom/living/generated/EventListener.js:26:30)
      at innerInvokeEventListeners 
(node_modules/jsdom/lib/jsdom/living/events/EventTarget-impl.js:350:25)
      at invokeEventListeners 
(node_modules/jsdom/lib/jsdom/living/events/EventTarget-impl.js:286:3)
      at HTMLButtonElementImpl._dispatch 
(node_modules/jsdom/lib/jsdom/living/events/EventTarget-impl.js:233:9)
      at HTMLButtonElementImpl.dispatchEvent 
(node_modules/jsdom/lib/jsdom/living/events/EventTarget-impl.js:104:17)
      at HTMLButtonElement.dispatchEvent 
(node_modules/jsdom/lib/jsdom/living/generated/EventTarget.js:241:34)
      at 
node_modules/@testing-library/user-event/dist/cjs/event/dispatchEvent.js:45:43
      at Object.eventWrapper 
(node_modules/@testing-library/dom/dist/config.js:25:23)
      at Object.wrapEvent 
(node_modules/@testing-library/user-event/dist/cjs/event/wrapEvent.js:6:28)
      at Object.dispatchEvent (node_modules/@testing-library/user-event/dist/cj
s/event/dispatchEvent.js:45:22)
      at Object.dispatchUIEvent (node_modules/@testing-library/user-event/dist/
cjs/event/dispatchEvent.js:22:26)
      at Mouse.up (node_modules/@testing-library/user-event/dist/cjs/system/poi
nter/mouse.js:100:30)
      at PointerHost.release (node_modules/@testing-library/user-event/dist/cjs
/system/pointer/index.js:87:24)
      at pointerAction 
(node_modules/@testing-library/user-event/dist/cjs/pointer/index.js:54:47)
      at Object.pointer 
(node_modules/@testing-library/user-event/dist/cjs/pointer/index.js:27:9)
      at Object.<anonymous> (src/reporting/__tests__/reports.test.tsx:1270:9)

    console.error
      Warning: An update to DashboardConfigurePage inside a test was not 
wrapped in act(...).
      
      When testing, code that causes React state updates should be wrapped 
into act(...):
      
      act(() => {
        /* fire events that update state */
      });
      /* assert on the output */
      
      This ensures that you're testing the behavior the user would see in the 
browser. Learn more at https://reactjs.org/link/wrap-tests-with-act
          at DashboardConfigurePage (C:\Users\samhe\OneDrive\Desktop\Cleaned\fr
ontend\src\reporting\DashboardConfigurePage\DashboardConfigurePage.tsx:107:29)
          at routeContext (C:\Users\samhe\OneDrive\Desktop\Cleaned\frontend\nod
e_modules\react-router\lib\hooks.tsx:658:26)
          at children (C:\Users\samhe\OneDrive\Desktop\Cleaned\frontend\node_mo
dules\react-router\lib\components.tsx:512:3)
          at basenameProp (C:\Users\samhe\OneDrive\Desktop\Cleaned\frontend\nod
e_modules\react-router\lib\components.tsx:421:13)
          at basename (C:\Users\samhe\OneDrive\Desktop\Cleaned\frontend\node_mo
dules\react-router\lib\components.tsx:225:3)

      262 |             }
      263 |         }))
    > 264 |         setEditor(null)
          |         ^
      265 |         setDraftWidget(null)
      266 |     }
      267 |

      at printWarning 
(node_modules/react-dom/cjs/react-dom.development.js:86:30)
      at error (node_modules/react-dom/cjs/react-dom.development.js:60:7)
      at warnIfUpdatesNotWrappedWithActDEV 
(node_modules/react-dom/cjs/react-dom.development.js:27628:9)
      at scheduleUpdateOnFiber 
(node_modules/react-dom/cjs/react-dom.development.js:25547:5)
      at dispatchSetState 
(node_modules/react-dom/cjs/react-dom.development.js:16708:7)
      at saveWidgetLocally 
(src/reporting/DashboardConfigurePage/DashboardConfigurePage.tsx:264:9)
      at HTMLUnknownElement.callCallback 
(node_modules/react-dom/cjs/react-dom.development.js:4164:14)
      at HTMLUnknownElement.callTheUserObjectsOperation 
(node_modules/jsdom/lib/jsdom/living/generated/EventListener.js:26:30)
      at innerInvokeEventListeners 
(node_modules/jsdom/lib/jsdom/living/events/EventTarget-impl.js:350:25)
      at invokeEventListeners 
(node_modules/jsdom/lib/jsdom/living/events/EventTarget-impl.js:286:3)
      at HTMLUnknownElementImpl._dispatch 
(node_modules/jsdom/lib/jsdom/living/events/EventTarget-impl.js:233:9)
      at HTMLUnknownElementImpl.dispatchEvent 
(node_modules/jsdom/lib/jsdom/living/events/EventTarget-impl.js:104:17)
      at HTMLUnknownElement.dispatchEvent 
(node_modules/jsdom/lib/jsdom/living/generated/EventTarget.js:241:34)
      at Object.invokeGuardedCallbackDev 
(node_modules/react-dom/cjs/react-dom.development.js:4213:16)
      at invokeGuardedCallback 
(node_modules/react-dom/cjs/react-dom.development.js:4277:31)
      at invokeGuardedCallbackAndCatchFirstError 
(node_modules/react-dom/cjs/react-dom.development.js:4291:25)
      at executeDispatch 
(node_modules/react-dom/cjs/react-dom.development.js:9041:3)
      at processDispatchQueueItemsInOrder 
(node_modules/react-dom/cjs/react-dom.development.js:9073:7)
      at processDispatchQueue 
(node_modules/react-dom/cjs/react-dom.development.js:9086:5)
      at dispatchEventsForPlugins 
(node_modules/react-dom/cjs/react-dom.development.js:9097:3)
      at node_modules/react-dom/cjs/react-dom.development.js:9288:12
      at batchedUpdates$1 
(node_modules/react-dom/cjs/react-dom.development.js:26179:12)
      at batchedUpdates 
(node_modules/react-dom/cjs/react-dom.development.js:3991:12)
      at dispatchEventForPluginEventSystem 
(node_modules/react-dom/cjs/react-dom.development.js:9287:3)
      at dispatchEventWithEnableCapturePhaseSelectiveHydrationWithoutDiscreteEv
entReplay (node_modules/react-dom/cjs/react-dom.development.js:6465:5)
      at dispatchEvent 
(node_modules/react-dom/cjs/react-dom.development.js:6457:5)
      at dispatchDiscreteEvent 
(node_modules/react-dom/cjs/react-dom.development.js:6430:5)
      at HTMLDivElement.callTheUserObjectsOperation 
(node_modules/jsdom/lib/jsdom/living/generated/EventListener.js:26:30)
      at innerInvokeEventListeners 
(node_modules/jsdom/lib/jsdom/living/events/EventTarget-impl.js:350:25)
      at invokeEventListeners 
(node_modules/jsdom/lib/jsdom/living/events/EventTarget-impl.js:286:3)
      at HTMLButtonElementImpl._dispatch 
(node_modules/jsdom/lib/jsdom/living/events/EventTarget-impl.js:233:9)
      at HTMLButtonElementImpl.dispatchEvent 
(node_modules/jsdom/lib/jsdom/living/events/EventTarget-impl.js:104:17)
      at HTMLButtonElement.dispatchEvent 
(node_modules/jsdom/lib/jsdom/living/generated/EventTarget.js:241:34)
      at 
node_modules/@testing-library/user-event/dist/cjs/event/dispatchEvent.js:45:43
      at Object.eventWrapper 
(node_modules/@testing-library/dom/dist/config.js:25:23)
      at Object.wrapEvent 
(node_modules/@testing-library/user-event/dist/cjs/event/wrapEvent.js:6:28)
      at Object.dispatchEvent (node_modules/@testing-library/user-event/dist/cj
s/event/dispatchEvent.js:45:22)
      at Object.dispatchUIEvent (node_modules/@testing-library/user-event/dist/
cjs/event/dispatchEvent.js:22:26)
      at Mouse.up (node_modules/@testing-library/user-event/dist/cjs/system/poi
nter/mouse.js:100:30)
      at PointerHost.release (node_modules/@testing-library/user-event/dist/cjs
/system/pointer/index.js:87:24)
      at pointerAction 
(node_modules/@testing-library/user-event/dist/cjs/pointer/index.js:54:47)
      at Object.pointer 
(node_modules/@testing-library/user-event/dist/cjs/pointer/index.js:27:9)
      at Object.<anonymous> (src/reporting/__tests__/reports.test.tsx:1270:9)

    console.error
      Warning: An update to DashboardConfigurePage inside a test was not 
wrapped in act(...).
      
      When testing, code that causes React state updates should be wrapped 
into act(...):
      
      act(() => {
        /* fire events that update state */
      });
      /* assert on the output */
      
      This ensures that you're testing the behavior the user would see in the 
browser. Learn more at https://reactjs.org/link/wrap-tests-with-act
          at DashboardConfigurePage (C:\Users\samhe\OneDrive\Desktop\Cleaned\fr
ontend\src\reporting\DashboardConfigurePage\DashboardConfigurePage.tsx:107:29)
          at routeContext (C:\Users\samhe\OneDrive\Desktop\Cleaned\frontend\nod
e_modules\react-router\lib\hooks.tsx:658:26)
          at children (C:\Users\samhe\OneDrive\Desktop\Cleaned\frontend\node_mo
dules\react-router\lib\components.tsx:512:3)
          at basenameProp (C:\Users\samhe\OneDrive\Desktop\Cleaned\frontend\nod
e_modules\react-router\lib\components.tsx:421:13)
          at basename (C:\Users\samhe\OneDrive\Desktop\Cleaned\frontend\node_mo
dules\react-router\lib\components.tsx:225:3)

      263 |         }))
      264 |         setEditor(null)
    > 265 |         setDraftWidget(null)
          |         ^
      266 |     }
      267 |
      268 |     function removeWidget(slotId: number, sectionId?: number | 
null) {

      at printWarning 
(node_modules/react-dom/cjs/react-dom.development.js:86:30)
      at error (node_modules/react-dom/cjs/react-dom.development.js:60:7)
      at warnIfUpdatesNotWrappedWithActDEV 
(node_modules/react-dom/cjs/react-dom.development.js:27628:9)
      at scheduleUpdateOnFiber 
(node_modules/react-dom/cjs/react-dom.development.js:25547:5)
      at dispatchSetState 
(node_modules/react-dom/cjs/react-dom.development.js:16708:7)
      at saveWidgetLocally 
(src/reporting/DashboardConfigurePage/DashboardConfigurePage.tsx:265:9)
      at HTMLUnknownElement.callCallback 
(node_modules/react-dom/cjs/react-dom.development.js:4164:14)
      at HTMLUnknownElement.callTheUserObjectsOperation 
(node_modules/jsdom/lib/jsdom/living/generated/EventListener.js:26:30)
      at innerInvokeEventListeners 
(node_modules/jsdom/lib/jsdom/living/events/EventTarget-impl.js:350:25)
      at invokeEventListeners 
(node_modules/jsdom/lib/jsdom/living/events/EventTarget-impl.js:286:3)
      at HTMLUnknownElementImpl._dispatch 
(node_modules/jsdom/lib/jsdom/living/events/EventTarget-impl.js:233:9)
      at HTMLUnknownElementImpl.dispatchEvent 
(node_modules/jsdom/lib/jsdom/living/events/EventTarget-impl.js:104:17)
      at HTMLUnknownElement.dispatchEvent 
(node_modules/jsdom/lib/jsdom/living/generated/EventTarget.js:241:34)
      at Object.invokeGuardedCallbackDev 
(node_modules/react-dom/cjs/react-dom.development.js:4213:16)
      at invokeGuardedCallback 
(node_modules/react-dom/cjs/react-dom.development.js:4277:31)
      at invokeGuardedCallbackAndCatchFirstError 
(node_modules/react-dom/cjs/react-dom.development.js:4291:25)
      at executeDispatch 
(node_modules/react-dom/cjs/react-dom.development.js:9041:3)
      at processDispatchQueueItemsInOrder 
(node_modules/react-dom/cjs/react-dom.development.js:9073:7)
      at processDispatchQueue 
(node_modules/react-dom/cjs/react-dom.development.js:9086:5)
      at dispatchEventsForPlugins 
(node_modules/react-dom/cjs/react-dom.development.js:9097:3)
      at node_modules/react-dom/cjs/react-dom.development.js:9288:12
      at batchedUpdates$1 
(node_modules/react-dom/cjs/react-dom.development.js:26179:12)
      at batchedUpdates 
(node_modules/react-dom/cjs/react-dom.development.js:3991:12)
      at dispatchEventForPluginEventSystem 
(node_modules/react-dom/cjs/react-dom.development.js:9287:3)
      at dispatchEventWithEnableCapturePhaseSelectiveHydrationWithoutDiscreteEv
entReplay (node_modules/react-dom/cjs/react-dom.development.js:6465:5)
      at dispatchEvent 
(node_modules/react-dom/cjs/react-dom.development.js:6457:5)
      at dispatchDiscreteEvent 
(node_modules/react-dom/cjs/react-dom.development.js:6430:5)
      at HTMLDivElement.callTheUserObjectsOperation 
(node_modules/jsdom/lib/jsdom/living/generated/EventListener.js:26:30)
      at innerInvokeEventListeners 
(node_modules/jsdom/lib/jsdom/living/events/EventTarget-impl.js:350:25)
      at invokeEventListeners 
(node_modules/jsdom/lib/jsdom/living/events/EventTarget-impl.js:286:3)
      at HTMLButtonElementImpl._dispatch 
(node_modules/jsdom/lib/jsdom/living/events/EventTarget-impl.js:233:9)
      at HTMLButtonElementImpl.dispatchEvent 
(node_modules/jsdom/lib/jsdom/living/events/EventTarget-impl.js:104:17)
      at HTMLButtonElement.dispatchEvent 
(node_modules/jsdom/lib/jsdom/living/generated/EventTarget.js:241:34)
      at 
node_modules/@testing-library/user-event/dist/cjs/event/dispatchEvent.js:45:43
      at Object.eventWrapper 
(node_modules/@testing-library/dom/dist/config.js:25:23)
      at Object.wrapEvent 
(node_modules/@testing-library/user-event/dist/cjs/event/wrapEvent.js:6:28)
      at Object.dispatchEvent (node_modules/@testing-library/user-event/dist/cj
s/event/dispatchEvent.js:45:22)
      at Object.dispatchUIEvent (node_modules/@testing-library/user-event/dist/
cjs/event/dispatchEvent.js:22:26)
      at Mouse.up (node_modules/@testing-library/user-event/dist/cjs/system/poi
nter/mouse.js:100:30)
      at PointerHost.release (node_modules/@testing-library/user-event/dist/cjs
/system/pointer/index.js:87:24)
      at pointerAction 
(node_modules/@testing-library/user-event/dist/cjs/pointer/index.js:54:47)
      at Object.pointer 
(node_modules/@testing-library/user-event/dist/cjs/pointer/index.js:27:9)
      at Object.<anonymous> (src/reporting/__tests__/reports.test.tsx:1270:9)

    console.error
      Warning: An update to DashboardLiveWidget inside a test was not wrapped 
in act(...).
      
      When testing, code that causes React state updates should be wrapped 
into act(...):
      
      act(() => {
        /* fire events that update state */
      });
      /* assert on the output */
      
      This ensures that you're testing the behavior the user would see in the 
browser. Learn more at https://reactjs.org/link/wrap-tests-with-act
          at DashboardLiveWidget (C:\Users\samhe\OneDrive\Desktop\Cleaned\front
end\src\reporting\dashboardWidgets.tsx:534:5)
          at div
          at div
          at div
          at div
          at div
          at div
          at div
          at DashboardConfigurePage (C:\Users\samhe\OneDrive\Desktop\Cleaned\fr
ontend\src\reporting\DashboardConfigurePage\DashboardConfigurePage.tsx:107:29)
          at routeContext (C:\Users\samhe\OneDrive\Desktop\Cleaned\frontend\nod
e_modules\react-router\lib\hooks.tsx:658:26)
          at children (C:\Users\samhe\OneDrive\Desktop\Cleaned\frontend\node_mo
dules\react-router\lib\components.tsx:512:3)
          at basenameProp (C:\Users\samhe\OneDrive\Desktop\Cleaned\frontend\nod
e_modules\react-router\lib\components.tsx:421:13)
          at basename (C:\Users\samhe\OneDrive\Desktop\Cleaned\frontend\node_mo
dules\react-router\lib\components.tsx:225:3)

      570 |             .then((result) => {
      571 |                 if (cancelled) return
    > 572 |                 setData(result)
          |                 ^
      573 |             })
      574 |             .catch((err) => {
      575 |                 if (cancelled) return

      at printWarning 
(node_modules/react-dom/cjs/react-dom.development.js:86:30)
      at error (node_modules/react-dom/cjs/react-dom.development.js:60:7)
      at warnIfUpdatesNotWrappedWithActDEV 
(node_modules/react-dom/cjs/react-dom.development.js:27628:9)
      at scheduleUpdateOnFiber 
(node_modules/react-dom/cjs/react-dom.development.js:25547:5)
      at dispatchSetState 
(node_modules/react-dom/cjs/react-dom.development.js:16708:7)
      at src/reporting/dashboardWidgets.tsx:572:17

    console.error
      Warning: An update to DashboardLiveWidget inside a test was not wrapped 
in act(...).
      
      When testing, code that causes React state updates should be wrapped 
into act(...):
      
      act(() => {
        /* fire events that update state */
      });
      /* assert on the output */
      
      This ensures that you're testing the behavior the user would see in the 
browser. Learn more at https://reactjs.org/link/wrap-tests-with-act
          at DashboardLiveWidget (C:\Users\samhe\OneDrive\Desktop\Cleaned\front
end\src\reporting\dashboardWidgets.tsx:534:5)
          at div
          at div
          at div
          at div
          at div
          at div
          at div
          at DashboardConfigurePage (C:\Users\samhe\OneDrive\Desktop\Cleaned\fr
ontend\src\reporting\DashboardConfigurePage\DashboardConfigurePage.tsx:107:29)
          at routeContext (C:\Users\samhe\OneDrive\Desktop\Cleaned\frontend\nod
e_modules\react-router\lib\hooks.tsx:658:26)
          at children (C:\Users\samhe\OneDrive\Desktop\Cleaned\frontend\node_mo
dules\react-router\lib\components.tsx:512:3)
          at basenameProp (C:\Users\samhe\OneDrive\Desktop\Cleaned\frontend\nod
e_modules\react-router\lib\components.tsx:421:13)
          at basename (C:\Users\samhe\OneDrive\Desktop\Cleaned\frontend\node_mo
dules\react-router\lib\components.tsx:225:3)

      579 |             .finally(() => {
      580 |                 if (cancelled) return
    > 581 |                 setLoading(false)
          |                 ^
      582 |             })
      583 |         return () => { cancelled = true }
      584 |     }, [normalizedWidget, filters])

      at printWarning 
(node_modules/react-dom/cjs/react-dom.development.js:86:30)
      at error (node_modules/react-dom/cjs/react-dom.development.js:60:7)
      at warnIfUpdatesNotWrappedWithActDEV 
(node_modules/react-dom/cjs/react-dom.development.js:27628:9)
      at scheduleUpdateOnFiber 
(node_modules/react-dom/cjs/react-dom.development.js:25547:5)
      at dispatchSetState 
(node_modules/react-dom/cjs/react-dom.development.js:16708:7)
      at src/reporting/dashboardWidgets.tsx:581:17

    console.error
      Warning: An update to DashboardConfigurePage inside a test was not 
wrapped in act(...).
      
      When testing, code that causes React state updates should be wrapped 
into act(...):
      
      act(() => {
        /* fire events that update state */
      });
      /* assert on the output */
      
      This ensures that you're testing the behavior the user would see in the 
browser. Learn more at https://reactjs.org/link/wrap-tests-with-act
          at DashboardConfigurePage (C:\Users\samhe\OneDrive\Desktop\Cleaned\fr
ontend\src\reporting\DashboardConfigurePage\DashboardConfigurePage.tsx:107:29)
          at routeContext (C:\Users\samhe\OneDrive\Desktop\Cleaned\frontend\nod
e_modules\react-router\lib\hooks.tsx:658:26)
          at children (C:\Users\samhe\OneDrive\Desktop\Cleaned\frontend\node_mo
dules\react-router\lib\components.tsx:512:3)
          at basenameProp (C:\Users\samhe\OneDrive\Desktop\Cleaned\frontend\nod
e_modules\react-router\lib\components.tsx:421:13)
          at basename (C:\Users\samhe\OneDrive\Desktop\Cleaned\frontend\node_mo
dules\react-router\lib\components.tsx:225:3)

      226 |     function openEditor(slotId: number, sectionId?: number | null) 
{
      227 |         const existing = getWidgetsForSlot(slotId, sectionId)[0]
    > 228 |         setEditor({ slotId, sectionId, widget: existing })
          |         ^
      229 |         setDraftWidget(existing ? normalizeWidget(existing) : 
blankWidget(slotId, sectionId))
      230 |     }
      231 |

      at printWarning 
(node_modules/react-dom/cjs/react-dom.development.js:86:30)
      at error (node_modules/react-dom/cjs/react-dom.development.js:60:7)
      at warnIfUpdatesNotWrappedWithActDEV 
(node_modules/react-dom/cjs/react-dom.development.js:27628:9)
      at scheduleUpdateOnFiber 
(node_modules/react-dom/cjs/react-dom.development.js:25547:5)
      at dispatchSetState 
(node_modules/react-dom/cjs/react-dom.development.js:16708:7)
      at openEditor 
(src/reporting/DashboardConfigurePage/DashboardConfigurePage.tsx:228:9)
      at onClick 
(src/reporting/DashboardConfigurePage/DashboardConfigurePage.tsx:356:56)
      at HTMLUnknownElement.callCallback 
(node_modules/react-dom/cjs/react-dom.development.js:4164:14)
      at HTMLUnknownElement.callTheUserObjectsOperation 
(node_modules/jsdom/lib/jsdom/living/generated/EventListener.js:26:30)
      at innerInvokeEventListeners 
(node_modules/jsdom/lib/jsdom/living/events/EventTarget-impl.js:350:25)
      at invokeEventListeners 
(node_modules/jsdom/lib/jsdom/living/events/EventTarget-impl.js:286:3)
      at HTMLUnknownElementImpl._dispatch 
(node_modules/jsdom/lib/jsdom/living/events/EventTarget-impl.js:233:9)
      at HTMLUnknownElementImpl.dispatchEvent 
(node_modules/jsdom/lib/jsdom/living/events/EventTarget-impl.js:104:17)
      at HTMLUnknownElement.dispatchEvent 
(node_modules/jsdom/lib/jsdom/living/generated/EventTarget.js:241:34)
      at Object.invokeGuardedCallbackDev 
(node_modules/react-dom/cjs/react-dom.development.js:4213:16)
      at invokeGuardedCallback 
(node_modules/react-dom/cjs/react-dom.development.js:4277:31)
      at invokeGuardedCallbackAndCatchFirstError 
(node_modules/react-dom/cjs/react-dom.development.js:4291:25)
      at executeDispatch 
(node_modules/react-dom/cjs/react-dom.development.js:9041:3)
      at processDispatchQueueItemsInOrder 
(node_modules/react-dom/cjs/react-dom.development.js:9073:7)
      at processDispatchQueue 
(node_modules/react-dom/cjs/react-dom.development.js:9086:5)
      at dispatchEventsForPlugins 
(node_modules/react-dom/cjs/react-dom.development.js:9097:3)
      at node_modules/react-dom/cjs/react-dom.development.js:9288:12
      at batchedUpdates$1 
(node_modules/react-dom/cjs/react-dom.development.js:26179:12)
      at batchedUpdates 
(node_modules/react-dom/cjs/react-dom.development.js:3991:12)
      at dispatchEventForPluginEventSystem 
(node_modules/react-dom/cjs/react-dom.development.js:9287:3)
      at dispatchEventWithEnableCapturePhaseSelectiveHydrationWithoutDiscreteEv
entReplay (node_modules/react-dom/cjs/react-dom.development.js:6465:5)
      at dispatchEvent 
(node_modules/react-dom/cjs/react-dom.development.js:6457:5)
      at dispatchDiscreteEvent 
(node_modules/react-dom/cjs/react-dom.development.js:6430:5)
      at HTMLDivElement.callTheUserObjectsOperation 
(node_modules/jsdom/lib/jsdom/living/generated/EventListener.js:26:30)
      at innerInvokeEventListeners 
(node_modules/jsdom/lib/jsdom/living/events/EventTarget-impl.js:350:25)
      at invokeEventListeners 
(node_modules/jsdom/lib/jsdom/living/events/EventTarget-impl.js:286:3)
      at HTMLButtonElementImpl._dispatch 
(node_modules/jsdom/lib/jsdom/living/events/EventTarget-impl.js:233:9)
      at HTMLButtonElementImpl.dispatchEvent 
(node_modules/jsdom/lib/jsdom/living/events/EventTarget-impl.js:104:17)
      at HTMLButtonElement.dispatchEvent 
(node_modules/jsdom/lib/jsdom/living/generated/EventTarget.js:241:34)
      at 
node_modules/@testing-library/user-event/dist/cjs/event/dispatchEvent.js:45:43
      at Object.eventWrapper 
(node_modules/@testing-library/dom/dist/config.js:25:23)
      at Object.wrapEvent 
(node_modules/@testing-library/user-event/dist/cjs/event/wrapEvent.js:6:28)
      at Object.dispatchEvent (node_modules/@testing-library/user-event/dist/cj
s/event/dispatchEvent.js:45:22)
      at Object.dispatchUIEvent (node_modules/@testing-library/user-event/dist/
cjs/event/dispatchEvent.js:22:26)
      at Mouse.up (node_modules/@testing-library/user-event/dist/cjs/system/poi
nter/mouse.js:100:30)
      at PointerHost.release (node_modules/@testing-library/user-event/dist/cjs
/system/pointer/index.js:87:24)
      at pointerAction 
(node_modules/@testing-library/user-event/dist/cjs/pointer/index.js:54:47)
      at Object.pointer 
(node_modules/@testing-library/user-event/dist/cjs/pointer/index.js:27:9)
      at Object.<anonymous> (src/reporting/__tests__/reports.test.tsx:1298:9)

    console.error
      Warning: An update to DashboardConfigurePage inside a test was not 
wrapped in act(...).
      
      When testing, code that causes React state updates should be wrapped 
into act(...):
      
      act(() => {
        /* fire events that update state */
      });
      /* assert on the output */
      
      This ensures that you're testing the behavior the user would see in the 
browser. Learn more at https://reactjs.org/link/wrap-tests-with-act
          at DashboardConfigurePage (C:\Users\samhe\OneDrive\Desktop\Cleaned\fr
ontend\src\reporting\DashboardConfigurePage\DashboardConfigurePage.tsx:107:29)
          at routeContext (C:\Users\samhe\OneDrive\Desktop\Cleaned\frontend\nod
e_modules\react-router\lib\hooks.tsx:658:26)
          at children (C:\Users\samhe\OneDrive\Desktop\Cleaned\frontend\node_mo
dules\react-router\lib\components.tsx:512:3)
          at basenameProp (C:\Users\samhe\OneDrive\Desktop\Cleaned\frontend\nod
e_modules\react-router\lib\components.tsx:421:13)
          at basename (C:\Users\samhe\OneDrive\Desktop\Cleaned\frontend\node_mo
dules\react-router\lib\components.tsx:225:3)

      227 |         const existing = getWidgetsForSlot(slotId, sectionId)[0]
      228 |         setEditor({ slotId, sectionId, widget: existing })
    > 229 |         setDraftWidget(existing ? normalizeWidget(existing) : 
blankWidget(slotId, sectionId))
          |         ^
      230 |     }
      231 |
      232 |     function saveWidgetLocally() {

      at printWarning 
(node_modules/react-dom/cjs/react-dom.development.js:86:30)
      at error (node_modules/react-dom/cjs/react-dom.development.js:60:7)
      at warnIfUpdatesNotWrappedWithActDEV 
(node_modules/react-dom/cjs/react-dom.development.js:27628:9)
      at scheduleUpdateOnFiber 
(node_modules/react-dom/cjs/react-dom.development.js:25547:5)
      at dispatchSetState 
(node_modules/react-dom/cjs/react-dom.development.js:16708:7)
      at openEditor 
(src/reporting/DashboardConfigurePage/DashboardConfigurePage.tsx:229:9)
      at onClick 
(src/reporting/DashboardConfigurePage/DashboardConfigurePage.tsx:356:56)
      at HTMLUnknownElement.callCallback 
(node_modules/react-dom/cjs/react-dom.development.js:4164:14)
      at HTMLUnknownElement.callTheUserObjectsOperation 
(node_modules/jsdom/lib/jsdom/living/generated/EventListener.js:26:30)
      at innerInvokeEventListeners 
(node_modules/jsdom/lib/jsdom/living/events/EventTarget-impl.js:350:25)
      at invokeEventListeners 
(node_modules/jsdom/lib/jsdom/living/events/EventTarget-impl.js:286:3)
      at HTMLUnknownElementImpl._dispatch 
(node_modules/jsdom/lib/jsdom/living/events/EventTarget-impl.js:233:9)
      at HTMLUnknownElementImpl.dispatchEvent 
(node_modules/jsdom/lib/jsdom/living/events/EventTarget-impl.js:104:17)
      at HTMLUnknownElement.dispatchEvent 
(node_modules/jsdom/lib/jsdom/living/generated/EventTarget.js:241:34)
      at Object.invokeGuardedCallbackDev 
(node_modules/react-dom/cjs/react-dom.development.js:4213:16)
      at invokeGuardedCallback 
(node_modules/react-dom/cjs/react-dom.development.js:4277:31)
      at invokeGuardedCallbackAndCatchFirstError 
(node_modules/react-dom/cjs/react-dom.development.js:4291:25)
      at executeDispatch 
(node_modules/react-dom/cjs/react-dom.development.js:9041:3)
      at processDispatchQueueItemsInOrder 
(node_modules/react-dom/cjs/react-dom.development.js:9073:7)
      at processDispatchQueue 
(node_modules/react-dom/cjs/react-dom.development.js:9086:5)
      at dispatchEventsForPlugins 
(node_modules/react-dom/cjs/react-dom.development.js:9097:3)
      at node_modules/react-dom/cjs/react-dom.development.js:9288:12
      at batchedUpdates$1 
(node_modules/react-dom/cjs/react-dom.development.js:26179:12)
      at batchedUpdates 
(node_modules/react-dom/cjs/react-dom.development.js:3991:12)
      at dispatchEventForPluginEventSystem 
(node_modules/react-dom/cjs/react-dom.development.js:9287:3)
      at dispatchEventWithEnableCapturePhaseSelectiveHydrationWithoutDiscreteEv
entReplay (node_modules/react-dom/cjs/react-dom.development.js:6465:5)
      at dispatchEvent 
(node_modules/react-dom/cjs/react-dom.development.js:6457:5)
      at dispatchDiscreteEvent 
(node_modules/react-dom/cjs/react-dom.development.js:6430:5)
      at HTMLDivElement.callTheUserObjectsOperation 
(node_modules/jsdom/lib/jsdom/living/generated/EventListener.js:26:30)
      at innerInvokeEventListeners 
(node_modules/jsdom/lib/jsdom/living/events/EventTarget-impl.js:350:25)
      at invokeEventListeners 
(node_modules/jsdom/lib/jsdom/living/events/EventTarget-impl.js:286:3)
      at HTMLButtonElementImpl._dispatch 
(node_modules/jsdom/lib/jsdom/living/events/EventTarget-impl.js:233:9)
      at HTMLButtonElementImpl.dispatchEvent 
(node_modules/jsdom/lib/jsdom/living/events/EventTarget-impl.js:104:17)
      at HTMLButtonElement.dispatchEvent 
(node_modules/jsdom/lib/jsdom/living/generated/EventTarget.js:241:34)
      at 
node_modules/@testing-library/user-event/dist/cjs/event/dispatchEvent.js:45:43
      at Object.eventWrapper 
(node_modules/@testing-library/dom/dist/config.js:25:23)
      at Object.wrapEvent 
(node_modules/@testing-library/user-event/dist/cjs/event/wrapEvent.js:6:28)
      at Object.dispatchEvent (node_modules/@testing-library/user-event/dist/cj
s/event/dispatchEvent.js:45:22)
      at Object.dispatchUIEvent (node_modules/@testing-library/user-event/dist/
cjs/event/dispatchEvent.js:22:26)
      at Mouse.up (node_modules/@testing-library/user-event/dist/cjs/system/poi
nter/mouse.js:100:30)
      at PointerHost.release (node_modules/@testing-library/user-event/dist/cjs
/system/pointer/index.js:87:24)
      at pointerAction 
(node_modules/@testing-library/user-event/dist/cjs/pointer/index.js:54:47)
      at Object.pointer 
(node_modules/@testing-library/user-event/dist/cjs/pointer/index.js:27:9)
      at Object.<anonymous> (src/reporting/__tests__/reports.test.tsx:1298:9)

    console.error
      Warning: An update to DashboardConfigurePage inside a test was not 
wrapped in act(...).
      
      When testing, code that causes React state updates should be wrapped 
into act(...):
      
      act(() => {
        /* fire events that update state */
      });
      /* assert on the output */
      
      This ensures that you're testing the behavior the user would see in the 
browser. Learn more at https://reactjs.org/link/wrap-tests-with-act
          at DashboardConfigurePage (C:\Users\samhe\OneDrive\Desktop\Cleaned\fr
ontend\src\reporting\DashboardConfigurePage\DashboardConfigurePage.tsx:107:29)
          at routeContext (C:\Users\samhe\OneDrive\Desktop\Cleaned\frontend\nod
e_modules\react-router\lib\hooks.tsx:658:26)
          at children (C:\Users\samhe\OneDrive\Desktop\Cleaned\frontend\node_mo
dules\react-router\lib\components.tsx:512:3)
          at basenameProp (C:\Users\samhe\OneDrive\Desktop\Cleaned\frontend\nod
e_modules\react-router\lib\components.tsx:421:13)
          at basename (C:\Users\samhe\OneDrive\Desktop\Cleaned\frontend\node_mo
dules\react-router\lib\components.tsx:225:3)

      452 |                                         type="text"
      453 |                                         value={draftWidget.title}
    > 454 |                                         onChange={(e) => 
setDraftWidget((prev) => prev ? { ...prev, title: e.target.value } : prev)}
          |                                                          ^
      455 |                                         className="border 
border-gray-300 rounded px-3 py-2 text-sm"
      456 |                                     />
      457 |                                 </div>

      at printWarning 
(node_modules/react-dom/cjs/react-dom.development.js:86:30)
      at error (node_modules/react-dom/cjs/react-dom.development.js:60:7)
      at warnIfUpdatesNotWrappedWithActDEV 
(node_modules/react-dom/cjs/react-dom.development.js:27628:9)
      at scheduleUpdateOnFiber 
(node_modules/react-dom/cjs/react-dom.development.js:25547:5)
      at dispatchSetState 
(node_modules/react-dom/cjs/react-dom.development.js:16708:7)
      at onChange 
(src/reporting/DashboardConfigurePage/DashboardConfigurePage.tsx:454:58)
      at HTMLUnknownElement.callCallback 
(node_modules/react-dom/cjs/react-dom.development.js:4164:14)
      at HTMLUnknownElement.callTheUserObjectsOperation 
(node_modules/jsdom/lib/jsdom/living/generated/EventListener.js:26:30)
      at innerInvokeEventListeners 
(node_modules/jsdom/lib/jsdom/living/events/EventTarget-impl.js:350:25)
      at invokeEventListeners 
(node_modules/jsdom/lib/jsdom/living/events/EventTarget-impl.js:286:3)
      at HTMLUnknownElementImpl._dispatch 
(node_modules/jsdom/lib/jsdom/living/events/EventTarget-impl.js:233:9)
      at HTMLUnknownElementImpl.dispatchEvent 
(node_modules/jsdom/lib/jsdom/living/events/EventTarget-impl.js:104:17)
      at HTMLUnknownElement.dispatchEvent 
(node_modules/jsdom/lib/jsdom/living/generated/EventTarget.js:241:34)
      at Object.invokeGuardedCallbackDev 
(node_modules/react-dom/cjs/react-dom.development.js:4213:16)
      at invokeGuardedCallback 
(node_modules/react-dom/cjs/react-dom.development.js:4277:31)
      at invokeGuardedCallbackAndCatchFirstError 
(node_modules/react-dom/cjs/react-dom.development.js:4291:25)
      at executeDispatch 
(node_modules/react-dom/cjs/react-dom.development.js:9041:3)
      at processDispatchQueueItemsInOrder 
(node_modules/react-dom/cjs/react-dom.development.js:9073:7)
      at processDispatchQueue 
(node_modules/react-dom/cjs/react-dom.development.js:9086:5)
      at dispatchEventsForPlugins 
(node_modules/react-dom/cjs/react-dom.development.js:9097:3)
      at node_modules/react-dom/cjs/react-dom.development.js:9288:12
      at batchedUpdates$1 
(node_modules/react-dom/cjs/react-dom.development.js:26179:12)
      at batchedUpdates 
(node_modules/react-dom/cjs/react-dom.development.js:3991:12)
      at dispatchEventForPluginEventSystem 
(node_modules/react-dom/cjs/react-dom.development.js:9287:3)
      at dispatchEventWithEnableCapturePhaseSelectiveHydrationWithoutDiscreteEv
entReplay (node_modules/react-dom/cjs/react-dom.development.js:6465:5)
      at dispatchEvent 
(node_modules/react-dom/cjs/react-dom.development.js:6457:5)
      at dispatchDiscreteEvent 
(node_modules/react-dom/cjs/react-dom.development.js:6430:5)
      at HTMLDivElement.callTheUserObjectsOperation 
(node_modules/jsdom/lib/jsdom/living/generated/EventListener.js:26:30)
      at innerInvokeEventListeners 
(node_modules/jsdom/lib/jsdom/living/events/EventTarget-impl.js:350:25)
      at invokeEventListeners 
(node_modules/jsdom/lib/jsdom/living/events/EventTarget-impl.js:286:3)
      at HTMLInputElementImpl._dispatch 
(node_modules/jsdom/lib/jsdom/living/events/EventTarget-impl.js:233:9)
      at HTMLInputElementImpl.dispatchEvent 
(node_modules/jsdom/lib/jsdom/living/events/EventTarget-impl.js:104:17)
      at HTMLInputElement.dispatchEvent 
(node_modules/jsdom/lib/jsdom/living/generated/EventTarget.js:241:34)
      at 
node_modules/@testing-library/user-event/dist/cjs/event/dispatchEvent.js:45:43
      at Object.eventWrapper 
(node_modules/@testing-library/dom/dist/config.js:25:23)
      at Object.wrapEvent 
(node_modules/@testing-library/user-event/dist/cjs/event/wrapEvent.js:6:28)
      at Object.dispatchEvent (node_modules/@testing-library/user-event/dist/cj
s/event/dispatchEvent.js:45:22)
      at Object.dispatchUIEvent (node_modules/@testing-library/user-event/dist/
cjs/event/dispatchEvent.js:22:26)
      at commitInput 
(node_modules/@testing-library/user-event/dist/cjs/event/input.js:145:14)
      at editInputElement 
(node_modules/@testing-library/user-event/dist/cjs/event/input.js:115:9)
      at Object.input 
(node_modules/@testing-library/user-event/dist/cjs/event/input.js:37:9)
      at node_modules/@testing-library/user-event/dist/cjs/event/behavior/keypr
ess.js:31:26
      at Object.dispatchEvent (node_modules/@testing-library/user-event/dist/cj
s/event/dispatchEvent.js:41:13)
      at Object.dispatchUIEvent (node_modules/@testing-library/user-event/dist/
cjs/event/dispatchEvent.js:22:26)
      at KeyboardHost.keydown 
(node_modules/@testing-library/user-event/dist/cjs/system/keyboard.js:76:22)
      at keyboardAction 
(node_modules/@testing-library/user-event/dist/cjs/keyboard/index.js:22:35)
      at Object.keyboard 
(node_modules/@testing-library/user-event/dist/cjs/keyboard/index.js:11:15)
      at Object.type 
(node_modules/@testing-library/user-event/dist/cjs/utility/type.js:17:5)
      at Object.<anonymous> (src/reporting/__tests__/reports.test.tsx:1299:9)

    console.error
      Warning: An update to DashboardConfigurePage inside a test was not 
wrapped in act(...).
      
      When testing, code that causes React state updates should be wrapped 
into act(...):
      
      act(() => {
        /* fire events that update state */
      });
      /* assert on the output */
      
      This ensures that you're testing the behavior the user would see in the 
browser. Learn more at https://reactjs.org/link/wrap-tests-with-act
          at DashboardConfigurePage (C:\Users\samhe\OneDrive\Desktop\Cleaned\fr
ontend\src\reporting\DashboardConfigurePage\DashboardConfigurePage.tsx:107:29)
          at routeContext (C:\Users\samhe\OneDrive\Desktop\Cleaned\frontend\nod
e_modules\react-router\lib\hooks.tsx:658:26)
          at children (C:\Users\samhe\OneDrive\Desktop\Cleaned\frontend\node_mo
dules\react-router\lib\components.tsx:512:3)
          at basenameProp (C:\Users\samhe\OneDrive\Desktop\Cleaned\frontend\nod
e_modules\react-router\lib\components.tsx:421:13)
          at basename (C:\Users\samhe\OneDrive\Desktop\Cleaned\frontend\node_mo
dules\react-router\lib\components.tsx:225:3)

      452 |                                         type="text"
      453 |                                         value={draftWidget.title}
    > 454 |                                         onChange={(e) => 
setDraftWidget((prev) => prev ? { ...prev, title: e.target.value } : prev)}
          |                                                          ^
      455 |                                         className="border 
border-gray-300 rounded px-3 py-2 text-sm"
      456 |                                     />
      457 |                                 </div>

      at printWarning 
(node_modules/react-dom/cjs/react-dom.development.js:86:30)
      at error (node_modules/react-dom/cjs/react-dom.development.js:60:7)
      at warnIfUpdatesNotWrappedWithActDEV 
(node_modules/react-dom/cjs/react-dom.development.js:27628:9)
      at scheduleUpdateOnFiber 
(node_modules/react-dom/cjs/react-dom.development.js:25547:5)
      at dispatchSetState 
(node_modules/react-dom/cjs/react-dom.development.js:16708:7)
      at onChange 
(src/reporting/DashboardConfigurePage/DashboardConfigurePage.tsx:454:58)
      at HTMLUnknownElement.callCallback 
(node_modules/react-dom/cjs/react-dom.development.js:4164:14)
      at HTMLUnknownElement.callTheUserObjectsOperation 
(node_modules/jsdom/lib/jsdom/living/generated/EventListener.js:26:30)
      at innerInvokeEventListeners 
(node_modules/jsdom/lib/jsdom/living/events/EventTarget-impl.js:350:25)
      at invokeEventListeners 
(node_modules/jsdom/lib/jsdom/living/events/EventTarget-impl.js:286:3)
      at HTMLUnknownElementImpl._dispatch 
(node_modules/jsdom/lib/jsdom/living/events/EventTarget-impl.js:233:9)
      at HTMLUnknownElementImpl.dispatchEvent 
(node_modules/jsdom/lib/jsdom/living/events/EventTarget-impl.js:104:17)
      at HTMLUnknownElement.dispatchEvent 
(node_modules/jsdom/lib/jsdom/living/generated/EventTarget.js:241:34)
      at Object.invokeGuardedCallbackDev 
(node_modules/react-dom/cjs/react-dom.development.js:4213:16)
      at invokeGuardedCallback 
(node_modules/react-dom/cjs/react-dom.development.js:4277:31)
      at invokeGuardedCallbackAndCatchFirstError 
(node_modules/react-dom/cjs/react-dom.development.js:4291:25)
      at executeDispatch 
(node_modules/react-dom/cjs/react-dom.development.js:9041:3)
      at processDispatchQueueItemsInOrder 
(node_modules/react-dom/cjs/react-dom.development.js:9073:7)
      at processDispatchQueue 
(node_modules/react-dom/cjs/react-dom.development.js:9086:5)
      at dispatchEventsForPlugins 
(node_modules/react-dom/cjs/react-dom.development.js:9097:3)
      at node_modules/react-dom/cjs/react-dom.development.js:9288:12
      at batchedUpdates$1 
(node_modules/react-dom/cjs/react-dom.development.js:26179:12)
      at batchedUpdates 
(node_modules/react-dom/cjs/react-dom.development.js:3991:12)
      at dispatchEventForPluginEventSystem 
(node_modules/react-dom/cjs/react-dom.development.js:9287:3)
      at dispatchEventWithEnableCapturePhaseSelectiveHydrationWithoutDiscreteEv
entReplay (node_modules/react-dom/cjs/react-dom.development.js:6465:5)
      at dispatchEvent 
(node_modules/react-dom/cjs/react-dom.development.js:6457:5)
      at dispatchDiscreteEvent 
(node_modules/react-dom/cjs/react-dom.development.js:6430:5)
      at HTMLDivElement.callTheUserObjectsOperation 
(node_modules/jsdom/lib/jsdom/living/generated/EventListener.js:26:30)
      at innerInvokeEventListeners 
(node_modules/jsdom/lib/jsdom/living/events/EventTarget-impl.js:350:25)
      at invokeEventListeners 
(node_modules/jsdom/lib/jsdom/living/events/EventTarget-impl.js:286:3)
      at HTMLInputElementImpl._dispatch 
(node_modules/jsdom/lib/jsdom/living/events/EventTarget-impl.js:233:9)
      at HTMLInputElementImpl.dispatchEvent 
(node_modules/jsdom/lib/jsdom/living/events/EventTarget-impl.js:104:17)
      at HTMLInputElement.dispatchEvent 
(node_modules/jsdom/lib/jsdom/living/generated/EventTarget.js:241:34)
      at 
node_modules/@testing-library/user-event/dist/cjs/event/dispatchEvent.js:45:43
      at Object.eventWrapper 
(node_modules/@testing-library/dom/dist/config.js:25:23)
      at Object.wrapEvent 
(node_modules/@testing-library/user-event/dist/cjs/event/wrapEvent.js:6:28)
      at Object.dispatchEvent (node_modules/@testing-library/user-event/dist/cj
s/event/dispatchEvent.js:45:22)
      at Object.dispatchUIEvent (node_modules/@testing-library/user-event/dist/
cjs/event/dispatchEvent.js:22:26)
      at commitInput 
(node_modules/@testing-library/user-event/dist/cjs/event/input.js:145:14)
      at editInputElement 
(node_modules/@testing-library/user-event/dist/cjs/event/input.js:115:9)
      at Object.input 
(node_modules/@testing-library/user-event/dist/cjs/event/input.js:37:9)
      at node_modules/@testing-library/user-event/dist/cjs/event/behavior/keypr
ess.js:31:26
      at Object.dispatchEvent (node_modules/@testing-library/user-event/dist/cj
s/event/dispatchEvent.js:41:13)
      at Object.dispatchUIEvent (node_modules/@testing-library/user-event/dist/
cjs/event/dispatchEvent.js:22:26)
      at KeyboardHost.keydown 
(node_modules/@testing-library/user-event/dist/cjs/system/keyboard.js:76:22)
      at keyboardAction 
(node_modules/@testing-library/user-event/dist/cjs/keyboard/index.js:22:35)
      at Object.keyboard 
(node_modules/@testing-library/user-event/dist/cjs/keyboard/index.js:11:15)
      at Object.type 
(node_modules/@testing-library/user-event/dist/cjs/utility/type.js:17:5)
      at Object.<anonymous> (src/reporting/__tests__/reports.test.tsx:1299:9)

    console.error
      Warning: An update to DashboardConfigurePage inside a test was not 
wrapped in act(...).
      
      When testing, code that causes React state updates should be wrapped 
into act(...):
      
      act(() => {
        /* fire events that update state */
      });
      /* assert on the output */
      
      This ensures that you're testing the behavior the user would see in the 
browser. Learn more at https://reactjs.org/link/wrap-tests-with-act
          at DashboardConfigurePage (C:\Users\samhe\OneDrive\Desktop\Cleaned\fr
ontend\src\reporting\DashboardConfigurePage\DashboardConfigurePage.tsx:107:29)
          at routeContext (C:\Users\samhe\OneDrive\Desktop\Cleaned\frontend\nod
e_modules\react-router\lib\hooks.tsx:658:26)
          at children (C:\Users\samhe\OneDrive\Desktop\Cleaned\frontend\node_mo
dules\react-router\lib\components.tsx:512:3)
          at basenameProp (C:\Users\samhe\OneDrive\Desktop\Cleaned\frontend\nod
e_modules\react-router\lib\components.tsx:421:13)
          at basename (C:\Users\samhe\OneDrive\Desktop\Cleaned\frontend\node_mo
dules\react-router\lib\components.tsx:225:3)

      452 |                                         type="text"
      453 |                                         value={draftWidget.title}
    > 454 |                                         onChange={(e) => 
setDraftWidget((prev) => prev ? { ...prev, title: e.target.value } : prev)}
          |                                                          ^
      455 |                                         className="border 
border-gray-300 rounded px-3 py-2 text-sm"
      456 |                                     />
      457 |                                 </div>

      at printWarning 
(node_modules/react-dom/cjs/react-dom.development.js:86:30)
      at error (node_modules/react-dom/cjs/react-dom.development.js:60:7)
      at warnIfUpdatesNotWrappedWithActDEV 
(node_modules/react-dom/cjs/react-dom.development.js:27628:9)
      at scheduleUpdateOnFiber 
(node_modules/react-dom/cjs/react-dom.development.js:25547:5)
      at dispatchSetState 
(node_modules/react-dom/cjs/react-dom.development.js:16708:7)
      at onChange 
(src/reporting/DashboardConfigurePage/DashboardConfigurePage.tsx:454:58)
      at HTMLUnknownElement.callCallback 
(node_modules/react-dom/cjs/react-dom.development.js:4164:14)
      at HTMLUnknownElement.callTheUserObjectsOperation 
(node_modules/jsdom/lib/jsdom/living/generated/EventListener.js:26:30)
      at innerInvokeEventListeners 
(node_modules/jsdom/lib/jsdom/living/events/EventTarget-impl.js:350:25)
      at invokeEventListeners 
(node_modules/jsdom/lib/jsdom/living/events/EventTarget-impl.js:286:3)
      at HTMLUnknownElementImpl._dispatch 
(node_modules/jsdom/lib/jsdom/living/events/EventTarget-impl.js:233:9)
      at HTMLUnknownElementImpl.dispatchEvent 
(node_modules/jsdom/lib/jsdom/living/events/EventTarget-impl.js:104:17)
      at HTMLUnknownElement.dispatchEvent 
(node_modules/jsdom/lib/jsdom/living/generated/EventTarget.js:241:34)
      at Object.invokeGuardedCallbackDev 
(node_modules/react-dom/cjs/react-dom.development.js:4213:16)
      at invokeGuardedCallback 
(node_modules/react-dom/cjs/react-dom.development.js:4277:31)
      at invokeGuardedCallbackAndCatchFirstError 
(node_modules/react-dom/cjs/react-dom.development.js:4291:25)
      at executeDispatch 
(node_modules/react-dom/cjs/react-dom.development.js:9041:3)
      at processDispatchQueueItemsInOrder 
(node_modules/react-dom/cjs/react-dom.development.js:9073:7)
      at processDispatchQueue 
(node_modules/react-dom/cjs/react-dom.development.js:9086:5)
      at dispatchEventsForPlugins 
(node_modules/react-dom/cjs/react-dom.development.js:9097:3)
      at node_modules/react-dom/cjs/react-dom.development.js:9288:12
      at batchedUpdates$1 
(node_modules/react-dom/cjs/react-dom.development.js:26179:12)
      at batchedUpdates 
(node_modules/react-dom/cjs/react-dom.development.js:3991:12)
      at dispatchEventForPluginEventSystem 
(node_modules/react-dom/cjs/react-dom.development.js:9287:3)
      at dispatchEventWithEnableCapturePhaseSelectiveHydrationWithoutDiscreteEv
entReplay (node_modules/react-dom/cjs/react-dom.development.js:6465:5)
      at dispatchEvent 
(node_modules/react-dom/cjs/react-dom.development.js:6457:5)
      at dispatchDiscreteEvent 
(node_modules/react-dom/cjs/react-dom.development.js:6430:5)
      at HTMLDivElement.callTheUserObjectsOperation 
(node_modules/jsdom/lib/jsdom/living/generated/EventListener.js:26:30)
      at innerInvokeEventListeners 
(node_modules/jsdom/lib/jsdom/living/events/EventTarget-impl.js:350:25)
      at invokeEventListeners 
(node_modules/jsdom/lib/jsdom/living/events/EventTarget-impl.js:286:3)
      at HTMLInputElementImpl._dispatch 
(node_modules/jsdom/lib/jsdom/living/events/EventTarget-impl.js:233:9)
      at HTMLInputElementImpl.dispatchEvent 
(node_modules/jsdom/lib/jsdom/living/events/EventTarget-impl.js:104:17)
      at HTMLInputElement.dispatchEvent 
(node_modules/jsdom/lib/jsdom/living/generated/EventTarget.js:241:34)
      at 
node_modules/@testing-library/user-event/dist/cjs/event/dispatchEvent.js:45:43
      at Object.eventWrapper 
(node_modules/@testing-library/dom/dist/config.js:25:23)
      at Object.wrapEvent 
(node_modules/@testing-library/user-event/dist/cjs/event/wrapEvent.js:6:28)
      at Object.dispatchEvent (node_modules/@testing-library/user-event/dist/cj
s/event/dispatchEvent.js:45:22)
      at Object.dispatchUIEvent (node_modules/@testing-library/user-event/dist/
cjs/event/dispatchEvent.js:22:26)
      at commitInput 
(node_modules/@testing-library/user-event/dist/cjs/event/input.js:145:14)
      at editInputElement 
(node_modules/@testing-library/user-event/dist/cjs/event/input.js:115:9)
      at Object.input 
(node_modules/@testing-library/user-event/dist/cjs/event/input.js:37:9)
      at node_modules/@testing-library/user-event/dist/cjs/event/behavior/keypr
ess.js:31:26
      at Object.dispatchEvent (node_modules/@testing-library/user-event/dist/cj
s/event/dispatchEvent.js:41:13)
      at Object.dispatchUIEvent (node_modules/@testing-library/user-event/dist/
cjs/event/dispatchEvent.js:22:26)
      at KeyboardHost.keydown 
(node_modules/@testing-library/user-event/dist/cjs/system/keyboard.js:76:22)
      at keyboardAction 
(node_modules/@testing-library/user-event/dist/cjs/keyboard/index.js:22:35)
      at Object.keyboard 
(node_modules/@testing-library/user-event/dist/cjs/keyboard/index.js:11:15)
      at Object.type 
(node_modules/@testing-library/user-event/dist/cjs/utility/type.js:17:5)
      at Object.<anonymous> (src/reporting/__tests__/reports.test.tsx:1299:9)

    console.error
      Warning: An update to DashboardConfigurePage inside a test was not 
wrapped in act(...).
      
      When testing, code that causes React state updates should be wrapped 
into act(...):
      
      act(() => {
        /* fire events that update state */
      });
      /* assert on the output */
      
      This ensures that you're testing the behavior the user would see in the 
browser. Learn more at https://reactjs.org/link/wrap-tests-with-act
          at DashboardConfigurePage (C:\Users\samhe\OneDrive\Desktop\Cleaned\fr
ontend\src\reporting\DashboardConfigurePage\DashboardConfigurePage.tsx:107:29)
          at routeContext (C:\Users\samhe\OneDrive\Desktop\Cleaned\frontend\nod
e_modules\react-router\lib\hooks.tsx:658:26)
          at children (C:\Users\samhe\OneDrive\Desktop\Cleaned\frontend\node_mo
dules\react-router\lib\components.tsx:512:3)
          at basenameProp (C:\Users\samhe\OneDrive\Desktop\Cleaned\frontend\nod
e_modules\react-router\lib\components.tsx:421:13)
          at basename (C:\Users\samhe\OneDrive\Desktop\Cleaned\frontend\node_mo
dules\react-router\lib\components.tsx:225:3)

      452 |                                         type="text"
      453 |                                         value={draftWidget.title}
    > 454 |                                         onChange={(e) => 
setDraftWidget((prev) => prev ? { ...prev, title: e.target.value } : prev)}
          |                                                          ^
      455 |                                         className="border 
border-gray-300 rounded px-3 py-2 text-sm"
      456 |                                     />
      457 |                                 </div>

      at printWarning 
(node_modules/react-dom/cjs/react-dom.development.js:86:30)
      at error (node_modules/react-dom/cjs/react-dom.development.js:60:7)
      at warnIfUpdatesNotWrappedWithActDEV 
(node_modules/react-dom/cjs/react-dom.development.js:27628:9)
      at scheduleUpdateOnFiber 
(node_modules/react-dom/cjs/react-dom.development.js:25547:5)
      at dispatchSetState 
(node_modules/react-dom/cjs/react-dom.development.js:16708:7)
      at onChange 
(src/reporting/DashboardConfigurePage/DashboardConfigurePage.tsx:454:58)
      at HTMLUnknownElement.callCallback 
(node_modules/react-dom/cjs/react-dom.development.js:4164:14)
      at HTMLUnknownElement.callTheUserObjectsOperation 
(node_modules/jsdom/lib/jsdom/living/generated/EventListener.js:26:30)
      at innerInvokeEventListeners 
(node_modules/jsdom/lib/jsdom/living/events/EventTarget-impl.js:350:25)
      at invokeEventListeners 
(node_modules/jsdom/lib/jsdom/living/events/EventTarget-impl.js:286:3)
      at HTMLUnknownElementImpl._dispatch 
(node_modules/jsdom/lib/jsdom/living/events/EventTarget-impl.js:233:9)
      at HTMLUnknownElementImpl.dispatchEvent 
(node_modules/jsdom/lib/jsdom/living/events/EventTarget-impl.js:104:17)
      at HTMLUnknownElement.dispatchEvent 
(node_modules/jsdom/lib/jsdom/living/generated/EventTarget.js:241:34)
      at Object.invokeGuardedCallbackDev 
(node_modules/react-dom/cjs/react-dom.development.js:4213:16)
      at invokeGuardedCallback 
(node_modules/react-dom/cjs/react-dom.development.js:4277:31)
      at invokeGuardedCallbackAndCatchFirstError 
(node_modules/react-dom/cjs/react-dom.development.js:4291:25)
      at executeDispatch 
(node_modules/react-dom/cjs/react-dom.development.js:9041:3)
      at processDispatchQueueItemsInOrder 
(node_modules/react-dom/cjs/react-dom.development.js:9073:7)
      at processDispatchQueue 
(node_modules/react-dom/cjs/react-dom.development.js:9086:5)
      at dispatchEventsForPlugins 
(node_modules/react-dom/cjs/react-dom.development.js:9097:3)
      at node_modules/react-dom/cjs/react-dom.development.js:9288:12
      at batchedUpdates$1 
(node_modules/react-dom/cjs/react-dom.development.js:26179:12)
      at batchedUpdates 
(node_modules/react-dom/cjs/react-dom.development.js:3991:12)
      at dispatchEventForPluginEventSystem 
(node_modules/react-dom/cjs/react-dom.development.js:9287:3)
      at dispatchEventWithEnableCapturePhaseSelectiveHydrationWithoutDiscreteEv
entReplay (node_modules/react-dom/cjs/react-dom.development.js:6465:5)
      at dispatchEvent 
(node_modules/react-dom/cjs/react-dom.development.js:6457:5)
      at dispatchDiscreteEvent 
(node_modules/react-dom/cjs/react-dom.development.js:6430:5)
      at HTMLDivElement.callTheUserObjectsOperation 
(node_modules/jsdom/lib/jsdom/living/generated/EventListener.js:26:30)
      at innerInvokeEventListeners 
(node_modules/jsdom/lib/jsdom/living/events/EventTarget-impl.js:350:25)
      at invokeEventListeners 
(node_modules/jsdom/lib/jsdom/living/events/EventTarget-impl.js:286:3)
      at HTMLInputElementImpl._dispatch 
(node_modules/jsdom/lib/jsdom/living/events/EventTarget-impl.js:233:9)
      at HTMLInputElementImpl.dispatchEvent 
(node_modules/jsdom/lib/jsdom/living/events/EventTarget-impl.js:104:17)
      at HTMLInputElement.dispatchEvent 
(node_modules/jsdom/lib/jsdom/living/generated/EventTarget.js:241:34)
      at 
node_modules/@testing-library/user-event/dist/cjs/event/dispatchEvent.js:45:43
      at Object.eventWrapper 
(node_modules/@testing-library/dom/dist/config.js:25:23)
      at Object.wrapEvent 
(node_modules/@testing-library/user-event/dist/cjs/event/wrapEvent.js:6:28)
      at Object.dispatchEvent (node_modules/@testing-library/user-event/dist/cj
s/event/dispatchEvent.js:45:22)
      at Object.dispatchUIEvent (node_modules/@testing-library/user-event/dist/
cjs/event/dispatchEvent.js:22:26)
      at commitInput 
(node_modules/@testing-library/user-event/dist/cjs/event/input.js:145:14)
      at editInputElement 
(node_modules/@testing-library/user-event/dist/cjs/event/input.js:115:9)
      at Object.input 
(node_modules/@testing-library/user-event/dist/cjs/event/input.js:37:9)
      at node_modules/@testing-library/user-event/dist/cjs/event/behavior/keypr
ess.js:31:26
      at Object.dispatchEvent (node_modules/@testing-library/user-event/dist/cj
s/event/dispatchEvent.js:41:13)
      at Object.dispatchUIEvent (node_modules/@testing-library/user-event/dist/
cjs/event/dispatchEvent.js:22:26)
      at KeyboardHost.keydown 
(node_modules/@testing-library/user-event/dist/cjs/system/keyboard.js:76:22)
      at keyboardAction 
(node_modules/@testing-library/user-event/dist/cjs/keyboard/index.js:22:35)
      at Object.keyboard 
(node_modules/@testing-library/user-event/dist/cjs/keyboard/index.js:11:15)
      at Object.type 
(node_modules/@testing-library/user-event/dist/cjs/utility/type.js:17:5)
      at Object.<anonymous> (src/reporting/__tests__/reports.test.tsx:1299:9)

    console.error
      Warning: An update to DashboardConfigurePage inside a test was not 
wrapped in act(...).
      
      When testing, code that causes React state updates should be wrapped 
into act(...):
      
      act(() => {
        /* fire events that update state */
      });
      /* assert on the output */
      
      This ensures that you're testing the behavior the user would see in the 
browser. Learn more at https://reactjs.org/link/wrap-tests-with-act
          at DashboardConfigurePage (C:\Users\samhe\OneDrive\Desktop\Cleaned\fr
ontend\src\reporting\DashboardConfigurePage\DashboardConfigurePage.tsx:107:29)
          at routeContext (C:\Users\samhe\OneDrive\Desktop\Cleaned\frontend\nod
e_modules\react-router\lib\hooks.tsx:658:26)
          at children (C:\Users\samhe\OneDrive\Desktop\Cleaned\frontend\node_mo
dules\react-router\lib\components.tsx:512:3)
          at basenameProp (C:\Users\samhe\OneDrive\Desktop\Cleaned\frontend\nod
e_modules\react-router\lib\components.tsx:421:13)
          at basename (C:\Users\samhe\OneDrive\Desktop\Cleaned\frontend\node_mo
dules\react-router\lib\components.tsx:225:3)

      452 |                                         type="text"
      453 |                                         value={draftWidget.title}
    > 454 |                                         onChange={(e) => 
setDraftWidget((prev) => prev ? { ...prev, title: e.target.value } : prev)}
          |                                                          ^
      455 |                                         className="border 
border-gray-300 rounded px-3 py-2 text-sm"
      456 |                                     />
      457 |                                 </div>

      at printWarning 
(node_modules/react-dom/cjs/react-dom.development.js:86:30)
      at error (node_modules/react-dom/cjs/react-dom.development.js:60:7)
      at warnIfUpdatesNotWrappedWithActDEV 
(node_modules/react-dom/cjs/react-dom.development.js:27628:9)
      at scheduleUpdateOnFiber 
(node_modules/react-dom/cjs/react-dom.development.js:25547:5)
      at dispatchSetState 
(node_modules/react-dom/cjs/react-dom.development.js:16708:7)
      at onChange 
(src/reporting/DashboardConfigurePage/DashboardConfigurePage.tsx:454:58)
      at HTMLUnknownElement.callCallback 
(node_modules/react-dom/cjs/react-dom.development.js:4164:14)
      at HTMLUnknownElement.callTheUserObjectsOperation 
(node_modules/jsdom/lib/jsdom/living/generated/EventListener.js:26:30)
      at innerInvokeEventListeners 
(node_modules/jsdom/lib/jsdom/living/events/EventTarget-impl.js:350:25)
      at invokeEventListeners 
(node_modules/jsdom/lib/jsdom/living/events/EventTarget-impl.js:286:3)
      at HTMLUnknownElementImpl._dispatch 
(node_modules/jsdom/lib/jsdom/living/events/EventTarget-impl.js:233:9)
      at HTMLUnknownElementImpl.dispatchEvent 
(node_modules/jsdom/lib/jsdom/living/events/EventTarget-impl.js:104:17)
      at HTMLUnknownElement.dispatchEvent 
(node_modules/jsdom/lib/jsdom/living/generated/EventTarget.js:241:34)
      at Object.invokeGuardedCallbackDev 
(node_modules/react-dom/cjs/react-dom.development.js:4213:16)
      at invokeGuardedCallback 
(node_modules/react-dom/cjs/react-dom.development.js:4277:31)
      at invokeGuardedCallbackAndCatchFirstError 
(node_modules/react-dom/cjs/react-dom.development.js:4291:25)
      at executeDispatch 
(node_modules/react-dom/cjs/react-dom.development.js:9041:3)
      at processDispatchQueueItemsInOrder 
(node_modules/react-dom/cjs/react-dom.development.js:9073:7)
      at processDispatchQueue 
(node_modules/react-dom/cjs/react-dom.development.js:9086:5)
      at dispatchEventsForPlugins 
(node_modules/react-dom/cjs/react-dom.development.js:9097:3)
      at node_modules/react-dom/cjs/react-dom.development.js:9288:12
      at batchedUpdates$1 
(node_modules/react-dom/cjs/react-dom.development.js:26179:12)
      at batchedUpdates 
(node_modules/react-dom/cjs/react-dom.development.js:3991:12)
      at dispatchEventForPluginEventSystem 
(node_modules/react-dom/cjs/react-dom.development.js:9287:3)
      at dispatchEventWithEnableCapturePhaseSelectiveHydrationWithoutDiscreteEv
entReplay (node_modules/react-dom/cjs/react-dom.development.js:6465:5)
      at dispatchEvent 
(node_modules/react-dom/cjs/react-dom.development.js:6457:5)
      at dispatchDiscreteEvent 
(node_modules/react-dom/cjs/react-dom.development.js:6430:5)
      at HTMLDivElement.callTheUserObjectsOperation 
(node_modules/jsdom/lib/jsdom/living/generated/EventListener.js:26:30)
      at innerInvokeEventListeners 
(node_modules/jsdom/lib/jsdom/living/events/EventTarget-impl.js:350:25)
      at invokeEventListeners 
(node_modules/jsdom/lib/jsdom/living/events/EventTarget-impl.js:286:3)
      at HTMLInputElementImpl._dispatch 
(node_modules/jsdom/lib/jsdom/living/events/EventTarget-impl.js:233:9)
      at HTMLInputElementImpl.dispatchEvent 
(node_modules/jsdom/lib/jsdom/living/events/EventTarget-impl.js:104:17)
      at HTMLInputElement.dispatchEvent 
(node_modules/jsdom/lib/jsdom/living/generated/EventTarget.js:241:34)
      at 
node_modules/@testing-library/user-event/dist/cjs/event/dispatchEvent.js:45:43
      at Object.eventWrapper 
(node_modules/@testing-library/dom/dist/config.js:25:23)
      at Object.wrapEvent 
(node_modules/@testing-library/user-event/dist/cjs/event/wrapEvent.js:6:28)
      at Object.dispatchEvent (node_modules/@testing-library/user-event/dist/cj
s/event/dispatchEvent.js:45:22)
      at Object.dispatchUIEvent (node_modules/@testing-library/user-event/dist/
cjs/event/dispatchEvent.js:22:26)
      at commitInput 
(node_modules/@testing-library/user-event/dist/cjs/event/input.js:145:14)
      at editInputElement 
(node_modules/@testing-library/user-event/dist/cjs/event/input.js:115:9)
      at Object.input 
(node_modules/@testing-library/user-event/dist/cjs/event/input.js:37:9)
      at node_modules/@testing-library/user-event/dist/cjs/event/behavior/keypr
ess.js:31:26
      at Object.dispatchEvent (node_modules/@testing-library/user-event/dist/cj
s/event/dispatchEvent.js:41:13)
      at Object.dispatchUIEvent (node_modules/@testing-library/user-event/dist/
cjs/event/dispatchEvent.js:22:26)
      at KeyboardHost.keydown 
(node_modules/@testing-library/user-event/dist/cjs/system/keyboard.js:76:22)
      at keyboardAction 
(node_modules/@testing-library/user-event/dist/cjs/keyboard/index.js:22:35)
      at Object.keyboard 
(node_modules/@testing-library/user-event/dist/cjs/keyboard/index.js:11:15)
      at Object.type 
(node_modules/@testing-library/user-event/dist/cjs/utility/type.js:17:5)
      at Object.<anonymous> (src/reporting/__tests__/reports.test.tsx:1299:9)

    console.error
      Warning: An update to DashboardConfigurePage inside a test was not 
wrapped in act(...).
      
      When testing, code that causes React state updates should be wrapped 
into act(...):
      
      act(() => {
        /* fire events that update state */
      });
      /* assert on the output */
      
      This ensures that you're testing the behavior the user would see in the 
browser. Learn more at https://reactjs.org/link/wrap-tests-with-act
          at DashboardConfigurePage (C:\Users\samhe\OneDrive\Desktop\Cleaned\fr
ontend\src\reporting\DashboardConfigurePage\DashboardConfigurePage.tsx:107:29)
          at routeContext (C:\Users\samhe\OneDrive\Desktop\Cleaned\frontend\nod
e_modules\react-router\lib\hooks.tsx:658:26)
          at children (C:\Users\samhe\OneDrive\Desktop\Cleaned\frontend\node_mo
dules\react-router\lib\components.tsx:512:3)
          at basenameProp (C:\Users\samhe\OneDrive\Desktop\Cleaned\frontend\nod
e_modules\react-router\lib\components.tsx:421:13)
          at basename (C:\Users\samhe\OneDrive\Desktop\Cleaned\frontend\node_mo
dules\react-router\lib\components.tsx:225:3)

      452 |                                         type="text"
      453 |                                         value={draftWidget.title}
    > 454 |                                         onChange={(e) => 
setDraftWidget((prev) => prev ? { ...prev, title: e.target.value } : prev)}
          |                                                          ^
      455 |                                         className="border 
border-gray-300 rounded px-3 py-2 text-sm"
      456 |                                     />
      457 |                                 </div>

      at printWarning 
(node_modules/react-dom/cjs/react-dom.development.js:86:30)
      at error (node_modules/react-dom/cjs/react-dom.development.js:60:7)
      at warnIfUpdatesNotWrappedWithActDEV 
(node_modules/react-dom/cjs/react-dom.development.js:27628:9)
      at scheduleUpdateOnFiber 
(node_modules/react-dom/cjs/react-dom.development.js:25547:5)
      at dispatchSetState 
(node_modules/react-dom/cjs/react-dom.development.js:16708:7)
      at onChange 
(src/reporting/DashboardConfigurePage/DashboardConfigurePage.tsx:454:58)
      at HTMLUnknownElement.callCallback 
(node_modules/react-dom/cjs/react-dom.development.js:4164:14)
      at HTMLUnknownElement.callTheUserObjectsOperation 
(node_modules/jsdom/lib/jsdom/living/generated/EventListener.js:26:30)
      at innerInvokeEventListeners 
(node_modules/jsdom/lib/jsdom/living/events/EventTarget-impl.js:350:25)
      at invokeEventListeners 
(node_modules/jsdom/lib/jsdom/living/events/EventTarget-impl.js:286:3)
      at HTMLUnknownElementImpl._dispatch 
(node_modules/jsdom/lib/jsdom/living/events/EventTarget-impl.js:233:9)
      at HTMLUnknownElementImpl.dispatchEvent 
(node_modules/jsdom/lib/jsdom/living/events/EventTarget-impl.js:104:17)
      at HTMLUnknownElement.dispatchEvent 
(node_modules/jsdom/lib/jsdom/living/generated/EventTarget.js:241:34)
      at Object.invokeGuardedCallbackDev 
(node_modules/react-dom/cjs/react-dom.development.js:4213:16)
      at invokeGuardedCallback 
(node_modules/react-dom/cjs/react-dom.development.js:4277:31)
      at invokeGuardedCallbackAndCatchFirstError 
(node_modules/react-dom/cjs/react-dom.development.js:4291:25)
      at executeDispatch 
(node_modules/react-dom/cjs/react-dom.development.js:9041:3)
      at processDispatchQueueItemsInOrder 
(node_modules/react-dom/cjs/react-dom.development.js:9073:7)
      at processDispatchQueue 
(node_modules/react-dom/cjs/react-dom.development.js:9086:5)
      at dispatchEventsForPlugins 
(node_modules/react-dom/cjs/react-dom.development.js:9097:3)
      at node_modules/react-dom/cjs/react-dom.development.js:9288:12
      at batchedUpdates$1 
(node_modules/react-dom/cjs/react-dom.development.js:26179:12)
      at batchedUpdates 
(node_modules/react-dom/cjs/react-dom.development.js:3991:12)
      at dispatchEventForPluginEventSystem 
(node_modules/react-dom/cjs/react-dom.development.js:9287:3)
      at dispatchEventWithEnableCapturePhaseSelectiveHydrationWithoutDiscreteEv
entReplay (node_modules/react-dom/cjs/react-dom.development.js:6465:5)
      at dispatchEvent 
(node_modules/react-dom/cjs/react-dom.development.js:6457:5)
      at dispatchDiscreteEvent 
(node_modules/react-dom/cjs/react-dom.development.js:6430:5)
      at HTMLDivElement.callTheUserObjectsOperation 
(node_modules/jsdom/lib/jsdom/living/generated/EventListener.js:26:30)
      at innerInvokeEventListeners 
(node_modules/jsdom/lib/jsdom/living/events/EventTarget-impl.js:350:25)
      at invokeEventListeners 
(node_modules/jsdom/lib/jsdom/living/events/EventTarget-impl.js:286:3)
      at HTMLInputElementImpl._dispatch 
(node_modules/jsdom/lib/jsdom/living/events/EventTarget-impl.js:233:9)
      at HTMLInputElementImpl.dispatchEvent 
(node_modules/jsdom/lib/jsdom/living/events/EventTarget-impl.js:104:17)
      at HTMLInputElement.dispatchEvent 
(node_modules/jsdom/lib/jsdom/living/generated/EventTarget.js:241:34)
      at 
node_modules/@testing-library/user-event/dist/cjs/event/dispatchEvent.js:45:43
      at Object.eventWrapper 
(node_modules/@testing-library/dom/dist/config.js:25:23)
      at Object.wrapEvent 
(node_modules/@testing-library/user-event/dist/cjs/event/wrapEvent.js:6:28)
      at Object.dispatchEvent (node_modules/@testing-library/user-event/dist/cj
s/event/dispatchEvent.js:45:22)
      at Object.dispatchUIEvent (node_modules/@testing-library/user-event/dist/
cjs/event/dispatchEvent.js:22:26)
      at commitInput 
(node_modules/@testing-library/user-event/dist/cjs/event/input.js:145:14)
      at editInputElement 
(node_modules/@testing-library/user-event/dist/cjs/event/input.js:115:9)
      at Object.input 
(node_modules/@testing-library/user-event/dist/cjs/event/input.js:37:9)
      at node_modules/@testing-library/user-event/dist/cjs/event/behavior/keypr
ess.js:31:26
      at Object.dispatchEvent (node_modules/@testing-library/user-event/dist/cj
s/event/dispatchEvent.js:41:13)
      at Object.dispatchUIEvent (node_modules/@testing-library/user-event/dist/
cjs/event/dispatchEvent.js:22:26)
      at KeyboardHost.keydown 
(node_modules/@testing-library/user-event/dist/cjs/system/keyboard.js:76:22)
      at keyboardAction 
(node_modules/@testing-library/user-event/dist/cjs/keyboard/index.js:22:35)
      at Object.keyboard 
(node_modules/@testing-library/user-event/dist/cjs/keyboard/index.js:11:15)
      at Object.type 
(node_modules/@testing-library/user-event/dist/cjs/utility/type.js:17:5)
      at Object.<anonymous> (src/reporting/__tests__/reports.test.tsx:1299:9)

    console.error
      Warning: An update to DashboardConfigurePage inside a test was not 
wrapped in act(...).
      
      When testing, code that causes React state updates should be wrapped 
into act(...):
      
      act(() => {
        /* fire events that update state */
      });
      /* assert on the output */
      
      This ensures that you're testing the behavior the user would see in the 
browser. Learn more at https://reactjs.org/link/wrap-tests-with-act
          at DashboardConfigurePage (C:\Users\samhe\OneDrive\Desktop\Cleaned\fr
ontend\src\reporting\DashboardConfigurePage\DashboardConfigurePage.tsx:107:29)
          at routeContext (C:\Users\samhe\OneDrive\Desktop\Cleaned\frontend\nod
e_modules\react-router\lib\hooks.tsx:658:26)
          at children (C:\Users\samhe\OneDrive\Desktop\Cleaned\frontend\node_mo
dules\react-router\lib\components.tsx:512:3)
          at basenameProp (C:\Users\samhe\OneDrive\Desktop\Cleaned\frontend\nod
e_modules\react-router\lib\components.tsx:421:13)
          at basename (C:\Users\samhe\OneDrive\Desktop\Cleaned\frontend\node_mo
dules\react-router\lib\components.tsx:225:3)

      452 |                                         type="text"
      453 |                                         value={draftWidget.title}
    > 454 |                                         onChange={(e) => 
setDraftWidget((prev) => prev ? { ...prev, title: e.target.value } : prev)}
          |                                                          ^
      455 |                                         className="border 
border-gray-300 rounded px-3 py-2 text-sm"
      456 |                                     />
      457 |                                 </div>

      at printWarning 
(node_modules/react-dom/cjs/react-dom.development.js:86:30)
      at error (node_modules/react-dom/cjs/react-dom.development.js:60:7)
      at warnIfUpdatesNotWrappedWithActDEV 
(node_modules/react-dom/cjs/react-dom.development.js:27628:9)
      at scheduleUpdateOnFiber 
(node_modules/react-dom/cjs/react-dom.development.js:25547:5)
      at dispatchSetState 
(node_modules/react-dom/cjs/react-dom.development.js:16708:7)
      at onChange 
(src/reporting/DashboardConfigurePage/DashboardConfigurePage.tsx:454:58)
      at HTMLUnknownElement.callCallback 
(node_modules/react-dom/cjs/react-dom.development.js:4164:14)
      at HTMLUnknownElement.callTheUserObjectsOperation 
(node_modules/jsdom/lib/jsdom/living/generated/EventListener.js:26:30)
      at innerInvokeEventListeners 
(node_modules/jsdom/lib/jsdom/living/events/EventTarget-impl.js:350:25)
      at invokeEventListeners 
(node_modules/jsdom/lib/jsdom/living/events/EventTarget-impl.js:286:3)
      at HTMLUnknownElementImpl._dispatch 
(node_modules/jsdom/lib/jsdom/living/events/EventTarget-impl.js:233:9)
      at HTMLUnknownElementImpl.dispatchEvent 
(node_modules/jsdom/lib/jsdom/living/events/EventTarget-impl.js:104:17)
      at HTMLUnknownElement.dispatchEvent 
(node_modules/jsdom/lib/jsdom/living/generated/EventTarget.js:241:34)
      at Object.invokeGuardedCallbackDev 
(node_modules/react-dom/cjs/react-dom.development.js:4213:16)
      at invokeGuardedCallback 
(node_modules/react-dom/cjs/react-dom.development.js:4277:31)
      at invokeGuardedCallbackAndCatchFirstError 
(node_modules/react-dom/cjs/react-dom.development.js:4291:25)
      at executeDispatch 
(node_modules/react-dom/cjs/react-dom.development.js:9041:3)
      at processDispatchQueueItemsInOrder 
(node_modules/react-dom/cjs/react-dom.development.js:9073:7)
      at processDispatchQueue 
(node_modules/react-dom/cjs/react-dom.development.js:9086:5)
      at dispatchEventsForPlugins 
(node_modules/react-dom/cjs/react-dom.development.js:9097:3)
      at node_modules/react-dom/cjs/react-dom.development.js:9288:12
      at batchedUpdates$1 
(node_modules/react-dom/cjs/react-dom.development.js:26179:12)
      at batchedUpdates 
(node_modules/react-dom/cjs/react-dom.development.js:3991:12)
      at dispatchEventForPluginEventSystem 
(node_modules/react-dom/cjs/react-dom.development.js:9287:3)
      at dispatchEventWithEnableCapturePhaseSelectiveHydrationWithoutDiscreteEv
entReplay (node_modules/react-dom/cjs/react-dom.development.js:6465:5)
      at dispatchEvent 
(node_modules/react-dom/cjs/react-dom.development.js:6457:5)
      at dispatchDiscreteEvent 
(node_modules/react-dom/cjs/react-dom.development.js:6430:5)
      at HTMLDivElement.callTheUserObjectsOperation 
(node_modules/jsdom/lib/jsdom/living/generated/EventListener.js:26:30)
      at innerInvokeEventListeners 
(node_modules/jsdom/lib/jsdom/living/events/EventTarget-impl.js:350:25)
      at invokeEventListeners 
(node_modules/jsdom/lib/jsdom/living/events/EventTarget-impl.js:286:3)
      at HTMLInputElementImpl._dispatch 
(node_modules/jsdom/lib/jsdom/living/events/EventTarget-impl.js:233:9)
      at HTMLInputElementImpl.dispatchEvent 
(node_modules/jsdom/lib/jsdom/living/events/EventTarget-impl.js:104:17)
      at HTMLInputElement.dispatchEvent 
(node_modules/jsdom/lib/jsdom/living/generated/EventTarget.js:241:34)
      at 
node_modules/@testing-library/user-event/dist/cjs/event/dispatchEvent.js:45:43
      at Object.eventWrapper 
(node_modules/@testing-library/dom/dist/config.js:25:23)
      at Object.wrapEvent 
(node_modules/@testing-library/user-event/dist/cjs/event/wrapEvent.js:6:28)
      at Object.dispatchEvent (node_modules/@testing-library/user-event/dist/cj
s/event/dispatchEvent.js:45:22)
      at Object.dispatchUIEvent (node_modules/@testing-library/user-event/dist/
cjs/event/dispatchEvent.js:22:26)
      at commitInput 
(node_modules/@testing-library/user-event/dist/cjs/event/input.js:145:14)
      at editInputElement 
(node_modules/@testing-library/user-event/dist/cjs/event/input.js:115:9)
      at Object.input 
(node_modules/@testing-library/user-event/dist/cjs/event/input.js:37:9)
      at node_modules/@testing-library/user-event/dist/cjs/event/behavior/keypr
ess.js:31:26
      at Object.dispatchEvent (node_modules/@testing-library/user-event/dist/cj
s/event/dispatchEvent.js:41:13)
      at Object.dispatchUIEvent (node_modules/@testing-library/user-event/dist/
cjs/event/dispatchEvent.js:22:26)
      at KeyboardHost.keydown 
(node_modules/@testing-library/user-event/dist/cjs/system/keyboard.js:76:22)
      at keyboardAction 
(node_modules/@testing-library/user-event/dist/cjs/keyboard/index.js:22:35)
      at Object.keyboard 
(node_modules/@testing-library/user-event/dist/cjs/keyboard/index.js:11:15)
      at Object.type 
(node_modules/@testing-library/user-event/dist/cjs/utility/type.js:17:5)
      at Object.<anonymous> (src/reporting/__tests__/reports.test.tsx:1299:9)

    console.error
      Warning: An update to DashboardConfigurePage inside a test was not 
wrapped in act(...).
      
      When testing, code that causes React state updates should be wrapped 
into act(...):
      
      act(() => {
        /* fire events that update state */
      });
      /* assert on the output */
      
      This ensures that you're testing the behavior the user would see in the 
browser. Learn more at https://reactjs.org/link/wrap-tests-with-act
          at DashboardConfigurePage (C:\Users\samhe\OneDrive\Desktop\Cleaned\fr
ontend\src\reporting\DashboardConfigurePage\DashboardConfigurePage.tsx:107:29)
          at routeContext (C:\Users\samhe\OneDrive\Desktop\Cleaned\frontend\nod
e_modules\react-router\lib\hooks.tsx:658:26)
          at children (C:\Users\samhe\OneDrive\Desktop\Cleaned\frontend\node_mo
dules\react-router\lib\components.tsx:512:3)
          at basenameProp (C:\Users\samhe\OneDrive\Desktop\Cleaned\frontend\nod
e_modules\react-router\lib\components.tsx:421:13)
          at basename (C:\Users\samhe\OneDrive\Desktop\Cleaned\frontend\node_mo
dules\react-router\lib\components.tsx:225:3)

      452 |                                         type="text"
      453 |                                         value={draftWidget.title}
    > 454 |                                         onChange={(e) => 
setDraftWidget((prev) => prev ? { ...prev, title: e.target.value } : prev)}
          |                                                          ^
      455 |                                         className="border 
border-gray-300 rounded px-3 py-2 text-sm"
      456 |                                     />
      457 |                                 </div>

      at printWarning 
(node_modules/react-dom/cjs/react-dom.development.js:86:30)
      at error (node_modules/react-dom/cjs/react-dom.development.js:60:7)
      at warnIfUpdatesNotWrappedWithActDEV 
(node_modules/react-dom/cjs/react-dom.development.js:27628:9)
      at scheduleUpdateOnFiber 
(node_modules/react-dom/cjs/react-dom.development.js:25547:5)
      at dispatchSetState 
(node_modules/react-dom/cjs/react-dom.development.js:16708:7)
      at onChange 
(src/reporting/DashboardConfigurePage/DashboardConfigurePage.tsx:454:58)
      at HTMLUnknownElement.callCallback 
(node_modules/react-dom/cjs/react-dom.development.js:4164:14)
      at HTMLUnknownElement.callTheUserObjectsOperation 
(node_modules/jsdom/lib/jsdom/living/generated/EventListener.js:26:30)
      at innerInvokeEventListeners 
(node_modules/jsdom/lib/jsdom/living/events/EventTarget-impl.js:350:25)
      at invokeEventListeners 
(node_modules/jsdom/lib/jsdom/living/events/EventTarget-impl.js:286:3)
      at HTMLUnknownElementImpl._dispatch 
(node_modules/jsdom/lib/jsdom/living/events/EventTarget-impl.js:233:9)
      at HTMLUnknownElementImpl.dispatchEvent 
(node_modules/jsdom/lib/jsdom/living/events/EventTarget-impl.js:104:17)
      at HTMLUnknownElement.dispatchEvent 
(node_modules/jsdom/lib/jsdom/living/generated/EventTarget.js:241:34)
      at Object.invokeGuardedCallbackDev 
(node_modules/react-dom/cjs/react-dom.development.js:4213:16)
      at invokeGuardedCallback 
(node_modules/react-dom/cjs/react-dom.development.js:4277:31)
      at invokeGuardedCallbackAndCatchFirstError 
(node_modules/react-dom/cjs/react-dom.development.js:4291:25)
      at executeDispatch 
(node_modules/react-dom/cjs/react-dom.development.js:9041:3)
      at processDispatchQueueItemsInOrder 
(node_modules/react-dom/cjs/react-dom.development.js:9073:7)
      at processDispatchQueue 
(node_modules/react-dom/cjs/react-dom.development.js:9086:5)
      at dispatchEventsForPlugins 
(node_modules/react-dom/cjs/react-dom.development.js:9097:3)
      at node_modules/react-dom/cjs/react-dom.development.js:9288:12
      at batchedUpdates$1 
(node_modules/react-dom/cjs/react-dom.development.js:26179:12)
      at batchedUpdates 
(node_modules/react-dom/cjs/react-dom.development.js:3991:12)
      at dispatchEventForPluginEventSystem 
(node_modules/react-dom/cjs/react-dom.development.js:9287:3)
      at dispatchEventWithEnableCapturePhaseSelectiveHydrationWithoutDiscreteEv
entReplay (node_modules/react-dom/cjs/react-dom.development.js:6465:5)
      at dispatchEvent 
(node_modules/react-dom/cjs/react-dom.development.js:6457:5)
      at dispatchDiscreteEvent 
(node_modules/react-dom/cjs/react-dom.development.js:6430:5)
      at HTMLDivElement.callTheUserObjectsOperation 
(node_modules/jsdom/lib/jsdom/living/generated/EventListener.js:26:30)
      at innerInvokeEventListeners 
(node_modules/jsdom/lib/jsdom/living/events/EventTarget-impl.js:350:25)
      at invokeEventListeners 
(node_modules/jsdom/lib/jsdom/living/events/EventTarget-impl.js:286:3)
      at HTMLInputElementImpl._dispatch 
(node_modules/jsdom/lib/jsdom/living/events/EventTarget-impl.js:233:9)
      at HTMLInputElementImpl.dispatchEvent 
(node_modules/jsdom/lib/jsdom/living/events/EventTarget-impl.js:104:17)
      at HTMLInputElement.dispatchEvent 
(node_modules/jsdom/lib/jsdom/living/generated/EventTarget.js:241:34)
      at 
node_modules/@testing-library/user-event/dist/cjs/event/dispatchEvent.js:45:43
      at Object.eventWrapper 
(node_modules/@testing-library/dom/dist/config.js:25:23)
      at Object.wrapEvent 
(node_modules/@testing-library/user-event/dist/cjs/event/wrapEvent.js:6:28)
      at Object.dispatchEvent (node_modules/@testing-library/user-event/dist/cj
s/event/dispatchEvent.js:45:22)
      at Object.dispatchUIEvent (node_modules/@testing-library/user-event/dist/
cjs/event/dispatchEvent.js:22:26)
      at commitInput 
(node_modules/@testing-library/user-event/dist/cjs/event/input.js:145:14)
      at editInputElement 
(node_modules/@testing-library/user-event/dist/cjs/event/input.js:115:9)
      at Object.input 
(node_modules/@testing-library/user-event/dist/cjs/event/input.js:37:9)
      at node_modules/@testing-library/user-event/dist/cjs/event/behavior/keypr
ess.js:31:26
      at Object.dispatchEvent (node_modules/@testing-library/user-event/dist/cj
s/event/dispatchEvent.js:41:13)
      at Object.dispatchUIEvent (node_modules/@testing-library/user-event/dist/
cjs/event/dispatchEvent.js:22:26)
      at KeyboardHost.keydown 
(node_modules/@testing-library/user-event/dist/cjs/system/keyboard.js:76:22)
      at keyboardAction 
(node_modules/@testing-library/user-event/dist/cjs/keyboard/index.js:22:35)
      at Object.keyboard 
(node_modules/@testing-library/user-event/dist/cjs/keyboard/index.js:11:15)
      at Object.type 
(node_modules/@testing-library/user-event/dist/cjs/utility/type.js:17:5)
      at Object.<anonymous> (src/reporting/__tests__/reports.test.tsx:1299:9)

    console.error
      Warning: An update to DashboardConfigurePage inside a test was not 
wrapped in act(...).
      
      When testing, code that causes React state updates should be wrapped 
into act(...):
      
      act(() => {
        /* fire events that update state */
      });
      /* assert on the output */
      
      This ensures that you're testing the behavior the user would see in the 
browser. Learn more at https://reactjs.org/link/wrap-tests-with-act
          at DashboardConfigurePage (C:\Users\samhe\OneDrive\Desktop\Cleaned\fr
ontend\src\reporting\DashboardConfigurePage\DashboardConfigurePage.tsx:107:29)
          at routeContext (C:\Users\samhe\OneDrive\Desktop\Cleaned\frontend\nod
e_modules\react-router\lib\hooks.tsx:658:26)
          at children (C:\Users\samhe\OneDrive\Desktop\Cleaned\frontend\node_mo
dules\react-router\lib\components.tsx:512:3)
          at basenameProp (C:\Users\samhe\OneDrive\Desktop\Cleaned\frontend\nod
e_modules\react-router\lib\components.tsx:421:13)
          at basename (C:\Users\samhe\OneDrive\Desktop\Cleaned\frontend\node_mo
dules\react-router\lib\components.tsx:225:3)

      452 |                                         type="text"
      453 |                                         value={draftWidget.title}
    > 454 |                                         onChange={(e) => 
setDraftWidget((prev) => prev ? { ...prev, title: e.target.value } : prev)}
          |                                                          ^
      455 |                                         className="border 
border-gray-300 rounded px-3 py-2 text-sm"
      456 |                                     />
      457 |                                 </div>

      at printWarning 
(node_modules/react-dom/cjs/react-dom.development.js:86:30)
      at error (node_modules/react-dom/cjs/react-dom.development.js:60:7)
      at warnIfUpdatesNotWrappedWithActDEV 
(node_modules/react-dom/cjs/react-dom.development.js:27628:9)
      at scheduleUpdateOnFiber 
(node_modules/react-dom/cjs/react-dom.development.js:25547:5)
      at dispatchSetState 
(node_modules/react-dom/cjs/react-dom.development.js:16708:7)
      at onChange 
(src/reporting/DashboardConfigurePage/DashboardConfigurePage.tsx:454:58)
      at HTMLUnknownElement.callCallback 
(node_modules/react-dom/cjs/react-dom.development.js:4164:14)
      at HTMLUnknownElement.callTheUserObjectsOperation 
(node_modules/jsdom/lib/jsdom/living/generated/EventListener.js:26:30)
      at innerInvokeEventListeners 
(node_modules/jsdom/lib/jsdom/living/events/EventTarget-impl.js:350:25)
      at invokeEventListeners 
(node_modules/jsdom/lib/jsdom/living/events/EventTarget-impl.js:286:3)
      at HTMLUnknownElementImpl._dispatch 
(node_modules/jsdom/lib/jsdom/living/events/EventTarget-impl.js:233:9)
      at HTMLUnknownElementImpl.dispatchEvent 
(node_modules/jsdom/lib/jsdom/living/events/EventTarget-impl.js:104:17)
      at HTMLUnknownElement.dispatchEvent 
(node_modules/jsdom/lib/jsdom/living/generated/EventTarget.js:241:34)
      at Object.invokeGuardedCallbackDev 
(node_modules/react-dom/cjs/react-dom.development.js:4213:16)
      at invokeGuardedCallback 
(node_modules/react-dom/cjs/react-dom.development.js:4277:31)
      at invokeGuardedCallbackAndCatchFirstError 
(node_modules/react-dom/cjs/react-dom.development.js:4291:25)
      at executeDispatch 
(node_modules/react-dom/cjs/react-dom.development.js:9041:3)
      at processDispatchQueueItemsInOrder 
(node_modules/react-dom/cjs/react-dom.development.js:9073:7)
      at processDispatchQueue 
(node_modules/react-dom/cjs/react-dom.development.js:9086:5)
      at dispatchEventsForPlugins 
(node_modules/react-dom/cjs/react-dom.development.js:9097:3)
      at node_modules/react-dom/cjs/react-dom.development.js:9288:12
      at batchedUpdates$1 
(node_modules/react-dom/cjs/react-dom.development.js:26179:12)
      at batchedUpdates 
(node_modules/react-dom/cjs/react-dom.development.js:3991:12)
      at dispatchEventForPluginEventSystem 
(node_modules/react-dom/cjs/react-dom.development.js:9287:3)
      at dispatchEventWithEnableCapturePhaseSelectiveHydrationWithoutDiscreteEv
entReplay (node_modules/react-dom/cjs/react-dom.development.js:6465:5)
      at dispatchEvent 
(node_modules/react-dom/cjs/react-dom.development.js:6457:5)
      at dispatchDiscreteEvent 
(node_modules/react-dom/cjs/react-dom.development.js:6430:5)
      at HTMLDivElement.callTheUserObjectsOperation 
(node_modules/jsdom/lib/jsdom/living/generated/EventListener.js:26:30)
      at innerInvokeEventListeners 
(node_modules/jsdom/lib/jsdom/living/events/EventTarget-impl.js:350:25)
      at invokeEventListeners 
(node_modules/jsdom/lib/jsdom/living/events/EventTarget-impl.js:286:3)
      at HTMLInputElementImpl._dispatch 
(node_modules/jsdom/lib/jsdom/living/events/EventTarget-impl.js:233:9)
      at HTMLInputElementImpl.dispatchEvent 
(node_modules/jsdom/lib/jsdom/living/events/EventTarget-impl.js:104:17)
      at HTMLInputElement.dispatchEvent 
(node_modules/jsdom/lib/jsdom/living/generated/EventTarget.js:241:34)
      at 
node_modules/@testing-library/user-event/dist/cjs/event/dispatchEvent.js:45:43
      at Object.eventWrapper 
(node_modules/@testing-library/dom/dist/config.js:25:23)
      at Object.wrapEvent 
(node_modules/@testing-library/user-event/dist/cjs/event/wrapEvent.js:6:28)
      at Object.dispatchEvent (node_modules/@testing-library/user-event/dist/cj
s/event/dispatchEvent.js:45:22)
      at Object.dispatchUIEvent (node_modules/@testing-library/user-event/dist/
cjs/event/dispatchEvent.js:22:26)
      at commitInput 
(node_modules/@testing-library/user-event/dist/cjs/event/input.js:145:14)
      at editInputElement 
(node_modules/@testing-library/user-event/dist/cjs/event/input.js:115:9)
      at Object.input 
(node_modules/@testing-library/user-event/dist/cjs/event/input.js:37:9)
      at node_modules/@testing-library/user-event/dist/cjs/event/behavior/keypr
ess.js:31:26
      at Object.dispatchEvent (node_modules/@testing-library/user-event/dist/cj
s/event/dispatchEvent.js:41:13)
      at Object.dispatchUIEvent (node_modules/@testing-library/user-event/dist/
cjs/event/dispatchEvent.js:22:26)
      at KeyboardHost.keydown 
(node_modules/@testing-library/user-event/dist/cjs/system/keyboard.js:76:22)
      at keyboardAction 
(node_modules/@testing-library/user-event/dist/cjs/keyboard/index.js:22:35)
      at Object.keyboard 
(node_modules/@testing-library/user-event/dist/cjs/keyboard/index.js:11:15)
      at Object.type 
(node_modules/@testing-library/user-event/dist/cjs/utility/type.js:17:5)
      at Object.<anonymous> (src/reporting/__tests__/reports.test.tsx:1299:9)

    console.error
      Warning: An update to DashboardConfigurePage inside a test was not 
wrapped in act(...).
      
      When testing, code that causes React state updates should be wrapped 
into act(...):
      
      act(() => {
        /* fire events that update state */
      });
      /* assert on the output */
      
      This ensures that you're testing the behavior the user would see in the 
browser. Learn more at https://reactjs.org/link/wrap-tests-with-act
          at DashboardConfigurePage (C:\Users\samhe\OneDrive\Desktop\Cleaned\fr
ontend\src\reporting\DashboardConfigurePage\DashboardConfigurePage.tsx:107:29)
          at routeContext (C:\Users\samhe\OneDrive\Desktop\Cleaned\frontend\nod
e_modules\react-router\lib\hooks.tsx:658:26)
          at children (C:\Users\samhe\OneDrive\Desktop\Cleaned\frontend\node_mo
dules\react-router\lib\components.tsx:512:3)
          at basenameProp (C:\Users\samhe\OneDrive\Desktop\Cleaned\frontend\nod
e_modules\react-router\lib\components.tsx:421:13)
          at basename (C:\Users\samhe\OneDrive\Desktop\Cleaned\frontend\node_mo
dules\react-router\lib\components.tsx:225:3)

      452 |                                         type="text"
      453 |                                         value={draftWidget.title}
    > 454 |                                         onChange={(e) => 
setDraftWidget((prev) => prev ? { ...prev, title: e.target.value } : prev)}
          |                                                          ^
      455 |                                         className="border 
border-gray-300 rounded px-3 py-2 text-sm"
      456 |                                     />
      457 |                                 </div>

      at printWarning 
(node_modules/react-dom/cjs/react-dom.development.js:86:30)
      at error (node_modules/react-dom/cjs/react-dom.development.js:60:7)
      at warnIfUpdatesNotWrappedWithActDEV 
(node_modules/react-dom/cjs/react-dom.development.js:27628:9)
      at scheduleUpdateOnFiber 
(node_modules/react-dom/cjs/react-dom.development.js:25547:5)
      at dispatchSetState 
(node_modules/react-dom/cjs/react-dom.development.js:16708:7)
      at onChange 
(src/reporting/DashboardConfigurePage/DashboardConfigurePage.tsx:454:58)
      at HTMLUnknownElement.callCallback 
(node_modules/react-dom/cjs/react-dom.development.js:4164:14)
      at HTMLUnknownElement.callTheUserObjectsOperation 
(node_modules/jsdom/lib/jsdom/living/generated/EventListener.js:26:30)
      at innerInvokeEventListeners 
(node_modules/jsdom/lib/jsdom/living/events/EventTarget-impl.js:350:25)
      at invokeEventListeners 
(node_modules/jsdom/lib/jsdom/living/events/EventTarget-impl.js:286:3)
      at HTMLUnknownElementImpl._dispatch 
(node_modules/jsdom/lib/jsdom/living/events/EventTarget-impl.js:233:9)
      at HTMLUnknownElementImpl.dispatchEvent 
(node_modules/jsdom/lib/jsdom/living/events/EventTarget-impl.js:104:17)
      at HTMLUnknownElement.dispatchEvent 
(node_modules/jsdom/lib/jsdom/living/generated/EventTarget.js:241:34)
      at Object.invokeGuardedCallbackDev 
(node_modules/react-dom/cjs/react-dom.development.js:4213:16)
      at invokeGuardedCallback 
(node_modules/react-dom/cjs/react-dom.development.js:4277:31)
      at invokeGuardedCallbackAndCatchFirstError 
(node_modules/react-dom/cjs/react-dom.development.js:4291:25)
      at executeDispatch 
(node_modules/react-dom/cjs/react-dom.development.js:9041:3)
      at processDispatchQueueItemsInOrder 
(node_modules/react-dom/cjs/react-dom.development.js:9073:7)
      at processDispatchQueue 
(node_modules/react-dom/cjs/react-dom.development.js:9086:5)
      at dispatchEventsForPlugins 
(node_modules/react-dom/cjs/react-dom.development.js:9097:3)
      at node_modules/react-dom/cjs/react-dom.development.js:9288:12
      at batchedUpdates$1 
(node_modules/react-dom/cjs/react-dom.development.js:26179:12)
      at batchedUpdates 
(node_modules/react-dom/cjs/react-dom.development.js:3991:12)
      at dispatchEventForPluginEventSystem 
(node_modules/react-dom/cjs/react-dom.development.js:9287:3)
      at dispatchEventWithEnableCapturePhaseSelectiveHydrationWithoutDiscreteEv
entReplay (node_modules/react-dom/cjs/react-dom.development.js:6465:5)
      at dispatchEvent 
(node_modules/react-dom/cjs/react-dom.development.js:6457:5)
      at dispatchDiscreteEvent 
(node_modules/react-dom/cjs/react-dom.development.js:6430:5)
      at HTMLDivElement.callTheUserObjectsOperation 
(node_modules/jsdom/lib/jsdom/living/generated/EventListener.js:26:30)
      at innerInvokeEventListeners 
(node_modules/jsdom/lib/jsdom/living/events/EventTarget-impl.js:350:25)
      at invokeEventListeners 
(node_modules/jsdom/lib/jsdom/living/events/EventTarget-impl.js:286:3)
      at HTMLInputElementImpl._dispatch 
(node_modules/jsdom/lib/jsdom/living/events/EventTarget-impl.js:233:9)
      at HTMLInputElementImpl.dispatchEvent 
(node_modules/jsdom/lib/jsdom/living/events/EventTarget-impl.js:104:17)
      at HTMLInputElement.dispatchEvent 
(node_modules/jsdom/lib/jsdom/living/generated/EventTarget.js:241:34)
      at 
node_modules/@testing-library/user-event/dist/cjs/event/dispatchEvent.js:45:43
      at Object.eventWrapper 
(node_modules/@testing-library/dom/dist/config.js:25:23)
      at Object.wrapEvent 
(node_modules/@testing-library/user-event/dist/cjs/event/wrapEvent.js:6:28)
      at Object.dispatchEvent (node_modules/@testing-library/user-event/dist/cj
s/event/dispatchEvent.js:45:22)
      at Object.dispatchUIEvent (node_modules/@testing-library/user-event/dist/
cjs/event/dispatchEvent.js:22:26)
      at commitInput 
(node_modules/@testing-library/user-event/dist/cjs/event/input.js:145:14)
      at editInputElement 
(node_modules/@testing-library/user-event/dist/cjs/event/input.js:115:9)
      at Object.input 
(node_modules/@testing-library/user-event/dist/cjs/event/input.js:37:9)
      at node_modules/@testing-library/user-event/dist/cjs/event/behavior/keypr
ess.js:31:26
      at Object.dispatchEvent (node_modules/@testing-library/user-event/dist/cj
s/event/dispatchEvent.js:41:13)
      at Object.dispatchUIEvent (node_modules/@testing-library/user-event/dist/
cjs/event/dispatchEvent.js:22:26)
      at KeyboardHost.keydown 
(node_modules/@testing-library/user-event/dist/cjs/system/keyboard.js:76:22)
      at keyboardAction 
(node_modules/@testing-library/user-event/dist/cjs/keyboard/index.js:22:35)
      at Object.keyboard 
(node_modules/@testing-library/user-event/dist/cjs/keyboard/index.js:11:15)
      at Object.type 
(node_modules/@testing-library/user-event/dist/cjs/utility/type.js:17:5)
      at Object.<anonymous> (src/reporting/__tests__/reports.test.tsx:1299:9)

    console.error
      Warning: An update to DashboardConfigurePage inside a test was not 
wrapped in act(...).
      
      When testing, code that causes React state updates should be wrapped 
into act(...):
      
      act(() => {
        /* fire events that update state */
      });
      /* assert on the output */
      
      This ensures that you're testing the behavior the user would see in the 
browser. Learn more at https://reactjs.org/link/wrap-tests-with-act
          at DashboardConfigurePage (C:\Users\samhe\OneDrive\Desktop\Cleaned\fr
ontend\src\reporting\DashboardConfigurePage\DashboardConfigurePage.tsx:107:29)
          at routeContext (C:\Users\samhe\OneDrive\Desktop\Cleaned\frontend\nod
e_modules\react-router\lib\hooks.tsx:658:26)
          at children (C:\Users\samhe\OneDrive\Desktop\Cleaned\frontend\node_mo
dules\react-router\lib\components.tsx:512:3)
          at basenameProp (C:\Users\samhe\OneDrive\Desktop\Cleaned\frontend\nod
e_modules\react-router\lib\components.tsx:421:13)
          at basename (C:\Users\samhe\OneDrive\Desktop\Cleaned\frontend\node_mo
dules\react-router\lib\components.tsx:225:3)

      452 |                                         type="text"
      453 |                                         value={draftWidget.title}
    > 454 |                                         onChange={(e) => 
setDraftWidget((prev) => prev ? { ...prev, title: e.target.value } : prev)}
          |                                                          ^
      455 |                                         className="border 
border-gray-300 rounded px-3 py-2 text-sm"
      456 |                                     />
      457 |                                 </div>

      at printWarning 
(node_modules/react-dom/cjs/react-dom.development.js:86:30)
      at error (node_modules/react-dom/cjs/react-dom.development.js:60:7)
      at warnIfUpdatesNotWrappedWithActDEV 
(node_modules/react-dom/cjs/react-dom.development.js:27628:9)
      at scheduleUpdateOnFiber 
(node_modules/react-dom/cjs/react-dom.development.js:25547:5)
      at dispatchSetState 
(node_modules/react-dom/cjs/react-dom.development.js:16708:7)
      at onChange 
(src/reporting/DashboardConfigurePage/DashboardConfigurePage.tsx:454:58)
      at HTMLUnknownElement.callCallback 
(node_modules/react-dom/cjs/react-dom.development.js:4164:14)
      at HTMLUnknownElement.callTheUserObjectsOperation 
(node_modules/jsdom/lib/jsdom/living/generated/EventListener.js:26:30)
      at innerInvokeEventListeners 
(node_modules/jsdom/lib/jsdom/living/events/EventTarget-impl.js:350:25)
      at invokeEventListeners 
(node_modules/jsdom/lib/jsdom/living/events/EventTarget-impl.js:286:3)
      at HTMLUnknownElementImpl._dispatch 
(node_modules/jsdom/lib/jsdom/living/events/EventTarget-impl.js:233:9)
      at HTMLUnknownElementImpl.dispatchEvent 
(node_modules/jsdom/lib/jsdom/living/events/EventTarget-impl.js:104:17)
      at HTMLUnknownElement.dispatchEvent 
(node_modules/jsdom/lib/jsdom/living/generated/EventTarget.js:241:34)
      at Object.invokeGuardedCallbackDev 
(node_modules/react-dom/cjs/react-dom.development.js:4213:16)
      at invokeGuardedCallback 
(node_modules/react-dom/cjs/react-dom.development.js:4277:31)
      at invokeGuardedCallbackAndCatchFirstError 
(node_modules/react-dom/cjs/react-dom.development.js:4291:25)
      at executeDispatch 
(node_modules/react-dom/cjs/react-dom.development.js:9041:3)
      at processDispatchQueueItemsInOrder 
(node_modules/react-dom/cjs/react-dom.development.js:9073:7)
      at processDispatchQueue 
(node_modules/react-dom/cjs/react-dom.development.js:9086:5)
      at dispatchEventsForPlugins 
(node_modules/react-dom/cjs/react-dom.development.js:9097:3)
      at node_modules/react-dom/cjs/react-dom.development.js:9288:12
      at batchedUpdates$1 
(node_modules/react-dom/cjs/react-dom.development.js:26179:12)
      at batchedUpdates 
(node_modules/react-dom/cjs/react-dom.development.js:3991:12)
      at dispatchEventForPluginEventSystem 
(node_modules/react-dom/cjs/react-dom.development.js:9287:3)
      at dispatchEventWithEnableCapturePhaseSelectiveHydrationWithoutDiscreteEv
entReplay (node_modules/react-dom/cjs/react-dom.development.js:6465:5)
      at dispatchEvent 
(node_modules/react-dom/cjs/react-dom.development.js:6457:5)
      at dispatchDiscreteEvent 
(node_modules/react-dom/cjs/react-dom.development.js:6430:5)
      at HTMLDivElement.callTheUserObjectsOperation 
(node_modules/jsdom/lib/jsdom/living/generated/EventListener.js:26:30)
      at innerInvokeEventListeners 
(node_modules/jsdom/lib/jsdom/living/events/EventTarget-impl.js:350:25)
      at invokeEventListeners 
(node_modules/jsdom/lib/jsdom/living/events/EventTarget-impl.js:286:3)
      at HTMLInputElementImpl._dispatch 
(node_modules/jsdom/lib/jsdom/living/events/EventTarget-impl.js:233:9)
      at HTMLInputElementImpl.dispatchEvent 
(node_modules/jsdom/lib/jsdom/living/events/EventTarget-impl.js:104:17)
      at HTMLInputElement.dispatchEvent 
(node_modules/jsdom/lib/jsdom/living/generated/EventTarget.js:241:34)
      at 
node_modules/@testing-library/user-event/dist/cjs/event/dispatchEvent.js:45:43
      at Object.eventWrapper 
(node_modules/@testing-library/dom/dist/config.js:25:23)
      at Object.wrapEvent 
(node_modules/@testing-library/user-event/dist/cjs/event/wrapEvent.js:6:28)
      at Object.dispatchEvent (node_modules/@testing-library/user-event/dist/cj
s/event/dispatchEvent.js:45:22)
      at Object.dispatchUIEvent (node_modules/@testing-library/user-event/dist/
cjs/event/dispatchEvent.js:22:26)
      at commitInput 
(node_modules/@testing-library/user-event/dist/cjs/event/input.js:145:14)
      at editInputElement 
(node_modules/@testing-library/user-event/dist/cjs/event/input.js:115:9)
      at Object.input 
(node_modules/@testing-library/user-event/dist/cjs/event/input.js:37:9)
      at node_modules/@testing-library/user-event/dist/cjs/event/behavior/keypr
ess.js:31:26
      at Object.dispatchEvent (node_modules/@testing-library/user-event/dist/cj
s/event/dispatchEvent.js:41:13)
      at Object.dispatchUIEvent (node_modules/@testing-library/user-event/dist/
cjs/event/dispatchEvent.js:22:26)
      at KeyboardHost.keydown 
(node_modules/@testing-library/user-event/dist/cjs/system/keyboard.js:76:22)
      at keyboardAction 
(node_modules/@testing-library/user-event/dist/cjs/keyboard/index.js:22:35)
      at Object.keyboard 
(node_modules/@testing-library/user-event/dist/cjs/keyboard/index.js:11:15)
      at Object.type 
(node_modules/@testing-library/user-event/dist/cjs/utility/type.js:17:5)
      at Object.<anonymous> (src/reporting/__tests__/reports.test.tsx:1299:9)

    console.error
      Warning: An update to DashboardConfigurePage inside a test was not 
wrapped in act(...).
      
      When testing, code that causes React state updates should be wrapped 
into act(...):
      
      act(() => {
        /* fire events that update state */
      });
      /* assert on the output */
      
      This ensures that you're testing the behavior the user would see in the 
browser. Learn more at https://reactjs.org/link/wrap-tests-with-act
          at DashboardConfigurePage (C:\Users\samhe\OneDrive\Desktop\Cleaned\fr
ontend\src\reporting\DashboardConfigurePage\DashboardConfigurePage.tsx:107:29)
          at routeContext (C:\Users\samhe\OneDrive\Desktop\Cleaned\frontend\nod
e_modules\react-router\lib\hooks.tsx:658:26)
          at children (C:\Users\samhe\OneDrive\Desktop\Cleaned\frontend\node_mo
dules\react-router\lib\components.tsx:512:3)
          at basenameProp (C:\Users\samhe\OneDrive\Desktop\Cleaned\frontend\nod
e_modules\react-router\lib\components.tsx:421:13)
          at basename (C:\Users\samhe\OneDrive\Desktop\Cleaned\frontend\node_mo
dules\react-router\lib\components.tsx:225:3)

      452 |                                         type="text"
      453 |                                         value={draftWidget.title}
    > 454 |                                         onChange={(e) => 
setDraftWidget((prev) => prev ? { ...prev, title: e.target.value } : prev)}
          |                                                          ^
      455 |                                         className="border 
border-gray-300 rounded px-3 py-2 text-sm"
      456 |                                     />
      457 |                                 </div>

      at printWarning 
(node_modules/react-dom/cjs/react-dom.development.js:86:30)
      at error (node_modules/react-dom/cjs/react-dom.development.js:60:7)
      at warnIfUpdatesNotWrappedWithActDEV 
(node_modules/react-dom/cjs/react-dom.development.js:27628:9)
      at scheduleUpdateOnFiber 
(node_modules/react-dom/cjs/react-dom.development.js:25547:5)
      at dispatchSetState 
(node_modules/react-dom/cjs/react-dom.development.js:16708:7)
      at onChange 
(src/reporting/DashboardConfigurePage/DashboardConfigurePage.tsx:454:58)
      at HTMLUnknownElement.callCallback 
(node_modules/react-dom/cjs/react-dom.development.js:4164:14)
      at HTMLUnknownElement.callTheUserObjectsOperation 
(node_modules/jsdom/lib/jsdom/living/generated/EventListener.js:26:30)
      at innerInvokeEventListeners 
(node_modules/jsdom/lib/jsdom/living/events/EventTarget-impl.js:350:25)
      at invokeEventListeners 
(node_modules/jsdom/lib/jsdom/living/events/EventTarget-impl.js:286:3)
      at HTMLUnknownElementImpl._dispatch 
(node_modules/jsdom/lib/jsdom/living/events/EventTarget-impl.js:233:9)
      at HTMLUnknownElementImpl.dispatchEvent 
(node_modules/jsdom/lib/jsdom/living/events/EventTarget-impl.js:104:17)
      at HTMLUnknownElement.dispatchEvent 
(node_modules/jsdom/lib/jsdom/living/generated/EventTarget.js:241:34)
      at Object.invokeGuardedCallbackDev 
(node_modules/react-dom/cjs/react-dom.development.js:4213:16)
      at invokeGuardedCallback 
(node_modules/react-dom/cjs/react-dom.development.js:4277:31)
      at invokeGuardedCallbackAndCatchFirstError 
(node_modules/react-dom/cjs/react-dom.development.js:4291:25)
      at executeDispatch 
(node_modules/react-dom/cjs/react-dom.development.js:9041:3)
      at processDispatchQueueItemsInOrder 
(node_modules/react-dom/cjs/react-dom.development.js:9073:7)
      at processDispatchQueue 
(node_modules/react-dom/cjs/react-dom.development.js:9086:5)
      at dispatchEventsForPlugins 
(node_modules/react-dom/cjs/react-dom.development.js:9097:3)
      at node_modules/react-dom/cjs/react-dom.development.js:9288:12
      at batchedUpdates$1 
(node_modules/react-dom/cjs/react-dom.development.js:26179:12)
      at batchedUpdates 
(node_modules/react-dom/cjs/react-dom.development.js:3991:12)
      at dispatchEventForPluginEventSystem 
(node_modules/react-dom/cjs/react-dom.development.js:9287:3)
      at dispatchEventWithEnableCapturePhaseSelectiveHydrationWithoutDiscreteEv
entReplay (node_modules/react-dom/cjs/react-dom.development.js:6465:5)
      at dispatchEvent 
(node_modules/react-dom/cjs/react-dom.development.js:6457:5)
      at dispatchDiscreteEvent 
(node_modules/react-dom/cjs/react-dom.development.js:6430:5)
      at HTMLDivElement.callTheUserObjectsOperation 
(node_modules/jsdom/lib/jsdom/living/generated/EventListener.js:26:30)
      at innerInvokeEventListeners 
(node_modules/jsdom/lib/jsdom/living/events/EventTarget-impl.js:350:25)
      at invokeEventListeners 
(node_modules/jsdom/lib/jsdom/living/events/EventTarget-impl.js:286:3)
      at HTMLInputElementImpl._dispatch 
(node_modules/jsdom/lib/jsdom/living/events/EventTarget-impl.js:233:9)
      at HTMLInputElementImpl.dispatchEvent 
(node_modules/jsdom/lib/jsdom/living/events/EventTarget-impl.js:104:17)
      at HTMLInputElement.dispatchEvent 
(node_modules/jsdom/lib/jsdom/living/generated/EventTarget.js:241:34)
      at 
node_modules/@testing-library/user-event/dist/cjs/event/dispatchEvent.js:45:43
      at Object.eventWrapper 
(node_modules/@testing-library/dom/dist/config.js:25:23)
      at Object.wrapEvent 
(node_modules/@testing-library/user-event/dist/cjs/event/wrapEvent.js:6:28)
      at Object.dispatchEvent (node_modules/@testing-library/user-event/dist/cj
s/event/dispatchEvent.js:45:22)
      at Object.dispatchUIEvent (node_modules/@testing-library/user-event/dist/
cjs/event/dispatchEvent.js:22:26)
      at commitInput 
(node_modules/@testing-library/user-event/dist/cjs/event/input.js:145:14)
      at editInputElement 
(node_modules/@testing-library/user-event/dist/cjs/event/input.js:115:9)
      at Object.input 
(node_modules/@testing-library/user-event/dist/cjs/event/input.js:37:9)
      at node_modules/@testing-library/user-event/dist/cjs/event/behavior/keypr
ess.js:31:26
      at Object.dispatchEvent (node_modules/@testing-library/user-event/dist/cj
s/event/dispatchEvent.js:41:13)
      at Object.dispatchUIEvent (node_modules/@testing-library/user-event/dist/
cjs/event/dispatchEvent.js:22:26)
      at KeyboardHost.keydown 
(node_modules/@testing-library/user-event/dist/cjs/system/keyboard.js:76:22)
      at keyboardAction 
(node_modules/@testing-library/user-event/dist/cjs/keyboard/index.js:22:35)
      at Object.keyboard 
(node_modules/@testing-library/user-event/dist/cjs/keyboard/index.js:11:15)
      at Object.type 
(node_modules/@testing-library/user-event/dist/cjs/utility/type.js:17:5)
      at Object.<anonymous> (src/reporting/__tests__/reports.test.tsx:1299:9)

    console.error
      Warning: An update to DashboardConfigurePage inside a test was not 
wrapped in act(...).
      
      When testing, code that causes React state updates should be wrapped 
into act(...):
      
      act(() => {
        /* fire events that update state */
      });
      /* assert on the output */
      
      This ensures that you're testing the behavior the user would see in the 
browser. Learn more at https://reactjs.org/link/wrap-tests-with-act
          at DashboardConfigurePage (C:\Users\samhe\OneDrive\Desktop\Cleaned\fr
ontend\src\reporting\DashboardConfigurePage\DashboardConfigurePage.tsx:107:29)
          at routeContext (C:\Users\samhe\OneDrive\Desktop\Cleaned\frontend\nod
e_modules\react-router\lib\hooks.tsx:658:26)
          at children (C:\Users\samhe\OneDrive\Desktop\Cleaned\frontend\node_mo
dules\react-router\lib\components.tsx:512:3)
          at basenameProp (C:\Users\samhe\OneDrive\Desktop\Cleaned\frontend\nod
e_modules\react-router\lib\components.tsx:421:13)
          at basename (C:\Users\samhe\OneDrive\Desktop\Cleaned\frontend\node_mo
dules\react-router\lib\components.tsx:225:3)

      452 |                                         type="text"
      453 |                                         value={draftWidget.title}
    > 454 |                                         onChange={(e) => 
setDraftWidget((prev) => prev ? { ...prev, title: e.target.value } : prev)}
          |                                                          ^
      455 |                                         className="border 
border-gray-300 rounded px-3 py-2 text-sm"
      456 |                                     />
      457 |                                 </div>

      at printWarning 
(node_modules/react-dom/cjs/react-dom.development.js:86:30)
      at error (node_modules/react-dom/cjs/react-dom.development.js:60:7)
      at warnIfUpdatesNotWrappedWithActDEV 
(node_modules/react-dom/cjs/react-dom.development.js:27628:9)
      at scheduleUpdateOnFiber 
(node_modules/react-dom/cjs/react-dom.development.js:25547:5)
      at dispatchSetState 
(node_modules/react-dom/cjs/react-dom.development.js:16708:7)
      at onChange 
(src/reporting/DashboardConfigurePage/DashboardConfigurePage.tsx:454:58)
      at HTMLUnknownElement.callCallback 
(node_modules/react-dom/cjs/react-dom.development.js:4164:14)
      at HTMLUnknownElement.callTheUserObjectsOperation 
(node_modules/jsdom/lib/jsdom/living/generated/EventListener.js:26:30)
      at innerInvokeEventListeners 
(node_modules/jsdom/lib/jsdom/living/events/EventTarget-impl.js:350:25)
      at invokeEventListeners 
(node_modules/jsdom/lib/jsdom/living/events/EventTarget-impl.js:286:3)
      at HTMLUnknownElementImpl._dispatch 
(node_modules/jsdom/lib/jsdom/living/events/EventTarget-impl.js:233:9)
      at HTMLUnknownElementImpl.dispatchEvent 
(node_modules/jsdom/lib/jsdom/living/events/EventTarget-impl.js:104:17)
      at HTMLUnknownElement.dispatchEvent 
(node_modules/jsdom/lib/jsdom/living/generated/EventTarget.js:241:34)
      at Object.invokeGuardedCallbackDev 
(node_modules/react-dom/cjs/react-dom.development.js:4213:16)
      at invokeGuardedCallback 
(node_modules/react-dom/cjs/react-dom.development.js:4277:31)
      at invokeGuardedCallbackAndCatchFirstError 
(node_modules/react-dom/cjs/react-dom.development.js:4291:25)
      at executeDispatch 
(node_modules/react-dom/cjs/react-dom.development.js:9041:3)
      at processDispatchQueueItemsInOrder 
(node_modules/react-dom/cjs/react-dom.development.js:9073:7)
      at processDispatchQueue 
(node_modules/react-dom/cjs/react-dom.development.js:9086:5)
      at dispatchEventsForPlugins 
(node_modules/react-dom/cjs/react-dom.development.js:9097:3)
      at node_modules/react-dom/cjs/react-dom.development.js:9288:12
      at batchedUpdates$1 
(node_modules/react-dom/cjs/react-dom.development.js:26179:12)
      at batchedUpdates 
(node_modules/react-dom/cjs/react-dom.development.js:3991:12)
      at dispatchEventForPluginEventSystem 
(node_modules/react-dom/cjs/react-dom.development.js:9287:3)
      at dispatchEventWithEnableCapturePhaseSelectiveHydrationWithoutDiscreteEv
entReplay (node_modules/react-dom/cjs/react-dom.development.js:6465:5)
      at dispatchEvent 
(node_modules/react-dom/cjs/react-dom.development.js:6457:5)
      at dispatchDiscreteEvent 
(node_modules/react-dom/cjs/react-dom.development.js:6430:5)
      at HTMLDivElement.callTheUserObjectsOperation 
(node_modules/jsdom/lib/jsdom/living/generated/EventListener.js:26:30)
      at innerInvokeEventListeners 
(node_modules/jsdom/lib/jsdom/living/events/EventTarget-impl.js:350:25)
      at invokeEventListeners 
(node_modules/jsdom/lib/jsdom/living/events/EventTarget-impl.js:286:3)
      at HTMLInputElementImpl._dispatch 
(node_modules/jsdom/lib/jsdom/living/events/EventTarget-impl.js:233:9)
      at HTMLInputElementImpl.dispatchEvent 
(node_modules/jsdom/lib/jsdom/living/events/EventTarget-impl.js:104:17)
      at HTMLInputElement.dispatchEvent 
(node_modules/jsdom/lib/jsdom/living/generated/EventTarget.js:241:34)
      at 
node_modules/@testing-library/user-event/dist/cjs/event/dispatchEvent.js:45:43
      at Object.eventWrapper 
(node_modules/@testing-library/dom/dist/config.js:25:23)
      at Object.wrapEvent 
(node_modules/@testing-library/user-event/dist/cjs/event/wrapEvent.js:6:28)
      at Object.dispatchEvent (node_modules/@testing-library/user-event/dist/cj
s/event/dispatchEvent.js:45:22)
      at Object.dispatchUIEvent (node_modules/@testing-library/user-event/dist/
cjs/event/dispatchEvent.js:22:26)
      at commitInput 
(node_modules/@testing-library/user-event/dist/cjs/event/input.js:145:14)
      at editInputElement 
(node_modules/@testing-library/user-event/dist/cjs/event/input.js:115:9)
      at Object.input 
(node_modules/@testing-library/user-event/dist/cjs/event/input.js:37:9)
      at node_modules/@testing-library/user-event/dist/cjs/event/behavior/keypr
ess.js:31:26
      at Object.dispatchEvent (node_modules/@testing-library/user-event/dist/cj
s/event/dispatchEvent.js:41:13)
      at Object.dispatchUIEvent (node_modules/@testing-library/user-event/dist/
cjs/event/dispatchEvent.js:22:26)
      at KeyboardHost.keydown 
(node_modules/@testing-library/user-event/dist/cjs/system/keyboard.js:76:22)
      at keyboardAction 
(node_modules/@testing-library/user-event/dist/cjs/keyboard/index.js:22:35)
      at Object.keyboard 
(node_modules/@testing-library/user-event/dist/cjs/keyboard/index.js:11:15)
      at Object.type 
(node_modules/@testing-library/user-event/dist/cjs/utility/type.js:17:5)
      at Object.<anonymous> (src/reporting/__tests__/reports.test.tsx:1299:9)

    console.error
      Warning: An update to DashboardConfigurePage inside a test was not 
wrapped in act(...).
      
      When testing, code that causes React state updates should be wrapped 
into act(...):
      
      act(() => {
        /* fire events that update state */
      });
      /* assert on the output */
      
      This ensures that you're testing the behavior the user would see in the 
browser. Learn more at https://reactjs.org/link/wrap-tests-with-act
          at DashboardConfigurePage (C:\Users\samhe\OneDrive\Desktop\Cleaned\fr
ontend\src\reporting\DashboardConfigurePage\DashboardConfigurePage.tsx:107:29)
          at routeContext (C:\Users\samhe\OneDrive\Desktop\Cleaned\frontend\nod
e_modules\react-router\lib\hooks.tsx:658:26)
          at children (C:\Users\samhe\OneDrive\Desktop\Cleaned\frontend\node_mo
dules\react-router\lib\components.tsx:512:3)
          at basenameProp (C:\Users\samhe\OneDrive\Desktop\Cleaned\frontend\nod
e_modules\react-router\lib\components.tsx:421:13)
          at basename (C:\Users\samhe\OneDrive\Desktop\Cleaned\frontend\node_mo
dules\react-router\lib\components.tsx:225:3)

      452 |                                         type="text"
      453 |                                         value={draftWidget.title}
    > 454 |                                         onChange={(e) => 
setDraftWidget((prev) => prev ? { ...prev, title: e.target.value } : prev)}
          |                                                          ^
      455 |                                         className="border 
border-gray-300 rounded px-3 py-2 text-sm"
      456 |                                     />
      457 |                                 </div>

      at printWarning 
(node_modules/react-dom/cjs/react-dom.development.js:86:30)
      at error (node_modules/react-dom/cjs/react-dom.development.js:60:7)
      at warnIfUpdatesNotWrappedWithActDEV 
(node_modules/react-dom/cjs/react-dom.development.js:27628:9)
      at scheduleUpdateOnFiber 
(node_modules/react-dom/cjs/react-dom.development.js:25547:5)
      at dispatchSetState 
(node_modules/react-dom/cjs/react-dom.development.js:16708:7)
      at onChange 
(src/reporting/DashboardConfigurePage/DashboardConfigurePage.tsx:454:58)
      at HTMLUnknownElement.callCallback 
(node_modules/react-dom/cjs/react-dom.development.js:4164:14)
      at HTMLUnknownElement.callTheUserObjectsOperation 
(node_modules/jsdom/lib/jsdom/living/generated/EventListener.js:26:30)
      at innerInvokeEventListeners 
(node_modules/jsdom/lib/jsdom/living/events/EventTarget-impl.js:350:25)
      at invokeEventListeners 
(node_modules/jsdom/lib/jsdom/living/events/EventTarget-impl.js:286:3)
      at HTMLUnknownElementImpl._dispatch 
(node_modules/jsdom/lib/jsdom/living/events/EventTarget-impl.js:233:9)
      at HTMLUnknownElementImpl.dispatchEvent 
(node_modules/jsdom/lib/jsdom/living/events/EventTarget-impl.js:104:17)
      at HTMLUnknownElement.dispatchEvent 
(node_modules/jsdom/lib/jsdom/living/generated/EventTarget.js:241:34)
      at Object.invokeGuardedCallbackDev 
(node_modules/react-dom/cjs/react-dom.development.js:4213:16)
      at invokeGuardedCallback 
(node_modules/react-dom/cjs/react-dom.development.js:4277:31)
      at invokeGuardedCallbackAndCatchFirstError 
(node_modules/react-dom/cjs/react-dom.development.js:4291:25)
      at executeDispatch 
(node_modules/react-dom/cjs/react-dom.development.js:9041:3)
      at processDispatchQueueItemsInOrder 
(node_modules/react-dom/cjs/react-dom.development.js:9073:7)
      at processDispatchQueue 
(node_modules/react-dom/cjs/react-dom.development.js:9086:5)
      at dispatchEventsForPlugins 
(node_modules/react-dom/cjs/react-dom.development.js:9097:3)
      at node_modules/react-dom/cjs/react-dom.development.js:9288:12
      at batchedUpdates$1 
(node_modules/react-dom/cjs/react-dom.development.js:26179:12)
      at batchedUpdates 
(node_modules/react-dom/cjs/react-dom.development.js:3991:12)
      at dispatchEventForPluginEventSystem 
(node_modules/react-dom/cjs/react-dom.development.js:9287:3)
      at dispatchEventWithEnableCapturePhaseSelectiveHydrationWithoutDiscreteEv
entReplay (node_modules/react-dom/cjs/react-dom.development.js:6465:5)
      at dispatchEvent 
(node_modules/react-dom/cjs/react-dom.development.js:6457:5)
      at dispatchDiscreteEvent 
(node_modules/react-dom/cjs/react-dom.development.js:6430:5)
      at HTMLDivElement.callTheUserObjectsOperation 
(node_modules/jsdom/lib/jsdom/living/generated/EventListener.js:26:30)
      at innerInvokeEventListeners 
(node_modules/jsdom/lib/jsdom/living/events/EventTarget-impl.js:350:25)
      at invokeEventListeners 
(node_modules/jsdom/lib/jsdom/living/events/EventTarget-impl.js:286:3)
      at HTMLInputElementImpl._dispatch 
(node_modules/jsdom/lib/jsdom/living/events/EventTarget-impl.js:233:9)
      at HTMLInputElementImpl.dispatchEvent 
(node_modules/jsdom/lib/jsdom/living/events/EventTarget-impl.js:104:17)
      at HTMLInputElement.dispatchEvent 
(node_modules/jsdom/lib/jsdom/living/generated/EventTarget.js:241:34)
      at 
node_modules/@testing-library/user-event/dist/cjs/event/dispatchEvent.js:45:43
      at Object.eventWrapper 
(node_modules/@testing-library/dom/dist/config.js:25:23)
      at Object.wrapEvent 
(node_modules/@testing-library/user-event/dist/cjs/event/wrapEvent.js:6:28)
      at Object.dispatchEvent (node_modules/@testing-library/user-event/dist/cj
s/event/dispatchEvent.js:45:22)
      at Object.dispatchUIEvent (node_modules/@testing-library/user-event/dist/
cjs/event/dispatchEvent.js:22:26)
      at commitInput 
(node_modules/@testing-library/user-event/dist/cjs/event/input.js:145:14)
      at editInputElement 
(node_modules/@testing-library/user-event/dist/cjs/event/input.js:115:9)
      at Object.input 
(node_modules/@testing-library/user-event/dist/cjs/event/input.js:37:9)
      at node_modules/@testing-library/user-event/dist/cjs/event/behavior/keypr
ess.js:31:26
      at Object.dispatchEvent (node_modules/@testing-library/user-event/dist/cj
s/event/dispatchEvent.js:41:13)
      at Object.dispatchUIEvent (node_modules/@testing-library/user-event/dist/
cjs/event/dispatchEvent.js:22:26)
      at KeyboardHost.keydown 
(node_modules/@testing-library/user-event/dist/cjs/system/keyboard.js:76:22)
      at keyboardAction 
(node_modules/@testing-library/user-event/dist/cjs/keyboard/index.js:22:35)
      at Object.keyboard 
(node_modules/@testing-library/user-event/dist/cjs/keyboard/index.js:11:15)
      at Object.type 
(node_modules/@testing-library/user-event/dist/cjs/utility/type.js:17:5)
      at Object.<anonymous> (src/reporting/__tests__/reports.test.tsx:1299:9)

    console.error
      Warning: An update to DashboardConfigurePage inside a test was not 
wrapped in act(...).
      
      When testing, code that causes React state updates should be wrapped 
into act(...):
      
      act(() => {
        /* fire events that update state */
      });
      /* assert on the output */
      
      This ensures that you're testing the behavior the user would see in the 
browser. Learn more at https://reactjs.org/link/wrap-tests-with-act
          at DashboardConfigurePage (C:\Users\samhe\OneDrive\Desktop\Cleaned\fr
ontend\src\reporting\DashboardConfigurePage\DashboardConfigurePage.tsx:107:29)
          at routeContext (C:\Users\samhe\OneDrive\Desktop\Cleaned\frontend\nod
e_modules\react-router\lib\hooks.tsx:658:26)
          at children (C:\Users\samhe\OneDrive\Desktop\Cleaned\frontend\node_mo
dules\react-router\lib\components.tsx:512:3)
          at basenameProp (C:\Users\samhe\OneDrive\Desktop\Cleaned\frontend\nod
e_modules\react-router\lib\components.tsx:421:13)
          at basename (C:\Users\samhe\OneDrive\Desktop\Cleaned\frontend\node_mo
dules\react-router\lib\components.tsx:225:3)

      452 |                                         type="text"
      453 |                                         value={draftWidget.title}
    > 454 |                                         onChange={(e) => 
setDraftWidget((prev) => prev ? { ...prev, title: e.target.value } : prev)}
          |                                                          ^
      455 |                                         className="border 
border-gray-300 rounded px-3 py-2 text-sm"
      456 |                                     />
      457 |                                 </div>

      at printWarning 
(node_modules/react-dom/cjs/react-dom.development.js:86:30)
      at error (node_modules/react-dom/cjs/react-dom.development.js:60:7)
      at warnIfUpdatesNotWrappedWithActDEV 
(node_modules/react-dom/cjs/react-dom.development.js:27628:9)
      at scheduleUpdateOnFiber 
(node_modules/react-dom/cjs/react-dom.development.js:25547:5)
      at dispatchSetState 
(node_modules/react-dom/cjs/react-dom.development.js:16708:7)
      at onChange 
(src/reporting/DashboardConfigurePage/DashboardConfigurePage.tsx:454:58)
      at HTMLUnknownElement.callCallback 
(node_modules/react-dom/cjs/react-dom.development.js:4164:14)
      at HTMLUnknownElement.callTheUserObjectsOperation 
(node_modules/jsdom/lib/jsdom/living/generated/EventListener.js:26:30)
      at innerInvokeEventListeners 
(node_modules/jsdom/lib/jsdom/living/events/EventTarget-impl.js:350:25)
      at invokeEventListeners 
(node_modules/jsdom/lib/jsdom/living/events/EventTarget-impl.js:286:3)
      at HTMLUnknownElementImpl._dispatch 
(node_modules/jsdom/lib/jsdom/living/events/EventTarget-impl.js:233:9)
      at HTMLUnknownElementImpl.dispatchEvent 
(node_modules/jsdom/lib/jsdom/living/events/EventTarget-impl.js:104:17)
      at HTMLUnknownElement.dispatchEvent 
(node_modules/jsdom/lib/jsdom/living/generated/EventTarget.js:241:34)
      at Object.invokeGuardedCallbackDev 
(node_modules/react-dom/cjs/react-dom.development.js:4213:16)
      at invokeGuardedCallback 
(node_modules/react-dom/cjs/react-dom.development.js:4277:31)
      at invokeGuardedCallbackAndCatchFirstError 
(node_modules/react-dom/cjs/react-dom.development.js:4291:25)
      at executeDispatch 
(node_modules/react-dom/cjs/react-dom.development.js:9041:3)
      at processDispatchQueueItemsInOrder 
(node_modules/react-dom/cjs/react-dom.development.js:9073:7)
      at processDispatchQueue 
(node_modules/react-dom/cjs/react-dom.development.js:9086:5)
      at dispatchEventsForPlugins 
(node_modules/react-dom/cjs/react-dom.development.js:9097:3)
      at node_modules/react-dom/cjs/react-dom.development.js:9288:12
      at batchedUpdates$1 
(node_modules/react-dom/cjs/react-dom.development.js:26179:12)
      at batchedUpdates 
(node_modules/react-dom/cjs/react-dom.development.js:3991:12)
      at dispatchEventForPluginEventSystem 
(node_modules/react-dom/cjs/react-dom.development.js:9287:3)
      at dispatchEventWithEnableCapturePhaseSelectiveHydrationWithoutDiscreteEv
entReplay (node_modules/react-dom/cjs/react-dom.development.js:6465:5)
      at dispatchEvent 
(node_modules/react-dom/cjs/react-dom.development.js:6457:5)
      at dispatchDiscreteEvent 
(node_modules/react-dom/cjs/react-dom.development.js:6430:5)
      at HTMLDivElement.callTheUserObjectsOperation 
(node_modules/jsdom/lib/jsdom/living/generated/EventListener.js:26:30)
      at innerInvokeEventListeners 
(node_modules/jsdom/lib/jsdom/living/events/EventTarget-impl.js:350:25)
      at invokeEventListeners 
(node_modules/jsdom/lib/jsdom/living/events/EventTarget-impl.js:286:3)
      at HTMLInputElementImpl._dispatch 
(node_modules/jsdom/lib/jsdom/living/events/EventTarget-impl.js:233:9)
      at HTMLInputElementImpl.dispatchEvent 
(node_modules/jsdom/lib/jsdom/living/events/EventTarget-impl.js:104:17)
      at HTMLInputElement.dispatchEvent 
(node_modules/jsdom/lib/jsdom/living/generated/EventTarget.js:241:34)
      at 
node_modules/@testing-library/user-event/dist/cjs/event/dispatchEvent.js:45:43
      at Object.eventWrapper 
(node_modules/@testing-library/dom/dist/config.js:25:23)
      at Object.wrapEvent 
(node_modules/@testing-library/user-event/dist/cjs/event/wrapEvent.js:6:28)
      at Object.dispatchEvent (node_modules/@testing-library/user-event/dist/cj
s/event/dispatchEvent.js:45:22)
      at Object.dispatchUIEvent (node_modules/@testing-library/user-event/dist/
cjs/event/dispatchEvent.js:22:26)
      at commitInput 
(node_modules/@testing-library/user-event/dist/cjs/event/input.js:145:14)
      at editInputElement 
(node_modules/@testing-library/user-event/dist/cjs/event/input.js:115:9)
      at Object.input 
(node_modules/@testing-library/user-event/dist/cjs/event/input.js:37:9)
      at node_modules/@testing-library/user-event/dist/cjs/event/behavior/keypr
ess.js:31:26
      at Object.dispatchEvent (node_modules/@testing-library/user-event/dist/cj
s/event/dispatchEvent.js:41:13)
      at Object.dispatchUIEvent (node_modules/@testing-library/user-event/dist/
cjs/event/dispatchEvent.js:22:26)
      at KeyboardHost.keydown 
(node_modules/@testing-library/user-event/dist/cjs/system/keyboard.js:76:22)
      at keyboardAction 
(node_modules/@testing-library/user-event/dist/cjs/keyboard/index.js:22:35)
      at Object.keyboard 
(node_modules/@testing-library/user-event/dist/cjs/keyboard/index.js:11:15)
      at Object.type 
(node_modules/@testing-library/user-event/dist/cjs/utility/type.js:17:5)
      at Object.<anonymous> (src/reporting/__tests__/reports.test.tsx:1299:9)

    console.error
      Warning: An update to DashboardConfigurePage inside a test was not 
wrapped in act(...).
      
      When testing, code that causes React state updates should be wrapped 
into act(...):
      
      act(() => {
        /* fire events that update state */
      });
      /* assert on the output */
      
      This ensures that you're testing the behavior the user would see in the 
browser. Learn more at https://reactjs.org/link/wrap-tests-with-act
          at DashboardConfigurePage (C:\Users\samhe\OneDrive\Desktop\Cleaned\fr
ontend\src\reporting\DashboardConfigurePage\DashboardConfigurePage.tsx:107:29)
          at routeContext (C:\Users\samhe\OneDrive\Desktop\Cleaned\frontend\nod
e_modules\react-router\lib\hooks.tsx:658:26)
          at children (C:\Users\samhe\OneDrive\Desktop\Cleaned\frontend\node_mo
dules\react-router\lib\components.tsx:512:3)
          at basenameProp (C:\Users\samhe\OneDrive\Desktop\Cleaned\frontend\nod
e_modules\react-router\lib\components.tsx:421:13)
          at basename (C:\Users\samhe\OneDrive\Desktop\Cleaned\frontend\node_mo
dules\react-router\lib\components.tsx:225:3)

      452 |                                         type="text"
      453 |                                         value={draftWidget.title}
    > 454 |                                         onChange={(e) => 
setDraftWidget((prev) => prev ? { ...prev, title: e.target.value } : prev)}
          |                                                          ^
      455 |                                         className="border 
border-gray-300 rounded px-3 py-2 text-sm"
      456 |                                     />
      457 |                                 </div>

      at printWarning 
(node_modules/react-dom/cjs/react-dom.development.js:86:30)
      at error (node_modules/react-dom/cjs/react-dom.development.js:60:7)
      at warnIfUpdatesNotWrappedWithActDEV 
(node_modules/react-dom/cjs/react-dom.development.js:27628:9)
      at scheduleUpdateOnFiber 
(node_modules/react-dom/cjs/react-dom.development.js:25547:5)
      at dispatchSetState 
(node_modules/react-dom/cjs/react-dom.development.js:16708:7)
      at onChange 
(src/reporting/DashboardConfigurePage/DashboardConfigurePage.tsx:454:58)
      at HTMLUnknownElement.callCallback 
(node_modules/react-dom/cjs/react-dom.development.js:4164:14)
      at HTMLUnknownElement.callTheUserObjectsOperation 
(node_modules/jsdom/lib/jsdom/living/generated/EventListener.js:26:30)
      at innerInvokeEventListeners 
(node_modules/jsdom/lib/jsdom/living/events/EventTarget-impl.js:350:25)
      at invokeEventListeners 
(node_modules/jsdom/lib/jsdom/living/events/EventTarget-impl.js:286:3)
      at HTMLUnknownElementImpl._dispatch 
(node_modules/jsdom/lib/jsdom/living/events/EventTarget-impl.js:233:9)
      at HTMLUnknownElementImpl.dispatchEvent 
(node_modules/jsdom/lib/jsdom/living/events/EventTarget-impl.js:104:17)
      at HTMLUnknownElement.dispatchEvent 
(node_modules/jsdom/lib/jsdom/living/generated/EventTarget.js:241:34)
      at Object.invokeGuardedCallbackDev 
(node_modules/react-dom/cjs/react-dom.development.js:4213:16)
      at invokeGuardedCallback 
(node_modules/react-dom/cjs/react-dom.development.js:4277:31)
      at invokeGuardedCallbackAndCatchFirstError 
(node_modules/react-dom/cjs/react-dom.development.js:4291:25)
      at executeDispatch 
(node_modules/react-dom/cjs/react-dom.development.js:9041:3)
      at processDispatchQueueItemsInOrder 
(node_modules/react-dom/cjs/react-dom.development.js:9073:7)
      at processDispatchQueue 
(node_modules/react-dom/cjs/react-dom.development.js:9086:5)
      at dispatchEventsForPlugins 
(node_modules/react-dom/cjs/react-dom.development.js:9097:3)
      at node_modules/react-dom/cjs/react-dom.development.js:9288:12
      at batchedUpdates$1 
(node_modules/react-dom/cjs/react-dom.development.js:26179:12)
      at batchedUpdates 
(node_modules/react-dom/cjs/react-dom.development.js:3991:12)
      at dispatchEventForPluginEventSystem 
(node_modules/react-dom/cjs/react-dom.development.js:9287:3)
      at dispatchEventWithEnableCapturePhaseSelectiveHydrationWithoutDiscreteEv
entReplay (node_modules/react-dom/cjs/react-dom.development.js:6465:5)
      at dispatchEvent 
(node_modules/react-dom/cjs/react-dom.development.js:6457:5)
      at dispatchDiscreteEvent 
(node_modules/react-dom/cjs/react-dom.development.js:6430:5)
      at HTMLDivElement.callTheUserObjectsOperation 
(node_modules/jsdom/lib/jsdom/living/generated/EventListener.js:26:30)
      at innerInvokeEventListeners 
(node_modules/jsdom/lib/jsdom/living/events/EventTarget-impl.js:350:25)
      at invokeEventListeners 
(node_modules/jsdom/lib/jsdom/living/events/EventTarget-impl.js:286:3)
      at HTMLInputElementImpl._dispatch 
(node_modules/jsdom/lib/jsdom/living/events/EventTarget-impl.js:233:9)
      at HTMLInputElementImpl.dispatchEvent 
(node_modules/jsdom/lib/jsdom/living/events/EventTarget-impl.js:104:17)
      at HTMLInputElement.dispatchEvent 
(node_modules/jsdom/lib/jsdom/living/generated/EventTarget.js:241:34)
      at 
node_modules/@testing-library/user-event/dist/cjs/event/dispatchEvent.js:45:43
      at Object.eventWrapper 
(node_modules/@testing-library/dom/dist/config.js:25:23)
      at Object.wrapEvent 
(node_modules/@testing-library/user-event/dist/cjs/event/wrapEvent.js:6:28)
      at Object.dispatchEvent (node_modules/@testing-library/user-event/dist/cj
s/event/dispatchEvent.js:45:22)
      at Object.dispatchUIEvent (node_modules/@testing-library/user-event/dist/
cjs/event/dispatchEvent.js:22:26)
      at commitInput 
(node_modules/@testing-library/user-event/dist/cjs/event/input.js:145:14)
      at editInputElement 
(node_modules/@testing-library/user-event/dist/cjs/event/input.js:115:9)
      at Object.input 
(node_modules/@testing-library/user-event/dist/cjs/event/input.js:37:9)
      at node_modules/@testing-library/user-event/dist/cjs/event/behavior/keypr
ess.js:31:26
      at Object.dispatchEvent (node_modules/@testing-library/user-event/dist/cj
s/event/dispatchEvent.js:41:13)
      at Object.dispatchUIEvent (node_modules/@testing-library/user-event/dist/
cjs/event/dispatchEvent.js:22:26)
      at KeyboardHost.keydown 
(node_modules/@testing-library/user-event/dist/cjs/system/keyboard.js:76:22)
      at keyboardAction 
(node_modules/@testing-library/user-event/dist/cjs/keyboard/index.js:22:35)
      at Object.keyboard 
(node_modules/@testing-library/user-event/dist/cjs/keyboard/index.js:11:15)
      at Object.type 
(node_modules/@testing-library/user-event/dist/cjs/utility/type.js:17:5)
      at Object.<anonymous> (src/reporting/__tests__/reports.test.tsx:1299:9)

    console.error
      Warning: An update to DashboardConfigurePage inside a test was not 
wrapped in act(...).
      
      When testing, code that causes React state updates should be wrapped 
into act(...):
      
      act(() => {
        /* fire events that update state */
      });
      /* assert on the output */
      
      This ensures that you're testing the behavior the user would see in the 
browser. Learn more at https://reactjs.org/link/wrap-tests-with-act
          at DashboardConfigurePage (C:\Users\samhe\OneDrive\Desktop\Cleaned\fr
ontend\src\reporting\DashboardConfigurePage\DashboardConfigurePage.tsx:107:29)
          at routeContext (C:\Users\samhe\OneDrive\Desktop\Cleaned\frontend\nod
e_modules\react-router\lib\hooks.tsx:658:26)
          at children (C:\Users\samhe\OneDrive\Desktop\Cleaned\frontend\node_mo
dules\react-router\lib\components.tsx:512:3)
          at basenameProp (C:\Users\samhe\OneDrive\Desktop\Cleaned\frontend\nod
e_modules\react-router\lib\components.tsx:421:13)
          at basename (C:\Users\samhe\OneDrive\Desktop\Cleaned\frontend\node_mo
dules\react-router\lib\components.tsx:225:3)

      452 |                                         type="text"
      453 |                                         value={draftWidget.title}
    > 454 |                                         onChange={(e) => 
setDraftWidget((prev) => prev ? { ...prev, title: e.target.value } : prev)}
          |                                                          ^
      455 |                                         className="border 
border-gray-300 rounded px-3 py-2 text-sm"
      456 |                                     />
      457 |                                 </div>

      at printWarning 
(node_modules/react-dom/cjs/react-dom.development.js:86:30)
      at error (node_modules/react-dom/cjs/react-dom.development.js:60:7)
      at warnIfUpdatesNotWrappedWithActDEV 
(node_modules/react-dom/cjs/react-dom.development.js:27628:9)
      at scheduleUpdateOnFiber 
(node_modules/react-dom/cjs/react-dom.development.js:25547:5)
      at dispatchSetState 
(node_modules/react-dom/cjs/react-dom.development.js:16708:7)
      at onChange 
(src/reporting/DashboardConfigurePage/DashboardConfigurePage.tsx:454:58)
      at HTMLUnknownElement.callCallback 
(node_modules/react-dom/cjs/react-dom.development.js:4164:14)
      at HTMLUnknownElement.callTheUserObjectsOperation 
(node_modules/jsdom/lib/jsdom/living/generated/EventListener.js:26:30)
      at innerInvokeEventListeners 
(node_modules/jsdom/lib/jsdom/living/events/EventTarget-impl.js:350:25)
      at invokeEventListeners 
(node_modules/jsdom/lib/jsdom/living/events/EventTarget-impl.js:286:3)
      at HTMLUnknownElementImpl._dispatch 
(node_modules/jsdom/lib/jsdom/living/events/EventTarget-impl.js:233:9)
      at HTMLUnknownElementImpl.dispatchEvent 
(node_modules/jsdom/lib/jsdom/living/events/EventTarget-impl.js:104:17)
      at HTMLUnknownElement.dispatchEvent 
(node_modules/jsdom/lib/jsdom/living/generated/EventTarget.js:241:34)
      at Object.invokeGuardedCallbackDev 
(node_modules/react-dom/cjs/react-dom.development.js:4213:16)
      at invokeGuardedCallback 
(node_modules/react-dom/cjs/react-dom.development.js:4277:31)
      at invokeGuardedCallbackAndCatchFirstError 
(node_modules/react-dom/cjs/react-dom.development.js:4291:25)
      at executeDispatch 
(node_modules/react-dom/cjs/react-dom.development.js:9041:3)
      at processDispatchQueueItemsInOrder 
(node_modules/react-dom/cjs/react-dom.development.js:9073:7)
      at processDispatchQueue 
(node_modules/react-dom/cjs/react-dom.development.js:9086:5)
      at dispatchEventsForPlugins 
(node_modules/react-dom/cjs/react-dom.development.js:9097:3)
      at node_modules/react-dom/cjs/react-dom.development.js:9288:12
      at batchedUpdates$1 
(node_modules/react-dom/cjs/react-dom.development.js:26179:12)
      at batchedUpdates 
(node_modules/react-dom/cjs/react-dom.development.js:3991:12)
      at dispatchEventForPluginEventSystem 
(node_modules/react-dom/cjs/react-dom.development.js:9287:3)
      at dispatchEventWithEnableCapturePhaseSelectiveHydrationWithoutDiscreteEv
entReplay (node_modules/react-dom/cjs/react-dom.development.js:6465:5)
      at dispatchEvent 
(node_modules/react-dom/cjs/react-dom.development.js:6457:5)
      at dispatchDiscreteEvent 
(node_modules/react-dom/cjs/react-dom.development.js:6430:5)
      at HTMLDivElement.callTheUserObjectsOperation 
(node_modules/jsdom/lib/jsdom/living/generated/EventListener.js:26:30)
      at innerInvokeEventListeners 
(node_modules/jsdom/lib/jsdom/living/events/EventTarget-impl.js:350:25)
      at invokeEventListeners 
(node_modules/jsdom/lib/jsdom/living/events/EventTarget-impl.js:286:3)
      at HTMLInputElementImpl._dispatch 
(node_modules/jsdom/lib/jsdom/living/events/EventTarget-impl.js:233:9)
      at HTMLInputElementImpl.dispatchEvent 
(node_modules/jsdom/lib/jsdom/living/events/EventTarget-impl.js:104:17)
      at HTMLInputElement.dispatchEvent 
(node_modules/jsdom/lib/jsdom/living/generated/EventTarget.js:241:34)
      at 
node_modules/@testing-library/user-event/dist/cjs/event/dispatchEvent.js:45:43
      at Object.eventWrapper 
(node_modules/@testing-library/dom/dist/config.js:25:23)
      at Object.wrapEvent 
(node_modules/@testing-library/user-event/dist/cjs/event/wrapEvent.js:6:28)
      at Object.dispatchEvent (node_modules/@testing-library/user-event/dist/cj
s/event/dispatchEvent.js:45:22)
      at Object.dispatchUIEvent (node_modules/@testing-library/user-event/dist/
cjs/event/dispatchEvent.js:22:26)
      at commitInput 
(node_modules/@testing-library/user-event/dist/cjs/event/input.js:145:14)
      at editInputElement 
(node_modules/@testing-library/user-event/dist/cjs/event/input.js:115:9)
      at Object.input 
(node_modules/@testing-library/user-event/dist/cjs/event/input.js:37:9)
      at node_modules/@testing-library/user-event/dist/cjs/event/behavior/keypr
ess.js:31:26
      at Object.dispatchEvent (node_modules/@testing-library/user-event/dist/cj
s/event/dispatchEvent.js:41:13)
      at Object.dispatchUIEvent (node_modules/@testing-library/user-event/dist/
cjs/event/dispatchEvent.js:22:26)
      at KeyboardHost.keydown 
(node_modules/@testing-library/user-event/dist/cjs/system/keyboard.js:76:22)
      at keyboardAction 
(node_modules/@testing-library/user-event/dist/cjs/keyboard/index.js:22:35)
      at Object.keyboard 
(node_modules/@testing-library/user-event/dist/cjs/keyboard/index.js:11:15)
      at Object.type 
(node_modules/@testing-library/user-event/dist/cjs/utility/type.js:17:5)
      at Object.<anonymous> (src/reporting/__tests__/reports.test.tsx:1299:9)

    console.error
      Warning: An update to DashboardConfigurePage inside a test was not 
wrapped in act(...).
      
      When testing, code that causes React state updates should be wrapped 
into act(...):
      
      act(() => {
        /* fire events that update state */
      });
      /* assert on the output */
      
      This ensures that you're testing the behavior the user would see in the 
browser. Learn more at https://reactjs.org/link/wrap-tests-with-act
          at DashboardConfigurePage (C:\Users\samhe\OneDrive\Desktop\Cleaned\fr
ontend\src\reporting\DashboardConfigurePage\DashboardConfigurePage.tsx:107:29)
          at routeContext (C:\Users\samhe\OneDrive\Desktop\Cleaned\frontend\nod
e_modules\react-router\lib\hooks.tsx:658:26)
          at children (C:\Users\samhe\OneDrive\Desktop\Cleaned\frontend\node_mo
dules\react-router\lib\components.tsx:512:3)
          at basenameProp (C:\Users\samhe\OneDrive\Desktop\Cleaned\frontend\nod
e_modules\react-router\lib\components.tsx:421:13)
          at basename (C:\Users\samhe\OneDrive\Desktop\Cleaned\frontend\node_mo
dules\react-router\lib\components.tsx:225:3)

      452 |                                         type="text"
      453 |                                         value={draftWidget.title}
    > 454 |                                         onChange={(e) => 
setDraftWidget((prev) => prev ? { ...prev, title: e.target.value } : prev)}
          |                                                          ^
      455 |                                         className="border 
border-gray-300 rounded px-3 py-2 text-sm"
      456 |                                     />
      457 |                                 </div>

      at printWarning 
(node_modules/react-dom/cjs/react-dom.development.js:86:30)
      at error (node_modules/react-dom/cjs/react-dom.development.js:60:7)
      at warnIfUpdatesNotWrappedWithActDEV 
(node_modules/react-dom/cjs/react-dom.development.js:27628:9)
      at scheduleUpdateOnFiber 
(node_modules/react-dom/cjs/react-dom.development.js:25547:5)
      at dispatchSetState 
(node_modules/react-dom/cjs/react-dom.development.js:16708:7)
      at onChange 
(src/reporting/DashboardConfigurePage/DashboardConfigurePage.tsx:454:58)
      at HTMLUnknownElement.callCallback 
(node_modules/react-dom/cjs/react-dom.development.js:4164:14)
      at HTMLUnknownElement.callTheUserObjectsOperation 
(node_modules/jsdom/lib/jsdom/living/generated/EventListener.js:26:30)
      at innerInvokeEventListeners 
(node_modules/jsdom/lib/jsdom/living/events/EventTarget-impl.js:350:25)
      at invokeEventListeners 
(node_modules/jsdom/lib/jsdom/living/events/EventTarget-impl.js:286:3)
      at HTMLUnknownElementImpl._dispatch 
(node_modules/jsdom/lib/jsdom/living/events/EventTarget-impl.js:233:9)
      at HTMLUnknownElementImpl.dispatchEvent 
(node_modules/jsdom/lib/jsdom/living/events/EventTarget-impl.js:104:17)
      at HTMLUnknownElement.dispatchEvent 
(node_modules/jsdom/lib/jsdom/living/generated/EventTarget.js:241:34)
      at Object.invokeGuardedCallbackDev 
(node_modules/react-dom/cjs/react-dom.development.js:4213:16)
      at invokeGuardedCallback 
(node_modules/react-dom/cjs/react-dom.development.js:4277:31)
      at invokeGuardedCallbackAndCatchFirstError 
(node_modules/react-dom/cjs/react-dom.development.js:4291:25)
      at executeDispatch 
(node_modules/react-dom/cjs/react-dom.development.js:9041:3)
      at processDispatchQueueItemsInOrder 
(node_modules/react-dom/cjs/react-dom.development.js:9073:7)
      at processDispatchQueue 
(node_modules/react-dom/cjs/react-dom.development.js:9086:5)
      at dispatchEventsForPlugins 
(node_modules/react-dom/cjs/react-dom.development.js:9097:3)
      at node_modules/react-dom/cjs/react-dom.development.js:9288:12
      at batchedUpdates$1 
(node_modules/react-dom/cjs/react-dom.development.js:26179:12)
      at batchedUpdates 
(node_modules/react-dom/cjs/react-dom.development.js:3991:12)
      at dispatchEventForPluginEventSystem 
(node_modules/react-dom/cjs/react-dom.development.js:9287:3)
      at dispatchEventWithEnableCapturePhaseSelectiveHydrationWithoutDiscreteEv
entReplay (node_modules/react-dom/cjs/react-dom.development.js:6465:5)
      at dispatchEvent 
(node_modules/react-dom/cjs/react-dom.development.js:6457:5)
      at dispatchDiscreteEvent 
(node_modules/react-dom/cjs/react-dom.development.js:6430:5)
      at HTMLDivElement.callTheUserObjectsOperation 
(node_modules/jsdom/lib/jsdom/living/generated/EventListener.js:26:30)
      at innerInvokeEventListeners 
(node_modules/jsdom/lib/jsdom/living/events/EventTarget-impl.js:350:25)
      at invokeEventListeners 
(node_modules/jsdom/lib/jsdom/living/events/EventTarget-impl.js:286:3)
      at HTMLInputElementImpl._dispatch 
(node_modules/jsdom/lib/jsdom/living/events/EventTarget-impl.js:233:9)
      at HTMLInputElementImpl.dispatchEvent 
(node_modules/jsdom/lib/jsdom/living/events/EventTarget-impl.js:104:17)
      at HTMLInputElement.dispatchEvent 
(node_modules/jsdom/lib/jsdom/living/generated/EventTarget.js:241:34)
      at 
node_modules/@testing-library/user-event/dist/cjs/event/dispatchEvent.js:45:43
      at Object.eventWrapper 
(node_modules/@testing-library/dom/dist/config.js:25:23)
      at Object.wrapEvent 
(node_modules/@testing-library/user-event/dist/cjs/event/wrapEvent.js:6:28)
      at Object.dispatchEvent (node_modules/@testing-library/user-event/dist/cj
s/event/dispatchEvent.js:45:22)
      at Object.dispatchUIEvent (node_modules/@testing-library/user-event/dist/
cjs/event/dispatchEvent.js:22:26)
      at commitInput 
(node_modules/@testing-library/user-event/dist/cjs/event/input.js:145:14)
      at editInputElement 
(node_modules/@testing-library/user-event/dist/cjs/event/input.js:115:9)
      at Object.input 
(node_modules/@testing-library/user-event/dist/cjs/event/input.js:37:9)
      at node_modules/@testing-library/user-event/dist/cjs/event/behavior/keypr
ess.js:31:26
      at Object.dispatchEvent (node_modules/@testing-library/user-event/dist/cj
s/event/dispatchEvent.js:41:13)
      at Object.dispatchUIEvent (node_modules/@testing-library/user-event/dist/
cjs/event/dispatchEvent.js:22:26)
      at KeyboardHost.keydown 
(node_modules/@testing-library/user-event/dist/cjs/system/keyboard.js:76:22)
      at keyboardAction 
(node_modules/@testing-library/user-event/dist/cjs/keyboard/index.js:22:35)
      at Object.keyboard 
(node_modules/@testing-library/user-event/dist/cjs/keyboard/index.js:11:15)
      at Object.type 
(node_modules/@testing-library/user-event/dist/cjs/utility/type.js:17:5)
      at Object.<anonymous> (src/reporting/__tests__/reports.test.tsx:1299:9)

    console.error
      Warning: An update to DashboardConfigurePage inside a test was not 
wrapped in act(...).
      
      When testing, code that causes React state updates should be wrapped 
into act(...):
      
      act(() => {
        /* fire events that update state */
      });
      /* assert on the output */
      
      This ensures that you're testing the behavior the user would see in the 
browser. Learn more at https://reactjs.org/link/wrap-tests-with-act
          at DashboardConfigurePage (C:\Users\samhe\OneDrive\Desktop\Cleaned\fr
ontend\src\reporting\DashboardConfigurePage\DashboardConfigurePage.tsx:107:29)
          at routeContext (C:\Users\samhe\OneDrive\Desktop\Cleaned\frontend\nod
e_modules\react-router\lib\hooks.tsx:658:26)
          at children (C:\Users\samhe\OneDrive\Desktop\Cleaned\frontend\node_mo
dules\react-router\lib\components.tsx:512:3)
          at basenameProp (C:\Users\samhe\OneDrive\Desktop\Cleaned\frontend\nod
e_modules\react-router\lib\components.tsx:421:13)
          at basename (C:\Users\samhe\OneDrive\Desktop\Cleaned\frontend\node_mo
dules\react-router\lib\components.tsx:225:3)

      471 |                                         id="widget-type"
      472 |                                         value={draftWidget.type}
    > 473 |                                         onChange={(e) => 
setDraftWidget((prev) => prev ? normalizeWidget({
          |                                                          ^
      474 |                                             ...prev,
      475 |                                             type: e.target.value 
as DashboardWidgetType,
      476 |                                             metric: null,

      at printWarning 
(node_modules/react-dom/cjs/react-dom.development.js:86:30)
      at error (node_modules/react-dom/cjs/react-dom.development.js:60:7)
      at warnIfUpdatesNotWrappedWithActDEV 
(node_modules/react-dom/cjs/react-dom.development.js:27628:9)
      at scheduleUpdateOnFiber 
(node_modules/react-dom/cjs/react-dom.development.js:25547:5)
      at dispatchSetState 
(node_modules/react-dom/cjs/react-dom.development.js:16708:7)
      at onChange 
(src/reporting/DashboardConfigurePage/DashboardConfigurePage.tsx:473:58)
      at HTMLUnknownElement.callCallback 
(node_modules/react-dom/cjs/react-dom.development.js:4164:14)
      at HTMLUnknownElement.callTheUserObjectsOperation 
(node_modules/jsdom/lib/jsdom/living/generated/EventListener.js:26:30)
      at innerInvokeEventListeners 
(node_modules/jsdom/lib/jsdom/living/events/EventTarget-impl.js:350:25)
      at invokeEventListeners 
(node_modules/jsdom/lib/jsdom/living/events/EventTarget-impl.js:286:3)
      at HTMLUnknownElementImpl._dispatch 
(node_modules/jsdom/lib/jsdom/living/events/EventTarget-impl.js:233:9)
      at HTMLUnknownElementImpl.dispatchEvent 
(node_modules/jsdom/lib/jsdom/living/events/EventTarget-impl.js:104:17)
      at HTMLUnknownElement.dispatchEvent 
(node_modules/jsdom/lib/jsdom/living/generated/EventTarget.js:241:34)
      at Object.invokeGuardedCallbackDev 
(node_modules/react-dom/cjs/react-dom.development.js:4213:16)
      at invokeGuardedCallback 
(node_modules/react-dom/cjs/react-dom.development.js:4277:31)
      at invokeGuardedCallbackAndCatchFirstError 
(node_modules/react-dom/cjs/react-dom.development.js:4291:25)
      at executeDispatch 
(node_modules/react-dom/cjs/react-dom.development.js:9041:3)
      at processDispatchQueueItemsInOrder 
(node_modules/react-dom/cjs/react-dom.development.js:9073:7)
      at processDispatchQueue 
(node_modules/react-dom/cjs/react-dom.development.js:9086:5)
      at dispatchEventsForPlugins 
(node_modules/react-dom/cjs/react-dom.development.js:9097:3)
      at node_modules/react-dom/cjs/react-dom.development.js:9288:12
      at batchedUpdates$1 
(node_modules/react-dom/cjs/react-dom.development.js:26179:12)
      at batchedUpdates 
(node_modules/react-dom/cjs/react-dom.development.js:3991:12)
      at dispatchEventForPluginEventSystem 
(node_modules/react-dom/cjs/react-dom.development.js:9287:3)
      at dispatchEventWithEnableCapturePhaseSelectiveHydrationWithoutDiscreteEv
entReplay (node_modules/react-dom/cjs/react-dom.development.js:6465:5)
      at dispatchEvent 
(node_modules/react-dom/cjs/react-dom.development.js:6457:5)
      at dispatchDiscreteEvent 
(node_modules/react-dom/cjs/react-dom.development.js:6430:5)
      at HTMLDivElement.callTheUserObjectsOperation 
(node_modules/jsdom/lib/jsdom/living/generated/EventListener.js:26:30)
      at innerInvokeEventListeners 
(node_modules/jsdom/lib/jsdom/living/events/EventTarget-impl.js:350:25)
      at invokeEventListeners 
(node_modules/jsdom/lib/jsdom/living/events/EventTarget-impl.js:286:3)
      at HTMLSelectElementImpl._dispatch 
(node_modules/jsdom/lib/jsdom/living/events/EventTarget-impl.js:233:9)
      at HTMLSelectElementImpl.dispatchEvent 
(node_modules/jsdom/lib/jsdom/living/events/EventTarget-impl.js:104:17)
      at Proxy.dispatchEvent 
(node_modules/jsdom/lib/jsdom/living/generated/EventTarget.js:241:34)
      at 
node_modules/@testing-library/user-event/dist/cjs/event/dispatchEvent.js:45:43
      at Object.eventWrapper 
(node_modules/@testing-library/dom/dist/config.js:25:23)
      at Object.wrapEvent 
(node_modules/@testing-library/user-event/dist/cjs/event/wrapEvent.js:6:28)
      at Object.dispatchEvent (node_modules/@testing-library/user-event/dist/cj
s/event/dispatchEvent.js:45:22)
      at Object.dispatchUIEvent (node_modules/@testing-library/user-event/dist/
cjs/event/dispatchEvent.js:22:26)
      at selectOption (node_modules/@testing-library/user-event/dist/cjs/utilit
y/selectOptions.js:51:14)
      at Object.selectOptionsBase (node_modules/@testing-library/user-event/dis
t/cjs/utility/selectOptions.js:87:13)
      at Object.<anonymous> (src/reporting/__tests__/reports.test.tsx:1300:9)

    console.error
      Warning: An update to DashboardConfigurePage inside a test was not 
wrapped in act(...).
      
      When testing, code that causes React state updates should be wrapped 
into act(...):
      
      act(() => {
        /* fire events that update state */
      });
      /* assert on the output */
      
      This ensures that you're testing the behavior the user would see in the 
browser. Learn more at https://reactjs.org/link/wrap-tests-with-act
          at DashboardConfigurePage (C:\Users\samhe\OneDrive\Desktop\Cleaned\fr
ontend\src\reporting\DashboardConfigurePage\DashboardConfigurePage.tsx:107:29)
          at routeContext (C:\Users\samhe\OneDrive\Desktop\Cleaned\frontend\nod
e_modules\react-router\lib\hooks.tsx:658:26)
          at children (C:\Users\samhe\OneDrive\Desktop\Cleaned\frontend\node_mo
dules\react-router\lib\components.tsx:512:3)
          at basenameProp (C:\Users\samhe\OneDrive\Desktop\Cleaned\frontend\nod
e_modules\react-router\lib\components.tsx:421:13)
          at basename (C:\Users\samhe\OneDrive\Desktop\Cleaned\frontend\node_mo
dules\react-router\lib\components.tsx:225:3)

      706 |                                     
id="widget-ignore-dashboard-filters"
      707 |                                     
checked={draftWidget.ignoresDashboardFilters ?? false}
    > 708 |                                     onChange={(e) => 
setDraftWidget((prev) => prev ? { ...prev, ignoresDashboardFilters: 
e.target.checked } : prev)}
          |                                                      ^
      709 |                                     className="h-4 w-4 rounded 
border-gray-300 text-brand-600"
      710 |                                 />
      711 |                                 <label 
htmlFor="widget-ignore-dashboard-filters" className="text-sm font-medium 
text-gray-700">

      at printWarning 
(node_modules/react-dom/cjs/react-dom.development.js:86:30)
      at error (node_modules/react-dom/cjs/react-dom.development.js:60:7)
      at warnIfUpdatesNotWrappedWithActDEV 
(node_modules/react-dom/cjs/react-dom.development.js:27628:9)
      at scheduleUpdateOnFiber 
(node_modules/react-dom/cjs/react-dom.development.js:25547:5)
      at dispatchSetState 
(node_modules/react-dom/cjs/react-dom.development.js:16708:7)
      at onChange 
(src/reporting/DashboardConfigurePage/DashboardConfigurePage.tsx:708:54)
      at HTMLUnknownElement.callCallback 
(node_modules/react-dom/cjs/react-dom.development.js:4164:14)
      at HTMLUnknownElement.callTheUserObjectsOperation 
(node_modules/jsdom/lib/jsdom/living/generated/EventListener.js:26:30)
      at innerInvokeEventListeners 
(node_modules/jsdom/lib/jsdom/living/events/EventTarget-impl.js:350:25)
      at invokeEventListeners 
(node_modules/jsdom/lib/jsdom/living/events/EventTarget-impl.js:286:3)
      at HTMLUnknownElementImpl._dispatch 
(node_modules/jsdom/lib/jsdom/living/events/EventTarget-impl.js:233:9)
      at HTMLUnknownElementImpl.dispatchEvent 
(node_modules/jsdom/lib/jsdom/living/events/EventTarget-impl.js:104:17)
      at HTMLUnknownElement.dispatchEvent 
(node_modules/jsdom/lib/jsdom/living/generated/EventTarget.js:241:34)
      at Object.invokeGuardedCallbackDev 
(node_modules/react-dom/cjs/react-dom.development.js:4213:16)
      at invokeGuardedCallback 
(node_modules/react-dom/cjs/react-dom.development.js:4277:31)
      at invokeGuardedCallbackAndCatchFirstError 
(node_modules/react-dom/cjs/react-dom.development.js:4291:25)
      at executeDispatch 
(node_modules/react-dom/cjs/react-dom.development.js:9041:3)
      at processDispatchQueueItemsInOrder 
(node_modules/react-dom/cjs/react-dom.development.js:9073:7)
      at processDispatchQueue 
(node_modules/react-dom/cjs/react-dom.development.js:9086:5)
      at dispatchEventsForPlugins 
(node_modules/react-dom/cjs/react-dom.development.js:9097:3)
      at node_modules/react-dom/cjs/react-dom.development.js:9288:12
      at batchedUpdates$1 
(node_modules/react-dom/cjs/react-dom.development.js:26179:12)
      at batchedUpdates 
(node_modules/react-dom/cjs/react-dom.development.js:3991:12)
      at dispatchEventForPluginEventSystem 
(node_modules/react-dom/cjs/react-dom.development.js:9287:3)
      at dispatchEventWithEnableCapturePhaseSelectiveHydrationWithoutDiscreteEv
entReplay (node_modules/react-dom/cjs/react-dom.development.js:6465:5)
      at dispatchEvent 
(node_modules/react-dom/cjs/react-dom.development.js:6457:5)
      at dispatchDiscreteEvent 
(node_modules/react-dom/cjs/react-dom.development.js:6430:5)
      at HTMLDivElement.callTheUserObjectsOperation 
(node_modules/jsdom/lib/jsdom/living/generated/EventListener.js:26:30)
      at innerInvokeEventListeners 
(node_modules/jsdom/lib/jsdom/living/events/EventTarget-impl.js:350:25)
      at invokeEventListeners 
(node_modules/jsdom/lib/jsdom/living/events/EventTarget-impl.js:286:3)
      at HTMLInputElementImpl._dispatch 
(node_modules/jsdom/lib/jsdom/living/events/EventTarget-impl.js:233:9)
      at HTMLInputElementImpl.dispatchEvent 
(node_modules/jsdom/lib/jsdom/living/events/EventTarget-impl.js:104:17)
      at HTMLInputElement.dispatchEvent 
(node_modules/jsdom/lib/jsdom/living/generated/EventTarget.js:241:34)
      at 
node_modules/@testing-library/user-event/dist/cjs/event/dispatchEvent.js:45:43
      at Object.eventWrapper 
(node_modules/@testing-library/dom/dist/config.js:25:23)
      at Object.wrapEvent 
(node_modules/@testing-library/user-event/dist/cjs/event/wrapEvent.js:6:28)
      at Object.dispatchEvent (node_modules/@testing-library/user-event/dist/cj
s/event/dispatchEvent.js:45:22)
      at Object.dispatchUIEvent (node_modules/@testing-library/user-event/dist/
cjs/event/dispatchEvent.js:22:26)
      at Mouse.up (node_modules/@testing-library/user-event/dist/cjs/system/poi
nter/mouse.js:100:30)
      at PointerHost.release (node_modules/@testing-library/user-event/dist/cjs
/system/pointer/index.js:87:24)
      at pointerAction 
(node_modules/@testing-library/user-event/dist/cjs/pointer/index.js:54:47)
      at Object.pointer 
(node_modules/@testing-library/user-event/dist/cjs/pointer/index.js:27:9)
      at Object.<anonymous> (src/reporting/__tests__/reports.test.tsx:1308:9)

    console.error
      Warning: An update to DashboardConfigurePage inside a test was not 
wrapped in act(...).
      
      When testing, code that causes React state updates should be wrapped 
into act(...):
      
      act(() => {
        /* fire events that update state */
      });
      /* assert on the output */
      
      This ensures that you're testing the behavior the user would see in the 
browser. Learn more at https://reactjs.org/link/wrap-tests-with-act
          at DashboardConfigurePage (C:\Users\samhe\OneDrive\Desktop\Cleaned\fr
ontend\src\reporting\DashboardConfigurePage\DashboardConfigurePage.tsx:107:29)
          at routeContext (C:\Users\samhe\OneDrive\Desktop\Cleaned\frontend\nod
e_modules\react-router\lib\hooks.tsx:658:26)
          at children (C:\Users\samhe\OneDrive\Desktop\Cleaned\frontend\node_mo
dules\react-router\lib\components.tsx:512:3)
          at basenameProp (C:\Users\samhe\OneDrive\Desktop\Cleaned\frontend\nod
e_modules\react-router\lib\components.tsx:421:13)
          at basename (C:\Users\samhe\OneDrive\Desktop\Cleaned\frontend\node_mo
dules\react-router\lib\components.tsx:225:3)

      244 |             return
      245 |         }
    > 246 |         setPages((prev) => prev.map((page) => {
          |         ^
      247 |             if (page.id !== currentPage.id) return page
      248 |             const widgets = (page.widgets ?? []).map((widget) => 
normalizeWidget(widget))
      249 |                 .filter((widget) => !(widget.slotId === 
draftWidget.slotId && (widget.sectionId ?? null) === (draftWidget.sectionId ?? 
null)))

      at printWarning 
(node_modules/react-dom/cjs/react-dom.development.js:86:30)
      at error (node_modules/react-dom/cjs/react-dom.development.js:60:7)
      at warnIfUpdatesNotWrappedWithActDEV 
(node_modules/react-dom/cjs/react-dom.development.js:27628:9)
      at scheduleUpdateOnFiber 
(node_modules/react-dom/cjs/react-dom.development.js:25547:5)
      at dispatchSetState 
(node_modules/react-dom/cjs/react-dom.development.js:16708:7)
      at saveWidgetLocally 
(src/reporting/DashboardConfigurePage/DashboardConfigurePage.tsx:246:9)
      at HTMLUnknownElement.callCallback 
(node_modules/react-dom/cjs/react-dom.development.js:4164:14)
      at HTMLUnknownElement.callTheUserObjectsOperation 
(node_modules/jsdom/lib/jsdom/living/generated/EventListener.js:26:30)
      at innerInvokeEventListeners 
(node_modules/jsdom/lib/jsdom/living/events/EventTarget-impl.js:350:25)
      at invokeEventListeners 
(node_modules/jsdom/lib/jsdom/living/events/EventTarget-impl.js:286:3)
      at HTMLUnknownElementImpl._dispatch 
(node_modules/jsdom/lib/jsdom/living/events/EventTarget-impl.js:233:9)
      at HTMLUnknownElementImpl.dispatchEvent 
(node_modules/jsdom/lib/jsdom/living/events/EventTarget-impl.js:104:17)
      at HTMLUnknownElement.dispatchEvent 
(node_modules/jsdom/lib/jsdom/living/generated/EventTarget.js:241:34)
      at Object.invokeGuardedCallbackDev 
(node_modules/react-dom/cjs/react-dom.development.js:4213:16)
      at invokeGuardedCallback 
(node_modules/react-dom/cjs/react-dom.development.js:4277:31)
      at invokeGuardedCallbackAndCatchFirstError 
(node_modules/react-dom/cjs/react-dom.development.js:4291:25)
      at executeDispatch 
(node_modules/react-dom/cjs/react-dom.development.js:9041:3)
      at processDispatchQueueItemsInOrder 
(node_modules/react-dom/cjs/react-dom.development.js:9073:7)
      at processDispatchQueue 
(node_modules/react-dom/cjs/react-dom.development.js:9086:5)
      at dispatchEventsForPlugins 
(node_modules/react-dom/cjs/react-dom.development.js:9097:3)
      at node_modules/react-dom/cjs/react-dom.development.js:9288:12
      at batchedUpdates$1 
(node_modules/react-dom/cjs/react-dom.development.js:26179:12)
      at batchedUpdates 
(node_modules/react-dom/cjs/react-dom.development.js:3991:12)
      at dispatchEventForPluginEventSystem 
(node_modules/react-dom/cjs/react-dom.development.js:9287:3)
      at dispatchEventWithEnableCapturePhaseSelectiveHydrationWithoutDiscreteEv
entReplay (node_modules/react-dom/cjs/react-dom.development.js:6465:5)
      at dispatchEvent 
(node_modules/react-dom/cjs/react-dom.development.js:6457:5)
      at dispatchDiscreteEvent 
(node_modules/react-dom/cjs/react-dom.development.js:6430:5)
      at HTMLDivElement.callTheUserObjectsOperation 
(node_modules/jsdom/lib/jsdom/living/generated/EventListener.js:26:30)
      at innerInvokeEventListeners 
(node_modules/jsdom/lib/jsdom/living/events/EventTarget-impl.js:350:25)
      at invokeEventListeners 
(node_modules/jsdom/lib/jsdom/living/events/EventTarget-impl.js:286:3)
      at HTMLButtonElementImpl._dispatch 
(node_modules/jsdom/lib/jsdom/living/events/EventTarget-impl.js:233:9)
      at HTMLButtonElementImpl.dispatchEvent 
(node_modules/jsdom/lib/jsdom/living/events/EventTarget-impl.js:104:17)
      at HTMLButtonElement.dispatchEvent 
(node_modules/jsdom/lib/jsdom/living/generated/EventTarget.js:241:34)
      at 
node_modules/@testing-library/user-event/dist/cjs/event/dispatchEvent.js:45:43
      at Object.eventWrapper 
(node_modules/@testing-library/dom/dist/config.js:25:23)
      at Object.wrapEvent 
(node_modules/@testing-library/user-event/dist/cjs/event/wrapEvent.js:6:28)
      at Object.dispatchEvent (node_modules/@testing-library/user-event/dist/cj
s/event/dispatchEvent.js:45:22)
      at Object.dispatchUIEvent (node_modules/@testing-library/user-event/dist/
cjs/event/dispatchEvent.js:22:26)
      at Mouse.up (node_modules/@testing-library/user-event/dist/cjs/system/poi
nter/mouse.js:100:30)
      at PointerHost.release (node_modules/@testing-library/user-event/dist/cjs
/system/pointer/index.js:87:24)
      at pointerAction 
(node_modules/@testing-library/user-event/dist/cjs/pointer/index.js:54:47)
      at Object.pointer 
(node_modules/@testing-library/user-event/dist/cjs/pointer/index.js:27:9)
      at Object.<anonymous> (src/reporting/__tests__/reports.test.tsx:1311:9)

    console.error
      Warning: An update to DashboardConfigurePage inside a test was not 
wrapped in act(...).
      
      When testing, code that causes React state updates should be wrapped 
into act(...):
      
      act(() => {
        /* fire events that update state */
      });
      /* assert on the output */
      
      This ensures that you're testing the behavior the user would see in the 
browser. Learn more at https://reactjs.org/link/wrap-tests-with-act
          at DashboardConfigurePage (C:\Users\samhe\OneDrive\Desktop\Cleaned\fr
ontend\src\reporting\DashboardConfigurePage\DashboardConfigurePage.tsx:107:29)
          at routeContext (C:\Users\samhe\OneDrive\Desktop\Cleaned\frontend\nod
e_modules\react-router\lib\hooks.tsx:658:26)
          at children (C:\Users\samhe\OneDrive\Desktop\Cleaned\frontend\node_mo
dules\react-router\lib\components.tsx:512:3)
          at basenameProp (C:\Users\samhe\OneDrive\Desktop\Cleaned\frontend\nod
e_modules\react-router\lib\components.tsx:421:13)
          at basename (C:\Users\samhe\OneDrive\Desktop\Cleaned\frontend\node_mo
dules\react-router\lib\components.tsx:225:3)

      262 |             }
      263 |         }))
    > 264 |         setEditor(null)
          |         ^
      265 |         setDraftWidget(null)
      266 |     }
      267 |

      at printWarning 
(node_modules/react-dom/cjs/react-dom.development.js:86:30)
      at error (node_modules/react-dom/cjs/react-dom.development.js:60:7)
      at warnIfUpdatesNotWrappedWithActDEV 
(node_modules/react-dom/cjs/react-dom.development.js:27628:9)
      at scheduleUpdateOnFiber 
(node_modules/react-dom/cjs/react-dom.development.js:25547:5)
      at dispatchSetState 
(node_modules/react-dom/cjs/react-dom.development.js:16708:7)
      at saveWidgetLocally 
(src/reporting/DashboardConfigurePage/DashboardConfigurePage.tsx:264:9)
      at HTMLUnknownElement.callCallback 
(node_modules/react-dom/cjs/react-dom.development.js:4164:14)
      at HTMLUnknownElement.callTheUserObjectsOperation 
(node_modules/jsdom/lib/jsdom/living/generated/EventListener.js:26:30)
      at innerInvokeEventListeners 
(node_modules/jsdom/lib/jsdom/living/events/EventTarget-impl.js:350:25)
      at invokeEventListeners 
(node_modules/jsdom/lib/jsdom/living/events/EventTarget-impl.js:286:3)
      at HTMLUnknownElementImpl._dispatch 
(node_modules/jsdom/lib/jsdom/living/events/EventTarget-impl.js:233:9)
      at HTMLUnknownElementImpl.dispatchEvent 
(node_modules/jsdom/lib/jsdom/living/events/EventTarget-impl.js:104:17)
      at HTMLUnknownElement.dispatchEvent 
(node_modules/jsdom/lib/jsdom/living/generated/EventTarget.js:241:34)
      at Object.invokeGuardedCallbackDev 
(node_modules/react-dom/cjs/react-dom.development.js:4213:16)
      at invokeGuardedCallback 
(node_modules/react-dom/cjs/react-dom.development.js:4277:31)
      at invokeGuardedCallbackAndCatchFirstError 
(node_modules/react-dom/cjs/react-dom.development.js:4291:25)
      at executeDispatch 
(node_modules/react-dom/cjs/react-dom.development.js:9041:3)
      at processDispatchQueueItemsInOrder 
(node_modules/react-dom/cjs/react-dom.development.js:9073:7)
      at processDispatchQueue 
(node_modules/react-dom/cjs/react-dom.development.js:9086:5)
      at dispatchEventsForPlugins 
(node_modules/react-dom/cjs/react-dom.development.js:9097:3)
      at node_modules/react-dom/cjs/react-dom.development.js:9288:12
      at batchedUpdates$1 
(node_modules/react-dom/cjs/react-dom.development.js:26179:12)
      at batchedUpdates 
(node_modules/react-dom/cjs/react-dom.development.js:3991:12)
      at dispatchEventForPluginEventSystem 
(node_modules/react-dom/cjs/react-dom.development.js:9287:3)
      at dispatchEventWithEnableCapturePhaseSelectiveHydrationWithoutDiscreteEv
entReplay (node_modules/react-dom/cjs/react-dom.development.js:6465:5)
      at dispatchEvent 
(node_modules/react-dom/cjs/react-dom.development.js:6457:5)
      at dispatchDiscreteEvent 
(node_modules/react-dom/cjs/react-dom.development.js:6430:5)
      at HTMLDivElement.callTheUserObjectsOperation 
(node_modules/jsdom/lib/jsdom/living/generated/EventListener.js:26:30)
      at innerInvokeEventListeners 
(node_modules/jsdom/lib/jsdom/living/events/EventTarget-impl.js:350:25)
      at invokeEventListeners 
(node_modules/jsdom/lib/jsdom/living/events/EventTarget-impl.js:286:3)
      at HTMLButtonElementImpl._dispatch 
(node_modules/jsdom/lib/jsdom/living/events/EventTarget-impl.js:233:9)
      at HTMLButtonElementImpl.dispatchEvent 
(node_modules/jsdom/lib/jsdom/living/events/EventTarget-impl.js:104:17)
      at HTMLButtonElement.dispatchEvent 
(node_modules/jsdom/lib/jsdom/living/generated/EventTarget.js:241:34)
      at 
node_modules/@testing-library/user-event/dist/cjs/event/dispatchEvent.js:45:43
      at Object.eventWrapper 
(node_modules/@testing-library/dom/dist/config.js:25:23)
      at Object.wrapEvent 
(node_modules/@testing-library/user-event/dist/cjs/event/wrapEvent.js:6:28)
      at Object.dispatchEvent (node_modules/@testing-library/user-event/dist/cj
s/event/dispatchEvent.js:45:22)
      at Object.dispatchUIEvent (node_modules/@testing-library/user-event/dist/
cjs/event/dispatchEvent.js:22:26)
      at Mouse.up (node_modules/@testing-library/user-event/dist/cjs/system/poi
nter/mouse.js:100:30)
      at PointerHost.release (node_modules/@testing-library/user-event/dist/cjs
/system/pointer/index.js:87:24)
      at pointerAction 
(node_modules/@testing-library/user-event/dist/cjs/pointer/index.js:54:47)
      at Object.pointer 
(node_modules/@testing-library/user-event/dist/cjs/pointer/index.js:27:9)
      at Object.<anonymous> (src/reporting/__tests__/reports.test.tsx:1311:9)

    console.error
      Warning: An update to DashboardConfigurePage inside a test was not 
wrapped in act(...).
      
      When testing, code that causes React state updates should be wrapped 
into act(...):
      
      act(() => {
        /* fire events that update state */
      });
      /* assert on the output */
      
      This ensures that you're testing the behavior the user would see in the 
browser. Learn more at https://reactjs.org/link/wrap-tests-with-act
          at DashboardConfigurePage (C:\Users\samhe\OneDrive\Desktop\Cleaned\fr
ontend\src\reporting\DashboardConfigurePage\DashboardConfigurePage.tsx:107:29)
          at routeContext (C:\Users\samhe\OneDrive\Desktop\Cleaned\frontend\nod
e_modules\react-router\lib\hooks.tsx:658:26)
          at children (C:\Users\samhe\OneDrive\Desktop\Cleaned\frontend\node_mo
dules\react-router\lib\components.tsx:512:3)
          at basenameProp (C:\Users\samhe\OneDrive\Desktop\Cleaned\frontend\nod
e_modules\react-router\lib\components.tsx:421:13)
          at basename (C:\Users\samhe\OneDrive\Desktop\Cleaned\frontend\node_mo
dules\react-router\lib\components.tsx:225:3)

      263 |         }))
      264 |         setEditor(null)
    > 265 |         setDraftWidget(null)
          |         ^
      266 |     }
      267 |
      268 |     function removeWidget(slotId: number, sectionId?: number | 
null) {

      at printWarning 
(node_modules/react-dom/cjs/react-dom.development.js:86:30)
      at error (node_modules/react-dom/cjs/react-dom.development.js:60:7)
      at warnIfUpdatesNotWrappedWithActDEV 
(node_modules/react-dom/cjs/react-dom.development.js:27628:9)
      at scheduleUpdateOnFiber 
(node_modules/react-dom/cjs/react-dom.development.js:25547:5)
      at dispatchSetState 
(node_modules/react-dom/cjs/react-dom.development.js:16708:7)
      at saveWidgetLocally 
(src/reporting/DashboardConfigurePage/DashboardConfigurePage.tsx:265:9)
      at HTMLUnknownElement.callCallback 
(node_modules/react-dom/cjs/react-dom.development.js:4164:14)
      at HTMLUnknownElement.callTheUserObjectsOperation 
(node_modules/jsdom/lib/jsdom/living/generated/EventListener.js:26:30)
      at innerInvokeEventListeners 
(node_modules/jsdom/lib/jsdom/living/events/EventTarget-impl.js:350:25)
      at invokeEventListeners 
(node_modules/jsdom/lib/jsdom/living/events/EventTarget-impl.js:286:3)
      at HTMLUnknownElementImpl._dispatch 
(node_modules/jsdom/lib/jsdom/living/events/EventTarget-impl.js:233:9)
      at HTMLUnknownElementImpl.dispatchEvent 
(node_modules/jsdom/lib/jsdom/living/events/EventTarget-impl.js:104:17)
      at HTMLUnknownElement.dispatchEvent 
(node_modules/jsdom/lib/jsdom/living/generated/EventTarget.js:241:34)
      at Object.invokeGuardedCallbackDev 
(node_modules/react-dom/cjs/react-dom.development.js:4213:16)
      at invokeGuardedCallback 
(node_modules/react-dom/cjs/react-dom.development.js:4277:31)
      at invokeGuardedCallbackAndCatchFirstError 
(node_modules/react-dom/cjs/react-dom.development.js:4291:25)
      at executeDispatch 
(node_modules/react-dom/cjs/react-dom.development.js:9041:3)
      at processDispatchQueueItemsInOrder 
(node_modules/react-dom/cjs/react-dom.development.js:9073:7)
      at processDispatchQueue 
(node_modules/react-dom/cjs/react-dom.development.js:9086:5)
      at dispatchEventsForPlugins 
(node_modules/react-dom/cjs/react-dom.development.js:9097:3)
      at node_modules/react-dom/cjs/react-dom.development.js:9288:12
      at batchedUpdates$1 
(node_modules/react-dom/cjs/react-dom.development.js:26179:12)
      at batchedUpdates 
(node_modules/react-dom/cjs/react-dom.development.js:3991:12)
      at dispatchEventForPluginEventSystem 
(node_modules/react-dom/cjs/react-dom.development.js:9287:3)
      at dispatchEventWithEnableCapturePhaseSelectiveHydrationWithoutDiscreteEv
entReplay (node_modules/react-dom/cjs/react-dom.development.js:6465:5)
      at dispatchEvent 
(node_modules/react-dom/cjs/react-dom.development.js:6457:5)
      at dispatchDiscreteEvent 
(node_modules/react-dom/cjs/react-dom.development.js:6430:5)
      at HTMLDivElement.callTheUserObjectsOperation 
(node_modules/jsdom/lib/jsdom/living/generated/EventListener.js:26:30)
      at innerInvokeEventListeners 
(node_modules/jsdom/lib/jsdom/living/events/EventTarget-impl.js:350:25)
      at invokeEventListeners 
(node_modules/jsdom/lib/jsdom/living/events/EventTarget-impl.js:286:3)
      at HTMLButtonElementImpl._dispatch 
(node_modules/jsdom/lib/jsdom/living/events/EventTarget-impl.js:233:9)
      at HTMLButtonElementImpl.dispatchEvent 
(node_modules/jsdom/lib/jsdom/living/events/EventTarget-impl.js:104:17)
      at HTMLButtonElement.dispatchEvent 
(node_modules/jsdom/lib/jsdom/living/generated/EventTarget.js:241:34)
      at 
node_modules/@testing-library/user-event/dist/cjs/event/dispatchEvent.js:45:43
      at Object.eventWrapper 
(node_modules/@testing-library/dom/dist/config.js:25:23)
      at Object.wrapEvent 
(node_modules/@testing-library/user-event/dist/cjs/event/wrapEvent.js:6:28)
      at Object.dispatchEvent (node_modules/@testing-library/user-event/dist/cj
s/event/dispatchEvent.js:45:22)
      at Object.dispatchUIEvent (node_modules/@testing-library/user-event/dist/
cjs/event/dispatchEvent.js:22:26)
      at Mouse.up (node_modules/@testing-library/user-event/dist/cjs/system/poi
nter/mouse.js:100:30)
      at PointerHost.release (node_modules/@testing-library/user-event/dist/cjs
/system/pointer/index.js:87:24)
      at pointerAction 
(node_modules/@testing-library/user-event/dist/cjs/pointer/index.js:54:47)
      at Object.pointer 
(node_modules/@testing-library/user-event/dist/cjs/pointer/index.js:27:9)
      at Object.<anonymous> (src/reporting/__tests__/reports.test.tsx:1311:9)

    console.error
      Warning: An update to DashboardLiveWidget inside a test was not wrapped 
in act(...).
      
      When testing, code that causes React state updates should be wrapped 
into act(...):
      
      act(() => {
        /* fire events that update state */
      });
      /* assert on the output */
      
      This ensures that you're testing the behavior the user would see in the 
browser. Learn more at https://reactjs.org/link/wrap-tests-with-act
          at DashboardLiveWidget (C:\Users\samhe\OneDrive\Desktop\Cleaned\front
end\src\reporting\dashboardWidgets.tsx:534:5)
          at div
          at div
          at div
          at div
          at div
          at div
          at div
          at DashboardConfigurePage (C:\Users\samhe\OneDrive\Desktop\Cleaned\fr
ontend\src\reporting\DashboardConfigurePage\DashboardConfigurePage.tsx:107:29)
          at routeContext (C:\Users\samhe\OneDrive\Desktop\Cleaned\frontend\nod
e_modules\react-router\lib\hooks.tsx:658:26)
          at children (C:\Users\samhe\OneDrive\Desktop\Cleaned\frontend\node_mo
dules\react-router\lib\components.tsx:512:3)
          at basenameProp (C:\Users\samhe\OneDrive\Desktop\Cleaned\frontend\nod
e_modules\react-router\lib\components.tsx:421:13)
          at basename (C:\Users\samhe\OneDrive\Desktop\Cleaned\frontend\node_mo
dules\react-router\lib\components.tsx:225:3)

      570 |             .then((result) => {
      571 |                 if (cancelled) return
    > 572 |                 setData(result)
          |                 ^
      573 |             })
      574 |             .catch((err) => {
      575 |                 if (cancelled) return

      at printWarning 
(node_modules/react-dom/cjs/react-dom.development.js:86:30)
      at error (node_modules/react-dom/cjs/react-dom.development.js:60:7)
      at warnIfUpdatesNotWrappedWithActDEV 
(node_modules/react-dom/cjs/react-dom.development.js:27628:9)
      at scheduleUpdateOnFiber 
(node_modules/react-dom/cjs/react-dom.development.js:25547:5)
      at dispatchSetState 
(node_modules/react-dom/cjs/react-dom.development.js:16708:7)
      at src/reporting/dashboardWidgets.tsx:572:17

    console.error
      Warning: An update to DashboardLiveWidget inside a test was not wrapped 
in act(...).
      
      When testing, code that causes React state updates should be wrapped 
into act(...):
      
      act(() => {
        /* fire events that update state */
      });
      /* assert on the output */
      
      This ensures that you're testing the behavior the user would see in the 
browser. Learn more at https://reactjs.org/link/wrap-tests-with-act
          at DashboardLiveWidget (C:\Users\samhe\OneDrive\Desktop\Cleaned\front
end\src\reporting\dashboardWidgets.tsx:534:5)
          at div
          at div
          at div
          at div
          at div
          at div
          at div
          at DashboardConfigurePage (C:\Users\samhe\OneDrive\Desktop\Cleaned\fr
ontend\src\reporting\DashboardConfigurePage\DashboardConfigurePage.tsx:107:29)
          at routeContext (C:\Users\samhe\OneDrive\Desktop\Cleaned\frontend\nod
e_modules\react-router\lib\hooks.tsx:658:26)
          at children (C:\Users\samhe\OneDrive\Desktop\Cleaned\frontend\node_mo
dules\react-router\lib\components.tsx:512:3)
          at basenameProp (C:\Users\samhe\OneDrive\Desktop\Cleaned\frontend\nod
e_modules\react-router\lib\components.tsx:421:13)
          at basename (C:\Users\samhe\OneDrive\Desktop\Cleaned\frontend\node_mo
dules\react-router\lib\components.tsx:225:3)

      579 |             .finally(() => {
      580 |                 if (cancelled) return
    > 581 |                 setLoading(false)
          |                 ^
      582 |             })
      583 |         return () => { cancelled = true }
      584 |     }, [normalizedWidget, filters])

      at printWarning 
(node_modules/react-dom/cjs/react-dom.development.js:86:30)
      at error (node_modules/react-dom/cjs/react-dom.development.js:60:7)
      at warnIfUpdatesNotWrappedWithActDEV 
(node_modules/react-dom/cjs/react-dom.development.js:27628:9)
      at scheduleUpdateOnFiber 
(node_modules/react-dom/cjs/react-dom.development.js:25547:5)
      at dispatchSetState 
(node_modules/react-dom/cjs/react-dom.development.js:16708:7)
      at src/reporting/dashboardWidgets.tsx:581:17

    console.error
      Warning: An update to DashboardConfigurePage inside a test was not 
wrapped in act(...).
      
      When testing, code that causes React state updates should be wrapped 
into act(...):
      
      act(() => {
        /* fire events that update state */
      });
      /* assert on the output */
      
      This ensures that you're testing the behavior the user would see in the 
browser. Learn more at https://reactjs.org/link/wrap-tests-with-act
          at DashboardConfigurePage (C:\Users\samhe\OneDrive\Desktop\Cleaned\fr
ontend\src\reporting\DashboardConfigurePage\DashboardConfigurePage.tsx:107:29)
          at routeContext (C:\Users\samhe\OneDrive\Desktop\Cleaned\frontend\nod
e_modules\react-router\lib\hooks.tsx:658:26)
          at children (C:\Users\samhe\OneDrive\Desktop\Cleaned\frontend\node_mo
dules\react-router\lib\components.tsx:512:3)
          at basenameProp (C:\Users\samhe\OneDrive\Desktop\Cleaned\frontend\nod
e_modules\react-router\lib\components.tsx:421:13)
          at basename (C:\Users\samhe\OneDrive\Desktop\Cleaned\frontend\node_mo
dules\react-router\lib\components.tsx:225:3)

      226 |     function openEditor(slotId: number, sectionId?: number | null) 
{
      227 |         const existing = getWidgetsForSlot(slotId, sectionId)[0]
    > 228 |         setEditor({ slotId, sectionId, widget: existing })
          |         ^
      229 |         setDraftWidget(existing ? normalizeWidget(existing) : 
blankWidget(slotId, sectionId))
      230 |     }
      231 |

      at printWarning 
(node_modules/react-dom/cjs/react-dom.development.js:86:30)
      at error (node_modules/react-dom/cjs/react-dom.development.js:60:7)
      at warnIfUpdatesNotWrappedWithActDEV 
(node_modules/react-dom/cjs/react-dom.development.js:27628:9)
      at scheduleUpdateOnFiber 
(node_modules/react-dom/cjs/react-dom.development.js:25547:5)
      at dispatchSetState 
(node_modules/react-dom/cjs/react-dom.development.js:16708:7)
      at openEditor 
(src/reporting/DashboardConfigurePage/DashboardConfigurePage.tsx:228:9)
      at onClick 
(src/reporting/DashboardConfigurePage/DashboardConfigurePage.tsx:356:56)
      at HTMLUnknownElement.callCallback 
(node_modules/react-dom/cjs/react-dom.development.js:4164:14)
      at HTMLUnknownElement.callTheUserObjectsOperation 
(node_modules/jsdom/lib/jsdom/living/generated/EventListener.js:26:30)
      at innerInvokeEventListeners 
(node_modules/jsdom/lib/jsdom/living/events/EventTarget-impl.js:350:25)
      at invokeEventListeners 
(node_modules/jsdom/lib/jsdom/living/events/EventTarget-impl.js:286:3)
      at HTMLUnknownElementImpl._dispatch 
(node_modules/jsdom/lib/jsdom/living/events/EventTarget-impl.js:233:9)
      at HTMLUnknownElementImpl.dispatchEvent 
(node_modules/jsdom/lib/jsdom/living/events/EventTarget-impl.js:104:17)
      at HTMLUnknownElement.dispatchEvent 
(node_modules/jsdom/lib/jsdom/living/generated/EventTarget.js:241:34)
      at Object.invokeGuardedCallbackDev 
(node_modules/react-dom/cjs/react-dom.development.js:4213:16)
      at invokeGuardedCallback 
(node_modules/react-dom/cjs/react-dom.development.js:4277:31)
      at invokeGuardedCallbackAndCatchFirstError 
(node_modules/react-dom/cjs/react-dom.development.js:4291:25)
      at executeDispatch 
(node_modules/react-dom/cjs/react-dom.development.js:9041:3)
      at processDispatchQueueItemsInOrder 
(node_modules/react-dom/cjs/react-dom.development.js:9073:7)
      at processDispatchQueue 
(node_modules/react-dom/cjs/react-dom.development.js:9086:5)
      at dispatchEventsForPlugins 
(node_modules/react-dom/cjs/react-dom.development.js:9097:3)
      at node_modules/react-dom/cjs/react-dom.development.js:9288:12
      at batchedUpdates$1 
(node_modules/react-dom/cjs/react-dom.development.js:26179:12)
      at batchedUpdates 
(node_modules/react-dom/cjs/react-dom.development.js:3991:12)
      at dispatchEventForPluginEventSystem 
(node_modules/react-dom/cjs/react-dom.development.js:9287:3)
      at dispatchEventWithEnableCapturePhaseSelectiveHydrationWithoutDiscreteEv
entReplay (node_modules/react-dom/cjs/react-dom.development.js:6465:5)
      at dispatchEvent 
(node_modules/react-dom/cjs/react-dom.development.js:6457:5)
      at dispatchDiscreteEvent 
(node_modules/react-dom/cjs/react-dom.development.js:6430:5)
      at HTMLDivElement.callTheUserObjectsOperation 
(node_modules/jsdom/lib/jsdom/living/generated/EventListener.js:26:30)
      at innerInvokeEventListeners 
(node_modules/jsdom/lib/jsdom/living/events/EventTarget-impl.js:350:25)
      at invokeEventListeners 
(node_modules/jsdom/lib/jsdom/living/events/EventTarget-impl.js:286:3)
      at HTMLButtonElementImpl._dispatch 
(node_modules/jsdom/lib/jsdom/living/events/EventTarget-impl.js:233:9)
      at HTMLButtonElementImpl.dispatchEvent 
(node_modules/jsdom/lib/jsdom/living/events/EventTarget-impl.js:104:17)
      at HTMLButtonElement.dispatchEvent 
(node_modules/jsdom/lib/jsdom/living/generated/EventTarget.js:241:34)
      at 
node_modules/@testing-library/user-event/dist/cjs/event/dispatchEvent.js:45:43
      at Object.eventWrapper 
(node_modules/@testing-library/dom/dist/config.js:25:23)
      at Object.wrapEvent 
(node_modules/@testing-library/user-event/dist/cjs/event/wrapEvent.js:6:28)
      at Object.dispatchEvent (node_modules/@testing-library/user-event/dist/cj
s/event/dispatchEvent.js:45:22)
      at Object.dispatchUIEvent (node_modules/@testing-library/user-event/dist/
cjs/event/dispatchEvent.js:22:26)
      at Mouse.up (node_modules/@testing-library/user-event/dist/cjs/system/poi
nter/mouse.js:100:30)
      at PointerHost.release (node_modules/@testing-library/user-event/dist/cjs
/system/pointer/index.js:87:24)
      at pointerAction 
(node_modules/@testing-library/user-event/dist/cjs/pointer/index.js:54:47)
      at Object.pointer 
(node_modules/@testing-library/user-event/dist/cjs/pointer/index.js:27:9)
      at Object.<anonymous> (src/reporting/__tests__/reports.test.tsx:1336:9)

    console.error
      Warning: An update to DashboardConfigurePage inside a test was not 
wrapped in act(...).
      
      When testing, code that causes React state updates should be wrapped 
into act(...):
      
      act(() => {
        /* fire events that update state */
      });
      /* assert on the output */
      
      This ensures that you're testing the behavior the user would see in the 
browser. Learn more at https://reactjs.org/link/wrap-tests-with-act
          at DashboardConfigurePage (C:\Users\samhe\OneDrive\Desktop\Cleaned\fr
ontend\src\reporting\DashboardConfigurePage\DashboardConfigurePage.tsx:107:29)
          at routeContext (C:\Users\samhe\OneDrive\Desktop\Cleaned\frontend\nod
e_modules\react-router\lib\hooks.tsx:658:26)
          at children (C:\Users\samhe\OneDrive\Desktop\Cleaned\frontend\node_mo
dules\react-router\lib\components.tsx:512:3)
          at basenameProp (C:\Users\samhe\OneDrive\Desktop\Cleaned\frontend\nod
e_modules\react-router\lib\components.tsx:421:13)
          at basename (C:\Users\samhe\OneDrive\Desktop\Cleaned\frontend\node_mo
dules\react-router\lib\components.tsx:225:3)

      227 |         const existing = getWidgetsForSlot(slotId, sectionId)[0]
      228 |         setEditor({ slotId, sectionId, widget: existing })
    > 229 |         setDraftWidget(existing ? normalizeWidget(existing) : 
blankWidget(slotId, sectionId))
          |         ^
      230 |     }
      231 |
      232 |     function saveWidgetLocally() {

      at printWarning 
(node_modules/react-dom/cjs/react-dom.development.js:86:30)
      at error (node_modules/react-dom/cjs/react-dom.development.js:60:7)
      at warnIfUpdatesNotWrappedWithActDEV 
(node_modules/react-dom/cjs/react-dom.development.js:27628:9)
      at scheduleUpdateOnFiber 
(node_modules/react-dom/cjs/react-dom.development.js:25547:5)
      at dispatchSetState 
(node_modules/react-dom/cjs/react-dom.development.js:16708:7)
      at openEditor 
(src/reporting/DashboardConfigurePage/DashboardConfigurePage.tsx:229:9)
      at onClick 
(src/reporting/DashboardConfigurePage/DashboardConfigurePage.tsx:356:56)
      at HTMLUnknownElement.callCallback 
(node_modules/react-dom/cjs/react-dom.development.js:4164:14)
      at HTMLUnknownElement.callTheUserObjectsOperation 
(node_modules/jsdom/lib/jsdom/living/generated/EventListener.js:26:30)
      at innerInvokeEventListeners 
(node_modules/jsdom/lib/jsdom/living/events/EventTarget-impl.js:350:25)
      at invokeEventListeners 
(node_modules/jsdom/lib/jsdom/living/events/EventTarget-impl.js:286:3)
      at HTMLUnknownElementImpl._dispatch 
(node_modules/jsdom/lib/jsdom/living/events/EventTarget-impl.js:233:9)
      at HTMLUnknownElementImpl.dispatchEvent 
(node_modules/jsdom/lib/jsdom/living/events/EventTarget-impl.js:104:17)
      at HTMLUnknownElement.dispatchEvent 
(node_modules/jsdom/lib/jsdom/living/generated/EventTarget.js:241:34)
      at Object.invokeGuardedCallbackDev 
(node_modules/react-dom/cjs/react-dom.development.js:4213:16)
      at invokeGuardedCallback 
(node_modules/react-dom/cjs/react-dom.development.js:4277:31)
      at invokeGuardedCallbackAndCatchFirstError 
(node_modules/react-dom/cjs/react-dom.development.js:4291:25)
      at executeDispatch 
(node_modules/react-dom/cjs/react-dom.development.js:9041:3)
      at processDispatchQueueItemsInOrder 
(node_modules/react-dom/cjs/react-dom.development.js:9073:7)
      at processDispatchQueue 
(node_modules/react-dom/cjs/react-dom.development.js:9086:5)
      at dispatchEventsForPlugins 
(node_modules/react-dom/cjs/react-dom.development.js:9097:3)
      at node_modules/react-dom/cjs/react-dom.development.js:9288:12
      at batchedUpdates$1 
(node_modules/react-dom/cjs/react-dom.development.js:26179:12)
      at batchedUpdates 
(node_modules/react-dom/cjs/react-dom.development.js:3991:12)
      at dispatchEventForPluginEventSystem 
(node_modules/react-dom/cjs/react-dom.development.js:9287:3)
      at dispatchEventWithEnableCapturePhaseSelectiveHydrationWithoutDiscreteEv
entReplay (node_modules/react-dom/cjs/react-dom.development.js:6465:5)
      at dispatchEvent 
(node_modules/react-dom/cjs/react-dom.development.js:6457:5)
      at dispatchDiscreteEvent 
(node_modules/react-dom/cjs/react-dom.development.js:6430:5)
      at HTMLDivElement.callTheUserObjectsOperation 
(node_modules/jsdom/lib/jsdom/living/generated/EventListener.js:26:30)
      at innerInvokeEventListeners 
(node_modules/jsdom/lib/jsdom/living/events/EventTarget-impl.js:350:25)
      at invokeEventListeners 
(node_modules/jsdom/lib/jsdom/living/events/EventTarget-impl.js:286:3)
      at HTMLButtonElementImpl._dispatch 
(node_modules/jsdom/lib/jsdom/living/events/EventTarget-impl.js:233:9)
      at HTMLButtonElementImpl.dispatchEvent 
(node_modules/jsdom/lib/jsdom/living/events/EventTarget-impl.js:104:17)
      at HTMLButtonElement.dispatchEvent 
(node_modules/jsdom/lib/jsdom/living/generated/EventTarget.js:241:34)
      at 
node_modules/@testing-library/user-event/dist/cjs/event/dispatchEvent.js:45:43
      at Object.eventWrapper 
(node_modules/@testing-library/dom/dist/config.js:25:23)
      at Object.wrapEvent 
(node_modules/@testing-library/user-event/dist/cjs/event/wrapEvent.js:6:28)
      at Object.dispatchEvent (node_modules/@testing-library/user-event/dist/cj
s/event/dispatchEvent.js:45:22)
      at Object.dispatchUIEvent (node_modules/@testing-library/user-event/dist/
cjs/event/dispatchEvent.js:22:26)
      at Mouse.up (node_modules/@testing-library/user-event/dist/cjs/system/poi
nter/mouse.js:100:30)
      at PointerHost.release (node_modules/@testing-library/user-event/dist/cjs
/system/pointer/index.js:87:24)
      at pointerAction 
(node_modules/@testing-library/user-event/dist/cjs/pointer/index.js:54:47)
      at Object.pointer 
(node_modules/@testing-library/user-event/dist/cjs/pointer/index.js:27:9)
      at Object.<anonymous> (src/reporting/__tests__/reports.test.tsx:1336:9)

    console.error
      Warning: An update to DashboardConfigurePage inside a test was not 
wrapped in act(...).
      
      When testing, code that causes React state updates should be wrapped 
into act(...):
      
      act(() => {
        /* fire events that update state */
      });
      /* assert on the output */
      
      This ensures that you're testing the behavior the user would see in the 
browser. Learn more at https://reactjs.org/link/wrap-tests-with-act
          at DashboardConfigurePage (C:\Users\samhe\OneDrive\Desktop\Cleaned\fr
ontend\src\reporting\DashboardConfigurePage\DashboardConfigurePage.tsx:107:29)
          at routeContext (C:\Users\samhe\OneDrive\Desktop\Cleaned\frontend\nod
e_modules\react-router\lib\hooks.tsx:658:26)
          at children (C:\Users\samhe\OneDrive\Desktop\Cleaned\frontend\node_mo
dules\react-router\lib\components.tsx:512:3)
          at basenameProp (C:\Users\samhe\OneDrive\Desktop\Cleaned\frontend\nod
e_modules\react-router\lib\components.tsx:421:13)
          at basename (C:\Users\samhe\OneDrive\Desktop\Cleaned\frontend\node_mo
dules\react-router\lib\components.tsx:225:3)

      280 |
      281 |     function addWidgetFilter() {
    > 282 |         setDraftWidget((prev) => prev ? { ...prev, filters: 
[...(prev.filters ?? []), { field: '', operator: 'equals' as const, value: '' 
}] } : prev)
          |         ^
      283 |     }
      284 |
      285 |     function updateWidgetFilter(idx: number, key: 'field' | 
'operator' | 'value', value: string) {

      at printWarning 
(node_modules/react-dom/cjs/react-dom.development.js:86:30)
      at error (node_modules/react-dom/cjs/react-dom.development.js:60:7)
      at warnIfUpdatesNotWrappedWithActDEV 
(node_modules/react-dom/cjs/react-dom.development.js:27628:9)
      at scheduleUpdateOnFiber 
(node_modules/react-dom/cjs/react-dom.development.js:25547:5)
      at dispatchSetState 
(node_modules/react-dom/cjs/react-dom.development.js:16708:7)
      at addWidgetFilter 
(src/reporting/DashboardConfigurePage/DashboardConfigurePage.tsx:282:9)
      at HTMLUnknownElement.callCallback 
(node_modules/react-dom/cjs/react-dom.development.js:4164:14)
      at HTMLUnknownElement.callTheUserObjectsOperation 
(node_modules/jsdom/lib/jsdom/living/generated/EventListener.js:26:30)
      at innerInvokeEventListeners 
(node_modules/jsdom/lib/jsdom/living/events/EventTarget-impl.js:350:25)
      at invokeEventListeners 
(node_modules/jsdom/lib/jsdom/living/events/EventTarget-impl.js:286:3)
      at HTMLUnknownElementImpl._dispatch 
(node_modules/jsdom/lib/jsdom/living/events/EventTarget-impl.js:233:9)
      at HTMLUnknownElementImpl.dispatchEvent 
(node_modules/jsdom/lib/jsdom/living/events/EventTarget-impl.js:104:17)
      at HTMLUnknownElement.dispatchEvent 
(node_modules/jsdom/lib/jsdom/living/generated/EventTarget.js:241:34)
      at Object.invokeGuardedCallbackDev 
(node_modules/react-dom/cjs/react-dom.development.js:4213:16)
      at invokeGuardedCallback 
(node_modules/react-dom/cjs/react-dom.development.js:4277:31)
      at invokeGuardedCallbackAndCatchFirstError 
(node_modules/react-dom/cjs/react-dom.development.js:4291:25)
      at executeDispatch 
(node_modules/react-dom/cjs/react-dom.development.js:9041:3)
      at processDispatchQueueItemsInOrder 
(node_modules/react-dom/cjs/react-dom.development.js:9073:7)
      at processDispatchQueue 
(node_modules/react-dom/cjs/react-dom.development.js:9086:5)
      at dispatchEventsForPlugins 
(node_modules/react-dom/cjs/react-dom.development.js:9097:3)
      at node_modules/react-dom/cjs/react-dom.development.js:9288:12
      at batchedUpdates$1 
(node_modules/react-dom/cjs/react-dom.development.js:26179:12)
      at batchedUpdates 
(node_modules/react-dom/cjs/react-dom.development.js:3991:12)
      at dispatchEventForPluginEventSystem 
(node_modules/react-dom/cjs/react-dom.development.js:9287:3)
      at dispatchEventWithEnableCapturePhaseSelectiveHydrationWithoutDiscreteEv
entReplay (node_modules/react-dom/cjs/react-dom.development.js:6465:5)
      at dispatchEvent 
(node_modules/react-dom/cjs/react-dom.development.js:6457:5)
      at dispatchDiscreteEvent 
(node_modules/react-dom/cjs/react-dom.development.js:6430:5)
      at HTMLDivElement.callTheUserObjectsOperation 
(node_modules/jsdom/lib/jsdom/living/generated/EventListener.js:26:30)
      at innerInvokeEventListeners 
(node_modules/jsdom/lib/jsdom/living/events/EventTarget-impl.js:350:25)
      at invokeEventListeners 
(node_modules/jsdom/lib/jsdom/living/events/EventTarget-impl.js:286:3)
      at HTMLButtonElementImpl._dispatch 
(node_modules/jsdom/lib/jsdom/living/events/EventTarget-impl.js:233:9)
      at HTMLButtonElementImpl.dispatchEvent 
(node_modules/jsdom/lib/jsdom/living/events/EventTarget-impl.js:104:17)
      at HTMLButtonElement.dispatchEvent 
(node_modules/jsdom/lib/jsdom/living/generated/EventTarget.js:241:34)
      at 
node_modules/@testing-library/user-event/dist/cjs/event/dispatchEvent.js:45:43
      at Object.eventWrapper 
(node_modules/@testing-library/dom/dist/config.js:25:23)
      at Object.wrapEvent 
(node_modules/@testing-library/user-event/dist/cjs/event/wrapEvent.js:6:28)
      at Object.dispatchEvent (node_modules/@testing-library/user-event/dist/cj
s/event/dispatchEvent.js:45:22)
      at Object.dispatchUIEvent (node_modules/@testing-library/user-event/dist/
cjs/event/dispatchEvent.js:22:26)
      at Mouse.up (node_modules/@testing-library/user-event/dist/cjs/system/poi
nter/mouse.js:100:30)
      at PointerHost.release (node_modules/@testing-library/user-event/dist/cjs
/system/pointer/index.js:87:24)
      at pointerAction 
(node_modules/@testing-library/user-event/dist/cjs/pointer/index.js:54:47)
      at Object.pointer 
(node_modules/@testing-library/user-event/dist/cjs/pointer/index.js:27:9)
      at Object.<anonymous> (src/reporting/__tests__/reports.test.tsx:1345:9)

    console.error
      Warning: An update to DashboardConfigurePage inside a test was not 
wrapped in act(...).
      
      When testing, code that causes React state updates should be wrapped 
into act(...):
      
      act(() => {
        /* fire events that update state */
      });
      /* assert on the output */
      
      This ensures that you're testing the behavior the user would see in the 
browser. Learn more at https://reactjs.org/link/wrap-tests-with-act
          at DashboardConfigurePage (C:\Users\samhe\OneDrive\Desktop\Cleaned\fr
ontend\src\reporting\DashboardConfigurePage\DashboardConfigurePage.tsx:107:29)
          at routeContext (C:\Users\samhe\OneDrive\Desktop\Cleaned\frontend\nod
e_modules\react-router\lib\hooks.tsx:658:26)
          at children (C:\Users\samhe\OneDrive\Desktop\Cleaned\frontend\node_mo
dules\react-router\lib\components.tsx:512:3)
          at basenameProp (C:\Users\samhe\OneDrive\Desktop\Cleaned\frontend\nod
e_modules\react-router\lib\components.tsx:421:13)
          at basename (C:\Users\samhe\OneDrive\Desktop\Cleaned\frontend\node_mo
dules\react-router\lib\components.tsx:225:3)

      226 |     function openEditor(slotId: number, sectionId?: number | null) 
{
      227 |         const existing = getWidgetsForSlot(slotId, sectionId)[0]
    > 228 |         setEditor({ slotId, sectionId, widget: existing })
          |         ^
      229 |         setDraftWidget(existing ? normalizeWidget(existing) : 
blankWidget(slotId, sectionId))
      230 |     }
      231 |

      at printWarning 
(node_modules/react-dom/cjs/react-dom.development.js:86:30)
      at error (node_modules/react-dom/cjs/react-dom.development.js:60:7)
      at warnIfUpdatesNotWrappedWithActDEV 
(node_modules/react-dom/cjs/react-dom.development.js:27628:9)
      at scheduleUpdateOnFiber 
(node_modules/react-dom/cjs/react-dom.development.js:25547:5)
      at dispatchSetState 
(node_modules/react-dom/cjs/react-dom.development.js:16708:7)
      at openEditor 
(src/reporting/DashboardConfigurePage/DashboardConfigurePage.tsx:228:9)
      at onClick 
(src/reporting/DashboardConfigurePage/DashboardConfigurePage.tsx:356:56)
      at HTMLUnknownElement.callCallback 
(node_modules/react-dom/cjs/react-dom.development.js:4164:14)
      at HTMLUnknownElement.callTheUserObjectsOperation 
(node_modules/jsdom/lib/jsdom/living/generated/EventListener.js:26:30)
      at innerInvokeEventListeners 
(node_modules/jsdom/lib/jsdom/living/events/EventTarget-impl.js:350:25)
      at invokeEventListeners 
(node_modules/jsdom/lib/jsdom/living/events/EventTarget-impl.js:286:3)
      at HTMLUnknownElementImpl._dispatch 
(node_modules/jsdom/lib/jsdom/living/events/EventTarget-impl.js:233:9)
      at HTMLUnknownElementImpl.dispatchEvent 
(node_modules/jsdom/lib/jsdom/living/events/EventTarget-impl.js:104:17)
      at HTMLUnknownElement.dispatchEvent 
(node_modules/jsdom/lib/jsdom/living/generated/EventTarget.js:241:34)
      at Object.invokeGuardedCallbackDev 
(node_modules/react-dom/cjs/react-dom.development.js:4213:16)
      at invokeGuardedCallback 
(node_modules/react-dom/cjs/react-dom.development.js:4277:31)
      at invokeGuardedCallbackAndCatchFirstError 
(node_modules/react-dom/cjs/react-dom.development.js:4291:25)
      at executeDispatch 
(node_modules/react-dom/cjs/react-dom.development.js:9041:3)
      at processDispatchQueueItemsInOrder 
(node_modules/react-dom/cjs/react-dom.development.js:9073:7)
      at processDispatchQueue 
(node_modules/react-dom/cjs/react-dom.development.js:9086:5)
      at dispatchEventsForPlugins 
(node_modules/react-dom/cjs/react-dom.development.js:9097:3)
      at node_modules/react-dom/cjs/react-dom.development.js:9288:12
      at batchedUpdates$1 
(node_modules/react-dom/cjs/react-dom.development.js:26179:12)
      at batchedUpdates 
(node_modules/react-dom/cjs/react-dom.development.js:3991:12)
      at dispatchEventForPluginEventSystem 
(node_modules/react-dom/cjs/react-dom.development.js:9287:3)
      at dispatchEventWithEnableCapturePhaseSelectiveHydrationWithoutDiscreteEv
entReplay (node_modules/react-dom/cjs/react-dom.development.js:6465:5)
      at dispatchEvent 
(node_modules/react-dom/cjs/react-dom.development.js:6457:5)
      at dispatchDiscreteEvent 
(node_modules/react-dom/cjs/react-dom.development.js:6430:5)
      at HTMLDivElement.callTheUserObjectsOperation 
(node_modules/jsdom/lib/jsdom/living/generated/EventListener.js:26:30)
      at innerInvokeEventListeners 
(node_modules/jsdom/lib/jsdom/living/events/EventTarget-impl.js:350:25)
      at invokeEventListeners 
(node_modules/jsdom/lib/jsdom/living/events/EventTarget-impl.js:286:3)
      at HTMLButtonElementImpl._dispatch 
(node_modules/jsdom/lib/jsdom/living/events/EventTarget-impl.js:233:9)
      at HTMLButtonElementImpl.dispatchEvent 
(node_modules/jsdom/lib/jsdom/living/events/EventTarget-impl.js:104:17)
      at HTMLButtonElement.dispatchEvent 
(node_modules/jsdom/lib/jsdom/living/generated/EventTarget.js:241:34)
      at 
node_modules/@testing-library/user-event/dist/cjs/event/dispatchEvent.js:45:43
      at Object.eventWrapper 
(node_modules/@testing-library/dom/dist/config.js:25:23)
      at Object.wrapEvent 
(node_modules/@testing-library/user-event/dist/cjs/event/wrapEvent.js:6:28)
      at Object.dispatchEvent (node_modules/@testing-library/user-event/dist/cj
s/event/dispatchEvent.js:45:22)
      at Object.dispatchUIEvent (node_modules/@testing-library/user-event/dist/
cjs/event/dispatchEvent.js:22:26)
      at Mouse.up (node_modules/@testing-library/user-event/dist/cjs/system/poi
nter/mouse.js:100:30)
      at PointerHost.release (node_modules/@testing-library/user-event/dist/cjs
/system/pointer/index.js:87:24)
      at pointerAction 
(node_modules/@testing-library/user-event/dist/cjs/pointer/index.js:54:47)
      at Object.pointer 
(node_modules/@testing-library/user-event/dist/cjs/pointer/index.js:27:9)
      at Object.<anonymous> (src/reporting/__tests__/reports.test.tsx:1357:13)

    console.error
      Warning: An update to DashboardConfigurePage inside a test was not 
wrapped in act(...).
      
      When testing, code that causes React state updates should be wrapped 
into act(...):
      
      act(() => {
        /* fire events that update state */
      });
      /* assert on the output */
      
      This ensures that you're testing the behavior the user would see in the 
browser. Learn more at https://reactjs.org/link/wrap-tests-with-act
          at DashboardConfigurePage (C:\Users\samhe\OneDrive\Desktop\Cleaned\fr
ontend\src\reporting\DashboardConfigurePage\DashboardConfigurePage.tsx:107:29)
          at routeContext (C:\Users\samhe\OneDrive\Desktop\Cleaned\frontend\nod
e_modules\react-router\lib\hooks.tsx:658:26)
          at children (C:\Users\samhe\OneDrive\Desktop\Cleaned\frontend\node_mo
dules\react-router\lib\components.tsx:512:3)
          at basenameProp (C:\Users\samhe\OneDrive\Desktop\Cleaned\frontend\nod
e_modules\react-router\lib\components.tsx:421:13)
          at basename (C:\Users\samhe\OneDrive\Desktop\Cleaned\frontend\node_mo
dules\react-router\lib\components.tsx:225:3)

      227 |         const existing = getWidgetsForSlot(slotId, sectionId)[0]
      228 |         setEditor({ slotId, sectionId, widget: existing })
    > 229 |         setDraftWidget(existing ? normalizeWidget(existing) : 
blankWidget(slotId, sectionId))
          |         ^
      230 |     }
      231 |
      232 |     function saveWidgetLocally() {

      at printWarning 
(node_modules/react-dom/cjs/react-dom.development.js:86:30)
      at error (node_modules/react-dom/cjs/react-dom.development.js:60:7)
      at warnIfUpdatesNotWrappedWithActDEV 
(node_modules/react-dom/cjs/react-dom.development.js:27628:9)
      at scheduleUpdateOnFiber 
(node_modules/react-dom/cjs/react-dom.development.js:25547:5)
      at dispatchSetState 
(node_modules/react-dom/cjs/react-dom.development.js:16708:7)
      at openEditor 
(src/reporting/DashboardConfigurePage/DashboardConfigurePage.tsx:229:9)
      at onClick 
(src/reporting/DashboardConfigurePage/DashboardConfigurePage.tsx:356:56)
      at HTMLUnknownElement.callCallback 
(node_modules/react-dom/cjs/react-dom.development.js:4164:14)
      at HTMLUnknownElement.callTheUserObjectsOperation 
(node_modules/jsdom/lib/jsdom/living/generated/EventListener.js:26:30)
      at innerInvokeEventListeners 
(node_modules/jsdom/lib/jsdom/living/events/EventTarget-impl.js:350:25)
      at invokeEventListeners 
(node_modules/jsdom/lib/jsdom/living/events/EventTarget-impl.js:286:3)
      at HTMLUnknownElementImpl._dispatch 
(node_modules/jsdom/lib/jsdom/living/events/EventTarget-impl.js:233:9)
      at HTMLUnknownElementImpl.dispatchEvent 
(node_modules/jsdom/lib/jsdom/living/events/EventTarget-impl.js:104:17)
      at HTMLUnknownElement.dispatchEvent 
(node_modules/jsdom/lib/jsdom/living/generated/EventTarget.js:241:34)
      at Object.invokeGuardedCallbackDev 
(node_modules/react-dom/cjs/react-dom.development.js:4213:16)
      at invokeGuardedCallback 
(node_modules/react-dom/cjs/react-dom.development.js:4277:31)
      at invokeGuardedCallbackAndCatchFirstError 
(node_modules/react-dom/cjs/react-dom.development.js:4291:25)
      at executeDispatch 
(node_modules/react-dom/cjs/react-dom.development.js:9041:3)
      at processDispatchQueueItemsInOrder 
(node_modules/react-dom/cjs/react-dom.development.js:9073:7)
      at processDispatchQueue 
(node_modules/react-dom/cjs/react-dom.development.js:9086:5)
      at dispatchEventsForPlugins 
(node_modules/react-dom/cjs/react-dom.development.js:9097:3)
      at node_modules/react-dom/cjs/react-dom.development.js:9288:12
      at batchedUpdates$1 
(node_modules/react-dom/cjs/react-dom.development.js:26179:12)
      at batchedUpdates 
(node_modules/react-dom/cjs/react-dom.development.js:3991:12)
      at dispatchEventForPluginEventSystem 
(node_modules/react-dom/cjs/react-dom.development.js:9287:3)
      at dispatchEventWithEnableCapturePhaseSelectiveHydrationWithoutDiscreteEv
entReplay (node_modules/react-dom/cjs/react-dom.development.js:6465:5)
      at dispatchEvent 
(node_modules/react-dom/cjs/react-dom.development.js:6457:5)
      at dispatchDiscreteEvent 
(node_modules/react-dom/cjs/react-dom.development.js:6430:5)
      at HTMLDivElement.callTheUserObjectsOperation 
(node_modules/jsdom/lib/jsdom/living/generated/EventListener.js:26:30)
      at innerInvokeEventListeners 
(node_modules/jsdom/lib/jsdom/living/events/EventTarget-impl.js:350:25)
      at invokeEventListeners 
(node_modules/jsdom/lib/jsdom/living/events/EventTarget-impl.js:286:3)
      at HTMLButtonElementImpl._dispatch 
(node_modules/jsdom/lib/jsdom/living/events/EventTarget-impl.js:233:9)
      at HTMLButtonElementImpl.dispatchEvent 
(node_modules/jsdom/lib/jsdom/living/events/EventTarget-impl.js:104:17)
      at HTMLButtonElement.dispatchEvent 
(node_modules/jsdom/lib/jsdom/living/generated/EventTarget.js:241:34)
      at 
node_modules/@testing-library/user-event/dist/cjs/event/dispatchEvent.js:45:43
      at Object.eventWrapper 
(node_modules/@testing-library/dom/dist/config.js:25:23)
      at Object.wrapEvent 
(node_modules/@testing-library/user-event/dist/cjs/event/wrapEvent.js:6:28)
      at Object.dispatchEvent (node_modules/@testing-library/user-event/dist/cj
s/event/dispatchEvent.js:45:22)
      at Object.dispatchUIEvent (node_modules/@testing-library/user-event/dist/
cjs/event/dispatchEvent.js:22:26)
      at Mouse.up (node_modules/@testing-library/user-event/dist/cjs/system/poi
nter/mouse.js:100:30)
      at PointerHost.release (node_modules/@testing-library/user-event/dist/cjs
/system/pointer/index.js:87:24)
      at pointerAction 
(node_modules/@testing-library/user-event/dist/cjs/pointer/index.js:54:47)
      at Object.pointer 
(node_modules/@testing-library/user-event/dist/cjs/pointer/index.js:27:9)
      at Object.<anonymous> (src/reporting/__tests__/reports.test.tsx:1357:13)

    console.error
      Warning: An update to DashboardViewPage inside a test was not wrapped in 
act(...).
      
      When testing, code that causes React state updates should be wrapped 
into act(...):
      
      act(() => {
        /* fire events that update state */
      });
      /* assert on the output */
      
      This ensures that you're testing the behavior the user would see in the 
browser. Learn more at https://reactjs.org/link/wrap-tests-with-act
          at DashboardViewPage (C:\Users\samhe\OneDrive\Desktop\Cleaned\fronten
d\src\reporting\DashboardViewPage\DashboardViewPage.tsx:36:35)
          at routeContext (C:\Users\samhe\OneDrive\Desktop\Cleaned\frontend\nod
e_modules\react-router\lib\hooks.tsx:658:26)
          at children (C:\Users\samhe\OneDrive\Desktop\Cleaned\frontend\node_mo
dules\react-router\lib\components.tsx:512:3)
          at basenameProp (C:\Users\samhe\OneDrive\Desktop\Cleaned\frontend\nod
e_modules\react-router\lib\components.tsx:421:13)
          at basename (C:\Users\samhe\OneDrive\Desktop\Cleaned\frontend\node_mo
dules\react-router\lib\components.tsx:225:3)

      479 |                             key={page.id}
      480 |                             type="button"
    > 481 |                             onClick={() => 
setCurrentPageId(page.id)}
          |                                            ^
      482 |                             className={`px-3 py-1.5 rounded-full 
text-sm border ${page.id === currentPageId ? 'bg-brand-600 text-white 
border-brand-600' : 'bg-white text-gray-700 border-gray-300 
hover:bg-gray-50'}`}
      483 |                         >
      484 |                             {page.name}

      at printWarning 
(node_modules/react-dom/cjs/react-dom.development.js:86:30)
      at error (node_modules/react-dom/cjs/react-dom.development.js:60:7)
      at warnIfUpdatesNotWrappedWithActDEV 
(node_modules/react-dom/cjs/react-dom.development.js:27628:9)
      at scheduleUpdateOnFiber 
(node_modules/react-dom/cjs/react-dom.development.js:25547:5)
      at dispatchSetState 
(node_modules/react-dom/cjs/react-dom.development.js:16708:7)
      at onClick (src/reporting/DashboardViewPage/DashboardViewPage.tsx:481:44)
      at HTMLUnknownElement.callCallback 
(node_modules/react-dom/cjs/react-dom.development.js:4164:14)
      at HTMLUnknownElement.callTheUserObjectsOperation 
(node_modules/jsdom/lib/jsdom/living/generated/EventListener.js:26:30)
      at innerInvokeEventListeners 
(node_modules/jsdom/lib/jsdom/living/events/EventTarget-impl.js:350:25)
      at invokeEventListeners 
(node_modules/jsdom/lib/jsdom/living/events/EventTarget-impl.js:286:3)
      at HTMLUnknownElementImpl._dispatch 
(node_modules/jsdom/lib/jsdom/living/events/EventTarget-impl.js:233:9)
      at HTMLUnknownElementImpl.dispatchEvent 
(node_modules/jsdom/lib/jsdom/living/events/EventTarget-impl.js:104:17)
      at HTMLUnknownElement.dispatchEvent 
(node_modules/jsdom/lib/jsdom/living/generated/EventTarget.js:241:34)
      at Object.invokeGuardedCallbackDev 
(node_modules/react-dom/cjs/react-dom.development.js:4213:16)
      at invokeGuardedCallback 
(node_modules/react-dom/cjs/react-dom.development.js:4277:31)
      at invokeGuardedCallbackAndCatchFirstError 
(node_modules/react-dom/cjs/react-dom.development.js:4291:25)
      at executeDispatch 
(node_modules/react-dom/cjs/react-dom.development.js:9041:3)
      at processDispatchQueueItemsInOrder 
(node_modules/react-dom/cjs/react-dom.development.js:9073:7)
      at processDispatchQueue 
(node_modules/react-dom/cjs/react-dom.development.js:9086:5)
      at dispatchEventsForPlugins 
(node_modules/react-dom/cjs/react-dom.development.js:9097:3)
      at node_modules/react-dom/cjs/react-dom.development.js:9288:12
      at batchedUpdates$1 
(node_modules/react-dom/cjs/react-dom.development.js:26179:12)
      at batchedUpdates 
(node_modules/react-dom/cjs/react-dom.development.js:3991:12)
      at dispatchEventForPluginEventSystem 
(node_modules/react-dom/cjs/react-dom.development.js:9287:3)
      at dispatchEventWithEnableCapturePhaseSelectiveHydrationWithoutDiscreteEv
entReplay (node_modules/react-dom/cjs/react-dom.development.js:6465:5)
      at dispatchEvent 
(node_modules/react-dom/cjs/react-dom.development.js:6457:5)
      at dispatchDiscreteEvent 
(node_modules/react-dom/cjs/react-dom.development.js:6430:5)
      at HTMLDivElement.callTheUserObjectsOperation 
(node_modules/jsdom/lib/jsdom/living/generated/EventListener.js:26:30)
      at innerInvokeEventListeners 
(node_modules/jsdom/lib/jsdom/living/events/EventTarget-impl.js:350:25)
      at invokeEventListeners 
(node_modules/jsdom/lib/jsdom/living/events/EventTarget-impl.js:286:3)
      at HTMLButtonElementImpl._dispatch 
(node_modules/jsdom/lib/jsdom/living/events/EventTarget-impl.js:233:9)
      at HTMLButtonElementImpl.dispatchEvent 
(node_modules/jsdom/lib/jsdom/living/events/EventTarget-impl.js:104:17)
      at HTMLButtonElement.dispatchEvent 
(node_modules/jsdom/lib/jsdom/living/generated/EventTarget.js:241:34)
      at 
node_modules/@testing-library/user-event/dist/cjs/event/dispatchEvent.js:45:43
      at Object.eventWrapper 
(node_modules/@testing-library/dom/dist/config.js:25:23)
      at Object.wrapEvent 
(node_modules/@testing-library/user-event/dist/cjs/event/wrapEvent.js:6:28)
      at Object.dispatchEvent (node_modules/@testing-library/user-event/dist/cj
s/event/dispatchEvent.js:45:22)
      at Object.dispatchUIEvent (node_modules/@testing-library/user-event/dist/
cjs/event/dispatchEvent.js:22:26)
      at Mouse.up (node_modules/@testing-library/user-event/dist/cjs/system/poi
nter/mouse.js:100:30)
      at PointerHost.release (node_modules/@testing-library/user-event/dist/cjs
/system/pointer/index.js:87:24)
      at pointerAction 
(node_modules/@testing-library/user-event/dist/cjs/pointer/index.js:54:47)
      at Object.pointer 
(node_modules/@testing-library/user-event/dist/cjs/pointer/index.js:27:9)
      at Object.<anonymous> (src/reporting/__tests__/reports.test.tsx:1507:9)

    console.error
      Warning: An update to DashboardViewPage inside a test was not wrapped in 
act(...).
      
      When testing, code that causes React state updates should be wrapped 
into act(...):
      
      act(() => {
        /* fire events that update state */
      });
      /* assert on the output */
      
      This ensures that you're testing the behavior the user would see in the 
browser. Learn more at https://reactjs.org/link/wrap-tests-with-act
          at DashboardViewPage (C:\Users\samhe\OneDrive\Desktop\Cleaned\fronten
d\src\reporting\DashboardViewPage\DashboardViewPage.tsx:36:35)
          at routeContext (C:\Users\samhe\OneDrive\Desktop\Cleaned\frontend\nod
e_modules\react-router\lib\hooks.tsx:658:26)
          at children (C:\Users\samhe\OneDrive\Desktop\Cleaned\frontend\node_mo
dules\react-router\lib\components.tsx:512:3)
          at basenameProp (C:\Users\samhe\OneDrive\Desktop\Cleaned\frontend\nod
e_modules\react-router\lib\components.tsx:421:13)
          at basename (C:\Users\samhe\OneDrive\Desktop\Cleaned\frontend\node_mo
dules\react-router\lib\components.tsx:225:3)

      148 |     useEffect(() => {
      149 |         const nextDateBasis = 
filterOptions.dateBasisOptions[0]?.compositeKey ?? null
    > 150 |         setDraftFilters((prev) => (prev.dateBasis === 
nextDateBasis ? prev : { ...prev, dateBasis: nextDateBasis }))
          |         ^
      151 |     }, [filterOptions.dateBasisOptions])
      152 |
      153 |     function getFieldLabel(value: string | null | undefined) {

      at printWarning 
(node_modules/react-dom/cjs/react-dom.development.js:86:30)
      at error (node_modules/react-dom/cjs/react-dom.development.js:60:7)
      at warnIfUpdatesNotWrappedWithActDEV 
(node_modules/react-dom/cjs/react-dom.development.js:27628:9)
      at scheduleUpdateOnFiber 
(node_modules/react-dom/cjs/react-dom.development.js:25547:5)
      at dispatchSetState 
(node_modules/react-dom/cjs/react-dom.development.js:16708:7)
      at src/reporting/DashboardViewPage/DashboardViewPage.tsx:150:9
      at commitHookEffectListMount 
(node_modules/react-dom/cjs/react-dom.development.js:23189:26)
      at commitPassiveMountOnFiber 
(node_modules/react-dom/cjs/react-dom.development.js:24970:11)
      at commitPassiveMountEffects_complete 
(node_modules/react-dom/cjs/react-dom.development.js:24930:9)
      at commitPassiveMountEffects_begin 
(node_modules/react-dom/cjs/react-dom.development.js:24917:7)
      at commitPassiveMountEffects 
(node_modules/react-dom/cjs/react-dom.development.js:24905:3)
      at flushPassiveEffectsImpl 
(node_modules/react-dom/cjs/react-dom.development.js:27078:3)
      at flushPassiveEffects 
(node_modules/react-dom/cjs/react-dom.development.js:27023:14)
      at commitRootImpl 
(node_modules/react-dom/cjs/react-dom.development.js:26974:5)
      at commitRoot 
(node_modules/react-dom/cjs/react-dom.development.js:26721:5)
      at performSyncWorkOnRoot 
(node_modules/react-dom/cjs/react-dom.development.js:26156:3)
      at flushSyncCallbacks 
(node_modules/react-dom/cjs/react-dom.development.js:12042:22)
      at node_modules/react-dom/cjs/react-dom.development.js:25690:13
      at invokeTheCallbackFunction 
(node_modules/jsdom/lib/jsdom/living/generated/Function.js:19:26)
      at node_modules/jsdom/lib/jsdom/browser/Window.js:554:9

    console.error
      Warning: An update to DashboardViewPage inside a test was not wrapped in 
act(...).
      
      When testing, code that causes React state updates should be wrapped 
into act(...):
      
      act(() => {
        /* fire events that update state */
      });
      /* assert on the output */
      
      This ensures that you're testing the behavior the user would see in the 
browser. Learn more at https://reactjs.org/link/wrap-tests-with-act
          at DashboardViewPage (C:\Users\samhe\OneDrive\Desktop\Cleaned\fronten
d\src\reporting\DashboardViewPage\DashboardViewPage.tsx:36:35)
          at routeContext (C:\Users\samhe\OneDrive\Desktop\Cleaned\frontend\nod
e_modules\react-router\lib\hooks.tsx:658:26)
          at children (C:\Users\samhe\OneDrive\Desktop\Cleaned\frontend\node_mo
dules\react-router\lib\components.tsx:512:3)
          at basenameProp (C:\Users\samhe\OneDrive\Desktop\Cleaned\frontend\nod
e_modules\react-router\lib\components.tsx:421:13)
          at basename (C:\Users\samhe\OneDrive\Desktop\Cleaned\frontend\node_mo
dules\react-router\lib\components.tsx:225:3)

      459 |                         <button
      460 |                             type="button"
    > 461 |                             onClick={() => 
setShowFilterPanel((prev) => !prev)}
          |                                            ^
      462 |                             className="flex items-center gap-2 
px-3 py-1.5 rounded-md border border-gray-300 text-sm text-gray-700 
hover:bg-gray-50 transition-colors"
      463 |                             aria-label="Dashboard Filters"
      464 |                         >

      at printWarning 
(node_modules/react-dom/cjs/react-dom.development.js:86:30)
      at error (node_modules/react-dom/cjs/react-dom.development.js:60:7)
      at warnIfUpdatesNotWrappedWithActDEV 
(node_modules/react-dom/cjs/react-dom.development.js:27628:9)
      at scheduleUpdateOnFiber 
(node_modules/react-dom/cjs/react-dom.development.js:25547:5)
      at dispatchSetState 
(node_modules/react-dom/cjs/react-dom.development.js:16708:7)
      at onClick (src/reporting/DashboardViewPage/DashboardViewPage.tsx:461:44)
      at HTMLUnknownElement.callCallback 
(node_modules/react-dom/cjs/react-dom.development.js:4164:14)
      at HTMLUnknownElement.callTheUserObjectsOperation 
(node_modules/jsdom/lib/jsdom/living/generated/EventListener.js:26:30)
      at innerInvokeEventListeners 
(node_modules/jsdom/lib/jsdom/living/events/EventTarget-impl.js:350:25)
      at invokeEventListeners 
(node_modules/jsdom/lib/jsdom/living/events/EventTarget-impl.js:286:3)
      at HTMLUnknownElementImpl._dispatch 
(node_modules/jsdom/lib/jsdom/living/events/EventTarget-impl.js:233:9)
      at HTMLUnknownElementImpl.dispatchEvent 
(node_modules/jsdom/lib/jsdom/living/events/EventTarget-impl.js:104:17)
      at HTMLUnknownElement.dispatchEvent 
(node_modules/jsdom/lib/jsdom/living/generated/EventTarget.js:241:34)
      at Object.invokeGuardedCallbackDev 
(node_modules/react-dom/cjs/react-dom.development.js:4213:16)
      at invokeGuardedCallback 
(node_modules/react-dom/cjs/react-dom.development.js:4277:31)
      at invokeGuardedCallbackAndCatchFirstError 
(node_modules/react-dom/cjs/react-dom.development.js:4291:25)
      at executeDispatch 
(node_modules/react-dom/cjs/react-dom.development.js:9041:3)
      at processDispatchQueueItemsInOrder 
(node_modules/react-dom/cjs/react-dom.development.js:9073:7)
      at processDispatchQueue 
(node_modules/react-dom/cjs/react-dom.development.js:9086:5)
      at dispatchEventsForPlugins 
(node_modules/react-dom/cjs/react-dom.development.js:9097:3)
      at node_modules/react-dom/cjs/react-dom.development.js:9288:12
      at batchedUpdates$1 
(node_modules/react-dom/cjs/react-dom.development.js:26179:12)
      at batchedUpdates 
(node_modules/react-dom/cjs/react-dom.development.js:3991:12)
      at dispatchEventForPluginEventSystem 
(node_modules/react-dom/cjs/react-dom.development.js:9287:3)
      at dispatchEventWithEnableCapturePhaseSelectiveHydrationWithoutDiscreteEv
entReplay (node_modules/react-dom/cjs/react-dom.development.js:6465:5)
      at dispatchEvent 
(node_modules/react-dom/cjs/react-dom.development.js:6457:5)
      at dispatchDiscreteEvent 
(node_modules/react-dom/cjs/react-dom.development.js:6430:5)
      at HTMLDivElement.callTheUserObjectsOperation 
(node_modules/jsdom/lib/jsdom/living/generated/EventListener.js:26:30)
      at innerInvokeEventListeners 
(node_modules/jsdom/lib/jsdom/living/events/EventTarget-impl.js:350:25)
      at invokeEventListeners 
(node_modules/jsdom/lib/jsdom/living/events/EventTarget-impl.js:286:3)
      at HTMLButtonElementImpl._dispatch 
(node_modules/jsdom/lib/jsdom/living/events/EventTarget-impl.js:233:9)
      at HTMLButtonElementImpl.dispatchEvent 
(node_modules/jsdom/lib/jsdom/living/events/EventTarget-impl.js:104:17)
      at HTMLButtonElement.dispatchEvent 
(node_modules/jsdom/lib/jsdom/living/generated/EventTarget.js:241:34)
      at 
node_modules/@testing-library/user-event/dist/cjs/event/dispatchEvent.js:45:43
      at Object.eventWrapper 
(node_modules/@testing-library/dom/dist/config.js:25:23)
      at Object.wrapEvent 
(node_modules/@testing-library/user-event/dist/cjs/event/wrapEvent.js:6:28)
      at Object.dispatchEvent (node_modules/@testing-library/user-event/dist/cj
s/event/dispatchEvent.js:45:22)
      at Object.dispatchUIEvent (node_modules/@testing-library/user-event/dist/
cjs/event/dispatchEvent.js:22:26)
      at Mouse.up (node_modules/@testing-library/user-event/dist/cjs/system/poi
nter/mouse.js:100:30)
      at PointerHost.release (node_modules/@testing-library/user-event/dist/cjs
/system/pointer/index.js:87:24)
      at pointerAction 
(node_modules/@testing-library/user-event/dist/cjs/pointer/index.js:54:47)
      at Object.pointer 
(node_modules/@testing-library/user-event/dist/cjs/pointer/index.js:27:9)
      at Object.<anonymous> (src/reporting/__tests__/reports.test.tsx:1521:9)

    console.error
      Warning: An update to DashboardViewPage inside a test was not wrapped in 
act(...).
      
      When testing, code that causes React state updates should be wrapped 
into act(...):
      
      act(() => {
        /* fire events that update state */
      });
      /* assert on the output */
      
      This ensures that you're testing the behavior the user would see in the 
browser. Learn more at https://reactjs.org/link/wrap-tests-with-act
          at DashboardViewPage (C:\Users\samhe\OneDrive\Desktop\Cleaned\fronten
d\src\reporting\DashboardViewPage\DashboardViewPage.tsx:36:35)
          at routeContext (C:\Users\samhe\OneDrive\Desktop\Cleaned\frontend\nod
e_modules\react-router\lib\hooks.tsx:658:26)
          at children (C:\Users\samhe\OneDrive\Desktop\Cleaned\frontend\node_mo
dules\react-router\lib\components.tsx:512:3)
          at basenameProp (C:\Users\samhe\OneDrive\Desktop\Cleaned\frontend\nod
e_modules\react-router\lib\components.tsx:421:13)
          at basename (C:\Users\samhe\OneDrive\Desktop\Cleaned\frontend\node_mo
dules\react-router\lib\components.tsx:225:3)

      194 |                                 id="dashboard-analysis-basis"
      195 |                                 value={draftFilters.analysisBasis}
    > 196 |                                 onChange={(event) => 
setDraftFilters((prev) => ({
          |                                                      ^
      197 |                                     ...prev,
      198 |                                     analysisBasis: 
event.target.value as DashboardActiveFilters['analysisBasis'],
      199 |                                 }))}

      at printWarning 
(node_modules/react-dom/cjs/react-dom.development.js:86:30)
      at error (node_modules/react-dom/cjs/react-dom.development.js:60:7)
      at warnIfUpdatesNotWrappedWithActDEV 
(node_modules/react-dom/cjs/react-dom.development.js:27628:9)
      at scheduleUpdateOnFiber 
(node_modules/react-dom/cjs/react-dom.development.js:25547:5)
      at dispatchSetState 
(node_modules/react-dom/cjs/react-dom.development.js:16708:7)
      at onChange 
(src/reporting/DashboardViewPage/DashboardViewPage.tsx:196:54)
      at HTMLUnknownElement.callCallback 
(node_modules/react-dom/cjs/react-dom.development.js:4164:14)
      at HTMLUnknownElement.callTheUserObjectsOperation 
(node_modules/jsdom/lib/jsdom/living/generated/EventListener.js:26:30)
      at innerInvokeEventListeners 
(node_modules/jsdom/lib/jsdom/living/events/EventTarget-impl.js:350:25)
      at invokeEventListeners 
(node_modules/jsdom/lib/jsdom/living/events/EventTarget-impl.js:286:3)
      at HTMLUnknownElementImpl._dispatch 
(node_modules/jsdom/lib/jsdom/living/events/EventTarget-impl.js:233:9)
      at HTMLUnknownElementImpl.dispatchEvent 
(node_modules/jsdom/lib/jsdom/living/events/EventTarget-impl.js:104:17)
      at HTMLUnknownElement.dispatchEvent 
(node_modules/jsdom/lib/jsdom/living/generated/EventTarget.js:241:34)
      at Object.invokeGuardedCallbackDev 
(node_modules/react-dom/cjs/react-dom.development.js:4213:16)
      at invokeGuardedCallback 
(node_modules/react-dom/cjs/react-dom.development.js:4277:31)
      at invokeGuardedCallbackAndCatchFirstError 
(node_modules/react-dom/cjs/react-dom.development.js:4291:25)
      at executeDispatch 
(node_modules/react-dom/cjs/react-dom.development.js:9041:3)
      at processDispatchQueueItemsInOrder 
(node_modules/react-dom/cjs/react-dom.development.js:9073:7)
      at processDispatchQueue 
(node_modules/react-dom/cjs/react-dom.development.js:9086:5)
      at dispatchEventsForPlugins 
(node_modules/react-dom/cjs/react-dom.development.js:9097:3)
      at node_modules/react-dom/cjs/react-dom.development.js:9288:12
      at batchedUpdates$1 
(node_modules/react-dom/cjs/react-dom.development.js:26179:12)
      at batchedUpdates 
(node_modules/react-dom/cjs/react-dom.development.js:3991:12)
      at dispatchEventForPluginEventSystem 
(node_modules/react-dom/cjs/react-dom.development.js:9287:3)
      at dispatchEventWithEnableCapturePhaseSelectiveHydrationWithoutDiscreteEv
entReplay (node_modules/react-dom/cjs/react-dom.development.js:6465:5)
      at dispatchEvent 
(node_modules/react-dom/cjs/react-dom.development.js:6457:5)
      at dispatchDiscreteEvent 
(node_modules/react-dom/cjs/react-dom.development.js:6430:5)
      at HTMLDivElement.callTheUserObjectsOperation 
(node_modules/jsdom/lib/jsdom/living/generated/EventListener.js:26:30)
      at innerInvokeEventListeners 
(node_modules/jsdom/lib/jsdom/living/events/EventTarget-impl.js:350:25)
      at invokeEventListeners 
(node_modules/jsdom/lib/jsdom/living/events/EventTarget-impl.js:286:3)
      at HTMLSelectElementImpl._dispatch 
(node_modules/jsdom/lib/jsdom/living/events/EventTarget-impl.js:233:9)
      at HTMLSelectElementImpl.dispatchEvent 
(node_modules/jsdom/lib/jsdom/living/events/EventTarget-impl.js:104:17)
      at Proxy.dispatchEvent 
(node_modules/jsdom/lib/jsdom/living/generated/EventTarget.js:241:34)
      at 
node_modules/@testing-library/user-event/dist/cjs/event/dispatchEvent.js:45:43
      at Object.eventWrapper 
(node_modules/@testing-library/dom/dist/config.js:25:23)
      at Object.wrapEvent 
(node_modules/@testing-library/user-event/dist/cjs/event/wrapEvent.js:6:28)
      at Object.dispatchEvent (node_modules/@testing-library/user-event/dist/cj
s/event/dispatchEvent.js:45:22)
      at Object.dispatchUIEvent (node_modules/@testing-library/user-event/dist/
cjs/event/dispatchEvent.js:22:26)
      at selectOption (node_modules/@testing-library/user-event/dist/cjs/utilit
y/selectOptions.js:51:14)
      at Object.selectOptionsBase (node_modules/@testing-library/user-event/dis
t/cjs/utility/selectOptions.js:87:13)
      at Object.<anonymous> (src/reporting/__tests__/reports.test.tsx:1522:9)

    console.error
      Warning: An update to DashboardViewPage inside a test was not wrapped in 
act(...).
      
      When testing, code that causes React state updates should be wrapped 
into act(...):
      
      act(() => {
        /* fire events that update state */
      });
      /* assert on the output */
      
      This ensures that you're testing the behavior the user would see in the 
browser. Learn more at https://reactjs.org/link/wrap-tests-with-act
          at DashboardViewPage (C:\Users\samhe\OneDrive\Desktop\Cleaned\fronten
d\src\reporting\DashboardViewPage\DashboardViewPage.tsx:36:35)
          at routeContext (C:\Users\samhe\OneDrive\Desktop\Cleaned\frontend\nod
e_modules\react-router\lib\hooks.tsx:658:26)
          at children (C:\Users\samhe\OneDrive\Desktop\Cleaned\frontend\node_mo
dules\react-router\lib\components.tsx:512:3)
          at basenameProp (C:\Users\samhe\OneDrive\Desktop\Cleaned\frontend\nod
e_modules\react-router\lib\components.tsx:421:13)
          at basename (C:\Users\samhe\OneDrive\Desktop\Cleaned\frontend\node_mo
dules\react-router\lib\components.tsx:225:3)

      215 |                                 id="dashboard-date-basis"
      216 |                                 value={draftFilters.dateBasis ?? 
''}
    > 217 |                                 onChange={(event) => 
setDraftFilters((prev) => ({
          |                                                      ^
      218 |                                     ...prev,
      219 |                                     dateBasis: event.target.value 
|| null,
      220 |                                 }))}

      at printWarning 
(node_modules/react-dom/cjs/react-dom.development.js:86:30)
      at error (node_modules/react-dom/cjs/react-dom.development.js:60:7)
      at warnIfUpdatesNotWrappedWithActDEV 
(node_modules/react-dom/cjs/react-dom.development.js:27628:9)
      at scheduleUpdateOnFiber 
(node_modules/react-dom/cjs/react-dom.development.js:25547:5)
      at dispatchSetState 
(node_modules/react-dom/cjs/react-dom.development.js:16708:7)
      at onChange 
(src/reporting/DashboardViewPage/DashboardViewPage.tsx:217:54)
      at HTMLUnknownElement.callCallback 
(node_modules/react-dom/cjs/react-dom.development.js:4164:14)
      at HTMLUnknownElement.callTheUserObjectsOperation 
(node_modules/jsdom/lib/jsdom/living/generated/EventListener.js:26:30)
      at innerInvokeEventListeners 
(node_modules/jsdom/lib/jsdom/living/events/EventTarget-impl.js:350:25)
      at invokeEventListeners 
(node_modules/jsdom/lib/jsdom/living/events/EventTarget-impl.js:286:3)
      at HTMLUnknownElementImpl._dispatch 
(node_modules/jsdom/lib/jsdom/living/events/EventTarget-impl.js:233:9)
      at HTMLUnknownElementImpl.dispatchEvent 
(node_modules/jsdom/lib/jsdom/living/events/EventTarget-impl.js:104:17)
      at HTMLUnknownElement.dispatchEvent 
(node_modules/jsdom/lib/jsdom/living/generated/EventTarget.js:241:34)
      at Object.invokeGuardedCallbackDev 
(node_modules/react-dom/cjs/react-dom.development.js:4213:16)
      at invokeGuardedCallback 
(node_modules/react-dom/cjs/react-dom.development.js:4277:31)
      at invokeGuardedCallbackAndCatchFirstError 
(node_modules/react-dom/cjs/react-dom.development.js:4291:25)
      at executeDispatch 
(node_modules/react-dom/cjs/react-dom.development.js:9041:3)
      at processDispatchQueueItemsInOrder 
(node_modules/react-dom/cjs/react-dom.development.js:9073:7)
      at processDispatchQueue 
(node_modules/react-dom/cjs/react-dom.development.js:9086:5)
      at dispatchEventsForPlugins 
(node_modules/react-dom/cjs/react-dom.development.js:9097:3)
      at node_modules/react-dom/cjs/react-dom.development.js:9288:12
      at batchedUpdates$1 
(node_modules/react-dom/cjs/react-dom.development.js:26179:12)
      at batchedUpdates 
(node_modules/react-dom/cjs/react-dom.development.js:3991:12)
      at dispatchEventForPluginEventSystem 
(node_modules/react-dom/cjs/react-dom.development.js:9287:3)
      at dispatchEventWithEnableCapturePhaseSelectiveHydrationWithoutDiscreteEv
entReplay (node_modules/react-dom/cjs/react-dom.development.js:6465:5)
      at dispatchEvent 
(node_modules/react-dom/cjs/react-dom.development.js:6457:5)
      at dispatchDiscreteEvent 
(node_modules/react-dom/cjs/react-dom.development.js:6430:5)
      at HTMLDivElement.callTheUserObjectsOperation 
(node_modules/jsdom/lib/jsdom/living/generated/EventListener.js:26:30)
      at innerInvokeEventListeners 
(node_modules/jsdom/lib/jsdom/living/events/EventTarget-impl.js:350:25)
      at invokeEventListeners 
(node_modules/jsdom/lib/jsdom/living/events/EventTarget-impl.js:286:3)
      at HTMLSelectElementImpl._dispatch 
(node_modules/jsdom/lib/jsdom/living/events/EventTarget-impl.js:233:9)
      at HTMLSelectElementImpl.dispatchEvent 
(node_modules/jsdom/lib/jsdom/living/events/EventTarget-impl.js:104:17)
      at Proxy.dispatchEvent 
(node_modules/jsdom/lib/jsdom/living/generated/EventTarget.js:241:34)
      at 
node_modules/@testing-library/user-event/dist/cjs/event/dispatchEvent.js:45:43
      at Object.eventWrapper 
(node_modules/@testing-library/dom/dist/config.js:25:23)
      at Object.wrapEvent 
(node_modules/@testing-library/user-event/dist/cjs/event/wrapEvent.js:6:28)
      at Object.dispatchEvent (node_modules/@testing-library/user-event/dist/cj
s/event/dispatchEvent.js:45:22)
      at Object.dispatchUIEvent (node_modules/@testing-library/user-event/dist/
cjs/event/dispatchEvent.js:22:26)
      at selectOption (node_modules/@testing-library/user-event/dist/cjs/utilit
y/selectOptions.js:51:14)
      at Object.selectOptionsBase (node_modules/@testing-library/user-event/dis
t/cjs/utility/selectOptions.js:87:13)
      at Object.<anonymous> (src/reporting/__tests__/reports.test.tsx:1523:9)

    console.error
      Warning: An update to DashboardViewPage inside a test was not wrapped in 
act(...).
      
      When testing, code that causes React state updates should be wrapped 
into act(...):
      
      act(() => {
        /* fire events that update state */
      });
      /* assert on the output */
      
      This ensures that you're testing the behavior the user would see in the 
browser. Learn more at https://reactjs.org/link/wrap-tests-with-act
          at DashboardViewPage (C:\Users\samhe\OneDrive\Desktop\Cleaned\fronten
d\src\reporting\DashboardViewPage\DashboardViewPage.tsx:36:35)
          at routeContext (C:\Users\samhe\OneDrive\Desktop\Cleaned\frontend\nod
e_modules\react-router\lib\hooks.tsx:658:26)
          at children (C:\Users\samhe\OneDrive\Desktop\Cleaned\frontend\node_mo
dules\react-router\lib\components.tsx:512:3)
          at basenameProp (C:\Users\samhe\OneDrive\Desktop\Cleaned\frontend\nod
e_modules\react-router\lib\components.tsx:421:13)
          at basename (C:\Users\samhe\OneDrive\Desktop\Cleaned\frontend\node_mo
dules\react-router\lib\components.tsx:225:3)

      242 |                                 type="date"
      243 |                                 value={draftFilters.reportingDate}
    > 244 |                                 onChange={(event) => 
setDraftFilters((prev) => ({
          |                                                      ^
      245 |                                     ...prev,
      246 |                                     reportingDate: 
event.target.value,
      247 |                                 }))}

      at printWarning 
(node_modules/react-dom/cjs/react-dom.development.js:86:30)
      at error (node_modules/react-dom/cjs/react-dom.development.js:60:7)
      at warnIfUpdatesNotWrappedWithActDEV 
(node_modules/react-dom/cjs/react-dom.development.js:27628:9)
      at scheduleUpdateOnFiber 
(node_modules/react-dom/cjs/react-dom.development.js:25547:5)
      at dispatchSetState 
(node_modules/react-dom/cjs/react-dom.development.js:16708:7)
      at onChange 
(src/reporting/DashboardViewPage/DashboardViewPage.tsx:244:54)
      at HTMLUnknownElement.callCallback 
(node_modules/react-dom/cjs/react-dom.development.js:4164:14)
      at HTMLUnknownElement.callTheUserObjectsOperation 
(node_modules/jsdom/lib/jsdom/living/generated/EventListener.js:26:30)
      at innerInvokeEventListeners 
(node_modules/jsdom/lib/jsdom/living/events/EventTarget-impl.js:350:25)
      at invokeEventListeners 
(node_modules/jsdom/lib/jsdom/living/events/EventTarget-impl.js:286:3)
      at HTMLUnknownElementImpl._dispatch 
(node_modules/jsdom/lib/jsdom/living/events/EventTarget-impl.js:233:9)
      at HTMLUnknownElementImpl.dispatchEvent 
(node_modules/jsdom/lib/jsdom/living/events/EventTarget-impl.js:104:17)
      at HTMLUnknownElement.dispatchEvent 
(node_modules/jsdom/lib/jsdom/living/generated/EventTarget.js:241:34)
      at Object.invokeGuardedCallbackDev 
(node_modules/react-dom/cjs/react-dom.development.js:4213:16)
      at invokeGuardedCallback 
(node_modules/react-dom/cjs/react-dom.development.js:4277:31)
      at invokeGuardedCallbackAndCatchFirstError 
(node_modules/react-dom/cjs/react-dom.development.js:4291:25)
      at executeDispatch 
(node_modules/react-dom/cjs/react-dom.development.js:9041:3)
      at processDispatchQueueItemsInOrder 
(node_modules/react-dom/cjs/react-dom.development.js:9073:7)
      at processDispatchQueue 
(node_modules/react-dom/cjs/react-dom.development.js:9086:5)
      at dispatchEventsForPlugins 
(node_modules/react-dom/cjs/react-dom.development.js:9097:3)
      at node_modules/react-dom/cjs/react-dom.development.js:9288:12
      at batchedUpdates$1 
(node_modules/react-dom/cjs/react-dom.development.js:26179:12)
      at batchedUpdates 
(node_modules/react-dom/cjs/react-dom.development.js:3991:12)
      at dispatchEventForPluginEventSystem 
(node_modules/react-dom/cjs/react-dom.development.js:9287:3)
      at dispatchEventWithEnableCapturePhaseSelectiveHydrationWithoutDiscreteEv
entReplay (node_modules/react-dom/cjs/react-dom.development.js:6465:5)
      at dispatchEvent 
(node_modules/react-dom/cjs/react-dom.development.js:6457:5)
      at dispatchDiscreteEvent 
(node_modules/react-dom/cjs/react-dom.development.js:6430:5)
      at HTMLDivElement.callTheUserObjectsOperation 
(node_modules/jsdom/lib/jsdom/living/generated/EventListener.js:26:30)
      at innerInvokeEventListeners 
(node_modules/jsdom/lib/jsdom/living/events/EventTarget-impl.js:350:25)
      at invokeEventListeners 
(node_modules/jsdom/lib/jsdom/living/events/EventTarget-impl.js:286:3)
      at HTMLInputElementImpl._dispatch 
(node_modules/jsdom/lib/jsdom/living/events/EventTarget-impl.js:233:9)
      at HTMLInputElementImpl.dispatchEvent 
(node_modules/jsdom/lib/jsdom/living/events/EventTarget-impl.js:104:17)
      at HTMLInputElement.dispatchEvent 
(node_modules/jsdom/lib/jsdom/living/generated/EventTarget.js:241:34)
      at 
node_modules/@testing-library/user-event/dist/cjs/event/dispatchEvent.js:45:43
      at Object.eventWrapper 
(node_modules/@testing-library/dom/dist/config.js:25:23)
      at Object.wrapEvent 
(node_modules/@testing-library/user-event/dist/cjs/event/wrapEvent.js:6:28)
      at Object.dispatchEvent (node_modules/@testing-library/user-event/dist/cj
s/event/dispatchEvent.js:45:22)
      at Object.dispatchUIEvent (node_modules/@testing-library/user-event/dist/
cjs/event/dispatchEvent.js:22:26)
      at commitInput 
(node_modules/@testing-library/user-event/dist/cjs/event/input.js:145:14)
      at editInputElement 
(node_modules/@testing-library/user-event/dist/cjs/event/input.js:110:13)
      at Object.input 
(node_modules/@testing-library/user-event/dist/cjs/event/input.js:37:9)
      at Object.clear 
(node_modules/@testing-library/user-event/dist/cjs/utility/clear.js:29:11)
      at node_modules/@testing-library/user-event/dist/cjs/setup/setup.js:85:45
      at Object.asyncWrapper 
(node_modules/@testing-library/dom/dist/config.js:23:23)
      at Object.wrapAsync 
(node_modules/@testing-library/user-event/dist/cjs/setup/wrapAsync.js:8:28)
      at Object.method [as clear] 
(node_modules/@testing-library/user-event/dist/cjs/setup/setup.js:85:26)
      at Object.clear 
(node_modules/@testing-library/user-event/dist/cjs/setup/directApi.js:6:36)
      at Object.<anonymous> (src/reporting/__tests__/reports.test.tsx:1524:25)

    console.error
      Warning: An update to DashboardViewPage inside a test was not wrapped in 
act(...).
      
      When testing, code that causes React state updates should be wrapped 
into act(...):
      
      act(() => {
        /* fire events that update state */
      });
      /* assert on the output */
      
      This ensures that you're testing the behavior the user would see in the 
browser. Learn more at https://reactjs.org/link/wrap-tests-with-act
          at DashboardViewPage (C:\Users\samhe\OneDrive\Desktop\Cleaned\fronten
d\src\reporting\DashboardViewPage\DashboardViewPage.tsx:36:35)
          at routeContext (C:\Users\samhe\OneDrive\Desktop\Cleaned\frontend\nod
e_modules\react-router\lib\hooks.tsx:658:26)
          at children (C:\Users\samhe\OneDrive\Desktop\Cleaned\frontend\node_mo
dules\react-router\lib\components.tsx:512:3)
          at basenameProp (C:\Users\samhe\OneDrive\Desktop\Cleaned\frontend\nod
e_modules\react-router\lib\components.tsx:421:13)
          at basename (C:\Users\samhe\OneDrive\Desktop\Cleaned\frontend\node_mo
dules\react-router\lib\components.tsx:225:3)

      242 |                                 type="date"
      243 |                                 value={draftFilters.reportingDate}
    > 244 |                                 onChange={(event) => 
setDraftFilters((prev) => ({
          |                                                      ^
      245 |                                     ...prev,
      246 |                                     reportingDate: 
event.target.value,
      247 |                                 }))}

      at printWarning 
(node_modules/react-dom/cjs/react-dom.development.js:86:30)
      at error (node_modules/react-dom/cjs/react-dom.development.js:60:7)
      at warnIfUpdatesNotWrappedWithActDEV 
(node_modules/react-dom/cjs/react-dom.development.js:27628:9)
      at scheduleUpdateOnFiber 
(node_modules/react-dom/cjs/react-dom.development.js:25547:5)
      at dispatchSetState 
(node_modules/react-dom/cjs/react-dom.development.js:16708:7)
      at onChange 
(src/reporting/DashboardViewPage/DashboardViewPage.tsx:244:54)
      at HTMLUnknownElement.callCallback 
(node_modules/react-dom/cjs/react-dom.development.js:4164:14)
      at HTMLUnknownElement.callTheUserObjectsOperation 
(node_modules/jsdom/lib/jsdom/living/generated/EventListener.js:26:30)
      at innerInvokeEventListeners 
(node_modules/jsdom/lib/jsdom/living/events/EventTarget-impl.js:350:25)
      at invokeEventListeners 
(node_modules/jsdom/lib/jsdom/living/events/EventTarget-impl.js:286:3)
      at HTMLUnknownElementImpl._dispatch 
(node_modules/jsdom/lib/jsdom/living/events/EventTarget-impl.js:233:9)
      at HTMLUnknownElementImpl.dispatchEvent 
(node_modules/jsdom/lib/jsdom/living/events/EventTarget-impl.js:104:17)
      at HTMLUnknownElement.dispatchEvent 
(node_modules/jsdom/lib/jsdom/living/generated/EventTarget.js:241:34)
      at Object.invokeGuardedCallbackDev 
(node_modules/react-dom/cjs/react-dom.development.js:4213:16)
      at invokeGuardedCallback 
(node_modules/react-dom/cjs/react-dom.development.js:4277:31)
      at invokeGuardedCallbackAndCatchFirstError 
(node_modules/react-dom/cjs/react-dom.development.js:4291:25)
      at executeDispatch 
(node_modules/react-dom/cjs/react-dom.development.js:9041:3)
      at processDispatchQueueItemsInOrder 
(node_modules/react-dom/cjs/react-dom.development.js:9073:7)
      at processDispatchQueue 
(node_modules/react-dom/cjs/react-dom.development.js:9086:5)
      at dispatchEventsForPlugins 
(node_modules/react-dom/cjs/react-dom.development.js:9097:3)
      at node_modules/react-dom/cjs/react-dom.development.js:9288:12
      at batchedUpdates$1 
(node_modules/react-dom/cjs/react-dom.development.js:26179:12)
      at batchedUpdates 
(node_modules/react-dom/cjs/react-dom.development.js:3991:12)
      at dispatchEventForPluginEventSystem 
(node_modules/react-dom/cjs/react-dom.development.js:9287:3)
      at dispatchEventWithEnableCapturePhaseSelectiveHydrationWithoutDiscreteEv
entReplay (node_modules/react-dom/cjs/react-dom.development.js:6465:5)
      at dispatchEvent 
(node_modules/react-dom/cjs/react-dom.development.js:6457:5)
      at dispatchDiscreteEvent 
(node_modules/react-dom/cjs/react-dom.development.js:6430:5)
      at HTMLDivElement.callTheUserObjectsOperation 
(node_modules/jsdom/lib/jsdom/living/generated/EventListener.js:26:30)
      at innerInvokeEventListeners 
(node_modules/jsdom/lib/jsdom/living/events/EventTarget-impl.js:350:25)
      at invokeEventListeners 
(node_modules/jsdom/lib/jsdom/living/events/EventTarget-impl.js:286:3)
      at HTMLInputElementImpl._dispatch 
(node_modules/jsdom/lib/jsdom/living/events/EventTarget-impl.js:233:9)
      at HTMLInputElementImpl.dispatchEvent 
(node_modules/jsdom/lib/jsdom/living/events/EventTarget-impl.js:104:17)
      at HTMLInputElement.dispatchEvent 
(node_modules/jsdom/lib/jsdom/living/generated/EventTarget.js:241:34)
      at 
node_modules/@testing-library/user-event/dist/cjs/event/dispatchEvent.js:45:43
      at Object.eventWrapper 
(node_modules/@testing-library/dom/dist/config.js:25:23)
      at Object.wrapEvent 
(node_modules/@testing-library/user-event/dist/cjs/event/wrapEvent.js:6:28)
      at Object.dispatchEvent (node_modules/@testing-library/user-event/dist/cj
s/event/dispatchEvent.js:45:22)
      at Object.dispatchUIEvent (node_modules/@testing-library/user-event/dist/
cjs/event/dispatchEvent.js:22:26)
      at commitInput 
(node_modules/@testing-library/user-event/dist/cjs/event/input.js:145:14)
      at editInputElement 
(node_modules/@testing-library/user-event/dist/cjs/event/input.js:110:13)
      at Object.input 
(node_modules/@testing-library/user-event/dist/cjs/event/input.js:37:9)
      at node_modules/@testing-library/user-event/dist/cjs/event/behavior/keypr
ess.js:31:26
      at Object.dispatchEvent (node_modules/@testing-library/user-event/dist/cj
s/event/dispatchEvent.js:41:13)
      at Object.dispatchUIEvent (node_modules/@testing-library/user-event/dist/
cjs/event/dispatchEvent.js:22:26)
      at KeyboardHost.keydown 
(node_modules/@testing-library/user-event/dist/cjs/system/keyboard.js:76:22)
      at keyboardAction 
(node_modules/@testing-library/user-event/dist/cjs/keyboard/index.js:22:35)
      at Object.keyboard 
(node_modules/@testing-library/user-event/dist/cjs/keyboard/index.js:11:15)
      at Object.type 
(node_modules/@testing-library/user-event/dist/cjs/utility/type.js:17:5)
      at Object.<anonymous> (src/reporting/__tests__/reports.test.tsx:1525:9)

    console.error
      Warning: An update to DashboardViewPage inside a test was not wrapped in 
act(...).
      
      When testing, code that causes React state updates should be wrapped 
into act(...):
      
      act(() => {
        /* fire events that update state */
      });
      /* assert on the output */
      
      This ensures that you're testing the behavior the user would see in the 
browser. Learn more at https://reactjs.org/link/wrap-tests-with-act
          at DashboardViewPage (C:\Users\samhe\OneDrive\Desktop\Cleaned\fronten
d\src\reporting\DashboardViewPage\DashboardViewPage.tsx:36:35)
          at routeContext (C:\Users\samhe\OneDrive\Desktop\Cleaned\frontend\nod
e_modules\react-router\lib\hooks.tsx:658:26)
          at children (C:\Users\samhe\OneDrive\Desktop\Cleaned\frontend\node_mo
dules\react-router\lib\components.tsx:512:3)
          at basenameProp (C:\Users\samhe\OneDrive\Desktop\Cleaned\frontend\nod
e_modules\react-router\lib\components.tsx:421:13)
          at basename (C:\Users\samhe\OneDrive\Desktop\Cleaned\frontend\node_mo
dules\react-router\lib\components.tsx:225:3)

      355 |                         <button
      356 |                             type="button"
    > 357 |                             onClick={() => 
setAppliedFilters(draftFilters)}
          |                                            ^
      358 |                             className="px-4 py-2 text-sm 
bg-brand-600 text-white rounded-md hover:bg-brand-700"
      359 |                         >
      360 |                             Apply Filters

      at printWarning 
(node_modules/react-dom/cjs/react-dom.development.js:86:30)
      at error (node_modules/react-dom/cjs/react-dom.development.js:60:7)
      at warnIfUpdatesNotWrappedWithActDEV 
(node_modules/react-dom/cjs/react-dom.development.js:27628:9)
      at scheduleUpdateOnFiber 
(node_modules/react-dom/cjs/react-dom.development.js:25547:5)
      at dispatchSetState 
(node_modules/react-dom/cjs/react-dom.development.js:16708:7)
      at onClick (src/reporting/DashboardViewPage/DashboardViewPage.tsx:357:44)
      at HTMLUnknownElement.callCallback 
(node_modules/react-dom/cjs/react-dom.development.js:4164:14)
      at HTMLUnknownElement.callTheUserObjectsOperation 
(node_modules/jsdom/lib/jsdom/living/generated/EventListener.js:26:30)
      at innerInvokeEventListeners 
(node_modules/jsdom/lib/jsdom/living/events/EventTarget-impl.js:350:25)
      at invokeEventListeners 
(node_modules/jsdom/lib/jsdom/living/events/EventTarget-impl.js:286:3)
      at HTMLUnknownElementImpl._dispatch 
(node_modules/jsdom/lib/jsdom/living/events/EventTarget-impl.js:233:9)
      at HTMLUnknownElementImpl.dispatchEvent 
(node_modules/jsdom/lib/jsdom/living/events/EventTarget-impl.js:104:17)
      at HTMLUnknownElement.dispatchEvent 
(node_modules/jsdom/lib/jsdom/living/generated/EventTarget.js:241:34)
      at Object.invokeGuardedCallbackDev 
(node_modules/react-dom/cjs/react-dom.development.js:4213:16)
      at invokeGuardedCallback 
(node_modules/react-dom/cjs/react-dom.development.js:4277:31)
      at invokeGuardedCallbackAndCatchFirstError 
(node_modules/react-dom/cjs/react-dom.development.js:4291:25)
      at executeDispatch 
(node_modules/react-dom/cjs/react-dom.development.js:9041:3)
      at processDispatchQueueItemsInOrder 
(node_modules/react-dom/cjs/react-dom.development.js:9073:7)
      at processDispatchQueue 
(node_modules/react-dom/cjs/react-dom.development.js:9086:5)
      at dispatchEventsForPlugins 
(node_modules/react-dom/cjs/react-dom.development.js:9097:3)
      at node_modules/react-dom/cjs/react-dom.development.js:9288:12
      at batchedUpdates$1 
(node_modules/react-dom/cjs/react-dom.development.js:26179:12)
      at batchedUpdates 
(node_modules/react-dom/cjs/react-dom.development.js:3991:12)
      at dispatchEventForPluginEventSystem 
(node_modules/react-dom/cjs/react-dom.development.js:9287:3)
      at dispatchEventWithEnableCapturePhaseSelectiveHydrationWithoutDiscreteEv
entReplay (node_modules/react-dom/cjs/react-dom.development.js:6465:5)
      at dispatchEvent 
(node_modules/react-dom/cjs/react-dom.development.js:6457:5)
      at dispatchDiscreteEvent 
(node_modules/react-dom/cjs/react-dom.development.js:6430:5)
      at HTMLDivElement.callTheUserObjectsOperation 
(node_modules/jsdom/lib/jsdom/living/generated/EventListener.js:26:30)
      at innerInvokeEventListeners 
(node_modules/jsdom/lib/jsdom/living/events/EventTarget-impl.js:350:25)
      at invokeEventListeners 
(node_modules/jsdom/lib/jsdom/living/events/EventTarget-impl.js:286:3)
      at HTMLButtonElementImpl._dispatch 
(node_modules/jsdom/lib/jsdom/living/events/EventTarget-impl.js:233:9)
      at HTMLButtonElementImpl.dispatchEvent 
(node_modules/jsdom/lib/jsdom/living/events/EventTarget-impl.js:104:17)
      at HTMLButtonElement.dispatchEvent 
(node_modules/jsdom/lib/jsdom/living/generated/EventTarget.js:241:34)
      at 
node_modules/@testing-library/user-event/dist/cjs/event/dispatchEvent.js:45:43
      at Object.eventWrapper 
(node_modules/@testing-library/dom/dist/config.js:25:23)
      at Object.wrapEvent 
(node_modules/@testing-library/user-event/dist/cjs/event/wrapEvent.js:6:28)
      at Object.dispatchEvent (node_modules/@testing-library/user-event/dist/cj
s/event/dispatchEvent.js:45:22)
      at Object.dispatchUIEvent (node_modules/@testing-library/user-event/dist/
cjs/event/dispatchEvent.js:22:26)
      at Mouse.up (node_modules/@testing-library/user-event/dist/cjs/system/poi
nter/mouse.js:100:30)
      at PointerHost.release (node_modules/@testing-library/user-event/dist/cjs
/system/pointer/index.js:87:24)
      at pointerAction 
(node_modules/@testing-library/user-event/dist/cjs/pointer/index.js:54:47)
      at Object.pointer 
(node_modules/@testing-library/user-event/dist/cjs/pointer/index.js:27:9)
      at Object.<anonymous> (src/reporting/__tests__/reports.test.tsx:1526:9)

    console.error
      Warning: An update to DashboardLiveWidget inside a test was not wrapped 
in act(...).
      
      When testing, code that causes React state updates should be wrapped 
into act(...):
      
      act(() => {
        /* fire events that update state */
      });
      /* assert on the output */
      
      This ensures that you're testing the behavior the user would see in the 
browser. Learn more at https://reactjs.org/link/wrap-tests-with-act
          at DashboardLiveWidget (C:\Users\samhe\OneDrive\Desktop\Cleaned\front
end\src\reporting\dashboardWidgets.tsx:534:5)
          at div
          at div
          at div
          at div
          at div
          at div
          at div
          at DashboardViewPage (C:\Users\samhe\OneDrive\Desktop\Cleaned\fronten
d\src\reporting\DashboardViewPage\DashboardViewPage.tsx:36:35)
          at routeContext (C:\Users\samhe\OneDrive\Desktop\Cleaned\frontend\nod
e_modules\react-router\lib\hooks.tsx:658:26)
          at children (C:\Users\samhe\OneDrive\Desktop\Cleaned\frontend\node_mo
dules\react-router\lib\components.tsx:512:3)
          at basenameProp (C:\Users\samhe\OneDrive\Desktop\Cleaned\frontend\nod
e_modules\react-router\lib\components.tsx:421:13)
          at basename (C:\Users\samhe\OneDrive\Desktop\Cleaned\frontend\node_mo
dules\react-router\lib\components.tsx:225:3)

      565 |             return () => { cancelled = true }
      566 |         }
    > 567 |         setLoading(true)
          |         ^
      568 |         setError(null)
      569 |         getDashboardWidgetData(normalizedWidget, effectiveFilters)
      570 |             .then((result) => {

      at printWarning 
(node_modules/react-dom/cjs/react-dom.development.js:86:30)
      at error (node_modules/react-dom/cjs/react-dom.development.js:60:7)
      at warnIfUpdatesNotWrappedWithActDEV 
(node_modules/react-dom/cjs/react-dom.development.js:27628:9)
      at scheduleUpdateOnFiber 
(node_modules/react-dom/cjs/react-dom.development.js:25547:5)
      at dispatchSetState 
(node_modules/react-dom/cjs/react-dom.development.js:16708:7)
      at src/reporting/dashboardWidgets.tsx:567:9
      at commitHookEffectListMount 
(node_modules/react-dom/cjs/react-dom.development.js:23189:26)
      at commitPassiveMountOnFiber 
(node_modules/react-dom/cjs/react-dom.development.js:24970:11)
      at commitPassiveMountEffects_complete 
(node_modules/react-dom/cjs/react-dom.development.js:24930:9)
      at commitPassiveMountEffects_begin 
(node_modules/react-dom/cjs/react-dom.development.js:24917:7)
      at commitPassiveMountEffects 
(node_modules/react-dom/cjs/react-dom.development.js:24905:3)
      at flushPassiveEffectsImpl 
(node_modules/react-dom/cjs/react-dom.development.js:27078:3)
      at flushPassiveEffects 
(node_modules/react-dom/cjs/react-dom.development.js:27023:14)
      at commitRootImpl 
(node_modules/react-dom/cjs/react-dom.development.js:26974:5)
      at commitRoot 
(node_modules/react-dom/cjs/react-dom.development.js:26721:5)
      at performSyncWorkOnRoot 
(node_modules/react-dom/cjs/react-dom.development.js:26156:3)
      at flushSyncCallbacks 
(node_modules/react-dom/cjs/react-dom.development.js:12042:22)
      at node_modules/react-dom/cjs/react-dom.development.js:25690:13
      at invokeTheCallbackFunction 
(node_modules/jsdom/lib/jsdom/living/generated/Function.js:19:26)
      at node_modules/jsdom/lib/jsdom/browser/Window.js:554:9

    console.error
      Warning: An update to DashboardLiveWidget inside a test was not wrapped 
in act(...).
      
      When testing, code that causes React state updates should be wrapped 
into act(...):
      
      act(() => {
        /* fire events that update state */
      });
      /* assert on the output */
      
      This ensures that you're testing the behavior the user would see in the 
browser. Learn more at https://reactjs.org/link/wrap-tests-with-act
          at DashboardLiveWidget (C:\Users\samhe\OneDrive\Desktop\Cleaned\front
end\src\reporting\dashboardWidgets.tsx:534:5)
          at div
          at div
          at div
          at div
          at div
          at div
          at div
          at DashboardViewPage (C:\Users\samhe\OneDrive\Desktop\Cleaned\fronten
d\src\reporting\DashboardViewPage\DashboardViewPage.tsx:36:35)
          at routeContext (C:\Users\samhe\OneDrive\Desktop\Cleaned\frontend\nod
e_modules\react-router\lib\hooks.tsx:658:26)
          at children (C:\Users\samhe\OneDrive\Desktop\Cleaned\frontend\node_mo
dules\react-router\lib\components.tsx:512:3)
          at basenameProp (C:\Users\samhe\OneDrive\Desktop\Cleaned\frontend\nod
e_modules\react-router\lib\components.tsx:421:13)
          at basename (C:\Users\samhe\OneDrive\Desktop\Cleaned\frontend\node_mo
dules\react-router\lib\components.tsx:225:3)

      566 |         }
      567 |         setLoading(true)
    > 568 |         setError(null)
          |         ^
      569 |         getDashboardWidgetData(normalizedWidget, effectiveFilters)
      570 |             .then((result) => {
      571 |                 if (cancelled) return

      at printWarning 
(node_modules/react-dom/cjs/react-dom.development.js:86:30)
      at error (node_modules/react-dom/cjs/react-dom.development.js:60:7)
      at warnIfUpdatesNotWrappedWithActDEV 
(node_modules/react-dom/cjs/react-dom.development.js:27628:9)
      at scheduleUpdateOnFiber 
(node_modules/react-dom/cjs/react-dom.development.js:25547:5)
      at dispatchSetState 
(node_modules/react-dom/cjs/react-dom.development.js:16708:7)
      at src/reporting/dashboardWidgets.tsx:568:9
      at commitHookEffectListMount 
(node_modules/react-dom/cjs/react-dom.development.js:23189:26)
      at commitPassiveMountOnFiber 
(node_modules/react-dom/cjs/react-dom.development.js:24970:11)
      at commitPassiveMountEffects_complete 
(node_modules/react-dom/cjs/react-dom.development.js:24930:9)
      at commitPassiveMountEffects_begin 
(node_modules/react-dom/cjs/react-dom.development.js:24917:7)
      at commitPassiveMountEffects 
(node_modules/react-dom/cjs/react-dom.development.js:24905:3)
      at flushPassiveEffectsImpl 
(node_modules/react-dom/cjs/react-dom.development.js:27078:3)
      at flushPassiveEffects 
(node_modules/react-dom/cjs/react-dom.development.js:27023:14)
      at commitRootImpl 
(node_modules/react-dom/cjs/react-dom.development.js:26974:5)
      at commitRoot 
(node_modules/react-dom/cjs/react-dom.development.js:26721:5)
      at performSyncWorkOnRoot 
(node_modules/react-dom/cjs/react-dom.development.js:26156:3)
      at flushSyncCallbacks 
(node_modules/react-dom/cjs/react-dom.development.js:12042:22)
      at node_modules/react-dom/cjs/react-dom.development.js:25690:13
      at invokeTheCallbackFunction 
(node_modules/jsdom/lib/jsdom/living/generated/Function.js:19:26)
      at node_modules/jsdom/lib/jsdom/browser/Window.js:554:9

    console.error
      Warning: An update to DashboardLiveWidget inside a test was not wrapped 
in act(...).
      
      When testing, code that causes React state updates should be wrapped 
into act(...):
      
      act(() => {
        /* fire events that update state */
      });
      /* assert on the output */
      
      This ensures that you're testing the behavior the user would see in the 
browser. Learn more at https://reactjs.org/link/wrap-tests-with-act
          at DashboardLiveWidget (C:\Users\samhe\OneDrive\Desktop\Cleaned\front
end\src\reporting\dashboardWidgets.tsx:534:5)
          at div
          at div
          at div
          at div
          at div
          at div
          at div
          at DashboardViewPage (C:\Users\samhe\OneDrive\Desktop\Cleaned\fronten
d\src\reporting\DashboardViewPage\DashboardViewPage.tsx:36:35)
          at routeContext (C:\Users\samhe\OneDrive\Desktop\Cleaned\frontend\nod
e_modules\react-router\lib\hooks.tsx:658:26)
          at children (C:\Users\samhe\OneDrive\Desktop\Cleaned\frontend\node_mo
dules\react-router\lib\components.tsx:512:3)
          at basenameProp (C:\Users\samhe\OneDrive\Desktop\Cleaned\frontend\nod
e_modules\react-router\lib\components.tsx:421:13)
          at basename (C:\Users\samhe\OneDrive\Desktop\Cleaned\frontend\node_mo
dules\react-router\lib\components.tsx:225:3)

      561 |         let cancelled = false
      562 |         if (normalizedWidget.type === 'text') {
    > 563 |             setData({ type: 'text' })
          |             ^
      564 |             setLoading(false)
      565 |             return () => { cancelled = true }
      566 |         }

      at printWarning 
(node_modules/react-dom/cjs/react-dom.development.js:86:30)
      at error (node_modules/react-dom/cjs/react-dom.development.js:60:7)
      at warnIfUpdatesNotWrappedWithActDEV 
(node_modules/react-dom/cjs/react-dom.development.js:27628:9)
      at scheduleUpdateOnFiber 
(node_modules/react-dom/cjs/react-dom.development.js:25547:5)
      at dispatchSetState 
(node_modules/react-dom/cjs/react-dom.development.js:16708:7)
      at src/reporting/dashboardWidgets.tsx:563:13
      at commitHookEffectListMount 
(node_modules/react-dom/cjs/react-dom.development.js:23189:26)
      at commitPassiveMountOnFiber 
(node_modules/react-dom/cjs/react-dom.development.js:24970:11)
      at commitPassiveMountEffects_complete 
(node_modules/react-dom/cjs/react-dom.development.js:24930:9)
      at commitPassiveMountEffects_begin 
(node_modules/react-dom/cjs/react-dom.development.js:24917:7)
      at commitPassiveMountEffects 
(node_modules/react-dom/cjs/react-dom.development.js:24905:3)
      at flushPassiveEffectsImpl 
(node_modules/react-dom/cjs/react-dom.development.js:27078:3)
      at flushPassiveEffects 
(node_modules/react-dom/cjs/react-dom.development.js:27023:14)
      at commitRootImpl 
(node_modules/react-dom/cjs/react-dom.development.js:26974:5)
      at commitRoot 
(node_modules/react-dom/cjs/react-dom.development.js:26721:5)
      at performSyncWorkOnRoot 
(node_modules/react-dom/cjs/react-dom.development.js:26156:3)
      at flushSyncCallbacks 
(node_modules/react-dom/cjs/react-dom.development.js:12042:22)
      at node_modules/react-dom/cjs/react-dom.development.js:25690:13
      at invokeTheCallbackFunction 
(node_modules/jsdom/lib/jsdom/living/generated/Function.js:19:26)
      at node_modules/jsdom/lib/jsdom/browser/Window.js:554:9

    console.error
      Warning: An update to DashboardLiveWidget inside a test was not wrapped 
in act(...).
      
      When testing, code that causes React state updates should be wrapped 
into act(...):
      
      act(() => {
        /* fire events that update state */
      });
      /* assert on the output */
      
      This ensures that you're testing the behavior the user would see in the 
browser. Learn more at https://reactjs.org/link/wrap-tests-with-act
          at DashboardLiveWidget (C:\Users\samhe\OneDrive\Desktop\Cleaned\front
end\src\reporting\dashboardWidgets.tsx:534:5)
          at div
          at div
          at div
          at div
          at div
          at div
          at div
          at DashboardViewPage (C:\Users\samhe\OneDrive\Desktop\Cleaned\fronten
d\src\reporting\DashboardViewPage\DashboardViewPage.tsx:36:35)
          at routeContext (C:\Users\samhe\OneDrive\Desktop\Cleaned\frontend\nod
e_modules\react-router\lib\hooks.tsx:658:26)
          at children (C:\Users\samhe\OneDrive\Desktop\Cleaned\frontend\node_mo
dules\react-router\lib\components.tsx:512:3)
          at basenameProp (C:\Users\samhe\OneDrive\Desktop\Cleaned\frontend\nod
e_modules\react-router\lib\components.tsx:421:13)
          at basename (C:\Users\samhe\OneDrive\Desktop\Cleaned\frontend\node_mo
dules\react-router\lib\components.tsx:225:3)

      562 |         if (normalizedWidget.type === 'text') {
      563 |             setData({ type: 'text' })
    > 564 |             setLoading(false)
          |             ^
      565 |             return () => { cancelled = true }
      566 |         }
      567 |         setLoading(true)

      at printWarning 
(node_modules/react-dom/cjs/react-dom.development.js:86:30)
      at error (node_modules/react-dom/cjs/react-dom.development.js:60:7)
      at warnIfUpdatesNotWrappedWithActDEV 
(node_modules/react-dom/cjs/react-dom.development.js:27628:9)
      at scheduleUpdateOnFiber 
(node_modules/react-dom/cjs/react-dom.development.js:25547:5)
      at dispatchSetState 
(node_modules/react-dom/cjs/react-dom.development.js:16708:7)
      at src/reporting/dashboardWidgets.tsx:564:13
      at commitHookEffectListMount 
(node_modules/react-dom/cjs/react-dom.development.js:23189:26)
      at commitPassiveMountOnFiber 
(node_modules/react-dom/cjs/react-dom.development.js:24970:11)
      at commitPassiveMountEffects_complete 
(node_modules/react-dom/cjs/react-dom.development.js:24930:9)
      at commitPassiveMountEffects_begin 
(node_modules/react-dom/cjs/react-dom.development.js:24917:7)
      at commitPassiveMountEffects 
(node_modules/react-dom/cjs/react-dom.development.js:24905:3)
      at flushPassiveEffectsImpl 
(node_modules/react-dom/cjs/react-dom.development.js:27078:3)
      at flushPassiveEffects 
(node_modules/react-dom/cjs/react-dom.development.js:27023:14)
      at commitRootImpl 
(node_modules/react-dom/cjs/react-dom.development.js:26974:5)
      at commitRoot 
(node_modules/react-dom/cjs/react-dom.development.js:26721:5)
      at performSyncWorkOnRoot 
(node_modules/react-dom/cjs/react-dom.development.js:26156:3)
      at flushSyncCallbacks 
(node_modules/react-dom/cjs/react-dom.development.js:12042:22)
      at node_modules/react-dom/cjs/react-dom.development.js:25690:13
      at invokeTheCallbackFunction 
(node_modules/jsdom/lib/jsdom/living/generated/Function.js:19:26)
      at node_modules/jsdom/lib/jsdom/browser/Window.js:554:9

    console.error
      Warning: An update to DashboardLiveWidget inside a test was not wrapped 
in act(...).
      
      When testing, code that causes React state updates should be wrapped 
into act(...):
      
      act(() => {
        /* fire events that update state */
      });
      /* assert on the output */
      
      This ensures that you're testing the behavior the user would see in the 
browser. Learn more at https://reactjs.org/link/wrap-tests-with-act
          at DashboardLiveWidget (C:\Users\samhe\OneDrive\Desktop\Cleaned\front
end\src\reporting\dashboardWidgets.tsx:534:5)
          at div
          at div
          at div
          at div
          at div
          at div
          at div
          at DashboardViewPage (C:\Users\samhe\OneDrive\Desktop\Cleaned\fronten
d\src\reporting\DashboardViewPage\DashboardViewPage.tsx:36:35)
          at routeContext (C:\Users\samhe\OneDrive\Desktop\Cleaned\frontend\nod
e_modules\react-router\lib\hooks.tsx:658:26)
          at children (C:\Users\samhe\OneDrive\Desktop\Cleaned\frontend\node_mo
dules\react-router\lib\components.tsx:512:3)
          at basenameProp (C:\Users\samhe\OneDrive\Desktop\Cleaned\frontend\nod
e_modules\react-router\lib\components.tsx:421:13)
          at basename (C:\Users\samhe\OneDrive\Desktop\Cleaned\frontend\node_mo
dules\react-router\lib\components.tsx:225:3)

      570 |             .then((result) => {
      571 |                 if (cancelled) return
    > 572 |                 setData(result)
          |                 ^
      573 |             })
      574 |             .catch((err) => {
      575 |                 if (cancelled) return

      at printWarning 
(node_modules/react-dom/cjs/react-dom.development.js:86:30)
      at error (node_modules/react-dom/cjs/react-dom.development.js:60:7)
      at warnIfUpdatesNotWrappedWithActDEV 
(node_modules/react-dom/cjs/react-dom.development.js:27628:9)
      at scheduleUpdateOnFiber 
(node_modules/react-dom/cjs/react-dom.development.js:25547:5)
      at dispatchSetState 
(node_modules/react-dom/cjs/react-dom.development.js:16708:7)
      at src/reporting/dashboardWidgets.tsx:572:17

    console.error
      Warning: An update to DashboardLiveWidget inside a test was not wrapped 
in act(...).
      
      When testing, code that causes React state updates should be wrapped 
into act(...):
      
      act(() => {
        /* fire events that update state */
      });
      /* assert on the output */
      
      This ensures that you're testing the behavior the user would see in the 
browser. Learn more at https://reactjs.org/link/wrap-tests-with-act
          at DashboardLiveWidget (C:\Users\samhe\OneDrive\Desktop\Cleaned\front
end\src\reporting\dashboardWidgets.tsx:534:5)
          at div
          at div
          at div
          at div
          at div
          at div
          at div
          at DashboardViewPage (C:\Users\samhe\OneDrive\Desktop\Cleaned\fronten
d\src\reporting\DashboardViewPage\DashboardViewPage.tsx:36:35)
          at routeContext (C:\Users\samhe\OneDrive\Desktop\Cleaned\frontend\nod
e_modules\react-router\lib\hooks.tsx:658:26)
          at children (C:\Users\samhe\OneDrive\Desktop\Cleaned\frontend\node_mo
dules\react-router\lib\components.tsx:512:3)
          at basenameProp (C:\Users\samhe\OneDrive\Desktop\Cleaned\frontend\nod
e_modules\react-router\lib\components.tsx:421:13)
          at basename (C:\Users\samhe\OneDrive\Desktop\Cleaned\frontend\node_mo
dules\react-router\lib\components.tsx:225:3)

      579 |             .finally(() => {
      580 |                 if (cancelled) return
    > 581 |                 setLoading(false)
          |                 ^
      582 |             })
      583 |         return () => { cancelled = true }
      584 |     }, [normalizedWidget, filters])

      at printWarning 
(node_modules/react-dom/cjs/react-dom.development.js:86:30)
      at error (node_modules/react-dom/cjs/react-dom.development.js:60:7)
      at warnIfUpdatesNotWrappedWithActDEV 
(node_modules/react-dom/cjs/react-dom.development.js:27628:9)
      at scheduleUpdateOnFiber 
(node_modules/react-dom/cjs/react-dom.development.js:25547:5)
      at dispatchSetState 
(node_modules/react-dom/cjs/react-dom.development.js:16708:7)
      at src/reporting/dashboardWidgets.tsx:581:17

    console.error
      Warning: An update to DashboardViewPage inside a test was not wrapped in 
act(...).
      
      When testing, code that causes React state updates should be wrapped 
into act(...):
      
      act(() => {
        /* fire events that update state */
      });
      /* assert on the output */
      
      This ensures that you're testing the behavior the user would see in the 
browser. Learn more at https://reactjs.org/link/wrap-tests-with-act
          at DashboardViewPage (C:\Users\samhe\OneDrive\Desktop\Cleaned\fronten
d\src\reporting\DashboardViewPage\DashboardViewPage.tsx:36:35)
          at routeContext (C:\Users\samhe\OneDrive\Desktop\Cleaned\frontend\nod
e_modules\react-router\lib\hooks.tsx:658:26)
          at children (C:\Users\samhe\OneDrive\Desktop\Cleaned\frontend\node_mo
dules\react-router\lib\components.tsx:512:3)
          at basenameProp (C:\Users\samhe\OneDrive\Desktop\Cleaned\frontend\nod
e_modules\react-router\lib\components.tsx:421:13)
          at basename (C:\Users\samhe\OneDrive\Desktop\Cleaned\frontend\node_mo
dules\react-router\lib\components.tsx:225:3)

      459 |                         <button
      460 |                             type="button"
    > 461 |                             onClick={() => 
setShowFilterPanel((prev) => !prev)}
          |                                            ^
      462 |                             className="flex items-center gap-2 
px-3 py-1.5 rounded-md border border-gray-300 text-sm text-gray-700 
hover:bg-gray-50 transition-colors"
      463 |                             aria-label="Dashboard Filters"
      464 |                         >

      at printWarning 
(node_modules/react-dom/cjs/react-dom.development.js:86:30)
      at error (node_modules/react-dom/cjs/react-dom.development.js:60:7)
      at warnIfUpdatesNotWrappedWithActDEV 
(node_modules/react-dom/cjs/react-dom.development.js:27628:9)
      at scheduleUpdateOnFiber 
(node_modules/react-dom/cjs/react-dom.development.js:25547:5)
      at dispatchSetState 
(node_modules/react-dom/cjs/react-dom.development.js:16708:7)
      at onClick (src/reporting/DashboardViewPage/DashboardViewPage.tsx:461:44)
      at HTMLUnknownElement.callCallback 
(node_modules/react-dom/cjs/react-dom.development.js:4164:14)
      at HTMLUnknownElement.callTheUserObjectsOperation 
(node_modules/jsdom/lib/jsdom/living/generated/EventListener.js:26:30)
      at innerInvokeEventListeners 
(node_modules/jsdom/lib/jsdom/living/events/EventTarget-impl.js:350:25)
      at invokeEventListeners 
(node_modules/jsdom/lib/jsdom/living/events/EventTarget-impl.js:286:3)
      at HTMLUnknownElementImpl._dispatch 
(node_modules/jsdom/lib/jsdom/living/events/EventTarget-impl.js:233:9)
      at HTMLUnknownElementImpl.dispatchEvent 
(node_modules/jsdom/lib/jsdom/living/events/EventTarget-impl.js:104:17)
      at HTMLUnknownElement.dispatchEvent 
(node_modules/jsdom/lib/jsdom/living/generated/EventTarget.js:241:34)
      at Object.invokeGuardedCallbackDev 
(node_modules/react-dom/cjs/react-dom.development.js:4213:16)
      at invokeGuardedCallback 
(node_modules/react-dom/cjs/react-dom.development.js:4277:31)
      at invokeGuardedCallbackAndCatchFirstError 
(node_modules/react-dom/cjs/react-dom.development.js:4291:25)
      at executeDispatch 
(node_modules/react-dom/cjs/react-dom.development.js:9041:3)
      at processDispatchQueueItemsInOrder 
(node_modules/react-dom/cjs/react-dom.development.js:9073:7)
      at processDispatchQueue 
(node_modules/react-dom/cjs/react-dom.development.js:9086:5)
      at dispatchEventsForPlugins 
(node_modules/react-dom/cjs/react-dom.development.js:9097:3)
      at node_modules/react-dom/cjs/react-dom.development.js:9288:12
      at batchedUpdates$1 
(node_modules/react-dom/cjs/react-dom.development.js:26179:12)
      at batchedUpdates 
(node_modules/react-dom/cjs/react-dom.development.js:3991:12)
      at dispatchEventForPluginEventSystem 
(node_modules/react-dom/cjs/react-dom.development.js:9287:3)
      at dispatchEventWithEnableCapturePhaseSelectiveHydrationWithoutDiscreteEv
entReplay (node_modules/react-dom/cjs/react-dom.development.js:6465:5)
      at dispatchEvent 
(node_modules/react-dom/cjs/react-dom.development.js:6457:5)
      at dispatchDiscreteEvent 
(node_modules/react-dom/cjs/react-dom.development.js:6430:5)
      at HTMLDivElement.callTheUserObjectsOperation 
(node_modules/jsdom/lib/jsdom/living/generated/EventListener.js:26:30)
      at innerInvokeEventListeners 
(node_modules/jsdom/lib/jsdom/living/events/EventTarget-impl.js:350:25)
      at invokeEventListeners 
(node_modules/jsdom/lib/jsdom/living/events/EventTarget-impl.js:286:3)
      at HTMLButtonElementImpl._dispatch 
(node_modules/jsdom/lib/jsdom/living/events/EventTarget-impl.js:233:9)
      at HTMLButtonElementImpl.dispatchEvent 
(node_modules/jsdom/lib/jsdom/living/events/EventTarget-impl.js:104:17)
      at HTMLButtonElement.dispatchEvent 
(node_modules/jsdom/lib/jsdom/living/generated/EventTarget.js:241:34)
      at 
node_modules/@testing-library/user-event/dist/cjs/event/dispatchEvent.js:45:43
      at Object.eventWrapper 
(node_modules/@testing-library/dom/dist/config.js:25:23)
      at Object.wrapEvent 
(node_modules/@testing-library/user-event/dist/cjs/event/wrapEvent.js:6:28)
      at Object.dispatchEvent (node_modules/@testing-library/user-event/dist/cj
s/event/dispatchEvent.js:45:22)
      at Object.dispatchUIEvent (node_modules/@testing-library/user-event/dist/
cjs/event/dispatchEvent.js:22:26)
      at Mouse.up (node_modules/@testing-library/user-event/dist/cjs/system/poi
nter/mouse.js:100:30)
      at PointerHost.release (node_modules/@testing-library/user-event/dist/cjs
/system/pointer/index.js:87:24)
      at pointerAction 
(node_modules/@testing-library/user-event/dist/cjs/pointer/index.js:54:47)
      at Object.pointer 
(node_modules/@testing-library/user-event/dist/cjs/pointer/index.js:27:9)
      at Object.<anonymous> (src/reporting/__tests__/reports.test.tsx:1597:9)

    console.error
      Warning: An update to DashboardViewPage inside a test was not wrapped in 
act(...).
      
      When testing, code that causes React state updates should be wrapped 
into act(...):
      
      act(() => {
        /* fire events that update state */
      });
      /* assert on the output */
      
      This ensures that you're testing the behavior the user would see in the 
browser. Learn more at https://reactjs.org/link/wrap-tests-with-act
          at DashboardViewPage (C:\Users\samhe\OneDrive\Desktop\Cleaned\fronten
d\src\reporting\DashboardViewPage\DashboardViewPage.tsx:36:35)
          at routeContext (C:\Users\samhe\OneDrive\Desktop\Cleaned\frontend\nod
e_modules\react-router\lib\hooks.tsx:658:26)
          at children (C:\Users\samhe\OneDrive\Desktop\Cleaned\frontend\node_mo
dules\react-router\lib\components.tsx:512:3)
          at basenameProp (C:\Users\samhe\OneDrive\Desktop\Cleaned\frontend\nod
e_modules\react-router\lib\components.tsx:421:13)
          at basename (C:\Users\samhe\OneDrive\Desktop\Cleaned\frontend\node_mo
dules\react-router\lib\components.tsx:225:3)

      194 |                                 id="dashboard-analysis-basis"
      195 |                                 value={draftFilters.analysisBasis}
    > 196 |                                 onChange={(event) => 
setDraftFilters((prev) => ({
          |                                                      ^
      197 |                                     ...prev,
      198 |                                     analysisBasis: 
event.target.value as DashboardActiveFilters['analysisBasis'],
      199 |                                 }))}

      at printWarning 
(node_modules/react-dom/cjs/react-dom.development.js:86:30)
      at error (node_modules/react-dom/cjs/react-dom.development.js:60:7)
      at warnIfUpdatesNotWrappedWithActDEV 
(node_modules/react-dom/cjs/react-dom.development.js:27628:9)
      at scheduleUpdateOnFiber 
(node_modules/react-dom/cjs/react-dom.development.js:25547:5)
      at dispatchSetState 
(node_modules/react-dom/cjs/react-dom.development.js:16708:7)
      at onChange 
(src/reporting/DashboardViewPage/DashboardViewPage.tsx:196:54)
      at HTMLUnknownElement.callCallback 
(node_modules/react-dom/cjs/react-dom.development.js:4164:14)
      at HTMLUnknownElement.callTheUserObjectsOperation 
(node_modules/jsdom/lib/jsdom/living/generated/EventListener.js:26:30)
      at innerInvokeEventListeners 
(node_modules/jsdom/lib/jsdom/living/events/EventTarget-impl.js:350:25)
      at invokeEventListeners 
(node_modules/jsdom/lib/jsdom/living/events/EventTarget-impl.js:286:3)
      at HTMLUnknownElementImpl._dispatch 
(node_modules/jsdom/lib/jsdom/living/events/EventTarget-impl.js:233:9)
      at HTMLUnknownElementImpl.dispatchEvent 
(node_modules/jsdom/lib/jsdom/living/events/EventTarget-impl.js:104:17)
      at HTMLUnknownElement.dispatchEvent 
(node_modules/jsdom/lib/jsdom/living/generated/EventTarget.js:241:34)
      at Object.invokeGuardedCallbackDev 
(node_modules/react-dom/cjs/react-dom.development.js:4213:16)
      at invokeGuardedCallback 
(node_modules/react-dom/cjs/react-dom.development.js:4277:31)
      at invokeGuardedCallbackAndCatchFirstError 
(node_modules/react-dom/cjs/react-dom.development.js:4291:25)
      at executeDispatch 
(node_modules/react-dom/cjs/react-dom.development.js:9041:3)
      at processDispatchQueueItemsInOrder 
(node_modules/react-dom/cjs/react-dom.development.js:9073:7)
      at processDispatchQueue 
(node_modules/react-dom/cjs/react-dom.development.js:9086:5)
      at dispatchEventsForPlugins 
(node_modules/react-dom/cjs/react-dom.development.js:9097:3)
      at node_modules/react-dom/cjs/react-dom.development.js:9288:12
      at batchedUpdates$1 
(node_modules/react-dom/cjs/react-dom.development.js:26179:12)
      at batchedUpdates 
(node_modules/react-dom/cjs/react-dom.development.js:3991:12)
      at dispatchEventForPluginEventSystem 
(node_modules/react-dom/cjs/react-dom.development.js:9287:3)
      at dispatchEventWithEnableCapturePhaseSelectiveHydrationWithoutDiscreteEv
entReplay (node_modules/react-dom/cjs/react-dom.development.js:6465:5)
      at dispatchEvent 
(node_modules/react-dom/cjs/react-dom.development.js:6457:5)
      at dispatchDiscreteEvent 
(node_modules/react-dom/cjs/react-dom.development.js:6430:5)
      at HTMLDivElement.callTheUserObjectsOperation 
(node_modules/jsdom/lib/jsdom/living/generated/EventListener.js:26:30)
      at innerInvokeEventListeners 
(node_modules/jsdom/lib/jsdom/living/events/EventTarget-impl.js:350:25)
      at invokeEventListeners 
(node_modules/jsdom/lib/jsdom/living/events/EventTarget-impl.js:286:3)
      at HTMLSelectElementImpl._dispatch 
(node_modules/jsdom/lib/jsdom/living/events/EventTarget-impl.js:233:9)
      at HTMLSelectElementImpl.dispatchEvent 
(node_modules/jsdom/lib/jsdom/living/events/EventTarget-impl.js:104:17)
      at Proxy.dispatchEvent 
(node_modules/jsdom/lib/jsdom/living/generated/EventTarget.js:241:34)
      at 
node_modules/@testing-library/user-event/dist/cjs/event/dispatchEvent.js:45:43
      at Object.eventWrapper 
(node_modules/@testing-library/dom/dist/config.js:25:23)
      at Object.wrapEvent 
(node_modules/@testing-library/user-event/dist/cjs/event/wrapEvent.js:6:28)
      at Object.dispatchEvent (node_modules/@testing-library/user-event/dist/cj
s/event/dispatchEvent.js:45:22)
      at Object.dispatchUIEvent (node_modules/@testing-library/user-event/dist/
cjs/event/dispatchEvent.js:22:26)
      at selectOption (node_modules/@testing-library/user-event/dist/cjs/utilit
y/selectOptions.js:51:14)
      at Object.selectOptionsBase (node_modules/@testing-library/user-event/dis
t/cjs/utility/selectOptions.js:87:13)
      at Object.<anonymous> (src/reporting/__tests__/reports.test.tsx:1598:9)

    console.error
      Warning: An update to DashboardViewPage inside a test was not wrapped in 
act(...).
      
      When testing, code that causes React state updates should be wrapped 
into act(...):
      
      act(() => {
        /* fire events that update state */
      });
      /* assert on the output */
      
      This ensures that you're testing the behavior the user would see in the 
browser. Learn more at https://reactjs.org/link/wrap-tests-with-act
          at DashboardViewPage (C:\Users\samhe\OneDrive\Desktop\Cleaned\fronten
d\src\reporting\DashboardViewPage\DashboardViewPage.tsx:36:35)
          at routeContext (C:\Users\samhe\OneDrive\Desktop\Cleaned\frontend\nod
e_modules\react-router\lib\hooks.tsx:658:26)
          at children (C:\Users\samhe\OneDrive\Desktop\Cleaned\frontend\node_mo
dules\react-router\lib\components.tsx:512:3)
          at basenameProp (C:\Users\samhe\OneDrive\Desktop\Cleaned\frontend\nod
e_modules\react-router\lib\components.tsx:421:13)
          at basename (C:\Users\samhe\OneDrive\Desktop\Cleaned\frontend\node_mo
dules\react-router\lib\components.tsx:225:3)

      355 |                         <button
      356 |                             type="button"
    > 357 |                             onClick={() => 
setAppliedFilters(draftFilters)}
          |                                            ^
      358 |                             className="px-4 py-2 text-sm 
bg-brand-600 text-white rounded-md hover:bg-brand-700"
      359 |                         >
      360 |                             Apply Filters

      at printWarning 
(node_modules/react-dom/cjs/react-dom.development.js:86:30)
      at error (node_modules/react-dom/cjs/react-dom.development.js:60:7)
      at warnIfUpdatesNotWrappedWithActDEV 
(node_modules/react-dom/cjs/react-dom.development.js:27628:9)
      at scheduleUpdateOnFiber 
(node_modules/react-dom/cjs/react-dom.development.js:25547:5)
      at dispatchSetState 
(node_modules/react-dom/cjs/react-dom.development.js:16708:7)
      at onClick (src/reporting/DashboardViewPage/DashboardViewPage.tsx:357:44)
      at HTMLUnknownElement.callCallback 
(node_modules/react-dom/cjs/react-dom.development.js:4164:14)
      at HTMLUnknownElement.callTheUserObjectsOperation 
(node_modules/jsdom/lib/jsdom/living/generated/EventListener.js:26:30)
      at innerInvokeEventListeners 
(node_modules/jsdom/lib/jsdom/living/events/EventTarget-impl.js:350:25)
      at invokeEventListeners 
(node_modules/jsdom/lib/jsdom/living/events/EventTarget-impl.js:286:3)
      at HTMLUnknownElementImpl._dispatch 
(node_modules/jsdom/lib/jsdom/living/events/EventTarget-impl.js:233:9)
      at HTMLUnknownElementImpl.dispatchEvent 
(node_modules/jsdom/lib/jsdom/living/events/EventTarget-impl.js:104:17)
      at HTMLUnknownElement.dispatchEvent 
(node_modules/jsdom/lib/jsdom/living/generated/EventTarget.js:241:34)
      at Object.invokeGuardedCallbackDev 
(node_modules/react-dom/cjs/react-dom.development.js:4213:16)
      at invokeGuardedCallback 
(node_modules/react-dom/cjs/react-dom.development.js:4277:31)
      at invokeGuardedCallbackAndCatchFirstError 
(node_modules/react-dom/cjs/react-dom.development.js:4291:25)
      at executeDispatch 
(node_modules/react-dom/cjs/react-dom.development.js:9041:3)
      at processDispatchQueueItemsInOrder 
(node_modules/react-dom/cjs/react-dom.development.js:9073:7)
      at processDispatchQueue 
(node_modules/react-dom/cjs/react-dom.development.js:9086:5)
      at dispatchEventsForPlugins 
(node_modules/react-dom/cjs/react-dom.development.js:9097:3)
      at node_modules/react-dom/cjs/react-dom.development.js:9288:12
      at batchedUpdates$1 
(node_modules/react-dom/cjs/react-dom.development.js:26179:12)
      at batchedUpdates 
(node_modules/react-dom/cjs/react-dom.development.js:3991:12)
      at dispatchEventForPluginEventSystem 
(node_modules/react-dom/cjs/react-dom.development.js:9287:3)
      at dispatchEventWithEnableCapturePhaseSelectiveHydrationWithoutDiscreteEv
entReplay (node_modules/react-dom/cjs/react-dom.development.js:6465:5)
      at dispatchEvent 
(node_modules/react-dom/cjs/react-dom.development.js:6457:5)
      at dispatchDiscreteEvent 
(node_modules/react-dom/cjs/react-dom.development.js:6430:5)
      at HTMLDivElement.callTheUserObjectsOperation 
(node_modules/jsdom/lib/jsdom/living/generated/EventListener.js:26:30)
      at innerInvokeEventListeners 
(node_modules/jsdom/lib/jsdom/living/events/EventTarget-impl.js:350:25)
      at invokeEventListeners 
(node_modules/jsdom/lib/jsdom/living/events/EventTarget-impl.js:286:3)
      at HTMLButtonElementImpl._dispatch 
(node_modules/jsdom/lib/jsdom/living/events/EventTarget-impl.js:233:9)
      at HTMLButtonElementImpl.dispatchEvent 
(node_modules/jsdom/lib/jsdom/living/events/EventTarget-impl.js:104:17)
      at HTMLButtonElement.dispatchEvent 
(node_modules/jsdom/lib/jsdom/living/generated/EventTarget.js:241:34)
      at 
node_modules/@testing-library/user-event/dist/cjs/event/dispatchEvent.js:45:43
      at Object.eventWrapper 
(node_modules/@testing-library/dom/dist/config.js:25:23)
      at Object.wrapEvent 
(node_modules/@testing-library/user-event/dist/cjs/event/wrapEvent.js:6:28)
      at Object.dispatchEvent (node_modules/@testing-library/user-event/dist/cj
s/event/dispatchEvent.js:45:22)
      at Object.dispatchUIEvent (node_modules/@testing-library/user-event/dist/
cjs/event/dispatchEvent.js:22:26)
      at Mouse.up (node_modules/@testing-library/user-event/dist/cjs/system/poi
nter/mouse.js:100:30)
      at PointerHost.release (node_modules/@testing-library/user-event/dist/cjs
/system/pointer/index.js:87:24)
      at pointerAction 
(node_modules/@testing-library/user-event/dist/cjs/pointer/index.js:54:47)
      at Object.pointer 
(node_modules/@testing-library/user-event/dist/cjs/pointer/index.js:27:9)
      at Object.<anonymous> (src/reporting/__tests__/reports.test.tsx:1599:9)

    console.error
      Warning: An update to DashboardLiveWidget inside a test was not wrapped 
in act(...).
      
      When testing, code that causes React state updates should be wrapped 
into act(...):
      
      act(() => {
        /* fire events that update state */
      });
      /* assert on the output */
      
      This ensures that you're testing the behavior the user would see in the 
browser. Learn more at https://reactjs.org/link/wrap-tests-with-act
          at DashboardLiveWidget (C:\Users\samhe\OneDrive\Desktop\Cleaned\front
end\src\reporting\dashboardWidgets.tsx:534:5)
          at div
          at div
          at div
          at div
          at div
          at div
          at div
          at DashboardViewPage (C:\Users\samhe\OneDrive\Desktop\Cleaned\fronten
d\src\reporting\DashboardViewPage\DashboardViewPage.tsx:36:35)
          at routeContext (C:\Users\samhe\OneDrive\Desktop\Cleaned\frontend\nod
e_modules\react-router\lib\hooks.tsx:658:26)
          at children (C:\Users\samhe\OneDrive\Desktop\Cleaned\frontend\node_mo
dules\react-router\lib\components.tsx:512:3)
          at basenameProp (C:\Users\samhe\OneDrive\Desktop\Cleaned\frontend\nod
e_modules\react-router\lib\components.tsx:421:13)
          at basename (C:\Users\samhe\OneDrive\Desktop\Cleaned\frontend\node_mo
dules\react-router\lib\components.tsx:225:3)

      565 |             return () => { cancelled = true }
      566 |         }
    > 567 |         setLoading(true)
          |         ^
      568 |         setError(null)
      569 |         getDashboardWidgetData(normalizedWidget, effectiveFilters)
      570 |             .then((result) => {

      at printWarning 
(node_modules/react-dom/cjs/react-dom.development.js:86:30)
      at error (node_modules/react-dom/cjs/react-dom.development.js:60:7)
      at warnIfUpdatesNotWrappedWithActDEV 
(node_modules/react-dom/cjs/react-dom.development.js:27628:9)
      at scheduleUpdateOnFiber 
(node_modules/react-dom/cjs/react-dom.development.js:25547:5)
      at dispatchSetState 
(node_modules/react-dom/cjs/react-dom.development.js:16708:7)
      at src/reporting/dashboardWidgets.tsx:567:9
      at commitHookEffectListMount 
(node_modules/react-dom/cjs/react-dom.development.js:23189:26)
      at commitPassiveMountOnFiber 
(node_modules/react-dom/cjs/react-dom.development.js:24970:11)
      at commitPassiveMountEffects_complete 
(node_modules/react-dom/cjs/react-dom.development.js:24930:9)
      at commitPassiveMountEffects_begin 
(node_modules/react-dom/cjs/react-dom.development.js:24917:7)
      at commitPassiveMountEffects 
(node_modules/react-dom/cjs/react-dom.development.js:24905:3)
      at flushPassiveEffectsImpl 
(node_modules/react-dom/cjs/react-dom.development.js:27078:3)
      at flushPassiveEffects 
(node_modules/react-dom/cjs/react-dom.development.js:27023:14)
      at commitRootImpl 
(node_modules/react-dom/cjs/react-dom.development.js:26974:5)
      at commitRoot 
(node_modules/react-dom/cjs/react-dom.development.js:26721:5)
      at performSyncWorkOnRoot 
(node_modules/react-dom/cjs/react-dom.development.js:26156:3)
      at flushSyncCallbacks 
(node_modules/react-dom/cjs/react-dom.development.js:12042:22)
      at node_modules/react-dom/cjs/react-dom.development.js:25690:13
      at invokeTheCallbackFunction 
(node_modules/jsdom/lib/jsdom/living/generated/Function.js:19:26)
      at node_modules/jsdom/lib/jsdom/browser/Window.js:554:9

    console.error
      Warning: An update to DashboardLiveWidget inside a test was not wrapped 
in act(...).
      
      When testing, code that causes React state updates should be wrapped 
into act(...):
      
      act(() => {
        /* fire events that update state */
      });
      /* assert on the output */
      
      This ensures that you're testing the behavior the user would see in the 
browser. Learn more at https://reactjs.org/link/wrap-tests-with-act
          at DashboardLiveWidget (C:\Users\samhe\OneDrive\Desktop\Cleaned\front
end\src\reporting\dashboardWidgets.tsx:534:5)
          at div
          at div
          at div
          at div
          at div
          at div
          at div
          at DashboardViewPage (C:\Users\samhe\OneDrive\Desktop\Cleaned\fronten
d\src\reporting\DashboardViewPage\DashboardViewPage.tsx:36:35)
          at routeContext (C:\Users\samhe\OneDrive\Desktop\Cleaned\frontend\nod
e_modules\react-router\lib\hooks.tsx:658:26)
          at children (C:\Users\samhe\OneDrive\Desktop\Cleaned\frontend\node_mo
dules\react-router\lib\components.tsx:512:3)
          at basenameProp (C:\Users\samhe\OneDrive\Desktop\Cleaned\frontend\nod
e_modules\react-router\lib\components.tsx:421:13)
          at basename (C:\Users\samhe\OneDrive\Desktop\Cleaned\frontend\node_mo
dules\react-router\lib\components.tsx:225:3)

      566 |         }
      567 |         setLoading(true)
    > 568 |         setError(null)
          |         ^
      569 |         getDashboardWidgetData(normalizedWidget, effectiveFilters)
      570 |             .then((result) => {
      571 |                 if (cancelled) return

      at printWarning 
(node_modules/react-dom/cjs/react-dom.development.js:86:30)
      at error (node_modules/react-dom/cjs/react-dom.development.js:60:7)
      at warnIfUpdatesNotWrappedWithActDEV 
(node_modules/react-dom/cjs/react-dom.development.js:27628:9)
      at scheduleUpdateOnFiber 
(node_modules/react-dom/cjs/react-dom.development.js:25547:5)
      at dispatchSetState 
(node_modules/react-dom/cjs/react-dom.development.js:16708:7)
      at src/reporting/dashboardWidgets.tsx:568:9
      at commitHookEffectListMount 
(node_modules/react-dom/cjs/react-dom.development.js:23189:26)
      at commitPassiveMountOnFiber 
(node_modules/react-dom/cjs/react-dom.development.js:24970:11)
      at commitPassiveMountEffects_complete 
(node_modules/react-dom/cjs/react-dom.development.js:24930:9)
      at commitPassiveMountEffects_begin 
(node_modules/react-dom/cjs/react-dom.development.js:24917:7)
      at commitPassiveMountEffects 
(node_modules/react-dom/cjs/react-dom.development.js:24905:3)
      at flushPassiveEffectsImpl 
(node_modules/react-dom/cjs/react-dom.development.js:27078:3)
      at flushPassiveEffects 
(node_modules/react-dom/cjs/react-dom.development.js:27023:14)
      at commitRootImpl 
(node_modules/react-dom/cjs/react-dom.development.js:26974:5)
      at commitRoot 
(node_modules/react-dom/cjs/react-dom.development.js:26721:5)
      at performSyncWorkOnRoot 
(node_modules/react-dom/cjs/react-dom.development.js:26156:3)
      at flushSyncCallbacks 
(node_modules/react-dom/cjs/react-dom.development.js:12042:22)
      at node_modules/react-dom/cjs/react-dom.development.js:25690:13
      at invokeTheCallbackFunction 
(node_modules/jsdom/lib/jsdom/living/generated/Function.js:19:26)
      at node_modules/jsdom/lib/jsdom/browser/Window.js:554:9

    console.error
      Warning: An update to DashboardLiveWidget inside a test was not wrapped 
in act(...).
      
      When testing, code that causes React state updates should be wrapped 
into act(...):
      
      act(() => {
        /* fire events that update state */
      });
      /* assert on the output */
      
      This ensures that you're testing the behavior the user would see in the 
browser. Learn more at https://reactjs.org/link/wrap-tests-with-act
          at DashboardLiveWidget (C:\Users\samhe\OneDrive\Desktop\Cleaned\front
end\src\reporting\dashboardWidgets.tsx:534:5)
          at div
          at div
          at div
          at div
          at div
          at div
          at div
          at DashboardViewPage (C:\Users\samhe\OneDrive\Desktop\Cleaned\fronten
d\src\reporting\DashboardViewPage\DashboardViewPage.tsx:36:35)
          at routeContext (C:\Users\samhe\OneDrive\Desktop\Cleaned\frontend\nod
e_modules\react-router\lib\hooks.tsx:658:26)
          at children (C:\Users\samhe\OneDrive\Desktop\Cleaned\frontend\node_mo
dules\react-router\lib\components.tsx:512:3)
          at basenameProp (C:\Users\samhe\OneDrive\Desktop\Cleaned\frontend\nod
e_modules\react-router\lib\components.tsx:421:13)
          at basename (C:\Users\samhe\OneDrive\Desktop\Cleaned\frontend\node_mo
dules\react-router\lib\components.tsx:225:3)

      565 |             return () => { cancelled = true }
      566 |         }
    > 567 |         setLoading(true)
          |         ^
      568 |         setError(null)
      569 |         getDashboardWidgetData(normalizedWidget, effectiveFilters)
      570 |             .then((result) => {

      at printWarning 
(node_modules/react-dom/cjs/react-dom.development.js:86:30)
      at error (node_modules/react-dom/cjs/react-dom.development.js:60:7)
      at warnIfUpdatesNotWrappedWithActDEV 
(node_modules/react-dom/cjs/react-dom.development.js:27628:9)
      at scheduleUpdateOnFiber 
(node_modules/react-dom/cjs/react-dom.development.js:25547:5)
      at dispatchSetState 
(node_modules/react-dom/cjs/react-dom.development.js:16708:7)
      at src/reporting/dashboardWidgets.tsx:567:9
      at commitHookEffectListMount 
(node_modules/react-dom/cjs/react-dom.development.js:23189:26)
      at commitPassiveMountOnFiber 
(node_modules/react-dom/cjs/react-dom.development.js:24970:11)
      at commitPassiveMountEffects_complete 
(node_modules/react-dom/cjs/react-dom.development.js:24930:9)
      at commitPassiveMountEffects_begin 
(node_modules/react-dom/cjs/react-dom.development.js:24917:7)
      at commitPassiveMountEffects 
(node_modules/react-dom/cjs/react-dom.development.js:24905:3)
      at flushPassiveEffectsImpl 
(node_modules/react-dom/cjs/react-dom.development.js:27078:3)
      at flushPassiveEffects 
(node_modules/react-dom/cjs/react-dom.development.js:27023:14)
      at commitRootImpl 
(node_modules/react-dom/cjs/react-dom.development.js:26974:5)
      at commitRoot 
(node_modules/react-dom/cjs/react-dom.development.js:26721:5)
      at performSyncWorkOnRoot 
(node_modules/react-dom/cjs/react-dom.development.js:26156:3)
      at flushSyncCallbacks 
(node_modules/react-dom/cjs/react-dom.development.js:12042:22)
      at node_modules/react-dom/cjs/react-dom.development.js:25690:13
      at invokeTheCallbackFunction 
(node_modules/jsdom/lib/jsdom/living/generated/Function.js:19:26)
      at node_modules/jsdom/lib/jsdom/browser/Window.js:554:9

    console.error
      Warning: An update to DashboardLiveWidget inside a test was not wrapped 
in act(...).
      
      When testing, code that causes React state updates should be wrapped 
into act(...):
      
      act(() => {
        /* fire events that update state */
      });
      /* assert on the output */
      
      This ensures that you're testing the behavior the user would see in the 
browser. Learn more at https://reactjs.org/link/wrap-tests-with-act
          at DashboardLiveWidget (C:\Users\samhe\OneDrive\Desktop\Cleaned\front
end\src\reporting\dashboardWidgets.tsx:534:5)
          at div
          at div
          at div
          at div
          at div
          at div
          at div
          at DashboardViewPage (C:\Users\samhe\OneDrive\Desktop\Cleaned\fronten
d\src\reporting\DashboardViewPage\DashboardViewPage.tsx:36:35)
          at routeContext (C:\Users\samhe\OneDrive\Desktop\Cleaned\frontend\nod
e_modules\react-router\lib\hooks.tsx:658:26)
          at children (C:\Users\samhe\OneDrive\Desktop\Cleaned\frontend\node_mo
dules\react-router\lib\components.tsx:512:3)
          at basenameProp (C:\Users\samhe\OneDrive\Desktop\Cleaned\frontend\nod
e_modules\react-router\lib\components.tsx:421:13)
          at basename (C:\Users\samhe\OneDrive\Desktop\Cleaned\frontend\node_mo
dules\react-router\lib\components.tsx:225:3)

      566 |         }
      567 |         setLoading(true)
    > 568 |         setError(null)
          |         ^
      569 |         getDashboardWidgetData(normalizedWidget, effectiveFilters)
      570 |             .then((result) => {
      571 |                 if (cancelled) return

      at printWarning 
(node_modules/react-dom/cjs/react-dom.development.js:86:30)
      at error (node_modules/react-dom/cjs/react-dom.development.js:60:7)
      at warnIfUpdatesNotWrappedWithActDEV 
(node_modules/react-dom/cjs/react-dom.development.js:27628:9)
      at scheduleUpdateOnFiber 
(node_modules/react-dom/cjs/react-dom.development.js:25547:5)
      at dispatchSetState 
(node_modules/react-dom/cjs/react-dom.development.js:16708:7)
      at src/reporting/dashboardWidgets.tsx:568:9
      at commitHookEffectListMount 
(node_modules/react-dom/cjs/react-dom.development.js:23189:26)
      at commitPassiveMountOnFiber 
(node_modules/react-dom/cjs/react-dom.development.js:24970:11)
      at commitPassiveMountEffects_complete 
(node_modules/react-dom/cjs/react-dom.development.js:24930:9)
      at commitPassiveMountEffects_begin 
(node_modules/react-dom/cjs/react-dom.development.js:24917:7)
      at commitPassiveMountEffects 
(node_modules/react-dom/cjs/react-dom.development.js:24905:3)
      at flushPassiveEffectsImpl 
(node_modules/react-dom/cjs/react-dom.development.js:27078:3)
      at flushPassiveEffects 
(node_modules/react-dom/cjs/react-dom.development.js:27023:14)
      at commitRootImpl 
(node_modules/react-dom/cjs/react-dom.development.js:26974:5)
      at commitRoot 
(node_modules/react-dom/cjs/react-dom.development.js:26721:5)
      at performSyncWorkOnRoot 
(node_modules/react-dom/cjs/react-dom.development.js:26156:3)
      at flushSyncCallbacks 
(node_modules/react-dom/cjs/react-dom.development.js:12042:22)
      at node_modules/react-dom/cjs/react-dom.development.js:25690:13
      at invokeTheCallbackFunction 
(node_modules/jsdom/lib/jsdom/living/generated/Function.js:19:26)
      at node_modules/jsdom/lib/jsdom/browser/Window.js:554:9

    console.error
      Warning: An update to DashboardLiveWidget inside a test was not wrapped 
in act(...).
      
      When testing, code that causes React state updates should be wrapped 
into act(...):
      
      act(() => {
        /* fire events that update state */
      });
      /* assert on the output */
      
      This ensures that you're testing the behavior the user would see in the 
browser. Learn more at https://reactjs.org/link/wrap-tests-with-act
          at DashboardLiveWidget (C:\Users\samhe\OneDrive\Desktop\Cleaned\front
end\src\reporting\dashboardWidgets.tsx:534:5)
          at div
          at div
          at div
          at div
          at div
          at div
          at div
          at DashboardViewPage (C:\Users\samhe\OneDrive\Desktop\Cleaned\fronten
d\src\reporting\DashboardViewPage\DashboardViewPage.tsx:36:35)
          at routeContext (C:\Users\samhe\OneDrive\Desktop\Cleaned\frontend\nod
e_modules\react-router\lib\hooks.tsx:658:26)
          at children (C:\Users\samhe\OneDrive\Desktop\Cleaned\frontend\node_mo
dules\react-router\lib\components.tsx:512:3)
          at basenameProp (C:\Users\samhe\OneDrive\Desktop\Cleaned\frontend\nod
e_modules\react-router\lib\components.tsx:421:13)
          at basename (C:\Users\samhe\OneDrive\Desktop\Cleaned\frontend\node_mo
dules\react-router\lib\components.tsx:225:3)

      570 |             .then((result) => {
      571 |                 if (cancelled) return
    > 572 |                 setData(result)
          |                 ^
      573 |             })
      574 |             .catch((err) => {
      575 |                 if (cancelled) return

      at printWarning 
(node_modules/react-dom/cjs/react-dom.development.js:86:30)
      at error (node_modules/react-dom/cjs/react-dom.development.js:60:7)
      at warnIfUpdatesNotWrappedWithActDEV 
(node_modules/react-dom/cjs/react-dom.development.js:27628:9)
      at scheduleUpdateOnFiber 
(node_modules/react-dom/cjs/react-dom.development.js:25547:5)
      at dispatchSetState 
(node_modules/react-dom/cjs/react-dom.development.js:16708:7)
      at src/reporting/dashboardWidgets.tsx:572:17

    console.error
      Warning: An update to DashboardLiveWidget inside a test was not wrapped 
in act(...).
      
      When testing, code that causes React state updates should be wrapped 
into act(...):
      
      act(() => {
        /* fire events that update state */
      });
      /* assert on the output */
      
      This ensures that you're testing the behavior the user would see in the 
browser. Learn more at https://reactjs.org/link/wrap-tests-with-act
          at DashboardLiveWidget (C:\Users\samhe\OneDrive\Desktop\Cleaned\front
end\src\reporting\dashboardWidgets.tsx:534:5)
          at div
          at div
          at div
          at div
          at div
          at div
          at div
          at DashboardViewPage (C:\Users\samhe\OneDrive\Desktop\Cleaned\fronten
d\src\reporting\DashboardViewPage\DashboardViewPage.tsx:36:35)
          at routeContext (C:\Users\samhe\OneDrive\Desktop\Cleaned\frontend\nod
e_modules\react-router\lib\hooks.tsx:658:26)
          at children (C:\Users\samhe\OneDrive\Desktop\Cleaned\frontend\node_mo
dules\react-router\lib\components.tsx:512:3)
          at basenameProp (C:\Users\samhe\OneDrive\Desktop\Cleaned\frontend\nod
e_modules\react-router\lib\components.tsx:421:13)
          at basename (C:\Users\samhe\OneDrive\Desktop\Cleaned\frontend\node_mo
dules\react-router\lib\components.tsx:225:3)

      570 |             .then((result) => {
      571 |                 if (cancelled) return
    > 572 |                 setData(result)
          |                 ^
      573 |             })
      574 |             .catch((err) => {
      575 |                 if (cancelled) return

      at printWarning 
(node_modules/react-dom/cjs/react-dom.development.js:86:30)
      at error (node_modules/react-dom/cjs/react-dom.development.js:60:7)
      at warnIfUpdatesNotWrappedWithActDEV 
(node_modules/react-dom/cjs/react-dom.development.js:27628:9)
      at scheduleUpdateOnFiber 
(node_modules/react-dom/cjs/react-dom.development.js:25547:5)
      at dispatchSetState 
(node_modules/react-dom/cjs/react-dom.development.js:16708:7)
      at src/reporting/dashboardWidgets.tsx:572:17

    console.error
      Warning: An update to DashboardLiveWidget inside a test was not wrapped 
in act(...).
      
      When testing, code that causes React state updates should be wrapped 
into act(...):
      
      act(() => {
        /* fire events that update state */
      });
      /* assert on the output */
      
      This ensures that you're testing the behavior the user would see in the 
browser. Learn more at https://reactjs.org/link/wrap-tests-with-act
          at DashboardLiveWidget (C:\Users\samhe\OneDrive\Desktop\Cleaned\front
end\src\reporting\dashboardWidgets.tsx:534:5)
          at div
          at div
          at div
          at div
          at div
          at div
          at div
          at DashboardViewPage (C:\Users\samhe\OneDrive\Desktop\Cleaned\fronten
d\src\reporting\DashboardViewPage\DashboardViewPage.tsx:36:35)
          at routeContext (C:\Users\samhe\OneDrive\Desktop\Cleaned\frontend\nod
e_modules\react-router\lib\hooks.tsx:658:26)
          at children (C:\Users\samhe\OneDrive\Desktop\Cleaned\frontend\node_mo
dules\react-router\lib\components.tsx:512:3)
          at basenameProp (C:\Users\samhe\OneDrive\Desktop\Cleaned\frontend\nod
e_modules\react-router\lib\components.tsx:421:13)
          at basename (C:\Users\samhe\OneDrive\Desktop\Cleaned\frontend\node_mo
dules\react-router\lib\components.tsx:225:3)

      579 |             .finally(() => {
      580 |                 if (cancelled) return
    > 581 |                 setLoading(false)
          |                 ^
      582 |             })
      583 |         return () => { cancelled = true }
      584 |     }, [normalizedWidget, filters])

      at printWarning 
(node_modules/react-dom/cjs/react-dom.development.js:86:30)
      at error (node_modules/react-dom/cjs/react-dom.development.js:60:7)
      at warnIfUpdatesNotWrappedWithActDEV 
(node_modules/react-dom/cjs/react-dom.development.js:27628:9)
      at scheduleUpdateOnFiber 
(node_modules/react-dom/cjs/react-dom.development.js:25547:5)
      at dispatchSetState 
(node_modules/react-dom/cjs/react-dom.development.js:16708:7)
      at src/reporting/dashboardWidgets.tsx:581:17

    console.error
      Warning: An update to DashboardLiveWidget inside a test was not wrapped 
in act(...).
      
      When testing, code that causes React state updates should be wrapped 
into act(...):
      
      act(() => {
        /* fire events that update state */
      });
      /* assert on the output */
      
      This ensures that you're testing the behavior the user would see in the 
browser. Learn more at https://reactjs.org/link/wrap-tests-with-act
          at DashboardLiveWidget (C:\Users\samhe\OneDrive\Desktop\Cleaned\front
end\src\reporting\dashboardWidgets.tsx:534:5)
          at div
          at div
          at div
          at div
          at div
          at div
          at div
          at DashboardViewPage (C:\Users\samhe\OneDrive\Desktop\Cleaned\fronten
d\src\reporting\DashboardViewPage\DashboardViewPage.tsx:36:35)
          at routeContext (C:\Users\samhe\OneDrive\Desktop\Cleaned\frontend\nod
e_modules\react-router\lib\hooks.tsx:658:26)
          at children (C:\Users\samhe\OneDrive\Desktop\Cleaned\frontend\node_mo
dules\react-router\lib\components.tsx:512:3)
          at basenameProp (C:\Users\samhe\OneDrive\Desktop\Cleaned\frontend\nod
e_modules\react-router\lib\components.tsx:421:13)
          at basename (C:\Users\samhe\OneDrive\Desktop\Cleaned\frontend\node_mo
dules\react-router\lib\components.tsx:225:3)

      579 |             .finally(() => {
      580 |                 if (cancelled) return
    > 581 |                 setLoading(false)
          |                 ^
      582 |             })
      583 |         return () => { cancelled = true }
      584 |     }, [normalizedWidget, filters])

      at printWarning 
(node_modules/react-dom/cjs/react-dom.development.js:86:30)
      at error (node_modules/react-dom/cjs/react-dom.development.js:60:7)
      at warnIfUpdatesNotWrappedWithActDEV 
(node_modules/react-dom/cjs/react-dom.development.js:27628:9)
      at scheduleUpdateOnFiber 
(node_modules/react-dom/cjs/react-dom.development.js:25547:5)
      at dispatchSetState 
(node_modules/react-dom/cjs/react-dom.development.js:16708:7)
      at src/reporting/dashboardWidgets.tsx:581:17

    console.error
      Warning: An update to TableWidgetView inside a test was not wrapped in 
act(...).
      
      When testing, code that causes React state updates should be wrapped 
into act(...):
      
      act(() => {
        /* fire events that update state */
      });
      /* assert on the output */
      
      This ensures that you're testing the behavior the user would see in the 
browser. Learn more at https://reactjs.org/link/wrap-tests-with-act
          at TableWidgetView (C:\Users\samhe\OneDrive\Desktop\Cleaned\frontend\
src\reporting\dashboardWidgets.tsx:296:28)
          at DashboardLiveWidget (C:\Users\samhe\OneDrive\Desktop\Cleaned\front
end\src\reporting\dashboardWidgets.tsx:534:5)
          at div
          at div
          at div
          at div
          at div
          at div
          at div
          at DashboardViewPage (C:\Users\samhe\OneDrive\Desktop\Cleaned\fronten
d\src\reporting\DashboardViewPage\DashboardViewPage.tsx:36:35)
          at routeContext (C:\Users\samhe\OneDrive\Desktop\Cleaned\frontend\nod
e_modules\react-router\lib\hooks.tsx:658:26)
          at children (C:\Users\samhe\OneDrive\Desktop\Cleaned\frontend\node_mo
dules\react-router\lib\components.tsx:512:3)
          at basenameProp (C:\Users\samhe\OneDrive\Desktop\Cleaned\frontend\nod
e_modules\react-router\lib\components.tsx:421:13)
          at basename (C:\Users\samhe\OneDrive\Desktop\Cleaned\frontend\node_mo
dules\react-router\lib\components.tsx:225:3)

      450 |                                                         
className="h-4 w-4 text-[10px] rounded border border-amber-200 text-amber-700 
leading-none"
      451 |                                                         
onClick={() => {
    > 452 |                                                             
setExpandedKeys((prev) => {
          |                                                             ^
      453 |                                                                 
const next = new Set(prev)
      454 |                                                                 if 
(next.has(node.key)) next.delete(node.key)
      455 |                                                                 
else next.add(node.key)

      at printWarning 
(node_modules/react-dom/cjs/react-dom.development.js:86:30)
      at error (node_modules/react-dom/cjs/react-dom.development.js:60:7)
      at warnIfUpdatesNotWrappedWithActDEV 
(node_modules/react-dom/cjs/react-dom.development.js:27628:9)
      at scheduleUpdateOnFiber 
(node_modules/react-dom/cjs/react-dom.development.js:25547:5)
      at dispatchSetState 
(node_modules/react-dom/cjs/react-dom.development.js:16708:7)
      at onClick (src/reporting/dashboardWidgets.tsx:452:61)
      at HTMLUnknownElement.callCallback 
(node_modules/react-dom/cjs/react-dom.development.js:4164:14)
      at HTMLUnknownElement.callTheUserObjectsOperation 
(node_modules/jsdom/lib/jsdom/living/generated/EventListener.js:26:30)
      at innerInvokeEventListeners 
(node_modules/jsdom/lib/jsdom/living/events/EventTarget-impl.js:350:25)
      at invokeEventListeners 
(node_modules/jsdom/lib/jsdom/living/events/EventTarget-impl.js:286:3)
      at HTMLUnknownElementImpl._dispatch 
(node_modules/jsdom/lib/jsdom/living/events/EventTarget-impl.js:233:9)
      at HTMLUnknownElementImpl.dispatchEvent 
(node_modules/jsdom/lib/jsdom/living/events/EventTarget-impl.js:104:17)
      at HTMLUnknownElement.dispatchEvent 
(node_modules/jsdom/lib/jsdom/living/generated/EventTarget.js:241:34)
      at Object.invokeGuardedCallbackDev 
(node_modules/react-dom/cjs/react-dom.development.js:4213:16)
      at invokeGuardedCallback 
(node_modules/react-dom/cjs/react-dom.development.js:4277:31)
      at invokeGuardedCallbackAndCatchFirstError 
(node_modules/react-dom/cjs/react-dom.development.js:4291:25)
      at executeDispatch 
(node_modules/react-dom/cjs/react-dom.development.js:9041:3)
      at processDispatchQueueItemsInOrder 
(node_modules/react-dom/cjs/react-dom.development.js:9073:7)
      at processDispatchQueue 
(node_modules/react-dom/cjs/react-dom.development.js:9086:5)
      at dispatchEventsForPlugins 
(node_modules/react-dom/cjs/react-dom.development.js:9097:3)
      at node_modules/react-dom/cjs/react-dom.development.js:9288:12
      at batchedUpdates$1 
(node_modules/react-dom/cjs/react-dom.development.js:26179:12)
      at batchedUpdates 
(node_modules/react-dom/cjs/react-dom.development.js:3991:12)
      at dispatchEventForPluginEventSystem 
(node_modules/react-dom/cjs/react-dom.development.js:9287:3)
      at dispatchEventWithEnableCapturePhaseSelectiveHydrationWithoutDiscreteEv
entReplay (node_modules/react-dom/cjs/react-dom.development.js:6465:5)
      at dispatchEvent 
(node_modules/react-dom/cjs/react-dom.development.js:6457:5)
      at dispatchDiscreteEvent 
(node_modules/react-dom/cjs/react-dom.development.js:6430:5)
      at HTMLDivElement.callTheUserObjectsOperation 
(node_modules/jsdom/lib/jsdom/living/generated/EventListener.js:26:30)
      at innerInvokeEventListeners 
(node_modules/jsdom/lib/jsdom/living/events/EventTarget-impl.js:350:25)
      at invokeEventListeners 
(node_modules/jsdom/lib/jsdom/living/events/EventTarget-impl.js:286:3)
      at HTMLButtonElementImpl._dispatch 
(node_modules/jsdom/lib/jsdom/living/events/EventTarget-impl.js:233:9)
      at HTMLButtonElementImpl.dispatchEvent 
(node_modules/jsdom/lib/jsdom/living/events/EventTarget-impl.js:104:17)
      at HTMLButtonElement.dispatchEvent 
(node_modules/jsdom/lib/jsdom/living/generated/EventTarget.js:241:34)
      at 
node_modules/@testing-library/user-event/dist/cjs/event/dispatchEvent.js:45:43
      at Object.eventWrapper 
(node_modules/@testing-library/dom/dist/config.js:25:23)
      at Object.wrapEvent 
(node_modules/@testing-library/user-event/dist/cjs/event/wrapEvent.js:6:28)
      at Object.dispatchEvent (node_modules/@testing-library/user-event/dist/cj
s/event/dispatchEvent.js:45:22)
      at Object.dispatchUIEvent (node_modules/@testing-library/user-event/dist/
cjs/event/dispatchEvent.js:22:26)
      at Mouse.up (node_modules/@testing-library/user-event/dist/cjs/system/poi
nter/mouse.js:100:30)
      at PointerHost.release (node_modules/@testing-library/user-event/dist/cjs
/system/pointer/index.js:87:24)
      at pointerAction 
(node_modules/@testing-library/user-event/dist/cjs/pointer/index.js:54:47)
      at Object.pointer 
(node_modules/@testing-library/user-event/dist/cjs/pointer/index.js:27:9)
      at Object.<anonymous> (src/reporting/__tests__/reports.test.tsx:1777:9)

    console.error
      Warning: An update to TableWidgetView inside a test was not wrapped in 
act(...).
      
      When testing, code that causes React state updates should be wrapped 
into act(...):
      
      act(() => {
        /* fire events that update state */
      });
      /* assert on the output */
      
      This ensures that you're testing the behavior the user would see in the 
browser. Learn more at https://reactjs.org/link/wrap-tests-with-act
          at TableWidgetView (C:\Users\samhe\OneDrive\Desktop\Cleaned\frontend\
src\reporting\dashboardWidgets.tsx:296:28)
          at DashboardLiveWidget (C:\Users\samhe\OneDrive\Desktop\Cleaned\front
end\src\reporting\dashboardWidgets.tsx:534:5)
          at div
          at div
          at div
          at div
          at div
          at div
          at div
          at DashboardViewPage (C:\Users\samhe\OneDrive\Desktop\Cleaned\fronten
d\src\reporting\DashboardViewPage\DashboardViewPage.tsx:36:35)
          at routeContext (C:\Users\samhe\OneDrive\Desktop\Cleaned\frontend\nod
e_modules\react-router\lib\hooks.tsx:658:26)
          at children (C:\Users\samhe\OneDrive\Desktop\Cleaned\frontend\node_mo
dules\react-router\lib\components.tsx:512:3)
          at basenameProp (C:\Users\samhe\OneDrive\Desktop\Cleaned\frontend\nod
e_modules\react-router\lib\components.tsx:421:13)
          at basename (C:\Users\samhe\OneDrive\Desktop\Cleaned\frontend\node_mo
dules\react-router\lib\components.tsx:225:3)

      450 |                                                         
className="h-4 w-4 text-[10px] rounded border border-amber-200 text-amber-700 
leading-none"
      451 |                                                         
onClick={() => {
    > 452 |                                                             
setExpandedKeys((prev) => {
          |                                                             ^
      453 |                                                                 
const next = new Set(prev)
      454 |                                                                 if 
(next.has(node.key)) next.delete(node.key)
      455 |                                                                 
else next.add(node.key)

      at printWarning 
(node_modules/react-dom/cjs/react-dom.development.js:86:30)
      at error (node_modules/react-dom/cjs/react-dom.development.js:60:7)
      at warnIfUpdatesNotWrappedWithActDEV 
(node_modules/react-dom/cjs/react-dom.development.js:27628:9)
      at scheduleUpdateOnFiber 
(node_modules/react-dom/cjs/react-dom.development.js:25547:5)
      at dispatchSetState 
(node_modules/react-dom/cjs/react-dom.development.js:16708:7)
      at onClick (src/reporting/dashboardWidgets.tsx:452:61)
      at HTMLUnknownElement.callCallback 
(node_modules/react-dom/cjs/react-dom.development.js:4164:14)
      at HTMLUnknownElement.callTheUserObjectsOperation 
(node_modules/jsdom/lib/jsdom/living/generated/EventListener.js:26:30)
      at innerInvokeEventListeners 
(node_modules/jsdom/lib/jsdom/living/events/EventTarget-impl.js:350:25)
      at invokeEventListeners 
(node_modules/jsdom/lib/jsdom/living/events/EventTarget-impl.js:286:3)
      at HTMLUnknownElementImpl._dispatch 
(node_modules/jsdom/lib/jsdom/living/events/EventTarget-impl.js:233:9)
      at HTMLUnknownElementImpl.dispatchEvent 
(node_modules/jsdom/lib/jsdom/living/events/EventTarget-impl.js:104:17)
      at HTMLUnknownElement.dispatchEvent 
(node_modules/jsdom/lib/jsdom/living/generated/EventTarget.js:241:34)
      at Object.invokeGuardedCallbackDev 
(node_modules/react-dom/cjs/react-dom.development.js:4213:16)
      at invokeGuardedCallback 
(node_modules/react-dom/cjs/react-dom.development.js:4277:31)
      at invokeGuardedCallbackAndCatchFirstError 
(node_modules/react-dom/cjs/react-dom.development.js:4291:25)
      at executeDispatch 
(node_modules/react-dom/cjs/react-dom.development.js:9041:3)
      at processDispatchQueueItemsInOrder 
(node_modules/react-dom/cjs/react-dom.development.js:9073:7)
      at processDispatchQueue 
(node_modules/react-dom/cjs/react-dom.development.js:9086:5)
      at dispatchEventsForPlugins 
(node_modules/react-dom/cjs/react-dom.development.js:9097:3)
      at node_modules/react-dom/cjs/react-dom.development.js:9288:12
      at batchedUpdates$1 
(node_modules/react-dom/cjs/react-dom.development.js:26179:12)
      at batchedUpdates 
(node_modules/react-dom/cjs/react-dom.development.js:3991:12)
      at dispatchEventForPluginEventSystem 
(node_modules/react-dom/cjs/react-dom.development.js:9287:3)
      at dispatchEventWithEnableCapturePhaseSelectiveHydrationWithoutDiscreteEv
entReplay (node_modules/react-dom/cjs/react-dom.development.js:6465:5)
      at dispatchEvent 
(node_modules/react-dom/cjs/react-dom.development.js:6457:5)
      at dispatchDiscreteEvent 
(node_modules/react-dom/cjs/react-dom.development.js:6430:5)
      at HTMLDivElement.callTheUserObjectsOperation 
(node_modules/jsdom/lib/jsdom/living/generated/EventListener.js:26:30)
      at innerInvokeEventListeners 
(node_modules/jsdom/lib/jsdom/living/events/EventTarget-impl.js:350:25)
      at invokeEventListeners 
(node_modules/jsdom/lib/jsdom/living/events/EventTarget-impl.js:286:3)
      at HTMLButtonElementImpl._dispatch 
(node_modules/jsdom/lib/jsdom/living/events/EventTarget-impl.js:233:9)
      at HTMLButtonElementImpl.dispatchEvent 
(node_modules/jsdom/lib/jsdom/living/events/EventTarget-impl.js:104:17)
      at HTMLButtonElement.dispatchEvent 
(node_modules/jsdom/lib/jsdom/living/generated/EventTarget.js:241:34)
      at 
node_modules/@testing-library/user-event/dist/cjs/event/dispatchEvent.js:45:43
      at Object.eventWrapper 
(node_modules/@testing-library/dom/dist/config.js:25:23)
      at Object.wrapEvent 
(node_modules/@testing-library/user-event/dist/cjs/event/wrapEvent.js:6:28)
      at Object.dispatchEvent (node_modules/@testing-library/user-event/dist/cj
s/event/dispatchEvent.js:45:22)
      at Object.dispatchUIEvent (node_modules/@testing-library/user-event/dist/
cjs/event/dispatchEvent.js:22:26)
      at Mouse.up (node_modules/@testing-library/user-event/dist/cjs/system/poi
nter/mouse.js:100:30)
      at PointerHost.release (node_modules/@testing-library/user-event/dist/cjs
/system/pointer/index.js:87:24)
      at pointerAction 
(node_modules/@testing-library/user-event/dist/cjs/pointer/index.js:54:47)
      at Object.pointer 
(node_modules/@testing-library/user-event/dist/cjs/pointer/index.js:27:9)
      at Object.<anonymous> (src/reporting/__tests__/reports.test.tsx:1780:9)

    console.error
      Warning: An update to TableWidgetView inside a test was not wrapped in 
act(...).
      
      When testing, code that causes React state updates should be wrapped 
into act(...):
      
      act(() => {
        /* fire events that update state */
      });
      /* assert on the output */
      
      This ensures that you're testing the behavior the user would see in the 
browser. Learn more at https://reactjs.org/link/wrap-tests-with-act
          at TableWidgetView (C:\Users\samhe\OneDrive\Desktop\Cleaned\frontend\
src\reporting\dashboardWidgets.tsx:296:28)
          at DashboardLiveWidget (C:\Users\samhe\OneDrive\Desktop\Cleaned\front
end\src\reporting\dashboardWidgets.tsx:534:5)
          at div
          at div
          at div
          at div
          at div
          at div
          at div
          at DashboardViewPage (C:\Users\samhe\OneDrive\Desktop\Cleaned\fronten
d\src\reporting\DashboardViewPage\DashboardViewPage.tsx:36:35)
          at routeContext (C:\Users\samhe\OneDrive\Desktop\Cleaned\frontend\nod
e_modules\react-router\lib\hooks.tsx:658:26)
          at children (C:\Users\samhe\OneDrive\Desktop\Cleaned\frontend\node_mo
dules\react-router\lib\components.tsx:512:3)
          at basenameProp (C:\Users\samhe\OneDrive\Desktop\Cleaned\frontend\nod
e_modules\react-router\lib\components.tsx:421:13)
          at basename (C:\Users\samhe\OneDrive\Desktop\Cleaned\frontend\node_mo
dules\react-router\lib\components.tsx:225:3)

      450 |                                                         
className="h-4 w-4 text-[10px] rounded border border-amber-200 text-amber-700 
leading-none"
      451 |                                                         
onClick={() => {
    > 452 |                                                             
setExpandedKeys((prev) => {
          |                                                             ^
      453 |                                                                 
const next = new Set(prev)
      454 |                                                                 if 
(next.has(node.key)) next.delete(node.key)
      455 |                                                                 
else next.add(node.key)

      at printWarning 
(node_modules/react-dom/cjs/react-dom.development.js:86:30)
      at error (node_modules/react-dom/cjs/react-dom.development.js:60:7)
      at warnIfUpdatesNotWrappedWithActDEV 
(node_modules/react-dom/cjs/react-dom.development.js:27628:9)
      at scheduleUpdateOnFiber 
(node_modules/react-dom/cjs/react-dom.development.js:25547:5)
      at dispatchSetState 
(node_modules/react-dom/cjs/react-dom.development.js:16708:7)
      at onClick (src/reporting/dashboardWidgets.tsx:452:61)
      at HTMLUnknownElement.callCallback 
(node_modules/react-dom/cjs/react-dom.development.js:4164:14)
      at HTMLUnknownElement.callTheUserObjectsOperation 
(node_modules/jsdom/lib/jsdom/living/generated/EventListener.js:26:30)
      at innerInvokeEventListeners 
(node_modules/jsdom/lib/jsdom/living/events/EventTarget-impl.js:350:25)
      at invokeEventListeners 
(node_modules/jsdom/lib/jsdom/living/events/EventTarget-impl.js:286:3)
      at HTMLUnknownElementImpl._dispatch 
(node_modules/jsdom/lib/jsdom/living/events/EventTarget-impl.js:233:9)
      at HTMLUnknownElementImpl.dispatchEvent 
(node_modules/jsdom/lib/jsdom/living/events/EventTarget-impl.js:104:17)
      at HTMLUnknownElement.dispatchEvent 
(node_modules/jsdom/lib/jsdom/living/generated/EventTarget.js:241:34)
      at Object.invokeGuardedCallbackDev 
(node_modules/react-dom/cjs/react-dom.development.js:4213:16)
      at invokeGuardedCallback 
(node_modules/react-dom/cjs/react-dom.development.js:4277:31)
      at invokeGuardedCallbackAndCatchFirstError 
(node_modules/react-dom/cjs/react-dom.development.js:4291:25)
      at executeDispatch 
(node_modules/react-dom/cjs/react-dom.development.js:9041:3)
      at processDispatchQueueItemsInOrder 
(node_modules/react-dom/cjs/react-dom.development.js:9073:7)
      at processDispatchQueue 
(node_modules/react-dom/cjs/react-dom.development.js:9086:5)
      at dispatchEventsForPlugins 
(node_modules/react-dom/cjs/react-dom.development.js:9097:3)
      at node_modules/react-dom/cjs/react-dom.development.js:9288:12
      at batchedUpdates$1 
(node_modules/react-dom/cjs/react-dom.development.js:26179:12)
      at batchedUpdates 
(node_modules/react-dom/cjs/react-dom.development.js:3991:12)
      at dispatchEventForPluginEventSystem 
(node_modules/react-dom/cjs/react-dom.development.js:9287:3)
      at dispatchEventWithEnableCapturePhaseSelectiveHydrationWithoutDiscreteEv
entReplay (node_modules/react-dom/cjs/react-dom.development.js:6465:5)
      at dispatchEvent 
(node_modules/react-dom/cjs/react-dom.development.js:6457:5)
      at dispatchDiscreteEvent 
(node_modules/react-dom/cjs/react-dom.development.js:6430:5)
      at HTMLDivElement.callTheUserObjectsOperation 
(node_modules/jsdom/lib/jsdom/living/generated/EventListener.js:26:30)
      at innerInvokeEventListeners 
(node_modules/jsdom/lib/jsdom/living/events/EventTarget-impl.js:350:25)
      at invokeEventListeners 
(node_modules/jsdom/lib/jsdom/living/events/EventTarget-impl.js:286:3)
      at HTMLButtonElementImpl._dispatch 
(node_modules/jsdom/lib/jsdom/living/events/EventTarget-impl.js:233:9)
      at HTMLButtonElementImpl.dispatchEvent 
(node_modules/jsdom/lib/jsdom/living/events/EventTarget-impl.js:104:17)
      at HTMLButtonElement.dispatchEvent 
(node_modules/jsdom/lib/jsdom/living/generated/EventTarget.js:241:34)
      at 
node_modules/@testing-library/user-event/dist/cjs/event/dispatchEvent.js:45:43
      at Object.eventWrapper 
(node_modules/@testing-library/dom/dist/config.js:25:23)
      at Object.wrapEvent 
(node_modules/@testing-library/user-event/dist/cjs/event/wrapEvent.js:6:28)
      at Object.dispatchEvent (node_modules/@testing-library/user-event/dist/cj
s/event/dispatchEvent.js:45:22)
      at Object.dispatchUIEvent (node_modules/@testing-library/user-event/dist/
cjs/event/dispatchEvent.js:22:26)
      at Mouse.up (node_modules/@testing-library/user-event/dist/cjs/system/poi
nter/mouse.js:100:30)
      at PointerHost.release (node_modules/@testing-library/user-event/dist/cjs
/system/pointer/index.js:87:24)
      at pointerAction 
(node_modules/@testing-library/user-event/dist/cjs/pointer/index.js:54:47)
      at Object.pointer 
(node_modules/@testing-library/user-event/dist/cjs/pointer/index.js:27:9)
      at Object.<anonymous> (src/reporting/__tests__/reports.test.tsx:1783:9)

PASS src/search/search.test.tsx (6.591 s)
PASS src/submissions/SubmissionViewPage.test.tsx (5.143 s)
  ÔùÅ Console

    console.error
      Warning: An update to SubmissionViewPage inside a test was not wrapped 
in act(...).
      
      When testing, code that causes React state updates should be wrapped 
into act(...):
      
      act(() => {
        /* fire events that update state */
      });
      /* assert on the output */
      
      This ensures that you're testing the behavior the user would see in the 
browser. Learn more at https://reactjs.org/link/wrap-tests-with-act
          at SubmissionViewPage (C:\Users\samhe\OneDrive\Desktop\Cleaned\fronte
nd\src\submissions\SubmissionViewPage.tsx:98:29)
          at routeContext (C:\Users\samhe\OneDrive\Desktop\Cleaned\frontend\nod
e_modules\react-router\lib\hooks.tsx:658:26)
          at children (C:\Users\samhe\OneDrive\Desktop\Cleaned\frontend\node_mo
dules\react-router\lib\components.tsx:512:3)
          at basenameProp (C:\Users\samhe\OneDrive\Desktop\Cleaned\frontend\nod
e_modules\react-router\lib\components.tsx:421:13)
          at basename (C:\Users\samhe\OneDrive\Desktop\Cleaned\frontend\node_mo
dules\react-router\lib\components.tsx:225:3)

      291 |                 }
      292 |                 const msg = (err as Error).message ?? 'Save failed'
    > 293 |                 setActionError(msg)
          |                 ^
      294 |                 addNotification(`Submission save failed: ${msg}`, 
'error')
      295 |             }
      296 |         }

      at printWarning 
(node_modules/react-dom/cjs/react-dom.development.js:86:30)
      at error (node_modules/react-dom/cjs/react-dom.development.js:60:7)
      at warnIfUpdatesNotWrappedWithActDEV 
(node_modules/react-dom/cjs/react-dom.development.js:27628:9)
      at scheduleUpdateOnFiber 
(node_modules/react-dom/cjs/react-dom.development.js:25547:5)
      at dispatchSetState 
(node_modules/react-dom/cjs/react-dom.development.js:16708:7)
      at handleSave (src/submissions/SubmissionViewPage.tsx:293:17)

PASS src/binding-authorities/__tests__/binding-authorities.test.tsx (40.81 s)
  ÔùÅ Console

    console.warn
      ÔÜá´©Å React Router Future Flag Warning: React Router will begin 
wrapping state updates in `React.startTransition` in v7. You can use the 
`v7_startTransition` future flag to opt-in early. For more information, see 
https://reactrouter.com/v6/upgrading/future#v7_starttransition.

      199 |
      200 | function renderListPage(path = '/binding-authorities') {
    > 201 |     return render(
          |                  ^
      202 |         <MemoryRouter initialEntries={[path]}>
      203 |             <Routes>
      204 |                 <Route path="/binding-authorities" 
element={<BAListPage />} />

      at warn (node_modules/react-router/lib/deprecations.ts:9:13)
      at warnOnce (node_modules/react-router/lib/deprecations.ts:14:3)
      at logDeprecation (node_modules/react-router/lib/deprecations.ts:26:5)
      at logV6DeprecationWarnings 
(node_modules/react-router/lib/components.tsx:257:25)
      at commitHookEffectListMount 
(node_modules/react-dom/cjs/react-dom.development.js:23189:26)
      at commitPassiveMountOnFiber 
(node_modules/react-dom/cjs/react-dom.development.js:24970:11)
      at commitPassiveMountEffects_complete 
(node_modules/react-dom/cjs/react-dom.development.js:24930:9)
      at commitPassiveMountEffects_begin 
(node_modules/react-dom/cjs/react-dom.development.js:24917:7)
      at commitPassiveMountEffects 
(node_modules/react-dom/cjs/react-dom.development.js:24905:3)
      at flushPassiveEffectsImpl 
(node_modules/react-dom/cjs/react-dom.development.js:27078:3)
      at flushPassiveEffects 
(node_modules/react-dom/cjs/react-dom.development.js:27023:14)
      at node_modules/react-dom/cjs/react-dom.development.js:26808:9
      at flushActQueue (node_modules/react/cjs/react.development.js:2667:24)
      at act (node_modules/react/cjs/react.development.js:2582:11)
      at node_modules/@testing-library/react/dist/act-compat.js:47:25
      at renderRoot (node_modules/@testing-library/react/dist/pure.js:180:26)
      at render (node_modules/@testing-library/react/dist/pure.js:271:10)
      at renderListPage 
(src/binding-authorities/__tests__/binding-authorities.test.tsx:201:18)
      at Object.<anonymous> 
(src/binding-authorities/__tests__/binding-authorities.test.tsx:314:9)

    console.warn
      ÔÜá´©Å React Router Future Flag Warning: Relative route resolution 
within Splat routes is changing in v7. You can use the `v7_relativeSplatPath` 
future flag to opt-in early. For more information, see 
https://reactrouter.com/v6/upgrading/future#v7_relativesplatpath.

      199 |
      200 | function renderListPage(path = '/binding-authorities') {
    > 201 |     return render(
          |                  ^
      202 |         <MemoryRouter initialEntries={[path]}>
      203 |             <Routes>
      204 |                 <Route path="/binding-authorities" 
element={<BAListPage />} />

      at warn (node_modules/react-router/lib/deprecations.ts:9:13)
      at warnOnce (node_modules/react-router/lib/deprecations.ts:14:3)
      at logDeprecation (node_modules/react-router/lib/deprecations.ts:37:5)
      at logV6DeprecationWarnings 
(node_modules/react-router/lib/components.tsx:257:25)
      at commitHookEffectListMount 
(node_modules/react-dom/cjs/react-dom.development.js:23189:26)
      at commitPassiveMountOnFiber 
(node_modules/react-dom/cjs/react-dom.development.js:24970:11)
      at commitPassiveMountEffects_complete 
(node_modules/react-dom/cjs/react-dom.development.js:24930:9)
      at commitPassiveMountEffects_begin 
(node_modules/react-dom/cjs/react-dom.development.js:24917:7)
      at commitPassiveMountEffects 
(node_modules/react-dom/cjs/react-dom.development.js:24905:3)
      at flushPassiveEffectsImpl 
(node_modules/react-dom/cjs/react-dom.development.js:27078:3)
      at flushPassiveEffects 
(node_modules/react-dom/cjs/react-dom.development.js:27023:14)
      at node_modules/react-dom/cjs/react-dom.development.js:26808:9
      at flushActQueue (node_modules/react/cjs/react.development.js:2667:24)
      at act (node_modules/react/cjs/react.development.js:2582:11)
      at node_modules/@testing-library/react/dist/act-compat.js:47:25
      at renderRoot (node_modules/@testing-library/react/dist/pure.js:180:26)
      at render (node_modules/@testing-library/react/dist/pure.js:271:10)
      at renderListPage 
(src/binding-authorities/__tests__/binding-authorities.test.tsx:201:18)
      at Object.<anonymous> 
(src/binding-authorities/__tests__/binding-authorities.test.tsx:314:9)

    console.error
      Warning: An update to NewBAPage inside a test was not wrapped in 
act(...).
      
      When testing, code that causes React state updates should be wrapped 
into act(...):
      
      act(() => {
        /* fire events that update state */
      });
      /* assert on the output */
      
      This ensures that you're testing the behavior the user would see in the 
browser. Learn more at https://reactjs.org/link/wrap-tests-with-act
          at NewBAPage (C:\Users\samhe\OneDrive\Desktop\Cleaned\frontend\src\bi
nding-authorities\NewBAPage\NewBAPage.tsx:34:33)
          at routeContext (C:\Users\samhe\OneDrive\Desktop\Cleaned\frontend\nod
e_modules\react-router\lib\hooks.tsx:658:26)
          at children (C:\Users\samhe\OneDrive\Desktop\Cleaned\frontend\node_mo
dules\react-router\lib\components.tsx:512:3)
          at basenameProp (C:\Users\samhe\OneDrive\Desktop\Cleaned\frontend\nod
e_modules\react-router\lib\components.tsx:421:13)
          at basename (C:\Users\samhe\OneDrive\Desktop\Cleaned\frontend\node_mo
dules\react-router\lib\components.tsx:225:3)

      119 |                             <button
      120 |                                 type="button"
    > 121 |                                 onClick={() => 
setCoverholderModalOpen(true)}
          |                                                ^
      122 |                                 title="Search Coverholder"
      123 |                                 className="text-gray-500 
hover:text-brand-600"
      124 |                             >

      at printWarning 
(node_modules/react-dom/cjs/react-dom.development.js:86:30)
      at error (node_modules/react-dom/cjs/react-dom.development.js:60:7)
      at warnIfUpdatesNotWrappedWithActDEV 
(node_modules/react-dom/cjs/react-dom.development.js:27628:9)
      at scheduleUpdateOnFiber 
(node_modules/react-dom/cjs/react-dom.development.js:25547:5)
      at dispatchSetState 
(node_modules/react-dom/cjs/react-dom.development.js:16708:7)
      at onClick (src/binding-authorities/NewBAPage/NewBAPage.tsx:121:48)
      at HTMLUnknownElement.callCallback 
(node_modules/react-dom/cjs/react-dom.development.js:4164:14)
      at HTMLUnknownElement.callTheUserObjectsOperation 
(node_modules/jsdom/lib/jsdom/living/generated/EventListener.js:26:30)
      at innerInvokeEventListeners 
(node_modules/jsdom/lib/jsdom/living/events/EventTarget-impl.js:350:25)
      at invokeEventListeners 
(node_modules/jsdom/lib/jsdom/living/events/EventTarget-impl.js:286:3)
      at HTMLUnknownElementImpl._dispatch 
(node_modules/jsdom/lib/jsdom/living/events/EventTarget-impl.js:233:9)
      at HTMLUnknownElementImpl.dispatchEvent 
(node_modules/jsdom/lib/jsdom/living/events/EventTarget-impl.js:104:17)
      at HTMLUnknownElement.dispatchEvent 
(node_modules/jsdom/lib/jsdom/living/generated/EventTarget.js:241:34)
      at Object.invokeGuardedCallbackDev 
(node_modules/react-dom/cjs/react-dom.development.js:4213:16)
      at invokeGuardedCallback 
(node_modules/react-dom/cjs/react-dom.development.js:4277:31)
      at invokeGuardedCallbackAndCatchFirstError 
(node_modules/react-dom/cjs/react-dom.development.js:4291:25)
      at executeDispatch 
(node_modules/react-dom/cjs/react-dom.development.js:9041:3)
      at processDispatchQueueItemsInOrder 
(node_modules/react-dom/cjs/react-dom.development.js:9073:7)
      at processDispatchQueue 
(node_modules/react-dom/cjs/react-dom.development.js:9086:5)
      at dispatchEventsForPlugins 
(node_modules/react-dom/cjs/react-dom.development.js:9097:3)
      at node_modules/react-dom/cjs/react-dom.development.js:9288:12
      at batchedUpdates$1 
(node_modules/react-dom/cjs/react-dom.development.js:26179:12)
      at batchedUpdates 
(node_modules/react-dom/cjs/react-dom.development.js:3991:12)
      at dispatchEventForPluginEventSystem 
(node_modules/react-dom/cjs/react-dom.development.js:9287:3)
      at dispatchEventWithEnableCapturePhaseSelectiveHydrationWithoutDiscreteEv
entReplay (node_modules/react-dom/cjs/react-dom.development.js:6465:5)
      at dispatchEvent 
(node_modules/react-dom/cjs/react-dom.development.js:6457:5)
      at dispatchDiscreteEvent 
(node_modules/react-dom/cjs/react-dom.development.js:6430:5)
      at HTMLDivElement.callTheUserObjectsOperation 
(node_modules/jsdom/lib/jsdom/living/generated/EventListener.js:26:30)
      at innerInvokeEventListeners 
(node_modules/jsdom/lib/jsdom/living/events/EventTarget-impl.js:350:25)
      at invokeEventListeners 
(node_modules/jsdom/lib/jsdom/living/events/EventTarget-impl.js:286:3)
      at HTMLButtonElementImpl._dispatch 
(node_modules/jsdom/lib/jsdom/living/events/EventTarget-impl.js:233:9)
      at HTMLButtonElementImpl.dispatchEvent 
(node_modules/jsdom/lib/jsdom/living/events/EventTarget-impl.js:104:17)
      at HTMLButtonElement.dispatchEvent 
(node_modules/jsdom/lib/jsdom/living/generated/EventTarget.js:241:34)
      at 
node_modules/@testing-library/user-event/dist/cjs/event/dispatchEvent.js:45:43
      at Object.eventWrapper 
(node_modules/@testing-library/dom/dist/config.js:25:23)
      at Object.wrapEvent 
(node_modules/@testing-library/user-event/dist/cjs/event/wrapEvent.js:6:28)
      at Object.dispatchEvent (node_modules/@testing-library/user-event/dist/cj
s/event/dispatchEvent.js:45:22)
      at Object.dispatchUIEvent (node_modules/@testing-library/user-event/dist/
cjs/event/dispatchEvent.js:22:26)
      at Mouse.up (node_modules/@testing-library/user-event/dist/cjs/system/poi
nter/mouse.js:100:30)
      at PointerHost.release (node_modules/@testing-library/user-event/dist/cjs
/system/pointer/index.js:87:24)
      at pointerAction 
(node_modules/@testing-library/user-event/dist/cjs/pointer/index.js:54:47)
      at Object.pointer 
(node_modules/@testing-library/user-event/dist/cjs/pointer/index.js:27:9)
      at Object.<anonymous> 
(src/binding-authorities/__tests__/binding-authorities.test.tsx:419:9)

    console.error
      Warning: An update to NewBAPage inside a test was not wrapped in 
act(...).
      
      When testing, code that causes React state updates should be wrapped 
into act(...):
      
      act(() => {
        /* fire events that update state */
      });
      /* assert on the output */
      
      This ensures that you're testing the behavior the user would see in the 
browser. Learn more at https://reactjs.org/link/wrap-tests-with-act
          at NewBAPage (C:\Users\samhe\OneDrive\Desktop\Cleaned\frontend\src\bi
nding-authorities\NewBAPage\NewBAPage.tsx:34:33)
          at routeContext (C:\Users\samhe\OneDrive\Desktop\Cleaned\frontend\nod
e_modules\react-router\lib\hooks.tsx:658:26)
          at children (C:\Users\samhe\OneDrive\Desktop\Cleaned\frontend\node_mo
dules\react-router\lib\components.tsx:512:3)
          at basenameProp (C:\Users\samhe\OneDrive\Desktop\Cleaned\frontend\nod
e_modules\react-router\lib\components.tsx:421:13)
          at basename (C:\Users\samhe\OneDrive\Desktop\Cleaned\frontend\node_mo
dules\react-router\lib\components.tsx:225:3)

      195 |                 onClose={() => setCoverholderModalOpen(false)}
      196 |                 onSelect={(party) =>
    > 197 |                     setForm((prev) => ({
          |                     ^
      198 |                         ...prev,
      199 |                         coverholder_name: party.name,
      200 |                         coverholder_id: party.id,

      at printWarning 
(node_modules/react-dom/cjs/react-dom.development.js:86:30)
      at error (node_modules/react-dom/cjs/react-dom.development.js:60:7)
      at warnIfUpdatesNotWrappedWithActDEV 
(node_modules/react-dom/cjs/react-dom.development.js:27628:9)
      at scheduleUpdateOnFiber 
(node_modules/react-dom/cjs/react-dom.development.js:25547:5)
      at dispatchSetState 
(node_modules/react-dom/cjs/react-dom.development.js:16708:7)
      at onSelect (src/binding-authorities/NewBAPage/NewBAPage.tsx:197:21)
      at onClick 
(src/binding-authorities/__tests__/binding-authorities.test.tsx:138:75)
      at HTMLUnknownElement.callCallback 
(node_modules/react-dom/cjs/react-dom.development.js:4164:14)
      at HTMLUnknownElement.callTheUserObjectsOperation 
(node_modules/jsdom/lib/jsdom/living/generated/EventListener.js:26:30)
      at innerInvokeEventListeners 
(node_modules/jsdom/lib/jsdom/living/events/EventTarget-impl.js:350:25)
      at invokeEventListeners 
(node_modules/jsdom/lib/jsdom/living/events/EventTarget-impl.js:286:3)
      at HTMLUnknownElementImpl._dispatch 
(node_modules/jsdom/lib/jsdom/living/events/EventTarget-impl.js:233:9)
      at HTMLUnknownElementImpl.dispatchEvent 
(node_modules/jsdom/lib/jsdom/living/events/EventTarget-impl.js:104:17)
      at HTMLUnknownElement.dispatchEvent 
(node_modules/jsdom/lib/jsdom/living/generated/EventTarget.js:241:34)
      at Object.invokeGuardedCallbackDev 
(node_modules/react-dom/cjs/react-dom.development.js:4213:16)
      at invokeGuardedCallback 
(node_modules/react-dom/cjs/react-dom.development.js:4277:31)
      at invokeGuardedCallbackAndCatchFirstError 
(node_modules/react-dom/cjs/react-dom.development.js:4291:25)
      at executeDispatch 
(node_modules/react-dom/cjs/react-dom.development.js:9041:3)
      at processDispatchQueueItemsInOrder 
(node_modules/react-dom/cjs/react-dom.development.js:9073:7)
      at processDispatchQueue 
(node_modules/react-dom/cjs/react-dom.development.js:9086:5)
      at dispatchEventsForPlugins 
(node_modules/react-dom/cjs/react-dom.development.js:9097:3)
      at node_modules/react-dom/cjs/react-dom.development.js:9288:12
      at batchedUpdates$1 
(node_modules/react-dom/cjs/react-dom.development.js:26179:12)
      at batchedUpdates 
(node_modules/react-dom/cjs/react-dom.development.js:3991:12)
      at dispatchEventForPluginEventSystem 
(node_modules/react-dom/cjs/react-dom.development.js:9287:3)
      at dispatchEventWithEnableCapturePhaseSelectiveHydrationWithoutDiscreteEv
entReplay (node_modules/react-dom/cjs/react-dom.development.js:6465:5)
      at dispatchEvent 
(node_modules/react-dom/cjs/react-dom.development.js:6457:5)
      at dispatchDiscreteEvent 
(node_modules/react-dom/cjs/react-dom.development.js:6430:5)
      at HTMLDivElement.callTheUserObjectsOperation 
(node_modules/jsdom/lib/jsdom/living/generated/EventListener.js:26:30)
      at innerInvokeEventListeners 
(node_modules/jsdom/lib/jsdom/living/events/EventTarget-impl.js:350:25)
      at invokeEventListeners 
(node_modules/jsdom/lib/jsdom/living/events/EventTarget-impl.js:286:3)
      at HTMLButtonElementImpl._dispatch 
(node_modules/jsdom/lib/jsdom/living/events/EventTarget-impl.js:233:9)
      at HTMLButtonElementImpl.dispatchEvent 
(node_modules/jsdom/lib/jsdom/living/events/EventTarget-impl.js:104:17)
      at HTMLButtonElement.dispatchEvent 
(node_modules/jsdom/lib/jsdom/living/generated/EventTarget.js:241:34)
      at 
node_modules/@testing-library/user-event/dist/cjs/event/dispatchEvent.js:45:43
      at Object.eventWrapper 
(node_modules/@testing-library/dom/dist/config.js:25:23)
      at Object.wrapEvent 
(node_modules/@testing-library/user-event/dist/cjs/event/wrapEvent.js:6:28)
      at Object.dispatchEvent (node_modules/@testing-library/user-event/dist/cj
s/event/dispatchEvent.js:45:22)
      at Object.dispatchUIEvent (node_modules/@testing-library/user-event/dist/
cjs/event/dispatchEvent.js:22:26)
      at Mouse.up (node_modules/@testing-library/user-event/dist/cjs/system/poi
nter/mouse.js:100:30)
      at PointerHost.release (node_modules/@testing-library/user-event/dist/cjs
/system/pointer/index.js:87:24)
      at pointerAction 
(node_modules/@testing-library/user-event/dist/cjs/pointer/index.js:54:47)
      at Object.pointer 
(node_modules/@testing-library/user-event/dist/cjs/pointer/index.js:27:9)
      at Object.<anonymous> 
(src/binding-authorities/__tests__/binding-authorities.test.tsx:420:9)

    console.error
      Warning: An update to NewBAPage inside a test was not wrapped in 
act(...).
      
      When testing, code that causes React state updates should be wrapped 
into act(...):
      
      act(() => {
        /* fire events that update state */
      });
      /* assert on the output */
      
      This ensures that you're testing the behavior the user would see in the 
browser. Learn more at https://reactjs.org/link/wrap-tests-with-act
          at NewBAPage (C:\Users\samhe\OneDrive\Desktop\Cleaned\frontend\src\bi
nding-authorities\NewBAPage\NewBAPage.tsx:34:33)
          at routeContext (C:\Users\samhe\OneDrive\Desktop\Cleaned\frontend\nod
e_modules\react-router\lib\hooks.tsx:658:26)
          at children (C:\Users\samhe\OneDrive\Desktop\Cleaned\frontend\node_mo
dules\react-router\lib\components.tsx:512:3)
          at basenameProp (C:\Users\samhe\OneDrive\Desktop\Cleaned\frontend\nod
e_modules\react-router\lib\components.tsx:421:13)
          at basename (C:\Users\samhe\OneDrive\Desktop\Cleaned\frontend\node_mo
dules\react-router\lib\components.tsx:225:3)

      193 |             <CoverholderSearchModal
      194 |                 isOpen={coverholderModalOpen}
    > 195 |                 onClose={() => setCoverholderModalOpen(false)}
          |                                ^
      196 |                 onSelect={(party) =>
      197 |                     setForm((prev) => ({
      198 |                         ...prev,

      at printWarning 
(node_modules/react-dom/cjs/react-dom.development.js:86:30)
      at error (node_modules/react-dom/cjs/react-dom.development.js:60:7)
      at warnIfUpdatesNotWrappedWithActDEV 
(node_modules/react-dom/cjs/react-dom.development.js:27628:9)
      at scheduleUpdateOnFiber 
(node_modules/react-dom/cjs/react-dom.development.js:25547:5)
      at dispatchSetState 
(node_modules/react-dom/cjs/react-dom.development.js:16708:7)
      at onClose (src/binding-authorities/NewBAPage/NewBAPage.tsx:195:32)
      at onClick 
(src/binding-authorities/__tests__/binding-authorities.test.tsx:138:117)
      at HTMLUnknownElement.callCallback 
(node_modules/react-dom/cjs/react-dom.development.js:4164:14)
      at HTMLUnknownElement.callTheUserObjectsOperation 
(node_modules/jsdom/lib/jsdom/living/generated/EventListener.js:26:30)
      at innerInvokeEventListeners 
(node_modules/jsdom/lib/jsdom/living/events/EventTarget-impl.js:350:25)
      at invokeEventListeners 
(node_modules/jsdom/lib/jsdom/living/events/EventTarget-impl.js:286:3)
      at HTMLUnknownElementImpl._dispatch 
(node_modules/jsdom/lib/jsdom/living/events/EventTarget-impl.js:233:9)
      at HTMLUnknownElementImpl.dispatchEvent 
(node_modules/jsdom/lib/jsdom/living/events/EventTarget-impl.js:104:17)
      at HTMLUnknownElement.dispatchEvent 
(node_modules/jsdom/lib/jsdom/living/generated/EventTarget.js:241:34)
      at Object.invokeGuardedCallbackDev 
(node_modules/react-dom/cjs/react-dom.development.js:4213:16)
      at invokeGuardedCallback 
(node_modules/react-dom/cjs/react-dom.development.js:4277:31)
      at invokeGuardedCallbackAndCatchFirstError 
(node_modules/react-dom/cjs/react-dom.development.js:4291:25)
      at executeDispatch 
(node_modules/react-dom/cjs/react-dom.development.js:9041:3)
      at processDispatchQueueItemsInOrder 
(node_modules/react-dom/cjs/react-dom.development.js:9073:7)
      at processDispatchQueue 
(node_modules/react-dom/cjs/react-dom.development.js:9086:5)
      at dispatchEventsForPlugins 
(node_modules/react-dom/cjs/react-dom.development.js:9097:3)
      at node_modules/react-dom/cjs/react-dom.development.js:9288:12
      at batchedUpdates$1 
(node_modules/react-dom/cjs/react-dom.development.js:26179:12)
      at batchedUpdates 
(node_modules/react-dom/cjs/react-dom.development.js:3991:12)
      at dispatchEventForPluginEventSystem 
(node_modules/react-dom/cjs/react-dom.development.js:9287:3)
      at dispatchEventWithEnableCapturePhaseSelectiveHydrationWithoutDiscreteEv
entReplay (node_modules/react-dom/cjs/react-dom.development.js:6465:5)
      at dispatchEvent 
(node_modules/react-dom/cjs/react-dom.development.js:6457:5)
      at dispatchDiscreteEvent 
(node_modules/react-dom/cjs/react-dom.development.js:6430:5)
      at HTMLDivElement.callTheUserObjectsOperation 
(node_modules/jsdom/lib/jsdom/living/generated/EventListener.js:26:30)
      at innerInvokeEventListeners 
(node_modules/jsdom/lib/jsdom/living/events/EventTarget-impl.js:350:25)
      at invokeEventListeners 
(node_modules/jsdom/lib/jsdom/living/events/EventTarget-impl.js:286:3)
      at HTMLButtonElementImpl._dispatch 
(node_modules/jsdom/lib/jsdom/living/events/EventTarget-impl.js:233:9)
      at HTMLButtonElementImpl.dispatchEvent 
(node_modules/jsdom/lib/jsdom/living/events/EventTarget-impl.js:104:17)
      at HTMLButtonElement.dispatchEvent 
(node_modules/jsdom/lib/jsdom/living/generated/EventTarget.js:241:34)
      at 
node_modules/@testing-library/user-event/dist/cjs/event/dispatchEvent.js:45:43
      at Object.eventWrapper 
(node_modules/@testing-library/dom/dist/config.js:25:23)
      at Object.wrapEvent 
(node_modules/@testing-library/user-event/dist/cjs/event/wrapEvent.js:6:28)
      at Object.dispatchEvent (node_modules/@testing-library/user-event/dist/cj
s/event/dispatchEvent.js:45:22)
      at Object.dispatchUIEvent (node_modules/@testing-library/user-event/dist/
cjs/event/dispatchEvent.js:22:26)
      at Mouse.up (node_modules/@testing-library/user-event/dist/cjs/system/poi
nter/mouse.js:100:30)
      at PointerHost.release (node_modules/@testing-library/user-event/dist/cjs
/system/pointer/index.js:87:24)
      at pointerAction 
(node_modules/@testing-library/user-event/dist/cjs/pointer/index.js:54:47)
      at Object.pointer 
(node_modules/@testing-library/user-event/dist/cjs/pointer/index.js:27:9)
      at Object.<anonymous> 
(src/binding-authorities/__tests__/binding-authorities.test.tsx:420:9)

    console.error
      Warning: An update to NewBAPage inside a test was not wrapped in 
act(...).
      
      When testing, code that causes React state updates should be wrapped 
into act(...):
      
      act(() => {
        /* fire events that update state */
      });
      /* assert on the output */
      
      This ensures that you're testing the behavior the user would see in the 
browser. Learn more at https://reactjs.org/link/wrap-tests-with-act
          at NewBAPage (C:\Users\samhe\OneDrive\Desktop\Cleaned\frontend\src\bi
nding-authorities\NewBAPage\NewBAPage.tsx:34:33)
          at routeContext (C:\Users\samhe\OneDrive\Desktop\Cleaned\frontend\nod
e_modules\react-router\lib\hooks.tsx:658:26)
          at children (C:\Users\samhe\OneDrive\Desktop\Cleaned\frontend\node_mo
dules\react-router\lib\components.tsx:512:3)
          at basenameProp (C:\Users\samhe\OneDrive\Desktop\Cleaned\frontend\nod
e_modules\react-router\lib\components.tsx:421:13)
          at basename (C:\Users\samhe\OneDrive\Desktop\Cleaned\frontend\node_mo
dules\react-router\lib\components.tsx:225:3)

      71 |             return
      72 |         }
    > 73 |         setSaving(true)
         |         ^
      74 |         try {
      75 |             const created = await createBindingAuthority({
      76 |                 coverholder_id: form.coverholder_id || 0,

      at printWarning 
(node_modules/react-dom/cjs/react-dom.development.js:86:30)
      at error (node_modules/react-dom/cjs/react-dom.development.js:60:7)
      at warnIfUpdatesNotWrappedWithActDEV 
(node_modules/react-dom/cjs/react-dom.development.js:27628:9)
      at scheduleUpdateOnFiber 
(node_modules/react-dom/cjs/react-dom.development.js:25547:5)
      at dispatchSetState 
(node_modules/react-dom/cjs/react-dom.development.js:16708:7)
      at handleSave (src/binding-authorities/NewBAPage/NewBAPage.tsx:73:9)
      at HTMLUnknownElement.callCallback 
(node_modules/react-dom/cjs/react-dom.development.js:4164:14)
      at HTMLUnknownElement.callTheUserObjectsOperation 
(node_modules/jsdom/lib/jsdom/living/generated/EventListener.js:26:30)
      at innerInvokeEventListeners 
(node_modules/jsdom/lib/jsdom/living/events/EventTarget-impl.js:350:25)
      at invokeEventListeners 
(node_modules/jsdom/lib/jsdom/living/events/EventTarget-impl.js:286:3)
      at HTMLUnknownElementImpl._dispatch 
(node_modules/jsdom/lib/jsdom/living/events/EventTarget-impl.js:233:9)
      at HTMLUnknownElementImpl.dispatchEvent 
(node_modules/jsdom/lib/jsdom/living/events/EventTarget-impl.js:104:17)
      at HTMLUnknownElement.dispatchEvent 
(node_modules/jsdom/lib/jsdom/living/generated/EventTarget.js:241:34)
      at Object.invokeGuardedCallbackDev 
(node_modules/react-dom/cjs/react-dom.development.js:4213:16)
      at invokeGuardedCallback 
(node_modules/react-dom/cjs/react-dom.development.js:4277:31)
      at invokeGuardedCallbackAndCatchFirstError 
(node_modules/react-dom/cjs/react-dom.development.js:4291:25)
      at executeDispatch 
(node_modules/react-dom/cjs/react-dom.development.js:9041:3)
      at processDispatchQueueItemsInOrder 
(node_modules/react-dom/cjs/react-dom.development.js:9073:7)
      at processDispatchQueue 
(node_modules/react-dom/cjs/react-dom.development.js:9086:5)
      at dispatchEventsForPlugins 
(node_modules/react-dom/cjs/react-dom.development.js:9097:3)
      at node_modules/react-dom/cjs/react-dom.development.js:9288:12
      at batchedUpdates$1 
(node_modules/react-dom/cjs/react-dom.development.js:26179:12)
      at batchedUpdates 
(node_modules/react-dom/cjs/react-dom.development.js:3991:12)
      at dispatchEventForPluginEventSystem 
(node_modules/react-dom/cjs/react-dom.development.js:9287:3)
      at dispatchEventWithEnableCapturePhaseSelectiveHydrationWithoutDiscreteEv
entReplay (node_modules/react-dom/cjs/react-dom.development.js:6465:5)
      at dispatchEvent 
(node_modules/react-dom/cjs/react-dom.development.js:6457:5)
      at dispatchDiscreteEvent 
(node_modules/react-dom/cjs/react-dom.development.js:6430:5)
      at HTMLDivElement.callTheUserObjectsOperation 
(node_modules/jsdom/lib/jsdom/living/generated/EventListener.js:26:30)
      at innerInvokeEventListeners 
(node_modules/jsdom/lib/jsdom/living/events/EventTarget-impl.js:350:25)
      at invokeEventListeners 
(node_modules/jsdom/lib/jsdom/living/events/EventTarget-impl.js:286:3)
      at HTMLButtonElementImpl._dispatch 
(node_modules/jsdom/lib/jsdom/living/events/EventTarget-impl.js:233:9)
      at HTMLButtonElementImpl.dispatchEvent 
(node_modules/jsdom/lib/jsdom/living/events/EventTarget-impl.js:104:17)
      at HTMLButtonElement.dispatchEvent 
(node_modules/jsdom/lib/jsdom/living/generated/EventTarget.js:241:34)
      at 
node_modules/@testing-library/user-event/dist/cjs/event/dispatchEvent.js:45:43
      at Object.eventWrapper 
(node_modules/@testing-library/dom/dist/config.js:25:23)
      at Object.wrapEvent 
(node_modules/@testing-library/user-event/dist/cjs/event/wrapEvent.js:6:28)
      at Object.dispatchEvent (node_modules/@testing-library/user-event/dist/cj
s/event/dispatchEvent.js:45:22)
      at Object.dispatchUIEvent (node_modules/@testing-library/user-event/dist/
cjs/event/dispatchEvent.js:22:26)
      at Mouse.up (node_modules/@testing-library/user-event/dist/cjs/system/poi
nter/mouse.js:100:30)
      at PointerHost.release (node_modules/@testing-library/user-event/dist/cjs
/system/pointer/index.js:87:24)
      at pointerAction 
(node_modules/@testing-library/user-event/dist/cjs/pointer/index.js:54:47)
      at Object.pointer 
(node_modules/@testing-library/user-event/dist/cjs/pointer/index.js:27:9)
      at Object.<anonymous> 
(src/binding-authorities/__tests__/binding-authorities.test.tsx:421:9)

    console.error
      Warning: An update to MemoryRouter inside a test was not wrapped in 
act(...).
      
      When testing, code that causes React state updates should be wrapped 
into act(...):
      
      act(() => {
        /* fire events that update state */
      });
      /* assert on the output */
      
      This ensures that you're testing the behavior the user would see in the 
browser. Learn more at https://reactjs.org/link/wrap-tests-with-act
          at basename (C:\Users\samhe\OneDrive\Desktop\Cleaned\frontend\node_mo
dules\react-router\lib\components.tsx:225:3)

      80 |             })
      81 |             addNotification('Binding authority created.', 'success')
    > 82 |             navigate(`/binding-authorities/${created.id}`)
         |             ^
      83 |         } catch {
      84 |             addNotification('Could not create binding authority.', 
'error')
      85 |         } finally {

      at printWarning 
(node_modules/react-dom/cjs/react-dom.development.js:86:30)
      at error (node_modules/react-dom/cjs/react-dom.development.js:60:7)
      at warnIfUpdatesNotWrappedWithActDEV 
(node_modules/react-dom/cjs/react-dom.development.js:27628:9)
      at scheduleUpdateOnFiber 
(node_modules/react-dom/cjs/react-dom.development.js:25547:5)
      at dispatchSetState 
(node_modules/react-dom/cjs/react-dom.development.js:16708:7)
      at setStateImpl (node_modules/react-router/lib/components.tsx:250:11)
      at listener (node_modules/@remix-run/router/history.ts:306:9)
      at node_modules/react-router/lib/hooks.tsx:243:62
      at handleSave (src/binding-authorities/NewBAPage/NewBAPage.tsx:82:13)

    console.error
      Warning: An update to NewBAPage inside a test was not wrapped in 
act(...).
      
      When testing, code that causes React state updates should be wrapped 
into act(...):
      
      act(() => {
        /* fire events that update state */
      });
      /* assert on the output */
      
      This ensures that you're testing the behavior the user would see in the 
browser. Learn more at https://reactjs.org/link/wrap-tests-with-act
          at NewBAPage (C:\Users\samhe\OneDrive\Desktop\Cleaned\frontend\src\bi
nding-authorities\NewBAPage\NewBAPage.tsx:34:33)
          at routeContext (C:\Users\samhe\OneDrive\Desktop\Cleaned\frontend\nod
e_modules\react-router\lib\hooks.tsx:658:26)
          at children (C:\Users\samhe\OneDrive\Desktop\Cleaned\frontend\node_mo
dules\react-router\lib\components.tsx:512:3)
          at basenameProp (C:\Users\samhe\OneDrive\Desktop\Cleaned\frontend\nod
e_modules\react-router\lib\components.tsx:421:13)
          at basename (C:\Users\samhe\OneDrive\Desktop\Cleaned\frontend\node_mo
dules\react-router\lib\components.tsx:225:3)

      84 |             addNotification('Could not create binding authority.', 
'error')
      85 |         } finally {
    > 86 |             setSaving(false)
         |             ^
      87 |         }
      88 |     }
      89 |

      at printWarning 
(node_modules/react-dom/cjs/react-dom.development.js:86:30)
      at error (node_modules/react-dom/cjs/react-dom.development.js:60:7)
      at warnIfUpdatesNotWrappedWithActDEV 
(node_modules/react-dom/cjs/react-dom.development.js:27628:9)
      at scheduleUpdateOnFiber 
(node_modules/react-dom/cjs/react-dom.development.js:25547:5)
      at dispatchSetState 
(node_modules/react-dom/cjs/react-dom.development.js:16708:7)
      at handleSave (src/binding-authorities/NewBAPage/NewBAPage.tsx:86:13)

    console.error
      Warning: An update to NewBAPage inside a test was not wrapped in 
act(...).
      
      When testing, code that causes React state updates should be wrapped 
into act(...):
      
      act(() => {
        /* fire events that update state */
      });
      /* assert on the output */
      
      This ensures that you're testing the behavior the user would see in the 
browser. Learn more at https://reactjs.org/link/wrap-tests-with-act
          at NewBAPage (C:\Users\samhe\OneDrive\Desktop\Cleaned\frontend\src\bi
nding-authorities\NewBAPage\NewBAPage.tsx:34:33)
          at routeContext (C:\Users\samhe\OneDrive\Desktop\Cleaned\frontend\nod
e_modules\react-router\lib\hooks.tsx:658:26)
          at children (C:\Users\samhe\OneDrive\Desktop\Cleaned\frontend\node_mo
dules\react-router\lib\components.tsx:512:3)
          at basenameProp (C:\Users\samhe\OneDrive\Desktop\Cleaned\frontend\nod
e_modules\react-router\lib\components.tsx:421:13)
          at basename (C:\Users\samhe\OneDrive\Desktop\Cleaned\frontend\node_mo
dules\react-router\lib\components.tsx:225:3)

      119 |                             <button
      120 |                                 type="button"
    > 121 |                                 onClick={() => 
setCoverholderModalOpen(true)}
          |                                                ^
      122 |                                 title="Search Coverholder"
      123 |                                 className="text-gray-500 
hover:text-brand-600"
      124 |                             >

      at printWarning 
(node_modules/react-dom/cjs/react-dom.development.js:86:30)
      at error (node_modules/react-dom/cjs/react-dom.development.js:60:7)
      at warnIfUpdatesNotWrappedWithActDEV 
(node_modules/react-dom/cjs/react-dom.development.js:27628:9)
      at scheduleUpdateOnFiber 
(node_modules/react-dom/cjs/react-dom.development.js:25547:5)
      at dispatchSetState 
(node_modules/react-dom/cjs/react-dom.development.js:16708:7)
      at onClick (src/binding-authorities/NewBAPage/NewBAPage.tsx:121:48)
      at HTMLUnknownElement.callCallback 
(node_modules/react-dom/cjs/react-dom.development.js:4164:14)
      at HTMLUnknownElement.callTheUserObjectsOperation 
(node_modules/jsdom/lib/jsdom/living/generated/EventListener.js:26:30)
      at innerInvokeEventListeners 
(node_modules/jsdom/lib/jsdom/living/events/EventTarget-impl.js:350:25)
      at invokeEventListeners 
(node_modules/jsdom/lib/jsdom/living/events/EventTarget-impl.js:286:3)
      at HTMLUnknownElementImpl._dispatch 
(node_modules/jsdom/lib/jsdom/living/events/EventTarget-impl.js:233:9)
      at HTMLUnknownElementImpl.dispatchEvent 
(node_modules/jsdom/lib/jsdom/living/events/EventTarget-impl.js:104:17)
      at HTMLUnknownElement.dispatchEvent 
(node_modules/jsdom/lib/jsdom/living/generated/EventTarget.js:241:34)
      at Object.invokeGuardedCallbackDev 
(node_modules/react-dom/cjs/react-dom.development.js:4213:16)
      at invokeGuardedCallback 
(node_modules/react-dom/cjs/react-dom.development.js:4277:31)
      at invokeGuardedCallbackAndCatchFirstError 
(node_modules/react-dom/cjs/react-dom.development.js:4291:25)
      at executeDispatch 
(node_modules/react-dom/cjs/react-dom.development.js:9041:3)
      at processDispatchQueueItemsInOrder 
(node_modules/react-dom/cjs/react-dom.development.js:9073:7)
      at processDispatchQueue 
(node_modules/react-dom/cjs/react-dom.development.js:9086:5)
      at dispatchEventsForPlugins 
(node_modules/react-dom/cjs/react-dom.development.js:9097:3)
      at node_modules/react-dom/cjs/react-dom.development.js:9288:12
      at batchedUpdates$1 
(node_modules/react-dom/cjs/react-dom.development.js:26179:12)
      at batchedUpdates 
(node_modules/react-dom/cjs/react-dom.development.js:3991:12)
      at dispatchEventForPluginEventSystem 
(node_modules/react-dom/cjs/react-dom.development.js:9287:3)
      at dispatchEventWithEnableCapturePhaseSelectiveHydrationWithoutDiscreteEv
entReplay (node_modules/react-dom/cjs/react-dom.development.js:6465:5)
      at dispatchEvent 
(node_modules/react-dom/cjs/react-dom.development.js:6457:5)
      at dispatchDiscreteEvent 
(node_modules/react-dom/cjs/react-dom.development.js:6430:5)
      at HTMLDivElement.callTheUserObjectsOperation 
(node_modules/jsdom/lib/jsdom/living/generated/EventListener.js:26:30)
      at innerInvokeEventListeners 
(node_modules/jsdom/lib/jsdom/living/events/EventTarget-impl.js:350:25)
      at invokeEventListeners 
(node_modules/jsdom/lib/jsdom/living/events/EventTarget-impl.js:286:3)
      at HTMLButtonElementImpl._dispatch 
(node_modules/jsdom/lib/jsdom/living/events/EventTarget-impl.js:233:9)
      at HTMLButtonElementImpl.dispatchEvent 
(node_modules/jsdom/lib/jsdom/living/events/EventTarget-impl.js:104:17)
      at HTMLButtonElement.dispatchEvent 
(node_modules/jsdom/lib/jsdom/living/generated/EventTarget.js:241:34)
      at 
node_modules/@testing-library/user-event/dist/cjs/event/dispatchEvent.js:45:43
      at Object.eventWrapper 
(node_modules/@testing-library/dom/dist/config.js:25:23)
      at Object.wrapEvent 
(node_modules/@testing-library/user-event/dist/cjs/event/wrapEvent.js:6:28)
      at Object.dispatchEvent (node_modules/@testing-library/user-event/dist/cj
s/event/dispatchEvent.js:45:22)
      at Object.dispatchUIEvent (node_modules/@testing-library/user-event/dist/
cjs/event/dispatchEvent.js:22:26)
      at Mouse.up (node_modules/@testing-library/user-event/dist/cjs/system/poi
nter/mouse.js:100:30)
      at PointerHost.release (node_modules/@testing-library/user-event/dist/cjs
/system/pointer/index.js:87:24)
      at pointerAction 
(node_modules/@testing-library/user-event/dist/cjs/pointer/index.js:54:47)
      at Object.pointer 
(node_modules/@testing-library/user-event/dist/cjs/pointer/index.js:27:9)
      at Object.<anonymous> 
(src/binding-authorities/__tests__/binding-authorities.test.tsx:428:9)

    console.error
      Warning: An update to NewBAPage inside a test was not wrapped in 
act(...).
      
      When testing, code that causes React state updates should be wrapped 
into act(...):
      
      act(() => {
        /* fire events that update state */
      });
      /* assert on the output */
      
      This ensures that you're testing the behavior the user would see in the 
browser. Learn more at https://reactjs.org/link/wrap-tests-with-act
          at NewBAPage (C:\Users\samhe\OneDrive\Desktop\Cleaned\frontend\src\bi
nding-authorities\NewBAPage\NewBAPage.tsx:34:33)
          at routeContext (C:\Users\samhe\OneDrive\Desktop\Cleaned\frontend\nod
e_modules\react-router\lib\hooks.tsx:658:26)
          at children (C:\Users\samhe\OneDrive\Desktop\Cleaned\frontend\node_mo
dules\react-router\lib\components.tsx:512:3)
          at basenameProp (C:\Users\samhe\OneDrive\Desktop\Cleaned\frontend\nod
e_modules\react-router\lib\components.tsx:421:13)
          at basename (C:\Users\samhe\OneDrive\Desktop\Cleaned\frontend\node_mo
dules\react-router\lib\components.tsx:225:3)

      195 |                 onClose={() => setCoverholderModalOpen(false)}
      196 |                 onSelect={(party) =>
    > 197 |                     setForm((prev) => ({
          |                     ^
      198 |                         ...prev,
      199 |                         coverholder_name: party.name,
      200 |                         coverholder_id: party.id,

      at printWarning 
(node_modules/react-dom/cjs/react-dom.development.js:86:30)
      at error (node_modules/react-dom/cjs/react-dom.development.js:60:7)
      at warnIfUpdatesNotWrappedWithActDEV 
(node_modules/react-dom/cjs/react-dom.development.js:27628:9)
      at scheduleUpdateOnFiber 
(node_modules/react-dom/cjs/react-dom.development.js:25547:5)
      at dispatchSetState 
(node_modules/react-dom/cjs/react-dom.development.js:16708:7)
      at onSelect (src/binding-authorities/NewBAPage/NewBAPage.tsx:197:21)
      at onClick 
(src/binding-authorities/__tests__/binding-authorities.test.tsx:138:75)
      at HTMLUnknownElement.callCallback 
(node_modules/react-dom/cjs/react-dom.development.js:4164:14)
      at HTMLUnknownElement.callTheUserObjectsOperation 
(node_modules/jsdom/lib/jsdom/living/generated/EventListener.js:26:30)
      at innerInvokeEventListeners 
(node_modules/jsdom/lib/jsdom/living/events/EventTarget-impl.js:350:25)
      at invokeEventListeners 
(node_modules/jsdom/lib/jsdom/living/events/EventTarget-impl.js:286:3)
      at HTMLUnknownElementImpl._dispatch 
(node_modules/jsdom/lib/jsdom/living/events/EventTarget-impl.js:233:9)
      at HTMLUnknownElementImpl.dispatchEvent 
(node_modules/jsdom/lib/jsdom/living/events/EventTarget-impl.js:104:17)
      at HTMLUnknownElement.dispatchEvent 
(node_modules/jsdom/lib/jsdom/living/generated/EventTarget.js:241:34)
      at Object.invokeGuardedCallbackDev 
(node_modules/react-dom/cjs/react-dom.development.js:4213:16)
      at invokeGuardedCallback 
(node_modules/react-dom/cjs/react-dom.development.js:4277:31)
      at invokeGuardedCallbackAndCatchFirstError 
(node_modules/react-dom/cjs/react-dom.development.js:4291:25)
      at executeDispatch 
(node_modules/react-dom/cjs/react-dom.development.js:9041:3)
      at processDispatchQueueItemsInOrder 
(node_modules/react-dom/cjs/react-dom.development.js:9073:7)
      at processDispatchQueue 
(node_modules/react-dom/cjs/react-dom.development.js:9086:5)
      at dispatchEventsForPlugins 
(node_modules/react-dom/cjs/react-dom.development.js:9097:3)
      at node_modules/react-dom/cjs/react-dom.development.js:9288:12
      at batchedUpdates$1 
(node_modules/react-dom/cjs/react-dom.development.js:26179:12)
      at batchedUpdates 
(node_modules/react-dom/cjs/react-dom.development.js:3991:12)
      at dispatchEventForPluginEventSystem 
(node_modules/react-dom/cjs/react-dom.development.js:9287:3)
      at dispatchEventWithEnableCapturePhaseSelectiveHydrationWithoutDiscreteEv
entReplay (node_modules/react-dom/cjs/react-dom.development.js:6465:5)
      at dispatchEvent 
(node_modules/react-dom/cjs/react-dom.development.js:6457:5)
      at dispatchDiscreteEvent 
(node_modules/react-dom/cjs/react-dom.development.js:6430:5)
      at HTMLDivElement.callTheUserObjectsOperation 
(node_modules/jsdom/lib/jsdom/living/generated/EventListener.js:26:30)
      at innerInvokeEventListeners 
(node_modules/jsdom/lib/jsdom/living/events/EventTarget-impl.js:350:25)
      at invokeEventListeners 
(node_modules/jsdom/lib/jsdom/living/events/EventTarget-impl.js:286:3)
      at HTMLButtonElementImpl._dispatch 
(node_modules/jsdom/lib/jsdom/living/events/EventTarget-impl.js:233:9)
      at HTMLButtonElementImpl.dispatchEvent 
(node_modules/jsdom/lib/jsdom/living/events/EventTarget-impl.js:104:17)
      at HTMLButtonElement.dispatchEvent 
(node_modules/jsdom/lib/jsdom/living/generated/EventTarget.js:241:34)
      at 
node_modules/@testing-library/user-event/dist/cjs/event/dispatchEvent.js:45:43
      at Object.eventWrapper 
(node_modules/@testing-library/dom/dist/config.js:25:23)
      at Object.wrapEvent 
(node_modules/@testing-library/user-event/dist/cjs/event/wrapEvent.js:6:28)
      at Object.dispatchEvent (node_modules/@testing-library/user-event/dist/cj
s/event/dispatchEvent.js:45:22)
      at Object.dispatchUIEvent (node_modules/@testing-library/user-event/dist/
cjs/event/dispatchEvent.js:22:26)
      at Mouse.up (node_modules/@testing-library/user-event/dist/cjs/system/poi
nter/mouse.js:100:30)
      at PointerHost.release (node_modules/@testing-library/user-event/dist/cjs
/system/pointer/index.js:87:24)
      at pointerAction 
(node_modules/@testing-library/user-event/dist/cjs/pointer/index.js:54:47)
      at Object.pointer 
(node_modules/@testing-library/user-event/dist/cjs/pointer/index.js:27:9)
      at Object.<anonymous> 
(src/binding-authorities/__tests__/binding-authorities.test.tsx:429:9)

    console.error
      Warning: An update to NewBAPage inside a test was not wrapped in 
act(...).
      
      When testing, code that causes React state updates should be wrapped 
into act(...):
      
      act(() => {
        /* fire events that update state */
      });
      /* assert on the output */
      
      This ensures that you're testing the behavior the user would see in the 
browser. Learn more at https://reactjs.org/link/wrap-tests-with-act
          at NewBAPage (C:\Users\samhe\OneDrive\Desktop\Cleaned\frontend\src\bi
nding-authorities\NewBAPage\NewBAPage.tsx:34:33)
          at routeContext (C:\Users\samhe\OneDrive\Desktop\Cleaned\frontend\nod
e_modules\react-router\lib\hooks.tsx:658:26)
          at children (C:\Users\samhe\OneDrive\Desktop\Cleaned\frontend\node_mo
dules\react-router\lib\components.tsx:512:3)
          at basenameProp (C:\Users\samhe\OneDrive\Desktop\Cleaned\frontend\nod
e_modules\react-router\lib\components.tsx:421:13)
          at basename (C:\Users\samhe\OneDrive\Desktop\Cleaned\frontend\node_mo
dules\react-router\lib\components.tsx:225:3)

      193 |             <CoverholderSearchModal
      194 |                 isOpen={coverholderModalOpen}
    > 195 |                 onClose={() => setCoverholderModalOpen(false)}
          |                                ^
      196 |                 onSelect={(party) =>
      197 |                     setForm((prev) => ({
      198 |                         ...prev,

      at printWarning 
(node_modules/react-dom/cjs/react-dom.development.js:86:30)
      at error (node_modules/react-dom/cjs/react-dom.development.js:60:7)
      at warnIfUpdatesNotWrappedWithActDEV 
(node_modules/react-dom/cjs/react-dom.development.js:27628:9)
      at scheduleUpdateOnFiber 
(node_modules/react-dom/cjs/react-dom.development.js:25547:5)
      at dispatchSetState 
(node_modules/react-dom/cjs/react-dom.development.js:16708:7)
      at onClose (src/binding-authorities/NewBAPage/NewBAPage.tsx:195:32)
      at onClick 
(src/binding-authorities/__tests__/binding-authorities.test.tsx:138:117)
      at HTMLUnknownElement.callCallback 
(node_modules/react-dom/cjs/react-dom.development.js:4164:14)
      at HTMLUnknownElement.callTheUserObjectsOperation 
(node_modules/jsdom/lib/jsdom/living/generated/EventListener.js:26:30)
      at innerInvokeEventListeners 
(node_modules/jsdom/lib/jsdom/living/events/EventTarget-impl.js:350:25)
      at invokeEventListeners 
(node_modules/jsdom/lib/jsdom/living/events/EventTarget-impl.js:286:3)
      at HTMLUnknownElementImpl._dispatch 
(node_modules/jsdom/lib/jsdom/living/events/EventTarget-impl.js:233:9)
      at HTMLUnknownElementImpl.dispatchEvent 
(node_modules/jsdom/lib/jsdom/living/events/EventTarget-impl.js:104:17)
      at HTMLUnknownElement.dispatchEvent 
(node_modules/jsdom/lib/jsdom/living/generated/EventTarget.js:241:34)
      at Object.invokeGuardedCallbackDev 
(node_modules/react-dom/cjs/react-dom.development.js:4213:16)
      at invokeGuardedCallback 
(node_modules/react-dom/cjs/react-dom.development.js:4277:31)
      at invokeGuardedCallbackAndCatchFirstError 
(node_modules/react-dom/cjs/react-dom.development.js:4291:25)
      at executeDispatch 
(node_modules/react-dom/cjs/react-dom.development.js:9041:3)
      at processDispatchQueueItemsInOrder 
(node_modules/react-dom/cjs/react-dom.development.js:9073:7)
      at processDispatchQueue 
(node_modules/react-dom/cjs/react-dom.development.js:9086:5)
      at dispatchEventsForPlugins 
(node_modules/react-dom/cjs/react-dom.development.js:9097:3)
      at node_modules/react-dom/cjs/react-dom.development.js:9288:12
      at batchedUpdates$1 
(node_modules/react-dom/cjs/react-dom.development.js:26179:12)
      at batchedUpdates 
(node_modules/react-dom/cjs/react-dom.development.js:3991:12)
      at dispatchEventForPluginEventSystem 
(node_modules/react-dom/cjs/react-dom.development.js:9287:3)
      at dispatchEventWithEnableCapturePhaseSelectiveHydrationWithoutDiscreteEv
entReplay (node_modules/react-dom/cjs/react-dom.development.js:6465:5)
      at dispatchEvent 
(node_modules/react-dom/cjs/react-dom.development.js:6457:5)
      at dispatchDiscreteEvent 
(node_modules/react-dom/cjs/react-dom.development.js:6430:5)
      at HTMLDivElement.callTheUserObjectsOperation 
(node_modules/jsdom/lib/jsdom/living/generated/EventListener.js:26:30)
      at innerInvokeEventListeners 
(node_modules/jsdom/lib/jsdom/living/events/EventTarget-impl.js:350:25)
      at invokeEventListeners 
(node_modules/jsdom/lib/jsdom/living/events/EventTarget-impl.js:286:3)
      at HTMLButtonElementImpl._dispatch 
(node_modules/jsdom/lib/jsdom/living/events/EventTarget-impl.js:233:9)
      at HTMLButtonElementImpl.dispatchEvent 
(node_modules/jsdom/lib/jsdom/living/events/EventTarget-impl.js:104:17)
      at HTMLButtonElement.dispatchEvent 
(node_modules/jsdom/lib/jsdom/living/generated/EventTarget.js:241:34)
      at 
node_modules/@testing-library/user-event/dist/cjs/event/dispatchEvent.js:45:43
      at Object.eventWrapper 
(node_modules/@testing-library/dom/dist/config.js:25:23)
      at Object.wrapEvent 
(node_modules/@testing-library/user-event/dist/cjs/event/wrapEvent.js:6:28)
      at Object.dispatchEvent (node_modules/@testing-library/user-event/dist/cj
s/event/dispatchEvent.js:45:22)
      at Object.dispatchUIEvent (node_modules/@testing-library/user-event/dist/
cjs/event/dispatchEvent.js:22:26)
      at Mouse.up (node_modules/@testing-library/user-event/dist/cjs/system/poi
nter/mouse.js:100:30)
      at PointerHost.release (node_modules/@testing-library/user-event/dist/cjs
/system/pointer/index.js:87:24)
      at pointerAction 
(node_modules/@testing-library/user-event/dist/cjs/pointer/index.js:54:47)
      at Object.pointer 
(node_modules/@testing-library/user-event/dist/cjs/pointer/index.js:27:9)
      at Object.<anonymous> 
(src/binding-authorities/__tests__/binding-authorities.test.tsx:429:9)

    console.error
      Warning: An update to NewBAPage inside a test was not wrapped in 
act(...).
      
      When testing, code that causes React state updates should be wrapped 
into act(...):
      
      act(() => {
        /* fire events that update state */
      });
      /* assert on the output */
      
      This ensures that you're testing the behavior the user would see in the 
browser. Learn more at https://reactjs.org/link/wrap-tests-with-act
          at NewBAPage (C:\Users\samhe\OneDrive\Desktop\Cleaned\frontend\src\bi
nding-authorities\NewBAPage\NewBAPage.tsx:34:33)
          at routeContext (C:\Users\samhe\OneDrive\Desktop\Cleaned\frontend\nod
e_modules\react-router\lib\hooks.tsx:658:26)
          at children (C:\Users\samhe\OneDrive\Desktop\Cleaned\frontend\node_mo
dules\react-router\lib\components.tsx:512:3)
          at basenameProp (C:\Users\samhe\OneDrive\Desktop\Cleaned\frontend\nod
e_modules\react-router\lib\components.tsx:421:13)
          at basename (C:\Users\samhe\OneDrive\Desktop\Cleaned\frontend\node_mo
dules\react-router\lib\components.tsx:225:3)

      71 |             return
      72 |         }
    > 73 |         setSaving(true)
         |         ^
      74 |         try {
      75 |             const created = await createBindingAuthority({
      76 |                 coverholder_id: form.coverholder_id || 0,

      at printWarning 
(node_modules/react-dom/cjs/react-dom.development.js:86:30)
      at error (node_modules/react-dom/cjs/react-dom.development.js:60:7)
      at warnIfUpdatesNotWrappedWithActDEV 
(node_modules/react-dom/cjs/react-dom.development.js:27628:9)
      at scheduleUpdateOnFiber 
(node_modules/react-dom/cjs/react-dom.development.js:25547:5)
      at dispatchSetState 
(node_modules/react-dom/cjs/react-dom.development.js:16708:7)
      at handleSave (src/binding-authorities/NewBAPage/NewBAPage.tsx:73:9)
      at HTMLUnknownElement.callCallback 
(node_modules/react-dom/cjs/react-dom.development.js:4164:14)
      at HTMLUnknownElement.callTheUserObjectsOperation 
(node_modules/jsdom/lib/jsdom/living/generated/EventListener.js:26:30)
      at innerInvokeEventListeners 
(node_modules/jsdom/lib/jsdom/living/events/EventTarget-impl.js:350:25)
      at invokeEventListeners 
(node_modules/jsdom/lib/jsdom/living/events/EventTarget-impl.js:286:3)
      at HTMLUnknownElementImpl._dispatch 
(node_modules/jsdom/lib/jsdom/living/events/EventTarget-impl.js:233:9)
      at HTMLUnknownElementImpl.dispatchEvent 
(node_modules/jsdom/lib/jsdom/living/events/EventTarget-impl.js:104:17)
      at HTMLUnknownElement.dispatchEvent 
(node_modules/jsdom/lib/jsdom/living/generated/EventTarget.js:241:34)
      at Object.invokeGuardedCallbackDev 
(node_modules/react-dom/cjs/react-dom.development.js:4213:16)
      at invokeGuardedCallback 
(node_modules/react-dom/cjs/react-dom.development.js:4277:31)
      at invokeGuardedCallbackAndCatchFirstError 
(node_modules/react-dom/cjs/react-dom.development.js:4291:25)
      at executeDispatch 
(node_modules/react-dom/cjs/react-dom.development.js:9041:3)
      at processDispatchQueueItemsInOrder 
(node_modules/react-dom/cjs/react-dom.development.js:9073:7)
      at processDispatchQueue 
(node_modules/react-dom/cjs/react-dom.development.js:9086:5)
      at dispatchEventsForPlugins 
(node_modules/react-dom/cjs/react-dom.development.js:9097:3)
      at node_modules/react-dom/cjs/react-dom.development.js:9288:12
      at batchedUpdates$1 
(node_modules/react-dom/cjs/react-dom.development.js:26179:12)
      at batchedUpdates 
(node_modules/react-dom/cjs/react-dom.development.js:3991:12)
      at dispatchEventForPluginEventSystem 
(node_modules/react-dom/cjs/react-dom.development.js:9287:3)
      at dispatchEventWithEnableCapturePhaseSelectiveHydrationWithoutDiscreteEv
entReplay (node_modules/react-dom/cjs/react-dom.development.js:6465:5)
      at dispatchEvent 
(node_modules/react-dom/cjs/react-dom.development.js:6457:5)
      at dispatchDiscreteEvent 
(node_modules/react-dom/cjs/react-dom.development.js:6430:5)
      at HTMLDivElement.callTheUserObjectsOperation 
(node_modules/jsdom/lib/jsdom/living/generated/EventListener.js:26:30)
      at innerInvokeEventListeners 
(node_modules/jsdom/lib/jsdom/living/events/EventTarget-impl.js:350:25)
      at invokeEventListeners 
(node_modules/jsdom/lib/jsdom/living/events/EventTarget-impl.js:286:3)
      at HTMLButtonElementImpl._dispatch 
(node_modules/jsdom/lib/jsdom/living/events/EventTarget-impl.js:233:9)
      at HTMLButtonElementImpl.dispatchEvent 
(node_modules/jsdom/lib/jsdom/living/events/EventTarget-impl.js:104:17)
      at HTMLButtonElement.dispatchEvent 
(node_modules/jsdom/lib/jsdom/living/generated/EventTarget.js:241:34)
      at 
node_modules/@testing-library/user-event/dist/cjs/event/dispatchEvent.js:45:43
      at Object.eventWrapper 
(node_modules/@testing-library/dom/dist/config.js:25:23)
      at Object.wrapEvent 
(node_modules/@testing-library/user-event/dist/cjs/event/wrapEvent.js:6:28)
      at Object.dispatchEvent (node_modules/@testing-library/user-event/dist/cj
s/event/dispatchEvent.js:45:22)
      at Object.dispatchUIEvent (node_modules/@testing-library/user-event/dist/
cjs/event/dispatchEvent.js:22:26)
      at Mouse.up (node_modules/@testing-library/user-event/dist/cjs/system/poi
nter/mouse.js:100:30)
      at PointerHost.release (node_modules/@testing-library/user-event/dist/cjs
/system/pointer/index.js:87:24)
      at pointerAction 
(node_modules/@testing-library/user-event/dist/cjs/pointer/index.js:54:47)
      at Object.pointer 
(node_modules/@testing-library/user-event/dist/cjs/pointer/index.js:27:9)
      at Object.<anonymous> 
(src/binding-authorities/__tests__/binding-authorities.test.tsx:430:9)

    console.error
      Warning: An update to MemoryRouter inside a test was not wrapped in 
act(...).
      
      When testing, code that causes React state updates should be wrapped 
into act(...):
      
      act(() => {
        /* fire events that update state */
      });
      /* assert on the output */
      
      This ensures that you're testing the behavior the user would see in the 
browser. Learn more at https://reactjs.org/link/wrap-tests-with-act
          at basename (C:\Users\samhe\OneDrive\Desktop\Cleaned\frontend\node_mo
dules\react-router\lib\components.tsx:225:3)

      80 |             })
      81 |             addNotification('Binding authority created.', 'success')
    > 82 |             navigate(`/binding-authorities/${created.id}`)
         |             ^
      83 |         } catch {
      84 |             addNotification('Could not create binding authority.', 
'error')
      85 |         } finally {

      at printWarning 
(node_modules/react-dom/cjs/react-dom.development.js:86:30)
      at error (node_modules/react-dom/cjs/react-dom.development.js:60:7)
      at warnIfUpdatesNotWrappedWithActDEV 
(node_modules/react-dom/cjs/react-dom.development.js:27628:9)
      at scheduleUpdateOnFiber 
(node_modules/react-dom/cjs/react-dom.development.js:25547:5)
      at dispatchSetState 
(node_modules/react-dom/cjs/react-dom.development.js:16708:7)
      at setStateImpl (node_modules/react-router/lib/components.tsx:250:11)
      at listener (node_modules/@remix-run/router/history.ts:306:9)
      at node_modules/react-router/lib/hooks.tsx:243:62
      at handleSave (src/binding-authorities/NewBAPage/NewBAPage.tsx:82:13)

    console.error
      Warning: An update to NewBAPage inside a test was not wrapped in 
act(...).
      
      When testing, code that causes React state updates should be wrapped 
into act(...):
      
      act(() => {
        /* fire events that update state */
      });
      /* assert on the output */
      
      This ensures that you're testing the behavior the user would see in the 
browser. Learn more at https://reactjs.org/link/wrap-tests-with-act
          at NewBAPage (C:\Users\samhe\OneDrive\Desktop\Cleaned\frontend\src\bi
nding-authorities\NewBAPage\NewBAPage.tsx:34:33)
          at routeContext (C:\Users\samhe\OneDrive\Desktop\Cleaned\frontend\nod
e_modules\react-router\lib\hooks.tsx:658:26)
          at children (C:\Users\samhe\OneDrive\Desktop\Cleaned\frontend\node_mo
dules\react-router\lib\components.tsx:512:3)
          at basenameProp (C:\Users\samhe\OneDrive\Desktop\Cleaned\frontend\nod
e_modules\react-router\lib\components.tsx:421:13)
          at basename (C:\Users\samhe\OneDrive\Desktop\Cleaned\frontend\node_mo
dules\react-router\lib\components.tsx:225:3)

      84 |             addNotification('Could not create binding authority.', 
'error')
      85 |         } finally {
    > 86 |             setSaving(false)
         |             ^
      87 |         }
      88 |     }
      89 |

      at printWarning 
(node_modules/react-dom/cjs/react-dom.development.js:86:30)
      at error (node_modules/react-dom/cjs/react-dom.development.js:60:7)
      at warnIfUpdatesNotWrappedWithActDEV 
(node_modules/react-dom/cjs/react-dom.development.js:27628:9)
      at scheduleUpdateOnFiber 
(node_modules/react-dom/cjs/react-dom.development.js:25547:5)
      at dispatchSetState 
(node_modules/react-dom/cjs/react-dom.development.js:16708:7)
      at handleSave (src/binding-authorities/NewBAPage/NewBAPage.tsx:86:13)

    console.error
      Warning: An update to NewBAPage inside a test was not wrapped in 
act(...).
      
      When testing, code that causes React state updates should be wrapped 
into act(...):
      
      act(() => {
        /* fire events that update state */
      });
      /* assert on the output */
      
      This ensures that you're testing the behavior the user would see in the 
browser. Learn more at https://reactjs.org/link/wrap-tests-with-act
          at NewBAPage (C:\Users\samhe\OneDrive\Desktop\Cleaned\frontend\src\bi
nding-authorities\NewBAPage\NewBAPage.tsx:34:33)
          at routeContext (C:\Users\samhe\OneDrive\Desktop\Cleaned\frontend\nod
e_modules\react-router\lib\hooks.tsx:658:26)
          at children (C:\Users\samhe\OneDrive\Desktop\Cleaned\frontend\node_mo
dules\react-router\lib\components.tsx:512:3)
          at basenameProp (C:\Users\samhe\OneDrive\Desktop\Cleaned\frontend\nod
e_modules\react-router\lib\components.tsx:421:13)
          at basename (C:\Users\samhe\OneDrive\Desktop\Cleaned\frontend\node_mo
dules\react-router\lib\components.tsx:225:3)

      119 |                             <button
      120 |                                 type="button"
    > 121 |                                 onClick={() => 
setCoverholderModalOpen(true)}
          |                                                ^
      122 |                                 title="Search Coverholder"
      123 |                                 className="text-gray-500 
hover:text-brand-600"
      124 |                             >

      at printWarning 
(node_modules/react-dom/cjs/react-dom.development.js:86:30)
      at error (node_modules/react-dom/cjs/react-dom.development.js:60:7)
      at warnIfUpdatesNotWrappedWithActDEV 
(node_modules/react-dom/cjs/react-dom.development.js:27628:9)
      at scheduleUpdateOnFiber 
(node_modules/react-dom/cjs/react-dom.development.js:25547:5)
      at dispatchSetState 
(node_modules/react-dom/cjs/react-dom.development.js:16708:7)
      at onClick (src/binding-authorities/NewBAPage/NewBAPage.tsx:121:48)
      at HTMLUnknownElement.callCallback 
(node_modules/react-dom/cjs/react-dom.development.js:4164:14)
      at HTMLUnknownElement.callTheUserObjectsOperation 
(node_modules/jsdom/lib/jsdom/living/generated/EventListener.js:26:30)
      at innerInvokeEventListeners 
(node_modules/jsdom/lib/jsdom/living/events/EventTarget-impl.js:350:25)
      at invokeEventListeners 
(node_modules/jsdom/lib/jsdom/living/events/EventTarget-impl.js:286:3)
      at HTMLUnknownElementImpl._dispatch 
(node_modules/jsdom/lib/jsdom/living/events/EventTarget-impl.js:233:9)
      at HTMLUnknownElementImpl.dispatchEvent 
(node_modules/jsdom/lib/jsdom/living/events/EventTarget-impl.js:104:17)
      at HTMLUnknownElement.dispatchEvent 
(node_modules/jsdom/lib/jsdom/living/generated/EventTarget.js:241:34)
      at Object.invokeGuardedCallbackDev 
(node_modules/react-dom/cjs/react-dom.development.js:4213:16)
      at invokeGuardedCallback 
(node_modules/react-dom/cjs/react-dom.development.js:4277:31)
      at invokeGuardedCallbackAndCatchFirstError 
(node_modules/react-dom/cjs/react-dom.development.js:4291:25)
      at executeDispatch 
(node_modules/react-dom/cjs/react-dom.development.js:9041:3)
      at processDispatchQueueItemsInOrder 
(node_modules/react-dom/cjs/react-dom.development.js:9073:7)
      at processDispatchQueue 
(node_modules/react-dom/cjs/react-dom.development.js:9086:5)
      at dispatchEventsForPlugins 
(node_modules/react-dom/cjs/react-dom.development.js:9097:3)
      at node_modules/react-dom/cjs/react-dom.development.js:9288:12
      at batchedUpdates$1 
(node_modules/react-dom/cjs/react-dom.development.js:26179:12)
      at batchedUpdates 
(node_modules/react-dom/cjs/react-dom.development.js:3991:12)
      at dispatchEventForPluginEventSystem 
(node_modules/react-dom/cjs/react-dom.development.js:9287:3)
      at dispatchEventWithEnableCapturePhaseSelectiveHydrationWithoutDiscreteEv
entReplay (node_modules/react-dom/cjs/react-dom.development.js:6465:5)
      at dispatchEvent 
(node_modules/react-dom/cjs/react-dom.development.js:6457:5)
      at dispatchDiscreteEvent 
(node_modules/react-dom/cjs/react-dom.development.js:6430:5)
      at HTMLDivElement.callTheUserObjectsOperation 
(node_modules/jsdom/lib/jsdom/living/generated/EventListener.js:26:30)
      at innerInvokeEventListeners 
(node_modules/jsdom/lib/jsdom/living/events/EventTarget-impl.js:350:25)
      at invokeEventListeners 
(node_modules/jsdom/lib/jsdom/living/events/EventTarget-impl.js:286:3)
      at HTMLButtonElementImpl._dispatch 
(node_modules/jsdom/lib/jsdom/living/events/EventTarget-impl.js:233:9)
      at HTMLButtonElementImpl.dispatchEvent 
(node_modules/jsdom/lib/jsdom/living/events/EventTarget-impl.js:104:17)
      at HTMLButtonElement.dispatchEvent 
(node_modules/jsdom/lib/jsdom/living/generated/EventTarget.js:241:34)
      at 
node_modules/@testing-library/user-event/dist/cjs/event/dispatchEvent.js:45:43
      at Object.eventWrapper 
(node_modules/@testing-library/dom/dist/config.js:25:23)
      at Object.wrapEvent 
(node_modules/@testing-library/user-event/dist/cjs/event/wrapEvent.js:6:28)
      at Object.dispatchEvent (node_modules/@testing-library/user-event/dist/cj
s/event/dispatchEvent.js:45:22)
      at Object.dispatchUIEvent (node_modules/@testing-library/user-event/dist/
cjs/event/dispatchEvent.js:22:26)
      at Mouse.up (node_modules/@testing-library/user-event/dist/cjs/system/poi
nter/mouse.js:100:30)
      at PointerHost.release (node_modules/@testing-library/user-event/dist/cjs
/system/pointer/index.js:87:24)
      at pointerAction 
(node_modules/@testing-library/user-event/dist/cjs/pointer/index.js:54:47)
      at Object.pointer 
(node_modules/@testing-library/user-event/dist/cjs/pointer/index.js:27:9)
      at Object.<anonymous> 
(src/binding-authorities/__tests__/binding-authorities.test.tsx:438:9)

    console.error
      Warning: An update to NewBAPage inside a test was not wrapped in 
act(...).
      
      When testing, code that causes React state updates should be wrapped 
into act(...):
      
      act(() => {
        /* fire events that update state */
      });
      /* assert on the output */
      
      This ensures that you're testing the behavior the user would see in the 
browser. Learn more at https://reactjs.org/link/wrap-tests-with-act
          at NewBAPage (C:\Users\samhe\OneDrive\Desktop\Cleaned\frontend\src\bi
nding-authorities\NewBAPage\NewBAPage.tsx:34:33)
          at routeContext (C:\Users\samhe\OneDrive\Desktop\Cleaned\frontend\nod
e_modules\react-router\lib\hooks.tsx:658:26)
          at children (C:\Users\samhe\OneDrive\Desktop\Cleaned\frontend\node_mo
dules\react-router\lib\components.tsx:512:3)
          at basenameProp (C:\Users\samhe\OneDrive\Desktop\Cleaned\frontend\nod
e_modules\react-router\lib\components.tsx:421:13)
          at basename (C:\Users\samhe\OneDrive\Desktop\Cleaned\frontend\node_mo
dules\react-router\lib\components.tsx:225:3)

      195 |                 onClose={() => setCoverholderModalOpen(false)}
      196 |                 onSelect={(party) =>
    > 197 |                     setForm((prev) => ({
          |                     ^
      198 |                         ...prev,
      199 |                         coverholder_name: party.name,
      200 |                         coverholder_id: party.id,

      at printWarning 
(node_modules/react-dom/cjs/react-dom.development.js:86:30)
      at error (node_modules/react-dom/cjs/react-dom.development.js:60:7)
      at warnIfUpdatesNotWrappedWithActDEV 
(node_modules/react-dom/cjs/react-dom.development.js:27628:9)
      at scheduleUpdateOnFiber 
(node_modules/react-dom/cjs/react-dom.development.js:25547:5)
      at dispatchSetState 
(node_modules/react-dom/cjs/react-dom.development.js:16708:7)
      at onSelect (src/binding-authorities/NewBAPage/NewBAPage.tsx:197:21)
      at onClick 
(src/binding-authorities/__tests__/binding-authorities.test.tsx:138:75)
      at HTMLUnknownElement.callCallback 
(node_modules/react-dom/cjs/react-dom.development.js:4164:14)
      at HTMLUnknownElement.callTheUserObjectsOperation 
(node_modules/jsdom/lib/jsdom/living/generated/EventListener.js:26:30)
      at innerInvokeEventListeners 
(node_modules/jsdom/lib/jsdom/living/events/EventTarget-impl.js:350:25)
      at invokeEventListeners 
(node_modules/jsdom/lib/jsdom/living/events/EventTarget-impl.js:286:3)
      at HTMLUnknownElementImpl._dispatch 
(node_modules/jsdom/lib/jsdom/living/events/EventTarget-impl.js:233:9)
      at HTMLUnknownElementImpl.dispatchEvent 
(node_modules/jsdom/lib/jsdom/living/events/EventTarget-impl.js:104:17)
      at HTMLUnknownElement.dispatchEvent 
(node_modules/jsdom/lib/jsdom/living/generated/EventTarget.js:241:34)
      at Object.invokeGuardedCallbackDev 
(node_modules/react-dom/cjs/react-dom.development.js:4213:16)
      at invokeGuardedCallback 
(node_modules/react-dom/cjs/react-dom.development.js:4277:31)
      at invokeGuardedCallbackAndCatchFirstError 
(node_modules/react-dom/cjs/react-dom.development.js:4291:25)
      at executeDispatch 
(node_modules/react-dom/cjs/react-dom.development.js:9041:3)
      at processDispatchQueueItemsInOrder 
(node_modules/react-dom/cjs/react-dom.development.js:9073:7)
      at processDispatchQueue 
(node_modules/react-dom/cjs/react-dom.development.js:9086:5)
      at dispatchEventsForPlugins 
(node_modules/react-dom/cjs/react-dom.development.js:9097:3)
      at node_modules/react-dom/cjs/react-dom.development.js:9288:12
      at batchedUpdates$1 
(node_modules/react-dom/cjs/react-dom.development.js:26179:12)
      at batchedUpdates 
(node_modules/react-dom/cjs/react-dom.development.js:3991:12)
      at dispatchEventForPluginEventSystem 
(node_modules/react-dom/cjs/react-dom.development.js:9287:3)
      at dispatchEventWithEnableCapturePhaseSelectiveHydrationWithoutDiscreteEv
entReplay (node_modules/react-dom/cjs/react-dom.development.js:6465:5)
      at dispatchEvent 
(node_modules/react-dom/cjs/react-dom.development.js:6457:5)
      at dispatchDiscreteEvent 
(node_modules/react-dom/cjs/react-dom.development.js:6430:5)
      at HTMLDivElement.callTheUserObjectsOperation 
(node_modules/jsdom/lib/jsdom/living/generated/EventListener.js:26:30)
      at innerInvokeEventListeners 
(node_modules/jsdom/lib/jsdom/living/events/EventTarget-impl.js:350:25)
      at invokeEventListeners 
(node_modules/jsdom/lib/jsdom/living/events/EventTarget-impl.js:286:3)
      at HTMLButtonElementImpl._dispatch 
(node_modules/jsdom/lib/jsdom/living/events/EventTarget-impl.js:233:9)
      at HTMLButtonElementImpl.dispatchEvent 
(node_modules/jsdom/lib/jsdom/living/events/EventTarget-impl.js:104:17)
      at HTMLButtonElement.dispatchEvent 
(node_modules/jsdom/lib/jsdom/living/generated/EventTarget.js:241:34)
      at 
node_modules/@testing-library/user-event/dist/cjs/event/dispatchEvent.js:45:43
      at Object.eventWrapper 
(node_modules/@testing-library/dom/dist/config.js:25:23)
      at Object.wrapEvent 
(node_modules/@testing-library/user-event/dist/cjs/event/wrapEvent.js:6:28)
      at Object.dispatchEvent (node_modules/@testing-library/user-event/dist/cj
s/event/dispatchEvent.js:45:22)
      at Object.dispatchUIEvent (node_modules/@testing-library/user-event/dist/
cjs/event/dispatchEvent.js:22:26)
      at Mouse.up (node_modules/@testing-library/user-event/dist/cjs/system/poi
nter/mouse.js:100:30)
      at PointerHost.release (node_modules/@testing-library/user-event/dist/cjs
/system/pointer/index.js:87:24)
      at pointerAction 
(node_modules/@testing-library/user-event/dist/cjs/pointer/index.js:54:47)
      at Object.pointer 
(node_modules/@testing-library/user-event/dist/cjs/pointer/index.js:27:9)
      at Object.<anonymous> 
(src/binding-authorities/__tests__/binding-authorities.test.tsx:439:9)

    console.error
      Warning: An update to NewBAPage inside a test was not wrapped in 
act(...).
      
      When testing, code that causes React state updates should be wrapped 
into act(...):
      
      act(() => {
        /* fire events that update state */
      });
      /* assert on the output */
      
      This ensures that you're testing the behavior the user would see in the 
browser. Learn more at https://reactjs.org/link/wrap-tests-with-act
          at NewBAPage (C:\Users\samhe\OneDrive\Desktop\Cleaned\frontend\src\bi
nding-authorities\NewBAPage\NewBAPage.tsx:34:33)
          at routeContext (C:\Users\samhe\OneDrive\Desktop\Cleaned\frontend\nod
e_modules\react-router\lib\hooks.tsx:658:26)
          at children (C:\Users\samhe\OneDrive\Desktop\Cleaned\frontend\node_mo
dules\react-router\lib\components.tsx:512:3)
          at basenameProp (C:\Users\samhe\OneDrive\Desktop\Cleaned\frontend\nod
e_modules\react-router\lib\components.tsx:421:13)
          at basename (C:\Users\samhe\OneDrive\Desktop\Cleaned\frontend\node_mo
dules\react-router\lib\components.tsx:225:3)

      193 |             <CoverholderSearchModal
      194 |                 isOpen={coverholderModalOpen}
    > 195 |                 onClose={() => setCoverholderModalOpen(false)}
          |                                ^
      196 |                 onSelect={(party) =>
      197 |                     setForm((prev) => ({
      198 |                         ...prev,

      at printWarning 
(node_modules/react-dom/cjs/react-dom.development.js:86:30)
      at error (node_modules/react-dom/cjs/react-dom.development.js:60:7)
      at warnIfUpdatesNotWrappedWithActDEV 
(node_modules/react-dom/cjs/react-dom.development.js:27628:9)
      at scheduleUpdateOnFiber 
(node_modules/react-dom/cjs/react-dom.development.js:25547:5)
      at dispatchSetState 
(node_modules/react-dom/cjs/react-dom.development.js:16708:7)
      at onClose (src/binding-authorities/NewBAPage/NewBAPage.tsx:195:32)
      at onClick 
(src/binding-authorities/__tests__/binding-authorities.test.tsx:138:117)
      at HTMLUnknownElement.callCallback 
(node_modules/react-dom/cjs/react-dom.development.js:4164:14)
      at HTMLUnknownElement.callTheUserObjectsOperation 
(node_modules/jsdom/lib/jsdom/living/generated/EventListener.js:26:30)
      at innerInvokeEventListeners 
(node_modules/jsdom/lib/jsdom/living/events/EventTarget-impl.js:350:25)
      at invokeEventListeners 
(node_modules/jsdom/lib/jsdom/living/events/EventTarget-impl.js:286:3)
      at HTMLUnknownElementImpl._dispatch 
(node_modules/jsdom/lib/jsdom/living/events/EventTarget-impl.js:233:9)
      at HTMLUnknownElementImpl.dispatchEvent 
(node_modules/jsdom/lib/jsdom/living/events/EventTarget-impl.js:104:17)
      at HTMLUnknownElement.dispatchEvent 
(node_modules/jsdom/lib/jsdom/living/generated/EventTarget.js:241:34)
      at Object.invokeGuardedCallbackDev 
(node_modules/react-dom/cjs/react-dom.development.js:4213:16)
      at invokeGuardedCallback 
(node_modules/react-dom/cjs/react-dom.development.js:4277:31)
      at invokeGuardedCallbackAndCatchFirstError 
(node_modules/react-dom/cjs/react-dom.development.js:4291:25)
      at executeDispatch 
(node_modules/react-dom/cjs/react-dom.development.js:9041:3)
      at processDispatchQueueItemsInOrder 
(node_modules/react-dom/cjs/react-dom.development.js:9073:7)
      at processDispatchQueue 
(node_modules/react-dom/cjs/react-dom.development.js:9086:5)
      at dispatchEventsForPlugins 
(node_modules/react-dom/cjs/react-dom.development.js:9097:3)
      at node_modules/react-dom/cjs/react-dom.development.js:9288:12
      at batchedUpdates$1 
(node_modules/react-dom/cjs/react-dom.development.js:26179:12)
      at batchedUpdates 
(node_modules/react-dom/cjs/react-dom.development.js:3991:12)
      at dispatchEventForPluginEventSystem 
(node_modules/react-dom/cjs/react-dom.development.js:9287:3)
      at dispatchEventWithEnableCapturePhaseSelectiveHydrationWithoutDiscreteEv
entReplay (node_modules/react-dom/cjs/react-dom.development.js:6465:5)
      at dispatchEvent 
(node_modules/react-dom/cjs/react-dom.development.js:6457:5)
      at dispatchDiscreteEvent 
(node_modules/react-dom/cjs/react-dom.development.js:6430:5)
      at HTMLDivElement.callTheUserObjectsOperation 
(node_modules/jsdom/lib/jsdom/living/generated/EventListener.js:26:30)
      at innerInvokeEventListeners 
(node_modules/jsdom/lib/jsdom/living/events/EventTarget-impl.js:350:25)
      at invokeEventListeners 
(node_modules/jsdom/lib/jsdom/living/events/EventTarget-impl.js:286:3)
      at HTMLButtonElementImpl._dispatch 
(node_modules/jsdom/lib/jsdom/living/events/EventTarget-impl.js:233:9)
      at HTMLButtonElementImpl.dispatchEvent 
(node_modules/jsdom/lib/jsdom/living/events/EventTarget-impl.js:104:17)
      at HTMLButtonElement.dispatchEvent 
(node_modules/jsdom/lib/jsdom/living/generated/EventTarget.js:241:34)
      at 
node_modules/@testing-library/user-event/dist/cjs/event/dispatchEvent.js:45:43
      at Object.eventWrapper 
(node_modules/@testing-library/dom/dist/config.js:25:23)
      at Object.wrapEvent 
(node_modules/@testing-library/user-event/dist/cjs/event/wrapEvent.js:6:28)
      at Object.dispatchEvent (node_modules/@testing-library/user-event/dist/cj
s/event/dispatchEvent.js:45:22)
      at Object.dispatchUIEvent (node_modules/@testing-library/user-event/dist/
cjs/event/dispatchEvent.js:22:26)
      at Mouse.up (node_modules/@testing-library/user-event/dist/cjs/system/poi
nter/mouse.js:100:30)
      at PointerHost.release (node_modules/@testing-library/user-event/dist/cjs
/system/pointer/index.js:87:24)
      at pointerAction 
(node_modules/@testing-library/user-event/dist/cjs/pointer/index.js:54:47)
      at Object.pointer 
(node_modules/@testing-library/user-event/dist/cjs/pointer/index.js:27:9)
      at Object.<anonymous> 
(src/binding-authorities/__tests__/binding-authorities.test.tsx:439:9)

    console.error
      Warning: An update to NewBAPage inside a test was not wrapped in 
act(...).
      
      When testing, code that causes React state updates should be wrapped 
into act(...):
      
      act(() => {
        /* fire events that update state */
      });
      /* assert on the output */
      
      This ensures that you're testing the behavior the user would see in the 
browser. Learn more at https://reactjs.org/link/wrap-tests-with-act
          at NewBAPage (C:\Users\samhe\OneDrive\Desktop\Cleaned\frontend\src\bi
nding-authorities\NewBAPage\NewBAPage.tsx:34:33)
          at routeContext (C:\Users\samhe\OneDrive\Desktop\Cleaned\frontend\nod
e_modules\react-router\lib\hooks.tsx:658:26)
          at children (C:\Users\samhe\OneDrive\Desktop\Cleaned\frontend\node_mo
dules\react-router\lib\components.tsx:512:3)
          at basenameProp (C:\Users\samhe\OneDrive\Desktop\Cleaned\frontend\nod
e_modules\react-router\lib\components.tsx:421:13)
          at basename (C:\Users\samhe\OneDrive\Desktop\Cleaned\frontend\node_mo
dules\react-router\lib\components.tsx:225:3)

      71 |             return
      72 |         }
    > 73 |         setSaving(true)
         |         ^
      74 |         try {
      75 |             const created = await createBindingAuthority({
      76 |                 coverholder_id: form.coverholder_id || 0,

      at printWarning 
(node_modules/react-dom/cjs/react-dom.development.js:86:30)
      at error (node_modules/react-dom/cjs/react-dom.development.js:60:7)
      at warnIfUpdatesNotWrappedWithActDEV 
(node_modules/react-dom/cjs/react-dom.development.js:27628:9)
      at scheduleUpdateOnFiber 
(node_modules/react-dom/cjs/react-dom.development.js:25547:5)
      at dispatchSetState 
(node_modules/react-dom/cjs/react-dom.development.js:16708:7)
      at handleSave (src/binding-authorities/NewBAPage/NewBAPage.tsx:73:9)
      at HTMLUnknownElement.callCallback 
(node_modules/react-dom/cjs/react-dom.development.js:4164:14)
      at HTMLUnknownElement.callTheUserObjectsOperation 
(node_modules/jsdom/lib/jsdom/living/generated/EventListener.js:26:30)
      at innerInvokeEventListeners 
(node_modules/jsdom/lib/jsdom/living/events/EventTarget-impl.js:350:25)
      at invokeEventListeners 
(node_modules/jsdom/lib/jsdom/living/events/EventTarget-impl.js:286:3)
      at HTMLUnknownElementImpl._dispatch 
(node_modules/jsdom/lib/jsdom/living/events/EventTarget-impl.js:233:9)
      at HTMLUnknownElementImpl.dispatchEvent 
(node_modules/jsdom/lib/jsdom/living/events/EventTarget-impl.js:104:17)
      at HTMLUnknownElement.dispatchEvent 
(node_modules/jsdom/lib/jsdom/living/generated/EventTarget.js:241:34)
      at Object.invokeGuardedCallbackDev 
(node_modules/react-dom/cjs/react-dom.development.js:4213:16)
      at invokeGuardedCallback 
(node_modules/react-dom/cjs/react-dom.development.js:4277:31)
      at invokeGuardedCallbackAndCatchFirstError 
(node_modules/react-dom/cjs/react-dom.development.js:4291:25)
      at executeDispatch 
(node_modules/react-dom/cjs/react-dom.development.js:9041:3)
      at processDispatchQueueItemsInOrder 
(node_modules/react-dom/cjs/react-dom.development.js:9073:7)
      at processDispatchQueue 
(node_modules/react-dom/cjs/react-dom.development.js:9086:5)
      at dispatchEventsForPlugins 
(node_modules/react-dom/cjs/react-dom.development.js:9097:3)
      at node_modules/react-dom/cjs/react-dom.development.js:9288:12
      at batchedUpdates$1 
(node_modules/react-dom/cjs/react-dom.development.js:26179:12)
      at batchedUpdates 
(node_modules/react-dom/cjs/react-dom.development.js:3991:12)
      at dispatchEventForPluginEventSystem 
(node_modules/react-dom/cjs/react-dom.development.js:9287:3)
      at dispatchEventWithEnableCapturePhaseSelectiveHydrationWithoutDiscreteEv
entReplay (node_modules/react-dom/cjs/react-dom.development.js:6465:5)
      at dispatchEvent 
(node_modules/react-dom/cjs/react-dom.development.js:6457:5)
      at dispatchDiscreteEvent 
(node_modules/react-dom/cjs/react-dom.development.js:6430:5)
      at HTMLDivElement.callTheUserObjectsOperation 
(node_modules/jsdom/lib/jsdom/living/generated/EventListener.js:26:30)
      at innerInvokeEventListeners 
(node_modules/jsdom/lib/jsdom/living/events/EventTarget-impl.js:350:25)
      at invokeEventListeners 
(node_modules/jsdom/lib/jsdom/living/events/EventTarget-impl.js:286:3)
      at HTMLButtonElementImpl._dispatch 
(node_modules/jsdom/lib/jsdom/living/events/EventTarget-impl.js:233:9)
      at HTMLButtonElementImpl.dispatchEvent 
(node_modules/jsdom/lib/jsdom/living/events/EventTarget-impl.js:104:17)
      at HTMLButtonElement.dispatchEvent 
(node_modules/jsdom/lib/jsdom/living/generated/EventTarget.js:241:34)
      at 
node_modules/@testing-library/user-event/dist/cjs/event/dispatchEvent.js:45:43
      at Object.eventWrapper 
(node_modules/@testing-library/dom/dist/config.js:25:23)
      at Object.wrapEvent 
(node_modules/@testing-library/user-event/dist/cjs/event/wrapEvent.js:6:28)
      at Object.dispatchEvent (node_modules/@testing-library/user-event/dist/cj
s/event/dispatchEvent.js:45:22)
      at Object.dispatchUIEvent (node_modules/@testing-library/user-event/dist/
cjs/event/dispatchEvent.js:22:26)
      at Mouse.up (node_modules/@testing-library/user-event/dist/cjs/system/poi
nter/mouse.js:100:30)
      at PointerHost.release (node_modules/@testing-library/user-event/dist/cjs
/system/pointer/index.js:87:24)
      at pointerAction 
(node_modules/@testing-library/user-event/dist/cjs/pointer/index.js:54:47)
      at Object.pointer 
(node_modules/@testing-library/user-event/dist/cjs/pointer/index.js:27:9)
      at Object.<anonymous> 
(src/binding-authorities/__tests__/binding-authorities.test.tsx:440:9)

    console.error
      Warning: An update to NewBAPage inside a test was not wrapped in 
act(...).
      
      When testing, code that causes React state updates should be wrapped 
into act(...):
      
      act(() => {
        /* fire events that update state */
      });
      /* assert on the output */
      
      This ensures that you're testing the behavior the user would see in the 
browser. Learn more at https://reactjs.org/link/wrap-tests-with-act
          at NewBAPage (C:\Users\samhe\OneDrive\Desktop\Cleaned\frontend\src\bi
nding-authorities\NewBAPage\NewBAPage.tsx:34:33)
          at routeContext (C:\Users\samhe\OneDrive\Desktop\Cleaned\frontend\nod
e_modules\react-router\lib\hooks.tsx:658:26)
          at children (C:\Users\samhe\OneDrive\Desktop\Cleaned\frontend\node_mo
dules\react-router\lib\components.tsx:512:3)
          at basenameProp (C:\Users\samhe\OneDrive\Desktop\Cleaned\frontend\nod
e_modules\react-router\lib\components.tsx:421:13)
          at basename (C:\Users\samhe\OneDrive\Desktop\Cleaned\frontend\node_mo
dules\react-router\lib\components.tsx:225:3)

      84 |             addNotification('Could not create binding authority.', 
'error')
      85 |         } finally {
    > 86 |             setSaving(false)
         |             ^
      87 |         }
      88 |     }
      89 |

      at printWarning 
(node_modules/react-dom/cjs/react-dom.development.js:86:30)
      at error (node_modules/react-dom/cjs/react-dom.development.js:60:7)
      at warnIfUpdatesNotWrappedWithActDEV 
(node_modules/react-dom/cjs/react-dom.development.js:27628:9)
      at scheduleUpdateOnFiber 
(node_modules/react-dom/cjs/react-dom.development.js:25547:5)
      at dispatchSetState 
(node_modules/react-dom/cjs/react-dom.development.js:16708:7)
      at handleSave (src/binding-authorities/NewBAPage/NewBAPage.tsx:86:13)

    console.error
      Warning: An update to BAViewPage inside a test was not wrapped in 
act(...).
      
      When testing, code that causes React state updates should be wrapped 
into act(...):
      
      act(() => {
        /* fire events that update state */
      });
      /* assert on the output */
      
      This ensures that you're testing the behavior the user would see in the 
browser. Learn more at https://reactjs.org/link/wrap-tests-with-act
          at BAViewPage (C:\Users\samhe\OneDrive\Desktop\Cleaned\frontend\src\b
inding-authorities\BAViewPage\BAViewPage.tsx:104:29)
          at routeContext (C:\Users\samhe\OneDrive\Desktop\Cleaned\frontend\nod
e_modules\react-router\lib\hooks.tsx:658:26)
          at children (C:\Users\samhe\OneDrive\Desktop\Cleaned\frontend\node_mo
dules\react-router\lib\components.tsx:512:3)
          at basenameProp (C:\Users\samhe\OneDrive\Desktop\Cleaned\frontend\nod
e_modules\react-router\lib\components.tsx:421:13)
          at basename (C:\Users\samhe\OneDrive\Desktop\Cleaned\frontend\node_mo
dules\react-router\lib\components.tsx:225:3)

      283 |     async function handleSaveBA() {
      284 |         if (!ba) return
    > 285 |         setSaving(true)
          |         ^
      286 |         const prevBa: Record<string, unknown> = { ...ba }
      287 |         try {
      288 |             const updated = await updateBindingAuthority(baId, {

      at printWarning 
(node_modules/react-dom/cjs/react-dom.development.js:86:30)
      at error (node_modules/react-dom/cjs/react-dom.development.js:60:7)
      at warnIfUpdatesNotWrappedWithActDEV 
(node_modules/react-dom/cjs/react-dom.development.js:27628:9)
      at scheduleUpdateOnFiber 
(node_modules/react-dom/cjs/react-dom.development.js:25547:5)
      at dispatchSetState 
(node_modules/react-dom/cjs/react-dom.development.js:16708:7)
      at handleSaveBA (src/binding-authorities/BAViewPage/BAViewPage.tsx:285:9)
      at handleSave (src/binding-authorities/BAViewPage/BAViewPage.tsx:246:34)
      at callTheUserObjectsOperation 
(node_modules/jsdom/lib/jsdom/living/generated/EventListener.js:26:30)
      at innerInvokeEventListeners 
(node_modules/jsdom/lib/jsdom/living/events/EventTarget-impl.js:350:25)
      at invokeEventListeners 
(node_modules/jsdom/lib/jsdom/living/events/EventTarget-impl.js:286:3)
      at EventTargetImpl._dispatch 
(node_modules/jsdom/lib/jsdom/living/events/EventTarget-impl.js:233:9)
      at EventTargetImpl.dispatchEvent 
(node_modules/jsdom/lib/jsdom/living/events/EventTarget-impl.js:104:17)
      at dispatchEvent 
(node_modules/jsdom/lib/jsdom/living/generated/EventTarget.js:241:34)
      at Object.<anonymous> 
(src/binding-authorities/__tests__/binding-authorities.test.tsx:750:16)

    console.error
      Warning: An update to BAViewPage inside a test was not wrapped in 
act(...).
      
      When testing, code that causes React state updates should be wrapped 
into act(...):
      
      act(() => {
        /* fire events that update state */
      });
      /* assert on the output */
      
      This ensures that you're testing the behavior the user would see in the 
browser. Learn more at https://reactjs.org/link/wrap-tests-with-act
          at BAViewPage (C:\Users\samhe\OneDrive\Desktop\Cleaned\frontend\src\b
inding-authorities\BAViewPage\BAViewPage.tsx:104:29)
          at routeContext (C:\Users\samhe\OneDrive\Desktop\Cleaned\frontend\nod
e_modules\react-router\lib\hooks.tsx:658:26)
          at children (C:\Users\samhe\OneDrive\Desktop\Cleaned\frontend\node_mo
dules\react-router\lib\components.tsx:512:3)
          at basenameProp (C:\Users\samhe\OneDrive\Desktop\Cleaned\frontend\nod
e_modules\react-router\lib\components.tsx:421:13)
          at basename (C:\Users\samhe\OneDrive\Desktop\Cleaned\frontend\node_mo
dules\react-router\lib\components.tsx:225:3)

      329 |         if (!ba) return
      330 |         const oldStatus = ba.status
    > 331 |         setSaving(true)
          |         ^
      332 |         try {
      333 |             const updated = await updateBindingAuthority(baId, { 
status })
      334 |             setBa(updated)

      at printWarning 
(node_modules/react-dom/cjs/react-dom.development.js:86:30)
      at error (node_modules/react-dom/cjs/react-dom.development.js:60:7)
      at warnIfUpdatesNotWrappedWithActDEV 
(node_modules/react-dom/cjs/react-dom.development.js:27628:9)
      at scheduleUpdateOnFiber 
(node_modules/react-dom/cjs/react-dom.development.js:25547:5)
      at dispatchSetState 
(node_modules/react-dom/cjs/react-dom.development.js:16708:7)
      at handleStatusChange 
(src/binding-authorities/BAViewPage/BAViewPage.tsx:331:9)
      at handleIssueBA 
(src/binding-authorities/BAViewPage/BAViewPage.tsx:420:19)
      at handleIssue (src/binding-authorities/BAViewPage/BAViewPage.tsx:247:35)
      at callTheUserObjectsOperation 
(node_modules/jsdom/lib/jsdom/living/generated/EventListener.js:26:30)
      at innerInvokeEventListeners 
(node_modules/jsdom/lib/jsdom/living/events/EventTarget-impl.js:350:25)
      at invokeEventListeners 
(node_modules/jsdom/lib/jsdom/living/events/EventTarget-impl.js:286:3)
      at EventTargetImpl._dispatch 
(node_modules/jsdom/lib/jsdom/living/events/EventTarget-impl.js:233:9)
      at EventTargetImpl.dispatchEvent 
(node_modules/jsdom/lib/jsdom/living/events/EventTarget-impl.js:104:17)
      at dispatchEvent 
(node_modules/jsdom/lib/jsdom/living/generated/EventTarget.js:241:34)
      at Object.<anonymous> 
(src/binding-authorities/__tests__/binding-authorities.test.tsx:763:16)

    console.error
      Warning: An update to BAViewPage inside a test was not wrapped in 
act(...).
      
      When testing, code that causes React state updates should be wrapped 
into act(...):
      
      act(() => {
        /* fire events that update state */
      });
      /* assert on the output */
      
      This ensures that you're testing the behavior the user would see in the 
browser. Learn more at https://reactjs.org/link/wrap-tests-with-act
          at BAViewPage (C:\Users\samhe\OneDrive\Desktop\Cleaned\frontend\src\b
inding-authorities\BAViewPage\BAViewPage.tsx:104:29)
          at routeContext (C:\Users\samhe\OneDrive\Desktop\Cleaned\frontend\nod
e_modules\react-router\lib\hooks.tsx:658:26)
          at children (C:\Users\samhe\OneDrive\Desktop\Cleaned\frontend\node_mo
dules\react-router\lib\components.tsx:512:3)
          at basenameProp (C:\Users\samhe\OneDrive\Desktop\Cleaned\frontend\nod
e_modules\react-router\lib\components.tsx:421:13)
          at basename (C:\Users\samhe\OneDrive\Desktop\Cleaned\frontend\node_mo
dules\react-router\lib\components.tsx:225:3)

      460 |                         className="text-brand-600 
hover:text-brand-800"
      461 |                         onClick={() => {
    > 462 |                             setSections((prev) => 
[createDraftSection(nextTempSectionId, 
getNextDraftSectionReference(ba?.reference, prev)), ...prev])
          |                             ^
      463 |                             setNextTempSectionId((prev) => prev - 
1)
      464 |                         }}
      465 |                     >

      at printWarning 
(node_modules/react-dom/cjs/react-dom.development.js:86:30)
      at error (node_modules/react-dom/cjs/react-dom.development.js:60:7)
      at warnIfUpdatesNotWrappedWithActDEV 
(node_modules/react-dom/cjs/react-dom.development.js:27628:9)
      at scheduleUpdateOnFiber 
(node_modules/react-dom/cjs/react-dom.development.js:25547:5)
      at dispatchSetState 
(node_modules/react-dom/cjs/react-dom.development.js:16708:7)
      at onClick (src/binding-authorities/BAViewPage/BAViewPage.tsx:462:29)
      at HTMLUnknownElement.callCallback 
(node_modules/react-dom/cjs/react-dom.development.js:4164:14)
      at HTMLUnknownElement.callTheUserObjectsOperation 
(node_modules/jsdom/lib/jsdom/living/generated/EventListener.js:26:30)
      at innerInvokeEventListeners 
(node_modules/jsdom/lib/jsdom/living/events/EventTarget-impl.js:350:25)
      at invokeEventListeners 
(node_modules/jsdom/lib/jsdom/living/events/EventTarget-impl.js:286:3)
      at HTMLUnknownElementImpl._dispatch 
(node_modules/jsdom/lib/jsdom/living/events/EventTarget-impl.js:233:9)
      at HTMLUnknownElementImpl.dispatchEvent 
(node_modules/jsdom/lib/jsdom/living/events/EventTarget-impl.js:104:17)
      at HTMLUnknownElement.dispatchEvent 
(node_modules/jsdom/lib/jsdom/living/generated/EventTarget.js:241:34)
      at Object.invokeGuardedCallbackDev 
(node_modules/react-dom/cjs/react-dom.development.js:4213:16)
      at invokeGuardedCallback 
(node_modules/react-dom/cjs/react-dom.development.js:4277:31)
      at invokeGuardedCallbackAndCatchFirstError 
(node_modules/react-dom/cjs/react-dom.development.js:4291:25)
      at executeDispatch 
(node_modules/react-dom/cjs/react-dom.development.js:9041:3)
      at processDispatchQueueItemsInOrder 
(node_modules/react-dom/cjs/react-dom.development.js:9073:7)
      at processDispatchQueue 
(node_modules/react-dom/cjs/react-dom.development.js:9086:5)
      at dispatchEventsForPlugins 
(node_modules/react-dom/cjs/react-dom.development.js:9097:3)
      at node_modules/react-dom/cjs/react-dom.development.js:9288:12
      at batchedUpdates$1 
(node_modules/react-dom/cjs/react-dom.development.js:26179:12)
      at batchedUpdates 
(node_modules/react-dom/cjs/react-dom.development.js:3991:12)
      at dispatchEventForPluginEventSystem 
(node_modules/react-dom/cjs/react-dom.development.js:9287:3)
      at dispatchEventWithEnableCapturePhaseSelectiveHydrationWithoutDiscreteEv
entReplay (node_modules/react-dom/cjs/react-dom.development.js:6465:5)
      at dispatchEvent 
(node_modules/react-dom/cjs/react-dom.development.js:6457:5)
      at dispatchDiscreteEvent 
(node_modules/react-dom/cjs/react-dom.development.js:6430:5)
      at HTMLDivElement.callTheUserObjectsOperation 
(node_modules/jsdom/lib/jsdom/living/generated/EventListener.js:26:30)
      at innerInvokeEventListeners 
(node_modules/jsdom/lib/jsdom/living/events/EventTarget-impl.js:350:25)
      at invokeEventListeners 
(node_modules/jsdom/lib/jsdom/living/events/EventTarget-impl.js:286:3)
      at HTMLButtonElementImpl._dispatch 
(node_modules/jsdom/lib/jsdom/living/events/EventTarget-impl.js:233:9)
      at HTMLButtonElementImpl.dispatchEvent 
(node_modules/jsdom/lib/jsdom/living/events/EventTarget-impl.js:104:17)
      at HTMLButtonElement.dispatchEvent 
(node_modules/jsdom/lib/jsdom/living/generated/EventTarget.js:241:34)
      at 
node_modules/@testing-library/user-event/dist/cjs/event/dispatchEvent.js:45:43
      at Object.eventWrapper 
(node_modules/@testing-library/dom/dist/config.js:25:23)
      at Object.wrapEvent 
(node_modules/@testing-library/user-event/dist/cjs/event/wrapEvent.js:6:28)
      at Object.dispatchEvent (node_modules/@testing-library/user-event/dist/cj
s/event/dispatchEvent.js:45:22)
      at Object.dispatchUIEvent (node_modules/@testing-library/user-event/dist/
cjs/event/dispatchEvent.js:22:26)
      at Mouse.up (node_modules/@testing-library/user-event/dist/cjs/system/poi
nter/mouse.js:100:30)
      at PointerHost.release (node_modules/@testing-library/user-event/dist/cjs
/system/pointer/index.js:87:24)
      at pointerAction 
(node_modules/@testing-library/user-event/dist/cjs/pointer/index.js:54:47)
      at Object.pointer 
(node_modules/@testing-library/user-event/dist/cjs/pointer/index.js:27:9)
      at Object.<anonymous> 
(src/binding-authorities/__tests__/binding-authorities.test.tsx:868:9)

    console.error
      Warning: An update to BAViewPage inside a test was not wrapped in 
act(...).
      
      When testing, code that causes React state updates should be wrapped 
into act(...):
      
      act(() => {
        /* fire events that update state */
      });
      /* assert on the output */
      
      This ensures that you're testing the behavior the user would see in the 
browser. Learn more at https://reactjs.org/link/wrap-tests-with-act
          at BAViewPage (C:\Users\samhe\OneDrive\Desktop\Cleaned\frontend\src\b
inding-authorities\BAViewPage\BAViewPage.tsx:104:29)
          at routeContext (C:\Users\samhe\OneDrive\Desktop\Cleaned\frontend\nod
e_modules\react-router\lib\hooks.tsx:658:26)
          at children (C:\Users\samhe\OneDrive\Desktop\Cleaned\frontend\node_mo
dules\react-router\lib\components.tsx:512:3)
          at basenameProp (C:\Users\samhe\OneDrive\Desktop\Cleaned\frontend\nod
e_modules\react-router\lib\components.tsx:421:13)
          at basename (C:\Users\samhe\OneDrive\Desktop\Cleaned\frontend\node_mo
dules\react-router\lib\components.tsx:225:3)

      461 |                         onClick={() => {
      462 |                             setSections((prev) => 
[createDraftSection(nextTempSectionId, 
getNextDraftSectionReference(ba?.reference, prev)), ...prev])
    > 463 |                             setNextTempSectionId((prev) => prev - 
1)
          |                             ^
      464 |                         }}
      465 |                     >
      466 |                         <FiPlus size={14} />

      at printWarning 
(node_modules/react-dom/cjs/react-dom.development.js:86:30)
      at error (node_modules/react-dom/cjs/react-dom.development.js:60:7)
      at warnIfUpdatesNotWrappedWithActDEV 
(node_modules/react-dom/cjs/react-dom.development.js:27628:9)
      at scheduleUpdateOnFiber 
(node_modules/react-dom/cjs/react-dom.development.js:25547:5)
      at dispatchSetState 
(node_modules/react-dom/cjs/react-dom.development.js:16708:7)
      at onClick (src/binding-authorities/BAViewPage/BAViewPage.tsx:463:29)
      at HTMLUnknownElement.callCallback 
(node_modules/react-dom/cjs/react-dom.development.js:4164:14)
      at HTMLUnknownElement.callTheUserObjectsOperation 
(node_modules/jsdom/lib/jsdom/living/generated/EventListener.js:26:30)
      at innerInvokeEventListeners 
(node_modules/jsdom/lib/jsdom/living/events/EventTarget-impl.js:350:25)
      at invokeEventListeners 
(node_modules/jsdom/lib/jsdom/living/events/EventTarget-impl.js:286:3)
      at HTMLUnknownElementImpl._dispatch 
(node_modules/jsdom/lib/jsdom/living/events/EventTarget-impl.js:233:9)
      at HTMLUnknownElementImpl.dispatchEvent 
(node_modules/jsdom/lib/jsdom/living/events/EventTarget-impl.js:104:17)
      at HTMLUnknownElement.dispatchEvent 
(node_modules/jsdom/lib/jsdom/living/generated/EventTarget.js:241:34)
      at Object.invokeGuardedCallbackDev 
(node_modules/react-dom/cjs/react-dom.development.js:4213:16)
      at invokeGuardedCallback 
(node_modules/react-dom/cjs/react-dom.development.js:4277:31)
      at invokeGuardedCallbackAndCatchFirstError 
(node_modules/react-dom/cjs/react-dom.development.js:4291:25)
      at executeDispatch 
(node_modules/react-dom/cjs/react-dom.development.js:9041:3)
      at processDispatchQueueItemsInOrder 
(node_modules/react-dom/cjs/react-dom.development.js:9073:7)
      at processDispatchQueue 
(node_modules/react-dom/cjs/react-dom.development.js:9086:5)
      at dispatchEventsForPlugins 
(node_modules/react-dom/cjs/react-dom.development.js:9097:3)
      at node_modules/react-dom/cjs/react-dom.development.js:9288:12
      at batchedUpdates$1 
(node_modules/react-dom/cjs/react-dom.development.js:26179:12)
      at batchedUpdates 
(node_modules/react-dom/cjs/react-dom.development.js:3991:12)
      at dispatchEventForPluginEventSystem 
(node_modules/react-dom/cjs/react-dom.development.js:9287:3)
      at dispatchEventWithEnableCapturePhaseSelectiveHydrationWithoutDiscreteEv
entReplay (node_modules/react-dom/cjs/react-dom.development.js:6465:5)
      at dispatchEvent 
(node_modules/react-dom/cjs/react-dom.development.js:6457:5)
      at dispatchDiscreteEvent 
(node_modules/react-dom/cjs/react-dom.development.js:6430:5)
      at HTMLDivElement.callTheUserObjectsOperation 
(node_modules/jsdom/lib/jsdom/living/generated/EventListener.js:26:30)
      at innerInvokeEventListeners 
(node_modules/jsdom/lib/jsdom/living/events/EventTarget-impl.js:350:25)
      at invokeEventListeners 
(node_modules/jsdom/lib/jsdom/living/events/EventTarget-impl.js:286:3)
      at HTMLButtonElementImpl._dispatch 
(node_modules/jsdom/lib/jsdom/living/events/EventTarget-impl.js:233:9)
      at HTMLButtonElementImpl.dispatchEvent 
(node_modules/jsdom/lib/jsdom/living/events/EventTarget-impl.js:104:17)
      at HTMLButtonElement.dispatchEvent 
(node_modules/jsdom/lib/jsdom/living/generated/EventTarget.js:241:34)
      at 
node_modules/@testing-library/user-event/dist/cjs/event/dispatchEvent.js:45:43
      at Object.eventWrapper 
(node_modules/@testing-library/dom/dist/config.js:25:23)
      at Object.wrapEvent 
(node_modules/@testing-library/user-event/dist/cjs/event/wrapEvent.js:6:28)
      at Object.dispatchEvent (node_modules/@testing-library/user-event/dist/cj
s/event/dispatchEvent.js:45:22)
      at Object.dispatchUIEvent (node_modules/@testing-library/user-event/dist/
cjs/event/dispatchEvent.js:22:26)
      at Mouse.up (node_modules/@testing-library/user-event/dist/cjs/system/poi
nter/mouse.js:100:30)
      at PointerHost.release (node_modules/@testing-library/user-event/dist/cjs
/system/pointer/index.js:87:24)
      at pointerAction 
(node_modules/@testing-library/user-event/dist/cjs/pointer/index.js:54:47)
      at Object.pointer 
(node_modules/@testing-library/user-event/dist/cjs/pointer/index.js:27:9)
      at Object.<anonymous> 
(src/binding-authorities/__tests__/binding-authorities.test.tsx:868:9)

    console.error
      Warning: An update to BAViewPage inside a test was not wrapped in 
act(...).
      
      When testing, code that causes React state updates should be wrapped 
into act(...):
      
      act(() => {
        /* fire events that update state */
      });
      /* assert on the output */
      
      This ensures that you're testing the behavior the user would see in the 
browser. Learn more at https://reactjs.org/link/wrap-tests-with-act
          at BAViewPage (C:\Users\samhe\OneDrive\Desktop\Cleaned\frontend\src\b
inding-authorities\BAViewPage\BAViewPage.tsx:104:29)
          at routeContext (C:\Users\samhe\OneDrive\Desktop\Cleaned\frontend\nod
e_modules\react-router\lib\hooks.tsx:658:26)
          at children (C:\Users\samhe\OneDrive\Desktop\Cleaned\frontend\node_mo
dules\react-router\lib\components.tsx:512:3)
          at basenameProp (C:\Users\samhe\OneDrive\Desktop\Cleaned\frontend\nod
e_modules\react-router\lib\components.tsx:421:13)
          at basename (C:\Users\samhe\OneDrive\Desktop\Cleaned\frontend\node_mo
dules\react-router\lib\components.tsx:225:3)

      1002 |                                 key={tab.key}
      1003 |                                 type="button"
    > 1004 |                                 onClick={() => 
setActiveTab(tab.key)}
           |                                                ^
      1005 |                                 className={`px-4 py-2 text-sm 
font-medium whitespace-nowrap border-b-2 ${activeTab === tab.key
      1006 |                                     ? 'border-brand-600 
text-brand-600'
      1007 |                                     : 'border-transparent 
text-gray-500 hover:text-gray-700'}`}

      at printWarning 
(node_modules/react-dom/cjs/react-dom.development.js:86:30)
      at error (node_modules/react-dom/cjs/react-dom.development.js:60:7)
      at warnIfUpdatesNotWrappedWithActDEV 
(node_modules/react-dom/cjs/react-dom.development.js:27628:9)
      at scheduleUpdateOnFiber 
(node_modules/react-dom/cjs/react-dom.development.js:25547:5)
      at dispatchSetState 
(node_modules/react-dom/cjs/react-dom.development.js:16708:7)
      at onClick (src/binding-authorities/BAViewPage/BAViewPage.tsx:1004:48)
      at HTMLUnknownElement.callCallback 
(node_modules/react-dom/cjs/react-dom.development.js:4164:14)
      at HTMLUnknownElement.callTheUserObjectsOperation 
(node_modules/jsdom/lib/jsdom/living/generated/EventListener.js:26:30)
      at innerInvokeEventListeners 
(node_modules/jsdom/lib/jsdom/living/events/EventTarget-impl.js:350:25)
      at invokeEventListeners 
(node_modules/jsdom/lib/jsdom/living/events/EventTarget-impl.js:286:3)
      at HTMLUnknownElementImpl._dispatch 
(node_modules/jsdom/lib/jsdom/living/events/EventTarget-impl.js:233:9)
      at HTMLUnknownElementImpl.dispatchEvent 
(node_modules/jsdom/lib/jsdom/living/events/EventTarget-impl.js:104:17)
      at HTMLUnknownElement.dispatchEvent 
(node_modules/jsdom/lib/jsdom/living/generated/EventTarget.js:241:34)
      at Object.invokeGuardedCallbackDev 
(node_modules/react-dom/cjs/react-dom.development.js:4213:16)
      at invokeGuardedCallback 
(node_modules/react-dom/cjs/react-dom.development.js:4277:31)
      at invokeGuardedCallbackAndCatchFirstError 
(node_modules/react-dom/cjs/react-dom.development.js:4291:25)
      at executeDispatch 
(node_modules/react-dom/cjs/react-dom.development.js:9041:3)
      at processDispatchQueueItemsInOrder 
(node_modules/react-dom/cjs/react-dom.development.js:9073:7)
      at processDispatchQueue 
(node_modules/react-dom/cjs/react-dom.development.js:9086:5)
      at dispatchEventsForPlugins 
(node_modules/react-dom/cjs/react-dom.development.js:9097:3)
      at node_modules/react-dom/cjs/react-dom.development.js:9288:12
      at batchedUpdates$1 
(node_modules/react-dom/cjs/react-dom.development.js:26179:12)
      at batchedUpdates 
(node_modules/react-dom/cjs/react-dom.development.js:3991:12)
      at dispatchEventForPluginEventSystem 
(node_modules/react-dom/cjs/react-dom.development.js:9287:3)
      at dispatchEventWithEnableCapturePhaseSelectiveHydrationWithoutDiscreteEv
entReplay (node_modules/react-dom/cjs/react-dom.development.js:6465:5)
      at dispatchEvent 
(node_modules/react-dom/cjs/react-dom.development.js:6457:5)
      at dispatchDiscreteEvent 
(node_modules/react-dom/cjs/react-dom.development.js:6430:5)
      at HTMLDivElement.callTheUserObjectsOperation 
(node_modules/jsdom/lib/jsdom/living/generated/EventListener.js:26:30)
      at innerInvokeEventListeners 
(node_modules/jsdom/lib/jsdom/living/events/EventTarget-impl.js:350:25)
      at invokeEventListeners 
(node_modules/jsdom/lib/jsdom/living/events/EventTarget-impl.js:286:3)
      at HTMLButtonElementImpl._dispatch 
(node_modules/jsdom/lib/jsdom/living/events/EventTarget-impl.js:233:9)
      at HTMLButtonElementImpl.dispatchEvent 
(node_modules/jsdom/lib/jsdom/living/events/EventTarget-impl.js:104:17)
      at HTMLButtonElement.dispatchEvent 
(node_modules/jsdom/lib/jsdom/living/generated/EventTarget.js:241:34)
      at 
node_modules/@testing-library/user-event/dist/cjs/event/dispatchEvent.js:45:43
      at Object.eventWrapper 
(node_modules/@testing-library/dom/dist/config.js:25:23)
      at Object.wrapEvent 
(node_modules/@testing-library/user-event/dist/cjs/event/wrapEvent.js:6:28)
      at Object.dispatchEvent (node_modules/@testing-library/user-event/dist/cj
s/event/dispatchEvent.js:45:22)
      at Object.dispatchUIEvent (node_modules/@testing-library/user-event/dist/
cjs/event/dispatchEvent.js:22:26)
      at Mouse.up (node_modules/@testing-library/user-event/dist/cjs/system/poi
nter/mouse.js:100:30)
      at PointerHost.release (node_modules/@testing-library/user-event/dist/cjs
/system/pointer/index.js:87:24)
      at pointerAction 
(node_modules/@testing-library/user-event/dist/cjs/pointer/index.js:54:47)
      at Object.pointer 
(node_modules/@testing-library/user-event/dist/cjs/pointer/index.js:27:9)
      at Object.<anonymous> 
(src/binding-authorities/__tests__/binding-authorities.test.tsx:898:9)

    console.error
      Warning: An update to BAViewPage inside a test was not wrapped in 
act(...).
      
      When testing, code that causes React state updates should be wrapped 
into act(...):
      
      act(() => {
        /* fire events that update state */
      });
      /* assert on the output */
      
      This ensures that you're testing the behavior the user would see in the 
browser. Learn more at https://reactjs.org/link/wrap-tests-with-act
          at BAViewPage (C:\Users\samhe\OneDrive\Desktop\Cleaned\frontend\src\b
inding-authorities\BAViewPage\BAViewPage.tsx:104:29)
          at routeContext (C:\Users\samhe\OneDrive\Desktop\Cleaned\frontend\nod
e_modules\react-router\lib\hooks.tsx:658:26)
          at children (C:\Users\samhe\OneDrive\Desktop\Cleaned\frontend\node_mo
dules\react-router\lib\components.tsx:512:3)
          at basenameProp (C:\Users\samhe\OneDrive\Desktop\Cleaned\frontend\nod
e_modules\react-router\lib\components.tsx:421:13)
          at basename (C:\Users\samhe\OneDrive\Desktop\Cleaned\frontend\node_mo
dules\react-router\lib\components.tsx:225:3)

      1002 |                                 key={tab.key}
      1003 |                                 type="button"
    > 1004 |                                 onClick={() => 
setActiveTab(tab.key)}
           |                                                ^
      1005 |                                 className={`px-4 py-2 text-sm 
font-medium whitespace-nowrap border-b-2 ${activeTab === tab.key
      1006 |                                     ? 'border-brand-600 
text-brand-600'
      1007 |                                     : 'border-transparent 
text-gray-500 hover:text-gray-700'}`}

      at printWarning 
(node_modules/react-dom/cjs/react-dom.development.js:86:30)
      at error (node_modules/react-dom/cjs/react-dom.development.js:60:7)
      at warnIfUpdatesNotWrappedWithActDEV 
(node_modules/react-dom/cjs/react-dom.development.js:27628:9)
      at scheduleUpdateOnFiber 
(node_modules/react-dom/cjs/react-dom.development.js:25547:5)
      at dispatchSetState 
(node_modules/react-dom/cjs/react-dom.development.js:16708:7)
      at onClick (src/binding-authorities/BAViewPage/BAViewPage.tsx:1004:48)
      at HTMLUnknownElement.callCallback 
(node_modules/react-dom/cjs/react-dom.development.js:4164:14)
      at HTMLUnknownElement.callTheUserObjectsOperation 
(node_modules/jsdom/lib/jsdom/living/generated/EventListener.js:26:30)
      at innerInvokeEventListeners 
(node_modules/jsdom/lib/jsdom/living/events/EventTarget-impl.js:350:25)
      at invokeEventListeners 
(node_modules/jsdom/lib/jsdom/living/events/EventTarget-impl.js:286:3)
      at HTMLUnknownElementImpl._dispatch 
(node_modules/jsdom/lib/jsdom/living/events/EventTarget-impl.js:233:9)
      at HTMLUnknownElementImpl.dispatchEvent 
(node_modules/jsdom/lib/jsdom/living/events/EventTarget-impl.js:104:17)
      at HTMLUnknownElement.dispatchEvent 
(node_modules/jsdom/lib/jsdom/living/generated/EventTarget.js:241:34)
      at Object.invokeGuardedCallbackDev 
(node_modules/react-dom/cjs/react-dom.development.js:4213:16)
      at invokeGuardedCallback 
(node_modules/react-dom/cjs/react-dom.development.js:4277:31)
      at invokeGuardedCallbackAndCatchFirstError 
(node_modules/react-dom/cjs/react-dom.development.js:4291:25)
      at executeDispatch 
(node_modules/react-dom/cjs/react-dom.development.js:9041:3)
      at processDispatchQueueItemsInOrder 
(node_modules/react-dom/cjs/react-dom.development.js:9073:7)
      at processDispatchQueue 
(node_modules/react-dom/cjs/react-dom.development.js:9086:5)
      at dispatchEventsForPlugins 
(node_modules/react-dom/cjs/react-dom.development.js:9097:3)
      at node_modules/react-dom/cjs/react-dom.development.js:9288:12
      at batchedUpdates$1 
(node_modules/react-dom/cjs/react-dom.development.js:26179:12)
      at batchedUpdates 
(node_modules/react-dom/cjs/react-dom.development.js:3991:12)
      at dispatchEventForPluginEventSystem 
(node_modules/react-dom/cjs/react-dom.development.js:9287:3)
      at dispatchEventWithEnableCapturePhaseSelectiveHydrationWithoutDiscreteEv
entReplay (node_modules/react-dom/cjs/react-dom.development.js:6465:5)
      at dispatchEvent 
(node_modules/react-dom/cjs/react-dom.development.js:6457:5)
      at dispatchDiscreteEvent 
(node_modules/react-dom/cjs/react-dom.development.js:6430:5)
      at HTMLDivElement.callTheUserObjectsOperation 
(node_modules/jsdom/lib/jsdom/living/generated/EventListener.js:26:30)
      at innerInvokeEventListeners 
(node_modules/jsdom/lib/jsdom/living/events/EventTarget-impl.js:350:25)
      at invokeEventListeners 
(node_modules/jsdom/lib/jsdom/living/events/EventTarget-impl.js:286:3)
      at HTMLButtonElementImpl._dispatch 
(node_modules/jsdom/lib/jsdom/living/events/EventTarget-impl.js:233:9)
      at HTMLButtonElementImpl.dispatchEvent 
(node_modules/jsdom/lib/jsdom/living/events/EventTarget-impl.js:104:17)
      at HTMLButtonElement.dispatchEvent 
(node_modules/jsdom/lib/jsdom/living/generated/EventTarget.js:241:34)
      at 
node_modules/@testing-library/user-event/dist/cjs/event/dispatchEvent.js:45:43
      at Object.eventWrapper 
(node_modules/@testing-library/dom/dist/config.js:25:23)
      at Object.wrapEvent 
(node_modules/@testing-library/user-event/dist/cjs/event/wrapEvent.js:6:28)
      at Object.dispatchEvent (node_modules/@testing-library/user-event/dist/cj
s/event/dispatchEvent.js:45:22)
      at Object.dispatchUIEvent (node_modules/@testing-library/user-event/dist/
cjs/event/dispatchEvent.js:22:26)
      at Mouse.up (node_modules/@testing-library/user-event/dist/cjs/system/poi
nter/mouse.js:100:30)
      at PointerHost.release (node_modules/@testing-library/user-event/dist/cjs
/system/pointer/index.js:87:24)
      at pointerAction 
(node_modules/@testing-library/user-event/dist/cjs/pointer/index.js:54:47)
      at Object.pointer 
(node_modules/@testing-library/user-event/dist/cjs/pointer/index.js:27:9)
      at Object.<anonymous> 
(src/binding-authorities/__tests__/binding-authorities.test.tsx:906:9)

    console.error
      Warning: An update to BAViewPage inside a test was not wrapped in 
act(...).
      
      When testing, code that causes React state updates should be wrapped 
into act(...):
      
      act(() => {
        /* fire events that update state */
      });
      /* assert on the output */
      
      This ensures that you're testing the behavior the user would see in the 
browser. Learn more at https://reactjs.org/link/wrap-tests-with-act
          at BAViewPage (C:\Users\samhe\OneDrive\Desktop\Cleaned\frontend\src\b
inding-authorities\BAViewPage\BAViewPage.tsx:104:29)
          at routeContext (C:\Users\samhe\OneDrive\Desktop\Cleaned\frontend\nod
e_modules\react-router\lib\hooks.tsx:658:26)
          at children (C:\Users\samhe\OneDrive\Desktop\Cleaned\frontend\node_mo
dules\react-router\lib\components.tsx:512:3)
          at basenameProp (C:\Users\samhe\OneDrive\Desktop\Cleaned\frontend\nod
e_modules\react-router\lib\components.tsx:421:13)
          at basename (C:\Users\samhe\OneDrive\Desktop\Cleaned\frontend\node_mo
dules\react-router\lib\components.tsx:225:3)

      1002 |                                 key={tab.key}
      1003 |                                 type="button"
    > 1004 |                                 onClick={() => 
setActiveTab(tab.key)}
           |                                                ^
      1005 |                                 className={`px-4 py-2 text-sm 
font-medium whitespace-nowrap border-b-2 ${activeTab === tab.key
      1006 |                                     ? 'border-brand-600 
text-brand-600'
      1007 |                                     : 'border-transparent 
text-gray-500 hover:text-gray-700'}`}

      at printWarning 
(node_modules/react-dom/cjs/react-dom.development.js:86:30)
      at error (node_modules/react-dom/cjs/react-dom.development.js:60:7)
      at warnIfUpdatesNotWrappedWithActDEV 
(node_modules/react-dom/cjs/react-dom.development.js:27628:9)
      at scheduleUpdateOnFiber 
(node_modules/react-dom/cjs/react-dom.development.js:25547:5)
      at dispatchSetState 
(node_modules/react-dom/cjs/react-dom.development.js:16708:7)
      at onClick (src/binding-authorities/BAViewPage/BAViewPage.tsx:1004:48)
      at HTMLUnknownElement.callCallback 
(node_modules/react-dom/cjs/react-dom.development.js:4164:14)
      at HTMLUnknownElement.callTheUserObjectsOperation 
(node_modules/jsdom/lib/jsdom/living/generated/EventListener.js:26:30)
      at innerInvokeEventListeners 
(node_modules/jsdom/lib/jsdom/living/events/EventTarget-impl.js:350:25)
      at invokeEventListeners 
(node_modules/jsdom/lib/jsdom/living/events/EventTarget-impl.js:286:3)
      at HTMLUnknownElementImpl._dispatch 
(node_modules/jsdom/lib/jsdom/living/events/EventTarget-impl.js:233:9)
      at HTMLUnknownElementImpl.dispatchEvent 
(node_modules/jsdom/lib/jsdom/living/events/EventTarget-impl.js:104:17)
      at HTMLUnknownElement.dispatchEvent 
(node_modules/jsdom/lib/jsdom/living/generated/EventTarget.js:241:34)
      at Object.invokeGuardedCallbackDev 
(node_modules/react-dom/cjs/react-dom.development.js:4213:16)
      at invokeGuardedCallback 
(node_modules/react-dom/cjs/react-dom.development.js:4277:31)
      at invokeGuardedCallbackAndCatchFirstError 
(node_modules/react-dom/cjs/react-dom.development.js:4291:25)
      at executeDispatch 
(node_modules/react-dom/cjs/react-dom.development.js:9041:3)
      at processDispatchQueueItemsInOrder 
(node_modules/react-dom/cjs/react-dom.development.js:9073:7)
      at processDispatchQueue 
(node_modules/react-dom/cjs/react-dom.development.js:9086:5)
      at dispatchEventsForPlugins 
(node_modules/react-dom/cjs/react-dom.development.js:9097:3)
      at node_modules/react-dom/cjs/react-dom.development.js:9288:12
      at batchedUpdates$1 
(node_modules/react-dom/cjs/react-dom.development.js:26179:12)
      at batchedUpdates 
(node_modules/react-dom/cjs/react-dom.development.js:3991:12)
      at dispatchEventForPluginEventSystem 
(node_modules/react-dom/cjs/react-dom.development.js:9287:3)
      at dispatchEventWithEnableCapturePhaseSelectiveHydrationWithoutDiscreteEv
entReplay (node_modules/react-dom/cjs/react-dom.development.js:6465:5)
      at dispatchEvent 
(node_modules/react-dom/cjs/react-dom.development.js:6457:5)
      at dispatchDiscreteEvent 
(node_modules/react-dom/cjs/react-dom.development.js:6430:5)
      at HTMLDivElement.callTheUserObjectsOperation 
(node_modules/jsdom/lib/jsdom/living/generated/EventListener.js:26:30)
      at innerInvokeEventListeners 
(node_modules/jsdom/lib/jsdom/living/events/EventTarget-impl.js:350:25)
      at invokeEventListeners 
(node_modules/jsdom/lib/jsdom/living/events/EventTarget-impl.js:286:3)
      at HTMLButtonElementImpl._dispatch 
(node_modules/jsdom/lib/jsdom/living/events/EventTarget-impl.js:233:9)
      at HTMLButtonElementImpl.dispatchEvent 
(node_modules/jsdom/lib/jsdom/living/events/EventTarget-impl.js:104:17)
      at HTMLButtonElement.dispatchEvent 
(node_modules/jsdom/lib/jsdom/living/generated/EventTarget.js:241:34)
      at 
node_modules/@testing-library/user-event/dist/cjs/event/dispatchEvent.js:45:43
      at Object.eventWrapper 
(node_modules/@testing-library/dom/dist/config.js:25:23)
      at Object.wrapEvent 
(node_modules/@testing-library/user-event/dist/cjs/event/wrapEvent.js:6:28)
      at Object.dispatchEvent (node_modules/@testing-library/user-event/dist/cj
s/event/dispatchEvent.js:45:22)
      at Object.dispatchUIEvent (node_modules/@testing-library/user-event/dist/
cjs/event/dispatchEvent.js:22:26)
      at Mouse.up (node_modules/@testing-library/user-event/dist/cjs/system/poi
nter/mouse.js:100:30)
      at PointerHost.release (node_modules/@testing-library/user-event/dist/cjs
/system/pointer/index.js:87:24)
      at pointerAction 
(node_modules/@testing-library/user-event/dist/cjs/pointer/index.js:54:47)
      at Object.pointer 
(node_modules/@testing-library/user-event/dist/cjs/pointer/index.js:27:9)
      at Object.<anonymous> 
(src/binding-authorities/__tests__/binding-authorities.test.tsx:914:9)

    console.error
      Warning: An update to BAViewPage inside a test was not wrapped in 
act(...).
      
      When testing, code that causes React state updates should be wrapped 
into act(...):
      
      act(() => {
        /* fire events that update state */
      });
      /* assert on the output */
      
      This ensures that you're testing the behavior the user would see in the 
browser. Learn more at https://reactjs.org/link/wrap-tests-with-act
          at BAViewPage (C:\Users\samhe\OneDrive\Desktop\Cleaned\frontend\src\b
inding-authorities\BAViewPage\BAViewPage.tsx:104:29)
          at routeContext (C:\Users\samhe\OneDrive\Desktop\Cleaned\frontend\nod
e_modules\react-router\lib\hooks.tsx:658:26)
          at children (C:\Users\samhe\OneDrive\Desktop\Cleaned\frontend\node_mo
dules\react-router\lib\components.tsx:512:3)
          at basenameProp (C:\Users\samhe\OneDrive\Desktop\Cleaned\frontend\nod
e_modules\react-router\lib\components.tsx:421:13)
          at basename (C:\Users\samhe\OneDrive\Desktop\Cleaned\frontend\node_mo
dules\react-router\lib\components.tsx:225:3)

      1002 |                                 key={tab.key}
      1003 |                                 type="button"
    > 1004 |                                 onClick={() => 
setActiveTab(tab.key)}
           |                                                ^
      1005 |                                 className={`px-4 py-2 text-sm 
font-medium whitespace-nowrap border-b-2 ${activeTab === tab.key
      1006 |                                     ? 'border-brand-600 
text-brand-600'
      1007 |                                     : 'border-transparent 
text-gray-500 hover:text-gray-700'}`}

      at printWarning 
(node_modules/react-dom/cjs/react-dom.development.js:86:30)
      at error (node_modules/react-dom/cjs/react-dom.development.js:60:7)
      at warnIfUpdatesNotWrappedWithActDEV 
(node_modules/react-dom/cjs/react-dom.development.js:27628:9)
      at scheduleUpdateOnFiber 
(node_modules/react-dom/cjs/react-dom.development.js:25547:5)
      at dispatchSetState 
(node_modules/react-dom/cjs/react-dom.development.js:16708:7)
      at onClick (src/binding-authorities/BAViewPage/BAViewPage.tsx:1004:48)
      at HTMLUnknownElement.callCallback 
(node_modules/react-dom/cjs/react-dom.development.js:4164:14)
      at HTMLUnknownElement.callTheUserObjectsOperation 
(node_modules/jsdom/lib/jsdom/living/generated/EventListener.js:26:30)
      at innerInvokeEventListeners 
(node_modules/jsdom/lib/jsdom/living/events/EventTarget-impl.js:350:25)
      at invokeEventListeners 
(node_modules/jsdom/lib/jsdom/living/events/EventTarget-impl.js:286:3)
      at HTMLUnknownElementImpl._dispatch 
(node_modules/jsdom/lib/jsdom/living/events/EventTarget-impl.js:233:9)
      at HTMLUnknownElementImpl.dispatchEvent 
(node_modules/jsdom/lib/jsdom/living/events/EventTarget-impl.js:104:17)
      at HTMLUnknownElement.dispatchEvent 
(node_modules/jsdom/lib/jsdom/living/generated/EventTarget.js:241:34)
      at Object.invokeGuardedCallbackDev 
(node_modules/react-dom/cjs/react-dom.development.js:4213:16)
      at invokeGuardedCallback 
(node_modules/react-dom/cjs/react-dom.development.js:4277:31)
      at invokeGuardedCallbackAndCatchFirstError 
(node_modules/react-dom/cjs/react-dom.development.js:4291:25)
      at executeDispatch 
(node_modules/react-dom/cjs/react-dom.development.js:9041:3)
      at processDispatchQueueItemsInOrder 
(node_modules/react-dom/cjs/react-dom.development.js:9073:7)
      at processDispatchQueue 
(node_modules/react-dom/cjs/react-dom.development.js:9086:5)
      at dispatchEventsForPlugins 
(node_modules/react-dom/cjs/react-dom.development.js:9097:3)
      at node_modules/react-dom/cjs/react-dom.development.js:9288:12
      at batchedUpdates$1 
(node_modules/react-dom/cjs/react-dom.development.js:26179:12)
      at batchedUpdates 
(node_modules/react-dom/cjs/react-dom.development.js:3991:12)
      at dispatchEventForPluginEventSystem 
(node_modules/react-dom/cjs/react-dom.development.js:9287:3)
      at dispatchEventWithEnableCapturePhaseSelectiveHydrationWithoutDiscreteEv
entReplay (node_modules/react-dom/cjs/react-dom.development.js:6465:5)
      at dispatchEvent 
(node_modules/react-dom/cjs/react-dom.development.js:6457:5)
      at dispatchDiscreteEvent 
(node_modules/react-dom/cjs/react-dom.development.js:6430:5)
      at HTMLDivElement.callTheUserObjectsOperation 
(node_modules/jsdom/lib/jsdom/living/generated/EventListener.js:26:30)
      at innerInvokeEventListeners 
(node_modules/jsdom/lib/jsdom/living/events/EventTarget-impl.js:350:25)
      at invokeEventListeners 
(node_modules/jsdom/lib/jsdom/living/events/EventTarget-impl.js:286:3)
      at HTMLButtonElementImpl._dispatch 
(node_modules/jsdom/lib/jsdom/living/events/EventTarget-impl.js:233:9)
      at HTMLButtonElementImpl.dispatchEvent 
(node_modules/jsdom/lib/jsdom/living/events/EventTarget-impl.js:104:17)
      at HTMLButtonElement.dispatchEvent 
(node_modules/jsdom/lib/jsdom/living/generated/EventTarget.js:241:34)
      at 
node_modules/@testing-library/user-event/dist/cjs/event/dispatchEvent.js:45:43
      at Object.eventWrapper 
(node_modules/@testing-library/dom/dist/config.js:25:23)
      at Object.wrapEvent 
(node_modules/@testing-library/user-event/dist/cjs/event/wrapEvent.js:6:28)
      at Object.dispatchEvent (node_modules/@testing-library/user-event/dist/cj
s/event/dispatchEvent.js:45:22)
      at Object.dispatchUIEvent (node_modules/@testing-library/user-event/dist/
cjs/event/dispatchEvent.js:22:26)
      at Mouse.up (node_modules/@testing-library/user-event/dist/cjs/system/poi
nter/mouse.js:100:30)
      at PointerHost.release (node_modules/@testing-library/user-event/dist/cjs
/system/pointer/index.js:87:24)
      at pointerAction 
(node_modules/@testing-library/user-event/dist/cjs/pointer/index.js:54:47)
      at Object.pointer 
(node_modules/@testing-library/user-event/dist/cjs/pointer/index.js:27:9)
      at Object.<anonymous> 
(src/binding-authorities/__tests__/binding-authorities.test.tsx:946:9)

    console.error
      Warning: An update to BAViewPage inside a test was not wrapped in 
act(...).
      
      When testing, code that causes React state updates should be wrapped 
into act(...):
      
      act(() => {
        /* fire events that update state */
      });
      /* assert on the output */
      
      This ensures that you're testing the behavior the user would see in the 
browser. Learn more at https://reactjs.org/link/wrap-tests-with-act
          at BAViewPage (C:\Users\samhe\OneDrive\Desktop\Cleaned\frontend\src\b
inding-authorities\BAViewPage\BAViewPage.tsx:104:29)
          at routeContext (C:\Users\samhe\OneDrive\Desktop\Cleaned\frontend\nod
e_modules\react-router\lib\hooks.tsx:658:26)
          at children (C:\Users\samhe\OneDrive\Desktop\Cleaned\frontend\node_mo
dules\react-router\lib\components.tsx:512:3)
          at basenameProp (C:\Users\samhe\OneDrive\Desktop\Cleaned\frontend\nod
e_modules\react-router\lib\components.tsx:421:13)
          at basename (C:\Users\samhe\OneDrive\Desktop\Cleaned\frontend\node_mo
dules\react-router\lib\components.tsx:225:3)

      1002 |                                 key={tab.key}
      1003 |                                 type="button"
    > 1004 |                                 onClick={() => 
setActiveTab(tab.key)}
           |                                                ^
      1005 |                                 className={`px-4 py-2 text-sm 
font-medium whitespace-nowrap border-b-2 ${activeTab === tab.key
      1006 |                                     ? 'border-brand-600 
text-brand-600'
      1007 |                                     : 'border-transparent 
text-gray-500 hover:text-gray-700'}`}

      at printWarning 
(node_modules/react-dom/cjs/react-dom.development.js:86:30)
      at error (node_modules/react-dom/cjs/react-dom.development.js:60:7)
      at warnIfUpdatesNotWrappedWithActDEV 
(node_modules/react-dom/cjs/react-dom.development.js:27628:9)
      at scheduleUpdateOnFiber 
(node_modules/react-dom/cjs/react-dom.development.js:25547:5)
      at dispatchSetState 
(node_modules/react-dom/cjs/react-dom.development.js:16708:7)
      at onClick (src/binding-authorities/BAViewPage/BAViewPage.tsx:1004:48)
      at HTMLUnknownElement.callCallback 
(node_modules/react-dom/cjs/react-dom.development.js:4164:14)
      at HTMLUnknownElement.callTheUserObjectsOperation 
(node_modules/jsdom/lib/jsdom/living/generated/EventListener.js:26:30)
      at innerInvokeEventListeners 
(node_modules/jsdom/lib/jsdom/living/events/EventTarget-impl.js:350:25)
      at invokeEventListeners 
(node_modules/jsdom/lib/jsdom/living/events/EventTarget-impl.js:286:3)
      at HTMLUnknownElementImpl._dispatch 
(node_modules/jsdom/lib/jsdom/living/events/EventTarget-impl.js:233:9)
      at HTMLUnknownElementImpl.dispatchEvent 
(node_modules/jsdom/lib/jsdom/living/events/EventTarget-impl.js:104:17)
      at HTMLUnknownElement.dispatchEvent 
(node_modules/jsdom/lib/jsdom/living/generated/EventTarget.js:241:34)
      at Object.invokeGuardedCallbackDev 
(node_modules/react-dom/cjs/react-dom.development.js:4213:16)
      at invokeGuardedCallback 
(node_modules/react-dom/cjs/react-dom.development.js:4277:31)
      at invokeGuardedCallbackAndCatchFirstError 
(node_modules/react-dom/cjs/react-dom.development.js:4291:25)
      at executeDispatch 
(node_modules/react-dom/cjs/react-dom.development.js:9041:3)
      at processDispatchQueueItemsInOrder 
(node_modules/react-dom/cjs/react-dom.development.js:9073:7)
      at processDispatchQueue 
(node_modules/react-dom/cjs/react-dom.development.js:9086:5)
      at dispatchEventsForPlugins 
(node_modules/react-dom/cjs/react-dom.development.js:9097:3)
      at node_modules/react-dom/cjs/react-dom.development.js:9288:12
      at batchedUpdates$1 
(node_modules/react-dom/cjs/react-dom.development.js:26179:12)
      at batchedUpdates 
(node_modules/react-dom/cjs/react-dom.development.js:3991:12)
      at dispatchEventForPluginEventSystem 
(node_modules/react-dom/cjs/react-dom.development.js:9287:3)
      at dispatchEventWithEnableCapturePhaseSelectiveHydrationWithoutDiscreteEv
entReplay (node_modules/react-dom/cjs/react-dom.development.js:6465:5)
      at dispatchEvent 
(node_modules/react-dom/cjs/react-dom.development.js:6457:5)
      at dispatchDiscreteEvent 
(node_modules/react-dom/cjs/react-dom.development.js:6430:5)
      at HTMLDivElement.callTheUserObjectsOperation 
(node_modules/jsdom/lib/jsdom/living/generated/EventListener.js:26:30)
      at innerInvokeEventListeners 
(node_modules/jsdom/lib/jsdom/living/events/EventTarget-impl.js:350:25)
      at invokeEventListeners 
(node_modules/jsdom/lib/jsdom/living/events/EventTarget-impl.js:286:3)
      at HTMLButtonElementImpl._dispatch 
(node_modules/jsdom/lib/jsdom/living/events/EventTarget-impl.js:233:9)
      at HTMLButtonElementImpl.dispatchEvent 
(node_modules/jsdom/lib/jsdom/living/events/EventTarget-impl.js:104:17)
      at HTMLButtonElement.dispatchEvent 
(node_modules/jsdom/lib/jsdom/living/generated/EventTarget.js:241:34)
      at 
node_modules/@testing-library/user-event/dist/cjs/event/dispatchEvent.js:45:43
      at Object.eventWrapper 
(node_modules/@testing-library/dom/dist/config.js:25:23)
      at Object.wrapEvent 
(node_modules/@testing-library/user-event/dist/cjs/event/wrapEvent.js:6:28)
      at Object.dispatchEvent (node_modules/@testing-library/user-event/dist/cj
s/event/dispatchEvent.js:45:22)
      at Object.dispatchUIEvent (node_modules/@testing-library/user-event/dist/
cjs/event/dispatchEvent.js:22:26)
      at Mouse.up (node_modules/@testing-library/user-event/dist/cjs/system/poi
nter/mouse.js:100:30)
      at PointerHost.release (node_modules/@testing-library/user-event/dist/cjs
/system/pointer/index.js:87:24)
      at pointerAction 
(node_modules/@testing-library/user-event/dist/cjs/pointer/index.js:54:47)
      at Object.pointer 
(node_modules/@testing-library/user-event/dist/cjs/pointer/index.js:27:9)
      at Object.<anonymous> 
(src/binding-authorities/__tests__/binding-authorities.test.tsx:957:9)

    console.error
      Warning: An update to BAViewPage inside a test was not wrapped in 
act(...).
      
      When testing, code that causes React state updates should be wrapped 
into act(...):
      
      act(() => {
        /* fire events that update state */
      });
      /* assert on the output */
      
      This ensures that you're testing the behavior the user would see in the 
browser. Learn more at https://reactjs.org/link/wrap-tests-with-act
          at BAViewPage (C:\Users\samhe\OneDrive\Desktop\Cleaned\frontend\src\b
inding-authorities\BAViewPage\BAViewPage.tsx:104:29)
          at routeContext (C:\Users\samhe\OneDrive\Desktop\Cleaned\frontend\nod
e_modules\react-router\lib\hooks.tsx:658:26)
          at children (C:\Users\samhe\OneDrive\Desktop\Cleaned\frontend\node_mo
dules\react-router\lib\components.tsx:512:3)
          at basenameProp (C:\Users\samhe\OneDrive\Desktop\Cleaned\frontend\nod
e_modules\react-router\lib\components.tsx:421:13)
          at basename (C:\Users\samhe\OneDrive\Desktop\Cleaned\frontend\node_mo
dules\react-router\lib\components.tsx:225:3)

      1002 |                                 key={tab.key}
      1003 |                                 type="button"
    > 1004 |                                 onClick={() => 
setActiveTab(tab.key)}
           |                                                ^
      1005 |                                 className={`px-4 py-2 text-sm 
font-medium whitespace-nowrap border-b-2 ${activeTab === tab.key
      1006 |                                     ? 'border-brand-600 
text-brand-600'
      1007 |                                     : 'border-transparent 
text-gray-500 hover:text-gray-700'}`}

      at printWarning 
(node_modules/react-dom/cjs/react-dom.development.js:86:30)
      at error (node_modules/react-dom/cjs/react-dom.development.js:60:7)
      at warnIfUpdatesNotWrappedWithActDEV 
(node_modules/react-dom/cjs/react-dom.development.js:27628:9)
      at scheduleUpdateOnFiber 
(node_modules/react-dom/cjs/react-dom.development.js:25547:5)
      at dispatchSetState 
(node_modules/react-dom/cjs/react-dom.development.js:16708:7)
      at onClick (src/binding-authorities/BAViewPage/BAViewPage.tsx:1004:48)
      at HTMLUnknownElement.callCallback 
(node_modules/react-dom/cjs/react-dom.development.js:4164:14)
      at HTMLUnknownElement.callTheUserObjectsOperation 
(node_modules/jsdom/lib/jsdom/living/generated/EventListener.js:26:30)
      at innerInvokeEventListeners 
(node_modules/jsdom/lib/jsdom/living/events/EventTarget-impl.js:350:25)
      at invokeEventListeners 
(node_modules/jsdom/lib/jsdom/living/events/EventTarget-impl.js:286:3)
      at HTMLUnknownElementImpl._dispatch 
(node_modules/jsdom/lib/jsdom/living/events/EventTarget-impl.js:233:9)
      at HTMLUnknownElementImpl.dispatchEvent 
(node_modules/jsdom/lib/jsdom/living/events/EventTarget-impl.js:104:17)
      at HTMLUnknownElement.dispatchEvent 
(node_modules/jsdom/lib/jsdom/living/generated/EventTarget.js:241:34)
      at Object.invokeGuardedCallbackDev 
(node_modules/react-dom/cjs/react-dom.development.js:4213:16)
      at invokeGuardedCallback 
(node_modules/react-dom/cjs/react-dom.development.js:4277:31)
      at invokeGuardedCallbackAndCatchFirstError 
(node_modules/react-dom/cjs/react-dom.development.js:4291:25)
      at executeDispatch 
(node_modules/react-dom/cjs/react-dom.development.js:9041:3)
      at processDispatchQueueItemsInOrder 
(node_modules/react-dom/cjs/react-dom.development.js:9073:7)
      at processDispatchQueue 
(node_modules/react-dom/cjs/react-dom.development.js:9086:5)
      at dispatchEventsForPlugins 
(node_modules/react-dom/cjs/react-dom.development.js:9097:3)
      at node_modules/react-dom/cjs/react-dom.development.js:9288:12
      at batchedUpdates$1 
(node_modules/react-dom/cjs/react-dom.development.js:26179:12)
      at batchedUpdates 
(node_modules/react-dom/cjs/react-dom.development.js:3991:12)
      at dispatchEventForPluginEventSystem 
(node_modules/react-dom/cjs/react-dom.development.js:9287:3)
      at dispatchEventWithEnableCapturePhaseSelectiveHydrationWithoutDiscreteEv
entReplay (node_modules/react-dom/cjs/react-dom.development.js:6465:5)
      at dispatchEvent 
(node_modules/react-dom/cjs/react-dom.development.js:6457:5)
      at dispatchDiscreteEvent 
(node_modules/react-dom/cjs/react-dom.development.js:6430:5)
      at HTMLDivElement.callTheUserObjectsOperation 
(node_modules/jsdom/lib/jsdom/living/generated/EventListener.js:26:30)
      at innerInvokeEventListeners 
(node_modules/jsdom/lib/jsdom/living/events/EventTarget-impl.js:350:25)
      at invokeEventListeners 
(node_modules/jsdom/lib/jsdom/living/events/EventTarget-impl.js:286:3)
      at HTMLButtonElementImpl._dispatch 
(node_modules/jsdom/lib/jsdom/living/events/EventTarget-impl.js:233:9)
      at HTMLButtonElementImpl.dispatchEvent 
(node_modules/jsdom/lib/jsdom/living/events/EventTarget-impl.js:104:17)
      at HTMLButtonElement.dispatchEvent 
(node_modules/jsdom/lib/jsdom/living/generated/EventTarget.js:241:34)
      at 
node_modules/@testing-library/user-event/dist/cjs/event/dispatchEvent.js:45:43
      at Object.eventWrapper 
(node_modules/@testing-library/dom/dist/config.js:25:23)
      at Object.wrapEvent 
(node_modules/@testing-library/user-event/dist/cjs/event/wrapEvent.js:6:28)
      at Object.dispatchEvent (node_modules/@testing-library/user-event/dist/cj
s/event/dispatchEvent.js:45:22)
      at Object.dispatchUIEvent (node_modules/@testing-library/user-event/dist/
cjs/event/dispatchEvent.js:22:26)
      at Mouse.up (node_modules/@testing-library/user-event/dist/cjs/system/poi
nter/mouse.js:100:30)
      at PointerHost.release (node_modules/@testing-library/user-event/dist/cjs
/system/pointer/index.js:87:24)
      at pointerAction 
(node_modules/@testing-library/user-event/dist/cjs/pointer/index.js:54:47)
      at Object.pointer 
(node_modules/@testing-library/user-event/dist/cjs/pointer/index.js:27:9)
      at Object.<anonymous> 
(src/binding-authorities/__tests__/binding-authorities.test.tsx:965:9)

    console.error
      Warning: An update to BAViewPage inside a test was not wrapped in 
act(...).
      
      When testing, code that causes React state updates should be wrapped 
into act(...):
      
      act(() => {
        /* fire events that update state */
      });
      /* assert on the output */
      
      This ensures that you're testing the behavior the user would see in the 
browser. Learn more at https://reactjs.org/link/wrap-tests-with-act
          at BAViewPage (C:\Users\samhe\OneDrive\Desktop\Cleaned\frontend\src\b
inding-authorities\BAViewPage\BAViewPage.tsx:104:29)
          at routeContext (C:\Users\samhe\OneDrive\Desktop\Cleaned\frontend\nod
e_modules\react-router\lib\hooks.tsx:658:26)
          at children (C:\Users\samhe\OneDrive\Desktop\Cleaned\frontend\node_mo
dules\react-router\lib\components.tsx:512:3)
          at basenameProp (C:\Users\samhe\OneDrive\Desktop\Cleaned\frontend\nod
e_modules\react-router\lib\components.tsx:421:13)
          at basename (C:\Users\samhe\OneDrive\Desktop\Cleaned\frontend\node_mo
dules\react-router\lib\components.tsx:225:3)

      1002 |                                 key={tab.key}
      1003 |                                 type="button"
    > 1004 |                                 onClick={() => 
setActiveTab(tab.key)}
           |                                                ^
      1005 |                                 className={`px-4 py-2 text-sm 
font-medium whitespace-nowrap border-b-2 ${activeTab === tab.key
      1006 |                                     ? 'border-brand-600 
text-brand-600'
      1007 |                                     : 'border-transparent 
text-gray-500 hover:text-gray-700'}`}

      at printWarning 
(node_modules/react-dom/cjs/react-dom.development.js:86:30)
      at error (node_modules/react-dom/cjs/react-dom.development.js:60:7)
      at warnIfUpdatesNotWrappedWithActDEV 
(node_modules/react-dom/cjs/react-dom.development.js:27628:9)
      at scheduleUpdateOnFiber 
(node_modules/react-dom/cjs/react-dom.development.js:25547:5)
      at dispatchSetState 
(node_modules/react-dom/cjs/react-dom.development.js:16708:7)
      at onClick (src/binding-authorities/BAViewPage/BAViewPage.tsx:1004:48)
      at HTMLUnknownElement.callCallback 
(node_modules/react-dom/cjs/react-dom.development.js:4164:14)
      at HTMLUnknownElement.callTheUserObjectsOperation 
(node_modules/jsdom/lib/jsdom/living/generated/EventListener.js:26:30)
      at innerInvokeEventListeners 
(node_modules/jsdom/lib/jsdom/living/events/EventTarget-impl.js:350:25)
      at invokeEventListeners 
(node_modules/jsdom/lib/jsdom/living/events/EventTarget-impl.js:286:3)
      at HTMLUnknownElementImpl._dispatch 
(node_modules/jsdom/lib/jsdom/living/events/EventTarget-impl.js:233:9)
      at HTMLUnknownElementImpl.dispatchEvent 
(node_modules/jsdom/lib/jsdom/living/events/EventTarget-impl.js:104:17)
      at HTMLUnknownElement.dispatchEvent 
(node_modules/jsdom/lib/jsdom/living/generated/EventTarget.js:241:34)
      at Object.invokeGuardedCallbackDev 
(node_modules/react-dom/cjs/react-dom.development.js:4213:16)
      at invokeGuardedCallback 
(node_modules/react-dom/cjs/react-dom.development.js:4277:31)
      at invokeGuardedCallbackAndCatchFirstError 
(node_modules/react-dom/cjs/react-dom.development.js:4291:25)
      at executeDispatch 
(node_modules/react-dom/cjs/react-dom.development.js:9041:3)
      at processDispatchQueueItemsInOrder 
(node_modules/react-dom/cjs/react-dom.development.js:9073:7)
      at processDispatchQueue 
(node_modules/react-dom/cjs/react-dom.development.js:9086:5)
      at dispatchEventsForPlugins 
(node_modules/react-dom/cjs/react-dom.development.js:9097:3)
      at node_modules/react-dom/cjs/react-dom.development.js:9288:12
      at batchedUpdates$1 
(node_modules/react-dom/cjs/react-dom.development.js:26179:12)
      at batchedUpdates 
(node_modules/react-dom/cjs/react-dom.development.js:3991:12)
      at dispatchEventForPluginEventSystem 
(node_modules/react-dom/cjs/react-dom.development.js:9287:3)
      at dispatchEventWithEnableCapturePhaseSelectiveHydrationWithoutDiscreteEv
entReplay (node_modules/react-dom/cjs/react-dom.development.js:6465:5)
      at dispatchEvent 
(node_modules/react-dom/cjs/react-dom.development.js:6457:5)
      at dispatchDiscreteEvent 
(node_modules/react-dom/cjs/react-dom.development.js:6430:5)
      at HTMLDivElement.callTheUserObjectsOperation 
(node_modules/jsdom/lib/jsdom/living/generated/EventListener.js:26:30)
      at innerInvokeEventListeners 
(node_modules/jsdom/lib/jsdom/living/events/EventTarget-impl.js:350:25)
      at invokeEventListeners 
(node_modules/jsdom/lib/jsdom/living/events/EventTarget-impl.js:286:3)
      at HTMLButtonElementImpl._dispatch 
(node_modules/jsdom/lib/jsdom/living/events/EventTarget-impl.js:233:9)
      at HTMLButtonElementImpl.dispatchEvent 
(node_modules/jsdom/lib/jsdom/living/events/EventTarget-impl.js:104:17)
      at HTMLButtonElement.dispatchEvent 
(node_modules/jsdom/lib/jsdom/living/generated/EventTarget.js:241:34)
      at 
node_modules/@testing-library/user-event/dist/cjs/event/dispatchEvent.js:45:43
      at Object.eventWrapper 
(node_modules/@testing-library/dom/dist/config.js:25:23)
      at Object.wrapEvent 
(node_modules/@testing-library/user-event/dist/cjs/event/wrapEvent.js:6:28)
      at Object.dispatchEvent (node_modules/@testing-library/user-event/dist/cj
s/event/dispatchEvent.js:45:22)
      at Object.dispatchUIEvent (node_modules/@testing-library/user-event/dist/
cjs/event/dispatchEvent.js:22:26)
      at Mouse.up (node_modules/@testing-library/user-event/dist/cjs/system/poi
nter/mouse.js:100:30)
      at PointerHost.release (node_modules/@testing-library/user-event/dist/cjs
/system/pointer/index.js:87:24)
      at pointerAction 
(node_modules/@testing-library/user-event/dist/cjs/pointer/index.js:54:47)
      at Object.pointer 
(node_modules/@testing-library/user-event/dist/cjs/pointer/index.js:27:9)
      at Object.<anonymous> 
(src/binding-authorities/__tests__/binding-authorities.test.tsx:980:9)

    console.error
      Warning: An update to BAViewPage inside a test was not wrapped in 
act(...).
      
      When testing, code that causes React state updates should be wrapped 
into act(...):
      
      act(() => {
        /* fire events that update state */
      });
      /* assert on the output */
      
      This ensures that you're testing the behavior the user would see in the 
browser. Learn more at https://reactjs.org/link/wrap-tests-with-act
          at BAViewPage (C:\Users\samhe\OneDrive\Desktop\Cleaned\frontend\src\b
inding-authorities\BAViewPage\BAViewPage.tsx:104:29)
          at routeContext (C:\Users\samhe\OneDrive\Desktop\Cleaned\frontend\nod
e_modules\react-router\lib\hooks.tsx:658:26)
          at children (C:\Users\samhe\OneDrive\Desktop\Cleaned\frontend\node_mo
dules\react-router\lib\components.tsx:512:3)
          at basenameProp (C:\Users\samhe\OneDrive\Desktop\Cleaned\frontend\nod
e_modules\react-router\lib\components.tsx:421:13)
          at basename (C:\Users\samhe\OneDrive\Desktop\Cleaned\frontend\node_mo
dules\react-router\lib\components.tsx:225:3)

      1002 |                                 key={tab.key}
      1003 |                                 type="button"
    > 1004 |                                 onClick={() => 
setActiveTab(tab.key)}
           |                                                ^
      1005 |                                 className={`px-4 py-2 text-sm 
font-medium whitespace-nowrap border-b-2 ${activeTab === tab.key
      1006 |                                     ? 'border-brand-600 
text-brand-600'
      1007 |                                     : 'border-transparent 
text-gray-500 hover:text-gray-700'}`}

      at printWarning 
(node_modules/react-dom/cjs/react-dom.development.js:86:30)
      at error (node_modules/react-dom/cjs/react-dom.development.js:60:7)
      at warnIfUpdatesNotWrappedWithActDEV 
(node_modules/react-dom/cjs/react-dom.development.js:27628:9)
      at scheduleUpdateOnFiber 
(node_modules/react-dom/cjs/react-dom.development.js:25547:5)
      at dispatchSetState 
(node_modules/react-dom/cjs/react-dom.development.js:16708:7)
      at onClick (src/binding-authorities/BAViewPage/BAViewPage.tsx:1004:48)
      at HTMLUnknownElement.callCallback 
(node_modules/react-dom/cjs/react-dom.development.js:4164:14)
      at HTMLUnknownElement.callTheUserObjectsOperation 
(node_modules/jsdom/lib/jsdom/living/generated/EventListener.js:26:30)
      at innerInvokeEventListeners 
(node_modules/jsdom/lib/jsdom/living/events/EventTarget-impl.js:350:25)
      at invokeEventListeners 
(node_modules/jsdom/lib/jsdom/living/events/EventTarget-impl.js:286:3)
      at HTMLUnknownElementImpl._dispatch 
(node_modules/jsdom/lib/jsdom/living/events/EventTarget-impl.js:233:9)
      at HTMLUnknownElementImpl.dispatchEvent 
(node_modules/jsdom/lib/jsdom/living/events/EventTarget-impl.js:104:17)
      at HTMLUnknownElement.dispatchEvent 
(node_modules/jsdom/lib/jsdom/living/generated/EventTarget.js:241:34)
      at Object.invokeGuardedCallbackDev 
(node_modules/react-dom/cjs/react-dom.development.js:4213:16)
      at invokeGuardedCallback 
(node_modules/react-dom/cjs/react-dom.development.js:4277:31)
      at invokeGuardedCallbackAndCatchFirstError 
(node_modules/react-dom/cjs/react-dom.development.js:4291:25)
      at executeDispatch 
(node_modules/react-dom/cjs/react-dom.development.js:9041:3)
      at processDispatchQueueItemsInOrder 
(node_modules/react-dom/cjs/react-dom.development.js:9073:7)
      at processDispatchQueue 
(node_modules/react-dom/cjs/react-dom.development.js:9086:5)
      at dispatchEventsForPlugins 
(node_modules/react-dom/cjs/react-dom.development.js:9097:3)
      at node_modules/react-dom/cjs/react-dom.development.js:9288:12
      at batchedUpdates$1 
(node_modules/react-dom/cjs/react-dom.development.js:26179:12)
      at batchedUpdates 
(node_modules/react-dom/cjs/react-dom.development.js:3991:12)
      at dispatchEventForPluginEventSystem 
(node_modules/react-dom/cjs/react-dom.development.js:9287:3)
      at dispatchEventWithEnableCapturePhaseSelectiveHydrationWithoutDiscreteEv
entReplay (node_modules/react-dom/cjs/react-dom.development.js:6465:5)
      at dispatchEvent 
(node_modules/react-dom/cjs/react-dom.development.js:6457:5)
      at dispatchDiscreteEvent 
(node_modules/react-dom/cjs/react-dom.development.js:6430:5)
      at HTMLDivElement.callTheUserObjectsOperation 
(node_modules/jsdom/lib/jsdom/living/generated/EventListener.js:26:30)
      at innerInvokeEventListeners 
(node_modules/jsdom/lib/jsdom/living/events/EventTarget-impl.js:350:25)
      at invokeEventListeners 
(node_modules/jsdom/lib/jsdom/living/events/EventTarget-impl.js:286:3)
      at HTMLButtonElementImpl._dispatch 
(node_modules/jsdom/lib/jsdom/living/events/EventTarget-impl.js:233:9)
      at HTMLButtonElementImpl.dispatchEvent 
(node_modules/jsdom/lib/jsdom/living/events/EventTarget-impl.js:104:17)
      at HTMLButtonElement.dispatchEvent 
(node_modules/jsdom/lib/jsdom/living/generated/EventTarget.js:241:34)
      at 
node_modules/@testing-library/user-event/dist/cjs/event/dispatchEvent.js:45:43
      at Object.eventWrapper 
(node_modules/@testing-library/dom/dist/config.js:25:23)
      at Object.wrapEvent 
(node_modules/@testing-library/user-event/dist/cjs/event/wrapEvent.js:6:28)
      at Object.dispatchEvent (node_modules/@testing-library/user-event/dist/cj
s/event/dispatchEvent.js:45:22)
      at Object.dispatchUIEvent (node_modules/@testing-library/user-event/dist/
cjs/event/dispatchEvent.js:22:26)
      at Mouse.up (node_modules/@testing-library/user-event/dist/cjs/system/poi
nter/mouse.js:100:30)
      at PointerHost.release (node_modules/@testing-library/user-event/dist/cjs
/system/pointer/index.js:87:24)
      at pointerAction 
(node_modules/@testing-library/user-event/dist/cjs/pointer/index.js:54:47)
      at Object.pointer 
(node_modules/@testing-library/user-event/dist/cjs/pointer/index.js:27:9)
      at Object.<anonymous> 
(src/binding-authorities/__tests__/binding-authorities.test.tsx:990:9)

    console.error
      Warning: An update to BAViewPage inside a test was not wrapped in 
act(...).
      
      When testing, code that causes React state updates should be wrapped 
into act(...):
      
      act(() => {
        /* fire events that update state */
      });
      /* assert on the output */
      
      This ensures that you're testing the behavior the user would see in the 
browser. Learn more at https://reactjs.org/link/wrap-tests-with-act
          at BAViewPage (C:\Users\samhe\OneDrive\Desktop\Cleaned\frontend\src\b
inding-authorities\BAViewPage\BAViewPage.tsx:104:29)
          at routeContext (C:\Users\samhe\OneDrive\Desktop\Cleaned\frontend\nod
e_modules\react-router\lib\hooks.tsx:658:26)
          at children (C:\Users\samhe\OneDrive\Desktop\Cleaned\frontend\node_mo
dules\react-router\lib\components.tsx:512:3)
          at basenameProp (C:\Users\samhe\OneDrive\Desktop\Cleaned\frontend\nod
e_modules\react-router\lib\components.tsx:421:13)
          at basename (C:\Users\samhe\OneDrive\Desktop\Cleaned\frontend\node_mo
dules\react-router\lib\components.tsx:225:3)

      1002 |                                 key={tab.key}
      1003 |                                 type="button"
    > 1004 |                                 onClick={() => 
setActiveTab(tab.key)}
           |                                                ^
      1005 |                                 className={`px-4 py-2 text-sm 
font-medium whitespace-nowrap border-b-2 ${activeTab === tab.key
      1006 |                                     ? 'border-brand-600 
text-brand-600'
      1007 |                                     : 'border-transparent 
text-gray-500 hover:text-gray-700'}`}

      at printWarning 
(node_modules/react-dom/cjs/react-dom.development.js:86:30)
      at error (node_modules/react-dom/cjs/react-dom.development.js:60:7)
      at warnIfUpdatesNotWrappedWithActDEV 
(node_modules/react-dom/cjs/react-dom.development.js:27628:9)
      at scheduleUpdateOnFiber 
(node_modules/react-dom/cjs/react-dom.development.js:25547:5)
      at dispatchSetState 
(node_modules/react-dom/cjs/react-dom.development.js:16708:7)
      at onClick (src/binding-authorities/BAViewPage/BAViewPage.tsx:1004:48)
      at HTMLUnknownElement.callCallback 
(node_modules/react-dom/cjs/react-dom.development.js:4164:14)
      at HTMLUnknownElement.callTheUserObjectsOperation 
(node_modules/jsdom/lib/jsdom/living/generated/EventListener.js:26:30)
      at innerInvokeEventListeners 
(node_modules/jsdom/lib/jsdom/living/events/EventTarget-impl.js:350:25)
      at invokeEventListeners 
(node_modules/jsdom/lib/jsdom/living/events/EventTarget-impl.js:286:3)
      at HTMLUnknownElementImpl._dispatch 
(node_modules/jsdom/lib/jsdom/living/events/EventTarget-impl.js:233:9)
      at HTMLUnknownElementImpl.dispatchEvent 
(node_modules/jsdom/lib/jsdom/living/events/EventTarget-impl.js:104:17)
      at HTMLUnknownElement.dispatchEvent 
(node_modules/jsdom/lib/jsdom/living/generated/EventTarget.js:241:34)
      at Object.invokeGuardedCallbackDev 
(node_modules/react-dom/cjs/react-dom.development.js:4213:16)
      at invokeGuardedCallback 
(node_modules/react-dom/cjs/react-dom.development.js:4277:31)
      at invokeGuardedCallbackAndCatchFirstError 
(node_modules/react-dom/cjs/react-dom.development.js:4291:25)
      at executeDispatch 
(node_modules/react-dom/cjs/react-dom.development.js:9041:3)
      at processDispatchQueueItemsInOrder 
(node_modules/react-dom/cjs/react-dom.development.js:9073:7)
      at processDispatchQueue 
(node_modules/react-dom/cjs/react-dom.development.js:9086:5)
      at dispatchEventsForPlugins 
(node_modules/react-dom/cjs/react-dom.development.js:9097:3)
      at node_modules/react-dom/cjs/react-dom.development.js:9288:12
      at batchedUpdates$1 
(node_modules/react-dom/cjs/react-dom.development.js:26179:12)
      at batchedUpdates 
(node_modules/react-dom/cjs/react-dom.development.js:3991:12)
      at dispatchEventForPluginEventSystem 
(node_modules/react-dom/cjs/react-dom.development.js:9287:3)
      at dispatchEventWithEnableCapturePhaseSelectiveHydrationWithoutDiscreteEv
entReplay (node_modules/react-dom/cjs/react-dom.development.js:6465:5)
      at dispatchEvent 
(node_modules/react-dom/cjs/react-dom.development.js:6457:5)
      at dispatchDiscreteEvent 
(node_modules/react-dom/cjs/react-dom.development.js:6430:5)
      at HTMLDivElement.callTheUserObjectsOperation 
(node_modules/jsdom/lib/jsdom/living/generated/EventListener.js:26:30)
      at innerInvokeEventListeners 
(node_modules/jsdom/lib/jsdom/living/events/EventTarget-impl.js:350:25)
      at invokeEventListeners 
(node_modules/jsdom/lib/jsdom/living/events/EventTarget-impl.js:286:3)
      at HTMLButtonElementImpl._dispatch 
(node_modules/jsdom/lib/jsdom/living/events/EventTarget-impl.js:233:9)
      at HTMLButtonElementImpl.dispatchEvent 
(node_modules/jsdom/lib/jsdom/living/events/EventTarget-impl.js:104:17)
      at HTMLButtonElement.dispatchEvent 
(node_modules/jsdom/lib/jsdom/living/generated/EventTarget.js:241:34)
      at 
node_modules/@testing-library/user-event/dist/cjs/event/dispatchEvent.js:45:43
      at Object.eventWrapper 
(node_modules/@testing-library/dom/dist/config.js:25:23)
      at Object.wrapEvent 
(node_modules/@testing-library/user-event/dist/cjs/event/wrapEvent.js:6:28)
      at Object.dispatchEvent (node_modules/@testing-library/user-event/dist/cj
s/event/dispatchEvent.js:45:22)
      at Object.dispatchUIEvent (node_modules/@testing-library/user-event/dist/
cjs/event/dispatchEvent.js:22:26)
      at Mouse.up (node_modules/@testing-library/user-event/dist/cjs/system/poi
nter/mouse.js:100:30)
      at PointerHost.release (node_modules/@testing-library/user-event/dist/cjs
/system/pointer/index.js:87:24)
      at pointerAction 
(node_modules/@testing-library/user-event/dist/cjs/pointer/index.js:54:47)
      at Object.pointer 
(node_modules/@testing-library/user-event/dist/cjs/pointer/index.js:27:9)
      at Object.<anonymous> 
(src/binding-authorities/__tests__/binding-authorities.test.tsx:1001:9)

    console.error
      Warning: An update to BAViewPage inside a test was not wrapped in 
act(...).
      
      When testing, code that causes React state updates should be wrapped 
into act(...):
      
      act(() => {
        /* fire events that update state */
      });
      /* assert on the output */
      
      This ensures that you're testing the behavior the user would see in the 
browser. Learn more at https://reactjs.org/link/wrap-tests-with-act
          at BAViewPage (C:\Users\samhe\OneDrive\Desktop\Cleaned\frontend\src\b
inding-authorities\BAViewPage\BAViewPage.tsx:104:29)
          at routeContext (C:\Users\samhe\OneDrive\Desktop\Cleaned\frontend\nod
e_modules\react-router\lib\hooks.tsx:658:26)
          at children (C:\Users\samhe\OneDrive\Desktop\Cleaned\frontend\node_mo
dules\react-router\lib\components.tsx:512:3)
          at basenameProp (C:\Users\samhe\OneDrive\Desktop\Cleaned\frontend\nod
e_modules\react-router\lib\components.tsx:421:13)
          at basename (C:\Users\samhe\OneDrive\Desktop\Cleaned\frontend\node_mo
dules\react-router\lib\components.tsx:225:3)

      1002 |                                 key={tab.key}
      1003 |                                 type="button"
    > 1004 |                                 onClick={() => 
setActiveTab(tab.key)}
           |                                                ^
      1005 |                                 className={`px-4 py-2 text-sm 
font-medium whitespace-nowrap border-b-2 ${activeTab === tab.key
      1006 |                                     ? 'border-brand-600 
text-brand-600'
      1007 |                                     : 'border-transparent 
text-gray-500 hover:text-gray-700'}`}

      at printWarning 
(node_modules/react-dom/cjs/react-dom.development.js:86:30)
      at error (node_modules/react-dom/cjs/react-dom.development.js:60:7)
      at warnIfUpdatesNotWrappedWithActDEV 
(node_modules/react-dom/cjs/react-dom.development.js:27628:9)
      at scheduleUpdateOnFiber 
(node_modules/react-dom/cjs/react-dom.development.js:25547:5)
      at dispatchSetState 
(node_modules/react-dom/cjs/react-dom.development.js:16708:7)
      at onClick (src/binding-authorities/BAViewPage/BAViewPage.tsx:1004:48)
      at HTMLUnknownElement.callCallback 
(node_modules/react-dom/cjs/react-dom.development.js:4164:14)
      at HTMLUnknownElement.callTheUserObjectsOperation 
(node_modules/jsdom/lib/jsdom/living/generated/EventListener.js:26:30)
      at innerInvokeEventListeners 
(node_modules/jsdom/lib/jsdom/living/events/EventTarget-impl.js:350:25)
      at invokeEventListeners 
(node_modules/jsdom/lib/jsdom/living/events/EventTarget-impl.js:286:3)
      at HTMLUnknownElementImpl._dispatch 
(node_modules/jsdom/lib/jsdom/living/events/EventTarget-impl.js:233:9)
      at HTMLUnknownElementImpl.dispatchEvent 
(node_modules/jsdom/lib/jsdom/living/events/EventTarget-impl.js:104:17)
      at HTMLUnknownElement.dispatchEvent 
(node_modules/jsdom/lib/jsdom/living/generated/EventTarget.js:241:34)
      at Object.invokeGuardedCallbackDev 
(node_modules/react-dom/cjs/react-dom.development.js:4213:16)
      at invokeGuardedCallback 
(node_modules/react-dom/cjs/react-dom.development.js:4277:31)
      at invokeGuardedCallbackAndCatchFirstError 
(node_modules/react-dom/cjs/react-dom.development.js:4291:25)
      at executeDispatch 
(node_modules/react-dom/cjs/react-dom.development.js:9041:3)
      at processDispatchQueueItemsInOrder 
(node_modules/react-dom/cjs/react-dom.development.js:9073:7)
      at processDispatchQueue 
(node_modules/react-dom/cjs/react-dom.development.js:9086:5)
      at dispatchEventsForPlugins 
(node_modules/react-dom/cjs/react-dom.development.js:9097:3)
      at node_modules/react-dom/cjs/react-dom.development.js:9288:12
      at batchedUpdates$1 
(node_modules/react-dom/cjs/react-dom.development.js:26179:12)
      at batchedUpdates 
(node_modules/react-dom/cjs/react-dom.development.js:3991:12)
      at dispatchEventForPluginEventSystem 
(node_modules/react-dom/cjs/react-dom.development.js:9287:3)
      at dispatchEventWithEnableCapturePhaseSelectiveHydrationWithoutDiscreteEv
entReplay (node_modules/react-dom/cjs/react-dom.development.js:6465:5)
      at dispatchEvent 
(node_modules/react-dom/cjs/react-dom.development.js:6457:5)
      at dispatchDiscreteEvent 
(node_modules/react-dom/cjs/react-dom.development.js:6430:5)
      at HTMLDivElement.callTheUserObjectsOperation 
(node_modules/jsdom/lib/jsdom/living/generated/EventListener.js:26:30)
      at innerInvokeEventListeners 
(node_modules/jsdom/lib/jsdom/living/events/EventTarget-impl.js:350:25)
      at invokeEventListeners 
(node_modules/jsdom/lib/jsdom/living/events/EventTarget-impl.js:286:3)
      at HTMLButtonElementImpl._dispatch 
(node_modules/jsdom/lib/jsdom/living/events/EventTarget-impl.js:233:9)
      at HTMLButtonElementImpl.dispatchEvent 
(node_modules/jsdom/lib/jsdom/living/events/EventTarget-impl.js:104:17)
      at HTMLButtonElement.dispatchEvent 
(node_modules/jsdom/lib/jsdom/living/generated/EventTarget.js:241:34)
      at 
node_modules/@testing-library/user-event/dist/cjs/event/dispatchEvent.js:45:43
      at Object.eventWrapper 
(node_modules/@testing-library/dom/dist/config.js:25:23)
      at Object.wrapEvent 
(node_modules/@testing-library/user-event/dist/cjs/event/wrapEvent.js:6:28)
      at Object.dispatchEvent (node_modules/@testing-library/user-event/dist/cj
s/event/dispatchEvent.js:45:22)
      at Object.dispatchUIEvent (node_modules/@testing-library/user-event/dist/
cjs/event/dispatchEvent.js:22:26)
      at Mouse.up (node_modules/@testing-library/user-event/dist/cjs/system/poi
nter/mouse.js:100:30)
      at PointerHost.release (node_modules/@testing-library/user-event/dist/cjs
/system/pointer/index.js:87:24)
      at pointerAction 
(node_modules/@testing-library/user-event/dist/cjs/pointer/index.js:54:47)
      at Object.pointer 
(node_modules/@testing-library/user-event/dist/cjs/pointer/index.js:27:9)
      at Object.<anonymous> 
(src/binding-authorities/__tests__/binding-authorities.test.tsx:1009:9)

    console.error
      Warning: An update to BAViewPage inside a test was not wrapped in 
act(...).
      
      When testing, code that causes React state updates should be wrapped 
into act(...):
      
      act(() => {
        /* fire events that update state */
      });
      /* assert on the output */
      
      This ensures that you're testing the behavior the user would see in the 
browser. Learn more at https://reactjs.org/link/wrap-tests-with-act
          at BAViewPage (C:\Users\samhe\OneDrive\Desktop\Cleaned\frontend\src\b
inding-authorities\BAViewPage\BAViewPage.tsx:104:29)
          at routeContext (C:\Users\samhe\OneDrive\Desktop\Cleaned\frontend\nod
e_modules\react-router\lib\hooks.tsx:658:26)
          at children (C:\Users\samhe\OneDrive\Desktop\Cleaned\frontend\node_mo
dules\react-router\lib\components.tsx:512:3)
          at basenameProp (C:\Users\samhe\OneDrive\Desktop\Cleaned\frontend\nod
e_modules\react-router\lib\components.tsx:421:13)
          at basename (C:\Users\samhe\OneDrive\Desktop\Cleaned\frontend\node_mo
dules\react-router\lib\components.tsx:225:3)

      1002 |                                 key={tab.key}
      1003 |                                 type="button"
    > 1004 |                                 onClick={() => 
setActiveTab(tab.key)}
           |                                                ^
      1005 |                                 className={`px-4 py-2 text-sm 
font-medium whitespace-nowrap border-b-2 ${activeTab === tab.key
      1006 |                                     ? 'border-brand-600 
text-brand-600'
      1007 |                                     : 'border-transparent 
text-gray-500 hover:text-gray-700'}`}

      at printWarning 
(node_modules/react-dom/cjs/react-dom.development.js:86:30)
      at error (node_modules/react-dom/cjs/react-dom.development.js:60:7)
      at warnIfUpdatesNotWrappedWithActDEV 
(node_modules/react-dom/cjs/react-dom.development.js:27628:9)
      at scheduleUpdateOnFiber 
(node_modules/react-dom/cjs/react-dom.development.js:25547:5)
      at dispatchSetState 
(node_modules/react-dom/cjs/react-dom.development.js:16708:7)
      at onClick (src/binding-authorities/BAViewPage/BAViewPage.tsx:1004:48)
      at HTMLUnknownElement.callCallback 
(node_modules/react-dom/cjs/react-dom.development.js:4164:14)
      at HTMLUnknownElement.callTheUserObjectsOperation 
(node_modules/jsdom/lib/jsdom/living/generated/EventListener.js:26:30)
      at innerInvokeEventListeners 
(node_modules/jsdom/lib/jsdom/living/events/EventTarget-impl.js:350:25)
      at invokeEventListeners 
(node_modules/jsdom/lib/jsdom/living/events/EventTarget-impl.js:286:3)
      at HTMLUnknownElementImpl._dispatch 
(node_modules/jsdom/lib/jsdom/living/events/EventTarget-impl.js:233:9)
      at HTMLUnknownElementImpl.dispatchEvent 
(node_modules/jsdom/lib/jsdom/living/events/EventTarget-impl.js:104:17)
      at HTMLUnknownElement.dispatchEvent 
(node_modules/jsdom/lib/jsdom/living/generated/EventTarget.js:241:34)
      at Object.invokeGuardedCallbackDev 
(node_modules/react-dom/cjs/react-dom.development.js:4213:16)
      at invokeGuardedCallback 
(node_modules/react-dom/cjs/react-dom.development.js:4277:31)
      at invokeGuardedCallbackAndCatchFirstError 
(node_modules/react-dom/cjs/react-dom.development.js:4291:25)
      at executeDispatch 
(node_modules/react-dom/cjs/react-dom.development.js:9041:3)
      at processDispatchQueueItemsInOrder 
(node_modules/react-dom/cjs/react-dom.development.js:9073:7)
      at processDispatchQueue 
(node_modules/react-dom/cjs/react-dom.development.js:9086:5)
      at dispatchEventsForPlugins 
(node_modules/react-dom/cjs/react-dom.development.js:9097:3)
      at node_modules/react-dom/cjs/react-dom.development.js:9288:12
      at batchedUpdates$1 
(node_modules/react-dom/cjs/react-dom.development.js:26179:12)
      at batchedUpdates 
(node_modules/react-dom/cjs/react-dom.development.js:3991:12)
      at dispatchEventForPluginEventSystem 
(node_modules/react-dom/cjs/react-dom.development.js:9287:3)
      at dispatchEventWithEnableCapturePhaseSelectiveHydrationWithoutDiscreteEv
entReplay (node_modules/react-dom/cjs/react-dom.development.js:6465:5)
      at dispatchEvent 
(node_modules/react-dom/cjs/react-dom.development.js:6457:5)
      at dispatchDiscreteEvent 
(node_modules/react-dom/cjs/react-dom.development.js:6430:5)
      at HTMLDivElement.callTheUserObjectsOperation 
(node_modules/jsdom/lib/jsdom/living/generated/EventListener.js:26:30)
      at innerInvokeEventListeners 
(node_modules/jsdom/lib/jsdom/living/events/EventTarget-impl.js:350:25)
      at invokeEventListeners 
(node_modules/jsdom/lib/jsdom/living/events/EventTarget-impl.js:286:3)
      at HTMLButtonElementImpl._dispatch 
(node_modules/jsdom/lib/jsdom/living/events/EventTarget-impl.js:233:9)
      at HTMLButtonElementImpl.dispatchEvent 
(node_modules/jsdom/lib/jsdom/living/events/EventTarget-impl.js:104:17)
      at HTMLButtonElement.dispatchEvent 
(node_modules/jsdom/lib/jsdom/living/generated/EventTarget.js:241:34)
      at 
node_modules/@testing-library/user-event/dist/cjs/event/dispatchEvent.js:45:43
      at Object.eventWrapper 
(node_modules/@testing-library/dom/dist/config.js:25:23)
      at Object.wrapEvent 
(node_modules/@testing-library/user-event/dist/cjs/event/wrapEvent.js:6:28)
      at Object.dispatchEvent (node_modules/@testing-library/user-event/dist/cj
s/event/dispatchEvent.js:45:22)
      at Object.dispatchUIEvent (node_modules/@testing-library/user-event/dist/
cjs/event/dispatchEvent.js:22:26)
      at Mouse.up (node_modules/@testing-library/user-event/dist/cjs/system/poi
nter/mouse.js:100:30)
      at PointerHost.release (node_modules/@testing-library/user-event/dist/cjs
/system/pointer/index.js:87:24)
      at pointerAction 
(node_modules/@testing-library/user-event/dist/cjs/pointer/index.js:54:47)
      at Object.pointer 
(node_modules/@testing-library/user-event/dist/cjs/pointer/index.js:27:9)
      at Object.<anonymous> 
(src/binding-authorities/__tests__/binding-authorities.test.tsx:1017:9)

    console.error
      Warning: An update to BAViewPage inside a test was not wrapped in 
act(...).
      
      When testing, code that causes React state updates should be wrapped 
into act(...):
      
      act(() => {
        /* fire events that update state */
      });
      /* assert on the output */
      
      This ensures that you're testing the behavior the user would see in the 
browser. Learn more at https://reactjs.org/link/wrap-tests-with-act
          at BAViewPage (C:\Users\samhe\OneDrive\Desktop\Cleaned\frontend\src\b
inding-authorities\BAViewPage\BAViewPage.tsx:104:29)
          at routeContext (C:\Users\samhe\OneDrive\Desktop\Cleaned\frontend\nod
e_modules\react-router\lib\hooks.tsx:658:26)
          at children (C:\Users\samhe\OneDrive\Desktop\Cleaned\frontend\node_mo
dules\react-router\lib\components.tsx:512:3)
          at basenameProp (C:\Users\samhe\OneDrive\Desktop\Cleaned\frontend\nod
e_modules\react-router\lib\components.tsx:421:13)
          at basename (C:\Users\samhe\OneDrive\Desktop\Cleaned\frontend\node_mo
dules\react-router\lib\components.tsx:225:3)

      1002 |                                 key={tab.key}
      1003 |                                 type="button"
    > 1004 |                                 onClick={() => 
setActiveTab(tab.key)}
           |                                                ^
      1005 |                                 className={`px-4 py-2 text-sm 
font-medium whitespace-nowrap border-b-2 ${activeTab === tab.key
      1006 |                                     ? 'border-brand-600 
text-brand-600'
      1007 |                                     : 'border-transparent 
text-gray-500 hover:text-gray-700'}`}

      at printWarning 
(node_modules/react-dom/cjs/react-dom.development.js:86:30)
      at error (node_modules/react-dom/cjs/react-dom.development.js:60:7)
      at warnIfUpdatesNotWrappedWithActDEV 
(node_modules/react-dom/cjs/react-dom.development.js:27628:9)
      at scheduleUpdateOnFiber 
(node_modules/react-dom/cjs/react-dom.development.js:25547:5)
      at dispatchSetState 
(node_modules/react-dom/cjs/react-dom.development.js:16708:7)
      at onClick (src/binding-authorities/BAViewPage/BAViewPage.tsx:1004:48)
      at HTMLUnknownElement.callCallback 
(node_modules/react-dom/cjs/react-dom.development.js:4164:14)
      at HTMLUnknownElement.callTheUserObjectsOperation 
(node_modules/jsdom/lib/jsdom/living/generated/EventListener.js:26:30)
      at innerInvokeEventListeners 
(node_modules/jsdom/lib/jsdom/living/events/EventTarget-impl.js:350:25)
      at invokeEventListeners 
(node_modules/jsdom/lib/jsdom/living/events/EventTarget-impl.js:286:3)
      at HTMLUnknownElementImpl._dispatch 
(node_modules/jsdom/lib/jsdom/living/events/EventTarget-impl.js:233:9)
      at HTMLUnknownElementImpl.dispatchEvent 
(node_modules/jsdom/lib/jsdom/living/events/EventTarget-impl.js:104:17)
      at HTMLUnknownElement.dispatchEvent 
(node_modules/jsdom/lib/jsdom/living/generated/EventTarget.js:241:34)
      at Object.invokeGuardedCallbackDev 
(node_modules/react-dom/cjs/react-dom.development.js:4213:16)
      at invokeGuardedCallback 
(node_modules/react-dom/cjs/react-dom.development.js:4277:31)
      at invokeGuardedCallbackAndCatchFirstError 
(node_modules/react-dom/cjs/react-dom.development.js:4291:25)
      at executeDispatch 
(node_modules/react-dom/cjs/react-dom.development.js:9041:3)
      at processDispatchQueueItemsInOrder 
(node_modules/react-dom/cjs/react-dom.development.js:9073:7)
      at processDispatchQueue 
(node_modules/react-dom/cjs/react-dom.development.js:9086:5)
      at dispatchEventsForPlugins 
(node_modules/react-dom/cjs/react-dom.development.js:9097:3)
      at node_modules/react-dom/cjs/react-dom.development.js:9288:12
      at batchedUpdates$1 
(node_modules/react-dom/cjs/react-dom.development.js:26179:12)
      at batchedUpdates 
(node_modules/react-dom/cjs/react-dom.development.js:3991:12)
      at dispatchEventForPluginEventSystem 
(node_modules/react-dom/cjs/react-dom.development.js:9287:3)
      at dispatchEventWithEnableCapturePhaseSelectiveHydrationWithoutDiscreteEv
entReplay (node_modules/react-dom/cjs/react-dom.development.js:6465:5)
      at dispatchEvent 
(node_modules/react-dom/cjs/react-dom.development.js:6457:5)
      at dispatchDiscreteEvent 
(node_modules/react-dom/cjs/react-dom.development.js:6430:5)
      at HTMLDivElement.callTheUserObjectsOperation 
(node_modules/jsdom/lib/jsdom/living/generated/EventListener.js:26:30)
      at innerInvokeEventListeners 
(node_modules/jsdom/lib/jsdom/living/events/EventTarget-impl.js:350:25)
      at invokeEventListeners 
(node_modules/jsdom/lib/jsdom/living/events/EventTarget-impl.js:286:3)
      at HTMLButtonElementImpl._dispatch 
(node_modules/jsdom/lib/jsdom/living/events/EventTarget-impl.js:233:9)
      at HTMLButtonElementImpl.dispatchEvent 
(node_modules/jsdom/lib/jsdom/living/events/EventTarget-impl.js:104:17)
      at HTMLButtonElement.dispatchEvent 
(node_modules/jsdom/lib/jsdom/living/generated/EventTarget.js:241:34)
      at 
node_modules/@testing-library/user-event/dist/cjs/event/dispatchEvent.js:45:43
      at Object.eventWrapper 
(node_modules/@testing-library/dom/dist/config.js:25:23)
      at Object.wrapEvent 
(node_modules/@testing-library/user-event/dist/cjs/event/wrapEvent.js:6:28)
      at Object.dispatchEvent (node_modules/@testing-library/user-event/dist/cj
s/event/dispatchEvent.js:45:22)
      at Object.dispatchUIEvent (node_modules/@testing-library/user-event/dist/
cjs/event/dispatchEvent.js:22:26)
      at Mouse.up (node_modules/@testing-library/user-event/dist/cjs/system/poi
nter/mouse.js:100:30)
      at PointerHost.release (node_modules/@testing-library/user-event/dist/cjs
/system/pointer/index.js:87:24)
      at pointerAction 
(node_modules/@testing-library/user-event/dist/cjs/pointer/index.js:54:47)
      at Object.pointer 
(node_modules/@testing-library/user-event/dist/cjs/pointer/index.js:27:9)
      at Object.<anonymous> 
(src/binding-authorities/__tests__/binding-authorities.test.tsx:1030:9)

    console.error
      Warning: An update to BAViewPage inside a test was not wrapped in 
act(...).
      
      When testing, code that causes React state updates should be wrapped 
into act(...):
      
      act(() => {
        /* fire events that update state */
      });
      /* assert on the output */
      
      This ensures that you're testing the behavior the user would see in the 
browser. Learn more at https://reactjs.org/link/wrap-tests-with-act
          at BAViewPage (C:\Users\samhe\OneDrive\Desktop\Cleaned\frontend\src\b
inding-authorities\BAViewPage\BAViewPage.tsx:104:29)
          at routeContext (C:\Users\samhe\OneDrive\Desktop\Cleaned\frontend\nod
e_modules\react-router\lib\hooks.tsx:658:26)
          at children (C:\Users\samhe\OneDrive\Desktop\Cleaned\frontend\node_mo
dules\react-router\lib\components.tsx:512:3)
          at basenameProp (C:\Users\samhe\OneDrive\Desktop\Cleaned\frontend\nod
e_modules\react-router\lib\components.tsx:421:13)
          at basename (C:\Users\samhe\OneDrive\Desktop\Cleaned\frontend\node_mo
dules\react-router\lib\components.tsx:225:3)

      1002 |                                 key={tab.key}
      1003 |                                 type="button"
    > 1004 |                                 onClick={() => 
setActiveTab(tab.key)}
           |                                                ^
      1005 |                                 className={`px-4 py-2 text-sm 
font-medium whitespace-nowrap border-b-2 ${activeTab === tab.key
      1006 |                                     ? 'border-brand-600 
text-brand-600'
      1007 |                                     : 'border-transparent 
text-gray-500 hover:text-gray-700'}`}

      at printWarning 
(node_modules/react-dom/cjs/react-dom.development.js:86:30)
      at error (node_modules/react-dom/cjs/react-dom.development.js:60:7)
      at warnIfUpdatesNotWrappedWithActDEV 
(node_modules/react-dom/cjs/react-dom.development.js:27628:9)
      at scheduleUpdateOnFiber 
(node_modules/react-dom/cjs/react-dom.development.js:25547:5)
      at dispatchSetState 
(node_modules/react-dom/cjs/react-dom.development.js:16708:7)
      at onClick (src/binding-authorities/BAViewPage/BAViewPage.tsx:1004:48)
      at HTMLUnknownElement.callCallback 
(node_modules/react-dom/cjs/react-dom.development.js:4164:14)
      at HTMLUnknownElement.callTheUserObjectsOperation 
(node_modules/jsdom/lib/jsdom/living/generated/EventListener.js:26:30)
      at innerInvokeEventListeners 
(node_modules/jsdom/lib/jsdom/living/events/EventTarget-impl.js:350:25)
      at invokeEventListeners 
(node_modules/jsdom/lib/jsdom/living/events/EventTarget-impl.js:286:3)
      at HTMLUnknownElementImpl._dispatch 
(node_modules/jsdom/lib/jsdom/living/events/EventTarget-impl.js:233:9)
      at HTMLUnknownElementImpl.dispatchEvent 
(node_modules/jsdom/lib/jsdom/living/events/EventTarget-impl.js:104:17)
      at HTMLUnknownElement.dispatchEvent 
(node_modules/jsdom/lib/jsdom/living/generated/EventTarget.js:241:34)
      at Object.invokeGuardedCallbackDev 
(node_modules/react-dom/cjs/react-dom.development.js:4213:16)
      at invokeGuardedCallback 
(node_modules/react-dom/cjs/react-dom.development.js:4277:31)
      at invokeGuardedCallbackAndCatchFirstError 
(node_modules/react-dom/cjs/react-dom.development.js:4291:25)
      at executeDispatch 
(node_modules/react-dom/cjs/react-dom.development.js:9041:3)
      at processDispatchQueueItemsInOrder 
(node_modules/react-dom/cjs/react-dom.development.js:9073:7)
      at processDispatchQueue 
(node_modules/react-dom/cjs/react-dom.development.js:9086:5)
      at dispatchEventsForPlugins 
(node_modules/react-dom/cjs/react-dom.development.js:9097:3)
      at node_modules/react-dom/cjs/react-dom.development.js:9288:12
      at batchedUpdates$1 
(node_modules/react-dom/cjs/react-dom.development.js:26179:12)
      at batchedUpdates 
(node_modules/react-dom/cjs/react-dom.development.js:3991:12)
      at dispatchEventForPluginEventSystem 
(node_modules/react-dom/cjs/react-dom.development.js:9287:3)
      at dispatchEventWithEnableCapturePhaseSelectiveHydrationWithoutDiscreteEv
entReplay (node_modules/react-dom/cjs/react-dom.development.js:6465:5)
      at dispatchEvent 
(node_modules/react-dom/cjs/react-dom.development.js:6457:5)
      at dispatchDiscreteEvent 
(node_modules/react-dom/cjs/react-dom.development.js:6430:5)
      at HTMLDivElement.callTheUserObjectsOperation 
(node_modules/jsdom/lib/jsdom/living/generated/EventListener.js:26:30)
      at innerInvokeEventListeners 
(node_modules/jsdom/lib/jsdom/living/events/EventTarget-impl.js:350:25)
      at invokeEventListeners 
(node_modules/jsdom/lib/jsdom/living/events/EventTarget-impl.js:286:3)
      at HTMLButtonElementImpl._dispatch 
(node_modules/jsdom/lib/jsdom/living/events/EventTarget-impl.js:233:9)
      at HTMLButtonElementImpl.dispatchEvent 
(node_modules/jsdom/lib/jsdom/living/events/EventTarget-impl.js:104:17)
      at HTMLButtonElement.dispatchEvent 
(node_modules/jsdom/lib/jsdom/living/generated/EventTarget.js:241:34)
      at 
node_modules/@testing-library/user-event/dist/cjs/event/dispatchEvent.js:45:43
      at Object.eventWrapper 
(node_modules/@testing-library/dom/dist/config.js:25:23)
      at Object.wrapEvent 
(node_modules/@testing-library/user-event/dist/cjs/event/wrapEvent.js:6:28)
      at Object.dispatchEvent (node_modules/@testing-library/user-event/dist/cj
s/event/dispatchEvent.js:45:22)
      at Object.dispatchUIEvent (node_modules/@testing-library/user-event/dist/
cjs/event/dispatchEvent.js:22:26)
      at Mouse.up (node_modules/@testing-library/user-event/dist/cjs/system/poi
nter/mouse.js:100:30)
      at PointerHost.release (node_modules/@testing-library/user-event/dist/cjs
/system/pointer/index.js:87:24)
      at pointerAction 
(node_modules/@testing-library/user-event/dist/cjs/pointer/index.js:54:47)
      at Object.pointer 
(node_modules/@testing-library/user-event/dist/cjs/pointer/index.js:27:9)
      at Object.<anonymous> 
(src/binding-authorities/__tests__/binding-authorities.test.tsx:1044:9)

    console.error
      Warning: An update to BAViewPage inside a test was not wrapped in 
act(...).
      
      When testing, code that causes React state updates should be wrapped 
into act(...):
      
      act(() => {
        /* fire events that update state */
      });
      /* assert on the output */
      
      This ensures that you're testing the behavior the user would see in the 
browser. Learn more at https://reactjs.org/link/wrap-tests-with-act
          at BAViewPage (C:\Users\samhe\OneDrive\Desktop\Cleaned\frontend\src\b
inding-authorities\BAViewPage\BAViewPage.tsx:104:29)
          at routeContext (C:\Users\samhe\OneDrive\Desktop\Cleaned\frontend\nod
e_modules\react-router\lib\hooks.tsx:658:26)
          at children (C:\Users\samhe\OneDrive\Desktop\Cleaned\frontend\node_mo
dules\react-router\lib\components.tsx:512:3)
          at basenameProp (C:\Users\samhe\OneDrive\Desktop\Cleaned\frontend\nod
e_modules\react-router\lib\components.tsx:421:13)
          at basename (C:\Users\samhe\OneDrive\Desktop\Cleaned\frontend\node_mo
dules\react-router\lib\components.tsx:225:3)

      1002 |                                 key={tab.key}
      1003 |                                 type="button"
    > 1004 |                                 onClick={() => 
setActiveTab(tab.key)}
           |                                                ^
      1005 |                                 className={`px-4 py-2 text-sm 
font-medium whitespace-nowrap border-b-2 ${activeTab === tab.key
      1006 |                                     ? 'border-brand-600 
text-brand-600'
      1007 |                                     : 'border-transparent 
text-gray-500 hover:text-gray-700'}`}

      at printWarning 
(node_modules/react-dom/cjs/react-dom.development.js:86:30)
      at error (node_modules/react-dom/cjs/react-dom.development.js:60:7)
      at warnIfUpdatesNotWrappedWithActDEV 
(node_modules/react-dom/cjs/react-dom.development.js:27628:9)
      at scheduleUpdateOnFiber 
(node_modules/react-dom/cjs/react-dom.development.js:25547:5)
      at dispatchSetState 
(node_modules/react-dom/cjs/react-dom.development.js:16708:7)
      at onClick (src/binding-authorities/BAViewPage/BAViewPage.tsx:1004:48)
      at HTMLUnknownElement.callCallback 
(node_modules/react-dom/cjs/react-dom.development.js:4164:14)
      at HTMLUnknownElement.callTheUserObjectsOperation 
(node_modules/jsdom/lib/jsdom/living/generated/EventListener.js:26:30)
      at innerInvokeEventListeners 
(node_modules/jsdom/lib/jsdom/living/events/EventTarget-impl.js:350:25)
      at invokeEventListeners 
(node_modules/jsdom/lib/jsdom/living/events/EventTarget-impl.js:286:3)
      at HTMLUnknownElementImpl._dispatch 
(node_modules/jsdom/lib/jsdom/living/events/EventTarget-impl.js:233:9)
      at HTMLUnknownElementImpl.dispatchEvent 
(node_modules/jsdom/lib/jsdom/living/events/EventTarget-impl.js:104:17)
      at HTMLUnknownElement.dispatchEvent 
(node_modules/jsdom/lib/jsdom/living/generated/EventTarget.js:241:34)
      at Object.invokeGuardedCallbackDev 
(node_modules/react-dom/cjs/react-dom.development.js:4213:16)
      at invokeGuardedCallback 
(node_modules/react-dom/cjs/react-dom.development.js:4277:31)
      at invokeGuardedCallbackAndCatchFirstError 
(node_modules/react-dom/cjs/react-dom.development.js:4291:25)
      at executeDispatch 
(node_modules/react-dom/cjs/react-dom.development.js:9041:3)
      at processDispatchQueueItemsInOrder 
(node_modules/react-dom/cjs/react-dom.development.js:9073:7)
      at processDispatchQueue 
(node_modules/react-dom/cjs/react-dom.development.js:9086:5)
      at dispatchEventsForPlugins 
(node_modules/react-dom/cjs/react-dom.development.js:9097:3)
      at node_modules/react-dom/cjs/react-dom.development.js:9288:12
      at batchedUpdates$1 
(node_modules/react-dom/cjs/react-dom.development.js:26179:12)
      at batchedUpdates 
(node_modules/react-dom/cjs/react-dom.development.js:3991:12)
      at dispatchEventForPluginEventSystem 
(node_modules/react-dom/cjs/react-dom.development.js:9287:3)
      at dispatchEventWithEnableCapturePhaseSelectiveHydrationWithoutDiscreteEv
entReplay (node_modules/react-dom/cjs/react-dom.development.js:6465:5)
      at dispatchEvent 
(node_modules/react-dom/cjs/react-dom.development.js:6457:5)
      at dispatchDiscreteEvent 
(node_modules/react-dom/cjs/react-dom.development.js:6430:5)
      at HTMLDivElement.callTheUserObjectsOperation 
(node_modules/jsdom/lib/jsdom/living/generated/EventListener.js:26:30)
      at innerInvokeEventListeners 
(node_modules/jsdom/lib/jsdom/living/events/EventTarget-impl.js:350:25)
      at invokeEventListeners 
(node_modules/jsdom/lib/jsdom/living/events/EventTarget-impl.js:286:3)
      at HTMLButtonElementImpl._dispatch 
(node_modules/jsdom/lib/jsdom/living/events/EventTarget-impl.js:233:9)
      at HTMLButtonElementImpl.dispatchEvent 
(node_modules/jsdom/lib/jsdom/living/events/EventTarget-impl.js:104:17)
      at HTMLButtonElement.dispatchEvent 
(node_modules/jsdom/lib/jsdom/living/generated/EventTarget.js:241:34)
      at 
node_modules/@testing-library/user-event/dist/cjs/event/dispatchEvent.js:45:43
      at Object.eventWrapper 
(node_modules/@testing-library/dom/dist/config.js:25:23)
      at Object.wrapEvent 
(node_modules/@testing-library/user-event/dist/cjs/event/wrapEvent.js:6:28)
      at Object.dispatchEvent (node_modules/@testing-library/user-event/dist/cj
s/event/dispatchEvent.js:45:22)
      at Object.dispatchUIEvent (node_modules/@testing-library/user-event/dist/
cjs/event/dispatchEvent.js:22:26)
      at Mouse.up (node_modules/@testing-library/user-event/dist/cjs/system/poi
nter/mouse.js:100:30)
      at PointerHost.release (node_modules/@testing-library/user-event/dist/cjs
/system/pointer/index.js:87:24)
      at pointerAction 
(node_modules/@testing-library/user-event/dist/cjs/pointer/index.js:54:47)
      at Object.pointer 
(node_modules/@testing-library/user-event/dist/cjs/pointer/index.js:27:9)
      at Object.<anonymous> 
(src/binding-authorities/__tests__/binding-authorities.test.tsx:1058:9)

    console.error
      Warning: An update to MemoryRouter inside a test was not wrapped in 
act(...).
      
      When testing, code that causes React state updates should be wrapped 
into act(...):
      
      act(() => {
        /* fire events that update state */
      });
      /* assert on the output */
      
      This ensures that you're testing the behavior the user would see in the 
browser. Learn more at https://reactjs.org/link/wrap-tests-with-act
          at basename (C:\Users\samhe\OneDrive\Desktop\Cleaned\frontend\node_mo
dules\react-router\lib\components.tsx:225:3)

      715 |                         title="Edit endorsement (Draft)"
      716 |                         className="text-green-600 
hover:text-green-800"
    > 717 |                         onClick={() => 
navigate(`/binding-authorities/${baId}/endorsements/${tx.id}/edit`)}
          |                                        ^
      718 |                     >
      719 |                         <FiEdit2 size={14} />
      720 |                     </button>

      at printWarning 
(node_modules/react-dom/cjs/react-dom.development.js:86:30)
      at error (node_modules/react-dom/cjs/react-dom.development.js:60:7)
      at warnIfUpdatesNotWrappedWithActDEV 
(node_modules/react-dom/cjs/react-dom.development.js:27628:9)
      at scheduleUpdateOnFiber 
(node_modules/react-dom/cjs/react-dom.development.js:25547:5)
      at dispatchSetState 
(node_modules/react-dom/cjs/react-dom.development.js:16708:7)
      at setStateImpl (node_modules/react-router/lib/components.tsx:250:11)
      at listener (node_modules/@remix-run/router/history.ts:306:9)
      at node_modules/react-router/lib/hooks.tsx:243:62
      at onClick (src/binding-authorities/BAViewPage/BAViewPage.tsx:717:40)
      at HTMLUnknownElement.callCallback 
(node_modules/react-dom/cjs/react-dom.development.js:4164:14)
      at HTMLUnknownElement.callTheUserObjectsOperation 
(node_modules/jsdom/lib/jsdom/living/generated/EventListener.js:26:30)
      at innerInvokeEventListeners 
(node_modules/jsdom/lib/jsdom/living/events/EventTarget-impl.js:350:25)
      at invokeEventListeners 
(node_modules/jsdom/lib/jsdom/living/events/EventTarget-impl.js:286:3)
      at HTMLUnknownElementImpl._dispatch 
(node_modules/jsdom/lib/jsdom/living/events/EventTarget-impl.js:233:9)
      at HTMLUnknownElementImpl.dispatchEvent 
(node_modules/jsdom/lib/jsdom/living/events/EventTarget-impl.js:104:17)
      at HTMLUnknownElement.dispatchEvent 
(node_modules/jsdom/lib/jsdom/living/generated/EventTarget.js:241:34)
      at Object.invokeGuardedCallbackDev 
(node_modules/react-dom/cjs/react-dom.development.js:4213:16)
      at invokeGuardedCallback 
(node_modules/react-dom/cjs/react-dom.development.js:4277:31)
      at invokeGuardedCallbackAndCatchFirstError 
(node_modules/react-dom/cjs/react-dom.development.js:4291:25)
      at executeDispatch 
(node_modules/react-dom/cjs/react-dom.development.js:9041:3)
      at processDispatchQueueItemsInOrder 
(node_modules/react-dom/cjs/react-dom.development.js:9073:7)
      at processDispatchQueue 
(node_modules/react-dom/cjs/react-dom.development.js:9086:5)
      at dispatchEventsForPlugins 
(node_modules/react-dom/cjs/react-dom.development.js:9097:3)
      at node_modules/react-dom/cjs/react-dom.development.js:9288:12
      at batchedUpdates$1 
(node_modules/react-dom/cjs/react-dom.development.js:26179:12)
      at batchedUpdates 
(node_modules/react-dom/cjs/react-dom.development.js:3991:12)
      at dispatchEventForPluginEventSystem 
(node_modules/react-dom/cjs/react-dom.development.js:9287:3)
      at dispatchEventWithEnableCapturePhaseSelectiveHydrationWithoutDiscreteEv
entReplay (node_modules/react-dom/cjs/react-dom.development.js:6465:5)
      at dispatchEvent 
(node_modules/react-dom/cjs/react-dom.development.js:6457:5)
      at dispatchDiscreteEvent 
(node_modules/react-dom/cjs/react-dom.development.js:6430:5)
      at HTMLDivElement.callTheUserObjectsOperation 
(node_modules/jsdom/lib/jsdom/living/generated/EventListener.js:26:30)
      at innerInvokeEventListeners 
(node_modules/jsdom/lib/jsdom/living/events/EventTarget-impl.js:350:25)
      at invokeEventListeners 
(node_modules/jsdom/lib/jsdom/living/events/EventTarget-impl.js:286:3)
      at HTMLButtonElementImpl._dispatch 
(node_modules/jsdom/lib/jsdom/living/events/EventTarget-impl.js:233:9)
      at HTMLButtonElementImpl.dispatchEvent 
(node_modules/jsdom/lib/jsdom/living/events/EventTarget-impl.js:104:17)
      at HTMLButtonElement.dispatchEvent 
(node_modules/jsdom/lib/jsdom/living/generated/EventTarget.js:241:34)
      at 
node_modules/@testing-library/user-event/dist/cjs/event/dispatchEvent.js:45:43
      at Object.eventWrapper 
(node_modules/@testing-library/dom/dist/config.js:25:23)
      at Object.wrapEvent 
(node_modules/@testing-library/user-event/dist/cjs/event/wrapEvent.js:6:28)
      at Object.dispatchEvent (node_modules/@testing-library/user-event/dist/cj
s/event/dispatchEvent.js:45:22)
      at Object.dispatchUIEvent (node_modules/@testing-library/user-event/dist/
cjs/event/dispatchEvent.js:22:26)
      at Mouse.up (node_modules/@testing-library/user-event/dist/cjs/system/poi
nter/mouse.js:100:30)
      at PointerHost.release (node_modules/@testing-library/user-event/dist/cjs
/system/pointer/index.js:87:24)
      at pointerAction 
(node_modules/@testing-library/user-event/dist/cjs/pointer/index.js:54:47)
      at Object.pointer 
(node_modules/@testing-library/user-event/dist/cjs/pointer/index.js:27:9)
      at Object.<anonymous> 
(src/binding-authorities/__tests__/binding-authorities.test.tsx:1062:9)

    console.error
      Warning: An update to BAViewPage inside a test was not wrapped in 
act(...).
      
      When testing, code that causes React state updates should be wrapped 
into act(...):
      
      act(() => {
        /* fire events that update state */
      });
      /* assert on the output */
      
      This ensures that you're testing the behavior the user would see in the 
browser. Learn more at https://reactjs.org/link/wrap-tests-with-act
          at BAViewPage (C:\Users\samhe\OneDrive\Desktop\Cleaned\frontend\src\b
inding-authorities\BAViewPage\BAViewPage.tsx:104:29)
          at routeContext (C:\Users\samhe\OneDrive\Desktop\Cleaned\frontend\nod
e_modules\react-router\lib\hooks.tsx:658:26)
          at children (C:\Users\samhe\OneDrive\Desktop\Cleaned\frontend\node_mo
dules\react-router\lib\components.tsx:512:3)
          at basenameProp (C:\Users\samhe\OneDrive\Desktop\Cleaned\frontend\nod
e_modules\react-router\lib\components.tsx:421:13)
          at basename (C:\Users\samhe\OneDrive\Desktop\Cleaned\frontend\node_mo
dules\react-router\lib\components.tsx:225:3)

      1002 |                                 key={tab.key}
      1003 |                                 type="button"
    > 1004 |                                 onClick={() => 
setActiveTab(tab.key)}
           |                                                ^
      1005 |                                 className={`px-4 py-2 text-sm 
font-medium whitespace-nowrap border-b-2 ${activeTab === tab.key
      1006 |                                     ? 'border-brand-600 
text-brand-600'
      1007 |                                     : 'border-transparent 
text-gray-500 hover:text-gray-700'}`}

      at printWarning 
(node_modules/react-dom/cjs/react-dom.development.js:86:30)
      at error (node_modules/react-dom/cjs/react-dom.development.js:60:7)
      at warnIfUpdatesNotWrappedWithActDEV 
(node_modules/react-dom/cjs/react-dom.development.js:27628:9)
      at scheduleUpdateOnFiber 
(node_modules/react-dom/cjs/react-dom.development.js:25547:5)
      at dispatchSetState 
(node_modules/react-dom/cjs/react-dom.development.js:16708:7)
      at onClick (src/binding-authorities/BAViewPage/BAViewPage.tsx:1004:48)
      at HTMLUnknownElement.callCallback 
(node_modules/react-dom/cjs/react-dom.development.js:4164:14)
      at HTMLUnknownElement.callTheUserObjectsOperation 
(node_modules/jsdom/lib/jsdom/living/generated/EventListener.js:26:30)
      at innerInvokeEventListeners 
(node_modules/jsdom/lib/jsdom/living/events/EventTarget-impl.js:350:25)
      at invokeEventListeners 
(node_modules/jsdom/lib/jsdom/living/events/EventTarget-impl.js:286:3)
      at HTMLUnknownElementImpl._dispatch 
(node_modules/jsdom/lib/jsdom/living/events/EventTarget-impl.js:233:9)
      at HTMLUnknownElementImpl.dispatchEvent 
(node_modules/jsdom/lib/jsdom/living/events/EventTarget-impl.js:104:17)
      at HTMLUnknownElement.dispatchEvent 
(node_modules/jsdom/lib/jsdom/living/generated/EventTarget.js:241:34)
      at Object.invokeGuardedCallbackDev 
(node_modules/react-dom/cjs/react-dom.development.js:4213:16)
      at invokeGuardedCallback 
(node_modules/react-dom/cjs/react-dom.development.js:4277:31)
      at invokeGuardedCallbackAndCatchFirstError 
(node_modules/react-dom/cjs/react-dom.development.js:4291:25)
      at executeDispatch 
(node_modules/react-dom/cjs/react-dom.development.js:9041:3)
      at processDispatchQueueItemsInOrder 
(node_modules/react-dom/cjs/react-dom.development.js:9073:7)
      at processDispatchQueue 
(node_modules/react-dom/cjs/react-dom.development.js:9086:5)
      at dispatchEventsForPlugins 
(node_modules/react-dom/cjs/react-dom.development.js:9097:3)
      at node_modules/react-dom/cjs/react-dom.development.js:9288:12
      at batchedUpdates$1 
(node_modules/react-dom/cjs/react-dom.development.js:26179:12)
      at batchedUpdates 
(node_modules/react-dom/cjs/react-dom.development.js:3991:12)
      at dispatchEventForPluginEventSystem 
(node_modules/react-dom/cjs/react-dom.development.js:9287:3)
      at dispatchEventWithEnableCapturePhaseSelectiveHydrationWithoutDiscreteEv
entReplay (node_modules/react-dom/cjs/react-dom.development.js:6465:5)
      at dispatchEvent 
(node_modules/react-dom/cjs/react-dom.development.js:6457:5)
      at dispatchDiscreteEvent 
(node_modules/react-dom/cjs/react-dom.development.js:6430:5)
      at HTMLDivElement.callTheUserObjectsOperation 
(node_modules/jsdom/lib/jsdom/living/generated/EventListener.js:26:30)
      at innerInvokeEventListeners 
(node_modules/jsdom/lib/jsdom/living/events/EventTarget-impl.js:350:25)
      at invokeEventListeners 
(node_modules/jsdom/lib/jsdom/living/events/EventTarget-impl.js:286:3)
      at HTMLButtonElementImpl._dispatch 
(node_modules/jsdom/lib/jsdom/living/events/EventTarget-impl.js:233:9)
      at HTMLButtonElementImpl.dispatchEvent 
(node_modules/jsdom/lib/jsdom/living/events/EventTarget-impl.js:104:17)
      at HTMLButtonElement.dispatchEvent 
(node_modules/jsdom/lib/jsdom/living/generated/EventTarget.js:241:34)
      at 
node_modules/@testing-library/user-event/dist/cjs/event/dispatchEvent.js:45:43
      at Object.eventWrapper 
(node_modules/@testing-library/dom/dist/config.js:25:23)
      at Object.wrapEvent 
(node_modules/@testing-library/user-event/dist/cjs/event/wrapEvent.js:6:28)
      at Object.dispatchEvent (node_modules/@testing-library/user-event/dist/cj
s/event/dispatchEvent.js:45:22)
      at Object.dispatchUIEvent (node_modules/@testing-library/user-event/dist/
cjs/event/dispatchEvent.js:22:26)
      at Mouse.up (node_modules/@testing-library/user-event/dist/cjs/system/poi
nter/mouse.js:100:30)
      at PointerHost.release (node_modules/@testing-library/user-event/dist/cjs
/system/pointer/index.js:87:24)
      at pointerAction 
(node_modules/@testing-library/user-event/dist/cjs/pointer/index.js:54:47)
      at Object.pointer 
(node_modules/@testing-library/user-event/dist/cjs/pointer/index.js:27:9)
      at Object.<anonymous> 
(src/binding-authorities/__tests__/binding-authorities.test.tsx:1076:9)

    console.error
      Warning: An update to MemoryRouter inside a test was not wrapped in 
act(...).
      
      When testing, code that causes React state updates should be wrapped 
into act(...):
      
      act(() => {
        /* fire events that update state */
      });
      /* assert on the output */
      
      This ensures that you're testing the behavior the user would see in the 
browser. Learn more at https://reactjs.org/link/wrap-tests-with-act
          at basename (C:\Users\samhe\OneDrive\Desktop\Cleaned\frontend\node_mo
dules\react-router\lib\components.tsx:225:3)

      728 |                         title="View bound endorsement"
      729 |                         className="text-green-600 
hover:text-green-800"
    > 730 |                         onClick={() => 
navigate(`/binding-authorities/${baId}/endorsements/${tx.id}/edit`)}
          |                                        ^
      731 |                     >
      732 |                         <FiEdit2 size={14} />
      733 |                     </button>

      at printWarning 
(node_modules/react-dom/cjs/react-dom.development.js:86:30)
      at error (node_modules/react-dom/cjs/react-dom.development.js:60:7)
      at warnIfUpdatesNotWrappedWithActDEV 
(node_modules/react-dom/cjs/react-dom.development.js:27628:9)
      at scheduleUpdateOnFiber 
(node_modules/react-dom/cjs/react-dom.development.js:25547:5)
      at dispatchSetState 
(node_modules/react-dom/cjs/react-dom.development.js:16708:7)
      at setStateImpl (node_modules/react-router/lib/components.tsx:250:11)
      at listener (node_modules/@remix-run/router/history.ts:306:9)
      at node_modules/react-router/lib/hooks.tsx:243:62
      at onClick (src/binding-authorities/BAViewPage/BAViewPage.tsx:730:40)
      at HTMLUnknownElement.callCallback 
(node_modules/react-dom/cjs/react-dom.development.js:4164:14)
      at HTMLUnknownElement.callTheUserObjectsOperation 
(node_modules/jsdom/lib/jsdom/living/generated/EventListener.js:26:30)
      at innerInvokeEventListeners 
(node_modules/jsdom/lib/jsdom/living/events/EventTarget-impl.js:350:25)
      at invokeEventListeners 
(node_modules/jsdom/lib/jsdom/living/events/EventTarget-impl.js:286:3)
      at HTMLUnknownElementImpl._dispatch 
(node_modules/jsdom/lib/jsdom/living/events/EventTarget-impl.js:233:9)
      at HTMLUnknownElementImpl.dispatchEvent 
(node_modules/jsdom/lib/jsdom/living/events/EventTarget-impl.js:104:17)
      at HTMLUnknownElement.dispatchEvent 
(node_modules/jsdom/lib/jsdom/living/generated/EventTarget.js:241:34)
      at Object.invokeGuardedCallbackDev 
(node_modules/react-dom/cjs/react-dom.development.js:4213:16)
      at invokeGuardedCallback 
(node_modules/react-dom/cjs/react-dom.development.js:4277:31)
      at invokeGuardedCallbackAndCatchFirstError 
(node_modules/react-dom/cjs/react-dom.development.js:4291:25)
      at executeDispatch 
(node_modules/react-dom/cjs/react-dom.development.js:9041:3)
      at processDispatchQueueItemsInOrder 
(node_modules/react-dom/cjs/react-dom.development.js:9073:7)
      at processDispatchQueue 
(node_modules/react-dom/cjs/react-dom.development.js:9086:5)
      at dispatchEventsForPlugins 
(node_modules/react-dom/cjs/react-dom.development.js:9097:3)
      at node_modules/react-dom/cjs/react-dom.development.js:9288:12
      at batchedUpdates$1 
(node_modules/react-dom/cjs/react-dom.development.js:26179:12)
      at batchedUpdates 
(node_modules/react-dom/cjs/react-dom.development.js:3991:12)
      at dispatchEventForPluginEventSystem 
(node_modules/react-dom/cjs/react-dom.development.js:9287:3)
      at dispatchEventWithEnableCapturePhaseSelectiveHydrationWithoutDiscreteEv
entReplay (node_modules/react-dom/cjs/react-dom.development.js:6465:5)
      at dispatchEvent 
(node_modules/react-dom/cjs/react-dom.development.js:6457:5)
      at dispatchDiscreteEvent 
(node_modules/react-dom/cjs/react-dom.development.js:6430:5)
      at HTMLDivElement.callTheUserObjectsOperation 
(node_modules/jsdom/lib/jsdom/living/generated/EventListener.js:26:30)
      at innerInvokeEventListeners 
(node_modules/jsdom/lib/jsdom/living/events/EventTarget-impl.js:350:25)
      at invokeEventListeners 
(node_modules/jsdom/lib/jsdom/living/events/EventTarget-impl.js:286:3)
      at HTMLButtonElementImpl._dispatch 
(node_modules/jsdom/lib/jsdom/living/events/EventTarget-impl.js:233:9)
      at HTMLButtonElementImpl.dispatchEvent 
(node_modules/jsdom/lib/jsdom/living/events/EventTarget-impl.js:104:17)
      at HTMLButtonElement.dispatchEvent 
(node_modules/jsdom/lib/jsdom/living/generated/EventTarget.js:241:34)
      at 
node_modules/@testing-library/user-event/dist/cjs/event/dispatchEvent.js:45:43
      at Object.eventWrapper 
(node_modules/@testing-library/dom/dist/config.js:25:23)
      at Object.wrapEvent 
(node_modules/@testing-library/user-event/dist/cjs/event/wrapEvent.js:6:28)
      at Object.dispatchEvent (node_modules/@testing-library/user-event/dist/cj
s/event/dispatchEvent.js:45:22)
      at Object.dispatchUIEvent (node_modules/@testing-library/user-event/dist/
cjs/event/dispatchEvent.js:22:26)
      at Mouse.up (node_modules/@testing-library/user-event/dist/cjs/system/poi
nter/mouse.js:100:30)
      at PointerHost.release (node_modules/@testing-library/user-event/dist/cjs
/system/pointer/index.js:87:24)
      at pointerAction 
(node_modules/@testing-library/user-event/dist/cjs/pointer/index.js:54:47)
      at Object.pointer 
(node_modules/@testing-library/user-event/dist/cjs/pointer/index.js:27:9)
      at Object.<anonymous> 
(src/binding-authorities/__tests__/binding-authorities.test.tsx:1082:9)

    console.error
      Warning: An update to BAViewPage inside a test was not wrapped in 
act(...).
      
      When testing, code that causes React state updates should be wrapped 
into act(...):
      
      act(() => {
        /* fire events that update state */
      });
      /* assert on the output */
      
      This ensures that you're testing the behavior the user would see in the 
browser. Learn more at https://reactjs.org/link/wrap-tests-with-act
          at BAViewPage (C:\Users\samhe\OneDrive\Desktop\Cleaned\frontend\src\b
inding-authorities\BAViewPage\BAViewPage.tsx:104:29)
          at routeContext (C:\Users\samhe\OneDrive\Desktop\Cleaned\frontend\nod
e_modules\react-router\lib\hooks.tsx:658:26)
          at children (C:\Users\samhe\OneDrive\Desktop\Cleaned\frontend\node_mo
dules\react-router\lib\components.tsx:512:3)
          at basenameProp (C:\Users\samhe\OneDrive\Desktop\Cleaned\frontend\nod
e_modules\react-router\lib\components.tsx:421:13)
          at basename (C:\Users\samhe\OneDrive\Desktop\Cleaned\frontend\node_mo
dules\react-router\lib\components.tsx:225:3)

      1002 |                                 key={tab.key}
      1003 |                                 type="button"
    > 1004 |                                 onClick={() => 
setActiveTab(tab.key)}
           |                                                ^
      1005 |                                 className={`px-4 py-2 text-sm 
font-medium whitespace-nowrap border-b-2 ${activeTab === tab.key
      1006 |                                     ? 'border-brand-600 
text-brand-600'
      1007 |                                     : 'border-transparent 
text-gray-500 hover:text-gray-700'}`}

      at printWarning 
(node_modules/react-dom/cjs/react-dom.development.js:86:30)
      at error (node_modules/react-dom/cjs/react-dom.development.js:60:7)
      at warnIfUpdatesNotWrappedWithActDEV 
(node_modules/react-dom/cjs/react-dom.development.js:27628:9)
      at scheduleUpdateOnFiber 
(node_modules/react-dom/cjs/react-dom.development.js:25547:5)
      at dispatchSetState 
(node_modules/react-dom/cjs/react-dom.development.js:16708:7)
      at onClick (src/binding-authorities/BAViewPage/BAViewPage.tsx:1004:48)
      at HTMLUnknownElement.callCallback 
(node_modules/react-dom/cjs/react-dom.development.js:4164:14)
      at HTMLUnknownElement.callTheUserObjectsOperation 
(node_modules/jsdom/lib/jsdom/living/generated/EventListener.js:26:30)
      at innerInvokeEventListeners 
(node_modules/jsdom/lib/jsdom/living/events/EventTarget-impl.js:350:25)
      at invokeEventListeners 
(node_modules/jsdom/lib/jsdom/living/events/EventTarget-impl.js:286:3)
      at HTMLUnknownElementImpl._dispatch 
(node_modules/jsdom/lib/jsdom/living/events/EventTarget-impl.js:233:9)
      at HTMLUnknownElementImpl.dispatchEvent 
(node_modules/jsdom/lib/jsdom/living/events/EventTarget-impl.js:104:17)
      at HTMLUnknownElement.dispatchEvent 
(node_modules/jsdom/lib/jsdom/living/generated/EventTarget.js:241:34)
      at Object.invokeGuardedCallbackDev 
(node_modules/react-dom/cjs/react-dom.development.js:4213:16)
      at invokeGuardedCallback 
(node_modules/react-dom/cjs/react-dom.development.js:4277:31)
      at invokeGuardedCallbackAndCatchFirstError 
(node_modules/react-dom/cjs/react-dom.development.js:4291:25)
      at executeDispatch 
(node_modules/react-dom/cjs/react-dom.development.js:9041:3)
      at processDispatchQueueItemsInOrder 
(node_modules/react-dom/cjs/react-dom.development.js:9073:7)
      at processDispatchQueue 
(node_modules/react-dom/cjs/react-dom.development.js:9086:5)
      at dispatchEventsForPlugins 
(node_modules/react-dom/cjs/react-dom.development.js:9097:3)
      at node_modules/react-dom/cjs/react-dom.development.js:9288:12
      at batchedUpdates$1 
(node_modules/react-dom/cjs/react-dom.development.js:26179:12)
      at batchedUpdates 
(node_modules/react-dom/cjs/react-dom.development.js:3991:12)
      at dispatchEventForPluginEventSystem 
(node_modules/react-dom/cjs/react-dom.development.js:9287:3)
      at dispatchEventWithEnableCapturePhaseSelectiveHydrationWithoutDiscreteEv
entReplay (node_modules/react-dom/cjs/react-dom.development.js:6465:5)
      at dispatchEvent 
(node_modules/react-dom/cjs/react-dom.development.js:6457:5)
      at dispatchDiscreteEvent 
(node_modules/react-dom/cjs/react-dom.development.js:6430:5)
      at HTMLDivElement.callTheUserObjectsOperation 
(node_modules/jsdom/lib/jsdom/living/generated/EventListener.js:26:30)
      at innerInvokeEventListeners 
(node_modules/jsdom/lib/jsdom/living/events/EventTarget-impl.js:350:25)
      at invokeEventListeners 
(node_modules/jsdom/lib/jsdom/living/events/EventTarget-impl.js:286:3)
      at HTMLButtonElementImpl._dispatch 
(node_modules/jsdom/lib/jsdom/living/events/EventTarget-impl.js:233:9)
      at HTMLButtonElementImpl.dispatchEvent 
(node_modules/jsdom/lib/jsdom/living/events/EventTarget-impl.js:104:17)
      at HTMLButtonElement.dispatchEvent 
(node_modules/jsdom/lib/jsdom/living/generated/EventTarget.js:241:34)
      at 
node_modules/@testing-library/user-event/dist/cjs/event/dispatchEvent.js:45:43
      at Object.eventWrapper 
(node_modules/@testing-library/dom/dist/config.js:25:23)
      at Object.wrapEvent 
(node_modules/@testing-library/user-event/dist/cjs/event/wrapEvent.js:6:28)
      at Object.dispatchEvent (node_modules/@testing-library/user-event/dist/cj
s/event/dispatchEvent.js:45:22)
      at Object.dispatchUIEvent (node_modules/@testing-library/user-event/dist/
cjs/event/dispatchEvent.js:22:26)
      at Mouse.up (node_modules/@testing-library/user-event/dist/cjs/system/poi
nter/mouse.js:100:30)
      at PointerHost.release (node_modules/@testing-library/user-event/dist/cjs
/system/pointer/index.js:87:24)
      at pointerAction 
(node_modules/@testing-library/user-event/dist/cjs/pointer/index.js:54:47)
      at Object.pointer 
(node_modules/@testing-library/user-event/dist/cjs/pointer/index.js:27:9)
      at Object.<anonymous> 
(src/binding-authorities/__tests__/binding-authorities.test.tsx:1095:9)

    console.error
      Warning: An update to BAViewPage inside a test was not wrapped in 
act(...).
      
      When testing, code that causes React state updates should be wrapped 
into act(...):
      
      act(() => {
        /* fire events that update state */
      });
      /* assert on the output */
      
      This ensures that you're testing the behavior the user would see in the 
browser. Learn more at https://reactjs.org/link/wrap-tests-with-act
          at BAViewPage (C:\Users\samhe\OneDrive\Desktop\Cleaned\frontend\src\b
inding-authorities\BAViewPage\BAViewPage.tsx:104:29)
          at routeContext (C:\Users\samhe\OneDrive\Desktop\Cleaned\frontend\nod
e_modules\react-router\lib\hooks.tsx:658:26)
          at children (C:\Users\samhe\OneDrive\Desktop\Cleaned\frontend\node_mo
dules\react-router\lib\components.tsx:512:3)
          at basenameProp (C:\Users\samhe\OneDrive\Desktop\Cleaned\frontend\nod
e_modules\react-router\lib\components.tsx:421:13)
          at basename (C:\Users\samhe\OneDrive\Desktop\Cleaned\frontend\node_mo
dules\react-router\lib\components.tsx:225:3)

      1002 |                                 key={tab.key}
      1003 |                                 type="button"
    > 1004 |                                 onClick={() => 
setActiveTab(tab.key)}
           |                                                ^
      1005 |                                 className={`px-4 py-2 text-sm 
font-medium whitespace-nowrap border-b-2 ${activeTab === tab.key
      1006 |                                     ? 'border-brand-600 
text-brand-600'
      1007 |                                     : 'border-transparent 
text-gray-500 hover:text-gray-700'}`}

      at printWarning 
(node_modules/react-dom/cjs/react-dom.development.js:86:30)
      at error (node_modules/react-dom/cjs/react-dom.development.js:60:7)
      at warnIfUpdatesNotWrappedWithActDEV 
(node_modules/react-dom/cjs/react-dom.development.js:27628:9)
      at scheduleUpdateOnFiber 
(node_modules/react-dom/cjs/react-dom.development.js:25547:5)
      at dispatchSetState 
(node_modules/react-dom/cjs/react-dom.development.js:16708:7)
      at onClick (src/binding-authorities/BAViewPage/BAViewPage.tsx:1004:48)
      at HTMLUnknownElement.callCallback 
(node_modules/react-dom/cjs/react-dom.development.js:4164:14)
      at HTMLUnknownElement.callTheUserObjectsOperation 
(node_modules/jsdom/lib/jsdom/living/generated/EventListener.js:26:30)
      at innerInvokeEventListeners 
(node_modules/jsdom/lib/jsdom/living/events/EventTarget-impl.js:350:25)
      at invokeEventListeners 
(node_modules/jsdom/lib/jsdom/living/events/EventTarget-impl.js:286:3)
      at HTMLUnknownElementImpl._dispatch 
(node_modules/jsdom/lib/jsdom/living/events/EventTarget-impl.js:233:9)
      at HTMLUnknownElementImpl.dispatchEvent 
(node_modules/jsdom/lib/jsdom/living/events/EventTarget-impl.js:104:17)
      at HTMLUnknownElement.dispatchEvent 
(node_modules/jsdom/lib/jsdom/living/generated/EventTarget.js:241:34)
      at Object.invokeGuardedCallbackDev 
(node_modules/react-dom/cjs/react-dom.development.js:4213:16)
      at invokeGuardedCallback 
(node_modules/react-dom/cjs/react-dom.development.js:4277:31)
      at invokeGuardedCallbackAndCatchFirstError 
(node_modules/react-dom/cjs/react-dom.development.js:4291:25)
      at executeDispatch 
(node_modules/react-dom/cjs/react-dom.development.js:9041:3)
      at processDispatchQueueItemsInOrder 
(node_modules/react-dom/cjs/react-dom.development.js:9073:7)
      at processDispatchQueue 
(node_modules/react-dom/cjs/react-dom.development.js:9086:5)
      at dispatchEventsForPlugins 
(node_modules/react-dom/cjs/react-dom.development.js:9097:3)
      at node_modules/react-dom/cjs/react-dom.development.js:9288:12
      at batchedUpdates$1 
(node_modules/react-dom/cjs/react-dom.development.js:26179:12)
      at batchedUpdates 
(node_modules/react-dom/cjs/react-dom.development.js:3991:12)
      at dispatchEventForPluginEventSystem 
(node_modules/react-dom/cjs/react-dom.development.js:9287:3)
      at dispatchEventWithEnableCapturePhaseSelectiveHydrationWithoutDiscreteEv
entReplay (node_modules/react-dom/cjs/react-dom.development.js:6465:5)
      at dispatchEvent 
(node_modules/react-dom/cjs/react-dom.development.js:6457:5)
      at dispatchDiscreteEvent 
(node_modules/react-dom/cjs/react-dom.development.js:6430:5)
      at HTMLDivElement.callTheUserObjectsOperation 
(node_modules/jsdom/lib/jsdom/living/generated/EventListener.js:26:30)
      at innerInvokeEventListeners 
(node_modules/jsdom/lib/jsdom/living/events/EventTarget-impl.js:350:25)
      at invokeEventListeners 
(node_modules/jsdom/lib/jsdom/living/events/EventTarget-impl.js:286:3)
      at HTMLButtonElementImpl._dispatch 
(node_modules/jsdom/lib/jsdom/living/events/EventTarget-impl.js:233:9)
      at HTMLButtonElementImpl.dispatchEvent 
(node_modules/jsdom/lib/jsdom/living/events/EventTarget-impl.js:104:17)
      at HTMLButtonElement.dispatchEvent 
(node_modules/jsdom/lib/jsdom/living/generated/EventTarget.js:241:34)
      at 
node_modules/@testing-library/user-event/dist/cjs/event/dispatchEvent.js:45:43
      at Object.eventWrapper 
(node_modules/@testing-library/dom/dist/config.js:25:23)
      at Object.wrapEvent 
(node_modules/@testing-library/user-event/dist/cjs/event/wrapEvent.js:6:28)
      at Object.dispatchEvent (node_modules/@testing-library/user-event/dist/cj
s/event/dispatchEvent.js:45:22)
      at Object.dispatchUIEvent (node_modules/@testing-library/user-event/dist/
cjs/event/dispatchEvent.js:22:26)
      at Mouse.up (node_modules/@testing-library/user-event/dist/cjs/system/poi
nter/mouse.js:100:30)
      at PointerHost.release (node_modules/@testing-library/user-event/dist/cjs
/system/pointer/index.js:87:24)
      at pointerAction 
(node_modules/@testing-library/user-event/dist/cjs/pointer/index.js:54:47)
      at Object.pointer 
(node_modules/@testing-library/user-event/dist/cjs/pointer/index.js:27:9)
      at Object.<anonymous> 
(src/binding-authorities/__tests__/binding-authorities.test.tsx:1121:9)

    console.error
      Warning: An update to BAViewPage inside a test was not wrapped in 
act(...).
      
      When testing, code that causes React state updates should be wrapped 
into act(...):
      
      act(() => {
        /* fire events that update state */
      });
      /* assert on the output */
      
      This ensures that you're testing the behavior the user would see in the 
browser. Learn more at https://reactjs.org/link/wrap-tests-with-act
          at BAViewPage (C:\Users\samhe\OneDrive\Desktop\Cleaned\frontend\src\b
inding-authorities\BAViewPage\BAViewPage.tsx:104:29)
          at routeContext (C:\Users\samhe\OneDrive\Desktop\Cleaned\frontend\nod
e_modules\react-router\lib\hooks.tsx:658:26)
          at children (C:\Users\samhe\OneDrive\Desktop\Cleaned\frontend\node_mo
dules\react-router\lib\components.tsx:512:3)
          at basenameProp (C:\Users\samhe\OneDrive\Desktop\Cleaned\frontend\nod
e_modules\react-router\lib\components.tsx:421:13)
          at basename (C:\Users\samhe\OneDrive\Desktop\Cleaned\frontend\node_mo
dules\react-router\lib\components.tsx:225:3)

      1002 |                                 key={tab.key}
      1003 |                                 type="button"
    > 1004 |                                 onClick={() => 
setActiveTab(tab.key)}
           |                                                ^
      1005 |                                 className={`px-4 py-2 text-sm 
font-medium whitespace-nowrap border-b-2 ${activeTab === tab.key
      1006 |                                     ? 'border-brand-600 
text-brand-600'
      1007 |                                     : 'border-transparent 
text-gray-500 hover:text-gray-700'}`}

      at printWarning 
(node_modules/react-dom/cjs/react-dom.development.js:86:30)
      at error (node_modules/react-dom/cjs/react-dom.development.js:60:7)
      at warnIfUpdatesNotWrappedWithActDEV 
(node_modules/react-dom/cjs/react-dom.development.js:27628:9)
      at scheduleUpdateOnFiber 
(node_modules/react-dom/cjs/react-dom.development.js:25547:5)
      at dispatchSetState 
(node_modules/react-dom/cjs/react-dom.development.js:16708:7)
      at onClick (src/binding-authorities/BAViewPage/BAViewPage.tsx:1004:48)
      at HTMLUnknownElement.callCallback 
(node_modules/react-dom/cjs/react-dom.development.js:4164:14)
      at HTMLUnknownElement.callTheUserObjectsOperation 
(node_modules/jsdom/lib/jsdom/living/generated/EventListener.js:26:30)
      at innerInvokeEventListeners 
(node_modules/jsdom/lib/jsdom/living/events/EventTarget-impl.js:350:25)
      at invokeEventListeners 
(node_modules/jsdom/lib/jsdom/living/events/EventTarget-impl.js:286:3)
      at HTMLUnknownElementImpl._dispatch 
(node_modules/jsdom/lib/jsdom/living/events/EventTarget-impl.js:233:9)
      at HTMLUnknownElementImpl.dispatchEvent 
(node_modules/jsdom/lib/jsdom/living/events/EventTarget-impl.js:104:17)
      at HTMLUnknownElement.dispatchEvent 
(node_modules/jsdom/lib/jsdom/living/generated/EventTarget.js:241:34)
      at Object.invokeGuardedCallbackDev 
(node_modules/react-dom/cjs/react-dom.development.js:4213:16)
      at invokeGuardedCallback 
(node_modules/react-dom/cjs/react-dom.development.js:4277:31)
      at invokeGuardedCallbackAndCatchFirstError 
(node_modules/react-dom/cjs/react-dom.development.js:4291:25)
      at executeDispatch 
(node_modules/react-dom/cjs/react-dom.development.js:9041:3)
      at processDispatchQueueItemsInOrder 
(node_modules/react-dom/cjs/react-dom.development.js:9073:7)
      at processDispatchQueue 
(node_modules/react-dom/cjs/react-dom.development.js:9086:5)
      at dispatchEventsForPlugins 
(node_modules/react-dom/cjs/react-dom.development.js:9097:3)
      at node_modules/react-dom/cjs/react-dom.development.js:9288:12
      at batchedUpdates$1 
(node_modules/react-dom/cjs/react-dom.development.js:26179:12)
      at batchedUpdates 
(node_modules/react-dom/cjs/react-dom.development.js:3991:12)
      at dispatchEventForPluginEventSystem 
(node_modules/react-dom/cjs/react-dom.development.js:9287:3)
      at dispatchEventWithEnableCapturePhaseSelectiveHydrationWithoutDiscreteEv
entReplay (node_modules/react-dom/cjs/react-dom.development.js:6465:5)
      at dispatchEvent 
(node_modules/react-dom/cjs/react-dom.development.js:6457:5)
      at dispatchDiscreteEvent 
(node_modules/react-dom/cjs/react-dom.development.js:6430:5)
      at HTMLDivElement.callTheUserObjectsOperation 
(node_modules/jsdom/lib/jsdom/living/generated/EventListener.js:26:30)
      at innerInvokeEventListeners 
(node_modules/jsdom/lib/jsdom/living/events/EventTarget-impl.js:350:25)
      at invokeEventListeners 
(node_modules/jsdom/lib/jsdom/living/events/EventTarget-impl.js:286:3)
      at HTMLButtonElementImpl._dispatch 
(node_modules/jsdom/lib/jsdom/living/events/EventTarget-impl.js:233:9)
      at HTMLButtonElementImpl.dispatchEvent 
(node_modules/jsdom/lib/jsdom/living/events/EventTarget-impl.js:104:17)
      at HTMLButtonElement.dispatchEvent 
(node_modules/jsdom/lib/jsdom/living/generated/EventTarget.js:241:34)
      at 
node_modules/@testing-library/user-event/dist/cjs/event/dispatchEvent.js:45:43
      at Object.eventWrapper 
(node_modules/@testing-library/dom/dist/config.js:25:23)
      at Object.wrapEvent 
(node_modules/@testing-library/user-event/dist/cjs/event/wrapEvent.js:6:28)
      at Object.dispatchEvent (node_modules/@testing-library/user-event/dist/cj
s/event/dispatchEvent.js:45:22)
      at Object.dispatchUIEvent (node_modules/@testing-library/user-event/dist/
cjs/event/dispatchEvent.js:22:26)
      at Mouse.up (node_modules/@testing-library/user-event/dist/cjs/system/poi
nter/mouse.js:100:30)
      at PointerHost.release (node_modules/@testing-library/user-event/dist/cjs
/system/pointer/index.js:87:24)
      at pointerAction 
(node_modules/@testing-library/user-event/dist/cjs/pointer/index.js:54:47)
      at Object.pointer 
(node_modules/@testing-library/user-event/dist/cjs/pointer/index.js:27:9)
      at Object.<anonymous> 
(src/binding-authorities/__tests__/binding-authorities.test.tsx:1130:9)

    console.error
      Warning: An update to BAViewPage inside a test was not wrapped in 
act(...).
      
      When testing, code that causes React state updates should be wrapped 
into act(...):
      
      act(() => {
        /* fire events that update state */
      });
      /* assert on the output */
      
      This ensures that you're testing the behavior the user would see in the 
browser. Learn more at https://reactjs.org/link/wrap-tests-with-act
          at BAViewPage (C:\Users\samhe\OneDrive\Desktop\Cleaned\frontend\src\b
inding-authorities\BAViewPage\BAViewPage.tsx:104:29)
          at routeContext (C:\Users\samhe\OneDrive\Desktop\Cleaned\frontend\nod
e_modules\react-router\lib\hooks.tsx:658:26)
          at children (C:\Users\samhe\OneDrive\Desktop\Cleaned\frontend\node_mo
dules\react-router\lib\components.tsx:512:3)
          at basenameProp (C:\Users\samhe\OneDrive\Desktop\Cleaned\frontend\nod
e_modules\react-router\lib\components.tsx:421:13)
          at basename (C:\Users\samhe\OneDrive\Desktop\Cleaned\frontend\node_mo
dules\react-router\lib\components.tsx:225:3)

      1002 |                                 key={tab.key}
      1003 |                                 type="button"
    > 1004 |                                 onClick={() => 
setActiveTab(tab.key)}
           |                                                ^
      1005 |                                 className={`px-4 py-2 text-sm 
font-medium whitespace-nowrap border-b-2 ${activeTab === tab.key
      1006 |                                     ? 'border-brand-600 
text-brand-600'
      1007 |                                     : 'border-transparent 
text-gray-500 hover:text-gray-700'}`}

      at printWarning 
(node_modules/react-dom/cjs/react-dom.development.js:86:30)
      at error (node_modules/react-dom/cjs/react-dom.development.js:60:7)
      at warnIfUpdatesNotWrappedWithActDEV 
(node_modules/react-dom/cjs/react-dom.development.js:27628:9)
      at scheduleUpdateOnFiber 
(node_modules/react-dom/cjs/react-dom.development.js:25547:5)
      at dispatchSetState 
(node_modules/react-dom/cjs/react-dom.development.js:16708:7)
      at onClick (src/binding-authorities/BAViewPage/BAViewPage.tsx:1004:48)
      at HTMLUnknownElement.callCallback 
(node_modules/react-dom/cjs/react-dom.development.js:4164:14)
      at HTMLUnknownElement.callTheUserObjectsOperation 
(node_modules/jsdom/lib/jsdom/living/generated/EventListener.js:26:30)
      at innerInvokeEventListeners 
(node_modules/jsdom/lib/jsdom/living/events/EventTarget-impl.js:350:25)
      at invokeEventListeners 
(node_modules/jsdom/lib/jsdom/living/events/EventTarget-impl.js:286:3)
      at HTMLUnknownElementImpl._dispatch 
(node_modules/jsdom/lib/jsdom/living/events/EventTarget-impl.js:233:9)
      at HTMLUnknownElementImpl.dispatchEvent 
(node_modules/jsdom/lib/jsdom/living/events/EventTarget-impl.js:104:17)
      at HTMLUnknownElement.dispatchEvent 
(node_modules/jsdom/lib/jsdom/living/generated/EventTarget.js:241:34)
      at Object.invokeGuardedCallbackDev 
(node_modules/react-dom/cjs/react-dom.development.js:4213:16)
      at invokeGuardedCallback 
(node_modules/react-dom/cjs/react-dom.development.js:4277:31)
      at invokeGuardedCallbackAndCatchFirstError 
(node_modules/react-dom/cjs/react-dom.development.js:4291:25)
      at executeDispatch 
(node_modules/react-dom/cjs/react-dom.development.js:9041:3)
      at processDispatchQueueItemsInOrder 
(node_modules/react-dom/cjs/react-dom.development.js:9073:7)
      at processDispatchQueue 
(node_modules/react-dom/cjs/react-dom.development.js:9086:5)
      at dispatchEventsForPlugins 
(node_modules/react-dom/cjs/react-dom.development.js:9097:3)
      at node_modules/react-dom/cjs/react-dom.development.js:9288:12
      at batchedUpdates$1 
(node_modules/react-dom/cjs/react-dom.development.js:26179:12)
      at batchedUpdates 
(node_modules/react-dom/cjs/react-dom.development.js:3991:12)
      at dispatchEventForPluginEventSystem 
(node_modules/react-dom/cjs/react-dom.development.js:9287:3)
      at dispatchEventWithEnableCapturePhaseSelectiveHydrationWithoutDiscreteEv
entReplay (node_modules/react-dom/cjs/react-dom.development.js:6465:5)
      at dispatchEvent 
(node_modules/react-dom/cjs/react-dom.development.js:6457:5)
      at dispatchDiscreteEvent 
(node_modules/react-dom/cjs/react-dom.development.js:6430:5)
      at HTMLDivElement.callTheUserObjectsOperation 
(node_modules/jsdom/lib/jsdom/living/generated/EventListener.js:26:30)
      at innerInvokeEventListeners 
(node_modules/jsdom/lib/jsdom/living/events/EventTarget-impl.js:350:25)
      at invokeEventListeners 
(node_modules/jsdom/lib/jsdom/living/events/EventTarget-impl.js:286:3)
      at HTMLButtonElementImpl._dispatch 
(node_modules/jsdom/lib/jsdom/living/events/EventTarget-impl.js:233:9)
      at HTMLButtonElementImpl.dispatchEvent 
(node_modules/jsdom/lib/jsdom/living/events/EventTarget-impl.js:104:17)
      at HTMLButtonElement.dispatchEvent 
(node_modules/jsdom/lib/jsdom/living/generated/EventTarget.js:241:34)
      at 
node_modules/@testing-library/user-event/dist/cjs/event/dispatchEvent.js:45:43
      at Object.eventWrapper 
(node_modules/@testing-library/dom/dist/config.js:25:23)
      at Object.wrapEvent 
(node_modules/@testing-library/user-event/dist/cjs/event/wrapEvent.js:6:28)
      at Object.dispatchEvent (node_modules/@testing-library/user-event/dist/cj
s/event/dispatchEvent.js:45:22)
      at Object.dispatchUIEvent (node_modules/@testing-library/user-event/dist/
cjs/event/dispatchEvent.js:22:26)
      at Mouse.up (node_modules/@testing-library/user-event/dist/cjs/system/poi
nter/mouse.js:100:30)
      at PointerHost.release (node_modules/@testing-library/user-event/dist/cjs
/system/pointer/index.js:87:24)
      at pointerAction 
(node_modules/@testing-library/user-event/dist/cjs/pointer/index.js:54:47)
      at Object.pointer 
(node_modules/@testing-library/user-event/dist/cjs/pointer/index.js:27:9)
      at Object.<anonymous> 
(src/binding-authorities/__tests__/binding-authorities.test.tsx:1141:9)

    console.error
      Warning: An update to BAViewPage inside a test was not wrapped in 
act(...).
      
      When testing, code that causes React state updates should be wrapped 
into act(...):
      
      act(() => {
        /* fire events that update state */
      });
      /* assert on the output */
      
      This ensures that you're testing the behavior the user would see in the 
browser. Learn more at https://reactjs.org/link/wrap-tests-with-act
          at BAViewPage (C:\Users\samhe\OneDrive\Desktop\Cleaned\frontend\src\b
inding-authorities\BAViewPage\BAViewPage.tsx:104:29)
          at routeContext (C:\Users\samhe\OneDrive\Desktop\Cleaned\frontend\nod
e_modules\react-router\lib\hooks.tsx:658:26)
          at children (C:\Users\samhe\OneDrive\Desktop\Cleaned\frontend\node_mo
dules\react-router\lib\components.tsx:512:3)
          at basenameProp (C:\Users\samhe\OneDrive\Desktop\Cleaned\frontend\nod
e_modules\react-router\lib\components.tsx:421:13)
          at basename (C:\Users\samhe\OneDrive\Desktop\Cleaned\frontend\node_mo
dules\react-router\lib\components.tsx:225:3)

      1002 |                                 key={tab.key}
      1003 |                                 type="button"
    > 1004 |                                 onClick={() => 
setActiveTab(tab.key)}
           |                                                ^
      1005 |                                 className={`px-4 py-2 text-sm 
font-medium whitespace-nowrap border-b-2 ${activeTab === tab.key
      1006 |                                     ? 'border-brand-600 
text-brand-600'
      1007 |                                     : 'border-transparent 
text-gray-500 hover:text-gray-700'}`}

      at printWarning 
(node_modules/react-dom/cjs/react-dom.development.js:86:30)
      at error (node_modules/react-dom/cjs/react-dom.development.js:60:7)
      at warnIfUpdatesNotWrappedWithActDEV 
(node_modules/react-dom/cjs/react-dom.development.js:27628:9)
      at scheduleUpdateOnFiber 
(node_modules/react-dom/cjs/react-dom.development.js:25547:5)
      at dispatchSetState 
(node_modules/react-dom/cjs/react-dom.development.js:16708:7)
      at onClick (src/binding-authorities/BAViewPage/BAViewPage.tsx:1004:48)
      at HTMLUnknownElement.callCallback 
(node_modules/react-dom/cjs/react-dom.development.js:4164:14)
      at HTMLUnknownElement.callTheUserObjectsOperation 
(node_modules/jsdom/lib/jsdom/living/generated/EventListener.js:26:30)
      at innerInvokeEventListeners 
(node_modules/jsdom/lib/jsdom/living/events/EventTarget-impl.js:350:25)
      at invokeEventListeners 
(node_modules/jsdom/lib/jsdom/living/events/EventTarget-impl.js:286:3)
      at HTMLUnknownElementImpl._dispatch 
(node_modules/jsdom/lib/jsdom/living/events/EventTarget-impl.js:233:9)
      at HTMLUnknownElementImpl.dispatchEvent 
(node_modules/jsdom/lib/jsdom/living/events/EventTarget-impl.js:104:17)
      at HTMLUnknownElement.dispatchEvent 
(node_modules/jsdom/lib/jsdom/living/generated/EventTarget.js:241:34)
      at Object.invokeGuardedCallbackDev 
(node_modules/react-dom/cjs/react-dom.development.js:4213:16)
      at invokeGuardedCallback 
(node_modules/react-dom/cjs/react-dom.development.js:4277:31)
      at invokeGuardedCallbackAndCatchFirstError 
(node_modules/react-dom/cjs/react-dom.development.js:4291:25)
      at executeDispatch 
(node_modules/react-dom/cjs/react-dom.development.js:9041:3)
      at processDispatchQueueItemsInOrder 
(node_modules/react-dom/cjs/react-dom.development.js:9073:7)
      at processDispatchQueue 
(node_modules/react-dom/cjs/react-dom.development.js:9086:5)
      at dispatchEventsForPlugins 
(node_modules/react-dom/cjs/react-dom.development.js:9097:3)
      at node_modules/react-dom/cjs/react-dom.development.js:9288:12
      at batchedUpdates$1 
(node_modules/react-dom/cjs/react-dom.development.js:26179:12)
      at batchedUpdates 
(node_modules/react-dom/cjs/react-dom.development.js:3991:12)
      at dispatchEventForPluginEventSystem 
(node_modules/react-dom/cjs/react-dom.development.js:9287:3)
      at dispatchEventWithEnableCapturePhaseSelectiveHydrationWithoutDiscreteEv
entReplay (node_modules/react-dom/cjs/react-dom.development.js:6465:5)
      at dispatchEvent 
(node_modules/react-dom/cjs/react-dom.development.js:6457:5)
      at dispatchDiscreteEvent 
(node_modules/react-dom/cjs/react-dom.development.js:6430:5)
      at HTMLDivElement.callTheUserObjectsOperation 
(node_modules/jsdom/lib/jsdom/living/generated/EventListener.js:26:30)
      at innerInvokeEventListeners 
(node_modules/jsdom/lib/jsdom/living/events/EventTarget-impl.js:350:25)
      at invokeEventListeners 
(node_modules/jsdom/lib/jsdom/living/events/EventTarget-impl.js:286:3)
      at HTMLButtonElementImpl._dispatch 
(node_modules/jsdom/lib/jsdom/living/events/EventTarget-impl.js:233:9)
      at HTMLButtonElementImpl.dispatchEvent 
(node_modules/jsdom/lib/jsdom/living/events/EventTarget-impl.js:104:17)
      at HTMLButtonElement.dispatchEvent 
(node_modules/jsdom/lib/jsdom/living/generated/EventTarget.js:241:34)
      at 
node_modules/@testing-library/user-event/dist/cjs/event/dispatchEvent.js:45:43
      at Object.eventWrapper 
(node_modules/@testing-library/dom/dist/config.js:25:23)
      at Object.wrapEvent 
(node_modules/@testing-library/user-event/dist/cjs/event/wrapEvent.js:6:28)
      at Object.dispatchEvent (node_modules/@testing-library/user-event/dist/cj
s/event/dispatchEvent.js:45:22)
      at Object.dispatchUIEvent (node_modules/@testing-library/user-event/dist/
cjs/event/dispatchEvent.js:22:26)
      at Mouse.up (node_modules/@testing-library/user-event/dist/cjs/system/poi
nter/mouse.js:100:30)
      at PointerHost.release (node_modules/@testing-library/user-event/dist/cjs
/system/pointer/index.js:87:24)
      at pointerAction 
(node_modules/@testing-library/user-event/dist/cjs/pointer/index.js:54:47)
      at Object.pointer 
(node_modules/@testing-library/user-event/dist/cjs/pointer/index.js:27:9)
      at Object.<anonymous> 
(src/binding-authorities/__tests__/binding-authorities.test.tsx:1150:9)

    console.error
      Warning: An update to BAViewPage inside a test was not wrapped in 
act(...).
      
      When testing, code that causes React state updates should be wrapped 
into act(...):
      
      act(() => {
        /* fire events that update state */
      });
      /* assert on the output */
      
      This ensures that you're testing the behavior the user would see in the 
browser. Learn more at https://reactjs.org/link/wrap-tests-with-act
          at BAViewPage (C:\Users\samhe\OneDrive\Desktop\Cleaned\frontend\src\b
inding-authorities\BAViewPage\BAViewPage.tsx:104:29)
          at routeContext (C:\Users\samhe\OneDrive\Desktop\Cleaned\frontend\nod
e_modules\react-router\lib\hooks.tsx:658:26)
          at children (C:\Users\samhe\OneDrive\Desktop\Cleaned\frontend\node_mo
dules\react-router\lib\components.tsx:512:3)
          at basenameProp (C:\Users\samhe\OneDrive\Desktop\Cleaned\frontend\nod
e_modules\react-router\lib\components.tsx:421:13)
          at basename (C:\Users\samhe\OneDrive\Desktop\Cleaned\frontend\node_mo
dules\react-router\lib\components.tsx:225:3)

      1002 |                                 key={tab.key}
      1003 |                                 type="button"
    > 1004 |                                 onClick={() => 
setActiveTab(tab.key)}
           |                                                ^
      1005 |                                 className={`px-4 py-2 text-sm 
font-medium whitespace-nowrap border-b-2 ${activeTab === tab.key
      1006 |                                     ? 'border-brand-600 
text-brand-600'
      1007 |                                     : 'border-transparent 
text-gray-500 hover:text-gray-700'}`}

      at printWarning 
(node_modules/react-dom/cjs/react-dom.development.js:86:30)
      at error (node_modules/react-dom/cjs/react-dom.development.js:60:7)
      at warnIfUpdatesNotWrappedWithActDEV 
(node_modules/react-dom/cjs/react-dom.development.js:27628:9)
      at scheduleUpdateOnFiber 
(node_modules/react-dom/cjs/react-dom.development.js:25547:5)
      at dispatchSetState 
(node_modules/react-dom/cjs/react-dom.development.js:16708:7)
      at onClick (src/binding-authorities/BAViewPage/BAViewPage.tsx:1004:48)
      at HTMLUnknownElement.callCallback 
(node_modules/react-dom/cjs/react-dom.development.js:4164:14)
      at HTMLUnknownElement.callTheUserObjectsOperation 
(node_modules/jsdom/lib/jsdom/living/generated/EventListener.js:26:30)
      at innerInvokeEventListeners 
(node_modules/jsdom/lib/jsdom/living/events/EventTarget-impl.js:350:25)
      at invokeEventListeners 
(node_modules/jsdom/lib/jsdom/living/events/EventTarget-impl.js:286:3)
      at HTMLUnknownElementImpl._dispatch 
(node_modules/jsdom/lib/jsdom/living/events/EventTarget-impl.js:233:9)
      at HTMLUnknownElementImpl.dispatchEvent 
(node_modules/jsdom/lib/jsdom/living/events/EventTarget-impl.js:104:17)
      at HTMLUnknownElement.dispatchEvent 
(node_modules/jsdom/lib/jsdom/living/generated/EventTarget.js:241:34)
      at Object.invokeGuardedCallbackDev 
(node_modules/react-dom/cjs/react-dom.development.js:4213:16)
      at invokeGuardedCallback 
(node_modules/react-dom/cjs/react-dom.development.js:4277:31)
      at invokeGuardedCallbackAndCatchFirstError 
(node_modules/react-dom/cjs/react-dom.development.js:4291:25)
      at executeDispatch 
(node_modules/react-dom/cjs/react-dom.development.js:9041:3)
      at processDispatchQueueItemsInOrder 
(node_modules/react-dom/cjs/react-dom.development.js:9073:7)
      at processDispatchQueue 
(node_modules/react-dom/cjs/react-dom.development.js:9086:5)
      at dispatchEventsForPlugins 
(node_modules/react-dom/cjs/react-dom.development.js:9097:3)
      at node_modules/react-dom/cjs/react-dom.development.js:9288:12
      at batchedUpdates$1 
(node_modules/react-dom/cjs/react-dom.development.js:26179:12)
      at batchedUpdates 
(node_modules/react-dom/cjs/react-dom.development.js:3991:12)
      at dispatchEventForPluginEventSystem 
(node_modules/react-dom/cjs/react-dom.development.js:9287:3)
      at dispatchEventWithEnableCapturePhaseSelectiveHydrationWithoutDiscreteEv
entReplay (node_modules/react-dom/cjs/react-dom.development.js:6465:5)
      at dispatchEvent 
(node_modules/react-dom/cjs/react-dom.development.js:6457:5)
      at dispatchDiscreteEvent 
(node_modules/react-dom/cjs/react-dom.development.js:6430:5)
      at HTMLDivElement.callTheUserObjectsOperation 
(node_modules/jsdom/lib/jsdom/living/generated/EventListener.js:26:30)
      at innerInvokeEventListeners 
(node_modules/jsdom/lib/jsdom/living/events/EventTarget-impl.js:350:25)
      at invokeEventListeners 
(node_modules/jsdom/lib/jsdom/living/events/EventTarget-impl.js:286:3)
      at HTMLButtonElementImpl._dispatch 
(node_modules/jsdom/lib/jsdom/living/events/EventTarget-impl.js:233:9)
      at HTMLButtonElementImpl.dispatchEvent 
(node_modules/jsdom/lib/jsdom/living/events/EventTarget-impl.js:104:17)
      at HTMLButtonElement.dispatchEvent 
(node_modules/jsdom/lib/jsdom/living/generated/EventTarget.js:241:34)
      at 
node_modules/@testing-library/user-event/dist/cjs/event/dispatchEvent.js:45:43
      at Object.eventWrapper 
(node_modules/@testing-library/dom/dist/config.js:25:23)
      at Object.wrapEvent 
(node_modules/@testing-library/user-event/dist/cjs/event/wrapEvent.js:6:28)
      at Object.dispatchEvent (node_modules/@testing-library/user-event/dist/cj
s/event/dispatchEvent.js:45:22)
      at Object.dispatchUIEvent (node_modules/@testing-library/user-event/dist/
cjs/event/dispatchEvent.js:22:26)
      at Mouse.up (node_modules/@testing-library/user-event/dist/cjs/system/poi
nter/mouse.js:100:30)
      at PointerHost.release (node_modules/@testing-library/user-event/dist/cjs
/system/pointer/index.js:87:24)
      at pointerAction 
(node_modules/@testing-library/user-event/dist/cjs/pointer/index.js:54:47)
      at Object.pointer 
(node_modules/@testing-library/user-event/dist/cjs/pointer/index.js:27:9)
      at Object.<anonymous> 
(src/binding-authorities/__tests__/binding-authorities.test.tsx:1174:9)

    console.error
      Warning: An update to BAViewPage inside a test was not wrapped in 
act(...).
      
      When testing, code that causes React state updates should be wrapped 
into act(...):
      
      act(() => {
        /* fire events that update state */
      });
      /* assert on the output */
      
      This ensures that you're testing the behavior the user would see in the 
browser. Learn more at https://reactjs.org/link/wrap-tests-with-act
          at BAViewPage (C:\Users\samhe\OneDrive\Desktop\Cleaned\frontend\src\b
inding-authorities\BAViewPage\BAViewPage.tsx:104:29)
          at routeContext (C:\Users\samhe\OneDrive\Desktop\Cleaned\frontend\nod
e_modules\react-router\lib\hooks.tsx:658:26)
          at children (C:\Users\samhe\OneDrive\Desktop\Cleaned\frontend\node_mo
dules\react-router\lib\components.tsx:512:3)
          at basenameProp (C:\Users\samhe\OneDrive\Desktop\Cleaned\frontend\nod
e_modules\react-router\lib\components.tsx:421:13)
          at basename (C:\Users\samhe\OneDrive\Desktop\Cleaned\frontend\node_mo
dules\react-router\lib\components.tsx:225:3)

      272 |         if (activeTab === 'policies' && !policiesLoaded && baId) {
      273 |             getPoliciesForBA(baId)
    > 274 |                 .then((data) => { setPolicies(data); 
setPoliciesLoaded(true) })
          |                                   ^
      275 |                 .catch(() => addNotification('Could not load 
policies.', 'error'))
      276 |         }
      277 |         if (activeTab === 'audit' && !auditFetched) {

      at printWarning 
(node_modules/react-dom/cjs/react-dom.development.js:86:30)
      at error (node_modules/react-dom/cjs/react-dom.development.js:60:7)
      at warnIfUpdatesNotWrappedWithActDEV 
(node_modules/react-dom/cjs/react-dom.development.js:27628:9)
      at scheduleUpdateOnFiber 
(node_modules/react-dom/cjs/react-dom.development.js:25547:5)
      at dispatchSetState 
(node_modules/react-dom/cjs/react-dom.development.js:16708:7)
      at src/binding-authorities/BAViewPage/BAViewPage.tsx:274:35

    console.error
      Warning: An update to BAViewPage inside a test was not wrapped in 
act(...).
      
      When testing, code that causes React state updates should be wrapped 
into act(...):
      
      act(() => {
        /* fire events that update state */
      });
      /* assert on the output */
      
      This ensures that you're testing the behavior the user would see in the 
browser. Learn more at https://reactjs.org/link/wrap-tests-with-act
          at BAViewPage (C:\Users\samhe\OneDrive\Desktop\Cleaned\frontend\src\b
inding-authorities\BAViewPage\BAViewPage.tsx:104:29)
          at routeContext (C:\Users\samhe\OneDrive\Desktop\Cleaned\frontend\nod
e_modules\react-router\lib\hooks.tsx:658:26)
          at children (C:\Users\samhe\OneDrive\Desktop\Cleaned\frontend\node_mo
dules\react-router\lib\components.tsx:512:3)
          at basenameProp (C:\Users\samhe\OneDrive\Desktop\Cleaned\frontend\nod
e_modules\react-router\lib\components.tsx:421:13)
          at basename (C:\Users\samhe\OneDrive\Desktop\Cleaned\frontend\node_mo
dules\react-router\lib\components.tsx:225:3)

      272 |         if (activeTab === 'policies' && !policiesLoaded && baId) {
      273 |             getPoliciesForBA(baId)
    > 274 |                 .then((data) => { setPolicies(data); 
setPoliciesLoaded(true) })
          |                                                      ^
      275 |                 .catch(() => addNotification('Could not load 
policies.', 'error'))
      276 |         }
      277 |         if (activeTab === 'audit' && !auditFetched) {

      at printWarning 
(node_modules/react-dom/cjs/react-dom.development.js:86:30)
      at error (node_modules/react-dom/cjs/react-dom.development.js:60:7)
      at warnIfUpdatesNotWrappedWithActDEV 
(node_modules/react-dom/cjs/react-dom.development.js:27628:9)
      at scheduleUpdateOnFiber 
(node_modules/react-dom/cjs/react-dom.development.js:25547:5)
      at dispatchSetState 
(node_modules/react-dom/cjs/react-dom.development.js:16708:7)
      at src/binding-authorities/BAViewPage/BAViewPage.tsx:274:54

    console.error
      Warning: An update to BAViewPage inside a test was not wrapped in 
act(...).
      
      When testing, code that causes React state updates should be wrapped 
into act(...):
      
      act(() => {
        /* fire events that update state */
      });
      /* assert on the output */
      
      This ensures that you're testing the behavior the user would see in the 
browser. Learn more at https://reactjs.org/link/wrap-tests-with-act
          at BAViewPage (C:\Users\samhe\OneDrive\Desktop\Cleaned\frontend\src\b
inding-authorities\BAViewPage\BAViewPage.tsx:104:29)
          at routeContext (C:\Users\samhe\OneDrive\Desktop\Cleaned\frontend\nod
e_modules\react-router\lib\hooks.tsx:658:26)
          at children (C:\Users\samhe\OneDrive\Desktop\Cleaned\frontend\node_mo
dules\react-router\lib\components.tsx:512:3)
          at basenameProp (C:\Users\samhe\OneDrive\Desktop\Cleaned\frontend\nod
e_modules\react-router\lib\components.tsx:421:13)
          at basename (C:\Users\samhe\OneDrive\Desktop\Cleaned\frontend\node_mo
dules\react-router\lib\components.tsx:225:3)

      1002 |                                 key={tab.key}
      1003 |                                 type="button"
    > 1004 |                                 onClick={() => 
setActiveTab(tab.key)}
           |                                                ^
      1005 |                                 className={`px-4 py-2 text-sm 
font-medium whitespace-nowrap border-b-2 ${activeTab === tab.key
      1006 |                                     ? 'border-brand-600 
text-brand-600'
      1007 |                                     : 'border-transparent 
text-gray-500 hover:text-gray-700'}`}

      at printWarning 
(node_modules/react-dom/cjs/react-dom.development.js:86:30)
      at error (node_modules/react-dom/cjs/react-dom.development.js:60:7)
      at warnIfUpdatesNotWrappedWithActDEV 
(node_modules/react-dom/cjs/react-dom.development.js:27628:9)
      at scheduleUpdateOnFiber 
(node_modules/react-dom/cjs/react-dom.development.js:25547:5)
      at dispatchSetState 
(node_modules/react-dom/cjs/react-dom.development.js:16708:7)
      at onClick (src/binding-authorities/BAViewPage/BAViewPage.tsx:1004:48)
      at HTMLUnknownElement.callCallback 
(node_modules/react-dom/cjs/react-dom.development.js:4164:14)
      at HTMLUnknownElement.callTheUserObjectsOperation 
(node_modules/jsdom/lib/jsdom/living/generated/EventListener.js:26:30)
      at innerInvokeEventListeners 
(node_modules/jsdom/lib/jsdom/living/events/EventTarget-impl.js:350:25)
      at invokeEventListeners 
(node_modules/jsdom/lib/jsdom/living/events/EventTarget-impl.js:286:3)
      at HTMLUnknownElementImpl._dispatch 
(node_modules/jsdom/lib/jsdom/living/events/EventTarget-impl.js:233:9)
      at HTMLUnknownElementImpl.dispatchEvent 
(node_modules/jsdom/lib/jsdom/living/events/EventTarget-impl.js:104:17)
      at HTMLUnknownElement.dispatchEvent 
(node_modules/jsdom/lib/jsdom/living/generated/EventTarget.js:241:34)
      at Object.invokeGuardedCallbackDev 
(node_modules/react-dom/cjs/react-dom.development.js:4213:16)
      at invokeGuardedCallback 
(node_modules/react-dom/cjs/react-dom.development.js:4277:31)
      at invokeGuardedCallbackAndCatchFirstError 
(node_modules/react-dom/cjs/react-dom.development.js:4291:25)
      at executeDispatch 
(node_modules/react-dom/cjs/react-dom.development.js:9041:3)
      at processDispatchQueueItemsInOrder 
(node_modules/react-dom/cjs/react-dom.development.js:9073:7)
      at processDispatchQueue 
(node_modules/react-dom/cjs/react-dom.development.js:9086:5)
      at dispatchEventsForPlugins 
(node_modules/react-dom/cjs/react-dom.development.js:9097:3)
      at node_modules/react-dom/cjs/react-dom.development.js:9288:12
      at batchedUpdates$1 
(node_modules/react-dom/cjs/react-dom.development.js:26179:12)
      at batchedUpdates 
(node_modules/react-dom/cjs/react-dom.development.js:3991:12)
      at dispatchEventForPluginEventSystem 
(node_modules/react-dom/cjs/react-dom.development.js:9287:3)
      at dispatchEventWithEnableCapturePhaseSelectiveHydrationWithoutDiscreteEv
entReplay (node_modules/react-dom/cjs/react-dom.development.js:6465:5)
      at dispatchEvent 
(node_modules/react-dom/cjs/react-dom.development.js:6457:5)
      at dispatchDiscreteEvent 
(node_modules/react-dom/cjs/react-dom.development.js:6430:5)
      at HTMLDivElement.callTheUserObjectsOperation 
(node_modules/jsdom/lib/jsdom/living/generated/EventListener.js:26:30)
      at innerInvokeEventListeners 
(node_modules/jsdom/lib/jsdom/living/events/EventTarget-impl.js:350:25)
      at invokeEventListeners 
(node_modules/jsdom/lib/jsdom/living/events/EventTarget-impl.js:286:3)
      at HTMLButtonElementImpl._dispatch 
(node_modules/jsdom/lib/jsdom/living/events/EventTarget-impl.js:233:9)
      at HTMLButtonElementImpl.dispatchEvent 
(node_modules/jsdom/lib/jsdom/living/events/EventTarget-impl.js:104:17)
      at HTMLButtonElement.dispatchEvent 
(node_modules/jsdom/lib/jsdom/living/generated/EventTarget.js:241:34)
      at 
node_modules/@testing-library/user-event/dist/cjs/event/dispatchEvent.js:45:43
      at Object.eventWrapper 
(node_modules/@testing-library/dom/dist/config.js:25:23)
      at Object.wrapEvent 
(node_modules/@testing-library/user-event/dist/cjs/event/wrapEvent.js:6:28)
      at Object.dispatchEvent (node_modules/@testing-library/user-event/dist/cj
s/event/dispatchEvent.js:45:22)
      at Object.dispatchUIEvent (node_modules/@testing-library/user-event/dist/
cjs/event/dispatchEvent.js:22:26)
      at Mouse.up (node_modules/@testing-library/user-event/dist/cjs/system/poi
nter/mouse.js:100:30)
      at PointerHost.release (node_modules/@testing-library/user-event/dist/cjs
/system/pointer/index.js:87:24)
      at pointerAction 
(node_modules/@testing-library/user-event/dist/cjs/pointer/index.js:54:47)
      at Object.pointer 
(node_modules/@testing-library/user-event/dist/cjs/pointer/index.js:27:9)
      at Object.<anonymous> 
(src/binding-authorities/__tests__/binding-authorities.test.tsx:1182:9)

    console.error
      Warning: An update to BAViewPage inside a test was not wrapped in 
act(...).
      
      When testing, code that causes React state updates should be wrapped 
into act(...):
      
      act(() => {
        /* fire events that update state */
      });
      /* assert on the output */
      
      This ensures that you're testing the behavior the user would see in the 
browser. Learn more at https://reactjs.org/link/wrap-tests-with-act
          at BAViewPage (C:\Users\samhe\OneDrive\Desktop\Cleaned\frontend\src\b
inding-authorities\BAViewPage\BAViewPage.tsx:104:29)
          at routeContext (C:\Users\samhe\OneDrive\Desktop\Cleaned\frontend\nod
e_modules\react-router\lib\hooks.tsx:658:26)
          at children (C:\Users\samhe\OneDrive\Desktop\Cleaned\frontend\node_mo
dules\react-router\lib\components.tsx:512:3)
          at basenameProp (C:\Users\samhe\OneDrive\Desktop\Cleaned\frontend\nod
e_modules\react-router\lib\components.tsx:421:13)
          at basename (C:\Users\samhe\OneDrive\Desktop\Cleaned\frontend\node_mo
dules\react-router\lib\components.tsx:225:3)

      272 |         if (activeTab === 'policies' && !policiesLoaded && baId) {
      273 |             getPoliciesForBA(baId)
    > 274 |                 .then((data) => { setPolicies(data); 
setPoliciesLoaded(true) })
          |                                   ^
      275 |                 .catch(() => addNotification('Could not load 
policies.', 'error'))
      276 |         }
      277 |         if (activeTab === 'audit' && !auditFetched) {

      at printWarning 
(node_modules/react-dom/cjs/react-dom.development.js:86:30)
      at error (node_modules/react-dom/cjs/react-dom.development.js:60:7)
      at warnIfUpdatesNotWrappedWithActDEV 
(node_modules/react-dom/cjs/react-dom.development.js:27628:9)
      at scheduleUpdateOnFiber 
(node_modules/react-dom/cjs/react-dom.development.js:25547:5)
      at dispatchSetState 
(node_modules/react-dom/cjs/react-dom.development.js:16708:7)
      at src/binding-authorities/BAViewPage/BAViewPage.tsx:274:35

    console.error
      Warning: An update to BAViewPage inside a test was not wrapped in 
act(...).
      
      When testing, code that causes React state updates should be wrapped 
into act(...):
      
      act(() => {
        /* fire events that update state */
      });
      /* assert on the output */
      
      This ensures that you're testing the behavior the user would see in the 
browser. Learn more at https://reactjs.org/link/wrap-tests-with-act
          at BAViewPage (C:\Users\samhe\OneDrive\Desktop\Cleaned\frontend\src\b
inding-authorities\BAViewPage\BAViewPage.tsx:104:29)
          at routeContext (C:\Users\samhe\OneDrive\Desktop\Cleaned\frontend\nod
e_modules\react-router\lib\hooks.tsx:658:26)
          at children (C:\Users\samhe\OneDrive\Desktop\Cleaned\frontend\node_mo
dules\react-router\lib\components.tsx:512:3)
          at basenameProp (C:\Users\samhe\OneDrive\Desktop\Cleaned\frontend\nod
e_modules\react-router\lib\components.tsx:421:13)
          at basename (C:\Users\samhe\OneDrive\Desktop\Cleaned\frontend\node_mo
dules\react-router\lib\components.tsx:225:3)

      272 |         if (activeTab === 'policies' && !policiesLoaded && baId) {
      273 |             getPoliciesForBA(baId)
    > 274 |                 .then((data) => { setPolicies(data); 
setPoliciesLoaded(true) })
          |                                                      ^
      275 |                 .catch(() => addNotification('Could not load 
policies.', 'error'))
      276 |         }
      277 |         if (activeTab === 'audit' && !auditFetched) {

      at printWarning 
(node_modules/react-dom/cjs/react-dom.development.js:86:30)
      at error (node_modules/react-dom/cjs/react-dom.development.js:60:7)
      at warnIfUpdatesNotWrappedWithActDEV 
(node_modules/react-dom/cjs/react-dom.development.js:27628:9)
      at scheduleUpdateOnFiber 
(node_modules/react-dom/cjs/react-dom.development.js:25547:5)
      at dispatchSetState 
(node_modules/react-dom/cjs/react-dom.development.js:16708:7)
      at src/binding-authorities/BAViewPage/BAViewPage.tsx:274:54

    console.error
      Warning: An update to BAViewPage inside a test was not wrapped in 
act(...).
      
      When testing, code that causes React state updates should be wrapped 
into act(...):
      
      act(() => {
        /* fire events that update state */
      });
      /* assert on the output */
      
      This ensures that you're testing the behavior the user would see in the 
browser. Learn more at https://reactjs.org/link/wrap-tests-with-act
          at BAViewPage (C:\Users\samhe\OneDrive\Desktop\Cleaned\frontend\src\b
inding-authorities\BAViewPage\BAViewPage.tsx:104:29)
          at routeContext (C:\Users\samhe\OneDrive\Desktop\Cleaned\frontend\nod
e_modules\react-router\lib\hooks.tsx:658:26)
          at children (C:\Users\samhe\OneDrive\Desktop\Cleaned\frontend\node_mo
dules\react-router\lib\components.tsx:512:3)
          at basenameProp (C:\Users\samhe\OneDrive\Desktop\Cleaned\frontend\nod
e_modules\react-router\lib\components.tsx:421:13)
          at basename (C:\Users\samhe\OneDrive\Desktop\Cleaned\frontend\node_mo
dules\react-router\lib\components.tsx:225:3)

      1002 |                                 key={tab.key}
      1003 |                                 type="button"
    > 1004 |                                 onClick={() => 
setActiveTab(tab.key)}
           |                                                ^
      1005 |                                 className={`px-4 py-2 text-sm 
font-medium whitespace-nowrap border-b-2 ${activeTab === tab.key
      1006 |                                     ? 'border-brand-600 
text-brand-600'
      1007 |                                     : 'border-transparent 
text-gray-500 hover:text-gray-700'}`}

      at printWarning 
(node_modules/react-dom/cjs/react-dom.development.js:86:30)
      at error (node_modules/react-dom/cjs/react-dom.development.js:60:7)
      at warnIfUpdatesNotWrappedWithActDEV 
(node_modules/react-dom/cjs/react-dom.development.js:27628:9)
      at scheduleUpdateOnFiber 
(node_modules/react-dom/cjs/react-dom.development.js:25547:5)
      at dispatchSetState 
(node_modules/react-dom/cjs/react-dom.development.js:16708:7)
      at onClick (src/binding-authorities/BAViewPage/BAViewPage.tsx:1004:48)
      at HTMLUnknownElement.callCallback 
(node_modules/react-dom/cjs/react-dom.development.js:4164:14)
      at HTMLUnknownElement.callTheUserObjectsOperation 
(node_modules/jsdom/lib/jsdom/living/generated/EventListener.js:26:30)
      at innerInvokeEventListeners 
(node_modules/jsdom/lib/jsdom/living/events/EventTarget-impl.js:350:25)
      at invokeEventListeners 
(node_modules/jsdom/lib/jsdom/living/events/EventTarget-impl.js:286:3)
      at HTMLUnknownElementImpl._dispatch 
(node_modules/jsdom/lib/jsdom/living/events/EventTarget-impl.js:233:9)
      at HTMLUnknownElementImpl.dispatchEvent 
(node_modules/jsdom/lib/jsdom/living/events/EventTarget-impl.js:104:17)
      at HTMLUnknownElement.dispatchEvent 
(node_modules/jsdom/lib/jsdom/living/generated/EventTarget.js:241:34)
      at Object.invokeGuardedCallbackDev 
(node_modules/react-dom/cjs/react-dom.development.js:4213:16)
      at invokeGuardedCallback 
(node_modules/react-dom/cjs/react-dom.development.js:4277:31)
      at invokeGuardedCallbackAndCatchFirstError 
(node_modules/react-dom/cjs/react-dom.development.js:4291:25)
      at executeDispatch 
(node_modules/react-dom/cjs/react-dom.development.js:9041:3)
      at processDispatchQueueItemsInOrder 
(node_modules/react-dom/cjs/react-dom.development.js:9073:7)
      at processDispatchQueue 
(node_modules/react-dom/cjs/react-dom.development.js:9086:5)
      at dispatchEventsForPlugins 
(node_modules/react-dom/cjs/react-dom.development.js:9097:3)
      at node_modules/react-dom/cjs/react-dom.development.js:9288:12
      at batchedUpdates$1 
(node_modules/react-dom/cjs/react-dom.development.js:26179:12)
      at batchedUpdates 
(node_modules/react-dom/cjs/react-dom.development.js:3991:12)
      at dispatchEventForPluginEventSystem 
(node_modules/react-dom/cjs/react-dom.development.js:9287:3)
      at dispatchEventWithEnableCapturePhaseSelectiveHydrationWithoutDiscreteEv
entReplay (node_modules/react-dom/cjs/react-dom.development.js:6465:5)
      at dispatchEvent 
(node_modules/react-dom/cjs/react-dom.development.js:6457:5)
      at dispatchDiscreteEvent 
(node_modules/react-dom/cjs/react-dom.development.js:6430:5)
      at HTMLDivElement.callTheUserObjectsOperation 
(node_modules/jsdom/lib/jsdom/living/generated/EventListener.js:26:30)
      at innerInvokeEventListeners 
(node_modules/jsdom/lib/jsdom/living/events/EventTarget-impl.js:350:25)
      at invokeEventListeners 
(node_modules/jsdom/lib/jsdom/living/events/EventTarget-impl.js:286:3)
      at HTMLButtonElementImpl._dispatch 
(node_modules/jsdom/lib/jsdom/living/events/EventTarget-impl.js:233:9)
      at HTMLButtonElementImpl.dispatchEvent 
(node_modules/jsdom/lib/jsdom/living/events/EventTarget-impl.js:104:17)
      at HTMLButtonElement.dispatchEvent 
(node_modules/jsdom/lib/jsdom/living/generated/EventTarget.js:241:34)
      at 
node_modules/@testing-library/user-event/dist/cjs/event/dispatchEvent.js:45:43
      at Object.eventWrapper 
(node_modules/@testing-library/dom/dist/config.js:25:23)
      at Object.wrapEvent 
(node_modules/@testing-library/user-event/dist/cjs/event/wrapEvent.js:6:28)
      at Object.dispatchEvent (node_modules/@testing-library/user-event/dist/cj
s/event/dispatchEvent.js:45:22)
      at Object.dispatchUIEvent (node_modules/@testing-library/user-event/dist/
cjs/event/dispatchEvent.js:22:26)
      at Mouse.up (node_modules/@testing-library/user-event/dist/cjs/system/poi
nter/mouse.js:100:30)
      at PointerHost.release (node_modules/@testing-library/user-event/dist/cjs
/system/pointer/index.js:87:24)
      at pointerAction 
(node_modules/@testing-library/user-event/dist/cjs/pointer/index.js:54:47)
      at Object.pointer 
(node_modules/@testing-library/user-event/dist/cjs/pointer/index.js:27:9)
      at Object.<anonymous> 
(src/binding-authorities/__tests__/binding-authorities.test.tsx:1193:9)

    console.error
      Warning: An update to BAViewPage inside a test was not wrapped in 
act(...).
      
      When testing, code that causes React state updates should be wrapped 
into act(...):
      
      act(() => {
        /* fire events that update state */
      });
      /* assert on the output */
      
      This ensures that you're testing the behavior the user would see in the 
browser. Learn more at https://reactjs.org/link/wrap-tests-with-act
          at BAViewPage (C:\Users\samhe\OneDrive\Desktop\Cleaned\frontend\src\b
inding-authorities\BAViewPage\BAViewPage.tsx:104:29)
          at routeContext (C:\Users\samhe\OneDrive\Desktop\Cleaned\frontend\nod
e_modules\react-router\lib\hooks.tsx:658:26)
          at children (C:\Users\samhe\OneDrive\Desktop\Cleaned\frontend\node_mo
dules\react-router\lib\components.tsx:512:3)
          at basenameProp (C:\Users\samhe\OneDrive\Desktop\Cleaned\frontend\nod
e_modules\react-router\lib\components.tsx:421:13)
          at basename (C:\Users\samhe\OneDrive\Desktop\Cleaned\frontend\node_mo
dules\react-router\lib\components.tsx:225:3)

      272 |         if (activeTab === 'policies' && !policiesLoaded && baId) {
      273 |             getPoliciesForBA(baId)
    > 274 |                 .then((data) => { setPolicies(data); 
setPoliciesLoaded(true) })
          |                                   ^
      275 |                 .catch(() => addNotification('Could not load 
policies.', 'error'))
      276 |         }
      277 |         if (activeTab === 'audit' && !auditFetched) {

      at printWarning 
(node_modules/react-dom/cjs/react-dom.development.js:86:30)
      at error (node_modules/react-dom/cjs/react-dom.development.js:60:7)
      at warnIfUpdatesNotWrappedWithActDEV 
(node_modules/react-dom/cjs/react-dom.development.js:27628:9)
      at scheduleUpdateOnFiber 
(node_modules/react-dom/cjs/react-dom.development.js:25547:5)
      at dispatchSetState 
(node_modules/react-dom/cjs/react-dom.development.js:16708:7)
      at src/binding-authorities/BAViewPage/BAViewPage.tsx:274:35

    console.error
      Warning: An update to BAViewPage inside a test was not wrapped in 
act(...).
      
      When testing, code that causes React state updates should be wrapped 
into act(...):
      
      act(() => {
        /* fire events that update state */
      });
      /* assert on the output */
      
      This ensures that you're testing the behavior the user would see in the 
browser. Learn more at https://reactjs.org/link/wrap-tests-with-act
          at BAViewPage (C:\Users\samhe\OneDrive\Desktop\Cleaned\frontend\src\b
inding-authorities\BAViewPage\BAViewPage.tsx:104:29)
          at routeContext (C:\Users\samhe\OneDrive\Desktop\Cleaned\frontend\nod
e_modules\react-router\lib\hooks.tsx:658:26)
          at children (C:\Users\samhe\OneDrive\Desktop\Cleaned\frontend\node_mo
dules\react-router\lib\components.tsx:512:3)
          at basenameProp (C:\Users\samhe\OneDrive\Desktop\Cleaned\frontend\nod
e_modules\react-router\lib\components.tsx:421:13)
          at basename (C:\Users\samhe\OneDrive\Desktop\Cleaned\frontend\node_mo
dules\react-router\lib\components.tsx:225:3)

      272 |         if (activeTab === 'policies' && !policiesLoaded && baId) {
      273 |             getPoliciesForBA(baId)
    > 274 |                 .then((data) => { setPolicies(data); 
setPoliciesLoaded(true) })
          |                                                      ^
      275 |                 .catch(() => addNotification('Could not load 
policies.', 'error'))
      276 |         }
      277 |         if (activeTab === 'audit' && !auditFetched) {

      at printWarning 
(node_modules/react-dom/cjs/react-dom.development.js:86:30)
      at error (node_modules/react-dom/cjs/react-dom.development.js:60:7)
      at warnIfUpdatesNotWrappedWithActDEV 
(node_modules/react-dom/cjs/react-dom.development.js:27628:9)
      at scheduleUpdateOnFiber 
(node_modules/react-dom/cjs/react-dom.development.js:25547:5)
      at dispatchSetState 
(node_modules/react-dom/cjs/react-dom.development.js:16708:7)
      at src/binding-authorities/BAViewPage/BAViewPage.tsx:274:54

    console.error
      Warning: An update to BAViewPage inside a test was not wrapped in 
act(...).
      
      When testing, code that causes React state updates should be wrapped 
into act(...):
      
      act(() => {
        /* fire events that update state */
      });
      /* assert on the output */
      
      This ensures that you're testing the behavior the user would see in the 
browser. Learn more at https://reactjs.org/link/wrap-tests-with-act
          at BAViewPage (C:\Users\samhe\OneDrive\Desktop\Cleaned\frontend\src\b
inding-authorities\BAViewPage\BAViewPage.tsx:104:29)
          at routeContext (C:\Users\samhe\OneDrive\Desktop\Cleaned\frontend\nod
e_modules\react-router\lib\hooks.tsx:658:26)
          at children (C:\Users\samhe\OneDrive\Desktop\Cleaned\frontend\node_mo
dules\react-router\lib\components.tsx:512:3)
          at basenameProp (C:\Users\samhe\OneDrive\Desktop\Cleaned\frontend\nod
e_modules\react-router\lib\components.tsx:421:13)
          at basename (C:\Users\samhe\OneDrive\Desktop\Cleaned\frontend\node_mo
dules\react-router\lib\components.tsx:225:3)

      1002 |                                 key={tab.key}
      1003 |                                 type="button"
    > 1004 |                                 onClick={() => 
setActiveTab(tab.key)}
           |                                                ^
      1005 |                                 className={`px-4 py-2 text-sm 
font-medium whitespace-nowrap border-b-2 ${activeTab === tab.key
      1006 |                                     ? 'border-brand-600 
text-brand-600'
      1007 |                                     : 'border-transparent 
text-gray-500 hover:text-gray-700'}`}

      at printWarning 
(node_modules/react-dom/cjs/react-dom.development.js:86:30)
      at error (node_modules/react-dom/cjs/react-dom.development.js:60:7)
      at warnIfUpdatesNotWrappedWithActDEV 
(node_modules/react-dom/cjs/react-dom.development.js:27628:9)
      at scheduleUpdateOnFiber 
(node_modules/react-dom/cjs/react-dom.development.js:25547:5)
      at dispatchSetState 
(node_modules/react-dom/cjs/react-dom.development.js:16708:7)
      at onClick (src/binding-authorities/BAViewPage/BAViewPage.tsx:1004:48)
      at HTMLUnknownElement.callCallback 
(node_modules/react-dom/cjs/react-dom.development.js:4164:14)
      at HTMLUnknownElement.callTheUserObjectsOperation 
(node_modules/jsdom/lib/jsdom/living/generated/EventListener.js:26:30)
      at innerInvokeEventListeners 
(node_modules/jsdom/lib/jsdom/living/events/EventTarget-impl.js:350:25)
      at invokeEventListeners 
(node_modules/jsdom/lib/jsdom/living/events/EventTarget-impl.js:286:3)
      at HTMLUnknownElementImpl._dispatch 
(node_modules/jsdom/lib/jsdom/living/events/EventTarget-impl.js:233:9)
      at HTMLUnknownElementImpl.dispatchEvent 
(node_modules/jsdom/lib/jsdom/living/events/EventTarget-impl.js:104:17)
      at HTMLUnknownElement.dispatchEvent 
(node_modules/jsdom/lib/jsdom/living/generated/EventTarget.js:241:34)
      at Object.invokeGuardedCallbackDev 
(node_modules/react-dom/cjs/react-dom.development.js:4213:16)
      at invokeGuardedCallback 
(node_modules/react-dom/cjs/react-dom.development.js:4277:31)
      at invokeGuardedCallbackAndCatchFirstError 
(node_modules/react-dom/cjs/react-dom.development.js:4291:25)
      at executeDispatch 
(node_modules/react-dom/cjs/react-dom.development.js:9041:3)
      at processDispatchQueueItemsInOrder 
(node_modules/react-dom/cjs/react-dom.development.js:9073:7)
      at processDispatchQueue 
(node_modules/react-dom/cjs/react-dom.development.js:9086:5)
      at dispatchEventsForPlugins 
(node_modules/react-dom/cjs/react-dom.development.js:9097:3)
      at node_modules/react-dom/cjs/react-dom.development.js:9288:12
      at batchedUpdates$1 
(node_modules/react-dom/cjs/react-dom.development.js:26179:12)
      at batchedUpdates 
(node_modules/react-dom/cjs/react-dom.development.js:3991:12)
      at dispatchEventForPluginEventSystem 
(node_modules/react-dom/cjs/react-dom.development.js:9287:3)
      at dispatchEventWithEnableCapturePhaseSelectiveHydrationWithoutDiscreteEv
entReplay (node_modules/react-dom/cjs/react-dom.development.js:6465:5)
      at dispatchEvent 
(node_modules/react-dom/cjs/react-dom.development.js:6457:5)
      at dispatchDiscreteEvent 
(node_modules/react-dom/cjs/react-dom.development.js:6430:5)
      at HTMLDivElement.callTheUserObjectsOperation 
(node_modules/jsdom/lib/jsdom/living/generated/EventListener.js:26:30)
      at innerInvokeEventListeners 
(node_modules/jsdom/lib/jsdom/living/events/EventTarget-impl.js:350:25)
      at invokeEventListeners 
(node_modules/jsdom/lib/jsdom/living/events/EventTarget-impl.js:286:3)
      at HTMLButtonElementImpl._dispatch 
(node_modules/jsdom/lib/jsdom/living/events/EventTarget-impl.js:233:9)
      at HTMLButtonElementImpl.dispatchEvent 
(node_modules/jsdom/lib/jsdom/living/events/EventTarget-impl.js:104:17)
      at HTMLButtonElement.dispatchEvent 
(node_modules/jsdom/lib/jsdom/living/generated/EventTarget.js:241:34)
      at 
node_modules/@testing-library/user-event/dist/cjs/event/dispatchEvent.js:45:43
      at Object.eventWrapper 
(node_modules/@testing-library/dom/dist/config.js:25:23)
      at Object.wrapEvent 
(node_modules/@testing-library/user-event/dist/cjs/event/wrapEvent.js:6:28)
      at Object.dispatchEvent (node_modules/@testing-library/user-event/dist/cj
s/event/dispatchEvent.js:45:22)
      at Object.dispatchUIEvent (node_modules/@testing-library/user-event/dist/
cjs/event/dispatchEvent.js:22:26)
      at Mouse.up (node_modules/@testing-library/user-event/dist/cjs/system/poi
nter/mouse.js:100:30)
      at PointerHost.release (node_modules/@testing-library/user-event/dist/cjs
/system/pointer/index.js:87:24)
      at pointerAction 
(node_modules/@testing-library/user-event/dist/cjs/pointer/index.js:54:47)
      at Object.pointer 
(node_modules/@testing-library/user-event/dist/cjs/pointer/index.js:27:9)
      at Object.<anonymous> 
(src/binding-authorities/__tests__/binding-authorities.test.tsx:1215:9)

    console.error
      Warning: An update to BAViewPage inside a test was not wrapped in 
act(...).
      
      When testing, code that causes React state updates should be wrapped 
into act(...):
      
      act(() => {
        /* fire events that update state */
      });
      /* assert on the output */
      
      This ensures that you're testing the behavior the user would see in the 
browser. Learn more at https://reactjs.org/link/wrap-tests-with-act
          at BAViewPage (C:\Users\samhe\OneDrive\Desktop\Cleaned\frontend\src\b
inding-authorities\BAViewPage\BAViewPage.tsx:104:29)
          at routeContext (C:\Users\samhe\OneDrive\Desktop\Cleaned\frontend\nod
e_modules\react-router\lib\hooks.tsx:658:26)
          at children (C:\Users\samhe\OneDrive\Desktop\Cleaned\frontend\node_mo
dules\react-router\lib\components.tsx:512:3)
          at basenameProp (C:\Users\samhe\OneDrive\Desktop\Cleaned\frontend\nod
e_modules\react-router\lib\components.tsx:421:13)
          at basename (C:\Users\samhe\OneDrive\Desktop\Cleaned\frontend\node_mo
dules\react-router\lib\components.tsx:225:3)

      1002 |                                 key={tab.key}
      1003 |                                 type="button"
    > 1004 |                                 onClick={() => 
setActiveTab(tab.key)}
           |                                                ^
      1005 |                                 className={`px-4 py-2 text-sm 
font-medium whitespace-nowrap border-b-2 ${activeTab === tab.key
      1006 |                                     ? 'border-brand-600 
text-brand-600'
      1007 |                                     : 'border-transparent 
text-gray-500 hover:text-gray-700'}`}

      at printWarning 
(node_modules/react-dom/cjs/react-dom.development.js:86:30)
      at error (node_modules/react-dom/cjs/react-dom.development.js:60:7)
      at warnIfUpdatesNotWrappedWithActDEV 
(node_modules/react-dom/cjs/react-dom.development.js:27628:9)
      at scheduleUpdateOnFiber 
(node_modules/react-dom/cjs/react-dom.development.js:25547:5)
      at dispatchSetState 
(node_modules/react-dom/cjs/react-dom.development.js:16708:7)
      at onClick (src/binding-authorities/BAViewPage/BAViewPage.tsx:1004:48)
      at HTMLUnknownElement.callCallback 
(node_modules/react-dom/cjs/react-dom.development.js:4164:14)
      at HTMLUnknownElement.callTheUserObjectsOperation 
(node_modules/jsdom/lib/jsdom/living/generated/EventListener.js:26:30)
      at innerInvokeEventListeners 
(node_modules/jsdom/lib/jsdom/living/events/EventTarget-impl.js:350:25)
      at invokeEventListeners 
(node_modules/jsdom/lib/jsdom/living/events/EventTarget-impl.js:286:3)
      at HTMLUnknownElementImpl._dispatch 
(node_modules/jsdom/lib/jsdom/living/events/EventTarget-impl.js:233:9)
      at HTMLUnknownElementImpl.dispatchEvent 
(node_modules/jsdom/lib/jsdom/living/events/EventTarget-impl.js:104:17)
      at HTMLUnknownElement.dispatchEvent 
(node_modules/jsdom/lib/jsdom/living/generated/EventTarget.js:241:34)
      at Object.invokeGuardedCallbackDev 
(node_modules/react-dom/cjs/react-dom.development.js:4213:16)
      at invokeGuardedCallback 
(node_modules/react-dom/cjs/react-dom.development.js:4277:31)
      at invokeGuardedCallbackAndCatchFirstError 
(node_modules/react-dom/cjs/react-dom.development.js:4291:25)
      at executeDispatch 
(node_modules/react-dom/cjs/react-dom.development.js:9041:3)
      at processDispatchQueueItemsInOrder 
(node_modules/react-dom/cjs/react-dom.development.js:9073:7)
      at processDispatchQueue 
(node_modules/react-dom/cjs/react-dom.development.js:9086:5)
      at dispatchEventsForPlugins 
(node_modules/react-dom/cjs/react-dom.development.js:9097:3)
      at node_modules/react-dom/cjs/react-dom.development.js:9288:12
      at batchedUpdates$1 
(node_modules/react-dom/cjs/react-dom.development.js:26179:12)
      at batchedUpdates 
(node_modules/react-dom/cjs/react-dom.development.js:3991:12)
      at dispatchEventForPluginEventSystem 
(node_modules/react-dom/cjs/react-dom.development.js:9287:3)
      at dispatchEventWithEnableCapturePhaseSelectiveHydrationWithoutDiscreteEv
entReplay (node_modules/react-dom/cjs/react-dom.development.js:6465:5)
      at dispatchEvent 
(node_modules/react-dom/cjs/react-dom.development.js:6457:5)
      at dispatchDiscreteEvent 
(node_modules/react-dom/cjs/react-dom.development.js:6430:5)
      at HTMLDivElement.callTheUserObjectsOperation 
(node_modules/jsdom/lib/jsdom/living/generated/EventListener.js:26:30)
      at innerInvokeEventListeners 
(node_modules/jsdom/lib/jsdom/living/events/EventTarget-impl.js:350:25)
      at invokeEventListeners 
(node_modules/jsdom/lib/jsdom/living/events/EventTarget-impl.js:286:3)
      at HTMLButtonElementImpl._dispatch 
(node_modules/jsdom/lib/jsdom/living/events/EventTarget-impl.js:233:9)
      at HTMLButtonElementImpl.dispatchEvent 
(node_modules/jsdom/lib/jsdom/living/events/EventTarget-impl.js:104:17)
      at HTMLButtonElement.dispatchEvent 
(node_modules/jsdom/lib/jsdom/living/generated/EventTarget.js:241:34)
      at 
node_modules/@testing-library/user-event/dist/cjs/event/dispatchEvent.js:45:43
      at Object.eventWrapper 
(node_modules/@testing-library/dom/dist/config.js:25:23)
      at Object.wrapEvent 
(node_modules/@testing-library/user-event/dist/cjs/event/wrapEvent.js:6:28)
      at Object.dispatchEvent (node_modules/@testing-library/user-event/dist/cj
s/event/dispatchEvent.js:45:22)
      at Object.dispatchUIEvent (node_modules/@testing-library/user-event/dist/
cjs/event/dispatchEvent.js:22:26)
      at Mouse.up (node_modules/@testing-library/user-event/dist/cjs/system/poi
nter/mouse.js:100:30)
      at PointerHost.release (node_modules/@testing-library/user-event/dist/cjs
/system/pointer/index.js:87:24)
      at pointerAction 
(node_modules/@testing-library/user-event/dist/cjs/pointer/index.js:54:47)
      at Object.pointer 
(node_modules/@testing-library/user-event/dist/cjs/pointer/index.js:27:9)
      at Object.<anonymous> 
(src/binding-authorities/__tests__/binding-authorities.test.tsx:1237:9)

    console.error
      Warning: An update to BAViewPage inside a test was not wrapped in 
act(...).
      
      When testing, code that causes React state updates should be wrapped 
into act(...):
      
      act(() => {
        /* fire events that update state */
      });
      /* assert on the output */
      
      This ensures that you're testing the behavior the user would see in the 
browser. Learn more at https://reactjs.org/link/wrap-tests-with-act
          at BAViewPage (C:\Users\samhe\OneDrive\Desktop\Cleaned\frontend\src\b
inding-authorities\BAViewPage\BAViewPage.tsx:104:29)
          at routeContext (C:\Users\samhe\OneDrive\Desktop\Cleaned\frontend\nod
e_modules\react-router\lib\hooks.tsx:658:26)
          at children (C:\Users\samhe\OneDrive\Desktop\Cleaned\frontend\node_mo
dules\react-router\lib\components.tsx:512:3)
          at basenameProp (C:\Users\samhe\OneDrive\Desktop\Cleaned\frontend\nod
e_modules\react-router\lib\components.tsx:421:13)
          at basename (C:\Users\samhe\OneDrive\Desktop\Cleaned\frontend\node_mo
dules\react-router\lib\components.tsx:225:3)

      277 |         if (activeTab === 'audit' && !auditFetched) {
      278 |             getAudit()
    > 279 |             setAuditFetched(true)
          |             ^
      280 |         }
      281 |     }, [activeTab]) // eslint-disable-line 
react-hooks/exhaustive-deps
      282 |

      at printWarning 
(node_modules/react-dom/cjs/react-dom.development.js:86:30)
      at error (node_modules/react-dom/cjs/react-dom.development.js:60:7)
      at warnIfUpdatesNotWrappedWithActDEV 
(node_modules/react-dom/cjs/react-dom.development.js:27628:9)
      at scheduleUpdateOnFiber 
(node_modules/react-dom/cjs/react-dom.development.js:25547:5)
      at dispatchSetState 
(node_modules/react-dom/cjs/react-dom.development.js:16708:7)
      at src/binding-authorities/BAViewPage/BAViewPage.tsx:279:13
      at commitHookEffectListMount 
(node_modules/react-dom/cjs/react-dom.development.js:23189:26)
      at commitPassiveMountOnFiber 
(node_modules/react-dom/cjs/react-dom.development.js:24970:11)
      at commitPassiveMountEffects_complete 
(node_modules/react-dom/cjs/react-dom.development.js:24930:9)
      at commitPassiveMountEffects_begin 
(node_modules/react-dom/cjs/react-dom.development.js:24917:7)
      at commitPassiveMountEffects 
(node_modules/react-dom/cjs/react-dom.development.js:24905:3)
      at flushPassiveEffectsImpl 
(node_modules/react-dom/cjs/react-dom.development.js:27078:3)
      at flushPassiveEffects 
(node_modules/react-dom/cjs/react-dom.development.js:27023:14)
      at commitRootImpl 
(node_modules/react-dom/cjs/react-dom.development.js:26974:5)
      at commitRoot 
(node_modules/react-dom/cjs/react-dom.development.js:26721:5)
      at performSyncWorkOnRoot 
(node_modules/react-dom/cjs/react-dom.development.js:26156:3)
      at flushSyncCallbacks 
(node_modules/react-dom/cjs/react-dom.development.js:12042:22)
      at node_modules/react-dom/cjs/react-dom.development.js:25690:13
      at invokeTheCallbackFunction 
(node_modules/jsdom/lib/jsdom/living/generated/Function.js:19:26)
      at node_modules/jsdom/lib/jsdom/browser/Window.js:554:9

    console.error
      Warning: An update to BAViewPage inside a test was not wrapped in 
act(...).
      
      When testing, code that causes React state updates should be wrapped 
into act(...):
      
      act(() => {
        /* fire events that update state */
      });
      /* assert on the output */
      
      This ensures that you're testing the behavior the user would see in the 
browser. Learn more at https://reactjs.org/link/wrap-tests-with-act
          at BAViewPage (C:\Users\samhe\OneDrive\Desktop\Cleaned\frontend\src\b
inding-authorities\BAViewPage\BAViewPage.tsx:104:29)
          at routeContext (C:\Users\samhe\OneDrive\Desktop\Cleaned\frontend\nod
e_modules\react-router\lib\hooks.tsx:658:26)
          at children (C:\Users\samhe\OneDrive\Desktop\Cleaned\frontend\node_mo
dules\react-router\lib\components.tsx:512:3)
          at basenameProp (C:\Users\samhe\OneDrive\Desktop\Cleaned\frontend\nod
e_modules\react-router\lib\components.tsx:421:13)
          at basename (C:\Users\samhe\OneDrive\Desktop\Cleaned\frontend\node_mo
dules\react-router\lib\components.tsx:225:3)

      1002 |                                 key={tab.key}
      1003 |                                 type="button"
    > 1004 |                                 onClick={() => 
setActiveTab(tab.key)}
           |                                                ^
      1005 |                                 className={`px-4 py-2 text-sm 
font-medium whitespace-nowrap border-b-2 ${activeTab === tab.key
      1006 |                                     ? 'border-brand-600 
text-brand-600'
      1007 |                                     : 'border-transparent 
text-gray-500 hover:text-gray-700'}`}

      at printWarning 
(node_modules/react-dom/cjs/react-dom.development.js:86:30)
      at error (node_modules/react-dom/cjs/react-dom.development.js:60:7)
      at warnIfUpdatesNotWrappedWithActDEV 
(node_modules/react-dom/cjs/react-dom.development.js:27628:9)
      at scheduleUpdateOnFiber 
(node_modules/react-dom/cjs/react-dom.development.js:25547:5)
      at dispatchSetState 
(node_modules/react-dom/cjs/react-dom.development.js:16708:7)
      at onClick (src/binding-authorities/BAViewPage/BAViewPage.tsx:1004:48)
      at HTMLUnknownElement.callCallback 
(node_modules/react-dom/cjs/react-dom.development.js:4164:14)
      at HTMLUnknownElement.callTheUserObjectsOperation 
(node_modules/jsdom/lib/jsdom/living/generated/EventListener.js:26:30)
      at innerInvokeEventListeners 
(node_modules/jsdom/lib/jsdom/living/events/EventTarget-impl.js:350:25)
      at invokeEventListeners 
(node_modules/jsdom/lib/jsdom/living/events/EventTarget-impl.js:286:3)
      at HTMLUnknownElementImpl._dispatch 
(node_modules/jsdom/lib/jsdom/living/events/EventTarget-impl.js:233:9)
      at HTMLUnknownElementImpl.dispatchEvent 
(node_modules/jsdom/lib/jsdom/living/events/EventTarget-impl.js:104:17)
      at HTMLUnknownElement.dispatchEvent 
(node_modules/jsdom/lib/jsdom/living/generated/EventTarget.js:241:34)
      at Object.invokeGuardedCallbackDev 
(node_modules/react-dom/cjs/react-dom.development.js:4213:16)
      at invokeGuardedCallback 
(node_modules/react-dom/cjs/react-dom.development.js:4277:31)
      at invokeGuardedCallbackAndCatchFirstError 
(node_modules/react-dom/cjs/react-dom.development.js:4291:25)
      at executeDispatch 
(node_modules/react-dom/cjs/react-dom.development.js:9041:3)
      at processDispatchQueueItemsInOrder 
(node_modules/react-dom/cjs/react-dom.development.js:9073:7)
      at processDispatchQueue 
(node_modules/react-dom/cjs/react-dom.development.js:9086:5)
      at dispatchEventsForPlugins 
(node_modules/react-dom/cjs/react-dom.development.js:9097:3)
      at node_modules/react-dom/cjs/react-dom.development.js:9288:12
      at batchedUpdates$1 
(node_modules/react-dom/cjs/react-dom.development.js:26179:12)
      at batchedUpdates 
(node_modules/react-dom/cjs/react-dom.development.js:3991:12)
      at dispatchEventForPluginEventSystem 
(node_modules/react-dom/cjs/react-dom.development.js:9287:3)
      at dispatchEventWithEnableCapturePhaseSelectiveHydrationWithoutDiscreteEv
entReplay (node_modules/react-dom/cjs/react-dom.development.js:6465:5)
      at dispatchEvent 
(node_modules/react-dom/cjs/react-dom.development.js:6457:5)
      at dispatchDiscreteEvent 
(node_modules/react-dom/cjs/react-dom.development.js:6430:5)
      at HTMLDivElement.callTheUserObjectsOperation 
(node_modules/jsdom/lib/jsdom/living/generated/EventListener.js:26:30)
      at innerInvokeEventListeners 
(node_modules/jsdom/lib/jsdom/living/events/EventTarget-impl.js:350:25)
      at invokeEventListeners 
(node_modules/jsdom/lib/jsdom/living/events/EventTarget-impl.js:286:3)
      at HTMLButtonElementImpl._dispatch 
(node_modules/jsdom/lib/jsdom/living/events/EventTarget-impl.js:233:9)
      at HTMLButtonElementImpl.dispatchEvent 
(node_modules/jsdom/lib/jsdom/living/events/EventTarget-impl.js:104:17)
      at HTMLButtonElement.dispatchEvent 
(node_modules/jsdom/lib/jsdom/living/generated/EventTarget.js:241:34)
      at 
node_modules/@testing-library/user-event/dist/cjs/event/dispatchEvent.js:45:43
      at Object.eventWrapper 
(node_modules/@testing-library/dom/dist/config.js:25:23)
      at Object.wrapEvent 
(node_modules/@testing-library/user-event/dist/cjs/event/wrapEvent.js:6:28)
      at Object.dispatchEvent (node_modules/@testing-library/user-event/dist/cj
s/event/dispatchEvent.js:45:22)
      at Object.dispatchUIEvent (node_modules/@testing-library/user-event/dist/
cjs/event/dispatchEvent.js:22:26)
      at Mouse.up (node_modules/@testing-library/user-event/dist/cjs/system/poi
nter/mouse.js:100:30)
      at PointerHost.release (node_modules/@testing-library/user-event/dist/cjs
/system/pointer/index.js:87:24)
      at pointerAction 
(node_modules/@testing-library/user-event/dist/cjs/pointer/index.js:54:47)
      at Object.pointer 
(node_modules/@testing-library/user-event/dist/cjs/pointer/index.js:27:9)
      at Object.<anonymous> 
(src/binding-authorities/__tests__/binding-authorities.test.tsx:1246:9)

    console.error
      Warning: An update to BAViewPage inside a test was not wrapped in 
act(...).
      
      When testing, code that causes React state updates should be wrapped 
into act(...):
      
      act(() => {
        /* fire events that update state */
      });
      /* assert on the output */
      
      This ensures that you're testing the behavior the user would see in the 
browser. Learn more at https://reactjs.org/link/wrap-tests-with-act
          at BAViewPage (C:\Users\samhe\OneDrive\Desktop\Cleaned\frontend\src\b
inding-authorities\BAViewPage\BAViewPage.tsx:104:29)
          at routeContext (C:\Users\samhe\OneDrive\Desktop\Cleaned\frontend\nod
e_modules\react-router\lib\hooks.tsx:658:26)
          at children (C:\Users\samhe\OneDrive\Desktop\Cleaned\frontend\node_mo
dules\react-router\lib\components.tsx:512:3)
          at basenameProp (C:\Users\samhe\OneDrive\Desktop\Cleaned\frontend\nod
e_modules\react-router\lib\components.tsx:421:13)
          at basename (C:\Users\samhe\OneDrive\Desktop\Cleaned\frontend\node_mo
dules\react-router\lib\components.tsx:225:3)

      277 |         if (activeTab === 'audit' && !auditFetched) {
      278 |             getAudit()
    > 279 |             setAuditFetched(true)
          |             ^
      280 |         }
      281 |     }, [activeTab]) // eslint-disable-line 
react-hooks/exhaustive-deps
      282 |

      at printWarning 
(node_modules/react-dom/cjs/react-dom.development.js:86:30)
      at error (node_modules/react-dom/cjs/react-dom.development.js:60:7)
      at warnIfUpdatesNotWrappedWithActDEV 
(node_modules/react-dom/cjs/react-dom.development.js:27628:9)
      at scheduleUpdateOnFiber 
(node_modules/react-dom/cjs/react-dom.development.js:25547:5)
      at dispatchSetState 
(node_modules/react-dom/cjs/react-dom.development.js:16708:7)
      at src/binding-authorities/BAViewPage/BAViewPage.tsx:279:13
      at commitHookEffectListMount 
(node_modules/react-dom/cjs/react-dom.development.js:23189:26)
      at commitPassiveMountOnFiber 
(node_modules/react-dom/cjs/react-dom.development.js:24970:11)
      at commitPassiveMountEffects_complete 
(node_modules/react-dom/cjs/react-dom.development.js:24930:9)
      at commitPassiveMountEffects_begin 
(node_modules/react-dom/cjs/react-dom.development.js:24917:7)
      at commitPassiveMountEffects 
(node_modules/react-dom/cjs/react-dom.development.js:24905:3)
      at flushPassiveEffectsImpl 
(node_modules/react-dom/cjs/react-dom.development.js:27078:3)
      at flushPassiveEffects 
(node_modules/react-dom/cjs/react-dom.development.js:27023:14)
      at commitRootImpl 
(node_modules/react-dom/cjs/react-dom.development.js:26974:5)
      at commitRoot 
(node_modules/react-dom/cjs/react-dom.development.js:26721:5)
      at performSyncWorkOnRoot 
(node_modules/react-dom/cjs/react-dom.development.js:26156:3)
      at flushSyncCallbacks 
(node_modules/react-dom/cjs/react-dom.development.js:12042:22)
      at node_modules/react-dom/cjs/react-dom.development.js:25690:13
      at invokeTheCallbackFunction 
(node_modules/jsdom/lib/jsdom/living/generated/Function.js:19:26)
      at node_modules/jsdom/lib/jsdom/browser/Window.js:554:9

    console.error
      Warning: An update to BAViewPage inside a test was not wrapped in 
act(...).
      
      When testing, code that causes React state updates should be wrapped 
into act(...):
      
      act(() => {
        /* fire events that update state */
      });
      /* assert on the output */
      
      This ensures that you're testing the behavior the user would see in the 
browser. Learn more at https://reactjs.org/link/wrap-tests-with-act
          at BAViewPage (C:\Users\samhe\OneDrive\Desktop\Cleaned\frontend\src\b
inding-authorities\BAViewPage\BAViewPage.tsx:104:29)
          at routeContext (C:\Users\samhe\OneDrive\Desktop\Cleaned\frontend\nod
e_modules\react-router\lib\hooks.tsx:658:26)
          at children (C:\Users\samhe\OneDrive\Desktop\Cleaned\frontend\node_mo
dules\react-router\lib\components.tsx:512:3)
          at basenameProp (C:\Users\samhe\OneDrive\Desktop\Cleaned\frontend\nod
e_modules\react-router\lib\components.tsx:421:13)
          at basename (C:\Users\samhe\OneDrive\Desktop\Cleaned\frontend\node_mo
dules\react-router\lib\components.tsx:225:3)

      1002 |                                 key={tab.key}
      1003 |                                 type="button"
    > 1004 |                                 onClick={() => 
setActiveTab(tab.key)}
           |                                                ^
      1005 |                                 className={`px-4 py-2 text-sm 
font-medium whitespace-nowrap border-b-2 ${activeTab === tab.key
      1006 |                                     ? 'border-brand-600 
text-brand-600'
      1007 |                                     : 'border-transparent 
text-gray-500 hover:text-gray-700'}`}

      at printWarning 
(node_modules/react-dom/cjs/react-dom.development.js:86:30)
      at error (node_modules/react-dom/cjs/react-dom.development.js:60:7)
      at warnIfUpdatesNotWrappedWithActDEV 
(node_modules/react-dom/cjs/react-dom.development.js:27628:9)
      at scheduleUpdateOnFiber 
(node_modules/react-dom/cjs/react-dom.development.js:25547:5)
      at dispatchSetState 
(node_modules/react-dom/cjs/react-dom.development.js:16708:7)
      at onClick (src/binding-authorities/BAViewPage/BAViewPage.tsx:1004:48)
      at HTMLUnknownElement.callCallback 
(node_modules/react-dom/cjs/react-dom.development.js:4164:14)
      at HTMLUnknownElement.callTheUserObjectsOperation 
(node_modules/jsdom/lib/jsdom/living/generated/EventListener.js:26:30)
      at innerInvokeEventListeners 
(node_modules/jsdom/lib/jsdom/living/events/EventTarget-impl.js:350:25)
      at invokeEventListeners 
(node_modules/jsdom/lib/jsdom/living/events/EventTarget-impl.js:286:3)
      at HTMLUnknownElementImpl._dispatch 
(node_modules/jsdom/lib/jsdom/living/events/EventTarget-impl.js:233:9)
      at HTMLUnknownElementImpl.dispatchEvent 
(node_modules/jsdom/lib/jsdom/living/events/EventTarget-impl.js:104:17)
      at HTMLUnknownElement.dispatchEvent 
(node_modules/jsdom/lib/jsdom/living/generated/EventTarget.js:241:34)
      at Object.invokeGuardedCallbackDev 
(node_modules/react-dom/cjs/react-dom.development.js:4213:16)
      at invokeGuardedCallback 
(node_modules/react-dom/cjs/react-dom.development.js:4277:31)
      at invokeGuardedCallbackAndCatchFirstError 
(node_modules/react-dom/cjs/react-dom.development.js:4291:25)
      at executeDispatch 
(node_modules/react-dom/cjs/react-dom.development.js:9041:3)
      at processDispatchQueueItemsInOrder 
(node_modules/react-dom/cjs/react-dom.development.js:9073:7)
      at processDispatchQueue 
(node_modules/react-dom/cjs/react-dom.development.js:9086:5)
      at dispatchEventsForPlugins 
(node_modules/react-dom/cjs/react-dom.development.js:9097:3)
      at node_modules/react-dom/cjs/react-dom.development.js:9288:12
      at batchedUpdates$1 
(node_modules/react-dom/cjs/react-dom.development.js:26179:12)
      at batchedUpdates 
(node_modules/react-dom/cjs/react-dom.development.js:3991:12)
      at dispatchEventForPluginEventSystem 
(node_modules/react-dom/cjs/react-dom.development.js:9287:3)
      at dispatchEventWithEnableCapturePhaseSelectiveHydrationWithoutDiscreteEv
entReplay (node_modules/react-dom/cjs/react-dom.development.js:6465:5)
      at dispatchEvent 
(node_modules/react-dom/cjs/react-dom.development.js:6457:5)
      at dispatchDiscreteEvent 
(node_modules/react-dom/cjs/react-dom.development.js:6430:5)
      at HTMLDivElement.callTheUserObjectsOperation 
(node_modules/jsdom/lib/jsdom/living/generated/EventListener.js:26:30)
      at innerInvokeEventListeners 
(node_modules/jsdom/lib/jsdom/living/events/EventTarget-impl.js:350:25)
      at invokeEventListeners 
(node_modules/jsdom/lib/jsdom/living/events/EventTarget-impl.js:286:3)
      at HTMLButtonElementImpl._dispatch 
(node_modules/jsdom/lib/jsdom/living/events/EventTarget-impl.js:233:9)
      at HTMLButtonElementImpl.dispatchEvent 
(node_modules/jsdom/lib/jsdom/living/events/EventTarget-impl.js:104:17)
      at HTMLButtonElement.dispatchEvent 
(node_modules/jsdom/lib/jsdom/living/generated/EventTarget.js:241:34)
      at 
node_modules/@testing-library/user-event/dist/cjs/event/dispatchEvent.js:45:43
      at Object.eventWrapper 
(node_modules/@testing-library/dom/dist/config.js:25:23)
      at Object.wrapEvent 
(node_modules/@testing-library/user-event/dist/cjs/event/wrapEvent.js:6:28)
      at Object.dispatchEvent (node_modules/@testing-library/user-event/dist/cj
s/event/dispatchEvent.js:45:22)
      at Object.dispatchUIEvent (node_modules/@testing-library/user-event/dist/
cjs/event/dispatchEvent.js:22:26)
      at Mouse.up (node_modules/@testing-library/user-event/dist/cjs/system/poi
nter/mouse.js:100:30)
      at PointerHost.release (node_modules/@testing-library/user-event/dist/cjs
/system/pointer/index.js:87:24)
      at pointerAction 
(node_modules/@testing-library/user-event/dist/cjs/pointer/index.js:54:47)
      at Object.pointer 
(node_modules/@testing-library/user-event/dist/cjs/pointer/index.js:27:9)
      at Object.<anonymous> 
(src/binding-authorities/__tests__/binding-authorities.test.tsx:1254:9)

    console.error
      Warning: An update to BAViewPage inside a test was not wrapped in 
act(...).
      
      When testing, code that causes React state updates should be wrapped 
into act(...):
      
      act(() => {
        /* fire events that update state */
      });
      /* assert on the output */
      
      This ensures that you're testing the behavior the user would see in the 
browser. Learn more at https://reactjs.org/link/wrap-tests-with-act
          at BAViewPage (C:\Users\samhe\OneDrive\Desktop\Cleaned\frontend\src\b
inding-authorities\BAViewPage\BAViewPage.tsx:104:29)
          at routeContext (C:\Users\samhe\OneDrive\Desktop\Cleaned\frontend\nod
e_modules\react-router\lib\hooks.tsx:658:26)
          at children (C:\Users\samhe\OneDrive\Desktop\Cleaned\frontend\node_mo
dules\react-router\lib\components.tsx:512:3)
          at basenameProp (C:\Users\samhe\OneDrive\Desktop\Cleaned\frontend\nod
e_modules\react-router\lib\components.tsx:421:13)
          at basename (C:\Users\samhe\OneDrive\Desktop\Cleaned\frontend\node_mo
dules\react-router\lib\components.tsx:225:3)

      277 |         if (activeTab === 'audit' && !auditFetched) {
      278 |             getAudit()
    > 279 |             setAuditFetched(true)
          |             ^
      280 |         }
      281 |     }, [activeTab]) // eslint-disable-line 
react-hooks/exhaustive-deps
      282 |

      at printWarning 
(node_modules/react-dom/cjs/react-dom.development.js:86:30)
      at error (node_modules/react-dom/cjs/react-dom.development.js:60:7)
      at warnIfUpdatesNotWrappedWithActDEV 
(node_modules/react-dom/cjs/react-dom.development.js:27628:9)
      at scheduleUpdateOnFiber 
(node_modules/react-dom/cjs/react-dom.development.js:25547:5)
      at dispatchSetState 
(node_modules/react-dom/cjs/react-dom.development.js:16708:7)
      at src/binding-authorities/BAViewPage/BAViewPage.tsx:279:13
      at commitHookEffectListMount 
(node_modules/react-dom/cjs/react-dom.development.js:23189:26)
      at commitPassiveMountOnFiber 
(node_modules/react-dom/cjs/react-dom.development.js:24970:11)
      at commitPassiveMountEffects_complete 
(node_modules/react-dom/cjs/react-dom.development.js:24930:9)
      at commitPassiveMountEffects_begin 
(node_modules/react-dom/cjs/react-dom.development.js:24917:7)
      at commitPassiveMountEffects 
(node_modules/react-dom/cjs/react-dom.development.js:24905:3)
      at flushPassiveEffectsImpl 
(node_modules/react-dom/cjs/react-dom.development.js:27078:3)
      at flushPassiveEffects 
(node_modules/react-dom/cjs/react-dom.development.js:27023:14)
      at commitRootImpl 
(node_modules/react-dom/cjs/react-dom.development.js:26974:5)
      at commitRoot 
(node_modules/react-dom/cjs/react-dom.development.js:26721:5)
      at performSyncWorkOnRoot 
(node_modules/react-dom/cjs/react-dom.development.js:26156:3)
      at flushSyncCallbacks 
(node_modules/react-dom/cjs/react-dom.development.js:12042:22)
      at node_modules/react-dom/cjs/react-dom.development.js:25690:13
      at invokeTheCallbackFunction 
(node_modules/jsdom/lib/jsdom/living/generated/Function.js:19:26)
      at node_modules/jsdom/lib/jsdom/browser/Window.js:554:9

    console.error
      Warning: An update to BASectionViewPage inside a test was not wrapped in 
act(...).
      
      When testing, code that causes React state updates should be wrapped 
into act(...):
      
      act(() => {
        /* fire events that update state */
      });
      /* assert on the output */
      
      This ensures that you're testing the behavior the user would see in the 
browser. Learn more at https://reactjs.org/link/wrap-tests-with-act
          at BASectionViewPage (C:\Users\samhe\OneDrive\Desktop\Cleaned\fronten
d\src\binding-authorities\BASectionViewPage\BASectionViewPage.tsx:46:40)
          at routeContext (C:\Users\samhe\OneDrive\Desktop\Cleaned\frontend\nod
e_modules\react-router\lib\hooks.tsx:658:26)
          at children (C:\Users\samhe\OneDrive\Desktop\Cleaned\frontend\node_mo
dules\react-router\lib\components.tsx:512:3)
          at basenameProp (C:\Users\samhe\OneDrive\Desktop\Cleaned\frontend\nod
e_modules\react-router\lib\components.tsx:421:13)
          at basename (C:\Users\samhe\OneDrive\Desktop\Cleaned\frontend\node_mo
dules\react-router\lib\components.tsx:225:3)

      120 |     const handleSaveCoverage = useCallback(async () => {
      121 |         if (!section) return
    > 122 |         setSaving(true)
          |         ^
      123 |         try {
      124 |             const updated = await updateBASection(secId, 
coverageForm)
      125 |             setSection(updated)

      at printWarning 
(node_modules/react-dom/cjs/react-dom.development.js:86:30)
      at error (node_modules/react-dom/cjs/react-dom.development.js:60:7)
      at warnIfUpdatesNotWrappedWithActDEV 
(node_modules/react-dom/cjs/react-dom.development.js:27628:9)
      at scheduleUpdateOnFiber 
(node_modules/react-dom/cjs/react-dom.development.js:25547:5)
      at dispatchSetState 
(node_modules/react-dom/cjs/react-dom.development.js:16708:7)
      at src/binding-authorities/BASectionViewPage/BASectionViewPage.tsx:122:9
      at onSave 
(src/binding-authorities/BASectionViewPage/BASectionViewPage.tsx:144:37)
      at callTheUserObjectsOperation 
(node_modules/jsdom/lib/jsdom/living/generated/EventListener.js:26:30)
      at innerInvokeEventListeners 
(node_modules/jsdom/lib/jsdom/living/events/EventTarget-impl.js:350:25)
      at invokeEventListeners 
(node_modules/jsdom/lib/jsdom/living/events/EventTarget-impl.js:286:3)
      at EventTargetImpl._dispatch 
(node_modules/jsdom/lib/jsdom/living/events/EventTarget-impl.js:233:9)
      at EventTargetImpl.dispatchEvent 
(node_modules/jsdom/lib/jsdom/living/events/EventTarget-impl.js:104:17)
      at dispatchEvent 
(node_modules/jsdom/lib/jsdom/living/generated/EventTarget.js:241:34)
      at Object.<anonymous> 
(src/binding-authorities/__tests__/binding-authorities.test.tsx:1330:16)

    console.error
      Warning: An update to BASectionViewPage inside a test was not wrapped in 
act(...).
      
      When testing, code that causes React state updates should be wrapped 
into act(...):
      
      act(() => {
        /* fire events that update state */
      });
      /* assert on the output */
      
      This ensures that you're testing the behavior the user would see in the 
browser. Learn more at https://reactjs.org/link/wrap-tests-with-act
          at BASectionViewPage (C:\Users\samhe\OneDrive\Desktop\Cleaned\fronten
d\src\binding-authorities\BASectionViewPage\BASectionViewPage.tsx:46:40)
          at routeContext (C:\Users\samhe\OneDrive\Desktop\Cleaned\frontend\nod
e_modules\react-router\lib\hooks.tsx:658:26)
          at children (C:\Users\samhe\OneDrive\Desktop\Cleaned\frontend\node_mo
dules\react-router\lib\components.tsx:512:3)
          at basenameProp (C:\Users\samhe\OneDrive\Desktop\Cleaned\frontend\nod
e_modules\react-router\lib\components.tsx:421:13)
          at basename (C:\Users\samhe\OneDrive\Desktop\Cleaned\frontend\node_mo
dules\react-router\lib\components.tsx:225:3)

      317 |                             key={tab.key}
      318 |                             type="button"
    > 319 |                             onClick={() => setActiveTab(tab.key)}
          |                                            ^
      320 |                             className={`px-4 py-2 text-sm 
font-medium whitespace-nowrap border-b-2 ${activeTab === tab.key
      321 |                                 ? 'border-brand-600 text-brand-600'
      322 |                                 : 'border-transparent 
text-gray-500 hover:text-gray-700'}`}

      at printWarning 
(node_modules/react-dom/cjs/react-dom.development.js:86:30)
      at error (node_modules/react-dom/cjs/react-dom.development.js:60:7)
      at warnIfUpdatesNotWrappedWithActDEV 
(node_modules/react-dom/cjs/react-dom.development.js:27628:9)
      at scheduleUpdateOnFiber 
(node_modules/react-dom/cjs/react-dom.development.js:25547:5)
      at dispatchSetState 
(node_modules/react-dom/cjs/react-dom.development.js:16708:7)
      at onClick 
(src/binding-authorities/BASectionViewPage/BASectionViewPage.tsx:319:44)
      at HTMLUnknownElement.callCallback 
(node_modules/react-dom/cjs/react-dom.development.js:4164:14)
      at HTMLUnknownElement.callTheUserObjectsOperation 
(node_modules/jsdom/lib/jsdom/living/generated/EventListener.js:26:30)
      at innerInvokeEventListeners 
(node_modules/jsdom/lib/jsdom/living/events/EventTarget-impl.js:350:25)
      at invokeEventListeners 
(node_modules/jsdom/lib/jsdom/living/events/EventTarget-impl.js:286:3)
      at HTMLUnknownElementImpl._dispatch 
(node_modules/jsdom/lib/jsdom/living/events/EventTarget-impl.js:233:9)
      at HTMLUnknownElementImpl.dispatchEvent 
(node_modules/jsdom/lib/jsdom/living/events/EventTarget-impl.js:104:17)
      at HTMLUnknownElement.dispatchEvent 
(node_modules/jsdom/lib/jsdom/living/generated/EventTarget.js:241:34)
      at Object.invokeGuardedCallbackDev 
(node_modules/react-dom/cjs/react-dom.development.js:4213:16)
      at invokeGuardedCallback 
(node_modules/react-dom/cjs/react-dom.development.js:4277:31)
      at invokeGuardedCallbackAndCatchFirstError 
(node_modules/react-dom/cjs/react-dom.development.js:4291:25)
      at executeDispatch 
(node_modules/react-dom/cjs/react-dom.development.js:9041:3)
      at processDispatchQueueItemsInOrder 
(node_modules/react-dom/cjs/react-dom.development.js:9073:7)
      at processDispatchQueue 
(node_modules/react-dom/cjs/react-dom.development.js:9086:5)
      at dispatchEventsForPlugins 
(node_modules/react-dom/cjs/react-dom.development.js:9097:3)
      at node_modules/react-dom/cjs/react-dom.development.js:9288:12
      at batchedUpdates$1 
(node_modules/react-dom/cjs/react-dom.development.js:26179:12)
      at batchedUpdates 
(node_modules/react-dom/cjs/react-dom.development.js:3991:12)
      at dispatchEventForPluginEventSystem 
(node_modules/react-dom/cjs/react-dom.development.js:9287:3)
      at dispatchEventWithEnableCapturePhaseSelectiveHydrationWithoutDiscreteEv
entReplay (node_modules/react-dom/cjs/react-dom.development.js:6465:5)
      at dispatchEvent 
(node_modules/react-dom/cjs/react-dom.development.js:6457:5)
      at dispatchDiscreteEvent 
(node_modules/react-dom/cjs/react-dom.development.js:6430:5)
      at HTMLDivElement.callTheUserObjectsOperation 
(node_modules/jsdom/lib/jsdom/living/generated/EventListener.js:26:30)
      at innerInvokeEventListeners 
(node_modules/jsdom/lib/jsdom/living/events/EventTarget-impl.js:350:25)
      at invokeEventListeners 
(node_modules/jsdom/lib/jsdom/living/events/EventTarget-impl.js:286:3)
      at HTMLButtonElementImpl._dispatch 
(node_modules/jsdom/lib/jsdom/living/events/EventTarget-impl.js:233:9)
      at HTMLButtonElementImpl.dispatchEvent 
(node_modules/jsdom/lib/jsdom/living/events/EventTarget-impl.js:104:17)
      at HTMLButtonElement.dispatchEvent 
(node_modules/jsdom/lib/jsdom/living/generated/EventTarget.js:241:34)
      at 
node_modules/@testing-library/user-event/dist/cjs/event/dispatchEvent.js:45:43
      at Object.eventWrapper 
(node_modules/@testing-library/dom/dist/config.js:25:23)
      at Object.wrapEvent 
(node_modules/@testing-library/user-event/dist/cjs/event/wrapEvent.js:6:28)
      at Object.dispatchEvent (node_modules/@testing-library/user-event/dist/cj
s/event/dispatchEvent.js:45:22)
      at Object.dispatchUIEvent (node_modules/@testing-library/user-event/dist/
cjs/event/dispatchEvent.js:22:26)
      at Mouse.up (node_modules/@testing-library/user-event/dist/cjs/system/poi
nter/mouse.js:100:30)
      at PointerHost.release (node_modules/@testing-library/user-event/dist/cjs
/system/pointer/index.js:87:24)
      at pointerAction 
(node_modules/@testing-library/user-event/dist/cjs/pointer/index.js:54:47)
      at Object.pointer 
(node_modules/@testing-library/user-event/dist/cjs/pointer/index.js:27:9)
      at Object.<anonymous> 
(src/binding-authorities/__tests__/binding-authorities.test.tsx:1360:9)

    console.error
      Warning: An update to BASectionViewPage inside a test was not wrapped in 
act(...).
      
      When testing, code that causes React state updates should be wrapped 
into act(...):
      
      act(() => {
        /* fire events that update state */
      });
      /* assert on the output */
      
      This ensures that you're testing the behavior the user would see in the 
browser. Learn more at https://reactjs.org/link/wrap-tests-with-act
          at BASectionViewPage (C:\Users\samhe\OneDrive\Desktop\Cleaned\fronten
d\src\binding-authorities\BASectionViewPage\BASectionViewPage.tsx:46:40)
          at routeContext (C:\Users\samhe\OneDrive\Desktop\Cleaned\frontend\nod
e_modules\react-router\lib\hooks.tsx:658:26)
          at children (C:\Users\samhe\OneDrive\Desktop\Cleaned\frontend\node_mo
dules\react-router\lib\components.tsx:512:3)
          at basenameProp (C:\Users\samhe\OneDrive\Desktop\Cleaned\frontend\nod
e_modules\react-router\lib\components.tsx:421:13)
          at basename (C:\Users\samhe\OneDrive\Desktop\Cleaned\frontend\node_mo
dules\react-router\lib\components.tsx:225:3)

      108 |         if (activeTab === 'participations' && !partLoaded && 
secId) {
      109 |             getParticipations(secId)
    > 110 |                 .then((data) => { setParticipations(data); 
setPartLoaded(true) })
          |                                   ^
      111 |                 .catch(() => addNotification('Could not load 
participations.', 'error'))
      112 |         }
      113 |         if (activeTab === 'risk-codes' && !riskCodesLoaded && 
secId) {

      at printWarning 
(node_modules/react-dom/cjs/react-dom.development.js:86:30)
      at error (node_modules/react-dom/cjs/react-dom.development.js:60:7)
      at warnIfUpdatesNotWrappedWithActDEV 
(node_modules/react-dom/cjs/react-dom.development.js:27628:9)
      at scheduleUpdateOnFiber 
(node_modules/react-dom/cjs/react-dom.development.js:25547:5)
      at dispatchSetState 
(node_modules/react-dom/cjs/react-dom.development.js:16708:7)
      at src/binding-authorities/BASectionViewPage/BASectionViewPage.tsx:110:35

    console.error
      Warning: An update to BASectionViewPage inside a test was not wrapped in 
act(...).
      
      When testing, code that causes React state updates should be wrapped 
into act(...):
      
      act(() => {
        /* fire events that update state */
      });
      /* assert on the output */
      
      This ensures that you're testing the behavior the user would see in the 
browser. Learn more at https://reactjs.org/link/wrap-tests-with-act
          at BASectionViewPage (C:\Users\samhe\OneDrive\Desktop\Cleaned\fronten
d\src\binding-authorities\BASectionViewPage\BASectionViewPage.tsx:46:40)
          at routeContext (C:\Users\samhe\OneDrive\Desktop\Cleaned\frontend\nod
e_modules\react-router\lib\hooks.tsx:658:26)
          at children (C:\Users\samhe\OneDrive\Desktop\Cleaned\frontend\node_mo
dules\react-router\lib\components.tsx:512:3)
          at basenameProp (C:\Users\samhe\OneDrive\Desktop\Cleaned\frontend\nod
e_modules\react-router\lib\components.tsx:421:13)
          at basename (C:\Users\samhe\OneDrive\Desktop\Cleaned\frontend\node_mo
dules\react-router\lib\components.tsx:225:3)

      108 |         if (activeTab === 'participations' && !partLoaded && 
secId) {
      109 |             getParticipations(secId)
    > 110 |                 .then((data) => { setParticipations(data); 
setPartLoaded(true) })
          |                                                            ^
      111 |                 .catch(() => addNotification('Could not load 
participations.', 'error'))
      112 |         }
      113 |         if (activeTab === 'risk-codes' && !riskCodesLoaded && 
secId) {

      at printWarning 
(node_modules/react-dom/cjs/react-dom.development.js:86:30)
      at error (node_modules/react-dom/cjs/react-dom.development.js:60:7)
      at warnIfUpdatesNotWrappedWithActDEV 
(node_modules/react-dom/cjs/react-dom.development.js:27628:9)
      at scheduleUpdateOnFiber 
(node_modules/react-dom/cjs/react-dom.development.js:25547:5)
      at dispatchSetState 
(node_modules/react-dom/cjs/react-dom.development.js:16708:7)
      at src/binding-authorities/BASectionViewPage/BASectionViewPage.tsx:110:60

    console.error
      Warning: An update to BASectionViewPage inside a test was not wrapped in 
act(...).
      
      When testing, code that causes React state updates should be wrapped 
into act(...):
      
      act(() => {
        /* fire events that update state */
      });
      /* assert on the output */
      
      This ensures that you're testing the behavior the user would see in the 
browser. Learn more at https://reactjs.org/link/wrap-tests-with-act
          at BASectionViewPage (C:\Users\samhe\OneDrive\Desktop\Cleaned\fronten
d\src\binding-authorities\BASectionViewPage\BASectionViewPage.tsx:46:40)
          at routeContext (C:\Users\samhe\OneDrive\Desktop\Cleaned\frontend\nod
e_modules\react-router\lib\hooks.tsx:658:26)
          at children (C:\Users\samhe\OneDrive\Desktop\Cleaned\frontend\node_mo
dules\react-router\lib\components.tsx:512:3)
          at basenameProp (C:\Users\samhe\OneDrive\Desktop\Cleaned\frontend\nod
e_modules\react-router\lib\components.tsx:421:13)
          at basename (C:\Users\samhe\OneDrive\Desktop\Cleaned\frontend\node_mo
dules\react-router\lib\components.tsx:225:3)

      317 |                             key={tab.key}
      318 |                             type="button"
    > 319 |                             onClick={() => setActiveTab(tab.key)}
          |                                            ^
      320 |                             className={`px-4 py-2 text-sm 
font-medium whitespace-nowrap border-b-2 ${activeTab === tab.key
      321 |                                 ? 'border-brand-600 text-brand-600'
      322 |                                 : 'border-transparent 
text-gray-500 hover:text-gray-700'}`}

      at printWarning 
(node_modules/react-dom/cjs/react-dom.development.js:86:30)
      at error (node_modules/react-dom/cjs/react-dom.development.js:60:7)
      at warnIfUpdatesNotWrappedWithActDEV 
(node_modules/react-dom/cjs/react-dom.development.js:27628:9)
      at scheduleUpdateOnFiber 
(node_modules/react-dom/cjs/react-dom.development.js:25547:5)
      at dispatchSetState 
(node_modules/react-dom/cjs/react-dom.development.js:16708:7)
      at onClick 
(src/binding-authorities/BASectionViewPage/BASectionViewPage.tsx:319:44)
      at HTMLUnknownElement.callCallback 
(node_modules/react-dom/cjs/react-dom.development.js:4164:14)
      at HTMLUnknownElement.callTheUserObjectsOperation 
(node_modules/jsdom/lib/jsdom/living/generated/EventListener.js:26:30)
      at innerInvokeEventListeners 
(node_modules/jsdom/lib/jsdom/living/events/EventTarget-impl.js:350:25)
      at invokeEventListeners 
(node_modules/jsdom/lib/jsdom/living/events/EventTarget-impl.js:286:3)
      at HTMLUnknownElementImpl._dispatch 
(node_modules/jsdom/lib/jsdom/living/events/EventTarget-impl.js:233:9)
      at HTMLUnknownElementImpl.dispatchEvent 
(node_modules/jsdom/lib/jsdom/living/events/EventTarget-impl.js:104:17)
      at HTMLUnknownElement.dispatchEvent 
(node_modules/jsdom/lib/jsdom/living/generated/EventTarget.js:241:34)
      at Object.invokeGuardedCallbackDev 
(node_modules/react-dom/cjs/react-dom.development.js:4213:16)
      at invokeGuardedCallback 
(node_modules/react-dom/cjs/react-dom.development.js:4277:31)
      at invokeGuardedCallbackAndCatchFirstError 
(node_modules/react-dom/cjs/react-dom.development.js:4291:25)
      at executeDispatch 
(node_modules/react-dom/cjs/react-dom.development.js:9041:3)
      at processDispatchQueueItemsInOrder 
(node_modules/react-dom/cjs/react-dom.development.js:9073:7)
      at processDispatchQueue 
(node_modules/react-dom/cjs/react-dom.development.js:9086:5)
      at dispatchEventsForPlugins 
(node_modules/react-dom/cjs/react-dom.development.js:9097:3)
      at node_modules/react-dom/cjs/react-dom.development.js:9288:12
      at batchedUpdates$1 
(node_modules/react-dom/cjs/react-dom.development.js:26179:12)
      at batchedUpdates 
(node_modules/react-dom/cjs/react-dom.development.js:3991:12)
      at dispatchEventForPluginEventSystem 
(node_modules/react-dom/cjs/react-dom.development.js:9287:3)
      at dispatchEventWithEnableCapturePhaseSelectiveHydrationWithoutDiscreteEv
entReplay (node_modules/react-dom/cjs/react-dom.development.js:6465:5)
      at dispatchEvent 
(node_modules/react-dom/cjs/react-dom.development.js:6457:5)
      at dispatchDiscreteEvent 
(node_modules/react-dom/cjs/react-dom.development.js:6430:5)
      at HTMLDivElement.callTheUserObjectsOperation 
(node_modules/jsdom/lib/jsdom/living/generated/EventListener.js:26:30)
      at innerInvokeEventListeners 
(node_modules/jsdom/lib/jsdom/living/events/EventTarget-impl.js:350:25)
      at invokeEventListeners 
(node_modules/jsdom/lib/jsdom/living/events/EventTarget-impl.js:286:3)
      at HTMLButtonElementImpl._dispatch 
(node_modules/jsdom/lib/jsdom/living/events/EventTarget-impl.js:233:9)
      at HTMLButtonElementImpl.dispatchEvent 
(node_modules/jsdom/lib/jsdom/living/events/EventTarget-impl.js:104:17)
      at HTMLButtonElement.dispatchEvent 
(node_modules/jsdom/lib/jsdom/living/generated/EventTarget.js:241:34)
      at 
node_modules/@testing-library/user-event/dist/cjs/event/dispatchEvent.js:45:43
      at Object.eventWrapper 
(node_modules/@testing-library/dom/dist/config.js:25:23)
      at Object.wrapEvent 
(node_modules/@testing-library/user-event/dist/cjs/event/wrapEvent.js:6:28)
      at Object.dispatchEvent (node_modules/@testing-library/user-event/dist/cj
s/event/dispatchEvent.js:45:22)
      at Object.dispatchUIEvent (node_modules/@testing-library/user-event/dist/
cjs/event/dispatchEvent.js:22:26)
      at Mouse.up (node_modules/@testing-library/user-event/dist/cjs/system/poi
nter/mouse.js:100:30)
      at PointerHost.release (node_modules/@testing-library/user-event/dist/cjs
/system/pointer/index.js:87:24)
      at pointerAction 
(node_modules/@testing-library/user-event/dist/cjs/pointer/index.js:54:47)
      at Object.pointer 
(node_modules/@testing-library/user-event/dist/cjs/pointer/index.js:27:9)
      at Object.<anonymous> 
(src/binding-authorities/__tests__/binding-authorities.test.tsx:1374:9)

    console.error
      Warning: An update to BASectionViewPage inside a test was not wrapped in 
act(...).
      
      When testing, code that causes React state updates should be wrapped 
into act(...):
      
      act(() => {
        /* fire events that update state */
      });
      /* assert on the output */
      
      This ensures that you're testing the behavior the user would see in the 
browser. Learn more at https://reactjs.org/link/wrap-tests-with-act
          at BASectionViewPage (C:\Users\samhe\OneDrive\Desktop\Cleaned\fronten
d\src\binding-authorities\BASectionViewPage\BASectionViewPage.tsx:46:40)
          at routeContext (C:\Users\samhe\OneDrive\Desktop\Cleaned\frontend\nod
e_modules\react-router\lib\hooks.tsx:658:26)
          at children (C:\Users\samhe\OneDrive\Desktop\Cleaned\frontend\node_mo
dules\react-router\lib\components.tsx:512:3)
          at basenameProp (C:\Users\samhe\OneDrive\Desktop\Cleaned\frontend\nod
e_modules\react-router\lib\components.tsx:421:13)
          at basename (C:\Users\samhe\OneDrive\Desktop\Cleaned\frontend\node_mo
dules\react-router\lib\components.tsx:225:3)

      108 |         if (activeTab === 'participations' && !partLoaded && 
secId) {
      109 |             getParticipations(secId)
    > 110 |                 .then((data) => { setParticipations(data); 
setPartLoaded(true) })
          |                                   ^
      111 |                 .catch(() => addNotification('Could not load 
participations.', 'error'))
      112 |         }
      113 |         if (activeTab === 'risk-codes' && !riskCodesLoaded && 
secId) {

      at printWarning 
(node_modules/react-dom/cjs/react-dom.development.js:86:30)
      at error (node_modules/react-dom/cjs/react-dom.development.js:60:7)
      at warnIfUpdatesNotWrappedWithActDEV 
(node_modules/react-dom/cjs/react-dom.development.js:27628:9)
      at scheduleUpdateOnFiber 
(node_modules/react-dom/cjs/react-dom.development.js:25547:5)
      at dispatchSetState 
(node_modules/react-dom/cjs/react-dom.development.js:16708:7)
      at src/binding-authorities/BASectionViewPage/BASectionViewPage.tsx:110:35

    console.error
      Warning: An update to BASectionViewPage inside a test was not wrapped in 
act(...).
      
      When testing, code that causes React state updates should be wrapped 
into act(...):
      
      act(() => {
        /* fire events that update state */
      });
      /* assert on the output */
      
      This ensures that you're testing the behavior the user would see in the 
browser. Learn more at https://reactjs.org/link/wrap-tests-with-act
          at BASectionViewPage (C:\Users\samhe\OneDrive\Desktop\Cleaned\fronten
d\src\binding-authorities\BASectionViewPage\BASectionViewPage.tsx:46:40)
          at routeContext (C:\Users\samhe\OneDrive\Desktop\Cleaned\frontend\nod
e_modules\react-router\lib\hooks.tsx:658:26)
          at children (C:\Users\samhe\OneDrive\Desktop\Cleaned\frontend\node_mo
dules\react-router\lib\components.tsx:512:3)
          at basenameProp (C:\Users\samhe\OneDrive\Desktop\Cleaned\frontend\nod
e_modules\react-router\lib\components.tsx:421:13)
          at basename (C:\Users\samhe\OneDrive\Desktop\Cleaned\frontend\node_mo
dules\react-router\lib\components.tsx:225:3)

      108 |         if (activeTab === 'participations' && !partLoaded && 
secId) {
      109 |             getParticipations(secId)
    > 110 |                 .then((data) => { setParticipations(data); 
setPartLoaded(true) })
          |                                                            ^
      111 |                 .catch(() => addNotification('Could not load 
participations.', 'error'))
      112 |         }
      113 |         if (activeTab === 'risk-codes' && !riskCodesLoaded && 
secId) {

      at printWarning 
(node_modules/react-dom/cjs/react-dom.development.js:86:30)
      at error (node_modules/react-dom/cjs/react-dom.development.js:60:7)
      at warnIfUpdatesNotWrappedWithActDEV 
(node_modules/react-dom/cjs/react-dom.development.js:27628:9)
      at scheduleUpdateOnFiber 
(node_modules/react-dom/cjs/react-dom.development.js:25547:5)
      at dispatchSetState 
(node_modules/react-dom/cjs/react-dom.development.js:16708:7)
      at src/binding-authorities/BASectionViewPage/BASectionViewPage.tsx:110:60

    console.error
      Warning: An update to BASectionViewPage inside a test was not wrapped in 
act(...).
      
      When testing, code that causes React state updates should be wrapped 
into act(...):
      
      act(() => {
        /* fire events that update state */
      });
      /* assert on the output */
      
      This ensures that you're testing the behavior the user would see in the 
browser. Learn more at https://reactjs.org/link/wrap-tests-with-act
          at BASectionViewPage (C:\Users\samhe\OneDrive\Desktop\Cleaned\fronten
d\src\binding-authorities\BASectionViewPage\BASectionViewPage.tsx:46:40)
          at routeContext (C:\Users\samhe\OneDrive\Desktop\Cleaned\frontend\nod
e_modules\react-router\lib\hooks.tsx:658:26)
          at children (C:\Users\samhe\OneDrive\Desktop\Cleaned\frontend\node_mo
dules\react-router\lib\components.tsx:512:3)
          at basenameProp (C:\Users\samhe\OneDrive\Desktop\Cleaned\frontend\nod
e_modules\react-router\lib\components.tsx:421:13)
          at basename (C:\Users\samhe\OneDrive\Desktop\Cleaned\frontend\node_mo
dules\react-router\lib\components.tsx:225:3)

      317 |                             key={tab.key}
      318 |                             type="button"
    > 319 |                             onClick={() => setActiveTab(tab.key)}
          |                                            ^
      320 |                             className={`px-4 py-2 text-sm 
font-medium whitespace-nowrap border-b-2 ${activeTab === tab.key
      321 |                                 ? 'border-brand-600 text-brand-600'
      322 |                                 : 'border-transparent 
text-gray-500 hover:text-gray-700'}`}

      at printWarning 
(node_modules/react-dom/cjs/react-dom.development.js:86:30)
      at error (node_modules/react-dom/cjs/react-dom.development.js:60:7)
      at warnIfUpdatesNotWrappedWithActDEV 
(node_modules/react-dom/cjs/react-dom.development.js:27628:9)
      at scheduleUpdateOnFiber 
(node_modules/react-dom/cjs/react-dom.development.js:25547:5)
      at dispatchSetState 
(node_modules/react-dom/cjs/react-dom.development.js:16708:7)
      at onClick 
(src/binding-authorities/BASectionViewPage/BASectionViewPage.tsx:319:44)
      at HTMLUnknownElement.callCallback 
(node_modules/react-dom/cjs/react-dom.development.js:4164:14)
      at HTMLUnknownElement.callTheUserObjectsOperation 
(node_modules/jsdom/lib/jsdom/living/generated/EventListener.js:26:30)
      at innerInvokeEventListeners 
(node_modules/jsdom/lib/jsdom/living/events/EventTarget-impl.js:350:25)
      at invokeEventListeners 
(node_modules/jsdom/lib/jsdom/living/events/EventTarget-impl.js:286:3)
      at HTMLUnknownElementImpl._dispatch 
(node_modules/jsdom/lib/jsdom/living/events/EventTarget-impl.js:233:9)
      at HTMLUnknownElementImpl.dispatchEvent 
(node_modules/jsdom/lib/jsdom/living/events/EventTarget-impl.js:104:17)
      at HTMLUnknownElement.dispatchEvent 
(node_modules/jsdom/lib/jsdom/living/generated/EventTarget.js:241:34)
      at Object.invokeGuardedCallbackDev 
(node_modules/react-dom/cjs/react-dom.development.js:4213:16)
      at invokeGuardedCallback 
(node_modules/react-dom/cjs/react-dom.development.js:4277:31)
      at invokeGuardedCallbackAndCatchFirstError 
(node_modules/react-dom/cjs/react-dom.development.js:4291:25)
      at executeDispatch 
(node_modules/react-dom/cjs/react-dom.development.js:9041:3)
      at processDispatchQueueItemsInOrder 
(node_modules/react-dom/cjs/react-dom.development.js:9073:7)
      at processDispatchQueue 
(node_modules/react-dom/cjs/react-dom.development.js:9086:5)
      at dispatchEventsForPlugins 
(node_modules/react-dom/cjs/react-dom.development.js:9097:3)
      at node_modules/react-dom/cjs/react-dom.development.js:9288:12
      at batchedUpdates$1 
(node_modules/react-dom/cjs/react-dom.development.js:26179:12)
      at batchedUpdates 
(node_modules/react-dom/cjs/react-dom.development.js:3991:12)
      at dispatchEventForPluginEventSystem 
(node_modules/react-dom/cjs/react-dom.development.js:9287:3)
      at dispatchEventWithEnableCapturePhaseSelectiveHydrationWithoutDiscreteEv
entReplay (node_modules/react-dom/cjs/react-dom.development.js:6465:5)
      at dispatchEvent 
(node_modules/react-dom/cjs/react-dom.development.js:6457:5)
      at dispatchDiscreteEvent 
(node_modules/react-dom/cjs/react-dom.development.js:6430:5)
      at HTMLDivElement.callTheUserObjectsOperation 
(node_modules/jsdom/lib/jsdom/living/generated/EventListener.js:26:30)
      at innerInvokeEventListeners 
(node_modules/jsdom/lib/jsdom/living/events/EventTarget-impl.js:350:25)
      at invokeEventListeners 
(node_modules/jsdom/lib/jsdom/living/events/EventTarget-impl.js:286:3)
      at HTMLButtonElementImpl._dispatch 
(node_modules/jsdom/lib/jsdom/living/events/EventTarget-impl.js:233:9)
      at HTMLButtonElementImpl.dispatchEvent 
(node_modules/jsdom/lib/jsdom/living/events/EventTarget-impl.js:104:17)
      at HTMLButtonElement.dispatchEvent 
(node_modules/jsdom/lib/jsdom/living/generated/EventTarget.js:241:34)
      at 
node_modules/@testing-library/user-event/dist/cjs/event/dispatchEvent.js:45:43
      at Object.eventWrapper 
(node_modules/@testing-library/dom/dist/config.js:25:23)
      at Object.wrapEvent 
(node_modules/@testing-library/user-event/dist/cjs/event/wrapEvent.js:6:28)
      at Object.dispatchEvent (node_modules/@testing-library/user-event/dist/cj
s/event/dispatchEvent.js:45:22)
      at Object.dispatchUIEvent (node_modules/@testing-library/user-event/dist/
cjs/event/dispatchEvent.js:22:26)
      at Mouse.up (node_modules/@testing-library/user-event/dist/cjs/system/poi
nter/mouse.js:100:30)
      at PointerHost.release (node_modules/@testing-library/user-event/dist/cjs
/system/pointer/index.js:87:24)
      at pointerAction 
(node_modules/@testing-library/user-event/dist/cjs/pointer/index.js:54:47)
      at Object.pointer 
(node_modules/@testing-library/user-event/dist/cjs/pointer/index.js:27:9)
      at Object.<anonymous> 
(src/binding-authorities/__tests__/binding-authorities.test.tsx:1383:9)

    console.error
      Warning: An update to BASectionViewPage inside a test was not wrapped in 
act(...).
      
      When testing, code that causes React state updates should be wrapped 
into act(...):
      
      act(() => {
        /* fire events that update state */
      });
      /* assert on the output */
      
      This ensures that you're testing the behavior the user would see in the 
browser. Learn more at https://reactjs.org/link/wrap-tests-with-act
          at BASectionViewPage (C:\Users\samhe\OneDrive\Desktop\Cleaned\fronten
d\src\binding-authorities\BASectionViewPage\BASectionViewPage.tsx:46:40)
          at routeContext (C:\Users\samhe\OneDrive\Desktop\Cleaned\frontend\nod
e_modules\react-router\lib\hooks.tsx:658:26)
          at children (C:\Users\samhe\OneDrive\Desktop\Cleaned\frontend\node_mo
dules\react-router\lib\components.tsx:512:3)
          at basenameProp (C:\Users\samhe\OneDrive\Desktop\Cleaned\frontend\nod
e_modules\react-router\lib\components.tsx:421:13)
          at basename (C:\Users\samhe\OneDrive\Desktop\Cleaned\frontend\node_mo
dules\react-router\lib\components.tsx:225:3)

      108 |         if (activeTab === 'participations' && !partLoaded && 
secId) {
      109 |             getParticipations(secId)
    > 110 |                 .then((data) => { setParticipations(data); 
setPartLoaded(true) })
          |                                   ^
      111 |                 .catch(() => addNotification('Could not load 
participations.', 'error'))
      112 |         }
      113 |         if (activeTab === 'risk-codes' && !riskCodesLoaded && 
secId) {

      at printWarning 
(node_modules/react-dom/cjs/react-dom.development.js:86:30)
      at error (node_modules/react-dom/cjs/react-dom.development.js:60:7)
      at warnIfUpdatesNotWrappedWithActDEV 
(node_modules/react-dom/cjs/react-dom.development.js:27628:9)
      at scheduleUpdateOnFiber 
(node_modules/react-dom/cjs/react-dom.development.js:25547:5)
      at dispatchSetState 
(node_modules/react-dom/cjs/react-dom.development.js:16708:7)
      at src/binding-authorities/BASectionViewPage/BASectionViewPage.tsx:110:35

    console.error
      Warning: An update to BASectionViewPage inside a test was not wrapped in 
act(...).
      
      When testing, code that causes React state updates should be wrapped 
into act(...):
      
      act(() => {
        /* fire events that update state */
      });
      /* assert on the output */
      
      This ensures that you're testing the behavior the user would see in the 
browser. Learn more at https://reactjs.org/link/wrap-tests-with-act
          at BASectionViewPage (C:\Users\samhe\OneDrive\Desktop\Cleaned\fronten
d\src\binding-authorities\BASectionViewPage\BASectionViewPage.tsx:46:40)
          at routeContext (C:\Users\samhe\OneDrive\Desktop\Cleaned\frontend\nod
e_modules\react-router\lib\hooks.tsx:658:26)
          at children (C:\Users\samhe\OneDrive\Desktop\Cleaned\frontend\node_mo
dules\react-router\lib\components.tsx:512:3)
          at basenameProp (C:\Users\samhe\OneDrive\Desktop\Cleaned\frontend\nod
e_modules\react-router\lib\components.tsx:421:13)
          at basename (C:\Users\samhe\OneDrive\Desktop\Cleaned\frontend\node_mo
dules\react-router\lib\components.tsx:225:3)

      108 |         if (activeTab === 'participations' && !partLoaded && 
secId) {
      109 |             getParticipations(secId)
    > 110 |                 .then((data) => { setParticipations(data); 
setPartLoaded(true) })
          |                                                            ^
      111 |                 .catch(() => addNotification('Could not load 
participations.', 'error'))
      112 |         }
      113 |         if (activeTab === 'risk-codes' && !riskCodesLoaded && 
secId) {

      at printWarning 
(node_modules/react-dom/cjs/react-dom.development.js:86:30)
      at error (node_modules/react-dom/cjs/react-dom.development.js:60:7)
      at warnIfUpdatesNotWrappedWithActDEV 
(node_modules/react-dom/cjs/react-dom.development.js:27628:9)
      at scheduleUpdateOnFiber 
(node_modules/react-dom/cjs/react-dom.development.js:25547:5)
      at dispatchSetState 
(node_modules/react-dom/cjs/react-dom.development.js:16708:7)
      at src/binding-authorities/BASectionViewPage/BASectionViewPage.tsx:110:60

    console.error
      Warning: An update to BASectionViewPage inside a test was not wrapped in 
act(...).
      
      When testing, code that causes React state updates should be wrapped 
into act(...):
      
      act(() => {
        /* fire events that update state */
      });
      /* assert on the output */
      
      This ensures that you're testing the behavior the user would see in the 
browser. Learn more at https://reactjs.org/link/wrap-tests-with-act
          at BASectionViewPage (C:\Users\samhe\OneDrive\Desktop\Cleaned\fronten
d\src\binding-authorities\BASectionViewPage\BASectionViewPage.tsx:46:40)
          at routeContext (C:\Users\samhe\OneDrive\Desktop\Cleaned\frontend\nod
e_modules\react-router\lib\hooks.tsx:658:26)
          at children (C:\Users\samhe\OneDrive\Desktop\Cleaned\frontend\node_mo
dules\react-router\lib\components.tsx:512:3)
          at basenameProp (C:\Users\samhe\OneDrive\Desktop\Cleaned\frontend\nod
e_modules\react-router\lib\components.tsx:421:13)
          at basename (C:\Users\samhe\OneDrive\Desktop\Cleaned\frontend\node_mo
dules\react-router\lib\components.tsx:225:3)

      197 |             return
      198 |         }
    > 199 |         setSavingPart(true)
          |         ^
      200 |         try {
      201 |             const saved = await saveParticipations(
      202 |                 secId,

      at printWarning 
(node_modules/react-dom/cjs/react-dom.development.js:86:30)
      at error (node_modules/react-dom/cjs/react-dom.development.js:60:7)
      at warnIfUpdatesNotWrappedWithActDEV 
(node_modules/react-dom/cjs/react-dom.development.js:27628:9)
      at scheduleUpdateOnFiber 
(node_modules/react-dom/cjs/react-dom.development.js:25547:5)
      at dispatchSetState 
(node_modules/react-dom/cjs/react-dom.development.js:16708:7)
      at handleSaveParticipations 
(src/binding-authorities/BASectionViewPage/BASectionViewPage.tsx:199:9)
      at HTMLUnknownElement.callCallback 
(node_modules/react-dom/cjs/react-dom.development.js:4164:14)
      at HTMLUnknownElement.callTheUserObjectsOperation 
(node_modules/jsdom/lib/jsdom/living/generated/EventListener.js:26:30)
      at innerInvokeEventListeners 
(node_modules/jsdom/lib/jsdom/living/events/EventTarget-impl.js:350:25)
      at invokeEventListeners 
(node_modules/jsdom/lib/jsdom/living/events/EventTarget-impl.js:286:3)
      at HTMLUnknownElementImpl._dispatch 
(node_modules/jsdom/lib/jsdom/living/events/EventTarget-impl.js:233:9)
      at HTMLUnknownElementImpl.dispatchEvent 
(node_modules/jsdom/lib/jsdom/living/events/EventTarget-impl.js:104:17)
      at HTMLUnknownElement.dispatchEvent 
(node_modules/jsdom/lib/jsdom/living/generated/EventTarget.js:241:34)
      at Object.invokeGuardedCallbackDev 
(node_modules/react-dom/cjs/react-dom.development.js:4213:16)
      at invokeGuardedCallback 
(node_modules/react-dom/cjs/react-dom.development.js:4277:31)
      at invokeGuardedCallbackAndCatchFirstError 
(node_modules/react-dom/cjs/react-dom.development.js:4291:25)
      at executeDispatch 
(node_modules/react-dom/cjs/react-dom.development.js:9041:3)
      at processDispatchQueueItemsInOrder 
(node_modules/react-dom/cjs/react-dom.development.js:9073:7)
      at processDispatchQueue 
(node_modules/react-dom/cjs/react-dom.development.js:9086:5)
      at dispatchEventsForPlugins 
(node_modules/react-dom/cjs/react-dom.development.js:9097:3)
      at node_modules/react-dom/cjs/react-dom.development.js:9288:12
      at batchedUpdates$1 
(node_modules/react-dom/cjs/react-dom.development.js:26179:12)
      at batchedUpdates 
(node_modules/react-dom/cjs/react-dom.development.js:3991:12)
      at dispatchEventForPluginEventSystem 
(node_modules/react-dom/cjs/react-dom.development.js:9287:3)
      at dispatchEventWithEnableCapturePhaseSelectiveHydrationWithoutDiscreteEv
entReplay (node_modules/react-dom/cjs/react-dom.development.js:6465:5)
      at dispatchEvent 
(node_modules/react-dom/cjs/react-dom.development.js:6457:5)
      at dispatchDiscreteEvent 
(node_modules/react-dom/cjs/react-dom.development.js:6430:5)
      at HTMLDivElement.callTheUserObjectsOperation 
(node_modules/jsdom/lib/jsdom/living/generated/EventListener.js:26:30)
      at innerInvokeEventListeners 
(node_modules/jsdom/lib/jsdom/living/events/EventTarget-impl.js:350:25)
      at invokeEventListeners 
(node_modules/jsdom/lib/jsdom/living/events/EventTarget-impl.js:286:3)
      at HTMLButtonElementImpl._dispatch 
(node_modules/jsdom/lib/jsdom/living/events/EventTarget-impl.js:233:9)
      at HTMLButtonElementImpl.dispatchEvent 
(node_modules/jsdom/lib/jsdom/living/events/EventTarget-impl.js:104:17)
      at HTMLButtonElement.dispatchEvent 
(node_modules/jsdom/lib/jsdom/living/generated/EventTarget.js:241:34)
      at 
node_modules/@testing-library/user-event/dist/cjs/event/dispatchEvent.js:45:43
      at Object.eventWrapper 
(node_modules/@testing-library/dom/dist/config.js:25:23)
      at Object.wrapEvent 
(node_modules/@testing-library/user-event/dist/cjs/event/wrapEvent.js:6:28)
      at Object.dispatchEvent (node_modules/@testing-library/user-event/dist/cj
s/event/dispatchEvent.js:45:22)
      at Object.dispatchUIEvent (node_modules/@testing-library/user-event/dist/
cjs/event/dispatchEvent.js:22:26)
      at Mouse.up (node_modules/@testing-library/user-event/dist/cjs/system/poi
nter/mouse.js:100:30)
      at PointerHost.release (node_modules/@testing-library/user-event/dist/cjs
/system/pointer/index.js:87:24)
      at pointerAction 
(node_modules/@testing-library/user-event/dist/cjs/pointer/index.js:54:47)
      at Object.pointer 
(node_modules/@testing-library/user-event/dist/cjs/pointer/index.js:27:9)
      at Object.<anonymous> 
(src/binding-authorities/__tests__/binding-authorities.test.tsx:1388:9)

    console.error
      Warning: An update to BASectionViewPage inside a test was not wrapped in 
act(...).
      
      When testing, code that causes React state updates should be wrapped 
into act(...):
      
      act(() => {
        /* fire events that update state */
      });
      /* assert on the output */
      
      This ensures that you're testing the behavior the user would see in the 
browser. Learn more at https://reactjs.org/link/wrap-tests-with-act
          at BASectionViewPage (C:\Users\samhe\OneDrive\Desktop\Cleaned\fronten
d\src\binding-authorities\BASectionViewPage\BASectionViewPage.tsx:46:40)
          at routeContext (C:\Users\samhe\OneDrive\Desktop\Cleaned\frontend\nod
e_modules\react-router\lib\hooks.tsx:658:26)
          at children (C:\Users\samhe\OneDrive\Desktop\Cleaned\frontend\node_mo
dules\react-router\lib\components.tsx:512:3)
          at basenameProp (C:\Users\samhe\OneDrive\Desktop\Cleaned\frontend\nod
e_modules\react-router\lib\components.tsx:421:13)
          at basename (C:\Users\samhe\OneDrive\Desktop\Cleaned\frontend\node_mo
dules\react-router\lib\components.tsx:225:3)

      203 |                 participations.map(({ syndicate, share_percent }) 
=> ({ syndicate, share_percent }))
      204 |             )
    > 205 |             setParticipations(saved)
          |             ^
      206 |             addNotification('Participations saved.', 'success')
      207 |         } catch {
      208 |             addNotification('Could not save participations.', 
'error')

      at printWarning 
(node_modules/react-dom/cjs/react-dom.development.js:86:30)
      at error (node_modules/react-dom/cjs/react-dom.development.js:60:7)
      at warnIfUpdatesNotWrappedWithActDEV 
(node_modules/react-dom/cjs/react-dom.development.js:27628:9)
      at scheduleUpdateOnFiber 
(node_modules/react-dom/cjs/react-dom.development.js:25547:5)
      at dispatchSetState 
(node_modules/react-dom/cjs/react-dom.development.js:16708:7)
      at handleSaveParticipations 
(src/binding-authorities/BASectionViewPage/BASectionViewPage.tsx:205:13)

    console.error
      Warning: An update to BASectionViewPage inside a test was not wrapped in 
act(...).
      
      When testing, code that causes React state updates should be wrapped 
into act(...):
      
      act(() => {
        /* fire events that update state */
      });
      /* assert on the output */
      
      This ensures that you're testing the behavior the user would see in the 
browser. Learn more at https://reactjs.org/link/wrap-tests-with-act
          at BASectionViewPage (C:\Users\samhe\OneDrive\Desktop\Cleaned\fronten
d\src\binding-authorities\BASectionViewPage\BASectionViewPage.tsx:46:40)
          at routeContext (C:\Users\samhe\OneDrive\Desktop\Cleaned\frontend\nod
e_modules\react-router\lib\hooks.tsx:658:26)
          at children (C:\Users\samhe\OneDrive\Desktop\Cleaned\frontend\node_mo
dules\react-router\lib\components.tsx:512:3)
          at basenameProp (C:\Users\samhe\OneDrive\Desktop\Cleaned\frontend\nod
e_modules\react-router\lib\components.tsx:421:13)
          at basename (C:\Users\samhe\OneDrive\Desktop\Cleaned\frontend\node_mo
dules\react-router\lib\components.tsx:225:3)

      208 |             addNotification('Could not save participations.', 
'error')
      209 |         } finally {
    > 210 |             setSavingPart(false)
          |             ^
      211 |         }
      212 |     }
      213 |

      at printWarning 
(node_modules/react-dom/cjs/react-dom.development.js:86:30)
      at error (node_modules/react-dom/cjs/react-dom.development.js:60:7)
      at warnIfUpdatesNotWrappedWithActDEV 
(node_modules/react-dom/cjs/react-dom.development.js:27628:9)
      at scheduleUpdateOnFiber 
(node_modules/react-dom/cjs/react-dom.development.js:25547:5)
      at dispatchSetState 
(node_modules/react-dom/cjs/react-dom.development.js:16708:7)
      at handleSaveParticipations 
(src/binding-authorities/BASectionViewPage/BASectionViewPage.tsx:210:13)

    console.error
      Warning: An update to BASectionViewPage inside a test was not wrapped in 
act(...).
      
      When testing, code that causes React state updates should be wrapped 
into act(...):
      
      act(() => {
        /* fire events that update state */
      });
      /* assert on the output */
      
      This ensures that you're testing the behavior the user would see in the 
browser. Learn more at https://reactjs.org/link/wrap-tests-with-act
          at BASectionViewPage (C:\Users\samhe\OneDrive\Desktop\Cleaned\fronten
d\src\binding-authorities\BASectionViewPage\BASectionViewPage.tsx:46:40)
          at routeContext (C:\Users\samhe\OneDrive\Desktop\Cleaned\frontend\nod
e_modules\react-router\lib\hooks.tsx:658:26)
          at children (C:\Users\samhe\OneDrive\Desktop\Cleaned\frontend\node_mo
dules\react-router\lib\components.tsx:512:3)
          at basenameProp (C:\Users\samhe\OneDrive\Desktop\Cleaned\frontend\nod
e_modules\react-router\lib\components.tsx:421:13)
          at basename (C:\Users\samhe\OneDrive\Desktop\Cleaned\frontend\node_mo
dules\react-router\lib\components.tsx:225:3)

      317 |                             key={tab.key}
      318 |                             type="button"
    > 319 |                             onClick={() => setActiveTab(tab.key)}
          |                                            ^
      320 |                             className={`px-4 py-2 text-sm 
font-medium whitespace-nowrap border-b-2 ${activeTab === tab.key
      321 |                                 ? 'border-brand-600 text-brand-600'
      322 |                                 : 'border-transparent 
text-gray-500 hover:text-gray-700'}`}

      at printWarning 
(node_modules/react-dom/cjs/react-dom.development.js:86:30)
      at error (node_modules/react-dom/cjs/react-dom.development.js:60:7)
      at warnIfUpdatesNotWrappedWithActDEV 
(node_modules/react-dom/cjs/react-dom.development.js:27628:9)
      at scheduleUpdateOnFiber 
(node_modules/react-dom/cjs/react-dom.development.js:25547:5)
      at dispatchSetState 
(node_modules/react-dom/cjs/react-dom.development.js:16708:7)
      at onClick 
(src/binding-authorities/BASectionViewPage/BASectionViewPage.tsx:319:44)
      at HTMLUnknownElement.callCallback 
(node_modules/react-dom/cjs/react-dom.development.js:4164:14)
      at HTMLUnknownElement.callTheUserObjectsOperation 
(node_modules/jsdom/lib/jsdom/living/generated/EventListener.js:26:30)
      at innerInvokeEventListeners 
(node_modules/jsdom/lib/jsdom/living/events/EventTarget-impl.js:350:25)
      at invokeEventListeners 
(node_modules/jsdom/lib/jsdom/living/events/EventTarget-impl.js:286:3)
      at HTMLUnknownElementImpl._dispatch 
(node_modules/jsdom/lib/jsdom/living/events/EventTarget-impl.js:233:9)
      at HTMLUnknownElementImpl.dispatchEvent 
(node_modules/jsdom/lib/jsdom/living/events/EventTarget-impl.js:104:17)
      at HTMLUnknownElement.dispatchEvent 
(node_modules/jsdom/lib/jsdom/living/generated/EventTarget.js:241:34)
      at Object.invokeGuardedCallbackDev 
(node_modules/react-dom/cjs/react-dom.development.js:4213:16)
      at invokeGuardedCallback 
(node_modules/react-dom/cjs/react-dom.development.js:4277:31)
      at invokeGuardedCallbackAndCatchFirstError 
(node_modules/react-dom/cjs/react-dom.development.js:4291:25)
      at executeDispatch 
(node_modules/react-dom/cjs/react-dom.development.js:9041:3)
      at processDispatchQueueItemsInOrder 
(node_modules/react-dom/cjs/react-dom.development.js:9073:7)
      at processDispatchQueue 
(node_modules/react-dom/cjs/react-dom.development.js:9086:5)
      at dispatchEventsForPlugins 
(node_modules/react-dom/cjs/react-dom.development.js:9097:3)
      at node_modules/react-dom/cjs/react-dom.development.js:9288:12
      at batchedUpdates$1 
(node_modules/react-dom/cjs/react-dom.development.js:26179:12)
      at batchedUpdates 
(node_modules/react-dom/cjs/react-dom.development.js:3991:12)
      at dispatchEventForPluginEventSystem 
(node_modules/react-dom/cjs/react-dom.development.js:9287:3)
      at dispatchEventWithEnableCapturePhaseSelectiveHydrationWithoutDiscreteEv
entReplay (node_modules/react-dom/cjs/react-dom.development.js:6465:5)
      at dispatchEvent 
(node_modules/react-dom/cjs/react-dom.development.js:6457:5)
      at dispatchDiscreteEvent 
(node_modules/react-dom/cjs/react-dom.development.js:6430:5)
      at HTMLDivElement.callTheUserObjectsOperation 
(node_modules/jsdom/lib/jsdom/living/generated/EventListener.js:26:30)
      at innerInvokeEventListeners 
(node_modules/jsdom/lib/jsdom/living/events/EventTarget-impl.js:350:25)
      at invokeEventListeners 
(node_modules/jsdom/lib/jsdom/living/events/EventTarget-impl.js:286:3)
      at HTMLButtonElementImpl._dispatch 
(node_modules/jsdom/lib/jsdom/living/events/EventTarget-impl.js:233:9)
      at HTMLButtonElementImpl.dispatchEvent 
(node_modules/jsdom/lib/jsdom/living/events/EventTarget-impl.js:104:17)
      at HTMLButtonElement.dispatchEvent 
(node_modules/jsdom/lib/jsdom/living/generated/EventTarget.js:241:34)
      at 
node_modules/@testing-library/user-event/dist/cjs/event/dispatchEvent.js:45:43
      at Object.eventWrapper 
(node_modules/@testing-library/dom/dist/config.js:25:23)
      at Object.wrapEvent 
(node_modules/@testing-library/user-event/dist/cjs/event/wrapEvent.js:6:28)
      at Object.dispatchEvent (node_modules/@testing-library/user-event/dist/cj
s/event/dispatchEvent.js:45:22)
      at Object.dispatchUIEvent (node_modules/@testing-library/user-event/dist/
cjs/event/dispatchEvent.js:22:26)
      at Mouse.up (node_modules/@testing-library/user-event/dist/cjs/system/poi
nter/mouse.js:100:30)
      at PointerHost.release (node_modules/@testing-library/user-event/dist/cjs
/system/pointer/index.js:87:24)
      at pointerAction 
(node_modules/@testing-library/user-event/dist/cjs/pointer/index.js:54:47)
      at Object.pointer 
(node_modules/@testing-library/user-event/dist/cjs/pointer/index.js:27:9)
      at Object.<anonymous> 
(src/binding-authorities/__tests__/binding-authorities.test.tsx:1396:9)

    console.error
      Warning: An update to BASectionViewPage inside a test was not wrapped in 
act(...).
      
      When testing, code that causes React state updates should be wrapped 
into act(...):
      
      act(() => {
        /* fire events that update state */
      });
      /* assert on the output */
      
      This ensures that you're testing the behavior the user would see in the 
browser. Learn more at https://reactjs.org/link/wrap-tests-with-act
          at BASectionViewPage (C:\Users\samhe\OneDrive\Desktop\Cleaned\fronten
d\src\binding-authorities\BASectionViewPage\BASectionViewPage.tsx:46:40)
          at routeContext (C:\Users\samhe\OneDrive\Desktop\Cleaned\frontend\nod
e_modules\react-router\lib\hooks.tsx:658:26)
          at children (C:\Users\samhe\OneDrive\Desktop\Cleaned\frontend\node_mo
dules\react-router\lib\components.tsx:512:3)
          at basenameProp (C:\Users\samhe\OneDrive\Desktop\Cleaned\frontend\nod
e_modules\react-router\lib\components.tsx:421:13)
          at basename (C:\Users\samhe\OneDrive\Desktop\Cleaned\frontend\node_mo
dules\react-router\lib\components.tsx:225:3)

      113 |         if (activeTab === 'risk-codes' && !riskCodesLoaded && 
secId) {
      114 |             getAuthorizedRiskCodes(secId)
    > 115 |                 .then((data) => { setRiskCodes(data); 
setRiskCodesLoaded(true) })
          |                                   ^
      116 |                 .catch(() => addNotification('Could not load risk 
codes.', 'error'))
      117 |         }
      118 |     }, [activeTab]) // eslint-disable-line 
react-hooks/exhaustive-deps

      at printWarning 
(node_modules/react-dom/cjs/react-dom.development.js:86:30)
      at error (node_modules/react-dom/cjs/react-dom.development.js:60:7)
      at warnIfUpdatesNotWrappedWithActDEV 
(node_modules/react-dom/cjs/react-dom.development.js:27628:9)
      at scheduleUpdateOnFiber 
(node_modules/react-dom/cjs/react-dom.development.js:25547:5)
      at dispatchSetState 
(node_modules/react-dom/cjs/react-dom.development.js:16708:7)
      at src/binding-authorities/BASectionViewPage/BASectionViewPage.tsx:115:35

    console.error
      Warning: An update to BASectionViewPage inside a test was not wrapped in 
act(...).
      
      When testing, code that causes React state updates should be wrapped 
into act(...):
      
      act(() => {
        /* fire events that update state */
      });
      /* assert on the output */
      
      This ensures that you're testing the behavior the user would see in the 
browser. Learn more at https://reactjs.org/link/wrap-tests-with-act
          at BASectionViewPage (C:\Users\samhe\OneDrive\Desktop\Cleaned\fronten
d\src\binding-authorities\BASectionViewPage\BASectionViewPage.tsx:46:40)
          at routeContext (C:\Users\samhe\OneDrive\Desktop\Cleaned\frontend\nod
e_modules\react-router\lib\hooks.tsx:658:26)
          at children (C:\Users\samhe\OneDrive\Desktop\Cleaned\frontend\node_mo
dules\react-router\lib\components.tsx:512:3)
          at basenameProp (C:\Users\samhe\OneDrive\Desktop\Cleaned\frontend\nod
e_modules\react-router\lib\components.tsx:421:13)
          at basename (C:\Users\samhe\OneDrive\Desktop\Cleaned\frontend\node_mo
dules\react-router\lib\components.tsx:225:3)

      113 |         if (activeTab === 'risk-codes' && !riskCodesLoaded && 
secId) {
      114 |             getAuthorizedRiskCodes(secId)
    > 115 |                 .then((data) => { setRiskCodes(data); 
setRiskCodesLoaded(true) })
          |                                                       ^
      116 |                 .catch(() => addNotification('Could not load risk 
codes.', 'error'))
      117 |         }
      118 |     }, [activeTab]) // eslint-disable-line 
react-hooks/exhaustive-deps

      at printWarning 
(node_modules/react-dom/cjs/react-dom.development.js:86:30)
      at error (node_modules/react-dom/cjs/react-dom.development.js:60:7)
      at warnIfUpdatesNotWrappedWithActDEV 
(node_modules/react-dom/cjs/react-dom.development.js:27628:9)
      at scheduleUpdateOnFiber 
(node_modules/react-dom/cjs/react-dom.development.js:25547:5)
      at dispatchSetState 
(node_modules/react-dom/cjs/react-dom.development.js:16708:7)
      at src/binding-authorities/BASectionViewPage/BASectionViewPage.tsx:115:55

    console.error
      Warning: An update to BASectionViewPage inside a test was not wrapped in 
act(...).
      
      When testing, code that causes React state updates should be wrapped 
into act(...):
      
      act(() => {
        /* fire events that update state */
      });
      /* assert on the output */
      
      This ensures that you're testing the behavior the user would see in the 
browser. Learn more at https://reactjs.org/link/wrap-tests-with-act
          at BASectionViewPage (C:\Users\samhe\OneDrive\Desktop\Cleaned\fronten
d\src\binding-authorities\BASectionViewPage\BASectionViewPage.tsx:46:40)
          at routeContext (C:\Users\samhe\OneDrive\Desktop\Cleaned\frontend\nod
e_modules\react-router\lib\hooks.tsx:658:26)
          at children (C:\Users\samhe\OneDrive\Desktop\Cleaned\frontend\node_mo
dules\react-router\lib\components.tsx:512:3)
          at basenameProp (C:\Users\samhe\OneDrive\Desktop\Cleaned\frontend\nod
e_modules\react-router\lib\components.tsx:421:13)
          at basename (C:\Users\samhe\OneDrive\Desktop\Cleaned\frontend\node_mo
dules\react-router\lib\components.tsx:225:3)

      317 |                             key={tab.key}
      318 |                             type="button"
    > 319 |                             onClick={() => setActiveTab(tab.key)}
          |                                            ^
      320 |                             className={`px-4 py-2 text-sm 
font-medium whitespace-nowrap border-b-2 ${activeTab === tab.key
      321 |                                 ? 'border-brand-600 text-brand-600'
      322 |                                 : 'border-transparent 
text-gray-500 hover:text-gray-700'}`}

      at printWarning 
(node_modules/react-dom/cjs/react-dom.development.js:86:30)
      at error (node_modules/react-dom/cjs/react-dom.development.js:60:7)
      at warnIfUpdatesNotWrappedWithActDEV 
(node_modules/react-dom/cjs/react-dom.development.js:27628:9)
      at scheduleUpdateOnFiber 
(node_modules/react-dom/cjs/react-dom.development.js:25547:5)
      at dispatchSetState 
(node_modules/react-dom/cjs/react-dom.development.js:16708:7)
      at onClick 
(src/binding-authorities/BASectionViewPage/BASectionViewPage.tsx:319:44)
      at HTMLUnknownElement.callCallback 
(node_modules/react-dom/cjs/react-dom.development.js:4164:14)
      at HTMLUnknownElement.callTheUserObjectsOperation 
(node_modules/jsdom/lib/jsdom/living/generated/EventListener.js:26:30)
      at innerInvokeEventListeners 
(node_modules/jsdom/lib/jsdom/living/events/EventTarget-impl.js:350:25)
      at invokeEventListeners 
(node_modules/jsdom/lib/jsdom/living/events/EventTarget-impl.js:286:3)
      at HTMLUnknownElementImpl._dispatch 
(node_modules/jsdom/lib/jsdom/living/events/EventTarget-impl.js:233:9)
      at HTMLUnknownElementImpl.dispatchEvent 
(node_modules/jsdom/lib/jsdom/living/events/EventTarget-impl.js:104:17)
      at HTMLUnknownElement.dispatchEvent 
(node_modules/jsdom/lib/jsdom/living/generated/EventTarget.js:241:34)
      at Object.invokeGuardedCallbackDev 
(node_modules/react-dom/cjs/react-dom.development.js:4213:16)
      at invokeGuardedCallback 
(node_modules/react-dom/cjs/react-dom.development.js:4277:31)
      at invokeGuardedCallbackAndCatchFirstError 
(node_modules/react-dom/cjs/react-dom.development.js:4291:25)
      at executeDispatch 
(node_modules/react-dom/cjs/react-dom.development.js:9041:3)
      at processDispatchQueueItemsInOrder 
(node_modules/react-dom/cjs/react-dom.development.js:9073:7)
      at processDispatchQueue 
(node_modules/react-dom/cjs/react-dom.development.js:9086:5)
      at dispatchEventsForPlugins 
(node_modules/react-dom/cjs/react-dom.development.js:9097:3)
      at node_modules/react-dom/cjs/react-dom.development.js:9288:12
      at batchedUpdates$1 
(node_modules/react-dom/cjs/react-dom.development.js:26179:12)
      at batchedUpdates 
(node_modules/react-dom/cjs/react-dom.development.js:3991:12)
      at dispatchEventForPluginEventSystem 
(node_modules/react-dom/cjs/react-dom.development.js:9287:3)
      at dispatchEventWithEnableCapturePhaseSelectiveHydrationWithoutDiscreteEv
entReplay (node_modules/react-dom/cjs/react-dom.development.js:6465:5)
      at dispatchEvent 
(node_modules/react-dom/cjs/react-dom.development.js:6457:5)
      at dispatchDiscreteEvent 
(node_modules/react-dom/cjs/react-dom.development.js:6430:5)
      at HTMLDivElement.callTheUserObjectsOperation 
(node_modules/jsdom/lib/jsdom/living/generated/EventListener.js:26:30)
      at innerInvokeEventListeners 
(node_modules/jsdom/lib/jsdom/living/events/EventTarget-impl.js:350:25)
      at invokeEventListeners 
(node_modules/jsdom/lib/jsdom/living/events/EventTarget-impl.js:286:3)
      at HTMLButtonElementImpl._dispatch 
(node_modules/jsdom/lib/jsdom/living/events/EventTarget-impl.js:233:9)
      at HTMLButtonElementImpl.dispatchEvent 
(node_modules/jsdom/lib/jsdom/living/events/EventTarget-impl.js:104:17)
      at HTMLButtonElement.dispatchEvent 
(node_modules/jsdom/lib/jsdom/living/generated/EventTarget.js:241:34)
      at 
node_modules/@testing-library/user-event/dist/cjs/event/dispatchEvent.js:45:43
      at Object.eventWrapper 
(node_modules/@testing-library/dom/dist/config.js:25:23)
      at Object.wrapEvent 
(node_modules/@testing-library/user-event/dist/cjs/event/wrapEvent.js:6:28)
      at Object.dispatchEvent (node_modules/@testing-library/user-event/dist/cj
s/event/dispatchEvent.js:45:22)
      at Object.dispatchUIEvent (node_modules/@testing-library/user-event/dist/
cjs/event/dispatchEvent.js:22:26)
      at Mouse.up (node_modules/@testing-library/user-event/dist/cjs/system/poi
nter/mouse.js:100:30)
      at PointerHost.release (node_modules/@testing-library/user-event/dist/cjs
/system/pointer/index.js:87:24)
      at pointerAction 
(node_modules/@testing-library/user-event/dist/cjs/pointer/index.js:54:47)
      at Object.pointer 
(node_modules/@testing-library/user-event/dist/cjs/pointer/index.js:27:9)
      at Object.<anonymous> 
(src/binding-authorities/__tests__/binding-authorities.test.tsx:1407:9)

    console.error
      Warning: An update to BASectionViewPage inside a test was not wrapped in 
act(...).
      
      When testing, code that causes React state updates should be wrapped 
into act(...):
      
      act(() => {
        /* fire events that update state */
      });
      /* assert on the output */
      
      This ensures that you're testing the behavior the user would see in the 
browser. Learn more at https://reactjs.org/link/wrap-tests-with-act
          at BASectionViewPage (C:\Users\samhe\OneDrive\Desktop\Cleaned\fronten
d\src\binding-authorities\BASectionViewPage\BASectionViewPage.tsx:46:40)
          at routeContext (C:\Users\samhe\OneDrive\Desktop\Cleaned\frontend\nod
e_modules\react-router\lib\hooks.tsx:658:26)
          at children (C:\Users\samhe\OneDrive\Desktop\Cleaned\frontend\node_mo
dules\react-router\lib\components.tsx:512:3)
          at basenameProp (C:\Users\samhe\OneDrive\Desktop\Cleaned\frontend\nod
e_modules\react-router\lib\components.tsx:421:13)
          at basename (C:\Users\samhe\OneDrive\Desktop\Cleaned\frontend\node_mo
dules\react-router\lib\components.tsx:225:3)

      113 |         if (activeTab === 'risk-codes' && !riskCodesLoaded && 
secId) {
      114 |             getAuthorizedRiskCodes(secId)
    > 115 |                 .then((data) => { setRiskCodes(data); 
setRiskCodesLoaded(true) })
          |                                   ^
      116 |                 .catch(() => addNotification('Could not load risk 
codes.', 'error'))
      117 |         }
      118 |     }, [activeTab]) // eslint-disable-line 
react-hooks/exhaustive-deps

      at printWarning 
(node_modules/react-dom/cjs/react-dom.development.js:86:30)
      at error (node_modules/react-dom/cjs/react-dom.development.js:60:7)
      at warnIfUpdatesNotWrappedWithActDEV 
(node_modules/react-dom/cjs/react-dom.development.js:27628:9)
      at scheduleUpdateOnFiber 
(node_modules/react-dom/cjs/react-dom.development.js:25547:5)
      at dispatchSetState 
(node_modules/react-dom/cjs/react-dom.development.js:16708:7)
      at src/binding-authorities/BASectionViewPage/BASectionViewPage.tsx:115:35

    console.error
      Warning: An update to BASectionViewPage inside a test was not wrapped in 
act(...).
      
      When testing, code that causes React state updates should be wrapped 
into act(...):
      
      act(() => {
        /* fire events that update state */
      });
      /* assert on the output */
      
      This ensures that you're testing the behavior the user would see in the 
browser. Learn more at https://reactjs.org/link/wrap-tests-with-act
          at BASectionViewPage (C:\Users\samhe\OneDrive\Desktop\Cleaned\fronten
d\src\binding-authorities\BASectionViewPage\BASectionViewPage.tsx:46:40)
          at routeContext (C:\Users\samhe\OneDrive\Desktop\Cleaned\frontend\nod
e_modules\react-router\lib\hooks.tsx:658:26)
          at children (C:\Users\samhe\OneDrive\Desktop\Cleaned\frontend\node_mo
dules\react-router\lib\components.tsx:512:3)
          at basenameProp (C:\Users\samhe\OneDrive\Desktop\Cleaned\frontend\nod
e_modules\react-router\lib\components.tsx:421:13)
          at basename (C:\Users\samhe\OneDrive\Desktop\Cleaned\frontend\node_mo
dules\react-router\lib\components.tsx:225:3)

      113 |         if (activeTab === 'risk-codes' && !riskCodesLoaded && 
secId) {
      114 |             getAuthorizedRiskCodes(secId)
    > 115 |                 .then((data) => { setRiskCodes(data); 
setRiskCodesLoaded(true) })
          |                                                       ^
      116 |                 .catch(() => addNotification('Could not load risk 
codes.', 'error'))
      117 |         }
      118 |     }, [activeTab]) // eslint-disable-line 
react-hooks/exhaustive-deps

      at printWarning 
(node_modules/react-dom/cjs/react-dom.development.js:86:30)
      at error (node_modules/react-dom/cjs/react-dom.development.js:60:7)
      at warnIfUpdatesNotWrappedWithActDEV 
(node_modules/react-dom/cjs/react-dom.development.js:27628:9)
      at scheduleUpdateOnFiber 
(node_modules/react-dom/cjs/react-dom.development.js:25547:5)
      at dispatchSetState 
(node_modules/react-dom/cjs/react-dom.development.js:16708:7)
      at src/binding-authorities/BASectionViewPage/BASectionViewPage.tsx:115:55

    console.error
      Warning: An update to BASectionViewPage inside a test was not wrapped in 
act(...).
      
      When testing, code that causes React state updates should be wrapped 
into act(...):
      
      act(() => {
        /* fire events that update state */
      });
      /* assert on the output */
      
      This ensures that you're testing the behavior the user would see in the 
browser. Learn more at https://reactjs.org/link/wrap-tests-with-act
          at BASectionViewPage (C:\Users\samhe\OneDrive\Desktop\Cleaned\fronten
d\src\binding-authorities\BASectionViewPage\BASectionViewPage.tsx:46:40)
          at routeContext (C:\Users\samhe\OneDrive\Desktop\Cleaned\frontend\nod
e_modules\react-router\lib\hooks.tsx:658:26)
          at children (C:\Users\samhe\OneDrive\Desktop\Cleaned\frontend\node_mo
dules\react-router\lib\components.tsx:512:3)
          at basenameProp (C:\Users\samhe\OneDrive\Desktop\Cleaned\frontend\nod
e_modules\react-router\lib\components.tsx:421:13)
          at basename (C:\Users\samhe\OneDrive\Desktop\Cleaned\frontend\node_mo
dules\react-router\lib\components.tsx:225:3)

      317 |                             key={tab.key}
      318 |                             type="button"
    > 319 |                             onClick={() => setActiveTab(tab.key)}
          |                                            ^
      320 |                             className={`px-4 py-2 text-sm 
font-medium whitespace-nowrap border-b-2 ${activeTab === tab.key
      321 |                                 ? 'border-brand-600 text-brand-600'
      322 |                                 : 'border-transparent 
text-gray-500 hover:text-gray-700'}`}

      at printWarning 
(node_modules/react-dom/cjs/react-dom.development.js:86:30)
      at error (node_modules/react-dom/cjs/react-dom.development.js:60:7)
      at warnIfUpdatesNotWrappedWithActDEV 
(node_modules/react-dom/cjs/react-dom.development.js:27628:9)
      at scheduleUpdateOnFiber 
(node_modules/react-dom/cjs/react-dom.development.js:25547:5)
      at dispatchSetState 
(node_modules/react-dom/cjs/react-dom.development.js:16708:7)
      at onClick 
(src/binding-authorities/BASectionViewPage/BASectionViewPage.tsx:319:44)
      at HTMLUnknownElement.callCallback 
(node_modules/react-dom/cjs/react-dom.development.js:4164:14)
      at HTMLUnknownElement.callTheUserObjectsOperation 
(node_modules/jsdom/lib/jsdom/living/generated/EventListener.js:26:30)
      at innerInvokeEventListeners 
(node_modules/jsdom/lib/jsdom/living/events/EventTarget-impl.js:350:25)
      at invokeEventListeners 
(node_modules/jsdom/lib/jsdom/living/events/EventTarget-impl.js:286:3)
      at HTMLUnknownElementImpl._dispatch 
(node_modules/jsdom/lib/jsdom/living/events/EventTarget-impl.js:233:9)
      at HTMLUnknownElementImpl.dispatchEvent 
(node_modules/jsdom/lib/jsdom/living/events/EventTarget-impl.js:104:17)
      at HTMLUnknownElement.dispatchEvent 
(node_modules/jsdom/lib/jsdom/living/generated/EventTarget.js:241:34)
      at Object.invokeGuardedCallbackDev 
(node_modules/react-dom/cjs/react-dom.development.js:4213:16)
      at invokeGuardedCallback 
(node_modules/react-dom/cjs/react-dom.development.js:4277:31)
      at invokeGuardedCallbackAndCatchFirstError 
(node_modules/react-dom/cjs/react-dom.development.js:4291:25)
      at executeDispatch 
(node_modules/react-dom/cjs/react-dom.development.js:9041:3)
      at processDispatchQueueItemsInOrder 
(node_modules/react-dom/cjs/react-dom.development.js:9073:7)
      at processDispatchQueue 
(node_modules/react-dom/cjs/react-dom.development.js:9086:5)
      at dispatchEventsForPlugins 
(node_modules/react-dom/cjs/react-dom.development.js:9097:3)
      at node_modules/react-dom/cjs/react-dom.development.js:9288:12
      at batchedUpdates$1 
(node_modules/react-dom/cjs/react-dom.development.js:26179:12)
      at batchedUpdates 
(node_modules/react-dom/cjs/react-dom.development.js:3991:12)
      at dispatchEventForPluginEventSystem 
(node_modules/react-dom/cjs/react-dom.development.js:9287:3)
      at dispatchEventWithEnableCapturePhaseSelectiveHydrationWithoutDiscreteEv
entReplay (node_modules/react-dom/cjs/react-dom.development.js:6465:5)
      at dispatchEvent 
(node_modules/react-dom/cjs/react-dom.development.js:6457:5)
      at dispatchDiscreteEvent 
(node_modules/react-dom/cjs/react-dom.development.js:6430:5)
      at HTMLDivElement.callTheUserObjectsOperation 
(node_modules/jsdom/lib/jsdom/living/generated/EventListener.js:26:30)
      at innerInvokeEventListeners 
(node_modules/jsdom/lib/jsdom/living/events/EventTarget-impl.js:350:25)
      at invokeEventListeners 
(node_modules/jsdom/lib/jsdom/living/events/EventTarget-impl.js:286:3)
      at HTMLButtonElementImpl._dispatch 
(node_modules/jsdom/lib/jsdom/living/events/EventTarget-impl.js:233:9)
      at HTMLButtonElementImpl.dispatchEvent 
(node_modules/jsdom/lib/jsdom/living/events/EventTarget-impl.js:104:17)
      at HTMLButtonElement.dispatchEvent 
(node_modules/jsdom/lib/jsdom/living/generated/EventTarget.js:241:34)
      at 
node_modules/@testing-library/user-event/dist/cjs/event/dispatchEvent.js:45:43
      at Object.eventWrapper 
(node_modules/@testing-library/dom/dist/config.js:25:23)
      at Object.wrapEvent 
(node_modules/@testing-library/user-event/dist/cjs/event/wrapEvent.js:6:28)
      at Object.dispatchEvent (node_modules/@testing-library/user-event/dist/cj
s/event/dispatchEvent.js:45:22)
      at Object.dispatchUIEvent (node_modules/@testing-library/user-event/dist/
cjs/event/dispatchEvent.js:22:26)
      at Mouse.up (node_modules/@testing-library/user-event/dist/cjs/system/poi
nter/mouse.js:100:30)
      at PointerHost.release (node_modules/@testing-library/user-event/dist/cjs
/system/pointer/index.js:87:24)
      at pointerAction 
(node_modules/@testing-library/user-event/dist/cjs/pointer/index.js:54:47)
      at Object.pointer 
(node_modules/@testing-library/user-event/dist/cjs/pointer/index.js:27:9)
      at Object.<anonymous> 
(src/binding-authorities/__tests__/binding-authorities.test.tsx:1417:9)

    console.error
      Warning: An update to BASectionViewPage inside a test was not wrapped in 
act(...).
      
      When testing, code that causes React state updates should be wrapped 
into act(...):
      
      act(() => {
        /* fire events that update state */
      });
      /* assert on the output */
      
      This ensures that you're testing the behavior the user would see in the 
browser. Learn more at https://reactjs.org/link/wrap-tests-with-act
          at BASectionViewPage (C:\Users\samhe\OneDrive\Desktop\Cleaned\fronten
d\src\binding-authorities\BASectionViewPage\BASectionViewPage.tsx:46:40)
          at routeContext (C:\Users\samhe\OneDrive\Desktop\Cleaned\frontend\nod
e_modules\react-router\lib\hooks.tsx:658:26)
          at children (C:\Users\samhe\OneDrive\Desktop\Cleaned\frontend\node_mo
dules\react-router\lib\components.tsx:512:3)
          at basenameProp (C:\Users\samhe\OneDrive\Desktop\Cleaned\frontend\nod
e_modules\react-router\lib\components.tsx:421:13)
          at basename (C:\Users\samhe\OneDrive\Desktop\Cleaned\frontend\node_mo
dules\react-router\lib\components.tsx:225:3)

      113 |         if (activeTab === 'risk-codes' && !riskCodesLoaded && 
secId) {
      114 |             getAuthorizedRiskCodes(secId)
    > 115 |                 .then((data) => { setRiskCodes(data); 
setRiskCodesLoaded(true) })
          |                                   ^
      116 |                 .catch(() => addNotification('Could not load risk 
codes.', 'error'))
      117 |         }
      118 |     }, [activeTab]) // eslint-disable-line 
react-hooks/exhaustive-deps

      at printWarning 
(node_modules/react-dom/cjs/react-dom.development.js:86:30)
      at error (node_modules/react-dom/cjs/react-dom.development.js:60:7)
      at warnIfUpdatesNotWrappedWithActDEV 
(node_modules/react-dom/cjs/react-dom.development.js:27628:9)
      at scheduleUpdateOnFiber 
(node_modules/react-dom/cjs/react-dom.development.js:25547:5)
      at dispatchSetState 
(node_modules/react-dom/cjs/react-dom.development.js:16708:7)
      at src/binding-authorities/BASectionViewPage/BASectionViewPage.tsx:115:35

    console.error
      Warning: An update to BASectionViewPage inside a test was not wrapped in 
act(...).
      
      When testing, code that causes React state updates should be wrapped 
into act(...):
      
      act(() => {
        /* fire events that update state */
      });
      /* assert on the output */
      
      This ensures that you're testing the behavior the user would see in the 
browser. Learn more at https://reactjs.org/link/wrap-tests-with-act
          at BASectionViewPage (C:\Users\samhe\OneDrive\Desktop\Cleaned\fronten
d\src\binding-authorities\BASectionViewPage\BASectionViewPage.tsx:46:40)
          at routeContext (C:\Users\samhe\OneDrive\Desktop\Cleaned\frontend\nod
e_modules\react-router\lib\hooks.tsx:658:26)
          at children (C:\Users\samhe\OneDrive\Desktop\Cleaned\frontend\node_mo
dules\react-router\lib\components.tsx:512:3)
          at basenameProp (C:\Users\samhe\OneDrive\Desktop\Cleaned\frontend\nod
e_modules\react-router\lib\components.tsx:421:13)
          at basename (C:\Users\samhe\OneDrive\Desktop\Cleaned\frontend\node_mo
dules\react-router\lib\components.tsx:225:3)

      113 |         if (activeTab === 'risk-codes' && !riskCodesLoaded && 
secId) {
      114 |             getAuthorizedRiskCodes(secId)
    > 115 |                 .then((data) => { setRiskCodes(data); 
setRiskCodesLoaded(true) })
          |                                                       ^
      116 |                 .catch(() => addNotification('Could not load risk 
codes.', 'error'))
      117 |         }
      118 |     }, [activeTab]) // eslint-disable-line 
react-hooks/exhaustive-deps

      at printWarning 
(node_modules/react-dom/cjs/react-dom.development.js:86:30)
      at error (node_modules/react-dom/cjs/react-dom.development.js:60:7)
      at warnIfUpdatesNotWrappedWithActDEV 
(node_modules/react-dom/cjs/react-dom.development.js:27628:9)
      at scheduleUpdateOnFiber 
(node_modules/react-dom/cjs/react-dom.development.js:25547:5)
      at dispatchSetState 
(node_modules/react-dom/cjs/react-dom.development.js:16708:7)
      at src/binding-authorities/BASectionViewPage/BASectionViewPage.tsx:115:55

    console.error
      Warning: An update to BASectionViewPage inside a test was not wrapped in 
act(...).
      
      When testing, code that causes React state updates should be wrapped 
into act(...):
      
      act(() => {
        /* fire events that update state */
      });
      /* assert on the output */
      
      This ensures that you're testing the behavior the user would see in the 
browser. Learn more at https://reactjs.org/link/wrap-tests-with-act
          at BASectionViewPage (C:\Users\samhe\OneDrive\Desktop\Cleaned\fronten
d\src\binding-authorities\BASectionViewPage\BASectionViewPage.tsx:46:40)
          at routeContext (C:\Users\samhe\OneDrive\Desktop\Cleaned\frontend\nod
e_modules\react-router\lib\hooks.tsx:658:26)
          at children (C:\Users\samhe\OneDrive\Desktop\Cleaned\frontend\node_mo
dules\react-router\lib\components.tsx:512:3)
          at basenameProp (C:\Users\samhe\OneDrive\Desktop\Cleaned\frontend\nod
e_modules\react-router\lib\components.tsx:421:13)
          at basename (C:\Users\samhe\OneDrive\Desktop\Cleaned\frontend\node_mo
dules\react-router\lib\components.tsx:225:3)

      317 |                             key={tab.key}
      318 |                             type="button"
    > 319 |                             onClick={() => setActiveTab(tab.key)}
          |                                            ^
      320 |                             className={`px-4 py-2 text-sm 
font-medium whitespace-nowrap border-b-2 ${activeTab === tab.key
      321 |                                 ? 'border-brand-600 text-brand-600'
      322 |                                 : 'border-transparent 
text-gray-500 hover:text-gray-700'}`}

      at printWarning 
(node_modules/react-dom/cjs/react-dom.development.js:86:30)
      at error (node_modules/react-dom/cjs/react-dom.development.js:60:7)
      at warnIfUpdatesNotWrappedWithActDEV 
(node_modules/react-dom/cjs/react-dom.development.js:27628:9)
      at scheduleUpdateOnFiber 
(node_modules/react-dom/cjs/react-dom.development.js:25547:5)
      at dispatchSetState 
(node_modules/react-dom/cjs/react-dom.development.js:16708:7)
      at onClick 
(src/binding-authorities/BASectionViewPage/BASectionViewPage.tsx:319:44)
      at HTMLUnknownElement.callCallback 
(node_modules/react-dom/cjs/react-dom.development.js:4164:14)
      at HTMLUnknownElement.callTheUserObjectsOperation 
(node_modules/jsdom/lib/jsdom/living/generated/EventListener.js:26:30)
      at innerInvokeEventListeners 
(node_modules/jsdom/lib/jsdom/living/events/EventTarget-impl.js:350:25)
      at invokeEventListeners 
(node_modules/jsdom/lib/jsdom/living/events/EventTarget-impl.js:286:3)
      at HTMLUnknownElementImpl._dispatch 
(node_modules/jsdom/lib/jsdom/living/events/EventTarget-impl.js:233:9)
      at HTMLUnknownElementImpl.dispatchEvent 
(node_modules/jsdom/lib/jsdom/living/events/EventTarget-impl.js:104:17)
      at HTMLUnknownElement.dispatchEvent 
(node_modules/jsdom/lib/jsdom/living/generated/EventTarget.js:241:34)
      at Object.invokeGuardedCallbackDev 
(node_modules/react-dom/cjs/react-dom.development.js:4213:16)
      at invokeGuardedCallback 
(node_modules/react-dom/cjs/react-dom.development.js:4277:31)
      at invokeGuardedCallbackAndCatchFirstError 
(node_modules/react-dom/cjs/react-dom.development.js:4291:25)
      at executeDispatch 
(node_modules/react-dom/cjs/react-dom.development.js:9041:3)
      at processDispatchQueueItemsInOrder 
(node_modules/react-dom/cjs/react-dom.development.js:9073:7)
      at processDispatchQueue 
(node_modules/react-dom/cjs/react-dom.development.js:9086:5)
      at dispatchEventsForPlugins 
(node_modules/react-dom/cjs/react-dom.development.js:9097:3)
      at node_modules/react-dom/cjs/react-dom.development.js:9288:12
      at batchedUpdates$1 
(node_modules/react-dom/cjs/react-dom.development.js:26179:12)
      at batchedUpdates 
(node_modules/react-dom/cjs/react-dom.development.js:3991:12)
      at dispatchEventForPluginEventSystem 
(node_modules/react-dom/cjs/react-dom.development.js:9287:3)
      at dispatchEventWithEnableCapturePhaseSelectiveHydrationWithoutDiscreteEv
entReplay (node_modules/react-dom/cjs/react-dom.development.js:6465:5)
      at dispatchEvent 
(node_modules/react-dom/cjs/react-dom.development.js:6457:5)
      at dispatchDiscreteEvent 
(node_modules/react-dom/cjs/react-dom.development.js:6430:5)
      at HTMLDivElement.callTheUserObjectsOperation 
(node_modules/jsdom/lib/jsdom/living/generated/EventListener.js:26:30)
      at innerInvokeEventListeners 
(node_modules/jsdom/lib/jsdom/living/events/EventTarget-impl.js:350:25)
      at invokeEventListeners 
(node_modules/jsdom/lib/jsdom/living/events/EventTarget-impl.js:286:3)
      at HTMLButtonElementImpl._dispatch 
(node_modules/jsdom/lib/jsdom/living/events/EventTarget-impl.js:233:9)
      at HTMLButtonElementImpl.dispatchEvent 
(node_modules/jsdom/lib/jsdom/living/events/EventTarget-impl.js:104:17)
      at HTMLButtonElement.dispatchEvent 
(node_modules/jsdom/lib/jsdom/living/generated/EventTarget.js:241:34)
      at 
node_modules/@testing-library/user-event/dist/cjs/event/dispatchEvent.js:45:43
      at Object.eventWrapper 
(node_modules/@testing-library/dom/dist/config.js:25:23)
      at Object.wrapEvent 
(node_modules/@testing-library/user-event/dist/cjs/event/wrapEvent.js:6:28)
      at Object.dispatchEvent (node_modules/@testing-library/user-event/dist/cj
s/event/dispatchEvent.js:45:22)
      at Object.dispatchUIEvent (node_modules/@testing-library/user-event/dist/
cjs/event/dispatchEvent.js:22:26)
      at Mouse.up (node_modules/@testing-library/user-event/dist/cjs/system/poi
nter/mouse.js:100:30)
      at PointerHost.release (node_modules/@testing-library/user-event/dist/cjs
/system/pointer/index.js:87:24)
      at pointerAction 
(node_modules/@testing-library/user-event/dist/cjs/pointer/index.js:54:47)
      at Object.pointer 
(node_modules/@testing-library/user-event/dist/cjs/pointer/index.js:27:9)
      at Object.<anonymous> 
(src/binding-authorities/__tests__/binding-authorities.test.tsx:1428:9)

    console.error
      Warning: An update to BASectionViewPage inside a test was not wrapped in 
act(...).
      
      When testing, code that causes React state updates should be wrapped 
into act(...):
      
      act(() => {
        /* fire events that update state */
      });
      /* assert on the output */
      
      This ensures that you're testing the behavior the user would see in the 
browser. Learn more at https://reactjs.org/link/wrap-tests-with-act
          at BASectionViewPage (C:\Users\samhe\OneDrive\Desktop\Cleaned\fronten
d\src\binding-authorities\BASectionViewPage\BASectionViewPage.tsx:46:40)
          at routeContext (C:\Users\samhe\OneDrive\Desktop\Cleaned\frontend\nod
e_modules\react-router\lib\hooks.tsx:658:26)
          at children (C:\Users\samhe\OneDrive\Desktop\Cleaned\frontend\node_mo
dules\react-router\lib\components.tsx:512:3)
          at basenameProp (C:\Users\samhe\OneDrive\Desktop\Cleaned\frontend\nod
e_modules\react-router\lib\components.tsx:421:13)
          at basename (C:\Users\samhe\OneDrive\Desktop\Cleaned\frontend\node_mo
dules\react-router\lib\components.tsx:225:3)

      113 |         if (activeTab === 'risk-codes' && !riskCodesLoaded && 
secId) {
      114 |             getAuthorizedRiskCodes(secId)
    > 115 |                 .then((data) => { setRiskCodes(data); 
setRiskCodesLoaded(true) })
          |                                   ^
      116 |                 .catch(() => addNotification('Could not load risk 
codes.', 'error'))
      117 |         }
      118 |     }, [activeTab]) // eslint-disable-line 
react-hooks/exhaustive-deps

      at printWarning 
(node_modules/react-dom/cjs/react-dom.development.js:86:30)
      at error (node_modules/react-dom/cjs/react-dom.development.js:60:7)
      at warnIfUpdatesNotWrappedWithActDEV 
(node_modules/react-dom/cjs/react-dom.development.js:27628:9)
      at scheduleUpdateOnFiber 
(node_modules/react-dom/cjs/react-dom.development.js:25547:5)
      at dispatchSetState 
(node_modules/react-dom/cjs/react-dom.development.js:16708:7)
      at src/binding-authorities/BASectionViewPage/BASectionViewPage.tsx:115:35

    console.error
      Warning: An update to BASectionViewPage inside a test was not wrapped in 
act(...).
      
      When testing, code that causes React state updates should be wrapped 
into act(...):
      
      act(() => {
        /* fire events that update state */
      });
      /* assert on the output */
      
      This ensures that you're testing the behavior the user would see in the 
browser. Learn more at https://reactjs.org/link/wrap-tests-with-act
          at BASectionViewPage (C:\Users\samhe\OneDrive\Desktop\Cleaned\fronten
d\src\binding-authorities\BASectionViewPage\BASectionViewPage.tsx:46:40)
          at routeContext (C:\Users\samhe\OneDrive\Desktop\Cleaned\frontend\nod
e_modules\react-router\lib\hooks.tsx:658:26)
          at children (C:\Users\samhe\OneDrive\Desktop\Cleaned\frontend\node_mo
dules\react-router\lib\components.tsx:512:3)
          at basenameProp (C:\Users\samhe\OneDrive\Desktop\Cleaned\frontend\nod
e_modules\react-router\lib\components.tsx:421:13)
          at basename (C:\Users\samhe\OneDrive\Desktop\Cleaned\frontend\node_mo
dules\react-router\lib\components.tsx:225:3)

      113 |         if (activeTab === 'risk-codes' && !riskCodesLoaded && 
secId) {
      114 |             getAuthorizedRiskCodes(secId)
    > 115 |                 .then((data) => { setRiskCodes(data); 
setRiskCodesLoaded(true) })
          |                                                       ^
      116 |                 .catch(() => addNotification('Could not load risk 
codes.', 'error'))
      117 |         }
      118 |     }, [activeTab]) // eslint-disable-line 
react-hooks/exhaustive-deps

      at printWarning 
(node_modules/react-dom/cjs/react-dom.development.js:86:30)
      at error (node_modules/react-dom/cjs/react-dom.development.js:60:7)
      at warnIfUpdatesNotWrappedWithActDEV 
(node_modules/react-dom/cjs/react-dom.development.js:27628:9)
      at scheduleUpdateOnFiber 
(node_modules/react-dom/cjs/react-dom.development.js:25547:5)
      at dispatchSetState 
(node_modules/react-dom/cjs/react-dom.development.js:16708:7)
      at src/binding-authorities/BASectionViewPage/BASectionViewPage.tsx:115:55

    console.error
      Warning: An update to BASectionViewPage inside a test was not wrapped in 
act(...).
      
      When testing, code that causes React state updates should be wrapped 
into act(...):
      
      act(() => {
        /* fire events that update state */
      });
      /* assert on the output */
      
      This ensures that you're testing the behavior the user would see in the 
browser. Learn more at https://reactjs.org/link/wrap-tests-with-act
          at BASectionViewPage (C:\Users\samhe\OneDrive\Desktop\Cleaned\fronten
d\src\binding-authorities\BASectionViewPage\BASectionViewPage.tsx:46:40)
          at routeContext (C:\Users\samhe\OneDrive\Desktop\Cleaned\frontend\nod
e_modules\react-router\lib\hooks.tsx:658:26)
          at children (C:\Users\samhe\OneDrive\Desktop\Cleaned\frontend\node_mo
dules\react-router\lib\components.tsx:512:3)
          at basenameProp (C:\Users\samhe\OneDrive\Desktop\Cleaned\frontend\nod
e_modules\react-router\lib\components.tsx:421:13)
          at basename (C:\Users\samhe\OneDrive\Desktop\Cleaned\frontend\node_mo
dules\react-router\lib\components.tsx:225:3)

      230 |         try {
      231 |             await removeAuthorizedRiskCode(secId, code)
    > 232 |             setRiskCodes((prev) => prev.filter((c) => c !== code))
          |             ^
      233 |             addNotification('Risk code removed.', 'success')
      234 |         } catch {
      235 |             addNotification('Could not remove risk code.', 'error')

      at printWarning 
(node_modules/react-dom/cjs/react-dom.development.js:86:30)
      at error (node_modules/react-dom/cjs/react-dom.development.js:60:7)
      at warnIfUpdatesNotWrappedWithActDEV 
(node_modules/react-dom/cjs/react-dom.development.js:27628:9)
      at scheduleUpdateOnFiber 
(node_modules/react-dom/cjs/react-dom.development.js:25547:5)
      at dispatchSetState 
(node_modules/react-dom/cjs/react-dom.development.js:16708:7)
      at handleRemoveRiskCode 
(src/binding-authorities/BASectionViewPage/BASectionViewPage.tsx:232:13)

    console.error
      Warning: An update to BASectionViewPage inside a test was not wrapped in 
act(...).
      
      When testing, code that causes React state updates should be wrapped 
into act(...):
      
      act(() => {
        /* fire events that update state */
      });
      /* assert on the output */
      
      This ensures that you're testing the behavior the user would see in the 
browser. Learn more at https://reactjs.org/link/wrap-tests-with-act
          at BASectionViewPage (C:\Users\samhe\OneDrive\Desktop\Cleaned\fronten
d\src\binding-authorities\BASectionViewPage\BASectionViewPage.tsx:46:40)
          at routeContext (C:\Users\samhe\OneDrive\Desktop\Cleaned\frontend\nod
e_modules\react-router\lib\hooks.tsx:658:26)
          at children (C:\Users\samhe\OneDrive\Desktop\Cleaned\frontend\node_mo
dules\react-router\lib\components.tsx:512:3)
          at basenameProp (C:\Users\samhe\OneDrive\Desktop\Cleaned\frontend\nod
e_modules\react-router\lib\components.tsx:421:13)
          at basename (C:\Users\samhe\OneDrive\Desktop\Cleaned\frontend\node_mo
dules\react-router\lib\components.tsx:225:3)

      317 |                             key={tab.key}
      318 |                             type="button"
    > 319 |                             onClick={() => setActiveTab(tab.key)}
          |                                            ^
      320 |                             className={`px-4 py-2 text-sm 
font-medium whitespace-nowrap border-b-2 ${activeTab === tab.key
      321 |                                 ? 'border-brand-600 text-brand-600'
      322 |                                 : 'border-transparent 
text-gray-500 hover:text-gray-700'}`}

      at printWarning 
(node_modules/react-dom/cjs/react-dom.development.js:86:30)
      at error (node_modules/react-dom/cjs/react-dom.development.js:60:7)
      at warnIfUpdatesNotWrappedWithActDEV 
(node_modules/react-dom/cjs/react-dom.development.js:27628:9)
      at scheduleUpdateOnFiber 
(node_modules/react-dom/cjs/react-dom.development.js:25547:5)
      at dispatchSetState 
(node_modules/react-dom/cjs/react-dom.development.js:16708:7)
      at onClick 
(src/binding-authorities/BASectionViewPage/BASectionViewPage.tsx:319:44)
      at HTMLUnknownElement.callCallback 
(node_modules/react-dom/cjs/react-dom.development.js:4164:14)
      at HTMLUnknownElement.callTheUserObjectsOperation 
(node_modules/jsdom/lib/jsdom/living/generated/EventListener.js:26:30)
      at innerInvokeEventListeners 
(node_modules/jsdom/lib/jsdom/living/events/EventTarget-impl.js:350:25)
      at invokeEventListeners 
(node_modules/jsdom/lib/jsdom/living/events/EventTarget-impl.js:286:3)
      at HTMLUnknownElementImpl._dispatch 
(node_modules/jsdom/lib/jsdom/living/events/EventTarget-impl.js:233:9)
      at HTMLUnknownElementImpl.dispatchEvent 
(node_modules/jsdom/lib/jsdom/living/events/EventTarget-impl.js:104:17)
      at HTMLUnknownElement.dispatchEvent 
(node_modules/jsdom/lib/jsdom/living/generated/EventTarget.js:241:34)
      at Object.invokeGuardedCallbackDev 
(node_modules/react-dom/cjs/react-dom.development.js:4213:16)
      at invokeGuardedCallback 
(node_modules/react-dom/cjs/react-dom.development.js:4277:31)
      at invokeGuardedCallbackAndCatchFirstError 
(node_modules/react-dom/cjs/react-dom.development.js:4291:25)
      at executeDispatch 
(node_modules/react-dom/cjs/react-dom.development.js:9041:3)
      at processDispatchQueueItemsInOrder 
(node_modules/react-dom/cjs/react-dom.development.js:9073:7)
      at processDispatchQueue 
(node_modules/react-dom/cjs/react-dom.development.js:9086:5)
      at dispatchEventsForPlugins 
(node_modules/react-dom/cjs/react-dom.development.js:9097:3)
      at node_modules/react-dom/cjs/react-dom.development.js:9288:12
      at batchedUpdates$1 
(node_modules/react-dom/cjs/react-dom.development.js:26179:12)
      at batchedUpdates 
(node_modules/react-dom/cjs/react-dom.development.js:3991:12)
      at dispatchEventForPluginEventSystem 
(node_modules/react-dom/cjs/react-dom.development.js:9287:3)
      at dispatchEventWithEnableCapturePhaseSelectiveHydrationWithoutDiscreteEv
entReplay (node_modules/react-dom/cjs/react-dom.development.js:6465:5)
      at dispatchEvent 
(node_modules/react-dom/cjs/react-dom.development.js:6457:5)
      at dispatchDiscreteEvent 
(node_modules/react-dom/cjs/react-dom.development.js:6430:5)
      at HTMLDivElement.callTheUserObjectsOperation 
(node_modules/jsdom/lib/jsdom/living/generated/EventListener.js:26:30)
      at innerInvokeEventListeners 
(node_modules/jsdom/lib/jsdom/living/events/EventTarget-impl.js:350:25)
      at invokeEventListeners 
(node_modules/jsdom/lib/jsdom/living/events/EventTarget-impl.js:286:3)
      at HTMLButtonElementImpl._dispatch 
(node_modules/jsdom/lib/jsdom/living/events/EventTarget-impl.js:233:9)
      at HTMLButtonElementImpl.dispatchEvent 
(node_modules/jsdom/lib/jsdom/living/events/EventTarget-impl.js:104:17)
      at HTMLButtonElement.dispatchEvent 
(node_modules/jsdom/lib/jsdom/living/generated/EventTarget.js:241:34)
      at 
node_modules/@testing-library/user-event/dist/cjs/event/dispatchEvent.js:45:43
      at Object.eventWrapper 
(node_modules/@testing-library/dom/dist/config.js:25:23)
      at Object.wrapEvent 
(node_modules/@testing-library/user-event/dist/cjs/event/wrapEvent.js:6:28)
      at Object.dispatchEvent (node_modules/@testing-library/user-event/dist/cj
s/event/dispatchEvent.js:45:22)
      at Object.dispatchUIEvent (node_modules/@testing-library/user-event/dist/
cjs/event/dispatchEvent.js:22:26)
      at Mouse.up (node_modules/@testing-library/user-event/dist/cjs/system/poi
nter/mouse.js:100:30)
      at PointerHost.release (node_modules/@testing-library/user-event/dist/cjs
/system/pointer/index.js:87:24)
      at pointerAction 
(node_modules/@testing-library/user-event/dist/cjs/pointer/index.js:54:47)
      at Object.pointer 
(node_modules/@testing-library/user-event/dist/cjs/pointer/index.js:27:9)
      at Object.<anonymous> 
(src/binding-authorities/__tests__/binding-authorities.test.tsx:1440:9)

    console.error
      Warning: An update to BASectionViewPage inside a test was not wrapped in 
act(...).
      
      When testing, code that causes React state updates should be wrapped 
into act(...):
      
      act(() => {
        /* fire events that update state */
      });
      /* assert on the output */
      
      This ensures that you're testing the behavior the user would see in the 
browser. Learn more at https://reactjs.org/link/wrap-tests-with-act
          at BASectionViewPage (C:\Users\samhe\OneDrive\Desktop\Cleaned\fronten
d\src\binding-authorities\BASectionViewPage\BASectionViewPage.tsx:46:40)
          at routeContext (C:\Users\samhe\OneDrive\Desktop\Cleaned\frontend\nod
e_modules\react-router\lib\hooks.tsx:658:26)
          at children (C:\Users\samhe\OneDrive\Desktop\Cleaned\frontend\node_mo
dules\react-router\lib\components.tsx:512:3)
          at basenameProp (C:\Users\samhe\OneDrive\Desktop\Cleaned\frontend\nod
e_modules\react-router\lib\components.tsx:421:13)
          at basename (C:\Users\samhe\OneDrive\Desktop\Cleaned\frontend\node_mo
dules\react-router\lib\components.tsx:225:3)

      113 |         if (activeTab === 'risk-codes' && !riskCodesLoaded && 
secId) {
      114 |             getAuthorizedRiskCodes(secId)
    > 115 |                 .then((data) => { setRiskCodes(data); 
setRiskCodesLoaded(true) })
          |                                   ^
      116 |                 .catch(() => addNotification('Could not load risk 
codes.', 'error'))
      117 |         }
      118 |     }, [activeTab]) // eslint-disable-line 
react-hooks/exhaustive-deps

      at printWarning 
(node_modules/react-dom/cjs/react-dom.development.js:86:30)
      at error (node_modules/react-dom/cjs/react-dom.development.js:60:7)
      at warnIfUpdatesNotWrappedWithActDEV 
(node_modules/react-dom/cjs/react-dom.development.js:27628:9)
      at scheduleUpdateOnFiber 
(node_modules/react-dom/cjs/react-dom.development.js:25547:5)
      at dispatchSetState 
(node_modules/react-dom/cjs/react-dom.development.js:16708:7)
      at src/binding-authorities/BASectionViewPage/BASectionViewPage.tsx:115:35

    console.error
      Warning: An update to BASectionViewPage inside a test was not wrapped in 
act(...).
      
      When testing, code that causes React state updates should be wrapped 
into act(...):
      
      act(() => {
        /* fire events that update state */
      });
      /* assert on the output */
      
      This ensures that you're testing the behavior the user would see in the 
browser. Learn more at https://reactjs.org/link/wrap-tests-with-act
          at BASectionViewPage (C:\Users\samhe\OneDrive\Desktop\Cleaned\fronten
d\src\binding-authorities\BASectionViewPage\BASectionViewPage.tsx:46:40)
          at routeContext (C:\Users\samhe\OneDrive\Desktop\Cleaned\frontend\nod
e_modules\react-router\lib\hooks.tsx:658:26)
          at children (C:\Users\samhe\OneDrive\Desktop\Cleaned\frontend\node_mo
dules\react-router\lib\components.tsx:512:3)
          at basenameProp (C:\Users\samhe\OneDrive\Desktop\Cleaned\frontend\nod
e_modules\react-router\lib\components.tsx:421:13)
          at basename (C:\Users\samhe\OneDrive\Desktop\Cleaned\frontend\node_mo
dules\react-router\lib\components.tsx:225:3)

      113 |         if (activeTab === 'risk-codes' && !riskCodesLoaded && 
secId) {
      114 |             getAuthorizedRiskCodes(secId)
    > 115 |                 .then((data) => { setRiskCodes(data); 
setRiskCodesLoaded(true) })
          |                                                       ^
      116 |                 .catch(() => addNotification('Could not load risk 
codes.', 'error'))
      117 |         }
      118 |     }, [activeTab]) // eslint-disable-line 
react-hooks/exhaustive-deps

      at printWarning 
(node_modules/react-dom/cjs/react-dom.development.js:86:30)
      at error (node_modules/react-dom/cjs/react-dom.development.js:60:7)
      at warnIfUpdatesNotWrappedWithActDEV 
(node_modules/react-dom/cjs/react-dom.development.js:27628:9)
      at scheduleUpdateOnFiber 
(node_modules/react-dom/cjs/react-dom.development.js:25547:5)
      at dispatchSetState 
(node_modules/react-dom/cjs/react-dom.development.js:16708:7)
      at src/binding-authorities/BASectionViewPage/BASectionViewPage.tsx:115:55

    console.error
      Warning: An update to BASectionViewPage inside a test was not wrapped in 
act(...).
      
      When testing, code that causes React state updates should be wrapped 
into act(...):
      
      act(() => {
        /* fire events that update state */
      });
      /* assert on the output */
      
      This ensures that you're testing the behavior the user would see in the 
browser. Learn more at https://reactjs.org/link/wrap-tests-with-act
          at BASectionViewPage (C:\Users\samhe\OneDrive\Desktop\Cleaned\fronten
d\src\binding-authorities\BASectionViewPage\BASectionViewPage.tsx:46:40)
          at routeContext (C:\Users\samhe\OneDrive\Desktop\Cleaned\frontend\nod
e_modules\react-router\lib\hooks.tsx:658:26)
          at children (C:\Users\samhe\OneDrive\Desktop\Cleaned\frontend\node_mo
dules\react-router\lib\components.tsx:512:3)
          at basenameProp (C:\Users\samhe\OneDrive\Desktop\Cleaned\frontend\nod
e_modules\react-router\lib\components.tsx:421:13)
          at basename (C:\Users\samhe\OneDrive\Desktop\Cleaned\frontend\node_mo
dules\react-router\lib\components.tsx:225:3)

      317 |                             key={tab.key}
      318 |                             type="button"
    > 319 |                             onClick={() => setActiveTab(tab.key)}
          |                                            ^
      320 |                             className={`px-4 py-2 text-sm 
font-medium whitespace-nowrap border-b-2 ${activeTab === tab.key
      321 |                                 ? 'border-brand-600 text-brand-600'
      322 |                                 : 'border-transparent 
text-gray-500 hover:text-gray-700'}`}

      at printWarning 
(node_modules/react-dom/cjs/react-dom.development.js:86:30)
      at error (node_modules/react-dom/cjs/react-dom.development.js:60:7)
      at warnIfUpdatesNotWrappedWithActDEV 
(node_modules/react-dom/cjs/react-dom.development.js:27628:9)
      at scheduleUpdateOnFiber 
(node_modules/react-dom/cjs/react-dom.development.js:25547:5)
      at dispatchSetState 
(node_modules/react-dom/cjs/react-dom.development.js:16708:7)
      at onClick 
(src/binding-authorities/BASectionViewPage/BASectionViewPage.tsx:319:44)
      at HTMLUnknownElement.callCallback 
(node_modules/react-dom/cjs/react-dom.development.js:4164:14)
      at HTMLUnknownElement.callTheUserObjectsOperation 
(node_modules/jsdom/lib/jsdom/living/generated/EventListener.js:26:30)
      at innerInvokeEventListeners 
(node_modules/jsdom/lib/jsdom/living/events/EventTarget-impl.js:350:25)
      at invokeEventListeners 
(node_modules/jsdom/lib/jsdom/living/events/EventTarget-impl.js:286:3)
      at HTMLUnknownElementImpl._dispatch 
(node_modules/jsdom/lib/jsdom/living/events/EventTarget-impl.js:233:9)
      at HTMLUnknownElementImpl.dispatchEvent 
(node_modules/jsdom/lib/jsdom/living/events/EventTarget-impl.js:104:17)
      at HTMLUnknownElement.dispatchEvent 
(node_modules/jsdom/lib/jsdom/living/generated/EventTarget.js:241:34)
      at Object.invokeGuardedCallbackDev 
(node_modules/react-dom/cjs/react-dom.development.js:4213:16)
      at invokeGuardedCallback 
(node_modules/react-dom/cjs/react-dom.development.js:4277:31)
      at invokeGuardedCallbackAndCatchFirstError 
(node_modules/react-dom/cjs/react-dom.development.js:4291:25)
      at executeDispatch 
(node_modules/react-dom/cjs/react-dom.development.js:9041:3)
      at processDispatchQueueItemsInOrder 
(node_modules/react-dom/cjs/react-dom.development.js:9073:7)
      at processDispatchQueue 
(node_modules/react-dom/cjs/react-dom.development.js:9086:5)
      at dispatchEventsForPlugins 
(node_modules/react-dom/cjs/react-dom.development.js:9097:3)
      at node_modules/react-dom/cjs/react-dom.development.js:9288:12
      at batchedUpdates$1 
(node_modules/react-dom/cjs/react-dom.development.js:26179:12)
      at batchedUpdates 
(node_modules/react-dom/cjs/react-dom.development.js:3991:12)
      at dispatchEventForPluginEventSystem 
(node_modules/react-dom/cjs/react-dom.development.js:9287:3)
      at dispatchEventWithEnableCapturePhaseSelectiveHydrationWithoutDiscreteEv
entReplay (node_modules/react-dom/cjs/react-dom.development.js:6465:5)
      at dispatchEvent 
(node_modules/react-dom/cjs/react-dom.development.js:6457:5)
      at dispatchDiscreteEvent 
(node_modules/react-dom/cjs/react-dom.development.js:6430:5)
      at HTMLDivElement.callTheUserObjectsOperation 
(node_modules/jsdom/lib/jsdom/living/generated/EventListener.js:26:30)
      at innerInvokeEventListeners 
(node_modules/jsdom/lib/jsdom/living/events/EventTarget-impl.js:350:25)
      at invokeEventListeners 
(node_modules/jsdom/lib/jsdom/living/events/EventTarget-impl.js:286:3)
      at HTMLButtonElementImpl._dispatch 
(node_modules/jsdom/lib/jsdom/living/events/EventTarget-impl.js:233:9)
      at HTMLButtonElementImpl.dispatchEvent 
(node_modules/jsdom/lib/jsdom/living/events/EventTarget-impl.js:104:17)
      at HTMLButtonElement.dispatchEvent 
(node_modules/jsdom/lib/jsdom/living/generated/EventTarget.js:241:34)
      at 
node_modules/@testing-library/user-event/dist/cjs/event/dispatchEvent.js:45:43
      at Object.eventWrapper 
(node_modules/@testing-library/dom/dist/config.js:25:23)
      at Object.wrapEvent 
(node_modules/@testing-library/user-event/dist/cjs/event/wrapEvent.js:6:28)
      at Object.dispatchEvent (node_modules/@testing-library/user-event/dist/cj
s/event/dispatchEvent.js:45:22)
      at Object.dispatchUIEvent (node_modules/@testing-library/user-event/dist/
cjs/event/dispatchEvent.js:22:26)
      at Mouse.up (node_modules/@testing-library/user-event/dist/cjs/system/poi
nter/mouse.js:100:30)
      at PointerHost.release (node_modules/@testing-library/user-event/dist/cjs
/system/pointer/index.js:87:24)
      at pointerAction 
(node_modules/@testing-library/user-event/dist/cjs/pointer/index.js:54:47)
      at Object.pointer 
(node_modules/@testing-library/user-event/dist/cjs/pointer/index.js:27:9)
      at Object.<anonymous> 
(src/binding-authorities/__tests__/binding-authorities.test.tsx:1448:9)

    console.error
      Warning: An update to BASectionViewPage inside a test was not wrapped in 
act(...).
      
      When testing, code that causes React state updates should be wrapped 
into act(...):
      
      act(() => {
        /* fire events that update state */
      });
      /* assert on the output */
      
      This ensures that you're testing the behavior the user would see in the 
browser. Learn more at https://reactjs.org/link/wrap-tests-with-act
          at BASectionViewPage (C:\Users\samhe\OneDrive\Desktop\Cleaned\fronten
d\src\binding-authorities\BASectionViewPage\BASectionViewPage.tsx:46:40)
          at routeContext (C:\Users\samhe\OneDrive\Desktop\Cleaned\frontend\nod
e_modules\react-router\lib\hooks.tsx:658:26)
          at children (C:\Users\samhe\OneDrive\Desktop\Cleaned\frontend\node_mo
dules\react-router\lib\components.tsx:512:3)
          at basenameProp (C:\Users\samhe\OneDrive\Desktop\Cleaned\frontend\nod
e_modules\react-router\lib\components.tsx:421:13)
          at basename (C:\Users\samhe\OneDrive\Desktop\Cleaned\frontend\node_mo
dules\react-router\lib\components.tsx:225:3)

      317 |                             key={tab.key}
      318 |                             type="button"
    > 319 |                             onClick={() => setActiveTab(tab.key)}
          |                                            ^
      320 |                             className={`px-4 py-2 text-sm 
font-medium whitespace-nowrap border-b-2 ${activeTab === tab.key
      321 |                                 ? 'border-brand-600 text-brand-600'
      322 |                                 : 'border-transparent 
text-gray-500 hover:text-gray-700'}`}

      at printWarning 
(node_modules/react-dom/cjs/react-dom.development.js:86:30)
      at error (node_modules/react-dom/cjs/react-dom.development.js:60:7)
      at warnIfUpdatesNotWrappedWithActDEV 
(node_modules/react-dom/cjs/react-dom.development.js:27628:9)
      at scheduleUpdateOnFiber 
(node_modules/react-dom/cjs/react-dom.development.js:25547:5)
      at dispatchSetState 
(node_modules/react-dom/cjs/react-dom.development.js:16708:7)
      at onClick 
(src/binding-authorities/BASectionViewPage/BASectionViewPage.tsx:319:44)
      at HTMLUnknownElement.callCallback 
(node_modules/react-dom/cjs/react-dom.development.js:4164:14)
      at HTMLUnknownElement.callTheUserObjectsOperation 
(node_modules/jsdom/lib/jsdom/living/generated/EventListener.js:26:30)
      at innerInvokeEventListeners 
(node_modules/jsdom/lib/jsdom/living/events/EventTarget-impl.js:350:25)
      at invokeEventListeners 
(node_modules/jsdom/lib/jsdom/living/events/EventTarget-impl.js:286:3)
      at HTMLUnknownElementImpl._dispatch 
(node_modules/jsdom/lib/jsdom/living/events/EventTarget-impl.js:233:9)
      at HTMLUnknownElementImpl.dispatchEvent 
(node_modules/jsdom/lib/jsdom/living/events/EventTarget-impl.js:104:17)
      at HTMLUnknownElement.dispatchEvent 
(node_modules/jsdom/lib/jsdom/living/generated/EventTarget.js:241:34)
      at Object.invokeGuardedCallbackDev 
(node_modules/react-dom/cjs/react-dom.development.js:4213:16)
      at invokeGuardedCallback 
(node_modules/react-dom/cjs/react-dom.development.js:4277:31)
      at invokeGuardedCallbackAndCatchFirstError 
(node_modules/react-dom/cjs/react-dom.development.js:4291:25)
      at executeDispatch 
(node_modules/react-dom/cjs/react-dom.development.js:9041:3)
      at processDispatchQueueItemsInOrder 
(node_modules/react-dom/cjs/react-dom.development.js:9073:7)
      at processDispatchQueue 
(node_modules/react-dom/cjs/react-dom.development.js:9086:5)
      at dispatchEventsForPlugins 
(node_modules/react-dom/cjs/react-dom.development.js:9097:3)
      at node_modules/react-dom/cjs/react-dom.development.js:9288:12
      at batchedUpdates$1 
(node_modules/react-dom/cjs/react-dom.development.js:26179:12)
      at batchedUpdates 
(node_modules/react-dom/cjs/react-dom.development.js:3991:12)
      at dispatchEventForPluginEventSystem 
(node_modules/react-dom/cjs/react-dom.development.js:9287:3)
      at dispatchEventWithEnableCapturePhaseSelectiveHydrationWithoutDiscreteEv
entReplay (node_modules/react-dom/cjs/react-dom.development.js:6465:5)
      at dispatchEvent 
(node_modules/react-dom/cjs/react-dom.development.js:6457:5)
      at dispatchDiscreteEvent 
(node_modules/react-dom/cjs/react-dom.development.js:6430:5)
      at HTMLDivElement.callTheUserObjectsOperation 
(node_modules/jsdom/lib/jsdom/living/generated/EventListener.js:26:30)
      at innerInvokeEventListeners 
(node_modules/jsdom/lib/jsdom/living/events/EventTarget-impl.js:350:25)
      at invokeEventListeners 
(node_modules/jsdom/lib/jsdom/living/events/EventTarget-impl.js:286:3)
      at HTMLButtonElementImpl._dispatch 
(node_modules/jsdom/lib/jsdom/living/events/EventTarget-impl.js:233:9)
      at HTMLButtonElementImpl.dispatchEvent 
(node_modules/jsdom/lib/jsdom/living/events/EventTarget-impl.js:104:17)
      at HTMLButtonElement.dispatchEvent 
(node_modules/jsdom/lib/jsdom/living/generated/EventTarget.js:241:34)
      at 
node_modules/@testing-library/user-event/dist/cjs/event/dispatchEvent.js:45:43
      at Object.eventWrapper 
(node_modules/@testing-library/dom/dist/config.js:25:23)
      at Object.wrapEvent 
(node_modules/@testing-library/user-event/dist/cjs/event/wrapEvent.js:6:28)
      at Object.dispatchEvent (node_modules/@testing-library/user-event/dist/cj
s/event/dispatchEvent.js:45:22)
      at Object.dispatchUIEvent (node_modules/@testing-library/user-event/dist/
cjs/event/dispatchEvent.js:22:26)
      at Mouse.up (node_modules/@testing-library/user-event/dist/cjs/system/poi
nter/mouse.js:100:30)
      at PointerHost.release (node_modules/@testing-library/user-event/dist/cjs
/system/pointer/index.js:87:24)
      at pointerAction 
(node_modules/@testing-library/user-event/dist/cjs/pointer/index.js:54:47)
      at Object.pointer 
(node_modules/@testing-library/user-event/dist/cjs/pointer/index.js:27:9)
      at Object.<anonymous> 
(src/binding-authorities/__tests__/binding-authorities.test.tsx:1457:9)

    console.error
      Warning: An update to BASectionViewPage inside a test was not wrapped in 
act(...).
      
      When testing, code that causes React state updates should be wrapped 
into act(...):
      
      act(() => {
        /* fire events that update state */
      });
      /* assert on the output */
      
      This ensures that you're testing the behavior the user would see in the 
browser. Learn more at https://reactjs.org/link/wrap-tests-with-act
          at BASectionViewPage (C:\Users\samhe\OneDrive\Desktop\Cleaned\fronten
d\src\binding-authorities\BASectionViewPage\BASectionViewPage.tsx:46:40)
          at routeContext (C:\Users\samhe\OneDrive\Desktop\Cleaned\frontend\nod
e_modules\react-router\lib\hooks.tsx:658:26)
          at children (C:\Users\samhe\OneDrive\Desktop\Cleaned\frontend\node_mo
dules\react-router\lib\components.tsx:512:3)
          at basenameProp (C:\Users\samhe\OneDrive\Desktop\Cleaned\frontend\nod
e_modules\react-router\lib\components.tsx:421:13)
          at basename (C:\Users\samhe\OneDrive\Desktop\Cleaned\frontend\node_mo
dules\react-router\lib\components.tsx:225:3)

      317 |                             key={tab.key}
      318 |                             type="button"
    > 319 |                             onClick={() => setActiveTab(tab.key)}
          |                                            ^
      320 |                             className={`px-4 py-2 text-sm 
font-medium whitespace-nowrap border-b-2 ${activeTab === tab.key
      321 |                                 ? 'border-brand-600 text-brand-600'
      322 |                                 : 'border-transparent 
text-gray-500 hover:text-gray-700'}`}

      at printWarning 
(node_modules/react-dom/cjs/react-dom.development.js:86:30)
      at error (node_modules/react-dom/cjs/react-dom.development.js:60:7)
      at warnIfUpdatesNotWrappedWithActDEV 
(node_modules/react-dom/cjs/react-dom.development.js:27628:9)
      at scheduleUpdateOnFiber 
(node_modules/react-dom/cjs/react-dom.development.js:25547:5)
      at dispatchSetState 
(node_modules/react-dom/cjs/react-dom.development.js:16708:7)
      at onClick 
(src/binding-authorities/BASectionViewPage/BASectionViewPage.tsx:319:44)
      at HTMLUnknownElement.callCallback 
(node_modules/react-dom/cjs/react-dom.development.js:4164:14)
      at HTMLUnknownElement.callTheUserObjectsOperation 
(node_modules/jsdom/lib/jsdom/living/generated/EventListener.js:26:30)
      at innerInvokeEventListeners 
(node_modules/jsdom/lib/jsdom/living/events/EventTarget-impl.js:350:25)
      at invokeEventListeners 
(node_modules/jsdom/lib/jsdom/living/events/EventTarget-impl.js:286:3)
      at HTMLUnknownElementImpl._dispatch 
(node_modules/jsdom/lib/jsdom/living/events/EventTarget-impl.js:233:9)
      at HTMLUnknownElementImpl.dispatchEvent 
(node_modules/jsdom/lib/jsdom/living/events/EventTarget-impl.js:104:17)
      at HTMLUnknownElement.dispatchEvent 
(node_modules/jsdom/lib/jsdom/living/generated/EventTarget.js:241:34)
      at Object.invokeGuardedCallbackDev 
(node_modules/react-dom/cjs/react-dom.development.js:4213:16)
      at invokeGuardedCallback 
(node_modules/react-dom/cjs/react-dom.development.js:4277:31)
      at invokeGuardedCallbackAndCatchFirstError 
(node_modules/react-dom/cjs/react-dom.development.js:4291:25)
      at executeDispatch 
(node_modules/react-dom/cjs/react-dom.development.js:9041:3)
      at processDispatchQueueItemsInOrder 
(node_modules/react-dom/cjs/react-dom.development.js:9073:7)
      at processDispatchQueue 
(node_modules/react-dom/cjs/react-dom.development.js:9086:5)
      at dispatchEventsForPlugins 
(node_modules/react-dom/cjs/react-dom.development.js:9097:3)
      at node_modules/react-dom/cjs/react-dom.development.js:9288:12
      at batchedUpdates$1 
(node_modules/react-dom/cjs/react-dom.development.js:26179:12)
      at batchedUpdates 
(node_modules/react-dom/cjs/react-dom.development.js:3991:12)
      at dispatchEventForPluginEventSystem 
(node_modules/react-dom/cjs/react-dom.development.js:9287:3)
      at dispatchEventWithEnableCapturePhaseSelectiveHydrationWithoutDiscreteEv
entReplay (node_modules/react-dom/cjs/react-dom.development.js:6465:5)
      at dispatchEvent 
(node_modules/react-dom/cjs/react-dom.development.js:6457:5)
      at dispatchDiscreteEvent 
(node_modules/react-dom/cjs/react-dom.development.js:6430:5)
      at HTMLDivElement.callTheUserObjectsOperation 
(node_modules/jsdom/lib/jsdom/living/generated/EventListener.js:26:30)
      at innerInvokeEventListeners 
(node_modules/jsdom/lib/jsdom/living/events/EventTarget-impl.js:350:25)
      at invokeEventListeners 
(node_modules/jsdom/lib/jsdom/living/events/EventTarget-impl.js:286:3)
      at HTMLButtonElementImpl._dispatch 
(node_modules/jsdom/lib/jsdom/living/events/EventTarget-impl.js:233:9)
      at HTMLButtonElementImpl.dispatchEvent 
(node_modules/jsdom/lib/jsdom/living/events/EventTarget-impl.js:104:17)
      at HTMLButtonElement.dispatchEvent 
(node_modules/jsdom/lib/jsdom/living/generated/EventTarget.js:241:34)
      at 
node_modules/@testing-library/user-event/dist/cjs/event/dispatchEvent.js:45:43
      at Object.eventWrapper 
(node_modules/@testing-library/dom/dist/config.js:25:23)
      at Object.wrapEvent 
(node_modules/@testing-library/user-event/dist/cjs/event/wrapEvent.js:6:28)
      at Object.dispatchEvent (node_modules/@testing-library/user-event/dist/cj
s/event/dispatchEvent.js:45:22)
      at Object.dispatchUIEvent (node_modules/@testing-library/user-event/dist/
cjs/event/dispatchEvent.js:22:26)
      at Mouse.up (node_modules/@testing-library/user-event/dist/cjs/system/poi
nter/mouse.js:100:30)
      at PointerHost.release (node_modules/@testing-library/user-event/dist/cjs
/system/pointer/index.js:87:24)
      at pointerAction 
(node_modules/@testing-library/user-event/dist/cjs/pointer/index.js:54:47)
      at Object.pointer 
(node_modules/@testing-library/user-event/dist/cjs/pointer/index.js:27:9)
      at Object.<anonymous> 
(src/binding-authorities/__tests__/binding-authorities.test.tsx:1479:9)

    console.error
      Warning: An update to BASectionRatingConfiguration inside a test was not 
wrapped in act(...).
      
      When testing, code that causes React state updates should be wrapped 
into act(...):
      
      act(() => {
        /* fire events that update state */
      });
      /* assert on the output */
      
      This ensures that you're testing the behavior the user would see in the 
browser. Learn more at https://reactjs.org/link/wrap-tests-with-act
          at BASectionRatingConfiguration (C:\Users\samhe\OneDrive\Desktop\Clea
ned\frontend\src\binding-authorities\BASectionViewPage\BASectionRatingConfigura
tion.tsx:17:56)
          at div
          at BASectionViewPage (C:\Users\samhe\OneDrive\Desktop\Cleaned\fronten
d\src\binding-authorities\BASectionViewPage\BASectionViewPage.tsx:46:40)
          at routeContext (C:\Users\samhe\OneDrive\Desktop\Cleaned\frontend\nod
e_modules\react-router\lib\hooks.tsx:658:26)
          at children (C:\Users\samhe\OneDrive\Desktop\Cleaned\frontend\node_mo
dules\react-router\lib\components.tsx:512:3)
          at basenameProp (C:\Users\samhe\OneDrive\Desktop\Cleaned\frontend\nod
e_modules\react-router\lib\components.tsx:421:13)
          at basename (C:\Users\samhe\OneDrive\Desktop\Cleaned\frontend\node_mo
dules\react-router\lib\components.tsx:225:3)

      at printWarning 
(node_modules/react-dom/cjs/react-dom.development.js:86:30)
      at error (node_modules/react-dom/cjs/react-dom.development.js:60:7)
      at warnIfUpdatesNotWrappedWithActDEV 
(node_modules/react-dom/cjs/react-dom.development.js:27628:9)
      at scheduleUpdateOnFiber 
(node_modules/react-dom/cjs/react-dom.development.js:25547:5)
      at dispatchSetState 
(node_modules/react-dom/cjs/react-dom.development.js:16708:7)

    console.error
      Warning: An update to BASectionRatingConfiguration inside a test was not 
wrapped in act(...).
      
      When testing, code that causes React state updates should be wrapped 
into act(...):
      
      act(() => {
        /* fire events that update state */
      });
      /* assert on the output */
      
      This ensures that you're testing the behavior the user would see in the 
browser. Learn more at https://reactjs.org/link/wrap-tests-with-act
          at BASectionRatingConfiguration (C:\Users\samhe\OneDrive\Desktop\Clea
ned\frontend\src\binding-authorities\BASectionViewPage\BASectionRatingConfigura
tion.tsx:17:56)
          at div
          at BASectionViewPage (C:\Users\samhe\OneDrive\Desktop\Cleaned\fronten
d\src\binding-authorities\BASectionViewPage\BASectionViewPage.tsx:46:40)
          at routeContext (C:\Users\samhe\OneDrive\Desktop\Cleaned\frontend\nod
e_modules\react-router\lib\hooks.tsx:658:26)
          at children (C:\Users\samhe\OneDrive\Desktop\Cleaned\frontend\node_mo
dules\react-router\lib\components.tsx:512:3)
          at basenameProp (C:\Users\samhe\OneDrive\Desktop\Cleaned\frontend\nod
e_modules\react-router\lib\components.tsx:421:13)
          at basename (C:\Users\samhe\OneDrive\Desktop\Cleaned\frontend\node_mo
dules\react-router\lib\components.tsx:225:3)

      27 |                 addNotification('Could not load rating schedules.', 
'error')
      28 |             })
    > 29 |             .finally(() => setLoading(false))
         |                            ^
      30 |     }, [baId])
      31 |
      32 |     if (loading) {

      at printWarning 
(node_modules/react-dom/cjs/react-dom.development.js:86:30)
      at error (node_modules/react-dom/cjs/react-dom.development.js:60:7)
      at warnIfUpdatesNotWrappedWithActDEV 
(node_modules/react-dom/cjs/react-dom.development.js:27628:9)
      at scheduleUpdateOnFiber 
(node_modules/react-dom/cjs/react-dom.development.js:25547:5)
      at dispatchSetState 
(node_modules/react-dom/cjs/react-dom.development.js:16708:7)
      at src/binding-authorities/BASectionViewPage/BASectionRatingConfiguration
.tsx:29:28

    console.error
      Warning: An update to BASectionViewPage inside a test was not wrapped in 
act(...).
      
      When testing, code that causes React state updates should be wrapped 
into act(...):
      
      act(() => {
        /* fire events that update state */
      });
      /* assert on the output */
      
      This ensures that you're testing the behavior the user would see in the 
browser. Learn more at https://reactjs.org/link/wrap-tests-with-act
          at BASectionViewPage (C:\Users\samhe\OneDrive\Desktop\Cleaned\fronten
d\src\binding-authorities\BASectionViewPage\BASectionViewPage.tsx:46:40)
          at routeContext (C:\Users\samhe\OneDrive\Desktop\Cleaned\frontend\nod
e_modules\react-router\lib\hooks.tsx:658:26)
          at children (C:\Users\samhe\OneDrive\Desktop\Cleaned\frontend\node_mo
dules\react-router\lib\components.tsx:512:3)
          at basenameProp (C:\Users\samhe\OneDrive\Desktop\Cleaned\frontend\nod
e_modules\react-router\lib\components.tsx:421:13)
          at basename (C:\Users\samhe\OneDrive\Desktop\Cleaned\frontend\node_mo
dules\react-router\lib\components.tsx:225:3)

      317 |                             key={tab.key}
      318 |                             type="button"
    > 319 |                             onClick={() => setActiveTab(tab.key)}
          |                                            ^
      320 |                             className={`px-4 py-2 text-sm 
font-medium whitespace-nowrap border-b-2 ${activeTab === tab.key
      321 |                                 ? 'border-brand-600 text-brand-600'
      322 |                                 : 'border-transparent 
text-gray-500 hover:text-gray-700'}`}

      at printWarning 
(node_modules/react-dom/cjs/react-dom.development.js:86:30)
      at error (node_modules/react-dom/cjs/react-dom.development.js:60:7)
      at warnIfUpdatesNotWrappedWithActDEV 
(node_modules/react-dom/cjs/react-dom.development.js:27628:9)
      at scheduleUpdateOnFiber 
(node_modules/react-dom/cjs/react-dom.development.js:25547:5)
      at dispatchSetState 
(node_modules/react-dom/cjs/react-dom.development.js:16708:7)
      at onClick 
(src/binding-authorities/BASectionViewPage/BASectionViewPage.tsx:319:44)
      at HTMLUnknownElement.callCallback 
(node_modules/react-dom/cjs/react-dom.development.js:4164:14)
      at HTMLUnknownElement.callTheUserObjectsOperation 
(node_modules/jsdom/lib/jsdom/living/generated/EventListener.js:26:30)
      at innerInvokeEventListeners 
(node_modules/jsdom/lib/jsdom/living/events/EventTarget-impl.js:350:25)
      at invokeEventListeners 
(node_modules/jsdom/lib/jsdom/living/events/EventTarget-impl.js:286:3)
      at HTMLUnknownElementImpl._dispatch 
(node_modules/jsdom/lib/jsdom/living/events/EventTarget-impl.js:233:9)
      at HTMLUnknownElementImpl.dispatchEvent 
(node_modules/jsdom/lib/jsdom/living/events/EventTarget-impl.js:104:17)
      at HTMLUnknownElement.dispatchEvent 
(node_modules/jsdom/lib/jsdom/living/generated/EventTarget.js:241:34)
      at Object.invokeGuardedCallbackDev 
(node_modules/react-dom/cjs/react-dom.development.js:4213:16)
      at invokeGuardedCallback 
(node_modules/react-dom/cjs/react-dom.development.js:4277:31)
      at invokeGuardedCallbackAndCatchFirstError 
(node_modules/react-dom/cjs/react-dom.development.js:4291:25)
      at executeDispatch 
(node_modules/react-dom/cjs/react-dom.development.js:9041:3)
      at processDispatchQueueItemsInOrder 
(node_modules/react-dom/cjs/react-dom.development.js:9073:7)
      at processDispatchQueue 
(node_modules/react-dom/cjs/react-dom.development.js:9086:5)
      at dispatchEventsForPlugins 
(node_modules/react-dom/cjs/react-dom.development.js:9097:3)
      at node_modules/react-dom/cjs/react-dom.development.js:9288:12
      at batchedUpdates$1 
(node_modules/react-dom/cjs/react-dom.development.js:26179:12)
      at batchedUpdates 
(node_modules/react-dom/cjs/react-dom.development.js:3991:12)
      at dispatchEventForPluginEventSystem 
(node_modules/react-dom/cjs/react-dom.development.js:9287:3)
      at dispatchEventWithEnableCapturePhaseSelectiveHydrationWithoutDiscreteEv
entReplay (node_modules/react-dom/cjs/react-dom.development.js:6465:5)
      at dispatchEvent 
(node_modules/react-dom/cjs/react-dom.development.js:6457:5)
      at dispatchDiscreteEvent 
(node_modules/react-dom/cjs/react-dom.development.js:6430:5)
      at HTMLDivElement.callTheUserObjectsOperation 
(node_modules/jsdom/lib/jsdom/living/generated/EventListener.js:26:30)
      at innerInvokeEventListeners 
(node_modules/jsdom/lib/jsdom/living/events/EventTarget-impl.js:350:25)
      at invokeEventListeners 
(node_modules/jsdom/lib/jsdom/living/events/EventTarget-impl.js:286:3)
      at HTMLButtonElementImpl._dispatch 
(node_modules/jsdom/lib/jsdom/living/events/EventTarget-impl.js:233:9)
      at HTMLButtonElementImpl.dispatchEvent 
(node_modules/jsdom/lib/jsdom/living/events/EventTarget-impl.js:104:17)
      at HTMLButtonElement.dispatchEvent 
(node_modules/jsdom/lib/jsdom/living/generated/EventTarget.js:241:34)
      at 
node_modules/@testing-library/user-event/dist/cjs/event/dispatchEvent.js:45:43
      at Object.eventWrapper 
(node_modules/@testing-library/dom/dist/config.js:25:23)
      at Object.wrapEvent 
(node_modules/@testing-library/user-event/dist/cjs/event/wrapEvent.js:6:28)
      at Object.dispatchEvent (node_modules/@testing-library/user-event/dist/cj
s/event/dispatchEvent.js:45:22)
      at Object.dispatchUIEvent (node_modules/@testing-library/user-event/dist/
cjs/event/dispatchEvent.js:22:26)
      at Mouse.up (node_modules/@testing-library/user-event/dist/cjs/system/poi
nter/mouse.js:100:30)
      at PointerHost.release (node_modules/@testing-library/user-event/dist/cjs
/system/pointer/index.js:87:24)
      at pointerAction 
(node_modules/@testing-library/user-event/dist/cjs/pointer/index.js:54:47)
      at Object.pointer 
(node_modules/@testing-library/user-event/dist/cjs/pointer/index.js:27:9)
      at Object.<anonymous> 
(src/binding-authorities/__tests__/binding-authorities.test.tsx:1491:9)

    console.error
      Warning: An update to BASectionRatingConfiguration inside a test was not 
wrapped in act(...).
      
      When testing, code that causes React state updates should be wrapped 
into act(...):
      
      act(() => {
        /* fire events that update state */
      });
      /* assert on the output */
      
      This ensures that you're testing the behavior the user would see in the 
browser. Learn more at https://reactjs.org/link/wrap-tests-with-act
          at BASectionRatingConfiguration (C:\Users\samhe\OneDrive\Desktop\Clea
ned\frontend\src\binding-authorities\BASectionViewPage\BASectionRatingConfigura
tion.tsx:17:56)
          at div
          at BASectionViewPage (C:\Users\samhe\OneDrive\Desktop\Cleaned\fronten
d\src\binding-authorities\BASectionViewPage\BASectionViewPage.tsx:46:40)
          at routeContext (C:\Users\samhe\OneDrive\Desktop\Cleaned\frontend\nod
e_modules\react-router\lib\hooks.tsx:658:26)
          at children (C:\Users\samhe\OneDrive\Desktop\Cleaned\frontend\node_mo
dules\react-router\lib\components.tsx:512:3)
          at basenameProp (C:\Users\samhe\OneDrive\Desktop\Cleaned\frontend\nod
e_modules\react-router\lib\components.tsx:421:13)
          at basename (C:\Users\samhe\OneDrive\Desktop\Cleaned\frontend\node_mo
dules\react-router\lib\components.tsx:225:3)

      at printWarning 
(node_modules/react-dom/cjs/react-dom.development.js:86:30)
      at error (node_modules/react-dom/cjs/react-dom.development.js:60:7)
      at warnIfUpdatesNotWrappedWithActDEV 
(node_modules/react-dom/cjs/react-dom.development.js:27628:9)
      at scheduleUpdateOnFiber 
(node_modules/react-dom/cjs/react-dom.development.js:25547:5)
      at dispatchSetState 
(node_modules/react-dom/cjs/react-dom.development.js:16708:7)

    console.error
      Warning: An update to BASectionRatingConfiguration inside a test was not 
wrapped in act(...).
      
      When testing, code that causes React state updates should be wrapped 
into act(...):
      
      act(() => {
        /* fire events that update state */
      });
      /* assert on the output */
      
      This ensures that you're testing the behavior the user would see in the 
browser. Learn more at https://reactjs.org/link/wrap-tests-with-act
          at BASectionRatingConfiguration (C:\Users\samhe\OneDrive\Desktop\Clea
ned\frontend\src\binding-authorities\BASectionViewPage\BASectionRatingConfigura
tion.tsx:17:56)
          at div
          at BASectionViewPage (C:\Users\samhe\OneDrive\Desktop\Cleaned\fronten
d\src\binding-authorities\BASectionViewPage\BASectionViewPage.tsx:46:40)
          at routeContext (C:\Users\samhe\OneDrive\Desktop\Cleaned\frontend\nod
e_modules\react-router\lib\hooks.tsx:658:26)
          at children (C:\Users\samhe\OneDrive\Desktop\Cleaned\frontend\node_mo
dules\react-router\lib\components.tsx:512:3)
          at basenameProp (C:\Users\samhe\OneDrive\Desktop\Cleaned\frontend\nod
e_modules\react-router\lib\components.tsx:421:13)
          at basename (C:\Users\samhe\OneDrive\Desktop\Cleaned\frontend\node_mo
dules\react-router\lib\components.tsx:225:3)

      27 |                 addNotification('Could not load rating schedules.', 
'error')
      28 |             })
    > 29 |             .finally(() => setLoading(false))
         |                            ^
      30 |     }, [baId])
      31 |
      32 |     if (loading) {

      at printWarning 
(node_modules/react-dom/cjs/react-dom.development.js:86:30)
      at error (node_modules/react-dom/cjs/react-dom.development.js:60:7)
      at warnIfUpdatesNotWrappedWithActDEV 
(node_modules/react-dom/cjs/react-dom.development.js:27628:9)
      at scheduleUpdateOnFiber 
(node_modules/react-dom/cjs/react-dom.development.js:25547:5)
      at dispatchSetState 
(node_modules/react-dom/cjs/react-dom.development.js:16708:7)
      at src/binding-authorities/BASectionViewPage/BASectionRatingConfiguration
.tsx:29:28

    console.error
      Warning: An update to BASectionViewPage inside a test was not wrapped in 
act(...).
      
      When testing, code that causes React state updates should be wrapped 
into act(...):
      
      act(() => {
        /* fire events that update state */
      });
      /* assert on the output */
      
      This ensures that you're testing the behavior the user would see in the 
browser. Learn more at https://reactjs.org/link/wrap-tests-with-act
          at BASectionViewPage (C:\Users\samhe\OneDrive\Desktop\Cleaned\fronten
d\src\binding-authorities\BASectionViewPage\BASectionViewPage.tsx:46:40)
          at routeContext (C:\Users\samhe\OneDrive\Desktop\Cleaned\frontend\nod
e_modules\react-router\lib\hooks.tsx:658:26)
          at children (C:\Users\samhe\OneDrive\Desktop\Cleaned\frontend\node_mo
dules\react-router\lib\components.tsx:512:3)
          at basenameProp (C:\Users\samhe\OneDrive\Desktop\Cleaned\frontend\nod
e_modules\react-router\lib\components.tsx:421:13)
          at basename (C:\Users\samhe\OneDrive\Desktop\Cleaned\frontend\node_mo
dules\react-router\lib\components.tsx:225:3)

      317 |                             key={tab.key}
      318 |                             type="button"
    > 319 |                             onClick={() => setActiveTab(tab.key)}
          |                                            ^
      320 |                             className={`px-4 py-2 text-sm 
font-medium whitespace-nowrap border-b-2 ${activeTab === tab.key
      321 |                                 ? 'border-brand-600 text-brand-600'
      322 |                                 : 'border-transparent 
text-gray-500 hover:text-gray-700'}`}

      at printWarning 
(node_modules/react-dom/cjs/react-dom.development.js:86:30)
      at error (node_modules/react-dom/cjs/react-dom.development.js:60:7)
      at warnIfUpdatesNotWrappedWithActDEV 
(node_modules/react-dom/cjs/react-dom.development.js:27628:9)
      at scheduleUpdateOnFiber 
(node_modules/react-dom/cjs/react-dom.development.js:25547:5)
      at dispatchSetState 
(node_modules/react-dom/cjs/react-dom.development.js:16708:7)
      at onClick 
(src/binding-authorities/BASectionViewPage/BASectionViewPage.tsx:319:44)
      at HTMLUnknownElement.callCallback 
(node_modules/react-dom/cjs/react-dom.development.js:4164:14)
      at HTMLUnknownElement.callTheUserObjectsOperation 
(node_modules/jsdom/lib/jsdom/living/generated/EventListener.js:26:30)
      at innerInvokeEventListeners 
(node_modules/jsdom/lib/jsdom/living/events/EventTarget-impl.js:350:25)
      at invokeEventListeners 
(node_modules/jsdom/lib/jsdom/living/events/EventTarget-impl.js:286:3)
      at HTMLUnknownElementImpl._dispatch 
(node_modules/jsdom/lib/jsdom/living/events/EventTarget-impl.js:233:9)
      at HTMLUnknownElementImpl.dispatchEvent 
(node_modules/jsdom/lib/jsdom/living/events/EventTarget-impl.js:104:17)
      at HTMLUnknownElement.dispatchEvent 
(node_modules/jsdom/lib/jsdom/living/generated/EventTarget.js:241:34)
      at Object.invokeGuardedCallbackDev 
(node_modules/react-dom/cjs/react-dom.development.js:4213:16)
      at invokeGuardedCallback 
(node_modules/react-dom/cjs/react-dom.development.js:4277:31)
      at invokeGuardedCallbackAndCatchFirstError 
(node_modules/react-dom/cjs/react-dom.development.js:4291:25)
      at executeDispatch 
(node_modules/react-dom/cjs/react-dom.development.js:9041:3)
      at processDispatchQueueItemsInOrder 
(node_modules/react-dom/cjs/react-dom.development.js:9073:7)
      at processDispatchQueue 
(node_modules/react-dom/cjs/react-dom.development.js:9086:5)
      at dispatchEventsForPlugins 
(node_modules/react-dom/cjs/react-dom.development.js:9097:3)
      at node_modules/react-dom/cjs/react-dom.development.js:9288:12
      at batchedUpdates$1 
(node_modules/react-dom/cjs/react-dom.development.js:26179:12)
      at batchedUpdates 
(node_modules/react-dom/cjs/react-dom.development.js:3991:12)
      at dispatchEventForPluginEventSystem 
(node_modules/react-dom/cjs/react-dom.development.js:9287:3)
      at dispatchEventWithEnableCapturePhaseSelectiveHydrationWithoutDiscreteEv
entReplay (node_modules/react-dom/cjs/react-dom.development.js:6465:5)
      at dispatchEvent 
(node_modules/react-dom/cjs/react-dom.development.js:6457:5)
      at dispatchDiscreteEvent 
(node_modules/react-dom/cjs/react-dom.development.js:6430:5)
      at HTMLDivElement.callTheUserObjectsOperation 
(node_modules/jsdom/lib/jsdom/living/generated/EventListener.js:26:30)
      at innerInvokeEventListeners 
(node_modules/jsdom/lib/jsdom/living/events/EventTarget-impl.js:350:25)
      at invokeEventListeners 
(node_modules/jsdom/lib/jsdom/living/events/EventTarget-impl.js:286:3)
      at HTMLButtonElementImpl._dispatch 
(node_modules/jsdom/lib/jsdom/living/events/EventTarget-impl.js:233:9)
      at HTMLButtonElementImpl.dispatchEvent 
(node_modules/jsdom/lib/jsdom/living/events/EventTarget-impl.js:104:17)
      at HTMLButtonElement.dispatchEvent 
(node_modules/jsdom/lib/jsdom/living/generated/EventTarget.js:241:34)
      at 
node_modules/@testing-library/user-event/dist/cjs/event/dispatchEvent.js:45:43
      at Object.eventWrapper 
(node_modules/@testing-library/dom/dist/config.js:25:23)
      at Object.wrapEvent 
(node_modules/@testing-library/user-event/dist/cjs/event/wrapEvent.js:6:28)
      at Object.dispatchEvent (node_modules/@testing-library/user-event/dist/cj
s/event/dispatchEvent.js:45:22)
      at Object.dispatchUIEvent (node_modules/@testing-library/user-event/dist/
cjs/event/dispatchEvent.js:22:26)
      at Mouse.up (node_modules/@testing-library/user-event/dist/cjs/system/poi
nter/mouse.js:100:30)
      at PointerHost.release (node_modules/@testing-library/user-event/dist/cjs
/system/pointer/index.js:87:24)
      at pointerAction 
(node_modules/@testing-library/user-event/dist/cjs/pointer/index.js:54:47)
      at Object.pointer 
(node_modules/@testing-library/user-event/dist/cjs/pointer/index.js:27:9)
      at Object.<anonymous> 
(src/binding-authorities/__tests__/binding-authorities.test.tsx:1502:9)

    console.error
      Warning: An update to BASectionRatingConfiguration inside a test was not 
wrapped in act(...).
      
      When testing, code that causes React state updates should be wrapped 
into act(...):
      
      act(() => {
        /* fire events that update state */
      });
      /* assert on the output */
      
      This ensures that you're testing the behavior the user would see in the 
browser. Learn more at https://reactjs.org/link/wrap-tests-with-act
          at BASectionRatingConfiguration (C:\Users\samhe\OneDrive\Desktop\Clea
ned\frontend\src\binding-authorities\BASectionViewPage\BASectionRatingConfigura
tion.tsx:17:56)
          at div
          at BASectionViewPage (C:\Users\samhe\OneDrive\Desktop\Cleaned\fronten
d\src\binding-authorities\BASectionViewPage\BASectionViewPage.tsx:46:40)
          at routeContext (C:\Users\samhe\OneDrive\Desktop\Cleaned\frontend\nod
e_modules\react-router\lib\hooks.tsx:658:26)
          at children (C:\Users\samhe\OneDrive\Desktop\Cleaned\frontend\node_mo
dules\react-router\lib\components.tsx:512:3)
          at basenameProp (C:\Users\samhe\OneDrive\Desktop\Cleaned\frontend\nod
e_modules\react-router\lib\components.tsx:421:13)
          at basename (C:\Users\samhe\OneDrive\Desktop\Cleaned\frontend\node_mo
dules\react-router\lib\components.tsx:225:3)

      at printWarning 
(node_modules/react-dom/cjs/react-dom.development.js:86:30)
      at error (node_modules/react-dom/cjs/react-dom.development.js:60:7)
      at warnIfUpdatesNotWrappedWithActDEV 
(node_modules/react-dom/cjs/react-dom.development.js:27628:9)
      at scheduleUpdateOnFiber 
(node_modules/react-dom/cjs/react-dom.development.js:25547:5)
      at dispatchSetState 
(node_modules/react-dom/cjs/react-dom.development.js:16708:7)

    console.error
      Warning: An update to BASectionRatingConfiguration inside a test was not 
wrapped in act(...).
      
      When testing, code that causes React state updates should be wrapped 
into act(...):
      
      act(() => {
        /* fire events that update state */
      });
      /* assert on the output */
      
      This ensures that you're testing the behavior the user would see in the 
browser. Learn more at https://reactjs.org/link/wrap-tests-with-act
          at BASectionRatingConfiguration (C:\Users\samhe\OneDrive\Desktop\Clea
ned\frontend\src\binding-authorities\BASectionViewPage\BASectionRatingConfigura
tion.tsx:17:56)
          at div
          at BASectionViewPage (C:\Users\samhe\OneDrive\Desktop\Cleaned\fronten
d\src\binding-authorities\BASectionViewPage\BASectionViewPage.tsx:46:40)
          at routeContext (C:\Users\samhe\OneDrive\Desktop\Cleaned\frontend\nod
e_modules\react-router\lib\hooks.tsx:658:26)
          at children (C:\Users\samhe\OneDrive\Desktop\Cleaned\frontend\node_mo
dules\react-router\lib\components.tsx:512:3)
          at basenameProp (C:\Users\samhe\OneDrive\Desktop\Cleaned\frontend\nod
e_modules\react-router\lib\components.tsx:421:13)
          at basename (C:\Users\samhe\OneDrive\Desktop\Cleaned\frontend\node_mo
dules\react-router\lib\components.tsx:225:3)

      27 |                 addNotification('Could not load rating schedules.', 
'error')
      28 |             })
    > 29 |             .finally(() => setLoading(false))
         |                            ^
      30 |     }, [baId])
      31 |
      32 |     if (loading) {

      at printWarning 
(node_modules/react-dom/cjs/react-dom.development.js:86:30)
      at error (node_modules/react-dom/cjs/react-dom.development.js:60:7)
      at warnIfUpdatesNotWrappedWithActDEV 
(node_modules/react-dom/cjs/react-dom.development.js:27628:9)
      at scheduleUpdateOnFiber 
(node_modules/react-dom/cjs/react-dom.development.js:25547:5)
      at dispatchSetState 
(node_modules/react-dom/cjs/react-dom.development.js:16708:7)
      at src/binding-authorities/BASectionViewPage/BASectionRatingConfiguration
.tsx:29:28

    console.error
      Warning: An update to BASectionViewPage inside a test was not wrapped in 
act(...).
      
      When testing, code that causes React state updates should be wrapped 
into act(...):
      
      act(() => {
        /* fire events that update state */
      });
      /* assert on the output */
      
      This ensures that you're testing the behavior the user would see in the 
browser. Learn more at https://reactjs.org/link/wrap-tests-with-act
          at BASectionViewPage (C:\Users\samhe\OneDrive\Desktop\Cleaned\fronten
d\src\binding-authorities\BASectionViewPage\BASectionViewPage.tsx:46:40)
          at routeContext (C:\Users\samhe\OneDrive\Desktop\Cleaned\frontend\nod
e_modules\react-router\lib\hooks.tsx:658:26)
          at children (C:\Users\samhe\OneDrive\Desktop\Cleaned\frontend\node_mo
dules\react-router\lib\components.tsx:512:3)
          at basenameProp (C:\Users\samhe\OneDrive\Desktop\Cleaned\frontend\nod
e_modules\react-router\lib\components.tsx:421:13)
          at basename (C:\Users\samhe\OneDrive\Desktop\Cleaned\frontend\node_mo
dules\react-router\lib\components.tsx:225:3)

      317 |                             key={tab.key}
      318 |                             type="button"
    > 319 |                             onClick={() => setActiveTab(tab.key)}
          |                                            ^
      320 |                             className={`px-4 py-2 text-sm 
font-medium whitespace-nowrap border-b-2 ${activeTab === tab.key
      321 |                                 ? 'border-brand-600 text-brand-600'
      322 |                                 : 'border-transparent 
text-gray-500 hover:text-gray-700'}`}

      at printWarning 
(node_modules/react-dom/cjs/react-dom.development.js:86:30)
      at error (node_modules/react-dom/cjs/react-dom.development.js:60:7)
      at warnIfUpdatesNotWrappedWithActDEV 
(node_modules/react-dom/cjs/react-dom.development.js:27628:9)
      at scheduleUpdateOnFiber 
(node_modules/react-dom/cjs/react-dom.development.js:25547:5)
      at dispatchSetState 
(node_modules/react-dom/cjs/react-dom.development.js:16708:7)
      at onClick 
(src/binding-authorities/BASectionViewPage/BASectionViewPage.tsx:319:44)
      at HTMLUnknownElement.callCallback 
(node_modules/react-dom/cjs/react-dom.development.js:4164:14)
      at HTMLUnknownElement.callTheUserObjectsOperation 
(node_modules/jsdom/lib/jsdom/living/generated/EventListener.js:26:30)
      at innerInvokeEventListeners 
(node_modules/jsdom/lib/jsdom/living/events/EventTarget-impl.js:350:25)
      at invokeEventListeners 
(node_modules/jsdom/lib/jsdom/living/events/EventTarget-impl.js:286:3)
      at HTMLUnknownElementImpl._dispatch 
(node_modules/jsdom/lib/jsdom/living/events/EventTarget-impl.js:233:9)
      at HTMLUnknownElementImpl.dispatchEvent 
(node_modules/jsdom/lib/jsdom/living/events/EventTarget-impl.js:104:17)
      at HTMLUnknownElement.dispatchEvent 
(node_modules/jsdom/lib/jsdom/living/generated/EventTarget.js:241:34)
      at Object.invokeGuardedCallbackDev 
(node_modules/react-dom/cjs/react-dom.development.js:4213:16)
      at invokeGuardedCallback 
(node_modules/react-dom/cjs/react-dom.development.js:4277:31)
      at invokeGuardedCallbackAndCatchFirstError 
(node_modules/react-dom/cjs/react-dom.development.js:4291:25)
      at executeDispatch 
(node_modules/react-dom/cjs/react-dom.development.js:9041:3)
      at processDispatchQueueItemsInOrder 
(node_modules/react-dom/cjs/react-dom.development.js:9073:7)
      at processDispatchQueue 
(node_modules/react-dom/cjs/react-dom.development.js:9086:5)
      at dispatchEventsForPlugins 
(node_modules/react-dom/cjs/react-dom.development.js:9097:3)
      at node_modules/react-dom/cjs/react-dom.development.js:9288:12
      at batchedUpdates$1 
(node_modules/react-dom/cjs/react-dom.development.js:26179:12)
      at batchedUpdates 
(node_modules/react-dom/cjs/react-dom.development.js:3991:12)
      at dispatchEventForPluginEventSystem 
(node_modules/react-dom/cjs/react-dom.development.js:9287:3)
      at dispatchEventWithEnableCapturePhaseSelectiveHydrationWithoutDiscreteEv
entReplay (node_modules/react-dom/cjs/react-dom.development.js:6465:5)
      at dispatchEvent 
(node_modules/react-dom/cjs/react-dom.development.js:6457:5)
      at dispatchDiscreteEvent 
(node_modules/react-dom/cjs/react-dom.development.js:6430:5)
      at HTMLDivElement.callTheUserObjectsOperation 
(node_modules/jsdom/lib/jsdom/living/generated/EventListener.js:26:30)
      at innerInvokeEventListeners 
(node_modules/jsdom/lib/jsdom/living/events/EventTarget-impl.js:350:25)
      at invokeEventListeners 
(node_modules/jsdom/lib/jsdom/living/events/EventTarget-impl.js:286:3)
      at HTMLButtonElementImpl._dispatch 
(node_modules/jsdom/lib/jsdom/living/events/EventTarget-impl.js:233:9)
      at HTMLButtonElementImpl.dispatchEvent 
(node_modules/jsdom/lib/jsdom/living/events/EventTarget-impl.js:104:17)
      at HTMLButtonElement.dispatchEvent 
(node_modules/jsdom/lib/jsdom/living/generated/EventTarget.js:241:34)
      at 
node_modules/@testing-library/user-event/dist/cjs/event/dispatchEvent.js:45:43
      at Object.eventWrapper 
(node_modules/@testing-library/dom/dist/config.js:25:23)
      at Object.wrapEvent 
(node_modules/@testing-library/user-event/dist/cjs/event/wrapEvent.js:6:28)
      at Object.dispatchEvent (node_modules/@testing-library/user-event/dist/cj
s/event/dispatchEvent.js:45:22)
      at Object.dispatchUIEvent (node_modules/@testing-library/user-event/dist/
cjs/event/dispatchEvent.js:22:26)
      at Mouse.up (node_modules/@testing-library/user-event/dist/cjs/system/poi
nter/mouse.js:100:30)
      at PointerHost.release (node_modules/@testing-library/user-event/dist/cjs
/system/pointer/index.js:87:24)
      at pointerAction 
(node_modules/@testing-library/user-event/dist/cjs/pointer/index.js:54:47)
      at Object.pointer 
(node_modules/@testing-library/user-event/dist/cjs/pointer/index.js:27:9)
      at Object.<anonymous> 
(src/binding-authorities/__tests__/binding-authorities.test.tsx:1512:9)

    console.error
      Warning: An update to BASectionRatingConfiguration inside a test was not 
wrapped in act(...).
      
      When testing, code that causes React state updates should be wrapped 
into act(...):
      
      act(() => {
        /* fire events that update state */
      });
      /* assert on the output */
      
      This ensures that you're testing the behavior the user would see in the 
browser. Learn more at https://reactjs.org/link/wrap-tests-with-act
          at BASectionRatingConfiguration (C:\Users\samhe\OneDrive\Desktop\Clea
ned\frontend\src\binding-authorities\BASectionViewPage\BASectionRatingConfigura
tion.tsx:17:56)
          at div
          at BASectionViewPage (C:\Users\samhe\OneDrive\Desktop\Cleaned\fronten
d\src\binding-authorities\BASectionViewPage\BASectionViewPage.tsx:46:40)
          at routeContext (C:\Users\samhe\OneDrive\Desktop\Cleaned\frontend\nod
e_modules\react-router\lib\hooks.tsx:658:26)
          at children (C:\Users\samhe\OneDrive\Desktop\Cleaned\frontend\node_mo
dules\react-router\lib\components.tsx:512:3)
          at basenameProp (C:\Users\samhe\OneDrive\Desktop\Cleaned\frontend\nod
e_modules\react-router\lib\components.tsx:421:13)
          at basename (C:\Users\samhe\OneDrive\Desktop\Cleaned\frontend\node_mo
dules\react-router\lib\components.tsx:225:3)

      at printWarning 
(node_modules/react-dom/cjs/react-dom.development.js:86:30)
      at error (node_modules/react-dom/cjs/react-dom.development.js:60:7)
      at warnIfUpdatesNotWrappedWithActDEV 
(node_modules/react-dom/cjs/react-dom.development.js:27628:9)
      at scheduleUpdateOnFiber 
(node_modules/react-dom/cjs/react-dom.development.js:25547:5)
      at dispatchSetState 
(node_modules/react-dom/cjs/react-dom.development.js:16708:7)

    console.error
      Warning: An update to BASectionRatingConfiguration inside a test was not 
wrapped in act(...).
      
      When testing, code that causes React state updates should be wrapped 
into act(...):
      
      act(() => {
        /* fire events that update state */
      });
      /* assert on the output */
      
      This ensures that you're testing the behavior the user would see in the 
browser. Learn more at https://reactjs.org/link/wrap-tests-with-act
          at BASectionRatingConfiguration (C:\Users\samhe\OneDrive\Desktop\Clea
ned\frontend\src\binding-authorities\BASectionViewPage\BASectionRatingConfigura
tion.tsx:17:56)
          at div
          at BASectionViewPage (C:\Users\samhe\OneDrive\Desktop\Cleaned\fronten
d\src\binding-authorities\BASectionViewPage\BASectionViewPage.tsx:46:40)
          at routeContext (C:\Users\samhe\OneDrive\Desktop\Cleaned\frontend\nod
e_modules\react-router\lib\hooks.tsx:658:26)
          at children (C:\Users\samhe\OneDrive\Desktop\Cleaned\frontend\node_mo
dules\react-router\lib\components.tsx:512:3)
          at basenameProp (C:\Users\samhe\OneDrive\Desktop\Cleaned\frontend\nod
e_modules\react-router\lib\components.tsx:421:13)
          at basename (C:\Users\samhe\OneDrive\Desktop\Cleaned\frontend\node_mo
dules\react-router\lib\components.tsx:225:3)

      27 |                 addNotification('Could not load rating schedules.', 
'error')
      28 |             })
    > 29 |             .finally(() => setLoading(false))
         |                            ^
      30 |     }, [baId])
      31 |
      32 |     if (loading) {

      at printWarning 
(node_modules/react-dom/cjs/react-dom.development.js:86:30)
      at error (node_modules/react-dom/cjs/react-dom.development.js:60:7)
      at warnIfUpdatesNotWrappedWithActDEV 
(node_modules/react-dom/cjs/react-dom.development.js:27628:9)
      at scheduleUpdateOnFiber 
(node_modules/react-dom/cjs/react-dom.development.js:25547:5)
      at dispatchSetState 
(node_modules/react-dom/cjs/react-dom.development.js:16708:7)
      at src/binding-authorities/BASectionViewPage/BASectionRatingConfiguration
.tsx:29:28

    console.error
      Warning: An update to BASectionViewPage inside a test was not wrapped in 
act(...).
      
      When testing, code that causes React state updates should be wrapped 
into act(...):
      
      act(() => {
        /* fire events that update state */
      });
      /* assert on the output */
      
      This ensures that you're testing the behavior the user would see in the 
browser. Learn more at https://reactjs.org/link/wrap-tests-with-act
          at BASectionViewPage (C:\Users\samhe\OneDrive\Desktop\Cleaned\fronten
d\src\binding-authorities\BASectionViewPage\BASectionViewPage.tsx:46:40)
          at routeContext (C:\Users\samhe\OneDrive\Desktop\Cleaned\frontend\nod
e_modules\react-router\lib\hooks.tsx:658:26)
          at children (C:\Users\samhe\OneDrive\Desktop\Cleaned\frontend\node_mo
dules\react-router\lib\components.tsx:512:3)
          at basenameProp (C:\Users\samhe\OneDrive\Desktop\Cleaned\frontend\nod
e_modules\react-router\lib\components.tsx:421:13)
          at basename (C:\Users\samhe\OneDrive\Desktop\Cleaned\frontend\node_mo
dules\react-router\lib\components.tsx:225:3)

      317 |                             key={tab.key}
      318 |                             type="button"
    > 319 |                             onClick={() => setActiveTab(tab.key)}
          |                                            ^
      320 |                             className={`px-4 py-2 text-sm 
font-medium whitespace-nowrap border-b-2 ${activeTab === tab.key
      321 |                                 ? 'border-brand-600 text-brand-600'
      322 |                                 : 'border-transparent 
text-gray-500 hover:text-gray-700'}`}

      at printWarning 
(node_modules/react-dom/cjs/react-dom.development.js:86:30)
      at error (node_modules/react-dom/cjs/react-dom.development.js:60:7)
      at warnIfUpdatesNotWrappedWithActDEV 
(node_modules/react-dom/cjs/react-dom.development.js:27628:9)
      at scheduleUpdateOnFiber 
(node_modules/react-dom/cjs/react-dom.development.js:25547:5)
      at dispatchSetState 
(node_modules/react-dom/cjs/react-dom.development.js:16708:7)
      at onClick 
(src/binding-authorities/BASectionViewPage/BASectionViewPage.tsx:319:44)
      at HTMLUnknownElement.callCallback 
(node_modules/react-dom/cjs/react-dom.development.js:4164:14)
      at HTMLUnknownElement.callTheUserObjectsOperation 
(node_modules/jsdom/lib/jsdom/living/generated/EventListener.js:26:30)
      at innerInvokeEventListeners 
(node_modules/jsdom/lib/jsdom/living/events/EventTarget-impl.js:350:25)
      at invokeEventListeners 
(node_modules/jsdom/lib/jsdom/living/events/EventTarget-impl.js:286:3)
      at HTMLUnknownElementImpl._dispatch 
(node_modules/jsdom/lib/jsdom/living/events/EventTarget-impl.js:233:9)
      at HTMLUnknownElementImpl.dispatchEvent 
(node_modules/jsdom/lib/jsdom/living/events/EventTarget-impl.js:104:17)
      at HTMLUnknownElement.dispatchEvent 
(node_modules/jsdom/lib/jsdom/living/generated/EventTarget.js:241:34)
      at Object.invokeGuardedCallbackDev 
(node_modules/react-dom/cjs/react-dom.development.js:4213:16)
      at invokeGuardedCallback 
(node_modules/react-dom/cjs/react-dom.development.js:4277:31)
      at invokeGuardedCallbackAndCatchFirstError 
(node_modules/react-dom/cjs/react-dom.development.js:4291:25)
      at executeDispatch 
(node_modules/react-dom/cjs/react-dom.development.js:9041:3)
      at processDispatchQueueItemsInOrder 
(node_modules/react-dom/cjs/react-dom.development.js:9073:7)
      at processDispatchQueue 
(node_modules/react-dom/cjs/react-dom.development.js:9086:5)
      at dispatchEventsForPlugins 
(node_modules/react-dom/cjs/react-dom.development.js:9097:3)
      at node_modules/react-dom/cjs/react-dom.development.js:9288:12
      at batchedUpdates$1 
(node_modules/react-dom/cjs/react-dom.development.js:26179:12)
      at batchedUpdates 
(node_modules/react-dom/cjs/react-dom.development.js:3991:12)
      at dispatchEventForPluginEventSystem 
(node_modules/react-dom/cjs/react-dom.development.js:9287:3)
      at dispatchEventWithEnableCapturePhaseSelectiveHydrationWithoutDiscreteEv
entReplay (node_modules/react-dom/cjs/react-dom.development.js:6465:5)
      at dispatchEvent 
(node_modules/react-dom/cjs/react-dom.development.js:6457:5)
      at dispatchDiscreteEvent 
(node_modules/react-dom/cjs/react-dom.development.js:6430:5)
      at HTMLDivElement.callTheUserObjectsOperation 
(node_modules/jsdom/lib/jsdom/living/generated/EventListener.js:26:30)
      at innerInvokeEventListeners 
(node_modules/jsdom/lib/jsdom/living/events/EventTarget-impl.js:350:25)
      at invokeEventListeners 
(node_modules/jsdom/lib/jsdom/living/events/EventTarget-impl.js:286:3)
      at HTMLButtonElementImpl._dispatch 
(node_modules/jsdom/lib/jsdom/living/events/EventTarget-impl.js:233:9)
      at HTMLButtonElementImpl.dispatchEvent 
(node_modules/jsdom/lib/jsdom/living/events/EventTarget-impl.js:104:17)
      at HTMLButtonElement.dispatchEvent 
(node_modules/jsdom/lib/jsdom/living/generated/EventTarget.js:241:34)
      at 
node_modules/@testing-library/user-event/dist/cjs/event/dispatchEvent.js:45:43
      at Object.eventWrapper 
(node_modules/@testing-library/dom/dist/config.js:25:23)
      at Object.wrapEvent 
(node_modules/@testing-library/user-event/dist/cjs/event/wrapEvent.js:6:28)
      at Object.dispatchEvent (node_modules/@testing-library/user-event/dist/cj
s/event/dispatchEvent.js:45:22)
      at Object.dispatchUIEvent (node_modules/@testing-library/user-event/dist/
cjs/event/dispatchEvent.js:22:26)
      at Mouse.up (node_modules/@testing-library/user-event/dist/cjs/system/poi
nter/mouse.js:100:30)
      at PointerHost.release (node_modules/@testing-library/user-event/dist/cjs
/system/pointer/index.js:87:24)
      at pointerAction 
(node_modules/@testing-library/user-event/dist/cjs/pointer/index.js:54:47)
      at Object.pointer 
(node_modules/@testing-library/user-event/dist/cjs/pointer/index.js:27:9)
      at Object.<anonymous> 
(src/binding-authorities/__tests__/binding-authorities.test.tsx:1520:9)

    console.error
      Warning: An update to BASectionRatingConfiguration inside a test was not 
wrapped in act(...).
      
      When testing, code that causes React state updates should be wrapped 
into act(...):
      
      act(() => {
        /* fire events that update state */
      });
      /* assert on the output */
      
      This ensures that you're testing the behavior the user would see in the 
browser. Learn more at https://reactjs.org/link/wrap-tests-with-act
          at BASectionRatingConfiguration (C:\Users\samhe\OneDrive\Desktop\Clea
ned\frontend\src\binding-authorities\BASectionViewPage\BASectionRatingConfigura
tion.tsx:17:56)
          at div
          at BASectionViewPage (C:\Users\samhe\OneDrive\Desktop\Cleaned\fronten
d\src\binding-authorities\BASectionViewPage\BASectionViewPage.tsx:46:40)
          at routeContext (C:\Users\samhe\OneDrive\Desktop\Cleaned\frontend\nod
e_modules\react-router\lib\hooks.tsx:658:26)
          at children (C:\Users\samhe\OneDrive\Desktop\Cleaned\frontend\node_mo
dules\react-router\lib\components.tsx:512:3)
          at basenameProp (C:\Users\samhe\OneDrive\Desktop\Cleaned\frontend\nod
e_modules\react-router\lib\components.tsx:421:13)
          at basename (C:\Users\samhe\OneDrive\Desktop\Cleaned\frontend\node_mo
dules\react-router\lib\components.tsx:225:3)

      27 |                 addNotification('Could not load rating schedules.', 
'error')
      28 |             })
    > 29 |             .finally(() => setLoading(false))
         |                            ^
      30 |     }, [baId])
      31 |
      32 |     if (loading) {

      at printWarning 
(node_modules/react-dom/cjs/react-dom.development.js:86:30)
      at error (node_modules/react-dom/cjs/react-dom.development.js:60:7)
      at warnIfUpdatesNotWrappedWithActDEV 
(node_modules/react-dom/cjs/react-dom.development.js:27628:9)
      at scheduleUpdateOnFiber 
(node_modules/react-dom/cjs/react-dom.development.js:25547:5)
      at dispatchSetState 
(node_modules/react-dom/cjs/react-dom.development.js:16708:7)
      at src/binding-authorities/BASectionViewPage/BASectionRatingConfiguration
.tsx:29:28

    console.error
      Warning: An update to BASearchModal inside a test was not wrapped in 
act(...).
      
      When testing, code that causes React state updates should be wrapped 
into act(...):
      
      act(() => {
        /* fire events that update state */
      });
      /* assert on the output */
      
      This ensures that you're testing the behavior the user would see in the 
browser. Learn more at https://reactjs.org/link/wrap-tests-with-act
          at BASearchModal (C:\Users\samhe\OneDrive\Desktop\Cleaned\frontend\sr
c\binding-authorities\BASearchModal\BASearchModal.tsx:25:41)
          at basenameProp (C:\Users\samhe\OneDrive\Desktop\Cleaned\frontend\nod
e_modules\react-router\lib\components.tsx:421:13)
          at basename (C:\Users\samhe\OneDrive\Desktop\Cleaned\frontend\node_mo
dules\react-router\lib\components.tsx:225:3)

      67 |                         type="text"
      68 |                         value={query}
    > 69 |                         onChange={(e) => setQuery(e.target.value)}
         |                                          ^
      70 |                         placeholder="Search by reference or 
coverholderÔÇª"
      71 |                         className="w-full border border-gray-300 
rounded pl-9 pr-9 py-2 text-sm"
      72 |                         autoFocus

      at printWarning 
(node_modules/react-dom/cjs/react-dom.development.js:86:30)
      at error (node_modules/react-dom/cjs/react-dom.development.js:60:7)
      at warnIfUpdatesNotWrappedWithActDEV 
(node_modules/react-dom/cjs/react-dom.development.js:27628:9)
      at scheduleUpdateOnFiber 
(node_modules/react-dom/cjs/react-dom.development.js:25547:5)
      at dispatchSetState 
(node_modules/react-dom/cjs/react-dom.development.js:16708:7)
      at onChange 
(src/binding-authorities/BASearchModal/BASearchModal.tsx:69:42)
      at HTMLUnknownElement.callCallback 
(node_modules/react-dom/cjs/react-dom.development.js:4164:14)
      at HTMLUnknownElement.callTheUserObjectsOperation 
(node_modules/jsdom/lib/jsdom/living/generated/EventListener.js:26:30)
      at innerInvokeEventListeners 
(node_modules/jsdom/lib/jsdom/living/events/EventTarget-impl.js:350:25)
      at invokeEventListeners 
(node_modules/jsdom/lib/jsdom/living/events/EventTarget-impl.js:286:3)
      at HTMLUnknownElementImpl._dispatch 
(node_modules/jsdom/lib/jsdom/living/events/EventTarget-impl.js:233:9)
      at HTMLUnknownElementImpl.dispatchEvent 
(node_modules/jsdom/lib/jsdom/living/events/EventTarget-impl.js:104:17)
      at HTMLUnknownElement.dispatchEvent 
(node_modules/jsdom/lib/jsdom/living/generated/EventTarget.js:241:34)
      at Object.invokeGuardedCallbackDev 
(node_modules/react-dom/cjs/react-dom.development.js:4213:16)
      at invokeGuardedCallback 
(node_modules/react-dom/cjs/react-dom.development.js:4277:31)
      at invokeGuardedCallbackAndCatchFirstError 
(node_modules/react-dom/cjs/react-dom.development.js:4291:25)
      at executeDispatch 
(node_modules/react-dom/cjs/react-dom.development.js:9041:3)
      at processDispatchQueueItemsInOrder 
(node_modules/react-dom/cjs/react-dom.development.js:9073:7)
      at processDispatchQueue 
(node_modules/react-dom/cjs/react-dom.development.js:9086:5)
      at dispatchEventsForPlugins 
(node_modules/react-dom/cjs/react-dom.development.js:9097:3)
      at node_modules/react-dom/cjs/react-dom.development.js:9288:12
      at batchedUpdates$1 
(node_modules/react-dom/cjs/react-dom.development.js:26179:12)
      at batchedUpdates 
(node_modules/react-dom/cjs/react-dom.development.js:3991:12)
      at dispatchEventForPluginEventSystem 
(node_modules/react-dom/cjs/react-dom.development.js:9287:3)
      at dispatchEventWithEnableCapturePhaseSelectiveHydrationWithoutDiscreteEv
entReplay (node_modules/react-dom/cjs/react-dom.development.js:6465:5)
      at dispatchEvent 
(node_modules/react-dom/cjs/react-dom.development.js:6457:5)
      at dispatchDiscreteEvent 
(node_modules/react-dom/cjs/react-dom.development.js:6430:5)
      at HTMLDivElement.callTheUserObjectsOperation 
(node_modules/jsdom/lib/jsdom/living/generated/EventListener.js:26:30)
      at innerInvokeEventListeners 
(node_modules/jsdom/lib/jsdom/living/events/EventTarget-impl.js:350:25)
      at invokeEventListeners 
(node_modules/jsdom/lib/jsdom/living/events/EventTarget-impl.js:286:3)
      at HTMLInputElementImpl._dispatch 
(node_modules/jsdom/lib/jsdom/living/events/EventTarget-impl.js:233:9)
      at HTMLInputElementImpl.dispatchEvent 
(node_modules/jsdom/lib/jsdom/living/events/EventTarget-impl.js:104:17)
      at HTMLInputElement.dispatchEvent 
(node_modules/jsdom/lib/jsdom/living/generated/EventTarget.js:241:34)
      at 
node_modules/@testing-library/user-event/dist/cjs/event/dispatchEvent.js:45:43
      at Object.eventWrapper 
(node_modules/@testing-library/dom/dist/config.js:25:23)
      at Object.wrapEvent 
(node_modules/@testing-library/user-event/dist/cjs/event/wrapEvent.js:6:28)
      at Object.dispatchEvent (node_modules/@testing-library/user-event/dist/cj
s/event/dispatchEvent.js:45:22)
      at Object.dispatchUIEvent (node_modules/@testing-library/user-event/dist/
cjs/event/dispatchEvent.js:22:26)
      at commitInput 
(node_modules/@testing-library/user-event/dist/cjs/event/input.js:145:14)
      at editInputElement 
(node_modules/@testing-library/user-event/dist/cjs/event/input.js:115:9)
      at Object.input 
(node_modules/@testing-library/user-event/dist/cjs/event/input.js:37:9)
      at node_modules/@testing-library/user-event/dist/cjs/event/behavior/keypr
ess.js:31:26
      at Object.dispatchEvent (node_modules/@testing-library/user-event/dist/cj
s/event/dispatchEvent.js:41:13)
      at Object.dispatchUIEvent (node_modules/@testing-library/user-event/dist/
cjs/event/dispatchEvent.js:22:26)
      at KeyboardHost.keydown 
(node_modules/@testing-library/user-event/dist/cjs/system/keyboard.js:76:22)
      at keyboardAction 
(node_modules/@testing-library/user-event/dist/cjs/keyboard/index.js:22:35)
      at Object.keyboard 
(node_modules/@testing-library/user-event/dist/cjs/keyboard/index.js:11:15)
      at Object.type 
(node_modules/@testing-library/user-event/dist/cjs/utility/type.js:17:5)
      at Object.<anonymous> 
(src/binding-authorities/__tests__/binding-authorities.test.tsx:1567:9)

    console.error
      Warning: An update to BASearchModal inside a test was not wrapped in 
act(...).
      
      When testing, code that causes React state updates should be wrapped 
into act(...):
      
      act(() => {
        /* fire events that update state */
      });
      /* assert on the output */
      
      This ensures that you're testing the behavior the user would see in the 
browser. Learn more at https://reactjs.org/link/wrap-tests-with-act
          at BASearchModal (C:\Users\samhe\OneDrive\Desktop\Cleaned\frontend\sr
c\binding-authorities\BASearchModal\BASearchModal.tsx:25:41)
          at basenameProp (C:\Users\samhe\OneDrive\Desktop\Cleaned\frontend\nod
e_modules\react-router\lib\components.tsx:421:13)
          at basename (C:\Users\samhe\OneDrive\Desktop\Cleaned\frontend\node_mo
dules\react-router\lib\components.tsx:225:3)

      67 |                         type="text"
      68 |                         value={query}
    > 69 |                         onChange={(e) => setQuery(e.target.value)}
         |                                          ^
      70 |                         placeholder="Search by reference or 
coverholderÔÇª"
      71 |                         className="w-full border border-gray-300 
rounded pl-9 pr-9 py-2 text-sm"
      72 |                         autoFocus

      at printWarning 
(node_modules/react-dom/cjs/react-dom.development.js:86:30)
      at error (node_modules/react-dom/cjs/react-dom.development.js:60:7)
      at warnIfUpdatesNotWrappedWithActDEV 
(node_modules/react-dom/cjs/react-dom.development.js:27628:9)
      at scheduleUpdateOnFiber 
(node_modules/react-dom/cjs/react-dom.development.js:25547:5)
      at dispatchSetState 
(node_modules/react-dom/cjs/react-dom.development.js:16708:7)
      at onChange 
(src/binding-authorities/BASearchModal/BASearchModal.tsx:69:42)
      at HTMLUnknownElement.callCallback 
(node_modules/react-dom/cjs/react-dom.development.js:4164:14)
      at HTMLUnknownElement.callTheUserObjectsOperation 
(node_modules/jsdom/lib/jsdom/living/generated/EventListener.js:26:30)
      at innerInvokeEventListeners 
(node_modules/jsdom/lib/jsdom/living/events/EventTarget-impl.js:350:25)
      at invokeEventListeners 
(node_modules/jsdom/lib/jsdom/living/events/EventTarget-impl.js:286:3)
      at HTMLUnknownElementImpl._dispatch 
(node_modules/jsdom/lib/jsdom/living/events/EventTarget-impl.js:233:9)
      at HTMLUnknownElementImpl.dispatchEvent 
(node_modules/jsdom/lib/jsdom/living/events/EventTarget-impl.js:104:17)
      at HTMLUnknownElement.dispatchEvent 
(node_modules/jsdom/lib/jsdom/living/generated/EventTarget.js:241:34)
      at Object.invokeGuardedCallbackDev 
(node_modules/react-dom/cjs/react-dom.development.js:4213:16)
      at invokeGuardedCallback 
(node_modules/react-dom/cjs/react-dom.development.js:4277:31)
      at invokeGuardedCallbackAndCatchFirstError 
(node_modules/react-dom/cjs/react-dom.development.js:4291:25)
      at executeDispatch 
(node_modules/react-dom/cjs/react-dom.development.js:9041:3)
      at processDispatchQueueItemsInOrder 
(node_modules/react-dom/cjs/react-dom.development.js:9073:7)
      at processDispatchQueue 
(node_modules/react-dom/cjs/react-dom.development.js:9086:5)
      at dispatchEventsForPlugins 
(node_modules/react-dom/cjs/react-dom.development.js:9097:3)
      at node_modules/react-dom/cjs/react-dom.development.js:9288:12
      at batchedUpdates$1 
(node_modules/react-dom/cjs/react-dom.development.js:26179:12)
      at batchedUpdates 
(node_modules/react-dom/cjs/react-dom.development.js:3991:12)
      at dispatchEventForPluginEventSystem 
(node_modules/react-dom/cjs/react-dom.development.js:9287:3)
      at dispatchEventWithEnableCapturePhaseSelectiveHydrationWithoutDiscreteEv
entReplay (node_modules/react-dom/cjs/react-dom.development.js:6465:5)
      at dispatchEvent 
(node_modules/react-dom/cjs/react-dom.development.js:6457:5)
      at dispatchDiscreteEvent 
(node_modules/react-dom/cjs/react-dom.development.js:6430:5)
      at HTMLDivElement.callTheUserObjectsOperation 
(node_modules/jsdom/lib/jsdom/living/generated/EventListener.js:26:30)
      at innerInvokeEventListeners 
(node_modules/jsdom/lib/jsdom/living/events/EventTarget-impl.js:350:25)
      at invokeEventListeners 
(node_modules/jsdom/lib/jsdom/living/events/EventTarget-impl.js:286:3)
      at HTMLInputElementImpl._dispatch 
(node_modules/jsdom/lib/jsdom/living/events/EventTarget-impl.js:233:9)
      at HTMLInputElementImpl.dispatchEvent 
(node_modules/jsdom/lib/jsdom/living/events/EventTarget-impl.js:104:17)
      at HTMLInputElement.dispatchEvent 
(node_modules/jsdom/lib/jsdom/living/generated/EventTarget.js:241:34)
      at 
node_modules/@testing-library/user-event/dist/cjs/event/dispatchEvent.js:45:43
      at Object.eventWrapper 
(node_modules/@testing-library/dom/dist/config.js:25:23)
      at Object.wrapEvent 
(node_modules/@testing-library/user-event/dist/cjs/event/wrapEvent.js:6:28)
      at Object.dispatchEvent (node_modules/@testing-library/user-event/dist/cj
s/event/dispatchEvent.js:45:22)
      at Object.dispatchUIEvent (node_modules/@testing-library/user-event/dist/
cjs/event/dispatchEvent.js:22:26)
      at commitInput 
(node_modules/@testing-library/user-event/dist/cjs/event/input.js:145:14)
      at editInputElement 
(node_modules/@testing-library/user-event/dist/cjs/event/input.js:115:9)
      at Object.input 
(node_modules/@testing-library/user-event/dist/cjs/event/input.js:37:9)
      at node_modules/@testing-library/user-event/dist/cjs/event/behavior/keypr
ess.js:31:26
      at Object.dispatchEvent (node_modules/@testing-library/user-event/dist/cj
s/event/dispatchEvent.js:41:13)
      at Object.dispatchUIEvent (node_modules/@testing-library/user-event/dist/
cjs/event/dispatchEvent.js:22:26)
      at KeyboardHost.keydown 
(node_modules/@testing-library/user-event/dist/cjs/system/keyboard.js:76:22)
      at keyboardAction 
(node_modules/@testing-library/user-event/dist/cjs/keyboard/index.js:22:35)
      at Object.keyboard 
(node_modules/@testing-library/user-event/dist/cjs/keyboard/index.js:11:15)
      at Object.type 
(node_modules/@testing-library/user-event/dist/cjs/utility/type.js:17:5)
      at Object.<anonymous> 
(src/binding-authorities/__tests__/binding-authorities.test.tsx:1567:9)

    console.error
      Warning: An update to BASearchModal inside a test was not wrapped in 
act(...).
      
      When testing, code that causes React state updates should be wrapped 
into act(...):
      
      act(() => {
        /* fire events that update state */
      });
      /* assert on the output */
      
      This ensures that you're testing the behavior the user would see in the 
browser. Learn more at https://reactjs.org/link/wrap-tests-with-act
          at BASearchModal (C:\Users\samhe\OneDrive\Desktop\Cleaned\frontend\sr
c\binding-authorities\BASearchModal\BASearchModal.tsx:25:41)
          at basenameProp (C:\Users\samhe\OneDrive\Desktop\Cleaned\frontend\nod
e_modules\react-router\lib\components.tsx:421:13)
          at basename (C:\Users\samhe\OneDrive\Desktop\Cleaned\frontend\node_mo
dules\react-router\lib\components.tsx:225:3)

      67 |                         type="text"
      68 |                         value={query}
    > 69 |                         onChange={(e) => setQuery(e.target.value)}
         |                                          ^
      70 |                         placeholder="Search by reference or 
coverholderÔÇª"
      71 |                         className="w-full border border-gray-300 
rounded pl-9 pr-9 py-2 text-sm"
      72 |                         autoFocus

      at printWarning 
(node_modules/react-dom/cjs/react-dom.development.js:86:30)
      at error (node_modules/react-dom/cjs/react-dom.development.js:60:7)
      at warnIfUpdatesNotWrappedWithActDEV 
(node_modules/react-dom/cjs/react-dom.development.js:27628:9)
      at scheduleUpdateOnFiber 
(node_modules/react-dom/cjs/react-dom.development.js:25547:5)
      at dispatchSetState 
(node_modules/react-dom/cjs/react-dom.development.js:16708:7)
      at onChange 
(src/binding-authorities/BASearchModal/BASearchModal.tsx:69:42)
      at HTMLUnknownElement.callCallback 
(node_modules/react-dom/cjs/react-dom.development.js:4164:14)
      at HTMLUnknownElement.callTheUserObjectsOperation 
(node_modules/jsdom/lib/jsdom/living/generated/EventListener.js:26:30)
      at innerInvokeEventListeners 
(node_modules/jsdom/lib/jsdom/living/events/EventTarget-impl.js:350:25)
      at invokeEventListeners 
(node_modules/jsdom/lib/jsdom/living/events/EventTarget-impl.js:286:3)
      at HTMLUnknownElementImpl._dispatch 
(node_modules/jsdom/lib/jsdom/living/events/EventTarget-impl.js:233:9)
      at HTMLUnknownElementImpl.dispatchEvent 
(node_modules/jsdom/lib/jsdom/living/events/EventTarget-impl.js:104:17)
      at HTMLUnknownElement.dispatchEvent 
(node_modules/jsdom/lib/jsdom/living/generated/EventTarget.js:241:34)
      at Object.invokeGuardedCallbackDev 
(node_modules/react-dom/cjs/react-dom.development.js:4213:16)
      at invokeGuardedCallback 
(node_modules/react-dom/cjs/react-dom.development.js:4277:31)
      at invokeGuardedCallbackAndCatchFirstError 
(node_modules/react-dom/cjs/react-dom.development.js:4291:25)
      at executeDispatch 
(node_modules/react-dom/cjs/react-dom.development.js:9041:3)
      at processDispatchQueueItemsInOrder 
(node_modules/react-dom/cjs/react-dom.development.js:9073:7)
      at processDispatchQueue 
(node_modules/react-dom/cjs/react-dom.development.js:9086:5)
      at dispatchEventsForPlugins 
(node_modules/react-dom/cjs/react-dom.development.js:9097:3)
      at node_modules/react-dom/cjs/react-dom.development.js:9288:12
      at batchedUpdates$1 
(node_modules/react-dom/cjs/react-dom.development.js:26179:12)
      at batchedUpdates 
(node_modules/react-dom/cjs/react-dom.development.js:3991:12)
      at dispatchEventForPluginEventSystem 
(node_modules/react-dom/cjs/react-dom.development.js:9287:3)
      at dispatchEventWithEnableCapturePhaseSelectiveHydrationWithoutDiscreteEv
entReplay (node_modules/react-dom/cjs/react-dom.development.js:6465:5)
      at dispatchEvent 
(node_modules/react-dom/cjs/react-dom.development.js:6457:5)
      at dispatchDiscreteEvent 
(node_modules/react-dom/cjs/react-dom.development.js:6430:5)
      at HTMLDivElement.callTheUserObjectsOperation 
(node_modules/jsdom/lib/jsdom/living/generated/EventListener.js:26:30)
      at innerInvokeEventListeners 
(node_modules/jsdom/lib/jsdom/living/events/EventTarget-impl.js:350:25)
      at invokeEventListeners 
(node_modules/jsdom/lib/jsdom/living/events/EventTarget-impl.js:286:3)
      at HTMLInputElementImpl._dispatch 
(node_modules/jsdom/lib/jsdom/living/events/EventTarget-impl.js:233:9)
      at HTMLInputElementImpl.dispatchEvent 
(node_modules/jsdom/lib/jsdom/living/events/EventTarget-impl.js:104:17)
      at HTMLInputElement.dispatchEvent 
(node_modules/jsdom/lib/jsdom/living/generated/EventTarget.js:241:34)
      at 
node_modules/@testing-library/user-event/dist/cjs/event/dispatchEvent.js:45:43
      at Object.eventWrapper 
(node_modules/@testing-library/dom/dist/config.js:25:23)
      at Object.wrapEvent 
(node_modules/@testing-library/user-event/dist/cjs/event/wrapEvent.js:6:28)
      at Object.dispatchEvent (node_modules/@testing-library/user-event/dist/cj
s/event/dispatchEvent.js:45:22)
      at Object.dispatchUIEvent (node_modules/@testing-library/user-event/dist/
cjs/event/dispatchEvent.js:22:26)
      at commitInput 
(node_modules/@testing-library/user-event/dist/cjs/event/input.js:145:14)
      at editInputElement 
(node_modules/@testing-library/user-event/dist/cjs/event/input.js:115:9)
      at Object.input 
(node_modules/@testing-library/user-event/dist/cjs/event/input.js:37:9)
      at node_modules/@testing-library/user-event/dist/cjs/event/behavior/keypr
ess.js:31:26
      at Object.dispatchEvent (node_modules/@testing-library/user-event/dist/cj
s/event/dispatchEvent.js:41:13)
      at Object.dispatchUIEvent (node_modules/@testing-library/user-event/dist/
cjs/event/dispatchEvent.js:22:26)
      at KeyboardHost.keydown 
(node_modules/@testing-library/user-event/dist/cjs/system/keyboard.js:76:22)
      at keyboardAction 
(node_modules/@testing-library/user-event/dist/cjs/keyboard/index.js:22:35)
      at Object.keyboard 
(node_modules/@testing-library/user-event/dist/cjs/keyboard/index.js:11:15)
      at Object.type 
(node_modules/@testing-library/user-event/dist/cjs/utility/type.js:17:5)
      at Object.<anonymous> 
(src/binding-authorities/__tests__/binding-authorities.test.tsx:1567:9)

    console.error
      Warning: An update to BASearchModal inside a test was not wrapped in 
act(...).
      
      When testing, code that causes React state updates should be wrapped 
into act(...):
      
      act(() => {
        /* fire events that update state */
      });
      /* assert on the output */
      
      This ensures that you're testing the behavior the user would see in the 
browser. Learn more at https://reactjs.org/link/wrap-tests-with-act
          at BASearchModal (C:\Users\samhe\OneDrive\Desktop\Cleaned\frontend\sr
c\binding-authorities\BASearchModal\BASearchModal.tsx:25:41)
          at basenameProp (C:\Users\samhe\OneDrive\Desktop\Cleaned\frontend\nod
e_modules\react-router\lib\components.tsx:421:13)
          at basename (C:\Users\samhe\OneDrive\Desktop\Cleaned\frontend\node_mo
dules\react-router\lib\components.tsx:225:3)

      67 |                         type="text"
      68 |                         value={query}
    > 69 |                         onChange={(e) => setQuery(e.target.value)}
         |                                          ^
      70 |                         placeholder="Search by reference or 
coverholderÔÇª"
      71 |                         className="w-full border border-gray-300 
rounded pl-9 pr-9 py-2 text-sm"
      72 |                         autoFocus

      at printWarning 
(node_modules/react-dom/cjs/react-dom.development.js:86:30)
      at error (node_modules/react-dom/cjs/react-dom.development.js:60:7)
      at warnIfUpdatesNotWrappedWithActDEV 
(node_modules/react-dom/cjs/react-dom.development.js:27628:9)
      at scheduleUpdateOnFiber 
(node_modules/react-dom/cjs/react-dom.development.js:25547:5)
      at dispatchSetState 
(node_modules/react-dom/cjs/react-dom.development.js:16708:7)
      at onChange 
(src/binding-authorities/BASearchModal/BASearchModal.tsx:69:42)
      at HTMLUnknownElement.callCallback 
(node_modules/react-dom/cjs/react-dom.development.js:4164:14)
      at HTMLUnknownElement.callTheUserObjectsOperation 
(node_modules/jsdom/lib/jsdom/living/generated/EventListener.js:26:30)
      at innerInvokeEventListeners 
(node_modules/jsdom/lib/jsdom/living/events/EventTarget-impl.js:350:25)
      at invokeEventListeners 
(node_modules/jsdom/lib/jsdom/living/events/EventTarget-impl.js:286:3)
      at HTMLUnknownElementImpl._dispatch 
(node_modules/jsdom/lib/jsdom/living/events/EventTarget-impl.js:233:9)
      at HTMLUnknownElementImpl.dispatchEvent 
(node_modules/jsdom/lib/jsdom/living/events/EventTarget-impl.js:104:17)
      at HTMLUnknownElement.dispatchEvent 
(node_modules/jsdom/lib/jsdom/living/generated/EventTarget.js:241:34)
      at Object.invokeGuardedCallbackDev 
(node_modules/react-dom/cjs/react-dom.development.js:4213:16)
      at invokeGuardedCallback 
(node_modules/react-dom/cjs/react-dom.development.js:4277:31)
      at invokeGuardedCallbackAndCatchFirstError 
(node_modules/react-dom/cjs/react-dom.development.js:4291:25)
      at executeDispatch 
(node_modules/react-dom/cjs/react-dom.development.js:9041:3)
      at processDispatchQueueItemsInOrder 
(node_modules/react-dom/cjs/react-dom.development.js:9073:7)
      at processDispatchQueue 
(node_modules/react-dom/cjs/react-dom.development.js:9086:5)
      at dispatchEventsForPlugins 
(node_modules/react-dom/cjs/react-dom.development.js:9097:3)
      at node_modules/react-dom/cjs/react-dom.development.js:9288:12
      at batchedUpdates$1 
(node_modules/react-dom/cjs/react-dom.development.js:26179:12)
      at batchedUpdates 
(node_modules/react-dom/cjs/react-dom.development.js:3991:12)
      at dispatchEventForPluginEventSystem 
(node_modules/react-dom/cjs/react-dom.development.js:9287:3)
      at dispatchEventWithEnableCapturePhaseSelectiveHydrationWithoutDiscreteEv
entReplay (node_modules/react-dom/cjs/react-dom.development.js:6465:5)
      at dispatchEvent 
(node_modules/react-dom/cjs/react-dom.development.js:6457:5)
      at dispatchDiscreteEvent 
(node_modules/react-dom/cjs/react-dom.development.js:6430:5)
      at HTMLDivElement.callTheUserObjectsOperation 
(node_modules/jsdom/lib/jsdom/living/generated/EventListener.js:26:30)
      at innerInvokeEventListeners 
(node_modules/jsdom/lib/jsdom/living/events/EventTarget-impl.js:350:25)
      at invokeEventListeners 
(node_modules/jsdom/lib/jsdom/living/events/EventTarget-impl.js:286:3)
      at HTMLInputElementImpl._dispatch 
(node_modules/jsdom/lib/jsdom/living/events/EventTarget-impl.js:233:9)
      at HTMLInputElementImpl.dispatchEvent 
(node_modules/jsdom/lib/jsdom/living/events/EventTarget-impl.js:104:17)
      at HTMLInputElement.dispatchEvent 
(node_modules/jsdom/lib/jsdom/living/generated/EventTarget.js:241:34)
      at 
node_modules/@testing-library/user-event/dist/cjs/event/dispatchEvent.js:45:43
      at Object.eventWrapper 
(node_modules/@testing-library/dom/dist/config.js:25:23)
      at Object.wrapEvent 
(node_modules/@testing-library/user-event/dist/cjs/event/wrapEvent.js:6:28)
      at Object.dispatchEvent (node_modules/@testing-library/user-event/dist/cj
s/event/dispatchEvent.js:45:22)
      at Object.dispatchUIEvent (node_modules/@testing-library/user-event/dist/
cjs/event/dispatchEvent.js:22:26)
      at commitInput 
(node_modules/@testing-library/user-event/dist/cjs/event/input.js:145:14)
      at editInputElement 
(node_modules/@testing-library/user-event/dist/cjs/event/input.js:115:9)
      at Object.input 
(node_modules/@testing-library/user-event/dist/cjs/event/input.js:37:9)
      at node_modules/@testing-library/user-event/dist/cjs/event/behavior/keypr
ess.js:31:26
      at Object.dispatchEvent (node_modules/@testing-library/user-event/dist/cj
s/event/dispatchEvent.js:41:13)
      at Object.dispatchUIEvent (node_modules/@testing-library/user-event/dist/
cjs/event/dispatchEvent.js:22:26)
      at KeyboardHost.keydown 
(node_modules/@testing-library/user-event/dist/cjs/system/keyboard.js:76:22)
      at keyboardAction 
(node_modules/@testing-library/user-event/dist/cjs/keyboard/index.js:22:35)
      at Object.keyboard 
(node_modules/@testing-library/user-event/dist/cjs/keyboard/index.js:11:15)
      at Object.type 
(node_modules/@testing-library/user-event/dist/cjs/utility/type.js:17:5)
      at Object.<anonymous> 
(src/binding-authorities/__tests__/binding-authorities.test.tsx:1567:9)

    console.error
      Warning: An update to BASearchModal inside a test was not wrapped in 
act(...).
      
      When testing, code that causes React state updates should be wrapped 
into act(...):
      
      act(() => {
        /* fire events that update state */
      });
      /* assert on the output */
      
      This ensures that you're testing the behavior the user would see in the 
browser. Learn more at https://reactjs.org/link/wrap-tests-with-act
          at BASearchModal (C:\Users\samhe\OneDrive\Desktop\Cleaned\frontend\sr
c\binding-authorities\BASearchModal\BASearchModal.tsx:25:41)
          at basenameProp (C:\Users\samhe\OneDrive\Desktop\Cleaned\frontend\nod
e_modules\react-router\lib\components.tsx:421:13)
          at basename (C:\Users\samhe\OneDrive\Desktop\Cleaned\frontend\node_mo
dules\react-router\lib\components.tsx:225:3)

      67 |                         type="text"
      68 |                         value={query}
    > 69 |                         onChange={(e) => setQuery(e.target.value)}
         |                                          ^
      70 |                         placeholder="Search by reference or 
coverholderÔÇª"
      71 |                         className="w-full border border-gray-300 
rounded pl-9 pr-9 py-2 text-sm"
      72 |                         autoFocus

      at printWarning 
(node_modules/react-dom/cjs/react-dom.development.js:86:30)
      at error (node_modules/react-dom/cjs/react-dom.development.js:60:7)
      at warnIfUpdatesNotWrappedWithActDEV 
(node_modules/react-dom/cjs/react-dom.development.js:27628:9)
      at scheduleUpdateOnFiber 
(node_modules/react-dom/cjs/react-dom.development.js:25547:5)
      at dispatchSetState 
(node_modules/react-dom/cjs/react-dom.development.js:16708:7)
      at onChange 
(src/binding-authorities/BASearchModal/BASearchModal.tsx:69:42)
      at HTMLUnknownElement.callCallback 
(node_modules/react-dom/cjs/react-dom.development.js:4164:14)
      at HTMLUnknownElement.callTheUserObjectsOperation 
(node_modules/jsdom/lib/jsdom/living/generated/EventListener.js:26:30)
      at innerInvokeEventListeners 
(node_modules/jsdom/lib/jsdom/living/events/EventTarget-impl.js:350:25)
      at invokeEventListeners 
(node_modules/jsdom/lib/jsdom/living/events/EventTarget-impl.js:286:3)
      at HTMLUnknownElementImpl._dispatch 
(node_modules/jsdom/lib/jsdom/living/events/EventTarget-impl.js:233:9)
      at HTMLUnknownElementImpl.dispatchEvent 
(node_modules/jsdom/lib/jsdom/living/events/EventTarget-impl.js:104:17)
      at HTMLUnknownElement.dispatchEvent 
(node_modules/jsdom/lib/jsdom/living/generated/EventTarget.js:241:34)
      at Object.invokeGuardedCallbackDev 
(node_modules/react-dom/cjs/react-dom.development.js:4213:16)
      at invokeGuardedCallback 
(node_modules/react-dom/cjs/react-dom.development.js:4277:31)
      at invokeGuardedCallbackAndCatchFirstError 
(node_modules/react-dom/cjs/react-dom.development.js:4291:25)
      at executeDispatch 
(node_modules/react-dom/cjs/react-dom.development.js:9041:3)
      at processDispatchQueueItemsInOrder 
(node_modules/react-dom/cjs/react-dom.development.js:9073:7)
      at processDispatchQueue 
(node_modules/react-dom/cjs/react-dom.development.js:9086:5)
      at dispatchEventsForPlugins 
(node_modules/react-dom/cjs/react-dom.development.js:9097:3)
      at node_modules/react-dom/cjs/react-dom.development.js:9288:12
      at batchedUpdates$1 
(node_modules/react-dom/cjs/react-dom.development.js:26179:12)
      at batchedUpdates 
(node_modules/react-dom/cjs/react-dom.development.js:3991:12)
      at dispatchEventForPluginEventSystem 
(node_modules/react-dom/cjs/react-dom.development.js:9287:3)
      at dispatchEventWithEnableCapturePhaseSelectiveHydrationWithoutDiscreteEv
entReplay (node_modules/react-dom/cjs/react-dom.development.js:6465:5)
      at dispatchEvent 
(node_modules/react-dom/cjs/react-dom.development.js:6457:5)
      at dispatchDiscreteEvent 
(node_modules/react-dom/cjs/react-dom.development.js:6430:5)
      at HTMLDivElement.callTheUserObjectsOperation 
(node_modules/jsdom/lib/jsdom/living/generated/EventListener.js:26:30)
      at innerInvokeEventListeners 
(node_modules/jsdom/lib/jsdom/living/events/EventTarget-impl.js:350:25)
      at invokeEventListeners 
(node_modules/jsdom/lib/jsdom/living/events/EventTarget-impl.js:286:3)
      at HTMLInputElementImpl._dispatch 
(node_modules/jsdom/lib/jsdom/living/events/EventTarget-impl.js:233:9)
      at HTMLInputElementImpl.dispatchEvent 
(node_modules/jsdom/lib/jsdom/living/events/EventTarget-impl.js:104:17)
      at HTMLInputElement.dispatchEvent 
(node_modules/jsdom/lib/jsdom/living/generated/EventTarget.js:241:34)
      at 
node_modules/@testing-library/user-event/dist/cjs/event/dispatchEvent.js:45:43
      at Object.eventWrapper 
(node_modules/@testing-library/dom/dist/config.js:25:23)
      at Object.wrapEvent 
(node_modules/@testing-library/user-event/dist/cjs/event/wrapEvent.js:6:28)
      at Object.dispatchEvent (node_modules/@testing-library/user-event/dist/cj
s/event/dispatchEvent.js:45:22)
      at Object.dispatchUIEvent (node_modules/@testing-library/user-event/dist/
cjs/event/dispatchEvent.js:22:26)
      at commitInput 
(node_modules/@testing-library/user-event/dist/cjs/event/input.js:145:14)
      at editInputElement 
(node_modules/@testing-library/user-event/dist/cjs/event/input.js:115:9)
      at Object.input 
(node_modules/@testing-library/user-event/dist/cjs/event/input.js:37:9)
      at node_modules/@testing-library/user-event/dist/cjs/event/behavior/keypr
ess.js:31:26
      at Object.dispatchEvent (node_modules/@testing-library/user-event/dist/cj
s/event/dispatchEvent.js:41:13)
      at Object.dispatchUIEvent (node_modules/@testing-library/user-event/dist/
cjs/event/dispatchEvent.js:22:26)
      at KeyboardHost.keydown 
(node_modules/@testing-library/user-event/dist/cjs/system/keyboard.js:76:22)
      at keyboardAction 
(node_modules/@testing-library/user-event/dist/cjs/keyboard/index.js:22:35)
      at Object.keyboard 
(node_modules/@testing-library/user-event/dist/cjs/keyboard/index.js:11:15)
      at Object.type 
(node_modules/@testing-library/user-event/dist/cjs/utility/type.js:17:5)
      at Object.<anonymous> 
(src/binding-authorities/__tests__/binding-authorities.test.tsx:1567:9)

    console.error
      Warning: An update to BASearchModal inside a test was not wrapped in 
act(...).
      
      When testing, code that causes React state updates should be wrapped 
into act(...):
      
      act(() => {
        /* fire events that update state */
      });
      /* assert on the output */
      
      This ensures that you're testing the behavior the user would see in the 
browser. Learn more at https://reactjs.org/link/wrap-tests-with-act
          at BASearchModal (C:\Users\samhe\OneDrive\Desktop\Cleaned\frontend\sr
c\binding-authorities\BASearchModal\BASearchModal.tsx:25:41)
          at basenameProp (C:\Users\samhe\OneDrive\Desktop\Cleaned\frontend\nod
e_modules\react-router\lib\components.tsx:421:13)
          at basename (C:\Users\samhe\OneDrive\Desktop\Cleaned\frontend\node_mo
dules\react-router\lib\components.tsx:225:3)

      67 |                         type="text"
      68 |                         value={query}
    > 69 |                         onChange={(e) => setQuery(e.target.value)}
         |                                          ^
      70 |                         placeholder="Search by reference or 
coverholderÔÇª"
      71 |                         className="w-full border border-gray-300 
rounded pl-9 pr-9 py-2 text-sm"
      72 |                         autoFocus

      at printWarning 
(node_modules/react-dom/cjs/react-dom.development.js:86:30)
      at error (node_modules/react-dom/cjs/react-dom.development.js:60:7)
      at warnIfUpdatesNotWrappedWithActDEV 
(node_modules/react-dom/cjs/react-dom.development.js:27628:9)
      at scheduleUpdateOnFiber 
(node_modules/react-dom/cjs/react-dom.development.js:25547:5)
      at dispatchSetState 
(node_modules/react-dom/cjs/react-dom.development.js:16708:7)
      at onChange 
(src/binding-authorities/BASearchModal/BASearchModal.tsx:69:42)
      at HTMLUnknownElement.callCallback 
(node_modules/react-dom/cjs/react-dom.development.js:4164:14)
      at HTMLUnknownElement.callTheUserObjectsOperation 
(node_modules/jsdom/lib/jsdom/living/generated/EventListener.js:26:30)
      at innerInvokeEventListeners 
(node_modules/jsdom/lib/jsdom/living/events/EventTarget-impl.js:350:25)
      at invokeEventListeners 
(node_modules/jsdom/lib/jsdom/living/events/EventTarget-impl.js:286:3)
      at HTMLUnknownElementImpl._dispatch 
(node_modules/jsdom/lib/jsdom/living/events/EventTarget-impl.js:233:9)
      at HTMLUnknownElementImpl.dispatchEvent 
(node_modules/jsdom/lib/jsdom/living/events/EventTarget-impl.js:104:17)
      at HTMLUnknownElement.dispatchEvent 
(node_modules/jsdom/lib/jsdom/living/generated/EventTarget.js:241:34)
      at Object.invokeGuardedCallbackDev 
(node_modules/react-dom/cjs/react-dom.development.js:4213:16)
      at invokeGuardedCallback 
(node_modules/react-dom/cjs/react-dom.development.js:4277:31)
      at invokeGuardedCallbackAndCatchFirstError 
(node_modules/react-dom/cjs/react-dom.development.js:4291:25)
      at executeDispatch 
(node_modules/react-dom/cjs/react-dom.development.js:9041:3)
      at processDispatchQueueItemsInOrder 
(node_modules/react-dom/cjs/react-dom.development.js:9073:7)
      at processDispatchQueue 
(node_modules/react-dom/cjs/react-dom.development.js:9086:5)
      at dispatchEventsForPlugins 
(node_modules/react-dom/cjs/react-dom.development.js:9097:3)
      at node_modules/react-dom/cjs/react-dom.development.js:9288:12
      at batchedUpdates$1 
(node_modules/react-dom/cjs/react-dom.development.js:26179:12)
      at batchedUpdates 
(node_modules/react-dom/cjs/react-dom.development.js:3991:12)
      at dispatchEventForPluginEventSystem 
(node_modules/react-dom/cjs/react-dom.development.js:9287:3)
      at dispatchEventWithEnableCapturePhaseSelectiveHydrationWithoutDiscreteEv
entReplay (node_modules/react-dom/cjs/react-dom.development.js:6465:5)
      at dispatchEvent 
(node_modules/react-dom/cjs/react-dom.development.js:6457:5)
      at dispatchDiscreteEvent 
(node_modules/react-dom/cjs/react-dom.development.js:6430:5)
      at HTMLDivElement.callTheUserObjectsOperation 
(node_modules/jsdom/lib/jsdom/living/generated/EventListener.js:26:30)
      at innerInvokeEventListeners 
(node_modules/jsdom/lib/jsdom/living/events/EventTarget-impl.js:350:25)
      at invokeEventListeners 
(node_modules/jsdom/lib/jsdom/living/events/EventTarget-impl.js:286:3)
      at HTMLInputElementImpl._dispatch 
(node_modules/jsdom/lib/jsdom/living/events/EventTarget-impl.js:233:9)
      at HTMLInputElementImpl.dispatchEvent 
(node_modules/jsdom/lib/jsdom/living/events/EventTarget-impl.js:104:17)
      at HTMLInputElement.dispatchEvent 
(node_modules/jsdom/lib/jsdom/living/generated/EventTarget.js:241:34)
      at 
node_modules/@testing-library/user-event/dist/cjs/event/dispatchEvent.js:45:43
      at Object.eventWrapper 
(node_modules/@testing-library/dom/dist/config.js:25:23)
      at Object.wrapEvent 
(node_modules/@testing-library/user-event/dist/cjs/event/wrapEvent.js:6:28)
      at Object.dispatchEvent (node_modules/@testing-library/user-event/dist/cj
s/event/dispatchEvent.js:45:22)
      at Object.dispatchUIEvent (node_modules/@testing-library/user-event/dist/
cjs/event/dispatchEvent.js:22:26)
      at commitInput 
(node_modules/@testing-library/user-event/dist/cjs/event/input.js:145:14)
      at editInputElement 
(node_modules/@testing-library/user-event/dist/cjs/event/input.js:115:9)
      at Object.input 
(node_modules/@testing-library/user-event/dist/cjs/event/input.js:37:9)
      at node_modules/@testing-library/user-event/dist/cjs/event/behavior/keypr
ess.js:31:26
      at Object.dispatchEvent (node_modules/@testing-library/user-event/dist/cj
s/event/dispatchEvent.js:41:13)
      at Object.dispatchUIEvent (node_modules/@testing-library/user-event/dist/
cjs/event/dispatchEvent.js:22:26)
      at KeyboardHost.keydown 
(node_modules/@testing-library/user-event/dist/cjs/system/keyboard.js:76:22)
      at keyboardAction 
(node_modules/@testing-library/user-event/dist/cjs/keyboard/index.js:22:35)
      at Object.keyboard 
(node_modules/@testing-library/user-event/dist/cjs/keyboard/index.js:11:15)
      at Object.type 
(node_modules/@testing-library/user-event/dist/cjs/utility/type.js:17:5)
      at Object.<anonymous> 
(src/binding-authorities/__tests__/binding-authorities.test.tsx:1567:9)

    console.error
      Warning: An update to BASearchModal inside a test was not wrapped in 
act(...).
      
      When testing, code that causes React state updates should be wrapped 
into act(...):
      
      act(() => {
        /* fire events that update state */
      });
      /* assert on the output */
      
      This ensures that you're testing the behavior the user would see in the 
browser. Learn more at https://reactjs.org/link/wrap-tests-with-act
          at BASearchModal (C:\Users\samhe\OneDrive\Desktop\Cleaned\frontend\sr
c\binding-authorities\BASearchModal\BASearchModal.tsx:25:41)
          at basenameProp (C:\Users\samhe\OneDrive\Desktop\Cleaned\frontend\nod
e_modules\react-router\lib\components.tsx:421:13)
          at basename (C:\Users\samhe\OneDrive\Desktop\Cleaned\frontend\node_mo
dules\react-router\lib\components.tsx:225:3)

      67 |                         type="text"
      68 |                         value={query}
    > 69 |                         onChange={(e) => setQuery(e.target.value)}
         |                                          ^
      70 |                         placeholder="Search by reference or 
coverholderÔÇª"
      71 |                         className="w-full border border-gray-300 
rounded pl-9 pr-9 py-2 text-sm"
      72 |                         autoFocus

      at printWarning 
(node_modules/react-dom/cjs/react-dom.development.js:86:30)
      at error (node_modules/react-dom/cjs/react-dom.development.js:60:7)
      at warnIfUpdatesNotWrappedWithActDEV 
(node_modules/react-dom/cjs/react-dom.development.js:27628:9)
      at scheduleUpdateOnFiber 
(node_modules/react-dom/cjs/react-dom.development.js:25547:5)
      at dispatchSetState 
(node_modules/react-dom/cjs/react-dom.development.js:16708:7)
      at onChange 
(src/binding-authorities/BASearchModal/BASearchModal.tsx:69:42)
      at HTMLUnknownElement.callCallback 
(node_modules/react-dom/cjs/react-dom.development.js:4164:14)
      at HTMLUnknownElement.callTheUserObjectsOperation 
(node_modules/jsdom/lib/jsdom/living/generated/EventListener.js:26:30)
      at innerInvokeEventListeners 
(node_modules/jsdom/lib/jsdom/living/events/EventTarget-impl.js:350:25)
      at invokeEventListeners 
(node_modules/jsdom/lib/jsdom/living/events/EventTarget-impl.js:286:3)
      at HTMLUnknownElementImpl._dispatch 
(node_modules/jsdom/lib/jsdom/living/events/EventTarget-impl.js:233:9)
      at HTMLUnknownElementImpl.dispatchEvent 
(node_modules/jsdom/lib/jsdom/living/events/EventTarget-impl.js:104:17)
      at HTMLUnknownElement.dispatchEvent 
(node_modules/jsdom/lib/jsdom/living/generated/EventTarget.js:241:34)
      at Object.invokeGuardedCallbackDev 
(node_modules/react-dom/cjs/react-dom.development.js:4213:16)
      at invokeGuardedCallback 
(node_modules/react-dom/cjs/react-dom.development.js:4277:31)
      at invokeGuardedCallbackAndCatchFirstError 
(node_modules/react-dom/cjs/react-dom.development.js:4291:25)
      at executeDispatch 
(node_modules/react-dom/cjs/react-dom.development.js:9041:3)
      at processDispatchQueueItemsInOrder 
(node_modules/react-dom/cjs/react-dom.development.js:9073:7)
      at processDispatchQueue 
(node_modules/react-dom/cjs/react-dom.development.js:9086:5)
      at dispatchEventsForPlugins 
(node_modules/react-dom/cjs/react-dom.development.js:9097:3)
      at node_modules/react-dom/cjs/react-dom.development.js:9288:12
      at batchedUpdates$1 
(node_modules/react-dom/cjs/react-dom.development.js:26179:12)
      at batchedUpdates 
(node_modules/react-dom/cjs/react-dom.development.js:3991:12)
      at dispatchEventForPluginEventSystem 
(node_modules/react-dom/cjs/react-dom.development.js:9287:3)
      at dispatchEventWithEnableCapturePhaseSelectiveHydrationWithoutDiscreteEv
entReplay (node_modules/react-dom/cjs/react-dom.development.js:6465:5)
      at dispatchEvent 
(node_modules/react-dom/cjs/react-dom.development.js:6457:5)
      at dispatchDiscreteEvent 
(node_modules/react-dom/cjs/react-dom.development.js:6430:5)
      at HTMLDivElement.callTheUserObjectsOperation 
(node_modules/jsdom/lib/jsdom/living/generated/EventListener.js:26:30)
      at innerInvokeEventListeners 
(node_modules/jsdom/lib/jsdom/living/events/EventTarget-impl.js:350:25)
      at invokeEventListeners 
(node_modules/jsdom/lib/jsdom/living/events/EventTarget-impl.js:286:3)
      at HTMLInputElementImpl._dispatch 
(node_modules/jsdom/lib/jsdom/living/events/EventTarget-impl.js:233:9)
      at HTMLInputElementImpl.dispatchEvent 
(node_modules/jsdom/lib/jsdom/living/events/EventTarget-impl.js:104:17)
      at HTMLInputElement.dispatchEvent 
(node_modules/jsdom/lib/jsdom/living/generated/EventTarget.js:241:34)
      at 
node_modules/@testing-library/user-event/dist/cjs/event/dispatchEvent.js:45:43
      at Object.eventWrapper 
(node_modules/@testing-library/dom/dist/config.js:25:23)
      at Object.wrapEvent 
(node_modules/@testing-library/user-event/dist/cjs/event/wrapEvent.js:6:28)
      at Object.dispatchEvent (node_modules/@testing-library/user-event/dist/cj
s/event/dispatchEvent.js:45:22)
      at Object.dispatchUIEvent (node_modules/@testing-library/user-event/dist/
cjs/event/dispatchEvent.js:22:26)
      at commitInput 
(node_modules/@testing-library/user-event/dist/cjs/event/input.js:145:14)
      at editInputElement 
(node_modules/@testing-library/user-event/dist/cjs/event/input.js:115:9)
      at Object.input 
(node_modules/@testing-library/user-event/dist/cjs/event/input.js:37:9)
      at node_modules/@testing-library/user-event/dist/cjs/event/behavior/keypr
ess.js:31:26
      at Object.dispatchEvent (node_modules/@testing-library/user-event/dist/cj
s/event/dispatchEvent.js:41:13)
      at Object.dispatchUIEvent (node_modules/@testing-library/user-event/dist/
cjs/event/dispatchEvent.js:22:26)
      at KeyboardHost.keydown 
(node_modules/@testing-library/user-event/dist/cjs/system/keyboard.js:76:22)
      at keyboardAction 
(node_modules/@testing-library/user-event/dist/cjs/keyboard/index.js:22:35)
      at Object.keyboard 
(node_modules/@testing-library/user-event/dist/cjs/keyboard/index.js:11:15)
      at Object.type 
(node_modules/@testing-library/user-event/dist/cjs/utility/type.js:17:5)
      at Object.<anonymous> 
(src/binding-authorities/__tests__/binding-authorities.test.tsx:1567:9)

    console.error
      Warning: An update to BASearchModal inside a test was not wrapped in 
act(...).
      
      When testing, code that causes React state updates should be wrapped 
into act(...):
      
      act(() => {
        /* fire events that update state */
      });
      /* assert on the output */
      
      This ensures that you're testing the behavior the user would see in the 
browser. Learn more at https://reactjs.org/link/wrap-tests-with-act
          at BASearchModal (C:\Users\samhe\OneDrive\Desktop\Cleaned\frontend\sr
c\binding-authorities\BASearchModal\BASearchModal.tsx:25:41)
          at basenameProp (C:\Users\samhe\OneDrive\Desktop\Cleaned\frontend\nod
e_modules\react-router\lib\components.tsx:421:13)
          at basename (C:\Users\samhe\OneDrive\Desktop\Cleaned\frontend\node_mo
dules\react-router\lib\components.tsx:225:3)

      36 |         }
      37 |         debounceRef.current = setTimeout(() => {
    > 38 |             setLoading(true)
         |             ^
      39 |             getBindingAuthorities(query.trim())
      40 |                 .then(setResults)
      41 |                 .catch(() => setResults([]))

      at printWarning 
(node_modules/react-dom/cjs/react-dom.development.js:86:30)
      at error (node_modules/react-dom/cjs/react-dom.development.js:60:7)
      at warnIfUpdatesNotWrappedWithActDEV 
(node_modules/react-dom/cjs/react-dom.development.js:27628:9)
      at scheduleUpdateOnFiber 
(node_modules/react-dom/cjs/react-dom.development.js:25547:5)
      at dispatchSetState 
(node_modules/react-dom/cjs/react-dom.development.js:16708:7)
      at src/binding-authorities/BASearchModal/BASearchModal.tsx:38:13
      at callTimer 
(node_modules/@sinonjs/fake-timers/src/fake-timers-src.js:744:24)
      at doTickInner 
(node_modules/@sinonjs/fake-timers/src/fake-timers-src.js:1312:29)
      at doTick 
(node_modules/@sinonjs/fake-timers/src/fake-timers-src.js:1393:20)
      at Object.tick 
(node_modules/@sinonjs/fake-timers/src/fake-timers-src.js:1401:20)
      at FakeTimers.advanceTimersByTime 
(node_modules/@jest/fake-timers/build/modernFakeTimers.js:94:19)
      at Object.<anonymous> 
(src/binding-authorities/__tests__/binding-authorities.test.tsx:1568:14)

    console.error
      Warning: An update to BASearchModal inside a test was not wrapped in 
act(...).
      
      When testing, code that causes React state updates should be wrapped 
into act(...):
      
      act(() => {
        /* fire events that update state */
      });
      /* assert on the output */
      
      This ensures that you're testing the behavior the user would see in the 
browser. Learn more at https://reactjs.org/link/wrap-tests-with-act
          at BASearchModal (C:\Users\samhe\OneDrive\Desktop\Cleaned\frontend\sr
c\binding-authorities\BASearchModal\BASearchModal.tsx:25:41)
          at basenameProp (C:\Users\samhe\OneDrive\Desktop\Cleaned\frontend\nod
e_modules\react-router\lib\components.tsx:421:13)
          at basename (C:\Users\samhe\OneDrive\Desktop\Cleaned\frontend\node_mo
dules\react-router\lib\components.tsx:225:3)

      40 |                 .then(setResults)
      41 |                 .catch(() => setResults([]))
    > 42 |                 .finally(() => setLoading(false))
         |                                ^
      43 |         }, 300)
      44 |         return () => {
      45 |             if (debounceRef.current) 
clearTimeout(debounceRef.current)

      at printWarning 
(node_modules/react-dom/cjs/react-dom.development.js:86:30)
      at error (node_modules/react-dom/cjs/react-dom.development.js:60:7)
      at warnIfUpdatesNotWrappedWithActDEV 
(node_modules/react-dom/cjs/react-dom.development.js:27628:9)
      at scheduleUpdateOnFiber 
(node_modules/react-dom/cjs/react-dom.development.js:25547:5)
      at dispatchSetState 
(node_modules/react-dom/cjs/react-dom.development.js:16708:7)
      at src/binding-authorities/BASearchModal/BASearchModal.tsx:42:32

    console.error
      Warning: An update to BASearchModal inside a test was not wrapped in 
act(...).
      
      When testing, code that causes React state updates should be wrapped 
into act(...):
      
      act(() => {
        /* fire events that update state */
      });
      /* assert on the output */
      
      This ensures that you're testing the behavior the user would see in the 
browser. Learn more at https://reactjs.org/link/wrap-tests-with-act
          at BASearchModal (C:\Users\samhe\OneDrive\Desktop\Cleaned\frontend\sr
c\binding-authorities\BASearchModal\BASearchModal.tsx:25:41)
          at basenameProp (C:\Users\samhe\OneDrive\Desktop\Cleaned\frontend\nod
e_modules\react-router\lib\components.tsx:421:13)
          at basename (C:\Users\samhe\OneDrive\Desktop\Cleaned\frontend\node_mo
dules\react-router\lib\components.tsx:225:3)

      67 |                         type="text"
      68 |                         value={query}
    > 69 |                         onChange={(e) => setQuery(e.target.value)}
         |                                          ^
      70 |                         placeholder="Search by reference or 
coverholderÔÇª"
      71 |                         className="w-full border border-gray-300 
rounded pl-9 pr-9 py-2 text-sm"
      72 |                         autoFocus

      at printWarning 
(node_modules/react-dom/cjs/react-dom.development.js:86:30)
      at error (node_modules/react-dom/cjs/react-dom.development.js:60:7)
      at warnIfUpdatesNotWrappedWithActDEV 
(node_modules/react-dom/cjs/react-dom.development.js:27628:9)
      at scheduleUpdateOnFiber 
(node_modules/react-dom/cjs/react-dom.development.js:25547:5)
      at dispatchSetState 
(node_modules/react-dom/cjs/react-dom.development.js:16708:7)
      at onChange 
(src/binding-authorities/BASearchModal/BASearchModal.tsx:69:42)
      at HTMLUnknownElement.callCallback 
(node_modules/react-dom/cjs/react-dom.development.js:4164:14)
      at HTMLUnknownElement.callTheUserObjectsOperation 
(node_modules/jsdom/lib/jsdom/living/generated/EventListener.js:26:30)
      at innerInvokeEventListeners 
(node_modules/jsdom/lib/jsdom/living/events/EventTarget-impl.js:350:25)
      at invokeEventListeners 
(node_modules/jsdom/lib/jsdom/living/events/EventTarget-impl.js:286:3)
      at HTMLUnknownElementImpl._dispatch 
(node_modules/jsdom/lib/jsdom/living/events/EventTarget-impl.js:233:9)
      at HTMLUnknownElementImpl.dispatchEvent 
(node_modules/jsdom/lib/jsdom/living/events/EventTarget-impl.js:104:17)
      at HTMLUnknownElement.dispatchEvent 
(node_modules/jsdom/lib/jsdom/living/generated/EventTarget.js:241:34)
      at Object.invokeGuardedCallbackDev 
(node_modules/react-dom/cjs/react-dom.development.js:4213:16)
      at invokeGuardedCallback 
(node_modules/react-dom/cjs/react-dom.development.js:4277:31)
      at invokeGuardedCallbackAndCatchFirstError 
(node_modules/react-dom/cjs/react-dom.development.js:4291:25)
      at executeDispatch 
(node_modules/react-dom/cjs/react-dom.development.js:9041:3)
      at processDispatchQueueItemsInOrder 
(node_modules/react-dom/cjs/react-dom.development.js:9073:7)
      at processDispatchQueue 
(node_modules/react-dom/cjs/react-dom.development.js:9086:5)
      at dispatchEventsForPlugins 
(node_modules/react-dom/cjs/react-dom.development.js:9097:3)
      at node_modules/react-dom/cjs/react-dom.development.js:9288:12
      at batchedUpdates$1 
(node_modules/react-dom/cjs/react-dom.development.js:26179:12)
      at batchedUpdates 
(node_modules/react-dom/cjs/react-dom.development.js:3991:12)
      at dispatchEventForPluginEventSystem 
(node_modules/react-dom/cjs/react-dom.development.js:9287:3)
      at dispatchEventWithEnableCapturePhaseSelectiveHydrationWithoutDiscreteEv
entReplay (node_modules/react-dom/cjs/react-dom.development.js:6465:5)
      at dispatchEvent 
(node_modules/react-dom/cjs/react-dom.development.js:6457:5)
      at dispatchDiscreteEvent 
(node_modules/react-dom/cjs/react-dom.development.js:6430:5)
      at HTMLDivElement.callTheUserObjectsOperation 
(node_modules/jsdom/lib/jsdom/living/generated/EventListener.js:26:30)
      at innerInvokeEventListeners 
(node_modules/jsdom/lib/jsdom/living/events/EventTarget-impl.js:350:25)
      at invokeEventListeners 
(node_modules/jsdom/lib/jsdom/living/events/EventTarget-impl.js:286:3)
      at HTMLInputElementImpl._dispatch 
(node_modules/jsdom/lib/jsdom/living/events/EventTarget-impl.js:233:9)
      at HTMLInputElementImpl.dispatchEvent 
(node_modules/jsdom/lib/jsdom/living/events/EventTarget-impl.js:104:17)
      at HTMLInputElement.dispatchEvent 
(node_modules/jsdom/lib/jsdom/living/generated/EventTarget.js:241:34)
      at 
node_modules/@testing-library/user-event/dist/cjs/event/dispatchEvent.js:45:43
      at Object.eventWrapper 
(node_modules/@testing-library/dom/dist/config.js:25:23)
      at Object.wrapEvent 
(node_modules/@testing-library/user-event/dist/cjs/event/wrapEvent.js:6:28)
      at Object.dispatchEvent (node_modules/@testing-library/user-event/dist/cj
s/event/dispatchEvent.js:45:22)
      at Object.dispatchUIEvent (node_modules/@testing-library/user-event/dist/
cjs/event/dispatchEvent.js:22:26)
      at commitInput 
(node_modules/@testing-library/user-event/dist/cjs/event/input.js:145:14)
      at editInputElement 
(node_modules/@testing-library/user-event/dist/cjs/event/input.js:115:9)
      at Object.input 
(node_modules/@testing-library/user-event/dist/cjs/event/input.js:37:9)
      at node_modules/@testing-library/user-event/dist/cjs/event/behavior/keypr
ess.js:31:26
      at Object.dispatchEvent (node_modules/@testing-library/user-event/dist/cj
s/event/dispatchEvent.js:41:13)
      at Object.dispatchUIEvent (node_modules/@testing-library/user-event/dist/
cjs/event/dispatchEvent.js:22:26)
      at KeyboardHost.keydown 
(node_modules/@testing-library/user-event/dist/cjs/system/keyboard.js:76:22)
      at keyboardAction 
(node_modules/@testing-library/user-event/dist/cjs/keyboard/index.js:22:35)
      at Object.keyboard 
(node_modules/@testing-library/user-event/dist/cjs/keyboard/index.js:11:15)
      at Object.type 
(node_modules/@testing-library/user-event/dist/cjs/utility/type.js:17:5)
      at Object.<anonymous> 
(src/binding-authorities/__tests__/binding-authorities.test.tsx:1577:9)

    console.error
      Warning: An update to BASearchModal inside a test was not wrapped in 
act(...).
      
      When testing, code that causes React state updates should be wrapped 
into act(...):
      
      act(() => {
        /* fire events that update state */
      });
      /* assert on the output */
      
      This ensures that you're testing the behavior the user would see in the 
browser. Learn more at https://reactjs.org/link/wrap-tests-with-act
          at BASearchModal (C:\Users\samhe\OneDrive\Desktop\Cleaned\frontend\sr
c\binding-authorities\BASearchModal\BASearchModal.tsx:25:41)
          at basenameProp (C:\Users\samhe\OneDrive\Desktop\Cleaned\frontend\nod
e_modules\react-router\lib\components.tsx:421:13)
          at basename (C:\Users\samhe\OneDrive\Desktop\Cleaned\frontend\node_mo
dules\react-router\lib\components.tsx:225:3)

      67 |                         type="text"
      68 |                         value={query}
    > 69 |                         onChange={(e) => setQuery(e.target.value)}
         |                                          ^
      70 |                         placeholder="Search by reference or 
coverholderÔÇª"
      71 |                         className="w-full border border-gray-300 
rounded pl-9 pr-9 py-2 text-sm"
      72 |                         autoFocus

      at printWarning 
(node_modules/react-dom/cjs/react-dom.development.js:86:30)
      at error (node_modules/react-dom/cjs/react-dom.development.js:60:7)
      at warnIfUpdatesNotWrappedWithActDEV 
(node_modules/react-dom/cjs/react-dom.development.js:27628:9)
      at scheduleUpdateOnFiber 
(node_modules/react-dom/cjs/react-dom.development.js:25547:5)
      at dispatchSetState 
(node_modules/react-dom/cjs/react-dom.development.js:16708:7)
      at onChange 
(src/binding-authorities/BASearchModal/BASearchModal.tsx:69:42)
      at HTMLUnknownElement.callCallback 
(node_modules/react-dom/cjs/react-dom.development.js:4164:14)
      at HTMLUnknownElement.callTheUserObjectsOperation 
(node_modules/jsdom/lib/jsdom/living/generated/EventListener.js:26:30)
      at innerInvokeEventListeners 
(node_modules/jsdom/lib/jsdom/living/events/EventTarget-impl.js:350:25)
      at invokeEventListeners 
(node_modules/jsdom/lib/jsdom/living/events/EventTarget-impl.js:286:3)
      at HTMLUnknownElementImpl._dispatch 
(node_modules/jsdom/lib/jsdom/living/events/EventTarget-impl.js:233:9)
      at HTMLUnknownElementImpl.dispatchEvent 
(node_modules/jsdom/lib/jsdom/living/events/EventTarget-impl.js:104:17)
      at HTMLUnknownElement.dispatchEvent 
(node_modules/jsdom/lib/jsdom/living/generated/EventTarget.js:241:34)
      at Object.invokeGuardedCallbackDev 
(node_modules/react-dom/cjs/react-dom.development.js:4213:16)
      at invokeGuardedCallback 
(node_modules/react-dom/cjs/react-dom.development.js:4277:31)
      at invokeGuardedCallbackAndCatchFirstError 
(node_modules/react-dom/cjs/react-dom.development.js:4291:25)
      at executeDispatch 
(node_modules/react-dom/cjs/react-dom.development.js:9041:3)
      at processDispatchQueueItemsInOrder 
(node_modules/react-dom/cjs/react-dom.development.js:9073:7)
      at processDispatchQueue 
(node_modules/react-dom/cjs/react-dom.development.js:9086:5)
      at dispatchEventsForPlugins 
(node_modules/react-dom/cjs/react-dom.development.js:9097:3)
      at node_modules/react-dom/cjs/react-dom.development.js:9288:12
      at batchedUpdates$1 
(node_modules/react-dom/cjs/react-dom.development.js:26179:12)
      at batchedUpdates 
(node_modules/react-dom/cjs/react-dom.development.js:3991:12)
      at dispatchEventForPluginEventSystem 
(node_modules/react-dom/cjs/react-dom.development.js:9287:3)
      at dispatchEventWithEnableCapturePhaseSelectiveHydrationWithoutDiscreteEv
entReplay (node_modules/react-dom/cjs/react-dom.development.js:6465:5)
      at dispatchEvent 
(node_modules/react-dom/cjs/react-dom.development.js:6457:5)
      at dispatchDiscreteEvent 
(node_modules/react-dom/cjs/react-dom.development.js:6430:5)
      at HTMLDivElement.callTheUserObjectsOperation 
(node_modules/jsdom/lib/jsdom/living/generated/EventListener.js:26:30)
      at innerInvokeEventListeners 
(node_modules/jsdom/lib/jsdom/living/events/EventTarget-impl.js:350:25)
      at invokeEventListeners 
(node_modules/jsdom/lib/jsdom/living/events/EventTarget-impl.js:286:3)
      at HTMLInputElementImpl._dispatch 
(node_modules/jsdom/lib/jsdom/living/events/EventTarget-impl.js:233:9)
      at HTMLInputElementImpl.dispatchEvent 
(node_modules/jsdom/lib/jsdom/living/events/EventTarget-impl.js:104:17)
      at HTMLInputElement.dispatchEvent 
(node_modules/jsdom/lib/jsdom/living/generated/EventTarget.js:241:34)
      at 
node_modules/@testing-library/user-event/dist/cjs/event/dispatchEvent.js:45:43
      at Object.eventWrapper 
(node_modules/@testing-library/dom/dist/config.js:25:23)
      at Object.wrapEvent 
(node_modules/@testing-library/user-event/dist/cjs/event/wrapEvent.js:6:28)
      at Object.dispatchEvent (node_modules/@testing-library/user-event/dist/cj
s/event/dispatchEvent.js:45:22)
      at Object.dispatchUIEvent (node_modules/@testing-library/user-event/dist/
cjs/event/dispatchEvent.js:22:26)
      at commitInput 
(node_modules/@testing-library/user-event/dist/cjs/event/input.js:145:14)
      at editInputElement 
(node_modules/@testing-library/user-event/dist/cjs/event/input.js:115:9)
      at Object.input 
(node_modules/@testing-library/user-event/dist/cjs/event/input.js:37:9)
      at node_modules/@testing-library/user-event/dist/cjs/event/behavior/keypr
ess.js:31:26
      at Object.dispatchEvent (node_modules/@testing-library/user-event/dist/cj
s/event/dispatchEvent.js:41:13)
      at Object.dispatchUIEvent (node_modules/@testing-library/user-event/dist/
cjs/event/dispatchEvent.js:22:26)
      at KeyboardHost.keydown 
(node_modules/@testing-library/user-event/dist/cjs/system/keyboard.js:76:22)
      at keyboardAction 
(node_modules/@testing-library/user-event/dist/cjs/keyboard/index.js:22:35)
      at Object.keyboard 
(node_modules/@testing-library/user-event/dist/cjs/keyboard/index.js:11:15)
      at Object.type 
(node_modules/@testing-library/user-event/dist/cjs/utility/type.js:17:5)
      at Object.<anonymous> 
(src/binding-authorities/__tests__/binding-authorities.test.tsx:1577:9)

    console.error
      Warning: An update to BASearchModal inside a test was not wrapped in 
act(...).
      
      When testing, code that causes React state updates should be wrapped 
into act(...):
      
      act(() => {
        /* fire events that update state */
      });
      /* assert on the output */
      
      This ensures that you're testing the behavior the user would see in the 
browser. Learn more at https://reactjs.org/link/wrap-tests-with-act
          at BASearchModal (C:\Users\samhe\OneDrive\Desktop\Cleaned\frontend\sr
c\binding-authorities\BASearchModal\BASearchModal.tsx:25:41)
          at basenameProp (C:\Users\samhe\OneDrive\Desktop\Cleaned\frontend\nod
e_modules\react-router\lib\components.tsx:421:13)
          at basename (C:\Users\samhe\OneDrive\Desktop\Cleaned\frontend\node_mo
dules\react-router\lib\components.tsx:225:3)

      36 |         }
      37 |         debounceRef.current = setTimeout(() => {
    > 38 |             setLoading(true)
         |             ^
      39 |             getBindingAuthorities(query.trim())
      40 |                 .then(setResults)
      41 |                 .catch(() => setResults([]))

      at printWarning 
(node_modules/react-dom/cjs/react-dom.development.js:86:30)
      at error (node_modules/react-dom/cjs/react-dom.development.js:60:7)
      at warnIfUpdatesNotWrappedWithActDEV 
(node_modules/react-dom/cjs/react-dom.development.js:27628:9)
      at scheduleUpdateOnFiber 
(node_modules/react-dom/cjs/react-dom.development.js:25547:5)
      at dispatchSetState 
(node_modules/react-dom/cjs/react-dom.development.js:16708:7)
      at src/binding-authorities/BASearchModal/BASearchModal.tsx:38:13
      at callTimer 
(node_modules/@sinonjs/fake-timers/src/fake-timers-src.js:744:24)
      at doTickInner 
(node_modules/@sinonjs/fake-timers/src/fake-timers-src.js:1312:29)
      at doTick 
(node_modules/@sinonjs/fake-timers/src/fake-timers-src.js:1393:20)
      at Object.tick 
(node_modules/@sinonjs/fake-timers/src/fake-timers-src.js:1401:20)
      at FakeTimers.advanceTimersByTime 
(node_modules/@jest/fake-timers/build/modernFakeTimers.js:94:19)
      at Object.<anonymous> 
(src/binding-authorities/__tests__/binding-authorities.test.tsx:1578:14)

    console.error
      Warning: An update to BASearchModal inside a test was not wrapped in 
act(...).
      
      When testing, code that causes React state updates should be wrapped 
into act(...):
      
      act(() => {
        /* fire events that update state */
      });
      /* assert on the output */
      
      This ensures that you're testing the behavior the user would see in the 
browser. Learn more at https://reactjs.org/link/wrap-tests-with-act
          at BASearchModal (C:\Users\samhe\OneDrive\Desktop\Cleaned\frontend\sr
c\binding-authorities\BASearchModal\BASearchModal.tsx:25:41)
          at basenameProp (C:\Users\samhe\OneDrive\Desktop\Cleaned\frontend\nod
e_modules\react-router\lib\components.tsx:421:13)
          at basename (C:\Users\samhe\OneDrive\Desktop\Cleaned\frontend\node_mo
dules\react-router\lib\components.tsx:225:3)

      67 |                         type="text"
      68 |                         value={query}
    > 69 |                         onChange={(e) => setQuery(e.target.value)}
         |                                          ^
      70 |                         placeholder="Search by reference or 
coverholderÔÇª"
      71 |                         className="w-full border border-gray-300 
rounded pl-9 pr-9 py-2 text-sm"
      72 |                         autoFocus

      at printWarning 
(node_modules/react-dom/cjs/react-dom.development.js:86:30)
      at error (node_modules/react-dom/cjs/react-dom.development.js:60:7)
      at warnIfUpdatesNotWrappedWithActDEV 
(node_modules/react-dom/cjs/react-dom.development.js:27628:9)
      at scheduleUpdateOnFiber 
(node_modules/react-dom/cjs/react-dom.development.js:25547:5)
      at dispatchSetState 
(node_modules/react-dom/cjs/react-dom.development.js:16708:7)
      at onChange 
(src/binding-authorities/BASearchModal/BASearchModal.tsx:69:42)
      at HTMLUnknownElement.callCallback 
(node_modules/react-dom/cjs/react-dom.development.js:4164:14)
      at HTMLUnknownElement.callTheUserObjectsOperation 
(node_modules/jsdom/lib/jsdom/living/generated/EventListener.js:26:30)
      at innerInvokeEventListeners 
(node_modules/jsdom/lib/jsdom/living/events/EventTarget-impl.js:350:25)
      at invokeEventListeners 
(node_modules/jsdom/lib/jsdom/living/events/EventTarget-impl.js:286:3)
      at HTMLUnknownElementImpl._dispatch 
(node_modules/jsdom/lib/jsdom/living/events/EventTarget-impl.js:233:9)
      at HTMLUnknownElementImpl.dispatchEvent 
(node_modules/jsdom/lib/jsdom/living/events/EventTarget-impl.js:104:17)
      at HTMLUnknownElement.dispatchEvent 
(node_modules/jsdom/lib/jsdom/living/generated/EventTarget.js:241:34)
      at Object.invokeGuardedCallbackDev 
(node_modules/react-dom/cjs/react-dom.development.js:4213:16)
      at invokeGuardedCallback 
(node_modules/react-dom/cjs/react-dom.development.js:4277:31)
      at invokeGuardedCallbackAndCatchFirstError 
(node_modules/react-dom/cjs/react-dom.development.js:4291:25)
      at executeDispatch 
(node_modules/react-dom/cjs/react-dom.development.js:9041:3)
      at processDispatchQueueItemsInOrder 
(node_modules/react-dom/cjs/react-dom.development.js:9073:7)
      at processDispatchQueue 
(node_modules/react-dom/cjs/react-dom.development.js:9086:5)
      at dispatchEventsForPlugins 
(node_modules/react-dom/cjs/react-dom.development.js:9097:3)
      at node_modules/react-dom/cjs/react-dom.development.js:9288:12
      at batchedUpdates$1 
(node_modules/react-dom/cjs/react-dom.development.js:26179:12)
      at batchedUpdates 
(node_modules/react-dom/cjs/react-dom.development.js:3991:12)
      at dispatchEventForPluginEventSystem 
(node_modules/react-dom/cjs/react-dom.development.js:9287:3)
      at dispatchEventWithEnableCapturePhaseSelectiveHydrationWithoutDiscreteEv
entReplay (node_modules/react-dom/cjs/react-dom.development.js:6465:5)
      at dispatchEvent 
(node_modules/react-dom/cjs/react-dom.development.js:6457:5)
      at dispatchDiscreteEvent 
(node_modules/react-dom/cjs/react-dom.development.js:6430:5)
      at HTMLDivElement.callTheUserObjectsOperation 
(node_modules/jsdom/lib/jsdom/living/generated/EventListener.js:26:30)
      at innerInvokeEventListeners 
(node_modules/jsdom/lib/jsdom/living/events/EventTarget-impl.js:350:25)
      at invokeEventListeners 
(node_modules/jsdom/lib/jsdom/living/events/EventTarget-impl.js:286:3)
      at HTMLInputElementImpl._dispatch 
(node_modules/jsdom/lib/jsdom/living/events/EventTarget-impl.js:233:9)
      at HTMLInputElementImpl.dispatchEvent 
(node_modules/jsdom/lib/jsdom/living/events/EventTarget-impl.js:104:17)
      at HTMLInputElement.dispatchEvent 
(node_modules/jsdom/lib/jsdom/living/generated/EventTarget.js:241:34)
      at 
node_modules/@testing-library/user-event/dist/cjs/event/dispatchEvent.js:45:43
      at Object.eventWrapper 
(node_modules/@testing-library/dom/dist/config.js:25:23)
      at Object.wrapEvent 
(node_modules/@testing-library/user-event/dist/cjs/event/wrapEvent.js:6:28)
      at Object.dispatchEvent (node_modules/@testing-library/user-event/dist/cj
s/event/dispatchEvent.js:45:22)
      at Object.dispatchUIEvent (node_modules/@testing-library/user-event/dist/
cjs/event/dispatchEvent.js:22:26)
      at commitInput 
(node_modules/@testing-library/user-event/dist/cjs/event/input.js:145:14)
      at editInputElement 
(node_modules/@testing-library/user-event/dist/cjs/event/input.js:115:9)
      at Object.input 
(node_modules/@testing-library/user-event/dist/cjs/event/input.js:37:9)
      at node_modules/@testing-library/user-event/dist/cjs/event/behavior/keypr
ess.js:31:26
      at Object.dispatchEvent (node_modules/@testing-library/user-event/dist/cj
s/event/dispatchEvent.js:41:13)
      at Object.dispatchUIEvent (node_modules/@testing-library/user-event/dist/
cjs/event/dispatchEvent.js:22:26)
      at KeyboardHost.keydown 
(node_modules/@testing-library/user-event/dist/cjs/system/keyboard.js:76:22)
      at keyboardAction 
(node_modules/@testing-library/user-event/dist/cjs/keyboard/index.js:22:35)
      at Object.keyboard 
(node_modules/@testing-library/user-event/dist/cjs/keyboard/index.js:11:15)
      at Object.type 
(node_modules/@testing-library/user-event/dist/cjs/utility/type.js:17:5)
      at Object.<anonymous> 
(src/binding-authorities/__tests__/binding-authorities.test.tsx:1589:9)

    console.error
      Warning: An update to BASearchModal inside a test was not wrapped in 
act(...).
      
      When testing, code that causes React state updates should be wrapped 
into act(...):
      
      act(() => {
        /* fire events that update state */
      });
      /* assert on the output */
      
      This ensures that you're testing the behavior the user would see in the 
browser. Learn more at https://reactjs.org/link/wrap-tests-with-act
          at BASearchModal (C:\Users\samhe\OneDrive\Desktop\Cleaned\frontend\sr
c\binding-authorities\BASearchModal\BASearchModal.tsx:25:41)
          at basenameProp (C:\Users\samhe\OneDrive\Desktop\Cleaned\frontend\nod
e_modules\react-router\lib\components.tsx:421:13)
          at basename (C:\Users\samhe\OneDrive\Desktop\Cleaned\frontend\node_mo
dules\react-router\lib\components.tsx:225:3)

      67 |                         type="text"
      68 |                         value={query}
    > 69 |                         onChange={(e) => setQuery(e.target.value)}
         |                                          ^
      70 |                         placeholder="Search by reference or 
coverholderÔÇª"
      71 |                         className="w-full border border-gray-300 
rounded pl-9 pr-9 py-2 text-sm"
      72 |                         autoFocus

      at printWarning 
(node_modules/react-dom/cjs/react-dom.development.js:86:30)
      at error (node_modules/react-dom/cjs/react-dom.development.js:60:7)
      at warnIfUpdatesNotWrappedWithActDEV 
(node_modules/react-dom/cjs/react-dom.development.js:27628:9)
      at scheduleUpdateOnFiber 
(node_modules/react-dom/cjs/react-dom.development.js:25547:5)
      at dispatchSetState 
(node_modules/react-dom/cjs/react-dom.development.js:16708:7)
      at onChange 
(src/binding-authorities/BASearchModal/BASearchModal.tsx:69:42)
      at HTMLUnknownElement.callCallback 
(node_modules/react-dom/cjs/react-dom.development.js:4164:14)
      at HTMLUnknownElement.callTheUserObjectsOperation 
(node_modules/jsdom/lib/jsdom/living/generated/EventListener.js:26:30)
      at innerInvokeEventListeners 
(node_modules/jsdom/lib/jsdom/living/events/EventTarget-impl.js:350:25)
      at invokeEventListeners 
(node_modules/jsdom/lib/jsdom/living/events/EventTarget-impl.js:286:3)
      at HTMLUnknownElementImpl._dispatch 
(node_modules/jsdom/lib/jsdom/living/events/EventTarget-impl.js:233:9)
      at HTMLUnknownElementImpl.dispatchEvent 
(node_modules/jsdom/lib/jsdom/living/events/EventTarget-impl.js:104:17)
      at HTMLUnknownElement.dispatchEvent 
(node_modules/jsdom/lib/jsdom/living/generated/EventTarget.js:241:34)
      at Object.invokeGuardedCallbackDev 
(node_modules/react-dom/cjs/react-dom.development.js:4213:16)
      at invokeGuardedCallback 
(node_modules/react-dom/cjs/react-dom.development.js:4277:31)
      at invokeGuardedCallbackAndCatchFirstError 
(node_modules/react-dom/cjs/react-dom.development.js:4291:25)
      at executeDispatch 
(node_modules/react-dom/cjs/react-dom.development.js:9041:3)
      at processDispatchQueueItemsInOrder 
(node_modules/react-dom/cjs/react-dom.development.js:9073:7)
      at processDispatchQueue 
(node_modules/react-dom/cjs/react-dom.development.js:9086:5)
      at dispatchEventsForPlugins 
(node_modules/react-dom/cjs/react-dom.development.js:9097:3)
      at node_modules/react-dom/cjs/react-dom.development.js:9288:12
      at batchedUpdates$1 
(node_modules/react-dom/cjs/react-dom.development.js:26179:12)
      at batchedUpdates 
(node_modules/react-dom/cjs/react-dom.development.js:3991:12)
      at dispatchEventForPluginEventSystem 
(node_modules/react-dom/cjs/react-dom.development.js:9287:3)
      at dispatchEventWithEnableCapturePhaseSelectiveHydrationWithoutDiscreteEv
entReplay (node_modules/react-dom/cjs/react-dom.development.js:6465:5)
      at dispatchEvent 
(node_modules/react-dom/cjs/react-dom.development.js:6457:5)
      at dispatchDiscreteEvent 
(node_modules/react-dom/cjs/react-dom.development.js:6430:5)
      at HTMLDivElement.callTheUserObjectsOperation 
(node_modules/jsdom/lib/jsdom/living/generated/EventListener.js:26:30)
      at innerInvokeEventListeners 
(node_modules/jsdom/lib/jsdom/living/events/EventTarget-impl.js:350:25)
      at invokeEventListeners 
(node_modules/jsdom/lib/jsdom/living/events/EventTarget-impl.js:286:3)
      at HTMLInputElementImpl._dispatch 
(node_modules/jsdom/lib/jsdom/living/events/EventTarget-impl.js:233:9)
      at HTMLInputElementImpl.dispatchEvent 
(node_modules/jsdom/lib/jsdom/living/events/EventTarget-impl.js:104:17)
      at HTMLInputElement.dispatchEvent 
(node_modules/jsdom/lib/jsdom/living/generated/EventTarget.js:241:34)
      at 
node_modules/@testing-library/user-event/dist/cjs/event/dispatchEvent.js:45:43
      at Object.eventWrapper 
(node_modules/@testing-library/dom/dist/config.js:25:23)
      at Object.wrapEvent 
(node_modules/@testing-library/user-event/dist/cjs/event/wrapEvent.js:6:28)
      at Object.dispatchEvent (node_modules/@testing-library/user-event/dist/cj
s/event/dispatchEvent.js:45:22)
      at Object.dispatchUIEvent (node_modules/@testing-library/user-event/dist/
cjs/event/dispatchEvent.js:22:26)
      at commitInput 
(node_modules/@testing-library/user-event/dist/cjs/event/input.js:145:14)
      at editInputElement 
(node_modules/@testing-library/user-event/dist/cjs/event/input.js:115:9)
      at Object.input 
(node_modules/@testing-library/user-event/dist/cjs/event/input.js:37:9)
      at node_modules/@testing-library/user-event/dist/cjs/event/behavior/keypr
ess.js:31:26
      at Object.dispatchEvent (node_modules/@testing-library/user-event/dist/cj
s/event/dispatchEvent.js:41:13)
      at Object.dispatchUIEvent (node_modules/@testing-library/user-event/dist/
cjs/event/dispatchEvent.js:22:26)
      at KeyboardHost.keydown 
(node_modules/@testing-library/user-event/dist/cjs/system/keyboard.js:76:22)
      at keyboardAction 
(node_modules/@testing-library/user-event/dist/cjs/keyboard/index.js:22:35)
      at Object.keyboard 
(node_modules/@testing-library/user-event/dist/cjs/keyboard/index.js:11:15)
      at Object.type 
(node_modules/@testing-library/user-event/dist/cjs/utility/type.js:17:5)
      at Object.<anonymous> 
(src/binding-authorities/__tests__/binding-authorities.test.tsx:1589:9)

    console.error
      Warning: An update to BASearchModal inside a test was not wrapped in 
act(...).
      
      When testing, code that causes React state updates should be wrapped 
into act(...):
      
      act(() => {
        /* fire events that update state */
      });
      /* assert on the output */
      
      This ensures that you're testing the behavior the user would see in the 
browser. Learn more at https://reactjs.org/link/wrap-tests-with-act
          at BASearchModal (C:\Users\samhe\OneDrive\Desktop\Cleaned\frontend\sr
c\binding-authorities\BASearchModal\BASearchModal.tsx:25:41)
          at basenameProp (C:\Users\samhe\OneDrive\Desktop\Cleaned\frontend\nod
e_modules\react-router\lib\components.tsx:421:13)
          at basename (C:\Users\samhe\OneDrive\Desktop\Cleaned\frontend\node_mo
dules\react-router\lib\components.tsx:225:3)

      67 |                         type="text"
      68 |                         value={query}
    > 69 |                         onChange={(e) => setQuery(e.target.value)}
         |                                          ^
      70 |                         placeholder="Search by reference or 
coverholderÔÇª"
      71 |                         className="w-full border border-gray-300 
rounded pl-9 pr-9 py-2 text-sm"
      72 |                         autoFocus

      at printWarning 
(node_modules/react-dom/cjs/react-dom.development.js:86:30)
      at error (node_modules/react-dom/cjs/react-dom.development.js:60:7)
      at warnIfUpdatesNotWrappedWithActDEV 
(node_modules/react-dom/cjs/react-dom.development.js:27628:9)
      at scheduleUpdateOnFiber 
(node_modules/react-dom/cjs/react-dom.development.js:25547:5)
      at dispatchSetState 
(node_modules/react-dom/cjs/react-dom.development.js:16708:7)
      at onChange 
(src/binding-authorities/BASearchModal/BASearchModal.tsx:69:42)
      at HTMLUnknownElement.callCallback 
(node_modules/react-dom/cjs/react-dom.development.js:4164:14)
      at HTMLUnknownElement.callTheUserObjectsOperation 
(node_modules/jsdom/lib/jsdom/living/generated/EventListener.js:26:30)
      at innerInvokeEventListeners 
(node_modules/jsdom/lib/jsdom/living/events/EventTarget-impl.js:350:25)
      at invokeEventListeners 
(node_modules/jsdom/lib/jsdom/living/events/EventTarget-impl.js:286:3)
      at HTMLUnknownElementImpl._dispatch 
(node_modules/jsdom/lib/jsdom/living/events/EventTarget-impl.js:233:9)
      at HTMLUnknownElementImpl.dispatchEvent 
(node_modules/jsdom/lib/jsdom/living/events/EventTarget-impl.js:104:17)
      at HTMLUnknownElement.dispatchEvent 
(node_modules/jsdom/lib/jsdom/living/generated/EventTarget.js:241:34)
      at Object.invokeGuardedCallbackDev 
(node_modules/react-dom/cjs/react-dom.development.js:4213:16)
      at invokeGuardedCallback 
(node_modules/react-dom/cjs/react-dom.development.js:4277:31)
      at invokeGuardedCallbackAndCatchFirstError 
(node_modules/react-dom/cjs/react-dom.development.js:4291:25)
      at executeDispatch 
(node_modules/react-dom/cjs/react-dom.development.js:9041:3)
      at processDispatchQueueItemsInOrder 
(node_modules/react-dom/cjs/react-dom.development.js:9073:7)
      at processDispatchQueue 
(node_modules/react-dom/cjs/react-dom.development.js:9086:5)
      at dispatchEventsForPlugins 
(node_modules/react-dom/cjs/react-dom.development.js:9097:3)
      at node_modules/react-dom/cjs/react-dom.development.js:9288:12
      at batchedUpdates$1 
(node_modules/react-dom/cjs/react-dom.development.js:26179:12)
      at batchedUpdates 
(node_modules/react-dom/cjs/react-dom.development.js:3991:12)
      at dispatchEventForPluginEventSystem 
(node_modules/react-dom/cjs/react-dom.development.js:9287:3)
      at dispatchEventWithEnableCapturePhaseSelectiveHydrationWithoutDiscreteEv
entReplay (node_modules/react-dom/cjs/react-dom.development.js:6465:5)
      at dispatchEvent 
(node_modules/react-dom/cjs/react-dom.development.js:6457:5)
      at dispatchDiscreteEvent 
(node_modules/react-dom/cjs/react-dom.development.js:6430:5)
      at HTMLDivElement.callTheUserObjectsOperation 
(node_modules/jsdom/lib/jsdom/living/generated/EventListener.js:26:30)
      at innerInvokeEventListeners 
(node_modules/jsdom/lib/jsdom/living/events/EventTarget-impl.js:350:25)
      at invokeEventListeners 
(node_modules/jsdom/lib/jsdom/living/events/EventTarget-impl.js:286:3)
      at HTMLInputElementImpl._dispatch 
(node_modules/jsdom/lib/jsdom/living/events/EventTarget-impl.js:233:9)
      at HTMLInputElementImpl.dispatchEvent 
(node_modules/jsdom/lib/jsdom/living/events/EventTarget-impl.js:104:17)
      at HTMLInputElement.dispatchEvent 
(node_modules/jsdom/lib/jsdom/living/generated/EventTarget.js:241:34)
      at 
node_modules/@testing-library/user-event/dist/cjs/event/dispatchEvent.js:45:43
      at Object.eventWrapper 
(node_modules/@testing-library/dom/dist/config.js:25:23)
      at Object.wrapEvent 
(node_modules/@testing-library/user-event/dist/cjs/event/wrapEvent.js:6:28)
      at Object.dispatchEvent (node_modules/@testing-library/user-event/dist/cj
s/event/dispatchEvent.js:45:22)
      at Object.dispatchUIEvent (node_modules/@testing-library/user-event/dist/
cjs/event/dispatchEvent.js:22:26)
      at commitInput 
(node_modules/@testing-library/user-event/dist/cjs/event/input.js:145:14)
      at editInputElement 
(node_modules/@testing-library/user-event/dist/cjs/event/input.js:115:9)
      at Object.input 
(node_modules/@testing-library/user-event/dist/cjs/event/input.js:37:9)
      at node_modules/@testing-library/user-event/dist/cjs/event/behavior/keypr
ess.js:31:26
      at Object.dispatchEvent (node_modules/@testing-library/user-event/dist/cj
s/event/dispatchEvent.js:41:13)
      at Object.dispatchUIEvent (node_modules/@testing-library/user-event/dist/
cjs/event/dispatchEvent.js:22:26)
      at KeyboardHost.keydown 
(node_modules/@testing-library/user-event/dist/cjs/system/keyboard.js:76:22)
      at keyboardAction 
(node_modules/@testing-library/user-event/dist/cjs/keyboard/index.js:22:35)
      at Object.keyboard 
(node_modules/@testing-library/user-event/dist/cjs/keyboard/index.js:11:15)
      at Object.type 
(node_modules/@testing-library/user-event/dist/cjs/utility/type.js:17:5)
      at Object.<anonymous> 
(src/binding-authorities/__tests__/binding-authorities.test.tsx:1600:9)

    console.error
      Warning: An update to BASearchModal inside a test was not wrapped in 
act(...).
      
      When testing, code that causes React state updates should be wrapped 
into act(...):
      
      act(() => {
        /* fire events that update state */
      });
      /* assert on the output */
      
      This ensures that you're testing the behavior the user would see in the 
browser. Learn more at https://reactjs.org/link/wrap-tests-with-act
          at BASearchModal (C:\Users\samhe\OneDrive\Desktop\Cleaned\frontend\sr
c\binding-authorities\BASearchModal\BASearchModal.tsx:25:41)
          at basenameProp (C:\Users\samhe\OneDrive\Desktop\Cleaned\frontend\nod
e_modules\react-router\lib\components.tsx:421:13)
          at basename (C:\Users\samhe\OneDrive\Desktop\Cleaned\frontend\node_mo
dules\react-router\lib\components.tsx:225:3)

      67 |                         type="text"
      68 |                         value={query}
    > 69 |                         onChange={(e) => setQuery(e.target.value)}
         |                                          ^
      70 |                         placeholder="Search by reference or 
coverholderÔÇª"
      71 |                         className="w-full border border-gray-300 
rounded pl-9 pr-9 py-2 text-sm"
      72 |                         autoFocus

      at printWarning 
(node_modules/react-dom/cjs/react-dom.development.js:86:30)
      at error (node_modules/react-dom/cjs/react-dom.development.js:60:7)
      at warnIfUpdatesNotWrappedWithActDEV 
(node_modules/react-dom/cjs/react-dom.development.js:27628:9)
      at scheduleUpdateOnFiber 
(node_modules/react-dom/cjs/react-dom.development.js:25547:5)
      at dispatchSetState 
(node_modules/react-dom/cjs/react-dom.development.js:16708:7)
      at onChange 
(src/binding-authorities/BASearchModal/BASearchModal.tsx:69:42)
      at HTMLUnknownElement.callCallback 
(node_modules/react-dom/cjs/react-dom.development.js:4164:14)
      at HTMLUnknownElement.callTheUserObjectsOperation 
(node_modules/jsdom/lib/jsdom/living/generated/EventListener.js:26:30)
      at innerInvokeEventListeners 
(node_modules/jsdom/lib/jsdom/living/events/EventTarget-impl.js:350:25)
      at invokeEventListeners 
(node_modules/jsdom/lib/jsdom/living/events/EventTarget-impl.js:286:3)
      at HTMLUnknownElementImpl._dispatch 
(node_modules/jsdom/lib/jsdom/living/events/EventTarget-impl.js:233:9)
      at HTMLUnknownElementImpl.dispatchEvent 
(node_modules/jsdom/lib/jsdom/living/events/EventTarget-impl.js:104:17)
      at HTMLUnknownElement.dispatchEvent 
(node_modules/jsdom/lib/jsdom/living/generated/EventTarget.js:241:34)
      at Object.invokeGuardedCallbackDev 
(node_modules/react-dom/cjs/react-dom.development.js:4213:16)
      at invokeGuardedCallback 
(node_modules/react-dom/cjs/react-dom.development.js:4277:31)
      at invokeGuardedCallbackAndCatchFirstError 
(node_modules/react-dom/cjs/react-dom.development.js:4291:25)
      at executeDispatch 
(node_modules/react-dom/cjs/react-dom.development.js:9041:3)
      at processDispatchQueueItemsInOrder 
(node_modules/react-dom/cjs/react-dom.development.js:9073:7)
      at processDispatchQueue 
(node_modules/react-dom/cjs/react-dom.development.js:9086:5)
      at dispatchEventsForPlugins 
(node_modules/react-dom/cjs/react-dom.development.js:9097:3)
      at node_modules/react-dom/cjs/react-dom.development.js:9288:12
      at batchedUpdates$1 
(node_modules/react-dom/cjs/react-dom.development.js:26179:12)
      at batchedUpdates 
(node_modules/react-dom/cjs/react-dom.development.js:3991:12)
      at dispatchEventForPluginEventSystem 
(node_modules/react-dom/cjs/react-dom.development.js:9287:3)
      at dispatchEventWithEnableCapturePhaseSelectiveHydrationWithoutDiscreteEv
entReplay (node_modules/react-dom/cjs/react-dom.development.js:6465:5)
      at dispatchEvent 
(node_modules/react-dom/cjs/react-dom.development.js:6457:5)
      at dispatchDiscreteEvent 
(node_modules/react-dom/cjs/react-dom.development.js:6430:5)
      at HTMLDivElement.callTheUserObjectsOperation 
(node_modules/jsdom/lib/jsdom/living/generated/EventListener.js:26:30)
      at innerInvokeEventListeners 
(node_modules/jsdom/lib/jsdom/living/events/EventTarget-impl.js:350:25)
      at invokeEventListeners 
(node_modules/jsdom/lib/jsdom/living/events/EventTarget-impl.js:286:3)
      at HTMLInputElementImpl._dispatch 
(node_modules/jsdom/lib/jsdom/living/events/EventTarget-impl.js:233:9)
      at HTMLInputElementImpl.dispatchEvent 
(node_modules/jsdom/lib/jsdom/living/events/EventTarget-impl.js:104:17)
      at HTMLInputElement.dispatchEvent 
(node_modules/jsdom/lib/jsdom/living/generated/EventTarget.js:241:34)
      at 
node_modules/@testing-library/user-event/dist/cjs/event/dispatchEvent.js:45:43
      at Object.eventWrapper 
(node_modules/@testing-library/dom/dist/config.js:25:23)
      at Object.wrapEvent 
(node_modules/@testing-library/user-event/dist/cjs/event/wrapEvent.js:6:28)
      at Object.dispatchEvent (node_modules/@testing-library/user-event/dist/cj
s/event/dispatchEvent.js:45:22)
      at Object.dispatchUIEvent (node_modules/@testing-library/user-event/dist/
cjs/event/dispatchEvent.js:22:26)
      at commitInput 
(node_modules/@testing-library/user-event/dist/cjs/event/input.js:145:14)
      at editInputElement 
(node_modules/@testing-library/user-event/dist/cjs/event/input.js:115:9)
      at Object.input 
(node_modules/@testing-library/user-event/dist/cjs/event/input.js:37:9)
      at node_modules/@testing-library/user-event/dist/cjs/event/behavior/keypr
ess.js:31:26
      at Object.dispatchEvent (node_modules/@testing-library/user-event/dist/cj
s/event/dispatchEvent.js:41:13)
      at Object.dispatchUIEvent (node_modules/@testing-library/user-event/dist/
cjs/event/dispatchEvent.js:22:26)
      at KeyboardHost.keydown 
(node_modules/@testing-library/user-event/dist/cjs/system/keyboard.js:76:22)
      at keyboardAction 
(node_modules/@testing-library/user-event/dist/cjs/keyboard/index.js:22:35)
      at Object.keyboard 
(node_modules/@testing-library/user-event/dist/cjs/keyboard/index.js:11:15)
      at Object.type 
(node_modules/@testing-library/user-event/dist/cjs/utility/type.js:17:5)
      at Object.<anonymous> 
(src/binding-authorities/__tests__/binding-authorities.test.tsx:1600:9)

    console.error
      Warning: An update to BASearchModal inside a test was not wrapped in 
act(...).
      
      When testing, code that causes React state updates should be wrapped 
into act(...):
      
      act(() => {
        /* fire events that update state */
      });
      /* assert on the output */
      
      This ensures that you're testing the behavior the user would see in the 
browser. Learn more at https://reactjs.org/link/wrap-tests-with-act
          at BASearchModal (C:\Users\samhe\OneDrive\Desktop\Cleaned\frontend\sr
c\binding-authorities\BASearchModal\BASearchModal.tsx:25:41)
          at basenameProp (C:\Users\samhe\OneDrive\Desktop\Cleaned\frontend\nod
e_modules\react-router\lib\components.tsx:421:13)
          at basename (C:\Users\samhe\OneDrive\Desktop\Cleaned\frontend\node_mo
dules\react-router\lib\components.tsx:225:3)

      67 |                         type="text"
      68 |                         value={query}
    > 69 |                         onChange={(e) => setQuery(e.target.value)}
         |                                          ^
      70 |                         placeholder="Search by reference or 
coverholderÔÇª"
      71 |                         className="w-full border border-gray-300 
rounded pl-9 pr-9 py-2 text-sm"
      72 |                         autoFocus

      at printWarning 
(node_modules/react-dom/cjs/react-dom.development.js:86:30)
      at error (node_modules/react-dom/cjs/react-dom.development.js:60:7)
      at warnIfUpdatesNotWrappedWithActDEV 
(node_modules/react-dom/cjs/react-dom.development.js:27628:9)
      at scheduleUpdateOnFiber 
(node_modules/react-dom/cjs/react-dom.development.js:25547:5)
      at dispatchSetState 
(node_modules/react-dom/cjs/react-dom.development.js:16708:7)
      at onChange 
(src/binding-authorities/BASearchModal/BASearchModal.tsx:69:42)
      at HTMLUnknownElement.callCallback 
(node_modules/react-dom/cjs/react-dom.development.js:4164:14)
      at HTMLUnknownElement.callTheUserObjectsOperation 
(node_modules/jsdom/lib/jsdom/living/generated/EventListener.js:26:30)
      at innerInvokeEventListeners 
(node_modules/jsdom/lib/jsdom/living/events/EventTarget-impl.js:350:25)
      at invokeEventListeners 
(node_modules/jsdom/lib/jsdom/living/events/EventTarget-impl.js:286:3)
      at HTMLUnknownElementImpl._dispatch 
(node_modules/jsdom/lib/jsdom/living/events/EventTarget-impl.js:233:9)
      at HTMLUnknownElementImpl.dispatchEvent 
(node_modules/jsdom/lib/jsdom/living/events/EventTarget-impl.js:104:17)
      at HTMLUnknownElement.dispatchEvent 
(node_modules/jsdom/lib/jsdom/living/generated/EventTarget.js:241:34)
      at Object.invokeGuardedCallbackDev 
(node_modules/react-dom/cjs/react-dom.development.js:4213:16)
      at invokeGuardedCallback 
(node_modules/react-dom/cjs/react-dom.development.js:4277:31)
      at invokeGuardedCallbackAndCatchFirstError 
(node_modules/react-dom/cjs/react-dom.development.js:4291:25)
      at executeDispatch 
(node_modules/react-dom/cjs/react-dom.development.js:9041:3)
      at processDispatchQueueItemsInOrder 
(node_modules/react-dom/cjs/react-dom.development.js:9073:7)
      at processDispatchQueue 
(node_modules/react-dom/cjs/react-dom.development.js:9086:5)
      at dispatchEventsForPlugins 
(node_modules/react-dom/cjs/react-dom.development.js:9097:3)
      at node_modules/react-dom/cjs/react-dom.development.js:9288:12
      at batchedUpdates$1 
(node_modules/react-dom/cjs/react-dom.development.js:26179:12)
      at batchedUpdates 
(node_modules/react-dom/cjs/react-dom.development.js:3991:12)
      at dispatchEventForPluginEventSystem 
(node_modules/react-dom/cjs/react-dom.development.js:9287:3)
      at dispatchEventWithEnableCapturePhaseSelectiveHydrationWithoutDiscreteEv
entReplay (node_modules/react-dom/cjs/react-dom.development.js:6465:5)
      at dispatchEvent 
(node_modules/react-dom/cjs/react-dom.development.js:6457:5)
      at dispatchDiscreteEvent 
(node_modules/react-dom/cjs/react-dom.development.js:6430:5)
      at HTMLDivElement.callTheUserObjectsOperation 
(node_modules/jsdom/lib/jsdom/living/generated/EventListener.js:26:30)
      at innerInvokeEventListeners 
(node_modules/jsdom/lib/jsdom/living/events/EventTarget-impl.js:350:25)
      at invokeEventListeners 
(node_modules/jsdom/lib/jsdom/living/events/EventTarget-impl.js:286:3)
      at HTMLInputElementImpl._dispatch 
(node_modules/jsdom/lib/jsdom/living/events/EventTarget-impl.js:233:9)
      at HTMLInputElementImpl.dispatchEvent 
(node_modules/jsdom/lib/jsdom/living/events/EventTarget-impl.js:104:17)
      at HTMLInputElement.dispatchEvent 
(node_modules/jsdom/lib/jsdom/living/generated/EventTarget.js:241:34)
      at 
node_modules/@testing-library/user-event/dist/cjs/event/dispatchEvent.js:45:43
      at Object.eventWrapper 
(node_modules/@testing-library/dom/dist/config.js:25:23)
      at Object.wrapEvent 
(node_modules/@testing-library/user-event/dist/cjs/event/wrapEvent.js:6:28)
      at Object.dispatchEvent (node_modules/@testing-library/user-event/dist/cj
s/event/dispatchEvent.js:45:22)
      at Object.dispatchUIEvent (node_modules/@testing-library/user-event/dist/
cjs/event/dispatchEvent.js:22:26)
      at commitInput 
(node_modules/@testing-library/user-event/dist/cjs/event/input.js:145:14)
      at editInputElement 
(node_modules/@testing-library/user-event/dist/cjs/event/input.js:115:9)
      at Object.input 
(node_modules/@testing-library/user-event/dist/cjs/event/input.js:37:9)
      at node_modules/@testing-library/user-event/dist/cjs/event/behavior/keypr
ess.js:31:26
      at Object.dispatchEvent (node_modules/@testing-library/user-event/dist/cj
s/event/dispatchEvent.js:41:13)
      at Object.dispatchUIEvent (node_modules/@testing-library/user-event/dist/
cjs/event/dispatchEvent.js:22:26)
      at KeyboardHost.keydown 
(node_modules/@testing-library/user-event/dist/cjs/system/keyboard.js:76:22)
      at keyboardAction 
(node_modules/@testing-library/user-event/dist/cjs/keyboard/index.js:22:35)
      at Object.keyboard 
(node_modules/@testing-library/user-event/dist/cjs/keyboard/index.js:11:15)
      at Object.type 
(node_modules/@testing-library/user-event/dist/cjs/utility/type.js:17:5)
      at Object.<anonymous> 
(src/binding-authorities/__tests__/binding-authorities.test.tsx:1600:9)

    console.error
      Warning: An update to BASearchModal inside a test was not wrapped in 
act(...).
      
      When testing, code that causes React state updates should be wrapped 
into act(...):
      
      act(() => {
        /* fire events that update state */
      });
      /* assert on the output */
      
      This ensures that you're testing the behavior the user would see in the 
browser. Learn more at https://reactjs.org/link/wrap-tests-with-act
          at BASearchModal (C:\Users\samhe\OneDrive\Desktop\Cleaned\frontend\sr
c\binding-authorities\BASearchModal\BASearchModal.tsx:25:41)
          at basenameProp (C:\Users\samhe\OneDrive\Desktop\Cleaned\frontend\nod
e_modules\react-router\lib\components.tsx:421:13)
          at basename (C:\Users\samhe\OneDrive\Desktop\Cleaned\frontend\node_mo
dules\react-router\lib\components.tsx:225:3)

      67 |                         type="text"
      68 |                         value={query}
    > 69 |                         onChange={(e) => setQuery(e.target.value)}
         |                                          ^
      70 |                         placeholder="Search by reference or 
coverholderÔÇª"
      71 |                         className="w-full border border-gray-300 
rounded pl-9 pr-9 py-2 text-sm"
      72 |                         autoFocus

      at printWarning 
(node_modules/react-dom/cjs/react-dom.development.js:86:30)
      at error (node_modules/react-dom/cjs/react-dom.development.js:60:7)
      at warnIfUpdatesNotWrappedWithActDEV 
(node_modules/react-dom/cjs/react-dom.development.js:27628:9)
      at scheduleUpdateOnFiber 
(node_modules/react-dom/cjs/react-dom.development.js:25547:5)
      at dispatchSetState 
(node_modules/react-dom/cjs/react-dom.development.js:16708:7)
      at onChange 
(src/binding-authorities/BASearchModal/BASearchModal.tsx:69:42)
      at HTMLUnknownElement.callCallback 
(node_modules/react-dom/cjs/react-dom.development.js:4164:14)
      at HTMLUnknownElement.callTheUserObjectsOperation 
(node_modules/jsdom/lib/jsdom/living/generated/EventListener.js:26:30)
      at innerInvokeEventListeners 
(node_modules/jsdom/lib/jsdom/living/events/EventTarget-impl.js:350:25)
      at invokeEventListeners 
(node_modules/jsdom/lib/jsdom/living/events/EventTarget-impl.js:286:3)
      at HTMLUnknownElementImpl._dispatch 
(node_modules/jsdom/lib/jsdom/living/events/EventTarget-impl.js:233:9)
      at HTMLUnknownElementImpl.dispatchEvent 
(node_modules/jsdom/lib/jsdom/living/events/EventTarget-impl.js:104:17)
      at HTMLUnknownElement.dispatchEvent 
(node_modules/jsdom/lib/jsdom/living/generated/EventTarget.js:241:34)
      at Object.invokeGuardedCallbackDev 
(node_modules/react-dom/cjs/react-dom.development.js:4213:16)
      at invokeGuardedCallback 
(node_modules/react-dom/cjs/react-dom.development.js:4277:31)
      at invokeGuardedCallbackAndCatchFirstError 
(node_modules/react-dom/cjs/react-dom.development.js:4291:25)
      at executeDispatch 
(node_modules/react-dom/cjs/react-dom.development.js:9041:3)
      at processDispatchQueueItemsInOrder 
(node_modules/react-dom/cjs/react-dom.development.js:9073:7)
      at processDispatchQueue 
(node_modules/react-dom/cjs/react-dom.development.js:9086:5)
      at dispatchEventsForPlugins 
(node_modules/react-dom/cjs/react-dom.development.js:9097:3)
      at node_modules/react-dom/cjs/react-dom.development.js:9288:12
      at batchedUpdates$1 
(node_modules/react-dom/cjs/react-dom.development.js:26179:12)
      at batchedUpdates 
(node_modules/react-dom/cjs/react-dom.development.js:3991:12)
      at dispatchEventForPluginEventSystem 
(node_modules/react-dom/cjs/react-dom.development.js:9287:3)
      at dispatchEventWithEnableCapturePhaseSelectiveHydrationWithoutDiscreteEv
entReplay (node_modules/react-dom/cjs/react-dom.development.js:6465:5)
      at dispatchEvent 
(node_modules/react-dom/cjs/react-dom.development.js:6457:5)
      at dispatchDiscreteEvent 
(node_modules/react-dom/cjs/react-dom.development.js:6430:5)
      at HTMLDivElement.callTheUserObjectsOperation 
(node_modules/jsdom/lib/jsdom/living/generated/EventListener.js:26:30)
      at innerInvokeEventListeners 
(node_modules/jsdom/lib/jsdom/living/events/EventTarget-impl.js:350:25)
      at invokeEventListeners 
(node_modules/jsdom/lib/jsdom/living/events/EventTarget-impl.js:286:3)
      at HTMLInputElementImpl._dispatch 
(node_modules/jsdom/lib/jsdom/living/events/EventTarget-impl.js:233:9)
      at HTMLInputElementImpl.dispatchEvent 
(node_modules/jsdom/lib/jsdom/living/events/EventTarget-impl.js:104:17)
      at HTMLInputElement.dispatchEvent 
(node_modules/jsdom/lib/jsdom/living/generated/EventTarget.js:241:34)
      at 
node_modules/@testing-library/user-event/dist/cjs/event/dispatchEvent.js:45:43
      at Object.eventWrapper 
(node_modules/@testing-library/dom/dist/config.js:25:23)
      at Object.wrapEvent 
(node_modules/@testing-library/user-event/dist/cjs/event/wrapEvent.js:6:28)
      at Object.dispatchEvent (node_modules/@testing-library/user-event/dist/cj
s/event/dispatchEvent.js:45:22)
      at Object.dispatchUIEvent (node_modules/@testing-library/user-event/dist/
cjs/event/dispatchEvent.js:22:26)
      at commitInput 
(node_modules/@testing-library/user-event/dist/cjs/event/input.js:145:14)
      at editInputElement 
(node_modules/@testing-library/user-event/dist/cjs/event/input.js:115:9)
      at Object.input 
(node_modules/@testing-library/user-event/dist/cjs/event/input.js:37:9)
      at node_modules/@testing-library/user-event/dist/cjs/event/behavior/keypr
ess.js:31:26
      at Object.dispatchEvent (node_modules/@testing-library/user-event/dist/cj
s/event/dispatchEvent.js:41:13)
      at Object.dispatchUIEvent (node_modules/@testing-library/user-event/dist/
cjs/event/dispatchEvent.js:22:26)
      at KeyboardHost.keydown 
(node_modules/@testing-library/user-event/dist/cjs/system/keyboard.js:76:22)
      at keyboardAction 
(node_modules/@testing-library/user-event/dist/cjs/keyboard/index.js:22:35)
      at Object.keyboard 
(node_modules/@testing-library/user-event/dist/cjs/keyboard/index.js:11:15)
      at Object.type 
(node_modules/@testing-library/user-event/dist/cjs/utility/type.js:17:5)
      at Object.<anonymous> 
(src/binding-authorities/__tests__/binding-authorities.test.tsx:1600:9)

    console.error
      Warning: An update to BASearchModal inside a test was not wrapped in 
act(...).
      
      When testing, code that causes React state updates should be wrapped 
into act(...):
      
      act(() => {
        /* fire events that update state */
      });
      /* assert on the output */
      
      This ensures that you're testing the behavior the user would see in the 
browser. Learn more at https://reactjs.org/link/wrap-tests-with-act
          at BASearchModal (C:\Users\samhe\OneDrive\Desktop\Cleaned\frontend\sr
c\binding-authorities\BASearchModal\BASearchModal.tsx:25:41)
          at basenameProp (C:\Users\samhe\OneDrive\Desktop\Cleaned\frontend\nod
e_modules\react-router\lib\components.tsx:421:13)
          at basename (C:\Users\samhe\OneDrive\Desktop\Cleaned\frontend\node_mo
dules\react-router\lib\components.tsx:225:3)

      36 |         }
      37 |         debounceRef.current = setTimeout(() => {
    > 38 |             setLoading(true)
         |             ^
      39 |             getBindingAuthorities(query.trim())
      40 |                 .then(setResults)
      41 |                 .catch(() => setResults([]))

      at printWarning 
(node_modules/react-dom/cjs/react-dom.development.js:86:30)
      at error (node_modules/react-dom/cjs/react-dom.development.js:60:7)
      at warnIfUpdatesNotWrappedWithActDEV 
(node_modules/react-dom/cjs/react-dom.development.js:27628:9)
      at scheduleUpdateOnFiber 
(node_modules/react-dom/cjs/react-dom.development.js:25547:5)
      at dispatchSetState 
(node_modules/react-dom/cjs/react-dom.development.js:16708:7)
      at src/binding-authorities/BASearchModal/BASearchModal.tsx:38:13
      at callTimer 
(node_modules/@sinonjs/fake-timers/src/fake-timers-src.js:744:24)
      at doTickInner 
(node_modules/@sinonjs/fake-timers/src/fake-timers-src.js:1312:29)
      at doTick 
(node_modules/@sinonjs/fake-timers/src/fake-timers-src.js:1393:20)
      at Object.tick 
(node_modules/@sinonjs/fake-timers/src/fake-timers-src.js:1401:20)
      at FakeTimers.advanceTimersByTime 
(node_modules/@jest/fake-timers/build/modernFakeTimers.js:94:19)
      at Object.<anonymous> 
(src/binding-authorities/__tests__/binding-authorities.test.tsx:1601:14)

    console.error
      Warning: An update to BASearchModal inside a test was not wrapped in 
act(...).
      
      When testing, code that causes React state updates should be wrapped 
into act(...):
      
      act(() => {
        /* fire events that update state */
      });
      /* assert on the output */
      
      This ensures that you're testing the behavior the user would see in the 
browser. Learn more at https://reactjs.org/link/wrap-tests-with-act
          at BASearchModal (C:\Users\samhe\OneDrive\Desktop\Cleaned\frontend\sr
c\binding-authorities\BASearchModal\BASearchModal.tsx:25:41)
          at basenameProp (C:\Users\samhe\OneDrive\Desktop\Cleaned\frontend\nod
e_modules\react-router\lib\components.tsx:421:13)
          at basename (C:\Users\samhe\OneDrive\Desktop\Cleaned\frontend\node_mo
dules\react-router\lib\components.tsx:225:3)

      40 |                 .then(setResults)
      41 |                 .catch(() => setResults([]))
    > 42 |                 .finally(() => setLoading(false))
         |                                ^
      43 |         }, 300)
      44 |         return () => {
      45 |             if (debounceRef.current) 
clearTimeout(debounceRef.current)

      at printWarning 
(node_modules/react-dom/cjs/react-dom.development.js:86:30)
      at error (node_modules/react-dom/cjs/react-dom.development.js:60:7)
      at warnIfUpdatesNotWrappedWithActDEV 
(node_modules/react-dom/cjs/react-dom.development.js:27628:9)
      at scheduleUpdateOnFiber 
(node_modules/react-dom/cjs/react-dom.development.js:25547:5)
      at dispatchSetState 
(node_modules/react-dom/cjs/react-dom.development.js:16708:7)
      at src/binding-authorities/BASearchModal/BASearchModal.tsx:42:32

    console.error
      Warning: An update to BASearchModal inside a test was not wrapped in 
act(...).
      
      When testing, code that causes React state updates should be wrapped 
into act(...):
      
      act(() => {
        /* fire events that update state */
      });
      /* assert on the output */
      
      This ensures that you're testing the behavior the user would see in the 
browser. Learn more at https://reactjs.org/link/wrap-tests-with-act
          at BASearchModal (C:\Users\samhe\OneDrive\Desktop\Cleaned\frontend\sr
c\binding-authorities\BASearchModal\BASearchModal.tsx:25:41)
          at basenameProp (C:\Users\samhe\OneDrive\Desktop\Cleaned\frontend\nod
e_modules\react-router\lib\components.tsx:421:13)
          at basename (C:\Users\samhe\OneDrive\Desktop\Cleaned\frontend\node_mo
dules\react-router\lib\components.tsx:225:3)

      67 |                         type="text"
      68 |                         value={query}
    > 69 |                         onChange={(e) => setQuery(e.target.value)}
         |                                          ^
      70 |                         placeholder="Search by reference or 
coverholderÔÇª"
      71 |                         className="w-full border border-gray-300 
rounded pl-9 pr-9 py-2 text-sm"
      72 |                         autoFocus

      at printWarning 
(node_modules/react-dom/cjs/react-dom.development.js:86:30)
      at error (node_modules/react-dom/cjs/react-dom.development.js:60:7)
      at warnIfUpdatesNotWrappedWithActDEV 
(node_modules/react-dom/cjs/react-dom.development.js:27628:9)
      at scheduleUpdateOnFiber 
(node_modules/react-dom/cjs/react-dom.development.js:25547:5)
      at dispatchSetState 
(node_modules/react-dom/cjs/react-dom.development.js:16708:7)
      at onChange 
(src/binding-authorities/BASearchModal/BASearchModal.tsx:69:42)
      at HTMLUnknownElement.callCallback 
(node_modules/react-dom/cjs/react-dom.development.js:4164:14)
      at HTMLUnknownElement.callTheUserObjectsOperation 
(node_modules/jsdom/lib/jsdom/living/generated/EventListener.js:26:30)
      at innerInvokeEventListeners 
(node_modules/jsdom/lib/jsdom/living/events/EventTarget-impl.js:350:25)
      at invokeEventListeners 
(node_modules/jsdom/lib/jsdom/living/events/EventTarget-impl.js:286:3)
      at HTMLUnknownElementImpl._dispatch 
(node_modules/jsdom/lib/jsdom/living/events/EventTarget-impl.js:233:9)
      at HTMLUnknownElementImpl.dispatchEvent 
(node_modules/jsdom/lib/jsdom/living/events/EventTarget-impl.js:104:17)
      at HTMLUnknownElement.dispatchEvent 
(node_modules/jsdom/lib/jsdom/living/generated/EventTarget.js:241:34)
      at Object.invokeGuardedCallbackDev 
(node_modules/react-dom/cjs/react-dom.development.js:4213:16)
      at invokeGuardedCallback 
(node_modules/react-dom/cjs/react-dom.development.js:4277:31)
      at invokeGuardedCallbackAndCatchFirstError 
(node_modules/react-dom/cjs/react-dom.development.js:4291:25)
      at executeDispatch 
(node_modules/react-dom/cjs/react-dom.development.js:9041:3)
      at processDispatchQueueItemsInOrder 
(node_modules/react-dom/cjs/react-dom.development.js:9073:7)
      at processDispatchQueue 
(node_modules/react-dom/cjs/react-dom.development.js:9086:5)
      at dispatchEventsForPlugins 
(node_modules/react-dom/cjs/react-dom.development.js:9097:3)
      at node_modules/react-dom/cjs/react-dom.development.js:9288:12
      at batchedUpdates$1 
(node_modules/react-dom/cjs/react-dom.development.js:26179:12)
      at batchedUpdates 
(node_modules/react-dom/cjs/react-dom.development.js:3991:12)
      at dispatchEventForPluginEventSystem 
(node_modules/react-dom/cjs/react-dom.development.js:9287:3)
      at dispatchEventWithEnableCapturePhaseSelectiveHydrationWithoutDiscreteEv
entReplay (node_modules/react-dom/cjs/react-dom.development.js:6465:5)
      at dispatchEvent 
(node_modules/react-dom/cjs/react-dom.development.js:6457:5)
      at dispatchDiscreteEvent 
(node_modules/react-dom/cjs/react-dom.development.js:6430:5)
      at HTMLDivElement.callTheUserObjectsOperation 
(node_modules/jsdom/lib/jsdom/living/generated/EventListener.js:26:30)
      at innerInvokeEventListeners 
(node_modules/jsdom/lib/jsdom/living/events/EventTarget-impl.js:350:25)
      at invokeEventListeners 
(node_modules/jsdom/lib/jsdom/living/events/EventTarget-impl.js:286:3)
      at HTMLInputElementImpl._dispatch 
(node_modules/jsdom/lib/jsdom/living/events/EventTarget-impl.js:233:9)
      at HTMLInputElementImpl.dispatchEvent 
(node_modules/jsdom/lib/jsdom/living/events/EventTarget-impl.js:104:17)
      at HTMLInputElement.dispatchEvent 
(node_modules/jsdom/lib/jsdom/living/generated/EventTarget.js:241:34)
      at 
node_modules/@testing-library/user-event/dist/cjs/event/dispatchEvent.js:45:43
      at Object.eventWrapper 
(node_modules/@testing-library/dom/dist/config.js:25:23)
      at Object.wrapEvent 
(node_modules/@testing-library/user-event/dist/cjs/event/wrapEvent.js:6:28)
      at Object.dispatchEvent (node_modules/@testing-library/user-event/dist/cj
s/event/dispatchEvent.js:45:22)
      at Object.dispatchUIEvent (node_modules/@testing-library/user-event/dist/
cjs/event/dispatchEvent.js:22:26)
      at commitInput 
(node_modules/@testing-library/user-event/dist/cjs/event/input.js:145:14)
      at editInputElement 
(node_modules/@testing-library/user-event/dist/cjs/event/input.js:115:9)
      at Object.input 
(node_modules/@testing-library/user-event/dist/cjs/event/input.js:37:9)
      at node_modules/@testing-library/user-event/dist/cjs/event/behavior/keypr
ess.js:31:26
      at Object.dispatchEvent (node_modules/@testing-library/user-event/dist/cj
s/event/dispatchEvent.js:41:13)
      at Object.dispatchUIEvent (node_modules/@testing-library/user-event/dist/
cjs/event/dispatchEvent.js:22:26)
      at KeyboardHost.keydown 
(node_modules/@testing-library/user-event/dist/cjs/system/keyboard.js:76:22)
      at keyboardAction 
(node_modules/@testing-library/user-event/dist/cjs/keyboard/index.js:22:35)
      at Object.keyboard 
(node_modules/@testing-library/user-event/dist/cjs/keyboard/index.js:11:15)
      at Object.type 
(node_modules/@testing-library/user-event/dist/cjs/utility/type.js:17:5)
      at Object.<anonymous> 
(src/binding-authorities/__tests__/binding-authorities.test.tsx:1612:9)

    console.error
      Warning: An update to BASearchModal inside a test was not wrapped in 
act(...).
      
      When testing, code that causes React state updates should be wrapped 
into act(...):
      
      act(() => {
        /* fire events that update state */
      });
      /* assert on the output */
      
      This ensures that you're testing the behavior the user would see in the 
browser. Learn more at https://reactjs.org/link/wrap-tests-with-act
          at BASearchModal (C:\Users\samhe\OneDrive\Desktop\Cleaned\frontend\sr
c\binding-authorities\BASearchModal\BASearchModal.tsx:25:41)
          at basenameProp (C:\Users\samhe\OneDrive\Desktop\Cleaned\frontend\nod
e_modules\react-router\lib\components.tsx:421:13)
          at basename (C:\Users\samhe\OneDrive\Desktop\Cleaned\frontend\node_mo
dules\react-router\lib\components.tsx:225:3)

      67 |                         type="text"
      68 |                         value={query}
    > 69 |                         onChange={(e) => setQuery(e.target.value)}
         |                                          ^
      70 |                         placeholder="Search by reference or 
coverholderÔÇª"
      71 |                         className="w-full border border-gray-300 
rounded pl-9 pr-9 py-2 text-sm"
      72 |                         autoFocus

      at printWarning 
(node_modules/react-dom/cjs/react-dom.development.js:86:30)
      at error (node_modules/react-dom/cjs/react-dom.development.js:60:7)
      at warnIfUpdatesNotWrappedWithActDEV 
(node_modules/react-dom/cjs/react-dom.development.js:27628:9)
      at scheduleUpdateOnFiber 
(node_modules/react-dom/cjs/react-dom.development.js:25547:5)
      at dispatchSetState 
(node_modules/react-dom/cjs/react-dom.development.js:16708:7)
      at onChange 
(src/binding-authorities/BASearchModal/BASearchModal.tsx:69:42)
      at HTMLUnknownElement.callCallback 
(node_modules/react-dom/cjs/react-dom.development.js:4164:14)
      at HTMLUnknownElement.callTheUserObjectsOperation 
(node_modules/jsdom/lib/jsdom/living/generated/EventListener.js:26:30)
      at innerInvokeEventListeners 
(node_modules/jsdom/lib/jsdom/living/events/EventTarget-impl.js:350:25)
      at invokeEventListeners 
(node_modules/jsdom/lib/jsdom/living/events/EventTarget-impl.js:286:3)
      at HTMLUnknownElementImpl._dispatch 
(node_modules/jsdom/lib/jsdom/living/events/EventTarget-impl.js:233:9)
      at HTMLUnknownElementImpl.dispatchEvent 
(node_modules/jsdom/lib/jsdom/living/events/EventTarget-impl.js:104:17)
      at HTMLUnknownElement.dispatchEvent 
(node_modules/jsdom/lib/jsdom/living/generated/EventTarget.js:241:34)
      at Object.invokeGuardedCallbackDev 
(node_modules/react-dom/cjs/react-dom.development.js:4213:16)
      at invokeGuardedCallback 
(node_modules/react-dom/cjs/react-dom.development.js:4277:31)
      at invokeGuardedCallbackAndCatchFirstError 
(node_modules/react-dom/cjs/react-dom.development.js:4291:25)
      at executeDispatch 
(node_modules/react-dom/cjs/react-dom.development.js:9041:3)
      at processDispatchQueueItemsInOrder 
(node_modules/react-dom/cjs/react-dom.development.js:9073:7)
      at processDispatchQueue 
(node_modules/react-dom/cjs/react-dom.development.js:9086:5)
      at dispatchEventsForPlugins 
(node_modules/react-dom/cjs/react-dom.development.js:9097:3)
      at node_modules/react-dom/cjs/react-dom.development.js:9288:12
      at batchedUpdates$1 
(node_modules/react-dom/cjs/react-dom.development.js:26179:12)
      at batchedUpdates 
(node_modules/react-dom/cjs/react-dom.development.js:3991:12)
      at dispatchEventForPluginEventSystem 
(node_modules/react-dom/cjs/react-dom.development.js:9287:3)
      at dispatchEventWithEnableCapturePhaseSelectiveHydrationWithoutDiscreteEv
entReplay (node_modules/react-dom/cjs/react-dom.development.js:6465:5)
      at dispatchEvent 
(node_modules/react-dom/cjs/react-dom.development.js:6457:5)
      at dispatchDiscreteEvent 
(node_modules/react-dom/cjs/react-dom.development.js:6430:5)
      at HTMLDivElement.callTheUserObjectsOperation 
(node_modules/jsdom/lib/jsdom/living/generated/EventListener.js:26:30)
      at innerInvokeEventListeners 
(node_modules/jsdom/lib/jsdom/living/events/EventTarget-impl.js:350:25)
      at invokeEventListeners 
(node_modules/jsdom/lib/jsdom/living/events/EventTarget-impl.js:286:3)
      at HTMLInputElementImpl._dispatch 
(node_modules/jsdom/lib/jsdom/living/events/EventTarget-impl.js:233:9)
      at HTMLInputElementImpl.dispatchEvent 
(node_modules/jsdom/lib/jsdom/living/events/EventTarget-impl.js:104:17)
      at HTMLInputElement.dispatchEvent 
(node_modules/jsdom/lib/jsdom/living/generated/EventTarget.js:241:34)
      at 
node_modules/@testing-library/user-event/dist/cjs/event/dispatchEvent.js:45:43
      at Object.eventWrapper 
(node_modules/@testing-library/dom/dist/config.js:25:23)
      at Object.wrapEvent 
(node_modules/@testing-library/user-event/dist/cjs/event/wrapEvent.js:6:28)
      at Object.dispatchEvent (node_modules/@testing-library/user-event/dist/cj
s/event/dispatchEvent.js:45:22)
      at Object.dispatchUIEvent (node_modules/@testing-library/user-event/dist/
cjs/event/dispatchEvent.js:22:26)
      at commitInput 
(node_modules/@testing-library/user-event/dist/cjs/event/input.js:145:14)
      at editInputElement 
(node_modules/@testing-library/user-event/dist/cjs/event/input.js:115:9)
      at Object.input 
(node_modules/@testing-library/user-event/dist/cjs/event/input.js:37:9)
      at node_modules/@testing-library/user-event/dist/cjs/event/behavior/keypr
ess.js:31:26
      at Object.dispatchEvent (node_modules/@testing-library/user-event/dist/cj
s/event/dispatchEvent.js:41:13)
      at Object.dispatchUIEvent (node_modules/@testing-library/user-event/dist/
cjs/event/dispatchEvent.js:22:26)
      at KeyboardHost.keydown 
(node_modules/@testing-library/user-event/dist/cjs/system/keyboard.js:76:22)
      at keyboardAction 
(node_modules/@testing-library/user-event/dist/cjs/keyboard/index.js:22:35)
      at Object.keyboard 
(node_modules/@testing-library/user-event/dist/cjs/keyboard/index.js:11:15)
      at Object.type 
(node_modules/@testing-library/user-event/dist/cjs/utility/type.js:17:5)
      at Object.<anonymous> 
(src/binding-authorities/__tests__/binding-authorities.test.tsx:1612:9)

    console.error
      Warning: An update to BASearchModal inside a test was not wrapped in 
act(...).
      
      When testing, code that causes React state updates should be wrapped 
into act(...):
      
      act(() => {
        /* fire events that update state */
      });
      /* assert on the output */
      
      This ensures that you're testing the behavior the user would see in the 
browser. Learn more at https://reactjs.org/link/wrap-tests-with-act
          at BASearchModal (C:\Users\samhe\OneDrive\Desktop\Cleaned\frontend\sr
c\binding-authorities\BASearchModal\BASearchModal.tsx:25:41)
          at basenameProp (C:\Users\samhe\OneDrive\Desktop\Cleaned\frontend\nod
e_modules\react-router\lib\components.tsx:421:13)
          at basename (C:\Users\samhe\OneDrive\Desktop\Cleaned\frontend\node_mo
dules\react-router\lib\components.tsx:225:3)

      36 |         }
      37 |         debounceRef.current = setTimeout(() => {
    > 38 |             setLoading(true)
         |             ^
      39 |             getBindingAuthorities(query.trim())
      40 |                 .then(setResults)
      41 |                 .catch(() => setResults([]))

      at printWarning 
(node_modules/react-dom/cjs/react-dom.development.js:86:30)
      at error (node_modules/react-dom/cjs/react-dom.development.js:60:7)
      at warnIfUpdatesNotWrappedWithActDEV 
(node_modules/react-dom/cjs/react-dom.development.js:27628:9)
      at scheduleUpdateOnFiber 
(node_modules/react-dom/cjs/react-dom.development.js:25547:5)
      at dispatchSetState 
(node_modules/react-dom/cjs/react-dom.development.js:16708:7)
      at src/binding-authorities/BASearchModal/BASearchModal.tsx:38:13
      at callTimer 
(node_modules/@sinonjs/fake-timers/src/fake-timers-src.js:744:24)
      at doTickInner 
(node_modules/@sinonjs/fake-timers/src/fake-timers-src.js:1312:29)
      at doTick 
(node_modules/@sinonjs/fake-timers/src/fake-timers-src.js:1393:20)
      at Object.tick 
(node_modules/@sinonjs/fake-timers/src/fake-timers-src.js:1401:20)
      at FakeTimers.advanceTimersByTime 
(node_modules/@jest/fake-timers/build/modernFakeTimers.js:94:19)
      at Object.<anonymous> 
(src/binding-authorities/__tests__/binding-authorities.test.tsx:1613:14)

    console.error
      Warning: An update to BASearchModal inside a test was not wrapped in 
act(...).
      
      When testing, code that causes React state updates should be wrapped 
into act(...):
      
      act(() => {
        /* fire events that update state */
      });
      /* assert on the output */
      
      This ensures that you're testing the behavior the user would see in the 
browser. Learn more at https://reactjs.org/link/wrap-tests-with-act
          at BASearchModal (C:\Users\samhe\OneDrive\Desktop\Cleaned\frontend\sr
c\binding-authorities\BASearchModal\BASearchModal.tsx:25:41)
          at basenameProp (C:\Users\samhe\OneDrive\Desktop\Cleaned\frontend\nod
e_modules\react-router\lib\components.tsx:421:13)
          at basename (C:\Users\samhe\OneDrive\Desktop\Cleaned\frontend\node_mo
dules\react-router\lib\components.tsx:225:3)

      at printWarning 
(node_modules/react-dom/cjs/react-dom.development.js:86:30)
      at error (node_modules/react-dom/cjs/react-dom.development.js:60:7)
      at warnIfUpdatesNotWrappedWithActDEV 
(node_modules/react-dom/cjs/react-dom.development.js:27628:9)
      at scheduleUpdateOnFiber 
(node_modules/react-dom/cjs/react-dom.development.js:25547:5)
      at dispatchSetState 
(node_modules/react-dom/cjs/react-dom.development.js:16708:7)

    console.error
      Warning: An update to BASearchModal inside a test was not wrapped in 
act(...).
      
      When testing, code that causes React state updates should be wrapped 
into act(...):
      
      act(() => {
        /* fire events that update state */
      });
      /* assert on the output */
      
      This ensures that you're testing the behavior the user would see in the 
browser. Learn more at https://reactjs.org/link/wrap-tests-with-act
          at BASearchModal (C:\Users\samhe\OneDrive\Desktop\Cleaned\frontend\sr
c\binding-authorities\BASearchModal\BASearchModal.tsx:25:41)
          at basenameProp (C:\Users\samhe\OneDrive\Desktop\Cleaned\frontend\nod
e_modules\react-router\lib\components.tsx:421:13)
          at basename (C:\Users\samhe\OneDrive\Desktop\Cleaned\frontend\node_mo
dules\react-router\lib\components.tsx:225:3)

      40 |                 .then(setResults)
      41 |                 .catch(() => setResults([]))
    > 42 |                 .finally(() => setLoading(false))
         |                                ^
      43 |         }, 300)
      44 |         return () => {
      45 |             if (debounceRef.current) 
clearTimeout(debounceRef.current)

      at printWarning 
(node_modules/react-dom/cjs/react-dom.development.js:86:30)
      at error (node_modules/react-dom/cjs/react-dom.development.js:60:7)
      at warnIfUpdatesNotWrappedWithActDEV 
(node_modules/react-dom/cjs/react-dom.development.js:27628:9)
      at scheduleUpdateOnFiber 
(node_modules/react-dom/cjs/react-dom.development.js:25547:5)
      at dispatchSetState 
(node_modules/react-dom/cjs/react-dom.development.js:16708:7)
      at src/binding-authorities/BASearchModal/BASearchModal.tsx:42:32

    console.error
      Warning: An update to BAViewPage inside a test was not wrapped in 
act(...).
      
      When testing, code that causes React state updates should be wrapped 
into act(...):
      
      act(() => {
        /* fire events that update state */
      });
      /* assert on the output */
      
      This ensures that you're testing the behavior the user would see in the 
browser. Learn more at https://reactjs.org/link/wrap-tests-with-act
          at BAViewPage (C:\Users\samhe\OneDrive\Desktop\Cleaned\frontend\src\b
inding-authorities\BAViewPage\BAViewPage.tsx:104:29)
          at routeContext (C:\Users\samhe\OneDrive\Desktop\Cleaned\frontend\nod
e_modules\react-router\lib\hooks.tsx:658:26)
          at children (C:\Users\samhe\OneDrive\Desktop\Cleaned\frontend\node_mo
dules\react-router\lib\components.tsx:512:3)
          at basenameProp (C:\Users\samhe\OneDrive\Desktop\Cleaned\frontend\nod
e_modules\react-router\lib\components.tsx:421:13)
          at basename (C:\Users\samhe\OneDrive\Desktop\Cleaned\frontend\node_mo
dules\react-router\lib\components.tsx:225:3)

      248 |         const handleRenew = () => 
navigate('/binding-authorities/new')
      249 |         const handleImportBordereaux = () => 
setBordereauImportOpen(true)
    > 250 |         const handleConfigBordereaux = () => { 
setEditingBordereauConfig(null); setBordereauConfigOpen(true) }
          |                                                ^
      251 |         window.addEventListener('ba:save', handleSave)
      252 |         window.addEventListener('ba:issue', handleIssue)
      253 |         window.addEventListener('ba:renew', handleRenew)

      at printWarning 
(node_modules/react-dom/cjs/react-dom.development.js:86:30)
      at error (node_modules/react-dom/cjs/react-dom.development.js:60:7)
      at warnIfUpdatesNotWrappedWithActDEV 
(node_modules/react-dom/cjs/react-dom.development.js:27628:9)
      at scheduleUpdateOnFiber 
(node_modules/react-dom/cjs/react-dom.development.js:25547:5)
      at dispatchSetState 
(node_modules/react-dom/cjs/react-dom.development.js:16708:7)
      at handleConfigBordereaux 
(src/binding-authorities/BAViewPage/BAViewPage.tsx:250:48)
      at callTheUserObjectsOperation 
(node_modules/jsdom/lib/jsdom/living/generated/EventListener.js:26:30)
      at innerInvokeEventListeners 
(node_modules/jsdom/lib/jsdom/living/events/EventTarget-impl.js:350:25)
      at invokeEventListeners 
(node_modules/jsdom/lib/jsdom/living/events/EventTarget-impl.js:286:3)
      at EventTargetImpl._dispatch 
(node_modules/jsdom/lib/jsdom/living/events/EventTarget-impl.js:233:9)
      at EventTargetImpl.dispatchEvent 
(node_modules/jsdom/lib/jsdom/living/events/EventTarget-impl.js:104:17)
      at dispatchEvent 
(node_modules/jsdom/lib/jsdom/living/generated/EventTarget.js:241:34)
      at Object.<anonymous> 
(src/binding-authorities/__tests__/binding-authorities.test.tsx:1837:16)

    console.error
      Warning: An update to BAViewPage inside a test was not wrapped in 
act(...).
      
      When testing, code that causes React state updates should be wrapped 
into act(...):
      
      act(() => {
        /* fire events that update state */
      });
      /* assert on the output */
      
      This ensures that you're testing the behavior the user would see in the 
browser. Learn more at https://reactjs.org/link/wrap-tests-with-act
          at BAViewPage (C:\Users\samhe\OneDrive\Desktop\Cleaned\frontend\src\b
inding-authorities\BAViewPage\BAViewPage.tsx:104:29)
          at routeContext (C:\Users\samhe\OneDrive\Desktop\Cleaned\frontend\nod
e_modules\react-router\lib\hooks.tsx:658:26)
          at children (C:\Users\samhe\OneDrive\Desktop\Cleaned\frontend\node_mo
dules\react-router\lib\components.tsx:512:3)
          at basenameProp (C:\Users\samhe\OneDrive\Desktop\Cleaned\frontend\nod
e_modules\react-router\lib\components.tsx:421:13)
          at basename (C:\Users\samhe\OneDrive\Desktop\Cleaned\frontend\node_mo
dules\react-router\lib\components.tsx:225:3)

      248 |         const handleRenew = () => 
navigate('/binding-authorities/new')
      249 |         const handleImportBordereaux = () => 
setBordereauImportOpen(true)
    > 250 |         const handleConfigBordereaux = () => { 
setEditingBordereauConfig(null); setBordereauConfigOpen(true) }
          |                                                                    
             ^
      251 |         window.addEventListener('ba:save', handleSave)
      252 |         window.addEventListener('ba:issue', handleIssue)
      253 |         window.addEventListener('ba:renew', handleRenew)

      at printWarning 
(node_modules/react-dom/cjs/react-dom.development.js:86:30)
      at error (node_modules/react-dom/cjs/react-dom.development.js:60:7)
      at warnIfUpdatesNotWrappedWithActDEV 
(node_modules/react-dom/cjs/react-dom.development.js:27628:9)
      at scheduleUpdateOnFiber 
(node_modules/react-dom/cjs/react-dom.development.js:25547:5)
      at dispatchSetState 
(node_modules/react-dom/cjs/react-dom.development.js:16708:7)
      at handleConfigBordereaux 
(src/binding-authorities/BAViewPage/BAViewPage.tsx:250:81)
      at callTheUserObjectsOperation 
(node_modules/jsdom/lib/jsdom/living/generated/EventListener.js:26:30)
      at innerInvokeEventListeners 
(node_modules/jsdom/lib/jsdom/living/events/EventTarget-impl.js:350:25)
      at invokeEventListeners 
(node_modules/jsdom/lib/jsdom/living/events/EventTarget-impl.js:286:3)
      at EventTargetImpl._dispatch 
(node_modules/jsdom/lib/jsdom/living/events/EventTarget-impl.js:233:9)
      at EventTargetImpl.dispatchEvent 
(node_modules/jsdom/lib/jsdom/living/events/EventTarget-impl.js:104:17)
      at dispatchEvent 
(node_modules/jsdom/lib/jsdom/living/generated/EventTarget.js:241:34)
      at Object.<anonymous> 
(src/binding-authorities/__tests__/binding-authorities.test.tsx:1837:16)

    console.error
      Warning: An update to BordereauConfigModal inside a test was not wrapped 
in act(...).
      
      When testing, code that causes React state updates should be wrapped 
into act(...):
      
      act(() => {
        /* fire events that update state */
      });
      /* assert on the output */
      
      This ensures that you're testing the behavior the user would see in the 
browser. Learn more at https://reactjs.org/link/wrap-tests-with-act
          at BordereauConfigModal (C:\Users\samhe\OneDrive\Desktop\Cleaned\fron
tend\src\binding-authorities\BordereauConfigModal\BordereauConfigModal.tsx:217:
5)

      372 |                                     type="text"
      373 |                                     value={name}
    > 374 |                                     onChange={e => 
setName(e.target.value)}
          |                                                    ^
      375 |                                     placeholder="e.g. Q1 2025 Risk 
Bordereau"
      376 |                                     className="border 
border-gray-300 rounded px-3 py-2 text-sm w-full"
      377 |                                     autoFocus

      at printWarning 
(node_modules/react-dom/cjs/react-dom.development.js:86:30)
      at error (node_modules/react-dom/cjs/react-dom.development.js:60:7)
      at warnIfUpdatesNotWrappedWithActDEV 
(node_modules/react-dom/cjs/react-dom.development.js:27628:9)
      at scheduleUpdateOnFiber 
(node_modules/react-dom/cjs/react-dom.development.js:25547:5)
      at dispatchSetState 
(node_modules/react-dom/cjs/react-dom.development.js:16708:7)
      at onChange 
(src/binding-authorities/BordereauConfigModal/BordereauConfigModal.tsx:374:52)
      at HTMLUnknownElement.callCallback 
(node_modules/react-dom/cjs/react-dom.development.js:4164:14)
      at HTMLUnknownElement.callTheUserObjectsOperation 
(node_modules/jsdom/lib/jsdom/living/generated/EventListener.js:26:30)
      at innerInvokeEventListeners 
(node_modules/jsdom/lib/jsdom/living/events/EventTarget-impl.js:350:25)
      at invokeEventListeners 
(node_modules/jsdom/lib/jsdom/living/events/EventTarget-impl.js:286:3)
      at HTMLUnknownElementImpl._dispatch 
(node_modules/jsdom/lib/jsdom/living/events/EventTarget-impl.js:233:9)
      at HTMLUnknownElementImpl.dispatchEvent 
(node_modules/jsdom/lib/jsdom/living/events/EventTarget-impl.js:104:17)
      at HTMLUnknownElement.dispatchEvent 
(node_modules/jsdom/lib/jsdom/living/generated/EventTarget.js:241:34)
      at Object.invokeGuardedCallbackDev 
(node_modules/react-dom/cjs/react-dom.development.js:4213:16)
      at invokeGuardedCallback 
(node_modules/react-dom/cjs/react-dom.development.js:4277:31)
      at invokeGuardedCallbackAndCatchFirstError 
(node_modules/react-dom/cjs/react-dom.development.js:4291:25)
      at executeDispatch 
(node_modules/react-dom/cjs/react-dom.development.js:9041:3)
      at processDispatchQueueItemsInOrder 
(node_modules/react-dom/cjs/react-dom.development.js:9073:7)
      at processDispatchQueue 
(node_modules/react-dom/cjs/react-dom.development.js:9086:5)
      at dispatchEventsForPlugins 
(node_modules/react-dom/cjs/react-dom.development.js:9097:3)
      at node_modules/react-dom/cjs/react-dom.development.js:9288:12
      at batchedUpdates$1 
(node_modules/react-dom/cjs/react-dom.development.js:26179:12)
      at batchedUpdates 
(node_modules/react-dom/cjs/react-dom.development.js:3991:12)
      at dispatchEventForPluginEventSystem 
(node_modules/react-dom/cjs/react-dom.development.js:9287:3)
      at dispatchEventWithEnableCapturePhaseSelectiveHydrationWithoutDiscreteEv
entReplay (node_modules/react-dom/cjs/react-dom.development.js:6465:5)
      at dispatchEvent 
(node_modules/react-dom/cjs/react-dom.development.js:6457:5)
      at dispatchDiscreteEvent 
(node_modules/react-dom/cjs/react-dom.development.js:6430:5)
      at HTMLDivElement.callTheUserObjectsOperation 
(node_modules/jsdom/lib/jsdom/living/generated/EventListener.js:26:30)
      at innerInvokeEventListeners 
(node_modules/jsdom/lib/jsdom/living/events/EventTarget-impl.js:350:25)
      at invokeEventListeners 
(node_modules/jsdom/lib/jsdom/living/events/EventTarget-impl.js:286:3)
      at HTMLInputElementImpl._dispatch 
(node_modules/jsdom/lib/jsdom/living/events/EventTarget-impl.js:233:9)
      at HTMLInputElementImpl.dispatchEvent 
(node_modules/jsdom/lib/jsdom/living/events/EventTarget-impl.js:104:17)
      at HTMLInputElement.dispatchEvent 
(node_modules/jsdom/lib/jsdom/living/generated/EventTarget.js:241:34)
      at 
node_modules/@testing-library/user-event/dist/cjs/event/dispatchEvent.js:45:43
      at Object.eventWrapper 
(node_modules/@testing-library/dom/dist/config.js:25:23)
      at Object.wrapEvent 
(node_modules/@testing-library/user-event/dist/cjs/event/wrapEvent.js:6:28)
      at Object.dispatchEvent (node_modules/@testing-library/user-event/dist/cj
s/event/dispatchEvent.js:45:22)
      at Object.dispatchUIEvent (node_modules/@testing-library/user-event/dist/
cjs/event/dispatchEvent.js:22:26)
      at commitInput 
(node_modules/@testing-library/user-event/dist/cjs/event/input.js:145:14)
      at editInputElement 
(node_modules/@testing-library/user-event/dist/cjs/event/input.js:115:9)
      at Object.input 
(node_modules/@testing-library/user-event/dist/cjs/event/input.js:37:9)
      at node_modules/@testing-library/user-event/dist/cjs/event/behavior/keypr
ess.js:31:26
      at Object.dispatchEvent (node_modules/@testing-library/user-event/dist/cj
s/event/dispatchEvent.js:41:13)
      at Object.dispatchUIEvent (node_modules/@testing-library/user-event/dist/
cjs/event/dispatchEvent.js:22:26)
      at KeyboardHost.keydown 
(node_modules/@testing-library/user-event/dist/cjs/system/keyboard.js:76:22)
      at keyboardAction 
(node_modules/@testing-library/user-event/dist/cjs/keyboard/index.js:22:35)
      at Object.keyboard 
(node_modules/@testing-library/user-event/dist/cjs/keyboard/index.js:11:15)
      at Object.type 
(node_modules/@testing-library/user-event/dist/cjs/utility/type.js:17:5)
      at Object.<anonymous> 
(src/binding-authorities/__tests__/binding-authorities.test.tsx:1930:9)

    console.error
      Warning: An update to BordereauConfigModal inside a test was not wrapped 
in act(...).
      
      When testing, code that causes React state updates should be wrapped 
into act(...):
      
      act(() => {
        /* fire events that update state */
      });
      /* assert on the output */
      
      This ensures that you're testing the behavior the user would see in the 
browser. Learn more at https://reactjs.org/link/wrap-tests-with-act
          at BordereauConfigModal (C:\Users\samhe\OneDrive\Desktop\Cleaned\fron
tend\src\binding-authorities\BordereauConfigModal\BordereauConfigModal.tsx:217:
5)

      372 |                                     type="text"
      373 |                                     value={name}
    > 374 |                                     onChange={e => 
setName(e.target.value)}
          |                                                    ^
      375 |                                     placeholder="e.g. Q1 2025 Risk 
Bordereau"
      376 |                                     className="border 
border-gray-300 rounded px-3 py-2 text-sm w-full"
      377 |                                     autoFocus

      at printWarning 
(node_modules/react-dom/cjs/react-dom.development.js:86:30)
      at error (node_modules/react-dom/cjs/react-dom.development.js:60:7)
      at warnIfUpdatesNotWrappedWithActDEV 
(node_modules/react-dom/cjs/react-dom.development.js:27628:9)
      at scheduleUpdateOnFiber 
(node_modules/react-dom/cjs/react-dom.development.js:25547:5)
      at dispatchSetState 
(node_modules/react-dom/cjs/react-dom.development.js:16708:7)
      at onChange 
(src/binding-authorities/BordereauConfigModal/BordereauConfigModal.tsx:374:52)
      at HTMLUnknownElement.callCallback 
(node_modules/react-dom/cjs/react-dom.development.js:4164:14)
      at HTMLUnknownElement.callTheUserObjectsOperation 
(node_modules/jsdom/lib/jsdom/living/generated/EventListener.js:26:30)
      at innerInvokeEventListeners 
(node_modules/jsdom/lib/jsdom/living/events/EventTarget-impl.js:350:25)
      at invokeEventListeners 
(node_modules/jsdom/lib/jsdom/living/events/EventTarget-impl.js:286:3)
      at HTMLUnknownElementImpl._dispatch 
(node_modules/jsdom/lib/jsdom/living/events/EventTarget-impl.js:233:9)
      at HTMLUnknownElementImpl.dispatchEvent 
(node_modules/jsdom/lib/jsdom/living/events/EventTarget-impl.js:104:17)
      at HTMLUnknownElement.dispatchEvent 
(node_modules/jsdom/lib/jsdom/living/generated/EventTarget.js:241:34)
      at Object.invokeGuardedCallbackDev 
(node_modules/react-dom/cjs/react-dom.development.js:4213:16)
      at invokeGuardedCallback 
(node_modules/react-dom/cjs/react-dom.development.js:4277:31)
      at invokeGuardedCallbackAndCatchFirstError 
(node_modules/react-dom/cjs/react-dom.development.js:4291:25)
      at executeDispatch 
(node_modules/react-dom/cjs/react-dom.development.js:9041:3)
      at processDispatchQueueItemsInOrder 
(node_modules/react-dom/cjs/react-dom.development.js:9073:7)
      at processDispatchQueue 
(node_modules/react-dom/cjs/react-dom.development.js:9086:5)
      at dispatchEventsForPlugins 
(node_modules/react-dom/cjs/react-dom.development.js:9097:3)
      at node_modules/react-dom/cjs/react-dom.development.js:9288:12
      at batchedUpdates$1 
(node_modules/react-dom/cjs/react-dom.development.js:26179:12)
      at batchedUpdates 
(node_modules/react-dom/cjs/react-dom.development.js:3991:12)
      at dispatchEventForPluginEventSystem 
(node_modules/react-dom/cjs/react-dom.development.js:9287:3)
      at dispatchEventWithEnableCapturePhaseSelectiveHydrationWithoutDiscreteEv
entReplay (node_modules/react-dom/cjs/react-dom.development.js:6465:5)
      at dispatchEvent 
(node_modules/react-dom/cjs/react-dom.development.js:6457:5)
      at dispatchDiscreteEvent 
(node_modules/react-dom/cjs/react-dom.development.js:6430:5)
      at HTMLDivElement.callTheUserObjectsOperation 
(node_modules/jsdom/lib/jsdom/living/generated/EventListener.js:26:30)
      at innerInvokeEventListeners 
(node_modules/jsdom/lib/jsdom/living/events/EventTarget-impl.js:350:25)
      at invokeEventListeners 
(node_modules/jsdom/lib/jsdom/living/events/EventTarget-impl.js:286:3)
      at HTMLInputElementImpl._dispatch 
(node_modules/jsdom/lib/jsdom/living/events/EventTarget-impl.js:233:9)
      at HTMLInputElementImpl.dispatchEvent 
(node_modules/jsdom/lib/jsdom/living/events/EventTarget-impl.js:104:17)
      at HTMLInputElement.dispatchEvent 
(node_modules/jsdom/lib/jsdom/living/generated/EventTarget.js:241:34)
      at 
node_modules/@testing-library/user-event/dist/cjs/event/dispatchEvent.js:45:43
      at Object.eventWrapper 
(node_modules/@testing-library/dom/dist/config.js:25:23)
      at Object.wrapEvent 
(node_modules/@testing-library/user-event/dist/cjs/event/wrapEvent.js:6:28)
      at Object.dispatchEvent (node_modules/@testing-library/user-event/dist/cj
s/event/dispatchEvent.js:45:22)
      at Object.dispatchUIEvent (node_modules/@testing-library/user-event/dist/
cjs/event/dispatchEvent.js:22:26)
      at commitInput 
(node_modules/@testing-library/user-event/dist/cjs/event/input.js:145:14)
      at editInputElement 
(node_modules/@testing-library/user-event/dist/cjs/event/input.js:115:9)
      at Object.input 
(node_modules/@testing-library/user-event/dist/cjs/event/input.js:37:9)
      at node_modules/@testing-library/user-event/dist/cjs/event/behavior/keypr
ess.js:31:26
      at Object.dispatchEvent (node_modules/@testing-library/user-event/dist/cj
s/event/dispatchEvent.js:41:13)
      at Object.dispatchUIEvent (node_modules/@testing-library/user-event/dist/
cjs/event/dispatchEvent.js:22:26)
      at KeyboardHost.keydown 
(node_modules/@testing-library/user-event/dist/cjs/system/keyboard.js:76:22)
      at keyboardAction 
(node_modules/@testing-library/user-event/dist/cjs/keyboard/index.js:22:35)
      at Object.keyboard 
(node_modules/@testing-library/user-event/dist/cjs/keyboard/index.js:11:15)
      at Object.type 
(node_modules/@testing-library/user-event/dist/cjs/utility/type.js:17:5)
      at Object.<anonymous> 
(src/binding-authorities/__tests__/binding-authorities.test.tsx:1930:9)

    console.error
      Warning: An update to BordereauConfigModal inside a test was not wrapped 
in act(...).
      
      When testing, code that causes React state updates should be wrapped 
into act(...):
      
      act(() => {
        /* fire events that update state */
      });
      /* assert on the output */
      
      This ensures that you're testing the behavior the user would see in the 
browser. Learn more at https://reactjs.org/link/wrap-tests-with-act
          at BordereauConfigModal (C:\Users\samhe\OneDrive\Desktop\Cleaned\fron
tend\src\binding-authorities\BordereauConfigModal\BordereauConfigModal.tsx:217:
5)

      372 |                                     type="text"
      373 |                                     value={name}
    > 374 |                                     onChange={e => 
setName(e.target.value)}
          |                                                    ^
      375 |                                     placeholder="e.g. Q1 2025 Risk 
Bordereau"
      376 |                                     className="border 
border-gray-300 rounded px-3 py-2 text-sm w-full"
      377 |                                     autoFocus

      at printWarning 
(node_modules/react-dom/cjs/react-dom.development.js:86:30)
      at error (node_modules/react-dom/cjs/react-dom.development.js:60:7)
      at warnIfUpdatesNotWrappedWithActDEV 
(node_modules/react-dom/cjs/react-dom.development.js:27628:9)
      at scheduleUpdateOnFiber 
(node_modules/react-dom/cjs/react-dom.development.js:25547:5)
      at dispatchSetState 
(node_modules/react-dom/cjs/react-dom.development.js:16708:7)
      at onChange 
(src/binding-authorities/BordereauConfigModal/BordereauConfigModal.tsx:374:52)
      at HTMLUnknownElement.callCallback 
(node_modules/react-dom/cjs/react-dom.development.js:4164:14)
      at HTMLUnknownElement.callTheUserObjectsOperation 
(node_modules/jsdom/lib/jsdom/living/generated/EventListener.js:26:30)
      at innerInvokeEventListeners 
(node_modules/jsdom/lib/jsdom/living/events/EventTarget-impl.js:350:25)
      at invokeEventListeners 
(node_modules/jsdom/lib/jsdom/living/events/EventTarget-impl.js:286:3)
      at HTMLUnknownElementImpl._dispatch 
(node_modules/jsdom/lib/jsdom/living/events/EventTarget-impl.js:233:9)
      at HTMLUnknownElementImpl.dispatchEvent 
(node_modules/jsdom/lib/jsdom/living/events/EventTarget-impl.js:104:17)
      at HTMLUnknownElement.dispatchEvent 
(node_modules/jsdom/lib/jsdom/living/generated/EventTarget.js:241:34)
      at Object.invokeGuardedCallbackDev 
(node_modules/react-dom/cjs/react-dom.development.js:4213:16)
      at invokeGuardedCallback 
(node_modules/react-dom/cjs/react-dom.development.js:4277:31)
      at invokeGuardedCallbackAndCatchFirstError 
(node_modules/react-dom/cjs/react-dom.development.js:4291:25)
      at executeDispatch 
(node_modules/react-dom/cjs/react-dom.development.js:9041:3)
      at processDispatchQueueItemsInOrder 
(node_modules/react-dom/cjs/react-dom.development.js:9073:7)
      at processDispatchQueue 
(node_modules/react-dom/cjs/react-dom.development.js:9086:5)
      at dispatchEventsForPlugins 
(node_modules/react-dom/cjs/react-dom.development.js:9097:3)
      at node_modules/react-dom/cjs/react-dom.development.js:9288:12
      at batchedUpdates$1 
(node_modules/react-dom/cjs/react-dom.development.js:26179:12)
      at batchedUpdates 
(node_modules/react-dom/cjs/react-dom.development.js:3991:12)
      at dispatchEventForPluginEventSystem 
(node_modules/react-dom/cjs/react-dom.development.js:9287:3)
      at dispatchEventWithEnableCapturePhaseSelectiveHydrationWithoutDiscreteEv
entReplay (node_modules/react-dom/cjs/react-dom.development.js:6465:5)
      at dispatchEvent 
(node_modules/react-dom/cjs/react-dom.development.js:6457:5)
      at dispatchDiscreteEvent 
(node_modules/react-dom/cjs/react-dom.development.js:6430:5)
      at HTMLDivElement.callTheUserObjectsOperation 
(node_modules/jsdom/lib/jsdom/living/generated/EventListener.js:26:30)
      at innerInvokeEventListeners 
(node_modules/jsdom/lib/jsdom/living/events/EventTarget-impl.js:350:25)
      at invokeEventListeners 
(node_modules/jsdom/lib/jsdom/living/events/EventTarget-impl.js:286:3)
      at HTMLInputElementImpl._dispatch 
(node_modules/jsdom/lib/jsdom/living/events/EventTarget-impl.js:233:9)
      at HTMLInputElementImpl.dispatchEvent 
(node_modules/jsdom/lib/jsdom/living/events/EventTarget-impl.js:104:17)
      at HTMLInputElement.dispatchEvent 
(node_modules/jsdom/lib/jsdom/living/generated/EventTarget.js:241:34)
      at 
node_modules/@testing-library/user-event/dist/cjs/event/dispatchEvent.js:45:43
      at Object.eventWrapper 
(node_modules/@testing-library/dom/dist/config.js:25:23)
      at Object.wrapEvent 
(node_modules/@testing-library/user-event/dist/cjs/event/wrapEvent.js:6:28)
      at Object.dispatchEvent (node_modules/@testing-library/user-event/dist/cj
s/event/dispatchEvent.js:45:22)
      at Object.dispatchUIEvent (node_modules/@testing-library/user-event/dist/
cjs/event/dispatchEvent.js:22:26)
      at commitInput 
(node_modules/@testing-library/user-event/dist/cjs/event/input.js:145:14)
      at editInputElement 
(node_modules/@testing-library/user-event/dist/cjs/event/input.js:115:9)
      at Object.input 
(node_modules/@testing-library/user-event/dist/cjs/event/input.js:37:9)
      at node_modules/@testing-library/user-event/dist/cjs/event/behavior/keypr
ess.js:31:26
      at Object.dispatchEvent (node_modules/@testing-library/user-event/dist/cj
s/event/dispatchEvent.js:41:13)
      at Object.dispatchUIEvent (node_modules/@testing-library/user-event/dist/
cjs/event/dispatchEvent.js:22:26)
      at KeyboardHost.keydown 
(node_modules/@testing-library/user-event/dist/cjs/system/keyboard.js:76:22)
      at keyboardAction 
(node_modules/@testing-library/user-event/dist/cjs/keyboard/index.js:22:35)
      at Object.keyboard 
(node_modules/@testing-library/user-event/dist/cjs/keyboard/index.js:11:15)
      at Object.type 
(node_modules/@testing-library/user-event/dist/cjs/utility/type.js:17:5)
      at goToStep2 
(src/binding-authorities/__tests__/binding-authorities.test.tsx:1891:9)
      at Object.<anonymous> 
(src/binding-authorities/__tests__/binding-authorities.test.tsx:1936:9)

    console.error
      Warning: An update to BordereauConfigModal inside a test was not wrapped 
in act(...).
      
      When testing, code that causes React state updates should be wrapped 
into act(...):
      
      act(() => {
        /* fire events that update state */
      });
      /* assert on the output */
      
      This ensures that you're testing the behavior the user would see in the 
browser. Learn more at https://reactjs.org/link/wrap-tests-with-act
          at BordereauConfigModal (C:\Users\samhe\OneDrive\Desktop\Cleaned\fron
tend\src\binding-authorities\BordereauConfigModal\BordereauConfigModal.tsx:217:
5)

      372 |                                     type="text"
      373 |                                     value={name}
    > 374 |                                     onChange={e => 
setName(e.target.value)}
          |                                                    ^
      375 |                                     placeholder="e.g. Q1 2025 Risk 
Bordereau"
      376 |                                     className="border 
border-gray-300 rounded px-3 py-2 text-sm w-full"
      377 |                                     autoFocus

      at printWarning 
(node_modules/react-dom/cjs/react-dom.development.js:86:30)
      at error (node_modules/react-dom/cjs/react-dom.development.js:60:7)
      at warnIfUpdatesNotWrappedWithActDEV 
(node_modules/react-dom/cjs/react-dom.development.js:27628:9)
      at scheduleUpdateOnFiber 
(node_modules/react-dom/cjs/react-dom.development.js:25547:5)
      at dispatchSetState 
(node_modules/react-dom/cjs/react-dom.development.js:16708:7)
      at onChange 
(src/binding-authorities/BordereauConfigModal/BordereauConfigModal.tsx:374:52)
      at HTMLUnknownElement.callCallback 
(node_modules/react-dom/cjs/react-dom.development.js:4164:14)
      at HTMLUnknownElement.callTheUserObjectsOperation 
(node_modules/jsdom/lib/jsdom/living/generated/EventListener.js:26:30)
      at innerInvokeEventListeners 
(node_modules/jsdom/lib/jsdom/living/events/EventTarget-impl.js:350:25)
      at invokeEventListeners 
(node_modules/jsdom/lib/jsdom/living/events/EventTarget-impl.js:286:3)
      at HTMLUnknownElementImpl._dispatch 
(node_modules/jsdom/lib/jsdom/living/events/EventTarget-impl.js:233:9)
      at HTMLUnknownElementImpl.dispatchEvent 
(node_modules/jsdom/lib/jsdom/living/events/EventTarget-impl.js:104:17)
      at HTMLUnknownElement.dispatchEvent 
(node_modules/jsdom/lib/jsdom/living/generated/EventTarget.js:241:34)
      at Object.invokeGuardedCallbackDev 
(node_modules/react-dom/cjs/react-dom.development.js:4213:16)
      at invokeGuardedCallback 
(node_modules/react-dom/cjs/react-dom.development.js:4277:31)
      at invokeGuardedCallbackAndCatchFirstError 
(node_modules/react-dom/cjs/react-dom.development.js:4291:25)
      at executeDispatch 
(node_modules/react-dom/cjs/react-dom.development.js:9041:3)
      at processDispatchQueueItemsInOrder 
(node_modules/react-dom/cjs/react-dom.development.js:9073:7)
      at processDispatchQueue 
(node_modules/react-dom/cjs/react-dom.development.js:9086:5)
      at dispatchEventsForPlugins 
(node_modules/react-dom/cjs/react-dom.development.js:9097:3)
      at node_modules/react-dom/cjs/react-dom.development.js:9288:12
      at batchedUpdates$1 
(node_modules/react-dom/cjs/react-dom.development.js:26179:12)
      at batchedUpdates 
(node_modules/react-dom/cjs/react-dom.development.js:3991:12)
      at dispatchEventForPluginEventSystem 
(node_modules/react-dom/cjs/react-dom.development.js:9287:3)
      at dispatchEventWithEnableCapturePhaseSelectiveHydrationWithoutDiscreteEv
entReplay (node_modules/react-dom/cjs/react-dom.development.js:6465:5)
      at dispatchEvent 
(node_modules/react-dom/cjs/react-dom.development.js:6457:5)
      at dispatchDiscreteEvent 
(node_modules/react-dom/cjs/react-dom.development.js:6430:5)
      at HTMLDivElement.callTheUserObjectsOperation 
(node_modules/jsdom/lib/jsdom/living/generated/EventListener.js:26:30)
      at innerInvokeEventListeners 
(node_modules/jsdom/lib/jsdom/living/events/EventTarget-impl.js:350:25)
      at invokeEventListeners 
(node_modules/jsdom/lib/jsdom/living/events/EventTarget-impl.js:286:3)
      at HTMLInputElementImpl._dispatch 
(node_modules/jsdom/lib/jsdom/living/events/EventTarget-impl.js:233:9)
      at HTMLInputElementImpl.dispatchEvent 
(node_modules/jsdom/lib/jsdom/living/events/EventTarget-impl.js:104:17)
      at HTMLInputElement.dispatchEvent 
(node_modules/jsdom/lib/jsdom/living/generated/EventTarget.js:241:34)
      at 
node_modules/@testing-library/user-event/dist/cjs/event/dispatchEvent.js:45:43
      at Object.eventWrapper 
(node_modules/@testing-library/dom/dist/config.js:25:23)
      at Object.wrapEvent 
(node_modules/@testing-library/user-event/dist/cjs/event/wrapEvent.js:6:28)
      at Object.dispatchEvent (node_modules/@testing-library/user-event/dist/cj
s/event/dispatchEvent.js:45:22)
      at Object.dispatchUIEvent (node_modules/@testing-library/user-event/dist/
cjs/event/dispatchEvent.js:22:26)
      at commitInput 
(node_modules/@testing-library/user-event/dist/cjs/event/input.js:145:14)
      at editInputElement 
(node_modules/@testing-library/user-event/dist/cjs/event/input.js:115:9)
      at Object.input 
(node_modules/@testing-library/user-event/dist/cjs/event/input.js:37:9)
      at node_modules/@testing-library/user-event/dist/cjs/event/behavior/keypr
ess.js:31:26
      at Object.dispatchEvent (node_modules/@testing-library/user-event/dist/cj
s/event/dispatchEvent.js:41:13)
      at Object.dispatchUIEvent (node_modules/@testing-library/user-event/dist/
cjs/event/dispatchEvent.js:22:26)
      at KeyboardHost.keydown 
(node_modules/@testing-library/user-event/dist/cjs/system/keyboard.js:76:22)
      at keyboardAction 
(node_modules/@testing-library/user-event/dist/cjs/keyboard/index.js:22:35)
      at Object.keyboard 
(node_modules/@testing-library/user-event/dist/cjs/keyboard/index.js:11:15)
      at Object.type 
(node_modules/@testing-library/user-event/dist/cjs/utility/type.js:17:5)
      at goToStep2 
(src/binding-authorities/__tests__/binding-authorities.test.tsx:1891:9)
      at Object.<anonymous> 
(src/binding-authorities/__tests__/binding-authorities.test.tsx:1936:9)

    console.error
      Warning: An update to BordereauConfigModal inside a test was not wrapped 
in act(...).
      
      When testing, code that causes React state updates should be wrapped 
into act(...):
      
      act(() => {
        /* fire events that update state */
      });
      /* assert on the output */
      
      This ensures that you're testing the behavior the user would see in the 
browser. Learn more at https://reactjs.org/link/wrap-tests-with-act
          at BordereauConfigModal (C:\Users\samhe\OneDrive\Desktop\Cleaned\fron
tend\src\binding-authorities\BordereauConfigModal\BordereauConfigModal.tsx:217:
5)

      372 |                                     type="text"
      373 |                                     value={name}
    > 374 |                                     onChange={e => 
setName(e.target.value)}
          |                                                    ^
      375 |                                     placeholder="e.g. Q1 2025 Risk 
Bordereau"
      376 |                                     className="border 
border-gray-300 rounded px-3 py-2 text-sm w-full"
      377 |                                     autoFocus

      at printWarning 
(node_modules/react-dom/cjs/react-dom.development.js:86:30)
      at error (node_modules/react-dom/cjs/react-dom.development.js:60:7)
      at warnIfUpdatesNotWrappedWithActDEV 
(node_modules/react-dom/cjs/react-dom.development.js:27628:9)
      at scheduleUpdateOnFiber 
(node_modules/react-dom/cjs/react-dom.development.js:25547:5)
      at dispatchSetState 
(node_modules/react-dom/cjs/react-dom.development.js:16708:7)
      at onChange 
(src/binding-authorities/BordereauConfigModal/BordereauConfigModal.tsx:374:52)
      at HTMLUnknownElement.callCallback 
(node_modules/react-dom/cjs/react-dom.development.js:4164:14)
      at HTMLUnknownElement.callTheUserObjectsOperation 
(node_modules/jsdom/lib/jsdom/living/generated/EventListener.js:26:30)
      at innerInvokeEventListeners 
(node_modules/jsdom/lib/jsdom/living/events/EventTarget-impl.js:350:25)
      at invokeEventListeners 
(node_modules/jsdom/lib/jsdom/living/events/EventTarget-impl.js:286:3)
      at HTMLUnknownElementImpl._dispatch 
(node_modules/jsdom/lib/jsdom/living/events/EventTarget-impl.js:233:9)
      at HTMLUnknownElementImpl.dispatchEvent 
(node_modules/jsdom/lib/jsdom/living/events/EventTarget-impl.js:104:17)
      at HTMLUnknownElement.dispatchEvent 
(node_modules/jsdom/lib/jsdom/living/generated/EventTarget.js:241:34)
      at Object.invokeGuardedCallbackDev 
(node_modules/react-dom/cjs/react-dom.development.js:4213:16)
      at invokeGuardedCallback 
(node_modules/react-dom/cjs/react-dom.development.js:4277:31)
      at invokeGuardedCallbackAndCatchFirstError 
(node_modules/react-dom/cjs/react-dom.development.js:4291:25)
      at executeDispatch 
(node_modules/react-dom/cjs/react-dom.development.js:9041:3)
      at processDispatchQueueItemsInOrder 
(node_modules/react-dom/cjs/react-dom.development.js:9073:7)
      at processDispatchQueue 
(node_modules/react-dom/cjs/react-dom.development.js:9086:5)
      at dispatchEventsForPlugins 
(node_modules/react-dom/cjs/react-dom.development.js:9097:3)
      at node_modules/react-dom/cjs/react-dom.development.js:9288:12
      at batchedUpdates$1 
(node_modules/react-dom/cjs/react-dom.development.js:26179:12)
      at batchedUpdates 
(node_modules/react-dom/cjs/react-dom.development.js:3991:12)
      at dispatchEventForPluginEventSystem 
(node_modules/react-dom/cjs/react-dom.development.js:9287:3)
      at dispatchEventWithEnableCapturePhaseSelectiveHydrationWithoutDiscreteEv
entReplay (node_modules/react-dom/cjs/react-dom.development.js:6465:5)
      at dispatchEvent 
(node_modules/react-dom/cjs/react-dom.development.js:6457:5)
      at dispatchDiscreteEvent 
(node_modules/react-dom/cjs/react-dom.development.js:6430:5)
      at HTMLDivElement.callTheUserObjectsOperation 
(node_modules/jsdom/lib/jsdom/living/generated/EventListener.js:26:30)
      at innerInvokeEventListeners 
(node_modules/jsdom/lib/jsdom/living/events/EventTarget-impl.js:350:25)
      at invokeEventListeners 
(node_modules/jsdom/lib/jsdom/living/events/EventTarget-impl.js:286:3)
      at HTMLInputElementImpl._dispatch 
(node_modules/jsdom/lib/jsdom/living/events/EventTarget-impl.js:233:9)
      at HTMLInputElementImpl.dispatchEvent 
(node_modules/jsdom/lib/jsdom/living/events/EventTarget-impl.js:104:17)
      at HTMLInputElement.dispatchEvent 
(node_modules/jsdom/lib/jsdom/living/generated/EventTarget.js:241:34)
      at 
node_modules/@testing-library/user-event/dist/cjs/event/dispatchEvent.js:45:43
      at Object.eventWrapper 
(node_modules/@testing-library/dom/dist/config.js:25:23)
      at Object.wrapEvent 
(node_modules/@testing-library/user-event/dist/cjs/event/wrapEvent.js:6:28)
      at Object.dispatchEvent (node_modules/@testing-library/user-event/dist/cj
s/event/dispatchEvent.js:45:22)
      at Object.dispatchUIEvent (node_modules/@testing-library/user-event/dist/
cjs/event/dispatchEvent.js:22:26)
      at commitInput 
(node_modules/@testing-library/user-event/dist/cjs/event/input.js:145:14)
      at editInputElement 
(node_modules/@testing-library/user-event/dist/cjs/event/input.js:115:9)
      at Object.input 
(node_modules/@testing-library/user-event/dist/cjs/event/input.js:37:9)
      at node_modules/@testing-library/user-event/dist/cjs/event/behavior/keypr
ess.js:31:26
      at Object.dispatchEvent (node_modules/@testing-library/user-event/dist/cj
s/event/dispatchEvent.js:41:13)
      at Object.dispatchUIEvent (node_modules/@testing-library/user-event/dist/
cjs/event/dispatchEvent.js:22:26)
      at KeyboardHost.keydown 
(node_modules/@testing-library/user-event/dist/cjs/system/keyboard.js:76:22)
      at keyboardAction 
(node_modules/@testing-library/user-event/dist/cjs/keyboard/index.js:22:35)
      at Object.keyboard 
(node_modules/@testing-library/user-event/dist/cjs/keyboard/index.js:11:15)
      at Object.type 
(node_modules/@testing-library/user-event/dist/cjs/utility/type.js:17:5)
      at goToStep2 
(src/binding-authorities/__tests__/binding-authorities.test.tsx:1891:9)
      at Object.<anonymous> 
(src/binding-authorities/__tests__/binding-authorities.test.tsx:1936:9)

    console.error
      Warning: An update to BordereauConfigModal inside a test was not wrapped 
in act(...).
      
      When testing, code that causes React state updates should be wrapped 
into act(...):
      
      act(() => {
        /* fire events that update state */
      });
      /* assert on the output */
      
      This ensures that you're testing the behavior the user would see in the 
browser. Learn more at https://reactjs.org/link/wrap-tests-with-act
          at BordereauConfigModal (C:\Users\samhe\OneDrive\Desktop\Cleaned\fron
tend\src\binding-authorities\BordereauConfigModal\BordereauConfigModal.tsx:217:
5)

      372 |                                     type="text"
      373 |                                     value={name}
    > 374 |                                     onChange={e => 
setName(e.target.value)}
          |                                                    ^
      375 |                                     placeholder="e.g. Q1 2025 Risk 
Bordereau"
      376 |                                     className="border 
border-gray-300 rounded px-3 py-2 text-sm w-full"
      377 |                                     autoFocus

      at printWarning 
(node_modules/react-dom/cjs/react-dom.development.js:86:30)
      at error (node_modules/react-dom/cjs/react-dom.development.js:60:7)
      at warnIfUpdatesNotWrappedWithActDEV 
(node_modules/react-dom/cjs/react-dom.development.js:27628:9)
      at scheduleUpdateOnFiber 
(node_modules/react-dom/cjs/react-dom.development.js:25547:5)
      at dispatchSetState 
(node_modules/react-dom/cjs/react-dom.development.js:16708:7)
      at onChange 
(src/binding-authorities/BordereauConfigModal/BordereauConfigModal.tsx:374:52)
      at HTMLUnknownElement.callCallback 
(node_modules/react-dom/cjs/react-dom.development.js:4164:14)
      at HTMLUnknownElement.callTheUserObjectsOperation 
(node_modules/jsdom/lib/jsdom/living/generated/EventListener.js:26:30)
      at innerInvokeEventListeners 
(node_modules/jsdom/lib/jsdom/living/events/EventTarget-impl.js:350:25)
      at invokeEventListeners 
(node_modules/jsdom/lib/jsdom/living/events/EventTarget-impl.js:286:3)
      at HTMLUnknownElementImpl._dispatch 
(node_modules/jsdom/lib/jsdom/living/events/EventTarget-impl.js:233:9)
      at HTMLUnknownElementImpl.dispatchEvent 
(node_modules/jsdom/lib/jsdom/living/events/EventTarget-impl.js:104:17)
      at HTMLUnknownElement.dispatchEvent 
(node_modules/jsdom/lib/jsdom/living/generated/EventTarget.js:241:34)
      at Object.invokeGuardedCallbackDev 
(node_modules/react-dom/cjs/react-dom.development.js:4213:16)
      at invokeGuardedCallback 
(node_modules/react-dom/cjs/react-dom.development.js:4277:31)
      at invokeGuardedCallbackAndCatchFirstError 
(node_modules/react-dom/cjs/react-dom.development.js:4291:25)
      at executeDispatch 
(node_modules/react-dom/cjs/react-dom.development.js:9041:3)
      at processDispatchQueueItemsInOrder 
(node_modules/react-dom/cjs/react-dom.development.js:9073:7)
      at processDispatchQueue 
(node_modules/react-dom/cjs/react-dom.development.js:9086:5)
      at dispatchEventsForPlugins 
(node_modules/react-dom/cjs/react-dom.development.js:9097:3)
      at node_modules/react-dom/cjs/react-dom.development.js:9288:12
      at batchedUpdates$1 
(node_modules/react-dom/cjs/react-dom.development.js:26179:12)
      at batchedUpdates 
(node_modules/react-dom/cjs/react-dom.development.js:3991:12)
      at dispatchEventForPluginEventSystem 
(node_modules/react-dom/cjs/react-dom.development.js:9287:3)
      at dispatchEventWithEnableCapturePhaseSelectiveHydrationWithoutDiscreteEv
entReplay (node_modules/react-dom/cjs/react-dom.development.js:6465:5)
      at dispatchEvent 
(node_modules/react-dom/cjs/react-dom.development.js:6457:5)
      at dispatchDiscreteEvent 
(node_modules/react-dom/cjs/react-dom.development.js:6430:5)
      at HTMLDivElement.callTheUserObjectsOperation 
(node_modules/jsdom/lib/jsdom/living/generated/EventListener.js:26:30)
      at innerInvokeEventListeners 
(node_modules/jsdom/lib/jsdom/living/events/EventTarget-impl.js:350:25)
      at invokeEventListeners 
(node_modules/jsdom/lib/jsdom/living/events/EventTarget-impl.js:286:3)
      at HTMLInputElementImpl._dispatch 
(node_modules/jsdom/lib/jsdom/living/events/EventTarget-impl.js:233:9)
      at HTMLInputElementImpl.dispatchEvent 
(node_modules/jsdom/lib/jsdom/living/events/EventTarget-impl.js:104:17)
      at HTMLInputElement.dispatchEvent 
(node_modules/jsdom/lib/jsdom/living/generated/EventTarget.js:241:34)
      at 
node_modules/@testing-library/user-event/dist/cjs/event/dispatchEvent.js:45:43
      at Object.eventWrapper 
(node_modules/@testing-library/dom/dist/config.js:25:23)
      at Object.wrapEvent 
(node_modules/@testing-library/user-event/dist/cjs/event/wrapEvent.js:6:28)
      at Object.dispatchEvent (node_modules/@testing-library/user-event/dist/cj
s/event/dispatchEvent.js:45:22)
      at Object.dispatchUIEvent (node_modules/@testing-library/user-event/dist/
cjs/event/dispatchEvent.js:22:26)
      at commitInput 
(node_modules/@testing-library/user-event/dist/cjs/event/input.js:145:14)
      at editInputElement 
(node_modules/@testing-library/user-event/dist/cjs/event/input.js:115:9)
      at Object.input 
(node_modules/@testing-library/user-event/dist/cjs/event/input.js:37:9)
      at node_modules/@testing-library/user-event/dist/cjs/event/behavior/keypr
ess.js:31:26
      at Object.dispatchEvent (node_modules/@testing-library/user-event/dist/cj
s/event/dispatchEvent.js:41:13)
      at Object.dispatchUIEvent (node_modules/@testing-library/user-event/dist/
cjs/event/dispatchEvent.js:22:26)
      at KeyboardHost.keydown 
(node_modules/@testing-library/user-event/dist/cjs/system/keyboard.js:76:22)
      at keyboardAction 
(node_modules/@testing-library/user-event/dist/cjs/keyboard/index.js:22:35)
      at Object.keyboard 
(node_modules/@testing-library/user-event/dist/cjs/keyboard/index.js:11:15)
      at Object.type 
(node_modules/@testing-library/user-event/dist/cjs/utility/type.js:17:5)
      at goToStep2 
(src/binding-authorities/__tests__/binding-authorities.test.tsx:1891:9)
      at Object.<anonymous> 
(src/binding-authorities/__tests__/binding-authorities.test.tsx:1936:9)

    console.error
      Warning: An update to BordereauConfigModal inside a test was not wrapped 
in act(...).
      
      When testing, code that causes React state updates should be wrapped 
into act(...):
      
      act(() => {
        /* fire events that update state */
      });
      /* assert on the output */
      
      This ensures that you're testing the behavior the user would see in the 
browser. Learn more at https://reactjs.org/link/wrap-tests-with-act
          at BordereauConfigModal (C:\Users\samhe\OneDrive\Desktop\Cleaned\fron
tend\src\binding-authorities\BordereauConfigModal\BordereauConfigModal.tsx:217:
5)

      372 |                                     type="text"
      373 |                                     value={name}
    > 374 |                                     onChange={e => 
setName(e.target.value)}
          |                                                    ^
      375 |                                     placeholder="e.g. Q1 2025 Risk 
Bordereau"
      376 |                                     className="border 
border-gray-300 rounded px-3 py-2 text-sm w-full"
      377 |                                     autoFocus

      at printWarning 
(node_modules/react-dom/cjs/react-dom.development.js:86:30)
      at error (node_modules/react-dom/cjs/react-dom.development.js:60:7)
      at warnIfUpdatesNotWrappedWithActDEV 
(node_modules/react-dom/cjs/react-dom.development.js:27628:9)
      at scheduleUpdateOnFiber 
(node_modules/react-dom/cjs/react-dom.development.js:25547:5)
      at dispatchSetState 
(node_modules/react-dom/cjs/react-dom.development.js:16708:7)
      at onChange 
(src/binding-authorities/BordereauConfigModal/BordereauConfigModal.tsx:374:52)
      at HTMLUnknownElement.callCallback 
(node_modules/react-dom/cjs/react-dom.development.js:4164:14)
      at HTMLUnknownElement.callTheUserObjectsOperation 
(node_modules/jsdom/lib/jsdom/living/generated/EventListener.js:26:30)
      at innerInvokeEventListeners 
(node_modules/jsdom/lib/jsdom/living/events/EventTarget-impl.js:350:25)
      at invokeEventListeners 
(node_modules/jsdom/lib/jsdom/living/events/EventTarget-impl.js:286:3)
      at HTMLUnknownElementImpl._dispatch 
(node_modules/jsdom/lib/jsdom/living/events/EventTarget-impl.js:233:9)
      at HTMLUnknownElementImpl.dispatchEvent 
(node_modules/jsdom/lib/jsdom/living/events/EventTarget-impl.js:104:17)
      at HTMLUnknownElement.dispatchEvent 
(node_modules/jsdom/lib/jsdom/living/generated/EventTarget.js:241:34)
      at Object.invokeGuardedCallbackDev 
(node_modules/react-dom/cjs/react-dom.development.js:4213:16)
      at invokeGuardedCallback 
(node_modules/react-dom/cjs/react-dom.development.js:4277:31)
      at invokeGuardedCallbackAndCatchFirstError 
(node_modules/react-dom/cjs/react-dom.development.js:4291:25)
      at executeDispatch 
(node_modules/react-dom/cjs/react-dom.development.js:9041:3)
      at processDispatchQueueItemsInOrder 
(node_modules/react-dom/cjs/react-dom.development.js:9073:7)
      at processDispatchQueue 
(node_modules/react-dom/cjs/react-dom.development.js:9086:5)
      at dispatchEventsForPlugins 
(node_modules/react-dom/cjs/react-dom.development.js:9097:3)
      at node_modules/react-dom/cjs/react-dom.development.js:9288:12
      at batchedUpdates$1 
(node_modules/react-dom/cjs/react-dom.development.js:26179:12)
      at batchedUpdates 
(node_modules/react-dom/cjs/react-dom.development.js:3991:12)
      at dispatchEventForPluginEventSystem 
(node_modules/react-dom/cjs/react-dom.development.js:9287:3)
      at dispatchEventWithEnableCapturePhaseSelectiveHydrationWithoutDiscreteEv
entReplay (node_modules/react-dom/cjs/react-dom.development.js:6465:5)
      at dispatchEvent 
(node_modules/react-dom/cjs/react-dom.development.js:6457:5)
      at dispatchDiscreteEvent 
(node_modules/react-dom/cjs/react-dom.development.js:6430:5)
      at HTMLDivElement.callTheUserObjectsOperation 
(node_modules/jsdom/lib/jsdom/living/generated/EventListener.js:26:30)
      at innerInvokeEventListeners 
(node_modules/jsdom/lib/jsdom/living/events/EventTarget-impl.js:350:25)
      at invokeEventListeners 
(node_modules/jsdom/lib/jsdom/living/events/EventTarget-impl.js:286:3)
      at HTMLInputElementImpl._dispatch 
(node_modules/jsdom/lib/jsdom/living/events/EventTarget-impl.js:233:9)
      at HTMLInputElementImpl.dispatchEvent 
(node_modules/jsdom/lib/jsdom/living/events/EventTarget-impl.js:104:17)
      at HTMLInputElement.dispatchEvent 
(node_modules/jsdom/lib/jsdom/living/generated/EventTarget.js:241:34)
      at 
node_modules/@testing-library/user-event/dist/cjs/event/dispatchEvent.js:45:43
      at Object.eventWrapper 
(node_modules/@testing-library/dom/dist/config.js:25:23)
      at Object.wrapEvent 
(node_modules/@testing-library/user-event/dist/cjs/event/wrapEvent.js:6:28)
      at Object.dispatchEvent (node_modules/@testing-library/user-event/dist/cj
s/event/dispatchEvent.js:45:22)
      at Object.dispatchUIEvent (node_modules/@testing-library/user-event/dist/
cjs/event/dispatchEvent.js:22:26)
      at commitInput 
(node_modules/@testing-library/user-event/dist/cjs/event/input.js:145:14)
      at editInputElement 
(node_modules/@testing-library/user-event/dist/cjs/event/input.js:115:9)
      at Object.input 
(node_modules/@testing-library/user-event/dist/cjs/event/input.js:37:9)
      at node_modules/@testing-library/user-event/dist/cjs/event/behavior/keypr
ess.js:31:26
      at Object.dispatchEvent (node_modules/@testing-library/user-event/dist/cj
s/event/dispatchEvent.js:41:13)
      at Object.dispatchUIEvent (node_modules/@testing-library/user-event/dist/
cjs/event/dispatchEvent.js:22:26)
      at KeyboardHost.keydown 
(node_modules/@testing-library/user-event/dist/cjs/system/keyboard.js:76:22)
      at keyboardAction 
(node_modules/@testing-library/user-event/dist/cjs/keyboard/index.js:22:35)
      at Object.keyboard 
(node_modules/@testing-library/user-event/dist/cjs/keyboard/index.js:11:15)
      at Object.type 
(node_modules/@testing-library/user-event/dist/cjs/utility/type.js:17:5)
      at goToStep2 
(src/binding-authorities/__tests__/binding-authorities.test.tsx:1891:9)
      at Object.<anonymous> 
(src/binding-authorities/__tests__/binding-authorities.test.tsx:1936:9)

    console.error
      Warning: An update to BordereauConfigModal inside a test was not wrapped 
in act(...).
      
      When testing, code that causes React state updates should be wrapped 
into act(...):
      
      act(() => {
        /* fire events that update state */
      });
      /* assert on the output */
      
      This ensures that you're testing the behavior the user would see in the 
browser. Learn more at https://reactjs.org/link/wrap-tests-with-act
          at BordereauConfigModal (C:\Users\samhe\OneDrive\Desktop\Cleaned\fron
tend\src\binding-authorities\BordereauConfigModal\BordereauConfigModal.tsx:217:
5)

      372 |                                     type="text"
      373 |                                     value={name}
    > 374 |                                     onChange={e => 
setName(e.target.value)}
          |                                                    ^
      375 |                                     placeholder="e.g. Q1 2025 Risk 
Bordereau"
      376 |                                     className="border 
border-gray-300 rounded px-3 py-2 text-sm w-full"
      377 |                                     autoFocus

      at printWarning 
(node_modules/react-dom/cjs/react-dom.development.js:86:30)
      at error (node_modules/react-dom/cjs/react-dom.development.js:60:7)
      at warnIfUpdatesNotWrappedWithActDEV 
(node_modules/react-dom/cjs/react-dom.development.js:27628:9)
      at scheduleUpdateOnFiber 
(node_modules/react-dom/cjs/react-dom.development.js:25547:5)
      at dispatchSetState 
(node_modules/react-dom/cjs/react-dom.development.js:16708:7)
      at onChange 
(src/binding-authorities/BordereauConfigModal/BordereauConfigModal.tsx:374:52)
      at HTMLUnknownElement.callCallback 
(node_modules/react-dom/cjs/react-dom.development.js:4164:14)
      at HTMLUnknownElement.callTheUserObjectsOperation 
(node_modules/jsdom/lib/jsdom/living/generated/EventListener.js:26:30)
      at innerInvokeEventListeners 
(node_modules/jsdom/lib/jsdom/living/events/EventTarget-impl.js:350:25)
      at invokeEventListeners 
(node_modules/jsdom/lib/jsdom/living/events/EventTarget-impl.js:286:3)
      at HTMLUnknownElementImpl._dispatch 
(node_modules/jsdom/lib/jsdom/living/events/EventTarget-impl.js:233:9)
      at HTMLUnknownElementImpl.dispatchEvent 
(node_modules/jsdom/lib/jsdom/living/events/EventTarget-impl.js:104:17)
      at HTMLUnknownElement.dispatchEvent 
(node_modules/jsdom/lib/jsdom/living/generated/EventTarget.js:241:34)
      at Object.invokeGuardedCallbackDev 
(node_modules/react-dom/cjs/react-dom.development.js:4213:16)
      at invokeGuardedCallback 
(node_modules/react-dom/cjs/react-dom.development.js:4277:31)
      at invokeGuardedCallbackAndCatchFirstError 
(node_modules/react-dom/cjs/react-dom.development.js:4291:25)
      at executeDispatch 
(node_modules/react-dom/cjs/react-dom.development.js:9041:3)
      at processDispatchQueueItemsInOrder 
(node_modules/react-dom/cjs/react-dom.development.js:9073:7)
      at processDispatchQueue 
(node_modules/react-dom/cjs/react-dom.development.js:9086:5)
      at dispatchEventsForPlugins 
(node_modules/react-dom/cjs/react-dom.development.js:9097:3)
      at node_modules/react-dom/cjs/react-dom.development.js:9288:12
      at batchedUpdates$1 
(node_modules/react-dom/cjs/react-dom.development.js:26179:12)
      at batchedUpdates 
(node_modules/react-dom/cjs/react-dom.development.js:3991:12)
      at dispatchEventForPluginEventSystem 
(node_modules/react-dom/cjs/react-dom.development.js:9287:3)
      at dispatchEventWithEnableCapturePhaseSelectiveHydrationWithoutDiscreteEv
entReplay (node_modules/react-dom/cjs/react-dom.development.js:6465:5)
      at dispatchEvent 
(node_modules/react-dom/cjs/react-dom.development.js:6457:5)
      at dispatchDiscreteEvent 
(node_modules/react-dom/cjs/react-dom.development.js:6430:5)
      at HTMLDivElement.callTheUserObjectsOperation 
(node_modules/jsdom/lib/jsdom/living/generated/EventListener.js:26:30)
      at innerInvokeEventListeners 
(node_modules/jsdom/lib/jsdom/living/events/EventTarget-impl.js:350:25)
      at invokeEventListeners 
(node_modules/jsdom/lib/jsdom/living/events/EventTarget-impl.js:286:3)
      at HTMLInputElementImpl._dispatch 
(node_modules/jsdom/lib/jsdom/living/events/EventTarget-impl.js:233:9)
      at HTMLInputElementImpl.dispatchEvent 
(node_modules/jsdom/lib/jsdom/living/events/EventTarget-impl.js:104:17)
      at HTMLInputElement.dispatchEvent 
(node_modules/jsdom/lib/jsdom/living/generated/EventTarget.js:241:34)
      at 
node_modules/@testing-library/user-event/dist/cjs/event/dispatchEvent.js:45:43
      at Object.eventWrapper 
(node_modules/@testing-library/dom/dist/config.js:25:23)
      at Object.wrapEvent 
(node_modules/@testing-library/user-event/dist/cjs/event/wrapEvent.js:6:28)
      at Object.dispatchEvent (node_modules/@testing-library/user-event/dist/cj
s/event/dispatchEvent.js:45:22)
      at Object.dispatchUIEvent (node_modules/@testing-library/user-event/dist/
cjs/event/dispatchEvent.js:22:26)
      at commitInput 
(node_modules/@testing-library/user-event/dist/cjs/event/input.js:145:14)
      at editInputElement 
(node_modules/@testing-library/user-event/dist/cjs/event/input.js:115:9)
      at Object.input 
(node_modules/@testing-library/user-event/dist/cjs/event/input.js:37:9)
      at node_modules/@testing-library/user-event/dist/cjs/event/behavior/keypr
ess.js:31:26
      at Object.dispatchEvent (node_modules/@testing-library/user-event/dist/cj
s/event/dispatchEvent.js:41:13)
      at Object.dispatchUIEvent (node_modules/@testing-library/user-event/dist/
cjs/event/dispatchEvent.js:22:26)
      at KeyboardHost.keydown 
(node_modules/@testing-library/user-event/dist/cjs/system/keyboard.js:76:22)
      at keyboardAction 
(node_modules/@testing-library/user-event/dist/cjs/keyboard/index.js:22:35)
      at Object.keyboard 
(node_modules/@testing-library/user-event/dist/cjs/keyboard/index.js:11:15)
      at Object.type 
(node_modules/@testing-library/user-event/dist/cjs/utility/type.js:17:5)
      at goToStep2 
(src/binding-authorities/__tests__/binding-authorities.test.tsx:1891:9)
      at Object.<anonymous> 
(src/binding-authorities/__tests__/binding-authorities.test.tsx:1936:9)

    console.error
      Warning: An update to BordereauConfigModal inside a test was not wrapped 
in act(...).
      
      When testing, code that causes React state updates should be wrapped 
into act(...):
      
      act(() => {
        /* fire events that update state */
      });
      /* assert on the output */
      
      This ensures that you're testing the behavior the user would see in the 
browser. Learn more at https://reactjs.org/link/wrap-tests-with-act
          at BordereauConfigModal (C:\Users\samhe\OneDrive\Desktop\Cleaned\fron
tend\src\binding-authorities\BordereauConfigModal\BordereauConfigModal.tsx:217:
5)

      372 |                                     type="text"
      373 |                                     value={name}
    > 374 |                                     onChange={e => 
setName(e.target.value)}
          |                                                    ^
      375 |                                     placeholder="e.g. Q1 2025 Risk 
Bordereau"
      376 |                                     className="border 
border-gray-300 rounded px-3 py-2 text-sm w-full"
      377 |                                     autoFocus

      at printWarning 
(node_modules/react-dom/cjs/react-dom.development.js:86:30)
      at error (node_modules/react-dom/cjs/react-dom.development.js:60:7)
      at warnIfUpdatesNotWrappedWithActDEV 
(node_modules/react-dom/cjs/react-dom.development.js:27628:9)
      at scheduleUpdateOnFiber 
(node_modules/react-dom/cjs/react-dom.development.js:25547:5)
      at dispatchSetState 
(node_modules/react-dom/cjs/react-dom.development.js:16708:7)
      at onChange 
(src/binding-authorities/BordereauConfigModal/BordereauConfigModal.tsx:374:52)
      at HTMLUnknownElement.callCallback 
(node_modules/react-dom/cjs/react-dom.development.js:4164:14)
      at HTMLUnknownElement.callTheUserObjectsOperation 
(node_modules/jsdom/lib/jsdom/living/generated/EventListener.js:26:30)
      at innerInvokeEventListeners 
(node_modules/jsdom/lib/jsdom/living/events/EventTarget-impl.js:350:25)
      at invokeEventListeners 
(node_modules/jsdom/lib/jsdom/living/events/EventTarget-impl.js:286:3)
      at HTMLUnknownElementImpl._dispatch 
(node_modules/jsdom/lib/jsdom/living/events/EventTarget-impl.js:233:9)
      at HTMLUnknownElementImpl.dispatchEvent 
(node_modules/jsdom/lib/jsdom/living/events/EventTarget-impl.js:104:17)
      at HTMLUnknownElement.dispatchEvent 
(node_modules/jsdom/lib/jsdom/living/generated/EventTarget.js:241:34)
      at Object.invokeGuardedCallbackDev 
(node_modules/react-dom/cjs/react-dom.development.js:4213:16)
      at invokeGuardedCallback 
(node_modules/react-dom/cjs/react-dom.development.js:4277:31)
      at invokeGuardedCallbackAndCatchFirstError 
(node_modules/react-dom/cjs/react-dom.development.js:4291:25)
      at executeDispatch 
(node_modules/react-dom/cjs/react-dom.development.js:9041:3)
      at processDispatchQueueItemsInOrder 
(node_modules/react-dom/cjs/react-dom.development.js:9073:7)
      at processDispatchQueue 
(node_modules/react-dom/cjs/react-dom.development.js:9086:5)
      at dispatchEventsForPlugins 
(node_modules/react-dom/cjs/react-dom.development.js:9097:3)
      at node_modules/react-dom/cjs/react-dom.development.js:9288:12
      at batchedUpdates$1 
(node_modules/react-dom/cjs/react-dom.development.js:26179:12)
      at batchedUpdates 
(node_modules/react-dom/cjs/react-dom.development.js:3991:12)
      at dispatchEventForPluginEventSystem 
(node_modules/react-dom/cjs/react-dom.development.js:9287:3)
      at dispatchEventWithEnableCapturePhaseSelectiveHydrationWithoutDiscreteEv
entReplay (node_modules/react-dom/cjs/react-dom.development.js:6465:5)
      at dispatchEvent 
(node_modules/react-dom/cjs/react-dom.development.js:6457:5)
      at dispatchDiscreteEvent 
(node_modules/react-dom/cjs/react-dom.development.js:6430:5)
      at HTMLDivElement.callTheUserObjectsOperation 
(node_modules/jsdom/lib/jsdom/living/generated/EventListener.js:26:30)
      at innerInvokeEventListeners 
(node_modules/jsdom/lib/jsdom/living/events/EventTarget-impl.js:350:25)
      at invokeEventListeners 
(node_modules/jsdom/lib/jsdom/living/events/EventTarget-impl.js:286:3)
      at HTMLInputElementImpl._dispatch 
(node_modules/jsdom/lib/jsdom/living/events/EventTarget-impl.js:233:9)
      at HTMLInputElementImpl.dispatchEvent 
(node_modules/jsdom/lib/jsdom/living/events/EventTarget-impl.js:104:17)
      at HTMLInputElement.dispatchEvent 
(node_modules/jsdom/lib/jsdom/living/generated/EventTarget.js:241:34)
      at 
node_modules/@testing-library/user-event/dist/cjs/event/dispatchEvent.js:45:43
      at Object.eventWrapper 
(node_modules/@testing-library/dom/dist/config.js:25:23)
      at Object.wrapEvent 
(node_modules/@testing-library/user-event/dist/cjs/event/wrapEvent.js:6:28)
      at Object.dispatchEvent (node_modules/@testing-library/user-event/dist/cj
s/event/dispatchEvent.js:45:22)
      at Object.dispatchUIEvent (node_modules/@testing-library/user-event/dist/
cjs/event/dispatchEvent.js:22:26)
      at commitInput 
(node_modules/@testing-library/user-event/dist/cjs/event/input.js:145:14)
      at editInputElement 
(node_modules/@testing-library/user-event/dist/cjs/event/input.js:115:9)
      at Object.input 
(node_modules/@testing-library/user-event/dist/cjs/event/input.js:37:9)
      at node_modules/@testing-library/user-event/dist/cjs/event/behavior/keypr
ess.js:31:26
      at Object.dispatchEvent (node_modules/@testing-library/user-event/dist/cj
s/event/dispatchEvent.js:41:13)
      at Object.dispatchUIEvent (node_modules/@testing-library/user-event/dist/
cjs/event/dispatchEvent.js:22:26)
      at KeyboardHost.keydown 
(node_modules/@testing-library/user-event/dist/cjs/system/keyboard.js:76:22)
      at keyboardAction 
(node_modules/@testing-library/user-event/dist/cjs/keyboard/index.js:22:35)
      at Object.keyboard 
(node_modules/@testing-library/user-event/dist/cjs/keyboard/index.js:11:15)
      at Object.type 
(node_modules/@testing-library/user-event/dist/cjs/utility/type.js:17:5)
      at goToStep2 
(src/binding-authorities/__tests__/binding-authorities.test.tsx:1891:9)
      at Object.<anonymous> 
(src/binding-authorities/__tests__/binding-authorities.test.tsx:1936:9)

    console.error
      Warning: An update to BordereauConfigModal inside a test was not wrapped 
in act(...).
      
      When testing, code that causes React state updates should be wrapped 
into act(...):
      
      act(() => {
        /* fire events that update state */
      });
      /* assert on the output */
      
      This ensures that you're testing the behavior the user would see in the 
browser. Learn more at https://reactjs.org/link/wrap-tests-with-act
          at BordereauConfigModal (C:\Users\samhe\OneDrive\Desktop\Cleaned\fron
tend\src\binding-authorities\BordereauConfigModal\BordereauConfigModal.tsx:217:
5)

      372 |                                     type="text"
      373 |                                     value={name}
    > 374 |                                     onChange={e => 
setName(e.target.value)}
          |                                                    ^
      375 |                                     placeholder="e.g. Q1 2025 Risk 
Bordereau"
      376 |                                     className="border 
border-gray-300 rounded px-3 py-2 text-sm w-full"
      377 |                                     autoFocus

      at printWarning 
(node_modules/react-dom/cjs/react-dom.development.js:86:30)
      at error (node_modules/react-dom/cjs/react-dom.development.js:60:7)
      at warnIfUpdatesNotWrappedWithActDEV 
(node_modules/react-dom/cjs/react-dom.development.js:27628:9)
      at scheduleUpdateOnFiber 
(node_modules/react-dom/cjs/react-dom.development.js:25547:5)
      at dispatchSetState 
(node_modules/react-dom/cjs/react-dom.development.js:16708:7)
      at onChange 
(src/binding-authorities/BordereauConfigModal/BordereauConfigModal.tsx:374:52)
      at HTMLUnknownElement.callCallback 
(node_modules/react-dom/cjs/react-dom.development.js:4164:14)
      at HTMLUnknownElement.callTheUserObjectsOperation 
(node_modules/jsdom/lib/jsdom/living/generated/EventListener.js:26:30)
      at innerInvokeEventListeners 
(node_modules/jsdom/lib/jsdom/living/events/EventTarget-impl.js:350:25)
      at invokeEventListeners 
(node_modules/jsdom/lib/jsdom/living/events/EventTarget-impl.js:286:3)
      at HTMLUnknownElementImpl._dispatch 
(node_modules/jsdom/lib/jsdom/living/events/EventTarget-impl.js:233:9)
      at HTMLUnknownElementImpl.dispatchEvent 
(node_modules/jsdom/lib/jsdom/living/events/EventTarget-impl.js:104:17)
      at HTMLUnknownElement.dispatchEvent 
(node_modules/jsdom/lib/jsdom/living/generated/EventTarget.js:241:34)
      at Object.invokeGuardedCallbackDev 
(node_modules/react-dom/cjs/react-dom.development.js:4213:16)
      at invokeGuardedCallback 
(node_modules/react-dom/cjs/react-dom.development.js:4277:31)
      at invokeGuardedCallbackAndCatchFirstError 
(node_modules/react-dom/cjs/react-dom.development.js:4291:25)
      at executeDispatch 
(node_modules/react-dom/cjs/react-dom.development.js:9041:3)
      at processDispatchQueueItemsInOrder 
(node_modules/react-dom/cjs/react-dom.development.js:9073:7)
      at processDispatchQueue 
(node_modules/react-dom/cjs/react-dom.development.js:9086:5)
      at dispatchEventsForPlugins 
(node_modules/react-dom/cjs/react-dom.development.js:9097:3)
      at node_modules/react-dom/cjs/react-dom.development.js:9288:12
      at batchedUpdates$1 
(node_modules/react-dom/cjs/react-dom.development.js:26179:12)
      at batchedUpdates 
(node_modules/react-dom/cjs/react-dom.development.js:3991:12)
      at dispatchEventForPluginEventSystem 
(node_modules/react-dom/cjs/react-dom.development.js:9287:3)
      at dispatchEventWithEnableCapturePhaseSelectiveHydrationWithoutDiscreteEv
entReplay (node_modules/react-dom/cjs/react-dom.development.js:6465:5)
      at dispatchEvent 
(node_modules/react-dom/cjs/react-dom.development.js:6457:5)
      at dispatchDiscreteEvent 
(node_modules/react-dom/cjs/react-dom.development.js:6430:5)
      at HTMLDivElement.callTheUserObjectsOperation 
(node_modules/jsdom/lib/jsdom/living/generated/EventListener.js:26:30)
      at innerInvokeEventListeners 
(node_modules/jsdom/lib/jsdom/living/events/EventTarget-impl.js:350:25)
      at invokeEventListeners 
(node_modules/jsdom/lib/jsdom/living/events/EventTarget-impl.js:286:3)
      at HTMLInputElementImpl._dispatch 
(node_modules/jsdom/lib/jsdom/living/events/EventTarget-impl.js:233:9)
      at HTMLInputElementImpl.dispatchEvent 
(node_modules/jsdom/lib/jsdom/living/events/EventTarget-impl.js:104:17)
      at HTMLInputElement.dispatchEvent 
(node_modules/jsdom/lib/jsdom/living/generated/EventTarget.js:241:34)
      at 
node_modules/@testing-library/user-event/dist/cjs/event/dispatchEvent.js:45:43
      at Object.eventWrapper 
(node_modules/@testing-library/dom/dist/config.js:25:23)
      at Object.wrapEvent 
(node_modules/@testing-library/user-event/dist/cjs/event/wrapEvent.js:6:28)
      at Object.dispatchEvent (node_modules/@testing-library/user-event/dist/cj
s/event/dispatchEvent.js:45:22)
      at Object.dispatchUIEvent (node_modules/@testing-library/user-event/dist/
cjs/event/dispatchEvent.js:22:26)
      at commitInput 
(node_modules/@testing-library/user-event/dist/cjs/event/input.js:145:14)
      at editInputElement 
(node_modules/@testing-library/user-event/dist/cjs/event/input.js:115:9)
      at Object.input 
(node_modules/@testing-library/user-event/dist/cjs/event/input.js:37:9)
      at node_modules/@testing-library/user-event/dist/cjs/event/behavior/keypr
ess.js:31:26
      at Object.dispatchEvent (node_modules/@testing-library/user-event/dist/cj
s/event/dispatchEvent.js:41:13)
      at Object.dispatchUIEvent (node_modules/@testing-library/user-event/dist/
cjs/event/dispatchEvent.js:22:26)
      at KeyboardHost.keydown 
(node_modules/@testing-library/user-event/dist/cjs/system/keyboard.js:76:22)
      at keyboardAction 
(node_modules/@testing-library/user-event/dist/cjs/keyboard/index.js:22:35)
      at Object.keyboard 
(node_modules/@testing-library/user-event/dist/cjs/keyboard/index.js:11:15)
      at Object.type 
(node_modules/@testing-library/user-event/dist/cjs/utility/type.js:17:5)
      at goToStep2 
(src/binding-authorities/__tests__/binding-authorities.test.tsx:1891:9)
      at Object.<anonymous> 
(src/binding-authorities/__tests__/binding-authorities.test.tsx:1936:9)

    console.error
      Warning: An update to BordereauConfigModal inside a test was not wrapped 
in act(...).
      
      When testing, code that causes React state updates should be wrapped 
into act(...):
      
      act(() => {
        /* fire events that update state */
      });
      /* assert on the output */
      
      This ensures that you're testing the behavior the user would see in the 
browser. Learn more at https://reactjs.org/link/wrap-tests-with-act
          at BordereauConfigModal (C:\Users\samhe\OneDrive\Desktop\Cleaned\fron
tend\src\binding-authorities\BordereauConfigModal\BordereauConfigModal.tsx:217:
5)

      372 |                                     type="text"
      373 |                                     value={name}
    > 374 |                                     onChange={e => 
setName(e.target.value)}
          |                                                    ^
      375 |                                     placeholder="e.g. Q1 2025 Risk 
Bordereau"
      376 |                                     className="border 
border-gray-300 rounded px-3 py-2 text-sm w-full"
      377 |                                     autoFocus

      at printWarning 
(node_modules/react-dom/cjs/react-dom.development.js:86:30)
      at error (node_modules/react-dom/cjs/react-dom.development.js:60:7)
      at warnIfUpdatesNotWrappedWithActDEV 
(node_modules/react-dom/cjs/react-dom.development.js:27628:9)
      at scheduleUpdateOnFiber 
(node_modules/react-dom/cjs/react-dom.development.js:25547:5)
      at dispatchSetState 
(node_modules/react-dom/cjs/react-dom.development.js:16708:7)
      at onChange 
(src/binding-authorities/BordereauConfigModal/BordereauConfigModal.tsx:374:52)
      at HTMLUnknownElement.callCallback 
(node_modules/react-dom/cjs/react-dom.development.js:4164:14)
      at HTMLUnknownElement.callTheUserObjectsOperation 
(node_modules/jsdom/lib/jsdom/living/generated/EventListener.js:26:30)
      at innerInvokeEventListeners 
(node_modules/jsdom/lib/jsdom/living/events/EventTarget-impl.js:350:25)
      at invokeEventListeners 
(node_modules/jsdom/lib/jsdom/living/events/EventTarget-impl.js:286:3)
      at HTMLUnknownElementImpl._dispatch 
(node_modules/jsdom/lib/jsdom/living/events/EventTarget-impl.js:233:9)
      at HTMLUnknownElementImpl.dispatchEvent 
(node_modules/jsdom/lib/jsdom/living/events/EventTarget-impl.js:104:17)
      at HTMLUnknownElement.dispatchEvent 
(node_modules/jsdom/lib/jsdom/living/generated/EventTarget.js:241:34)
      at Object.invokeGuardedCallbackDev 
(node_modules/react-dom/cjs/react-dom.development.js:4213:16)
      at invokeGuardedCallback 
(node_modules/react-dom/cjs/react-dom.development.js:4277:31)
      at invokeGuardedCallbackAndCatchFirstError 
(node_modules/react-dom/cjs/react-dom.development.js:4291:25)
      at executeDispatch 
(node_modules/react-dom/cjs/react-dom.development.js:9041:3)
      at processDispatchQueueItemsInOrder 
(node_modules/react-dom/cjs/react-dom.development.js:9073:7)
      at processDispatchQueue 
(node_modules/react-dom/cjs/react-dom.development.js:9086:5)
      at dispatchEventsForPlugins 
(node_modules/react-dom/cjs/react-dom.development.js:9097:3)
      at node_modules/react-dom/cjs/react-dom.development.js:9288:12
      at batchedUpdates$1 
(node_modules/react-dom/cjs/react-dom.development.js:26179:12)
      at batchedUpdates 
(node_modules/react-dom/cjs/react-dom.development.js:3991:12)
      at dispatchEventForPluginEventSystem 
(node_modules/react-dom/cjs/react-dom.development.js:9287:3)
      at dispatchEventWithEnableCapturePhaseSelectiveHydrationWithoutDiscreteEv
entReplay (node_modules/react-dom/cjs/react-dom.development.js:6465:5)
      at dispatchEvent 
(node_modules/react-dom/cjs/react-dom.development.js:6457:5)
      at dispatchDiscreteEvent 
(node_modules/react-dom/cjs/react-dom.development.js:6430:5)
      at HTMLDivElement.callTheUserObjectsOperation 
(node_modules/jsdom/lib/jsdom/living/generated/EventListener.js:26:30)
      at innerInvokeEventListeners 
(node_modules/jsdom/lib/jsdom/living/events/EventTarget-impl.js:350:25)
      at invokeEventListeners 
(node_modules/jsdom/lib/jsdom/living/events/EventTarget-impl.js:286:3)
      at HTMLInputElementImpl._dispatch 
(node_modules/jsdom/lib/jsdom/living/events/EventTarget-impl.js:233:9)
      at HTMLInputElementImpl.dispatchEvent 
(node_modules/jsdom/lib/jsdom/living/events/EventTarget-impl.js:104:17)
      at HTMLInputElement.dispatchEvent 
(node_modules/jsdom/lib/jsdom/living/generated/EventTarget.js:241:34)
      at 
node_modules/@testing-library/user-event/dist/cjs/event/dispatchEvent.js:45:43
      at Object.eventWrapper 
(node_modules/@testing-library/dom/dist/config.js:25:23)
      at Object.wrapEvent 
(node_modules/@testing-library/user-event/dist/cjs/event/wrapEvent.js:6:28)
      at Object.dispatchEvent (node_modules/@testing-library/user-event/dist/cj
s/event/dispatchEvent.js:45:22)
      at Object.dispatchUIEvent (node_modules/@testing-library/user-event/dist/
cjs/event/dispatchEvent.js:22:26)
      at commitInput 
(node_modules/@testing-library/user-event/dist/cjs/event/input.js:145:14)
      at editInputElement 
(node_modules/@testing-library/user-event/dist/cjs/event/input.js:115:9)
      at Object.input 
(node_modules/@testing-library/user-event/dist/cjs/event/input.js:37:9)
      at node_modules/@testing-library/user-event/dist/cjs/event/behavior/keypr
ess.js:31:26
      at Object.dispatchEvent (node_modules/@testing-library/user-event/dist/cj
s/event/dispatchEvent.js:41:13)
      at Object.dispatchUIEvent (node_modules/@testing-library/user-event/dist/
cjs/event/dispatchEvent.js:22:26)
      at KeyboardHost.keydown 
(node_modules/@testing-library/user-event/dist/cjs/system/keyboard.js:76:22)
      at keyboardAction 
(node_modules/@testing-library/user-event/dist/cjs/keyboard/index.js:22:35)
      at Object.keyboard 
(node_modules/@testing-library/user-event/dist/cjs/keyboard/index.js:11:15)
      at Object.type 
(node_modules/@testing-library/user-event/dist/cjs/utility/type.js:17:5)
      at goToStep2 
(src/binding-authorities/__tests__/binding-authorities.test.tsx:1891:9)
      at Object.<anonymous> 
(src/binding-authorities/__tests__/binding-authorities.test.tsx:1936:9)

    console.error
      Warning: An update to BordereauConfigModal inside a test was not wrapped 
in act(...).
      
      When testing, code that causes React state updates should be wrapped 
into act(...):
      
      act(() => {
        /* fire events that update state */
      });
      /* assert on the output */
      
      This ensures that you're testing the behavior the user would see in the 
browser. Learn more at https://reactjs.org/link/wrap-tests-with-act
          at BordereauConfigModal (C:\Users\samhe\OneDrive\Desktop\Cleaned\fron
tend\src\binding-authorities\BordereauConfigModal\BordereauConfigModal.tsx:217:
5)

      372 |                                     type="text"
      373 |                                     value={name}
    > 374 |                                     onChange={e => 
setName(e.target.value)}
          |                                                    ^
      375 |                                     placeholder="e.g. Q1 2025 Risk 
Bordereau"
      376 |                                     className="border 
border-gray-300 rounded px-3 py-2 text-sm w-full"
      377 |                                     autoFocus

      at printWarning 
(node_modules/react-dom/cjs/react-dom.development.js:86:30)
      at error (node_modules/react-dom/cjs/react-dom.development.js:60:7)
      at warnIfUpdatesNotWrappedWithActDEV 
(node_modules/react-dom/cjs/react-dom.development.js:27628:9)
      at scheduleUpdateOnFiber 
(node_modules/react-dom/cjs/react-dom.development.js:25547:5)
      at dispatchSetState 
(node_modules/react-dom/cjs/react-dom.development.js:16708:7)
      at onChange 
(src/binding-authorities/BordereauConfigModal/BordereauConfigModal.tsx:374:52)
      at HTMLUnknownElement.callCallback 
(node_modules/react-dom/cjs/react-dom.development.js:4164:14)
      at HTMLUnknownElement.callTheUserObjectsOperation 
(node_modules/jsdom/lib/jsdom/living/generated/EventListener.js:26:30)
      at innerInvokeEventListeners 
(node_modules/jsdom/lib/jsdom/living/events/EventTarget-impl.js:350:25)
      at invokeEventListeners 
(node_modules/jsdom/lib/jsdom/living/events/EventTarget-impl.js:286:3)
      at HTMLUnknownElementImpl._dispatch 
(node_modules/jsdom/lib/jsdom/living/events/EventTarget-impl.js:233:9)
      at HTMLUnknownElementImpl.dispatchEvent 
(node_modules/jsdom/lib/jsdom/living/events/EventTarget-impl.js:104:17)
      at HTMLUnknownElement.dispatchEvent 
(node_modules/jsdom/lib/jsdom/living/generated/EventTarget.js:241:34)
      at Object.invokeGuardedCallbackDev 
(node_modules/react-dom/cjs/react-dom.development.js:4213:16)
      at invokeGuardedCallback 
(node_modules/react-dom/cjs/react-dom.development.js:4277:31)
      at invokeGuardedCallbackAndCatchFirstError 
(node_modules/react-dom/cjs/react-dom.development.js:4291:25)
      at executeDispatch 
(node_modules/react-dom/cjs/react-dom.development.js:9041:3)
      at processDispatchQueueItemsInOrder 
(node_modules/react-dom/cjs/react-dom.development.js:9073:7)
      at processDispatchQueue 
(node_modules/react-dom/cjs/react-dom.development.js:9086:5)
      at dispatchEventsForPlugins 
(node_modules/react-dom/cjs/react-dom.development.js:9097:3)
      at node_modules/react-dom/cjs/react-dom.development.js:9288:12
      at batchedUpdates$1 
(node_modules/react-dom/cjs/react-dom.development.js:26179:12)
      at batchedUpdates 
(node_modules/react-dom/cjs/react-dom.development.js:3991:12)
      at dispatchEventForPluginEventSystem 
(node_modules/react-dom/cjs/react-dom.development.js:9287:3)
      at dispatchEventWithEnableCapturePhaseSelectiveHydrationWithoutDiscreteEv
entReplay (node_modules/react-dom/cjs/react-dom.development.js:6465:5)
      at dispatchEvent 
(node_modules/react-dom/cjs/react-dom.development.js:6457:5)
      at dispatchDiscreteEvent 
(node_modules/react-dom/cjs/react-dom.development.js:6430:5)
      at HTMLDivElement.callTheUserObjectsOperation 
(node_modules/jsdom/lib/jsdom/living/generated/EventListener.js:26:30)
      at innerInvokeEventListeners 
(node_modules/jsdom/lib/jsdom/living/events/EventTarget-impl.js:350:25)
      at invokeEventListeners 
(node_modules/jsdom/lib/jsdom/living/events/EventTarget-impl.js:286:3)
      at HTMLInputElementImpl._dispatch 
(node_modules/jsdom/lib/jsdom/living/events/EventTarget-impl.js:233:9)
      at HTMLInputElementImpl.dispatchEvent 
(node_modules/jsdom/lib/jsdom/living/events/EventTarget-impl.js:104:17)
      at HTMLInputElement.dispatchEvent 
(node_modules/jsdom/lib/jsdom/living/generated/EventTarget.js:241:34)
      at 
node_modules/@testing-library/user-event/dist/cjs/event/dispatchEvent.js:45:43
      at Object.eventWrapper 
(node_modules/@testing-library/dom/dist/config.js:25:23)
      at Object.wrapEvent 
(node_modules/@testing-library/user-event/dist/cjs/event/wrapEvent.js:6:28)
      at Object.dispatchEvent (node_modules/@testing-library/user-event/dist/cj
s/event/dispatchEvent.js:45:22)
      at Object.dispatchUIEvent (node_modules/@testing-library/user-event/dist/
cjs/event/dispatchEvent.js:22:26)
      at commitInput 
(node_modules/@testing-library/user-event/dist/cjs/event/input.js:145:14)
      at editInputElement 
(node_modules/@testing-library/user-event/dist/cjs/event/input.js:115:9)
      at Object.input 
(node_modules/@testing-library/user-event/dist/cjs/event/input.js:37:9)
      at node_modules/@testing-library/user-event/dist/cjs/event/behavior/keypr
ess.js:31:26
      at Object.dispatchEvent (node_modules/@testing-library/user-event/dist/cj
s/event/dispatchEvent.js:41:13)
      at Object.dispatchUIEvent (node_modules/@testing-library/user-event/dist/
cjs/event/dispatchEvent.js:22:26)
      at KeyboardHost.keydown 
(node_modules/@testing-library/user-event/dist/cjs/system/keyboard.js:76:22)
      at keyboardAction 
(node_modules/@testing-library/user-event/dist/cjs/keyboard/index.js:22:35)
      at Object.keyboard 
(node_modules/@testing-library/user-event/dist/cjs/keyboard/index.js:11:15)
      at Object.type 
(node_modules/@testing-library/user-event/dist/cjs/utility/type.js:17:5)
      at goToStep2 
(src/binding-authorities/__tests__/binding-authorities.test.tsx:1891:9)
      at Object.<anonymous> 
(src/binding-authorities/__tests__/binding-authorities.test.tsx:1936:9)

    console.error
      Warning: An update to BordereauConfigModal inside a test was not wrapped 
in act(...).
      
      When testing, code that causes React state updates should be wrapped 
into act(...):
      
      act(() => {
        /* fire events that update state */
      });
      /* assert on the output */
      
      This ensures that you're testing the behavior the user would see in the 
browser. Learn more at https://reactjs.org/link/wrap-tests-with-act
          at BordereauConfigModal (C:\Users\samhe\OneDrive\Desktop\Cleaned\fron
tend\src\binding-authorities\BordereauConfigModal\BordereauConfigModal.tsx:217:
5)

      372 |                                     type="text"
      373 |                                     value={name}
    > 374 |                                     onChange={e => 
setName(e.target.value)}
          |                                                    ^
      375 |                                     placeholder="e.g. Q1 2025 Risk 
Bordereau"
      376 |                                     className="border 
border-gray-300 rounded px-3 py-2 text-sm w-full"
      377 |                                     autoFocus

      at printWarning 
(node_modules/react-dom/cjs/react-dom.development.js:86:30)
      at error (node_modules/react-dom/cjs/react-dom.development.js:60:7)
      at warnIfUpdatesNotWrappedWithActDEV 
(node_modules/react-dom/cjs/react-dom.development.js:27628:9)
      at scheduleUpdateOnFiber 
(node_modules/react-dom/cjs/react-dom.development.js:25547:5)
      at dispatchSetState 
(node_modules/react-dom/cjs/react-dom.development.js:16708:7)
      at onChange 
(src/binding-authorities/BordereauConfigModal/BordereauConfigModal.tsx:374:52)
      at HTMLUnknownElement.callCallback 
(node_modules/react-dom/cjs/react-dom.development.js:4164:14)
      at HTMLUnknownElement.callTheUserObjectsOperation 
(node_modules/jsdom/lib/jsdom/living/generated/EventListener.js:26:30)
      at innerInvokeEventListeners 
(node_modules/jsdom/lib/jsdom/living/events/EventTarget-impl.js:350:25)
      at invokeEventListeners 
(node_modules/jsdom/lib/jsdom/living/events/EventTarget-impl.js:286:3)
      at HTMLUnknownElementImpl._dispatch 
(node_modules/jsdom/lib/jsdom/living/events/EventTarget-impl.js:233:9)
      at HTMLUnknownElementImpl.dispatchEvent 
(node_modules/jsdom/lib/jsdom/living/events/EventTarget-impl.js:104:17)
      at HTMLUnknownElement.dispatchEvent 
(node_modules/jsdom/lib/jsdom/living/generated/EventTarget.js:241:34)
      at Object.invokeGuardedCallbackDev 
(node_modules/react-dom/cjs/react-dom.development.js:4213:16)
      at invokeGuardedCallback 
(node_modules/react-dom/cjs/react-dom.development.js:4277:31)
      at invokeGuardedCallbackAndCatchFirstError 
(node_modules/react-dom/cjs/react-dom.development.js:4291:25)
      at executeDispatch 
(node_modules/react-dom/cjs/react-dom.development.js:9041:3)
      at processDispatchQueueItemsInOrder 
(node_modules/react-dom/cjs/react-dom.development.js:9073:7)
      at processDispatchQueue 
(node_modules/react-dom/cjs/react-dom.development.js:9086:5)
      at dispatchEventsForPlugins 
(node_modules/react-dom/cjs/react-dom.development.js:9097:3)
      at node_modules/react-dom/cjs/react-dom.development.js:9288:12
      at batchedUpdates$1 
(node_modules/react-dom/cjs/react-dom.development.js:26179:12)
      at batchedUpdates 
(node_modules/react-dom/cjs/react-dom.development.js:3991:12)
      at dispatchEventForPluginEventSystem 
(node_modules/react-dom/cjs/react-dom.development.js:9287:3)
      at dispatchEventWithEnableCapturePhaseSelectiveHydrationWithoutDiscreteEv
entReplay (node_modules/react-dom/cjs/react-dom.development.js:6465:5)
      at dispatchEvent 
(node_modules/react-dom/cjs/react-dom.development.js:6457:5)
      at dispatchDiscreteEvent 
(node_modules/react-dom/cjs/react-dom.development.js:6430:5)
      at HTMLDivElement.callTheUserObjectsOperation 
(node_modules/jsdom/lib/jsdom/living/generated/EventListener.js:26:30)
      at innerInvokeEventListeners 
(node_modules/jsdom/lib/jsdom/living/events/EventTarget-impl.js:350:25)
      at invokeEventListeners 
(node_modules/jsdom/lib/jsdom/living/events/EventTarget-impl.js:286:3)
      at HTMLInputElementImpl._dispatch 
(node_modules/jsdom/lib/jsdom/living/events/EventTarget-impl.js:233:9)
      at HTMLInputElementImpl.dispatchEvent 
(node_modules/jsdom/lib/jsdom/living/events/EventTarget-impl.js:104:17)
      at HTMLInputElement.dispatchEvent 
(node_modules/jsdom/lib/jsdom/living/generated/EventTarget.js:241:34)
      at 
node_modules/@testing-library/user-event/dist/cjs/event/dispatchEvent.js:45:43
      at Object.eventWrapper 
(node_modules/@testing-library/dom/dist/config.js:25:23)
      at Object.wrapEvent 
(node_modules/@testing-library/user-event/dist/cjs/event/wrapEvent.js:6:28)
      at Object.dispatchEvent (node_modules/@testing-library/user-event/dist/cj
s/event/dispatchEvent.js:45:22)
      at Object.dispatchUIEvent (node_modules/@testing-library/user-event/dist/
cjs/event/dispatchEvent.js:22:26)
      at commitInput 
(node_modules/@testing-library/user-event/dist/cjs/event/input.js:145:14)
      at editInputElement 
(node_modules/@testing-library/user-event/dist/cjs/event/input.js:115:9)
      at Object.input 
(node_modules/@testing-library/user-event/dist/cjs/event/input.js:37:9)
      at node_modules/@testing-library/user-event/dist/cjs/event/behavior/keypr
ess.js:31:26
      at Object.dispatchEvent (node_modules/@testing-library/user-event/dist/cj
s/event/dispatchEvent.js:41:13)
      at Object.dispatchUIEvent (node_modules/@testing-library/user-event/dist/
cjs/event/dispatchEvent.js:22:26)
      at KeyboardHost.keydown 
(node_modules/@testing-library/user-event/dist/cjs/system/keyboard.js:76:22)
      at keyboardAction 
(node_modules/@testing-library/user-event/dist/cjs/keyboard/index.js:22:35)
      at Object.keyboard 
(node_modules/@testing-library/user-event/dist/cjs/keyboard/index.js:11:15)
      at Object.type 
(node_modules/@testing-library/user-event/dist/cjs/utility/type.js:17:5)
      at goToStep2 
(src/binding-authorities/__tests__/binding-authorities.test.tsx:1891:9)
      at Object.<anonymous> 
(src/binding-authorities/__tests__/binding-authorities.test.tsx:1936:9)

    console.error
      Warning: An update to BordereauConfigModal inside a test was not wrapped 
in act(...).
      
      When testing, code that causes React state updates should be wrapped 
into act(...):
      
      act(() => {
        /* fire events that update state */
      });
      /* assert on the output */
      
      This ensures that you're testing the behavior the user would see in the 
browser. Learn more at https://reactjs.org/link/wrap-tests-with-act
          at BordereauConfigModal (C:\Users\samhe\OneDrive\Desktop\Cleaned\fron
tend\src\binding-authorities\BordereauConfigModal\BordereauConfigModal.tsx:217:
5)

      372 |                                     type="text"
      373 |                                     value={name}
    > 374 |                                     onChange={e => 
setName(e.target.value)}
          |                                                    ^
      375 |                                     placeholder="e.g. Q1 2025 Risk 
Bordereau"
      376 |                                     className="border 
border-gray-300 rounded px-3 py-2 text-sm w-full"
      377 |                                     autoFocus

      at printWarning 
(node_modules/react-dom/cjs/react-dom.development.js:86:30)
      at error (node_modules/react-dom/cjs/react-dom.development.js:60:7)
      at warnIfUpdatesNotWrappedWithActDEV 
(node_modules/react-dom/cjs/react-dom.development.js:27628:9)
      at scheduleUpdateOnFiber 
(node_modules/react-dom/cjs/react-dom.development.js:25547:5)
      at dispatchSetState 
(node_modules/react-dom/cjs/react-dom.development.js:16708:7)
      at onChange 
(src/binding-authorities/BordereauConfigModal/BordereauConfigModal.tsx:374:52)
      at HTMLUnknownElement.callCallback 
(node_modules/react-dom/cjs/react-dom.development.js:4164:14)
      at HTMLUnknownElement.callTheUserObjectsOperation 
(node_modules/jsdom/lib/jsdom/living/generated/EventListener.js:26:30)
      at innerInvokeEventListeners 
(node_modules/jsdom/lib/jsdom/living/events/EventTarget-impl.js:350:25)
      at invokeEventListeners 
(node_modules/jsdom/lib/jsdom/living/events/EventTarget-impl.js:286:3)
      at HTMLUnknownElementImpl._dispatch 
(node_modules/jsdom/lib/jsdom/living/events/EventTarget-impl.js:233:9)
      at HTMLUnknownElementImpl.dispatchEvent 
(node_modules/jsdom/lib/jsdom/living/events/EventTarget-impl.js:104:17)
      at HTMLUnknownElement.dispatchEvent 
(node_modules/jsdom/lib/jsdom/living/generated/EventTarget.js:241:34)
      at Object.invokeGuardedCallbackDev 
(node_modules/react-dom/cjs/react-dom.development.js:4213:16)
      at invokeGuardedCallback 
(node_modules/react-dom/cjs/react-dom.development.js:4277:31)
      at invokeGuardedCallbackAndCatchFirstError 
(node_modules/react-dom/cjs/react-dom.development.js:4291:25)
      at executeDispatch 
(node_modules/react-dom/cjs/react-dom.development.js:9041:3)
      at processDispatchQueueItemsInOrder 
(node_modules/react-dom/cjs/react-dom.development.js:9073:7)
      at processDispatchQueue 
(node_modules/react-dom/cjs/react-dom.development.js:9086:5)
      at dispatchEventsForPlugins 
(node_modules/react-dom/cjs/react-dom.development.js:9097:3)
      at node_modules/react-dom/cjs/react-dom.development.js:9288:12
      at batchedUpdates$1 
(node_modules/react-dom/cjs/react-dom.development.js:26179:12)
      at batchedUpdates 
(node_modules/react-dom/cjs/react-dom.development.js:3991:12)
      at dispatchEventForPluginEventSystem 
(node_modules/react-dom/cjs/react-dom.development.js:9287:3)
      at dispatchEventWithEnableCapturePhaseSelectiveHydrationWithoutDiscreteEv
entReplay (node_modules/react-dom/cjs/react-dom.development.js:6465:5)
      at dispatchEvent 
(node_modules/react-dom/cjs/react-dom.development.js:6457:5)
      at dispatchDiscreteEvent 
(node_modules/react-dom/cjs/react-dom.development.js:6430:5)
      at HTMLDivElement.callTheUserObjectsOperation 
(node_modules/jsdom/lib/jsdom/living/generated/EventListener.js:26:30)
      at innerInvokeEventListeners 
(node_modules/jsdom/lib/jsdom/living/events/EventTarget-impl.js:350:25)
      at invokeEventListeners 
(node_modules/jsdom/lib/jsdom/living/events/EventTarget-impl.js:286:3)
      at HTMLInputElementImpl._dispatch 
(node_modules/jsdom/lib/jsdom/living/events/EventTarget-impl.js:233:9)
      at HTMLInputElementImpl.dispatchEvent 
(node_modules/jsdom/lib/jsdom/living/events/EventTarget-impl.js:104:17)
      at HTMLInputElement.dispatchEvent 
(node_modules/jsdom/lib/jsdom/living/generated/EventTarget.js:241:34)
      at 
node_modules/@testing-library/user-event/dist/cjs/event/dispatchEvent.js:45:43
      at Object.eventWrapper 
(node_modules/@testing-library/dom/dist/config.js:25:23)
      at Object.wrapEvent 
(node_modules/@testing-library/user-event/dist/cjs/event/wrapEvent.js:6:28)
      at Object.dispatchEvent (node_modules/@testing-library/user-event/dist/cj
s/event/dispatchEvent.js:45:22)
      at Object.dispatchUIEvent (node_modules/@testing-library/user-event/dist/
cjs/event/dispatchEvent.js:22:26)
      at commitInput 
(node_modules/@testing-library/user-event/dist/cjs/event/input.js:145:14)
      at editInputElement 
(node_modules/@testing-library/user-event/dist/cjs/event/input.js:115:9)
      at Object.input 
(node_modules/@testing-library/user-event/dist/cjs/event/input.js:37:9)
      at node_modules/@testing-library/user-event/dist/cjs/event/behavior/keypr
ess.js:31:26
      at Object.dispatchEvent (node_modules/@testing-library/user-event/dist/cj
s/event/dispatchEvent.js:41:13)
      at Object.dispatchUIEvent (node_modules/@testing-library/user-event/dist/
cjs/event/dispatchEvent.js:22:26)
      at KeyboardHost.keydown 
(node_modules/@testing-library/user-event/dist/cjs/system/keyboard.js:76:22)
      at keyboardAction 
(node_modules/@testing-library/user-event/dist/cjs/keyboard/index.js:22:35)
      at Object.keyboard 
(node_modules/@testing-library/user-event/dist/cjs/keyboard/index.js:11:15)
      at Object.type 
(node_modules/@testing-library/user-event/dist/cjs/utility/type.js:17:5)
      at goToStep2 
(src/binding-authorities/__tests__/binding-authorities.test.tsx:1891:9)
      at Object.<anonymous> 
(src/binding-authorities/__tests__/binding-authorities.test.tsx:1936:9)

    console.error
      Warning: An update to BordereauConfigModal inside a test was not wrapped 
in act(...).
      
      When testing, code that causes React state updates should be wrapped 
into act(...):
      
      act(() => {
        /* fire events that update state */
      });
      /* assert on the output */
      
      This ensures that you're testing the behavior the user would see in the 
browser. Learn more at https://reactjs.org/link/wrap-tests-with-act
          at BordereauConfigModal (C:\Users\samhe\OneDrive\Desktop\Cleaned\fron
tend\src\binding-authorities\BordereauConfigModal\BordereauConfigModal.tsx:217:
5)

      372 |                                     type="text"
      373 |                                     value={name}
    > 374 |                                     onChange={e => 
setName(e.target.value)}
          |                                                    ^
      375 |                                     placeholder="e.g. Q1 2025 Risk 
Bordereau"
      376 |                                     className="border 
border-gray-300 rounded px-3 py-2 text-sm w-full"
      377 |                                     autoFocus

      at printWarning 
(node_modules/react-dom/cjs/react-dom.development.js:86:30)
      at error (node_modules/react-dom/cjs/react-dom.development.js:60:7)
      at warnIfUpdatesNotWrappedWithActDEV 
(node_modules/react-dom/cjs/react-dom.development.js:27628:9)
      at scheduleUpdateOnFiber 
(node_modules/react-dom/cjs/react-dom.development.js:25547:5)
      at dispatchSetState 
(node_modules/react-dom/cjs/react-dom.development.js:16708:7)
      at onChange 
(src/binding-authorities/BordereauConfigModal/BordereauConfigModal.tsx:374:52)
      at HTMLUnknownElement.callCallback 
(node_modules/react-dom/cjs/react-dom.development.js:4164:14)
      at HTMLUnknownElement.callTheUserObjectsOperation 
(node_modules/jsdom/lib/jsdom/living/generated/EventListener.js:26:30)
      at innerInvokeEventListeners 
(node_modules/jsdom/lib/jsdom/living/events/EventTarget-impl.js:350:25)
      at invokeEventListeners 
(node_modules/jsdom/lib/jsdom/living/events/EventTarget-impl.js:286:3)
      at HTMLUnknownElementImpl._dispatch 
(node_modules/jsdom/lib/jsdom/living/events/EventTarget-impl.js:233:9)
      at HTMLUnknownElementImpl.dispatchEvent 
(node_modules/jsdom/lib/jsdom/living/events/EventTarget-impl.js:104:17)
      at HTMLUnknownElement.dispatchEvent 
(node_modules/jsdom/lib/jsdom/living/generated/EventTarget.js:241:34)
      at Object.invokeGuardedCallbackDev 
(node_modules/react-dom/cjs/react-dom.development.js:4213:16)
      at invokeGuardedCallback 
(node_modules/react-dom/cjs/react-dom.development.js:4277:31)
      at invokeGuardedCallbackAndCatchFirstError 
(node_modules/react-dom/cjs/react-dom.development.js:4291:25)
      at executeDispatch 
(node_modules/react-dom/cjs/react-dom.development.js:9041:3)
      at processDispatchQueueItemsInOrder 
(node_modules/react-dom/cjs/react-dom.development.js:9073:7)
      at processDispatchQueue 
(node_modules/react-dom/cjs/react-dom.development.js:9086:5)
      at dispatchEventsForPlugins 
(node_modules/react-dom/cjs/react-dom.development.js:9097:3)
      at node_modules/react-dom/cjs/react-dom.development.js:9288:12
      at batchedUpdates$1 
(node_modules/react-dom/cjs/react-dom.development.js:26179:12)
      at batchedUpdates 
(node_modules/react-dom/cjs/react-dom.development.js:3991:12)
      at dispatchEventForPluginEventSystem 
(node_modules/react-dom/cjs/react-dom.development.js:9287:3)
      at dispatchEventWithEnableCapturePhaseSelectiveHydrationWithoutDiscreteEv
entReplay (node_modules/react-dom/cjs/react-dom.development.js:6465:5)
      at dispatchEvent 
(node_modules/react-dom/cjs/react-dom.development.js:6457:5)
      at dispatchDiscreteEvent 
(node_modules/react-dom/cjs/react-dom.development.js:6430:5)
      at HTMLDivElement.callTheUserObjectsOperation 
(node_modules/jsdom/lib/jsdom/living/generated/EventListener.js:26:30)
      at innerInvokeEventListeners 
(node_modules/jsdom/lib/jsdom/living/events/EventTarget-impl.js:350:25)
      at invokeEventListeners 
(node_modules/jsdom/lib/jsdom/living/events/EventTarget-impl.js:286:3)
      at HTMLInputElementImpl._dispatch 
(node_modules/jsdom/lib/jsdom/living/events/EventTarget-impl.js:233:9)
      at HTMLInputElementImpl.dispatchEvent 
(node_modules/jsdom/lib/jsdom/living/events/EventTarget-impl.js:104:17)
      at HTMLInputElement.dispatchEvent 
(node_modules/jsdom/lib/jsdom/living/generated/EventTarget.js:241:34)
      at 
node_modules/@testing-library/user-event/dist/cjs/event/dispatchEvent.js:45:43
      at Object.eventWrapper 
(node_modules/@testing-library/dom/dist/config.js:25:23)
      at Object.wrapEvent 
(node_modules/@testing-library/user-event/dist/cjs/event/wrapEvent.js:6:28)
      at Object.dispatchEvent (node_modules/@testing-library/user-event/dist/cj
s/event/dispatchEvent.js:45:22)
      at Object.dispatchUIEvent (node_modules/@testing-library/user-event/dist/
cjs/event/dispatchEvent.js:22:26)
      at commitInput 
(node_modules/@testing-library/user-event/dist/cjs/event/input.js:145:14)
      at editInputElement 
(node_modules/@testing-library/user-event/dist/cjs/event/input.js:115:9)
      at Object.input 
(node_modules/@testing-library/user-event/dist/cjs/event/input.js:37:9)
      at node_modules/@testing-library/user-event/dist/cjs/event/behavior/keypr
ess.js:31:26
      at Object.dispatchEvent (node_modules/@testing-library/user-event/dist/cj
s/event/dispatchEvent.js:41:13)
      at Object.dispatchUIEvent (node_modules/@testing-library/user-event/dist/
cjs/event/dispatchEvent.js:22:26)
      at KeyboardHost.keydown 
(node_modules/@testing-library/user-event/dist/cjs/system/keyboard.js:76:22)
      at keyboardAction 
(node_modules/@testing-library/user-event/dist/cjs/keyboard/index.js:22:35)
      at Object.keyboard 
(node_modules/@testing-library/user-event/dist/cjs/keyboard/index.js:11:15)
      at Object.type 
(node_modules/@testing-library/user-event/dist/cjs/utility/type.js:17:5)
      at goToStep2 
(src/binding-authorities/__tests__/binding-authorities.test.tsx:1891:9)
      at Object.<anonymous> 
(src/binding-authorities/__tests__/binding-authorities.test.tsx:1936:9)

    console.error
      Warning: An update to BordereauConfigModal inside a test was not wrapped 
in act(...).
      
      When testing, code that causes React state updates should be wrapped 
into act(...):
      
      act(() => {
        /* fire events that update state */
      });
      /* assert on the output */
      
      This ensures that you're testing the behavior the user would see in the 
browser. Learn more at https://reactjs.org/link/wrap-tests-with-act
          at BordereauConfigModal (C:\Users\samhe\OneDrive\Desktop\Cleaned\fron
tend\src\binding-authorities\BordereauConfigModal\BordereauConfigModal.tsx:217:
5)

      372 |                                     type="text"
      373 |                                     value={name}
    > 374 |                                     onChange={e => 
setName(e.target.value)}
          |                                                    ^
      375 |                                     placeholder="e.g. Q1 2025 Risk 
Bordereau"
      376 |                                     className="border 
border-gray-300 rounded px-3 py-2 text-sm w-full"
      377 |                                     autoFocus

      at printWarning 
(node_modules/react-dom/cjs/react-dom.development.js:86:30)
      at error (node_modules/react-dom/cjs/react-dom.development.js:60:7)
      at warnIfUpdatesNotWrappedWithActDEV 
(node_modules/react-dom/cjs/react-dom.development.js:27628:9)
      at scheduleUpdateOnFiber 
(node_modules/react-dom/cjs/react-dom.development.js:25547:5)
      at dispatchSetState 
(node_modules/react-dom/cjs/react-dom.development.js:16708:7)
      at onChange 
(src/binding-authorities/BordereauConfigModal/BordereauConfigModal.tsx:374:52)
      at HTMLUnknownElement.callCallback 
(node_modules/react-dom/cjs/react-dom.development.js:4164:14)
      at HTMLUnknownElement.callTheUserObjectsOperation 
(node_modules/jsdom/lib/jsdom/living/generated/EventListener.js:26:30)
      at innerInvokeEventListeners 
(node_modules/jsdom/lib/jsdom/living/events/EventTarget-impl.js:350:25)
      at invokeEventListeners 
(node_modules/jsdom/lib/jsdom/living/events/EventTarget-impl.js:286:3)
      at HTMLUnknownElementImpl._dispatch 
(node_modules/jsdom/lib/jsdom/living/events/EventTarget-impl.js:233:9)
      at HTMLUnknownElementImpl.dispatchEvent 
(node_modules/jsdom/lib/jsdom/living/events/EventTarget-impl.js:104:17)
      at HTMLUnknownElement.dispatchEvent 
(node_modules/jsdom/lib/jsdom/living/generated/EventTarget.js:241:34)
      at Object.invokeGuardedCallbackDev 
(node_modules/react-dom/cjs/react-dom.development.js:4213:16)
      at invokeGuardedCallback 
(node_modules/react-dom/cjs/react-dom.development.js:4277:31)
      at invokeGuardedCallbackAndCatchFirstError 
(node_modules/react-dom/cjs/react-dom.development.js:4291:25)
      at executeDispatch 
(node_modules/react-dom/cjs/react-dom.development.js:9041:3)
      at processDispatchQueueItemsInOrder 
(node_modules/react-dom/cjs/react-dom.development.js:9073:7)
      at processDispatchQueue 
(node_modules/react-dom/cjs/react-dom.development.js:9086:5)
      at dispatchEventsForPlugins 
(node_modules/react-dom/cjs/react-dom.development.js:9097:3)
      at node_modules/react-dom/cjs/react-dom.development.js:9288:12
      at batchedUpdates$1 
(node_modules/react-dom/cjs/react-dom.development.js:26179:12)
      at batchedUpdates 
(node_modules/react-dom/cjs/react-dom.development.js:3991:12)
      at dispatchEventForPluginEventSystem 
(node_modules/react-dom/cjs/react-dom.development.js:9287:3)
      at dispatchEventWithEnableCapturePhaseSelectiveHydrationWithoutDiscreteEv
entReplay (node_modules/react-dom/cjs/react-dom.development.js:6465:5)
      at dispatchEvent 
(node_modules/react-dom/cjs/react-dom.development.js:6457:5)
      at dispatchDiscreteEvent 
(node_modules/react-dom/cjs/react-dom.development.js:6430:5)
      at HTMLDivElement.callTheUserObjectsOperation 
(node_modules/jsdom/lib/jsdom/living/generated/EventListener.js:26:30)
      at innerInvokeEventListeners 
(node_modules/jsdom/lib/jsdom/living/events/EventTarget-impl.js:350:25)
      at invokeEventListeners 
(node_modules/jsdom/lib/jsdom/living/events/EventTarget-impl.js:286:3)
      at HTMLInputElementImpl._dispatch 
(node_modules/jsdom/lib/jsdom/living/events/EventTarget-impl.js:233:9)
      at HTMLInputElementImpl.dispatchEvent 
(node_modules/jsdom/lib/jsdom/living/events/EventTarget-impl.js:104:17)
      at HTMLInputElement.dispatchEvent 
(node_modules/jsdom/lib/jsdom/living/generated/EventTarget.js:241:34)
      at 
node_modules/@testing-library/user-event/dist/cjs/event/dispatchEvent.js:45:43
      at Object.eventWrapper 
(node_modules/@testing-library/dom/dist/config.js:25:23)
      at Object.wrapEvent 
(node_modules/@testing-library/user-event/dist/cjs/event/wrapEvent.js:6:28)
      at Object.dispatchEvent (node_modules/@testing-library/user-event/dist/cj
s/event/dispatchEvent.js:45:22)
      at Object.dispatchUIEvent (node_modules/@testing-library/user-event/dist/
cjs/event/dispatchEvent.js:22:26)
      at commitInput 
(node_modules/@testing-library/user-event/dist/cjs/event/input.js:145:14)
      at editInputElement 
(node_modules/@testing-library/user-event/dist/cjs/event/input.js:115:9)
      at Object.input 
(node_modules/@testing-library/user-event/dist/cjs/event/input.js:37:9)
      at node_modules/@testing-library/user-event/dist/cjs/event/behavior/keypr
ess.js:31:26
      at Object.dispatchEvent (node_modules/@testing-library/user-event/dist/cj
s/event/dispatchEvent.js:41:13)
      at Object.dispatchUIEvent (node_modules/@testing-library/user-event/dist/
cjs/event/dispatchEvent.js:22:26)
      at KeyboardHost.keydown 
(node_modules/@testing-library/user-event/dist/cjs/system/keyboard.js:76:22)
      at keyboardAction 
(node_modules/@testing-library/user-event/dist/cjs/keyboard/index.js:22:35)
      at Object.keyboard 
(node_modules/@testing-library/user-event/dist/cjs/keyboard/index.js:11:15)
      at Object.type 
(node_modules/@testing-library/user-event/dist/cjs/utility/type.js:17:5)
      at goToStep2 
(src/binding-authorities/__tests__/binding-authorities.test.tsx:1891:9)
      at Object.<anonymous> 
(src/binding-authorities/__tests__/binding-authorities.test.tsx:1936:9)

    console.error
      Warning: An update to BordereauConfigModal inside a test was not wrapped 
in act(...).
      
      When testing, code that causes React state updates should be wrapped 
into act(...):
      
      act(() => {
        /* fire events that update state */
      });
      /* assert on the output */
      
      This ensures that you're testing the behavior the user would see in the 
browser. Learn more at https://reactjs.org/link/wrap-tests-with-act
          at BordereauConfigModal (C:\Users\samhe\OneDrive\Desktop\Cleaned\fron
tend\src\binding-authorities\BordereauConfigModal\BordereauConfigModal.tsx:217:
5)

      616 |                             className="btn btn-primary"
      617 |                             disabled={step === 'setup' && 
name.trim() === ''}
    > 618 |                             onClick={() => setStep(STEPS[stepIndex 
+ 1].key)}
          |                                            ^
      619 |                         >
      620 |                             Next
      621 |                         </button>

      at printWarning 
(node_modules/react-dom/cjs/react-dom.development.js:86:30)
      at error (node_modules/react-dom/cjs/react-dom.development.js:60:7)
      at warnIfUpdatesNotWrappedWithActDEV 
(node_modules/react-dom/cjs/react-dom.development.js:27628:9)
      at scheduleUpdateOnFiber 
(node_modules/react-dom/cjs/react-dom.development.js:25547:5)
      at dispatchSetState 
(node_modules/react-dom/cjs/react-dom.development.js:16708:7)
      at onClick 
(src/binding-authorities/BordereauConfigModal/BordereauConfigModal.tsx:618:44)
      at HTMLUnknownElement.callCallback 
(node_modules/react-dom/cjs/react-dom.development.js:4164:14)
      at HTMLUnknownElement.callTheUserObjectsOperation 
(node_modules/jsdom/lib/jsdom/living/generated/EventListener.js:26:30)
      at innerInvokeEventListeners 
(node_modules/jsdom/lib/jsdom/living/events/EventTarget-impl.js:350:25)
      at invokeEventListeners 
(node_modules/jsdom/lib/jsdom/living/events/EventTarget-impl.js:286:3)
      at HTMLUnknownElementImpl._dispatch 
(node_modules/jsdom/lib/jsdom/living/events/EventTarget-impl.js:233:9)
      at HTMLUnknownElementImpl.dispatchEvent 
(node_modules/jsdom/lib/jsdom/living/events/EventTarget-impl.js:104:17)
      at HTMLUnknownElement.dispatchEvent 
(node_modules/jsdom/lib/jsdom/living/generated/EventTarget.js:241:34)
      at Object.invokeGuardedCallbackDev 
(node_modules/react-dom/cjs/react-dom.development.js:4213:16)
      at invokeGuardedCallback 
(node_modules/react-dom/cjs/react-dom.development.js:4277:31)
      at invokeGuardedCallbackAndCatchFirstError 
(node_modules/react-dom/cjs/react-dom.development.js:4291:25)
      at executeDispatch 
(node_modules/react-dom/cjs/react-dom.development.js:9041:3)
      at processDispatchQueueItemsInOrder 
(node_modules/react-dom/cjs/react-dom.development.js:9073:7)
      at processDispatchQueue 
(node_modules/react-dom/cjs/react-dom.development.js:9086:5)
      at dispatchEventsForPlugins 
(node_modules/react-dom/cjs/react-dom.development.js:9097:3)
      at node_modules/react-dom/cjs/react-dom.development.js:9288:12
      at batchedUpdates$1 
(node_modules/react-dom/cjs/react-dom.development.js:26179:12)
      at batchedUpdates 
(node_modules/react-dom/cjs/react-dom.development.js:3991:12)
      at dispatchEventForPluginEventSystem 
(node_modules/react-dom/cjs/react-dom.development.js:9287:3)
      at dispatchEventWithEnableCapturePhaseSelectiveHydrationWithoutDiscreteEv
entReplay (node_modules/react-dom/cjs/react-dom.development.js:6465:5)
      at dispatchEvent 
(node_modules/react-dom/cjs/react-dom.development.js:6457:5)
      at dispatchDiscreteEvent 
(node_modules/react-dom/cjs/react-dom.development.js:6430:5)
      at HTMLDivElement.callTheUserObjectsOperation 
(node_modules/jsdom/lib/jsdom/living/generated/EventListener.js:26:30)
      at innerInvokeEventListeners 
(node_modules/jsdom/lib/jsdom/living/events/EventTarget-impl.js:350:25)
      at invokeEventListeners 
(node_modules/jsdom/lib/jsdom/living/events/EventTarget-impl.js:286:3)
      at HTMLButtonElementImpl._dispatch 
(node_modules/jsdom/lib/jsdom/living/events/EventTarget-impl.js:233:9)
      at HTMLButtonElementImpl.dispatchEvent 
(node_modules/jsdom/lib/jsdom/living/events/EventTarget-impl.js:104:17)
      at HTMLButtonElement.dispatchEvent 
(node_modules/jsdom/lib/jsdom/living/generated/EventTarget.js:241:34)
      at 
node_modules/@testing-library/user-event/dist/cjs/event/dispatchEvent.js:45:43
      at Object.eventWrapper 
(node_modules/@testing-library/dom/dist/config.js:25:23)
      at Object.wrapEvent 
(node_modules/@testing-library/user-event/dist/cjs/event/wrapEvent.js:6:28)
      at Object.dispatchEvent (node_modules/@testing-library/user-event/dist/cj
s/event/dispatchEvent.js:45:22)
      at Object.dispatchUIEvent (node_modules/@testing-library/user-event/dist/
cjs/event/dispatchEvent.js:22:26)
      at Mouse.up (node_modules/@testing-library/user-event/dist/cjs/system/poi
nter/mouse.js:100:30)
      at PointerHost.release (node_modules/@testing-library/user-event/dist/cjs
/system/pointer/index.js:87:24)
      at pointerAction 
(node_modules/@testing-library/user-event/dist/cjs/pointer/index.js:54:47)
      at Object.pointer 
(node_modules/@testing-library/user-event/dist/cjs/pointer/index.js:27:9)
      at goToStep2 
(src/binding-authorities/__tests__/binding-authorities.test.tsx:1892:9)
      at Object.<anonymous> 
(src/binding-authorities/__tests__/binding-authorities.test.tsx:1936:9)

    console.error
      Warning: An update to BordereauConfigModal inside a test was not wrapped 
in act(...).
      
      When testing, code that causes React state updates should be wrapped 
into act(...):
      
      act(() => {
        /* fire events that update state */
      });
      /* assert on the output */
      
      This ensures that you're testing the behavior the user would see in the 
browser. Learn more at https://reactjs.org/link/wrap-tests-with-act
          at BordereauConfigModal (C:\Users\samhe\OneDrive\Desktop\Cleaned\fron
tend\src\binding-authorities\BordereauConfigModal\BordereauConfigModal.tsx:217:
5)

      254 |     // Step 1: changing type resets selection to full default for 
the new type
      255 |     const handleTypeChange = (t: BordType) => {
    > 256 |         setType(t)
          |         ^
      257 |         setFieldOrder(defaultFields(t))
      258 |         setSearch('')
      259 |     }

      at printWarning 
(node_modules/react-dom/cjs/react-dom.development.js:86:30)
      at error (node_modules/react-dom/cjs/react-dom.development.js:60:7)
      at warnIfUpdatesNotWrappedWithActDEV 
(node_modules/react-dom/cjs/react-dom.development.js:27628:9)
      at scheduleUpdateOnFiber 
(node_modules/react-dom/cjs/react-dom.development.js:25547:5)
      at dispatchSetState 
(node_modules/react-dom/cjs/react-dom.development.js:16708:7)
      at handleTypeChange 
(src/binding-authorities/BordereauConfigModal/BordereauConfigModal.tsx:256:9)
      at onChange 
(src/binding-authorities/BordereauConfigModal/BordereauConfigModal.tsx:394:65)
      at HTMLUnknownElement.callCallback 
(node_modules/react-dom/cjs/react-dom.development.js:4164:14)
      at HTMLUnknownElement.callTheUserObjectsOperation 
(node_modules/jsdom/lib/jsdom/living/generated/EventListener.js:26:30)
      at innerInvokeEventListeners 
(node_modules/jsdom/lib/jsdom/living/events/EventTarget-impl.js:350:25)
      at invokeEventListeners 
(node_modules/jsdom/lib/jsdom/living/events/EventTarget-impl.js:286:3)
      at HTMLUnknownElementImpl._dispatch 
(node_modules/jsdom/lib/jsdom/living/events/EventTarget-impl.js:233:9)
      at HTMLUnknownElementImpl.dispatchEvent 
(node_modules/jsdom/lib/jsdom/living/events/EventTarget-impl.js:104:17)
      at HTMLUnknownElement.dispatchEvent 
(node_modules/jsdom/lib/jsdom/living/generated/EventTarget.js:241:34)
      at Object.invokeGuardedCallbackDev 
(node_modules/react-dom/cjs/react-dom.development.js:4213:16)
      at invokeGuardedCallback 
(node_modules/react-dom/cjs/react-dom.development.js:4277:31)
      at invokeGuardedCallbackAndCatchFirstError 
(node_modules/react-dom/cjs/react-dom.development.js:4291:25)
      at executeDispatch 
(node_modules/react-dom/cjs/react-dom.development.js:9041:3)
      at processDispatchQueueItemsInOrder 
(node_modules/react-dom/cjs/react-dom.development.js:9073:7)
      at processDispatchQueue 
(node_modules/react-dom/cjs/react-dom.development.js:9086:5)
      at dispatchEventsForPlugins 
(node_modules/react-dom/cjs/react-dom.development.js:9097:3)
      at node_modules/react-dom/cjs/react-dom.development.js:9288:12
      at batchedUpdates$1 
(node_modules/react-dom/cjs/react-dom.development.js:26179:12)
      at batchedUpdates 
(node_modules/react-dom/cjs/react-dom.development.js:3991:12)
      at dispatchEventForPluginEventSystem 
(node_modules/react-dom/cjs/react-dom.development.js:9287:3)
      at dispatchEventWithEnableCapturePhaseSelectiveHydrationWithoutDiscreteEv
entReplay (node_modules/react-dom/cjs/react-dom.development.js:6465:5)
      at dispatchEvent 
(node_modules/react-dom/cjs/react-dom.development.js:6457:5)
      at dispatchDiscreteEvent 
(node_modules/react-dom/cjs/react-dom.development.js:6430:5)
      at HTMLDivElement.callTheUserObjectsOperation 
(node_modules/jsdom/lib/jsdom/living/generated/EventListener.js:26:30)
      at innerInvokeEventListeners 
(node_modules/jsdom/lib/jsdom/living/events/EventTarget-impl.js:350:25)
      at invokeEventListeners 
(node_modules/jsdom/lib/jsdom/living/events/EventTarget-impl.js:286:3)
      at HTMLInputElementImpl._dispatch 
(node_modules/jsdom/lib/jsdom/living/events/EventTarget-impl.js:233:9)
      at HTMLInputElementImpl.dispatchEvent 
(node_modules/jsdom/lib/jsdom/living/events/EventTarget-impl.js:104:17)
      at HTMLInputElement.dispatchEvent 
(node_modules/jsdom/lib/jsdom/living/generated/EventTarget.js:241:34)
      at 
node_modules/@testing-library/user-event/dist/cjs/event/dispatchEvent.js:45:43
      at Object.eventWrapper 
(node_modules/@testing-library/dom/dist/config.js:25:23)
      at Object.wrapEvent 
(node_modules/@testing-library/user-event/dist/cjs/event/wrapEvent.js:6:28)
      at Object.dispatchEvent (node_modules/@testing-library/user-event/dist/cj
s/event/dispatchEvent.js:45:22)
      at Object.dispatchUIEvent (node_modules/@testing-library/user-event/dist/
cjs/event/dispatchEvent.js:22:26)
      at Mouse.up (node_modules/@testing-library/user-event/dist/cjs/system/poi
nter/mouse.js:100:30)
      at PointerHost.release (node_modules/@testing-library/user-event/dist/cjs
/system/pointer/index.js:87:24)
      at pointerAction 
(node_modules/@testing-library/user-event/dist/cjs/pointer/index.js:54:47)
      at Object.pointer 
(node_modules/@testing-library/user-event/dist/cjs/pointer/index.js:27:9)
      at goToStep2 
(src/binding-authorities/__tests__/binding-authorities.test.tsx:1889:13)
      at Object.<anonymous> 
(src/binding-authorities/__tests__/binding-authorities.test.tsx:1942:9)

    console.error
      Warning: An update to BordereauConfigModal inside a test was not wrapped 
in act(...).
      
      When testing, code that causes React state updates should be wrapped 
into act(...):
      
      act(() => {
        /* fire events that update state */
      });
      /* assert on the output */
      
      This ensures that you're testing the behavior the user would see in the 
browser. Learn more at https://reactjs.org/link/wrap-tests-with-act
          at BordereauConfigModal (C:\Users\samhe\OneDrive\Desktop\Cleaned\fron
tend\src\binding-authorities\BordereauConfigModal\BordereauConfigModal.tsx:217:
5)

      255 |     const handleTypeChange = (t: BordType) => {
      256 |         setType(t)
    > 257 |         setFieldOrder(defaultFields(t))
          |         ^
      258 |         setSearch('')
      259 |     }
      260 |

      at printWarning 
(node_modules/react-dom/cjs/react-dom.development.js:86:30)
      at error (node_modules/react-dom/cjs/react-dom.development.js:60:7)
      at warnIfUpdatesNotWrappedWithActDEV 
(node_modules/react-dom/cjs/react-dom.development.js:27628:9)
      at scheduleUpdateOnFiber 
(node_modules/react-dom/cjs/react-dom.development.js:25547:5)
      at dispatchSetState 
(node_modules/react-dom/cjs/react-dom.development.js:16708:7)
      at handleTypeChange 
(src/binding-authorities/BordereauConfigModal/BordereauConfigModal.tsx:257:9)
      at onChange 
(src/binding-authorities/BordereauConfigModal/BordereauConfigModal.tsx:394:65)
      at HTMLUnknownElement.callCallback 
(node_modules/react-dom/cjs/react-dom.development.js:4164:14)
      at HTMLUnknownElement.callTheUserObjectsOperation 
(node_modules/jsdom/lib/jsdom/living/generated/EventListener.js:26:30)
      at innerInvokeEventListeners 
(node_modules/jsdom/lib/jsdom/living/events/EventTarget-impl.js:350:25)
      at invokeEventListeners 
(node_modules/jsdom/lib/jsdom/living/events/EventTarget-impl.js:286:3)
      at HTMLUnknownElementImpl._dispatch 
(node_modules/jsdom/lib/jsdom/living/events/EventTarget-impl.js:233:9)
      at HTMLUnknownElementImpl.dispatchEvent 
(node_modules/jsdom/lib/jsdom/living/events/EventTarget-impl.js:104:17)
      at HTMLUnknownElement.dispatchEvent 
(node_modules/jsdom/lib/jsdom/living/generated/EventTarget.js:241:34)
      at Object.invokeGuardedCallbackDev 
(node_modules/react-dom/cjs/react-dom.development.js:4213:16)
      at invokeGuardedCallback 
(node_modules/react-dom/cjs/react-dom.development.js:4277:31)
      at invokeGuardedCallbackAndCatchFirstError 
(node_modules/react-dom/cjs/react-dom.development.js:4291:25)
      at executeDispatch 
(node_modules/react-dom/cjs/react-dom.development.js:9041:3)
      at processDispatchQueueItemsInOrder 
(node_modules/react-dom/cjs/react-dom.development.js:9073:7)
      at processDispatchQueue 
(node_modules/react-dom/cjs/react-dom.development.js:9086:5)
      at dispatchEventsForPlugins 
(node_modules/react-dom/cjs/react-dom.development.js:9097:3)
      at node_modules/react-dom/cjs/react-dom.development.js:9288:12
      at batchedUpdates$1 
(node_modules/react-dom/cjs/react-dom.development.js:26179:12)
      at batchedUpdates 
(node_modules/react-dom/cjs/react-dom.development.js:3991:12)
      at dispatchEventForPluginEventSystem 
(node_modules/react-dom/cjs/react-dom.development.js:9287:3)
      at dispatchEventWithEnableCapturePhaseSelectiveHydrationWithoutDiscreteEv
entReplay (node_modules/react-dom/cjs/react-dom.development.js:6465:5)
      at dispatchEvent 
(node_modules/react-dom/cjs/react-dom.development.js:6457:5)
      at dispatchDiscreteEvent 
(node_modules/react-dom/cjs/react-dom.development.js:6430:5)
      at HTMLDivElement.callTheUserObjectsOperation 
(node_modules/jsdom/lib/jsdom/living/generated/EventListener.js:26:30)
      at innerInvokeEventListeners 
(node_modules/jsdom/lib/jsdom/living/events/EventTarget-impl.js:350:25)
      at invokeEventListeners 
(node_modules/jsdom/lib/jsdom/living/events/EventTarget-impl.js:286:3)
      at HTMLInputElementImpl._dispatch 
(node_modules/jsdom/lib/jsdom/living/events/EventTarget-impl.js:233:9)
      at HTMLInputElementImpl.dispatchEvent 
(node_modules/jsdom/lib/jsdom/living/events/EventTarget-impl.js:104:17)
      at HTMLInputElement.dispatchEvent 
(node_modules/jsdom/lib/jsdom/living/generated/EventTarget.js:241:34)
      at 
node_modules/@testing-library/user-event/dist/cjs/event/dispatchEvent.js:45:43
      at Object.eventWrapper 
(node_modules/@testing-library/dom/dist/config.js:25:23)
      at Object.wrapEvent 
(node_modules/@testing-library/user-event/dist/cjs/event/wrapEvent.js:6:28)
      at Object.dispatchEvent (node_modules/@testing-library/user-event/dist/cj
s/event/dispatchEvent.js:45:22)
      at Object.dispatchUIEvent (node_modules/@testing-library/user-event/dist/
cjs/event/dispatchEvent.js:22:26)
      at Mouse.up (node_modules/@testing-library/user-event/dist/cjs/system/poi
nter/mouse.js:100:30)
      at PointerHost.release (node_modules/@testing-library/user-event/dist/cjs
/system/pointer/index.js:87:24)
      at pointerAction 
(node_modules/@testing-library/user-event/dist/cjs/pointer/index.js:54:47)
      at Object.pointer 
(node_modules/@testing-library/user-event/dist/cjs/pointer/index.js:27:9)
      at goToStep2 
(src/binding-authorities/__tests__/binding-authorities.test.tsx:1889:13)
      at Object.<anonymous> 
(src/binding-authorities/__tests__/binding-authorities.test.tsx:1942:9)

    console.error
      Warning: An update to BordereauConfigModal inside a test was not wrapped 
in act(...).
      
      When testing, code that causes React state updates should be wrapped 
into act(...):
      
      act(() => {
        /* fire events that update state */
      });
      /* assert on the output */
      
      This ensures that you're testing the behavior the user would see in the 
browser. Learn more at https://reactjs.org/link/wrap-tests-with-act
          at BordereauConfigModal (C:\Users\samhe\OneDrive\Desktop\Cleaned\fron
tend\src\binding-authorities\BordereauConfigModal\BordereauConfigModal.tsx:217:
5)

      256 |         setType(t)
      257 |         setFieldOrder(defaultFields(t))
    > 258 |         setSearch('')
          |         ^
      259 |     }
      260 |
      261 |     // Step 2: dual-pane helpers

      at printWarning 
(node_modules/react-dom/cjs/react-dom.development.js:86:30)
      at error (node_modules/react-dom/cjs/react-dom.development.js:60:7)
      at warnIfUpdatesNotWrappedWithActDEV 
(node_modules/react-dom/cjs/react-dom.development.js:27628:9)
      at scheduleUpdateOnFiber 
(node_modules/react-dom/cjs/react-dom.development.js:25547:5)
      at dispatchSetState 
(node_modules/react-dom/cjs/react-dom.development.js:16708:7)
      at handleTypeChange 
(src/binding-authorities/BordereauConfigModal/BordereauConfigModal.tsx:258:9)
      at onChange 
(src/binding-authorities/BordereauConfigModal/BordereauConfigModal.tsx:394:65)
      at HTMLUnknownElement.callCallback 
(node_modules/react-dom/cjs/react-dom.development.js:4164:14)
      at HTMLUnknownElement.callTheUserObjectsOperation 
(node_modules/jsdom/lib/jsdom/living/generated/EventListener.js:26:30)
      at innerInvokeEventListeners 
(node_modules/jsdom/lib/jsdom/living/events/EventTarget-impl.js:350:25)
      at invokeEventListeners 
(node_modules/jsdom/lib/jsdom/living/events/EventTarget-impl.js:286:3)
      at HTMLUnknownElementImpl._dispatch 
(node_modules/jsdom/lib/jsdom/living/events/EventTarget-impl.js:233:9)
      at HTMLUnknownElementImpl.dispatchEvent 
(node_modules/jsdom/lib/jsdom/living/events/EventTarget-impl.js:104:17)
      at HTMLUnknownElement.dispatchEvent 
(node_modules/jsdom/lib/jsdom/living/generated/EventTarget.js:241:34)
      at Object.invokeGuardedCallbackDev 
(node_modules/react-dom/cjs/react-dom.development.js:4213:16)
      at invokeGuardedCallback 
(node_modules/react-dom/cjs/react-dom.development.js:4277:31)
      at invokeGuardedCallbackAndCatchFirstError 
(node_modules/react-dom/cjs/react-dom.development.js:4291:25)
      at executeDispatch 
(node_modules/react-dom/cjs/react-dom.development.js:9041:3)
      at processDispatchQueueItemsInOrder 
(node_modules/react-dom/cjs/react-dom.development.js:9073:7)
      at processDispatchQueue 
(node_modules/react-dom/cjs/react-dom.development.js:9086:5)
      at dispatchEventsForPlugins 
(node_modules/react-dom/cjs/react-dom.development.js:9097:3)
      at node_modules/react-dom/cjs/react-dom.development.js:9288:12
      at batchedUpdates$1 
(node_modules/react-dom/cjs/react-dom.development.js:26179:12)
      at batchedUpdates 
(node_modules/react-dom/cjs/react-dom.development.js:3991:12)
      at dispatchEventForPluginEventSystem 
(node_modules/react-dom/cjs/react-dom.development.js:9287:3)
      at dispatchEventWithEnableCapturePhaseSelectiveHydrationWithoutDiscreteEv
entReplay (node_modules/react-dom/cjs/react-dom.development.js:6465:5)
      at dispatchEvent 
(node_modules/react-dom/cjs/react-dom.development.js:6457:5)
      at dispatchDiscreteEvent 
(node_modules/react-dom/cjs/react-dom.development.js:6430:5)
      at HTMLDivElement.callTheUserObjectsOperation 
(node_modules/jsdom/lib/jsdom/living/generated/EventListener.js:26:30)
      at innerInvokeEventListeners 
(node_modules/jsdom/lib/jsdom/living/events/EventTarget-impl.js:350:25)
      at invokeEventListeners 
(node_modules/jsdom/lib/jsdom/living/events/EventTarget-impl.js:286:3)
      at HTMLInputElementImpl._dispatch 
(node_modules/jsdom/lib/jsdom/living/events/EventTarget-impl.js:233:9)
      at HTMLInputElementImpl.dispatchEvent 
(node_modules/jsdom/lib/jsdom/living/events/EventTarget-impl.js:104:17)
      at HTMLInputElement.dispatchEvent 
(node_modules/jsdom/lib/jsdom/living/generated/EventTarget.js:241:34)
      at 
node_modules/@testing-library/user-event/dist/cjs/event/dispatchEvent.js:45:43
      at Object.eventWrapper 
(node_modules/@testing-library/dom/dist/config.js:25:23)
      at Object.wrapEvent 
(node_modules/@testing-library/user-event/dist/cjs/event/wrapEvent.js:6:28)
      at Object.dispatchEvent (node_modules/@testing-library/user-event/dist/cj
s/event/dispatchEvent.js:45:22)
      at Object.dispatchUIEvent (node_modules/@testing-library/user-event/dist/
cjs/event/dispatchEvent.js:22:26)
      at Mouse.up (node_modules/@testing-library/user-event/dist/cjs/system/poi
nter/mouse.js:100:30)
      at PointerHost.release (node_modules/@testing-library/user-event/dist/cjs
/system/pointer/index.js:87:24)
      at pointerAction 
(node_modules/@testing-library/user-event/dist/cjs/pointer/index.js:54:47)
      at Object.pointer 
(node_modules/@testing-library/user-event/dist/cjs/pointer/index.js:27:9)
      at goToStep2 
(src/binding-authorities/__tests__/binding-authorities.test.tsx:1889:13)
      at Object.<anonymous> 
(src/binding-authorities/__tests__/binding-authorities.test.tsx:1942:9)

    console.error
      Warning: An update to BordereauConfigModal inside a test was not wrapped 
in act(...).
      
      When testing, code that causes React state updates should be wrapped 
into act(...):
      
      act(() => {
        /* fire events that update state */
      });
      /* assert on the output */
      
      This ensures that you're testing the behavior the user would see in the 
browser. Learn more at https://reactjs.org/link/wrap-tests-with-act
          at BordereauConfigModal (C:\Users\samhe\OneDrive\Desktop\Cleaned\fron
tend\src\binding-authorities\BordereauConfigModal\BordereauConfigModal.tsx:217:
5)

      372 |                                     type="text"
      373 |                                     value={name}
    > 374 |                                     onChange={e => 
setName(e.target.value)}
          |                                                    ^
      375 |                                     placeholder="e.g. Q1 2025 Risk 
Bordereau"
      376 |                                     className="border 
border-gray-300 rounded px-3 py-2 text-sm w-full"
      377 |                                     autoFocus

      at printWarning 
(node_modules/react-dom/cjs/react-dom.development.js:86:30)
      at error (node_modules/react-dom/cjs/react-dom.development.js:60:7)
      at warnIfUpdatesNotWrappedWithActDEV 
(node_modules/react-dom/cjs/react-dom.development.js:27628:9)
      at scheduleUpdateOnFiber 
(node_modules/react-dom/cjs/react-dom.development.js:25547:5)
      at dispatchSetState 
(node_modules/react-dom/cjs/react-dom.development.js:16708:7)
      at onChange 
(src/binding-authorities/BordereauConfigModal/BordereauConfigModal.tsx:374:52)
      at HTMLUnknownElement.callCallback 
(node_modules/react-dom/cjs/react-dom.development.js:4164:14)
      at HTMLUnknownElement.callTheUserObjectsOperation 
(node_modules/jsdom/lib/jsdom/living/generated/EventListener.js:26:30)
      at innerInvokeEventListeners 
(node_modules/jsdom/lib/jsdom/living/events/EventTarget-impl.js:350:25)
      at invokeEventListeners 
(node_modules/jsdom/lib/jsdom/living/events/EventTarget-impl.js:286:3)
      at HTMLUnknownElementImpl._dispatch 
(node_modules/jsdom/lib/jsdom/living/events/EventTarget-impl.js:233:9)
      at HTMLUnknownElementImpl.dispatchEvent 
(node_modules/jsdom/lib/jsdom/living/events/EventTarget-impl.js:104:17)
      at HTMLUnknownElement.dispatchEvent 
(node_modules/jsdom/lib/jsdom/living/generated/EventTarget.js:241:34)
      at Object.invokeGuardedCallbackDev 
(node_modules/react-dom/cjs/react-dom.development.js:4213:16)
      at invokeGuardedCallback 
(node_modules/react-dom/cjs/react-dom.development.js:4277:31)
      at invokeGuardedCallbackAndCatchFirstError 
(node_modules/react-dom/cjs/react-dom.development.js:4291:25)
      at executeDispatch 
(node_modules/react-dom/cjs/react-dom.development.js:9041:3)
      at processDispatchQueueItemsInOrder 
(node_modules/react-dom/cjs/react-dom.development.js:9073:7)
      at processDispatchQueue 
(node_modules/react-dom/cjs/react-dom.development.js:9086:5)
      at dispatchEventsForPlugins 
(node_modules/react-dom/cjs/react-dom.development.js:9097:3)
      at node_modules/react-dom/cjs/react-dom.development.js:9288:12
      at batchedUpdates$1 
(node_modules/react-dom/cjs/react-dom.development.js:26179:12)
      at batchedUpdates 
(node_modules/react-dom/cjs/react-dom.development.js:3991:12)
      at dispatchEventForPluginEventSystem 
(node_modules/react-dom/cjs/react-dom.development.js:9287:3)
      at dispatchEventWithEnableCapturePhaseSelectiveHydrationWithoutDiscreteEv
entReplay (node_modules/react-dom/cjs/react-dom.development.js:6465:5)
      at dispatchEvent 
(node_modules/react-dom/cjs/react-dom.development.js:6457:5)
      at dispatchDiscreteEvent 
(node_modules/react-dom/cjs/react-dom.development.js:6430:5)
      at HTMLDivElement.callTheUserObjectsOperation 
(node_modules/jsdom/lib/jsdom/living/generated/EventListener.js:26:30)
      at innerInvokeEventListeners 
(node_modules/jsdom/lib/jsdom/living/events/EventTarget-impl.js:350:25)
      at invokeEventListeners 
(node_modules/jsdom/lib/jsdom/living/events/EventTarget-impl.js:286:3)
      at HTMLInputElementImpl._dispatch 
(node_modules/jsdom/lib/jsdom/living/events/EventTarget-impl.js:233:9)
      at HTMLInputElementImpl.dispatchEvent 
(node_modules/jsdom/lib/jsdom/living/events/EventTarget-impl.js:104:17)
      at HTMLInputElement.dispatchEvent 
(node_modules/jsdom/lib/jsdom/living/generated/EventTarget.js:241:34)
      at 
node_modules/@testing-library/user-event/dist/cjs/event/dispatchEvent.js:45:43
      at Object.eventWrapper 
(node_modules/@testing-library/dom/dist/config.js:25:23)
      at Object.wrapEvent 
(node_modules/@testing-library/user-event/dist/cjs/event/wrapEvent.js:6:28)
      at Object.dispatchEvent (node_modules/@testing-library/user-event/dist/cj
s/event/dispatchEvent.js:45:22)
      at Object.dispatchUIEvent (node_modules/@testing-library/user-event/dist/
cjs/event/dispatchEvent.js:22:26)
      at commitInput 
(node_modules/@testing-library/user-event/dist/cjs/event/input.js:145:14)
      at editInputElement 
(node_modules/@testing-library/user-event/dist/cjs/event/input.js:115:9)
      at Object.input 
(node_modules/@testing-library/user-event/dist/cjs/event/input.js:37:9)
      at node_modules/@testing-library/user-event/dist/cjs/event/behavior/keypr
ess.js:31:26
      at Object.dispatchEvent (node_modules/@testing-library/user-event/dist/cj
s/event/dispatchEvent.js:41:13)
      at Object.dispatchUIEvent (node_modules/@testing-library/user-event/dist/
cjs/event/dispatchEvent.js:22:26)
      at KeyboardHost.keydown 
(node_modules/@testing-library/user-event/dist/cjs/system/keyboard.js:76:22)
      at keyboardAction 
(node_modules/@testing-library/user-event/dist/cjs/keyboard/index.js:22:35)
      at Object.keyboard 
(node_modules/@testing-library/user-event/dist/cjs/keyboard/index.js:11:15)
      at Object.type 
(node_modules/@testing-library/user-event/dist/cjs/utility/type.js:17:5)
      at goToStep2 
(src/binding-authorities/__tests__/binding-authorities.test.tsx:1891:9)
      at Object.<anonymous> 
(src/binding-authorities/__tests__/binding-authorities.test.tsx:1942:9)

    console.error
      Warning: An update to BordereauConfigModal inside a test was not wrapped 
in act(...).
      
      When testing, code that causes React state updates should be wrapped 
into act(...):
      
      act(() => {
        /* fire events that update state */
      });
      /* assert on the output */
      
      This ensures that you're testing the behavior the user would see in the 
browser. Learn more at https://reactjs.org/link/wrap-tests-with-act
          at BordereauConfigModal (C:\Users\samhe\OneDrive\Desktop\Cleaned\fron
tend\src\binding-authorities\BordereauConfigModal\BordereauConfigModal.tsx:217:
5)

      372 |                                     type="text"
      373 |                                     value={name}
    > 374 |                                     onChange={e => 
setName(e.target.value)}
          |                                                    ^
      375 |                                     placeholder="e.g. Q1 2025 Risk 
Bordereau"
      376 |                                     className="border 
border-gray-300 rounded px-3 py-2 text-sm w-full"
      377 |                                     autoFocus

      at printWarning 
(node_modules/react-dom/cjs/react-dom.development.js:86:30)
      at error (node_modules/react-dom/cjs/react-dom.development.js:60:7)
      at warnIfUpdatesNotWrappedWithActDEV 
(node_modules/react-dom/cjs/react-dom.development.js:27628:9)
      at scheduleUpdateOnFiber 
(node_modules/react-dom/cjs/react-dom.development.js:25547:5)
      at dispatchSetState 
(node_modules/react-dom/cjs/react-dom.development.js:16708:7)
      at onChange 
(src/binding-authorities/BordereauConfigModal/BordereauConfigModal.tsx:374:52)
      at HTMLUnknownElement.callCallback 
(node_modules/react-dom/cjs/react-dom.development.js:4164:14)
      at HTMLUnknownElement.callTheUserObjectsOperation 
(node_modules/jsdom/lib/jsdom/living/generated/EventListener.js:26:30)
      at innerInvokeEventListeners 
(node_modules/jsdom/lib/jsdom/living/events/EventTarget-impl.js:350:25)
      at invokeEventListeners 
(node_modules/jsdom/lib/jsdom/living/events/EventTarget-impl.js:286:3)
      at HTMLUnknownElementImpl._dispatch 
(node_modules/jsdom/lib/jsdom/living/events/EventTarget-impl.js:233:9)
      at HTMLUnknownElementImpl.dispatchEvent 
(node_modules/jsdom/lib/jsdom/living/events/EventTarget-impl.js:104:17)
      at HTMLUnknownElement.dispatchEvent 
(node_modules/jsdom/lib/jsdom/living/generated/EventTarget.js:241:34)
      at Object.invokeGuardedCallbackDev 
(node_modules/react-dom/cjs/react-dom.development.js:4213:16)
      at invokeGuardedCallback 
(node_modules/react-dom/cjs/react-dom.development.js:4277:31)
      at invokeGuardedCallbackAndCatchFirstError 
(node_modules/react-dom/cjs/react-dom.development.js:4291:25)
      at executeDispatch 
(node_modules/react-dom/cjs/react-dom.development.js:9041:3)
      at processDispatchQueueItemsInOrder 
(node_modules/react-dom/cjs/react-dom.development.js:9073:7)
      at processDispatchQueue 
(node_modules/react-dom/cjs/react-dom.development.js:9086:5)
      at dispatchEventsForPlugins 
(node_modules/react-dom/cjs/react-dom.development.js:9097:3)
      at node_modules/react-dom/cjs/react-dom.development.js:9288:12
      at batchedUpdates$1 
(node_modules/react-dom/cjs/react-dom.development.js:26179:12)
      at batchedUpdates 
(node_modules/react-dom/cjs/react-dom.development.js:3991:12)
      at dispatchEventForPluginEventSystem 
(node_modules/react-dom/cjs/react-dom.development.js:9287:3)
      at dispatchEventWithEnableCapturePhaseSelectiveHydrationWithoutDiscreteEv
entReplay (node_modules/react-dom/cjs/react-dom.development.js:6465:5)
      at dispatchEvent 
(node_modules/react-dom/cjs/react-dom.development.js:6457:5)
      at dispatchDiscreteEvent 
(node_modules/react-dom/cjs/react-dom.development.js:6430:5)
      at HTMLDivElement.callTheUserObjectsOperation 
(node_modules/jsdom/lib/jsdom/living/generated/EventListener.js:26:30)
      at innerInvokeEventListeners 
(node_modules/jsdom/lib/jsdom/living/events/EventTarget-impl.js:350:25)
      at invokeEventListeners 
(node_modules/jsdom/lib/jsdom/living/events/EventTarget-impl.js:286:3)
      at HTMLInputElementImpl._dispatch 
(node_modules/jsdom/lib/jsdom/living/events/EventTarget-impl.js:233:9)
      at HTMLInputElementImpl.dispatchEvent 
(node_modules/jsdom/lib/jsdom/living/events/EventTarget-impl.js:104:17)
      at HTMLInputElement.dispatchEvent 
(node_modules/jsdom/lib/jsdom/living/generated/EventTarget.js:241:34)
      at 
node_modules/@testing-library/user-event/dist/cjs/event/dispatchEvent.js:45:43
      at Object.eventWrapper 
(node_modules/@testing-library/dom/dist/config.js:25:23)
      at Object.wrapEvent 
(node_modules/@testing-library/user-event/dist/cjs/event/wrapEvent.js:6:28)
      at Object.dispatchEvent (node_modules/@testing-library/user-event/dist/cj
s/event/dispatchEvent.js:45:22)
      at Object.dispatchUIEvent (node_modules/@testing-library/user-event/dist/
cjs/event/dispatchEvent.js:22:26)
      at commitInput 
(node_modules/@testing-library/user-event/dist/cjs/event/input.js:145:14)
      at editInputElement 
(node_modules/@testing-library/user-event/dist/cjs/event/input.js:115:9)
      at Object.input 
(node_modules/@testing-library/user-event/dist/cjs/event/input.js:37:9)
      at node_modules/@testing-library/user-event/dist/cjs/event/behavior/keypr
ess.js:31:26
      at Object.dispatchEvent (node_modules/@testing-library/user-event/dist/cj
s/event/dispatchEvent.js:41:13)
      at Object.dispatchUIEvent (node_modules/@testing-library/user-event/dist/
cjs/event/dispatchEvent.js:22:26)
      at KeyboardHost.keydown 
(node_modules/@testing-library/user-event/dist/cjs/system/keyboard.js:76:22)
      at keyboardAction 
(node_modules/@testing-library/user-event/dist/cjs/keyboard/index.js:22:35)
      at Object.keyboard 
(node_modules/@testing-library/user-event/dist/cjs/keyboard/index.js:11:15)
      at Object.type 
(node_modules/@testing-library/user-event/dist/cjs/utility/type.js:17:5)
      at goToStep2 
(src/binding-authorities/__tests__/binding-authorities.test.tsx:1891:9)
      at Object.<anonymous> 
(src/binding-authorities/__tests__/binding-authorities.test.tsx:1942:9)

    console.error
      Warning: An update to BordereauConfigModal inside a test was not wrapped 
in act(...).
      
      When testing, code that causes React state updates should be wrapped 
into act(...):
      
      act(() => {
        /* fire events that update state */
      });
      /* assert on the output */
      
      This ensures that you're testing the behavior the user would see in the 
browser. Learn more at https://reactjs.org/link/wrap-tests-with-act
          at BordereauConfigModal (C:\Users\samhe\OneDrive\Desktop\Cleaned\fron
tend\src\binding-authorities\BordereauConfigModal\BordereauConfigModal.tsx:217:
5)

      372 |                                     type="text"
      373 |                                     value={name}
    > 374 |                                     onChange={e => 
setName(e.target.value)}
          |                                                    ^
      375 |                                     placeholder="e.g. Q1 2025 Risk 
Bordereau"
      376 |                                     className="border 
border-gray-300 rounded px-3 py-2 text-sm w-full"
      377 |                                     autoFocus

      at printWarning 
(node_modules/react-dom/cjs/react-dom.development.js:86:30)
      at error (node_modules/react-dom/cjs/react-dom.development.js:60:7)
      at warnIfUpdatesNotWrappedWithActDEV 
(node_modules/react-dom/cjs/react-dom.development.js:27628:9)
      at scheduleUpdateOnFiber 
(node_modules/react-dom/cjs/react-dom.development.js:25547:5)
      at dispatchSetState 
(node_modules/react-dom/cjs/react-dom.development.js:16708:7)
      at onChange 
(src/binding-authorities/BordereauConfigModal/BordereauConfigModal.tsx:374:52)
      at HTMLUnknownElement.callCallback 
(node_modules/react-dom/cjs/react-dom.development.js:4164:14)
      at HTMLUnknownElement.callTheUserObjectsOperation 
(node_modules/jsdom/lib/jsdom/living/generated/EventListener.js:26:30)
      at innerInvokeEventListeners 
(node_modules/jsdom/lib/jsdom/living/events/EventTarget-impl.js:350:25)
      at invokeEventListeners 
(node_modules/jsdom/lib/jsdom/living/events/EventTarget-impl.js:286:3)
      at HTMLUnknownElementImpl._dispatch 
(node_modules/jsdom/lib/jsdom/living/events/EventTarget-impl.js:233:9)
      at HTMLUnknownElementImpl.dispatchEvent 
(node_modules/jsdom/lib/jsdom/living/events/EventTarget-impl.js:104:17)
      at HTMLUnknownElement.dispatchEvent 
(node_modules/jsdom/lib/jsdom/living/generated/EventTarget.js:241:34)
      at Object.invokeGuardedCallbackDev 
(node_modules/react-dom/cjs/react-dom.development.js:4213:16)
      at invokeGuardedCallback 
(node_modules/react-dom/cjs/react-dom.development.js:4277:31)
      at invokeGuardedCallbackAndCatchFirstError 
(node_modules/react-dom/cjs/react-dom.development.js:4291:25)
      at executeDispatch 
(node_modules/react-dom/cjs/react-dom.development.js:9041:3)
      at processDispatchQueueItemsInOrder 
(node_modules/react-dom/cjs/react-dom.development.js:9073:7)
      at processDispatchQueue 
(node_modules/react-dom/cjs/react-dom.development.js:9086:5)
      at dispatchEventsForPlugins 
(node_modules/react-dom/cjs/react-dom.development.js:9097:3)
      at node_modules/react-dom/cjs/react-dom.development.js:9288:12
      at batchedUpdates$1 
(node_modules/react-dom/cjs/react-dom.development.js:26179:12)
      at batchedUpdates 
(node_modules/react-dom/cjs/react-dom.development.js:3991:12)
      at dispatchEventForPluginEventSystem 
(node_modules/react-dom/cjs/react-dom.development.js:9287:3)
      at dispatchEventWithEnableCapturePhaseSelectiveHydrationWithoutDiscreteEv
entReplay (node_modules/react-dom/cjs/react-dom.development.js:6465:5)
      at dispatchEvent 
(node_modules/react-dom/cjs/react-dom.development.js:6457:5)
      at dispatchDiscreteEvent 
(node_modules/react-dom/cjs/react-dom.development.js:6430:5)
      at HTMLDivElement.callTheUserObjectsOperation 
(node_modules/jsdom/lib/jsdom/living/generated/EventListener.js:26:30)
      at innerInvokeEventListeners 
(node_modules/jsdom/lib/jsdom/living/events/EventTarget-impl.js:350:25)
      at invokeEventListeners 
(node_modules/jsdom/lib/jsdom/living/events/EventTarget-impl.js:286:3)
      at HTMLInputElementImpl._dispatch 
(node_modules/jsdom/lib/jsdom/living/events/EventTarget-impl.js:233:9)
      at HTMLInputElementImpl.dispatchEvent 
(node_modules/jsdom/lib/jsdom/living/events/EventTarget-impl.js:104:17)
      at HTMLInputElement.dispatchEvent 
(node_modules/jsdom/lib/jsdom/living/generated/EventTarget.js:241:34)
      at 
node_modules/@testing-library/user-event/dist/cjs/event/dispatchEvent.js:45:43
      at Object.eventWrapper 
(node_modules/@testing-library/dom/dist/config.js:25:23)
      at Object.wrapEvent 
(node_modules/@testing-library/user-event/dist/cjs/event/wrapEvent.js:6:28)
      at Object.dispatchEvent (node_modules/@testing-library/user-event/dist/cj
s/event/dispatchEvent.js:45:22)
      at Object.dispatchUIEvent (node_modules/@testing-library/user-event/dist/
cjs/event/dispatchEvent.js:22:26)
      at commitInput 
(node_modules/@testing-library/user-event/dist/cjs/event/input.js:145:14)
      at editInputElement 
(node_modules/@testing-library/user-event/dist/cjs/event/input.js:115:9)
      at Object.input 
(node_modules/@testing-library/user-event/dist/cjs/event/input.js:37:9)
      at node_modules/@testing-library/user-event/dist/cjs/event/behavior/keypr
ess.js:31:26
      at Object.dispatchEvent (node_modules/@testing-library/user-event/dist/cj
s/event/dispatchEvent.js:41:13)
      at Object.dispatchUIEvent (node_modules/@testing-library/user-event/dist/
cjs/event/dispatchEvent.js:22:26)
      at KeyboardHost.keydown 
(node_modules/@testing-library/user-event/dist/cjs/system/keyboard.js:76:22)
      at keyboardAction 
(node_modules/@testing-library/user-event/dist/cjs/keyboard/index.js:22:35)
      at Object.keyboard 
(node_modules/@testing-library/user-event/dist/cjs/keyboard/index.js:11:15)
      at Object.type 
(node_modules/@testing-library/user-event/dist/cjs/utility/type.js:17:5)
      at goToStep2 
(src/binding-authorities/__tests__/binding-authorities.test.tsx:1891:9)
      at Object.<anonymous> 
(src/binding-authorities/__tests__/binding-authorities.test.tsx:1942:9)

    console.error
      Warning: An update to BordereauConfigModal inside a test was not wrapped 
in act(...).
      
      When testing, code that causes React state updates should be wrapped 
into act(...):
      
      act(() => {
        /* fire events that update state */
      });
      /* assert on the output */
      
      This ensures that you're testing the behavior the user would see in the 
browser. Learn more at https://reactjs.org/link/wrap-tests-with-act
          at BordereauConfigModal (C:\Users\samhe\OneDrive\Desktop\Cleaned\fron
tend\src\binding-authorities\BordereauConfigModal\BordereauConfigModal.tsx:217:
5)

      372 |                                     type="text"
      373 |                                     value={name}
    > 374 |                                     onChange={e => 
setName(e.target.value)}
          |                                                    ^
      375 |                                     placeholder="e.g. Q1 2025 Risk 
Bordereau"
      376 |                                     className="border 
border-gray-300 rounded px-3 py-2 text-sm w-full"
      377 |                                     autoFocus

      at printWarning 
(node_modules/react-dom/cjs/react-dom.development.js:86:30)
      at error (node_modules/react-dom/cjs/react-dom.development.js:60:7)
      at warnIfUpdatesNotWrappedWithActDEV 
(node_modules/react-dom/cjs/react-dom.development.js:27628:9)
      at scheduleUpdateOnFiber 
(node_modules/react-dom/cjs/react-dom.development.js:25547:5)
      at dispatchSetState 
(node_modules/react-dom/cjs/react-dom.development.js:16708:7)
      at onChange 
(src/binding-authorities/BordereauConfigModal/BordereauConfigModal.tsx:374:52)
      at HTMLUnknownElement.callCallback 
(node_modules/react-dom/cjs/react-dom.development.js:4164:14)
      at HTMLUnknownElement.callTheUserObjectsOperation 
(node_modules/jsdom/lib/jsdom/living/generated/EventListener.js:26:30)
      at innerInvokeEventListeners 
(node_modules/jsdom/lib/jsdom/living/events/EventTarget-impl.js:350:25)
      at invokeEventListeners 
(node_modules/jsdom/lib/jsdom/living/events/EventTarget-impl.js:286:3)
      at HTMLUnknownElementImpl._dispatch 
(node_modules/jsdom/lib/jsdom/living/events/EventTarget-impl.js:233:9)
      at HTMLUnknownElementImpl.dispatchEvent 
(node_modules/jsdom/lib/jsdom/living/events/EventTarget-impl.js:104:17)
      at HTMLUnknownElement.dispatchEvent 
(node_modules/jsdom/lib/jsdom/living/generated/EventTarget.js:241:34)
      at Object.invokeGuardedCallbackDev 
(node_modules/react-dom/cjs/react-dom.development.js:4213:16)
      at invokeGuardedCallback 
(node_modules/react-dom/cjs/react-dom.development.js:4277:31)
      at invokeGuardedCallbackAndCatchFirstError 
(node_modules/react-dom/cjs/react-dom.development.js:4291:25)
      at executeDispatch 
(node_modules/react-dom/cjs/react-dom.development.js:9041:3)
      at processDispatchQueueItemsInOrder 
(node_modules/react-dom/cjs/react-dom.development.js:9073:7)
      at processDispatchQueue 
(node_modules/react-dom/cjs/react-dom.development.js:9086:5)
      at dispatchEventsForPlugins 
(node_modules/react-dom/cjs/react-dom.development.js:9097:3)
      at node_modules/react-dom/cjs/react-dom.development.js:9288:12
      at batchedUpdates$1 
(node_modules/react-dom/cjs/react-dom.development.js:26179:12)
      at batchedUpdates 
(node_modules/react-dom/cjs/react-dom.development.js:3991:12)
      at dispatchEventForPluginEventSystem 
(node_modules/react-dom/cjs/react-dom.development.js:9287:3)
      at dispatchEventWithEnableCapturePhaseSelectiveHydrationWithoutDiscreteEv
entReplay (node_modules/react-dom/cjs/react-dom.development.js:6465:5)
      at dispatchEvent 
(node_modules/react-dom/cjs/react-dom.development.js:6457:5)
      at dispatchDiscreteEvent 
(node_modules/react-dom/cjs/react-dom.development.js:6430:5)
      at HTMLDivElement.callTheUserObjectsOperation 
(node_modules/jsdom/lib/jsdom/living/generated/EventListener.js:26:30)
      at innerInvokeEventListeners 
(node_modules/jsdom/lib/jsdom/living/events/EventTarget-impl.js:350:25)
      at invokeEventListeners 
(node_modules/jsdom/lib/jsdom/living/events/EventTarget-impl.js:286:3)
      at HTMLInputElementImpl._dispatch 
(node_modules/jsdom/lib/jsdom/living/events/EventTarget-impl.js:233:9)
      at HTMLInputElementImpl.dispatchEvent 
(node_modules/jsdom/lib/jsdom/living/events/EventTarget-impl.js:104:17)
      at HTMLInputElement.dispatchEvent 
(node_modules/jsdom/lib/jsdom/living/generated/EventTarget.js:241:34)
      at 
node_modules/@testing-library/user-event/dist/cjs/event/dispatchEvent.js:45:43
      at Object.eventWrapper 
(node_modules/@testing-library/dom/dist/config.js:25:23)
      at Object.wrapEvent 
(node_modules/@testing-library/user-event/dist/cjs/event/wrapEvent.js:6:28)
      at Object.dispatchEvent (node_modules/@testing-library/user-event/dist/cj
s/event/dispatchEvent.js:45:22)
      at Object.dispatchUIEvent (node_modules/@testing-library/user-event/dist/
cjs/event/dispatchEvent.js:22:26)
      at commitInput 
(node_modules/@testing-library/user-event/dist/cjs/event/input.js:145:14)
      at editInputElement 
(node_modules/@testing-library/user-event/dist/cjs/event/input.js:115:9)
      at Object.input 
(node_modules/@testing-library/user-event/dist/cjs/event/input.js:37:9)
      at node_modules/@testing-library/user-event/dist/cjs/event/behavior/keypr
ess.js:31:26
      at Object.dispatchEvent (node_modules/@testing-library/user-event/dist/cj
s/event/dispatchEvent.js:41:13)
      at Object.dispatchUIEvent (node_modules/@testing-library/user-event/dist/
cjs/event/dispatchEvent.js:22:26)
      at KeyboardHost.keydown 
(node_modules/@testing-library/user-event/dist/cjs/system/keyboard.js:76:22)
      at keyboardAction 
(node_modules/@testing-library/user-event/dist/cjs/keyboard/index.js:22:35)
      at Object.keyboard 
(node_modules/@testing-library/user-event/dist/cjs/keyboard/index.js:11:15)
      at Object.type 
(node_modules/@testing-library/user-event/dist/cjs/utility/type.js:17:5)
      at goToStep2 
(src/binding-authorities/__tests__/binding-authorities.test.tsx:1891:9)
      at Object.<anonymous> 
(src/binding-authorities/__tests__/binding-authorities.test.tsx:1942:9)

    console.error
      Warning: An update to BordereauConfigModal inside a test was not wrapped 
in act(...).
      
      When testing, code that causes React state updates should be wrapped 
into act(...):
      
      act(() => {
        /* fire events that update state */
      });
      /* assert on the output */
      
      This ensures that you're testing the behavior the user would see in the 
browser. Learn more at https://reactjs.org/link/wrap-tests-with-act
          at BordereauConfigModal (C:\Users\samhe\OneDrive\Desktop\Cleaned\fron
tend\src\binding-authorities\BordereauConfigModal\BordereauConfigModal.tsx:217:
5)

      372 |                                     type="text"
      373 |                                     value={name}
    > 374 |                                     onChange={e => 
setName(e.target.value)}
          |                                                    ^
      375 |                                     placeholder="e.g. Q1 2025 Risk 
Bordereau"
      376 |                                     className="border 
border-gray-300 rounded px-3 py-2 text-sm w-full"
      377 |                                     autoFocus

      at printWarning 
(node_modules/react-dom/cjs/react-dom.development.js:86:30)
      at error (node_modules/react-dom/cjs/react-dom.development.js:60:7)
      at warnIfUpdatesNotWrappedWithActDEV 
(node_modules/react-dom/cjs/react-dom.development.js:27628:9)
      at scheduleUpdateOnFiber 
(node_modules/react-dom/cjs/react-dom.development.js:25547:5)
      at dispatchSetState 
(node_modules/react-dom/cjs/react-dom.development.js:16708:7)
      at onChange 
(src/binding-authorities/BordereauConfigModal/BordereauConfigModal.tsx:374:52)
      at HTMLUnknownElement.callCallback 
(node_modules/react-dom/cjs/react-dom.development.js:4164:14)
      at HTMLUnknownElement.callTheUserObjectsOperation 
(node_modules/jsdom/lib/jsdom/living/generated/EventListener.js:26:30)
      at innerInvokeEventListeners 
(node_modules/jsdom/lib/jsdom/living/events/EventTarget-impl.js:350:25)
      at invokeEventListeners 
(node_modules/jsdom/lib/jsdom/living/events/EventTarget-impl.js:286:3)
      at HTMLUnknownElementImpl._dispatch 
(node_modules/jsdom/lib/jsdom/living/events/EventTarget-impl.js:233:9)
      at HTMLUnknownElementImpl.dispatchEvent 
(node_modules/jsdom/lib/jsdom/living/events/EventTarget-impl.js:104:17)
      at HTMLUnknownElement.dispatchEvent 
(node_modules/jsdom/lib/jsdom/living/generated/EventTarget.js:241:34)
      at Object.invokeGuardedCallbackDev 
(node_modules/react-dom/cjs/react-dom.development.js:4213:16)
      at invokeGuardedCallback 
(node_modules/react-dom/cjs/react-dom.development.js:4277:31)
      at invokeGuardedCallbackAndCatchFirstError 
(node_modules/react-dom/cjs/react-dom.development.js:4291:25)
      at executeDispatch 
(node_modules/react-dom/cjs/react-dom.development.js:9041:3)
      at processDispatchQueueItemsInOrder 
(node_modules/react-dom/cjs/react-dom.development.js:9073:7)
      at processDispatchQueue 
(node_modules/react-dom/cjs/react-dom.development.js:9086:5)
      at dispatchEventsForPlugins 
(node_modules/react-dom/cjs/react-dom.development.js:9097:3)
      at node_modules/react-dom/cjs/react-dom.development.js:9288:12
      at batchedUpdates$1 
(node_modules/react-dom/cjs/react-dom.development.js:26179:12)
      at batchedUpdates 
(node_modules/react-dom/cjs/react-dom.development.js:3991:12)
      at dispatchEventForPluginEventSystem 
(node_modules/react-dom/cjs/react-dom.development.js:9287:3)
      at dispatchEventWithEnableCapturePhaseSelectiveHydrationWithoutDiscreteEv
entReplay (node_modules/react-dom/cjs/react-dom.development.js:6465:5)
      at dispatchEvent 
(node_modules/react-dom/cjs/react-dom.development.js:6457:5)
      at dispatchDiscreteEvent 
(node_modules/react-dom/cjs/react-dom.development.js:6430:5)
      at HTMLDivElement.callTheUserObjectsOperation 
(node_modules/jsdom/lib/jsdom/living/generated/EventListener.js:26:30)
      at innerInvokeEventListeners 
(node_modules/jsdom/lib/jsdom/living/events/EventTarget-impl.js:350:25)
      at invokeEventListeners 
(node_modules/jsdom/lib/jsdom/living/events/EventTarget-impl.js:286:3)
      at HTMLInputElementImpl._dispatch 
(node_modules/jsdom/lib/jsdom/living/events/EventTarget-impl.js:233:9)
      at HTMLInputElementImpl.dispatchEvent 
(node_modules/jsdom/lib/jsdom/living/events/EventTarget-impl.js:104:17)
      at HTMLInputElement.dispatchEvent 
(node_modules/jsdom/lib/jsdom/living/generated/EventTarget.js:241:34)
      at 
node_modules/@testing-library/user-event/dist/cjs/event/dispatchEvent.js:45:43
      at Object.eventWrapper 
(node_modules/@testing-library/dom/dist/config.js:25:23)
      at Object.wrapEvent 
(node_modules/@testing-library/user-event/dist/cjs/event/wrapEvent.js:6:28)
      at Object.dispatchEvent (node_modules/@testing-library/user-event/dist/cj
s/event/dispatchEvent.js:45:22)
      at Object.dispatchUIEvent (node_modules/@testing-library/user-event/dist/
cjs/event/dispatchEvent.js:22:26)
      at commitInput 
(node_modules/@testing-library/user-event/dist/cjs/event/input.js:145:14)
      at editInputElement 
(node_modules/@testing-library/user-event/dist/cjs/event/input.js:115:9)
      at Object.input 
(node_modules/@testing-library/user-event/dist/cjs/event/input.js:37:9)
      at node_modules/@testing-library/user-event/dist/cjs/event/behavior/keypr
ess.js:31:26
      at Object.dispatchEvent (node_modules/@testing-library/user-event/dist/cj
s/event/dispatchEvent.js:41:13)
      at Object.dispatchUIEvent (node_modules/@testing-library/user-event/dist/
cjs/event/dispatchEvent.js:22:26)
      at KeyboardHost.keydown 
(node_modules/@testing-library/user-event/dist/cjs/system/keyboard.js:76:22)
      at keyboardAction 
(node_modules/@testing-library/user-event/dist/cjs/keyboard/index.js:22:35)
      at Object.keyboard 
(node_modules/@testing-library/user-event/dist/cjs/keyboard/index.js:11:15)
      at Object.type 
(node_modules/@testing-library/user-event/dist/cjs/utility/type.js:17:5)
      at goToStep2 
(src/binding-authorities/__tests__/binding-authorities.test.tsx:1891:9)
      at Object.<anonymous> 
(src/binding-authorities/__tests__/binding-authorities.test.tsx:1942:9)

    console.error
      Warning: An update to BordereauConfigModal inside a test was not wrapped 
in act(...).
      
      When testing, code that causes React state updates should be wrapped 
into act(...):
      
      act(() => {
        /* fire events that update state */
      });
      /* assert on the output */
      
      This ensures that you're testing the behavior the user would see in the 
browser. Learn more at https://reactjs.org/link/wrap-tests-with-act
          at BordereauConfigModal (C:\Users\samhe\OneDrive\Desktop\Cleaned\fron
tend\src\binding-authorities\BordereauConfigModal\BordereauConfigModal.tsx:217:
5)

      372 |                                     type="text"
      373 |                                     value={name}
    > 374 |                                     onChange={e => 
setName(e.target.value)}
          |                                                    ^
      375 |                                     placeholder="e.g. Q1 2025 Risk 
Bordereau"
      376 |                                     className="border 
border-gray-300 rounded px-3 py-2 text-sm w-full"
      377 |                                     autoFocus

      at printWarning 
(node_modules/react-dom/cjs/react-dom.development.js:86:30)
      at error (node_modules/react-dom/cjs/react-dom.development.js:60:7)
      at warnIfUpdatesNotWrappedWithActDEV 
(node_modules/react-dom/cjs/react-dom.development.js:27628:9)
      at scheduleUpdateOnFiber 
(node_modules/react-dom/cjs/react-dom.development.js:25547:5)
      at dispatchSetState 
(node_modules/react-dom/cjs/react-dom.development.js:16708:7)
      at onChange 
(src/binding-authorities/BordereauConfigModal/BordereauConfigModal.tsx:374:52)
      at HTMLUnknownElement.callCallback 
(node_modules/react-dom/cjs/react-dom.development.js:4164:14)
      at HTMLUnknownElement.callTheUserObjectsOperation 
(node_modules/jsdom/lib/jsdom/living/generated/EventListener.js:26:30)
      at innerInvokeEventListeners 
(node_modules/jsdom/lib/jsdom/living/events/EventTarget-impl.js:350:25)
      at invokeEventListeners 
(node_modules/jsdom/lib/jsdom/living/events/EventTarget-impl.js:286:3)
      at HTMLUnknownElementImpl._dispatch 
(node_modules/jsdom/lib/jsdom/living/events/EventTarget-impl.js:233:9)
      at HTMLUnknownElementImpl.dispatchEvent 
(node_modules/jsdom/lib/jsdom/living/events/EventTarget-impl.js:104:17)
      at HTMLUnknownElement.dispatchEvent 
(node_modules/jsdom/lib/jsdom/living/generated/EventTarget.js:241:34)
      at Object.invokeGuardedCallbackDev 
(node_modules/react-dom/cjs/react-dom.development.js:4213:16)
      at invokeGuardedCallback 
(node_modules/react-dom/cjs/react-dom.development.js:4277:31)
      at invokeGuardedCallbackAndCatchFirstError 
(node_modules/react-dom/cjs/react-dom.development.js:4291:25)
      at executeDispatch 
(node_modules/react-dom/cjs/react-dom.development.js:9041:3)
      at processDispatchQueueItemsInOrder 
(node_modules/react-dom/cjs/react-dom.development.js:9073:7)
      at processDispatchQueue 
(node_modules/react-dom/cjs/react-dom.development.js:9086:5)
      at dispatchEventsForPlugins 
(node_modules/react-dom/cjs/react-dom.development.js:9097:3)
      at node_modules/react-dom/cjs/react-dom.development.js:9288:12
      at batchedUpdates$1 
(node_modules/react-dom/cjs/react-dom.development.js:26179:12)
      at batchedUpdates 
(node_modules/react-dom/cjs/react-dom.development.js:3991:12)
      at dispatchEventForPluginEventSystem 
(node_modules/react-dom/cjs/react-dom.development.js:9287:3)
      at dispatchEventWithEnableCapturePhaseSelectiveHydrationWithoutDiscreteEv
entReplay (node_modules/react-dom/cjs/react-dom.development.js:6465:5)
      at dispatchEvent 
(node_modules/react-dom/cjs/react-dom.development.js:6457:5)
      at dispatchDiscreteEvent 
(node_modules/react-dom/cjs/react-dom.development.js:6430:5)
      at HTMLDivElement.callTheUserObjectsOperation 
(node_modules/jsdom/lib/jsdom/living/generated/EventListener.js:26:30)
      at innerInvokeEventListeners 
(node_modules/jsdom/lib/jsdom/living/events/EventTarget-impl.js:350:25)
      at invokeEventListeners 
(node_modules/jsdom/lib/jsdom/living/events/EventTarget-impl.js:286:3)
      at HTMLInputElementImpl._dispatch 
(node_modules/jsdom/lib/jsdom/living/events/EventTarget-impl.js:233:9)
      at HTMLInputElementImpl.dispatchEvent 
(node_modules/jsdom/lib/jsdom/living/events/EventTarget-impl.js:104:17)
      at HTMLInputElement.dispatchEvent 
(node_modules/jsdom/lib/jsdom/living/generated/EventTarget.js:241:34)
      at 
node_modules/@testing-library/user-event/dist/cjs/event/dispatchEvent.js:45:43
      at Object.eventWrapper 
(node_modules/@testing-library/dom/dist/config.js:25:23)
      at Object.wrapEvent 
(node_modules/@testing-library/user-event/dist/cjs/event/wrapEvent.js:6:28)
      at Object.dispatchEvent (node_modules/@testing-library/user-event/dist/cj
s/event/dispatchEvent.js:45:22)
      at Object.dispatchUIEvent (node_modules/@testing-library/user-event/dist/
cjs/event/dispatchEvent.js:22:26)
      at commitInput 
(node_modules/@testing-library/user-event/dist/cjs/event/input.js:145:14)
      at editInputElement 
(node_modules/@testing-library/user-event/dist/cjs/event/input.js:115:9)
      at Object.input 
(node_modules/@testing-library/user-event/dist/cjs/event/input.js:37:9)
      at node_modules/@testing-library/user-event/dist/cjs/event/behavior/keypr
ess.js:31:26
      at Object.dispatchEvent (node_modules/@testing-library/user-event/dist/cj
s/event/dispatchEvent.js:41:13)
      at Object.dispatchUIEvent (node_modules/@testing-library/user-event/dist/
cjs/event/dispatchEvent.js:22:26)
      at KeyboardHost.keydown 
(node_modules/@testing-library/user-event/dist/cjs/system/keyboard.js:76:22)
      at keyboardAction 
(node_modules/@testing-library/user-event/dist/cjs/keyboard/index.js:22:35)
      at Object.keyboard 
(node_modules/@testing-library/user-event/dist/cjs/keyboard/index.js:11:15)
      at Object.type 
(node_modules/@testing-library/user-event/dist/cjs/utility/type.js:17:5)
      at goToStep2 
(src/binding-authorities/__tests__/binding-authorities.test.tsx:1891:9)
      at Object.<anonymous> 
(src/binding-authorities/__tests__/binding-authorities.test.tsx:1942:9)

    console.error
      Warning: An update to BordereauConfigModal inside a test was not wrapped 
in act(...).
      
      When testing, code that causes React state updates should be wrapped 
into act(...):
      
      act(() => {
        /* fire events that update state */
      });
      /* assert on the output */
      
      This ensures that you're testing the behavior the user would see in the 
browser. Learn more at https://reactjs.org/link/wrap-tests-with-act
          at BordereauConfigModal (C:\Users\samhe\OneDrive\Desktop\Cleaned\fron
tend\src\binding-authorities\BordereauConfigModal\BordereauConfigModal.tsx:217:
5)

      372 |                                     type="text"
      373 |                                     value={name}
    > 374 |                                     onChange={e => 
setName(e.target.value)}
          |                                                    ^
      375 |                                     placeholder="e.g. Q1 2025 Risk 
Bordereau"
      376 |                                     className="border 
border-gray-300 rounded px-3 py-2 text-sm w-full"
      377 |                                     autoFocus

      at printWarning 
(node_modules/react-dom/cjs/react-dom.development.js:86:30)
      at error (node_modules/react-dom/cjs/react-dom.development.js:60:7)
      at warnIfUpdatesNotWrappedWithActDEV 
(node_modules/react-dom/cjs/react-dom.development.js:27628:9)
      at scheduleUpdateOnFiber 
(node_modules/react-dom/cjs/react-dom.development.js:25547:5)
      at dispatchSetState 
(node_modules/react-dom/cjs/react-dom.development.js:16708:7)
      at onChange 
(src/binding-authorities/BordereauConfigModal/BordereauConfigModal.tsx:374:52)
      at HTMLUnknownElement.callCallback 
(node_modules/react-dom/cjs/react-dom.development.js:4164:14)
      at HTMLUnknownElement.callTheUserObjectsOperation 
(node_modules/jsdom/lib/jsdom/living/generated/EventListener.js:26:30)
      at innerInvokeEventListeners 
(node_modules/jsdom/lib/jsdom/living/events/EventTarget-impl.js:350:25)
      at invokeEventListeners 
(node_modules/jsdom/lib/jsdom/living/events/EventTarget-impl.js:286:3)
      at HTMLUnknownElementImpl._dispatch 
(node_modules/jsdom/lib/jsdom/living/events/EventTarget-impl.js:233:9)
      at HTMLUnknownElementImpl.dispatchEvent 
(node_modules/jsdom/lib/jsdom/living/events/EventTarget-impl.js:104:17)
      at HTMLUnknownElement.dispatchEvent 
(node_modules/jsdom/lib/jsdom/living/generated/EventTarget.js:241:34)
      at Object.invokeGuardedCallbackDev 
(node_modules/react-dom/cjs/react-dom.development.js:4213:16)
      at invokeGuardedCallback 
(node_modules/react-dom/cjs/react-dom.development.js:4277:31)
      at invokeGuardedCallbackAndCatchFirstError 
(node_modules/react-dom/cjs/react-dom.development.js:4291:25)
      at executeDispatch 
(node_modules/react-dom/cjs/react-dom.development.js:9041:3)
      at processDispatchQueueItemsInOrder 
(node_modules/react-dom/cjs/react-dom.development.js:9073:7)
      at processDispatchQueue 
(node_modules/react-dom/cjs/react-dom.development.js:9086:5)
      at dispatchEventsForPlugins 
(node_modules/react-dom/cjs/react-dom.development.js:9097:3)
      at node_modules/react-dom/cjs/react-dom.development.js:9288:12
      at batchedUpdates$1 
(node_modules/react-dom/cjs/react-dom.development.js:26179:12)
      at batchedUpdates 
(node_modules/react-dom/cjs/react-dom.development.js:3991:12)
      at dispatchEventForPluginEventSystem 
(node_modules/react-dom/cjs/react-dom.development.js:9287:3)
      at dispatchEventWithEnableCapturePhaseSelectiveHydrationWithoutDiscreteEv
entReplay (node_modules/react-dom/cjs/react-dom.development.js:6465:5)
      at dispatchEvent 
(node_modules/react-dom/cjs/react-dom.development.js:6457:5)
      at dispatchDiscreteEvent 
(node_modules/react-dom/cjs/react-dom.development.js:6430:5)
      at HTMLDivElement.callTheUserObjectsOperation 
(node_modules/jsdom/lib/jsdom/living/generated/EventListener.js:26:30)
      at innerInvokeEventListeners 
(node_modules/jsdom/lib/jsdom/living/events/EventTarget-impl.js:350:25)
      at invokeEventListeners 
(node_modules/jsdom/lib/jsdom/living/events/EventTarget-impl.js:286:3)
      at HTMLInputElementImpl._dispatch 
(node_modules/jsdom/lib/jsdom/living/events/EventTarget-impl.js:233:9)
      at HTMLInputElementImpl.dispatchEvent 
(node_modules/jsdom/lib/jsdom/living/events/EventTarget-impl.js:104:17)
      at HTMLInputElement.dispatchEvent 
(node_modules/jsdom/lib/jsdom/living/generated/EventTarget.js:241:34)
      at 
node_modules/@testing-library/user-event/dist/cjs/event/dispatchEvent.js:45:43
      at Object.eventWrapper 
(node_modules/@testing-library/dom/dist/config.js:25:23)
      at Object.wrapEvent 
(node_modules/@testing-library/user-event/dist/cjs/event/wrapEvent.js:6:28)
      at Object.dispatchEvent (node_modules/@testing-library/user-event/dist/cj
s/event/dispatchEvent.js:45:22)
      at Object.dispatchUIEvent (node_modules/@testing-library/user-event/dist/
cjs/event/dispatchEvent.js:22:26)
      at commitInput 
(node_modules/@testing-library/user-event/dist/cjs/event/input.js:145:14)
      at editInputElement 
(node_modules/@testing-library/user-event/dist/cjs/event/input.js:115:9)
      at Object.input 
(node_modules/@testing-library/user-event/dist/cjs/event/input.js:37:9)
      at node_modules/@testing-library/user-event/dist/cjs/event/behavior/keypr
ess.js:31:26
      at Object.dispatchEvent (node_modules/@testing-library/user-event/dist/cj
s/event/dispatchEvent.js:41:13)
      at Object.dispatchUIEvent (node_modules/@testing-library/user-event/dist/
cjs/event/dispatchEvent.js:22:26)
      at KeyboardHost.keydown 
(node_modules/@testing-library/user-event/dist/cjs/system/keyboard.js:76:22)
      at keyboardAction 
(node_modules/@testing-library/user-event/dist/cjs/keyboard/index.js:22:35)
      at Object.keyboard 
(node_modules/@testing-library/user-event/dist/cjs/keyboard/index.js:11:15)
      at Object.type 
(node_modules/@testing-library/user-event/dist/cjs/utility/type.js:17:5)
      at goToStep2 
(src/binding-authorities/__tests__/binding-authorities.test.tsx:1891:9)
      at Object.<anonymous> 
(src/binding-authorities/__tests__/binding-authorities.test.tsx:1942:9)

    console.error
      Warning: An update to BordereauConfigModal inside a test was not wrapped 
in act(...).
      
      When testing, code that causes React state updates should be wrapped 
into act(...):
      
      act(() => {
        /* fire events that update state */
      });
      /* assert on the output */
      
      This ensures that you're testing the behavior the user would see in the 
browser. Learn more at https://reactjs.org/link/wrap-tests-with-act
          at BordereauConfigModal (C:\Users\samhe\OneDrive\Desktop\Cleaned\fron
tend\src\binding-authorities\BordereauConfigModal\BordereauConfigModal.tsx:217:
5)

      372 |                                     type="text"
      373 |                                     value={name}
    > 374 |                                     onChange={e => 
setName(e.target.value)}
          |                                                    ^
      375 |                                     placeholder="e.g. Q1 2025 Risk 
Bordereau"
      376 |                                     className="border 
border-gray-300 rounded px-3 py-2 text-sm w-full"
      377 |                                     autoFocus

      at printWarning 
(node_modules/react-dom/cjs/react-dom.development.js:86:30)
      at error (node_modules/react-dom/cjs/react-dom.development.js:60:7)
      at warnIfUpdatesNotWrappedWithActDEV 
(node_modules/react-dom/cjs/react-dom.development.js:27628:9)
      at scheduleUpdateOnFiber 
(node_modules/react-dom/cjs/react-dom.development.js:25547:5)
      at dispatchSetState 
(node_modules/react-dom/cjs/react-dom.development.js:16708:7)
      at onChange 
(src/binding-authorities/BordereauConfigModal/BordereauConfigModal.tsx:374:52)
      at HTMLUnknownElement.callCallback 
(node_modules/react-dom/cjs/react-dom.development.js:4164:14)
      at HTMLUnknownElement.callTheUserObjectsOperation 
(node_modules/jsdom/lib/jsdom/living/generated/EventListener.js:26:30)
      at innerInvokeEventListeners 
(node_modules/jsdom/lib/jsdom/living/events/EventTarget-impl.js:350:25)
      at invokeEventListeners 
(node_modules/jsdom/lib/jsdom/living/events/EventTarget-impl.js:286:3)
      at HTMLUnknownElementImpl._dispatch 
(node_modules/jsdom/lib/jsdom/living/events/EventTarget-impl.js:233:9)
      at HTMLUnknownElementImpl.dispatchEvent 
(node_modules/jsdom/lib/jsdom/living/events/EventTarget-impl.js:104:17)
      at HTMLUnknownElement.dispatchEvent 
(node_modules/jsdom/lib/jsdom/living/generated/EventTarget.js:241:34)
      at Object.invokeGuardedCallbackDev 
(node_modules/react-dom/cjs/react-dom.development.js:4213:16)
      at invokeGuardedCallback 
(node_modules/react-dom/cjs/react-dom.development.js:4277:31)
      at invokeGuardedCallbackAndCatchFirstError 
(node_modules/react-dom/cjs/react-dom.development.js:4291:25)
      at executeDispatch 
(node_modules/react-dom/cjs/react-dom.development.js:9041:3)
      at processDispatchQueueItemsInOrder 
(node_modules/react-dom/cjs/react-dom.development.js:9073:7)
      at processDispatchQueue 
(node_modules/react-dom/cjs/react-dom.development.js:9086:5)
      at dispatchEventsForPlugins 
(node_modules/react-dom/cjs/react-dom.development.js:9097:3)
      at node_modules/react-dom/cjs/react-dom.development.js:9288:12
      at batchedUpdates$1 
(node_modules/react-dom/cjs/react-dom.development.js:26179:12)
      at batchedUpdates 
(node_modules/react-dom/cjs/react-dom.development.js:3991:12)
      at dispatchEventForPluginEventSystem 
(node_modules/react-dom/cjs/react-dom.development.js:9287:3)
      at dispatchEventWithEnableCapturePhaseSelectiveHydrationWithoutDiscreteEv
entReplay (node_modules/react-dom/cjs/react-dom.development.js:6465:5)
      at dispatchEvent 
(node_modules/react-dom/cjs/react-dom.development.js:6457:5)
      at dispatchDiscreteEvent 
(node_modules/react-dom/cjs/react-dom.development.js:6430:5)
      at HTMLDivElement.callTheUserObjectsOperation 
(node_modules/jsdom/lib/jsdom/living/generated/EventListener.js:26:30)
      at innerInvokeEventListeners 
(node_modules/jsdom/lib/jsdom/living/events/EventTarget-impl.js:350:25)
      at invokeEventListeners 
(node_modules/jsdom/lib/jsdom/living/events/EventTarget-impl.js:286:3)
      at HTMLInputElementImpl._dispatch 
(node_modules/jsdom/lib/jsdom/living/events/EventTarget-impl.js:233:9)
      at HTMLInputElementImpl.dispatchEvent 
(node_modules/jsdom/lib/jsdom/living/events/EventTarget-impl.js:104:17)
      at HTMLInputElement.dispatchEvent 
(node_modules/jsdom/lib/jsdom/living/generated/EventTarget.js:241:34)
      at 
node_modules/@testing-library/user-event/dist/cjs/event/dispatchEvent.js:45:43
      at Object.eventWrapper 
(node_modules/@testing-library/dom/dist/config.js:25:23)
      at Object.wrapEvent 
(node_modules/@testing-library/user-event/dist/cjs/event/wrapEvent.js:6:28)
      at Object.dispatchEvent (node_modules/@testing-library/user-event/dist/cj
s/event/dispatchEvent.js:45:22)
      at Object.dispatchUIEvent (node_modules/@testing-library/user-event/dist/
cjs/event/dispatchEvent.js:22:26)
      at commitInput 
(node_modules/@testing-library/user-event/dist/cjs/event/input.js:145:14)
      at editInputElement 
(node_modules/@testing-library/user-event/dist/cjs/event/input.js:115:9)
      at Object.input 
(node_modules/@testing-library/user-event/dist/cjs/event/input.js:37:9)
      at node_modules/@testing-library/user-event/dist/cjs/event/behavior/keypr
ess.js:31:26
      at Object.dispatchEvent (node_modules/@testing-library/user-event/dist/cj
s/event/dispatchEvent.js:41:13)
      at Object.dispatchUIEvent (node_modules/@testing-library/user-event/dist/
cjs/event/dispatchEvent.js:22:26)
      at KeyboardHost.keydown 
(node_modules/@testing-library/user-event/dist/cjs/system/keyboard.js:76:22)
      at keyboardAction 
(node_modules/@testing-library/user-event/dist/cjs/keyboard/index.js:22:35)
      at Object.keyboard 
(node_modules/@testing-library/user-event/dist/cjs/keyboard/index.js:11:15)
      at Object.type 
(node_modules/@testing-library/user-event/dist/cjs/utility/type.js:17:5)
      at goToStep2 
(src/binding-authorities/__tests__/binding-authorities.test.tsx:1891:9)
      at Object.<anonymous> 
(src/binding-authorities/__tests__/binding-authorities.test.tsx:1942:9)

    console.error
      Warning: An update to BordereauConfigModal inside a test was not wrapped 
in act(...).
      
      When testing, code that causes React state updates should be wrapped 
into act(...):
      
      act(() => {
        /* fire events that update state */
      });
      /* assert on the output */
      
      This ensures that you're testing the behavior the user would see in the 
browser. Learn more at https://reactjs.org/link/wrap-tests-with-act
          at BordereauConfigModal (C:\Users\samhe\OneDrive\Desktop\Cleaned\fron
tend\src\binding-authorities\BordereauConfigModal\BordereauConfigModal.tsx:217:
5)

      372 |                                     type="text"
      373 |                                     value={name}
    > 374 |                                     onChange={e => 
setName(e.target.value)}
          |                                                    ^
      375 |                                     placeholder="e.g. Q1 2025 Risk 
Bordereau"
      376 |                                     className="border 
border-gray-300 rounded px-3 py-2 text-sm w-full"
      377 |                                     autoFocus

      at printWarning 
(node_modules/react-dom/cjs/react-dom.development.js:86:30)
      at error (node_modules/react-dom/cjs/react-dom.development.js:60:7)
      at warnIfUpdatesNotWrappedWithActDEV 
(node_modules/react-dom/cjs/react-dom.development.js:27628:9)
      at scheduleUpdateOnFiber 
(node_modules/react-dom/cjs/react-dom.development.js:25547:5)
      at dispatchSetState 
(node_modules/react-dom/cjs/react-dom.development.js:16708:7)
      at onChange 
(src/binding-authorities/BordereauConfigModal/BordereauConfigModal.tsx:374:52)
      at HTMLUnknownElement.callCallback 
(node_modules/react-dom/cjs/react-dom.development.js:4164:14)
      at HTMLUnknownElement.callTheUserObjectsOperation 
(node_modules/jsdom/lib/jsdom/living/generated/EventListener.js:26:30)
      at innerInvokeEventListeners 
(node_modules/jsdom/lib/jsdom/living/events/EventTarget-impl.js:350:25)
      at invokeEventListeners 
(node_modules/jsdom/lib/jsdom/living/events/EventTarget-impl.js:286:3)
      at HTMLUnknownElementImpl._dispatch 
(node_modules/jsdom/lib/jsdom/living/events/EventTarget-impl.js:233:9)
      at HTMLUnknownElementImpl.dispatchEvent 
(node_modules/jsdom/lib/jsdom/living/events/EventTarget-impl.js:104:17)
      at HTMLUnknownElement.dispatchEvent 
(node_modules/jsdom/lib/jsdom/living/generated/EventTarget.js:241:34)
      at Object.invokeGuardedCallbackDev 
(node_modules/react-dom/cjs/react-dom.development.js:4213:16)
      at invokeGuardedCallback 
(node_modules/react-dom/cjs/react-dom.development.js:4277:31)
      at invokeGuardedCallbackAndCatchFirstError 
(node_modules/react-dom/cjs/react-dom.development.js:4291:25)
      at executeDispatch 
(node_modules/react-dom/cjs/react-dom.development.js:9041:3)
      at processDispatchQueueItemsInOrder 
(node_modules/react-dom/cjs/react-dom.development.js:9073:7)
      at processDispatchQueue 
(node_modules/react-dom/cjs/react-dom.development.js:9086:5)
      at dispatchEventsForPlugins 
(node_modules/react-dom/cjs/react-dom.development.js:9097:3)
      at node_modules/react-dom/cjs/react-dom.development.js:9288:12
      at batchedUpdates$1 
(node_modules/react-dom/cjs/react-dom.development.js:26179:12)
      at batchedUpdates 
(node_modules/react-dom/cjs/react-dom.development.js:3991:12)
      at dispatchEventForPluginEventSystem 
(node_modules/react-dom/cjs/react-dom.development.js:9287:3)
      at dispatchEventWithEnableCapturePhaseSelectiveHydrationWithoutDiscreteEv
entReplay (node_modules/react-dom/cjs/react-dom.development.js:6465:5)
      at dispatchEvent 
(node_modules/react-dom/cjs/react-dom.development.js:6457:5)
      at dispatchDiscreteEvent 
(node_modules/react-dom/cjs/react-dom.development.js:6430:5)
      at HTMLDivElement.callTheUserObjectsOperation 
(node_modules/jsdom/lib/jsdom/living/generated/EventListener.js:26:30)
      at innerInvokeEventListeners 
(node_modules/jsdom/lib/jsdom/living/events/EventTarget-impl.js:350:25)
      at invokeEventListeners 
(node_modules/jsdom/lib/jsdom/living/events/EventTarget-impl.js:286:3)
      at HTMLInputElementImpl._dispatch 
(node_modules/jsdom/lib/jsdom/living/events/EventTarget-impl.js:233:9)
      at HTMLInputElementImpl.dispatchEvent 
(node_modules/jsdom/lib/jsdom/living/events/EventTarget-impl.js:104:17)
      at HTMLInputElement.dispatchEvent 
(node_modules/jsdom/lib/jsdom/living/generated/EventTarget.js:241:34)
      at 
node_modules/@testing-library/user-event/dist/cjs/event/dispatchEvent.js:45:43
      at Object.eventWrapper 
(node_modules/@testing-library/dom/dist/config.js:25:23)
      at Object.wrapEvent 
(node_modules/@testing-library/user-event/dist/cjs/event/wrapEvent.js:6:28)
      at Object.dispatchEvent (node_modules/@testing-library/user-event/dist/cj
s/event/dispatchEvent.js:45:22)
      at Object.dispatchUIEvent (node_modules/@testing-library/user-event/dist/
cjs/event/dispatchEvent.js:22:26)
      at commitInput 
(node_modules/@testing-library/user-event/dist/cjs/event/input.js:145:14)
      at editInputElement 
(node_modules/@testing-library/user-event/dist/cjs/event/input.js:115:9)
      at Object.input 
(node_modules/@testing-library/user-event/dist/cjs/event/input.js:37:9)
      at node_modules/@testing-library/user-event/dist/cjs/event/behavior/keypr
ess.js:31:26
      at Object.dispatchEvent (node_modules/@testing-library/user-event/dist/cj
s/event/dispatchEvent.js:41:13)
      at Object.dispatchUIEvent (node_modules/@testing-library/user-event/dist/
cjs/event/dispatchEvent.js:22:26)
      at KeyboardHost.keydown 
(node_modules/@testing-library/user-event/dist/cjs/system/keyboard.js:76:22)
      at keyboardAction 
(node_modules/@testing-library/user-event/dist/cjs/keyboard/index.js:22:35)
      at Object.keyboard 
(node_modules/@testing-library/user-event/dist/cjs/keyboard/index.js:11:15)
      at Object.type 
(node_modules/@testing-library/user-event/dist/cjs/utility/type.js:17:5)
      at goToStep2 
(src/binding-authorities/__tests__/binding-authorities.test.tsx:1891:9)
      at Object.<anonymous> 
(src/binding-authorities/__tests__/binding-authorities.test.tsx:1942:9)

    console.error
      Warning: An update to BordereauConfigModal inside a test was not wrapped 
in act(...).
      
      When testing, code that causes React state updates should be wrapped 
into act(...):
      
      act(() => {
        /* fire events that update state */
      });
      /* assert on the output */
      
      This ensures that you're testing the behavior the user would see in the 
browser. Learn more at https://reactjs.org/link/wrap-tests-with-act
          at BordereauConfigModal (C:\Users\samhe\OneDrive\Desktop\Cleaned\fron
tend\src\binding-authorities\BordereauConfigModal\BordereauConfigModal.tsx:217:
5)

      372 |                                     type="text"
      373 |                                     value={name}
    > 374 |                                     onChange={e => 
setName(e.target.value)}
          |                                                    ^
      375 |                                     placeholder="e.g. Q1 2025 Risk 
Bordereau"
      376 |                                     className="border 
border-gray-300 rounded px-3 py-2 text-sm w-full"
      377 |                                     autoFocus

      at printWarning 
(node_modules/react-dom/cjs/react-dom.development.js:86:30)
      at error (node_modules/react-dom/cjs/react-dom.development.js:60:7)
      at warnIfUpdatesNotWrappedWithActDEV 
(node_modules/react-dom/cjs/react-dom.development.js:27628:9)
      at scheduleUpdateOnFiber 
(node_modules/react-dom/cjs/react-dom.development.js:25547:5)
      at dispatchSetState 
(node_modules/react-dom/cjs/react-dom.development.js:16708:7)
      at onChange 
(src/binding-authorities/BordereauConfigModal/BordereauConfigModal.tsx:374:52)
      at HTMLUnknownElement.callCallback 
(node_modules/react-dom/cjs/react-dom.development.js:4164:14)
      at HTMLUnknownElement.callTheUserObjectsOperation 
(node_modules/jsdom/lib/jsdom/living/generated/EventListener.js:26:30)
      at innerInvokeEventListeners 
(node_modules/jsdom/lib/jsdom/living/events/EventTarget-impl.js:350:25)
      at invokeEventListeners 
(node_modules/jsdom/lib/jsdom/living/events/EventTarget-impl.js:286:3)
      at HTMLUnknownElementImpl._dispatch 
(node_modules/jsdom/lib/jsdom/living/events/EventTarget-impl.js:233:9)
      at HTMLUnknownElementImpl.dispatchEvent 
(node_modules/jsdom/lib/jsdom/living/events/EventTarget-impl.js:104:17)
      at HTMLUnknownElement.dispatchEvent 
(node_modules/jsdom/lib/jsdom/living/generated/EventTarget.js:241:34)
      at Object.invokeGuardedCallbackDev 
(node_modules/react-dom/cjs/react-dom.development.js:4213:16)
      at invokeGuardedCallback 
(node_modules/react-dom/cjs/react-dom.development.js:4277:31)
      at invokeGuardedCallbackAndCatchFirstError 
(node_modules/react-dom/cjs/react-dom.development.js:4291:25)
      at executeDispatch 
(node_modules/react-dom/cjs/react-dom.development.js:9041:3)
      at processDispatchQueueItemsInOrder 
(node_modules/react-dom/cjs/react-dom.development.js:9073:7)
      at processDispatchQueue 
(node_modules/react-dom/cjs/react-dom.development.js:9086:5)
      at dispatchEventsForPlugins 
(node_modules/react-dom/cjs/react-dom.development.js:9097:3)
      at node_modules/react-dom/cjs/react-dom.development.js:9288:12
      at batchedUpdates$1 
(node_modules/react-dom/cjs/react-dom.development.js:26179:12)
      at batchedUpdates 
(node_modules/react-dom/cjs/react-dom.development.js:3991:12)
      at dispatchEventForPluginEventSystem 
(node_modules/react-dom/cjs/react-dom.development.js:9287:3)
      at dispatchEventWithEnableCapturePhaseSelectiveHydrationWithoutDiscreteEv
entReplay (node_modules/react-dom/cjs/react-dom.development.js:6465:5)
      at dispatchEvent 
(node_modules/react-dom/cjs/react-dom.development.js:6457:5)
      at dispatchDiscreteEvent 
(node_modules/react-dom/cjs/react-dom.development.js:6430:5)
      at HTMLDivElement.callTheUserObjectsOperation 
(node_modules/jsdom/lib/jsdom/living/generated/EventListener.js:26:30)
      at innerInvokeEventListeners 
(node_modules/jsdom/lib/jsdom/living/events/EventTarget-impl.js:350:25)
      at invokeEventListeners 
(node_modules/jsdom/lib/jsdom/living/events/EventTarget-impl.js:286:3)
      at HTMLInputElementImpl._dispatch 
(node_modules/jsdom/lib/jsdom/living/events/EventTarget-impl.js:233:9)
      at HTMLInputElementImpl.dispatchEvent 
(node_modules/jsdom/lib/jsdom/living/events/EventTarget-impl.js:104:17)
      at HTMLInputElement.dispatchEvent 
(node_modules/jsdom/lib/jsdom/living/generated/EventTarget.js:241:34)
      at 
node_modules/@testing-library/user-event/dist/cjs/event/dispatchEvent.js:45:43
      at Object.eventWrapper 
(node_modules/@testing-library/dom/dist/config.js:25:23)
      at Object.wrapEvent 
(node_modules/@testing-library/user-event/dist/cjs/event/wrapEvent.js:6:28)
      at Object.dispatchEvent (node_modules/@testing-library/user-event/dist/cj
s/event/dispatchEvent.js:45:22)
      at Object.dispatchUIEvent (node_modules/@testing-library/user-event/dist/
cjs/event/dispatchEvent.js:22:26)
      at commitInput 
(node_modules/@testing-library/user-event/dist/cjs/event/input.js:145:14)
      at editInputElement 
(node_modules/@testing-library/user-event/dist/cjs/event/input.js:115:9)
      at Object.input 
(node_modules/@testing-library/user-event/dist/cjs/event/input.js:37:9)
      at node_modules/@testing-library/user-event/dist/cjs/event/behavior/keypr
ess.js:31:26
      at Object.dispatchEvent (node_modules/@testing-library/user-event/dist/cj
s/event/dispatchEvent.js:41:13)
      at Object.dispatchUIEvent (node_modules/@testing-library/user-event/dist/
cjs/event/dispatchEvent.js:22:26)
      at KeyboardHost.keydown 
(node_modules/@testing-library/user-event/dist/cjs/system/keyboard.js:76:22)
      at keyboardAction 
(node_modules/@testing-library/user-event/dist/cjs/keyboard/index.js:22:35)
      at Object.keyboard 
(node_modules/@testing-library/user-event/dist/cjs/keyboard/index.js:11:15)
      at Object.type 
(node_modules/@testing-library/user-event/dist/cjs/utility/type.js:17:5)
      at goToStep2 
(src/binding-authorities/__tests__/binding-authorities.test.tsx:1891:9)
      at Object.<anonymous> 
(src/binding-authorities/__tests__/binding-authorities.test.tsx:1942:9)

    console.error
      Warning: An update to BordereauConfigModal inside a test was not wrapped 
in act(...).
      
      When testing, code that causes React state updates should be wrapped 
into act(...):
      
      act(() => {
        /* fire events that update state */
      });
      /* assert on the output */
      
      This ensures that you're testing the behavior the user would see in the 
browser. Learn more at https://reactjs.org/link/wrap-tests-with-act
          at BordereauConfigModal (C:\Users\samhe\OneDrive\Desktop\Cleaned\fron
tend\src\binding-authorities\BordereauConfigModal\BordereauConfigModal.tsx:217:
5)

      372 |                                     type="text"
      373 |                                     value={name}
    > 374 |                                     onChange={e => 
setName(e.target.value)}
          |                                                    ^
      375 |                                     placeholder="e.g. Q1 2025 Risk 
Bordereau"
      376 |                                     className="border 
border-gray-300 rounded px-3 py-2 text-sm w-full"
      377 |                                     autoFocus

      at printWarning 
(node_modules/react-dom/cjs/react-dom.development.js:86:30)
      at error (node_modules/react-dom/cjs/react-dom.development.js:60:7)
      at warnIfUpdatesNotWrappedWithActDEV 
(node_modules/react-dom/cjs/react-dom.development.js:27628:9)
      at scheduleUpdateOnFiber 
(node_modules/react-dom/cjs/react-dom.development.js:25547:5)
      at dispatchSetState 
(node_modules/react-dom/cjs/react-dom.development.js:16708:7)
      at onChange 
(src/binding-authorities/BordereauConfigModal/BordereauConfigModal.tsx:374:52)
      at HTMLUnknownElement.callCallback 
(node_modules/react-dom/cjs/react-dom.development.js:4164:14)
      at HTMLUnknownElement.callTheUserObjectsOperation 
(node_modules/jsdom/lib/jsdom/living/generated/EventListener.js:26:30)
      at innerInvokeEventListeners 
(node_modules/jsdom/lib/jsdom/living/events/EventTarget-impl.js:350:25)
      at invokeEventListeners 
(node_modules/jsdom/lib/jsdom/living/events/EventTarget-impl.js:286:3)
      at HTMLUnknownElementImpl._dispatch 
(node_modules/jsdom/lib/jsdom/living/events/EventTarget-impl.js:233:9)
      at HTMLUnknownElementImpl.dispatchEvent 
(node_modules/jsdom/lib/jsdom/living/events/EventTarget-impl.js:104:17)
      at HTMLUnknownElement.dispatchEvent 
(node_modules/jsdom/lib/jsdom/living/generated/EventTarget.js:241:34)
      at Object.invokeGuardedCallbackDev 
(node_modules/react-dom/cjs/react-dom.development.js:4213:16)
      at invokeGuardedCallback 
(node_modules/react-dom/cjs/react-dom.development.js:4277:31)
      at invokeGuardedCallbackAndCatchFirstError 
(node_modules/react-dom/cjs/react-dom.development.js:4291:25)
      at executeDispatch 
(node_modules/react-dom/cjs/react-dom.development.js:9041:3)
      at processDispatchQueueItemsInOrder 
(node_modules/react-dom/cjs/react-dom.development.js:9073:7)
      at processDispatchQueue 
(node_modules/react-dom/cjs/react-dom.development.js:9086:5)
      at dispatchEventsForPlugins 
(node_modules/react-dom/cjs/react-dom.development.js:9097:3)
      at node_modules/react-dom/cjs/react-dom.development.js:9288:12
      at batchedUpdates$1 
(node_modules/react-dom/cjs/react-dom.development.js:26179:12)
      at batchedUpdates 
(node_modules/react-dom/cjs/react-dom.development.js:3991:12)
      at dispatchEventForPluginEventSystem 
(node_modules/react-dom/cjs/react-dom.development.js:9287:3)
      at dispatchEventWithEnableCapturePhaseSelectiveHydrationWithoutDiscreteEv
entReplay (node_modules/react-dom/cjs/react-dom.development.js:6465:5)
      at dispatchEvent 
(node_modules/react-dom/cjs/react-dom.development.js:6457:5)
      at dispatchDiscreteEvent 
(node_modules/react-dom/cjs/react-dom.development.js:6430:5)
      at HTMLDivElement.callTheUserObjectsOperation 
(node_modules/jsdom/lib/jsdom/living/generated/EventListener.js:26:30)
      at innerInvokeEventListeners 
(node_modules/jsdom/lib/jsdom/living/events/EventTarget-impl.js:350:25)
      at invokeEventListeners 
(node_modules/jsdom/lib/jsdom/living/events/EventTarget-impl.js:286:3)
      at HTMLInputElementImpl._dispatch 
(node_modules/jsdom/lib/jsdom/living/events/EventTarget-impl.js:233:9)
      at HTMLInputElementImpl.dispatchEvent 
(node_modules/jsdom/lib/jsdom/living/events/EventTarget-impl.js:104:17)
      at HTMLInputElement.dispatchEvent 
(node_modules/jsdom/lib/jsdom/living/generated/EventTarget.js:241:34)
      at 
node_modules/@testing-library/user-event/dist/cjs/event/dispatchEvent.js:45:43
      at Object.eventWrapper 
(node_modules/@testing-library/dom/dist/config.js:25:23)
      at Object.wrapEvent 
(node_modules/@testing-library/user-event/dist/cjs/event/wrapEvent.js:6:28)
      at Object.dispatchEvent (node_modules/@testing-library/user-event/dist/cj
s/event/dispatchEvent.js:45:22)
      at Object.dispatchUIEvent (node_modules/@testing-library/user-event/dist/
cjs/event/dispatchEvent.js:22:26)
      at commitInput 
(node_modules/@testing-library/user-event/dist/cjs/event/input.js:145:14)
      at editInputElement 
(node_modules/@testing-library/user-event/dist/cjs/event/input.js:115:9)
      at Object.input 
(node_modules/@testing-library/user-event/dist/cjs/event/input.js:37:9)
      at node_modules/@testing-library/user-event/dist/cjs/event/behavior/keypr
ess.js:31:26
      at Object.dispatchEvent (node_modules/@testing-library/user-event/dist/cj
s/event/dispatchEvent.js:41:13)
      at Object.dispatchUIEvent (node_modules/@testing-library/user-event/dist/
cjs/event/dispatchEvent.js:22:26)
      at KeyboardHost.keydown 
(node_modules/@testing-library/user-event/dist/cjs/system/keyboard.js:76:22)
      at keyboardAction 
(node_modules/@testing-library/user-event/dist/cjs/keyboard/index.js:22:35)
      at Object.keyboard 
(node_modules/@testing-library/user-event/dist/cjs/keyboard/index.js:11:15)
      at Object.type 
(node_modules/@testing-library/user-event/dist/cjs/utility/type.js:17:5)
      at goToStep2 
(src/binding-authorities/__tests__/binding-authorities.test.tsx:1891:9)
      at Object.<anonymous> 
(src/binding-authorities/__tests__/binding-authorities.test.tsx:1942:9)

    console.error
      Warning: An update to BordereauConfigModal inside a test was not wrapped 
in act(...).
      
      When testing, code that causes React state updates should be wrapped 
into act(...):
      
      act(() => {
        /* fire events that update state */
      });
      /* assert on the output */
      
      This ensures that you're testing the behavior the user would see in the 
browser. Learn more at https://reactjs.org/link/wrap-tests-with-act
          at BordereauConfigModal (C:\Users\samhe\OneDrive\Desktop\Cleaned\fron
tend\src\binding-authorities\BordereauConfigModal\BordereauConfigModal.tsx:217:
5)

      372 |                                     type="text"
      373 |                                     value={name}
    > 374 |                                     onChange={e => 
setName(e.target.value)}
          |                                                    ^
      375 |                                     placeholder="e.g. Q1 2025 Risk 
Bordereau"
      376 |                                     className="border 
border-gray-300 rounded px-3 py-2 text-sm w-full"
      377 |                                     autoFocus

      at printWarning 
(node_modules/react-dom/cjs/react-dom.development.js:86:30)
      at error (node_modules/react-dom/cjs/react-dom.development.js:60:7)
      at warnIfUpdatesNotWrappedWithActDEV 
(node_modules/react-dom/cjs/react-dom.development.js:27628:9)
      at scheduleUpdateOnFiber 
(node_modules/react-dom/cjs/react-dom.development.js:25547:5)
      at dispatchSetState 
(node_modules/react-dom/cjs/react-dom.development.js:16708:7)
      at onChange 
(src/binding-authorities/BordereauConfigModal/BordereauConfigModal.tsx:374:52)
      at HTMLUnknownElement.callCallback 
(node_modules/react-dom/cjs/react-dom.development.js:4164:14)
      at HTMLUnknownElement.callTheUserObjectsOperation 
(node_modules/jsdom/lib/jsdom/living/generated/EventListener.js:26:30)
      at innerInvokeEventListeners 
(node_modules/jsdom/lib/jsdom/living/events/EventTarget-impl.js:350:25)
      at invokeEventListeners 
(node_modules/jsdom/lib/jsdom/living/events/EventTarget-impl.js:286:3)
      at HTMLUnknownElementImpl._dispatch 
(node_modules/jsdom/lib/jsdom/living/events/EventTarget-impl.js:233:9)
      at HTMLUnknownElementImpl.dispatchEvent 
(node_modules/jsdom/lib/jsdom/living/events/EventTarget-impl.js:104:17)
      at HTMLUnknownElement.dispatchEvent 
(node_modules/jsdom/lib/jsdom/living/generated/EventTarget.js:241:34)
      at Object.invokeGuardedCallbackDev 
(node_modules/react-dom/cjs/react-dom.development.js:4213:16)
      at invokeGuardedCallback 
(node_modules/react-dom/cjs/react-dom.development.js:4277:31)
      at invokeGuardedCallbackAndCatchFirstError 
(node_modules/react-dom/cjs/react-dom.development.js:4291:25)
      at executeDispatch 
(node_modules/react-dom/cjs/react-dom.development.js:9041:3)
      at processDispatchQueueItemsInOrder 
(node_modules/react-dom/cjs/react-dom.development.js:9073:7)
      at processDispatchQueue 
(node_modules/react-dom/cjs/react-dom.development.js:9086:5)
      at dispatchEventsForPlugins 
(node_modules/react-dom/cjs/react-dom.development.js:9097:3)
      at node_modules/react-dom/cjs/react-dom.development.js:9288:12
      at batchedUpdates$1 
(node_modules/react-dom/cjs/react-dom.development.js:26179:12)
      at batchedUpdates 
(node_modules/react-dom/cjs/react-dom.development.js:3991:12)
      at dispatchEventForPluginEventSystem 
(node_modules/react-dom/cjs/react-dom.development.js:9287:3)
      at dispatchEventWithEnableCapturePhaseSelectiveHydrationWithoutDiscreteEv
entReplay (node_modules/react-dom/cjs/react-dom.development.js:6465:5)
      at dispatchEvent 
(node_modules/react-dom/cjs/react-dom.development.js:6457:5)
      at dispatchDiscreteEvent 
(node_modules/react-dom/cjs/react-dom.development.js:6430:5)
      at HTMLDivElement.callTheUserObjectsOperation 
(node_modules/jsdom/lib/jsdom/living/generated/EventListener.js:26:30)
      at innerInvokeEventListeners 
(node_modules/jsdom/lib/jsdom/living/events/EventTarget-impl.js:350:25)
      at invokeEventListeners 
(node_modules/jsdom/lib/jsdom/living/events/EventTarget-impl.js:286:3)
      at HTMLInputElementImpl._dispatch 
(node_modules/jsdom/lib/jsdom/living/events/EventTarget-impl.js:233:9)
      at HTMLInputElementImpl.dispatchEvent 
(node_modules/jsdom/lib/jsdom/living/events/EventTarget-impl.js:104:17)
      at HTMLInputElement.dispatchEvent 
(node_modules/jsdom/lib/jsdom/living/generated/EventTarget.js:241:34)
      at 
node_modules/@testing-library/user-event/dist/cjs/event/dispatchEvent.js:45:43
      at Object.eventWrapper 
(node_modules/@testing-library/dom/dist/config.js:25:23)
      at Object.wrapEvent 
(node_modules/@testing-library/user-event/dist/cjs/event/wrapEvent.js:6:28)
      at Object.dispatchEvent (node_modules/@testing-library/user-event/dist/cj
s/event/dispatchEvent.js:45:22)
      at Object.dispatchUIEvent (node_modules/@testing-library/user-event/dist/
cjs/event/dispatchEvent.js:22:26)
      at commitInput 
(node_modules/@testing-library/user-event/dist/cjs/event/input.js:145:14)
      at editInputElement 
(node_modules/@testing-library/user-event/dist/cjs/event/input.js:115:9)
      at Object.input 
(node_modules/@testing-library/user-event/dist/cjs/event/input.js:37:9)
      at node_modules/@testing-library/user-event/dist/cjs/event/behavior/keypr
ess.js:31:26
      at Object.dispatchEvent (node_modules/@testing-library/user-event/dist/cj
s/event/dispatchEvent.js:41:13)
      at Object.dispatchUIEvent (node_modules/@testing-library/user-event/dist/
cjs/event/dispatchEvent.js:22:26)
      at KeyboardHost.keydown 
(node_modules/@testing-library/user-event/dist/cjs/system/keyboard.js:76:22)
      at keyboardAction 
(node_modules/@testing-library/user-event/dist/cjs/keyboard/index.js:22:35)
      at Object.keyboard 
(node_modules/@testing-library/user-event/dist/cjs/keyboard/index.js:11:15)
      at Object.type 
(node_modules/@testing-library/user-event/dist/cjs/utility/type.js:17:5)
      at goToStep2 
(src/binding-authorities/__tests__/binding-authorities.test.tsx:1891:9)
      at Object.<anonymous> 
(src/binding-authorities/__tests__/binding-authorities.test.tsx:1942:9)

    console.error
      Warning: An update to BordereauConfigModal inside a test was not wrapped 
in act(...).
      
      When testing, code that causes React state updates should be wrapped 
into act(...):
      
      act(() => {
        /* fire events that update state */
      });
      /* assert on the output */
      
      This ensures that you're testing the behavior the user would see in the 
browser. Learn more at https://reactjs.org/link/wrap-tests-with-act
          at BordereauConfigModal (C:\Users\samhe\OneDrive\Desktop\Cleaned\fron
tend\src\binding-authorities\BordereauConfigModal\BordereauConfigModal.tsx:217:
5)

      372 |                                     type="text"
      373 |                                     value={name}
    > 374 |                                     onChange={e => 
setName(e.target.value)}
          |                                                    ^
      375 |                                     placeholder="e.g. Q1 2025 Risk 
Bordereau"
      376 |                                     className="border 
border-gray-300 rounded px-3 py-2 text-sm w-full"
      377 |                                     autoFocus

      at printWarning 
(node_modules/react-dom/cjs/react-dom.development.js:86:30)
      at error (node_modules/react-dom/cjs/react-dom.development.js:60:7)
      at warnIfUpdatesNotWrappedWithActDEV 
(node_modules/react-dom/cjs/react-dom.development.js:27628:9)
      at scheduleUpdateOnFiber 
(node_modules/react-dom/cjs/react-dom.development.js:25547:5)
      at dispatchSetState 
(node_modules/react-dom/cjs/react-dom.development.js:16708:7)
      at onChange 
(src/binding-authorities/BordereauConfigModal/BordereauConfigModal.tsx:374:52)
      at HTMLUnknownElement.callCallback 
(node_modules/react-dom/cjs/react-dom.development.js:4164:14)
      at HTMLUnknownElement.callTheUserObjectsOperation 
(node_modules/jsdom/lib/jsdom/living/generated/EventListener.js:26:30)
      at innerInvokeEventListeners 
(node_modules/jsdom/lib/jsdom/living/events/EventTarget-impl.js:350:25)
      at invokeEventListeners 
(node_modules/jsdom/lib/jsdom/living/events/EventTarget-impl.js:286:3)
      at HTMLUnknownElementImpl._dispatch 
(node_modules/jsdom/lib/jsdom/living/events/EventTarget-impl.js:233:9)
      at HTMLUnknownElementImpl.dispatchEvent 
(node_modules/jsdom/lib/jsdom/living/events/EventTarget-impl.js:104:17)
      at HTMLUnknownElement.dispatchEvent 
(node_modules/jsdom/lib/jsdom/living/generated/EventTarget.js:241:34)
      at Object.invokeGuardedCallbackDev 
(node_modules/react-dom/cjs/react-dom.development.js:4213:16)
      at invokeGuardedCallback 
(node_modules/react-dom/cjs/react-dom.development.js:4277:31)
      at invokeGuardedCallbackAndCatchFirstError 
(node_modules/react-dom/cjs/react-dom.development.js:4291:25)
      at executeDispatch 
(node_modules/react-dom/cjs/react-dom.development.js:9041:3)
      at processDispatchQueueItemsInOrder 
(node_modules/react-dom/cjs/react-dom.development.js:9073:7)
      at processDispatchQueue 
(node_modules/react-dom/cjs/react-dom.development.js:9086:5)
      at dispatchEventsForPlugins 
(node_modules/react-dom/cjs/react-dom.development.js:9097:3)
      at node_modules/react-dom/cjs/react-dom.development.js:9288:12
      at batchedUpdates$1 
(node_modules/react-dom/cjs/react-dom.development.js:26179:12)
      at batchedUpdates 
(node_modules/react-dom/cjs/react-dom.development.js:3991:12)
      at dispatchEventForPluginEventSystem 
(node_modules/react-dom/cjs/react-dom.development.js:9287:3)
      at dispatchEventWithEnableCapturePhaseSelectiveHydrationWithoutDiscreteEv
entReplay (node_modules/react-dom/cjs/react-dom.development.js:6465:5)
      at dispatchEvent 
(node_modules/react-dom/cjs/react-dom.development.js:6457:5)
      at dispatchDiscreteEvent 
(node_modules/react-dom/cjs/react-dom.development.js:6430:5)
      at HTMLDivElement.callTheUserObjectsOperation 
(node_modules/jsdom/lib/jsdom/living/generated/EventListener.js:26:30)
      at innerInvokeEventListeners 
(node_modules/jsdom/lib/jsdom/living/events/EventTarget-impl.js:350:25)
      at invokeEventListeners 
(node_modules/jsdom/lib/jsdom/living/events/EventTarget-impl.js:286:3)
      at HTMLInputElementImpl._dispatch 
(node_modules/jsdom/lib/jsdom/living/events/EventTarget-impl.js:233:9)
      at HTMLInputElementImpl.dispatchEvent 
(node_modules/jsdom/lib/jsdom/living/events/EventTarget-impl.js:104:17)
      at HTMLInputElement.dispatchEvent 
(node_modules/jsdom/lib/jsdom/living/generated/EventTarget.js:241:34)
      at 
node_modules/@testing-library/user-event/dist/cjs/event/dispatchEvent.js:45:43
      at Object.eventWrapper 
(node_modules/@testing-library/dom/dist/config.js:25:23)
      at Object.wrapEvent 
(node_modules/@testing-library/user-event/dist/cjs/event/wrapEvent.js:6:28)
      at Object.dispatchEvent (node_modules/@testing-library/user-event/dist/cj
s/event/dispatchEvent.js:45:22)
      at Object.dispatchUIEvent (node_modules/@testing-library/user-event/dist/
cjs/event/dispatchEvent.js:22:26)
      at commitInput 
(node_modules/@testing-library/user-event/dist/cjs/event/input.js:145:14)
      at editInputElement 
(node_modules/@testing-library/user-event/dist/cjs/event/input.js:115:9)
      at Object.input 
(node_modules/@testing-library/user-event/dist/cjs/event/input.js:37:9)
      at node_modules/@testing-library/user-event/dist/cjs/event/behavior/keypr
ess.js:31:26
      at Object.dispatchEvent (node_modules/@testing-library/user-event/dist/cj
s/event/dispatchEvent.js:41:13)
      at Object.dispatchUIEvent (node_modules/@testing-library/user-event/dist/
cjs/event/dispatchEvent.js:22:26)
      at KeyboardHost.keydown 
(node_modules/@testing-library/user-event/dist/cjs/system/keyboard.js:76:22)
      at keyboardAction 
(node_modules/@testing-library/user-event/dist/cjs/keyboard/index.js:22:35)
      at Object.keyboard 
(node_modules/@testing-library/user-event/dist/cjs/keyboard/index.js:11:15)
      at Object.type 
(node_modules/@testing-library/user-event/dist/cjs/utility/type.js:17:5)
      at goToStep2 
(src/binding-authorities/__tests__/binding-authorities.test.tsx:1891:9)
      at Object.<anonymous> 
(src/binding-authorities/__tests__/binding-authorities.test.tsx:1942:9)

    console.error
      Warning: An update to BordereauConfigModal inside a test was not wrapped 
in act(...).
      
      When testing, code that causes React state updates should be wrapped 
into act(...):
      
      act(() => {
        /* fire events that update state */
      });
      /* assert on the output */
      
      This ensures that you're testing the behavior the user would see in the 
browser. Learn more at https://reactjs.org/link/wrap-tests-with-act
          at BordereauConfigModal (C:\Users\samhe\OneDrive\Desktop\Cleaned\fron
tend\src\binding-authorities\BordereauConfigModal\BordereauConfigModal.tsx:217:
5)

      372 |                                     type="text"
      373 |                                     value={name}
    > 374 |                                     onChange={e => 
setName(e.target.value)}
          |                                                    ^
      375 |                                     placeholder="e.g. Q1 2025 Risk 
Bordereau"
      376 |                                     className="border 
border-gray-300 rounded px-3 py-2 text-sm w-full"
      377 |                                     autoFocus

      at printWarning 
(node_modules/react-dom/cjs/react-dom.development.js:86:30)
      at error (node_modules/react-dom/cjs/react-dom.development.js:60:7)
      at warnIfUpdatesNotWrappedWithActDEV 
(node_modules/react-dom/cjs/react-dom.development.js:27628:9)
      at scheduleUpdateOnFiber 
(node_modules/react-dom/cjs/react-dom.development.js:25547:5)
      at dispatchSetState 
(node_modules/react-dom/cjs/react-dom.development.js:16708:7)
      at onChange 
(src/binding-authorities/BordereauConfigModal/BordereauConfigModal.tsx:374:52)
      at HTMLUnknownElement.callCallback 
(node_modules/react-dom/cjs/react-dom.development.js:4164:14)
      at HTMLUnknownElement.callTheUserObjectsOperation 
(node_modules/jsdom/lib/jsdom/living/generated/EventListener.js:26:30)
      at innerInvokeEventListeners 
(node_modules/jsdom/lib/jsdom/living/events/EventTarget-impl.js:350:25)
      at invokeEventListeners 
(node_modules/jsdom/lib/jsdom/living/events/EventTarget-impl.js:286:3)
      at HTMLUnknownElementImpl._dispatch 
(node_modules/jsdom/lib/jsdom/living/events/EventTarget-impl.js:233:9)
      at HTMLUnknownElementImpl.dispatchEvent 
(node_modules/jsdom/lib/jsdom/living/events/EventTarget-impl.js:104:17)
      at HTMLUnknownElement.dispatchEvent 
(node_modules/jsdom/lib/jsdom/living/generated/EventTarget.js:241:34)
      at Object.invokeGuardedCallbackDev 
(node_modules/react-dom/cjs/react-dom.development.js:4213:16)
      at invokeGuardedCallback 
(node_modules/react-dom/cjs/react-dom.development.js:4277:31)
      at invokeGuardedCallbackAndCatchFirstError 
(node_modules/react-dom/cjs/react-dom.development.js:4291:25)
      at executeDispatch 
(node_modules/react-dom/cjs/react-dom.development.js:9041:3)
      at processDispatchQueueItemsInOrder 
(node_modules/react-dom/cjs/react-dom.development.js:9073:7)
      at processDispatchQueue 
(node_modules/react-dom/cjs/react-dom.development.js:9086:5)
      at dispatchEventsForPlugins 
(node_modules/react-dom/cjs/react-dom.development.js:9097:3)
      at node_modules/react-dom/cjs/react-dom.development.js:9288:12
      at batchedUpdates$1 
(node_modules/react-dom/cjs/react-dom.development.js:26179:12)
      at batchedUpdates 
(node_modules/react-dom/cjs/react-dom.development.js:3991:12)
      at dispatchEventForPluginEventSystem 
(node_modules/react-dom/cjs/react-dom.development.js:9287:3)
      at dispatchEventWithEnableCapturePhaseSelectiveHydrationWithoutDiscreteEv
entReplay (node_modules/react-dom/cjs/react-dom.development.js:6465:5)
      at dispatchEvent 
(node_modules/react-dom/cjs/react-dom.development.js:6457:5)
      at dispatchDiscreteEvent 
(node_modules/react-dom/cjs/react-dom.development.js:6430:5)
      at HTMLDivElement.callTheUserObjectsOperation 
(node_modules/jsdom/lib/jsdom/living/generated/EventListener.js:26:30)
      at innerInvokeEventListeners 
(node_modules/jsdom/lib/jsdom/living/events/EventTarget-impl.js:350:25)
      at invokeEventListeners 
(node_modules/jsdom/lib/jsdom/living/events/EventTarget-impl.js:286:3)
      at HTMLInputElementImpl._dispatch 
(node_modules/jsdom/lib/jsdom/living/events/EventTarget-impl.js:233:9)
      at HTMLInputElementImpl.dispatchEvent 
(node_modules/jsdom/lib/jsdom/living/events/EventTarget-impl.js:104:17)
      at HTMLInputElement.dispatchEvent 
(node_modules/jsdom/lib/jsdom/living/generated/EventTarget.js:241:34)
      at 
node_modules/@testing-library/user-event/dist/cjs/event/dispatchEvent.js:45:43
      at Object.eventWrapper 
(node_modules/@testing-library/dom/dist/config.js:25:23)
      at Object.wrapEvent 
(node_modules/@testing-library/user-event/dist/cjs/event/wrapEvent.js:6:28)
      at Object.dispatchEvent (node_modules/@testing-library/user-event/dist/cj
s/event/dispatchEvent.js:45:22)
      at Object.dispatchUIEvent (node_modules/@testing-library/user-event/dist/
cjs/event/dispatchEvent.js:22:26)
      at commitInput 
(node_modules/@testing-library/user-event/dist/cjs/event/input.js:145:14)
      at editInputElement 
(node_modules/@testing-library/user-event/dist/cjs/event/input.js:115:9)
      at Object.input 
(node_modules/@testing-library/user-event/dist/cjs/event/input.js:37:9)
      at node_modules/@testing-library/user-event/dist/cjs/event/behavior/keypr
ess.js:31:26
      at Object.dispatchEvent (node_modules/@testing-library/user-event/dist/cj
s/event/dispatchEvent.js:41:13)
      at Object.dispatchUIEvent (node_modules/@testing-library/user-event/dist/
cjs/event/dispatchEvent.js:22:26)
      at KeyboardHost.keydown 
(node_modules/@testing-library/user-event/dist/cjs/system/keyboard.js:76:22)
      at keyboardAction 
(node_modules/@testing-library/user-event/dist/cjs/keyboard/index.js:22:35)
      at Object.keyboard 
(node_modules/@testing-library/user-event/dist/cjs/keyboard/index.js:11:15)
      at Object.type 
(node_modules/@testing-library/user-event/dist/cjs/utility/type.js:17:5)
      at goToStep2 
(src/binding-authorities/__tests__/binding-authorities.test.tsx:1891:9)
      at Object.<anonymous> 
(src/binding-authorities/__tests__/binding-authorities.test.tsx:1942:9)

    console.error
      Warning: An update to BordereauConfigModal inside a test was not wrapped 
in act(...).
      
      When testing, code that causes React state updates should be wrapped 
into act(...):
      
      act(() => {
        /* fire events that update state */
      });
      /* assert on the output */
      
      This ensures that you're testing the behavior the user would see in the 
browser. Learn more at https://reactjs.org/link/wrap-tests-with-act
          at BordereauConfigModal (C:\Users\samhe\OneDrive\Desktop\Cleaned\fron
tend\src\binding-authorities\BordereauConfigModal\BordereauConfigModal.tsx:217:
5)

      616 |                             className="btn btn-primary"
      617 |                             disabled={step === 'setup' && 
name.trim() === ''}
    > 618 |                             onClick={() => setStep(STEPS[stepIndex 
+ 1].key)}
          |                                            ^
      619 |                         >
      620 |                             Next
      621 |                         </button>

      at printWarning 
(node_modules/react-dom/cjs/react-dom.development.js:86:30)
      at error (node_modules/react-dom/cjs/react-dom.development.js:60:7)
      at warnIfUpdatesNotWrappedWithActDEV 
(node_modules/react-dom/cjs/react-dom.development.js:27628:9)
      at scheduleUpdateOnFiber 
(node_modules/react-dom/cjs/react-dom.development.js:25547:5)
      at dispatchSetState 
(node_modules/react-dom/cjs/react-dom.development.js:16708:7)
      at onClick 
(src/binding-authorities/BordereauConfigModal/BordereauConfigModal.tsx:618:44)
      at HTMLUnknownElement.callCallback 
(node_modules/react-dom/cjs/react-dom.development.js:4164:14)
      at HTMLUnknownElement.callTheUserObjectsOperation 
(node_modules/jsdom/lib/jsdom/living/generated/EventListener.js:26:30)
      at innerInvokeEventListeners 
(node_modules/jsdom/lib/jsdom/living/events/EventTarget-impl.js:350:25)
      at invokeEventListeners 
(node_modules/jsdom/lib/jsdom/living/events/EventTarget-impl.js:286:3)
      at HTMLUnknownElementImpl._dispatch 
(node_modules/jsdom/lib/jsdom/living/events/EventTarget-impl.js:233:9)
      at HTMLUnknownElementImpl.dispatchEvent 
(node_modules/jsdom/lib/jsdom/living/events/EventTarget-impl.js:104:17)
      at HTMLUnknownElement.dispatchEvent 
(node_modules/jsdom/lib/jsdom/living/generated/EventTarget.js:241:34)
      at Object.invokeGuardedCallbackDev 
(node_modules/react-dom/cjs/react-dom.development.js:4213:16)
      at invokeGuardedCallback 
(node_modules/react-dom/cjs/react-dom.development.js:4277:31)
      at invokeGuardedCallbackAndCatchFirstError 
(node_modules/react-dom/cjs/react-dom.development.js:4291:25)
      at executeDispatch 
(node_modules/react-dom/cjs/react-dom.development.js:9041:3)
      at processDispatchQueueItemsInOrder 
(node_modules/react-dom/cjs/react-dom.development.js:9073:7)
      at processDispatchQueue 
(node_modules/react-dom/cjs/react-dom.development.js:9086:5)
      at dispatchEventsForPlugins 
(node_modules/react-dom/cjs/react-dom.development.js:9097:3)
      at node_modules/react-dom/cjs/react-dom.development.js:9288:12
      at batchedUpdates$1 
(node_modules/react-dom/cjs/react-dom.development.js:26179:12)
      at batchedUpdates 
(node_modules/react-dom/cjs/react-dom.development.js:3991:12)
      at dispatchEventForPluginEventSystem 
(node_modules/react-dom/cjs/react-dom.development.js:9287:3)
      at dispatchEventWithEnableCapturePhaseSelectiveHydrationWithoutDiscreteEv
entReplay (node_modules/react-dom/cjs/react-dom.development.js:6465:5)
      at dispatchEvent 
(node_modules/react-dom/cjs/react-dom.development.js:6457:5)
      at dispatchDiscreteEvent 
(node_modules/react-dom/cjs/react-dom.development.js:6430:5)
      at HTMLDivElement.callTheUserObjectsOperation 
(node_modules/jsdom/lib/jsdom/living/generated/EventListener.js:26:30)
      at innerInvokeEventListeners 
(node_modules/jsdom/lib/jsdom/living/events/EventTarget-impl.js:350:25)
      at invokeEventListeners 
(node_modules/jsdom/lib/jsdom/living/events/EventTarget-impl.js:286:3)
      at HTMLButtonElementImpl._dispatch 
(node_modules/jsdom/lib/jsdom/living/events/EventTarget-impl.js:233:9)
      at HTMLButtonElementImpl.dispatchEvent 
(node_modules/jsdom/lib/jsdom/living/events/EventTarget-impl.js:104:17)
      at HTMLButtonElement.dispatchEvent 
(node_modules/jsdom/lib/jsdom/living/generated/EventTarget.js:241:34)
      at 
node_modules/@testing-library/user-event/dist/cjs/event/dispatchEvent.js:45:43
      at Object.eventWrapper 
(node_modules/@testing-library/dom/dist/config.js:25:23)
      at Object.wrapEvent 
(node_modules/@testing-library/user-event/dist/cjs/event/wrapEvent.js:6:28)
      at Object.dispatchEvent (node_modules/@testing-library/user-event/dist/cj
s/event/dispatchEvent.js:45:22)
      at Object.dispatchUIEvent (node_modules/@testing-library/user-event/dist/
cjs/event/dispatchEvent.js:22:26)
      at Mouse.up (node_modules/@testing-library/user-event/dist/cjs/system/poi
nter/mouse.js:100:30)
      at PointerHost.release (node_modules/@testing-library/user-event/dist/cjs
/system/pointer/index.js:87:24)
      at pointerAction 
(node_modules/@testing-library/user-event/dist/cjs/pointer/index.js:54:47)
      at Object.pointer 
(node_modules/@testing-library/user-event/dist/cjs/pointer/index.js:27:9)
      at goToStep2 
(src/binding-authorities/__tests__/binding-authorities.test.tsx:1892:9)
      at Object.<anonymous> 
(src/binding-authorities/__tests__/binding-authorities.test.tsx:1942:9)

    console.error
      Warning: An update to BordereauConfigModal inside a test was not wrapped 
in act(...).
      
      When testing, code that causes React state updates should be wrapped 
into act(...):
      
      act(() => {
        /* fire events that update state */
      });
      /* assert on the output */
      
      This ensures that you're testing the behavior the user would see in the 
browser. Learn more at https://reactjs.org/link/wrap-tests-with-act
          at BordereauConfigModal (C:\Users\samhe\OneDrive\Desktop\Cleaned\fron
tend\src\binding-authorities\BordereauConfigModal\BordereauConfigModal.tsx:217:
5)

      254 |     // Step 1: changing type resets selection to full default for 
the new type
      255 |     const handleTypeChange = (t: BordType) => {
    > 256 |         setType(t)
          |         ^
      257 |         setFieldOrder(defaultFields(t))
      258 |         setSearch('')
      259 |     }

      at printWarning 
(node_modules/react-dom/cjs/react-dom.development.js:86:30)
      at error (node_modules/react-dom/cjs/react-dom.development.js:60:7)
      at warnIfUpdatesNotWrappedWithActDEV 
(node_modules/react-dom/cjs/react-dom.development.js:27628:9)
      at scheduleUpdateOnFiber 
(node_modules/react-dom/cjs/react-dom.development.js:25547:5)
      at dispatchSetState 
(node_modules/react-dom/cjs/react-dom.development.js:16708:7)
      at handleTypeChange 
(src/binding-authorities/BordereauConfigModal/BordereauConfigModal.tsx:256:9)
      at onChange 
(src/binding-authorities/BordereauConfigModal/BordereauConfigModal.tsx:394:65)
      at HTMLUnknownElement.callCallback 
(node_modules/react-dom/cjs/react-dom.development.js:4164:14)
      at HTMLUnknownElement.callTheUserObjectsOperation 
(node_modules/jsdom/lib/jsdom/living/generated/EventListener.js:26:30)
      at innerInvokeEventListeners 
(node_modules/jsdom/lib/jsdom/living/events/EventTarget-impl.js:350:25)
      at invokeEventListeners 
(node_modules/jsdom/lib/jsdom/living/events/EventTarget-impl.js:286:3)
      at HTMLUnknownElementImpl._dispatch 
(node_modules/jsdom/lib/jsdom/living/events/EventTarget-impl.js:233:9)
      at HTMLUnknownElementImpl.dispatchEvent 
(node_modules/jsdom/lib/jsdom/living/events/EventTarget-impl.js:104:17)
      at HTMLUnknownElement.dispatchEvent 
(node_modules/jsdom/lib/jsdom/living/generated/EventTarget.js:241:34)
      at Object.invokeGuardedCallbackDev 
(node_modules/react-dom/cjs/react-dom.development.js:4213:16)
      at invokeGuardedCallback 
(node_modules/react-dom/cjs/react-dom.development.js:4277:31)
      at invokeGuardedCallbackAndCatchFirstError 
(node_modules/react-dom/cjs/react-dom.development.js:4291:25)
      at executeDispatch 
(node_modules/react-dom/cjs/react-dom.development.js:9041:3)
      at processDispatchQueueItemsInOrder 
(node_modules/react-dom/cjs/react-dom.development.js:9073:7)
      at processDispatchQueue 
(node_modules/react-dom/cjs/react-dom.development.js:9086:5)
      at dispatchEventsForPlugins 
(node_modules/react-dom/cjs/react-dom.development.js:9097:3)
      at node_modules/react-dom/cjs/react-dom.development.js:9288:12
      at batchedUpdates$1 
(node_modules/react-dom/cjs/react-dom.development.js:26179:12)
      at batchedUpdates 
(node_modules/react-dom/cjs/react-dom.development.js:3991:12)
      at dispatchEventForPluginEventSystem 
(node_modules/react-dom/cjs/react-dom.development.js:9287:3)
      at dispatchEventWithEnableCapturePhaseSelectiveHydrationWithoutDiscreteEv
entReplay (node_modules/react-dom/cjs/react-dom.development.js:6465:5)
      at dispatchEvent 
(node_modules/react-dom/cjs/react-dom.development.js:6457:5)
      at dispatchDiscreteEvent 
(node_modules/react-dom/cjs/react-dom.development.js:6430:5)
      at HTMLDivElement.callTheUserObjectsOperation 
(node_modules/jsdom/lib/jsdom/living/generated/EventListener.js:26:30)
      at innerInvokeEventListeners 
(node_modules/jsdom/lib/jsdom/living/events/EventTarget-impl.js:350:25)
      at invokeEventListeners 
(node_modules/jsdom/lib/jsdom/living/events/EventTarget-impl.js:286:3)
      at HTMLInputElementImpl._dispatch 
(node_modules/jsdom/lib/jsdom/living/events/EventTarget-impl.js:233:9)
      at HTMLInputElementImpl.dispatchEvent 
(node_modules/jsdom/lib/jsdom/living/events/EventTarget-impl.js:104:17)
      at HTMLInputElement.dispatchEvent 
(node_modules/jsdom/lib/jsdom/living/generated/EventTarget.js:241:34)
      at 
node_modules/@testing-library/user-event/dist/cjs/event/dispatchEvent.js:45:43
      at Object.eventWrapper 
(node_modules/@testing-library/dom/dist/config.js:25:23)
      at Object.wrapEvent 
(node_modules/@testing-library/user-event/dist/cjs/event/wrapEvent.js:6:28)
      at Object.dispatchEvent (node_modules/@testing-library/user-event/dist/cj
s/event/dispatchEvent.js:45:22)
      at Object.dispatchUIEvent (node_modules/@testing-library/user-event/dist/
cjs/event/dispatchEvent.js:22:26)
      at Mouse.up (node_modules/@testing-library/user-event/dist/cjs/system/poi
nter/mouse.js:100:30)
      at PointerHost.release (node_modules/@testing-library/user-event/dist/cjs
/system/pointer/index.js:87:24)
      at pointerAction 
(node_modules/@testing-library/user-event/dist/cjs/pointer/index.js:54:47)
      at Object.pointer 
(node_modules/@testing-library/user-event/dist/cjs/pointer/index.js:27:9)
      at goToStep2 
(src/binding-authorities/__tests__/binding-authorities.test.tsx:1889:13)
      at Object.<anonymous> 
(src/binding-authorities/__tests__/binding-authorities.test.tsx:1946:9)

    console.error
      Warning: An update to BordereauConfigModal inside a test was not wrapped 
in act(...).
      
      When testing, code that causes React state updates should be wrapped 
into act(...):
      
      act(() => {
        /* fire events that update state */
      });
      /* assert on the output */
      
      This ensures that you're testing the behavior the user would see in the 
browser. Learn more at https://reactjs.org/link/wrap-tests-with-act
          at BordereauConfigModal (C:\Users\samhe\OneDrive\Desktop\Cleaned\fron
tend\src\binding-authorities\BordereauConfigModal\BordereauConfigModal.tsx:217:
5)

      255 |     const handleTypeChange = (t: BordType) => {
      256 |         setType(t)
    > 257 |         setFieldOrder(defaultFields(t))
          |         ^
      258 |         setSearch('')
      259 |     }
      260 |

      at printWarning 
(node_modules/react-dom/cjs/react-dom.development.js:86:30)
      at error (node_modules/react-dom/cjs/react-dom.development.js:60:7)
      at warnIfUpdatesNotWrappedWithActDEV 
(node_modules/react-dom/cjs/react-dom.development.js:27628:9)
      at scheduleUpdateOnFiber 
(node_modules/react-dom/cjs/react-dom.development.js:25547:5)
      at dispatchSetState 
(node_modules/react-dom/cjs/react-dom.development.js:16708:7)
      at handleTypeChange 
(src/binding-authorities/BordereauConfigModal/BordereauConfigModal.tsx:257:9)
      at onChange 
(src/binding-authorities/BordereauConfigModal/BordereauConfigModal.tsx:394:65)
      at HTMLUnknownElement.callCallback 
(node_modules/react-dom/cjs/react-dom.development.js:4164:14)
      at HTMLUnknownElement.callTheUserObjectsOperation 
(node_modules/jsdom/lib/jsdom/living/generated/EventListener.js:26:30)
      at innerInvokeEventListeners 
(node_modules/jsdom/lib/jsdom/living/events/EventTarget-impl.js:350:25)
      at invokeEventListeners 
(node_modules/jsdom/lib/jsdom/living/events/EventTarget-impl.js:286:3)
      at HTMLUnknownElementImpl._dispatch 
(node_modules/jsdom/lib/jsdom/living/events/EventTarget-impl.js:233:9)
      at HTMLUnknownElementImpl.dispatchEvent 
(node_modules/jsdom/lib/jsdom/living/events/EventTarget-impl.js:104:17)
      at HTMLUnknownElement.dispatchEvent 
(node_modules/jsdom/lib/jsdom/living/generated/EventTarget.js:241:34)
      at Object.invokeGuardedCallbackDev 
(node_modules/react-dom/cjs/react-dom.development.js:4213:16)
      at invokeGuardedCallback 
(node_modules/react-dom/cjs/react-dom.development.js:4277:31)
      at invokeGuardedCallbackAndCatchFirstError 
(node_modules/react-dom/cjs/react-dom.development.js:4291:25)
      at executeDispatch 
(node_modules/react-dom/cjs/react-dom.development.js:9041:3)
      at processDispatchQueueItemsInOrder 
(node_modules/react-dom/cjs/react-dom.development.js:9073:7)
      at processDispatchQueue 
(node_modules/react-dom/cjs/react-dom.development.js:9086:5)
      at dispatchEventsForPlugins 
(node_modules/react-dom/cjs/react-dom.development.js:9097:3)
      at node_modules/react-dom/cjs/react-dom.development.js:9288:12
      at batchedUpdates$1 
(node_modules/react-dom/cjs/react-dom.development.js:26179:12)
      at batchedUpdates 
(node_modules/react-dom/cjs/react-dom.development.js:3991:12)
      at dispatchEventForPluginEventSystem 
(node_modules/react-dom/cjs/react-dom.development.js:9287:3)
      at dispatchEventWithEnableCapturePhaseSelectiveHydrationWithoutDiscreteEv
entReplay (node_modules/react-dom/cjs/react-dom.development.js:6465:5)
      at dispatchEvent 
(node_modules/react-dom/cjs/react-dom.development.js:6457:5)
      at dispatchDiscreteEvent 
(node_modules/react-dom/cjs/react-dom.development.js:6430:5)
      at HTMLDivElement.callTheUserObjectsOperation 
(node_modules/jsdom/lib/jsdom/living/generated/EventListener.js:26:30)
      at innerInvokeEventListeners 
(node_modules/jsdom/lib/jsdom/living/events/EventTarget-impl.js:350:25)
      at invokeEventListeners 
(node_modules/jsdom/lib/jsdom/living/events/EventTarget-impl.js:286:3)
      at HTMLInputElementImpl._dispatch 
(node_modules/jsdom/lib/jsdom/living/events/EventTarget-impl.js:233:9)
      at HTMLInputElementImpl.dispatchEvent 
(node_modules/jsdom/lib/jsdom/living/events/EventTarget-impl.js:104:17)
      at HTMLInputElement.dispatchEvent 
(node_modules/jsdom/lib/jsdom/living/generated/EventTarget.js:241:34)
      at 
node_modules/@testing-library/user-event/dist/cjs/event/dispatchEvent.js:45:43
      at Object.eventWrapper 
(node_modules/@testing-library/dom/dist/config.js:25:23)
      at Object.wrapEvent 
(node_modules/@testing-library/user-event/dist/cjs/event/wrapEvent.js:6:28)
      at Object.dispatchEvent (node_modules/@testing-library/user-event/dist/cj
s/event/dispatchEvent.js:45:22)
      at Object.dispatchUIEvent (node_modules/@testing-library/user-event/dist/
cjs/event/dispatchEvent.js:22:26)
      at Mouse.up (node_modules/@testing-library/user-event/dist/cjs/system/poi
nter/mouse.js:100:30)
      at PointerHost.release (node_modules/@testing-library/user-event/dist/cjs
/system/pointer/index.js:87:24)
      at pointerAction 
(node_modules/@testing-library/user-event/dist/cjs/pointer/index.js:54:47)
      at Object.pointer 
(node_modules/@testing-library/user-event/dist/cjs/pointer/index.js:27:9)
      at goToStep2 
(src/binding-authorities/__tests__/binding-authorities.test.tsx:1889:13)
      at Object.<anonymous> 
(src/binding-authorities/__tests__/binding-authorities.test.tsx:1946:9)

    console.error
      Warning: An update to BordereauConfigModal inside a test was not wrapped 
in act(...).
      
      When testing, code that causes React state updates should be wrapped 
into act(...):
      
      act(() => {
        /* fire events that update state */
      });
      /* assert on the output */
      
      This ensures that you're testing the behavior the user would see in the 
browser. Learn more at https://reactjs.org/link/wrap-tests-with-act
          at BordereauConfigModal (C:\Users\samhe\OneDrive\Desktop\Cleaned\fron
tend\src\binding-authorities\BordereauConfigModal\BordereauConfigModal.tsx:217:
5)

      256 |         setType(t)
      257 |         setFieldOrder(defaultFields(t))
    > 258 |         setSearch('')
          |         ^
      259 |     }
      260 |
      261 |     // Step 2: dual-pane helpers

      at printWarning 
(node_modules/react-dom/cjs/react-dom.development.js:86:30)
      at error (node_modules/react-dom/cjs/react-dom.development.js:60:7)
      at warnIfUpdatesNotWrappedWithActDEV 
(node_modules/react-dom/cjs/react-dom.development.js:27628:9)
      at scheduleUpdateOnFiber 
(node_modules/react-dom/cjs/react-dom.development.js:25547:5)
      at dispatchSetState 
(node_modules/react-dom/cjs/react-dom.development.js:16708:7)
      at handleTypeChange 
(src/binding-authorities/BordereauConfigModal/BordereauConfigModal.tsx:258:9)
      at onChange 
(src/binding-authorities/BordereauConfigModal/BordereauConfigModal.tsx:394:65)
      at HTMLUnknownElement.callCallback 
(node_modules/react-dom/cjs/react-dom.development.js:4164:14)
      at HTMLUnknownElement.callTheUserObjectsOperation 
(node_modules/jsdom/lib/jsdom/living/generated/EventListener.js:26:30)
      at innerInvokeEventListeners 
(node_modules/jsdom/lib/jsdom/living/events/EventTarget-impl.js:350:25)
      at invokeEventListeners 
(node_modules/jsdom/lib/jsdom/living/events/EventTarget-impl.js:286:3)
      at HTMLUnknownElementImpl._dispatch 
(node_modules/jsdom/lib/jsdom/living/events/EventTarget-impl.js:233:9)
      at HTMLUnknownElementImpl.dispatchEvent 
(node_modules/jsdom/lib/jsdom/living/events/EventTarget-impl.js:104:17)
      at HTMLUnknownElement.dispatchEvent 
(node_modules/jsdom/lib/jsdom/living/generated/EventTarget.js:241:34)
      at Object.invokeGuardedCallbackDev 
(node_modules/react-dom/cjs/react-dom.development.js:4213:16)
      at invokeGuardedCallback 
(node_modules/react-dom/cjs/react-dom.development.js:4277:31)
      at invokeGuardedCallbackAndCatchFirstError 
(node_modules/react-dom/cjs/react-dom.development.js:4291:25)
      at executeDispatch 
(node_modules/react-dom/cjs/react-dom.development.js:9041:3)
      at processDispatchQueueItemsInOrder 
(node_modules/react-dom/cjs/react-dom.development.js:9073:7)
      at processDispatchQueue 
(node_modules/react-dom/cjs/react-dom.development.js:9086:5)
      at dispatchEventsForPlugins 
(node_modules/react-dom/cjs/react-dom.development.js:9097:3)
      at node_modules/react-dom/cjs/react-dom.development.js:9288:12
      at batchedUpdates$1 
(node_modules/react-dom/cjs/react-dom.development.js:26179:12)
      at batchedUpdates 
(node_modules/react-dom/cjs/react-dom.development.js:3991:12)
      at dispatchEventForPluginEventSystem 
(node_modules/react-dom/cjs/react-dom.development.js:9287:3)
      at dispatchEventWithEnableCapturePhaseSelectiveHydrationWithoutDiscreteEv
entReplay (node_modules/react-dom/cjs/react-dom.development.js:6465:5)
      at dispatchEvent 
(node_modules/react-dom/cjs/react-dom.development.js:6457:5)
      at dispatchDiscreteEvent 
(node_modules/react-dom/cjs/react-dom.development.js:6430:5)
      at HTMLDivElement.callTheUserObjectsOperation 
(node_modules/jsdom/lib/jsdom/living/generated/EventListener.js:26:30)
      at innerInvokeEventListeners 
(node_modules/jsdom/lib/jsdom/living/events/EventTarget-impl.js:350:25)
      at invokeEventListeners 
(node_modules/jsdom/lib/jsdom/living/events/EventTarget-impl.js:286:3)
      at HTMLInputElementImpl._dispatch 
(node_modules/jsdom/lib/jsdom/living/events/EventTarget-impl.js:233:9)
      at HTMLInputElementImpl.dispatchEvent 
(node_modules/jsdom/lib/jsdom/living/events/EventTarget-impl.js:104:17)
      at HTMLInputElement.dispatchEvent 
(node_modules/jsdom/lib/jsdom/living/generated/EventTarget.js:241:34)
      at 
node_modules/@testing-library/user-event/dist/cjs/event/dispatchEvent.js:45:43
      at Object.eventWrapper 
(node_modules/@testing-library/dom/dist/config.js:25:23)
      at Object.wrapEvent 
(node_modules/@testing-library/user-event/dist/cjs/event/wrapEvent.js:6:28)
      at Object.dispatchEvent (node_modules/@testing-library/user-event/dist/cj
s/event/dispatchEvent.js:45:22)
      at Object.dispatchUIEvent (node_modules/@testing-library/user-event/dist/
cjs/event/dispatchEvent.js:22:26)
      at Mouse.up (node_modules/@testing-library/user-event/dist/cjs/system/poi
nter/mouse.js:100:30)
      at PointerHost.release (node_modules/@testing-library/user-event/dist/cjs
/system/pointer/index.js:87:24)
      at pointerAction 
(node_modules/@testing-library/user-event/dist/cjs/pointer/index.js:54:47)
      at Object.pointer 
(node_modules/@testing-library/user-event/dist/cjs/pointer/index.js:27:9)
      at goToStep2 
(src/binding-authorities/__tests__/binding-authorities.test.tsx:1889:13)
      at Object.<anonymous> 
(src/binding-authorities/__tests__/binding-authorities.test.tsx:1946:9)

    console.error
      Warning: An update to BordereauConfigModal inside a test was not wrapped 
in act(...).
      
      When testing, code that causes React state updates should be wrapped 
into act(...):
      
      act(() => {
        /* fire events that update state */
      });
      /* assert on the output */
      
      This ensures that you're testing the behavior the user would see in the 
browser. Learn more at https://reactjs.org/link/wrap-tests-with-act
          at BordereauConfigModal (C:\Users\samhe\OneDrive\Desktop\Cleaned\fron
tend\src\binding-authorities\BordereauConfigModal\BordereauConfigModal.tsx:217:
5)

      372 |                                     type="text"
      373 |                                     value={name}
    > 374 |                                     onChange={e => 
setName(e.target.value)}
          |                                                    ^
      375 |                                     placeholder="e.g. Q1 2025 Risk 
Bordereau"
      376 |                                     className="border 
border-gray-300 rounded px-3 py-2 text-sm w-full"
      377 |                                     autoFocus

      at printWarning 
(node_modules/react-dom/cjs/react-dom.development.js:86:30)
      at error (node_modules/react-dom/cjs/react-dom.development.js:60:7)
      at warnIfUpdatesNotWrappedWithActDEV 
(node_modules/react-dom/cjs/react-dom.development.js:27628:9)
      at scheduleUpdateOnFiber 
(node_modules/react-dom/cjs/react-dom.development.js:25547:5)
      at dispatchSetState 
(node_modules/react-dom/cjs/react-dom.development.js:16708:7)
      at onChange 
(src/binding-authorities/BordereauConfigModal/BordereauConfigModal.tsx:374:52)
      at HTMLUnknownElement.callCallback 
(node_modules/react-dom/cjs/react-dom.development.js:4164:14)
      at HTMLUnknownElement.callTheUserObjectsOperation 
(node_modules/jsdom/lib/jsdom/living/generated/EventListener.js:26:30)
      at innerInvokeEventListeners 
(node_modules/jsdom/lib/jsdom/living/events/EventTarget-impl.js:350:25)
      at invokeEventListeners 
(node_modules/jsdom/lib/jsdom/living/events/EventTarget-impl.js:286:3)
      at HTMLUnknownElementImpl._dispatch 
(node_modules/jsdom/lib/jsdom/living/events/EventTarget-impl.js:233:9)
      at HTMLUnknownElementImpl.dispatchEvent 
(node_modules/jsdom/lib/jsdom/living/events/EventTarget-impl.js:104:17)
      at HTMLUnknownElement.dispatchEvent 
(node_modules/jsdom/lib/jsdom/living/generated/EventTarget.js:241:34)
      at Object.invokeGuardedCallbackDev 
(node_modules/react-dom/cjs/react-dom.development.js:4213:16)
      at invokeGuardedCallback 
(node_modules/react-dom/cjs/react-dom.development.js:4277:31)
      at invokeGuardedCallbackAndCatchFirstError 
(node_modules/react-dom/cjs/react-dom.development.js:4291:25)
      at executeDispatch 
(node_modules/react-dom/cjs/react-dom.development.js:9041:3)
      at processDispatchQueueItemsInOrder 
(node_modules/react-dom/cjs/react-dom.development.js:9073:7)
      at processDispatchQueue 
(node_modules/react-dom/cjs/react-dom.development.js:9086:5)
      at dispatchEventsForPlugins 
(node_modules/react-dom/cjs/react-dom.development.js:9097:3)
      at node_modules/react-dom/cjs/react-dom.development.js:9288:12
      at batchedUpdates$1 
(node_modules/react-dom/cjs/react-dom.development.js:26179:12)
      at batchedUpdates 
(node_modules/react-dom/cjs/react-dom.development.js:3991:12)
      at dispatchEventForPluginEventSystem 
(node_modules/react-dom/cjs/react-dom.development.js:9287:3)
      at dispatchEventWithEnableCapturePhaseSelectiveHydrationWithoutDiscreteEv
entReplay (node_modules/react-dom/cjs/react-dom.development.js:6465:5)
      at dispatchEvent 
(node_modules/react-dom/cjs/react-dom.development.js:6457:5)
      at dispatchDiscreteEvent 
(node_modules/react-dom/cjs/react-dom.development.js:6430:5)
      at HTMLDivElement.callTheUserObjectsOperation 
(node_modules/jsdom/lib/jsdom/living/generated/EventListener.js:26:30)
      at innerInvokeEventListeners 
(node_modules/jsdom/lib/jsdom/living/events/EventTarget-impl.js:350:25)
      at invokeEventListeners 
(node_modules/jsdom/lib/jsdom/living/events/EventTarget-impl.js:286:3)
      at HTMLInputElementImpl._dispatch 
(node_modules/jsdom/lib/jsdom/living/events/EventTarget-impl.js:233:9)
      at HTMLInputElementImpl.dispatchEvent 
(node_modules/jsdom/lib/jsdom/living/events/EventTarget-impl.js:104:17)
      at HTMLInputElement.dispatchEvent 
(node_modules/jsdom/lib/jsdom/living/generated/EventTarget.js:241:34)
      at 
node_modules/@testing-library/user-event/dist/cjs/event/dispatchEvent.js:45:43
      at Object.eventWrapper 
(node_modules/@testing-library/dom/dist/config.js:25:23)
      at Object.wrapEvent 
(node_modules/@testing-library/user-event/dist/cjs/event/wrapEvent.js:6:28)
      at Object.dispatchEvent (node_modules/@testing-library/user-event/dist/cj
s/event/dispatchEvent.js:45:22)
      at Object.dispatchUIEvent (node_modules/@testing-library/user-event/dist/
cjs/event/dispatchEvent.js:22:26)
      at commitInput 
(node_modules/@testing-library/user-event/dist/cjs/event/input.js:145:14)
      at editInputElement 
(node_modules/@testing-library/user-event/dist/cjs/event/input.js:115:9)
      at Object.input 
(node_modules/@testing-library/user-event/dist/cjs/event/input.js:37:9)
      at node_modules/@testing-library/user-event/dist/cjs/event/behavior/keypr
ess.js:31:26
      at Object.dispatchEvent (node_modules/@testing-library/user-event/dist/cj
s/event/dispatchEvent.js:41:13)
      at Object.dispatchUIEvent (node_modules/@testing-library/user-event/dist/
cjs/event/dispatchEvent.js:22:26)
      at KeyboardHost.keydown 
(node_modules/@testing-library/user-event/dist/cjs/system/keyboard.js:76:22)
      at keyboardAction 
(node_modules/@testing-library/user-event/dist/cjs/keyboard/index.js:22:35)
      at Object.keyboard 
(node_modules/@testing-library/user-event/dist/cjs/keyboard/index.js:11:15)
      at Object.type 
(node_modules/@testing-library/user-event/dist/cjs/utility/type.js:17:5)
      at goToStep2 
(src/binding-authorities/__tests__/binding-authorities.test.tsx:1891:9)
      at Object.<anonymous> 
(src/binding-authorities/__tests__/binding-authorities.test.tsx:1946:9)

    console.error
      Warning: An update to BordereauConfigModal inside a test was not wrapped 
in act(...).
      
      When testing, code that causes React state updates should be wrapped 
into act(...):
      
      act(() => {
        /* fire events that update state */
      });
      /* assert on the output */
      
      This ensures that you're testing the behavior the user would see in the 
browser. Learn more at https://reactjs.org/link/wrap-tests-with-act
          at BordereauConfigModal (C:\Users\samhe\OneDrive\Desktop\Cleaned\fron
tend\src\binding-authorities\BordereauConfigModal\BordereauConfigModal.tsx:217:
5)

      372 |                                     type="text"
      373 |                                     value={name}
    > 374 |                                     onChange={e => 
setName(e.target.value)}
          |                                                    ^
      375 |                                     placeholder="e.g. Q1 2025 Risk 
Bordereau"
      376 |                                     className="border 
border-gray-300 rounded px-3 py-2 text-sm w-full"
      377 |                                     autoFocus

      at printWarning 
(node_modules/react-dom/cjs/react-dom.development.js:86:30)
      at error (node_modules/react-dom/cjs/react-dom.development.js:60:7)
      at warnIfUpdatesNotWrappedWithActDEV 
(node_modules/react-dom/cjs/react-dom.development.js:27628:9)
      at scheduleUpdateOnFiber 
(node_modules/react-dom/cjs/react-dom.development.js:25547:5)
      at dispatchSetState 
(node_modules/react-dom/cjs/react-dom.development.js:16708:7)
      at onChange 
(src/binding-authorities/BordereauConfigModal/BordereauConfigModal.tsx:374:52)
      at HTMLUnknownElement.callCallback 
(node_modules/react-dom/cjs/react-dom.development.js:4164:14)
      at HTMLUnknownElement.callTheUserObjectsOperation 
(node_modules/jsdom/lib/jsdom/living/generated/EventListener.js:26:30)
      at innerInvokeEventListeners 
(node_modules/jsdom/lib/jsdom/living/events/EventTarget-impl.js:350:25)
      at invokeEventListeners 
(node_modules/jsdom/lib/jsdom/living/events/EventTarget-impl.js:286:3)
      at HTMLUnknownElementImpl._dispatch 
(node_modules/jsdom/lib/jsdom/living/events/EventTarget-impl.js:233:9)
      at HTMLUnknownElementImpl.dispatchEvent 
(node_modules/jsdom/lib/jsdom/living/events/EventTarget-impl.js:104:17)
      at HTMLUnknownElement.dispatchEvent 
(node_modules/jsdom/lib/jsdom/living/generated/EventTarget.js:241:34)
      at Object.invokeGuardedCallbackDev 
(node_modules/react-dom/cjs/react-dom.development.js:4213:16)
      at invokeGuardedCallback 
(node_modules/react-dom/cjs/react-dom.development.js:4277:31)
      at invokeGuardedCallbackAndCatchFirstError 
(node_modules/react-dom/cjs/react-dom.development.js:4291:25)
      at executeDispatch 
(node_modules/react-dom/cjs/react-dom.development.js:9041:3)
      at processDispatchQueueItemsInOrder 
(node_modules/react-dom/cjs/react-dom.development.js:9073:7)
      at processDispatchQueue 
(node_modules/react-dom/cjs/react-dom.development.js:9086:5)
      at dispatchEventsForPlugins 
(node_modules/react-dom/cjs/react-dom.development.js:9097:3)
      at node_modules/react-dom/cjs/react-dom.development.js:9288:12
      at batchedUpdates$1 
(node_modules/react-dom/cjs/react-dom.development.js:26179:12)
      at batchedUpdates 
(node_modules/react-dom/cjs/react-dom.development.js:3991:12)
      at dispatchEventForPluginEventSystem 
(node_modules/react-dom/cjs/react-dom.development.js:9287:3)
      at dispatchEventWithEnableCapturePhaseSelectiveHydrationWithoutDiscreteEv
entReplay (node_modules/react-dom/cjs/react-dom.development.js:6465:5)
      at dispatchEvent 
(node_modules/react-dom/cjs/react-dom.development.js:6457:5)
      at dispatchDiscreteEvent 
(node_modules/react-dom/cjs/react-dom.development.js:6430:5)
      at HTMLDivElement.callTheUserObjectsOperation 
(node_modules/jsdom/lib/jsdom/living/generated/EventListener.js:26:30)
      at innerInvokeEventListeners 
(node_modules/jsdom/lib/jsdom/living/events/EventTarget-impl.js:350:25)
      at invokeEventListeners 
(node_modules/jsdom/lib/jsdom/living/events/EventTarget-impl.js:286:3)
      at HTMLInputElementImpl._dispatch 
(node_modules/jsdom/lib/jsdom/living/events/EventTarget-impl.js:233:9)
      at HTMLInputElementImpl.dispatchEvent 
(node_modules/jsdom/lib/jsdom/living/events/EventTarget-impl.js:104:17)
      at HTMLInputElement.dispatchEvent 
(node_modules/jsdom/lib/jsdom/living/generated/EventTarget.js:241:34)
      at 
node_modules/@testing-library/user-event/dist/cjs/event/dispatchEvent.js:45:43
      at Object.eventWrapper 
(node_modules/@testing-library/dom/dist/config.js:25:23)
      at Object.wrapEvent 
(node_modules/@testing-library/user-event/dist/cjs/event/wrapEvent.js:6:28)
      at Object.dispatchEvent (node_modules/@testing-library/user-event/dist/cj
s/event/dispatchEvent.js:45:22)
      at Object.dispatchUIEvent (node_modules/@testing-library/user-event/dist/
cjs/event/dispatchEvent.js:22:26)
      at commitInput 
(node_modules/@testing-library/user-event/dist/cjs/event/input.js:145:14)
      at editInputElement 
(node_modules/@testing-library/user-event/dist/cjs/event/input.js:115:9)
      at Object.input 
(node_modules/@testing-library/user-event/dist/cjs/event/input.js:37:9)
      at node_modules/@testing-library/user-event/dist/cjs/event/behavior/keypr
ess.js:31:26
      at Object.dispatchEvent (node_modules/@testing-library/user-event/dist/cj
s/event/dispatchEvent.js:41:13)
      at Object.dispatchUIEvent (node_modules/@testing-library/user-event/dist/
cjs/event/dispatchEvent.js:22:26)
      at KeyboardHost.keydown 
(node_modules/@testing-library/user-event/dist/cjs/system/keyboard.js:76:22)
      at keyboardAction 
(node_modules/@testing-library/user-event/dist/cjs/keyboard/index.js:22:35)
      at Object.keyboard 
(node_modules/@testing-library/user-event/dist/cjs/keyboard/index.js:11:15)
      at Object.type 
(node_modules/@testing-library/user-event/dist/cjs/utility/type.js:17:5)
      at goToStep2 
(src/binding-authorities/__tests__/binding-authorities.test.tsx:1891:9)
      at Object.<anonymous> 
(src/binding-authorities/__tests__/binding-authorities.test.tsx:1946:9)

    console.error
      Warning: An update to BordereauConfigModal inside a test was not wrapped 
in act(...).
      
      When testing, code that causes React state updates should be wrapped 
into act(...):
      
      act(() => {
        /* fire events that update state */
      });
      /* assert on the output */
      
      This ensures that you're testing the behavior the user would see in the 
browser. Learn more at https://reactjs.org/link/wrap-tests-with-act
          at BordereauConfigModal (C:\Users\samhe\OneDrive\Desktop\Cleaned\fron
tend\src\binding-authorities\BordereauConfigModal\BordereauConfigModal.tsx:217:
5)

      372 |                                     type="text"
      373 |                                     value={name}
    > 374 |                                     onChange={e => 
setName(e.target.value)}
          |                                                    ^
      375 |                                     placeholder="e.g. Q1 2025 Risk 
Bordereau"
      376 |                                     className="border 
border-gray-300 rounded px-3 py-2 text-sm w-full"
      377 |                                     autoFocus

      at printWarning 
(node_modules/react-dom/cjs/react-dom.development.js:86:30)
      at error (node_modules/react-dom/cjs/react-dom.development.js:60:7)
      at warnIfUpdatesNotWrappedWithActDEV 
(node_modules/react-dom/cjs/react-dom.development.js:27628:9)
      at scheduleUpdateOnFiber 
(node_modules/react-dom/cjs/react-dom.development.js:25547:5)
      at dispatchSetState 
(node_modules/react-dom/cjs/react-dom.development.js:16708:7)
      at onChange 
(src/binding-authorities/BordereauConfigModal/BordereauConfigModal.tsx:374:52)
      at HTMLUnknownElement.callCallback 
(node_modules/react-dom/cjs/react-dom.development.js:4164:14)
      at HTMLUnknownElement.callTheUserObjectsOperation 
(node_modules/jsdom/lib/jsdom/living/generated/EventListener.js:26:30)
      at innerInvokeEventListeners 
(node_modules/jsdom/lib/jsdom/living/events/EventTarget-impl.js:350:25)
      at invokeEventListeners 
(node_modules/jsdom/lib/jsdom/living/events/EventTarget-impl.js:286:3)
      at HTMLUnknownElementImpl._dispatch 
(node_modules/jsdom/lib/jsdom/living/events/EventTarget-impl.js:233:9)
      at HTMLUnknownElementImpl.dispatchEvent 
(node_modules/jsdom/lib/jsdom/living/events/EventTarget-impl.js:104:17)
      at HTMLUnknownElement.dispatchEvent 
(node_modules/jsdom/lib/jsdom/living/generated/EventTarget.js:241:34)
      at Object.invokeGuardedCallbackDev 
(node_modules/react-dom/cjs/react-dom.development.js:4213:16)
      at invokeGuardedCallback 
(node_modules/react-dom/cjs/react-dom.development.js:4277:31)
      at invokeGuardedCallbackAndCatchFirstError 
(node_modules/react-dom/cjs/react-dom.development.js:4291:25)
      at executeDispatch 
(node_modules/react-dom/cjs/react-dom.development.js:9041:3)
      at processDispatchQueueItemsInOrder 
(node_modules/react-dom/cjs/react-dom.development.js:9073:7)
      at processDispatchQueue 
(node_modules/react-dom/cjs/react-dom.development.js:9086:5)
      at dispatchEventsForPlugins 
(node_modules/react-dom/cjs/react-dom.development.js:9097:3)
      at node_modules/react-dom/cjs/react-dom.development.js:9288:12
      at batchedUpdates$1 
(node_modules/react-dom/cjs/react-dom.development.js:26179:12)
      at batchedUpdates 
(node_modules/react-dom/cjs/react-dom.development.js:3991:12)
      at dispatchEventForPluginEventSystem 
(node_modules/react-dom/cjs/react-dom.development.js:9287:3)
      at dispatchEventWithEnableCapturePhaseSelectiveHydrationWithoutDiscreteEv
entReplay (node_modules/react-dom/cjs/react-dom.development.js:6465:5)
      at dispatchEvent 
(node_modules/react-dom/cjs/react-dom.development.js:6457:5)
      at dispatchDiscreteEvent 
(node_modules/react-dom/cjs/react-dom.development.js:6430:5)
      at HTMLDivElement.callTheUserObjectsOperation 
(node_modules/jsdom/lib/jsdom/living/generated/EventListener.js:26:30)
      at innerInvokeEventListeners 
(node_modules/jsdom/lib/jsdom/living/events/EventTarget-impl.js:350:25)
      at invokeEventListeners 
(node_modules/jsdom/lib/jsdom/living/events/EventTarget-impl.js:286:3)
      at HTMLInputElementImpl._dispatch 
(node_modules/jsdom/lib/jsdom/living/events/EventTarget-impl.js:233:9)
      at HTMLInputElementImpl.dispatchEvent 
(node_modules/jsdom/lib/jsdom/living/events/EventTarget-impl.js:104:17)
      at HTMLInputElement.dispatchEvent 
(node_modules/jsdom/lib/jsdom/living/generated/EventTarget.js:241:34)
      at 
node_modules/@testing-library/user-event/dist/cjs/event/dispatchEvent.js:45:43
      at Object.eventWrapper 
(node_modules/@testing-library/dom/dist/config.js:25:23)
      at Object.wrapEvent 
(node_modules/@testing-library/user-event/dist/cjs/event/wrapEvent.js:6:28)
      at Object.dispatchEvent (node_modules/@testing-library/user-event/dist/cj
s/event/dispatchEvent.js:45:22)
      at Object.dispatchUIEvent (node_modules/@testing-library/user-event/dist/
cjs/event/dispatchEvent.js:22:26)
      at commitInput 
(node_modules/@testing-library/user-event/dist/cjs/event/input.js:145:14)
      at editInputElement 
(node_modules/@testing-library/user-event/dist/cjs/event/input.js:115:9)
      at Object.input 
(node_modules/@testing-library/user-event/dist/cjs/event/input.js:37:9)
      at node_modules/@testing-library/user-event/dist/cjs/event/behavior/keypr
ess.js:31:26
      at Object.dispatchEvent (node_modules/@testing-library/user-event/dist/cj
s/event/dispatchEvent.js:41:13)
      at Object.dispatchUIEvent (node_modules/@testing-library/user-event/dist/
cjs/event/dispatchEvent.js:22:26)
      at KeyboardHost.keydown 
(node_modules/@testing-library/user-event/dist/cjs/system/keyboard.js:76:22)
      at keyboardAction 
(node_modules/@testing-library/user-event/dist/cjs/keyboard/index.js:22:35)
      at Object.keyboard 
(node_modules/@testing-library/user-event/dist/cjs/keyboard/index.js:11:15)
      at Object.type 
(node_modules/@testing-library/user-event/dist/cjs/utility/type.js:17:5)
      at goToStep2 
(src/binding-authorities/__tests__/binding-authorities.test.tsx:1891:9)
      at Object.<anonymous> 
(src/binding-authorities/__tests__/binding-authorities.test.tsx:1946:9)

    console.error
      Warning: An update to BordereauConfigModal inside a test was not wrapped 
in act(...).
      
      When testing, code that causes React state updates should be wrapped 
into act(...):
      
      act(() => {
        /* fire events that update state */
      });
      /* assert on the output */
      
      This ensures that you're testing the behavior the user would see in the 
browser. Learn more at https://reactjs.org/link/wrap-tests-with-act
          at BordereauConfigModal (C:\Users\samhe\OneDrive\Desktop\Cleaned\fron
tend\src\binding-authorities\BordereauConfigModal\BordereauConfigModal.tsx:217:
5)

      372 |                                     type="text"
      373 |                                     value={name}
    > 374 |                                     onChange={e => 
setName(e.target.value)}
          |                                                    ^
      375 |                                     placeholder="e.g. Q1 2025 Risk 
Bordereau"
      376 |                                     className="border 
border-gray-300 rounded px-3 py-2 text-sm w-full"
      377 |                                     autoFocus

      at printWarning 
(node_modules/react-dom/cjs/react-dom.development.js:86:30)
      at error (node_modules/react-dom/cjs/react-dom.development.js:60:7)
      at warnIfUpdatesNotWrappedWithActDEV 
(node_modules/react-dom/cjs/react-dom.development.js:27628:9)
      at scheduleUpdateOnFiber 
(node_modules/react-dom/cjs/react-dom.development.js:25547:5)
      at dispatchSetState 
(node_modules/react-dom/cjs/react-dom.development.js:16708:7)
      at onChange 
(src/binding-authorities/BordereauConfigModal/BordereauConfigModal.tsx:374:52)
      at HTMLUnknownElement.callCallback 
(node_modules/react-dom/cjs/react-dom.development.js:4164:14)
      at HTMLUnknownElement.callTheUserObjectsOperation 
(node_modules/jsdom/lib/jsdom/living/generated/EventListener.js:26:30)
      at innerInvokeEventListeners 
(node_modules/jsdom/lib/jsdom/living/events/EventTarget-impl.js:350:25)
      at invokeEventListeners 
(node_modules/jsdom/lib/jsdom/living/events/EventTarget-impl.js:286:3)
      at HTMLUnknownElementImpl._dispatch 
(node_modules/jsdom/lib/jsdom/living/events/EventTarget-impl.js:233:9)
      at HTMLUnknownElementImpl.dispatchEvent 
(node_modules/jsdom/lib/jsdom/living/events/EventTarget-impl.js:104:17)
      at HTMLUnknownElement.dispatchEvent 
(node_modules/jsdom/lib/jsdom/living/generated/EventTarget.js:241:34)
      at Object.invokeGuardedCallbackDev 
(node_modules/react-dom/cjs/react-dom.development.js:4213:16)
      at invokeGuardedCallback 
(node_modules/react-dom/cjs/react-dom.development.js:4277:31)
      at invokeGuardedCallbackAndCatchFirstError 
(node_modules/react-dom/cjs/react-dom.development.js:4291:25)
      at executeDispatch 
(node_modules/react-dom/cjs/react-dom.development.js:9041:3)
      at processDispatchQueueItemsInOrder 
(node_modules/react-dom/cjs/react-dom.development.js:9073:7)
      at processDispatchQueue 
(node_modules/react-dom/cjs/react-dom.development.js:9086:5)
      at dispatchEventsForPlugins 
(node_modules/react-dom/cjs/react-dom.development.js:9097:3)
      at node_modules/react-dom/cjs/react-dom.development.js:9288:12
      at batchedUpdates$1 
(node_modules/react-dom/cjs/react-dom.development.js:26179:12)
      at batchedUpdates 
(node_modules/react-dom/cjs/react-dom.development.js:3991:12)
      at dispatchEventForPluginEventSystem 
(node_modules/react-dom/cjs/react-dom.development.js:9287:3)
      at dispatchEventWithEnableCapturePhaseSelectiveHydrationWithoutDiscreteEv
entReplay (node_modules/react-dom/cjs/react-dom.development.js:6465:5)
      at dispatchEvent 
(node_modules/react-dom/cjs/react-dom.development.js:6457:5)
      at dispatchDiscreteEvent 
(node_modules/react-dom/cjs/react-dom.development.js:6430:5)
      at HTMLDivElement.callTheUserObjectsOperation 
(node_modules/jsdom/lib/jsdom/living/generated/EventListener.js:26:30)
      at innerInvokeEventListeners 
(node_modules/jsdom/lib/jsdom/living/events/EventTarget-impl.js:350:25)
      at invokeEventListeners 
(node_modules/jsdom/lib/jsdom/living/events/EventTarget-impl.js:286:3)
      at HTMLInputElementImpl._dispatch 
(node_modules/jsdom/lib/jsdom/living/events/EventTarget-impl.js:233:9)
      at HTMLInputElementImpl.dispatchEvent 
(node_modules/jsdom/lib/jsdom/living/events/EventTarget-impl.js:104:17)
      at HTMLInputElement.dispatchEvent 
(node_modules/jsdom/lib/jsdom/living/generated/EventTarget.js:241:34)
      at 
node_modules/@testing-library/user-event/dist/cjs/event/dispatchEvent.js:45:43
      at Object.eventWrapper 
(node_modules/@testing-library/dom/dist/config.js:25:23)
      at Object.wrapEvent 
(node_modules/@testing-library/user-event/dist/cjs/event/wrapEvent.js:6:28)
      at Object.dispatchEvent (node_modules/@testing-library/user-event/dist/cj
s/event/dispatchEvent.js:45:22)
      at Object.dispatchUIEvent (node_modules/@testing-library/user-event/dist/
cjs/event/dispatchEvent.js:22:26)
      at commitInput 
(node_modules/@testing-library/user-event/dist/cjs/event/input.js:145:14)
      at editInputElement 
(node_modules/@testing-library/user-event/dist/cjs/event/input.js:115:9)
      at Object.input 
(node_modules/@testing-library/user-event/dist/cjs/event/input.js:37:9)
      at node_modules/@testing-library/user-event/dist/cjs/event/behavior/keypr
ess.js:31:26
      at Object.dispatchEvent (node_modules/@testing-library/user-event/dist/cj
s/event/dispatchEvent.js:41:13)
      at Object.dispatchUIEvent (node_modules/@testing-library/user-event/dist/
cjs/event/dispatchEvent.js:22:26)
      at KeyboardHost.keydown 
(node_modules/@testing-library/user-event/dist/cjs/system/keyboard.js:76:22)
      at keyboardAction 
(node_modules/@testing-library/user-event/dist/cjs/keyboard/index.js:22:35)
      at Object.keyboard 
(node_modules/@testing-library/user-event/dist/cjs/keyboard/index.js:11:15)
      at Object.type 
(node_modules/@testing-library/user-event/dist/cjs/utility/type.js:17:5)
      at goToStep2 
(src/binding-authorities/__tests__/binding-authorities.test.tsx:1891:9)
      at Object.<anonymous> 
(src/binding-authorities/__tests__/binding-authorities.test.tsx:1946:9)

    console.error
      Warning: An update to BordereauConfigModal inside a test was not wrapped 
in act(...).
      
      When testing, code that causes React state updates should be wrapped 
into act(...):
      
      act(() => {
        /* fire events that update state */
      });
      /* assert on the output */
      
      This ensures that you're testing the behavior the user would see in the 
browser. Learn more at https://reactjs.org/link/wrap-tests-with-act
          at BordereauConfigModal (C:\Users\samhe\OneDrive\Desktop\Cleaned\fron
tend\src\binding-authorities\BordereauConfigModal\BordereauConfigModal.tsx:217:
5)

      372 |                                     type="text"
      373 |                                     value={name}
    > 374 |                                     onChange={e => 
setName(e.target.value)}
          |                                                    ^
      375 |                                     placeholder="e.g. Q1 2025 Risk 
Bordereau"
      376 |                                     className="border 
border-gray-300 rounded px-3 py-2 text-sm w-full"
      377 |                                     autoFocus

      at printWarning 
(node_modules/react-dom/cjs/react-dom.development.js:86:30)
      at error (node_modules/react-dom/cjs/react-dom.development.js:60:7)
      at warnIfUpdatesNotWrappedWithActDEV 
(node_modules/react-dom/cjs/react-dom.development.js:27628:9)
      at scheduleUpdateOnFiber 
(node_modules/react-dom/cjs/react-dom.development.js:25547:5)
      at dispatchSetState 
(node_modules/react-dom/cjs/react-dom.development.js:16708:7)
      at onChange 
(src/binding-authorities/BordereauConfigModal/BordereauConfigModal.tsx:374:52)
      at HTMLUnknownElement.callCallback 
(node_modules/react-dom/cjs/react-dom.development.js:4164:14)
      at HTMLUnknownElement.callTheUserObjectsOperation 
(node_modules/jsdom/lib/jsdom/living/generated/EventListener.js:26:30)
      at innerInvokeEventListeners 
(node_modules/jsdom/lib/jsdom/living/events/EventTarget-impl.js:350:25)
      at invokeEventListeners 
(node_modules/jsdom/lib/jsdom/living/events/EventTarget-impl.js:286:3)
      at HTMLUnknownElementImpl._dispatch 
(node_modules/jsdom/lib/jsdom/living/events/EventTarget-impl.js:233:9)
      at HTMLUnknownElementImpl.dispatchEvent 
(node_modules/jsdom/lib/jsdom/living/events/EventTarget-impl.js:104:17)
      at HTMLUnknownElement.dispatchEvent 
(node_modules/jsdom/lib/jsdom/living/generated/EventTarget.js:241:34)
      at Object.invokeGuardedCallbackDev 
(node_modules/react-dom/cjs/react-dom.development.js:4213:16)
      at invokeGuardedCallback 
(node_modules/react-dom/cjs/react-dom.development.js:4277:31)
      at invokeGuardedCallbackAndCatchFirstError 
(node_modules/react-dom/cjs/react-dom.development.js:4291:25)
      at executeDispatch 
(node_modules/react-dom/cjs/react-dom.development.js:9041:3)
      at processDispatchQueueItemsInOrder 
(node_modules/react-dom/cjs/react-dom.development.js:9073:7)
      at processDispatchQueue 
(node_modules/react-dom/cjs/react-dom.development.js:9086:5)
      at dispatchEventsForPlugins 
(node_modules/react-dom/cjs/react-dom.development.js:9097:3)
      at node_modules/react-dom/cjs/react-dom.development.js:9288:12
      at batchedUpdates$1 
(node_modules/react-dom/cjs/react-dom.development.js:26179:12)
      at batchedUpdates 
(node_modules/react-dom/cjs/react-dom.development.js:3991:12)
      at dispatchEventForPluginEventSystem 
(node_modules/react-dom/cjs/react-dom.development.js:9287:3)
      at dispatchEventWithEnableCapturePhaseSelectiveHydrationWithoutDiscreteEv
entReplay (node_modules/react-dom/cjs/react-dom.development.js:6465:5)
      at dispatchEvent 
(node_modules/react-dom/cjs/react-dom.development.js:6457:5)
      at dispatchDiscreteEvent 
(node_modules/react-dom/cjs/react-dom.development.js:6430:5)
      at HTMLDivElement.callTheUserObjectsOperation 
(node_modules/jsdom/lib/jsdom/living/generated/EventListener.js:26:30)
      at innerInvokeEventListeners 
(node_modules/jsdom/lib/jsdom/living/events/EventTarget-impl.js:350:25)
      at invokeEventListeners 
(node_modules/jsdom/lib/jsdom/living/events/EventTarget-impl.js:286:3)
      at HTMLInputElementImpl._dispatch 
(node_modules/jsdom/lib/jsdom/living/events/EventTarget-impl.js:233:9)
      at HTMLInputElementImpl.dispatchEvent 
(node_modules/jsdom/lib/jsdom/living/events/EventTarget-impl.js:104:17)
      at HTMLInputElement.dispatchEvent 
(node_modules/jsdom/lib/jsdom/living/generated/EventTarget.js:241:34)
      at 
node_modules/@testing-library/user-event/dist/cjs/event/dispatchEvent.js:45:43
      at Object.eventWrapper 
(node_modules/@testing-library/dom/dist/config.js:25:23)
      at Object.wrapEvent 
(node_modules/@testing-library/user-event/dist/cjs/event/wrapEvent.js:6:28)
      at Object.dispatchEvent (node_modules/@testing-library/user-event/dist/cj
s/event/dispatchEvent.js:45:22)
      at Object.dispatchUIEvent (node_modules/@testing-library/user-event/dist/
cjs/event/dispatchEvent.js:22:26)
      at commitInput 
(node_modules/@testing-library/user-event/dist/cjs/event/input.js:145:14)
      at editInputElement 
(node_modules/@testing-library/user-event/dist/cjs/event/input.js:115:9)
      at Object.input 
(node_modules/@testing-library/user-event/dist/cjs/event/input.js:37:9)
      at node_modules/@testing-library/user-event/dist/cjs/event/behavior/keypr
ess.js:31:26
      at Object.dispatchEvent (node_modules/@testing-library/user-event/dist/cj
s/event/dispatchEvent.js:41:13)
      at Object.dispatchUIEvent (node_modules/@testing-library/user-event/dist/
cjs/event/dispatchEvent.js:22:26)
      at KeyboardHost.keydown 
(node_modules/@testing-library/user-event/dist/cjs/system/keyboard.js:76:22)
      at keyboardAction 
(node_modules/@testing-library/user-event/dist/cjs/keyboard/index.js:22:35)
      at Object.keyboard 
(node_modules/@testing-library/user-event/dist/cjs/keyboard/index.js:11:15)
      at Object.type 
(node_modules/@testing-library/user-event/dist/cjs/utility/type.js:17:5)
      at goToStep2 
(src/binding-authorities/__tests__/binding-authorities.test.tsx:1891:9)
      at Object.<anonymous> 
(src/binding-authorities/__tests__/binding-authorities.test.tsx:1946:9)

    console.error
      Warning: An update to BordereauConfigModal inside a test was not wrapped 
in act(...).
      
      When testing, code that causes React state updates should be wrapped 
into act(...):
      
      act(() => {
        /* fire events that update state */
      });
      /* assert on the output */
      
      This ensures that you're testing the behavior the user would see in the 
browser. Learn more at https://reactjs.org/link/wrap-tests-with-act
          at BordereauConfigModal (C:\Users\samhe\OneDrive\Desktop\Cleaned\fron
tend\src\binding-authorities\BordereauConfigModal\BordereauConfigModal.tsx:217:
5)

      372 |                                     type="text"
      373 |                                     value={name}
    > 374 |                                     onChange={e => 
setName(e.target.value)}
          |                                                    ^
      375 |                                     placeholder="e.g. Q1 2025 Risk 
Bordereau"
      376 |                                     className="border 
border-gray-300 rounded px-3 py-2 text-sm w-full"
      377 |                                     autoFocus

      at printWarning 
(node_modules/react-dom/cjs/react-dom.development.js:86:30)
      at error (node_modules/react-dom/cjs/react-dom.development.js:60:7)
      at warnIfUpdatesNotWrappedWithActDEV 
(node_modules/react-dom/cjs/react-dom.development.js:27628:9)
      at scheduleUpdateOnFiber 
(node_modules/react-dom/cjs/react-dom.development.js:25547:5)
      at dispatchSetState 
(node_modules/react-dom/cjs/react-dom.development.js:16708:7)
      at onChange 
(src/binding-authorities/BordereauConfigModal/BordereauConfigModal.tsx:374:52)
      at HTMLUnknownElement.callCallback 
(node_modules/react-dom/cjs/react-dom.development.js:4164:14)
      at HTMLUnknownElement.callTheUserObjectsOperation 
(node_modules/jsdom/lib/jsdom/living/generated/EventListener.js:26:30)
      at innerInvokeEventListeners 
(node_modules/jsdom/lib/jsdom/living/events/EventTarget-impl.js:350:25)
      at invokeEventListeners 
(node_modules/jsdom/lib/jsdom/living/events/EventTarget-impl.js:286:3)
      at HTMLUnknownElementImpl._dispatch 
(node_modules/jsdom/lib/jsdom/living/events/EventTarget-impl.js:233:9)
      at HTMLUnknownElementImpl.dispatchEvent 
(node_modules/jsdom/lib/jsdom/living/events/EventTarget-impl.js:104:17)
      at HTMLUnknownElement.dispatchEvent 
(node_modules/jsdom/lib/jsdom/living/generated/EventTarget.js:241:34)
      at Object.invokeGuardedCallbackDev 
(node_modules/react-dom/cjs/react-dom.development.js:4213:16)
      at invokeGuardedCallback 
(node_modules/react-dom/cjs/react-dom.development.js:4277:31)
      at invokeGuardedCallbackAndCatchFirstError 
(node_modules/react-dom/cjs/react-dom.development.js:4291:25)
      at executeDispatch 
(node_modules/react-dom/cjs/react-dom.development.js:9041:3)
      at processDispatchQueueItemsInOrder 
(node_modules/react-dom/cjs/react-dom.development.js:9073:7)
      at processDispatchQueue 
(node_modules/react-dom/cjs/react-dom.development.js:9086:5)
      at dispatchEventsForPlugins 
(node_modules/react-dom/cjs/react-dom.development.js:9097:3)
      at node_modules/react-dom/cjs/react-dom.development.js:9288:12
      at batchedUpdates$1 
(node_modules/react-dom/cjs/react-dom.development.js:26179:12)
      at batchedUpdates 
(node_modules/react-dom/cjs/react-dom.development.js:3991:12)
      at dispatchEventForPluginEventSystem 
(node_modules/react-dom/cjs/react-dom.development.js:9287:3)
      at dispatchEventWithEnableCapturePhaseSelectiveHydrationWithoutDiscreteEv
entReplay (node_modules/react-dom/cjs/react-dom.development.js:6465:5)
      at dispatchEvent 
(node_modules/react-dom/cjs/react-dom.development.js:6457:5)
      at dispatchDiscreteEvent 
(node_modules/react-dom/cjs/react-dom.development.js:6430:5)
      at HTMLDivElement.callTheUserObjectsOperation 
(node_modules/jsdom/lib/jsdom/living/generated/EventListener.js:26:30)
      at innerInvokeEventListeners 
(node_modules/jsdom/lib/jsdom/living/events/EventTarget-impl.js:350:25)
      at invokeEventListeners 
(node_modules/jsdom/lib/jsdom/living/events/EventTarget-impl.js:286:3)
      at HTMLInputElementImpl._dispatch 
(node_modules/jsdom/lib/jsdom/living/events/EventTarget-impl.js:233:9)
      at HTMLInputElementImpl.dispatchEvent 
(node_modules/jsdom/lib/jsdom/living/events/EventTarget-impl.js:104:17)
      at HTMLInputElement.dispatchEvent 
(node_modules/jsdom/lib/jsdom/living/generated/EventTarget.js:241:34)
      at 
node_modules/@testing-library/user-event/dist/cjs/event/dispatchEvent.js:45:43
      at Object.eventWrapper 
(node_modules/@testing-library/dom/dist/config.js:25:23)
      at Object.wrapEvent 
(node_modules/@testing-library/user-event/dist/cjs/event/wrapEvent.js:6:28)
      at Object.dispatchEvent (node_modules/@testing-library/user-event/dist/cj
s/event/dispatchEvent.js:45:22)
      at Object.dispatchUIEvent (node_modules/@testing-library/user-event/dist/
cjs/event/dispatchEvent.js:22:26)
      at commitInput 
(node_modules/@testing-library/user-event/dist/cjs/event/input.js:145:14)
      at editInputElement 
(node_modules/@testing-library/user-event/dist/cjs/event/input.js:115:9)
      at Object.input 
(node_modules/@testing-library/user-event/dist/cjs/event/input.js:37:9)
      at node_modules/@testing-library/user-event/dist/cjs/event/behavior/keypr
ess.js:31:26
      at Object.dispatchEvent (node_modules/@testing-library/user-event/dist/cj
s/event/dispatchEvent.js:41:13)
      at Object.dispatchUIEvent (node_modules/@testing-library/user-event/dist/
cjs/event/dispatchEvent.js:22:26)
      at KeyboardHost.keydown 
(node_modules/@testing-library/user-event/dist/cjs/system/keyboard.js:76:22)
      at keyboardAction 
(node_modules/@testing-library/user-event/dist/cjs/keyboard/index.js:22:35)
      at Object.keyboard 
(node_modules/@testing-library/user-event/dist/cjs/keyboard/index.js:11:15)
      at Object.type 
(node_modules/@testing-library/user-event/dist/cjs/utility/type.js:17:5)
      at goToStep2 
(src/binding-authorities/__tests__/binding-authorities.test.tsx:1891:9)
      at Object.<anonymous> 
(src/binding-authorities/__tests__/binding-authorities.test.tsx:1946:9)

    console.error
      Warning: An update to BordereauConfigModal inside a test was not wrapped 
in act(...).
      
      When testing, code that causes React state updates should be wrapped 
into act(...):
      
      act(() => {
        /* fire events that update state */
      });
      /* assert on the output */
      
      This ensures that you're testing the behavior the user would see in the 
browser. Learn more at https://reactjs.org/link/wrap-tests-with-act
          at BordereauConfigModal (C:\Users\samhe\OneDrive\Desktop\Cleaned\fron
tend\src\binding-authorities\BordereauConfigModal\BordereauConfigModal.tsx:217:
5)

      372 |                                     type="text"
      373 |                                     value={name}
    > 374 |                                     onChange={e => 
setName(e.target.value)}
          |                                                    ^
      375 |                                     placeholder="e.g. Q1 2025 Risk 
Bordereau"
      376 |                                     className="border 
border-gray-300 rounded px-3 py-2 text-sm w-full"
      377 |                                     autoFocus

      at printWarning 
(node_modules/react-dom/cjs/react-dom.development.js:86:30)
      at error (node_modules/react-dom/cjs/react-dom.development.js:60:7)
      at warnIfUpdatesNotWrappedWithActDEV 
(node_modules/react-dom/cjs/react-dom.development.js:27628:9)
      at scheduleUpdateOnFiber 
(node_modules/react-dom/cjs/react-dom.development.js:25547:5)
      at dispatchSetState 
(node_modules/react-dom/cjs/react-dom.development.js:16708:7)
      at onChange 
(src/binding-authorities/BordereauConfigModal/BordereauConfigModal.tsx:374:52)
      at HTMLUnknownElement.callCallback 
(node_modules/react-dom/cjs/react-dom.development.js:4164:14)
      at HTMLUnknownElement.callTheUserObjectsOperation 
(node_modules/jsdom/lib/jsdom/living/generated/EventListener.js:26:30)
      at innerInvokeEventListeners 
(node_modules/jsdom/lib/jsdom/living/events/EventTarget-impl.js:350:25)
      at invokeEventListeners 
(node_modules/jsdom/lib/jsdom/living/events/EventTarget-impl.js:286:3)
      at HTMLUnknownElementImpl._dispatch 
(node_modules/jsdom/lib/jsdom/living/events/EventTarget-impl.js:233:9)
      at HTMLUnknownElementImpl.dispatchEvent 
(node_modules/jsdom/lib/jsdom/living/events/EventTarget-impl.js:104:17)
      at HTMLUnknownElement.dispatchEvent 
(node_modules/jsdom/lib/jsdom/living/generated/EventTarget.js:241:34)
      at Object.invokeGuardedCallbackDev 
(node_modules/react-dom/cjs/react-dom.development.js:4213:16)
      at invokeGuardedCallback 
(node_modules/react-dom/cjs/react-dom.development.js:4277:31)
      at invokeGuardedCallbackAndCatchFirstError 
(node_modules/react-dom/cjs/react-dom.development.js:4291:25)
      at executeDispatch 
(node_modules/react-dom/cjs/react-dom.development.js:9041:3)
      at processDispatchQueueItemsInOrder 
(node_modules/react-dom/cjs/react-dom.development.js:9073:7)
      at processDispatchQueue 
(node_modules/react-dom/cjs/react-dom.development.js:9086:5)
      at dispatchEventsForPlugins 
(node_modules/react-dom/cjs/react-dom.development.js:9097:3)
      at node_modules/react-dom/cjs/react-dom.development.js:9288:12
      at batchedUpdates$1 
(node_modules/react-dom/cjs/react-dom.development.js:26179:12)
      at batchedUpdates 
(node_modules/react-dom/cjs/react-dom.development.js:3991:12)
      at dispatchEventForPluginEventSystem 
(node_modules/react-dom/cjs/react-dom.development.js:9287:3)
      at dispatchEventWithEnableCapturePhaseSelectiveHydrationWithoutDiscreteEv
entReplay (node_modules/react-dom/cjs/react-dom.development.js:6465:5)
      at dispatchEvent 
(node_modules/react-dom/cjs/react-dom.development.js:6457:5)
      at dispatchDiscreteEvent 
(node_modules/react-dom/cjs/react-dom.development.js:6430:5)
      at HTMLDivElement.callTheUserObjectsOperation 
(node_modules/jsdom/lib/jsdom/living/generated/EventListener.js:26:30)
      at innerInvokeEventListeners 
(node_modules/jsdom/lib/jsdom/living/events/EventTarget-impl.js:350:25)
      at invokeEventListeners 
(node_modules/jsdom/lib/jsdom/living/events/EventTarget-impl.js:286:3)
      at HTMLInputElementImpl._dispatch 
(node_modules/jsdom/lib/jsdom/living/events/EventTarget-impl.js:233:9)
      at HTMLInputElementImpl.dispatchEvent 
(node_modules/jsdom/lib/jsdom/living/events/EventTarget-impl.js:104:17)
      at HTMLInputElement.dispatchEvent 
(node_modules/jsdom/lib/jsdom/living/generated/EventTarget.js:241:34)
      at 
node_modules/@testing-library/user-event/dist/cjs/event/dispatchEvent.js:45:43
      at Object.eventWrapper 
(node_modules/@testing-library/dom/dist/config.js:25:23)
      at Object.wrapEvent 
(node_modules/@testing-library/user-event/dist/cjs/event/wrapEvent.js:6:28)
      at Object.dispatchEvent (node_modules/@testing-library/user-event/dist/cj
s/event/dispatchEvent.js:45:22)
      at Object.dispatchUIEvent (node_modules/@testing-library/user-event/dist/
cjs/event/dispatchEvent.js:22:26)
      at commitInput 
(node_modules/@testing-library/user-event/dist/cjs/event/input.js:145:14)
      at editInputElement 
(node_modules/@testing-library/user-event/dist/cjs/event/input.js:115:9)
      at Object.input 
(node_modules/@testing-library/user-event/dist/cjs/event/input.js:37:9)
      at node_modules/@testing-library/user-event/dist/cjs/event/behavior/keypr
ess.js:31:26
      at Object.dispatchEvent (node_modules/@testing-library/user-event/dist/cj
s/event/dispatchEvent.js:41:13)
      at Object.dispatchUIEvent (node_modules/@testing-library/user-event/dist/
cjs/event/dispatchEvent.js:22:26)
      at KeyboardHost.keydown 
(node_modules/@testing-library/user-event/dist/cjs/system/keyboard.js:76:22)
      at keyboardAction 
(node_modules/@testing-library/user-event/dist/cjs/keyboard/index.js:22:35)
      at Object.keyboard 
(node_modules/@testing-library/user-event/dist/cjs/keyboard/index.js:11:15)
      at Object.type 
(node_modules/@testing-library/user-event/dist/cjs/utility/type.js:17:5)
      at goToStep2 
(src/binding-authorities/__tests__/binding-authorities.test.tsx:1891:9)
      at Object.<anonymous> 
(src/binding-authorities/__tests__/binding-authorities.test.tsx:1946:9)

    console.error
      Warning: An update to BordereauConfigModal inside a test was not wrapped 
in act(...).
      
      When testing, code that causes React state updates should be wrapped 
into act(...):
      
      act(() => {
        /* fire events that update state */
      });
      /* assert on the output */
      
      This ensures that you're testing the behavior the user would see in the 
browser. Learn more at https://reactjs.org/link/wrap-tests-with-act
          at BordereauConfigModal (C:\Users\samhe\OneDrive\Desktop\Cleaned\fron
tend\src\binding-authorities\BordereauConfigModal\BordereauConfigModal.tsx:217:
5)

      372 |                                     type="text"
      373 |                                     value={name}
    > 374 |                                     onChange={e => 
setName(e.target.value)}
          |                                                    ^
      375 |                                     placeholder="e.g. Q1 2025 Risk 
Bordereau"
      376 |                                     className="border 
border-gray-300 rounded px-3 py-2 text-sm w-full"
      377 |                                     autoFocus

      at printWarning 
(node_modules/react-dom/cjs/react-dom.development.js:86:30)
      at error (node_modules/react-dom/cjs/react-dom.development.js:60:7)
      at warnIfUpdatesNotWrappedWithActDEV 
(node_modules/react-dom/cjs/react-dom.development.js:27628:9)
      at scheduleUpdateOnFiber 
(node_modules/react-dom/cjs/react-dom.development.js:25547:5)
      at dispatchSetState 
(node_modules/react-dom/cjs/react-dom.development.js:16708:7)
      at onChange 
(src/binding-authorities/BordereauConfigModal/BordereauConfigModal.tsx:374:52)
      at HTMLUnknownElement.callCallback 
(node_modules/react-dom/cjs/react-dom.development.js:4164:14)
      at HTMLUnknownElement.callTheUserObjectsOperation 
(node_modules/jsdom/lib/jsdom/living/generated/EventListener.js:26:30)
      at innerInvokeEventListeners 
(node_modules/jsdom/lib/jsdom/living/events/EventTarget-impl.js:350:25)
      at invokeEventListeners 
(node_modules/jsdom/lib/jsdom/living/events/EventTarget-impl.js:286:3)
      at HTMLUnknownElementImpl._dispatch 
(node_modules/jsdom/lib/jsdom/living/events/EventTarget-impl.js:233:9)
      at HTMLUnknownElementImpl.dispatchEvent 
(node_modules/jsdom/lib/jsdom/living/events/EventTarget-impl.js:104:17)
      at HTMLUnknownElement.dispatchEvent 
(node_modules/jsdom/lib/jsdom/living/generated/EventTarget.js:241:34)
      at Object.invokeGuardedCallbackDev 
(node_modules/react-dom/cjs/react-dom.development.js:4213:16)
      at invokeGuardedCallback 
(node_modules/react-dom/cjs/react-dom.development.js:4277:31)
      at invokeGuardedCallbackAndCatchFirstError 
(node_modules/react-dom/cjs/react-dom.development.js:4291:25)
      at executeDispatch 
(node_modules/react-dom/cjs/react-dom.development.js:9041:3)
      at processDispatchQueueItemsInOrder 
(node_modules/react-dom/cjs/react-dom.development.js:9073:7)
      at processDispatchQueue 
(node_modules/react-dom/cjs/react-dom.development.js:9086:5)
      at dispatchEventsForPlugins 
(node_modules/react-dom/cjs/react-dom.development.js:9097:3)
      at node_modules/react-dom/cjs/react-dom.development.js:9288:12
      at batchedUpdates$1 
(node_modules/react-dom/cjs/react-dom.development.js:26179:12)
      at batchedUpdates 
(node_modules/react-dom/cjs/react-dom.development.js:3991:12)
      at dispatchEventForPluginEventSystem 
(node_modules/react-dom/cjs/react-dom.development.js:9287:3)
      at dispatchEventWithEnableCapturePhaseSelectiveHydrationWithoutDiscreteEv
entReplay (node_modules/react-dom/cjs/react-dom.development.js:6465:5)
      at dispatchEvent 
(node_modules/react-dom/cjs/react-dom.development.js:6457:5)
      at dispatchDiscreteEvent 
(node_modules/react-dom/cjs/react-dom.development.js:6430:5)
      at HTMLDivElement.callTheUserObjectsOperation 
(node_modules/jsdom/lib/jsdom/living/generated/EventListener.js:26:30)
      at innerInvokeEventListeners 
(node_modules/jsdom/lib/jsdom/living/events/EventTarget-impl.js:350:25)
      at invokeEventListeners 
(node_modules/jsdom/lib/jsdom/living/events/EventTarget-impl.js:286:3)
      at HTMLInputElementImpl._dispatch 
(node_modules/jsdom/lib/jsdom/living/events/EventTarget-impl.js:233:9)
      at HTMLInputElementImpl.dispatchEvent 
(node_modules/jsdom/lib/jsdom/living/events/EventTarget-impl.js:104:17)
      at HTMLInputElement.dispatchEvent 
(node_modules/jsdom/lib/jsdom/living/generated/EventTarget.js:241:34)
      at 
node_modules/@testing-library/user-event/dist/cjs/event/dispatchEvent.js:45:43
      at Object.eventWrapper 
(node_modules/@testing-library/dom/dist/config.js:25:23)
      at Object.wrapEvent 
(node_modules/@testing-library/user-event/dist/cjs/event/wrapEvent.js:6:28)
      at Object.dispatchEvent (node_modules/@testing-library/user-event/dist/cj
s/event/dispatchEvent.js:45:22)
      at Object.dispatchUIEvent (node_modules/@testing-library/user-event/dist/
cjs/event/dispatchEvent.js:22:26)
      at commitInput 
(node_modules/@testing-library/user-event/dist/cjs/event/input.js:145:14)
      at editInputElement 
(node_modules/@testing-library/user-event/dist/cjs/event/input.js:115:9)
      at Object.input 
(node_modules/@testing-library/user-event/dist/cjs/event/input.js:37:9)
      at node_modules/@testing-library/user-event/dist/cjs/event/behavior/keypr
ess.js:31:26
      at Object.dispatchEvent (node_modules/@testing-library/user-event/dist/cj
s/event/dispatchEvent.js:41:13)
      at Object.dispatchUIEvent (node_modules/@testing-library/user-event/dist/
cjs/event/dispatchEvent.js:22:26)
      at KeyboardHost.keydown 
(node_modules/@testing-library/user-event/dist/cjs/system/keyboard.js:76:22)
      at keyboardAction 
(node_modules/@testing-library/user-event/dist/cjs/keyboard/index.js:22:35)
      at Object.keyboard 
(node_modules/@testing-library/user-event/dist/cjs/keyboard/index.js:11:15)
      at Object.type 
(node_modules/@testing-library/user-event/dist/cjs/utility/type.js:17:5)
      at goToStep2 
(src/binding-authorities/__tests__/binding-authorities.test.tsx:1891:9)
      at Object.<anonymous> 
(src/binding-authorities/__tests__/binding-authorities.test.tsx:1946:9)

    console.error
      Warning: An update to BordereauConfigModal inside a test was not wrapped 
in act(...).
      
      When testing, code that causes React state updates should be wrapped 
into act(...):
      
      act(() => {
        /* fire events that update state */
      });
      /* assert on the output */
      
      This ensures that you're testing the behavior the user would see in the 
browser. Learn more at https://reactjs.org/link/wrap-tests-with-act
          at BordereauConfigModal (C:\Users\samhe\OneDrive\Desktop\Cleaned\fron
tend\src\binding-authorities\BordereauConfigModal\BordereauConfigModal.tsx:217:
5)

      372 |                                     type="text"
      373 |                                     value={name}
    > 374 |                                     onChange={e => 
setName(e.target.value)}
          |                                                    ^
      375 |                                     placeholder="e.g. Q1 2025 Risk 
Bordereau"
      376 |                                     className="border 
border-gray-300 rounded px-3 py-2 text-sm w-full"
      377 |                                     autoFocus

      at printWarning 
(node_modules/react-dom/cjs/react-dom.development.js:86:30)
      at error (node_modules/react-dom/cjs/react-dom.development.js:60:7)
      at warnIfUpdatesNotWrappedWithActDEV 
(node_modules/react-dom/cjs/react-dom.development.js:27628:9)
      at scheduleUpdateOnFiber 
(node_modules/react-dom/cjs/react-dom.development.js:25547:5)
      at dispatchSetState 
(node_modules/react-dom/cjs/react-dom.development.js:16708:7)
      at onChange 
(src/binding-authorities/BordereauConfigModal/BordereauConfigModal.tsx:374:52)
      at HTMLUnknownElement.callCallback 
(node_modules/react-dom/cjs/react-dom.development.js:4164:14)
      at HTMLUnknownElement.callTheUserObjectsOperation 
(node_modules/jsdom/lib/jsdom/living/generated/EventListener.js:26:30)
      at innerInvokeEventListeners 
(node_modules/jsdom/lib/jsdom/living/events/EventTarget-impl.js:350:25)
      at invokeEventListeners 
(node_modules/jsdom/lib/jsdom/living/events/EventTarget-impl.js:286:3)
      at HTMLUnknownElementImpl._dispatch 
(node_modules/jsdom/lib/jsdom/living/events/EventTarget-impl.js:233:9)
      at HTMLUnknownElementImpl.dispatchEvent 
(node_modules/jsdom/lib/jsdom/living/events/EventTarget-impl.js:104:17)
      at HTMLUnknownElement.dispatchEvent 
(node_modules/jsdom/lib/jsdom/living/generated/EventTarget.js:241:34)
      at Object.invokeGuardedCallbackDev 
(node_modules/react-dom/cjs/react-dom.development.js:4213:16)
      at invokeGuardedCallback 
(node_modules/react-dom/cjs/react-dom.development.js:4277:31)
      at invokeGuardedCallbackAndCatchFirstError 
(node_modules/react-dom/cjs/react-dom.development.js:4291:25)
      at executeDispatch 
(node_modules/react-dom/cjs/react-dom.development.js:9041:3)
      at processDispatchQueueItemsInOrder 
(node_modules/react-dom/cjs/react-dom.development.js:9073:7)
      at processDispatchQueue 
(node_modules/react-dom/cjs/react-dom.development.js:9086:5)
      at dispatchEventsForPlugins 
(node_modules/react-dom/cjs/react-dom.development.js:9097:3)
      at node_modules/react-dom/cjs/react-dom.development.js:9288:12
      at batchedUpdates$1 
(node_modules/react-dom/cjs/react-dom.development.js:26179:12)
      at batchedUpdates 
(node_modules/react-dom/cjs/react-dom.development.js:3991:12)
      at dispatchEventForPluginEventSystem 
(node_modules/react-dom/cjs/react-dom.development.js:9287:3)
      at dispatchEventWithEnableCapturePhaseSelectiveHydrationWithoutDiscreteEv
entReplay (node_modules/react-dom/cjs/react-dom.development.js:6465:5)
      at dispatchEvent 
(node_modules/react-dom/cjs/react-dom.development.js:6457:5)
      at dispatchDiscreteEvent 
(node_modules/react-dom/cjs/react-dom.development.js:6430:5)
      at HTMLDivElement.callTheUserObjectsOperation 
(node_modules/jsdom/lib/jsdom/living/generated/EventListener.js:26:30)
      at innerInvokeEventListeners 
(node_modules/jsdom/lib/jsdom/living/events/EventTarget-impl.js:350:25)
      at invokeEventListeners 
(node_modules/jsdom/lib/jsdom/living/events/EventTarget-impl.js:286:3)
      at HTMLInputElementImpl._dispatch 
(node_modules/jsdom/lib/jsdom/living/events/EventTarget-impl.js:233:9)
      at HTMLInputElementImpl.dispatchEvent 
(node_modules/jsdom/lib/jsdom/living/events/EventTarget-impl.js:104:17)
      at HTMLInputElement.dispatchEvent 
(node_modules/jsdom/lib/jsdom/living/generated/EventTarget.js:241:34)
      at 
node_modules/@testing-library/user-event/dist/cjs/event/dispatchEvent.js:45:43
      at Object.eventWrapper 
(node_modules/@testing-library/dom/dist/config.js:25:23)
      at Object.wrapEvent 
(node_modules/@testing-library/user-event/dist/cjs/event/wrapEvent.js:6:28)
      at Object.dispatchEvent (node_modules/@testing-library/user-event/dist/cj
s/event/dispatchEvent.js:45:22)
      at Object.dispatchUIEvent (node_modules/@testing-library/user-event/dist/
cjs/event/dispatchEvent.js:22:26)
      at commitInput 
(node_modules/@testing-library/user-event/dist/cjs/event/input.js:145:14)
      at editInputElement 
(node_modules/@testing-library/user-event/dist/cjs/event/input.js:115:9)
      at Object.input 
(node_modules/@testing-library/user-event/dist/cjs/event/input.js:37:9)
      at node_modules/@testing-library/user-event/dist/cjs/event/behavior/keypr
ess.js:31:26
      at Object.dispatchEvent (node_modules/@testing-library/user-event/dist/cj
s/event/dispatchEvent.js:41:13)
      at Object.dispatchUIEvent (node_modules/@testing-library/user-event/dist/
cjs/event/dispatchEvent.js:22:26)
      at KeyboardHost.keydown 
(node_modules/@testing-library/user-event/dist/cjs/system/keyboard.js:76:22)
      at keyboardAction 
(node_modules/@testing-library/user-event/dist/cjs/keyboard/index.js:22:35)
      at Object.keyboard 
(node_modules/@testing-library/user-event/dist/cjs/keyboard/index.js:11:15)
      at Object.type 
(node_modules/@testing-library/user-event/dist/cjs/utility/type.js:17:5)
      at goToStep2 
(src/binding-authorities/__tests__/binding-authorities.test.tsx:1891:9)
      at Object.<anonymous> 
(src/binding-authorities/__tests__/binding-authorities.test.tsx:1946:9)

    console.error
      Warning: An update to BordereauConfigModal inside a test was not wrapped 
in act(...).
      
      When testing, code that causes React state updates should be wrapped 
into act(...):
      
      act(() => {
        /* fire events that update state */
      });
      /* assert on the output */
      
      This ensures that you're testing the behavior the user would see in the 
browser. Learn more at https://reactjs.org/link/wrap-tests-with-act
          at BordereauConfigModal (C:\Users\samhe\OneDrive\Desktop\Cleaned\fron
tend\src\binding-authorities\BordereauConfigModal\BordereauConfigModal.tsx:217:
5)

      372 |                                     type="text"
      373 |                                     value={name}
    > 374 |                                     onChange={e => 
setName(e.target.value)}
          |                                                    ^
      375 |                                     placeholder="e.g. Q1 2025 Risk 
Bordereau"
      376 |                                     className="border 
border-gray-300 rounded px-3 py-2 text-sm w-full"
      377 |                                     autoFocus

      at printWarning 
(node_modules/react-dom/cjs/react-dom.development.js:86:30)
      at error (node_modules/react-dom/cjs/react-dom.development.js:60:7)
      at warnIfUpdatesNotWrappedWithActDEV 
(node_modules/react-dom/cjs/react-dom.development.js:27628:9)
      at scheduleUpdateOnFiber 
(node_modules/react-dom/cjs/react-dom.development.js:25547:5)
      at dispatchSetState 
(node_modules/react-dom/cjs/react-dom.development.js:16708:7)
      at onChange 
(src/binding-authorities/BordereauConfigModal/BordereauConfigModal.tsx:374:52)
      at HTMLUnknownElement.callCallback 
(node_modules/react-dom/cjs/react-dom.development.js:4164:14)
      at HTMLUnknownElement.callTheUserObjectsOperation 
(node_modules/jsdom/lib/jsdom/living/generated/EventListener.js:26:30)
      at innerInvokeEventListeners 
(node_modules/jsdom/lib/jsdom/living/events/EventTarget-impl.js:350:25)
      at invokeEventListeners 
(node_modules/jsdom/lib/jsdom/living/events/EventTarget-impl.js:286:3)
      at HTMLUnknownElementImpl._dispatch 
(node_modules/jsdom/lib/jsdom/living/events/EventTarget-impl.js:233:9)
      at HTMLUnknownElementImpl.dispatchEvent 
(node_modules/jsdom/lib/jsdom/living/events/EventTarget-impl.js:104:17)
      at HTMLUnknownElement.dispatchEvent 
(node_modules/jsdom/lib/jsdom/living/generated/EventTarget.js:241:34)
      at Object.invokeGuardedCallbackDev 
(node_modules/react-dom/cjs/react-dom.development.js:4213:16)
      at invokeGuardedCallback 
(node_modules/react-dom/cjs/react-dom.development.js:4277:31)
      at invokeGuardedCallbackAndCatchFirstError 
(node_modules/react-dom/cjs/react-dom.development.js:4291:25)
      at executeDispatch 
(node_modules/react-dom/cjs/react-dom.development.js:9041:3)
      at processDispatchQueueItemsInOrder 
(node_modules/react-dom/cjs/react-dom.development.js:9073:7)
      at processDispatchQueue 
(node_modules/react-dom/cjs/react-dom.development.js:9086:5)
      at dispatchEventsForPlugins 
(node_modules/react-dom/cjs/react-dom.development.js:9097:3)
      at node_modules/react-dom/cjs/react-dom.development.js:9288:12
      at batchedUpdates$1 
(node_modules/react-dom/cjs/react-dom.development.js:26179:12)
      at batchedUpdates 
(node_modules/react-dom/cjs/react-dom.development.js:3991:12)
      at dispatchEventForPluginEventSystem 
(node_modules/react-dom/cjs/react-dom.development.js:9287:3)
      at dispatchEventWithEnableCapturePhaseSelectiveHydrationWithoutDiscreteEv
entReplay (node_modules/react-dom/cjs/react-dom.development.js:6465:5)
      at dispatchEvent 
(node_modules/react-dom/cjs/react-dom.development.js:6457:5)
      at dispatchDiscreteEvent 
(node_modules/react-dom/cjs/react-dom.development.js:6430:5)
      at HTMLDivElement.callTheUserObjectsOperation 
(node_modules/jsdom/lib/jsdom/living/generated/EventListener.js:26:30)
      at innerInvokeEventListeners 
(node_modules/jsdom/lib/jsdom/living/events/EventTarget-impl.js:350:25)
      at invokeEventListeners 
(node_modules/jsdom/lib/jsdom/living/events/EventTarget-impl.js:286:3)
      at HTMLInputElementImpl._dispatch 
(node_modules/jsdom/lib/jsdom/living/events/EventTarget-impl.js:233:9)
      at HTMLInputElementImpl.dispatchEvent 
(node_modules/jsdom/lib/jsdom/living/events/EventTarget-impl.js:104:17)
      at HTMLInputElement.dispatchEvent 
(node_modules/jsdom/lib/jsdom/living/generated/EventTarget.js:241:34)
      at 
node_modules/@testing-library/user-event/dist/cjs/event/dispatchEvent.js:45:43
      at Object.eventWrapper 
(node_modules/@testing-library/dom/dist/config.js:25:23)
      at Object.wrapEvent 
(node_modules/@testing-library/user-event/dist/cjs/event/wrapEvent.js:6:28)
      at Object.dispatchEvent (node_modules/@testing-library/user-event/dist/cj
s/event/dispatchEvent.js:45:22)
      at Object.dispatchUIEvent (node_modules/@testing-library/user-event/dist/
cjs/event/dispatchEvent.js:22:26)
      at commitInput 
(node_modules/@testing-library/user-event/dist/cjs/event/input.js:145:14)
      at editInputElement 
(node_modules/@testing-library/user-event/dist/cjs/event/input.js:115:9)
      at Object.input 
(node_modules/@testing-library/user-event/dist/cjs/event/input.js:37:9)
      at node_modules/@testing-library/user-event/dist/cjs/event/behavior/keypr
ess.js:31:26
      at Object.dispatchEvent (node_modules/@testing-library/user-event/dist/cj
s/event/dispatchEvent.js:41:13)
      at Object.dispatchUIEvent (node_modules/@testing-library/user-event/dist/
cjs/event/dispatchEvent.js:22:26)
      at KeyboardHost.keydown 
(node_modules/@testing-library/user-event/dist/cjs/system/keyboard.js:76:22)
      at keyboardAction 
(node_modules/@testing-library/user-event/dist/cjs/keyboard/index.js:22:35)
      at Object.keyboard 
(node_modules/@testing-library/user-event/dist/cjs/keyboard/index.js:11:15)
      at Object.type 
(node_modules/@testing-library/user-event/dist/cjs/utility/type.js:17:5)
      at goToStep2 
(src/binding-authorities/__tests__/binding-authorities.test.tsx:1891:9)
      at Object.<anonymous> 
(src/binding-authorities/__tests__/binding-authorities.test.tsx:1946:9)

    console.error
      Warning: An update to BordereauConfigModal inside a test was not wrapped 
in act(...).
      
      When testing, code that causes React state updates should be wrapped 
into act(...):
      
      act(() => {
        /* fire events that update state */
      });
      /* assert on the output */
      
      This ensures that you're testing the behavior the user would see in the 
browser. Learn more at https://reactjs.org/link/wrap-tests-with-act
          at BordereauConfigModal (C:\Users\samhe\OneDrive\Desktop\Cleaned\fron
tend\src\binding-authorities\BordereauConfigModal\BordereauConfigModal.tsx:217:
5)

      372 |                                     type="text"
      373 |                                     value={name}
    > 374 |                                     onChange={e => 
setName(e.target.value)}
          |                                                    ^
      375 |                                     placeholder="e.g. Q1 2025 Risk 
Bordereau"
      376 |                                     className="border 
border-gray-300 rounded px-3 py-2 text-sm w-full"
      377 |                                     autoFocus

      at printWarning 
(node_modules/react-dom/cjs/react-dom.development.js:86:30)
      at error (node_modules/react-dom/cjs/react-dom.development.js:60:7)
      at warnIfUpdatesNotWrappedWithActDEV 
(node_modules/react-dom/cjs/react-dom.development.js:27628:9)
      at scheduleUpdateOnFiber 
(node_modules/react-dom/cjs/react-dom.development.js:25547:5)
      at dispatchSetState 
(node_modules/react-dom/cjs/react-dom.development.js:16708:7)
      at onChange 
(src/binding-authorities/BordereauConfigModal/BordereauConfigModal.tsx:374:52)
      at HTMLUnknownElement.callCallback 
(node_modules/react-dom/cjs/react-dom.development.js:4164:14)
      at HTMLUnknownElement.callTheUserObjectsOperation 
(node_modules/jsdom/lib/jsdom/living/generated/EventListener.js:26:30)
      at innerInvokeEventListeners 
(node_modules/jsdom/lib/jsdom/living/events/EventTarget-impl.js:350:25)
      at invokeEventListeners 
(node_modules/jsdom/lib/jsdom/living/events/EventTarget-impl.js:286:3)
      at HTMLUnknownElementImpl._dispatch 
(node_modules/jsdom/lib/jsdom/living/events/EventTarget-impl.js:233:9)
      at HTMLUnknownElementImpl.dispatchEvent 
(node_modules/jsdom/lib/jsdom/living/events/EventTarget-impl.js:104:17)
      at HTMLUnknownElement.dispatchEvent 
(node_modules/jsdom/lib/jsdom/living/generated/EventTarget.js:241:34)
      at Object.invokeGuardedCallbackDev 
(node_modules/react-dom/cjs/react-dom.development.js:4213:16)
      at invokeGuardedCallback 
(node_modules/react-dom/cjs/react-dom.development.js:4277:31)
      at invokeGuardedCallbackAndCatchFirstError 
(node_modules/react-dom/cjs/react-dom.development.js:4291:25)
      at executeDispatch 
(node_modules/react-dom/cjs/react-dom.development.js:9041:3)
      at processDispatchQueueItemsInOrder 
(node_modules/react-dom/cjs/react-dom.development.js:9073:7)
      at processDispatchQueue 
(node_modules/react-dom/cjs/react-dom.development.js:9086:5)
      at dispatchEventsForPlugins 
(node_modules/react-dom/cjs/react-dom.development.js:9097:3)
      at node_modules/react-dom/cjs/react-dom.development.js:9288:12
      at batchedUpdates$1 
(node_modules/react-dom/cjs/react-dom.development.js:26179:12)
      at batchedUpdates 
(node_modules/react-dom/cjs/react-dom.development.js:3991:12)
      at dispatchEventForPluginEventSystem 
(node_modules/react-dom/cjs/react-dom.development.js:9287:3)
      at dispatchEventWithEnableCapturePhaseSelectiveHydrationWithoutDiscreteEv
entReplay (node_modules/react-dom/cjs/react-dom.development.js:6465:5)
      at dispatchEvent 
(node_modules/react-dom/cjs/react-dom.development.js:6457:5)
      at dispatchDiscreteEvent 
(node_modules/react-dom/cjs/react-dom.development.js:6430:5)
      at HTMLDivElement.callTheUserObjectsOperation 
(node_modules/jsdom/lib/jsdom/living/generated/EventListener.js:26:30)
      at innerInvokeEventListeners 
(node_modules/jsdom/lib/jsdom/living/events/EventTarget-impl.js:350:25)
      at invokeEventListeners 
(node_modules/jsdom/lib/jsdom/living/events/EventTarget-impl.js:286:3)
      at HTMLInputElementImpl._dispatch 
(node_modules/jsdom/lib/jsdom/living/events/EventTarget-impl.js:233:9)
      at HTMLInputElementImpl.dispatchEvent 
(node_modules/jsdom/lib/jsdom/living/events/EventTarget-impl.js:104:17)
      at HTMLInputElement.dispatchEvent 
(node_modules/jsdom/lib/jsdom/living/generated/EventTarget.js:241:34)
      at 
node_modules/@testing-library/user-event/dist/cjs/event/dispatchEvent.js:45:43
      at Object.eventWrapper 
(node_modules/@testing-library/dom/dist/config.js:25:23)
      at Object.wrapEvent 
(node_modules/@testing-library/user-event/dist/cjs/event/wrapEvent.js:6:28)
      at Object.dispatchEvent (node_modules/@testing-library/user-event/dist/cj
s/event/dispatchEvent.js:45:22)
      at Object.dispatchUIEvent (node_modules/@testing-library/user-event/dist/
cjs/event/dispatchEvent.js:22:26)
      at commitInput 
(node_modules/@testing-library/user-event/dist/cjs/event/input.js:145:14)
      at editInputElement 
(node_modules/@testing-library/user-event/dist/cjs/event/input.js:115:9)
      at Object.input 
(node_modules/@testing-library/user-event/dist/cjs/event/input.js:37:9)
      at node_modules/@testing-library/user-event/dist/cjs/event/behavior/keypr
ess.js:31:26
      at Object.dispatchEvent (node_modules/@testing-library/user-event/dist/cj
s/event/dispatchEvent.js:41:13)
      at Object.dispatchUIEvent (node_modules/@testing-library/user-event/dist/
cjs/event/dispatchEvent.js:22:26)
      at KeyboardHost.keydown 
(node_modules/@testing-library/user-event/dist/cjs/system/keyboard.js:76:22)
      at keyboardAction 
(node_modules/@testing-library/user-event/dist/cjs/keyboard/index.js:22:35)
      at Object.keyboard 
(node_modules/@testing-library/user-event/dist/cjs/keyboard/index.js:11:15)
      at Object.type 
(node_modules/@testing-library/user-event/dist/cjs/utility/type.js:17:5)
      at goToStep2 
(src/binding-authorities/__tests__/binding-authorities.test.tsx:1891:9)
      at Object.<anonymous> 
(src/binding-authorities/__tests__/binding-authorities.test.tsx:1946:9)

    console.error
      Warning: An update to BordereauConfigModal inside a test was not wrapped 
in act(...).
      
      When testing, code that causes React state updates should be wrapped 
into act(...):
      
      act(() => {
        /* fire events that update state */
      });
      /* assert on the output */
      
      This ensures that you're testing the behavior the user would see in the 
browser. Learn more at https://reactjs.org/link/wrap-tests-with-act
          at BordereauConfigModal (C:\Users\samhe\OneDrive\Desktop\Cleaned\fron
tend\src\binding-authorities\BordereauConfigModal\BordereauConfigModal.tsx:217:
5)

      372 |                                     type="text"
      373 |                                     value={name}
    > 374 |                                     onChange={e => 
setName(e.target.value)}
          |                                                    ^
      375 |                                     placeholder="e.g. Q1 2025 Risk 
Bordereau"
      376 |                                     className="border 
border-gray-300 rounded px-3 py-2 text-sm w-full"
      377 |                                     autoFocus

      at printWarning 
(node_modules/react-dom/cjs/react-dom.development.js:86:30)
      at error (node_modules/react-dom/cjs/react-dom.development.js:60:7)
      at warnIfUpdatesNotWrappedWithActDEV 
(node_modules/react-dom/cjs/react-dom.development.js:27628:9)
      at scheduleUpdateOnFiber 
(node_modules/react-dom/cjs/react-dom.development.js:25547:5)
      at dispatchSetState 
(node_modules/react-dom/cjs/react-dom.development.js:16708:7)
      at onChange 
(src/binding-authorities/BordereauConfigModal/BordereauConfigModal.tsx:374:52)
      at HTMLUnknownElement.callCallback 
(node_modules/react-dom/cjs/react-dom.development.js:4164:14)
      at HTMLUnknownElement.callTheUserObjectsOperation 
(node_modules/jsdom/lib/jsdom/living/generated/EventListener.js:26:30)
      at innerInvokeEventListeners 
(node_modules/jsdom/lib/jsdom/living/events/EventTarget-impl.js:350:25)
      at invokeEventListeners 
(node_modules/jsdom/lib/jsdom/living/events/EventTarget-impl.js:286:3)
      at HTMLUnknownElementImpl._dispatch 
(node_modules/jsdom/lib/jsdom/living/events/EventTarget-impl.js:233:9)
      at HTMLUnknownElementImpl.dispatchEvent 
(node_modules/jsdom/lib/jsdom/living/events/EventTarget-impl.js:104:17)
      at HTMLUnknownElement.dispatchEvent 
(node_modules/jsdom/lib/jsdom/living/generated/EventTarget.js:241:34)
      at Object.invokeGuardedCallbackDev 
(node_modules/react-dom/cjs/react-dom.development.js:4213:16)
      at invokeGuardedCallback 
(node_modules/react-dom/cjs/react-dom.development.js:4277:31)
      at invokeGuardedCallbackAndCatchFirstError 
(node_modules/react-dom/cjs/react-dom.development.js:4291:25)
      at executeDispatch 
(node_modules/react-dom/cjs/react-dom.development.js:9041:3)
      at processDispatchQueueItemsInOrder 
(node_modules/react-dom/cjs/react-dom.development.js:9073:7)
      at processDispatchQueue 
(node_modules/react-dom/cjs/react-dom.development.js:9086:5)
      at dispatchEventsForPlugins 
(node_modules/react-dom/cjs/react-dom.development.js:9097:3)
      at node_modules/react-dom/cjs/react-dom.development.js:9288:12
      at batchedUpdates$1 
(node_modules/react-dom/cjs/react-dom.development.js:26179:12)
      at batchedUpdates 
(node_modules/react-dom/cjs/react-dom.development.js:3991:12)
      at dispatchEventForPluginEventSystem 
(node_modules/react-dom/cjs/react-dom.development.js:9287:3)
      at dispatchEventWithEnableCapturePhaseSelectiveHydrationWithoutDiscreteEv
entReplay (node_modules/react-dom/cjs/react-dom.development.js:6465:5)
      at dispatchEvent 
(node_modules/react-dom/cjs/react-dom.development.js:6457:5)
      at dispatchDiscreteEvent 
(node_modules/react-dom/cjs/react-dom.development.js:6430:5)
      at HTMLDivElement.callTheUserObjectsOperation 
(node_modules/jsdom/lib/jsdom/living/generated/EventListener.js:26:30)
      at innerInvokeEventListeners 
(node_modules/jsdom/lib/jsdom/living/events/EventTarget-impl.js:350:25)
      at invokeEventListeners 
(node_modules/jsdom/lib/jsdom/living/events/EventTarget-impl.js:286:3)
      at HTMLInputElementImpl._dispatch 
(node_modules/jsdom/lib/jsdom/living/events/EventTarget-impl.js:233:9)
      at HTMLInputElementImpl.dispatchEvent 
(node_modules/jsdom/lib/jsdom/living/events/EventTarget-impl.js:104:17)
      at HTMLInputElement.dispatchEvent 
(node_modules/jsdom/lib/jsdom/living/generated/EventTarget.js:241:34)
      at 
node_modules/@testing-library/user-event/dist/cjs/event/dispatchEvent.js:45:43
      at Object.eventWrapper 
(node_modules/@testing-library/dom/dist/config.js:25:23)
      at Object.wrapEvent 
(node_modules/@testing-library/user-event/dist/cjs/event/wrapEvent.js:6:28)
      at Object.dispatchEvent (node_modules/@testing-library/user-event/dist/cj
s/event/dispatchEvent.js:45:22)
      at Object.dispatchUIEvent (node_modules/@testing-library/user-event/dist/
cjs/event/dispatchEvent.js:22:26)
      at commitInput 
(node_modules/@testing-library/user-event/dist/cjs/event/input.js:145:14)
      at editInputElement 
(node_modules/@testing-library/user-event/dist/cjs/event/input.js:115:9)
      at Object.input 
(node_modules/@testing-library/user-event/dist/cjs/event/input.js:37:9)
      at node_modules/@testing-library/user-event/dist/cjs/event/behavior/keypr
ess.js:31:26
      at Object.dispatchEvent (node_modules/@testing-library/user-event/dist/cj
s/event/dispatchEvent.js:41:13)
      at Object.dispatchUIEvent (node_modules/@testing-library/user-event/dist/
cjs/event/dispatchEvent.js:22:26)
      at KeyboardHost.keydown 
(node_modules/@testing-library/user-event/dist/cjs/system/keyboard.js:76:22)
      at keyboardAction 
(node_modules/@testing-library/user-event/dist/cjs/keyboard/index.js:22:35)
      at Object.keyboard 
(node_modules/@testing-library/user-event/dist/cjs/keyboard/index.js:11:15)
      at Object.type 
(node_modules/@testing-library/user-event/dist/cjs/utility/type.js:17:5)
      at goToStep2 
(src/binding-authorities/__tests__/binding-authorities.test.tsx:1891:9)
      at Object.<anonymous> 
(src/binding-authorities/__tests__/binding-authorities.test.tsx:1946:9)

    console.error
      Warning: An update to BordereauConfigModal inside a test was not wrapped 
in act(...).
      
      When testing, code that causes React state updates should be wrapped 
into act(...):
      
      act(() => {
        /* fire events that update state */
      });
      /* assert on the output */
      
      This ensures that you're testing the behavior the user would see in the 
browser. Learn more at https://reactjs.org/link/wrap-tests-with-act
          at BordereauConfigModal (C:\Users\samhe\OneDrive\Desktop\Cleaned\fron
tend\src\binding-authorities\BordereauConfigModal\BordereauConfigModal.tsx:217:
5)

      372 |                                     type="text"
      373 |                                     value={name}
    > 374 |                                     onChange={e => 
setName(e.target.value)}
          |                                                    ^
      375 |                                     placeholder="e.g. Q1 2025 Risk 
Bordereau"
      376 |                                     className="border 
border-gray-300 rounded px-3 py-2 text-sm w-full"
      377 |                                     autoFocus

      at printWarning 
(node_modules/react-dom/cjs/react-dom.development.js:86:30)
      at error (node_modules/react-dom/cjs/react-dom.development.js:60:7)
      at warnIfUpdatesNotWrappedWithActDEV 
(node_modules/react-dom/cjs/react-dom.development.js:27628:9)
      at scheduleUpdateOnFiber 
(node_modules/react-dom/cjs/react-dom.development.js:25547:5)
      at dispatchSetState 
(node_modules/react-dom/cjs/react-dom.development.js:16708:7)
      at onChange 
(src/binding-authorities/BordereauConfigModal/BordereauConfigModal.tsx:374:52)
      at HTMLUnknownElement.callCallback 
(node_modules/react-dom/cjs/react-dom.development.js:4164:14)
      at HTMLUnknownElement.callTheUserObjectsOperation 
(node_modules/jsdom/lib/jsdom/living/generated/EventListener.js:26:30)
      at innerInvokeEventListeners 
(node_modules/jsdom/lib/jsdom/living/events/EventTarget-impl.js:350:25)
      at invokeEventListeners 
(node_modules/jsdom/lib/jsdom/living/events/EventTarget-impl.js:286:3)
      at HTMLUnknownElementImpl._dispatch 
(node_modules/jsdom/lib/jsdom/living/events/EventTarget-impl.js:233:9)
      at HTMLUnknownElementImpl.dispatchEvent 
(node_modules/jsdom/lib/jsdom/living/events/EventTarget-impl.js:104:17)
      at HTMLUnknownElement.dispatchEvent 
(node_modules/jsdom/lib/jsdom/living/generated/EventTarget.js:241:34)
      at Object.invokeGuardedCallbackDev 
(node_modules/react-dom/cjs/react-dom.development.js:4213:16)
      at invokeGuardedCallback 
(node_modules/react-dom/cjs/react-dom.development.js:4277:31)
      at invokeGuardedCallbackAndCatchFirstError 
(node_modules/react-dom/cjs/react-dom.development.js:4291:25)
      at executeDispatch 
(node_modules/react-dom/cjs/react-dom.development.js:9041:3)
      at processDispatchQueueItemsInOrder 
(node_modules/react-dom/cjs/react-dom.development.js:9073:7)
      at processDispatchQueue 
(node_modules/react-dom/cjs/react-dom.development.js:9086:5)
      at dispatchEventsForPlugins 
(node_modules/react-dom/cjs/react-dom.development.js:9097:3)
      at node_modules/react-dom/cjs/react-dom.development.js:9288:12
      at batchedUpdates$1 
(node_modules/react-dom/cjs/react-dom.development.js:26179:12)
      at batchedUpdates 
(node_modules/react-dom/cjs/react-dom.development.js:3991:12)
      at dispatchEventForPluginEventSystem 
(node_modules/react-dom/cjs/react-dom.development.js:9287:3)
      at dispatchEventWithEnableCapturePhaseSelectiveHydrationWithoutDiscreteEv
entReplay (node_modules/react-dom/cjs/react-dom.development.js:6465:5)
      at dispatchEvent 
(node_modules/react-dom/cjs/react-dom.development.js:6457:5)
      at dispatchDiscreteEvent 
(node_modules/react-dom/cjs/react-dom.development.js:6430:5)
      at HTMLDivElement.callTheUserObjectsOperation 
(node_modules/jsdom/lib/jsdom/living/generated/EventListener.js:26:30)
      at innerInvokeEventListeners 
(node_modules/jsdom/lib/jsdom/living/events/EventTarget-impl.js:350:25)
      at invokeEventListeners 
(node_modules/jsdom/lib/jsdom/living/events/EventTarget-impl.js:286:3)
      at HTMLInputElementImpl._dispatch 
(node_modules/jsdom/lib/jsdom/living/events/EventTarget-impl.js:233:9)
      at HTMLInputElementImpl.dispatchEvent 
(node_modules/jsdom/lib/jsdom/living/events/EventTarget-impl.js:104:17)
      at HTMLInputElement.dispatchEvent 
(node_modules/jsdom/lib/jsdom/living/generated/EventTarget.js:241:34)
      at 
node_modules/@testing-library/user-event/dist/cjs/event/dispatchEvent.js:45:43
      at Object.eventWrapper 
(node_modules/@testing-library/dom/dist/config.js:25:23)
      at Object.wrapEvent 
(node_modules/@testing-library/user-event/dist/cjs/event/wrapEvent.js:6:28)
      at Object.dispatchEvent (node_modules/@testing-library/user-event/dist/cj
s/event/dispatchEvent.js:45:22)
      at Object.dispatchUIEvent (node_modules/@testing-library/user-event/dist/
cjs/event/dispatchEvent.js:22:26)
      at commitInput 
(node_modules/@testing-library/user-event/dist/cjs/event/input.js:145:14)
      at editInputElement 
(node_modules/@testing-library/user-event/dist/cjs/event/input.js:115:9)
      at Object.input 
(node_modules/@testing-library/user-event/dist/cjs/event/input.js:37:9)
      at node_modules/@testing-library/user-event/dist/cjs/event/behavior/keypr
ess.js:31:26
      at Object.dispatchEvent (node_modules/@testing-library/user-event/dist/cj
s/event/dispatchEvent.js:41:13)
      at Object.dispatchUIEvent (node_modules/@testing-library/user-event/dist/
cjs/event/dispatchEvent.js:22:26)
      at KeyboardHost.keydown 
(node_modules/@testing-library/user-event/dist/cjs/system/keyboard.js:76:22)
      at keyboardAction 
(node_modules/@testing-library/user-event/dist/cjs/keyboard/index.js:22:35)
      at Object.keyboard 
(node_modules/@testing-library/user-event/dist/cjs/keyboard/index.js:11:15)
      at Object.type 
(node_modules/@testing-library/user-event/dist/cjs/utility/type.js:17:5)
      at goToStep2 
(src/binding-authorities/__tests__/binding-authorities.test.tsx:1891:9)
      at Object.<anonymous> 
(src/binding-authorities/__tests__/binding-authorities.test.tsx:1946:9)

    console.error
      Warning: An update to BordereauConfigModal inside a test was not wrapped 
in act(...).
      
      When testing, code that causes React state updates should be wrapped 
into act(...):
      
      act(() => {
        /* fire events that update state */
      });
      /* assert on the output */
      
      This ensures that you're testing the behavior the user would see in the 
browser. Learn more at https://reactjs.org/link/wrap-tests-with-act
          at BordereauConfigModal (C:\Users\samhe\OneDrive\Desktop\Cleaned\fron
tend\src\binding-authorities\BordereauConfigModal\BordereauConfigModal.tsx:217:
5)

      372 |                                     type="text"
      373 |                                     value={name}
    > 374 |                                     onChange={e => 
setName(e.target.value)}
          |                                                    ^
      375 |                                     placeholder="e.g. Q1 2025 Risk 
Bordereau"
      376 |                                     className="border 
border-gray-300 rounded px-3 py-2 text-sm w-full"
      377 |                                     autoFocus

      at printWarning 
(node_modules/react-dom/cjs/react-dom.development.js:86:30)
      at error (node_modules/react-dom/cjs/react-dom.development.js:60:7)
      at warnIfUpdatesNotWrappedWithActDEV 
(node_modules/react-dom/cjs/react-dom.development.js:27628:9)
      at scheduleUpdateOnFiber 
(node_modules/react-dom/cjs/react-dom.development.js:25547:5)
      at dispatchSetState 
(node_modules/react-dom/cjs/react-dom.development.js:16708:7)
      at onChange 
(src/binding-authorities/BordereauConfigModal/BordereauConfigModal.tsx:374:52)
      at HTMLUnknownElement.callCallback 
(node_modules/react-dom/cjs/react-dom.development.js:4164:14)
      at HTMLUnknownElement.callTheUserObjectsOperation 
(node_modules/jsdom/lib/jsdom/living/generated/EventListener.js:26:30)
      at innerInvokeEventListeners 
(node_modules/jsdom/lib/jsdom/living/events/EventTarget-impl.js:350:25)
      at invokeEventListeners 
(node_modules/jsdom/lib/jsdom/living/events/EventTarget-impl.js:286:3)
      at HTMLUnknownElementImpl._dispatch 
(node_modules/jsdom/lib/jsdom/living/events/EventTarget-impl.js:233:9)
      at HTMLUnknownElementImpl.dispatchEvent 
(node_modules/jsdom/lib/jsdom/living/events/EventTarget-impl.js:104:17)
      at HTMLUnknownElement.dispatchEvent 
(node_modules/jsdom/lib/jsdom/living/generated/EventTarget.js:241:34)
      at Object.invokeGuardedCallbackDev 
(node_modules/react-dom/cjs/react-dom.development.js:4213:16)
      at invokeGuardedCallback 
(node_modules/react-dom/cjs/react-dom.development.js:4277:31)
      at invokeGuardedCallbackAndCatchFirstError 
(node_modules/react-dom/cjs/react-dom.development.js:4291:25)
      at executeDispatch 
(node_modules/react-dom/cjs/react-dom.development.js:9041:3)
      at processDispatchQueueItemsInOrder 
(node_modules/react-dom/cjs/react-dom.development.js:9073:7)
      at processDispatchQueue 
(node_modules/react-dom/cjs/react-dom.development.js:9086:5)
      at dispatchEventsForPlugins 
(node_modules/react-dom/cjs/react-dom.development.js:9097:3)
      at node_modules/react-dom/cjs/react-dom.development.js:9288:12
      at batchedUpdates$1 
(node_modules/react-dom/cjs/react-dom.development.js:26179:12)
      at batchedUpdates 
(node_modules/react-dom/cjs/react-dom.development.js:3991:12)
      at dispatchEventForPluginEventSystem 
(node_modules/react-dom/cjs/react-dom.development.js:9287:3)
      at dispatchEventWithEnableCapturePhaseSelectiveHydrationWithoutDiscreteEv
entReplay (node_modules/react-dom/cjs/react-dom.development.js:6465:5)
      at dispatchEvent 
(node_modules/react-dom/cjs/react-dom.development.js:6457:5)
      at dispatchDiscreteEvent 
(node_modules/react-dom/cjs/react-dom.development.js:6430:5)
      at HTMLDivElement.callTheUserObjectsOperation 
(node_modules/jsdom/lib/jsdom/living/generated/EventListener.js:26:30)
      at innerInvokeEventListeners 
(node_modules/jsdom/lib/jsdom/living/events/EventTarget-impl.js:350:25)
      at invokeEventListeners 
(node_modules/jsdom/lib/jsdom/living/events/EventTarget-impl.js:286:3)
      at HTMLInputElementImpl._dispatch 
(node_modules/jsdom/lib/jsdom/living/events/EventTarget-impl.js:233:9)
      at HTMLInputElementImpl.dispatchEvent 
(node_modules/jsdom/lib/jsdom/living/events/EventTarget-impl.js:104:17)
      at HTMLInputElement.dispatchEvent 
(node_modules/jsdom/lib/jsdom/living/generated/EventTarget.js:241:34)
      at 
node_modules/@testing-library/user-event/dist/cjs/event/dispatchEvent.js:45:43
      at Object.eventWrapper 
(node_modules/@testing-library/dom/dist/config.js:25:23)
      at Object.wrapEvent 
(node_modules/@testing-library/user-event/dist/cjs/event/wrapEvent.js:6:28)
      at Object.dispatchEvent (node_modules/@testing-library/user-event/dist/cj
s/event/dispatchEvent.js:45:22)
      at Object.dispatchUIEvent (node_modules/@testing-library/user-event/dist/
cjs/event/dispatchEvent.js:22:26)
      at commitInput 
(node_modules/@testing-library/user-event/dist/cjs/event/input.js:145:14)
      at editInputElement 
(node_modules/@testing-library/user-event/dist/cjs/event/input.js:115:9)
      at Object.input 
(node_modules/@testing-library/user-event/dist/cjs/event/input.js:37:9)
      at node_modules/@testing-library/user-event/dist/cjs/event/behavior/keypr
ess.js:31:26
      at Object.dispatchEvent (node_modules/@testing-library/user-event/dist/cj
s/event/dispatchEvent.js:41:13)
      at Object.dispatchUIEvent (node_modules/@testing-library/user-event/dist/
cjs/event/dispatchEvent.js:22:26)
      at KeyboardHost.keydown 
(node_modules/@testing-library/user-event/dist/cjs/system/keyboard.js:76:22)
      at keyboardAction 
(node_modules/@testing-library/user-event/dist/cjs/keyboard/index.js:22:35)
      at Object.keyboard 
(node_modules/@testing-library/user-event/dist/cjs/keyboard/index.js:11:15)
      at Object.type 
(node_modules/@testing-library/user-event/dist/cjs/utility/type.js:17:5)
      at goToStep2 
(src/binding-authorities/__tests__/binding-authorities.test.tsx:1891:9)
      at Object.<anonymous> 
(src/binding-authorities/__tests__/binding-authorities.test.tsx:1946:9)

    console.error
      Warning: An update to BordereauConfigModal inside a test was not wrapped 
in act(...).
      
      When testing, code that causes React state updates should be wrapped 
into act(...):
      
      act(() => {
        /* fire events that update state */
      });
      /* assert on the output */
      
      This ensures that you're testing the behavior the user would see in the 
browser. Learn more at https://reactjs.org/link/wrap-tests-with-act
          at BordereauConfigModal (C:\Users\samhe\OneDrive\Desktop\Cleaned\fron
tend\src\binding-authorities\BordereauConfigModal\BordereauConfigModal.tsx:217:
5)

      616 |                             className="btn btn-primary"
      617 |                             disabled={step === 'setup' && 
name.trim() === ''}
    > 618 |                             onClick={() => setStep(STEPS[stepIndex 
+ 1].key)}
          |                                            ^
      619 |                         >
      620 |                             Next
      621 |                         </button>

      at printWarning 
(node_modules/react-dom/cjs/react-dom.development.js:86:30)
      at error (node_modules/react-dom/cjs/react-dom.development.js:60:7)
      at warnIfUpdatesNotWrappedWithActDEV 
(node_modules/react-dom/cjs/react-dom.development.js:27628:9)
      at scheduleUpdateOnFiber 
(node_modules/react-dom/cjs/react-dom.development.js:25547:5)
      at dispatchSetState 
(node_modules/react-dom/cjs/react-dom.development.js:16708:7)
      at onClick 
(src/binding-authorities/BordereauConfigModal/BordereauConfigModal.tsx:618:44)
      at HTMLUnknownElement.callCallback 
(node_modules/react-dom/cjs/react-dom.development.js:4164:14)
      at HTMLUnknownElement.callTheUserObjectsOperation 
(node_modules/jsdom/lib/jsdom/living/generated/EventListener.js:26:30)
      at innerInvokeEventListeners 
(node_modules/jsdom/lib/jsdom/living/events/EventTarget-impl.js:350:25)
      at invokeEventListeners 
(node_modules/jsdom/lib/jsdom/living/events/EventTarget-impl.js:286:3)
      at HTMLUnknownElementImpl._dispatch 
(node_modules/jsdom/lib/jsdom/living/events/EventTarget-impl.js:233:9)
      at HTMLUnknownElementImpl.dispatchEvent 
(node_modules/jsdom/lib/jsdom/living/events/EventTarget-impl.js:104:17)
      at HTMLUnknownElement.dispatchEvent 
(node_modules/jsdom/lib/jsdom/living/generated/EventTarget.js:241:34)
      at Object.invokeGuardedCallbackDev 
(node_modules/react-dom/cjs/react-dom.development.js:4213:16)
      at invokeGuardedCallback 
(node_modules/react-dom/cjs/react-dom.development.js:4277:31)
      at invokeGuardedCallbackAndCatchFirstError 
(node_modules/react-dom/cjs/react-dom.development.js:4291:25)
      at executeDispatch 
(node_modules/react-dom/cjs/react-dom.development.js:9041:3)
      at processDispatchQueueItemsInOrder 
(node_modules/react-dom/cjs/react-dom.development.js:9073:7)
      at processDispatchQueue 
(node_modules/react-dom/cjs/react-dom.development.js:9086:5)
      at dispatchEventsForPlugins 
(node_modules/react-dom/cjs/react-dom.development.js:9097:3)
      at node_modules/react-dom/cjs/react-dom.development.js:9288:12
      at batchedUpdates$1 
(node_modules/react-dom/cjs/react-dom.development.js:26179:12)
      at batchedUpdates 
(node_modules/react-dom/cjs/react-dom.development.js:3991:12)
      at dispatchEventForPluginEventSystem 
(node_modules/react-dom/cjs/react-dom.development.js:9287:3)
      at dispatchEventWithEnableCapturePhaseSelectiveHydrationWithoutDiscreteEv
entReplay (node_modules/react-dom/cjs/react-dom.development.js:6465:5)
      at dispatchEvent 
(node_modules/react-dom/cjs/react-dom.development.js:6457:5)
      at dispatchDiscreteEvent 
(node_modules/react-dom/cjs/react-dom.development.js:6430:5)
      at HTMLDivElement.callTheUserObjectsOperation 
(node_modules/jsdom/lib/jsdom/living/generated/EventListener.js:26:30)
      at innerInvokeEventListeners 
(node_modules/jsdom/lib/jsdom/living/events/EventTarget-impl.js:350:25)
      at invokeEventListeners 
(node_modules/jsdom/lib/jsdom/living/events/EventTarget-impl.js:286:3)
      at HTMLButtonElementImpl._dispatch 
(node_modules/jsdom/lib/jsdom/living/events/EventTarget-impl.js:233:9)
      at HTMLButtonElementImpl.dispatchEvent 
(node_modules/jsdom/lib/jsdom/living/events/EventTarget-impl.js:104:17)
      at HTMLButtonElement.dispatchEvent 
(node_modules/jsdom/lib/jsdom/living/generated/EventTarget.js:241:34)
      at 
node_modules/@testing-library/user-event/dist/cjs/event/dispatchEvent.js:45:43
      at Object.eventWrapper 
(node_modules/@testing-library/dom/dist/config.js:25:23)
      at Object.wrapEvent 
(node_modules/@testing-library/user-event/dist/cjs/event/wrapEvent.js:6:28)
      at Object.dispatchEvent (node_modules/@testing-library/user-event/dist/cj
s/event/dispatchEvent.js:45:22)
      at Object.dispatchUIEvent (node_modules/@testing-library/user-event/dist/
cjs/event/dispatchEvent.js:22:26)
      at Mouse.up (node_modules/@testing-library/user-event/dist/cjs/system/poi
nter/mouse.js:100:30)
      at PointerHost.release (node_modules/@testing-library/user-event/dist/cjs
/system/pointer/index.js:87:24)
      at pointerAction 
(node_modules/@testing-library/user-event/dist/cjs/pointer/index.js:54:47)
      at Object.pointer 
(node_modules/@testing-library/user-event/dist/cjs/pointer/index.js:27:9)
      at goToStep2 
(src/binding-authorities/__tests__/binding-authorities.test.tsx:1892:9)
      at Object.<anonymous> 
(src/binding-authorities/__tests__/binding-authorities.test.tsx:1946:9)

    console.error
      Warning: An update to BordereauConfigModal inside a test was not wrapped 
in act(...).
      
      When testing, code that causes React state updates should be wrapped 
into act(...):
      
      act(() => {
        /* fire events that update state */
      });
      /* assert on the output */
      
      This ensures that you're testing the behavior the user would see in the 
browser. Learn more at https://reactjs.org/link/wrap-tests-with-act
          at BordereauConfigModal (C:\Users\samhe\OneDrive\Desktop\Cleaned\fron
tend\src\binding-authorities\BordereauConfigModal\BordereauConfigModal.tsx:217:
5)

      254 |     // Step 1: changing type resets selection to full default for 
the new type
      255 |     const handleTypeChange = (t: BordType) => {
    > 256 |         setType(t)
          |         ^
      257 |         setFieldOrder(defaultFields(t))
      258 |         setSearch('')
      259 |     }

      at printWarning 
(node_modules/react-dom/cjs/react-dom.development.js:86:30)
      at error (node_modules/react-dom/cjs/react-dom.development.js:60:7)
      at warnIfUpdatesNotWrappedWithActDEV 
(node_modules/react-dom/cjs/react-dom.development.js:27628:9)
      at scheduleUpdateOnFiber 
(node_modules/react-dom/cjs/react-dom.development.js:25547:5)
      at dispatchSetState 
(node_modules/react-dom/cjs/react-dom.development.js:16708:7)
      at handleTypeChange 
(src/binding-authorities/BordereauConfigModal/BordereauConfigModal.tsx:256:9)
      at onChange 
(src/binding-authorities/BordereauConfigModal/BordereauConfigModal.tsx:394:65)
      at HTMLUnknownElement.callCallback 
(node_modules/react-dom/cjs/react-dom.development.js:4164:14)
      at HTMLUnknownElement.callTheUserObjectsOperation 
(node_modules/jsdom/lib/jsdom/living/generated/EventListener.js:26:30)
      at innerInvokeEventListeners 
(node_modules/jsdom/lib/jsdom/living/events/EventTarget-impl.js:350:25)
      at invokeEventListeners 
(node_modules/jsdom/lib/jsdom/living/events/EventTarget-impl.js:286:3)
      at HTMLUnknownElementImpl._dispatch 
(node_modules/jsdom/lib/jsdom/living/events/EventTarget-impl.js:233:9)
      at HTMLUnknownElementImpl.dispatchEvent 
(node_modules/jsdom/lib/jsdom/living/events/EventTarget-impl.js:104:17)
      at HTMLUnknownElement.dispatchEvent 
(node_modules/jsdom/lib/jsdom/living/generated/EventTarget.js:241:34)
      at Object.invokeGuardedCallbackDev 
(node_modules/react-dom/cjs/react-dom.development.js:4213:16)
      at invokeGuardedCallback 
(node_modules/react-dom/cjs/react-dom.development.js:4277:31)
      at invokeGuardedCallbackAndCatchFirstError 
(node_modules/react-dom/cjs/react-dom.development.js:4291:25)
      at executeDispatch 
(node_modules/react-dom/cjs/react-dom.development.js:9041:3)
      at processDispatchQueueItemsInOrder 
(node_modules/react-dom/cjs/react-dom.development.js:9073:7)
      at processDispatchQueue 
(node_modules/react-dom/cjs/react-dom.development.js:9086:5)
      at dispatchEventsForPlugins 
(node_modules/react-dom/cjs/react-dom.development.js:9097:3)
      at node_modules/react-dom/cjs/react-dom.development.js:9288:12
      at batchedUpdates$1 
(node_modules/react-dom/cjs/react-dom.development.js:26179:12)
      at batchedUpdates 
(node_modules/react-dom/cjs/react-dom.development.js:3991:12)
      at dispatchEventForPluginEventSystem 
(node_modules/react-dom/cjs/react-dom.development.js:9287:3)
      at dispatchEventWithEnableCapturePhaseSelectiveHydrationWithoutDiscreteEv
entReplay (node_modules/react-dom/cjs/react-dom.development.js:6465:5)
      at dispatchEvent 
(node_modules/react-dom/cjs/react-dom.development.js:6457:5)
      at dispatchDiscreteEvent 
(node_modules/react-dom/cjs/react-dom.development.js:6430:5)
      at HTMLDivElement.callTheUserObjectsOperation 
(node_modules/jsdom/lib/jsdom/living/generated/EventListener.js:26:30)
      at innerInvokeEventListeners 
(node_modules/jsdom/lib/jsdom/living/events/EventTarget-impl.js:350:25)
      at invokeEventListeners 
(node_modules/jsdom/lib/jsdom/living/events/EventTarget-impl.js:286:3)
      at HTMLInputElementImpl._dispatch 
(node_modules/jsdom/lib/jsdom/living/events/EventTarget-impl.js:233:9)
      at HTMLInputElementImpl.dispatchEvent 
(node_modules/jsdom/lib/jsdom/living/events/EventTarget-impl.js:104:17)
      at HTMLInputElement.dispatchEvent 
(node_modules/jsdom/lib/jsdom/living/generated/EventTarget.js:241:34)
      at 
node_modules/@testing-library/user-event/dist/cjs/event/dispatchEvent.js:45:43
      at Object.eventWrapper 
(node_modules/@testing-library/dom/dist/config.js:25:23)
      at Object.wrapEvent 
(node_modules/@testing-library/user-event/dist/cjs/event/wrapEvent.js:6:28)
      at Object.dispatchEvent (node_modules/@testing-library/user-event/dist/cj
s/event/dispatchEvent.js:45:22)
      at Object.dispatchUIEvent (node_modules/@testing-library/user-event/dist/
cjs/event/dispatchEvent.js:22:26)
      at Mouse.up (node_modules/@testing-library/user-event/dist/cjs/system/poi
nter/mouse.js:100:30)
      at PointerHost.release (node_modules/@testing-library/user-event/dist/cjs
/system/pointer/index.js:87:24)
      at pointerAction 
(node_modules/@testing-library/user-event/dist/cjs/pointer/index.js:54:47)
      at Object.pointer 
(node_modules/@testing-library/user-event/dist/cjs/pointer/index.js:27:9)
      at Object.<anonymous> 
(src/binding-authorities/__tests__/binding-authorities.test.tsx:1953:9)

    console.error
      Warning: An update to BordereauConfigModal inside a test was not wrapped 
in act(...).
      
      When testing, code that causes React state updates should be wrapped 
into act(...):
      
      act(() => {
        /* fire events that update state */
      });
      /* assert on the output */
      
      This ensures that you're testing the behavior the user would see in the 
browser. Learn more at https://reactjs.org/link/wrap-tests-with-act
          at BordereauConfigModal (C:\Users\samhe\OneDrive\Desktop\Cleaned\fron
tend\src\binding-authorities\BordereauConfigModal\BordereauConfigModal.tsx:217:
5)

      255 |     const handleTypeChange = (t: BordType) => {
      256 |         setType(t)
    > 257 |         setFieldOrder(defaultFields(t))
          |         ^
      258 |         setSearch('')
      259 |     }
      260 |

      at printWarning 
(node_modules/react-dom/cjs/react-dom.development.js:86:30)
      at error (node_modules/react-dom/cjs/react-dom.development.js:60:7)
      at warnIfUpdatesNotWrappedWithActDEV 
(node_modules/react-dom/cjs/react-dom.development.js:27628:9)
      at scheduleUpdateOnFiber 
(node_modules/react-dom/cjs/react-dom.development.js:25547:5)
      at dispatchSetState 
(node_modules/react-dom/cjs/react-dom.development.js:16708:7)
      at handleTypeChange 
(src/binding-authorities/BordereauConfigModal/BordereauConfigModal.tsx:257:9)
      at onChange 
(src/binding-authorities/BordereauConfigModal/BordereauConfigModal.tsx:394:65)
      at HTMLUnknownElement.callCallback 
(node_modules/react-dom/cjs/react-dom.development.js:4164:14)
      at HTMLUnknownElement.callTheUserObjectsOperation 
(node_modules/jsdom/lib/jsdom/living/generated/EventListener.js:26:30)
      at innerInvokeEventListeners 
(node_modules/jsdom/lib/jsdom/living/events/EventTarget-impl.js:350:25)
      at invokeEventListeners 
(node_modules/jsdom/lib/jsdom/living/events/EventTarget-impl.js:286:3)
      at HTMLUnknownElementImpl._dispatch 
(node_modules/jsdom/lib/jsdom/living/events/EventTarget-impl.js:233:9)
      at HTMLUnknownElementImpl.dispatchEvent 
(node_modules/jsdom/lib/jsdom/living/events/EventTarget-impl.js:104:17)
      at HTMLUnknownElement.dispatchEvent 
(node_modules/jsdom/lib/jsdom/living/generated/EventTarget.js:241:34)
      at Object.invokeGuardedCallbackDev 
(node_modules/react-dom/cjs/react-dom.development.js:4213:16)
      at invokeGuardedCallback 
(node_modules/react-dom/cjs/react-dom.development.js:4277:31)
      at invokeGuardedCallbackAndCatchFirstError 
(node_modules/react-dom/cjs/react-dom.development.js:4291:25)
      at executeDispatch 
(node_modules/react-dom/cjs/react-dom.development.js:9041:3)
      at processDispatchQueueItemsInOrder 
(node_modules/react-dom/cjs/react-dom.development.js:9073:7)
      at processDispatchQueue 
(node_modules/react-dom/cjs/react-dom.development.js:9086:5)
      at dispatchEventsForPlugins 
(node_modules/react-dom/cjs/react-dom.development.js:9097:3)
      at node_modules/react-dom/cjs/react-dom.development.js:9288:12
      at batchedUpdates$1 
(node_modules/react-dom/cjs/react-dom.development.js:26179:12)
      at batchedUpdates 
(node_modules/react-dom/cjs/react-dom.development.js:3991:12)
      at dispatchEventForPluginEventSystem 
(node_modules/react-dom/cjs/react-dom.development.js:9287:3)
      at dispatchEventWithEnableCapturePhaseSelectiveHydrationWithoutDiscreteEv
entReplay (node_modules/react-dom/cjs/react-dom.development.js:6465:5)
      at dispatchEvent 
(node_modules/react-dom/cjs/react-dom.development.js:6457:5)
      at dispatchDiscreteEvent 
(node_modules/react-dom/cjs/react-dom.development.js:6430:5)
      at HTMLDivElement.callTheUserObjectsOperation 
(node_modules/jsdom/lib/jsdom/living/generated/EventListener.js:26:30)
      at innerInvokeEventListeners 
(node_modules/jsdom/lib/jsdom/living/events/EventTarget-impl.js:350:25)
      at invokeEventListeners 
(node_modules/jsdom/lib/jsdom/living/events/EventTarget-impl.js:286:3)
      at HTMLInputElementImpl._dispatch 
(node_modules/jsdom/lib/jsdom/living/events/EventTarget-impl.js:233:9)
      at HTMLInputElementImpl.dispatchEvent 
(node_modules/jsdom/lib/jsdom/living/events/EventTarget-impl.js:104:17)
      at HTMLInputElement.dispatchEvent 
(node_modules/jsdom/lib/jsdom/living/generated/EventTarget.js:241:34)
      at 
node_modules/@testing-library/user-event/dist/cjs/event/dispatchEvent.js:45:43
      at Object.eventWrapper 
(node_modules/@testing-library/dom/dist/config.js:25:23)
      at Object.wrapEvent 
(node_modules/@testing-library/user-event/dist/cjs/event/wrapEvent.js:6:28)
      at Object.dispatchEvent (node_modules/@testing-library/user-event/dist/cj
s/event/dispatchEvent.js:45:22)
      at Object.dispatchUIEvent (node_modules/@testing-library/user-event/dist/
cjs/event/dispatchEvent.js:22:26)
      at Mouse.up (node_modules/@testing-library/user-event/dist/cjs/system/poi
nter/mouse.js:100:30)
      at PointerHost.release (node_modules/@testing-library/user-event/dist/cjs
/system/pointer/index.js:87:24)
      at pointerAction 
(node_modules/@testing-library/user-event/dist/cjs/pointer/index.js:54:47)
      at Object.pointer 
(node_modules/@testing-library/user-event/dist/cjs/pointer/index.js:27:9)
      at Object.<anonymous> 
(src/binding-authorities/__tests__/binding-authorities.test.tsx:1953:9)

    console.error
      Warning: An update to BordereauConfigModal inside a test was not wrapped 
in act(...).
      
      When testing, code that causes React state updates should be wrapped 
into act(...):
      
      act(() => {
        /* fire events that update state */
      });
      /* assert on the output */
      
      This ensures that you're testing the behavior the user would see in the 
browser. Learn more at https://reactjs.org/link/wrap-tests-with-act
          at BordereauConfigModal (C:\Users\samhe\OneDrive\Desktop\Cleaned\fron
tend\src\binding-authorities\BordereauConfigModal\BordereauConfigModal.tsx:217:
5)

      256 |         setType(t)
      257 |         setFieldOrder(defaultFields(t))
    > 258 |         setSearch('')
          |         ^
      259 |     }
      260 |
      261 |     // Step 2: dual-pane helpers

      at printWarning 
(node_modules/react-dom/cjs/react-dom.development.js:86:30)
      at error (node_modules/react-dom/cjs/react-dom.development.js:60:7)
      at warnIfUpdatesNotWrappedWithActDEV 
(node_modules/react-dom/cjs/react-dom.development.js:27628:9)
      at scheduleUpdateOnFiber 
(node_modules/react-dom/cjs/react-dom.development.js:25547:5)
      at dispatchSetState 
(node_modules/react-dom/cjs/react-dom.development.js:16708:7)
      at handleTypeChange 
(src/binding-authorities/BordereauConfigModal/BordereauConfigModal.tsx:258:9)
      at onChange 
(src/binding-authorities/BordereauConfigModal/BordereauConfigModal.tsx:394:65)
      at HTMLUnknownElement.callCallback 
(node_modules/react-dom/cjs/react-dom.development.js:4164:14)
      at HTMLUnknownElement.callTheUserObjectsOperation 
(node_modules/jsdom/lib/jsdom/living/generated/EventListener.js:26:30)
      at innerInvokeEventListeners 
(node_modules/jsdom/lib/jsdom/living/events/EventTarget-impl.js:350:25)
      at invokeEventListeners 
(node_modules/jsdom/lib/jsdom/living/events/EventTarget-impl.js:286:3)
      at HTMLUnknownElementImpl._dispatch 
(node_modules/jsdom/lib/jsdom/living/events/EventTarget-impl.js:233:9)
      at HTMLUnknownElementImpl.dispatchEvent 
(node_modules/jsdom/lib/jsdom/living/events/EventTarget-impl.js:104:17)
      at HTMLUnknownElement.dispatchEvent 
(node_modules/jsdom/lib/jsdom/living/generated/EventTarget.js:241:34)
      at Object.invokeGuardedCallbackDev 
(node_modules/react-dom/cjs/react-dom.development.js:4213:16)
      at invokeGuardedCallback 
(node_modules/react-dom/cjs/react-dom.development.js:4277:31)
      at invokeGuardedCallbackAndCatchFirstError 
(node_modules/react-dom/cjs/react-dom.development.js:4291:25)
      at executeDispatch 
(node_modules/react-dom/cjs/react-dom.development.js:9041:3)
      at processDispatchQueueItemsInOrder 
(node_modules/react-dom/cjs/react-dom.development.js:9073:7)
      at processDispatchQueue 
(node_modules/react-dom/cjs/react-dom.development.js:9086:5)
      at dispatchEventsForPlugins 
(node_modules/react-dom/cjs/react-dom.development.js:9097:3)
      at node_modules/react-dom/cjs/react-dom.development.js:9288:12
      at batchedUpdates$1 
(node_modules/react-dom/cjs/react-dom.development.js:26179:12)
      at batchedUpdates 
(node_modules/react-dom/cjs/react-dom.development.js:3991:12)
      at dispatchEventForPluginEventSystem 
(node_modules/react-dom/cjs/react-dom.development.js:9287:3)
      at dispatchEventWithEnableCapturePhaseSelectiveHydrationWithoutDiscreteEv
entReplay (node_modules/react-dom/cjs/react-dom.development.js:6465:5)
      at dispatchEvent 
(node_modules/react-dom/cjs/react-dom.development.js:6457:5)
      at dispatchDiscreteEvent 
(node_modules/react-dom/cjs/react-dom.development.js:6430:5)
      at HTMLDivElement.callTheUserObjectsOperation 
(node_modules/jsdom/lib/jsdom/living/generated/EventListener.js:26:30)
      at innerInvokeEventListeners 
(node_modules/jsdom/lib/jsdom/living/events/EventTarget-impl.js:350:25)
      at invokeEventListeners 
(node_modules/jsdom/lib/jsdom/living/events/EventTarget-impl.js:286:3)
      at HTMLInputElementImpl._dispatch 
(node_modules/jsdom/lib/jsdom/living/events/EventTarget-impl.js:233:9)
      at HTMLInputElementImpl.dispatchEvent 
(node_modules/jsdom/lib/jsdom/living/events/EventTarget-impl.js:104:17)
      at HTMLInputElement.dispatchEvent 
(node_modules/jsdom/lib/jsdom/living/generated/EventTarget.js:241:34)
      at 
node_modules/@testing-library/user-event/dist/cjs/event/dispatchEvent.js:45:43
      at Object.eventWrapper 
(node_modules/@testing-library/dom/dist/config.js:25:23)
      at Object.wrapEvent 
(node_modules/@testing-library/user-event/dist/cjs/event/wrapEvent.js:6:28)
      at Object.dispatchEvent (node_modules/@testing-library/user-event/dist/cj
s/event/dispatchEvent.js:45:22)
      at Object.dispatchUIEvent (node_modules/@testing-library/user-event/dist/
cjs/event/dispatchEvent.js:22:26)
      at Mouse.up (node_modules/@testing-library/user-event/dist/cjs/system/poi
nter/mouse.js:100:30)
      at PointerHost.release (node_modules/@testing-library/user-event/dist/cjs
/system/pointer/index.js:87:24)
      at pointerAction 
(node_modules/@testing-library/user-event/dist/cjs/pointer/index.js:54:47)
      at Object.pointer 
(node_modules/@testing-library/user-event/dist/cjs/pointer/index.js:27:9)
      at Object.<anonymous> 
(src/binding-authorities/__tests__/binding-authorities.test.tsx:1953:9)

    console.error
      Warning: An update to BordereauConfigModal inside a test was not wrapped 
in act(...).
      
      When testing, code that causes React state updates should be wrapped 
into act(...):
      
      act(() => {
        /* fire events that update state */
      });
      /* assert on the output */
      
      This ensures that you're testing the behavior the user would see in the 
browser. Learn more at https://reactjs.org/link/wrap-tests-with-act
          at BordereauConfigModal (C:\Users\samhe\OneDrive\Desktop\Cleaned\fron
tend\src\binding-authorities\BordereauConfigModal\BordereauConfigModal.tsx:217:
5)

      372 |                                     type="text"
      373 |                                     value={name}
    > 374 |                                     onChange={e => 
setName(e.target.value)}
          |                                                    ^
      375 |                                     placeholder="e.g. Q1 2025 Risk 
Bordereau"
      376 |                                     className="border 
border-gray-300 rounded px-3 py-2 text-sm w-full"
      377 |                                     autoFocus

      at printWarning 
(node_modules/react-dom/cjs/react-dom.development.js:86:30)
      at error (node_modules/react-dom/cjs/react-dom.development.js:60:7)
      at warnIfUpdatesNotWrappedWithActDEV 
(node_modules/react-dom/cjs/react-dom.development.js:27628:9)
      at scheduleUpdateOnFiber 
(node_modules/react-dom/cjs/react-dom.development.js:25547:5)
      at dispatchSetState 
(node_modules/react-dom/cjs/react-dom.development.js:16708:7)
      at onChange 
(src/binding-authorities/BordereauConfigModal/BordereauConfigModal.tsx:374:52)
      at HTMLUnknownElement.callCallback 
(node_modules/react-dom/cjs/react-dom.development.js:4164:14)
      at HTMLUnknownElement.callTheUserObjectsOperation 
(node_modules/jsdom/lib/jsdom/living/generated/EventListener.js:26:30)
      at innerInvokeEventListeners 
(node_modules/jsdom/lib/jsdom/living/events/EventTarget-impl.js:350:25)
      at invokeEventListeners 
(node_modules/jsdom/lib/jsdom/living/events/EventTarget-impl.js:286:3)
      at HTMLUnknownElementImpl._dispatch 
(node_modules/jsdom/lib/jsdom/living/events/EventTarget-impl.js:233:9)
      at HTMLUnknownElementImpl.dispatchEvent 
(node_modules/jsdom/lib/jsdom/living/events/EventTarget-impl.js:104:17)
      at HTMLUnknownElement.dispatchEvent 
(node_modules/jsdom/lib/jsdom/living/generated/EventTarget.js:241:34)
      at Object.invokeGuardedCallbackDev 
(node_modules/react-dom/cjs/react-dom.development.js:4213:16)
      at invokeGuardedCallback 
(node_modules/react-dom/cjs/react-dom.development.js:4277:31)
      at invokeGuardedCallbackAndCatchFirstError 
(node_modules/react-dom/cjs/react-dom.development.js:4291:25)
      at executeDispatch 
(node_modules/react-dom/cjs/react-dom.development.js:9041:3)
      at processDispatchQueueItemsInOrder 
(node_modules/react-dom/cjs/react-dom.development.js:9073:7)
      at processDispatchQueue 
(node_modules/react-dom/cjs/react-dom.development.js:9086:5)
      at dispatchEventsForPlugins 
(node_modules/react-dom/cjs/react-dom.development.js:9097:3)
      at node_modules/react-dom/cjs/react-dom.development.js:9288:12
      at batchedUpdates$1 
(node_modules/react-dom/cjs/react-dom.development.js:26179:12)
      at batchedUpdates 
(node_modules/react-dom/cjs/react-dom.development.js:3991:12)
      at dispatchEventForPluginEventSystem 
(node_modules/react-dom/cjs/react-dom.development.js:9287:3)
      at dispatchEventWithEnableCapturePhaseSelectiveHydrationWithoutDiscreteEv
entReplay (node_modules/react-dom/cjs/react-dom.development.js:6465:5)
      at dispatchEvent 
(node_modules/react-dom/cjs/react-dom.development.js:6457:5)
      at dispatchDiscreteEvent 
(node_modules/react-dom/cjs/react-dom.development.js:6430:5)
      at HTMLDivElement.callTheUserObjectsOperation 
(node_modules/jsdom/lib/jsdom/living/generated/EventListener.js:26:30)
      at innerInvokeEventListeners 
(node_modules/jsdom/lib/jsdom/living/events/EventTarget-impl.js:350:25)
      at invokeEventListeners 
(node_modules/jsdom/lib/jsdom/living/events/EventTarget-impl.js:286:3)
      at HTMLInputElementImpl._dispatch 
(node_modules/jsdom/lib/jsdom/living/events/EventTarget-impl.js:233:9)
      at HTMLInputElementImpl.dispatchEvent 
(node_modules/jsdom/lib/jsdom/living/events/EventTarget-impl.js:104:17)
      at HTMLInputElement.dispatchEvent 
(node_modules/jsdom/lib/jsdom/living/generated/EventTarget.js:241:34)
      at 
node_modules/@testing-library/user-event/dist/cjs/event/dispatchEvent.js:45:43
      at Object.eventWrapper 
(node_modules/@testing-library/dom/dist/config.js:25:23)
      at Object.wrapEvent 
(node_modules/@testing-library/user-event/dist/cjs/event/wrapEvent.js:6:28)
      at Object.dispatchEvent (node_modules/@testing-library/user-event/dist/cj
s/event/dispatchEvent.js:45:22)
      at Object.dispatchUIEvent (node_modules/@testing-library/user-event/dist/
cjs/event/dispatchEvent.js:22:26)
      at commitInput 
(node_modules/@testing-library/user-event/dist/cjs/event/input.js:145:14)
      at editInputElement 
(node_modules/@testing-library/user-event/dist/cjs/event/input.js:115:9)
      at Object.input 
(node_modules/@testing-library/user-event/dist/cjs/event/input.js:37:9)
      at node_modules/@testing-library/user-event/dist/cjs/event/behavior/keypr
ess.js:31:26
      at Object.dispatchEvent (node_modules/@testing-library/user-event/dist/cj
s/event/dispatchEvent.js:41:13)
      at Object.dispatchUIEvent (node_modules/@testing-library/user-event/dist/
cjs/event/dispatchEvent.js:22:26)
      at KeyboardHost.keydown 
(node_modules/@testing-library/user-event/dist/cjs/system/keyboard.js:76:22)
      at keyboardAction 
(node_modules/@testing-library/user-event/dist/cjs/keyboard/index.js:22:35)
      at Object.keyboard 
(node_modules/@testing-library/user-event/dist/cjs/keyboard/index.js:11:15)
      at Object.type 
(node_modules/@testing-library/user-event/dist/cjs/utility/type.js:17:5)
      at Object.<anonymous> 
(src/binding-authorities/__tests__/binding-authorities.test.tsx:1954:9)

    console.error
      Warning: An update to BordereauConfigModal inside a test was not wrapped 
in act(...).
      
      When testing, code that causes React state updates should be wrapped 
into act(...):
      
      act(() => {
        /* fire events that update state */
      });
      /* assert on the output */
      
      This ensures that you're testing the behavior the user would see in the 
browser. Learn more at https://reactjs.org/link/wrap-tests-with-act
          at BordereauConfigModal (C:\Users\samhe\OneDrive\Desktop\Cleaned\fron
tend\src\binding-authorities\BordereauConfigModal\BordereauConfigModal.tsx:217:
5)

      372 |                                     type="text"
      373 |                                     value={name}
    > 374 |                                     onChange={e => 
setName(e.target.value)}
          |                                                    ^
      375 |                                     placeholder="e.g. Q1 2025 Risk 
Bordereau"
      376 |                                     className="border 
border-gray-300 rounded px-3 py-2 text-sm w-full"
      377 |                                     autoFocus

      at printWarning 
(node_modules/react-dom/cjs/react-dom.development.js:86:30)
      at error (node_modules/react-dom/cjs/react-dom.development.js:60:7)
      at warnIfUpdatesNotWrappedWithActDEV 
(node_modules/react-dom/cjs/react-dom.development.js:27628:9)
      at scheduleUpdateOnFiber 
(node_modules/react-dom/cjs/react-dom.development.js:25547:5)
      at dispatchSetState 
(node_modules/react-dom/cjs/react-dom.development.js:16708:7)
      at onChange 
(src/binding-authorities/BordereauConfigModal/BordereauConfigModal.tsx:374:52)
      at HTMLUnknownElement.callCallback 
(node_modules/react-dom/cjs/react-dom.development.js:4164:14)
      at HTMLUnknownElement.callTheUserObjectsOperation 
(node_modules/jsdom/lib/jsdom/living/generated/EventListener.js:26:30)
      at innerInvokeEventListeners 
(node_modules/jsdom/lib/jsdom/living/events/EventTarget-impl.js:350:25)
      at invokeEventListeners 
(node_modules/jsdom/lib/jsdom/living/events/EventTarget-impl.js:286:3)
      at HTMLUnknownElementImpl._dispatch 
(node_modules/jsdom/lib/jsdom/living/events/EventTarget-impl.js:233:9)
      at HTMLUnknownElementImpl.dispatchEvent 
(node_modules/jsdom/lib/jsdom/living/events/EventTarget-impl.js:104:17)
      at HTMLUnknownElement.dispatchEvent 
(node_modules/jsdom/lib/jsdom/living/generated/EventTarget.js:241:34)
      at Object.invokeGuardedCallbackDev 
(node_modules/react-dom/cjs/react-dom.development.js:4213:16)
      at invokeGuardedCallback 
(node_modules/react-dom/cjs/react-dom.development.js:4277:31)
      at invokeGuardedCallbackAndCatchFirstError 
(node_modules/react-dom/cjs/react-dom.development.js:4291:25)
      at executeDispatch 
(node_modules/react-dom/cjs/react-dom.development.js:9041:3)
      at processDispatchQueueItemsInOrder 
(node_modules/react-dom/cjs/react-dom.development.js:9073:7)
      at processDispatchQueue 
(node_modules/react-dom/cjs/react-dom.development.js:9086:5)
      at dispatchEventsForPlugins 
(node_modules/react-dom/cjs/react-dom.development.js:9097:3)
      at node_modules/react-dom/cjs/react-dom.development.js:9288:12
      at batchedUpdates$1 
(node_modules/react-dom/cjs/react-dom.development.js:26179:12)
      at batchedUpdates 
(node_modules/react-dom/cjs/react-dom.development.js:3991:12)
      at dispatchEventForPluginEventSystem 
(node_modules/react-dom/cjs/react-dom.development.js:9287:3)
      at dispatchEventWithEnableCapturePhaseSelectiveHydrationWithoutDiscreteEv
entReplay (node_modules/react-dom/cjs/react-dom.development.js:6465:5)
      at dispatchEvent 
(node_modules/react-dom/cjs/react-dom.development.js:6457:5)
      at dispatchDiscreteEvent 
(node_modules/react-dom/cjs/react-dom.development.js:6430:5)
      at HTMLDivElement.callTheUserObjectsOperation 
(node_modules/jsdom/lib/jsdom/living/generated/EventListener.js:26:30)
      at innerInvokeEventListeners 
(node_modules/jsdom/lib/jsdom/living/events/EventTarget-impl.js:350:25)
      at invokeEventListeners 
(node_modules/jsdom/lib/jsdom/living/events/EventTarget-impl.js:286:3)
      at HTMLInputElementImpl._dispatch 
(node_modules/jsdom/lib/jsdom/living/events/EventTarget-impl.js:233:9)
      at HTMLInputElementImpl.dispatchEvent 
(node_modules/jsdom/lib/jsdom/living/events/EventTarget-impl.js:104:17)
      at HTMLInputElement.dispatchEvent 
(node_modules/jsdom/lib/jsdom/living/generated/EventTarget.js:241:34)
      at 
node_modules/@testing-library/user-event/dist/cjs/event/dispatchEvent.js:45:43
      at Object.eventWrapper 
(node_modules/@testing-library/dom/dist/config.js:25:23)
      at Object.wrapEvent 
(node_modules/@testing-library/user-event/dist/cjs/event/wrapEvent.js:6:28)
      at Object.dispatchEvent (node_modules/@testing-library/user-event/dist/cj
s/event/dispatchEvent.js:45:22)
      at Object.dispatchUIEvent (node_modules/@testing-library/user-event/dist/
cjs/event/dispatchEvent.js:22:26)
      at commitInput 
(node_modules/@testing-library/user-event/dist/cjs/event/input.js:145:14)
      at editInputElement 
(node_modules/@testing-library/user-event/dist/cjs/event/input.js:115:9)
      at Object.input 
(node_modules/@testing-library/user-event/dist/cjs/event/input.js:37:9)
      at node_modules/@testing-library/user-event/dist/cjs/event/behavior/keypr
ess.js:31:26
      at Object.dispatchEvent (node_modules/@testing-library/user-event/dist/cj
s/event/dispatchEvent.js:41:13)
      at Object.dispatchUIEvent (node_modules/@testing-library/user-event/dist/
cjs/event/dispatchEvent.js:22:26)
      at KeyboardHost.keydown 
(node_modules/@testing-library/user-event/dist/cjs/system/keyboard.js:76:22)
      at keyboardAction 
(node_modules/@testing-library/user-event/dist/cjs/keyboard/index.js:22:35)
      at Object.keyboard 
(node_modules/@testing-library/user-event/dist/cjs/keyboard/index.js:11:15)
      at Object.type 
(node_modules/@testing-library/user-event/dist/cjs/utility/type.js:17:5)
      at Object.<anonymous> 
(src/binding-authorities/__tests__/binding-authorities.test.tsx:1954:9)

    console.error
      Warning: An update to BordereauConfigModal inside a test was not wrapped 
in act(...).
      
      When testing, code that causes React state updates should be wrapped 
into act(...):
      
      act(() => {
        /* fire events that update state */
      });
      /* assert on the output */
      
      This ensures that you're testing the behavior the user would see in the 
browser. Learn more at https://reactjs.org/link/wrap-tests-with-act
          at BordereauConfigModal (C:\Users\samhe\OneDrive\Desktop\Cleaned\fron
tend\src\binding-authorities\BordereauConfigModal\BordereauConfigModal.tsx:217:
5)

      372 |                                     type="text"
      373 |                                     value={name}
    > 374 |                                     onChange={e => 
setName(e.target.value)}
          |                                                    ^
      375 |                                     placeholder="e.g. Q1 2025 Risk 
Bordereau"
      376 |                                     className="border 
border-gray-300 rounded px-3 py-2 text-sm w-full"
      377 |                                     autoFocus

      at printWarning 
(node_modules/react-dom/cjs/react-dom.development.js:86:30)
      at error (node_modules/react-dom/cjs/react-dom.development.js:60:7)
      at warnIfUpdatesNotWrappedWithActDEV 
(node_modules/react-dom/cjs/react-dom.development.js:27628:9)
      at scheduleUpdateOnFiber 
(node_modules/react-dom/cjs/react-dom.development.js:25547:5)
      at dispatchSetState 
(node_modules/react-dom/cjs/react-dom.development.js:16708:7)
      at onChange 
(src/binding-authorities/BordereauConfigModal/BordereauConfigModal.tsx:374:52)
      at HTMLUnknownElement.callCallback 
(node_modules/react-dom/cjs/react-dom.development.js:4164:14)
      at HTMLUnknownElement.callTheUserObjectsOperation 
(node_modules/jsdom/lib/jsdom/living/generated/EventListener.js:26:30)
      at innerInvokeEventListeners 
(node_modules/jsdom/lib/jsdom/living/events/EventTarget-impl.js:350:25)
      at invokeEventListeners 
(node_modules/jsdom/lib/jsdom/living/events/EventTarget-impl.js:286:3)
      at HTMLUnknownElementImpl._dispatch 
(node_modules/jsdom/lib/jsdom/living/events/EventTarget-impl.js:233:9)
      at HTMLUnknownElementImpl.dispatchEvent 
(node_modules/jsdom/lib/jsdom/living/events/EventTarget-impl.js:104:17)
      at HTMLUnknownElement.dispatchEvent 
(node_modules/jsdom/lib/jsdom/living/generated/EventTarget.js:241:34)
      at Object.invokeGuardedCallbackDev 
(node_modules/react-dom/cjs/react-dom.development.js:4213:16)
      at invokeGuardedCallback 
(node_modules/react-dom/cjs/react-dom.development.js:4277:31)
      at invokeGuardedCallbackAndCatchFirstError 
(node_modules/react-dom/cjs/react-dom.development.js:4291:25)
      at executeDispatch 
(node_modules/react-dom/cjs/react-dom.development.js:9041:3)
      at processDispatchQueueItemsInOrder 
(node_modules/react-dom/cjs/react-dom.development.js:9073:7)
      at processDispatchQueue 
(node_modules/react-dom/cjs/react-dom.development.js:9086:5)
      at dispatchEventsForPlugins 
(node_modules/react-dom/cjs/react-dom.development.js:9097:3)
      at node_modules/react-dom/cjs/react-dom.development.js:9288:12
      at batchedUpdates$1 
(node_modules/react-dom/cjs/react-dom.development.js:26179:12)
      at batchedUpdates 
(node_modules/react-dom/cjs/react-dom.development.js:3991:12)
      at dispatchEventForPluginEventSystem 
(node_modules/react-dom/cjs/react-dom.development.js:9287:3)
      at dispatchEventWithEnableCapturePhaseSelectiveHydrationWithoutDiscreteEv
entReplay (node_modules/react-dom/cjs/react-dom.development.js:6465:5)
      at dispatchEvent 
(node_modules/react-dom/cjs/react-dom.development.js:6457:5)
      at dispatchDiscreteEvent 
(node_modules/react-dom/cjs/react-dom.development.js:6430:5)
      at HTMLDivElement.callTheUserObjectsOperation 
(node_modules/jsdom/lib/jsdom/living/generated/EventListener.js:26:30)
      at innerInvokeEventListeners 
(node_modules/jsdom/lib/jsdom/living/events/EventTarget-impl.js:350:25)
      at invokeEventListeners 
(node_modules/jsdom/lib/jsdom/living/events/EventTarget-impl.js:286:3)
      at HTMLInputElementImpl._dispatch 
(node_modules/jsdom/lib/jsdom/living/events/EventTarget-impl.js:233:9)
      at HTMLInputElementImpl.dispatchEvent 
(node_modules/jsdom/lib/jsdom/living/events/EventTarget-impl.js:104:17)
      at HTMLInputElement.dispatchEvent 
(node_modules/jsdom/lib/jsdom/living/generated/EventTarget.js:241:34)
      at 
node_modules/@testing-library/user-event/dist/cjs/event/dispatchEvent.js:45:43
      at Object.eventWrapper 
(node_modules/@testing-library/dom/dist/config.js:25:23)
      at Object.wrapEvent 
(node_modules/@testing-library/user-event/dist/cjs/event/wrapEvent.js:6:28)
      at Object.dispatchEvent (node_modules/@testing-library/user-event/dist/cj
s/event/dispatchEvent.js:45:22)
      at Object.dispatchUIEvent (node_modules/@testing-library/user-event/dist/
cjs/event/dispatchEvent.js:22:26)
      at commitInput 
(node_modules/@testing-library/user-event/dist/cjs/event/input.js:145:14)
      at editInputElement 
(node_modules/@testing-library/user-event/dist/cjs/event/input.js:115:9)
      at Object.input 
(node_modules/@testing-library/user-event/dist/cjs/event/input.js:37:9)
      at node_modules/@testing-library/user-event/dist/cjs/event/behavior/keypr
ess.js:31:26
      at Object.dispatchEvent (node_modules/@testing-library/user-event/dist/cj
s/event/dispatchEvent.js:41:13)
      at Object.dispatchUIEvent (node_modules/@testing-library/user-event/dist/
cjs/event/dispatchEvent.js:22:26)
      at KeyboardHost.keydown 
(node_modules/@testing-library/user-event/dist/cjs/system/keyboard.js:76:22)
      at keyboardAction 
(node_modules/@testing-library/user-event/dist/cjs/keyboard/index.js:22:35)
      at Object.keyboard 
(node_modules/@testing-library/user-event/dist/cjs/keyboard/index.js:11:15)
      at Object.type 
(node_modules/@testing-library/user-event/dist/cjs/utility/type.js:17:5)
      at Object.<anonymous> 
(src/binding-authorities/__tests__/binding-authorities.test.tsx:1954:9)

    console.error
      Warning: An update to BordereauConfigModal inside a test was not wrapped 
in act(...).
      
      When testing, code that causes React state updates should be wrapped 
into act(...):
      
      act(() => {
        /* fire events that update state */
      });
      /* assert on the output */
      
      This ensures that you're testing the behavior the user would see in the 
browser. Learn more at https://reactjs.org/link/wrap-tests-with-act
          at BordereauConfigModal (C:\Users\samhe\OneDrive\Desktop\Cleaned\fron
tend\src\binding-authorities\BordereauConfigModal\BordereauConfigModal.tsx:217:
5)

      372 |                                     type="text"
      373 |                                     value={name}
    > 374 |                                     onChange={e => 
setName(e.target.value)}
          |                                                    ^
      375 |                                     placeholder="e.g. Q1 2025 Risk 
Bordereau"
      376 |                                     className="border 
border-gray-300 rounded px-3 py-2 text-sm w-full"
      377 |                                     autoFocus

      at printWarning 
(node_modules/react-dom/cjs/react-dom.development.js:86:30)
      at error (node_modules/react-dom/cjs/react-dom.development.js:60:7)
      at warnIfUpdatesNotWrappedWithActDEV 
(node_modules/react-dom/cjs/react-dom.development.js:27628:9)
      at scheduleUpdateOnFiber 
(node_modules/react-dom/cjs/react-dom.development.js:25547:5)
      at dispatchSetState 
(node_modules/react-dom/cjs/react-dom.development.js:16708:7)
      at onChange 
(src/binding-authorities/BordereauConfigModal/BordereauConfigModal.tsx:374:52)
      at HTMLUnknownElement.callCallback 
(node_modules/react-dom/cjs/react-dom.development.js:4164:14)
      at HTMLUnknownElement.callTheUserObjectsOperation 
(node_modules/jsdom/lib/jsdom/living/generated/EventListener.js:26:30)
      at innerInvokeEventListeners 
(node_modules/jsdom/lib/jsdom/living/events/EventTarget-impl.js:350:25)
      at invokeEventListeners 
(node_modules/jsdom/lib/jsdom/living/events/EventTarget-impl.js:286:3)
      at HTMLUnknownElementImpl._dispatch 
(node_modules/jsdom/lib/jsdom/living/events/EventTarget-impl.js:233:9)
      at HTMLUnknownElementImpl.dispatchEvent 
(node_modules/jsdom/lib/jsdom/living/events/EventTarget-impl.js:104:17)
      at HTMLUnknownElement.dispatchEvent 
(node_modules/jsdom/lib/jsdom/living/generated/EventTarget.js:241:34)
      at Object.invokeGuardedCallbackDev 
(node_modules/react-dom/cjs/react-dom.development.js:4213:16)
      at invokeGuardedCallback 
(node_modules/react-dom/cjs/react-dom.development.js:4277:31)
      at invokeGuardedCallbackAndCatchFirstError 
(node_modules/react-dom/cjs/react-dom.development.js:4291:25)
      at executeDispatch 
(node_modules/react-dom/cjs/react-dom.development.js:9041:3)
      at processDispatchQueueItemsInOrder 
(node_modules/react-dom/cjs/react-dom.development.js:9073:7)
      at processDispatchQueue 
(node_modules/react-dom/cjs/react-dom.development.js:9086:5)
      at dispatchEventsForPlugins 
(node_modules/react-dom/cjs/react-dom.development.js:9097:3)
      at node_modules/react-dom/cjs/react-dom.development.js:9288:12
      at batchedUpdates$1 
(node_modules/react-dom/cjs/react-dom.development.js:26179:12)
      at batchedUpdates 
(node_modules/react-dom/cjs/react-dom.development.js:3991:12)
      at dispatchEventForPluginEventSystem 
(node_modules/react-dom/cjs/react-dom.development.js:9287:3)
      at dispatchEventWithEnableCapturePhaseSelectiveHydrationWithoutDiscreteEv
entReplay (node_modules/react-dom/cjs/react-dom.development.js:6465:5)
      at dispatchEvent 
(node_modules/react-dom/cjs/react-dom.development.js:6457:5)
      at dispatchDiscreteEvent 
(node_modules/react-dom/cjs/react-dom.development.js:6430:5)
      at HTMLDivElement.callTheUserObjectsOperation 
(node_modules/jsdom/lib/jsdom/living/generated/EventListener.js:26:30)
      at innerInvokeEventListeners 
(node_modules/jsdom/lib/jsdom/living/events/EventTarget-impl.js:350:25)
      at invokeEventListeners 
(node_modules/jsdom/lib/jsdom/living/events/EventTarget-impl.js:286:3)
      at HTMLInputElementImpl._dispatch 
(node_modules/jsdom/lib/jsdom/living/events/EventTarget-impl.js:233:9)
      at HTMLInputElementImpl.dispatchEvent 
(node_modules/jsdom/lib/jsdom/living/events/EventTarget-impl.js:104:17)
      at HTMLInputElement.dispatchEvent 
(node_modules/jsdom/lib/jsdom/living/generated/EventTarget.js:241:34)
      at 
node_modules/@testing-library/user-event/dist/cjs/event/dispatchEvent.js:45:43
      at Object.eventWrapper 
(node_modules/@testing-library/dom/dist/config.js:25:23)
      at Object.wrapEvent 
(node_modules/@testing-library/user-event/dist/cjs/event/wrapEvent.js:6:28)
      at Object.dispatchEvent (node_modules/@testing-library/user-event/dist/cj
s/event/dispatchEvent.js:45:22)
      at Object.dispatchUIEvent (node_modules/@testing-library/user-event/dist/
cjs/event/dispatchEvent.js:22:26)
      at commitInput 
(node_modules/@testing-library/user-event/dist/cjs/event/input.js:145:14)
      at editInputElement 
(node_modules/@testing-library/user-event/dist/cjs/event/input.js:115:9)
      at Object.input 
(node_modules/@testing-library/user-event/dist/cjs/event/input.js:37:9)
      at node_modules/@testing-library/user-event/dist/cjs/event/behavior/keypr
ess.js:31:26
      at Object.dispatchEvent (node_modules/@testing-library/user-event/dist/cj
s/event/dispatchEvent.js:41:13)
      at Object.dispatchUIEvent (node_modules/@testing-library/user-event/dist/
cjs/event/dispatchEvent.js:22:26)
      at KeyboardHost.keydown 
(node_modules/@testing-library/user-event/dist/cjs/system/keyboard.js:76:22)
      at keyboardAction 
(node_modules/@testing-library/user-event/dist/cjs/keyboard/index.js:22:35)
      at Object.keyboard 
(node_modules/@testing-library/user-event/dist/cjs/keyboard/index.js:11:15)
      at Object.type 
(node_modules/@testing-library/user-event/dist/cjs/utility/type.js:17:5)
      at Object.<anonymous> 
(src/binding-authorities/__tests__/binding-authorities.test.tsx:1954:9)

    console.error
      Warning: An update to BordereauConfigModal inside a test was not wrapped 
in act(...).
      
      When testing, code that causes React state updates should be wrapped 
into act(...):
      
      act(() => {
        /* fire events that update state */
      });
      /* assert on the output */
      
      This ensures that you're testing the behavior the user would see in the 
browser. Learn more at https://reactjs.org/link/wrap-tests-with-act
          at BordereauConfigModal (C:\Users\samhe\OneDrive\Desktop\Cleaned\fron
tend\src\binding-authorities\BordereauConfigModal\BordereauConfigModal.tsx:217:
5)

      616 |                             className="btn btn-primary"
      617 |                             disabled={step === 'setup' && 
name.trim() === ''}
    > 618 |                             onClick={() => setStep(STEPS[stepIndex 
+ 1].key)}
          |                                            ^
      619 |                         >
      620 |                             Next
      621 |                         </button>

      at printWarning 
(node_modules/react-dom/cjs/react-dom.development.js:86:30)
      at error (node_modules/react-dom/cjs/react-dom.development.js:60:7)
      at warnIfUpdatesNotWrappedWithActDEV 
(node_modules/react-dom/cjs/react-dom.development.js:27628:9)
      at scheduleUpdateOnFiber 
(node_modules/react-dom/cjs/react-dom.development.js:25547:5)
      at dispatchSetState 
(node_modules/react-dom/cjs/react-dom.development.js:16708:7)
      at onClick 
(src/binding-authorities/BordereauConfigModal/BordereauConfigModal.tsx:618:44)
      at HTMLUnknownElement.callCallback 
(node_modules/react-dom/cjs/react-dom.development.js:4164:14)
      at HTMLUnknownElement.callTheUserObjectsOperation 
(node_modules/jsdom/lib/jsdom/living/generated/EventListener.js:26:30)
      at innerInvokeEventListeners 
(node_modules/jsdom/lib/jsdom/living/events/EventTarget-impl.js:350:25)
      at invokeEventListeners 
(node_modules/jsdom/lib/jsdom/living/events/EventTarget-impl.js:286:3)
      at HTMLUnknownElementImpl._dispatch 
(node_modules/jsdom/lib/jsdom/living/events/EventTarget-impl.js:233:9)
      at HTMLUnknownElementImpl.dispatchEvent 
(node_modules/jsdom/lib/jsdom/living/events/EventTarget-impl.js:104:17)
      at HTMLUnknownElement.dispatchEvent 
(node_modules/jsdom/lib/jsdom/living/generated/EventTarget.js:241:34)
      at Object.invokeGuardedCallbackDev 
(node_modules/react-dom/cjs/react-dom.development.js:4213:16)
      at invokeGuardedCallback 
(node_modules/react-dom/cjs/react-dom.development.js:4277:31)
      at invokeGuardedCallbackAndCatchFirstError 
(node_modules/react-dom/cjs/react-dom.development.js:4291:25)
      at executeDispatch 
(node_modules/react-dom/cjs/react-dom.development.js:9041:3)
      at processDispatchQueueItemsInOrder 
(node_modules/react-dom/cjs/react-dom.development.js:9073:7)
      at processDispatchQueue 
(node_modules/react-dom/cjs/react-dom.development.js:9086:5)
      at dispatchEventsForPlugins 
(node_modules/react-dom/cjs/react-dom.development.js:9097:3)
      at node_modules/react-dom/cjs/react-dom.development.js:9288:12
      at batchedUpdates$1 
(node_modules/react-dom/cjs/react-dom.development.js:26179:12)
      at batchedUpdates 
(node_modules/react-dom/cjs/react-dom.development.js:3991:12)
      at dispatchEventForPluginEventSystem 
(node_modules/react-dom/cjs/react-dom.development.js:9287:3)
      at dispatchEventWithEnableCapturePhaseSelectiveHydrationWithoutDiscreteEv
entReplay (node_modules/react-dom/cjs/react-dom.development.js:6465:5)
      at dispatchEvent 
(node_modules/react-dom/cjs/react-dom.development.js:6457:5)
      at dispatchDiscreteEvent 
(node_modules/react-dom/cjs/react-dom.development.js:6430:5)
      at HTMLDivElement.callTheUserObjectsOperation 
(node_modules/jsdom/lib/jsdom/living/generated/EventListener.js:26:30)
      at innerInvokeEventListeners 
(node_modules/jsdom/lib/jsdom/living/events/EventTarget-impl.js:350:25)
      at invokeEventListeners 
(node_modules/jsdom/lib/jsdom/living/events/EventTarget-impl.js:286:3)
      at HTMLButtonElementImpl._dispatch 
(node_modules/jsdom/lib/jsdom/living/events/EventTarget-impl.js:233:9)
      at HTMLButtonElementImpl.dispatchEvent 
(node_modules/jsdom/lib/jsdom/living/events/EventTarget-impl.js:104:17)
      at HTMLButtonElement.dispatchEvent 
(node_modules/jsdom/lib/jsdom/living/generated/EventTarget.js:241:34)
      at 
node_modules/@testing-library/user-event/dist/cjs/event/dispatchEvent.js:45:43
      at Object.eventWrapper 
(node_modules/@testing-library/dom/dist/config.js:25:23)
      at Object.wrapEvent 
(node_modules/@testing-library/user-event/dist/cjs/event/wrapEvent.js:6:28)
      at Object.dispatchEvent (node_modules/@testing-library/user-event/dist/cj
s/event/dispatchEvent.js:45:22)
      at Object.dispatchUIEvent (node_modules/@testing-library/user-event/dist/
cjs/event/dispatchEvent.js:22:26)
      at Mouse.up (node_modules/@testing-library/user-event/dist/cjs/system/poi
nter/mouse.js:100:30)
      at PointerHost.release (node_modules/@testing-library/user-event/dist/cjs
/system/pointer/index.js:87:24)
      at pointerAction 
(node_modules/@testing-library/user-event/dist/cjs/pointer/index.js:54:47)
      at Object.pointer 
(node_modules/@testing-library/user-event/dist/cjs/pointer/index.js:27:9)
      at Object.<anonymous> 
(src/binding-authorities/__tests__/binding-authorities.test.tsx:1955:9)

    console.error
      Warning: An update to BordereauConfigModal inside a test was not wrapped 
in act(...).
      
      When testing, code that causes React state updates should be wrapped 
into act(...):
      
      act(() => {
        /* fire events that update state */
      });
      /* assert on the output */
      
      This ensures that you're testing the behavior the user would see in the 
browser. Learn more at https://reactjs.org/link/wrap-tests-with-act
          at BordereauConfigModal (C:\Users\samhe\OneDrive\Desktop\Cleaned\fron
tend\src\binding-authorities\BordereauConfigModal\BordereauConfigModal.tsx:217:
5)

      278 |     const removeField = (key: string) => {
      279 |         if (mandatory.has(key)) return
    > 280 |         setFieldOrder(prev => prev.filter(k => k !== key))
          |         ^
      281 |     }
      282 |
      283 |     const moveUp = (i: number) => {

      at printWarning 
(node_modules/react-dom/cjs/react-dom.development.js:86:30)
      at error (node_modules/react-dom/cjs/react-dom.development.js:60:7)
      at warnIfUpdatesNotWrappedWithActDEV 
(node_modules/react-dom/cjs/react-dom.development.js:27628:9)
      at scheduleUpdateOnFiber 
(node_modules/react-dom/cjs/react-dom.development.js:25547:5)
      at dispatchSetState 
(node_modules/react-dom/cjs/react-dom.development.js:16708:7)
      at removeField 
(src/binding-authorities/BordereauConfigModal/BordereauConfigModal.tsx:280:9)
      at onClick 
(src/binding-authorities/BordereauConfigModal/BordereauConfigModal.tsx:544:76)
      at HTMLUnknownElement.callCallback 
(node_modules/react-dom/cjs/react-dom.development.js:4164:14)
      at HTMLUnknownElement.callTheUserObjectsOperation 
(node_modules/jsdom/lib/jsdom/living/generated/EventListener.js:26:30)
      at innerInvokeEventListeners 
(node_modules/jsdom/lib/jsdom/living/events/EventTarget-impl.js:350:25)
      at invokeEventListeners 
(node_modules/jsdom/lib/jsdom/living/events/EventTarget-impl.js:286:3)
      at HTMLUnknownElementImpl._dispatch 
(node_modules/jsdom/lib/jsdom/living/events/EventTarget-impl.js:233:9)
      at HTMLUnknownElementImpl.dispatchEvent 
(node_modules/jsdom/lib/jsdom/living/events/EventTarget-impl.js:104:17)
      at HTMLUnknownElement.dispatchEvent 
(node_modules/jsdom/lib/jsdom/living/generated/EventTarget.js:241:34)
      at Object.invokeGuardedCallbackDev 
(node_modules/react-dom/cjs/react-dom.development.js:4213:16)
      at invokeGuardedCallback 
(node_modules/react-dom/cjs/react-dom.development.js:4277:31)
      at invokeGuardedCallbackAndCatchFirstError 
(node_modules/react-dom/cjs/react-dom.development.js:4291:25)
      at executeDispatch 
(node_modules/react-dom/cjs/react-dom.development.js:9041:3)
      at processDispatchQueueItemsInOrder 
(node_modules/react-dom/cjs/react-dom.development.js:9073:7)
      at processDispatchQueue 
(node_modules/react-dom/cjs/react-dom.development.js:9086:5)
      at dispatchEventsForPlugins 
(node_modules/react-dom/cjs/react-dom.development.js:9097:3)
      at node_modules/react-dom/cjs/react-dom.development.js:9288:12
      at batchedUpdates$1 
(node_modules/react-dom/cjs/react-dom.development.js:26179:12)
      at batchedUpdates 
(node_modules/react-dom/cjs/react-dom.development.js:3991:12)
      at dispatchEventForPluginEventSystem 
(node_modules/react-dom/cjs/react-dom.development.js:9287:3)
      at dispatchEventWithEnableCapturePhaseSelectiveHydrationWithoutDiscreteEv
entReplay (node_modules/react-dom/cjs/react-dom.development.js:6465:5)
      at dispatchEvent 
(node_modules/react-dom/cjs/react-dom.development.js:6457:5)
      at dispatchDiscreteEvent 
(node_modules/react-dom/cjs/react-dom.development.js:6430:5)
      at HTMLDivElement.callTheUserObjectsOperation 
(node_modules/jsdom/lib/jsdom/living/generated/EventListener.js:26:30)
      at innerInvokeEventListeners 
(node_modules/jsdom/lib/jsdom/living/events/EventTarget-impl.js:350:25)
      at invokeEventListeners 
(node_modules/jsdom/lib/jsdom/living/events/EventTarget-impl.js:286:3)
      at HTMLButtonElementImpl._dispatch 
(node_modules/jsdom/lib/jsdom/living/events/EventTarget-impl.js:233:9)
      at HTMLButtonElementImpl.dispatchEvent 
(node_modules/jsdom/lib/jsdom/living/events/EventTarget-impl.js:104:17)
      at HTMLButtonElement.dispatchEvent 
(node_modules/jsdom/lib/jsdom/living/generated/EventTarget.js:241:34)
      at 
node_modules/@testing-library/user-event/dist/cjs/event/dispatchEvent.js:45:43
      at Object.eventWrapper 
(node_modules/@testing-library/dom/dist/config.js:25:23)
      at Object.wrapEvent 
(node_modules/@testing-library/user-event/dist/cjs/event/wrapEvent.js:6:28)
      at Object.dispatchEvent (node_modules/@testing-library/user-event/dist/cj
s/event/dispatchEvent.js:45:22)
      at Object.dispatchUIEvent (node_modules/@testing-library/user-event/dist/
cjs/event/dispatchEvent.js:22:26)
      at Mouse.up (node_modules/@testing-library/user-event/dist/cjs/system/poi
nter/mouse.js:100:30)
      at PointerHost.release (node_modules/@testing-library/user-event/dist/cjs
/system/pointer/index.js:87:24)
      at pointerAction 
(node_modules/@testing-library/user-event/dist/cjs/pointer/index.js:54:47)
      at Object.pointer 
(node_modules/@testing-library/user-event/dist/cjs/pointer/index.js:27:9)
      at Object.<anonymous> 
(src/binding-authorities/__tests__/binding-authorities.test.tsx:1957:9)

    console.error
      Warning: An update to BordereauConfigModal inside a test was not wrapped 
in act(...).
      
      When testing, code that causes React state updates should be wrapped 
into act(...):
      
      act(() => {
        /* fire events that update state */
      });
      /* assert on the output */
      
      This ensures that you're testing the behavior the user would see in the 
browser. Learn more at https://reactjs.org/link/wrap-tests-with-act
          at BordereauConfigModal (C:\Users\samhe\OneDrive\Desktop\Cleaned\fron
tend\src\binding-authorities\BordereauConfigModal\BordereauConfigModal.tsx:217:
5)

      273 |
      274 |     const addField = (key: string) => {
    > 275 |         setFieldOrder(prev => [...prev, key])
          |         ^
      276 |     }
      277 |
      278 |     const removeField = (key: string) => {

      at printWarning 
(node_modules/react-dom/cjs/react-dom.development.js:86:30)
      at error (node_modules/react-dom/cjs/react-dom.development.js:60:7)
      at warnIfUpdatesNotWrappedWithActDEV 
(node_modules/react-dom/cjs/react-dom.development.js:27628:9)
      at scheduleUpdateOnFiber 
(node_modules/react-dom/cjs/react-dom.development.js:25547:5)
      at dispatchSetState 
(node_modules/react-dom/cjs/react-dom.development.js:16708:7)
      at addField 
(src/binding-authorities/BordereauConfigModal/BordereauConfigModal.tsx:275:9)
      at onClick 
(src/binding-authorities/BordereauConfigModal/BordereauConfigModal.tsx:480:72)
      at HTMLUnknownElement.callCallback 
(node_modules/react-dom/cjs/react-dom.development.js:4164:14)
      at HTMLUnknownElement.callTheUserObjectsOperation 
(node_modules/jsdom/lib/jsdom/living/generated/EventListener.js:26:30)
      at innerInvokeEventListeners 
(node_modules/jsdom/lib/jsdom/living/events/EventTarget-impl.js:350:25)
      at invokeEventListeners 
(node_modules/jsdom/lib/jsdom/living/events/EventTarget-impl.js:286:3)
      at HTMLUnknownElementImpl._dispatch 
(node_modules/jsdom/lib/jsdom/living/events/EventTarget-impl.js:233:9)
      at HTMLUnknownElementImpl.dispatchEvent 
(node_modules/jsdom/lib/jsdom/living/events/EventTarget-impl.js:104:17)
      at HTMLUnknownElement.dispatchEvent 
(node_modules/jsdom/lib/jsdom/living/generated/EventTarget.js:241:34)
      at Object.invokeGuardedCallbackDev 
(node_modules/react-dom/cjs/react-dom.development.js:4213:16)
      at invokeGuardedCallback 
(node_modules/react-dom/cjs/react-dom.development.js:4277:31)
      at invokeGuardedCallbackAndCatchFirstError 
(node_modules/react-dom/cjs/react-dom.development.js:4291:25)
      at executeDispatch 
(node_modules/react-dom/cjs/react-dom.development.js:9041:3)
      at processDispatchQueueItemsInOrder 
(node_modules/react-dom/cjs/react-dom.development.js:9073:7)
      at processDispatchQueue 
(node_modules/react-dom/cjs/react-dom.development.js:9086:5)
      at dispatchEventsForPlugins 
(node_modules/react-dom/cjs/react-dom.development.js:9097:3)
      at node_modules/react-dom/cjs/react-dom.development.js:9288:12
      at batchedUpdates$1 
(node_modules/react-dom/cjs/react-dom.development.js:26179:12)
      at batchedUpdates 
(node_modules/react-dom/cjs/react-dom.development.js:3991:12)
      at dispatchEventForPluginEventSystem 
(node_modules/react-dom/cjs/react-dom.development.js:9287:3)
      at dispatchEventWithEnableCapturePhaseSelectiveHydrationWithoutDiscreteEv
entReplay (node_modules/react-dom/cjs/react-dom.development.js:6465:5)
      at dispatchEvent 
(node_modules/react-dom/cjs/react-dom.development.js:6457:5)
      at dispatchDiscreteEvent 
(node_modules/react-dom/cjs/react-dom.development.js:6430:5)
      at HTMLDivElement.callTheUserObjectsOperation 
(node_modules/jsdom/lib/jsdom/living/generated/EventListener.js:26:30)
      at innerInvokeEventListeners 
(node_modules/jsdom/lib/jsdom/living/events/EventTarget-impl.js:350:25)
      at invokeEventListeners 
(node_modules/jsdom/lib/jsdom/living/events/EventTarget-impl.js:286:3)
      at HTMLButtonElementImpl._dispatch 
(node_modules/jsdom/lib/jsdom/living/events/EventTarget-impl.js:233:9)
      at HTMLButtonElementImpl.dispatchEvent 
(node_modules/jsdom/lib/jsdom/living/events/EventTarget-impl.js:104:17)
      at HTMLButtonElement.dispatchEvent 
(node_modules/jsdom/lib/jsdom/living/generated/EventTarget.js:241:34)
      at 
node_modules/@testing-library/user-event/dist/cjs/event/dispatchEvent.js:45:43
      at Object.eventWrapper 
(node_modules/@testing-library/dom/dist/config.js:25:23)
      at Object.wrapEvent 
(node_modules/@testing-library/user-event/dist/cjs/event/wrapEvent.js:6:28)
      at Object.dispatchEvent (node_modules/@testing-library/user-event/dist/cj
s/event/dispatchEvent.js:45:22)
      at Object.dispatchUIEvent (node_modules/@testing-library/user-event/dist/
cjs/event/dispatchEvent.js:22:26)
      at Mouse.up (node_modules/@testing-library/user-event/dist/cjs/system/poi
nter/mouse.js:100:30)
      at PointerHost.release (node_modules/@testing-library/user-event/dist/cjs
/system/pointer/index.js:87:24)
      at pointerAction 
(node_modules/@testing-library/user-event/dist/cjs/pointer/index.js:54:47)
      at Object.pointer 
(node_modules/@testing-library/user-event/dist/cjs/pointer/index.js:27:9)
      at Object.<anonymous> 
(src/binding-authorities/__tests__/binding-authorities.test.tsx:1960:9)

    console.error
      Warning: An update to BordereauConfigModal inside a test was not wrapped 
in act(...).
      
      When testing, code that causes React state updates should be wrapped 
into act(...):
      
      act(() => {
        /* fire events that update state */
      });
      /* assert on the output */
      
      This ensures that you're testing the behavior the user would see in the 
browser. Learn more at https://reactjs.org/link/wrap-tests-with-act
          at BordereauConfigModal (C:\Users\samhe\OneDrive\Desktop\Cleaned\fron
tend\src\binding-authorities\BordereauConfigModal\BordereauConfigModal.tsx:217:
5)

      372 |                                     type="text"
      373 |                                     value={name}
    > 374 |                                     onChange={e => 
setName(e.target.value)}
          |                                                    ^
      375 |                                     placeholder="e.g. Q1 2025 Risk 
Bordereau"
      376 |                                     className="border 
border-gray-300 rounded px-3 py-2 text-sm w-full"
      377 |                                     autoFocus

      at printWarning 
(node_modules/react-dom/cjs/react-dom.development.js:86:30)
      at error (node_modules/react-dom/cjs/react-dom.development.js:60:7)
      at warnIfUpdatesNotWrappedWithActDEV 
(node_modules/react-dom/cjs/react-dom.development.js:27628:9)
      at scheduleUpdateOnFiber 
(node_modules/react-dom/cjs/react-dom.development.js:25547:5)
      at dispatchSetState 
(node_modules/react-dom/cjs/react-dom.development.js:16708:7)
      at onChange 
(src/binding-authorities/BordereauConfigModal/BordereauConfigModal.tsx:374:52)
      at HTMLUnknownElement.callCallback 
(node_modules/react-dom/cjs/react-dom.development.js:4164:14)
      at HTMLUnknownElement.callTheUserObjectsOperation 
(node_modules/jsdom/lib/jsdom/living/generated/EventListener.js:26:30)
      at innerInvokeEventListeners 
(node_modules/jsdom/lib/jsdom/living/events/EventTarget-impl.js:350:25)
      at invokeEventListeners 
(node_modules/jsdom/lib/jsdom/living/events/EventTarget-impl.js:286:3)
      at HTMLUnknownElementImpl._dispatch 
(node_modules/jsdom/lib/jsdom/living/events/EventTarget-impl.js:233:9)
      at HTMLUnknownElementImpl.dispatchEvent 
(node_modules/jsdom/lib/jsdom/living/events/EventTarget-impl.js:104:17)
      at HTMLUnknownElement.dispatchEvent 
(node_modules/jsdom/lib/jsdom/living/generated/EventTarget.js:241:34)
      at Object.invokeGuardedCallbackDev 
(node_modules/react-dom/cjs/react-dom.development.js:4213:16)
      at invokeGuardedCallback 
(node_modules/react-dom/cjs/react-dom.development.js:4277:31)
      at invokeGuardedCallbackAndCatchFirstError 
(node_modules/react-dom/cjs/react-dom.development.js:4291:25)
      at executeDispatch 
(node_modules/react-dom/cjs/react-dom.development.js:9041:3)
      at processDispatchQueueItemsInOrder 
(node_modules/react-dom/cjs/react-dom.development.js:9073:7)
      at processDispatchQueue 
(node_modules/react-dom/cjs/react-dom.development.js:9086:5)
      at dispatchEventsForPlugins 
(node_modules/react-dom/cjs/react-dom.development.js:9097:3)
      at node_modules/react-dom/cjs/react-dom.development.js:9288:12
      at batchedUpdates$1 
(node_modules/react-dom/cjs/react-dom.development.js:26179:12)
      at batchedUpdates 
(node_modules/react-dom/cjs/react-dom.development.js:3991:12)
      at dispatchEventForPluginEventSystem 
(node_modules/react-dom/cjs/react-dom.development.js:9287:3)
      at dispatchEventWithEnableCapturePhaseSelectiveHydrationWithoutDiscreteEv
entReplay (node_modules/react-dom/cjs/react-dom.development.js:6465:5)
      at dispatchEvent 
(node_modules/react-dom/cjs/react-dom.development.js:6457:5)
      at dispatchDiscreteEvent 
(node_modules/react-dom/cjs/react-dom.development.js:6430:5)
      at HTMLDivElement.callTheUserObjectsOperation 
(node_modules/jsdom/lib/jsdom/living/generated/EventListener.js:26:30)
      at innerInvokeEventListeners 
(node_modules/jsdom/lib/jsdom/living/events/EventTarget-impl.js:350:25)
      at invokeEventListeners 
(node_modules/jsdom/lib/jsdom/living/events/EventTarget-impl.js:286:3)
      at HTMLInputElementImpl._dispatch 
(node_modules/jsdom/lib/jsdom/living/events/EventTarget-impl.js:233:9)
      at HTMLInputElementImpl.dispatchEvent 
(node_modules/jsdom/lib/jsdom/living/events/EventTarget-impl.js:104:17)
      at HTMLInputElement.dispatchEvent 
(node_modules/jsdom/lib/jsdom/living/generated/EventTarget.js:241:34)
      at 
node_modules/@testing-library/user-event/dist/cjs/event/dispatchEvent.js:45:43
      at Object.eventWrapper 
(node_modules/@testing-library/dom/dist/config.js:25:23)
      at Object.wrapEvent 
(node_modules/@testing-library/user-event/dist/cjs/event/wrapEvent.js:6:28)
      at Object.dispatchEvent (node_modules/@testing-library/user-event/dist/cj
s/event/dispatchEvent.js:45:22)
      at Object.dispatchUIEvent (node_modules/@testing-library/user-event/dist/
cjs/event/dispatchEvent.js:22:26)
      at commitInput 
(node_modules/@testing-library/user-event/dist/cjs/event/input.js:145:14)
      at editInputElement 
(node_modules/@testing-library/user-event/dist/cjs/event/input.js:115:9)
      at Object.input 
(node_modules/@testing-library/user-event/dist/cjs/event/input.js:37:9)
      at node_modules/@testing-library/user-event/dist/cjs/event/behavior/keypr
ess.js:31:26
      at Object.dispatchEvent (node_modules/@testing-library/user-event/dist/cj
s/event/dispatchEvent.js:41:13)
      at Object.dispatchUIEvent (node_modules/@testing-library/user-event/dist/
cjs/event/dispatchEvent.js:22:26)
      at KeyboardHost.keydown 
(node_modules/@testing-library/user-event/dist/cjs/system/keyboard.js:76:22)
      at keyboardAction 
(node_modules/@testing-library/user-event/dist/cjs/keyboard/index.js:22:35)
      at Object.keyboard 
(node_modules/@testing-library/user-event/dist/cjs/keyboard/index.js:11:15)
      at Object.type 
(node_modules/@testing-library/user-event/dist/cjs/utility/type.js:17:5)
      at goToStep2 
(src/binding-authorities/__tests__/binding-authorities.test.tsx:1891:9)
      at Object.<anonymous> 
(src/binding-authorities/__tests__/binding-authorities.test.tsx:1966:9)

    console.error
      Warning: An update to BordereauConfigModal inside a test was not wrapped 
in act(...).
      
      When testing, code that causes React state updates should be wrapped 
into act(...):
      
      act(() => {
        /* fire events that update state */
      });
      /* assert on the output */
      
      This ensures that you're testing the behavior the user would see in the 
browser. Learn more at https://reactjs.org/link/wrap-tests-with-act
          at BordereauConfigModal (C:\Users\samhe\OneDrive\Desktop\Cleaned\fron
tend\src\binding-authorities\BordereauConfigModal\BordereauConfigModal.tsx:217:
5)

      372 |                                     type="text"
      373 |                                     value={name}
    > 374 |                                     onChange={e => 
setName(e.target.value)}
          |                                                    ^
      375 |                                     placeholder="e.g. Q1 2025 Risk 
Bordereau"
      376 |                                     className="border 
border-gray-300 rounded px-3 py-2 text-sm w-full"
      377 |                                     autoFocus

      at printWarning 
(node_modules/react-dom/cjs/react-dom.development.js:86:30)
      at error (node_modules/react-dom/cjs/react-dom.development.js:60:7)
      at warnIfUpdatesNotWrappedWithActDEV 
(node_modules/react-dom/cjs/react-dom.development.js:27628:9)
      at scheduleUpdateOnFiber 
(node_modules/react-dom/cjs/react-dom.development.js:25547:5)
      at dispatchSetState 
(node_modules/react-dom/cjs/react-dom.development.js:16708:7)
      at onChange 
(src/binding-authorities/BordereauConfigModal/BordereauConfigModal.tsx:374:52)
      at HTMLUnknownElement.callCallback 
(node_modules/react-dom/cjs/react-dom.development.js:4164:14)
      at HTMLUnknownElement.callTheUserObjectsOperation 
(node_modules/jsdom/lib/jsdom/living/generated/EventListener.js:26:30)
      at innerInvokeEventListeners 
(node_modules/jsdom/lib/jsdom/living/events/EventTarget-impl.js:350:25)
      at invokeEventListeners 
(node_modules/jsdom/lib/jsdom/living/events/EventTarget-impl.js:286:3)
      at HTMLUnknownElementImpl._dispatch 
(node_modules/jsdom/lib/jsdom/living/events/EventTarget-impl.js:233:9)
      at HTMLUnknownElementImpl.dispatchEvent 
(node_modules/jsdom/lib/jsdom/living/events/EventTarget-impl.js:104:17)
      at HTMLUnknownElement.dispatchEvent 
(node_modules/jsdom/lib/jsdom/living/generated/EventTarget.js:241:34)
      at Object.invokeGuardedCallbackDev 
(node_modules/react-dom/cjs/react-dom.development.js:4213:16)
      at invokeGuardedCallback 
(node_modules/react-dom/cjs/react-dom.development.js:4277:31)
      at invokeGuardedCallbackAndCatchFirstError 
(node_modules/react-dom/cjs/react-dom.development.js:4291:25)
      at executeDispatch 
(node_modules/react-dom/cjs/react-dom.development.js:9041:3)
      at processDispatchQueueItemsInOrder 
(node_modules/react-dom/cjs/react-dom.development.js:9073:7)
      at processDispatchQueue 
(node_modules/react-dom/cjs/react-dom.development.js:9086:5)
      at dispatchEventsForPlugins 
(node_modules/react-dom/cjs/react-dom.development.js:9097:3)
      at node_modules/react-dom/cjs/react-dom.development.js:9288:12
      at batchedUpdates$1 
(node_modules/react-dom/cjs/react-dom.development.js:26179:12)
      at batchedUpdates 
(node_modules/react-dom/cjs/react-dom.development.js:3991:12)
      at dispatchEventForPluginEventSystem 
(node_modules/react-dom/cjs/react-dom.development.js:9287:3)
      at dispatchEventWithEnableCapturePhaseSelectiveHydrationWithoutDiscreteEv
entReplay (node_modules/react-dom/cjs/react-dom.development.js:6465:5)
      at dispatchEvent 
(node_modules/react-dom/cjs/react-dom.development.js:6457:5)
      at dispatchDiscreteEvent 
(node_modules/react-dom/cjs/react-dom.development.js:6430:5)
      at HTMLDivElement.callTheUserObjectsOperation 
(node_modules/jsdom/lib/jsdom/living/generated/EventListener.js:26:30)
      at innerInvokeEventListeners 
(node_modules/jsdom/lib/jsdom/living/events/EventTarget-impl.js:350:25)
      at invokeEventListeners 
(node_modules/jsdom/lib/jsdom/living/events/EventTarget-impl.js:286:3)
      at HTMLInputElementImpl._dispatch 
(node_modules/jsdom/lib/jsdom/living/events/EventTarget-impl.js:233:9)
      at HTMLInputElementImpl.dispatchEvent 
(node_modules/jsdom/lib/jsdom/living/events/EventTarget-impl.js:104:17)
      at HTMLInputElement.dispatchEvent 
(node_modules/jsdom/lib/jsdom/living/generated/EventTarget.js:241:34)
      at 
node_modules/@testing-library/user-event/dist/cjs/event/dispatchEvent.js:45:43
      at Object.eventWrapper 
(node_modules/@testing-library/dom/dist/config.js:25:23)
      at Object.wrapEvent 
(node_modules/@testing-library/user-event/dist/cjs/event/wrapEvent.js:6:28)
      at Object.dispatchEvent (node_modules/@testing-library/user-event/dist/cj
s/event/dispatchEvent.js:45:22)
      at Object.dispatchUIEvent (node_modules/@testing-library/user-event/dist/
cjs/event/dispatchEvent.js:22:26)
      at commitInput 
(node_modules/@testing-library/user-event/dist/cjs/event/input.js:145:14)
      at editInputElement 
(node_modules/@testing-library/user-event/dist/cjs/event/input.js:115:9)
      at Object.input 
(node_modules/@testing-library/user-event/dist/cjs/event/input.js:37:9)
      at node_modules/@testing-library/user-event/dist/cjs/event/behavior/keypr
ess.js:31:26
      at Object.dispatchEvent (node_modules/@testing-library/user-event/dist/cj
s/event/dispatchEvent.js:41:13)
      at Object.dispatchUIEvent (node_modules/@testing-library/user-event/dist/
cjs/event/dispatchEvent.js:22:26)
      at KeyboardHost.keydown 
(node_modules/@testing-library/user-event/dist/cjs/system/keyboard.js:76:22)
      at keyboardAction 
(node_modules/@testing-library/user-event/dist/cjs/keyboard/index.js:22:35)
      at Object.keyboard 
(node_modules/@testing-library/user-event/dist/cjs/keyboard/index.js:11:15)
      at Object.type 
(node_modules/@testing-library/user-event/dist/cjs/utility/type.js:17:5)
      at goToStep2 
(src/binding-authorities/__tests__/binding-authorities.test.tsx:1891:9)
      at Object.<anonymous> 
(src/binding-authorities/__tests__/binding-authorities.test.tsx:1966:9)

    console.error
      Warning: An update to BordereauConfigModal inside a test was not wrapped 
in act(...).
      
      When testing, code that causes React state updates should be wrapped 
into act(...):
      
      act(() => {
        /* fire events that update state */
      });
      /* assert on the output */
      
      This ensures that you're testing the behavior the user would see in the 
browser. Learn more at https://reactjs.org/link/wrap-tests-with-act
          at BordereauConfigModal (C:\Users\samhe\OneDrive\Desktop\Cleaned\fron
tend\src\binding-authorities\BordereauConfigModal\BordereauConfigModal.tsx:217:
5)

      372 |                                     type="text"
      373 |                                     value={name}
    > 374 |                                     onChange={e => 
setName(e.target.value)}
          |                                                    ^
      375 |                                     placeholder="e.g. Q1 2025 Risk 
Bordereau"
      376 |                                     className="border 
border-gray-300 rounded px-3 py-2 text-sm w-full"
      377 |                                     autoFocus

      at printWarning 
(node_modules/react-dom/cjs/react-dom.development.js:86:30)
      at error (node_modules/react-dom/cjs/react-dom.development.js:60:7)
      at warnIfUpdatesNotWrappedWithActDEV 
(node_modules/react-dom/cjs/react-dom.development.js:27628:9)
      at scheduleUpdateOnFiber 
(node_modules/react-dom/cjs/react-dom.development.js:25547:5)
      at dispatchSetState 
(node_modules/react-dom/cjs/react-dom.development.js:16708:7)
      at onChange 
(src/binding-authorities/BordereauConfigModal/BordereauConfigModal.tsx:374:52)
      at HTMLUnknownElement.callCallback 
(node_modules/react-dom/cjs/react-dom.development.js:4164:14)
      at HTMLUnknownElement.callTheUserObjectsOperation 
(node_modules/jsdom/lib/jsdom/living/generated/EventListener.js:26:30)
      at innerInvokeEventListeners 
(node_modules/jsdom/lib/jsdom/living/events/EventTarget-impl.js:350:25)
      at invokeEventListeners 
(node_modules/jsdom/lib/jsdom/living/events/EventTarget-impl.js:286:3)
      at HTMLUnknownElementImpl._dispatch 
(node_modules/jsdom/lib/jsdom/living/events/EventTarget-impl.js:233:9)
      at HTMLUnknownElementImpl.dispatchEvent 
(node_modules/jsdom/lib/jsdom/living/events/EventTarget-impl.js:104:17)
      at HTMLUnknownElement.dispatchEvent 
(node_modules/jsdom/lib/jsdom/living/generated/EventTarget.js:241:34)
      at Object.invokeGuardedCallbackDev 
(node_modules/react-dom/cjs/react-dom.development.js:4213:16)
      at invokeGuardedCallback 
(node_modules/react-dom/cjs/react-dom.development.js:4277:31)
      at invokeGuardedCallbackAndCatchFirstError 
(node_modules/react-dom/cjs/react-dom.development.js:4291:25)
      at executeDispatch 
(node_modules/react-dom/cjs/react-dom.development.js:9041:3)
      at processDispatchQueueItemsInOrder 
(node_modules/react-dom/cjs/react-dom.development.js:9073:7)
      at processDispatchQueue 
(node_modules/react-dom/cjs/react-dom.development.js:9086:5)
      at dispatchEventsForPlugins 
(node_modules/react-dom/cjs/react-dom.development.js:9097:3)
      at node_modules/react-dom/cjs/react-dom.development.js:9288:12
      at batchedUpdates$1 
(node_modules/react-dom/cjs/react-dom.development.js:26179:12)
      at batchedUpdates 
(node_modules/react-dom/cjs/react-dom.development.js:3991:12)
      at dispatchEventForPluginEventSystem 
(node_modules/react-dom/cjs/react-dom.development.js:9287:3)
      at dispatchEventWithEnableCapturePhaseSelectiveHydrationWithoutDiscreteEv
entReplay (node_modules/react-dom/cjs/react-dom.development.js:6465:5)
      at dispatchEvent 
(node_modules/react-dom/cjs/react-dom.development.js:6457:5)
      at dispatchDiscreteEvent 
(node_modules/react-dom/cjs/react-dom.development.js:6430:5)
      at HTMLDivElement.callTheUserObjectsOperation 
(node_modules/jsdom/lib/jsdom/living/generated/EventListener.js:26:30)
      at innerInvokeEventListeners 
(node_modules/jsdom/lib/jsdom/living/events/EventTarget-impl.js:350:25)
      at invokeEventListeners 
(node_modules/jsdom/lib/jsdom/living/events/EventTarget-impl.js:286:3)
      at HTMLInputElementImpl._dispatch 
(node_modules/jsdom/lib/jsdom/living/events/EventTarget-impl.js:233:9)
      at HTMLInputElementImpl.dispatchEvent 
(node_modules/jsdom/lib/jsdom/living/events/EventTarget-impl.js:104:17)
      at HTMLInputElement.dispatchEvent 
(node_modules/jsdom/lib/jsdom/living/generated/EventTarget.js:241:34)
      at 
node_modules/@testing-library/user-event/dist/cjs/event/dispatchEvent.js:45:43
      at Object.eventWrapper 
(node_modules/@testing-library/dom/dist/config.js:25:23)
      at Object.wrapEvent 
(node_modules/@testing-library/user-event/dist/cjs/event/wrapEvent.js:6:28)
      at Object.dispatchEvent (node_modules/@testing-library/user-event/dist/cj
s/event/dispatchEvent.js:45:22)
      at Object.dispatchUIEvent (node_modules/@testing-library/user-event/dist/
cjs/event/dispatchEvent.js:22:26)
      at commitInput 
(node_modules/@testing-library/user-event/dist/cjs/event/input.js:145:14)
      at editInputElement 
(node_modules/@testing-library/user-event/dist/cjs/event/input.js:115:9)
      at Object.input 
(node_modules/@testing-library/user-event/dist/cjs/event/input.js:37:9)
      at node_modules/@testing-library/user-event/dist/cjs/event/behavior/keypr
ess.js:31:26
      at Object.dispatchEvent (node_modules/@testing-library/user-event/dist/cj
s/event/dispatchEvent.js:41:13)
      at Object.dispatchUIEvent (node_modules/@testing-library/user-event/dist/
cjs/event/dispatchEvent.js:22:26)
      at KeyboardHost.keydown 
(node_modules/@testing-library/user-event/dist/cjs/system/keyboard.js:76:22)
      at keyboardAction 
(node_modules/@testing-library/user-event/dist/cjs/keyboard/index.js:22:35)
      at Object.keyboard 
(node_modules/@testing-library/user-event/dist/cjs/keyboard/index.js:11:15)
      at Object.type 
(node_modules/@testing-library/user-event/dist/cjs/utility/type.js:17:5)
      at goToStep2 
(src/binding-authorities/__tests__/binding-authorities.test.tsx:1891:9)
      at Object.<anonymous> 
(src/binding-authorities/__tests__/binding-authorities.test.tsx:1966:9)

    console.error
      Warning: An update to BordereauConfigModal inside a test was not wrapped 
in act(...).
      
      When testing, code that causes React state updates should be wrapped 
into act(...):
      
      act(() => {
        /* fire events that update state */
      });
      /* assert on the output */
      
      This ensures that you're testing the behavior the user would see in the 
browser. Learn more at https://reactjs.org/link/wrap-tests-with-act
          at BordereauConfigModal (C:\Users\samhe\OneDrive\Desktop\Cleaned\fron
tend\src\binding-authorities\BordereauConfigModal\BordereauConfigModal.tsx:217:
5)

      372 |                                     type="text"
      373 |                                     value={name}
    > 374 |                                     onChange={e => 
setName(e.target.value)}
          |                                                    ^
      375 |                                     placeholder="e.g. Q1 2025 Risk 
Bordereau"
      376 |                                     className="border 
border-gray-300 rounded px-3 py-2 text-sm w-full"
      377 |                                     autoFocus

      at printWarning 
(node_modules/react-dom/cjs/react-dom.development.js:86:30)
      at error (node_modules/react-dom/cjs/react-dom.development.js:60:7)
      at warnIfUpdatesNotWrappedWithActDEV 
(node_modules/react-dom/cjs/react-dom.development.js:27628:9)
      at scheduleUpdateOnFiber 
(node_modules/react-dom/cjs/react-dom.development.js:25547:5)
      at dispatchSetState 
(node_modules/react-dom/cjs/react-dom.development.js:16708:7)
      at onChange 
(src/binding-authorities/BordereauConfigModal/BordereauConfigModal.tsx:374:52)
      at HTMLUnknownElement.callCallback 
(node_modules/react-dom/cjs/react-dom.development.js:4164:14)
      at HTMLUnknownElement.callTheUserObjectsOperation 
(node_modules/jsdom/lib/jsdom/living/generated/EventListener.js:26:30)
      at innerInvokeEventListeners 
(node_modules/jsdom/lib/jsdom/living/events/EventTarget-impl.js:350:25)
      at invokeEventListeners 
(node_modules/jsdom/lib/jsdom/living/events/EventTarget-impl.js:286:3)
      at HTMLUnknownElementImpl._dispatch 
(node_modules/jsdom/lib/jsdom/living/events/EventTarget-impl.js:233:9)
      at HTMLUnknownElementImpl.dispatchEvent 
(node_modules/jsdom/lib/jsdom/living/events/EventTarget-impl.js:104:17)
      at HTMLUnknownElement.dispatchEvent 
(node_modules/jsdom/lib/jsdom/living/generated/EventTarget.js:241:34)
      at Object.invokeGuardedCallbackDev 
(node_modules/react-dom/cjs/react-dom.development.js:4213:16)
      at invokeGuardedCallback 
(node_modules/react-dom/cjs/react-dom.development.js:4277:31)
      at invokeGuardedCallbackAndCatchFirstError 
(node_modules/react-dom/cjs/react-dom.development.js:4291:25)
      at executeDispatch 
(node_modules/react-dom/cjs/react-dom.development.js:9041:3)
      at processDispatchQueueItemsInOrder 
(node_modules/react-dom/cjs/react-dom.development.js:9073:7)
      at processDispatchQueue 
(node_modules/react-dom/cjs/react-dom.development.js:9086:5)
      at dispatchEventsForPlugins 
(node_modules/react-dom/cjs/react-dom.development.js:9097:3)
      at node_modules/react-dom/cjs/react-dom.development.js:9288:12
      at batchedUpdates$1 
(node_modules/react-dom/cjs/react-dom.development.js:26179:12)
      at batchedUpdates 
(node_modules/react-dom/cjs/react-dom.development.js:3991:12)
      at dispatchEventForPluginEventSystem 
(node_modules/react-dom/cjs/react-dom.development.js:9287:3)
      at dispatchEventWithEnableCapturePhaseSelectiveHydrationWithoutDiscreteEv
entReplay (node_modules/react-dom/cjs/react-dom.development.js:6465:5)
      at dispatchEvent 
(node_modules/react-dom/cjs/react-dom.development.js:6457:5)
      at dispatchDiscreteEvent 
(node_modules/react-dom/cjs/react-dom.development.js:6430:5)
      at HTMLDivElement.callTheUserObjectsOperation 
(node_modules/jsdom/lib/jsdom/living/generated/EventListener.js:26:30)
      at innerInvokeEventListeners 
(node_modules/jsdom/lib/jsdom/living/events/EventTarget-impl.js:350:25)
      at invokeEventListeners 
(node_modules/jsdom/lib/jsdom/living/events/EventTarget-impl.js:286:3)
      at HTMLInputElementImpl._dispatch 
(node_modules/jsdom/lib/jsdom/living/events/EventTarget-impl.js:233:9)
      at HTMLInputElementImpl.dispatchEvent 
(node_modules/jsdom/lib/jsdom/living/events/EventTarget-impl.js:104:17)
      at HTMLInputElement.dispatchEvent 
(node_modules/jsdom/lib/jsdom/living/generated/EventTarget.js:241:34)
      at 
node_modules/@testing-library/user-event/dist/cjs/event/dispatchEvent.js:45:43
      at Object.eventWrapper 
(node_modules/@testing-library/dom/dist/config.js:25:23)
      at Object.wrapEvent 
(node_modules/@testing-library/user-event/dist/cjs/event/wrapEvent.js:6:28)
      at Object.dispatchEvent (node_modules/@testing-library/user-event/dist/cj
s/event/dispatchEvent.js:45:22)
      at Object.dispatchUIEvent (node_modules/@testing-library/user-event/dist/
cjs/event/dispatchEvent.js:22:26)
      at commitInput 
(node_modules/@testing-library/user-event/dist/cjs/event/input.js:145:14)
      at editInputElement 
(node_modules/@testing-library/user-event/dist/cjs/event/input.js:115:9)
      at Object.input 
(node_modules/@testing-library/user-event/dist/cjs/event/input.js:37:9)
      at node_modules/@testing-library/user-event/dist/cjs/event/behavior/keypr
ess.js:31:26
      at Object.dispatchEvent (node_modules/@testing-library/user-event/dist/cj
s/event/dispatchEvent.js:41:13)
      at Object.dispatchUIEvent (node_modules/@testing-library/user-event/dist/
cjs/event/dispatchEvent.js:22:26)
      at KeyboardHost.keydown 
(node_modules/@testing-library/user-event/dist/cjs/system/keyboard.js:76:22)
      at keyboardAction 
(node_modules/@testing-library/user-event/dist/cjs/keyboard/index.js:22:35)
      at Object.keyboard 
(node_modules/@testing-library/user-event/dist/cjs/keyboard/index.js:11:15)
      at Object.type 
(node_modules/@testing-library/user-event/dist/cjs/utility/type.js:17:5)
      at goToStep2 
(src/binding-authorities/__tests__/binding-authorities.test.tsx:1891:9)
      at Object.<anonymous> 
(src/binding-authorities/__tests__/binding-authorities.test.tsx:1966:9)

    console.error
      Warning: An update to BordereauConfigModal inside a test was not wrapped 
in act(...).
      
      When testing, code that causes React state updates should be wrapped 
into act(...):
      
      act(() => {
        /* fire events that update state */
      });
      /* assert on the output */
      
      This ensures that you're testing the behavior the user would see in the 
browser. Learn more at https://reactjs.org/link/wrap-tests-with-act
          at BordereauConfigModal (C:\Users\samhe\OneDrive\Desktop\Cleaned\fron
tend\src\binding-authorities\BordereauConfigModal\BordereauConfigModal.tsx:217:
5)

      372 |                                     type="text"
      373 |                                     value={name}
    > 374 |                                     onChange={e => 
setName(e.target.value)}
          |                                                    ^
      375 |                                     placeholder="e.g. Q1 2025 Risk 
Bordereau"
      376 |                                     className="border 
border-gray-300 rounded px-3 py-2 text-sm w-full"
      377 |                                     autoFocus

      at printWarning 
(node_modules/react-dom/cjs/react-dom.development.js:86:30)
      at error (node_modules/react-dom/cjs/react-dom.development.js:60:7)
      at warnIfUpdatesNotWrappedWithActDEV 
(node_modules/react-dom/cjs/react-dom.development.js:27628:9)
      at scheduleUpdateOnFiber 
(node_modules/react-dom/cjs/react-dom.development.js:25547:5)
      at dispatchSetState 
(node_modules/react-dom/cjs/react-dom.development.js:16708:7)
      at onChange 
(src/binding-authorities/BordereauConfigModal/BordereauConfigModal.tsx:374:52)
      at HTMLUnknownElement.callCallback 
(node_modules/react-dom/cjs/react-dom.development.js:4164:14)
      at HTMLUnknownElement.callTheUserObjectsOperation 
(node_modules/jsdom/lib/jsdom/living/generated/EventListener.js:26:30)
      at innerInvokeEventListeners 
(node_modules/jsdom/lib/jsdom/living/events/EventTarget-impl.js:350:25)
      at invokeEventListeners 
(node_modules/jsdom/lib/jsdom/living/events/EventTarget-impl.js:286:3)
      at HTMLUnknownElementImpl._dispatch 
(node_modules/jsdom/lib/jsdom/living/events/EventTarget-impl.js:233:9)
      at HTMLUnknownElementImpl.dispatchEvent 
(node_modules/jsdom/lib/jsdom/living/events/EventTarget-impl.js:104:17)
      at HTMLUnknownElement.dispatchEvent 
(node_modules/jsdom/lib/jsdom/living/generated/EventTarget.js:241:34)
      at Object.invokeGuardedCallbackDev 
(node_modules/react-dom/cjs/react-dom.development.js:4213:16)
      at invokeGuardedCallback 
(node_modules/react-dom/cjs/react-dom.development.js:4277:31)
      at invokeGuardedCallbackAndCatchFirstError 
(node_modules/react-dom/cjs/react-dom.development.js:4291:25)
      at executeDispatch 
(node_modules/react-dom/cjs/react-dom.development.js:9041:3)
      at processDispatchQueueItemsInOrder 
(node_modules/react-dom/cjs/react-dom.development.js:9073:7)
      at processDispatchQueue 
(node_modules/react-dom/cjs/react-dom.development.js:9086:5)
      at dispatchEventsForPlugins 
(node_modules/react-dom/cjs/react-dom.development.js:9097:3)
      at node_modules/react-dom/cjs/react-dom.development.js:9288:12
      at batchedUpdates$1 
(node_modules/react-dom/cjs/react-dom.development.js:26179:12)
      at batchedUpdates 
(node_modules/react-dom/cjs/react-dom.development.js:3991:12)
      at dispatchEventForPluginEventSystem 
(node_modules/react-dom/cjs/react-dom.development.js:9287:3)
      at dispatchEventWithEnableCapturePhaseSelectiveHydrationWithoutDiscreteEv
entReplay (node_modules/react-dom/cjs/react-dom.development.js:6465:5)
      at dispatchEvent 
(node_modules/react-dom/cjs/react-dom.development.js:6457:5)
      at dispatchDiscreteEvent 
(node_modules/react-dom/cjs/react-dom.development.js:6430:5)
      at HTMLDivElement.callTheUserObjectsOperation 
(node_modules/jsdom/lib/jsdom/living/generated/EventListener.js:26:30)
      at innerInvokeEventListeners 
(node_modules/jsdom/lib/jsdom/living/events/EventTarget-impl.js:350:25)
      at invokeEventListeners 
(node_modules/jsdom/lib/jsdom/living/events/EventTarget-impl.js:286:3)
      at HTMLInputElementImpl._dispatch 
(node_modules/jsdom/lib/jsdom/living/events/EventTarget-impl.js:233:9)
      at HTMLInputElementImpl.dispatchEvent 
(node_modules/jsdom/lib/jsdom/living/events/EventTarget-impl.js:104:17)
      at HTMLInputElement.dispatchEvent 
(node_modules/jsdom/lib/jsdom/living/generated/EventTarget.js:241:34)
      at 
node_modules/@testing-library/user-event/dist/cjs/event/dispatchEvent.js:45:43
      at Object.eventWrapper 
(node_modules/@testing-library/dom/dist/config.js:25:23)
      at Object.wrapEvent 
(node_modules/@testing-library/user-event/dist/cjs/event/wrapEvent.js:6:28)
      at Object.dispatchEvent (node_modules/@testing-library/user-event/dist/cj
s/event/dispatchEvent.js:45:22)
      at Object.dispatchUIEvent (node_modules/@testing-library/user-event/dist/
cjs/event/dispatchEvent.js:22:26)
      at commitInput 
(node_modules/@testing-library/user-event/dist/cjs/event/input.js:145:14)
      at editInputElement 
(node_modules/@testing-library/user-event/dist/cjs/event/input.js:115:9)
      at Object.input 
(node_modules/@testing-library/user-event/dist/cjs/event/input.js:37:9)
      at node_modules/@testing-library/user-event/dist/cjs/event/behavior/keypr
ess.js:31:26
      at Object.dispatchEvent (node_modules/@testing-library/user-event/dist/cj
s/event/dispatchEvent.js:41:13)
      at Object.dispatchUIEvent (node_modules/@testing-library/user-event/dist/
cjs/event/dispatchEvent.js:22:26)
      at KeyboardHost.keydown 
(node_modules/@testing-library/user-event/dist/cjs/system/keyboard.js:76:22)
      at keyboardAction 
(node_modules/@testing-library/user-event/dist/cjs/keyboard/index.js:22:35)
      at Object.keyboard 
(node_modules/@testing-library/user-event/dist/cjs/keyboard/index.js:11:15)
      at Object.type 
(node_modules/@testing-library/user-event/dist/cjs/utility/type.js:17:5)
      at goToStep2 
(src/binding-authorities/__tests__/binding-authorities.test.tsx:1891:9)
      at Object.<anonymous> 
(src/binding-authorities/__tests__/binding-authorities.test.tsx:1966:9)

    console.error
      Warning: An update to BordereauConfigModal inside a test was not wrapped 
in act(...).
      
      When testing, code that causes React state updates should be wrapped 
into act(...):
      
      act(() => {
        /* fire events that update state */
      });
      /* assert on the output */
      
      This ensures that you're testing the behavior the user would see in the 
browser. Learn more at https://reactjs.org/link/wrap-tests-with-act
          at BordereauConfigModal (C:\Users\samhe\OneDrive\Desktop\Cleaned\fron
tend\src\binding-authorities\BordereauConfigModal\BordereauConfigModal.tsx:217:
5)

      372 |                                     type="text"
      373 |                                     value={name}
    > 374 |                                     onChange={e => 
setName(e.target.value)}
          |                                                    ^
      375 |                                     placeholder="e.g. Q1 2025 Risk 
Bordereau"
      376 |                                     className="border 
border-gray-300 rounded px-3 py-2 text-sm w-full"
      377 |                                     autoFocus

      at printWarning 
(node_modules/react-dom/cjs/react-dom.development.js:86:30)
      at error (node_modules/react-dom/cjs/react-dom.development.js:60:7)
      at warnIfUpdatesNotWrappedWithActDEV 
(node_modules/react-dom/cjs/react-dom.development.js:27628:9)
      at scheduleUpdateOnFiber 
(node_modules/react-dom/cjs/react-dom.development.js:25547:5)
      at dispatchSetState 
(node_modules/react-dom/cjs/react-dom.development.js:16708:7)
      at onChange 
(src/binding-authorities/BordereauConfigModal/BordereauConfigModal.tsx:374:52)
      at HTMLUnknownElement.callCallback 
(node_modules/react-dom/cjs/react-dom.development.js:4164:14)
      at HTMLUnknownElement.callTheUserObjectsOperation 
(node_modules/jsdom/lib/jsdom/living/generated/EventListener.js:26:30)
      at innerInvokeEventListeners 
(node_modules/jsdom/lib/jsdom/living/events/EventTarget-impl.js:350:25)
      at invokeEventListeners 
(node_modules/jsdom/lib/jsdom/living/events/EventTarget-impl.js:286:3)
      at HTMLUnknownElementImpl._dispatch 
(node_modules/jsdom/lib/jsdom/living/events/EventTarget-impl.js:233:9)
      at HTMLUnknownElementImpl.dispatchEvent 
(node_modules/jsdom/lib/jsdom/living/events/EventTarget-impl.js:104:17)
      at HTMLUnknownElement.dispatchEvent 
(node_modules/jsdom/lib/jsdom/living/generated/EventTarget.js:241:34)
      at Object.invokeGuardedCallbackDev 
(node_modules/react-dom/cjs/react-dom.development.js:4213:16)
      at invokeGuardedCallback 
(node_modules/react-dom/cjs/react-dom.development.js:4277:31)
      at invokeGuardedCallbackAndCatchFirstError 
(node_modules/react-dom/cjs/react-dom.development.js:4291:25)
      at executeDispatch 
(node_modules/react-dom/cjs/react-dom.development.js:9041:3)
      at processDispatchQueueItemsInOrder 
(node_modules/react-dom/cjs/react-dom.development.js:9073:7)
      at processDispatchQueue 
(node_modules/react-dom/cjs/react-dom.development.js:9086:5)
      at dispatchEventsForPlugins 
(node_modules/react-dom/cjs/react-dom.development.js:9097:3)
      at node_modules/react-dom/cjs/react-dom.development.js:9288:12
      at batchedUpdates$1 
(node_modules/react-dom/cjs/react-dom.development.js:26179:12)
      at batchedUpdates 
(node_modules/react-dom/cjs/react-dom.development.js:3991:12)
      at dispatchEventForPluginEventSystem 
(node_modules/react-dom/cjs/react-dom.development.js:9287:3)
      at dispatchEventWithEnableCapturePhaseSelectiveHydrationWithoutDiscreteEv
entReplay (node_modules/react-dom/cjs/react-dom.development.js:6465:5)
      at dispatchEvent 
(node_modules/react-dom/cjs/react-dom.development.js:6457:5)
      at dispatchDiscreteEvent 
(node_modules/react-dom/cjs/react-dom.development.js:6430:5)
      at HTMLDivElement.callTheUserObjectsOperation 
(node_modules/jsdom/lib/jsdom/living/generated/EventListener.js:26:30)
      at innerInvokeEventListeners 
(node_modules/jsdom/lib/jsdom/living/events/EventTarget-impl.js:350:25)
      at invokeEventListeners 
(node_modules/jsdom/lib/jsdom/living/events/EventTarget-impl.js:286:3)
      at HTMLInputElementImpl._dispatch 
(node_modules/jsdom/lib/jsdom/living/events/EventTarget-impl.js:233:9)
      at HTMLInputElementImpl.dispatchEvent 
(node_modules/jsdom/lib/jsdom/living/events/EventTarget-impl.js:104:17)
      at HTMLInputElement.dispatchEvent 
(node_modules/jsdom/lib/jsdom/living/generated/EventTarget.js:241:34)
      at 
node_modules/@testing-library/user-event/dist/cjs/event/dispatchEvent.js:45:43
      at Object.eventWrapper 
(node_modules/@testing-library/dom/dist/config.js:25:23)
      at Object.wrapEvent 
(node_modules/@testing-library/user-event/dist/cjs/event/wrapEvent.js:6:28)
      at Object.dispatchEvent (node_modules/@testing-library/user-event/dist/cj
s/event/dispatchEvent.js:45:22)
      at Object.dispatchUIEvent (node_modules/@testing-library/user-event/dist/
cjs/event/dispatchEvent.js:22:26)
      at commitInput 
(node_modules/@testing-library/user-event/dist/cjs/event/input.js:145:14)
      at editInputElement 
(node_modules/@testing-library/user-event/dist/cjs/event/input.js:115:9)
      at Object.input 
(node_modules/@testing-library/user-event/dist/cjs/event/input.js:37:9)
      at node_modules/@testing-library/user-event/dist/cjs/event/behavior/keypr
ess.js:31:26
      at Object.dispatchEvent (node_modules/@testing-library/user-event/dist/cj
s/event/dispatchEvent.js:41:13)
      at Object.dispatchUIEvent (node_modules/@testing-library/user-event/dist/
cjs/event/dispatchEvent.js:22:26)
      at KeyboardHost.keydown 
(node_modules/@testing-library/user-event/dist/cjs/system/keyboard.js:76:22)
      at keyboardAction 
(node_modules/@testing-library/user-event/dist/cjs/keyboard/index.js:22:35)
      at Object.keyboard 
(node_modules/@testing-library/user-event/dist/cjs/keyboard/index.js:11:15)
      at Object.type 
(node_modules/@testing-library/user-event/dist/cjs/utility/type.js:17:5)
      at goToStep2 
(src/binding-authorities/__tests__/binding-authorities.test.tsx:1891:9)
      at Object.<anonymous> 
(src/binding-authorities/__tests__/binding-authorities.test.tsx:1966:9)

    console.error
      Warning: An update to BordereauConfigModal inside a test was not wrapped 
in act(...).
      
      When testing, code that causes React state updates should be wrapped 
into act(...):
      
      act(() => {
        /* fire events that update state */
      });
      /* assert on the output */
      
      This ensures that you're testing the behavior the user would see in the 
browser. Learn more at https://reactjs.org/link/wrap-tests-with-act
          at BordereauConfigModal (C:\Users\samhe\OneDrive\Desktop\Cleaned\fron
tend\src\binding-authorities\BordereauConfigModal\BordereauConfigModal.tsx:217:
5)

      372 |                                     type="text"
      373 |                                     value={name}
    > 374 |                                     onChange={e => 
setName(e.target.value)}
          |                                                    ^
      375 |                                     placeholder="e.g. Q1 2025 Risk 
Bordereau"
      376 |                                     className="border 
border-gray-300 rounded px-3 py-2 text-sm w-full"
      377 |                                     autoFocus

      at printWarning 
(node_modules/react-dom/cjs/react-dom.development.js:86:30)
      at error (node_modules/react-dom/cjs/react-dom.development.js:60:7)
      at warnIfUpdatesNotWrappedWithActDEV 
(node_modules/react-dom/cjs/react-dom.development.js:27628:9)
      at scheduleUpdateOnFiber 
(node_modules/react-dom/cjs/react-dom.development.js:25547:5)
      at dispatchSetState 
(node_modules/react-dom/cjs/react-dom.development.js:16708:7)
      at onChange 
(src/binding-authorities/BordereauConfigModal/BordereauConfigModal.tsx:374:52)
      at HTMLUnknownElement.callCallback 
(node_modules/react-dom/cjs/react-dom.development.js:4164:14)
      at HTMLUnknownElement.callTheUserObjectsOperation 
(node_modules/jsdom/lib/jsdom/living/generated/EventListener.js:26:30)
      at innerInvokeEventListeners 
(node_modules/jsdom/lib/jsdom/living/events/EventTarget-impl.js:350:25)
      at invokeEventListeners 
(node_modules/jsdom/lib/jsdom/living/events/EventTarget-impl.js:286:3)
      at HTMLUnknownElementImpl._dispatch 
(node_modules/jsdom/lib/jsdom/living/events/EventTarget-impl.js:233:9)
      at HTMLUnknownElementImpl.dispatchEvent 
(node_modules/jsdom/lib/jsdom/living/events/EventTarget-impl.js:104:17)
      at HTMLUnknownElement.dispatchEvent 
(node_modules/jsdom/lib/jsdom/living/generated/EventTarget.js:241:34)
      at Object.invokeGuardedCallbackDev 
(node_modules/react-dom/cjs/react-dom.development.js:4213:16)
      at invokeGuardedCallback 
(node_modules/react-dom/cjs/react-dom.development.js:4277:31)
      at invokeGuardedCallbackAndCatchFirstError 
(node_modules/react-dom/cjs/react-dom.development.js:4291:25)
      at executeDispatch 
(node_modules/react-dom/cjs/react-dom.development.js:9041:3)
      at processDispatchQueueItemsInOrder 
(node_modules/react-dom/cjs/react-dom.development.js:9073:7)
      at processDispatchQueue 
(node_modules/react-dom/cjs/react-dom.development.js:9086:5)
      at dispatchEventsForPlugins 
(node_modules/react-dom/cjs/react-dom.development.js:9097:3)
      at node_modules/react-dom/cjs/react-dom.development.js:9288:12
      at batchedUpdates$1 
(node_modules/react-dom/cjs/react-dom.development.js:26179:12)
      at batchedUpdates 
(node_modules/react-dom/cjs/react-dom.development.js:3991:12)
      at dispatchEventForPluginEventSystem 
(node_modules/react-dom/cjs/react-dom.development.js:9287:3)
      at dispatchEventWithEnableCapturePhaseSelectiveHydrationWithoutDiscreteEv
entReplay (node_modules/react-dom/cjs/react-dom.development.js:6465:5)
      at dispatchEvent 
(node_modules/react-dom/cjs/react-dom.development.js:6457:5)
      at dispatchDiscreteEvent 
(node_modules/react-dom/cjs/react-dom.development.js:6430:5)
      at HTMLDivElement.callTheUserObjectsOperation 
(node_modules/jsdom/lib/jsdom/living/generated/EventListener.js:26:30)
      at innerInvokeEventListeners 
(node_modules/jsdom/lib/jsdom/living/events/EventTarget-impl.js:350:25)
      at invokeEventListeners 
(node_modules/jsdom/lib/jsdom/living/events/EventTarget-impl.js:286:3)
      at HTMLInputElementImpl._dispatch 
(node_modules/jsdom/lib/jsdom/living/events/EventTarget-impl.js:233:9)
      at HTMLInputElementImpl.dispatchEvent 
(node_modules/jsdom/lib/jsdom/living/events/EventTarget-impl.js:104:17)
      at HTMLInputElement.dispatchEvent 
(node_modules/jsdom/lib/jsdom/living/generated/EventTarget.js:241:34)
      at 
node_modules/@testing-library/user-event/dist/cjs/event/dispatchEvent.js:45:43
      at Object.eventWrapper 
(node_modules/@testing-library/dom/dist/config.js:25:23)
      at Object.wrapEvent 
(node_modules/@testing-library/user-event/dist/cjs/event/wrapEvent.js:6:28)
      at Object.dispatchEvent (node_modules/@testing-library/user-event/dist/cj
s/event/dispatchEvent.js:45:22)
      at Object.dispatchUIEvent (node_modules/@testing-library/user-event/dist/
cjs/event/dispatchEvent.js:22:26)
      at commitInput 
(node_modules/@testing-library/user-event/dist/cjs/event/input.js:145:14)
      at editInputElement 
(node_modules/@testing-library/user-event/dist/cjs/event/input.js:115:9)
      at Object.input 
(node_modules/@testing-library/user-event/dist/cjs/event/input.js:37:9)
      at node_modules/@testing-library/user-event/dist/cjs/event/behavior/keypr
ess.js:31:26
      at Object.dispatchEvent (node_modules/@testing-library/user-event/dist/cj
s/event/dispatchEvent.js:41:13)
      at Object.dispatchUIEvent (node_modules/@testing-library/user-event/dist/
cjs/event/dispatchEvent.js:22:26)
      at KeyboardHost.keydown 
(node_modules/@testing-library/user-event/dist/cjs/system/keyboard.js:76:22)
      at keyboardAction 
(node_modules/@testing-library/user-event/dist/cjs/keyboard/index.js:22:35)
      at Object.keyboard 
(node_modules/@testing-library/user-event/dist/cjs/keyboard/index.js:11:15)
      at Object.type 
(node_modules/@testing-library/user-event/dist/cjs/utility/type.js:17:5)
      at goToStep2 
(src/binding-authorities/__tests__/binding-authorities.test.tsx:1891:9)
      at Object.<anonymous> 
(src/binding-authorities/__tests__/binding-authorities.test.tsx:1966:9)

    console.error
      Warning: An update to BordereauConfigModal inside a test was not wrapped 
in act(...).
      
      When testing, code that causes React state updates should be wrapped 
into act(...):
      
      act(() => {
        /* fire events that update state */
      });
      /* assert on the output */
      
      This ensures that you're testing the behavior the user would see in the 
browser. Learn more at https://reactjs.org/link/wrap-tests-with-act
          at BordereauConfigModal (C:\Users\samhe\OneDrive\Desktop\Cleaned\fron
tend\src\binding-authorities\BordereauConfigModal\BordereauConfigModal.tsx:217:
5)

      372 |                                     type="text"
      373 |                                     value={name}
    > 374 |                                     onChange={e => 
setName(e.target.value)}
          |                                                    ^
      375 |                                     placeholder="e.g. Q1 2025 Risk 
Bordereau"
      376 |                                     className="border 
border-gray-300 rounded px-3 py-2 text-sm w-full"
      377 |                                     autoFocus

      at printWarning 
(node_modules/react-dom/cjs/react-dom.development.js:86:30)
      at error (node_modules/react-dom/cjs/react-dom.development.js:60:7)
      at warnIfUpdatesNotWrappedWithActDEV 
(node_modules/react-dom/cjs/react-dom.development.js:27628:9)
      at scheduleUpdateOnFiber 
(node_modules/react-dom/cjs/react-dom.development.js:25547:5)
      at dispatchSetState 
(node_modules/react-dom/cjs/react-dom.development.js:16708:7)
      at onChange 
(src/binding-authorities/BordereauConfigModal/BordereauConfigModal.tsx:374:52)
      at HTMLUnknownElement.callCallback 
(node_modules/react-dom/cjs/react-dom.development.js:4164:14)
      at HTMLUnknownElement.callTheUserObjectsOperation 
(node_modules/jsdom/lib/jsdom/living/generated/EventListener.js:26:30)
      at innerInvokeEventListeners 
(node_modules/jsdom/lib/jsdom/living/events/EventTarget-impl.js:350:25)
      at invokeEventListeners 
(node_modules/jsdom/lib/jsdom/living/events/EventTarget-impl.js:286:3)
      at HTMLUnknownElementImpl._dispatch 
(node_modules/jsdom/lib/jsdom/living/events/EventTarget-impl.js:233:9)
      at HTMLUnknownElementImpl.dispatchEvent 
(node_modules/jsdom/lib/jsdom/living/events/EventTarget-impl.js:104:17)
      at HTMLUnknownElement.dispatchEvent 
(node_modules/jsdom/lib/jsdom/living/generated/EventTarget.js:241:34)
      at Object.invokeGuardedCallbackDev 
(node_modules/react-dom/cjs/react-dom.development.js:4213:16)
      at invokeGuardedCallback 
(node_modules/react-dom/cjs/react-dom.development.js:4277:31)
      at invokeGuardedCallbackAndCatchFirstError 
(node_modules/react-dom/cjs/react-dom.development.js:4291:25)
      at executeDispatch 
(node_modules/react-dom/cjs/react-dom.development.js:9041:3)
      at processDispatchQueueItemsInOrder 
(node_modules/react-dom/cjs/react-dom.development.js:9073:7)
      at processDispatchQueue 
(node_modules/react-dom/cjs/react-dom.development.js:9086:5)
      at dispatchEventsForPlugins 
(node_modules/react-dom/cjs/react-dom.development.js:9097:3)
      at node_modules/react-dom/cjs/react-dom.development.js:9288:12
      at batchedUpdates$1 
(node_modules/react-dom/cjs/react-dom.development.js:26179:12)
      at batchedUpdates 
(node_modules/react-dom/cjs/react-dom.development.js:3991:12)
      at dispatchEventForPluginEventSystem 
(node_modules/react-dom/cjs/react-dom.development.js:9287:3)
      at dispatchEventWithEnableCapturePhaseSelectiveHydrationWithoutDiscreteEv
entReplay (node_modules/react-dom/cjs/react-dom.development.js:6465:5)
      at dispatchEvent 
(node_modules/react-dom/cjs/react-dom.development.js:6457:5)
      at dispatchDiscreteEvent 
(node_modules/react-dom/cjs/react-dom.development.js:6430:5)
      at HTMLDivElement.callTheUserObjectsOperation 
(node_modules/jsdom/lib/jsdom/living/generated/EventListener.js:26:30)
      at innerInvokeEventListeners 
(node_modules/jsdom/lib/jsdom/living/events/EventTarget-impl.js:350:25)
      at invokeEventListeners 
(node_modules/jsdom/lib/jsdom/living/events/EventTarget-impl.js:286:3)
      at HTMLInputElementImpl._dispatch 
(node_modules/jsdom/lib/jsdom/living/events/EventTarget-impl.js:233:9)
      at HTMLInputElementImpl.dispatchEvent 
(node_modules/jsdom/lib/jsdom/living/events/EventTarget-impl.js:104:17)
      at HTMLInputElement.dispatchEvent 
(node_modules/jsdom/lib/jsdom/living/generated/EventTarget.js:241:34)
      at 
node_modules/@testing-library/user-event/dist/cjs/event/dispatchEvent.js:45:43
      at Object.eventWrapper 
(node_modules/@testing-library/dom/dist/config.js:25:23)
      at Object.wrapEvent 
(node_modules/@testing-library/user-event/dist/cjs/event/wrapEvent.js:6:28)
      at Object.dispatchEvent (node_modules/@testing-library/user-event/dist/cj
s/event/dispatchEvent.js:45:22)
      at Object.dispatchUIEvent (node_modules/@testing-library/user-event/dist/
cjs/event/dispatchEvent.js:22:26)
      at commitInput 
(node_modules/@testing-library/user-event/dist/cjs/event/input.js:145:14)
      at editInputElement 
(node_modules/@testing-library/user-event/dist/cjs/event/input.js:115:9)
      at Object.input 
(node_modules/@testing-library/user-event/dist/cjs/event/input.js:37:9)
      at node_modules/@testing-library/user-event/dist/cjs/event/behavior/keypr
ess.js:31:26
      at Object.dispatchEvent (node_modules/@testing-library/user-event/dist/cj
s/event/dispatchEvent.js:41:13)
      at Object.dispatchUIEvent (node_modules/@testing-library/user-event/dist/
cjs/event/dispatchEvent.js:22:26)
      at KeyboardHost.keydown 
(node_modules/@testing-library/user-event/dist/cjs/system/keyboard.js:76:22)
      at keyboardAction 
(node_modules/@testing-library/user-event/dist/cjs/keyboard/index.js:22:35)
      at Object.keyboard 
(node_modules/@testing-library/user-event/dist/cjs/keyboard/index.js:11:15)
      at Object.type 
(node_modules/@testing-library/user-event/dist/cjs/utility/type.js:17:5)
      at goToStep2 
(src/binding-authorities/__tests__/binding-authorities.test.tsx:1891:9)
      at Object.<anonymous> 
(src/binding-authorities/__tests__/binding-authorities.test.tsx:1966:9)

    console.error
      Warning: An update to BordereauConfigModal inside a test was not wrapped 
in act(...).
      
      When testing, code that causes React state updates should be wrapped 
into act(...):
      
      act(() => {
        /* fire events that update state */
      });
      /* assert on the output */
      
      This ensures that you're testing the behavior the user would see in the 
browser. Learn more at https://reactjs.org/link/wrap-tests-with-act
          at BordereauConfigModal (C:\Users\samhe\OneDrive\Desktop\Cleaned\fron
tend\src\binding-authorities\BordereauConfigModal\BordereauConfigModal.tsx:217:
5)

      372 |                                     type="text"
      373 |                                     value={name}
    > 374 |                                     onChange={e => 
setName(e.target.value)}
          |                                                    ^
      375 |                                     placeholder="e.g. Q1 2025 Risk 
Bordereau"
      376 |                                     className="border 
border-gray-300 rounded px-3 py-2 text-sm w-full"
      377 |                                     autoFocus

      at printWarning 
(node_modules/react-dom/cjs/react-dom.development.js:86:30)
      at error (node_modules/react-dom/cjs/react-dom.development.js:60:7)
      at warnIfUpdatesNotWrappedWithActDEV 
(node_modules/react-dom/cjs/react-dom.development.js:27628:9)
      at scheduleUpdateOnFiber 
(node_modules/react-dom/cjs/react-dom.development.js:25547:5)
      at dispatchSetState 
(node_modules/react-dom/cjs/react-dom.development.js:16708:7)
      at onChange 
(src/binding-authorities/BordereauConfigModal/BordereauConfigModal.tsx:374:52)
      at HTMLUnknownElement.callCallback 
(node_modules/react-dom/cjs/react-dom.development.js:4164:14)
      at HTMLUnknownElement.callTheUserObjectsOperation 
(node_modules/jsdom/lib/jsdom/living/generated/EventListener.js:26:30)
      at innerInvokeEventListeners 
(node_modules/jsdom/lib/jsdom/living/events/EventTarget-impl.js:350:25)
      at invokeEventListeners 
(node_modules/jsdom/lib/jsdom/living/events/EventTarget-impl.js:286:3)
      at HTMLUnknownElementImpl._dispatch 
(node_modules/jsdom/lib/jsdom/living/events/EventTarget-impl.js:233:9)
      at HTMLUnknownElementImpl.dispatchEvent 
(node_modules/jsdom/lib/jsdom/living/events/EventTarget-impl.js:104:17)
      at HTMLUnknownElement.dispatchEvent 
(node_modules/jsdom/lib/jsdom/living/generated/EventTarget.js:241:34)
      at Object.invokeGuardedCallbackDev 
(node_modules/react-dom/cjs/react-dom.development.js:4213:16)
      at invokeGuardedCallback 
(node_modules/react-dom/cjs/react-dom.development.js:4277:31)
      at invokeGuardedCallbackAndCatchFirstError 
(node_modules/react-dom/cjs/react-dom.development.js:4291:25)
      at executeDispatch 
(node_modules/react-dom/cjs/react-dom.development.js:9041:3)
      at processDispatchQueueItemsInOrder 
(node_modules/react-dom/cjs/react-dom.development.js:9073:7)
      at processDispatchQueue 
(node_modules/react-dom/cjs/react-dom.development.js:9086:5)
      at dispatchEventsForPlugins 
(node_modules/react-dom/cjs/react-dom.development.js:9097:3)
      at node_modules/react-dom/cjs/react-dom.development.js:9288:12
      at batchedUpdates$1 
(node_modules/react-dom/cjs/react-dom.development.js:26179:12)
      at batchedUpdates 
(node_modules/react-dom/cjs/react-dom.development.js:3991:12)
      at dispatchEventForPluginEventSystem 
(node_modules/react-dom/cjs/react-dom.development.js:9287:3)
      at dispatchEventWithEnableCapturePhaseSelectiveHydrationWithoutDiscreteEv
entReplay (node_modules/react-dom/cjs/react-dom.development.js:6465:5)
      at dispatchEvent 
(node_modules/react-dom/cjs/react-dom.development.js:6457:5)
      at dispatchDiscreteEvent 
(node_modules/react-dom/cjs/react-dom.development.js:6430:5)
      at HTMLDivElement.callTheUserObjectsOperation 
(node_modules/jsdom/lib/jsdom/living/generated/EventListener.js:26:30)
      at innerInvokeEventListeners 
(node_modules/jsdom/lib/jsdom/living/events/EventTarget-impl.js:350:25)
      at invokeEventListeners 
(node_modules/jsdom/lib/jsdom/living/events/EventTarget-impl.js:286:3)
      at HTMLInputElementImpl._dispatch 
(node_modules/jsdom/lib/jsdom/living/events/EventTarget-impl.js:233:9)
      at HTMLInputElementImpl.dispatchEvent 
(node_modules/jsdom/lib/jsdom/living/events/EventTarget-impl.js:104:17)
      at HTMLInputElement.dispatchEvent 
(node_modules/jsdom/lib/jsdom/living/generated/EventTarget.js:241:34)
      at 
node_modules/@testing-library/user-event/dist/cjs/event/dispatchEvent.js:45:43
      at Object.eventWrapper 
(node_modules/@testing-library/dom/dist/config.js:25:23)
      at Object.wrapEvent 
(node_modules/@testing-library/user-event/dist/cjs/event/wrapEvent.js:6:28)
      at Object.dispatchEvent (node_modules/@testing-library/user-event/dist/cj
s/event/dispatchEvent.js:45:22)
      at Object.dispatchUIEvent (node_modules/@testing-library/user-event/dist/
cjs/event/dispatchEvent.js:22:26)
      at commitInput 
(node_modules/@testing-library/user-event/dist/cjs/event/input.js:145:14)
      at editInputElement 
(node_modules/@testing-library/user-event/dist/cjs/event/input.js:115:9)
      at Object.input 
(node_modules/@testing-library/user-event/dist/cjs/event/input.js:37:9)
      at node_modules/@testing-library/user-event/dist/cjs/event/behavior/keypr
ess.js:31:26
      at Object.dispatchEvent (node_modules/@testing-library/user-event/dist/cj
s/event/dispatchEvent.js:41:13)
      at Object.dispatchUIEvent (node_modules/@testing-library/user-event/dist/
cjs/event/dispatchEvent.js:22:26)
      at KeyboardHost.keydown 
(node_modules/@testing-library/user-event/dist/cjs/system/keyboard.js:76:22)
      at keyboardAction 
(node_modules/@testing-library/user-event/dist/cjs/keyboard/index.js:22:35)
      at Object.keyboard 
(node_modules/@testing-library/user-event/dist/cjs/keyboard/index.js:11:15)
      at Object.type 
(node_modules/@testing-library/user-event/dist/cjs/utility/type.js:17:5)
      at goToStep2 
(src/binding-authorities/__tests__/binding-authorities.test.tsx:1891:9)
      at Object.<anonymous> 
(src/binding-authorities/__tests__/binding-authorities.test.tsx:1966:9)

    console.error
      Warning: An update to BordereauConfigModal inside a test was not wrapped 
in act(...).
      
      When testing, code that causes React state updates should be wrapped 
into act(...):
      
      act(() => {
        /* fire events that update state */
      });
      /* assert on the output */
      
      This ensures that you're testing the behavior the user would see in the 
browser. Learn more at https://reactjs.org/link/wrap-tests-with-act
          at BordereauConfigModal (C:\Users\samhe\OneDrive\Desktop\Cleaned\fron
tend\src\binding-authorities\BordereauConfigModal\BordereauConfigModal.tsx:217:
5)

      372 |                                     type="text"
      373 |                                     value={name}
    > 374 |                                     onChange={e => 
setName(e.target.value)}
          |                                                    ^
      375 |                                     placeholder="e.g. Q1 2025 Risk 
Bordereau"
      376 |                                     className="border 
border-gray-300 rounded px-3 py-2 text-sm w-full"
      377 |                                     autoFocus

      at printWarning 
(node_modules/react-dom/cjs/react-dom.development.js:86:30)
      at error (node_modules/react-dom/cjs/react-dom.development.js:60:7)
      at warnIfUpdatesNotWrappedWithActDEV 
(node_modules/react-dom/cjs/react-dom.development.js:27628:9)
      at scheduleUpdateOnFiber 
(node_modules/react-dom/cjs/react-dom.development.js:25547:5)
      at dispatchSetState 
(node_modules/react-dom/cjs/react-dom.development.js:16708:7)
      at onChange 
(src/binding-authorities/BordereauConfigModal/BordereauConfigModal.tsx:374:52)
      at HTMLUnknownElement.callCallback 
(node_modules/react-dom/cjs/react-dom.development.js:4164:14)
      at HTMLUnknownElement.callTheUserObjectsOperation 
(node_modules/jsdom/lib/jsdom/living/generated/EventListener.js:26:30)
      at innerInvokeEventListeners 
(node_modules/jsdom/lib/jsdom/living/events/EventTarget-impl.js:350:25)
      at invokeEventListeners 
(node_modules/jsdom/lib/jsdom/living/events/EventTarget-impl.js:286:3)
      at HTMLUnknownElementImpl._dispatch 
(node_modules/jsdom/lib/jsdom/living/events/EventTarget-impl.js:233:9)
      at HTMLUnknownElementImpl.dispatchEvent 
(node_modules/jsdom/lib/jsdom/living/events/EventTarget-impl.js:104:17)
      at HTMLUnknownElement.dispatchEvent 
(node_modules/jsdom/lib/jsdom/living/generated/EventTarget.js:241:34)
      at Object.invokeGuardedCallbackDev 
(node_modules/react-dom/cjs/react-dom.development.js:4213:16)
      at invokeGuardedCallback 
(node_modules/react-dom/cjs/react-dom.development.js:4277:31)
      at invokeGuardedCallbackAndCatchFirstError 
(node_modules/react-dom/cjs/react-dom.development.js:4291:25)
      at executeDispatch 
(node_modules/react-dom/cjs/react-dom.development.js:9041:3)
      at processDispatchQueueItemsInOrder 
(node_modules/react-dom/cjs/react-dom.development.js:9073:7)
      at processDispatchQueue 
(node_modules/react-dom/cjs/react-dom.development.js:9086:5)
      at dispatchEventsForPlugins 
(node_modules/react-dom/cjs/react-dom.development.js:9097:3)
      at node_modules/react-dom/cjs/react-dom.development.js:9288:12
      at batchedUpdates$1 
(node_modules/react-dom/cjs/react-dom.development.js:26179:12)
      at batchedUpdates 
(node_modules/react-dom/cjs/react-dom.development.js:3991:12)
      at dispatchEventForPluginEventSystem 
(node_modules/react-dom/cjs/react-dom.development.js:9287:3)
      at dispatchEventWithEnableCapturePhaseSelectiveHydrationWithoutDiscreteEv
entReplay (node_modules/react-dom/cjs/react-dom.development.js:6465:5)
      at dispatchEvent 
(node_modules/react-dom/cjs/react-dom.development.js:6457:5)
      at dispatchDiscreteEvent 
(node_modules/react-dom/cjs/react-dom.development.js:6430:5)
      at HTMLDivElement.callTheUserObjectsOperation 
(node_modules/jsdom/lib/jsdom/living/generated/EventListener.js:26:30)
      at innerInvokeEventListeners 
(node_modules/jsdom/lib/jsdom/living/events/EventTarget-impl.js:350:25)
      at invokeEventListeners 
(node_modules/jsdom/lib/jsdom/living/events/EventTarget-impl.js:286:3)
      at HTMLInputElementImpl._dispatch 
(node_modules/jsdom/lib/jsdom/living/events/EventTarget-impl.js:233:9)
      at HTMLInputElementImpl.dispatchEvent 
(node_modules/jsdom/lib/jsdom/living/events/EventTarget-impl.js:104:17)
      at HTMLInputElement.dispatchEvent 
(node_modules/jsdom/lib/jsdom/living/generated/EventTarget.js:241:34)
      at 
node_modules/@testing-library/user-event/dist/cjs/event/dispatchEvent.js:45:43
      at Object.eventWrapper 
(node_modules/@testing-library/dom/dist/config.js:25:23)
      at Object.wrapEvent 
(node_modules/@testing-library/user-event/dist/cjs/event/wrapEvent.js:6:28)
      at Object.dispatchEvent (node_modules/@testing-library/user-event/dist/cj
s/event/dispatchEvent.js:45:22)
      at Object.dispatchUIEvent (node_modules/@testing-library/user-event/dist/
cjs/event/dispatchEvent.js:22:26)
      at commitInput 
(node_modules/@testing-library/user-event/dist/cjs/event/input.js:145:14)
      at editInputElement 
(node_modules/@testing-library/user-event/dist/cjs/event/input.js:115:9)
      at Object.input 
(node_modules/@testing-library/user-event/dist/cjs/event/input.js:37:9)
      at node_modules/@testing-library/user-event/dist/cjs/event/behavior/keypr
ess.js:31:26
      at Object.dispatchEvent (node_modules/@testing-library/user-event/dist/cj
s/event/dispatchEvent.js:41:13)
      at Object.dispatchUIEvent (node_modules/@testing-library/user-event/dist/
cjs/event/dispatchEvent.js:22:26)
      at KeyboardHost.keydown 
(node_modules/@testing-library/user-event/dist/cjs/system/keyboard.js:76:22)
      at keyboardAction 
(node_modules/@testing-library/user-event/dist/cjs/keyboard/index.js:22:35)
      at Object.keyboard 
(node_modules/@testing-library/user-event/dist/cjs/keyboard/index.js:11:15)
      at Object.type 
(node_modules/@testing-library/user-event/dist/cjs/utility/type.js:17:5)
      at goToStep2 
(src/binding-authorities/__tests__/binding-authorities.test.tsx:1891:9)
      at Object.<anonymous> 
(src/binding-authorities/__tests__/binding-authorities.test.tsx:1966:9)

    console.error
      Warning: An update to BordereauConfigModal inside a test was not wrapped 
in act(...).
      
      When testing, code that causes React state updates should be wrapped 
into act(...):
      
      act(() => {
        /* fire events that update state */
      });
      /* assert on the output */
      
      This ensures that you're testing the behavior the user would see in the 
browser. Learn more at https://reactjs.org/link/wrap-tests-with-act
          at BordereauConfigModal (C:\Users\samhe\OneDrive\Desktop\Cleaned\fron
tend\src\binding-authorities\BordereauConfigModal\BordereauConfigModal.tsx:217:
5)

      372 |                                     type="text"
      373 |                                     value={name}
    > 374 |                                     onChange={e => 
setName(e.target.value)}
          |                                                    ^
      375 |                                     placeholder="e.g. Q1 2025 Risk 
Bordereau"
      376 |                                     className="border 
border-gray-300 rounded px-3 py-2 text-sm w-full"
      377 |                                     autoFocus

      at printWarning 
(node_modules/react-dom/cjs/react-dom.development.js:86:30)
      at error (node_modules/react-dom/cjs/react-dom.development.js:60:7)
      at warnIfUpdatesNotWrappedWithActDEV 
(node_modules/react-dom/cjs/react-dom.development.js:27628:9)
      at scheduleUpdateOnFiber 
(node_modules/react-dom/cjs/react-dom.development.js:25547:5)
      at dispatchSetState 
(node_modules/react-dom/cjs/react-dom.development.js:16708:7)
      at onChange 
(src/binding-authorities/BordereauConfigModal/BordereauConfigModal.tsx:374:52)
      at HTMLUnknownElement.callCallback 
(node_modules/react-dom/cjs/react-dom.development.js:4164:14)
      at HTMLUnknownElement.callTheUserObjectsOperation 
(node_modules/jsdom/lib/jsdom/living/generated/EventListener.js:26:30)
      at innerInvokeEventListeners 
(node_modules/jsdom/lib/jsdom/living/events/EventTarget-impl.js:350:25)
      at invokeEventListeners 
(node_modules/jsdom/lib/jsdom/living/events/EventTarget-impl.js:286:3)
      at HTMLUnknownElementImpl._dispatch 
(node_modules/jsdom/lib/jsdom/living/events/EventTarget-impl.js:233:9)
      at HTMLUnknownElementImpl.dispatchEvent 
(node_modules/jsdom/lib/jsdom/living/events/EventTarget-impl.js:104:17)
      at HTMLUnknownElement.dispatchEvent 
(node_modules/jsdom/lib/jsdom/living/generated/EventTarget.js:241:34)
      at Object.invokeGuardedCallbackDev 
(node_modules/react-dom/cjs/react-dom.development.js:4213:16)
      at invokeGuardedCallback 
(node_modules/react-dom/cjs/react-dom.development.js:4277:31)
      at invokeGuardedCallbackAndCatchFirstError 
(node_modules/react-dom/cjs/react-dom.development.js:4291:25)
      at executeDispatch 
(node_modules/react-dom/cjs/react-dom.development.js:9041:3)
      at processDispatchQueueItemsInOrder 
(node_modules/react-dom/cjs/react-dom.development.js:9073:7)
      at processDispatchQueue 
(node_modules/react-dom/cjs/react-dom.development.js:9086:5)
      at dispatchEventsForPlugins 
(node_modules/react-dom/cjs/react-dom.development.js:9097:3)
      at node_modules/react-dom/cjs/react-dom.development.js:9288:12
      at batchedUpdates$1 
(node_modules/react-dom/cjs/react-dom.development.js:26179:12)
      at batchedUpdates 
(node_modules/react-dom/cjs/react-dom.development.js:3991:12)
      at dispatchEventForPluginEventSystem 
(node_modules/react-dom/cjs/react-dom.development.js:9287:3)
      at dispatchEventWithEnableCapturePhaseSelectiveHydrationWithoutDiscreteEv
entReplay (node_modules/react-dom/cjs/react-dom.development.js:6465:5)
      at dispatchEvent 
(node_modules/react-dom/cjs/react-dom.development.js:6457:5)
      at dispatchDiscreteEvent 
(node_modules/react-dom/cjs/react-dom.development.js:6430:5)
      at HTMLDivElement.callTheUserObjectsOperation 
(node_modules/jsdom/lib/jsdom/living/generated/EventListener.js:26:30)
      at innerInvokeEventListeners 
(node_modules/jsdom/lib/jsdom/living/events/EventTarget-impl.js:350:25)
      at invokeEventListeners 
(node_modules/jsdom/lib/jsdom/living/events/EventTarget-impl.js:286:3)
      at HTMLInputElementImpl._dispatch 
(node_modules/jsdom/lib/jsdom/living/events/EventTarget-impl.js:233:9)
      at HTMLInputElementImpl.dispatchEvent 
(node_modules/jsdom/lib/jsdom/living/events/EventTarget-impl.js:104:17)
      at HTMLInputElement.dispatchEvent 
(node_modules/jsdom/lib/jsdom/living/generated/EventTarget.js:241:34)
      at 
node_modules/@testing-library/user-event/dist/cjs/event/dispatchEvent.js:45:43
      at Object.eventWrapper 
(node_modules/@testing-library/dom/dist/config.js:25:23)
      at Object.wrapEvent 
(node_modules/@testing-library/user-event/dist/cjs/event/wrapEvent.js:6:28)
      at Object.dispatchEvent (node_modules/@testing-library/user-event/dist/cj
s/event/dispatchEvent.js:45:22)
      at Object.dispatchUIEvent (node_modules/@testing-library/user-event/dist/
cjs/event/dispatchEvent.js:22:26)
      at commitInput 
(node_modules/@testing-library/user-event/dist/cjs/event/input.js:145:14)
      at editInputElement 
(node_modules/@testing-library/user-event/dist/cjs/event/input.js:115:9)
      at Object.input 
(node_modules/@testing-library/user-event/dist/cjs/event/input.js:37:9)
      at node_modules/@testing-library/user-event/dist/cjs/event/behavior/keypr
ess.js:31:26
      at Object.dispatchEvent (node_modules/@testing-library/user-event/dist/cj
s/event/dispatchEvent.js:41:13)
      at Object.dispatchUIEvent (node_modules/@testing-library/user-event/dist/
cjs/event/dispatchEvent.js:22:26)
      at KeyboardHost.keydown 
(node_modules/@testing-library/user-event/dist/cjs/system/keyboard.js:76:22)
      at keyboardAction 
(node_modules/@testing-library/user-event/dist/cjs/keyboard/index.js:22:35)
      at Object.keyboard 
(node_modules/@testing-library/user-event/dist/cjs/keyboard/index.js:11:15)
      at Object.type 
(node_modules/@testing-library/user-event/dist/cjs/utility/type.js:17:5)
      at goToStep2 
(src/binding-authorities/__tests__/binding-authorities.test.tsx:1891:9)
      at Object.<anonymous> 
(src/binding-authorities/__tests__/binding-authorities.test.tsx:1966:9)

    console.error
      Warning: An update to BordereauConfigModal inside a test was not wrapped 
in act(...).
      
      When testing, code that causes React state updates should be wrapped 
into act(...):
      
      act(() => {
        /* fire events that update state */
      });
      /* assert on the output */
      
      This ensures that you're testing the behavior the user would see in the 
browser. Learn more at https://reactjs.org/link/wrap-tests-with-act
          at BordereauConfigModal (C:\Users\samhe\OneDrive\Desktop\Cleaned\fron
tend\src\binding-authorities\BordereauConfigModal\BordereauConfigModal.tsx:217:
5)

      372 |                                     type="text"
      373 |                                     value={name}
    > 374 |                                     onChange={e => 
setName(e.target.value)}
          |                                                    ^
      375 |                                     placeholder="e.g. Q1 2025 Risk 
Bordereau"
      376 |                                     className="border 
border-gray-300 rounded px-3 py-2 text-sm w-full"
      377 |                                     autoFocus

      at printWarning 
(node_modules/react-dom/cjs/react-dom.development.js:86:30)
      at error (node_modules/react-dom/cjs/react-dom.development.js:60:7)
      at warnIfUpdatesNotWrappedWithActDEV 
(node_modules/react-dom/cjs/react-dom.development.js:27628:9)
      at scheduleUpdateOnFiber 
(node_modules/react-dom/cjs/react-dom.development.js:25547:5)
      at dispatchSetState 
(node_modules/react-dom/cjs/react-dom.development.js:16708:7)
      at onChange 
(src/binding-authorities/BordereauConfigModal/BordereauConfigModal.tsx:374:52)
      at HTMLUnknownElement.callCallback 
(node_modules/react-dom/cjs/react-dom.development.js:4164:14)
      at HTMLUnknownElement.callTheUserObjectsOperation 
(node_modules/jsdom/lib/jsdom/living/generated/EventListener.js:26:30)
      at innerInvokeEventListeners 
(node_modules/jsdom/lib/jsdom/living/events/EventTarget-impl.js:350:25)
      at invokeEventListeners 
(node_modules/jsdom/lib/jsdom/living/events/EventTarget-impl.js:286:3)
      at HTMLUnknownElementImpl._dispatch 
(node_modules/jsdom/lib/jsdom/living/events/EventTarget-impl.js:233:9)
      at HTMLUnknownElementImpl.dispatchEvent 
(node_modules/jsdom/lib/jsdom/living/events/EventTarget-impl.js:104:17)
      at HTMLUnknownElement.dispatchEvent 
(node_modules/jsdom/lib/jsdom/living/generated/EventTarget.js:241:34)
      at Object.invokeGuardedCallbackDev 
(node_modules/react-dom/cjs/react-dom.development.js:4213:16)
      at invokeGuardedCallback 
(node_modules/react-dom/cjs/react-dom.development.js:4277:31)
      at invokeGuardedCallbackAndCatchFirstError 
(node_modules/react-dom/cjs/react-dom.development.js:4291:25)
      at executeDispatch 
(node_modules/react-dom/cjs/react-dom.development.js:9041:3)
      at processDispatchQueueItemsInOrder 
(node_modules/react-dom/cjs/react-dom.development.js:9073:7)
      at processDispatchQueue 
(node_modules/react-dom/cjs/react-dom.development.js:9086:5)
      at dispatchEventsForPlugins 
(node_modules/react-dom/cjs/react-dom.development.js:9097:3)
      at node_modules/react-dom/cjs/react-dom.development.js:9288:12
      at batchedUpdates$1 
(node_modules/react-dom/cjs/react-dom.development.js:26179:12)
      at batchedUpdates 
(node_modules/react-dom/cjs/react-dom.development.js:3991:12)
      at dispatchEventForPluginEventSystem 
(node_modules/react-dom/cjs/react-dom.development.js:9287:3)
      at dispatchEventWithEnableCapturePhaseSelectiveHydrationWithoutDiscreteEv
entReplay (node_modules/react-dom/cjs/react-dom.development.js:6465:5)
      at dispatchEvent 
(node_modules/react-dom/cjs/react-dom.development.js:6457:5)
      at dispatchDiscreteEvent 
(node_modules/react-dom/cjs/react-dom.development.js:6430:5)
      at HTMLDivElement.callTheUserObjectsOperation 
(node_modules/jsdom/lib/jsdom/living/generated/EventListener.js:26:30)
      at innerInvokeEventListeners 
(node_modules/jsdom/lib/jsdom/living/events/EventTarget-impl.js:350:25)
      at invokeEventListeners 
(node_modules/jsdom/lib/jsdom/living/events/EventTarget-impl.js:286:3)
      at HTMLInputElementImpl._dispatch 
(node_modules/jsdom/lib/jsdom/living/events/EventTarget-impl.js:233:9)
      at HTMLInputElementImpl.dispatchEvent 
(node_modules/jsdom/lib/jsdom/living/events/EventTarget-impl.js:104:17)
      at HTMLInputElement.dispatchEvent 
(node_modules/jsdom/lib/jsdom/living/generated/EventTarget.js:241:34)
      at 
node_modules/@testing-library/user-event/dist/cjs/event/dispatchEvent.js:45:43
      at Object.eventWrapper 
(node_modules/@testing-library/dom/dist/config.js:25:23)
      at Object.wrapEvent 
(node_modules/@testing-library/user-event/dist/cjs/event/wrapEvent.js:6:28)
      at Object.dispatchEvent (node_modules/@testing-library/user-event/dist/cj
s/event/dispatchEvent.js:45:22)
      at Object.dispatchUIEvent (node_modules/@testing-library/user-event/dist/
cjs/event/dispatchEvent.js:22:26)
      at commitInput 
(node_modules/@testing-library/user-event/dist/cjs/event/input.js:145:14)
      at editInputElement 
(node_modules/@testing-library/user-event/dist/cjs/event/input.js:115:9)
      at Object.input 
(node_modules/@testing-library/user-event/dist/cjs/event/input.js:37:9)
      at node_modules/@testing-library/user-event/dist/cjs/event/behavior/keypr
ess.js:31:26
      at Object.dispatchEvent (node_modules/@testing-library/user-event/dist/cj
s/event/dispatchEvent.js:41:13)
      at Object.dispatchUIEvent (node_modules/@testing-library/user-event/dist/
cjs/event/dispatchEvent.js:22:26)
      at KeyboardHost.keydown 
(node_modules/@testing-library/user-event/dist/cjs/system/keyboard.js:76:22)
      at keyboardAction 
(node_modules/@testing-library/user-event/dist/cjs/keyboard/index.js:22:35)
      at Object.keyboard 
(node_modules/@testing-library/user-event/dist/cjs/keyboard/index.js:11:15)
      at Object.type 
(node_modules/@testing-library/user-event/dist/cjs/utility/type.js:17:5)
      at goToStep2 
(src/binding-authorities/__tests__/binding-authorities.test.tsx:1891:9)
      at Object.<anonymous> 
(src/binding-authorities/__tests__/binding-authorities.test.tsx:1966:9)

    console.error
      Warning: An update to BordereauConfigModal inside a test was not wrapped 
in act(...).
      
      When testing, code that causes React state updates should be wrapped 
into act(...):
      
      act(() => {
        /* fire events that update state */
      });
      /* assert on the output */
      
      This ensures that you're testing the behavior the user would see in the 
browser. Learn more at https://reactjs.org/link/wrap-tests-with-act
          at BordereauConfigModal (C:\Users\samhe\OneDrive\Desktop\Cleaned\fron
tend\src\binding-authorities\BordereauConfigModal\BordereauConfigModal.tsx:217:
5)

      372 |                                     type="text"
      373 |                                     value={name}
    > 374 |                                     onChange={e => 
setName(e.target.value)}
          |                                                    ^
      375 |                                     placeholder="e.g. Q1 2025 Risk 
Bordereau"
      376 |                                     className="border 
border-gray-300 rounded px-3 py-2 text-sm w-full"
      377 |                                     autoFocus

      at printWarning 
(node_modules/react-dom/cjs/react-dom.development.js:86:30)
      at error (node_modules/react-dom/cjs/react-dom.development.js:60:7)
      at warnIfUpdatesNotWrappedWithActDEV 
(node_modules/react-dom/cjs/react-dom.development.js:27628:9)
      at scheduleUpdateOnFiber 
(node_modules/react-dom/cjs/react-dom.development.js:25547:5)
      at dispatchSetState 
(node_modules/react-dom/cjs/react-dom.development.js:16708:7)
      at onChange 
(src/binding-authorities/BordereauConfigModal/BordereauConfigModal.tsx:374:52)
      at HTMLUnknownElement.callCallback 
(node_modules/react-dom/cjs/react-dom.development.js:4164:14)
      at HTMLUnknownElement.callTheUserObjectsOperation 
(node_modules/jsdom/lib/jsdom/living/generated/EventListener.js:26:30)
      at innerInvokeEventListeners 
(node_modules/jsdom/lib/jsdom/living/events/EventTarget-impl.js:350:25)
      at invokeEventListeners 
(node_modules/jsdom/lib/jsdom/living/events/EventTarget-impl.js:286:3)
      at HTMLUnknownElementImpl._dispatch 
(node_modules/jsdom/lib/jsdom/living/events/EventTarget-impl.js:233:9)
      at HTMLUnknownElementImpl.dispatchEvent 
(node_modules/jsdom/lib/jsdom/living/events/EventTarget-impl.js:104:17)
      at HTMLUnknownElement.dispatchEvent 
(node_modules/jsdom/lib/jsdom/living/generated/EventTarget.js:241:34)
      at Object.invokeGuardedCallbackDev 
(node_modules/react-dom/cjs/react-dom.development.js:4213:16)
      at invokeGuardedCallback 
(node_modules/react-dom/cjs/react-dom.development.js:4277:31)
      at invokeGuardedCallbackAndCatchFirstError 
(node_modules/react-dom/cjs/react-dom.development.js:4291:25)
      at executeDispatch 
(node_modules/react-dom/cjs/react-dom.development.js:9041:3)
      at processDispatchQueueItemsInOrder 
(node_modules/react-dom/cjs/react-dom.development.js:9073:7)
      at processDispatchQueue 
(node_modules/react-dom/cjs/react-dom.development.js:9086:5)
      at dispatchEventsForPlugins 
(node_modules/react-dom/cjs/react-dom.development.js:9097:3)
      at node_modules/react-dom/cjs/react-dom.development.js:9288:12
      at batchedUpdates$1 
(node_modules/react-dom/cjs/react-dom.development.js:26179:12)
      at batchedUpdates 
(node_modules/react-dom/cjs/react-dom.development.js:3991:12)
      at dispatchEventForPluginEventSystem 
(node_modules/react-dom/cjs/react-dom.development.js:9287:3)
      at dispatchEventWithEnableCapturePhaseSelectiveHydrationWithoutDiscreteEv
entReplay (node_modules/react-dom/cjs/react-dom.development.js:6465:5)
      at dispatchEvent 
(node_modules/react-dom/cjs/react-dom.development.js:6457:5)
      at dispatchDiscreteEvent 
(node_modules/react-dom/cjs/react-dom.development.js:6430:5)
      at HTMLDivElement.callTheUserObjectsOperation 
(node_modules/jsdom/lib/jsdom/living/generated/EventListener.js:26:30)
      at innerInvokeEventListeners 
(node_modules/jsdom/lib/jsdom/living/events/EventTarget-impl.js:350:25)
      at invokeEventListeners 
(node_modules/jsdom/lib/jsdom/living/events/EventTarget-impl.js:286:3)
      at HTMLInputElementImpl._dispatch 
(node_modules/jsdom/lib/jsdom/living/events/EventTarget-impl.js:233:9)
      at HTMLInputElementImpl.dispatchEvent 
(node_modules/jsdom/lib/jsdom/living/events/EventTarget-impl.js:104:17)
      at HTMLInputElement.dispatchEvent 
(node_modules/jsdom/lib/jsdom/living/generated/EventTarget.js:241:34)
      at 
node_modules/@testing-library/user-event/dist/cjs/event/dispatchEvent.js:45:43
      at Object.eventWrapper 
(node_modules/@testing-library/dom/dist/config.js:25:23)
      at Object.wrapEvent 
(node_modules/@testing-library/user-event/dist/cjs/event/wrapEvent.js:6:28)
      at Object.dispatchEvent (node_modules/@testing-library/user-event/dist/cj
s/event/dispatchEvent.js:45:22)
      at Object.dispatchUIEvent (node_modules/@testing-library/user-event/dist/
cjs/event/dispatchEvent.js:22:26)
      at commitInput 
(node_modules/@testing-library/user-event/dist/cjs/event/input.js:145:14)
      at editInputElement 
(node_modules/@testing-library/user-event/dist/cjs/event/input.js:115:9)
      at Object.input 
(node_modules/@testing-library/user-event/dist/cjs/event/input.js:37:9)
      at node_modules/@testing-library/user-event/dist/cjs/event/behavior/keypr
ess.js:31:26
      at Object.dispatchEvent (node_modules/@testing-library/user-event/dist/cj
s/event/dispatchEvent.js:41:13)
      at Object.dispatchUIEvent (node_modules/@testing-library/user-event/dist/
cjs/event/dispatchEvent.js:22:26)
      at KeyboardHost.keydown 
(node_modules/@testing-library/user-event/dist/cjs/system/keyboard.js:76:22)
      at keyboardAction 
(node_modules/@testing-library/user-event/dist/cjs/keyboard/index.js:22:35)
      at Object.keyboard 
(node_modules/@testing-library/user-event/dist/cjs/keyboard/index.js:11:15)
      at Object.type 
(node_modules/@testing-library/user-event/dist/cjs/utility/type.js:17:5)
      at goToStep2 
(src/binding-authorities/__tests__/binding-authorities.test.tsx:1891:9)
      at Object.<anonymous> 
(src/binding-authorities/__tests__/binding-authorities.test.tsx:1966:9)

    console.error
      Warning: An update to BordereauConfigModal inside a test was not wrapped 
in act(...).
      
      When testing, code that causes React state updates should be wrapped 
into act(...):
      
      act(() => {
        /* fire events that update state */
      });
      /* assert on the output */
      
      This ensures that you're testing the behavior the user would see in the 
browser. Learn more at https://reactjs.org/link/wrap-tests-with-act
          at BordereauConfigModal (C:\Users\samhe\OneDrive\Desktop\Cleaned\fron
tend\src\binding-authorities\BordereauConfigModal\BordereauConfigModal.tsx:217:
5)

      372 |                                     type="text"
      373 |                                     value={name}
    > 374 |                                     onChange={e => 
setName(e.target.value)}
          |                                                    ^
      375 |                                     placeholder="e.g. Q1 2025 Risk 
Bordereau"
      376 |                                     className="border 
border-gray-300 rounded px-3 py-2 text-sm w-full"
      377 |                                     autoFocus

      at printWarning 
(node_modules/react-dom/cjs/react-dom.development.js:86:30)
      at error (node_modules/react-dom/cjs/react-dom.development.js:60:7)
      at warnIfUpdatesNotWrappedWithActDEV 
(node_modules/react-dom/cjs/react-dom.development.js:27628:9)
      at scheduleUpdateOnFiber 
(node_modules/react-dom/cjs/react-dom.development.js:25547:5)
      at dispatchSetState 
(node_modules/react-dom/cjs/react-dom.development.js:16708:7)
      at onChange 
(src/binding-authorities/BordereauConfigModal/BordereauConfigModal.tsx:374:52)
      at HTMLUnknownElement.callCallback 
(node_modules/react-dom/cjs/react-dom.development.js:4164:14)
      at HTMLUnknownElement.callTheUserObjectsOperation 
(node_modules/jsdom/lib/jsdom/living/generated/EventListener.js:26:30)
      at innerInvokeEventListeners 
(node_modules/jsdom/lib/jsdom/living/events/EventTarget-impl.js:350:25)
      at invokeEventListeners 
(node_modules/jsdom/lib/jsdom/living/events/EventTarget-impl.js:286:3)
      at HTMLUnknownElementImpl._dispatch 
(node_modules/jsdom/lib/jsdom/living/events/EventTarget-impl.js:233:9)
      at HTMLUnknownElementImpl.dispatchEvent 
(node_modules/jsdom/lib/jsdom/living/events/EventTarget-impl.js:104:17)
      at HTMLUnknownElement.dispatchEvent 
(node_modules/jsdom/lib/jsdom/living/generated/EventTarget.js:241:34)
      at Object.invokeGuardedCallbackDev 
(node_modules/react-dom/cjs/react-dom.development.js:4213:16)
      at invokeGuardedCallback 
(node_modules/react-dom/cjs/react-dom.development.js:4277:31)
      at invokeGuardedCallbackAndCatchFirstError 
(node_modules/react-dom/cjs/react-dom.development.js:4291:25)
      at executeDispatch 
(node_modules/react-dom/cjs/react-dom.development.js:9041:3)
      at processDispatchQueueItemsInOrder 
(node_modules/react-dom/cjs/react-dom.development.js:9073:7)
      at processDispatchQueue 
(node_modules/react-dom/cjs/react-dom.development.js:9086:5)
      at dispatchEventsForPlugins 
(node_modules/react-dom/cjs/react-dom.development.js:9097:3)
      at node_modules/react-dom/cjs/react-dom.development.js:9288:12
      at batchedUpdates$1 
(node_modules/react-dom/cjs/react-dom.development.js:26179:12)
      at batchedUpdates 
(node_modules/react-dom/cjs/react-dom.development.js:3991:12)
      at dispatchEventForPluginEventSystem 
(node_modules/react-dom/cjs/react-dom.development.js:9287:3)
      at dispatchEventWithEnableCapturePhaseSelectiveHydrationWithoutDiscreteEv
entReplay (node_modules/react-dom/cjs/react-dom.development.js:6465:5)
      at dispatchEvent 
(node_modules/react-dom/cjs/react-dom.development.js:6457:5)
      at dispatchDiscreteEvent 
(node_modules/react-dom/cjs/react-dom.development.js:6430:5)
      at HTMLDivElement.callTheUserObjectsOperation 
(node_modules/jsdom/lib/jsdom/living/generated/EventListener.js:26:30)
      at innerInvokeEventListeners 
(node_modules/jsdom/lib/jsdom/living/events/EventTarget-impl.js:350:25)
      at invokeEventListeners 
(node_modules/jsdom/lib/jsdom/living/events/EventTarget-impl.js:286:3)
      at HTMLInputElementImpl._dispatch 
(node_modules/jsdom/lib/jsdom/living/events/EventTarget-impl.js:233:9)
      at HTMLInputElementImpl.dispatchEvent 
(node_modules/jsdom/lib/jsdom/living/events/EventTarget-impl.js:104:17)
      at HTMLInputElement.dispatchEvent 
(node_modules/jsdom/lib/jsdom/living/generated/EventTarget.js:241:34)
      at 
node_modules/@testing-library/user-event/dist/cjs/event/dispatchEvent.js:45:43
      at Object.eventWrapper 
(node_modules/@testing-library/dom/dist/config.js:25:23)
      at Object.wrapEvent 
(node_modules/@testing-library/user-event/dist/cjs/event/wrapEvent.js:6:28)
      at Object.dispatchEvent (node_modules/@testing-library/user-event/dist/cj
s/event/dispatchEvent.js:45:22)
      at Object.dispatchUIEvent (node_modules/@testing-library/user-event/dist/
cjs/event/dispatchEvent.js:22:26)
      at commitInput 
(node_modules/@testing-library/user-event/dist/cjs/event/input.js:145:14)
      at editInputElement 
(node_modules/@testing-library/user-event/dist/cjs/event/input.js:115:9)
      at Object.input 
(node_modules/@testing-library/user-event/dist/cjs/event/input.js:37:9)
      at node_modules/@testing-library/user-event/dist/cjs/event/behavior/keypr
ess.js:31:26
      at Object.dispatchEvent (node_modules/@testing-library/user-event/dist/cj
s/event/dispatchEvent.js:41:13)
      at Object.dispatchUIEvent (node_modules/@testing-library/user-event/dist/
cjs/event/dispatchEvent.js:22:26)
      at KeyboardHost.keydown 
(node_modules/@testing-library/user-event/dist/cjs/system/keyboard.js:76:22)
      at keyboardAction 
(node_modules/@testing-library/user-event/dist/cjs/keyboard/index.js:22:35)
      at Object.keyboard 
(node_modules/@testing-library/user-event/dist/cjs/keyboard/index.js:11:15)
      at Object.type 
(node_modules/@testing-library/user-event/dist/cjs/utility/type.js:17:5)
      at goToStep2 
(src/binding-authorities/__tests__/binding-authorities.test.tsx:1891:9)
      at Object.<anonymous> 
(src/binding-authorities/__tests__/binding-authorities.test.tsx:1966:9)

    console.error
      Warning: An update to BordereauConfigModal inside a test was not wrapped 
in act(...).
      
      When testing, code that causes React state updates should be wrapped 
into act(...):
      
      act(() => {
        /* fire events that update state */
      });
      /* assert on the output */
      
      This ensures that you're testing the behavior the user would see in the 
browser. Learn more at https://reactjs.org/link/wrap-tests-with-act
          at BordereauConfigModal (C:\Users\samhe\OneDrive\Desktop\Cleaned\fron
tend\src\binding-authorities\BordereauConfigModal\BordereauConfigModal.tsx:217:
5)

      616 |                             className="btn btn-primary"
      617 |                             disabled={step === 'setup' && 
name.trim() === ''}
    > 618 |                             onClick={() => setStep(STEPS[stepIndex 
+ 1].key)}
          |                                            ^
      619 |                         >
      620 |                             Next
      621 |                         </button>

      at printWarning 
(node_modules/react-dom/cjs/react-dom.development.js:86:30)
      at error (node_modules/react-dom/cjs/react-dom.development.js:60:7)
      at warnIfUpdatesNotWrappedWithActDEV 
(node_modules/react-dom/cjs/react-dom.development.js:27628:9)
      at scheduleUpdateOnFiber 
(node_modules/react-dom/cjs/react-dom.development.js:25547:5)
      at dispatchSetState 
(node_modules/react-dom/cjs/react-dom.development.js:16708:7)
      at onClick 
(src/binding-authorities/BordereauConfigModal/BordereauConfigModal.tsx:618:44)
      at HTMLUnknownElement.callCallback 
(node_modules/react-dom/cjs/react-dom.development.js:4164:14)
      at HTMLUnknownElement.callTheUserObjectsOperation 
(node_modules/jsdom/lib/jsdom/living/generated/EventListener.js:26:30)
      at innerInvokeEventListeners 
(node_modules/jsdom/lib/jsdom/living/events/EventTarget-impl.js:350:25)
      at invokeEventListeners 
(node_modules/jsdom/lib/jsdom/living/events/EventTarget-impl.js:286:3)
      at HTMLUnknownElementImpl._dispatch 
(node_modules/jsdom/lib/jsdom/living/events/EventTarget-impl.js:233:9)
      at HTMLUnknownElementImpl.dispatchEvent 
(node_modules/jsdom/lib/jsdom/living/events/EventTarget-impl.js:104:17)
      at HTMLUnknownElement.dispatchEvent 
(node_modules/jsdom/lib/jsdom/living/generated/EventTarget.js:241:34)
      at Object.invokeGuardedCallbackDev 
(node_modules/react-dom/cjs/react-dom.development.js:4213:16)
      at invokeGuardedCallback 
(node_modules/react-dom/cjs/react-dom.development.js:4277:31)
      at invokeGuardedCallbackAndCatchFirstError 
(node_modules/react-dom/cjs/react-dom.development.js:4291:25)
      at executeDispatch 
(node_modules/react-dom/cjs/react-dom.development.js:9041:3)
      at processDispatchQueueItemsInOrder 
(node_modules/react-dom/cjs/react-dom.development.js:9073:7)
      at processDispatchQueue 
(node_modules/react-dom/cjs/react-dom.development.js:9086:5)
      at dispatchEventsForPlugins 
(node_modules/react-dom/cjs/react-dom.development.js:9097:3)
      at node_modules/react-dom/cjs/react-dom.development.js:9288:12
      at batchedUpdates$1 
(node_modules/react-dom/cjs/react-dom.development.js:26179:12)
      at batchedUpdates 
(node_modules/react-dom/cjs/react-dom.development.js:3991:12)
      at dispatchEventForPluginEventSystem 
(node_modules/react-dom/cjs/react-dom.development.js:9287:3)
      at dispatchEventWithEnableCapturePhaseSelectiveHydrationWithoutDiscreteEv
entReplay (node_modules/react-dom/cjs/react-dom.development.js:6465:5)
      at dispatchEvent 
(node_modules/react-dom/cjs/react-dom.development.js:6457:5)
      at dispatchDiscreteEvent 
(node_modules/react-dom/cjs/react-dom.development.js:6430:5)
      at HTMLDivElement.callTheUserObjectsOperation 
(node_modules/jsdom/lib/jsdom/living/generated/EventListener.js:26:30)
      at innerInvokeEventListeners 
(node_modules/jsdom/lib/jsdom/living/events/EventTarget-impl.js:350:25)
      at invokeEventListeners 
(node_modules/jsdom/lib/jsdom/living/events/EventTarget-impl.js:286:3)
      at HTMLButtonElementImpl._dispatch 
(node_modules/jsdom/lib/jsdom/living/events/EventTarget-impl.js:233:9)
      at HTMLButtonElementImpl.dispatchEvent 
(node_modules/jsdom/lib/jsdom/living/events/EventTarget-impl.js:104:17)
      at HTMLButtonElement.dispatchEvent 
(node_modules/jsdom/lib/jsdom/living/generated/EventTarget.js:241:34)
      at 
node_modules/@testing-library/user-event/dist/cjs/event/dispatchEvent.js:45:43
      at Object.eventWrapper 
(node_modules/@testing-library/dom/dist/config.js:25:23)
      at Object.wrapEvent 
(node_modules/@testing-library/user-event/dist/cjs/event/wrapEvent.js:6:28)
      at Object.dispatchEvent (node_modules/@testing-library/user-event/dist/cj
s/event/dispatchEvent.js:45:22)
      at Object.dispatchUIEvent (node_modules/@testing-library/user-event/dist/
cjs/event/dispatchEvent.js:22:26)
      at Mouse.up (node_modules/@testing-library/user-event/dist/cjs/system/poi
nter/mouse.js:100:30)
      at PointerHost.release (node_modules/@testing-library/user-event/dist/cjs
/system/pointer/index.js:87:24)
      at pointerAction 
(node_modules/@testing-library/user-event/dist/cjs/pointer/index.js:54:47)
      at Object.pointer 
(node_modules/@testing-library/user-event/dist/cjs/pointer/index.js:27:9)
      at goToStep2 
(src/binding-authorities/__tests__/binding-authorities.test.tsx:1892:9)
      at Object.<anonymous> 
(src/binding-authorities/__tests__/binding-authorities.test.tsx:1966:9)

    console.error
      Warning: An update to BordereauConfigModal inside a test was not wrapped 
in act(...).
      
      When testing, code that causes React state updates should be wrapped 
into act(...):
      
      act(() => {
        /* fire events that update state */
      });
      /* assert on the output */
      
      This ensures that you're testing the behavior the user would see in the 
browser. Learn more at https://reactjs.org/link/wrap-tests-with-act
          at BordereauConfigModal (C:\Users\samhe\OneDrive\Desktop\Cleaned\fron
tend\src\binding-authorities\BordereauConfigModal\BordereauConfigModal.tsx:217:
5)

      372 |                                     type="text"
      373 |                                     value={name}
    > 374 |                                     onChange={e => 
setName(e.target.value)}
          |                                                    ^
      375 |                                     placeholder="e.g. Q1 2025 Risk 
Bordereau"
      376 |                                     className="border 
border-gray-300 rounded px-3 py-2 text-sm w-full"
      377 |                                     autoFocus

      at printWarning 
(node_modules/react-dom/cjs/react-dom.development.js:86:30)
      at error (node_modules/react-dom/cjs/react-dom.development.js:60:7)
      at warnIfUpdatesNotWrappedWithActDEV 
(node_modules/react-dom/cjs/react-dom.development.js:27628:9)
      at scheduleUpdateOnFiber 
(node_modules/react-dom/cjs/react-dom.development.js:25547:5)
      at dispatchSetState 
(node_modules/react-dom/cjs/react-dom.development.js:16708:7)
      at onChange 
(src/binding-authorities/BordereauConfigModal/BordereauConfigModal.tsx:374:52)
      at HTMLUnknownElement.callCallback 
(node_modules/react-dom/cjs/react-dom.development.js:4164:14)
      at HTMLUnknownElement.callTheUserObjectsOperation 
(node_modules/jsdom/lib/jsdom/living/generated/EventListener.js:26:30)
      at innerInvokeEventListeners 
(node_modules/jsdom/lib/jsdom/living/events/EventTarget-impl.js:350:25)
      at invokeEventListeners 
(node_modules/jsdom/lib/jsdom/living/events/EventTarget-impl.js:286:3)
      at HTMLUnknownElementImpl._dispatch 
(node_modules/jsdom/lib/jsdom/living/events/EventTarget-impl.js:233:9)
      at HTMLUnknownElementImpl.dispatchEvent 
(node_modules/jsdom/lib/jsdom/living/events/EventTarget-impl.js:104:17)
      at HTMLUnknownElement.dispatchEvent 
(node_modules/jsdom/lib/jsdom/living/generated/EventTarget.js:241:34)
      at Object.invokeGuardedCallbackDev 
(node_modules/react-dom/cjs/react-dom.development.js:4213:16)
      at invokeGuardedCallback 
(node_modules/react-dom/cjs/react-dom.development.js:4277:31)
      at invokeGuardedCallbackAndCatchFirstError 
(node_modules/react-dom/cjs/react-dom.development.js:4291:25)
      at executeDispatch 
(node_modules/react-dom/cjs/react-dom.development.js:9041:3)
      at processDispatchQueueItemsInOrder 
(node_modules/react-dom/cjs/react-dom.development.js:9073:7)
      at processDispatchQueue 
(node_modules/react-dom/cjs/react-dom.development.js:9086:5)
      at dispatchEventsForPlugins 
(node_modules/react-dom/cjs/react-dom.development.js:9097:3)
      at node_modules/react-dom/cjs/react-dom.development.js:9288:12
      at batchedUpdates$1 
(node_modules/react-dom/cjs/react-dom.development.js:26179:12)
      at batchedUpdates 
(node_modules/react-dom/cjs/react-dom.development.js:3991:12)
      at dispatchEventForPluginEventSystem 
(node_modules/react-dom/cjs/react-dom.development.js:9287:3)
      at dispatchEventWithEnableCapturePhaseSelectiveHydrationWithoutDiscreteEv
entReplay (node_modules/react-dom/cjs/react-dom.development.js:6465:5)
      at dispatchEvent 
(node_modules/react-dom/cjs/react-dom.development.js:6457:5)
      at dispatchDiscreteEvent 
(node_modules/react-dom/cjs/react-dom.development.js:6430:5)
      at HTMLDivElement.callTheUserObjectsOperation 
(node_modules/jsdom/lib/jsdom/living/generated/EventListener.js:26:30)
      at innerInvokeEventListeners 
(node_modules/jsdom/lib/jsdom/living/events/EventTarget-impl.js:350:25)
      at invokeEventListeners 
(node_modules/jsdom/lib/jsdom/living/events/EventTarget-impl.js:286:3)
      at HTMLInputElementImpl._dispatch 
(node_modules/jsdom/lib/jsdom/living/events/EventTarget-impl.js:233:9)
      at HTMLInputElementImpl.dispatchEvent 
(node_modules/jsdom/lib/jsdom/living/events/EventTarget-impl.js:104:17)
      at HTMLInputElement.dispatchEvent 
(node_modules/jsdom/lib/jsdom/living/generated/EventTarget.js:241:34)
      at 
node_modules/@testing-library/user-event/dist/cjs/event/dispatchEvent.js:45:43
      at Object.eventWrapper 
(node_modules/@testing-library/dom/dist/config.js:25:23)
      at Object.wrapEvent 
(node_modules/@testing-library/user-event/dist/cjs/event/wrapEvent.js:6:28)
      at Object.dispatchEvent (node_modules/@testing-library/user-event/dist/cj
s/event/dispatchEvent.js:45:22)
      at Object.dispatchUIEvent (node_modules/@testing-library/user-event/dist/
cjs/event/dispatchEvent.js:22:26)
      at commitInput 
(node_modules/@testing-library/user-event/dist/cjs/event/input.js:145:14)
      at editInputElement 
(node_modules/@testing-library/user-event/dist/cjs/event/input.js:115:9)
      at Object.input 
(node_modules/@testing-library/user-event/dist/cjs/event/input.js:37:9)
      at node_modules/@testing-library/user-event/dist/cjs/event/behavior/keypr
ess.js:31:26
      at Object.dispatchEvent (node_modules/@testing-library/user-event/dist/cj
s/event/dispatchEvent.js:41:13)
      at Object.dispatchUIEvent (node_modules/@testing-library/user-event/dist/
cjs/event/dispatchEvent.js:22:26)
      at KeyboardHost.keydown 
(node_modules/@testing-library/user-event/dist/cjs/system/keyboard.js:76:22)
      at keyboardAction 
(node_modules/@testing-library/user-event/dist/cjs/keyboard/index.js:22:35)
      at Object.keyboard 
(node_modules/@testing-library/user-event/dist/cjs/keyboard/index.js:11:15)
      at Object.type 
(node_modules/@testing-library/user-event/dist/cjs/utility/type.js:17:5)
      at goToStep2 
(src/binding-authorities/__tests__/binding-authorities.test.tsx:1891:9)
      at Object.<anonymous> 
(src/binding-authorities/__tests__/binding-authorities.test.tsx:1972:9)

    console.error
      Warning: An update to BordereauConfigModal inside a test was not wrapped 
in act(...).
      
      When testing, code that causes React state updates should be wrapped 
into act(...):
      
      act(() => {
        /* fire events that update state */
      });
      /* assert on the output */
      
      This ensures that you're testing the behavior the user would see in the 
browser. Learn more at https://reactjs.org/link/wrap-tests-with-act
          at BordereauConfigModal (C:\Users\samhe\OneDrive\Desktop\Cleaned\fron
tend\src\binding-authorities\BordereauConfigModal\BordereauConfigModal.tsx:217:
5)

      372 |                                     type="text"
      373 |                                     value={name}
    > 374 |                                     onChange={e => 
setName(e.target.value)}
          |                                                    ^
      375 |                                     placeholder="e.g. Q1 2025 Risk 
Bordereau"
      376 |                                     className="border 
border-gray-300 rounded px-3 py-2 text-sm w-full"
      377 |                                     autoFocus

      at printWarning 
(node_modules/react-dom/cjs/react-dom.development.js:86:30)
      at error (node_modules/react-dom/cjs/react-dom.development.js:60:7)
      at warnIfUpdatesNotWrappedWithActDEV 
(node_modules/react-dom/cjs/react-dom.development.js:27628:9)
      at scheduleUpdateOnFiber 
(node_modules/react-dom/cjs/react-dom.development.js:25547:5)
      at dispatchSetState 
(node_modules/react-dom/cjs/react-dom.development.js:16708:7)
      at onChange 
(src/binding-authorities/BordereauConfigModal/BordereauConfigModal.tsx:374:52)
      at HTMLUnknownElement.callCallback 
(node_modules/react-dom/cjs/react-dom.development.js:4164:14)
      at HTMLUnknownElement.callTheUserObjectsOperation 
(node_modules/jsdom/lib/jsdom/living/generated/EventListener.js:26:30)
      at innerInvokeEventListeners 
(node_modules/jsdom/lib/jsdom/living/events/EventTarget-impl.js:350:25)
      at invokeEventListeners 
(node_modules/jsdom/lib/jsdom/living/events/EventTarget-impl.js:286:3)
      at HTMLUnknownElementImpl._dispatch 
(node_modules/jsdom/lib/jsdom/living/events/EventTarget-impl.js:233:9)
      at HTMLUnknownElementImpl.dispatchEvent 
(node_modules/jsdom/lib/jsdom/living/events/EventTarget-impl.js:104:17)
      at HTMLUnknownElement.dispatchEvent 
(node_modules/jsdom/lib/jsdom/living/generated/EventTarget.js:241:34)
      at Object.invokeGuardedCallbackDev 
(node_modules/react-dom/cjs/react-dom.development.js:4213:16)
      at invokeGuardedCallback 
(node_modules/react-dom/cjs/react-dom.development.js:4277:31)
      at invokeGuardedCallbackAndCatchFirstError 
(node_modules/react-dom/cjs/react-dom.development.js:4291:25)
      at executeDispatch 
(node_modules/react-dom/cjs/react-dom.development.js:9041:3)
      at processDispatchQueueItemsInOrder 
(node_modules/react-dom/cjs/react-dom.development.js:9073:7)
      at processDispatchQueue 
(node_modules/react-dom/cjs/react-dom.development.js:9086:5)
      at dispatchEventsForPlugins 
(node_modules/react-dom/cjs/react-dom.development.js:9097:3)
      at node_modules/react-dom/cjs/react-dom.development.js:9288:12
      at batchedUpdates$1 
(node_modules/react-dom/cjs/react-dom.development.js:26179:12)
      at batchedUpdates 
(node_modules/react-dom/cjs/react-dom.development.js:3991:12)
      at dispatchEventForPluginEventSystem 
(node_modules/react-dom/cjs/react-dom.development.js:9287:3)
      at dispatchEventWithEnableCapturePhaseSelectiveHydrationWithoutDiscreteEv
entReplay (node_modules/react-dom/cjs/react-dom.development.js:6465:5)
      at dispatchEvent 
(node_modules/react-dom/cjs/react-dom.development.js:6457:5)
      at dispatchDiscreteEvent 
(node_modules/react-dom/cjs/react-dom.development.js:6430:5)
      at HTMLDivElement.callTheUserObjectsOperation 
(node_modules/jsdom/lib/jsdom/living/generated/EventListener.js:26:30)
      at innerInvokeEventListeners 
(node_modules/jsdom/lib/jsdom/living/events/EventTarget-impl.js:350:25)
      at invokeEventListeners 
(node_modules/jsdom/lib/jsdom/living/events/EventTarget-impl.js:286:3)
      at HTMLInputElementImpl._dispatch 
(node_modules/jsdom/lib/jsdom/living/events/EventTarget-impl.js:233:9)
      at HTMLInputElementImpl.dispatchEvent 
(node_modules/jsdom/lib/jsdom/living/events/EventTarget-impl.js:104:17)
      at HTMLInputElement.dispatchEvent 
(node_modules/jsdom/lib/jsdom/living/generated/EventTarget.js:241:34)
      at 
node_modules/@testing-library/user-event/dist/cjs/event/dispatchEvent.js:45:43
      at Object.eventWrapper 
(node_modules/@testing-library/dom/dist/config.js:25:23)
      at Object.wrapEvent 
(node_modules/@testing-library/user-event/dist/cjs/event/wrapEvent.js:6:28)
      at Object.dispatchEvent (node_modules/@testing-library/user-event/dist/cj
s/event/dispatchEvent.js:45:22)
      at Object.dispatchUIEvent (node_modules/@testing-library/user-event/dist/
cjs/event/dispatchEvent.js:22:26)
      at commitInput 
(node_modules/@testing-library/user-event/dist/cjs/event/input.js:145:14)
      at editInputElement 
(node_modules/@testing-library/user-event/dist/cjs/event/input.js:115:9)
      at Object.input 
(node_modules/@testing-library/user-event/dist/cjs/event/input.js:37:9)
      at node_modules/@testing-library/user-event/dist/cjs/event/behavior/keypr
ess.js:31:26
      at Object.dispatchEvent (node_modules/@testing-library/user-event/dist/cj
s/event/dispatchEvent.js:41:13)
      at Object.dispatchUIEvent (node_modules/@testing-library/user-event/dist/
cjs/event/dispatchEvent.js:22:26)
      at KeyboardHost.keydown 
(node_modules/@testing-library/user-event/dist/cjs/system/keyboard.js:76:22)
      at keyboardAction 
(node_modules/@testing-library/user-event/dist/cjs/keyboard/index.js:22:35)
      at Object.keyboard 
(node_modules/@testing-library/user-event/dist/cjs/keyboard/index.js:11:15)
      at Object.type 
(node_modules/@testing-library/user-event/dist/cjs/utility/type.js:17:5)
      at goToStep2 
(src/binding-authorities/__tests__/binding-authorities.test.tsx:1891:9)
      at Object.<anonymous> 
(src/binding-authorities/__tests__/binding-authorities.test.tsx:1972:9)

    console.error
      Warning: An update to BordereauConfigModal inside a test was not wrapped 
in act(...).
      
      When testing, code that causes React state updates should be wrapped 
into act(...):
      
      act(() => {
        /* fire events that update state */
      });
      /* assert on the output */
      
      This ensures that you're testing the behavior the user would see in the 
browser. Learn more at https://reactjs.org/link/wrap-tests-with-act
          at BordereauConfigModal (C:\Users\samhe\OneDrive\Desktop\Cleaned\fron
tend\src\binding-authorities\BordereauConfigModal\BordereauConfigModal.tsx:217:
5)

      372 |                                     type="text"
      373 |                                     value={name}
    > 374 |                                     onChange={e => 
setName(e.target.value)}
          |                                                    ^
      375 |                                     placeholder="e.g. Q1 2025 Risk 
Bordereau"
      376 |                                     className="border 
border-gray-300 rounded px-3 py-2 text-sm w-full"
      377 |                                     autoFocus

      at printWarning 
(node_modules/react-dom/cjs/react-dom.development.js:86:30)
      at error (node_modules/react-dom/cjs/react-dom.development.js:60:7)
      at warnIfUpdatesNotWrappedWithActDEV 
(node_modules/react-dom/cjs/react-dom.development.js:27628:9)
      at scheduleUpdateOnFiber 
(node_modules/react-dom/cjs/react-dom.development.js:25547:5)
      at dispatchSetState 
(node_modules/react-dom/cjs/react-dom.development.js:16708:7)
      at onChange 
(src/binding-authorities/BordereauConfigModal/BordereauConfigModal.tsx:374:52)
      at HTMLUnknownElement.callCallback 
(node_modules/react-dom/cjs/react-dom.development.js:4164:14)
      at HTMLUnknownElement.callTheUserObjectsOperation 
(node_modules/jsdom/lib/jsdom/living/generated/EventListener.js:26:30)
      at innerInvokeEventListeners 
(node_modules/jsdom/lib/jsdom/living/events/EventTarget-impl.js:350:25)
      at invokeEventListeners 
(node_modules/jsdom/lib/jsdom/living/events/EventTarget-impl.js:286:3)
      at HTMLUnknownElementImpl._dispatch 
(node_modules/jsdom/lib/jsdom/living/events/EventTarget-impl.js:233:9)
      at HTMLUnknownElementImpl.dispatchEvent 
(node_modules/jsdom/lib/jsdom/living/events/EventTarget-impl.js:104:17)
      at HTMLUnknownElement.dispatchEvent 
(node_modules/jsdom/lib/jsdom/living/generated/EventTarget.js:241:34)
      at Object.invokeGuardedCallbackDev 
(node_modules/react-dom/cjs/react-dom.development.js:4213:16)
      at invokeGuardedCallback 
(node_modules/react-dom/cjs/react-dom.development.js:4277:31)
      at invokeGuardedCallbackAndCatchFirstError 
(node_modules/react-dom/cjs/react-dom.development.js:4291:25)
      at executeDispatch 
(node_modules/react-dom/cjs/react-dom.development.js:9041:3)
      at processDispatchQueueItemsInOrder 
(node_modules/react-dom/cjs/react-dom.development.js:9073:7)
      at processDispatchQueue 
(node_modules/react-dom/cjs/react-dom.development.js:9086:5)
      at dispatchEventsForPlugins 
(node_modules/react-dom/cjs/react-dom.development.js:9097:3)
      at node_modules/react-dom/cjs/react-dom.development.js:9288:12
      at batchedUpdates$1 
(node_modules/react-dom/cjs/react-dom.development.js:26179:12)
      at batchedUpdates 
(node_modules/react-dom/cjs/react-dom.development.js:3991:12)
      at dispatchEventForPluginEventSystem 
(node_modules/react-dom/cjs/react-dom.development.js:9287:3)
      at dispatchEventWithEnableCapturePhaseSelectiveHydrationWithoutDiscreteEv
entReplay (node_modules/react-dom/cjs/react-dom.development.js:6465:5)
      at dispatchEvent 
(node_modules/react-dom/cjs/react-dom.development.js:6457:5)
      at dispatchDiscreteEvent 
(node_modules/react-dom/cjs/react-dom.development.js:6430:5)
      at HTMLDivElement.callTheUserObjectsOperation 
(node_modules/jsdom/lib/jsdom/living/generated/EventListener.js:26:30)
      at innerInvokeEventListeners 
(node_modules/jsdom/lib/jsdom/living/events/EventTarget-impl.js:350:25)
      at invokeEventListeners 
(node_modules/jsdom/lib/jsdom/living/events/EventTarget-impl.js:286:3)
      at HTMLInputElementImpl._dispatch 
(node_modules/jsdom/lib/jsdom/living/events/EventTarget-impl.js:233:9)
      at HTMLInputElementImpl.dispatchEvent 
(node_modules/jsdom/lib/jsdom/living/events/EventTarget-impl.js:104:17)
      at HTMLInputElement.dispatchEvent 
(node_modules/jsdom/lib/jsdom/living/generated/EventTarget.js:241:34)
      at 
node_modules/@testing-library/user-event/dist/cjs/event/dispatchEvent.js:45:43
      at Object.eventWrapper 
(node_modules/@testing-library/dom/dist/config.js:25:23)
      at Object.wrapEvent 
(node_modules/@testing-library/user-event/dist/cjs/event/wrapEvent.js:6:28)
      at Object.dispatchEvent (node_modules/@testing-library/user-event/dist/cj
s/event/dispatchEvent.js:45:22)
      at Object.dispatchUIEvent (node_modules/@testing-library/user-event/dist/
cjs/event/dispatchEvent.js:22:26)
      at commitInput 
(node_modules/@testing-library/user-event/dist/cjs/event/input.js:145:14)
      at editInputElement 
(node_modules/@testing-library/user-event/dist/cjs/event/input.js:115:9)
      at Object.input 
(node_modules/@testing-library/user-event/dist/cjs/event/input.js:37:9)
      at node_modules/@testing-library/user-event/dist/cjs/event/behavior/keypr
ess.js:31:26
      at Object.dispatchEvent (node_modules/@testing-library/user-event/dist/cj
s/event/dispatchEvent.js:41:13)
      at Object.dispatchUIEvent (node_modules/@testing-library/user-event/dist/
cjs/event/dispatchEvent.js:22:26)
      at KeyboardHost.keydown 
(node_modules/@testing-library/user-event/dist/cjs/system/keyboard.js:76:22)
      at keyboardAction 
(node_modules/@testing-library/user-event/dist/cjs/keyboard/index.js:22:35)
      at Object.keyboard 
(node_modules/@testing-library/user-event/dist/cjs/keyboard/index.js:11:15)
      at Object.type 
(node_modules/@testing-library/user-event/dist/cjs/utility/type.js:17:5)
      at goToStep2 
(src/binding-authorities/__tests__/binding-authorities.test.tsx:1891:9)
      at Object.<anonymous> 
(src/binding-authorities/__tests__/binding-authorities.test.tsx:1972:9)

    console.error
      Warning: An update to BordereauConfigModal inside a test was not wrapped 
in act(...).
      
      When testing, code that causes React state updates should be wrapped 
into act(...):
      
      act(() => {
        /* fire events that update state */
      });
      /* assert on the output */
      
      This ensures that you're testing the behavior the user would see in the 
browser. Learn more at https://reactjs.org/link/wrap-tests-with-act
          at BordereauConfigModal (C:\Users\samhe\OneDrive\Desktop\Cleaned\fron
tend\src\binding-authorities\BordereauConfigModal\BordereauConfigModal.tsx:217:
5)

      372 |                                     type="text"
      373 |                                     value={name}
    > 374 |                                     onChange={e => 
setName(e.target.value)}
          |                                                    ^
      375 |                                     placeholder="e.g. Q1 2025 Risk 
Bordereau"
      376 |                                     className="border 
border-gray-300 rounded px-3 py-2 text-sm w-full"
      377 |                                     autoFocus

      at printWarning 
(node_modules/react-dom/cjs/react-dom.development.js:86:30)
      at error (node_modules/react-dom/cjs/react-dom.development.js:60:7)
      at warnIfUpdatesNotWrappedWithActDEV 
(node_modules/react-dom/cjs/react-dom.development.js:27628:9)
      at scheduleUpdateOnFiber 
(node_modules/react-dom/cjs/react-dom.development.js:25547:5)
      at dispatchSetState 
(node_modules/react-dom/cjs/react-dom.development.js:16708:7)
      at onChange 
(src/binding-authorities/BordereauConfigModal/BordereauConfigModal.tsx:374:52)
      at HTMLUnknownElement.callCallback 
(node_modules/react-dom/cjs/react-dom.development.js:4164:14)
      at HTMLUnknownElement.callTheUserObjectsOperation 
(node_modules/jsdom/lib/jsdom/living/generated/EventListener.js:26:30)
      at innerInvokeEventListeners 
(node_modules/jsdom/lib/jsdom/living/events/EventTarget-impl.js:350:25)
      at invokeEventListeners 
(node_modules/jsdom/lib/jsdom/living/events/EventTarget-impl.js:286:3)
      at HTMLUnknownElementImpl._dispatch 
(node_modules/jsdom/lib/jsdom/living/events/EventTarget-impl.js:233:9)
      at HTMLUnknownElementImpl.dispatchEvent 
(node_modules/jsdom/lib/jsdom/living/events/EventTarget-impl.js:104:17)
      at HTMLUnknownElement.dispatchEvent 
(node_modules/jsdom/lib/jsdom/living/generated/EventTarget.js:241:34)
      at Object.invokeGuardedCallbackDev 
(node_modules/react-dom/cjs/react-dom.development.js:4213:16)
      at invokeGuardedCallback 
(node_modules/react-dom/cjs/react-dom.development.js:4277:31)
      at invokeGuardedCallbackAndCatchFirstError 
(node_modules/react-dom/cjs/react-dom.development.js:4291:25)
      at executeDispatch 
(node_modules/react-dom/cjs/react-dom.development.js:9041:3)
      at processDispatchQueueItemsInOrder 
(node_modules/react-dom/cjs/react-dom.development.js:9073:7)
      at processDispatchQueue 
(node_modules/react-dom/cjs/react-dom.development.js:9086:5)
      at dispatchEventsForPlugins 
(node_modules/react-dom/cjs/react-dom.development.js:9097:3)
      at node_modules/react-dom/cjs/react-dom.development.js:9288:12
      at batchedUpdates$1 
(node_modules/react-dom/cjs/react-dom.development.js:26179:12)
      at batchedUpdates 
(node_modules/react-dom/cjs/react-dom.development.js:3991:12)
      at dispatchEventForPluginEventSystem 
(node_modules/react-dom/cjs/react-dom.development.js:9287:3)
      at dispatchEventWithEnableCapturePhaseSelectiveHydrationWithoutDiscreteEv
entReplay (node_modules/react-dom/cjs/react-dom.development.js:6465:5)
      at dispatchEvent 
(node_modules/react-dom/cjs/react-dom.development.js:6457:5)
      at dispatchDiscreteEvent 
(node_modules/react-dom/cjs/react-dom.development.js:6430:5)
      at HTMLDivElement.callTheUserObjectsOperation 
(node_modules/jsdom/lib/jsdom/living/generated/EventListener.js:26:30)
      at innerInvokeEventListeners 
(node_modules/jsdom/lib/jsdom/living/events/EventTarget-impl.js:350:25)
      at invokeEventListeners 
(node_modules/jsdom/lib/jsdom/living/events/EventTarget-impl.js:286:3)
      at HTMLInputElementImpl._dispatch 
(node_modules/jsdom/lib/jsdom/living/events/EventTarget-impl.js:233:9)
      at HTMLInputElementImpl.dispatchEvent 
(node_modules/jsdom/lib/jsdom/living/events/EventTarget-impl.js:104:17)
      at HTMLInputElement.dispatchEvent 
(node_modules/jsdom/lib/jsdom/living/generated/EventTarget.js:241:34)
      at 
node_modules/@testing-library/user-event/dist/cjs/event/dispatchEvent.js:45:43
      at Object.eventWrapper 
(node_modules/@testing-library/dom/dist/config.js:25:23)
      at Object.wrapEvent 
(node_modules/@testing-library/user-event/dist/cjs/event/wrapEvent.js:6:28)
      at Object.dispatchEvent (node_modules/@testing-library/user-event/dist/cj
s/event/dispatchEvent.js:45:22)
      at Object.dispatchUIEvent (node_modules/@testing-library/user-event/dist/
cjs/event/dispatchEvent.js:22:26)
      at commitInput 
(node_modules/@testing-library/user-event/dist/cjs/event/input.js:145:14)
      at editInputElement 
(node_modules/@testing-library/user-event/dist/cjs/event/input.js:115:9)
      at Object.input 
(node_modules/@testing-library/user-event/dist/cjs/event/input.js:37:9)
      at node_modules/@testing-library/user-event/dist/cjs/event/behavior/keypr
ess.js:31:26
      at Object.dispatchEvent (node_modules/@testing-library/user-event/dist/cj
s/event/dispatchEvent.js:41:13)
      at Object.dispatchUIEvent (node_modules/@testing-library/user-event/dist/
cjs/event/dispatchEvent.js:22:26)
      at KeyboardHost.keydown 
(node_modules/@testing-library/user-event/dist/cjs/system/keyboard.js:76:22)
      at keyboardAction 
(node_modules/@testing-library/user-event/dist/cjs/keyboard/index.js:22:35)
      at Object.keyboard 
(node_modules/@testing-library/user-event/dist/cjs/keyboard/index.js:11:15)
      at Object.type 
(node_modules/@testing-library/user-event/dist/cjs/utility/type.js:17:5)
      at goToStep2 
(src/binding-authorities/__tests__/binding-authorities.test.tsx:1891:9)
      at Object.<anonymous> 
(src/binding-authorities/__tests__/binding-authorities.test.tsx:1972:9)

    console.error
      Warning: An update to BordereauConfigModal inside a test was not wrapped 
in act(...).
      
      When testing, code that causes React state updates should be wrapped 
into act(...):
      
      act(() => {
        /* fire events that update state */
      });
      /* assert on the output */
      
      This ensures that you're testing the behavior the user would see in the 
browser. Learn more at https://reactjs.org/link/wrap-tests-with-act
          at BordereauConfigModal (C:\Users\samhe\OneDrive\Desktop\Cleaned\fron
tend\src\binding-authorities\BordereauConfigModal\BordereauConfigModal.tsx:217:
5)

      372 |                                     type="text"
      373 |                                     value={name}
    > 374 |                                     onChange={e => 
setName(e.target.value)}
          |                                                    ^
      375 |                                     placeholder="e.g. Q1 2025 Risk 
Bordereau"
      376 |                                     className="border 
border-gray-300 rounded px-3 py-2 text-sm w-full"
      377 |                                     autoFocus

      at printWarning 
(node_modules/react-dom/cjs/react-dom.development.js:86:30)
      at error (node_modules/react-dom/cjs/react-dom.development.js:60:7)
      at warnIfUpdatesNotWrappedWithActDEV 
(node_modules/react-dom/cjs/react-dom.development.js:27628:9)
      at scheduleUpdateOnFiber 
(node_modules/react-dom/cjs/react-dom.development.js:25547:5)
      at dispatchSetState 
(node_modules/react-dom/cjs/react-dom.development.js:16708:7)
      at onChange 
(src/binding-authorities/BordereauConfigModal/BordereauConfigModal.tsx:374:52)
      at HTMLUnknownElement.callCallback 
(node_modules/react-dom/cjs/react-dom.development.js:4164:14)
      at HTMLUnknownElement.callTheUserObjectsOperation 
(node_modules/jsdom/lib/jsdom/living/generated/EventListener.js:26:30)
      at innerInvokeEventListeners 
(node_modules/jsdom/lib/jsdom/living/events/EventTarget-impl.js:350:25)
      at invokeEventListeners 
(node_modules/jsdom/lib/jsdom/living/events/EventTarget-impl.js:286:3)
      at HTMLUnknownElementImpl._dispatch 
(node_modules/jsdom/lib/jsdom/living/events/EventTarget-impl.js:233:9)
      at HTMLUnknownElementImpl.dispatchEvent 
(node_modules/jsdom/lib/jsdom/living/events/EventTarget-impl.js:104:17)
      at HTMLUnknownElement.dispatchEvent 
(node_modules/jsdom/lib/jsdom/living/generated/EventTarget.js:241:34)
      at Object.invokeGuardedCallbackDev 
(node_modules/react-dom/cjs/react-dom.development.js:4213:16)
      at invokeGuardedCallback 
(node_modules/react-dom/cjs/react-dom.development.js:4277:31)
      at invokeGuardedCallbackAndCatchFirstError 
(node_modules/react-dom/cjs/react-dom.development.js:4291:25)
      at executeDispatch 
(node_modules/react-dom/cjs/react-dom.development.js:9041:3)
      at processDispatchQueueItemsInOrder 
(node_modules/react-dom/cjs/react-dom.development.js:9073:7)
      at processDispatchQueue 
(node_modules/react-dom/cjs/react-dom.development.js:9086:5)
      at dispatchEventsForPlugins 
(node_modules/react-dom/cjs/react-dom.development.js:9097:3)
      at node_modules/react-dom/cjs/react-dom.development.js:9288:12
      at batchedUpdates$1 
(node_modules/react-dom/cjs/react-dom.development.js:26179:12)
      at batchedUpdates 
(node_modules/react-dom/cjs/react-dom.development.js:3991:12)
      at dispatchEventForPluginEventSystem 
(node_modules/react-dom/cjs/react-dom.development.js:9287:3)
      at dispatchEventWithEnableCapturePhaseSelectiveHydrationWithoutDiscreteEv
entReplay (node_modules/react-dom/cjs/react-dom.development.js:6465:5)
      at dispatchEvent 
(node_modules/react-dom/cjs/react-dom.development.js:6457:5)
      at dispatchDiscreteEvent 
(node_modules/react-dom/cjs/react-dom.development.js:6430:5)
      at HTMLDivElement.callTheUserObjectsOperation 
(node_modules/jsdom/lib/jsdom/living/generated/EventListener.js:26:30)
      at innerInvokeEventListeners 
(node_modules/jsdom/lib/jsdom/living/events/EventTarget-impl.js:350:25)
      at invokeEventListeners 
(node_modules/jsdom/lib/jsdom/living/events/EventTarget-impl.js:286:3)
      at HTMLInputElementImpl._dispatch 
(node_modules/jsdom/lib/jsdom/living/events/EventTarget-impl.js:233:9)
      at HTMLInputElementImpl.dispatchEvent 
(node_modules/jsdom/lib/jsdom/living/events/EventTarget-impl.js:104:17)
      at HTMLInputElement.dispatchEvent 
(node_modules/jsdom/lib/jsdom/living/generated/EventTarget.js:241:34)
      at 
node_modules/@testing-library/user-event/dist/cjs/event/dispatchEvent.js:45:43
      at Object.eventWrapper 
(node_modules/@testing-library/dom/dist/config.js:25:23)
      at Object.wrapEvent 
(node_modules/@testing-library/user-event/dist/cjs/event/wrapEvent.js:6:28)
      at Object.dispatchEvent (node_modules/@testing-library/user-event/dist/cj
s/event/dispatchEvent.js:45:22)
      at Object.dispatchUIEvent (node_modules/@testing-library/user-event/dist/
cjs/event/dispatchEvent.js:22:26)
      at commitInput 
(node_modules/@testing-library/user-event/dist/cjs/event/input.js:145:14)
      at editInputElement 
(node_modules/@testing-library/user-event/dist/cjs/event/input.js:115:9)
      at Object.input 
(node_modules/@testing-library/user-event/dist/cjs/event/input.js:37:9)
      at node_modules/@testing-library/user-event/dist/cjs/event/behavior/keypr
ess.js:31:26
      at Object.dispatchEvent (node_modules/@testing-library/user-event/dist/cj
s/event/dispatchEvent.js:41:13)
      at Object.dispatchUIEvent (node_modules/@testing-library/user-event/dist/
cjs/event/dispatchEvent.js:22:26)
      at KeyboardHost.keydown 
(node_modules/@testing-library/user-event/dist/cjs/system/keyboard.js:76:22)
      at keyboardAction 
(node_modules/@testing-library/user-event/dist/cjs/keyboard/index.js:22:35)
      at Object.keyboard 
(node_modules/@testing-library/user-event/dist/cjs/keyboard/index.js:11:15)
      at Object.type 
(node_modules/@testing-library/user-event/dist/cjs/utility/type.js:17:5)
      at goToStep2 
(src/binding-authorities/__tests__/binding-authorities.test.tsx:1891:9)
      at Object.<anonymous> 
(src/binding-authorities/__tests__/binding-authorities.test.tsx:1972:9)

    console.error
      Warning: An update to BordereauConfigModal inside a test was not wrapped 
in act(...).
      
      When testing, code that causes React state updates should be wrapped 
into act(...):
      
      act(() => {
        /* fire events that update state */
      });
      /* assert on the output */
      
      This ensures that you're testing the behavior the user would see in the 
browser. Learn more at https://reactjs.org/link/wrap-tests-with-act
          at BordereauConfigModal (C:\Users\samhe\OneDrive\Desktop\Cleaned\fron
tend\src\binding-authorities\BordereauConfigModal\BordereauConfigModal.tsx:217:
5)

      372 |                                     type="text"
      373 |                                     value={name}
    > 374 |                                     onChange={e => 
setName(e.target.value)}
          |                                                    ^
      375 |                                     placeholder="e.g. Q1 2025 Risk 
Bordereau"
      376 |                                     className="border 
border-gray-300 rounded px-3 py-2 text-sm w-full"
      377 |                                     autoFocus

      at printWarning 
(node_modules/react-dom/cjs/react-dom.development.js:86:30)
      at error (node_modules/react-dom/cjs/react-dom.development.js:60:7)
      at warnIfUpdatesNotWrappedWithActDEV 
(node_modules/react-dom/cjs/react-dom.development.js:27628:9)
      at scheduleUpdateOnFiber 
(node_modules/react-dom/cjs/react-dom.development.js:25547:5)
      at dispatchSetState 
(node_modules/react-dom/cjs/react-dom.development.js:16708:7)
      at onChange 
(src/binding-authorities/BordereauConfigModal/BordereauConfigModal.tsx:374:52)
      at HTMLUnknownElement.callCallback 
(node_modules/react-dom/cjs/react-dom.development.js:4164:14)
      at HTMLUnknownElement.callTheUserObjectsOperation 
(node_modules/jsdom/lib/jsdom/living/generated/EventListener.js:26:30)
      at innerInvokeEventListeners 
(node_modules/jsdom/lib/jsdom/living/events/EventTarget-impl.js:350:25)
      at invokeEventListeners 
(node_modules/jsdom/lib/jsdom/living/events/EventTarget-impl.js:286:3)
      at HTMLUnknownElementImpl._dispatch 
(node_modules/jsdom/lib/jsdom/living/events/EventTarget-impl.js:233:9)
      at HTMLUnknownElementImpl.dispatchEvent 
(node_modules/jsdom/lib/jsdom/living/events/EventTarget-impl.js:104:17)
      at HTMLUnknownElement.dispatchEvent 
(node_modules/jsdom/lib/jsdom/living/generated/EventTarget.js:241:34)
      at Object.invokeGuardedCallbackDev 
(node_modules/react-dom/cjs/react-dom.development.js:4213:16)
      at invokeGuardedCallback 
(node_modules/react-dom/cjs/react-dom.development.js:4277:31)
      at invokeGuardedCallbackAndCatchFirstError 
(node_modules/react-dom/cjs/react-dom.development.js:4291:25)
      at executeDispatch 
(node_modules/react-dom/cjs/react-dom.development.js:9041:3)
      at processDispatchQueueItemsInOrder 
(node_modules/react-dom/cjs/react-dom.development.js:9073:7)
      at processDispatchQueue 
(node_modules/react-dom/cjs/react-dom.development.js:9086:5)
      at dispatchEventsForPlugins 
(node_modules/react-dom/cjs/react-dom.development.js:9097:3)
      at node_modules/react-dom/cjs/react-dom.development.js:9288:12
      at batchedUpdates$1 
(node_modules/react-dom/cjs/react-dom.development.js:26179:12)
      at batchedUpdates 
(node_modules/react-dom/cjs/react-dom.development.js:3991:12)
      at dispatchEventForPluginEventSystem 
(node_modules/react-dom/cjs/react-dom.development.js:9287:3)
      at dispatchEventWithEnableCapturePhaseSelectiveHydrationWithoutDiscreteEv
entReplay (node_modules/react-dom/cjs/react-dom.development.js:6465:5)
      at dispatchEvent 
(node_modules/react-dom/cjs/react-dom.development.js:6457:5)
      at dispatchDiscreteEvent 
(node_modules/react-dom/cjs/react-dom.development.js:6430:5)
      at HTMLDivElement.callTheUserObjectsOperation 
(node_modules/jsdom/lib/jsdom/living/generated/EventListener.js:26:30)
      at innerInvokeEventListeners 
(node_modules/jsdom/lib/jsdom/living/events/EventTarget-impl.js:350:25)
      at invokeEventListeners 
(node_modules/jsdom/lib/jsdom/living/events/EventTarget-impl.js:286:3)
      at HTMLInputElementImpl._dispatch 
(node_modules/jsdom/lib/jsdom/living/events/EventTarget-impl.js:233:9)
      at HTMLInputElementImpl.dispatchEvent 
(node_modules/jsdom/lib/jsdom/living/events/EventTarget-impl.js:104:17)
      at HTMLInputElement.dispatchEvent 
(node_modules/jsdom/lib/jsdom/living/generated/EventTarget.js:241:34)
      at 
node_modules/@testing-library/user-event/dist/cjs/event/dispatchEvent.js:45:43
      at Object.eventWrapper 
(node_modules/@testing-library/dom/dist/config.js:25:23)
      at Object.wrapEvent 
(node_modules/@testing-library/user-event/dist/cjs/event/wrapEvent.js:6:28)
      at Object.dispatchEvent (node_modules/@testing-library/user-event/dist/cj
s/event/dispatchEvent.js:45:22)
      at Object.dispatchUIEvent (node_modules/@testing-library/user-event/dist/
cjs/event/dispatchEvent.js:22:26)
      at commitInput 
(node_modules/@testing-library/user-event/dist/cjs/event/input.js:145:14)
      at editInputElement 
(node_modules/@testing-library/user-event/dist/cjs/event/input.js:115:9)
      at Object.input 
(node_modules/@testing-library/user-event/dist/cjs/event/input.js:37:9)
      at node_modules/@testing-library/user-event/dist/cjs/event/behavior/keypr
ess.js:31:26
      at Object.dispatchEvent (node_modules/@testing-library/user-event/dist/cj
s/event/dispatchEvent.js:41:13)
      at Object.dispatchUIEvent (node_modules/@testing-library/user-event/dist/
cjs/event/dispatchEvent.js:22:26)
      at KeyboardHost.keydown 
(node_modules/@testing-library/user-event/dist/cjs/system/keyboard.js:76:22)
      at keyboardAction 
(node_modules/@testing-library/user-event/dist/cjs/keyboard/index.js:22:35)
      at Object.keyboard 
(node_modules/@testing-library/user-event/dist/cjs/keyboard/index.js:11:15)
      at Object.type 
(node_modules/@testing-library/user-event/dist/cjs/utility/type.js:17:5)
      at goToStep2 
(src/binding-authorities/__tests__/binding-authorities.test.tsx:1891:9)
      at Object.<anonymous> 
(src/binding-authorities/__tests__/binding-authorities.test.tsx:1972:9)

    console.error
      Warning: An update to BordereauConfigModal inside a test was not wrapped 
in act(...).
      
      When testing, code that causes React state updates should be wrapped 
into act(...):
      
      act(() => {
        /* fire events that update state */
      });
      /* assert on the output */
      
      This ensures that you're testing the behavior the user would see in the 
browser. Learn more at https://reactjs.org/link/wrap-tests-with-act
          at BordereauConfigModal (C:\Users\samhe\OneDrive\Desktop\Cleaned\fron
tend\src\binding-authorities\BordereauConfigModal\BordereauConfigModal.tsx:217:
5)

      372 |                                     type="text"
      373 |                                     value={name}
    > 374 |                                     onChange={e => 
setName(e.target.value)}
          |                                                    ^
      375 |                                     placeholder="e.g. Q1 2025 Risk 
Bordereau"
      376 |                                     className="border 
border-gray-300 rounded px-3 py-2 text-sm w-full"
      377 |                                     autoFocus

      at printWarning 
(node_modules/react-dom/cjs/react-dom.development.js:86:30)
      at error (node_modules/react-dom/cjs/react-dom.development.js:60:7)
      at warnIfUpdatesNotWrappedWithActDEV 
(node_modules/react-dom/cjs/react-dom.development.js:27628:9)
      at scheduleUpdateOnFiber 
(node_modules/react-dom/cjs/react-dom.development.js:25547:5)
      at dispatchSetState 
(node_modules/react-dom/cjs/react-dom.development.js:16708:7)
      at onChange 
(src/binding-authorities/BordereauConfigModal/BordereauConfigModal.tsx:374:52)
      at HTMLUnknownElement.callCallback 
(node_modules/react-dom/cjs/react-dom.development.js:4164:14)
      at HTMLUnknownElement.callTheUserObjectsOperation 
(node_modules/jsdom/lib/jsdom/living/generated/EventListener.js:26:30)
      at innerInvokeEventListeners 
(node_modules/jsdom/lib/jsdom/living/events/EventTarget-impl.js:350:25)
      at invokeEventListeners 
(node_modules/jsdom/lib/jsdom/living/events/EventTarget-impl.js:286:3)
      at HTMLUnknownElementImpl._dispatch 
(node_modules/jsdom/lib/jsdom/living/events/EventTarget-impl.js:233:9)
      at HTMLUnknownElementImpl.dispatchEvent 
(node_modules/jsdom/lib/jsdom/living/events/EventTarget-impl.js:104:17)
      at HTMLUnknownElement.dispatchEvent 
(node_modules/jsdom/lib/jsdom/living/generated/EventTarget.js:241:34)
      at Object.invokeGuardedCallbackDev 
(node_modules/react-dom/cjs/react-dom.development.js:4213:16)
      at invokeGuardedCallback 
(node_modules/react-dom/cjs/react-dom.development.js:4277:31)
      at invokeGuardedCallbackAndCatchFirstError 
(node_modules/react-dom/cjs/react-dom.development.js:4291:25)
      at executeDispatch 
(node_modules/react-dom/cjs/react-dom.development.js:9041:3)
      at processDispatchQueueItemsInOrder 
(node_modules/react-dom/cjs/react-dom.development.js:9073:7)
      at processDispatchQueue 
(node_modules/react-dom/cjs/react-dom.development.js:9086:5)
      at dispatchEventsForPlugins 
(node_modules/react-dom/cjs/react-dom.development.js:9097:3)
      at node_modules/react-dom/cjs/react-dom.development.js:9288:12
      at batchedUpdates$1 
(node_modules/react-dom/cjs/react-dom.development.js:26179:12)
      at batchedUpdates 
(node_modules/react-dom/cjs/react-dom.development.js:3991:12)
      at dispatchEventForPluginEventSystem 
(node_modules/react-dom/cjs/react-dom.development.js:9287:3)
      at dispatchEventWithEnableCapturePhaseSelectiveHydrationWithoutDiscreteEv
entReplay (node_modules/react-dom/cjs/react-dom.development.js:6465:5)
      at dispatchEvent 
(node_modules/react-dom/cjs/react-dom.development.js:6457:5)
      at dispatchDiscreteEvent 
(node_modules/react-dom/cjs/react-dom.development.js:6430:5)
      at HTMLDivElement.callTheUserObjectsOperation 
(node_modules/jsdom/lib/jsdom/living/generated/EventListener.js:26:30)
      at innerInvokeEventListeners 
(node_modules/jsdom/lib/jsdom/living/events/EventTarget-impl.js:350:25)
      at invokeEventListeners 
(node_modules/jsdom/lib/jsdom/living/events/EventTarget-impl.js:286:3)
      at HTMLInputElementImpl._dispatch 
(node_modules/jsdom/lib/jsdom/living/events/EventTarget-impl.js:233:9)
      at HTMLInputElementImpl.dispatchEvent 
(node_modules/jsdom/lib/jsdom/living/events/EventTarget-impl.js:104:17)
      at HTMLInputElement.dispatchEvent 
(node_modules/jsdom/lib/jsdom/living/generated/EventTarget.js:241:34)
      at 
node_modules/@testing-library/user-event/dist/cjs/event/dispatchEvent.js:45:43
      at Object.eventWrapper 
(node_modules/@testing-library/dom/dist/config.js:25:23)
      at Object.wrapEvent 
(node_modules/@testing-library/user-event/dist/cjs/event/wrapEvent.js:6:28)
      at Object.dispatchEvent (node_modules/@testing-library/user-event/dist/cj
s/event/dispatchEvent.js:45:22)
      at Object.dispatchUIEvent (node_modules/@testing-library/user-event/dist/
cjs/event/dispatchEvent.js:22:26)
      at commitInput 
(node_modules/@testing-library/user-event/dist/cjs/event/input.js:145:14)
      at editInputElement 
(node_modules/@testing-library/user-event/dist/cjs/event/input.js:115:9)
      at Object.input 
(node_modules/@testing-library/user-event/dist/cjs/event/input.js:37:9)
      at node_modules/@testing-library/user-event/dist/cjs/event/behavior/keypr
ess.js:31:26
      at Object.dispatchEvent (node_modules/@testing-library/user-event/dist/cj
s/event/dispatchEvent.js:41:13)
      at Object.dispatchUIEvent (node_modules/@testing-library/user-event/dist/
cjs/event/dispatchEvent.js:22:26)
      at KeyboardHost.keydown 
(node_modules/@testing-library/user-event/dist/cjs/system/keyboard.js:76:22)
      at keyboardAction 
(node_modules/@testing-library/user-event/dist/cjs/keyboard/index.js:22:35)
      at Object.keyboard 
(node_modules/@testing-library/user-event/dist/cjs/keyboard/index.js:11:15)
      at Object.type 
(node_modules/@testing-library/user-event/dist/cjs/utility/type.js:17:5)
      at goToStep2 
(src/binding-authorities/__tests__/binding-authorities.test.tsx:1891:9)
      at Object.<anonymous> 
(src/binding-authorities/__tests__/binding-authorities.test.tsx:1972:9)

    console.error
      Warning: An update to BordereauConfigModal inside a test was not wrapped 
in act(...).
      
      When testing, code that causes React state updates should be wrapped 
into act(...):
      
      act(() => {
        /* fire events that update state */
      });
      /* assert on the output */
      
      This ensures that you're testing the behavior the user would see in the 
browser. Learn more at https://reactjs.org/link/wrap-tests-with-act
          at BordereauConfigModal (C:\Users\samhe\OneDrive\Desktop\Cleaned\fron
tend\src\binding-authorities\BordereauConfigModal\BordereauConfigModal.tsx:217:
5)

      372 |                                     type="text"
      373 |                                     value={name}
    > 374 |                                     onChange={e => 
setName(e.target.value)}
          |                                                    ^
      375 |                                     placeholder="e.g. Q1 2025 Risk 
Bordereau"
      376 |                                     className="border 
border-gray-300 rounded px-3 py-2 text-sm w-full"
      377 |                                     autoFocus

      at printWarning 
(node_modules/react-dom/cjs/react-dom.development.js:86:30)
      at error (node_modules/react-dom/cjs/react-dom.development.js:60:7)
      at warnIfUpdatesNotWrappedWithActDEV 
(node_modules/react-dom/cjs/react-dom.development.js:27628:9)
      at scheduleUpdateOnFiber 
(node_modules/react-dom/cjs/react-dom.development.js:25547:5)
      at dispatchSetState 
(node_modules/react-dom/cjs/react-dom.development.js:16708:7)
      at onChange 
(src/binding-authorities/BordereauConfigModal/BordereauConfigModal.tsx:374:52)
      at HTMLUnknownElement.callCallback 
(node_modules/react-dom/cjs/react-dom.development.js:4164:14)
      at HTMLUnknownElement.callTheUserObjectsOperation 
(node_modules/jsdom/lib/jsdom/living/generated/EventListener.js:26:30)
      at innerInvokeEventListeners 
(node_modules/jsdom/lib/jsdom/living/events/EventTarget-impl.js:350:25)
      at invokeEventListeners 
(node_modules/jsdom/lib/jsdom/living/events/EventTarget-impl.js:286:3)
      at HTMLUnknownElementImpl._dispatch 
(node_modules/jsdom/lib/jsdom/living/events/EventTarget-impl.js:233:9)
      at HTMLUnknownElementImpl.dispatchEvent 
(node_modules/jsdom/lib/jsdom/living/events/EventTarget-impl.js:104:17)
      at HTMLUnknownElement.dispatchEvent 
(node_modules/jsdom/lib/jsdom/living/generated/EventTarget.js:241:34)
      at Object.invokeGuardedCallbackDev 
(node_modules/react-dom/cjs/react-dom.development.js:4213:16)
      at invokeGuardedCallback 
(node_modules/react-dom/cjs/react-dom.development.js:4277:31)
      at invokeGuardedCallbackAndCatchFirstError 
(node_modules/react-dom/cjs/react-dom.development.js:4291:25)
      at executeDispatch 
(node_modules/react-dom/cjs/react-dom.development.js:9041:3)
      at processDispatchQueueItemsInOrder 
(node_modules/react-dom/cjs/react-dom.development.js:9073:7)
      at processDispatchQueue 
(node_modules/react-dom/cjs/react-dom.development.js:9086:5)
      at dispatchEventsForPlugins 
(node_modules/react-dom/cjs/react-dom.development.js:9097:3)
      at node_modules/react-dom/cjs/react-dom.development.js:9288:12
      at batchedUpdates$1 
(node_modules/react-dom/cjs/react-dom.development.js:26179:12)
      at batchedUpdates 
(node_modules/react-dom/cjs/react-dom.development.js:3991:12)
      at dispatchEventForPluginEventSystem 
(node_modules/react-dom/cjs/react-dom.development.js:9287:3)
      at dispatchEventWithEnableCapturePhaseSelectiveHydrationWithoutDiscreteEv
entReplay (node_modules/react-dom/cjs/react-dom.development.js:6465:5)
      at dispatchEvent 
(node_modules/react-dom/cjs/react-dom.development.js:6457:5)
      at dispatchDiscreteEvent 
(node_modules/react-dom/cjs/react-dom.development.js:6430:5)
      at HTMLDivElement.callTheUserObjectsOperation 
(node_modules/jsdom/lib/jsdom/living/generated/EventListener.js:26:30)
      at innerInvokeEventListeners 
(node_modules/jsdom/lib/jsdom/living/events/EventTarget-impl.js:350:25)
      at invokeEventListeners 
(node_modules/jsdom/lib/jsdom/living/events/EventTarget-impl.js:286:3)
      at HTMLInputElementImpl._dispatch 
(node_modules/jsdom/lib/jsdom/living/events/EventTarget-impl.js:233:9)
      at HTMLInputElementImpl.dispatchEvent 
(node_modules/jsdom/lib/jsdom/living/events/EventTarget-impl.js:104:17)
      at HTMLInputElement.dispatchEvent 
(node_modules/jsdom/lib/jsdom/living/generated/EventTarget.js:241:34)
      at 
node_modules/@testing-library/user-event/dist/cjs/event/dispatchEvent.js:45:43
      at Object.eventWrapper 
(node_modules/@testing-library/dom/dist/config.js:25:23)
      at Object.wrapEvent 
(node_modules/@testing-library/user-event/dist/cjs/event/wrapEvent.js:6:28)
      at Object.dispatchEvent (node_modules/@testing-library/user-event/dist/cj
s/event/dispatchEvent.js:45:22)
      at Object.dispatchUIEvent (node_modules/@testing-library/user-event/dist/
cjs/event/dispatchEvent.js:22:26)
      at commitInput 
(node_modules/@testing-library/user-event/dist/cjs/event/input.js:145:14)
      at editInputElement 
(node_modules/@testing-library/user-event/dist/cjs/event/input.js:115:9)
      at Object.input 
(node_modules/@testing-library/user-event/dist/cjs/event/input.js:37:9)
      at node_modules/@testing-library/user-event/dist/cjs/event/behavior/keypr
ess.js:31:26
      at Object.dispatchEvent (node_modules/@testing-library/user-event/dist/cj
s/event/dispatchEvent.js:41:13)
      at Object.dispatchUIEvent (node_modules/@testing-library/user-event/dist/
cjs/event/dispatchEvent.js:22:26)
      at KeyboardHost.keydown 
(node_modules/@testing-library/user-event/dist/cjs/system/keyboard.js:76:22)
      at keyboardAction 
(node_modules/@testing-library/user-event/dist/cjs/keyboard/index.js:22:35)
      at Object.keyboard 
(node_modules/@testing-library/user-event/dist/cjs/keyboard/index.js:11:15)
      at Object.type 
(node_modules/@testing-library/user-event/dist/cjs/utility/type.js:17:5)
      at goToStep2 
(src/binding-authorities/__tests__/binding-authorities.test.tsx:1891:9)
      at Object.<anonymous> 
(src/binding-authorities/__tests__/binding-authorities.test.tsx:1972:9)

    console.error
      Warning: An update to BordereauConfigModal inside a test was not wrapped 
in act(...).
      
      When testing, code that causes React state updates should be wrapped 
into act(...):
      
      act(() => {
        /* fire events that update state */
      });
      /* assert on the output */
      
      This ensures that you're testing the behavior the user would see in the 
browser. Learn more at https://reactjs.org/link/wrap-tests-with-act
          at BordereauConfigModal (C:\Users\samhe\OneDrive\Desktop\Cleaned\fron
tend\src\binding-authorities\BordereauConfigModal\BordereauConfigModal.tsx:217:
5)

      372 |                                     type="text"
      373 |                                     value={name}
    > 374 |                                     onChange={e => 
setName(e.target.value)}
          |                                                    ^
      375 |                                     placeholder="e.g. Q1 2025 Risk 
Bordereau"
      376 |                                     className="border 
border-gray-300 rounded px-3 py-2 text-sm w-full"
      377 |                                     autoFocus

      at printWarning 
(node_modules/react-dom/cjs/react-dom.development.js:86:30)
      at error (node_modules/react-dom/cjs/react-dom.development.js:60:7)
      at warnIfUpdatesNotWrappedWithActDEV 
(node_modules/react-dom/cjs/react-dom.development.js:27628:9)
      at scheduleUpdateOnFiber 
(node_modules/react-dom/cjs/react-dom.development.js:25547:5)
      at dispatchSetState 
(node_modules/react-dom/cjs/react-dom.development.js:16708:7)
      at onChange 
(src/binding-authorities/BordereauConfigModal/BordereauConfigModal.tsx:374:52)
      at HTMLUnknownElement.callCallback 
(node_modules/react-dom/cjs/react-dom.development.js:4164:14)
      at HTMLUnknownElement.callTheUserObjectsOperation 
(node_modules/jsdom/lib/jsdom/living/generated/EventListener.js:26:30)
      at innerInvokeEventListeners 
(node_modules/jsdom/lib/jsdom/living/events/EventTarget-impl.js:350:25)
      at invokeEventListeners 
(node_modules/jsdom/lib/jsdom/living/events/EventTarget-impl.js:286:3)
      at HTMLUnknownElementImpl._dispatch 
(node_modules/jsdom/lib/jsdom/living/events/EventTarget-impl.js:233:9)
      at HTMLUnknownElementImpl.dispatchEvent 
(node_modules/jsdom/lib/jsdom/living/events/EventTarget-impl.js:104:17)
      at HTMLUnknownElement.dispatchEvent 
(node_modules/jsdom/lib/jsdom/living/generated/EventTarget.js:241:34)
      at Object.invokeGuardedCallbackDev 
(node_modules/react-dom/cjs/react-dom.development.js:4213:16)
      at invokeGuardedCallback 
(node_modules/react-dom/cjs/react-dom.development.js:4277:31)
      at invokeGuardedCallbackAndCatchFirstError 
(node_modules/react-dom/cjs/react-dom.development.js:4291:25)
      at executeDispatch 
(node_modules/react-dom/cjs/react-dom.development.js:9041:3)
      at processDispatchQueueItemsInOrder 
(node_modules/react-dom/cjs/react-dom.development.js:9073:7)
      at processDispatchQueue 
(node_modules/react-dom/cjs/react-dom.development.js:9086:5)
      at dispatchEventsForPlugins 
(node_modules/react-dom/cjs/react-dom.development.js:9097:3)
      at node_modules/react-dom/cjs/react-dom.development.js:9288:12
      at batchedUpdates$1 
(node_modules/react-dom/cjs/react-dom.development.js:26179:12)
      at batchedUpdates 
(node_modules/react-dom/cjs/react-dom.development.js:3991:12)
      at dispatchEventForPluginEventSystem 
(node_modules/react-dom/cjs/react-dom.development.js:9287:3)
      at dispatchEventWithEnableCapturePhaseSelectiveHydrationWithoutDiscreteEv
entReplay (node_modules/react-dom/cjs/react-dom.development.js:6465:5)
      at dispatchEvent 
(node_modules/react-dom/cjs/react-dom.development.js:6457:5)
      at dispatchDiscreteEvent 
(node_modules/react-dom/cjs/react-dom.development.js:6430:5)
      at HTMLDivElement.callTheUserObjectsOperation 
(node_modules/jsdom/lib/jsdom/living/generated/EventListener.js:26:30)
      at innerInvokeEventListeners 
(node_modules/jsdom/lib/jsdom/living/events/EventTarget-impl.js:350:25)
      at invokeEventListeners 
(node_modules/jsdom/lib/jsdom/living/events/EventTarget-impl.js:286:3)
      at HTMLInputElementImpl._dispatch 
(node_modules/jsdom/lib/jsdom/living/events/EventTarget-impl.js:233:9)
      at HTMLInputElementImpl.dispatchEvent 
(node_modules/jsdom/lib/jsdom/living/events/EventTarget-impl.js:104:17)
      at HTMLInputElement.dispatchEvent 
(node_modules/jsdom/lib/jsdom/living/generated/EventTarget.js:241:34)
      at 
node_modules/@testing-library/user-event/dist/cjs/event/dispatchEvent.js:45:43
      at Object.eventWrapper 
(node_modules/@testing-library/dom/dist/config.js:25:23)
      at Object.wrapEvent 
(node_modules/@testing-library/user-event/dist/cjs/event/wrapEvent.js:6:28)
      at Object.dispatchEvent (node_modules/@testing-library/user-event/dist/cj
s/event/dispatchEvent.js:45:22)
      at Object.dispatchUIEvent (node_modules/@testing-library/user-event/dist/
cjs/event/dispatchEvent.js:22:26)
      at commitInput 
(node_modules/@testing-library/user-event/dist/cjs/event/input.js:145:14)
      at editInputElement 
(node_modules/@testing-library/user-event/dist/cjs/event/input.js:115:9)
      at Object.input 
(node_modules/@testing-library/user-event/dist/cjs/event/input.js:37:9)
      at node_modules/@testing-library/user-event/dist/cjs/event/behavior/keypr
ess.js:31:26
      at Object.dispatchEvent (node_modules/@testing-library/user-event/dist/cj
s/event/dispatchEvent.js:41:13)
      at Object.dispatchUIEvent (node_modules/@testing-library/user-event/dist/
cjs/event/dispatchEvent.js:22:26)
      at KeyboardHost.keydown 
(node_modules/@testing-library/user-event/dist/cjs/system/keyboard.js:76:22)
      at keyboardAction 
(node_modules/@testing-library/user-event/dist/cjs/keyboard/index.js:22:35)
      at Object.keyboard 
(node_modules/@testing-library/user-event/dist/cjs/keyboard/index.js:11:15)
      at Object.type 
(node_modules/@testing-library/user-event/dist/cjs/utility/type.js:17:5)
      at goToStep2 
(src/binding-authorities/__tests__/binding-authorities.test.tsx:1891:9)
      at Object.<anonymous> 
(src/binding-authorities/__tests__/binding-authorities.test.tsx:1972:9)

    console.error
      Warning: An update to BordereauConfigModal inside a test was not wrapped 
in act(...).
      
      When testing, code that causes React state updates should be wrapped 
into act(...):
      
      act(() => {
        /* fire events that update state */
      });
      /* assert on the output */
      
      This ensures that you're testing the behavior the user would see in the 
browser. Learn more at https://reactjs.org/link/wrap-tests-with-act
          at BordereauConfigModal (C:\Users\samhe\OneDrive\Desktop\Cleaned\fron
tend\src\binding-authorities\BordereauConfigModal\BordereauConfigModal.tsx:217:
5)

      372 |                                     type="text"
      373 |                                     value={name}
    > 374 |                                     onChange={e => 
setName(e.target.value)}
          |                                                    ^
      375 |                                     placeholder="e.g. Q1 2025 Risk 
Bordereau"
      376 |                                     className="border 
border-gray-300 rounded px-3 py-2 text-sm w-full"
      377 |                                     autoFocus

      at printWarning 
(node_modules/react-dom/cjs/react-dom.development.js:86:30)
      at error (node_modules/react-dom/cjs/react-dom.development.js:60:7)
      at warnIfUpdatesNotWrappedWithActDEV 
(node_modules/react-dom/cjs/react-dom.development.js:27628:9)
      at scheduleUpdateOnFiber 
(node_modules/react-dom/cjs/react-dom.development.js:25547:5)
      at dispatchSetState 
(node_modules/react-dom/cjs/react-dom.development.js:16708:7)
      at onChange 
(src/binding-authorities/BordereauConfigModal/BordereauConfigModal.tsx:374:52)
      at HTMLUnknownElement.callCallback 
(node_modules/react-dom/cjs/react-dom.development.js:4164:14)
      at HTMLUnknownElement.callTheUserObjectsOperation 
(node_modules/jsdom/lib/jsdom/living/generated/EventListener.js:26:30)
      at innerInvokeEventListeners 
(node_modules/jsdom/lib/jsdom/living/events/EventTarget-impl.js:350:25)
      at invokeEventListeners 
(node_modules/jsdom/lib/jsdom/living/events/EventTarget-impl.js:286:3)
      at HTMLUnknownElementImpl._dispatch 
(node_modules/jsdom/lib/jsdom/living/events/EventTarget-impl.js:233:9)
      at HTMLUnknownElementImpl.dispatchEvent 
(node_modules/jsdom/lib/jsdom/living/events/EventTarget-impl.js:104:17)
      at HTMLUnknownElement.dispatchEvent 
(node_modules/jsdom/lib/jsdom/living/generated/EventTarget.js:241:34)
      at Object.invokeGuardedCallbackDev 
(node_modules/react-dom/cjs/react-dom.development.js:4213:16)
      at invokeGuardedCallback 
(node_modules/react-dom/cjs/react-dom.development.js:4277:31)
      at invokeGuardedCallbackAndCatchFirstError 
(node_modules/react-dom/cjs/react-dom.development.js:4291:25)
      at executeDispatch 
(node_modules/react-dom/cjs/react-dom.development.js:9041:3)
      at processDispatchQueueItemsInOrder 
(node_modules/react-dom/cjs/react-dom.development.js:9073:7)
      at processDispatchQueue 
(node_modules/react-dom/cjs/react-dom.development.js:9086:5)
      at dispatchEventsForPlugins 
(node_modules/react-dom/cjs/react-dom.development.js:9097:3)
      at node_modules/react-dom/cjs/react-dom.development.js:9288:12
      at batchedUpdates$1 
(node_modules/react-dom/cjs/react-dom.development.js:26179:12)
      at batchedUpdates 
(node_modules/react-dom/cjs/react-dom.development.js:3991:12)
      at dispatchEventForPluginEventSystem 
(node_modules/react-dom/cjs/react-dom.development.js:9287:3)
      at dispatchEventWithEnableCapturePhaseSelectiveHydrationWithoutDiscreteEv
entReplay (node_modules/react-dom/cjs/react-dom.development.js:6465:5)
      at dispatchEvent 
(node_modules/react-dom/cjs/react-dom.development.js:6457:5)
      at dispatchDiscreteEvent 
(node_modules/react-dom/cjs/react-dom.development.js:6430:5)
      at HTMLDivElement.callTheUserObjectsOperation 
(node_modules/jsdom/lib/jsdom/living/generated/EventListener.js:26:30)
      at innerInvokeEventListeners 
(node_modules/jsdom/lib/jsdom/living/events/EventTarget-impl.js:350:25)
      at invokeEventListeners 
(node_modules/jsdom/lib/jsdom/living/events/EventTarget-impl.js:286:3)
      at HTMLInputElementImpl._dispatch 
(node_modules/jsdom/lib/jsdom/living/events/EventTarget-impl.js:233:9)
      at HTMLInputElementImpl.dispatchEvent 
(node_modules/jsdom/lib/jsdom/living/events/EventTarget-impl.js:104:17)
      at HTMLInputElement.dispatchEvent 
(node_modules/jsdom/lib/jsdom/living/generated/EventTarget.js:241:34)
      at 
node_modules/@testing-library/user-event/dist/cjs/event/dispatchEvent.js:45:43
      at Object.eventWrapper 
(node_modules/@testing-library/dom/dist/config.js:25:23)
      at Object.wrapEvent 
(node_modules/@testing-library/user-event/dist/cjs/event/wrapEvent.js:6:28)
      at Object.dispatchEvent (node_modules/@testing-library/user-event/dist/cj
s/event/dispatchEvent.js:45:22)
      at Object.dispatchUIEvent (node_modules/@testing-library/user-event/dist/
cjs/event/dispatchEvent.js:22:26)
      at commitInput 
(node_modules/@testing-library/user-event/dist/cjs/event/input.js:145:14)
      at editInputElement 
(node_modules/@testing-library/user-event/dist/cjs/event/input.js:115:9)
      at Object.input 
(node_modules/@testing-library/user-event/dist/cjs/event/input.js:37:9)
      at node_modules/@testing-library/user-event/dist/cjs/event/behavior/keypr
ess.js:31:26
      at Object.dispatchEvent (node_modules/@testing-library/user-event/dist/cj
s/event/dispatchEvent.js:41:13)
      at Object.dispatchUIEvent (node_modules/@testing-library/user-event/dist/
cjs/event/dispatchEvent.js:22:26)
      at KeyboardHost.keydown 
(node_modules/@testing-library/user-event/dist/cjs/system/keyboard.js:76:22)
      at keyboardAction 
(node_modules/@testing-library/user-event/dist/cjs/keyboard/index.js:22:35)
      at Object.keyboard 
(node_modules/@testing-library/user-event/dist/cjs/keyboard/index.js:11:15)
      at Object.type 
(node_modules/@testing-library/user-event/dist/cjs/utility/type.js:17:5)
      at goToStep2 
(src/binding-authorities/__tests__/binding-authorities.test.tsx:1891:9)
      at Object.<anonymous> 
(src/binding-authorities/__tests__/binding-authorities.test.tsx:1972:9)

    console.error
      Warning: An update to BordereauConfigModal inside a test was not wrapped 
in act(...).
      
      When testing, code that causes React state updates should be wrapped 
into act(...):
      
      act(() => {
        /* fire events that update state */
      });
      /* assert on the output */
      
      This ensures that you're testing the behavior the user would see in the 
browser. Learn more at https://reactjs.org/link/wrap-tests-with-act
          at BordereauConfigModal (C:\Users\samhe\OneDrive\Desktop\Cleaned\fron
tend\src\binding-authorities\BordereauConfigModal\BordereauConfigModal.tsx:217:
5)

      372 |                                     type="text"
      373 |                                     value={name}
    > 374 |                                     onChange={e => 
setName(e.target.value)}
          |                                                    ^
      375 |                                     placeholder="e.g. Q1 2025 Risk 
Bordereau"
      376 |                                     className="border 
border-gray-300 rounded px-3 py-2 text-sm w-full"
      377 |                                     autoFocus

      at printWarning 
(node_modules/react-dom/cjs/react-dom.development.js:86:30)
      at error (node_modules/react-dom/cjs/react-dom.development.js:60:7)
      at warnIfUpdatesNotWrappedWithActDEV 
(node_modules/react-dom/cjs/react-dom.development.js:27628:9)
      at scheduleUpdateOnFiber 
(node_modules/react-dom/cjs/react-dom.development.js:25547:5)
      at dispatchSetState 
(node_modules/react-dom/cjs/react-dom.development.js:16708:7)
      at onChange 
(src/binding-authorities/BordereauConfigModal/BordereauConfigModal.tsx:374:52)
      at HTMLUnknownElement.callCallback 
(node_modules/react-dom/cjs/react-dom.development.js:4164:14)
      at HTMLUnknownElement.callTheUserObjectsOperation 
(node_modules/jsdom/lib/jsdom/living/generated/EventListener.js:26:30)
      at innerInvokeEventListeners 
(node_modules/jsdom/lib/jsdom/living/events/EventTarget-impl.js:350:25)
      at invokeEventListeners 
(node_modules/jsdom/lib/jsdom/living/events/EventTarget-impl.js:286:3)
      at HTMLUnknownElementImpl._dispatch 
(node_modules/jsdom/lib/jsdom/living/events/EventTarget-impl.js:233:9)
      at HTMLUnknownElementImpl.dispatchEvent 
(node_modules/jsdom/lib/jsdom/living/events/EventTarget-impl.js:104:17)
      at HTMLUnknownElement.dispatchEvent 
(node_modules/jsdom/lib/jsdom/living/generated/EventTarget.js:241:34)
      at Object.invokeGuardedCallbackDev 
(node_modules/react-dom/cjs/react-dom.development.js:4213:16)
      at invokeGuardedCallback 
(node_modules/react-dom/cjs/react-dom.development.js:4277:31)
      at invokeGuardedCallbackAndCatchFirstError 
(node_modules/react-dom/cjs/react-dom.development.js:4291:25)
      at executeDispatch 
(node_modules/react-dom/cjs/react-dom.development.js:9041:3)
      at processDispatchQueueItemsInOrder 
(node_modules/react-dom/cjs/react-dom.development.js:9073:7)
      at processDispatchQueue 
(node_modules/react-dom/cjs/react-dom.development.js:9086:5)
      at dispatchEventsForPlugins 
(node_modules/react-dom/cjs/react-dom.development.js:9097:3)
      at node_modules/react-dom/cjs/react-dom.development.js:9288:12
      at batchedUpdates$1 
(node_modules/react-dom/cjs/react-dom.development.js:26179:12)
      at batchedUpdates 
(node_modules/react-dom/cjs/react-dom.development.js:3991:12)
      at dispatchEventForPluginEventSystem 
(node_modules/react-dom/cjs/react-dom.development.js:9287:3)
      at dispatchEventWithEnableCapturePhaseSelectiveHydrationWithoutDiscreteEv
entReplay (node_modules/react-dom/cjs/react-dom.development.js:6465:5)
      at dispatchEvent 
(node_modules/react-dom/cjs/react-dom.development.js:6457:5)
      at dispatchDiscreteEvent 
(node_modules/react-dom/cjs/react-dom.development.js:6430:5)
      at HTMLDivElement.callTheUserObjectsOperation 
(node_modules/jsdom/lib/jsdom/living/generated/EventListener.js:26:30)
      at innerInvokeEventListeners 
(node_modules/jsdom/lib/jsdom/living/events/EventTarget-impl.js:350:25)
      at invokeEventListeners 
(node_modules/jsdom/lib/jsdom/living/events/EventTarget-impl.js:286:3)
      at HTMLInputElementImpl._dispatch 
(node_modules/jsdom/lib/jsdom/living/events/EventTarget-impl.js:233:9)
      at HTMLInputElementImpl.dispatchEvent 
(node_modules/jsdom/lib/jsdom/living/events/EventTarget-impl.js:104:17)
      at HTMLInputElement.dispatchEvent 
(node_modules/jsdom/lib/jsdom/living/generated/EventTarget.js:241:34)
      at 
node_modules/@testing-library/user-event/dist/cjs/event/dispatchEvent.js:45:43
      at Object.eventWrapper 
(node_modules/@testing-library/dom/dist/config.js:25:23)
      at Object.wrapEvent 
(node_modules/@testing-library/user-event/dist/cjs/event/wrapEvent.js:6:28)
      at Object.dispatchEvent (node_modules/@testing-library/user-event/dist/cj
s/event/dispatchEvent.js:45:22)
      at Object.dispatchUIEvent (node_modules/@testing-library/user-event/dist/
cjs/event/dispatchEvent.js:22:26)
      at commitInput 
(node_modules/@testing-library/user-event/dist/cjs/event/input.js:145:14)
      at editInputElement 
(node_modules/@testing-library/user-event/dist/cjs/event/input.js:115:9)
      at Object.input 
(node_modules/@testing-library/user-event/dist/cjs/event/input.js:37:9)
      at node_modules/@testing-library/user-event/dist/cjs/event/behavior/keypr
ess.js:31:26
      at Object.dispatchEvent (node_modules/@testing-library/user-event/dist/cj
s/event/dispatchEvent.js:41:13)
      at Object.dispatchUIEvent (node_modules/@testing-library/user-event/dist/
cjs/event/dispatchEvent.js:22:26)
      at KeyboardHost.keydown 
(node_modules/@testing-library/user-event/dist/cjs/system/keyboard.js:76:22)
      at keyboardAction 
(node_modules/@testing-library/user-event/dist/cjs/keyboard/index.js:22:35)
      at Object.keyboard 
(node_modules/@testing-library/user-event/dist/cjs/keyboard/index.js:11:15)
      at Object.type 
(node_modules/@testing-library/user-event/dist/cjs/utility/type.js:17:5)
      at goToStep2 
(src/binding-authorities/__tests__/binding-authorities.test.tsx:1891:9)
      at Object.<anonymous> 
(src/binding-authorities/__tests__/binding-authorities.test.tsx:1972:9)

    console.error
      Warning: An update to BordereauConfigModal inside a test was not wrapped 
in act(...).
      
      When testing, code that causes React state updates should be wrapped 
into act(...):
      
      act(() => {
        /* fire events that update state */
      });
      /* assert on the output */
      
      This ensures that you're testing the behavior the user would see in the 
browser. Learn more at https://reactjs.org/link/wrap-tests-with-act
          at BordereauConfigModal (C:\Users\samhe\OneDrive\Desktop\Cleaned\fron
tend\src\binding-authorities\BordereauConfigModal\BordereauConfigModal.tsx:217:
5)

      372 |                                     type="text"
      373 |                                     value={name}
    > 374 |                                     onChange={e => 
setName(e.target.value)}
          |                                                    ^
      375 |                                     placeholder="e.g. Q1 2025 Risk 
Bordereau"
      376 |                                     className="border 
border-gray-300 rounded px-3 py-2 text-sm w-full"
      377 |                                     autoFocus

      at printWarning 
(node_modules/react-dom/cjs/react-dom.development.js:86:30)
      at error (node_modules/react-dom/cjs/react-dom.development.js:60:7)
      at warnIfUpdatesNotWrappedWithActDEV 
(node_modules/react-dom/cjs/react-dom.development.js:27628:9)
      at scheduleUpdateOnFiber 
(node_modules/react-dom/cjs/react-dom.development.js:25547:5)
      at dispatchSetState 
(node_modules/react-dom/cjs/react-dom.development.js:16708:7)
      at onChange 
(src/binding-authorities/BordereauConfigModal/BordereauConfigModal.tsx:374:52)
      at HTMLUnknownElement.callCallback 
(node_modules/react-dom/cjs/react-dom.development.js:4164:14)
      at HTMLUnknownElement.callTheUserObjectsOperation 
(node_modules/jsdom/lib/jsdom/living/generated/EventListener.js:26:30)
      at innerInvokeEventListeners 
(node_modules/jsdom/lib/jsdom/living/events/EventTarget-impl.js:350:25)
      at invokeEventListeners 
(node_modules/jsdom/lib/jsdom/living/events/EventTarget-impl.js:286:3)
      at HTMLUnknownElementImpl._dispatch 
(node_modules/jsdom/lib/jsdom/living/events/EventTarget-impl.js:233:9)
      at HTMLUnknownElementImpl.dispatchEvent 
(node_modules/jsdom/lib/jsdom/living/events/EventTarget-impl.js:104:17)
      at HTMLUnknownElement.dispatchEvent 
(node_modules/jsdom/lib/jsdom/living/generated/EventTarget.js:241:34)
      at Object.invokeGuardedCallbackDev 
(node_modules/react-dom/cjs/react-dom.development.js:4213:16)
      at invokeGuardedCallback 
(node_modules/react-dom/cjs/react-dom.development.js:4277:31)
      at invokeGuardedCallbackAndCatchFirstError 
(node_modules/react-dom/cjs/react-dom.development.js:4291:25)
      at executeDispatch 
(node_modules/react-dom/cjs/react-dom.development.js:9041:3)
      at processDispatchQueueItemsInOrder 
(node_modules/react-dom/cjs/react-dom.development.js:9073:7)
      at processDispatchQueue 
(node_modules/react-dom/cjs/react-dom.development.js:9086:5)
      at dispatchEventsForPlugins 
(node_modules/react-dom/cjs/react-dom.development.js:9097:3)
      at node_modules/react-dom/cjs/react-dom.development.js:9288:12
      at batchedUpdates$1 
(node_modules/react-dom/cjs/react-dom.development.js:26179:12)
      at batchedUpdates 
(node_modules/react-dom/cjs/react-dom.development.js:3991:12)
      at dispatchEventForPluginEventSystem 
(node_modules/react-dom/cjs/react-dom.development.js:9287:3)
      at dispatchEventWithEnableCapturePhaseSelectiveHydrationWithoutDiscreteEv
entReplay (node_modules/react-dom/cjs/react-dom.development.js:6465:5)
      at dispatchEvent 
(node_modules/react-dom/cjs/react-dom.development.js:6457:5)
      at dispatchDiscreteEvent 
(node_modules/react-dom/cjs/react-dom.development.js:6430:5)
      at HTMLDivElement.callTheUserObjectsOperation 
(node_modules/jsdom/lib/jsdom/living/generated/EventListener.js:26:30)
      at innerInvokeEventListeners 
(node_modules/jsdom/lib/jsdom/living/events/EventTarget-impl.js:350:25)
      at invokeEventListeners 
(node_modules/jsdom/lib/jsdom/living/events/EventTarget-impl.js:286:3)
      at HTMLInputElementImpl._dispatch 
(node_modules/jsdom/lib/jsdom/living/events/EventTarget-impl.js:233:9)
      at HTMLInputElementImpl.dispatchEvent 
(node_modules/jsdom/lib/jsdom/living/events/EventTarget-impl.js:104:17)
      at HTMLInputElement.dispatchEvent 
(node_modules/jsdom/lib/jsdom/living/generated/EventTarget.js:241:34)
      at 
node_modules/@testing-library/user-event/dist/cjs/event/dispatchEvent.js:45:43
      at Object.eventWrapper 
(node_modules/@testing-library/dom/dist/config.js:25:23)
      at Object.wrapEvent 
(node_modules/@testing-library/user-event/dist/cjs/event/wrapEvent.js:6:28)
      at Object.dispatchEvent (node_modules/@testing-library/user-event/dist/cj
s/event/dispatchEvent.js:45:22)
      at Object.dispatchUIEvent (node_modules/@testing-library/user-event/dist/
cjs/event/dispatchEvent.js:22:26)
      at commitInput 
(node_modules/@testing-library/user-event/dist/cjs/event/input.js:145:14)
      at editInputElement 
(node_modules/@testing-library/user-event/dist/cjs/event/input.js:115:9)
      at Object.input 
(node_modules/@testing-library/user-event/dist/cjs/event/input.js:37:9)
      at node_modules/@testing-library/user-event/dist/cjs/event/behavior/keypr
ess.js:31:26
      at Object.dispatchEvent (node_modules/@testing-library/user-event/dist/cj
s/event/dispatchEvent.js:41:13)
      at Object.dispatchUIEvent (node_modules/@testing-library/user-event/dist/
cjs/event/dispatchEvent.js:22:26)
      at KeyboardHost.keydown 
(node_modules/@testing-library/user-event/dist/cjs/system/keyboard.js:76:22)
      at keyboardAction 
(node_modules/@testing-library/user-event/dist/cjs/keyboard/index.js:22:35)
      at Object.keyboard 
(node_modules/@testing-library/user-event/dist/cjs/keyboard/index.js:11:15)
      at Object.type 
(node_modules/@testing-library/user-event/dist/cjs/utility/type.js:17:5)
      at goToStep2 
(src/binding-authorities/__tests__/binding-authorities.test.tsx:1891:9)
      at Object.<anonymous> 
(src/binding-authorities/__tests__/binding-authorities.test.tsx:1972:9)

    console.error
      Warning: An update to BordereauConfigModal inside a test was not wrapped 
in act(...).
      
      When testing, code that causes React state updates should be wrapped 
into act(...):
      
      act(() => {
        /* fire events that update state */
      });
      /* assert on the output */
      
      This ensures that you're testing the behavior the user would see in the 
browser. Learn more at https://reactjs.org/link/wrap-tests-with-act
          at BordereauConfigModal (C:\Users\samhe\OneDrive\Desktop\Cleaned\fron
tend\src\binding-authorities\BordereauConfigModal\BordereauConfigModal.tsx:217:
5)

      372 |                                     type="text"
      373 |                                     value={name}
    > 374 |                                     onChange={e => 
setName(e.target.value)}
          |                                                    ^
      375 |                                     placeholder="e.g. Q1 2025 Risk 
Bordereau"
      376 |                                     className="border 
border-gray-300 rounded px-3 py-2 text-sm w-full"
      377 |                                     autoFocus

      at printWarning 
(node_modules/react-dom/cjs/react-dom.development.js:86:30)
      at error (node_modules/react-dom/cjs/react-dom.development.js:60:7)
      at warnIfUpdatesNotWrappedWithActDEV 
(node_modules/react-dom/cjs/react-dom.development.js:27628:9)
      at scheduleUpdateOnFiber 
(node_modules/react-dom/cjs/react-dom.development.js:25547:5)
      at dispatchSetState 
(node_modules/react-dom/cjs/react-dom.development.js:16708:7)
      at onChange 
(src/binding-authorities/BordereauConfigModal/BordereauConfigModal.tsx:374:52)
      at HTMLUnknownElement.callCallback 
(node_modules/react-dom/cjs/react-dom.development.js:4164:14)
      at HTMLUnknownElement.callTheUserObjectsOperation 
(node_modules/jsdom/lib/jsdom/living/generated/EventListener.js:26:30)
      at innerInvokeEventListeners 
(node_modules/jsdom/lib/jsdom/living/events/EventTarget-impl.js:350:25)
      at invokeEventListeners 
(node_modules/jsdom/lib/jsdom/living/events/EventTarget-impl.js:286:3)
      at HTMLUnknownElementImpl._dispatch 
(node_modules/jsdom/lib/jsdom/living/events/EventTarget-impl.js:233:9)
      at HTMLUnknownElementImpl.dispatchEvent 
(node_modules/jsdom/lib/jsdom/living/events/EventTarget-impl.js:104:17)
      at HTMLUnknownElement.dispatchEvent 
(node_modules/jsdom/lib/jsdom/living/generated/EventTarget.js:241:34)
      at Object.invokeGuardedCallbackDev 
(node_modules/react-dom/cjs/react-dom.development.js:4213:16)
      at invokeGuardedCallback 
(node_modules/react-dom/cjs/react-dom.development.js:4277:31)
      at invokeGuardedCallbackAndCatchFirstError 
(node_modules/react-dom/cjs/react-dom.development.js:4291:25)
      at executeDispatch 
(node_modules/react-dom/cjs/react-dom.development.js:9041:3)
      at processDispatchQueueItemsInOrder 
(node_modules/react-dom/cjs/react-dom.development.js:9073:7)
      at processDispatchQueue 
(node_modules/react-dom/cjs/react-dom.development.js:9086:5)
      at dispatchEventsForPlugins 
(node_modules/react-dom/cjs/react-dom.development.js:9097:3)
      at node_modules/react-dom/cjs/react-dom.development.js:9288:12
      at batchedUpdates$1 
(node_modules/react-dom/cjs/react-dom.development.js:26179:12)
      at batchedUpdates 
(node_modules/react-dom/cjs/react-dom.development.js:3991:12)
      at dispatchEventForPluginEventSystem 
(node_modules/react-dom/cjs/react-dom.development.js:9287:3)
      at dispatchEventWithEnableCapturePhaseSelectiveHydrationWithoutDiscreteEv
entReplay (node_modules/react-dom/cjs/react-dom.development.js:6465:5)
      at dispatchEvent 
(node_modules/react-dom/cjs/react-dom.development.js:6457:5)
      at dispatchDiscreteEvent 
(node_modules/react-dom/cjs/react-dom.development.js:6430:5)
      at HTMLDivElement.callTheUserObjectsOperation 
(node_modules/jsdom/lib/jsdom/living/generated/EventListener.js:26:30)
      at innerInvokeEventListeners 
(node_modules/jsdom/lib/jsdom/living/events/EventTarget-impl.js:350:25)
      at invokeEventListeners 
(node_modules/jsdom/lib/jsdom/living/events/EventTarget-impl.js:286:3)
      at HTMLInputElementImpl._dispatch 
(node_modules/jsdom/lib/jsdom/living/events/EventTarget-impl.js:233:9)
      at HTMLInputElementImpl.dispatchEvent 
(node_modules/jsdom/lib/jsdom/living/events/EventTarget-impl.js:104:17)
      at HTMLInputElement.dispatchEvent 
(node_modules/jsdom/lib/jsdom/living/generated/EventTarget.js:241:34)
      at 
node_modules/@testing-library/user-event/dist/cjs/event/dispatchEvent.js:45:43
      at Object.eventWrapper 
(node_modules/@testing-library/dom/dist/config.js:25:23)
      at Object.wrapEvent 
(node_modules/@testing-library/user-event/dist/cjs/event/wrapEvent.js:6:28)
      at Object.dispatchEvent (node_modules/@testing-library/user-event/dist/cj
s/event/dispatchEvent.js:45:22)
      at Object.dispatchUIEvent (node_modules/@testing-library/user-event/dist/
cjs/event/dispatchEvent.js:22:26)
      at commitInput 
(node_modules/@testing-library/user-event/dist/cjs/event/input.js:145:14)
      at editInputElement 
(node_modules/@testing-library/user-event/dist/cjs/event/input.js:115:9)
      at Object.input 
(node_modules/@testing-library/user-event/dist/cjs/event/input.js:37:9)
      at node_modules/@testing-library/user-event/dist/cjs/event/behavior/keypr
ess.js:31:26
      at Object.dispatchEvent (node_modules/@testing-library/user-event/dist/cj
s/event/dispatchEvent.js:41:13)
      at Object.dispatchUIEvent (node_modules/@testing-library/user-event/dist/
cjs/event/dispatchEvent.js:22:26)
      at KeyboardHost.keydown 
(node_modules/@testing-library/user-event/dist/cjs/system/keyboard.js:76:22)
      at keyboardAction 
(node_modules/@testing-library/user-event/dist/cjs/keyboard/index.js:22:35)
      at Object.keyboard 
(node_modules/@testing-library/user-event/dist/cjs/keyboard/index.js:11:15)
      at Object.type 
(node_modules/@testing-library/user-event/dist/cjs/utility/type.js:17:5)
      at goToStep2 
(src/binding-authorities/__tests__/binding-authorities.test.tsx:1891:9)
      at Object.<anonymous> 
(src/binding-authorities/__tests__/binding-authorities.test.tsx:1972:9)

    console.error
      Warning: An update to BordereauConfigModal inside a test was not wrapped 
in act(...).
      
      When testing, code that causes React state updates should be wrapped 
into act(...):
      
      act(() => {
        /* fire events that update state */
      });
      /* assert on the output */
      
      This ensures that you're testing the behavior the user would see in the 
browser. Learn more at https://reactjs.org/link/wrap-tests-with-act
          at BordereauConfigModal (C:\Users\samhe\OneDrive\Desktop\Cleaned\fron
tend\src\binding-authorities\BordereauConfigModal\BordereauConfigModal.tsx:217:
5)

      372 |                                     type="text"
      373 |                                     value={name}
    > 374 |                                     onChange={e => 
setName(e.target.value)}
          |                                                    ^
      375 |                                     placeholder="e.g. Q1 2025 Risk 
Bordereau"
      376 |                                     className="border 
border-gray-300 rounded px-3 py-2 text-sm w-full"
      377 |                                     autoFocus

      at printWarning 
(node_modules/react-dom/cjs/react-dom.development.js:86:30)
      at error (node_modules/react-dom/cjs/react-dom.development.js:60:7)
      at warnIfUpdatesNotWrappedWithActDEV 
(node_modules/react-dom/cjs/react-dom.development.js:27628:9)
      at scheduleUpdateOnFiber 
(node_modules/react-dom/cjs/react-dom.development.js:25547:5)
      at dispatchSetState 
(node_modules/react-dom/cjs/react-dom.development.js:16708:7)
      at onChange 
(src/binding-authorities/BordereauConfigModal/BordereauConfigModal.tsx:374:52)
      at HTMLUnknownElement.callCallback 
(node_modules/react-dom/cjs/react-dom.development.js:4164:14)
      at HTMLUnknownElement.callTheUserObjectsOperation 
(node_modules/jsdom/lib/jsdom/living/generated/EventListener.js:26:30)
      at innerInvokeEventListeners 
(node_modules/jsdom/lib/jsdom/living/events/EventTarget-impl.js:350:25)
      at invokeEventListeners 
(node_modules/jsdom/lib/jsdom/living/events/EventTarget-impl.js:286:3)
      at HTMLUnknownElementImpl._dispatch 
(node_modules/jsdom/lib/jsdom/living/events/EventTarget-impl.js:233:9)
      at HTMLUnknownElementImpl.dispatchEvent 
(node_modules/jsdom/lib/jsdom/living/events/EventTarget-impl.js:104:17)
      at HTMLUnknownElement.dispatchEvent 
(node_modules/jsdom/lib/jsdom/living/generated/EventTarget.js:241:34)
      at Object.invokeGuardedCallbackDev 
(node_modules/react-dom/cjs/react-dom.development.js:4213:16)
      at invokeGuardedCallback 
(node_modules/react-dom/cjs/react-dom.development.js:4277:31)
      at invokeGuardedCallbackAndCatchFirstError 
(node_modules/react-dom/cjs/react-dom.development.js:4291:25)
      at executeDispatch 
(node_modules/react-dom/cjs/react-dom.development.js:9041:3)
      at processDispatchQueueItemsInOrder 
(node_modules/react-dom/cjs/react-dom.development.js:9073:7)
      at processDispatchQueue 
(node_modules/react-dom/cjs/react-dom.development.js:9086:5)
      at dispatchEventsForPlugins 
(node_modules/react-dom/cjs/react-dom.development.js:9097:3)
      at node_modules/react-dom/cjs/react-dom.development.js:9288:12
      at batchedUpdates$1 
(node_modules/react-dom/cjs/react-dom.development.js:26179:12)
      at batchedUpdates 
(node_modules/react-dom/cjs/react-dom.development.js:3991:12)
      at dispatchEventForPluginEventSystem 
(node_modules/react-dom/cjs/react-dom.development.js:9287:3)
      at dispatchEventWithEnableCapturePhaseSelectiveHydrationWithoutDiscreteEv
entReplay (node_modules/react-dom/cjs/react-dom.development.js:6465:5)
      at dispatchEvent 
(node_modules/react-dom/cjs/react-dom.development.js:6457:5)
      at dispatchDiscreteEvent 
(node_modules/react-dom/cjs/react-dom.development.js:6430:5)
      at HTMLDivElement.callTheUserObjectsOperation 
(node_modules/jsdom/lib/jsdom/living/generated/EventListener.js:26:30)
      at innerInvokeEventListeners 
(node_modules/jsdom/lib/jsdom/living/events/EventTarget-impl.js:350:25)
      at invokeEventListeners 
(node_modules/jsdom/lib/jsdom/living/events/EventTarget-impl.js:286:3)
      at HTMLInputElementImpl._dispatch 
(node_modules/jsdom/lib/jsdom/living/events/EventTarget-impl.js:233:9)
      at HTMLInputElementImpl.dispatchEvent 
(node_modules/jsdom/lib/jsdom/living/events/EventTarget-impl.js:104:17)
      at HTMLInputElement.dispatchEvent 
(node_modules/jsdom/lib/jsdom/living/generated/EventTarget.js:241:34)
      at 
node_modules/@testing-library/user-event/dist/cjs/event/dispatchEvent.js:45:43
      at Object.eventWrapper 
(node_modules/@testing-library/dom/dist/config.js:25:23)
      at Object.wrapEvent 
(node_modules/@testing-library/user-event/dist/cjs/event/wrapEvent.js:6:28)
      at Object.dispatchEvent (node_modules/@testing-library/user-event/dist/cj
s/event/dispatchEvent.js:45:22)
      at Object.dispatchUIEvent (node_modules/@testing-library/user-event/dist/
cjs/event/dispatchEvent.js:22:26)
      at commitInput 
(node_modules/@testing-library/user-event/dist/cjs/event/input.js:145:14)
      at editInputElement 
(node_modules/@testing-library/user-event/dist/cjs/event/input.js:115:9)
      at Object.input 
(node_modules/@testing-library/user-event/dist/cjs/event/input.js:37:9)
      at node_modules/@testing-library/user-event/dist/cjs/event/behavior/keypr
ess.js:31:26
      at Object.dispatchEvent (node_modules/@testing-library/user-event/dist/cj
s/event/dispatchEvent.js:41:13)
      at Object.dispatchUIEvent (node_modules/@testing-library/user-event/dist/
cjs/event/dispatchEvent.js:22:26)
      at KeyboardHost.keydown 
(node_modules/@testing-library/user-event/dist/cjs/system/keyboard.js:76:22)
      at keyboardAction 
(node_modules/@testing-library/user-event/dist/cjs/keyboard/index.js:22:35)
      at Object.keyboard 
(node_modules/@testing-library/user-event/dist/cjs/keyboard/index.js:11:15)
      at Object.type 
(node_modules/@testing-library/user-event/dist/cjs/utility/type.js:17:5)
      at goToStep2 
(src/binding-authorities/__tests__/binding-authorities.test.tsx:1891:9)
      at Object.<anonymous> 
(src/binding-authorities/__tests__/binding-authorities.test.tsx:1972:9)

    console.error
      Warning: An update to BordereauConfigModal inside a test was not wrapped 
in act(...).
      
      When testing, code that causes React state updates should be wrapped 
into act(...):
      
      act(() => {
        /* fire events that update state */
      });
      /* assert on the output */
      
      This ensures that you're testing the behavior the user would see in the 
browser. Learn more at https://reactjs.org/link/wrap-tests-with-act
          at BordereauConfigModal (C:\Users\samhe\OneDrive\Desktop\Cleaned\fron
tend\src\binding-authorities\BordereauConfigModal\BordereauConfigModal.tsx:217:
5)

      616 |                             className="btn btn-primary"
      617 |                             disabled={step === 'setup' && 
name.trim() === ''}
    > 618 |                             onClick={() => setStep(STEPS[stepIndex 
+ 1].key)}
          |                                            ^
      619 |                         >
      620 |                             Next
      621 |                         </button>

      at printWarning 
(node_modules/react-dom/cjs/react-dom.development.js:86:30)
      at error (node_modules/react-dom/cjs/react-dom.development.js:60:7)
      at warnIfUpdatesNotWrappedWithActDEV 
(node_modules/react-dom/cjs/react-dom.development.js:27628:9)
      at scheduleUpdateOnFiber 
(node_modules/react-dom/cjs/react-dom.development.js:25547:5)
      at dispatchSetState 
(node_modules/react-dom/cjs/react-dom.development.js:16708:7)
      at onClick 
(src/binding-authorities/BordereauConfigModal/BordereauConfigModal.tsx:618:44)
      at HTMLUnknownElement.callCallback 
(node_modules/react-dom/cjs/react-dom.development.js:4164:14)
      at HTMLUnknownElement.callTheUserObjectsOperation 
(node_modules/jsdom/lib/jsdom/living/generated/EventListener.js:26:30)
      at innerInvokeEventListeners 
(node_modules/jsdom/lib/jsdom/living/events/EventTarget-impl.js:350:25)
      at invokeEventListeners 
(node_modules/jsdom/lib/jsdom/living/events/EventTarget-impl.js:286:3)
      at HTMLUnknownElementImpl._dispatch 
(node_modules/jsdom/lib/jsdom/living/events/EventTarget-impl.js:233:9)
      at HTMLUnknownElementImpl.dispatchEvent 
(node_modules/jsdom/lib/jsdom/living/events/EventTarget-impl.js:104:17)
      at HTMLUnknownElement.dispatchEvent 
(node_modules/jsdom/lib/jsdom/living/generated/EventTarget.js:241:34)
      at Object.invokeGuardedCallbackDev 
(node_modules/react-dom/cjs/react-dom.development.js:4213:16)
      at invokeGuardedCallback 
(node_modules/react-dom/cjs/react-dom.development.js:4277:31)
      at invokeGuardedCallbackAndCatchFirstError 
(node_modules/react-dom/cjs/react-dom.development.js:4291:25)
      at executeDispatch 
(node_modules/react-dom/cjs/react-dom.development.js:9041:3)
      at processDispatchQueueItemsInOrder 
(node_modules/react-dom/cjs/react-dom.development.js:9073:7)
      at processDispatchQueue 
(node_modules/react-dom/cjs/react-dom.development.js:9086:5)
      at dispatchEventsForPlugins 
(node_modules/react-dom/cjs/react-dom.development.js:9097:3)
      at node_modules/react-dom/cjs/react-dom.development.js:9288:12
      at batchedUpdates$1 
(node_modules/react-dom/cjs/react-dom.development.js:26179:12)
      at batchedUpdates 
(node_modules/react-dom/cjs/react-dom.development.js:3991:12)
      at dispatchEventForPluginEventSystem 
(node_modules/react-dom/cjs/react-dom.development.js:9287:3)
      at dispatchEventWithEnableCapturePhaseSelectiveHydrationWithoutDiscreteEv
entReplay (node_modules/react-dom/cjs/react-dom.development.js:6465:5)
      at dispatchEvent 
(node_modules/react-dom/cjs/react-dom.development.js:6457:5)
      at dispatchDiscreteEvent 
(node_modules/react-dom/cjs/react-dom.development.js:6430:5)
      at HTMLDivElement.callTheUserObjectsOperation 
(node_modules/jsdom/lib/jsdom/living/generated/EventListener.js:26:30)
      at innerInvokeEventListeners 
(node_modules/jsdom/lib/jsdom/living/events/EventTarget-impl.js:350:25)
      at invokeEventListeners 
(node_modules/jsdom/lib/jsdom/living/events/EventTarget-impl.js:286:3)
      at HTMLButtonElementImpl._dispatch 
(node_modules/jsdom/lib/jsdom/living/events/EventTarget-impl.js:233:9)
      at HTMLButtonElementImpl.dispatchEvent 
(node_modules/jsdom/lib/jsdom/living/events/EventTarget-impl.js:104:17)
      at HTMLButtonElement.dispatchEvent 
(node_modules/jsdom/lib/jsdom/living/generated/EventTarget.js:241:34)
      at 
node_modules/@testing-library/user-event/dist/cjs/event/dispatchEvent.js:45:43
      at Object.eventWrapper 
(node_modules/@testing-library/dom/dist/config.js:25:23)
      at Object.wrapEvent 
(node_modules/@testing-library/user-event/dist/cjs/event/wrapEvent.js:6:28)
      at Object.dispatchEvent (node_modules/@testing-library/user-event/dist/cj
s/event/dispatchEvent.js:45:22)
      at Object.dispatchUIEvent (node_modules/@testing-library/user-event/dist/
cjs/event/dispatchEvent.js:22:26)
      at Mouse.up (node_modules/@testing-library/user-event/dist/cjs/system/poi
nter/mouse.js:100:30)
      at PointerHost.release (node_modules/@testing-library/user-event/dist/cjs
/system/pointer/index.js:87:24)
      at pointerAction 
(node_modules/@testing-library/user-event/dist/cjs/pointer/index.js:54:47)
      at Object.pointer 
(node_modules/@testing-library/user-event/dist/cjs/pointer/index.js:27:9)
      at goToStep2 
(src/binding-authorities/__tests__/binding-authorities.test.tsx:1892:9)
      at Object.<anonymous> 
(src/binding-authorities/__tests__/binding-authorities.test.tsx:1972:9)

    console.error
      Warning: An update to BordereauConfigModal inside a test was not wrapped 
in act(...).
      
      When testing, code that causes React state updates should be wrapped 
into act(...):
      
      act(() => {
        /* fire events that update state */
      });
      /* assert on the output */
      
      This ensures that you're testing the behavior the user would see in the 
browser. Learn more at https://reactjs.org/link/wrap-tests-with-act
          at BordereauConfigModal (C:\Users\samhe\OneDrive\Desktop\Cleaned\fron
tend\src\binding-authorities\BordereauConfigModal\BordereauConfigModal.tsx:217:
5)

      283 |     const moveUp = (i: number) => {
      284 |         if (i === 0) return
    > 285 |         setFieldOrder(prev => {
          |         ^
      286 |             const next = [...prev];
      287 |             [next[i - 1], next[i]] = [next[i], next[i - 1]]
      288 |             return next

      at printWarning 
(node_modules/react-dom/cjs/react-dom.development.js:86:30)
      at error (node_modules/react-dom/cjs/react-dom.development.js:60:7)
      at warnIfUpdatesNotWrappedWithActDEV 
(node_modules/react-dom/cjs/react-dom.development.js:27628:9)
      at scheduleUpdateOnFiber 
(node_modules/react-dom/cjs/react-dom.development.js:25547:5)
      at dispatchSetState 
(node_modules/react-dom/cjs/react-dom.development.js:16708:7)
      at moveUp 
(src/binding-authorities/BordereauConfigModal/BordereauConfigModal.tsx:285:9)
      at onClick 
(src/binding-authorities/BordereauConfigModal/BordereauConfigModal.tsx:526:76)
      at HTMLUnknownElement.callCallback 
(node_modules/react-dom/cjs/react-dom.development.js:4164:14)
      at HTMLUnknownElement.callTheUserObjectsOperation 
(node_modules/jsdom/lib/jsdom/living/generated/EventListener.js:26:30)
      at innerInvokeEventListeners 
(node_modules/jsdom/lib/jsdom/living/events/EventTarget-impl.js:350:25)
      at invokeEventListeners 
(node_modules/jsdom/lib/jsdom/living/events/EventTarget-impl.js:286:3)
      at HTMLUnknownElementImpl._dispatch 
(node_modules/jsdom/lib/jsdom/living/events/EventTarget-impl.js:233:9)
      at HTMLUnknownElementImpl.dispatchEvent 
(node_modules/jsdom/lib/jsdom/living/events/EventTarget-impl.js:104:17)
      at HTMLUnknownElement.dispatchEvent 
(node_modules/jsdom/lib/jsdom/living/generated/EventTarget.js:241:34)
      at Object.invokeGuardedCallbackDev 
(node_modules/react-dom/cjs/react-dom.development.js:4213:16)
      at invokeGuardedCallback 
(node_modules/react-dom/cjs/react-dom.development.js:4277:31)
      at invokeGuardedCallbackAndCatchFirstError 
(node_modules/react-dom/cjs/react-dom.development.js:4291:25)
      at executeDispatch 
(node_modules/react-dom/cjs/react-dom.development.js:9041:3)
      at processDispatchQueueItemsInOrder 
(node_modules/react-dom/cjs/react-dom.development.js:9073:7)
      at processDispatchQueue 
(node_modules/react-dom/cjs/react-dom.development.js:9086:5)
      at dispatchEventsForPlugins 
(node_modules/react-dom/cjs/react-dom.development.js:9097:3)
      at node_modules/react-dom/cjs/react-dom.development.js:9288:12
      at batchedUpdates$1 
(node_modules/react-dom/cjs/react-dom.development.js:26179:12)
      at batchedUpdates 
(node_modules/react-dom/cjs/react-dom.development.js:3991:12)
      at dispatchEventForPluginEventSystem 
(node_modules/react-dom/cjs/react-dom.development.js:9287:3)
      at dispatchEventWithEnableCapturePhaseSelectiveHydrationWithoutDiscreteEv
entReplay (node_modules/react-dom/cjs/react-dom.development.js:6465:5)
      at dispatchEvent 
(node_modules/react-dom/cjs/react-dom.development.js:6457:5)
      at dispatchDiscreteEvent 
(node_modules/react-dom/cjs/react-dom.development.js:6430:5)
      at HTMLDivElement.callTheUserObjectsOperation 
(node_modules/jsdom/lib/jsdom/living/generated/EventListener.js:26:30)
      at innerInvokeEventListeners 
(node_modules/jsdom/lib/jsdom/living/events/EventTarget-impl.js:350:25)
      at invokeEventListeners 
(node_modules/jsdom/lib/jsdom/living/events/EventTarget-impl.js:286:3)
      at HTMLButtonElementImpl._dispatch 
(node_modules/jsdom/lib/jsdom/living/events/EventTarget-impl.js:233:9)
      at HTMLButtonElementImpl.dispatchEvent 
(node_modules/jsdom/lib/jsdom/living/events/EventTarget-impl.js:104:17)
      at HTMLButtonElement.dispatchEvent 
(node_modules/jsdom/lib/jsdom/living/generated/EventTarget.js:241:34)
      at 
node_modules/@testing-library/user-event/dist/cjs/event/dispatchEvent.js:45:43
      at Object.eventWrapper 
(node_modules/@testing-library/dom/dist/config.js:25:23)
      at Object.wrapEvent 
(node_modules/@testing-library/user-event/dist/cjs/event/wrapEvent.js:6:28)
      at Object.dispatchEvent (node_modules/@testing-library/user-event/dist/cj
s/event/dispatchEvent.js:45:22)
      at Object.dispatchUIEvent (node_modules/@testing-library/user-event/dist/
cjs/event/dispatchEvent.js:22:26)
      at Mouse.up (node_modules/@testing-library/user-event/dist/cjs/system/poi
nter/mouse.js:100:30)
      at PointerHost.release (node_modules/@testing-library/user-event/dist/cjs
/system/pointer/index.js:87:24)
      at pointerAction 
(node_modules/@testing-library/user-event/dist/cjs/pointer/index.js:54:47)
      at Object.pointer 
(node_modules/@testing-library/user-event/dist/cjs/pointer/index.js:27:9)
      at Object.<anonymous> 
(src/binding-authorities/__tests__/binding-authorities.test.tsx:1976:9)

    console.error
      Warning: An update to BordereauConfigModal inside a test was not wrapped 
in act(...).
      
      When testing, code that causes React state updates should be wrapped 
into act(...):
      
      act(() => {
        /* fire events that update state */
      });
      /* assert on the output */
      
      This ensures that you're testing the behavior the user would see in the 
browser. Learn more at https://reactjs.org/link/wrap-tests-with-act
          at BordereauConfigModal (C:\Users\samhe\OneDrive\Desktop\Cleaned\fron
tend\src\binding-authorities\BordereauConfigModal\BordereauConfigModal.tsx:217:
5)

      372 |                                     type="text"
      373 |                                     value={name}
    > 374 |                                     onChange={e => 
setName(e.target.value)}
          |                                                    ^
      375 |                                     placeholder="e.g. Q1 2025 Risk 
Bordereau"
      376 |                                     className="border 
border-gray-300 rounded px-3 py-2 text-sm w-full"
      377 |                                     autoFocus

      at printWarning 
(node_modules/react-dom/cjs/react-dom.development.js:86:30)
      at error (node_modules/react-dom/cjs/react-dom.development.js:60:7)
      at warnIfUpdatesNotWrappedWithActDEV 
(node_modules/react-dom/cjs/react-dom.development.js:27628:9)
      at scheduleUpdateOnFiber 
(node_modules/react-dom/cjs/react-dom.development.js:25547:5)
      at dispatchSetState 
(node_modules/react-dom/cjs/react-dom.development.js:16708:7)
      at onChange 
(src/binding-authorities/BordereauConfigModal/BordereauConfigModal.tsx:374:52)
      at HTMLUnknownElement.callCallback 
(node_modules/react-dom/cjs/react-dom.development.js:4164:14)
      at HTMLUnknownElement.callTheUserObjectsOperation 
(node_modules/jsdom/lib/jsdom/living/generated/EventListener.js:26:30)
      at innerInvokeEventListeners 
(node_modules/jsdom/lib/jsdom/living/events/EventTarget-impl.js:350:25)
      at invokeEventListeners 
(node_modules/jsdom/lib/jsdom/living/events/EventTarget-impl.js:286:3)
      at HTMLUnknownElementImpl._dispatch 
(node_modules/jsdom/lib/jsdom/living/events/EventTarget-impl.js:233:9)
      at HTMLUnknownElementImpl.dispatchEvent 
(node_modules/jsdom/lib/jsdom/living/events/EventTarget-impl.js:104:17)
      at HTMLUnknownElement.dispatchEvent 
(node_modules/jsdom/lib/jsdom/living/generated/EventTarget.js:241:34)
      at Object.invokeGuardedCallbackDev 
(node_modules/react-dom/cjs/react-dom.development.js:4213:16)
      at invokeGuardedCallback 
(node_modules/react-dom/cjs/react-dom.development.js:4277:31)
      at invokeGuardedCallbackAndCatchFirstError 
(node_modules/react-dom/cjs/react-dom.development.js:4291:25)
      at executeDispatch 
(node_modules/react-dom/cjs/react-dom.development.js:9041:3)
      at processDispatchQueueItemsInOrder 
(node_modules/react-dom/cjs/react-dom.development.js:9073:7)
      at processDispatchQueue 
(node_modules/react-dom/cjs/react-dom.development.js:9086:5)
      at dispatchEventsForPlugins 
(node_modules/react-dom/cjs/react-dom.development.js:9097:3)
      at node_modules/react-dom/cjs/react-dom.development.js:9288:12
      at batchedUpdates$1 
(node_modules/react-dom/cjs/react-dom.development.js:26179:12)
      at batchedUpdates 
(node_modules/react-dom/cjs/react-dom.development.js:3991:12)
      at dispatchEventForPluginEventSystem 
(node_modules/react-dom/cjs/react-dom.development.js:9287:3)
      at dispatchEventWithEnableCapturePhaseSelectiveHydrationWithoutDiscreteEv
entReplay (node_modules/react-dom/cjs/react-dom.development.js:6465:5)
      at dispatchEvent 
(node_modules/react-dom/cjs/react-dom.development.js:6457:5)
      at dispatchDiscreteEvent 
(node_modules/react-dom/cjs/react-dom.development.js:6430:5)
      at HTMLDivElement.callTheUserObjectsOperation 
(node_modules/jsdom/lib/jsdom/living/generated/EventListener.js:26:30)
      at innerInvokeEventListeners 
(node_modules/jsdom/lib/jsdom/living/events/EventTarget-impl.js:350:25)
      at invokeEventListeners 
(node_modules/jsdom/lib/jsdom/living/events/EventTarget-impl.js:286:3)
      at HTMLInputElementImpl._dispatch 
(node_modules/jsdom/lib/jsdom/living/events/EventTarget-impl.js:233:9)
      at HTMLInputElementImpl.dispatchEvent 
(node_modules/jsdom/lib/jsdom/living/events/EventTarget-impl.js:104:17)
      at HTMLInputElement.dispatchEvent 
(node_modules/jsdom/lib/jsdom/living/generated/EventTarget.js:241:34)
      at 
node_modules/@testing-library/user-event/dist/cjs/event/dispatchEvent.js:45:43
      at Object.eventWrapper 
(node_modules/@testing-library/dom/dist/config.js:25:23)
      at Object.wrapEvent 
(node_modules/@testing-library/user-event/dist/cjs/event/wrapEvent.js:6:28)
      at Object.dispatchEvent (node_modules/@testing-library/user-event/dist/cj
s/event/dispatchEvent.js:45:22)
      at Object.dispatchUIEvent (node_modules/@testing-library/user-event/dist/
cjs/event/dispatchEvent.js:22:26)
      at commitInput 
(node_modules/@testing-library/user-event/dist/cjs/event/input.js:145:14)
      at editInputElement 
(node_modules/@testing-library/user-event/dist/cjs/event/input.js:115:9)
      at Object.input 
(node_modules/@testing-library/user-event/dist/cjs/event/input.js:37:9)
      at node_modules/@testing-library/user-event/dist/cjs/event/behavior/keypr
ess.js:31:26
      at Object.dispatchEvent (node_modules/@testing-library/user-event/dist/cj
s/event/dispatchEvent.js:41:13)
      at Object.dispatchUIEvent (node_modules/@testing-library/user-event/dist/
cjs/event/dispatchEvent.js:22:26)
      at KeyboardHost.keydown 
(node_modules/@testing-library/user-event/dist/cjs/system/keyboard.js:76:22)
      at keyboardAction 
(node_modules/@testing-library/user-event/dist/cjs/keyboard/index.js:22:35)
      at Object.keyboard 
(node_modules/@testing-library/user-event/dist/cjs/keyboard/index.js:11:15)
      at Object.type 
(node_modules/@testing-library/user-event/dist/cjs/utility/type.js:17:5)
      at goToStep2 
(src/binding-authorities/__tests__/binding-authorities.test.tsx:1891:9)
      at goToPreview 
(src/binding-authorities/__tests__/binding-authorities.test.tsx:1897:9)
      at Object.<anonymous> 
(src/binding-authorities/__tests__/binding-authorities.test.tsx:1985:9)

    console.error
      Warning: An update to BordereauConfigModal inside a test was not wrapped 
in act(...).
      
      When testing, code that causes React state updates should be wrapped 
into act(...):
      
      act(() => {
        /* fire events that update state */
      });
      /* assert on the output */
      
      This ensures that you're testing the behavior the user would see in the 
browser. Learn more at https://reactjs.org/link/wrap-tests-with-act
          at BordereauConfigModal (C:\Users\samhe\OneDrive\Desktop\Cleaned\fron
tend\src\binding-authorities\BordereauConfigModal\BordereauConfigModal.tsx:217:
5)

      372 |                                     type="text"
      373 |                                     value={name}
    > 374 |                                     onChange={e => 
setName(e.target.value)}
          |                                                    ^
      375 |                                     placeholder="e.g. Q1 2025 Risk 
Bordereau"
      376 |                                     className="border 
border-gray-300 rounded px-3 py-2 text-sm w-full"
      377 |                                     autoFocus

      at printWarning 
(node_modules/react-dom/cjs/react-dom.development.js:86:30)
      at error (node_modules/react-dom/cjs/react-dom.development.js:60:7)
      at warnIfUpdatesNotWrappedWithActDEV 
(node_modules/react-dom/cjs/react-dom.development.js:27628:9)
      at scheduleUpdateOnFiber 
(node_modules/react-dom/cjs/react-dom.development.js:25547:5)
      at dispatchSetState 
(node_modules/react-dom/cjs/react-dom.development.js:16708:7)
      at onChange 
(src/binding-authorities/BordereauConfigModal/BordereauConfigModal.tsx:374:52)
      at HTMLUnknownElement.callCallback 
(node_modules/react-dom/cjs/react-dom.development.js:4164:14)
      at HTMLUnknownElement.callTheUserObjectsOperation 
(node_modules/jsdom/lib/jsdom/living/generated/EventListener.js:26:30)
      at innerInvokeEventListeners 
(node_modules/jsdom/lib/jsdom/living/events/EventTarget-impl.js:350:25)
      at invokeEventListeners 
(node_modules/jsdom/lib/jsdom/living/events/EventTarget-impl.js:286:3)
      at HTMLUnknownElementImpl._dispatch 
(node_modules/jsdom/lib/jsdom/living/events/EventTarget-impl.js:233:9)
      at HTMLUnknownElementImpl.dispatchEvent 
(node_modules/jsdom/lib/jsdom/living/events/EventTarget-impl.js:104:17)
      at HTMLUnknownElement.dispatchEvent 
(node_modules/jsdom/lib/jsdom/living/generated/EventTarget.js:241:34)
      at Object.invokeGuardedCallbackDev 
(node_modules/react-dom/cjs/react-dom.development.js:4213:16)
      at invokeGuardedCallback 
(node_modules/react-dom/cjs/react-dom.development.js:4277:31)
      at invokeGuardedCallbackAndCatchFirstError 
(node_modules/react-dom/cjs/react-dom.development.js:4291:25)
      at executeDispatch 
(node_modules/react-dom/cjs/react-dom.development.js:9041:3)
      at processDispatchQueueItemsInOrder 
(node_modules/react-dom/cjs/react-dom.development.js:9073:7)
      at processDispatchQueue 
(node_modules/react-dom/cjs/react-dom.development.js:9086:5)
      at dispatchEventsForPlugins 
(node_modules/react-dom/cjs/react-dom.development.js:9097:3)
      at node_modules/react-dom/cjs/react-dom.development.js:9288:12
      at batchedUpdates$1 
(node_modules/react-dom/cjs/react-dom.development.js:26179:12)
      at batchedUpdates 
(node_modules/react-dom/cjs/react-dom.development.js:3991:12)
      at dispatchEventForPluginEventSystem 
(node_modules/react-dom/cjs/react-dom.development.js:9287:3)
      at dispatchEventWithEnableCapturePhaseSelectiveHydrationWithoutDiscreteEv
entReplay (node_modules/react-dom/cjs/react-dom.development.js:6465:5)
      at dispatchEvent 
(node_modules/react-dom/cjs/react-dom.development.js:6457:5)
      at dispatchDiscreteEvent 
(node_modules/react-dom/cjs/react-dom.development.js:6430:5)
      at HTMLDivElement.callTheUserObjectsOperation 
(node_modules/jsdom/lib/jsdom/living/generated/EventListener.js:26:30)
      at innerInvokeEventListeners 
(node_modules/jsdom/lib/jsdom/living/events/EventTarget-impl.js:350:25)
      at invokeEventListeners 
(node_modules/jsdom/lib/jsdom/living/events/EventTarget-impl.js:286:3)
      at HTMLInputElementImpl._dispatch 
(node_modules/jsdom/lib/jsdom/living/events/EventTarget-impl.js:233:9)
      at HTMLInputElementImpl.dispatchEvent 
(node_modules/jsdom/lib/jsdom/living/events/EventTarget-impl.js:104:17)
      at HTMLInputElement.dispatchEvent 
(node_modules/jsdom/lib/jsdom/living/generated/EventTarget.js:241:34)
      at 
node_modules/@testing-library/user-event/dist/cjs/event/dispatchEvent.js:45:43
      at Object.eventWrapper 
(node_modules/@testing-library/dom/dist/config.js:25:23)
      at Object.wrapEvent 
(node_modules/@testing-library/user-event/dist/cjs/event/wrapEvent.js:6:28)
      at Object.dispatchEvent (node_modules/@testing-library/user-event/dist/cj
s/event/dispatchEvent.js:45:22)
      at Object.dispatchUIEvent (node_modules/@testing-library/user-event/dist/
cjs/event/dispatchEvent.js:22:26)
      at commitInput 
(node_modules/@testing-library/user-event/dist/cjs/event/input.js:145:14)
      at editInputElement 
(node_modules/@testing-library/user-event/dist/cjs/event/input.js:115:9)
      at Object.input 
(node_modules/@testing-library/user-event/dist/cjs/event/input.js:37:9)
      at node_modules/@testing-library/user-event/dist/cjs/event/behavior/keypr
ess.js:31:26
      at Object.dispatchEvent (node_modules/@testing-library/user-event/dist/cj
s/event/dispatchEvent.js:41:13)
      at Object.dispatchUIEvent (node_modules/@testing-library/user-event/dist/
cjs/event/dispatchEvent.js:22:26)
      at KeyboardHost.keydown 
(node_modules/@testing-library/user-event/dist/cjs/system/keyboard.js:76:22)
      at keyboardAction 
(node_modules/@testing-library/user-event/dist/cjs/keyboard/index.js:22:35)
      at Object.keyboard 
(node_modules/@testing-library/user-event/dist/cjs/keyboard/index.js:11:15)
      at Object.type 
(node_modules/@testing-library/user-event/dist/cjs/utility/type.js:17:5)
      at goToStep2 
(src/binding-authorities/__tests__/binding-authorities.test.tsx:1891:9)
      at goToPreview 
(src/binding-authorities/__tests__/binding-authorities.test.tsx:1897:9)
      at Object.<anonymous> 
(src/binding-authorities/__tests__/binding-authorities.test.tsx:1985:9)

    console.error
      Warning: An update to BordereauConfigModal inside a test was not wrapped 
in act(...).
      
      When testing, code that causes React state updates should be wrapped 
into act(...):
      
      act(() => {
        /* fire events that update state */
      });
      /* assert on the output */
      
      This ensures that you're testing the behavior the user would see in the 
browser. Learn more at https://reactjs.org/link/wrap-tests-with-act
          at BordereauConfigModal (C:\Users\samhe\OneDrive\Desktop\Cleaned\fron
tend\src\binding-authorities\BordereauConfigModal\BordereauConfigModal.tsx:217:
5)

      372 |                                     type="text"
      373 |                                     value={name}
    > 374 |                                     onChange={e => 
setName(e.target.value)}
          |                                                    ^
      375 |                                     placeholder="e.g. Q1 2025 Risk 
Bordereau"
      376 |                                     className="border 
border-gray-300 rounded px-3 py-2 text-sm w-full"
      377 |                                     autoFocus

      at printWarning 
(node_modules/react-dom/cjs/react-dom.development.js:86:30)
      at error (node_modules/react-dom/cjs/react-dom.development.js:60:7)
      at warnIfUpdatesNotWrappedWithActDEV 
(node_modules/react-dom/cjs/react-dom.development.js:27628:9)
      at scheduleUpdateOnFiber 
(node_modules/react-dom/cjs/react-dom.development.js:25547:5)
      at dispatchSetState 
(node_modules/react-dom/cjs/react-dom.development.js:16708:7)
      at onChange 
(src/binding-authorities/BordereauConfigModal/BordereauConfigModal.tsx:374:52)
      at HTMLUnknownElement.callCallback 
(node_modules/react-dom/cjs/react-dom.development.js:4164:14)
      at HTMLUnknownElement.callTheUserObjectsOperation 
(node_modules/jsdom/lib/jsdom/living/generated/EventListener.js:26:30)
      at innerInvokeEventListeners 
(node_modules/jsdom/lib/jsdom/living/events/EventTarget-impl.js:350:25)
      at invokeEventListeners 
(node_modules/jsdom/lib/jsdom/living/events/EventTarget-impl.js:286:3)
      at HTMLUnknownElementImpl._dispatch 
(node_modules/jsdom/lib/jsdom/living/events/EventTarget-impl.js:233:9)
      at HTMLUnknownElementImpl.dispatchEvent 
(node_modules/jsdom/lib/jsdom/living/events/EventTarget-impl.js:104:17)
      at HTMLUnknownElement.dispatchEvent 
(node_modules/jsdom/lib/jsdom/living/generated/EventTarget.js:241:34)
      at Object.invokeGuardedCallbackDev 
(node_modules/react-dom/cjs/react-dom.development.js:4213:16)
      at invokeGuardedCallback 
(node_modules/react-dom/cjs/react-dom.development.js:4277:31)
      at invokeGuardedCallbackAndCatchFirstError 
(node_modules/react-dom/cjs/react-dom.development.js:4291:25)
      at executeDispatch 
(node_modules/react-dom/cjs/react-dom.development.js:9041:3)
      at processDispatchQueueItemsInOrder 
(node_modules/react-dom/cjs/react-dom.development.js:9073:7)
      at processDispatchQueue 
(node_modules/react-dom/cjs/react-dom.development.js:9086:5)
      at dispatchEventsForPlugins 
(node_modules/react-dom/cjs/react-dom.development.js:9097:3)
      at node_modules/react-dom/cjs/react-dom.development.js:9288:12
      at batchedUpdates$1 
(node_modules/react-dom/cjs/react-dom.development.js:26179:12)
      at batchedUpdates 
(node_modules/react-dom/cjs/react-dom.development.js:3991:12)
      at dispatchEventForPluginEventSystem 
(node_modules/react-dom/cjs/react-dom.development.js:9287:3)
      at dispatchEventWithEnableCapturePhaseSelectiveHydrationWithoutDiscreteEv
entReplay (node_modules/react-dom/cjs/react-dom.development.js:6465:5)
      at dispatchEvent 
(node_modules/react-dom/cjs/react-dom.development.js:6457:5)
      at dispatchDiscreteEvent 
(node_modules/react-dom/cjs/react-dom.development.js:6430:5)
      at HTMLDivElement.callTheUserObjectsOperation 
(node_modules/jsdom/lib/jsdom/living/generated/EventListener.js:26:30)
      at innerInvokeEventListeners 
(node_modules/jsdom/lib/jsdom/living/events/EventTarget-impl.js:350:25)
      at invokeEventListeners 
(node_modules/jsdom/lib/jsdom/living/events/EventTarget-impl.js:286:3)
      at HTMLInputElementImpl._dispatch 
(node_modules/jsdom/lib/jsdom/living/events/EventTarget-impl.js:233:9)
      at HTMLInputElementImpl.dispatchEvent 
(node_modules/jsdom/lib/jsdom/living/events/EventTarget-impl.js:104:17)
      at HTMLInputElement.dispatchEvent 
(node_modules/jsdom/lib/jsdom/living/generated/EventTarget.js:241:34)
      at 
node_modules/@testing-library/user-event/dist/cjs/event/dispatchEvent.js:45:43
      at Object.eventWrapper 
(node_modules/@testing-library/dom/dist/config.js:25:23)
      at Object.wrapEvent 
(node_modules/@testing-library/user-event/dist/cjs/event/wrapEvent.js:6:28)
      at Object.dispatchEvent (node_modules/@testing-library/user-event/dist/cj
s/event/dispatchEvent.js:45:22)
      at Object.dispatchUIEvent (node_modules/@testing-library/user-event/dist/
cjs/event/dispatchEvent.js:22:26)
      at commitInput 
(node_modules/@testing-library/user-event/dist/cjs/event/input.js:145:14)
      at editInputElement 
(node_modules/@testing-library/user-event/dist/cjs/event/input.js:115:9)
      at Object.input 
(node_modules/@testing-library/user-event/dist/cjs/event/input.js:37:9)
      at node_modules/@testing-library/user-event/dist/cjs/event/behavior/keypr
ess.js:31:26
      at Object.dispatchEvent (node_modules/@testing-library/user-event/dist/cj
s/event/dispatchEvent.js:41:13)
      at Object.dispatchUIEvent (node_modules/@testing-library/user-event/dist/
cjs/event/dispatchEvent.js:22:26)
      at KeyboardHost.keydown 
(node_modules/@testing-library/user-event/dist/cjs/system/keyboard.js:76:22)
      at keyboardAction 
(node_modules/@testing-library/user-event/dist/cjs/keyboard/index.js:22:35)
      at Object.keyboard 
(node_modules/@testing-library/user-event/dist/cjs/keyboard/index.js:11:15)
      at Object.type 
(node_modules/@testing-library/user-event/dist/cjs/utility/type.js:17:5)
      at goToStep2 
(src/binding-authorities/__tests__/binding-authorities.test.tsx:1891:9)
      at goToPreview 
(src/binding-authorities/__tests__/binding-authorities.test.tsx:1897:9)
      at Object.<anonymous> 
(src/binding-authorities/__tests__/binding-authorities.test.tsx:1985:9)

    console.error
      Warning: An update to BordereauConfigModal inside a test was not wrapped 
in act(...).
      
      When testing, code that causes React state updates should be wrapped 
into act(...):
      
      act(() => {
        /* fire events that update state */
      });
      /* assert on the output */
      
      This ensures that you're testing the behavior the user would see in the 
browser. Learn more at https://reactjs.org/link/wrap-tests-with-act
          at BordereauConfigModal (C:\Users\samhe\OneDrive\Desktop\Cleaned\fron
tend\src\binding-authorities\BordereauConfigModal\BordereauConfigModal.tsx:217:
5)

      372 |                                     type="text"
      373 |                                     value={name}
    > 374 |                                     onChange={e => 
setName(e.target.value)}
          |                                                    ^
      375 |                                     placeholder="e.g. Q1 2025 Risk 
Bordereau"
      376 |                                     className="border 
border-gray-300 rounded px-3 py-2 text-sm w-full"
      377 |                                     autoFocus

      at printWarning 
(node_modules/react-dom/cjs/react-dom.development.js:86:30)
      at error (node_modules/react-dom/cjs/react-dom.development.js:60:7)
      at warnIfUpdatesNotWrappedWithActDEV 
(node_modules/react-dom/cjs/react-dom.development.js:27628:9)
      at scheduleUpdateOnFiber 
(node_modules/react-dom/cjs/react-dom.development.js:25547:5)
      at dispatchSetState 
(node_modules/react-dom/cjs/react-dom.development.js:16708:7)
      at onChange 
(src/binding-authorities/BordereauConfigModal/BordereauConfigModal.tsx:374:52)
      at HTMLUnknownElement.callCallback 
(node_modules/react-dom/cjs/react-dom.development.js:4164:14)
      at HTMLUnknownElement.callTheUserObjectsOperation 
(node_modules/jsdom/lib/jsdom/living/generated/EventListener.js:26:30)
      at innerInvokeEventListeners 
(node_modules/jsdom/lib/jsdom/living/events/EventTarget-impl.js:350:25)
      at invokeEventListeners 
(node_modules/jsdom/lib/jsdom/living/events/EventTarget-impl.js:286:3)
      at HTMLUnknownElementImpl._dispatch 
(node_modules/jsdom/lib/jsdom/living/events/EventTarget-impl.js:233:9)
      at HTMLUnknownElementImpl.dispatchEvent 
(node_modules/jsdom/lib/jsdom/living/events/EventTarget-impl.js:104:17)
      at HTMLUnknownElement.dispatchEvent 
(node_modules/jsdom/lib/jsdom/living/generated/EventTarget.js:241:34)
      at Object.invokeGuardedCallbackDev 
(node_modules/react-dom/cjs/react-dom.development.js:4213:16)
      at invokeGuardedCallback 
(node_modules/react-dom/cjs/react-dom.development.js:4277:31)
      at invokeGuardedCallbackAndCatchFirstError 
(node_modules/react-dom/cjs/react-dom.development.js:4291:25)
      at executeDispatch 
(node_modules/react-dom/cjs/react-dom.development.js:9041:3)
      at processDispatchQueueItemsInOrder 
(node_modules/react-dom/cjs/react-dom.development.js:9073:7)
      at processDispatchQueue 
(node_modules/react-dom/cjs/react-dom.development.js:9086:5)
      at dispatchEventsForPlugins 
(node_modules/react-dom/cjs/react-dom.development.js:9097:3)
      at node_modules/react-dom/cjs/react-dom.development.js:9288:12
      at batchedUpdates$1 
(node_modules/react-dom/cjs/react-dom.development.js:26179:12)
      at batchedUpdates 
(node_modules/react-dom/cjs/react-dom.development.js:3991:12)
      at dispatchEventForPluginEventSystem 
(node_modules/react-dom/cjs/react-dom.development.js:9287:3)
      at dispatchEventWithEnableCapturePhaseSelectiveHydrationWithoutDiscreteEv
entReplay (node_modules/react-dom/cjs/react-dom.development.js:6465:5)
      at dispatchEvent 
(node_modules/react-dom/cjs/react-dom.development.js:6457:5)
      at dispatchDiscreteEvent 
(node_modules/react-dom/cjs/react-dom.development.js:6430:5)
      at HTMLDivElement.callTheUserObjectsOperation 
(node_modules/jsdom/lib/jsdom/living/generated/EventListener.js:26:30)
      at innerInvokeEventListeners 
(node_modules/jsdom/lib/jsdom/living/events/EventTarget-impl.js:350:25)
      at invokeEventListeners 
(node_modules/jsdom/lib/jsdom/living/events/EventTarget-impl.js:286:3)
      at HTMLInputElementImpl._dispatch 
(node_modules/jsdom/lib/jsdom/living/events/EventTarget-impl.js:233:9)
      at HTMLInputElementImpl.dispatchEvent 
(node_modules/jsdom/lib/jsdom/living/events/EventTarget-impl.js:104:17)
      at HTMLInputElement.dispatchEvent 
(node_modules/jsdom/lib/jsdom/living/generated/EventTarget.js:241:34)
      at 
node_modules/@testing-library/user-event/dist/cjs/event/dispatchEvent.js:45:43
      at Object.eventWrapper 
(node_modules/@testing-library/dom/dist/config.js:25:23)
      at Object.wrapEvent 
(node_modules/@testing-library/user-event/dist/cjs/event/wrapEvent.js:6:28)
      at Object.dispatchEvent (node_modules/@testing-library/user-event/dist/cj
s/event/dispatchEvent.js:45:22)
      at Object.dispatchUIEvent (node_modules/@testing-library/user-event/dist/
cjs/event/dispatchEvent.js:22:26)
      at commitInput 
(node_modules/@testing-library/user-event/dist/cjs/event/input.js:145:14)
      at editInputElement 
(node_modules/@testing-library/user-event/dist/cjs/event/input.js:115:9)
      at Object.input 
(node_modules/@testing-library/user-event/dist/cjs/event/input.js:37:9)
      at node_modules/@testing-library/user-event/dist/cjs/event/behavior/keypr
ess.js:31:26
      at Object.dispatchEvent (node_modules/@testing-library/user-event/dist/cj
s/event/dispatchEvent.js:41:13)
      at Object.dispatchUIEvent (node_modules/@testing-library/user-event/dist/
cjs/event/dispatchEvent.js:22:26)
      at KeyboardHost.keydown 
(node_modules/@testing-library/user-event/dist/cjs/system/keyboard.js:76:22)
      at keyboardAction 
(node_modules/@testing-library/user-event/dist/cjs/keyboard/index.js:22:35)
      at Object.keyboard 
(node_modules/@testing-library/user-event/dist/cjs/keyboard/index.js:11:15)
      at Object.type 
(node_modules/@testing-library/user-event/dist/cjs/utility/type.js:17:5)
      at goToStep2 
(src/binding-authorities/__tests__/binding-authorities.test.tsx:1891:9)
      at goToPreview 
(src/binding-authorities/__tests__/binding-authorities.test.tsx:1897:9)
      at Object.<anonymous> 
(src/binding-authorities/__tests__/binding-authorities.test.tsx:1985:9)

    console.error
      Warning: An update to BordereauConfigModal inside a test was not wrapped 
in act(...).
      
      When testing, code that causes React state updates should be wrapped 
into act(...):
      
      act(() => {
        /* fire events that update state */
      });
      /* assert on the output */
      
      This ensures that you're testing the behavior the user would see in the 
browser. Learn more at https://reactjs.org/link/wrap-tests-with-act
          at BordereauConfigModal (C:\Users\samhe\OneDrive\Desktop\Cleaned\fron
tend\src\binding-authorities\BordereauConfigModal\BordereauConfigModal.tsx:217:
5)

      372 |                                     type="text"
      373 |                                     value={name}
    > 374 |                                     onChange={e => 
setName(e.target.value)}
          |                                                    ^
      375 |                                     placeholder="e.g. Q1 2025 Risk 
Bordereau"
      376 |                                     className="border 
border-gray-300 rounded px-3 py-2 text-sm w-full"
      377 |                                     autoFocus

      at printWarning 
(node_modules/react-dom/cjs/react-dom.development.js:86:30)
      at error (node_modules/react-dom/cjs/react-dom.development.js:60:7)
      at warnIfUpdatesNotWrappedWithActDEV 
(node_modules/react-dom/cjs/react-dom.development.js:27628:9)
      at scheduleUpdateOnFiber 
(node_modules/react-dom/cjs/react-dom.development.js:25547:5)
      at dispatchSetState 
(node_modules/react-dom/cjs/react-dom.development.js:16708:7)
      at onChange 
(src/binding-authorities/BordereauConfigModal/BordereauConfigModal.tsx:374:52)
      at HTMLUnknownElement.callCallback 
(node_modules/react-dom/cjs/react-dom.development.js:4164:14)
      at HTMLUnknownElement.callTheUserObjectsOperation 
(node_modules/jsdom/lib/jsdom/living/generated/EventListener.js:26:30)
      at innerInvokeEventListeners 
(node_modules/jsdom/lib/jsdom/living/events/EventTarget-impl.js:350:25)
      at invokeEventListeners 
(node_modules/jsdom/lib/jsdom/living/events/EventTarget-impl.js:286:3)
      at HTMLUnknownElementImpl._dispatch 
(node_modules/jsdom/lib/jsdom/living/events/EventTarget-impl.js:233:9)
      at HTMLUnknownElementImpl.dispatchEvent 
(node_modules/jsdom/lib/jsdom/living/events/EventTarget-impl.js:104:17)
      at HTMLUnknownElement.dispatchEvent 
(node_modules/jsdom/lib/jsdom/living/generated/EventTarget.js:241:34)
      at Object.invokeGuardedCallbackDev 
(node_modules/react-dom/cjs/react-dom.development.js:4213:16)
      at invokeGuardedCallback 
(node_modules/react-dom/cjs/react-dom.development.js:4277:31)
      at invokeGuardedCallbackAndCatchFirstError 
(node_modules/react-dom/cjs/react-dom.development.js:4291:25)
      at executeDispatch 
(node_modules/react-dom/cjs/react-dom.development.js:9041:3)
      at processDispatchQueueItemsInOrder 
(node_modules/react-dom/cjs/react-dom.development.js:9073:7)
      at processDispatchQueue 
(node_modules/react-dom/cjs/react-dom.development.js:9086:5)
      at dispatchEventsForPlugins 
(node_modules/react-dom/cjs/react-dom.development.js:9097:3)
      at node_modules/react-dom/cjs/react-dom.development.js:9288:12
      at batchedUpdates$1 
(node_modules/react-dom/cjs/react-dom.development.js:26179:12)
      at batchedUpdates 
(node_modules/react-dom/cjs/react-dom.development.js:3991:12)
      at dispatchEventForPluginEventSystem 
(node_modules/react-dom/cjs/react-dom.development.js:9287:3)
      at dispatchEventWithEnableCapturePhaseSelectiveHydrationWithoutDiscreteEv
entReplay (node_modules/react-dom/cjs/react-dom.development.js:6465:5)
      at dispatchEvent 
(node_modules/react-dom/cjs/react-dom.development.js:6457:5)
      at dispatchDiscreteEvent 
(node_modules/react-dom/cjs/react-dom.development.js:6430:5)
      at HTMLDivElement.callTheUserObjectsOperation 
(node_modules/jsdom/lib/jsdom/living/generated/EventListener.js:26:30)
      at innerInvokeEventListeners 
(node_modules/jsdom/lib/jsdom/living/events/EventTarget-impl.js:350:25)
      at invokeEventListeners 
(node_modules/jsdom/lib/jsdom/living/events/EventTarget-impl.js:286:3)
      at HTMLInputElementImpl._dispatch 
(node_modules/jsdom/lib/jsdom/living/events/EventTarget-impl.js:233:9)
      at HTMLInputElementImpl.dispatchEvent 
(node_modules/jsdom/lib/jsdom/living/events/EventTarget-impl.js:104:17)
      at HTMLInputElement.dispatchEvent 
(node_modules/jsdom/lib/jsdom/living/generated/EventTarget.js:241:34)
      at 
node_modules/@testing-library/user-event/dist/cjs/event/dispatchEvent.js:45:43
      at Object.eventWrapper 
(node_modules/@testing-library/dom/dist/config.js:25:23)
      at Object.wrapEvent 
(node_modules/@testing-library/user-event/dist/cjs/event/wrapEvent.js:6:28)
      at Object.dispatchEvent (node_modules/@testing-library/user-event/dist/cj
s/event/dispatchEvent.js:45:22)
      at Object.dispatchUIEvent (node_modules/@testing-library/user-event/dist/
cjs/event/dispatchEvent.js:22:26)
      at commitInput 
(node_modules/@testing-library/user-event/dist/cjs/event/input.js:145:14)
      at editInputElement 
(node_modules/@testing-library/user-event/dist/cjs/event/input.js:115:9)
      at Object.input 
(node_modules/@testing-library/user-event/dist/cjs/event/input.js:37:9)
      at node_modules/@testing-library/user-event/dist/cjs/event/behavior/keypr
ess.js:31:26
      at Object.dispatchEvent (node_modules/@testing-library/user-event/dist/cj
s/event/dispatchEvent.js:41:13)
      at Object.dispatchUIEvent (node_modules/@testing-library/user-event/dist/
cjs/event/dispatchEvent.js:22:26)
      at KeyboardHost.keydown 
(node_modules/@testing-library/user-event/dist/cjs/system/keyboard.js:76:22)
      at keyboardAction 
(node_modules/@testing-library/user-event/dist/cjs/keyboard/index.js:22:35)
      at Object.keyboard 
(node_modules/@testing-library/user-event/dist/cjs/keyboard/index.js:11:15)
      at Object.type 
(node_modules/@testing-library/user-event/dist/cjs/utility/type.js:17:5)
      at goToStep2 
(src/binding-authorities/__tests__/binding-authorities.test.tsx:1891:9)
      at goToPreview 
(src/binding-authorities/__tests__/binding-authorities.test.tsx:1897:9)
      at Object.<anonymous> 
(src/binding-authorities/__tests__/binding-authorities.test.tsx:1985:9)

    console.error
      Warning: An update to BordereauConfigModal inside a test was not wrapped 
in act(...).
      
      When testing, code that causes React state updates should be wrapped 
into act(...):
      
      act(() => {
        /* fire events that update state */
      });
      /* assert on the output */
      
      This ensures that you're testing the behavior the user would see in the 
browser. Learn more at https://reactjs.org/link/wrap-tests-with-act
          at BordereauConfigModal (C:\Users\samhe\OneDrive\Desktop\Cleaned\fron
tend\src\binding-authorities\BordereauConfigModal\BordereauConfigModal.tsx:217:
5)

      372 |                                     type="text"
      373 |                                     value={name}
    > 374 |                                     onChange={e => 
setName(e.target.value)}
          |                                                    ^
      375 |                                     placeholder="e.g. Q1 2025 Risk 
Bordereau"
      376 |                                     className="border 
border-gray-300 rounded px-3 py-2 text-sm w-full"
      377 |                                     autoFocus

      at printWarning 
(node_modules/react-dom/cjs/react-dom.development.js:86:30)
      at error (node_modules/react-dom/cjs/react-dom.development.js:60:7)
      at warnIfUpdatesNotWrappedWithActDEV 
(node_modules/react-dom/cjs/react-dom.development.js:27628:9)
      at scheduleUpdateOnFiber 
(node_modules/react-dom/cjs/react-dom.development.js:25547:5)
      at dispatchSetState 
(node_modules/react-dom/cjs/react-dom.development.js:16708:7)
      at onChange 
(src/binding-authorities/BordereauConfigModal/BordereauConfigModal.tsx:374:52)
      at HTMLUnknownElement.callCallback 
(node_modules/react-dom/cjs/react-dom.development.js:4164:14)
      at HTMLUnknownElement.callTheUserObjectsOperation 
(node_modules/jsdom/lib/jsdom/living/generated/EventListener.js:26:30)
      at innerInvokeEventListeners 
(node_modules/jsdom/lib/jsdom/living/events/EventTarget-impl.js:350:25)
      at invokeEventListeners 
(node_modules/jsdom/lib/jsdom/living/events/EventTarget-impl.js:286:3)
      at HTMLUnknownElementImpl._dispatch 
(node_modules/jsdom/lib/jsdom/living/events/EventTarget-impl.js:233:9)
      at HTMLUnknownElementImpl.dispatchEvent 
(node_modules/jsdom/lib/jsdom/living/events/EventTarget-impl.js:104:17)
      at HTMLUnknownElement.dispatchEvent 
(node_modules/jsdom/lib/jsdom/living/generated/EventTarget.js:241:34)
      at Object.invokeGuardedCallbackDev 
(node_modules/react-dom/cjs/react-dom.development.js:4213:16)
      at invokeGuardedCallback 
(node_modules/react-dom/cjs/react-dom.development.js:4277:31)
      at invokeGuardedCallbackAndCatchFirstError 
(node_modules/react-dom/cjs/react-dom.development.js:4291:25)
      at executeDispatch 
(node_modules/react-dom/cjs/react-dom.development.js:9041:3)
      at processDispatchQueueItemsInOrder 
(node_modules/react-dom/cjs/react-dom.development.js:9073:7)
      at processDispatchQueue 
(node_modules/react-dom/cjs/react-dom.development.js:9086:5)
      at dispatchEventsForPlugins 
(node_modules/react-dom/cjs/react-dom.development.js:9097:3)
      at node_modules/react-dom/cjs/react-dom.development.js:9288:12
      at batchedUpdates$1 
(node_modules/react-dom/cjs/react-dom.development.js:26179:12)
      at batchedUpdates 
(node_modules/react-dom/cjs/react-dom.development.js:3991:12)
      at dispatchEventForPluginEventSystem 
(node_modules/react-dom/cjs/react-dom.development.js:9287:3)
      at dispatchEventWithEnableCapturePhaseSelectiveHydrationWithoutDiscreteEv
entReplay (node_modules/react-dom/cjs/react-dom.development.js:6465:5)
      at dispatchEvent 
(node_modules/react-dom/cjs/react-dom.development.js:6457:5)
      at dispatchDiscreteEvent 
(node_modules/react-dom/cjs/react-dom.development.js:6430:5)
      at HTMLDivElement.callTheUserObjectsOperation 
(node_modules/jsdom/lib/jsdom/living/generated/EventListener.js:26:30)
      at innerInvokeEventListeners 
(node_modules/jsdom/lib/jsdom/living/events/EventTarget-impl.js:350:25)
      at invokeEventListeners 
(node_modules/jsdom/lib/jsdom/living/events/EventTarget-impl.js:286:3)
      at HTMLInputElementImpl._dispatch 
(node_modules/jsdom/lib/jsdom/living/events/EventTarget-impl.js:233:9)
      at HTMLInputElementImpl.dispatchEvent 
(node_modules/jsdom/lib/jsdom/living/events/EventTarget-impl.js:104:17)
      at HTMLInputElement.dispatchEvent 
(node_modules/jsdom/lib/jsdom/living/generated/EventTarget.js:241:34)
      at 
node_modules/@testing-library/user-event/dist/cjs/event/dispatchEvent.js:45:43
      at Object.eventWrapper 
(node_modules/@testing-library/dom/dist/config.js:25:23)
      at Object.wrapEvent 
(node_modules/@testing-library/user-event/dist/cjs/event/wrapEvent.js:6:28)
      at Object.dispatchEvent (node_modules/@testing-library/user-event/dist/cj
s/event/dispatchEvent.js:45:22)
      at Object.dispatchUIEvent (node_modules/@testing-library/user-event/dist/
cjs/event/dispatchEvent.js:22:26)
      at commitInput 
(node_modules/@testing-library/user-event/dist/cjs/event/input.js:145:14)
      at editInputElement 
(node_modules/@testing-library/user-event/dist/cjs/event/input.js:115:9)
      at Object.input 
(node_modules/@testing-library/user-event/dist/cjs/event/input.js:37:9)
      at node_modules/@testing-library/user-event/dist/cjs/event/behavior/keypr
ess.js:31:26
      at Object.dispatchEvent (node_modules/@testing-library/user-event/dist/cj
s/event/dispatchEvent.js:41:13)
      at Object.dispatchUIEvent (node_modules/@testing-library/user-event/dist/
cjs/event/dispatchEvent.js:22:26)
      at KeyboardHost.keydown 
(node_modules/@testing-library/user-event/dist/cjs/system/keyboard.js:76:22)
      at keyboardAction 
(node_modules/@testing-library/user-event/dist/cjs/keyboard/index.js:22:35)
      at Object.keyboard 
(node_modules/@testing-library/user-event/dist/cjs/keyboard/index.js:11:15)
      at Object.type 
(node_modules/@testing-library/user-event/dist/cjs/utility/type.js:17:5)
      at goToStep2 
(src/binding-authorities/__tests__/binding-authorities.test.tsx:1891:9)
      at goToPreview 
(src/binding-authorities/__tests__/binding-authorities.test.tsx:1897:9)
      at Object.<anonymous> 
(src/binding-authorities/__tests__/binding-authorities.test.tsx:1985:9)

    console.error
      Warning: An update to BordereauConfigModal inside a test was not wrapped 
in act(...).
      
      When testing, code that causes React state updates should be wrapped 
into act(...):
      
      act(() => {
        /* fire events that update state */
      });
      /* assert on the output */
      
      This ensures that you're testing the behavior the user would see in the 
browser. Learn more at https://reactjs.org/link/wrap-tests-with-act
          at BordereauConfigModal (C:\Users\samhe\OneDrive\Desktop\Cleaned\fron
tend\src\binding-authorities\BordereauConfigModal\BordereauConfigModal.tsx:217:
5)

      372 |                                     type="text"
      373 |                                     value={name}
    > 374 |                                     onChange={e => 
setName(e.target.value)}
          |                                                    ^
      375 |                                     placeholder="e.g. Q1 2025 Risk 
Bordereau"
      376 |                                     className="border 
border-gray-300 rounded px-3 py-2 text-sm w-full"
      377 |                                     autoFocus

      at printWarning 
(node_modules/react-dom/cjs/react-dom.development.js:86:30)
      at error (node_modules/react-dom/cjs/react-dom.development.js:60:7)
      at warnIfUpdatesNotWrappedWithActDEV 
(node_modules/react-dom/cjs/react-dom.development.js:27628:9)
      at scheduleUpdateOnFiber 
(node_modules/react-dom/cjs/react-dom.development.js:25547:5)
      at dispatchSetState 
(node_modules/react-dom/cjs/react-dom.development.js:16708:7)
      at onChange 
(src/binding-authorities/BordereauConfigModal/BordereauConfigModal.tsx:374:52)
      at HTMLUnknownElement.callCallback 
(node_modules/react-dom/cjs/react-dom.development.js:4164:14)
      at HTMLUnknownElement.callTheUserObjectsOperation 
(node_modules/jsdom/lib/jsdom/living/generated/EventListener.js:26:30)
      at innerInvokeEventListeners 
(node_modules/jsdom/lib/jsdom/living/events/EventTarget-impl.js:350:25)
      at invokeEventListeners 
(node_modules/jsdom/lib/jsdom/living/events/EventTarget-impl.js:286:3)
      at HTMLUnknownElementImpl._dispatch 
(node_modules/jsdom/lib/jsdom/living/events/EventTarget-impl.js:233:9)
      at HTMLUnknownElementImpl.dispatchEvent 
(node_modules/jsdom/lib/jsdom/living/events/EventTarget-impl.js:104:17)
      at HTMLUnknownElement.dispatchEvent 
(node_modules/jsdom/lib/jsdom/living/generated/EventTarget.js:241:34)
      at Object.invokeGuardedCallbackDev 
(node_modules/react-dom/cjs/react-dom.development.js:4213:16)
      at invokeGuardedCallback 
(node_modules/react-dom/cjs/react-dom.development.js:4277:31)
      at invokeGuardedCallbackAndCatchFirstError 
(node_modules/react-dom/cjs/react-dom.development.js:4291:25)
      at executeDispatch 
(node_modules/react-dom/cjs/react-dom.development.js:9041:3)
      at processDispatchQueueItemsInOrder 
(node_modules/react-dom/cjs/react-dom.development.js:9073:7)
      at processDispatchQueue 
(node_modules/react-dom/cjs/react-dom.development.js:9086:5)
      at dispatchEventsForPlugins 
(node_modules/react-dom/cjs/react-dom.development.js:9097:3)
      at node_modules/react-dom/cjs/react-dom.development.js:9288:12
      at batchedUpdates$1 
(node_modules/react-dom/cjs/react-dom.development.js:26179:12)
      at batchedUpdates 
(node_modules/react-dom/cjs/react-dom.development.js:3991:12)
      at dispatchEventForPluginEventSystem 
(node_modules/react-dom/cjs/react-dom.development.js:9287:3)
      at dispatchEventWithEnableCapturePhaseSelectiveHydrationWithoutDiscreteEv
entReplay (node_modules/react-dom/cjs/react-dom.development.js:6465:5)
      at dispatchEvent 
(node_modules/react-dom/cjs/react-dom.development.js:6457:5)
      at dispatchDiscreteEvent 
(node_modules/react-dom/cjs/react-dom.development.js:6430:5)
      at HTMLDivElement.callTheUserObjectsOperation 
(node_modules/jsdom/lib/jsdom/living/generated/EventListener.js:26:30)
      at innerInvokeEventListeners 
(node_modules/jsdom/lib/jsdom/living/events/EventTarget-impl.js:350:25)
      at invokeEventListeners 
(node_modules/jsdom/lib/jsdom/living/events/EventTarget-impl.js:286:3)
      at HTMLInputElementImpl._dispatch 
(node_modules/jsdom/lib/jsdom/living/events/EventTarget-impl.js:233:9)
      at HTMLInputElementImpl.dispatchEvent 
(node_modules/jsdom/lib/jsdom/living/events/EventTarget-impl.js:104:17)
      at HTMLInputElement.dispatchEvent 
(node_modules/jsdom/lib/jsdom/living/generated/EventTarget.js:241:34)
      at 
node_modules/@testing-library/user-event/dist/cjs/event/dispatchEvent.js:45:43
      at Object.eventWrapper 
(node_modules/@testing-library/dom/dist/config.js:25:23)
      at Object.wrapEvent 
(node_modules/@testing-library/user-event/dist/cjs/event/wrapEvent.js:6:28)
      at Object.dispatchEvent (node_modules/@testing-library/user-event/dist/cj
s/event/dispatchEvent.js:45:22)
      at Object.dispatchUIEvent (node_modules/@testing-library/user-event/dist/
cjs/event/dispatchEvent.js:22:26)
      at commitInput 
(node_modules/@testing-library/user-event/dist/cjs/event/input.js:145:14)
      at editInputElement 
(node_modules/@testing-library/user-event/dist/cjs/event/input.js:115:9)
      at Object.input 
(node_modules/@testing-library/user-event/dist/cjs/event/input.js:37:9)
      at node_modules/@testing-library/user-event/dist/cjs/event/behavior/keypr
ess.js:31:26
      at Object.dispatchEvent (node_modules/@testing-library/user-event/dist/cj
s/event/dispatchEvent.js:41:13)
      at Object.dispatchUIEvent (node_modules/@testing-library/user-event/dist/
cjs/event/dispatchEvent.js:22:26)
      at KeyboardHost.keydown 
(node_modules/@testing-library/user-event/dist/cjs/system/keyboard.js:76:22)
      at keyboardAction 
(node_modules/@testing-library/user-event/dist/cjs/keyboard/index.js:22:35)
      at Object.keyboard 
(node_modules/@testing-library/user-event/dist/cjs/keyboard/index.js:11:15)
      at Object.type 
(node_modules/@testing-library/user-event/dist/cjs/utility/type.js:17:5)
      at goToStep2 
(src/binding-authorities/__tests__/binding-authorities.test.tsx:1891:9)
      at goToPreview 
(src/binding-authorities/__tests__/binding-authorities.test.tsx:1897:9)
      at Object.<anonymous> 
(src/binding-authorities/__tests__/binding-authorities.test.tsx:1985:9)

    console.error
      Warning: An update to BordereauConfigModal inside a test was not wrapped 
in act(...).
      
      When testing, code that causes React state updates should be wrapped 
into act(...):
      
      act(() => {
        /* fire events that update state */
      });
      /* assert on the output */
      
      This ensures that you're testing the behavior the user would see in the 
browser. Learn more at https://reactjs.org/link/wrap-tests-with-act
          at BordereauConfigModal (C:\Users\samhe\OneDrive\Desktop\Cleaned\fron
tend\src\binding-authorities\BordereauConfigModal\BordereauConfigModal.tsx:217:
5)

      372 |                                     type="text"
      373 |                                     value={name}
    > 374 |                                     onChange={e => 
setName(e.target.value)}
          |                                                    ^
      375 |                                     placeholder="e.g. Q1 2025 Risk 
Bordereau"
      376 |                                     className="border 
border-gray-300 rounded px-3 py-2 text-sm w-full"
      377 |                                     autoFocus

      at printWarning 
(node_modules/react-dom/cjs/react-dom.development.js:86:30)
      at error (node_modules/react-dom/cjs/react-dom.development.js:60:7)
      at warnIfUpdatesNotWrappedWithActDEV 
(node_modules/react-dom/cjs/react-dom.development.js:27628:9)
      at scheduleUpdateOnFiber 
(node_modules/react-dom/cjs/react-dom.development.js:25547:5)
      at dispatchSetState 
(node_modules/react-dom/cjs/react-dom.development.js:16708:7)
      at onChange 
(src/binding-authorities/BordereauConfigModal/BordereauConfigModal.tsx:374:52)
      at HTMLUnknownElement.callCallback 
(node_modules/react-dom/cjs/react-dom.development.js:4164:14)
      at HTMLUnknownElement.callTheUserObjectsOperation 
(node_modules/jsdom/lib/jsdom/living/generated/EventListener.js:26:30)
      at innerInvokeEventListeners 
(node_modules/jsdom/lib/jsdom/living/events/EventTarget-impl.js:350:25)
      at invokeEventListeners 
(node_modules/jsdom/lib/jsdom/living/events/EventTarget-impl.js:286:3)
      at HTMLUnknownElementImpl._dispatch 
(node_modules/jsdom/lib/jsdom/living/events/EventTarget-impl.js:233:9)
      at HTMLUnknownElementImpl.dispatchEvent 
(node_modules/jsdom/lib/jsdom/living/events/EventTarget-impl.js:104:17)
      at HTMLUnknownElement.dispatchEvent 
(node_modules/jsdom/lib/jsdom/living/generated/EventTarget.js:241:34)
      at Object.invokeGuardedCallbackDev 
(node_modules/react-dom/cjs/react-dom.development.js:4213:16)
      at invokeGuardedCallback 
(node_modules/react-dom/cjs/react-dom.development.js:4277:31)
      at invokeGuardedCallbackAndCatchFirstError 
(node_modules/react-dom/cjs/react-dom.development.js:4291:25)
      at executeDispatch 
(node_modules/react-dom/cjs/react-dom.development.js:9041:3)
      at processDispatchQueueItemsInOrder 
(node_modules/react-dom/cjs/react-dom.development.js:9073:7)
      at processDispatchQueue 
(node_modules/react-dom/cjs/react-dom.development.js:9086:5)
      at dispatchEventsForPlugins 
(node_modules/react-dom/cjs/react-dom.development.js:9097:3)
      at node_modules/react-dom/cjs/react-dom.development.js:9288:12
      at batchedUpdates$1 
(node_modules/react-dom/cjs/react-dom.development.js:26179:12)
      at batchedUpdates 
(node_modules/react-dom/cjs/react-dom.development.js:3991:12)
      at dispatchEventForPluginEventSystem 
(node_modules/react-dom/cjs/react-dom.development.js:9287:3)
      at dispatchEventWithEnableCapturePhaseSelectiveHydrationWithoutDiscreteEv
entReplay (node_modules/react-dom/cjs/react-dom.development.js:6465:5)
      at dispatchEvent 
(node_modules/react-dom/cjs/react-dom.development.js:6457:5)
      at dispatchDiscreteEvent 
(node_modules/react-dom/cjs/react-dom.development.js:6430:5)
      at HTMLDivElement.callTheUserObjectsOperation 
(node_modules/jsdom/lib/jsdom/living/generated/EventListener.js:26:30)
      at innerInvokeEventListeners 
(node_modules/jsdom/lib/jsdom/living/events/EventTarget-impl.js:350:25)
      at invokeEventListeners 
(node_modules/jsdom/lib/jsdom/living/events/EventTarget-impl.js:286:3)
      at HTMLInputElementImpl._dispatch 
(node_modules/jsdom/lib/jsdom/living/events/EventTarget-impl.js:233:9)
      at HTMLInputElementImpl.dispatchEvent 
(node_modules/jsdom/lib/jsdom/living/events/EventTarget-impl.js:104:17)
      at HTMLInputElement.dispatchEvent 
(node_modules/jsdom/lib/jsdom/living/generated/EventTarget.js:241:34)
      at 
node_modules/@testing-library/user-event/dist/cjs/event/dispatchEvent.js:45:43
      at Object.eventWrapper 
(node_modules/@testing-library/dom/dist/config.js:25:23)
      at Object.wrapEvent 
(node_modules/@testing-library/user-event/dist/cjs/event/wrapEvent.js:6:28)
      at Object.dispatchEvent (node_modules/@testing-library/user-event/dist/cj
s/event/dispatchEvent.js:45:22)
      at Object.dispatchUIEvent (node_modules/@testing-library/user-event/dist/
cjs/event/dispatchEvent.js:22:26)
      at commitInput 
(node_modules/@testing-library/user-event/dist/cjs/event/input.js:145:14)
      at editInputElement 
(node_modules/@testing-library/user-event/dist/cjs/event/input.js:115:9)
      at Object.input 
(node_modules/@testing-library/user-event/dist/cjs/event/input.js:37:9)
      at node_modules/@testing-library/user-event/dist/cjs/event/behavior/keypr
ess.js:31:26
      at Object.dispatchEvent (node_modules/@testing-library/user-event/dist/cj
s/event/dispatchEvent.js:41:13)
      at Object.dispatchUIEvent (node_modules/@testing-library/user-event/dist/
cjs/event/dispatchEvent.js:22:26)
      at KeyboardHost.keydown 
(node_modules/@testing-library/user-event/dist/cjs/system/keyboard.js:76:22)
      at keyboardAction 
(node_modules/@testing-library/user-event/dist/cjs/keyboard/index.js:22:35)
      at Object.keyboard 
(node_modules/@testing-library/user-event/dist/cjs/keyboard/index.js:11:15)
      at Object.type 
(node_modules/@testing-library/user-event/dist/cjs/utility/type.js:17:5)
      at goToStep2 
(src/binding-authorities/__tests__/binding-authorities.test.tsx:1891:9)
      at goToPreview 
(src/binding-authorities/__tests__/binding-authorities.test.tsx:1897:9)
      at Object.<anonymous> 
(src/binding-authorities/__tests__/binding-authorities.test.tsx:1985:9)

    console.error
      Warning: An update to BordereauConfigModal inside a test was not wrapped 
in act(...).
      
      When testing, code that causes React state updates should be wrapped 
into act(...):
      
      act(() => {
        /* fire events that update state */
      });
      /* assert on the output */
      
      This ensures that you're testing the behavior the user would see in the 
browser. Learn more at https://reactjs.org/link/wrap-tests-with-act
          at BordereauConfigModal (C:\Users\samhe\OneDrive\Desktop\Cleaned\fron
tend\src\binding-authorities\BordereauConfigModal\BordereauConfigModal.tsx:217:
5)

      372 |                                     type="text"
      373 |                                     value={name}
    > 374 |                                     onChange={e => 
setName(e.target.value)}
          |                                                    ^
      375 |                                     placeholder="e.g. Q1 2025 Risk 
Bordereau"
      376 |                                     className="border 
border-gray-300 rounded px-3 py-2 text-sm w-full"
      377 |                                     autoFocus

      at printWarning 
(node_modules/react-dom/cjs/react-dom.development.js:86:30)
      at error (node_modules/react-dom/cjs/react-dom.development.js:60:7)
      at warnIfUpdatesNotWrappedWithActDEV 
(node_modules/react-dom/cjs/react-dom.development.js:27628:9)
      at scheduleUpdateOnFiber 
(node_modules/react-dom/cjs/react-dom.development.js:25547:5)
      at dispatchSetState 
(node_modules/react-dom/cjs/react-dom.development.js:16708:7)
      at onChange 
(src/binding-authorities/BordereauConfigModal/BordereauConfigModal.tsx:374:52)
      at HTMLUnknownElement.callCallback 
(node_modules/react-dom/cjs/react-dom.development.js:4164:14)
      at HTMLUnknownElement.callTheUserObjectsOperation 
(node_modules/jsdom/lib/jsdom/living/generated/EventListener.js:26:30)
      at innerInvokeEventListeners 
(node_modules/jsdom/lib/jsdom/living/events/EventTarget-impl.js:350:25)
      at invokeEventListeners 
(node_modules/jsdom/lib/jsdom/living/events/EventTarget-impl.js:286:3)
      at HTMLUnknownElementImpl._dispatch 
(node_modules/jsdom/lib/jsdom/living/events/EventTarget-impl.js:233:9)
      at HTMLUnknownElementImpl.dispatchEvent 
(node_modules/jsdom/lib/jsdom/living/events/EventTarget-impl.js:104:17)
      at HTMLUnknownElement.dispatchEvent 
(node_modules/jsdom/lib/jsdom/living/generated/EventTarget.js:241:34)
      at Object.invokeGuardedCallbackDev 
(node_modules/react-dom/cjs/react-dom.development.js:4213:16)
      at invokeGuardedCallback 
(node_modules/react-dom/cjs/react-dom.development.js:4277:31)
      at invokeGuardedCallbackAndCatchFirstError 
(node_modules/react-dom/cjs/react-dom.development.js:4291:25)
      at executeDispatch 
(node_modules/react-dom/cjs/react-dom.development.js:9041:3)
      at processDispatchQueueItemsInOrder 
(node_modules/react-dom/cjs/react-dom.development.js:9073:7)
      at processDispatchQueue 
(node_modules/react-dom/cjs/react-dom.development.js:9086:5)
      at dispatchEventsForPlugins 
(node_modules/react-dom/cjs/react-dom.development.js:9097:3)
      at node_modules/react-dom/cjs/react-dom.development.js:9288:12
      at batchedUpdates$1 
(node_modules/react-dom/cjs/react-dom.development.js:26179:12)
      at batchedUpdates 
(node_modules/react-dom/cjs/react-dom.development.js:3991:12)
      at dispatchEventForPluginEventSystem 
(node_modules/react-dom/cjs/react-dom.development.js:9287:3)
      at dispatchEventWithEnableCapturePhaseSelectiveHydrationWithoutDiscreteEv
entReplay (node_modules/react-dom/cjs/react-dom.development.js:6465:5)
      at dispatchEvent 
(node_modules/react-dom/cjs/react-dom.development.js:6457:5)
      at dispatchDiscreteEvent 
(node_modules/react-dom/cjs/react-dom.development.js:6430:5)
      at HTMLDivElement.callTheUserObjectsOperation 
(node_modules/jsdom/lib/jsdom/living/generated/EventListener.js:26:30)
      at innerInvokeEventListeners 
(node_modules/jsdom/lib/jsdom/living/events/EventTarget-impl.js:350:25)
      at invokeEventListeners 
(node_modules/jsdom/lib/jsdom/living/events/EventTarget-impl.js:286:3)
      at HTMLInputElementImpl._dispatch 
(node_modules/jsdom/lib/jsdom/living/events/EventTarget-impl.js:233:9)
      at HTMLInputElementImpl.dispatchEvent 
(node_modules/jsdom/lib/jsdom/living/events/EventTarget-impl.js:104:17)
      at HTMLInputElement.dispatchEvent 
(node_modules/jsdom/lib/jsdom/living/generated/EventTarget.js:241:34)
      at 
node_modules/@testing-library/user-event/dist/cjs/event/dispatchEvent.js:45:43
      at Object.eventWrapper 
(node_modules/@testing-library/dom/dist/config.js:25:23)
      at Object.wrapEvent 
(node_modules/@testing-library/user-event/dist/cjs/event/wrapEvent.js:6:28)
      at Object.dispatchEvent (node_modules/@testing-library/user-event/dist/cj
s/event/dispatchEvent.js:45:22)
      at Object.dispatchUIEvent (node_modules/@testing-library/user-event/dist/
cjs/event/dispatchEvent.js:22:26)
      at commitInput 
(node_modules/@testing-library/user-event/dist/cjs/event/input.js:145:14)
      at editInputElement 
(node_modules/@testing-library/user-event/dist/cjs/event/input.js:115:9)
      at Object.input 
(node_modules/@testing-library/user-event/dist/cjs/event/input.js:37:9)
      at node_modules/@testing-library/user-event/dist/cjs/event/behavior/keypr
ess.js:31:26
      at Object.dispatchEvent (node_modules/@testing-library/user-event/dist/cj
s/event/dispatchEvent.js:41:13)
      at Object.dispatchUIEvent (node_modules/@testing-library/user-event/dist/
cjs/event/dispatchEvent.js:22:26)
      at KeyboardHost.keydown 
(node_modules/@testing-library/user-event/dist/cjs/system/keyboard.js:76:22)
      at keyboardAction 
(node_modules/@testing-library/user-event/dist/cjs/keyboard/index.js:22:35)
      at Object.keyboard 
(node_modules/@testing-library/user-event/dist/cjs/keyboard/index.js:11:15)
      at Object.type 
(node_modules/@testing-library/user-event/dist/cjs/utility/type.js:17:5)
      at goToStep2 
(src/binding-authorities/__tests__/binding-authorities.test.tsx:1891:9)
      at goToPreview 
(src/binding-authorities/__tests__/binding-authorities.test.tsx:1897:9)
      at Object.<anonymous> 
(src/binding-authorities/__tests__/binding-authorities.test.tsx:1985:9)

    console.error
      Warning: An update to BordereauConfigModal inside a test was not wrapped 
in act(...).
      
      When testing, code that causes React state updates should be wrapped 
into act(...):
      
      act(() => {
        /* fire events that update state */
      });
      /* assert on the output */
      
      This ensures that you're testing the behavior the user would see in the 
browser. Learn more at https://reactjs.org/link/wrap-tests-with-act
          at BordereauConfigModal (C:\Users\samhe\OneDrive\Desktop\Cleaned\fron
tend\src\binding-authorities\BordereauConfigModal\BordereauConfigModal.tsx:217:
5)

      372 |                                     type="text"
      373 |                                     value={name}
    > 374 |                                     onChange={e => 
setName(e.target.value)}
          |                                                    ^
      375 |                                     placeholder="e.g. Q1 2025 Risk 
Bordereau"
      376 |                                     className="border 
border-gray-300 rounded px-3 py-2 text-sm w-full"
      377 |                                     autoFocus

      at printWarning 
(node_modules/react-dom/cjs/react-dom.development.js:86:30)
      at error (node_modules/react-dom/cjs/react-dom.development.js:60:7)
      at warnIfUpdatesNotWrappedWithActDEV 
(node_modules/react-dom/cjs/react-dom.development.js:27628:9)
      at scheduleUpdateOnFiber 
(node_modules/react-dom/cjs/react-dom.development.js:25547:5)
      at dispatchSetState 
(node_modules/react-dom/cjs/react-dom.development.js:16708:7)
      at onChange 
(src/binding-authorities/BordereauConfigModal/BordereauConfigModal.tsx:374:52)
      at HTMLUnknownElement.callCallback 
(node_modules/react-dom/cjs/react-dom.development.js:4164:14)
      at HTMLUnknownElement.callTheUserObjectsOperation 
(node_modules/jsdom/lib/jsdom/living/generated/EventListener.js:26:30)
      at innerInvokeEventListeners 
(node_modules/jsdom/lib/jsdom/living/events/EventTarget-impl.js:350:25)
      at invokeEventListeners 
(node_modules/jsdom/lib/jsdom/living/events/EventTarget-impl.js:286:3)
      at HTMLUnknownElementImpl._dispatch 
(node_modules/jsdom/lib/jsdom/living/events/EventTarget-impl.js:233:9)
      at HTMLUnknownElementImpl.dispatchEvent 
(node_modules/jsdom/lib/jsdom/living/events/EventTarget-impl.js:104:17)
      at HTMLUnknownElement.dispatchEvent 
(node_modules/jsdom/lib/jsdom/living/generated/EventTarget.js:241:34)
      at Object.invokeGuardedCallbackDev 
(node_modules/react-dom/cjs/react-dom.development.js:4213:16)
      at invokeGuardedCallback 
(node_modules/react-dom/cjs/react-dom.development.js:4277:31)
      at invokeGuardedCallbackAndCatchFirstError 
(node_modules/react-dom/cjs/react-dom.development.js:4291:25)
      at executeDispatch 
(node_modules/react-dom/cjs/react-dom.development.js:9041:3)
      at processDispatchQueueItemsInOrder 
(node_modules/react-dom/cjs/react-dom.development.js:9073:7)
      at processDispatchQueue 
(node_modules/react-dom/cjs/react-dom.development.js:9086:5)
      at dispatchEventsForPlugins 
(node_modules/react-dom/cjs/react-dom.development.js:9097:3)
      at node_modules/react-dom/cjs/react-dom.development.js:9288:12
      at batchedUpdates$1 
(node_modules/react-dom/cjs/react-dom.development.js:26179:12)
      at batchedUpdates 
(node_modules/react-dom/cjs/react-dom.development.js:3991:12)
      at dispatchEventForPluginEventSystem 
(node_modules/react-dom/cjs/react-dom.development.js:9287:3)
      at dispatchEventWithEnableCapturePhaseSelectiveHydrationWithoutDiscreteEv
entReplay (node_modules/react-dom/cjs/react-dom.development.js:6465:5)
      at dispatchEvent 
(node_modules/react-dom/cjs/react-dom.development.js:6457:5)
      at dispatchDiscreteEvent 
(node_modules/react-dom/cjs/react-dom.development.js:6430:5)
      at HTMLDivElement.callTheUserObjectsOperation 
(node_modules/jsdom/lib/jsdom/living/generated/EventListener.js:26:30)
      at innerInvokeEventListeners 
(node_modules/jsdom/lib/jsdom/living/events/EventTarget-impl.js:350:25)
      at invokeEventListeners 
(node_modules/jsdom/lib/jsdom/living/events/EventTarget-impl.js:286:3)
      at HTMLInputElementImpl._dispatch 
(node_modules/jsdom/lib/jsdom/living/events/EventTarget-impl.js:233:9)
      at HTMLInputElementImpl.dispatchEvent 
(node_modules/jsdom/lib/jsdom/living/events/EventTarget-impl.js:104:17)
      at HTMLInputElement.dispatchEvent 
(node_modules/jsdom/lib/jsdom/living/generated/EventTarget.js:241:34)
      at 
node_modules/@testing-library/user-event/dist/cjs/event/dispatchEvent.js:45:43
      at Object.eventWrapper 
(node_modules/@testing-library/dom/dist/config.js:25:23)
      at Object.wrapEvent 
(node_modules/@testing-library/user-event/dist/cjs/event/wrapEvent.js:6:28)
      at Object.dispatchEvent (node_modules/@testing-library/user-event/dist/cj
s/event/dispatchEvent.js:45:22)
      at Object.dispatchUIEvent (node_modules/@testing-library/user-event/dist/
cjs/event/dispatchEvent.js:22:26)
      at commitInput 
(node_modules/@testing-library/user-event/dist/cjs/event/input.js:145:14)
      at editInputElement 
(node_modules/@testing-library/user-event/dist/cjs/event/input.js:115:9)
      at Object.input 
(node_modules/@testing-library/user-event/dist/cjs/event/input.js:37:9)
      at node_modules/@testing-library/user-event/dist/cjs/event/behavior/keypr
ess.js:31:26
      at Object.dispatchEvent (node_modules/@testing-library/user-event/dist/cj
s/event/dispatchEvent.js:41:13)
      at Object.dispatchUIEvent (node_modules/@testing-library/user-event/dist/
cjs/event/dispatchEvent.js:22:26)
      at KeyboardHost.keydown 
(node_modules/@testing-library/user-event/dist/cjs/system/keyboard.js:76:22)
      at keyboardAction 
(node_modules/@testing-library/user-event/dist/cjs/keyboard/index.js:22:35)
      at Object.keyboard 
(node_modules/@testing-library/user-event/dist/cjs/keyboard/index.js:11:15)
      at Object.type 
(node_modules/@testing-library/user-event/dist/cjs/utility/type.js:17:5)
      at goToStep2 
(src/binding-authorities/__tests__/binding-authorities.test.tsx:1891:9)
      at goToPreview 
(src/binding-authorities/__tests__/binding-authorities.test.tsx:1897:9)
      at Object.<anonymous> 
(src/binding-authorities/__tests__/binding-authorities.test.tsx:1985:9)

    console.error
      Warning: An update to BordereauConfigModal inside a test was not wrapped 
in act(...).
      
      When testing, code that causes React state updates should be wrapped 
into act(...):
      
      act(() => {
        /* fire events that update state */
      });
      /* assert on the output */
      
      This ensures that you're testing the behavior the user would see in the 
browser. Learn more at https://reactjs.org/link/wrap-tests-with-act
          at BordereauConfigModal (C:\Users\samhe\OneDrive\Desktop\Cleaned\fron
tend\src\binding-authorities\BordereauConfigModal\BordereauConfigModal.tsx:217:
5)

      372 |                                     type="text"
      373 |                                     value={name}
    > 374 |                                     onChange={e => 
setName(e.target.value)}
          |                                                    ^
      375 |                                     placeholder="e.g. Q1 2025 Risk 
Bordereau"
      376 |                                     className="border 
border-gray-300 rounded px-3 py-2 text-sm w-full"
      377 |                                     autoFocus

      at printWarning 
(node_modules/react-dom/cjs/react-dom.development.js:86:30)
      at error (node_modules/react-dom/cjs/react-dom.development.js:60:7)
      at warnIfUpdatesNotWrappedWithActDEV 
(node_modules/react-dom/cjs/react-dom.development.js:27628:9)
      at scheduleUpdateOnFiber 
(node_modules/react-dom/cjs/react-dom.development.js:25547:5)
      at dispatchSetState 
(node_modules/react-dom/cjs/react-dom.development.js:16708:7)
      at onChange 
(src/binding-authorities/BordereauConfigModal/BordereauConfigModal.tsx:374:52)
      at HTMLUnknownElement.callCallback 
(node_modules/react-dom/cjs/react-dom.development.js:4164:14)
      at HTMLUnknownElement.callTheUserObjectsOperation 
(node_modules/jsdom/lib/jsdom/living/generated/EventListener.js:26:30)
      at innerInvokeEventListeners 
(node_modules/jsdom/lib/jsdom/living/events/EventTarget-impl.js:350:25)
      at invokeEventListeners 
(node_modules/jsdom/lib/jsdom/living/events/EventTarget-impl.js:286:3)
      at HTMLUnknownElementImpl._dispatch 
(node_modules/jsdom/lib/jsdom/living/events/EventTarget-impl.js:233:9)
      at HTMLUnknownElementImpl.dispatchEvent 
(node_modules/jsdom/lib/jsdom/living/events/EventTarget-impl.js:104:17)
      at HTMLUnknownElement.dispatchEvent 
(node_modules/jsdom/lib/jsdom/living/generated/EventTarget.js:241:34)
      at Object.invokeGuardedCallbackDev 
(node_modules/react-dom/cjs/react-dom.development.js:4213:16)
      at invokeGuardedCallback 
(node_modules/react-dom/cjs/react-dom.development.js:4277:31)
      at invokeGuardedCallbackAndCatchFirstError 
(node_modules/react-dom/cjs/react-dom.development.js:4291:25)
      at executeDispatch 
(node_modules/react-dom/cjs/react-dom.development.js:9041:3)
      at processDispatchQueueItemsInOrder 
(node_modules/react-dom/cjs/react-dom.development.js:9073:7)
      at processDispatchQueue 
(node_modules/react-dom/cjs/react-dom.development.js:9086:5)
      at dispatchEventsForPlugins 
(node_modules/react-dom/cjs/react-dom.development.js:9097:3)
      at node_modules/react-dom/cjs/react-dom.development.js:9288:12
      at batchedUpdates$1 
(node_modules/react-dom/cjs/react-dom.development.js:26179:12)
      at batchedUpdates 
(node_modules/react-dom/cjs/react-dom.development.js:3991:12)
      at dispatchEventForPluginEventSystem 
(node_modules/react-dom/cjs/react-dom.development.js:9287:3)
      at dispatchEventWithEnableCapturePhaseSelectiveHydrationWithoutDiscreteEv
entReplay (node_modules/react-dom/cjs/react-dom.development.js:6465:5)
      at dispatchEvent 
(node_modules/react-dom/cjs/react-dom.development.js:6457:5)
      at dispatchDiscreteEvent 
(node_modules/react-dom/cjs/react-dom.development.js:6430:5)
      at HTMLDivElement.callTheUserObjectsOperation 
(node_modules/jsdom/lib/jsdom/living/generated/EventListener.js:26:30)
      at innerInvokeEventListeners 
(node_modules/jsdom/lib/jsdom/living/events/EventTarget-impl.js:350:25)
      at invokeEventListeners 
(node_modules/jsdom/lib/jsdom/living/events/EventTarget-impl.js:286:3)
      at HTMLInputElementImpl._dispatch 
(node_modules/jsdom/lib/jsdom/living/events/EventTarget-impl.js:233:9)
      at HTMLInputElementImpl.dispatchEvent 
(node_modules/jsdom/lib/jsdom/living/events/EventTarget-impl.js:104:17)
      at HTMLInputElement.dispatchEvent 
(node_modules/jsdom/lib/jsdom/living/generated/EventTarget.js:241:34)
      at 
node_modules/@testing-library/user-event/dist/cjs/event/dispatchEvent.js:45:43
      at Object.eventWrapper 
(node_modules/@testing-library/dom/dist/config.js:25:23)
      at Object.wrapEvent 
(node_modules/@testing-library/user-event/dist/cjs/event/wrapEvent.js:6:28)
      at Object.dispatchEvent (node_modules/@testing-library/user-event/dist/cj
s/event/dispatchEvent.js:45:22)
      at Object.dispatchUIEvent (node_modules/@testing-library/user-event/dist/
cjs/event/dispatchEvent.js:22:26)
      at commitInput 
(node_modules/@testing-library/user-event/dist/cjs/event/input.js:145:14)
      at editInputElement 
(node_modules/@testing-library/user-event/dist/cjs/event/input.js:115:9)
      at Object.input 
(node_modules/@testing-library/user-event/dist/cjs/event/input.js:37:9)
      at node_modules/@testing-library/user-event/dist/cjs/event/behavior/keypr
ess.js:31:26
      at Object.dispatchEvent (node_modules/@testing-library/user-event/dist/cj
s/event/dispatchEvent.js:41:13)
      at Object.dispatchUIEvent (node_modules/@testing-library/user-event/dist/
cjs/event/dispatchEvent.js:22:26)
      at KeyboardHost.keydown 
(node_modules/@testing-library/user-event/dist/cjs/system/keyboard.js:76:22)
      at keyboardAction 
(node_modules/@testing-library/user-event/dist/cjs/keyboard/index.js:22:35)
      at Object.keyboard 
(node_modules/@testing-library/user-event/dist/cjs/keyboard/index.js:11:15)
      at Object.type 
(node_modules/@testing-library/user-event/dist/cjs/utility/type.js:17:5)
      at goToStep2 
(src/binding-authorities/__tests__/binding-authorities.test.tsx:1891:9)
      at goToPreview 
(src/binding-authorities/__tests__/binding-authorities.test.tsx:1897:9)
      at Object.<anonymous> 
(src/binding-authorities/__tests__/binding-authorities.test.tsx:1985:9)

    console.error
      Warning: An update to BordereauConfigModal inside a test was not wrapped 
in act(...).
      
      When testing, code that causes React state updates should be wrapped 
into act(...):
      
      act(() => {
        /* fire events that update state */
      });
      /* assert on the output */
      
      This ensures that you're testing the behavior the user would see in the 
browser. Learn more at https://reactjs.org/link/wrap-tests-with-act
          at BordereauConfigModal (C:\Users\samhe\OneDrive\Desktop\Cleaned\fron
tend\src\binding-authorities\BordereauConfigModal\BordereauConfigModal.tsx:217:
5)

      372 |                                     type="text"
      373 |                                     value={name}
    > 374 |                                     onChange={e => 
setName(e.target.value)}
          |                                                    ^
      375 |                                     placeholder="e.g. Q1 2025 Risk 
Bordereau"
      376 |                                     className="border 
border-gray-300 rounded px-3 py-2 text-sm w-full"
      377 |                                     autoFocus

      at printWarning 
(node_modules/react-dom/cjs/react-dom.development.js:86:30)
      at error (node_modules/react-dom/cjs/react-dom.development.js:60:7)
      at warnIfUpdatesNotWrappedWithActDEV 
(node_modules/react-dom/cjs/react-dom.development.js:27628:9)
      at scheduleUpdateOnFiber 
(node_modules/react-dom/cjs/react-dom.development.js:25547:5)
      at dispatchSetState 
(node_modules/react-dom/cjs/react-dom.development.js:16708:7)
      at onChange 
(src/binding-authorities/BordereauConfigModal/BordereauConfigModal.tsx:374:52)
      at HTMLUnknownElement.callCallback 
(node_modules/react-dom/cjs/react-dom.development.js:4164:14)
      at HTMLUnknownElement.callTheUserObjectsOperation 
(node_modules/jsdom/lib/jsdom/living/generated/EventListener.js:26:30)
      at innerInvokeEventListeners 
(node_modules/jsdom/lib/jsdom/living/events/EventTarget-impl.js:350:25)
      at invokeEventListeners 
(node_modules/jsdom/lib/jsdom/living/events/EventTarget-impl.js:286:3)
      at HTMLUnknownElementImpl._dispatch 
(node_modules/jsdom/lib/jsdom/living/events/EventTarget-impl.js:233:9)
      at HTMLUnknownElementImpl.dispatchEvent 
(node_modules/jsdom/lib/jsdom/living/events/EventTarget-impl.js:104:17)
      at HTMLUnknownElement.dispatchEvent 
(node_modules/jsdom/lib/jsdom/living/generated/EventTarget.js:241:34)
      at Object.invokeGuardedCallbackDev 
(node_modules/react-dom/cjs/react-dom.development.js:4213:16)
      at invokeGuardedCallback 
(node_modules/react-dom/cjs/react-dom.development.js:4277:31)
      at invokeGuardedCallbackAndCatchFirstError 
(node_modules/react-dom/cjs/react-dom.development.js:4291:25)
      at executeDispatch 
(node_modules/react-dom/cjs/react-dom.development.js:9041:3)
      at processDispatchQueueItemsInOrder 
(node_modules/react-dom/cjs/react-dom.development.js:9073:7)
      at processDispatchQueue 
(node_modules/react-dom/cjs/react-dom.development.js:9086:5)
      at dispatchEventsForPlugins 
(node_modules/react-dom/cjs/react-dom.development.js:9097:3)
      at node_modules/react-dom/cjs/react-dom.development.js:9288:12
      at batchedUpdates$1 
(node_modules/react-dom/cjs/react-dom.development.js:26179:12)
      at batchedUpdates 
(node_modules/react-dom/cjs/react-dom.development.js:3991:12)
      at dispatchEventForPluginEventSystem 
(node_modules/react-dom/cjs/react-dom.development.js:9287:3)
      at dispatchEventWithEnableCapturePhaseSelectiveHydrationWithoutDiscreteEv
entReplay (node_modules/react-dom/cjs/react-dom.development.js:6465:5)
      at dispatchEvent 
(node_modules/react-dom/cjs/react-dom.development.js:6457:5)
      at dispatchDiscreteEvent 
(node_modules/react-dom/cjs/react-dom.development.js:6430:5)
      at HTMLDivElement.callTheUserObjectsOperation 
(node_modules/jsdom/lib/jsdom/living/generated/EventListener.js:26:30)
      at innerInvokeEventListeners 
(node_modules/jsdom/lib/jsdom/living/events/EventTarget-impl.js:350:25)
      at invokeEventListeners 
(node_modules/jsdom/lib/jsdom/living/events/EventTarget-impl.js:286:3)
      at HTMLInputElementImpl._dispatch 
(node_modules/jsdom/lib/jsdom/living/events/EventTarget-impl.js:233:9)
      at HTMLInputElementImpl.dispatchEvent 
(node_modules/jsdom/lib/jsdom/living/events/EventTarget-impl.js:104:17)
      at HTMLInputElement.dispatchEvent 
(node_modules/jsdom/lib/jsdom/living/generated/EventTarget.js:241:34)
      at 
node_modules/@testing-library/user-event/dist/cjs/event/dispatchEvent.js:45:43
      at Object.eventWrapper 
(node_modules/@testing-library/dom/dist/config.js:25:23)
      at Object.wrapEvent 
(node_modules/@testing-library/user-event/dist/cjs/event/wrapEvent.js:6:28)
      at Object.dispatchEvent (node_modules/@testing-library/user-event/dist/cj
s/event/dispatchEvent.js:45:22)
      at Object.dispatchUIEvent (node_modules/@testing-library/user-event/dist/
cjs/event/dispatchEvent.js:22:26)
      at commitInput 
(node_modules/@testing-library/user-event/dist/cjs/event/input.js:145:14)
      at editInputElement 
(node_modules/@testing-library/user-event/dist/cjs/event/input.js:115:9)
      at Object.input 
(node_modules/@testing-library/user-event/dist/cjs/event/input.js:37:9)
      at node_modules/@testing-library/user-event/dist/cjs/event/behavior/keypr
ess.js:31:26
      at Object.dispatchEvent (node_modules/@testing-library/user-event/dist/cj
s/event/dispatchEvent.js:41:13)
      at Object.dispatchUIEvent (node_modules/@testing-library/user-event/dist/
cjs/event/dispatchEvent.js:22:26)
      at KeyboardHost.keydown 
(node_modules/@testing-library/user-event/dist/cjs/system/keyboard.js:76:22)
      at keyboardAction 
(node_modules/@testing-library/user-event/dist/cjs/keyboard/index.js:22:35)
      at Object.keyboard 
(node_modules/@testing-library/user-event/dist/cjs/keyboard/index.js:11:15)
      at Object.type 
(node_modules/@testing-library/user-event/dist/cjs/utility/type.js:17:5)
      at goToStep2 
(src/binding-authorities/__tests__/binding-authorities.test.tsx:1891:9)
      at goToPreview 
(src/binding-authorities/__tests__/binding-authorities.test.tsx:1897:9)
      at Object.<anonymous> 
(src/binding-authorities/__tests__/binding-authorities.test.tsx:1985:9)

    console.error
      Warning: An update to BordereauConfigModal inside a test was not wrapped 
in act(...).
      
      When testing, code that causes React state updates should be wrapped 
into act(...):
      
      act(() => {
        /* fire events that update state */
      });
      /* assert on the output */
      
      This ensures that you're testing the behavior the user would see in the 
browser. Learn more at https://reactjs.org/link/wrap-tests-with-act
          at BordereauConfigModal (C:\Users\samhe\OneDrive\Desktop\Cleaned\fron
tend\src\binding-authorities\BordereauConfigModal\BordereauConfigModal.tsx:217:
5)

      372 |                                     type="text"
      373 |                                     value={name}
    > 374 |                                     onChange={e => 
setName(e.target.value)}
          |                                                    ^
      375 |                                     placeholder="e.g. Q1 2025 Risk 
Bordereau"
      376 |                                     className="border 
border-gray-300 rounded px-3 py-2 text-sm w-full"
      377 |                                     autoFocus

      at printWarning 
(node_modules/react-dom/cjs/react-dom.development.js:86:30)
      at error (node_modules/react-dom/cjs/react-dom.development.js:60:7)
      at warnIfUpdatesNotWrappedWithActDEV 
(node_modules/react-dom/cjs/react-dom.development.js:27628:9)
      at scheduleUpdateOnFiber 
(node_modules/react-dom/cjs/react-dom.development.js:25547:5)
      at dispatchSetState 
(node_modules/react-dom/cjs/react-dom.development.js:16708:7)
      at onChange 
(src/binding-authorities/BordereauConfigModal/BordereauConfigModal.tsx:374:52)
      at HTMLUnknownElement.callCallback 
(node_modules/react-dom/cjs/react-dom.development.js:4164:14)
      at HTMLUnknownElement.callTheUserObjectsOperation 
(node_modules/jsdom/lib/jsdom/living/generated/EventListener.js:26:30)
      at innerInvokeEventListeners 
(node_modules/jsdom/lib/jsdom/living/events/EventTarget-impl.js:350:25)
      at invokeEventListeners 
(node_modules/jsdom/lib/jsdom/living/events/EventTarget-impl.js:286:3)
      at HTMLUnknownElementImpl._dispatch 
(node_modules/jsdom/lib/jsdom/living/events/EventTarget-impl.js:233:9)
      at HTMLUnknownElementImpl.dispatchEvent 
(node_modules/jsdom/lib/jsdom/living/events/EventTarget-impl.js:104:17)
      at HTMLUnknownElement.dispatchEvent 
(node_modules/jsdom/lib/jsdom/living/generated/EventTarget.js:241:34)
      at Object.invokeGuardedCallbackDev 
(node_modules/react-dom/cjs/react-dom.development.js:4213:16)
      at invokeGuardedCallback 
(node_modules/react-dom/cjs/react-dom.development.js:4277:31)
      at invokeGuardedCallbackAndCatchFirstError 
(node_modules/react-dom/cjs/react-dom.development.js:4291:25)
      at executeDispatch 
(node_modules/react-dom/cjs/react-dom.development.js:9041:3)
      at processDispatchQueueItemsInOrder 
(node_modules/react-dom/cjs/react-dom.development.js:9073:7)
      at processDispatchQueue 
(node_modules/react-dom/cjs/react-dom.development.js:9086:5)
      at dispatchEventsForPlugins 
(node_modules/react-dom/cjs/react-dom.development.js:9097:3)
      at node_modules/react-dom/cjs/react-dom.development.js:9288:12
      at batchedUpdates$1 
(node_modules/react-dom/cjs/react-dom.development.js:26179:12)
      at batchedUpdates 
(node_modules/react-dom/cjs/react-dom.development.js:3991:12)
      at dispatchEventForPluginEventSystem 
(node_modules/react-dom/cjs/react-dom.development.js:9287:3)
      at dispatchEventWithEnableCapturePhaseSelectiveHydrationWithoutDiscreteEv
entReplay (node_modules/react-dom/cjs/react-dom.development.js:6465:5)
      at dispatchEvent 
(node_modules/react-dom/cjs/react-dom.development.js:6457:5)
      at dispatchDiscreteEvent 
(node_modules/react-dom/cjs/react-dom.development.js:6430:5)
      at HTMLDivElement.callTheUserObjectsOperation 
(node_modules/jsdom/lib/jsdom/living/generated/EventListener.js:26:30)
      at innerInvokeEventListeners 
(node_modules/jsdom/lib/jsdom/living/events/EventTarget-impl.js:350:25)
      at invokeEventListeners 
(node_modules/jsdom/lib/jsdom/living/events/EventTarget-impl.js:286:3)
      at HTMLInputElementImpl._dispatch 
(node_modules/jsdom/lib/jsdom/living/events/EventTarget-impl.js:233:9)
      at HTMLInputElementImpl.dispatchEvent 
(node_modules/jsdom/lib/jsdom/living/events/EventTarget-impl.js:104:17)
      at HTMLInputElement.dispatchEvent 
(node_modules/jsdom/lib/jsdom/living/generated/EventTarget.js:241:34)
      at 
node_modules/@testing-library/user-event/dist/cjs/event/dispatchEvent.js:45:43
      at Object.eventWrapper 
(node_modules/@testing-library/dom/dist/config.js:25:23)
      at Object.wrapEvent 
(node_modules/@testing-library/user-event/dist/cjs/event/wrapEvent.js:6:28)
      at Object.dispatchEvent (node_modules/@testing-library/user-event/dist/cj
s/event/dispatchEvent.js:45:22)
      at Object.dispatchUIEvent (node_modules/@testing-library/user-event/dist/
cjs/event/dispatchEvent.js:22:26)
      at commitInput 
(node_modules/@testing-library/user-event/dist/cjs/event/input.js:145:14)
      at editInputElement 
(node_modules/@testing-library/user-event/dist/cjs/event/input.js:115:9)
      at Object.input 
(node_modules/@testing-library/user-event/dist/cjs/event/input.js:37:9)
      at node_modules/@testing-library/user-event/dist/cjs/event/behavior/keypr
ess.js:31:26
      at Object.dispatchEvent (node_modules/@testing-library/user-event/dist/cj
s/event/dispatchEvent.js:41:13)
      at Object.dispatchUIEvent (node_modules/@testing-library/user-event/dist/
cjs/event/dispatchEvent.js:22:26)
      at KeyboardHost.keydown 
(node_modules/@testing-library/user-event/dist/cjs/system/keyboard.js:76:22)
      at keyboardAction 
(node_modules/@testing-library/user-event/dist/cjs/keyboard/index.js:22:35)
      at Object.keyboard 
(node_modules/@testing-library/user-event/dist/cjs/keyboard/index.js:11:15)
      at Object.type 
(node_modules/@testing-library/user-event/dist/cjs/utility/type.js:17:5)
      at goToStep2 
(src/binding-authorities/__tests__/binding-authorities.test.tsx:1891:9)
      at goToPreview 
(src/binding-authorities/__tests__/binding-authorities.test.tsx:1897:9)
      at Object.<anonymous> 
(src/binding-authorities/__tests__/binding-authorities.test.tsx:1985:9)

    console.error
      Warning: An update to BordereauConfigModal inside a test was not wrapped 
in act(...).
      
      When testing, code that causes React state updates should be wrapped 
into act(...):
      
      act(() => {
        /* fire events that update state */
      });
      /* assert on the output */
      
      This ensures that you're testing the behavior the user would see in the 
browser. Learn more at https://reactjs.org/link/wrap-tests-with-act
          at BordereauConfigModal (C:\Users\samhe\OneDrive\Desktop\Cleaned\fron
tend\src\binding-authorities\BordereauConfigModal\BordereauConfigModal.tsx:217:
5)

      372 |                                     type="text"
      373 |                                     value={name}
    > 374 |                                     onChange={e => 
setName(e.target.value)}
          |                                                    ^
      375 |                                     placeholder="e.g. Q1 2025 Risk 
Bordereau"
      376 |                                     className="border 
border-gray-300 rounded px-3 py-2 text-sm w-full"
      377 |                                     autoFocus

      at printWarning 
(node_modules/react-dom/cjs/react-dom.development.js:86:30)
      at error (node_modules/react-dom/cjs/react-dom.development.js:60:7)
      at warnIfUpdatesNotWrappedWithActDEV 
(node_modules/react-dom/cjs/react-dom.development.js:27628:9)
      at scheduleUpdateOnFiber 
(node_modules/react-dom/cjs/react-dom.development.js:25547:5)
      at dispatchSetState 
(node_modules/react-dom/cjs/react-dom.development.js:16708:7)
      at onChange 
(src/binding-authorities/BordereauConfigModal/BordereauConfigModal.tsx:374:52)
      at HTMLUnknownElement.callCallback 
(node_modules/react-dom/cjs/react-dom.development.js:4164:14)
      at HTMLUnknownElement.callTheUserObjectsOperation 
(node_modules/jsdom/lib/jsdom/living/generated/EventListener.js:26:30)
      at innerInvokeEventListeners 
(node_modules/jsdom/lib/jsdom/living/events/EventTarget-impl.js:350:25)
      at invokeEventListeners 
(node_modules/jsdom/lib/jsdom/living/events/EventTarget-impl.js:286:3)
      at HTMLUnknownElementImpl._dispatch 
(node_modules/jsdom/lib/jsdom/living/events/EventTarget-impl.js:233:9)
      at HTMLUnknownElementImpl.dispatchEvent 
(node_modules/jsdom/lib/jsdom/living/events/EventTarget-impl.js:104:17)
      at HTMLUnknownElement.dispatchEvent 
(node_modules/jsdom/lib/jsdom/living/generated/EventTarget.js:241:34)
      at Object.invokeGuardedCallbackDev 
(node_modules/react-dom/cjs/react-dom.development.js:4213:16)
      at invokeGuardedCallback 
(node_modules/react-dom/cjs/react-dom.development.js:4277:31)
      at invokeGuardedCallbackAndCatchFirstError 
(node_modules/react-dom/cjs/react-dom.development.js:4291:25)
      at executeDispatch 
(node_modules/react-dom/cjs/react-dom.development.js:9041:3)
      at processDispatchQueueItemsInOrder 
(node_modules/react-dom/cjs/react-dom.development.js:9073:7)
      at processDispatchQueue 
(node_modules/react-dom/cjs/react-dom.development.js:9086:5)
      at dispatchEventsForPlugins 
(node_modules/react-dom/cjs/react-dom.development.js:9097:3)
      at node_modules/react-dom/cjs/react-dom.development.js:9288:12
      at batchedUpdates$1 
(node_modules/react-dom/cjs/react-dom.development.js:26179:12)
      at batchedUpdates 
(node_modules/react-dom/cjs/react-dom.development.js:3991:12)
      at dispatchEventForPluginEventSystem 
(node_modules/react-dom/cjs/react-dom.development.js:9287:3)
      at dispatchEventWithEnableCapturePhaseSelectiveHydrationWithoutDiscreteEv
entReplay (node_modules/react-dom/cjs/react-dom.development.js:6465:5)
      at dispatchEvent 
(node_modules/react-dom/cjs/react-dom.development.js:6457:5)
      at dispatchDiscreteEvent 
(node_modules/react-dom/cjs/react-dom.development.js:6430:5)
      at HTMLDivElement.callTheUserObjectsOperation 
(node_modules/jsdom/lib/jsdom/living/generated/EventListener.js:26:30)
      at innerInvokeEventListeners 
(node_modules/jsdom/lib/jsdom/living/events/EventTarget-impl.js:350:25)
      at invokeEventListeners 
(node_modules/jsdom/lib/jsdom/living/events/EventTarget-impl.js:286:3)
      at HTMLInputElementImpl._dispatch 
(node_modules/jsdom/lib/jsdom/living/events/EventTarget-impl.js:233:9)
      at HTMLInputElementImpl.dispatchEvent 
(node_modules/jsdom/lib/jsdom/living/events/EventTarget-impl.js:104:17)
      at HTMLInputElement.dispatchEvent 
(node_modules/jsdom/lib/jsdom/living/generated/EventTarget.js:241:34)
      at 
node_modules/@testing-library/user-event/dist/cjs/event/dispatchEvent.js:45:43
      at Object.eventWrapper 
(node_modules/@testing-library/dom/dist/config.js:25:23)
      at Object.wrapEvent 
(node_modules/@testing-library/user-event/dist/cjs/event/wrapEvent.js:6:28)
      at Object.dispatchEvent (node_modules/@testing-library/user-event/dist/cj
s/event/dispatchEvent.js:45:22)
      at Object.dispatchUIEvent (node_modules/@testing-library/user-event/dist/
cjs/event/dispatchEvent.js:22:26)
      at commitInput 
(node_modules/@testing-library/user-event/dist/cjs/event/input.js:145:14)
      at editInputElement 
(node_modules/@testing-library/user-event/dist/cjs/event/input.js:115:9)
      at Object.input 
(node_modules/@testing-library/user-event/dist/cjs/event/input.js:37:9)
      at node_modules/@testing-library/user-event/dist/cjs/event/behavior/keypr
ess.js:31:26
      at Object.dispatchEvent (node_modules/@testing-library/user-event/dist/cj
s/event/dispatchEvent.js:41:13)
      at Object.dispatchUIEvent (node_modules/@testing-library/user-event/dist/
cjs/event/dispatchEvent.js:22:26)
      at KeyboardHost.keydown 
(node_modules/@testing-library/user-event/dist/cjs/system/keyboard.js:76:22)
      at keyboardAction 
(node_modules/@testing-library/user-event/dist/cjs/keyboard/index.js:22:35)
      at Object.keyboard 
(node_modules/@testing-library/user-event/dist/cjs/keyboard/index.js:11:15)
      at Object.type 
(node_modules/@testing-library/user-event/dist/cjs/utility/type.js:17:5)
      at goToStep2 
(src/binding-authorities/__tests__/binding-authorities.test.tsx:1891:9)
      at goToPreview 
(src/binding-authorities/__tests__/binding-authorities.test.tsx:1897:9)
      at Object.<anonymous> 
(src/binding-authorities/__tests__/binding-authorities.test.tsx:1985:9)

    console.error
      Warning: An update to BordereauConfigModal inside a test was not wrapped 
in act(...).
      
      When testing, code that causes React state updates should be wrapped 
into act(...):
      
      act(() => {
        /* fire events that update state */
      });
      /* assert on the output */
      
      This ensures that you're testing the behavior the user would see in the 
browser. Learn more at https://reactjs.org/link/wrap-tests-with-act
          at BordereauConfigModal (C:\Users\samhe\OneDrive\Desktop\Cleaned\fron
tend\src\binding-authorities\BordereauConfigModal\BordereauConfigModal.tsx:217:
5)

      616 |                             className="btn btn-primary"
      617 |                             disabled={step === 'setup' && 
name.trim() === ''}
    > 618 |                             onClick={() => setStep(STEPS[stepIndex 
+ 1].key)}
          |                                            ^
      619 |                         >
      620 |                             Next
      621 |                         </button>

      at printWarning 
(node_modules/react-dom/cjs/react-dom.development.js:86:30)
      at error (node_modules/react-dom/cjs/react-dom.development.js:60:7)
      at warnIfUpdatesNotWrappedWithActDEV 
(node_modules/react-dom/cjs/react-dom.development.js:27628:9)
      at scheduleUpdateOnFiber 
(node_modules/react-dom/cjs/react-dom.development.js:25547:5)
      at dispatchSetState 
(node_modules/react-dom/cjs/react-dom.development.js:16708:7)
      at onClick 
(src/binding-authorities/BordereauConfigModal/BordereauConfigModal.tsx:618:44)
      at HTMLUnknownElement.callCallback 
(node_modules/react-dom/cjs/react-dom.development.js:4164:14)
      at HTMLUnknownElement.callTheUserObjectsOperation 
(node_modules/jsdom/lib/jsdom/living/generated/EventListener.js:26:30)
      at innerInvokeEventListeners 
(node_modules/jsdom/lib/jsdom/living/events/EventTarget-impl.js:350:25)
      at invokeEventListeners 
(node_modules/jsdom/lib/jsdom/living/events/EventTarget-impl.js:286:3)
      at HTMLUnknownElementImpl._dispatch 
(node_modules/jsdom/lib/jsdom/living/events/EventTarget-impl.js:233:9)
      at HTMLUnknownElementImpl.dispatchEvent 
(node_modules/jsdom/lib/jsdom/living/events/EventTarget-impl.js:104:17)
      at HTMLUnknownElement.dispatchEvent 
(node_modules/jsdom/lib/jsdom/living/generated/EventTarget.js:241:34)
      at Object.invokeGuardedCallbackDev 
(node_modules/react-dom/cjs/react-dom.development.js:4213:16)
      at invokeGuardedCallback 
(node_modules/react-dom/cjs/react-dom.development.js:4277:31)
      at invokeGuardedCallbackAndCatchFirstError 
(node_modules/react-dom/cjs/react-dom.development.js:4291:25)
      at executeDispatch 
(node_modules/react-dom/cjs/react-dom.development.js:9041:3)
      at processDispatchQueueItemsInOrder 
(node_modules/react-dom/cjs/react-dom.development.js:9073:7)
      at processDispatchQueue 
(node_modules/react-dom/cjs/react-dom.development.js:9086:5)
      at dispatchEventsForPlugins 
(node_modules/react-dom/cjs/react-dom.development.js:9097:3)
      at node_modules/react-dom/cjs/react-dom.development.js:9288:12
      at batchedUpdates$1 
(node_modules/react-dom/cjs/react-dom.development.js:26179:12)
      at batchedUpdates 
(node_modules/react-dom/cjs/react-dom.development.js:3991:12)
      at dispatchEventForPluginEventSystem 
(node_modules/react-dom/cjs/react-dom.development.js:9287:3)
      at dispatchEventWithEnableCapturePhaseSelectiveHydrationWithoutDiscreteEv
entReplay (node_modules/react-dom/cjs/react-dom.development.js:6465:5)
      at dispatchEvent 
(node_modules/react-dom/cjs/react-dom.development.js:6457:5)
      at dispatchDiscreteEvent 
(node_modules/react-dom/cjs/react-dom.development.js:6430:5)
      at HTMLDivElement.callTheUserObjectsOperation 
(node_modules/jsdom/lib/jsdom/living/generated/EventListener.js:26:30)
      at innerInvokeEventListeners 
(node_modules/jsdom/lib/jsdom/living/events/EventTarget-impl.js:350:25)
      at invokeEventListeners 
(node_modules/jsdom/lib/jsdom/living/events/EventTarget-impl.js:286:3)
      at HTMLButtonElementImpl._dispatch 
(node_modules/jsdom/lib/jsdom/living/events/EventTarget-impl.js:233:9)
      at HTMLButtonElementImpl.dispatchEvent 
(node_modules/jsdom/lib/jsdom/living/events/EventTarget-impl.js:104:17)
      at HTMLButtonElement.dispatchEvent 
(node_modules/jsdom/lib/jsdom/living/generated/EventTarget.js:241:34)
      at 
node_modules/@testing-library/user-event/dist/cjs/event/dispatchEvent.js:45:43
      at Object.eventWrapper 
(node_modules/@testing-library/dom/dist/config.js:25:23)
      at Object.wrapEvent 
(node_modules/@testing-library/user-event/dist/cjs/event/wrapEvent.js:6:28)
      at Object.dispatchEvent (node_modules/@testing-library/user-event/dist/cj
s/event/dispatchEvent.js:45:22)
      at Object.dispatchUIEvent (node_modules/@testing-library/user-event/dist/
cjs/event/dispatchEvent.js:22:26)
      at Mouse.up (node_modules/@testing-library/user-event/dist/cjs/system/poi
nter/mouse.js:100:30)
      at PointerHost.release (node_modules/@testing-library/user-event/dist/cjs
/system/pointer/index.js:87:24)
      at pointerAction 
(node_modules/@testing-library/user-event/dist/cjs/pointer/index.js:54:47)
      at Object.pointer 
(node_modules/@testing-library/user-event/dist/cjs/pointer/index.js:27:9)
      at goToStep2 
(src/binding-authorities/__tests__/binding-authorities.test.tsx:1892:9)
      at goToPreview 
(src/binding-authorities/__tests__/binding-authorities.test.tsx:1897:9)
      at Object.<anonymous> 
(src/binding-authorities/__tests__/binding-authorities.test.tsx:1985:9)

    console.error
      Warning: An update to BordereauConfigModal inside a test was not wrapped 
in act(...).
      
      When testing, code that causes React state updates should be wrapped 
into act(...):
      
      act(() => {
        /* fire events that update state */
      });
      /* assert on the output */
      
      This ensures that you're testing the behavior the user would see in the 
browser. Learn more at https://reactjs.org/link/wrap-tests-with-act
          at BordereauConfigModal (C:\Users\samhe\OneDrive\Desktop\Cleaned\fron
tend\src\binding-authorities\BordereauConfigModal\BordereauConfigModal.tsx:217:
5)

      616 |                             className="btn btn-primary"
      617 |                             disabled={step === 'setup' && 
name.trim() === ''}
    > 618 |                             onClick={() => setStep(STEPS[stepIndex 
+ 1].key)}
          |                                            ^
      619 |                         >
      620 |                             Next
      621 |                         </button>

      at printWarning 
(node_modules/react-dom/cjs/react-dom.development.js:86:30)
      at error (node_modules/react-dom/cjs/react-dom.development.js:60:7)
      at warnIfUpdatesNotWrappedWithActDEV 
(node_modules/react-dom/cjs/react-dom.development.js:27628:9)
      at scheduleUpdateOnFiber 
(node_modules/react-dom/cjs/react-dom.development.js:25547:5)
      at dispatchSetState 
(node_modules/react-dom/cjs/react-dom.development.js:16708:7)
      at onClick 
(src/binding-authorities/BordereauConfigModal/BordereauConfigModal.tsx:618:44)
      at HTMLUnknownElement.callCallback 
(node_modules/react-dom/cjs/react-dom.development.js:4164:14)
      at HTMLUnknownElement.callTheUserObjectsOperation 
(node_modules/jsdom/lib/jsdom/living/generated/EventListener.js:26:30)
      at innerInvokeEventListeners 
(node_modules/jsdom/lib/jsdom/living/events/EventTarget-impl.js:350:25)
      at invokeEventListeners 
(node_modules/jsdom/lib/jsdom/living/events/EventTarget-impl.js:286:3)
      at HTMLUnknownElementImpl._dispatch 
(node_modules/jsdom/lib/jsdom/living/events/EventTarget-impl.js:233:9)
      at HTMLUnknownElementImpl.dispatchEvent 
(node_modules/jsdom/lib/jsdom/living/events/EventTarget-impl.js:104:17)
      at HTMLUnknownElement.dispatchEvent 
(node_modules/jsdom/lib/jsdom/living/generated/EventTarget.js:241:34)
      at Object.invokeGuardedCallbackDev 
(node_modules/react-dom/cjs/react-dom.development.js:4213:16)
      at invokeGuardedCallback 
(node_modules/react-dom/cjs/react-dom.development.js:4277:31)
      at invokeGuardedCallbackAndCatchFirstError 
(node_modules/react-dom/cjs/react-dom.development.js:4291:25)
      at executeDispatch 
(node_modules/react-dom/cjs/react-dom.development.js:9041:3)
      at processDispatchQueueItemsInOrder 
(node_modules/react-dom/cjs/react-dom.development.js:9073:7)
      at processDispatchQueue 
(node_modules/react-dom/cjs/react-dom.development.js:9086:5)
      at dispatchEventsForPlugins 
(node_modules/react-dom/cjs/react-dom.development.js:9097:3)
      at node_modules/react-dom/cjs/react-dom.development.js:9288:12
      at batchedUpdates$1 
(node_modules/react-dom/cjs/react-dom.development.js:26179:12)
      at batchedUpdates 
(node_modules/react-dom/cjs/react-dom.development.js:3991:12)
      at dispatchEventForPluginEventSystem 
(node_modules/react-dom/cjs/react-dom.development.js:9287:3)
      at dispatchEventWithEnableCapturePhaseSelectiveHydrationWithoutDiscreteEv
entReplay (node_modules/react-dom/cjs/react-dom.development.js:6465:5)
      at dispatchEvent 
(node_modules/react-dom/cjs/react-dom.development.js:6457:5)
      at dispatchDiscreteEvent 
(node_modules/react-dom/cjs/react-dom.development.js:6430:5)
      at HTMLDivElement.callTheUserObjectsOperation 
(node_modules/jsdom/lib/jsdom/living/generated/EventListener.js:26:30)
      at innerInvokeEventListeners 
(node_modules/jsdom/lib/jsdom/living/events/EventTarget-impl.js:350:25)
      at invokeEventListeners 
(node_modules/jsdom/lib/jsdom/living/events/EventTarget-impl.js:286:3)
      at HTMLButtonElementImpl._dispatch 
(node_modules/jsdom/lib/jsdom/living/events/EventTarget-impl.js:233:9)
      at HTMLButtonElementImpl.dispatchEvent 
(node_modules/jsdom/lib/jsdom/living/events/EventTarget-impl.js:104:17)
      at HTMLButtonElement.dispatchEvent 
(node_modules/jsdom/lib/jsdom/living/generated/EventTarget.js:241:34)
      at 
node_modules/@testing-library/user-event/dist/cjs/event/dispatchEvent.js:45:43
      at Object.eventWrapper 
(node_modules/@testing-library/dom/dist/config.js:25:23)
      at Object.wrapEvent 
(node_modules/@testing-library/user-event/dist/cjs/event/wrapEvent.js:6:28)
      at Object.dispatchEvent (node_modules/@testing-library/user-event/dist/cj
s/event/dispatchEvent.js:45:22)
      at Object.dispatchUIEvent (node_modules/@testing-library/user-event/dist/
cjs/event/dispatchEvent.js:22:26)
      at Mouse.up (node_modules/@testing-library/user-event/dist/cjs/system/poi
nter/mouse.js:100:30)
      at PointerHost.release (node_modules/@testing-library/user-event/dist/cjs
/system/pointer/index.js:87:24)
      at pointerAction 
(node_modules/@testing-library/user-event/dist/cjs/pointer/index.js:54:47)
      at Object.pointer 
(node_modules/@testing-library/user-event/dist/cjs/pointer/index.js:27:9)
      at goToPreview 
(src/binding-authorities/__tests__/binding-authorities.test.tsx:1898:9)
      at Object.<anonymous> 
(src/binding-authorities/__tests__/binding-authorities.test.tsx:1985:9)

    console.error
      Warning: An update to BordereauConfigModal inside a test was not wrapped 
in act(...).
      
      When testing, code that causes React state updates should be wrapped 
into act(...):
      
      act(() => {
        /* fire events that update state */
      });
      /* assert on the output */
      
      This ensures that you're testing the behavior the user would see in the 
browser. Learn more at https://reactjs.org/link/wrap-tests-with-act
          at BordereauConfigModal (C:\Users\samhe\OneDrive\Desktop\Cleaned\fron
tend\src\binding-authorities\BordereauConfigModal\BordereauConfigModal.tsx:217:
5)

      372 |                                     type="text"
      373 |                                     value={name}
    > 374 |                                     onChange={e => 
setName(e.target.value)}
          |                                                    ^
      375 |                                     placeholder="e.g. Q1 2025 Risk 
Bordereau"
      376 |                                     className="border 
border-gray-300 rounded px-3 py-2 text-sm w-full"
      377 |                                     autoFocus

      at printWarning 
(node_modules/react-dom/cjs/react-dom.development.js:86:30)
      at error (node_modules/react-dom/cjs/react-dom.development.js:60:7)
      at warnIfUpdatesNotWrappedWithActDEV 
(node_modules/react-dom/cjs/react-dom.development.js:27628:9)
      at scheduleUpdateOnFiber 
(node_modules/react-dom/cjs/react-dom.development.js:25547:5)
      at dispatchSetState 
(node_modules/react-dom/cjs/react-dom.development.js:16708:7)
      at onChange 
(src/binding-authorities/BordereauConfigModal/BordereauConfigModal.tsx:374:52)
      at HTMLUnknownElement.callCallback 
(node_modules/react-dom/cjs/react-dom.development.js:4164:14)
      at HTMLUnknownElement.callTheUserObjectsOperation 
(node_modules/jsdom/lib/jsdom/living/generated/EventListener.js:26:30)
      at innerInvokeEventListeners 
(node_modules/jsdom/lib/jsdom/living/events/EventTarget-impl.js:350:25)
      at invokeEventListeners 
(node_modules/jsdom/lib/jsdom/living/events/EventTarget-impl.js:286:3)
      at HTMLUnknownElementImpl._dispatch 
(node_modules/jsdom/lib/jsdom/living/events/EventTarget-impl.js:233:9)
      at HTMLUnknownElementImpl.dispatchEvent 
(node_modules/jsdom/lib/jsdom/living/events/EventTarget-impl.js:104:17)
      at HTMLUnknownElement.dispatchEvent 
(node_modules/jsdom/lib/jsdom/living/generated/EventTarget.js:241:34)
      at Object.invokeGuardedCallbackDev 
(node_modules/react-dom/cjs/react-dom.development.js:4213:16)
      at invokeGuardedCallback 
(node_modules/react-dom/cjs/react-dom.development.js:4277:31)
      at invokeGuardedCallbackAndCatchFirstError 
(node_modules/react-dom/cjs/react-dom.development.js:4291:25)
      at executeDispatch 
(node_modules/react-dom/cjs/react-dom.development.js:9041:3)
      at processDispatchQueueItemsInOrder 
(node_modules/react-dom/cjs/react-dom.development.js:9073:7)
      at processDispatchQueue 
(node_modules/react-dom/cjs/react-dom.development.js:9086:5)
      at dispatchEventsForPlugins 
(node_modules/react-dom/cjs/react-dom.development.js:9097:3)
      at node_modules/react-dom/cjs/react-dom.development.js:9288:12
      at batchedUpdates$1 
(node_modules/react-dom/cjs/react-dom.development.js:26179:12)
      at batchedUpdates 
(node_modules/react-dom/cjs/react-dom.development.js:3991:12)
      at dispatchEventForPluginEventSystem 
(node_modules/react-dom/cjs/react-dom.development.js:9287:3)
      at dispatchEventWithEnableCapturePhaseSelectiveHydrationWithoutDiscreteEv
entReplay (node_modules/react-dom/cjs/react-dom.development.js:6465:5)
      at dispatchEvent 
(node_modules/react-dom/cjs/react-dom.development.js:6457:5)
      at dispatchDiscreteEvent 
(node_modules/react-dom/cjs/react-dom.development.js:6430:5)
      at HTMLDivElement.callTheUserObjectsOperation 
(node_modules/jsdom/lib/jsdom/living/generated/EventListener.js:26:30)
      at innerInvokeEventListeners 
(node_modules/jsdom/lib/jsdom/living/events/EventTarget-impl.js:350:25)
      at invokeEventListeners 
(node_modules/jsdom/lib/jsdom/living/events/EventTarget-impl.js:286:3)
      at HTMLInputElementImpl._dispatch 
(node_modules/jsdom/lib/jsdom/living/events/EventTarget-impl.js:233:9)
      at HTMLInputElementImpl.dispatchEvent 
(node_modules/jsdom/lib/jsdom/living/events/EventTarget-impl.js:104:17)
      at HTMLInputElement.dispatchEvent 
(node_modules/jsdom/lib/jsdom/living/generated/EventTarget.js:241:34)
      at 
node_modules/@testing-library/user-event/dist/cjs/event/dispatchEvent.js:45:43
      at Object.eventWrapper 
(node_modules/@testing-library/dom/dist/config.js:25:23)
      at Object.wrapEvent 
(node_modules/@testing-library/user-event/dist/cjs/event/wrapEvent.js:6:28)
      at Object.dispatchEvent (node_modules/@testing-library/user-event/dist/cj
s/event/dispatchEvent.js:45:22)
      at Object.dispatchUIEvent (node_modules/@testing-library/user-event/dist/
cjs/event/dispatchEvent.js:22:26)
      at commitInput 
(node_modules/@testing-library/user-event/dist/cjs/event/input.js:145:14)
      at editInputElement 
(node_modules/@testing-library/user-event/dist/cjs/event/input.js:115:9)
      at Object.input 
(node_modules/@testing-library/user-event/dist/cjs/event/input.js:37:9)
      at node_modules/@testing-library/user-event/dist/cjs/event/behavior/keypr
ess.js:31:26
      at Object.dispatchEvent (node_modules/@testing-library/user-event/dist/cj
s/event/dispatchEvent.js:41:13)
      at Object.dispatchUIEvent (node_modules/@testing-library/user-event/dist/
cjs/event/dispatchEvent.js:22:26)
      at KeyboardHost.keydown 
(node_modules/@testing-library/user-event/dist/cjs/system/keyboard.js:76:22)
      at keyboardAction 
(node_modules/@testing-library/user-event/dist/cjs/keyboard/index.js:22:35)
      at Object.keyboard 
(node_modules/@testing-library/user-event/dist/cjs/keyboard/index.js:11:15)
      at Object.type 
(node_modules/@testing-library/user-event/dist/cjs/utility/type.js:17:5)
      at Object.<anonymous> 
(src/binding-authorities/__tests__/binding-authorities.test.tsx:1994:9)

    console.error
      Warning: An update to BordereauConfigModal inside a test was not wrapped 
in act(...).
      
      When testing, code that causes React state updates should be wrapped 
into act(...):
      
      act(() => {
        /* fire events that update state */
      });
      /* assert on the output */
      
      This ensures that you're testing the behavior the user would see in the 
browser. Learn more at https://reactjs.org/link/wrap-tests-with-act
          at BordereauConfigModal (C:\Users\samhe\OneDrive\Desktop\Cleaned\fron
tend\src\binding-authorities\BordereauConfigModal\BordereauConfigModal.tsx:217:
5)

      372 |                                     type="text"
      373 |                                     value={name}
    > 374 |                                     onChange={e => 
setName(e.target.value)}
          |                                                    ^
      375 |                                     placeholder="e.g. Q1 2025 Risk 
Bordereau"
      376 |                                     className="border 
border-gray-300 rounded px-3 py-2 text-sm w-full"
      377 |                                     autoFocus

      at printWarning 
(node_modules/react-dom/cjs/react-dom.development.js:86:30)
      at error (node_modules/react-dom/cjs/react-dom.development.js:60:7)
      at warnIfUpdatesNotWrappedWithActDEV 
(node_modules/react-dom/cjs/react-dom.development.js:27628:9)
      at scheduleUpdateOnFiber 
(node_modules/react-dom/cjs/react-dom.development.js:25547:5)
      at dispatchSetState 
(node_modules/react-dom/cjs/react-dom.development.js:16708:7)
      at onChange 
(src/binding-authorities/BordereauConfigModal/BordereauConfigModal.tsx:374:52)
      at HTMLUnknownElement.callCallback 
(node_modules/react-dom/cjs/react-dom.development.js:4164:14)
      at HTMLUnknownElement.callTheUserObjectsOperation 
(node_modules/jsdom/lib/jsdom/living/generated/EventListener.js:26:30)
      at innerInvokeEventListeners 
(node_modules/jsdom/lib/jsdom/living/events/EventTarget-impl.js:350:25)
      at invokeEventListeners 
(node_modules/jsdom/lib/jsdom/living/events/EventTarget-impl.js:286:3)
      at HTMLUnknownElementImpl._dispatch 
(node_modules/jsdom/lib/jsdom/living/events/EventTarget-impl.js:233:9)
      at HTMLUnknownElementImpl.dispatchEvent 
(node_modules/jsdom/lib/jsdom/living/events/EventTarget-impl.js:104:17)
      at HTMLUnknownElement.dispatchEvent 
(node_modules/jsdom/lib/jsdom/living/generated/EventTarget.js:241:34)
      at Object.invokeGuardedCallbackDev 
(node_modules/react-dom/cjs/react-dom.development.js:4213:16)
      at invokeGuardedCallback 
(node_modules/react-dom/cjs/react-dom.development.js:4277:31)
      at invokeGuardedCallbackAndCatchFirstError 
(node_modules/react-dom/cjs/react-dom.development.js:4291:25)
      at executeDispatch 
(node_modules/react-dom/cjs/react-dom.development.js:9041:3)
      at processDispatchQueueItemsInOrder 
(node_modules/react-dom/cjs/react-dom.development.js:9073:7)
      at processDispatchQueue 
(node_modules/react-dom/cjs/react-dom.development.js:9086:5)
      at dispatchEventsForPlugins 
(node_modules/react-dom/cjs/react-dom.development.js:9097:3)
      at node_modules/react-dom/cjs/react-dom.development.js:9288:12
      at batchedUpdates$1 
(node_modules/react-dom/cjs/react-dom.development.js:26179:12)
      at batchedUpdates 
(node_modules/react-dom/cjs/react-dom.development.js:3991:12)
      at dispatchEventForPluginEventSystem 
(node_modules/react-dom/cjs/react-dom.development.js:9287:3)
      at dispatchEventWithEnableCapturePhaseSelectiveHydrationWithoutDiscreteEv
entReplay (node_modules/react-dom/cjs/react-dom.development.js:6465:5)
      at dispatchEvent 
(node_modules/react-dom/cjs/react-dom.development.js:6457:5)
      at dispatchDiscreteEvent 
(node_modules/react-dom/cjs/react-dom.development.js:6430:5)
      at HTMLDivElement.callTheUserObjectsOperation 
(node_modules/jsdom/lib/jsdom/living/generated/EventListener.js:26:30)
      at innerInvokeEventListeners 
(node_modules/jsdom/lib/jsdom/living/events/EventTarget-impl.js:350:25)
      at invokeEventListeners 
(node_modules/jsdom/lib/jsdom/living/events/EventTarget-impl.js:286:3)
      at HTMLInputElementImpl._dispatch 
(node_modules/jsdom/lib/jsdom/living/events/EventTarget-impl.js:233:9)
      at HTMLInputElementImpl.dispatchEvent 
(node_modules/jsdom/lib/jsdom/living/events/EventTarget-impl.js:104:17)
      at HTMLInputElement.dispatchEvent 
(node_modules/jsdom/lib/jsdom/living/generated/EventTarget.js:241:34)
      at 
node_modules/@testing-library/user-event/dist/cjs/event/dispatchEvent.js:45:43
      at Object.eventWrapper 
(node_modules/@testing-library/dom/dist/config.js:25:23)
      at Object.wrapEvent 
(node_modules/@testing-library/user-event/dist/cjs/event/wrapEvent.js:6:28)
      at Object.dispatchEvent (node_modules/@testing-library/user-event/dist/cj
s/event/dispatchEvent.js:45:22)
      at Object.dispatchUIEvent (node_modules/@testing-library/user-event/dist/
cjs/event/dispatchEvent.js:22:26)
      at commitInput 
(node_modules/@testing-library/user-event/dist/cjs/event/input.js:145:14)
      at editInputElement 
(node_modules/@testing-library/user-event/dist/cjs/event/input.js:115:9)
      at Object.input 
(node_modules/@testing-library/user-event/dist/cjs/event/input.js:37:9)
      at node_modules/@testing-library/user-event/dist/cjs/event/behavior/keypr
ess.js:31:26
      at Object.dispatchEvent (node_modules/@testing-library/user-event/dist/cj
s/event/dispatchEvent.js:41:13)
      at Object.dispatchUIEvent (node_modules/@testing-library/user-event/dist/
cjs/event/dispatchEvent.js:22:26)
      at KeyboardHost.keydown 
(node_modules/@testing-library/user-event/dist/cjs/system/keyboard.js:76:22)
      at keyboardAction 
(node_modules/@testing-library/user-event/dist/cjs/keyboard/index.js:22:35)
      at Object.keyboard 
(node_modules/@testing-library/user-event/dist/cjs/keyboard/index.js:11:15)
      at Object.type 
(node_modules/@testing-library/user-event/dist/cjs/utility/type.js:17:5)
      at Object.<anonymous> 
(src/binding-authorities/__tests__/binding-authorities.test.tsx:1994:9)

    console.error
      Warning: An update to BordereauConfigModal inside a test was not wrapped 
in act(...).
      
      When testing, code that causes React state updates should be wrapped 
into act(...):
      
      act(() => {
        /* fire events that update state */
      });
      /* assert on the output */
      
      This ensures that you're testing the behavior the user would see in the 
browser. Learn more at https://reactjs.org/link/wrap-tests-with-act
          at BordereauConfigModal (C:\Users\samhe\OneDrive\Desktop\Cleaned\fron
tend\src\binding-authorities\BordereauConfigModal\BordereauConfigModal.tsx:217:
5)

      372 |                                     type="text"
      373 |                                     value={name}
    > 374 |                                     onChange={e => 
setName(e.target.value)}
          |                                                    ^
      375 |                                     placeholder="e.g. Q1 2025 Risk 
Bordereau"
      376 |                                     className="border 
border-gray-300 rounded px-3 py-2 text-sm w-full"
      377 |                                     autoFocus

      at printWarning 
(node_modules/react-dom/cjs/react-dom.development.js:86:30)
      at error (node_modules/react-dom/cjs/react-dom.development.js:60:7)
      at warnIfUpdatesNotWrappedWithActDEV 
(node_modules/react-dom/cjs/react-dom.development.js:27628:9)
      at scheduleUpdateOnFiber 
(node_modules/react-dom/cjs/react-dom.development.js:25547:5)
      at dispatchSetState 
(node_modules/react-dom/cjs/react-dom.development.js:16708:7)
      at onChange 
(src/binding-authorities/BordereauConfigModal/BordereauConfigModal.tsx:374:52)
      at HTMLUnknownElement.callCallback 
(node_modules/react-dom/cjs/react-dom.development.js:4164:14)
      at HTMLUnknownElement.callTheUserObjectsOperation 
(node_modules/jsdom/lib/jsdom/living/generated/EventListener.js:26:30)
      at innerInvokeEventListeners 
(node_modules/jsdom/lib/jsdom/living/events/EventTarget-impl.js:350:25)
      at invokeEventListeners 
(node_modules/jsdom/lib/jsdom/living/events/EventTarget-impl.js:286:3)
      at HTMLUnknownElementImpl._dispatch 
(node_modules/jsdom/lib/jsdom/living/events/EventTarget-impl.js:233:9)
      at HTMLUnknownElementImpl.dispatchEvent 
(node_modules/jsdom/lib/jsdom/living/events/EventTarget-impl.js:104:17)
      at HTMLUnknownElement.dispatchEvent 
(node_modules/jsdom/lib/jsdom/living/generated/EventTarget.js:241:34)
      at Object.invokeGuardedCallbackDev 
(node_modules/react-dom/cjs/react-dom.development.js:4213:16)
      at invokeGuardedCallback 
(node_modules/react-dom/cjs/react-dom.development.js:4277:31)
      at invokeGuardedCallbackAndCatchFirstError 
(node_modules/react-dom/cjs/react-dom.development.js:4291:25)
      at executeDispatch 
(node_modules/react-dom/cjs/react-dom.development.js:9041:3)
      at processDispatchQueueItemsInOrder 
(node_modules/react-dom/cjs/react-dom.development.js:9073:7)
      at processDispatchQueue 
(node_modules/react-dom/cjs/react-dom.development.js:9086:5)
      at dispatchEventsForPlugins 
(node_modules/react-dom/cjs/react-dom.development.js:9097:3)
      at node_modules/react-dom/cjs/react-dom.development.js:9288:12
      at batchedUpdates$1 
(node_modules/react-dom/cjs/react-dom.development.js:26179:12)
      at batchedUpdates 
(node_modules/react-dom/cjs/react-dom.development.js:3991:12)
      at dispatchEventForPluginEventSystem 
(node_modules/react-dom/cjs/react-dom.development.js:9287:3)
      at dispatchEventWithEnableCapturePhaseSelectiveHydrationWithoutDiscreteEv
entReplay (node_modules/react-dom/cjs/react-dom.development.js:6465:5)
      at dispatchEvent 
(node_modules/react-dom/cjs/react-dom.development.js:6457:5)
      at dispatchDiscreteEvent 
(node_modules/react-dom/cjs/react-dom.development.js:6430:5)
      at HTMLDivElement.callTheUserObjectsOperation 
(node_modules/jsdom/lib/jsdom/living/generated/EventListener.js:26:30)
      at innerInvokeEventListeners 
(node_modules/jsdom/lib/jsdom/living/events/EventTarget-impl.js:350:25)
      at invokeEventListeners 
(node_modules/jsdom/lib/jsdom/living/events/EventTarget-impl.js:286:3)
      at HTMLInputElementImpl._dispatch 
(node_modules/jsdom/lib/jsdom/living/events/EventTarget-impl.js:233:9)
      at HTMLInputElementImpl.dispatchEvent 
(node_modules/jsdom/lib/jsdom/living/events/EventTarget-impl.js:104:17)
      at HTMLInputElement.dispatchEvent 
(node_modules/jsdom/lib/jsdom/living/generated/EventTarget.js:241:34)
      at 
node_modules/@testing-library/user-event/dist/cjs/event/dispatchEvent.js:45:43
      at Object.eventWrapper 
(node_modules/@testing-library/dom/dist/config.js:25:23)
      at Object.wrapEvent 
(node_modules/@testing-library/user-event/dist/cjs/event/wrapEvent.js:6:28)
      at Object.dispatchEvent (node_modules/@testing-library/user-event/dist/cj
s/event/dispatchEvent.js:45:22)
      at Object.dispatchUIEvent (node_modules/@testing-library/user-event/dist/
cjs/event/dispatchEvent.js:22:26)
      at commitInput 
(node_modules/@testing-library/user-event/dist/cjs/event/input.js:145:14)
      at editInputElement 
(node_modules/@testing-library/user-event/dist/cjs/event/input.js:115:9)
      at Object.input 
(node_modules/@testing-library/user-event/dist/cjs/event/input.js:37:9)
      at node_modules/@testing-library/user-event/dist/cjs/event/behavior/keypr
ess.js:31:26
      at Object.dispatchEvent (node_modules/@testing-library/user-event/dist/cj
s/event/dispatchEvent.js:41:13)
      at Object.dispatchUIEvent (node_modules/@testing-library/user-event/dist/
cjs/event/dispatchEvent.js:22:26)
      at KeyboardHost.keydown 
(node_modules/@testing-library/user-event/dist/cjs/system/keyboard.js:76:22)
      at keyboardAction 
(node_modules/@testing-library/user-event/dist/cjs/keyboard/index.js:22:35)
      at Object.keyboard 
(node_modules/@testing-library/user-event/dist/cjs/keyboard/index.js:11:15)
      at Object.type 
(node_modules/@testing-library/user-event/dist/cjs/utility/type.js:17:5)
      at Object.<anonymous> 
(src/binding-authorities/__tests__/binding-authorities.test.tsx:1994:9)

    console.error
      Warning: An update to BordereauConfigModal inside a test was not wrapped 
in act(...).
      
      When testing, code that causes React state updates should be wrapped 
into act(...):
      
      act(() => {
        /* fire events that update state */
      });
      /* assert on the output */
      
      This ensures that you're testing the behavior the user would see in the 
browser. Learn more at https://reactjs.org/link/wrap-tests-with-act
          at BordereauConfigModal (C:\Users\samhe\OneDrive\Desktop\Cleaned\fron
tend\src\binding-authorities\BordereauConfigModal\BordereauConfigModal.tsx:217:
5)

      372 |                                     type="text"
      373 |                                     value={name}
    > 374 |                                     onChange={e => 
setName(e.target.value)}
          |                                                    ^
      375 |                                     placeholder="e.g. Q1 2025 Risk 
Bordereau"
      376 |                                     className="border 
border-gray-300 rounded px-3 py-2 text-sm w-full"
      377 |                                     autoFocus

      at printWarning 
(node_modules/react-dom/cjs/react-dom.development.js:86:30)
      at error (node_modules/react-dom/cjs/react-dom.development.js:60:7)
      at warnIfUpdatesNotWrappedWithActDEV 
(node_modules/react-dom/cjs/react-dom.development.js:27628:9)
      at scheduleUpdateOnFiber 
(node_modules/react-dom/cjs/react-dom.development.js:25547:5)
      at dispatchSetState 
(node_modules/react-dom/cjs/react-dom.development.js:16708:7)
      at onChange 
(src/binding-authorities/BordereauConfigModal/BordereauConfigModal.tsx:374:52)
      at HTMLUnknownElement.callCallback 
(node_modules/react-dom/cjs/react-dom.development.js:4164:14)
      at HTMLUnknownElement.callTheUserObjectsOperation 
(node_modules/jsdom/lib/jsdom/living/generated/EventListener.js:26:30)
      at innerInvokeEventListeners 
(node_modules/jsdom/lib/jsdom/living/events/EventTarget-impl.js:350:25)
      at invokeEventListeners 
(node_modules/jsdom/lib/jsdom/living/events/EventTarget-impl.js:286:3)
      at HTMLUnknownElementImpl._dispatch 
(node_modules/jsdom/lib/jsdom/living/events/EventTarget-impl.js:233:9)
      at HTMLUnknownElementImpl.dispatchEvent 
(node_modules/jsdom/lib/jsdom/living/events/EventTarget-impl.js:104:17)
      at HTMLUnknownElement.dispatchEvent 
(node_modules/jsdom/lib/jsdom/living/generated/EventTarget.js:241:34)
      at Object.invokeGuardedCallbackDev 
(node_modules/react-dom/cjs/react-dom.development.js:4213:16)
      at invokeGuardedCallback 
(node_modules/react-dom/cjs/react-dom.development.js:4277:31)
      at invokeGuardedCallbackAndCatchFirstError 
(node_modules/react-dom/cjs/react-dom.development.js:4291:25)
      at executeDispatch 
(node_modules/react-dom/cjs/react-dom.development.js:9041:3)
      at processDispatchQueueItemsInOrder 
(node_modules/react-dom/cjs/react-dom.development.js:9073:7)
      at processDispatchQueue 
(node_modules/react-dom/cjs/react-dom.development.js:9086:5)
      at dispatchEventsForPlugins 
(node_modules/react-dom/cjs/react-dom.development.js:9097:3)
      at node_modules/react-dom/cjs/react-dom.development.js:9288:12
      at batchedUpdates$1 
(node_modules/react-dom/cjs/react-dom.development.js:26179:12)
      at batchedUpdates 
(node_modules/react-dom/cjs/react-dom.development.js:3991:12)
      at dispatchEventForPluginEventSystem 
(node_modules/react-dom/cjs/react-dom.development.js:9287:3)
      at dispatchEventWithEnableCapturePhaseSelectiveHydrationWithoutDiscreteEv
entReplay (node_modules/react-dom/cjs/react-dom.development.js:6465:5)
      at dispatchEvent 
(node_modules/react-dom/cjs/react-dom.development.js:6457:5)
      at dispatchDiscreteEvent 
(node_modules/react-dom/cjs/react-dom.development.js:6430:5)
      at HTMLDivElement.callTheUserObjectsOperation 
(node_modules/jsdom/lib/jsdom/living/generated/EventListener.js:26:30)
      at innerInvokeEventListeners 
(node_modules/jsdom/lib/jsdom/living/events/EventTarget-impl.js:350:25)
      at invokeEventListeners 
(node_modules/jsdom/lib/jsdom/living/events/EventTarget-impl.js:286:3)
      at HTMLInputElementImpl._dispatch 
(node_modules/jsdom/lib/jsdom/living/events/EventTarget-impl.js:233:9)
      at HTMLInputElementImpl.dispatchEvent 
(node_modules/jsdom/lib/jsdom/living/events/EventTarget-impl.js:104:17)
      at HTMLInputElement.dispatchEvent 
(node_modules/jsdom/lib/jsdom/living/generated/EventTarget.js:241:34)
      at 
node_modules/@testing-library/user-event/dist/cjs/event/dispatchEvent.js:45:43
      at Object.eventWrapper 
(node_modules/@testing-library/dom/dist/config.js:25:23)
      at Object.wrapEvent 
(node_modules/@testing-library/user-event/dist/cjs/event/wrapEvent.js:6:28)
      at Object.dispatchEvent (node_modules/@testing-library/user-event/dist/cj
s/event/dispatchEvent.js:45:22)
      at Object.dispatchUIEvent (node_modules/@testing-library/user-event/dist/
cjs/event/dispatchEvent.js:22:26)
      at commitInput 
(node_modules/@testing-library/user-event/dist/cjs/event/input.js:145:14)
      at editInputElement 
(node_modules/@testing-library/user-event/dist/cjs/event/input.js:115:9)
      at Object.input 
(node_modules/@testing-library/user-event/dist/cjs/event/input.js:37:9)
      at node_modules/@testing-library/user-event/dist/cjs/event/behavior/keypr
ess.js:31:26
      at Object.dispatchEvent (node_modules/@testing-library/user-event/dist/cj
s/event/dispatchEvent.js:41:13)
      at Object.dispatchUIEvent (node_modules/@testing-library/user-event/dist/
cjs/event/dispatchEvent.js:22:26)
      at KeyboardHost.keydown 
(node_modules/@testing-library/user-event/dist/cjs/system/keyboard.js:76:22)
      at keyboardAction 
(node_modules/@testing-library/user-event/dist/cjs/keyboard/index.js:22:35)
      at Object.keyboard 
(node_modules/@testing-library/user-event/dist/cjs/keyboard/index.js:11:15)
      at Object.type 
(node_modules/@testing-library/user-event/dist/cjs/utility/type.js:17:5)
      at Object.<anonymous> 
(src/binding-authorities/__tests__/binding-authorities.test.tsx:1994:9)

    console.error
      Warning: An update to BordereauConfigModal inside a test was not wrapped 
in act(...).
      
      When testing, code that causes React state updates should be wrapped 
into act(...):
      
      act(() => {
        /* fire events that update state */
      });
      /* assert on the output */
      
      This ensures that you're testing the behavior the user would see in the 
browser. Learn more at https://reactjs.org/link/wrap-tests-with-act
          at BordereauConfigModal (C:\Users\samhe\OneDrive\Desktop\Cleaned\fron
tend\src\binding-authorities\BordereauConfigModal\BordereauConfigModal.tsx:217:
5)

      372 |                                     type="text"
      373 |                                     value={name}
    > 374 |                                     onChange={e => 
setName(e.target.value)}
          |                                                    ^
      375 |                                     placeholder="e.g. Q1 2025 Risk 
Bordereau"
      376 |                                     className="border 
border-gray-300 rounded px-3 py-2 text-sm w-full"
      377 |                                     autoFocus

      at printWarning 
(node_modules/react-dom/cjs/react-dom.development.js:86:30)
      at error (node_modules/react-dom/cjs/react-dom.development.js:60:7)
      at warnIfUpdatesNotWrappedWithActDEV 
(node_modules/react-dom/cjs/react-dom.development.js:27628:9)
      at scheduleUpdateOnFiber 
(node_modules/react-dom/cjs/react-dom.development.js:25547:5)
      at dispatchSetState 
(node_modules/react-dom/cjs/react-dom.development.js:16708:7)
      at onChange 
(src/binding-authorities/BordereauConfigModal/BordereauConfigModal.tsx:374:52)
      at HTMLUnknownElement.callCallback 
(node_modules/react-dom/cjs/react-dom.development.js:4164:14)
      at HTMLUnknownElement.callTheUserObjectsOperation 
(node_modules/jsdom/lib/jsdom/living/generated/EventListener.js:26:30)
      at innerInvokeEventListeners 
(node_modules/jsdom/lib/jsdom/living/events/EventTarget-impl.js:350:25)
      at invokeEventListeners 
(node_modules/jsdom/lib/jsdom/living/events/EventTarget-impl.js:286:3)
      at HTMLUnknownElementImpl._dispatch 
(node_modules/jsdom/lib/jsdom/living/events/EventTarget-impl.js:233:9)
      at HTMLUnknownElementImpl.dispatchEvent 
(node_modules/jsdom/lib/jsdom/living/events/EventTarget-impl.js:104:17)
      at HTMLUnknownElement.dispatchEvent 
(node_modules/jsdom/lib/jsdom/living/generated/EventTarget.js:241:34)
      at Object.invokeGuardedCallbackDev 
(node_modules/react-dom/cjs/react-dom.development.js:4213:16)
      at invokeGuardedCallback 
(node_modules/react-dom/cjs/react-dom.development.js:4277:31)
      at invokeGuardedCallbackAndCatchFirstError 
(node_modules/react-dom/cjs/react-dom.development.js:4291:25)
      at executeDispatch 
(node_modules/react-dom/cjs/react-dom.development.js:9041:3)
      at processDispatchQueueItemsInOrder 
(node_modules/react-dom/cjs/react-dom.development.js:9073:7)
      at processDispatchQueue 
(node_modules/react-dom/cjs/react-dom.development.js:9086:5)
      at dispatchEventsForPlugins 
(node_modules/react-dom/cjs/react-dom.development.js:9097:3)
      at node_modules/react-dom/cjs/react-dom.development.js:9288:12
      at batchedUpdates$1 
(node_modules/react-dom/cjs/react-dom.development.js:26179:12)
      at batchedUpdates 
(node_modules/react-dom/cjs/react-dom.development.js:3991:12)
      at dispatchEventForPluginEventSystem 
(node_modules/react-dom/cjs/react-dom.development.js:9287:3)
      at dispatchEventWithEnableCapturePhaseSelectiveHydrationWithoutDiscreteEv
entReplay (node_modules/react-dom/cjs/react-dom.development.js:6465:5)
      at dispatchEvent 
(node_modules/react-dom/cjs/react-dom.development.js:6457:5)
      at dispatchDiscreteEvent 
(node_modules/react-dom/cjs/react-dom.development.js:6430:5)
      at HTMLDivElement.callTheUserObjectsOperation 
(node_modules/jsdom/lib/jsdom/living/generated/EventListener.js:26:30)
      at innerInvokeEventListeners 
(node_modules/jsdom/lib/jsdom/living/events/EventTarget-impl.js:350:25)
      at invokeEventListeners 
(node_modules/jsdom/lib/jsdom/living/events/EventTarget-impl.js:286:3)
      at HTMLInputElementImpl._dispatch 
(node_modules/jsdom/lib/jsdom/living/events/EventTarget-impl.js:233:9)
      at HTMLInputElementImpl.dispatchEvent 
(node_modules/jsdom/lib/jsdom/living/events/EventTarget-impl.js:104:17)
      at HTMLInputElement.dispatchEvent 
(node_modules/jsdom/lib/jsdom/living/generated/EventTarget.js:241:34)
      at 
node_modules/@testing-library/user-event/dist/cjs/event/dispatchEvent.js:45:43
      at Object.eventWrapper 
(node_modules/@testing-library/dom/dist/config.js:25:23)
      at Object.wrapEvent 
(node_modules/@testing-library/user-event/dist/cjs/event/wrapEvent.js:6:28)
      at Object.dispatchEvent (node_modules/@testing-library/user-event/dist/cj
s/event/dispatchEvent.js:45:22)
      at Object.dispatchUIEvent (node_modules/@testing-library/user-event/dist/
cjs/event/dispatchEvent.js:22:26)
      at commitInput 
(node_modules/@testing-library/user-event/dist/cjs/event/input.js:145:14)
      at editInputElement 
(node_modules/@testing-library/user-event/dist/cjs/event/input.js:115:9)
      at Object.input 
(node_modules/@testing-library/user-event/dist/cjs/event/input.js:37:9)
      at node_modules/@testing-library/user-event/dist/cjs/event/behavior/keypr
ess.js:31:26
      at Object.dispatchEvent (node_modules/@testing-library/user-event/dist/cj
s/event/dispatchEvent.js:41:13)
      at Object.dispatchUIEvent (node_modules/@testing-library/user-event/dist/
cjs/event/dispatchEvent.js:22:26)
      at KeyboardHost.keydown 
(node_modules/@testing-library/user-event/dist/cjs/system/keyboard.js:76:22)
      at keyboardAction 
(node_modules/@testing-library/user-event/dist/cjs/keyboard/index.js:22:35)
      at Object.keyboard 
(node_modules/@testing-library/user-event/dist/cjs/keyboard/index.js:11:15)
      at Object.type 
(node_modules/@testing-library/user-event/dist/cjs/utility/type.js:17:5)
      at Object.<anonymous> 
(src/binding-authorities/__tests__/binding-authorities.test.tsx:1994:9)

    console.error
      Warning: An update to BordereauConfigModal inside a test was not wrapped 
in act(...).
      
      When testing, code that causes React state updates should be wrapped 
into act(...):
      
      act(() => {
        /* fire events that update state */
      });
      /* assert on the output */
      
      This ensures that you're testing the behavior the user would see in the 
browser. Learn more at https://reactjs.org/link/wrap-tests-with-act
          at BordereauConfigModal (C:\Users\samhe\OneDrive\Desktop\Cleaned\fron
tend\src\binding-authorities\BordereauConfigModal\BordereauConfigModal.tsx:217:
5)

      372 |                                     type="text"
      373 |                                     value={name}
    > 374 |                                     onChange={e => 
setName(e.target.value)}
          |                                                    ^
      375 |                                     placeholder="e.g. Q1 2025 Risk 
Bordereau"
      376 |                                     className="border 
border-gray-300 rounded px-3 py-2 text-sm w-full"
      377 |                                     autoFocus

      at printWarning 
(node_modules/react-dom/cjs/react-dom.development.js:86:30)
      at error (node_modules/react-dom/cjs/react-dom.development.js:60:7)
      at warnIfUpdatesNotWrappedWithActDEV 
(node_modules/react-dom/cjs/react-dom.development.js:27628:9)
      at scheduleUpdateOnFiber 
(node_modules/react-dom/cjs/react-dom.development.js:25547:5)
      at dispatchSetState 
(node_modules/react-dom/cjs/react-dom.development.js:16708:7)
      at onChange 
(src/binding-authorities/BordereauConfigModal/BordereauConfigModal.tsx:374:52)
      at HTMLUnknownElement.callCallback 
(node_modules/react-dom/cjs/react-dom.development.js:4164:14)
      at HTMLUnknownElement.callTheUserObjectsOperation 
(node_modules/jsdom/lib/jsdom/living/generated/EventListener.js:26:30)
      at innerInvokeEventListeners 
(node_modules/jsdom/lib/jsdom/living/events/EventTarget-impl.js:350:25)
      at invokeEventListeners 
(node_modules/jsdom/lib/jsdom/living/events/EventTarget-impl.js:286:3)
      at HTMLUnknownElementImpl._dispatch 
(node_modules/jsdom/lib/jsdom/living/events/EventTarget-impl.js:233:9)
      at HTMLUnknownElementImpl.dispatchEvent 
(node_modules/jsdom/lib/jsdom/living/events/EventTarget-impl.js:104:17)
      at HTMLUnknownElement.dispatchEvent 
(node_modules/jsdom/lib/jsdom/living/generated/EventTarget.js:241:34)
      at Object.invokeGuardedCallbackDev 
(node_modules/react-dom/cjs/react-dom.development.js:4213:16)
      at invokeGuardedCallback 
(node_modules/react-dom/cjs/react-dom.development.js:4277:31)
      at invokeGuardedCallbackAndCatchFirstError 
(node_modules/react-dom/cjs/react-dom.development.js:4291:25)
      at executeDispatch 
(node_modules/react-dom/cjs/react-dom.development.js:9041:3)
      at processDispatchQueueItemsInOrder 
(node_modules/react-dom/cjs/react-dom.development.js:9073:7)
      at processDispatchQueue 
(node_modules/react-dom/cjs/react-dom.development.js:9086:5)
      at dispatchEventsForPlugins 
(node_modules/react-dom/cjs/react-dom.development.js:9097:3)
      at node_modules/react-dom/cjs/react-dom.development.js:9288:12
      at batchedUpdates$1 
(node_modules/react-dom/cjs/react-dom.development.js:26179:12)
      at batchedUpdates 
(node_modules/react-dom/cjs/react-dom.development.js:3991:12)
      at dispatchEventForPluginEventSystem 
(node_modules/react-dom/cjs/react-dom.development.js:9287:3)
      at dispatchEventWithEnableCapturePhaseSelectiveHydrationWithoutDiscreteEv
entReplay (node_modules/react-dom/cjs/react-dom.development.js:6465:5)
      at dispatchEvent 
(node_modules/react-dom/cjs/react-dom.development.js:6457:5)
      at dispatchDiscreteEvent 
(node_modules/react-dom/cjs/react-dom.development.js:6430:5)
      at HTMLDivElement.callTheUserObjectsOperation 
(node_modules/jsdom/lib/jsdom/living/generated/EventListener.js:26:30)
      at innerInvokeEventListeners 
(node_modules/jsdom/lib/jsdom/living/events/EventTarget-impl.js:350:25)
      at invokeEventListeners 
(node_modules/jsdom/lib/jsdom/living/events/EventTarget-impl.js:286:3)
      at HTMLInputElementImpl._dispatch 
(node_modules/jsdom/lib/jsdom/living/events/EventTarget-impl.js:233:9)
      at HTMLInputElementImpl.dispatchEvent 
(node_modules/jsdom/lib/jsdom/living/events/EventTarget-impl.js:104:17)
      at HTMLInputElement.dispatchEvent 
(node_modules/jsdom/lib/jsdom/living/generated/EventTarget.js:241:34)
      at 
node_modules/@testing-library/user-event/dist/cjs/event/dispatchEvent.js:45:43
      at Object.eventWrapper 
(node_modules/@testing-library/dom/dist/config.js:25:23)
      at Object.wrapEvent 
(node_modules/@testing-library/user-event/dist/cjs/event/wrapEvent.js:6:28)
      at Object.dispatchEvent (node_modules/@testing-library/user-event/dist/cj
s/event/dispatchEvent.js:45:22)
      at Object.dispatchUIEvent (node_modules/@testing-library/user-event/dist/
cjs/event/dispatchEvent.js:22:26)
      at commitInput 
(node_modules/@testing-library/user-event/dist/cjs/event/input.js:145:14)
      at editInputElement 
(node_modules/@testing-library/user-event/dist/cjs/event/input.js:115:9)
      at Object.input 
(node_modules/@testing-library/user-event/dist/cjs/event/input.js:37:9)
      at node_modules/@testing-library/user-event/dist/cjs/event/behavior/keypr
ess.js:31:26
      at Object.dispatchEvent (node_modules/@testing-library/user-event/dist/cj
s/event/dispatchEvent.js:41:13)
      at Object.dispatchUIEvent (node_modules/@testing-library/user-event/dist/
cjs/event/dispatchEvent.js:22:26)
      at KeyboardHost.keydown 
(node_modules/@testing-library/user-event/dist/cjs/system/keyboard.js:76:22)
      at keyboardAction 
(node_modules/@testing-library/user-event/dist/cjs/keyboard/index.js:22:35)
      at Object.keyboard 
(node_modules/@testing-library/user-event/dist/cjs/keyboard/index.js:11:15)
      at Object.type 
(node_modules/@testing-library/user-event/dist/cjs/utility/type.js:17:5)
      at Object.<anonymous> 
(src/binding-authorities/__tests__/binding-authorities.test.tsx:1994:9)

    console.error
      Warning: An update to BordereauConfigModal inside a test was not wrapped 
in act(...).
      
      When testing, code that causes React state updates should be wrapped 
into act(...):
      
      act(() => {
        /* fire events that update state */
      });
      /* assert on the output */
      
      This ensures that you're testing the behavior the user would see in the 
browser. Learn more at https://reactjs.org/link/wrap-tests-with-act
          at BordereauConfigModal (C:\Users\samhe\OneDrive\Desktop\Cleaned\fron
tend\src\binding-authorities\BordereauConfigModal\BordereauConfigModal.tsx:217:
5)

      372 |                                     type="text"
      373 |                                     value={name}
    > 374 |                                     onChange={e => 
setName(e.target.value)}
          |                                                    ^
      375 |                                     placeholder="e.g. Q1 2025 Risk 
Bordereau"
      376 |                                     className="border 
border-gray-300 rounded px-3 py-2 text-sm w-full"
      377 |                                     autoFocus

      at printWarning 
(node_modules/react-dom/cjs/react-dom.development.js:86:30)
      at error (node_modules/react-dom/cjs/react-dom.development.js:60:7)
      at warnIfUpdatesNotWrappedWithActDEV 
(node_modules/react-dom/cjs/react-dom.development.js:27628:9)
      at scheduleUpdateOnFiber 
(node_modules/react-dom/cjs/react-dom.development.js:25547:5)
      at dispatchSetState 
(node_modules/react-dom/cjs/react-dom.development.js:16708:7)
      at onChange 
(src/binding-authorities/BordereauConfigModal/BordereauConfigModal.tsx:374:52)
      at HTMLUnknownElement.callCallback 
(node_modules/react-dom/cjs/react-dom.development.js:4164:14)
      at HTMLUnknownElement.callTheUserObjectsOperation 
(node_modules/jsdom/lib/jsdom/living/generated/EventListener.js:26:30)
      at innerInvokeEventListeners 
(node_modules/jsdom/lib/jsdom/living/events/EventTarget-impl.js:350:25)
      at invokeEventListeners 
(node_modules/jsdom/lib/jsdom/living/events/EventTarget-impl.js:286:3)
      at HTMLUnknownElementImpl._dispatch 
(node_modules/jsdom/lib/jsdom/living/events/EventTarget-impl.js:233:9)
      at HTMLUnknownElementImpl.dispatchEvent 
(node_modules/jsdom/lib/jsdom/living/events/EventTarget-impl.js:104:17)
      at HTMLUnknownElement.dispatchEvent 
(node_modules/jsdom/lib/jsdom/living/generated/EventTarget.js:241:34)
      at Object.invokeGuardedCallbackDev 
(node_modules/react-dom/cjs/react-dom.development.js:4213:16)
      at invokeGuardedCallback 
(node_modules/react-dom/cjs/react-dom.development.js:4277:31)
      at invokeGuardedCallbackAndCatchFirstError 
(node_modules/react-dom/cjs/react-dom.development.js:4291:25)
      at executeDispatch 
(node_modules/react-dom/cjs/react-dom.development.js:9041:3)
      at processDispatchQueueItemsInOrder 
(node_modules/react-dom/cjs/react-dom.development.js:9073:7)
      at processDispatchQueue 
(node_modules/react-dom/cjs/react-dom.development.js:9086:5)
      at dispatchEventsForPlugins 
(node_modules/react-dom/cjs/react-dom.development.js:9097:3)
      at node_modules/react-dom/cjs/react-dom.development.js:9288:12
      at batchedUpdates$1 
(node_modules/react-dom/cjs/react-dom.development.js:26179:12)
      at batchedUpdates 
(node_modules/react-dom/cjs/react-dom.development.js:3991:12)
      at dispatchEventForPluginEventSystem 
(node_modules/react-dom/cjs/react-dom.development.js:9287:3)
      at dispatchEventWithEnableCapturePhaseSelectiveHydrationWithoutDiscreteEv
entReplay (node_modules/react-dom/cjs/react-dom.development.js:6465:5)
      at dispatchEvent 
(node_modules/react-dom/cjs/react-dom.development.js:6457:5)
      at dispatchDiscreteEvent 
(node_modules/react-dom/cjs/react-dom.development.js:6430:5)
      at HTMLDivElement.callTheUserObjectsOperation 
(node_modules/jsdom/lib/jsdom/living/generated/EventListener.js:26:30)
      at innerInvokeEventListeners 
(node_modules/jsdom/lib/jsdom/living/events/EventTarget-impl.js:350:25)
      at invokeEventListeners 
(node_modules/jsdom/lib/jsdom/living/events/EventTarget-impl.js:286:3)
      at HTMLInputElementImpl._dispatch 
(node_modules/jsdom/lib/jsdom/living/events/EventTarget-impl.js:233:9)
      at HTMLInputElementImpl.dispatchEvent 
(node_modules/jsdom/lib/jsdom/living/events/EventTarget-impl.js:104:17)
      at HTMLInputElement.dispatchEvent 
(node_modules/jsdom/lib/jsdom/living/generated/EventTarget.js:241:34)
      at 
node_modules/@testing-library/user-event/dist/cjs/event/dispatchEvent.js:45:43
      at Object.eventWrapper 
(node_modules/@testing-library/dom/dist/config.js:25:23)
      at Object.wrapEvent 
(node_modules/@testing-library/user-event/dist/cjs/event/wrapEvent.js:6:28)
      at Object.dispatchEvent (node_modules/@testing-library/user-event/dist/cj
s/event/dispatchEvent.js:45:22)
      at Object.dispatchUIEvent (node_modules/@testing-library/user-event/dist/
cjs/event/dispatchEvent.js:22:26)
      at commitInput 
(node_modules/@testing-library/user-event/dist/cjs/event/input.js:145:14)
      at editInputElement 
(node_modules/@testing-library/user-event/dist/cjs/event/input.js:115:9)
      at Object.input 
(node_modules/@testing-library/user-event/dist/cjs/event/input.js:37:9)
      at node_modules/@testing-library/user-event/dist/cjs/event/behavior/keypr
ess.js:31:26
      at Object.dispatchEvent (node_modules/@testing-library/user-event/dist/cj
s/event/dispatchEvent.js:41:13)
      at Object.dispatchUIEvent (node_modules/@testing-library/user-event/dist/
cjs/event/dispatchEvent.js:22:26)
      at KeyboardHost.keydown 
(node_modules/@testing-library/user-event/dist/cjs/system/keyboard.js:76:22)
      at keyboardAction 
(node_modules/@testing-library/user-event/dist/cjs/keyboard/index.js:22:35)
      at Object.keyboard 
(node_modules/@testing-library/user-event/dist/cjs/keyboard/index.js:11:15)
      at Object.type 
(node_modules/@testing-library/user-event/dist/cjs/utility/type.js:17:5)
      at Object.<anonymous> 
(src/binding-authorities/__tests__/binding-authorities.test.tsx:1994:9)

    console.error
      Warning: An update to BordereauConfigModal inside a test was not wrapped 
in act(...).
      
      When testing, code that causes React state updates should be wrapped 
into act(...):
      
      act(() => {
        /* fire events that update state */
      });
      /* assert on the output */
      
      This ensures that you're testing the behavior the user would see in the 
browser. Learn more at https://reactjs.org/link/wrap-tests-with-act
          at BordereauConfigModal (C:\Users\samhe\OneDrive\Desktop\Cleaned\fron
tend\src\binding-authorities\BordereauConfigModal\BordereauConfigModal.tsx:217:
5)

      616 |                             className="btn btn-primary"
      617 |                             disabled={step === 'setup' && 
name.trim() === ''}
    > 618 |                             onClick={() => setStep(STEPS[stepIndex 
+ 1].key)}
          |                                            ^
      619 |                         >
      620 |                             Next
      621 |                         </button>

      at printWarning 
(node_modules/react-dom/cjs/react-dom.development.js:86:30)
      at error (node_modules/react-dom/cjs/react-dom.development.js:60:7)
      at warnIfUpdatesNotWrappedWithActDEV 
(node_modules/react-dom/cjs/react-dom.development.js:27628:9)
      at scheduleUpdateOnFiber 
(node_modules/react-dom/cjs/react-dom.development.js:25547:5)
      at dispatchSetState 
(node_modules/react-dom/cjs/react-dom.development.js:16708:7)
      at onClick 
(src/binding-authorities/BordereauConfigModal/BordereauConfigModal.tsx:618:44)
      at HTMLUnknownElement.callCallback 
(node_modules/react-dom/cjs/react-dom.development.js:4164:14)
      at HTMLUnknownElement.callTheUserObjectsOperation 
(node_modules/jsdom/lib/jsdom/living/generated/EventListener.js:26:30)
      at innerInvokeEventListeners 
(node_modules/jsdom/lib/jsdom/living/events/EventTarget-impl.js:350:25)
      at invokeEventListeners 
(node_modules/jsdom/lib/jsdom/living/events/EventTarget-impl.js:286:3)
      at HTMLUnknownElementImpl._dispatch 
(node_modules/jsdom/lib/jsdom/living/events/EventTarget-impl.js:233:9)
      at HTMLUnknownElementImpl.dispatchEvent 
(node_modules/jsdom/lib/jsdom/living/events/EventTarget-impl.js:104:17)
      at HTMLUnknownElement.dispatchEvent 
(node_modules/jsdom/lib/jsdom/living/generated/EventTarget.js:241:34)
      at Object.invokeGuardedCallbackDev 
(node_modules/react-dom/cjs/react-dom.development.js:4213:16)
      at invokeGuardedCallback 
(node_modules/react-dom/cjs/react-dom.development.js:4277:31)
      at invokeGuardedCallbackAndCatchFirstError 
(node_modules/react-dom/cjs/react-dom.development.js:4291:25)
      at executeDispatch 
(node_modules/react-dom/cjs/react-dom.development.js:9041:3)
      at processDispatchQueueItemsInOrder 
(node_modules/react-dom/cjs/react-dom.development.js:9073:7)
      at processDispatchQueue 
(node_modules/react-dom/cjs/react-dom.development.js:9086:5)
      at dispatchEventsForPlugins 
(node_modules/react-dom/cjs/react-dom.development.js:9097:3)
      at node_modules/react-dom/cjs/react-dom.development.js:9288:12
      at batchedUpdates$1 
(node_modules/react-dom/cjs/react-dom.development.js:26179:12)
      at batchedUpdates 
(node_modules/react-dom/cjs/react-dom.development.js:3991:12)
      at dispatchEventForPluginEventSystem 
(node_modules/react-dom/cjs/react-dom.development.js:9287:3)
      at dispatchEventWithEnableCapturePhaseSelectiveHydrationWithoutDiscreteEv
entReplay (node_modules/react-dom/cjs/react-dom.development.js:6465:5)
      at dispatchEvent 
(node_modules/react-dom/cjs/react-dom.development.js:6457:5)
      at dispatchDiscreteEvent 
(node_modules/react-dom/cjs/react-dom.development.js:6430:5)
      at HTMLDivElement.callTheUserObjectsOperation 
(node_modules/jsdom/lib/jsdom/living/generated/EventListener.js:26:30)
      at innerInvokeEventListeners 
(node_modules/jsdom/lib/jsdom/living/events/EventTarget-impl.js:350:25)
      at invokeEventListeners 
(node_modules/jsdom/lib/jsdom/living/events/EventTarget-impl.js:286:3)
      at HTMLButtonElementImpl._dispatch 
(node_modules/jsdom/lib/jsdom/living/events/EventTarget-impl.js:233:9)
      at HTMLButtonElementImpl.dispatchEvent 
(node_modules/jsdom/lib/jsdom/living/events/EventTarget-impl.js:104:17)
      at HTMLButtonElement.dispatchEvent 
(node_modules/jsdom/lib/jsdom/living/generated/EventTarget.js:241:34)
      at 
node_modules/@testing-library/user-event/dist/cjs/event/dispatchEvent.js:45:43
      at Object.eventWrapper 
(node_modules/@testing-library/dom/dist/config.js:25:23)
      at Object.wrapEvent 
(node_modules/@testing-library/user-event/dist/cjs/event/wrapEvent.js:6:28)
      at Object.dispatchEvent (node_modules/@testing-library/user-event/dist/cj
s/event/dispatchEvent.js:45:22)
      at Object.dispatchUIEvent (node_modules/@testing-library/user-event/dist/
cjs/event/dispatchEvent.js:22:26)
      at Mouse.up (node_modules/@testing-library/user-event/dist/cjs/system/poi
nter/mouse.js:100:30)
      at PointerHost.release (node_modules/@testing-library/user-event/dist/cjs
/system/pointer/index.js:87:24)
      at pointerAction 
(node_modules/@testing-library/user-event/dist/cjs/pointer/index.js:54:47)
      at Object.pointer 
(node_modules/@testing-library/user-event/dist/cjs/pointer/index.js:27:9)
      at Object.<anonymous> 
(src/binding-authorities/__tests__/binding-authorities.test.tsx:1996:9)

    console.error
      Warning: An update to BordereauConfigModal inside a test was not wrapped 
in act(...).
      
      When testing, code that causes React state updates should be wrapped 
into act(...):
      
      act(() => {
        /* fire events that update state */
      });
      /* assert on the output */
      
      This ensures that you're testing the behavior the user would see in the 
browser. Learn more at https://reactjs.org/link/wrap-tests-with-act
          at BordereauConfigModal (C:\Users\samhe\OneDrive\Desktop\Cleaned\fron
tend\src\binding-authorities\BordereauConfigModal\BordereauConfigModal.tsx:217:
5)

      616 |                             className="btn btn-primary"
      617 |                             disabled={step === 'setup' && 
name.trim() === ''}
    > 618 |                             onClick={() => setStep(STEPS[stepIndex 
+ 1].key)}
          |                                            ^
      619 |                         >
      620 |                             Next
      621 |                         </button>

      at printWarning 
(node_modules/react-dom/cjs/react-dom.development.js:86:30)
      at error (node_modules/react-dom/cjs/react-dom.development.js:60:7)
      at warnIfUpdatesNotWrappedWithActDEV 
(node_modules/react-dom/cjs/react-dom.development.js:27628:9)
      at scheduleUpdateOnFiber 
(node_modules/react-dom/cjs/react-dom.development.js:25547:5)
      at dispatchSetState 
(node_modules/react-dom/cjs/react-dom.development.js:16708:7)
      at onClick 
(src/binding-authorities/BordereauConfigModal/BordereauConfigModal.tsx:618:44)
      at HTMLUnknownElement.callCallback 
(node_modules/react-dom/cjs/react-dom.development.js:4164:14)
      at HTMLUnknownElement.callTheUserObjectsOperation 
(node_modules/jsdom/lib/jsdom/living/generated/EventListener.js:26:30)
      at innerInvokeEventListeners 
(node_modules/jsdom/lib/jsdom/living/events/EventTarget-impl.js:350:25)
      at invokeEventListeners 
(node_modules/jsdom/lib/jsdom/living/events/EventTarget-impl.js:286:3)
      at HTMLUnknownElementImpl._dispatch 
(node_modules/jsdom/lib/jsdom/living/events/EventTarget-impl.js:233:9)
      at HTMLUnknownElementImpl.dispatchEvent 
(node_modules/jsdom/lib/jsdom/living/events/EventTarget-impl.js:104:17)
      at HTMLUnknownElement.dispatchEvent 
(node_modules/jsdom/lib/jsdom/living/generated/EventTarget.js:241:34)
      at Object.invokeGuardedCallbackDev 
(node_modules/react-dom/cjs/react-dom.development.js:4213:16)
      at invokeGuardedCallback 
(node_modules/react-dom/cjs/react-dom.development.js:4277:31)
      at invokeGuardedCallbackAndCatchFirstError 
(node_modules/react-dom/cjs/react-dom.development.js:4291:25)
      at executeDispatch 
(node_modules/react-dom/cjs/react-dom.development.js:9041:3)
      at processDispatchQueueItemsInOrder 
(node_modules/react-dom/cjs/react-dom.development.js:9073:7)
      at processDispatchQueue 
(node_modules/react-dom/cjs/react-dom.development.js:9086:5)
      at dispatchEventsForPlugins 
(node_modules/react-dom/cjs/react-dom.development.js:9097:3)
      at node_modules/react-dom/cjs/react-dom.development.js:9288:12
      at batchedUpdates$1 
(node_modules/react-dom/cjs/react-dom.development.js:26179:12)
      at batchedUpdates 
(node_modules/react-dom/cjs/react-dom.development.js:3991:12)
      at dispatchEventForPluginEventSystem 
(node_modules/react-dom/cjs/react-dom.development.js:9287:3)
      at dispatchEventWithEnableCapturePhaseSelectiveHydrationWithoutDiscreteEv
entReplay (node_modules/react-dom/cjs/react-dom.development.js:6465:5)
      at dispatchEvent 
(node_modules/react-dom/cjs/react-dom.development.js:6457:5)
      at dispatchDiscreteEvent 
(node_modules/react-dom/cjs/react-dom.development.js:6430:5)
      at HTMLDivElement.callTheUserObjectsOperation 
(node_modules/jsdom/lib/jsdom/living/generated/EventListener.js:26:30)
      at innerInvokeEventListeners 
(node_modules/jsdom/lib/jsdom/living/events/EventTarget-impl.js:350:25)
      at invokeEventListeners 
(node_modules/jsdom/lib/jsdom/living/events/EventTarget-impl.js:286:3)
      at HTMLButtonElementImpl._dispatch 
(node_modules/jsdom/lib/jsdom/living/events/EventTarget-impl.js:233:9)
      at HTMLButtonElementImpl.dispatchEvent 
(node_modules/jsdom/lib/jsdom/living/events/EventTarget-impl.js:104:17)
      at HTMLButtonElement.dispatchEvent 
(node_modules/jsdom/lib/jsdom/living/generated/EventTarget.js:241:34)
      at 
node_modules/@testing-library/user-event/dist/cjs/event/dispatchEvent.js:45:43
      at Object.eventWrapper 
(node_modules/@testing-library/dom/dist/config.js:25:23)
      at Object.wrapEvent 
(node_modules/@testing-library/user-event/dist/cjs/event/wrapEvent.js:6:28)
      at Object.dispatchEvent (node_modules/@testing-library/user-event/dist/cj
s/event/dispatchEvent.js:45:22)
      at Object.dispatchUIEvent (node_modules/@testing-library/user-event/dist/
cjs/event/dispatchEvent.js:22:26)
      at Mouse.up (node_modules/@testing-library/user-event/dist/cjs/system/poi
nter/mouse.js:100:30)
      at PointerHost.release (node_modules/@testing-library/user-event/dist/cjs
/system/pointer/index.js:87:24)
      at pointerAction 
(node_modules/@testing-library/user-event/dist/cjs/pointer/index.js:54:47)
      at Object.pointer 
(node_modules/@testing-library/user-event/dist/cjs/pointer/index.js:27:9)
      at Object.<anonymous> 
(src/binding-authorities/__tests__/binding-authorities.test.tsx:1998:9)

    console.error
      Warning: An update to BAViewPage inside a test was not wrapped in 
act(...).
      
      When testing, code that causes React state updates should be wrapped 
into act(...):
      
      act(() => {
        /* fire events that update state */
      });
      /* assert on the output */
      
      This ensures that you're testing the behavior the user would see in the 
browser. Learn more at https://reactjs.org/link/wrap-tests-with-act
          at BAViewPage (C:\Users\samhe\OneDrive\Desktop\Cleaned\frontend\src\b
inding-authorities\BAViewPage\BAViewPage.tsx:104:29)
          at routeContext (C:\Users\samhe\OneDrive\Desktop\Cleaned\frontend\nod
e_modules\react-router\lib\hooks.tsx:658:26)
          at children (C:\Users\samhe\OneDrive\Desktop\Cleaned\frontend\node_mo
dules\react-router\lib\components.tsx:512:3)
          at basenameProp (C:\Users\samhe\OneDrive\Desktop\Cleaned\frontend\nod
e_modules\react-router\lib\components.tsx:421:13)
          at basename (C:\Users\samhe\OneDrive\Desktop\Cleaned\frontend\node_mo
dules\react-router\lib\components.tsx:225:3)

      1002 |                                 key={tab.key}
      1003 |                                 type="button"
    > 1004 |                                 onClick={() => 
setActiveTab(tab.key)}
           |                                                ^
      1005 |                                 className={`px-4 py-2 text-sm 
font-medium whitespace-nowrap border-b-2 ${activeTab === tab.key
      1006 |                                     ? 'border-brand-600 
text-brand-600'
      1007 |                                     : 'border-transparent 
text-gray-500 hover:text-gray-700'}`}

      at printWarning 
(node_modules/react-dom/cjs/react-dom.development.js:86:30)
      at error (node_modules/react-dom/cjs/react-dom.development.js:60:7)
      at warnIfUpdatesNotWrappedWithActDEV 
(node_modules/react-dom/cjs/react-dom.development.js:27628:9)
      at scheduleUpdateOnFiber 
(node_modules/react-dom/cjs/react-dom.development.js:25547:5)
      at dispatchSetState 
(node_modules/react-dom/cjs/react-dom.development.js:16708:7)
      at onClick (src/binding-authorities/BAViewPage/BAViewPage.tsx:1004:48)
      at HTMLUnknownElement.callCallback 
(node_modules/react-dom/cjs/react-dom.development.js:4164:14)
      at HTMLUnknownElement.callTheUserObjectsOperation 
(node_modules/jsdom/lib/jsdom/living/generated/EventListener.js:26:30)
      at innerInvokeEventListeners 
(node_modules/jsdom/lib/jsdom/living/events/EventTarget-impl.js:350:25)
      at invokeEventListeners 
(node_modules/jsdom/lib/jsdom/living/events/EventTarget-impl.js:286:3)
      at HTMLUnknownElementImpl._dispatch 
(node_modules/jsdom/lib/jsdom/living/events/EventTarget-impl.js:233:9)
      at HTMLUnknownElementImpl.dispatchEvent 
(node_modules/jsdom/lib/jsdom/living/events/EventTarget-impl.js:104:17)
      at HTMLUnknownElement.dispatchEvent 
(node_modules/jsdom/lib/jsdom/living/generated/EventTarget.js:241:34)
      at Object.invokeGuardedCallbackDev 
(node_modules/react-dom/cjs/react-dom.development.js:4213:16)
      at invokeGuardedCallback 
(node_modules/react-dom/cjs/react-dom.development.js:4277:31)
      at invokeGuardedCallbackAndCatchFirstError 
(node_modules/react-dom/cjs/react-dom.development.js:4291:25)
      at executeDispatch 
(node_modules/react-dom/cjs/react-dom.development.js:9041:3)
      at processDispatchQueueItemsInOrder 
(node_modules/react-dom/cjs/react-dom.development.js:9073:7)
      at processDispatchQueue 
(node_modules/react-dom/cjs/react-dom.development.js:9086:5)
      at dispatchEventsForPlugins 
(node_modules/react-dom/cjs/react-dom.development.js:9097:3)
      at node_modules/react-dom/cjs/react-dom.development.js:9288:12
      at batchedUpdates$1 
(node_modules/react-dom/cjs/react-dom.development.js:26179:12)
      at batchedUpdates 
(node_modules/react-dom/cjs/react-dom.development.js:3991:12)
      at dispatchEventForPluginEventSystem 
(node_modules/react-dom/cjs/react-dom.development.js:9287:3)
      at dispatchEventWithEnableCapturePhaseSelectiveHydrationWithoutDiscreteEv
entReplay (node_modules/react-dom/cjs/react-dom.development.js:6465:5)
      at dispatchEvent 
(node_modules/react-dom/cjs/react-dom.development.js:6457:5)
      at dispatchDiscreteEvent 
(node_modules/react-dom/cjs/react-dom.development.js:6430:5)
      at HTMLDivElement.callTheUserObjectsOperation 
(node_modules/jsdom/lib/jsdom/living/generated/EventListener.js:26:30)
      at innerInvokeEventListeners 
(node_modules/jsdom/lib/jsdom/living/events/EventTarget-impl.js:350:25)
      at invokeEventListeners 
(node_modules/jsdom/lib/jsdom/living/events/EventTarget-impl.js:286:3)
      at HTMLButtonElementImpl._dispatch 
(node_modules/jsdom/lib/jsdom/living/events/EventTarget-impl.js:233:9)
      at HTMLButtonElementImpl.dispatchEvent 
(node_modules/jsdom/lib/jsdom/living/events/EventTarget-impl.js:104:17)
      at HTMLButtonElement.dispatchEvent 
(node_modules/jsdom/lib/jsdom/living/generated/EventTarget.js:241:34)
      at 
node_modules/@testing-library/user-event/dist/cjs/event/dispatchEvent.js:45:43
      at Object.eventWrapper 
(node_modules/@testing-library/dom/dist/config.js:25:23)
      at Object.wrapEvent 
(node_modules/@testing-library/user-event/dist/cjs/event/wrapEvent.js:6:28)
      at Object.dispatchEvent (node_modules/@testing-library/user-event/dist/cj
s/event/dispatchEvent.js:45:22)
      at Object.dispatchUIEvent (node_modules/@testing-library/user-event/dist/
cjs/event/dispatchEvent.js:22:26)
      at Mouse.up (node_modules/@testing-library/user-event/dist/cjs/system/poi
nter/mouse.js:100:30)
      at PointerHost.release (node_modules/@testing-library/user-event/dist/cjs
/system/pointer/index.js:87:24)
      at pointerAction 
(node_modules/@testing-library/user-event/dist/cjs/pointer/index.js:54:47)
      at Object.pointer 
(node_modules/@testing-library/user-event/dist/cjs/pointer/index.js:27:9)
      at Object.<anonymous> 
(src/binding-authorities/__tests__/binding-authorities.test.tsx:2033:9)

    console.error
      Warning: An update to BAViewPage inside a test was not wrapped in 
act(...).
      
      When testing, code that causes React state updates should be wrapped 
into act(...):
      
      act(() => {
        /* fire events that update state */
      });
      /* assert on the output */
      
      This ensures that you're testing the behavior the user would see in the 
browser. Learn more at https://reactjs.org/link/wrap-tests-with-act
          at BAViewPage (C:\Users\samhe\OneDrive\Desktop\Cleaned\frontend\src\b
inding-authorities\BAViewPage\BAViewPage.tsx:104:29)
          at routeContext (C:\Users\samhe\OneDrive\Desktop\Cleaned\frontend\nod
e_modules\react-router\lib\hooks.tsx:658:26)
          at children (C:\Users\samhe\OneDrive\Desktop\Cleaned\frontend\node_mo
dules\react-router\lib\components.tsx:512:3)
          at basenameProp (C:\Users\samhe\OneDrive\Desktop\Cleaned\frontend\nod
e_modules\react-router\lib\components.tsx:421:13)
          at basename (C:\Users\samhe\OneDrive\Desktop\Cleaned\frontend\node_mo
dules\react-router\lib\components.tsx:225:3)

      1002 |                                 key={tab.key}
      1003 |                                 type="button"
    > 1004 |                                 onClick={() => 
setActiveTab(tab.key)}
           |                                                ^
      1005 |                                 className={`px-4 py-2 text-sm 
font-medium whitespace-nowrap border-b-2 ${activeTab === tab.key
      1006 |                                     ? 'border-brand-600 
text-brand-600'
      1007 |                                     : 'border-transparent 
text-gray-500 hover:text-gray-700'}`}

      at printWarning 
(node_modules/react-dom/cjs/react-dom.development.js:86:30)
      at error (node_modules/react-dom/cjs/react-dom.development.js:60:7)
      at warnIfUpdatesNotWrappedWithActDEV 
(node_modules/react-dom/cjs/react-dom.development.js:27628:9)
      at scheduleUpdateOnFiber 
(node_modules/react-dom/cjs/react-dom.development.js:25547:5)
      at dispatchSetState 
(node_modules/react-dom/cjs/react-dom.development.js:16708:7)
      at onClick (src/binding-authorities/BAViewPage/BAViewPage.tsx:1004:48)
      at HTMLUnknownElement.callCallback 
(node_modules/react-dom/cjs/react-dom.development.js:4164:14)
      at HTMLUnknownElement.callTheUserObjectsOperation 
(node_modules/jsdom/lib/jsdom/living/generated/EventListener.js:26:30)
      at innerInvokeEventListeners 
(node_modules/jsdom/lib/jsdom/living/events/EventTarget-impl.js:350:25)
      at invokeEventListeners 
(node_modules/jsdom/lib/jsdom/living/events/EventTarget-impl.js:286:3)
      at HTMLUnknownElementImpl._dispatch 
(node_modules/jsdom/lib/jsdom/living/events/EventTarget-impl.js:233:9)
      at HTMLUnknownElementImpl.dispatchEvent 
(node_modules/jsdom/lib/jsdom/living/events/EventTarget-impl.js:104:17)
      at HTMLUnknownElement.dispatchEvent 
(node_modules/jsdom/lib/jsdom/living/generated/EventTarget.js:241:34)
      at Object.invokeGuardedCallbackDev 
(node_modules/react-dom/cjs/react-dom.development.js:4213:16)
      at invokeGuardedCallback 
(node_modules/react-dom/cjs/react-dom.development.js:4277:31)
      at invokeGuardedCallbackAndCatchFirstError 
(node_modules/react-dom/cjs/react-dom.development.js:4291:25)
      at executeDispatch 
(node_modules/react-dom/cjs/react-dom.development.js:9041:3)
      at processDispatchQueueItemsInOrder 
(node_modules/react-dom/cjs/react-dom.development.js:9073:7)
      at processDispatchQueue 
(node_modules/react-dom/cjs/react-dom.development.js:9086:5)
      at dispatchEventsForPlugins 
(node_modules/react-dom/cjs/react-dom.development.js:9097:3)
      at node_modules/react-dom/cjs/react-dom.development.js:9288:12
      at batchedUpdates$1 
(node_modules/react-dom/cjs/react-dom.development.js:26179:12)
      at batchedUpdates 
(node_modules/react-dom/cjs/react-dom.development.js:3991:12)
      at dispatchEventForPluginEventSystem 
(node_modules/react-dom/cjs/react-dom.development.js:9287:3)
      at dispatchEventWithEnableCapturePhaseSelectiveHydrationWithoutDiscreteEv
entReplay (node_modules/react-dom/cjs/react-dom.development.js:6465:5)
      at dispatchEvent 
(node_modules/react-dom/cjs/react-dom.development.js:6457:5)
      at dispatchDiscreteEvent 
(node_modules/react-dom/cjs/react-dom.development.js:6430:5)
      at HTMLDivElement.callTheUserObjectsOperation 
(node_modules/jsdom/lib/jsdom/living/generated/EventListener.js:26:30)
      at innerInvokeEventListeners 
(node_modules/jsdom/lib/jsdom/living/events/EventTarget-impl.js:350:25)
      at invokeEventListeners 
(node_modules/jsdom/lib/jsdom/living/events/EventTarget-impl.js:286:3)
      at HTMLButtonElementImpl._dispatch 
(node_modules/jsdom/lib/jsdom/living/events/EventTarget-impl.js:233:9)
      at HTMLButtonElementImpl.dispatchEvent 
(node_modules/jsdom/lib/jsdom/living/events/EventTarget-impl.js:104:17)
      at HTMLButtonElement.dispatchEvent 
(node_modules/jsdom/lib/jsdom/living/generated/EventTarget.js:241:34)
      at 
node_modules/@testing-library/user-event/dist/cjs/event/dispatchEvent.js:45:43
      at Object.eventWrapper 
(node_modules/@testing-library/dom/dist/config.js:25:23)
      at Object.wrapEvent 
(node_modules/@testing-library/user-event/dist/cjs/event/wrapEvent.js:6:28)
      at Object.dispatchEvent (node_modules/@testing-library/user-event/dist/cj
s/event/dispatchEvent.js:45:22)
      at Object.dispatchUIEvent (node_modules/@testing-library/user-event/dist/
cjs/event/dispatchEvent.js:22:26)
      at Mouse.up (node_modules/@testing-library/user-event/dist/cjs/system/poi
nter/mouse.js:100:30)
      at PointerHost.release (node_modules/@testing-library/user-event/dist/cjs
/system/pointer/index.js:87:24)
      at pointerAction 
(node_modules/@testing-library/user-event/dist/cjs/pointer/index.js:54:47)
      at Object.pointer 
(node_modules/@testing-library/user-event/dist/cjs/pointer/index.js:27:9)
      at Object.<anonymous> 
(src/binding-authorities/__tests__/binding-authorities.test.tsx:2044:9)

    console.error
      Warning: An update to BAViewPage inside a test was not wrapped in 
act(...).
      
      When testing, code that causes React state updates should be wrapped 
into act(...):
      
      act(() => {
        /* fire events that update state */
      });
      /* assert on the output */
      
      This ensures that you're testing the behavior the user would see in the 
browser. Learn more at https://reactjs.org/link/wrap-tests-with-act
          at BAViewPage (C:\Users\samhe\OneDrive\Desktop\Cleaned\frontend\src\b
inding-authorities\BAViewPage\BAViewPage.tsx:104:29)
          at routeContext (C:\Users\samhe\OneDrive\Desktop\Cleaned\frontend\nod
e_modules\react-router\lib\hooks.tsx:658:26)
          at children (C:\Users\samhe\OneDrive\Desktop\Cleaned\frontend\node_mo
dules\react-router\lib\components.tsx:512:3)
          at basenameProp (C:\Users\samhe\OneDrive\Desktop\Cleaned\frontend\nod
e_modules\react-router\lib\components.tsx:421:13)
          at basename (C:\Users\samhe\OneDrive\Desktop\Cleaned\frontend\node_mo
dules\react-router\lib\components.tsx:225:3)

      390 |         try {
      391 |             await deleteBordereauConfig(baId, configId)
    > 392 |             setBordereaux(prev => prev.filter(c => c.id !== 
configId))
          |             ^
      393 |         } catch {
      394 |             addNotification('Could not delete bordereau 
configuration.', 'error')
      395 |         }

      at printWarning 
(node_modules/react-dom/cjs/react-dom.development.js:86:30)
      at error (node_modules/react-dom/cjs/react-dom.development.js:60:7)
      at warnIfUpdatesNotWrappedWithActDEV 
(node_modules/react-dom/cjs/react-dom.development.js:27628:9)
      at scheduleUpdateOnFiber 
(node_modules/react-dom/cjs/react-dom.development.js:25547:5)
      at dispatchSetState 
(node_modules/react-dom/cjs/react-dom.development.js:16708:7)
      at handleDeleteBordereauConfig 
(src/binding-authorities/BAViewPage/BAViewPage.tsx:392:13)

    console.error
      Warning: An update to BAViewPage inside a test was not wrapped in 
act(...).
      
      When testing, code that causes React state updates should be wrapped 
into act(...):
      
      act(() => {
        /* fire events that update state */
      });
      /* assert on the output */
      
      This ensures that you're testing the behavior the user would see in the 
browser. Learn more at https://reactjs.org/link/wrap-tests-with-act
          at BAViewPage (C:\Users\samhe\OneDrive\Desktop\Cleaned\frontend\src\b
inding-authorities\BAViewPage\BAViewPage.tsx:104:29)
          at routeContext (C:\Users\samhe\OneDrive\Desktop\Cleaned\frontend\nod
e_modules\react-router\lib\hooks.tsx:658:26)
          at children (C:\Users\samhe\OneDrive\Desktop\Cleaned\frontend\node_mo
dules\react-router\lib\components.tsx:512:3)
          at basenameProp (C:\Users\samhe\OneDrive\Desktop\Cleaned\frontend\nod
e_modules\react-router\lib\components.tsx:421:13)
          at basename (C:\Users\samhe\OneDrive\Desktop\Cleaned\frontend\node_mo
dules\react-router\lib\components.tsx:225:3)

      1002 |                                 key={tab.key}
      1003 |                                 type="button"
    > 1004 |                                 onClick={() => 
setActiveTab(tab.key)}
           |                                                ^
      1005 |                                 className={`px-4 py-2 text-sm 
font-medium whitespace-nowrap border-b-2 ${activeTab === tab.key
      1006 |                                     ? 'border-brand-600 
text-brand-600'
      1007 |                                     : 'border-transparent 
text-gray-500 hover:text-gray-700'}`}

      at printWarning 
(node_modules/react-dom/cjs/react-dom.development.js:86:30)
      at error (node_modules/react-dom/cjs/react-dom.development.js:60:7)
      at warnIfUpdatesNotWrappedWithActDEV 
(node_modules/react-dom/cjs/react-dom.development.js:27628:9)
      at scheduleUpdateOnFiber 
(node_modules/react-dom/cjs/react-dom.development.js:25547:5)
      at dispatchSetState 
(node_modules/react-dom/cjs/react-dom.development.js:16708:7)
      at onClick (src/binding-authorities/BAViewPage/BAViewPage.tsx:1004:48)
      at HTMLUnknownElement.callCallback 
(node_modules/react-dom/cjs/react-dom.development.js:4164:14)
      at HTMLUnknownElement.callTheUserObjectsOperation 
(node_modules/jsdom/lib/jsdom/living/generated/EventListener.js:26:30)
      at innerInvokeEventListeners 
(node_modules/jsdom/lib/jsdom/living/events/EventTarget-impl.js:350:25)
      at invokeEventListeners 
(node_modules/jsdom/lib/jsdom/living/events/EventTarget-impl.js:286:3)
      at HTMLUnknownElementImpl._dispatch 
(node_modules/jsdom/lib/jsdom/living/events/EventTarget-impl.js:233:9)
      at HTMLUnknownElementImpl.dispatchEvent 
(node_modules/jsdom/lib/jsdom/living/events/EventTarget-impl.js:104:17)
      at HTMLUnknownElement.dispatchEvent 
(node_modules/jsdom/lib/jsdom/living/generated/EventTarget.js:241:34)
      at Object.invokeGuardedCallbackDev 
(node_modules/react-dom/cjs/react-dom.development.js:4213:16)
      at invokeGuardedCallback 
(node_modules/react-dom/cjs/react-dom.development.js:4277:31)
      at invokeGuardedCallbackAndCatchFirstError 
(node_modules/react-dom/cjs/react-dom.development.js:4291:25)
      at executeDispatch 
(node_modules/react-dom/cjs/react-dom.development.js:9041:3)
      at processDispatchQueueItemsInOrder 
(node_modules/react-dom/cjs/react-dom.development.js:9073:7)
      at processDispatchQueue 
(node_modules/react-dom/cjs/react-dom.development.js:9086:5)
      at dispatchEventsForPlugins 
(node_modules/react-dom/cjs/react-dom.development.js:9097:3)
      at node_modules/react-dom/cjs/react-dom.development.js:9288:12
      at batchedUpdates$1 
(node_modules/react-dom/cjs/react-dom.development.js:26179:12)
      at batchedUpdates 
(node_modules/react-dom/cjs/react-dom.development.js:3991:12)
      at dispatchEventForPluginEventSystem 
(node_modules/react-dom/cjs/react-dom.development.js:9287:3)
      at dispatchEventWithEnableCapturePhaseSelectiveHydrationWithoutDiscreteEv
entReplay (node_modules/react-dom/cjs/react-dom.development.js:6465:5)
      at dispatchEvent 
(node_modules/react-dom/cjs/react-dom.development.js:6457:5)
      at dispatchDiscreteEvent 
(node_modules/react-dom/cjs/react-dom.development.js:6430:5)
      at HTMLDivElement.callTheUserObjectsOperation 
(node_modules/jsdom/lib/jsdom/living/generated/EventListener.js:26:30)
      at innerInvokeEventListeners 
(node_modules/jsdom/lib/jsdom/living/events/EventTarget-impl.js:350:25)
      at invokeEventListeners 
(node_modules/jsdom/lib/jsdom/living/events/EventTarget-impl.js:286:3)
      at HTMLButtonElementImpl._dispatch 
(node_modules/jsdom/lib/jsdom/living/events/EventTarget-impl.js:233:9)
      at HTMLButtonElementImpl.dispatchEvent 
(node_modules/jsdom/lib/jsdom/living/events/EventTarget-impl.js:104:17)
      at HTMLButtonElement.dispatchEvent 
(node_modules/jsdom/lib/jsdom/living/generated/EventTarget.js:241:34)
      at 
node_modules/@testing-library/user-event/dist/cjs/event/dispatchEvent.js:45:43
      at Object.eventWrapper 
(node_modules/@testing-library/dom/dist/config.js:25:23)
      at Object.wrapEvent 
(node_modules/@testing-library/user-event/dist/cjs/event/wrapEvent.js:6:28)
      at Object.dispatchEvent (node_modules/@testing-library/user-event/dist/cj
s/event/dispatchEvent.js:45:22)
      at Object.dispatchUIEvent (node_modules/@testing-library/user-event/dist/
cjs/event/dispatchEvent.js:22:26)
      at Mouse.up (node_modules/@testing-library/user-event/dist/cjs/system/poi
nter/mouse.js:100:30)
      at PointerHost.release (node_modules/@testing-library/user-event/dist/cjs
/system/pointer/index.js:87:24)
      at pointerAction 
(node_modules/@testing-library/user-event/dist/cjs/pointer/index.js:54:47)
      at Object.pointer 
(node_modules/@testing-library/user-event/dist/cjs/pointer/index.js:27:9)
      at Object.<anonymous> 
(src/binding-authorities/__tests__/binding-authorities.test.tsx:2072:9)

    console.error
      Warning: An update to MemoryRouter inside a test was not wrapped in 
act(...).
      
      When testing, code that causes React state updates should be wrapped 
into act(...):
      
      act(() => {
        /* fire events that update state */
      });
      /* assert on the output */
      
      This ensures that you're testing the behavior the user would see in the 
browser. Learn more at https://reactjs.org/link/wrap-tests-with-act
          at basename (C:\Users\samhe\OneDrive\Desktop\Cleaned\frontend\node_mo
dules\react-router\lib\components.tsx:225:3)

      787 |                         title="Run bordereau"
      788 |                         className="p-1 text-green-600 
hover:text-green-800"
    > 789 |                         onClick={e => { e.stopPropagation(); 
navigate(`/binding-authorities/${baId}/bordereaux/${cfg.id}/run`, { state: { 
config: cfg } }) }}
          |                                                              ^
      790 |                     >
      791 |                         <FiPlay size={14} />
      792 |                     </button>

      at printWarning 
(node_modules/react-dom/cjs/react-dom.development.js:86:30)
      at error (node_modules/react-dom/cjs/react-dom.development.js:60:7)
      at warnIfUpdatesNotWrappedWithActDEV 
(node_modules/react-dom/cjs/react-dom.development.js:27628:9)
      at scheduleUpdateOnFiber 
(node_modules/react-dom/cjs/react-dom.development.js:25547:5)
      at dispatchSetState 
(node_modules/react-dom/cjs/react-dom.development.js:16708:7)
      at setStateImpl (node_modules/react-router/lib/components.tsx:250:11)
      at listener (node_modules/@remix-run/router/history.ts:306:9)
      at node_modules/react-router/lib/hooks.tsx:243:62
      at onClick (src/binding-authorities/BAViewPage/BAViewPage.tsx:789:62)
      at HTMLUnknownElement.callCallback 
(node_modules/react-dom/cjs/react-dom.development.js:4164:14)
      at HTMLUnknownElement.callTheUserObjectsOperation 
(node_modules/jsdom/lib/jsdom/living/generated/EventListener.js:26:30)
      at innerInvokeEventListeners 
(node_modules/jsdom/lib/jsdom/living/events/EventTarget-impl.js:350:25)
      at invokeEventListeners 
(node_modules/jsdom/lib/jsdom/living/events/EventTarget-impl.js:286:3)
      at HTMLUnknownElementImpl._dispatch 
(node_modules/jsdom/lib/jsdom/living/events/EventTarget-impl.js:233:9)
      at HTMLUnknownElementImpl.dispatchEvent 
(node_modules/jsdom/lib/jsdom/living/events/EventTarget-impl.js:104:17)
      at HTMLUnknownElement.dispatchEvent 
(node_modules/jsdom/lib/jsdom/living/generated/EventTarget.js:241:34)
      at Object.invokeGuardedCallbackDev 
(node_modules/react-dom/cjs/react-dom.development.js:4213:16)
      at invokeGuardedCallback 
(node_modules/react-dom/cjs/react-dom.development.js:4277:31)
      at invokeGuardedCallbackAndCatchFirstError 
(node_modules/react-dom/cjs/react-dom.development.js:4291:25)
      at executeDispatch 
(node_modules/react-dom/cjs/react-dom.development.js:9041:3)
      at processDispatchQueueItemsInOrder 
(node_modules/react-dom/cjs/react-dom.development.js:9073:7)
      at processDispatchQueue 
(node_modules/react-dom/cjs/react-dom.development.js:9086:5)
      at dispatchEventsForPlugins 
(node_modules/react-dom/cjs/react-dom.development.js:9097:3)
      at node_modules/react-dom/cjs/react-dom.development.js:9288:12
      at batchedUpdates$1 
(node_modules/react-dom/cjs/react-dom.development.js:26179:12)
      at batchedUpdates 
(node_modules/react-dom/cjs/react-dom.development.js:3991:12)
      at dispatchEventForPluginEventSystem 
(node_modules/react-dom/cjs/react-dom.development.js:9287:3)
      at dispatchEventWithEnableCapturePhaseSelectiveHydrationWithoutDiscreteEv
entReplay (node_modules/react-dom/cjs/react-dom.development.js:6465:5)
      at dispatchEvent 
(node_modules/react-dom/cjs/react-dom.development.js:6457:5)
      at dispatchDiscreteEvent 
(node_modules/react-dom/cjs/react-dom.development.js:6430:5)
      at HTMLDivElement.callTheUserObjectsOperation 
(node_modules/jsdom/lib/jsdom/living/generated/EventListener.js:26:30)
      at innerInvokeEventListeners 
(node_modules/jsdom/lib/jsdom/living/events/EventTarget-impl.js:350:25)
      at invokeEventListeners 
(node_modules/jsdom/lib/jsdom/living/events/EventTarget-impl.js:286:3)
      at HTMLButtonElementImpl._dispatch 
(node_modules/jsdom/lib/jsdom/living/events/EventTarget-impl.js:233:9)
      at HTMLButtonElementImpl.dispatchEvent 
(node_modules/jsdom/lib/jsdom/living/events/EventTarget-impl.js:104:17)
      at HTMLButtonElement.dispatchEvent 
(node_modules/jsdom/lib/jsdom/living/generated/EventTarget.js:241:34)
      at 
node_modules/@testing-library/user-event/dist/cjs/event/dispatchEvent.js:45:43
      at Object.eventWrapper 
(node_modules/@testing-library/dom/dist/config.js:25:23)
      at Object.wrapEvent 
(node_modules/@testing-library/user-event/dist/cjs/event/wrapEvent.js:6:28)
      at Object.dispatchEvent (node_modules/@testing-library/user-event/dist/cj
s/event/dispatchEvent.js:45:22)
      at Object.dispatchUIEvent (node_modules/@testing-library/user-event/dist/
cjs/event/dispatchEvent.js:22:26)
      at Mouse.up (node_modules/@testing-library/user-event/dist/cjs/system/poi
nter/mouse.js:100:30)
      at PointerHost.release (node_modules/@testing-library/user-event/dist/cjs
/system/pointer/index.js:87:24)
      at pointerAction 
(node_modules/@testing-library/user-event/dist/cjs/pointer/index.js:54:47)
      at Object.pointer 
(node_modules/@testing-library/user-event/dist/cjs/pointer/index.js:27:9)
      at Object.<anonymous> 
(src/binding-authorities/__tests__/binding-authorities.test.tsx:2074:9)

    console.error
      Warning: An update to BAViewPage inside a test was not wrapped in 
act(...).
      
      When testing, code that causes React state updates should be wrapped 
into act(...):
      
      act(() => {
        /* fire events that update state */
      });
      /* assert on the output */
      
      This ensures that you're testing the behavior the user would see in the 
browser. Learn more at https://reactjs.org/link/wrap-tests-with-act
          at BAViewPage (C:\Users\samhe\OneDrive\Desktop\Cleaned\frontend\src\b
inding-authorities\BAViewPage\BAViewPage.tsx:104:29)
          at routeContext (C:\Users\samhe\OneDrive\Desktop\Cleaned\frontend\nod
e_modules\react-router\lib\hooks.tsx:658:26)
          at children (C:\Users\samhe\OneDrive\Desktop\Cleaned\frontend\node_mo
dules\react-router\lib\components.tsx:512:3)
          at basenameProp (C:\Users\samhe\OneDrive\Desktop\Cleaned\frontend\nod
e_modules\react-router\lib\components.tsx:421:13)
          at basename (C:\Users\samhe\OneDrive\Desktop\Cleaned\frontend\node_mo
dules\react-router\lib\components.tsx:225:3)

      1002 |                                 key={tab.key}
      1003 |                                 type="button"
    > 1004 |                                 onClick={() => 
setActiveTab(tab.key)}
           |                                                ^
      1005 |                                 className={`px-4 py-2 text-sm 
font-medium whitespace-nowrap border-b-2 ${activeTab === tab.key
      1006 |                                     ? 'border-brand-600 
text-brand-600'
      1007 |                                     : 'border-transparent 
text-gray-500 hover:text-gray-700'}`}

      at printWarning 
(node_modules/react-dom/cjs/react-dom.development.js:86:30)
      at error (node_modules/react-dom/cjs/react-dom.development.js:60:7)
      at warnIfUpdatesNotWrappedWithActDEV 
(node_modules/react-dom/cjs/react-dom.development.js:27628:9)
      at scheduleUpdateOnFiber 
(node_modules/react-dom/cjs/react-dom.development.js:25547:5)
      at dispatchSetState 
(node_modules/react-dom/cjs/react-dom.development.js:16708:7)
      at onClick (src/binding-authorities/BAViewPage/BAViewPage.tsx:1004:48)
      at HTMLUnknownElement.callCallback 
(node_modules/react-dom/cjs/react-dom.development.js:4164:14)
      at HTMLUnknownElement.callTheUserObjectsOperation 
(node_modules/jsdom/lib/jsdom/living/generated/EventListener.js:26:30)
      at innerInvokeEventListeners 
(node_modules/jsdom/lib/jsdom/living/events/EventTarget-impl.js:350:25)
      at invokeEventListeners 
(node_modules/jsdom/lib/jsdom/living/events/EventTarget-impl.js:286:3)
      at HTMLUnknownElementImpl._dispatch 
(node_modules/jsdom/lib/jsdom/living/events/EventTarget-impl.js:233:9)
      at HTMLUnknownElementImpl.dispatchEvent 
(node_modules/jsdom/lib/jsdom/living/events/EventTarget-impl.js:104:17)
      at HTMLUnknownElement.dispatchEvent 
(node_modules/jsdom/lib/jsdom/living/generated/EventTarget.js:241:34)
      at Object.invokeGuardedCallbackDev 
(node_modules/react-dom/cjs/react-dom.development.js:4213:16)
      at invokeGuardedCallback 
(node_modules/react-dom/cjs/react-dom.development.js:4277:31)
      at invokeGuardedCallbackAndCatchFirstError 
(node_modules/react-dom/cjs/react-dom.development.js:4291:25)
      at executeDispatch 
(node_modules/react-dom/cjs/react-dom.development.js:9041:3)
      at processDispatchQueueItemsInOrder 
(node_modules/react-dom/cjs/react-dom.development.js:9073:7)
      at processDispatchQueue 
(node_modules/react-dom/cjs/react-dom.development.js:9086:5)
      at dispatchEventsForPlugins 
(node_modules/react-dom/cjs/react-dom.development.js:9097:3)
      at node_modules/react-dom/cjs/react-dom.development.js:9288:12
      at batchedUpdates$1 
(node_modules/react-dom/cjs/react-dom.development.js:26179:12)
      at batchedUpdates 
(node_modules/react-dom/cjs/react-dom.development.js:3991:12)
      at dispatchEventForPluginEventSystem 
(node_modules/react-dom/cjs/react-dom.development.js:9287:3)
      at dispatchEventWithEnableCapturePhaseSelectiveHydrationWithoutDiscreteEv
entReplay (node_modules/react-dom/cjs/react-dom.development.js:6465:5)
      at dispatchEvent 
(node_modules/react-dom/cjs/react-dom.development.js:6457:5)
      at dispatchDiscreteEvent 
(node_modules/react-dom/cjs/react-dom.development.js:6430:5)
      at HTMLDivElement.callTheUserObjectsOperation 
(node_modules/jsdom/lib/jsdom/living/generated/EventListener.js:26:30)
      at innerInvokeEventListeners 
(node_modules/jsdom/lib/jsdom/living/events/EventTarget-impl.js:350:25)
      at invokeEventListeners 
(node_modules/jsdom/lib/jsdom/living/events/EventTarget-impl.js:286:3)
      at HTMLButtonElementImpl._dispatch 
(node_modules/jsdom/lib/jsdom/living/events/EventTarget-impl.js:233:9)
      at HTMLButtonElementImpl.dispatchEvent 
(node_modules/jsdom/lib/jsdom/living/events/EventTarget-impl.js:104:17)
      at HTMLButtonElement.dispatchEvent 
(node_modules/jsdom/lib/jsdom/living/generated/EventTarget.js:241:34)
      at 
node_modules/@testing-library/user-event/dist/cjs/event/dispatchEvent.js:45:43
      at Object.eventWrapper 
(node_modules/@testing-library/dom/dist/config.js:25:23)
      at Object.wrapEvent 
(node_modules/@testing-library/user-event/dist/cjs/event/wrapEvent.js:6:28)
      at Object.dispatchEvent (node_modules/@testing-library/user-event/dist/cj
s/event/dispatchEvent.js:45:22)
      at Object.dispatchUIEvent (node_modules/@testing-library/user-event/dist/
cjs/event/dispatchEvent.js:22:26)
      at Mouse.up (node_modules/@testing-library/user-event/dist/cjs/system/poi
nter/mouse.js:100:30)
      at PointerHost.release (node_modules/@testing-library/user-event/dist/cjs
/system/pointer/index.js:87:24)
      at pointerAction 
(node_modules/@testing-library/user-event/dist/cjs/pointer/index.js:54:47)
      at Object.pointer 
(node_modules/@testing-library/user-event/dist/cjs/pointer/index.js:27:9)
      at Object.<anonymous> 
(src/binding-authorities/__tests__/binding-authorities.test.tsx:2081:9)

    console.error
      Warning: An update to MemoryRouter inside a test was not wrapped in 
act(...).
      
      When testing, code that causes React state updates should be wrapped 
into act(...):
      
      act(() => {
        /* fire events that update state */
      });
      /* assert on the output */
      
      This ensures that you're testing the behavior the user would see in the 
browser. Learn more at https://reactjs.org/link/wrap-tests-with-act
          at basename (C:\Users\samhe\OneDrive\Desktop\Cleaned\frontend\node_mo
dules\react-router\lib\components.tsx:225:3)

      787 |                         title="Run bordereau"
      788 |                         className="p-1 text-green-600 
hover:text-green-800"
    > 789 |                         onClick={e => { e.stopPropagation(); 
navigate(`/binding-authorities/${baId}/bordereaux/${cfg.id}/run`, { state: { 
config: cfg } }) }}
          |                                                              ^
      790 |                     >
      791 |                         <FiPlay size={14} />
      792 |                     </button>

      at printWarning 
(node_modules/react-dom/cjs/react-dom.development.js:86:30)
      at error (node_modules/react-dom/cjs/react-dom.development.js:60:7)
      at warnIfUpdatesNotWrappedWithActDEV 
(node_modules/react-dom/cjs/react-dom.development.js:27628:9)
      at scheduleUpdateOnFiber 
(node_modules/react-dom/cjs/react-dom.development.js:25547:5)
      at dispatchSetState 
(node_modules/react-dom/cjs/react-dom.development.js:16708:7)
      at setStateImpl (node_modules/react-router/lib/components.tsx:250:11)
      at listener (node_modules/@remix-run/router/history.ts:306:9)
      at node_modules/react-router/lib/hooks.tsx:243:62
      at onClick (src/binding-authorities/BAViewPage/BAViewPage.tsx:789:62)
      at HTMLUnknownElement.callCallback 
(node_modules/react-dom/cjs/react-dom.development.js:4164:14)
      at HTMLUnknownElement.callTheUserObjectsOperation 
(node_modules/jsdom/lib/jsdom/living/generated/EventListener.js:26:30)
      at innerInvokeEventListeners 
(node_modules/jsdom/lib/jsdom/living/events/EventTarget-impl.js:350:25)
      at invokeEventListeners 
(node_modules/jsdom/lib/jsdom/living/events/EventTarget-impl.js:286:3)
      at HTMLUnknownElementImpl._dispatch 
(node_modules/jsdom/lib/jsdom/living/events/EventTarget-impl.js:233:9)
      at HTMLUnknownElementImpl.dispatchEvent 
(node_modules/jsdom/lib/jsdom/living/events/EventTarget-impl.js:104:17)
      at HTMLUnknownElement.dispatchEvent 
(node_modules/jsdom/lib/jsdom/living/generated/EventTarget.js:241:34)
      at Object.invokeGuardedCallbackDev 
(node_modules/react-dom/cjs/react-dom.development.js:4213:16)
      at invokeGuardedCallback 
(node_modules/react-dom/cjs/react-dom.development.js:4277:31)
      at invokeGuardedCallbackAndCatchFirstError 
(node_modules/react-dom/cjs/react-dom.development.js:4291:25)
      at executeDispatch 
(node_modules/react-dom/cjs/react-dom.development.js:9041:3)
      at processDispatchQueueItemsInOrder 
(node_modules/react-dom/cjs/react-dom.development.js:9073:7)
      at processDispatchQueue 
(node_modules/react-dom/cjs/react-dom.development.js:9086:5)
      at dispatchEventsForPlugins 
(node_modules/react-dom/cjs/react-dom.development.js:9097:3)
      at node_modules/react-dom/cjs/react-dom.development.js:9288:12
      at batchedUpdates$1 
(node_modules/react-dom/cjs/react-dom.development.js:26179:12)
      at batchedUpdates 
(node_modules/react-dom/cjs/react-dom.development.js:3991:12)
      at dispatchEventForPluginEventSystem 
(node_modules/react-dom/cjs/react-dom.development.js:9287:3)
      at dispatchEventWithEnableCapturePhaseSelectiveHydrationWithoutDiscreteEv
entReplay (node_modules/react-dom/cjs/react-dom.development.js:6465:5)
      at dispatchEvent 
(node_modules/react-dom/cjs/react-dom.development.js:6457:5)
      at dispatchDiscreteEvent 
(node_modules/react-dom/cjs/react-dom.development.js:6430:5)
      at HTMLDivElement.callTheUserObjectsOperation 
(node_modules/jsdom/lib/jsdom/living/generated/EventListener.js:26:30)
      at innerInvokeEventListeners 
(node_modules/jsdom/lib/jsdom/living/events/EventTarget-impl.js:350:25)
      at invokeEventListeners 
(node_modules/jsdom/lib/jsdom/living/events/EventTarget-impl.js:286:3)
      at HTMLButtonElementImpl._dispatch 
(node_modules/jsdom/lib/jsdom/living/events/EventTarget-impl.js:233:9)
      at HTMLButtonElementImpl.dispatchEvent 
(node_modules/jsdom/lib/jsdom/living/events/EventTarget-impl.js:104:17)
      at HTMLButtonElement.dispatchEvent 
(node_modules/jsdom/lib/jsdom/living/generated/EventTarget.js:241:34)
      at 
node_modules/@testing-library/user-event/dist/cjs/event/dispatchEvent.js:45:43
      at Object.eventWrapper 
(node_modules/@testing-library/dom/dist/config.js:25:23)
      at Object.wrapEvent 
(node_modules/@testing-library/user-event/dist/cjs/event/wrapEvent.js:6:28)
      at Object.dispatchEvent (node_modules/@testing-library/user-event/dist/cj
s/event/dispatchEvent.js:45:22)
      at Object.dispatchUIEvent (node_modules/@testing-library/user-event/dist/
cjs/event/dispatchEvent.js:22:26)
      at Mouse.up (node_modules/@testing-library/user-event/dist/cjs/system/poi
nter/mouse.js:100:30)
      at PointerHost.release (node_modules/@testing-library/user-event/dist/cjs
/system/pointer/index.js:87:24)
      at pointerAction 
(node_modules/@testing-library/user-event/dist/cjs/pointer/index.js:54:47)
      at Object.pointer 
(node_modules/@testing-library/user-event/dist/cjs/pointer/index.js:27:9)
      at Object.<anonymous> 
(src/binding-authorities/__tests__/binding-authorities.test.tsx:2083:9)

    console.error
      Warning: An update to BAEndorsePage inside a test was not wrapped in 
act(...).
      
      When testing, code that causes React state updates should be wrapped 
into act(...):
      
      act(() => {
        /* fire events that update state */
      });
      /* assert on the output */
      
      This ensures that you're testing the behavior the user would see in the 
browser. Learn more at https://reactjs.org/link/wrap-tests-with-act
          at BAEndorsePage (C:\Users\samhe\OneDrive\Desktop\Cleaned\frontend\sr
c\binding-authorities\BAEndorsePage\BAEndorsePage.tsx:39:29)
          at routeContext (C:\Users\samhe\OneDrive\Desktop\Cleaned\frontend\nod
e_modules\react-router\lib\hooks.tsx:658:26)
          at children (C:\Users\samhe\OneDrive\Desktop\Cleaned\frontend\node_mo
dules\react-router\lib\components.tsx:512:3)
          at basenameProp (C:\Users\samhe\OneDrive\Desktop\Cleaned\frontend\nod
e_modules\react-router\lib\components.tsx:421:13)
          at basename (C:\Users\samhe\OneDrive\Desktop\Cleaned\frontend\node_mo
dules\react-router\lib\components.tsx:225:3)

      236 |                                     className="block w-full border 
border-gray-300 rounded px-3 py-1.5 text-sm"
      237 |                                     value={effectiveDate}
    > 238 |                                     onChange={e => 
setEffectiveDate(e.target.value)}
          |                                                    ^
      239 |                                 />
      240 |                             </div>
      241 |

      at printWarning 
(node_modules/react-dom/cjs/react-dom.development.js:86:30)
      at error (node_modules/react-dom/cjs/react-dom.development.js:60:7)
      at warnIfUpdatesNotWrappedWithActDEV 
(node_modules/react-dom/cjs/react-dom.development.js:27628:9)
      at scheduleUpdateOnFiber 
(node_modules/react-dom/cjs/react-dom.development.js:25547:5)
      at dispatchSetState 
(node_modules/react-dom/cjs/react-dom.development.js:16708:7)
      at onChange 
(src/binding-authorities/BAEndorsePage/BAEndorsePage.tsx:238:52)
      at HTMLUnknownElement.callCallback 
(node_modules/react-dom/cjs/react-dom.development.js:4164:14)
      at HTMLUnknownElement.callTheUserObjectsOperation 
(node_modules/jsdom/lib/jsdom/living/generated/EventListener.js:26:30)
      at innerInvokeEventListeners 
(node_modules/jsdom/lib/jsdom/living/events/EventTarget-impl.js:350:25)
      at invokeEventListeners 
(node_modules/jsdom/lib/jsdom/living/events/EventTarget-impl.js:286:3)
      at HTMLUnknownElementImpl._dispatch 
(node_modules/jsdom/lib/jsdom/living/events/EventTarget-impl.js:233:9)
      at HTMLUnknownElementImpl.dispatchEvent 
(node_modules/jsdom/lib/jsdom/living/events/EventTarget-impl.js:104:17)
      at HTMLUnknownElement.dispatchEvent 
(node_modules/jsdom/lib/jsdom/living/generated/EventTarget.js:241:34)
      at Object.invokeGuardedCallbackDev 
(node_modules/react-dom/cjs/react-dom.development.js:4213:16)
      at invokeGuardedCallback 
(node_modules/react-dom/cjs/react-dom.development.js:4277:31)
      at invokeGuardedCallbackAndCatchFirstError 
(node_modules/react-dom/cjs/react-dom.development.js:4291:25)
      at executeDispatch 
(node_modules/react-dom/cjs/react-dom.development.js:9041:3)
      at processDispatchQueueItemsInOrder 
(node_modules/react-dom/cjs/react-dom.development.js:9073:7)
      at processDispatchQueue 
(node_modules/react-dom/cjs/react-dom.development.js:9086:5)
      at dispatchEventsForPlugins 
(node_modules/react-dom/cjs/react-dom.development.js:9097:3)
      at node_modules/react-dom/cjs/react-dom.development.js:9288:12
      at batchedUpdates$1 
(node_modules/react-dom/cjs/react-dom.development.js:26179:12)
      at batchedUpdates 
(node_modules/react-dom/cjs/react-dom.development.js:3991:12)
      at dispatchEventForPluginEventSystem 
(node_modules/react-dom/cjs/react-dom.development.js:9287:3)
      at dispatchEventWithEnableCapturePhaseSelectiveHydrationWithoutDiscreteEv
entReplay (node_modules/react-dom/cjs/react-dom.development.js:6465:5)
      at dispatchEvent 
(node_modules/react-dom/cjs/react-dom.development.js:6457:5)
      at dispatchDiscreteEvent 
(node_modules/react-dom/cjs/react-dom.development.js:6430:5)
      at HTMLDivElement.callTheUserObjectsOperation 
(node_modules/jsdom/lib/jsdom/living/generated/EventListener.js:26:30)
      at innerInvokeEventListeners 
(node_modules/jsdom/lib/jsdom/living/events/EventTarget-impl.js:350:25)
      at invokeEventListeners 
(node_modules/jsdom/lib/jsdom/living/events/EventTarget-impl.js:286:3)
      at HTMLInputElementImpl._dispatch 
(node_modules/jsdom/lib/jsdom/living/events/EventTarget-impl.js:233:9)
      at HTMLInputElementImpl.dispatchEvent 
(node_modules/jsdom/lib/jsdom/living/events/EventTarget-impl.js:104:17)
      at HTMLInputElement.dispatchEvent 
(node_modules/jsdom/lib/jsdom/living/generated/EventTarget.js:241:34)
      at 
node_modules/@testing-library/user-event/dist/cjs/event/dispatchEvent.js:45:43
      at Object.eventWrapper 
(node_modules/@testing-library/dom/dist/config.js:25:23)
      at Object.wrapEvent 
(node_modules/@testing-library/user-event/dist/cjs/event/wrapEvent.js:6:28)
      at Object.dispatchEvent (node_modules/@testing-library/user-event/dist/cj
s/event/dispatchEvent.js:45:22)
      at Object.dispatchUIEvent (node_modules/@testing-library/user-event/dist/
cjs/event/dispatchEvent.js:22:26)
      at commitInput 
(node_modules/@testing-library/user-event/dist/cjs/event/input.js:145:14)
      at editInputElement 
(node_modules/@testing-library/user-event/dist/cjs/event/input.js:110:13)
      at Object.input 
(node_modules/@testing-library/user-event/dist/cjs/event/input.js:37:9)
      at node_modules/@testing-library/user-event/dist/cjs/event/behavior/keypr
ess.js:31:26
      at Object.dispatchEvent (node_modules/@testing-library/user-event/dist/cj
s/event/dispatchEvent.js:41:13)
      at Object.dispatchUIEvent (node_modules/@testing-library/user-event/dist/
cjs/event/dispatchEvent.js:22:26)
      at KeyboardHost.keydown 
(node_modules/@testing-library/user-event/dist/cjs/system/keyboard.js:76:22)
      at keyboardAction 
(node_modules/@testing-library/user-event/dist/cjs/keyboard/index.js:22:35)
      at Object.keyboard 
(node_modules/@testing-library/user-event/dist/cjs/keyboard/index.js:11:15)
      at Object.type 
(node_modules/@testing-library/user-event/dist/cjs/utility/type.js:17:5)
      at Object.<anonymous> 
(src/binding-authorities/__tests__/binding-authorities.test.tsx:2165:9)

    console.error
      Warning: An update to BAEndorsePage inside a test was not wrapped in 
act(...).
      
      When testing, code that causes React state updates should be wrapped 
into act(...):
      
      act(() => {
        /* fire events that update state */
      });
      /* assert on the output */
      
      This ensures that you're testing the behavior the user would see in the 
browser. Learn more at https://reactjs.org/link/wrap-tests-with-act
          at BAEndorsePage (C:\Users\samhe\OneDrive\Desktop\Cleaned\frontend\sr
c\binding-authorities\BAEndorsePage\BAEndorsePage.tsx:39:29)
          at routeContext (C:\Users\samhe\OneDrive\Desktop\Cleaned\frontend\nod
e_modules\react-router\lib\hooks.tsx:658:26)
          at children (C:\Users\samhe\OneDrive\Desktop\Cleaned\frontend\node_mo
dules\react-router\lib\components.tsx:512:3)
          at basenameProp (C:\Users\samhe\OneDrive\Desktop\Cleaned\frontend\nod
e_modules\react-router\lib\components.tsx:421:13)
          at basename (C:\Users\samhe\OneDrive\Desktop\Cleaned\frontend\node_mo
dules\react-router\lib\components.tsx:225:3)

      70 |     useEffect(() => {
      71 |         if (endorsementType !== 'Administrative' || effectiveDate 
|| description) {
    > 72 |             setIsDirty(true)
         |             ^
      73 |         }
      74 |     }, [endorsementType, effectiveDate, description])
      75 |

      at printWarning 
(node_modules/react-dom/cjs/react-dom.development.js:86:30)
      at error (node_modules/react-dom/cjs/react-dom.development.js:60:7)
      at warnIfUpdatesNotWrappedWithActDEV 
(node_modules/react-dom/cjs/react-dom.development.js:27628:9)
      at scheduleUpdateOnFiber 
(node_modules/react-dom/cjs/react-dom.development.js:25547:5)
      at dispatchSetState 
(node_modules/react-dom/cjs/react-dom.development.js:16708:7)
      at src/binding-authorities/BAEndorsePage/BAEndorsePage.tsx:72:13
      at commitHookEffectListMount 
(node_modules/react-dom/cjs/react-dom.development.js:23189:26)
      at commitPassiveMountOnFiber 
(node_modules/react-dom/cjs/react-dom.development.js:24970:11)
      at commitPassiveMountEffects_complete 
(node_modules/react-dom/cjs/react-dom.development.js:24930:9)
      at commitPassiveMountEffects_begin 
(node_modules/react-dom/cjs/react-dom.development.js:24917:7)
      at commitPassiveMountEffects 
(node_modules/react-dom/cjs/react-dom.development.js:24905:3)
      at flushPassiveEffectsImpl 
(node_modules/react-dom/cjs/react-dom.development.js:27078:3)
      at flushPassiveEffects 
(node_modules/react-dom/cjs/react-dom.development.js:27023:14)
      at commitRootImpl 
(node_modules/react-dom/cjs/react-dom.development.js:26974:5)
      at commitRoot 
(node_modules/react-dom/cjs/react-dom.development.js:26721:5)
      at performSyncWorkOnRoot 
(node_modules/react-dom/cjs/react-dom.development.js:26156:3)
      at flushSyncCallbacks 
(node_modules/react-dom/cjs/react-dom.development.js:12042:22)
      at flushSync 
(node_modules/react-dom/cjs/react-dom.development.js:26240:7)
      at finishEventHandler 
(node_modules/react-dom/cjs/react-dom.development.js:3976:5)
      at batchedUpdates 
(node_modules/react-dom/cjs/react-dom.development.js:3994:5)
      at dispatchEventForPluginEventSystem 
(node_modules/react-dom/cjs/react-dom.development.js:9287:3)
      at dispatchEventWithEnableCapturePhaseSelectiveHydrationWithoutDiscreteEv
entReplay (node_modules/react-dom/cjs/react-dom.development.js:6465:5)
      at dispatchEvent 
(node_modules/react-dom/cjs/react-dom.development.js:6457:5)
      at dispatchDiscreteEvent 
(node_modules/react-dom/cjs/react-dom.development.js:6430:5)
      at HTMLDivElement.callTheUserObjectsOperation 
(node_modules/jsdom/lib/jsdom/living/generated/EventListener.js:26:30)
      at innerInvokeEventListeners 
(node_modules/jsdom/lib/jsdom/living/events/EventTarget-impl.js:350:25)
      at invokeEventListeners 
(node_modules/jsdom/lib/jsdom/living/events/EventTarget-impl.js:286:3)
      at HTMLInputElementImpl._dispatch 
(node_modules/jsdom/lib/jsdom/living/events/EventTarget-impl.js:233:9)
      at HTMLInputElementImpl.dispatchEvent 
(node_modules/jsdom/lib/jsdom/living/events/EventTarget-impl.js:104:17)
      at HTMLInputElement.dispatchEvent 
(node_modules/jsdom/lib/jsdom/living/generated/EventTarget.js:241:34)
      at 
node_modules/@testing-library/user-event/dist/cjs/event/dispatchEvent.js:45:43
      at Object.eventWrapper 
(node_modules/@testing-library/dom/dist/config.js:25:23)
      at Object.wrapEvent 
(node_modules/@testing-library/user-event/dist/cjs/event/wrapEvent.js:6:28)
      at Object.dispatchEvent (node_modules/@testing-library/user-event/dist/cj
s/event/dispatchEvent.js:45:22)
      at Object.dispatchUIEvent (node_modules/@testing-library/user-event/dist/
cjs/event/dispatchEvent.js:22:26)
      at commitInput 
(node_modules/@testing-library/user-event/dist/cjs/event/input.js:145:14)
      at editInputElement 
(node_modules/@testing-library/user-event/dist/cjs/event/input.js:110:13)
      at Object.input 
(node_modules/@testing-library/user-event/dist/cjs/event/input.js:37:9)
      at node_modules/@testing-library/user-event/dist/cjs/event/behavior/keypr
ess.js:31:26
      at Object.dispatchEvent (node_modules/@testing-library/user-event/dist/cj
s/event/dispatchEvent.js:41:13)
      at Object.dispatchUIEvent (node_modules/@testing-library/user-event/dist/
cjs/event/dispatchEvent.js:22:26)
      at KeyboardHost.keydown 
(node_modules/@testing-library/user-event/dist/cjs/system/keyboard.js:76:22)
      at keyboardAction 
(node_modules/@testing-library/user-event/dist/cjs/keyboard/index.js:22:35)
      at Object.keyboard 
(node_modules/@testing-library/user-event/dist/cjs/keyboard/index.js:11:15)
      at Object.type 
(node_modules/@testing-library/user-event/dist/cjs/utility/type.js:17:5)
      at Object.<anonymous> 
(src/binding-authorities/__tests__/binding-authorities.test.tsx:2165:9)

    console.error
      Warning: An update to BAEndorsePage inside a test was not wrapped in 
act(...).
      
      When testing, code that causes React state updates should be wrapped 
into act(...):
      
      act(() => {
        /* fire events that update state */
      });
      /* assert on the output */
      
      This ensures that you're testing the behavior the user would see in the 
browser. Learn more at https://reactjs.org/link/wrap-tests-with-act
          at BAEndorsePage (C:\Users\samhe\OneDrive\Desktop\Cleaned\frontend\sr
c\binding-authorities\BAEndorsePage\BAEndorsePage.tsx:39:29)
          at routeContext (C:\Users\samhe\OneDrive\Desktop\Cleaned\frontend\nod
e_modules\react-router\lib\hooks.tsx:658:26)
          at children (C:\Users\samhe\OneDrive\Desktop\Cleaned\frontend\node_mo
dules\react-router\lib\components.tsx:512:3)
          at basenameProp (C:\Users\samhe\OneDrive\Desktop\Cleaned\frontend\nod
e_modules\react-router\lib\components.tsx:421:13)
          at basename (C:\Users\samhe\OneDrive\Desktop\Cleaned\frontend\node_mo
dules\react-router\lib\components.tsx:225:3)

      236 |                                     className="block w-full border 
border-gray-300 rounded px-3 py-1.5 text-sm"
      237 |                                     value={effectiveDate}
    > 238 |                                     onChange={e => 
setEffectiveDate(e.target.value)}
          |                                                    ^
      239 |                                 />
      240 |                             </div>
      241 |

      at printWarning 
(node_modules/react-dom/cjs/react-dom.development.js:86:30)
      at error (node_modules/react-dom/cjs/react-dom.development.js:60:7)
      at warnIfUpdatesNotWrappedWithActDEV 
(node_modules/react-dom/cjs/react-dom.development.js:27628:9)
      at scheduleUpdateOnFiber 
(node_modules/react-dom/cjs/react-dom.development.js:25547:5)
      at dispatchSetState 
(node_modules/react-dom/cjs/react-dom.development.js:16708:7)
      at onChange 
(src/binding-authorities/BAEndorsePage/BAEndorsePage.tsx:238:52)
      at HTMLUnknownElement.callCallback 
(node_modules/react-dom/cjs/react-dom.development.js:4164:14)
      at HTMLUnknownElement.callTheUserObjectsOperation 
(node_modules/jsdom/lib/jsdom/living/generated/EventListener.js:26:30)
      at innerInvokeEventListeners 
(node_modules/jsdom/lib/jsdom/living/events/EventTarget-impl.js:350:25)
      at invokeEventListeners 
(node_modules/jsdom/lib/jsdom/living/events/EventTarget-impl.js:286:3)
      at HTMLUnknownElementImpl._dispatch 
(node_modules/jsdom/lib/jsdom/living/events/EventTarget-impl.js:233:9)
      at HTMLUnknownElementImpl.dispatchEvent 
(node_modules/jsdom/lib/jsdom/living/events/EventTarget-impl.js:104:17)
      at HTMLUnknownElement.dispatchEvent 
(node_modules/jsdom/lib/jsdom/living/generated/EventTarget.js:241:34)
      at Object.invokeGuardedCallbackDev 
(node_modules/react-dom/cjs/react-dom.development.js:4213:16)
      at invokeGuardedCallback 
(node_modules/react-dom/cjs/react-dom.development.js:4277:31)
      at invokeGuardedCallbackAndCatchFirstError 
(node_modules/react-dom/cjs/react-dom.development.js:4291:25)
      at executeDispatch 
(node_modules/react-dom/cjs/react-dom.development.js:9041:3)
      at processDispatchQueueItemsInOrder 
(node_modules/react-dom/cjs/react-dom.development.js:9073:7)
      at processDispatchQueue 
(node_modules/react-dom/cjs/react-dom.development.js:9086:5)
      at dispatchEventsForPlugins 
(node_modules/react-dom/cjs/react-dom.development.js:9097:3)
      at node_modules/react-dom/cjs/react-dom.development.js:9288:12
      at batchedUpdates$1 
(node_modules/react-dom/cjs/react-dom.development.js:26179:12)
      at batchedUpdates 
(node_modules/react-dom/cjs/react-dom.development.js:3991:12)
      at dispatchEventForPluginEventSystem 
(node_modules/react-dom/cjs/react-dom.development.js:9287:3)
      at dispatchEventWithEnableCapturePhaseSelectiveHydrationWithoutDiscreteEv
entReplay (node_modules/react-dom/cjs/react-dom.development.js:6465:5)
      at dispatchEvent 
(node_modules/react-dom/cjs/react-dom.development.js:6457:5)
      at dispatchDiscreteEvent 
(node_modules/react-dom/cjs/react-dom.development.js:6430:5)
      at HTMLDivElement.callTheUserObjectsOperation 
(node_modules/jsdom/lib/jsdom/living/generated/EventListener.js:26:30)
      at innerInvokeEventListeners 
(node_modules/jsdom/lib/jsdom/living/events/EventTarget-impl.js:350:25)
      at invokeEventListeners 
(node_modules/jsdom/lib/jsdom/living/events/EventTarget-impl.js:286:3)
      at HTMLInputElementImpl._dispatch 
(node_modules/jsdom/lib/jsdom/living/events/EventTarget-impl.js:233:9)
      at HTMLInputElementImpl.dispatchEvent 
(node_modules/jsdom/lib/jsdom/living/events/EventTarget-impl.js:104:17)
      at HTMLInputElement.dispatchEvent 
(node_modules/jsdom/lib/jsdom/living/generated/EventTarget.js:241:34)
      at 
node_modules/@testing-library/user-event/dist/cjs/event/dispatchEvent.js:45:43
      at Object.eventWrapper 
(node_modules/@testing-library/dom/dist/config.js:25:23)
      at Object.wrapEvent 
(node_modules/@testing-library/user-event/dist/cjs/event/wrapEvent.js:6:28)
      at Object.dispatchEvent (node_modules/@testing-library/user-event/dist/cj
s/event/dispatchEvent.js:45:22)
      at Object.dispatchUIEvent (node_modules/@testing-library/user-event/dist/
cjs/event/dispatchEvent.js:22:26)
      at commitInput 
(node_modules/@testing-library/user-event/dist/cjs/event/input.js:145:14)
      at editInputElement 
(node_modules/@testing-library/user-event/dist/cjs/event/input.js:110:13)
      at Object.input 
(node_modules/@testing-library/user-event/dist/cjs/event/input.js:37:9)
      at node_modules/@testing-library/user-event/dist/cjs/event/behavior/keypr
ess.js:31:26
      at Object.dispatchEvent (node_modules/@testing-library/user-event/dist/cj
s/event/dispatchEvent.js:41:13)
      at Object.dispatchUIEvent (node_modules/@testing-library/user-event/dist/
cjs/event/dispatchEvent.js:22:26)
      at KeyboardHost.keydown 
(node_modules/@testing-library/user-event/dist/cjs/system/keyboard.js:76:22)
      at keyboardAction 
(node_modules/@testing-library/user-event/dist/cjs/keyboard/index.js:22:35)
      at Object.keyboard 
(node_modules/@testing-library/user-event/dist/cjs/keyboard/index.js:11:15)
      at Object.type 
(node_modules/@testing-library/user-event/dist/cjs/utility/type.js:17:5)
      at Object.<anonymous> 
(src/binding-authorities/__tests__/binding-authorities.test.tsx:2180:9)

    console.error
      Warning: An update to BAEndorsePage inside a test was not wrapped in 
act(...).
      
      When testing, code that causes React state updates should be wrapped 
into act(...):
      
      act(() => {
        /* fire events that update state */
      });
      /* assert on the output */
      
      This ensures that you're testing the behavior the user would see in the 
browser. Learn more at https://reactjs.org/link/wrap-tests-with-act
          at BAEndorsePage (C:\Users\samhe\OneDrive\Desktop\Cleaned\frontend\sr
c\binding-authorities\BAEndorsePage\BAEndorsePage.tsx:39:29)
          at routeContext (C:\Users\samhe\OneDrive\Desktop\Cleaned\frontend\nod
e_modules\react-router\lib\hooks.tsx:658:26)
          at children (C:\Users\samhe\OneDrive\Desktop\Cleaned\frontend\node_mo
dules\react-router\lib\components.tsx:512:3)
          at basenameProp (C:\Users\samhe\OneDrive\Desktop\Cleaned\frontend\nod
e_modules\react-router\lib\components.tsx:421:13)
          at basename (C:\Users\samhe\OneDrive\Desktop\Cleaned\frontend\node_mo
dules\react-router\lib\components.tsx:225:3)

      70 |     useEffect(() => {
      71 |         if (endorsementType !== 'Administrative' || effectiveDate 
|| description) {
    > 72 |             setIsDirty(true)
         |             ^
      73 |         }
      74 |     }, [endorsementType, effectiveDate, description])
      75 |

      at printWarning 
(node_modules/react-dom/cjs/react-dom.development.js:86:30)
      at error (node_modules/react-dom/cjs/react-dom.development.js:60:7)
      at warnIfUpdatesNotWrappedWithActDEV 
(node_modules/react-dom/cjs/react-dom.development.js:27628:9)
      at scheduleUpdateOnFiber 
(node_modules/react-dom/cjs/react-dom.development.js:25547:5)
      at dispatchSetState 
(node_modules/react-dom/cjs/react-dom.development.js:16708:7)
      at src/binding-authorities/BAEndorsePage/BAEndorsePage.tsx:72:13
      at commitHookEffectListMount 
(node_modules/react-dom/cjs/react-dom.development.js:23189:26)
      at commitPassiveMountOnFiber 
(node_modules/react-dom/cjs/react-dom.development.js:24970:11)
      at commitPassiveMountEffects_complete 
(node_modules/react-dom/cjs/react-dom.development.js:24930:9)
      at commitPassiveMountEffects_begin 
(node_modules/react-dom/cjs/react-dom.development.js:24917:7)
      at commitPassiveMountEffects 
(node_modules/react-dom/cjs/react-dom.development.js:24905:3)
      at flushPassiveEffectsImpl 
(node_modules/react-dom/cjs/react-dom.development.js:27078:3)
      at flushPassiveEffects 
(node_modules/react-dom/cjs/react-dom.development.js:27023:14)
      at commitRootImpl 
(node_modules/react-dom/cjs/react-dom.development.js:26974:5)
      at commitRoot 
(node_modules/react-dom/cjs/react-dom.development.js:26721:5)
      at performSyncWorkOnRoot 
(node_modules/react-dom/cjs/react-dom.development.js:26156:3)
      at flushSyncCallbacks 
(node_modules/react-dom/cjs/react-dom.development.js:12042:22)
      at flushSync 
(node_modules/react-dom/cjs/react-dom.development.js:26240:7)
      at finishEventHandler 
(node_modules/react-dom/cjs/react-dom.development.js:3976:5)
      at batchedUpdates 
(node_modules/react-dom/cjs/react-dom.development.js:3994:5)
      at dispatchEventForPluginEventSystem 
(node_modules/react-dom/cjs/react-dom.development.js:9287:3)
      at dispatchEventWithEnableCapturePhaseSelectiveHydrationWithoutDiscreteEv
entReplay (node_modules/react-dom/cjs/react-dom.development.js:6465:5)
      at dispatchEvent 
(node_modules/react-dom/cjs/react-dom.development.js:6457:5)
      at dispatchDiscreteEvent 
(node_modules/react-dom/cjs/react-dom.development.js:6430:5)
      at HTMLDivElement.callTheUserObjectsOperation 
(node_modules/jsdom/lib/jsdom/living/generated/EventListener.js:26:30)
      at innerInvokeEventListeners 
(node_modules/jsdom/lib/jsdom/living/events/EventTarget-impl.js:350:25)
      at invokeEventListeners 
(node_modules/jsdom/lib/jsdom/living/events/EventTarget-impl.js:286:3)
      at HTMLInputElementImpl._dispatch 
(node_modules/jsdom/lib/jsdom/living/events/EventTarget-impl.js:233:9)
      at HTMLInputElementImpl.dispatchEvent 
(node_modules/jsdom/lib/jsdom/living/events/EventTarget-impl.js:104:17)
      at HTMLInputElement.dispatchEvent 
(node_modules/jsdom/lib/jsdom/living/generated/EventTarget.js:241:34)
      at 
node_modules/@testing-library/user-event/dist/cjs/event/dispatchEvent.js:45:43
      at Object.eventWrapper 
(node_modules/@testing-library/dom/dist/config.js:25:23)
      at Object.wrapEvent 
(node_modules/@testing-library/user-event/dist/cjs/event/wrapEvent.js:6:28)
      at Object.dispatchEvent (node_modules/@testing-library/user-event/dist/cj
s/event/dispatchEvent.js:45:22)
      at Object.dispatchUIEvent (node_modules/@testing-library/user-event/dist/
cjs/event/dispatchEvent.js:22:26)
      at commitInput 
(node_modules/@testing-library/user-event/dist/cjs/event/input.js:145:14)
      at editInputElement 
(node_modules/@testing-library/user-event/dist/cjs/event/input.js:110:13)
      at Object.input 
(node_modules/@testing-library/user-event/dist/cjs/event/input.js:37:9)
      at node_modules/@testing-library/user-event/dist/cjs/event/behavior/keypr
ess.js:31:26
      at Object.dispatchEvent (node_modules/@testing-library/user-event/dist/cj
s/event/dispatchEvent.js:41:13)
      at Object.dispatchUIEvent (node_modules/@testing-library/user-event/dist/
cjs/event/dispatchEvent.js:22:26)
      at KeyboardHost.keydown 
(node_modules/@testing-library/user-event/dist/cjs/system/keyboard.js:76:22)
      at keyboardAction 
(node_modules/@testing-library/user-event/dist/cjs/keyboard/index.js:22:35)
      at Object.keyboard 
(node_modules/@testing-library/user-event/dist/cjs/keyboard/index.js:11:15)
      at Object.type 
(node_modules/@testing-library/user-event/dist/cjs/utility/type.js:17:5)
      at Object.<anonymous> 
(src/binding-authorities/__tests__/binding-authorities.test.tsx:2180:9)

    console.error
      Warning: An update to BAEndorsePage inside a test was not wrapped in 
act(...).
      
      When testing, code that causes React state updates should be wrapped 
into act(...):
      
      act(() => {
        /* fire events that update state */
      });
      /* assert on the output */
      
      This ensures that you're testing the behavior the user would see in the 
browser. Learn more at https://reactjs.org/link/wrap-tests-with-act
          at BAEndorsePage (C:\Users\samhe\OneDrive\Desktop\Cleaned\frontend\sr
c\binding-authorities\BAEndorsePage\BAEndorsePage.tsx:39:29)
          at routeContext (C:\Users\samhe\OneDrive\Desktop\Cleaned\frontend\nod
e_modules\react-router\lib\hooks.tsx:658:26)
          at children (C:\Users\samhe\OneDrive\Desktop\Cleaned\frontend\node_mo
dules\react-router\lib\components.tsx:512:3)
          at basenameProp (C:\Users\samhe\OneDrive\Desktop\Cleaned\frontend\nod
e_modules\react-router\lib\components.tsx:421:13)
          at basename (C:\Users\samhe\OneDrive\Desktop\Cleaned\frontend\node_mo
dules\react-router\lib\components.tsx:225:3)

      64 |         if (!ba || !id) return
      65 |         getBATransactions(id as unknown as number)
    > 66 |             .then(txs => setTransactions(txs))
         |                          ^
      67 |             .catch(() => { /* non-blocking */ })
      68 |     }, [ba]) // eslint-disable-line react-hooks/exhaustive-deps
      69 |

      at printWarning 
(node_modules/react-dom/cjs/react-dom.development.js:86:30)
      at error (node_modules/react-dom/cjs/react-dom.development.js:60:7)
      at warnIfUpdatesNotWrappedWithActDEV 
(node_modules/react-dom/cjs/react-dom.development.js:27628:9)
      at scheduleUpdateOnFiber 
(node_modules/react-dom/cjs/react-dom.development.js:25547:5)
      at dispatchSetState 
(node_modules/react-dom/cjs/react-dom.development.js:16708:7)
      at src/binding-authorities/BAEndorsePage/BAEndorsePage.tsx:66:26

    console.error
      Warning: An update to BAEndorsePage inside a test was not wrapped in 
act(...).
      
      When testing, code that causes React state updates should be wrapped 
into act(...):
      
      act(() => {
        /* fire events that update state */
      });
      /* assert on the output */
      
      This ensures that you're testing the behavior the user would see in the 
browser. Learn more at https://reactjs.org/link/wrap-tests-with-act
          at BAEndorsePage (C:\Users\samhe\OneDrive\Desktop\Cleaned\frontend\sr
c\binding-authorities\BAEndorsePage\BAEndorsePage.tsx:39:29)
          at routeContext (C:\Users\samhe\OneDrive\Desktop\Cleaned\frontend\nod
e_modules\react-router\lib\hooks.tsx:658:26)
          at children (C:\Users\samhe\OneDrive\Desktop\Cleaned\frontend\node_mo
dules\react-router\lib\components.tsx:512:3)
          at basenameProp (C:\Users\samhe\OneDrive\Desktop\Cleaned\frontend\nod
e_modules\react-router\lib\components.tsx:421:13)
          at basename (C:\Users\samhe\OneDrive\Desktop\Cleaned\frontend\node_mo
dules\react-router\lib\components.tsx:225:3)

      236 |                                     className="block w-full border 
border-gray-300 rounded px-3 py-1.5 text-sm"
      237 |                                     value={effectiveDate}
    > 238 |                                     onChange={e => 
setEffectiveDate(e.target.value)}
          |                                                    ^
      239 |                                 />
      240 |                             </div>
      241 |

      at printWarning 
(node_modules/react-dom/cjs/react-dom.development.js:86:30)
      at error (node_modules/react-dom/cjs/react-dom.development.js:60:7)
      at warnIfUpdatesNotWrappedWithActDEV 
(node_modules/react-dom/cjs/react-dom.development.js:27628:9)
      at scheduleUpdateOnFiber 
(node_modules/react-dom/cjs/react-dom.development.js:25547:5)
      at dispatchSetState 
(node_modules/react-dom/cjs/react-dom.development.js:16708:7)
      at onChange 
(src/binding-authorities/BAEndorsePage/BAEndorsePage.tsx:238:52)
      at HTMLUnknownElement.callCallback 
(node_modules/react-dom/cjs/react-dom.development.js:4164:14)
      at HTMLUnknownElement.callTheUserObjectsOperation 
(node_modules/jsdom/lib/jsdom/living/generated/EventListener.js:26:30)
      at innerInvokeEventListeners 
(node_modules/jsdom/lib/jsdom/living/events/EventTarget-impl.js:350:25)
      at invokeEventListeners 
(node_modules/jsdom/lib/jsdom/living/events/EventTarget-impl.js:286:3)
      at HTMLUnknownElementImpl._dispatch 
(node_modules/jsdom/lib/jsdom/living/events/EventTarget-impl.js:233:9)
      at HTMLUnknownElementImpl.dispatchEvent 
(node_modules/jsdom/lib/jsdom/living/events/EventTarget-impl.js:104:17)
      at HTMLUnknownElement.dispatchEvent 
(node_modules/jsdom/lib/jsdom/living/generated/EventTarget.js:241:34)
      at Object.invokeGuardedCallbackDev 
(node_modules/react-dom/cjs/react-dom.development.js:4213:16)
      at invokeGuardedCallback 
(node_modules/react-dom/cjs/react-dom.development.js:4277:31)
      at invokeGuardedCallbackAndCatchFirstError 
(node_modules/react-dom/cjs/react-dom.development.js:4291:25)
      at executeDispatch 
(node_modules/react-dom/cjs/react-dom.development.js:9041:3)
      at processDispatchQueueItemsInOrder 
(node_modules/react-dom/cjs/react-dom.development.js:9073:7)
      at processDispatchQueue 
(node_modules/react-dom/cjs/react-dom.development.js:9086:5)
      at dispatchEventsForPlugins 
(node_modules/react-dom/cjs/react-dom.development.js:9097:3)
      at node_modules/react-dom/cjs/react-dom.development.js:9288:12
      at batchedUpdates$1 
(node_modules/react-dom/cjs/react-dom.development.js:26179:12)
      at batchedUpdates 
(node_modules/react-dom/cjs/react-dom.development.js:3991:12)
      at dispatchEventForPluginEventSystem 
(node_modules/react-dom/cjs/react-dom.development.js:9287:3)
      at dispatchEventWithEnableCapturePhaseSelectiveHydrationWithoutDiscreteEv
entReplay (node_modules/react-dom/cjs/react-dom.development.js:6465:5)
      at dispatchEvent 
(node_modules/react-dom/cjs/react-dom.development.js:6457:5)
      at dispatchDiscreteEvent 
(node_modules/react-dom/cjs/react-dom.development.js:6430:5)
      at HTMLDivElement.callTheUserObjectsOperation 
(node_modules/jsdom/lib/jsdom/living/generated/EventListener.js:26:30)
      at innerInvokeEventListeners 
(node_modules/jsdom/lib/jsdom/living/events/EventTarget-impl.js:350:25)
      at invokeEventListeners 
(node_modules/jsdom/lib/jsdom/living/events/EventTarget-impl.js:286:3)
      at HTMLInputElementImpl._dispatch 
(node_modules/jsdom/lib/jsdom/living/events/EventTarget-impl.js:233:9)
      at HTMLInputElementImpl.dispatchEvent 
(node_modules/jsdom/lib/jsdom/living/events/EventTarget-impl.js:104:17)
      at HTMLInputElement.dispatchEvent 
(node_modules/jsdom/lib/jsdom/living/generated/EventTarget.js:241:34)
      at 
node_modules/@testing-library/user-event/dist/cjs/event/dispatchEvent.js:45:43
      at Object.eventWrapper 
(node_modules/@testing-library/dom/dist/config.js:25:23)
      at Object.wrapEvent 
(node_modules/@testing-library/user-event/dist/cjs/event/wrapEvent.js:6:28)
      at Object.dispatchEvent (node_modules/@testing-library/user-event/dist/cj
s/event/dispatchEvent.js:45:22)
      at Object.dispatchUIEvent (node_modules/@testing-library/user-event/dist/
cjs/event/dispatchEvent.js:22:26)
      at commitInput 
(node_modules/@testing-library/user-event/dist/cjs/event/input.js:145:14)
      at editInputElement 
(node_modules/@testing-library/user-event/dist/cjs/event/input.js:110:13)
      at Object.input 
(node_modules/@testing-library/user-event/dist/cjs/event/input.js:37:9)
      at node_modules/@testing-library/user-event/dist/cjs/event/behavior/keypr
ess.js:31:26
      at Object.dispatchEvent (node_modules/@testing-library/user-event/dist/cj
s/event/dispatchEvent.js:41:13)
      at Object.dispatchUIEvent (node_modules/@testing-library/user-event/dist/
cjs/event/dispatchEvent.js:22:26)
      at KeyboardHost.keydown 
(node_modules/@testing-library/user-event/dist/cjs/system/keyboard.js:76:22)
      at keyboardAction 
(node_modules/@testing-library/user-event/dist/cjs/keyboard/index.js:22:35)
      at Object.keyboard 
(node_modules/@testing-library/user-event/dist/cjs/keyboard/index.js:11:15)
      at Object.type 
(node_modules/@testing-library/user-event/dist/cjs/utility/type.js:17:5)
      at Object.<anonymous> 
(src/binding-authorities/__tests__/binding-authorities.test.tsx:2195:9)

    console.error
      Warning: An update to BAEndorsePage inside a test was not wrapped in 
act(...).
      
      When testing, code that causes React state updates should be wrapped 
into act(...):
      
      act(() => {
        /* fire events that update state */
      });
      /* assert on the output */
      
      This ensures that you're testing the behavior the user would see in the 
browser. Learn more at https://reactjs.org/link/wrap-tests-with-act
          at BAEndorsePage (C:\Users\samhe\OneDrive\Desktop\Cleaned\frontend\sr
c\binding-authorities\BAEndorsePage\BAEndorsePage.tsx:39:29)
          at routeContext (C:\Users\samhe\OneDrive\Desktop\Cleaned\frontend\nod
e_modules\react-router\lib\hooks.tsx:658:26)
          at children (C:\Users\samhe\OneDrive\Desktop\Cleaned\frontend\node_mo
dules\react-router\lib\components.tsx:512:3)
          at basenameProp (C:\Users\samhe\OneDrive\Desktop\Cleaned\frontend\nod
e_modules\react-router\lib\components.tsx:421:13)
          at basename (C:\Users\samhe\OneDrive\Desktop\Cleaned\frontend\node_mo
dules\react-router\lib\components.tsx:225:3)

      70 |     useEffect(() => {
      71 |         if (endorsementType !== 'Administrative' || effectiveDate 
|| description) {
    > 72 |             setIsDirty(true)
         |             ^
      73 |         }
      74 |     }, [endorsementType, effectiveDate, description])
      75 |

      at printWarning 
(node_modules/react-dom/cjs/react-dom.development.js:86:30)
      at error (node_modules/react-dom/cjs/react-dom.development.js:60:7)
      at warnIfUpdatesNotWrappedWithActDEV 
(node_modules/react-dom/cjs/react-dom.development.js:27628:9)
      at scheduleUpdateOnFiber 
(node_modules/react-dom/cjs/react-dom.development.js:25547:5)
      at dispatchSetState 
(node_modules/react-dom/cjs/react-dom.development.js:16708:7)
      at src/binding-authorities/BAEndorsePage/BAEndorsePage.tsx:72:13
      at commitHookEffectListMount 
(node_modules/react-dom/cjs/react-dom.development.js:23189:26)
      at commitPassiveMountOnFiber 
(node_modules/react-dom/cjs/react-dom.development.js:24970:11)
      at commitPassiveMountEffects_complete 
(node_modules/react-dom/cjs/react-dom.development.js:24930:9)
      at commitPassiveMountEffects_begin 
(node_modules/react-dom/cjs/react-dom.development.js:24917:7)
      at commitPassiveMountEffects 
(node_modules/react-dom/cjs/react-dom.development.js:24905:3)
      at flushPassiveEffectsImpl 
(node_modules/react-dom/cjs/react-dom.development.js:27078:3)
      at flushPassiveEffects 
(node_modules/react-dom/cjs/react-dom.development.js:27023:14)
      at commitRootImpl 
(node_modules/react-dom/cjs/react-dom.development.js:26974:5)
      at commitRoot 
(node_modules/react-dom/cjs/react-dom.development.js:26721:5)
      at performSyncWorkOnRoot 
(node_modules/react-dom/cjs/react-dom.development.js:26156:3)
      at flushSyncCallbacks 
(node_modules/react-dom/cjs/react-dom.development.js:12042:22)
      at flushSync 
(node_modules/react-dom/cjs/react-dom.development.js:26240:7)
      at finishEventHandler 
(node_modules/react-dom/cjs/react-dom.development.js:3976:5)
      at batchedUpdates 
(node_modules/react-dom/cjs/react-dom.development.js:3994:5)
      at dispatchEventForPluginEventSystem 
(node_modules/react-dom/cjs/react-dom.development.js:9287:3)
      at dispatchEventWithEnableCapturePhaseSelectiveHydrationWithoutDiscreteEv
entReplay (node_modules/react-dom/cjs/react-dom.development.js:6465:5)
      at dispatchEvent 
(node_modules/react-dom/cjs/react-dom.development.js:6457:5)
      at dispatchDiscreteEvent 
(node_modules/react-dom/cjs/react-dom.development.js:6430:5)
      at HTMLDivElement.callTheUserObjectsOperation 
(node_modules/jsdom/lib/jsdom/living/generated/EventListener.js:26:30)
      at innerInvokeEventListeners 
(node_modules/jsdom/lib/jsdom/living/events/EventTarget-impl.js:350:25)
      at invokeEventListeners 
(node_modules/jsdom/lib/jsdom/living/events/EventTarget-impl.js:286:3)
      at HTMLInputElementImpl._dispatch 
(node_modules/jsdom/lib/jsdom/living/events/EventTarget-impl.js:233:9)
      at HTMLInputElementImpl.dispatchEvent 
(node_modules/jsdom/lib/jsdom/living/events/EventTarget-impl.js:104:17)
      at HTMLInputElement.dispatchEvent 
(node_modules/jsdom/lib/jsdom/living/generated/EventTarget.js:241:34)
      at 
node_modules/@testing-library/user-event/dist/cjs/event/dispatchEvent.js:45:43
      at Object.eventWrapper 
(node_modules/@testing-library/dom/dist/config.js:25:23)
      at Object.wrapEvent 
(node_modules/@testing-library/user-event/dist/cjs/event/wrapEvent.js:6:28)
      at Object.dispatchEvent (node_modules/@testing-library/user-event/dist/cj
s/event/dispatchEvent.js:45:22)
      at Object.dispatchUIEvent (node_modules/@testing-library/user-event/dist/
cjs/event/dispatchEvent.js:22:26)
      at commitInput 
(node_modules/@testing-library/user-event/dist/cjs/event/input.js:145:14)
      at editInputElement 
(node_modules/@testing-library/user-event/dist/cjs/event/input.js:110:13)
      at Object.input 
(node_modules/@testing-library/user-event/dist/cjs/event/input.js:37:9)
      at node_modules/@testing-library/user-event/dist/cjs/event/behavior/keypr
ess.js:31:26
      at Object.dispatchEvent (node_modules/@testing-library/user-event/dist/cj
s/event/dispatchEvent.js:41:13)
      at Object.dispatchUIEvent (node_modules/@testing-library/user-event/dist/
cjs/event/dispatchEvent.js:22:26)
      at KeyboardHost.keydown 
(node_modules/@testing-library/user-event/dist/cjs/system/keyboard.js:76:22)
      at keyboardAction 
(node_modules/@testing-library/user-event/dist/cjs/keyboard/index.js:22:35)
      at Object.keyboard 
(node_modules/@testing-library/user-event/dist/cjs/keyboard/index.js:11:15)
      at Object.type 
(node_modules/@testing-library/user-event/dist/cjs/utility/type.js:17:5)
      at Object.<anonymous> 
(src/binding-authorities/__tests__/binding-authorities.test.tsx:2195:9)

    console.error
      Warning: An update to BAEndorsePage inside a test was not wrapped in 
act(...).
      
      When testing, code that causes React state updates should be wrapped 
into act(...):
      
      act(() => {
        /* fire events that update state */
      });
      /* assert on the output */
      
      This ensures that you're testing the behavior the user would see in the 
browser. Learn more at https://reactjs.org/link/wrap-tests-with-act
          at BAEndorsePage (C:\Users\samhe\OneDrive\Desktop\Cleaned\frontend\sr
c\binding-authorities\BAEndorsePage\BAEndorsePage.tsx:39:29)
          at routeContext (C:\Users\samhe\OneDrive\Desktop\Cleaned\frontend\nod
e_modules\react-router\lib\hooks.tsx:658:26)
          at children (C:\Users\samhe\OneDrive\Desktop\Cleaned\frontend\node_mo
dules\react-router\lib\components.tsx:512:3)
          at basenameProp (C:\Users\samhe\OneDrive\Desktop\Cleaned\frontend\nod
e_modules\react-router\lib\components.tsx:421:13)
          at basename (C:\Users\samhe\OneDrive\Desktop\Cleaned\frontend\node_mo
dules\react-router\lib\components.tsx:225:3)

      236 |                                     className="block w-full border 
border-gray-300 rounded px-3 py-1.5 text-sm"
      237 |                                     value={effectiveDate}
    > 238 |                                     onChange={e => 
setEffectiveDate(e.target.value)}
          |                                                    ^
      239 |                                 />
      240 |                             </div>
      241 |

      at printWarning 
(node_modules/react-dom/cjs/react-dom.development.js:86:30)
      at error (node_modules/react-dom/cjs/react-dom.development.js:60:7)
      at warnIfUpdatesNotWrappedWithActDEV 
(node_modules/react-dom/cjs/react-dom.development.js:27628:9)
      at scheduleUpdateOnFiber 
(node_modules/react-dom/cjs/react-dom.development.js:25547:5)
      at dispatchSetState 
(node_modules/react-dom/cjs/react-dom.development.js:16708:7)
      at onChange 
(src/binding-authorities/BAEndorsePage/BAEndorsePage.tsx:238:52)
      at HTMLUnknownElement.callCallback 
(node_modules/react-dom/cjs/react-dom.development.js:4164:14)
      at HTMLUnknownElement.callTheUserObjectsOperation 
(node_modules/jsdom/lib/jsdom/living/generated/EventListener.js:26:30)
      at innerInvokeEventListeners 
(node_modules/jsdom/lib/jsdom/living/events/EventTarget-impl.js:350:25)
      at invokeEventListeners 
(node_modules/jsdom/lib/jsdom/living/events/EventTarget-impl.js:286:3)
      at HTMLUnknownElementImpl._dispatch 
(node_modules/jsdom/lib/jsdom/living/events/EventTarget-impl.js:233:9)
      at HTMLUnknownElementImpl.dispatchEvent 
(node_modules/jsdom/lib/jsdom/living/events/EventTarget-impl.js:104:17)
      at HTMLUnknownElement.dispatchEvent 
(node_modules/jsdom/lib/jsdom/living/generated/EventTarget.js:241:34)
      at Object.invokeGuardedCallbackDev 
(node_modules/react-dom/cjs/react-dom.development.js:4213:16)
      at invokeGuardedCallback 
(node_modules/react-dom/cjs/react-dom.development.js:4277:31)
      at invokeGuardedCallbackAndCatchFirstError 
(node_modules/react-dom/cjs/react-dom.development.js:4291:25)
      at executeDispatch 
(node_modules/react-dom/cjs/react-dom.development.js:9041:3)
      at processDispatchQueueItemsInOrder 
(node_modules/react-dom/cjs/react-dom.development.js:9073:7)
      at processDispatchQueue 
(node_modules/react-dom/cjs/react-dom.development.js:9086:5)
      at dispatchEventsForPlugins 
(node_modules/react-dom/cjs/react-dom.development.js:9097:3)
      at node_modules/react-dom/cjs/react-dom.development.js:9288:12
      at batchedUpdates$1 
(node_modules/react-dom/cjs/react-dom.development.js:26179:12)
      at batchedUpdates 
(node_modules/react-dom/cjs/react-dom.development.js:3991:12)
      at dispatchEventForPluginEventSystem 
(node_modules/react-dom/cjs/react-dom.development.js:9287:3)
      at dispatchEventWithEnableCapturePhaseSelectiveHydrationWithoutDiscreteEv
entReplay (node_modules/react-dom/cjs/react-dom.development.js:6465:5)
      at dispatchEvent 
(node_modules/react-dom/cjs/react-dom.development.js:6457:5)
      at dispatchDiscreteEvent 
(node_modules/react-dom/cjs/react-dom.development.js:6430:5)
      at HTMLDivElement.callTheUserObjectsOperation 
(node_modules/jsdom/lib/jsdom/living/generated/EventListener.js:26:30)
      at innerInvokeEventListeners 
(node_modules/jsdom/lib/jsdom/living/events/EventTarget-impl.js:350:25)
      at invokeEventListeners 
(node_modules/jsdom/lib/jsdom/living/events/EventTarget-impl.js:286:3)
      at HTMLInputElementImpl._dispatch 
(node_modules/jsdom/lib/jsdom/living/events/EventTarget-impl.js:233:9)
      at HTMLInputElementImpl.dispatchEvent 
(node_modules/jsdom/lib/jsdom/living/events/EventTarget-impl.js:104:17)
      at HTMLInputElement.dispatchEvent 
(node_modules/jsdom/lib/jsdom/living/generated/EventTarget.js:241:34)
      at 
node_modules/@testing-library/user-event/dist/cjs/event/dispatchEvent.js:45:43
      at Object.eventWrapper 
(node_modules/@testing-library/dom/dist/config.js:25:23)
      at Object.wrapEvent 
(node_modules/@testing-library/user-event/dist/cjs/event/wrapEvent.js:6:28)
      at Object.dispatchEvent (node_modules/@testing-library/user-event/dist/cj
s/event/dispatchEvent.js:45:22)
      at Object.dispatchUIEvent (node_modules/@testing-library/user-event/dist/
cjs/event/dispatchEvent.js:22:26)
      at commitInput 
(node_modules/@testing-library/user-event/dist/cjs/event/input.js:145:14)
      at editInputElement 
(node_modules/@testing-library/user-event/dist/cjs/event/input.js:110:13)
      at Object.input 
(node_modules/@testing-library/user-event/dist/cjs/event/input.js:37:9)
      at node_modules/@testing-library/user-event/dist/cjs/event/behavior/keypr
ess.js:31:26
      at Object.dispatchEvent (node_modules/@testing-library/user-event/dist/cj
s/event/dispatchEvent.js:41:13)
      at Object.dispatchUIEvent (node_modules/@testing-library/user-event/dist/
cjs/event/dispatchEvent.js:22:26)
      at KeyboardHost.keydown 
(node_modules/@testing-library/user-event/dist/cjs/system/keyboard.js:76:22)
      at keyboardAction 
(node_modules/@testing-library/user-event/dist/cjs/keyboard/index.js:22:35)
      at Object.keyboard 
(node_modules/@testing-library/user-event/dist/cjs/keyboard/index.js:11:15)
      at Object.type 
(node_modules/@testing-library/user-event/dist/cjs/utility/type.js:17:5)
      at Object.<anonymous> 
(src/binding-authorities/__tests__/binding-authorities.test.tsx:2204:9)

    console.error
      Warning: An update to BAEndorsePage inside a test was not wrapped in 
act(...).
      
      When testing, code that causes React state updates should be wrapped 
into act(...):
      
      act(() => {
        /* fire events that update state */
      });
      /* assert on the output */
      
      This ensures that you're testing the behavior the user would see in the 
browser. Learn more at https://reactjs.org/link/wrap-tests-with-act
          at BAEndorsePage (C:\Users\samhe\OneDrive\Desktop\Cleaned\frontend\sr
c\binding-authorities\BAEndorsePage\BAEndorsePage.tsx:39:29)
          at routeContext (C:\Users\samhe\OneDrive\Desktop\Cleaned\frontend\nod
e_modules\react-router\lib\hooks.tsx:658:26)
          at children (C:\Users\samhe\OneDrive\Desktop\Cleaned\frontend\node_mo
dules\react-router\lib\components.tsx:512:3)
          at basenameProp (C:\Users\samhe\OneDrive\Desktop\Cleaned\frontend\nod
e_modules\react-router\lib\components.tsx:421:13)
          at basename (C:\Users\samhe\OneDrive\Desktop\Cleaned\frontend\node_mo
dules\react-router\lib\components.tsx:225:3)

      70 |     useEffect(() => {
      71 |         if (endorsementType !== 'Administrative' || effectiveDate 
|| description) {
    > 72 |             setIsDirty(true)
         |             ^
      73 |         }
      74 |     }, [endorsementType, effectiveDate, description])
      75 |

      at printWarning 
(node_modules/react-dom/cjs/react-dom.development.js:86:30)
      at error (node_modules/react-dom/cjs/react-dom.development.js:60:7)
      at warnIfUpdatesNotWrappedWithActDEV 
(node_modules/react-dom/cjs/react-dom.development.js:27628:9)
      at scheduleUpdateOnFiber 
(node_modules/react-dom/cjs/react-dom.development.js:25547:5)
      at dispatchSetState 
(node_modules/react-dom/cjs/react-dom.development.js:16708:7)
      at src/binding-authorities/BAEndorsePage/BAEndorsePage.tsx:72:13
      at commitHookEffectListMount 
(node_modules/react-dom/cjs/react-dom.development.js:23189:26)
      at commitPassiveMountOnFiber 
(node_modules/react-dom/cjs/react-dom.development.js:24970:11)
      at commitPassiveMountEffects_complete 
(node_modules/react-dom/cjs/react-dom.development.js:24930:9)
      at commitPassiveMountEffects_begin 
(node_modules/react-dom/cjs/react-dom.development.js:24917:7)
      at commitPassiveMountEffects 
(node_modules/react-dom/cjs/react-dom.development.js:24905:3)
      at flushPassiveEffectsImpl 
(node_modules/react-dom/cjs/react-dom.development.js:27078:3)
      at flushPassiveEffects 
(node_modules/react-dom/cjs/react-dom.development.js:27023:14)
      at commitRootImpl 
(node_modules/react-dom/cjs/react-dom.development.js:26974:5)
      at commitRoot 
(node_modules/react-dom/cjs/react-dom.development.js:26721:5)
      at performSyncWorkOnRoot 
(node_modules/react-dom/cjs/react-dom.development.js:26156:3)
      at flushSyncCallbacks 
(node_modules/react-dom/cjs/react-dom.development.js:12042:22)
      at flushSync 
(node_modules/react-dom/cjs/react-dom.development.js:26240:7)
      at finishEventHandler 
(node_modules/react-dom/cjs/react-dom.development.js:3976:5)
      at batchedUpdates 
(node_modules/react-dom/cjs/react-dom.development.js:3994:5)
      at dispatchEventForPluginEventSystem 
(node_modules/react-dom/cjs/react-dom.development.js:9287:3)
      at dispatchEventWithEnableCapturePhaseSelectiveHydrationWithoutDiscreteEv
entReplay (node_modules/react-dom/cjs/react-dom.development.js:6465:5)
      at dispatchEvent 
(node_modules/react-dom/cjs/react-dom.development.js:6457:5)
      at dispatchDiscreteEvent 
(node_modules/react-dom/cjs/react-dom.development.js:6430:5)
      at HTMLDivElement.callTheUserObjectsOperation 
(node_modules/jsdom/lib/jsdom/living/generated/EventListener.js:26:30)
      at innerInvokeEventListeners 
(node_modules/jsdom/lib/jsdom/living/events/EventTarget-impl.js:350:25)
      at invokeEventListeners 
(node_modules/jsdom/lib/jsdom/living/events/EventTarget-impl.js:286:3)
      at HTMLInputElementImpl._dispatch 
(node_modules/jsdom/lib/jsdom/living/events/EventTarget-impl.js:233:9)
      at HTMLInputElementImpl.dispatchEvent 
(node_modules/jsdom/lib/jsdom/living/events/EventTarget-impl.js:104:17)
      at HTMLInputElement.dispatchEvent 
(node_modules/jsdom/lib/jsdom/living/generated/EventTarget.js:241:34)
      at 
node_modules/@testing-library/user-event/dist/cjs/event/dispatchEvent.js:45:43
      at Object.eventWrapper 
(node_modules/@testing-library/dom/dist/config.js:25:23)
      at Object.wrapEvent 
(node_modules/@testing-library/user-event/dist/cjs/event/wrapEvent.js:6:28)
      at Object.dispatchEvent (node_modules/@testing-library/user-event/dist/cj
s/event/dispatchEvent.js:45:22)
      at Object.dispatchUIEvent (node_modules/@testing-library/user-event/dist/
cjs/event/dispatchEvent.js:22:26)
      at commitInput 
(node_modules/@testing-library/user-event/dist/cjs/event/input.js:145:14)
      at editInputElement 
(node_modules/@testing-library/user-event/dist/cjs/event/input.js:110:13)
      at Object.input 
(node_modules/@testing-library/user-event/dist/cjs/event/input.js:37:9)
      at node_modules/@testing-library/user-event/dist/cjs/event/behavior/keypr
ess.js:31:26
      at Object.dispatchEvent (node_modules/@testing-library/user-event/dist/cj
s/event/dispatchEvent.js:41:13)
      at Object.dispatchUIEvent (node_modules/@testing-library/user-event/dist/
cjs/event/dispatchEvent.js:22:26)
      at KeyboardHost.keydown 
(node_modules/@testing-library/user-event/dist/cjs/system/keyboard.js:76:22)
      at keyboardAction 
(node_modules/@testing-library/user-event/dist/cjs/keyboard/index.js:22:35)
      at Object.keyboard 
(node_modules/@testing-library/user-event/dist/cjs/keyboard/index.js:11:15)
      at Object.type 
(node_modules/@testing-library/user-event/dist/cjs/utility/type.js:17:5)
      at Object.<anonymous> 
(src/binding-authorities/__tests__/binding-authorities.test.tsx:2204:9)

    console.error
      Warning: An update to BAEndorsePage inside a test was not wrapped in 
act(...).
      
      When testing, code that causes React state updates should be wrapped 
into act(...):
      
      act(() => {
        /* fire events that update state */
      });
      /* assert on the output */
      
      This ensures that you're testing the behavior the user would see in the 
browser. Learn more at https://reactjs.org/link/wrap-tests-with-act
          at BAEndorsePage (C:\Users\samhe\OneDrive\Desktop\Cleaned\frontend\sr
c\binding-authorities\BAEndorsePage\BAEndorsePage.tsx:39:29)
          at routeContext (C:\Users\samhe\OneDrive\Desktop\Cleaned\frontend\nod
e_modules\react-router\lib\hooks.tsx:658:26)
          at children (C:\Users\samhe\OneDrive\Desktop\Cleaned\frontend\node_mo
dules\react-router\lib\components.tsx:512:3)
          at basenameProp (C:\Users\samhe\OneDrive\Desktop\Cleaned\frontend\nod
e_modules\react-router\lib\components.tsx:421:13)
          at basename (C:\Users\samhe\OneDrive\Desktop\Cleaned\frontend\node_mo
dules\react-router\lib\components.tsx:225:3)

      64 |         if (!ba || !id) return
      65 |         getBATransactions(id as unknown as number)
    > 66 |             .then(txs => setTransactions(txs))
         |                          ^
      67 |             .catch(() => { /* non-blocking */ })
      68 |     }, [ba]) // eslint-disable-line react-hooks/exhaustive-deps
      69 |

      at printWarning 
(node_modules/react-dom/cjs/react-dom.development.js:86:30)
      at error (node_modules/react-dom/cjs/react-dom.development.js:60:7)
      at warnIfUpdatesNotWrappedWithActDEV 
(node_modules/react-dom/cjs/react-dom.development.js:27628:9)
      at scheduleUpdateOnFiber 
(node_modules/react-dom/cjs/react-dom.development.js:25547:5)
      at dispatchSetState 
(node_modules/react-dom/cjs/react-dom.development.js:16708:7)
      at src/binding-authorities/BAEndorsePage/BAEndorsePage.tsx:66:26

    console.error
      Warning: An update to BAEndorsePage inside a test was not wrapped in 
act(...).
      
      When testing, code that causes React state updates should be wrapped 
into act(...):
      
      act(() => {
        /* fire events that update state */
      });
      /* assert on the output */
      
      This ensures that you're testing the behavior the user would see in the 
browser. Learn more at https://reactjs.org/link/wrap-tests-with-act
          at BAEndorsePage (C:\Users\samhe\OneDrive\Desktop\Cleaned\frontend\sr
c\binding-authorities\BAEndorsePage\BAEndorsePage.tsx:39:29)
          at routeContext (C:\Users\samhe\OneDrive\Desktop\Cleaned\frontend\nod
e_modules\react-router\lib\hooks.tsx:658:26)
          at children (C:\Users\samhe\OneDrive\Desktop\Cleaned\frontend\node_mo
dules\react-router\lib\components.tsx:512:3)
          at basenameProp (C:\Users\samhe\OneDrive\Desktop\Cleaned\frontend\nod
e_modules\react-router\lib\components.tsx:421:13)
          at basename (C:\Users\samhe\OneDrive\Desktop\Cleaned\frontend\node_mo
dules\react-router\lib\components.tsx:225:3)

      236 |                                     className="block w-full border 
border-gray-300 rounded px-3 py-1.5 text-sm"
      237 |                                     value={effectiveDate}
    > 238 |                                     onChange={e => 
setEffectiveDate(e.target.value)}
          |                                                    ^
      239 |                                 />
      240 |                             </div>
      241 |

      at printWarning 
(node_modules/react-dom/cjs/react-dom.development.js:86:30)
      at error (node_modules/react-dom/cjs/react-dom.development.js:60:7)
      at warnIfUpdatesNotWrappedWithActDEV 
(node_modules/react-dom/cjs/react-dom.development.js:27628:9)
      at scheduleUpdateOnFiber 
(node_modules/react-dom/cjs/react-dom.development.js:25547:5)
      at dispatchSetState 
(node_modules/react-dom/cjs/react-dom.development.js:16708:7)
      at onChange 
(src/binding-authorities/BAEndorsePage/BAEndorsePage.tsx:238:52)
      at HTMLUnknownElement.callCallback 
(node_modules/react-dom/cjs/react-dom.development.js:4164:14)
      at HTMLUnknownElement.callTheUserObjectsOperation 
(node_modules/jsdom/lib/jsdom/living/generated/EventListener.js:26:30)
      at innerInvokeEventListeners 
(node_modules/jsdom/lib/jsdom/living/events/EventTarget-impl.js:350:25)
      at invokeEventListeners 
(node_modules/jsdom/lib/jsdom/living/events/EventTarget-impl.js:286:3)
      at HTMLUnknownElementImpl._dispatch 
(node_modules/jsdom/lib/jsdom/living/events/EventTarget-impl.js:233:9)
      at HTMLUnknownElementImpl.dispatchEvent 
(node_modules/jsdom/lib/jsdom/living/events/EventTarget-impl.js:104:17)
      at HTMLUnknownElement.dispatchEvent 
(node_modules/jsdom/lib/jsdom/living/generated/EventTarget.js:241:34)
      at Object.invokeGuardedCallbackDev 
(node_modules/react-dom/cjs/react-dom.development.js:4213:16)
      at invokeGuardedCallback 
(node_modules/react-dom/cjs/react-dom.development.js:4277:31)
      at invokeGuardedCallbackAndCatchFirstError 
(node_modules/react-dom/cjs/react-dom.development.js:4291:25)
      at executeDispatch 
(node_modules/react-dom/cjs/react-dom.development.js:9041:3)
      at processDispatchQueueItemsInOrder 
(node_modules/react-dom/cjs/react-dom.development.js:9073:7)
      at processDispatchQueue 
(node_modules/react-dom/cjs/react-dom.development.js:9086:5)
      at dispatchEventsForPlugins 
(node_modules/react-dom/cjs/react-dom.development.js:9097:3)
      at node_modules/react-dom/cjs/react-dom.development.js:9288:12
      at batchedUpdates$1 
(node_modules/react-dom/cjs/react-dom.development.js:26179:12)
      at batchedUpdates 
(node_modules/react-dom/cjs/react-dom.development.js:3991:12)
      at dispatchEventForPluginEventSystem 
(node_modules/react-dom/cjs/react-dom.development.js:9287:3)
      at dispatchEventWithEnableCapturePhaseSelectiveHydrationWithoutDiscreteEv
entReplay (node_modules/react-dom/cjs/react-dom.development.js:6465:5)
      at dispatchEvent 
(node_modules/react-dom/cjs/react-dom.development.js:6457:5)
      at dispatchDiscreteEvent 
(node_modules/react-dom/cjs/react-dom.development.js:6430:5)
      at HTMLDivElement.callTheUserObjectsOperation 
(node_modules/jsdom/lib/jsdom/living/generated/EventListener.js:26:30)
      at innerInvokeEventListeners 
(node_modules/jsdom/lib/jsdom/living/events/EventTarget-impl.js:350:25)
      at invokeEventListeners 
(node_modules/jsdom/lib/jsdom/living/events/EventTarget-impl.js:286:3)
      at HTMLInputElementImpl._dispatch 
(node_modules/jsdom/lib/jsdom/living/events/EventTarget-impl.js:233:9)
      at HTMLInputElementImpl.dispatchEvent 
(node_modules/jsdom/lib/jsdom/living/events/EventTarget-impl.js:104:17)
      at HTMLInputElement.dispatchEvent 
(node_modules/jsdom/lib/jsdom/living/generated/EventTarget.js:241:34)
      at 
node_modules/@testing-library/user-event/dist/cjs/event/dispatchEvent.js:45:43
      at Object.eventWrapper 
(node_modules/@testing-library/dom/dist/config.js:25:23)
      at Object.wrapEvent 
(node_modules/@testing-library/user-event/dist/cjs/event/wrapEvent.js:6:28)
      at Object.dispatchEvent (node_modules/@testing-library/user-event/dist/cj
s/event/dispatchEvent.js:45:22)
      at Object.dispatchUIEvent (node_modules/@testing-library/user-event/dist/
cjs/event/dispatchEvent.js:22:26)
      at commitInput 
(node_modules/@testing-library/user-event/dist/cjs/event/input.js:145:14)
      at editInputElement 
(node_modules/@testing-library/user-event/dist/cjs/event/input.js:110:13)
      at Object.input 
(node_modules/@testing-library/user-event/dist/cjs/event/input.js:37:9)
      at node_modules/@testing-library/user-event/dist/cjs/event/behavior/keypr
ess.js:31:26
      at Object.dispatchEvent (node_modules/@testing-library/user-event/dist/cj
s/event/dispatchEvent.js:41:13)
      at Object.dispatchUIEvent (node_modules/@testing-library/user-event/dist/
cjs/event/dispatchEvent.js:22:26)
      at KeyboardHost.keydown 
(node_modules/@testing-library/user-event/dist/cjs/system/keyboard.js:76:22)
      at keyboardAction 
(node_modules/@testing-library/user-event/dist/cjs/keyboard/index.js:22:35)
      at Object.keyboard 
(node_modules/@testing-library/user-event/dist/cjs/keyboard/index.js:11:15)
      at Object.type 
(node_modules/@testing-library/user-event/dist/cjs/utility/type.js:17:5)
      at Object.<anonymous> 
(src/binding-authorities/__tests__/binding-authorities.test.tsx:2213:9)

    console.error
      Warning: An update to BAEndorsePage inside a test was not wrapped in 
act(...).
      
      When testing, code that causes React state updates should be wrapped 
into act(...):
      
      act(() => {
        /* fire events that update state */
      });
      /* assert on the output */
      
      This ensures that you're testing the behavior the user would see in the 
browser. Learn more at https://reactjs.org/link/wrap-tests-with-act
          at BAEndorsePage (C:\Users\samhe\OneDrive\Desktop\Cleaned\frontend\sr
c\binding-authorities\BAEndorsePage\BAEndorsePage.tsx:39:29)
          at routeContext (C:\Users\samhe\OneDrive\Desktop\Cleaned\frontend\nod
e_modules\react-router\lib\hooks.tsx:658:26)
          at children (C:\Users\samhe\OneDrive\Desktop\Cleaned\frontend\node_mo
dules\react-router\lib\components.tsx:512:3)
          at basenameProp (C:\Users\samhe\OneDrive\Desktop\Cleaned\frontend\nod
e_modules\react-router\lib\components.tsx:421:13)
          at basename (C:\Users\samhe\OneDrive\Desktop\Cleaned\frontend\node_mo
dules\react-router\lib\components.tsx:225:3)

      70 |     useEffect(() => {
      71 |         if (endorsementType !== 'Administrative' || effectiveDate 
|| description) {
    > 72 |             setIsDirty(true)
         |             ^
      73 |         }
      74 |     }, [endorsementType, effectiveDate, description])
      75 |

      at printWarning 
(node_modules/react-dom/cjs/react-dom.development.js:86:30)
      at error (node_modules/react-dom/cjs/react-dom.development.js:60:7)
      at warnIfUpdatesNotWrappedWithActDEV 
(node_modules/react-dom/cjs/react-dom.development.js:27628:9)
      at scheduleUpdateOnFiber 
(node_modules/react-dom/cjs/react-dom.development.js:25547:5)
      at dispatchSetState 
(node_modules/react-dom/cjs/react-dom.development.js:16708:7)
      at src/binding-authorities/BAEndorsePage/BAEndorsePage.tsx:72:13
      at commitHookEffectListMount 
(node_modules/react-dom/cjs/react-dom.development.js:23189:26)
      at commitPassiveMountOnFiber 
(node_modules/react-dom/cjs/react-dom.development.js:24970:11)
      at commitPassiveMountEffects_complete 
(node_modules/react-dom/cjs/react-dom.development.js:24930:9)
      at commitPassiveMountEffects_begin 
(node_modules/react-dom/cjs/react-dom.development.js:24917:7)
      at commitPassiveMountEffects 
(node_modules/react-dom/cjs/react-dom.development.js:24905:3)
      at flushPassiveEffectsImpl 
(node_modules/react-dom/cjs/react-dom.development.js:27078:3)
      at flushPassiveEffects 
(node_modules/react-dom/cjs/react-dom.development.js:27023:14)
      at commitRootImpl 
(node_modules/react-dom/cjs/react-dom.development.js:26974:5)
      at commitRoot 
(node_modules/react-dom/cjs/react-dom.development.js:26721:5)
      at performSyncWorkOnRoot 
(node_modules/react-dom/cjs/react-dom.development.js:26156:3)
      at flushSyncCallbacks 
(node_modules/react-dom/cjs/react-dom.development.js:12042:22)
      at flushSync 
(node_modules/react-dom/cjs/react-dom.development.js:26240:7)
      at finishEventHandler 
(node_modules/react-dom/cjs/react-dom.development.js:3976:5)
      at batchedUpdates 
(node_modules/react-dom/cjs/react-dom.development.js:3994:5)
      at dispatchEventForPluginEventSystem 
(node_modules/react-dom/cjs/react-dom.development.js:9287:3)
      at dispatchEventWithEnableCapturePhaseSelectiveHydrationWithoutDiscreteEv
entReplay (node_modules/react-dom/cjs/react-dom.development.js:6465:5)
      at dispatchEvent 
(node_modules/react-dom/cjs/react-dom.development.js:6457:5)
      at dispatchDiscreteEvent 
(node_modules/react-dom/cjs/react-dom.development.js:6430:5)
      at HTMLDivElement.callTheUserObjectsOperation 
(node_modules/jsdom/lib/jsdom/living/generated/EventListener.js:26:30)
      at innerInvokeEventListeners 
(node_modules/jsdom/lib/jsdom/living/events/EventTarget-impl.js:350:25)
      at invokeEventListeners 
(node_modules/jsdom/lib/jsdom/living/events/EventTarget-impl.js:286:3)
      at HTMLInputElementImpl._dispatch 
(node_modules/jsdom/lib/jsdom/living/events/EventTarget-impl.js:233:9)
      at HTMLInputElementImpl.dispatchEvent 
(node_modules/jsdom/lib/jsdom/living/events/EventTarget-impl.js:104:17)
      at HTMLInputElement.dispatchEvent 
(node_modules/jsdom/lib/jsdom/living/generated/EventTarget.js:241:34)
      at 
node_modules/@testing-library/user-event/dist/cjs/event/dispatchEvent.js:45:43
      at Object.eventWrapper 
(node_modules/@testing-library/dom/dist/config.js:25:23)
      at Object.wrapEvent 
(node_modules/@testing-library/user-event/dist/cjs/event/wrapEvent.js:6:28)
      at Object.dispatchEvent (node_modules/@testing-library/user-event/dist/cj
s/event/dispatchEvent.js:45:22)
      at Object.dispatchUIEvent (node_modules/@testing-library/user-event/dist/
cjs/event/dispatchEvent.js:22:26)
      at commitInput 
(node_modules/@testing-library/user-event/dist/cjs/event/input.js:145:14)
      at editInputElement 
(node_modules/@testing-library/user-event/dist/cjs/event/input.js:110:13)
      at Object.input 
(node_modules/@testing-library/user-event/dist/cjs/event/input.js:37:9)
      at node_modules/@testing-library/user-event/dist/cjs/event/behavior/keypr
ess.js:31:26
      at Object.dispatchEvent (node_modules/@testing-library/user-event/dist/cj
s/event/dispatchEvent.js:41:13)
      at Object.dispatchUIEvent (node_modules/@testing-library/user-event/dist/
cjs/event/dispatchEvent.js:22:26)
      at KeyboardHost.keydown 
(node_modules/@testing-library/user-event/dist/cjs/system/keyboard.js:76:22)
      at keyboardAction 
(node_modules/@testing-library/user-event/dist/cjs/keyboard/index.js:22:35)
      at Object.keyboard 
(node_modules/@testing-library/user-event/dist/cjs/keyboard/index.js:11:15)
      at Object.type 
(node_modules/@testing-library/user-event/dist/cjs/utility/type.js:17:5)
      at Object.<anonymous> 
(src/binding-authorities/__tests__/binding-authorities.test.tsx:2213:9)

    console.error
      Warning: An update to BAEndorsePage inside a test was not wrapped in 
act(...).
      
      When testing, code that causes React state updates should be wrapped 
into act(...):
      
      act(() => {
        /* fire events that update state */
      });
      /* assert on the output */
      
      This ensures that you're testing the behavior the user would see in the 
browser. Learn more at https://reactjs.org/link/wrap-tests-with-act
          at BAEndorsePage (C:\Users\samhe\OneDrive\Desktop\Cleaned\frontend\sr
c\binding-authorities\BAEndorsePage\BAEndorsePage.tsx:39:29)
          at routeContext (C:\Users\samhe\OneDrive\Desktop\Cleaned\frontend\nod
e_modules\react-router\lib\hooks.tsx:658:26)
          at children (C:\Users\samhe\OneDrive\Desktop\Cleaned\frontend\node_mo
dules\react-router\lib\components.tsx:512:3)
          at basenameProp (C:\Users\samhe\OneDrive\Desktop\Cleaned\frontend\nod
e_modules\react-router\lib\components.tsx:421:13)
          at basename (C:\Users\samhe\OneDrive\Desktop\Cleaned\frontend\node_mo
dules\react-router\lib\components.tsx:225:3)

      193 |                                         value={endorsementType}
      194 |                                         onChange={e => {
    > 195 |                                             
setEndorsementType(e.target.value)
          |                                             ^
      196 |                                             
setEndorsementSubType('Mid Term Adjustment')
      197 |                                         }}
      198 |                                     >

      at printWarning 
(node_modules/react-dom/cjs/react-dom.development.js:86:30)
      at error (node_modules/react-dom/cjs/react-dom.development.js:60:7)
      at warnIfUpdatesNotWrappedWithActDEV 
(node_modules/react-dom/cjs/react-dom.development.js:27628:9)
      at scheduleUpdateOnFiber 
(node_modules/react-dom/cjs/react-dom.development.js:25547:5)
      at dispatchSetState 
(node_modules/react-dom/cjs/react-dom.development.js:16708:7)
      at onChange 
(src/binding-authorities/BAEndorsePage/BAEndorsePage.tsx:195:45)
      at HTMLUnknownElement.callCallback 
(node_modules/react-dom/cjs/react-dom.development.js:4164:14)
      at HTMLUnknownElement.callTheUserObjectsOperation 
(node_modules/jsdom/lib/jsdom/living/generated/EventListener.js:26:30)
      at innerInvokeEventListeners 
(node_modules/jsdom/lib/jsdom/living/events/EventTarget-impl.js:350:25)
      at invokeEventListeners 
(node_modules/jsdom/lib/jsdom/living/events/EventTarget-impl.js:286:3)
      at HTMLUnknownElementImpl._dispatch 
(node_modules/jsdom/lib/jsdom/living/events/EventTarget-impl.js:233:9)
      at HTMLUnknownElementImpl.dispatchEvent 
(node_modules/jsdom/lib/jsdom/living/events/EventTarget-impl.js:104:17)
      at HTMLUnknownElement.dispatchEvent 
(node_modules/jsdom/lib/jsdom/living/generated/EventTarget.js:241:34)
      at Object.invokeGuardedCallbackDev 
(node_modules/react-dom/cjs/react-dom.development.js:4213:16)
      at invokeGuardedCallback 
(node_modules/react-dom/cjs/react-dom.development.js:4277:31)
      at invokeGuardedCallbackAndCatchFirstError 
(node_modules/react-dom/cjs/react-dom.development.js:4291:25)
      at executeDispatch 
(node_modules/react-dom/cjs/react-dom.development.js:9041:3)
      at processDispatchQueueItemsInOrder 
(node_modules/react-dom/cjs/react-dom.development.js:9073:7)
      at processDispatchQueue 
(node_modules/react-dom/cjs/react-dom.development.js:9086:5)
      at dispatchEventsForPlugins 
(node_modules/react-dom/cjs/react-dom.development.js:9097:3)
      at node_modules/react-dom/cjs/react-dom.development.js:9288:12
      at batchedUpdates$1 
(node_modules/react-dom/cjs/react-dom.development.js:26179:12)
      at batchedUpdates 
(node_modules/react-dom/cjs/react-dom.development.js:3991:12)
      at dispatchEventForPluginEventSystem 
(node_modules/react-dom/cjs/react-dom.development.js:9287:3)
      at dispatchEventWithEnableCapturePhaseSelectiveHydrationWithoutDiscreteEv
entReplay (node_modules/react-dom/cjs/react-dom.development.js:6465:5)
      at dispatchEvent 
(node_modules/react-dom/cjs/react-dom.development.js:6457:5)
      at dispatchDiscreteEvent 
(node_modules/react-dom/cjs/react-dom.development.js:6430:5)
      at HTMLDivElement.callTheUserObjectsOperation 
(node_modules/jsdom/lib/jsdom/living/generated/EventListener.js:26:30)
      at innerInvokeEventListeners 
(node_modules/jsdom/lib/jsdom/living/events/EventTarget-impl.js:350:25)
      at invokeEventListeners 
(node_modules/jsdom/lib/jsdom/living/events/EventTarget-impl.js:286:3)
      at HTMLSelectElementImpl._dispatch 
(node_modules/jsdom/lib/jsdom/living/events/EventTarget-impl.js:233:9)
      at HTMLSelectElementImpl.dispatchEvent 
(node_modules/jsdom/lib/jsdom/living/events/EventTarget-impl.js:104:17)
      at Proxy.dispatchEvent 
(node_modules/jsdom/lib/jsdom/living/generated/EventTarget.js:241:34)
      at 
node_modules/@testing-library/user-event/dist/cjs/event/dispatchEvent.js:45:43
      at Object.eventWrapper 
(node_modules/@testing-library/dom/dist/config.js:25:23)
      at Object.wrapEvent 
(node_modules/@testing-library/user-event/dist/cjs/event/wrapEvent.js:6:28)
      at Object.dispatchEvent (node_modules/@testing-library/user-event/dist/cj
s/event/dispatchEvent.js:45:22)
      at Object.dispatchUIEvent (node_modules/@testing-library/user-event/dist/
cjs/event/dispatchEvent.js:22:26)
      at selectOption (node_modules/@testing-library/user-event/dist/cjs/utilit
y/selectOptions.js:51:14)
      at Object.selectOptionsBase (node_modules/@testing-library/user-event/dis
t/cjs/utility/selectOptions.js:87:13)
      at Object.<anonymous> 
(src/binding-authorities/__tests__/binding-authorities.test.tsx:2240:9)

    console.error
      Warning: An update to BAEndorsePage inside a test was not wrapped in 
act(...).
      
      When testing, code that causes React state updates should be wrapped 
into act(...):
      
      act(() => {
        /* fire events that update state */
      });
      /* assert on the output */
      
      This ensures that you're testing the behavior the user would see in the 
browser. Learn more at https://reactjs.org/link/wrap-tests-with-act
          at BAEndorsePage (C:\Users\samhe\OneDrive\Desktop\Cleaned\frontend\sr
c\binding-authorities\BAEndorsePage\BAEndorsePage.tsx:39:29)
          at routeContext (C:\Users\samhe\OneDrive\Desktop\Cleaned\frontend\nod
e_modules\react-router\lib\hooks.tsx:658:26)
          at children (C:\Users\samhe\OneDrive\Desktop\Cleaned\frontend\node_mo
dules\react-router\lib\components.tsx:512:3)
          at basenameProp (C:\Users\samhe\OneDrive\Desktop\Cleaned\frontend\nod
e_modules\react-router\lib\components.tsx:421:13)
          at basename (C:\Users\samhe\OneDrive\Desktop\Cleaned\frontend\node_mo
dules\react-router\lib\components.tsx:225:3)

      194 |                                         onChange={e => {
      195 |                                             
setEndorsementType(e.target.value)
    > 196 |                                             
setEndorsementSubType('Mid Term Adjustment')
          |                                             ^
      197 |                                         }}
      198 |                                     >
      199 |                                         <option 
value="Administrative">Administrative</option>

      at printWarning 
(node_modules/react-dom/cjs/react-dom.development.js:86:30)
      at error (node_modules/react-dom/cjs/react-dom.development.js:60:7)
      at warnIfUpdatesNotWrappedWithActDEV 
(node_modules/react-dom/cjs/react-dom.development.js:27628:9)
      at scheduleUpdateOnFiber 
(node_modules/react-dom/cjs/react-dom.development.js:25547:5)
      at dispatchSetState 
(node_modules/react-dom/cjs/react-dom.development.js:16708:7)
      at onChange 
(src/binding-authorities/BAEndorsePage/BAEndorsePage.tsx:196:45)
      at HTMLUnknownElement.callCallback 
(node_modules/react-dom/cjs/react-dom.development.js:4164:14)
      at HTMLUnknownElement.callTheUserObjectsOperation 
(node_modules/jsdom/lib/jsdom/living/generated/EventListener.js:26:30)
      at innerInvokeEventListeners 
(node_modules/jsdom/lib/jsdom/living/events/EventTarget-impl.js:350:25)
      at invokeEventListeners 
(node_modules/jsdom/lib/jsdom/living/events/EventTarget-impl.js:286:3)
      at HTMLUnknownElementImpl._dispatch 
(node_modules/jsdom/lib/jsdom/living/events/EventTarget-impl.js:233:9)
      at HTMLUnknownElementImpl.dispatchEvent 
(node_modules/jsdom/lib/jsdom/living/events/EventTarget-impl.js:104:17)
      at HTMLUnknownElement.dispatchEvent 
(node_modules/jsdom/lib/jsdom/living/generated/EventTarget.js:241:34)
      at Object.invokeGuardedCallbackDev 
(node_modules/react-dom/cjs/react-dom.development.js:4213:16)
      at invokeGuardedCallback 
(node_modules/react-dom/cjs/react-dom.development.js:4277:31)
      at invokeGuardedCallbackAndCatchFirstError 
(node_modules/react-dom/cjs/react-dom.development.js:4291:25)
      at executeDispatch 
(node_modules/react-dom/cjs/react-dom.development.js:9041:3)
      at processDispatchQueueItemsInOrder 
(node_modules/react-dom/cjs/react-dom.development.js:9073:7)
      at processDispatchQueue 
(node_modules/react-dom/cjs/react-dom.development.js:9086:5)
      at dispatchEventsForPlugins 
(node_modules/react-dom/cjs/react-dom.development.js:9097:3)
      at node_modules/react-dom/cjs/react-dom.development.js:9288:12
      at batchedUpdates$1 
(node_modules/react-dom/cjs/react-dom.development.js:26179:12)
      at batchedUpdates 
(node_modules/react-dom/cjs/react-dom.development.js:3991:12)
      at dispatchEventForPluginEventSystem 
(node_modules/react-dom/cjs/react-dom.development.js:9287:3)
      at dispatchEventWithEnableCapturePhaseSelectiveHydrationWithoutDiscreteEv
entReplay (node_modules/react-dom/cjs/react-dom.development.js:6465:5)
      at dispatchEvent 
(node_modules/react-dom/cjs/react-dom.development.js:6457:5)
      at dispatchDiscreteEvent 
(node_modules/react-dom/cjs/react-dom.development.js:6430:5)
      at HTMLDivElement.callTheUserObjectsOperation 
(node_modules/jsdom/lib/jsdom/living/generated/EventListener.js:26:30)
      at innerInvokeEventListeners 
(node_modules/jsdom/lib/jsdom/living/events/EventTarget-impl.js:350:25)
      at invokeEventListeners 
(node_modules/jsdom/lib/jsdom/living/events/EventTarget-impl.js:286:3)
      at HTMLSelectElementImpl._dispatch 
(node_modules/jsdom/lib/jsdom/living/events/EventTarget-impl.js:233:9)
      at HTMLSelectElementImpl.dispatchEvent 
(node_modules/jsdom/lib/jsdom/living/events/EventTarget-impl.js:104:17)
      at Proxy.dispatchEvent 
(node_modules/jsdom/lib/jsdom/living/generated/EventTarget.js:241:34)
      at 
node_modules/@testing-library/user-event/dist/cjs/event/dispatchEvent.js:45:43
      at Object.eventWrapper 
(node_modules/@testing-library/dom/dist/config.js:25:23)
      at Object.wrapEvent 
(node_modules/@testing-library/user-event/dist/cjs/event/wrapEvent.js:6:28)
      at Object.dispatchEvent (node_modules/@testing-library/user-event/dist/cj
s/event/dispatchEvent.js:45:22)
      at Object.dispatchUIEvent (node_modules/@testing-library/user-event/dist/
cjs/event/dispatchEvent.js:22:26)
      at selectOption (node_modules/@testing-library/user-event/dist/cjs/utilit
y/selectOptions.js:51:14)
      at Object.selectOptionsBase (node_modules/@testing-library/user-event/dis
t/cjs/utility/selectOptions.js:87:13)
      at Object.<anonymous> 
(src/binding-authorities/__tests__/binding-authorities.test.tsx:2240:9)

    console.error
      Warning: An update to BAEndorsePage inside a test was not wrapped in 
act(...).
      
      When testing, code that causes React state updates should be wrapped 
into act(...):
      
      act(() => {
        /* fire events that update state */
      });
      /* assert on the output */
      
      This ensures that you're testing the behavior the user would see in the 
browser. Learn more at https://reactjs.org/link/wrap-tests-with-act
          at BAEndorsePage (C:\Users\samhe\OneDrive\Desktop\Cleaned\frontend\sr
c\binding-authorities\BAEndorsePage\BAEndorsePage.tsx:39:29)
          at routeContext (C:\Users\samhe\OneDrive\Desktop\Cleaned\frontend\nod
e_modules\react-router\lib\hooks.tsx:658:26)
          at children (C:\Users\samhe\OneDrive\Desktop\Cleaned\frontend\node_mo
dules\react-router\lib\components.tsx:512:3)
          at basenameProp (C:\Users\samhe\OneDrive\Desktop\Cleaned\frontend\nod
e_modules\react-router\lib\components.tsx:421:13)
          at basename (C:\Users\samhe\OneDrive\Desktop\Cleaned\frontend\node_mo
dules\react-router\lib\components.tsx:225:3)

      70 |     useEffect(() => {
      71 |         if (endorsementType !== 'Administrative' || effectiveDate 
|| description) {
    > 72 |             setIsDirty(true)
         |             ^
      73 |         }
      74 |     }, [endorsementType, effectiveDate, description])
      75 |

      at printWarning 
(node_modules/react-dom/cjs/react-dom.development.js:86:30)
      at error (node_modules/react-dom/cjs/react-dom.development.js:60:7)
      at warnIfUpdatesNotWrappedWithActDEV 
(node_modules/react-dom/cjs/react-dom.development.js:27628:9)
      at scheduleUpdateOnFiber 
(node_modules/react-dom/cjs/react-dom.development.js:25547:5)
      at dispatchSetState 
(node_modules/react-dom/cjs/react-dom.development.js:16708:7)
      at src/binding-authorities/BAEndorsePage/BAEndorsePage.tsx:72:13
      at commitHookEffectListMount 
(node_modules/react-dom/cjs/react-dom.development.js:23189:26)
      at commitPassiveMountOnFiber 
(node_modules/react-dom/cjs/react-dom.development.js:24970:11)
      at commitPassiveMountEffects_complete 
(node_modules/react-dom/cjs/react-dom.development.js:24930:9)
      at commitPassiveMountEffects_begin 
(node_modules/react-dom/cjs/react-dom.development.js:24917:7)
      at commitPassiveMountEffects 
(node_modules/react-dom/cjs/react-dom.development.js:24905:3)
      at flushPassiveEffectsImpl 
(node_modules/react-dom/cjs/react-dom.development.js:27078:3)
      at flushPassiveEffects 
(node_modules/react-dom/cjs/react-dom.development.js:27023:14)
      at commitRootImpl 
(node_modules/react-dom/cjs/react-dom.development.js:26974:5)
      at commitRoot 
(node_modules/react-dom/cjs/react-dom.development.js:26721:5)
      at performSyncWorkOnRoot 
(node_modules/react-dom/cjs/react-dom.development.js:26156:3)
      at flushSyncCallbacks 
(node_modules/react-dom/cjs/react-dom.development.js:12042:22)
      at flushSync 
(node_modules/react-dom/cjs/react-dom.development.js:26240:7)
      at finishEventHandler 
(node_modules/react-dom/cjs/react-dom.development.js:3976:5)
      at batchedUpdates 
(node_modules/react-dom/cjs/react-dom.development.js:3994:5)
      at dispatchEventForPluginEventSystem 
(node_modules/react-dom/cjs/react-dom.development.js:9287:3)
      at dispatchEventWithEnableCapturePhaseSelectiveHydrationWithoutDiscreteEv
entReplay (node_modules/react-dom/cjs/react-dom.development.js:6465:5)
      at dispatchEvent 
(node_modules/react-dom/cjs/react-dom.development.js:6457:5)
      at dispatchDiscreteEvent 
(node_modules/react-dom/cjs/react-dom.development.js:6430:5)
      at HTMLDivElement.callTheUserObjectsOperation 
(node_modules/jsdom/lib/jsdom/living/generated/EventListener.js:26:30)
      at innerInvokeEventListeners 
(node_modules/jsdom/lib/jsdom/living/events/EventTarget-impl.js:350:25)
      at invokeEventListeners 
(node_modules/jsdom/lib/jsdom/living/events/EventTarget-impl.js:286:3)
      at HTMLSelectElementImpl._dispatch 
(node_modules/jsdom/lib/jsdom/living/events/EventTarget-impl.js:233:9)
      at HTMLSelectElementImpl.dispatchEvent 
(node_modules/jsdom/lib/jsdom/living/events/EventTarget-impl.js:104:17)
      at Proxy.dispatchEvent 
(node_modules/jsdom/lib/jsdom/living/generated/EventTarget.js:241:34)
      at 
node_modules/@testing-library/user-event/dist/cjs/event/dispatchEvent.js:45:43
      at Object.eventWrapper 
(node_modules/@testing-library/dom/dist/config.js:25:23)
      at Object.wrapEvent 
(node_modules/@testing-library/user-event/dist/cjs/event/wrapEvent.js:6:28)
      at Object.dispatchEvent (node_modules/@testing-library/user-event/dist/cj
s/event/dispatchEvent.js:45:22)
      at Object.dispatchUIEvent (node_modules/@testing-library/user-event/dist/
cjs/event/dispatchEvent.js:22:26)
      at selectOption (node_modules/@testing-library/user-event/dist/cjs/utilit
y/selectOptions.js:51:14)
      at Object.selectOptionsBase (node_modules/@testing-library/user-event/dis
t/cjs/utility/selectOptions.js:87:13)
      at Object.<anonymous> 
(src/binding-authorities/__tests__/binding-authorities.test.tsx:2240:9)

    console.error
      Warning: An update to BAEndorsementPage inside a test was not wrapped in 
act(...).
      
      When testing, code that causes React state updates should be wrapped 
into act(...):
      
      act(() => {
        /* fire events that update state */
      });
      /* assert on the output */
      
      This ensures that you're testing the behavior the user would see in the 
browser. Learn more at https://reactjs.org/link/wrap-tests-with-act
          at BAEndorsementPage (C:\Users\samhe\OneDrive\Desktop\Cleaned\fronten
d\src\binding-authorities\BAEndorsementPage\BAEndorsementPage.tsx:93:44)
          at routeContext (C:\Users\samhe\OneDrive\Desktop\Cleaned\frontend\nod
e_modules\react-router\lib\hooks.tsx:658:26)
          at children (C:\Users\samhe\OneDrive\Desktop\Cleaned\frontend\node_mo
dules\react-router\lib\components.tsx:512:3)
          at basenameProp (C:\Users\samhe\OneDrive\Desktop\Cleaned\frontend\nod
e_modules\react-router\lib\components.tsx:421:13)
          at basename (C:\Users\samhe\OneDrive\Desktop\Cleaned\frontend\node_mo
dules\react-router\lib\components.tsx:225:3)

      316 |         if (endorsement.status !== 'Draft') return
      317 |         if (!hasMinimumSectionFields(sections)) {
    > 318 |             setSectionValidationAttempted(true)
          |             ^
      319 |             addNotification(MINIMUM_SECTION_FIELDS_ERROR, 'error')
      320 |             return
      321 |         }

      at printWarning 
(node_modules/react-dom/cjs/react-dom.development.js:86:30)
      at error (node_modules/react-dom/cjs/react-dom.development.js:60:7)
      at warnIfUpdatesNotWrappedWithActDEV 
(node_modules/react-dom/cjs/react-dom.development.js:27628:9)
      at scheduleUpdateOnFiber 
(node_modules/react-dom/cjs/react-dom.development.js:25547:5)
      at dispatchSetState 
(node_modules/react-dom/cjs/react-dom.development.js:16708:7)
      at src/binding-authorities/BAEndorsementPage/BAEndorsementPage.tsx:318:13
      at onBind 
(src/binding-authorities/BAEndorsementPage/BAEndorsementPage.tsx:430:30)
      at callTheUserObjectsOperation 
(node_modules/jsdom/lib/jsdom/living/generated/EventListener.js:26:30)
      at innerInvokeEventListeners 
(node_modules/jsdom/lib/jsdom/living/events/EventTarget-impl.js:350:25)
      at invokeEventListeners 
(node_modules/jsdom/lib/jsdom/living/events/EventTarget-impl.js:286:3)
      at EventTargetImpl._dispatch 
(node_modules/jsdom/lib/jsdom/living/events/EventTarget-impl.js:233:9)
      at EventTargetImpl.dispatchEvent 
(node_modules/jsdom/lib/jsdom/living/events/EventTarget-impl.js:104:17)
      at dispatchEvent 
(node_modules/jsdom/lib/jsdom/living/generated/EventTarget.js:241:34)
      at Object.<anonymous> 
(src/binding-authorities/__tests__/binding-authorities.test.tsx:2326:16)

    console.error
      Warning: An update to BAEndorsementPage inside a test was not wrapped in 
act(...).
      
      When testing, code that causes React state updates should be wrapped 
into act(...):
      
      act(() => {
        /* fire events that update state */
      });
      /* assert on the output */
      
      This ensures that you're testing the behavior the user would see in the 
browser. Learn more at https://reactjs.org/link/wrap-tests-with-act
          at BAEndorsementPage (C:\Users\samhe\OneDrive\Desktop\Cleaned\fronten
d\src\binding-authorities\BAEndorsementPage\BAEndorsementPage.tsx:93:44)
          at routeContext (C:\Users\samhe\OneDrive\Desktop\Cleaned\frontend\nod
e_modules\react-router\lib\hooks.tsx:658:26)
          at children (C:\Users\samhe\OneDrive\Desktop\Cleaned\frontend\node_mo
dules\react-router\lib\components.tsx:512:3)
          at basenameProp (C:\Users\samhe\OneDrive\Desktop\Cleaned\frontend\nod
e_modules\react-router\lib\components.tsx:421:13)
          at basename (C:\Users\samhe\OneDrive\Desktop\Cleaned\frontend\node_mo
dules\react-router\lib\components.tsx:225:3)

      718 |                                 value={yearOfAccount}
      719 |                                 disabled={!isEditable}
    > 720 |                                 onChange={e => { 
setYearOfAccount(e.target.value); setIsDirty(true) }}
          |                                                  ^
      721 |                             />
      722 |                         </div>
      723 |                     </div>

      at printWarning 
(node_modules/react-dom/cjs/react-dom.development.js:86:30)
      at error (node_modules/react-dom/cjs/react-dom.development.js:60:7)
      at warnIfUpdatesNotWrappedWithActDEV 
(node_modules/react-dom/cjs/react-dom.development.js:27628:9)
      at scheduleUpdateOnFiber 
(node_modules/react-dom/cjs/react-dom.development.js:25547:5)
      at dispatchSetState 
(node_modules/react-dom/cjs/react-dom.development.js:16708:7)
      at onChange 
(src/binding-authorities/BAEndorsementPage/BAEndorsementPage.tsx:720:50)
      at HTMLUnknownElement.callCallback 
(node_modules/react-dom/cjs/react-dom.development.js:4164:14)
      at HTMLUnknownElement.callTheUserObjectsOperation 
(node_modules/jsdom/lib/jsdom/living/generated/EventListener.js:26:30)
      at innerInvokeEventListeners 
(node_modules/jsdom/lib/jsdom/living/events/EventTarget-impl.js:350:25)
      at invokeEventListeners 
(node_modules/jsdom/lib/jsdom/living/events/EventTarget-impl.js:286:3)
      at HTMLUnknownElementImpl._dispatch 
(node_modules/jsdom/lib/jsdom/living/events/EventTarget-impl.js:233:9)
      at HTMLUnknownElementImpl.dispatchEvent 
(node_modules/jsdom/lib/jsdom/living/events/EventTarget-impl.js:104:17)
      at HTMLUnknownElement.dispatchEvent 
(node_modules/jsdom/lib/jsdom/living/generated/EventTarget.js:241:34)
      at Object.invokeGuardedCallbackDev 
(node_modules/react-dom/cjs/react-dom.development.js:4213:16)
      at invokeGuardedCallback 
(node_modules/react-dom/cjs/react-dom.development.js:4277:31)
      at invokeGuardedCallbackAndCatchFirstError 
(node_modules/react-dom/cjs/react-dom.development.js:4291:25)
      at executeDispatch 
(node_modules/react-dom/cjs/react-dom.development.js:9041:3)
      at processDispatchQueueItemsInOrder 
(node_modules/react-dom/cjs/react-dom.development.js:9073:7)
      at processDispatchQueue 
(node_modules/react-dom/cjs/react-dom.development.js:9086:5)
      at dispatchEventsForPlugins 
(node_modules/react-dom/cjs/react-dom.development.js:9097:3)
      at node_modules/react-dom/cjs/react-dom.development.js:9288:12
      at batchedUpdates$1 
(node_modules/react-dom/cjs/react-dom.development.js:26179:12)
      at batchedUpdates 
(node_modules/react-dom/cjs/react-dom.development.js:3991:12)
      at dispatchEventForPluginEventSystem 
(node_modules/react-dom/cjs/react-dom.development.js:9287:3)
      at dispatchEventWithEnableCapturePhaseSelectiveHydrationWithoutDiscreteEv
entReplay (node_modules/react-dom/cjs/react-dom.development.js:6465:5)
      at dispatchEvent 
(node_modules/react-dom/cjs/react-dom.development.js:6457:5)
      at dispatchDiscreteEvent 
(node_modules/react-dom/cjs/react-dom.development.js:6430:5)
      at HTMLDivElement.callTheUserObjectsOperation 
(node_modules/jsdom/lib/jsdom/living/generated/EventListener.js:26:30)
      at innerInvokeEventListeners 
(node_modules/jsdom/lib/jsdom/living/events/EventTarget-impl.js:350:25)
      at invokeEventListeners 
(node_modules/jsdom/lib/jsdom/living/events/EventTarget-impl.js:286:3)
      at HTMLInputElementImpl._dispatch 
(node_modules/jsdom/lib/jsdom/living/events/EventTarget-impl.js:233:9)
      at HTMLInputElementImpl.dispatchEvent 
(node_modules/jsdom/lib/jsdom/living/events/EventTarget-impl.js:104:17)
      at HTMLInputElement.dispatchEvent 
(node_modules/jsdom/lib/jsdom/living/generated/EventTarget.js:241:34)
      at 
node_modules/@testing-library/user-event/dist/cjs/event/dispatchEvent.js:45:43
      at Object.eventWrapper 
(node_modules/@testing-library/dom/dist/config.js:25:23)
      at Object.wrapEvent 
(node_modules/@testing-library/user-event/dist/cjs/event/wrapEvent.js:6:28)
      at Object.dispatchEvent (node_modules/@testing-library/user-event/dist/cj
s/event/dispatchEvent.js:45:22)
      at Object.dispatchUIEvent (node_modules/@testing-library/user-event/dist/
cjs/event/dispatchEvent.js:22:26)
      at commitInput 
(node_modules/@testing-library/user-event/dist/cjs/event/input.js:145:14)
      at editInputElement 
(node_modules/@testing-library/user-event/dist/cjs/event/input.js:115:9)
      at Object.input 
(node_modules/@testing-library/user-event/dist/cjs/event/input.js:37:9)
      at Object.clear 
(node_modules/@testing-library/user-event/dist/cjs/utility/clear.js:29:11)
      at node_modules/@testing-library/user-event/dist/cjs/setup/setup.js:85:45
      at Object.asyncWrapper 
(node_modules/@testing-library/dom/dist/config.js:23:23)
      at Object.wrapAsync 
(node_modules/@testing-library/user-event/dist/cjs/setup/wrapAsync.js:8:28)
      at Object.method [as clear] 
(node_modules/@testing-library/user-event/dist/cjs/setup/setup.js:85:26)
      at Object.clear 
(node_modules/@testing-library/user-event/dist/cjs/setup/directApi.js:6:36)
      at Object.<anonymous> 
(src/binding-authorities/__tests__/binding-authorities.test.tsx:2343:25)

    console.error
      Warning: An update to BAEndorsementPage inside a test was not wrapped in 
act(...).
      
      When testing, code that causes React state updates should be wrapped 
into act(...):
      
      act(() => {
        /* fire events that update state */
      });
      /* assert on the output */
      
      This ensures that you're testing the behavior the user would see in the 
browser. Learn more at https://reactjs.org/link/wrap-tests-with-act
          at BAEndorsementPage (C:\Users\samhe\OneDrive\Desktop\Cleaned\fronten
d\src\binding-authorities\BAEndorsementPage\BAEndorsementPage.tsx:93:44)
          at routeContext (C:\Users\samhe\OneDrive\Desktop\Cleaned\frontend\nod
e_modules\react-router\lib\hooks.tsx:658:26)
          at children (C:\Users\samhe\OneDrive\Desktop\Cleaned\frontend\node_mo
dules\react-router\lib\components.tsx:512:3)
          at basenameProp (C:\Users\samhe\OneDrive\Desktop\Cleaned\frontend\nod
e_modules\react-router\lib\components.tsx:421:13)
          at basename (C:\Users\samhe\OneDrive\Desktop\Cleaned\frontend\node_mo
dules\react-router\lib\components.tsx:225:3)

      718 |                                 value={yearOfAccount}
      719 |                                 disabled={!isEditable}
    > 720 |                                 onChange={e => { 
setYearOfAccount(e.target.value); setIsDirty(true) }}
          |                                                                    
                ^
      721 |                             />
      722 |                         </div>
      723 |                     </div>

      at printWarning 
(node_modules/react-dom/cjs/react-dom.development.js:86:30)
      at error (node_modules/react-dom/cjs/react-dom.development.js:60:7)
      at warnIfUpdatesNotWrappedWithActDEV 
(node_modules/react-dom/cjs/react-dom.development.js:27628:9)
      at scheduleUpdateOnFiber 
(node_modules/react-dom/cjs/react-dom.development.js:25547:5)
      at dispatchSetState 
(node_modules/react-dom/cjs/react-dom.development.js:16708:7)
      at onChange 
(src/binding-authorities/BAEndorsementPage/BAEndorsementPage.tsx:720:84)
      at HTMLUnknownElement.callCallback 
(node_modules/react-dom/cjs/react-dom.development.js:4164:14)
      at HTMLUnknownElement.callTheUserObjectsOperation 
(node_modules/jsdom/lib/jsdom/living/generated/EventListener.js:26:30)
      at innerInvokeEventListeners 
(node_modules/jsdom/lib/jsdom/living/events/EventTarget-impl.js:350:25)
      at invokeEventListeners 
(node_modules/jsdom/lib/jsdom/living/events/EventTarget-impl.js:286:3)
      at HTMLUnknownElementImpl._dispatch 
(node_modules/jsdom/lib/jsdom/living/events/EventTarget-impl.js:233:9)
      at HTMLUnknownElementImpl.dispatchEvent 
(node_modules/jsdom/lib/jsdom/living/events/EventTarget-impl.js:104:17)
      at HTMLUnknownElement.dispatchEvent 
(node_modules/jsdom/lib/jsdom/living/generated/EventTarget.js:241:34)
      at Object.invokeGuardedCallbackDev 
(node_modules/react-dom/cjs/react-dom.development.js:4213:16)
      at invokeGuardedCallback 
(node_modules/react-dom/cjs/react-dom.development.js:4277:31)
      at invokeGuardedCallbackAndCatchFirstError 
(node_modules/react-dom/cjs/react-dom.development.js:4291:25)
      at executeDispatch 
(node_modules/react-dom/cjs/react-dom.development.js:9041:3)
      at processDispatchQueueItemsInOrder 
(node_modules/react-dom/cjs/react-dom.development.js:9073:7)
      at processDispatchQueue 
(node_modules/react-dom/cjs/react-dom.development.js:9086:5)
      at dispatchEventsForPlugins 
(node_modules/react-dom/cjs/react-dom.development.js:9097:3)
      at node_modules/react-dom/cjs/react-dom.development.js:9288:12
      at batchedUpdates$1 
(node_modules/react-dom/cjs/react-dom.development.js:26179:12)
      at batchedUpdates 
(node_modules/react-dom/cjs/react-dom.development.js:3991:12)
      at dispatchEventForPluginEventSystem 
(node_modules/react-dom/cjs/react-dom.development.js:9287:3)
      at dispatchEventWithEnableCapturePhaseSelectiveHydrationWithoutDiscreteEv
entReplay (node_modules/react-dom/cjs/react-dom.development.js:6465:5)
      at dispatchEvent 
(node_modules/react-dom/cjs/react-dom.development.js:6457:5)
      at dispatchDiscreteEvent 
(node_modules/react-dom/cjs/react-dom.development.js:6430:5)
      at HTMLDivElement.callTheUserObjectsOperation 
(node_modules/jsdom/lib/jsdom/living/generated/EventListener.js:26:30)
      at innerInvokeEventListeners 
(node_modules/jsdom/lib/jsdom/living/events/EventTarget-impl.js:350:25)
      at invokeEventListeners 
(node_modules/jsdom/lib/jsdom/living/events/EventTarget-impl.js:286:3)
      at HTMLInputElementImpl._dispatch 
(node_modules/jsdom/lib/jsdom/living/events/EventTarget-impl.js:233:9)
      at HTMLInputElementImpl.dispatchEvent 
(node_modules/jsdom/lib/jsdom/living/events/EventTarget-impl.js:104:17)
      at HTMLInputElement.dispatchEvent 
(node_modules/jsdom/lib/jsdom/living/generated/EventTarget.js:241:34)
      at 
node_modules/@testing-library/user-event/dist/cjs/event/dispatchEvent.js:45:43
      at Object.eventWrapper 
(node_modules/@testing-library/dom/dist/config.js:25:23)
      at Object.wrapEvent 
(node_modules/@testing-library/user-event/dist/cjs/event/wrapEvent.js:6:28)
      at Object.dispatchEvent (node_modules/@testing-library/user-event/dist/cj
s/event/dispatchEvent.js:45:22)
      at Object.dispatchUIEvent (node_modules/@testing-library/user-event/dist/
cjs/event/dispatchEvent.js:22:26)
      at commitInput 
(node_modules/@testing-library/user-event/dist/cjs/event/input.js:145:14)
      at editInputElement 
(node_modules/@testing-library/user-event/dist/cjs/event/input.js:115:9)
      at Object.input 
(node_modules/@testing-library/user-event/dist/cjs/event/input.js:37:9)
      at Object.clear 
(node_modules/@testing-library/user-event/dist/cjs/utility/clear.js:29:11)
      at node_modules/@testing-library/user-event/dist/cjs/setup/setup.js:85:45
      at Object.asyncWrapper 
(node_modules/@testing-library/dom/dist/config.js:23:23)
      at Object.wrapAsync 
(node_modules/@testing-library/user-event/dist/cjs/setup/wrapAsync.js:8:28)
      at Object.method [as clear] 
(node_modules/@testing-library/user-event/dist/cjs/setup/setup.js:85:26)
      at Object.clear 
(node_modules/@testing-library/user-event/dist/cjs/setup/directApi.js:6:36)
      at Object.<anonymous> 
(src/binding-authorities/__tests__/binding-authorities.test.tsx:2343:25)

    console.error
      Warning: An update to BAEndorsementPage inside a test was not wrapped in 
act(...).
      
      When testing, code that causes React state updates should be wrapped 
into act(...):
      
      act(() => {
        /* fire events that update state */
      });
      /* assert on the output */
      
      This ensures that you're testing the behavior the user would see in the 
browser. Learn more at https://reactjs.org/link/wrap-tests-with-act
          at BAEndorsementPage (C:\Users\samhe\OneDrive\Desktop\Cleaned\fronten
d\src\binding-authorities\BAEndorsementPage\BAEndorsementPage.tsx:93:44)
          at routeContext (C:\Users\samhe\OneDrive\Desktop\Cleaned\frontend\nod
e_modules\react-router\lib\hooks.tsx:658:26)
          at children (C:\Users\samhe\OneDrive\Desktop\Cleaned\frontend\node_mo
dules\react-router\lib\components.tsx:512:3)
          at basenameProp (C:\Users\samhe\OneDrive\Desktop\Cleaned\frontend\nod
e_modules\react-router\lib\components.tsx:421:13)
          at basename (C:\Users\samhe\OneDrive\Desktop\Cleaned\frontend\node_mo
dules\react-router\lib\components.tsx:225:3)

      718 |                                 value={yearOfAccount}
      719 |                                 disabled={!isEditable}
    > 720 |                                 onChange={e => { 
setYearOfAccount(e.target.value); setIsDirty(true) }}
          |                                                  ^
      721 |                             />
      722 |                         </div>
      723 |                     </div>

      at printWarning 
(node_modules/react-dom/cjs/react-dom.development.js:86:30)
      at error (node_modules/react-dom/cjs/react-dom.development.js:60:7)
      at warnIfUpdatesNotWrappedWithActDEV 
(node_modules/react-dom/cjs/react-dom.development.js:27628:9)
      at scheduleUpdateOnFiber 
(node_modules/react-dom/cjs/react-dom.development.js:25547:5)
      at dispatchSetState 
(node_modules/react-dom/cjs/react-dom.development.js:16708:7)
      at onChange 
(src/binding-authorities/BAEndorsementPage/BAEndorsementPage.tsx:720:50)
      at HTMLUnknownElement.callCallback 
(node_modules/react-dom/cjs/react-dom.development.js:4164:14)
      at HTMLUnknownElement.callTheUserObjectsOperation 
(node_modules/jsdom/lib/jsdom/living/generated/EventListener.js:26:30)
      at innerInvokeEventListeners 
(node_modules/jsdom/lib/jsdom/living/events/EventTarget-impl.js:350:25)
      at invokeEventListeners 
(node_modules/jsdom/lib/jsdom/living/events/EventTarget-impl.js:286:3)
      at HTMLUnknownElementImpl._dispatch 
(node_modules/jsdom/lib/jsdom/living/events/EventTarget-impl.js:233:9)
      at HTMLUnknownElementImpl.dispatchEvent 
(node_modules/jsdom/lib/jsdom/living/events/EventTarget-impl.js:104:17)
      at HTMLUnknownElement.dispatchEvent 
(node_modules/jsdom/lib/jsdom/living/generated/EventTarget.js:241:34)
      at Object.invokeGuardedCallbackDev 
(node_modules/react-dom/cjs/react-dom.development.js:4213:16)
      at invokeGuardedCallback 
(node_modules/react-dom/cjs/react-dom.development.js:4277:31)
      at invokeGuardedCallbackAndCatchFirstError 
(node_modules/react-dom/cjs/react-dom.development.js:4291:25)
      at executeDispatch 
(node_modules/react-dom/cjs/react-dom.development.js:9041:3)
      at processDispatchQueueItemsInOrder 
(node_modules/react-dom/cjs/react-dom.development.js:9073:7)
      at processDispatchQueue 
(node_modules/react-dom/cjs/react-dom.development.js:9086:5)
      at dispatchEventsForPlugins 
(node_modules/react-dom/cjs/react-dom.development.js:9097:3)
      at node_modules/react-dom/cjs/react-dom.development.js:9288:12
      at batchedUpdates$1 
(node_modules/react-dom/cjs/react-dom.development.js:26179:12)
      at batchedUpdates 
(node_modules/react-dom/cjs/react-dom.development.js:3991:12)
      at dispatchEventForPluginEventSystem 
(node_modules/react-dom/cjs/react-dom.development.js:9287:3)
      at dispatchEventWithEnableCapturePhaseSelectiveHydrationWithoutDiscreteEv
entReplay (node_modules/react-dom/cjs/react-dom.development.js:6465:5)
      at dispatchEvent 
(node_modules/react-dom/cjs/react-dom.development.js:6457:5)
      at dispatchDiscreteEvent 
(node_modules/react-dom/cjs/react-dom.development.js:6430:5)
      at HTMLDivElement.callTheUserObjectsOperation 
(node_modules/jsdom/lib/jsdom/living/generated/EventListener.js:26:30)
      at innerInvokeEventListeners 
(node_modules/jsdom/lib/jsdom/living/events/EventTarget-impl.js:350:25)
      at invokeEventListeners 
(node_modules/jsdom/lib/jsdom/living/events/EventTarget-impl.js:286:3)
      at HTMLInputElementImpl._dispatch 
(node_modules/jsdom/lib/jsdom/living/events/EventTarget-impl.js:233:9)
      at HTMLInputElementImpl.dispatchEvent 
(node_modules/jsdom/lib/jsdom/living/events/EventTarget-impl.js:104:17)
      at HTMLInputElement.dispatchEvent 
(node_modules/jsdom/lib/jsdom/living/generated/EventTarget.js:241:34)
      at 
node_modules/@testing-library/user-event/dist/cjs/event/dispatchEvent.js:45:43
      at Object.eventWrapper 
(node_modules/@testing-library/dom/dist/config.js:25:23)
      at Object.wrapEvent 
(node_modules/@testing-library/user-event/dist/cjs/event/wrapEvent.js:6:28)
      at Object.dispatchEvent (node_modules/@testing-library/user-event/dist/cj
s/event/dispatchEvent.js:45:22)
      at Object.dispatchUIEvent (node_modules/@testing-library/user-event/dist/
cjs/event/dispatchEvent.js:22:26)
      at commitInput 
(node_modules/@testing-library/user-event/dist/cjs/event/input.js:145:14)
      at editInputElement 
(node_modules/@testing-library/user-event/dist/cjs/event/input.js:115:9)
      at Object.input 
(node_modules/@testing-library/user-event/dist/cjs/event/input.js:37:9)
      at node_modules/@testing-library/user-event/dist/cjs/event/behavior/keypr
ess.js:31:26
      at Object.dispatchEvent (node_modules/@testing-library/user-event/dist/cj
s/event/dispatchEvent.js:41:13)
      at Object.dispatchUIEvent (node_modules/@testing-library/user-event/dist/
cjs/event/dispatchEvent.js:22:26)
      at KeyboardHost.keydown 
(node_modules/@testing-library/user-event/dist/cjs/system/keyboard.js:76:22)
      at keyboardAction 
(node_modules/@testing-library/user-event/dist/cjs/keyboard/index.js:22:35)
      at Object.keyboard 
(node_modules/@testing-library/user-event/dist/cjs/keyboard/index.js:11:15)
      at Object.type 
(node_modules/@testing-library/user-event/dist/cjs/utility/type.js:17:5)
      at Object.<anonymous> 
(src/binding-authorities/__tests__/binding-authorities.test.tsx:2344:9)

    console.error
      Warning: An update to BAEndorsementPage inside a test was not wrapped in 
act(...).
      
      When testing, code that causes React state updates should be wrapped 
into act(...):
      
      act(() => {
        /* fire events that update state */
      });
      /* assert on the output */
      
      This ensures that you're testing the behavior the user would see in the 
browser. Learn more at https://reactjs.org/link/wrap-tests-with-act
          at BAEndorsementPage (C:\Users\samhe\OneDrive\Desktop\Cleaned\fronten
d\src\binding-authorities\BAEndorsementPage\BAEndorsementPage.tsx:93:44)
          at routeContext (C:\Users\samhe\OneDrive\Desktop\Cleaned\frontend\nod
e_modules\react-router\lib\hooks.tsx:658:26)
          at children (C:\Users\samhe\OneDrive\Desktop\Cleaned\frontend\node_mo
dules\react-router\lib\components.tsx:512:3)
          at basenameProp (C:\Users\samhe\OneDrive\Desktop\Cleaned\frontend\nod
e_modules\react-router\lib\components.tsx:421:13)
          at basename (C:\Users\samhe\OneDrive\Desktop\Cleaned\frontend\node_mo
dules\react-router\lib\components.tsx:225:3)

      718 |                                 value={yearOfAccount}
      719 |                                 disabled={!isEditable}
    > 720 |                                 onChange={e => { 
setYearOfAccount(e.target.value); setIsDirty(true) }}
          |                                                                    
                ^
      721 |                             />
      722 |                         </div>
      723 |                     </div>

      at printWarning 
(node_modules/react-dom/cjs/react-dom.development.js:86:30)
      at error (node_modules/react-dom/cjs/react-dom.development.js:60:7)
      at warnIfUpdatesNotWrappedWithActDEV 
(node_modules/react-dom/cjs/react-dom.development.js:27628:9)
      at scheduleUpdateOnFiber 
(node_modules/react-dom/cjs/react-dom.development.js:25547:5)
      at dispatchSetState 
(node_modules/react-dom/cjs/react-dom.development.js:16708:7)
      at onChange 
(src/binding-authorities/BAEndorsementPage/BAEndorsementPage.tsx:720:84)
      at HTMLUnknownElement.callCallback 
(node_modules/react-dom/cjs/react-dom.development.js:4164:14)
      at HTMLUnknownElement.callTheUserObjectsOperation 
(node_modules/jsdom/lib/jsdom/living/generated/EventListener.js:26:30)
      at innerInvokeEventListeners 
(node_modules/jsdom/lib/jsdom/living/events/EventTarget-impl.js:350:25)
      at invokeEventListeners 
(node_modules/jsdom/lib/jsdom/living/events/EventTarget-impl.js:286:3)
      at HTMLUnknownElementImpl._dispatch 
(node_modules/jsdom/lib/jsdom/living/events/EventTarget-impl.js:233:9)
      at HTMLUnknownElementImpl.dispatchEvent 
(node_modules/jsdom/lib/jsdom/living/events/EventTarget-impl.js:104:17)
      at HTMLUnknownElement.dispatchEvent 
(node_modules/jsdom/lib/jsdom/living/generated/EventTarget.js:241:34)
      at Object.invokeGuardedCallbackDev 
(node_modules/react-dom/cjs/react-dom.development.js:4213:16)
      at invokeGuardedCallback 
(node_modules/react-dom/cjs/react-dom.development.js:4277:31)
      at invokeGuardedCallbackAndCatchFirstError 
(node_modules/react-dom/cjs/react-dom.development.js:4291:25)
      at executeDispatch 
(node_modules/react-dom/cjs/react-dom.development.js:9041:3)
      at processDispatchQueueItemsInOrder 
(node_modules/react-dom/cjs/react-dom.development.js:9073:7)
      at processDispatchQueue 
(node_modules/react-dom/cjs/react-dom.development.js:9086:5)
      at dispatchEventsForPlugins 
(node_modules/react-dom/cjs/react-dom.development.js:9097:3)
      at node_modules/react-dom/cjs/react-dom.development.js:9288:12
      at batchedUpdates$1 
(node_modules/react-dom/cjs/react-dom.development.js:26179:12)
      at batchedUpdates 
(node_modules/react-dom/cjs/react-dom.development.js:3991:12)
      at dispatchEventForPluginEventSystem 
(node_modules/react-dom/cjs/react-dom.development.js:9287:3)
      at dispatchEventWithEnableCapturePhaseSelectiveHydrationWithoutDiscreteEv
entReplay (node_modules/react-dom/cjs/react-dom.development.js:6465:5)
      at dispatchEvent 
(node_modules/react-dom/cjs/react-dom.development.js:6457:5)
      at dispatchDiscreteEvent 
(node_modules/react-dom/cjs/react-dom.development.js:6430:5)
      at HTMLDivElement.callTheUserObjectsOperation 
(node_modules/jsdom/lib/jsdom/living/generated/EventListener.js:26:30)
      at innerInvokeEventListeners 
(node_modules/jsdom/lib/jsdom/living/events/EventTarget-impl.js:350:25)
      at invokeEventListeners 
(node_modules/jsdom/lib/jsdom/living/events/EventTarget-impl.js:286:3)
      at HTMLInputElementImpl._dispatch 
(node_modules/jsdom/lib/jsdom/living/events/EventTarget-impl.js:233:9)
      at HTMLInputElementImpl.dispatchEvent 
(node_modules/jsdom/lib/jsdom/living/events/EventTarget-impl.js:104:17)
      at HTMLInputElement.dispatchEvent 
(node_modules/jsdom/lib/jsdom/living/generated/EventTarget.js:241:34)
      at 
node_modules/@testing-library/user-event/dist/cjs/event/dispatchEvent.js:45:43
      at Object.eventWrapper 
(node_modules/@testing-library/dom/dist/config.js:25:23)
      at Object.wrapEvent 
(node_modules/@testing-library/user-event/dist/cjs/event/wrapEvent.js:6:28)
      at Object.dispatchEvent (node_modules/@testing-library/user-event/dist/cj
s/event/dispatchEvent.js:45:22)
      at Object.dispatchUIEvent (node_modules/@testing-library/user-event/dist/
cjs/event/dispatchEvent.js:22:26)
      at commitInput 
(node_modules/@testing-library/user-event/dist/cjs/event/input.js:145:14)
      at editInputElement 
(node_modules/@testing-library/user-event/dist/cjs/event/input.js:115:9)
      at Object.input 
(node_modules/@testing-library/user-event/dist/cjs/event/input.js:37:9)
      at node_modules/@testing-library/user-event/dist/cjs/event/behavior/keypr
ess.js:31:26
      at Object.dispatchEvent (node_modules/@testing-library/user-event/dist/cj
s/event/dispatchEvent.js:41:13)
      at Object.dispatchUIEvent (node_modules/@testing-library/user-event/dist/
cjs/event/dispatchEvent.js:22:26)
      at KeyboardHost.keydown 
(node_modules/@testing-library/user-event/dist/cjs/system/keyboard.js:76:22)
      at keyboardAction 
(node_modules/@testing-library/user-event/dist/cjs/keyboard/index.js:22:35)
      at Object.keyboard 
(node_modules/@testing-library/user-event/dist/cjs/keyboard/index.js:11:15)
      at Object.type 
(node_modules/@testing-library/user-event/dist/cjs/utility/type.js:17:5)
      at Object.<anonymous> 
(src/binding-authorities/__tests__/binding-authorities.test.tsx:2344:9)

    console.error
      Warning: An update to BAEndorsementPage inside a test was not wrapped in 
act(...).
      
      When testing, code that causes React state updates should be wrapped 
into act(...):
      
      act(() => {
        /* fire events that update state */
      });
      /* assert on the output */
      
      This ensures that you're testing the behavior the user would see in the 
browser. Learn more at https://reactjs.org/link/wrap-tests-with-act
          at BAEndorsementPage (C:\Users\samhe\OneDrive\Desktop\Cleaned\fronten
d\src\binding-authorities\BAEndorsementPage\BAEndorsementPage.tsx:93:44)
          at routeContext (C:\Users\samhe\OneDrive\Desktop\Cleaned\frontend\nod
e_modules\react-router\lib\hooks.tsx:658:26)
          at children (C:\Users\samhe\OneDrive\Desktop\Cleaned\frontend\node_mo
dules\react-router\lib\components.tsx:512:3)
          at basenameProp (C:\Users\samhe\OneDrive\Desktop\Cleaned\frontend\nod
e_modules\react-router\lib\components.tsx:421:13)
          at basename (C:\Users\samhe\OneDrive\Desktop\Cleaned\frontend\node_mo
dules\react-router\lib\components.tsx:225:3)

      718 |                                 value={yearOfAccount}
      719 |                                 disabled={!isEditable}
    > 720 |                                 onChange={e => { 
setYearOfAccount(e.target.value); setIsDirty(true) }}
          |                                                  ^
      721 |                             />
      722 |                         </div>
      723 |                     </div>

      at printWarning 
(node_modules/react-dom/cjs/react-dom.development.js:86:30)
      at error (node_modules/react-dom/cjs/react-dom.development.js:60:7)
      at warnIfUpdatesNotWrappedWithActDEV 
(node_modules/react-dom/cjs/react-dom.development.js:27628:9)
      at scheduleUpdateOnFiber 
(node_modules/react-dom/cjs/react-dom.development.js:25547:5)
      at dispatchSetState 
(node_modules/react-dom/cjs/react-dom.development.js:16708:7)
      at onChange 
(src/binding-authorities/BAEndorsementPage/BAEndorsementPage.tsx:720:50)
      at HTMLUnknownElement.callCallback 
(node_modules/react-dom/cjs/react-dom.development.js:4164:14)
      at HTMLUnknownElement.callTheUserObjectsOperation 
(node_modules/jsdom/lib/jsdom/living/generated/EventListener.js:26:30)
      at innerInvokeEventListeners 
(node_modules/jsdom/lib/jsdom/living/events/EventTarget-impl.js:350:25)
      at invokeEventListeners 
(node_modules/jsdom/lib/jsdom/living/events/EventTarget-impl.js:286:3)
      at HTMLUnknownElementImpl._dispatch 
(node_modules/jsdom/lib/jsdom/living/events/EventTarget-impl.js:233:9)
      at HTMLUnknownElementImpl.dispatchEvent 
(node_modules/jsdom/lib/jsdom/living/events/EventTarget-impl.js:104:17)
      at HTMLUnknownElement.dispatchEvent 
(node_modules/jsdom/lib/jsdom/living/generated/EventTarget.js:241:34)
      at Object.invokeGuardedCallbackDev 
(node_modules/react-dom/cjs/react-dom.development.js:4213:16)
      at invokeGuardedCallback 
(node_modules/react-dom/cjs/react-dom.development.js:4277:31)
      at invokeGuardedCallbackAndCatchFirstError 
(node_modules/react-dom/cjs/react-dom.development.js:4291:25)
      at executeDispatch 
(node_modules/react-dom/cjs/react-dom.development.js:9041:3)
      at processDispatchQueueItemsInOrder 
(node_modules/react-dom/cjs/react-dom.development.js:9073:7)
      at processDispatchQueue 
(node_modules/react-dom/cjs/react-dom.development.js:9086:5)
      at dispatchEventsForPlugins 
(node_modules/react-dom/cjs/react-dom.development.js:9097:3)
      at node_modules/react-dom/cjs/react-dom.development.js:9288:12
      at batchedUpdates$1 
(node_modules/react-dom/cjs/react-dom.development.js:26179:12)
      at batchedUpdates 
(node_modules/react-dom/cjs/react-dom.development.js:3991:12)
      at dispatchEventForPluginEventSystem 
(node_modules/react-dom/cjs/react-dom.development.js:9287:3)
      at dispatchEventWithEnableCapturePhaseSelectiveHydrationWithoutDiscreteEv
entReplay (node_modules/react-dom/cjs/react-dom.development.js:6465:5)
      at dispatchEvent 
(node_modules/react-dom/cjs/react-dom.development.js:6457:5)
      at dispatchDiscreteEvent 
(node_modules/react-dom/cjs/react-dom.development.js:6430:5)
      at HTMLDivElement.callTheUserObjectsOperation 
(node_modules/jsdom/lib/jsdom/living/generated/EventListener.js:26:30)
      at innerInvokeEventListeners 
(node_modules/jsdom/lib/jsdom/living/events/EventTarget-impl.js:350:25)
      at invokeEventListeners 
(node_modules/jsdom/lib/jsdom/living/events/EventTarget-impl.js:286:3)
      at HTMLInputElementImpl._dispatch 
(node_modules/jsdom/lib/jsdom/living/events/EventTarget-impl.js:233:9)
      at HTMLInputElementImpl.dispatchEvent 
(node_modules/jsdom/lib/jsdom/living/events/EventTarget-impl.js:104:17)
      at HTMLInputElement.dispatchEvent 
(node_modules/jsdom/lib/jsdom/living/generated/EventTarget.js:241:34)
      at 
node_modules/@testing-library/user-event/dist/cjs/event/dispatchEvent.js:45:43
      at Object.eventWrapper 
(node_modules/@testing-library/dom/dist/config.js:25:23)
      at Object.wrapEvent 
(node_modules/@testing-library/user-event/dist/cjs/event/wrapEvent.js:6:28)
      at Object.dispatchEvent (node_modules/@testing-library/user-event/dist/cj
s/event/dispatchEvent.js:45:22)
      at Object.dispatchUIEvent (node_modules/@testing-library/user-event/dist/
cjs/event/dispatchEvent.js:22:26)
      at commitInput 
(node_modules/@testing-library/user-event/dist/cjs/event/input.js:145:14)
      at editInputElement 
(node_modules/@testing-library/user-event/dist/cjs/event/input.js:115:9)
      at Object.input 
(node_modules/@testing-library/user-event/dist/cjs/event/input.js:37:9)
      at node_modules/@testing-library/user-event/dist/cjs/event/behavior/keypr
ess.js:31:26
      at Object.dispatchEvent (node_modules/@testing-library/user-event/dist/cj
s/event/dispatchEvent.js:41:13)
      at Object.dispatchUIEvent (node_modules/@testing-library/user-event/dist/
cjs/event/dispatchEvent.js:22:26)
      at KeyboardHost.keydown 
(node_modules/@testing-library/user-event/dist/cjs/system/keyboard.js:76:22)
      at keyboardAction 
(node_modules/@testing-library/user-event/dist/cjs/keyboard/index.js:22:35)
      at Object.keyboard 
(node_modules/@testing-library/user-event/dist/cjs/keyboard/index.js:11:15)
      at Object.type 
(node_modules/@testing-library/user-event/dist/cjs/utility/type.js:17:5)
      at Object.<anonymous> 
(src/binding-authorities/__tests__/binding-authorities.test.tsx:2344:9)

    console.error
      Warning: An update to BAEndorsementPage inside a test was not wrapped in 
act(...).
      
      When testing, code that causes React state updates should be wrapped 
into act(...):
      
      act(() => {
        /* fire events that update state */
      });
      /* assert on the output */
      
      This ensures that you're testing the behavior the user would see in the 
browser. Learn more at https://reactjs.org/link/wrap-tests-with-act
          at BAEndorsementPage (C:\Users\samhe\OneDrive\Desktop\Cleaned\fronten
d\src\binding-authorities\BAEndorsementPage\BAEndorsementPage.tsx:93:44)
          at routeContext (C:\Users\samhe\OneDrive\Desktop\Cleaned\frontend\nod
e_modules\react-router\lib\hooks.tsx:658:26)
          at children (C:\Users\samhe\OneDrive\Desktop\Cleaned\frontend\node_mo
dules\react-router\lib\components.tsx:512:3)
          at basenameProp (C:\Users\samhe\OneDrive\Desktop\Cleaned\frontend\nod
e_modules\react-router\lib\components.tsx:421:13)
          at basename (C:\Users\samhe\OneDrive\Desktop\Cleaned\frontend\node_mo
dules\react-router\lib\components.tsx:225:3)

      718 |                                 value={yearOfAccount}
      719 |                                 disabled={!isEditable}
    > 720 |                                 onChange={e => { 
setYearOfAccount(e.target.value); setIsDirty(true) }}
          |                                                                    
                ^
      721 |                             />
      722 |                         </div>
      723 |                     </div>

      at printWarning 
(node_modules/react-dom/cjs/react-dom.development.js:86:30)
      at error (node_modules/react-dom/cjs/react-dom.development.js:60:7)
      at warnIfUpdatesNotWrappedWithActDEV 
(node_modules/react-dom/cjs/react-dom.development.js:27628:9)
      at scheduleUpdateOnFiber 
(node_modules/react-dom/cjs/react-dom.development.js:25547:5)
      at dispatchSetState 
(node_modules/react-dom/cjs/react-dom.development.js:16708:7)
      at onChange 
(src/binding-authorities/BAEndorsementPage/BAEndorsementPage.tsx:720:84)
      at HTMLUnknownElement.callCallback 
(node_modules/react-dom/cjs/react-dom.development.js:4164:14)
      at HTMLUnknownElement.callTheUserObjectsOperation 
(node_modules/jsdom/lib/jsdom/living/generated/EventListener.js:26:30)
      at innerInvokeEventListeners 
(node_modules/jsdom/lib/jsdom/living/events/EventTarget-impl.js:350:25)
      at invokeEventListeners 
(node_modules/jsdom/lib/jsdom/living/events/EventTarget-impl.js:286:3)
      at HTMLUnknownElementImpl._dispatch 
(node_modules/jsdom/lib/jsdom/living/events/EventTarget-impl.js:233:9)
      at HTMLUnknownElementImpl.dispatchEvent 
(node_modules/jsdom/lib/jsdom/living/events/EventTarget-impl.js:104:17)
      at HTMLUnknownElement.dispatchEvent 
(node_modules/jsdom/lib/jsdom/living/generated/EventTarget.js:241:34)
      at Object.invokeGuardedCallbackDev 
(node_modules/react-dom/cjs/react-dom.development.js:4213:16)
      at invokeGuardedCallback 
(node_modules/react-dom/cjs/react-dom.development.js:4277:31)
      at invokeGuardedCallbackAndCatchFirstError 
(node_modules/react-dom/cjs/react-dom.development.js:4291:25)
      at executeDispatch 
(node_modules/react-dom/cjs/react-dom.development.js:9041:3)
      at processDispatchQueueItemsInOrder 
(node_modules/react-dom/cjs/react-dom.development.js:9073:7)
      at processDispatchQueue 
(node_modules/react-dom/cjs/react-dom.development.js:9086:5)
      at dispatchEventsForPlugins 
(node_modules/react-dom/cjs/react-dom.development.js:9097:3)
      at node_modules/react-dom/cjs/react-dom.development.js:9288:12
      at batchedUpdates$1 
(node_modules/react-dom/cjs/react-dom.development.js:26179:12)
      at batchedUpdates 
(node_modules/react-dom/cjs/react-dom.development.js:3991:12)
      at dispatchEventForPluginEventSystem 
(node_modules/react-dom/cjs/react-dom.development.js:9287:3)
      at dispatchEventWithEnableCapturePhaseSelectiveHydrationWithoutDiscreteEv
entReplay (node_modules/react-dom/cjs/react-dom.development.js:6465:5)
      at dispatchEvent 
(node_modules/react-dom/cjs/react-dom.development.js:6457:5)
      at dispatchDiscreteEvent 
(node_modules/react-dom/cjs/react-dom.development.js:6430:5)
      at HTMLDivElement.callTheUserObjectsOperation 
(node_modules/jsdom/lib/jsdom/living/generated/EventListener.js:26:30)
      at innerInvokeEventListeners 
(node_modules/jsdom/lib/jsdom/living/events/EventTarget-impl.js:350:25)
      at invokeEventListeners 
(node_modules/jsdom/lib/jsdom/living/events/EventTarget-impl.js:286:3)
      at HTMLInputElementImpl._dispatch 
(node_modules/jsdom/lib/jsdom/living/events/EventTarget-impl.js:233:9)
      at HTMLInputElementImpl.dispatchEvent 
(node_modules/jsdom/lib/jsdom/living/events/EventTarget-impl.js:104:17)
      at HTMLInputElement.dispatchEvent 
(node_modules/jsdom/lib/jsdom/living/generated/EventTarget.js:241:34)
      at 
node_modules/@testing-library/user-event/dist/cjs/event/dispatchEvent.js:45:43
      at Object.eventWrapper 
(node_modules/@testing-library/dom/dist/config.js:25:23)
      at Object.wrapEvent 
(node_modules/@testing-library/user-event/dist/cjs/event/wrapEvent.js:6:28)
      at Object.dispatchEvent (node_modules/@testing-library/user-event/dist/cj
s/event/dispatchEvent.js:45:22)
      at Object.dispatchUIEvent (node_modules/@testing-library/user-event/dist/
cjs/event/dispatchEvent.js:22:26)
      at commitInput 
(node_modules/@testing-library/user-event/dist/cjs/event/input.js:145:14)
      at editInputElement 
(node_modules/@testing-library/user-event/dist/cjs/event/input.js:115:9)
      at Object.input 
(node_modules/@testing-library/user-event/dist/cjs/event/input.js:37:9)
      at node_modules/@testing-library/user-event/dist/cjs/event/behavior/keypr
ess.js:31:26
      at Object.dispatchEvent (node_modules/@testing-library/user-event/dist/cj
s/event/dispatchEvent.js:41:13)
      at Object.dispatchUIEvent (node_modules/@testing-library/user-event/dist/
cjs/event/dispatchEvent.js:22:26)
      at KeyboardHost.keydown 
(node_modules/@testing-library/user-event/dist/cjs/system/keyboard.js:76:22)
      at keyboardAction 
(node_modules/@testing-library/user-event/dist/cjs/keyboard/index.js:22:35)
      at Object.keyboard 
(node_modules/@testing-library/user-event/dist/cjs/keyboard/index.js:11:15)
      at Object.type 
(node_modules/@testing-library/user-event/dist/cjs/utility/type.js:17:5)
      at Object.<anonymous> 
(src/binding-authorities/__tests__/binding-authorities.test.tsx:2344:9)

    console.error
      Warning: An update to BAEndorsementPage inside a test was not wrapped in 
act(...).
      
      When testing, code that causes React state updates should be wrapped 
into act(...):
      
      act(() => {
        /* fire events that update state */
      });
      /* assert on the output */
      
      This ensures that you're testing the behavior the user would see in the 
browser. Learn more at https://reactjs.org/link/wrap-tests-with-act
          at BAEndorsementPage (C:\Users\samhe\OneDrive\Desktop\Cleaned\fronten
d\src\binding-authorities\BAEndorsementPage\BAEndorsementPage.tsx:93:44)
          at routeContext (C:\Users\samhe\OneDrive\Desktop\Cleaned\frontend\nod
e_modules\react-router\lib\hooks.tsx:658:26)
          at children (C:\Users\samhe\OneDrive\Desktop\Cleaned\frontend\node_mo
dules\react-router\lib\components.tsx:512:3)
          at basenameProp (C:\Users\samhe\OneDrive\Desktop\Cleaned\frontend\nod
e_modules\react-router\lib\components.tsx:421:13)
          at basename (C:\Users\samhe\OneDrive\Desktop\Cleaned\frontend\node_mo
dules\react-router\lib\components.tsx:225:3)

      718 |                                 value={yearOfAccount}
      719 |                                 disabled={!isEditable}
    > 720 |                                 onChange={e => { 
setYearOfAccount(e.target.value); setIsDirty(true) }}
          |                                                  ^
      721 |                             />
      722 |                         </div>
      723 |                     </div>

      at printWarning 
(node_modules/react-dom/cjs/react-dom.development.js:86:30)
      at error (node_modules/react-dom/cjs/react-dom.development.js:60:7)
      at warnIfUpdatesNotWrappedWithActDEV 
(node_modules/react-dom/cjs/react-dom.development.js:27628:9)
      at scheduleUpdateOnFiber 
(node_modules/react-dom/cjs/react-dom.development.js:25547:5)
      at dispatchSetState 
(node_modules/react-dom/cjs/react-dom.development.js:16708:7)
      at onChange 
(src/binding-authorities/BAEndorsementPage/BAEndorsementPage.tsx:720:50)
      at HTMLUnknownElement.callCallback 
(node_modules/react-dom/cjs/react-dom.development.js:4164:14)
      at HTMLUnknownElement.callTheUserObjectsOperation 
(node_modules/jsdom/lib/jsdom/living/generated/EventListener.js:26:30)
      at innerInvokeEventListeners 
(node_modules/jsdom/lib/jsdom/living/events/EventTarget-impl.js:350:25)
      at invokeEventListeners 
(node_modules/jsdom/lib/jsdom/living/events/EventTarget-impl.js:286:3)
      at HTMLUnknownElementImpl._dispatch 
(node_modules/jsdom/lib/jsdom/living/events/EventTarget-impl.js:233:9)
      at HTMLUnknownElementImpl.dispatchEvent 
(node_modules/jsdom/lib/jsdom/living/events/EventTarget-impl.js:104:17)
      at HTMLUnknownElement.dispatchEvent 
(node_modules/jsdom/lib/jsdom/living/generated/EventTarget.js:241:34)
      at Object.invokeGuardedCallbackDev 
(node_modules/react-dom/cjs/react-dom.development.js:4213:16)
      at invokeGuardedCallback 
(node_modules/react-dom/cjs/react-dom.development.js:4277:31)
      at invokeGuardedCallbackAndCatchFirstError 
(node_modules/react-dom/cjs/react-dom.development.js:4291:25)
      at executeDispatch 
(node_modules/react-dom/cjs/react-dom.development.js:9041:3)
      at processDispatchQueueItemsInOrder 
(node_modules/react-dom/cjs/react-dom.development.js:9073:7)
      at processDispatchQueue 
(node_modules/react-dom/cjs/react-dom.development.js:9086:5)
      at dispatchEventsForPlugins 
(node_modules/react-dom/cjs/react-dom.development.js:9097:3)
      at node_modules/react-dom/cjs/react-dom.development.js:9288:12
      at batchedUpdates$1 
(node_modules/react-dom/cjs/react-dom.development.js:26179:12)
      at batchedUpdates 
(node_modules/react-dom/cjs/react-dom.development.js:3991:12)
      at dispatchEventForPluginEventSystem 
(node_modules/react-dom/cjs/react-dom.development.js:9287:3)
      at dispatchEventWithEnableCapturePhaseSelectiveHydrationWithoutDiscreteEv
entReplay (node_modules/react-dom/cjs/react-dom.development.js:6465:5)
      at dispatchEvent 
(node_modules/react-dom/cjs/react-dom.development.js:6457:5)
      at dispatchDiscreteEvent 
(node_modules/react-dom/cjs/react-dom.development.js:6430:5)
      at HTMLDivElement.callTheUserObjectsOperation 
(node_modules/jsdom/lib/jsdom/living/generated/EventListener.js:26:30)
      at innerInvokeEventListeners 
(node_modules/jsdom/lib/jsdom/living/events/EventTarget-impl.js:350:25)
      at invokeEventListeners 
(node_modules/jsdom/lib/jsdom/living/events/EventTarget-impl.js:286:3)
      at HTMLInputElementImpl._dispatch 
(node_modules/jsdom/lib/jsdom/living/events/EventTarget-impl.js:233:9)
      at HTMLInputElementImpl.dispatchEvent 
(node_modules/jsdom/lib/jsdom/living/events/EventTarget-impl.js:104:17)
      at HTMLInputElement.dispatchEvent 
(node_modules/jsdom/lib/jsdom/living/generated/EventTarget.js:241:34)
      at 
node_modules/@testing-library/user-event/dist/cjs/event/dispatchEvent.js:45:43
      at Object.eventWrapper 
(node_modules/@testing-library/dom/dist/config.js:25:23)
      at Object.wrapEvent 
(node_modules/@testing-library/user-event/dist/cjs/event/wrapEvent.js:6:28)
      at Object.dispatchEvent (node_modules/@testing-library/user-event/dist/cj
s/event/dispatchEvent.js:45:22)
      at Object.dispatchUIEvent (node_modules/@testing-library/user-event/dist/
cjs/event/dispatchEvent.js:22:26)
      at commitInput 
(node_modules/@testing-library/user-event/dist/cjs/event/input.js:145:14)
      at editInputElement 
(node_modules/@testing-library/user-event/dist/cjs/event/input.js:115:9)
      at Object.input 
(node_modules/@testing-library/user-event/dist/cjs/event/input.js:37:9)
      at node_modules/@testing-library/user-event/dist/cjs/event/behavior/keypr
ess.js:31:26
      at Object.dispatchEvent (node_modules/@testing-library/user-event/dist/cj
s/event/dispatchEvent.js:41:13)
      at Object.dispatchUIEvent (node_modules/@testing-library/user-event/dist/
cjs/event/dispatchEvent.js:22:26)
      at KeyboardHost.keydown 
(node_modules/@testing-library/user-event/dist/cjs/system/keyboard.js:76:22)
      at keyboardAction 
(node_modules/@testing-library/user-event/dist/cjs/keyboard/index.js:22:35)
      at Object.keyboard 
(node_modules/@testing-library/user-event/dist/cjs/keyboard/index.js:11:15)
      at Object.type 
(node_modules/@testing-library/user-event/dist/cjs/utility/type.js:17:5)
      at Object.<anonymous> 
(src/binding-authorities/__tests__/binding-authorities.test.tsx:2344:9)

    console.error
      Warning: An update to BAEndorsementPage inside a test was not wrapped in 
act(...).
      
      When testing, code that causes React state updates should be wrapped 
into act(...):
      
      act(() => {
        /* fire events that update state */
      });
      /* assert on the output */
      
      This ensures that you're testing the behavior the user would see in the 
browser. Learn more at https://reactjs.org/link/wrap-tests-with-act
          at BAEndorsementPage (C:\Users\samhe\OneDrive\Desktop\Cleaned\fronten
d\src\binding-authorities\BAEndorsementPage\BAEndorsementPage.tsx:93:44)
          at routeContext (C:\Users\samhe\OneDrive\Desktop\Cleaned\frontend\nod
e_modules\react-router\lib\hooks.tsx:658:26)
          at children (C:\Users\samhe\OneDrive\Desktop\Cleaned\frontend\node_mo
dules\react-router\lib\components.tsx:512:3)
          at basenameProp (C:\Users\samhe\OneDrive\Desktop\Cleaned\frontend\nod
e_modules\react-router\lib\components.tsx:421:13)
          at basename (C:\Users\samhe\OneDrive\Desktop\Cleaned\frontend\node_mo
dules\react-router\lib\components.tsx:225:3)

      718 |                                 value={yearOfAccount}
      719 |                                 disabled={!isEditable}
    > 720 |                                 onChange={e => { 
setYearOfAccount(e.target.value); setIsDirty(true) }}
          |                                                                    
                ^
      721 |                             />
      722 |                         </div>
      723 |                     </div>

      at printWarning 
(node_modules/react-dom/cjs/react-dom.development.js:86:30)
      at error (node_modules/react-dom/cjs/react-dom.development.js:60:7)
      at warnIfUpdatesNotWrappedWithActDEV 
(node_modules/react-dom/cjs/react-dom.development.js:27628:9)
      at scheduleUpdateOnFiber 
(node_modules/react-dom/cjs/react-dom.development.js:25547:5)
      at dispatchSetState 
(node_modules/react-dom/cjs/react-dom.development.js:16708:7)
      at onChange 
(src/binding-authorities/BAEndorsementPage/BAEndorsementPage.tsx:720:84)
      at HTMLUnknownElement.callCallback 
(node_modules/react-dom/cjs/react-dom.development.js:4164:14)
      at HTMLUnknownElement.callTheUserObjectsOperation 
(node_modules/jsdom/lib/jsdom/living/generated/EventListener.js:26:30)
      at innerInvokeEventListeners 
(node_modules/jsdom/lib/jsdom/living/events/EventTarget-impl.js:350:25)
      at invokeEventListeners 
(node_modules/jsdom/lib/jsdom/living/events/EventTarget-impl.js:286:3)
      at HTMLUnknownElementImpl._dispatch 
(node_modules/jsdom/lib/jsdom/living/events/EventTarget-impl.js:233:9)
      at HTMLUnknownElementImpl.dispatchEvent 
(node_modules/jsdom/lib/jsdom/living/events/EventTarget-impl.js:104:17)
      at HTMLUnknownElement.dispatchEvent 
(node_modules/jsdom/lib/jsdom/living/generated/EventTarget.js:241:34)
      at Object.invokeGuardedCallbackDev 
(node_modules/react-dom/cjs/react-dom.development.js:4213:16)
      at invokeGuardedCallback 
(node_modules/react-dom/cjs/react-dom.development.js:4277:31)
      at invokeGuardedCallbackAndCatchFirstError 
(node_modules/react-dom/cjs/react-dom.development.js:4291:25)
      at executeDispatch 
(node_modules/react-dom/cjs/react-dom.development.js:9041:3)
      at processDispatchQueueItemsInOrder 
(node_modules/react-dom/cjs/react-dom.development.js:9073:7)
      at processDispatchQueue 
(node_modules/react-dom/cjs/react-dom.development.js:9086:5)
      at dispatchEventsForPlugins 
(node_modules/react-dom/cjs/react-dom.development.js:9097:3)
      at node_modules/react-dom/cjs/react-dom.development.js:9288:12
      at batchedUpdates$1 
(node_modules/react-dom/cjs/react-dom.development.js:26179:12)
      at batchedUpdates 
(node_modules/react-dom/cjs/react-dom.development.js:3991:12)
      at dispatchEventForPluginEventSystem 
(node_modules/react-dom/cjs/react-dom.development.js:9287:3)
      at dispatchEventWithEnableCapturePhaseSelectiveHydrationWithoutDiscreteEv
entReplay (node_modules/react-dom/cjs/react-dom.development.js:6465:5)
      at dispatchEvent 
(node_modules/react-dom/cjs/react-dom.development.js:6457:5)
      at dispatchDiscreteEvent 
(node_modules/react-dom/cjs/react-dom.development.js:6430:5)
      at HTMLDivElement.callTheUserObjectsOperation 
(node_modules/jsdom/lib/jsdom/living/generated/EventListener.js:26:30)
      at innerInvokeEventListeners 
(node_modules/jsdom/lib/jsdom/living/events/EventTarget-impl.js:350:25)
      at invokeEventListeners 
(node_modules/jsdom/lib/jsdom/living/events/EventTarget-impl.js:286:3)
      at HTMLInputElementImpl._dispatch 
(node_modules/jsdom/lib/jsdom/living/events/EventTarget-impl.js:233:9)
      at HTMLInputElementImpl.dispatchEvent 
(node_modules/jsdom/lib/jsdom/living/events/EventTarget-impl.js:104:17)
      at HTMLInputElement.dispatchEvent 
(node_modules/jsdom/lib/jsdom/living/generated/EventTarget.js:241:34)
      at 
node_modules/@testing-library/user-event/dist/cjs/event/dispatchEvent.js:45:43
      at Object.eventWrapper 
(node_modules/@testing-library/dom/dist/config.js:25:23)
      at Object.wrapEvent 
(node_modules/@testing-library/user-event/dist/cjs/event/wrapEvent.js:6:28)
      at Object.dispatchEvent (node_modules/@testing-library/user-event/dist/cj
s/event/dispatchEvent.js:45:22)
      at Object.dispatchUIEvent (node_modules/@testing-library/user-event/dist/
cjs/event/dispatchEvent.js:22:26)
      at commitInput 
(node_modules/@testing-library/user-event/dist/cjs/event/input.js:145:14)
      at editInputElement 
(node_modules/@testing-library/user-event/dist/cjs/event/input.js:115:9)
      at Object.input 
(node_modules/@testing-library/user-event/dist/cjs/event/input.js:37:9)
      at node_modules/@testing-library/user-event/dist/cjs/event/behavior/keypr
ess.js:31:26
      at Object.dispatchEvent (node_modules/@testing-library/user-event/dist/cj
s/event/dispatchEvent.js:41:13)
      at Object.dispatchUIEvent (node_modules/@testing-library/user-event/dist/
cjs/event/dispatchEvent.js:22:26)
      at KeyboardHost.keydown 
(node_modules/@testing-library/user-event/dist/cjs/system/keyboard.js:76:22)
      at keyboardAction 
(node_modules/@testing-library/user-event/dist/cjs/keyboard/index.js:22:35)
      at Object.keyboard 
(node_modules/@testing-library/user-event/dist/cjs/keyboard/index.js:11:15)
      at Object.type 
(node_modules/@testing-library/user-event/dist/cjs/utility/type.js:17:5)
      at Object.<anonymous> 
(src/binding-authorities/__tests__/binding-authorities.test.tsx:2344:9)

    console.error
      Warning: An update to BAEndorsementPage inside a test was not wrapped in 
act(...).
      
      When testing, code that causes React state updates should be wrapped 
into act(...):
      
      act(() => {
        /* fire events that update state */
      });
      /* assert on the output */
      
      This ensures that you're testing the behavior the user would see in the 
browser. Learn more at https://reactjs.org/link/wrap-tests-with-act
          at BAEndorsementPage (C:\Users\samhe\OneDrive\Desktop\Cleaned\fronten
d\src\binding-authorities\BAEndorsementPage\BAEndorsementPage.tsx:93:44)
          at routeContext (C:\Users\samhe\OneDrive\Desktop\Cleaned\frontend\nod
e_modules\react-router\lib\hooks.tsx:658:26)
          at children (C:\Users\samhe\OneDrive\Desktop\Cleaned\frontend\node_mo
dules\react-router\lib\components.tsx:512:3)
          at basenameProp (C:\Users\samhe\OneDrive\Desktop\Cleaned\frontend\nod
e_modules\react-router\lib\components.tsx:421:13)
          at basename (C:\Users\samhe\OneDrive\Desktop\Cleaned\frontend\node_mo
dules\react-router\lib\components.tsx:225:3)

      718 |                                 value={yearOfAccount}
      719 |                                 disabled={!isEditable}
    > 720 |                                 onChange={e => { 
setYearOfAccount(e.target.value); setIsDirty(true) }}
          |                                                  ^
      721 |                             />
      722 |                         </div>
      723 |                     </div>

      at printWarning 
(node_modules/react-dom/cjs/react-dom.development.js:86:30)
      at error (node_modules/react-dom/cjs/react-dom.development.js:60:7)
      at warnIfUpdatesNotWrappedWithActDEV 
(node_modules/react-dom/cjs/react-dom.development.js:27628:9)
      at scheduleUpdateOnFiber 
(node_modules/react-dom/cjs/react-dom.development.js:25547:5)
      at dispatchSetState 
(node_modules/react-dom/cjs/react-dom.development.js:16708:7)
      at onChange 
(src/binding-authorities/BAEndorsementPage/BAEndorsementPage.tsx:720:50)
      at HTMLUnknownElement.callCallback 
(node_modules/react-dom/cjs/react-dom.development.js:4164:14)
      at HTMLUnknownElement.callTheUserObjectsOperation 
(node_modules/jsdom/lib/jsdom/living/generated/EventListener.js:26:30)
      at innerInvokeEventListeners 
(node_modules/jsdom/lib/jsdom/living/events/EventTarget-impl.js:350:25)
      at invokeEventListeners 
(node_modules/jsdom/lib/jsdom/living/events/EventTarget-impl.js:286:3)
      at HTMLUnknownElementImpl._dispatch 
(node_modules/jsdom/lib/jsdom/living/events/EventTarget-impl.js:233:9)
      at HTMLUnknownElementImpl.dispatchEvent 
(node_modules/jsdom/lib/jsdom/living/events/EventTarget-impl.js:104:17)
      at HTMLUnknownElement.dispatchEvent 
(node_modules/jsdom/lib/jsdom/living/generated/EventTarget.js:241:34)
      at Object.invokeGuardedCallbackDev 
(node_modules/react-dom/cjs/react-dom.development.js:4213:16)
      at invokeGuardedCallback 
(node_modules/react-dom/cjs/react-dom.development.js:4277:31)
      at invokeGuardedCallbackAndCatchFirstError 
(node_modules/react-dom/cjs/react-dom.development.js:4291:25)
      at executeDispatch 
(node_modules/react-dom/cjs/react-dom.development.js:9041:3)
      at processDispatchQueueItemsInOrder 
(node_modules/react-dom/cjs/react-dom.development.js:9073:7)
      at processDispatchQueue 
(node_modules/react-dom/cjs/react-dom.development.js:9086:5)
      at dispatchEventsForPlugins 
(node_modules/react-dom/cjs/react-dom.development.js:9097:3)
      at node_modules/react-dom/cjs/react-dom.development.js:9288:12
      at batchedUpdates$1 
(node_modules/react-dom/cjs/react-dom.development.js:26179:12)
      at batchedUpdates 
(node_modules/react-dom/cjs/react-dom.development.js:3991:12)
      at dispatchEventForPluginEventSystem 
(node_modules/react-dom/cjs/react-dom.development.js:9287:3)
      at dispatchEventWithEnableCapturePhaseSelectiveHydrationWithoutDiscreteEv
entReplay (node_modules/react-dom/cjs/react-dom.development.js:6465:5)
      at dispatchEvent 
(node_modules/react-dom/cjs/react-dom.development.js:6457:5)
      at dispatchDiscreteEvent 
(node_modules/react-dom/cjs/react-dom.development.js:6430:5)
      at HTMLDivElement.callTheUserObjectsOperation 
(node_modules/jsdom/lib/jsdom/living/generated/EventListener.js:26:30)
      at innerInvokeEventListeners 
(node_modules/jsdom/lib/jsdom/living/events/EventTarget-impl.js:350:25)
      at invokeEventListeners 
(node_modules/jsdom/lib/jsdom/living/events/EventTarget-impl.js:286:3)
      at HTMLInputElementImpl._dispatch 
(node_modules/jsdom/lib/jsdom/living/events/EventTarget-impl.js:233:9)
      at HTMLInputElementImpl.dispatchEvent 
(node_modules/jsdom/lib/jsdom/living/events/EventTarget-impl.js:104:17)
      at HTMLInputElement.dispatchEvent 
(node_modules/jsdom/lib/jsdom/living/generated/EventTarget.js:241:34)
      at 
node_modules/@testing-library/user-event/dist/cjs/event/dispatchEvent.js:45:43
      at Object.eventWrapper 
(node_modules/@testing-library/dom/dist/config.js:25:23)
      at Object.wrapEvent 
(node_modules/@testing-library/user-event/dist/cjs/event/wrapEvent.js:6:28)
      at Object.dispatchEvent (node_modules/@testing-library/user-event/dist/cj
s/event/dispatchEvent.js:45:22)
      at Object.dispatchUIEvent (node_modules/@testing-library/user-event/dist/
cjs/event/dispatchEvent.js:22:26)
      at commitInput 
(node_modules/@testing-library/user-event/dist/cjs/event/input.js:145:14)
      at editInputElement 
(node_modules/@testing-library/user-event/dist/cjs/event/input.js:115:9)
      at Object.input 
(node_modules/@testing-library/user-event/dist/cjs/event/input.js:37:9)
      at node_modules/@testing-library/user-event/dist/cjs/event/behavior/keypr
ess.js:31:26
      at Object.dispatchEvent (node_modules/@testing-library/user-event/dist/cj
s/event/dispatchEvent.js:41:13)
      at Object.dispatchUIEvent (node_modules/@testing-library/user-event/dist/
cjs/event/dispatchEvent.js:22:26)
      at KeyboardHost.keydown 
(node_modules/@testing-library/user-event/dist/cjs/system/keyboard.js:76:22)
      at keyboardAction 
(node_modules/@testing-library/user-event/dist/cjs/keyboard/index.js:22:35)
      at Object.keyboard 
(node_modules/@testing-library/user-event/dist/cjs/keyboard/index.js:11:15)
      at Object.type 
(node_modules/@testing-library/user-event/dist/cjs/utility/type.js:17:5)
      at Object.<anonymous> 
(src/binding-authorities/__tests__/binding-authorities.test.tsx:2344:9)

    console.error
      Warning: An update to BAEndorsementPage inside a test was not wrapped in 
act(...).
      
      When testing, code that causes React state updates should be wrapped 
into act(...):
      
      act(() => {
        /* fire events that update state */
      });
      /* assert on the output */
      
      This ensures that you're testing the behavior the user would see in the 
browser. Learn more at https://reactjs.org/link/wrap-tests-with-act
          at BAEndorsementPage (C:\Users\samhe\OneDrive\Desktop\Cleaned\fronten
d\src\binding-authorities\BAEndorsementPage\BAEndorsementPage.tsx:93:44)
          at routeContext (C:\Users\samhe\OneDrive\Desktop\Cleaned\frontend\nod
e_modules\react-router\lib\hooks.tsx:658:26)
          at children (C:\Users\samhe\OneDrive\Desktop\Cleaned\frontend\node_mo
dules\react-router\lib\components.tsx:512:3)
          at basenameProp (C:\Users\samhe\OneDrive\Desktop\Cleaned\frontend\nod
e_modules\react-router\lib\components.tsx:421:13)
          at basename (C:\Users\samhe\OneDrive\Desktop\Cleaned\frontend\node_mo
dules\react-router\lib\components.tsx:225:3)

      718 |                                 value={yearOfAccount}
      719 |                                 disabled={!isEditable}
    > 720 |                                 onChange={e => { 
setYearOfAccount(e.target.value); setIsDirty(true) }}
          |                                                                    
                ^
      721 |                             />
      722 |                         </div>
      723 |                     </div>

      at printWarning 
(node_modules/react-dom/cjs/react-dom.development.js:86:30)
      at error (node_modules/react-dom/cjs/react-dom.development.js:60:7)
      at warnIfUpdatesNotWrappedWithActDEV 
(node_modules/react-dom/cjs/react-dom.development.js:27628:9)
      at scheduleUpdateOnFiber 
(node_modules/react-dom/cjs/react-dom.development.js:25547:5)
      at dispatchSetState 
(node_modules/react-dom/cjs/react-dom.development.js:16708:7)
      at onChange 
(src/binding-authorities/BAEndorsementPage/BAEndorsementPage.tsx:720:84)
      at HTMLUnknownElement.callCallback 
(node_modules/react-dom/cjs/react-dom.development.js:4164:14)
      at HTMLUnknownElement.callTheUserObjectsOperation 
(node_modules/jsdom/lib/jsdom/living/generated/EventListener.js:26:30)
      at innerInvokeEventListeners 
(node_modules/jsdom/lib/jsdom/living/events/EventTarget-impl.js:350:25)
      at invokeEventListeners 
(node_modules/jsdom/lib/jsdom/living/events/EventTarget-impl.js:286:3)
      at HTMLUnknownElementImpl._dispatch 
(node_modules/jsdom/lib/jsdom/living/events/EventTarget-impl.js:233:9)
      at HTMLUnknownElementImpl.dispatchEvent 
(node_modules/jsdom/lib/jsdom/living/events/EventTarget-impl.js:104:17)
      at HTMLUnknownElement.dispatchEvent 
(node_modules/jsdom/lib/jsdom/living/generated/EventTarget.js:241:34)
      at Object.invokeGuardedCallbackDev 
(node_modules/react-dom/cjs/react-dom.development.js:4213:16)
      at invokeGuardedCallback 
(node_modules/react-dom/cjs/react-dom.development.js:4277:31)
      at invokeGuardedCallbackAndCatchFirstError 
(node_modules/react-dom/cjs/react-dom.development.js:4291:25)
      at executeDispatch 
(node_modules/react-dom/cjs/react-dom.development.js:9041:3)
      at processDispatchQueueItemsInOrder 
(node_modules/react-dom/cjs/react-dom.development.js:9073:7)
      at processDispatchQueue 
(node_modules/react-dom/cjs/react-dom.development.js:9086:5)
      at dispatchEventsForPlugins 
(node_modules/react-dom/cjs/react-dom.development.js:9097:3)
      at node_modules/react-dom/cjs/react-dom.development.js:9288:12
      at batchedUpdates$1 
(node_modules/react-dom/cjs/react-dom.development.js:26179:12)
      at batchedUpdates 
(node_modules/react-dom/cjs/react-dom.development.js:3991:12)
      at dispatchEventForPluginEventSystem 
(node_modules/react-dom/cjs/react-dom.development.js:9287:3)
      at dispatchEventWithEnableCapturePhaseSelectiveHydrationWithoutDiscreteEv
entReplay (node_modules/react-dom/cjs/react-dom.development.js:6465:5)
      at dispatchEvent 
(node_modules/react-dom/cjs/react-dom.development.js:6457:5)
      at dispatchDiscreteEvent 
(node_modules/react-dom/cjs/react-dom.development.js:6430:5)
      at HTMLDivElement.callTheUserObjectsOperation 
(node_modules/jsdom/lib/jsdom/living/generated/EventListener.js:26:30)
      at innerInvokeEventListeners 
(node_modules/jsdom/lib/jsdom/living/events/EventTarget-impl.js:350:25)
      at invokeEventListeners 
(node_modules/jsdom/lib/jsdom/living/events/EventTarget-impl.js:286:3)
      at HTMLInputElementImpl._dispatch 
(node_modules/jsdom/lib/jsdom/living/events/EventTarget-impl.js:233:9)
      at HTMLInputElementImpl.dispatchEvent 
(node_modules/jsdom/lib/jsdom/living/events/EventTarget-impl.js:104:17)
      at HTMLInputElement.dispatchEvent 
(node_modules/jsdom/lib/jsdom/living/generated/EventTarget.js:241:34)
      at 
node_modules/@testing-library/user-event/dist/cjs/event/dispatchEvent.js:45:43
      at Object.eventWrapper 
(node_modules/@testing-library/dom/dist/config.js:25:23)
      at Object.wrapEvent 
(node_modules/@testing-library/user-event/dist/cjs/event/wrapEvent.js:6:28)
      at Object.dispatchEvent (node_modules/@testing-library/user-event/dist/cj
s/event/dispatchEvent.js:45:22)
      at Object.dispatchUIEvent (node_modules/@testing-library/user-event/dist/
cjs/event/dispatchEvent.js:22:26)
      at commitInput 
(node_modules/@testing-library/user-event/dist/cjs/event/input.js:145:14)
      at editInputElement 
(node_modules/@testing-library/user-event/dist/cjs/event/input.js:115:9)
      at Object.input 
(node_modules/@testing-library/user-event/dist/cjs/event/input.js:37:9)
      at node_modules/@testing-library/user-event/dist/cjs/event/behavior/keypr
ess.js:31:26
      at Object.dispatchEvent (node_modules/@testing-library/user-event/dist/cj
s/event/dispatchEvent.js:41:13)
      at Object.dispatchUIEvent (node_modules/@testing-library/user-event/dist/
cjs/event/dispatchEvent.js:22:26)
      at KeyboardHost.keydown 
(node_modules/@testing-library/user-event/dist/cjs/system/keyboard.js:76:22)
      at keyboardAction 
(node_modules/@testing-library/user-event/dist/cjs/keyboard/index.js:22:35)
      at Object.keyboard 
(node_modules/@testing-library/user-event/dist/cjs/keyboard/index.js:11:15)
      at Object.type 
(node_modules/@testing-library/user-event/dist/cjs/utility/type.js:17:5)
      at Object.<anonymous> 
(src/binding-authorities/__tests__/binding-authorities.test.tsx:2344:9)

    console.error
      Warning: An update to BAEndorsementPage inside a test was not wrapped in 
act(...).
      
      When testing, code that causes React state updates should be wrapped 
into act(...):
      
      act(() => {
        /* fire events that update state */
      });
      /* assert on the output */
      
      This ensures that you're testing the behavior the user would see in the 
browser. Learn more at https://reactjs.org/link/wrap-tests-with-act
          at BAEndorsementPage (C:\Users\samhe\OneDrive\Desktop\Cleaned\fronten
d\src\binding-authorities\BAEndorsementPage\BAEndorsementPage.tsx:93:44)
          at routeContext (C:\Users\samhe\OneDrive\Desktop\Cleaned\frontend\nod
e_modules\react-router\lib\hooks.tsx:658:26)
          at children (C:\Users\samhe\OneDrive\Desktop\Cleaned\frontend\node_mo
dules\react-router\lib\components.tsx:512:3)
          at basenameProp (C:\Users\samhe\OneDrive\Desktop\Cleaned\frontend\nod
e_modules\react-router\lib\components.tsx:421:13)
          at basename (C:\Users\samhe\OneDrive\Desktop\Cleaned\frontend\node_mo
dules\react-router\lib\components.tsx:225:3)

      351 |         if (endorsement.status !== 'Bound') return
      352 |         if (!hasMinimumSectionFields(sections)) {
    > 353 |             setSectionValidationAttempted(true)
          |             ^
      354 |             addNotification(MINIMUM_SECTION_FIELDS_ERROR, 'error')
      355 |             return
      356 |         }

      at printWarning 
(node_modules/react-dom/cjs/react-dom.development.js:86:30)
      at error (node_modules/react-dom/cjs/react-dom.development.js:60:7)
      at warnIfUpdatesNotWrappedWithActDEV 
(node_modules/react-dom/cjs/react-dom.development.js:27628:9)
      at scheduleUpdateOnFiber 
(node_modules/react-dom/cjs/react-dom.development.js:25547:5)
      at dispatchSetState 
(node_modules/react-dom/cjs/react-dom.development.js:16708:7)
      at src/binding-authorities/BAEndorsementPage/BAEndorsementPage.tsx:353:13
      at onIssue 
(src/binding-authorities/BAEndorsementPage/BAEndorsementPage.tsx:436:31)
      at callTheUserObjectsOperation 
(node_modules/jsdom/lib/jsdom/living/generated/EventListener.js:26:30)
      at innerInvokeEventListeners 
(node_modules/jsdom/lib/jsdom/living/events/EventTarget-impl.js:350:25)
      at invokeEventListeners 
(node_modules/jsdom/lib/jsdom/living/events/EventTarget-impl.js:286:3)
      at EventTargetImpl._dispatch 
(node_modules/jsdom/lib/jsdom/living/events/EventTarget-impl.js:233:9)
      at EventTargetImpl.dispatchEvent 
(node_modules/jsdom/lib/jsdom/living/events/EventTarget-impl.js:104:17)
      at dispatchEvent 
(node_modules/jsdom/lib/jsdom/living/generated/EventTarget.js:241:34)
      at Object.<anonymous> 
(src/binding-authorities/__tests__/binding-authorities.test.tsx:2404:16)

    console.error
      Warning: An update to BAEndorsementPage inside a test was not wrapped in 
act(...).
      
      When testing, code that causes React state updates should be wrapped 
into act(...):
      
      act(() => {
        /* fire events that update state */
      });
      /* assert on the output */
      
      This ensures that you're testing the behavior the user would see in the 
browser. Learn more at https://reactjs.org/link/wrap-tests-with-act
          at BAEndorsementPage (C:\Users\samhe\OneDrive\Desktop\Cleaned\fronten
d\src\binding-authorities\BAEndorsementPage\BAEndorsementPage.tsx:93:44)
          at routeContext (C:\Users\samhe\OneDrive\Desktop\Cleaned\frontend\nod
e_modules\react-router\lib\hooks.tsx:658:26)
          at children (C:\Users\samhe\OneDrive\Desktop\Cleaned\frontend\node_mo
dules\react-router\lib\components.tsx:512:3)
          at basenameProp (C:\Users\samhe\OneDrive\Desktop\Cleaned\frontend\nod
e_modules\react-router\lib\components.tsx:421:13)
          at basename (C:\Users\samhe\OneDrive\Desktop\Cleaned\frontend\node_mo
dules\react-router\lib\components.tsx:225:3)

      825 |                             key={tab.key}
      826 |                             type="button"
    > 827 |                             onClick={() => setActiveTab(tab.key)}
          |                                            ^
      828 |                             className={`px-4 py-2 text-sm 
font-medium whitespace-nowrap border-b-2 ${
      829 |                                 activeTab === tab.key
      830 |                                     ? 'border-brand-600 
text-brand-600'

      at printWarning 
(node_modules/react-dom/cjs/react-dom.development.js:86:30)
      at error (node_modules/react-dom/cjs/react-dom.development.js:60:7)
      at warnIfUpdatesNotWrappedWithActDEV 
(node_modules/react-dom/cjs/react-dom.development.js:27628:9)
      at scheduleUpdateOnFiber 
(node_modules/react-dom/cjs/react-dom.development.js:25547:5)
      at dispatchSetState 
(node_modules/react-dom/cjs/react-dom.development.js:16708:7)
      at onClick 
(src/binding-authorities/BAEndorsementPage/BAEndorsementPage.tsx:827:44)
      at HTMLUnknownElement.callCallback 
(node_modules/react-dom/cjs/react-dom.development.js:4164:14)
      at HTMLUnknownElement.callTheUserObjectsOperation 
(node_modules/jsdom/lib/jsdom/living/generated/EventListener.js:26:30)
      at innerInvokeEventListeners 
(node_modules/jsdom/lib/jsdom/living/events/EventTarget-impl.js:350:25)
      at invokeEventListeners 
(node_modules/jsdom/lib/jsdom/living/events/EventTarget-impl.js:286:3)
      at HTMLUnknownElementImpl._dispatch 
(node_modules/jsdom/lib/jsdom/living/events/EventTarget-impl.js:233:9)
      at HTMLUnknownElementImpl.dispatchEvent 
(node_modules/jsdom/lib/jsdom/living/events/EventTarget-impl.js:104:17)
      at HTMLUnknownElement.dispatchEvent 
(node_modules/jsdom/lib/jsdom/living/generated/EventTarget.js:241:34)
      at Object.invokeGuardedCallbackDev 
(node_modules/react-dom/cjs/react-dom.development.js:4213:16)
      at invokeGuardedCallback 
(node_modules/react-dom/cjs/react-dom.development.js:4277:31)
      at invokeGuardedCallbackAndCatchFirstError 
(node_modules/react-dom/cjs/react-dom.development.js:4291:25)
      at executeDispatch 
(node_modules/react-dom/cjs/react-dom.development.js:9041:3)
      at processDispatchQueueItemsInOrder 
(node_modules/react-dom/cjs/react-dom.development.js:9073:7)
      at processDispatchQueue 
(node_modules/react-dom/cjs/react-dom.development.js:9086:5)
      at dispatchEventsForPlugins 
(node_modules/react-dom/cjs/react-dom.development.js:9097:3)
      at node_modules/react-dom/cjs/react-dom.development.js:9288:12
      at batchedUpdates$1 
(node_modules/react-dom/cjs/react-dom.development.js:26179:12)
      at batchedUpdates 
(node_modules/react-dom/cjs/react-dom.development.js:3991:12)
      at dispatchEventForPluginEventSystem 
(node_modules/react-dom/cjs/react-dom.development.js:9287:3)
      at dispatchEventWithEnableCapturePhaseSelectiveHydrationWithoutDiscreteEv
entReplay (node_modules/react-dom/cjs/react-dom.development.js:6465:5)
      at dispatchEvent 
(node_modules/react-dom/cjs/react-dom.development.js:6457:5)
      at dispatchDiscreteEvent 
(node_modules/react-dom/cjs/react-dom.development.js:6430:5)
      at HTMLDivElement.callTheUserObjectsOperation 
(node_modules/jsdom/lib/jsdom/living/generated/EventListener.js:26:30)
      at innerInvokeEventListeners 
(node_modules/jsdom/lib/jsdom/living/events/EventTarget-impl.js:350:25)
      at invokeEventListeners 
(node_modules/jsdom/lib/jsdom/living/events/EventTarget-impl.js:286:3)
      at HTMLButtonElementImpl._dispatch 
(node_modules/jsdom/lib/jsdom/living/events/EventTarget-impl.js:233:9)
      at HTMLButtonElementImpl.dispatchEvent 
(node_modules/jsdom/lib/jsdom/living/events/EventTarget-impl.js:104:17)
      at HTMLButtonElement.dispatchEvent 
(node_modules/jsdom/lib/jsdom/living/generated/EventTarget.js:241:34)
      at 
node_modules/@testing-library/user-event/dist/cjs/event/dispatchEvent.js:45:43
      at Object.eventWrapper 
(node_modules/@testing-library/dom/dist/config.js:25:23)
      at Object.wrapEvent 
(node_modules/@testing-library/user-event/dist/cjs/event/wrapEvent.js:6:28)
      at Object.dispatchEvent (node_modules/@testing-library/user-event/dist/cj
s/event/dispatchEvent.js:45:22)
      at Object.dispatchUIEvent (node_modules/@testing-library/user-event/dist/
cjs/event/dispatchEvent.js:22:26)
      at Mouse.up (node_modules/@testing-library/user-event/dist/cjs/system/poi
nter/mouse.js:100:30)
      at PointerHost.release (node_modules/@testing-library/user-event/dist/cjs
/system/pointer/index.js:87:24)
      at pointerAction 
(node_modules/@testing-library/user-event/dist/cjs/pointer/index.js:54:47)
      at Object.pointer 
(node_modules/@testing-library/user-event/dist/cjs/pointer/index.js:27:9)
      at Object.<anonymous> 
(src/binding-authorities/__tests__/binding-authorities.test.tsx:2435:9)

    console.error
      Warning: An update to BAEndorsementPage inside a test was not wrapped in 
act(...).
      
      When testing, code that causes React state updates should be wrapped 
into act(...):
      
      act(() => {
        /* fire events that update state */
      });
      /* assert on the output */
      
      This ensures that you're testing the behavior the user would see in the 
browser. Learn more at https://reactjs.org/link/wrap-tests-with-act
          at BAEndorsementPage (C:\Users\samhe\OneDrive\Desktop\Cleaned\fronten
d\src\binding-authorities\BAEndorsementPage\BAEndorsementPage.tsx:93:44)
          at routeContext (C:\Users\samhe\OneDrive\Desktop\Cleaned\frontend\nod
e_modules\react-router\lib\hooks.tsx:658:26)
          at children (C:\Users\samhe\OneDrive\Desktop\Cleaned\frontend\node_mo
dules\react-router\lib\components.tsx:512:3)
          at basenameProp (C:\Users\samhe\OneDrive\Desktop\Cleaned\frontend\nod
e_modules\react-router\lib\components.tsx:421:13)
          at basename (C:\Users\samhe\OneDrive\Desktop\Cleaned\frontend\node_mo
dules\react-router\lib\components.tsx:225:3)

      825 |                             key={tab.key}
      826 |                             type="button"
    > 827 |                             onClick={() => setActiveTab(tab.key)}
          |                                            ^
      828 |                             className={`px-4 py-2 text-sm 
font-medium whitespace-nowrap border-b-2 ${
      829 |                                 activeTab === tab.key
      830 |                                     ? 'border-brand-600 
text-brand-600'

      at printWarning 
(node_modules/react-dom/cjs/react-dom.development.js:86:30)
      at error (node_modules/react-dom/cjs/react-dom.development.js:60:7)
      at warnIfUpdatesNotWrappedWithActDEV 
(node_modules/react-dom/cjs/react-dom.development.js:27628:9)
      at scheduleUpdateOnFiber 
(node_modules/react-dom/cjs/react-dom.development.js:25547:5)
      at dispatchSetState 
(node_modules/react-dom/cjs/react-dom.development.js:16708:7)
      at onClick 
(src/binding-authorities/BAEndorsementPage/BAEndorsementPage.tsx:827:44)
      at HTMLUnknownElement.callCallback 
(node_modules/react-dom/cjs/react-dom.development.js:4164:14)
      at HTMLUnknownElement.callTheUserObjectsOperation 
(node_modules/jsdom/lib/jsdom/living/generated/EventListener.js:26:30)
      at innerInvokeEventListeners 
(node_modules/jsdom/lib/jsdom/living/events/EventTarget-impl.js:350:25)
      at invokeEventListeners 
(node_modules/jsdom/lib/jsdom/living/events/EventTarget-impl.js:286:3)
      at HTMLUnknownElementImpl._dispatch 
(node_modules/jsdom/lib/jsdom/living/events/EventTarget-impl.js:233:9)
      at HTMLUnknownElementImpl.dispatchEvent 
(node_modules/jsdom/lib/jsdom/living/events/EventTarget-impl.js:104:17)
      at HTMLUnknownElement.dispatchEvent 
(node_modules/jsdom/lib/jsdom/living/generated/EventTarget.js:241:34)
      at Object.invokeGuardedCallbackDev 
(node_modules/react-dom/cjs/react-dom.development.js:4213:16)
      at invokeGuardedCallback 
(node_modules/react-dom/cjs/react-dom.development.js:4277:31)
      at invokeGuardedCallbackAndCatchFirstError 
(node_modules/react-dom/cjs/react-dom.development.js:4291:25)
      at executeDispatch 
(node_modules/react-dom/cjs/react-dom.development.js:9041:3)
      at processDispatchQueueItemsInOrder 
(node_modules/react-dom/cjs/react-dom.development.js:9073:7)
      at processDispatchQueue 
(node_modules/react-dom/cjs/react-dom.development.js:9086:5)
      at dispatchEventsForPlugins 
(node_modules/react-dom/cjs/react-dom.development.js:9097:3)
      at node_modules/react-dom/cjs/react-dom.development.js:9288:12
      at batchedUpdates$1 
(node_modules/react-dom/cjs/react-dom.development.js:26179:12)
      at batchedUpdates 
(node_modules/react-dom/cjs/react-dom.development.js:3991:12)
      at dispatchEventForPluginEventSystem 
(node_modules/react-dom/cjs/react-dom.development.js:9287:3)
      at dispatchEventWithEnableCapturePhaseSelectiveHydrationWithoutDiscreteEv
entReplay (node_modules/react-dom/cjs/react-dom.development.js:6465:5)
      at dispatchEvent 
(node_modules/react-dom/cjs/react-dom.development.js:6457:5)
      at dispatchDiscreteEvent 
(node_modules/react-dom/cjs/react-dom.development.js:6430:5)
      at HTMLDivElement.callTheUserObjectsOperation 
(node_modules/jsdom/lib/jsdom/living/generated/EventListener.js:26:30)
      at innerInvokeEventListeners 
(node_modules/jsdom/lib/jsdom/living/events/EventTarget-impl.js:350:25)
      at invokeEventListeners 
(node_modules/jsdom/lib/jsdom/living/events/EventTarget-impl.js:286:3)
      at HTMLButtonElementImpl._dispatch 
(node_modules/jsdom/lib/jsdom/living/events/EventTarget-impl.js:233:9)
      at HTMLButtonElementImpl.dispatchEvent 
(node_modules/jsdom/lib/jsdom/living/events/EventTarget-impl.js:104:17)
      at HTMLButtonElement.dispatchEvent 
(node_modules/jsdom/lib/jsdom/living/generated/EventTarget.js:241:34)
      at 
node_modules/@testing-library/user-event/dist/cjs/event/dispatchEvent.js:45:43
      at Object.eventWrapper 
(node_modules/@testing-library/dom/dist/config.js:25:23)
      at Object.wrapEvent 
(node_modules/@testing-library/user-event/dist/cjs/event/wrapEvent.js:6:28)
      at Object.dispatchEvent (node_modules/@testing-library/user-event/dist/cj
s/event/dispatchEvent.js:45:22)
      at Object.dispatchUIEvent (node_modules/@testing-library/user-event/dist/
cjs/event/dispatchEvent.js:22:26)
      at Mouse.up (node_modules/@testing-library/user-event/dist/cjs/system/poi
nter/mouse.js:100:30)
      at PointerHost.release (node_modules/@testing-library/user-event/dist/cjs
/system/pointer/index.js:87:24)
      at pointerAction 
(node_modules/@testing-library/user-event/dist/cjs/pointer/index.js:54:47)
      at Object.pointer 
(node_modules/@testing-library/user-event/dist/cjs/pointer/index.js:27:9)
      at Object.<anonymous> 
(src/binding-authorities/__tests__/binding-authorities.test.tsx:2446:9)

    console.error
      Warning: An update to BAEndorsementPage inside a test was not wrapped in 
act(...).
      
      When testing, code that causes React state updates should be wrapped 
into act(...):
      
      act(() => {
        /* fire events that update state */
      });
      /* assert on the output */
      
      This ensures that you're testing the behavior the user would see in the 
browser. Learn more at https://reactjs.org/link/wrap-tests-with-act
          at BAEndorsementPage (C:\Users\samhe\OneDrive\Desktop\Cleaned\fronten
d\src\binding-authorities\BAEndorsementPage\BAEndorsementPage.tsx:93:44)
          at routeContext (C:\Users\samhe\OneDrive\Desktop\Cleaned\frontend\nod
e_modules\react-router\lib\hooks.tsx:658:26)
          at children (C:\Users\samhe\OneDrive\Desktop\Cleaned\frontend\node_mo
dules\react-router\lib\components.tsx:512:3)
          at basenameProp (C:\Users\samhe\OneDrive\Desktop\Cleaned\frontend\nod
e_modules\react-router\lib\components.tsx:421:13)
          at basename (C:\Users\samhe\OneDrive\Desktop\Cleaned\frontend\node_mo
dules\react-router\lib\components.tsx:225:3)

      469 |                     className="text-brand-600 hover:text-brand-800"
      470 |                     onClick={() => {
    > 471 |                         setSections((prev) => 
[createDraftSection(getNextDraftSectionReference(ba?.reference, prev)), 
...prev])
          |                         ^
      472 |                         setIsDirty(true)
      473 |                     }}
      474 |                 >

      at printWarning 
(node_modules/react-dom/cjs/react-dom.development.js:86:30)
      at error (node_modules/react-dom/cjs/react-dom.development.js:60:7)
      at warnIfUpdatesNotWrappedWithActDEV 
(node_modules/react-dom/cjs/react-dom.development.js:27628:9)
      at scheduleUpdateOnFiber 
(node_modules/react-dom/cjs/react-dom.development.js:25547:5)
      at dispatchSetState 
(node_modules/react-dom/cjs/react-dom.development.js:16708:7)
      at onClick 
(src/binding-authorities/BAEndorsementPage/BAEndorsementPage.tsx:471:25)
      at HTMLUnknownElement.callCallback 
(node_modules/react-dom/cjs/react-dom.development.js:4164:14)
      at HTMLUnknownElement.callTheUserObjectsOperation 
(node_modules/jsdom/lib/jsdom/living/generated/EventListener.js:26:30)
      at innerInvokeEventListeners 
(node_modules/jsdom/lib/jsdom/living/events/EventTarget-impl.js:350:25)
      at invokeEventListeners 
(node_modules/jsdom/lib/jsdom/living/events/EventTarget-impl.js:286:3)
      at HTMLUnknownElementImpl._dispatch 
(node_modules/jsdom/lib/jsdom/living/events/EventTarget-impl.js:233:9)
      at HTMLUnknownElementImpl.dispatchEvent 
(node_modules/jsdom/lib/jsdom/living/events/EventTarget-impl.js:104:17)
      at HTMLUnknownElement.dispatchEvent 
(node_modules/jsdom/lib/jsdom/living/generated/EventTarget.js:241:34)
      at Object.invokeGuardedCallbackDev 
(node_modules/react-dom/cjs/react-dom.development.js:4213:16)
      at invokeGuardedCallback 
(node_modules/react-dom/cjs/react-dom.development.js:4277:31)
      at invokeGuardedCallbackAndCatchFirstError 
(node_modules/react-dom/cjs/react-dom.development.js:4291:25)
      at executeDispatch 
(node_modules/react-dom/cjs/react-dom.development.js:9041:3)
      at processDispatchQueueItemsInOrder 
(node_modules/react-dom/cjs/react-dom.development.js:9073:7)
      at processDispatchQueue 
(node_modules/react-dom/cjs/react-dom.development.js:9086:5)
      at dispatchEventsForPlugins 
(node_modules/react-dom/cjs/react-dom.development.js:9097:3)
      at node_modules/react-dom/cjs/react-dom.development.js:9288:12
      at batchedUpdates$1 
(node_modules/react-dom/cjs/react-dom.development.js:26179:12)
      at batchedUpdates 
(node_modules/react-dom/cjs/react-dom.development.js:3991:12)
      at dispatchEventForPluginEventSystem 
(node_modules/react-dom/cjs/react-dom.development.js:9287:3)
      at dispatchEventWithEnableCapturePhaseSelectiveHydrationWithoutDiscreteEv
entReplay (node_modules/react-dom/cjs/react-dom.development.js:6465:5)
      at dispatchEvent 
(node_modules/react-dom/cjs/react-dom.development.js:6457:5)
      at dispatchDiscreteEvent 
(node_modules/react-dom/cjs/react-dom.development.js:6430:5)
      at HTMLDivElement.callTheUserObjectsOperation 
(node_modules/jsdom/lib/jsdom/living/generated/EventListener.js:26:30)
      at innerInvokeEventListeners 
(node_modules/jsdom/lib/jsdom/living/events/EventTarget-impl.js:350:25)
      at invokeEventListeners 
(node_modules/jsdom/lib/jsdom/living/events/EventTarget-impl.js:286:3)
      at HTMLButtonElementImpl._dispatch 
(node_modules/jsdom/lib/jsdom/living/events/EventTarget-impl.js:233:9)
      at HTMLButtonElementImpl.dispatchEvent 
(node_modules/jsdom/lib/jsdom/living/events/EventTarget-impl.js:104:17)
      at HTMLButtonElement.dispatchEvent 
(node_modules/jsdom/lib/jsdom/living/generated/EventTarget.js:241:34)
      at 
node_modules/@testing-library/user-event/dist/cjs/event/dispatchEvent.js:45:43
      at Object.eventWrapper 
(node_modules/@testing-library/dom/dist/config.js:25:23)
      at Object.wrapEvent 
(node_modules/@testing-library/user-event/dist/cjs/event/wrapEvent.js:6:28)
      at Object.dispatchEvent (node_modules/@testing-library/user-event/dist/cj
s/event/dispatchEvent.js:45:22)
      at Object.dispatchUIEvent (node_modules/@testing-library/user-event/dist/
cjs/event/dispatchEvent.js:22:26)
      at Mouse.up (node_modules/@testing-library/user-event/dist/cjs/system/poi
nter/mouse.js:100:30)
      at PointerHost.release (node_modules/@testing-library/user-event/dist/cjs
/system/pointer/index.js:87:24)
      at pointerAction 
(node_modules/@testing-library/user-event/dist/cjs/pointer/index.js:54:47)
      at Object.pointer 
(node_modules/@testing-library/user-event/dist/cjs/pointer/index.js:27:9)
      at Object.<anonymous> 
(src/binding-authorities/__tests__/binding-authorities.test.tsx:2449:9)

    console.error
      Warning: An update to BAEndorsementPage inside a test was not wrapped in 
act(...).
      
      When testing, code that causes React state updates should be wrapped 
into act(...):
      
      act(() => {
        /* fire events that update state */
      });
      /* assert on the output */
      
      This ensures that you're testing the behavior the user would see in the 
browser. Learn more at https://reactjs.org/link/wrap-tests-with-act
          at BAEndorsementPage (C:\Users\samhe\OneDrive\Desktop\Cleaned\fronten
d\src\binding-authorities\BAEndorsementPage\BAEndorsementPage.tsx:93:44)
          at routeContext (C:\Users\samhe\OneDrive\Desktop\Cleaned\frontend\nod
e_modules\react-router\lib\hooks.tsx:658:26)
          at children (C:\Users\samhe\OneDrive\Desktop\Cleaned\frontend\node_mo
dules\react-router\lib\components.tsx:512:3)
          at basenameProp (C:\Users\samhe\OneDrive\Desktop\Cleaned\frontend\nod
e_modules\react-router\lib\components.tsx:421:13)
          at basename (C:\Users\samhe\OneDrive\Desktop\Cleaned\frontend\node_mo
dules\react-router\lib\components.tsx:225:3)

      470 |                     onClick={() => {
      471 |                         setSections((prev) => 
[createDraftSection(getNextDraftSectionReference(ba?.reference, prev)), 
...prev])
    > 472 |                         setIsDirty(true)
          |                         ^
      473 |                     }}
      474 |                 >
      475 |                     <FiPlus size={14} />

      at printWarning 
(node_modules/react-dom/cjs/react-dom.development.js:86:30)
      at error (node_modules/react-dom/cjs/react-dom.development.js:60:7)
      at warnIfUpdatesNotWrappedWithActDEV 
(node_modules/react-dom/cjs/react-dom.development.js:27628:9)
      at scheduleUpdateOnFiber 
(node_modules/react-dom/cjs/react-dom.development.js:25547:5)
      at dispatchSetState 
(node_modules/react-dom/cjs/react-dom.development.js:16708:7)
      at onClick 
(src/binding-authorities/BAEndorsementPage/BAEndorsementPage.tsx:472:25)
      at HTMLUnknownElement.callCallback 
(node_modules/react-dom/cjs/react-dom.development.js:4164:14)
      at HTMLUnknownElement.callTheUserObjectsOperation 
(node_modules/jsdom/lib/jsdom/living/generated/EventListener.js:26:30)
      at innerInvokeEventListeners 
(node_modules/jsdom/lib/jsdom/living/events/EventTarget-impl.js:350:25)
      at invokeEventListeners 
(node_modules/jsdom/lib/jsdom/living/events/EventTarget-impl.js:286:3)
      at HTMLUnknownElementImpl._dispatch 
(node_modules/jsdom/lib/jsdom/living/events/EventTarget-impl.js:233:9)
      at HTMLUnknownElementImpl.dispatchEvent 
(node_modules/jsdom/lib/jsdom/living/events/EventTarget-impl.js:104:17)
      at HTMLUnknownElement.dispatchEvent 
(node_modules/jsdom/lib/jsdom/living/generated/EventTarget.js:241:34)
      at Object.invokeGuardedCallbackDev 
(node_modules/react-dom/cjs/react-dom.development.js:4213:16)
      at invokeGuardedCallback 
(node_modules/react-dom/cjs/react-dom.development.js:4277:31)
      at invokeGuardedCallbackAndCatchFirstError 
(node_modules/react-dom/cjs/react-dom.development.js:4291:25)
      at executeDispatch 
(node_modules/react-dom/cjs/react-dom.development.js:9041:3)
      at processDispatchQueueItemsInOrder 
(node_modules/react-dom/cjs/react-dom.development.js:9073:7)
      at processDispatchQueue 
(node_modules/react-dom/cjs/react-dom.development.js:9086:5)
      at dispatchEventsForPlugins 
(node_modules/react-dom/cjs/react-dom.development.js:9097:3)
      at node_modules/react-dom/cjs/react-dom.development.js:9288:12
      at batchedUpdates$1 
(node_modules/react-dom/cjs/react-dom.development.js:26179:12)
      at batchedUpdates 
(node_modules/react-dom/cjs/react-dom.development.js:3991:12)
      at dispatchEventForPluginEventSystem 
(node_modules/react-dom/cjs/react-dom.development.js:9287:3)
      at dispatchEventWithEnableCapturePhaseSelectiveHydrationWithoutDiscreteEv
entReplay (node_modules/react-dom/cjs/react-dom.development.js:6465:5)
      at dispatchEvent 
(node_modules/react-dom/cjs/react-dom.development.js:6457:5)
      at dispatchDiscreteEvent 
(node_modules/react-dom/cjs/react-dom.development.js:6430:5)
      at HTMLDivElement.callTheUserObjectsOperation 
(node_modules/jsdom/lib/jsdom/living/generated/EventListener.js:26:30)
      at innerInvokeEventListeners 
(node_modules/jsdom/lib/jsdom/living/events/EventTarget-impl.js:350:25)
      at invokeEventListeners 
(node_modules/jsdom/lib/jsdom/living/events/EventTarget-impl.js:286:3)
      at HTMLButtonElementImpl._dispatch 
(node_modules/jsdom/lib/jsdom/living/events/EventTarget-impl.js:233:9)
      at HTMLButtonElementImpl.dispatchEvent 
(node_modules/jsdom/lib/jsdom/living/events/EventTarget-impl.js:104:17)
      at HTMLButtonElement.dispatchEvent 
(node_modules/jsdom/lib/jsdom/living/generated/EventTarget.js:241:34)
      at 
node_modules/@testing-library/user-event/dist/cjs/event/dispatchEvent.js:45:43
      at Object.eventWrapper 
(node_modules/@testing-library/dom/dist/config.js:25:23)
      at Object.wrapEvent 
(node_modules/@testing-library/user-event/dist/cjs/event/wrapEvent.js:6:28)
      at Object.dispatchEvent (node_modules/@testing-library/user-event/dist/cj
s/event/dispatchEvent.js:45:22)
      at Object.dispatchUIEvent (node_modules/@testing-library/user-event/dist/
cjs/event/dispatchEvent.js:22:26)
      at Mouse.up (node_modules/@testing-library/user-event/dist/cjs/system/poi
nter/mouse.js:100:30)
      at PointerHost.release (node_modules/@testing-library/user-event/dist/cjs
/system/pointer/index.js:87:24)
      at pointerAction 
(node_modules/@testing-library/user-event/dist/cjs/pointer/index.js:54:47)
      at Object.pointer 
(node_modules/@testing-library/user-event/dist/cjs/pointer/index.js:27:9)
      at Object.<anonymous> 
(src/binding-authorities/__tests__/binding-authorities.test.tsx:2449:9)

    console.error
      Warning: An update to BAEndorsementPage inside a test was not wrapped in 
act(...).
      
      When testing, code that causes React state updates should be wrapped 
into act(...):
      
      act(() => {
        /* fire events that update state */
      });
      /* assert on the output */
      
      This ensures that you're testing the behavior the user would see in the 
browser. Learn more at https://reactjs.org/link/wrap-tests-with-act
          at BAEndorsementPage (C:\Users\samhe\OneDrive\Desktop\Cleaned\fronten
d\src\binding-authorities\BAEndorsementPage\BAEndorsementPage.tsx:93:44)
          at routeContext (C:\Users\samhe\OneDrive\Desktop\Cleaned\frontend\nod
e_modules\react-router\lib\hooks.tsx:658:26)
          at children (C:\Users\samhe\OneDrive\Desktop\Cleaned\frontend\node_mo
dules\react-router\lib\components.tsx:512:3)
          at basenameProp (C:\Users\samhe\OneDrive\Desktop\Cleaned\frontend\nod
e_modules\react-router\lib\components.tsx:421:13)
          at basename (C:\Users\samhe\OneDrive\Desktop\Cleaned\frontend\node_mo
dules\react-router\lib\components.tsx:225:3)

      502 |
      503 |     function updateDraftSection(sectionId: number, patch: 
Partial<CreateBASectionInput>) {
    > 504 |         setSections((prev) => prev.map((section) => section.id === 
sectionId ? { ...section, ...patch } : section))
          |         ^
      505 |         setIsDirty(true)
      506 |     }
      507 |

      at printWarning 
(node_modules/react-dom/cjs/react-dom.development.js:86:30)
      at error (node_modules/react-dom/cjs/react-dom.development.js:60:7)
      at warnIfUpdatesNotWrappedWithActDEV 
(node_modules/react-dom/cjs/react-dom.development.js:27628:9)
      at scheduleUpdateOnFiber 
(node_modules/react-dom/cjs/react-dom.development.js:25547:5)
      at dispatchSetState 
(node_modules/react-dom/cjs/react-dom.development.js:16708:7)
      at updateDraftSection 
(src/binding-authorities/BAEndorsementPage/BAEndorsementPage.tsx:504:9)
      at onChange 
(src/binding-authorities/BAEndorsementPage/BAEndorsementPage.tsx:524:29)
      at HTMLUnknownElement.callCallback 
(node_modules/react-dom/cjs/react-dom.development.js:4164:14)
      at HTMLUnknownElement.callTheUserObjectsOperation 
(node_modules/jsdom/lib/jsdom/living/generated/EventListener.js:26:30)
      at innerInvokeEventListeners 
(node_modules/jsdom/lib/jsdom/living/events/EventTarget-impl.js:350:25)
      at invokeEventListeners 
(node_modules/jsdom/lib/jsdom/living/events/EventTarget-impl.js:286:3)
      at HTMLUnknownElementImpl._dispatch 
(node_modules/jsdom/lib/jsdom/living/events/EventTarget-impl.js:233:9)
      at HTMLUnknownElementImpl.dispatchEvent 
(node_modules/jsdom/lib/jsdom/living/events/EventTarget-impl.js:104:17)
      at HTMLUnknownElement.dispatchEvent 
(node_modules/jsdom/lib/jsdom/living/generated/EventTarget.js:241:34)
      at Object.invokeGuardedCallbackDev 
(node_modules/react-dom/cjs/react-dom.development.js:4213:16)
      at invokeGuardedCallback 
(node_modules/react-dom/cjs/react-dom.development.js:4277:31)
      at invokeGuardedCallbackAndCatchFirstError 
(node_modules/react-dom/cjs/react-dom.development.js:4291:25)
      at executeDispatch 
(node_modules/react-dom/cjs/react-dom.development.js:9041:3)
      at processDispatchQueueItemsInOrder 
(node_modules/react-dom/cjs/react-dom.development.js:9073:7)
      at processDispatchQueue 
(node_modules/react-dom/cjs/react-dom.development.js:9086:5)
      at dispatchEventsForPlugins 
(node_modules/react-dom/cjs/react-dom.development.js:9097:3)
      at node_modules/react-dom/cjs/react-dom.development.js:9288:12
      at batchedUpdates$1 
(node_modules/react-dom/cjs/react-dom.development.js:26179:12)
      at batchedUpdates 
(node_modules/react-dom/cjs/react-dom.development.js:3991:12)
      at dispatchEventForPluginEventSystem 
(node_modules/react-dom/cjs/react-dom.development.js:9287:3)
      at dispatchEventWithEnableCapturePhaseSelectiveHydrationWithoutDiscreteEv
entReplay (node_modules/react-dom/cjs/react-dom.development.js:6465:5)
      at dispatchEvent 
(node_modules/react-dom/cjs/react-dom.development.js:6457:5)
      at dispatchDiscreteEvent 
(node_modules/react-dom/cjs/react-dom.development.js:6430:5)
      at HTMLDivElement.callTheUserObjectsOperation 
(node_modules/jsdom/lib/jsdom/living/generated/EventListener.js:26:30)
      at innerInvokeEventListeners 
(node_modules/jsdom/lib/jsdom/living/events/EventTarget-impl.js:350:25)
      at invokeEventListeners 
(node_modules/jsdom/lib/jsdom/living/events/EventTarget-impl.js:286:3)
      at HTMLInputElementImpl._dispatch 
(node_modules/jsdom/lib/jsdom/living/events/EventTarget-impl.js:233:9)
      at HTMLInputElementImpl.dispatchEvent 
(node_modules/jsdom/lib/jsdom/living/events/EventTarget-impl.js:104:17)
      at HTMLInputElement.dispatchEvent 
(node_modules/jsdom/lib/jsdom/living/generated/EventTarget.js:241:34)
      at 
node_modules/@testing-library/user-event/dist/cjs/event/dispatchEvent.js:45:43
      at Object.eventWrapper 
(node_modules/@testing-library/dom/dist/config.js:25:23)
      at Object.wrapEvent 
(node_modules/@testing-library/user-event/dist/cjs/event/wrapEvent.js:6:28)
      at Object.dispatchEvent (node_modules/@testing-library/user-event/dist/cj
s/event/dispatchEvent.js:45:22)
      at Object.dispatchUIEvent (node_modules/@testing-library/user-event/dist/
cjs/event/dispatchEvent.js:22:26)
      at commitInput 
(node_modules/@testing-library/user-event/dist/cjs/event/input.js:145:14)
      at editInputElement 
(node_modules/@testing-library/user-event/dist/cjs/event/input.js:115:9)
      at Object.input 
(node_modules/@testing-library/user-event/dist/cjs/event/input.js:37:9)
      at node_modules/@testing-library/user-event/dist/cjs/event/behavior/keypr
ess.js:31:26
      at Object.dispatchEvent (node_modules/@testing-library/user-event/dist/cj
s/event/dispatchEvent.js:41:13)
      at Object.dispatchUIEvent (node_modules/@testing-library/user-event/dist/
cjs/event/dispatchEvent.js:22:26)
      at KeyboardHost.keydown 
(node_modules/@testing-library/user-event/dist/cjs/system/keyboard.js:76:22)
      at keyboardAction 
(node_modules/@testing-library/user-event/dist/cjs/keyboard/index.js:22:35)
      at Object.keyboard 
(node_modules/@testing-library/user-event/dist/cjs/keyboard/index.js:11:15)
      at Object.type 
(node_modules/@testing-library/user-event/dist/cjs/utility/type.js:17:5)
      at Object.<anonymous> 
(src/binding-authorities/__tests__/binding-authorities.test.tsx:2454:9)

    console.error
      Warning: An update to BAEndorsementPage inside a test was not wrapped in 
act(...).
      
      When testing, code that causes React state updates should be wrapped 
into act(...):
      
      act(() => {
        /* fire events that update state */
      });
      /* assert on the output */
      
      This ensures that you're testing the behavior the user would see in the 
browser. Learn more at https://reactjs.org/link/wrap-tests-with-act
          at BAEndorsementPage (C:\Users\samhe\OneDrive\Desktop\Cleaned\fronten
d\src\binding-authorities\BAEndorsementPage\BAEndorsementPage.tsx:93:44)
          at routeContext (C:\Users\samhe\OneDrive\Desktop\Cleaned\frontend\nod
e_modules\react-router\lib\hooks.tsx:658:26)
          at children (C:\Users\samhe\OneDrive\Desktop\Cleaned\frontend\node_mo
dules\react-router\lib\components.tsx:512:3)
          at basenameProp (C:\Users\samhe\OneDrive\Desktop\Cleaned\frontend\nod
e_modules\react-router\lib\components.tsx:421:13)
          at basename (C:\Users\samhe\OneDrive\Desktop\Cleaned\frontend\node_mo
dules\react-router\lib\components.tsx:225:3)

      503 |     function updateDraftSection(sectionId: number, patch: 
Partial<CreateBASectionInput>) {
      504 |         setSections((prev) => prev.map((section) => section.id === 
sectionId ? { ...section, ...patch } : section))
    > 505 |         setIsDirty(true)
          |         ^
      506 |     }
      507 |
      508 |     function renderSectionCell(key: string, row: unknown): 
React.ReactNode {

      at printWarning 
(node_modules/react-dom/cjs/react-dom.development.js:86:30)
      at error (node_modules/react-dom/cjs/react-dom.development.js:60:7)
      at warnIfUpdatesNotWrappedWithActDEV 
(node_modules/react-dom/cjs/react-dom.development.js:27628:9)
      at scheduleUpdateOnFiber 
(node_modules/react-dom/cjs/react-dom.development.js:25547:5)
      at dispatchSetState 
(node_modules/react-dom/cjs/react-dom.development.js:16708:7)
      at updateDraftSection 
(src/binding-authorities/BAEndorsementPage/BAEndorsementPage.tsx:505:9)
      at onChange 
(src/binding-authorities/BAEndorsementPage/BAEndorsementPage.tsx:524:29)
      at HTMLUnknownElement.callCallback 
(node_modules/react-dom/cjs/react-dom.development.js:4164:14)
      at HTMLUnknownElement.callTheUserObjectsOperation 
(node_modules/jsdom/lib/jsdom/living/generated/EventListener.js:26:30)
      at innerInvokeEventListeners 
(node_modules/jsdom/lib/jsdom/living/events/EventTarget-impl.js:350:25)
      at invokeEventListeners 
(node_modules/jsdom/lib/jsdom/living/events/EventTarget-impl.js:286:3)
      at HTMLUnknownElementImpl._dispatch 
(node_modules/jsdom/lib/jsdom/living/events/EventTarget-impl.js:233:9)
      at HTMLUnknownElementImpl.dispatchEvent 
(node_modules/jsdom/lib/jsdom/living/events/EventTarget-impl.js:104:17)
      at HTMLUnknownElement.dispatchEvent 
(node_modules/jsdom/lib/jsdom/living/generated/EventTarget.js:241:34)
      at Object.invokeGuardedCallbackDev 
(node_modules/react-dom/cjs/react-dom.development.js:4213:16)
      at invokeGuardedCallback 
(node_modules/react-dom/cjs/react-dom.development.js:4277:31)
      at invokeGuardedCallbackAndCatchFirstError 
(node_modules/react-dom/cjs/react-dom.development.js:4291:25)
      at executeDispatch 
(node_modules/react-dom/cjs/react-dom.development.js:9041:3)
      at processDispatchQueueItemsInOrder 
(node_modules/react-dom/cjs/react-dom.development.js:9073:7)
      at processDispatchQueue 
(node_modules/react-dom/cjs/react-dom.development.js:9086:5)
      at dispatchEventsForPlugins 
(node_modules/react-dom/cjs/react-dom.development.js:9097:3)
      at node_modules/react-dom/cjs/react-dom.development.js:9288:12
      at batchedUpdates$1 
(node_modules/react-dom/cjs/react-dom.development.js:26179:12)
      at batchedUpdates 
(node_modules/react-dom/cjs/react-dom.development.js:3991:12)
      at dispatchEventForPluginEventSystem 
(node_modules/react-dom/cjs/react-dom.development.js:9287:3)
      at dispatchEventWithEnableCapturePhaseSelectiveHydrationWithoutDiscreteEv
entReplay (node_modules/react-dom/cjs/react-dom.development.js:6465:5)
      at dispatchEvent 
(node_modules/react-dom/cjs/react-dom.development.js:6457:5)
      at dispatchDiscreteEvent 
(node_modules/react-dom/cjs/react-dom.development.js:6430:5)
      at HTMLDivElement.callTheUserObjectsOperation 
(node_modules/jsdom/lib/jsdom/living/generated/EventListener.js:26:30)
      at innerInvokeEventListeners 
(node_modules/jsdom/lib/jsdom/living/events/EventTarget-impl.js:350:25)
      at invokeEventListeners 
(node_modules/jsdom/lib/jsdom/living/events/EventTarget-impl.js:286:3)
      at HTMLInputElementImpl._dispatch 
(node_modules/jsdom/lib/jsdom/living/events/EventTarget-impl.js:233:9)
      at HTMLInputElementImpl.dispatchEvent 
(node_modules/jsdom/lib/jsdom/living/events/EventTarget-impl.js:104:17)
      at HTMLInputElement.dispatchEvent 
(node_modules/jsdom/lib/jsdom/living/generated/EventTarget.js:241:34)
      at 
node_modules/@testing-library/user-event/dist/cjs/event/dispatchEvent.js:45:43
      at Object.eventWrapper 
(node_modules/@testing-library/dom/dist/config.js:25:23)
      at Object.wrapEvent 
(node_modules/@testing-library/user-event/dist/cjs/event/wrapEvent.js:6:28)
      at Object.dispatchEvent (node_modules/@testing-library/user-event/dist/cj
s/event/dispatchEvent.js:45:22)
      at Object.dispatchUIEvent (node_modules/@testing-library/user-event/dist/
cjs/event/dispatchEvent.js:22:26)
      at commitInput 
(node_modules/@testing-library/user-event/dist/cjs/event/input.js:145:14)
      at editInputElement 
(node_modules/@testing-library/user-event/dist/cjs/event/input.js:115:9)
      at Object.input 
(node_modules/@testing-library/user-event/dist/cjs/event/input.js:37:9)
      at node_modules/@testing-library/user-event/dist/cjs/event/behavior/keypr
ess.js:31:26
      at Object.dispatchEvent (node_modules/@testing-library/user-event/dist/cj
s/event/dispatchEvent.js:41:13)
      at Object.dispatchUIEvent (node_modules/@testing-library/user-event/dist/
cjs/event/dispatchEvent.js:22:26)
      at KeyboardHost.keydown 
(node_modules/@testing-library/user-event/dist/cjs/system/keyboard.js:76:22)
      at keyboardAction 
(node_modules/@testing-library/user-event/dist/cjs/keyboard/index.js:22:35)
      at Object.keyboard 
(node_modules/@testing-library/user-event/dist/cjs/keyboard/index.js:11:15)
      at Object.type 
(node_modules/@testing-library/user-event/dist/cjs/utility/type.js:17:5)
      at Object.<anonymous> 
(src/binding-authorities/__tests__/binding-authorities.test.tsx:2454:9)

    console.error
      Warning: An update to BAEndorsementPage inside a test was not wrapped in 
act(...).
      
      When testing, code that causes React state updates should be wrapped 
into act(...):
      
      act(() => {
        /* fire events that update state */
      });
      /* assert on the output */
      
      This ensures that you're testing the behavior the user would see in the 
browser. Learn more at https://reactjs.org/link/wrap-tests-with-act
          at BAEndorsementPage (C:\Users\samhe\OneDrive\Desktop\Cleaned\fronten
d\src\binding-authorities\BAEndorsementPage\BAEndorsementPage.tsx:93:44)
          at routeContext (C:\Users\samhe\OneDrive\Desktop\Cleaned\frontend\nod
e_modules\react-router\lib\hooks.tsx:658:26)
          at children (C:\Users\samhe\OneDrive\Desktop\Cleaned\frontend\node_mo
dules\react-router\lib\components.tsx:512:3)
          at basenameProp (C:\Users\samhe\OneDrive\Desktop\Cleaned\frontend\nod
e_modules\react-router\lib\components.tsx:421:13)
          at basename (C:\Users\samhe\OneDrive\Desktop\Cleaned\frontend\node_mo
dules\react-router\lib\components.tsx:225:3)

      502 |
      503 |     function updateDraftSection(sectionId: number, patch: 
Partial<CreateBASectionInput>) {
    > 504 |         setSections((prev) => prev.map((section) => section.id === 
sectionId ? { ...section, ...patch } : section))
          |         ^
      505 |         setIsDirty(true)
      506 |     }
      507 |

      at printWarning 
(node_modules/react-dom/cjs/react-dom.development.js:86:30)
      at error (node_modules/react-dom/cjs/react-dom.development.js:60:7)
      at warnIfUpdatesNotWrappedWithActDEV 
(node_modules/react-dom/cjs/react-dom.development.js:27628:9)
      at scheduleUpdateOnFiber 
(node_modules/react-dom/cjs/react-dom.development.js:25547:5)
      at dispatchSetState 
(node_modules/react-dom/cjs/react-dom.development.js:16708:7)
      at updateDraftSection 
(src/binding-authorities/BAEndorsementPage/BAEndorsementPage.tsx:504:9)
      at onChange 
(src/binding-authorities/BAEndorsementPage/BAEndorsementPage.tsx:524:29)
      at HTMLUnknownElement.callCallback 
(node_modules/react-dom/cjs/react-dom.development.js:4164:14)
      at HTMLUnknownElement.callTheUserObjectsOperation 
(node_modules/jsdom/lib/jsdom/living/generated/EventListener.js:26:30)
      at innerInvokeEventListeners 
(node_modules/jsdom/lib/jsdom/living/events/EventTarget-impl.js:350:25)
      at invokeEventListeners 
(node_modules/jsdom/lib/jsdom/living/events/EventTarget-impl.js:286:3)
      at HTMLUnknownElementImpl._dispatch 
(node_modules/jsdom/lib/jsdom/living/events/EventTarget-impl.js:233:9)
      at HTMLUnknownElementImpl.dispatchEvent 
(node_modules/jsdom/lib/jsdom/living/events/EventTarget-impl.js:104:17)
      at HTMLUnknownElement.dispatchEvent 
(node_modules/jsdom/lib/jsdom/living/generated/EventTarget.js:241:34)
      at Object.invokeGuardedCallbackDev 
(node_modules/react-dom/cjs/react-dom.development.js:4213:16)
      at invokeGuardedCallback 
(node_modules/react-dom/cjs/react-dom.development.js:4277:31)
      at invokeGuardedCallbackAndCatchFirstError 
(node_modules/react-dom/cjs/react-dom.development.js:4291:25)
      at executeDispatch 
(node_modules/react-dom/cjs/react-dom.development.js:9041:3)
      at processDispatchQueueItemsInOrder 
(node_modules/react-dom/cjs/react-dom.development.js:9073:7)
      at processDispatchQueue 
(node_modules/react-dom/cjs/react-dom.development.js:9086:5)
      at dispatchEventsForPlugins 
(node_modules/react-dom/cjs/react-dom.development.js:9097:3)
      at node_modules/react-dom/cjs/react-dom.development.js:9288:12
      at batchedUpdates$1 
(node_modules/react-dom/cjs/react-dom.development.js:26179:12)
      at batchedUpdates 
(node_modules/react-dom/cjs/react-dom.development.js:3991:12)
      at dispatchEventForPluginEventSystem 
(node_modules/react-dom/cjs/react-dom.development.js:9287:3)
      at dispatchEventWithEnableCapturePhaseSelectiveHydrationWithoutDiscreteEv
entReplay (node_modules/react-dom/cjs/react-dom.development.js:6465:5)
      at dispatchEvent 
(node_modules/react-dom/cjs/react-dom.development.js:6457:5)
      at dispatchDiscreteEvent 
(node_modules/react-dom/cjs/react-dom.development.js:6430:5)
      at HTMLDivElement.callTheUserObjectsOperation 
(node_modules/jsdom/lib/jsdom/living/generated/EventListener.js:26:30)
      at innerInvokeEventListeners 
(node_modules/jsdom/lib/jsdom/living/events/EventTarget-impl.js:350:25)
      at invokeEventListeners 
(node_modules/jsdom/lib/jsdom/living/events/EventTarget-impl.js:286:3)
      at HTMLInputElementImpl._dispatch 
(node_modules/jsdom/lib/jsdom/living/events/EventTarget-impl.js:233:9)
      at HTMLInputElementImpl.dispatchEvent 
(node_modules/jsdom/lib/jsdom/living/events/EventTarget-impl.js:104:17)
      at HTMLInputElement.dispatchEvent 
(node_modules/jsdom/lib/jsdom/living/generated/EventTarget.js:241:34)
      at 
node_modules/@testing-library/user-event/dist/cjs/event/dispatchEvent.js:45:43
      at Object.eventWrapper 
(node_modules/@testing-library/dom/dist/config.js:25:23)
      at Object.wrapEvent 
(node_modules/@testing-library/user-event/dist/cjs/event/wrapEvent.js:6:28)
      at Object.dispatchEvent (node_modules/@testing-library/user-event/dist/cj
s/event/dispatchEvent.js:45:22)
      at Object.dispatchUIEvent (node_modules/@testing-library/user-event/dist/
cjs/event/dispatchEvent.js:22:26)
      at commitInput 
(node_modules/@testing-library/user-event/dist/cjs/event/input.js:145:14)
      at editInputElement 
(node_modules/@testing-library/user-event/dist/cjs/event/input.js:115:9)
      at Object.input 
(node_modules/@testing-library/user-event/dist/cjs/event/input.js:37:9)
      at node_modules/@testing-library/user-event/dist/cjs/event/behavior/keypr
ess.js:31:26
      at Object.dispatchEvent (node_modules/@testing-library/user-event/dist/cj
s/event/dispatchEvent.js:41:13)
      at Object.dispatchUIEvent (node_modules/@testing-library/user-event/dist/
cjs/event/dispatchEvent.js:22:26)
      at KeyboardHost.keydown 
(node_modules/@testing-library/user-event/dist/cjs/system/keyboard.js:76:22)
      at keyboardAction 
(node_modules/@testing-library/user-event/dist/cjs/keyboard/index.js:22:35)
      at Object.keyboard 
(node_modules/@testing-library/user-event/dist/cjs/keyboard/index.js:11:15)
      at Object.type 
(node_modules/@testing-library/user-event/dist/cjs/utility/type.js:17:5)
      at Object.<anonymous> 
(src/binding-authorities/__tests__/binding-authorities.test.tsx:2454:9)

    console.error
      Warning: An update to BAEndorsementPage inside a test was not wrapped in 
act(...).
      
      When testing, code that causes React state updates should be wrapped 
into act(...):
      
      act(() => {
        /* fire events that update state */
      });
      /* assert on the output */
      
      This ensures that you're testing the behavior the user would see in the 
browser. Learn more at https://reactjs.org/link/wrap-tests-with-act
          at BAEndorsementPage (C:\Users\samhe\OneDrive\Desktop\Cleaned\fronten
d\src\binding-authorities\BAEndorsementPage\BAEndorsementPage.tsx:93:44)
          at routeContext (C:\Users\samhe\OneDrive\Desktop\Cleaned\frontend\nod
e_modules\react-router\lib\hooks.tsx:658:26)
          at children (C:\Users\samhe\OneDrive\Desktop\Cleaned\frontend\node_mo
dules\react-router\lib\components.tsx:512:3)
          at basenameProp (C:\Users\samhe\OneDrive\Desktop\Cleaned\frontend\nod
e_modules\react-router\lib\components.tsx:421:13)
          at basename (C:\Users\samhe\OneDrive\Desktop\Cleaned\frontend\node_mo
dules\react-router\lib\components.tsx:225:3)

      503 |     function updateDraftSection(sectionId: number, patch: 
Partial<CreateBASectionInput>) {
      504 |         setSections((prev) => prev.map((section) => section.id === 
sectionId ? { ...section, ...patch } : section))
    > 505 |         setIsDirty(true)
          |         ^
      506 |     }
      507 |
      508 |     function renderSectionCell(key: string, row: unknown): 
React.ReactNode {

      at printWarning 
(node_modules/react-dom/cjs/react-dom.development.js:86:30)
      at error (node_modules/react-dom/cjs/react-dom.development.js:60:7)
      at warnIfUpdatesNotWrappedWithActDEV 
(node_modules/react-dom/cjs/react-dom.development.js:27628:9)
      at scheduleUpdateOnFiber 
(node_modules/react-dom/cjs/react-dom.development.js:25547:5)
      at dispatchSetState 
(node_modules/react-dom/cjs/react-dom.development.js:16708:7)
      at updateDraftSection 
(src/binding-authorities/BAEndorsementPage/BAEndorsementPage.tsx:505:9)
      at onChange 
(src/binding-authorities/BAEndorsementPage/BAEndorsementPage.tsx:524:29)
      at HTMLUnknownElement.callCallback 
(node_modules/react-dom/cjs/react-dom.development.js:4164:14)
      at HTMLUnknownElement.callTheUserObjectsOperation 
(node_modules/jsdom/lib/jsdom/living/generated/EventListener.js:26:30)
      at innerInvokeEventListeners 
(node_modules/jsdom/lib/jsdom/living/events/EventTarget-impl.js:350:25)
      at invokeEventListeners 
(node_modules/jsdom/lib/jsdom/living/events/EventTarget-impl.js:286:3)
      at HTMLUnknownElementImpl._dispatch 
(node_modules/jsdom/lib/jsdom/living/events/EventTarget-impl.js:233:9)
      at HTMLUnknownElementImpl.dispatchEvent 
(node_modules/jsdom/lib/jsdom/living/events/EventTarget-impl.js:104:17)
      at HTMLUnknownElement.dispatchEvent 
(node_modules/jsdom/lib/jsdom/living/generated/EventTarget.js:241:34)
      at Object.invokeGuardedCallbackDev 
(node_modules/react-dom/cjs/react-dom.development.js:4213:16)
      at invokeGuardedCallback 
(node_modules/react-dom/cjs/react-dom.development.js:4277:31)
      at invokeGuardedCallbackAndCatchFirstError 
(node_modules/react-dom/cjs/react-dom.development.js:4291:25)
      at executeDispatch 
(node_modules/react-dom/cjs/react-dom.development.js:9041:3)
      at processDispatchQueueItemsInOrder 
(node_modules/react-dom/cjs/react-dom.development.js:9073:7)
      at processDispatchQueue 
(node_modules/react-dom/cjs/react-dom.development.js:9086:5)
      at dispatchEventsForPlugins 
(node_modules/react-dom/cjs/react-dom.development.js:9097:3)
      at node_modules/react-dom/cjs/react-dom.development.js:9288:12
      at batchedUpdates$1 
(node_modules/react-dom/cjs/react-dom.development.js:26179:12)
      at batchedUpdates 
(node_modules/react-dom/cjs/react-dom.development.js:3991:12)
      at dispatchEventForPluginEventSystem 
(node_modules/react-dom/cjs/react-dom.development.js:9287:3)
      at dispatchEventWithEnableCapturePhaseSelectiveHydrationWithoutDiscreteEv
entReplay (node_modules/react-dom/cjs/react-dom.development.js:6465:5)
      at dispatchEvent 
(node_modules/react-dom/cjs/react-dom.development.js:6457:5)
      at dispatchDiscreteEvent 
(node_modules/react-dom/cjs/react-dom.development.js:6430:5)
      at HTMLDivElement.callTheUserObjectsOperation 
(node_modules/jsdom/lib/jsdom/living/generated/EventListener.js:26:30)
      at innerInvokeEventListeners 
(node_modules/jsdom/lib/jsdom/living/events/EventTarget-impl.js:350:25)
      at invokeEventListeners 
(node_modules/jsdom/lib/jsdom/living/events/EventTarget-impl.js:286:3)
      at HTMLInputElementImpl._dispatch 
(node_modules/jsdom/lib/jsdom/living/events/EventTarget-impl.js:233:9)
      at HTMLInputElementImpl.dispatchEvent 
(node_modules/jsdom/lib/jsdom/living/events/EventTarget-impl.js:104:17)
      at HTMLInputElement.dispatchEvent 
(node_modules/jsdom/lib/jsdom/living/generated/EventTarget.js:241:34)
      at 
node_modules/@testing-library/user-event/dist/cjs/event/dispatchEvent.js:45:43
      at Object.eventWrapper 
(node_modules/@testing-library/dom/dist/config.js:25:23)
      at Object.wrapEvent 
(node_modules/@testing-library/user-event/dist/cjs/event/wrapEvent.js:6:28)
      at Object.dispatchEvent (node_modules/@testing-library/user-event/dist/cj
s/event/dispatchEvent.js:45:22)
      at Object.dispatchUIEvent (node_modules/@testing-library/user-event/dist/
cjs/event/dispatchEvent.js:22:26)
      at commitInput 
(node_modules/@testing-library/user-event/dist/cjs/event/input.js:145:14)
      at editInputElement 
(node_modules/@testing-library/user-event/dist/cjs/event/input.js:115:9)
      at Object.input 
(node_modules/@testing-library/user-event/dist/cjs/event/input.js:37:9)
      at node_modules/@testing-library/user-event/dist/cjs/event/behavior/keypr
ess.js:31:26
      at Object.dispatchEvent (node_modules/@testing-library/user-event/dist/cj
s/event/dispatchEvent.js:41:13)
      at Object.dispatchUIEvent (node_modules/@testing-library/user-event/dist/
cjs/event/dispatchEvent.js:22:26)
      at KeyboardHost.keydown 
(node_modules/@testing-library/user-event/dist/cjs/system/keyboard.js:76:22)
      at keyboardAction 
(node_modules/@testing-library/user-event/dist/cjs/keyboard/index.js:22:35)
      at Object.keyboard 
(node_modules/@testing-library/user-event/dist/cjs/keyboard/index.js:11:15)
      at Object.type 
(node_modules/@testing-library/user-event/dist/cjs/utility/type.js:17:5)
      at Object.<anonymous> 
(src/binding-authorities/__tests__/binding-authorities.test.tsx:2454:9)

    console.error
      Warning: An update to BAEndorsementPage inside a test was not wrapped in 
act(...).
      
      When testing, code that causes React state updates should be wrapped 
into act(...):
      
      act(() => {
        /* fire events that update state */
      });
      /* assert on the output */
      
      This ensures that you're testing the behavior the user would see in the 
browser. Learn more at https://reactjs.org/link/wrap-tests-with-act
          at BAEndorsementPage (C:\Users\samhe\OneDrive\Desktop\Cleaned\fronten
d\src\binding-authorities\BAEndorsementPage\BAEndorsementPage.tsx:93:44)
          at routeContext (C:\Users\samhe\OneDrive\Desktop\Cleaned\frontend\nod
e_modules\react-router\lib\hooks.tsx:658:26)
          at children (C:\Users\samhe\OneDrive\Desktop\Cleaned\frontend\node_mo
dules\react-router\lib\components.tsx:512:3)
          at basenameProp (C:\Users\samhe\OneDrive\Desktop\Cleaned\frontend\nod
e_modules\react-router\lib\components.tsx:421:13)
          at basename (C:\Users\samhe\OneDrive\Desktop\Cleaned\frontend\node_mo
dules\react-router\lib\components.tsx:225:3)

      502 |
      503 |     function updateDraftSection(sectionId: number, patch: 
Partial<CreateBASectionInput>) {
    > 504 |         setSections((prev) => prev.map((section) => section.id === 
sectionId ? { ...section, ...patch } : section))
          |         ^
      505 |         setIsDirty(true)
      506 |     }
      507 |

      at printWarning 
(node_modules/react-dom/cjs/react-dom.development.js:86:30)
      at error (node_modules/react-dom/cjs/react-dom.development.js:60:7)
      at warnIfUpdatesNotWrappedWithActDEV 
(node_modules/react-dom/cjs/react-dom.development.js:27628:9)
      at scheduleUpdateOnFiber 
(node_modules/react-dom/cjs/react-dom.development.js:25547:5)
      at dispatchSetState 
(node_modules/react-dom/cjs/react-dom.development.js:16708:7)
      at updateDraftSection 
(src/binding-authorities/BAEndorsementPage/BAEndorsementPage.tsx:504:9)
      at onChange 
(src/binding-authorities/BAEndorsementPage/BAEndorsementPage.tsx:524:29)
      at HTMLUnknownElement.callCallback 
(node_modules/react-dom/cjs/react-dom.development.js:4164:14)
      at HTMLUnknownElement.callTheUserObjectsOperation 
(node_modules/jsdom/lib/jsdom/living/generated/EventListener.js:26:30)
      at innerInvokeEventListeners 
(node_modules/jsdom/lib/jsdom/living/events/EventTarget-impl.js:350:25)
      at invokeEventListeners 
(node_modules/jsdom/lib/jsdom/living/events/EventTarget-impl.js:286:3)
      at HTMLUnknownElementImpl._dispatch 
(node_modules/jsdom/lib/jsdom/living/events/EventTarget-impl.js:233:9)
      at HTMLUnknownElementImpl.dispatchEvent 
(node_modules/jsdom/lib/jsdom/living/events/EventTarget-impl.js:104:17)
      at HTMLUnknownElement.dispatchEvent 
(node_modules/jsdom/lib/jsdom/living/generated/EventTarget.js:241:34)
      at Object.invokeGuardedCallbackDev 
(node_modules/react-dom/cjs/react-dom.development.js:4213:16)
      at invokeGuardedCallback 
(node_modules/react-dom/cjs/react-dom.development.js:4277:31)
      at invokeGuardedCallbackAndCatchFirstError 
(node_modules/react-dom/cjs/react-dom.development.js:4291:25)
      at executeDispatch 
(node_modules/react-dom/cjs/react-dom.development.js:9041:3)
      at processDispatchQueueItemsInOrder 
(node_modules/react-dom/cjs/react-dom.development.js:9073:7)
      at processDispatchQueue 
(node_modules/react-dom/cjs/react-dom.development.js:9086:5)
      at dispatchEventsForPlugins 
(node_modules/react-dom/cjs/react-dom.development.js:9097:3)
      at node_modules/react-dom/cjs/react-dom.development.js:9288:12
      at batchedUpdates$1 
(node_modules/react-dom/cjs/react-dom.development.js:26179:12)
      at batchedUpdates 
(node_modules/react-dom/cjs/react-dom.development.js:3991:12)
      at dispatchEventForPluginEventSystem 
(node_modules/react-dom/cjs/react-dom.development.js:9287:3)
      at dispatchEventWithEnableCapturePhaseSelectiveHydrationWithoutDiscreteEv
entReplay (node_modules/react-dom/cjs/react-dom.development.js:6465:5)
      at dispatchEvent 
(node_modules/react-dom/cjs/react-dom.development.js:6457:5)
      at dispatchDiscreteEvent 
(node_modules/react-dom/cjs/react-dom.development.js:6430:5)
      at HTMLDivElement.callTheUserObjectsOperation 
(node_modules/jsdom/lib/jsdom/living/generated/EventListener.js:26:30)
      at innerInvokeEventListeners 
(node_modules/jsdom/lib/jsdom/living/events/EventTarget-impl.js:350:25)
      at invokeEventListeners 
(node_modules/jsdom/lib/jsdom/living/events/EventTarget-impl.js:286:3)
      at HTMLInputElementImpl._dispatch 
(node_modules/jsdom/lib/jsdom/living/events/EventTarget-impl.js:233:9)
      at HTMLInputElementImpl.dispatchEvent 
(node_modules/jsdom/lib/jsdom/living/events/EventTarget-impl.js:104:17)
      at HTMLInputElement.dispatchEvent 
(node_modules/jsdom/lib/jsdom/living/generated/EventTarget.js:241:34)
      at 
node_modules/@testing-library/user-event/dist/cjs/event/dispatchEvent.js:45:43
      at Object.eventWrapper 
(node_modules/@testing-library/dom/dist/config.js:25:23)
      at Object.wrapEvent 
(node_modules/@testing-library/user-event/dist/cjs/event/wrapEvent.js:6:28)
      at Object.dispatchEvent (node_modules/@testing-library/user-event/dist/cj
s/event/dispatchEvent.js:45:22)
      at Object.dispatchUIEvent (node_modules/@testing-library/user-event/dist/
cjs/event/dispatchEvent.js:22:26)
      at commitInput 
(node_modules/@testing-library/user-event/dist/cjs/event/input.js:145:14)
      at editInputElement 
(node_modules/@testing-library/user-event/dist/cjs/event/input.js:115:9)
      at Object.input 
(node_modules/@testing-library/user-event/dist/cjs/event/input.js:37:9)
      at node_modules/@testing-library/user-event/dist/cjs/event/behavior/keypr
ess.js:31:26
      at Object.dispatchEvent (node_modules/@testing-library/user-event/dist/cj
s/event/dispatchEvent.js:41:13)
      at Object.dispatchUIEvent (node_modules/@testing-library/user-event/dist/
cjs/event/dispatchEvent.js:22:26)
      at KeyboardHost.keydown 
(node_modules/@testing-library/user-event/dist/cjs/system/keyboard.js:76:22)
      at keyboardAction 
(node_modules/@testing-library/user-event/dist/cjs/keyboard/index.js:22:35)
      at Object.keyboard 
(node_modules/@testing-library/user-event/dist/cjs/keyboard/index.js:11:15)
      at Object.type 
(node_modules/@testing-library/user-event/dist/cjs/utility/type.js:17:5)
      at Object.<anonymous> 
(src/binding-authorities/__tests__/binding-authorities.test.tsx:2454:9)

    console.error
      Warning: An update to BAEndorsementPage inside a test was not wrapped in 
act(...).
      
      When testing, code that causes React state updates should be wrapped 
into act(...):
      
      act(() => {
        /* fire events that update state */
      });
      /* assert on the output */
      
      This ensures that you're testing the behavior the user would see in the 
browser. Learn more at https://reactjs.org/link/wrap-tests-with-act
          at BAEndorsementPage (C:\Users\samhe\OneDrive\Desktop\Cleaned\fronten
d\src\binding-authorities\BAEndorsementPage\BAEndorsementPage.tsx:93:44)
          at routeContext (C:\Users\samhe\OneDrive\Desktop\Cleaned\frontend\nod
e_modules\react-router\lib\hooks.tsx:658:26)
          at children (C:\Users\samhe\OneDrive\Desktop\Cleaned\frontend\node_mo
dules\react-router\lib\components.tsx:512:3)
          at basenameProp (C:\Users\samhe\OneDrive\Desktop\Cleaned\frontend\nod
e_modules\react-router\lib\components.tsx:421:13)
          at basename (C:\Users\samhe\OneDrive\Desktop\Cleaned\frontend\node_mo
dules\react-router\lib\components.tsx:225:3)

      503 |     function updateDraftSection(sectionId: number, patch: 
Partial<CreateBASectionInput>) {
      504 |         setSections((prev) => prev.map((section) => section.id === 
sectionId ? { ...section, ...patch } : section))
    > 505 |         setIsDirty(true)
          |         ^
      506 |     }
      507 |
      508 |     function renderSectionCell(key: string, row: unknown): 
React.ReactNode {

      at printWarning 
(node_modules/react-dom/cjs/react-dom.development.js:86:30)
      at error (node_modules/react-dom/cjs/react-dom.development.js:60:7)
      at warnIfUpdatesNotWrappedWithActDEV 
(node_modules/react-dom/cjs/react-dom.development.js:27628:9)
      at scheduleUpdateOnFiber 
(node_modules/react-dom/cjs/react-dom.development.js:25547:5)
      at dispatchSetState 
(node_modules/react-dom/cjs/react-dom.development.js:16708:7)
      at updateDraftSection 
(src/binding-authorities/BAEndorsementPage/BAEndorsementPage.tsx:505:9)
      at onChange 
(src/binding-authorities/BAEndorsementPage/BAEndorsementPage.tsx:524:29)
      at HTMLUnknownElement.callCallback 
(node_modules/react-dom/cjs/react-dom.development.js:4164:14)
      at HTMLUnknownElement.callTheUserObjectsOperation 
(node_modules/jsdom/lib/jsdom/living/generated/EventListener.js:26:30)
      at innerInvokeEventListeners 
(node_modules/jsdom/lib/jsdom/living/events/EventTarget-impl.js:350:25)
      at invokeEventListeners 
(node_modules/jsdom/lib/jsdom/living/events/EventTarget-impl.js:286:3)
      at HTMLUnknownElementImpl._dispatch 
(node_modules/jsdom/lib/jsdom/living/events/EventTarget-impl.js:233:9)
      at HTMLUnknownElementImpl.dispatchEvent 
(node_modules/jsdom/lib/jsdom/living/events/EventTarget-impl.js:104:17)
      at HTMLUnknownElement.dispatchEvent 
(node_modules/jsdom/lib/jsdom/living/generated/EventTarget.js:241:34)
      at Object.invokeGuardedCallbackDev 
(node_modules/react-dom/cjs/react-dom.development.js:4213:16)
      at invokeGuardedCallback 
(node_modules/react-dom/cjs/react-dom.development.js:4277:31)
      at invokeGuardedCallbackAndCatchFirstError 
(node_modules/react-dom/cjs/react-dom.development.js:4291:25)
      at executeDispatch 
(node_modules/react-dom/cjs/react-dom.development.js:9041:3)
      at processDispatchQueueItemsInOrder 
(node_modules/react-dom/cjs/react-dom.development.js:9073:7)
      at processDispatchQueue 
(node_modules/react-dom/cjs/react-dom.development.js:9086:5)
      at dispatchEventsForPlugins 
(node_modules/react-dom/cjs/react-dom.development.js:9097:3)
      at node_modules/react-dom/cjs/react-dom.development.js:9288:12
      at batchedUpdates$1 
(node_modules/react-dom/cjs/react-dom.development.js:26179:12)
      at batchedUpdates 
(node_modules/react-dom/cjs/react-dom.development.js:3991:12)
      at dispatchEventForPluginEventSystem 
(node_modules/react-dom/cjs/react-dom.development.js:9287:3)
      at dispatchEventWithEnableCapturePhaseSelectiveHydrationWithoutDiscreteEv
entReplay (node_modules/react-dom/cjs/react-dom.development.js:6465:5)
      at dispatchEvent 
(node_modules/react-dom/cjs/react-dom.development.js:6457:5)
      at dispatchDiscreteEvent 
(node_modules/react-dom/cjs/react-dom.development.js:6430:5)
      at HTMLDivElement.callTheUserObjectsOperation 
(node_modules/jsdom/lib/jsdom/living/generated/EventListener.js:26:30)
      at innerInvokeEventListeners 
(node_modules/jsdom/lib/jsdom/living/events/EventTarget-impl.js:350:25)
      at invokeEventListeners 
(node_modules/jsdom/lib/jsdom/living/events/EventTarget-impl.js:286:3)
      at HTMLInputElementImpl._dispatch 
(node_modules/jsdom/lib/jsdom/living/events/EventTarget-impl.js:233:9)
      at HTMLInputElementImpl.dispatchEvent 
(node_modules/jsdom/lib/jsdom/living/events/EventTarget-impl.js:104:17)
      at HTMLInputElement.dispatchEvent 
(node_modules/jsdom/lib/jsdom/living/generated/EventTarget.js:241:34)
      at 
node_modules/@testing-library/user-event/dist/cjs/event/dispatchEvent.js:45:43
      at Object.eventWrapper 
(node_modules/@testing-library/dom/dist/config.js:25:23)
      at Object.wrapEvent 
(node_modules/@testing-library/user-event/dist/cjs/event/wrapEvent.js:6:28)
      at Object.dispatchEvent (node_modules/@testing-library/user-event/dist/cj
s/event/dispatchEvent.js:45:22)
      at Object.dispatchUIEvent (node_modules/@testing-library/user-event/dist/
cjs/event/dispatchEvent.js:22:26)
      at commitInput 
(node_modules/@testing-library/user-event/dist/cjs/event/input.js:145:14)
      at editInputElement 
(node_modules/@testing-library/user-event/dist/cjs/event/input.js:115:9)
      at Object.input 
(node_modules/@testing-library/user-event/dist/cjs/event/input.js:37:9)
      at node_modules/@testing-library/user-event/dist/cjs/event/behavior/keypr
ess.js:31:26
      at Object.dispatchEvent (node_modules/@testing-library/user-event/dist/cj
s/event/dispatchEvent.js:41:13)
      at Object.dispatchUIEvent (node_modules/@testing-library/user-event/dist/
cjs/event/dispatchEvent.js:22:26)
      at KeyboardHost.keydown 
(node_modules/@testing-library/user-event/dist/cjs/system/keyboard.js:76:22)
      at keyboardAction 
(node_modules/@testing-library/user-event/dist/cjs/keyboard/index.js:22:35)
      at Object.keyboard 
(node_modules/@testing-library/user-event/dist/cjs/keyboard/index.js:11:15)
      at Object.type 
(node_modules/@testing-library/user-event/dist/cjs/utility/type.js:17:5)
      at Object.<anonymous> 
(src/binding-authorities/__tests__/binding-authorities.test.tsx:2454:9)

    console.error
      Warning: An update to BAEndorsementPage inside a test was not wrapped in 
act(...).
      
      When testing, code that causes React state updates should be wrapped 
into act(...):
      
      act(() => {
        /* fire events that update state */
      });
      /* assert on the output */
      
      This ensures that you're testing the behavior the user would see in the 
browser. Learn more at https://reactjs.org/link/wrap-tests-with-act
          at BAEndorsementPage (C:\Users\samhe\OneDrive\Desktop\Cleaned\fronten
d\src\binding-authorities\BAEndorsementPage\BAEndorsementPage.tsx:93:44)
          at routeContext (C:\Users\samhe\OneDrive\Desktop\Cleaned\frontend\nod
e_modules\react-router\lib\hooks.tsx:658:26)
          at children (C:\Users\samhe\OneDrive\Desktop\Cleaned\frontend\node_mo
dules\react-router\lib\components.tsx:512:3)
          at basenameProp (C:\Users\samhe\OneDrive\Desktop\Cleaned\frontend\nod
e_modules\react-router\lib\components.tsx:421:13)
          at basename (C:\Users\samhe\OneDrive\Desktop\Cleaned\frontend\node_mo
dules\react-router\lib\components.tsx:225:3)

      502 |
      503 |     function updateDraftSection(sectionId: number, patch: 
Partial<CreateBASectionInput>) {
    > 504 |         setSections((prev) => prev.map((section) => section.id === 
sectionId ? { ...section, ...patch } : section))
          |         ^
      505 |         setIsDirty(true)
      506 |     }
      507 |

      at printWarning 
(node_modules/react-dom/cjs/react-dom.development.js:86:30)
      at error (node_modules/react-dom/cjs/react-dom.development.js:60:7)
      at warnIfUpdatesNotWrappedWithActDEV 
(node_modules/react-dom/cjs/react-dom.development.js:27628:9)
      at scheduleUpdateOnFiber 
(node_modules/react-dom/cjs/react-dom.development.js:25547:5)
      at dispatchSetState 
(node_modules/react-dom/cjs/react-dom.development.js:16708:7)
      at updateDraftSection 
(src/binding-authorities/BAEndorsementPage/BAEndorsementPage.tsx:504:9)
      at onChange 
(src/binding-authorities/BAEndorsementPage/BAEndorsementPage.tsx:524:29)
      at HTMLUnknownElement.callCallback 
(node_modules/react-dom/cjs/react-dom.development.js:4164:14)
      at HTMLUnknownElement.callTheUserObjectsOperation 
(node_modules/jsdom/lib/jsdom/living/generated/EventListener.js:26:30)
      at innerInvokeEventListeners 
(node_modules/jsdom/lib/jsdom/living/events/EventTarget-impl.js:350:25)
      at invokeEventListeners 
(node_modules/jsdom/lib/jsdom/living/events/EventTarget-impl.js:286:3)
      at HTMLUnknownElementImpl._dispatch 
(node_modules/jsdom/lib/jsdom/living/events/EventTarget-impl.js:233:9)
      at HTMLUnknownElementImpl.dispatchEvent 
(node_modules/jsdom/lib/jsdom/living/events/EventTarget-impl.js:104:17)
      at HTMLUnknownElement.dispatchEvent 
(node_modules/jsdom/lib/jsdom/living/generated/EventTarget.js:241:34)
      at Object.invokeGuardedCallbackDev 
(node_modules/react-dom/cjs/react-dom.development.js:4213:16)
      at invokeGuardedCallback 
(node_modules/react-dom/cjs/react-dom.development.js:4277:31)
      at invokeGuardedCallbackAndCatchFirstError 
(node_modules/react-dom/cjs/react-dom.development.js:4291:25)
      at executeDispatch 
(node_modules/react-dom/cjs/react-dom.development.js:9041:3)
      at processDispatchQueueItemsInOrder 
(node_modules/react-dom/cjs/react-dom.development.js:9073:7)
      at processDispatchQueue 
(node_modules/react-dom/cjs/react-dom.development.js:9086:5)
      at dispatchEventsForPlugins 
(node_modules/react-dom/cjs/react-dom.development.js:9097:3)
      at node_modules/react-dom/cjs/react-dom.development.js:9288:12
      at batchedUpdates$1 
(node_modules/react-dom/cjs/react-dom.development.js:26179:12)
      at batchedUpdates 
(node_modules/react-dom/cjs/react-dom.development.js:3991:12)
      at dispatchEventForPluginEventSystem 
(node_modules/react-dom/cjs/react-dom.development.js:9287:3)
      at dispatchEventWithEnableCapturePhaseSelectiveHydrationWithoutDiscreteEv
entReplay (node_modules/react-dom/cjs/react-dom.development.js:6465:5)
      at dispatchEvent 
(node_modules/react-dom/cjs/react-dom.development.js:6457:5)
      at dispatchDiscreteEvent 
(node_modules/react-dom/cjs/react-dom.development.js:6430:5)
      at HTMLDivElement.callTheUserObjectsOperation 
(node_modules/jsdom/lib/jsdom/living/generated/EventListener.js:26:30)
      at innerInvokeEventListeners 
(node_modules/jsdom/lib/jsdom/living/events/EventTarget-impl.js:350:25)
      at invokeEventListeners 
(node_modules/jsdom/lib/jsdom/living/events/EventTarget-impl.js:286:3)
      at HTMLInputElementImpl._dispatch 
(node_modules/jsdom/lib/jsdom/living/events/EventTarget-impl.js:233:9)
      at HTMLInputElementImpl.dispatchEvent 
(node_modules/jsdom/lib/jsdom/living/events/EventTarget-impl.js:104:17)
      at HTMLInputElement.dispatchEvent 
(node_modules/jsdom/lib/jsdom/living/generated/EventTarget.js:241:34)
      at 
node_modules/@testing-library/user-event/dist/cjs/event/dispatchEvent.js:45:43
      at Object.eventWrapper 
(node_modules/@testing-library/dom/dist/config.js:25:23)
      at Object.wrapEvent 
(node_modules/@testing-library/user-event/dist/cjs/event/wrapEvent.js:6:28)
      at Object.dispatchEvent (node_modules/@testing-library/user-event/dist/cj
s/event/dispatchEvent.js:45:22)
      at Object.dispatchUIEvent (node_modules/@testing-library/user-event/dist/
cjs/event/dispatchEvent.js:22:26)
      at commitInput 
(node_modules/@testing-library/user-event/dist/cjs/event/input.js:145:14)
      at editInputElement 
(node_modules/@testing-library/user-event/dist/cjs/event/input.js:115:9)
      at Object.input 
(node_modules/@testing-library/user-event/dist/cjs/event/input.js:37:9)
      at node_modules/@testing-library/user-event/dist/cjs/event/behavior/keypr
ess.js:31:26
      at Object.dispatchEvent (node_modules/@testing-library/user-event/dist/cj
s/event/dispatchEvent.js:41:13)
      at Object.dispatchUIEvent (node_modules/@testing-library/user-event/dist/
cjs/event/dispatchEvent.js:22:26)
      at KeyboardHost.keydown 
(node_modules/@testing-library/user-event/dist/cjs/system/keyboard.js:76:22)
      at keyboardAction 
(node_modules/@testing-library/user-event/dist/cjs/keyboard/index.js:22:35)
      at Object.keyboard 
(node_modules/@testing-library/user-event/dist/cjs/keyboard/index.js:11:15)
      at Object.type 
(node_modules/@testing-library/user-event/dist/cjs/utility/type.js:17:5)
      at Object.<anonymous> 
(src/binding-authorities/__tests__/binding-authorities.test.tsx:2454:9)

    console.error
      Warning: An update to BAEndorsementPage inside a test was not wrapped in 
act(...).
      
      When testing, code that causes React state updates should be wrapped 
into act(...):
      
      act(() => {
        /* fire events that update state */
      });
      /* assert on the output */
      
      This ensures that you're testing the behavior the user would see in the 
browser. Learn more at https://reactjs.org/link/wrap-tests-with-act
          at BAEndorsementPage (C:\Users\samhe\OneDrive\Desktop\Cleaned\fronten
d\src\binding-authorities\BAEndorsementPage\BAEndorsementPage.tsx:93:44)
          at routeContext (C:\Users\samhe\OneDrive\Desktop\Cleaned\frontend\nod
e_modules\react-router\lib\hooks.tsx:658:26)
          at children (C:\Users\samhe\OneDrive\Desktop\Cleaned\frontend\node_mo
dules\react-router\lib\components.tsx:512:3)
          at basenameProp (C:\Users\samhe\OneDrive\Desktop\Cleaned\frontend\nod
e_modules\react-router\lib\components.tsx:421:13)
          at basename (C:\Users\samhe\OneDrive\Desktop\Cleaned\frontend\node_mo
dules\react-router\lib\components.tsx:225:3)

      503 |     function updateDraftSection(sectionId: number, patch: 
Partial<CreateBASectionInput>) {
      504 |         setSections((prev) => prev.map((section) => section.id === 
sectionId ? { ...section, ...patch } : section))
    > 505 |         setIsDirty(true)
          |         ^
      506 |     }
      507 |
      508 |     function renderSectionCell(key: string, row: unknown): 
React.ReactNode {

      at printWarning 
(node_modules/react-dom/cjs/react-dom.development.js:86:30)
      at error (node_modules/react-dom/cjs/react-dom.development.js:60:7)
      at warnIfUpdatesNotWrappedWithActDEV 
(node_modules/react-dom/cjs/react-dom.development.js:27628:9)
      at scheduleUpdateOnFiber 
(node_modules/react-dom/cjs/react-dom.development.js:25547:5)
      at dispatchSetState 
(node_modules/react-dom/cjs/react-dom.development.js:16708:7)
      at updateDraftSection 
(src/binding-authorities/BAEndorsementPage/BAEndorsementPage.tsx:505:9)
      at onChange 
(src/binding-authorities/BAEndorsementPage/BAEndorsementPage.tsx:524:29)
      at HTMLUnknownElement.callCallback 
(node_modules/react-dom/cjs/react-dom.development.js:4164:14)
      at HTMLUnknownElement.callTheUserObjectsOperation 
(node_modules/jsdom/lib/jsdom/living/generated/EventListener.js:26:30)
      at innerInvokeEventListeners 
(node_modules/jsdom/lib/jsdom/living/events/EventTarget-impl.js:350:25)
      at invokeEventListeners 
(node_modules/jsdom/lib/jsdom/living/events/EventTarget-impl.js:286:3)
      at HTMLUnknownElementImpl._dispatch 
(node_modules/jsdom/lib/jsdom/living/events/EventTarget-impl.js:233:9)
      at HTMLUnknownElementImpl.dispatchEvent 
(node_modules/jsdom/lib/jsdom/living/events/EventTarget-impl.js:104:17)
      at HTMLUnknownElement.dispatchEvent 
(node_modules/jsdom/lib/jsdom/living/generated/EventTarget.js:241:34)
      at Object.invokeGuardedCallbackDev 
(node_modules/react-dom/cjs/react-dom.development.js:4213:16)
      at invokeGuardedCallback 
(node_modules/react-dom/cjs/react-dom.development.js:4277:31)
      at invokeGuardedCallbackAndCatchFirstError 
(node_modules/react-dom/cjs/react-dom.development.js:4291:25)
      at executeDispatch 
(node_modules/react-dom/cjs/react-dom.development.js:9041:3)
      at processDispatchQueueItemsInOrder 
(node_modules/react-dom/cjs/react-dom.development.js:9073:7)
      at processDispatchQueue 
(node_modules/react-dom/cjs/react-dom.development.js:9086:5)
      at dispatchEventsForPlugins 
(node_modules/react-dom/cjs/react-dom.development.js:9097:3)
      at node_modules/react-dom/cjs/react-dom.development.js:9288:12
      at batchedUpdates$1 
(node_modules/react-dom/cjs/react-dom.development.js:26179:12)
      at batchedUpdates 
(node_modules/react-dom/cjs/react-dom.development.js:3991:12)
      at dispatchEventForPluginEventSystem 
(node_modules/react-dom/cjs/react-dom.development.js:9287:3)
      at dispatchEventWithEnableCapturePhaseSelectiveHydrationWithoutDiscreteEv
entReplay (node_modules/react-dom/cjs/react-dom.development.js:6465:5)
      at dispatchEvent 
(node_modules/react-dom/cjs/react-dom.development.js:6457:5)
      at dispatchDiscreteEvent 
(node_modules/react-dom/cjs/react-dom.development.js:6430:5)
      at HTMLDivElement.callTheUserObjectsOperation 
(node_modules/jsdom/lib/jsdom/living/generated/EventListener.js:26:30)
      at innerInvokeEventListeners 
(node_modules/jsdom/lib/jsdom/living/events/EventTarget-impl.js:350:25)
      at invokeEventListeners 
(node_modules/jsdom/lib/jsdom/living/events/EventTarget-impl.js:286:3)
      at HTMLInputElementImpl._dispatch 
(node_modules/jsdom/lib/jsdom/living/events/EventTarget-impl.js:233:9)
      at HTMLInputElementImpl.dispatchEvent 
(node_modules/jsdom/lib/jsdom/living/events/EventTarget-impl.js:104:17)
      at HTMLInputElement.dispatchEvent 
(node_modules/jsdom/lib/jsdom/living/generated/EventTarget.js:241:34)
      at 
node_modules/@testing-library/user-event/dist/cjs/event/dispatchEvent.js:45:43
      at Object.eventWrapper 
(node_modules/@testing-library/dom/dist/config.js:25:23)
      at Object.wrapEvent 
(node_modules/@testing-library/user-event/dist/cjs/event/wrapEvent.js:6:28)
      at Object.dispatchEvent (node_modules/@testing-library/user-event/dist/cj
s/event/dispatchEvent.js:45:22)
      at Object.dispatchUIEvent (node_modules/@testing-library/user-event/dist/
cjs/event/dispatchEvent.js:22:26)
      at commitInput 
(node_modules/@testing-library/user-event/dist/cjs/event/input.js:145:14)
      at editInputElement 
(node_modules/@testing-library/user-event/dist/cjs/event/input.js:115:9)
      at Object.input 
(node_modules/@testing-library/user-event/dist/cjs/event/input.js:37:9)
      at node_modules/@testing-library/user-event/dist/cjs/event/behavior/keypr
ess.js:31:26
      at Object.dispatchEvent (node_modules/@testing-library/user-event/dist/cj
s/event/dispatchEvent.js:41:13)
      at Object.dispatchUIEvent (node_modules/@testing-library/user-event/dist/
cjs/event/dispatchEvent.js:22:26)
      at KeyboardHost.keydown 
(node_modules/@testing-library/user-event/dist/cjs/system/keyboard.js:76:22)
      at keyboardAction 
(node_modules/@testing-library/user-event/dist/cjs/keyboard/index.js:22:35)
      at Object.keyboard 
(node_modules/@testing-library/user-event/dist/cjs/keyboard/index.js:11:15)
      at Object.type 
(node_modules/@testing-library/user-event/dist/cjs/utility/type.js:17:5)
      at Object.<anonymous> 
(src/binding-authorities/__tests__/binding-authorities.test.tsx:2454:9)

    console.error
      Warning: An update to BAEndorsementPage inside a test was not wrapped in 
act(...).
      
      When testing, code that causes React state updates should be wrapped 
into act(...):
      
      act(() => {
        /* fire events that update state */
      });
      /* assert on the output */
      
      This ensures that you're testing the behavior the user would see in the 
browser. Learn more at https://reactjs.org/link/wrap-tests-with-act
          at BAEndorsementPage (C:\Users\samhe\OneDrive\Desktop\Cleaned\fronten
d\src\binding-authorities\BAEndorsementPage\BAEndorsementPage.tsx:93:44)
          at routeContext (C:\Users\samhe\OneDrive\Desktop\Cleaned\frontend\nod
e_modules\react-router\lib\hooks.tsx:658:26)
          at children (C:\Users\samhe\OneDrive\Desktop\Cleaned\frontend\node_mo
dules\react-router\lib\components.tsx:512:3)
          at basenameProp (C:\Users\samhe\OneDrive\Desktop\Cleaned\frontend\nod
e_modules\react-router\lib\components.tsx:421:13)
          at basename (C:\Users\samhe\OneDrive\Desktop\Cleaned\frontend\node_mo
dules\react-router\lib\components.tsx:225:3)

      502 |
      503 |     function updateDraftSection(sectionId: number, patch: 
Partial<CreateBASectionInput>) {
    > 504 |         setSections((prev) => prev.map((section) => section.id === 
sectionId ? { ...section, ...patch } : section))
          |         ^
      505 |         setIsDirty(true)
      506 |     }
      507 |

      at printWarning 
(node_modules/react-dom/cjs/react-dom.development.js:86:30)
      at error (node_modules/react-dom/cjs/react-dom.development.js:60:7)
      at warnIfUpdatesNotWrappedWithActDEV 
(node_modules/react-dom/cjs/react-dom.development.js:27628:9)
      at scheduleUpdateOnFiber 
(node_modules/react-dom/cjs/react-dom.development.js:25547:5)
      at dispatchSetState 
(node_modules/react-dom/cjs/react-dom.development.js:16708:7)
      at updateDraftSection 
(src/binding-authorities/BAEndorsementPage/BAEndorsementPage.tsx:504:9)
      at onChange 
(src/binding-authorities/BAEndorsementPage/BAEndorsementPage.tsx:524:29)
      at HTMLUnknownElement.callCallback 
(node_modules/react-dom/cjs/react-dom.development.js:4164:14)
      at HTMLUnknownElement.callTheUserObjectsOperation 
(node_modules/jsdom/lib/jsdom/living/generated/EventListener.js:26:30)
      at innerInvokeEventListeners 
(node_modules/jsdom/lib/jsdom/living/events/EventTarget-impl.js:350:25)
      at invokeEventListeners 
(node_modules/jsdom/lib/jsdom/living/events/EventTarget-impl.js:286:3)
      at HTMLUnknownElementImpl._dispatch 
(node_modules/jsdom/lib/jsdom/living/events/EventTarget-impl.js:233:9)
      at HTMLUnknownElementImpl.dispatchEvent 
(node_modules/jsdom/lib/jsdom/living/events/EventTarget-impl.js:104:17)
      at HTMLUnknownElement.dispatchEvent 
(node_modules/jsdom/lib/jsdom/living/generated/EventTarget.js:241:34)
      at Object.invokeGuardedCallbackDev 
(node_modules/react-dom/cjs/react-dom.development.js:4213:16)
      at invokeGuardedCallback 
(node_modules/react-dom/cjs/react-dom.development.js:4277:31)
      at invokeGuardedCallbackAndCatchFirstError 
(node_modules/react-dom/cjs/react-dom.development.js:4291:25)
      at executeDispatch 
(node_modules/react-dom/cjs/react-dom.development.js:9041:3)
      at processDispatchQueueItemsInOrder 
(node_modules/react-dom/cjs/react-dom.development.js:9073:7)
      at processDispatchQueue 
(node_modules/react-dom/cjs/react-dom.development.js:9086:5)
      at dispatchEventsForPlugins 
(node_modules/react-dom/cjs/react-dom.development.js:9097:3)
      at node_modules/react-dom/cjs/react-dom.development.js:9288:12
      at batchedUpdates$1 
(node_modules/react-dom/cjs/react-dom.development.js:26179:12)
      at batchedUpdates 
(node_modules/react-dom/cjs/react-dom.development.js:3991:12)
      at dispatchEventForPluginEventSystem 
(node_modules/react-dom/cjs/react-dom.development.js:9287:3)
      at dispatchEventWithEnableCapturePhaseSelectiveHydrationWithoutDiscreteEv
entReplay (node_modules/react-dom/cjs/react-dom.development.js:6465:5)
      at dispatchEvent 
(node_modules/react-dom/cjs/react-dom.development.js:6457:5)
      at dispatchDiscreteEvent 
(node_modules/react-dom/cjs/react-dom.development.js:6430:5)
      at HTMLDivElement.callTheUserObjectsOperation 
(node_modules/jsdom/lib/jsdom/living/generated/EventListener.js:26:30)
      at innerInvokeEventListeners 
(node_modules/jsdom/lib/jsdom/living/events/EventTarget-impl.js:350:25)
      at invokeEventListeners 
(node_modules/jsdom/lib/jsdom/living/events/EventTarget-impl.js:286:3)
      at HTMLInputElementImpl._dispatch 
(node_modules/jsdom/lib/jsdom/living/events/EventTarget-impl.js:233:9)
      at HTMLInputElementImpl.dispatchEvent 
(node_modules/jsdom/lib/jsdom/living/events/EventTarget-impl.js:104:17)
      at HTMLInputElement.dispatchEvent 
(node_modules/jsdom/lib/jsdom/living/generated/EventTarget.js:241:34)
      at 
node_modules/@testing-library/user-event/dist/cjs/event/dispatchEvent.js:45:43
      at Object.eventWrapper 
(node_modules/@testing-library/dom/dist/config.js:25:23)
      at Object.wrapEvent 
(node_modules/@testing-library/user-event/dist/cjs/event/wrapEvent.js:6:28)
      at Object.dispatchEvent (node_modules/@testing-library/user-event/dist/cj
s/event/dispatchEvent.js:45:22)
      at Object.dispatchUIEvent (node_modules/@testing-library/user-event/dist/
cjs/event/dispatchEvent.js:22:26)
      at commitInput 
(node_modules/@testing-library/user-event/dist/cjs/event/input.js:145:14)
      at editInputElement 
(node_modules/@testing-library/user-event/dist/cjs/event/input.js:115:9)
      at Object.input 
(node_modules/@testing-library/user-event/dist/cjs/event/input.js:37:9)
      at node_modules/@testing-library/user-event/dist/cjs/event/behavior/keypr
ess.js:31:26
      at Object.dispatchEvent (node_modules/@testing-library/user-event/dist/cj
s/event/dispatchEvent.js:41:13)
      at Object.dispatchUIEvent (node_modules/@testing-library/user-event/dist/
cjs/event/dispatchEvent.js:22:26)
      at KeyboardHost.keydown 
(node_modules/@testing-library/user-event/dist/cjs/system/keyboard.js:76:22)
      at keyboardAction 
(node_modules/@testing-library/user-event/dist/cjs/keyboard/index.js:22:35)
      at Object.keyboard 
(node_modules/@testing-library/user-event/dist/cjs/keyboard/index.js:11:15)
      at Object.type 
(node_modules/@testing-library/user-event/dist/cjs/utility/type.js:17:5)
      at Object.<anonymous> 
(src/binding-authorities/__tests__/binding-authorities.test.tsx:2454:9)

    console.error
      Warning: An update to BAEndorsementPage inside a test was not wrapped in 
act(...).
      
      When testing, code that causes React state updates should be wrapped 
into act(...):
      
      act(() => {
        /* fire events that update state */
      });
      /* assert on the output */
      
      This ensures that you're testing the behavior the user would see in the 
browser. Learn more at https://reactjs.org/link/wrap-tests-with-act
          at BAEndorsementPage (C:\Users\samhe\OneDrive\Desktop\Cleaned\fronten
d\src\binding-authorities\BAEndorsementPage\BAEndorsementPage.tsx:93:44)
          at routeContext (C:\Users\samhe\OneDrive\Desktop\Cleaned\frontend\nod
e_modules\react-router\lib\hooks.tsx:658:26)
          at children (C:\Users\samhe\OneDrive\Desktop\Cleaned\frontend\node_mo
dules\react-router\lib\components.tsx:512:3)
          at basenameProp (C:\Users\samhe\OneDrive\Desktop\Cleaned\frontend\nod
e_modules\react-router\lib\components.tsx:421:13)
          at basename (C:\Users\samhe\OneDrive\Desktop\Cleaned\frontend\node_mo
dules\react-router\lib\components.tsx:225:3)

      503 |     function updateDraftSection(sectionId: number, patch: 
Partial<CreateBASectionInput>) {
      504 |         setSections((prev) => prev.map((section) => section.id === 
sectionId ? { ...section, ...patch } : section))
    > 505 |         setIsDirty(true)
          |         ^
      506 |     }
      507 |
      508 |     function renderSectionCell(key: string, row: unknown): 
React.ReactNode {

      at printWarning 
(node_modules/react-dom/cjs/react-dom.development.js:86:30)
      at error (node_modules/react-dom/cjs/react-dom.development.js:60:7)
      at warnIfUpdatesNotWrappedWithActDEV 
(node_modules/react-dom/cjs/react-dom.development.js:27628:9)
      at scheduleUpdateOnFiber 
(node_modules/react-dom/cjs/react-dom.development.js:25547:5)
      at dispatchSetState 
(node_modules/react-dom/cjs/react-dom.development.js:16708:7)
      at updateDraftSection 
(src/binding-authorities/BAEndorsementPage/BAEndorsementPage.tsx:505:9)
      at onChange 
(src/binding-authorities/BAEndorsementPage/BAEndorsementPage.tsx:524:29)
      at HTMLUnknownElement.callCallback 
(node_modules/react-dom/cjs/react-dom.development.js:4164:14)
      at HTMLUnknownElement.callTheUserObjectsOperation 
(node_modules/jsdom/lib/jsdom/living/generated/EventListener.js:26:30)
      at innerInvokeEventListeners 
(node_modules/jsdom/lib/jsdom/living/events/EventTarget-impl.js:350:25)
      at invokeEventListeners 
(node_modules/jsdom/lib/jsdom/living/events/EventTarget-impl.js:286:3)
      at HTMLUnknownElementImpl._dispatch 
(node_modules/jsdom/lib/jsdom/living/events/EventTarget-impl.js:233:9)
      at HTMLUnknownElementImpl.dispatchEvent 
(node_modules/jsdom/lib/jsdom/living/events/EventTarget-impl.js:104:17)
      at HTMLUnknownElement.dispatchEvent 
(node_modules/jsdom/lib/jsdom/living/generated/EventTarget.js:241:34)
      at Object.invokeGuardedCallbackDev 
(node_modules/react-dom/cjs/react-dom.development.js:4213:16)
      at invokeGuardedCallback 
(node_modules/react-dom/cjs/react-dom.development.js:4277:31)
      at invokeGuardedCallbackAndCatchFirstError 
(node_modules/react-dom/cjs/react-dom.development.js:4291:25)
      at executeDispatch 
(node_modules/react-dom/cjs/react-dom.development.js:9041:3)
      at processDispatchQueueItemsInOrder 
(node_modules/react-dom/cjs/react-dom.development.js:9073:7)
      at processDispatchQueue 
(node_modules/react-dom/cjs/react-dom.development.js:9086:5)
      at dispatchEventsForPlugins 
(node_modules/react-dom/cjs/react-dom.development.js:9097:3)
      at node_modules/react-dom/cjs/react-dom.development.js:9288:12
      at batchedUpdates$1 
(node_modules/react-dom/cjs/react-dom.development.js:26179:12)
      at batchedUpdates 
(node_modules/react-dom/cjs/react-dom.development.js:3991:12)
      at dispatchEventForPluginEventSystem 
(node_modules/react-dom/cjs/react-dom.development.js:9287:3)
      at dispatchEventWithEnableCapturePhaseSelectiveHydrationWithoutDiscreteEv
entReplay (node_modules/react-dom/cjs/react-dom.development.js:6465:5)
      at dispatchEvent 
(node_modules/react-dom/cjs/react-dom.development.js:6457:5)
      at dispatchDiscreteEvent 
(node_modules/react-dom/cjs/react-dom.development.js:6430:5)
      at HTMLDivElement.callTheUserObjectsOperation 
(node_modules/jsdom/lib/jsdom/living/generated/EventListener.js:26:30)
      at innerInvokeEventListeners 
(node_modules/jsdom/lib/jsdom/living/events/EventTarget-impl.js:350:25)
      at invokeEventListeners 
(node_modules/jsdom/lib/jsdom/living/events/EventTarget-impl.js:286:3)
      at HTMLInputElementImpl._dispatch 
(node_modules/jsdom/lib/jsdom/living/events/EventTarget-impl.js:233:9)
      at HTMLInputElementImpl.dispatchEvent 
(node_modules/jsdom/lib/jsdom/living/events/EventTarget-impl.js:104:17)
      at HTMLInputElement.dispatchEvent 
(node_modules/jsdom/lib/jsdom/living/generated/EventTarget.js:241:34)
      at 
node_modules/@testing-library/user-event/dist/cjs/event/dispatchEvent.js:45:43
      at Object.eventWrapper 
(node_modules/@testing-library/dom/dist/config.js:25:23)
      at Object.wrapEvent 
(node_modules/@testing-library/user-event/dist/cjs/event/wrapEvent.js:6:28)
      at Object.dispatchEvent (node_modules/@testing-library/user-event/dist/cj
s/event/dispatchEvent.js:45:22)
      at Object.dispatchUIEvent (node_modules/@testing-library/user-event/dist/
cjs/event/dispatchEvent.js:22:26)
      at commitInput 
(node_modules/@testing-library/user-event/dist/cjs/event/input.js:145:14)
      at editInputElement 
(node_modules/@testing-library/user-event/dist/cjs/event/input.js:115:9)
      at Object.input 
(node_modules/@testing-library/user-event/dist/cjs/event/input.js:37:9)
      at node_modules/@testing-library/user-event/dist/cjs/event/behavior/keypr
ess.js:31:26
      at Object.dispatchEvent (node_modules/@testing-library/user-event/dist/cj
s/event/dispatchEvent.js:41:13)
      at Object.dispatchUIEvent (node_modules/@testing-library/user-event/dist/
cjs/event/dispatchEvent.js:22:26)
      at KeyboardHost.keydown 
(node_modules/@testing-library/user-event/dist/cjs/system/keyboard.js:76:22)
      at keyboardAction 
(node_modules/@testing-library/user-event/dist/cjs/keyboard/index.js:22:35)
      at Object.keyboard 
(node_modules/@testing-library/user-event/dist/cjs/keyboard/index.js:11:15)
      at Object.type 
(node_modules/@testing-library/user-event/dist/cjs/utility/type.js:17:5)
      at Object.<anonymous> 
(src/binding-authorities/__tests__/binding-authorities.test.tsx:2454:9)

    console.error
      Warning: An update to BAEndorsementPage inside a test was not wrapped in 
act(...).
      
      When testing, code that causes React state updates should be wrapped 
into act(...):
      
      act(() => {
        /* fire events that update state */
      });
      /* assert on the output */
      
      This ensures that you're testing the behavior the user would see in the 
browser. Learn more at https://reactjs.org/link/wrap-tests-with-act
          at BAEndorsementPage (C:\Users\samhe\OneDrive\Desktop\Cleaned\fronten
d\src\binding-authorities\BAEndorsementPage\BAEndorsementPage.tsx:93:44)
          at routeContext (C:\Users\samhe\OneDrive\Desktop\Cleaned\frontend\nod
e_modules\react-router\lib\hooks.tsx:658:26)
          at children (C:\Users\samhe\OneDrive\Desktop\Cleaned\frontend\node_mo
dules\react-router\lib\components.tsx:512:3)
          at basenameProp (C:\Users\samhe\OneDrive\Desktop\Cleaned\frontend\nod
e_modules\react-router\lib\components.tsx:421:13)
          at basename (C:\Users\samhe\OneDrive\Desktop\Cleaned\frontend\node_mo
dules\react-router\lib\components.tsx:225:3)

      502 |
      503 |     function updateDraftSection(sectionId: number, patch: 
Partial<CreateBASectionInput>) {
    > 504 |         setSections((prev) => prev.map((section) => section.id === 
sectionId ? { ...section, ...patch } : section))
          |         ^
      505 |         setIsDirty(true)
      506 |     }
      507 |

      at printWarning 
(node_modules/react-dom/cjs/react-dom.development.js:86:30)
      at error (node_modules/react-dom/cjs/react-dom.development.js:60:7)
      at warnIfUpdatesNotWrappedWithActDEV 
(node_modules/react-dom/cjs/react-dom.development.js:27628:9)
      at scheduleUpdateOnFiber 
(node_modules/react-dom/cjs/react-dom.development.js:25547:5)
      at dispatchSetState 
(node_modules/react-dom/cjs/react-dom.development.js:16708:7)
      at updateDraftSection 
(src/binding-authorities/BAEndorsementPage/BAEndorsementPage.tsx:504:9)
      at onChange 
(src/binding-authorities/BAEndorsementPage/BAEndorsementPage.tsx:524:29)
      at HTMLUnknownElement.callCallback 
(node_modules/react-dom/cjs/react-dom.development.js:4164:14)
      at HTMLUnknownElement.callTheUserObjectsOperation 
(node_modules/jsdom/lib/jsdom/living/generated/EventListener.js:26:30)
      at innerInvokeEventListeners 
(node_modules/jsdom/lib/jsdom/living/events/EventTarget-impl.js:350:25)
      at invokeEventListeners 
(node_modules/jsdom/lib/jsdom/living/events/EventTarget-impl.js:286:3)
      at HTMLUnknownElementImpl._dispatch 
(node_modules/jsdom/lib/jsdom/living/events/EventTarget-impl.js:233:9)
      at HTMLUnknownElementImpl.dispatchEvent 
(node_modules/jsdom/lib/jsdom/living/events/EventTarget-impl.js:104:17)
      at HTMLUnknownElement.dispatchEvent 
(node_modules/jsdom/lib/jsdom/living/generated/EventTarget.js:241:34)
      at Object.invokeGuardedCallbackDev 
(node_modules/react-dom/cjs/react-dom.development.js:4213:16)
      at invokeGuardedCallback 
(node_modules/react-dom/cjs/react-dom.development.js:4277:31)
      at invokeGuardedCallbackAndCatchFirstError 
(node_modules/react-dom/cjs/react-dom.development.js:4291:25)
      at executeDispatch 
(node_modules/react-dom/cjs/react-dom.development.js:9041:3)
      at processDispatchQueueItemsInOrder 
(node_modules/react-dom/cjs/react-dom.development.js:9073:7)
      at processDispatchQueue 
(node_modules/react-dom/cjs/react-dom.development.js:9086:5)
      at dispatchEventsForPlugins 
(node_modules/react-dom/cjs/react-dom.development.js:9097:3)
      at node_modules/react-dom/cjs/react-dom.development.js:9288:12
      at batchedUpdates$1 
(node_modules/react-dom/cjs/react-dom.development.js:26179:12)
      at batchedUpdates 
(node_modules/react-dom/cjs/react-dom.development.js:3991:12)
      at dispatchEventForPluginEventSystem 
(node_modules/react-dom/cjs/react-dom.development.js:9287:3)
      at dispatchEventWithEnableCapturePhaseSelectiveHydrationWithoutDiscreteEv
entReplay (node_modules/react-dom/cjs/react-dom.development.js:6465:5)
      at dispatchEvent 
(node_modules/react-dom/cjs/react-dom.development.js:6457:5)
      at dispatchDiscreteEvent 
(node_modules/react-dom/cjs/react-dom.development.js:6430:5)
      at HTMLDivElement.callTheUserObjectsOperation 
(node_modules/jsdom/lib/jsdom/living/generated/EventListener.js:26:30)
      at innerInvokeEventListeners 
(node_modules/jsdom/lib/jsdom/living/events/EventTarget-impl.js:350:25)
      at invokeEventListeners 
(node_modules/jsdom/lib/jsdom/living/events/EventTarget-impl.js:286:3)
      at HTMLInputElementImpl._dispatch 
(node_modules/jsdom/lib/jsdom/living/events/EventTarget-impl.js:233:9)
      at HTMLInputElementImpl.dispatchEvent 
(node_modules/jsdom/lib/jsdom/living/events/EventTarget-impl.js:104:17)
      at HTMLInputElement.dispatchEvent 
(node_modules/jsdom/lib/jsdom/living/generated/EventTarget.js:241:34)
      at 
node_modules/@testing-library/user-event/dist/cjs/event/dispatchEvent.js:45:43
      at Object.eventWrapper 
(node_modules/@testing-library/dom/dist/config.js:25:23)
      at Object.wrapEvent 
(node_modules/@testing-library/user-event/dist/cjs/event/wrapEvent.js:6:28)
      at Object.dispatchEvent (node_modules/@testing-library/user-event/dist/cj
s/event/dispatchEvent.js:45:22)
      at Object.dispatchUIEvent (node_modules/@testing-library/user-event/dist/
cjs/event/dispatchEvent.js:22:26)
      at commitInput 
(node_modules/@testing-library/user-event/dist/cjs/event/input.js:145:14)
      at editInputElement 
(node_modules/@testing-library/user-event/dist/cjs/event/input.js:115:9)
      at Object.input 
(node_modules/@testing-library/user-event/dist/cjs/event/input.js:37:9)
      at node_modules/@testing-library/user-event/dist/cjs/event/behavior/keypr
ess.js:31:26
      at Object.dispatchEvent (node_modules/@testing-library/user-event/dist/cj
s/event/dispatchEvent.js:41:13)
      at Object.dispatchUIEvent (node_modules/@testing-library/user-event/dist/
cjs/event/dispatchEvent.js:22:26)
      at KeyboardHost.keydown 
(node_modules/@testing-library/user-event/dist/cjs/system/keyboard.js:76:22)
      at keyboardAction 
(node_modules/@testing-library/user-event/dist/cjs/keyboard/index.js:22:35)
      at Object.keyboard 
(node_modules/@testing-library/user-event/dist/cjs/keyboard/index.js:11:15)
      at Object.type 
(node_modules/@testing-library/user-event/dist/cjs/utility/type.js:17:5)
      at Object.<anonymous> 
(src/binding-authorities/__tests__/binding-authorities.test.tsx:2454:9)

    console.error
      Warning: An update to BAEndorsementPage inside a test was not wrapped in 
act(...).
      
      When testing, code that causes React state updates should be wrapped 
into act(...):
      
      act(() => {
        /* fire events that update state */
      });
      /* assert on the output */
      
      This ensures that you're testing the behavior the user would see in the 
browser. Learn more at https://reactjs.org/link/wrap-tests-with-act
          at BAEndorsementPage (C:\Users\samhe\OneDrive\Desktop\Cleaned\fronten
d\src\binding-authorities\BAEndorsementPage\BAEndorsementPage.tsx:93:44)
          at routeContext (C:\Users\samhe\OneDrive\Desktop\Cleaned\frontend\nod
e_modules\react-router\lib\hooks.tsx:658:26)
          at children (C:\Users\samhe\OneDrive\Desktop\Cleaned\frontend\node_mo
dules\react-router\lib\components.tsx:512:3)
          at basenameProp (C:\Users\samhe\OneDrive\Desktop\Cleaned\frontend\nod
e_modules\react-router\lib\components.tsx:421:13)
          at basename (C:\Users\samhe\OneDrive\Desktop\Cleaned\frontend\node_mo
dules\react-router\lib\components.tsx:225:3)

      503 |     function updateDraftSection(sectionId: number, patch: 
Partial<CreateBASectionInput>) {
      504 |         setSections((prev) => prev.map((section) => section.id === 
sectionId ? { ...section, ...patch } : section))
    > 505 |         setIsDirty(true)
          |         ^
      506 |     }
      507 |
      508 |     function renderSectionCell(key: string, row: unknown): 
React.ReactNode {

      at printWarning 
(node_modules/react-dom/cjs/react-dom.development.js:86:30)
      at error (node_modules/react-dom/cjs/react-dom.development.js:60:7)
      at warnIfUpdatesNotWrappedWithActDEV 
(node_modules/react-dom/cjs/react-dom.development.js:27628:9)
      at scheduleUpdateOnFiber 
(node_modules/react-dom/cjs/react-dom.development.js:25547:5)
      at dispatchSetState 
(node_modules/react-dom/cjs/react-dom.development.js:16708:7)
      at updateDraftSection 
(src/binding-authorities/BAEndorsementPage/BAEndorsementPage.tsx:505:9)
      at onChange 
(src/binding-authorities/BAEndorsementPage/BAEndorsementPage.tsx:524:29)
      at HTMLUnknownElement.callCallback 
(node_modules/react-dom/cjs/react-dom.development.js:4164:14)
      at HTMLUnknownElement.callTheUserObjectsOperation 
(node_modules/jsdom/lib/jsdom/living/generated/EventListener.js:26:30)
      at innerInvokeEventListeners 
(node_modules/jsdom/lib/jsdom/living/events/EventTarget-impl.js:350:25)
      at invokeEventListeners 
(node_modules/jsdom/lib/jsdom/living/events/EventTarget-impl.js:286:3)
      at HTMLUnknownElementImpl._dispatch 
(node_modules/jsdom/lib/jsdom/living/events/EventTarget-impl.js:233:9)
      at HTMLUnknownElementImpl.dispatchEvent 
(node_modules/jsdom/lib/jsdom/living/events/EventTarget-impl.js:104:17)
      at HTMLUnknownElement.dispatchEvent 
(node_modules/jsdom/lib/jsdom/living/generated/EventTarget.js:241:34)
      at Object.invokeGuardedCallbackDev 
(node_modules/react-dom/cjs/react-dom.development.js:4213:16)
      at invokeGuardedCallback 
(node_modules/react-dom/cjs/react-dom.development.js:4277:31)
      at invokeGuardedCallbackAndCatchFirstError 
(node_modules/react-dom/cjs/react-dom.development.js:4291:25)
      at executeDispatch 
(node_modules/react-dom/cjs/react-dom.development.js:9041:3)
      at processDispatchQueueItemsInOrder 
(node_modules/react-dom/cjs/react-dom.development.js:9073:7)
      at processDispatchQueue 
(node_modules/react-dom/cjs/react-dom.development.js:9086:5)
      at dispatchEventsForPlugins 
(node_modules/react-dom/cjs/react-dom.development.js:9097:3)
      at node_modules/react-dom/cjs/react-dom.development.js:9288:12
      at batchedUpdates$1 
(node_modules/react-dom/cjs/react-dom.development.js:26179:12)
      at batchedUpdates 
(node_modules/react-dom/cjs/react-dom.development.js:3991:12)
      at dispatchEventForPluginEventSystem 
(node_modules/react-dom/cjs/react-dom.development.js:9287:3)
      at dispatchEventWithEnableCapturePhaseSelectiveHydrationWithoutDiscreteEv
entReplay (node_modules/react-dom/cjs/react-dom.development.js:6465:5)
      at dispatchEvent 
(node_modules/react-dom/cjs/react-dom.development.js:6457:5)
      at dispatchDiscreteEvent 
(node_modules/react-dom/cjs/react-dom.development.js:6430:5)
      at HTMLDivElement.callTheUserObjectsOperation 
(node_modules/jsdom/lib/jsdom/living/generated/EventListener.js:26:30)
      at innerInvokeEventListeners 
(node_modules/jsdom/lib/jsdom/living/events/EventTarget-impl.js:350:25)
      at invokeEventListeners 
(node_modules/jsdom/lib/jsdom/living/events/EventTarget-impl.js:286:3)
      at HTMLInputElementImpl._dispatch 
(node_modules/jsdom/lib/jsdom/living/events/EventTarget-impl.js:233:9)
      at HTMLInputElementImpl.dispatchEvent 
(node_modules/jsdom/lib/jsdom/living/events/EventTarget-impl.js:104:17)
      at HTMLInputElement.dispatchEvent 
(node_modules/jsdom/lib/jsdom/living/generated/EventTarget.js:241:34)
      at 
node_modules/@testing-library/user-event/dist/cjs/event/dispatchEvent.js:45:43
      at Object.eventWrapper 
(node_modules/@testing-library/dom/dist/config.js:25:23)
      at Object.wrapEvent 
(node_modules/@testing-library/user-event/dist/cjs/event/wrapEvent.js:6:28)
      at Object.dispatchEvent (node_modules/@testing-library/user-event/dist/cj
s/event/dispatchEvent.js:45:22)
      at Object.dispatchUIEvent (node_modules/@testing-library/user-event/dist/
cjs/event/dispatchEvent.js:22:26)
      at commitInput 
(node_modules/@testing-library/user-event/dist/cjs/event/input.js:145:14)
      at editInputElement 
(node_modules/@testing-library/user-event/dist/cjs/event/input.js:115:9)
      at Object.input 
(node_modules/@testing-library/user-event/dist/cjs/event/input.js:37:9)
      at node_modules/@testing-library/user-event/dist/cjs/event/behavior/keypr
ess.js:31:26
      at Object.dispatchEvent (node_modules/@testing-library/user-event/dist/cj
s/event/dispatchEvent.js:41:13)
      at Object.dispatchUIEvent (node_modules/@testing-library/user-event/dist/
cjs/event/dispatchEvent.js:22:26)
      at KeyboardHost.keydown 
(node_modules/@testing-library/user-event/dist/cjs/system/keyboard.js:76:22)
      at keyboardAction 
(node_modules/@testing-library/user-event/dist/cjs/keyboard/index.js:22:35)
      at Object.keyboard 
(node_modules/@testing-library/user-event/dist/cjs/keyboard/index.js:11:15)
      at Object.type 
(node_modules/@testing-library/user-event/dist/cjs/utility/type.js:17:5)
      at Object.<anonymous> 
(src/binding-authorities/__tests__/binding-authorities.test.tsx:2454:9)

    console.error
      Warning: An update to BAEndorsementPage inside a test was not wrapped in 
act(...).
      
      When testing, code that causes React state updates should be wrapped 
into act(...):
      
      act(() => {
        /* fire events that update state */
      });
      /* assert on the output */
      
      This ensures that you're testing the behavior the user would see in the 
browser. Learn more at https://reactjs.org/link/wrap-tests-with-act
          at BAEndorsementPage (C:\Users\samhe\OneDrive\Desktop\Cleaned\fronten
d\src\binding-authorities\BAEndorsementPage\BAEndorsementPage.tsx:93:44)
          at routeContext (C:\Users\samhe\OneDrive\Desktop\Cleaned\frontend\nod
e_modules\react-router\lib\hooks.tsx:658:26)
          at children (C:\Users\samhe\OneDrive\Desktop\Cleaned\frontend\node_mo
dules\react-router\lib\components.tsx:512:3)
          at basenameProp (C:\Users\samhe\OneDrive\Desktop\Cleaned\frontend\nod
e_modules\react-router\lib\components.tsx:421:13)
          at basename (C:\Users\samhe\OneDrive\Desktop\Cleaned\frontend\node_mo
dules\react-router\lib\components.tsx:225:3)

      825 |                             key={tab.key}
      826 |                             type="button"
    > 827 |                             onClick={() => setActiveTab(tab.key)}
          |                                            ^
      828 |                             className={`px-4 py-2 text-sm 
font-medium whitespace-nowrap border-b-2 ${
      829 |                                 activeTab === tab.key
      830 |                                     ? 'border-brand-600 
text-brand-600'

      at printWarning 
(node_modules/react-dom/cjs/react-dom.development.js:86:30)
      at error (node_modules/react-dom/cjs/react-dom.development.js:60:7)
      at warnIfUpdatesNotWrappedWithActDEV 
(node_modules/react-dom/cjs/react-dom.development.js:27628:9)
      at scheduleUpdateOnFiber 
(node_modules/react-dom/cjs/react-dom.development.js:25547:5)
      at dispatchSetState 
(node_modules/react-dom/cjs/react-dom.development.js:16708:7)
      at onClick 
(src/binding-authorities/BAEndorsementPage/BAEndorsementPage.tsx:827:44)
      at HTMLUnknownElement.callCallback 
(node_modules/react-dom/cjs/react-dom.development.js:4164:14)
      at HTMLUnknownElement.callTheUserObjectsOperation 
(node_modules/jsdom/lib/jsdom/living/generated/EventListener.js:26:30)
      at innerInvokeEventListeners 
(node_modules/jsdom/lib/jsdom/living/events/EventTarget-impl.js:350:25)
      at invokeEventListeners 
(node_modules/jsdom/lib/jsdom/living/events/EventTarget-impl.js:286:3)
      at HTMLUnknownElementImpl._dispatch 
(node_modules/jsdom/lib/jsdom/living/events/EventTarget-impl.js:233:9)
      at HTMLUnknownElementImpl.dispatchEvent 
(node_modules/jsdom/lib/jsdom/living/events/EventTarget-impl.js:104:17)
      at HTMLUnknownElement.dispatchEvent 
(node_modules/jsdom/lib/jsdom/living/generated/EventTarget.js:241:34)
      at Object.invokeGuardedCallbackDev 
(node_modules/react-dom/cjs/react-dom.development.js:4213:16)
      at invokeGuardedCallback 
(node_modules/react-dom/cjs/react-dom.development.js:4277:31)
      at invokeGuardedCallbackAndCatchFirstError 
(node_modules/react-dom/cjs/react-dom.development.js:4291:25)
      at executeDispatch 
(node_modules/react-dom/cjs/react-dom.development.js:9041:3)
      at processDispatchQueueItemsInOrder 
(node_modules/react-dom/cjs/react-dom.development.js:9073:7)
      at processDispatchQueue 
(node_modules/react-dom/cjs/react-dom.development.js:9086:5)
      at dispatchEventsForPlugins 
(node_modules/react-dom/cjs/react-dom.development.js:9097:3)
      at node_modules/react-dom/cjs/react-dom.development.js:9288:12
      at batchedUpdates$1 
(node_modules/react-dom/cjs/react-dom.development.js:26179:12)
      at batchedUpdates 
(node_modules/react-dom/cjs/react-dom.development.js:3991:12)
      at dispatchEventForPluginEventSystem 
(node_modules/react-dom/cjs/react-dom.development.js:9287:3)
      at dispatchEventWithEnableCapturePhaseSelectiveHydrationWithoutDiscreteEv
entReplay (node_modules/react-dom/cjs/react-dom.development.js:6465:5)
      at dispatchEvent 
(node_modules/react-dom/cjs/react-dom.development.js:6457:5)
      at dispatchDiscreteEvent 
(node_modules/react-dom/cjs/react-dom.development.js:6430:5)
      at HTMLDivElement.callTheUserObjectsOperation 
(node_modules/jsdom/lib/jsdom/living/generated/EventListener.js:26:30)
      at innerInvokeEventListeners 
(node_modules/jsdom/lib/jsdom/living/events/EventTarget-impl.js:350:25)
      at invokeEventListeners 
(node_modules/jsdom/lib/jsdom/living/events/EventTarget-impl.js:286:3)
      at HTMLButtonElementImpl._dispatch 
(node_modules/jsdom/lib/jsdom/living/events/EventTarget-impl.js:233:9)
      at HTMLButtonElementImpl.dispatchEvent 
(node_modules/jsdom/lib/jsdom/living/events/EventTarget-impl.js:104:17)
      at HTMLButtonElement.dispatchEvent 
(node_modules/jsdom/lib/jsdom/living/generated/EventTarget.js:241:34)
      at 
node_modules/@testing-library/user-event/dist/cjs/event/dispatchEvent.js:45:43
      at Object.eventWrapper 
(node_modules/@testing-library/dom/dist/config.js:25:23)
      at Object.wrapEvent 
(node_modules/@testing-library/user-event/dist/cjs/event/wrapEvent.js:6:28)
      at Object.dispatchEvent (node_modules/@testing-library/user-event/dist/cj
s/event/dispatchEvent.js:45:22)
      at Object.dispatchUIEvent (node_modules/@testing-library/user-event/dist/
cjs/event/dispatchEvent.js:22:26)
      at Mouse.up (node_modules/@testing-library/user-event/dist/cjs/system/poi
nter/mouse.js:100:30)
      at PointerHost.release (node_modules/@testing-library/user-event/dist/cjs
/system/pointer/index.js:87:24)
      at pointerAction 
(node_modules/@testing-library/user-event/dist/cjs/pointer/index.js:54:47)
      at Object.pointer 
(node_modules/@testing-library/user-event/dist/cjs/pointer/index.js:27:9)
      at Object.<anonymous> 
(src/binding-authorities/__tests__/binding-authorities.test.tsx:2467:9)

    console.error
      Warning: An update to BAEndorsementPage inside a test was not wrapped in 
act(...).
      
      When testing, code that causes React state updates should be wrapped 
into act(...):
      
      act(() => {
        /* fire events that update state */
      });
      /* assert on the output */
      
      This ensures that you're testing the behavior the user would see in the 
browser. Learn more at https://reactjs.org/link/wrap-tests-with-act
          at BAEndorsementPage (C:\Users\samhe\OneDrive\Desktop\Cleaned\fronten
d\src\binding-authorities\BAEndorsementPage\BAEndorsementPage.tsx:93:44)
          at routeContext (C:\Users\samhe\OneDrive\Desktop\Cleaned\frontend\nod
e_modules\react-router\lib\hooks.tsx:658:26)
          at children (C:\Users\samhe\OneDrive\Desktop\Cleaned\frontend\node_mo
dules\react-router\lib\components.tsx:512:3)
          at basenameProp (C:\Users\samhe\OneDrive\Desktop\Cleaned\frontend\nod
e_modules\react-router\lib\components.tsx:421:13)
          at basename (C:\Users\samhe\OneDrive\Desktop\Cleaned\frontend\node_mo
dules\react-router\lib\components.tsx:225:3)

      825 |                             key={tab.key}
      826 |                             type="button"
    > 827 |                             onClick={() => setActiveTab(tab.key)}
          |                                            ^
      828 |                             className={`px-4 py-2 text-sm 
font-medium whitespace-nowrap border-b-2 ${
      829 |                                 activeTab === tab.key
      830 |                                     ? 'border-brand-600 
text-brand-600'

      at printWarning 
(node_modules/react-dom/cjs/react-dom.development.js:86:30)
      at error (node_modules/react-dom/cjs/react-dom.development.js:60:7)
      at warnIfUpdatesNotWrappedWithActDEV 
(node_modules/react-dom/cjs/react-dom.development.js:27628:9)
      at scheduleUpdateOnFiber 
(node_modules/react-dom/cjs/react-dom.development.js:25547:5)
      at dispatchSetState 
(node_modules/react-dom/cjs/react-dom.development.js:16708:7)
      at onClick 
(src/binding-authorities/BAEndorsementPage/BAEndorsementPage.tsx:827:44)
      at HTMLUnknownElement.callCallback 
(node_modules/react-dom/cjs/react-dom.development.js:4164:14)
      at HTMLUnknownElement.callTheUserObjectsOperation 
(node_modules/jsdom/lib/jsdom/living/generated/EventListener.js:26:30)
      at innerInvokeEventListeners 
(node_modules/jsdom/lib/jsdom/living/events/EventTarget-impl.js:350:25)
      at invokeEventListeners 
(node_modules/jsdom/lib/jsdom/living/events/EventTarget-impl.js:286:3)
      at HTMLUnknownElementImpl._dispatch 
(node_modules/jsdom/lib/jsdom/living/events/EventTarget-impl.js:233:9)
      at HTMLUnknownElementImpl.dispatchEvent 
(node_modules/jsdom/lib/jsdom/living/events/EventTarget-impl.js:104:17)
      at HTMLUnknownElement.dispatchEvent 
(node_modules/jsdom/lib/jsdom/living/generated/EventTarget.js:241:34)
      at Object.invokeGuardedCallbackDev 
(node_modules/react-dom/cjs/react-dom.development.js:4213:16)
      at invokeGuardedCallback 
(node_modules/react-dom/cjs/react-dom.development.js:4277:31)
      at invokeGuardedCallbackAndCatchFirstError 
(node_modules/react-dom/cjs/react-dom.development.js:4291:25)
      at executeDispatch 
(node_modules/react-dom/cjs/react-dom.development.js:9041:3)
      at processDispatchQueueItemsInOrder 
(node_modules/react-dom/cjs/react-dom.development.js:9073:7)
      at processDispatchQueue 
(node_modules/react-dom/cjs/react-dom.development.js:9086:5)
      at dispatchEventsForPlugins 
(node_modules/react-dom/cjs/react-dom.development.js:9097:3)
      at node_modules/react-dom/cjs/react-dom.development.js:9288:12
      at batchedUpdates$1 
(node_modules/react-dom/cjs/react-dom.development.js:26179:12)
      at batchedUpdates 
(node_modules/react-dom/cjs/react-dom.development.js:3991:12)
      at dispatchEventForPluginEventSystem 
(node_modules/react-dom/cjs/react-dom.development.js:9287:3)
      at dispatchEventWithEnableCapturePhaseSelectiveHydrationWithoutDiscreteEv
entReplay (node_modules/react-dom/cjs/react-dom.development.js:6465:5)
      at dispatchEvent 
(node_modules/react-dom/cjs/react-dom.development.js:6457:5)
      at dispatchDiscreteEvent 
(node_modules/react-dom/cjs/react-dom.development.js:6430:5)
      at HTMLDivElement.callTheUserObjectsOperation 
(node_modules/jsdom/lib/jsdom/living/generated/EventListener.js:26:30)
      at innerInvokeEventListeners 
(node_modules/jsdom/lib/jsdom/living/events/EventTarget-impl.js:350:25)
      at invokeEventListeners 
(node_modules/jsdom/lib/jsdom/living/events/EventTarget-impl.js:286:3)
      at HTMLButtonElementImpl._dispatch 
(node_modules/jsdom/lib/jsdom/living/events/EventTarget-impl.js:233:9)
      at HTMLButtonElementImpl.dispatchEvent 
(node_modules/jsdom/lib/jsdom/living/events/EventTarget-impl.js:104:17)
      at HTMLButtonElement.dispatchEvent 
(node_modules/jsdom/lib/jsdom/living/generated/EventTarget.js:241:34)
      at 
node_modules/@testing-library/user-event/dist/cjs/event/dispatchEvent.js:45:43
      at Object.eventWrapper 
(node_modules/@testing-library/dom/dist/config.js:25:23)
      at Object.wrapEvent 
(node_modules/@testing-library/user-event/dist/cjs/event/wrapEvent.js:6:28)
      at Object.dispatchEvent (node_modules/@testing-library/user-event/dist/cj
s/event/dispatchEvent.js:45:22)
      at Object.dispatchUIEvent (node_modules/@testing-library/user-event/dist/
cjs/event/dispatchEvent.js:22:26)
      at Mouse.up (node_modules/@testing-library/user-event/dist/cjs/system/poi
nter/mouse.js:100:30)
      at PointerHost.release (node_modules/@testing-library/user-event/dist/cjs
/system/pointer/index.js:87:24)
      at pointerAction 
(node_modules/@testing-library/user-event/dist/cjs/pointer/index.js:54:47)
      at Object.pointer 
(node_modules/@testing-library/user-event/dist/cjs/pointer/index.js:27:9)
      at Object.<anonymous> 
(src/binding-authorities/__tests__/binding-authorities.test.tsx:2475:9)

    console.error
      Warning: An update to BATransactionViewPage inside a test was not 
wrapped in act(...).
      
      When testing, code that causes React state updates should be wrapped 
into act(...):
      
      act(() => {
        /* fire events that update state */
      });
      /* assert on the output */
      
      This ensures that you're testing the behavior the user would see in the 
browser. Learn more at https://reactjs.org/link/wrap-tests-with-act
          at BATransactionViewPage (C:\Users\samhe\OneDrive\Desktop\Cleaned\fro
ntend\src\binding-authorities\BATransactionViewPage\BATransactionViewPage.tsx:3
6:44)
          at routeContext (C:\Users\samhe\OneDrive\Desktop\Cleaned\frontend\nod
e_modules\react-router\lib\hooks.tsx:658:26)
          at children (C:\Users\samhe\OneDrive\Desktop\Cleaned\frontend\node_mo
dules\react-router\lib\components.tsx:512:3)
          at basenameProp (C:\Users\samhe\OneDrive\Desktop\Cleaned\frontend\nod
e_modules\react-router\lib\components.tsx:421:13)
          at basename (C:\Users\samhe\OneDrive\Desktop\Cleaned\frontend\node_mo
dules\react-router\lib\components.tsx:225:3)

      100 |         ])
      101 |             .then(([baData, sectionData, txs]) => {
    > 102 |                 setBa(baData)
          |                 ^
      103 |                 setSections(sectionData)
      104 |                 setTransactions(txs)
      105 |                 const found = txs.find(tx => String(tx.id) === 
transactionId)

      at printWarning 
(node_modules/react-dom/cjs/react-dom.development.js:86:30)
      at error (node_modules/react-dom/cjs/react-dom.development.js:60:7)
      at warnIfUpdatesNotWrappedWithActDEV 
(node_modules/react-dom/cjs/react-dom.development.js:27628:9)
      at scheduleUpdateOnFiber 
(node_modules/react-dom/cjs/react-dom.development.js:25547:5)
      at dispatchSetState 
(node_modules/react-dom/cjs/react-dom.development.js:16708:7)
      at 
src/binding-authorities/BATransactionViewPage/BATransactionViewPage.tsx:102:17

    console.error
      Warning: An update to BATransactionViewPage inside a test was not 
wrapped in act(...).
      
      When testing, code that causes React state updates should be wrapped 
into act(...):
      
      act(() => {
        /* fire events that update state */
      });
      /* assert on the output */
      
      This ensures that you're testing the behavior the user would see in the 
browser. Learn more at https://reactjs.org/link/wrap-tests-with-act
          at BATransactionViewPage (C:\Users\samhe\OneDrive\Desktop\Cleaned\fro
ntend\src\binding-authorities\BATransactionViewPage\BATransactionViewPage.tsx:3
6:44)
          at routeContext (C:\Users\samhe\OneDrive\Desktop\Cleaned\frontend\nod
e_modules\react-router\lib\hooks.tsx:658:26)
          at children (C:\Users\samhe\OneDrive\Desktop\Cleaned\frontend\node_mo
dules\react-router\lib\components.tsx:512:3)
          at basenameProp (C:\Users\samhe\OneDrive\Desktop\Cleaned\frontend\nod
e_modules\react-router\lib\components.tsx:421:13)
          at basename (C:\Users\samhe\OneDrive\Desktop\Cleaned\frontend\node_mo
dules\react-router\lib\components.tsx:225:3)

      101 |             .then(([baData, sectionData, txs]) => {
      102 |                 setBa(baData)
    > 103 |                 setSections(sectionData)
          |                 ^
      104 |                 setTransactions(txs)
      105 |                 const found = txs.find(tx => String(tx.id) === 
transactionId)
      106 |                 setTransaction(found ?? 'not-found')

      at printWarning 
(node_modules/react-dom/cjs/react-dom.development.js:86:30)
      at error (node_modules/react-dom/cjs/react-dom.development.js:60:7)
      at warnIfUpdatesNotWrappedWithActDEV 
(node_modules/react-dom/cjs/react-dom.development.js:27628:9)
      at scheduleUpdateOnFiber 
(node_modules/react-dom/cjs/react-dom.development.js:25547:5)
      at dispatchSetState 
(node_modules/react-dom/cjs/react-dom.development.js:16708:7)
      at 
src/binding-authorities/BATransactionViewPage/BATransactionViewPage.tsx:103:17

    console.error
      Warning: An update to BATransactionViewPage inside a test was not 
wrapped in act(...).
      
      When testing, code that causes React state updates should be wrapped 
into act(...):
      
      act(() => {
        /* fire events that update state */
      });
      /* assert on the output */
      
      This ensures that you're testing the behavior the user would see in the 
browser. Learn more at https://reactjs.org/link/wrap-tests-with-act
          at BATransactionViewPage (C:\Users\samhe\OneDrive\Desktop\Cleaned\fro
ntend\src\binding-authorities\BATransactionViewPage\BATransactionViewPage.tsx:3
6:44)
          at routeContext (C:\Users\samhe\OneDrive\Desktop\Cleaned\frontend\nod
e_modules\react-router\lib\hooks.tsx:658:26)
          at children (C:\Users\samhe\OneDrive\Desktop\Cleaned\frontend\node_mo
dules\react-router\lib\components.tsx:512:3)
          at basenameProp (C:\Users\samhe\OneDrive\Desktop\Cleaned\frontend\nod
e_modules\react-router\lib\components.tsx:421:13)
          at basename (C:\Users\samhe\OneDrive\Desktop\Cleaned\frontend\node_mo
dules\react-router\lib\components.tsx:225:3)

      102 |                 setBa(baData)
      103 |                 setSections(sectionData)
    > 104 |                 setTransactions(txs)
          |                 ^
      105 |                 const found = txs.find(tx => String(tx.id) === 
transactionId)
      106 |                 setTransaction(found ?? 'not-found')
      107 |             })

      at printWarning 
(node_modules/react-dom/cjs/react-dom.development.js:86:30)
      at error (node_modules/react-dom/cjs/react-dom.development.js:60:7)
      at warnIfUpdatesNotWrappedWithActDEV 
(node_modules/react-dom/cjs/react-dom.development.js:27628:9)
      at scheduleUpdateOnFiber 
(node_modules/react-dom/cjs/react-dom.development.js:25547:5)
      at dispatchSetState 
(node_modules/react-dom/cjs/react-dom.development.js:16708:7)
      at 
src/binding-authorities/BATransactionViewPage/BATransactionViewPage.tsx:104:17

    console.error
      Warning: An update to BATransactionViewPage inside a test was not 
wrapped in act(...).
      
      When testing, code that causes React state updates should be wrapped 
into act(...):
      
      act(() => {
        /* fire events that update state */
      });
      /* assert on the output */
      
      This ensures that you're testing the behavior the user would see in the 
browser. Learn more at https://reactjs.org/link/wrap-tests-with-act
          at BATransactionViewPage (C:\Users\samhe\OneDrive\Desktop\Cleaned\fro
ntend\src\binding-authorities\BATransactionViewPage\BATransactionViewPage.tsx:3
6:44)
          at routeContext (C:\Users\samhe\OneDrive\Desktop\Cleaned\frontend\nod
e_modules\react-router\lib\hooks.tsx:658:26)
          at children (C:\Users\samhe\OneDrive\Desktop\Cleaned\frontend\node_mo
dules\react-router\lib\components.tsx:512:3)
          at basenameProp (C:\Users\samhe\OneDrive\Desktop\Cleaned\frontend\nod
e_modules\react-router\lib\components.tsx:421:13)
          at basename (C:\Users\samhe\OneDrive\Desktop\Cleaned\frontend\node_mo
dules\react-router\lib\components.tsx:225:3)

      104 |                 setTransactions(txs)
      105 |                 const found = txs.find(tx => String(tx.id) === 
transactionId)
    > 106 |                 setTransaction(found ?? 'not-found')
          |                 ^
      107 |             })
      108 |             .catch(() => setLoadError('Binding authority not 
found.'))
      109 |             .finally(() => setLoading(false))

      at printWarning 
(node_modules/react-dom/cjs/react-dom.development.js:86:30)
      at error (node_modules/react-dom/cjs/react-dom.development.js:60:7)
      at warnIfUpdatesNotWrappedWithActDEV 
(node_modules/react-dom/cjs/react-dom.development.js:27628:9)
      at scheduleUpdateOnFiber 
(node_modules/react-dom/cjs/react-dom.development.js:25547:5)
      at dispatchSetState 
(node_modules/react-dom/cjs/react-dom.development.js:16708:7)
      at 
src/binding-authorities/BATransactionViewPage/BATransactionViewPage.tsx:106:17

    console.error
      Warning: An update to BATransactionViewPage inside a test was not 
wrapped in act(...).
      
      When testing, code that causes React state updates should be wrapped 
into act(...):
      
      act(() => {
        /* fire events that update state */
      });
      /* assert on the output */
      
      This ensures that you're testing the behavior the user would see in the 
browser. Learn more at https://reactjs.org/link/wrap-tests-with-act
          at BATransactionViewPage (C:\Users\samhe\OneDrive\Desktop\Cleaned\fro
ntend\src\binding-authorities\BATransactionViewPage\BATransactionViewPage.tsx:3
6:44)
          at routeContext (C:\Users\samhe\OneDrive\Desktop\Cleaned\frontend\nod
e_modules\react-router\lib\hooks.tsx:658:26)
          at children (C:\Users\samhe\OneDrive\Desktop\Cleaned\frontend\node_mo
dules\react-router\lib\components.tsx:512:3)
          at basenameProp (C:\Users\samhe\OneDrive\Desktop\Cleaned\frontend\nod
e_modules\react-router\lib\components.tsx:421:13)
          at basename (C:\Users\samhe\OneDrive\Desktop\Cleaned\frontend\node_mo
dules\react-router\lib\components.tsx:225:3)

      107 |             })
      108 |             .catch(() => setLoadError('Binding authority not 
found.'))
    > 109 |             .finally(() => setLoading(false))
          |                            ^
      110 |     }, [id, transactionId]) // eslint-disable-line 
react-hooks/exhaustive-deps
      111 |
      112 |     const sidebarSection = useMemo((): SidebarSection => ({

      at printWarning 
(node_modules/react-dom/cjs/react-dom.development.js:86:30)
      at error (node_modules/react-dom/cjs/react-dom.development.js:60:7)
      at warnIfUpdatesNotWrappedWithActDEV 
(node_modules/react-dom/cjs/react-dom.development.js:27628:9)
      at scheduleUpdateOnFiber 
(node_modules/react-dom/cjs/react-dom.development.js:25547:5)
      at dispatchSetState 
(node_modules/react-dom/cjs/react-dom.development.js:16708:7)
      at 
src/binding-authorities/BATransactionViewPage/BATransactionViewPage.tsx:109:28

PASS src/finance/__tests__/finance.test.tsx (5.544 s)
  ÔùÅ Console

    console.warn
      ÔÜá´©Å React Router Future Flag Warning: React Router will begin 
wrapping state updates in `React.startTransition` in v7. You can use the 
`v7_startTransition` future flag to opt-in early. For more information, see 
https://reactrouter.com/v6/upgrading/future#v7_starttransition.

      71 |
      72 | function renderPage(element: React.ReactElement, path = '/') {
    > 73 |     return render(
         |                  ^
      74 |         <MemoryRouter initialEntries={[path]}>
      75 |             {element}
      76 |         </MemoryRouter>,

      at warn (node_modules/react-router/lib/deprecations.ts:9:13)
      at warnOnce (node_modules/react-router/lib/deprecations.ts:14:3)
      at logDeprecation (node_modules/react-router/lib/deprecations.ts:26:5)
      at logV6DeprecationWarnings 
(node_modules/react-router/lib/components.tsx:257:25)
      at commitHookEffectListMount 
(node_modules/react-dom/cjs/react-dom.development.js:23189:26)
      at commitPassiveMountOnFiber 
(node_modules/react-dom/cjs/react-dom.development.js:24970:11)
      at commitPassiveMountEffects_complete 
(node_modules/react-dom/cjs/react-dom.development.js:24930:9)
      at commitPassiveMountEffects_begin 
(node_modules/react-dom/cjs/react-dom.development.js:24917:7)
      at commitPassiveMountEffects 
(node_modules/react-dom/cjs/react-dom.development.js:24905:3)
      at flushPassiveEffectsImpl 
(node_modules/react-dom/cjs/react-dom.development.js:27078:3)
      at flushPassiveEffects 
(node_modules/react-dom/cjs/react-dom.development.js:27023:14)
      at node_modules/react-dom/cjs/react-dom.development.js:26808:9
      at flushActQueue (node_modules/react/cjs/react.development.js:2667:24)
      at act (node_modules/react/cjs/react.development.js:2582:11)
      at node_modules/@testing-library/react/dist/act-compat.js:47:25
      at renderRoot (node_modules/@testing-library/react/dist/pure.js:180:26)
      at render (node_modules/@testing-library/react/dist/pure.js:271:10)
      at renderPage (src/finance/__tests__/finance.test.tsx:73:18)
      at Object.<anonymous> (src/finance/__tests__/finance.test.tsx:105:9)

    console.warn
      ÔÜá´©Å React Router Future Flag Warning: Relative route resolution 
within Splat routes is changing in v7. You can use the `v7_relativeSplatPath` 
future flag to opt-in early. For more information, see 
https://reactrouter.com/v6/upgrading/future#v7_relativesplatpath.

      71 |
      72 | function renderPage(element: React.ReactElement, path = '/') {
    > 73 |     return render(
         |                  ^
      74 |         <MemoryRouter initialEntries={[path]}>
      75 |             {element}
      76 |         </MemoryRouter>,

      at warn (node_modules/react-router/lib/deprecations.ts:9:13)
      at warnOnce (node_modules/react-router/lib/deprecations.ts:14:3)
      at logDeprecation (node_modules/react-router/lib/deprecations.ts:37:5)
      at logV6DeprecationWarnings 
(node_modules/react-router/lib/components.tsx:257:25)
      at commitHookEffectListMount 
(node_modules/react-dom/cjs/react-dom.development.js:23189:26)
      at commitPassiveMountOnFiber 
(node_modules/react-dom/cjs/react-dom.development.js:24970:11)
      at commitPassiveMountEffects_complete 
(node_modules/react-dom/cjs/react-dom.development.js:24930:9)
      at commitPassiveMountEffects_begin 
(node_modules/react-dom/cjs/react-dom.development.js:24917:7)
      at commitPassiveMountEffects 
(node_modules/react-dom/cjs/react-dom.development.js:24905:3)
      at flushPassiveEffectsImpl 
(node_modules/react-dom/cjs/react-dom.development.js:27078:3)
      at flushPassiveEffects 
(node_modules/react-dom/cjs/react-dom.development.js:27023:14)
      at node_modules/react-dom/cjs/react-dom.development.js:26808:9
      at flushActQueue (node_modules/react/cjs/react.development.js:2667:24)
      at act (node_modules/react/cjs/react.development.js:2582:11)
      at node_modules/@testing-library/react/dist/act-compat.js:47:25
      at renderRoot (node_modules/@testing-library/react/dist/pure.js:180:26)
      at render (node_modules/@testing-library/react/dist/pure.js:271:10)
      at renderPage (src/finance/__tests__/finance.test.tsx:73:18)
      at Object.<anonymous> (src/finance/__tests__/finance.test.tsx:105:9)

    console.error
      Warning: An update to FinanceHubPage inside a test was not wrapped in 
act(...).
      
      When testing, code that causes React state updates should be wrapped 
into act(...):
      
      act(() => {
        /* fire events that update state */
      });
      /* assert on the output */
      
      This ensures that you're testing the behavior the user would see in the 
browser. Learn more at https://reactjs.org/link/wrap-tests-with-act
          at FinanceHubPage (C:\Users\samhe\OneDrive\Desktop\Cleaned\frontend\s
rc\finance\FinanceHubPage\FinanceHubPage.tsx:58:33)
          at basenameProp (C:\Users\samhe\OneDrive\Desktop\Cleaned\frontend\nod
e_modules\react-router\lib\components.tsx:421:13)
          at basename (C:\Users\samhe\OneDrive\Desktop\Cleaned\frontend\node_mo
dules\react-router\lib\components.tsx:225:3)

      at printWarning 
(node_modules/react-dom/cjs/react-dom.development.js:86:30)
      at error (node_modules/react-dom/cjs/react-dom.development.js:60:7)
      at warnIfUpdatesNotWrappedWithActDEV 
(node_modules/react-dom/cjs/react-dom.development.js:27628:9)
      at scheduleUpdateOnFiber 
(node_modules/react-dom/cjs/react-dom.development.js:25547:5)
      at dispatchSetState 
(node_modules/react-dom/cjs/react-dom.development.js:16708:7)

    console.error
      Warning: An update to CashBatchingCreatePage inside a test was not 
wrapped in act(...).
      
      When testing, code that causes React state updates should be wrapped 
into act(...):
      
      act(() => {
        /* fire events that update state */
      });
      /* assert on the output */
      
      This ensures that you're testing the behavior the user would see in the 
browser. Learn more at https://reactjs.org/link/wrap-tests-with-act
          at CashBatchingCreatePage (C:\Users\samhe\OneDrive\Desktop\Cleaned\fr
ontend\src\finance\CashBatchingPage\CashBatchingCreatePage.tsx:22:33)
          at routeContext (C:\Users\samhe\OneDrive\Desktop\Cleaned\frontend\nod
e_modules\react-router\lib\hooks.tsx:658:26)
          at children (C:\Users\samhe\OneDrive\Desktop\Cleaned\frontend\node_mo
dules\react-router\lib\components.tsx:512:3)
          at basenameProp (C:\Users\samhe\OneDrive\Desktop\Cleaned\frontend\nod
e_modules\react-router\lib\components.tsx:421:13)
          at basename (C:\Users\samhe\OneDrive\Desktop\Cleaned\frontend\node_mo
dules\react-router\lib\components.tsx:225:3)

      27 |
      28 |     function setField<K extends keyof CreateCashBatchInput>(key: K, 
value: CreateCashBatchInput[K]) {
    > 29 |         setForm((prev) => ({ ...prev, [key]: value }))
         |         ^
      30 |     }
      31 |
      32 |     async function handleSave() {

      at printWarning 
(node_modules/react-dom/cjs/react-dom.development.js:86:30)
      at error (node_modules/react-dom/cjs/react-dom.development.js:60:7)
      at warnIfUpdatesNotWrappedWithActDEV 
(node_modules/react-dom/cjs/react-dom.development.js:27628:9)
      at scheduleUpdateOnFiber 
(node_modules/react-dom/cjs/react-dom.development.js:25547:5)
      at dispatchSetState 
(node_modules/react-dom/cjs/react-dom.development.js:16708:7)
      at setField 
(src/finance/CashBatchingPage/CashBatchingCreatePage.tsx:29:9)
      at onChange 
(src/finance/CashBatchingPage/CashBatchingCreatePage.tsx:68:42)
      at HTMLUnknownElement.callCallback 
(node_modules/react-dom/cjs/react-dom.development.js:4164:14)
      at HTMLUnknownElement.callTheUserObjectsOperation 
(node_modules/jsdom/lib/jsdom/living/generated/EventListener.js:26:30)
      at innerInvokeEventListeners 
(node_modules/jsdom/lib/jsdom/living/events/EventTarget-impl.js:350:25)
      at invokeEventListeners 
(node_modules/jsdom/lib/jsdom/living/events/EventTarget-impl.js:286:3)
      at HTMLUnknownElementImpl._dispatch 
(node_modules/jsdom/lib/jsdom/living/events/EventTarget-impl.js:233:9)
      at HTMLUnknownElementImpl.dispatchEvent 
(node_modules/jsdom/lib/jsdom/living/events/EventTarget-impl.js:104:17)
      at HTMLUnknownElement.dispatchEvent 
(node_modules/jsdom/lib/jsdom/living/generated/EventTarget.js:241:34)
      at Object.invokeGuardedCallbackDev 
(node_modules/react-dom/cjs/react-dom.development.js:4213:16)
      at invokeGuardedCallback 
(node_modules/react-dom/cjs/react-dom.development.js:4277:31)
      at invokeGuardedCallbackAndCatchFirstError 
(node_modules/react-dom/cjs/react-dom.development.js:4291:25)
      at executeDispatch 
(node_modules/react-dom/cjs/react-dom.development.js:9041:3)
      at processDispatchQueueItemsInOrder 
(node_modules/react-dom/cjs/react-dom.development.js:9073:7)
      at processDispatchQueue 
(node_modules/react-dom/cjs/react-dom.development.js:9086:5)
      at dispatchEventsForPlugins 
(node_modules/react-dom/cjs/react-dom.development.js:9097:3)
      at node_modules/react-dom/cjs/react-dom.development.js:9288:12
      at batchedUpdates$1 
(node_modules/react-dom/cjs/react-dom.development.js:26179:12)
      at batchedUpdates 
(node_modules/react-dom/cjs/react-dom.development.js:3991:12)
      at dispatchEventForPluginEventSystem 
(node_modules/react-dom/cjs/react-dom.development.js:9287:3)
      at dispatchEventWithEnableCapturePhaseSelectiveHydrationWithoutDiscreteEv
entReplay (node_modules/react-dom/cjs/react-dom.development.js:6465:5)
      at dispatchEvent 
(node_modules/react-dom/cjs/react-dom.development.js:6457:5)
      at dispatchDiscreteEvent 
(node_modules/react-dom/cjs/react-dom.development.js:6430:5)
      at HTMLDivElement.callTheUserObjectsOperation 
(node_modules/jsdom/lib/jsdom/living/generated/EventListener.js:26:30)
      at innerInvokeEventListeners 
(node_modules/jsdom/lib/jsdom/living/events/EventTarget-impl.js:350:25)
      at invokeEventListeners 
(node_modules/jsdom/lib/jsdom/living/events/EventTarget-impl.js:286:3)
      at HTMLInputElementImpl._dispatch 
(node_modules/jsdom/lib/jsdom/living/events/EventTarget-impl.js:233:9)
      at HTMLInputElementImpl.dispatchEvent 
(node_modules/jsdom/lib/jsdom/living/events/EventTarget-impl.js:104:17)
      at HTMLInputElement.dispatchEvent 
(node_modules/jsdom/lib/jsdom/living/generated/EventTarget.js:241:34)
      at 
node_modules/@testing-library/user-event/dist/cjs/event/dispatchEvent.js:45:43
      at Object.eventWrapper 
(node_modules/@testing-library/dom/dist/config.js:25:23)
      at Object.wrapEvent 
(node_modules/@testing-library/user-event/dist/cjs/event/wrapEvent.js:6:28)
      at Object.dispatchEvent (node_modules/@testing-library/user-event/dist/cj
s/event/dispatchEvent.js:45:22)
      at Object.dispatchUIEvent (node_modules/@testing-library/user-event/dist/
cjs/event/dispatchEvent.js:22:26)
      at commitInput 
(node_modules/@testing-library/user-event/dist/cjs/event/input.js:145:14)
      at editInputElement 
(node_modules/@testing-library/user-event/dist/cjs/event/input.js:115:9)
      at Object.input 
(node_modules/@testing-library/user-event/dist/cjs/event/input.js:37:9)
      at node_modules/@testing-library/user-event/dist/cjs/event/behavior/keypr
ess.js:31:26
      at Object.dispatchEvent (node_modules/@testing-library/user-event/dist/cj
s/event/dispatchEvent.js:41:13)
      at Object.dispatchUIEvent (node_modules/@testing-library/user-event/dist/
cjs/event/dispatchEvent.js:22:26)
      at KeyboardHost.keydown 
(node_modules/@testing-library/user-event/dist/cjs/system/keyboard.js:76:22)
      at keyboardAction 
(node_modules/@testing-library/user-event/dist/cjs/keyboard/index.js:22:35)
      at Object.keyboard 
(node_modules/@testing-library/user-event/dist/cjs/keyboard/index.js:11:15)
      at Object.type 
(node_modules/@testing-library/user-event/dist/cjs/utility/type.js:17:5)
      at Object.<anonymous> (src/finance/__tests__/finance.test.tsx:229:9)

    console.error
      Warning: An update to CashBatchingCreatePage inside a test was not 
wrapped in act(...).
      
      When testing, code that causes React state updates should be wrapped 
into act(...):
      
      act(() => {
        /* fire events that update state */
      });
      /* assert on the output */
      
      This ensures that you're testing the behavior the user would see in the 
browser. Learn more at https://reactjs.org/link/wrap-tests-with-act
          at CashBatchingCreatePage (C:\Users\samhe\OneDrive\Desktop\Cleaned\fr
ontend\src\finance\CashBatchingPage\CashBatchingCreatePage.tsx:22:33)
          at routeContext (C:\Users\samhe\OneDrive\Desktop\Cleaned\frontend\nod
e_modules\react-router\lib\hooks.tsx:658:26)
          at children (C:\Users\samhe\OneDrive\Desktop\Cleaned\frontend\node_mo
dules\react-router\lib\components.tsx:512:3)
          at basenameProp (C:\Users\samhe\OneDrive\Desktop\Cleaned\frontend\nod
e_modules\react-router\lib\components.tsx:421:13)
          at basename (C:\Users\samhe\OneDrive\Desktop\Cleaned\frontend\node_mo
dules\react-router\lib\components.tsx:225:3)

      27 |
      28 |     function setField<K extends keyof CreateCashBatchInput>(key: K, 
value: CreateCashBatchInput[K]) {
    > 29 |         setForm((prev) => ({ ...prev, [key]: value }))
         |         ^
      30 |     }
      31 |
      32 |     async function handleSave() {

      at printWarning 
(node_modules/react-dom/cjs/react-dom.development.js:86:30)
      at error (node_modules/react-dom/cjs/react-dom.development.js:60:7)
      at warnIfUpdatesNotWrappedWithActDEV 
(node_modules/react-dom/cjs/react-dom.development.js:27628:9)
      at scheduleUpdateOnFiber 
(node_modules/react-dom/cjs/react-dom.development.js:25547:5)
      at dispatchSetState 
(node_modules/react-dom/cjs/react-dom.development.js:16708:7)
      at setField 
(src/finance/CashBatchingPage/CashBatchingCreatePage.tsx:29:9)
      at onChange 
(src/finance/CashBatchingPage/CashBatchingCreatePage.tsx:68:42)
      at HTMLUnknownElement.callCallback 
(node_modules/react-dom/cjs/react-dom.development.js:4164:14)
      at HTMLUnknownElement.callTheUserObjectsOperation 
(node_modules/jsdom/lib/jsdom/living/generated/EventListener.js:26:30)
      at innerInvokeEventListeners 
(node_modules/jsdom/lib/jsdom/living/events/EventTarget-impl.js:350:25)
      at invokeEventListeners 
(node_modules/jsdom/lib/jsdom/living/events/EventTarget-impl.js:286:3)
      at HTMLUnknownElementImpl._dispatch 
(node_modules/jsdom/lib/jsdom/living/events/EventTarget-impl.js:233:9)
      at HTMLUnknownElementImpl.dispatchEvent 
(node_modules/jsdom/lib/jsdom/living/events/EventTarget-impl.js:104:17)
      at HTMLUnknownElement.dispatchEvent 
(node_modules/jsdom/lib/jsdom/living/generated/EventTarget.js:241:34)
      at Object.invokeGuardedCallbackDev 
(node_modules/react-dom/cjs/react-dom.development.js:4213:16)
      at invokeGuardedCallback 
(node_modules/react-dom/cjs/react-dom.development.js:4277:31)
      at invokeGuardedCallbackAndCatchFirstError 
(node_modules/react-dom/cjs/react-dom.development.js:4291:25)
      at executeDispatch 
(node_modules/react-dom/cjs/react-dom.development.js:9041:3)
      at processDispatchQueueItemsInOrder 
(node_modules/react-dom/cjs/react-dom.development.js:9073:7)
      at processDispatchQueue 
(node_modules/react-dom/cjs/react-dom.development.js:9086:5)
      at dispatchEventsForPlugins 
(node_modules/react-dom/cjs/react-dom.development.js:9097:3)
      at node_modules/react-dom/cjs/react-dom.development.js:9288:12
      at batchedUpdates$1 
(node_modules/react-dom/cjs/react-dom.development.js:26179:12)
      at batchedUpdates 
(node_modules/react-dom/cjs/react-dom.development.js:3991:12)
      at dispatchEventForPluginEventSystem 
(node_modules/react-dom/cjs/react-dom.development.js:9287:3)
      at dispatchEventWithEnableCapturePhaseSelectiveHydrationWithoutDiscreteEv
entReplay (node_modules/react-dom/cjs/react-dom.development.js:6465:5)
      at dispatchEvent 
(node_modules/react-dom/cjs/react-dom.development.js:6457:5)
      at dispatchDiscreteEvent 
(node_modules/react-dom/cjs/react-dom.development.js:6430:5)
      at HTMLDivElement.callTheUserObjectsOperation 
(node_modules/jsdom/lib/jsdom/living/generated/EventListener.js:26:30)
      at innerInvokeEventListeners 
(node_modules/jsdom/lib/jsdom/living/events/EventTarget-impl.js:350:25)
      at invokeEventListeners 
(node_modules/jsdom/lib/jsdom/living/events/EventTarget-impl.js:286:3)
      at HTMLInputElementImpl._dispatch 
(node_modules/jsdom/lib/jsdom/living/events/EventTarget-impl.js:233:9)
      at HTMLInputElementImpl.dispatchEvent 
(node_modules/jsdom/lib/jsdom/living/events/EventTarget-impl.js:104:17)
      at HTMLInputElement.dispatchEvent 
(node_modules/jsdom/lib/jsdom/living/generated/EventTarget.js:241:34)
      at 
node_modules/@testing-library/user-event/dist/cjs/event/dispatchEvent.js:45:43
      at Object.eventWrapper 
(node_modules/@testing-library/dom/dist/config.js:25:23)
      at Object.wrapEvent 
(node_modules/@testing-library/user-event/dist/cjs/event/wrapEvent.js:6:28)
      at Object.dispatchEvent (node_modules/@testing-library/user-event/dist/cj
s/event/dispatchEvent.js:45:22)
      at Object.dispatchUIEvent (node_modules/@testing-library/user-event/dist/
cjs/event/dispatchEvent.js:22:26)
      at commitInput 
(node_modules/@testing-library/user-event/dist/cjs/event/input.js:145:14)
      at editInputElement 
(node_modules/@testing-library/user-event/dist/cjs/event/input.js:115:9)
      at Object.input 
(node_modules/@testing-library/user-event/dist/cjs/event/input.js:37:9)
      at node_modules/@testing-library/user-event/dist/cjs/event/behavior/keypr
ess.js:31:26
      at Object.dispatchEvent (node_modules/@testing-library/user-event/dist/cj
s/event/dispatchEvent.js:41:13)
      at Object.dispatchUIEvent (node_modules/@testing-library/user-event/dist/
cjs/event/dispatchEvent.js:22:26)
      at KeyboardHost.keydown 
(node_modules/@testing-library/user-event/dist/cjs/system/keyboard.js:76:22)
      at keyboardAction 
(node_modules/@testing-library/user-event/dist/cjs/keyboard/index.js:22:35)
      at Object.keyboard 
(node_modules/@testing-library/user-event/dist/cjs/keyboard/index.js:11:15)
      at Object.type 
(node_modules/@testing-library/user-event/dist/cjs/utility/type.js:17:5)
      at Object.<anonymous> (src/finance/__tests__/finance.test.tsx:229:9)

    console.error
      Warning: An update to CashBatchingCreatePage inside a test was not 
wrapped in act(...).
      
      When testing, code that causes React state updates should be wrapped 
into act(...):
      
      act(() => {
        /* fire events that update state */
      });
      /* assert on the output */
      
      This ensures that you're testing the behavior the user would see in the 
browser. Learn more at https://reactjs.org/link/wrap-tests-with-act
          at CashBatchingCreatePage (C:\Users\samhe\OneDrive\Desktop\Cleaned\fr
ontend\src\finance\CashBatchingPage\CashBatchingCreatePage.tsx:22:33)
          at routeContext (C:\Users\samhe\OneDrive\Desktop\Cleaned\frontend\nod
e_modules\react-router\lib\hooks.tsx:658:26)
          at children (C:\Users\samhe\OneDrive\Desktop\Cleaned\frontend\node_mo
dules\react-router\lib\components.tsx:512:3)
          at basenameProp (C:\Users\samhe\OneDrive\Desktop\Cleaned\frontend\nod
e_modules\react-router\lib\components.tsx:421:13)
          at basename (C:\Users\samhe\OneDrive\Desktop\Cleaned\frontend\node_mo
dules\react-router\lib\components.tsx:225:3)

      27 |
      28 |     function setField<K extends keyof CreateCashBatchInput>(key: K, 
value: CreateCashBatchInput[K]) {
    > 29 |         setForm((prev) => ({ ...prev, [key]: value }))
         |         ^
      30 |     }
      31 |
      32 |     async function handleSave() {

      at printWarning 
(node_modules/react-dom/cjs/react-dom.development.js:86:30)
      at error (node_modules/react-dom/cjs/react-dom.development.js:60:7)
      at warnIfUpdatesNotWrappedWithActDEV 
(node_modules/react-dom/cjs/react-dom.development.js:27628:9)
      at scheduleUpdateOnFiber 
(node_modules/react-dom/cjs/react-dom.development.js:25547:5)
      at dispatchSetState 
(node_modules/react-dom/cjs/react-dom.development.js:16708:7)
      at setField 
(src/finance/CashBatchingPage/CashBatchingCreatePage.tsx:29:9)
      at onChange 
(src/finance/CashBatchingPage/CashBatchingCreatePage.tsx:68:42)
      at HTMLUnknownElement.callCallback 
(node_modules/react-dom/cjs/react-dom.development.js:4164:14)
      at HTMLUnknownElement.callTheUserObjectsOperation 
(node_modules/jsdom/lib/jsdom/living/generated/EventListener.js:26:30)
      at innerInvokeEventListeners 
(node_modules/jsdom/lib/jsdom/living/events/EventTarget-impl.js:350:25)
      at invokeEventListeners 
(node_modules/jsdom/lib/jsdom/living/events/EventTarget-impl.js:286:3)
      at HTMLUnknownElementImpl._dispatch 
(node_modules/jsdom/lib/jsdom/living/events/EventTarget-impl.js:233:9)
      at HTMLUnknownElementImpl.dispatchEvent 
(node_modules/jsdom/lib/jsdom/living/events/EventTarget-impl.js:104:17)
      at HTMLUnknownElement.dispatchEvent 
(node_modules/jsdom/lib/jsdom/living/generated/EventTarget.js:241:34)
      at Object.invokeGuardedCallbackDev 
(node_modules/react-dom/cjs/react-dom.development.js:4213:16)
      at invokeGuardedCallback 
(node_modules/react-dom/cjs/react-dom.development.js:4277:31)
      at invokeGuardedCallbackAndCatchFirstError 
(node_modules/react-dom/cjs/react-dom.development.js:4291:25)
      at executeDispatch 
(node_modules/react-dom/cjs/react-dom.development.js:9041:3)
      at processDispatchQueueItemsInOrder 
(node_modules/react-dom/cjs/react-dom.development.js:9073:7)
      at processDispatchQueue 
(node_modules/react-dom/cjs/react-dom.development.js:9086:5)
      at dispatchEventsForPlugins 
(node_modules/react-dom/cjs/react-dom.development.js:9097:3)
      at node_modules/react-dom/cjs/react-dom.development.js:9288:12
      at batchedUpdates$1 
(node_modules/react-dom/cjs/react-dom.development.js:26179:12)
      at batchedUpdates 
(node_modules/react-dom/cjs/react-dom.development.js:3991:12)
      at dispatchEventForPluginEventSystem 
(node_modules/react-dom/cjs/react-dom.development.js:9287:3)
      at dispatchEventWithEnableCapturePhaseSelectiveHydrationWithoutDiscreteEv
entReplay (node_modules/react-dom/cjs/react-dom.development.js:6465:5)
      at dispatchEvent 
(node_modules/react-dom/cjs/react-dom.development.js:6457:5)
      at dispatchDiscreteEvent 
(node_modules/react-dom/cjs/react-dom.development.js:6430:5)
      at HTMLDivElement.callTheUserObjectsOperation 
(node_modules/jsdom/lib/jsdom/living/generated/EventListener.js:26:30)
      at innerInvokeEventListeners 
(node_modules/jsdom/lib/jsdom/living/events/EventTarget-impl.js:350:25)
      at invokeEventListeners 
(node_modules/jsdom/lib/jsdom/living/events/EventTarget-impl.js:286:3)
      at HTMLInputElementImpl._dispatch 
(node_modules/jsdom/lib/jsdom/living/events/EventTarget-impl.js:233:9)
      at HTMLInputElementImpl.dispatchEvent 
(node_modules/jsdom/lib/jsdom/living/events/EventTarget-impl.js:104:17)
      at HTMLInputElement.dispatchEvent 
(node_modules/jsdom/lib/jsdom/living/generated/EventTarget.js:241:34)
      at 
node_modules/@testing-library/user-event/dist/cjs/event/dispatchEvent.js:45:43
      at Object.eventWrapper 
(node_modules/@testing-library/dom/dist/config.js:25:23)
      at Object.wrapEvent 
(node_modules/@testing-library/user-event/dist/cjs/event/wrapEvent.js:6:28)
      at Object.dispatchEvent (node_modules/@testing-library/user-event/dist/cj
s/event/dispatchEvent.js:45:22)
      at Object.dispatchUIEvent (node_modules/@testing-library/user-event/dist/
cjs/event/dispatchEvent.js:22:26)
      at commitInput 
(node_modules/@testing-library/user-event/dist/cjs/event/input.js:145:14)
      at editInputElement 
(node_modules/@testing-library/user-event/dist/cjs/event/input.js:115:9)
      at Object.input 
(node_modules/@testing-library/user-event/dist/cjs/event/input.js:37:9)
      at node_modules/@testing-library/user-event/dist/cjs/event/behavior/keypr
ess.js:31:26
      at Object.dispatchEvent (node_modules/@testing-library/user-event/dist/cj
s/event/dispatchEvent.js:41:13)
      at Object.dispatchUIEvent (node_modules/@testing-library/user-event/dist/
cjs/event/dispatchEvent.js:22:26)
      at KeyboardHost.keydown 
(node_modules/@testing-library/user-event/dist/cjs/system/keyboard.js:76:22)
      at keyboardAction 
(node_modules/@testing-library/user-event/dist/cjs/keyboard/index.js:22:35)
      at Object.keyboard 
(node_modules/@testing-library/user-event/dist/cjs/keyboard/index.js:11:15)
      at Object.type 
(node_modules/@testing-library/user-event/dist/cjs/utility/type.js:17:5)
      at Object.<anonymous> (src/finance/__tests__/finance.test.tsx:229:9)

    console.error
      Warning: An update to CashBatchingCreatePage inside a test was not 
wrapped in act(...).
      
      When testing, code that causes React state updates should be wrapped 
into act(...):
      
      act(() => {
        /* fire events that update state */
      });
      /* assert on the output */
      
      This ensures that you're testing the behavior the user would see in the 
browser. Learn more at https://reactjs.org/link/wrap-tests-with-act
          at CashBatchingCreatePage (C:\Users\samhe\OneDrive\Desktop\Cleaned\fr
ontend\src\finance\CashBatchingPage\CashBatchingCreatePage.tsx:22:33)
          at routeContext (C:\Users\samhe\OneDrive\Desktop\Cleaned\frontend\nod
e_modules\react-router\lib\hooks.tsx:658:26)
          at children (C:\Users\samhe\OneDrive\Desktop\Cleaned\frontend\node_mo
dules\react-router\lib\components.tsx:512:3)
          at basenameProp (C:\Users\samhe\OneDrive\Desktop\Cleaned\frontend\nod
e_modules\react-router\lib\components.tsx:421:13)
          at basename (C:\Users\samhe\OneDrive\Desktop\Cleaned\frontend\node_mo
dules\react-router\lib\components.tsx:225:3)

      27 |
      28 |     function setField<K extends keyof CreateCashBatchInput>(key: K, 
value: CreateCashBatchInput[K]) {
    > 29 |         setForm((prev) => ({ ...prev, [key]: value }))
         |         ^
      30 |     }
      31 |
      32 |     async function handleSave() {

      at printWarning 
(node_modules/react-dom/cjs/react-dom.development.js:86:30)
      at error (node_modules/react-dom/cjs/react-dom.development.js:60:7)
      at warnIfUpdatesNotWrappedWithActDEV 
(node_modules/react-dom/cjs/react-dom.development.js:27628:9)
      at scheduleUpdateOnFiber 
(node_modules/react-dom/cjs/react-dom.development.js:25547:5)
      at dispatchSetState 
(node_modules/react-dom/cjs/react-dom.development.js:16708:7)
      at setField 
(src/finance/CashBatchingPage/CashBatchingCreatePage.tsx:29:9)
      at onChange 
(src/finance/CashBatchingPage/CashBatchingCreatePage.tsx:68:42)
      at HTMLUnknownElement.callCallback 
(node_modules/react-dom/cjs/react-dom.development.js:4164:14)
      at HTMLUnknownElement.callTheUserObjectsOperation 
(node_modules/jsdom/lib/jsdom/living/generated/EventListener.js:26:30)
      at innerInvokeEventListeners 
(node_modules/jsdom/lib/jsdom/living/events/EventTarget-impl.js:350:25)
      at invokeEventListeners 
(node_modules/jsdom/lib/jsdom/living/events/EventTarget-impl.js:286:3)
      at HTMLUnknownElementImpl._dispatch 
(node_modules/jsdom/lib/jsdom/living/events/EventTarget-impl.js:233:9)
      at HTMLUnknownElementImpl.dispatchEvent 
(node_modules/jsdom/lib/jsdom/living/events/EventTarget-impl.js:104:17)
      at HTMLUnknownElement.dispatchEvent 
(node_modules/jsdom/lib/jsdom/living/generated/EventTarget.js:241:34)
      at Object.invokeGuardedCallbackDev 
(node_modules/react-dom/cjs/react-dom.development.js:4213:16)
      at invokeGuardedCallback 
(node_modules/react-dom/cjs/react-dom.development.js:4277:31)
      at invokeGuardedCallbackAndCatchFirstError 
(node_modules/react-dom/cjs/react-dom.development.js:4291:25)
      at executeDispatch 
(node_modules/react-dom/cjs/react-dom.development.js:9041:3)
      at processDispatchQueueItemsInOrder 
(node_modules/react-dom/cjs/react-dom.development.js:9073:7)
      at processDispatchQueue 
(node_modules/react-dom/cjs/react-dom.development.js:9086:5)
      at dispatchEventsForPlugins 
(node_modules/react-dom/cjs/react-dom.development.js:9097:3)
      at node_modules/react-dom/cjs/react-dom.development.js:9288:12
      at batchedUpdates$1 
(node_modules/react-dom/cjs/react-dom.development.js:26179:12)
      at batchedUpdates 
(node_modules/react-dom/cjs/react-dom.development.js:3991:12)
      at dispatchEventForPluginEventSystem 
(node_modules/react-dom/cjs/react-dom.development.js:9287:3)
      at dispatchEventWithEnableCapturePhaseSelectiveHydrationWithoutDiscreteEv
entReplay (node_modules/react-dom/cjs/react-dom.development.js:6465:5)
      at dispatchEvent 
(node_modules/react-dom/cjs/react-dom.development.js:6457:5)
      at dispatchDiscreteEvent 
(node_modules/react-dom/cjs/react-dom.development.js:6430:5)
      at HTMLDivElement.callTheUserObjectsOperation 
(node_modules/jsdom/lib/jsdom/living/generated/EventListener.js:26:30)
      at innerInvokeEventListeners 
(node_modules/jsdom/lib/jsdom/living/events/EventTarget-impl.js:350:25)
      at invokeEventListeners 
(node_modules/jsdom/lib/jsdom/living/events/EventTarget-impl.js:286:3)
      at HTMLInputElementImpl._dispatch 
(node_modules/jsdom/lib/jsdom/living/events/EventTarget-impl.js:233:9)
      at HTMLInputElementImpl.dispatchEvent 
(node_modules/jsdom/lib/jsdom/living/events/EventTarget-impl.js:104:17)
      at HTMLInputElement.dispatchEvent 
(node_modules/jsdom/lib/jsdom/living/generated/EventTarget.js:241:34)
      at 
node_modules/@testing-library/user-event/dist/cjs/event/dispatchEvent.js:45:43
      at Object.eventWrapper 
(node_modules/@testing-library/dom/dist/config.js:25:23)
      at Object.wrapEvent 
(node_modules/@testing-library/user-event/dist/cjs/event/wrapEvent.js:6:28)
      at Object.dispatchEvent (node_modules/@testing-library/user-event/dist/cj
s/event/dispatchEvent.js:45:22)
      at Object.dispatchUIEvent (node_modules/@testing-library/user-event/dist/
cjs/event/dispatchEvent.js:22:26)
      at commitInput 
(node_modules/@testing-library/user-event/dist/cjs/event/input.js:145:14)
      at editInputElement 
(node_modules/@testing-library/user-event/dist/cjs/event/input.js:115:9)
      at Object.input 
(node_modules/@testing-library/user-event/dist/cjs/event/input.js:37:9)
      at node_modules/@testing-library/user-event/dist/cjs/event/behavior/keypr
ess.js:31:26
      at Object.dispatchEvent (node_modules/@testing-library/user-event/dist/cj
s/event/dispatchEvent.js:41:13)
      at Object.dispatchUIEvent (node_modules/@testing-library/user-event/dist/
cjs/event/dispatchEvent.js:22:26)
      at KeyboardHost.keydown 
(node_modules/@testing-library/user-event/dist/cjs/system/keyboard.js:76:22)
      at keyboardAction 
(node_modules/@testing-library/user-event/dist/cjs/keyboard/index.js:22:35)
      at Object.keyboard 
(node_modules/@testing-library/user-event/dist/cjs/keyboard/index.js:11:15)
      at Object.type 
(node_modules/@testing-library/user-event/dist/cjs/utility/type.js:17:5)
      at Object.<anonymous> (src/finance/__tests__/finance.test.tsx:229:9)

    console.error
      Warning: An update to CashBatchingCreatePage inside a test was not 
wrapped in act(...).
      
      When testing, code that causes React state updates should be wrapped 
into act(...):
      
      act(() => {
        /* fire events that update state */
      });
      /* assert on the output */
      
      This ensures that you're testing the behavior the user would see in the 
browser. Learn more at https://reactjs.org/link/wrap-tests-with-act
          at CashBatchingCreatePage (C:\Users\samhe\OneDrive\Desktop\Cleaned\fr
ontend\src\finance\CashBatchingPage\CashBatchingCreatePage.tsx:22:33)
          at routeContext (C:\Users\samhe\OneDrive\Desktop\Cleaned\frontend\nod
e_modules\react-router\lib\hooks.tsx:658:26)
          at children (C:\Users\samhe\OneDrive\Desktop\Cleaned\frontend\node_mo
dules\react-router\lib\components.tsx:512:3)
          at basenameProp (C:\Users\samhe\OneDrive\Desktop\Cleaned\frontend\nod
e_modules\react-router\lib\components.tsx:421:13)
          at basename (C:\Users\samhe\OneDrive\Desktop\Cleaned\frontend\node_mo
dules\react-router\lib\components.tsx:225:3)

      27 |
      28 |     function setField<K extends keyof CreateCashBatchInput>(key: K, 
value: CreateCashBatchInput[K]) {
    > 29 |         setForm((prev) => ({ ...prev, [key]: value }))
         |         ^
      30 |     }
      31 |
      32 |     async function handleSave() {

      at printWarning 
(node_modules/react-dom/cjs/react-dom.development.js:86:30)
      at error (node_modules/react-dom/cjs/react-dom.development.js:60:7)
      at warnIfUpdatesNotWrappedWithActDEV 
(node_modules/react-dom/cjs/react-dom.development.js:27628:9)
      at scheduleUpdateOnFiber 
(node_modules/react-dom/cjs/react-dom.development.js:25547:5)
      at dispatchSetState 
(node_modules/react-dom/cjs/react-dom.development.js:16708:7)
      at setField 
(src/finance/CashBatchingPage/CashBatchingCreatePage.tsx:29:9)
      at onChange 
(src/finance/CashBatchingPage/CashBatchingCreatePage.tsx:68:42)
      at HTMLUnknownElement.callCallback 
(node_modules/react-dom/cjs/react-dom.development.js:4164:14)
      at HTMLUnknownElement.callTheUserObjectsOperation 
(node_modules/jsdom/lib/jsdom/living/generated/EventListener.js:26:30)
      at innerInvokeEventListeners 
(node_modules/jsdom/lib/jsdom/living/events/EventTarget-impl.js:350:25)
      at invokeEventListeners 
(node_modules/jsdom/lib/jsdom/living/events/EventTarget-impl.js:286:3)
      at HTMLUnknownElementImpl._dispatch 
(node_modules/jsdom/lib/jsdom/living/events/EventTarget-impl.js:233:9)
      at HTMLUnknownElementImpl.dispatchEvent 
(node_modules/jsdom/lib/jsdom/living/events/EventTarget-impl.js:104:17)
      at HTMLUnknownElement.dispatchEvent 
(node_modules/jsdom/lib/jsdom/living/generated/EventTarget.js:241:34)
      at Object.invokeGuardedCallbackDev 
(node_modules/react-dom/cjs/react-dom.development.js:4213:16)
      at invokeGuardedCallback 
(node_modules/react-dom/cjs/react-dom.development.js:4277:31)
      at invokeGuardedCallbackAndCatchFirstError 
(node_modules/react-dom/cjs/react-dom.development.js:4291:25)
      at executeDispatch 
(node_modules/react-dom/cjs/react-dom.development.js:9041:3)
      at processDispatchQueueItemsInOrder 
(node_modules/react-dom/cjs/react-dom.development.js:9073:7)
      at processDispatchQueue 
(node_modules/react-dom/cjs/react-dom.development.js:9086:5)
      at dispatchEventsForPlugins 
(node_modules/react-dom/cjs/react-dom.development.js:9097:3)
      at node_modules/react-dom/cjs/react-dom.development.js:9288:12
      at batchedUpdates$1 
(node_modules/react-dom/cjs/react-dom.development.js:26179:12)
      at batchedUpdates 
(node_modules/react-dom/cjs/react-dom.development.js:3991:12)
      at dispatchEventForPluginEventSystem 
(node_modules/react-dom/cjs/react-dom.development.js:9287:3)
      at dispatchEventWithEnableCapturePhaseSelectiveHydrationWithoutDiscreteEv
entReplay (node_modules/react-dom/cjs/react-dom.development.js:6465:5)
      at dispatchEvent 
(node_modules/react-dom/cjs/react-dom.development.js:6457:5)
      at dispatchDiscreteEvent 
(node_modules/react-dom/cjs/react-dom.development.js:6430:5)
      at HTMLDivElement.callTheUserObjectsOperation 
(node_modules/jsdom/lib/jsdom/living/generated/EventListener.js:26:30)
      at innerInvokeEventListeners 
(node_modules/jsdom/lib/jsdom/living/events/EventTarget-impl.js:350:25)
      at invokeEventListeners 
(node_modules/jsdom/lib/jsdom/living/events/EventTarget-impl.js:286:3)
      at HTMLInputElementImpl._dispatch 
(node_modules/jsdom/lib/jsdom/living/events/EventTarget-impl.js:233:9)
      at HTMLInputElementImpl.dispatchEvent 
(node_modules/jsdom/lib/jsdom/living/events/EventTarget-impl.js:104:17)
      at HTMLInputElement.dispatchEvent 
(node_modules/jsdom/lib/jsdom/living/generated/EventTarget.js:241:34)
      at 
node_modules/@testing-library/user-event/dist/cjs/event/dispatchEvent.js:45:43
      at Object.eventWrapper 
(node_modules/@testing-library/dom/dist/config.js:25:23)
      at Object.wrapEvent 
(node_modules/@testing-library/user-event/dist/cjs/event/wrapEvent.js:6:28)
      at Object.dispatchEvent (node_modules/@testing-library/user-event/dist/cj
s/event/dispatchEvent.js:45:22)
      at Object.dispatchUIEvent (node_modules/@testing-library/user-event/dist/
cjs/event/dispatchEvent.js:22:26)
      at commitInput 
(node_modules/@testing-library/user-event/dist/cjs/event/input.js:145:14)
      at editInputElement 
(node_modules/@testing-library/user-event/dist/cjs/event/input.js:115:9)
      at Object.input 
(node_modules/@testing-library/user-event/dist/cjs/event/input.js:37:9)
      at node_modules/@testing-library/user-event/dist/cjs/event/behavior/keypr
ess.js:31:26
      at Object.dispatchEvent (node_modules/@testing-library/user-event/dist/cj
s/event/dispatchEvent.js:41:13)
      at Object.dispatchUIEvent (node_modules/@testing-library/user-event/dist/
cjs/event/dispatchEvent.js:22:26)
      at KeyboardHost.keydown 
(node_modules/@testing-library/user-event/dist/cjs/system/keyboard.js:76:22)
      at keyboardAction 
(node_modules/@testing-library/user-event/dist/cjs/keyboard/index.js:22:35)
      at Object.keyboard 
(node_modules/@testing-library/user-event/dist/cjs/keyboard/index.js:11:15)
      at Object.type 
(node_modules/@testing-library/user-event/dist/cjs/utility/type.js:17:5)
      at Object.<anonymous> (src/finance/__tests__/finance.test.tsx:229:9)

    console.error
      Warning: An update to CashBatchingCreatePage inside a test was not 
wrapped in act(...).
      
      When testing, code that causes React state updates should be wrapped 
into act(...):
      
      act(() => {
        /* fire events that update state */
      });
      /* assert on the output */
      
      This ensures that you're testing the behavior the user would see in the 
browser. Learn more at https://reactjs.org/link/wrap-tests-with-act
          at CashBatchingCreatePage (C:\Users\samhe\OneDrive\Desktop\Cleaned\fr
ontend\src\finance\CashBatchingPage\CashBatchingCreatePage.tsx:22:33)
          at routeContext (C:\Users\samhe\OneDrive\Desktop\Cleaned\frontend\nod
e_modules\react-router\lib\hooks.tsx:658:26)
          at children (C:\Users\samhe\OneDrive\Desktop\Cleaned\frontend\node_mo
dules\react-router\lib\components.tsx:512:3)
          at basenameProp (C:\Users\samhe\OneDrive\Desktop\Cleaned\frontend\nod
e_modules\react-router\lib\components.tsx:421:13)
          at basename (C:\Users\samhe\OneDrive\Desktop\Cleaned\frontend\node_mo
dules\react-router\lib\components.tsx:225:3)

      27 |
      28 |     function setField<K extends keyof CreateCashBatchInput>(key: K, 
value: CreateCashBatchInput[K]) {
    > 29 |         setForm((prev) => ({ ...prev, [key]: value }))
         |         ^
      30 |     }
      31 |
      32 |     async function handleSave() {

      at printWarning 
(node_modules/react-dom/cjs/react-dom.development.js:86:30)
      at error (node_modules/react-dom/cjs/react-dom.development.js:60:7)
      at warnIfUpdatesNotWrappedWithActDEV 
(node_modules/react-dom/cjs/react-dom.development.js:27628:9)
      at scheduleUpdateOnFiber 
(node_modules/react-dom/cjs/react-dom.development.js:25547:5)
      at dispatchSetState 
(node_modules/react-dom/cjs/react-dom.development.js:16708:7)
      at setField 
(src/finance/CashBatchingPage/CashBatchingCreatePage.tsx:29:9)
      at onChange 
(src/finance/CashBatchingPage/CashBatchingCreatePage.tsx:68:42)
      at HTMLUnknownElement.callCallback 
(node_modules/react-dom/cjs/react-dom.development.js:4164:14)
      at HTMLUnknownElement.callTheUserObjectsOperation 
(node_modules/jsdom/lib/jsdom/living/generated/EventListener.js:26:30)
      at innerInvokeEventListeners 
(node_modules/jsdom/lib/jsdom/living/events/EventTarget-impl.js:350:25)
      at invokeEventListeners 
(node_modules/jsdom/lib/jsdom/living/events/EventTarget-impl.js:286:3)
      at HTMLUnknownElementImpl._dispatch 
(node_modules/jsdom/lib/jsdom/living/events/EventTarget-impl.js:233:9)
      at HTMLUnknownElementImpl.dispatchEvent 
(node_modules/jsdom/lib/jsdom/living/events/EventTarget-impl.js:104:17)
      at HTMLUnknownElement.dispatchEvent 
(node_modules/jsdom/lib/jsdom/living/generated/EventTarget.js:241:34)
      at Object.invokeGuardedCallbackDev 
(node_modules/react-dom/cjs/react-dom.development.js:4213:16)
      at invokeGuardedCallback 
(node_modules/react-dom/cjs/react-dom.development.js:4277:31)
      at invokeGuardedCallbackAndCatchFirstError 
(node_modules/react-dom/cjs/react-dom.development.js:4291:25)
      at executeDispatch 
(node_modules/react-dom/cjs/react-dom.development.js:9041:3)
      at processDispatchQueueItemsInOrder 
(node_modules/react-dom/cjs/react-dom.development.js:9073:7)
      at processDispatchQueue 
(node_modules/react-dom/cjs/react-dom.development.js:9086:5)
      at dispatchEventsForPlugins 
(node_modules/react-dom/cjs/react-dom.development.js:9097:3)
      at node_modules/react-dom/cjs/react-dom.development.js:9288:12
      at batchedUpdates$1 
(node_modules/react-dom/cjs/react-dom.development.js:26179:12)
      at batchedUpdates 
(node_modules/react-dom/cjs/react-dom.development.js:3991:12)
      at dispatchEventForPluginEventSystem 
(node_modules/react-dom/cjs/react-dom.development.js:9287:3)
      at dispatchEventWithEnableCapturePhaseSelectiveHydrationWithoutDiscreteEv
entReplay (node_modules/react-dom/cjs/react-dom.development.js:6465:5)
      at dispatchEvent 
(node_modules/react-dom/cjs/react-dom.development.js:6457:5)
      at dispatchDiscreteEvent 
(node_modules/react-dom/cjs/react-dom.development.js:6430:5)
      at HTMLDivElement.callTheUserObjectsOperation 
(node_modules/jsdom/lib/jsdom/living/generated/EventListener.js:26:30)
      at innerInvokeEventListeners 
(node_modules/jsdom/lib/jsdom/living/events/EventTarget-impl.js:350:25)
      at invokeEventListeners 
(node_modules/jsdom/lib/jsdom/living/events/EventTarget-impl.js:286:3)
      at HTMLInputElementImpl._dispatch 
(node_modules/jsdom/lib/jsdom/living/events/EventTarget-impl.js:233:9)
      at HTMLInputElementImpl.dispatchEvent 
(node_modules/jsdom/lib/jsdom/living/events/EventTarget-impl.js:104:17)
      at HTMLInputElement.dispatchEvent 
(node_modules/jsdom/lib/jsdom/living/generated/EventTarget.js:241:34)
      at 
node_modules/@testing-library/user-event/dist/cjs/event/dispatchEvent.js:45:43
      at Object.eventWrapper 
(node_modules/@testing-library/dom/dist/config.js:25:23)
      at Object.wrapEvent 
(node_modules/@testing-library/user-event/dist/cjs/event/wrapEvent.js:6:28)
      at Object.dispatchEvent (node_modules/@testing-library/user-event/dist/cj
s/event/dispatchEvent.js:45:22)
      at Object.dispatchUIEvent (node_modules/@testing-library/user-event/dist/
cjs/event/dispatchEvent.js:22:26)
      at commitInput 
(node_modules/@testing-library/user-event/dist/cjs/event/input.js:145:14)
      at editInputElement 
(node_modules/@testing-library/user-event/dist/cjs/event/input.js:115:9)
      at Object.input 
(node_modules/@testing-library/user-event/dist/cjs/event/input.js:37:9)
      at node_modules/@testing-library/user-event/dist/cjs/event/behavior/keypr
ess.js:31:26
      at Object.dispatchEvent (node_modules/@testing-library/user-event/dist/cj
s/event/dispatchEvent.js:41:13)
      at Object.dispatchUIEvent (node_modules/@testing-library/user-event/dist/
cjs/event/dispatchEvent.js:22:26)
      at KeyboardHost.keydown 
(node_modules/@testing-library/user-event/dist/cjs/system/keyboard.js:76:22)
      at keyboardAction 
(node_modules/@testing-library/user-event/dist/cjs/keyboard/index.js:22:35)
      at Object.keyboard 
(node_modules/@testing-library/user-event/dist/cjs/keyboard/index.js:11:15)
      at Object.type 
(node_modules/@testing-library/user-event/dist/cjs/utility/type.js:17:5)
      at Object.<anonymous> (src/finance/__tests__/finance.test.tsx:229:9)

    console.error
      Warning: An update to CashBatchingCreatePage inside a test was not 
wrapped in act(...).
      
      When testing, code that causes React state updates should be wrapped 
into act(...):
      
      act(() => {
        /* fire events that update state */
      });
      /* assert on the output */
      
      This ensures that you're testing the behavior the user would see in the 
browser. Learn more at https://reactjs.org/link/wrap-tests-with-act
          at CashBatchingCreatePage (C:\Users\samhe\OneDrive\Desktop\Cleaned\fr
ontend\src\finance\CashBatchingPage\CashBatchingCreatePage.tsx:22:33)
          at routeContext (C:\Users\samhe\OneDrive\Desktop\Cleaned\frontend\nod
e_modules\react-router\lib\hooks.tsx:658:26)
          at children (C:\Users\samhe\OneDrive\Desktop\Cleaned\frontend\node_mo
dules\react-router\lib\components.tsx:512:3)
          at basenameProp (C:\Users\samhe\OneDrive\Desktop\Cleaned\frontend\nod
e_modules\react-router\lib\components.tsx:421:13)
          at basename (C:\Users\samhe\OneDrive\Desktop\Cleaned\frontend\node_mo
dules\react-router\lib\components.tsx:225:3)

      27 |
      28 |     function setField<K extends keyof CreateCashBatchInput>(key: K, 
value: CreateCashBatchInput[K]) {
    > 29 |         setForm((prev) => ({ ...prev, [key]: value }))
         |         ^
      30 |     }
      31 |
      32 |     async function handleSave() {

      at printWarning 
(node_modules/react-dom/cjs/react-dom.development.js:86:30)
      at error (node_modules/react-dom/cjs/react-dom.development.js:60:7)
      at warnIfUpdatesNotWrappedWithActDEV 
(node_modules/react-dom/cjs/react-dom.development.js:27628:9)
      at scheduleUpdateOnFiber 
(node_modules/react-dom/cjs/react-dom.development.js:25547:5)
      at dispatchSetState 
(node_modules/react-dom/cjs/react-dom.development.js:16708:7)
      at setField 
(src/finance/CashBatchingPage/CashBatchingCreatePage.tsx:29:9)
      at onChange 
(src/finance/CashBatchingPage/CashBatchingCreatePage.tsx:68:42)
      at HTMLUnknownElement.callCallback 
(node_modules/react-dom/cjs/react-dom.development.js:4164:14)
      at HTMLUnknownElement.callTheUserObjectsOperation 
(node_modules/jsdom/lib/jsdom/living/generated/EventListener.js:26:30)
      at innerInvokeEventListeners 
(node_modules/jsdom/lib/jsdom/living/events/EventTarget-impl.js:350:25)
      at invokeEventListeners 
(node_modules/jsdom/lib/jsdom/living/events/EventTarget-impl.js:286:3)
      at HTMLUnknownElementImpl._dispatch 
(node_modules/jsdom/lib/jsdom/living/events/EventTarget-impl.js:233:9)
      at HTMLUnknownElementImpl.dispatchEvent 
(node_modules/jsdom/lib/jsdom/living/events/EventTarget-impl.js:104:17)
      at HTMLUnknownElement.dispatchEvent 
(node_modules/jsdom/lib/jsdom/living/generated/EventTarget.js:241:34)
      at Object.invokeGuardedCallbackDev 
(node_modules/react-dom/cjs/react-dom.development.js:4213:16)
      at invokeGuardedCallback 
(node_modules/react-dom/cjs/react-dom.development.js:4277:31)
      at invokeGuardedCallbackAndCatchFirstError 
(node_modules/react-dom/cjs/react-dom.development.js:4291:25)
      at executeDispatch 
(node_modules/react-dom/cjs/react-dom.development.js:9041:3)
      at processDispatchQueueItemsInOrder 
(node_modules/react-dom/cjs/react-dom.development.js:9073:7)
      at processDispatchQueue 
(node_modules/react-dom/cjs/react-dom.development.js:9086:5)
      at dispatchEventsForPlugins 
(node_modules/react-dom/cjs/react-dom.development.js:9097:3)
      at node_modules/react-dom/cjs/react-dom.development.js:9288:12
      at batchedUpdates$1 
(node_modules/react-dom/cjs/react-dom.development.js:26179:12)
      at batchedUpdates 
(node_modules/react-dom/cjs/react-dom.development.js:3991:12)
      at dispatchEventForPluginEventSystem 
(node_modules/react-dom/cjs/react-dom.development.js:9287:3)
      at dispatchEventWithEnableCapturePhaseSelectiveHydrationWithoutDiscreteEv
entReplay (node_modules/react-dom/cjs/react-dom.development.js:6465:5)
      at dispatchEvent 
(node_modules/react-dom/cjs/react-dom.development.js:6457:5)
      at dispatchDiscreteEvent 
(node_modules/react-dom/cjs/react-dom.development.js:6430:5)
      at HTMLDivElement.callTheUserObjectsOperation 
(node_modules/jsdom/lib/jsdom/living/generated/EventListener.js:26:30)
      at innerInvokeEventListeners 
(node_modules/jsdom/lib/jsdom/living/events/EventTarget-impl.js:350:25)
      at invokeEventListeners 
(node_modules/jsdom/lib/jsdom/living/events/EventTarget-impl.js:286:3)
      at HTMLInputElementImpl._dispatch 
(node_modules/jsdom/lib/jsdom/living/events/EventTarget-impl.js:233:9)
      at HTMLInputElementImpl.dispatchEvent 
(node_modules/jsdom/lib/jsdom/living/events/EventTarget-impl.js:104:17)
      at HTMLInputElement.dispatchEvent 
(node_modules/jsdom/lib/jsdom/living/generated/EventTarget.js:241:34)
      at 
node_modules/@testing-library/user-event/dist/cjs/event/dispatchEvent.js:45:43
      at Object.eventWrapper 
(node_modules/@testing-library/dom/dist/config.js:25:23)
      at Object.wrapEvent 
(node_modules/@testing-library/user-event/dist/cjs/event/wrapEvent.js:6:28)
      at Object.dispatchEvent (node_modules/@testing-library/user-event/dist/cj
s/event/dispatchEvent.js:45:22)
      at Object.dispatchUIEvent (node_modules/@testing-library/user-event/dist/
cjs/event/dispatchEvent.js:22:26)
      at commitInput 
(node_modules/@testing-library/user-event/dist/cjs/event/input.js:145:14)
      at editInputElement 
(node_modules/@testing-library/user-event/dist/cjs/event/input.js:115:9)
      at Object.input 
(node_modules/@testing-library/user-event/dist/cjs/event/input.js:37:9)
      at node_modules/@testing-library/user-event/dist/cjs/event/behavior/keypr
ess.js:31:26
      at Object.dispatchEvent (node_modules/@testing-library/user-event/dist/cj
s/event/dispatchEvent.js:41:13)
      at Object.dispatchUIEvent (node_modules/@testing-library/user-event/dist/
cjs/event/dispatchEvent.js:22:26)
      at KeyboardHost.keydown 
(node_modules/@testing-library/user-event/dist/cjs/system/keyboard.js:76:22)
      at keyboardAction 
(node_modules/@testing-library/user-event/dist/cjs/keyboard/index.js:22:35)
      at Object.keyboard 
(node_modules/@testing-library/user-event/dist/cjs/keyboard/index.js:11:15)
      at Object.type 
(node_modules/@testing-library/user-event/dist/cjs/utility/type.js:17:5)
      at Object.<anonymous> (src/finance/__tests__/finance.test.tsx:229:9)

    console.error
      Warning: An update to CashBatchingCreatePage inside a test was not 
wrapped in act(...).
      
      When testing, code that causes React state updates should be wrapped 
into act(...):
      
      act(() => {
        /* fire events that update state */
      });
      /* assert on the output */
      
      This ensures that you're testing the behavior the user would see in the 
browser. Learn more at https://reactjs.org/link/wrap-tests-with-act
          at CashBatchingCreatePage (C:\Users\samhe\OneDrive\Desktop\Cleaned\fr
ontend\src\finance\CashBatchingPage\CashBatchingCreatePage.tsx:22:33)
          at routeContext (C:\Users\samhe\OneDrive\Desktop\Cleaned\frontend\nod
e_modules\react-router\lib\hooks.tsx:658:26)
          at children (C:\Users\samhe\OneDrive\Desktop\Cleaned\frontend\node_mo
dules\react-router\lib\components.tsx:512:3)
          at basenameProp (C:\Users\samhe\OneDrive\Desktop\Cleaned\frontend\nod
e_modules\react-router\lib\components.tsx:421:13)
          at basename (C:\Users\samhe\OneDrive\Desktop\Cleaned\frontend\node_mo
dules\react-router\lib\components.tsx:225:3)

      27 |
      28 |     function setField<K extends keyof CreateCashBatchInput>(key: K, 
value: CreateCashBatchInput[K]) {
    > 29 |         setForm((prev) => ({ ...prev, [key]: value }))
         |         ^
      30 |     }
      31 |
      32 |     async function handleSave() {

      at printWarning 
(node_modules/react-dom/cjs/react-dom.development.js:86:30)
      at error (node_modules/react-dom/cjs/react-dom.development.js:60:7)
      at warnIfUpdatesNotWrappedWithActDEV 
(node_modules/react-dom/cjs/react-dom.development.js:27628:9)
      at scheduleUpdateOnFiber 
(node_modules/react-dom/cjs/react-dom.development.js:25547:5)
      at dispatchSetState 
(node_modules/react-dom/cjs/react-dom.development.js:16708:7)
      at setField 
(src/finance/CashBatchingPage/CashBatchingCreatePage.tsx:29:9)
      at onChange 
(src/finance/CashBatchingPage/CashBatchingCreatePage.tsx:82:42)
      at HTMLUnknownElement.callCallback 
(node_modules/react-dom/cjs/react-dom.development.js:4164:14)
      at HTMLUnknownElement.callTheUserObjectsOperation 
(node_modules/jsdom/lib/jsdom/living/generated/EventListener.js:26:30)
      at innerInvokeEventListeners 
(node_modules/jsdom/lib/jsdom/living/events/EventTarget-impl.js:350:25)
      at invokeEventListeners 
(node_modules/jsdom/lib/jsdom/living/events/EventTarget-impl.js:286:3)
      at HTMLUnknownElementImpl._dispatch 
(node_modules/jsdom/lib/jsdom/living/events/EventTarget-impl.js:233:9)
      at HTMLUnknownElementImpl.dispatchEvent 
(node_modules/jsdom/lib/jsdom/living/events/EventTarget-impl.js:104:17)
      at HTMLUnknownElement.dispatchEvent 
(node_modules/jsdom/lib/jsdom/living/generated/EventTarget.js:241:34)
      at Object.invokeGuardedCallbackDev 
(node_modules/react-dom/cjs/react-dom.development.js:4213:16)
      at invokeGuardedCallback 
(node_modules/react-dom/cjs/react-dom.development.js:4277:31)
      at invokeGuardedCallbackAndCatchFirstError 
(node_modules/react-dom/cjs/react-dom.development.js:4291:25)
      at executeDispatch 
(node_modules/react-dom/cjs/react-dom.development.js:9041:3)
      at processDispatchQueueItemsInOrder 
(node_modules/react-dom/cjs/react-dom.development.js:9073:7)
      at processDispatchQueue 
(node_modules/react-dom/cjs/react-dom.development.js:9086:5)
      at dispatchEventsForPlugins 
(node_modules/react-dom/cjs/react-dom.development.js:9097:3)
      at node_modules/react-dom/cjs/react-dom.development.js:9288:12
      at batchedUpdates$1 
(node_modules/react-dom/cjs/react-dom.development.js:26179:12)
      at batchedUpdates 
(node_modules/react-dom/cjs/react-dom.development.js:3991:12)
      at dispatchEventForPluginEventSystem 
(node_modules/react-dom/cjs/react-dom.development.js:9287:3)
      at dispatchEventWithEnableCapturePhaseSelectiveHydrationWithoutDiscreteEv
entReplay (node_modules/react-dom/cjs/react-dom.development.js:6465:5)
      at dispatchEvent 
(node_modules/react-dom/cjs/react-dom.development.js:6457:5)
      at dispatchDiscreteEvent 
(node_modules/react-dom/cjs/react-dom.development.js:6430:5)
      at HTMLDivElement.callTheUserObjectsOperation 
(node_modules/jsdom/lib/jsdom/living/generated/EventListener.js:26:30)
      at innerInvokeEventListeners 
(node_modules/jsdom/lib/jsdom/living/events/EventTarget-impl.js:350:25)
      at invokeEventListeners 
(node_modules/jsdom/lib/jsdom/living/events/EventTarget-impl.js:286:3)
      at HTMLInputElementImpl._dispatch 
(node_modules/jsdom/lib/jsdom/living/events/EventTarget-impl.js:233:9)
      at HTMLInputElementImpl.dispatchEvent 
(node_modules/jsdom/lib/jsdom/living/events/EventTarget-impl.js:104:17)
      at HTMLInputElement.dispatchEvent 
(node_modules/jsdom/lib/jsdom/living/generated/EventTarget.js:241:34)
      at 
node_modules/@testing-library/user-event/dist/cjs/event/dispatchEvent.js:45:43
      at Object.eventWrapper 
(node_modules/@testing-library/dom/dist/config.js:25:23)
      at Object.wrapEvent 
(node_modules/@testing-library/user-event/dist/cjs/event/wrapEvent.js:6:28)
      at Object.dispatchEvent (node_modules/@testing-library/user-event/dist/cj
s/event/dispatchEvent.js:45:22)
      at Object.dispatchUIEvent (node_modules/@testing-library/user-event/dist/
cjs/event/dispatchEvent.js:22:26)
      at commitInput 
(node_modules/@testing-library/user-event/dist/cjs/event/input.js:145:14)
      at editInputElement 
(node_modules/@testing-library/user-event/dist/cjs/event/input.js:115:9)
      at Object.input 
(node_modules/@testing-library/user-event/dist/cjs/event/input.js:37:9)
      at Object.clear 
(node_modules/@testing-library/user-event/dist/cjs/utility/clear.js:29:11)
      at node_modules/@testing-library/user-event/dist/cjs/setup/setup.js:85:45
      at Object.asyncWrapper 
(node_modules/@testing-library/dom/dist/config.js:23:23)
      at Object.wrapAsync 
(node_modules/@testing-library/user-event/dist/cjs/setup/wrapAsync.js:8:28)
      at Object.method [as clear] 
(node_modules/@testing-library/user-event/dist/cjs/setup/setup.js:85:26)
      at Object.clear 
(node_modules/@testing-library/user-event/dist/cjs/setup/directApi.js:6:36)
      at Object.<anonymous> (src/finance/__tests__/finance.test.tsx:230:25)

    console.error
      Warning: An update to CashBatchingCreatePage inside a test was not 
wrapped in act(...).
      
      When testing, code that causes React state updates should be wrapped 
into act(...):
      
      act(() => {
        /* fire events that update state */
      });
      /* assert on the output */
      
      This ensures that you're testing the behavior the user would see in the 
browser. Learn more at https://reactjs.org/link/wrap-tests-with-act
          at CashBatchingCreatePage (C:\Users\samhe\OneDrive\Desktop\Cleaned\fr
ontend\src\finance\CashBatchingPage\CashBatchingCreatePage.tsx:22:33)
          at routeContext (C:\Users\samhe\OneDrive\Desktop\Cleaned\frontend\nod
e_modules\react-router\lib\hooks.tsx:658:26)
          at children (C:\Users\samhe\OneDrive\Desktop\Cleaned\frontend\node_mo
dules\react-router\lib\components.tsx:512:3)
          at basenameProp (C:\Users\samhe\OneDrive\Desktop\Cleaned\frontend\nod
e_modules\react-router\lib\components.tsx:421:13)
          at basename (C:\Users\samhe\OneDrive\Desktop\Cleaned\frontend\node_mo
dules\react-router\lib\components.tsx:225:3)

      27 |
      28 |     function setField<K extends keyof CreateCashBatchInput>(key: K, 
value: CreateCashBatchInput[K]) {
    > 29 |         setForm((prev) => ({ ...prev, [key]: value }))
         |         ^
      30 |     }
      31 |
      32 |     async function handleSave() {

      at printWarning 
(node_modules/react-dom/cjs/react-dom.development.js:86:30)
      at error (node_modules/react-dom/cjs/react-dom.development.js:60:7)
      at warnIfUpdatesNotWrappedWithActDEV 
(node_modules/react-dom/cjs/react-dom.development.js:27628:9)
      at scheduleUpdateOnFiber 
(node_modules/react-dom/cjs/react-dom.development.js:25547:5)
      at dispatchSetState 
(node_modules/react-dom/cjs/react-dom.development.js:16708:7)
      at setField 
(src/finance/CashBatchingPage/CashBatchingCreatePage.tsx:29:9)
      at onChange 
(src/finance/CashBatchingPage/CashBatchingCreatePage.tsx:82:42)
      at HTMLUnknownElement.callCallback 
(node_modules/react-dom/cjs/react-dom.development.js:4164:14)
      at HTMLUnknownElement.callTheUserObjectsOperation 
(node_modules/jsdom/lib/jsdom/living/generated/EventListener.js:26:30)
      at innerInvokeEventListeners 
(node_modules/jsdom/lib/jsdom/living/events/EventTarget-impl.js:350:25)
      at invokeEventListeners 
(node_modules/jsdom/lib/jsdom/living/events/EventTarget-impl.js:286:3)
      at HTMLUnknownElementImpl._dispatch 
(node_modules/jsdom/lib/jsdom/living/events/EventTarget-impl.js:233:9)
      at HTMLUnknownElementImpl.dispatchEvent 
(node_modules/jsdom/lib/jsdom/living/events/EventTarget-impl.js:104:17)
      at HTMLUnknownElement.dispatchEvent 
(node_modules/jsdom/lib/jsdom/living/generated/EventTarget.js:241:34)
      at Object.invokeGuardedCallbackDev 
(node_modules/react-dom/cjs/react-dom.development.js:4213:16)
      at invokeGuardedCallback 
(node_modules/react-dom/cjs/react-dom.development.js:4277:31)
      at invokeGuardedCallbackAndCatchFirstError 
(node_modules/react-dom/cjs/react-dom.development.js:4291:25)
      at executeDispatch 
(node_modules/react-dom/cjs/react-dom.development.js:9041:3)
      at processDispatchQueueItemsInOrder 
(node_modules/react-dom/cjs/react-dom.development.js:9073:7)
      at processDispatchQueue 
(node_modules/react-dom/cjs/react-dom.development.js:9086:5)
      at dispatchEventsForPlugins 
(node_modules/react-dom/cjs/react-dom.development.js:9097:3)
      at node_modules/react-dom/cjs/react-dom.development.js:9288:12
      at batchedUpdates$1 
(node_modules/react-dom/cjs/react-dom.development.js:26179:12)
      at batchedUpdates 
(node_modules/react-dom/cjs/react-dom.development.js:3991:12)
      at dispatchEventForPluginEventSystem 
(node_modules/react-dom/cjs/react-dom.development.js:9287:3)
      at dispatchEventWithEnableCapturePhaseSelectiveHydrationWithoutDiscreteEv
entReplay (node_modules/react-dom/cjs/react-dom.development.js:6465:5)
      at dispatchEvent 
(node_modules/react-dom/cjs/react-dom.development.js:6457:5)
      at dispatchDiscreteEvent 
(node_modules/react-dom/cjs/react-dom.development.js:6430:5)
      at HTMLDivElement.callTheUserObjectsOperation 
(node_modules/jsdom/lib/jsdom/living/generated/EventListener.js:26:30)
      at innerInvokeEventListeners 
(node_modules/jsdom/lib/jsdom/living/events/EventTarget-impl.js:350:25)
      at invokeEventListeners 
(node_modules/jsdom/lib/jsdom/living/events/EventTarget-impl.js:286:3)
      at HTMLInputElementImpl._dispatch 
(node_modules/jsdom/lib/jsdom/living/events/EventTarget-impl.js:233:9)
      at HTMLInputElementImpl.dispatchEvent 
(node_modules/jsdom/lib/jsdom/living/events/EventTarget-impl.js:104:17)
      at HTMLInputElement.dispatchEvent 
(node_modules/jsdom/lib/jsdom/living/generated/EventTarget.js:241:34)
      at 
node_modules/@testing-library/user-event/dist/cjs/event/dispatchEvent.js:45:43
      at Object.eventWrapper 
(node_modules/@testing-library/dom/dist/config.js:25:23)
      at Object.wrapEvent 
(node_modules/@testing-library/user-event/dist/cjs/event/wrapEvent.js:6:28)
      at Object.dispatchEvent (node_modules/@testing-library/user-event/dist/cj
s/event/dispatchEvent.js:45:22)
      at Object.dispatchUIEvent (node_modules/@testing-library/user-event/dist/
cjs/event/dispatchEvent.js:22:26)
      at commitInput 
(node_modules/@testing-library/user-event/dist/cjs/event/input.js:145:14)
      at editInputElement 
(node_modules/@testing-library/user-event/dist/cjs/event/input.js:115:9)
      at Object.input 
(node_modules/@testing-library/user-event/dist/cjs/event/input.js:37:9)
      at node_modules/@testing-library/user-event/dist/cjs/event/behavior/keypr
ess.js:31:26
      at Object.dispatchEvent (node_modules/@testing-library/user-event/dist/cj
s/event/dispatchEvent.js:41:13)
      at Object.dispatchUIEvent (node_modules/@testing-library/user-event/dist/
cjs/event/dispatchEvent.js:22:26)
      at KeyboardHost.keydown 
(node_modules/@testing-library/user-event/dist/cjs/system/keyboard.js:76:22)
      at keyboardAction 
(node_modules/@testing-library/user-event/dist/cjs/keyboard/index.js:22:35)
      at Object.keyboard 
(node_modules/@testing-library/user-event/dist/cjs/keyboard/index.js:11:15)
      at Object.type 
(node_modules/@testing-library/user-event/dist/cjs/utility/type.js:17:5)
      at Object.<anonymous> (src/finance/__tests__/finance.test.tsx:231:9)

    console.error
      Warning: An update to CashBatchingCreatePage inside a test was not 
wrapped in act(...).
      
      When testing, code that causes React state updates should be wrapped 
into act(...):
      
      act(() => {
        /* fire events that update state */
      });
      /* assert on the output */
      
      This ensures that you're testing the behavior the user would see in the 
browser. Learn more at https://reactjs.org/link/wrap-tests-with-act
          at CashBatchingCreatePage (C:\Users\samhe\OneDrive\Desktop\Cleaned\fr
ontend\src\finance\CashBatchingPage\CashBatchingCreatePage.tsx:22:33)
          at routeContext (C:\Users\samhe\OneDrive\Desktop\Cleaned\frontend\nod
e_modules\react-router\lib\hooks.tsx:658:26)
          at children (C:\Users\samhe\OneDrive\Desktop\Cleaned\frontend\node_mo
dules\react-router\lib\components.tsx:512:3)
          at basenameProp (C:\Users\samhe\OneDrive\Desktop\Cleaned\frontend\nod
e_modules\react-router\lib\components.tsx:421:13)
          at basename (C:\Users\samhe\OneDrive\Desktop\Cleaned\frontend\node_mo
dules\react-router\lib\components.tsx:225:3)

      27 |
      28 |     function setField<K extends keyof CreateCashBatchInput>(key: K, 
value: CreateCashBatchInput[K]) {
    > 29 |         setForm((prev) => ({ ...prev, [key]: value }))
         |         ^
      30 |     }
      31 |
      32 |     async function handleSave() {

      at printWarning 
(node_modules/react-dom/cjs/react-dom.development.js:86:30)
      at error (node_modules/react-dom/cjs/react-dom.development.js:60:7)
      at warnIfUpdatesNotWrappedWithActDEV 
(node_modules/react-dom/cjs/react-dom.development.js:27628:9)
      at scheduleUpdateOnFiber 
(node_modules/react-dom/cjs/react-dom.development.js:25547:5)
      at dispatchSetState 
(node_modules/react-dom/cjs/react-dom.development.js:16708:7)
      at setField 
(src/finance/CashBatchingPage/CashBatchingCreatePage.tsx:29:9)
      at onChange 
(src/finance/CashBatchingPage/CashBatchingCreatePage.tsx:82:42)
      at HTMLUnknownElement.callCallback 
(node_modules/react-dom/cjs/react-dom.development.js:4164:14)
      at HTMLUnknownElement.callTheUserObjectsOperation 
(node_modules/jsdom/lib/jsdom/living/generated/EventListener.js:26:30)
      at innerInvokeEventListeners 
(node_modules/jsdom/lib/jsdom/living/events/EventTarget-impl.js:350:25)
      at invokeEventListeners 
(node_modules/jsdom/lib/jsdom/living/events/EventTarget-impl.js:286:3)
      at HTMLUnknownElementImpl._dispatch 
(node_modules/jsdom/lib/jsdom/living/events/EventTarget-impl.js:233:9)
      at HTMLUnknownElementImpl.dispatchEvent 
(node_modules/jsdom/lib/jsdom/living/events/EventTarget-impl.js:104:17)
      at HTMLUnknownElement.dispatchEvent 
(node_modules/jsdom/lib/jsdom/living/generated/EventTarget.js:241:34)
      at Object.invokeGuardedCallbackDev 
(node_modules/react-dom/cjs/react-dom.development.js:4213:16)
      at invokeGuardedCallback 
(node_modules/react-dom/cjs/react-dom.development.js:4277:31)
      at invokeGuardedCallbackAndCatchFirstError 
(node_modules/react-dom/cjs/react-dom.development.js:4291:25)
      at executeDispatch 
(node_modules/react-dom/cjs/react-dom.development.js:9041:3)
      at processDispatchQueueItemsInOrder 
(node_modules/react-dom/cjs/react-dom.development.js:9073:7)
      at processDispatchQueue 
(node_modules/react-dom/cjs/react-dom.development.js:9086:5)
      at dispatchEventsForPlugins 
(node_modules/react-dom/cjs/react-dom.development.js:9097:3)
      at node_modules/react-dom/cjs/react-dom.development.js:9288:12
      at batchedUpdates$1 
(node_modules/react-dom/cjs/react-dom.development.js:26179:12)
      at batchedUpdates 
(node_modules/react-dom/cjs/react-dom.development.js:3991:12)
      at dispatchEventForPluginEventSystem 
(node_modules/react-dom/cjs/react-dom.development.js:9287:3)
      at dispatchEventWithEnableCapturePhaseSelectiveHydrationWithoutDiscreteEv
entReplay (node_modules/react-dom/cjs/react-dom.development.js:6465:5)
      at dispatchEvent 
(node_modules/react-dom/cjs/react-dom.development.js:6457:5)
      at dispatchDiscreteEvent 
(node_modules/react-dom/cjs/react-dom.development.js:6430:5)
      at HTMLDivElement.callTheUserObjectsOperation 
(node_modules/jsdom/lib/jsdom/living/generated/EventListener.js:26:30)
      at innerInvokeEventListeners 
(node_modules/jsdom/lib/jsdom/living/events/EventTarget-impl.js:350:25)
      at invokeEventListeners 
(node_modules/jsdom/lib/jsdom/living/events/EventTarget-impl.js:286:3)
      at HTMLInputElementImpl._dispatch 
(node_modules/jsdom/lib/jsdom/living/events/EventTarget-impl.js:233:9)
      at HTMLInputElementImpl.dispatchEvent 
(node_modules/jsdom/lib/jsdom/living/events/EventTarget-impl.js:104:17)
      at HTMLInputElement.dispatchEvent 
(node_modules/jsdom/lib/jsdom/living/generated/EventTarget.js:241:34)
      at 
node_modules/@testing-library/user-event/dist/cjs/event/dispatchEvent.js:45:43
      at Object.eventWrapper 
(node_modules/@testing-library/dom/dist/config.js:25:23)
      at Object.wrapEvent 
(node_modules/@testing-library/user-event/dist/cjs/event/wrapEvent.js:6:28)
      at Object.dispatchEvent (node_modules/@testing-library/user-event/dist/cj
s/event/dispatchEvent.js:45:22)
      at Object.dispatchUIEvent (node_modules/@testing-library/user-event/dist/
cjs/event/dispatchEvent.js:22:26)
      at commitInput 
(node_modules/@testing-library/user-event/dist/cjs/event/input.js:145:14)
      at editInputElement 
(node_modules/@testing-library/user-event/dist/cjs/event/input.js:115:9)
      at Object.input 
(node_modules/@testing-library/user-event/dist/cjs/event/input.js:37:9)
      at node_modules/@testing-library/user-event/dist/cjs/event/behavior/keypr
ess.js:31:26
      at Object.dispatchEvent (node_modules/@testing-library/user-event/dist/cj
s/event/dispatchEvent.js:41:13)
      at Object.dispatchUIEvent (node_modules/@testing-library/user-event/dist/
cjs/event/dispatchEvent.js:22:26)
      at KeyboardHost.keydown 
(node_modules/@testing-library/user-event/dist/cjs/system/keyboard.js:76:22)
      at keyboardAction 
(node_modules/@testing-library/user-event/dist/cjs/keyboard/index.js:22:35)
      at Object.keyboard 
(node_modules/@testing-library/user-event/dist/cjs/keyboard/index.js:11:15)
      at Object.type 
(node_modules/@testing-library/user-event/dist/cjs/utility/type.js:17:5)
      at Object.<anonymous> (src/finance/__tests__/finance.test.tsx:231:9)

    console.error
      Warning: An update to CashBatchingCreatePage inside a test was not 
wrapped in act(...).
      
      When testing, code that causes React state updates should be wrapped 
into act(...):
      
      act(() => {
        /* fire events that update state */
      });
      /* assert on the output */
      
      This ensures that you're testing the behavior the user would see in the 
browser. Learn more at https://reactjs.org/link/wrap-tests-with-act
          at CashBatchingCreatePage (C:\Users\samhe\OneDrive\Desktop\Cleaned\fr
ontend\src\finance\CashBatchingPage\CashBatchingCreatePage.tsx:22:33)
          at routeContext (C:\Users\samhe\OneDrive\Desktop\Cleaned\frontend\nod
e_modules\react-router\lib\hooks.tsx:658:26)
          at children (C:\Users\samhe\OneDrive\Desktop\Cleaned\frontend\node_mo
dules\react-router\lib\components.tsx:512:3)
          at basenameProp (C:\Users\samhe\OneDrive\Desktop\Cleaned\frontend\nod
e_modules\react-router\lib\components.tsx:421:13)
          at basename (C:\Users\samhe\OneDrive\Desktop\Cleaned\frontend\node_mo
dules\react-router\lib\components.tsx:225:3)

      27 |
      28 |     function setField<K extends keyof CreateCashBatchInput>(key: K, 
value: CreateCashBatchInput[K]) {
    > 29 |         setForm((prev) => ({ ...prev, [key]: value }))
         |         ^
      30 |     }
      31 |
      32 |     async function handleSave() {

      at printWarning 
(node_modules/react-dom/cjs/react-dom.development.js:86:30)
      at error (node_modules/react-dom/cjs/react-dom.development.js:60:7)
      at warnIfUpdatesNotWrappedWithActDEV 
(node_modules/react-dom/cjs/react-dom.development.js:27628:9)
      at scheduleUpdateOnFiber 
(node_modules/react-dom/cjs/react-dom.development.js:25547:5)
      at dispatchSetState 
(node_modules/react-dom/cjs/react-dom.development.js:16708:7)
      at setField 
(src/finance/CashBatchingPage/CashBatchingCreatePage.tsx:29:9)
      at onChange 
(src/finance/CashBatchingPage/CashBatchingCreatePage.tsx:82:42)
      at HTMLUnknownElement.callCallback 
(node_modules/react-dom/cjs/react-dom.development.js:4164:14)
      at HTMLUnknownElement.callTheUserObjectsOperation 
(node_modules/jsdom/lib/jsdom/living/generated/EventListener.js:26:30)
      at innerInvokeEventListeners 
(node_modules/jsdom/lib/jsdom/living/events/EventTarget-impl.js:350:25)
      at invokeEventListeners 
(node_modules/jsdom/lib/jsdom/living/events/EventTarget-impl.js:286:3)
      at HTMLUnknownElementImpl._dispatch 
(node_modules/jsdom/lib/jsdom/living/events/EventTarget-impl.js:233:9)
      at HTMLUnknownElementImpl.dispatchEvent 
(node_modules/jsdom/lib/jsdom/living/events/EventTarget-impl.js:104:17)
      at HTMLUnknownElement.dispatchEvent 
(node_modules/jsdom/lib/jsdom/living/generated/EventTarget.js:241:34)
      at Object.invokeGuardedCallbackDev 
(node_modules/react-dom/cjs/react-dom.development.js:4213:16)
      at invokeGuardedCallback 
(node_modules/react-dom/cjs/react-dom.development.js:4277:31)
      at invokeGuardedCallbackAndCatchFirstError 
(node_modules/react-dom/cjs/react-dom.development.js:4291:25)
      at executeDispatch 
(node_modules/react-dom/cjs/react-dom.development.js:9041:3)
      at processDispatchQueueItemsInOrder 
(node_modules/react-dom/cjs/react-dom.development.js:9073:7)
      at processDispatchQueue 
(node_modules/react-dom/cjs/react-dom.development.js:9086:5)
      at dispatchEventsForPlugins 
(node_modules/react-dom/cjs/react-dom.development.js:9097:3)
      at node_modules/react-dom/cjs/react-dom.development.js:9288:12
      at batchedUpdates$1 
(node_modules/react-dom/cjs/react-dom.development.js:26179:12)
      at batchedUpdates 
(node_modules/react-dom/cjs/react-dom.development.js:3991:12)
      at dispatchEventForPluginEventSystem 
(node_modules/react-dom/cjs/react-dom.development.js:9287:3)
      at dispatchEventWithEnableCapturePhaseSelectiveHydrationWithoutDiscreteEv
entReplay (node_modules/react-dom/cjs/react-dom.development.js:6465:5)
      at dispatchEvent 
(node_modules/react-dom/cjs/react-dom.development.js:6457:5)
      at dispatchDiscreteEvent 
(node_modules/react-dom/cjs/react-dom.development.js:6430:5)
      at HTMLDivElement.callTheUserObjectsOperation 
(node_modules/jsdom/lib/jsdom/living/generated/EventListener.js:26:30)
      at innerInvokeEventListeners 
(node_modules/jsdom/lib/jsdom/living/events/EventTarget-impl.js:350:25)
      at invokeEventListeners 
(node_modules/jsdom/lib/jsdom/living/events/EventTarget-impl.js:286:3)
      at HTMLInputElementImpl._dispatch 
(node_modules/jsdom/lib/jsdom/living/events/EventTarget-impl.js:233:9)
      at HTMLInputElementImpl.dispatchEvent 
(node_modules/jsdom/lib/jsdom/living/events/EventTarget-impl.js:104:17)
      at HTMLInputElement.dispatchEvent 
(node_modules/jsdom/lib/jsdom/living/generated/EventTarget.js:241:34)
      at 
node_modules/@testing-library/user-event/dist/cjs/event/dispatchEvent.js:45:43
      at Object.eventWrapper 
(node_modules/@testing-library/dom/dist/config.js:25:23)
      at Object.wrapEvent 
(node_modules/@testing-library/user-event/dist/cjs/event/wrapEvent.js:6:28)
      at Object.dispatchEvent (node_modules/@testing-library/user-event/dist/cj
s/event/dispatchEvent.js:45:22)
      at Object.dispatchUIEvent (node_modules/@testing-library/user-event/dist/
cjs/event/dispatchEvent.js:22:26)
      at commitInput 
(node_modules/@testing-library/user-event/dist/cjs/event/input.js:145:14)
      at editInputElement 
(node_modules/@testing-library/user-event/dist/cjs/event/input.js:115:9)
      at Object.input 
(node_modules/@testing-library/user-event/dist/cjs/event/input.js:37:9)
      at node_modules/@testing-library/user-event/dist/cjs/event/behavior/keypr
ess.js:31:26
      at Object.dispatchEvent (node_modules/@testing-library/user-event/dist/cj
s/event/dispatchEvent.js:41:13)
      at Object.dispatchUIEvent (node_modules/@testing-library/user-event/dist/
cjs/event/dispatchEvent.js:22:26)
      at KeyboardHost.keydown 
(node_modules/@testing-library/user-event/dist/cjs/system/keyboard.js:76:22)
      at keyboardAction 
(node_modules/@testing-library/user-event/dist/cjs/keyboard/index.js:22:35)
      at Object.keyboard 
(node_modules/@testing-library/user-event/dist/cjs/keyboard/index.js:11:15)
      at Object.type 
(node_modules/@testing-library/user-event/dist/cjs/utility/type.js:17:5)
      at Object.<anonymous> (src/finance/__tests__/finance.test.tsx:231:9)

    console.error
      Warning: An update to CashBatchingCreatePage inside a test was not 
wrapped in act(...).
      
      When testing, code that causes React state updates should be wrapped 
into act(...):
      
      act(() => {
        /* fire events that update state */
      });
      /* assert on the output */
      
      This ensures that you're testing the behavior the user would see in the 
browser. Learn more at https://reactjs.org/link/wrap-tests-with-act
          at CashBatchingCreatePage (C:\Users\samhe\OneDrive\Desktop\Cleaned\fr
ontend\src\finance\CashBatchingPage\CashBatchingCreatePage.tsx:22:33)
          at routeContext (C:\Users\samhe\OneDrive\Desktop\Cleaned\frontend\nod
e_modules\react-router\lib\hooks.tsx:658:26)
          at children (C:\Users\samhe\OneDrive\Desktop\Cleaned\frontend\node_mo
dules\react-router\lib\components.tsx:512:3)
          at basenameProp (C:\Users\samhe\OneDrive\Desktop\Cleaned\frontend\nod
e_modules\react-router\lib\components.tsx:421:13)
          at basename (C:\Users\samhe\OneDrive\Desktop\Cleaned\frontend\node_mo
dules\react-router\lib\components.tsx:225:3)

      27 |
      28 |     function setField<K extends keyof CreateCashBatchInput>(key: K, 
value: CreateCashBatchInput[K]) {
    > 29 |         setForm((prev) => ({ ...prev, [key]: value }))
         |         ^
      30 |     }
      31 |
      32 |     async function handleSave() {

      at printWarning 
(node_modules/react-dom/cjs/react-dom.development.js:86:30)
      at error (node_modules/react-dom/cjs/react-dom.development.js:60:7)
      at warnIfUpdatesNotWrappedWithActDEV 
(node_modules/react-dom/cjs/react-dom.development.js:27628:9)
      at scheduleUpdateOnFiber 
(node_modules/react-dom/cjs/react-dom.development.js:25547:5)
      at dispatchSetState 
(node_modules/react-dom/cjs/react-dom.development.js:16708:7)
      at setField 
(src/finance/CashBatchingPage/CashBatchingCreatePage.tsx:29:9)
      at onChange 
(src/finance/CashBatchingPage/CashBatchingCreatePage.tsx:82:42)
      at HTMLUnknownElement.callCallback 
(node_modules/react-dom/cjs/react-dom.development.js:4164:14)
      at HTMLUnknownElement.callTheUserObjectsOperation 
(node_modules/jsdom/lib/jsdom/living/generated/EventListener.js:26:30)
      at innerInvokeEventListeners 
(node_modules/jsdom/lib/jsdom/living/events/EventTarget-impl.js:350:25)
      at invokeEventListeners 
(node_modules/jsdom/lib/jsdom/living/events/EventTarget-impl.js:286:3)
      at HTMLUnknownElementImpl._dispatch 
(node_modules/jsdom/lib/jsdom/living/events/EventTarget-impl.js:233:9)
      at HTMLUnknownElementImpl.dispatchEvent 
(node_modules/jsdom/lib/jsdom/living/events/EventTarget-impl.js:104:17)
      at HTMLUnknownElement.dispatchEvent 
(node_modules/jsdom/lib/jsdom/living/generated/EventTarget.js:241:34)
      at Object.invokeGuardedCallbackDev 
(node_modules/react-dom/cjs/react-dom.development.js:4213:16)
      at invokeGuardedCallback 
(node_modules/react-dom/cjs/react-dom.development.js:4277:31)
      at invokeGuardedCallbackAndCatchFirstError 
(node_modules/react-dom/cjs/react-dom.development.js:4291:25)
      at executeDispatch 
(node_modules/react-dom/cjs/react-dom.development.js:9041:3)
      at processDispatchQueueItemsInOrder 
(node_modules/react-dom/cjs/react-dom.development.js:9073:7)
      at processDispatchQueue 
(node_modules/react-dom/cjs/react-dom.development.js:9086:5)
      at dispatchEventsForPlugins 
(node_modules/react-dom/cjs/react-dom.development.js:9097:3)
      at node_modules/react-dom/cjs/react-dom.development.js:9288:12
      at batchedUpdates$1 
(node_modules/react-dom/cjs/react-dom.development.js:26179:12)
      at batchedUpdates 
(node_modules/react-dom/cjs/react-dom.development.js:3991:12)
      at dispatchEventForPluginEventSystem 
(node_modules/react-dom/cjs/react-dom.development.js:9287:3)
      at dispatchEventWithEnableCapturePhaseSelectiveHydrationWithoutDiscreteEv
entReplay (node_modules/react-dom/cjs/react-dom.development.js:6465:5)
      at dispatchEvent 
(node_modules/react-dom/cjs/react-dom.development.js:6457:5)
      at dispatchDiscreteEvent 
(node_modules/react-dom/cjs/react-dom.development.js:6430:5)
      at HTMLDivElement.callTheUserObjectsOperation 
(node_modules/jsdom/lib/jsdom/living/generated/EventListener.js:26:30)
      at innerInvokeEventListeners 
(node_modules/jsdom/lib/jsdom/living/events/EventTarget-impl.js:350:25)
      at invokeEventListeners 
(node_modules/jsdom/lib/jsdom/living/events/EventTarget-impl.js:286:3)
      at HTMLInputElementImpl._dispatch 
(node_modules/jsdom/lib/jsdom/living/events/EventTarget-impl.js:233:9)
      at HTMLInputElementImpl.dispatchEvent 
(node_modules/jsdom/lib/jsdom/living/events/EventTarget-impl.js:104:17)
      at HTMLInputElement.dispatchEvent 
(node_modules/jsdom/lib/jsdom/living/generated/EventTarget.js:241:34)
      at 
node_modules/@testing-library/user-event/dist/cjs/event/dispatchEvent.js:45:43
      at Object.eventWrapper 
(node_modules/@testing-library/dom/dist/config.js:25:23)
      at Object.wrapEvent 
(node_modules/@testing-library/user-event/dist/cjs/event/wrapEvent.js:6:28)
      at Object.dispatchEvent (node_modules/@testing-library/user-event/dist/cj
s/event/dispatchEvent.js:45:22)
      at Object.dispatchUIEvent (node_modules/@testing-library/user-event/dist/
cjs/event/dispatchEvent.js:22:26)
      at commitInput 
(node_modules/@testing-library/user-event/dist/cjs/event/input.js:145:14)
      at editInputElement 
(node_modules/@testing-library/user-event/dist/cjs/event/input.js:115:9)
      at Object.input 
(node_modules/@testing-library/user-event/dist/cjs/event/input.js:37:9)
      at node_modules/@testing-library/user-event/dist/cjs/event/behavior/keypr
ess.js:31:26
      at Object.dispatchEvent (node_modules/@testing-library/user-event/dist/cj
s/event/dispatchEvent.js:41:13)
      at Object.dispatchUIEvent (node_modules/@testing-library/user-event/dist/
cjs/event/dispatchEvent.js:22:26)
      at KeyboardHost.keydown 
(node_modules/@testing-library/user-event/dist/cjs/system/keyboard.js:76:22)
      at keyboardAction 
(node_modules/@testing-library/user-event/dist/cjs/keyboard/index.js:22:35)
      at Object.keyboard 
(node_modules/@testing-library/user-event/dist/cjs/keyboard/index.js:11:15)
      at Object.type 
(node_modules/@testing-library/user-event/dist/cjs/utility/type.js:17:5)
      at Object.<anonymous> (src/finance/__tests__/finance.test.tsx:231:9)

    console.error
      Warning: An update to CashBatchingCreatePage inside a test was not 
wrapped in act(...).
      
      When testing, code that causes React state updates should be wrapped 
into act(...):
      
      act(() => {
        /* fire events that update state */
      });
      /* assert on the output */
      
      This ensures that you're testing the behavior the user would see in the 
browser. Learn more at https://reactjs.org/link/wrap-tests-with-act
          at CashBatchingCreatePage (C:\Users\samhe\OneDrive\Desktop\Cleaned\fr
ontend\src\finance\CashBatchingPage\CashBatchingCreatePage.tsx:22:33)
          at routeContext (C:\Users\samhe\OneDrive\Desktop\Cleaned\frontend\nod
e_modules\react-router\lib\hooks.tsx:658:26)
          at children (C:\Users\samhe\OneDrive\Desktop\Cleaned\frontend\node_mo
dules\react-router\lib\components.tsx:512:3)
          at basenameProp (C:\Users\samhe\OneDrive\Desktop\Cleaned\frontend\nod
e_modules\react-router\lib\components.tsx:421:13)
          at basename (C:\Users\samhe\OneDrive\Desktop\Cleaned\frontend\node_mo
dules\react-router\lib\components.tsx:225:3)

      39 |             return
      40 |         }
    > 41 |         setSaving(true)
         |         ^
      42 |         try {
      43 |             await createCashBatch(form)
      44 |             addNotification('Cash batch created successfully.', 
'success')

      at printWarning 
(node_modules/react-dom/cjs/react-dom.development.js:86:30)
      at error (node_modules/react-dom/cjs/react-dom.development.js:60:7)
      at warnIfUpdatesNotWrappedWithActDEV 
(node_modules/react-dom/cjs/react-dom.development.js:27628:9)
      at scheduleUpdateOnFiber 
(node_modules/react-dom/cjs/react-dom.development.js:25547:5)
      at dispatchSetState 
(node_modules/react-dom/cjs/react-dom.development.js:16708:7)
      at handleSave 
(src/finance/CashBatchingPage/CashBatchingCreatePage.tsx:41:9)
      at HTMLUnknownElement.callCallback 
(node_modules/react-dom/cjs/react-dom.development.js:4164:14)
      at HTMLUnknownElement.callTheUserObjectsOperation 
(node_modules/jsdom/lib/jsdom/living/generated/EventListener.js:26:30)
      at innerInvokeEventListeners 
(node_modules/jsdom/lib/jsdom/living/events/EventTarget-impl.js:350:25)
      at invokeEventListeners 
(node_modules/jsdom/lib/jsdom/living/events/EventTarget-impl.js:286:3)
      at HTMLUnknownElementImpl._dispatch 
(node_modules/jsdom/lib/jsdom/living/events/EventTarget-impl.js:233:9)
      at HTMLUnknownElementImpl.dispatchEvent 
(node_modules/jsdom/lib/jsdom/living/events/EventTarget-impl.js:104:17)
      at HTMLUnknownElement.dispatchEvent 
(node_modules/jsdom/lib/jsdom/living/generated/EventTarget.js:241:34)
      at Object.invokeGuardedCallbackDev 
(node_modules/react-dom/cjs/react-dom.development.js:4213:16)
      at invokeGuardedCallback 
(node_modules/react-dom/cjs/react-dom.development.js:4277:31)
      at invokeGuardedCallbackAndCatchFirstError 
(node_modules/react-dom/cjs/react-dom.development.js:4291:25)
      at executeDispatch 
(node_modules/react-dom/cjs/react-dom.development.js:9041:3)
      at processDispatchQueueItemsInOrder 
(node_modules/react-dom/cjs/react-dom.development.js:9073:7)
      at processDispatchQueue 
(node_modules/react-dom/cjs/react-dom.development.js:9086:5)
      at dispatchEventsForPlugins 
(node_modules/react-dom/cjs/react-dom.development.js:9097:3)
      at node_modules/react-dom/cjs/react-dom.development.js:9288:12
      at batchedUpdates$1 
(node_modules/react-dom/cjs/react-dom.development.js:26179:12)
      at batchedUpdates 
(node_modules/react-dom/cjs/react-dom.development.js:3991:12)
      at dispatchEventForPluginEventSystem 
(node_modules/react-dom/cjs/react-dom.development.js:9287:3)
      at dispatchEventWithEnableCapturePhaseSelectiveHydrationWithoutDiscreteEv
entReplay (node_modules/react-dom/cjs/react-dom.development.js:6465:5)
      at dispatchEvent 
(node_modules/react-dom/cjs/react-dom.development.js:6457:5)
      at dispatchDiscreteEvent 
(node_modules/react-dom/cjs/react-dom.development.js:6430:5)
      at HTMLDivElement.callTheUserObjectsOperation 
(node_modules/jsdom/lib/jsdom/living/generated/EventListener.js:26:30)
      at innerInvokeEventListeners 
(node_modules/jsdom/lib/jsdom/living/events/EventTarget-impl.js:350:25)
      at invokeEventListeners 
(node_modules/jsdom/lib/jsdom/living/events/EventTarget-impl.js:286:3)
      at HTMLButtonElementImpl._dispatch 
(node_modules/jsdom/lib/jsdom/living/events/EventTarget-impl.js:233:9)
      at HTMLButtonElementImpl.dispatchEvent 
(node_modules/jsdom/lib/jsdom/living/events/EventTarget-impl.js:104:17)
      at HTMLButtonElement.dispatchEvent 
(node_modules/jsdom/lib/jsdom/living/generated/EventTarget.js:241:34)
      at 
node_modules/@testing-library/user-event/dist/cjs/event/dispatchEvent.js:45:43
      at Object.eventWrapper 
(node_modules/@testing-library/dom/dist/config.js:25:23)
      at Object.wrapEvent 
(node_modules/@testing-library/user-event/dist/cjs/event/wrapEvent.js:6:28)
      at Object.dispatchEvent (node_modules/@testing-library/user-event/dist/cj
s/event/dispatchEvent.js:45:22)
      at Object.dispatchUIEvent (node_modules/@testing-library/user-event/dist/
cjs/event/dispatchEvent.js:22:26)
      at Mouse.up (node_modules/@testing-library/user-event/dist/cjs/system/poi
nter/mouse.js:100:30)
      at PointerHost.release (node_modules/@testing-library/user-event/dist/cjs
/system/pointer/index.js:87:24)
      at pointerAction 
(node_modules/@testing-library/user-event/dist/cjs/pointer/index.js:54:47)
      at Object.pointer 
(node_modules/@testing-library/user-event/dist/cjs/pointer/index.js:27:9)
      at Object.<anonymous> (src/finance/__tests__/finance.test.tsx:232:9)

    console.error
      Warning: An update to MemoryRouter inside a test was not wrapped in 
act(...).
      
      When testing, code that causes React state updates should be wrapped 
into act(...):
      
      act(() => {
        /* fire events that update state */
      });
      /* assert on the output */
      
      This ensures that you're testing the behavior the user would see in the 
browser. Learn more at https://reactjs.org/link/wrap-tests-with-act
          at basename (C:\Users\samhe\OneDrive\Desktop\Cleaned\frontend\node_mo
dules\react-router\lib\components.tsx:225:3)

      43 |             await createCashBatch(form)
      44 |             addNotification('Cash batch created successfully.', 
'success')
    > 45 |             navigate('/finance/cash-batching')
         |             ^
      46 |         } catch {
      47 |             addNotification('Could not create cash batch.', 'error')
      48 |         } finally {

      at printWarning 
(node_modules/react-dom/cjs/react-dom.development.js:86:30)
      at error (node_modules/react-dom/cjs/react-dom.development.js:60:7)
      at warnIfUpdatesNotWrappedWithActDEV 
(node_modules/react-dom/cjs/react-dom.development.js:27628:9)
      at scheduleUpdateOnFiber 
(node_modules/react-dom/cjs/react-dom.development.js:25547:5)
      at dispatchSetState 
(node_modules/react-dom/cjs/react-dom.development.js:16708:7)
      at setStateImpl (node_modules/react-router/lib/components.tsx:250:11)
      at listener (node_modules/@remix-run/router/history.ts:306:9)
      at node_modules/react-router/lib/hooks.tsx:243:62
      at handleSave 
(src/finance/CashBatchingPage/CashBatchingCreatePage.tsx:45:13)

    console.error
      Warning: An update to CashBatchingCreatePage inside a test was not 
wrapped in act(...).
      
      When testing, code that causes React state updates should be wrapped 
into act(...):
      
      act(() => {
        /* fire events that update state */
      });
      /* assert on the output */
      
      This ensures that you're testing the behavior the user would see in the 
browser. Learn more at https://reactjs.org/link/wrap-tests-with-act
          at CashBatchingCreatePage (C:\Users\samhe\OneDrive\Desktop\Cleaned\fr
ontend\src\finance\CashBatchingPage\CashBatchingCreatePage.tsx:22:33)
          at routeContext (C:\Users\samhe\OneDrive\Desktop\Cleaned\frontend\nod
e_modules\react-router\lib\hooks.tsx:658:26)
          at children (C:\Users\samhe\OneDrive\Desktop\Cleaned\frontend\node_mo
dules\react-router\lib\components.tsx:512:3)
          at basenameProp (C:\Users\samhe\OneDrive\Desktop\Cleaned\frontend\nod
e_modules\react-router\lib\components.tsx:421:13)
          at basename (C:\Users\samhe\OneDrive\Desktop\Cleaned\frontend\node_mo
dules\react-router\lib\components.tsx:225:3)

      47 |             addNotification('Could not create cash batch.', 'error')
      48 |         } finally {
    > 49 |             setSaving(false)
         |             ^
      50 |         }
      51 |     }
      52 |

      at printWarning 
(node_modules/react-dom/cjs/react-dom.development.js:86:30)
      at error (node_modules/react-dom/cjs/react-dom.development.js:60:7)
      at warnIfUpdatesNotWrappedWithActDEV 
(node_modules/react-dom/cjs/react-dom.development.js:27628:9)
      at scheduleUpdateOnFiber 
(node_modules/react-dom/cjs/react-dom.development.js:25547:5)
      at dispatchSetState 
(node_modules/react-dom/cjs/react-dom.development.js:16708:7)
      at handleSave 
(src/finance/CashBatchingPage/CashBatchingCreatePage.tsx:49:13)

    console.error
      Warning: An update to MemoryRouter inside a test was not wrapped in 
act(...).
      
      When testing, code that causes React state updates should be wrapped 
into act(...):
      
      act(() => {
        /* fire events that update state */
      });
      /* assert on the output */
      
      This ensures that you're testing the behavior the user would see in the 
browser. Learn more at https://reactjs.org/link/wrap-tests-with-act
          at basename (C:\Users\samhe\OneDrive\Desktop\Cleaned\frontend\node_mo
dules\react-router\lib\components.tsx:225:3)

      127 |                     <button
      128 |                         type="button"
    > 129 |                         onClick={() => 
navigate('/finance/cash-batching')}
          |                                        ^
      130 |                         className="px-4 py-2 bg-white border 
border-gray-300 text-gray-700 rounded-lg text-sm font-medium hover:bg-gray-100"
      131 |                     >
      132 |                         Cancel

      at printWarning 
(node_modules/react-dom/cjs/react-dom.development.js:86:30)
      at error (node_modules/react-dom/cjs/react-dom.development.js:60:7)
      at warnIfUpdatesNotWrappedWithActDEV 
(node_modules/react-dom/cjs/react-dom.development.js:27628:9)
      at scheduleUpdateOnFiber 
(node_modules/react-dom/cjs/react-dom.development.js:25547:5)
      at dispatchSetState 
(node_modules/react-dom/cjs/react-dom.development.js:16708:7)
      at setStateImpl (node_modules/react-router/lib/components.tsx:250:11)
      at listener (node_modules/@remix-run/router/history.ts:306:9)
      at node_modules/react-router/lib/hooks.tsx:243:62
      at onClick 
(src/finance/CashBatchingPage/CashBatchingCreatePage.tsx:129:40)
      at HTMLUnknownElement.callCallback 
(node_modules/react-dom/cjs/react-dom.development.js:4164:14)
      at HTMLUnknownElement.callTheUserObjectsOperation 
(node_modules/jsdom/lib/jsdom/living/generated/EventListener.js:26:30)
      at innerInvokeEventListeners 
(node_modules/jsdom/lib/jsdom/living/events/EventTarget-impl.js:350:25)
      at invokeEventListeners 
(node_modules/jsdom/lib/jsdom/living/events/EventTarget-impl.js:286:3)
      at HTMLUnknownElementImpl._dispatch 
(node_modules/jsdom/lib/jsdom/living/events/EventTarget-impl.js:233:9)
      at HTMLUnknownElementImpl.dispatchEvent 
(node_modules/jsdom/lib/jsdom/living/events/EventTarget-impl.js:104:17)
      at HTMLUnknownElement.dispatchEvent 
(node_modules/jsdom/lib/jsdom/living/generated/EventTarget.js:241:34)
      at Object.invokeGuardedCallbackDev 
(node_modules/react-dom/cjs/react-dom.development.js:4213:16)
      at invokeGuardedCallback 
(node_modules/react-dom/cjs/react-dom.development.js:4277:31)
      at invokeGuardedCallbackAndCatchFirstError 
(node_modules/react-dom/cjs/react-dom.development.js:4291:25)
      at executeDispatch 
(node_modules/react-dom/cjs/react-dom.development.js:9041:3)
      at processDispatchQueueItemsInOrder 
(node_modules/react-dom/cjs/react-dom.development.js:9073:7)
      at processDispatchQueue 
(node_modules/react-dom/cjs/react-dom.development.js:9086:5)
      at dispatchEventsForPlugins 
(node_modules/react-dom/cjs/react-dom.development.js:9097:3)
      at node_modules/react-dom/cjs/react-dom.development.js:9288:12
      at batchedUpdates$1 
(node_modules/react-dom/cjs/react-dom.development.js:26179:12)
      at batchedUpdates 
(node_modules/react-dom/cjs/react-dom.development.js:3991:12)
      at dispatchEventForPluginEventSystem 
(node_modules/react-dom/cjs/react-dom.development.js:9287:3)
      at dispatchEventWithEnableCapturePhaseSelectiveHydrationWithoutDiscreteEv
entReplay (node_modules/react-dom/cjs/react-dom.development.js:6465:5)
      at dispatchEvent 
(node_modules/react-dom/cjs/react-dom.development.js:6457:5)
      at dispatchDiscreteEvent 
(node_modules/react-dom/cjs/react-dom.development.js:6430:5)
      at HTMLDivElement.callTheUserObjectsOperation 
(node_modules/jsdom/lib/jsdom/living/generated/EventListener.js:26:30)
      at innerInvokeEventListeners 
(node_modules/jsdom/lib/jsdom/living/events/EventTarget-impl.js:350:25)
      at invokeEventListeners 
(node_modules/jsdom/lib/jsdom/living/events/EventTarget-impl.js:286:3)
      at HTMLButtonElementImpl._dispatch 
(node_modules/jsdom/lib/jsdom/living/events/EventTarget-impl.js:233:9)
      at HTMLButtonElementImpl.dispatchEvent 
(node_modules/jsdom/lib/jsdom/living/events/EventTarget-impl.js:104:17)
      at HTMLButtonElement.dispatchEvent 
(node_modules/jsdom/lib/jsdom/living/generated/EventTarget.js:241:34)
      at 
node_modules/@testing-library/user-event/dist/cjs/event/dispatchEvent.js:45:43
      at Object.eventWrapper 
(node_modules/@testing-library/dom/dist/config.js:25:23)
      at Object.wrapEvent 
(node_modules/@testing-library/user-event/dist/cjs/event/wrapEvent.js:6:28)
      at Object.dispatchEvent (node_modules/@testing-library/user-event/dist/cj
s/event/dispatchEvent.js:45:22)
      at Object.dispatchUIEvent (node_modules/@testing-library/user-event/dist/
cjs/event/dispatchEvent.js:22:26)
      at Mouse.up (node_modules/@testing-library/user-event/dist/cjs/system/poi
nter/mouse.js:100:30)
      at PointerHost.release (node_modules/@testing-library/user-event/dist/cjs
/system/pointer/index.js:87:24)
      at pointerAction 
(node_modules/@testing-library/user-event/dist/cjs/pointer/index.js:54:47)
      at Object.pointer 
(node_modules/@testing-library/user-event/dist/cjs/pointer/index.js:27:9)
      at Object.<anonymous> (src/finance/__tests__/finance.test.tsx:240:9)

    console.error
      Warning: An update to CashBatchingCreatePage inside a test was not 
wrapped in act(...).
      
      When testing, code that causes React state updates should be wrapped 
into act(...):
      
      act(() => {
        /* fire events that update state */
      });
      /* assert on the output */
      
      This ensures that you're testing the behavior the user would see in the 
browser. Learn more at https://reactjs.org/link/wrap-tests-with-act
          at CashBatchingCreatePage (C:\Users\samhe\OneDrive\Desktop\Cleaned\fr
ontend\src\finance\CashBatchingPage\CashBatchingCreatePage.tsx:22:33)
          at routeContext (C:\Users\samhe\OneDrive\Desktop\Cleaned\frontend\nod
e_modules\react-router\lib\hooks.tsx:658:26)
          at children (C:\Users\samhe\OneDrive\Desktop\Cleaned\frontend\node_mo
dules\react-router\lib\components.tsx:512:3)
          at basenameProp (C:\Users\samhe\OneDrive\Desktop\Cleaned\frontend\nod
e_modules\react-router\lib\components.tsx:421:13)
          at basename (C:\Users\samhe\OneDrive\Desktop\Cleaned\frontend\node_mo
dules\react-router\lib\components.tsx:225:3)

      27 |
      28 |     function setField<K extends keyof CreateCashBatchInput>(key: K, 
value: CreateCashBatchInput[K]) {
    > 29 |         setForm((prev) => ({ ...prev, [key]: value }))
         |         ^
      30 |     }
      31 |
      32 |     async function handleSave() {

      at printWarning 
(node_modules/react-dom/cjs/react-dom.development.js:86:30)
      at error (node_modules/react-dom/cjs/react-dom.development.js:60:7)
      at warnIfUpdatesNotWrappedWithActDEV 
(node_modules/react-dom/cjs/react-dom.development.js:27628:9)
      at scheduleUpdateOnFiber 
(node_modules/react-dom/cjs/react-dom.development.js:25547:5)
      at dispatchSetState 
(node_modules/react-dom/cjs/react-dom.development.js:16708:7)
      at setField 
(src/finance/CashBatchingPage/CashBatchingCreatePage.tsx:29:9)
      at onChange 
(src/finance/CashBatchingPage/CashBatchingCreatePage.tsx:68:42)
      at HTMLUnknownElement.callCallback 
(node_modules/react-dom/cjs/react-dom.development.js:4164:14)
      at HTMLUnknownElement.callTheUserObjectsOperation 
(node_modules/jsdom/lib/jsdom/living/generated/EventListener.js:26:30)
      at innerInvokeEventListeners 
(node_modules/jsdom/lib/jsdom/living/events/EventTarget-impl.js:350:25)
      at invokeEventListeners 
(node_modules/jsdom/lib/jsdom/living/events/EventTarget-impl.js:286:3)
      at HTMLUnknownElementImpl._dispatch 
(node_modules/jsdom/lib/jsdom/living/events/EventTarget-impl.js:233:9)
      at HTMLUnknownElementImpl.dispatchEvent 
(node_modules/jsdom/lib/jsdom/living/events/EventTarget-impl.js:104:17)
      at HTMLUnknownElement.dispatchEvent 
(node_modules/jsdom/lib/jsdom/living/generated/EventTarget.js:241:34)
      at Object.invokeGuardedCallbackDev 
(node_modules/react-dom/cjs/react-dom.development.js:4213:16)
      at invokeGuardedCallback 
(node_modules/react-dom/cjs/react-dom.development.js:4277:31)
      at invokeGuardedCallbackAndCatchFirstError 
(node_modules/react-dom/cjs/react-dom.development.js:4291:25)
      at executeDispatch 
(node_modules/react-dom/cjs/react-dom.development.js:9041:3)
      at processDispatchQueueItemsInOrder 
(node_modules/react-dom/cjs/react-dom.development.js:9073:7)
      at processDispatchQueue 
(node_modules/react-dom/cjs/react-dom.development.js:9086:5)
      at dispatchEventsForPlugins 
(node_modules/react-dom/cjs/react-dom.development.js:9097:3)
      at node_modules/react-dom/cjs/react-dom.development.js:9288:12
      at batchedUpdates$1 
(node_modules/react-dom/cjs/react-dom.development.js:26179:12)
      at batchedUpdates 
(node_modules/react-dom/cjs/react-dom.development.js:3991:12)
      at dispatchEventForPluginEventSystem 
(node_modules/react-dom/cjs/react-dom.development.js:9287:3)
      at dispatchEventWithEnableCapturePhaseSelectiveHydrationWithoutDiscreteEv
entReplay (node_modules/react-dom/cjs/react-dom.development.js:6465:5)
      at dispatchEvent 
(node_modules/react-dom/cjs/react-dom.development.js:6457:5)
      at dispatchDiscreteEvent 
(node_modules/react-dom/cjs/react-dom.development.js:6430:5)
      at HTMLDivElement.callTheUserObjectsOperation 
(node_modules/jsdom/lib/jsdom/living/generated/EventListener.js:26:30)
      at innerInvokeEventListeners 
(node_modules/jsdom/lib/jsdom/living/events/EventTarget-impl.js:350:25)
      at invokeEventListeners 
(node_modules/jsdom/lib/jsdom/living/events/EventTarget-impl.js:286:3)
      at HTMLInputElementImpl._dispatch 
(node_modules/jsdom/lib/jsdom/living/events/EventTarget-impl.js:233:9)
      at HTMLInputElementImpl.dispatchEvent 
(node_modules/jsdom/lib/jsdom/living/events/EventTarget-impl.js:104:17)
      at HTMLInputElement.dispatchEvent 
(node_modules/jsdom/lib/jsdom/living/generated/EventTarget.js:241:34)
      at 
node_modules/@testing-library/user-event/dist/cjs/event/dispatchEvent.js:45:43
      at Object.eventWrapper 
(node_modules/@testing-library/dom/dist/config.js:25:23)
      at Object.wrapEvent 
(node_modules/@testing-library/user-event/dist/cjs/event/wrapEvent.js:6:28)
      at Object.dispatchEvent (node_modules/@testing-library/user-event/dist/cj
s/event/dispatchEvent.js:45:22)
      at Object.dispatchUIEvent (node_modules/@testing-library/user-event/dist/
cjs/event/dispatchEvent.js:22:26)
      at commitInput 
(node_modules/@testing-library/user-event/dist/cjs/event/input.js:145:14)
      at editInputElement 
(node_modules/@testing-library/user-event/dist/cjs/event/input.js:115:9)
      at Object.input 
(node_modules/@testing-library/user-event/dist/cjs/event/input.js:37:9)
      at node_modules/@testing-library/user-event/dist/cjs/event/behavior/keypr
ess.js:31:26
      at Object.dispatchEvent (node_modules/@testing-library/user-event/dist/cj
s/event/dispatchEvent.js:41:13)
      at Object.dispatchUIEvent (node_modules/@testing-library/user-event/dist/
cjs/event/dispatchEvent.js:22:26)
      at KeyboardHost.keydown 
(node_modules/@testing-library/user-event/dist/cjs/system/keyboard.js:76:22)
      at keyboardAction 
(node_modules/@testing-library/user-event/dist/cjs/keyboard/index.js:22:35)
      at Object.keyboard 
(node_modules/@testing-library/user-event/dist/cjs/keyboard/index.js:11:15)
      at Object.type 
(node_modules/@testing-library/user-event/dist/cjs/utility/type.js:17:5)
      at Object.<anonymous> (src/finance/__tests__/finance.test.tsx:249:9)

    console.error
      Warning: An update to CashBatchingCreatePage inside a test was not 
wrapped in act(...).
      
      When testing, code that causes React state updates should be wrapped 
into act(...):
      
      act(() => {
        /* fire events that update state */
      });
      /* assert on the output */
      
      This ensures that you're testing the behavior the user would see in the 
browser. Learn more at https://reactjs.org/link/wrap-tests-with-act
          at CashBatchingCreatePage (C:\Users\samhe\OneDrive\Desktop\Cleaned\fr
ontend\src\finance\CashBatchingPage\CashBatchingCreatePage.tsx:22:33)
          at routeContext (C:\Users\samhe\OneDrive\Desktop\Cleaned\frontend\nod
e_modules\react-router\lib\hooks.tsx:658:26)
          at children (C:\Users\samhe\OneDrive\Desktop\Cleaned\frontend\node_mo
dules\react-router\lib\components.tsx:512:3)
          at basenameProp (C:\Users\samhe\OneDrive\Desktop\Cleaned\frontend\nod
e_modules\react-router\lib\components.tsx:421:13)
          at basename (C:\Users\samhe\OneDrive\Desktop\Cleaned\frontend\node_mo
dules\react-router\lib\components.tsx:225:3)

      27 |
      28 |     function setField<K extends keyof CreateCashBatchInput>(key: K, 
value: CreateCashBatchInput[K]) {
    > 29 |         setForm((prev) => ({ ...prev, [key]: value }))
         |         ^
      30 |     }
      31 |
      32 |     async function handleSave() {

      at printWarning 
(node_modules/react-dom/cjs/react-dom.development.js:86:30)
      at error (node_modules/react-dom/cjs/react-dom.development.js:60:7)
      at warnIfUpdatesNotWrappedWithActDEV 
(node_modules/react-dom/cjs/react-dom.development.js:27628:9)
      at scheduleUpdateOnFiber 
(node_modules/react-dom/cjs/react-dom.development.js:25547:5)
      at dispatchSetState 
(node_modules/react-dom/cjs/react-dom.development.js:16708:7)
      at setField 
(src/finance/CashBatchingPage/CashBatchingCreatePage.tsx:29:9)
      at onChange 
(src/finance/CashBatchingPage/CashBatchingCreatePage.tsx:68:42)
      at HTMLUnknownElement.callCallback 
(node_modules/react-dom/cjs/react-dom.development.js:4164:14)
      at HTMLUnknownElement.callTheUserObjectsOperation 
(node_modules/jsdom/lib/jsdom/living/generated/EventListener.js:26:30)
      at innerInvokeEventListeners 
(node_modules/jsdom/lib/jsdom/living/events/EventTarget-impl.js:350:25)
      at invokeEventListeners 
(node_modules/jsdom/lib/jsdom/living/events/EventTarget-impl.js:286:3)
      at HTMLUnknownElementImpl._dispatch 
(node_modules/jsdom/lib/jsdom/living/events/EventTarget-impl.js:233:9)
      at HTMLUnknownElementImpl.dispatchEvent 
(node_modules/jsdom/lib/jsdom/living/events/EventTarget-impl.js:104:17)
      at HTMLUnknownElement.dispatchEvent 
(node_modules/jsdom/lib/jsdom/living/generated/EventTarget.js:241:34)
      at Object.invokeGuardedCallbackDev 
(node_modules/react-dom/cjs/react-dom.development.js:4213:16)
      at invokeGuardedCallback 
(node_modules/react-dom/cjs/react-dom.development.js:4277:31)
      at invokeGuardedCallbackAndCatchFirstError 
(node_modules/react-dom/cjs/react-dom.development.js:4291:25)
      at executeDispatch 
(node_modules/react-dom/cjs/react-dom.development.js:9041:3)
      at processDispatchQueueItemsInOrder 
(node_modules/react-dom/cjs/react-dom.development.js:9073:7)
      at processDispatchQueue 
(node_modules/react-dom/cjs/react-dom.development.js:9086:5)
      at dispatchEventsForPlugins 
(node_modules/react-dom/cjs/react-dom.development.js:9097:3)
      at node_modules/react-dom/cjs/react-dom.development.js:9288:12
      at batchedUpdates$1 
(node_modules/react-dom/cjs/react-dom.development.js:26179:12)
      at batchedUpdates 
(node_modules/react-dom/cjs/react-dom.development.js:3991:12)
      at dispatchEventForPluginEventSystem 
(node_modules/react-dom/cjs/react-dom.development.js:9287:3)
      at dispatchEventWithEnableCapturePhaseSelectiveHydrationWithoutDiscreteEv
entReplay (node_modules/react-dom/cjs/react-dom.development.js:6465:5)
      at dispatchEvent 
(node_modules/react-dom/cjs/react-dom.development.js:6457:5)
      at dispatchDiscreteEvent 
(node_modules/react-dom/cjs/react-dom.development.js:6430:5)
      at HTMLDivElement.callTheUserObjectsOperation 
(node_modules/jsdom/lib/jsdom/living/generated/EventListener.js:26:30)
      at innerInvokeEventListeners 
(node_modules/jsdom/lib/jsdom/living/events/EventTarget-impl.js:350:25)
      at invokeEventListeners 
(node_modules/jsdom/lib/jsdom/living/events/EventTarget-impl.js:286:3)
      at HTMLInputElementImpl._dispatch 
(node_modules/jsdom/lib/jsdom/living/events/EventTarget-impl.js:233:9)
      at HTMLInputElementImpl.dispatchEvent 
(node_modules/jsdom/lib/jsdom/living/events/EventTarget-impl.js:104:17)
      at HTMLInputElement.dispatchEvent 
(node_modules/jsdom/lib/jsdom/living/generated/EventTarget.js:241:34)
      at 
node_modules/@testing-library/user-event/dist/cjs/event/dispatchEvent.js:45:43
      at Object.eventWrapper 
(node_modules/@testing-library/dom/dist/config.js:25:23)
      at Object.wrapEvent 
(node_modules/@testing-library/user-event/dist/cjs/event/wrapEvent.js:6:28)
      at Object.dispatchEvent (node_modules/@testing-library/user-event/dist/cj
s/event/dispatchEvent.js:45:22)
      at Object.dispatchUIEvent (node_modules/@testing-library/user-event/dist/
cjs/event/dispatchEvent.js:22:26)
      at commitInput 
(node_modules/@testing-library/user-event/dist/cjs/event/input.js:145:14)
      at editInputElement 
(node_modules/@testing-library/user-event/dist/cjs/event/input.js:115:9)
      at Object.input 
(node_modules/@testing-library/user-event/dist/cjs/event/input.js:37:9)
      at node_modules/@testing-library/user-event/dist/cjs/event/behavior/keypr
ess.js:31:26
      at Object.dispatchEvent (node_modules/@testing-library/user-event/dist/cj
s/event/dispatchEvent.js:41:13)
      at Object.dispatchUIEvent (node_modules/@testing-library/user-event/dist/
cjs/event/dispatchEvent.js:22:26)
      at KeyboardHost.keydown 
(node_modules/@testing-library/user-event/dist/cjs/system/keyboard.js:76:22)
      at keyboardAction 
(node_modules/@testing-library/user-event/dist/cjs/keyboard/index.js:22:35)
      at Object.keyboard 
(node_modules/@testing-library/user-event/dist/cjs/keyboard/index.js:11:15)
      at Object.type 
(node_modules/@testing-library/user-event/dist/cjs/utility/type.js:17:5)
      at Object.<anonymous> (src/finance/__tests__/finance.test.tsx:249:9)

    console.error
      Warning: An update to CashBatchingCreatePage inside a test was not 
wrapped in act(...).
      
      When testing, code that causes React state updates should be wrapped 
into act(...):
      
      act(() => {
        /* fire events that update state */
      });
      /* assert on the output */
      
      This ensures that you're testing the behavior the user would see in the 
browser. Learn more at https://reactjs.org/link/wrap-tests-with-act
          at CashBatchingCreatePage (C:\Users\samhe\OneDrive\Desktop\Cleaned\fr
ontend\src\finance\CashBatchingPage\CashBatchingCreatePage.tsx:22:33)
          at routeContext (C:\Users\samhe\OneDrive\Desktop\Cleaned\frontend\nod
e_modules\react-router\lib\hooks.tsx:658:26)
          at children (C:\Users\samhe\OneDrive\Desktop\Cleaned\frontend\node_mo
dules\react-router\lib\components.tsx:512:3)
          at basenameProp (C:\Users\samhe\OneDrive\Desktop\Cleaned\frontend\nod
e_modules\react-router\lib\components.tsx:421:13)
          at basename (C:\Users\samhe\OneDrive\Desktop\Cleaned\frontend\node_mo
dules\react-router\lib\components.tsx:225:3)

      27 |
      28 |     function setField<K extends keyof CreateCashBatchInput>(key: K, 
value: CreateCashBatchInput[K]) {
    > 29 |         setForm((prev) => ({ ...prev, [key]: value }))
         |         ^
      30 |     }
      31 |
      32 |     async function handleSave() {

      at printWarning 
(node_modules/react-dom/cjs/react-dom.development.js:86:30)
      at error (node_modules/react-dom/cjs/react-dom.development.js:60:7)
      at warnIfUpdatesNotWrappedWithActDEV 
(node_modules/react-dom/cjs/react-dom.development.js:27628:9)
      at scheduleUpdateOnFiber 
(node_modules/react-dom/cjs/react-dom.development.js:25547:5)
      at dispatchSetState 
(node_modules/react-dom/cjs/react-dom.development.js:16708:7)
      at setField 
(src/finance/CashBatchingPage/CashBatchingCreatePage.tsx:29:9)
      at onChange 
(src/finance/CashBatchingPage/CashBatchingCreatePage.tsx:68:42)
      at HTMLUnknownElement.callCallback 
(node_modules/react-dom/cjs/react-dom.development.js:4164:14)
      at HTMLUnknownElement.callTheUserObjectsOperation 
(node_modules/jsdom/lib/jsdom/living/generated/EventListener.js:26:30)
      at innerInvokeEventListeners 
(node_modules/jsdom/lib/jsdom/living/events/EventTarget-impl.js:350:25)
      at invokeEventListeners 
(node_modules/jsdom/lib/jsdom/living/events/EventTarget-impl.js:286:3)
      at HTMLUnknownElementImpl._dispatch 
(node_modules/jsdom/lib/jsdom/living/events/EventTarget-impl.js:233:9)
      at HTMLUnknownElementImpl.dispatchEvent 
(node_modules/jsdom/lib/jsdom/living/events/EventTarget-impl.js:104:17)
      at HTMLUnknownElement.dispatchEvent 
(node_modules/jsdom/lib/jsdom/living/generated/EventTarget.js:241:34)
      at Object.invokeGuardedCallbackDev 
(node_modules/react-dom/cjs/react-dom.development.js:4213:16)
      at invokeGuardedCallback 
(node_modules/react-dom/cjs/react-dom.development.js:4277:31)
      at invokeGuardedCallbackAndCatchFirstError 
(node_modules/react-dom/cjs/react-dom.development.js:4291:25)
      at executeDispatch 
(node_modules/react-dom/cjs/react-dom.development.js:9041:3)
      at processDispatchQueueItemsInOrder 
(node_modules/react-dom/cjs/react-dom.development.js:9073:7)
      at processDispatchQueue 
(node_modules/react-dom/cjs/react-dom.development.js:9086:5)
      at dispatchEventsForPlugins 
(node_modules/react-dom/cjs/react-dom.development.js:9097:3)
      at node_modules/react-dom/cjs/react-dom.development.js:9288:12
      at batchedUpdates$1 
(node_modules/react-dom/cjs/react-dom.development.js:26179:12)
      at batchedUpdates 
(node_modules/react-dom/cjs/react-dom.development.js:3991:12)
      at dispatchEventForPluginEventSystem 
(node_modules/react-dom/cjs/react-dom.development.js:9287:3)
      at dispatchEventWithEnableCapturePhaseSelectiveHydrationWithoutDiscreteEv
entReplay (node_modules/react-dom/cjs/react-dom.development.js:6465:5)
      at dispatchEvent 
(node_modules/react-dom/cjs/react-dom.development.js:6457:5)
      at dispatchDiscreteEvent 
(node_modules/react-dom/cjs/react-dom.development.js:6430:5)
      at HTMLDivElement.callTheUserObjectsOperation 
(node_modules/jsdom/lib/jsdom/living/generated/EventListener.js:26:30)
      at innerInvokeEventListeners 
(node_modules/jsdom/lib/jsdom/living/events/EventTarget-impl.js:350:25)
      at invokeEventListeners 
(node_modules/jsdom/lib/jsdom/living/events/EventTarget-impl.js:286:3)
      at HTMLInputElementImpl._dispatch 
(node_modules/jsdom/lib/jsdom/living/events/EventTarget-impl.js:233:9)
      at HTMLInputElementImpl.dispatchEvent 
(node_modules/jsdom/lib/jsdom/living/events/EventTarget-impl.js:104:17)
      at HTMLInputElement.dispatchEvent 
(node_modules/jsdom/lib/jsdom/living/generated/EventTarget.js:241:34)
      at 
node_modules/@testing-library/user-event/dist/cjs/event/dispatchEvent.js:45:43
      at Object.eventWrapper 
(node_modules/@testing-library/dom/dist/config.js:25:23)
      at Object.wrapEvent 
(node_modules/@testing-library/user-event/dist/cjs/event/wrapEvent.js:6:28)
      at Object.dispatchEvent (node_modules/@testing-library/user-event/dist/cj
s/event/dispatchEvent.js:45:22)
      at Object.dispatchUIEvent (node_modules/@testing-library/user-event/dist/
cjs/event/dispatchEvent.js:22:26)
      at commitInput 
(node_modules/@testing-library/user-event/dist/cjs/event/input.js:145:14)
      at editInputElement 
(node_modules/@testing-library/user-event/dist/cjs/event/input.js:115:9)
      at Object.input 
(node_modules/@testing-library/user-event/dist/cjs/event/input.js:37:9)
      at node_modules/@testing-library/user-event/dist/cjs/event/behavior/keypr
ess.js:31:26
      at Object.dispatchEvent (node_modules/@testing-library/user-event/dist/cj
s/event/dispatchEvent.js:41:13)
      at Object.dispatchUIEvent (node_modules/@testing-library/user-event/dist/
cjs/event/dispatchEvent.js:22:26)
      at KeyboardHost.keydown 
(node_modules/@testing-library/user-event/dist/cjs/system/keyboard.js:76:22)
      at keyboardAction 
(node_modules/@testing-library/user-event/dist/cjs/keyboard/index.js:22:35)
      at Object.keyboard 
(node_modules/@testing-library/user-event/dist/cjs/keyboard/index.js:11:15)
      at Object.type 
(node_modules/@testing-library/user-event/dist/cjs/utility/type.js:17:5)
      at Object.<anonymous> (src/finance/__tests__/finance.test.tsx:249:9)

    console.error
      Warning: An update to CashBatchingCreatePage inside a test was not 
wrapped in act(...).
      
      When testing, code that causes React state updates should be wrapped 
into act(...):
      
      act(() => {
        /* fire events that update state */
      });
      /* assert on the output */
      
      This ensures that you're testing the behavior the user would see in the 
browser. Learn more at https://reactjs.org/link/wrap-tests-with-act
          at CashBatchingCreatePage (C:\Users\samhe\OneDrive\Desktop\Cleaned\fr
ontend\src\finance\CashBatchingPage\CashBatchingCreatePage.tsx:22:33)
          at routeContext (C:\Users\samhe\OneDrive\Desktop\Cleaned\frontend\nod
e_modules\react-router\lib\hooks.tsx:658:26)
          at children (C:\Users\samhe\OneDrive\Desktop\Cleaned\frontend\node_mo
dules\react-router\lib\components.tsx:512:3)
          at basenameProp (C:\Users\samhe\OneDrive\Desktop\Cleaned\frontend\nod
e_modules\react-router\lib\components.tsx:421:13)
          at basename (C:\Users\samhe\OneDrive\Desktop\Cleaned\frontend\node_mo
dules\react-router\lib\components.tsx:225:3)

      27 |
      28 |     function setField<K extends keyof CreateCashBatchInput>(key: K, 
value: CreateCashBatchInput[K]) {
    > 29 |         setForm((prev) => ({ ...prev, [key]: value }))
         |         ^
      30 |     }
      31 |
      32 |     async function handleSave() {

      at printWarning 
(node_modules/react-dom/cjs/react-dom.development.js:86:30)
      at error (node_modules/react-dom/cjs/react-dom.development.js:60:7)
      at warnIfUpdatesNotWrappedWithActDEV 
(node_modules/react-dom/cjs/react-dom.development.js:27628:9)
      at scheduleUpdateOnFiber 
(node_modules/react-dom/cjs/react-dom.development.js:25547:5)
      at dispatchSetState 
(node_modules/react-dom/cjs/react-dom.development.js:16708:7)
      at setField 
(src/finance/CashBatchingPage/CashBatchingCreatePage.tsx:29:9)
      at onChange 
(src/finance/CashBatchingPage/CashBatchingCreatePage.tsx:68:42)
      at HTMLUnknownElement.callCallback 
(node_modules/react-dom/cjs/react-dom.development.js:4164:14)
      at HTMLUnknownElement.callTheUserObjectsOperation 
(node_modules/jsdom/lib/jsdom/living/generated/EventListener.js:26:30)
      at innerInvokeEventListeners 
(node_modules/jsdom/lib/jsdom/living/events/EventTarget-impl.js:350:25)
      at invokeEventListeners 
(node_modules/jsdom/lib/jsdom/living/events/EventTarget-impl.js:286:3)
      at HTMLUnknownElementImpl._dispatch 
(node_modules/jsdom/lib/jsdom/living/events/EventTarget-impl.js:233:9)
      at HTMLUnknownElementImpl.dispatchEvent 
(node_modules/jsdom/lib/jsdom/living/events/EventTarget-impl.js:104:17)
      at HTMLUnknownElement.dispatchEvent 
(node_modules/jsdom/lib/jsdom/living/generated/EventTarget.js:241:34)
      at Object.invokeGuardedCallbackDev 
(node_modules/react-dom/cjs/react-dom.development.js:4213:16)
      at invokeGuardedCallback 
(node_modules/react-dom/cjs/react-dom.development.js:4277:31)
      at invokeGuardedCallbackAndCatchFirstError 
(node_modules/react-dom/cjs/react-dom.development.js:4291:25)
      at executeDispatch 
(node_modules/react-dom/cjs/react-dom.development.js:9041:3)
      at processDispatchQueueItemsInOrder 
(node_modules/react-dom/cjs/react-dom.development.js:9073:7)
      at processDispatchQueue 
(node_modules/react-dom/cjs/react-dom.development.js:9086:5)
      at dispatchEventsForPlugins 
(node_modules/react-dom/cjs/react-dom.development.js:9097:3)
      at node_modules/react-dom/cjs/react-dom.development.js:9288:12
      at batchedUpdates$1 
(node_modules/react-dom/cjs/react-dom.development.js:26179:12)
      at batchedUpdates 
(node_modules/react-dom/cjs/react-dom.development.js:3991:12)
      at dispatchEventForPluginEventSystem 
(node_modules/react-dom/cjs/react-dom.development.js:9287:3)
      at dispatchEventWithEnableCapturePhaseSelectiveHydrationWithoutDiscreteEv
entReplay (node_modules/react-dom/cjs/react-dom.development.js:6465:5)
      at dispatchEvent 
(node_modules/react-dom/cjs/react-dom.development.js:6457:5)
      at dispatchDiscreteEvent 
(node_modules/react-dom/cjs/react-dom.development.js:6430:5)
      at HTMLDivElement.callTheUserObjectsOperation 
(node_modules/jsdom/lib/jsdom/living/generated/EventListener.js:26:30)
      at innerInvokeEventListeners 
(node_modules/jsdom/lib/jsdom/living/events/EventTarget-impl.js:350:25)
      at invokeEventListeners 
(node_modules/jsdom/lib/jsdom/living/events/EventTarget-impl.js:286:3)
      at HTMLInputElementImpl._dispatch 
(node_modules/jsdom/lib/jsdom/living/events/EventTarget-impl.js:233:9)
      at HTMLInputElementImpl.dispatchEvent 
(node_modules/jsdom/lib/jsdom/living/events/EventTarget-impl.js:104:17)
      at HTMLInputElement.dispatchEvent 
(node_modules/jsdom/lib/jsdom/living/generated/EventTarget.js:241:34)
      at 
node_modules/@testing-library/user-event/dist/cjs/event/dispatchEvent.js:45:43
      at Object.eventWrapper 
(node_modules/@testing-library/dom/dist/config.js:25:23)
      at Object.wrapEvent 
(node_modules/@testing-library/user-event/dist/cjs/event/wrapEvent.js:6:28)
      at Object.dispatchEvent (node_modules/@testing-library/user-event/dist/cj
s/event/dispatchEvent.js:45:22)
      at Object.dispatchUIEvent (node_modules/@testing-library/user-event/dist/
cjs/event/dispatchEvent.js:22:26)
      at commitInput 
(node_modules/@testing-library/user-event/dist/cjs/event/input.js:145:14)
      at editInputElement 
(node_modules/@testing-library/user-event/dist/cjs/event/input.js:115:9)
      at Object.input 
(node_modules/@testing-library/user-event/dist/cjs/event/input.js:37:9)
      at node_modules/@testing-library/user-event/dist/cjs/event/behavior/keypr
ess.js:31:26
      at Object.dispatchEvent (node_modules/@testing-library/user-event/dist/cj
s/event/dispatchEvent.js:41:13)
      at Object.dispatchUIEvent (node_modules/@testing-library/user-event/dist/
cjs/event/dispatchEvent.js:22:26)
      at KeyboardHost.keydown 
(node_modules/@testing-library/user-event/dist/cjs/system/keyboard.js:76:22)
      at keyboardAction 
(node_modules/@testing-library/user-event/dist/cjs/keyboard/index.js:22:35)
      at Object.keyboard 
(node_modules/@testing-library/user-event/dist/cjs/keyboard/index.js:11:15)
      at Object.type 
(node_modules/@testing-library/user-event/dist/cjs/utility/type.js:17:5)
      at Object.<anonymous> (src/finance/__tests__/finance.test.tsx:249:9)

    console.error
      Warning: An update to CashBatchingCreatePage inside a test was not 
wrapped in act(...).
      
      When testing, code that causes React state updates should be wrapped 
into act(...):
      
      act(() => {
        /* fire events that update state */
      });
      /* assert on the output */
      
      This ensures that you're testing the behavior the user would see in the 
browser. Learn more at https://reactjs.org/link/wrap-tests-with-act
          at CashBatchingCreatePage (C:\Users\samhe\OneDrive\Desktop\Cleaned\fr
ontend\src\finance\CashBatchingPage\CashBatchingCreatePage.tsx:22:33)
          at routeContext (C:\Users\samhe\OneDrive\Desktop\Cleaned\frontend\nod
e_modules\react-router\lib\hooks.tsx:658:26)
          at children (C:\Users\samhe\OneDrive\Desktop\Cleaned\frontend\node_mo
dules\react-router\lib\components.tsx:512:3)
          at basenameProp (C:\Users\samhe\OneDrive\Desktop\Cleaned\frontend\nod
e_modules\react-router\lib\components.tsx:421:13)
          at basename (C:\Users\samhe\OneDrive\Desktop\Cleaned\frontend\node_mo
dules\react-router\lib\components.tsx:225:3)

      27 |
      28 |     function setField<K extends keyof CreateCashBatchInput>(key: K, 
value: CreateCashBatchInput[K]) {
    > 29 |         setForm((prev) => ({ ...prev, [key]: value }))
         |         ^
      30 |     }
      31 |
      32 |     async function handleSave() {

      at printWarning 
(node_modules/react-dom/cjs/react-dom.development.js:86:30)
      at error (node_modules/react-dom/cjs/react-dom.development.js:60:7)
      at warnIfUpdatesNotWrappedWithActDEV 
(node_modules/react-dom/cjs/react-dom.development.js:27628:9)
      at scheduleUpdateOnFiber 
(node_modules/react-dom/cjs/react-dom.development.js:25547:5)
      at dispatchSetState 
(node_modules/react-dom/cjs/react-dom.development.js:16708:7)
      at setField 
(src/finance/CashBatchingPage/CashBatchingCreatePage.tsx:29:9)
      at onChange 
(src/finance/CashBatchingPage/CashBatchingCreatePage.tsx:68:42)
      at HTMLUnknownElement.callCallback 
(node_modules/react-dom/cjs/react-dom.development.js:4164:14)
      at HTMLUnknownElement.callTheUserObjectsOperation 
(node_modules/jsdom/lib/jsdom/living/generated/EventListener.js:26:30)
      at innerInvokeEventListeners 
(node_modules/jsdom/lib/jsdom/living/events/EventTarget-impl.js:350:25)
      at invokeEventListeners 
(node_modules/jsdom/lib/jsdom/living/events/EventTarget-impl.js:286:3)
      at HTMLUnknownElementImpl._dispatch 
(node_modules/jsdom/lib/jsdom/living/events/EventTarget-impl.js:233:9)
      at HTMLUnknownElementImpl.dispatchEvent 
(node_modules/jsdom/lib/jsdom/living/events/EventTarget-impl.js:104:17)
      at HTMLUnknownElement.dispatchEvent 
(node_modules/jsdom/lib/jsdom/living/generated/EventTarget.js:241:34)
      at Object.invokeGuardedCallbackDev 
(node_modules/react-dom/cjs/react-dom.development.js:4213:16)
      at invokeGuardedCallback 
(node_modules/react-dom/cjs/react-dom.development.js:4277:31)
      at invokeGuardedCallbackAndCatchFirstError 
(node_modules/react-dom/cjs/react-dom.development.js:4291:25)
      at executeDispatch 
(node_modules/react-dom/cjs/react-dom.development.js:9041:3)
      at processDispatchQueueItemsInOrder 
(node_modules/react-dom/cjs/react-dom.development.js:9073:7)
      at processDispatchQueue 
(node_modules/react-dom/cjs/react-dom.development.js:9086:5)
      at dispatchEventsForPlugins 
(node_modules/react-dom/cjs/react-dom.development.js:9097:3)
      at node_modules/react-dom/cjs/react-dom.development.js:9288:12
      at batchedUpdates$1 
(node_modules/react-dom/cjs/react-dom.development.js:26179:12)
      at batchedUpdates 
(node_modules/react-dom/cjs/react-dom.development.js:3991:12)
      at dispatchEventForPluginEventSystem 
(node_modules/react-dom/cjs/react-dom.development.js:9287:3)
      at dispatchEventWithEnableCapturePhaseSelectiveHydrationWithoutDiscreteEv
entReplay (node_modules/react-dom/cjs/react-dom.development.js:6465:5)
      at dispatchEvent 
(node_modules/react-dom/cjs/react-dom.development.js:6457:5)
      at dispatchDiscreteEvent 
(node_modules/react-dom/cjs/react-dom.development.js:6430:5)
      at HTMLDivElement.callTheUserObjectsOperation 
(node_modules/jsdom/lib/jsdom/living/generated/EventListener.js:26:30)
      at innerInvokeEventListeners 
(node_modules/jsdom/lib/jsdom/living/events/EventTarget-impl.js:350:25)
      at invokeEventListeners 
(node_modules/jsdom/lib/jsdom/living/events/EventTarget-impl.js:286:3)
      at HTMLInputElementImpl._dispatch 
(node_modules/jsdom/lib/jsdom/living/events/EventTarget-impl.js:233:9)
      at HTMLInputElementImpl.dispatchEvent 
(node_modules/jsdom/lib/jsdom/living/events/EventTarget-impl.js:104:17)
      at HTMLInputElement.dispatchEvent 
(node_modules/jsdom/lib/jsdom/living/generated/EventTarget.js:241:34)
      at 
node_modules/@testing-library/user-event/dist/cjs/event/dispatchEvent.js:45:43
      at Object.eventWrapper 
(node_modules/@testing-library/dom/dist/config.js:25:23)
      at Object.wrapEvent 
(node_modules/@testing-library/user-event/dist/cjs/event/wrapEvent.js:6:28)
      at Object.dispatchEvent (node_modules/@testing-library/user-event/dist/cj
s/event/dispatchEvent.js:45:22)
      at Object.dispatchUIEvent (node_modules/@testing-library/user-event/dist/
cjs/event/dispatchEvent.js:22:26)
      at commitInput 
(node_modules/@testing-library/user-event/dist/cjs/event/input.js:145:14)
      at editInputElement 
(node_modules/@testing-library/user-event/dist/cjs/event/input.js:115:9)
      at Object.input 
(node_modules/@testing-library/user-event/dist/cjs/event/input.js:37:9)
      at node_modules/@testing-library/user-event/dist/cjs/event/behavior/keypr
ess.js:31:26
      at Object.dispatchEvent (node_modules/@testing-library/user-event/dist/cj
s/event/dispatchEvent.js:41:13)
      at Object.dispatchUIEvent (node_modules/@testing-library/user-event/dist/
cjs/event/dispatchEvent.js:22:26)
      at KeyboardHost.keydown 
(node_modules/@testing-library/user-event/dist/cjs/system/keyboard.js:76:22)
      at keyboardAction 
(node_modules/@testing-library/user-event/dist/cjs/keyboard/index.js:22:35)
      at Object.keyboard 
(node_modules/@testing-library/user-event/dist/cjs/keyboard/index.js:11:15)
      at Object.type 
(node_modules/@testing-library/user-event/dist/cjs/utility/type.js:17:5)
      at Object.<anonymous> (src/finance/__tests__/finance.test.tsx:249:9)

    console.error
      Warning: An update to CashBatchingCreatePage inside a test was not 
wrapped in act(...).
      
      When testing, code that causes React state updates should be wrapped 
into act(...):
      
      act(() => {
        /* fire events that update state */
      });
      /* assert on the output */
      
      This ensures that you're testing the behavior the user would see in the 
browser. Learn more at https://reactjs.org/link/wrap-tests-with-act
          at CashBatchingCreatePage (C:\Users\samhe\OneDrive\Desktop\Cleaned\fr
ontend\src\finance\CashBatchingPage\CashBatchingCreatePage.tsx:22:33)
          at routeContext (C:\Users\samhe\OneDrive\Desktop\Cleaned\frontend\nod
e_modules\react-router\lib\hooks.tsx:658:26)
          at children (C:\Users\samhe\OneDrive\Desktop\Cleaned\frontend\node_mo
dules\react-router\lib\components.tsx:512:3)
          at basenameProp (C:\Users\samhe\OneDrive\Desktop\Cleaned\frontend\nod
e_modules\react-router\lib\components.tsx:421:13)
          at basename (C:\Users\samhe\OneDrive\Desktop\Cleaned\frontend\node_mo
dules\react-router\lib\components.tsx:225:3)

      27 |
      28 |     function setField<K extends keyof CreateCashBatchInput>(key: K, 
value: CreateCashBatchInput[K]) {
    > 29 |         setForm((prev) => ({ ...prev, [key]: value }))
         |         ^
      30 |     }
      31 |
      32 |     async function handleSave() {

      at printWarning 
(node_modules/react-dom/cjs/react-dom.development.js:86:30)
      at error (node_modules/react-dom/cjs/react-dom.development.js:60:7)
      at warnIfUpdatesNotWrappedWithActDEV 
(node_modules/react-dom/cjs/react-dom.development.js:27628:9)
      at scheduleUpdateOnFiber 
(node_modules/react-dom/cjs/react-dom.development.js:25547:5)
      at dispatchSetState 
(node_modules/react-dom/cjs/react-dom.development.js:16708:7)
      at setField 
(src/finance/CashBatchingPage/CashBatchingCreatePage.tsx:29:9)
      at onChange 
(src/finance/CashBatchingPage/CashBatchingCreatePage.tsx:68:42)
      at HTMLUnknownElement.callCallback 
(node_modules/react-dom/cjs/react-dom.development.js:4164:14)
      at HTMLUnknownElement.callTheUserObjectsOperation 
(node_modules/jsdom/lib/jsdom/living/generated/EventListener.js:26:30)
      at innerInvokeEventListeners 
(node_modules/jsdom/lib/jsdom/living/events/EventTarget-impl.js:350:25)
      at invokeEventListeners 
(node_modules/jsdom/lib/jsdom/living/events/EventTarget-impl.js:286:3)
      at HTMLUnknownElementImpl._dispatch 
(node_modules/jsdom/lib/jsdom/living/events/EventTarget-impl.js:233:9)
      at HTMLUnknownElementImpl.dispatchEvent 
(node_modules/jsdom/lib/jsdom/living/events/EventTarget-impl.js:104:17)
      at HTMLUnknownElement.dispatchEvent 
(node_modules/jsdom/lib/jsdom/living/generated/EventTarget.js:241:34)
      at Object.invokeGuardedCallbackDev 
(node_modules/react-dom/cjs/react-dom.development.js:4213:16)
      at invokeGuardedCallback 
(node_modules/react-dom/cjs/react-dom.development.js:4277:31)
      at invokeGuardedCallbackAndCatchFirstError 
(node_modules/react-dom/cjs/react-dom.development.js:4291:25)
      at executeDispatch 
(node_modules/react-dom/cjs/react-dom.development.js:9041:3)
      at processDispatchQueueItemsInOrder 
(node_modules/react-dom/cjs/react-dom.development.js:9073:7)
      at processDispatchQueue 
(node_modules/react-dom/cjs/react-dom.development.js:9086:5)
      at dispatchEventsForPlugins 
(node_modules/react-dom/cjs/react-dom.development.js:9097:3)
      at node_modules/react-dom/cjs/react-dom.development.js:9288:12
      at batchedUpdates$1 
(node_modules/react-dom/cjs/react-dom.development.js:26179:12)
      at batchedUpdates 
(node_modules/react-dom/cjs/react-dom.development.js:3991:12)
      at dispatchEventForPluginEventSystem 
(node_modules/react-dom/cjs/react-dom.development.js:9287:3)
      at dispatchEventWithEnableCapturePhaseSelectiveHydrationWithoutDiscreteEv
entReplay (node_modules/react-dom/cjs/react-dom.development.js:6465:5)
      at dispatchEvent 
(node_modules/react-dom/cjs/react-dom.development.js:6457:5)
      at dispatchDiscreteEvent 
(node_modules/react-dom/cjs/react-dom.development.js:6430:5)
      at HTMLDivElement.callTheUserObjectsOperation 
(node_modules/jsdom/lib/jsdom/living/generated/EventListener.js:26:30)
      at innerInvokeEventListeners 
(node_modules/jsdom/lib/jsdom/living/events/EventTarget-impl.js:350:25)
      at invokeEventListeners 
(node_modules/jsdom/lib/jsdom/living/events/EventTarget-impl.js:286:3)
      at HTMLInputElementImpl._dispatch 
(node_modules/jsdom/lib/jsdom/living/events/EventTarget-impl.js:233:9)
      at HTMLInputElementImpl.dispatchEvent 
(node_modules/jsdom/lib/jsdom/living/events/EventTarget-impl.js:104:17)
      at HTMLInputElement.dispatchEvent 
(node_modules/jsdom/lib/jsdom/living/generated/EventTarget.js:241:34)
      at 
node_modules/@testing-library/user-event/dist/cjs/event/dispatchEvent.js:45:43
      at Object.eventWrapper 
(node_modules/@testing-library/dom/dist/config.js:25:23)
      at Object.wrapEvent 
(node_modules/@testing-library/user-event/dist/cjs/event/wrapEvent.js:6:28)
      at Object.dispatchEvent (node_modules/@testing-library/user-event/dist/cj
s/event/dispatchEvent.js:45:22)
      at Object.dispatchUIEvent (node_modules/@testing-library/user-event/dist/
cjs/event/dispatchEvent.js:22:26)
      at commitInput 
(node_modules/@testing-library/user-event/dist/cjs/event/input.js:145:14)
      at editInputElement 
(node_modules/@testing-library/user-event/dist/cjs/event/input.js:115:9)
      at Object.input 
(node_modules/@testing-library/user-event/dist/cjs/event/input.js:37:9)
      at node_modules/@testing-library/user-event/dist/cjs/event/behavior/keypr
ess.js:31:26
      at Object.dispatchEvent (node_modules/@testing-library/user-event/dist/cj
s/event/dispatchEvent.js:41:13)
      at Object.dispatchUIEvent (node_modules/@testing-library/user-event/dist/
cjs/event/dispatchEvent.js:22:26)
      at KeyboardHost.keydown 
(node_modules/@testing-library/user-event/dist/cjs/system/keyboard.js:76:22)
      at keyboardAction 
(node_modules/@testing-library/user-event/dist/cjs/keyboard/index.js:22:35)
      at Object.keyboard 
(node_modules/@testing-library/user-event/dist/cjs/keyboard/index.js:11:15)
      at Object.type 
(node_modules/@testing-library/user-event/dist/cjs/utility/type.js:17:5)
      at Object.<anonymous> (src/finance/__tests__/finance.test.tsx:249:9)

    console.error
      Warning: An update to CashBatchingCreatePage inside a test was not 
wrapped in act(...).
      
      When testing, code that causes React state updates should be wrapped 
into act(...):
      
      act(() => {
        /* fire events that update state */
      });
      /* assert on the output */
      
      This ensures that you're testing the behavior the user would see in the 
browser. Learn more at https://reactjs.org/link/wrap-tests-with-act
          at CashBatchingCreatePage (C:\Users\samhe\OneDrive\Desktop\Cleaned\fr
ontend\src\finance\CashBatchingPage\CashBatchingCreatePage.tsx:22:33)
          at routeContext (C:\Users\samhe\OneDrive\Desktop\Cleaned\frontend\nod
e_modules\react-router\lib\hooks.tsx:658:26)
          at children (C:\Users\samhe\OneDrive\Desktop\Cleaned\frontend\node_mo
dules\react-router\lib\components.tsx:512:3)
          at basenameProp (C:\Users\samhe\OneDrive\Desktop\Cleaned\frontend\nod
e_modules\react-router\lib\components.tsx:421:13)
          at basename (C:\Users\samhe\OneDrive\Desktop\Cleaned\frontend\node_mo
dules\react-router\lib\components.tsx:225:3)

      27 |
      28 |     function setField<K extends keyof CreateCashBatchInput>(key: K, 
value: CreateCashBatchInput[K]) {
    > 29 |         setForm((prev) => ({ ...prev, [key]: value }))
         |         ^
      30 |     }
      31 |
      32 |     async function handleSave() {

      at printWarning 
(node_modules/react-dom/cjs/react-dom.development.js:86:30)
      at error (node_modules/react-dom/cjs/react-dom.development.js:60:7)
      at warnIfUpdatesNotWrappedWithActDEV 
(node_modules/react-dom/cjs/react-dom.development.js:27628:9)
      at scheduleUpdateOnFiber 
(node_modules/react-dom/cjs/react-dom.development.js:25547:5)
      at dispatchSetState 
(node_modules/react-dom/cjs/react-dom.development.js:16708:7)
      at setField 
(src/finance/CashBatchingPage/CashBatchingCreatePage.tsx:29:9)
      at onChange 
(src/finance/CashBatchingPage/CashBatchingCreatePage.tsx:82:42)
      at HTMLUnknownElement.callCallback 
(node_modules/react-dom/cjs/react-dom.development.js:4164:14)
      at HTMLUnknownElement.callTheUserObjectsOperation 
(node_modules/jsdom/lib/jsdom/living/generated/EventListener.js:26:30)
      at innerInvokeEventListeners 
(node_modules/jsdom/lib/jsdom/living/events/EventTarget-impl.js:350:25)
      at invokeEventListeners 
(node_modules/jsdom/lib/jsdom/living/events/EventTarget-impl.js:286:3)
      at HTMLUnknownElementImpl._dispatch 
(node_modules/jsdom/lib/jsdom/living/events/EventTarget-impl.js:233:9)
      at HTMLUnknownElementImpl.dispatchEvent 
(node_modules/jsdom/lib/jsdom/living/events/EventTarget-impl.js:104:17)
      at HTMLUnknownElement.dispatchEvent 
(node_modules/jsdom/lib/jsdom/living/generated/EventTarget.js:241:34)
      at Object.invokeGuardedCallbackDev 
(node_modules/react-dom/cjs/react-dom.development.js:4213:16)
      at invokeGuardedCallback 
(node_modules/react-dom/cjs/react-dom.development.js:4277:31)
      at invokeGuardedCallbackAndCatchFirstError 
(node_modules/react-dom/cjs/react-dom.development.js:4291:25)
      at executeDispatch 
(node_modules/react-dom/cjs/react-dom.development.js:9041:3)
      at processDispatchQueueItemsInOrder 
(node_modules/react-dom/cjs/react-dom.development.js:9073:7)
      at processDispatchQueue 
(node_modules/react-dom/cjs/react-dom.development.js:9086:5)
      at dispatchEventsForPlugins 
(node_modules/react-dom/cjs/react-dom.development.js:9097:3)
      at node_modules/react-dom/cjs/react-dom.development.js:9288:12
      at batchedUpdates$1 
(node_modules/react-dom/cjs/react-dom.development.js:26179:12)
      at batchedUpdates 
(node_modules/react-dom/cjs/react-dom.development.js:3991:12)
      at dispatchEventForPluginEventSystem 
(node_modules/react-dom/cjs/react-dom.development.js:9287:3)
      at dispatchEventWithEnableCapturePhaseSelectiveHydrationWithoutDiscreteEv
entReplay (node_modules/react-dom/cjs/react-dom.development.js:6465:5)
      at dispatchEvent 
(node_modules/react-dom/cjs/react-dom.development.js:6457:5)
      at dispatchDiscreteEvent 
(node_modules/react-dom/cjs/react-dom.development.js:6430:5)
      at HTMLDivElement.callTheUserObjectsOperation 
(node_modules/jsdom/lib/jsdom/living/generated/EventListener.js:26:30)
      at innerInvokeEventListeners 
(node_modules/jsdom/lib/jsdom/living/events/EventTarget-impl.js:350:25)
      at invokeEventListeners 
(node_modules/jsdom/lib/jsdom/living/events/EventTarget-impl.js:286:3)
      at HTMLInputElementImpl._dispatch 
(node_modules/jsdom/lib/jsdom/living/events/EventTarget-impl.js:233:9)
      at HTMLInputElementImpl.dispatchEvent 
(node_modules/jsdom/lib/jsdom/living/events/EventTarget-impl.js:104:17)
      at HTMLInputElement.dispatchEvent 
(node_modules/jsdom/lib/jsdom/living/generated/EventTarget.js:241:34)
      at 
node_modules/@testing-library/user-event/dist/cjs/event/dispatchEvent.js:45:43
      at Object.eventWrapper 
(node_modules/@testing-library/dom/dist/config.js:25:23)
      at Object.wrapEvent 
(node_modules/@testing-library/user-event/dist/cjs/event/wrapEvent.js:6:28)
      at Object.dispatchEvent (node_modules/@testing-library/user-event/dist/cj
s/event/dispatchEvent.js:45:22)
      at Object.dispatchUIEvent (node_modules/@testing-library/user-event/dist/
cjs/event/dispatchEvent.js:22:26)
      at commitInput 
(node_modules/@testing-library/user-event/dist/cjs/event/input.js:145:14)
      at editInputElement 
(node_modules/@testing-library/user-event/dist/cjs/event/input.js:115:9)
      at Object.input 
(node_modules/@testing-library/user-event/dist/cjs/event/input.js:37:9)
      at Object.clear 
(node_modules/@testing-library/user-event/dist/cjs/utility/clear.js:29:11)
      at node_modules/@testing-library/user-event/dist/cjs/setup/setup.js:85:45
      at Object.asyncWrapper 
(node_modules/@testing-library/dom/dist/config.js:23:23)
      at Object.wrapAsync 
(node_modules/@testing-library/user-event/dist/cjs/setup/wrapAsync.js:8:28)
      at Object.method [as clear] 
(node_modules/@testing-library/user-event/dist/cjs/setup/setup.js:85:26)
      at Object.clear 
(node_modules/@testing-library/user-event/dist/cjs/setup/directApi.js:6:36)
      at Object.<anonymous> (src/finance/__tests__/finance.test.tsx:250:25)

    console.error
      Warning: An update to CashBatchingCreatePage inside a test was not 
wrapped in act(...).
      
      When testing, code that causes React state updates should be wrapped 
into act(...):
      
      act(() => {
        /* fire events that update state */
      });
      /* assert on the output */
      
      This ensures that you're testing the behavior the user would see in the 
browser. Learn more at https://reactjs.org/link/wrap-tests-with-act
          at CashBatchingCreatePage (C:\Users\samhe\OneDrive\Desktop\Cleaned\fr
ontend\src\finance\CashBatchingPage\CashBatchingCreatePage.tsx:22:33)
          at routeContext (C:\Users\samhe\OneDrive\Desktop\Cleaned\frontend\nod
e_modules\react-router\lib\hooks.tsx:658:26)
          at children (C:\Users\samhe\OneDrive\Desktop\Cleaned\frontend\node_mo
dules\react-router\lib\components.tsx:512:3)
          at basenameProp (C:\Users\samhe\OneDrive\Desktop\Cleaned\frontend\nod
e_modules\react-router\lib\components.tsx:421:13)
          at basename (C:\Users\samhe\OneDrive\Desktop\Cleaned\frontend\node_mo
dules\react-router\lib\components.tsx:225:3)

      27 |
      28 |     function setField<K extends keyof CreateCashBatchInput>(key: K, 
value: CreateCashBatchInput[K]) {
    > 29 |         setForm((prev) => ({ ...prev, [key]: value }))
         |         ^
      30 |     }
      31 |
      32 |     async function handleSave() {

      at printWarning 
(node_modules/react-dom/cjs/react-dom.development.js:86:30)
      at error (node_modules/react-dom/cjs/react-dom.development.js:60:7)
      at warnIfUpdatesNotWrappedWithActDEV 
(node_modules/react-dom/cjs/react-dom.development.js:27628:9)
      at scheduleUpdateOnFiber 
(node_modules/react-dom/cjs/react-dom.development.js:25547:5)
      at dispatchSetState 
(node_modules/react-dom/cjs/react-dom.development.js:16708:7)
      at setField 
(src/finance/CashBatchingPage/CashBatchingCreatePage.tsx:29:9)
      at onChange 
(src/finance/CashBatchingPage/CashBatchingCreatePage.tsx:82:42)
      at HTMLUnknownElement.callCallback 
(node_modules/react-dom/cjs/react-dom.development.js:4164:14)
      at HTMLUnknownElement.callTheUserObjectsOperation 
(node_modules/jsdom/lib/jsdom/living/generated/EventListener.js:26:30)
      at innerInvokeEventListeners 
(node_modules/jsdom/lib/jsdom/living/events/EventTarget-impl.js:350:25)
      at invokeEventListeners 
(node_modules/jsdom/lib/jsdom/living/events/EventTarget-impl.js:286:3)
      at HTMLUnknownElementImpl._dispatch 
(node_modules/jsdom/lib/jsdom/living/events/EventTarget-impl.js:233:9)
      at HTMLUnknownElementImpl.dispatchEvent 
(node_modules/jsdom/lib/jsdom/living/events/EventTarget-impl.js:104:17)
      at HTMLUnknownElement.dispatchEvent 
(node_modules/jsdom/lib/jsdom/living/generated/EventTarget.js:241:34)
      at Object.invokeGuardedCallbackDev 
(node_modules/react-dom/cjs/react-dom.development.js:4213:16)
      at invokeGuardedCallback 
(node_modules/react-dom/cjs/react-dom.development.js:4277:31)
      at invokeGuardedCallbackAndCatchFirstError 
(node_modules/react-dom/cjs/react-dom.development.js:4291:25)
      at executeDispatch 
(node_modules/react-dom/cjs/react-dom.development.js:9041:3)
      at processDispatchQueueItemsInOrder 
(node_modules/react-dom/cjs/react-dom.development.js:9073:7)
      at processDispatchQueue 
(node_modules/react-dom/cjs/react-dom.development.js:9086:5)
      at dispatchEventsForPlugins 
(node_modules/react-dom/cjs/react-dom.development.js:9097:3)
      at node_modules/react-dom/cjs/react-dom.development.js:9288:12
      at batchedUpdates$1 
(node_modules/react-dom/cjs/react-dom.development.js:26179:12)
      at batchedUpdates 
(node_modules/react-dom/cjs/react-dom.development.js:3991:12)
      at dispatchEventForPluginEventSystem 
(node_modules/react-dom/cjs/react-dom.development.js:9287:3)
      at dispatchEventWithEnableCapturePhaseSelectiveHydrationWithoutDiscreteEv
entReplay (node_modules/react-dom/cjs/react-dom.development.js:6465:5)
      at dispatchEvent 
(node_modules/react-dom/cjs/react-dom.development.js:6457:5)
      at dispatchDiscreteEvent 
(node_modules/react-dom/cjs/react-dom.development.js:6430:5)
      at HTMLDivElement.callTheUserObjectsOperation 
(node_modules/jsdom/lib/jsdom/living/generated/EventListener.js:26:30)
      at innerInvokeEventListeners 
(node_modules/jsdom/lib/jsdom/living/events/EventTarget-impl.js:350:25)
      at invokeEventListeners 
(node_modules/jsdom/lib/jsdom/living/events/EventTarget-impl.js:286:3)
      at HTMLInputElementImpl._dispatch 
(node_modules/jsdom/lib/jsdom/living/events/EventTarget-impl.js:233:9)
      at HTMLInputElementImpl.dispatchEvent 
(node_modules/jsdom/lib/jsdom/living/events/EventTarget-impl.js:104:17)
      at HTMLInputElement.dispatchEvent 
(node_modules/jsdom/lib/jsdom/living/generated/EventTarget.js:241:34)
      at 
node_modules/@testing-library/user-event/dist/cjs/event/dispatchEvent.js:45:43
      at Object.eventWrapper 
(node_modules/@testing-library/dom/dist/config.js:25:23)
      at Object.wrapEvent 
(node_modules/@testing-library/user-event/dist/cjs/event/wrapEvent.js:6:28)
      at Object.dispatchEvent (node_modules/@testing-library/user-event/dist/cj
s/event/dispatchEvent.js:45:22)
      at Object.dispatchUIEvent (node_modules/@testing-library/user-event/dist/
cjs/event/dispatchEvent.js:22:26)
      at commitInput 
(node_modules/@testing-library/user-event/dist/cjs/event/input.js:145:14)
      at editInputElement 
(node_modules/@testing-library/user-event/dist/cjs/event/input.js:115:9)
      at Object.input 
(node_modules/@testing-library/user-event/dist/cjs/event/input.js:37:9)
      at node_modules/@testing-library/user-event/dist/cjs/event/behavior/keypr
ess.js:31:26
      at Object.dispatchEvent (node_modules/@testing-library/user-event/dist/cj
s/event/dispatchEvent.js:41:13)
      at Object.dispatchUIEvent (node_modules/@testing-library/user-event/dist/
cjs/event/dispatchEvent.js:22:26)
      at KeyboardHost.keydown 
(node_modules/@testing-library/user-event/dist/cjs/system/keyboard.js:76:22)
      at keyboardAction 
(node_modules/@testing-library/user-event/dist/cjs/keyboard/index.js:22:35)
      at Object.keyboard 
(node_modules/@testing-library/user-event/dist/cjs/keyboard/index.js:11:15)
      at Object.type 
(node_modules/@testing-library/user-event/dist/cjs/utility/type.js:17:5)
      at Object.<anonymous> (src/finance/__tests__/finance.test.tsx:251:9)

    console.error
      Warning: An update to CashBatchingCreatePage inside a test was not 
wrapped in act(...).
      
      When testing, code that causes React state updates should be wrapped 
into act(...):
      
      act(() => {
        /* fire events that update state */
      });
      /* assert on the output */
      
      This ensures that you're testing the behavior the user would see in the 
browser. Learn more at https://reactjs.org/link/wrap-tests-with-act
          at CashBatchingCreatePage (C:\Users\samhe\OneDrive\Desktop\Cleaned\fr
ontend\src\finance\CashBatchingPage\CashBatchingCreatePage.tsx:22:33)
          at routeContext (C:\Users\samhe\OneDrive\Desktop\Cleaned\frontend\nod
e_modules\react-router\lib\hooks.tsx:658:26)
          at children (C:\Users\samhe\OneDrive\Desktop\Cleaned\frontend\node_mo
dules\react-router\lib\components.tsx:512:3)
          at basenameProp (C:\Users\samhe\OneDrive\Desktop\Cleaned\frontend\nod
e_modules\react-router\lib\components.tsx:421:13)
          at basename (C:\Users\samhe\OneDrive\Desktop\Cleaned\frontend\node_mo
dules\react-router\lib\components.tsx:225:3)

      27 |
      28 |     function setField<K extends keyof CreateCashBatchInput>(key: K, 
value: CreateCashBatchInput[K]) {
    > 29 |         setForm((prev) => ({ ...prev, [key]: value }))
         |         ^
      30 |     }
      31 |
      32 |     async function handleSave() {

      at printWarning 
(node_modules/react-dom/cjs/react-dom.development.js:86:30)
      at error (node_modules/react-dom/cjs/react-dom.development.js:60:7)
      at warnIfUpdatesNotWrappedWithActDEV 
(node_modules/react-dom/cjs/react-dom.development.js:27628:9)
      at scheduleUpdateOnFiber 
(node_modules/react-dom/cjs/react-dom.development.js:25547:5)
      at dispatchSetState 
(node_modules/react-dom/cjs/react-dom.development.js:16708:7)
      at setField 
(src/finance/CashBatchingPage/CashBatchingCreatePage.tsx:29:9)
      at onChange 
(src/finance/CashBatchingPage/CashBatchingCreatePage.tsx:82:42)
      at HTMLUnknownElement.callCallback 
(node_modules/react-dom/cjs/react-dom.development.js:4164:14)
      at HTMLUnknownElement.callTheUserObjectsOperation 
(node_modules/jsdom/lib/jsdom/living/generated/EventListener.js:26:30)
      at innerInvokeEventListeners 
(node_modules/jsdom/lib/jsdom/living/events/EventTarget-impl.js:350:25)
      at invokeEventListeners 
(node_modules/jsdom/lib/jsdom/living/events/EventTarget-impl.js:286:3)
      at HTMLUnknownElementImpl._dispatch 
(node_modules/jsdom/lib/jsdom/living/events/EventTarget-impl.js:233:9)
      at HTMLUnknownElementImpl.dispatchEvent 
(node_modules/jsdom/lib/jsdom/living/events/EventTarget-impl.js:104:17)
      at HTMLUnknownElement.dispatchEvent 
(node_modules/jsdom/lib/jsdom/living/generated/EventTarget.js:241:34)
      at Object.invokeGuardedCallbackDev 
(node_modules/react-dom/cjs/react-dom.development.js:4213:16)
      at invokeGuardedCallback 
(node_modules/react-dom/cjs/react-dom.development.js:4277:31)
      at invokeGuardedCallbackAndCatchFirstError 
(node_modules/react-dom/cjs/react-dom.development.js:4291:25)
      at executeDispatch 
(node_modules/react-dom/cjs/react-dom.development.js:9041:3)
      at processDispatchQueueItemsInOrder 
(node_modules/react-dom/cjs/react-dom.development.js:9073:7)
      at processDispatchQueue 
(node_modules/react-dom/cjs/react-dom.development.js:9086:5)
      at dispatchEventsForPlugins 
(node_modules/react-dom/cjs/react-dom.development.js:9097:3)
      at node_modules/react-dom/cjs/react-dom.development.js:9288:12
      at batchedUpdates$1 
(node_modules/react-dom/cjs/react-dom.development.js:26179:12)
      at batchedUpdates 
(node_modules/react-dom/cjs/react-dom.development.js:3991:12)
      at dispatchEventForPluginEventSystem 
(node_modules/react-dom/cjs/react-dom.development.js:9287:3)
      at dispatchEventWithEnableCapturePhaseSelectiveHydrationWithoutDiscreteEv
entReplay (node_modules/react-dom/cjs/react-dom.development.js:6465:5)
      at dispatchEvent 
(node_modules/react-dom/cjs/react-dom.development.js:6457:5)
      at dispatchDiscreteEvent 
(node_modules/react-dom/cjs/react-dom.development.js:6430:5)
      at HTMLDivElement.callTheUserObjectsOperation 
(node_modules/jsdom/lib/jsdom/living/generated/EventListener.js:26:30)
      at innerInvokeEventListeners 
(node_modules/jsdom/lib/jsdom/living/events/EventTarget-impl.js:350:25)
      at invokeEventListeners 
(node_modules/jsdom/lib/jsdom/living/events/EventTarget-impl.js:286:3)
      at HTMLInputElementImpl._dispatch 
(node_modules/jsdom/lib/jsdom/living/events/EventTarget-impl.js:233:9)
      at HTMLInputElementImpl.dispatchEvent 
(node_modules/jsdom/lib/jsdom/living/events/EventTarget-impl.js:104:17)
      at HTMLInputElement.dispatchEvent 
(node_modules/jsdom/lib/jsdom/living/generated/EventTarget.js:241:34)
      at 
node_modules/@testing-library/user-event/dist/cjs/event/dispatchEvent.js:45:43
      at Object.eventWrapper 
(node_modules/@testing-library/dom/dist/config.js:25:23)
      at Object.wrapEvent 
(node_modules/@testing-library/user-event/dist/cjs/event/wrapEvent.js:6:28)
      at Object.dispatchEvent (node_modules/@testing-library/user-event/dist/cj
s/event/dispatchEvent.js:45:22)
      at Object.dispatchUIEvent (node_modules/@testing-library/user-event/dist/
cjs/event/dispatchEvent.js:22:26)
      at commitInput 
(node_modules/@testing-library/user-event/dist/cjs/event/input.js:145:14)
      at editInputElement 
(node_modules/@testing-library/user-event/dist/cjs/event/input.js:115:9)
      at Object.input 
(node_modules/@testing-library/user-event/dist/cjs/event/input.js:37:9)
      at node_modules/@testing-library/user-event/dist/cjs/event/behavior/keypr
ess.js:31:26
      at Object.dispatchEvent (node_modules/@testing-library/user-event/dist/cj
s/event/dispatchEvent.js:41:13)
      at Object.dispatchUIEvent (node_modules/@testing-library/user-event/dist/
cjs/event/dispatchEvent.js:22:26)
      at KeyboardHost.keydown 
(node_modules/@testing-library/user-event/dist/cjs/system/keyboard.js:76:22)
      at keyboardAction 
(node_modules/@testing-library/user-event/dist/cjs/keyboard/index.js:22:35)
      at Object.keyboard 
(node_modules/@testing-library/user-event/dist/cjs/keyboard/index.js:11:15)
      at Object.type 
(node_modules/@testing-library/user-event/dist/cjs/utility/type.js:17:5)
      at Object.<anonymous> (src/finance/__tests__/finance.test.tsx:251:9)

    console.error
      Warning: An update to CashBatchingCreatePage inside a test was not 
wrapped in act(...).
      
      When testing, code that causes React state updates should be wrapped 
into act(...):
      
      act(() => {
        /* fire events that update state */
      });
      /* assert on the output */
      
      This ensures that you're testing the behavior the user would see in the 
browser. Learn more at https://reactjs.org/link/wrap-tests-with-act
          at CashBatchingCreatePage (C:\Users\samhe\OneDrive\Desktop\Cleaned\fr
ontend\src\finance\CashBatchingPage\CashBatchingCreatePage.tsx:22:33)
          at routeContext (C:\Users\samhe\OneDrive\Desktop\Cleaned\frontend\nod
e_modules\react-router\lib\hooks.tsx:658:26)
          at children (C:\Users\samhe\OneDrive\Desktop\Cleaned\frontend\node_mo
dules\react-router\lib\components.tsx:512:3)
          at basenameProp (C:\Users\samhe\OneDrive\Desktop\Cleaned\frontend\nod
e_modules\react-router\lib\components.tsx:421:13)
          at basename (C:\Users\samhe\OneDrive\Desktop\Cleaned\frontend\node_mo
dules\react-router\lib\components.tsx:225:3)

      27 |
      28 |     function setField<K extends keyof CreateCashBatchInput>(key: K, 
value: CreateCashBatchInput[K]) {
    > 29 |         setForm((prev) => ({ ...prev, [key]: value }))
         |         ^
      30 |     }
      31 |
      32 |     async function handleSave() {

      at printWarning 
(node_modules/react-dom/cjs/react-dom.development.js:86:30)
      at error (node_modules/react-dom/cjs/react-dom.development.js:60:7)
      at warnIfUpdatesNotWrappedWithActDEV 
(node_modules/react-dom/cjs/react-dom.development.js:27628:9)
      at scheduleUpdateOnFiber 
(node_modules/react-dom/cjs/react-dom.development.js:25547:5)
      at dispatchSetState 
(node_modules/react-dom/cjs/react-dom.development.js:16708:7)
      at setField 
(src/finance/CashBatchingPage/CashBatchingCreatePage.tsx:29:9)
      at onChange 
(src/finance/CashBatchingPage/CashBatchingCreatePage.tsx:82:42)
      at HTMLUnknownElement.callCallback 
(node_modules/react-dom/cjs/react-dom.development.js:4164:14)
      at HTMLUnknownElement.callTheUserObjectsOperation 
(node_modules/jsdom/lib/jsdom/living/generated/EventListener.js:26:30)
      at innerInvokeEventListeners 
(node_modules/jsdom/lib/jsdom/living/events/EventTarget-impl.js:350:25)
      at invokeEventListeners 
(node_modules/jsdom/lib/jsdom/living/events/EventTarget-impl.js:286:3)
      at HTMLUnknownElementImpl._dispatch 
(node_modules/jsdom/lib/jsdom/living/events/EventTarget-impl.js:233:9)
      at HTMLUnknownElementImpl.dispatchEvent 
(node_modules/jsdom/lib/jsdom/living/events/EventTarget-impl.js:104:17)
      at HTMLUnknownElement.dispatchEvent 
(node_modules/jsdom/lib/jsdom/living/generated/EventTarget.js:241:34)
      at Object.invokeGuardedCallbackDev 
(node_modules/react-dom/cjs/react-dom.development.js:4213:16)
      at invokeGuardedCallback 
(node_modules/react-dom/cjs/react-dom.development.js:4277:31)
      at invokeGuardedCallbackAndCatchFirstError 
(node_modules/react-dom/cjs/react-dom.development.js:4291:25)
      at executeDispatch 
(node_modules/react-dom/cjs/react-dom.development.js:9041:3)
      at processDispatchQueueItemsInOrder 
(node_modules/react-dom/cjs/react-dom.development.js:9073:7)
      at processDispatchQueue 
(node_modules/react-dom/cjs/react-dom.development.js:9086:5)
      at dispatchEventsForPlugins 
(node_modules/react-dom/cjs/react-dom.development.js:9097:3)
      at node_modules/react-dom/cjs/react-dom.development.js:9288:12
      at batchedUpdates$1 
(node_modules/react-dom/cjs/react-dom.development.js:26179:12)
      at batchedUpdates 
(node_modules/react-dom/cjs/react-dom.development.js:3991:12)
      at dispatchEventForPluginEventSystem 
(node_modules/react-dom/cjs/react-dom.development.js:9287:3)
      at dispatchEventWithEnableCapturePhaseSelectiveHydrationWithoutDiscreteEv
entReplay (node_modules/react-dom/cjs/react-dom.development.js:6465:5)
      at dispatchEvent 
(node_modules/react-dom/cjs/react-dom.development.js:6457:5)
      at dispatchDiscreteEvent 
(node_modules/react-dom/cjs/react-dom.development.js:6430:5)
      at HTMLDivElement.callTheUserObjectsOperation 
(node_modules/jsdom/lib/jsdom/living/generated/EventListener.js:26:30)
      at innerInvokeEventListeners 
(node_modules/jsdom/lib/jsdom/living/events/EventTarget-impl.js:350:25)
      at invokeEventListeners 
(node_modules/jsdom/lib/jsdom/living/events/EventTarget-impl.js:286:3)
      at HTMLInputElementImpl._dispatch 
(node_modules/jsdom/lib/jsdom/living/events/EventTarget-impl.js:233:9)
      at HTMLInputElementImpl.dispatchEvent 
(node_modules/jsdom/lib/jsdom/living/events/EventTarget-impl.js:104:17)
      at HTMLInputElement.dispatchEvent 
(node_modules/jsdom/lib/jsdom/living/generated/EventTarget.js:241:34)
      at 
node_modules/@testing-library/user-event/dist/cjs/event/dispatchEvent.js:45:43
      at Object.eventWrapper 
(node_modules/@testing-library/dom/dist/config.js:25:23)
      at Object.wrapEvent 
(node_modules/@testing-library/user-event/dist/cjs/event/wrapEvent.js:6:28)
      at Object.dispatchEvent (node_modules/@testing-library/user-event/dist/cj
s/event/dispatchEvent.js:45:22)
      at Object.dispatchUIEvent (node_modules/@testing-library/user-event/dist/
cjs/event/dispatchEvent.js:22:26)
      at commitInput 
(node_modules/@testing-library/user-event/dist/cjs/event/input.js:145:14)
      at editInputElement 
(node_modules/@testing-library/user-event/dist/cjs/event/input.js:115:9)
      at Object.input 
(node_modules/@testing-library/user-event/dist/cjs/event/input.js:37:9)
      at node_modules/@testing-library/user-event/dist/cjs/event/behavior/keypr
ess.js:31:26
      at Object.dispatchEvent (node_modules/@testing-library/user-event/dist/cj
s/event/dispatchEvent.js:41:13)
      at Object.dispatchUIEvent (node_modules/@testing-library/user-event/dist/
cjs/event/dispatchEvent.js:22:26)
      at KeyboardHost.keydown 
(node_modules/@testing-library/user-event/dist/cjs/system/keyboard.js:76:22)
      at keyboardAction 
(node_modules/@testing-library/user-event/dist/cjs/keyboard/index.js:22:35)
      at Object.keyboard 
(node_modules/@testing-library/user-event/dist/cjs/keyboard/index.js:11:15)
      at Object.type 
(node_modules/@testing-library/user-event/dist/cjs/utility/type.js:17:5)
      at Object.<anonymous> (src/finance/__tests__/finance.test.tsx:251:9)

    console.error
      Warning: An update to CashBatchingCreatePage inside a test was not 
wrapped in act(...).
      
      When testing, code that causes React state updates should be wrapped 
into act(...):
      
      act(() => {
        /* fire events that update state */
      });
      /* assert on the output */
      
      This ensures that you're testing the behavior the user would see in the 
browser. Learn more at https://reactjs.org/link/wrap-tests-with-act
          at CashBatchingCreatePage (C:\Users\samhe\OneDrive\Desktop\Cleaned\fr
ontend\src\finance\CashBatchingPage\CashBatchingCreatePage.tsx:22:33)
          at routeContext (C:\Users\samhe\OneDrive\Desktop\Cleaned\frontend\nod
e_modules\react-router\lib\hooks.tsx:658:26)
          at children (C:\Users\samhe\OneDrive\Desktop\Cleaned\frontend\node_mo
dules\react-router\lib\components.tsx:512:3)
          at basenameProp (C:\Users\samhe\OneDrive\Desktop\Cleaned\frontend\nod
e_modules\react-router\lib\components.tsx:421:13)
          at basename (C:\Users\samhe\OneDrive\Desktop\Cleaned\frontend\node_mo
dules\react-router\lib\components.tsx:225:3)

      39 |             return
      40 |         }
    > 41 |         setSaving(true)
         |         ^
      42 |         try {
      43 |             await createCashBatch(form)
      44 |             addNotification('Cash batch created successfully.', 
'success')

      at printWarning 
(node_modules/react-dom/cjs/react-dom.development.js:86:30)
      at error (node_modules/react-dom/cjs/react-dom.development.js:60:7)
      at warnIfUpdatesNotWrappedWithActDEV 
(node_modules/react-dom/cjs/react-dom.development.js:27628:9)
      at scheduleUpdateOnFiber 
(node_modules/react-dom/cjs/react-dom.development.js:25547:5)
      at dispatchSetState 
(node_modules/react-dom/cjs/react-dom.development.js:16708:7)
      at handleSave 
(src/finance/CashBatchingPage/CashBatchingCreatePage.tsx:41:9)
      at HTMLUnknownElement.callCallback 
(node_modules/react-dom/cjs/react-dom.development.js:4164:14)
      at HTMLUnknownElement.callTheUserObjectsOperation 
(node_modules/jsdom/lib/jsdom/living/generated/EventListener.js:26:30)
      at innerInvokeEventListeners 
(node_modules/jsdom/lib/jsdom/living/events/EventTarget-impl.js:350:25)
      at invokeEventListeners 
(node_modules/jsdom/lib/jsdom/living/events/EventTarget-impl.js:286:3)
      at HTMLUnknownElementImpl._dispatch 
(node_modules/jsdom/lib/jsdom/living/events/EventTarget-impl.js:233:9)
      at HTMLUnknownElementImpl.dispatchEvent 
(node_modules/jsdom/lib/jsdom/living/events/EventTarget-impl.js:104:17)
      at HTMLUnknownElement.dispatchEvent 
(node_modules/jsdom/lib/jsdom/living/generated/EventTarget.js:241:34)
      at Object.invokeGuardedCallbackDev 
(node_modules/react-dom/cjs/react-dom.development.js:4213:16)
      at invokeGuardedCallback 
(node_modules/react-dom/cjs/react-dom.development.js:4277:31)
      at invokeGuardedCallbackAndCatchFirstError 
(node_modules/react-dom/cjs/react-dom.development.js:4291:25)
      at executeDispatch 
(node_modules/react-dom/cjs/react-dom.development.js:9041:3)
      at processDispatchQueueItemsInOrder 
(node_modules/react-dom/cjs/react-dom.development.js:9073:7)
      at processDispatchQueue 
(node_modules/react-dom/cjs/react-dom.development.js:9086:5)
      at dispatchEventsForPlugins 
(node_modules/react-dom/cjs/react-dom.development.js:9097:3)
      at node_modules/react-dom/cjs/react-dom.development.js:9288:12
      at batchedUpdates$1 
(node_modules/react-dom/cjs/react-dom.development.js:26179:12)
      at batchedUpdates 
(node_modules/react-dom/cjs/react-dom.development.js:3991:12)
      at dispatchEventForPluginEventSystem 
(node_modules/react-dom/cjs/react-dom.development.js:9287:3)
      at dispatchEventWithEnableCapturePhaseSelectiveHydrationWithoutDiscreteEv
entReplay (node_modules/react-dom/cjs/react-dom.development.js:6465:5)
      at dispatchEvent 
(node_modules/react-dom/cjs/react-dom.development.js:6457:5)
      at dispatchDiscreteEvent 
(node_modules/react-dom/cjs/react-dom.development.js:6430:5)
      at HTMLDivElement.callTheUserObjectsOperation 
(node_modules/jsdom/lib/jsdom/living/generated/EventListener.js:26:30)
      at innerInvokeEventListeners 
(node_modules/jsdom/lib/jsdom/living/events/EventTarget-impl.js:350:25)
      at invokeEventListeners 
(node_modules/jsdom/lib/jsdom/living/events/EventTarget-impl.js:286:3)
      at HTMLButtonElementImpl._dispatch 
(node_modules/jsdom/lib/jsdom/living/events/EventTarget-impl.js:233:9)
      at HTMLButtonElementImpl.dispatchEvent 
(node_modules/jsdom/lib/jsdom/living/events/EventTarget-impl.js:104:17)
      at HTMLButtonElement.dispatchEvent 
(node_modules/jsdom/lib/jsdom/living/generated/EventTarget.js:241:34)
      at 
node_modules/@testing-library/user-event/dist/cjs/event/dispatchEvent.js:45:43
      at Object.eventWrapper 
(node_modules/@testing-library/dom/dist/config.js:25:23)
      at Object.wrapEvent 
(node_modules/@testing-library/user-event/dist/cjs/event/wrapEvent.js:6:28)
      at Object.dispatchEvent (node_modules/@testing-library/user-event/dist/cj
s/event/dispatchEvent.js:45:22)
      at Object.dispatchUIEvent (node_modules/@testing-library/user-event/dist/
cjs/event/dispatchEvent.js:22:26)
      at Mouse.up (node_modules/@testing-library/user-event/dist/cjs/system/poi
nter/mouse.js:100:30)
      at PointerHost.release (node_modules/@testing-library/user-event/dist/cjs
/system/pointer/index.js:87:24)
      at pointerAction 
(node_modules/@testing-library/user-event/dist/cjs/pointer/index.js:54:47)
      at Object.pointer 
(node_modules/@testing-library/user-event/dist/cjs/pointer/index.js:27:9)
      at Object.<anonymous> (src/finance/__tests__/finance.test.tsx:252:9)

    console.error
      Warning: An update to CashBatchingCreatePage inside a test was not 
wrapped in act(...).
      
      When testing, code that causes React state updates should be wrapped 
into act(...):
      
      act(() => {
        /* fire events that update state */
      });
      /* assert on the output */
      
      This ensures that you're testing the behavior the user would see in the 
browser. Learn more at https://reactjs.org/link/wrap-tests-with-act
          at CashBatchingCreatePage (C:\Users\samhe\OneDrive\Desktop\Cleaned\fr
ontend\src\finance\CashBatchingPage\CashBatchingCreatePage.tsx:22:33)
          at routeContext (C:\Users\samhe\OneDrive\Desktop\Cleaned\frontend\nod
e_modules\react-router\lib\hooks.tsx:658:26)
          at children (C:\Users\samhe\OneDrive\Desktop\Cleaned\frontend\node_mo
dules\react-router\lib\components.tsx:512:3)
          at basenameProp (C:\Users\samhe\OneDrive\Desktop\Cleaned\frontend\nod
e_modules\react-router\lib\components.tsx:421:13)
          at basename (C:\Users\samhe\OneDrive\Desktop\Cleaned\frontend\node_mo
dules\react-router\lib\components.tsx:225:3)

      47 |             addNotification('Could not create cash batch.', 'error')
      48 |         } finally {
    > 49 |             setSaving(false)
         |             ^
      50 |         }
      51 |     }
      52 |

      at printWarning 
(node_modules/react-dom/cjs/react-dom.development.js:86:30)
      at error (node_modules/react-dom/cjs/react-dom.development.js:60:7)
      at warnIfUpdatesNotWrappedWithActDEV 
(node_modules/react-dom/cjs/react-dom.development.js:27628:9)
      at scheduleUpdateOnFiber 
(node_modules/react-dom/cjs/react-dom.development.js:25547:5)
      at dispatchSetState 
(node_modules/react-dom/cjs/react-dom.development.js:16708:7)
      at handleSave 
(src/finance/CashBatchingPage/CashBatchingCreatePage.tsx:49:13)

    console.error
      Warning: An update to InvoicesPage inside a test was not wrapped in 
act(...).
      
      When testing, code that causes React state updates should be wrapped 
into act(...):
      
      act(() => {
        /* fire events that update state */
      });
      /* assert on the output */
      
      This ensures that you're testing the behavior the user would see in the 
browser. Learn more at https://reactjs.org/link/wrap-tests-with-act
          at InvoicesPage (C:\Users\samhe\OneDrive\Desktop\Cleaned\frontend\src
\finance\InvoicesPage\InvoicesPage.tsx:50:45)
          at basenameProp (C:\Users\samhe\OneDrive\Desktop\Cleaned\frontend\nod
e_modules\react-router\lib\components.tsx:421:13)
          at basename (C:\Users\samhe\OneDrive\Desktop\Cleaned\frontend\node_mo
dules\react-router\lib\components.tsx:225:3)

      151 |                 <select
      152 |                     value={filterStatus}
    > 153 |                     onChange={(e) => 
setFilterStatus(e.target.value)}
          |                                      ^
      154 |                     className="border border-gray-300 rounded px-3 
py-2 text-sm"
      155 |                 >
      156 |                     <option value="">All Statuses</option>

      at printWarning 
(node_modules/react-dom/cjs/react-dom.development.js:86:30)
      at error (node_modules/react-dom/cjs/react-dom.development.js:60:7)
      at warnIfUpdatesNotWrappedWithActDEV 
(node_modules/react-dom/cjs/react-dom.development.js:27628:9)
      at scheduleUpdateOnFiber 
(node_modules/react-dom/cjs/react-dom.development.js:25547:5)
      at dispatchSetState 
(node_modules/react-dom/cjs/react-dom.development.js:16708:7)
      at onChange (src/finance/InvoicesPage/InvoicesPage.tsx:153:38)
      at HTMLUnknownElement.callCallback 
(node_modules/react-dom/cjs/react-dom.development.js:4164:14)
      at HTMLUnknownElement.callTheUserObjectsOperation 
(node_modules/jsdom/lib/jsdom/living/generated/EventListener.js:26:30)
      at innerInvokeEventListeners 
(node_modules/jsdom/lib/jsdom/living/events/EventTarget-impl.js:350:25)
      at invokeEventListeners 
(node_modules/jsdom/lib/jsdom/living/events/EventTarget-impl.js:286:3)
      at HTMLUnknownElementImpl._dispatch 
(node_modules/jsdom/lib/jsdom/living/events/EventTarget-impl.js:233:9)
      at HTMLUnknownElementImpl.dispatchEvent 
(node_modules/jsdom/lib/jsdom/living/events/EventTarget-impl.js:104:17)
      at HTMLUnknownElement.dispatchEvent 
(node_modules/jsdom/lib/jsdom/living/generated/EventTarget.js:241:34)
      at Object.invokeGuardedCallbackDev 
(node_modules/react-dom/cjs/react-dom.development.js:4213:16)
      at invokeGuardedCallback 
(node_modules/react-dom/cjs/react-dom.development.js:4277:31)
      at invokeGuardedCallbackAndCatchFirstError 
(node_modules/react-dom/cjs/react-dom.development.js:4291:25)
      at executeDispatch 
(node_modules/react-dom/cjs/react-dom.development.js:9041:3)
      at processDispatchQueueItemsInOrder 
(node_modules/react-dom/cjs/react-dom.development.js:9073:7)
      at processDispatchQueue 
(node_modules/react-dom/cjs/react-dom.development.js:9086:5)
      at dispatchEventsForPlugins 
(node_modules/react-dom/cjs/react-dom.development.js:9097:3)
      at node_modules/react-dom/cjs/react-dom.development.js:9288:12
      at batchedUpdates$1 
(node_modules/react-dom/cjs/react-dom.development.js:26179:12)
      at batchedUpdates 
(node_modules/react-dom/cjs/react-dom.development.js:3991:12)
      at dispatchEventForPluginEventSystem 
(node_modules/react-dom/cjs/react-dom.development.js:9287:3)
      at dispatchEventWithEnableCapturePhaseSelectiveHydrationWithoutDiscreteEv
entReplay (node_modules/react-dom/cjs/react-dom.development.js:6465:5)
      at dispatchEvent 
(node_modules/react-dom/cjs/react-dom.development.js:6457:5)
      at dispatchDiscreteEvent 
(node_modules/react-dom/cjs/react-dom.development.js:6430:5)
      at HTMLDivElement.callTheUserObjectsOperation 
(node_modules/jsdom/lib/jsdom/living/generated/EventListener.js:26:30)
      at innerInvokeEventListeners 
(node_modules/jsdom/lib/jsdom/living/events/EventTarget-impl.js:350:25)
      at invokeEventListeners 
(node_modules/jsdom/lib/jsdom/living/events/EventTarget-impl.js:286:3)
      at HTMLSelectElementImpl._dispatch 
(node_modules/jsdom/lib/jsdom/living/events/EventTarget-impl.js:233:9)
      at HTMLSelectElementImpl.dispatchEvent 
(node_modules/jsdom/lib/jsdom/living/events/EventTarget-impl.js:104:17)
      at Proxy.dispatchEvent 
(node_modules/jsdom/lib/jsdom/living/generated/EventTarget.js:241:34)
      at 
node_modules/@testing-library/user-event/dist/cjs/event/dispatchEvent.js:45:43
      at Object.eventWrapper 
(node_modules/@testing-library/dom/dist/config.js:25:23)
      at Object.wrapEvent 
(node_modules/@testing-library/user-event/dist/cjs/event/wrapEvent.js:6:28)
      at Object.dispatchEvent (node_modules/@testing-library/user-event/dist/cj
s/event/dispatchEvent.js:45:22)
      at Object.dispatchUIEvent (node_modules/@testing-library/user-event/dist/
cjs/event/dispatchEvent.js:22:26)
      at selectOption (node_modules/@testing-library/user-event/dist/cjs/utilit
y/selectOptions.js:51:14)
      at Object.selectOptionsBase (node_modules/@testing-library/user-event/dis
t/cjs/utility/selectOptions.js:87:13)
      at Object.<anonymous> (src/finance/__tests__/finance.test.tsx:326:9)

    console.error
      Warning: An update to InvoicesPage inside a test was not wrapped in 
act(...).
      
      When testing, code that causes React state updates should be wrapped 
into act(...):
      
      act(() => {
        /* fire events that update state */
      });
      /* assert on the output */
      
      This ensures that you're testing the behavior the user would see in the 
browser. Learn more at https://reactjs.org/link/wrap-tests-with-act
          at InvoicesPage (C:\Users\samhe\OneDrive\Desktop\Cleaned\frontend\src
\finance\InvoicesPage\InvoicesPage.tsx:50:45)
          at basenameProp (C:\Users\samhe\OneDrive\Desktop\Cleaned\frontend\nod
e_modules\react-router\lib\components.tsx:421:13)
          at basename (C:\Users\samhe\OneDrive\Desktop\Cleaned\frontend\node_mo
dules\react-router\lib\components.tsx:225:3)

      125 |                 <button
      126 |                     type="button"
    > 127 |                     onClick={() => setShowModal(true)}
          |                                    ^
      128 |                     className="flex items-center gap-2 px-4 py-2 
bg-brand-600 text-white rounded-lg text-sm font-medium hover:bg-brand-700"
      129 |                 >
      130 |                     <FiPlus />

      at printWarning 
(node_modules/react-dom/cjs/react-dom.development.js:86:30)
      at error (node_modules/react-dom/cjs/react-dom.development.js:60:7)
      at warnIfUpdatesNotWrappedWithActDEV 
(node_modules/react-dom/cjs/react-dom.development.js:27628:9)
      at scheduleUpdateOnFiber 
(node_modules/react-dom/cjs/react-dom.development.js:25547:5)
      at dispatchSetState 
(node_modules/react-dom/cjs/react-dom.development.js:16708:7)
      at onClick (src/finance/InvoicesPage/InvoicesPage.tsx:127:36)
      at HTMLUnknownElement.callCallback 
(node_modules/react-dom/cjs/react-dom.development.js:4164:14)
      at HTMLUnknownElement.callTheUserObjectsOperation 
(node_modules/jsdom/lib/jsdom/living/generated/EventListener.js:26:30)
      at innerInvokeEventListeners 
(node_modules/jsdom/lib/jsdom/living/events/EventTarget-impl.js:350:25)
      at invokeEventListeners 
(node_modules/jsdom/lib/jsdom/living/events/EventTarget-impl.js:286:3)
      at HTMLUnknownElementImpl._dispatch 
(node_modules/jsdom/lib/jsdom/living/events/EventTarget-impl.js:233:9)
      at HTMLUnknownElementImpl.dispatchEvent 
(node_modules/jsdom/lib/jsdom/living/events/EventTarget-impl.js:104:17)
      at HTMLUnknownElement.dispatchEvent 
(node_modules/jsdom/lib/jsdom/living/generated/EventTarget.js:241:34)
      at Object.invokeGuardedCallbackDev 
(node_modules/react-dom/cjs/react-dom.development.js:4213:16)
      at invokeGuardedCallback 
(node_modules/react-dom/cjs/react-dom.development.js:4277:31)
      at invokeGuardedCallbackAndCatchFirstError 
(node_modules/react-dom/cjs/react-dom.development.js:4291:25)
      at executeDispatch 
(node_modules/react-dom/cjs/react-dom.development.js:9041:3)
      at processDispatchQueueItemsInOrder 
(node_modules/react-dom/cjs/react-dom.development.js:9073:7)
      at processDispatchQueue 
(node_modules/react-dom/cjs/react-dom.development.js:9086:5)
      at dispatchEventsForPlugins 
(node_modules/react-dom/cjs/react-dom.development.js:9097:3)
      at node_modules/react-dom/cjs/react-dom.development.js:9288:12
      at batchedUpdates$1 
(node_modules/react-dom/cjs/react-dom.development.js:26179:12)
      at batchedUpdates 
(node_modules/react-dom/cjs/react-dom.development.js:3991:12)
      at dispatchEventForPluginEventSystem 
(node_modules/react-dom/cjs/react-dom.development.js:9287:3)
      at dispatchEventWithEnableCapturePhaseSelectiveHydrationWithoutDiscreteEv
entReplay (node_modules/react-dom/cjs/react-dom.development.js:6465:5)
      at dispatchEvent 
(node_modules/react-dom/cjs/react-dom.development.js:6457:5)
      at dispatchDiscreteEvent 
(node_modules/react-dom/cjs/react-dom.development.js:6430:5)
      at HTMLDivElement.callTheUserObjectsOperation 
(node_modules/jsdom/lib/jsdom/living/generated/EventListener.js:26:30)
      at innerInvokeEventListeners 
(node_modules/jsdom/lib/jsdom/living/events/EventTarget-impl.js:350:25)
      at invokeEventListeners 
(node_modules/jsdom/lib/jsdom/living/events/EventTarget-impl.js:286:3)
      at HTMLButtonElementImpl._dispatch 
(node_modules/jsdom/lib/jsdom/living/events/EventTarget-impl.js:233:9)
      at HTMLButtonElementImpl.dispatchEvent 
(node_modules/jsdom/lib/jsdom/living/events/EventTarget-impl.js:104:17)
      at HTMLButtonElement.dispatchEvent 
(node_modules/jsdom/lib/jsdom/living/generated/EventTarget.js:241:34)
      at 
node_modules/@testing-library/user-event/dist/cjs/event/dispatchEvent.js:45:43
      at Object.eventWrapper 
(node_modules/@testing-library/dom/dist/config.js:25:23)
      at Object.wrapEvent 
(node_modules/@testing-library/user-event/dist/cjs/event/wrapEvent.js:6:28)
      at Object.dispatchEvent (node_modules/@testing-library/user-event/dist/cj
s/event/dispatchEvent.js:45:22)
      at Object.dispatchUIEvent (node_modules/@testing-library/user-event/dist/
cjs/event/dispatchEvent.js:22:26)
      at Mouse.up (node_modules/@testing-library/user-event/dist/cjs/system/poi
nter/mouse.js:100:30)
      at PointerHost.release (node_modules/@testing-library/user-event/dist/cjs
/system/pointer/index.js:87:24)
      at pointerAction 
(node_modules/@testing-library/user-event/dist/cjs/pointer/index.js:54:47)
      at Object.pointer 
(node_modules/@testing-library/user-event/dist/cjs/pointer/index.js:27:9)
      at Object.<anonymous> (src/finance/__tests__/finance.test.tsx:335:9)

    console.error
      Warning: An update to PaymentsPage inside a test was not wrapped in 
act(...).
      
      When testing, code that causes React state updates should be wrapped 
into act(...):
      
      act(() => {
        /* fire events that update state */
      });
      /* assert on the output */
      
      This ensures that you're testing the behavior the user would see in the 
browser. Learn more at https://reactjs.org/link/wrap-tests-with-act
          at PaymentsPage (C:\Users\samhe\OneDrive\Desktop\Cleaned\frontend\src
\finance\PaymentsPage\PaymentsPage.tsx:45:45)
          at basenameProp (C:\Users\samhe\OneDrive\Desktop\Cleaned\frontend\nod
e_modules\react-router\lib\components.tsx:421:13)
          at basename (C:\Users\samhe\OneDrive\Desktop\Cleaned\frontend\node_mo
dules\react-router\lib\components.tsx:225:3)

      129 |                 <select
      130 |                     value={filterStatus}
    > 131 |                     onChange={(e) => 
setFilterStatus(e.target.value)}
          |                                      ^
      132 |                     className="border border-gray-300 rounded px-3 
py-2 text-sm"
      133 |                 >
      134 |                     <option value="">All Statuses</option>

      at printWarning 
(node_modules/react-dom/cjs/react-dom.development.js:86:30)
      at error (node_modules/react-dom/cjs/react-dom.development.js:60:7)
      at warnIfUpdatesNotWrappedWithActDEV 
(node_modules/react-dom/cjs/react-dom.development.js:27628:9)
      at scheduleUpdateOnFiber 
(node_modules/react-dom/cjs/react-dom.development.js:25547:5)
      at dispatchSetState 
(node_modules/react-dom/cjs/react-dom.development.js:16708:7)
      at onChange (src/finance/PaymentsPage/PaymentsPage.tsx:131:38)
      at HTMLUnknownElement.callCallback 
(node_modules/react-dom/cjs/react-dom.development.js:4164:14)
      at HTMLUnknownElement.callTheUserObjectsOperation 
(node_modules/jsdom/lib/jsdom/living/generated/EventListener.js:26:30)
      at innerInvokeEventListeners 
(node_modules/jsdom/lib/jsdom/living/events/EventTarget-impl.js:350:25)
      at invokeEventListeners 
(node_modules/jsdom/lib/jsdom/living/events/EventTarget-impl.js:286:3)
      at HTMLUnknownElementImpl._dispatch 
(node_modules/jsdom/lib/jsdom/living/events/EventTarget-impl.js:233:9)
      at HTMLUnknownElementImpl.dispatchEvent 
(node_modules/jsdom/lib/jsdom/living/events/EventTarget-impl.js:104:17)
      at HTMLUnknownElement.dispatchEvent 
(node_modules/jsdom/lib/jsdom/living/generated/EventTarget.js:241:34)
      at Object.invokeGuardedCallbackDev 
(node_modules/react-dom/cjs/react-dom.development.js:4213:16)
      at invokeGuardedCallback 
(node_modules/react-dom/cjs/react-dom.development.js:4277:31)
      at invokeGuardedCallbackAndCatchFirstError 
(node_modules/react-dom/cjs/react-dom.development.js:4291:25)
      at executeDispatch 
(node_modules/react-dom/cjs/react-dom.development.js:9041:3)
      at processDispatchQueueItemsInOrder 
(node_modules/react-dom/cjs/react-dom.development.js:9073:7)
      at processDispatchQueue 
(node_modules/react-dom/cjs/react-dom.development.js:9086:5)
      at dispatchEventsForPlugins 
(node_modules/react-dom/cjs/react-dom.development.js:9097:3)
      at node_modules/react-dom/cjs/react-dom.development.js:9288:12
      at batchedUpdates$1 
(node_modules/react-dom/cjs/react-dom.development.js:26179:12)
      at batchedUpdates 
(node_modules/react-dom/cjs/react-dom.development.js:3991:12)
      at dispatchEventForPluginEventSystem 
(node_modules/react-dom/cjs/react-dom.development.js:9287:3)
      at dispatchEventWithEnableCapturePhaseSelectiveHydrationWithoutDiscreteEv
entReplay (node_modules/react-dom/cjs/react-dom.development.js:6465:5)
      at dispatchEvent 
(node_modules/react-dom/cjs/react-dom.development.js:6457:5)
      at dispatchDiscreteEvent 
(node_modules/react-dom/cjs/react-dom.development.js:6430:5)
      at HTMLDivElement.callTheUserObjectsOperation 
(node_modules/jsdom/lib/jsdom/living/generated/EventListener.js:26:30)
      at innerInvokeEventListeners 
(node_modules/jsdom/lib/jsdom/living/events/EventTarget-impl.js:350:25)
      at invokeEventListeners 
(node_modules/jsdom/lib/jsdom/living/events/EventTarget-impl.js:286:3)
      at HTMLSelectElementImpl._dispatch 
(node_modules/jsdom/lib/jsdom/living/events/EventTarget-impl.js:233:9)
      at HTMLSelectElementImpl.dispatchEvent 
(node_modules/jsdom/lib/jsdom/living/events/EventTarget-impl.js:104:17)
      at Proxy.dispatchEvent 
(node_modules/jsdom/lib/jsdom/living/generated/EventTarget.js:241:34)
      at 
node_modules/@testing-library/user-event/dist/cjs/event/dispatchEvent.js:45:43
      at Object.eventWrapper 
(node_modules/@testing-library/dom/dist/config.js:25:23)
      at Object.wrapEvent 
(node_modules/@testing-library/user-event/dist/cjs/event/wrapEvent.js:6:28)
      at Object.dispatchEvent (node_modules/@testing-library/user-event/dist/cj
s/event/dispatchEvent.js:45:22)
      at Object.dispatchUIEvent (node_modules/@testing-library/user-event/dist/
cjs/event/dispatchEvent.js:22:26)
      at selectOption (node_modules/@testing-library/user-event/dist/cjs/utilit
y/selectOptions.js:51:14)
      at Object.selectOptionsBase (node_modules/@testing-library/user-event/dis
t/cjs/utility/selectOptions.js:87:13)
      at Object.<anonymous> (src/finance/__tests__/finance.test.tsx:425:9)

    console.error
      Warning: An update to PaymentsPage inside a test was not wrapped in 
act(...).
      
      When testing, code that causes React state updates should be wrapped 
into act(...):
      
      act(() => {
        /* fire events that update state */
      });
      /* assert on the output */
      
      This ensures that you're testing the behavior the user would see in the 
browser. Learn more at https://reactjs.org/link/wrap-tests-with-act
          at PaymentsPage (C:\Users\samhe\OneDrive\Desktop\Cleaned\frontend\src
\finance\PaymentsPage\PaymentsPage.tsx:45:45)
          at basenameProp (C:\Users\samhe\OneDrive\Desktop\Cleaned\frontend\nod
e_modules\react-router\lib\components.tsx:421:13)
          at basename (C:\Users\samhe\OneDrive\Desktop\Cleaned\frontend\node_mo
dules\react-router\lib\components.tsx:225:3)

      104 |                 <button
      105 |                     type="button"
    > 106 |                     onClick={() => setShowModal(true)}
          |                                    ^
      107 |                     className="flex items-center gap-2 px-4 py-2 
bg-brand-600 text-white rounded-lg text-sm font-medium hover:bg-brand-700"
      108 |                 >
      109 |                     <FiPlus />

      at printWarning 
(node_modules/react-dom/cjs/react-dom.development.js:86:30)
      at error (node_modules/react-dom/cjs/react-dom.development.js:60:7)
      at warnIfUpdatesNotWrappedWithActDEV 
(node_modules/react-dom/cjs/react-dom.development.js:27628:9)
      at scheduleUpdateOnFiber 
(node_modules/react-dom/cjs/react-dom.development.js:25547:5)
      at dispatchSetState 
(node_modules/react-dom/cjs/react-dom.development.js:16708:7)
      at onClick (src/finance/PaymentsPage/PaymentsPage.tsx:106:36)
      at HTMLUnknownElement.callCallback 
(node_modules/react-dom/cjs/react-dom.development.js:4164:14)
      at HTMLUnknownElement.callTheUserObjectsOperation 
(node_modules/jsdom/lib/jsdom/living/generated/EventListener.js:26:30)
      at innerInvokeEventListeners 
(node_modules/jsdom/lib/jsdom/living/events/EventTarget-impl.js:350:25)
      at invokeEventListeners 
(node_modules/jsdom/lib/jsdom/living/events/EventTarget-impl.js:286:3)
      at HTMLUnknownElementImpl._dispatch 
(node_modules/jsdom/lib/jsdom/living/events/EventTarget-impl.js:233:9)
      at HTMLUnknownElementImpl.dispatchEvent 
(node_modules/jsdom/lib/jsdom/living/events/EventTarget-impl.js:104:17)
      at HTMLUnknownElement.dispatchEvent 
(node_modules/jsdom/lib/jsdom/living/generated/EventTarget.js:241:34)
      at Object.invokeGuardedCallbackDev 
(node_modules/react-dom/cjs/react-dom.development.js:4213:16)
      at invokeGuardedCallback 
(node_modules/react-dom/cjs/react-dom.development.js:4277:31)
      at invokeGuardedCallbackAndCatchFirstError 
(node_modules/react-dom/cjs/react-dom.development.js:4291:25)
      at executeDispatch 
(node_modules/react-dom/cjs/react-dom.development.js:9041:3)
      at processDispatchQueueItemsInOrder 
(node_modules/react-dom/cjs/react-dom.development.js:9073:7)
      at processDispatchQueue 
(node_modules/react-dom/cjs/react-dom.development.js:9086:5)
      at dispatchEventsForPlugins 
(node_modules/react-dom/cjs/react-dom.development.js:9097:3)
      at node_modules/react-dom/cjs/react-dom.development.js:9288:12
      at batchedUpdates$1 
(node_modules/react-dom/cjs/react-dom.development.js:26179:12)
      at batchedUpdates 
(node_modules/react-dom/cjs/react-dom.development.js:3991:12)
      at dispatchEventForPluginEventSystem 
(node_modules/react-dom/cjs/react-dom.development.js:9287:3)
      at dispatchEventWithEnableCapturePhaseSelectiveHydrationWithoutDiscreteEv
entReplay (node_modules/react-dom/cjs/react-dom.development.js:6465:5)
      at dispatchEvent 
(node_modules/react-dom/cjs/react-dom.development.js:6457:5)
      at dispatchDiscreteEvent 
(node_modules/react-dom/cjs/react-dom.development.js:6430:5)
      at HTMLDivElement.callTheUserObjectsOperation 
(node_modules/jsdom/lib/jsdom/living/generated/EventListener.js:26:30)
      at innerInvokeEventListeners 
(node_modules/jsdom/lib/jsdom/living/events/EventTarget-impl.js:350:25)
      at invokeEventListeners 
(node_modules/jsdom/lib/jsdom/living/events/EventTarget-impl.js:286:3)
      at HTMLButtonElementImpl._dispatch 
(node_modules/jsdom/lib/jsdom/living/events/EventTarget-impl.js:233:9)
      at HTMLButtonElementImpl.dispatchEvent 
(node_modules/jsdom/lib/jsdom/living/events/EventTarget-impl.js:104:17)
      at HTMLButtonElement.dispatchEvent 
(node_modules/jsdom/lib/jsdom/living/generated/EventTarget.js:241:34)
      at 
node_modules/@testing-library/user-event/dist/cjs/event/dispatchEvent.js:45:43
      at Object.eventWrapper 
(node_modules/@testing-library/dom/dist/config.js:25:23)
      at Object.wrapEvent 
(node_modules/@testing-library/user-event/dist/cjs/event/wrapEvent.js:6:28)
      at Object.dispatchEvent (node_modules/@testing-library/user-event/dist/cj
s/event/dispatchEvent.js:45:22)
      at Object.dispatchUIEvent (node_modules/@testing-library/user-event/dist/
cjs/event/dispatchEvent.js:22:26)
      at Mouse.up (node_modules/@testing-library/user-event/dist/cjs/system/poi
nter/mouse.js:100:30)
      at PointerHost.release (node_modules/@testing-library/user-event/dist/cjs
/system/pointer/index.js:87:24)
      at pointerAction 
(node_modules/@testing-library/user-event/dist/cjs/pointer/index.js:54:47)
      at Object.pointer 
(node_modules/@testing-library/user-event/dist/cjs/pointer/index.js:27:9)
      at Object.<anonymous> (src/finance/__tests__/finance.test.tsx:434:9)

    console.error
      Warning: An update to TrialBalancePage inside a test was not wrapped in 
act(...).
      
      When testing, code that causes React state updates should be wrapped 
into act(...):
      
      act(() => {
        /* fire events that update state */
      });
      /* assert on the output */
      
      This ensures that you're testing the behavior the user would see in the 
browser. Learn more at https://reactjs.org/link/wrap-tests-with-act
          at TrialBalancePage (C:\Users\samhe\OneDrive\Desktop\Cleaned\frontend
\src\finance\TrialBalancePage\TrialBalancePage.tsx:16:37)
          at basenameProp (C:\Users\samhe\OneDrive\Desktop\Cleaned\frontend\nod
e_modules\react-router\lib\components.tsx:421:13)
          at basename (C:\Users\samhe\OneDrive\Desktop\Cleaned\frontend\node_mo
dules\react-router\lib\components.tsx:225:3)

      18 |
      19 |     async function handleGenerate() {
    > 20 |         setLoading(true)
         |         ^
      21 |         try {
      22 |             const data = await getTrialBalance()
      23 |             setRows(data)

      at printWarning 
(node_modules/react-dom/cjs/react-dom.development.js:86:30)
      at error (node_modules/react-dom/cjs/react-dom.development.js:60:7)
      at warnIfUpdatesNotWrappedWithActDEV 
(node_modules/react-dom/cjs/react-dom.development.js:27628:9)
      at scheduleUpdateOnFiber 
(node_modules/react-dom/cjs/react-dom.development.js:25547:5)
      at dispatchSetState 
(node_modules/react-dom/cjs/react-dom.development.js:16708:7)
      at handleGenerate 
(src/finance/TrialBalancePage/TrialBalancePage.tsx:20:9)
      at HTMLUnknownElement.callCallback 
(node_modules/react-dom/cjs/react-dom.development.js:4164:14)
      at HTMLUnknownElement.callTheUserObjectsOperation 
(node_modules/jsdom/lib/jsdom/living/generated/EventListener.js:26:30)
      at innerInvokeEventListeners 
(node_modules/jsdom/lib/jsdom/living/events/EventTarget-impl.js:350:25)
      at invokeEventListeners 
(node_modules/jsdom/lib/jsdom/living/events/EventTarget-impl.js:286:3)
      at HTMLUnknownElementImpl._dispatch 
(node_modules/jsdom/lib/jsdom/living/events/EventTarget-impl.js:233:9)
      at HTMLUnknownElementImpl.dispatchEvent 
(node_modules/jsdom/lib/jsdom/living/events/EventTarget-impl.js:104:17)
      at HTMLUnknownElement.dispatchEvent 
(node_modules/jsdom/lib/jsdom/living/generated/EventTarget.js:241:34)
      at Object.invokeGuardedCallbackDev 
(node_modules/react-dom/cjs/react-dom.development.js:4213:16)
      at invokeGuardedCallback 
(node_modules/react-dom/cjs/react-dom.development.js:4277:31)
      at invokeGuardedCallbackAndCatchFirstError 
(node_modules/react-dom/cjs/react-dom.development.js:4291:25)
      at executeDispatch 
(node_modules/react-dom/cjs/react-dom.development.js:9041:3)
      at processDispatchQueueItemsInOrder 
(node_modules/react-dom/cjs/react-dom.development.js:9073:7)
      at processDispatchQueue 
(node_modules/react-dom/cjs/react-dom.development.js:9086:5)
      at dispatchEventsForPlugins 
(node_modules/react-dom/cjs/react-dom.development.js:9097:3)
      at node_modules/react-dom/cjs/react-dom.development.js:9288:12
      at batchedUpdates$1 
(node_modules/react-dom/cjs/react-dom.development.js:26179:12)
      at batchedUpdates 
(node_modules/react-dom/cjs/react-dom.development.js:3991:12)
      at dispatchEventForPluginEventSystem 
(node_modules/react-dom/cjs/react-dom.development.js:9287:3)
      at dispatchEventWithEnableCapturePhaseSelectiveHydrationWithoutDiscreteEv
entReplay (node_modules/react-dom/cjs/react-dom.development.js:6465:5)
      at dispatchEvent 
(node_modules/react-dom/cjs/react-dom.development.js:6457:5)
      at dispatchDiscreteEvent 
(node_modules/react-dom/cjs/react-dom.development.js:6430:5)
      at HTMLDivElement.callTheUserObjectsOperation 
(node_modules/jsdom/lib/jsdom/living/generated/EventListener.js:26:30)
      at innerInvokeEventListeners 
(node_modules/jsdom/lib/jsdom/living/events/EventTarget-impl.js:350:25)
      at invokeEventListeners 
(node_modules/jsdom/lib/jsdom/living/events/EventTarget-impl.js:286:3)
      at HTMLButtonElementImpl._dispatch 
(node_modules/jsdom/lib/jsdom/living/events/EventTarget-impl.js:233:9)
      at HTMLButtonElementImpl.dispatchEvent 
(node_modules/jsdom/lib/jsdom/living/events/EventTarget-impl.js:104:17)
      at HTMLButtonElement.dispatchEvent 
(node_modules/jsdom/lib/jsdom/living/generated/EventTarget.js:241:34)
      at 
node_modules/@testing-library/user-event/dist/cjs/event/dispatchEvent.js:45:43
      at Object.eventWrapper 
(node_modules/@testing-library/dom/dist/config.js:25:23)
      at Object.wrapEvent 
(node_modules/@testing-library/user-event/dist/cjs/event/wrapEvent.js:6:28)
      at Object.dispatchEvent (node_modules/@testing-library/user-event/dist/cj
s/event/dispatchEvent.js:45:22)
      at Object.dispatchUIEvent (node_modules/@testing-library/user-event/dist/
cjs/event/dispatchEvent.js:22:26)
      at Mouse.up (node_modules/@testing-library/user-event/dist/cjs/system/poi
nter/mouse.js:100:30)
      at PointerHost.release (node_modules/@testing-library/user-event/dist/cjs
/system/pointer/index.js:87:24)
      at pointerAction 
(node_modules/@testing-library/user-event/dist/cjs/pointer/index.js:54:47)
      at Object.pointer 
(node_modules/@testing-library/user-event/dist/cjs/pointer/index.js:27:9)
      at Object.<anonymous> (src/finance/__tests__/finance.test.tsx:479:9)

    console.error
      Warning: An update to TrialBalancePage inside a test was not wrapped in 
act(...).
      
      When testing, code that causes React state updates should be wrapped 
into act(...):
      
      act(() => {
        /* fire events that update state */
      });
      /* assert on the output */
      
      This ensures that you're testing the behavior the user would see in the 
browser. Learn more at https://reactjs.org/link/wrap-tests-with-act
          at TrialBalancePage (C:\Users\samhe\OneDrive\Desktop\Cleaned\frontend
\src\finance\TrialBalancePage\TrialBalancePage.tsx:16:37)
          at basenameProp (C:\Users\samhe\OneDrive\Desktop\Cleaned\frontend\nod
e_modules\react-router\lib\components.tsx:421:13)
          at basename (C:\Users\samhe\OneDrive\Desktop\Cleaned\frontend\node_mo
dules\react-router\lib\components.tsx:225:3)

      21 |         try {
      22 |             const data = await getTrialBalance()
    > 23 |             setRows(data)
         |             ^
      24 |         } catch {
      25 |             addNotification('Could not generate trial balance.', 
'error')
      26 |         } finally {

      at printWarning 
(node_modules/react-dom/cjs/react-dom.development.js:86:30)
      at error (node_modules/react-dom/cjs/react-dom.development.js:60:7)
      at warnIfUpdatesNotWrappedWithActDEV 
(node_modules/react-dom/cjs/react-dom.development.js:27628:9)
      at scheduleUpdateOnFiber 
(node_modules/react-dom/cjs/react-dom.development.js:25547:5)
      at dispatchSetState 
(node_modules/react-dom/cjs/react-dom.development.js:16708:7)
      at handleGenerate 
(src/finance/TrialBalancePage/TrialBalancePage.tsx:23:13)

    console.error
      Warning: An update to TrialBalancePage inside a test was not wrapped in 
act(...).
      
      When testing, code that causes React state updates should be wrapped 
into act(...):
      
      act(() => {
        /* fire events that update state */
      });
      /* assert on the output */
      
      This ensures that you're testing the behavior the user would see in the 
browser. Learn more at https://reactjs.org/link/wrap-tests-with-act
          at TrialBalancePage (C:\Users\samhe\OneDrive\Desktop\Cleaned\frontend
\src\finance\TrialBalancePage\TrialBalancePage.tsx:16:37)
          at basenameProp (C:\Users\samhe\OneDrive\Desktop\Cleaned\frontend\nod
e_modules\react-router\lib\components.tsx:421:13)
          at basename (C:\Users\samhe\OneDrive\Desktop\Cleaned\frontend\node_mo
dules\react-router\lib\components.tsx:225:3)

      25 |             addNotification('Could not generate trial balance.', 
'error')
      26 |         } finally {
    > 27 |             setLoading(false)
         |             ^
      28 |         }
      29 |     }
      30 |

      at printWarning 
(node_modules/react-dom/cjs/react-dom.development.js:86:30)
      at error (node_modules/react-dom/cjs/react-dom.development.js:60:7)
      at warnIfUpdatesNotWrappedWithActDEV 
(node_modules/react-dom/cjs/react-dom.development.js:27628:9)
      at scheduleUpdateOnFiber 
(node_modules/react-dom/cjs/react-dom.development.js:25547:5)
      at dispatchSetState 
(node_modules/react-dom/cjs/react-dom.development.js:16708:7)
      at handleGenerate 
(src/finance/TrialBalancePage/TrialBalancePage.tsx:27:13)

    console.error
      Warning: An update to TrialBalancePage inside a test was not wrapped in 
act(...).
      
      When testing, code that causes React state updates should be wrapped 
into act(...):
      
      act(() => {
        /* fire events that update state */
      });
      /* assert on the output */
      
      This ensures that you're testing the behavior the user would see in the 
browser. Learn more at https://reactjs.org/link/wrap-tests-with-act
          at TrialBalancePage (C:\Users\samhe\OneDrive\Desktop\Cleaned\frontend
\src\finance\TrialBalancePage\TrialBalancePage.tsx:16:37)
          at basenameProp (C:\Users\samhe\OneDrive\Desktop\Cleaned\frontend\nod
e_modules\react-router\lib\components.tsx:421:13)
          at basename (C:\Users\samhe\OneDrive\Desktop\Cleaned\frontend\node_mo
dules\react-router\lib\components.tsx:225:3)

      18 |
      19 |     async function handleGenerate() {
    > 20 |         setLoading(true)
         |         ^
      21 |         try {
      22 |             const data = await getTrialBalance()
      23 |             setRows(data)

      at printWarning 
(node_modules/react-dom/cjs/react-dom.development.js:86:30)
      at error (node_modules/react-dom/cjs/react-dom.development.js:60:7)
      at warnIfUpdatesNotWrappedWithActDEV 
(node_modules/react-dom/cjs/react-dom.development.js:27628:9)
      at scheduleUpdateOnFiber 
(node_modules/react-dom/cjs/react-dom.development.js:25547:5)
      at dispatchSetState 
(node_modules/react-dom/cjs/react-dom.development.js:16708:7)
      at handleGenerate 
(src/finance/TrialBalancePage/TrialBalancePage.tsx:20:9)
      at HTMLUnknownElement.callCallback 
(node_modules/react-dom/cjs/react-dom.development.js:4164:14)
      at HTMLUnknownElement.callTheUserObjectsOperation 
(node_modules/jsdom/lib/jsdom/living/generated/EventListener.js:26:30)
      at innerInvokeEventListeners 
(node_modules/jsdom/lib/jsdom/living/events/EventTarget-impl.js:350:25)
      at invokeEventListeners 
(node_modules/jsdom/lib/jsdom/living/events/EventTarget-impl.js:286:3)
      at HTMLUnknownElementImpl._dispatch 
(node_modules/jsdom/lib/jsdom/living/events/EventTarget-impl.js:233:9)
      at HTMLUnknownElementImpl.dispatchEvent 
(node_modules/jsdom/lib/jsdom/living/events/EventTarget-impl.js:104:17)
      at HTMLUnknownElement.dispatchEvent 
(node_modules/jsdom/lib/jsdom/living/generated/EventTarget.js:241:34)
      at Object.invokeGuardedCallbackDev 
(node_modules/react-dom/cjs/react-dom.development.js:4213:16)
      at invokeGuardedCallback 
(node_modules/react-dom/cjs/react-dom.development.js:4277:31)
      at invokeGuardedCallbackAndCatchFirstError 
(node_modules/react-dom/cjs/react-dom.development.js:4291:25)
      at executeDispatch 
(node_modules/react-dom/cjs/react-dom.development.js:9041:3)
      at processDispatchQueueItemsInOrder 
(node_modules/react-dom/cjs/react-dom.development.js:9073:7)
      at processDispatchQueue 
(node_modules/react-dom/cjs/react-dom.development.js:9086:5)
      at dispatchEventsForPlugins 
(node_modules/react-dom/cjs/react-dom.development.js:9097:3)
      at node_modules/react-dom/cjs/react-dom.development.js:9288:12
      at batchedUpdates$1 
(node_modules/react-dom/cjs/react-dom.development.js:26179:12)
      at batchedUpdates 
(node_modules/react-dom/cjs/react-dom.development.js:3991:12)
      at dispatchEventForPluginEventSystem 
(node_modules/react-dom/cjs/react-dom.development.js:9287:3)
      at dispatchEventWithEnableCapturePhaseSelectiveHydrationWithoutDiscreteEv
entReplay (node_modules/react-dom/cjs/react-dom.development.js:6465:5)
      at dispatchEvent 
(node_modules/react-dom/cjs/react-dom.development.js:6457:5)
      at dispatchDiscreteEvent 
(node_modules/react-dom/cjs/react-dom.development.js:6430:5)
      at HTMLDivElement.callTheUserObjectsOperation 
(node_modules/jsdom/lib/jsdom/living/generated/EventListener.js:26:30)
      at innerInvokeEventListeners 
(node_modules/jsdom/lib/jsdom/living/events/EventTarget-impl.js:350:25)
      at invokeEventListeners 
(node_modules/jsdom/lib/jsdom/living/events/EventTarget-impl.js:286:3)
      at HTMLButtonElementImpl._dispatch 
(node_modules/jsdom/lib/jsdom/living/events/EventTarget-impl.js:233:9)
      at HTMLButtonElementImpl.dispatchEvent 
(node_modules/jsdom/lib/jsdom/living/events/EventTarget-impl.js:104:17)
      at HTMLButtonElement.dispatchEvent 
(node_modules/jsdom/lib/jsdom/living/generated/EventTarget.js:241:34)
      at 
node_modules/@testing-library/user-event/dist/cjs/event/dispatchEvent.js:45:43
      at Object.eventWrapper 
(node_modules/@testing-library/dom/dist/config.js:25:23)
      at Object.wrapEvent 
(node_modules/@testing-library/user-event/dist/cjs/event/wrapEvent.js:6:28)
      at Object.dispatchEvent (node_modules/@testing-library/user-event/dist/cj
s/event/dispatchEvent.js:45:22)
      at Object.dispatchUIEvent (node_modules/@testing-library/user-event/dist/
cjs/event/dispatchEvent.js:22:26)
      at Mouse.up (node_modules/@testing-library/user-event/dist/cjs/system/poi
nter/mouse.js:100:30)
      at PointerHost.release (node_modules/@testing-library/user-event/dist/cjs
/system/pointer/index.js:87:24)
      at pointerAction 
(node_modules/@testing-library/user-event/dist/cjs/pointer/index.js:54:47)
      at Object.pointer 
(node_modules/@testing-library/user-event/dist/cjs/pointer/index.js:27:9)
      at Object.<anonymous> (src/finance/__tests__/finance.test.tsx:490:9)

    console.error
      Warning: An update to TrialBalancePage inside a test was not wrapped in 
act(...).
      
      When testing, code that causes React state updates should be wrapped 
into act(...):
      
      act(() => {
        /* fire events that update state */
      });
      /* assert on the output */
      
      This ensures that you're testing the behavior the user would see in the 
browser. Learn more at https://reactjs.org/link/wrap-tests-with-act
          at TrialBalancePage (C:\Users\samhe\OneDrive\Desktop\Cleaned\frontend
\src\finance\TrialBalancePage\TrialBalancePage.tsx:16:37)
          at basenameProp (C:\Users\samhe\OneDrive\Desktop\Cleaned\frontend\nod
e_modules\react-router\lib\components.tsx:421:13)
          at basename (C:\Users\samhe\OneDrive\Desktop\Cleaned\frontend\node_mo
dules\react-router\lib\components.tsx:225:3)

      21 |         try {
      22 |             const data = await getTrialBalance()
    > 23 |             setRows(data)
         |             ^
      24 |         } catch {
      25 |             addNotification('Could not generate trial balance.', 
'error')
      26 |         } finally {

      at printWarning 
(node_modules/react-dom/cjs/react-dom.development.js:86:30)
      at error (node_modules/react-dom/cjs/react-dom.development.js:60:7)
      at warnIfUpdatesNotWrappedWithActDEV 
(node_modules/react-dom/cjs/react-dom.development.js:27628:9)
      at scheduleUpdateOnFiber 
(node_modules/react-dom/cjs/react-dom.development.js:25547:5)
      at dispatchSetState 
(node_modules/react-dom/cjs/react-dom.development.js:16708:7)
      at handleGenerate 
(src/finance/TrialBalancePage/TrialBalancePage.tsx:23:13)

    console.error
      Warning: An update to TrialBalancePage inside a test was not wrapped in 
act(...).
      
      When testing, code that causes React state updates should be wrapped 
into act(...):
      
      act(() => {
        /* fire events that update state */
      });
      /* assert on the output */
      
      This ensures that you're testing the behavior the user would see in the 
browser. Learn more at https://reactjs.org/link/wrap-tests-with-act
          at TrialBalancePage (C:\Users\samhe\OneDrive\Desktop\Cleaned\frontend
\src\finance\TrialBalancePage\TrialBalancePage.tsx:16:37)
          at basenameProp (C:\Users\samhe\OneDrive\Desktop\Cleaned\frontend\nod
e_modules\react-router\lib\components.tsx:421:13)
          at basename (C:\Users\samhe\OneDrive\Desktop\Cleaned\frontend\node_mo
dules\react-router\lib\components.tsx:225:3)

      25 |             addNotification('Could not generate trial balance.', 
'error')
      26 |         } finally {
    > 27 |             setLoading(false)
         |             ^
      28 |         }
      29 |     }
      30 |

      at printWarning 
(node_modules/react-dom/cjs/react-dom.development.js:86:30)
      at error (node_modules/react-dom/cjs/react-dom.development.js:60:7)
      at warnIfUpdatesNotWrappedWithActDEV 
(node_modules/react-dom/cjs/react-dom.development.js:27628:9)
      at scheduleUpdateOnFiber 
(node_modules/react-dom/cjs/react-dom.development.js:25547:5)
      at dispatchSetState 
(node_modules/react-dom/cjs/react-dom.development.js:16708:7)
      at handleGenerate 
(src/finance/TrialBalancePage/TrialBalancePage.tsx:27:13)

    console.error
      Warning: An update to TrialBalancePage inside a test was not wrapped in 
act(...).
      
      When testing, code that causes React state updates should be wrapped 
into act(...):
      
      act(() => {
        /* fire events that update state */
      });
      /* assert on the output */
      
      This ensures that you're testing the behavior the user would see in the 
browser. Learn more at https://reactjs.org/link/wrap-tests-with-act
          at TrialBalancePage (C:\Users\samhe\OneDrive\Desktop\Cleaned\frontend
\src\finance\TrialBalancePage\TrialBalancePage.tsx:16:37)
          at basenameProp (C:\Users\samhe\OneDrive\Desktop\Cleaned\frontend\nod
e_modules\react-router\lib\components.tsx:421:13)
          at basename (C:\Users\samhe\OneDrive\Desktop\Cleaned\frontend\node_mo
dules\react-router\lib\components.tsx:225:3)

      18 |
      19 |     async function handleGenerate() {
    > 20 |         setLoading(true)
         |         ^
      21 |         try {
      22 |             const data = await getTrialBalance()
      23 |             setRows(data)

      at printWarning 
(node_modules/react-dom/cjs/react-dom.development.js:86:30)
      at error (node_modules/react-dom/cjs/react-dom.development.js:60:7)
      at warnIfUpdatesNotWrappedWithActDEV 
(node_modules/react-dom/cjs/react-dom.development.js:27628:9)
      at scheduleUpdateOnFiber 
(node_modules/react-dom/cjs/react-dom.development.js:25547:5)
      at dispatchSetState 
(node_modules/react-dom/cjs/react-dom.development.js:16708:7)
      at handleGenerate 
(src/finance/TrialBalancePage/TrialBalancePage.tsx:20:9)
      at HTMLUnknownElement.callCallback 
(node_modules/react-dom/cjs/react-dom.development.js:4164:14)
      at HTMLUnknownElement.callTheUserObjectsOperation 
(node_modules/jsdom/lib/jsdom/living/generated/EventListener.js:26:30)
      at innerInvokeEventListeners 
(node_modules/jsdom/lib/jsdom/living/events/EventTarget-impl.js:350:25)
      at invokeEventListeners 
(node_modules/jsdom/lib/jsdom/living/events/EventTarget-impl.js:286:3)
      at HTMLUnknownElementImpl._dispatch 
(node_modules/jsdom/lib/jsdom/living/events/EventTarget-impl.js:233:9)
      at HTMLUnknownElementImpl.dispatchEvent 
(node_modules/jsdom/lib/jsdom/living/events/EventTarget-impl.js:104:17)
      at HTMLUnknownElement.dispatchEvent 
(node_modules/jsdom/lib/jsdom/living/generated/EventTarget.js:241:34)
      at Object.invokeGuardedCallbackDev 
(node_modules/react-dom/cjs/react-dom.development.js:4213:16)
      at invokeGuardedCallback 
(node_modules/react-dom/cjs/react-dom.development.js:4277:31)
      at invokeGuardedCallbackAndCatchFirstError 
(node_modules/react-dom/cjs/react-dom.development.js:4291:25)
      at executeDispatch 
(node_modules/react-dom/cjs/react-dom.development.js:9041:3)
      at processDispatchQueueItemsInOrder 
(node_modules/react-dom/cjs/react-dom.development.js:9073:7)
      at processDispatchQueue 
(node_modules/react-dom/cjs/react-dom.development.js:9086:5)
      at dispatchEventsForPlugins 
(node_modules/react-dom/cjs/react-dom.development.js:9097:3)
      at node_modules/react-dom/cjs/react-dom.development.js:9288:12
      at batchedUpdates$1 
(node_modules/react-dom/cjs/react-dom.development.js:26179:12)
      at batchedUpdates 
(node_modules/react-dom/cjs/react-dom.development.js:3991:12)
      at dispatchEventForPluginEventSystem 
(node_modules/react-dom/cjs/react-dom.development.js:9287:3)
      at dispatchEventWithEnableCapturePhaseSelectiveHydrationWithoutDiscreteEv
entReplay (node_modules/react-dom/cjs/react-dom.development.js:6465:5)
      at dispatchEvent 
(node_modules/react-dom/cjs/react-dom.development.js:6457:5)
      at dispatchDiscreteEvent 
(node_modules/react-dom/cjs/react-dom.development.js:6430:5)
      at HTMLDivElement.callTheUserObjectsOperation 
(node_modules/jsdom/lib/jsdom/living/generated/EventListener.js:26:30)
      at innerInvokeEventListeners 
(node_modules/jsdom/lib/jsdom/living/events/EventTarget-impl.js:350:25)
      at invokeEventListeners 
(node_modules/jsdom/lib/jsdom/living/events/EventTarget-impl.js:286:3)
      at HTMLButtonElementImpl._dispatch 
(node_modules/jsdom/lib/jsdom/living/events/EventTarget-impl.js:233:9)
      at HTMLButtonElementImpl.dispatchEvent 
(node_modules/jsdom/lib/jsdom/living/events/EventTarget-impl.js:104:17)
      at HTMLButtonElement.dispatchEvent 
(node_modules/jsdom/lib/jsdom/living/generated/EventTarget.js:241:34)
      at 
node_modules/@testing-library/user-event/dist/cjs/event/dispatchEvent.js:45:43
      at Object.eventWrapper 
(node_modules/@testing-library/dom/dist/config.js:25:23)
      at Object.wrapEvent 
(node_modules/@testing-library/user-event/dist/cjs/event/wrapEvent.js:6:28)
      at Object.dispatchEvent (node_modules/@testing-library/user-event/dist/cj
s/event/dispatchEvent.js:45:22)
      at Object.dispatchUIEvent (node_modules/@testing-library/user-event/dist/
cjs/event/dispatchEvent.js:22:26)
      at Mouse.up (node_modules/@testing-library/user-event/dist/cjs/system/poi
nter/mouse.js:100:30)
      at PointerHost.release (node_modules/@testing-library/user-event/dist/cjs
/system/pointer/index.js:87:24)
      at pointerAction 
(node_modules/@testing-library/user-event/dist/cjs/pointer/index.js:54:47)
      at Object.pointer 
(node_modules/@testing-library/user-event/dist/cjs/pointer/index.js:27:9)
      at Object.<anonymous> (src/finance/__tests__/finance.test.tsx:498:9)

    console.error
      Warning: An update to TrialBalancePage inside a test was not wrapped in 
act(...).
      
      When testing, code that causes React state updates should be wrapped 
into act(...):
      
      act(() => {
        /* fire events that update state */
      });
      /* assert on the output */
      
      This ensures that you're testing the behavior the user would see in the 
browser. Learn more at https://reactjs.org/link/wrap-tests-with-act
          at TrialBalancePage (C:\Users\samhe\OneDrive\Desktop\Cleaned\frontend
\src\finance\TrialBalancePage\TrialBalancePage.tsx:16:37)
          at basenameProp (C:\Users\samhe\OneDrive\Desktop\Cleaned\frontend\nod
e_modules\react-router\lib\components.tsx:421:13)
          at basename (C:\Users\samhe\OneDrive\Desktop\Cleaned\frontend\node_mo
dules\react-router\lib\components.tsx:225:3)

      18 |
      19 |     async function handleGenerate() {
    > 20 |         setLoading(true)
         |         ^
      21 |         try {
      22 |             const data = await getTrialBalance()
      23 |             setRows(data)

      at printWarning 
(node_modules/react-dom/cjs/react-dom.development.js:86:30)
      at error (node_modules/react-dom/cjs/react-dom.development.js:60:7)
      at warnIfUpdatesNotWrappedWithActDEV 
(node_modules/react-dom/cjs/react-dom.development.js:27628:9)
      at scheduleUpdateOnFiber 
(node_modules/react-dom/cjs/react-dom.development.js:25547:5)
      at dispatchSetState 
(node_modules/react-dom/cjs/react-dom.development.js:16708:7)
      at handleGenerate 
(src/finance/TrialBalancePage/TrialBalancePage.tsx:20:9)
      at HTMLUnknownElement.callCallback 
(node_modules/react-dom/cjs/react-dom.development.js:4164:14)
      at HTMLUnknownElement.callTheUserObjectsOperation 
(node_modules/jsdom/lib/jsdom/living/generated/EventListener.js:26:30)
      at innerInvokeEventListeners 
(node_modules/jsdom/lib/jsdom/living/events/EventTarget-impl.js:350:25)
      at invokeEventListeners 
(node_modules/jsdom/lib/jsdom/living/events/EventTarget-impl.js:286:3)
      at HTMLUnknownElementImpl._dispatch 
(node_modules/jsdom/lib/jsdom/living/events/EventTarget-impl.js:233:9)
      at HTMLUnknownElementImpl.dispatchEvent 
(node_modules/jsdom/lib/jsdom/living/events/EventTarget-impl.js:104:17)
      at HTMLUnknownElement.dispatchEvent 
(node_modules/jsdom/lib/jsdom/living/generated/EventTarget.js:241:34)
      at Object.invokeGuardedCallbackDev 
(node_modules/react-dom/cjs/react-dom.development.js:4213:16)
      at invokeGuardedCallback 
(node_modules/react-dom/cjs/react-dom.development.js:4277:31)
      at invokeGuardedCallbackAndCatchFirstError 
(node_modules/react-dom/cjs/react-dom.development.js:4291:25)
      at executeDispatch 
(node_modules/react-dom/cjs/react-dom.development.js:9041:3)
      at processDispatchQueueItemsInOrder 
(node_modules/react-dom/cjs/react-dom.development.js:9073:7)
      at processDispatchQueue 
(node_modules/react-dom/cjs/react-dom.development.js:9086:5)
      at dispatchEventsForPlugins 
(node_modules/react-dom/cjs/react-dom.development.js:9097:3)
      at node_modules/react-dom/cjs/react-dom.development.js:9288:12
      at batchedUpdates$1 
(node_modules/react-dom/cjs/react-dom.development.js:26179:12)
      at batchedUpdates 
(node_modules/react-dom/cjs/react-dom.development.js:3991:12)
      at dispatchEventForPluginEventSystem 
(node_modules/react-dom/cjs/react-dom.development.js:9287:3)
      at dispatchEventWithEnableCapturePhaseSelectiveHydrationWithoutDiscreteEv
entReplay (node_modules/react-dom/cjs/react-dom.development.js:6465:5)
      at dispatchEvent 
(node_modules/react-dom/cjs/react-dom.development.js:6457:5)
      at dispatchDiscreteEvent 
(node_modules/react-dom/cjs/react-dom.development.js:6430:5)
      at HTMLDivElement.callTheUserObjectsOperation 
(node_modules/jsdom/lib/jsdom/living/generated/EventListener.js:26:30)
      at innerInvokeEventListeners 
(node_modules/jsdom/lib/jsdom/living/events/EventTarget-impl.js:350:25)
      at invokeEventListeners 
(node_modules/jsdom/lib/jsdom/living/events/EventTarget-impl.js:286:3)
      at HTMLButtonElementImpl._dispatch 
(node_modules/jsdom/lib/jsdom/living/events/EventTarget-impl.js:233:9)
      at HTMLButtonElementImpl.dispatchEvent 
(node_modules/jsdom/lib/jsdom/living/events/EventTarget-impl.js:104:17)
      at HTMLButtonElement.dispatchEvent 
(node_modules/jsdom/lib/jsdom/living/generated/EventTarget.js:241:34)
      at 
node_modules/@testing-library/user-event/dist/cjs/event/dispatchEvent.js:45:43
      at Object.eventWrapper 
(node_modules/@testing-library/dom/dist/config.js:25:23)
      at Object.wrapEvent 
(node_modules/@testing-library/user-event/dist/cjs/event/wrapEvent.js:6:28)
      at Object.dispatchEvent (node_modules/@testing-library/user-event/dist/cj
s/event/dispatchEvent.js:45:22)
      at Object.dispatchUIEvent (node_modules/@testing-library/user-event/dist/
cjs/event/dispatchEvent.js:22:26)
      at Mouse.up (node_modules/@testing-library/user-event/dist/cjs/system/poi
nter/mouse.js:100:30)
      at PointerHost.release (node_modules/@testing-library/user-event/dist/cjs
/system/pointer/index.js:87:24)
      at pointerAction 
(node_modules/@testing-library/user-event/dist/cjs/pointer/index.js:54:47)
      at Object.pointer 
(node_modules/@testing-library/user-event/dist/cjs/pointer/index.js:27:9)
      at Object.<anonymous> (src/finance/__tests__/finance.test.tsx:506:9)

    console.error
      Warning: An update to TrialBalancePage inside a test was not wrapped in 
act(...).
      
      When testing, code that causes React state updates should be wrapped 
into act(...):
      
      act(() => {
        /* fire events that update state */
      });
      /* assert on the output */
      
      This ensures that you're testing the behavior the user would see in the 
browser. Learn more at https://reactjs.org/link/wrap-tests-with-act
          at TrialBalancePage (C:\Users\samhe\OneDrive\Desktop\Cleaned\frontend
\src\finance\TrialBalancePage\TrialBalancePage.tsx:16:37)
          at basenameProp (C:\Users\samhe\OneDrive\Desktop\Cleaned\frontend\nod
e_modules\react-router\lib\components.tsx:421:13)
          at basename (C:\Users\samhe\OneDrive\Desktop\Cleaned\frontend\node_mo
dules\react-router\lib\components.tsx:225:3)

      25 |             addNotification('Could not generate trial balance.', 
'error')
      26 |         } finally {
    > 27 |             setLoading(false)
         |             ^
      28 |         }
      29 |     }
      30 |

      at printWarning 
(node_modules/react-dom/cjs/react-dom.development.js:86:30)
      at error (node_modules/react-dom/cjs/react-dom.development.js:60:7)
      at warnIfUpdatesNotWrappedWithActDEV 
(node_modules/react-dom/cjs/react-dom.development.js:27628:9)
      at scheduleUpdateOnFiber 
(node_modules/react-dom/cjs/react-dom.development.js:25547:5)
      at dispatchSetState 
(node_modules/react-dom/cjs/react-dom.development.js:16708:7)
      at handleGenerate 
(src/finance/TrialBalancePage/TrialBalancePage.tsx:27:13)

    console.error
      Warning: An update to TrialBalancePage inside a test was not wrapped in 
act(...).
      
      When testing, code that causes React state updates should be wrapped 
into act(...):
      
      act(() => {
        /* fire events that update state */
      });
      /* assert on the output */
      
      This ensures that you're testing the behavior the user would see in the 
browser. Learn more at https://reactjs.org/link/wrap-tests-with-act
          at TrialBalancePage (C:\Users\samhe\OneDrive\Desktop\Cleaned\frontend
\src\finance\TrialBalancePage\TrialBalancePage.tsx:16:37)
          at basenameProp (C:\Users\samhe\OneDrive\Desktop\Cleaned\frontend\nod
e_modules\react-router\lib\components.tsx:421:13)
          at basename (C:\Users\samhe\OneDrive\Desktop\Cleaned\frontend\node_mo
dules\react-router\lib\components.tsx:225:3)

      18 |
      19 |     async function handleGenerate() {
    > 20 |         setLoading(true)
         |         ^
      21 |         try {
      22 |             const data = await getTrialBalance()
      23 |             setRows(data)

      at printWarning 
(node_modules/react-dom/cjs/react-dom.development.js:86:30)
      at error (node_modules/react-dom/cjs/react-dom.development.js:60:7)
      at warnIfUpdatesNotWrappedWithActDEV 
(node_modules/react-dom/cjs/react-dom.development.js:27628:9)
      at scheduleUpdateOnFiber 
(node_modules/react-dom/cjs/react-dom.development.js:25547:5)
      at dispatchSetState 
(node_modules/react-dom/cjs/react-dom.development.js:16708:7)
      at handleGenerate 
(src/finance/TrialBalancePage/TrialBalancePage.tsx:20:9)
      at HTMLUnknownElement.callCallback 
(node_modules/react-dom/cjs/react-dom.development.js:4164:14)
      at HTMLUnknownElement.callTheUserObjectsOperation 
(node_modules/jsdom/lib/jsdom/living/generated/EventListener.js:26:30)
      at innerInvokeEventListeners 
(node_modules/jsdom/lib/jsdom/living/events/EventTarget-impl.js:350:25)
      at invokeEventListeners 
(node_modules/jsdom/lib/jsdom/living/events/EventTarget-impl.js:286:3)
      at HTMLUnknownElementImpl._dispatch 
(node_modules/jsdom/lib/jsdom/living/events/EventTarget-impl.js:233:9)
      at HTMLUnknownElementImpl.dispatchEvent 
(node_modules/jsdom/lib/jsdom/living/events/EventTarget-impl.js:104:17)
      at HTMLUnknownElement.dispatchEvent 
(node_modules/jsdom/lib/jsdom/living/generated/EventTarget.js:241:34)
      at Object.invokeGuardedCallbackDev 
(node_modules/react-dom/cjs/react-dom.development.js:4213:16)
      at invokeGuardedCallback 
(node_modules/react-dom/cjs/react-dom.development.js:4277:31)
      at invokeGuardedCallbackAndCatchFirstError 
(node_modules/react-dom/cjs/react-dom.development.js:4291:25)
      at executeDispatch 
(node_modules/react-dom/cjs/react-dom.development.js:9041:3)
      at processDispatchQueueItemsInOrder 
(node_modules/react-dom/cjs/react-dom.development.js:9073:7)
      at processDispatchQueue 
(node_modules/react-dom/cjs/react-dom.development.js:9086:5)
      at dispatchEventsForPlugins 
(node_modules/react-dom/cjs/react-dom.development.js:9097:3)
      at node_modules/react-dom/cjs/react-dom.development.js:9288:12
      at batchedUpdates$1 
(node_modules/react-dom/cjs/react-dom.development.js:26179:12)
      at batchedUpdates 
(node_modules/react-dom/cjs/react-dom.development.js:3991:12)
      at dispatchEventForPluginEventSystem 
(node_modules/react-dom/cjs/react-dom.development.js:9287:3)
      at dispatchEventWithEnableCapturePhaseSelectiveHydrationWithoutDiscreteEv
entReplay (node_modules/react-dom/cjs/react-dom.development.js:6465:5)
      at dispatchEvent 
(node_modules/react-dom/cjs/react-dom.development.js:6457:5)
      at dispatchDiscreteEvent 
(node_modules/react-dom/cjs/react-dom.development.js:6430:5)
      at HTMLDivElement.callTheUserObjectsOperation 
(node_modules/jsdom/lib/jsdom/living/generated/EventListener.js:26:30)
      at innerInvokeEventListeners 
(node_modules/jsdom/lib/jsdom/living/events/EventTarget-impl.js:350:25)
      at invokeEventListeners 
(node_modules/jsdom/lib/jsdom/living/events/EventTarget-impl.js:286:3)
      at HTMLButtonElementImpl._dispatch 
(node_modules/jsdom/lib/jsdom/living/events/EventTarget-impl.js:233:9)
      at HTMLButtonElementImpl.dispatchEvent 
(node_modules/jsdom/lib/jsdom/living/events/EventTarget-impl.js:104:17)
      at HTMLButtonElement.dispatchEvent 
(node_modules/jsdom/lib/jsdom/living/generated/EventTarget.js:241:34)
      at 
node_modules/@testing-library/user-event/dist/cjs/event/dispatchEvent.js:45:43
      at Object.eventWrapper 
(node_modules/@testing-library/dom/dist/config.js:25:23)
      at Object.wrapEvent 
(node_modules/@testing-library/user-event/dist/cjs/event/wrapEvent.js:6:28)
      at Object.dispatchEvent (node_modules/@testing-library/user-event/dist/cj
s/event/dispatchEvent.js:45:22)
      at Object.dispatchUIEvent (node_modules/@testing-library/user-event/dist/
cjs/event/dispatchEvent.js:22:26)
      at Mouse.up (node_modules/@testing-library/user-event/dist/cjs/system/poi
nter/mouse.js:100:30)
      at PointerHost.release (node_modules/@testing-library/user-event/dist/cjs
/system/pointer/index.js:87:24)
      at pointerAction 
(node_modules/@testing-library/user-event/dist/cjs/pointer/index.js:54:47)
      at Object.pointer 
(node_modules/@testing-library/user-event/dist/cjs/pointer/index.js:27:9)
      at Object.<anonymous> (src/finance/__tests__/finance.test.tsx:513:9)

    console.error
      Warning: An update to TrialBalancePage inside a test was not wrapped in 
act(...).
      
      When testing, code that causes React state updates should be wrapped 
into act(...):
      
      act(() => {
        /* fire events that update state */
      });
      /* assert on the output */
      
      This ensures that you're testing the behavior the user would see in the 
browser. Learn more at https://reactjs.org/link/wrap-tests-with-act
          at TrialBalancePage (C:\Users\samhe\OneDrive\Desktop\Cleaned\frontend
\src\finance\TrialBalancePage\TrialBalancePage.tsx:16:37)
          at basenameProp (C:\Users\samhe\OneDrive\Desktop\Cleaned\frontend\nod
e_modules\react-router\lib\components.tsx:421:13)
          at basename (C:\Users\samhe\OneDrive\Desktop\Cleaned\frontend\node_mo
dules\react-router\lib\components.tsx:225:3)

      21 |         try {
      22 |             const data = await getTrialBalance()
    > 23 |             setRows(data)
         |             ^
      24 |         } catch {
      25 |             addNotification('Could not generate trial balance.', 
'error')
      26 |         } finally {

      at printWarning 
(node_modules/react-dom/cjs/react-dom.development.js:86:30)
      at error (node_modules/react-dom/cjs/react-dom.development.js:60:7)
      at warnIfUpdatesNotWrappedWithActDEV 
(node_modules/react-dom/cjs/react-dom.development.js:27628:9)
      at scheduleUpdateOnFiber 
(node_modules/react-dom/cjs/react-dom.development.js:25547:5)
      at dispatchSetState 
(node_modules/react-dom/cjs/react-dom.development.js:16708:7)
      at handleGenerate 
(src/finance/TrialBalancePage/TrialBalancePage.tsx:23:13)

    console.error
      Warning: An update to TrialBalancePage inside a test was not wrapped in 
act(...).
      
      When testing, code that causes React state updates should be wrapped 
into act(...):
      
      act(() => {
        /* fire events that update state */
      });
      /* assert on the output */
      
      This ensures that you're testing the behavior the user would see in the 
browser. Learn more at https://reactjs.org/link/wrap-tests-with-act
          at TrialBalancePage (C:\Users\samhe\OneDrive\Desktop\Cleaned\frontend
\src\finance\TrialBalancePage\TrialBalancePage.tsx:16:37)
          at basenameProp (C:\Users\samhe\OneDrive\Desktop\Cleaned\frontend\nod
e_modules\react-router\lib\components.tsx:421:13)
          at basename (C:\Users\samhe\OneDrive\Desktop\Cleaned\frontend\node_mo
dules\react-router\lib\components.tsx:225:3)

      25 |             addNotification('Could not generate trial balance.', 
'error')
      26 |         } finally {
    > 27 |             setLoading(false)
         |             ^
      28 |         }
      29 |     }
      30 |

      at printWarning 
(node_modules/react-dom/cjs/react-dom.development.js:86:30)
      at error (node_modules/react-dom/cjs/react-dom.development.js:60:7)
      at warnIfUpdatesNotWrappedWithActDEV 
(node_modules/react-dom/cjs/react-dom.development.js:27628:9)
      at scheduleUpdateOnFiber 
(node_modules/react-dom/cjs/react-dom.development.js:25547:5)
      at dispatchSetState 
(node_modules/react-dom/cjs/react-dom.development.js:16708:7)
      at handleGenerate 
(src/finance/TrialBalancePage/TrialBalancePage.tsx:27:13)

    console.error
      Warning: An update to TrialBalancePage inside a test was not wrapped in 
act(...).
      
      When testing, code that causes React state updates should be wrapped 
into act(...):
      
      act(() => {
        /* fire events that update state */
      });
      /* assert on the output */
      
      This ensures that you're testing the behavior the user would see in the 
browser. Learn more at https://reactjs.org/link/wrap-tests-with-act
          at TrialBalancePage (C:\Users\samhe\OneDrive\Desktop\Cleaned\frontend
\src\finance\TrialBalancePage\TrialBalancePage.tsx:16:37)
          at basenameProp (C:\Users\samhe\OneDrive\Desktop\Cleaned\frontend\nod
e_modules\react-router\lib\components.tsx:421:13)
          at basename (C:\Users\samhe\OneDrive\Desktop\Cleaned\frontend\node_mo
dules\react-router\lib\components.tsx:225:3)

      18 |
      19 |     async function handleGenerate() {
    > 20 |         setLoading(true)
         |         ^
      21 |         try {
      22 |             const data = await getTrialBalance()
      23 |             setRows(data)

      at printWarning 
(node_modules/react-dom/cjs/react-dom.development.js:86:30)
      at error (node_modules/react-dom/cjs/react-dom.development.js:60:7)
      at warnIfUpdatesNotWrappedWithActDEV 
(node_modules/react-dom/cjs/react-dom.development.js:27628:9)
      at scheduleUpdateOnFiber 
(node_modules/react-dom/cjs/react-dom.development.js:25547:5)
      at dispatchSetState 
(node_modules/react-dom/cjs/react-dom.development.js:16708:7)
      at handleGenerate 
(src/finance/TrialBalancePage/TrialBalancePage.tsx:20:9)
      at HTMLUnknownElement.callCallback 
(node_modules/react-dom/cjs/react-dom.development.js:4164:14)
      at HTMLUnknownElement.callTheUserObjectsOperation 
(node_modules/jsdom/lib/jsdom/living/generated/EventListener.js:26:30)
      at innerInvokeEventListeners 
(node_modules/jsdom/lib/jsdom/living/events/EventTarget-impl.js:350:25)
      at invokeEventListeners 
(node_modules/jsdom/lib/jsdom/living/events/EventTarget-impl.js:286:3)
      at HTMLUnknownElementImpl._dispatch 
(node_modules/jsdom/lib/jsdom/living/events/EventTarget-impl.js:233:9)
      at HTMLUnknownElementImpl.dispatchEvent 
(node_modules/jsdom/lib/jsdom/living/events/EventTarget-impl.js:104:17)
      at HTMLUnknownElement.dispatchEvent 
(node_modules/jsdom/lib/jsdom/living/generated/EventTarget.js:241:34)
      at Object.invokeGuardedCallbackDev 
(node_modules/react-dom/cjs/react-dom.development.js:4213:16)
      at invokeGuardedCallback 
(node_modules/react-dom/cjs/react-dom.development.js:4277:31)
      at invokeGuardedCallbackAndCatchFirstError 
(node_modules/react-dom/cjs/react-dom.development.js:4291:25)
      at executeDispatch 
(node_modules/react-dom/cjs/react-dom.development.js:9041:3)
      at processDispatchQueueItemsInOrder 
(node_modules/react-dom/cjs/react-dom.development.js:9073:7)
      at processDispatchQueue 
(node_modules/react-dom/cjs/react-dom.development.js:9086:5)
      at dispatchEventsForPlugins 
(node_modules/react-dom/cjs/react-dom.development.js:9097:3)
      at node_modules/react-dom/cjs/react-dom.development.js:9288:12
      at batchedUpdates$1 
(node_modules/react-dom/cjs/react-dom.development.js:26179:12)
      at batchedUpdates 
(node_modules/react-dom/cjs/react-dom.development.js:3991:12)
      at dispatchEventForPluginEventSystem 
(node_modules/react-dom/cjs/react-dom.development.js:9287:3)
      at dispatchEventWithEnableCapturePhaseSelectiveHydrationWithoutDiscreteEv
entReplay (node_modules/react-dom/cjs/react-dom.development.js:6465:5)
      at dispatchEvent 
(node_modules/react-dom/cjs/react-dom.development.js:6457:5)
      at dispatchDiscreteEvent 
(node_modules/react-dom/cjs/react-dom.development.js:6430:5)
      at HTMLDivElement.callTheUserObjectsOperation 
(node_modules/jsdom/lib/jsdom/living/generated/EventListener.js:26:30)
      at innerInvokeEventListeners 
(node_modules/jsdom/lib/jsdom/living/events/EventTarget-impl.js:350:25)
      at invokeEventListeners 
(node_modules/jsdom/lib/jsdom/living/events/EventTarget-impl.js:286:3)
      at HTMLButtonElementImpl._dispatch 
(node_modules/jsdom/lib/jsdom/living/events/EventTarget-impl.js:233:9)
      at HTMLButtonElementImpl.dispatchEvent 
(node_modules/jsdom/lib/jsdom/living/events/EventTarget-impl.js:104:17)
      at HTMLButtonElement.dispatchEvent 
(node_modules/jsdom/lib/jsdom/living/generated/EventTarget.js:241:34)
      at 
node_modules/@testing-library/user-event/dist/cjs/event/dispatchEvent.js:45:43
      at Object.eventWrapper 
(node_modules/@testing-library/dom/dist/config.js:25:23)
      at Object.wrapEvent 
(node_modules/@testing-library/user-event/dist/cjs/event/wrapEvent.js:6:28)
      at Object.dispatchEvent (node_modules/@testing-library/user-event/dist/cj
s/event/dispatchEvent.js:45:22)
      at Object.dispatchUIEvent (node_modules/@testing-library/user-event/dist/
cjs/event/dispatchEvent.js:22:26)
      at Mouse.up (node_modules/@testing-library/user-event/dist/cjs/system/poi
nter/mouse.js:100:30)
      at PointerHost.release (node_modules/@testing-library/user-event/dist/cjs
/system/pointer/index.js:87:24)
      at pointerAction 
(node_modules/@testing-library/user-event/dist/cjs/pointer/index.js:54:47)
      at Object.pointer 
(node_modules/@testing-library/user-event/dist/cjs/pointer/index.js:27:9)
      at Object.<anonymous> (src/finance/__tests__/finance.test.tsx:556:9)

    console.error
      Warning: An update to TrialBalancePage inside a test was not wrapped in 
act(...).
      
      When testing, code that causes React state updates should be wrapped 
into act(...):
      
      act(() => {
        /* fire events that update state */
      });
      /* assert on the output */
      
      This ensures that you're testing the behavior the user would see in the 
browser. Learn more at https://reactjs.org/link/wrap-tests-with-act
          at TrialBalancePage (C:\Users\samhe\OneDrive\Desktop\Cleaned\frontend
\src\finance\TrialBalancePage\TrialBalancePage.tsx:16:37)
          at basenameProp (C:\Users\samhe\OneDrive\Desktop\Cleaned\frontend\nod
e_modules\react-router\lib\components.tsx:421:13)
          at basename (C:\Users\samhe\OneDrive\Desktop\Cleaned\frontend\node_mo
dules\react-router\lib\components.tsx:225:3)

      21 |         try {
      22 |             const data = await getTrialBalance()
    > 23 |             setRows(data)
         |             ^
      24 |         } catch {
      25 |             addNotification('Could not generate trial balance.', 
'error')
      26 |         } finally {

      at printWarning 
(node_modules/react-dom/cjs/react-dom.development.js:86:30)
      at error (node_modules/react-dom/cjs/react-dom.development.js:60:7)
      at warnIfUpdatesNotWrappedWithActDEV 
(node_modules/react-dom/cjs/react-dom.development.js:27628:9)
      at scheduleUpdateOnFiber 
(node_modules/react-dom/cjs/react-dom.development.js:25547:5)
      at dispatchSetState 
(node_modules/react-dom/cjs/react-dom.development.js:16708:7)
      at handleGenerate 
(src/finance/TrialBalancePage/TrialBalancePage.tsx:23:13)

    console.error
      Warning: An update to TrialBalancePage inside a test was not wrapped in 
act(...).
      
      When testing, code that causes React state updates should be wrapped 
into act(...):
      
      act(() => {
        /* fire events that update state */
      });
      /* assert on the output */
      
      This ensures that you're testing the behavior the user would see in the 
browser. Learn more at https://reactjs.org/link/wrap-tests-with-act
          at TrialBalancePage (C:\Users\samhe\OneDrive\Desktop\Cleaned\frontend
\src\finance\TrialBalancePage\TrialBalancePage.tsx:16:37)
          at basenameProp (C:\Users\samhe\OneDrive\Desktop\Cleaned\frontend\nod
e_modules\react-router\lib\components.tsx:421:13)
          at basename (C:\Users\samhe\OneDrive\Desktop\Cleaned\frontend\node_mo
dules\react-router\lib\components.tsx:225:3)

      25 |             addNotification('Could not generate trial balance.', 
'error')
      26 |         } finally {
    > 27 |             setLoading(false)
         |             ^
      28 |         }
      29 |     }
      30 |

      at printWarning 
(node_modules/react-dom/cjs/react-dom.development.js:86:30)
      at error (node_modules/react-dom/cjs/react-dom.development.js:60:7)
      at warnIfUpdatesNotWrappedWithActDEV 
(node_modules/react-dom/cjs/react-dom.development.js:27628:9)
      at scheduleUpdateOnFiber 
(node_modules/react-dom/cjs/react-dom.development.js:25547:5)
      at dispatchSetState 
(node_modules/react-dom/cjs/react-dom.development.js:16708:7)
      at handleGenerate 
(src/finance/TrialBalancePage/TrialBalancePage.tsx:27:13)

    console.error
      Warning: An update to FinanceHubPage inside a test was not wrapped in 
act(...).
      
      When testing, code that causes React state updates should be wrapped 
into act(...):
      
      act(() => {
        /* fire events that update state */
      });
      /* assert on the output */
      
      This ensures that you're testing the behavior the user would see in the 
browser. Learn more at https://reactjs.org/link/wrap-tests-with-act
          at FinanceHubPage (C:\Users\samhe\OneDrive\Desktop\Cleaned\frontend\s
rc\finance\FinanceHubPage\FinanceHubPage.tsx:58:33)
          at basenameProp (C:\Users\samhe\OneDrive\Desktop\Cleaned\frontend\nod
e_modules\react-router\lib\components.tsx:421:13)
          at basename (C:\Users\samhe\OneDrive\Desktop\Cleaned\frontend\node_mo
dules\react-router\lib\components.tsx:225:3)

      at printWarning 
(node_modules/react-dom/cjs/react-dom.development.js:86:30)
      at error (node_modules/react-dom/cjs/react-dom.development.js:60:7)
      at warnIfUpdatesNotWrappedWithActDEV 
(node_modules/react-dom/cjs/react-dom.development.js:27628:9)
      at scheduleUpdateOnFiber 
(node_modules/react-dom/cjs/react-dom.development.js:25547:5)
      at dispatchSetState 
(node_modules/react-dom/cjs/react-dom.development.js:16708:7)

PASS src/parties/PartyViewPage/__tests__/PartyViewPage.test.tsx
PASS src/settings/__tests__/AccountAdministrationPage.test.tsx
  ÔùÅ Console

    console.warn
      ÔÜá´©Å React Router Future Flag Warning: React Router will begin 
wrapping state updates in `React.startTransition` in v7. You can use the 
`v7_startTransition` future flag to opt-in early. For more information, see 
https://reactrouter.com/v6/upgrading/future#v7_starttransition.

      101 |
      102 | function renderPage() {
    > 103 |     return render(
          |                  ^
      104 |         <MemoryRouter>
      105 |             <AccountAdministrationPage />
      106 |         </MemoryRouter>

      at warn (node_modules/react-router/lib/deprecations.ts:9:13)
      at warnOnce (node_modules/react-router/lib/deprecations.ts:14:3)
      at logDeprecation (node_modules/react-router/lib/deprecations.ts:26:5)
      at logV6DeprecationWarnings 
(node_modules/react-router/lib/components.tsx:257:25)
      at commitHookEffectListMount 
(node_modules/react-dom/cjs/react-dom.development.js:23189:26)
      at commitPassiveMountOnFiber 
(node_modules/react-dom/cjs/react-dom.development.js:24970:11)
      at commitPassiveMountEffects_complete 
(node_modules/react-dom/cjs/react-dom.development.js:24930:9)
      at commitPassiveMountEffects_begin 
(node_modules/react-dom/cjs/react-dom.development.js:24917:7)
      at commitPassiveMountEffects 
(node_modules/react-dom/cjs/react-dom.development.js:24905:3)
      at flushPassiveEffectsImpl 
(node_modules/react-dom/cjs/react-dom.development.js:27078:3)
      at flushPassiveEffects 
(node_modules/react-dom/cjs/react-dom.development.js:27023:14)
      at node_modules/react-dom/cjs/react-dom.development.js:26808:9
      at flushActQueue (node_modules/react/cjs/react.development.js:2667:24)
      at act (node_modules/react/cjs/react.development.js:2582:11)
      at node_modules/@testing-library/react/dist/act-compat.js:47:25
      at renderRoot (node_modules/@testing-library/react/dist/pure.js:180:26)
      at render (node_modules/@testing-library/react/dist/pure.js:271:10)
      at renderPage 
(src/settings/__tests__/AccountAdministrationPage.test.tsx:103:18)
      at Object.<anonymous> 
(src/settings/__tests__/AccountAdministrationPage.test.tsx:124:9)

    console.warn
      ÔÜá´©Å React Router Future Flag Warning: Relative route resolution 
within Splat routes is changing in v7. You can use the `v7_relativeSplatPath` 
future flag to opt-in early. For more information, see 
https://reactrouter.com/v6/upgrading/future#v7_relativesplatpath.

      101 |
      102 | function renderPage() {
    > 103 |     return render(
          |                  ^
      104 |         <MemoryRouter>
      105 |             <AccountAdministrationPage />
      106 |         </MemoryRouter>

      at warn (node_modules/react-router/lib/deprecations.ts:9:13)
      at warnOnce (node_modules/react-router/lib/deprecations.ts:14:3)
      at logDeprecation (node_modules/react-router/lib/deprecations.ts:37:5)
      at logV6DeprecationWarnings 
(node_modules/react-router/lib/components.tsx:257:25)
      at commitHookEffectListMount 
(node_modules/react-dom/cjs/react-dom.development.js:23189:26)
      at commitPassiveMountOnFiber 
(node_modules/react-dom/cjs/react-dom.development.js:24970:11)
      at commitPassiveMountEffects_complete 
(node_modules/react-dom/cjs/react-dom.development.js:24930:9)
      at commitPassiveMountEffects_begin 
(node_modules/react-dom/cjs/react-dom.development.js:24917:7)
      at commitPassiveMountEffects 
(node_modules/react-dom/cjs/react-dom.development.js:24905:3)
      at flushPassiveEffectsImpl 
(node_modules/react-dom/cjs/react-dom.development.js:27078:3)
      at flushPassiveEffects 
(node_modules/react-dom/cjs/react-dom.development.js:27023:14)
      at node_modules/react-dom/cjs/react-dom.development.js:26808:9
      at flushActQueue (node_modules/react/cjs/react.development.js:2667:24)
      at act (node_modules/react/cjs/react.development.js:2582:11)
      at node_modules/@testing-library/react/dist/act-compat.js:47:25
      at renderRoot (node_modules/@testing-library/react/dist/pure.js:180:26)
      at render (node_modules/@testing-library/react/dist/pure.js:271:10)
      at renderPage 
(src/settings/__tests__/AccountAdministrationPage.test.tsx:103:18)
      at Object.<anonymous> 
(src/settings/__tests__/AccountAdministrationPage.test.tsx:124:9)

    console.error
      Warning: An update to AccountAdministrationPage inside a test was not 
wrapped in act(...).
      
      When testing, code that causes React state updates should be wrapped 
into act(...):
      
      act(() => {
        /* fire events that update state */
      });
      /* assert on the output */
      
      This ensures that you're testing the behavior the user would see in the 
browser. Learn more at https://reactjs.org/link/wrap-tests-with-act
          at AccountAdministrationPage (C:\Users\samhe\OneDrive\Desktop\Cleaned
\frontend\src\settings\AccountAdministrationPage.tsx:96:39)
          at basenameProp (C:\Users\samhe\OneDrive\Desktop\Cleaned\frontend\nod
e_modules\react-router\lib\components.tsx:421:13)
          at basename (C:\Users\samhe\OneDrive\Desktop\Cleaned\frontend\node_mo
dules\react-router\lib\components.tsx:225:3)

      139 |     function setFilter(field: keyof Filters) {
      140 |         return (e: React.ChangeEvent<HTMLInputElement | 
HTMLSelectElement>) => {
    > 141 |             setFilters(f => ({ ...f, [field]: e.target.value }))
          |             ^
      142 |             setPage(1)
      143 |         }
      144 |     }

      at printWarning 
(node_modules/react-dom/cjs/react-dom.development.js:86:30)
      at error (node_modules/react-dom/cjs/react-dom.development.js:60:7)
      at warnIfUpdatesNotWrappedWithActDEV 
(node_modules/react-dom/cjs/react-dom.development.js:27628:9)
      at scheduleUpdateOnFiber 
(node_modules/react-dom/cjs/react-dom.development.js:25547:5)
      at dispatchSetState 
(node_modules/react-dom/cjs/react-dom.development.js:16708:7)
      at src/settings/AccountAdministrationPage.tsx:141:13
      at HTMLUnknownElement.callCallback 
(node_modules/react-dom/cjs/react-dom.development.js:4164:14)
      at HTMLUnknownElement.callTheUserObjectsOperation 
(node_modules/jsdom/lib/jsdom/living/generated/EventListener.js:26:30)
      at innerInvokeEventListeners 
(node_modules/jsdom/lib/jsdom/living/events/EventTarget-impl.js:350:25)
      at invokeEventListeners 
(node_modules/jsdom/lib/jsdom/living/events/EventTarget-impl.js:286:3)
      at HTMLUnknownElementImpl._dispatch 
(node_modules/jsdom/lib/jsdom/living/events/EventTarget-impl.js:233:9)
      at HTMLUnknownElementImpl.dispatchEvent 
(node_modules/jsdom/lib/jsdom/living/events/EventTarget-impl.js:104:17)
      at HTMLUnknownElement.dispatchEvent 
(node_modules/jsdom/lib/jsdom/living/generated/EventTarget.js:241:34)
      at Object.invokeGuardedCallbackDev 
(node_modules/react-dom/cjs/react-dom.development.js:4213:16)
      at invokeGuardedCallback 
(node_modules/react-dom/cjs/react-dom.development.js:4277:31)
      at invokeGuardedCallbackAndCatchFirstError 
(node_modules/react-dom/cjs/react-dom.development.js:4291:25)
      at executeDispatch 
(node_modules/react-dom/cjs/react-dom.development.js:9041:3)
      at processDispatchQueueItemsInOrder 
(node_modules/react-dom/cjs/react-dom.development.js:9073:7)
      at processDispatchQueue 
(node_modules/react-dom/cjs/react-dom.development.js:9086:5)
      at dispatchEventsForPlugins 
(node_modules/react-dom/cjs/react-dom.development.js:9097:3)
      at node_modules/react-dom/cjs/react-dom.development.js:9288:12
      at batchedUpdates$1 
(node_modules/react-dom/cjs/react-dom.development.js:26179:12)
      at batchedUpdates 
(node_modules/react-dom/cjs/react-dom.development.js:3991:12)
      at dispatchEventForPluginEventSystem 
(node_modules/react-dom/cjs/react-dom.development.js:9287:3)
      at dispatchEventWithEnableCapturePhaseSelectiveHydrationWithoutDiscreteEv
entReplay (node_modules/react-dom/cjs/react-dom.development.js:6465:5)
      at dispatchEvent 
(node_modules/react-dom/cjs/react-dom.development.js:6457:5)
      at dispatchDiscreteEvent 
(node_modules/react-dom/cjs/react-dom.development.js:6430:5)
      at HTMLDivElement.callTheUserObjectsOperation 
(node_modules/jsdom/lib/jsdom/living/generated/EventListener.js:26:30)
      at innerInvokeEventListeners 
(node_modules/jsdom/lib/jsdom/living/events/EventTarget-impl.js:350:25)
      at invokeEventListeners 
(node_modules/jsdom/lib/jsdom/living/events/EventTarget-impl.js:286:3)
      at HTMLInputElementImpl._dispatch 
(node_modules/jsdom/lib/jsdom/living/events/EventTarget-impl.js:233:9)
      at HTMLInputElementImpl.dispatchEvent 
(node_modules/jsdom/lib/jsdom/living/events/EventTarget-impl.js:104:17)
      at HTMLInputElement.dispatchEvent 
(node_modules/jsdom/lib/jsdom/living/generated/EventTarget.js:241:34)
      at 
node_modules/@testing-library/user-event/dist/cjs/event/dispatchEvent.js:45:43
      at Object.eventWrapper 
(node_modules/@testing-library/dom/dist/config.js:25:23)
      at Object.wrapEvent 
(node_modules/@testing-library/user-event/dist/cjs/event/wrapEvent.js:6:28)
      at Object.dispatchEvent (node_modules/@testing-library/user-event/dist/cj
s/event/dispatchEvent.js:45:22)
      at Object.dispatchUIEvent (node_modules/@testing-library/user-event/dist/
cjs/event/dispatchEvent.js:22:26)
      at commitInput 
(node_modules/@testing-library/user-event/dist/cjs/event/input.js:145:14)
      at editInputElement 
(node_modules/@testing-library/user-event/dist/cjs/event/input.js:115:9)
      at Object.input 
(node_modules/@testing-library/user-event/dist/cjs/event/input.js:37:9)
      at node_modules/@testing-library/user-event/dist/cjs/event/behavior/keypr
ess.js:31:26
      at Object.dispatchEvent (node_modules/@testing-library/user-event/dist/cj
s/event/dispatchEvent.js:41:13)
      at Object.dispatchUIEvent (node_modules/@testing-library/user-event/dist/
cjs/event/dispatchEvent.js:22:26)
      at KeyboardHost.keydown 
(node_modules/@testing-library/user-event/dist/cjs/system/keyboard.js:76:22)
      at keyboardAction 
(node_modules/@testing-library/user-event/dist/cjs/keyboard/index.js:22:35)
      at Object.keyboard 
(node_modules/@testing-library/user-event/dist/cjs/keyboard/index.js:11:15)
      at Object.type 
(node_modules/@testing-library/user-event/dist/cjs/utility/type.js:17:5)
      at Object.<anonymous> 
(src/settings/__tests__/AccountAdministrationPage.test.tsx:276:9)

    console.error
      Warning: An update to AccountAdministrationPage inside a test was not 
wrapped in act(...).
      
      When testing, code that causes React state updates should be wrapped 
into act(...):
      
      act(() => {
        /* fire events that update state */
      });
      /* assert on the output */
      
      This ensures that you're testing the behavior the user would see in the 
browser. Learn more at https://reactjs.org/link/wrap-tests-with-act
          at AccountAdministrationPage (C:\Users\samhe\OneDrive\Desktop\Cleaned
\frontend\src\settings\AccountAdministrationPage.tsx:96:39)
          at basenameProp (C:\Users\samhe\OneDrive\Desktop\Cleaned\frontend\nod
e_modules\react-router\lib\components.tsx:421:13)
          at basename (C:\Users\samhe\OneDrive\Desktop\Cleaned\frontend\node_mo
dules\react-router\lib\components.tsx:225:3)

      140 |         return (e: React.ChangeEvent<HTMLInputElement | 
HTMLSelectElement>) => {
      141 |             setFilters(f => ({ ...f, [field]: e.target.value }))
    > 142 |             setPage(1)
          |             ^
      143 |         }
      144 |     }
      145 |

      at printWarning 
(node_modules/react-dom/cjs/react-dom.development.js:86:30)
      at error (node_modules/react-dom/cjs/react-dom.development.js:60:7)
      at warnIfUpdatesNotWrappedWithActDEV 
(node_modules/react-dom/cjs/react-dom.development.js:27628:9)
      at scheduleUpdateOnFiber 
(node_modules/react-dom/cjs/react-dom.development.js:25547:5)
      at dispatchSetState 
(node_modules/react-dom/cjs/react-dom.development.js:16708:7)
      at src/settings/AccountAdministrationPage.tsx:142:13
      at HTMLUnknownElement.callCallback 
(node_modules/react-dom/cjs/react-dom.development.js:4164:14)
      at HTMLUnknownElement.callTheUserObjectsOperation 
(node_modules/jsdom/lib/jsdom/living/generated/EventListener.js:26:30)
      at innerInvokeEventListeners 
(node_modules/jsdom/lib/jsdom/living/events/EventTarget-impl.js:350:25)
      at invokeEventListeners 
(node_modules/jsdom/lib/jsdom/living/events/EventTarget-impl.js:286:3)
      at HTMLUnknownElementImpl._dispatch 
(node_modules/jsdom/lib/jsdom/living/events/EventTarget-impl.js:233:9)
      at HTMLUnknownElementImpl.dispatchEvent 
(node_modules/jsdom/lib/jsdom/living/events/EventTarget-impl.js:104:17)
      at HTMLUnknownElement.dispatchEvent 
(node_modules/jsdom/lib/jsdom/living/generated/EventTarget.js:241:34)
      at Object.invokeGuardedCallbackDev 
(node_modules/react-dom/cjs/react-dom.development.js:4213:16)
      at invokeGuardedCallback 
(node_modules/react-dom/cjs/react-dom.development.js:4277:31)
      at invokeGuardedCallbackAndCatchFirstError 
(node_modules/react-dom/cjs/react-dom.development.js:4291:25)
      at executeDispatch 
(node_modules/react-dom/cjs/react-dom.development.js:9041:3)
      at processDispatchQueueItemsInOrder 
(node_modules/react-dom/cjs/react-dom.development.js:9073:7)
      at processDispatchQueue 
(node_modules/react-dom/cjs/react-dom.development.js:9086:5)
      at dispatchEventsForPlugins 
(node_modules/react-dom/cjs/react-dom.development.js:9097:3)
      at node_modules/react-dom/cjs/react-dom.development.js:9288:12
      at batchedUpdates$1 
(node_modules/react-dom/cjs/react-dom.development.js:26179:12)
      at batchedUpdates 
(node_modules/react-dom/cjs/react-dom.development.js:3991:12)
      at dispatchEventForPluginEventSystem 
(node_modules/react-dom/cjs/react-dom.development.js:9287:3)
      at dispatchEventWithEnableCapturePhaseSelectiveHydrationWithoutDiscreteEv
entReplay (node_modules/react-dom/cjs/react-dom.development.js:6465:5)
      at dispatchEvent 
(node_modules/react-dom/cjs/react-dom.development.js:6457:5)
      at dispatchDiscreteEvent 
(node_modules/react-dom/cjs/react-dom.development.js:6430:5)
      at HTMLDivElement.callTheUserObjectsOperation 
(node_modules/jsdom/lib/jsdom/living/generated/EventListener.js:26:30)
      at innerInvokeEventListeners 
(node_modules/jsdom/lib/jsdom/living/events/EventTarget-impl.js:350:25)
      at invokeEventListeners 
(node_modules/jsdom/lib/jsdom/living/events/EventTarget-impl.js:286:3)
      at HTMLInputElementImpl._dispatch 
(node_modules/jsdom/lib/jsdom/living/events/EventTarget-impl.js:233:9)
      at HTMLInputElementImpl.dispatchEvent 
(node_modules/jsdom/lib/jsdom/living/events/EventTarget-impl.js:104:17)
      at HTMLInputElement.dispatchEvent 
(node_modules/jsdom/lib/jsdom/living/generated/EventTarget.js:241:34)
      at 
node_modules/@testing-library/user-event/dist/cjs/event/dispatchEvent.js:45:43
      at Object.eventWrapper 
(node_modules/@testing-library/dom/dist/config.js:25:23)
      at Object.wrapEvent 
(node_modules/@testing-library/user-event/dist/cjs/event/wrapEvent.js:6:28)
      at Object.dispatchEvent (node_modules/@testing-library/user-event/dist/cj
s/event/dispatchEvent.js:45:22)
      at Object.dispatchUIEvent (node_modules/@testing-library/user-event/dist/
cjs/event/dispatchEvent.js:22:26)
      at commitInput 
(node_modules/@testing-library/user-event/dist/cjs/event/input.js:145:14)
      at editInputElement 
(node_modules/@testing-library/user-event/dist/cjs/event/input.js:115:9)
      at Object.input 
(node_modules/@testing-library/user-event/dist/cjs/event/input.js:37:9)
      at node_modules/@testing-library/user-event/dist/cjs/event/behavior/keypr
ess.js:31:26
      at Object.dispatchEvent (node_modules/@testing-library/user-event/dist/cj
s/event/dispatchEvent.js:41:13)
      at Object.dispatchUIEvent (node_modules/@testing-library/user-event/dist/
cjs/event/dispatchEvent.js:22:26)
      at KeyboardHost.keydown 
(node_modules/@testing-library/user-event/dist/cjs/system/keyboard.js:76:22)
      at keyboardAction 
(node_modules/@testing-library/user-event/dist/cjs/keyboard/index.js:22:35)
      at Object.keyboard 
(node_modules/@testing-library/user-event/dist/cjs/keyboard/index.js:11:15)
      at Object.type 
(node_modules/@testing-library/user-event/dist/cjs/utility/type.js:17:5)
      at Object.<anonymous> 
(src/settings/__tests__/AccountAdministrationPage.test.tsx:276:9)

    console.error
      Warning: An update to AccountAdministrationPage inside a test was not 
wrapped in act(...).
      
      When testing, code that causes React state updates should be wrapped 
into act(...):
      
      act(() => {
        /* fire events that update state */
      });
      /* assert on the output */
      
      This ensures that you're testing the behavior the user would see in the 
browser. Learn more at https://reactjs.org/link/wrap-tests-with-act
          at AccountAdministrationPage (C:\Users\samhe\OneDrive\Desktop\Cleaned
\frontend\src\settings\AccountAdministrationPage.tsx:96:39)
          at basenameProp (C:\Users\samhe\OneDrive\Desktop\Cleaned\frontend\nod
e_modules\react-router\lib\components.tsx:421:13)
          at basename (C:\Users\samhe\OneDrive\Desktop\Cleaned\frontend\node_mo
dules\react-router\lib\components.tsx:225:3)

      139 |     function setFilter(field: keyof Filters) {
      140 |         return (e: React.ChangeEvent<HTMLInputElement | 
HTMLSelectElement>) => {
    > 141 |             setFilters(f => ({ ...f, [field]: e.target.value }))
          |             ^
      142 |             setPage(1)
      143 |         }
      144 |     }

      at printWarning 
(node_modules/react-dom/cjs/react-dom.development.js:86:30)
      at error (node_modules/react-dom/cjs/react-dom.development.js:60:7)
      at warnIfUpdatesNotWrappedWithActDEV 
(node_modules/react-dom/cjs/react-dom.development.js:27628:9)
      at scheduleUpdateOnFiber 
(node_modules/react-dom/cjs/react-dom.development.js:25547:5)
      at dispatchSetState 
(node_modules/react-dom/cjs/react-dom.development.js:16708:7)
      at src/settings/AccountAdministrationPage.tsx:141:13
      at HTMLUnknownElement.callCallback 
(node_modules/react-dom/cjs/react-dom.development.js:4164:14)
      at HTMLUnknownElement.callTheUserObjectsOperation 
(node_modules/jsdom/lib/jsdom/living/generated/EventListener.js:26:30)
      at innerInvokeEventListeners 
(node_modules/jsdom/lib/jsdom/living/events/EventTarget-impl.js:350:25)
      at invokeEventListeners 
(node_modules/jsdom/lib/jsdom/living/events/EventTarget-impl.js:286:3)
      at HTMLUnknownElementImpl._dispatch 
(node_modules/jsdom/lib/jsdom/living/events/EventTarget-impl.js:233:9)
      at HTMLUnknownElementImpl.dispatchEvent 
(node_modules/jsdom/lib/jsdom/living/events/EventTarget-impl.js:104:17)
      at HTMLUnknownElement.dispatchEvent 
(node_modules/jsdom/lib/jsdom/living/generated/EventTarget.js:241:34)
      at Object.invokeGuardedCallbackDev 
(node_modules/react-dom/cjs/react-dom.development.js:4213:16)
      at invokeGuardedCallback 
(node_modules/react-dom/cjs/react-dom.development.js:4277:31)
      at invokeGuardedCallbackAndCatchFirstError 
(node_modules/react-dom/cjs/react-dom.development.js:4291:25)
      at executeDispatch 
(node_modules/react-dom/cjs/react-dom.development.js:9041:3)
      at processDispatchQueueItemsInOrder 
(node_modules/react-dom/cjs/react-dom.development.js:9073:7)
      at processDispatchQueue 
(node_modules/react-dom/cjs/react-dom.development.js:9086:5)
      at dispatchEventsForPlugins 
(node_modules/react-dom/cjs/react-dom.development.js:9097:3)
      at node_modules/react-dom/cjs/react-dom.development.js:9288:12
      at batchedUpdates$1 
(node_modules/react-dom/cjs/react-dom.development.js:26179:12)
      at batchedUpdates 
(node_modules/react-dom/cjs/react-dom.development.js:3991:12)
      at dispatchEventForPluginEventSystem 
(node_modules/react-dom/cjs/react-dom.development.js:9287:3)
      at dispatchEventWithEnableCapturePhaseSelectiveHydrationWithoutDiscreteEv
entReplay (node_modules/react-dom/cjs/react-dom.development.js:6465:5)
      at dispatchEvent 
(node_modules/react-dom/cjs/react-dom.development.js:6457:5)
      at dispatchDiscreteEvent 
(node_modules/react-dom/cjs/react-dom.development.js:6430:5)
      at HTMLDivElement.callTheUserObjectsOperation 
(node_modules/jsdom/lib/jsdom/living/generated/EventListener.js:26:30)
      at innerInvokeEventListeners 
(node_modules/jsdom/lib/jsdom/living/events/EventTarget-impl.js:350:25)
      at invokeEventListeners 
(node_modules/jsdom/lib/jsdom/living/events/EventTarget-impl.js:286:3)
      at HTMLInputElementImpl._dispatch 
(node_modules/jsdom/lib/jsdom/living/events/EventTarget-impl.js:233:9)
      at HTMLInputElementImpl.dispatchEvent 
(node_modules/jsdom/lib/jsdom/living/events/EventTarget-impl.js:104:17)
      at HTMLInputElement.dispatchEvent 
(node_modules/jsdom/lib/jsdom/living/generated/EventTarget.js:241:34)
      at 
node_modules/@testing-library/user-event/dist/cjs/event/dispatchEvent.js:45:43
      at Object.eventWrapper 
(node_modules/@testing-library/dom/dist/config.js:25:23)
      at Object.wrapEvent 
(node_modules/@testing-library/user-event/dist/cjs/event/wrapEvent.js:6:28)
      at Object.dispatchEvent (node_modules/@testing-library/user-event/dist/cj
s/event/dispatchEvent.js:45:22)
      at Object.dispatchUIEvent (node_modules/@testing-library/user-event/dist/
cjs/event/dispatchEvent.js:22:26)
      at commitInput 
(node_modules/@testing-library/user-event/dist/cjs/event/input.js:145:14)
      at editInputElement 
(node_modules/@testing-library/user-event/dist/cjs/event/input.js:115:9)
      at Object.input 
(node_modules/@testing-library/user-event/dist/cjs/event/input.js:37:9)
      at node_modules/@testing-library/user-event/dist/cjs/event/behavior/keypr
ess.js:31:26
      at Object.dispatchEvent (node_modules/@testing-library/user-event/dist/cj
s/event/dispatchEvent.js:41:13)
      at Object.dispatchUIEvent (node_modules/@testing-library/user-event/dist/
cjs/event/dispatchEvent.js:22:26)
      at KeyboardHost.keydown 
(node_modules/@testing-library/user-event/dist/cjs/system/keyboard.js:76:22)
      at keyboardAction 
(node_modules/@testing-library/user-event/dist/cjs/keyboard/index.js:22:35)
      at Object.keyboard 
(node_modules/@testing-library/user-event/dist/cjs/keyboard/index.js:11:15)
      at Object.type 
(node_modules/@testing-library/user-event/dist/cjs/utility/type.js:17:5)
      at Object.<anonymous> 
(src/settings/__tests__/AccountAdministrationPage.test.tsx:276:9)

    console.error
      Warning: An update to AccountAdministrationPage inside a test was not 
wrapped in act(...).
      
      When testing, code that causes React state updates should be wrapped 
into act(...):
      
      act(() => {
        /* fire events that update state */
      });
      /* assert on the output */
      
      This ensures that you're testing the behavior the user would see in the 
browser. Learn more at https://reactjs.org/link/wrap-tests-with-act
          at AccountAdministrationPage (C:\Users\samhe\OneDrive\Desktop\Cleaned
\frontend\src\settings\AccountAdministrationPage.tsx:96:39)
          at basenameProp (C:\Users\samhe\OneDrive\Desktop\Cleaned\frontend\nod
e_modules\react-router\lib\components.tsx:421:13)
          at basename (C:\Users\samhe\OneDrive\Desktop\Cleaned\frontend\node_mo
dules\react-router\lib\components.tsx:225:3)

      140 |         return (e: React.ChangeEvent<HTMLInputElement | 
HTMLSelectElement>) => {
      141 |             setFilters(f => ({ ...f, [field]: e.target.value }))
    > 142 |             setPage(1)
          |             ^
      143 |         }
      144 |     }
      145 |

      at printWarning 
(node_modules/react-dom/cjs/react-dom.development.js:86:30)
      at error (node_modules/react-dom/cjs/react-dom.development.js:60:7)
      at warnIfUpdatesNotWrappedWithActDEV 
(node_modules/react-dom/cjs/react-dom.development.js:27628:9)
      at scheduleUpdateOnFiber 
(node_modules/react-dom/cjs/react-dom.development.js:25547:5)
      at dispatchSetState 
(node_modules/react-dom/cjs/react-dom.development.js:16708:7)
      at src/settings/AccountAdministrationPage.tsx:142:13
      at HTMLUnknownElement.callCallback 
(node_modules/react-dom/cjs/react-dom.development.js:4164:14)
      at HTMLUnknownElement.callTheUserObjectsOperation 
(node_modules/jsdom/lib/jsdom/living/generated/EventListener.js:26:30)
      at innerInvokeEventListeners 
(node_modules/jsdom/lib/jsdom/living/events/EventTarget-impl.js:350:25)
      at invokeEventListeners 
(node_modules/jsdom/lib/jsdom/living/events/EventTarget-impl.js:286:3)
      at HTMLUnknownElementImpl._dispatch 
(node_modules/jsdom/lib/jsdom/living/events/EventTarget-impl.js:233:9)
      at HTMLUnknownElementImpl.dispatchEvent 
(node_modules/jsdom/lib/jsdom/living/events/EventTarget-impl.js:104:17)
      at HTMLUnknownElement.dispatchEvent 
(node_modules/jsdom/lib/jsdom/living/generated/EventTarget.js:241:34)
      at Object.invokeGuardedCallbackDev 
(node_modules/react-dom/cjs/react-dom.development.js:4213:16)
      at invokeGuardedCallback 
(node_modules/react-dom/cjs/react-dom.development.js:4277:31)
      at invokeGuardedCallbackAndCatchFirstError 
(node_modules/react-dom/cjs/react-dom.development.js:4291:25)
      at executeDispatch 
(node_modules/react-dom/cjs/react-dom.development.js:9041:3)
      at processDispatchQueueItemsInOrder 
(node_modules/react-dom/cjs/react-dom.development.js:9073:7)
      at processDispatchQueue 
(node_modules/react-dom/cjs/react-dom.development.js:9086:5)
      at dispatchEventsForPlugins 
(node_modules/react-dom/cjs/react-dom.development.js:9097:3)
      at node_modules/react-dom/cjs/react-dom.development.js:9288:12
      at batchedUpdates$1 
(node_modules/react-dom/cjs/react-dom.development.js:26179:12)
      at batchedUpdates 
(node_modules/react-dom/cjs/react-dom.development.js:3991:12)
      at dispatchEventForPluginEventSystem 
(node_modules/react-dom/cjs/react-dom.development.js:9287:3)
      at dispatchEventWithEnableCapturePhaseSelectiveHydrationWithoutDiscreteEv
entReplay (node_modules/react-dom/cjs/react-dom.development.js:6465:5)
      at dispatchEvent 
(node_modules/react-dom/cjs/react-dom.development.js:6457:5)
      at dispatchDiscreteEvent 
(node_modules/react-dom/cjs/react-dom.development.js:6430:5)
      at HTMLDivElement.callTheUserObjectsOperation 
(node_modules/jsdom/lib/jsdom/living/generated/EventListener.js:26:30)
      at innerInvokeEventListeners 
(node_modules/jsdom/lib/jsdom/living/events/EventTarget-impl.js:350:25)
      at invokeEventListeners 
(node_modules/jsdom/lib/jsdom/living/events/EventTarget-impl.js:286:3)
      at HTMLInputElementImpl._dispatch 
(node_modules/jsdom/lib/jsdom/living/events/EventTarget-impl.js:233:9)
      at HTMLInputElementImpl.dispatchEvent 
(node_modules/jsdom/lib/jsdom/living/events/EventTarget-impl.js:104:17)
      at HTMLInputElement.dispatchEvent 
(node_modules/jsdom/lib/jsdom/living/generated/EventTarget.js:241:34)
      at 
node_modules/@testing-library/user-event/dist/cjs/event/dispatchEvent.js:45:43
      at Object.eventWrapper 
(node_modules/@testing-library/dom/dist/config.js:25:23)
      at Object.wrapEvent 
(node_modules/@testing-library/user-event/dist/cjs/event/wrapEvent.js:6:28)
      at Object.dispatchEvent (node_modules/@testing-library/user-event/dist/cj
s/event/dispatchEvent.js:45:22)
      at Object.dispatchUIEvent (node_modules/@testing-library/user-event/dist/
cjs/event/dispatchEvent.js:22:26)
      at commitInput 
(node_modules/@testing-library/user-event/dist/cjs/event/input.js:145:14)
      at editInputElement 
(node_modules/@testing-library/user-event/dist/cjs/event/input.js:115:9)
      at Object.input 
(node_modules/@testing-library/user-event/dist/cjs/event/input.js:37:9)
      at node_modules/@testing-library/user-event/dist/cjs/event/behavior/keypr
ess.js:31:26
      at Object.dispatchEvent (node_modules/@testing-library/user-event/dist/cj
s/event/dispatchEvent.js:41:13)
      at Object.dispatchUIEvent (node_modules/@testing-library/user-event/dist/
cjs/event/dispatchEvent.js:22:26)
      at KeyboardHost.keydown 
(node_modules/@testing-library/user-event/dist/cjs/system/keyboard.js:76:22)
      at keyboardAction 
(node_modules/@testing-library/user-event/dist/cjs/keyboard/index.js:22:35)
      at Object.keyboard 
(node_modules/@testing-library/user-event/dist/cjs/keyboard/index.js:11:15)
      at Object.type 
(node_modules/@testing-library/user-event/dist/cjs/utility/type.js:17:5)
      at Object.<anonymous> 
(src/settings/__tests__/AccountAdministrationPage.test.tsx:276:9)

    console.error
      Warning: An update to AccountAdministrationPage inside a test was not 
wrapped in act(...).
      
      When testing, code that causes React state updates should be wrapped 
into act(...):
      
      act(() => {
        /* fire events that update state */
      });
      /* assert on the output */
      
      This ensures that you're testing the behavior the user would see in the 
browser. Learn more at https://reactjs.org/link/wrap-tests-with-act
          at AccountAdministrationPage (C:\Users\samhe\OneDrive\Desktop\Cleaned
\frontend\src\settings\AccountAdministrationPage.tsx:96:39)
          at basenameProp (C:\Users\samhe\OneDrive\Desktop\Cleaned\frontend\nod
e_modules\react-router\lib\components.tsx:421:13)
          at basename (C:\Users\samhe\OneDrive\Desktop\Cleaned\frontend\node_mo
dules\react-router\lib\components.tsx:225:3)

      139 |     function setFilter(field: keyof Filters) {
      140 |         return (e: React.ChangeEvent<HTMLInputElement | 
HTMLSelectElement>) => {
    > 141 |             setFilters(f => ({ ...f, [field]: e.target.value }))
          |             ^
      142 |             setPage(1)
      143 |         }
      144 |     }

      at printWarning 
(node_modules/react-dom/cjs/react-dom.development.js:86:30)
      at error (node_modules/react-dom/cjs/react-dom.development.js:60:7)
      at warnIfUpdatesNotWrappedWithActDEV 
(node_modules/react-dom/cjs/react-dom.development.js:27628:9)
      at scheduleUpdateOnFiber 
(node_modules/react-dom/cjs/react-dom.development.js:25547:5)
      at dispatchSetState 
(node_modules/react-dom/cjs/react-dom.development.js:16708:7)
      at src/settings/AccountAdministrationPage.tsx:141:13
      at HTMLUnknownElement.callCallback 
(node_modules/react-dom/cjs/react-dom.development.js:4164:14)
      at HTMLUnknownElement.callTheUserObjectsOperation 
(node_modules/jsdom/lib/jsdom/living/generated/EventListener.js:26:30)
      at innerInvokeEventListeners 
(node_modules/jsdom/lib/jsdom/living/events/EventTarget-impl.js:350:25)
      at invokeEventListeners 
(node_modules/jsdom/lib/jsdom/living/events/EventTarget-impl.js:286:3)
      at HTMLUnknownElementImpl._dispatch 
(node_modules/jsdom/lib/jsdom/living/events/EventTarget-impl.js:233:9)
      at HTMLUnknownElementImpl.dispatchEvent 
(node_modules/jsdom/lib/jsdom/living/events/EventTarget-impl.js:104:17)
      at HTMLUnknownElement.dispatchEvent 
(node_modules/jsdom/lib/jsdom/living/generated/EventTarget.js:241:34)
      at Object.invokeGuardedCallbackDev 
(node_modules/react-dom/cjs/react-dom.development.js:4213:16)
      at invokeGuardedCallback 
(node_modules/react-dom/cjs/react-dom.development.js:4277:31)
      at invokeGuardedCallbackAndCatchFirstError 
(node_modules/react-dom/cjs/react-dom.development.js:4291:25)
      at executeDispatch 
(node_modules/react-dom/cjs/react-dom.development.js:9041:3)
      at processDispatchQueueItemsInOrder 
(node_modules/react-dom/cjs/react-dom.development.js:9073:7)
      at processDispatchQueue 
(node_modules/react-dom/cjs/react-dom.development.js:9086:5)
      at dispatchEventsForPlugins 
(node_modules/react-dom/cjs/react-dom.development.js:9097:3)
      at node_modules/react-dom/cjs/react-dom.development.js:9288:12
      at batchedUpdates$1 
(node_modules/react-dom/cjs/react-dom.development.js:26179:12)
      at batchedUpdates 
(node_modules/react-dom/cjs/react-dom.development.js:3991:12)
      at dispatchEventForPluginEventSystem 
(node_modules/react-dom/cjs/react-dom.development.js:9287:3)
      at dispatchEventWithEnableCapturePhaseSelectiveHydrationWithoutDiscreteEv
entReplay (node_modules/react-dom/cjs/react-dom.development.js:6465:5)
      at dispatchEvent 
(node_modules/react-dom/cjs/react-dom.development.js:6457:5)
      at dispatchDiscreteEvent 
(node_modules/react-dom/cjs/react-dom.development.js:6430:5)
      at HTMLDivElement.callTheUserObjectsOperation 
(node_modules/jsdom/lib/jsdom/living/generated/EventListener.js:26:30)
      at innerInvokeEventListeners 
(node_modules/jsdom/lib/jsdom/living/events/EventTarget-impl.js:350:25)
      at invokeEventListeners 
(node_modules/jsdom/lib/jsdom/living/events/EventTarget-impl.js:286:3)
      at HTMLInputElementImpl._dispatch 
(node_modules/jsdom/lib/jsdom/living/events/EventTarget-impl.js:233:9)
      at HTMLInputElementImpl.dispatchEvent 
(node_modules/jsdom/lib/jsdom/living/events/EventTarget-impl.js:104:17)
      at HTMLInputElement.dispatchEvent 
(node_modules/jsdom/lib/jsdom/living/generated/EventTarget.js:241:34)
      at 
node_modules/@testing-library/user-event/dist/cjs/event/dispatchEvent.js:45:43
      at Object.eventWrapper 
(node_modules/@testing-library/dom/dist/config.js:25:23)
      at Object.wrapEvent 
(node_modules/@testing-library/user-event/dist/cjs/event/wrapEvent.js:6:28)
      at Object.dispatchEvent (node_modules/@testing-library/user-event/dist/cj
s/event/dispatchEvent.js:45:22)
      at Object.dispatchUIEvent (node_modules/@testing-library/user-event/dist/
cjs/event/dispatchEvent.js:22:26)
      at commitInput 
(node_modules/@testing-library/user-event/dist/cjs/event/input.js:145:14)
      at editInputElement 
(node_modules/@testing-library/user-event/dist/cjs/event/input.js:115:9)
      at Object.input 
(node_modules/@testing-library/user-event/dist/cjs/event/input.js:37:9)
      at node_modules/@testing-library/user-event/dist/cjs/event/behavior/keypr
ess.js:31:26
      at Object.dispatchEvent (node_modules/@testing-library/user-event/dist/cj
s/event/dispatchEvent.js:41:13)
      at Object.dispatchUIEvent (node_modules/@testing-library/user-event/dist/
cjs/event/dispatchEvent.js:22:26)
      at KeyboardHost.keydown 
(node_modules/@testing-library/user-event/dist/cjs/system/keyboard.js:76:22)
      at keyboardAction 
(node_modules/@testing-library/user-event/dist/cjs/keyboard/index.js:22:35)
      at Object.keyboard 
(node_modules/@testing-library/user-event/dist/cjs/keyboard/index.js:11:15)
      at Object.type 
(node_modules/@testing-library/user-event/dist/cjs/utility/type.js:17:5)
      at Object.<anonymous> 
(src/settings/__tests__/AccountAdministrationPage.test.tsx:276:9)

    console.error
      Warning: An update to AccountAdministrationPage inside a test was not 
wrapped in act(...).
      
      When testing, code that causes React state updates should be wrapped 
into act(...):
      
      act(() => {
        /* fire events that update state */
      });
      /* assert on the output */
      
      This ensures that you're testing the behavior the user would see in the 
browser. Learn more at https://reactjs.org/link/wrap-tests-with-act
          at AccountAdministrationPage (C:\Users\samhe\OneDrive\Desktop\Cleaned
\frontend\src\settings\AccountAdministrationPage.tsx:96:39)
          at basenameProp (C:\Users\samhe\OneDrive\Desktop\Cleaned\frontend\nod
e_modules\react-router\lib\components.tsx:421:13)
          at basename (C:\Users\samhe\OneDrive\Desktop\Cleaned\frontend\node_mo
dules\react-router\lib\components.tsx:225:3)

      140 |         return (e: React.ChangeEvent<HTMLInputElement | 
HTMLSelectElement>) => {
      141 |             setFilters(f => ({ ...f, [field]: e.target.value }))
    > 142 |             setPage(1)
          |             ^
      143 |         }
      144 |     }
      145 |

      at printWarning 
(node_modules/react-dom/cjs/react-dom.development.js:86:30)
      at error (node_modules/react-dom/cjs/react-dom.development.js:60:7)
      at warnIfUpdatesNotWrappedWithActDEV 
(node_modules/react-dom/cjs/react-dom.development.js:27628:9)
      at scheduleUpdateOnFiber 
(node_modules/react-dom/cjs/react-dom.development.js:25547:5)
      at dispatchSetState 
(node_modules/react-dom/cjs/react-dom.development.js:16708:7)
      at src/settings/AccountAdministrationPage.tsx:142:13
      at HTMLUnknownElement.callCallback 
(node_modules/react-dom/cjs/react-dom.development.js:4164:14)
      at HTMLUnknownElement.callTheUserObjectsOperation 
(node_modules/jsdom/lib/jsdom/living/generated/EventListener.js:26:30)
      at innerInvokeEventListeners 
(node_modules/jsdom/lib/jsdom/living/events/EventTarget-impl.js:350:25)
      at invokeEventListeners 
(node_modules/jsdom/lib/jsdom/living/events/EventTarget-impl.js:286:3)
      at HTMLUnknownElementImpl._dispatch 
(node_modules/jsdom/lib/jsdom/living/events/EventTarget-impl.js:233:9)
      at HTMLUnknownElementImpl.dispatchEvent 
(node_modules/jsdom/lib/jsdom/living/events/EventTarget-impl.js:104:17)
      at HTMLUnknownElement.dispatchEvent 
(node_modules/jsdom/lib/jsdom/living/generated/EventTarget.js:241:34)
      at Object.invokeGuardedCallbackDev 
(node_modules/react-dom/cjs/react-dom.development.js:4213:16)
      at invokeGuardedCallback 
(node_modules/react-dom/cjs/react-dom.development.js:4277:31)
      at invokeGuardedCallbackAndCatchFirstError 
(node_modules/react-dom/cjs/react-dom.development.js:4291:25)
      at executeDispatch 
(node_modules/react-dom/cjs/react-dom.development.js:9041:3)
      at processDispatchQueueItemsInOrder 
(node_modules/react-dom/cjs/react-dom.development.js:9073:7)
      at processDispatchQueue 
(node_modules/react-dom/cjs/react-dom.development.js:9086:5)
      at dispatchEventsForPlugins 
(node_modules/react-dom/cjs/react-dom.development.js:9097:3)
      at node_modules/react-dom/cjs/react-dom.development.js:9288:12
      at batchedUpdates$1 
(node_modules/react-dom/cjs/react-dom.development.js:26179:12)
      at batchedUpdates 
(node_modules/react-dom/cjs/react-dom.development.js:3991:12)
      at dispatchEventForPluginEventSystem 
(node_modules/react-dom/cjs/react-dom.development.js:9287:3)
      at dispatchEventWithEnableCapturePhaseSelectiveHydrationWithoutDiscreteEv
entReplay (node_modules/react-dom/cjs/react-dom.development.js:6465:5)
      at dispatchEvent 
(node_modules/react-dom/cjs/react-dom.development.js:6457:5)
      at dispatchDiscreteEvent 
(node_modules/react-dom/cjs/react-dom.development.js:6430:5)
      at HTMLDivElement.callTheUserObjectsOperation 
(node_modules/jsdom/lib/jsdom/living/generated/EventListener.js:26:30)
      at innerInvokeEventListeners 
(node_modules/jsdom/lib/jsdom/living/events/EventTarget-impl.js:350:25)
      at invokeEventListeners 
(node_modules/jsdom/lib/jsdom/living/events/EventTarget-impl.js:286:3)
      at HTMLInputElementImpl._dispatch 
(node_modules/jsdom/lib/jsdom/living/events/EventTarget-impl.js:233:9)
      at HTMLInputElementImpl.dispatchEvent 
(node_modules/jsdom/lib/jsdom/living/events/EventTarget-impl.js:104:17)
      at HTMLInputElement.dispatchEvent 
(node_modules/jsdom/lib/jsdom/living/generated/EventTarget.js:241:34)
      at 
node_modules/@testing-library/user-event/dist/cjs/event/dispatchEvent.js:45:43
      at Object.eventWrapper 
(node_modules/@testing-library/dom/dist/config.js:25:23)
      at Object.wrapEvent 
(node_modules/@testing-library/user-event/dist/cjs/event/wrapEvent.js:6:28)
      at Object.dispatchEvent (node_modules/@testing-library/user-event/dist/cj
s/event/dispatchEvent.js:45:22)
      at Object.dispatchUIEvent (node_modules/@testing-library/user-event/dist/
cjs/event/dispatchEvent.js:22:26)
      at commitInput 
(node_modules/@testing-library/user-event/dist/cjs/event/input.js:145:14)
      at editInputElement 
(node_modules/@testing-library/user-event/dist/cjs/event/input.js:115:9)
      at Object.input 
(node_modules/@testing-library/user-event/dist/cjs/event/input.js:37:9)
      at node_modules/@testing-library/user-event/dist/cjs/event/behavior/keypr
ess.js:31:26
      at Object.dispatchEvent (node_modules/@testing-library/user-event/dist/cj
s/event/dispatchEvent.js:41:13)
      at Object.dispatchUIEvent (node_modules/@testing-library/user-event/dist/
cjs/event/dispatchEvent.js:22:26)
      at KeyboardHost.keydown 
(node_modules/@testing-library/user-event/dist/cjs/system/keyboard.js:76:22)
      at keyboardAction 
(node_modules/@testing-library/user-event/dist/cjs/keyboard/index.js:22:35)
      at Object.keyboard 
(node_modules/@testing-library/user-event/dist/cjs/keyboard/index.js:11:15)
      at Object.type 
(node_modules/@testing-library/user-event/dist/cjs/utility/type.js:17:5)
      at Object.<anonymous> 
(src/settings/__tests__/AccountAdministrationPage.test.tsx:276:9)

    console.error
      Warning: An update to AccountAdministrationPage inside a test was not 
wrapped in act(...).
      
      When testing, code that causes React state updates should be wrapped 
into act(...):
      
      act(() => {
        /* fire events that update state */
      });
      /* assert on the output */
      
      This ensures that you're testing the behavior the user would see in the 
browser. Learn more at https://reactjs.org/link/wrap-tests-with-act
          at AccountAdministrationPage (C:\Users\samhe\OneDrive\Desktop\Cleaned
\frontend\src\settings\AccountAdministrationPage.tsx:96:39)
          at basenameProp (C:\Users\samhe\OneDrive\Desktop\Cleaned\frontend\nod
e_modules\react-router\lib\components.tsx:421:13)
          at basename (C:\Users\samhe\OneDrive\Desktop\Cleaned\frontend\node_mo
dules\react-router\lib\components.tsx:225:3)

      139 |     function setFilter(field: keyof Filters) {
      140 |         return (e: React.ChangeEvent<HTMLInputElement | 
HTMLSelectElement>) => {
    > 141 |             setFilters(f => ({ ...f, [field]: e.target.value }))
          |             ^
      142 |             setPage(1)
      143 |         }
      144 |     }

      at printWarning 
(node_modules/react-dom/cjs/react-dom.development.js:86:30)
      at error (node_modules/react-dom/cjs/react-dom.development.js:60:7)
      at warnIfUpdatesNotWrappedWithActDEV 
(node_modules/react-dom/cjs/react-dom.development.js:27628:9)
      at scheduleUpdateOnFiber 
(node_modules/react-dom/cjs/react-dom.development.js:25547:5)
      at dispatchSetState 
(node_modules/react-dom/cjs/react-dom.development.js:16708:7)
      at src/settings/AccountAdministrationPage.tsx:141:13
      at HTMLUnknownElement.callCallback 
(node_modules/react-dom/cjs/react-dom.development.js:4164:14)
      at HTMLUnknownElement.callTheUserObjectsOperation 
(node_modules/jsdom/lib/jsdom/living/generated/EventListener.js:26:30)
      at innerInvokeEventListeners 
(node_modules/jsdom/lib/jsdom/living/events/EventTarget-impl.js:350:25)
      at invokeEventListeners 
(node_modules/jsdom/lib/jsdom/living/events/EventTarget-impl.js:286:3)
      at HTMLUnknownElementImpl._dispatch 
(node_modules/jsdom/lib/jsdom/living/events/EventTarget-impl.js:233:9)
      at HTMLUnknownElementImpl.dispatchEvent 
(node_modules/jsdom/lib/jsdom/living/events/EventTarget-impl.js:104:17)
      at HTMLUnknownElement.dispatchEvent 
(node_modules/jsdom/lib/jsdom/living/generated/EventTarget.js:241:34)
      at Object.invokeGuardedCallbackDev 
(node_modules/react-dom/cjs/react-dom.development.js:4213:16)
      at invokeGuardedCallback 
(node_modules/react-dom/cjs/react-dom.development.js:4277:31)
      at invokeGuardedCallbackAndCatchFirstError 
(node_modules/react-dom/cjs/react-dom.development.js:4291:25)
      at executeDispatch 
(node_modules/react-dom/cjs/react-dom.development.js:9041:3)
      at processDispatchQueueItemsInOrder 
(node_modules/react-dom/cjs/react-dom.development.js:9073:7)
      at processDispatchQueue 
(node_modules/react-dom/cjs/react-dom.development.js:9086:5)
      at dispatchEventsForPlugins 
(node_modules/react-dom/cjs/react-dom.development.js:9097:3)
      at node_modules/react-dom/cjs/react-dom.development.js:9288:12
      at batchedUpdates$1 
(node_modules/react-dom/cjs/react-dom.development.js:26179:12)
      at batchedUpdates 
(node_modules/react-dom/cjs/react-dom.development.js:3991:12)
      at dispatchEventForPluginEventSystem 
(node_modules/react-dom/cjs/react-dom.development.js:9287:3)
      at dispatchEventWithEnableCapturePhaseSelectiveHydrationWithoutDiscreteEv
entReplay (node_modules/react-dom/cjs/react-dom.development.js:6465:5)
      at dispatchEvent 
(node_modules/react-dom/cjs/react-dom.development.js:6457:5)
      at dispatchDiscreteEvent 
(node_modules/react-dom/cjs/react-dom.development.js:6430:5)
      at HTMLDivElement.callTheUserObjectsOperation 
(node_modules/jsdom/lib/jsdom/living/generated/EventListener.js:26:30)
      at innerInvokeEventListeners 
(node_modules/jsdom/lib/jsdom/living/events/EventTarget-impl.js:350:25)
      at invokeEventListeners 
(node_modules/jsdom/lib/jsdom/living/events/EventTarget-impl.js:286:3)
      at HTMLInputElementImpl._dispatch 
(node_modules/jsdom/lib/jsdom/living/events/EventTarget-impl.js:233:9)
      at HTMLInputElementImpl.dispatchEvent 
(node_modules/jsdom/lib/jsdom/living/events/EventTarget-impl.js:104:17)
      at HTMLInputElement.dispatchEvent 
(node_modules/jsdom/lib/jsdom/living/generated/EventTarget.js:241:34)
      at 
node_modules/@testing-library/user-event/dist/cjs/event/dispatchEvent.js:45:43
      at Object.eventWrapper 
(node_modules/@testing-library/dom/dist/config.js:25:23)
      at Object.wrapEvent 
(node_modules/@testing-library/user-event/dist/cjs/event/wrapEvent.js:6:28)
      at Object.dispatchEvent (node_modules/@testing-library/user-event/dist/cj
s/event/dispatchEvent.js:45:22)
      at Object.dispatchUIEvent (node_modules/@testing-library/user-event/dist/
cjs/event/dispatchEvent.js:22:26)
      at commitInput 
(node_modules/@testing-library/user-event/dist/cjs/event/input.js:145:14)
      at editInputElement 
(node_modules/@testing-library/user-event/dist/cjs/event/input.js:115:9)
      at Object.input 
(node_modules/@testing-library/user-event/dist/cjs/event/input.js:37:9)
      at node_modules/@testing-library/user-event/dist/cjs/event/behavior/keypr
ess.js:31:26
      at Object.dispatchEvent (node_modules/@testing-library/user-event/dist/cj
s/event/dispatchEvent.js:41:13)
      at Object.dispatchUIEvent (node_modules/@testing-library/user-event/dist/
cjs/event/dispatchEvent.js:22:26)
      at KeyboardHost.keydown 
(node_modules/@testing-library/user-event/dist/cjs/system/keyboard.js:76:22)
      at keyboardAction 
(node_modules/@testing-library/user-event/dist/cjs/keyboard/index.js:22:35)
      at Object.keyboard 
(node_modules/@testing-library/user-event/dist/cjs/keyboard/index.js:11:15)
      at Object.type 
(node_modules/@testing-library/user-event/dist/cjs/utility/type.js:17:5)
      at Object.<anonymous> 
(src/settings/__tests__/AccountAdministrationPage.test.tsx:276:9)

    console.error
      Warning: An update to AccountAdministrationPage inside a test was not 
wrapped in act(...).
      
      When testing, code that causes React state updates should be wrapped 
into act(...):
      
      act(() => {
        /* fire events that update state */
      });
      /* assert on the output */
      
      This ensures that you're testing the behavior the user would see in the 
browser. Learn more at https://reactjs.org/link/wrap-tests-with-act
          at AccountAdministrationPage (C:\Users\samhe\OneDrive\Desktop\Cleaned
\frontend\src\settings\AccountAdministrationPage.tsx:96:39)
          at basenameProp (C:\Users\samhe\OneDrive\Desktop\Cleaned\frontend\nod
e_modules\react-router\lib\components.tsx:421:13)
          at basename (C:\Users\samhe\OneDrive\Desktop\Cleaned\frontend\node_mo
dules\react-router\lib\components.tsx:225:3)

      140 |         return (e: React.ChangeEvent<HTMLInputElement | 
HTMLSelectElement>) => {
      141 |             setFilters(f => ({ ...f, [field]: e.target.value }))
    > 142 |             setPage(1)
          |             ^
      143 |         }
      144 |     }
      145 |

      at printWarning 
(node_modules/react-dom/cjs/react-dom.development.js:86:30)
      at error (node_modules/react-dom/cjs/react-dom.development.js:60:7)
      at warnIfUpdatesNotWrappedWithActDEV 
(node_modules/react-dom/cjs/react-dom.development.js:27628:9)
      at scheduleUpdateOnFiber 
(node_modules/react-dom/cjs/react-dom.development.js:25547:5)
      at dispatchSetState 
(node_modules/react-dom/cjs/react-dom.development.js:16708:7)
      at src/settings/AccountAdministrationPage.tsx:142:13
      at HTMLUnknownElement.callCallback 
(node_modules/react-dom/cjs/react-dom.development.js:4164:14)
      at HTMLUnknownElement.callTheUserObjectsOperation 
(node_modules/jsdom/lib/jsdom/living/generated/EventListener.js:26:30)
      at innerInvokeEventListeners 
(node_modules/jsdom/lib/jsdom/living/events/EventTarget-impl.js:350:25)
      at invokeEventListeners 
(node_modules/jsdom/lib/jsdom/living/events/EventTarget-impl.js:286:3)
      at HTMLUnknownElementImpl._dispatch 
(node_modules/jsdom/lib/jsdom/living/events/EventTarget-impl.js:233:9)
      at HTMLUnknownElementImpl.dispatchEvent 
(node_modules/jsdom/lib/jsdom/living/events/EventTarget-impl.js:104:17)
      at HTMLUnknownElement.dispatchEvent 
(node_modules/jsdom/lib/jsdom/living/generated/EventTarget.js:241:34)
      at Object.invokeGuardedCallbackDev 
(node_modules/react-dom/cjs/react-dom.development.js:4213:16)
      at invokeGuardedCallback 
(node_modules/react-dom/cjs/react-dom.development.js:4277:31)
      at invokeGuardedCallbackAndCatchFirstError 
(node_modules/react-dom/cjs/react-dom.development.js:4291:25)
      at executeDispatch 
(node_modules/react-dom/cjs/react-dom.development.js:9041:3)
      at processDispatchQueueItemsInOrder 
(node_modules/react-dom/cjs/react-dom.development.js:9073:7)
      at processDispatchQueue 
(node_modules/react-dom/cjs/react-dom.development.js:9086:5)
      at dispatchEventsForPlugins 
(node_modules/react-dom/cjs/react-dom.development.js:9097:3)
      at node_modules/react-dom/cjs/react-dom.development.js:9288:12
      at batchedUpdates$1 
(node_modules/react-dom/cjs/react-dom.development.js:26179:12)
      at batchedUpdates 
(node_modules/react-dom/cjs/react-dom.development.js:3991:12)
      at dispatchEventForPluginEventSystem 
(node_modules/react-dom/cjs/react-dom.development.js:9287:3)
      at dispatchEventWithEnableCapturePhaseSelectiveHydrationWithoutDiscreteEv
entReplay (node_modules/react-dom/cjs/react-dom.development.js:6465:5)
      at dispatchEvent 
(node_modules/react-dom/cjs/react-dom.development.js:6457:5)
      at dispatchDiscreteEvent 
(node_modules/react-dom/cjs/react-dom.development.js:6430:5)
      at HTMLDivElement.callTheUserObjectsOperation 
(node_modules/jsdom/lib/jsdom/living/generated/EventListener.js:26:30)
      at innerInvokeEventListeners 
(node_modules/jsdom/lib/jsdom/living/events/EventTarget-impl.js:350:25)
      at invokeEventListeners 
(node_modules/jsdom/lib/jsdom/living/events/EventTarget-impl.js:286:3)
      at HTMLInputElementImpl._dispatch 
(node_modules/jsdom/lib/jsdom/living/events/EventTarget-impl.js:233:9)
      at HTMLInputElementImpl.dispatchEvent 
(node_modules/jsdom/lib/jsdom/living/events/EventTarget-impl.js:104:17)
      at HTMLInputElement.dispatchEvent 
(node_modules/jsdom/lib/jsdom/living/generated/EventTarget.js:241:34)
      at 
node_modules/@testing-library/user-event/dist/cjs/event/dispatchEvent.js:45:43
      at Object.eventWrapper 
(node_modules/@testing-library/dom/dist/config.js:25:23)
      at Object.wrapEvent 
(node_modules/@testing-library/user-event/dist/cjs/event/wrapEvent.js:6:28)
      at Object.dispatchEvent (node_modules/@testing-library/user-event/dist/cj
s/event/dispatchEvent.js:45:22)
      at Object.dispatchUIEvent (node_modules/@testing-library/user-event/dist/
cjs/event/dispatchEvent.js:22:26)
      at commitInput 
(node_modules/@testing-library/user-event/dist/cjs/event/input.js:145:14)
      at editInputElement 
(node_modules/@testing-library/user-event/dist/cjs/event/input.js:115:9)
      at Object.input 
(node_modules/@testing-library/user-event/dist/cjs/event/input.js:37:9)
      at node_modules/@testing-library/user-event/dist/cjs/event/behavior/keypr
ess.js:31:26
      at Object.dispatchEvent (node_modules/@testing-library/user-event/dist/cj
s/event/dispatchEvent.js:41:13)
      at Object.dispatchUIEvent (node_modules/@testing-library/user-event/dist/
cjs/event/dispatchEvent.js:22:26)
      at KeyboardHost.keydown 
(node_modules/@testing-library/user-event/dist/cjs/system/keyboard.js:76:22)
      at keyboardAction 
(node_modules/@testing-library/user-event/dist/cjs/keyboard/index.js:22:35)
      at Object.keyboard 
(node_modules/@testing-library/user-event/dist/cjs/keyboard/index.js:11:15)
      at Object.type 
(node_modules/@testing-library/user-event/dist/cjs/utility/type.js:17:5)
      at Object.<anonymous> 
(src/settings/__tests__/AccountAdministrationPage.test.tsx:276:9)

    console.error
      Warning: An update to AccountAdministrationPage inside a test was not 
wrapped in act(...).
      
      When testing, code that causes React state updates should be wrapped 
into act(...):
      
      act(() => {
        /* fire events that update state */
      });
      /* assert on the output */
      
      This ensures that you're testing the behavior the user would see in the 
browser. Learn more at https://reactjs.org/link/wrap-tests-with-act
          at AccountAdministrationPage (C:\Users\samhe\OneDrive\Desktop\Cleaned
\frontend\src\settings\AccountAdministrationPage.tsx:96:39)
          at basenameProp (C:\Users\samhe\OneDrive\Desktop\Cleaned\frontend\nod
e_modules\react-router\lib\components.tsx:421:13)
          at basename (C:\Users\samhe\OneDrive\Desktop\Cleaned\frontend\node_mo
dules\react-router\lib\components.tsx:225:3)

      139 |     function setFilter(field: keyof Filters) {
      140 |         return (e: React.ChangeEvent<HTMLInputElement | 
HTMLSelectElement>) => {
    > 141 |             setFilters(f => ({ ...f, [field]: e.target.value }))
          |             ^
      142 |             setPage(1)
      143 |         }
      144 |     }

      at printWarning 
(node_modules/react-dom/cjs/react-dom.development.js:86:30)
      at error (node_modules/react-dom/cjs/react-dom.development.js:60:7)
      at warnIfUpdatesNotWrappedWithActDEV 
(node_modules/react-dom/cjs/react-dom.development.js:27628:9)
      at scheduleUpdateOnFiber 
(node_modules/react-dom/cjs/react-dom.development.js:25547:5)
      at dispatchSetState 
(node_modules/react-dom/cjs/react-dom.development.js:16708:7)
      at src/settings/AccountAdministrationPage.tsx:141:13
      at HTMLUnknownElement.callCallback 
(node_modules/react-dom/cjs/react-dom.development.js:4164:14)
      at HTMLUnknownElement.callTheUserObjectsOperation 
(node_modules/jsdom/lib/jsdom/living/generated/EventListener.js:26:30)
      at innerInvokeEventListeners 
(node_modules/jsdom/lib/jsdom/living/events/EventTarget-impl.js:350:25)
      at invokeEventListeners 
(node_modules/jsdom/lib/jsdom/living/events/EventTarget-impl.js:286:3)
      at HTMLUnknownElementImpl._dispatch 
(node_modules/jsdom/lib/jsdom/living/events/EventTarget-impl.js:233:9)
      at HTMLUnknownElementImpl.dispatchEvent 
(node_modules/jsdom/lib/jsdom/living/events/EventTarget-impl.js:104:17)
      at HTMLUnknownElement.dispatchEvent 
(node_modules/jsdom/lib/jsdom/living/generated/EventTarget.js:241:34)
      at Object.invokeGuardedCallbackDev 
(node_modules/react-dom/cjs/react-dom.development.js:4213:16)
      at invokeGuardedCallback 
(node_modules/react-dom/cjs/react-dom.development.js:4277:31)
      at invokeGuardedCallbackAndCatchFirstError 
(node_modules/react-dom/cjs/react-dom.development.js:4291:25)
      at executeDispatch 
(node_modules/react-dom/cjs/react-dom.development.js:9041:3)
      at processDispatchQueueItemsInOrder 
(node_modules/react-dom/cjs/react-dom.development.js:9073:7)
      at processDispatchQueue 
(node_modules/react-dom/cjs/react-dom.development.js:9086:5)
      at dispatchEventsForPlugins 
(node_modules/react-dom/cjs/react-dom.development.js:9097:3)
      at node_modules/react-dom/cjs/react-dom.development.js:9288:12
      at batchedUpdates$1 
(node_modules/react-dom/cjs/react-dom.development.js:26179:12)
      at batchedUpdates 
(node_modules/react-dom/cjs/react-dom.development.js:3991:12)
      at dispatchEventForPluginEventSystem 
(node_modules/react-dom/cjs/react-dom.development.js:9287:3)
      at dispatchEventWithEnableCapturePhaseSelectiveHydrationWithoutDiscreteEv
entReplay (node_modules/react-dom/cjs/react-dom.development.js:6465:5)
      at dispatchEvent 
(node_modules/react-dom/cjs/react-dom.development.js:6457:5)
      at dispatchDiscreteEvent 
(node_modules/react-dom/cjs/react-dom.development.js:6430:5)
      at HTMLDivElement.callTheUserObjectsOperation 
(node_modules/jsdom/lib/jsdom/living/generated/EventListener.js:26:30)
      at innerInvokeEventListeners 
(node_modules/jsdom/lib/jsdom/living/events/EventTarget-impl.js:350:25)
      at invokeEventListeners 
(node_modules/jsdom/lib/jsdom/living/events/EventTarget-impl.js:286:3)
      at HTMLInputElementImpl._dispatch 
(node_modules/jsdom/lib/jsdom/living/events/EventTarget-impl.js:233:9)
      at HTMLInputElementImpl.dispatchEvent 
(node_modules/jsdom/lib/jsdom/living/events/EventTarget-impl.js:104:17)
      at HTMLInputElement.dispatchEvent 
(node_modules/jsdom/lib/jsdom/living/generated/EventTarget.js:241:34)
      at 
node_modules/@testing-library/user-event/dist/cjs/event/dispatchEvent.js:45:43
      at Object.eventWrapper 
(node_modules/@testing-library/dom/dist/config.js:25:23)
      at Object.wrapEvent 
(node_modules/@testing-library/user-event/dist/cjs/event/wrapEvent.js:6:28)
      at Object.dispatchEvent (node_modules/@testing-library/user-event/dist/cj
s/event/dispatchEvent.js:45:22)
      at Object.dispatchUIEvent (node_modules/@testing-library/user-event/dist/
cjs/event/dispatchEvent.js:22:26)
      at commitInput 
(node_modules/@testing-library/user-event/dist/cjs/event/input.js:145:14)
      at editInputElement 
(node_modules/@testing-library/user-event/dist/cjs/event/input.js:115:9)
      at Object.input 
(node_modules/@testing-library/user-event/dist/cjs/event/input.js:37:9)
      at node_modules/@testing-library/user-event/dist/cjs/event/behavior/keypr
ess.js:31:26
      at Object.dispatchEvent (node_modules/@testing-library/user-event/dist/cj
s/event/dispatchEvent.js:41:13)
      at Object.dispatchUIEvent (node_modules/@testing-library/user-event/dist/
cjs/event/dispatchEvent.js:22:26)
      at KeyboardHost.keydown 
(node_modules/@testing-library/user-event/dist/cjs/system/keyboard.js:76:22)
      at keyboardAction 
(node_modules/@testing-library/user-event/dist/cjs/keyboard/index.js:22:35)
      at Object.keyboard 
(node_modules/@testing-library/user-event/dist/cjs/keyboard/index.js:11:15)
      at Object.type 
(node_modules/@testing-library/user-event/dist/cjs/utility/type.js:17:5)
      at Object.<anonymous> 
(src/settings/__tests__/AccountAdministrationPage.test.tsx:276:9)

    console.error
      Warning: An update to AccountAdministrationPage inside a test was not 
wrapped in act(...).
      
      When testing, code that causes React state updates should be wrapped 
into act(...):
      
      act(() => {
        /* fire events that update state */
      });
      /* assert on the output */
      
      This ensures that you're testing the behavior the user would see in the 
browser. Learn more at https://reactjs.org/link/wrap-tests-with-act
          at AccountAdministrationPage (C:\Users\samhe\OneDrive\Desktop\Cleaned
\frontend\src\settings\AccountAdministrationPage.tsx:96:39)
          at basenameProp (C:\Users\samhe\OneDrive\Desktop\Cleaned\frontend\nod
e_modules\react-router\lib\components.tsx:421:13)
          at basename (C:\Users\samhe\OneDrive\Desktop\Cleaned\frontend\node_mo
dules\react-router\lib\components.tsx:225:3)

      140 |         return (e: React.ChangeEvent<HTMLInputElement | 
HTMLSelectElement>) => {
      141 |             setFilters(f => ({ ...f, [field]: e.target.value }))
    > 142 |             setPage(1)
          |             ^
      143 |         }
      144 |     }
      145 |

      at printWarning 
(node_modules/react-dom/cjs/react-dom.development.js:86:30)
      at error (node_modules/react-dom/cjs/react-dom.development.js:60:7)
      at warnIfUpdatesNotWrappedWithActDEV 
(node_modules/react-dom/cjs/react-dom.development.js:27628:9)
      at scheduleUpdateOnFiber 
(node_modules/react-dom/cjs/react-dom.development.js:25547:5)
      at dispatchSetState 
(node_modules/react-dom/cjs/react-dom.development.js:16708:7)
      at src/settings/AccountAdministrationPage.tsx:142:13
      at HTMLUnknownElement.callCallback 
(node_modules/react-dom/cjs/react-dom.development.js:4164:14)
      at HTMLUnknownElement.callTheUserObjectsOperation 
(node_modules/jsdom/lib/jsdom/living/generated/EventListener.js:26:30)
      at innerInvokeEventListeners 
(node_modules/jsdom/lib/jsdom/living/events/EventTarget-impl.js:350:25)
      at invokeEventListeners 
(node_modules/jsdom/lib/jsdom/living/events/EventTarget-impl.js:286:3)
      at HTMLUnknownElementImpl._dispatch 
(node_modules/jsdom/lib/jsdom/living/events/EventTarget-impl.js:233:9)
      at HTMLUnknownElementImpl.dispatchEvent 
(node_modules/jsdom/lib/jsdom/living/events/EventTarget-impl.js:104:17)
      at HTMLUnknownElement.dispatchEvent 
(node_modules/jsdom/lib/jsdom/living/generated/EventTarget.js:241:34)
      at Object.invokeGuardedCallbackDev 
(node_modules/react-dom/cjs/react-dom.development.js:4213:16)
      at invokeGuardedCallback 
(node_modules/react-dom/cjs/react-dom.development.js:4277:31)
      at invokeGuardedCallbackAndCatchFirstError 
(node_modules/react-dom/cjs/react-dom.development.js:4291:25)
      at executeDispatch 
(node_modules/react-dom/cjs/react-dom.development.js:9041:3)
      at processDispatchQueueItemsInOrder 
(node_modules/react-dom/cjs/react-dom.development.js:9073:7)
      at processDispatchQueue 
(node_modules/react-dom/cjs/react-dom.development.js:9086:5)
      at dispatchEventsForPlugins 
(node_modules/react-dom/cjs/react-dom.development.js:9097:3)
      at node_modules/react-dom/cjs/react-dom.development.js:9288:12
      at batchedUpdates$1 
(node_modules/react-dom/cjs/react-dom.development.js:26179:12)
      at batchedUpdates 
(node_modules/react-dom/cjs/react-dom.development.js:3991:12)
      at dispatchEventForPluginEventSystem 
(node_modules/react-dom/cjs/react-dom.development.js:9287:3)
      at dispatchEventWithEnableCapturePhaseSelectiveHydrationWithoutDiscreteEv
entReplay (node_modules/react-dom/cjs/react-dom.development.js:6465:5)
      at dispatchEvent 
(node_modules/react-dom/cjs/react-dom.development.js:6457:5)
      at dispatchDiscreteEvent 
(node_modules/react-dom/cjs/react-dom.development.js:6430:5)
      at HTMLDivElement.callTheUserObjectsOperation 
(node_modules/jsdom/lib/jsdom/living/generated/EventListener.js:26:30)
      at innerInvokeEventListeners 
(node_modules/jsdom/lib/jsdom/living/events/EventTarget-impl.js:350:25)
      at invokeEventListeners 
(node_modules/jsdom/lib/jsdom/living/events/EventTarget-impl.js:286:3)
      at HTMLInputElementImpl._dispatch 
(node_modules/jsdom/lib/jsdom/living/events/EventTarget-impl.js:233:9)
      at HTMLInputElementImpl.dispatchEvent 
(node_modules/jsdom/lib/jsdom/living/events/EventTarget-impl.js:104:17)
      at HTMLInputElement.dispatchEvent 
(node_modules/jsdom/lib/jsdom/living/generated/EventTarget.js:241:34)
      at 
node_modules/@testing-library/user-event/dist/cjs/event/dispatchEvent.js:45:43
      at Object.eventWrapper 
(node_modules/@testing-library/dom/dist/config.js:25:23)
      at Object.wrapEvent 
(node_modules/@testing-library/user-event/dist/cjs/event/wrapEvent.js:6:28)
      at Object.dispatchEvent (node_modules/@testing-library/user-event/dist/cj
s/event/dispatchEvent.js:45:22)
      at Object.dispatchUIEvent (node_modules/@testing-library/user-event/dist/
cjs/event/dispatchEvent.js:22:26)
      at commitInput 
(node_modules/@testing-library/user-event/dist/cjs/event/input.js:145:14)
      at editInputElement 
(node_modules/@testing-library/user-event/dist/cjs/event/input.js:115:9)
      at Object.input 
(node_modules/@testing-library/user-event/dist/cjs/event/input.js:37:9)
      at node_modules/@testing-library/user-event/dist/cjs/event/behavior/keypr
ess.js:31:26
      at Object.dispatchEvent (node_modules/@testing-library/user-event/dist/cj
s/event/dispatchEvent.js:41:13)
      at Object.dispatchUIEvent (node_modules/@testing-library/user-event/dist/
cjs/event/dispatchEvent.js:22:26)
      at KeyboardHost.keydown 
(node_modules/@testing-library/user-event/dist/cjs/system/keyboard.js:76:22)
      at keyboardAction 
(node_modules/@testing-library/user-event/dist/cjs/keyboard/index.js:22:35)
      at Object.keyboard 
(node_modules/@testing-library/user-event/dist/cjs/keyboard/index.js:11:15)
      at Object.type 
(node_modules/@testing-library/user-event/dist/cjs/utility/type.js:17:5)
      at Object.<anonymous> 
(src/settings/__tests__/AccountAdministrationPage.test.tsx:276:9)

    console.error
      Warning: An update to AccountAdministrationPage inside a test was not 
wrapped in act(...).
      
      When testing, code that causes React state updates should be wrapped 
into act(...):
      
      act(() => {
        /* fire events that update state */
      });
      /* assert on the output */
      
      This ensures that you're testing the behavior the user would see in the 
browser. Learn more at https://reactjs.org/link/wrap-tests-with-act
          at AccountAdministrationPage (C:\Users\samhe\OneDrive\Desktop\Cleaned
\frontend\src\settings\AccountAdministrationPage.tsx:96:39)
          at basenameProp (C:\Users\samhe\OneDrive\Desktop\Cleaned\frontend\nod
e_modules\react-router\lib\components.tsx:421:13)
          at basename (C:\Users\samhe\OneDrive\Desktop\Cleaned\frontend\node_mo
dules\react-router\lib\components.tsx:225:3)

      139 |     function setFilter(field: keyof Filters) {
      140 |         return (e: React.ChangeEvent<HTMLInputElement | 
HTMLSelectElement>) => {
    > 141 |             setFilters(f => ({ ...f, [field]: e.target.value }))
          |             ^
      142 |             setPage(1)
      143 |         }
      144 |     }

      at printWarning 
(node_modules/react-dom/cjs/react-dom.development.js:86:30)
      at error (node_modules/react-dom/cjs/react-dom.development.js:60:7)
      at warnIfUpdatesNotWrappedWithActDEV 
(node_modules/react-dom/cjs/react-dom.development.js:27628:9)
      at scheduleUpdateOnFiber 
(node_modules/react-dom/cjs/react-dom.development.js:25547:5)
      at dispatchSetState 
(node_modules/react-dom/cjs/react-dom.development.js:16708:7)
      at src/settings/AccountAdministrationPage.tsx:141:13
      at HTMLUnknownElement.callCallback 
(node_modules/react-dom/cjs/react-dom.development.js:4164:14)
      at HTMLUnknownElement.callTheUserObjectsOperation 
(node_modules/jsdom/lib/jsdom/living/generated/EventListener.js:26:30)
      at innerInvokeEventListeners 
(node_modules/jsdom/lib/jsdom/living/events/EventTarget-impl.js:350:25)
      at invokeEventListeners 
(node_modules/jsdom/lib/jsdom/living/events/EventTarget-impl.js:286:3)
      at HTMLUnknownElementImpl._dispatch 
(node_modules/jsdom/lib/jsdom/living/events/EventTarget-impl.js:233:9)
      at HTMLUnknownElementImpl.dispatchEvent 
(node_modules/jsdom/lib/jsdom/living/events/EventTarget-impl.js:104:17)
      at HTMLUnknownElement.dispatchEvent 
(node_modules/jsdom/lib/jsdom/living/generated/EventTarget.js:241:34)
      at Object.invokeGuardedCallbackDev 
(node_modules/react-dom/cjs/react-dom.development.js:4213:16)
      at invokeGuardedCallback 
(node_modules/react-dom/cjs/react-dom.development.js:4277:31)
      at invokeGuardedCallbackAndCatchFirstError 
(node_modules/react-dom/cjs/react-dom.development.js:4291:25)
      at executeDispatch 
(node_modules/react-dom/cjs/react-dom.development.js:9041:3)
      at processDispatchQueueItemsInOrder 
(node_modules/react-dom/cjs/react-dom.development.js:9073:7)
      at processDispatchQueue 
(node_modules/react-dom/cjs/react-dom.development.js:9086:5)
      at dispatchEventsForPlugins 
(node_modules/react-dom/cjs/react-dom.development.js:9097:3)
      at node_modules/react-dom/cjs/react-dom.development.js:9288:12
      at batchedUpdates$1 
(node_modules/react-dom/cjs/react-dom.development.js:26179:12)
      at batchedUpdates 
(node_modules/react-dom/cjs/react-dom.development.js:3991:12)
      at dispatchEventForPluginEventSystem 
(node_modules/react-dom/cjs/react-dom.development.js:9287:3)
      at dispatchEventWithEnableCapturePhaseSelectiveHydrationWithoutDiscreteEv
entReplay (node_modules/react-dom/cjs/react-dom.development.js:6465:5)
      at dispatchEvent 
(node_modules/react-dom/cjs/react-dom.development.js:6457:5)
      at dispatchDiscreteEvent 
(node_modules/react-dom/cjs/react-dom.development.js:6430:5)
      at HTMLDivElement.callTheUserObjectsOperation 
(node_modules/jsdom/lib/jsdom/living/generated/EventListener.js:26:30)
      at innerInvokeEventListeners 
(node_modules/jsdom/lib/jsdom/living/events/EventTarget-impl.js:350:25)
      at invokeEventListeners 
(node_modules/jsdom/lib/jsdom/living/events/EventTarget-impl.js:286:3)
      at HTMLInputElementImpl._dispatch 
(node_modules/jsdom/lib/jsdom/living/events/EventTarget-impl.js:233:9)
      at HTMLInputElementImpl.dispatchEvent 
(node_modules/jsdom/lib/jsdom/living/events/EventTarget-impl.js:104:17)
      at HTMLInputElement.dispatchEvent 
(node_modules/jsdom/lib/jsdom/living/generated/EventTarget.js:241:34)
      at 
node_modules/@testing-library/user-event/dist/cjs/event/dispatchEvent.js:45:43
      at Object.eventWrapper 
(node_modules/@testing-library/dom/dist/config.js:25:23)
      at Object.wrapEvent 
(node_modules/@testing-library/user-event/dist/cjs/event/wrapEvent.js:6:28)
      at Object.dispatchEvent (node_modules/@testing-library/user-event/dist/cj
s/event/dispatchEvent.js:45:22)
      at Object.dispatchUIEvent (node_modules/@testing-library/user-event/dist/
cjs/event/dispatchEvent.js:22:26)
      at commitInput 
(node_modules/@testing-library/user-event/dist/cjs/event/input.js:145:14)
      at editInputElement 
(node_modules/@testing-library/user-event/dist/cjs/event/input.js:115:9)
      at Object.input 
(node_modules/@testing-library/user-event/dist/cjs/event/input.js:37:9)
      at node_modules/@testing-library/user-event/dist/cjs/event/behavior/keypr
ess.js:31:26
      at Object.dispatchEvent (node_modules/@testing-library/user-event/dist/cj
s/event/dispatchEvent.js:41:13)
      at Object.dispatchUIEvent (node_modules/@testing-library/user-event/dist/
cjs/event/dispatchEvent.js:22:26)
      at KeyboardHost.keydown 
(node_modules/@testing-library/user-event/dist/cjs/system/keyboard.js:76:22)
      at keyboardAction 
(node_modules/@testing-library/user-event/dist/cjs/keyboard/index.js:22:35)
      at Object.keyboard 
(node_modules/@testing-library/user-event/dist/cjs/keyboard/index.js:11:15)
      at Object.type 
(node_modules/@testing-library/user-event/dist/cjs/utility/type.js:17:5)
      at Object.<anonymous> 
(src/settings/__tests__/AccountAdministrationPage.test.tsx:276:9)

    console.error
      Warning: An update to AccountAdministrationPage inside a test was not 
wrapped in act(...).
      
      When testing, code that causes React state updates should be wrapped 
into act(...):
      
      act(() => {
        /* fire events that update state */
      });
      /* assert on the output */
      
      This ensures that you're testing the behavior the user would see in the 
browser. Learn more at https://reactjs.org/link/wrap-tests-with-act
          at AccountAdministrationPage (C:\Users\samhe\OneDrive\Desktop\Cleaned
\frontend\src\settings\AccountAdministrationPage.tsx:96:39)
          at basenameProp (C:\Users\samhe\OneDrive\Desktop\Cleaned\frontend\nod
e_modules\react-router\lib\components.tsx:421:13)
          at basename (C:\Users\samhe\OneDrive\Desktop\Cleaned\frontend\node_mo
dules\react-router\lib\components.tsx:225:3)

      140 |         return (e: React.ChangeEvent<HTMLInputElement | 
HTMLSelectElement>) => {
      141 |             setFilters(f => ({ ...f, [field]: e.target.value }))
    > 142 |             setPage(1)
          |             ^
      143 |         }
      144 |     }
      145 |

      at printWarning 
(node_modules/react-dom/cjs/react-dom.development.js:86:30)
      at error (node_modules/react-dom/cjs/react-dom.development.js:60:7)
      at warnIfUpdatesNotWrappedWithActDEV 
(node_modules/react-dom/cjs/react-dom.development.js:27628:9)
      at scheduleUpdateOnFiber 
(node_modules/react-dom/cjs/react-dom.development.js:25547:5)
      at dispatchSetState 
(node_modules/react-dom/cjs/react-dom.development.js:16708:7)
      at src/settings/AccountAdministrationPage.tsx:142:13
      at HTMLUnknownElement.callCallback 
(node_modules/react-dom/cjs/react-dom.development.js:4164:14)
      at HTMLUnknownElement.callTheUserObjectsOperation 
(node_modules/jsdom/lib/jsdom/living/generated/EventListener.js:26:30)
      at innerInvokeEventListeners 
(node_modules/jsdom/lib/jsdom/living/events/EventTarget-impl.js:350:25)
      at invokeEventListeners 
(node_modules/jsdom/lib/jsdom/living/events/EventTarget-impl.js:286:3)
      at HTMLUnknownElementImpl._dispatch 
(node_modules/jsdom/lib/jsdom/living/events/EventTarget-impl.js:233:9)
      at HTMLUnknownElementImpl.dispatchEvent 
(node_modules/jsdom/lib/jsdom/living/events/EventTarget-impl.js:104:17)
      at HTMLUnknownElement.dispatchEvent 
(node_modules/jsdom/lib/jsdom/living/generated/EventTarget.js:241:34)
      at Object.invokeGuardedCallbackDev 
(node_modules/react-dom/cjs/react-dom.development.js:4213:16)
      at invokeGuardedCallback 
(node_modules/react-dom/cjs/react-dom.development.js:4277:31)
      at invokeGuardedCallbackAndCatchFirstError 
(node_modules/react-dom/cjs/react-dom.development.js:4291:25)
      at executeDispatch 
(node_modules/react-dom/cjs/react-dom.development.js:9041:3)
      at processDispatchQueueItemsInOrder 
(node_modules/react-dom/cjs/react-dom.development.js:9073:7)
      at processDispatchQueue 
(node_modules/react-dom/cjs/react-dom.development.js:9086:5)
      at dispatchEventsForPlugins 
(node_modules/react-dom/cjs/react-dom.development.js:9097:3)
      at node_modules/react-dom/cjs/react-dom.development.js:9288:12
      at batchedUpdates$1 
(node_modules/react-dom/cjs/react-dom.development.js:26179:12)
      at batchedUpdates 
(node_modules/react-dom/cjs/react-dom.development.js:3991:12)
      at dispatchEventForPluginEventSystem 
(node_modules/react-dom/cjs/react-dom.development.js:9287:3)
      at dispatchEventWithEnableCapturePhaseSelectiveHydrationWithoutDiscreteEv
entReplay (node_modules/react-dom/cjs/react-dom.development.js:6465:5)
      at dispatchEvent 
(node_modules/react-dom/cjs/react-dom.development.js:6457:5)
      at dispatchDiscreteEvent 
(node_modules/react-dom/cjs/react-dom.development.js:6430:5)
      at HTMLDivElement.callTheUserObjectsOperation 
(node_modules/jsdom/lib/jsdom/living/generated/EventListener.js:26:30)
      at innerInvokeEventListeners 
(node_modules/jsdom/lib/jsdom/living/events/EventTarget-impl.js:350:25)
      at invokeEventListeners 
(node_modules/jsdom/lib/jsdom/living/events/EventTarget-impl.js:286:3)
      at HTMLInputElementImpl._dispatch 
(node_modules/jsdom/lib/jsdom/living/events/EventTarget-impl.js:233:9)
      at HTMLInputElementImpl.dispatchEvent 
(node_modules/jsdom/lib/jsdom/living/events/EventTarget-impl.js:104:17)
      at HTMLInputElement.dispatchEvent 
(node_modules/jsdom/lib/jsdom/living/generated/EventTarget.js:241:34)
      at 
node_modules/@testing-library/user-event/dist/cjs/event/dispatchEvent.js:45:43
      at Object.eventWrapper 
(node_modules/@testing-library/dom/dist/config.js:25:23)
      at Object.wrapEvent 
(node_modules/@testing-library/user-event/dist/cjs/event/wrapEvent.js:6:28)
      at Object.dispatchEvent (node_modules/@testing-library/user-event/dist/cj
s/event/dispatchEvent.js:45:22)
      at Object.dispatchUIEvent (node_modules/@testing-library/user-event/dist/
cjs/event/dispatchEvent.js:22:26)
      at commitInput 
(node_modules/@testing-library/user-event/dist/cjs/event/input.js:145:14)
      at editInputElement 
(node_modules/@testing-library/user-event/dist/cjs/event/input.js:115:9)
      at Object.input 
(node_modules/@testing-library/user-event/dist/cjs/event/input.js:37:9)
      at node_modules/@testing-library/user-event/dist/cjs/event/behavior/keypr
ess.js:31:26
      at Object.dispatchEvent (node_modules/@testing-library/user-event/dist/cj
s/event/dispatchEvent.js:41:13)
      at Object.dispatchUIEvent (node_modules/@testing-library/user-event/dist/
cjs/event/dispatchEvent.js:22:26)
      at KeyboardHost.keydown 
(node_modules/@testing-library/user-event/dist/cjs/system/keyboard.js:76:22)
      at keyboardAction 
(node_modules/@testing-library/user-event/dist/cjs/keyboard/index.js:22:35)
      at Object.keyboard 
(node_modules/@testing-library/user-event/dist/cjs/keyboard/index.js:11:15)
      at Object.type 
(node_modules/@testing-library/user-event/dist/cjs/utility/type.js:17:5)
      at Object.<anonymous> 
(src/settings/__tests__/AccountAdministrationPage.test.tsx:276:9)

    console.error
      Warning: An update to AccountAdministrationPage inside a test was not 
wrapped in act(...).
      
      When testing, code that causes React state updates should be wrapped 
into act(...):
      
      act(() => {
        /* fire events that update state */
      });
      /* assert on the output */
      
      This ensures that you're testing the behavior the user would see in the 
browser. Learn more at https://reactjs.org/link/wrap-tests-with-act
          at AccountAdministrationPage (C:\Users\samhe\OneDrive\Desktop\Cleaned
\frontend\src\settings\AccountAdministrationPage.tsx:96:39)
          at basenameProp (C:\Users\samhe\OneDrive\Desktop\Cleaned\frontend\nod
e_modules\react-router\lib\components.tsx:421:13)
          at basename (C:\Users\samhe\OneDrive\Desktop\Cleaned\frontend\node_mo
dules\react-router\lib\components.tsx:225:3)

      139 |     function setFilter(field: keyof Filters) {
      140 |         return (e: React.ChangeEvent<HTMLInputElement | 
HTMLSelectElement>) => {
    > 141 |             setFilters(f => ({ ...f, [field]: e.target.value }))
          |             ^
      142 |             setPage(1)
      143 |         }
      144 |     }

      at printWarning 
(node_modules/react-dom/cjs/react-dom.development.js:86:30)
      at error (node_modules/react-dom/cjs/react-dom.development.js:60:7)
      at warnIfUpdatesNotWrappedWithActDEV 
(node_modules/react-dom/cjs/react-dom.development.js:27628:9)
      at scheduleUpdateOnFiber 
(node_modules/react-dom/cjs/react-dom.development.js:25547:5)
      at dispatchSetState 
(node_modules/react-dom/cjs/react-dom.development.js:16708:7)
      at src/settings/AccountAdministrationPage.tsx:141:13
      at HTMLUnknownElement.callCallback 
(node_modules/react-dom/cjs/react-dom.development.js:4164:14)
      at HTMLUnknownElement.callTheUserObjectsOperation 
(node_modules/jsdom/lib/jsdom/living/generated/EventListener.js:26:30)
      at innerInvokeEventListeners 
(node_modules/jsdom/lib/jsdom/living/events/EventTarget-impl.js:350:25)
      at invokeEventListeners 
(node_modules/jsdom/lib/jsdom/living/events/EventTarget-impl.js:286:3)
      at HTMLUnknownElementImpl._dispatch 
(node_modules/jsdom/lib/jsdom/living/events/EventTarget-impl.js:233:9)
      at HTMLUnknownElementImpl.dispatchEvent 
(node_modules/jsdom/lib/jsdom/living/events/EventTarget-impl.js:104:17)
      at HTMLUnknownElement.dispatchEvent 
(node_modules/jsdom/lib/jsdom/living/generated/EventTarget.js:241:34)
      at Object.invokeGuardedCallbackDev 
(node_modules/react-dom/cjs/react-dom.development.js:4213:16)
      at invokeGuardedCallback 
(node_modules/react-dom/cjs/react-dom.development.js:4277:31)
      at invokeGuardedCallbackAndCatchFirstError 
(node_modules/react-dom/cjs/react-dom.development.js:4291:25)
      at executeDispatch 
(node_modules/react-dom/cjs/react-dom.development.js:9041:3)
      at processDispatchQueueItemsInOrder 
(node_modules/react-dom/cjs/react-dom.development.js:9073:7)
      at processDispatchQueue 
(node_modules/react-dom/cjs/react-dom.development.js:9086:5)
      at dispatchEventsForPlugins 
(node_modules/react-dom/cjs/react-dom.development.js:9097:3)
      at node_modules/react-dom/cjs/react-dom.development.js:9288:12
      at batchedUpdates$1 
(node_modules/react-dom/cjs/react-dom.development.js:26179:12)
      at batchedUpdates 
(node_modules/react-dom/cjs/react-dom.development.js:3991:12)
      at dispatchEventForPluginEventSystem 
(node_modules/react-dom/cjs/react-dom.development.js:9287:3)
      at dispatchEventWithEnableCapturePhaseSelectiveHydrationWithoutDiscreteEv
entReplay (node_modules/react-dom/cjs/react-dom.development.js:6465:5)
      at dispatchEvent 
(node_modules/react-dom/cjs/react-dom.development.js:6457:5)
      at dispatchDiscreteEvent 
(node_modules/react-dom/cjs/react-dom.development.js:6430:5)
      at HTMLDivElement.callTheUserObjectsOperation 
(node_modules/jsdom/lib/jsdom/living/generated/EventListener.js:26:30)
      at innerInvokeEventListeners 
(node_modules/jsdom/lib/jsdom/living/events/EventTarget-impl.js:350:25)
      at invokeEventListeners 
(node_modules/jsdom/lib/jsdom/living/events/EventTarget-impl.js:286:3)
      at HTMLInputElementImpl._dispatch 
(node_modules/jsdom/lib/jsdom/living/events/EventTarget-impl.js:233:9)
      at HTMLInputElementImpl.dispatchEvent 
(node_modules/jsdom/lib/jsdom/living/events/EventTarget-impl.js:104:17)
      at HTMLInputElement.dispatchEvent 
(node_modules/jsdom/lib/jsdom/living/generated/EventTarget.js:241:34)
      at 
node_modules/@testing-library/user-event/dist/cjs/event/dispatchEvent.js:45:43
      at Object.eventWrapper 
(node_modules/@testing-library/dom/dist/config.js:25:23)
      at Object.wrapEvent 
(node_modules/@testing-library/user-event/dist/cjs/event/wrapEvent.js:6:28)
      at Object.dispatchEvent (node_modules/@testing-library/user-event/dist/cj
s/event/dispatchEvent.js:45:22)
      at Object.dispatchUIEvent (node_modules/@testing-library/user-event/dist/
cjs/event/dispatchEvent.js:22:26)
      at commitInput 
(node_modules/@testing-library/user-event/dist/cjs/event/input.js:145:14)
      at editInputElement 
(node_modules/@testing-library/user-event/dist/cjs/event/input.js:115:9)
      at Object.input 
(node_modules/@testing-library/user-event/dist/cjs/event/input.js:37:9)
      at node_modules/@testing-library/user-event/dist/cjs/event/behavior/keypr
ess.js:31:26
      at Object.dispatchEvent (node_modules/@testing-library/user-event/dist/cj
s/event/dispatchEvent.js:41:13)
      at Object.dispatchUIEvent (node_modules/@testing-library/user-event/dist/
cjs/event/dispatchEvent.js:22:26)
      at KeyboardHost.keydown 
(node_modules/@testing-library/user-event/dist/cjs/system/keyboard.js:76:22)
      at keyboardAction 
(node_modules/@testing-library/user-event/dist/cjs/keyboard/index.js:22:35)
      at Object.keyboard 
(node_modules/@testing-library/user-event/dist/cjs/keyboard/index.js:11:15)
      at Object.type 
(node_modules/@testing-library/user-event/dist/cjs/utility/type.js:17:5)
      at Object.<anonymous> 
(src/settings/__tests__/AccountAdministrationPage.test.tsx:276:9)

    console.error
      Warning: An update to AccountAdministrationPage inside a test was not 
wrapped in act(...).
      
      When testing, code that causes React state updates should be wrapped 
into act(...):
      
      act(() => {
        /* fire events that update state */
      });
      /* assert on the output */
      
      This ensures that you're testing the behavior the user would see in the 
browser. Learn more at https://reactjs.org/link/wrap-tests-with-act
          at AccountAdministrationPage (C:\Users\samhe\OneDrive\Desktop\Cleaned
\frontend\src\settings\AccountAdministrationPage.tsx:96:39)
          at basenameProp (C:\Users\samhe\OneDrive\Desktop\Cleaned\frontend\nod
e_modules\react-router\lib\components.tsx:421:13)
          at basename (C:\Users\samhe\OneDrive\Desktop\Cleaned\frontend\node_mo
dules\react-router\lib\components.tsx:225:3)

      140 |         return (e: React.ChangeEvent<HTMLInputElement | 
HTMLSelectElement>) => {
      141 |             setFilters(f => ({ ...f, [field]: e.target.value }))
    > 142 |             setPage(1)
          |             ^
      143 |         }
      144 |     }
      145 |

      at printWarning 
(node_modules/react-dom/cjs/react-dom.development.js:86:30)
      at error (node_modules/react-dom/cjs/react-dom.development.js:60:7)
      at warnIfUpdatesNotWrappedWithActDEV 
(node_modules/react-dom/cjs/react-dom.development.js:27628:9)
      at scheduleUpdateOnFiber 
(node_modules/react-dom/cjs/react-dom.development.js:25547:5)
      at dispatchSetState 
(node_modules/react-dom/cjs/react-dom.development.js:16708:7)
      at src/settings/AccountAdministrationPage.tsx:142:13
      at HTMLUnknownElement.callCallback 
(node_modules/react-dom/cjs/react-dom.development.js:4164:14)
      at HTMLUnknownElement.callTheUserObjectsOperation 
(node_modules/jsdom/lib/jsdom/living/generated/EventListener.js:26:30)
      at innerInvokeEventListeners 
(node_modules/jsdom/lib/jsdom/living/events/EventTarget-impl.js:350:25)
      at invokeEventListeners 
(node_modules/jsdom/lib/jsdom/living/events/EventTarget-impl.js:286:3)
      at HTMLUnknownElementImpl._dispatch 
(node_modules/jsdom/lib/jsdom/living/events/EventTarget-impl.js:233:9)
      at HTMLUnknownElementImpl.dispatchEvent 
(node_modules/jsdom/lib/jsdom/living/events/EventTarget-impl.js:104:17)
      at HTMLUnknownElement.dispatchEvent 
(node_modules/jsdom/lib/jsdom/living/generated/EventTarget.js:241:34)
      at Object.invokeGuardedCallbackDev 
(node_modules/react-dom/cjs/react-dom.development.js:4213:16)
      at invokeGuardedCallback 
(node_modules/react-dom/cjs/react-dom.development.js:4277:31)
      at invokeGuardedCallbackAndCatchFirstError 
(node_modules/react-dom/cjs/react-dom.development.js:4291:25)
      at executeDispatch 
(node_modules/react-dom/cjs/react-dom.development.js:9041:3)
      at processDispatchQueueItemsInOrder 
(node_modules/react-dom/cjs/react-dom.development.js:9073:7)
      at processDispatchQueue 
(node_modules/react-dom/cjs/react-dom.development.js:9086:5)
      at dispatchEventsForPlugins 
(node_modules/react-dom/cjs/react-dom.development.js:9097:3)
      at node_modules/react-dom/cjs/react-dom.development.js:9288:12
      at batchedUpdates$1 
(node_modules/react-dom/cjs/react-dom.development.js:26179:12)
      at batchedUpdates 
(node_modules/react-dom/cjs/react-dom.development.js:3991:12)
      at dispatchEventForPluginEventSystem 
(node_modules/react-dom/cjs/react-dom.development.js:9287:3)
      at dispatchEventWithEnableCapturePhaseSelectiveHydrationWithoutDiscreteEv
entReplay (node_modules/react-dom/cjs/react-dom.development.js:6465:5)
      at dispatchEvent 
(node_modules/react-dom/cjs/react-dom.development.js:6457:5)
      at dispatchDiscreteEvent 
(node_modules/react-dom/cjs/react-dom.development.js:6430:5)
      at HTMLDivElement.callTheUserObjectsOperation 
(node_modules/jsdom/lib/jsdom/living/generated/EventListener.js:26:30)
      at innerInvokeEventListeners 
(node_modules/jsdom/lib/jsdom/living/events/EventTarget-impl.js:350:25)
      at invokeEventListeners 
(node_modules/jsdom/lib/jsdom/living/events/EventTarget-impl.js:286:3)
      at HTMLInputElementImpl._dispatch 
(node_modules/jsdom/lib/jsdom/living/events/EventTarget-impl.js:233:9)
      at HTMLInputElementImpl.dispatchEvent 
(node_modules/jsdom/lib/jsdom/living/events/EventTarget-impl.js:104:17)
      at HTMLInputElement.dispatchEvent 
(node_modules/jsdom/lib/jsdom/living/generated/EventTarget.js:241:34)
      at 
node_modules/@testing-library/user-event/dist/cjs/event/dispatchEvent.js:45:43
      at Object.eventWrapper 
(node_modules/@testing-library/dom/dist/config.js:25:23)
      at Object.wrapEvent 
(node_modules/@testing-library/user-event/dist/cjs/event/wrapEvent.js:6:28)
      at Object.dispatchEvent (node_modules/@testing-library/user-event/dist/cj
s/event/dispatchEvent.js:45:22)
      at Object.dispatchUIEvent (node_modules/@testing-library/user-event/dist/
cjs/event/dispatchEvent.js:22:26)
      at commitInput 
(node_modules/@testing-library/user-event/dist/cjs/event/input.js:145:14)
      at editInputElement 
(node_modules/@testing-library/user-event/dist/cjs/event/input.js:115:9)
      at Object.input 
(node_modules/@testing-library/user-event/dist/cjs/event/input.js:37:9)
      at node_modules/@testing-library/user-event/dist/cjs/event/behavior/keypr
ess.js:31:26
      at Object.dispatchEvent (node_modules/@testing-library/user-event/dist/cj
s/event/dispatchEvent.js:41:13)
      at Object.dispatchUIEvent (node_modules/@testing-library/user-event/dist/
cjs/event/dispatchEvent.js:22:26)
      at KeyboardHost.keydown 
(node_modules/@testing-library/user-event/dist/cjs/system/keyboard.js:76:22)
      at keyboardAction 
(node_modules/@testing-library/user-event/dist/cjs/keyboard/index.js:22:35)
      at Object.keyboard 
(node_modules/@testing-library/user-event/dist/cjs/keyboard/index.js:11:15)
      at Object.type 
(node_modules/@testing-library/user-event/dist/cjs/utility/type.js:17:5)
      at Object.<anonymous> 
(src/settings/__tests__/AccountAdministrationPage.test.tsx:276:9)

    console.error
      Warning: An update to AccountAdministrationPage inside a test was not 
wrapped in act(...).
      
      When testing, code that causes React state updates should be wrapped 
into act(...):
      
      act(() => {
        /* fire events that update state */
      });
      /* assert on the output */
      
      This ensures that you're testing the behavior the user would see in the 
browser. Learn more at https://reactjs.org/link/wrap-tests-with-act
          at AccountAdministrationPage (C:\Users\samhe\OneDrive\Desktop\Cleaned
\frontend\src\settings\AccountAdministrationPage.tsx:96:39)
          at basenameProp (C:\Users\samhe\OneDrive\Desktop\Cleaned\frontend\nod
e_modules\react-router\lib\components.tsx:421:13)
          at basename (C:\Users\samhe\OneDrive\Desktop\Cleaned\frontend\node_mo
dules\react-router\lib\components.tsx:225:3)

      139 |     function setFilter(field: keyof Filters) {
      140 |         return (e: React.ChangeEvent<HTMLInputElement | 
HTMLSelectElement>) => {
    > 141 |             setFilters(f => ({ ...f, [field]: e.target.value }))
          |             ^
      142 |             setPage(1)
      143 |         }
      144 |     }

      at printWarning 
(node_modules/react-dom/cjs/react-dom.development.js:86:30)
      at error (node_modules/react-dom/cjs/react-dom.development.js:60:7)
      at warnIfUpdatesNotWrappedWithActDEV 
(node_modules/react-dom/cjs/react-dom.development.js:27628:9)
      at scheduleUpdateOnFiber 
(node_modules/react-dom/cjs/react-dom.development.js:25547:5)
      at dispatchSetState 
(node_modules/react-dom/cjs/react-dom.development.js:16708:7)
      at src/settings/AccountAdministrationPage.tsx:141:13
      at HTMLUnknownElement.callCallback 
(node_modules/react-dom/cjs/react-dom.development.js:4164:14)
      at HTMLUnknownElement.callTheUserObjectsOperation 
(node_modules/jsdom/lib/jsdom/living/generated/EventListener.js:26:30)
      at innerInvokeEventListeners 
(node_modules/jsdom/lib/jsdom/living/events/EventTarget-impl.js:350:25)
      at invokeEventListeners 
(node_modules/jsdom/lib/jsdom/living/events/EventTarget-impl.js:286:3)
      at HTMLUnknownElementImpl._dispatch 
(node_modules/jsdom/lib/jsdom/living/events/EventTarget-impl.js:233:9)
      at HTMLUnknownElementImpl.dispatchEvent 
(node_modules/jsdom/lib/jsdom/living/events/EventTarget-impl.js:104:17)
      at HTMLUnknownElement.dispatchEvent 
(node_modules/jsdom/lib/jsdom/living/generated/EventTarget.js:241:34)
      at Object.invokeGuardedCallbackDev 
(node_modules/react-dom/cjs/react-dom.development.js:4213:16)
      at invokeGuardedCallback 
(node_modules/react-dom/cjs/react-dom.development.js:4277:31)
      at invokeGuardedCallbackAndCatchFirstError 
(node_modules/react-dom/cjs/react-dom.development.js:4291:25)
      at executeDispatch 
(node_modules/react-dom/cjs/react-dom.development.js:9041:3)
      at processDispatchQueueItemsInOrder 
(node_modules/react-dom/cjs/react-dom.development.js:9073:7)
      at processDispatchQueue 
(node_modules/react-dom/cjs/react-dom.development.js:9086:5)
      at dispatchEventsForPlugins 
(node_modules/react-dom/cjs/react-dom.development.js:9097:3)
      at node_modules/react-dom/cjs/react-dom.development.js:9288:12
      at batchedUpdates$1 
(node_modules/react-dom/cjs/react-dom.development.js:26179:12)
      at batchedUpdates 
(node_modules/react-dom/cjs/react-dom.development.js:3991:12)
      at dispatchEventForPluginEventSystem 
(node_modules/react-dom/cjs/react-dom.development.js:9287:3)
      at dispatchEventWithEnableCapturePhaseSelectiveHydrationWithoutDiscreteEv
entReplay (node_modules/react-dom/cjs/react-dom.development.js:6465:5)
      at dispatchEvent 
(node_modules/react-dom/cjs/react-dom.development.js:6457:5)
      at dispatchDiscreteEvent 
(node_modules/react-dom/cjs/react-dom.development.js:6430:5)
      at HTMLDivElement.callTheUserObjectsOperation 
(node_modules/jsdom/lib/jsdom/living/generated/EventListener.js:26:30)
      at innerInvokeEventListeners 
(node_modules/jsdom/lib/jsdom/living/events/EventTarget-impl.js:350:25)
      at invokeEventListeners 
(node_modules/jsdom/lib/jsdom/living/events/EventTarget-impl.js:286:3)
      at HTMLInputElementImpl._dispatch 
(node_modules/jsdom/lib/jsdom/living/events/EventTarget-impl.js:233:9)
      at HTMLInputElementImpl.dispatchEvent 
(node_modules/jsdom/lib/jsdom/living/events/EventTarget-impl.js:104:17)
      at HTMLInputElement.dispatchEvent 
(node_modules/jsdom/lib/jsdom/living/generated/EventTarget.js:241:34)
      at 
node_modules/@testing-library/user-event/dist/cjs/event/dispatchEvent.js:45:43
      at Object.eventWrapper 
(node_modules/@testing-library/dom/dist/config.js:25:23)
      at Object.wrapEvent 
(node_modules/@testing-library/user-event/dist/cjs/event/wrapEvent.js:6:28)
      at Object.dispatchEvent (node_modules/@testing-library/user-event/dist/cj
s/event/dispatchEvent.js:45:22)
      at Object.dispatchUIEvent (node_modules/@testing-library/user-event/dist/
cjs/event/dispatchEvent.js:22:26)
      at commitInput 
(node_modules/@testing-library/user-event/dist/cjs/event/input.js:145:14)
      at editInputElement 
(node_modules/@testing-library/user-event/dist/cjs/event/input.js:115:9)
      at Object.input 
(node_modules/@testing-library/user-event/dist/cjs/event/input.js:37:9)
      at node_modules/@testing-library/user-event/dist/cjs/event/behavior/keypr
ess.js:31:26
      at Object.dispatchEvent (node_modules/@testing-library/user-event/dist/cj
s/event/dispatchEvent.js:41:13)
      at Object.dispatchUIEvent (node_modules/@testing-library/user-event/dist/
cjs/event/dispatchEvent.js:22:26)
      at KeyboardHost.keydown 
(node_modules/@testing-library/user-event/dist/cjs/system/keyboard.js:76:22)
      at keyboardAction 
(node_modules/@testing-library/user-event/dist/cjs/keyboard/index.js:22:35)
      at Object.keyboard 
(node_modules/@testing-library/user-event/dist/cjs/keyboard/index.js:11:15)
      at Object.type 
(node_modules/@testing-library/user-event/dist/cjs/utility/type.js:17:5)
      at Object.<anonymous> 
(src/settings/__tests__/AccountAdministrationPage.test.tsx:276:9)

    console.error
      Warning: An update to AccountAdministrationPage inside a test was not 
wrapped in act(...).
      
      When testing, code that causes React state updates should be wrapped 
into act(...):
      
      act(() => {
        /* fire events that update state */
      });
      /* assert on the output */
      
      This ensures that you're testing the behavior the user would see in the 
browser. Learn more at https://reactjs.org/link/wrap-tests-with-act
          at AccountAdministrationPage (C:\Users\samhe\OneDrive\Desktop\Cleaned
\frontend\src\settings\AccountAdministrationPage.tsx:96:39)
          at basenameProp (C:\Users\samhe\OneDrive\Desktop\Cleaned\frontend\nod
e_modules\react-router\lib\components.tsx:421:13)
          at basename (C:\Users\samhe\OneDrive\Desktop\Cleaned\frontend\node_mo
dules\react-router\lib\components.tsx:225:3)

      140 |         return (e: React.ChangeEvent<HTMLInputElement | 
HTMLSelectElement>) => {
      141 |             setFilters(f => ({ ...f, [field]: e.target.value }))
    > 142 |             setPage(1)
          |             ^
      143 |         }
      144 |     }
      145 |

      at printWarning 
(node_modules/react-dom/cjs/react-dom.development.js:86:30)
      at error (node_modules/react-dom/cjs/react-dom.development.js:60:7)
      at warnIfUpdatesNotWrappedWithActDEV 
(node_modules/react-dom/cjs/react-dom.development.js:27628:9)
      at scheduleUpdateOnFiber 
(node_modules/react-dom/cjs/react-dom.development.js:25547:5)
      at dispatchSetState 
(node_modules/react-dom/cjs/react-dom.development.js:16708:7)
      at src/settings/AccountAdministrationPage.tsx:142:13
      at HTMLUnknownElement.callCallback 
(node_modules/react-dom/cjs/react-dom.development.js:4164:14)
      at HTMLUnknownElement.callTheUserObjectsOperation 
(node_modules/jsdom/lib/jsdom/living/generated/EventListener.js:26:30)
      at innerInvokeEventListeners 
(node_modules/jsdom/lib/jsdom/living/events/EventTarget-impl.js:350:25)
      at invokeEventListeners 
(node_modules/jsdom/lib/jsdom/living/events/EventTarget-impl.js:286:3)
      at HTMLUnknownElementImpl._dispatch 
(node_modules/jsdom/lib/jsdom/living/events/EventTarget-impl.js:233:9)
      at HTMLUnknownElementImpl.dispatchEvent 
(node_modules/jsdom/lib/jsdom/living/events/EventTarget-impl.js:104:17)
      at HTMLUnknownElement.dispatchEvent 
(node_modules/jsdom/lib/jsdom/living/generated/EventTarget.js:241:34)
      at Object.invokeGuardedCallbackDev 
(node_modules/react-dom/cjs/react-dom.development.js:4213:16)
      at invokeGuardedCallback 
(node_modules/react-dom/cjs/react-dom.development.js:4277:31)
      at invokeGuardedCallbackAndCatchFirstError 
(node_modules/react-dom/cjs/react-dom.development.js:4291:25)
      at executeDispatch 
(node_modules/react-dom/cjs/react-dom.development.js:9041:3)
      at processDispatchQueueItemsInOrder 
(node_modules/react-dom/cjs/react-dom.development.js:9073:7)
      at processDispatchQueue 
(node_modules/react-dom/cjs/react-dom.development.js:9086:5)
      at dispatchEventsForPlugins 
(node_modules/react-dom/cjs/react-dom.development.js:9097:3)
      at node_modules/react-dom/cjs/react-dom.development.js:9288:12
      at batchedUpdates$1 
(node_modules/react-dom/cjs/react-dom.development.js:26179:12)
      at batchedUpdates 
(node_modules/react-dom/cjs/react-dom.development.js:3991:12)
      at dispatchEventForPluginEventSystem 
(node_modules/react-dom/cjs/react-dom.development.js:9287:3)
      at dispatchEventWithEnableCapturePhaseSelectiveHydrationWithoutDiscreteEv
entReplay (node_modules/react-dom/cjs/react-dom.development.js:6465:5)
      at dispatchEvent 
(node_modules/react-dom/cjs/react-dom.development.js:6457:5)
      at dispatchDiscreteEvent 
(node_modules/react-dom/cjs/react-dom.development.js:6430:5)
      at HTMLDivElement.callTheUserObjectsOperation 
(node_modules/jsdom/lib/jsdom/living/generated/EventListener.js:26:30)
      at innerInvokeEventListeners 
(node_modules/jsdom/lib/jsdom/living/events/EventTarget-impl.js:350:25)
      at invokeEventListeners 
(node_modules/jsdom/lib/jsdom/living/events/EventTarget-impl.js:286:3)
      at HTMLInputElementImpl._dispatch 
(node_modules/jsdom/lib/jsdom/living/events/EventTarget-impl.js:233:9)
      at HTMLInputElementImpl.dispatchEvent 
(node_modules/jsdom/lib/jsdom/living/events/EventTarget-impl.js:104:17)
      at HTMLInputElement.dispatchEvent 
(node_modules/jsdom/lib/jsdom/living/generated/EventTarget.js:241:34)
      at 
node_modules/@testing-library/user-event/dist/cjs/event/dispatchEvent.js:45:43
      at Object.eventWrapper 
(node_modules/@testing-library/dom/dist/config.js:25:23)
      at Object.wrapEvent 
(node_modules/@testing-library/user-event/dist/cjs/event/wrapEvent.js:6:28)
      at Object.dispatchEvent (node_modules/@testing-library/user-event/dist/cj
s/event/dispatchEvent.js:45:22)
      at Object.dispatchUIEvent (node_modules/@testing-library/user-event/dist/
cjs/event/dispatchEvent.js:22:26)
      at commitInput 
(node_modules/@testing-library/user-event/dist/cjs/event/input.js:145:14)
      at editInputElement 
(node_modules/@testing-library/user-event/dist/cjs/event/input.js:115:9)
      at Object.input 
(node_modules/@testing-library/user-event/dist/cjs/event/input.js:37:9)
      at node_modules/@testing-library/user-event/dist/cjs/event/behavior/keypr
ess.js:31:26
      at Object.dispatchEvent (node_modules/@testing-library/user-event/dist/cj
s/event/dispatchEvent.js:41:13)
      at Object.dispatchUIEvent (node_modules/@testing-library/user-event/dist/
cjs/event/dispatchEvent.js:22:26)
      at KeyboardHost.keydown 
(node_modules/@testing-library/user-event/dist/cjs/system/keyboard.js:76:22)
      at keyboardAction 
(node_modules/@testing-library/user-event/dist/cjs/keyboard/index.js:22:35)
      at Object.keyboard 
(node_modules/@testing-library/user-event/dist/cjs/keyboard/index.js:11:15)
      at Object.type 
(node_modules/@testing-library/user-event/dist/cjs/utility/type.js:17:5)
      at Object.<anonymous> 
(src/settings/__tests__/AccountAdministrationPage.test.tsx:276:9)

    console.error
      Warning: An update to AccountAdministrationPage inside a test was not 
wrapped in act(...).
      
      When testing, code that causes React state updates should be wrapped 
into act(...):
      
      act(() => {
        /* fire events that update state */
      });
      /* assert on the output */
      
      This ensures that you're testing the behavior the user would see in the 
browser. Learn more at https://reactjs.org/link/wrap-tests-with-act
          at AccountAdministrationPage (C:\Users\samhe\OneDrive\Desktop\Cleaned
\frontend\src\settings\AccountAdministrationPage.tsx:96:39)
          at basenameProp (C:\Users\samhe\OneDrive\Desktop\Cleaned\frontend\nod
e_modules\react-router\lib\components.tsx:421:13)
          at basename (C:\Users\samhe\OneDrive\Desktop\Cleaned\frontend\node_mo
dules\react-router\lib\components.tsx:225:3)

      139 |     function setFilter(field: keyof Filters) {
      140 |         return (e: React.ChangeEvent<HTMLInputElement | 
HTMLSelectElement>) => {
    > 141 |             setFilters(f => ({ ...f, [field]: e.target.value }))
          |             ^
      142 |             setPage(1)
      143 |         }
      144 |     }

      at printWarning 
(node_modules/react-dom/cjs/react-dom.development.js:86:30)
      at error (node_modules/react-dom/cjs/react-dom.development.js:60:7)
      at warnIfUpdatesNotWrappedWithActDEV 
(node_modules/react-dom/cjs/react-dom.development.js:27628:9)
      at scheduleUpdateOnFiber 
(node_modules/react-dom/cjs/react-dom.development.js:25547:5)
      at dispatchSetState 
(node_modules/react-dom/cjs/react-dom.development.js:16708:7)
      at src/settings/AccountAdministrationPage.tsx:141:13
      at HTMLUnknownElement.callCallback 
(node_modules/react-dom/cjs/react-dom.development.js:4164:14)
      at HTMLUnknownElement.callTheUserObjectsOperation 
(node_modules/jsdom/lib/jsdom/living/generated/EventListener.js:26:30)
      at innerInvokeEventListeners 
(node_modules/jsdom/lib/jsdom/living/events/EventTarget-impl.js:350:25)
      at invokeEventListeners 
(node_modules/jsdom/lib/jsdom/living/events/EventTarget-impl.js:286:3)
      at HTMLUnknownElementImpl._dispatch 
(node_modules/jsdom/lib/jsdom/living/events/EventTarget-impl.js:233:9)
      at HTMLUnknownElementImpl.dispatchEvent 
(node_modules/jsdom/lib/jsdom/living/events/EventTarget-impl.js:104:17)
      at HTMLUnknownElement.dispatchEvent 
(node_modules/jsdom/lib/jsdom/living/generated/EventTarget.js:241:34)
      at Object.invokeGuardedCallbackDev 
(node_modules/react-dom/cjs/react-dom.development.js:4213:16)
      at invokeGuardedCallback 
(node_modules/react-dom/cjs/react-dom.development.js:4277:31)
      at invokeGuardedCallbackAndCatchFirstError 
(node_modules/react-dom/cjs/react-dom.development.js:4291:25)
      at executeDispatch 
(node_modules/react-dom/cjs/react-dom.development.js:9041:3)
      at processDispatchQueueItemsInOrder 
(node_modules/react-dom/cjs/react-dom.development.js:9073:7)
      at processDispatchQueue 
(node_modules/react-dom/cjs/react-dom.development.js:9086:5)
      at dispatchEventsForPlugins 
(node_modules/react-dom/cjs/react-dom.development.js:9097:3)
      at node_modules/react-dom/cjs/react-dom.development.js:9288:12
      at batchedUpdates$1 
(node_modules/react-dom/cjs/react-dom.development.js:26179:12)
      at batchedUpdates 
(node_modules/react-dom/cjs/react-dom.development.js:3991:12)
      at dispatchEventForPluginEventSystem 
(node_modules/react-dom/cjs/react-dom.development.js:9287:3)
      at dispatchEventWithEnableCapturePhaseSelectiveHydrationWithoutDiscreteEv
entReplay (node_modules/react-dom/cjs/react-dom.development.js:6465:5)
      at dispatchEvent 
(node_modules/react-dom/cjs/react-dom.development.js:6457:5)
      at dispatchDiscreteEvent 
(node_modules/react-dom/cjs/react-dom.development.js:6430:5)
      at HTMLDivElement.callTheUserObjectsOperation 
(node_modules/jsdom/lib/jsdom/living/generated/EventListener.js:26:30)
      at innerInvokeEventListeners 
(node_modules/jsdom/lib/jsdom/living/events/EventTarget-impl.js:350:25)
      at invokeEventListeners 
(node_modules/jsdom/lib/jsdom/living/events/EventTarget-impl.js:286:3)
      at HTMLInputElementImpl._dispatch 
(node_modules/jsdom/lib/jsdom/living/events/EventTarget-impl.js:233:9)
      at HTMLInputElementImpl.dispatchEvent 
(node_modules/jsdom/lib/jsdom/living/events/EventTarget-impl.js:104:17)
      at HTMLInputElement.dispatchEvent 
(node_modules/jsdom/lib/jsdom/living/generated/EventTarget.js:241:34)
      at 
node_modules/@testing-library/user-event/dist/cjs/event/dispatchEvent.js:45:43
      at Object.eventWrapper 
(node_modules/@testing-library/dom/dist/config.js:25:23)
      at Object.wrapEvent 
(node_modules/@testing-library/user-event/dist/cjs/event/wrapEvent.js:6:28)
      at Object.dispatchEvent (node_modules/@testing-library/user-event/dist/cj
s/event/dispatchEvent.js:45:22)
      at Object.dispatchUIEvent (node_modules/@testing-library/user-event/dist/
cjs/event/dispatchEvent.js:22:26)
      at commitInput 
(node_modules/@testing-library/user-event/dist/cjs/event/input.js:145:14)
      at editInputElement 
(node_modules/@testing-library/user-event/dist/cjs/event/input.js:115:9)
      at Object.input 
(node_modules/@testing-library/user-event/dist/cjs/event/input.js:37:9)
      at node_modules/@testing-library/user-event/dist/cjs/event/behavior/keypr
ess.js:31:26
      at Object.dispatchEvent (node_modules/@testing-library/user-event/dist/cj
s/event/dispatchEvent.js:41:13)
      at Object.dispatchUIEvent (node_modules/@testing-library/user-event/dist/
cjs/event/dispatchEvent.js:22:26)
      at KeyboardHost.keydown 
(node_modules/@testing-library/user-event/dist/cjs/system/keyboard.js:76:22)
      at keyboardAction 
(node_modules/@testing-library/user-event/dist/cjs/keyboard/index.js:22:35)
      at Object.keyboard 
(node_modules/@testing-library/user-event/dist/cjs/keyboard/index.js:11:15)
      at Object.type 
(node_modules/@testing-library/user-event/dist/cjs/utility/type.js:17:5)
      at Object.<anonymous> 
(src/settings/__tests__/AccountAdministrationPage.test.tsx:276:9)

    console.error
      Warning: An update to AccountAdministrationPage inside a test was not 
wrapped in act(...).
      
      When testing, code that causes React state updates should be wrapped 
into act(...):
      
      act(() => {
        /* fire events that update state */
      });
      /* assert on the output */
      
      This ensures that you're testing the behavior the user would see in the 
browser. Learn more at https://reactjs.org/link/wrap-tests-with-act
          at AccountAdministrationPage (C:\Users\samhe\OneDrive\Desktop\Cleaned
\frontend\src\settings\AccountAdministrationPage.tsx:96:39)
          at basenameProp (C:\Users\samhe\OneDrive\Desktop\Cleaned\frontend\nod
e_modules\react-router\lib\components.tsx:421:13)
          at basename (C:\Users\samhe\OneDrive\Desktop\Cleaned\frontend\node_mo
dules\react-router\lib\components.tsx:225:3)

      140 |         return (e: React.ChangeEvent<HTMLInputElement | 
HTMLSelectElement>) => {
      141 |             setFilters(f => ({ ...f, [field]: e.target.value }))
    > 142 |             setPage(1)
          |             ^
      143 |         }
      144 |     }
      145 |

      at printWarning 
(node_modules/react-dom/cjs/react-dom.development.js:86:30)
      at error (node_modules/react-dom/cjs/react-dom.development.js:60:7)
      at warnIfUpdatesNotWrappedWithActDEV 
(node_modules/react-dom/cjs/react-dom.development.js:27628:9)
      at scheduleUpdateOnFiber 
(node_modules/react-dom/cjs/react-dom.development.js:25547:5)
      at dispatchSetState 
(node_modules/react-dom/cjs/react-dom.development.js:16708:7)
      at src/settings/AccountAdministrationPage.tsx:142:13
      at HTMLUnknownElement.callCallback 
(node_modules/react-dom/cjs/react-dom.development.js:4164:14)
      at HTMLUnknownElement.callTheUserObjectsOperation 
(node_modules/jsdom/lib/jsdom/living/generated/EventListener.js:26:30)
      at innerInvokeEventListeners 
(node_modules/jsdom/lib/jsdom/living/events/EventTarget-impl.js:350:25)
      at invokeEventListeners 
(node_modules/jsdom/lib/jsdom/living/events/EventTarget-impl.js:286:3)
      at HTMLUnknownElementImpl._dispatch 
(node_modules/jsdom/lib/jsdom/living/events/EventTarget-impl.js:233:9)
      at HTMLUnknownElementImpl.dispatchEvent 
(node_modules/jsdom/lib/jsdom/living/events/EventTarget-impl.js:104:17)
      at HTMLUnknownElement.dispatchEvent 
(node_modules/jsdom/lib/jsdom/living/generated/EventTarget.js:241:34)
      at Object.invokeGuardedCallbackDev 
(node_modules/react-dom/cjs/react-dom.development.js:4213:16)
      at invokeGuardedCallback 
(node_modules/react-dom/cjs/react-dom.development.js:4277:31)
      at invokeGuardedCallbackAndCatchFirstError 
(node_modules/react-dom/cjs/react-dom.development.js:4291:25)
      at executeDispatch 
(node_modules/react-dom/cjs/react-dom.development.js:9041:3)
      at processDispatchQueueItemsInOrder 
(node_modules/react-dom/cjs/react-dom.development.js:9073:7)
      at processDispatchQueue 
(node_modules/react-dom/cjs/react-dom.development.js:9086:5)
      at dispatchEventsForPlugins 
(node_modules/react-dom/cjs/react-dom.development.js:9097:3)
      at node_modules/react-dom/cjs/react-dom.development.js:9288:12
      at batchedUpdates$1 
(node_modules/react-dom/cjs/react-dom.development.js:26179:12)
      at batchedUpdates 
(node_modules/react-dom/cjs/react-dom.development.js:3991:12)
      at dispatchEventForPluginEventSystem 
(node_modules/react-dom/cjs/react-dom.development.js:9287:3)
      at dispatchEventWithEnableCapturePhaseSelectiveHydrationWithoutDiscreteEv
entReplay (node_modules/react-dom/cjs/react-dom.development.js:6465:5)
      at dispatchEvent 
(node_modules/react-dom/cjs/react-dom.development.js:6457:5)
      at dispatchDiscreteEvent 
(node_modules/react-dom/cjs/react-dom.development.js:6430:5)
      at HTMLDivElement.callTheUserObjectsOperation 
(node_modules/jsdom/lib/jsdom/living/generated/EventListener.js:26:30)
      at innerInvokeEventListeners 
(node_modules/jsdom/lib/jsdom/living/events/EventTarget-impl.js:350:25)
      at invokeEventListeners 
(node_modules/jsdom/lib/jsdom/living/events/EventTarget-impl.js:286:3)
      at HTMLInputElementImpl._dispatch 
(node_modules/jsdom/lib/jsdom/living/events/EventTarget-impl.js:233:9)
      at HTMLInputElementImpl.dispatchEvent 
(node_modules/jsdom/lib/jsdom/living/events/EventTarget-impl.js:104:17)
      at HTMLInputElement.dispatchEvent 
(node_modules/jsdom/lib/jsdom/living/generated/EventTarget.js:241:34)
      at 
node_modules/@testing-library/user-event/dist/cjs/event/dispatchEvent.js:45:43
      at Object.eventWrapper 
(node_modules/@testing-library/dom/dist/config.js:25:23)
      at Object.wrapEvent 
(node_modules/@testing-library/user-event/dist/cjs/event/wrapEvent.js:6:28)
      at Object.dispatchEvent (node_modules/@testing-library/user-event/dist/cj
s/event/dispatchEvent.js:45:22)
      at Object.dispatchUIEvent (node_modules/@testing-library/user-event/dist/
cjs/event/dispatchEvent.js:22:26)
      at commitInput 
(node_modules/@testing-library/user-event/dist/cjs/event/input.js:145:14)
      at editInputElement 
(node_modules/@testing-library/user-event/dist/cjs/event/input.js:115:9)
      at Object.input 
(node_modules/@testing-library/user-event/dist/cjs/event/input.js:37:9)
      at node_modules/@testing-library/user-event/dist/cjs/event/behavior/keypr
ess.js:31:26
      at Object.dispatchEvent (node_modules/@testing-library/user-event/dist/cj
s/event/dispatchEvent.js:41:13)
      at Object.dispatchUIEvent (node_modules/@testing-library/user-event/dist/
cjs/event/dispatchEvent.js:22:26)
      at KeyboardHost.keydown 
(node_modules/@testing-library/user-event/dist/cjs/system/keyboard.js:76:22)
      at keyboardAction 
(node_modules/@testing-library/user-event/dist/cjs/keyboard/index.js:22:35)
      at Object.keyboard 
(node_modules/@testing-library/user-event/dist/cjs/keyboard/index.js:11:15)
      at Object.type 
(node_modules/@testing-library/user-event/dist/cjs/utility/type.js:17:5)
      at Object.<anonymous> 
(src/settings/__tests__/AccountAdministrationPage.test.tsx:276:9)

    console.error
      Warning: An update to AccountAdministrationPage inside a test was not 
wrapped in act(...).
      
      When testing, code that causes React state updates should be wrapped 
into act(...):
      
      act(() => {
        /* fire events that update state */
      });
      /* assert on the output */
      
      This ensures that you're testing the behavior the user would see in the 
browser. Learn more at https://reactjs.org/link/wrap-tests-with-act
          at AccountAdministrationPage (C:\Users\samhe\OneDrive\Desktop\Cleaned
\frontend\src\settings\AccountAdministrationPage.tsx:96:39)
          at basenameProp (C:\Users\samhe\OneDrive\Desktop\Cleaned\frontend\nod
e_modules\react-router\lib\components.tsx:421:13)
          at basename (C:\Users\samhe\OneDrive\Desktop\Cleaned\frontend\node_mo
dules\react-router\lib\components.tsx:225:3)

      139 |     function setFilter(field: keyof Filters) {
      140 |         return (e: React.ChangeEvent<HTMLInputElement | 
HTMLSelectElement>) => {
    > 141 |             setFilters(f => ({ ...f, [field]: e.target.value }))
          |             ^
      142 |             setPage(1)
      143 |         }
      144 |     }

      at printWarning 
(node_modules/react-dom/cjs/react-dom.development.js:86:30)
      at error (node_modules/react-dom/cjs/react-dom.development.js:60:7)
      at warnIfUpdatesNotWrappedWithActDEV 
(node_modules/react-dom/cjs/react-dom.development.js:27628:9)
      at scheduleUpdateOnFiber 
(node_modules/react-dom/cjs/react-dom.development.js:25547:5)
      at dispatchSetState 
(node_modules/react-dom/cjs/react-dom.development.js:16708:7)
      at src/settings/AccountAdministrationPage.tsx:141:13
      at HTMLUnknownElement.callCallback 
(node_modules/react-dom/cjs/react-dom.development.js:4164:14)
      at HTMLUnknownElement.callTheUserObjectsOperation 
(node_modules/jsdom/lib/jsdom/living/generated/EventListener.js:26:30)
      at innerInvokeEventListeners 
(node_modules/jsdom/lib/jsdom/living/events/EventTarget-impl.js:350:25)
      at invokeEventListeners 
(node_modules/jsdom/lib/jsdom/living/events/EventTarget-impl.js:286:3)
      at HTMLUnknownElementImpl._dispatch 
(node_modules/jsdom/lib/jsdom/living/events/EventTarget-impl.js:233:9)
      at HTMLUnknownElementImpl.dispatchEvent 
(node_modules/jsdom/lib/jsdom/living/events/EventTarget-impl.js:104:17)
      at HTMLUnknownElement.dispatchEvent 
(node_modules/jsdom/lib/jsdom/living/generated/EventTarget.js:241:34)
      at Object.invokeGuardedCallbackDev 
(node_modules/react-dom/cjs/react-dom.development.js:4213:16)
      at invokeGuardedCallback 
(node_modules/react-dom/cjs/react-dom.development.js:4277:31)
      at invokeGuardedCallbackAndCatchFirstError 
(node_modules/react-dom/cjs/react-dom.development.js:4291:25)
      at executeDispatch 
(node_modules/react-dom/cjs/react-dom.development.js:9041:3)
      at processDispatchQueueItemsInOrder 
(node_modules/react-dom/cjs/react-dom.development.js:9073:7)
      at processDispatchQueue 
(node_modules/react-dom/cjs/react-dom.development.js:9086:5)
      at dispatchEventsForPlugins 
(node_modules/react-dom/cjs/react-dom.development.js:9097:3)
      at node_modules/react-dom/cjs/react-dom.development.js:9288:12
      at batchedUpdates$1 
(node_modules/react-dom/cjs/react-dom.development.js:26179:12)
      at batchedUpdates 
(node_modules/react-dom/cjs/react-dom.development.js:3991:12)
      at dispatchEventForPluginEventSystem 
(node_modules/react-dom/cjs/react-dom.development.js:9287:3)
      at dispatchEventWithEnableCapturePhaseSelectiveHydrationWithoutDiscreteEv
entReplay (node_modules/react-dom/cjs/react-dom.development.js:6465:5)
      at dispatchEvent 
(node_modules/react-dom/cjs/react-dom.development.js:6457:5)
      at dispatchDiscreteEvent 
(node_modules/react-dom/cjs/react-dom.development.js:6430:5)
      at HTMLDivElement.callTheUserObjectsOperation 
(node_modules/jsdom/lib/jsdom/living/generated/EventListener.js:26:30)
      at innerInvokeEventListeners 
(node_modules/jsdom/lib/jsdom/living/events/EventTarget-impl.js:350:25)
      at invokeEventListeners 
(node_modules/jsdom/lib/jsdom/living/events/EventTarget-impl.js:286:3)
      at HTMLInputElementImpl._dispatch 
(node_modules/jsdom/lib/jsdom/living/events/EventTarget-impl.js:233:9)
      at HTMLInputElementImpl.dispatchEvent 
(node_modules/jsdom/lib/jsdom/living/events/EventTarget-impl.js:104:17)
      at HTMLInputElement.dispatchEvent 
(node_modules/jsdom/lib/jsdom/living/generated/EventTarget.js:241:34)
      at 
node_modules/@testing-library/user-event/dist/cjs/event/dispatchEvent.js:45:43
      at Object.eventWrapper 
(node_modules/@testing-library/dom/dist/config.js:25:23)
      at Object.wrapEvent 
(node_modules/@testing-library/user-event/dist/cjs/event/wrapEvent.js:6:28)
      at Object.dispatchEvent (node_modules/@testing-library/user-event/dist/cj
s/event/dispatchEvent.js:45:22)
      at Object.dispatchUIEvent (node_modules/@testing-library/user-event/dist/
cjs/event/dispatchEvent.js:22:26)
      at commitInput 
(node_modules/@testing-library/user-event/dist/cjs/event/input.js:145:14)
      at editInputElement 
(node_modules/@testing-library/user-event/dist/cjs/event/input.js:115:9)
      at Object.input 
(node_modules/@testing-library/user-event/dist/cjs/event/input.js:37:9)
      at node_modules/@testing-library/user-event/dist/cjs/event/behavior/keypr
ess.js:31:26
      at Object.dispatchEvent (node_modules/@testing-library/user-event/dist/cj
s/event/dispatchEvent.js:41:13)
      at Object.dispatchUIEvent (node_modules/@testing-library/user-event/dist/
cjs/event/dispatchEvent.js:22:26)
      at KeyboardHost.keydown 
(node_modules/@testing-library/user-event/dist/cjs/system/keyboard.js:76:22)
      at keyboardAction 
(node_modules/@testing-library/user-event/dist/cjs/keyboard/index.js:22:35)
      at Object.keyboard 
(node_modules/@testing-library/user-event/dist/cjs/keyboard/index.js:11:15)
      at Object.type 
(node_modules/@testing-library/user-event/dist/cjs/utility/type.js:17:5)
      at Object.<anonymous> 
(src/settings/__tests__/AccountAdministrationPage.test.tsx:276:9)

    console.error
      Warning: An update to AccountAdministrationPage inside a test was not 
wrapped in act(...).
      
      When testing, code that causes React state updates should be wrapped 
into act(...):
      
      act(() => {
        /* fire events that update state */
      });
      /* assert on the output */
      
      This ensures that you're testing the behavior the user would see in the 
browser. Learn more at https://reactjs.org/link/wrap-tests-with-act
          at AccountAdministrationPage (C:\Users\samhe\OneDrive\Desktop\Cleaned
\frontend\src\settings\AccountAdministrationPage.tsx:96:39)
          at basenameProp (C:\Users\samhe\OneDrive\Desktop\Cleaned\frontend\nod
e_modules\react-router\lib\components.tsx:421:13)
          at basename (C:\Users\samhe\OneDrive\Desktop\Cleaned\frontend\node_mo
dules\react-router\lib\components.tsx:225:3)

      140 |         return (e: React.ChangeEvent<HTMLInputElement | 
HTMLSelectElement>) => {
      141 |             setFilters(f => ({ ...f, [field]: e.target.value }))
    > 142 |             setPage(1)
          |             ^
      143 |         }
      144 |     }
      145 |

      at printWarning 
(node_modules/react-dom/cjs/react-dom.development.js:86:30)
      at error (node_modules/react-dom/cjs/react-dom.development.js:60:7)
      at warnIfUpdatesNotWrappedWithActDEV 
(node_modules/react-dom/cjs/react-dom.development.js:27628:9)
      at scheduleUpdateOnFiber 
(node_modules/react-dom/cjs/react-dom.development.js:25547:5)
      at dispatchSetState 
(node_modules/react-dom/cjs/react-dom.development.js:16708:7)
      at src/settings/AccountAdministrationPage.tsx:142:13
      at HTMLUnknownElement.callCallback 
(node_modules/react-dom/cjs/react-dom.development.js:4164:14)
      at HTMLUnknownElement.callTheUserObjectsOperation 
(node_modules/jsdom/lib/jsdom/living/generated/EventListener.js:26:30)
      at innerInvokeEventListeners 
(node_modules/jsdom/lib/jsdom/living/events/EventTarget-impl.js:350:25)
      at invokeEventListeners 
(node_modules/jsdom/lib/jsdom/living/events/EventTarget-impl.js:286:3)
      at HTMLUnknownElementImpl._dispatch 
(node_modules/jsdom/lib/jsdom/living/events/EventTarget-impl.js:233:9)
      at HTMLUnknownElementImpl.dispatchEvent 
(node_modules/jsdom/lib/jsdom/living/events/EventTarget-impl.js:104:17)
      at HTMLUnknownElement.dispatchEvent 
(node_modules/jsdom/lib/jsdom/living/generated/EventTarget.js:241:34)
      at Object.invokeGuardedCallbackDev 
(node_modules/react-dom/cjs/react-dom.development.js:4213:16)
      at invokeGuardedCallback 
(node_modules/react-dom/cjs/react-dom.development.js:4277:31)
      at invokeGuardedCallbackAndCatchFirstError 
(node_modules/react-dom/cjs/react-dom.development.js:4291:25)
      at executeDispatch 
(node_modules/react-dom/cjs/react-dom.development.js:9041:3)
      at processDispatchQueueItemsInOrder 
(node_modules/react-dom/cjs/react-dom.development.js:9073:7)
      at processDispatchQueue 
(node_modules/react-dom/cjs/react-dom.development.js:9086:5)
      at dispatchEventsForPlugins 
(node_modules/react-dom/cjs/react-dom.development.js:9097:3)
      at node_modules/react-dom/cjs/react-dom.development.js:9288:12
      at batchedUpdates$1 
(node_modules/react-dom/cjs/react-dom.development.js:26179:12)
      at batchedUpdates 
(node_modules/react-dom/cjs/react-dom.development.js:3991:12)
      at dispatchEventForPluginEventSystem 
(node_modules/react-dom/cjs/react-dom.development.js:9287:3)
      at dispatchEventWithEnableCapturePhaseSelectiveHydrationWithoutDiscreteEv
entReplay (node_modules/react-dom/cjs/react-dom.development.js:6465:5)
      at dispatchEvent 
(node_modules/react-dom/cjs/react-dom.development.js:6457:5)
      at dispatchDiscreteEvent 
(node_modules/react-dom/cjs/react-dom.development.js:6430:5)
      at HTMLDivElement.callTheUserObjectsOperation 
(node_modules/jsdom/lib/jsdom/living/generated/EventListener.js:26:30)
      at innerInvokeEventListeners 
(node_modules/jsdom/lib/jsdom/living/events/EventTarget-impl.js:350:25)
      at invokeEventListeners 
(node_modules/jsdom/lib/jsdom/living/events/EventTarget-impl.js:286:3)
      at HTMLInputElementImpl._dispatch 
(node_modules/jsdom/lib/jsdom/living/events/EventTarget-impl.js:233:9)
      at HTMLInputElementImpl.dispatchEvent 
(node_modules/jsdom/lib/jsdom/living/events/EventTarget-impl.js:104:17)
      at HTMLInputElement.dispatchEvent 
(node_modules/jsdom/lib/jsdom/living/generated/EventTarget.js:241:34)
      at 
node_modules/@testing-library/user-event/dist/cjs/event/dispatchEvent.js:45:43
      at Object.eventWrapper 
(node_modules/@testing-library/dom/dist/config.js:25:23)
      at Object.wrapEvent 
(node_modules/@testing-library/user-event/dist/cjs/event/wrapEvent.js:6:28)
      at Object.dispatchEvent (node_modules/@testing-library/user-event/dist/cj
s/event/dispatchEvent.js:45:22)
      at Object.dispatchUIEvent (node_modules/@testing-library/user-event/dist/
cjs/event/dispatchEvent.js:22:26)
      at commitInput 
(node_modules/@testing-library/user-event/dist/cjs/event/input.js:145:14)
      at editInputElement 
(node_modules/@testing-library/user-event/dist/cjs/event/input.js:115:9)
      at Object.input 
(node_modules/@testing-library/user-event/dist/cjs/event/input.js:37:9)
      at node_modules/@testing-library/user-event/dist/cjs/event/behavior/keypr
ess.js:31:26
      at Object.dispatchEvent (node_modules/@testing-library/user-event/dist/cj
s/event/dispatchEvent.js:41:13)
      at Object.dispatchUIEvent (node_modules/@testing-library/user-event/dist/
cjs/event/dispatchEvent.js:22:26)
      at KeyboardHost.keydown 
(node_modules/@testing-library/user-event/dist/cjs/system/keyboard.js:76:22)
      at keyboardAction 
(node_modules/@testing-library/user-event/dist/cjs/keyboard/index.js:22:35)
      at Object.keyboard 
(node_modules/@testing-library/user-event/dist/cjs/keyboard/index.js:11:15)
      at Object.type 
(node_modules/@testing-library/user-event/dist/cjs/utility/type.js:17:5)
      at Object.<anonymous> 
(src/settings/__tests__/AccountAdministrationPage.test.tsx:276:9)

    console.error
      Warning: An update to AccountAdministrationPage inside a test was not 
wrapped in act(...).
      
      When testing, code that causes React state updates should be wrapped 
into act(...):
      
      act(() => {
        /* fire events that update state */
      });
      /* assert on the output */
      
      This ensures that you're testing the behavior the user would see in the 
browser. Learn more at https://reactjs.org/link/wrap-tests-with-act
          at AccountAdministrationPage (C:\Users\samhe\OneDrive\Desktop\Cleaned
\frontend\src\settings\AccountAdministrationPage.tsx:96:39)
          at basenameProp (C:\Users\samhe\OneDrive\Desktop\Cleaned\frontend\nod
e_modules\react-router\lib\components.tsx:421:13)
          at basename (C:\Users\samhe\OneDrive\Desktop\Cleaned\frontend\node_mo
dules\react-router\lib\components.tsx:225:3)

      139 |     function setFilter(field: keyof Filters) {
      140 |         return (e: React.ChangeEvent<HTMLInputElement | 
HTMLSelectElement>) => {
    > 141 |             setFilters(f => ({ ...f, [field]: e.target.value }))
          |             ^
      142 |             setPage(1)
      143 |         }
      144 |     }

      at printWarning 
(node_modules/react-dom/cjs/react-dom.development.js:86:30)
      at error (node_modules/react-dom/cjs/react-dom.development.js:60:7)
      at warnIfUpdatesNotWrappedWithActDEV 
(node_modules/react-dom/cjs/react-dom.development.js:27628:9)
      at scheduleUpdateOnFiber 
(node_modules/react-dom/cjs/react-dom.development.js:25547:5)
      at dispatchSetState 
(node_modules/react-dom/cjs/react-dom.development.js:16708:7)
      at src/settings/AccountAdministrationPage.tsx:141:13
      at HTMLUnknownElement.callCallback 
(node_modules/react-dom/cjs/react-dom.development.js:4164:14)
      at HTMLUnknownElement.callTheUserObjectsOperation 
(node_modules/jsdom/lib/jsdom/living/generated/EventListener.js:26:30)
      at innerInvokeEventListeners 
(node_modules/jsdom/lib/jsdom/living/events/EventTarget-impl.js:350:25)
      at invokeEventListeners 
(node_modules/jsdom/lib/jsdom/living/events/EventTarget-impl.js:286:3)
      at HTMLUnknownElementImpl._dispatch 
(node_modules/jsdom/lib/jsdom/living/events/EventTarget-impl.js:233:9)
      at HTMLUnknownElementImpl.dispatchEvent 
(node_modules/jsdom/lib/jsdom/living/events/EventTarget-impl.js:104:17)
      at HTMLUnknownElement.dispatchEvent 
(node_modules/jsdom/lib/jsdom/living/generated/EventTarget.js:241:34)
      at Object.invokeGuardedCallbackDev 
(node_modules/react-dom/cjs/react-dom.development.js:4213:16)
      at invokeGuardedCallback 
(node_modules/react-dom/cjs/react-dom.development.js:4277:31)
      at invokeGuardedCallbackAndCatchFirstError 
(node_modules/react-dom/cjs/react-dom.development.js:4291:25)
      at executeDispatch 
(node_modules/react-dom/cjs/react-dom.development.js:9041:3)
      at processDispatchQueueItemsInOrder 
(node_modules/react-dom/cjs/react-dom.development.js:9073:7)
      at processDispatchQueue 
(node_modules/react-dom/cjs/react-dom.development.js:9086:5)
      at dispatchEventsForPlugins 
(node_modules/react-dom/cjs/react-dom.development.js:9097:3)
      at node_modules/react-dom/cjs/react-dom.development.js:9288:12
      at batchedUpdates$1 
(node_modules/react-dom/cjs/react-dom.development.js:26179:12)
      at batchedUpdates 
(node_modules/react-dom/cjs/react-dom.development.js:3991:12)
      at dispatchEventForPluginEventSystem 
(node_modules/react-dom/cjs/react-dom.development.js:9287:3)
      at dispatchEventWithEnableCapturePhaseSelectiveHydrationWithoutDiscreteEv
entReplay (node_modules/react-dom/cjs/react-dom.development.js:6465:5)
      at dispatchEvent 
(node_modules/react-dom/cjs/react-dom.development.js:6457:5)
      at dispatchDiscreteEvent 
(node_modules/react-dom/cjs/react-dom.development.js:6430:5)
      at HTMLDivElement.callTheUserObjectsOperation 
(node_modules/jsdom/lib/jsdom/living/generated/EventListener.js:26:30)
      at innerInvokeEventListeners 
(node_modules/jsdom/lib/jsdom/living/events/EventTarget-impl.js:350:25)
      at invokeEventListeners 
(node_modules/jsdom/lib/jsdom/living/events/EventTarget-impl.js:286:3)
      at HTMLInputElementImpl._dispatch 
(node_modules/jsdom/lib/jsdom/living/events/EventTarget-impl.js:233:9)
      at HTMLInputElementImpl.dispatchEvent 
(node_modules/jsdom/lib/jsdom/living/events/EventTarget-impl.js:104:17)
      at HTMLInputElement.dispatchEvent 
(node_modules/jsdom/lib/jsdom/living/generated/EventTarget.js:241:34)
      at 
node_modules/@testing-library/user-event/dist/cjs/event/dispatchEvent.js:45:43
      at Object.eventWrapper 
(node_modules/@testing-library/dom/dist/config.js:25:23)
      at Object.wrapEvent 
(node_modules/@testing-library/user-event/dist/cjs/event/wrapEvent.js:6:28)
      at Object.dispatchEvent (node_modules/@testing-library/user-event/dist/cj
s/event/dispatchEvent.js:45:22)
      at Object.dispatchUIEvent (node_modules/@testing-library/user-event/dist/
cjs/event/dispatchEvent.js:22:26)
      at commitInput 
(node_modules/@testing-library/user-event/dist/cjs/event/input.js:145:14)
      at editInputElement 
(node_modules/@testing-library/user-event/dist/cjs/event/input.js:115:9)
      at Object.input 
(node_modules/@testing-library/user-event/dist/cjs/event/input.js:37:9)
      at node_modules/@testing-library/user-event/dist/cjs/event/behavior/keypr
ess.js:31:26
      at Object.dispatchEvent (node_modules/@testing-library/user-event/dist/cj
s/event/dispatchEvent.js:41:13)
      at Object.dispatchUIEvent (node_modules/@testing-library/user-event/dist/
cjs/event/dispatchEvent.js:22:26)
      at KeyboardHost.keydown 
(node_modules/@testing-library/user-event/dist/cjs/system/keyboard.js:76:22)
      at keyboardAction 
(node_modules/@testing-library/user-event/dist/cjs/keyboard/index.js:22:35)
      at Object.keyboard 
(node_modules/@testing-library/user-event/dist/cjs/keyboard/index.js:11:15)
      at Object.type 
(node_modules/@testing-library/user-event/dist/cjs/utility/type.js:17:5)
      at Object.<anonymous> 
(src/settings/__tests__/AccountAdministrationPage.test.tsx:276:9)

    console.error
      Warning: An update to AccountAdministrationPage inside a test was not 
wrapped in act(...).
      
      When testing, code that causes React state updates should be wrapped 
into act(...):
      
      act(() => {
        /* fire events that update state */
      });
      /* assert on the output */
      
      This ensures that you're testing the behavior the user would see in the 
browser. Learn more at https://reactjs.org/link/wrap-tests-with-act
          at AccountAdministrationPage (C:\Users\samhe\OneDrive\Desktop\Cleaned
\frontend\src\settings\AccountAdministrationPage.tsx:96:39)
          at basenameProp (C:\Users\samhe\OneDrive\Desktop\Cleaned\frontend\nod
e_modules\react-router\lib\components.tsx:421:13)
          at basename (C:\Users\samhe\OneDrive\Desktop\Cleaned\frontend\node_mo
dules\react-router\lib\components.tsx:225:3)

      140 |         return (e: React.ChangeEvent<HTMLInputElement | 
HTMLSelectElement>) => {
      141 |             setFilters(f => ({ ...f, [field]: e.target.value }))
    > 142 |             setPage(1)
          |             ^
      143 |         }
      144 |     }
      145 |

      at printWarning 
(node_modules/react-dom/cjs/react-dom.development.js:86:30)
      at error (node_modules/react-dom/cjs/react-dom.development.js:60:7)
      at warnIfUpdatesNotWrappedWithActDEV 
(node_modules/react-dom/cjs/react-dom.development.js:27628:9)
      at scheduleUpdateOnFiber 
(node_modules/react-dom/cjs/react-dom.development.js:25547:5)
      at dispatchSetState 
(node_modules/react-dom/cjs/react-dom.development.js:16708:7)
      at src/settings/AccountAdministrationPage.tsx:142:13
      at HTMLUnknownElement.callCallback 
(node_modules/react-dom/cjs/react-dom.development.js:4164:14)
      at HTMLUnknownElement.callTheUserObjectsOperation 
(node_modules/jsdom/lib/jsdom/living/generated/EventListener.js:26:30)
      at innerInvokeEventListeners 
(node_modules/jsdom/lib/jsdom/living/events/EventTarget-impl.js:350:25)
      at invokeEventListeners 
(node_modules/jsdom/lib/jsdom/living/events/EventTarget-impl.js:286:3)
      at HTMLUnknownElementImpl._dispatch 
(node_modules/jsdom/lib/jsdom/living/events/EventTarget-impl.js:233:9)
      at HTMLUnknownElementImpl.dispatchEvent 
(node_modules/jsdom/lib/jsdom/living/events/EventTarget-impl.js:104:17)
      at HTMLUnknownElement.dispatchEvent 
(node_modules/jsdom/lib/jsdom/living/generated/EventTarget.js:241:34)
      at Object.invokeGuardedCallbackDev 
(node_modules/react-dom/cjs/react-dom.development.js:4213:16)
      at invokeGuardedCallback 
(node_modules/react-dom/cjs/react-dom.development.js:4277:31)
      at invokeGuardedCallbackAndCatchFirstError 
(node_modules/react-dom/cjs/react-dom.development.js:4291:25)
      at executeDispatch 
(node_modules/react-dom/cjs/react-dom.development.js:9041:3)
      at processDispatchQueueItemsInOrder 
(node_modules/react-dom/cjs/react-dom.development.js:9073:7)
      at processDispatchQueue 
(node_modules/react-dom/cjs/react-dom.development.js:9086:5)
      at dispatchEventsForPlugins 
(node_modules/react-dom/cjs/react-dom.development.js:9097:3)
      at node_modules/react-dom/cjs/react-dom.development.js:9288:12
      at batchedUpdates$1 
(node_modules/react-dom/cjs/react-dom.development.js:26179:12)
      at batchedUpdates 
(node_modules/react-dom/cjs/react-dom.development.js:3991:12)
      at dispatchEventForPluginEventSystem 
(node_modules/react-dom/cjs/react-dom.development.js:9287:3)
      at dispatchEventWithEnableCapturePhaseSelectiveHydrationWithoutDiscreteEv
entReplay (node_modules/react-dom/cjs/react-dom.development.js:6465:5)
      at dispatchEvent 
(node_modules/react-dom/cjs/react-dom.development.js:6457:5)
      at dispatchDiscreteEvent 
(node_modules/react-dom/cjs/react-dom.development.js:6430:5)
      at HTMLDivElement.callTheUserObjectsOperation 
(node_modules/jsdom/lib/jsdom/living/generated/EventListener.js:26:30)
      at innerInvokeEventListeners 
(node_modules/jsdom/lib/jsdom/living/events/EventTarget-impl.js:350:25)
      at invokeEventListeners 
(node_modules/jsdom/lib/jsdom/living/events/EventTarget-impl.js:286:3)
      at HTMLInputElementImpl._dispatch 
(node_modules/jsdom/lib/jsdom/living/events/EventTarget-impl.js:233:9)
      at HTMLInputElementImpl.dispatchEvent 
(node_modules/jsdom/lib/jsdom/living/events/EventTarget-impl.js:104:17)
      at HTMLInputElement.dispatchEvent 
(node_modules/jsdom/lib/jsdom/living/generated/EventTarget.js:241:34)
      at 
node_modules/@testing-library/user-event/dist/cjs/event/dispatchEvent.js:45:43
      at Object.eventWrapper 
(node_modules/@testing-library/dom/dist/config.js:25:23)
      at Object.wrapEvent 
(node_modules/@testing-library/user-event/dist/cjs/event/wrapEvent.js:6:28)
      at Object.dispatchEvent (node_modules/@testing-library/user-event/dist/cj
s/event/dispatchEvent.js:45:22)
      at Object.dispatchUIEvent (node_modules/@testing-library/user-event/dist/
cjs/event/dispatchEvent.js:22:26)
      at commitInput 
(node_modules/@testing-library/user-event/dist/cjs/event/input.js:145:14)
      at editInputElement 
(node_modules/@testing-library/user-event/dist/cjs/event/input.js:115:9)
      at Object.input 
(node_modules/@testing-library/user-event/dist/cjs/event/input.js:37:9)
      at node_modules/@testing-library/user-event/dist/cjs/event/behavior/keypr
ess.js:31:26
      at Object.dispatchEvent (node_modules/@testing-library/user-event/dist/cj
s/event/dispatchEvent.js:41:13)
      at Object.dispatchUIEvent (node_modules/@testing-library/user-event/dist/
cjs/event/dispatchEvent.js:22:26)
      at KeyboardHost.keydown 
(node_modules/@testing-library/user-event/dist/cjs/system/keyboard.js:76:22)
      at keyboardAction 
(node_modules/@testing-library/user-event/dist/cjs/keyboard/index.js:22:35)
      at Object.keyboard 
(node_modules/@testing-library/user-event/dist/cjs/keyboard/index.js:11:15)
      at Object.type 
(node_modules/@testing-library/user-event/dist/cjs/utility/type.js:17:5)
      at Object.<anonymous> 
(src/settings/__tests__/AccountAdministrationPage.test.tsx:276:9)

    console.error
      Warning: An update to AccountAdministrationPage inside a test was not 
wrapped in act(...).
      
      When testing, code that causes React state updates should be wrapped 
into act(...):
      
      act(() => {
        /* fire events that update state */
      });
      /* assert on the output */
      
      This ensures that you're testing the behavior the user would see in the 
browser. Learn more at https://reactjs.org/link/wrap-tests-with-act
          at AccountAdministrationPage (C:\Users\samhe\OneDrive\Desktop\Cleaned
\frontend\src\settings\AccountAdministrationPage.tsx:96:39)
          at basenameProp (C:\Users\samhe\OneDrive\Desktop\Cleaned\frontend\nod
e_modules\react-router\lib\components.tsx:421:13)
          at basename (C:\Users\samhe\OneDrive\Desktop\Cleaned\frontend\node_mo
dules\react-router\lib\components.tsx:225:3)

      139 |     function setFilter(field: keyof Filters) {
      140 |         return (e: React.ChangeEvent<HTMLInputElement | 
HTMLSelectElement>) => {
    > 141 |             setFilters(f => ({ ...f, [field]: e.target.value }))
          |             ^
      142 |             setPage(1)
      143 |         }
      144 |     }

      at printWarning 
(node_modules/react-dom/cjs/react-dom.development.js:86:30)
      at error (node_modules/react-dom/cjs/react-dom.development.js:60:7)
      at warnIfUpdatesNotWrappedWithActDEV 
(node_modules/react-dom/cjs/react-dom.development.js:27628:9)
      at scheduleUpdateOnFiber 
(node_modules/react-dom/cjs/react-dom.development.js:25547:5)
      at dispatchSetState 
(node_modules/react-dom/cjs/react-dom.development.js:16708:7)
      at src/settings/AccountAdministrationPage.tsx:141:13
      at HTMLUnknownElement.callCallback 
(node_modules/react-dom/cjs/react-dom.development.js:4164:14)
      at HTMLUnknownElement.callTheUserObjectsOperation 
(node_modules/jsdom/lib/jsdom/living/generated/EventListener.js:26:30)
      at innerInvokeEventListeners 
(node_modules/jsdom/lib/jsdom/living/events/EventTarget-impl.js:350:25)
      at invokeEventListeners 
(node_modules/jsdom/lib/jsdom/living/events/EventTarget-impl.js:286:3)
      at HTMLUnknownElementImpl._dispatch 
(node_modules/jsdom/lib/jsdom/living/events/EventTarget-impl.js:233:9)
      at HTMLUnknownElementImpl.dispatchEvent 
(node_modules/jsdom/lib/jsdom/living/events/EventTarget-impl.js:104:17)
      at HTMLUnknownElement.dispatchEvent 
(node_modules/jsdom/lib/jsdom/living/generated/EventTarget.js:241:34)
      at Object.invokeGuardedCallbackDev 
(node_modules/react-dom/cjs/react-dom.development.js:4213:16)
      at invokeGuardedCallback 
(node_modules/react-dom/cjs/react-dom.development.js:4277:31)
      at invokeGuardedCallbackAndCatchFirstError 
(node_modules/react-dom/cjs/react-dom.development.js:4291:25)
      at executeDispatch 
(node_modules/react-dom/cjs/react-dom.development.js:9041:3)
      at processDispatchQueueItemsInOrder 
(node_modules/react-dom/cjs/react-dom.development.js:9073:7)
      at processDispatchQueue 
(node_modules/react-dom/cjs/react-dom.development.js:9086:5)
      at dispatchEventsForPlugins 
(node_modules/react-dom/cjs/react-dom.development.js:9097:3)
      at node_modules/react-dom/cjs/react-dom.development.js:9288:12
      at batchedUpdates$1 
(node_modules/react-dom/cjs/react-dom.development.js:26179:12)
      at batchedUpdates 
(node_modules/react-dom/cjs/react-dom.development.js:3991:12)
      at dispatchEventForPluginEventSystem 
(node_modules/react-dom/cjs/react-dom.development.js:9287:3)
      at dispatchEventWithEnableCapturePhaseSelectiveHydrationWithoutDiscreteEv
entReplay (node_modules/react-dom/cjs/react-dom.development.js:6465:5)
      at dispatchEvent 
(node_modules/react-dom/cjs/react-dom.development.js:6457:5)
      at dispatchDiscreteEvent 
(node_modules/react-dom/cjs/react-dom.development.js:6430:5)
      at HTMLDivElement.callTheUserObjectsOperation 
(node_modules/jsdom/lib/jsdom/living/generated/EventListener.js:26:30)
      at innerInvokeEventListeners 
(node_modules/jsdom/lib/jsdom/living/events/EventTarget-impl.js:350:25)
      at invokeEventListeners 
(node_modules/jsdom/lib/jsdom/living/events/EventTarget-impl.js:286:3)
      at HTMLInputElementImpl._dispatch 
(node_modules/jsdom/lib/jsdom/living/events/EventTarget-impl.js:233:9)
      at HTMLInputElementImpl.dispatchEvent 
(node_modules/jsdom/lib/jsdom/living/events/EventTarget-impl.js:104:17)
      at HTMLInputElement.dispatchEvent 
(node_modules/jsdom/lib/jsdom/living/generated/EventTarget.js:241:34)
      at 
node_modules/@testing-library/user-event/dist/cjs/event/dispatchEvent.js:45:43
      at Object.eventWrapper 
(node_modules/@testing-library/dom/dist/config.js:25:23)
      at Object.wrapEvent 
(node_modules/@testing-library/user-event/dist/cjs/event/wrapEvent.js:6:28)
      at Object.dispatchEvent (node_modules/@testing-library/user-event/dist/cj
s/event/dispatchEvent.js:45:22)
      at Object.dispatchUIEvent (node_modules/@testing-library/user-event/dist/
cjs/event/dispatchEvent.js:22:26)
      at commitInput 
(node_modules/@testing-library/user-event/dist/cjs/event/input.js:145:14)
      at editInputElement 
(node_modules/@testing-library/user-event/dist/cjs/event/input.js:115:9)
      at Object.input 
(node_modules/@testing-library/user-event/dist/cjs/event/input.js:37:9)
      at node_modules/@testing-library/user-event/dist/cjs/event/behavior/keypr
ess.js:31:26
      at Object.dispatchEvent (node_modules/@testing-library/user-event/dist/cj
s/event/dispatchEvent.js:41:13)
      at Object.dispatchUIEvent (node_modules/@testing-library/user-event/dist/
cjs/event/dispatchEvent.js:22:26)
      at KeyboardHost.keydown 
(node_modules/@testing-library/user-event/dist/cjs/system/keyboard.js:76:22)
      at keyboardAction 
(node_modules/@testing-library/user-event/dist/cjs/keyboard/index.js:22:35)
      at Object.keyboard 
(node_modules/@testing-library/user-event/dist/cjs/keyboard/index.js:11:15)
      at Object.type 
(node_modules/@testing-library/user-event/dist/cjs/utility/type.js:17:5)
      at Object.<anonymous> 
(src/settings/__tests__/AccountAdministrationPage.test.tsx:276:9)

    console.error
      Warning: An update to AccountAdministrationPage inside a test was not 
wrapped in act(...).
      
      When testing, code that causes React state updates should be wrapped 
into act(...):
      
      act(() => {
        /* fire events that update state */
      });
      /* assert on the output */
      
      This ensures that you're testing the behavior the user would see in the 
browser. Learn more at https://reactjs.org/link/wrap-tests-with-act
          at AccountAdministrationPage (C:\Users\samhe\OneDrive\Desktop\Cleaned
\frontend\src\settings\AccountAdministrationPage.tsx:96:39)
          at basenameProp (C:\Users\samhe\OneDrive\Desktop\Cleaned\frontend\nod
e_modules\react-router\lib\components.tsx:421:13)
          at basename (C:\Users\samhe\OneDrive\Desktop\Cleaned\frontend\node_mo
dules\react-router\lib\components.tsx:225:3)

      140 |         return (e: React.ChangeEvent<HTMLInputElement | 
HTMLSelectElement>) => {
      141 |             setFilters(f => ({ ...f, [field]: e.target.value }))
    > 142 |             setPage(1)
          |             ^
      143 |         }
      144 |     }
      145 |

      at printWarning 
(node_modules/react-dom/cjs/react-dom.development.js:86:30)
      at error (node_modules/react-dom/cjs/react-dom.development.js:60:7)
      at warnIfUpdatesNotWrappedWithActDEV 
(node_modules/react-dom/cjs/react-dom.development.js:27628:9)
      at scheduleUpdateOnFiber 
(node_modules/react-dom/cjs/react-dom.development.js:25547:5)
      at dispatchSetState 
(node_modules/react-dom/cjs/react-dom.development.js:16708:7)
      at src/settings/AccountAdministrationPage.tsx:142:13
      at HTMLUnknownElement.callCallback 
(node_modules/react-dom/cjs/react-dom.development.js:4164:14)
      at HTMLUnknownElement.callTheUserObjectsOperation 
(node_modules/jsdom/lib/jsdom/living/generated/EventListener.js:26:30)
      at innerInvokeEventListeners 
(node_modules/jsdom/lib/jsdom/living/events/EventTarget-impl.js:350:25)
      at invokeEventListeners 
(node_modules/jsdom/lib/jsdom/living/events/EventTarget-impl.js:286:3)
      at HTMLUnknownElementImpl._dispatch 
(node_modules/jsdom/lib/jsdom/living/events/EventTarget-impl.js:233:9)
      at HTMLUnknownElementImpl.dispatchEvent 
(node_modules/jsdom/lib/jsdom/living/events/EventTarget-impl.js:104:17)
      at HTMLUnknownElement.dispatchEvent 
(node_modules/jsdom/lib/jsdom/living/generated/EventTarget.js:241:34)
      at Object.invokeGuardedCallbackDev 
(node_modules/react-dom/cjs/react-dom.development.js:4213:16)
      at invokeGuardedCallback 
(node_modules/react-dom/cjs/react-dom.development.js:4277:31)
      at invokeGuardedCallbackAndCatchFirstError 
(node_modules/react-dom/cjs/react-dom.development.js:4291:25)
      at executeDispatch 
(node_modules/react-dom/cjs/react-dom.development.js:9041:3)
      at processDispatchQueueItemsInOrder 
(node_modules/react-dom/cjs/react-dom.development.js:9073:7)
      at processDispatchQueue 
(node_modules/react-dom/cjs/react-dom.development.js:9086:5)
      at dispatchEventsForPlugins 
(node_modules/react-dom/cjs/react-dom.development.js:9097:3)
      at node_modules/react-dom/cjs/react-dom.development.js:9288:12
      at batchedUpdates$1 
(node_modules/react-dom/cjs/react-dom.development.js:26179:12)
      at batchedUpdates 
(node_modules/react-dom/cjs/react-dom.development.js:3991:12)
      at dispatchEventForPluginEventSystem 
(node_modules/react-dom/cjs/react-dom.development.js:9287:3)
      at dispatchEventWithEnableCapturePhaseSelectiveHydrationWithoutDiscreteEv
entReplay (node_modules/react-dom/cjs/react-dom.development.js:6465:5)
      at dispatchEvent 
(node_modules/react-dom/cjs/react-dom.development.js:6457:5)
      at dispatchDiscreteEvent 
(node_modules/react-dom/cjs/react-dom.development.js:6430:5)
      at HTMLDivElement.callTheUserObjectsOperation 
(node_modules/jsdom/lib/jsdom/living/generated/EventListener.js:26:30)
      at innerInvokeEventListeners 
(node_modules/jsdom/lib/jsdom/living/events/EventTarget-impl.js:350:25)
      at invokeEventListeners 
(node_modules/jsdom/lib/jsdom/living/events/EventTarget-impl.js:286:3)
      at HTMLInputElementImpl._dispatch 
(node_modules/jsdom/lib/jsdom/living/events/EventTarget-impl.js:233:9)
      at HTMLInputElementImpl.dispatchEvent 
(node_modules/jsdom/lib/jsdom/living/events/EventTarget-impl.js:104:17)
      at HTMLInputElement.dispatchEvent 
(node_modules/jsdom/lib/jsdom/living/generated/EventTarget.js:241:34)
      at 
node_modules/@testing-library/user-event/dist/cjs/event/dispatchEvent.js:45:43
      at Object.eventWrapper 
(node_modules/@testing-library/dom/dist/config.js:25:23)
      at Object.wrapEvent 
(node_modules/@testing-library/user-event/dist/cjs/event/wrapEvent.js:6:28)
      at Object.dispatchEvent (node_modules/@testing-library/user-event/dist/cj
s/event/dispatchEvent.js:45:22)
      at Object.dispatchUIEvent (node_modules/@testing-library/user-event/dist/
cjs/event/dispatchEvent.js:22:26)
      at commitInput 
(node_modules/@testing-library/user-event/dist/cjs/event/input.js:145:14)
      at editInputElement 
(node_modules/@testing-library/user-event/dist/cjs/event/input.js:115:9)
      at Object.input 
(node_modules/@testing-library/user-event/dist/cjs/event/input.js:37:9)
      at node_modules/@testing-library/user-event/dist/cjs/event/behavior/keypr
ess.js:31:26
      at Object.dispatchEvent (node_modules/@testing-library/user-event/dist/cj
s/event/dispatchEvent.js:41:13)
      at Object.dispatchUIEvent (node_modules/@testing-library/user-event/dist/
cjs/event/dispatchEvent.js:22:26)
      at KeyboardHost.keydown 
(node_modules/@testing-library/user-event/dist/cjs/system/keyboard.js:76:22)
      at keyboardAction 
(node_modules/@testing-library/user-event/dist/cjs/keyboard/index.js:22:35)
      at Object.keyboard 
(node_modules/@testing-library/user-event/dist/cjs/keyboard/index.js:11:15)
      at Object.type 
(node_modules/@testing-library/user-event/dist/cjs/utility/type.js:17:5)
      at Object.<anonymous> 
(src/settings/__tests__/AccountAdministrationPage.test.tsx:276:9)

    console.error
      Warning: An update to AccountAdministrationPage inside a test was not 
wrapped in act(...).
      
      When testing, code that causes React state updates should be wrapped 
into act(...):
      
      act(() => {
        /* fire events that update state */
      });
      /* assert on the output */
      
      This ensures that you're testing the behavior the user would see in the 
browser. Learn more at https://reactjs.org/link/wrap-tests-with-act
          at AccountAdministrationPage (C:\Users\samhe\OneDrive\Desktop\Cleaned
\frontend\src\settings\AccountAdministrationPage.tsx:96:39)
          at basenameProp (C:\Users\samhe\OneDrive\Desktop\Cleaned\frontend\nod
e_modules\react-router\lib\components.tsx:421:13)
          at basename (C:\Users\samhe\OneDrive\Desktop\Cleaned\frontend\node_mo
dules\react-router\lib\components.tsx:225:3)

      139 |     function setFilter(field: keyof Filters) {
      140 |         return (e: React.ChangeEvent<HTMLInputElement | 
HTMLSelectElement>) => {
    > 141 |             setFilters(f => ({ ...f, [field]: e.target.value }))
          |             ^
      142 |             setPage(1)
      143 |         }
      144 |     }

      at printWarning 
(node_modules/react-dom/cjs/react-dom.development.js:86:30)
      at error (node_modules/react-dom/cjs/react-dom.development.js:60:7)
      at warnIfUpdatesNotWrappedWithActDEV 
(node_modules/react-dom/cjs/react-dom.development.js:27628:9)
      at scheduleUpdateOnFiber 
(node_modules/react-dom/cjs/react-dom.development.js:25547:5)
      at dispatchSetState 
(node_modules/react-dom/cjs/react-dom.development.js:16708:7)
      at src/settings/AccountAdministrationPage.tsx:141:13
      at HTMLUnknownElement.callCallback 
(node_modules/react-dom/cjs/react-dom.development.js:4164:14)
      at HTMLUnknownElement.callTheUserObjectsOperation 
(node_modules/jsdom/lib/jsdom/living/generated/EventListener.js:26:30)
      at innerInvokeEventListeners 
(node_modules/jsdom/lib/jsdom/living/events/EventTarget-impl.js:350:25)
      at invokeEventListeners 
(node_modules/jsdom/lib/jsdom/living/events/EventTarget-impl.js:286:3)
      at HTMLUnknownElementImpl._dispatch 
(node_modules/jsdom/lib/jsdom/living/events/EventTarget-impl.js:233:9)
      at HTMLUnknownElementImpl.dispatchEvent 
(node_modules/jsdom/lib/jsdom/living/events/EventTarget-impl.js:104:17)
      at HTMLUnknownElement.dispatchEvent 
(node_modules/jsdom/lib/jsdom/living/generated/EventTarget.js:241:34)
      at Object.invokeGuardedCallbackDev 
(node_modules/react-dom/cjs/react-dom.development.js:4213:16)
      at invokeGuardedCallback 
(node_modules/react-dom/cjs/react-dom.development.js:4277:31)
      at invokeGuardedCallbackAndCatchFirstError 
(node_modules/react-dom/cjs/react-dom.development.js:4291:25)
      at executeDispatch 
(node_modules/react-dom/cjs/react-dom.development.js:9041:3)
      at processDispatchQueueItemsInOrder 
(node_modules/react-dom/cjs/react-dom.development.js:9073:7)
      at processDispatchQueue 
(node_modules/react-dom/cjs/react-dom.development.js:9086:5)
      at dispatchEventsForPlugins 
(node_modules/react-dom/cjs/react-dom.development.js:9097:3)
      at node_modules/react-dom/cjs/react-dom.development.js:9288:12
      at batchedUpdates$1 
(node_modules/react-dom/cjs/react-dom.development.js:26179:12)
      at batchedUpdates 
(node_modules/react-dom/cjs/react-dom.development.js:3991:12)
      at dispatchEventForPluginEventSystem 
(node_modules/react-dom/cjs/react-dom.development.js:9287:3)
      at dispatchEventWithEnableCapturePhaseSelectiveHydrationWithoutDiscreteEv
entReplay (node_modules/react-dom/cjs/react-dom.development.js:6465:5)
      at dispatchEvent 
(node_modules/react-dom/cjs/react-dom.development.js:6457:5)
      at dispatchDiscreteEvent 
(node_modules/react-dom/cjs/react-dom.development.js:6430:5)
      at HTMLDivElement.callTheUserObjectsOperation 
(node_modules/jsdom/lib/jsdom/living/generated/EventListener.js:26:30)
      at innerInvokeEventListeners 
(node_modules/jsdom/lib/jsdom/living/events/EventTarget-impl.js:350:25)
      at invokeEventListeners 
(node_modules/jsdom/lib/jsdom/living/events/EventTarget-impl.js:286:3)
      at HTMLInputElementImpl._dispatch 
(node_modules/jsdom/lib/jsdom/living/events/EventTarget-impl.js:233:9)
      at HTMLInputElementImpl.dispatchEvent 
(node_modules/jsdom/lib/jsdom/living/events/EventTarget-impl.js:104:17)
      at HTMLInputElement.dispatchEvent 
(node_modules/jsdom/lib/jsdom/living/generated/EventTarget.js:241:34)
      at 
node_modules/@testing-library/user-event/dist/cjs/event/dispatchEvent.js:45:43
      at Object.eventWrapper 
(node_modules/@testing-library/dom/dist/config.js:25:23)
      at Object.wrapEvent 
(node_modules/@testing-library/user-event/dist/cjs/event/wrapEvent.js:6:28)
      at Object.dispatchEvent (node_modules/@testing-library/user-event/dist/cj
s/event/dispatchEvent.js:45:22)
      at Object.dispatchUIEvent (node_modules/@testing-library/user-event/dist/
cjs/event/dispatchEvent.js:22:26)
      at commitInput 
(node_modules/@testing-library/user-event/dist/cjs/event/input.js:145:14)
      at editInputElement 
(node_modules/@testing-library/user-event/dist/cjs/event/input.js:115:9)
      at Object.input 
(node_modules/@testing-library/user-event/dist/cjs/event/input.js:37:9)
      at node_modules/@testing-library/user-event/dist/cjs/event/behavior/keypr
ess.js:31:26
      at Object.dispatchEvent (node_modules/@testing-library/user-event/dist/cj
s/event/dispatchEvent.js:41:13)
      at Object.dispatchUIEvent (node_modules/@testing-library/user-event/dist/
cjs/event/dispatchEvent.js:22:26)
      at KeyboardHost.keydown 
(node_modules/@testing-library/user-event/dist/cjs/system/keyboard.js:76:22)
      at keyboardAction 
(node_modules/@testing-library/user-event/dist/cjs/keyboard/index.js:22:35)
      at Object.keyboard 
(node_modules/@testing-library/user-event/dist/cjs/keyboard/index.js:11:15)
      at Object.type 
(node_modules/@testing-library/user-event/dist/cjs/utility/type.js:17:5)
      at Object.<anonymous> 
(src/settings/__tests__/AccountAdministrationPage.test.tsx:276:9)

    console.error
      Warning: An update to AccountAdministrationPage inside a test was not 
wrapped in act(...).
      
      When testing, code that causes React state updates should be wrapped 
into act(...):
      
      act(() => {
        /* fire events that update state */
      });
      /* assert on the output */
      
      This ensures that you're testing the behavior the user would see in the 
browser. Learn more at https://reactjs.org/link/wrap-tests-with-act
          at AccountAdministrationPage (C:\Users\samhe\OneDrive\Desktop\Cleaned
\frontend\src\settings\AccountAdministrationPage.tsx:96:39)
          at basenameProp (C:\Users\samhe\OneDrive\Desktop\Cleaned\frontend\nod
e_modules\react-router\lib\components.tsx:421:13)
          at basename (C:\Users\samhe\OneDrive\Desktop\Cleaned\frontend\node_mo
dules\react-router\lib\components.tsx:225:3)

      140 |         return (e: React.ChangeEvent<HTMLInputElement | 
HTMLSelectElement>) => {
      141 |             setFilters(f => ({ ...f, [field]: e.target.value }))
    > 142 |             setPage(1)
          |             ^
      143 |         }
      144 |     }
      145 |

      at printWarning 
(node_modules/react-dom/cjs/react-dom.development.js:86:30)
      at error (node_modules/react-dom/cjs/react-dom.development.js:60:7)
      at warnIfUpdatesNotWrappedWithActDEV 
(node_modules/react-dom/cjs/react-dom.development.js:27628:9)
      at scheduleUpdateOnFiber 
(node_modules/react-dom/cjs/react-dom.development.js:25547:5)
      at dispatchSetState 
(node_modules/react-dom/cjs/react-dom.development.js:16708:7)
      at src/settings/AccountAdministrationPage.tsx:142:13
      at HTMLUnknownElement.callCallback 
(node_modules/react-dom/cjs/react-dom.development.js:4164:14)
      at HTMLUnknownElement.callTheUserObjectsOperation 
(node_modules/jsdom/lib/jsdom/living/generated/EventListener.js:26:30)
      at innerInvokeEventListeners 
(node_modules/jsdom/lib/jsdom/living/events/EventTarget-impl.js:350:25)
      at invokeEventListeners 
(node_modules/jsdom/lib/jsdom/living/events/EventTarget-impl.js:286:3)
      at HTMLUnknownElementImpl._dispatch 
(node_modules/jsdom/lib/jsdom/living/events/EventTarget-impl.js:233:9)
      at HTMLUnknownElementImpl.dispatchEvent 
(node_modules/jsdom/lib/jsdom/living/events/EventTarget-impl.js:104:17)
      at HTMLUnknownElement.dispatchEvent 
(node_modules/jsdom/lib/jsdom/living/generated/EventTarget.js:241:34)
      at Object.invokeGuardedCallbackDev 
(node_modules/react-dom/cjs/react-dom.development.js:4213:16)
      at invokeGuardedCallback 
(node_modules/react-dom/cjs/react-dom.development.js:4277:31)
      at invokeGuardedCallbackAndCatchFirstError 
(node_modules/react-dom/cjs/react-dom.development.js:4291:25)
      at executeDispatch 
(node_modules/react-dom/cjs/react-dom.development.js:9041:3)
      at processDispatchQueueItemsInOrder 
(node_modules/react-dom/cjs/react-dom.development.js:9073:7)
      at processDispatchQueue 
(node_modules/react-dom/cjs/react-dom.development.js:9086:5)
      at dispatchEventsForPlugins 
(node_modules/react-dom/cjs/react-dom.development.js:9097:3)
      at node_modules/react-dom/cjs/react-dom.development.js:9288:12
      at batchedUpdates$1 
(node_modules/react-dom/cjs/react-dom.development.js:26179:12)
      at batchedUpdates 
(node_modules/react-dom/cjs/react-dom.development.js:3991:12)
      at dispatchEventForPluginEventSystem 
(node_modules/react-dom/cjs/react-dom.development.js:9287:3)
      at dispatchEventWithEnableCapturePhaseSelectiveHydrationWithoutDiscreteEv
entReplay (node_modules/react-dom/cjs/react-dom.development.js:6465:5)
      at dispatchEvent 
(node_modules/react-dom/cjs/react-dom.development.js:6457:5)
      at dispatchDiscreteEvent 
(node_modules/react-dom/cjs/react-dom.development.js:6430:5)
      at HTMLDivElement.callTheUserObjectsOperation 
(node_modules/jsdom/lib/jsdom/living/generated/EventListener.js:26:30)
      at innerInvokeEventListeners 
(node_modules/jsdom/lib/jsdom/living/events/EventTarget-impl.js:350:25)
      at invokeEventListeners 
(node_modules/jsdom/lib/jsdom/living/events/EventTarget-impl.js:286:3)
      at HTMLInputElementImpl._dispatch 
(node_modules/jsdom/lib/jsdom/living/events/EventTarget-impl.js:233:9)
      at HTMLInputElementImpl.dispatchEvent 
(node_modules/jsdom/lib/jsdom/living/events/EventTarget-impl.js:104:17)
      at HTMLInputElement.dispatchEvent 
(node_modules/jsdom/lib/jsdom/living/generated/EventTarget.js:241:34)
      at 
node_modules/@testing-library/user-event/dist/cjs/event/dispatchEvent.js:45:43
      at Object.eventWrapper 
(node_modules/@testing-library/dom/dist/config.js:25:23)
      at Object.wrapEvent 
(node_modules/@testing-library/user-event/dist/cjs/event/wrapEvent.js:6:28)
      at Object.dispatchEvent (node_modules/@testing-library/user-event/dist/cj
s/event/dispatchEvent.js:45:22)
      at Object.dispatchUIEvent (node_modules/@testing-library/user-event/dist/
cjs/event/dispatchEvent.js:22:26)
      at commitInput 
(node_modules/@testing-library/user-event/dist/cjs/event/input.js:145:14)
      at editInputElement 
(node_modules/@testing-library/user-event/dist/cjs/event/input.js:115:9)
      at Object.input 
(node_modules/@testing-library/user-event/dist/cjs/event/input.js:37:9)
      at node_modules/@testing-library/user-event/dist/cjs/event/behavior/keypr
ess.js:31:26
      at Object.dispatchEvent (node_modules/@testing-library/user-event/dist/cj
s/event/dispatchEvent.js:41:13)
      at Object.dispatchUIEvent (node_modules/@testing-library/user-event/dist/
cjs/event/dispatchEvent.js:22:26)
      at KeyboardHost.keydown 
(node_modules/@testing-library/user-event/dist/cjs/system/keyboard.js:76:22)
      at keyboardAction 
(node_modules/@testing-library/user-event/dist/cjs/keyboard/index.js:22:35)
      at Object.keyboard 
(node_modules/@testing-library/user-event/dist/cjs/keyboard/index.js:11:15)
      at Object.type 
(node_modules/@testing-library/user-event/dist/cjs/utility/type.js:17:5)
      at Object.<anonymous> 
(src/settings/__tests__/AccountAdministrationPage.test.tsx:276:9)

    console.error
      Warning: An update to AccountAdministrationPage inside a test was not 
wrapped in act(...).
      
      When testing, code that causes React state updates should be wrapped 
into act(...):
      
      act(() => {
        /* fire events that update state */
      });
      /* assert on the output */
      
      This ensures that you're testing the behavior the user would see in the 
browser. Learn more at https://reactjs.org/link/wrap-tests-with-act
          at AccountAdministrationPage (C:\Users\samhe\OneDrive\Desktop\Cleaned
\frontend\src\settings\AccountAdministrationPage.tsx:96:39)
          at basenameProp (C:\Users\samhe\OneDrive\Desktop\Cleaned\frontend\nod
e_modules\react-router\lib\components.tsx:421:13)
          at basename (C:\Users\samhe\OneDrive\Desktop\Cleaned\frontend\node_mo
dules\react-router\lib\components.tsx:225:3)

      139 |     function setFilter(field: keyof Filters) {
      140 |         return (e: React.ChangeEvent<HTMLInputElement | 
HTMLSelectElement>) => {
    > 141 |             setFilters(f => ({ ...f, [field]: e.target.value }))
          |             ^
      142 |             setPage(1)
      143 |         }
      144 |     }

      at printWarning 
(node_modules/react-dom/cjs/react-dom.development.js:86:30)
      at error (node_modules/react-dom/cjs/react-dom.development.js:60:7)
      at warnIfUpdatesNotWrappedWithActDEV 
(node_modules/react-dom/cjs/react-dom.development.js:27628:9)
      at scheduleUpdateOnFiber 
(node_modules/react-dom/cjs/react-dom.development.js:25547:5)
      at dispatchSetState 
(node_modules/react-dom/cjs/react-dom.development.js:16708:7)
      at src/settings/AccountAdministrationPage.tsx:141:13
      at HTMLUnknownElement.callCallback 
(node_modules/react-dom/cjs/react-dom.development.js:4164:14)
      at HTMLUnknownElement.callTheUserObjectsOperation 
(node_modules/jsdom/lib/jsdom/living/generated/EventListener.js:26:30)
      at innerInvokeEventListeners 
(node_modules/jsdom/lib/jsdom/living/events/EventTarget-impl.js:350:25)
      at invokeEventListeners 
(node_modules/jsdom/lib/jsdom/living/events/EventTarget-impl.js:286:3)
      at HTMLUnknownElementImpl._dispatch 
(node_modules/jsdom/lib/jsdom/living/events/EventTarget-impl.js:233:9)
      at HTMLUnknownElementImpl.dispatchEvent 
(node_modules/jsdom/lib/jsdom/living/events/EventTarget-impl.js:104:17)
      at HTMLUnknownElement.dispatchEvent 
(node_modules/jsdom/lib/jsdom/living/generated/EventTarget.js:241:34)
      at Object.invokeGuardedCallbackDev 
(node_modules/react-dom/cjs/react-dom.development.js:4213:16)
      at invokeGuardedCallback 
(node_modules/react-dom/cjs/react-dom.development.js:4277:31)
      at invokeGuardedCallbackAndCatchFirstError 
(node_modules/react-dom/cjs/react-dom.development.js:4291:25)
      at executeDispatch 
(node_modules/react-dom/cjs/react-dom.development.js:9041:3)
      at processDispatchQueueItemsInOrder 
(node_modules/react-dom/cjs/react-dom.development.js:9073:7)
      at processDispatchQueue 
(node_modules/react-dom/cjs/react-dom.development.js:9086:5)
      at dispatchEventsForPlugins 
(node_modules/react-dom/cjs/react-dom.development.js:9097:3)
      at node_modules/react-dom/cjs/react-dom.development.js:9288:12
      at batchedUpdates$1 
(node_modules/react-dom/cjs/react-dom.development.js:26179:12)
      at batchedUpdates 
(node_modules/react-dom/cjs/react-dom.development.js:3991:12)
      at dispatchEventForPluginEventSystem 
(node_modules/react-dom/cjs/react-dom.development.js:9287:3)
      at dispatchEventWithEnableCapturePhaseSelectiveHydrationWithoutDiscreteEv
entReplay (node_modules/react-dom/cjs/react-dom.development.js:6465:5)
      at dispatchEvent 
(node_modules/react-dom/cjs/react-dom.development.js:6457:5)
      at dispatchDiscreteEvent 
(node_modules/react-dom/cjs/react-dom.development.js:6430:5)
      at HTMLDivElement.callTheUserObjectsOperation 
(node_modules/jsdom/lib/jsdom/living/generated/EventListener.js:26:30)
      at innerInvokeEventListeners 
(node_modules/jsdom/lib/jsdom/living/events/EventTarget-impl.js:350:25)
      at invokeEventListeners 
(node_modules/jsdom/lib/jsdom/living/events/EventTarget-impl.js:286:3)
      at HTMLSelectElementImpl._dispatch 
(node_modules/jsdom/lib/jsdom/living/events/EventTarget-impl.js:233:9)
      at HTMLSelectElementImpl.dispatchEvent 
(node_modules/jsdom/lib/jsdom/living/events/EventTarget-impl.js:104:17)
      at Proxy.dispatchEvent 
(node_modules/jsdom/lib/jsdom/living/generated/EventTarget.js:241:34)
      at 
node_modules/@testing-library/user-event/dist/cjs/event/dispatchEvent.js:45:43
      at Object.eventWrapper 
(node_modules/@testing-library/dom/dist/config.js:25:23)
      at Object.wrapEvent 
(node_modules/@testing-library/user-event/dist/cjs/event/wrapEvent.js:6:28)
      at Object.dispatchEvent (node_modules/@testing-library/user-event/dist/cj
s/event/dispatchEvent.js:45:22)
      at Object.dispatchUIEvent (node_modules/@testing-library/user-event/dist/
cjs/event/dispatchEvent.js:22:26)
      at selectOption (node_modules/@testing-library/user-event/dist/cjs/utilit
y/selectOptions.js:51:14)
      at Object.selectOptionsBase (node_modules/@testing-library/user-event/dis
t/cjs/utility/selectOptions.js:87:13)
      at Object.<anonymous> 
(src/settings/__tests__/AccountAdministrationPage.test.tsx:291:9)

    console.error
      Warning: An update to AccountAdministrationPage inside a test was not 
wrapped in act(...).
      
      When testing, code that causes React state updates should be wrapped 
into act(...):
      
      act(() => {
        /* fire events that update state */
      });
      /* assert on the output */
      
      This ensures that you're testing the behavior the user would see in the 
browser. Learn more at https://reactjs.org/link/wrap-tests-with-act
          at AccountAdministrationPage (C:\Users\samhe\OneDrive\Desktop\Cleaned
\frontend\src\settings\AccountAdministrationPage.tsx:96:39)
          at basenameProp (C:\Users\samhe\OneDrive\Desktop\Cleaned\frontend\nod
e_modules\react-router\lib\components.tsx:421:13)
          at basename (C:\Users\samhe\OneDrive\Desktop\Cleaned\frontend\node_mo
dules\react-router\lib\components.tsx:225:3)

      140 |         return (e: React.ChangeEvent<HTMLInputElement | 
HTMLSelectElement>) => {
      141 |             setFilters(f => ({ ...f, [field]: e.target.value }))
    > 142 |             setPage(1)
          |             ^
      143 |         }
      144 |     }
      145 |

      at printWarning 
(node_modules/react-dom/cjs/react-dom.development.js:86:30)
      at error (node_modules/react-dom/cjs/react-dom.development.js:60:7)
      at warnIfUpdatesNotWrappedWithActDEV 
(node_modules/react-dom/cjs/react-dom.development.js:27628:9)
      at scheduleUpdateOnFiber 
(node_modules/react-dom/cjs/react-dom.development.js:25547:5)
      at dispatchSetState 
(node_modules/react-dom/cjs/react-dom.development.js:16708:7)
      at src/settings/AccountAdministrationPage.tsx:142:13
      at HTMLUnknownElement.callCallback 
(node_modules/react-dom/cjs/react-dom.development.js:4164:14)
      at HTMLUnknownElement.callTheUserObjectsOperation 
(node_modules/jsdom/lib/jsdom/living/generated/EventListener.js:26:30)
      at innerInvokeEventListeners 
(node_modules/jsdom/lib/jsdom/living/events/EventTarget-impl.js:350:25)
      at invokeEventListeners 
(node_modules/jsdom/lib/jsdom/living/events/EventTarget-impl.js:286:3)
      at HTMLUnknownElementImpl._dispatch 
(node_modules/jsdom/lib/jsdom/living/events/EventTarget-impl.js:233:9)
      at HTMLUnknownElementImpl.dispatchEvent 
(node_modules/jsdom/lib/jsdom/living/events/EventTarget-impl.js:104:17)
      at HTMLUnknownElement.dispatchEvent 
(node_modules/jsdom/lib/jsdom/living/generated/EventTarget.js:241:34)
      at Object.invokeGuardedCallbackDev 
(node_modules/react-dom/cjs/react-dom.development.js:4213:16)
      at invokeGuardedCallback 
(node_modules/react-dom/cjs/react-dom.development.js:4277:31)
      at invokeGuardedCallbackAndCatchFirstError 
(node_modules/react-dom/cjs/react-dom.development.js:4291:25)
      at executeDispatch 
(node_modules/react-dom/cjs/react-dom.development.js:9041:3)
      at processDispatchQueueItemsInOrder 
(node_modules/react-dom/cjs/react-dom.development.js:9073:7)
      at processDispatchQueue 
(node_modules/react-dom/cjs/react-dom.development.js:9086:5)
      at dispatchEventsForPlugins 
(node_modules/react-dom/cjs/react-dom.development.js:9097:3)
      at node_modules/react-dom/cjs/react-dom.development.js:9288:12
      at batchedUpdates$1 
(node_modules/react-dom/cjs/react-dom.development.js:26179:12)
      at batchedUpdates 
(node_modules/react-dom/cjs/react-dom.development.js:3991:12)
      at dispatchEventForPluginEventSystem 
(node_modules/react-dom/cjs/react-dom.development.js:9287:3)
      at dispatchEventWithEnableCapturePhaseSelectiveHydrationWithoutDiscreteEv
entReplay (node_modules/react-dom/cjs/react-dom.development.js:6465:5)
      at dispatchEvent 
(node_modules/react-dom/cjs/react-dom.development.js:6457:5)
      at dispatchDiscreteEvent 
(node_modules/react-dom/cjs/react-dom.development.js:6430:5)
      at HTMLDivElement.callTheUserObjectsOperation 
(node_modules/jsdom/lib/jsdom/living/generated/EventListener.js:26:30)
      at innerInvokeEventListeners 
(node_modules/jsdom/lib/jsdom/living/events/EventTarget-impl.js:350:25)
      at invokeEventListeners 
(node_modules/jsdom/lib/jsdom/living/events/EventTarget-impl.js:286:3)
      at HTMLSelectElementImpl._dispatch 
(node_modules/jsdom/lib/jsdom/living/events/EventTarget-impl.js:233:9)
      at HTMLSelectElementImpl.dispatchEvent 
(node_modules/jsdom/lib/jsdom/living/events/EventTarget-impl.js:104:17)
      at Proxy.dispatchEvent 
(node_modules/jsdom/lib/jsdom/living/generated/EventTarget.js:241:34)
      at 
node_modules/@testing-library/user-event/dist/cjs/event/dispatchEvent.js:45:43
      at Object.eventWrapper 
(node_modules/@testing-library/dom/dist/config.js:25:23)
      at Object.wrapEvent 
(node_modules/@testing-library/user-event/dist/cjs/event/wrapEvent.js:6:28)
      at Object.dispatchEvent (node_modules/@testing-library/user-event/dist/cj
s/event/dispatchEvent.js:45:22)
      at Object.dispatchUIEvent (node_modules/@testing-library/user-event/dist/
cjs/event/dispatchEvent.js:22:26)
      at selectOption (node_modules/@testing-library/user-event/dist/cjs/utilit
y/selectOptions.js:51:14)
      at Object.selectOptionsBase (node_modules/@testing-library/user-event/dis
t/cjs/utility/selectOptions.js:87:13)
      at Object.<anonymous> 
(src/settings/__tests__/AccountAdministrationPage.test.tsx:291:9)

    console.error
      Warning: An update to AccountAdministrationPage inside a test was not 
wrapped in act(...).
      
      When testing, code that causes React state updates should be wrapped 
into act(...):
      
      act(() => {
        /* fire events that update state */
      });
      /* assert on the output */
      
      This ensures that you're testing the behavior the user would see in the 
browser. Learn more at https://reactjs.org/link/wrap-tests-with-act
          at AccountAdministrationPage (C:\Users\samhe\OneDrive\Desktop\Cleaned
\frontend\src\settings\AccountAdministrationPage.tsx:96:39)
          at basenameProp (C:\Users\samhe\OneDrive\Desktop\Cleaned\frontend\nod
e_modules\react-router\lib\components.tsx:421:13)
          at basename (C:\Users\samhe\OneDrive\Desktop\Cleaned\frontend\node_mo
dules\react-router\lib\components.tsx:225:3)

      139 |     function setFilter(field: keyof Filters) {
      140 |         return (e: React.ChangeEvent<HTMLInputElement | 
HTMLSelectElement>) => {
    > 141 |             setFilters(f => ({ ...f, [field]: e.target.value }))
          |             ^
      142 |             setPage(1)
      143 |         }
      144 |     }

      at printWarning 
(node_modules/react-dom/cjs/react-dom.development.js:86:30)
      at error (node_modules/react-dom/cjs/react-dom.development.js:60:7)
      at warnIfUpdatesNotWrappedWithActDEV 
(node_modules/react-dom/cjs/react-dom.development.js:27628:9)
      at scheduleUpdateOnFiber 
(node_modules/react-dom/cjs/react-dom.development.js:25547:5)
      at dispatchSetState 
(node_modules/react-dom/cjs/react-dom.development.js:16708:7)
      at src/settings/AccountAdministrationPage.tsx:141:13
      at HTMLUnknownElement.callCallback 
(node_modules/react-dom/cjs/react-dom.development.js:4164:14)
      at HTMLUnknownElement.callTheUserObjectsOperation 
(node_modules/jsdom/lib/jsdom/living/generated/EventListener.js:26:30)
      at innerInvokeEventListeners 
(node_modules/jsdom/lib/jsdom/living/events/EventTarget-impl.js:350:25)
      at invokeEventListeners 
(node_modules/jsdom/lib/jsdom/living/events/EventTarget-impl.js:286:3)
      at HTMLUnknownElementImpl._dispatch 
(node_modules/jsdom/lib/jsdom/living/events/EventTarget-impl.js:233:9)
      at HTMLUnknownElementImpl.dispatchEvent 
(node_modules/jsdom/lib/jsdom/living/events/EventTarget-impl.js:104:17)
      at HTMLUnknownElement.dispatchEvent 
(node_modules/jsdom/lib/jsdom/living/generated/EventTarget.js:241:34)
      at Object.invokeGuardedCallbackDev 
(node_modules/react-dom/cjs/react-dom.development.js:4213:16)
      at invokeGuardedCallback 
(node_modules/react-dom/cjs/react-dom.development.js:4277:31)
      at invokeGuardedCallbackAndCatchFirstError 
(node_modules/react-dom/cjs/react-dom.development.js:4291:25)
      at executeDispatch 
(node_modules/react-dom/cjs/react-dom.development.js:9041:3)
      at processDispatchQueueItemsInOrder 
(node_modules/react-dom/cjs/react-dom.development.js:9073:7)
      at processDispatchQueue 
(node_modules/react-dom/cjs/react-dom.development.js:9086:5)
      at dispatchEventsForPlugins 
(node_modules/react-dom/cjs/react-dom.development.js:9097:3)
      at node_modules/react-dom/cjs/react-dom.development.js:9288:12
      at batchedUpdates$1 
(node_modules/react-dom/cjs/react-dom.development.js:26179:12)
      at batchedUpdates 
(node_modules/react-dom/cjs/react-dom.development.js:3991:12)
      at dispatchEventForPluginEventSystem 
(node_modules/react-dom/cjs/react-dom.development.js:9287:3)
      at dispatchEventWithEnableCapturePhaseSelectiveHydrationWithoutDiscreteEv
entReplay (node_modules/react-dom/cjs/react-dom.development.js:6465:5)
      at dispatchEvent 
(node_modules/react-dom/cjs/react-dom.development.js:6457:5)
      at dispatchDiscreteEvent 
(node_modules/react-dom/cjs/react-dom.development.js:6430:5)
      at HTMLDivElement.callTheUserObjectsOperation 
(node_modules/jsdom/lib/jsdom/living/generated/EventListener.js:26:30)
      at innerInvokeEventListeners 
(node_modules/jsdom/lib/jsdom/living/events/EventTarget-impl.js:350:25)
      at invokeEventListeners 
(node_modules/jsdom/lib/jsdom/living/events/EventTarget-impl.js:286:3)
      at HTMLSelectElementImpl._dispatch 
(node_modules/jsdom/lib/jsdom/living/events/EventTarget-impl.js:233:9)
      at HTMLSelectElementImpl.dispatchEvent 
(node_modules/jsdom/lib/jsdom/living/events/EventTarget-impl.js:104:17)
      at Proxy.dispatchEvent 
(node_modules/jsdom/lib/jsdom/living/generated/EventTarget.js:241:34)
      at 
node_modules/@testing-library/user-event/dist/cjs/event/dispatchEvent.js:45:43
      at Object.eventWrapper 
(node_modules/@testing-library/dom/dist/config.js:25:23)
      at Object.wrapEvent 
(node_modules/@testing-library/user-event/dist/cjs/event/wrapEvent.js:6:28)
      at Object.dispatchEvent (node_modules/@testing-library/user-event/dist/cj
s/event/dispatchEvent.js:45:22)
      at Object.dispatchUIEvent (node_modules/@testing-library/user-event/dist/
cjs/event/dispatchEvent.js:22:26)
      at selectOption (node_modules/@testing-library/user-event/dist/cjs/utilit
y/selectOptions.js:51:14)
      at Object.selectOptionsBase (node_modules/@testing-library/user-event/dis
t/cjs/utility/selectOptions.js:87:13)
      at Object.<anonymous> 
(src/settings/__tests__/AccountAdministrationPage.test.tsx:304:9)

    console.error
      Warning: An update to AccountAdministrationPage inside a test was not 
wrapped in act(...).
      
      When testing, code that causes React state updates should be wrapped 
into act(...):
      
      act(() => {
        /* fire events that update state */
      });
      /* assert on the output */
      
      This ensures that you're testing the behavior the user would see in the 
browser. Learn more at https://reactjs.org/link/wrap-tests-with-act
          at AccountAdministrationPage (C:\Users\samhe\OneDrive\Desktop\Cleaned
\frontend\src\settings\AccountAdministrationPage.tsx:96:39)
          at basenameProp (C:\Users\samhe\OneDrive\Desktop\Cleaned\frontend\nod
e_modules\react-router\lib\components.tsx:421:13)
          at basename (C:\Users\samhe\OneDrive\Desktop\Cleaned\frontend\node_mo
dules\react-router\lib\components.tsx:225:3)

      140 |         return (e: React.ChangeEvent<HTMLInputElement | 
HTMLSelectElement>) => {
      141 |             setFilters(f => ({ ...f, [field]: e.target.value }))
    > 142 |             setPage(1)
          |             ^
      143 |         }
      144 |     }
      145 |

      at printWarning 
(node_modules/react-dom/cjs/react-dom.development.js:86:30)
      at error (node_modules/react-dom/cjs/react-dom.development.js:60:7)
      at warnIfUpdatesNotWrappedWithActDEV 
(node_modules/react-dom/cjs/react-dom.development.js:27628:9)
      at scheduleUpdateOnFiber 
(node_modules/react-dom/cjs/react-dom.development.js:25547:5)
      at dispatchSetState 
(node_modules/react-dom/cjs/react-dom.development.js:16708:7)
      at src/settings/AccountAdministrationPage.tsx:142:13
      at HTMLUnknownElement.callCallback 
(node_modules/react-dom/cjs/react-dom.development.js:4164:14)
      at HTMLUnknownElement.callTheUserObjectsOperation 
(node_modules/jsdom/lib/jsdom/living/generated/EventListener.js:26:30)
      at innerInvokeEventListeners 
(node_modules/jsdom/lib/jsdom/living/events/EventTarget-impl.js:350:25)
      at invokeEventListeners 
(node_modules/jsdom/lib/jsdom/living/events/EventTarget-impl.js:286:3)
      at HTMLUnknownElementImpl._dispatch 
(node_modules/jsdom/lib/jsdom/living/events/EventTarget-impl.js:233:9)
      at HTMLUnknownElementImpl.dispatchEvent 
(node_modules/jsdom/lib/jsdom/living/events/EventTarget-impl.js:104:17)
      at HTMLUnknownElement.dispatchEvent 
(node_modules/jsdom/lib/jsdom/living/generated/EventTarget.js:241:34)
      at Object.invokeGuardedCallbackDev 
(node_modules/react-dom/cjs/react-dom.development.js:4213:16)
      at invokeGuardedCallback 
(node_modules/react-dom/cjs/react-dom.development.js:4277:31)
      at invokeGuardedCallbackAndCatchFirstError 
(node_modules/react-dom/cjs/react-dom.development.js:4291:25)
      at executeDispatch 
(node_modules/react-dom/cjs/react-dom.development.js:9041:3)
      at processDispatchQueueItemsInOrder 
(node_modules/react-dom/cjs/react-dom.development.js:9073:7)
      at processDispatchQueue 
(node_modules/react-dom/cjs/react-dom.development.js:9086:5)
      at dispatchEventsForPlugins 
(node_modules/react-dom/cjs/react-dom.development.js:9097:3)
      at node_modules/react-dom/cjs/react-dom.development.js:9288:12
      at batchedUpdates$1 
(node_modules/react-dom/cjs/react-dom.development.js:26179:12)
      at batchedUpdates 
(node_modules/react-dom/cjs/react-dom.development.js:3991:12)
      at dispatchEventForPluginEventSystem 
(node_modules/react-dom/cjs/react-dom.development.js:9287:3)
      at dispatchEventWithEnableCapturePhaseSelectiveHydrationWithoutDiscreteEv
entReplay (node_modules/react-dom/cjs/react-dom.development.js:6465:5)
      at dispatchEvent 
(node_modules/react-dom/cjs/react-dom.development.js:6457:5)
      at dispatchDiscreteEvent 
(node_modules/react-dom/cjs/react-dom.development.js:6430:5)
      at HTMLDivElement.callTheUserObjectsOperation 
(node_modules/jsdom/lib/jsdom/living/generated/EventListener.js:26:30)
      at innerInvokeEventListeners 
(node_modules/jsdom/lib/jsdom/living/events/EventTarget-impl.js:350:25)
      at invokeEventListeners 
(node_modules/jsdom/lib/jsdom/living/events/EventTarget-impl.js:286:3)
      at HTMLSelectElementImpl._dispatch 
(node_modules/jsdom/lib/jsdom/living/events/EventTarget-impl.js:233:9)
      at HTMLSelectElementImpl.dispatchEvent 
(node_modules/jsdom/lib/jsdom/living/events/EventTarget-impl.js:104:17)
      at Proxy.dispatchEvent 
(node_modules/jsdom/lib/jsdom/living/generated/EventTarget.js:241:34)
      at 
node_modules/@testing-library/user-event/dist/cjs/event/dispatchEvent.js:45:43
      at Object.eventWrapper 
(node_modules/@testing-library/dom/dist/config.js:25:23)
      at Object.wrapEvent 
(node_modules/@testing-library/user-event/dist/cjs/event/wrapEvent.js:6:28)
      at Object.dispatchEvent (node_modules/@testing-library/user-event/dist/cj
s/event/dispatchEvent.js:45:22)
      at Object.dispatchUIEvent (node_modules/@testing-library/user-event/dist/
cjs/event/dispatchEvent.js:22:26)
      at selectOption (node_modules/@testing-library/user-event/dist/cjs/utilit
y/selectOptions.js:51:14)
      at Object.selectOptionsBase (node_modules/@testing-library/user-event/dis
t/cjs/utility/selectOptions.js:87:13)
      at Object.<anonymous> 
(src/settings/__tests__/AccountAdministrationPage.test.tsx:304:9)

    console.error
      Warning: An update to AccountAdministrationPage inside a test was not 
wrapped in act(...).
      
      When testing, code that causes React state updates should be wrapped 
into act(...):
      
      act(() => {
        /* fire events that update state */
      });
      /* assert on the output */
      
      This ensures that you're testing the behavior the user would see in the 
browser. Learn more at https://reactjs.org/link/wrap-tests-with-act
          at AccountAdministrationPage (C:\Users\samhe\OneDrive\Desktop\Cleaned
\frontend\src\settings\AccountAdministrationPage.tsx:96:39)
          at basenameProp (C:\Users\samhe\OneDrive\Desktop\Cleaned\frontend\nod
e_modules\react-router\lib\components.tsx:421:13)
          at basename (C:\Users\samhe\OneDrive\Desktop\Cleaned\frontend\node_mo
dules\react-router\lib\components.tsx:225:3)

      139 |     function setFilter(field: keyof Filters) {
      140 |         return (e: React.ChangeEvent<HTMLInputElement | 
HTMLSelectElement>) => {
    > 141 |             setFilters(f => ({ ...f, [field]: e.target.value }))
          |             ^
      142 |             setPage(1)
      143 |         }
      144 |     }

      at printWarning 
(node_modules/react-dom/cjs/react-dom.development.js:86:30)
      at error (node_modules/react-dom/cjs/react-dom.development.js:60:7)
      at warnIfUpdatesNotWrappedWithActDEV 
(node_modules/react-dom/cjs/react-dom.development.js:27628:9)
      at scheduleUpdateOnFiber 
(node_modules/react-dom/cjs/react-dom.development.js:25547:5)
      at dispatchSetState 
(node_modules/react-dom/cjs/react-dom.development.js:16708:7)
      at src/settings/AccountAdministrationPage.tsx:141:13
      at HTMLUnknownElement.callCallback 
(node_modules/react-dom/cjs/react-dom.development.js:4164:14)
      at HTMLUnknownElement.callTheUserObjectsOperation 
(node_modules/jsdom/lib/jsdom/living/generated/EventListener.js:26:30)
      at innerInvokeEventListeners 
(node_modules/jsdom/lib/jsdom/living/events/EventTarget-impl.js:350:25)
      at invokeEventListeners 
(node_modules/jsdom/lib/jsdom/living/events/EventTarget-impl.js:286:3)
      at HTMLUnknownElementImpl._dispatch 
(node_modules/jsdom/lib/jsdom/living/events/EventTarget-impl.js:233:9)
      at HTMLUnknownElementImpl.dispatchEvent 
(node_modules/jsdom/lib/jsdom/living/events/EventTarget-impl.js:104:17)
      at HTMLUnknownElement.dispatchEvent 
(node_modules/jsdom/lib/jsdom/living/generated/EventTarget.js:241:34)
      at Object.invokeGuardedCallbackDev 
(node_modules/react-dom/cjs/react-dom.development.js:4213:16)
      at invokeGuardedCallback 
(node_modules/react-dom/cjs/react-dom.development.js:4277:31)
      at invokeGuardedCallbackAndCatchFirstError 
(node_modules/react-dom/cjs/react-dom.development.js:4291:25)
      at executeDispatch 
(node_modules/react-dom/cjs/react-dom.development.js:9041:3)
      at processDispatchQueueItemsInOrder 
(node_modules/react-dom/cjs/react-dom.development.js:9073:7)
      at processDispatchQueue 
(node_modules/react-dom/cjs/react-dom.development.js:9086:5)
      at dispatchEventsForPlugins 
(node_modules/react-dom/cjs/react-dom.development.js:9097:3)
      at node_modules/react-dom/cjs/react-dom.development.js:9288:12
      at batchedUpdates$1 
(node_modules/react-dom/cjs/react-dom.development.js:26179:12)
      at batchedUpdates 
(node_modules/react-dom/cjs/react-dom.development.js:3991:12)
      at dispatchEventForPluginEventSystem 
(node_modules/react-dom/cjs/react-dom.development.js:9287:3)
      at dispatchEventWithEnableCapturePhaseSelectiveHydrationWithoutDiscreteEv
entReplay (node_modules/react-dom/cjs/react-dom.development.js:6465:5)
      at dispatchEvent 
(node_modules/react-dom/cjs/react-dom.development.js:6457:5)
      at dispatchDiscreteEvent 
(node_modules/react-dom/cjs/react-dom.development.js:6430:5)
      at HTMLDivElement.callTheUserObjectsOperation 
(node_modules/jsdom/lib/jsdom/living/generated/EventListener.js:26:30)
      at innerInvokeEventListeners 
(node_modules/jsdom/lib/jsdom/living/events/EventTarget-impl.js:350:25)
      at invokeEventListeners 
(node_modules/jsdom/lib/jsdom/living/events/EventTarget-impl.js:286:3)
      at HTMLInputElementImpl._dispatch 
(node_modules/jsdom/lib/jsdom/living/events/EventTarget-impl.js:233:9)
      at HTMLInputElementImpl.dispatchEvent 
(node_modules/jsdom/lib/jsdom/living/events/EventTarget-impl.js:104:17)
      at HTMLInputElement.dispatchEvent 
(node_modules/jsdom/lib/jsdom/living/generated/EventTarget.js:241:34)
      at 
node_modules/@testing-library/user-event/dist/cjs/event/dispatchEvent.js:45:43
      at Object.eventWrapper 
(node_modules/@testing-library/dom/dist/config.js:25:23)
      at Object.wrapEvent 
(node_modules/@testing-library/user-event/dist/cjs/event/wrapEvent.js:6:28)
      at Object.dispatchEvent (node_modules/@testing-library/user-event/dist/cj
s/event/dispatchEvent.js:45:22)
      at Object.dispatchUIEvent (node_modules/@testing-library/user-event/dist/
cjs/event/dispatchEvent.js:22:26)
      at commitInput 
(node_modules/@testing-library/user-event/dist/cjs/event/input.js:145:14)
      at editInputElement 
(node_modules/@testing-library/user-event/dist/cjs/event/input.js:115:9)
      at Object.input 
(node_modules/@testing-library/user-event/dist/cjs/event/input.js:37:9)
      at node_modules/@testing-library/user-event/dist/cjs/event/behavior/keypr
ess.js:31:26
      at Object.dispatchEvent (node_modules/@testing-library/user-event/dist/cj
s/event/dispatchEvent.js:41:13)
      at Object.dispatchUIEvent (node_modules/@testing-library/user-event/dist/
cjs/event/dispatchEvent.js:22:26)
      at KeyboardHost.keydown 
(node_modules/@testing-library/user-event/dist/cjs/system/keyboard.js:76:22)
      at keyboardAction 
(node_modules/@testing-library/user-event/dist/cjs/keyboard/index.js:22:35)
      at Object.keyboard 
(node_modules/@testing-library/user-event/dist/cjs/keyboard/index.js:11:15)
      at Object.type 
(node_modules/@testing-library/user-event/dist/cjs/utility/type.js:17:5)
      at Object.<anonymous> 
(src/settings/__tests__/AccountAdministrationPage.test.tsx:317:9)

    console.error
      Warning: An update to AccountAdministrationPage inside a test was not 
wrapped in act(...).
      
      When testing, code that causes React state updates should be wrapped 
into act(...):
      
      act(() => {
        /* fire events that update state */
      });
      /* assert on the output */
      
      This ensures that you're testing the behavior the user would see in the 
browser. Learn more at https://reactjs.org/link/wrap-tests-with-act
          at AccountAdministrationPage (C:\Users\samhe\OneDrive\Desktop\Cleaned
\frontend\src\settings\AccountAdministrationPage.tsx:96:39)
          at basenameProp (C:\Users\samhe\OneDrive\Desktop\Cleaned\frontend\nod
e_modules\react-router\lib\components.tsx:421:13)
          at basename (C:\Users\samhe\OneDrive\Desktop\Cleaned\frontend\node_mo
dules\react-router\lib\components.tsx:225:3)

      140 |         return (e: React.ChangeEvent<HTMLInputElement | 
HTMLSelectElement>) => {
      141 |             setFilters(f => ({ ...f, [field]: e.target.value }))
    > 142 |             setPage(1)
          |             ^
      143 |         }
      144 |     }
      145 |

      at printWarning 
(node_modules/react-dom/cjs/react-dom.development.js:86:30)
      at error (node_modules/react-dom/cjs/react-dom.development.js:60:7)
      at warnIfUpdatesNotWrappedWithActDEV 
(node_modules/react-dom/cjs/react-dom.development.js:27628:9)
      at scheduleUpdateOnFiber 
(node_modules/react-dom/cjs/react-dom.development.js:25547:5)
      at dispatchSetState 
(node_modules/react-dom/cjs/react-dom.development.js:16708:7)
      at src/settings/AccountAdministrationPage.tsx:142:13
      at HTMLUnknownElement.callCallback 
(node_modules/react-dom/cjs/react-dom.development.js:4164:14)
      at HTMLUnknownElement.callTheUserObjectsOperation 
(node_modules/jsdom/lib/jsdom/living/generated/EventListener.js:26:30)
      at innerInvokeEventListeners 
(node_modules/jsdom/lib/jsdom/living/events/EventTarget-impl.js:350:25)
      at invokeEventListeners 
(node_modules/jsdom/lib/jsdom/living/events/EventTarget-impl.js:286:3)
      at HTMLUnknownElementImpl._dispatch 
(node_modules/jsdom/lib/jsdom/living/events/EventTarget-impl.js:233:9)
      at HTMLUnknownElementImpl.dispatchEvent 
(node_modules/jsdom/lib/jsdom/living/events/EventTarget-impl.js:104:17)
      at HTMLUnknownElement.dispatchEvent 
(node_modules/jsdom/lib/jsdom/living/generated/EventTarget.js:241:34)
      at Object.invokeGuardedCallbackDev 
(node_modules/react-dom/cjs/react-dom.development.js:4213:16)
      at invokeGuardedCallback 
(node_modules/react-dom/cjs/react-dom.development.js:4277:31)
      at invokeGuardedCallbackAndCatchFirstError 
(node_modules/react-dom/cjs/react-dom.development.js:4291:25)
      at executeDispatch 
(node_modules/react-dom/cjs/react-dom.development.js:9041:3)
      at processDispatchQueueItemsInOrder 
(node_modules/react-dom/cjs/react-dom.development.js:9073:7)
      at processDispatchQueue 
(node_modules/react-dom/cjs/react-dom.development.js:9086:5)
      at dispatchEventsForPlugins 
(node_modules/react-dom/cjs/react-dom.development.js:9097:3)
      at node_modules/react-dom/cjs/react-dom.development.js:9288:12
      at batchedUpdates$1 
(node_modules/react-dom/cjs/react-dom.development.js:26179:12)
      at batchedUpdates 
(node_modules/react-dom/cjs/react-dom.development.js:3991:12)
      at dispatchEventForPluginEventSystem 
(node_modules/react-dom/cjs/react-dom.development.js:9287:3)
      at dispatchEventWithEnableCapturePhaseSelectiveHydrationWithoutDiscreteEv
entReplay (node_modules/react-dom/cjs/react-dom.development.js:6465:5)
      at dispatchEvent 
(node_modules/react-dom/cjs/react-dom.development.js:6457:5)
      at dispatchDiscreteEvent 
(node_modules/react-dom/cjs/react-dom.development.js:6430:5)
      at HTMLDivElement.callTheUserObjectsOperation 
(node_modules/jsdom/lib/jsdom/living/generated/EventListener.js:26:30)
      at innerInvokeEventListeners 
(node_modules/jsdom/lib/jsdom/living/events/EventTarget-impl.js:350:25)
      at invokeEventListeners 
(node_modules/jsdom/lib/jsdom/living/events/EventTarget-impl.js:286:3)
      at HTMLInputElementImpl._dispatch 
(node_modules/jsdom/lib/jsdom/living/events/EventTarget-impl.js:233:9)
      at HTMLInputElementImpl.dispatchEvent 
(node_modules/jsdom/lib/jsdom/living/events/EventTarget-impl.js:104:17)
      at HTMLInputElement.dispatchEvent 
(node_modules/jsdom/lib/jsdom/living/generated/EventTarget.js:241:34)
      at 
node_modules/@testing-library/user-event/dist/cjs/event/dispatchEvent.js:45:43
      at Object.eventWrapper 
(node_modules/@testing-library/dom/dist/config.js:25:23)
      at Object.wrapEvent 
(node_modules/@testing-library/user-event/dist/cjs/event/wrapEvent.js:6:28)
      at Object.dispatchEvent (node_modules/@testing-library/user-event/dist/cj
s/event/dispatchEvent.js:45:22)
      at Object.dispatchUIEvent (node_modules/@testing-library/user-event/dist/
cjs/event/dispatchEvent.js:22:26)
      at commitInput 
(node_modules/@testing-library/user-event/dist/cjs/event/input.js:145:14)
      at editInputElement 
(node_modules/@testing-library/user-event/dist/cjs/event/input.js:115:9)
      at Object.input 
(node_modules/@testing-library/user-event/dist/cjs/event/input.js:37:9)
      at node_modules/@testing-library/user-event/dist/cjs/event/behavior/keypr
ess.js:31:26
      at Object.dispatchEvent (node_modules/@testing-library/user-event/dist/cj
s/event/dispatchEvent.js:41:13)
      at Object.dispatchUIEvent (node_modules/@testing-library/user-event/dist/
cjs/event/dispatchEvent.js:22:26)
      at KeyboardHost.keydown 
(node_modules/@testing-library/user-event/dist/cjs/system/keyboard.js:76:22)
      at keyboardAction 
(node_modules/@testing-library/user-event/dist/cjs/keyboard/index.js:22:35)
      at Object.keyboard 
(node_modules/@testing-library/user-event/dist/cjs/keyboard/index.js:11:15)
      at Object.type 
(node_modules/@testing-library/user-event/dist/cjs/utility/type.js:17:5)
      at Object.<anonymous> 
(src/settings/__tests__/AccountAdministrationPage.test.tsx:317:9)

    console.error
      Warning: An update to AccountAdministrationPage inside a test was not 
wrapped in act(...).
      
      When testing, code that causes React state updates should be wrapped 
into act(...):
      
      act(() => {
        /* fire events that update state */
      });
      /* assert on the output */
      
      This ensures that you're testing the behavior the user would see in the 
browser. Learn more at https://reactjs.org/link/wrap-tests-with-act
          at AccountAdministrationPage (C:\Users\samhe\OneDrive\Desktop\Cleaned
\frontend\src\settings\AccountAdministrationPage.tsx:96:39)
          at basenameProp (C:\Users\samhe\OneDrive\Desktop\Cleaned\frontend\nod
e_modules\react-router\lib\components.tsx:421:13)
          at basename (C:\Users\samhe\OneDrive\Desktop\Cleaned\frontend\node_mo
dules\react-router\lib\components.tsx:225:3)

      139 |     function setFilter(field: keyof Filters) {
      140 |         return (e: React.ChangeEvent<HTMLInputElement | 
HTMLSelectElement>) => {
    > 141 |             setFilters(f => ({ ...f, [field]: e.target.value }))
          |             ^
      142 |             setPage(1)
      143 |         }
      144 |     }

      at printWarning 
(node_modules/react-dom/cjs/react-dom.development.js:86:30)
      at error (node_modules/react-dom/cjs/react-dom.development.js:60:7)
      at warnIfUpdatesNotWrappedWithActDEV 
(node_modules/react-dom/cjs/react-dom.development.js:27628:9)
      at scheduleUpdateOnFiber 
(node_modules/react-dom/cjs/react-dom.development.js:25547:5)
      at dispatchSetState 
(node_modules/react-dom/cjs/react-dom.development.js:16708:7)
      at src/settings/AccountAdministrationPage.tsx:141:13
      at HTMLUnknownElement.callCallback 
(node_modules/react-dom/cjs/react-dom.development.js:4164:14)
      at HTMLUnknownElement.callTheUserObjectsOperation 
(node_modules/jsdom/lib/jsdom/living/generated/EventListener.js:26:30)
      at innerInvokeEventListeners 
(node_modules/jsdom/lib/jsdom/living/events/EventTarget-impl.js:350:25)
      at invokeEventListeners 
(node_modules/jsdom/lib/jsdom/living/events/EventTarget-impl.js:286:3)
      at HTMLUnknownElementImpl._dispatch 
(node_modules/jsdom/lib/jsdom/living/events/EventTarget-impl.js:233:9)
      at HTMLUnknownElementImpl.dispatchEvent 
(node_modules/jsdom/lib/jsdom/living/events/EventTarget-impl.js:104:17)
      at HTMLUnknownElement.dispatchEvent 
(node_modules/jsdom/lib/jsdom/living/generated/EventTarget.js:241:34)
      at Object.invokeGuardedCallbackDev 
(node_modules/react-dom/cjs/react-dom.development.js:4213:16)
      at invokeGuardedCallback 
(node_modules/react-dom/cjs/react-dom.development.js:4277:31)
      at invokeGuardedCallbackAndCatchFirstError 
(node_modules/react-dom/cjs/react-dom.development.js:4291:25)
      at executeDispatch 
(node_modules/react-dom/cjs/react-dom.development.js:9041:3)
      at processDispatchQueueItemsInOrder 
(node_modules/react-dom/cjs/react-dom.development.js:9073:7)
      at processDispatchQueue 
(node_modules/react-dom/cjs/react-dom.development.js:9086:5)
      at dispatchEventsForPlugins 
(node_modules/react-dom/cjs/react-dom.development.js:9097:3)
      at node_modules/react-dom/cjs/react-dom.development.js:9288:12
      at batchedUpdates$1 
(node_modules/react-dom/cjs/react-dom.development.js:26179:12)
      at batchedUpdates 
(node_modules/react-dom/cjs/react-dom.development.js:3991:12)
      at dispatchEventForPluginEventSystem 
(node_modules/react-dom/cjs/react-dom.development.js:9287:3)
      at dispatchEventWithEnableCapturePhaseSelectiveHydrationWithoutDiscreteEv
entReplay (node_modules/react-dom/cjs/react-dom.development.js:6465:5)
      at dispatchEvent 
(node_modules/react-dom/cjs/react-dom.development.js:6457:5)
      at dispatchDiscreteEvent 
(node_modules/react-dom/cjs/react-dom.development.js:6430:5)
      at HTMLDivElement.callTheUserObjectsOperation 
(node_modules/jsdom/lib/jsdom/living/generated/EventListener.js:26:30)
      at innerInvokeEventListeners 
(node_modules/jsdom/lib/jsdom/living/events/EventTarget-impl.js:350:25)
      at invokeEventListeners 
(node_modules/jsdom/lib/jsdom/living/events/EventTarget-impl.js:286:3)
      at HTMLInputElementImpl._dispatch 
(node_modules/jsdom/lib/jsdom/living/events/EventTarget-impl.js:233:9)
      at HTMLInputElementImpl.dispatchEvent 
(node_modules/jsdom/lib/jsdom/living/events/EventTarget-impl.js:104:17)
      at HTMLInputElement.dispatchEvent 
(node_modules/jsdom/lib/jsdom/living/generated/EventTarget.js:241:34)
      at 
node_modules/@testing-library/user-event/dist/cjs/event/dispatchEvent.js:45:43
      at Object.eventWrapper 
(node_modules/@testing-library/dom/dist/config.js:25:23)
      at Object.wrapEvent 
(node_modules/@testing-library/user-event/dist/cjs/event/wrapEvent.js:6:28)
      at Object.dispatchEvent (node_modules/@testing-library/user-event/dist/cj
s/event/dispatchEvent.js:45:22)
      at Object.dispatchUIEvent (node_modules/@testing-library/user-event/dist/
cjs/event/dispatchEvent.js:22:26)
      at commitInput 
(node_modules/@testing-library/user-event/dist/cjs/event/input.js:145:14)
      at editInputElement 
(node_modules/@testing-library/user-event/dist/cjs/event/input.js:115:9)
      at Object.input 
(node_modules/@testing-library/user-event/dist/cjs/event/input.js:37:9)
      at node_modules/@testing-library/user-event/dist/cjs/event/behavior/keypr
ess.js:31:26
      at Object.dispatchEvent (node_modules/@testing-library/user-event/dist/cj
s/event/dispatchEvent.js:41:13)
      at Object.dispatchUIEvent (node_modules/@testing-library/user-event/dist/
cjs/event/dispatchEvent.js:22:26)
      at KeyboardHost.keydown 
(node_modules/@testing-library/user-event/dist/cjs/system/keyboard.js:76:22)
      at keyboardAction 
(node_modules/@testing-library/user-event/dist/cjs/keyboard/index.js:22:35)
      at Object.keyboard 
(node_modules/@testing-library/user-event/dist/cjs/keyboard/index.js:11:15)
      at Object.type 
(node_modules/@testing-library/user-event/dist/cjs/utility/type.js:17:5)
      at Object.<anonymous> 
(src/settings/__tests__/AccountAdministrationPage.test.tsx:317:9)

    console.error
      Warning: An update to AccountAdministrationPage inside a test was not 
wrapped in act(...).
      
      When testing, code that causes React state updates should be wrapped 
into act(...):
      
      act(() => {
        /* fire events that update state */
      });
      /* assert on the output */
      
      This ensures that you're testing the behavior the user would see in the 
browser. Learn more at https://reactjs.org/link/wrap-tests-with-act
          at AccountAdministrationPage (C:\Users\samhe\OneDrive\Desktop\Cleaned
\frontend\src\settings\AccountAdministrationPage.tsx:96:39)
          at basenameProp (C:\Users\samhe\OneDrive\Desktop\Cleaned\frontend\nod
e_modules\react-router\lib\components.tsx:421:13)
          at basename (C:\Users\samhe\OneDrive\Desktop\Cleaned\frontend\node_mo
dules\react-router\lib\components.tsx:225:3)

      140 |         return (e: React.ChangeEvent<HTMLInputElement | 
HTMLSelectElement>) => {
      141 |             setFilters(f => ({ ...f, [field]: e.target.value }))
    > 142 |             setPage(1)
          |             ^
      143 |         }
      144 |     }
      145 |

      at printWarning 
(node_modules/react-dom/cjs/react-dom.development.js:86:30)
      at error (node_modules/react-dom/cjs/react-dom.development.js:60:7)
      at warnIfUpdatesNotWrappedWithActDEV 
(node_modules/react-dom/cjs/react-dom.development.js:27628:9)
      at scheduleUpdateOnFiber 
(node_modules/react-dom/cjs/react-dom.development.js:25547:5)
      at dispatchSetState 
(node_modules/react-dom/cjs/react-dom.development.js:16708:7)
      at src/settings/AccountAdministrationPage.tsx:142:13
      at HTMLUnknownElement.callCallback 
(node_modules/react-dom/cjs/react-dom.development.js:4164:14)
      at HTMLUnknownElement.callTheUserObjectsOperation 
(node_modules/jsdom/lib/jsdom/living/generated/EventListener.js:26:30)
      at innerInvokeEventListeners 
(node_modules/jsdom/lib/jsdom/living/events/EventTarget-impl.js:350:25)
      at invokeEventListeners 
(node_modules/jsdom/lib/jsdom/living/events/EventTarget-impl.js:286:3)
      at HTMLUnknownElementImpl._dispatch 
(node_modules/jsdom/lib/jsdom/living/events/EventTarget-impl.js:233:9)
      at HTMLUnknownElementImpl.dispatchEvent 
(node_modules/jsdom/lib/jsdom/living/events/EventTarget-impl.js:104:17)
      at HTMLUnknownElement.dispatchEvent 
(node_modules/jsdom/lib/jsdom/living/generated/EventTarget.js:241:34)
      at Object.invokeGuardedCallbackDev 
(node_modules/react-dom/cjs/react-dom.development.js:4213:16)
      at invokeGuardedCallback 
(node_modules/react-dom/cjs/react-dom.development.js:4277:31)
      at invokeGuardedCallbackAndCatchFirstError 
(node_modules/react-dom/cjs/react-dom.development.js:4291:25)
      at executeDispatch 
(node_modules/react-dom/cjs/react-dom.development.js:9041:3)
      at processDispatchQueueItemsInOrder 
(node_modules/react-dom/cjs/react-dom.development.js:9073:7)
      at processDispatchQueue 
(node_modules/react-dom/cjs/react-dom.development.js:9086:5)
      at dispatchEventsForPlugins 
(node_modules/react-dom/cjs/react-dom.development.js:9097:3)
      at node_modules/react-dom/cjs/react-dom.development.js:9288:12
      at batchedUpdates$1 
(node_modules/react-dom/cjs/react-dom.development.js:26179:12)
      at batchedUpdates 
(node_modules/react-dom/cjs/react-dom.development.js:3991:12)
      at dispatchEventForPluginEventSystem 
(node_modules/react-dom/cjs/react-dom.development.js:9287:3)
      at dispatchEventWithEnableCapturePhaseSelectiveHydrationWithoutDiscreteEv
entReplay (node_modules/react-dom/cjs/react-dom.development.js:6465:5)
      at dispatchEvent 
(node_modules/react-dom/cjs/react-dom.development.js:6457:5)
      at dispatchDiscreteEvent 
(node_modules/react-dom/cjs/react-dom.development.js:6430:5)
      at HTMLDivElement.callTheUserObjectsOperation 
(node_modules/jsdom/lib/jsdom/living/generated/EventListener.js:26:30)
      at innerInvokeEventListeners 
(node_modules/jsdom/lib/jsdom/living/events/EventTarget-impl.js:350:25)
      at invokeEventListeners 
(node_modules/jsdom/lib/jsdom/living/events/EventTarget-impl.js:286:3)
      at HTMLInputElementImpl._dispatch 
(node_modules/jsdom/lib/jsdom/living/events/EventTarget-impl.js:233:9)
      at HTMLInputElementImpl.dispatchEvent 
(node_modules/jsdom/lib/jsdom/living/events/EventTarget-impl.js:104:17)
      at HTMLInputElement.dispatchEvent 
(node_modules/jsdom/lib/jsdom/living/generated/EventTarget.js:241:34)
      at 
node_modules/@testing-library/user-event/dist/cjs/event/dispatchEvent.js:45:43
      at Object.eventWrapper 
(node_modules/@testing-library/dom/dist/config.js:25:23)
      at Object.wrapEvent 
(node_modules/@testing-library/user-event/dist/cjs/event/wrapEvent.js:6:28)
      at Object.dispatchEvent (node_modules/@testing-library/user-event/dist/cj
s/event/dispatchEvent.js:45:22)
      at Object.dispatchUIEvent (node_modules/@testing-library/user-event/dist/
cjs/event/dispatchEvent.js:22:26)
      at commitInput 
(node_modules/@testing-library/user-event/dist/cjs/event/input.js:145:14)
      at editInputElement 
(node_modules/@testing-library/user-event/dist/cjs/event/input.js:115:9)
      at Object.input 
(node_modules/@testing-library/user-event/dist/cjs/event/input.js:37:9)
      at node_modules/@testing-library/user-event/dist/cjs/event/behavior/keypr
ess.js:31:26
      at Object.dispatchEvent (node_modules/@testing-library/user-event/dist/cj
s/event/dispatchEvent.js:41:13)
      at Object.dispatchUIEvent (node_modules/@testing-library/user-event/dist/
cjs/event/dispatchEvent.js:22:26)
      at KeyboardHost.keydown 
(node_modules/@testing-library/user-event/dist/cjs/system/keyboard.js:76:22)
      at keyboardAction 
(node_modules/@testing-library/user-event/dist/cjs/keyboard/index.js:22:35)
      at Object.keyboard 
(node_modules/@testing-library/user-event/dist/cjs/keyboard/index.js:11:15)
      at Object.type 
(node_modules/@testing-library/user-event/dist/cjs/utility/type.js:17:5)
      at Object.<anonymous> 
(src/settings/__tests__/AccountAdministrationPage.test.tsx:317:9)

    console.error
      Warning: An update to AccountAdministrationPage inside a test was not 
wrapped in act(...).
      
      When testing, code that causes React state updates should be wrapped 
into act(...):
      
      act(() => {
        /* fire events that update state */
      });
      /* assert on the output */
      
      This ensures that you're testing the behavior the user would see in the 
browser. Learn more at https://reactjs.org/link/wrap-tests-with-act
          at AccountAdministrationPage (C:\Users\samhe\OneDrive\Desktop\Cleaned
\frontend\src\settings\AccountAdministrationPage.tsx:96:39)
          at basenameProp (C:\Users\samhe\OneDrive\Desktop\Cleaned\frontend\nod
e_modules\react-router\lib\components.tsx:421:13)
          at basename (C:\Users\samhe\OneDrive\Desktop\Cleaned\frontend\node_mo
dules\react-router\lib\components.tsx:225:3)

      139 |     function setFilter(field: keyof Filters) {
      140 |         return (e: React.ChangeEvent<HTMLInputElement | 
HTMLSelectElement>) => {
    > 141 |             setFilters(f => ({ ...f, [field]: e.target.value }))
          |             ^
      142 |             setPage(1)
      143 |         }
      144 |     }

      at printWarning 
(node_modules/react-dom/cjs/react-dom.development.js:86:30)
      at error (node_modules/react-dom/cjs/react-dom.development.js:60:7)
      at warnIfUpdatesNotWrappedWithActDEV 
(node_modules/react-dom/cjs/react-dom.development.js:27628:9)
      at scheduleUpdateOnFiber 
(node_modules/react-dom/cjs/react-dom.development.js:25547:5)
      at dispatchSetState 
(node_modules/react-dom/cjs/react-dom.development.js:16708:7)
      at src/settings/AccountAdministrationPage.tsx:141:13
      at HTMLUnknownElement.callCallback 
(node_modules/react-dom/cjs/react-dom.development.js:4164:14)
      at HTMLUnknownElement.callTheUserObjectsOperation 
(node_modules/jsdom/lib/jsdom/living/generated/EventListener.js:26:30)
      at innerInvokeEventListeners 
(node_modules/jsdom/lib/jsdom/living/events/EventTarget-impl.js:350:25)
      at invokeEventListeners 
(node_modules/jsdom/lib/jsdom/living/events/EventTarget-impl.js:286:3)
      at HTMLUnknownElementImpl._dispatch 
(node_modules/jsdom/lib/jsdom/living/events/EventTarget-impl.js:233:9)
      at HTMLUnknownElementImpl.dispatchEvent 
(node_modules/jsdom/lib/jsdom/living/events/EventTarget-impl.js:104:17)
      at HTMLUnknownElement.dispatchEvent 
(node_modules/jsdom/lib/jsdom/living/generated/EventTarget.js:241:34)
      at Object.invokeGuardedCallbackDev 
(node_modules/react-dom/cjs/react-dom.development.js:4213:16)
      at invokeGuardedCallback 
(node_modules/react-dom/cjs/react-dom.development.js:4277:31)
      at invokeGuardedCallbackAndCatchFirstError 
(node_modules/react-dom/cjs/react-dom.development.js:4291:25)
      at executeDispatch 
(node_modules/react-dom/cjs/react-dom.development.js:9041:3)
      at processDispatchQueueItemsInOrder 
(node_modules/react-dom/cjs/react-dom.development.js:9073:7)
      at processDispatchQueue 
(node_modules/react-dom/cjs/react-dom.development.js:9086:5)
      at dispatchEventsForPlugins 
(node_modules/react-dom/cjs/react-dom.development.js:9097:3)
      at node_modules/react-dom/cjs/react-dom.development.js:9288:12
      at batchedUpdates$1 
(node_modules/react-dom/cjs/react-dom.development.js:26179:12)
      at batchedUpdates 
(node_modules/react-dom/cjs/react-dom.development.js:3991:12)
      at dispatchEventForPluginEventSystem 
(node_modules/react-dom/cjs/react-dom.development.js:9287:3)
      at dispatchEventWithEnableCapturePhaseSelectiveHydrationWithoutDiscreteEv
entReplay (node_modules/react-dom/cjs/react-dom.development.js:6465:5)
      at dispatchEvent 
(node_modules/react-dom/cjs/react-dom.development.js:6457:5)
      at dispatchDiscreteEvent 
(node_modules/react-dom/cjs/react-dom.development.js:6430:5)
      at HTMLDivElement.callTheUserObjectsOperation 
(node_modules/jsdom/lib/jsdom/living/generated/EventListener.js:26:30)
      at innerInvokeEventListeners 
(node_modules/jsdom/lib/jsdom/living/events/EventTarget-impl.js:350:25)
      at invokeEventListeners 
(node_modules/jsdom/lib/jsdom/living/events/EventTarget-impl.js:286:3)
      at HTMLInputElementImpl._dispatch 
(node_modules/jsdom/lib/jsdom/living/events/EventTarget-impl.js:233:9)
      at HTMLInputElementImpl.dispatchEvent 
(node_modules/jsdom/lib/jsdom/living/events/EventTarget-impl.js:104:17)
      at HTMLInputElement.dispatchEvent 
(node_modules/jsdom/lib/jsdom/living/generated/EventTarget.js:241:34)
      at 
node_modules/@testing-library/user-event/dist/cjs/event/dispatchEvent.js:45:43
      at Object.eventWrapper 
(node_modules/@testing-library/dom/dist/config.js:25:23)
      at Object.wrapEvent 
(node_modules/@testing-library/user-event/dist/cjs/event/wrapEvent.js:6:28)
      at Object.dispatchEvent (node_modules/@testing-library/user-event/dist/cj
s/event/dispatchEvent.js:45:22)
      at Object.dispatchUIEvent (node_modules/@testing-library/user-event/dist/
cjs/event/dispatchEvent.js:22:26)
      at commitInput 
(node_modules/@testing-library/user-event/dist/cjs/event/input.js:145:14)
      at editInputElement 
(node_modules/@testing-library/user-event/dist/cjs/event/input.js:115:9)
      at Object.input 
(node_modules/@testing-library/user-event/dist/cjs/event/input.js:37:9)
      at node_modules/@testing-library/user-event/dist/cjs/event/behavior/keypr
ess.js:31:26
      at Object.dispatchEvent (node_modules/@testing-library/user-event/dist/cj
s/event/dispatchEvent.js:41:13)
      at Object.dispatchUIEvent (node_modules/@testing-library/user-event/dist/
cjs/event/dispatchEvent.js:22:26)
      at KeyboardHost.keydown 
(node_modules/@testing-library/user-event/dist/cjs/system/keyboard.js:76:22)
      at keyboardAction 
(node_modules/@testing-library/user-event/dist/cjs/keyboard/index.js:22:35)
      at Object.keyboard 
(node_modules/@testing-library/user-event/dist/cjs/keyboard/index.js:11:15)
      at Object.type 
(node_modules/@testing-library/user-event/dist/cjs/utility/type.js:17:5)
      at Object.<anonymous> 
(src/settings/__tests__/AccountAdministrationPage.test.tsx:317:9)

    console.error
      Warning: An update to AccountAdministrationPage inside a test was not 
wrapped in act(...).
      
      When testing, code that causes React state updates should be wrapped 
into act(...):
      
      act(() => {
        /* fire events that update state */
      });
      /* assert on the output */
      
      This ensures that you're testing the behavior the user would see in the 
browser. Learn more at https://reactjs.org/link/wrap-tests-with-act
          at AccountAdministrationPage (C:\Users\samhe\OneDrive\Desktop\Cleaned
\frontend\src\settings\AccountAdministrationPage.tsx:96:39)
          at basenameProp (C:\Users\samhe\OneDrive\Desktop\Cleaned\frontend\nod
e_modules\react-router\lib\components.tsx:421:13)
          at basename (C:\Users\samhe\OneDrive\Desktop\Cleaned\frontend\node_mo
dules\react-router\lib\components.tsx:225:3)

      140 |         return (e: React.ChangeEvent<HTMLInputElement | 
HTMLSelectElement>) => {
      141 |             setFilters(f => ({ ...f, [field]: e.target.value }))
    > 142 |             setPage(1)
          |             ^
      143 |         }
      144 |     }
      145 |

      at printWarning 
(node_modules/react-dom/cjs/react-dom.development.js:86:30)
      at error (node_modules/react-dom/cjs/react-dom.development.js:60:7)
      at warnIfUpdatesNotWrappedWithActDEV 
(node_modules/react-dom/cjs/react-dom.development.js:27628:9)
      at scheduleUpdateOnFiber 
(node_modules/react-dom/cjs/react-dom.development.js:25547:5)
      at dispatchSetState 
(node_modules/react-dom/cjs/react-dom.development.js:16708:7)
      at src/settings/AccountAdministrationPage.tsx:142:13
      at HTMLUnknownElement.callCallback 
(node_modules/react-dom/cjs/react-dom.development.js:4164:14)
      at HTMLUnknownElement.callTheUserObjectsOperation 
(node_modules/jsdom/lib/jsdom/living/generated/EventListener.js:26:30)
      at innerInvokeEventListeners 
(node_modules/jsdom/lib/jsdom/living/events/EventTarget-impl.js:350:25)
      at invokeEventListeners 
(node_modules/jsdom/lib/jsdom/living/events/EventTarget-impl.js:286:3)
      at HTMLUnknownElementImpl._dispatch 
(node_modules/jsdom/lib/jsdom/living/events/EventTarget-impl.js:233:9)
      at HTMLUnknownElementImpl.dispatchEvent 
(node_modules/jsdom/lib/jsdom/living/events/EventTarget-impl.js:104:17)
      at HTMLUnknownElement.dispatchEvent 
(node_modules/jsdom/lib/jsdom/living/generated/EventTarget.js:241:34)
      at Object.invokeGuardedCallbackDev 
(node_modules/react-dom/cjs/react-dom.development.js:4213:16)
      at invokeGuardedCallback 
(node_modules/react-dom/cjs/react-dom.development.js:4277:31)
      at invokeGuardedCallbackAndCatchFirstError 
(node_modules/react-dom/cjs/react-dom.development.js:4291:25)
      at executeDispatch 
(node_modules/react-dom/cjs/react-dom.development.js:9041:3)
      at processDispatchQueueItemsInOrder 
(node_modules/react-dom/cjs/react-dom.development.js:9073:7)
      at processDispatchQueue 
(node_modules/react-dom/cjs/react-dom.development.js:9086:5)
      at dispatchEventsForPlugins 
(node_modules/react-dom/cjs/react-dom.development.js:9097:3)
      at node_modules/react-dom/cjs/react-dom.development.js:9288:12
      at batchedUpdates$1 
(node_modules/react-dom/cjs/react-dom.development.js:26179:12)
      at batchedUpdates 
(node_modules/react-dom/cjs/react-dom.development.js:3991:12)
      at dispatchEventForPluginEventSystem 
(node_modules/react-dom/cjs/react-dom.development.js:9287:3)
      at dispatchEventWithEnableCapturePhaseSelectiveHydrationWithoutDiscreteEv
entReplay (node_modules/react-dom/cjs/react-dom.development.js:6465:5)
      at dispatchEvent 
(node_modules/react-dom/cjs/react-dom.development.js:6457:5)
      at dispatchDiscreteEvent 
(node_modules/react-dom/cjs/react-dom.development.js:6430:5)
      at HTMLDivElement.callTheUserObjectsOperation 
(node_modules/jsdom/lib/jsdom/living/generated/EventListener.js:26:30)
      at innerInvokeEventListeners 
(node_modules/jsdom/lib/jsdom/living/events/EventTarget-impl.js:350:25)
      at invokeEventListeners 
(node_modules/jsdom/lib/jsdom/living/events/EventTarget-impl.js:286:3)
      at HTMLInputElementImpl._dispatch 
(node_modules/jsdom/lib/jsdom/living/events/EventTarget-impl.js:233:9)
      at HTMLInputElementImpl.dispatchEvent 
(node_modules/jsdom/lib/jsdom/living/events/EventTarget-impl.js:104:17)
      at HTMLInputElement.dispatchEvent 
(node_modules/jsdom/lib/jsdom/living/generated/EventTarget.js:241:34)
      at 
node_modules/@testing-library/user-event/dist/cjs/event/dispatchEvent.js:45:43
      at Object.eventWrapper 
(node_modules/@testing-library/dom/dist/config.js:25:23)
      at Object.wrapEvent 
(node_modules/@testing-library/user-event/dist/cjs/event/wrapEvent.js:6:28)
      at Object.dispatchEvent (node_modules/@testing-library/user-event/dist/cj
s/event/dispatchEvent.js:45:22)
      at Object.dispatchUIEvent (node_modules/@testing-library/user-event/dist/
cjs/event/dispatchEvent.js:22:26)
      at commitInput 
(node_modules/@testing-library/user-event/dist/cjs/event/input.js:145:14)
      at editInputElement 
(node_modules/@testing-library/user-event/dist/cjs/event/input.js:115:9)
      at Object.input 
(node_modules/@testing-library/user-event/dist/cjs/event/input.js:37:9)
      at node_modules/@testing-library/user-event/dist/cjs/event/behavior/keypr
ess.js:31:26
      at Object.dispatchEvent (node_modules/@testing-library/user-event/dist/cj
s/event/dispatchEvent.js:41:13)
      at Object.dispatchUIEvent (node_modules/@testing-library/user-event/dist/
cjs/event/dispatchEvent.js:22:26)
      at KeyboardHost.keydown 
(node_modules/@testing-library/user-event/dist/cjs/system/keyboard.js:76:22)
      at keyboardAction 
(node_modules/@testing-library/user-event/dist/cjs/keyboard/index.js:22:35)
      at Object.keyboard 
(node_modules/@testing-library/user-event/dist/cjs/keyboard/index.js:11:15)
      at Object.type 
(node_modules/@testing-library/user-event/dist/cjs/utility/type.js:17:5)
      at Object.<anonymous> 
(src/settings/__tests__/AccountAdministrationPage.test.tsx:317:9)

    console.error
      Warning: An update to AccountAdministrationPage inside a test was not 
wrapped in act(...).
      
      When testing, code that causes React state updates should be wrapped 
into act(...):
      
      act(() => {
        /* fire events that update state */
      });
      /* assert on the output */
      
      This ensures that you're testing the behavior the user would see in the 
browser. Learn more at https://reactjs.org/link/wrap-tests-with-act
          at AccountAdministrationPage (C:\Users\samhe\OneDrive\Desktop\Cleaned
\frontend\src\settings\AccountAdministrationPage.tsx:96:39)
          at basenameProp (C:\Users\samhe\OneDrive\Desktop\Cleaned\frontend\nod
e_modules\react-router\lib\components.tsx:421:13)
          at basename (C:\Users\samhe\OneDrive\Desktop\Cleaned\frontend\node_mo
dules\react-router\lib\components.tsx:225:3)

      139 |     function setFilter(field: keyof Filters) {
      140 |         return (e: React.ChangeEvent<HTMLInputElement | 
HTMLSelectElement>) => {
    > 141 |             setFilters(f => ({ ...f, [field]: e.target.value }))
          |             ^
      142 |             setPage(1)
      143 |         }
      144 |     }

      at printWarning 
(node_modules/react-dom/cjs/react-dom.development.js:86:30)
      at error (node_modules/react-dom/cjs/react-dom.development.js:60:7)
      at warnIfUpdatesNotWrappedWithActDEV 
(node_modules/react-dom/cjs/react-dom.development.js:27628:9)
      at scheduleUpdateOnFiber 
(node_modules/react-dom/cjs/react-dom.development.js:25547:5)
      at dispatchSetState 
(node_modules/react-dom/cjs/react-dom.development.js:16708:7)
      at src/settings/AccountAdministrationPage.tsx:141:13
      at HTMLUnknownElement.callCallback 
(node_modules/react-dom/cjs/react-dom.development.js:4164:14)
      at HTMLUnknownElement.callTheUserObjectsOperation 
(node_modules/jsdom/lib/jsdom/living/generated/EventListener.js:26:30)
      at innerInvokeEventListeners 
(node_modules/jsdom/lib/jsdom/living/events/EventTarget-impl.js:350:25)
      at invokeEventListeners 
(node_modules/jsdom/lib/jsdom/living/events/EventTarget-impl.js:286:3)
      at HTMLUnknownElementImpl._dispatch 
(node_modules/jsdom/lib/jsdom/living/events/EventTarget-impl.js:233:9)
      at HTMLUnknownElementImpl.dispatchEvent 
(node_modules/jsdom/lib/jsdom/living/events/EventTarget-impl.js:104:17)
      at HTMLUnknownElement.dispatchEvent 
(node_modules/jsdom/lib/jsdom/living/generated/EventTarget.js:241:34)
      at Object.invokeGuardedCallbackDev 
(node_modules/react-dom/cjs/react-dom.development.js:4213:16)
      at invokeGuardedCallback 
(node_modules/react-dom/cjs/react-dom.development.js:4277:31)
      at invokeGuardedCallbackAndCatchFirstError 
(node_modules/react-dom/cjs/react-dom.development.js:4291:25)
      at executeDispatch 
(node_modules/react-dom/cjs/react-dom.development.js:9041:3)
      at processDispatchQueueItemsInOrder 
(node_modules/react-dom/cjs/react-dom.development.js:9073:7)
      at processDispatchQueue 
(node_modules/react-dom/cjs/react-dom.development.js:9086:5)
      at dispatchEventsForPlugins 
(node_modules/react-dom/cjs/react-dom.development.js:9097:3)
      at node_modules/react-dom/cjs/react-dom.development.js:9288:12
      at batchedUpdates$1 
(node_modules/react-dom/cjs/react-dom.development.js:26179:12)
      at batchedUpdates 
(node_modules/react-dom/cjs/react-dom.development.js:3991:12)
      at dispatchEventForPluginEventSystem 
(node_modules/react-dom/cjs/react-dom.development.js:9287:3)
      at dispatchEventWithEnableCapturePhaseSelectiveHydrationWithoutDiscreteEv
entReplay (node_modules/react-dom/cjs/react-dom.development.js:6465:5)
      at dispatchEvent 
(node_modules/react-dom/cjs/react-dom.development.js:6457:5)
      at dispatchDiscreteEvent 
(node_modules/react-dom/cjs/react-dom.development.js:6430:5)
      at HTMLDivElement.callTheUserObjectsOperation 
(node_modules/jsdom/lib/jsdom/living/generated/EventListener.js:26:30)
      at innerInvokeEventListeners 
(node_modules/jsdom/lib/jsdom/living/events/EventTarget-impl.js:350:25)
      at invokeEventListeners 
(node_modules/jsdom/lib/jsdom/living/events/EventTarget-impl.js:286:3)
      at HTMLInputElementImpl._dispatch 
(node_modules/jsdom/lib/jsdom/living/events/EventTarget-impl.js:233:9)
      at HTMLInputElementImpl.dispatchEvent 
(node_modules/jsdom/lib/jsdom/living/events/EventTarget-impl.js:104:17)
      at HTMLInputElement.dispatchEvent 
(node_modules/jsdom/lib/jsdom/living/generated/EventTarget.js:241:34)
      at 
node_modules/@testing-library/user-event/dist/cjs/event/dispatchEvent.js:45:43
      at Object.eventWrapper 
(node_modules/@testing-library/dom/dist/config.js:25:23)
      at Object.wrapEvent 
(node_modules/@testing-library/user-event/dist/cjs/event/wrapEvent.js:6:28)
      at Object.dispatchEvent (node_modules/@testing-library/user-event/dist/cj
s/event/dispatchEvent.js:45:22)
      at Object.dispatchUIEvent (node_modules/@testing-library/user-event/dist/
cjs/event/dispatchEvent.js:22:26)
      at commitInput 
(node_modules/@testing-library/user-event/dist/cjs/event/input.js:145:14)
      at editInputElement 
(node_modules/@testing-library/user-event/dist/cjs/event/input.js:115:9)
      at Object.input 
(node_modules/@testing-library/user-event/dist/cjs/event/input.js:37:9)
      at node_modules/@testing-library/user-event/dist/cjs/event/behavior/keypr
ess.js:31:26
      at Object.dispatchEvent (node_modules/@testing-library/user-event/dist/cj
s/event/dispatchEvent.js:41:13)
      at Object.dispatchUIEvent (node_modules/@testing-library/user-event/dist/
cjs/event/dispatchEvent.js:22:26)
      at KeyboardHost.keydown 
(node_modules/@testing-library/user-event/dist/cjs/system/keyboard.js:76:22)
      at keyboardAction 
(node_modules/@testing-library/user-event/dist/cjs/keyboard/index.js:22:35)
      at Object.keyboard 
(node_modules/@testing-library/user-event/dist/cjs/keyboard/index.js:11:15)
      at Object.type 
(node_modules/@testing-library/user-event/dist/cjs/utility/type.js:17:5)
      at Object.<anonymous> 
(src/settings/__tests__/AccountAdministrationPage.test.tsx:317:9)

    console.error
      Warning: An update to AccountAdministrationPage inside a test was not 
wrapped in act(...).
      
      When testing, code that causes React state updates should be wrapped 
into act(...):
      
      act(() => {
        /* fire events that update state */
      });
      /* assert on the output */
      
      This ensures that you're testing the behavior the user would see in the 
browser. Learn more at https://reactjs.org/link/wrap-tests-with-act
          at AccountAdministrationPage (C:\Users\samhe\OneDrive\Desktop\Cleaned
\frontend\src\settings\AccountAdministrationPage.tsx:96:39)
          at basenameProp (C:\Users\samhe\OneDrive\Desktop\Cleaned\frontend\nod
e_modules\react-router\lib\components.tsx:421:13)
          at basename (C:\Users\samhe\OneDrive\Desktop\Cleaned\frontend\node_mo
dules\react-router\lib\components.tsx:225:3)

      140 |         return (e: React.ChangeEvent<HTMLInputElement | 
HTMLSelectElement>) => {
      141 |             setFilters(f => ({ ...f, [field]: e.target.value }))
    > 142 |             setPage(1)
          |             ^
      143 |         }
      144 |     }
      145 |

      at printWarning 
(node_modules/react-dom/cjs/react-dom.development.js:86:30)
      at error (node_modules/react-dom/cjs/react-dom.development.js:60:7)
      at warnIfUpdatesNotWrappedWithActDEV 
(node_modules/react-dom/cjs/react-dom.development.js:27628:9)
      at scheduleUpdateOnFiber 
(node_modules/react-dom/cjs/react-dom.development.js:25547:5)
      at dispatchSetState 
(node_modules/react-dom/cjs/react-dom.development.js:16708:7)
      at src/settings/AccountAdministrationPage.tsx:142:13
      at HTMLUnknownElement.callCallback 
(node_modules/react-dom/cjs/react-dom.development.js:4164:14)
      at HTMLUnknownElement.callTheUserObjectsOperation 
(node_modules/jsdom/lib/jsdom/living/generated/EventListener.js:26:30)
      at innerInvokeEventListeners 
(node_modules/jsdom/lib/jsdom/living/events/EventTarget-impl.js:350:25)
      at invokeEventListeners 
(node_modules/jsdom/lib/jsdom/living/events/EventTarget-impl.js:286:3)
      at HTMLUnknownElementImpl._dispatch 
(node_modules/jsdom/lib/jsdom/living/events/EventTarget-impl.js:233:9)
      at HTMLUnknownElementImpl.dispatchEvent 
(node_modules/jsdom/lib/jsdom/living/events/EventTarget-impl.js:104:17)
      at HTMLUnknownElement.dispatchEvent 
(node_modules/jsdom/lib/jsdom/living/generated/EventTarget.js:241:34)
      at Object.invokeGuardedCallbackDev 
(node_modules/react-dom/cjs/react-dom.development.js:4213:16)
      at invokeGuardedCallback 
(node_modules/react-dom/cjs/react-dom.development.js:4277:31)
      at invokeGuardedCallbackAndCatchFirstError 
(node_modules/react-dom/cjs/react-dom.development.js:4291:25)
      at executeDispatch 
(node_modules/react-dom/cjs/react-dom.development.js:9041:3)
      at processDispatchQueueItemsInOrder 
(node_modules/react-dom/cjs/react-dom.development.js:9073:7)
      at processDispatchQueue 
(node_modules/react-dom/cjs/react-dom.development.js:9086:5)
      at dispatchEventsForPlugins 
(node_modules/react-dom/cjs/react-dom.development.js:9097:3)
      at node_modules/react-dom/cjs/react-dom.development.js:9288:12
      at batchedUpdates$1 
(node_modules/react-dom/cjs/react-dom.development.js:26179:12)
      at batchedUpdates 
(node_modules/react-dom/cjs/react-dom.development.js:3991:12)
      at dispatchEventForPluginEventSystem 
(node_modules/react-dom/cjs/react-dom.development.js:9287:3)
      at dispatchEventWithEnableCapturePhaseSelectiveHydrationWithoutDiscreteEv
entReplay (node_modules/react-dom/cjs/react-dom.development.js:6465:5)
      at dispatchEvent 
(node_modules/react-dom/cjs/react-dom.development.js:6457:5)
      at dispatchDiscreteEvent 
(node_modules/react-dom/cjs/react-dom.development.js:6430:5)
      at HTMLDivElement.callTheUserObjectsOperation 
(node_modules/jsdom/lib/jsdom/living/generated/EventListener.js:26:30)
      at innerInvokeEventListeners 
(node_modules/jsdom/lib/jsdom/living/events/EventTarget-impl.js:350:25)
      at invokeEventListeners 
(node_modules/jsdom/lib/jsdom/living/events/EventTarget-impl.js:286:3)
      at HTMLInputElementImpl._dispatch 
(node_modules/jsdom/lib/jsdom/living/events/EventTarget-impl.js:233:9)
      at HTMLInputElementImpl.dispatchEvent 
(node_modules/jsdom/lib/jsdom/living/events/EventTarget-impl.js:104:17)
      at HTMLInputElement.dispatchEvent 
(node_modules/jsdom/lib/jsdom/living/generated/EventTarget.js:241:34)
      at 
node_modules/@testing-library/user-event/dist/cjs/event/dispatchEvent.js:45:43
      at Object.eventWrapper 
(node_modules/@testing-library/dom/dist/config.js:25:23)
      at Object.wrapEvent 
(node_modules/@testing-library/user-event/dist/cjs/event/wrapEvent.js:6:28)
      at Object.dispatchEvent (node_modules/@testing-library/user-event/dist/cj
s/event/dispatchEvent.js:45:22)
      at Object.dispatchUIEvent (node_modules/@testing-library/user-event/dist/
cjs/event/dispatchEvent.js:22:26)
      at commitInput 
(node_modules/@testing-library/user-event/dist/cjs/event/input.js:145:14)
      at editInputElement 
(node_modules/@testing-library/user-event/dist/cjs/event/input.js:115:9)
      at Object.input 
(node_modules/@testing-library/user-event/dist/cjs/event/input.js:37:9)
      at node_modules/@testing-library/user-event/dist/cjs/event/behavior/keypr
ess.js:31:26
      at Object.dispatchEvent (node_modules/@testing-library/user-event/dist/cj
s/event/dispatchEvent.js:41:13)
      at Object.dispatchUIEvent (node_modules/@testing-library/user-event/dist/
cjs/event/dispatchEvent.js:22:26)
      at KeyboardHost.keydown 
(node_modules/@testing-library/user-event/dist/cjs/system/keyboard.js:76:22)
      at keyboardAction 
(node_modules/@testing-library/user-event/dist/cjs/keyboard/index.js:22:35)
      at Object.keyboard 
(node_modules/@testing-library/user-event/dist/cjs/keyboard/index.js:11:15)
      at Object.type 
(node_modules/@testing-library/user-event/dist/cjs/utility/type.js:17:5)
      at Object.<anonymous> 
(src/settings/__tests__/AccountAdministrationPage.test.tsx:317:9)

    console.error
      Warning: An update to AccountAdministrationPage inside a test was not 
wrapped in act(...).
      
      When testing, code that causes React state updates should be wrapped 
into act(...):
      
      act(() => {
        /* fire events that update state */
      });
      /* assert on the output */
      
      This ensures that you're testing the behavior the user would see in the 
browser. Learn more at https://reactjs.org/link/wrap-tests-with-act
          at AccountAdministrationPage (C:\Users\samhe\OneDrive\Desktop\Cleaned
\frontend\src\settings\AccountAdministrationPage.tsx:96:39)
          at basenameProp (C:\Users\samhe\OneDrive\Desktop\Cleaned\frontend\nod
e_modules\react-router\lib\components.tsx:421:13)
          at basename (C:\Users\samhe\OneDrive\Desktop\Cleaned\frontend\node_mo
dules\react-router\lib\components.tsx:225:3)

      139 |     function setFilter(field: keyof Filters) {
      140 |         return (e: React.ChangeEvent<HTMLInputElement | 
HTMLSelectElement>) => {
    > 141 |             setFilters(f => ({ ...f, [field]: e.target.value }))
          |             ^
      142 |             setPage(1)
      143 |         }
      144 |     }

      at printWarning 
(node_modules/react-dom/cjs/react-dom.development.js:86:30)
      at error (node_modules/react-dom/cjs/react-dom.development.js:60:7)
      at warnIfUpdatesNotWrappedWithActDEV 
(node_modules/react-dom/cjs/react-dom.development.js:27628:9)
      at scheduleUpdateOnFiber 
(node_modules/react-dom/cjs/react-dom.development.js:25547:5)
      at dispatchSetState 
(node_modules/react-dom/cjs/react-dom.development.js:16708:7)
      at src/settings/AccountAdministrationPage.tsx:141:13
      at HTMLUnknownElement.callCallback 
(node_modules/react-dom/cjs/react-dom.development.js:4164:14)
      at HTMLUnknownElement.callTheUserObjectsOperation 
(node_modules/jsdom/lib/jsdom/living/generated/EventListener.js:26:30)
      at innerInvokeEventListeners 
(node_modules/jsdom/lib/jsdom/living/events/EventTarget-impl.js:350:25)
      at invokeEventListeners 
(node_modules/jsdom/lib/jsdom/living/events/EventTarget-impl.js:286:3)
      at HTMLUnknownElementImpl._dispatch 
(node_modules/jsdom/lib/jsdom/living/events/EventTarget-impl.js:233:9)
      at HTMLUnknownElementImpl.dispatchEvent 
(node_modules/jsdom/lib/jsdom/living/events/EventTarget-impl.js:104:17)
      at HTMLUnknownElement.dispatchEvent 
(node_modules/jsdom/lib/jsdom/living/generated/EventTarget.js:241:34)
      at Object.invokeGuardedCallbackDev 
(node_modules/react-dom/cjs/react-dom.development.js:4213:16)
      at invokeGuardedCallback 
(node_modules/react-dom/cjs/react-dom.development.js:4277:31)
      at invokeGuardedCallbackAndCatchFirstError 
(node_modules/react-dom/cjs/react-dom.development.js:4291:25)
      at executeDispatch 
(node_modules/react-dom/cjs/react-dom.development.js:9041:3)
      at processDispatchQueueItemsInOrder 
(node_modules/react-dom/cjs/react-dom.development.js:9073:7)
      at processDispatchQueue 
(node_modules/react-dom/cjs/react-dom.development.js:9086:5)
      at dispatchEventsForPlugins 
(node_modules/react-dom/cjs/react-dom.development.js:9097:3)
      at node_modules/react-dom/cjs/react-dom.development.js:9288:12
      at batchedUpdates$1 
(node_modules/react-dom/cjs/react-dom.development.js:26179:12)
      at batchedUpdates 
(node_modules/react-dom/cjs/react-dom.development.js:3991:12)
      at dispatchEventForPluginEventSystem 
(node_modules/react-dom/cjs/react-dom.development.js:9287:3)
      at dispatchEventWithEnableCapturePhaseSelectiveHydrationWithoutDiscreteEv
entReplay (node_modules/react-dom/cjs/react-dom.development.js:6465:5)
      at dispatchEvent 
(node_modules/react-dom/cjs/react-dom.development.js:6457:5)
      at dispatchDiscreteEvent 
(node_modules/react-dom/cjs/react-dom.development.js:6430:5)
      at HTMLDivElement.callTheUserObjectsOperation 
(node_modules/jsdom/lib/jsdom/living/generated/EventListener.js:26:30)
      at innerInvokeEventListeners 
(node_modules/jsdom/lib/jsdom/living/events/EventTarget-impl.js:350:25)
      at invokeEventListeners 
(node_modules/jsdom/lib/jsdom/living/events/EventTarget-impl.js:286:3)
      at HTMLInputElementImpl._dispatch 
(node_modules/jsdom/lib/jsdom/living/events/EventTarget-impl.js:233:9)
      at HTMLInputElementImpl.dispatchEvent 
(node_modules/jsdom/lib/jsdom/living/events/EventTarget-impl.js:104:17)
      at HTMLInputElement.dispatchEvent 
(node_modules/jsdom/lib/jsdom/living/generated/EventTarget.js:241:34)
      at 
node_modules/@testing-library/user-event/dist/cjs/event/dispatchEvent.js:45:43
      at Object.eventWrapper 
(node_modules/@testing-library/dom/dist/config.js:25:23)
      at Object.wrapEvent 
(node_modules/@testing-library/user-event/dist/cjs/event/wrapEvent.js:6:28)
      at Object.dispatchEvent (node_modules/@testing-library/user-event/dist/cj
s/event/dispatchEvent.js:45:22)
      at Object.dispatchUIEvent (node_modules/@testing-library/user-event/dist/
cjs/event/dispatchEvent.js:22:26)
      at commitInput 
(node_modules/@testing-library/user-event/dist/cjs/event/input.js:145:14)
      at editInputElement 
(node_modules/@testing-library/user-event/dist/cjs/event/input.js:115:9)
      at Object.input 
(node_modules/@testing-library/user-event/dist/cjs/event/input.js:37:9)
      at node_modules/@testing-library/user-event/dist/cjs/event/behavior/keypr
ess.js:31:26
      at Object.dispatchEvent (node_modules/@testing-library/user-event/dist/cj
s/event/dispatchEvent.js:41:13)
      at Object.dispatchUIEvent (node_modules/@testing-library/user-event/dist/
cjs/event/dispatchEvent.js:22:26)
      at KeyboardHost.keydown 
(node_modules/@testing-library/user-event/dist/cjs/system/keyboard.js:76:22)
      at keyboardAction 
(node_modules/@testing-library/user-event/dist/cjs/keyboard/index.js:22:35)
      at Object.keyboard 
(node_modules/@testing-library/user-event/dist/cjs/keyboard/index.js:11:15)
      at Object.type 
(node_modules/@testing-library/user-event/dist/cjs/utility/type.js:17:5)
      at Object.<anonymous> 
(src/settings/__tests__/AccountAdministrationPage.test.tsx:317:9)

    console.error
      Warning: An update to AccountAdministrationPage inside a test was not 
wrapped in act(...).
      
      When testing, code that causes React state updates should be wrapped 
into act(...):
      
      act(() => {
        /* fire events that update state */
      });
      /* assert on the output */
      
      This ensures that you're testing the behavior the user would see in the 
browser. Learn more at https://reactjs.org/link/wrap-tests-with-act
          at AccountAdministrationPage (C:\Users\samhe\OneDrive\Desktop\Cleaned
\frontend\src\settings\AccountAdministrationPage.tsx:96:39)
          at basenameProp (C:\Users\samhe\OneDrive\Desktop\Cleaned\frontend\nod
e_modules\react-router\lib\components.tsx:421:13)
          at basename (C:\Users\samhe\OneDrive\Desktop\Cleaned\frontend\node_mo
dules\react-router\lib\components.tsx:225:3)

      140 |         return (e: React.ChangeEvent<HTMLInputElement | 
HTMLSelectElement>) => {
      141 |             setFilters(f => ({ ...f, [field]: e.target.value }))
    > 142 |             setPage(1)
          |             ^
      143 |         }
      144 |     }
      145 |

      at printWarning 
(node_modules/react-dom/cjs/react-dom.development.js:86:30)
      at error (node_modules/react-dom/cjs/react-dom.development.js:60:7)
      at warnIfUpdatesNotWrappedWithActDEV 
(node_modules/react-dom/cjs/react-dom.development.js:27628:9)
      at scheduleUpdateOnFiber 
(node_modules/react-dom/cjs/react-dom.development.js:25547:5)
      at dispatchSetState 
(node_modules/react-dom/cjs/react-dom.development.js:16708:7)
      at src/settings/AccountAdministrationPage.tsx:142:13
      at HTMLUnknownElement.callCallback 
(node_modules/react-dom/cjs/react-dom.development.js:4164:14)
      at HTMLUnknownElement.callTheUserObjectsOperation 
(node_modules/jsdom/lib/jsdom/living/generated/EventListener.js:26:30)
      at innerInvokeEventListeners 
(node_modules/jsdom/lib/jsdom/living/events/EventTarget-impl.js:350:25)
      at invokeEventListeners 
(node_modules/jsdom/lib/jsdom/living/events/EventTarget-impl.js:286:3)
      at HTMLUnknownElementImpl._dispatch 
(node_modules/jsdom/lib/jsdom/living/events/EventTarget-impl.js:233:9)
      at HTMLUnknownElementImpl.dispatchEvent 
(node_modules/jsdom/lib/jsdom/living/events/EventTarget-impl.js:104:17)
      at HTMLUnknownElement.dispatchEvent 
(node_modules/jsdom/lib/jsdom/living/generated/EventTarget.js:241:34)
      at Object.invokeGuardedCallbackDev 
(node_modules/react-dom/cjs/react-dom.development.js:4213:16)
      at invokeGuardedCallback 
(node_modules/react-dom/cjs/react-dom.development.js:4277:31)
      at invokeGuardedCallbackAndCatchFirstError 
(node_modules/react-dom/cjs/react-dom.development.js:4291:25)
      at executeDispatch 
(node_modules/react-dom/cjs/react-dom.development.js:9041:3)
      at processDispatchQueueItemsInOrder 
(node_modules/react-dom/cjs/react-dom.development.js:9073:7)
      at processDispatchQueue 
(node_modules/react-dom/cjs/react-dom.development.js:9086:5)
      at dispatchEventsForPlugins 
(node_modules/react-dom/cjs/react-dom.development.js:9097:3)
      at node_modules/react-dom/cjs/react-dom.development.js:9288:12
      at batchedUpdates$1 
(node_modules/react-dom/cjs/react-dom.development.js:26179:12)
      at batchedUpdates 
(node_modules/react-dom/cjs/react-dom.development.js:3991:12)
      at dispatchEventForPluginEventSystem 
(node_modules/react-dom/cjs/react-dom.development.js:9287:3)
      at dispatchEventWithEnableCapturePhaseSelectiveHydrationWithoutDiscreteEv
entReplay (node_modules/react-dom/cjs/react-dom.development.js:6465:5)
      at dispatchEvent 
(node_modules/react-dom/cjs/react-dom.development.js:6457:5)
      at dispatchDiscreteEvent 
(node_modules/react-dom/cjs/react-dom.development.js:6430:5)
      at HTMLDivElement.callTheUserObjectsOperation 
(node_modules/jsdom/lib/jsdom/living/generated/EventListener.js:26:30)
      at innerInvokeEventListeners 
(node_modules/jsdom/lib/jsdom/living/events/EventTarget-impl.js:350:25)
      at invokeEventListeners 
(node_modules/jsdom/lib/jsdom/living/events/EventTarget-impl.js:286:3)
      at HTMLInputElementImpl._dispatch 
(node_modules/jsdom/lib/jsdom/living/events/EventTarget-impl.js:233:9)
      at HTMLInputElementImpl.dispatchEvent 
(node_modules/jsdom/lib/jsdom/living/events/EventTarget-impl.js:104:17)
      at HTMLInputElement.dispatchEvent 
(node_modules/jsdom/lib/jsdom/living/generated/EventTarget.js:241:34)
      at 
node_modules/@testing-library/user-event/dist/cjs/event/dispatchEvent.js:45:43
      at Object.eventWrapper 
(node_modules/@testing-library/dom/dist/config.js:25:23)
      at Object.wrapEvent 
(node_modules/@testing-library/user-event/dist/cjs/event/wrapEvent.js:6:28)
      at Object.dispatchEvent (node_modules/@testing-library/user-event/dist/cj
s/event/dispatchEvent.js:45:22)
      at Object.dispatchUIEvent (node_modules/@testing-library/user-event/dist/
cjs/event/dispatchEvent.js:22:26)
      at commitInput 
(node_modules/@testing-library/user-event/dist/cjs/event/input.js:145:14)
      at editInputElement 
(node_modules/@testing-library/user-event/dist/cjs/event/input.js:115:9)
      at Object.input 
(node_modules/@testing-library/user-event/dist/cjs/event/input.js:37:9)
      at node_modules/@testing-library/user-event/dist/cjs/event/behavior/keypr
ess.js:31:26
      at Object.dispatchEvent (node_modules/@testing-library/user-event/dist/cj
s/event/dispatchEvent.js:41:13)
      at Object.dispatchUIEvent (node_modules/@testing-library/user-event/dist/
cjs/event/dispatchEvent.js:22:26)
      at KeyboardHost.keydown 
(node_modules/@testing-library/user-event/dist/cjs/system/keyboard.js:76:22)
      at keyboardAction 
(node_modules/@testing-library/user-event/dist/cjs/keyboard/index.js:22:35)
      at Object.keyboard 
(node_modules/@testing-library/user-event/dist/cjs/keyboard/index.js:11:15)
      at Object.type 
(node_modules/@testing-library/user-event/dist/cjs/utility/type.js:17:5)
      at Object.<anonymous> 
(src/settings/__tests__/AccountAdministrationPage.test.tsx:317:9)

    console.error
      Warning: An update to AccountAdministrationPage inside a test was not 
wrapped in act(...).
      
      When testing, code that causes React state updates should be wrapped 
into act(...):
      
      act(() => {
        /* fire events that update state */
      });
      /* assert on the output */
      
      This ensures that you're testing the behavior the user would see in the 
browser. Learn more at https://reactjs.org/link/wrap-tests-with-act
          at AccountAdministrationPage (C:\Users\samhe\OneDrive\Desktop\Cleaned
\frontend\src\settings\AccountAdministrationPage.tsx:96:39)
          at basenameProp (C:\Users\samhe\OneDrive\Desktop\Cleaned\frontend\nod
e_modules\react-router\lib\components.tsx:421:13)
          at basename (C:\Users\samhe\OneDrive\Desktop\Cleaned\frontend\node_mo
dules\react-router\lib\components.tsx:225:3)

      139 |     function setFilter(field: keyof Filters) {
      140 |         return (e: React.ChangeEvent<HTMLInputElement | 
HTMLSelectElement>) => {
    > 141 |             setFilters(f => ({ ...f, [field]: e.target.value }))
          |             ^
      142 |             setPage(1)
      143 |         }
      144 |     }

      at printWarning 
(node_modules/react-dom/cjs/react-dom.development.js:86:30)
      at error (node_modules/react-dom/cjs/react-dom.development.js:60:7)
      at warnIfUpdatesNotWrappedWithActDEV 
(node_modules/react-dom/cjs/react-dom.development.js:27628:9)
      at scheduleUpdateOnFiber 
(node_modules/react-dom/cjs/react-dom.development.js:25547:5)
      at dispatchSetState 
(node_modules/react-dom/cjs/react-dom.development.js:16708:7)
      at src/settings/AccountAdministrationPage.tsx:141:13
      at HTMLUnknownElement.callCallback 
(node_modules/react-dom/cjs/react-dom.development.js:4164:14)
      at HTMLUnknownElement.callTheUserObjectsOperation 
(node_modules/jsdom/lib/jsdom/living/generated/EventListener.js:26:30)
      at innerInvokeEventListeners 
(node_modules/jsdom/lib/jsdom/living/events/EventTarget-impl.js:350:25)
      at invokeEventListeners 
(node_modules/jsdom/lib/jsdom/living/events/EventTarget-impl.js:286:3)
      at HTMLUnknownElementImpl._dispatch 
(node_modules/jsdom/lib/jsdom/living/events/EventTarget-impl.js:233:9)
      at HTMLUnknownElementImpl.dispatchEvent 
(node_modules/jsdom/lib/jsdom/living/events/EventTarget-impl.js:104:17)
      at HTMLUnknownElement.dispatchEvent 
(node_modules/jsdom/lib/jsdom/living/generated/EventTarget.js:241:34)
      at Object.invokeGuardedCallbackDev 
(node_modules/react-dom/cjs/react-dom.development.js:4213:16)
      at invokeGuardedCallback 
(node_modules/react-dom/cjs/react-dom.development.js:4277:31)
      at invokeGuardedCallbackAndCatchFirstError 
(node_modules/react-dom/cjs/react-dom.development.js:4291:25)
      at executeDispatch 
(node_modules/react-dom/cjs/react-dom.development.js:9041:3)
      at processDispatchQueueItemsInOrder 
(node_modules/react-dom/cjs/react-dom.development.js:9073:7)
      at processDispatchQueue 
(node_modules/react-dom/cjs/react-dom.development.js:9086:5)
      at dispatchEventsForPlugins 
(node_modules/react-dom/cjs/react-dom.development.js:9097:3)
      at node_modules/react-dom/cjs/react-dom.development.js:9288:12
      at batchedUpdates$1 
(node_modules/react-dom/cjs/react-dom.development.js:26179:12)
      at batchedUpdates 
(node_modules/react-dom/cjs/react-dom.development.js:3991:12)
      at dispatchEventForPluginEventSystem 
(node_modules/react-dom/cjs/react-dom.development.js:9287:3)
      at dispatchEventWithEnableCapturePhaseSelectiveHydrationWithoutDiscreteEv
entReplay (node_modules/react-dom/cjs/react-dom.development.js:6465:5)
      at dispatchEvent 
(node_modules/react-dom/cjs/react-dom.development.js:6457:5)
      at dispatchDiscreteEvent 
(node_modules/react-dom/cjs/react-dom.development.js:6430:5)
      at HTMLDivElement.callTheUserObjectsOperation 
(node_modules/jsdom/lib/jsdom/living/generated/EventListener.js:26:30)
      at innerInvokeEventListeners 
(node_modules/jsdom/lib/jsdom/living/events/EventTarget-impl.js:350:25)
      at invokeEventListeners 
(node_modules/jsdom/lib/jsdom/living/events/EventTarget-impl.js:286:3)
      at HTMLInputElementImpl._dispatch 
(node_modules/jsdom/lib/jsdom/living/events/EventTarget-impl.js:233:9)
      at HTMLInputElementImpl.dispatchEvent 
(node_modules/jsdom/lib/jsdom/living/events/EventTarget-impl.js:104:17)
      at HTMLInputElement.dispatchEvent 
(node_modules/jsdom/lib/jsdom/living/generated/EventTarget.js:241:34)
      at 
node_modules/@testing-library/user-event/dist/cjs/event/dispatchEvent.js:45:43
      at Object.eventWrapper 
(node_modules/@testing-library/dom/dist/config.js:25:23)
      at Object.wrapEvent 
(node_modules/@testing-library/user-event/dist/cjs/event/wrapEvent.js:6:28)
      at Object.dispatchEvent (node_modules/@testing-library/user-event/dist/cj
s/event/dispatchEvent.js:45:22)
      at Object.dispatchUIEvent (node_modules/@testing-library/user-event/dist/
cjs/event/dispatchEvent.js:22:26)
      at commitInput 
(node_modules/@testing-library/user-event/dist/cjs/event/input.js:145:14)
      at editInputElement 
(node_modules/@testing-library/user-event/dist/cjs/event/input.js:115:9)
      at Object.input 
(node_modules/@testing-library/user-event/dist/cjs/event/input.js:37:9)
      at node_modules/@testing-library/user-event/dist/cjs/event/behavior/keypr
ess.js:31:26
      at Object.dispatchEvent (node_modules/@testing-library/user-event/dist/cj
s/event/dispatchEvent.js:41:13)
      at Object.dispatchUIEvent (node_modules/@testing-library/user-event/dist/
cjs/event/dispatchEvent.js:22:26)
      at KeyboardHost.keydown 
(node_modules/@testing-library/user-event/dist/cjs/system/keyboard.js:76:22)
      at keyboardAction 
(node_modules/@testing-library/user-event/dist/cjs/keyboard/index.js:22:35)
      at Object.keyboard 
(node_modules/@testing-library/user-event/dist/cjs/keyboard/index.js:11:15)
      at Object.type 
(node_modules/@testing-library/user-event/dist/cjs/utility/type.js:17:5)
      at Object.<anonymous> 
(src/settings/__tests__/AccountAdministrationPage.test.tsx:317:9)

    console.error
      Warning: An update to AccountAdministrationPage inside a test was not 
wrapped in act(...).
      
      When testing, code that causes React state updates should be wrapped 
into act(...):
      
      act(() => {
        /* fire events that update state */
      });
      /* assert on the output */
      
      This ensures that you're testing the behavior the user would see in the 
browser. Learn more at https://reactjs.org/link/wrap-tests-with-act
          at AccountAdministrationPage (C:\Users\samhe\OneDrive\Desktop\Cleaned
\frontend\src\settings\AccountAdministrationPage.tsx:96:39)
          at basenameProp (C:\Users\samhe\OneDrive\Desktop\Cleaned\frontend\nod
e_modules\react-router\lib\components.tsx:421:13)
          at basename (C:\Users\samhe\OneDrive\Desktop\Cleaned\frontend\node_mo
dules\react-router\lib\components.tsx:225:3)

      140 |         return (e: React.ChangeEvent<HTMLInputElement | 
HTMLSelectElement>) => {
      141 |             setFilters(f => ({ ...f, [field]: e.target.value }))
    > 142 |             setPage(1)
          |             ^
      143 |         }
      144 |     }
      145 |

      at printWarning 
(node_modules/react-dom/cjs/react-dom.development.js:86:30)
      at error (node_modules/react-dom/cjs/react-dom.development.js:60:7)
      at warnIfUpdatesNotWrappedWithActDEV 
(node_modules/react-dom/cjs/react-dom.development.js:27628:9)
      at scheduleUpdateOnFiber 
(node_modules/react-dom/cjs/react-dom.development.js:25547:5)
      at dispatchSetState 
(node_modules/react-dom/cjs/react-dom.development.js:16708:7)
      at src/settings/AccountAdministrationPage.tsx:142:13
      at HTMLUnknownElement.callCallback 
(node_modules/react-dom/cjs/react-dom.development.js:4164:14)
      at HTMLUnknownElement.callTheUserObjectsOperation 
(node_modules/jsdom/lib/jsdom/living/generated/EventListener.js:26:30)
      at innerInvokeEventListeners 
(node_modules/jsdom/lib/jsdom/living/events/EventTarget-impl.js:350:25)
      at invokeEventListeners 
(node_modules/jsdom/lib/jsdom/living/events/EventTarget-impl.js:286:3)
      at HTMLUnknownElementImpl._dispatch 
(node_modules/jsdom/lib/jsdom/living/events/EventTarget-impl.js:233:9)
      at HTMLUnknownElementImpl.dispatchEvent 
(node_modules/jsdom/lib/jsdom/living/events/EventTarget-impl.js:104:17)
      at HTMLUnknownElement.dispatchEvent 
(node_modules/jsdom/lib/jsdom/living/generated/EventTarget.js:241:34)
      at Object.invokeGuardedCallbackDev 
(node_modules/react-dom/cjs/react-dom.development.js:4213:16)
      at invokeGuardedCallback 
(node_modules/react-dom/cjs/react-dom.development.js:4277:31)
      at invokeGuardedCallbackAndCatchFirstError 
(node_modules/react-dom/cjs/react-dom.development.js:4291:25)
      at executeDispatch 
(node_modules/react-dom/cjs/react-dom.development.js:9041:3)
      at processDispatchQueueItemsInOrder 
(node_modules/react-dom/cjs/react-dom.development.js:9073:7)
      at processDispatchQueue 
(node_modules/react-dom/cjs/react-dom.development.js:9086:5)
      at dispatchEventsForPlugins 
(node_modules/react-dom/cjs/react-dom.development.js:9097:3)
      at node_modules/react-dom/cjs/react-dom.development.js:9288:12
      at batchedUpdates$1 
(node_modules/react-dom/cjs/react-dom.development.js:26179:12)
      at batchedUpdates 
(node_modules/react-dom/cjs/react-dom.development.js:3991:12)
      at dispatchEventForPluginEventSystem 
(node_modules/react-dom/cjs/react-dom.development.js:9287:3)
      at dispatchEventWithEnableCapturePhaseSelectiveHydrationWithoutDiscreteEv
entReplay (node_modules/react-dom/cjs/react-dom.development.js:6465:5)
      at dispatchEvent 
(node_modules/react-dom/cjs/react-dom.development.js:6457:5)
      at dispatchDiscreteEvent 
(node_modules/react-dom/cjs/react-dom.development.js:6430:5)
      at HTMLDivElement.callTheUserObjectsOperation 
(node_modules/jsdom/lib/jsdom/living/generated/EventListener.js:26:30)
      at innerInvokeEventListeners 
(node_modules/jsdom/lib/jsdom/living/events/EventTarget-impl.js:350:25)
      at invokeEventListeners 
(node_modules/jsdom/lib/jsdom/living/events/EventTarget-impl.js:286:3)
      at HTMLInputElementImpl._dispatch 
(node_modules/jsdom/lib/jsdom/living/events/EventTarget-impl.js:233:9)
      at HTMLInputElementImpl.dispatchEvent 
(node_modules/jsdom/lib/jsdom/living/events/EventTarget-impl.js:104:17)
      at HTMLInputElement.dispatchEvent 
(node_modules/jsdom/lib/jsdom/living/generated/EventTarget.js:241:34)
      at 
node_modules/@testing-library/user-event/dist/cjs/event/dispatchEvent.js:45:43
      at Object.eventWrapper 
(node_modules/@testing-library/dom/dist/config.js:25:23)
      at Object.wrapEvent 
(node_modules/@testing-library/user-event/dist/cjs/event/wrapEvent.js:6:28)
      at Object.dispatchEvent (node_modules/@testing-library/user-event/dist/cj
s/event/dispatchEvent.js:45:22)
      at Object.dispatchUIEvent (node_modules/@testing-library/user-event/dist/
cjs/event/dispatchEvent.js:22:26)
      at commitInput 
(node_modules/@testing-library/user-event/dist/cjs/event/input.js:145:14)
      at editInputElement 
(node_modules/@testing-library/user-event/dist/cjs/event/input.js:115:9)
      at Object.input 
(node_modules/@testing-library/user-event/dist/cjs/event/input.js:37:9)
      at node_modules/@testing-library/user-event/dist/cjs/event/behavior/keypr
ess.js:31:26
      at Object.dispatchEvent (node_modules/@testing-library/user-event/dist/cj
s/event/dispatchEvent.js:41:13)
      at Object.dispatchUIEvent (node_modules/@testing-library/user-event/dist/
cjs/event/dispatchEvent.js:22:26)
      at KeyboardHost.keydown 
(node_modules/@testing-library/user-event/dist/cjs/system/keyboard.js:76:22)
      at keyboardAction 
(node_modules/@testing-library/user-event/dist/cjs/keyboard/index.js:22:35)
      at Object.keyboard 
(node_modules/@testing-library/user-event/dist/cjs/keyboard/index.js:11:15)
      at Object.type 
(node_modules/@testing-library/user-event/dist/cjs/utility/type.js:17:5)
      at Object.<anonymous> 
(src/settings/__tests__/AccountAdministrationPage.test.tsx:317:9)

    console.error
      Warning: An update to AccountAdministrationPage inside a test was not 
wrapped in act(...).
      
      When testing, code that causes React state updates should be wrapped 
into act(...):
      
      act(() => {
        /* fire events that update state */
      });
      /* assert on the output */
      
      This ensures that you're testing the behavior the user would see in the 
browser. Learn more at https://reactjs.org/link/wrap-tests-with-act
          at AccountAdministrationPage (C:\Users\samhe\OneDrive\Desktop\Cleaned
\frontend\src\settings\AccountAdministrationPage.tsx:96:39)
          at basenameProp (C:\Users\samhe\OneDrive\Desktop\Cleaned\frontend\nod
e_modules\react-router\lib\components.tsx:421:13)
          at basename (C:\Users\samhe\OneDrive\Desktop\Cleaned\frontend\node_mo
dules\react-router\lib\components.tsx:225:3)

      139 |     function setFilter(field: keyof Filters) {
      140 |         return (e: React.ChangeEvent<HTMLInputElement | 
HTMLSelectElement>) => {
    > 141 |             setFilters(f => ({ ...f, [field]: e.target.value }))
          |             ^
      142 |             setPage(1)
      143 |         }
      144 |     }

      at printWarning 
(node_modules/react-dom/cjs/react-dom.development.js:86:30)
      at error (node_modules/react-dom/cjs/react-dom.development.js:60:7)
      at warnIfUpdatesNotWrappedWithActDEV 
(node_modules/react-dom/cjs/react-dom.development.js:27628:9)
      at scheduleUpdateOnFiber 
(node_modules/react-dom/cjs/react-dom.development.js:25547:5)
      at dispatchSetState 
(node_modules/react-dom/cjs/react-dom.development.js:16708:7)
      at src/settings/AccountAdministrationPage.tsx:141:13
      at HTMLUnknownElement.callCallback 
(node_modules/react-dom/cjs/react-dom.development.js:4164:14)
      at HTMLUnknownElement.callTheUserObjectsOperation 
(node_modules/jsdom/lib/jsdom/living/generated/EventListener.js:26:30)
      at innerInvokeEventListeners 
(node_modules/jsdom/lib/jsdom/living/events/EventTarget-impl.js:350:25)
      at invokeEventListeners 
(node_modules/jsdom/lib/jsdom/living/events/EventTarget-impl.js:286:3)
      at HTMLUnknownElementImpl._dispatch 
(node_modules/jsdom/lib/jsdom/living/events/EventTarget-impl.js:233:9)
      at HTMLUnknownElementImpl.dispatchEvent 
(node_modules/jsdom/lib/jsdom/living/events/EventTarget-impl.js:104:17)
      at HTMLUnknownElement.dispatchEvent 
(node_modules/jsdom/lib/jsdom/living/generated/EventTarget.js:241:34)
      at Object.invokeGuardedCallbackDev 
(node_modules/react-dom/cjs/react-dom.development.js:4213:16)
      at invokeGuardedCallback 
(node_modules/react-dom/cjs/react-dom.development.js:4277:31)
      at invokeGuardedCallbackAndCatchFirstError 
(node_modules/react-dom/cjs/react-dom.development.js:4291:25)
      at executeDispatch 
(node_modules/react-dom/cjs/react-dom.development.js:9041:3)
      at processDispatchQueueItemsInOrder 
(node_modules/react-dom/cjs/react-dom.development.js:9073:7)
      at processDispatchQueue 
(node_modules/react-dom/cjs/react-dom.development.js:9086:5)
      at dispatchEventsForPlugins 
(node_modules/react-dom/cjs/react-dom.development.js:9097:3)
      at node_modules/react-dom/cjs/react-dom.development.js:9288:12
      at batchedUpdates$1 
(node_modules/react-dom/cjs/react-dom.development.js:26179:12)
      at batchedUpdates 
(node_modules/react-dom/cjs/react-dom.development.js:3991:12)
      at dispatchEventForPluginEventSystem 
(node_modules/react-dom/cjs/react-dom.development.js:9287:3)
      at dispatchEventWithEnableCapturePhaseSelectiveHydrationWithoutDiscreteEv
entReplay (node_modules/react-dom/cjs/react-dom.development.js:6465:5)
      at dispatchEvent 
(node_modules/react-dom/cjs/react-dom.development.js:6457:5)
      at dispatchDiscreteEvent 
(node_modules/react-dom/cjs/react-dom.development.js:6430:5)
      at HTMLDivElement.callTheUserObjectsOperation 
(node_modules/jsdom/lib/jsdom/living/generated/EventListener.js:26:30)
      at innerInvokeEventListeners 
(node_modules/jsdom/lib/jsdom/living/events/EventTarget-impl.js:350:25)
      at invokeEventListeners 
(node_modules/jsdom/lib/jsdom/living/events/EventTarget-impl.js:286:3)
      at HTMLInputElementImpl._dispatch 
(node_modules/jsdom/lib/jsdom/living/events/EventTarget-impl.js:233:9)
      at HTMLInputElementImpl.dispatchEvent 
(node_modules/jsdom/lib/jsdom/living/events/EventTarget-impl.js:104:17)
      at HTMLInputElement.dispatchEvent 
(node_modules/jsdom/lib/jsdom/living/generated/EventTarget.js:241:34)
      at 
node_modules/@testing-library/user-event/dist/cjs/event/dispatchEvent.js:45:43
      at Object.eventWrapper 
(node_modules/@testing-library/dom/dist/config.js:25:23)
      at Object.wrapEvent 
(node_modules/@testing-library/user-event/dist/cjs/event/wrapEvent.js:6:28)
      at Object.dispatchEvent (node_modules/@testing-library/user-event/dist/cj
s/event/dispatchEvent.js:45:22)
      at Object.dispatchUIEvent (node_modules/@testing-library/user-event/dist/
cjs/event/dispatchEvent.js:22:26)
      at commitInput 
(node_modules/@testing-library/user-event/dist/cjs/event/input.js:145:14)
      at editInputElement 
(node_modules/@testing-library/user-event/dist/cjs/event/input.js:115:9)
      at Object.input 
(node_modules/@testing-library/user-event/dist/cjs/event/input.js:37:9)
      at node_modules/@testing-library/user-event/dist/cjs/event/behavior/keypr
ess.js:31:26
      at Object.dispatchEvent (node_modules/@testing-library/user-event/dist/cj
s/event/dispatchEvent.js:41:13)
      at Object.dispatchUIEvent (node_modules/@testing-library/user-event/dist/
cjs/event/dispatchEvent.js:22:26)
      at KeyboardHost.keydown 
(node_modules/@testing-library/user-event/dist/cjs/system/keyboard.js:76:22)
      at keyboardAction 
(node_modules/@testing-library/user-event/dist/cjs/keyboard/index.js:22:35)
      at Object.keyboard 
(node_modules/@testing-library/user-event/dist/cjs/keyboard/index.js:11:15)
      at Object.type 
(node_modules/@testing-library/user-event/dist/cjs/utility/type.js:17:5)
      at Object.<anonymous> 
(src/settings/__tests__/AccountAdministrationPage.test.tsx:317:9)

    console.error
      Warning: An update to AccountAdministrationPage inside a test was not 
wrapped in act(...).
      
      When testing, code that causes React state updates should be wrapped 
into act(...):
      
      act(() => {
        /* fire events that update state */
      });
      /* assert on the output */
      
      This ensures that you're testing the behavior the user would see in the 
browser. Learn more at https://reactjs.org/link/wrap-tests-with-act
          at AccountAdministrationPage (C:\Users\samhe\OneDrive\Desktop\Cleaned
\frontend\src\settings\AccountAdministrationPage.tsx:96:39)
          at basenameProp (C:\Users\samhe\OneDrive\Desktop\Cleaned\frontend\nod
e_modules\react-router\lib\components.tsx:421:13)
          at basename (C:\Users\samhe\OneDrive\Desktop\Cleaned\frontend\node_mo
dules\react-router\lib\components.tsx:225:3)

      140 |         return (e: React.ChangeEvent<HTMLInputElement | 
HTMLSelectElement>) => {
      141 |             setFilters(f => ({ ...f, [field]: e.target.value }))
    > 142 |             setPage(1)
          |             ^
      143 |         }
      144 |     }
      145 |

      at printWarning 
(node_modules/react-dom/cjs/react-dom.development.js:86:30)
      at error (node_modules/react-dom/cjs/react-dom.development.js:60:7)
      at warnIfUpdatesNotWrappedWithActDEV 
(node_modules/react-dom/cjs/react-dom.development.js:27628:9)
      at scheduleUpdateOnFiber 
(node_modules/react-dom/cjs/react-dom.development.js:25547:5)
      at dispatchSetState 
(node_modules/react-dom/cjs/react-dom.development.js:16708:7)
      at src/settings/AccountAdministrationPage.tsx:142:13
      at HTMLUnknownElement.callCallback 
(node_modules/react-dom/cjs/react-dom.development.js:4164:14)
      at HTMLUnknownElement.callTheUserObjectsOperation 
(node_modules/jsdom/lib/jsdom/living/generated/EventListener.js:26:30)
      at innerInvokeEventListeners 
(node_modules/jsdom/lib/jsdom/living/events/EventTarget-impl.js:350:25)
      at invokeEventListeners 
(node_modules/jsdom/lib/jsdom/living/events/EventTarget-impl.js:286:3)
      at HTMLUnknownElementImpl._dispatch 
(node_modules/jsdom/lib/jsdom/living/events/EventTarget-impl.js:233:9)
      at HTMLUnknownElementImpl.dispatchEvent 
(node_modules/jsdom/lib/jsdom/living/events/EventTarget-impl.js:104:17)
      at HTMLUnknownElement.dispatchEvent 
(node_modules/jsdom/lib/jsdom/living/generated/EventTarget.js:241:34)
      at Object.invokeGuardedCallbackDev 
(node_modules/react-dom/cjs/react-dom.development.js:4213:16)
      at invokeGuardedCallback 
(node_modules/react-dom/cjs/react-dom.development.js:4277:31)
      at invokeGuardedCallbackAndCatchFirstError 
(node_modules/react-dom/cjs/react-dom.development.js:4291:25)
      at executeDispatch 
(node_modules/react-dom/cjs/react-dom.development.js:9041:3)
      at processDispatchQueueItemsInOrder 
(node_modules/react-dom/cjs/react-dom.development.js:9073:7)
      at processDispatchQueue 
(node_modules/react-dom/cjs/react-dom.development.js:9086:5)
      at dispatchEventsForPlugins 
(node_modules/react-dom/cjs/react-dom.development.js:9097:3)
      at node_modules/react-dom/cjs/react-dom.development.js:9288:12
      at batchedUpdates$1 
(node_modules/react-dom/cjs/react-dom.development.js:26179:12)
      at batchedUpdates 
(node_modules/react-dom/cjs/react-dom.development.js:3991:12)
      at dispatchEventForPluginEventSystem 
(node_modules/react-dom/cjs/react-dom.development.js:9287:3)
      at dispatchEventWithEnableCapturePhaseSelectiveHydrationWithoutDiscreteEv
entReplay (node_modules/react-dom/cjs/react-dom.development.js:6465:5)
      at dispatchEvent 
(node_modules/react-dom/cjs/react-dom.development.js:6457:5)
      at dispatchDiscreteEvent 
(node_modules/react-dom/cjs/react-dom.development.js:6430:5)
      at HTMLDivElement.callTheUserObjectsOperation 
(node_modules/jsdom/lib/jsdom/living/generated/EventListener.js:26:30)
      at innerInvokeEventListeners 
(node_modules/jsdom/lib/jsdom/living/events/EventTarget-impl.js:350:25)
      at invokeEventListeners 
(node_modules/jsdom/lib/jsdom/living/events/EventTarget-impl.js:286:3)
      at HTMLInputElementImpl._dispatch 
(node_modules/jsdom/lib/jsdom/living/events/EventTarget-impl.js:233:9)
      at HTMLInputElementImpl.dispatchEvent 
(node_modules/jsdom/lib/jsdom/living/events/EventTarget-impl.js:104:17)
      at HTMLInputElement.dispatchEvent 
(node_modules/jsdom/lib/jsdom/living/generated/EventTarget.js:241:34)
      at 
node_modules/@testing-library/user-event/dist/cjs/event/dispatchEvent.js:45:43
      at Object.eventWrapper 
(node_modules/@testing-library/dom/dist/config.js:25:23)
      at Object.wrapEvent 
(node_modules/@testing-library/user-event/dist/cjs/event/wrapEvent.js:6:28)
      at Object.dispatchEvent (node_modules/@testing-library/user-event/dist/cj
s/event/dispatchEvent.js:45:22)
      at Object.dispatchUIEvent (node_modules/@testing-library/user-event/dist/
cjs/event/dispatchEvent.js:22:26)
      at commitInput 
(node_modules/@testing-library/user-event/dist/cjs/event/input.js:145:14)
      at editInputElement 
(node_modules/@testing-library/user-event/dist/cjs/event/input.js:115:9)
      at Object.input 
(node_modules/@testing-library/user-event/dist/cjs/event/input.js:37:9)
      at node_modules/@testing-library/user-event/dist/cjs/event/behavior/keypr
ess.js:31:26
      at Object.dispatchEvent (node_modules/@testing-library/user-event/dist/cj
s/event/dispatchEvent.js:41:13)
      at Object.dispatchUIEvent (node_modules/@testing-library/user-event/dist/
cjs/event/dispatchEvent.js:22:26)
      at KeyboardHost.keydown 
(node_modules/@testing-library/user-event/dist/cjs/system/keyboard.js:76:22)
      at keyboardAction 
(node_modules/@testing-library/user-event/dist/cjs/keyboard/index.js:22:35)
      at Object.keyboard 
(node_modules/@testing-library/user-event/dist/cjs/keyboard/index.js:11:15)
      at Object.type 
(node_modules/@testing-library/user-event/dist/cjs/utility/type.js:17:5)
      at Object.<anonymous> 
(src/settings/__tests__/AccountAdministrationPage.test.tsx:317:9)

    console.error
      Warning: An update to AccountAdministrationPage inside a test was not 
wrapped in act(...).
      
      When testing, code that causes React state updates should be wrapped 
into act(...):
      
      act(() => {
        /* fire events that update state */
      });
      /* assert on the output */
      
      This ensures that you're testing the behavior the user would see in the 
browser. Learn more at https://reactjs.org/link/wrap-tests-with-act
          at AccountAdministrationPage (C:\Users\samhe\OneDrive\Desktop\Cleaned
\frontend\src\settings\AccountAdministrationPage.tsx:96:39)
          at basenameProp (C:\Users\samhe\OneDrive\Desktop\Cleaned\frontend\nod
e_modules\react-router\lib\components.tsx:421:13)
          at basename (C:\Users\samhe\OneDrive\Desktop\Cleaned\frontend\node_mo
dules\react-router\lib\components.tsx:225:3)

      139 |     function setFilter(field: keyof Filters) {
      140 |         return (e: React.ChangeEvent<HTMLInputElement | 
HTMLSelectElement>) => {
    > 141 |             setFilters(f => ({ ...f, [field]: e.target.value }))
          |             ^
      142 |             setPage(1)
      143 |         }
      144 |     }

      at printWarning 
(node_modules/react-dom/cjs/react-dom.development.js:86:30)
      at error (node_modules/react-dom/cjs/react-dom.development.js:60:7)
      at warnIfUpdatesNotWrappedWithActDEV 
(node_modules/react-dom/cjs/react-dom.development.js:27628:9)
      at scheduleUpdateOnFiber 
(node_modules/react-dom/cjs/react-dom.development.js:25547:5)
      at dispatchSetState 
(node_modules/react-dom/cjs/react-dom.development.js:16708:7)
      at src/settings/AccountAdministrationPage.tsx:141:13
      at HTMLUnknownElement.callCallback 
(node_modules/react-dom/cjs/react-dom.development.js:4164:14)
      at HTMLUnknownElement.callTheUserObjectsOperation 
(node_modules/jsdom/lib/jsdom/living/generated/EventListener.js:26:30)
      at innerInvokeEventListeners 
(node_modules/jsdom/lib/jsdom/living/events/EventTarget-impl.js:350:25)
      at invokeEventListeners 
(node_modules/jsdom/lib/jsdom/living/events/EventTarget-impl.js:286:3)
      at HTMLUnknownElementImpl._dispatch 
(node_modules/jsdom/lib/jsdom/living/events/EventTarget-impl.js:233:9)
      at HTMLUnknownElementImpl.dispatchEvent 
(node_modules/jsdom/lib/jsdom/living/events/EventTarget-impl.js:104:17)
      at HTMLUnknownElement.dispatchEvent 
(node_modules/jsdom/lib/jsdom/living/generated/EventTarget.js:241:34)
      at Object.invokeGuardedCallbackDev 
(node_modules/react-dom/cjs/react-dom.development.js:4213:16)
      at invokeGuardedCallback 
(node_modules/react-dom/cjs/react-dom.development.js:4277:31)
      at invokeGuardedCallbackAndCatchFirstError 
(node_modules/react-dom/cjs/react-dom.development.js:4291:25)
      at executeDispatch 
(node_modules/react-dom/cjs/react-dom.development.js:9041:3)
      at processDispatchQueueItemsInOrder 
(node_modules/react-dom/cjs/react-dom.development.js:9073:7)
      at processDispatchQueue 
(node_modules/react-dom/cjs/react-dom.development.js:9086:5)
      at dispatchEventsForPlugins 
(node_modules/react-dom/cjs/react-dom.development.js:9097:3)
      at node_modules/react-dom/cjs/react-dom.development.js:9288:12
      at batchedUpdates$1 
(node_modules/react-dom/cjs/react-dom.development.js:26179:12)
      at batchedUpdates 
(node_modules/react-dom/cjs/react-dom.development.js:3991:12)
      at dispatchEventForPluginEventSystem 
(node_modules/react-dom/cjs/react-dom.development.js:9287:3)
      at dispatchEventWithEnableCapturePhaseSelectiveHydrationWithoutDiscreteEv
entReplay (node_modules/react-dom/cjs/react-dom.development.js:6465:5)
      at dispatchEvent 
(node_modules/react-dom/cjs/react-dom.development.js:6457:5)
      at dispatchDiscreteEvent 
(node_modules/react-dom/cjs/react-dom.development.js:6430:5)
      at HTMLDivElement.callTheUserObjectsOperation 
(node_modules/jsdom/lib/jsdom/living/generated/EventListener.js:26:30)
      at innerInvokeEventListeners 
(node_modules/jsdom/lib/jsdom/living/events/EventTarget-impl.js:350:25)
      at invokeEventListeners 
(node_modules/jsdom/lib/jsdom/living/events/EventTarget-impl.js:286:3)
      at HTMLInputElementImpl._dispatch 
(node_modules/jsdom/lib/jsdom/living/events/EventTarget-impl.js:233:9)
      at HTMLInputElementImpl.dispatchEvent 
(node_modules/jsdom/lib/jsdom/living/events/EventTarget-impl.js:104:17)
      at HTMLInputElement.dispatchEvent 
(node_modules/jsdom/lib/jsdom/living/generated/EventTarget.js:241:34)
      at 
node_modules/@testing-library/user-event/dist/cjs/event/dispatchEvent.js:45:43
      at Object.eventWrapper 
(node_modules/@testing-library/dom/dist/config.js:25:23)
      at Object.wrapEvent 
(node_modules/@testing-library/user-event/dist/cjs/event/wrapEvent.js:6:28)
      at Object.dispatchEvent (node_modules/@testing-library/user-event/dist/cj
s/event/dispatchEvent.js:45:22)
      at Object.dispatchUIEvent (node_modules/@testing-library/user-event/dist/
cjs/event/dispatchEvent.js:22:26)
      at commitInput 
(node_modules/@testing-library/user-event/dist/cjs/event/input.js:145:14)
      at editInputElement 
(node_modules/@testing-library/user-event/dist/cjs/event/input.js:115:9)
      at Object.input 
(node_modules/@testing-library/user-event/dist/cjs/event/input.js:37:9)
      at node_modules/@testing-library/user-event/dist/cjs/event/behavior/keypr
ess.js:31:26
      at Object.dispatchEvent (node_modules/@testing-library/user-event/dist/cj
s/event/dispatchEvent.js:41:13)
      at Object.dispatchUIEvent (node_modules/@testing-library/user-event/dist/
cjs/event/dispatchEvent.js:22:26)
      at KeyboardHost.keydown 
(node_modules/@testing-library/user-event/dist/cjs/system/keyboard.js:76:22)
      at keyboardAction 
(node_modules/@testing-library/user-event/dist/cjs/keyboard/index.js:22:35)
      at Object.keyboard 
(node_modules/@testing-library/user-event/dist/cjs/keyboard/index.js:11:15)
      at Object.type 
(node_modules/@testing-library/user-event/dist/cjs/utility/type.js:17:5)
      at Object.<anonymous> 
(src/settings/__tests__/AccountAdministrationPage.test.tsx:317:9)

    console.error
      Warning: An update to AccountAdministrationPage inside a test was not 
wrapped in act(...).
      
      When testing, code that causes React state updates should be wrapped 
into act(...):
      
      act(() => {
        /* fire events that update state */
      });
      /* assert on the output */
      
      This ensures that you're testing the behavior the user would see in the 
browser. Learn more at https://reactjs.org/link/wrap-tests-with-act
          at AccountAdministrationPage (C:\Users\samhe\OneDrive\Desktop\Cleaned
\frontend\src\settings\AccountAdministrationPage.tsx:96:39)
          at basenameProp (C:\Users\samhe\OneDrive\Desktop\Cleaned\frontend\nod
e_modules\react-router\lib\components.tsx:421:13)
          at basename (C:\Users\samhe\OneDrive\Desktop\Cleaned\frontend\node_mo
dules\react-router\lib\components.tsx:225:3)

      140 |         return (e: React.ChangeEvent<HTMLInputElement | 
HTMLSelectElement>) => {
      141 |             setFilters(f => ({ ...f, [field]: e.target.value }))
    > 142 |             setPage(1)
          |             ^
      143 |         }
      144 |     }
      145 |

      at printWarning 
(node_modules/react-dom/cjs/react-dom.development.js:86:30)
      at error (node_modules/react-dom/cjs/react-dom.development.js:60:7)
      at warnIfUpdatesNotWrappedWithActDEV 
(node_modules/react-dom/cjs/react-dom.development.js:27628:9)
      at scheduleUpdateOnFiber 
(node_modules/react-dom/cjs/react-dom.development.js:25547:5)
      at dispatchSetState 
(node_modules/react-dom/cjs/react-dom.development.js:16708:7)
      at src/settings/AccountAdministrationPage.tsx:142:13
      at HTMLUnknownElement.callCallback 
(node_modules/react-dom/cjs/react-dom.development.js:4164:14)
      at HTMLUnknownElement.callTheUserObjectsOperation 
(node_modules/jsdom/lib/jsdom/living/generated/EventListener.js:26:30)
      at innerInvokeEventListeners 
(node_modules/jsdom/lib/jsdom/living/events/EventTarget-impl.js:350:25)
      at invokeEventListeners 
(node_modules/jsdom/lib/jsdom/living/events/EventTarget-impl.js:286:3)
      at HTMLUnknownElementImpl._dispatch 
(node_modules/jsdom/lib/jsdom/living/events/EventTarget-impl.js:233:9)
      at HTMLUnknownElementImpl.dispatchEvent 
(node_modules/jsdom/lib/jsdom/living/events/EventTarget-impl.js:104:17)
      at HTMLUnknownElement.dispatchEvent 
(node_modules/jsdom/lib/jsdom/living/generated/EventTarget.js:241:34)
      at Object.invokeGuardedCallbackDev 
(node_modules/react-dom/cjs/react-dom.development.js:4213:16)
      at invokeGuardedCallback 
(node_modules/react-dom/cjs/react-dom.development.js:4277:31)
      at invokeGuardedCallbackAndCatchFirstError 
(node_modules/react-dom/cjs/react-dom.development.js:4291:25)
      at executeDispatch 
(node_modules/react-dom/cjs/react-dom.development.js:9041:3)
      at processDispatchQueueItemsInOrder 
(node_modules/react-dom/cjs/react-dom.development.js:9073:7)
      at processDispatchQueue 
(node_modules/react-dom/cjs/react-dom.development.js:9086:5)
      at dispatchEventsForPlugins 
(node_modules/react-dom/cjs/react-dom.development.js:9097:3)
      at node_modules/react-dom/cjs/react-dom.development.js:9288:12
      at batchedUpdates$1 
(node_modules/react-dom/cjs/react-dom.development.js:26179:12)
      at batchedUpdates 
(node_modules/react-dom/cjs/react-dom.development.js:3991:12)
      at dispatchEventForPluginEventSystem 
(node_modules/react-dom/cjs/react-dom.development.js:9287:3)
      at dispatchEventWithEnableCapturePhaseSelectiveHydrationWithoutDiscreteEv
entReplay (node_modules/react-dom/cjs/react-dom.development.js:6465:5)
      at dispatchEvent 
(node_modules/react-dom/cjs/react-dom.development.js:6457:5)
      at dispatchDiscreteEvent 
(node_modules/react-dom/cjs/react-dom.development.js:6430:5)
      at HTMLDivElement.callTheUserObjectsOperation 
(node_modules/jsdom/lib/jsdom/living/generated/EventListener.js:26:30)
      at innerInvokeEventListeners 
(node_modules/jsdom/lib/jsdom/living/events/EventTarget-impl.js:350:25)
      at invokeEventListeners 
(node_modules/jsdom/lib/jsdom/living/events/EventTarget-impl.js:286:3)
      at HTMLInputElementImpl._dispatch 
(node_modules/jsdom/lib/jsdom/living/events/EventTarget-impl.js:233:9)
      at HTMLInputElementImpl.dispatchEvent 
(node_modules/jsdom/lib/jsdom/living/events/EventTarget-impl.js:104:17)
      at HTMLInputElement.dispatchEvent 
(node_modules/jsdom/lib/jsdom/living/generated/EventTarget.js:241:34)
      at 
node_modules/@testing-library/user-event/dist/cjs/event/dispatchEvent.js:45:43
      at Object.eventWrapper 
(node_modules/@testing-library/dom/dist/config.js:25:23)
      at Object.wrapEvent 
(node_modules/@testing-library/user-event/dist/cjs/event/wrapEvent.js:6:28)
      at Object.dispatchEvent (node_modules/@testing-library/user-event/dist/cj
s/event/dispatchEvent.js:45:22)
      at Object.dispatchUIEvent (node_modules/@testing-library/user-event/dist/
cjs/event/dispatchEvent.js:22:26)
      at commitInput 
(node_modules/@testing-library/user-event/dist/cjs/event/input.js:145:14)
      at editInputElement 
(node_modules/@testing-library/user-event/dist/cjs/event/input.js:115:9)
      at Object.input 
(node_modules/@testing-library/user-event/dist/cjs/event/input.js:37:9)
      at node_modules/@testing-library/user-event/dist/cjs/event/behavior/keypr
ess.js:31:26
      at Object.dispatchEvent (node_modules/@testing-library/user-event/dist/cj
s/event/dispatchEvent.js:41:13)
      at Object.dispatchUIEvent (node_modules/@testing-library/user-event/dist/
cjs/event/dispatchEvent.js:22:26)
      at KeyboardHost.keydown 
(node_modules/@testing-library/user-event/dist/cjs/system/keyboard.js:76:22)
      at keyboardAction 
(node_modules/@testing-library/user-event/dist/cjs/keyboard/index.js:22:35)
      at Object.keyboard 
(node_modules/@testing-library/user-event/dist/cjs/keyboard/index.js:11:15)
      at Object.type 
(node_modules/@testing-library/user-event/dist/cjs/utility/type.js:17:5)
      at Object.<anonymous> 
(src/settings/__tests__/AccountAdministrationPage.test.tsx:317:9)

    console.error
      Warning: An update to AccountAdministrationPage inside a test was not 
wrapped in act(...).
      
      When testing, code that causes React state updates should be wrapped 
into act(...):
      
      act(() => {
        /* fire events that update state */
      });
      /* assert on the output */
      
      This ensures that you're testing the behavior the user would see in the 
browser. Learn more at https://reactjs.org/link/wrap-tests-with-act
          at AccountAdministrationPage (C:\Users\samhe\OneDrive\Desktop\Cleaned
\frontend\src\settings\AccountAdministrationPage.tsx:96:39)
          at basenameProp (C:\Users\samhe\OneDrive\Desktop\Cleaned\frontend\nod
e_modules\react-router\lib\components.tsx:421:13)
          at basename (C:\Users\samhe\OneDrive\Desktop\Cleaned\frontend\node_mo
dules\react-router\lib\components.tsx:225:3)

      139 |     function setFilter(field: keyof Filters) {
      140 |         return (e: React.ChangeEvent<HTMLInputElement | 
HTMLSelectElement>) => {
    > 141 |             setFilters(f => ({ ...f, [field]: e.target.value }))
          |             ^
      142 |             setPage(1)
      143 |         }
      144 |     }

      at printWarning 
(node_modules/react-dom/cjs/react-dom.development.js:86:30)
      at error (node_modules/react-dom/cjs/react-dom.development.js:60:7)
      at warnIfUpdatesNotWrappedWithActDEV 
(node_modules/react-dom/cjs/react-dom.development.js:27628:9)
      at scheduleUpdateOnFiber 
(node_modules/react-dom/cjs/react-dom.development.js:25547:5)
      at dispatchSetState 
(node_modules/react-dom/cjs/react-dom.development.js:16708:7)
      at src/settings/AccountAdministrationPage.tsx:141:13
      at HTMLUnknownElement.callCallback 
(node_modules/react-dom/cjs/react-dom.development.js:4164:14)
      at HTMLUnknownElement.callTheUserObjectsOperation 
(node_modules/jsdom/lib/jsdom/living/generated/EventListener.js:26:30)
      at innerInvokeEventListeners 
(node_modules/jsdom/lib/jsdom/living/events/EventTarget-impl.js:350:25)
      at invokeEventListeners 
(node_modules/jsdom/lib/jsdom/living/events/EventTarget-impl.js:286:3)
      at HTMLUnknownElementImpl._dispatch 
(node_modules/jsdom/lib/jsdom/living/events/EventTarget-impl.js:233:9)
      at HTMLUnknownElementImpl.dispatchEvent 
(node_modules/jsdom/lib/jsdom/living/events/EventTarget-impl.js:104:17)
      at HTMLUnknownElement.dispatchEvent 
(node_modules/jsdom/lib/jsdom/living/generated/EventTarget.js:241:34)
      at Object.invokeGuardedCallbackDev 
(node_modules/react-dom/cjs/react-dom.development.js:4213:16)
      at invokeGuardedCallback 
(node_modules/react-dom/cjs/react-dom.development.js:4277:31)
      at invokeGuardedCallbackAndCatchFirstError 
(node_modules/react-dom/cjs/react-dom.development.js:4291:25)
      at executeDispatch 
(node_modules/react-dom/cjs/react-dom.development.js:9041:3)
      at processDispatchQueueItemsInOrder 
(node_modules/react-dom/cjs/react-dom.development.js:9073:7)
      at processDispatchQueue 
(node_modules/react-dom/cjs/react-dom.development.js:9086:5)
      at dispatchEventsForPlugins 
(node_modules/react-dom/cjs/react-dom.development.js:9097:3)
      at node_modules/react-dom/cjs/react-dom.development.js:9288:12
      at batchedUpdates$1 
(node_modules/react-dom/cjs/react-dom.development.js:26179:12)
      at batchedUpdates 
(node_modules/react-dom/cjs/react-dom.development.js:3991:12)
      at dispatchEventForPluginEventSystem 
(node_modules/react-dom/cjs/react-dom.development.js:9287:3)
      at dispatchEventWithEnableCapturePhaseSelectiveHydrationWithoutDiscreteEv
entReplay (node_modules/react-dom/cjs/react-dom.development.js:6465:5)
      at dispatchEvent 
(node_modules/react-dom/cjs/react-dom.development.js:6457:5)
      at dispatchDiscreteEvent 
(node_modules/react-dom/cjs/react-dom.development.js:6430:5)
      at HTMLDivElement.callTheUserObjectsOperation 
(node_modules/jsdom/lib/jsdom/living/generated/EventListener.js:26:30)
      at innerInvokeEventListeners 
(node_modules/jsdom/lib/jsdom/living/events/EventTarget-impl.js:350:25)
      at invokeEventListeners 
(node_modules/jsdom/lib/jsdom/living/events/EventTarget-impl.js:286:3)
      at HTMLInputElementImpl._dispatch 
(node_modules/jsdom/lib/jsdom/living/events/EventTarget-impl.js:233:9)
      at HTMLInputElementImpl.dispatchEvent 
(node_modules/jsdom/lib/jsdom/living/events/EventTarget-impl.js:104:17)
      at HTMLInputElement.dispatchEvent 
(node_modules/jsdom/lib/jsdom/living/generated/EventTarget.js:241:34)
      at 
node_modules/@testing-library/user-event/dist/cjs/event/dispatchEvent.js:45:43
      at Object.eventWrapper 
(node_modules/@testing-library/dom/dist/config.js:25:23)
      at Object.wrapEvent 
(node_modules/@testing-library/user-event/dist/cjs/event/wrapEvent.js:6:28)
      at Object.dispatchEvent (node_modules/@testing-library/user-event/dist/cj
s/event/dispatchEvent.js:45:22)
      at Object.dispatchUIEvent (node_modules/@testing-library/user-event/dist/
cjs/event/dispatchEvent.js:22:26)
      at commitInput 
(node_modules/@testing-library/user-event/dist/cjs/event/input.js:145:14)
      at editInputElement 
(node_modules/@testing-library/user-event/dist/cjs/event/input.js:115:9)
      at Object.input 
(node_modules/@testing-library/user-event/dist/cjs/event/input.js:37:9)
      at node_modules/@testing-library/user-event/dist/cjs/event/behavior/keypr
ess.js:31:26
      at Object.dispatchEvent (node_modules/@testing-library/user-event/dist/cj
s/event/dispatchEvent.js:41:13)
      at Object.dispatchUIEvent (node_modules/@testing-library/user-event/dist/
cjs/event/dispatchEvent.js:22:26)
      at KeyboardHost.keydown 
(node_modules/@testing-library/user-event/dist/cjs/system/keyboard.js:76:22)
      at keyboardAction 
(node_modules/@testing-library/user-event/dist/cjs/keyboard/index.js:22:35)
      at Object.keyboard 
(node_modules/@testing-library/user-event/dist/cjs/keyboard/index.js:11:15)
      at Object.type 
(node_modules/@testing-library/user-event/dist/cjs/utility/type.js:17:5)
      at Object.<anonymous> 
(src/settings/__tests__/AccountAdministrationPage.test.tsx:317:9)

    console.error
      Warning: An update to AccountAdministrationPage inside a test was not 
wrapped in act(...).
      
      When testing, code that causes React state updates should be wrapped 
into act(...):
      
      act(() => {
        /* fire events that update state */
      });
      /* assert on the output */
      
      This ensures that you're testing the behavior the user would see in the 
browser. Learn more at https://reactjs.org/link/wrap-tests-with-act
          at AccountAdministrationPage (C:\Users\samhe\OneDrive\Desktop\Cleaned
\frontend\src\settings\AccountAdministrationPage.tsx:96:39)
          at basenameProp (C:\Users\samhe\OneDrive\Desktop\Cleaned\frontend\nod
e_modules\react-router\lib\components.tsx:421:13)
          at basename (C:\Users\samhe\OneDrive\Desktop\Cleaned\frontend\node_mo
dules\react-router\lib\components.tsx:225:3)

      140 |         return (e: React.ChangeEvent<HTMLInputElement | 
HTMLSelectElement>) => {
      141 |             setFilters(f => ({ ...f, [field]: e.target.value }))
    > 142 |             setPage(1)
          |             ^
      143 |         }
      144 |     }
      145 |

      at printWarning 
(node_modules/react-dom/cjs/react-dom.development.js:86:30)
      at error (node_modules/react-dom/cjs/react-dom.development.js:60:7)
      at warnIfUpdatesNotWrappedWithActDEV 
(node_modules/react-dom/cjs/react-dom.development.js:27628:9)
      at scheduleUpdateOnFiber 
(node_modules/react-dom/cjs/react-dom.development.js:25547:5)
      at dispatchSetState 
(node_modules/react-dom/cjs/react-dom.development.js:16708:7)
      at src/settings/AccountAdministrationPage.tsx:142:13
      at HTMLUnknownElement.callCallback 
(node_modules/react-dom/cjs/react-dom.development.js:4164:14)
      at HTMLUnknownElement.callTheUserObjectsOperation 
(node_modules/jsdom/lib/jsdom/living/generated/EventListener.js:26:30)
      at innerInvokeEventListeners 
(node_modules/jsdom/lib/jsdom/living/events/EventTarget-impl.js:350:25)
      at invokeEventListeners 
(node_modules/jsdom/lib/jsdom/living/events/EventTarget-impl.js:286:3)
      at HTMLUnknownElementImpl._dispatch 
(node_modules/jsdom/lib/jsdom/living/events/EventTarget-impl.js:233:9)
      at HTMLUnknownElementImpl.dispatchEvent 
(node_modules/jsdom/lib/jsdom/living/events/EventTarget-impl.js:104:17)
      at HTMLUnknownElement.dispatchEvent 
(node_modules/jsdom/lib/jsdom/living/generated/EventTarget.js:241:34)
      at Object.invokeGuardedCallbackDev 
(node_modules/react-dom/cjs/react-dom.development.js:4213:16)
      at invokeGuardedCallback 
(node_modules/react-dom/cjs/react-dom.development.js:4277:31)
      at invokeGuardedCallbackAndCatchFirstError 
(node_modules/react-dom/cjs/react-dom.development.js:4291:25)
      at executeDispatch 
(node_modules/react-dom/cjs/react-dom.development.js:9041:3)
      at processDispatchQueueItemsInOrder 
(node_modules/react-dom/cjs/react-dom.development.js:9073:7)
      at processDispatchQueue 
(node_modules/react-dom/cjs/react-dom.development.js:9086:5)
      at dispatchEventsForPlugins 
(node_modules/react-dom/cjs/react-dom.development.js:9097:3)
      at node_modules/react-dom/cjs/react-dom.development.js:9288:12
      at batchedUpdates$1 
(node_modules/react-dom/cjs/react-dom.development.js:26179:12)
      at batchedUpdates 
(node_modules/react-dom/cjs/react-dom.development.js:3991:12)
      at dispatchEventForPluginEventSystem 
(node_modules/react-dom/cjs/react-dom.development.js:9287:3)
      at dispatchEventWithEnableCapturePhaseSelectiveHydrationWithoutDiscreteEv
entReplay (node_modules/react-dom/cjs/react-dom.development.js:6465:5)
      at dispatchEvent 
(node_modules/react-dom/cjs/react-dom.development.js:6457:5)
      at dispatchDiscreteEvent 
(node_modules/react-dom/cjs/react-dom.development.js:6430:5)
      at HTMLDivElement.callTheUserObjectsOperation 
(node_modules/jsdom/lib/jsdom/living/generated/EventListener.js:26:30)
      at innerInvokeEventListeners 
(node_modules/jsdom/lib/jsdom/living/events/EventTarget-impl.js:350:25)
      at invokeEventListeners 
(node_modules/jsdom/lib/jsdom/living/events/EventTarget-impl.js:286:3)
      at HTMLInputElementImpl._dispatch 
(node_modules/jsdom/lib/jsdom/living/events/EventTarget-impl.js:233:9)
      at HTMLInputElementImpl.dispatchEvent 
(node_modules/jsdom/lib/jsdom/living/events/EventTarget-impl.js:104:17)
      at HTMLInputElement.dispatchEvent 
(node_modules/jsdom/lib/jsdom/living/generated/EventTarget.js:241:34)
      at 
node_modules/@testing-library/user-event/dist/cjs/event/dispatchEvent.js:45:43
      at Object.eventWrapper 
(node_modules/@testing-library/dom/dist/config.js:25:23)
      at Object.wrapEvent 
(node_modules/@testing-library/user-event/dist/cjs/event/wrapEvent.js:6:28)
      at Object.dispatchEvent (node_modules/@testing-library/user-event/dist/cj
s/event/dispatchEvent.js:45:22)
      at Object.dispatchUIEvent (node_modules/@testing-library/user-event/dist/
cjs/event/dispatchEvent.js:22:26)
      at commitInput 
(node_modules/@testing-library/user-event/dist/cjs/event/input.js:145:14)
      at editInputElement 
(node_modules/@testing-library/user-event/dist/cjs/event/input.js:115:9)
      at Object.input 
(node_modules/@testing-library/user-event/dist/cjs/event/input.js:37:9)
      at node_modules/@testing-library/user-event/dist/cjs/event/behavior/keypr
ess.js:31:26
      at Object.dispatchEvent (node_modules/@testing-library/user-event/dist/cj
s/event/dispatchEvent.js:41:13)
      at Object.dispatchUIEvent (node_modules/@testing-library/user-event/dist/
cjs/event/dispatchEvent.js:22:26)
      at KeyboardHost.keydown 
(node_modules/@testing-library/user-event/dist/cjs/system/keyboard.js:76:22)
      at keyboardAction 
(node_modules/@testing-library/user-event/dist/cjs/keyboard/index.js:22:35)
      at Object.keyboard 
(node_modules/@testing-library/user-event/dist/cjs/keyboard/index.js:11:15)
      at Object.type 
(node_modules/@testing-library/user-event/dist/cjs/utility/type.js:17:5)
      at Object.<anonymous> 
(src/settings/__tests__/AccountAdministrationPage.test.tsx:317:9)

    console.error
      Warning: An update to AccountAdministrationPage inside a test was not 
wrapped in act(...).
      
      When testing, code that causes React state updates should be wrapped 
into act(...):
      
      act(() => {
        /* fire events that update state */
      });
      /* assert on the output */
      
      This ensures that you're testing the behavior the user would see in the 
browser. Learn more at https://reactjs.org/link/wrap-tests-with-act
          at AccountAdministrationPage (C:\Users\samhe\OneDrive\Desktop\Cleaned
\frontend\src\settings\AccountAdministrationPage.tsx:96:39)
          at basenameProp (C:\Users\samhe\OneDrive\Desktop\Cleaned\frontend\nod
e_modules\react-router\lib\components.tsx:421:13)
          at basename (C:\Users\samhe\OneDrive\Desktop\Cleaned\frontend\node_mo
dules\react-router\lib\components.tsx:225:3)

      139 |     function setFilter(field: keyof Filters) {
      140 |         return (e: React.ChangeEvent<HTMLInputElement | 
HTMLSelectElement>) => {
    > 141 |             setFilters(f => ({ ...f, [field]: e.target.value }))
          |             ^
      142 |             setPage(1)
      143 |         }
      144 |     }

      at printWarning 
(node_modules/react-dom/cjs/react-dom.development.js:86:30)
      at error (node_modules/react-dom/cjs/react-dom.development.js:60:7)
      at warnIfUpdatesNotWrappedWithActDEV 
(node_modules/react-dom/cjs/react-dom.development.js:27628:9)
      at scheduleUpdateOnFiber 
(node_modules/react-dom/cjs/react-dom.development.js:25547:5)
      at dispatchSetState 
(node_modules/react-dom/cjs/react-dom.development.js:16708:7)
      at src/settings/AccountAdministrationPage.tsx:141:13
      at HTMLUnknownElement.callCallback 
(node_modules/react-dom/cjs/react-dom.development.js:4164:14)
      at HTMLUnknownElement.callTheUserObjectsOperation 
(node_modules/jsdom/lib/jsdom/living/generated/EventListener.js:26:30)
      at innerInvokeEventListeners 
(node_modules/jsdom/lib/jsdom/living/events/EventTarget-impl.js:350:25)
      at invokeEventListeners 
(node_modules/jsdom/lib/jsdom/living/events/EventTarget-impl.js:286:3)
      at HTMLUnknownElementImpl._dispatch 
(node_modules/jsdom/lib/jsdom/living/events/EventTarget-impl.js:233:9)
      at HTMLUnknownElementImpl.dispatchEvent 
(node_modules/jsdom/lib/jsdom/living/events/EventTarget-impl.js:104:17)
      at HTMLUnknownElement.dispatchEvent 
(node_modules/jsdom/lib/jsdom/living/generated/EventTarget.js:241:34)
      at Object.invokeGuardedCallbackDev 
(node_modules/react-dom/cjs/react-dom.development.js:4213:16)
      at invokeGuardedCallback 
(node_modules/react-dom/cjs/react-dom.development.js:4277:31)
      at invokeGuardedCallbackAndCatchFirstError 
(node_modules/react-dom/cjs/react-dom.development.js:4291:25)
      at executeDispatch 
(node_modules/react-dom/cjs/react-dom.development.js:9041:3)
      at processDispatchQueueItemsInOrder 
(node_modules/react-dom/cjs/react-dom.development.js:9073:7)
      at processDispatchQueue 
(node_modules/react-dom/cjs/react-dom.development.js:9086:5)
      at dispatchEventsForPlugins 
(node_modules/react-dom/cjs/react-dom.development.js:9097:3)
      at node_modules/react-dom/cjs/react-dom.development.js:9288:12
      at batchedUpdates$1 
(node_modules/react-dom/cjs/react-dom.development.js:26179:12)
      at batchedUpdates 
(node_modules/react-dom/cjs/react-dom.development.js:3991:12)
      at dispatchEventForPluginEventSystem 
(node_modules/react-dom/cjs/react-dom.development.js:9287:3)
      at dispatchEventWithEnableCapturePhaseSelectiveHydrationWithoutDiscreteEv
entReplay (node_modules/react-dom/cjs/react-dom.development.js:6465:5)
      at dispatchEvent 
(node_modules/react-dom/cjs/react-dom.development.js:6457:5)
      at dispatchDiscreteEvent 
(node_modules/react-dom/cjs/react-dom.development.js:6430:5)
      at HTMLDivElement.callTheUserObjectsOperation 
(node_modules/jsdom/lib/jsdom/living/generated/EventListener.js:26:30)
      at innerInvokeEventListeners 
(node_modules/jsdom/lib/jsdom/living/events/EventTarget-impl.js:350:25)
      at invokeEventListeners 
(node_modules/jsdom/lib/jsdom/living/events/EventTarget-impl.js:286:3)
      at HTMLInputElementImpl._dispatch 
(node_modules/jsdom/lib/jsdom/living/events/EventTarget-impl.js:233:9)
      at HTMLInputElementImpl.dispatchEvent 
(node_modules/jsdom/lib/jsdom/living/events/EventTarget-impl.js:104:17)
      at HTMLInputElement.dispatchEvent 
(node_modules/jsdom/lib/jsdom/living/generated/EventTarget.js:241:34)
      at 
node_modules/@testing-library/user-event/dist/cjs/event/dispatchEvent.js:45:43
      at Object.eventWrapper 
(node_modules/@testing-library/dom/dist/config.js:25:23)
      at Object.wrapEvent 
(node_modules/@testing-library/user-event/dist/cjs/event/wrapEvent.js:6:28)
      at Object.dispatchEvent (node_modules/@testing-library/user-event/dist/cj
s/event/dispatchEvent.js:45:22)
      at Object.dispatchUIEvent (node_modules/@testing-library/user-event/dist/
cjs/event/dispatchEvent.js:22:26)
      at commitInput 
(node_modules/@testing-library/user-event/dist/cjs/event/input.js:145:14)
      at editInputElement 
(node_modules/@testing-library/user-event/dist/cjs/event/input.js:115:9)
      at Object.input 
(node_modules/@testing-library/user-event/dist/cjs/event/input.js:37:9)
      at node_modules/@testing-library/user-event/dist/cjs/event/behavior/keypr
ess.js:31:26
      at Object.dispatchEvent (node_modules/@testing-library/user-event/dist/cj
s/event/dispatchEvent.js:41:13)
      at Object.dispatchUIEvent (node_modules/@testing-library/user-event/dist/
cjs/event/dispatchEvent.js:22:26)
      at KeyboardHost.keydown 
(node_modules/@testing-library/user-event/dist/cjs/system/keyboard.js:76:22)
      at keyboardAction 
(node_modules/@testing-library/user-event/dist/cjs/keyboard/index.js:22:35)
      at Object.keyboard 
(node_modules/@testing-library/user-event/dist/cjs/keyboard/index.js:11:15)
      at Object.type 
(node_modules/@testing-library/user-event/dist/cjs/utility/type.js:17:5)
      at Object.<anonymous> 
(src/settings/__tests__/AccountAdministrationPage.test.tsx:317:9)

    console.error
      Warning: An update to AccountAdministrationPage inside a test was not 
wrapped in act(...).
      
      When testing, code that causes React state updates should be wrapped 
into act(...):
      
      act(() => {
        /* fire events that update state */
      });
      /* assert on the output */
      
      This ensures that you're testing the behavior the user would see in the 
browser. Learn more at https://reactjs.org/link/wrap-tests-with-act
          at AccountAdministrationPage (C:\Users\samhe\OneDrive\Desktop\Cleaned
\frontend\src\settings\AccountAdministrationPage.tsx:96:39)
          at basenameProp (C:\Users\samhe\OneDrive\Desktop\Cleaned\frontend\nod
e_modules\react-router\lib\components.tsx:421:13)
          at basename (C:\Users\samhe\OneDrive\Desktop\Cleaned\frontend\node_mo
dules\react-router\lib\components.tsx:225:3)

      140 |         return (e: React.ChangeEvent<HTMLInputElement | 
HTMLSelectElement>) => {
      141 |             setFilters(f => ({ ...f, [field]: e.target.value }))
    > 142 |             setPage(1)
          |             ^
      143 |         }
      144 |     }
      145 |

      at printWarning 
(node_modules/react-dom/cjs/react-dom.development.js:86:30)
      at error (node_modules/react-dom/cjs/react-dom.development.js:60:7)
      at warnIfUpdatesNotWrappedWithActDEV 
(node_modules/react-dom/cjs/react-dom.development.js:27628:9)
      at scheduleUpdateOnFiber 
(node_modules/react-dom/cjs/react-dom.development.js:25547:5)
      at dispatchSetState 
(node_modules/react-dom/cjs/react-dom.development.js:16708:7)
      at src/settings/AccountAdministrationPage.tsx:142:13
      at HTMLUnknownElement.callCallback 
(node_modules/react-dom/cjs/react-dom.development.js:4164:14)
      at HTMLUnknownElement.callTheUserObjectsOperation 
(node_modules/jsdom/lib/jsdom/living/generated/EventListener.js:26:30)
      at innerInvokeEventListeners 
(node_modules/jsdom/lib/jsdom/living/events/EventTarget-impl.js:350:25)
      at invokeEventListeners 
(node_modules/jsdom/lib/jsdom/living/events/EventTarget-impl.js:286:3)
      at HTMLUnknownElementImpl._dispatch 
(node_modules/jsdom/lib/jsdom/living/events/EventTarget-impl.js:233:9)
      at HTMLUnknownElementImpl.dispatchEvent 
(node_modules/jsdom/lib/jsdom/living/events/EventTarget-impl.js:104:17)
      at HTMLUnknownElement.dispatchEvent 
(node_modules/jsdom/lib/jsdom/living/generated/EventTarget.js:241:34)
      at Object.invokeGuardedCallbackDev 
(node_modules/react-dom/cjs/react-dom.development.js:4213:16)
      at invokeGuardedCallback 
(node_modules/react-dom/cjs/react-dom.development.js:4277:31)
      at invokeGuardedCallbackAndCatchFirstError 
(node_modules/react-dom/cjs/react-dom.development.js:4291:25)
      at executeDispatch 
(node_modules/react-dom/cjs/react-dom.development.js:9041:3)
      at processDispatchQueueItemsInOrder 
(node_modules/react-dom/cjs/react-dom.development.js:9073:7)
      at processDispatchQueue 
(node_modules/react-dom/cjs/react-dom.development.js:9086:5)
      at dispatchEventsForPlugins 
(node_modules/react-dom/cjs/react-dom.development.js:9097:3)
      at node_modules/react-dom/cjs/react-dom.development.js:9288:12
      at batchedUpdates$1 
(node_modules/react-dom/cjs/react-dom.development.js:26179:12)
      at batchedUpdates 
(node_modules/react-dom/cjs/react-dom.development.js:3991:12)
      at dispatchEventForPluginEventSystem 
(node_modules/react-dom/cjs/react-dom.development.js:9287:3)
      at dispatchEventWithEnableCapturePhaseSelectiveHydrationWithoutDiscreteEv
entReplay (node_modules/react-dom/cjs/react-dom.development.js:6465:5)
      at dispatchEvent 
(node_modules/react-dom/cjs/react-dom.development.js:6457:5)
      at dispatchDiscreteEvent 
(node_modules/react-dom/cjs/react-dom.development.js:6430:5)
      at HTMLDivElement.callTheUserObjectsOperation 
(node_modules/jsdom/lib/jsdom/living/generated/EventListener.js:26:30)
      at innerInvokeEventListeners 
(node_modules/jsdom/lib/jsdom/living/events/EventTarget-impl.js:350:25)
      at invokeEventListeners 
(node_modules/jsdom/lib/jsdom/living/events/EventTarget-impl.js:286:3)
      at HTMLInputElementImpl._dispatch 
(node_modules/jsdom/lib/jsdom/living/events/EventTarget-impl.js:233:9)
      at HTMLInputElementImpl.dispatchEvent 
(node_modules/jsdom/lib/jsdom/living/events/EventTarget-impl.js:104:17)
      at HTMLInputElement.dispatchEvent 
(node_modules/jsdom/lib/jsdom/living/generated/EventTarget.js:241:34)
      at 
node_modules/@testing-library/user-event/dist/cjs/event/dispatchEvent.js:45:43
      at Object.eventWrapper 
(node_modules/@testing-library/dom/dist/config.js:25:23)
      at Object.wrapEvent 
(node_modules/@testing-library/user-event/dist/cjs/event/wrapEvent.js:6:28)
      at Object.dispatchEvent (node_modules/@testing-library/user-event/dist/cj
s/event/dispatchEvent.js:45:22)
      at Object.dispatchUIEvent (node_modules/@testing-library/user-event/dist/
cjs/event/dispatchEvent.js:22:26)
      at commitInput 
(node_modules/@testing-library/user-event/dist/cjs/event/input.js:145:14)
      at editInputElement 
(node_modules/@testing-library/user-event/dist/cjs/event/input.js:115:9)
      at Object.input 
(node_modules/@testing-library/user-event/dist/cjs/event/input.js:37:9)
      at node_modules/@testing-library/user-event/dist/cjs/event/behavior/keypr
ess.js:31:26
      at Object.dispatchEvent (node_modules/@testing-library/user-event/dist/cj
s/event/dispatchEvent.js:41:13)
      at Object.dispatchUIEvent (node_modules/@testing-library/user-event/dist/
cjs/event/dispatchEvent.js:22:26)
      at KeyboardHost.keydown 
(node_modules/@testing-library/user-event/dist/cjs/system/keyboard.js:76:22)
      at keyboardAction 
(node_modules/@testing-library/user-event/dist/cjs/keyboard/index.js:22:35)
      at Object.keyboard 
(node_modules/@testing-library/user-event/dist/cjs/keyboard/index.js:11:15)
      at Object.type 
(node_modules/@testing-library/user-event/dist/cjs/utility/type.js:17:5)
      at Object.<anonymous> 
(src/settings/__tests__/AccountAdministrationPage.test.tsx:317:9)

    console.error
      Warning: An update to AccountAdministrationPage inside a test was not 
wrapped in act(...).
      
      When testing, code that causes React state updates should be wrapped 
into act(...):
      
      act(() => {
        /* fire events that update state */
      });
      /* assert on the output */
      
      This ensures that you're testing the behavior the user would see in the 
browser. Learn more at https://reactjs.org/link/wrap-tests-with-act
          at AccountAdministrationPage (C:\Users\samhe\OneDrive\Desktop\Cleaned
\frontend\src\settings\AccountAdministrationPage.tsx:96:39)
          at basenameProp (C:\Users\samhe\OneDrive\Desktop\Cleaned\frontend\nod
e_modules\react-router\lib\components.tsx:421:13)
          at basename (C:\Users\samhe\OneDrive\Desktop\Cleaned\frontend\node_mo
dules\react-router\lib\components.tsx:225:3)

      139 |     function setFilter(field: keyof Filters) {
      140 |         return (e: React.ChangeEvent<HTMLInputElement | 
HTMLSelectElement>) => {
    > 141 |             setFilters(f => ({ ...f, [field]: e.target.value }))
          |             ^
      142 |             setPage(1)
      143 |         }
      144 |     }

      at printWarning 
(node_modules/react-dom/cjs/react-dom.development.js:86:30)
      at error (node_modules/react-dom/cjs/react-dom.development.js:60:7)
      at warnIfUpdatesNotWrappedWithActDEV 
(node_modules/react-dom/cjs/react-dom.development.js:27628:9)
      at scheduleUpdateOnFiber 
(node_modules/react-dom/cjs/react-dom.development.js:25547:5)
      at dispatchSetState 
(node_modules/react-dom/cjs/react-dom.development.js:16708:7)
      at src/settings/AccountAdministrationPage.tsx:141:13
      at HTMLUnknownElement.callCallback 
(node_modules/react-dom/cjs/react-dom.development.js:4164:14)
      at HTMLUnknownElement.callTheUserObjectsOperation 
(node_modules/jsdom/lib/jsdom/living/generated/EventListener.js:26:30)
      at innerInvokeEventListeners 
(node_modules/jsdom/lib/jsdom/living/events/EventTarget-impl.js:350:25)
      at invokeEventListeners 
(node_modules/jsdom/lib/jsdom/living/events/EventTarget-impl.js:286:3)
      at HTMLUnknownElementImpl._dispatch 
(node_modules/jsdom/lib/jsdom/living/events/EventTarget-impl.js:233:9)
      at HTMLUnknownElementImpl.dispatchEvent 
(node_modules/jsdom/lib/jsdom/living/events/EventTarget-impl.js:104:17)
      at HTMLUnknownElement.dispatchEvent 
(node_modules/jsdom/lib/jsdom/living/generated/EventTarget.js:241:34)
      at Object.invokeGuardedCallbackDev 
(node_modules/react-dom/cjs/react-dom.development.js:4213:16)
      at invokeGuardedCallback 
(node_modules/react-dom/cjs/react-dom.development.js:4277:31)
      at invokeGuardedCallbackAndCatchFirstError 
(node_modules/react-dom/cjs/react-dom.development.js:4291:25)
      at executeDispatch 
(node_modules/react-dom/cjs/react-dom.development.js:9041:3)
      at processDispatchQueueItemsInOrder 
(node_modules/react-dom/cjs/react-dom.development.js:9073:7)
      at processDispatchQueue 
(node_modules/react-dom/cjs/react-dom.development.js:9086:5)
      at dispatchEventsForPlugins 
(node_modules/react-dom/cjs/react-dom.development.js:9097:3)
      at node_modules/react-dom/cjs/react-dom.development.js:9288:12
      at batchedUpdates$1 
(node_modules/react-dom/cjs/react-dom.development.js:26179:12)
      at batchedUpdates 
(node_modules/react-dom/cjs/react-dom.development.js:3991:12)
      at dispatchEventForPluginEventSystem 
(node_modules/react-dom/cjs/react-dom.development.js:9287:3)
      at dispatchEventWithEnableCapturePhaseSelectiveHydrationWithoutDiscreteEv
entReplay (node_modules/react-dom/cjs/react-dom.development.js:6465:5)
      at dispatchEvent 
(node_modules/react-dom/cjs/react-dom.development.js:6457:5)
      at dispatchDiscreteEvent 
(node_modules/react-dom/cjs/react-dom.development.js:6430:5)
      at HTMLDivElement.callTheUserObjectsOperation 
(node_modules/jsdom/lib/jsdom/living/generated/EventListener.js:26:30)
      at innerInvokeEventListeners 
(node_modules/jsdom/lib/jsdom/living/events/EventTarget-impl.js:350:25)
      at invokeEventListeners 
(node_modules/jsdom/lib/jsdom/living/events/EventTarget-impl.js:286:3)
      at HTMLInputElementImpl._dispatch 
(node_modules/jsdom/lib/jsdom/living/events/EventTarget-impl.js:233:9)
      at HTMLInputElementImpl.dispatchEvent 
(node_modules/jsdom/lib/jsdom/living/events/EventTarget-impl.js:104:17)
      at HTMLInputElement.dispatchEvent 
(node_modules/jsdom/lib/jsdom/living/generated/EventTarget.js:241:34)
      at 
node_modules/@testing-library/user-event/dist/cjs/event/dispatchEvent.js:45:43
      at Object.eventWrapper 
(node_modules/@testing-library/dom/dist/config.js:25:23)
      at Object.wrapEvent 
(node_modules/@testing-library/user-event/dist/cjs/event/wrapEvent.js:6:28)
      at Object.dispatchEvent (node_modules/@testing-library/user-event/dist/cj
s/event/dispatchEvent.js:45:22)
      at Object.dispatchUIEvent (node_modules/@testing-library/user-event/dist/
cjs/event/dispatchEvent.js:22:26)
      at commitInput 
(node_modules/@testing-library/user-event/dist/cjs/event/input.js:145:14)
      at editInputElement 
(node_modules/@testing-library/user-event/dist/cjs/event/input.js:115:9)
      at Object.input 
(node_modules/@testing-library/user-event/dist/cjs/event/input.js:37:9)
      at node_modules/@testing-library/user-event/dist/cjs/event/behavior/keypr
ess.js:31:26
      at Object.dispatchEvent (node_modules/@testing-library/user-event/dist/cj
s/event/dispatchEvent.js:41:13)
      at Object.dispatchUIEvent (node_modules/@testing-library/user-event/dist/
cjs/event/dispatchEvent.js:22:26)
      at KeyboardHost.keydown 
(node_modules/@testing-library/user-event/dist/cjs/system/keyboard.js:76:22)
      at keyboardAction 
(node_modules/@testing-library/user-event/dist/cjs/keyboard/index.js:22:35)
      at Object.keyboard 
(node_modules/@testing-library/user-event/dist/cjs/keyboard/index.js:11:15)
      at Object.type 
(node_modules/@testing-library/user-event/dist/cjs/utility/type.js:17:5)
      at Object.<anonymous> 
(src/settings/__tests__/AccountAdministrationPage.test.tsx:329:9)

    console.error
      Warning: An update to AccountAdministrationPage inside a test was not 
wrapped in act(...).
      
      When testing, code that causes React state updates should be wrapped 
into act(...):
      
      act(() => {
        /* fire events that update state */
      });
      /* assert on the output */
      
      This ensures that you're testing the behavior the user would see in the 
browser. Learn more at https://reactjs.org/link/wrap-tests-with-act
          at AccountAdministrationPage (C:\Users\samhe\OneDrive\Desktop\Cleaned
\frontend\src\settings\AccountAdministrationPage.tsx:96:39)
          at basenameProp (C:\Users\samhe\OneDrive\Desktop\Cleaned\frontend\nod
e_modules\react-router\lib\components.tsx:421:13)
          at basename (C:\Users\samhe\OneDrive\Desktop\Cleaned\frontend\node_mo
dules\react-router\lib\components.tsx:225:3)

      140 |         return (e: React.ChangeEvent<HTMLInputElement | 
HTMLSelectElement>) => {
      141 |             setFilters(f => ({ ...f, [field]: e.target.value }))
    > 142 |             setPage(1)
          |             ^
      143 |         }
      144 |     }
      145 |

      at printWarning 
(node_modules/react-dom/cjs/react-dom.development.js:86:30)
      at error (node_modules/react-dom/cjs/react-dom.development.js:60:7)
      at warnIfUpdatesNotWrappedWithActDEV 
(node_modules/react-dom/cjs/react-dom.development.js:27628:9)
      at scheduleUpdateOnFiber 
(node_modules/react-dom/cjs/react-dom.development.js:25547:5)
      at dispatchSetState 
(node_modules/react-dom/cjs/react-dom.development.js:16708:7)
      at src/settings/AccountAdministrationPage.tsx:142:13
      at HTMLUnknownElement.callCallback 
(node_modules/react-dom/cjs/react-dom.development.js:4164:14)
      at HTMLUnknownElement.callTheUserObjectsOperation 
(node_modules/jsdom/lib/jsdom/living/generated/EventListener.js:26:30)
      at innerInvokeEventListeners 
(node_modules/jsdom/lib/jsdom/living/events/EventTarget-impl.js:350:25)
      at invokeEventListeners 
(node_modules/jsdom/lib/jsdom/living/events/EventTarget-impl.js:286:3)
      at HTMLUnknownElementImpl._dispatch 
(node_modules/jsdom/lib/jsdom/living/events/EventTarget-impl.js:233:9)
      at HTMLUnknownElementImpl.dispatchEvent 
(node_modules/jsdom/lib/jsdom/living/events/EventTarget-impl.js:104:17)
      at HTMLUnknownElement.dispatchEvent 
(node_modules/jsdom/lib/jsdom/living/generated/EventTarget.js:241:34)
      at Object.invokeGuardedCallbackDev 
(node_modules/react-dom/cjs/react-dom.development.js:4213:16)
      at invokeGuardedCallback 
(node_modules/react-dom/cjs/react-dom.development.js:4277:31)
      at invokeGuardedCallbackAndCatchFirstError 
(node_modules/react-dom/cjs/react-dom.development.js:4291:25)
      at executeDispatch 
(node_modules/react-dom/cjs/react-dom.development.js:9041:3)
      at processDispatchQueueItemsInOrder 
(node_modules/react-dom/cjs/react-dom.development.js:9073:7)
      at processDispatchQueue 
(node_modules/react-dom/cjs/react-dom.development.js:9086:5)
      at dispatchEventsForPlugins 
(node_modules/react-dom/cjs/react-dom.development.js:9097:3)
      at node_modules/react-dom/cjs/react-dom.development.js:9288:12
      at batchedUpdates$1 
(node_modules/react-dom/cjs/react-dom.development.js:26179:12)
      at batchedUpdates 
(node_modules/react-dom/cjs/react-dom.development.js:3991:12)
      at dispatchEventForPluginEventSystem 
(node_modules/react-dom/cjs/react-dom.development.js:9287:3)
      at dispatchEventWithEnableCapturePhaseSelectiveHydrationWithoutDiscreteEv
entReplay (node_modules/react-dom/cjs/react-dom.development.js:6465:5)
      at dispatchEvent 
(node_modules/react-dom/cjs/react-dom.development.js:6457:5)
      at dispatchDiscreteEvent 
(node_modules/react-dom/cjs/react-dom.development.js:6430:5)
      at HTMLDivElement.callTheUserObjectsOperation 
(node_modules/jsdom/lib/jsdom/living/generated/EventListener.js:26:30)
      at innerInvokeEventListeners 
(node_modules/jsdom/lib/jsdom/living/events/EventTarget-impl.js:350:25)
      at invokeEventListeners 
(node_modules/jsdom/lib/jsdom/living/events/EventTarget-impl.js:286:3)
      at HTMLInputElementImpl._dispatch 
(node_modules/jsdom/lib/jsdom/living/events/EventTarget-impl.js:233:9)
      at HTMLInputElementImpl.dispatchEvent 
(node_modules/jsdom/lib/jsdom/living/events/EventTarget-impl.js:104:17)
      at HTMLInputElement.dispatchEvent 
(node_modules/jsdom/lib/jsdom/living/generated/EventTarget.js:241:34)
      at 
node_modules/@testing-library/user-event/dist/cjs/event/dispatchEvent.js:45:43
      at Object.eventWrapper 
(node_modules/@testing-library/dom/dist/config.js:25:23)
      at Object.wrapEvent 
(node_modules/@testing-library/user-event/dist/cjs/event/wrapEvent.js:6:28)
      at Object.dispatchEvent (node_modules/@testing-library/user-event/dist/cj
s/event/dispatchEvent.js:45:22)
      at Object.dispatchUIEvent (node_modules/@testing-library/user-event/dist/
cjs/event/dispatchEvent.js:22:26)
      at commitInput 
(node_modules/@testing-library/user-event/dist/cjs/event/input.js:145:14)
      at editInputElement 
(node_modules/@testing-library/user-event/dist/cjs/event/input.js:115:9)
      at Object.input 
(node_modules/@testing-library/user-event/dist/cjs/event/input.js:37:9)
      at node_modules/@testing-library/user-event/dist/cjs/event/behavior/keypr
ess.js:31:26
      at Object.dispatchEvent (node_modules/@testing-library/user-event/dist/cj
s/event/dispatchEvent.js:41:13)
      at Object.dispatchUIEvent (node_modules/@testing-library/user-event/dist/
cjs/event/dispatchEvent.js:22:26)
      at KeyboardHost.keydown 
(node_modules/@testing-library/user-event/dist/cjs/system/keyboard.js:76:22)
      at keyboardAction 
(node_modules/@testing-library/user-event/dist/cjs/keyboard/index.js:22:35)
      at Object.keyboard 
(node_modules/@testing-library/user-event/dist/cjs/keyboard/index.js:11:15)
      at Object.type 
(node_modules/@testing-library/user-event/dist/cjs/utility/type.js:17:5)
      at Object.<anonymous> 
(src/settings/__tests__/AccountAdministrationPage.test.tsx:329:9)

    console.error
      Warning: An update to AccountAdministrationPage inside a test was not 
wrapped in act(...).
      
      When testing, code that causes React state updates should be wrapped 
into act(...):
      
      act(() => {
        /* fire events that update state */
      });
      /* assert on the output */
      
      This ensures that you're testing the behavior the user would see in the 
browser. Learn more at https://reactjs.org/link/wrap-tests-with-act
          at AccountAdministrationPage (C:\Users\samhe\OneDrive\Desktop\Cleaned
\frontend\src\settings\AccountAdministrationPage.tsx:96:39)
          at basenameProp (C:\Users\samhe\OneDrive\Desktop\Cleaned\frontend\nod
e_modules\react-router\lib\components.tsx:421:13)
          at basename (C:\Users\samhe\OneDrive\Desktop\Cleaned\frontend\node_mo
dules\react-router\lib\components.tsx:225:3)

      139 |     function setFilter(field: keyof Filters) {
      140 |         return (e: React.ChangeEvent<HTMLInputElement | 
HTMLSelectElement>) => {
    > 141 |             setFilters(f => ({ ...f, [field]: e.target.value }))
          |             ^
      142 |             setPage(1)
      143 |         }
      144 |     }

      at printWarning 
(node_modules/react-dom/cjs/react-dom.development.js:86:30)
      at error (node_modules/react-dom/cjs/react-dom.development.js:60:7)
      at warnIfUpdatesNotWrappedWithActDEV 
(node_modules/react-dom/cjs/react-dom.development.js:27628:9)
      at scheduleUpdateOnFiber 
(node_modules/react-dom/cjs/react-dom.development.js:25547:5)
      at dispatchSetState 
(node_modules/react-dom/cjs/react-dom.development.js:16708:7)
      at src/settings/AccountAdministrationPage.tsx:141:13
      at HTMLUnknownElement.callCallback 
(node_modules/react-dom/cjs/react-dom.development.js:4164:14)
      at HTMLUnknownElement.callTheUserObjectsOperation 
(node_modules/jsdom/lib/jsdom/living/generated/EventListener.js:26:30)
      at innerInvokeEventListeners 
(node_modules/jsdom/lib/jsdom/living/events/EventTarget-impl.js:350:25)
      at invokeEventListeners 
(node_modules/jsdom/lib/jsdom/living/events/EventTarget-impl.js:286:3)
      at HTMLUnknownElementImpl._dispatch 
(node_modules/jsdom/lib/jsdom/living/events/EventTarget-impl.js:233:9)
      at HTMLUnknownElementImpl.dispatchEvent 
(node_modules/jsdom/lib/jsdom/living/events/EventTarget-impl.js:104:17)
      at HTMLUnknownElement.dispatchEvent 
(node_modules/jsdom/lib/jsdom/living/generated/EventTarget.js:241:34)
      at Object.invokeGuardedCallbackDev 
(node_modules/react-dom/cjs/react-dom.development.js:4213:16)
      at invokeGuardedCallback 
(node_modules/react-dom/cjs/react-dom.development.js:4277:31)
      at invokeGuardedCallbackAndCatchFirstError 
(node_modules/react-dom/cjs/react-dom.development.js:4291:25)
      at executeDispatch 
(node_modules/react-dom/cjs/react-dom.development.js:9041:3)
      at processDispatchQueueItemsInOrder 
(node_modules/react-dom/cjs/react-dom.development.js:9073:7)
      at processDispatchQueue 
(node_modules/react-dom/cjs/react-dom.development.js:9086:5)
      at dispatchEventsForPlugins 
(node_modules/react-dom/cjs/react-dom.development.js:9097:3)
      at node_modules/react-dom/cjs/react-dom.development.js:9288:12
      at batchedUpdates$1 
(node_modules/react-dom/cjs/react-dom.development.js:26179:12)
      at batchedUpdates 
(node_modules/react-dom/cjs/react-dom.development.js:3991:12)
      at dispatchEventForPluginEventSystem 
(node_modules/react-dom/cjs/react-dom.development.js:9287:3)
      at dispatchEventWithEnableCapturePhaseSelectiveHydrationWithoutDiscreteEv
entReplay (node_modules/react-dom/cjs/react-dom.development.js:6465:5)
      at dispatchEvent 
(node_modules/react-dom/cjs/react-dom.development.js:6457:5)
      at dispatchDiscreteEvent 
(node_modules/react-dom/cjs/react-dom.development.js:6430:5)
      at HTMLDivElement.callTheUserObjectsOperation 
(node_modules/jsdom/lib/jsdom/living/generated/EventListener.js:26:30)
      at innerInvokeEventListeners 
(node_modules/jsdom/lib/jsdom/living/events/EventTarget-impl.js:350:25)
      at invokeEventListeners 
(node_modules/jsdom/lib/jsdom/living/events/EventTarget-impl.js:286:3)
      at HTMLInputElementImpl._dispatch 
(node_modules/jsdom/lib/jsdom/living/events/EventTarget-impl.js:233:9)
      at HTMLInputElementImpl.dispatchEvent 
(node_modules/jsdom/lib/jsdom/living/events/EventTarget-impl.js:104:17)
      at HTMLInputElement.dispatchEvent 
(node_modules/jsdom/lib/jsdom/living/generated/EventTarget.js:241:34)
      at 
node_modules/@testing-library/user-event/dist/cjs/event/dispatchEvent.js:45:43
      at Object.eventWrapper 
(node_modules/@testing-library/dom/dist/config.js:25:23)
      at Object.wrapEvent 
(node_modules/@testing-library/user-event/dist/cjs/event/wrapEvent.js:6:28)
      at Object.dispatchEvent (node_modules/@testing-library/user-event/dist/cj
s/event/dispatchEvent.js:45:22)
      at Object.dispatchUIEvent (node_modules/@testing-library/user-event/dist/
cjs/event/dispatchEvent.js:22:26)
      at commitInput 
(node_modules/@testing-library/user-event/dist/cjs/event/input.js:145:14)
      at editInputElement 
(node_modules/@testing-library/user-event/dist/cjs/event/input.js:115:9)
      at Object.input 
(node_modules/@testing-library/user-event/dist/cjs/event/input.js:37:9)
      at node_modules/@testing-library/user-event/dist/cjs/event/behavior/keypr
ess.js:31:26
      at Object.dispatchEvent (node_modules/@testing-library/user-event/dist/cj
s/event/dispatchEvent.js:41:13)
      at Object.dispatchUIEvent (node_modules/@testing-library/user-event/dist/
cjs/event/dispatchEvent.js:22:26)
      at KeyboardHost.keydown 
(node_modules/@testing-library/user-event/dist/cjs/system/keyboard.js:76:22)
      at keyboardAction 
(node_modules/@testing-library/user-event/dist/cjs/keyboard/index.js:22:35)
      at Object.keyboard 
(node_modules/@testing-library/user-event/dist/cjs/keyboard/index.js:11:15)
      at Object.type 
(node_modules/@testing-library/user-event/dist/cjs/utility/type.js:17:5)
      at Object.<anonymous> 
(src/settings/__tests__/AccountAdministrationPage.test.tsx:329:9)

    console.error
      Warning: An update to AccountAdministrationPage inside a test was not 
wrapped in act(...).
      
      When testing, code that causes React state updates should be wrapped 
into act(...):
      
      act(() => {
        /* fire events that update state */
      });
      /* assert on the output */
      
      This ensures that you're testing the behavior the user would see in the 
browser. Learn more at https://reactjs.org/link/wrap-tests-with-act
          at AccountAdministrationPage (C:\Users\samhe\OneDrive\Desktop\Cleaned
\frontend\src\settings\AccountAdministrationPage.tsx:96:39)
          at basenameProp (C:\Users\samhe\OneDrive\Desktop\Cleaned\frontend\nod
e_modules\react-router\lib\components.tsx:421:13)
          at basename (C:\Users\samhe\OneDrive\Desktop\Cleaned\frontend\node_mo
dules\react-router\lib\components.tsx:225:3)

      140 |         return (e: React.ChangeEvent<HTMLInputElement | 
HTMLSelectElement>) => {
      141 |             setFilters(f => ({ ...f, [field]: e.target.value }))
    > 142 |             setPage(1)
          |             ^
      143 |         }
      144 |     }
      145 |

      at printWarning 
(node_modules/react-dom/cjs/react-dom.development.js:86:30)
      at error (node_modules/react-dom/cjs/react-dom.development.js:60:7)
      at warnIfUpdatesNotWrappedWithActDEV 
(node_modules/react-dom/cjs/react-dom.development.js:27628:9)
      at scheduleUpdateOnFiber 
(node_modules/react-dom/cjs/react-dom.development.js:25547:5)
      at dispatchSetState 
(node_modules/react-dom/cjs/react-dom.development.js:16708:7)
      at src/settings/AccountAdministrationPage.tsx:142:13
      at HTMLUnknownElement.callCallback 
(node_modules/react-dom/cjs/react-dom.development.js:4164:14)
      at HTMLUnknownElement.callTheUserObjectsOperation 
(node_modules/jsdom/lib/jsdom/living/generated/EventListener.js:26:30)
      at innerInvokeEventListeners 
(node_modules/jsdom/lib/jsdom/living/events/EventTarget-impl.js:350:25)
      at invokeEventListeners 
(node_modules/jsdom/lib/jsdom/living/events/EventTarget-impl.js:286:3)
      at HTMLUnknownElementImpl._dispatch 
(node_modules/jsdom/lib/jsdom/living/events/EventTarget-impl.js:233:9)
      at HTMLUnknownElementImpl.dispatchEvent 
(node_modules/jsdom/lib/jsdom/living/events/EventTarget-impl.js:104:17)
      at HTMLUnknownElement.dispatchEvent 
(node_modules/jsdom/lib/jsdom/living/generated/EventTarget.js:241:34)
      at Object.invokeGuardedCallbackDev 
(node_modules/react-dom/cjs/react-dom.development.js:4213:16)
      at invokeGuardedCallback 
(node_modules/react-dom/cjs/react-dom.development.js:4277:31)
      at invokeGuardedCallbackAndCatchFirstError 
(node_modules/react-dom/cjs/react-dom.development.js:4291:25)
      at executeDispatch 
(node_modules/react-dom/cjs/react-dom.development.js:9041:3)
      at processDispatchQueueItemsInOrder 
(node_modules/react-dom/cjs/react-dom.development.js:9073:7)
      at processDispatchQueue 
(node_modules/react-dom/cjs/react-dom.development.js:9086:5)
      at dispatchEventsForPlugins 
(node_modules/react-dom/cjs/react-dom.development.js:9097:3)
      at node_modules/react-dom/cjs/react-dom.development.js:9288:12
      at batchedUpdates$1 
(node_modules/react-dom/cjs/react-dom.development.js:26179:12)
      at batchedUpdates 
(node_modules/react-dom/cjs/react-dom.development.js:3991:12)
      at dispatchEventForPluginEventSystem 
(node_modules/react-dom/cjs/react-dom.development.js:9287:3)
      at dispatchEventWithEnableCapturePhaseSelectiveHydrationWithoutDiscreteEv
entReplay (node_modules/react-dom/cjs/react-dom.development.js:6465:5)
      at dispatchEvent 
(node_modules/react-dom/cjs/react-dom.development.js:6457:5)
      at dispatchDiscreteEvent 
(node_modules/react-dom/cjs/react-dom.development.js:6430:5)
      at HTMLDivElement.callTheUserObjectsOperation 
(node_modules/jsdom/lib/jsdom/living/generated/EventListener.js:26:30)
      at innerInvokeEventListeners 
(node_modules/jsdom/lib/jsdom/living/events/EventTarget-impl.js:350:25)
      at invokeEventListeners 
(node_modules/jsdom/lib/jsdom/living/events/EventTarget-impl.js:286:3)
      at HTMLInputElementImpl._dispatch 
(node_modules/jsdom/lib/jsdom/living/events/EventTarget-impl.js:233:9)
      at HTMLInputElementImpl.dispatchEvent 
(node_modules/jsdom/lib/jsdom/living/events/EventTarget-impl.js:104:17)
      at HTMLInputElement.dispatchEvent 
(node_modules/jsdom/lib/jsdom/living/generated/EventTarget.js:241:34)
      at 
node_modules/@testing-library/user-event/dist/cjs/event/dispatchEvent.js:45:43
      at Object.eventWrapper 
(node_modules/@testing-library/dom/dist/config.js:25:23)
      at Object.wrapEvent 
(node_modules/@testing-library/user-event/dist/cjs/event/wrapEvent.js:6:28)
      at Object.dispatchEvent (node_modules/@testing-library/user-event/dist/cj
s/event/dispatchEvent.js:45:22)
      at Object.dispatchUIEvent (node_modules/@testing-library/user-event/dist/
cjs/event/dispatchEvent.js:22:26)
      at commitInput 
(node_modules/@testing-library/user-event/dist/cjs/event/input.js:145:14)
      at editInputElement 
(node_modules/@testing-library/user-event/dist/cjs/event/input.js:115:9)
      at Object.input 
(node_modules/@testing-library/user-event/dist/cjs/event/input.js:37:9)
      at node_modules/@testing-library/user-event/dist/cjs/event/behavior/keypr
ess.js:31:26
      at Object.dispatchEvent (node_modules/@testing-library/user-event/dist/cj
s/event/dispatchEvent.js:41:13)
      at Object.dispatchUIEvent (node_modules/@testing-library/user-event/dist/
cjs/event/dispatchEvent.js:22:26)
      at KeyboardHost.keydown 
(node_modules/@testing-library/user-event/dist/cjs/system/keyboard.js:76:22)
      at keyboardAction 
(node_modules/@testing-library/user-event/dist/cjs/keyboard/index.js:22:35)
      at Object.keyboard 
(node_modules/@testing-library/user-event/dist/cjs/keyboard/index.js:11:15)
      at Object.type 
(node_modules/@testing-library/user-event/dist/cjs/utility/type.js:17:5)
      at Object.<anonymous> 
(src/settings/__tests__/AccountAdministrationPage.test.tsx:329:9)

    console.error
      Warning: An update to AccountAdministrationPage inside a test was not 
wrapped in act(...).
      
      When testing, code that causes React state updates should be wrapped 
into act(...):
      
      act(() => {
        /* fire events that update state */
      });
      /* assert on the output */
      
      This ensures that you're testing the behavior the user would see in the 
browser. Learn more at https://reactjs.org/link/wrap-tests-with-act
          at AccountAdministrationPage (C:\Users\samhe\OneDrive\Desktop\Cleaned
\frontend\src\settings\AccountAdministrationPage.tsx:96:39)
          at basenameProp (C:\Users\samhe\OneDrive\Desktop\Cleaned\frontend\nod
e_modules\react-router\lib\components.tsx:421:13)
          at basename (C:\Users\samhe\OneDrive\Desktop\Cleaned\frontend\node_mo
dules\react-router\lib\components.tsx:225:3)

      139 |     function setFilter(field: keyof Filters) {
      140 |         return (e: React.ChangeEvent<HTMLInputElement | 
HTMLSelectElement>) => {
    > 141 |             setFilters(f => ({ ...f, [field]: e.target.value }))
          |             ^
      142 |             setPage(1)
      143 |         }
      144 |     }

      at printWarning 
(node_modules/react-dom/cjs/react-dom.development.js:86:30)
      at error (node_modules/react-dom/cjs/react-dom.development.js:60:7)
      at warnIfUpdatesNotWrappedWithActDEV 
(node_modules/react-dom/cjs/react-dom.development.js:27628:9)
      at scheduleUpdateOnFiber 
(node_modules/react-dom/cjs/react-dom.development.js:25547:5)
      at dispatchSetState 
(node_modules/react-dom/cjs/react-dom.development.js:16708:7)
      at src/settings/AccountAdministrationPage.tsx:141:13
      at HTMLUnknownElement.callCallback 
(node_modules/react-dom/cjs/react-dom.development.js:4164:14)
      at HTMLUnknownElement.callTheUserObjectsOperation 
(node_modules/jsdom/lib/jsdom/living/generated/EventListener.js:26:30)
      at innerInvokeEventListeners 
(node_modules/jsdom/lib/jsdom/living/events/EventTarget-impl.js:350:25)
      at invokeEventListeners 
(node_modules/jsdom/lib/jsdom/living/events/EventTarget-impl.js:286:3)
      at HTMLUnknownElementImpl._dispatch 
(node_modules/jsdom/lib/jsdom/living/events/EventTarget-impl.js:233:9)
      at HTMLUnknownElementImpl.dispatchEvent 
(node_modules/jsdom/lib/jsdom/living/events/EventTarget-impl.js:104:17)
      at HTMLUnknownElement.dispatchEvent 
(node_modules/jsdom/lib/jsdom/living/generated/EventTarget.js:241:34)
      at Object.invokeGuardedCallbackDev 
(node_modules/react-dom/cjs/react-dom.development.js:4213:16)
      at invokeGuardedCallback 
(node_modules/react-dom/cjs/react-dom.development.js:4277:31)
      at invokeGuardedCallbackAndCatchFirstError 
(node_modules/react-dom/cjs/react-dom.development.js:4291:25)
      at executeDispatch 
(node_modules/react-dom/cjs/react-dom.development.js:9041:3)
      at processDispatchQueueItemsInOrder 
(node_modules/react-dom/cjs/react-dom.development.js:9073:7)
      at processDispatchQueue 
(node_modules/react-dom/cjs/react-dom.development.js:9086:5)
      at dispatchEventsForPlugins 
(node_modules/react-dom/cjs/react-dom.development.js:9097:3)
      at node_modules/react-dom/cjs/react-dom.development.js:9288:12
      at batchedUpdates$1 
(node_modules/react-dom/cjs/react-dom.development.js:26179:12)
      at batchedUpdates 
(node_modules/react-dom/cjs/react-dom.development.js:3991:12)
      at dispatchEventForPluginEventSystem 
(node_modules/react-dom/cjs/react-dom.development.js:9287:3)
      at dispatchEventWithEnableCapturePhaseSelectiveHydrationWithoutDiscreteEv
entReplay (node_modules/react-dom/cjs/react-dom.development.js:6465:5)
      at dispatchEvent 
(node_modules/react-dom/cjs/react-dom.development.js:6457:5)
      at dispatchDiscreteEvent 
(node_modules/react-dom/cjs/react-dom.development.js:6430:5)
      at HTMLDivElement.callTheUserObjectsOperation 
(node_modules/jsdom/lib/jsdom/living/generated/EventListener.js:26:30)
      at innerInvokeEventListeners 
(node_modules/jsdom/lib/jsdom/living/events/EventTarget-impl.js:350:25)
      at invokeEventListeners 
(node_modules/jsdom/lib/jsdom/living/events/EventTarget-impl.js:286:3)
      at HTMLInputElementImpl._dispatch 
(node_modules/jsdom/lib/jsdom/living/events/EventTarget-impl.js:233:9)
      at HTMLInputElementImpl.dispatchEvent 
(node_modules/jsdom/lib/jsdom/living/events/EventTarget-impl.js:104:17)
      at HTMLInputElement.dispatchEvent 
(node_modules/jsdom/lib/jsdom/living/generated/EventTarget.js:241:34)
      at 
node_modules/@testing-library/user-event/dist/cjs/event/dispatchEvent.js:45:43
      at Object.eventWrapper 
(node_modules/@testing-library/dom/dist/config.js:25:23)
      at Object.wrapEvent 
(node_modules/@testing-library/user-event/dist/cjs/event/wrapEvent.js:6:28)
      at Object.dispatchEvent (node_modules/@testing-library/user-event/dist/cj
s/event/dispatchEvent.js:45:22)
      at Object.dispatchUIEvent (node_modules/@testing-library/user-event/dist/
cjs/event/dispatchEvent.js:22:26)
      at commitInput 
(node_modules/@testing-library/user-event/dist/cjs/event/input.js:145:14)
      at editInputElement 
(node_modules/@testing-library/user-event/dist/cjs/event/input.js:115:9)
      at Object.input 
(node_modules/@testing-library/user-event/dist/cjs/event/input.js:37:9)
      at node_modules/@testing-library/user-event/dist/cjs/event/behavior/keypr
ess.js:31:26
      at Object.dispatchEvent (node_modules/@testing-library/user-event/dist/cj
s/event/dispatchEvent.js:41:13)
      at Object.dispatchUIEvent (node_modules/@testing-library/user-event/dist/
cjs/event/dispatchEvent.js:22:26)
      at KeyboardHost.keydown 
(node_modules/@testing-library/user-event/dist/cjs/system/keyboard.js:76:22)
      at keyboardAction 
(node_modules/@testing-library/user-event/dist/cjs/keyboard/index.js:22:35)
      at Object.keyboard 
(node_modules/@testing-library/user-event/dist/cjs/keyboard/index.js:11:15)
      at Object.type 
(node_modules/@testing-library/user-event/dist/cjs/utility/type.js:17:5)
      at Object.<anonymous> 
(src/settings/__tests__/AccountAdministrationPage.test.tsx:329:9)

    console.error
      Warning: An update to AccountAdministrationPage inside a test was not 
wrapped in act(...).
      
      When testing, code that causes React state updates should be wrapped 
into act(...):
      
      act(() => {
        /* fire events that update state */
      });
      /* assert on the output */
      
      This ensures that you're testing the behavior the user would see in the 
browser. Learn more at https://reactjs.org/link/wrap-tests-with-act
          at AccountAdministrationPage (C:\Users\samhe\OneDrive\Desktop\Cleaned
\frontend\src\settings\AccountAdministrationPage.tsx:96:39)
          at basenameProp (C:\Users\samhe\OneDrive\Desktop\Cleaned\frontend\nod
e_modules\react-router\lib\components.tsx:421:13)
          at basename (C:\Users\samhe\OneDrive\Desktop\Cleaned\frontend\node_mo
dules\react-router\lib\components.tsx:225:3)

      140 |         return (e: React.ChangeEvent<HTMLInputElement | 
HTMLSelectElement>) => {
      141 |             setFilters(f => ({ ...f, [field]: e.target.value }))
    > 142 |             setPage(1)
          |             ^
      143 |         }
      144 |     }
      145 |

      at printWarning 
(node_modules/react-dom/cjs/react-dom.development.js:86:30)
      at error (node_modules/react-dom/cjs/react-dom.development.js:60:7)
      at warnIfUpdatesNotWrappedWithActDEV 
(node_modules/react-dom/cjs/react-dom.development.js:27628:9)
      at scheduleUpdateOnFiber 
(node_modules/react-dom/cjs/react-dom.development.js:25547:5)
      at dispatchSetState 
(node_modules/react-dom/cjs/react-dom.development.js:16708:7)
      at src/settings/AccountAdministrationPage.tsx:142:13
      at HTMLUnknownElement.callCallback 
(node_modules/react-dom/cjs/react-dom.development.js:4164:14)
      at HTMLUnknownElement.callTheUserObjectsOperation 
(node_modules/jsdom/lib/jsdom/living/generated/EventListener.js:26:30)
      at innerInvokeEventListeners 
(node_modules/jsdom/lib/jsdom/living/events/EventTarget-impl.js:350:25)
      at invokeEventListeners 
(node_modules/jsdom/lib/jsdom/living/events/EventTarget-impl.js:286:3)
      at HTMLUnknownElementImpl._dispatch 
(node_modules/jsdom/lib/jsdom/living/events/EventTarget-impl.js:233:9)
      at HTMLUnknownElementImpl.dispatchEvent 
(node_modules/jsdom/lib/jsdom/living/events/EventTarget-impl.js:104:17)
      at HTMLUnknownElement.dispatchEvent 
(node_modules/jsdom/lib/jsdom/living/generated/EventTarget.js:241:34)
      at Object.invokeGuardedCallbackDev 
(node_modules/react-dom/cjs/react-dom.development.js:4213:16)
      at invokeGuardedCallback 
(node_modules/react-dom/cjs/react-dom.development.js:4277:31)
      at invokeGuardedCallbackAndCatchFirstError 
(node_modules/react-dom/cjs/react-dom.development.js:4291:25)
      at executeDispatch 
(node_modules/react-dom/cjs/react-dom.development.js:9041:3)
      at processDispatchQueueItemsInOrder 
(node_modules/react-dom/cjs/react-dom.development.js:9073:7)
      at processDispatchQueue 
(node_modules/react-dom/cjs/react-dom.development.js:9086:5)
      at dispatchEventsForPlugins 
(node_modules/react-dom/cjs/react-dom.development.js:9097:3)
      at node_modules/react-dom/cjs/react-dom.development.js:9288:12
      at batchedUpdates$1 
(node_modules/react-dom/cjs/react-dom.development.js:26179:12)
      at batchedUpdates 
(node_modules/react-dom/cjs/react-dom.development.js:3991:12)
      at dispatchEventForPluginEventSystem 
(node_modules/react-dom/cjs/react-dom.development.js:9287:3)
      at dispatchEventWithEnableCapturePhaseSelectiveHydrationWithoutDiscreteEv
entReplay (node_modules/react-dom/cjs/react-dom.development.js:6465:5)
      at dispatchEvent 
(node_modules/react-dom/cjs/react-dom.development.js:6457:5)
      at dispatchDiscreteEvent 
(node_modules/react-dom/cjs/react-dom.development.js:6430:5)
      at HTMLDivElement.callTheUserObjectsOperation 
(node_modules/jsdom/lib/jsdom/living/generated/EventListener.js:26:30)
      at innerInvokeEventListeners 
(node_modules/jsdom/lib/jsdom/living/events/EventTarget-impl.js:350:25)
      at invokeEventListeners 
(node_modules/jsdom/lib/jsdom/living/events/EventTarget-impl.js:286:3)
      at HTMLInputElementImpl._dispatch 
(node_modules/jsdom/lib/jsdom/living/events/EventTarget-impl.js:233:9)
      at HTMLInputElementImpl.dispatchEvent 
(node_modules/jsdom/lib/jsdom/living/events/EventTarget-impl.js:104:17)
      at HTMLInputElement.dispatchEvent 
(node_modules/jsdom/lib/jsdom/living/generated/EventTarget.js:241:34)
      at 
node_modules/@testing-library/user-event/dist/cjs/event/dispatchEvent.js:45:43
      at Object.eventWrapper 
(node_modules/@testing-library/dom/dist/config.js:25:23)
      at Object.wrapEvent 
(node_modules/@testing-library/user-event/dist/cjs/event/wrapEvent.js:6:28)
      at Object.dispatchEvent (node_modules/@testing-library/user-event/dist/cj
s/event/dispatchEvent.js:45:22)
      at Object.dispatchUIEvent (node_modules/@testing-library/user-event/dist/
cjs/event/dispatchEvent.js:22:26)
      at commitInput 
(node_modules/@testing-library/user-event/dist/cjs/event/input.js:145:14)
      at editInputElement 
(node_modules/@testing-library/user-event/dist/cjs/event/input.js:115:9)
      at Object.input 
(node_modules/@testing-library/user-event/dist/cjs/event/input.js:37:9)
      at node_modules/@testing-library/user-event/dist/cjs/event/behavior/keypr
ess.js:31:26
      at Object.dispatchEvent (node_modules/@testing-library/user-event/dist/cj
s/event/dispatchEvent.js:41:13)
      at Object.dispatchUIEvent (node_modules/@testing-library/user-event/dist/
cjs/event/dispatchEvent.js:22:26)
      at KeyboardHost.keydown 
(node_modules/@testing-library/user-event/dist/cjs/system/keyboard.js:76:22)
      at keyboardAction 
(node_modules/@testing-library/user-event/dist/cjs/keyboard/index.js:22:35)
      at Object.keyboard 
(node_modules/@testing-library/user-event/dist/cjs/keyboard/index.js:11:15)
      at Object.type 
(node_modules/@testing-library/user-event/dist/cjs/utility/type.js:17:5)
      at Object.<anonymous> 
(src/settings/__tests__/AccountAdministrationPage.test.tsx:329:9)

    console.error
      Warning: An update to AccountAdministrationPage inside a test was not 
wrapped in act(...).
      
      When testing, code that causes React state updates should be wrapped 
into act(...):
      
      act(() => {
        /* fire events that update state */
      });
      /* assert on the output */
      
      This ensures that you're testing the behavior the user would see in the 
browser. Learn more at https://reactjs.org/link/wrap-tests-with-act
          at AccountAdministrationPage (C:\Users\samhe\OneDrive\Desktop\Cleaned
\frontend\src\settings\AccountAdministrationPage.tsx:96:39)
          at basenameProp (C:\Users\samhe\OneDrive\Desktop\Cleaned\frontend\nod
e_modules\react-router\lib\components.tsx:421:13)
          at basename (C:\Users\samhe\OneDrive\Desktop\Cleaned\frontend\node_mo
dules\react-router\lib\components.tsx:225:3)

      139 |     function setFilter(field: keyof Filters) {
      140 |         return (e: React.ChangeEvent<HTMLInputElement | 
HTMLSelectElement>) => {
    > 141 |             setFilters(f => ({ ...f, [field]: e.target.value }))
          |             ^
      142 |             setPage(1)
      143 |         }
      144 |     }

      at printWarning 
(node_modules/react-dom/cjs/react-dom.development.js:86:30)
      at error (node_modules/react-dom/cjs/react-dom.development.js:60:7)
      at warnIfUpdatesNotWrappedWithActDEV 
(node_modules/react-dom/cjs/react-dom.development.js:27628:9)
      at scheduleUpdateOnFiber 
(node_modules/react-dom/cjs/react-dom.development.js:25547:5)
      at dispatchSetState 
(node_modules/react-dom/cjs/react-dom.development.js:16708:7)
      at src/settings/AccountAdministrationPage.tsx:141:13
      at HTMLUnknownElement.callCallback 
(node_modules/react-dom/cjs/react-dom.development.js:4164:14)
      at HTMLUnknownElement.callTheUserObjectsOperation 
(node_modules/jsdom/lib/jsdom/living/generated/EventListener.js:26:30)
      at innerInvokeEventListeners 
(node_modules/jsdom/lib/jsdom/living/events/EventTarget-impl.js:350:25)
      at invokeEventListeners 
(node_modules/jsdom/lib/jsdom/living/events/EventTarget-impl.js:286:3)
      at HTMLUnknownElementImpl._dispatch 
(node_modules/jsdom/lib/jsdom/living/events/EventTarget-impl.js:233:9)
      at HTMLUnknownElementImpl.dispatchEvent 
(node_modules/jsdom/lib/jsdom/living/events/EventTarget-impl.js:104:17)
      at HTMLUnknownElement.dispatchEvent 
(node_modules/jsdom/lib/jsdom/living/generated/EventTarget.js:241:34)
      at Object.invokeGuardedCallbackDev 
(node_modules/react-dom/cjs/react-dom.development.js:4213:16)
      at invokeGuardedCallback 
(node_modules/react-dom/cjs/react-dom.development.js:4277:31)
      at invokeGuardedCallbackAndCatchFirstError 
(node_modules/react-dom/cjs/react-dom.development.js:4291:25)
      at executeDispatch 
(node_modules/react-dom/cjs/react-dom.development.js:9041:3)
      at processDispatchQueueItemsInOrder 
(node_modules/react-dom/cjs/react-dom.development.js:9073:7)
      at processDispatchQueue 
(node_modules/react-dom/cjs/react-dom.development.js:9086:5)
      at dispatchEventsForPlugins 
(node_modules/react-dom/cjs/react-dom.development.js:9097:3)
      at node_modules/react-dom/cjs/react-dom.development.js:9288:12
      at batchedUpdates$1 
(node_modules/react-dom/cjs/react-dom.development.js:26179:12)
      at batchedUpdates 
(node_modules/react-dom/cjs/react-dom.development.js:3991:12)
      at dispatchEventForPluginEventSystem 
(node_modules/react-dom/cjs/react-dom.development.js:9287:3)
      at dispatchEventWithEnableCapturePhaseSelectiveHydrationWithoutDiscreteEv
entReplay (node_modules/react-dom/cjs/react-dom.development.js:6465:5)
      at dispatchEvent 
(node_modules/react-dom/cjs/react-dom.development.js:6457:5)
      at dispatchDiscreteEvent 
(node_modules/react-dom/cjs/react-dom.development.js:6430:5)
      at HTMLDivElement.callTheUserObjectsOperation 
(node_modules/jsdom/lib/jsdom/living/generated/EventListener.js:26:30)
      at innerInvokeEventListeners 
(node_modules/jsdom/lib/jsdom/living/events/EventTarget-impl.js:350:25)
      at invokeEventListeners 
(node_modules/jsdom/lib/jsdom/living/events/EventTarget-impl.js:286:3)
      at HTMLInputElementImpl._dispatch 
(node_modules/jsdom/lib/jsdom/living/events/EventTarget-impl.js:233:9)
      at HTMLInputElementImpl.dispatchEvent 
(node_modules/jsdom/lib/jsdom/living/events/EventTarget-impl.js:104:17)
      at HTMLInputElement.dispatchEvent 
(node_modules/jsdom/lib/jsdom/living/generated/EventTarget.js:241:34)
      at 
node_modules/@testing-library/user-event/dist/cjs/event/dispatchEvent.js:45:43
      at Object.eventWrapper 
(node_modules/@testing-library/dom/dist/config.js:25:23)
      at Object.wrapEvent 
(node_modules/@testing-library/user-event/dist/cjs/event/wrapEvent.js:6:28)
      at Object.dispatchEvent (node_modules/@testing-library/user-event/dist/cj
s/event/dispatchEvent.js:45:22)
      at Object.dispatchUIEvent (node_modules/@testing-library/user-event/dist/
cjs/event/dispatchEvent.js:22:26)
      at commitInput 
(node_modules/@testing-library/user-event/dist/cjs/event/input.js:145:14)
      at editInputElement 
(node_modules/@testing-library/user-event/dist/cjs/event/input.js:115:9)
      at Object.input 
(node_modules/@testing-library/user-event/dist/cjs/event/input.js:37:9)
      at node_modules/@testing-library/user-event/dist/cjs/event/behavior/keypr
ess.js:31:26
      at Object.dispatchEvent (node_modules/@testing-library/user-event/dist/cj
s/event/dispatchEvent.js:41:13)
      at Object.dispatchUIEvent (node_modules/@testing-library/user-event/dist/
cjs/event/dispatchEvent.js:22:26)
      at KeyboardHost.keydown 
(node_modules/@testing-library/user-event/dist/cjs/system/keyboard.js:76:22)
      at keyboardAction 
(node_modules/@testing-library/user-event/dist/cjs/keyboard/index.js:22:35)
      at Object.keyboard 
(node_modules/@testing-library/user-event/dist/cjs/keyboard/index.js:11:15)
      at Object.type 
(node_modules/@testing-library/user-event/dist/cjs/utility/type.js:17:5)
      at Object.<anonymous> 
(src/settings/__tests__/AccountAdministrationPage.test.tsx:329:9)

    console.error
      Warning: An update to AccountAdministrationPage inside a test was not 
wrapped in act(...).
      
      When testing, code that causes React state updates should be wrapped 
into act(...):
      
      act(() => {
        /* fire events that update state */
      });
      /* assert on the output */
      
      This ensures that you're testing the behavior the user would see in the 
browser. Learn more at https://reactjs.org/link/wrap-tests-with-act
          at AccountAdministrationPage (C:\Users\samhe\OneDrive\Desktop\Cleaned
\frontend\src\settings\AccountAdministrationPage.tsx:96:39)
          at basenameProp (C:\Users\samhe\OneDrive\Desktop\Cleaned\frontend\nod
e_modules\react-router\lib\components.tsx:421:13)
          at basename (C:\Users\samhe\OneDrive\Desktop\Cleaned\frontend\node_mo
dules\react-router\lib\components.tsx:225:3)

      140 |         return (e: React.ChangeEvent<HTMLInputElement | 
HTMLSelectElement>) => {
      141 |             setFilters(f => ({ ...f, [field]: e.target.value }))
    > 142 |             setPage(1)
          |             ^
      143 |         }
      144 |     }
      145 |

      at printWarning 
(node_modules/react-dom/cjs/react-dom.development.js:86:30)
      at error (node_modules/react-dom/cjs/react-dom.development.js:60:7)
      at warnIfUpdatesNotWrappedWithActDEV 
(node_modules/react-dom/cjs/react-dom.development.js:27628:9)
      at scheduleUpdateOnFiber 
(node_modules/react-dom/cjs/react-dom.development.js:25547:5)
      at dispatchSetState 
(node_modules/react-dom/cjs/react-dom.development.js:16708:7)
      at src/settings/AccountAdministrationPage.tsx:142:13
      at HTMLUnknownElement.callCallback 
(node_modules/react-dom/cjs/react-dom.development.js:4164:14)
      at HTMLUnknownElement.callTheUserObjectsOperation 
(node_modules/jsdom/lib/jsdom/living/generated/EventListener.js:26:30)
      at innerInvokeEventListeners 
(node_modules/jsdom/lib/jsdom/living/events/EventTarget-impl.js:350:25)
      at invokeEventListeners 
(node_modules/jsdom/lib/jsdom/living/events/EventTarget-impl.js:286:3)
      at HTMLUnknownElementImpl._dispatch 
(node_modules/jsdom/lib/jsdom/living/events/EventTarget-impl.js:233:9)
      at HTMLUnknownElementImpl.dispatchEvent 
(node_modules/jsdom/lib/jsdom/living/events/EventTarget-impl.js:104:17)
      at HTMLUnknownElement.dispatchEvent 
(node_modules/jsdom/lib/jsdom/living/generated/EventTarget.js:241:34)
      at Object.invokeGuardedCallbackDev 
(node_modules/react-dom/cjs/react-dom.development.js:4213:16)
      at invokeGuardedCallback 
(node_modules/react-dom/cjs/react-dom.development.js:4277:31)
      at invokeGuardedCallbackAndCatchFirstError 
(node_modules/react-dom/cjs/react-dom.development.js:4291:25)
      at executeDispatch 
(node_modules/react-dom/cjs/react-dom.development.js:9041:3)
      at processDispatchQueueItemsInOrder 
(node_modules/react-dom/cjs/react-dom.development.js:9073:7)
      at processDispatchQueue 
(node_modules/react-dom/cjs/react-dom.development.js:9086:5)
      at dispatchEventsForPlugins 
(node_modules/react-dom/cjs/react-dom.development.js:9097:3)
      at node_modules/react-dom/cjs/react-dom.development.js:9288:12
      at batchedUpdates$1 
(node_modules/react-dom/cjs/react-dom.development.js:26179:12)
      at batchedUpdates 
(node_modules/react-dom/cjs/react-dom.development.js:3991:12)
      at dispatchEventForPluginEventSystem 
(node_modules/react-dom/cjs/react-dom.development.js:9287:3)
      at dispatchEventWithEnableCapturePhaseSelectiveHydrationWithoutDiscreteEv
entReplay (node_modules/react-dom/cjs/react-dom.development.js:6465:5)
      at dispatchEvent 
(node_modules/react-dom/cjs/react-dom.development.js:6457:5)
      at dispatchDiscreteEvent 
(node_modules/react-dom/cjs/react-dom.development.js:6430:5)
      at HTMLDivElement.callTheUserObjectsOperation 
(node_modules/jsdom/lib/jsdom/living/generated/EventListener.js:26:30)
      at innerInvokeEventListeners 
(node_modules/jsdom/lib/jsdom/living/events/EventTarget-impl.js:350:25)
      at invokeEventListeners 
(node_modules/jsdom/lib/jsdom/living/events/EventTarget-impl.js:286:3)
      at HTMLInputElementImpl._dispatch 
(node_modules/jsdom/lib/jsdom/living/events/EventTarget-impl.js:233:9)
      at HTMLInputElementImpl.dispatchEvent 
(node_modules/jsdom/lib/jsdom/living/events/EventTarget-impl.js:104:17)
      at HTMLInputElement.dispatchEvent 
(node_modules/jsdom/lib/jsdom/living/generated/EventTarget.js:241:34)
      at 
node_modules/@testing-library/user-event/dist/cjs/event/dispatchEvent.js:45:43
      at Object.eventWrapper 
(node_modules/@testing-library/dom/dist/config.js:25:23)
      at Object.wrapEvent 
(node_modules/@testing-library/user-event/dist/cjs/event/wrapEvent.js:6:28)
      at Object.dispatchEvent (node_modules/@testing-library/user-event/dist/cj
s/event/dispatchEvent.js:45:22)
      at Object.dispatchUIEvent (node_modules/@testing-library/user-event/dist/
cjs/event/dispatchEvent.js:22:26)
      at commitInput 
(node_modules/@testing-library/user-event/dist/cjs/event/input.js:145:14)
      at editInputElement 
(node_modules/@testing-library/user-event/dist/cjs/event/input.js:115:9)
      at Object.input 
(node_modules/@testing-library/user-event/dist/cjs/event/input.js:37:9)
      at node_modules/@testing-library/user-event/dist/cjs/event/behavior/keypr
ess.js:31:26
      at Object.dispatchEvent (node_modules/@testing-library/user-event/dist/cj
s/event/dispatchEvent.js:41:13)
      at Object.dispatchUIEvent (node_modules/@testing-library/user-event/dist/
cjs/event/dispatchEvent.js:22:26)
      at KeyboardHost.keydown 
(node_modules/@testing-library/user-event/dist/cjs/system/keyboard.js:76:22)
      at keyboardAction 
(node_modules/@testing-library/user-event/dist/cjs/keyboard/index.js:22:35)
      at Object.keyboard 
(node_modules/@testing-library/user-event/dist/cjs/keyboard/index.js:11:15)
      at Object.type 
(node_modules/@testing-library/user-event/dist/cjs/utility/type.js:17:5)
      at Object.<anonymous> 
(src/settings/__tests__/AccountAdministrationPage.test.tsx:329:9)

    console.error
      Warning: An update to AccountAdministrationPage inside a test was not 
wrapped in act(...).
      
      When testing, code that causes React state updates should be wrapped 
into act(...):
      
      act(() => {
        /* fire events that update state */
      });
      /* assert on the output */
      
      This ensures that you're testing the behavior the user would see in the 
browser. Learn more at https://reactjs.org/link/wrap-tests-with-act
          at AccountAdministrationPage (C:\Users\samhe\OneDrive\Desktop\Cleaned
\frontend\src\settings\AccountAdministrationPage.tsx:96:39)
          at basenameProp (C:\Users\samhe\OneDrive\Desktop\Cleaned\frontend\nod
e_modules\react-router\lib\components.tsx:421:13)
          at basename (C:\Users\samhe\OneDrive\Desktop\Cleaned\frontend\node_mo
dules\react-router\lib\components.tsx:225:3)

      139 |     function setFilter(field: keyof Filters) {
      140 |         return (e: React.ChangeEvent<HTMLInputElement | 
HTMLSelectElement>) => {
    > 141 |             setFilters(f => ({ ...f, [field]: e.target.value }))
          |             ^
      142 |             setPage(1)
      143 |         }
      144 |     }

      at printWarning 
(node_modules/react-dom/cjs/react-dom.development.js:86:30)
      at error (node_modules/react-dom/cjs/react-dom.development.js:60:7)
      at warnIfUpdatesNotWrappedWithActDEV 
(node_modules/react-dom/cjs/react-dom.development.js:27628:9)
      at scheduleUpdateOnFiber 
(node_modules/react-dom/cjs/react-dom.development.js:25547:5)
      at dispatchSetState 
(node_modules/react-dom/cjs/react-dom.development.js:16708:7)
      at src/settings/AccountAdministrationPage.tsx:141:13
      at HTMLUnknownElement.callCallback 
(node_modules/react-dom/cjs/react-dom.development.js:4164:14)
      at HTMLUnknownElement.callTheUserObjectsOperation 
(node_modules/jsdom/lib/jsdom/living/generated/EventListener.js:26:30)
      at innerInvokeEventListeners 
(node_modules/jsdom/lib/jsdom/living/events/EventTarget-impl.js:350:25)
      at invokeEventListeners 
(node_modules/jsdom/lib/jsdom/living/events/EventTarget-impl.js:286:3)
      at HTMLUnknownElementImpl._dispatch 
(node_modules/jsdom/lib/jsdom/living/events/EventTarget-impl.js:233:9)
      at HTMLUnknownElementImpl.dispatchEvent 
(node_modules/jsdom/lib/jsdom/living/events/EventTarget-impl.js:104:17)
      at HTMLUnknownElement.dispatchEvent 
(node_modules/jsdom/lib/jsdom/living/generated/EventTarget.js:241:34)
      at Object.invokeGuardedCallbackDev 
(node_modules/react-dom/cjs/react-dom.development.js:4213:16)
      at invokeGuardedCallback 
(node_modules/react-dom/cjs/react-dom.development.js:4277:31)
      at invokeGuardedCallbackAndCatchFirstError 
(node_modules/react-dom/cjs/react-dom.development.js:4291:25)
      at executeDispatch 
(node_modules/react-dom/cjs/react-dom.development.js:9041:3)
      at processDispatchQueueItemsInOrder 
(node_modules/react-dom/cjs/react-dom.development.js:9073:7)
      at processDispatchQueue 
(node_modules/react-dom/cjs/react-dom.development.js:9086:5)
      at dispatchEventsForPlugins 
(node_modules/react-dom/cjs/react-dom.development.js:9097:3)
      at node_modules/react-dom/cjs/react-dom.development.js:9288:12
      at batchedUpdates$1 
(node_modules/react-dom/cjs/react-dom.development.js:26179:12)
      at batchedUpdates 
(node_modules/react-dom/cjs/react-dom.development.js:3991:12)
      at dispatchEventForPluginEventSystem 
(node_modules/react-dom/cjs/react-dom.development.js:9287:3)
      at dispatchEventWithEnableCapturePhaseSelectiveHydrationWithoutDiscreteEv
entReplay (node_modules/react-dom/cjs/react-dom.development.js:6465:5)
      at dispatchEvent 
(node_modules/react-dom/cjs/react-dom.development.js:6457:5)
      at dispatchDiscreteEvent 
(node_modules/react-dom/cjs/react-dom.development.js:6430:5)
      at HTMLDivElement.callTheUserObjectsOperation 
(node_modules/jsdom/lib/jsdom/living/generated/EventListener.js:26:30)
      at innerInvokeEventListeners 
(node_modules/jsdom/lib/jsdom/living/events/EventTarget-impl.js:350:25)
      at invokeEventListeners 
(node_modules/jsdom/lib/jsdom/living/events/EventTarget-impl.js:286:3)
      at HTMLInputElementImpl._dispatch 
(node_modules/jsdom/lib/jsdom/living/events/EventTarget-impl.js:233:9)
      at HTMLInputElementImpl.dispatchEvent 
(node_modules/jsdom/lib/jsdom/living/events/EventTarget-impl.js:104:17)
      at HTMLInputElement.dispatchEvent 
(node_modules/jsdom/lib/jsdom/living/generated/EventTarget.js:241:34)
      at 
node_modules/@testing-library/user-event/dist/cjs/event/dispatchEvent.js:45:43
      at Object.eventWrapper 
(node_modules/@testing-library/dom/dist/config.js:25:23)
      at Object.wrapEvent 
(node_modules/@testing-library/user-event/dist/cjs/event/wrapEvent.js:6:28)
      at Object.dispatchEvent (node_modules/@testing-library/user-event/dist/cj
s/event/dispatchEvent.js:45:22)
      at Object.dispatchUIEvent (node_modules/@testing-library/user-event/dist/
cjs/event/dispatchEvent.js:22:26)
      at commitInput 
(node_modules/@testing-library/user-event/dist/cjs/event/input.js:145:14)
      at editInputElement 
(node_modules/@testing-library/user-event/dist/cjs/event/input.js:115:9)
      at Object.input 
(node_modules/@testing-library/user-event/dist/cjs/event/input.js:37:9)
      at node_modules/@testing-library/user-event/dist/cjs/event/behavior/keypr
ess.js:31:26
      at Object.dispatchEvent (node_modules/@testing-library/user-event/dist/cj
s/event/dispatchEvent.js:41:13)
      at Object.dispatchUIEvent (node_modules/@testing-library/user-event/dist/
cjs/event/dispatchEvent.js:22:26)
      at KeyboardHost.keydown 
(node_modules/@testing-library/user-event/dist/cjs/system/keyboard.js:76:22)
      at keyboardAction 
(node_modules/@testing-library/user-event/dist/cjs/keyboard/index.js:22:35)
      at Object.keyboard 
(node_modules/@testing-library/user-event/dist/cjs/keyboard/index.js:11:15)
      at Object.type 
(node_modules/@testing-library/user-event/dist/cjs/utility/type.js:17:5)
      at Object.<anonymous> 
(src/settings/__tests__/AccountAdministrationPage.test.tsx:329:9)

    console.error
      Warning: An update to AccountAdministrationPage inside a test was not 
wrapped in act(...).
      
      When testing, code that causes React state updates should be wrapped 
into act(...):
      
      act(() => {
        /* fire events that update state */
      });
      /* assert on the output */
      
      This ensures that you're testing the behavior the user would see in the 
browser. Learn more at https://reactjs.org/link/wrap-tests-with-act
          at AccountAdministrationPage (C:\Users\samhe\OneDrive\Desktop\Cleaned
\frontend\src\settings\AccountAdministrationPage.tsx:96:39)
          at basenameProp (C:\Users\samhe\OneDrive\Desktop\Cleaned\frontend\nod
e_modules\react-router\lib\components.tsx:421:13)
          at basename (C:\Users\samhe\OneDrive\Desktop\Cleaned\frontend\node_mo
dules\react-router\lib\components.tsx:225:3)

      140 |         return (e: React.ChangeEvent<HTMLInputElement | 
HTMLSelectElement>) => {
      141 |             setFilters(f => ({ ...f, [field]: e.target.value }))
    > 142 |             setPage(1)
          |             ^
      143 |         }
      144 |     }
      145 |

      at printWarning 
(node_modules/react-dom/cjs/react-dom.development.js:86:30)
      at error (node_modules/react-dom/cjs/react-dom.development.js:60:7)
      at warnIfUpdatesNotWrappedWithActDEV 
(node_modules/react-dom/cjs/react-dom.development.js:27628:9)
      at scheduleUpdateOnFiber 
(node_modules/react-dom/cjs/react-dom.development.js:25547:5)
      at dispatchSetState 
(node_modules/react-dom/cjs/react-dom.development.js:16708:7)
      at src/settings/AccountAdministrationPage.tsx:142:13
      at HTMLUnknownElement.callCallback 
(node_modules/react-dom/cjs/react-dom.development.js:4164:14)
      at HTMLUnknownElement.callTheUserObjectsOperation 
(node_modules/jsdom/lib/jsdom/living/generated/EventListener.js:26:30)
      at innerInvokeEventListeners 
(node_modules/jsdom/lib/jsdom/living/events/EventTarget-impl.js:350:25)
      at invokeEventListeners 
(node_modules/jsdom/lib/jsdom/living/events/EventTarget-impl.js:286:3)
      at HTMLUnknownElementImpl._dispatch 
(node_modules/jsdom/lib/jsdom/living/events/EventTarget-impl.js:233:9)
      at HTMLUnknownElementImpl.dispatchEvent 
(node_modules/jsdom/lib/jsdom/living/events/EventTarget-impl.js:104:17)
      at HTMLUnknownElement.dispatchEvent 
(node_modules/jsdom/lib/jsdom/living/generated/EventTarget.js:241:34)
      at Object.invokeGuardedCallbackDev 
(node_modules/react-dom/cjs/react-dom.development.js:4213:16)
      at invokeGuardedCallback 
(node_modules/react-dom/cjs/react-dom.development.js:4277:31)
      at invokeGuardedCallbackAndCatchFirstError 
(node_modules/react-dom/cjs/react-dom.development.js:4291:25)
      at executeDispatch 
(node_modules/react-dom/cjs/react-dom.development.js:9041:3)
      at processDispatchQueueItemsInOrder 
(node_modules/react-dom/cjs/react-dom.development.js:9073:7)
      at processDispatchQueue 
(node_modules/react-dom/cjs/react-dom.development.js:9086:5)
      at dispatchEventsForPlugins 
(node_modules/react-dom/cjs/react-dom.development.js:9097:3)
      at node_modules/react-dom/cjs/react-dom.development.js:9288:12
      at batchedUpdates$1 
(node_modules/react-dom/cjs/react-dom.development.js:26179:12)
      at batchedUpdates 
(node_modules/react-dom/cjs/react-dom.development.js:3991:12)
      at dispatchEventForPluginEventSystem 
(node_modules/react-dom/cjs/react-dom.development.js:9287:3)
      at dispatchEventWithEnableCapturePhaseSelectiveHydrationWithoutDiscreteEv
entReplay (node_modules/react-dom/cjs/react-dom.development.js:6465:5)
      at dispatchEvent 
(node_modules/react-dom/cjs/react-dom.development.js:6457:5)
      at dispatchDiscreteEvent 
(node_modules/react-dom/cjs/react-dom.development.js:6430:5)
      at HTMLDivElement.callTheUserObjectsOperation 
(node_modules/jsdom/lib/jsdom/living/generated/EventListener.js:26:30)
      at innerInvokeEventListeners 
(node_modules/jsdom/lib/jsdom/living/events/EventTarget-impl.js:350:25)
      at invokeEventListeners 
(node_modules/jsdom/lib/jsdom/living/events/EventTarget-impl.js:286:3)
      at HTMLInputElementImpl._dispatch 
(node_modules/jsdom/lib/jsdom/living/events/EventTarget-impl.js:233:9)
      at HTMLInputElementImpl.dispatchEvent 
(node_modules/jsdom/lib/jsdom/living/events/EventTarget-impl.js:104:17)
      at HTMLInputElement.dispatchEvent 
(node_modules/jsdom/lib/jsdom/living/generated/EventTarget.js:241:34)
      at 
node_modules/@testing-library/user-event/dist/cjs/event/dispatchEvent.js:45:43
      at Object.eventWrapper 
(node_modules/@testing-library/dom/dist/config.js:25:23)
      at Object.wrapEvent 
(node_modules/@testing-library/user-event/dist/cjs/event/wrapEvent.js:6:28)
      at Object.dispatchEvent (node_modules/@testing-library/user-event/dist/cj
s/event/dispatchEvent.js:45:22)
      at Object.dispatchUIEvent (node_modules/@testing-library/user-event/dist/
cjs/event/dispatchEvent.js:22:26)
      at commitInput 
(node_modules/@testing-library/user-event/dist/cjs/event/input.js:145:14)
      at editInputElement 
(node_modules/@testing-library/user-event/dist/cjs/event/input.js:115:9)
      at Object.input 
(node_modules/@testing-library/user-event/dist/cjs/event/input.js:37:9)
      at node_modules/@testing-library/user-event/dist/cjs/event/behavior/keypr
ess.js:31:26
      at Object.dispatchEvent (node_modules/@testing-library/user-event/dist/cj
s/event/dispatchEvent.js:41:13)
      at Object.dispatchUIEvent (node_modules/@testing-library/user-event/dist/
cjs/event/dispatchEvent.js:22:26)
      at KeyboardHost.keydown 
(node_modules/@testing-library/user-event/dist/cjs/system/keyboard.js:76:22)
      at keyboardAction 
(node_modules/@testing-library/user-event/dist/cjs/keyboard/index.js:22:35)
      at Object.keyboard 
(node_modules/@testing-library/user-event/dist/cjs/keyboard/index.js:11:15)
      at Object.type 
(node_modules/@testing-library/user-event/dist/cjs/utility/type.js:17:5)
      at Object.<anonymous> 
(src/settings/__tests__/AccountAdministrationPage.test.tsx:329:9)

    console.error
      Warning: An update to AccountAdministrationPage inside a test was not 
wrapped in act(...).
      
      When testing, code that causes React state updates should be wrapped 
into act(...):
      
      act(() => {
        /* fire events that update state */
      });
      /* assert on the output */
      
      This ensures that you're testing the behavior the user would see in the 
browser. Learn more at https://reactjs.org/link/wrap-tests-with-act
          at AccountAdministrationPage (C:\Users\samhe\OneDrive\Desktop\Cleaned
\frontend\src\settings\AccountAdministrationPage.tsx:96:39)
          at basenameProp (C:\Users\samhe\OneDrive\Desktop\Cleaned\frontend\nod
e_modules\react-router\lib\components.tsx:421:13)
          at basename (C:\Users\samhe\OneDrive\Desktop\Cleaned\frontend\node_mo
dules\react-router\lib\components.tsx:225:3)

      145 |
      146 |     function clearFilters() {
    > 147 |         setFilters(EMPTY_FILTERS)
          |         ^
      148 |         setPage(1)
      149 |     }
      150 |

      at printWarning 
(node_modules/react-dom/cjs/react-dom.development.js:86:30)
      at error (node_modules/react-dom/cjs/react-dom.development.js:60:7)
      at warnIfUpdatesNotWrappedWithActDEV 
(node_modules/react-dom/cjs/react-dom.development.js:27628:9)
      at scheduleUpdateOnFiber 
(node_modules/react-dom/cjs/react-dom.development.js:25547:5)
      at dispatchSetState 
(node_modules/react-dom/cjs/react-dom.development.js:16708:7)
      at clearFilters (src/settings/AccountAdministrationPage.tsx:147:9)
      at HTMLUnknownElement.callCallback 
(node_modules/react-dom/cjs/react-dom.development.js:4164:14)
      at HTMLUnknownElement.callTheUserObjectsOperation 
(node_modules/jsdom/lib/jsdom/living/generated/EventListener.js:26:30)
      at innerInvokeEventListeners 
(node_modules/jsdom/lib/jsdom/living/events/EventTarget-impl.js:350:25)
      at invokeEventListeners 
(node_modules/jsdom/lib/jsdom/living/events/EventTarget-impl.js:286:3)
      at HTMLUnknownElementImpl._dispatch 
(node_modules/jsdom/lib/jsdom/living/events/EventTarget-impl.js:233:9)
      at HTMLUnknownElementImpl.dispatchEvent 
(node_modules/jsdom/lib/jsdom/living/events/EventTarget-impl.js:104:17)
      at HTMLUnknownElement.dispatchEvent 
(node_modules/jsdom/lib/jsdom/living/generated/EventTarget.js:241:34)
      at Object.invokeGuardedCallbackDev 
(node_modules/react-dom/cjs/react-dom.development.js:4213:16)
      at invokeGuardedCallback 
(node_modules/react-dom/cjs/react-dom.development.js:4277:31)
      at invokeGuardedCallbackAndCatchFirstError 
(node_modules/react-dom/cjs/react-dom.development.js:4291:25)
      at executeDispatch 
(node_modules/react-dom/cjs/react-dom.development.js:9041:3)
      at processDispatchQueueItemsInOrder 
(node_modules/react-dom/cjs/react-dom.development.js:9073:7)
      at processDispatchQueue 
(node_modules/react-dom/cjs/react-dom.development.js:9086:5)
      at dispatchEventsForPlugins 
(node_modules/react-dom/cjs/react-dom.development.js:9097:3)
      at node_modules/react-dom/cjs/react-dom.development.js:9288:12
      at batchedUpdates$1 
(node_modules/react-dom/cjs/react-dom.development.js:26179:12)
      at batchedUpdates 
(node_modules/react-dom/cjs/react-dom.development.js:3991:12)
      at dispatchEventForPluginEventSystem 
(node_modules/react-dom/cjs/react-dom.development.js:9287:3)
      at dispatchEventWithEnableCapturePhaseSelectiveHydrationWithoutDiscreteEv
entReplay (node_modules/react-dom/cjs/react-dom.development.js:6465:5)
      at dispatchEvent 
(node_modules/react-dom/cjs/react-dom.development.js:6457:5)
      at dispatchDiscreteEvent 
(node_modules/react-dom/cjs/react-dom.development.js:6430:5)
      at HTMLDivElement.callTheUserObjectsOperation 
(node_modules/jsdom/lib/jsdom/living/generated/EventListener.js:26:30)
      at innerInvokeEventListeners 
(node_modules/jsdom/lib/jsdom/living/events/EventTarget-impl.js:350:25)
      at invokeEventListeners 
(node_modules/jsdom/lib/jsdom/living/events/EventTarget-impl.js:286:3)
      at HTMLButtonElementImpl._dispatch 
(node_modules/jsdom/lib/jsdom/living/events/EventTarget-impl.js:233:9)
      at HTMLButtonElementImpl.dispatchEvent 
(node_modules/jsdom/lib/jsdom/living/events/EventTarget-impl.js:104:17)
      at HTMLButtonElement.dispatchEvent 
(node_modules/jsdom/lib/jsdom/living/generated/EventTarget.js:241:34)
      at 
node_modules/@testing-library/user-event/dist/cjs/event/dispatchEvent.js:45:43
      at Object.eventWrapper 
(node_modules/@testing-library/dom/dist/config.js:25:23)
      at Object.wrapEvent 
(node_modules/@testing-library/user-event/dist/cjs/event/wrapEvent.js:6:28)
      at Object.dispatchEvent (node_modules/@testing-library/user-event/dist/cj
s/event/dispatchEvent.js:45:22)
      at Object.dispatchUIEvent (node_modules/@testing-library/user-event/dist/
cjs/event/dispatchEvent.js:22:26)
      at Mouse.up (node_modules/@testing-library/user-event/dist/cjs/system/poi
nter/mouse.js:100:30)
      at PointerHost.release (node_modules/@testing-library/user-event/dist/cjs
/system/pointer/index.js:87:24)
      at pointerAction 
(node_modules/@testing-library/user-event/dist/cjs/pointer/index.js:54:47)
      at Object.pointer 
(node_modules/@testing-library/user-event/dist/cjs/pointer/index.js:27:9)
      at Object.<anonymous> 
(src/settings/__tests__/AccountAdministrationPage.test.tsx:333:9)

    console.error
      Warning: An update to AccountAdministrationPage inside a test was not 
wrapped in act(...).
      
      When testing, code that causes React state updates should be wrapped 
into act(...):
      
      act(() => {
        /* fire events that update state */
      });
      /* assert on the output */
      
      This ensures that you're testing the behavior the user would see in the 
browser. Learn more at https://reactjs.org/link/wrap-tests-with-act
          at AccountAdministrationPage (C:\Users\samhe\OneDrive\Desktop\Cleaned
\frontend\src\settings\AccountAdministrationPage.tsx:96:39)
          at basenameProp (C:\Users\samhe\OneDrive\Desktop\Cleaned\frontend\nod
e_modules\react-router\lib\components.tsx:421:13)
          at basename (C:\Users\samhe\OneDrive\Desktop\Cleaned\frontend\node_mo
dules\react-router\lib\components.tsx:225:3)

      146 |     function clearFilters() {
      147 |         setFilters(EMPTY_FILTERS)
    > 148 |         setPage(1)
          |         ^
      149 |     }
      150 |
      151 |     const hasFilters = Object.values(filters).some(v => v !== '')

      at printWarning 
(node_modules/react-dom/cjs/react-dom.development.js:86:30)
      at error (node_modules/react-dom/cjs/react-dom.development.js:60:7)
      at warnIfUpdatesNotWrappedWithActDEV 
(node_modules/react-dom/cjs/react-dom.development.js:27628:9)
      at scheduleUpdateOnFiber 
(node_modules/react-dom/cjs/react-dom.development.js:25547:5)
      at dispatchSetState 
(node_modules/react-dom/cjs/react-dom.development.js:16708:7)
      at clearFilters (src/settings/AccountAdministrationPage.tsx:148:9)
      at HTMLUnknownElement.callCallback 
(node_modules/react-dom/cjs/react-dom.development.js:4164:14)
      at HTMLUnknownElement.callTheUserObjectsOperation 
(node_modules/jsdom/lib/jsdom/living/generated/EventListener.js:26:30)
      at innerInvokeEventListeners 
(node_modules/jsdom/lib/jsdom/living/events/EventTarget-impl.js:350:25)
      at invokeEventListeners 
(node_modules/jsdom/lib/jsdom/living/events/EventTarget-impl.js:286:3)
      at HTMLUnknownElementImpl._dispatch 
(node_modules/jsdom/lib/jsdom/living/events/EventTarget-impl.js:233:9)
      at HTMLUnknownElementImpl.dispatchEvent 
(node_modules/jsdom/lib/jsdom/living/events/EventTarget-impl.js:104:17)
      at HTMLUnknownElement.dispatchEvent 
(node_modules/jsdom/lib/jsdom/living/generated/EventTarget.js:241:34)
      at Object.invokeGuardedCallbackDev 
(node_modules/react-dom/cjs/react-dom.development.js:4213:16)
      at invokeGuardedCallback 
(node_modules/react-dom/cjs/react-dom.development.js:4277:31)
      at invokeGuardedCallbackAndCatchFirstError 
(node_modules/react-dom/cjs/react-dom.development.js:4291:25)
      at executeDispatch 
(node_modules/react-dom/cjs/react-dom.development.js:9041:3)
      at processDispatchQueueItemsInOrder 
(node_modules/react-dom/cjs/react-dom.development.js:9073:7)
      at processDispatchQueue 
(node_modules/react-dom/cjs/react-dom.development.js:9086:5)
      at dispatchEventsForPlugins 
(node_modules/react-dom/cjs/react-dom.development.js:9097:3)
      at node_modules/react-dom/cjs/react-dom.development.js:9288:12
      at batchedUpdates$1 
(node_modules/react-dom/cjs/react-dom.development.js:26179:12)
      at batchedUpdates 
(node_modules/react-dom/cjs/react-dom.development.js:3991:12)
      at dispatchEventForPluginEventSystem 
(node_modules/react-dom/cjs/react-dom.development.js:9287:3)
      at dispatchEventWithEnableCapturePhaseSelectiveHydrationWithoutDiscreteEv
entReplay (node_modules/react-dom/cjs/react-dom.development.js:6465:5)
      at dispatchEvent 
(node_modules/react-dom/cjs/react-dom.development.js:6457:5)
      at dispatchDiscreteEvent 
(node_modules/react-dom/cjs/react-dom.development.js:6430:5)
      at HTMLDivElement.callTheUserObjectsOperation 
(node_modules/jsdom/lib/jsdom/living/generated/EventListener.js:26:30)
      at innerInvokeEventListeners 
(node_modules/jsdom/lib/jsdom/living/events/EventTarget-impl.js:350:25)
      at invokeEventListeners 
(node_modules/jsdom/lib/jsdom/living/events/EventTarget-impl.js:286:3)
      at HTMLButtonElementImpl._dispatch 
(node_modules/jsdom/lib/jsdom/living/events/EventTarget-impl.js:233:9)
      at HTMLButtonElementImpl.dispatchEvent 
(node_modules/jsdom/lib/jsdom/living/events/EventTarget-impl.js:104:17)
      at HTMLButtonElement.dispatchEvent 
(node_modules/jsdom/lib/jsdom/living/generated/EventTarget.js:241:34)
      at 
node_modules/@testing-library/user-event/dist/cjs/event/dispatchEvent.js:45:43
      at Object.eventWrapper 
(node_modules/@testing-library/dom/dist/config.js:25:23)
      at Object.wrapEvent 
(node_modules/@testing-library/user-event/dist/cjs/event/wrapEvent.js:6:28)
      at Object.dispatchEvent (node_modules/@testing-library/user-event/dist/cj
s/event/dispatchEvent.js:45:22)
      at Object.dispatchUIEvent (node_modules/@testing-library/user-event/dist/
cjs/event/dispatchEvent.js:22:26)
      at Mouse.up (node_modules/@testing-library/user-event/dist/cjs/system/poi
nter/mouse.js:100:30)
      at PointerHost.release (node_modules/@testing-library/user-event/dist/cjs
/system/pointer/index.js:87:24)
      at pointerAction 
(node_modules/@testing-library/user-event/dist/cjs/pointer/index.js:54:47)
      at Object.pointer 
(node_modules/@testing-library/user-event/dist/cjs/pointer/index.js:27:9)
      at Object.<anonymous> 
(src/settings/__tests__/AccountAdministrationPage.test.tsx:333:9)

PASS src/home/home.test.tsx
  ÔùÅ Console

    console.warn
      ÔÜá´©Å React Router Future Flag Warning: React Router will begin 
wrapping state updates in `React.startTransition` in v7. You can use the 
`v7_startTransition` future flag to opt-in early. For more information, see 
https://reactrouter.com/v6/upgrading/future#v7_starttransition.

      138 |     // Import here so mocks are in place before module loads
      139 |     const { default: HomeDashboard } = require('./HomeDashboard')
    > 140 |     return render(
          |                  ^
      141 |         <MemoryRouter initialEntries={['/app-home']}>
      142 |             <HomeDashboard />
      143 |         </MemoryRouter>

      at warn (node_modules/react-router/lib/deprecations.ts:9:13)
      at warnOnce (node_modules/react-router/lib/deprecations.ts:14:3)
      at logDeprecation (node_modules/react-router/lib/deprecations.ts:26:5)
      at logV6DeprecationWarnings 
(node_modules/react-router/lib/components.tsx:257:25)
      at commitHookEffectListMount 
(node_modules/react-dom/cjs/react-dom.development.js:23189:26)
      at commitPassiveMountOnFiber 
(node_modules/react-dom/cjs/react-dom.development.js:24970:11)
      at commitPassiveMountEffects_complete 
(node_modules/react-dom/cjs/react-dom.development.js:24930:9)
      at commitPassiveMountEffects_begin 
(node_modules/react-dom/cjs/react-dom.development.js:24917:7)
      at commitPassiveMountEffects 
(node_modules/react-dom/cjs/react-dom.development.js:24905:3)
      at flushPassiveEffectsImpl 
(node_modules/react-dom/cjs/react-dom.development.js:27078:3)
      at flushPassiveEffects 
(node_modules/react-dom/cjs/react-dom.development.js:27023:14)
      at node_modules/react-dom/cjs/react-dom.development.js:26808:9
      at flushActQueue (node_modules/react/cjs/react.development.js:2667:24)
      at act (node_modules/react/cjs/react.development.js:2582:11)
      at node_modules/@testing-library/react/dist/act-compat.js:47:25
      at renderRoot (node_modules/@testing-library/react/dist/pure.js:180:26)
      at render (node_modules/@testing-library/react/dist/pure.js:271:10)
      at renderHomeDashboard (src/home/home.test.tsx:140:18)
      at Object.<anonymous> (src/home/home.test.tsx:158:9)

    console.warn
      ÔÜá´©Å React Router Future Flag Warning: Relative route resolution 
within Splat routes is changing in v7. You can use the `v7_relativeSplatPath` 
future flag to opt-in early. For more information, see 
https://reactrouter.com/v6/upgrading/future#v7_relativesplatpath.

      138 |     // Import here so mocks are in place before module loads
      139 |     const { default: HomeDashboard } = require('./HomeDashboard')
    > 140 |     return render(
          |                  ^
      141 |         <MemoryRouter initialEntries={['/app-home']}>
      142 |             <HomeDashboard />
      143 |         </MemoryRouter>

      at warn (node_modules/react-router/lib/deprecations.ts:9:13)
      at warnOnce (node_modules/react-router/lib/deprecations.ts:14:3)
      at logDeprecation (node_modules/react-router/lib/deprecations.ts:37:5)
      at logV6DeprecationWarnings 
(node_modules/react-router/lib/components.tsx:257:25)
      at commitHookEffectListMount 
(node_modules/react-dom/cjs/react-dom.development.js:23189:26)
      at commitPassiveMountOnFiber 
(node_modules/react-dom/cjs/react-dom.development.js:24970:11)
      at commitPassiveMountEffects_complete 
(node_modules/react-dom/cjs/react-dom.development.js:24930:9)
      at commitPassiveMountEffects_begin 
(node_modules/react-dom/cjs/react-dom.development.js:24917:7)
      at commitPassiveMountEffects 
(node_modules/react-dom/cjs/react-dom.development.js:24905:3)
      at flushPassiveEffectsImpl 
(node_modules/react-dom/cjs/react-dom.development.js:27078:3)
      at flushPassiveEffects 
(node_modules/react-dom/cjs/react-dom.development.js:27023:14)
      at node_modules/react-dom/cjs/react-dom.development.js:26808:9
      at flushActQueue (node_modules/react/cjs/react.development.js:2667:24)
      at act (node_modules/react/cjs/react.development.js:2582:11)
      at node_modules/@testing-library/react/dist/act-compat.js:47:25
      at renderRoot (node_modules/@testing-library/react/dist/pure.js:180:26)
      at render (node_modules/@testing-library/react/dist/pure.js:271:10)
      at renderHomeDashboard (src/home/home.test.tsx:140:18)
      at Object.<anonymous> (src/home/home.test.tsx:158:9)

    console.error
      Warning: An update to KpiWidget inside a test was not wrapped in 
act(...).
      
      When testing, code that causes React state updates should be wrapped 
into act(...):
      
      act(() => {
        /* fire events that update state */
      });
      /* assert on the output */
      
      This ensures that you're testing the behavior the user would see in the 
browser. Learn more at https://reactjs.org/link/wrap-tests-with-act
          at KpiWidget (C:\Users\samhe\OneDrive\Desktop\Cleaned\frontend\src\ho
me\HomeWidgets\KpiWidget.tsx:91:37)
          at div
          at HomeDashboard
          at basenameProp (C:\Users\samhe\OneDrive\Desktop\Cleaned\frontend\nod
e_modules\react-router\lib\components.tsx:421:13)
          at basename (C:\Users\samhe\OneDrive\Desktop\Cleaned\frontend\node_mo
dules\react-router\lib\components.tsx:225:3)

      109 |
      110 |         if (!cancelled) {
    > 111 |           setData({
          |           ^
      112 |             orgSubmissions: summary?.submissions?.org ?? null,
      113 |             userSubmissions: summary?.submissions?.user ?? null,
      114 |             orgQuotes: summary?.quotes?.org ?? null,

      at printWarning 
(node_modules/react-dom/cjs/react-dom.development.js:86:30)
      at error (node_modules/react-dom/cjs/react-dom.development.js:60:7)
      at warnIfUpdatesNotWrappedWithActDEV 
(node_modules/react-dom/cjs/react-dom.development.js:27628:9)
      at scheduleUpdateOnFiber 
(node_modules/react-dom/cjs/react-dom.development.js:25547:5)
      at dispatchSetState 
(node_modules/react-dom/cjs/react-dom.development.js:16708:7)
      at fetchAll (src/home/HomeWidgets/KpiWidget.tsx:111:11)

    console.error
      Warning: An update to KpiWidget inside a test was not wrapped in 
act(...).
      
      When testing, code that causes React state updates should be wrapped 
into act(...):
      
      act(() => {
        /* fire events that update state */
      });
      /* assert on the output */
      
      This ensures that you're testing the behavior the user would see in the 
browser. Learn more at https://reactjs.org/link/wrap-tests-with-act
          at KpiWidget (C:\Users\samhe\OneDrive\Desktop\Cleaned\frontend\src\ho
me\HomeWidgets\KpiWidget.tsx:91:37)
          at div
          at HomeDashboard
          at basenameProp (C:\Users\samhe\OneDrive\Desktop\Cleaned\frontend\nod
e_modules\react-router\lib\components.tsx:421:13)
          at basename (C:\Users\samhe\OneDrive\Desktop\Cleaned\frontend\node_mo
dules\react-router\lib\components.tsx:225:3)

      126 |         }
      127 |       } finally {
    > 128 |         if (!cancelled) setLoading(false)
          |                         ^
      129 |       }
      130 |     }
      131 |

      at printWarning 
(node_modules/react-dom/cjs/react-dom.development.js:86:30)
      at error (node_modules/react-dom/cjs/react-dom.development.js:60:7)
      at warnIfUpdatesNotWrappedWithActDEV 
(node_modules/react-dom/cjs/react-dom.development.js:27628:9)
      at scheduleUpdateOnFiber 
(node_modules/react-dom/cjs/react-dom.development.js:25547:5)
      at dispatchSetState 
(node_modules/react-dom/cjs/react-dom.development.js:16708:7)
      at fetchAll (src/home/HomeWidgets/KpiWidget.tsx:128:25)

    console.error
      Warning: An update to RecentActivityWidget inside a test was not wrapped 
in act(...).
      
      When testing, code that causes React state updates should be wrapped 
into act(...):
      
      act(() => {
        /* fire events that update state */
      });
      /* assert on the output */
      
      This ensures that you're testing the behavior the user would see in the 
browser. Learn more at https://reactjs.org/link/wrap-tests-with-act
          at RecentActivityWidget (C:\Users\samhe\OneDrive\Desktop\Cleaned\fron
tend\src\home\HomeWidgets\RecentActivityWidget.tsx:77:48)
          at div
          at HomeDashboard
          at basenameProp (C:\Users\samhe\OneDrive\Desktop\Cleaned\frontend\nod
e_modules\react-router\lib\components.tsx:421:13)
          at basename (C:\Users\samhe\OneDrive\Desktop\Cleaned\frontend\node_mo
dules\react-router\lib\components.tsx:225:3)

      116 |         })
      117 |
    > 118 |         if (!cancelled) setItems(combined.slice(0, 10))
          |                         ^
      119 |       } catch (err) {
      120 |         if (!cancelled) setError('Unable to load recent activity.')
      121 |       } finally {

      at printWarning 
(node_modules/react-dom/cjs/react-dom.development.js:86:30)
      at error (node_modules/react-dom/cjs/react-dom.development.js:60:7)
      at warnIfUpdatesNotWrappedWithActDEV 
(node_modules/react-dom/cjs/react-dom.development.js:27628:9)
      at scheduleUpdateOnFiber 
(node_modules/react-dom/cjs/react-dom.development.js:25547:5)
      at dispatchSetState 
(node_modules/react-dom/cjs/react-dom.development.js:16708:7)
      at fetchActivity (src/home/HomeWidgets/RecentActivityWidget.tsx:118:25)

    console.error
      Warning: An update to RecentActivityWidget inside a test was not wrapped 
in act(...).
      
      When testing, code that causes React state updates should be wrapped 
into act(...):
      
      act(() => {
        /* fire events that update state */
      });
      /* assert on the output */
      
      This ensures that you're testing the behavior the user would see in the 
browser. Learn more at https://reactjs.org/link/wrap-tests-with-act
          at RecentActivityWidget (C:\Users\samhe\OneDrive\Desktop\Cleaned\fron
tend\src\home\HomeWidgets\RecentActivityWidget.tsx:77:48)
          at div
          at HomeDashboard
          at basenameProp (C:\Users\samhe\OneDrive\Desktop\Cleaned\frontend\nod
e_modules\react-router\lib\components.tsx:421:13)
          at basename (C:\Users\samhe\OneDrive\Desktop\Cleaned\frontend\node_mo
dules\react-router\lib\components.tsx:225:3)

      120 |         if (!cancelled) setError('Unable to load recent activity.')
      121 |       } finally {
    > 122 |         if (!cancelled) setLoading(false)
          |                         ^
      123 |       }
      124 |     }
      125 |

      at printWarning 
(node_modules/react-dom/cjs/react-dom.development.js:86:30)
      at error (node_modules/react-dom/cjs/react-dom.development.js:60:7)
      at warnIfUpdatesNotWrappedWithActDEV 
(node_modules/react-dom/cjs/react-dom.development.js:27628:9)
      at scheduleUpdateOnFiber 
(node_modules/react-dom/cjs/react-dom.development.js:25547:5)
      at dispatchSetState 
(node_modules/react-dom/cjs/react-dom.development.js:16708:7)
      at fetchActivity (src/home/HomeWidgets/RecentActivityWidget.tsx:122:25)

    console.error
      Warning: An update to TasksWidget inside a test was not wrapped in 
act(...).
      
      When testing, code that causes React state updates should be wrapped 
into act(...):
      
      act(() => {
        /* fire events that update state */
      });
      /* assert on the output */
      
      This ensures that you're testing the behavior the user would see in the 
browser. Learn more at https://reactjs.org/link/wrap-tests-with-act
          at TasksWidget (C:\Users\samhe\OneDrive\Desktop\Cleaned\frontend\src\
home\HomeWidgets\TasksWidget.tsx:30:39)
          at div
          at HomeDashboard
          at basenameProp (C:\Users\samhe\OneDrive\Desktop\Cleaned\frontend\nod
e_modules\react-router\lib\components.tsx:421:13)
          at basename (C:\Users\samhe\OneDrive\Desktop\Cleaned\frontend\node_mo
dules\react-router\lib\components.tsx:225:3)

      42 |         const raw = Array.isArray(res) ? res : []
      43 |         if (!cancelled) {
    > 44 |           setTasks(raw.slice(0, 5))
         |           ^
      45 |         }
      46 |       } catch (err) {
      47 |         if (!cancelled) setError('Unable to load tasks.')

      at printWarning 
(node_modules/react-dom/cjs/react-dom.development.js:86:30)
      at error (node_modules/react-dom/cjs/react-dom.development.js:60:7)
      at warnIfUpdatesNotWrappedWithActDEV 
(node_modules/react-dom/cjs/react-dom.development.js:27628:9)
      at scheduleUpdateOnFiber 
(node_modules/react-dom/cjs/react-dom.development.js:25547:5)
      at dispatchSetState 
(node_modules/react-dom/cjs/react-dom.development.js:16708:7)
      at fetchTasks (src/home/HomeWidgets/TasksWidget.tsx:44:11)

    console.error
      Warning: An update to TasksWidget inside a test was not wrapped in 
act(...).
      
      When testing, code that causes React state updates should be wrapped 
into act(...):
      
      act(() => {
        /* fire events that update state */
      });
      /* assert on the output */
      
      This ensures that you're testing the behavior the user would see in the 
browser. Learn more at https://reactjs.org/link/wrap-tests-with-act
          at TasksWidget (C:\Users\samhe\OneDrive\Desktop\Cleaned\frontend\src\
home\HomeWidgets\TasksWidget.tsx:30:39)
          at div
          at HomeDashboard
          at basenameProp (C:\Users\samhe\OneDrive\Desktop\Cleaned\frontend\nod
e_modules\react-router\lib\components.tsx:421:13)
          at basename (C:\Users\samhe\OneDrive\Desktop\Cleaned\frontend\node_mo
dules\react-router\lib\components.tsx:225:3)

      47 |         if (!cancelled) setError('Unable to load tasks.')
      48 |       } finally {
    > 49 |         if (!cancelled) setLoading(false)
         |                         ^
      50 |       }
      51 |     }
      52 |

      at printWarning 
(node_modules/react-dom/cjs/react-dom.development.js:86:30)
      at error (node_modules/react-dom/cjs/react-dom.development.js:60:7)
      at warnIfUpdatesNotWrappedWithActDEV 
(node_modules/react-dom/cjs/react-dom.development.js:27628:9)
      at scheduleUpdateOnFiber 
(node_modules/react-dom/cjs/react-dom.development.js:25547:5)
      at dispatchSetState 
(node_modules/react-dom/cjs/react-dom.development.js:16708:7)
      at fetchTasks (src/home/HomeWidgets/TasksWidget.tsx:49:25)

    console.error
      Warning: An update to HomePage inside a test was not wrapped in act(...).
      
      When testing, code that causes React state updates should be wrapped 
into act(...):
      
      act(() => {
        /* fire events that update state */
      });
      /* assert on the output */
      
      This ensures that you're testing the behavior the user would see in the 
browser. Learn more at https://reactjs.org/link/wrap-tests-with-act
          at HomePage 
(C:\Users\samhe\OneDrive\Desktop\Cleaned\frontend\src\home\index.tsx:22:49)
          at routeContext (C:\Users\samhe\OneDrive\Desktop\Cleaned\frontend\nod
e_modules\react-router\lib\hooks.tsx:658:26)
          at children (C:\Users\samhe\OneDrive\Desktop\Cleaned\frontend\node_mo
dules\react-router\lib\components.tsx:512:3)
          at basenameProp (C:\Users\samhe\OneDrive\Desktop\Cleaned\frontend\nod
e_modules\react-router\lib\components.tsx:421:13)
          at basename (C:\Users\samhe\OneDrive\Desktop\Cleaned\frontend\node_mo
dules\react-router\lib\components.tsx:225:3)

      38 |                             aria-selected={activePage === tab.id}
      39 |                             type="button"
    > 40 |                             onClick={() => setActivePage(tab.id)}
         |                                            ^
      41 |                             className={`px-4 py-2 text-sm 
font-medium border-b-2 transition-colors ${
      42 |                                 activePage === tab.id
      43 |                                     ? 'border-brand-600 
text-brand-700'

      at printWarning 
(node_modules/react-dom/cjs/react-dom.development.js:86:30)
      at error (node_modules/react-dom/cjs/react-dom.development.js:60:7)
      at warnIfUpdatesNotWrappedWithActDEV 
(node_modules/react-dom/cjs/react-dom.development.js:27628:9)
      at scheduleUpdateOnFiber 
(node_modules/react-dom/cjs/react-dom.development.js:25547:5)
      at dispatchSetState 
(node_modules/react-dom/cjs/react-dom.development.js:16708:7)
      at onClick (src/home/index.tsx:40:44)
      at HTMLUnknownElement.callCallback 
(node_modules/react-dom/cjs/react-dom.development.js:4164:14)
      at HTMLUnknownElement.callTheUserObjectsOperation 
(node_modules/jsdom/lib/jsdom/living/generated/EventListener.js:26:30)
      at innerInvokeEventListeners 
(node_modules/jsdom/lib/jsdom/living/events/EventTarget-impl.js:350:25)
      at invokeEventListeners 
(node_modules/jsdom/lib/jsdom/living/events/EventTarget-impl.js:286:3)
      at HTMLUnknownElementImpl._dispatch 
(node_modules/jsdom/lib/jsdom/living/events/EventTarget-impl.js:233:9)
      at HTMLUnknownElementImpl.dispatchEvent 
(node_modules/jsdom/lib/jsdom/living/events/EventTarget-impl.js:104:17)
      at HTMLUnknownElement.dispatchEvent 
(node_modules/jsdom/lib/jsdom/living/generated/EventTarget.js:241:34)
      at Object.invokeGuardedCallbackDev 
(node_modules/react-dom/cjs/react-dom.development.js:4213:16)
      at invokeGuardedCallback 
(node_modules/react-dom/cjs/react-dom.development.js:4277:31)
      at invokeGuardedCallbackAndCatchFirstError 
(node_modules/react-dom/cjs/react-dom.development.js:4291:25)
      at executeDispatch 
(node_modules/react-dom/cjs/react-dom.development.js:9041:3)
      at processDispatchQueueItemsInOrder 
(node_modules/react-dom/cjs/react-dom.development.js:9073:7)
      at processDispatchQueue 
(node_modules/react-dom/cjs/react-dom.development.js:9086:5)
      at dispatchEventsForPlugins 
(node_modules/react-dom/cjs/react-dom.development.js:9097:3)
      at node_modules/react-dom/cjs/react-dom.development.js:9288:12
      at batchedUpdates$1 
(node_modules/react-dom/cjs/react-dom.development.js:26179:12)
      at batchedUpdates 
(node_modules/react-dom/cjs/react-dom.development.js:3991:12)
      at dispatchEventForPluginEventSystem 
(node_modules/react-dom/cjs/react-dom.development.js:9287:3)
      at dispatchEventWithEnableCapturePhaseSelectiveHydrationWithoutDiscreteEv
entReplay (node_modules/react-dom/cjs/react-dom.development.js:6465:5)
      at dispatchEvent 
(node_modules/react-dom/cjs/react-dom.development.js:6457:5)
      at dispatchDiscreteEvent 
(node_modules/react-dom/cjs/react-dom.development.js:6430:5)
      at HTMLDivElement.callTheUserObjectsOperation 
(node_modules/jsdom/lib/jsdom/living/generated/EventListener.js:26:30)
      at innerInvokeEventListeners 
(node_modules/jsdom/lib/jsdom/living/events/EventTarget-impl.js:350:25)
      at invokeEventListeners 
(node_modules/jsdom/lib/jsdom/living/events/EventTarget-impl.js:286:3)
      at HTMLButtonElementImpl._dispatch 
(node_modules/jsdom/lib/jsdom/living/events/EventTarget-impl.js:233:9)
      at HTMLButtonElementImpl.dispatchEvent 
(node_modules/jsdom/lib/jsdom/living/events/EventTarget-impl.js:104:17)
      at HTMLButtonElement.dispatchEvent 
(node_modules/jsdom/lib/jsdom/living/generated/EventTarget.js:241:34)
      at 
node_modules/@testing-library/user-event/dist/cjs/event/dispatchEvent.js:45:43
      at Object.eventWrapper 
(node_modules/@testing-library/dom/dist/config.js:25:23)
      at Object.wrapEvent 
(node_modules/@testing-library/user-event/dist/cjs/event/wrapEvent.js:6:28)
      at Object.dispatchEvent (node_modules/@testing-library/user-event/dist/cj
s/event/dispatchEvent.js:45:22)
      at Object.dispatchUIEvent (node_modules/@testing-library/user-event/dist/
cjs/event/dispatchEvent.js:22:26)
      at Mouse.up (node_modules/@testing-library/user-event/dist/cjs/system/poi
nter/mouse.js:100:30)
      at PointerHost.release (node_modules/@testing-library/user-event/dist/cjs
/system/pointer/index.js:87:24)
      at pointerAction 
(node_modules/@testing-library/user-event/dist/cjs/pointer/index.js:54:47)
      at Object.pointer 
(node_modules/@testing-library/user-event/dist/cjs/pointer/index.js:27:9)
      at Object.<anonymous> (src/home/home.test.tsx:567:9)

    console.error
      Warning: An update to HomeEmbeddedDashboard inside a test was not 
wrapped in act(...).
      
      When testing, code that causes React state updates should be wrapped 
into act(...):
      
      act(() => {
        /* fire events that update state */
      });
      /* assert on the output */
      
      This ensures that you're testing the behavior the user would see in the 
browser. Learn more at https://reactjs.org/link/wrap-tests-with-act
          at HomeEmbeddedDashboard (C:\Users\samhe\OneDrive\Desktop\Cleaned\fro
ntend\src\home\HomeEmbeddedDashboard.tsx:36:55)
          at div
          at div
          at HomePage 
(C:\Users\samhe\OneDrive\Desktop\Cleaned\frontend\src\home\index.tsx:22:49)
          at routeContext (C:\Users\samhe\OneDrive\Desktop\Cleaned\frontend\nod
e_modules\react-router\lib\hooks.tsx:658:26)
          at children (C:\Users\samhe\OneDrive\Desktop\Cleaned\frontend\node_mo
dules\react-router\lib\components.tsx:512:3)
          at basenameProp (C:\Users\samhe\OneDrive\Desktop\Cleaned\frontend\nod
e_modules\react-router\lib\components.tsx:421:13)
          at basename (C:\Users\samhe\OneDrive\Desktop\Cleaned\frontend\node_mo
dules\react-router\lib\components.tsx:225:3)

      54 |             }),
      55 |         ).then((entries) => {
    > 56 |             if (!cancelled) 
setFieldMappings(Object.fromEntries(entries))
         |                             ^
      57 |         })
      58 |         return () => { cancelled = true }
      59 |     }, [])

      at printWarning 
(node_modules/react-dom/cjs/react-dom.development.js:86:30)
      at error (node_modules/react-dom/cjs/react-dom.development.js:60:7)
      at warnIfUpdatesNotWrappedWithActDEV 
(node_modules/react-dom/cjs/react-dom.development.js:27628:9)
      at scheduleUpdateOnFiber 
(node_modules/react-dom/cjs/react-dom.development.js:25547:5)
      at dispatchSetState 
(node_modules/react-dom/cjs/react-dom.development.js:16708:7)
      at src/home/HomeEmbeddedDashboard.tsx:56:29

    console.error
      Warning: An update to HomeEmbeddedDashboard inside a test was not 
wrapped in act(...).
      
      When testing, code that causes React state updates should be wrapped 
into act(...):
      
      act(() => {
        /* fire events that update state */
      });
      /* assert on the output */
      
      This ensures that you're testing the behavior the user would see in the 
browser. Learn more at https://reactjs.org/link/wrap-tests-with-act
          at HomeEmbeddedDashboard (C:\Users\samhe\OneDrive\Desktop\Cleaned\fro
ntend\src\home\HomeEmbeddedDashboard.tsx:36:55)
          at div
          at div
          at HomePage 
(C:\Users\samhe\OneDrive\Desktop\Cleaned\frontend\src\home\index.tsx:22:49)
          at routeContext (C:\Users\samhe\OneDrive\Desktop\Cleaned\frontend\nod
e_modules\react-router\lib\hooks.tsx:658:26)
          at children (C:\Users\samhe\OneDrive\Desktop\Cleaned\frontend\node_mo
dules\react-router\lib\components.tsx:512:3)
          at basenameProp (C:\Users\samhe\OneDrive\Desktop\Cleaned\frontend\nod
e_modules\react-router\lib\components.tsx:421:13)
          at basename (C:\Users\samhe\OneDrive\Desktop\Cleaned\frontend\node_mo
dules\react-router\lib\components.tsx:225:3)

      68 |                     (t) => t.type === 'dashboard' && (t as unknown 
as { fields?: { showOnHomepage?: boolean } }).fields?.showOnHomepage === true,
      69 |                 )
    > 70 |                 setDashboardList(homeDashboards)
         |                 ^
      71 |                 setSelectedIndex(0)
      72 |                 if (homeDashboards.length === 0) setLoading(false)
      73 |             })

      at printWarning 
(node_modules/react-dom/cjs/react-dom.development.js:86:30)
      at error (node_modules/react-dom/cjs/react-dom.development.js:60:7)
      at warnIfUpdatesNotWrappedWithActDEV 
(node_modules/react-dom/cjs/react-dom.development.js:27628:9)
      at scheduleUpdateOnFiber 
(node_modules/react-dom/cjs/react-dom.development.js:25547:5)
      at dispatchSetState 
(node_modules/react-dom/cjs/react-dom.development.js:16708:7)
      at src/home/HomeEmbeddedDashboard.tsx:70:17

    console.error
      Warning: An update to HomeEmbeddedDashboard inside a test was not 
wrapped in act(...).
      
      When testing, code that causes React state updates should be wrapped 
into act(...):
      
      act(() => {
        /* fire events that update state */
      });
      /* assert on the output */
      
      This ensures that you're testing the behavior the user would see in the 
browser. Learn more at https://reactjs.org/link/wrap-tests-with-act
          at HomeEmbeddedDashboard (C:\Users\samhe\OneDrive\Desktop\Cleaned\fro
ntend\src\home\HomeEmbeddedDashboard.tsx:36:55)
          at div
          at div
          at HomePage 
(C:\Users\samhe\OneDrive\Desktop\Cleaned\frontend\src\home\index.tsx:22:49)
          at routeContext (C:\Users\samhe\OneDrive\Desktop\Cleaned\frontend\nod
e_modules\react-router\lib\hooks.tsx:658:26)
          at children (C:\Users\samhe\OneDrive\Desktop\Cleaned\frontend\node_mo
dules\react-router\lib\components.tsx:512:3)
          at basenameProp (C:\Users\samhe\OneDrive\Desktop\Cleaned\frontend\nod
e_modules\react-router\lib\components.tsx:421:13)
          at basename (C:\Users\samhe\OneDrive\Desktop\Cleaned\frontend\node_mo
dules\react-router\lib\components.tsx:225:3)

      69 |                 )
      70 |                 setDashboardList(homeDashboards)
    > 71 |                 setSelectedIndex(0)
         |                 ^
      72 |                 if (homeDashboards.length === 0) setLoading(false)
      73 |             })
      74 |             .catch(() => {

      at printWarning 
(node_modules/react-dom/cjs/react-dom.development.js:86:30)
      at error (node_modules/react-dom/cjs/react-dom.development.js:60:7)
      at warnIfUpdatesNotWrappedWithActDEV 
(node_modules/react-dom/cjs/react-dom.development.js:27628:9)
      at scheduleUpdateOnFiber 
(node_modules/react-dom/cjs/react-dom.development.js:25547:5)
      at dispatchSetState 
(node_modules/react-dom/cjs/react-dom.development.js:16708:7)
      at src/home/HomeEmbeddedDashboard.tsx:71:17

    console.error
      Warning: An update to HomeEmbeddedDashboard inside a test was not 
wrapped in act(...).
      
      When testing, code that causes React state updates should be wrapped 
into act(...):
      
      act(() => {
        /* fire events that update state */
      });
      /* assert on the output */
      
      This ensures that you're testing the behavior the user would see in the 
browser. Learn more at https://reactjs.org/link/wrap-tests-with-act
          at HomeEmbeddedDashboard (C:\Users\samhe\OneDrive\Desktop\Cleaned\fro
ntend\src\home\HomeEmbeddedDashboard.tsx:36:55)
          at div
          at div
          at HomePage 
(C:\Users\samhe\OneDrive\Desktop\Cleaned\frontend\src\home\index.tsx:22:49)
          at routeContext (C:\Users\samhe\OneDrive\Desktop\Cleaned\frontend\nod
e_modules\react-router\lib\hooks.tsx:658:26)
          at children (C:\Users\samhe\OneDrive\Desktop\Cleaned\frontend\node_mo
dules\react-router\lib\components.tsx:512:3)
          at basenameProp (C:\Users\samhe\OneDrive\Desktop\Cleaned\frontend\nod
e_modules\react-router\lib\components.tsx:421:13)
          at basename (C:\Users\samhe\OneDrive\Desktop\Cleaned\frontend\node_mo
dules\react-router\lib\components.tsx:225:3)

      70 |                 setDashboardList(homeDashboards)
      71 |                 setSelectedIndex(0)
    > 72 |                 if (homeDashboards.length === 0) setLoading(false)
         |                                                  ^
      73 |             })
      74 |             .catch(() => {
      75 |                 if (!cancelled) setLoading(false)

      at printWarning 
(node_modules/react-dom/cjs/react-dom.development.js:86:30)
      at error (node_modules/react-dom/cjs/react-dom.development.js:60:7)
      at warnIfUpdatesNotWrappedWithActDEV 
(node_modules/react-dom/cjs/react-dom.development.js:27628:9)
      at scheduleUpdateOnFiber 
(node_modules/react-dom/cjs/react-dom.development.js:25547:5)
      at dispatchSetState 
(node_modules/react-dom/cjs/react-dom.development.js:16708:7)
      at src/home/HomeEmbeddedDashboard.tsx:72:50

    console.error
      Warning: An update to HomeEmbeddedDashboard inside a test was not 
wrapped in act(...).
      
      When testing, code that causes React state updates should be wrapped 
into act(...):
      
      act(() => {
        /* fire events that update state */
      });
      /* assert on the output */
      
      This ensures that you're testing the behavior the user would see in the 
browser. Learn more at https://reactjs.org/link/wrap-tests-with-act
          at HomeEmbeddedDashboard (C:\Users\samhe\OneDrive\Desktop\Cleaned\fro
ntend\src\home\HomeEmbeddedDashboard.tsx:36:55)
          at basenameProp (C:\Users\samhe\OneDrive\Desktop\Cleaned\frontend\nod
e_modules\react-router\lib\components.tsx:421:13)
          at basename (C:\Users\samhe\OneDrive\Desktop\Cleaned\frontend\node_mo
dules\react-router\lib\components.tsx:225:3)

      246 |                             title={d.name}
      247 |                             type="button"
    > 248 |                             onClick={() => setSelectedIndex(idx)}
          |                                            ^
      249 |                             className={`rounded-full 
transition-all duration-200 focus:outline-none focus:ring-2 
focus:ring-brand-500 focus:ring-offset-1 ${idx === selectedIndex
      250 |                                     ? 'w-6 h-3 bg-brand-600'
      251 |                                     : 'w-3 h-3 bg-brand-200 
hover:bg-brand-400'

      at printWarning 
(node_modules/react-dom/cjs/react-dom.development.js:86:30)
      at error (node_modules/react-dom/cjs/react-dom.development.js:60:7)
      at warnIfUpdatesNotWrappedWithActDEV 
(node_modules/react-dom/cjs/react-dom.development.js:27628:9)
      at scheduleUpdateOnFiber 
(node_modules/react-dom/cjs/react-dom.development.js:25547:5)
      at dispatchSetState 
(node_modules/react-dom/cjs/react-dom.development.js:16708:7)
      at onClick (src/home/HomeEmbeddedDashboard.tsx:248:44)
      at HTMLUnknownElement.callCallback 
(node_modules/react-dom/cjs/react-dom.development.js:4164:14)
      at HTMLUnknownElement.callTheUserObjectsOperation 
(node_modules/jsdom/lib/jsdom/living/generated/EventListener.js:26:30)
      at innerInvokeEventListeners 
(node_modules/jsdom/lib/jsdom/living/events/EventTarget-impl.js:350:25)
      at invokeEventListeners 
(node_modules/jsdom/lib/jsdom/living/events/EventTarget-impl.js:286:3)
      at HTMLUnknownElementImpl._dispatch 
(node_modules/jsdom/lib/jsdom/living/events/EventTarget-impl.js:233:9)
      at HTMLUnknownElementImpl.dispatchEvent 
(node_modules/jsdom/lib/jsdom/living/events/EventTarget-impl.js:104:17)
      at HTMLUnknownElement.dispatchEvent 
(node_modules/jsdom/lib/jsdom/living/generated/EventTarget.js:241:34)
      at Object.invokeGuardedCallbackDev 
(node_modules/react-dom/cjs/react-dom.development.js:4213:16)
      at invokeGuardedCallback 
(node_modules/react-dom/cjs/react-dom.development.js:4277:31)
      at invokeGuardedCallbackAndCatchFirstError 
(node_modules/react-dom/cjs/react-dom.development.js:4291:25)
      at executeDispatch 
(node_modules/react-dom/cjs/react-dom.development.js:9041:3)
      at processDispatchQueueItemsInOrder 
(node_modules/react-dom/cjs/react-dom.development.js:9073:7)
      at processDispatchQueue 
(node_modules/react-dom/cjs/react-dom.development.js:9086:5)
      at dispatchEventsForPlugins 
(node_modules/react-dom/cjs/react-dom.development.js:9097:3)
      at node_modules/react-dom/cjs/react-dom.development.js:9288:12
      at batchedUpdates$1 
(node_modules/react-dom/cjs/react-dom.development.js:26179:12)
      at batchedUpdates 
(node_modules/react-dom/cjs/react-dom.development.js:3991:12)
      at dispatchEventForPluginEventSystem 
(node_modules/react-dom/cjs/react-dom.development.js:9287:3)
      at dispatchEventWithEnableCapturePhaseSelectiveHydrationWithoutDiscreteEv
entReplay (node_modules/react-dom/cjs/react-dom.development.js:6465:5)
      at dispatchEvent 
(node_modules/react-dom/cjs/react-dom.development.js:6457:5)
      at dispatchDiscreteEvent 
(node_modules/react-dom/cjs/react-dom.development.js:6430:5)
      at HTMLDivElement.callTheUserObjectsOperation 
(node_modules/jsdom/lib/jsdom/living/generated/EventListener.js:26:30)
      at innerInvokeEventListeners 
(node_modules/jsdom/lib/jsdom/living/events/EventTarget-impl.js:350:25)
      at invokeEventListeners 
(node_modules/jsdom/lib/jsdom/living/events/EventTarget-impl.js:286:3)
      at HTMLButtonElementImpl._dispatch 
(node_modules/jsdom/lib/jsdom/living/events/EventTarget-impl.js:233:9)
      at HTMLButtonElementImpl.dispatchEvent 
(node_modules/jsdom/lib/jsdom/living/events/EventTarget-impl.js:104:17)
      at HTMLButtonElement.dispatchEvent 
(node_modules/jsdom/lib/jsdom/living/generated/EventTarget.js:241:34)
      at 
node_modules/@testing-library/user-event/dist/cjs/event/dispatchEvent.js:45:43
      at Object.eventWrapper 
(node_modules/@testing-library/dom/dist/config.js:25:23)
      at Object.wrapEvent 
(node_modules/@testing-library/user-event/dist/cjs/event/wrapEvent.js:6:28)
      at Object.dispatchEvent (node_modules/@testing-library/user-event/dist/cj
s/event/dispatchEvent.js:45:22)
      at Object.dispatchUIEvent (node_modules/@testing-library/user-event/dist/
cjs/event/dispatchEvent.js:22:26)
      at Mouse.up (node_modules/@testing-library/user-event/dist/cjs/system/poi
nter/mouse.js:100:30)
      at PointerHost.release (node_modules/@testing-library/user-event/dist/cjs
/system/pointer/index.js:87:24)
      at pointerAction 
(node_modules/@testing-library/user-event/dist/cjs/pointer/index.js:54:47)
      at Object.pointer 
(node_modules/@testing-library/user-event/dist/cjs/pointer/index.js:27:9)
      at Object.<anonymous> (src/home/home.test.tsx:752:9)

    console.error
      Warning: An update to HomeEmbeddedDashboard inside a test was not 
wrapped in act(...).
      
      When testing, code that causes React state updates should be wrapped 
into act(...):
      
      act(() => {
        /* fire events that update state */
      });
      /* assert on the output */
      
      This ensures that you're testing the behavior the user would see in the 
browser. Learn more at https://reactjs.org/link/wrap-tests-with-act
          at HomeEmbeddedDashboard (C:\Users\samhe\OneDrive\Desktop\Cleaned\fro
ntend\src\home\HomeEmbeddedDashboard.tsx:36:55)
          at basenameProp (C:\Users\samhe\OneDrive\Desktop\Cleaned\frontend\nod
e_modules\react-router\lib\components.tsx:421:13)
          at basename (C:\Users\samhe\OneDrive\Desktop\Cleaned\frontend\node_mo
dules\react-router\lib\components.tsx:225:3)

      84 |         if (selectedId === null) return
      85 |         let cancelled = false
    > 86 |         setLoading(true)
         |         ^
      87 |         setLoadError(false)
      88 |         const defaultFilters = createDefaultDashboardFilters()
      89 |         getDashboard(selectedId)

      at printWarning 
(node_modules/react-dom/cjs/react-dom.development.js:86:30)
      at error (node_modules/react-dom/cjs/react-dom.development.js:60:7)
      at warnIfUpdatesNotWrappedWithActDEV 
(node_modules/react-dom/cjs/react-dom.development.js:27628:9)
      at scheduleUpdateOnFiber 
(node_modules/react-dom/cjs/react-dom.development.js:25547:5)
      at dispatchSetState 
(node_modules/react-dom/cjs/react-dom.development.js:16708:7)
      at src/home/HomeEmbeddedDashboard.tsx:86:9
      at commitHookEffectListMount 
(node_modules/react-dom/cjs/react-dom.development.js:23189:26)
      at commitPassiveMountOnFiber 
(node_modules/react-dom/cjs/react-dom.development.js:24970:11)
      at commitPassiveMountEffects_complete 
(node_modules/react-dom/cjs/react-dom.development.js:24930:9)
      at commitPassiveMountEffects_begin 
(node_modules/react-dom/cjs/react-dom.development.js:24917:7)
      at commitPassiveMountEffects 
(node_modules/react-dom/cjs/react-dom.development.js:24905:3)
      at flushPassiveEffectsImpl 
(node_modules/react-dom/cjs/react-dom.development.js:27078:3)
      at flushPassiveEffects 
(node_modules/react-dom/cjs/react-dom.development.js:27023:14)
      at commitRootImpl 
(node_modules/react-dom/cjs/react-dom.development.js:26974:5)
      at commitRoot 
(node_modules/react-dom/cjs/react-dom.development.js:26721:5)
      at performSyncWorkOnRoot 
(node_modules/react-dom/cjs/react-dom.development.js:26156:3)
      at flushSyncCallbacks 
(node_modules/react-dom/cjs/react-dom.development.js:12042:22)
      at node_modules/react-dom/cjs/react-dom.development.js:25690:13
      at invokeTheCallbackFunction 
(node_modules/jsdom/lib/jsdom/living/generated/Function.js:19:26)
      at node_modules/jsdom/lib/jsdom/browser/Window.js:554:9

    console.error
      Warning: An update to HomeEmbeddedDashboard inside a test was not 
wrapped in act(...).
      
      When testing, code that causes React state updates should be wrapped 
into act(...):
      
      act(() => {
        /* fire events that update state */
      });
      /* assert on the output */
      
      This ensures that you're testing the behavior the user would see in the 
browser. Learn more at https://reactjs.org/link/wrap-tests-with-act
          at HomeEmbeddedDashboard (C:\Users\samhe\OneDrive\Desktop\Cleaned\fro
ntend\src\home\HomeEmbeddedDashboard.tsx:36:55)
          at basenameProp (C:\Users\samhe\OneDrive\Desktop\Cleaned\frontend\nod
e_modules\react-router\lib\components.tsx:421:13)
          at basename (C:\Users\samhe\OneDrive\Desktop\Cleaned\frontend\node_mo
dules\react-router\lib\components.tsx:225:3)

      85 |         let cancelled = false
      86 |         setLoading(true)
    > 87 |         setLoadError(false)
         |         ^
      88 |         const defaultFilters = createDefaultDashboardFilters()
      89 |         getDashboard(selectedId)
      90 |             .then(async (loaded) => {

      at printWarning 
(node_modules/react-dom/cjs/react-dom.development.js:86:30)
      at error (node_modules/react-dom/cjs/react-dom.development.js:60:7)
      at warnIfUpdatesNotWrappedWithActDEV 
(node_modules/react-dom/cjs/react-dom.development.js:27628:9)
      at scheduleUpdateOnFiber 
(node_modules/react-dom/cjs/react-dom.development.js:25547:5)
      at dispatchSetState 
(node_modules/react-dom/cjs/react-dom.development.js:16708:7)
      at src/home/HomeEmbeddedDashboard.tsx:87:9
      at commitHookEffectListMount 
(node_modules/react-dom/cjs/react-dom.development.js:23189:26)
      at commitPassiveMountOnFiber 
(node_modules/react-dom/cjs/react-dom.development.js:24970:11)
      at commitPassiveMountEffects_complete 
(node_modules/react-dom/cjs/react-dom.development.js:24930:9)
      at commitPassiveMountEffects_begin 
(node_modules/react-dom/cjs/react-dom.development.js:24917:7)
      at commitPassiveMountEffects 
(node_modules/react-dom/cjs/react-dom.development.js:24905:3)
      at flushPassiveEffectsImpl 
(node_modules/react-dom/cjs/react-dom.development.js:27078:3)
      at flushPassiveEffects 
(node_modules/react-dom/cjs/react-dom.development.js:27023:14)
      at commitRootImpl 
(node_modules/react-dom/cjs/react-dom.development.js:26974:5)
      at commitRoot 
(node_modules/react-dom/cjs/react-dom.development.js:26721:5)
      at performSyncWorkOnRoot 
(node_modules/react-dom/cjs/react-dom.development.js:26156:3)
      at flushSyncCallbacks 
(node_modules/react-dom/cjs/react-dom.development.js:12042:22)
      at node_modules/react-dom/cjs/react-dom.development.js:25690:13
      at invokeTheCallbackFunction 
(node_modules/jsdom/lib/jsdom/living/generated/Function.js:19:26)
      at node_modules/jsdom/lib/jsdom/browser/Window.js:554:9

    console.error
      Warning: An update to HomeEmbeddedDashboard inside a test was not 
wrapped in act(...).
      
      When testing, code that causes React state updates should be wrapped 
into act(...):
      
      act(() => {
        /* fire events that update state */
      });
      /* assert on the output */
      
      This ensures that you're testing the behavior the user would see in the 
browser. Learn more at https://reactjs.org/link/wrap-tests-with-act
          at HomeEmbeddedDashboard (C:\Users\samhe\OneDrive\Desktop\Cleaned\fro
ntend\src\home\HomeEmbeddedDashboard.tsx:36:55)
          at basenameProp (C:\Users\samhe\OneDrive\Desktop\Cleaned\frontend\nod
e_modules\react-router\lib\components.tsx:421:13)
          at basename (C:\Users\samhe\OneDrive\Desktop\Cleaned\frontend\node_mo
dules\react-router\lib\components.tsx:225:3)

      91 |                 if (cancelled) return
      92 |                 if (loaded.type !== 'dashboard') throw new 
Error('Not a dashboard')
    > 93 |                 setDashboard(loaded as typeof dashboard)
         |                 ^
      94 |                 setPages(loaded.dashboardConfig.pages)
      95 |                 
setCurrentPageId(loaded.dashboardConfig.pages[0]?.id ?? 1)
      96 |                 setAppliedFilters(defaultFilters)

      at printWarning 
(node_modules/react-dom/cjs/react-dom.development.js:86:30)
      at error (node_modules/react-dom/cjs/react-dom.development.js:60:7)
      at warnIfUpdatesNotWrappedWithActDEV 
(node_modules/react-dom/cjs/react-dom.development.js:27628:9)
      at scheduleUpdateOnFiber 
(node_modules/react-dom/cjs/react-dom.development.js:25547:5)
      at dispatchSetState 
(node_modules/react-dom/cjs/react-dom.development.js:16708:7)
      at src/home/HomeEmbeddedDashboard.tsx:93:17

    console.error
      Warning: An update to HomeEmbeddedDashboard inside a test was not 
wrapped in act(...).
      
      When testing, code that causes React state updates should be wrapped 
into act(...):
      
      act(() => {
        /* fire events that update state */
      });
      /* assert on the output */
      
      This ensures that you're testing the behavior the user would see in the 
browser. Learn more at https://reactjs.org/link/wrap-tests-with-act
          at HomeEmbeddedDashboard (C:\Users\samhe\OneDrive\Desktop\Cleaned\fro
ntend\src\home\HomeEmbeddedDashboard.tsx:36:55)
          at basenameProp (C:\Users\samhe\OneDrive\Desktop\Cleaned\frontend\nod
e_modules\react-router\lib\components.tsx:421:13)
          at basename (C:\Users\samhe\OneDrive\Desktop\Cleaned\frontend\node_mo
dules\react-router\lib\components.tsx:225:3)

      92 |                 if (loaded.type !== 'dashboard') throw new 
Error('Not a dashboard')
      93 |                 setDashboard(loaded as typeof dashboard)
    > 94 |                 setPages(loaded.dashboardConfig.pages)
         |                 ^
      95 |                 
setCurrentPageId(loaded.dashboardConfig.pages[0]?.id ?? 1)
      96 |                 setAppliedFilters(defaultFilters)
      97 |

      at printWarning 
(node_modules/react-dom/cjs/react-dom.development.js:86:30)
      at error (node_modules/react-dom/cjs/react-dom.development.js:60:7)
      at warnIfUpdatesNotWrappedWithActDEV 
(node_modules/react-dom/cjs/react-dom.development.js:27628:9)
      at scheduleUpdateOnFiber 
(node_modules/react-dom/cjs/react-dom.development.js:25547:5)
      at dispatchSetState 
(node_modules/react-dom/cjs/react-dom.development.js:16708:7)
      at src/home/HomeEmbeddedDashboard.tsx:94:17

    console.error
      Warning: An update to HomeEmbeddedDashboard inside a test was not 
wrapped in act(...).
      
      When testing, code that causes React state updates should be wrapped 
into act(...):
      
      act(() => {
        /* fire events that update state */
      });
      /* assert on the output */
      
      This ensures that you're testing the behavior the user would see in the 
browser. Learn more at https://reactjs.org/link/wrap-tests-with-act
          at HomeEmbeddedDashboard (C:\Users\samhe\OneDrive\Desktop\Cleaned\fro
ntend\src\home\HomeEmbeddedDashboard.tsx:36:55)
          at basenameProp (C:\Users\samhe\OneDrive\Desktop\Cleaned\frontend\nod
e_modules\react-router\lib\components.tsx:421:13)
          at basename (C:\Users\samhe\OneDrive\Desktop\Cleaned\frontend\node_mo
dules\react-router\lib\components.tsx:225:3)

      93 |                 setDashboard(loaded as typeof dashboard)
      94 |                 setPages(loaded.dashboardConfig.pages)
    > 95 |                 
setCurrentPageId(loaded.dashboardConfig.pages[0]?.id ?? 1)
         |                 ^
      96 |                 setAppliedFilters(defaultFilters)
      97 |
      98 |                 const widgetList = loaded.dashboardConfig.pages

      at printWarning 
(node_modules/react-dom/cjs/react-dom.development.js:86:30)
      at error (node_modules/react-dom/cjs/react-dom.development.js:60:7)
      at warnIfUpdatesNotWrappedWithActDEV 
(node_modules/react-dom/cjs/react-dom.development.js:27628:9)
      at scheduleUpdateOnFiber 
(node_modules/react-dom/cjs/react-dom.development.js:25547:5)
      at dispatchSetState 
(node_modules/react-dom/cjs/react-dom.development.js:16708:7)
      at src/home/HomeEmbeddedDashboard.tsx:95:17

    console.error
      Warning: An update to HomeEmbeddedDashboard inside a test was not 
wrapped in act(...).
      
      When testing, code that causes React state updates should be wrapped 
into act(...):
      
      act(() => {
        /* fire events that update state */
      });
      /* assert on the output */
      
      This ensures that you're testing the behavior the user would see in the 
browser. Learn more at https://reactjs.org/link/wrap-tests-with-act
          at HomeEmbeddedDashboard (C:\Users\samhe\OneDrive\Desktop\Cleaned\fro
ntend\src\home\HomeEmbeddedDashboard.tsx:36:55)
          at basenameProp (C:\Users\samhe\OneDrive\Desktop\Cleaned\frontend\nod
e_modules\react-router\lib\components.tsx:421:13)
          at basename (C:\Users\samhe\OneDrive\Desktop\Cleaned\frontend\node_mo
dules\react-router\lib\components.tsx:225:3)

      94 |                 setPages(loaded.dashboardConfig.pages)
      95 |                 
setCurrentPageId(loaded.dashboardConfig.pages[0]?.id ?? 1)
    > 96 |                 setAppliedFilters(defaultFilters)
         |                 ^
      97 |
      98 |                 const widgetList = loaded.dashboardConfig.pages
      99 |                     .flatMap((p) => (p.widgets ?? []).map((w) => 
normalizeDashboardWidget(w)))

      at printWarning 
(node_modules/react-dom/cjs/react-dom.development.js:86:30)
      at error (node_modules/react-dom/cjs/react-dom.development.js:60:7)
      at warnIfUpdatesNotWrappedWithActDEV 
(node_modules/react-dom/cjs/react-dom.development.js:27628:9)
      at scheduleUpdateOnFiber 
(node_modules/react-dom/cjs/react-dom.development.js:25547:5)
      at dispatchSetState 
(node_modules/react-dom/cjs/react-dom.development.js:16708:7)
      at src/home/HomeEmbeddedDashboard.tsx:96:17

    console.error
      Warning: An update to HomeEmbeddedDashboard inside a test was not 
wrapped in act(...).
      
      When testing, code that causes React state updates should be wrapped 
into act(...):
      
      act(() => {
        /* fire events that update state */
      });
      /* assert on the output */
      
      This ensures that you're testing the behavior the user would see in the 
browser. Learn more at https://reactjs.org/link/wrap-tests-with-act
          at HomeEmbeddedDashboard (C:\Users\samhe\OneDrive\Desktop\Cleaned\fro
ntend\src\home\HomeEmbeddedDashboard.tsx:36:55)
          at basenameProp (C:\Users\samhe\OneDrive\Desktop\Cleaned\frontend\nod
e_modules\react-router\lib\components.tsx:421:13)
          at basename (C:\Users\samhe\OneDrive\Desktop\Cleaned\frontend\node_mo
dules\react-router\lib\components.tsx:225:3)

      112 |                     if (entry) map[entry[0]] = entry[1]
      113 |                 }
    > 114 |                 setInitialWidgetData(map)
          |                 ^
      115 |             })
      116 |             .catch(() => {
      117 |                 if (!cancelled) setLoadError(true)

      at printWarning 
(node_modules/react-dom/cjs/react-dom.development.js:86:30)
      at error (node_modules/react-dom/cjs/react-dom.development.js:60:7)
      at warnIfUpdatesNotWrappedWithActDEV 
(node_modules/react-dom/cjs/react-dom.development.js:27628:9)
      at scheduleUpdateOnFiber 
(node_modules/react-dom/cjs/react-dom.development.js:25547:5)
      at dispatchSetState 
(node_modules/react-dom/cjs/react-dom.development.js:16708:7)
      at src/home/HomeEmbeddedDashboard.tsx:114:17

    console.error
      Warning: An update to HomeEmbeddedDashboard inside a test was not 
wrapped in act(...).
      
      When testing, code that causes React state updates should be wrapped 
into act(...):
      
      act(() => {
        /* fire events that update state */
      });
      /* assert on the output */
      
      This ensures that you're testing the behavior the user would see in the 
browser. Learn more at https://reactjs.org/link/wrap-tests-with-act
          at HomeEmbeddedDashboard (C:\Users\samhe\OneDrive\Desktop\Cleaned\fro
ntend\src\home\HomeEmbeddedDashboard.tsx:36:55)
          at basenameProp (C:\Users\samhe\OneDrive\Desktop\Cleaned\frontend\nod
e_modules\react-router\lib\components.tsx:421:13)
          at basename (C:\Users\samhe\OneDrive\Desktop\Cleaned\frontend\node_mo
dules\react-router\lib\components.tsx:225:3)

      118 |             })
      119 |             .finally(() => {
    > 120 |                 if (!cancelled) setLoading(false)
          |                                 ^
      121 |             })
      122 |         return () => { cancelled = true }
      123 |     }, [selectedId])

      at printWarning 
(node_modules/react-dom/cjs/react-dom.development.js:86:30)
      at error (node_modules/react-dom/cjs/react-dom.development.js:60:7)
      at warnIfUpdatesNotWrappedWithActDEV 
(node_modules/react-dom/cjs/react-dom.development.js:27628:9)
      at scheduleUpdateOnFiber 
(node_modules/react-dom/cjs/react-dom.development.js:25547:5)
      at dispatchSetState 
(node_modules/react-dom/cjs/react-dom.development.js:16708:7)
      at src/home/HomeEmbeddedDashboard.tsx:120:33

PASS src/settings/__tests__/ProductPages.test.tsx
  ÔùÅ Console

    console.warn
      ÔÜá´©Å React Router Future Flag Warning: React Router will begin 
wrapping state updates in `React.startTransition` in v7. You can use the 
`v7_startTransition` future flag to opt-in early. For more information, see 
https://reactrouter.com/v6/upgrading/future#v7_starttransition.

      63 | function renderProductListPage() {
      64 |   const { default: ProductListPage } = require('../ProductListPage')
    > 65 |   return render(
         |                ^
      66 |     <MemoryRouter>
      67 |       <ProductListPage />
      68 |     </MemoryRouter>

      at warn (node_modules/react-router/lib/deprecations.ts:9:13)
      at warnOnce (node_modules/react-router/lib/deprecations.ts:14:3)
      at logDeprecation (node_modules/react-router/lib/deprecations.ts:26:5)
      at logV6DeprecationWarnings 
(node_modules/react-router/lib/components.tsx:257:25)
      at commitHookEffectListMount 
(node_modules/react-dom/cjs/react-dom.development.js:23189:26)
      at commitPassiveMountOnFiber 
(node_modules/react-dom/cjs/react-dom.development.js:24970:11)
      at commitPassiveMountEffects_complete 
(node_modules/react-dom/cjs/react-dom.development.js:24930:9)
      at commitPassiveMountEffects_begin 
(node_modules/react-dom/cjs/react-dom.development.js:24917:7)
      at commitPassiveMountEffects 
(node_modules/react-dom/cjs/react-dom.development.js:24905:3)
      at flushPassiveEffectsImpl 
(node_modules/react-dom/cjs/react-dom.development.js:27078:3)
      at flushPassiveEffects 
(node_modules/react-dom/cjs/react-dom.development.js:27023:14)
      at node_modules/react-dom/cjs/react-dom.development.js:26808:9
      at flushActQueue (node_modules/react/cjs/react.development.js:2667:24)
      at act (node_modules/react/cjs/react.development.js:2582:11)
      at node_modules/@testing-library/react/dist/act-compat.js:47:25
      at renderRoot (node_modules/@testing-library/react/dist/pure.js:180:26)
      at render (node_modules/@testing-library/react/dist/pure.js:271:10)
      at renderProductListPage 
(src/settings/__tests__/ProductPages.test.tsx:65:16)
      at Object.<anonymous> 
(src/settings/__tests__/ProductPages.test.tsx:101:5)

    console.warn
      ÔÜá´©Å React Router Future Flag Warning: Relative route resolution 
within Splat routes is changing in v7. You can use the `v7_relativeSplatPath` 
future flag to opt-in early. For more information, see 
https://reactrouter.com/v6/upgrading/future#v7_relativesplatpath.

      63 | function renderProductListPage() {
      64 |   const { default: ProductListPage } = require('../ProductListPage')
    > 65 |   return render(
         |                ^
      66 |     <MemoryRouter>
      67 |       <ProductListPage />
      68 |     </MemoryRouter>

      at warn (node_modules/react-router/lib/deprecations.ts:9:13)
      at warnOnce (node_modules/react-router/lib/deprecations.ts:14:3)
      at logDeprecation (node_modules/react-router/lib/deprecations.ts:37:5)
      at logV6DeprecationWarnings 
(node_modules/react-router/lib/components.tsx:257:25)
      at commitHookEffectListMount 
(node_modules/react-dom/cjs/react-dom.development.js:23189:26)
      at commitPassiveMountOnFiber 
(node_modules/react-dom/cjs/react-dom.development.js:24970:11)
      at commitPassiveMountEffects_complete 
(node_modules/react-dom/cjs/react-dom.development.js:24930:9)
      at commitPassiveMountEffects_begin 
(node_modules/react-dom/cjs/react-dom.development.js:24917:7)
      at commitPassiveMountEffects 
(node_modules/react-dom/cjs/react-dom.development.js:24905:3)
      at flushPassiveEffectsImpl 
(node_modules/react-dom/cjs/react-dom.development.js:27078:3)
      at flushPassiveEffects 
(node_modules/react-dom/cjs/react-dom.development.js:27023:14)
      at node_modules/react-dom/cjs/react-dom.development.js:26808:9
      at flushActQueue (node_modules/react/cjs/react.development.js:2667:24)
      at act (node_modules/react/cjs/react.development.js:2582:11)
      at node_modules/@testing-library/react/dist/act-compat.js:47:25
      at renderRoot (node_modules/@testing-library/react/dist/pure.js:180:26)
      at render (node_modules/@testing-library/react/dist/pure.js:271:10)
      at renderProductListPage 
(src/settings/__tests__/ProductPages.test.tsx:65:16)
      at Object.<anonymous> 
(src/settings/__tests__/ProductPages.test.tsx:101:5)

    console.error
      Warning: An update to ProductListPage inside a test was not wrapped in 
act(...).
      
      When testing, code that causes React state updates should be wrapped 
into act(...):
      
      act(() => {
        /* fire events that update state */
      });
      /* assert on the output */
      
      This ensures that you're testing the behavior the user would see in the 
browser. Learn more at https://reactjs.org/link/wrap-tests-with-act
          at ProductListPage (C:\Users\samhe\OneDrive\Desktop\Cleaned\frontend\
src\settings\ProductListPage.tsx:21:45)
          at basenameProp (C:\Users\samhe\OneDrive\Desktop\Cleaned\frontend\nod
e_modules\react-router\lib\components.tsx:421:13)
          at basename (C:\Users\samhe\OneDrive\Desktop\Cleaned\frontend\node_mo
dules\react-router\lib\components.tsx:225:3)

      64 |                 <button
      65 |                     type="button"
    > 66 |                     onClick={() => setShowModal(true)}
         |                                    ^
      67 |                     className="flex items-center gap-2 px-4 py-2 
bg-brand-600 text-white rounded-lg text-sm font-medium hover:bg-brand-700"
      68 |                 >
      69 |                     <FiPlus />

      at printWarning 
(node_modules/react-dom/cjs/react-dom.development.js:86:30)
      at error (node_modules/react-dom/cjs/react-dom.development.js:60:7)
      at warnIfUpdatesNotWrappedWithActDEV 
(node_modules/react-dom/cjs/react-dom.development.js:27628:9)
      at scheduleUpdateOnFiber 
(node_modules/react-dom/cjs/react-dom.development.js:25547:5)
      at dispatchSetState 
(node_modules/react-dom/cjs/react-dom.development.js:16708:7)
      at onClick (src/settings/ProductListPage.tsx:66:36)
      at HTMLUnknownElement.callCallback 
(node_modules/react-dom/cjs/react-dom.development.js:4164:14)
      at HTMLUnknownElement.callTheUserObjectsOperation 
(node_modules/jsdom/lib/jsdom/living/generated/EventListener.js:26:30)
      at innerInvokeEventListeners 
(node_modules/jsdom/lib/jsdom/living/events/EventTarget-impl.js:350:25)
      at invokeEventListeners 
(node_modules/jsdom/lib/jsdom/living/events/EventTarget-impl.js:286:3)
      at HTMLUnknownElementImpl._dispatch 
(node_modules/jsdom/lib/jsdom/living/events/EventTarget-impl.js:233:9)
      at HTMLUnknownElementImpl.dispatchEvent 
(node_modules/jsdom/lib/jsdom/living/events/EventTarget-impl.js:104:17)
      at HTMLUnknownElement.dispatchEvent 
(node_modules/jsdom/lib/jsdom/living/generated/EventTarget.js:241:34)
      at Object.invokeGuardedCallbackDev 
(node_modules/react-dom/cjs/react-dom.development.js:4213:16)
      at invokeGuardedCallback 
(node_modules/react-dom/cjs/react-dom.development.js:4277:31)
      at invokeGuardedCallbackAndCatchFirstError 
(node_modules/react-dom/cjs/react-dom.development.js:4291:25)
      at executeDispatch 
(node_modules/react-dom/cjs/react-dom.development.js:9041:3)
      at processDispatchQueueItemsInOrder 
(node_modules/react-dom/cjs/react-dom.development.js:9073:7)
      at processDispatchQueue 
(node_modules/react-dom/cjs/react-dom.development.js:9086:5)
      at dispatchEventsForPlugins 
(node_modules/react-dom/cjs/react-dom.development.js:9097:3)
      at node_modules/react-dom/cjs/react-dom.development.js:9288:12
      at batchedUpdates$1 
(node_modules/react-dom/cjs/react-dom.development.js:26179:12)
      at batchedUpdates 
(node_modules/react-dom/cjs/react-dom.development.js:3991:12)
      at dispatchEventForPluginEventSystem 
(node_modules/react-dom/cjs/react-dom.development.js:9287:3)
      at dispatchEventWithEnableCapturePhaseSelectiveHydrationWithoutDiscreteEv
entReplay (node_modules/react-dom/cjs/react-dom.development.js:6465:5)
      at dispatchEvent 
(node_modules/react-dom/cjs/react-dom.development.js:6457:5)
      at dispatchDiscreteEvent 
(node_modules/react-dom/cjs/react-dom.development.js:6430:5)
      at HTMLDivElement.callTheUserObjectsOperation 
(node_modules/jsdom/lib/jsdom/living/generated/EventListener.js:26:30)
      at innerInvokeEventListeners 
(node_modules/jsdom/lib/jsdom/living/events/EventTarget-impl.js:350:25)
      at invokeEventListeners 
(node_modules/jsdom/lib/jsdom/living/events/EventTarget-impl.js:286:3)
      at HTMLButtonElementImpl._dispatch 
(node_modules/jsdom/lib/jsdom/living/events/EventTarget-impl.js:233:9)
      at HTMLButtonElementImpl.dispatchEvent 
(node_modules/jsdom/lib/jsdom/living/events/EventTarget-impl.js:104:17)
      at HTMLButtonElement.dispatchEvent 
(node_modules/jsdom/lib/jsdom/living/generated/EventTarget.js:241:34)
      at 
node_modules/@testing-library/user-event/dist/cjs/event/dispatchEvent.js:45:43
      at Object.eventWrapper 
(node_modules/@testing-library/dom/dist/config.js:25:23)
      at Object.wrapEvent 
(node_modules/@testing-library/user-event/dist/cjs/event/wrapEvent.js:6:28)
      at Object.dispatchEvent (node_modules/@testing-library/user-event/dist/cj
s/event/dispatchEvent.js:45:22)
      at Object.dispatchUIEvent (node_modules/@testing-library/user-event/dist/
cjs/event/dispatchEvent.js:22:26)
      at Mouse.up (node_modules/@testing-library/user-event/dist/cjs/system/poi
nter/mouse.js:100:30)
      at PointerHost.release (node_modules/@testing-library/user-event/dist/cjs
/system/pointer/index.js:87:24)
      at pointerAction 
(node_modules/@testing-library/user-event/dist/cjs/pointer/index.js:54:47)
      at Object.pointer 
(node_modules/@testing-library/user-event/dist/cjs/pointer/index.js:27:9)
      at Object.<anonymous> 
(src/settings/__tests__/ProductPages.test.tsx:129:5)

    console.error
      Warning: An update to ProductListPage inside a test was not wrapped in 
act(...).
      
      When testing, code that causes React state updates should be wrapped 
into act(...):
      
      act(() => {
        /* fire events that update state */
      });
      /* assert on the output */
      
      This ensures that you're testing the behavior the user would see in the 
browser. Learn more at https://reactjs.org/link/wrap-tests-with-act
          at ProductListPage (C:\Users\samhe\OneDrive\Desktop\Cleaned\frontend\
src\settings\ProductListPage.tsx:21:45)
          at basenameProp (C:\Users\samhe\OneDrive\Desktop\Cleaned\frontend\nod
e_modules\react-router\lib\components.tsx:421:13)
          at basename (C:\Users\samhe\OneDrive\Desktop\Cleaned\frontend\node_mo
dules\react-router\lib\components.tsx:225:3)

      64 |                 <button
      65 |                     type="button"
    > 66 |                     onClick={() => setShowModal(true)}
         |                                    ^
      67 |                     className="flex items-center gap-2 px-4 py-2 
bg-brand-600 text-white rounded-lg text-sm font-medium hover:bg-brand-700"
      68 |                 >
      69 |                     <FiPlus />

      at printWarning 
(node_modules/react-dom/cjs/react-dom.development.js:86:30)
      at error (node_modules/react-dom/cjs/react-dom.development.js:60:7)
      at warnIfUpdatesNotWrappedWithActDEV 
(node_modules/react-dom/cjs/react-dom.development.js:27628:9)
      at scheduleUpdateOnFiber 
(node_modules/react-dom/cjs/react-dom.development.js:25547:5)
      at dispatchSetState 
(node_modules/react-dom/cjs/react-dom.development.js:16708:7)
      at onClick (src/settings/ProductListPage.tsx:66:36)
      at HTMLUnknownElement.callCallback 
(node_modules/react-dom/cjs/react-dom.development.js:4164:14)
      at HTMLUnknownElement.callTheUserObjectsOperation 
(node_modules/jsdom/lib/jsdom/living/generated/EventListener.js:26:30)
      at innerInvokeEventListeners 
(node_modules/jsdom/lib/jsdom/living/events/EventTarget-impl.js:350:25)
      at invokeEventListeners 
(node_modules/jsdom/lib/jsdom/living/events/EventTarget-impl.js:286:3)
      at HTMLUnknownElementImpl._dispatch 
(node_modules/jsdom/lib/jsdom/living/events/EventTarget-impl.js:233:9)
      at HTMLUnknownElementImpl.dispatchEvent 
(node_modules/jsdom/lib/jsdom/living/events/EventTarget-impl.js:104:17)
      at HTMLUnknownElement.dispatchEvent 
(node_modules/jsdom/lib/jsdom/living/generated/EventTarget.js:241:34)
      at Object.invokeGuardedCallbackDev 
(node_modules/react-dom/cjs/react-dom.development.js:4213:16)
      at invokeGuardedCallback 
(node_modules/react-dom/cjs/react-dom.development.js:4277:31)
      at invokeGuardedCallbackAndCatchFirstError 
(node_modules/react-dom/cjs/react-dom.development.js:4291:25)
      at executeDispatch 
(node_modules/react-dom/cjs/react-dom.development.js:9041:3)
      at processDispatchQueueItemsInOrder 
(node_modules/react-dom/cjs/react-dom.development.js:9073:7)
      at processDispatchQueue 
(node_modules/react-dom/cjs/react-dom.development.js:9086:5)
      at dispatchEventsForPlugins 
(node_modules/react-dom/cjs/react-dom.development.js:9097:3)
      at node_modules/react-dom/cjs/react-dom.development.js:9288:12
      at batchedUpdates$1 
(node_modules/react-dom/cjs/react-dom.development.js:26179:12)
      at batchedUpdates 
(node_modules/react-dom/cjs/react-dom.development.js:3991:12)
      at dispatchEventForPluginEventSystem 
(node_modules/react-dom/cjs/react-dom.development.js:9287:3)
      at dispatchEventWithEnableCapturePhaseSelectiveHydrationWithoutDiscreteEv
entReplay (node_modules/react-dom/cjs/react-dom.development.js:6465:5)
      at dispatchEvent 
(node_modules/react-dom/cjs/react-dom.development.js:6457:5)
      at dispatchDiscreteEvent 
(node_modules/react-dom/cjs/react-dom.development.js:6430:5)
      at HTMLDivElement.callTheUserObjectsOperation 
(node_modules/jsdom/lib/jsdom/living/generated/EventListener.js:26:30)
      at innerInvokeEventListeners 
(node_modules/jsdom/lib/jsdom/living/events/EventTarget-impl.js:350:25)
      at invokeEventListeners 
(node_modules/jsdom/lib/jsdom/living/events/EventTarget-impl.js:286:3)
      at HTMLButtonElementImpl._dispatch 
(node_modules/jsdom/lib/jsdom/living/events/EventTarget-impl.js:233:9)
      at HTMLButtonElementImpl.dispatchEvent 
(node_modules/jsdom/lib/jsdom/living/events/EventTarget-impl.js:104:17)
      at HTMLButtonElement.dispatchEvent 
(node_modules/jsdom/lib/jsdom/living/generated/EventTarget.js:241:34)
      at 
node_modules/@testing-library/user-event/dist/cjs/event/dispatchEvent.js:45:43
      at Object.eventWrapper 
(node_modules/@testing-library/dom/dist/config.js:25:23)
      at Object.wrapEvent 
(node_modules/@testing-library/user-event/dist/cjs/event/wrapEvent.js:6:28)
      at Object.dispatchEvent (node_modules/@testing-library/user-event/dist/cj
s/event/dispatchEvent.js:45:22)
      at Object.dispatchUIEvent (node_modules/@testing-library/user-event/dist/
cjs/event/dispatchEvent.js:22:26)
      at Mouse.up (node_modules/@testing-library/user-event/dist/cjs/system/poi
nter/mouse.js:100:30)
      at PointerHost.release (node_modules/@testing-library/user-event/dist/cjs
/system/pointer/index.js:87:24)
      at pointerAction 
(node_modules/@testing-library/user-event/dist/cjs/pointer/index.js:54:47)
      at Object.pointer 
(node_modules/@testing-library/user-event/dist/cjs/pointer/index.js:27:9)
      at Object.<anonymous> 
(src/settings/__tests__/ProductPages.test.tsx:139:5)

    console.error
      Warning: An update to ProductListPage inside a test was not wrapped in 
act(...).
      
      When testing, code that causes React state updates should be wrapped 
into act(...):
      
      act(() => {
        /* fire events that update state */
      });
      /* assert on the output */
      
      This ensures that you're testing the behavior the user would see in the 
browser. Learn more at https://reactjs.org/link/wrap-tests-with-act
          at ProductListPage (C:\Users\samhe\OneDrive\Desktop\Cleaned\frontend\
src\settings\ProductListPage.tsx:21:45)
          at basenameProp (C:\Users\samhe\OneDrive\Desktop\Cleaned\frontend\nod
e_modules\react-router\lib\components.tsx:421:13)
          at basename (C:\Users\samhe\OneDrive\Desktop\Cleaned\frontend\node_mo
dules\react-router\lib\components.tsx:225:3)

      39 |
      40 |     function setField<K extends keyof NewProductForm>(key: K, 
value: NewProductForm[K]) {
    > 41 |         setForm(prev => ({ ...prev, [key]: value }))
         |         ^
      42 |     }
      43 |
      44 |     async function handleCreate() {

      at printWarning 
(node_modules/react-dom/cjs/react-dom.development.js:86:30)
      at error (node_modules/react-dom/cjs/react-dom.development.js:60:7)
      at warnIfUpdatesNotWrappedWithActDEV 
(node_modules/react-dom/cjs/react-dom.development.js:27628:9)
      at scheduleUpdateOnFiber 
(node_modules/react-dom/cjs/react-dom.development.js:25547:5)
      at dispatchSetState 
(node_modules/react-dom/cjs/react-dom.development.js:16708:7)
      at setField (src/settings/ProductListPage.tsx:41:9)
      at onChange (src/settings/ProductListPage.tsx:130:52)
      at HTMLUnknownElement.callCallback 
(node_modules/react-dom/cjs/react-dom.development.js:4164:14)
      at HTMLUnknownElement.callTheUserObjectsOperation 
(node_modules/jsdom/lib/jsdom/living/generated/EventListener.js:26:30)
      at innerInvokeEventListeners 
(node_modules/jsdom/lib/jsdom/living/events/EventTarget-impl.js:350:25)
      at invokeEventListeners 
(node_modules/jsdom/lib/jsdom/living/events/EventTarget-impl.js:286:3)
      at HTMLUnknownElementImpl._dispatch 
(node_modules/jsdom/lib/jsdom/living/events/EventTarget-impl.js:233:9)
      at HTMLUnknownElementImpl.dispatchEvent 
(node_modules/jsdom/lib/jsdom/living/events/EventTarget-impl.js:104:17)
      at HTMLUnknownElement.dispatchEvent 
(node_modules/jsdom/lib/jsdom/living/generated/EventTarget.js:241:34)
      at Object.invokeGuardedCallbackDev 
(node_modules/react-dom/cjs/react-dom.development.js:4213:16)
      at invokeGuardedCallback 
(node_modules/react-dom/cjs/react-dom.development.js:4277:31)
      at invokeGuardedCallbackAndCatchFirstError 
(node_modules/react-dom/cjs/react-dom.development.js:4291:25)
      at executeDispatch 
(node_modules/react-dom/cjs/react-dom.development.js:9041:3)
      at processDispatchQueueItemsInOrder 
(node_modules/react-dom/cjs/react-dom.development.js:9073:7)
      at processDispatchQueue 
(node_modules/react-dom/cjs/react-dom.development.js:9086:5)
      at dispatchEventsForPlugins 
(node_modules/react-dom/cjs/react-dom.development.js:9097:3)
      at node_modules/react-dom/cjs/react-dom.development.js:9288:12
      at batchedUpdates$1 
(node_modules/react-dom/cjs/react-dom.development.js:26179:12)
      at batchedUpdates 
(node_modules/react-dom/cjs/react-dom.development.js:3991:12)
      at dispatchEventForPluginEventSystem 
(node_modules/react-dom/cjs/react-dom.development.js:9287:3)
      at dispatchEventWithEnableCapturePhaseSelectiveHydrationWithoutDiscreteEv
entReplay (node_modules/react-dom/cjs/react-dom.development.js:6465:5)
      at dispatchEvent 
(node_modules/react-dom/cjs/react-dom.development.js:6457:5)
      at dispatchDiscreteEvent 
(node_modules/react-dom/cjs/react-dom.development.js:6430:5)
      at HTMLDivElement.callTheUserObjectsOperation 
(node_modules/jsdom/lib/jsdom/living/generated/EventListener.js:26:30)
      at innerInvokeEventListeners 
(node_modules/jsdom/lib/jsdom/living/events/EventTarget-impl.js:350:25)
      at invokeEventListeners 
(node_modules/jsdom/lib/jsdom/living/events/EventTarget-impl.js:286:3)
      at HTMLInputElementImpl._dispatch 
(node_modules/jsdom/lib/jsdom/living/events/EventTarget-impl.js:233:9)
      at HTMLInputElementImpl.dispatchEvent 
(node_modules/jsdom/lib/jsdom/living/events/EventTarget-impl.js:104:17)
      at HTMLInputElement.dispatchEvent 
(node_modules/jsdom/lib/jsdom/living/generated/EventTarget.js:241:34)
      at 
node_modules/@testing-library/user-event/dist/cjs/event/dispatchEvent.js:45:43
      at Object.eventWrapper 
(node_modules/@testing-library/dom/dist/config.js:25:23)
      at Object.wrapEvent 
(node_modules/@testing-library/user-event/dist/cjs/event/wrapEvent.js:6:28)
      at Object.dispatchEvent (node_modules/@testing-library/user-event/dist/cj
s/event/dispatchEvent.js:45:22)
      at Object.dispatchUIEvent (node_modules/@testing-library/user-event/dist/
cjs/event/dispatchEvent.js:22:26)
      at commitInput 
(node_modules/@testing-library/user-event/dist/cjs/event/input.js:145:14)
      at editInputElement 
(node_modules/@testing-library/user-event/dist/cjs/event/input.js:115:9)
      at Object.input 
(node_modules/@testing-library/user-event/dist/cjs/event/input.js:37:9)
      at node_modules/@testing-library/user-event/dist/cjs/event/behavior/keypr
ess.js:31:26
      at Object.dispatchEvent (node_modules/@testing-library/user-event/dist/cj
s/event/dispatchEvent.js:41:13)
      at Object.dispatchUIEvent (node_modules/@testing-library/user-event/dist/
cjs/event/dispatchEvent.js:22:26)
      at KeyboardHost.keydown 
(node_modules/@testing-library/user-event/dist/cjs/system/keyboard.js:76:22)
      at keyboardAction 
(node_modules/@testing-library/user-event/dist/cjs/keyboard/index.js:22:35)
      at Object.keyboard 
(node_modules/@testing-library/user-event/dist/cjs/keyboard/index.js:11:15)
      at Object.type 
(node_modules/@testing-library/user-event/dist/cjs/utility/type.js:17:5)
      at Object.<anonymous> 
(src/settings/__tests__/ProductPages.test.tsx:142:5)

    console.error
      Warning: An update to ProductListPage inside a test was not wrapped in 
act(...).
      
      When testing, code that causes React state updates should be wrapped 
into act(...):
      
      act(() => {
        /* fire events that update state */
      });
      /* assert on the output */
      
      This ensures that you're testing the behavior the user would see in the 
browser. Learn more at https://reactjs.org/link/wrap-tests-with-act
          at ProductListPage (C:\Users\samhe\OneDrive\Desktop\Cleaned\frontend\
src\settings\ProductListPage.tsx:21:45)
          at basenameProp (C:\Users\samhe\OneDrive\Desktop\Cleaned\frontend\nod
e_modules\react-router\lib\components.tsx:421:13)
          at basename (C:\Users\samhe\OneDrive\Desktop\Cleaned\frontend\node_mo
dules\react-router\lib\components.tsx:225:3)

      39 |
      40 |     function setField<K extends keyof NewProductForm>(key: K, 
value: NewProductForm[K]) {
    > 41 |         setForm(prev => ({ ...prev, [key]: value }))
         |         ^
      42 |     }
      43 |
      44 |     async function handleCreate() {

      at printWarning 
(node_modules/react-dom/cjs/react-dom.development.js:86:30)
      at error (node_modules/react-dom/cjs/react-dom.development.js:60:7)
      at warnIfUpdatesNotWrappedWithActDEV 
(node_modules/react-dom/cjs/react-dom.development.js:27628:9)
      at scheduleUpdateOnFiber 
(node_modules/react-dom/cjs/react-dom.development.js:25547:5)
      at dispatchSetState 
(node_modules/react-dom/cjs/react-dom.development.js:16708:7)
      at setField (src/settings/ProductListPage.tsx:41:9)
      at onChange (src/settings/ProductListPage.tsx:130:52)
      at HTMLUnknownElement.callCallback 
(node_modules/react-dom/cjs/react-dom.development.js:4164:14)
      at HTMLUnknownElement.callTheUserObjectsOperation 
(node_modules/jsdom/lib/jsdom/living/generated/EventListener.js:26:30)
      at innerInvokeEventListeners 
(node_modules/jsdom/lib/jsdom/living/events/EventTarget-impl.js:350:25)
      at invokeEventListeners 
(node_modules/jsdom/lib/jsdom/living/events/EventTarget-impl.js:286:3)
      at HTMLUnknownElementImpl._dispatch 
(node_modules/jsdom/lib/jsdom/living/events/EventTarget-impl.js:233:9)
      at HTMLUnknownElementImpl.dispatchEvent 
(node_modules/jsdom/lib/jsdom/living/events/EventTarget-impl.js:104:17)
      at HTMLUnknownElement.dispatchEvent 
(node_modules/jsdom/lib/jsdom/living/generated/EventTarget.js:241:34)
      at Object.invokeGuardedCallbackDev 
(node_modules/react-dom/cjs/react-dom.development.js:4213:16)
      at invokeGuardedCallback 
(node_modules/react-dom/cjs/react-dom.development.js:4277:31)
      at invokeGuardedCallbackAndCatchFirstError 
(node_modules/react-dom/cjs/react-dom.development.js:4291:25)
      at executeDispatch 
(node_modules/react-dom/cjs/react-dom.development.js:9041:3)
      at processDispatchQueueItemsInOrder 
(node_modules/react-dom/cjs/react-dom.development.js:9073:7)
      at processDispatchQueue 
(node_modules/react-dom/cjs/react-dom.development.js:9086:5)
      at dispatchEventsForPlugins 
(node_modules/react-dom/cjs/react-dom.development.js:9097:3)
      at node_modules/react-dom/cjs/react-dom.development.js:9288:12
      at batchedUpdates$1 
(node_modules/react-dom/cjs/react-dom.development.js:26179:12)
      at batchedUpdates 
(node_modules/react-dom/cjs/react-dom.development.js:3991:12)
      at dispatchEventForPluginEventSystem 
(node_modules/react-dom/cjs/react-dom.development.js:9287:3)
      at dispatchEventWithEnableCapturePhaseSelectiveHydrationWithoutDiscreteEv
entReplay (node_modules/react-dom/cjs/react-dom.development.js:6465:5)
      at dispatchEvent 
(node_modules/react-dom/cjs/react-dom.development.js:6457:5)
      at dispatchDiscreteEvent 
(node_modules/react-dom/cjs/react-dom.development.js:6430:5)
      at HTMLDivElement.callTheUserObjectsOperation 
(node_modules/jsdom/lib/jsdom/living/generated/EventListener.js:26:30)
      at innerInvokeEventListeners 
(node_modules/jsdom/lib/jsdom/living/events/EventTarget-impl.js:350:25)
      at invokeEventListeners 
(node_modules/jsdom/lib/jsdom/living/events/EventTarget-impl.js:286:3)
      at HTMLInputElementImpl._dispatch 
(node_modules/jsdom/lib/jsdom/living/events/EventTarget-impl.js:233:9)
      at HTMLInputElementImpl.dispatchEvent 
(node_modules/jsdom/lib/jsdom/living/events/EventTarget-impl.js:104:17)
      at HTMLInputElement.dispatchEvent 
(node_modules/jsdom/lib/jsdom/living/generated/EventTarget.js:241:34)
      at 
node_modules/@testing-library/user-event/dist/cjs/event/dispatchEvent.js:45:43
      at Object.eventWrapper 
(node_modules/@testing-library/dom/dist/config.js:25:23)
      at Object.wrapEvent 
(node_modules/@testing-library/user-event/dist/cjs/event/wrapEvent.js:6:28)
      at Object.dispatchEvent (node_modules/@testing-library/user-event/dist/cj
s/event/dispatchEvent.js:45:22)
      at Object.dispatchUIEvent (node_modules/@testing-library/user-event/dist/
cjs/event/dispatchEvent.js:22:26)
      at commitInput 
(node_modules/@testing-library/user-event/dist/cjs/event/input.js:145:14)
      at editInputElement 
(node_modules/@testing-library/user-event/dist/cjs/event/input.js:115:9)
      at Object.input 
(node_modules/@testing-library/user-event/dist/cjs/event/input.js:37:9)
      at node_modules/@testing-library/user-event/dist/cjs/event/behavior/keypr
ess.js:31:26
      at Object.dispatchEvent (node_modules/@testing-library/user-event/dist/cj
s/event/dispatchEvent.js:41:13)
      at Object.dispatchUIEvent (node_modules/@testing-library/user-event/dist/
cjs/event/dispatchEvent.js:22:26)
      at KeyboardHost.keydown 
(node_modules/@testing-library/user-event/dist/cjs/system/keyboard.js:76:22)
      at keyboardAction 
(node_modules/@testing-library/user-event/dist/cjs/keyboard/index.js:22:35)
      at Object.keyboard 
(node_modules/@testing-library/user-event/dist/cjs/keyboard/index.js:11:15)
      at Object.type 
(node_modules/@testing-library/user-event/dist/cjs/utility/type.js:17:5)
      at Object.<anonymous> 
(src/settings/__tests__/ProductPages.test.tsx:142:5)

    console.error
      Warning: An update to ProductListPage inside a test was not wrapped in 
act(...).
      
      When testing, code that causes React state updates should be wrapped 
into act(...):
      
      act(() => {
        /* fire events that update state */
      });
      /* assert on the output */
      
      This ensures that you're testing the behavior the user would see in the 
browser. Learn more at https://reactjs.org/link/wrap-tests-with-act
          at ProductListPage (C:\Users\samhe\OneDrive\Desktop\Cleaned\frontend\
src\settings\ProductListPage.tsx:21:45)
          at basenameProp (C:\Users\samhe\OneDrive\Desktop\Cleaned\frontend\nod
e_modules\react-router\lib\components.tsx:421:13)
          at basename (C:\Users\samhe\OneDrive\Desktop\Cleaned\frontend\node_mo
dules\react-router\lib\components.tsx:225:3)

      39 |
      40 |     function setField<K extends keyof NewProductForm>(key: K, 
value: NewProductForm[K]) {
    > 41 |         setForm(prev => ({ ...prev, [key]: value }))
         |         ^
      42 |     }
      43 |
      44 |     async function handleCreate() {

      at printWarning 
(node_modules/react-dom/cjs/react-dom.development.js:86:30)
      at error (node_modules/react-dom/cjs/react-dom.development.js:60:7)
      at warnIfUpdatesNotWrappedWithActDEV 
(node_modules/react-dom/cjs/react-dom.development.js:27628:9)
      at scheduleUpdateOnFiber 
(node_modules/react-dom/cjs/react-dom.development.js:25547:5)
      at dispatchSetState 
(node_modules/react-dom/cjs/react-dom.development.js:16708:7)
      at setField (src/settings/ProductListPage.tsx:41:9)
      at onChange (src/settings/ProductListPage.tsx:130:52)
      at HTMLUnknownElement.callCallback 
(node_modules/react-dom/cjs/react-dom.development.js:4164:14)
      at HTMLUnknownElement.callTheUserObjectsOperation 
(node_modules/jsdom/lib/jsdom/living/generated/EventListener.js:26:30)
      at innerInvokeEventListeners 
(node_modules/jsdom/lib/jsdom/living/events/EventTarget-impl.js:350:25)
      at invokeEventListeners 
(node_modules/jsdom/lib/jsdom/living/events/EventTarget-impl.js:286:3)
      at HTMLUnknownElementImpl._dispatch 
(node_modules/jsdom/lib/jsdom/living/events/EventTarget-impl.js:233:9)
      at HTMLUnknownElementImpl.dispatchEvent 
(node_modules/jsdom/lib/jsdom/living/events/EventTarget-impl.js:104:17)
      at HTMLUnknownElement.dispatchEvent 
(node_modules/jsdom/lib/jsdom/living/generated/EventTarget.js:241:34)
      at Object.invokeGuardedCallbackDev 
(node_modules/react-dom/cjs/react-dom.development.js:4213:16)
      at invokeGuardedCallback 
(node_modules/react-dom/cjs/react-dom.development.js:4277:31)
      at invokeGuardedCallbackAndCatchFirstError 
(node_modules/react-dom/cjs/react-dom.development.js:4291:25)
      at executeDispatch 
(node_modules/react-dom/cjs/react-dom.development.js:9041:3)
      at processDispatchQueueItemsInOrder 
(node_modules/react-dom/cjs/react-dom.development.js:9073:7)
      at processDispatchQueue 
(node_modules/react-dom/cjs/react-dom.development.js:9086:5)
      at dispatchEventsForPlugins 
(node_modules/react-dom/cjs/react-dom.development.js:9097:3)
      at node_modules/react-dom/cjs/react-dom.development.js:9288:12
      at batchedUpdates$1 
(node_modules/react-dom/cjs/react-dom.development.js:26179:12)
      at batchedUpdates 
(node_modules/react-dom/cjs/react-dom.development.js:3991:12)
      at dispatchEventForPluginEventSystem 
(node_modules/react-dom/cjs/react-dom.development.js:9287:3)
      at dispatchEventWithEnableCapturePhaseSelectiveHydrationWithoutDiscreteEv
entReplay (node_modules/react-dom/cjs/react-dom.development.js:6465:5)
      at dispatchEvent 
(node_modules/react-dom/cjs/react-dom.development.js:6457:5)
      at dispatchDiscreteEvent 
(node_modules/react-dom/cjs/react-dom.development.js:6430:5)
      at HTMLDivElement.callTheUserObjectsOperation 
(node_modules/jsdom/lib/jsdom/living/generated/EventListener.js:26:30)
      at innerInvokeEventListeners 
(node_modules/jsdom/lib/jsdom/living/events/EventTarget-impl.js:350:25)
      at invokeEventListeners 
(node_modules/jsdom/lib/jsdom/living/events/EventTarget-impl.js:286:3)
      at HTMLInputElementImpl._dispatch 
(node_modules/jsdom/lib/jsdom/living/events/EventTarget-impl.js:233:9)
      at HTMLInputElementImpl.dispatchEvent 
(node_modules/jsdom/lib/jsdom/living/events/EventTarget-impl.js:104:17)
      at HTMLInputElement.dispatchEvent 
(node_modules/jsdom/lib/jsdom/living/generated/EventTarget.js:241:34)
      at 
node_modules/@testing-library/user-event/dist/cjs/event/dispatchEvent.js:45:43
      at Object.eventWrapper 
(node_modules/@testing-library/dom/dist/config.js:25:23)
      at Object.wrapEvent 
(node_modules/@testing-library/user-event/dist/cjs/event/wrapEvent.js:6:28)
      at Object.dispatchEvent (node_modules/@testing-library/user-event/dist/cj
s/event/dispatchEvent.js:45:22)
      at Object.dispatchUIEvent (node_modules/@testing-library/user-event/dist/
cjs/event/dispatchEvent.js:22:26)
      at commitInput 
(node_modules/@testing-library/user-event/dist/cjs/event/input.js:145:14)
      at editInputElement 
(node_modules/@testing-library/user-event/dist/cjs/event/input.js:115:9)
      at Object.input 
(node_modules/@testing-library/user-event/dist/cjs/event/input.js:37:9)
      at node_modules/@testing-library/user-event/dist/cjs/event/behavior/keypr
ess.js:31:26
      at Object.dispatchEvent (node_modules/@testing-library/user-event/dist/cj
s/event/dispatchEvent.js:41:13)
      at Object.dispatchUIEvent (node_modules/@testing-library/user-event/dist/
cjs/event/dispatchEvent.js:22:26)
      at KeyboardHost.keydown 
(node_modules/@testing-library/user-event/dist/cjs/system/keyboard.js:76:22)
      at keyboardAction 
(node_modules/@testing-library/user-event/dist/cjs/keyboard/index.js:22:35)
      at Object.keyboard 
(node_modules/@testing-library/user-event/dist/cjs/keyboard/index.js:11:15)
      at Object.type 
(node_modules/@testing-library/user-event/dist/cjs/utility/type.js:17:5)
      at Object.<anonymous> 
(src/settings/__tests__/ProductPages.test.tsx:142:5)

    console.error
      Warning: An update to ProductListPage inside a test was not wrapped in 
act(...).
      
      When testing, code that causes React state updates should be wrapped 
into act(...):
      
      act(() => {
        /* fire events that update state */
      });
      /* assert on the output */
      
      This ensures that you're testing the behavior the user would see in the 
browser. Learn more at https://reactjs.org/link/wrap-tests-with-act
          at ProductListPage (C:\Users\samhe\OneDrive\Desktop\Cleaned\frontend\
src\settings\ProductListPage.tsx:21:45)
          at basenameProp (C:\Users\samhe\OneDrive\Desktop\Cleaned\frontend\nod
e_modules\react-router\lib\components.tsx:421:13)
          at basename (C:\Users\samhe\OneDrive\Desktop\Cleaned\frontend\node_mo
dules\react-router\lib\components.tsx:225:3)

      39 |
      40 |     function setField<K extends keyof NewProductForm>(key: K, 
value: NewProductForm[K]) {
    > 41 |         setForm(prev => ({ ...prev, [key]: value }))
         |         ^
      42 |     }
      43 |
      44 |     async function handleCreate() {

      at printWarning 
(node_modules/react-dom/cjs/react-dom.development.js:86:30)
      at error (node_modules/react-dom/cjs/react-dom.development.js:60:7)
      at warnIfUpdatesNotWrappedWithActDEV 
(node_modules/react-dom/cjs/react-dom.development.js:27628:9)
      at scheduleUpdateOnFiber 
(node_modules/react-dom/cjs/react-dom.development.js:25547:5)
      at dispatchSetState 
(node_modules/react-dom/cjs/react-dom.development.js:16708:7)
      at setField (src/settings/ProductListPage.tsx:41:9)
      at onChange (src/settings/ProductListPage.tsx:130:52)
      at HTMLUnknownElement.callCallback 
(node_modules/react-dom/cjs/react-dom.development.js:4164:14)
      at HTMLUnknownElement.callTheUserObjectsOperation 
(node_modules/jsdom/lib/jsdom/living/generated/EventListener.js:26:30)
      at innerInvokeEventListeners 
(node_modules/jsdom/lib/jsdom/living/events/EventTarget-impl.js:350:25)
      at invokeEventListeners 
(node_modules/jsdom/lib/jsdom/living/events/EventTarget-impl.js:286:3)
      at HTMLUnknownElementImpl._dispatch 
(node_modules/jsdom/lib/jsdom/living/events/EventTarget-impl.js:233:9)
      at HTMLUnknownElementImpl.dispatchEvent 
(node_modules/jsdom/lib/jsdom/living/events/EventTarget-impl.js:104:17)
      at HTMLUnknownElement.dispatchEvent 
(node_modules/jsdom/lib/jsdom/living/generated/EventTarget.js:241:34)
      at Object.invokeGuardedCallbackDev 
(node_modules/react-dom/cjs/react-dom.development.js:4213:16)
      at invokeGuardedCallback 
(node_modules/react-dom/cjs/react-dom.development.js:4277:31)
      at invokeGuardedCallbackAndCatchFirstError 
(node_modules/react-dom/cjs/react-dom.development.js:4291:25)
      at executeDispatch 
(node_modules/react-dom/cjs/react-dom.development.js:9041:3)
      at processDispatchQueueItemsInOrder 
(node_modules/react-dom/cjs/react-dom.development.js:9073:7)
      at processDispatchQueue 
(node_modules/react-dom/cjs/react-dom.development.js:9086:5)
      at dispatchEventsForPlugins 
(node_modules/react-dom/cjs/react-dom.development.js:9097:3)
      at node_modules/react-dom/cjs/react-dom.development.js:9288:12
      at batchedUpdates$1 
(node_modules/react-dom/cjs/react-dom.development.js:26179:12)
      at batchedUpdates 
(node_modules/react-dom/cjs/react-dom.development.js:3991:12)
      at dispatchEventForPluginEventSystem 
(node_modules/react-dom/cjs/react-dom.development.js:9287:3)
      at dispatchEventWithEnableCapturePhaseSelectiveHydrationWithoutDiscreteEv
entReplay (node_modules/react-dom/cjs/react-dom.development.js:6465:5)
      at dispatchEvent 
(node_modules/react-dom/cjs/react-dom.development.js:6457:5)
      at dispatchDiscreteEvent 
(node_modules/react-dom/cjs/react-dom.development.js:6430:5)
      at HTMLDivElement.callTheUserObjectsOperation 
(node_modules/jsdom/lib/jsdom/living/generated/EventListener.js:26:30)
      at innerInvokeEventListeners 
(node_modules/jsdom/lib/jsdom/living/events/EventTarget-impl.js:350:25)
      at invokeEventListeners 
(node_modules/jsdom/lib/jsdom/living/events/EventTarget-impl.js:286:3)
      at HTMLInputElementImpl._dispatch 
(node_modules/jsdom/lib/jsdom/living/events/EventTarget-impl.js:233:9)
      at HTMLInputElementImpl.dispatchEvent 
(node_modules/jsdom/lib/jsdom/living/events/EventTarget-impl.js:104:17)
      at HTMLInputElement.dispatchEvent 
(node_modules/jsdom/lib/jsdom/living/generated/EventTarget.js:241:34)
      at 
node_modules/@testing-library/user-event/dist/cjs/event/dispatchEvent.js:45:43
      at Object.eventWrapper 
(node_modules/@testing-library/dom/dist/config.js:25:23)
      at Object.wrapEvent 
(node_modules/@testing-library/user-event/dist/cjs/event/wrapEvent.js:6:28)
      at Object.dispatchEvent (node_modules/@testing-library/user-event/dist/cj
s/event/dispatchEvent.js:45:22)
      at Object.dispatchUIEvent (node_modules/@testing-library/user-event/dist/
cjs/event/dispatchEvent.js:22:26)
      at commitInput 
(node_modules/@testing-library/user-event/dist/cjs/event/input.js:145:14)
      at editInputElement 
(node_modules/@testing-library/user-event/dist/cjs/event/input.js:115:9)
      at Object.input 
(node_modules/@testing-library/user-event/dist/cjs/event/input.js:37:9)
      at node_modules/@testing-library/user-event/dist/cjs/event/behavior/keypr
ess.js:31:26
      at Object.dispatchEvent (node_modules/@testing-library/user-event/dist/cj
s/event/dispatchEvent.js:41:13)
      at Object.dispatchUIEvent (node_modules/@testing-library/user-event/dist/
cjs/event/dispatchEvent.js:22:26)
      at KeyboardHost.keydown 
(node_modules/@testing-library/user-event/dist/cjs/system/keyboard.js:76:22)
      at keyboardAction 
(node_modules/@testing-library/user-event/dist/cjs/keyboard/index.js:22:35)
      at Object.keyboard 
(node_modules/@testing-library/user-event/dist/cjs/keyboard/index.js:11:15)
      at Object.type 
(node_modules/@testing-library/user-event/dist/cjs/utility/type.js:17:5)
      at Object.<anonymous> 
(src/settings/__tests__/ProductPages.test.tsx:142:5)

    console.error
      Warning: An update to ProductListPage inside a test was not wrapped in 
act(...).
      
      When testing, code that causes React state updates should be wrapped 
into act(...):
      
      act(() => {
        /* fire events that update state */
      });
      /* assert on the output */
      
      This ensures that you're testing the behavior the user would see in the 
browser. Learn more at https://reactjs.org/link/wrap-tests-with-act
          at ProductListPage (C:\Users\samhe\OneDrive\Desktop\Cleaned\frontend\
src\settings\ProductListPage.tsx:21:45)
          at basenameProp (C:\Users\samhe\OneDrive\Desktop\Cleaned\frontend\nod
e_modules\react-router\lib\components.tsx:421:13)
          at basename (C:\Users\samhe\OneDrive\Desktop\Cleaned\frontend\node_mo
dules\react-router\lib\components.tsx:225:3)

      39 |
      40 |     function setField<K extends keyof NewProductForm>(key: K, 
value: NewProductForm[K]) {
    > 41 |         setForm(prev => ({ ...prev, [key]: value }))
         |         ^
      42 |     }
      43 |
      44 |     async function handleCreate() {

      at printWarning 
(node_modules/react-dom/cjs/react-dom.development.js:86:30)
      at error (node_modules/react-dom/cjs/react-dom.development.js:60:7)
      at warnIfUpdatesNotWrappedWithActDEV 
(node_modules/react-dom/cjs/react-dom.development.js:27628:9)
      at scheduleUpdateOnFiber 
(node_modules/react-dom/cjs/react-dom.development.js:25547:5)
      at dispatchSetState 
(node_modules/react-dom/cjs/react-dom.development.js:16708:7)
      at setField (src/settings/ProductListPage.tsx:41:9)
      at onChange (src/settings/ProductListPage.tsx:130:52)
      at HTMLUnknownElement.callCallback 
(node_modules/react-dom/cjs/react-dom.development.js:4164:14)
      at HTMLUnknownElement.callTheUserObjectsOperation 
(node_modules/jsdom/lib/jsdom/living/generated/EventListener.js:26:30)
      at innerInvokeEventListeners 
(node_modules/jsdom/lib/jsdom/living/events/EventTarget-impl.js:350:25)
      at invokeEventListeners 
(node_modules/jsdom/lib/jsdom/living/events/EventTarget-impl.js:286:3)
      at HTMLUnknownElementImpl._dispatch 
(node_modules/jsdom/lib/jsdom/living/events/EventTarget-impl.js:233:9)
      at HTMLUnknownElementImpl.dispatchEvent 
(node_modules/jsdom/lib/jsdom/living/events/EventTarget-impl.js:104:17)
      at HTMLUnknownElement.dispatchEvent 
(node_modules/jsdom/lib/jsdom/living/generated/EventTarget.js:241:34)
      at Object.invokeGuardedCallbackDev 
(node_modules/react-dom/cjs/react-dom.development.js:4213:16)
      at invokeGuardedCallback 
(node_modules/react-dom/cjs/react-dom.development.js:4277:31)
      at invokeGuardedCallbackAndCatchFirstError 
(node_modules/react-dom/cjs/react-dom.development.js:4291:25)
      at executeDispatch 
(node_modules/react-dom/cjs/react-dom.development.js:9041:3)
      at processDispatchQueueItemsInOrder 
(node_modules/react-dom/cjs/react-dom.development.js:9073:7)
      at processDispatchQueue 
(node_modules/react-dom/cjs/react-dom.development.js:9086:5)
      at dispatchEventsForPlugins 
(node_modules/react-dom/cjs/react-dom.development.js:9097:3)
      at node_modules/react-dom/cjs/react-dom.development.js:9288:12
      at batchedUpdates$1 
(node_modules/react-dom/cjs/react-dom.development.js:26179:12)
      at batchedUpdates 
(node_modules/react-dom/cjs/react-dom.development.js:3991:12)
      at dispatchEventForPluginEventSystem 
(node_modules/react-dom/cjs/react-dom.development.js:9287:3)
      at dispatchEventWithEnableCapturePhaseSelectiveHydrationWithoutDiscreteEv
entReplay (node_modules/react-dom/cjs/react-dom.development.js:6465:5)
      at dispatchEvent 
(node_modules/react-dom/cjs/react-dom.development.js:6457:5)
      at dispatchDiscreteEvent 
(node_modules/react-dom/cjs/react-dom.development.js:6430:5)
      at HTMLDivElement.callTheUserObjectsOperation 
(node_modules/jsdom/lib/jsdom/living/generated/EventListener.js:26:30)
      at innerInvokeEventListeners 
(node_modules/jsdom/lib/jsdom/living/events/EventTarget-impl.js:350:25)
      at invokeEventListeners 
(node_modules/jsdom/lib/jsdom/living/events/EventTarget-impl.js:286:3)
      at HTMLInputElementImpl._dispatch 
(node_modules/jsdom/lib/jsdom/living/events/EventTarget-impl.js:233:9)
      at HTMLInputElementImpl.dispatchEvent 
(node_modules/jsdom/lib/jsdom/living/events/EventTarget-impl.js:104:17)
      at HTMLInputElement.dispatchEvent 
(node_modules/jsdom/lib/jsdom/living/generated/EventTarget.js:241:34)
      at 
node_modules/@testing-library/user-event/dist/cjs/event/dispatchEvent.js:45:43
      at Object.eventWrapper 
(node_modules/@testing-library/dom/dist/config.js:25:23)
      at Object.wrapEvent 
(node_modules/@testing-library/user-event/dist/cjs/event/wrapEvent.js:6:28)
      at Object.dispatchEvent (node_modules/@testing-library/user-event/dist/cj
s/event/dispatchEvent.js:45:22)
      at Object.dispatchUIEvent (node_modules/@testing-library/user-event/dist/
cjs/event/dispatchEvent.js:22:26)
      at commitInput 
(node_modules/@testing-library/user-event/dist/cjs/event/input.js:145:14)
      at editInputElement 
(node_modules/@testing-library/user-event/dist/cjs/event/input.js:115:9)
      at Object.input 
(node_modules/@testing-library/user-event/dist/cjs/event/input.js:37:9)
      at node_modules/@testing-library/user-event/dist/cjs/event/behavior/keypr
ess.js:31:26
      at Object.dispatchEvent (node_modules/@testing-library/user-event/dist/cj
s/event/dispatchEvent.js:41:13)
      at Object.dispatchUIEvent (node_modules/@testing-library/user-event/dist/
cjs/event/dispatchEvent.js:22:26)
      at KeyboardHost.keydown 
(node_modules/@testing-library/user-event/dist/cjs/system/keyboard.js:76:22)
      at keyboardAction 
(node_modules/@testing-library/user-event/dist/cjs/keyboard/index.js:22:35)
      at Object.keyboard 
(node_modules/@testing-library/user-event/dist/cjs/keyboard/index.js:11:15)
      at Object.type 
(node_modules/@testing-library/user-event/dist/cjs/utility/type.js:17:5)
      at Object.<anonymous> 
(src/settings/__tests__/ProductPages.test.tsx:142:5)

    console.error
      Warning: An update to ProductListPage inside a test was not wrapped in 
act(...).
      
      When testing, code that causes React state updates should be wrapped 
into act(...):
      
      act(() => {
        /* fire events that update state */
      });
      /* assert on the output */
      
      This ensures that you're testing the behavior the user would see in the 
browser. Learn more at https://reactjs.org/link/wrap-tests-with-act
          at ProductListPage (C:\Users\samhe\OneDrive\Desktop\Cleaned\frontend\
src\settings\ProductListPage.tsx:21:45)
          at basenameProp (C:\Users\samhe\OneDrive\Desktop\Cleaned\frontend\nod
e_modules\react-router\lib\components.tsx:421:13)
          at basename (C:\Users\samhe\OneDrive\Desktop\Cleaned\frontend\node_mo
dules\react-router\lib\components.tsx:225:3)

      39 |
      40 |     function setField<K extends keyof NewProductForm>(key: K, 
value: NewProductForm[K]) {
    > 41 |         setForm(prev => ({ ...prev, [key]: value }))
         |         ^
      42 |     }
      43 |
      44 |     async function handleCreate() {

      at printWarning 
(node_modules/react-dom/cjs/react-dom.development.js:86:30)
      at error (node_modules/react-dom/cjs/react-dom.development.js:60:7)
      at warnIfUpdatesNotWrappedWithActDEV 
(node_modules/react-dom/cjs/react-dom.development.js:27628:9)
      at scheduleUpdateOnFiber 
(node_modules/react-dom/cjs/react-dom.development.js:25547:5)
      at dispatchSetState 
(node_modules/react-dom/cjs/react-dom.development.js:16708:7)
      at setField (src/settings/ProductListPage.tsx:41:9)
      at onChange (src/settings/ProductListPage.tsx:130:52)
      at HTMLUnknownElement.callCallback 
(node_modules/react-dom/cjs/react-dom.development.js:4164:14)
      at HTMLUnknownElement.callTheUserObjectsOperation 
(node_modules/jsdom/lib/jsdom/living/generated/EventListener.js:26:30)
      at innerInvokeEventListeners 
(node_modules/jsdom/lib/jsdom/living/events/EventTarget-impl.js:350:25)
      at invokeEventListeners 
(node_modules/jsdom/lib/jsdom/living/events/EventTarget-impl.js:286:3)
      at HTMLUnknownElementImpl._dispatch 
(node_modules/jsdom/lib/jsdom/living/events/EventTarget-impl.js:233:9)
      at HTMLUnknownElementImpl.dispatchEvent 
(node_modules/jsdom/lib/jsdom/living/events/EventTarget-impl.js:104:17)
      at HTMLUnknownElement.dispatchEvent 
(node_modules/jsdom/lib/jsdom/living/generated/EventTarget.js:241:34)
      at Object.invokeGuardedCallbackDev 
(node_modules/react-dom/cjs/react-dom.development.js:4213:16)
      at invokeGuardedCallback 
(node_modules/react-dom/cjs/react-dom.development.js:4277:31)
      at invokeGuardedCallbackAndCatchFirstError 
(node_modules/react-dom/cjs/react-dom.development.js:4291:25)
      at executeDispatch 
(node_modules/react-dom/cjs/react-dom.development.js:9041:3)
      at processDispatchQueueItemsInOrder 
(node_modules/react-dom/cjs/react-dom.development.js:9073:7)
      at processDispatchQueue 
(node_modules/react-dom/cjs/react-dom.development.js:9086:5)
      at dispatchEventsForPlugins 
(node_modules/react-dom/cjs/react-dom.development.js:9097:3)
      at node_modules/react-dom/cjs/react-dom.development.js:9288:12
      at batchedUpdates$1 
(node_modules/react-dom/cjs/react-dom.development.js:26179:12)
      at batchedUpdates 
(node_modules/react-dom/cjs/react-dom.development.js:3991:12)
      at dispatchEventForPluginEventSystem 
(node_modules/react-dom/cjs/react-dom.development.js:9287:3)
      at dispatchEventWithEnableCapturePhaseSelectiveHydrationWithoutDiscreteEv
entReplay (node_modules/react-dom/cjs/react-dom.development.js:6465:5)
      at dispatchEvent 
(node_modules/react-dom/cjs/react-dom.development.js:6457:5)
      at dispatchDiscreteEvent 
(node_modules/react-dom/cjs/react-dom.development.js:6430:5)
      at HTMLDivElement.callTheUserObjectsOperation 
(node_modules/jsdom/lib/jsdom/living/generated/EventListener.js:26:30)
      at innerInvokeEventListeners 
(node_modules/jsdom/lib/jsdom/living/events/EventTarget-impl.js:350:25)
      at invokeEventListeners 
(node_modules/jsdom/lib/jsdom/living/events/EventTarget-impl.js:286:3)
      at HTMLInputElementImpl._dispatch 
(node_modules/jsdom/lib/jsdom/living/events/EventTarget-impl.js:233:9)
      at HTMLInputElementImpl.dispatchEvent 
(node_modules/jsdom/lib/jsdom/living/events/EventTarget-impl.js:104:17)
      at HTMLInputElement.dispatchEvent 
(node_modules/jsdom/lib/jsdom/living/generated/EventTarget.js:241:34)
      at 
node_modules/@testing-library/user-event/dist/cjs/event/dispatchEvent.js:45:43
      at Object.eventWrapper 
(node_modules/@testing-library/dom/dist/config.js:25:23)
      at Object.wrapEvent 
(node_modules/@testing-library/user-event/dist/cjs/event/wrapEvent.js:6:28)
      at Object.dispatchEvent (node_modules/@testing-library/user-event/dist/cj
s/event/dispatchEvent.js:45:22)
      at Object.dispatchUIEvent (node_modules/@testing-library/user-event/dist/
cjs/event/dispatchEvent.js:22:26)
      at commitInput 
(node_modules/@testing-library/user-event/dist/cjs/event/input.js:145:14)
      at editInputElement 
(node_modules/@testing-library/user-event/dist/cjs/event/input.js:115:9)
      at Object.input 
(node_modules/@testing-library/user-event/dist/cjs/event/input.js:37:9)
      at node_modules/@testing-library/user-event/dist/cjs/event/behavior/keypr
ess.js:31:26
      at Object.dispatchEvent (node_modules/@testing-library/user-event/dist/cj
s/event/dispatchEvent.js:41:13)
      at Object.dispatchUIEvent (node_modules/@testing-library/user-event/dist/
cjs/event/dispatchEvent.js:22:26)
      at KeyboardHost.keydown 
(node_modules/@testing-library/user-event/dist/cjs/system/keyboard.js:76:22)
      at keyboardAction 
(node_modules/@testing-library/user-event/dist/cjs/keyboard/index.js:22:35)
      at Object.keyboard 
(node_modules/@testing-library/user-event/dist/cjs/keyboard/index.js:11:15)
      at Object.type 
(node_modules/@testing-library/user-event/dist/cjs/utility/type.js:17:5)
      at Object.<anonymous> 
(src/settings/__tests__/ProductPages.test.tsx:142:5)

    console.error
      Warning: An update to ProductListPage inside a test was not wrapped in 
act(...).
      
      When testing, code that causes React state updates should be wrapped 
into act(...):
      
      act(() => {
        /* fire events that update state */
      });
      /* assert on the output */
      
      This ensures that you're testing the behavior the user would see in the 
browser. Learn more at https://reactjs.org/link/wrap-tests-with-act
          at ProductListPage (C:\Users\samhe\OneDrive\Desktop\Cleaned\frontend\
src\settings\ProductListPage.tsx:21:45)
          at basenameProp (C:\Users\samhe\OneDrive\Desktop\Cleaned\frontend\nod
e_modules\react-router\lib\components.tsx:421:13)
          at basename (C:\Users\samhe\OneDrive\Desktop\Cleaned\frontend\node_mo
dules\react-router\lib\components.tsx:225:3)

      39 |
      40 |     function setField<K extends keyof NewProductForm>(key: K, 
value: NewProductForm[K]) {
    > 41 |         setForm(prev => ({ ...prev, [key]: value }))
         |         ^
      42 |     }
      43 |
      44 |     async function handleCreate() {

      at printWarning 
(node_modules/react-dom/cjs/react-dom.development.js:86:30)
      at error (node_modules/react-dom/cjs/react-dom.development.js:60:7)
      at warnIfUpdatesNotWrappedWithActDEV 
(node_modules/react-dom/cjs/react-dom.development.js:27628:9)
      at scheduleUpdateOnFiber 
(node_modules/react-dom/cjs/react-dom.development.js:25547:5)
      at dispatchSetState 
(node_modules/react-dom/cjs/react-dom.development.js:16708:7)
      at setField (src/settings/ProductListPage.tsx:41:9)
      at onChange (src/settings/ProductListPage.tsx:130:52)
      at HTMLUnknownElement.callCallback 
(node_modules/react-dom/cjs/react-dom.development.js:4164:14)
      at HTMLUnknownElement.callTheUserObjectsOperation 
(node_modules/jsdom/lib/jsdom/living/generated/EventListener.js:26:30)
      at innerInvokeEventListeners 
(node_modules/jsdom/lib/jsdom/living/events/EventTarget-impl.js:350:25)
      at invokeEventListeners 
(node_modules/jsdom/lib/jsdom/living/events/EventTarget-impl.js:286:3)
      at HTMLUnknownElementImpl._dispatch 
(node_modules/jsdom/lib/jsdom/living/events/EventTarget-impl.js:233:9)
      at HTMLUnknownElementImpl.dispatchEvent 
(node_modules/jsdom/lib/jsdom/living/events/EventTarget-impl.js:104:17)
      at HTMLUnknownElement.dispatchEvent 
(node_modules/jsdom/lib/jsdom/living/generated/EventTarget.js:241:34)
      at Object.invokeGuardedCallbackDev 
(node_modules/react-dom/cjs/react-dom.development.js:4213:16)
      at invokeGuardedCallback 
(node_modules/react-dom/cjs/react-dom.development.js:4277:31)
      at invokeGuardedCallbackAndCatchFirstError 
(node_modules/react-dom/cjs/react-dom.development.js:4291:25)
      at executeDispatch 
(node_modules/react-dom/cjs/react-dom.development.js:9041:3)
      at processDispatchQueueItemsInOrder 
(node_modules/react-dom/cjs/react-dom.development.js:9073:7)
      at processDispatchQueue 
(node_modules/react-dom/cjs/react-dom.development.js:9086:5)
      at dispatchEventsForPlugins 
(node_modules/react-dom/cjs/react-dom.development.js:9097:3)
      at node_modules/react-dom/cjs/react-dom.development.js:9288:12
      at batchedUpdates$1 
(node_modules/react-dom/cjs/react-dom.development.js:26179:12)
      at batchedUpdates 
(node_modules/react-dom/cjs/react-dom.development.js:3991:12)
      at dispatchEventForPluginEventSystem 
(node_modules/react-dom/cjs/react-dom.development.js:9287:3)
      at dispatchEventWithEnableCapturePhaseSelectiveHydrationWithoutDiscreteEv
entReplay (node_modules/react-dom/cjs/react-dom.development.js:6465:5)
      at dispatchEvent 
(node_modules/react-dom/cjs/react-dom.development.js:6457:5)
      at dispatchDiscreteEvent 
(node_modules/react-dom/cjs/react-dom.development.js:6430:5)
      at HTMLDivElement.callTheUserObjectsOperation 
(node_modules/jsdom/lib/jsdom/living/generated/EventListener.js:26:30)
      at innerInvokeEventListeners 
(node_modules/jsdom/lib/jsdom/living/events/EventTarget-impl.js:350:25)
      at invokeEventListeners 
(node_modules/jsdom/lib/jsdom/living/events/EventTarget-impl.js:286:3)
      at HTMLInputElementImpl._dispatch 
(node_modules/jsdom/lib/jsdom/living/events/EventTarget-impl.js:233:9)
      at HTMLInputElementImpl.dispatchEvent 
(node_modules/jsdom/lib/jsdom/living/events/EventTarget-impl.js:104:17)
      at HTMLInputElement.dispatchEvent 
(node_modules/jsdom/lib/jsdom/living/generated/EventTarget.js:241:34)
      at 
node_modules/@testing-library/user-event/dist/cjs/event/dispatchEvent.js:45:43
      at Object.eventWrapper 
(node_modules/@testing-library/dom/dist/config.js:25:23)
      at Object.wrapEvent 
(node_modules/@testing-library/user-event/dist/cjs/event/wrapEvent.js:6:28)
      at Object.dispatchEvent (node_modules/@testing-library/user-event/dist/cj
s/event/dispatchEvent.js:45:22)
      at Object.dispatchUIEvent (node_modules/@testing-library/user-event/dist/
cjs/event/dispatchEvent.js:22:26)
      at commitInput 
(node_modules/@testing-library/user-event/dist/cjs/event/input.js:145:14)
      at editInputElement 
(node_modules/@testing-library/user-event/dist/cjs/event/input.js:115:9)
      at Object.input 
(node_modules/@testing-library/user-event/dist/cjs/event/input.js:37:9)
      at node_modules/@testing-library/user-event/dist/cjs/event/behavior/keypr
ess.js:31:26
      at Object.dispatchEvent (node_modules/@testing-library/user-event/dist/cj
s/event/dispatchEvent.js:41:13)
      at Object.dispatchUIEvent (node_modules/@testing-library/user-event/dist/
cjs/event/dispatchEvent.js:22:26)
      at KeyboardHost.keydown 
(node_modules/@testing-library/user-event/dist/cjs/system/keyboard.js:76:22)
      at keyboardAction 
(node_modules/@testing-library/user-event/dist/cjs/keyboard/index.js:22:35)
      at Object.keyboard 
(node_modules/@testing-library/user-event/dist/cjs/keyboard/index.js:11:15)
      at Object.type 
(node_modules/@testing-library/user-event/dist/cjs/utility/type.js:17:5)
      at Object.<anonymous> 
(src/settings/__tests__/ProductPages.test.tsx:142:5)

    console.error
      Warning: An update to ProductListPage inside a test was not wrapped in 
act(...).
      
      When testing, code that causes React state updates should be wrapped 
into act(...):
      
      act(() => {
        /* fire events that update state */
      });
      /* assert on the output */
      
      This ensures that you're testing the behavior the user would see in the 
browser. Learn more at https://reactjs.org/link/wrap-tests-with-act
          at ProductListPage (C:\Users\samhe\OneDrive\Desktop\Cleaned\frontend\
src\settings\ProductListPage.tsx:21:45)
          at basenameProp (C:\Users\samhe\OneDrive\Desktop\Cleaned\frontend\nod
e_modules\react-router\lib\components.tsx:421:13)
          at basename (C:\Users\samhe\OneDrive\Desktop\Cleaned\frontend\node_mo
dules\react-router\lib\components.tsx:225:3)

      39 |
      40 |     function setField<K extends keyof NewProductForm>(key: K, 
value: NewProductForm[K]) {
    > 41 |         setForm(prev => ({ ...prev, [key]: value }))
         |         ^
      42 |     }
      43 |
      44 |     async function handleCreate() {

      at printWarning 
(node_modules/react-dom/cjs/react-dom.development.js:86:30)
      at error (node_modules/react-dom/cjs/react-dom.development.js:60:7)
      at warnIfUpdatesNotWrappedWithActDEV 
(node_modules/react-dom/cjs/react-dom.development.js:27628:9)
      at scheduleUpdateOnFiber 
(node_modules/react-dom/cjs/react-dom.development.js:25547:5)
      at dispatchSetState 
(node_modules/react-dom/cjs/react-dom.development.js:16708:7)
      at setField (src/settings/ProductListPage.tsx:41:9)
      at onChange (src/settings/ProductListPage.tsx:130:52)
      at HTMLUnknownElement.callCallback 
(node_modules/react-dom/cjs/react-dom.development.js:4164:14)
      at HTMLUnknownElement.callTheUserObjectsOperation 
(node_modules/jsdom/lib/jsdom/living/generated/EventListener.js:26:30)
      at innerInvokeEventListeners 
(node_modules/jsdom/lib/jsdom/living/events/EventTarget-impl.js:350:25)
      at invokeEventListeners 
(node_modules/jsdom/lib/jsdom/living/events/EventTarget-impl.js:286:3)
      at HTMLUnknownElementImpl._dispatch 
(node_modules/jsdom/lib/jsdom/living/events/EventTarget-impl.js:233:9)
      at HTMLUnknownElementImpl.dispatchEvent 
(node_modules/jsdom/lib/jsdom/living/events/EventTarget-impl.js:104:17)
      at HTMLUnknownElement.dispatchEvent 
(node_modules/jsdom/lib/jsdom/living/generated/EventTarget.js:241:34)
      at Object.invokeGuardedCallbackDev 
(node_modules/react-dom/cjs/react-dom.development.js:4213:16)
      at invokeGuardedCallback 
(node_modules/react-dom/cjs/react-dom.development.js:4277:31)
      at invokeGuardedCallbackAndCatchFirstError 
(node_modules/react-dom/cjs/react-dom.development.js:4291:25)
      at executeDispatch 
(node_modules/react-dom/cjs/react-dom.development.js:9041:3)
      at processDispatchQueueItemsInOrder 
(node_modules/react-dom/cjs/react-dom.development.js:9073:7)
      at processDispatchQueue 
(node_modules/react-dom/cjs/react-dom.development.js:9086:5)
      at dispatchEventsForPlugins 
(node_modules/react-dom/cjs/react-dom.development.js:9097:3)
      at node_modules/react-dom/cjs/react-dom.development.js:9288:12
      at batchedUpdates$1 
(node_modules/react-dom/cjs/react-dom.development.js:26179:12)
      at batchedUpdates 
(node_modules/react-dom/cjs/react-dom.development.js:3991:12)
      at dispatchEventForPluginEventSystem 
(node_modules/react-dom/cjs/react-dom.development.js:9287:3)
      at dispatchEventWithEnableCapturePhaseSelectiveHydrationWithoutDiscreteEv
entReplay (node_modules/react-dom/cjs/react-dom.development.js:6465:5)
      at dispatchEvent 
(node_modules/react-dom/cjs/react-dom.development.js:6457:5)
      at dispatchDiscreteEvent 
(node_modules/react-dom/cjs/react-dom.development.js:6430:5)
      at HTMLDivElement.callTheUserObjectsOperation 
(node_modules/jsdom/lib/jsdom/living/generated/EventListener.js:26:30)
      at innerInvokeEventListeners 
(node_modules/jsdom/lib/jsdom/living/events/EventTarget-impl.js:350:25)
      at invokeEventListeners 
(node_modules/jsdom/lib/jsdom/living/events/EventTarget-impl.js:286:3)
      at HTMLInputElementImpl._dispatch 
(node_modules/jsdom/lib/jsdom/living/events/EventTarget-impl.js:233:9)
      at HTMLInputElementImpl.dispatchEvent 
(node_modules/jsdom/lib/jsdom/living/events/EventTarget-impl.js:104:17)
      at HTMLInputElement.dispatchEvent 
(node_modules/jsdom/lib/jsdom/living/generated/EventTarget.js:241:34)
      at 
node_modules/@testing-library/user-event/dist/cjs/event/dispatchEvent.js:45:43
      at Object.eventWrapper 
(node_modules/@testing-library/dom/dist/config.js:25:23)
      at Object.wrapEvent 
(node_modules/@testing-library/user-event/dist/cjs/event/wrapEvent.js:6:28)
      at Object.dispatchEvent (node_modules/@testing-library/user-event/dist/cj
s/event/dispatchEvent.js:45:22)
      at Object.dispatchUIEvent (node_modules/@testing-library/user-event/dist/
cjs/event/dispatchEvent.js:22:26)
      at commitInput 
(node_modules/@testing-library/user-event/dist/cjs/event/input.js:145:14)
      at editInputElement 
(node_modules/@testing-library/user-event/dist/cjs/event/input.js:115:9)
      at Object.input 
(node_modules/@testing-library/user-event/dist/cjs/event/input.js:37:9)
      at node_modules/@testing-library/user-event/dist/cjs/event/behavior/keypr
ess.js:31:26
      at Object.dispatchEvent (node_modules/@testing-library/user-event/dist/cj
s/event/dispatchEvent.js:41:13)
      at Object.dispatchUIEvent (node_modules/@testing-library/user-event/dist/
cjs/event/dispatchEvent.js:22:26)
      at KeyboardHost.keydown 
(node_modules/@testing-library/user-event/dist/cjs/system/keyboard.js:76:22)
      at keyboardAction 
(node_modules/@testing-library/user-event/dist/cjs/keyboard/index.js:22:35)
      at Object.keyboard 
(node_modules/@testing-library/user-event/dist/cjs/keyboard/index.js:11:15)
      at Object.type 
(node_modules/@testing-library/user-event/dist/cjs/utility/type.js:17:5)
      at Object.<anonymous> 
(src/settings/__tests__/ProductPages.test.tsx:142:5)

    console.error
      Warning: An update to ProductListPage inside a test was not wrapped in 
act(...).
      
      When testing, code that causes React state updates should be wrapped 
into act(...):
      
      act(() => {
        /* fire events that update state */
      });
      /* assert on the output */
      
      This ensures that you're testing the behavior the user would see in the 
browser. Learn more at https://reactjs.org/link/wrap-tests-with-act
          at ProductListPage (C:\Users\samhe\OneDrive\Desktop\Cleaned\frontend\
src\settings\ProductListPage.tsx:21:45)
          at basenameProp (C:\Users\samhe\OneDrive\Desktop\Cleaned\frontend\nod
e_modules\react-router\lib\components.tsx:421:13)
          at basename (C:\Users\samhe\OneDrive\Desktop\Cleaned\frontend\node_mo
dules\react-router\lib\components.tsx:225:3)

      39 |
      40 |     function setField<K extends keyof NewProductForm>(key: K, 
value: NewProductForm[K]) {
    > 41 |         setForm(prev => ({ ...prev, [key]: value }))
         |         ^
      42 |     }
      43 |
      44 |     async function handleCreate() {

      at printWarning 
(node_modules/react-dom/cjs/react-dom.development.js:86:30)
      at error (node_modules/react-dom/cjs/react-dom.development.js:60:7)
      at warnIfUpdatesNotWrappedWithActDEV 
(node_modules/react-dom/cjs/react-dom.development.js:27628:9)
      at scheduleUpdateOnFiber 
(node_modules/react-dom/cjs/react-dom.development.js:25547:5)
      at dispatchSetState 
(node_modules/react-dom/cjs/react-dom.development.js:16708:7)
      at setField (src/settings/ProductListPage.tsx:41:9)
      at onChange (src/settings/ProductListPage.tsx:130:52)
      at HTMLUnknownElement.callCallback 
(node_modules/react-dom/cjs/react-dom.development.js:4164:14)
      at HTMLUnknownElement.callTheUserObjectsOperation 
(node_modules/jsdom/lib/jsdom/living/generated/EventListener.js:26:30)
      at innerInvokeEventListeners 
(node_modules/jsdom/lib/jsdom/living/events/EventTarget-impl.js:350:25)
      at invokeEventListeners 
(node_modules/jsdom/lib/jsdom/living/events/EventTarget-impl.js:286:3)
      at HTMLUnknownElementImpl._dispatch 
(node_modules/jsdom/lib/jsdom/living/events/EventTarget-impl.js:233:9)
      at HTMLUnknownElementImpl.dispatchEvent 
(node_modules/jsdom/lib/jsdom/living/events/EventTarget-impl.js:104:17)
      at HTMLUnknownElement.dispatchEvent 
(node_modules/jsdom/lib/jsdom/living/generated/EventTarget.js:241:34)
      at Object.invokeGuardedCallbackDev 
(node_modules/react-dom/cjs/react-dom.development.js:4213:16)
      at invokeGuardedCallback 
(node_modules/react-dom/cjs/react-dom.development.js:4277:31)
      at invokeGuardedCallbackAndCatchFirstError 
(node_modules/react-dom/cjs/react-dom.development.js:4291:25)
      at executeDispatch 
(node_modules/react-dom/cjs/react-dom.development.js:9041:3)
      at processDispatchQueueItemsInOrder 
(node_modules/react-dom/cjs/react-dom.development.js:9073:7)
      at processDispatchQueue 
(node_modules/react-dom/cjs/react-dom.development.js:9086:5)
      at dispatchEventsForPlugins 
(node_modules/react-dom/cjs/react-dom.development.js:9097:3)
      at node_modules/react-dom/cjs/react-dom.development.js:9288:12
      at batchedUpdates$1 
(node_modules/react-dom/cjs/react-dom.development.js:26179:12)
      at batchedUpdates 
(node_modules/react-dom/cjs/react-dom.development.js:3991:12)
      at dispatchEventForPluginEventSystem 
(node_modules/react-dom/cjs/react-dom.development.js:9287:3)
      at dispatchEventWithEnableCapturePhaseSelectiveHydrationWithoutDiscreteEv
entReplay (node_modules/react-dom/cjs/react-dom.development.js:6465:5)
      at dispatchEvent 
(node_modules/react-dom/cjs/react-dom.development.js:6457:5)
      at dispatchDiscreteEvent 
(node_modules/react-dom/cjs/react-dom.development.js:6430:5)
      at HTMLDivElement.callTheUserObjectsOperation 
(node_modules/jsdom/lib/jsdom/living/generated/EventListener.js:26:30)
      at innerInvokeEventListeners 
(node_modules/jsdom/lib/jsdom/living/events/EventTarget-impl.js:350:25)
      at invokeEventListeners 
(node_modules/jsdom/lib/jsdom/living/events/EventTarget-impl.js:286:3)
      at HTMLInputElementImpl._dispatch 
(node_modules/jsdom/lib/jsdom/living/events/EventTarget-impl.js:233:9)
      at HTMLInputElementImpl.dispatchEvent 
(node_modules/jsdom/lib/jsdom/living/events/EventTarget-impl.js:104:17)
      at HTMLInputElement.dispatchEvent 
(node_modules/jsdom/lib/jsdom/living/generated/EventTarget.js:241:34)
      at 
node_modules/@testing-library/user-event/dist/cjs/event/dispatchEvent.js:45:43
      at Object.eventWrapper 
(node_modules/@testing-library/dom/dist/config.js:25:23)
      at Object.wrapEvent 
(node_modules/@testing-library/user-event/dist/cjs/event/wrapEvent.js:6:28)
      at Object.dispatchEvent (node_modules/@testing-library/user-event/dist/cj
s/event/dispatchEvent.js:45:22)
      at Object.dispatchUIEvent (node_modules/@testing-library/user-event/dist/
cjs/event/dispatchEvent.js:22:26)
      at commitInput 
(node_modules/@testing-library/user-event/dist/cjs/event/input.js:145:14)
      at editInputElement 
(node_modules/@testing-library/user-event/dist/cjs/event/input.js:115:9)
      at Object.input 
(node_modules/@testing-library/user-event/dist/cjs/event/input.js:37:9)
      at node_modules/@testing-library/user-event/dist/cjs/event/behavior/keypr
ess.js:31:26
      at Object.dispatchEvent (node_modules/@testing-library/user-event/dist/cj
s/event/dispatchEvent.js:41:13)
      at Object.dispatchUIEvent (node_modules/@testing-library/user-event/dist/
cjs/event/dispatchEvent.js:22:26)
      at KeyboardHost.keydown 
(node_modules/@testing-library/user-event/dist/cjs/system/keyboard.js:76:22)
      at keyboardAction 
(node_modules/@testing-library/user-event/dist/cjs/keyboard/index.js:22:35)
      at Object.keyboard 
(node_modules/@testing-library/user-event/dist/cjs/keyboard/index.js:11:15)
      at Object.type 
(node_modules/@testing-library/user-event/dist/cjs/utility/type.js:17:5)
      at Object.<anonymous> 
(src/settings/__tests__/ProductPages.test.tsx:142:5)

    console.error
      Warning: An update to ProductListPage inside a test was not wrapped in 
act(...).
      
      When testing, code that causes React state updates should be wrapped 
into act(...):
      
      act(() => {
        /* fire events that update state */
      });
      /* assert on the output */
      
      This ensures that you're testing the behavior the user would see in the 
browser. Learn more at https://reactjs.org/link/wrap-tests-with-act
          at ProductListPage (C:\Users\samhe\OneDrive\Desktop\Cleaned\frontend\
src\settings\ProductListPage.tsx:21:45)
          at basenameProp (C:\Users\samhe\OneDrive\Desktop\Cleaned\frontend\nod
e_modules\react-router\lib\components.tsx:421:13)
          at basename (C:\Users\samhe\OneDrive\Desktop\Cleaned\frontend\node_mo
dules\react-router\lib\components.tsx:225:3)

      39 |
      40 |     function setField<K extends keyof NewProductForm>(key: K, 
value: NewProductForm[K]) {
    > 41 |         setForm(prev => ({ ...prev, [key]: value }))
         |         ^
      42 |     }
      43 |
      44 |     async function handleCreate() {

      at printWarning 
(node_modules/react-dom/cjs/react-dom.development.js:86:30)
      at error (node_modules/react-dom/cjs/react-dom.development.js:60:7)
      at warnIfUpdatesNotWrappedWithActDEV 
(node_modules/react-dom/cjs/react-dom.development.js:27628:9)
      at scheduleUpdateOnFiber 
(node_modules/react-dom/cjs/react-dom.development.js:25547:5)
      at dispatchSetState 
(node_modules/react-dom/cjs/react-dom.development.js:16708:7)
      at setField (src/settings/ProductListPage.tsx:41:9)
      at onChange (src/settings/ProductListPage.tsx:130:52)
      at HTMLUnknownElement.callCallback 
(node_modules/react-dom/cjs/react-dom.development.js:4164:14)
      at HTMLUnknownElement.callTheUserObjectsOperation 
(node_modules/jsdom/lib/jsdom/living/generated/EventListener.js:26:30)
      at innerInvokeEventListeners 
(node_modules/jsdom/lib/jsdom/living/events/EventTarget-impl.js:350:25)
      at invokeEventListeners 
(node_modules/jsdom/lib/jsdom/living/events/EventTarget-impl.js:286:3)
      at HTMLUnknownElementImpl._dispatch 
(node_modules/jsdom/lib/jsdom/living/events/EventTarget-impl.js:233:9)
      at HTMLUnknownElementImpl.dispatchEvent 
(node_modules/jsdom/lib/jsdom/living/events/EventTarget-impl.js:104:17)
      at HTMLUnknownElement.dispatchEvent 
(node_modules/jsdom/lib/jsdom/living/generated/EventTarget.js:241:34)
      at Object.invokeGuardedCallbackDev 
(node_modules/react-dom/cjs/react-dom.development.js:4213:16)
      at invokeGuardedCallback 
(node_modules/react-dom/cjs/react-dom.development.js:4277:31)
      at invokeGuardedCallbackAndCatchFirstError 
(node_modules/react-dom/cjs/react-dom.development.js:4291:25)
      at executeDispatch 
(node_modules/react-dom/cjs/react-dom.development.js:9041:3)
      at processDispatchQueueItemsInOrder 
(node_modules/react-dom/cjs/react-dom.development.js:9073:7)
      at processDispatchQueue 
(node_modules/react-dom/cjs/react-dom.development.js:9086:5)
      at dispatchEventsForPlugins 
(node_modules/react-dom/cjs/react-dom.development.js:9097:3)
      at node_modules/react-dom/cjs/react-dom.development.js:9288:12
      at batchedUpdates$1 
(node_modules/react-dom/cjs/react-dom.development.js:26179:12)
      at batchedUpdates 
(node_modules/react-dom/cjs/react-dom.development.js:3991:12)
      at dispatchEventForPluginEventSystem 
(node_modules/react-dom/cjs/react-dom.development.js:9287:3)
      at dispatchEventWithEnableCapturePhaseSelectiveHydrationWithoutDiscreteEv
entReplay (node_modules/react-dom/cjs/react-dom.development.js:6465:5)
      at dispatchEvent 
(node_modules/react-dom/cjs/react-dom.development.js:6457:5)
      at dispatchDiscreteEvent 
(node_modules/react-dom/cjs/react-dom.development.js:6430:5)
      at HTMLDivElement.callTheUserObjectsOperation 
(node_modules/jsdom/lib/jsdom/living/generated/EventListener.js:26:30)
      at innerInvokeEventListeners 
(node_modules/jsdom/lib/jsdom/living/events/EventTarget-impl.js:350:25)
      at invokeEventListeners 
(node_modules/jsdom/lib/jsdom/living/events/EventTarget-impl.js:286:3)
      at HTMLInputElementImpl._dispatch 
(node_modules/jsdom/lib/jsdom/living/events/EventTarget-impl.js:233:9)
      at HTMLInputElementImpl.dispatchEvent 
(node_modules/jsdom/lib/jsdom/living/events/EventTarget-impl.js:104:17)
      at HTMLInputElement.dispatchEvent 
(node_modules/jsdom/lib/jsdom/living/generated/EventTarget.js:241:34)
      at 
node_modules/@testing-library/user-event/dist/cjs/event/dispatchEvent.js:45:43
      at Object.eventWrapper 
(node_modules/@testing-library/dom/dist/config.js:25:23)
      at Object.wrapEvent 
(node_modules/@testing-library/user-event/dist/cjs/event/wrapEvent.js:6:28)
      at Object.dispatchEvent (node_modules/@testing-library/user-event/dist/cj
s/event/dispatchEvent.js:45:22)
      at Object.dispatchUIEvent (node_modules/@testing-library/user-event/dist/
cjs/event/dispatchEvent.js:22:26)
      at commitInput 
(node_modules/@testing-library/user-event/dist/cjs/event/input.js:145:14)
      at editInputElement 
(node_modules/@testing-library/user-event/dist/cjs/event/input.js:115:9)
      at Object.input 
(node_modules/@testing-library/user-event/dist/cjs/event/input.js:37:9)
      at node_modules/@testing-library/user-event/dist/cjs/event/behavior/keypr
ess.js:31:26
      at Object.dispatchEvent (node_modules/@testing-library/user-event/dist/cj
s/event/dispatchEvent.js:41:13)
      at Object.dispatchUIEvent (node_modules/@testing-library/user-event/dist/
cjs/event/dispatchEvent.js:22:26)
      at KeyboardHost.keydown 
(node_modules/@testing-library/user-event/dist/cjs/system/keyboard.js:76:22)
      at keyboardAction 
(node_modules/@testing-library/user-event/dist/cjs/keyboard/index.js:22:35)
      at Object.keyboard 
(node_modules/@testing-library/user-event/dist/cjs/keyboard/index.js:11:15)
      at Object.type 
(node_modules/@testing-library/user-event/dist/cjs/utility/type.js:17:5)
      at Object.<anonymous> 
(src/settings/__tests__/ProductPages.test.tsx:142:5)

    console.error
      Warning: An update to ProductListPage inside a test was not wrapped in 
act(...).
      
      When testing, code that causes React state updates should be wrapped 
into act(...):
      
      act(() => {
        /* fire events that update state */
      });
      /* assert on the output */
      
      This ensures that you're testing the behavior the user would see in the 
browser. Learn more at https://reactjs.org/link/wrap-tests-with-act
          at ProductListPage (C:\Users\samhe\OneDrive\Desktop\Cleaned\frontend\
src\settings\ProductListPage.tsx:21:45)
          at basenameProp (C:\Users\samhe\OneDrive\Desktop\Cleaned\frontend\nod
e_modules\react-router\lib\components.tsx:421:13)
          at basename (C:\Users\samhe\OneDrive\Desktop\Cleaned\frontend\node_mo
dules\react-router\lib\components.tsx:225:3)

      39 |
      40 |     function setField<K extends keyof NewProductForm>(key: K, 
value: NewProductForm[K]) {
    > 41 |         setForm(prev => ({ ...prev, [key]: value }))
         |         ^
      42 |     }
      43 |
      44 |     async function handleCreate() {

      at printWarning 
(node_modules/react-dom/cjs/react-dom.development.js:86:30)
      at error (node_modules/react-dom/cjs/react-dom.development.js:60:7)
      at warnIfUpdatesNotWrappedWithActDEV 
(node_modules/react-dom/cjs/react-dom.development.js:27628:9)
      at scheduleUpdateOnFiber 
(node_modules/react-dom/cjs/react-dom.development.js:25547:5)
      at dispatchSetState 
(node_modules/react-dom/cjs/react-dom.development.js:16708:7)
      at setField (src/settings/ProductListPage.tsx:41:9)
      at onChange (src/settings/ProductListPage.tsx:130:52)
      at HTMLUnknownElement.callCallback 
(node_modules/react-dom/cjs/react-dom.development.js:4164:14)
      at HTMLUnknownElement.callTheUserObjectsOperation 
(node_modules/jsdom/lib/jsdom/living/generated/EventListener.js:26:30)
      at innerInvokeEventListeners 
(node_modules/jsdom/lib/jsdom/living/events/EventTarget-impl.js:350:25)
      at invokeEventListeners 
(node_modules/jsdom/lib/jsdom/living/events/EventTarget-impl.js:286:3)
      at HTMLUnknownElementImpl._dispatch 
(node_modules/jsdom/lib/jsdom/living/events/EventTarget-impl.js:233:9)
      at HTMLUnknownElementImpl.dispatchEvent 
(node_modules/jsdom/lib/jsdom/living/events/EventTarget-impl.js:104:17)
      at HTMLUnknownElement.dispatchEvent 
(node_modules/jsdom/lib/jsdom/living/generated/EventTarget.js:241:34)
      at Object.invokeGuardedCallbackDev 
(node_modules/react-dom/cjs/react-dom.development.js:4213:16)
      at invokeGuardedCallback 
(node_modules/react-dom/cjs/react-dom.development.js:4277:31)
      at invokeGuardedCallbackAndCatchFirstError 
(node_modules/react-dom/cjs/react-dom.development.js:4291:25)
      at executeDispatch 
(node_modules/react-dom/cjs/react-dom.development.js:9041:3)
      at processDispatchQueueItemsInOrder 
(node_modules/react-dom/cjs/react-dom.development.js:9073:7)
      at processDispatchQueue 
(node_modules/react-dom/cjs/react-dom.development.js:9086:5)
      at dispatchEventsForPlugins 
(node_modules/react-dom/cjs/react-dom.development.js:9097:3)
      at node_modules/react-dom/cjs/react-dom.development.js:9288:12
      at batchedUpdates$1 
(node_modules/react-dom/cjs/react-dom.development.js:26179:12)
      at batchedUpdates 
(node_modules/react-dom/cjs/react-dom.development.js:3991:12)
      at dispatchEventForPluginEventSystem 
(node_modules/react-dom/cjs/react-dom.development.js:9287:3)
      at dispatchEventWithEnableCapturePhaseSelectiveHydrationWithoutDiscreteEv
entReplay (node_modules/react-dom/cjs/react-dom.development.js:6465:5)
      at dispatchEvent 
(node_modules/react-dom/cjs/react-dom.development.js:6457:5)
      at dispatchDiscreteEvent 
(node_modules/react-dom/cjs/react-dom.development.js:6430:5)
      at HTMLDivElement.callTheUserObjectsOperation 
(node_modules/jsdom/lib/jsdom/living/generated/EventListener.js:26:30)
      at innerInvokeEventListeners 
(node_modules/jsdom/lib/jsdom/living/events/EventTarget-impl.js:350:25)
      at invokeEventListeners 
(node_modules/jsdom/lib/jsdom/living/events/EventTarget-impl.js:286:3)
      at HTMLInputElementImpl._dispatch 
(node_modules/jsdom/lib/jsdom/living/events/EventTarget-impl.js:233:9)
      at HTMLInputElementImpl.dispatchEvent 
(node_modules/jsdom/lib/jsdom/living/events/EventTarget-impl.js:104:17)
      at HTMLInputElement.dispatchEvent 
(node_modules/jsdom/lib/jsdom/living/generated/EventTarget.js:241:34)
      at 
node_modules/@testing-library/user-event/dist/cjs/event/dispatchEvent.js:45:43
      at Object.eventWrapper 
(node_modules/@testing-library/dom/dist/config.js:25:23)
      at Object.wrapEvent 
(node_modules/@testing-library/user-event/dist/cjs/event/wrapEvent.js:6:28)
      at Object.dispatchEvent (node_modules/@testing-library/user-event/dist/cj
s/event/dispatchEvent.js:45:22)
      at Object.dispatchUIEvent (node_modules/@testing-library/user-event/dist/
cjs/event/dispatchEvent.js:22:26)
      at commitInput 
(node_modules/@testing-library/user-event/dist/cjs/event/input.js:145:14)
      at editInputElement 
(node_modules/@testing-library/user-event/dist/cjs/event/input.js:115:9)
      at Object.input 
(node_modules/@testing-library/user-event/dist/cjs/event/input.js:37:9)
      at node_modules/@testing-library/user-event/dist/cjs/event/behavior/keypr
ess.js:31:26
      at Object.dispatchEvent (node_modules/@testing-library/user-event/dist/cj
s/event/dispatchEvent.js:41:13)
      at Object.dispatchUIEvent (node_modules/@testing-library/user-event/dist/
cjs/event/dispatchEvent.js:22:26)
      at KeyboardHost.keydown 
(node_modules/@testing-library/user-event/dist/cjs/system/keyboard.js:76:22)
      at keyboardAction 
(node_modules/@testing-library/user-event/dist/cjs/keyboard/index.js:22:35)
      at Object.keyboard 
(node_modules/@testing-library/user-event/dist/cjs/keyboard/index.js:11:15)
      at Object.type 
(node_modules/@testing-library/user-event/dist/cjs/utility/type.js:17:5)
      at Object.<anonymous> 
(src/settings/__tests__/ProductPages.test.tsx:142:5)

    console.error
      Warning: An update to ProductListPage inside a test was not wrapped in 
act(...).
      
      When testing, code that causes React state updates should be wrapped 
into act(...):
      
      act(() => {
        /* fire events that update state */
      });
      /* assert on the output */
      
      This ensures that you're testing the behavior the user would see in the 
browser. Learn more at https://reactjs.org/link/wrap-tests-with-act
          at ProductListPage (C:\Users\samhe\OneDrive\Desktop\Cleaned\frontend\
src\settings\ProductListPage.tsx:21:45)
          at basenameProp (C:\Users\samhe\OneDrive\Desktop\Cleaned\frontend\nod
e_modules\react-router\lib\components.tsx:421:13)
          at basename (C:\Users\samhe\OneDrive\Desktop\Cleaned\frontend\node_mo
dules\react-router\lib\components.tsx:225:3)

      39 |
      40 |     function setField<K extends keyof NewProductForm>(key: K, 
value: NewProductForm[K]) {
    > 41 |         setForm(prev => ({ ...prev, [key]: value }))
         |         ^
      42 |     }
      43 |
      44 |     async function handleCreate() {

      at printWarning 
(node_modules/react-dom/cjs/react-dom.development.js:86:30)
      at error (node_modules/react-dom/cjs/react-dom.development.js:60:7)
      at warnIfUpdatesNotWrappedWithActDEV 
(node_modules/react-dom/cjs/react-dom.development.js:27628:9)
      at scheduleUpdateOnFiber 
(node_modules/react-dom/cjs/react-dom.development.js:25547:5)
      at dispatchSetState 
(node_modules/react-dom/cjs/react-dom.development.js:16708:7)
      at setField (src/settings/ProductListPage.tsx:41:9)
      at onChange (src/settings/ProductListPage.tsx:130:52)
      at HTMLUnknownElement.callCallback 
(node_modules/react-dom/cjs/react-dom.development.js:4164:14)
      at HTMLUnknownElement.callTheUserObjectsOperation 
(node_modules/jsdom/lib/jsdom/living/generated/EventListener.js:26:30)
      at innerInvokeEventListeners 
(node_modules/jsdom/lib/jsdom/living/events/EventTarget-impl.js:350:25)
      at invokeEventListeners 
(node_modules/jsdom/lib/jsdom/living/events/EventTarget-impl.js:286:3)
      at HTMLUnknownElementImpl._dispatch 
(node_modules/jsdom/lib/jsdom/living/events/EventTarget-impl.js:233:9)
      at HTMLUnknownElementImpl.dispatchEvent 
(node_modules/jsdom/lib/jsdom/living/events/EventTarget-impl.js:104:17)
      at HTMLUnknownElement.dispatchEvent 
(node_modules/jsdom/lib/jsdom/living/generated/EventTarget.js:241:34)
      at Object.invokeGuardedCallbackDev 
(node_modules/react-dom/cjs/react-dom.development.js:4213:16)
      at invokeGuardedCallback 
(node_modules/react-dom/cjs/react-dom.development.js:4277:31)
      at invokeGuardedCallbackAndCatchFirstError 
(node_modules/react-dom/cjs/react-dom.development.js:4291:25)
      at executeDispatch 
(node_modules/react-dom/cjs/react-dom.development.js:9041:3)
      at processDispatchQueueItemsInOrder 
(node_modules/react-dom/cjs/react-dom.development.js:9073:7)
      at processDispatchQueue 
(node_modules/react-dom/cjs/react-dom.development.js:9086:5)
      at dispatchEventsForPlugins 
(node_modules/react-dom/cjs/react-dom.development.js:9097:3)
      at node_modules/react-dom/cjs/react-dom.development.js:9288:12
      at batchedUpdates$1 
(node_modules/react-dom/cjs/react-dom.development.js:26179:12)
      at batchedUpdates 
(node_modules/react-dom/cjs/react-dom.development.js:3991:12)
      at dispatchEventForPluginEventSystem 
(node_modules/react-dom/cjs/react-dom.development.js:9287:3)
      at dispatchEventWithEnableCapturePhaseSelectiveHydrationWithoutDiscreteEv
entReplay (node_modules/react-dom/cjs/react-dom.development.js:6465:5)
      at dispatchEvent 
(node_modules/react-dom/cjs/react-dom.development.js:6457:5)
      at dispatchDiscreteEvent 
(node_modules/react-dom/cjs/react-dom.development.js:6430:5)
      at HTMLDivElement.callTheUserObjectsOperation 
(node_modules/jsdom/lib/jsdom/living/generated/EventListener.js:26:30)
      at innerInvokeEventListeners 
(node_modules/jsdom/lib/jsdom/living/events/EventTarget-impl.js:350:25)
      at invokeEventListeners 
(node_modules/jsdom/lib/jsdom/living/events/EventTarget-impl.js:286:3)
      at HTMLInputElementImpl._dispatch 
(node_modules/jsdom/lib/jsdom/living/events/EventTarget-impl.js:233:9)
      at HTMLInputElementImpl.dispatchEvent 
(node_modules/jsdom/lib/jsdom/living/events/EventTarget-impl.js:104:17)
      at HTMLInputElement.dispatchEvent 
(node_modules/jsdom/lib/jsdom/living/generated/EventTarget.js:241:34)
      at 
node_modules/@testing-library/user-event/dist/cjs/event/dispatchEvent.js:45:43
      at Object.eventWrapper 
(node_modules/@testing-library/dom/dist/config.js:25:23)
      at Object.wrapEvent 
(node_modules/@testing-library/user-event/dist/cjs/event/wrapEvent.js:6:28)
      at Object.dispatchEvent (node_modules/@testing-library/user-event/dist/cj
s/event/dispatchEvent.js:45:22)
      at Object.dispatchUIEvent (node_modules/@testing-library/user-event/dist/
cjs/event/dispatchEvent.js:22:26)
      at commitInput 
(node_modules/@testing-library/user-event/dist/cjs/event/input.js:145:14)
      at editInputElement 
(node_modules/@testing-library/user-event/dist/cjs/event/input.js:115:9)
      at Object.input 
(node_modules/@testing-library/user-event/dist/cjs/event/input.js:37:9)
      at node_modules/@testing-library/user-event/dist/cjs/event/behavior/keypr
ess.js:31:26
      at Object.dispatchEvent (node_modules/@testing-library/user-event/dist/cj
s/event/dispatchEvent.js:41:13)
      at Object.dispatchUIEvent (node_modules/@testing-library/user-event/dist/
cjs/event/dispatchEvent.js:22:26)
      at KeyboardHost.keydown 
(node_modules/@testing-library/user-event/dist/cjs/system/keyboard.js:76:22)
      at keyboardAction 
(node_modules/@testing-library/user-event/dist/cjs/keyboard/index.js:22:35)
      at Object.keyboard 
(node_modules/@testing-library/user-event/dist/cjs/keyboard/index.js:11:15)
      at Object.type 
(node_modules/@testing-library/user-event/dist/cjs/utility/type.js:17:5)
      at Object.<anonymous> 
(src/settings/__tests__/ProductPages.test.tsx:142:5)

    console.error
      Warning: An update to ProductListPage inside a test was not wrapped in 
act(...).
      
      When testing, code that causes React state updates should be wrapped 
into act(...):
      
      act(() => {
        /* fire events that update state */
      });
      /* assert on the output */
      
      This ensures that you're testing the behavior the user would see in the 
browser. Learn more at https://reactjs.org/link/wrap-tests-with-act
          at ProductListPage (C:\Users\samhe\OneDrive\Desktop\Cleaned\frontend\
src\settings\ProductListPage.tsx:21:45)
          at basenameProp (C:\Users\samhe\OneDrive\Desktop\Cleaned\frontend\nod
e_modules\react-router\lib\components.tsx:421:13)
          at basename (C:\Users\samhe\OneDrive\Desktop\Cleaned\frontend\node_mo
dules\react-router\lib\components.tsx:225:3)

      39 |
      40 |     function setField<K extends keyof NewProductForm>(key: K, 
value: NewProductForm[K]) {
    > 41 |         setForm(prev => ({ ...prev, [key]: value }))
         |         ^
      42 |     }
      43 |
      44 |     async function handleCreate() {

      at printWarning 
(node_modules/react-dom/cjs/react-dom.development.js:86:30)
      at error (node_modules/react-dom/cjs/react-dom.development.js:60:7)
      at warnIfUpdatesNotWrappedWithActDEV 
(node_modules/react-dom/cjs/react-dom.development.js:27628:9)
      at scheduleUpdateOnFiber 
(node_modules/react-dom/cjs/react-dom.development.js:25547:5)
      at dispatchSetState 
(node_modules/react-dom/cjs/react-dom.development.js:16708:7)
      at setField (src/settings/ProductListPage.tsx:41:9)
      at onChange (src/settings/ProductListPage.tsx:130:52)
      at HTMLUnknownElement.callCallback 
(node_modules/react-dom/cjs/react-dom.development.js:4164:14)
      at HTMLUnknownElement.callTheUserObjectsOperation 
(node_modules/jsdom/lib/jsdom/living/generated/EventListener.js:26:30)
      at innerInvokeEventListeners 
(node_modules/jsdom/lib/jsdom/living/events/EventTarget-impl.js:350:25)
      at invokeEventListeners 
(node_modules/jsdom/lib/jsdom/living/events/EventTarget-impl.js:286:3)
      at HTMLUnknownElementImpl._dispatch 
(node_modules/jsdom/lib/jsdom/living/events/EventTarget-impl.js:233:9)
      at HTMLUnknownElementImpl.dispatchEvent 
(node_modules/jsdom/lib/jsdom/living/events/EventTarget-impl.js:104:17)
      at HTMLUnknownElement.dispatchEvent 
(node_modules/jsdom/lib/jsdom/living/generated/EventTarget.js:241:34)
      at Object.invokeGuardedCallbackDev 
(node_modules/react-dom/cjs/react-dom.development.js:4213:16)
      at invokeGuardedCallback 
(node_modules/react-dom/cjs/react-dom.development.js:4277:31)
      at invokeGuardedCallbackAndCatchFirstError 
(node_modules/react-dom/cjs/react-dom.development.js:4291:25)
      at executeDispatch 
(node_modules/react-dom/cjs/react-dom.development.js:9041:3)
      at processDispatchQueueItemsInOrder 
(node_modules/react-dom/cjs/react-dom.development.js:9073:7)
      at processDispatchQueue 
(node_modules/react-dom/cjs/react-dom.development.js:9086:5)
      at dispatchEventsForPlugins 
(node_modules/react-dom/cjs/react-dom.development.js:9097:3)
      at node_modules/react-dom/cjs/react-dom.development.js:9288:12
      at batchedUpdates$1 
(node_modules/react-dom/cjs/react-dom.development.js:26179:12)
      at batchedUpdates 
(node_modules/react-dom/cjs/react-dom.development.js:3991:12)
      at dispatchEventForPluginEventSystem 
(node_modules/react-dom/cjs/react-dom.development.js:9287:3)
      at dispatchEventWithEnableCapturePhaseSelectiveHydrationWithoutDiscreteEv
entReplay (node_modules/react-dom/cjs/react-dom.development.js:6465:5)
      at dispatchEvent 
(node_modules/react-dom/cjs/react-dom.development.js:6457:5)
      at dispatchDiscreteEvent 
(node_modules/react-dom/cjs/react-dom.development.js:6430:5)
      at HTMLDivElement.callTheUserObjectsOperation 
(node_modules/jsdom/lib/jsdom/living/generated/EventListener.js:26:30)
      at innerInvokeEventListeners 
(node_modules/jsdom/lib/jsdom/living/events/EventTarget-impl.js:350:25)
      at invokeEventListeners 
(node_modules/jsdom/lib/jsdom/living/events/EventTarget-impl.js:286:3)
      at HTMLInputElementImpl._dispatch 
(node_modules/jsdom/lib/jsdom/living/events/EventTarget-impl.js:233:9)
      at HTMLInputElementImpl.dispatchEvent 
(node_modules/jsdom/lib/jsdom/living/events/EventTarget-impl.js:104:17)
      at HTMLInputElement.dispatchEvent 
(node_modules/jsdom/lib/jsdom/living/generated/EventTarget.js:241:34)
      at 
node_modules/@testing-library/user-event/dist/cjs/event/dispatchEvent.js:45:43
      at Object.eventWrapper 
(node_modules/@testing-library/dom/dist/config.js:25:23)
      at Object.wrapEvent 
(node_modules/@testing-library/user-event/dist/cjs/event/wrapEvent.js:6:28)
      at Object.dispatchEvent (node_modules/@testing-library/user-event/dist/cj
s/event/dispatchEvent.js:45:22)
      at Object.dispatchUIEvent (node_modules/@testing-library/user-event/dist/
cjs/event/dispatchEvent.js:22:26)
      at commitInput 
(node_modules/@testing-library/user-event/dist/cjs/event/input.js:145:14)
      at editInputElement 
(node_modules/@testing-library/user-event/dist/cjs/event/input.js:115:9)
      at Object.input 
(node_modules/@testing-library/user-event/dist/cjs/event/input.js:37:9)
      at node_modules/@testing-library/user-event/dist/cjs/event/behavior/keypr
ess.js:31:26
      at Object.dispatchEvent (node_modules/@testing-library/user-event/dist/cj
s/event/dispatchEvent.js:41:13)
      at Object.dispatchUIEvent (node_modules/@testing-library/user-event/dist/
cjs/event/dispatchEvent.js:22:26)
      at KeyboardHost.keydown 
(node_modules/@testing-library/user-event/dist/cjs/system/keyboard.js:76:22)
      at keyboardAction 
(node_modules/@testing-library/user-event/dist/cjs/keyboard/index.js:22:35)
      at Object.keyboard 
(node_modules/@testing-library/user-event/dist/cjs/keyboard/index.js:11:15)
      at Object.type 
(node_modules/@testing-library/user-event/dist/cjs/utility/type.js:17:5)
      at Object.<anonymous> 
(src/settings/__tests__/ProductPages.test.tsx:142:5)

    console.error
      Warning: An update to ProductListPage inside a test was not wrapped in 
act(...).
      
      When testing, code that causes React state updates should be wrapped 
into act(...):
      
      act(() => {
        /* fire events that update state */
      });
      /* assert on the output */
      
      This ensures that you're testing the behavior the user would see in the 
browser. Learn more at https://reactjs.org/link/wrap-tests-with-act
          at ProductListPage (C:\Users\samhe\OneDrive\Desktop\Cleaned\frontend\
src\settings\ProductListPage.tsx:21:45)
          at basenameProp (C:\Users\samhe\OneDrive\Desktop\Cleaned\frontend\nod
e_modules\react-router\lib\components.tsx:421:13)
          at basename (C:\Users\samhe\OneDrive\Desktop\Cleaned\frontend\node_mo
dules\react-router\lib\components.tsx:225:3)

      39 |
      40 |     function setField<K extends keyof NewProductForm>(key: K, 
value: NewProductForm[K]) {
    > 41 |         setForm(prev => ({ ...prev, [key]: value }))
         |         ^
      42 |     }
      43 |
      44 |     async function handleCreate() {

      at printWarning 
(node_modules/react-dom/cjs/react-dom.development.js:86:30)
      at error (node_modules/react-dom/cjs/react-dom.development.js:60:7)
      at warnIfUpdatesNotWrappedWithActDEV 
(node_modules/react-dom/cjs/react-dom.development.js:27628:9)
      at scheduleUpdateOnFiber 
(node_modules/react-dom/cjs/react-dom.development.js:25547:5)
      at dispatchSetState 
(node_modules/react-dom/cjs/react-dom.development.js:16708:7)
      at setField (src/settings/ProductListPage.tsx:41:9)
      at onChange (src/settings/ProductListPage.tsx:130:52)
      at HTMLUnknownElement.callCallback 
(node_modules/react-dom/cjs/react-dom.development.js:4164:14)
      at HTMLUnknownElement.callTheUserObjectsOperation 
(node_modules/jsdom/lib/jsdom/living/generated/EventListener.js:26:30)
      at innerInvokeEventListeners 
(node_modules/jsdom/lib/jsdom/living/events/EventTarget-impl.js:350:25)
      at invokeEventListeners 
(node_modules/jsdom/lib/jsdom/living/events/EventTarget-impl.js:286:3)
      at HTMLUnknownElementImpl._dispatch 
(node_modules/jsdom/lib/jsdom/living/events/EventTarget-impl.js:233:9)
      at HTMLUnknownElementImpl.dispatchEvent 
(node_modules/jsdom/lib/jsdom/living/events/EventTarget-impl.js:104:17)
      at HTMLUnknownElement.dispatchEvent 
(node_modules/jsdom/lib/jsdom/living/generated/EventTarget.js:241:34)
      at Object.invokeGuardedCallbackDev 
(node_modules/react-dom/cjs/react-dom.development.js:4213:16)
      at invokeGuardedCallback 
(node_modules/react-dom/cjs/react-dom.development.js:4277:31)
      at invokeGuardedCallbackAndCatchFirstError 
(node_modules/react-dom/cjs/react-dom.development.js:4291:25)
      at executeDispatch 
(node_modules/react-dom/cjs/react-dom.development.js:9041:3)
      at processDispatchQueueItemsInOrder 
(node_modules/react-dom/cjs/react-dom.development.js:9073:7)
      at processDispatchQueue 
(node_modules/react-dom/cjs/react-dom.development.js:9086:5)
      at dispatchEventsForPlugins 
(node_modules/react-dom/cjs/react-dom.development.js:9097:3)
      at node_modules/react-dom/cjs/react-dom.development.js:9288:12
      at batchedUpdates$1 
(node_modules/react-dom/cjs/react-dom.development.js:26179:12)
      at batchedUpdates 
(node_modules/react-dom/cjs/react-dom.development.js:3991:12)
      at dispatchEventForPluginEventSystem 
(node_modules/react-dom/cjs/react-dom.development.js:9287:3)
      at dispatchEventWithEnableCapturePhaseSelectiveHydrationWithoutDiscreteEv
entReplay (node_modules/react-dom/cjs/react-dom.development.js:6465:5)
      at dispatchEvent 
(node_modules/react-dom/cjs/react-dom.development.js:6457:5)
      at dispatchDiscreteEvent 
(node_modules/react-dom/cjs/react-dom.development.js:6430:5)
      at HTMLDivElement.callTheUserObjectsOperation 
(node_modules/jsdom/lib/jsdom/living/generated/EventListener.js:26:30)
      at innerInvokeEventListeners 
(node_modules/jsdom/lib/jsdom/living/events/EventTarget-impl.js:350:25)
      at invokeEventListeners 
(node_modules/jsdom/lib/jsdom/living/events/EventTarget-impl.js:286:3)
      at HTMLInputElementImpl._dispatch 
(node_modules/jsdom/lib/jsdom/living/events/EventTarget-impl.js:233:9)
      at HTMLInputElementImpl.dispatchEvent 
(node_modules/jsdom/lib/jsdom/living/events/EventTarget-impl.js:104:17)
      at HTMLInputElement.dispatchEvent 
(node_modules/jsdom/lib/jsdom/living/generated/EventTarget.js:241:34)
      at 
node_modules/@testing-library/user-event/dist/cjs/event/dispatchEvent.js:45:43
      at Object.eventWrapper 
(node_modules/@testing-library/dom/dist/config.js:25:23)
      at Object.wrapEvent 
(node_modules/@testing-library/user-event/dist/cjs/event/wrapEvent.js:6:28)
      at Object.dispatchEvent (node_modules/@testing-library/user-event/dist/cj
s/event/dispatchEvent.js:45:22)
      at Object.dispatchUIEvent (node_modules/@testing-library/user-event/dist/
cjs/event/dispatchEvent.js:22:26)
      at commitInput 
(node_modules/@testing-library/user-event/dist/cjs/event/input.js:145:14)
      at editInputElement 
(node_modules/@testing-library/user-event/dist/cjs/event/input.js:115:9)
      at Object.input 
(node_modules/@testing-library/user-event/dist/cjs/event/input.js:37:9)
      at node_modules/@testing-library/user-event/dist/cjs/event/behavior/keypr
ess.js:31:26
      at Object.dispatchEvent (node_modules/@testing-library/user-event/dist/cj
s/event/dispatchEvent.js:41:13)
      at Object.dispatchUIEvent (node_modules/@testing-library/user-event/dist/
cjs/event/dispatchEvent.js:22:26)
      at KeyboardHost.keydown 
(node_modules/@testing-library/user-event/dist/cjs/system/keyboard.js:76:22)
      at keyboardAction 
(node_modules/@testing-library/user-event/dist/cjs/keyboard/index.js:22:35)
      at Object.keyboard 
(node_modules/@testing-library/user-event/dist/cjs/keyboard/index.js:11:15)
      at Object.type 
(node_modules/@testing-library/user-event/dist/cjs/utility/type.js:17:5)
      at Object.<anonymous> 
(src/settings/__tests__/ProductPages.test.tsx:142:5)

    console.error
      Warning: An update to ProductListPage inside a test was not wrapped in 
act(...).
      
      When testing, code that causes React state updates should be wrapped 
into act(...):
      
      act(() => {
        /* fire events that update state */
      });
      /* assert on the output */
      
      This ensures that you're testing the behavior the user would see in the 
browser. Learn more at https://reactjs.org/link/wrap-tests-with-act
          at ProductListPage (C:\Users\samhe\OneDrive\Desktop\Cleaned\frontend\
src\settings\ProductListPage.tsx:21:45)
          at basenameProp (C:\Users\samhe\OneDrive\Desktop\Cleaned\frontend\nod
e_modules\react-router\lib\components.tsx:421:13)
          at basename (C:\Users\samhe\OneDrive\Desktop\Cleaned\frontend\node_mo
dules\react-router\lib\components.tsx:225:3)

      39 |
      40 |     function setField<K extends keyof NewProductForm>(key: K, 
value: NewProductForm[K]) {
    > 41 |         setForm(prev => ({ ...prev, [key]: value }))
         |         ^
      42 |     }
      43 |
      44 |     async function handleCreate() {

      at printWarning 
(node_modules/react-dom/cjs/react-dom.development.js:86:30)
      at error (node_modules/react-dom/cjs/react-dom.development.js:60:7)
      at warnIfUpdatesNotWrappedWithActDEV 
(node_modules/react-dom/cjs/react-dom.development.js:27628:9)
      at scheduleUpdateOnFiber 
(node_modules/react-dom/cjs/react-dom.development.js:25547:5)
      at dispatchSetState 
(node_modules/react-dom/cjs/react-dom.development.js:16708:7)
      at setField (src/settings/ProductListPage.tsx:41:9)
      at onChange (src/settings/ProductListPage.tsx:130:52)
      at HTMLUnknownElement.callCallback 
(node_modules/react-dom/cjs/react-dom.development.js:4164:14)
      at HTMLUnknownElement.callTheUserObjectsOperation 
(node_modules/jsdom/lib/jsdom/living/generated/EventListener.js:26:30)
      at innerInvokeEventListeners 
(node_modules/jsdom/lib/jsdom/living/events/EventTarget-impl.js:350:25)
      at invokeEventListeners 
(node_modules/jsdom/lib/jsdom/living/events/EventTarget-impl.js:286:3)
      at HTMLUnknownElementImpl._dispatch 
(node_modules/jsdom/lib/jsdom/living/events/EventTarget-impl.js:233:9)
      at HTMLUnknownElementImpl.dispatchEvent 
(node_modules/jsdom/lib/jsdom/living/events/EventTarget-impl.js:104:17)
      at HTMLUnknownElement.dispatchEvent 
(node_modules/jsdom/lib/jsdom/living/generated/EventTarget.js:241:34)
      at Object.invokeGuardedCallbackDev 
(node_modules/react-dom/cjs/react-dom.development.js:4213:16)
      at invokeGuardedCallback 
(node_modules/react-dom/cjs/react-dom.development.js:4277:31)
      at invokeGuardedCallbackAndCatchFirstError 
(node_modules/react-dom/cjs/react-dom.development.js:4291:25)
      at executeDispatch 
(node_modules/react-dom/cjs/react-dom.development.js:9041:3)
      at processDispatchQueueItemsInOrder 
(node_modules/react-dom/cjs/react-dom.development.js:9073:7)
      at processDispatchQueue 
(node_modules/react-dom/cjs/react-dom.development.js:9086:5)
      at dispatchEventsForPlugins 
(node_modules/react-dom/cjs/react-dom.development.js:9097:3)
      at node_modules/react-dom/cjs/react-dom.development.js:9288:12
      at batchedUpdates$1 
(node_modules/react-dom/cjs/react-dom.development.js:26179:12)
      at batchedUpdates 
(node_modules/react-dom/cjs/react-dom.development.js:3991:12)
      at dispatchEventForPluginEventSystem 
(node_modules/react-dom/cjs/react-dom.development.js:9287:3)
      at dispatchEventWithEnableCapturePhaseSelectiveHydrationWithoutDiscreteEv
entReplay (node_modules/react-dom/cjs/react-dom.development.js:6465:5)
      at dispatchEvent 
(node_modules/react-dom/cjs/react-dom.development.js:6457:5)
      at dispatchDiscreteEvent 
(node_modules/react-dom/cjs/react-dom.development.js:6430:5)
      at HTMLDivElement.callTheUserObjectsOperation 
(node_modules/jsdom/lib/jsdom/living/generated/EventListener.js:26:30)
      at innerInvokeEventListeners 
(node_modules/jsdom/lib/jsdom/living/events/EventTarget-impl.js:350:25)
      at invokeEventListeners 
(node_modules/jsdom/lib/jsdom/living/events/EventTarget-impl.js:286:3)
      at HTMLInputElementImpl._dispatch 
(node_modules/jsdom/lib/jsdom/living/events/EventTarget-impl.js:233:9)
      at HTMLInputElementImpl.dispatchEvent 
(node_modules/jsdom/lib/jsdom/living/events/EventTarget-impl.js:104:17)
      at HTMLInputElement.dispatchEvent 
(node_modules/jsdom/lib/jsdom/living/generated/EventTarget.js:241:34)
      at 
node_modules/@testing-library/user-event/dist/cjs/event/dispatchEvent.js:45:43
      at Object.eventWrapper 
(node_modules/@testing-library/dom/dist/config.js:25:23)
      at Object.wrapEvent 
(node_modules/@testing-library/user-event/dist/cjs/event/wrapEvent.js:6:28)
      at Object.dispatchEvent (node_modules/@testing-library/user-event/dist/cj
s/event/dispatchEvent.js:45:22)
      at Object.dispatchUIEvent (node_modules/@testing-library/user-event/dist/
cjs/event/dispatchEvent.js:22:26)
      at commitInput 
(node_modules/@testing-library/user-event/dist/cjs/event/input.js:145:14)
      at editInputElement 
(node_modules/@testing-library/user-event/dist/cjs/event/input.js:115:9)
      at Object.input 
(node_modules/@testing-library/user-event/dist/cjs/event/input.js:37:9)
      at node_modules/@testing-library/user-event/dist/cjs/event/behavior/keypr
ess.js:31:26
      at Object.dispatchEvent (node_modules/@testing-library/user-event/dist/cj
s/event/dispatchEvent.js:41:13)
      at Object.dispatchUIEvent (node_modules/@testing-library/user-event/dist/
cjs/event/dispatchEvent.js:22:26)
      at KeyboardHost.keydown 
(node_modules/@testing-library/user-event/dist/cjs/system/keyboard.js:76:22)
      at keyboardAction 
(node_modules/@testing-library/user-event/dist/cjs/keyboard/index.js:22:35)
      at Object.keyboard 
(node_modules/@testing-library/user-event/dist/cjs/keyboard/index.js:11:15)
      at Object.type 
(node_modules/@testing-library/user-event/dist/cjs/utility/type.js:17:5)
      at Object.<anonymous> 
(src/settings/__tests__/ProductPages.test.tsx:142:5)

    console.error
      Warning: An update to ProductListPage inside a test was not wrapped in 
act(...).
      
      When testing, code that causes React state updates should be wrapped 
into act(...):
      
      act(() => {
        /* fire events that update state */
      });
      /* assert on the output */
      
      This ensures that you're testing the behavior the user would see in the 
browser. Learn more at https://reactjs.org/link/wrap-tests-with-act
          at ProductListPage (C:\Users\samhe\OneDrive\Desktop\Cleaned\frontend\
src\settings\ProductListPage.tsx:21:45)
          at basenameProp (C:\Users\samhe\OneDrive\Desktop\Cleaned\frontend\nod
e_modules\react-router\lib\components.tsx:421:13)
          at basename (C:\Users\samhe\OneDrive\Desktop\Cleaned\frontend\node_mo
dules\react-router\lib\components.tsx:225:3)

      39 |
      40 |     function setField<K extends keyof NewProductForm>(key: K, 
value: NewProductForm[K]) {
    > 41 |         setForm(prev => ({ ...prev, [key]: value }))
         |         ^
      42 |     }
      43 |
      44 |     async function handleCreate() {

      at printWarning 
(node_modules/react-dom/cjs/react-dom.development.js:86:30)
      at error (node_modules/react-dom/cjs/react-dom.development.js:60:7)
      at warnIfUpdatesNotWrappedWithActDEV 
(node_modules/react-dom/cjs/react-dom.development.js:27628:9)
      at scheduleUpdateOnFiber 
(node_modules/react-dom/cjs/react-dom.development.js:25547:5)
      at dispatchSetState 
(node_modules/react-dom/cjs/react-dom.development.js:16708:7)
      at setField (src/settings/ProductListPage.tsx:41:9)
      at onChange (src/settings/ProductListPage.tsx:130:52)
      at HTMLUnknownElement.callCallback 
(node_modules/react-dom/cjs/react-dom.development.js:4164:14)
      at HTMLUnknownElement.callTheUserObjectsOperation 
(node_modules/jsdom/lib/jsdom/living/generated/EventListener.js:26:30)
      at innerInvokeEventListeners 
(node_modules/jsdom/lib/jsdom/living/events/EventTarget-impl.js:350:25)
      at invokeEventListeners 
(node_modules/jsdom/lib/jsdom/living/events/EventTarget-impl.js:286:3)
      at HTMLUnknownElementImpl._dispatch 
(node_modules/jsdom/lib/jsdom/living/events/EventTarget-impl.js:233:9)
      at HTMLUnknownElementImpl.dispatchEvent 
(node_modules/jsdom/lib/jsdom/living/events/EventTarget-impl.js:104:17)
      at HTMLUnknownElement.dispatchEvent 
(node_modules/jsdom/lib/jsdom/living/generated/EventTarget.js:241:34)
      at Object.invokeGuardedCallbackDev 
(node_modules/react-dom/cjs/react-dom.development.js:4213:16)
      at invokeGuardedCallback 
(node_modules/react-dom/cjs/react-dom.development.js:4277:31)
      at invokeGuardedCallbackAndCatchFirstError 
(node_modules/react-dom/cjs/react-dom.development.js:4291:25)
      at executeDispatch 
(node_modules/react-dom/cjs/react-dom.development.js:9041:3)
      at processDispatchQueueItemsInOrder 
(node_modules/react-dom/cjs/react-dom.development.js:9073:7)
      at processDispatchQueue 
(node_modules/react-dom/cjs/react-dom.development.js:9086:5)
      at dispatchEventsForPlugins 
(node_modules/react-dom/cjs/react-dom.development.js:9097:3)
      at node_modules/react-dom/cjs/react-dom.development.js:9288:12
      at batchedUpdates$1 
(node_modules/react-dom/cjs/react-dom.development.js:26179:12)
      at batchedUpdates 
(node_modules/react-dom/cjs/react-dom.development.js:3991:12)
      at dispatchEventForPluginEventSystem 
(node_modules/react-dom/cjs/react-dom.development.js:9287:3)
      at dispatchEventWithEnableCapturePhaseSelectiveHydrationWithoutDiscreteEv
entReplay (node_modules/react-dom/cjs/react-dom.development.js:6465:5)
      at dispatchEvent 
(node_modules/react-dom/cjs/react-dom.development.js:6457:5)
      at dispatchDiscreteEvent 
(node_modules/react-dom/cjs/react-dom.development.js:6430:5)
      at HTMLDivElement.callTheUserObjectsOperation 
(node_modules/jsdom/lib/jsdom/living/generated/EventListener.js:26:30)
      at innerInvokeEventListeners 
(node_modules/jsdom/lib/jsdom/living/events/EventTarget-impl.js:350:25)
      at invokeEventListeners 
(node_modules/jsdom/lib/jsdom/living/events/EventTarget-impl.js:286:3)
      at HTMLInputElementImpl._dispatch 
(node_modules/jsdom/lib/jsdom/living/events/EventTarget-impl.js:233:9)
      at HTMLInputElementImpl.dispatchEvent 
(node_modules/jsdom/lib/jsdom/living/events/EventTarget-impl.js:104:17)
      at HTMLInputElement.dispatchEvent 
(node_modules/jsdom/lib/jsdom/living/generated/EventTarget.js:241:34)
      at 
node_modules/@testing-library/user-event/dist/cjs/event/dispatchEvent.js:45:43
      at Object.eventWrapper 
(node_modules/@testing-library/dom/dist/config.js:25:23)
      at Object.wrapEvent 
(node_modules/@testing-library/user-event/dist/cjs/event/wrapEvent.js:6:28)
      at Object.dispatchEvent (node_modules/@testing-library/user-event/dist/cj
s/event/dispatchEvent.js:45:22)
      at Object.dispatchUIEvent (node_modules/@testing-library/user-event/dist/
cjs/event/dispatchEvent.js:22:26)
      at commitInput 
(node_modules/@testing-library/user-event/dist/cjs/event/input.js:145:14)
      at editInputElement 
(node_modules/@testing-library/user-event/dist/cjs/event/input.js:115:9)
      at Object.input 
(node_modules/@testing-library/user-event/dist/cjs/event/input.js:37:9)
      at node_modules/@testing-library/user-event/dist/cjs/event/behavior/keypr
ess.js:31:26
      at Object.dispatchEvent (node_modules/@testing-library/user-event/dist/cj
s/event/dispatchEvent.js:41:13)
      at Object.dispatchUIEvent (node_modules/@testing-library/user-event/dist/
cjs/event/dispatchEvent.js:22:26)
      at KeyboardHost.keydown 
(node_modules/@testing-library/user-event/dist/cjs/system/keyboard.js:76:22)
      at keyboardAction 
(node_modules/@testing-library/user-event/dist/cjs/keyboard/index.js:22:35)
      at Object.keyboard 
(node_modules/@testing-library/user-event/dist/cjs/keyboard/index.js:11:15)
      at Object.type 
(node_modules/@testing-library/user-event/dist/cjs/utility/type.js:17:5)
      at Object.<anonymous> 
(src/settings/__tests__/ProductPages.test.tsx:142:5)

    console.error
      Warning: An update to ProductListPage inside a test was not wrapped in 
act(...).
      
      When testing, code that causes React state updates should be wrapped 
into act(...):
      
      act(() => {
        /* fire events that update state */
      });
      /* assert on the output */
      
      This ensures that you're testing the behavior the user would see in the 
browser. Learn more at https://reactjs.org/link/wrap-tests-with-act
          at ProductListPage (C:\Users\samhe\OneDrive\Desktop\Cleaned\frontend\
src\settings\ProductListPage.tsx:21:45)
          at basenameProp (C:\Users\samhe\OneDrive\Desktop\Cleaned\frontend\nod
e_modules\react-router\lib\components.tsx:421:13)
          at basename (C:\Users\samhe\OneDrive\Desktop\Cleaned\frontend\node_mo
dules\react-router\lib\components.tsx:225:3)

      43 |
      44 |     async function handleCreate() {
    > 45 |         setCreating(true)
         |         ^
      46 |         try {
      47 |             const created = await createProduct(form)
      48 |             setProducts(prev => [...prev, created])

      at printWarning 
(node_modules/react-dom/cjs/react-dom.development.js:86:30)
      at error (node_modules/react-dom/cjs/react-dom.development.js:60:7)
      at warnIfUpdatesNotWrappedWithActDEV 
(node_modules/react-dom/cjs/react-dom.development.js:27628:9)
      at scheduleUpdateOnFiber 
(node_modules/react-dom/cjs/react-dom.development.js:25547:5)
      at dispatchSetState 
(node_modules/react-dom/cjs/react-dom.development.js:16708:7)
      at handleCreate (src/settings/ProductListPage.tsx:45:9)
      at HTMLUnknownElement.callCallback 
(node_modules/react-dom/cjs/react-dom.development.js:4164:14)
      at HTMLUnknownElement.callTheUserObjectsOperation 
(node_modules/jsdom/lib/jsdom/living/generated/EventListener.js:26:30)
      at innerInvokeEventListeners 
(node_modules/jsdom/lib/jsdom/living/events/EventTarget-impl.js:350:25)
      at invokeEventListeners 
(node_modules/jsdom/lib/jsdom/living/events/EventTarget-impl.js:286:3)
      at HTMLUnknownElementImpl._dispatch 
(node_modules/jsdom/lib/jsdom/living/events/EventTarget-impl.js:233:9)
      at HTMLUnknownElementImpl.dispatchEvent 
(node_modules/jsdom/lib/jsdom/living/events/EventTarget-impl.js:104:17)
      at HTMLUnknownElement.dispatchEvent 
(node_modules/jsdom/lib/jsdom/living/generated/EventTarget.js:241:34)
      at Object.invokeGuardedCallbackDev 
(node_modules/react-dom/cjs/react-dom.development.js:4213:16)
      at invokeGuardedCallback 
(node_modules/react-dom/cjs/react-dom.development.js:4277:31)
      at invokeGuardedCallbackAndCatchFirstError 
(node_modules/react-dom/cjs/react-dom.development.js:4291:25)
      at executeDispatch 
(node_modules/react-dom/cjs/react-dom.development.js:9041:3)
      at processDispatchQueueItemsInOrder 
(node_modules/react-dom/cjs/react-dom.development.js:9073:7)
      at processDispatchQueue 
(node_modules/react-dom/cjs/react-dom.development.js:9086:5)
      at dispatchEventsForPlugins 
(node_modules/react-dom/cjs/react-dom.development.js:9097:3)
      at node_modules/react-dom/cjs/react-dom.development.js:9288:12
      at batchedUpdates$1 
(node_modules/react-dom/cjs/react-dom.development.js:26179:12)
      at batchedUpdates 
(node_modules/react-dom/cjs/react-dom.development.js:3991:12)
      at dispatchEventForPluginEventSystem 
(node_modules/react-dom/cjs/react-dom.development.js:9287:3)
      at dispatchEventWithEnableCapturePhaseSelectiveHydrationWithoutDiscreteEv
entReplay (node_modules/react-dom/cjs/react-dom.development.js:6465:5)
      at dispatchEvent 
(node_modules/react-dom/cjs/react-dom.development.js:6457:5)
      at dispatchDiscreteEvent 
(node_modules/react-dom/cjs/react-dom.development.js:6430:5)
      at HTMLDivElement.callTheUserObjectsOperation 
(node_modules/jsdom/lib/jsdom/living/generated/EventListener.js:26:30)
      at innerInvokeEventListeners 
(node_modules/jsdom/lib/jsdom/living/events/EventTarget-impl.js:350:25)
      at invokeEventListeners 
(node_modules/jsdom/lib/jsdom/living/events/EventTarget-impl.js:286:3)
      at HTMLButtonElementImpl._dispatch 
(node_modules/jsdom/lib/jsdom/living/events/EventTarget-impl.js:233:9)
      at HTMLButtonElementImpl.dispatchEvent 
(node_modules/jsdom/lib/jsdom/living/events/EventTarget-impl.js:104:17)
      at HTMLButtonElement.dispatchEvent 
(node_modules/jsdom/lib/jsdom/living/generated/EventTarget.js:241:34)
      at 
node_modules/@testing-library/user-event/dist/cjs/event/dispatchEvent.js:45:43
      at Object.eventWrapper 
(node_modules/@testing-library/dom/dist/config.js:25:23)
      at Object.wrapEvent 
(node_modules/@testing-library/user-event/dist/cjs/event/wrapEvent.js:6:28)
      at Object.dispatchEvent (node_modules/@testing-library/user-event/dist/cj
s/event/dispatchEvent.js:45:22)
      at Object.dispatchUIEvent (node_modules/@testing-library/user-event/dist/
cjs/event/dispatchEvent.js:22:26)
      at Mouse.up (node_modules/@testing-library/user-event/dist/cjs/system/poi
nter/mouse.js:100:30)
      at PointerHost.release (node_modules/@testing-library/user-event/dist/cjs
/system/pointer/index.js:87:24)
      at pointerAction 
(node_modules/@testing-library/user-event/dist/cjs/pointer/index.js:54:47)
      at Object.pointer 
(node_modules/@testing-library/user-event/dist/cjs/pointer/index.js:27:9)
      at Object.<anonymous> 
(src/settings/__tests__/ProductPages.test.tsx:145:5)

    console.error
      Warning: An update to ProductListPage inside a test was not wrapped in 
act(...).
      
      When testing, code that causes React state updates should be wrapped 
into act(...):
      
      act(() => {
        /* fire events that update state */
      });
      /* assert on the output */
      
      This ensures that you're testing the behavior the user would see in the 
browser. Learn more at https://reactjs.org/link/wrap-tests-with-act
          at ProductListPage (C:\Users\samhe\OneDrive\Desktop\Cleaned\frontend\
src\settings\ProductListPage.tsx:21:45)
          at basenameProp (C:\Users\samhe\OneDrive\Desktop\Cleaned\frontend\nod
e_modules\react-router\lib\components.tsx:421:13)
          at basename (C:\Users\samhe\OneDrive\Desktop\Cleaned\frontend\node_mo
dules\react-router\lib\components.tsx:225:3)

      46 |         try {
      47 |             const created = await createProduct(form)
    > 48 |             setProducts(prev => [...prev, created])
         |             ^
      49 |             addNotification('Product created successfully', 
'success')
      50 |             setShowModal(false)
      51 |             setForm({ name: '', code: '', product_type: 
'open_market', line_of_business: '', underwriting_year: new 
Date().getFullYear(), description: '' })

      at printWarning 
(node_modules/react-dom/cjs/react-dom.development.js:86:30)
      at error (node_modules/react-dom/cjs/react-dom.development.js:60:7)
      at warnIfUpdatesNotWrappedWithActDEV 
(node_modules/react-dom/cjs/react-dom.development.js:27628:9)
      at scheduleUpdateOnFiber 
(node_modules/react-dom/cjs/react-dom.development.js:25547:5)
      at dispatchSetState 
(node_modules/react-dom/cjs/react-dom.development.js:16708:7)
      at handleCreate (src/settings/ProductListPage.tsx:48:13)

    console.error
      Warning: An update to ProductListPage inside a test was not wrapped in 
act(...).
      
      When testing, code that causes React state updates should be wrapped 
into act(...):
      
      act(() => {
        /* fire events that update state */
      });
      /* assert on the output */
      
      This ensures that you're testing the behavior the user would see in the 
browser. Learn more at https://reactjs.org/link/wrap-tests-with-act
          at ProductListPage (C:\Users\samhe\OneDrive\Desktop\Cleaned\frontend\
src\settings\ProductListPage.tsx:21:45)
          at basenameProp (C:\Users\samhe\OneDrive\Desktop\Cleaned\frontend\nod
e_modules\react-router\lib\components.tsx:421:13)
          at basename (C:\Users\samhe\OneDrive\Desktop\Cleaned\frontend\node_mo
dules\react-router\lib\components.tsx:225:3)

      48 |             setProducts(prev => [...prev, created])
      49 |             addNotification('Product created successfully', 
'success')
    > 50 |             setShowModal(false)
         |             ^
      51 |             setForm({ name: '', code: '', product_type: 
'open_market', line_of_business: '', underwriting_year: new 
Date().getFullYear(), description: '' })
      52 |         } finally {
      53 |             setCreating(false)

      at printWarning 
(node_modules/react-dom/cjs/react-dom.development.js:86:30)
      at error (node_modules/react-dom/cjs/react-dom.development.js:60:7)
      at warnIfUpdatesNotWrappedWithActDEV 
(node_modules/react-dom/cjs/react-dom.development.js:27628:9)
      at scheduleUpdateOnFiber 
(node_modules/react-dom/cjs/react-dom.development.js:25547:5)
      at dispatchSetState 
(node_modules/react-dom/cjs/react-dom.development.js:16708:7)
      at handleCreate (src/settings/ProductListPage.tsx:50:13)

    console.error
      Warning: An update to ProductListPage inside a test was not wrapped in 
act(...).
      
      When testing, code that causes React state updates should be wrapped 
into act(...):
      
      act(() => {
        /* fire events that update state */
      });
      /* assert on the output */
      
      This ensures that you're testing the behavior the user would see in the 
browser. Learn more at https://reactjs.org/link/wrap-tests-with-act
          at ProductListPage (C:\Users\samhe\OneDrive\Desktop\Cleaned\frontend\
src\settings\ProductListPage.tsx:21:45)
          at basenameProp (C:\Users\samhe\OneDrive\Desktop\Cleaned\frontend\nod
e_modules\react-router\lib\components.tsx:421:13)
          at basename (C:\Users\samhe\OneDrive\Desktop\Cleaned\frontend\node_mo
dules\react-router\lib\components.tsx:225:3)

      49 |             addNotification('Product created successfully', 
'success')
      50 |             setShowModal(false)
    > 51 |             setForm({ name: '', code: '', product_type: 
'open_market', line_of_business: '', underwriting_year: new 
Date().getFullYear(), description: '' })
         |             ^
      52 |         } finally {
      53 |             setCreating(false)
      54 |         }

      at printWarning 
(node_modules/react-dom/cjs/react-dom.development.js:86:30)
      at error (node_modules/react-dom/cjs/react-dom.development.js:60:7)
      at warnIfUpdatesNotWrappedWithActDEV 
(node_modules/react-dom/cjs/react-dom.development.js:27628:9)
      at scheduleUpdateOnFiber 
(node_modules/react-dom/cjs/react-dom.development.js:25547:5)
      at dispatchSetState 
(node_modules/react-dom/cjs/react-dom.development.js:16708:7)
      at handleCreate (src/settings/ProductListPage.tsx:51:13)

    console.error
      Warning: An update to ProductListPage inside a test was not wrapped in 
act(...).
      
      When testing, code that causes React state updates should be wrapped 
into act(...):
      
      act(() => {
        /* fire events that update state */
      });
      /* assert on the output */
      
      This ensures that you're testing the behavior the user would see in the 
browser. Learn more at https://reactjs.org/link/wrap-tests-with-act
          at ProductListPage (C:\Users\samhe\OneDrive\Desktop\Cleaned\frontend\
src\settings\ProductListPage.tsx:21:45)
          at basenameProp (C:\Users\samhe\OneDrive\Desktop\Cleaned\frontend\nod
e_modules\react-router\lib\components.tsx:421:13)
          at basename (C:\Users\samhe\OneDrive\Desktop\Cleaned\frontend\node_mo
dules\react-router\lib\components.tsx:225:3)

      51 |             setForm({ name: '', code: '', product_type: 
'open_market', line_of_business: '', underwriting_year: new 
Date().getFullYear(), description: '' })
      52 |         } finally {
    > 53 |             setCreating(false)
         |             ^
      54 |         }
      55 |     }
      56 |

      at printWarning 
(node_modules/react-dom/cjs/react-dom.development.js:86:30)
      at error (node_modules/react-dom/cjs/react-dom.development.js:60:7)
      at warnIfUpdatesNotWrappedWithActDEV 
(node_modules/react-dom/cjs/react-dom.development.js:27628:9)
      at scheduleUpdateOnFiber 
(node_modules/react-dom/cjs/react-dom.development.js:25547:5)
      at dispatchSetState 
(node_modules/react-dom/cjs/react-dom.development.js:16708:7)
      at handleCreate (src/settings/ProductListPage.tsx:53:13)

    console.error
      Warning: An update to ProductConfigPage inside a test was not wrapped in 
act(...).
      
      When testing, code that causes React state updates should be wrapped 
into act(...):
      
      act(() => {
        /* fire events that update state */
      });
      /* assert on the output */
      
      This ensures that you're testing the behavior the user would see in the 
browser. Learn more at https://reactjs.org/link/wrap-tests-with-act
          at ProductConfigPage (C:\Users\samhe\OneDrive\Desktop\Cleaned\fronten
d\src\settings\ProductConfigPage.tsx:21:29)
          at routeContext (C:\Users\samhe\OneDrive\Desktop\Cleaned\frontend\nod
e_modules\react-router\lib\hooks.tsx:658:26)
          at children (C:\Users\samhe\OneDrive\Desktop\Cleaned\frontend\node_mo
dules\react-router\lib\components.tsx:512:3)
          at basenameProp (C:\Users\samhe\OneDrive\Desktop\Cleaned\frontend\nod
e_modules\react-router\lib\components.tsx:421:13)
          at basename (C:\Users\samhe\OneDrive\Desktop\Cleaned\frontend\node_mo
dules\react-router\lib\components.tsx:225:3)

      48 |     async function handleSave() {
      49 |         if (!product || !id) return
    > 50 |         setSaving(true)
         |         ^
      51 |         try {
      52 |             await saveProduct(id, product)
      53 |             addNotification('Product saved successfully', 'success')

      at printWarning 
(node_modules/react-dom/cjs/react-dom.development.js:86:30)
      at error (node_modules/react-dom/cjs/react-dom.development.js:60:7)
      at warnIfUpdatesNotWrappedWithActDEV 
(node_modules/react-dom/cjs/react-dom.development.js:27628:9)
      at scheduleUpdateOnFiber 
(node_modules/react-dom/cjs/react-dom.development.js:25547:5)
      at dispatchSetState 
(node_modules/react-dom/cjs/react-dom.development.js:16708:7)
      at handleSave (src/settings/ProductConfigPage.tsx:50:9)
      at HTMLUnknownElement.callCallback 
(node_modules/react-dom/cjs/react-dom.development.js:4164:14)
      at HTMLUnknownElement.callTheUserObjectsOperation 
(node_modules/jsdom/lib/jsdom/living/generated/EventListener.js:26:30)
      at innerInvokeEventListeners 
(node_modules/jsdom/lib/jsdom/living/events/EventTarget-impl.js:350:25)
      at invokeEventListeners 
(node_modules/jsdom/lib/jsdom/living/events/EventTarget-impl.js:286:3)
      at HTMLUnknownElementImpl._dispatch 
(node_modules/jsdom/lib/jsdom/living/events/EventTarget-impl.js:233:9)
      at HTMLUnknownElementImpl.dispatchEvent 
(node_modules/jsdom/lib/jsdom/living/events/EventTarget-impl.js:104:17)
      at HTMLUnknownElement.dispatchEvent 
(node_modules/jsdom/lib/jsdom/living/generated/EventTarget.js:241:34)
      at Object.invokeGuardedCallbackDev 
(node_modules/react-dom/cjs/react-dom.development.js:4213:16)
      at invokeGuardedCallback 
(node_modules/react-dom/cjs/react-dom.development.js:4277:31)
      at invokeGuardedCallbackAndCatchFirstError 
(node_modules/react-dom/cjs/react-dom.development.js:4291:25)
      at executeDispatch 
(node_modules/react-dom/cjs/react-dom.development.js:9041:3)
      at processDispatchQueueItemsInOrder 
(node_modules/react-dom/cjs/react-dom.development.js:9073:7)
      at processDispatchQueue 
(node_modules/react-dom/cjs/react-dom.development.js:9086:5)
      at dispatchEventsForPlugins 
(node_modules/react-dom/cjs/react-dom.development.js:9097:3)
      at node_modules/react-dom/cjs/react-dom.development.js:9288:12
      at batchedUpdates$1 
(node_modules/react-dom/cjs/react-dom.development.js:26179:12)
      at batchedUpdates 
(node_modules/react-dom/cjs/react-dom.development.js:3991:12)
      at dispatchEventForPluginEventSystem 
(node_modules/react-dom/cjs/react-dom.development.js:9287:3)
      at dispatchEventWithEnableCapturePhaseSelectiveHydrationWithoutDiscreteEv
entReplay (node_modules/react-dom/cjs/react-dom.development.js:6465:5)
      at dispatchEvent 
(node_modules/react-dom/cjs/react-dom.development.js:6457:5)
      at dispatchDiscreteEvent 
(node_modules/react-dom/cjs/react-dom.development.js:6430:5)
      at HTMLDivElement.callTheUserObjectsOperation 
(node_modules/jsdom/lib/jsdom/living/generated/EventListener.js:26:30)
      at innerInvokeEventListeners 
(node_modules/jsdom/lib/jsdom/living/events/EventTarget-impl.js:350:25)
      at invokeEventListeners 
(node_modules/jsdom/lib/jsdom/living/events/EventTarget-impl.js:286:3)
      at HTMLButtonElementImpl._dispatch 
(node_modules/jsdom/lib/jsdom/living/events/EventTarget-impl.js:233:9)
      at HTMLButtonElementImpl.dispatchEvent 
(node_modules/jsdom/lib/jsdom/living/events/EventTarget-impl.js:104:17)
      at HTMLButtonElement.dispatchEvent 
(node_modules/jsdom/lib/jsdom/living/generated/EventTarget.js:241:34)
      at 
node_modules/@testing-library/user-event/dist/cjs/event/dispatchEvent.js:45:43
      at Object.eventWrapper 
(node_modules/@testing-library/dom/dist/config.js:25:23)
      at Object.wrapEvent 
(node_modules/@testing-library/user-event/dist/cjs/event/wrapEvent.js:6:28)
      at Object.dispatchEvent (node_modules/@testing-library/user-event/dist/cj
s/event/dispatchEvent.js:45:22)
      at Object.dispatchUIEvent (node_modules/@testing-library/user-event/dist/
cjs/event/dispatchEvent.js:22:26)
      at Mouse.up (node_modules/@testing-library/user-event/dist/cjs/system/poi
nter/mouse.js:100:30)
      at PointerHost.release (node_modules/@testing-library/user-event/dist/cjs
/system/pointer/index.js:87:24)
      at pointerAction 
(node_modules/@testing-library/user-event/dist/cjs/pointer/index.js:54:47)
      at Object.pointer 
(node_modules/@testing-library/user-event/dist/cjs/pointer/index.js:27:9)
      at Object.<anonymous> 
(src/settings/__tests__/ProductPages.test.tsx:195:5)

    console.error
      Warning: An update to ProductConfigPage inside a test was not wrapped in 
act(...).
      
      When testing, code that causes React state updates should be wrapped 
into act(...):
      
      act(() => {
        /* fire events that update state */
      });
      /* assert on the output */
      
      This ensures that you're testing the behavior the user would see in the 
browser. Learn more at https://reactjs.org/link/wrap-tests-with-act
          at ProductConfigPage (C:\Users\samhe\OneDrive\Desktop\Cleaned\fronten
d\src\settings\ProductConfigPage.tsx:21:29)
          at routeContext (C:\Users\samhe\OneDrive\Desktop\Cleaned\frontend\nod
e_modules\react-router\lib\hooks.tsx:658:26)
          at children (C:\Users\samhe\OneDrive\Desktop\Cleaned\frontend\node_mo
dules\react-router\lib\components.tsx:512:3)
          at basenameProp (C:\Users\samhe\OneDrive\Desktop\Cleaned\frontend\nod
e_modules\react-router\lib\components.tsx:421:13)
          at basename (C:\Users\samhe\OneDrive\Desktop\Cleaned\frontend\node_mo
dules\react-router\lib\components.tsx:225:3)

      53 |             addNotification('Product saved successfully', 'success')
      54 |         } finally {
    > 55 |             setSaving(false)
         |             ^
      56 |         }
      57 |     }
      58 |

      at printWarning 
(node_modules/react-dom/cjs/react-dom.development.js:86:30)
      at error (node_modules/react-dom/cjs/react-dom.development.js:60:7)
      at warnIfUpdatesNotWrappedWithActDEV 
(node_modules/react-dom/cjs/react-dom.development.js:27628:9)
      at scheduleUpdateOnFiber 
(node_modules/react-dom/cjs/react-dom.development.js:25547:5)
      at dispatchSetState 
(node_modules/react-dom/cjs/react-dom.development.js:16708:7)
      at handleSave (src/settings/ProductConfigPage.tsx:55:13)

    console.error
      Warning: An update to ProductConfigPage inside a test was not wrapped in 
act(...).
      
      When testing, code that causes React state updates should be wrapped 
into act(...):
      
      act(() => {
        /* fire events that update state */
      });
      /* assert on the output */
      
      This ensures that you're testing the behavior the user would see in the 
browser. Learn more at https://reactjs.org/link/wrap-tests-with-act
          at ProductConfigPage (C:\Users\samhe\OneDrive\Desktop\Cleaned\fronten
d\src\settings\ProductConfigPage.tsx:21:29)
          at routeContext (C:\Users\samhe\OneDrive\Desktop\Cleaned\frontend\nod
e_modules\react-router\lib\hooks.tsx:658:26)
          at children (C:\Users\samhe\OneDrive\Desktop\Cleaned\frontend\node_mo
dules\react-router\lib\components.tsx:512:3)
          at basenameProp (C:\Users\samhe\OneDrive\Desktop\Cleaned\frontend\nod
e_modules\react-router\lib\components.tsx:421:13)
          at basename (C:\Users\samhe\OneDrive\Desktop\Cleaned\frontend\node_mo
dules\react-router\lib\components.tsx:225:3)

      38 |
      39 |     async function handleTabChange(tab: ActiveTab) {
    > 40 |         setActiveTab(tab)
         |         ^
      41 |         if (tab === 'workflow' && !stepsLoaded && id) {
      42 |             const data = await getWorkflowSteps(id)
      43 |             setSteps(Array.isArray(data) ? data : [])

      at printWarning 
(node_modules/react-dom/cjs/react-dom.development.js:86:30)
      at error (node_modules/react-dom/cjs/react-dom.development.js:60:7)
      at warnIfUpdatesNotWrappedWithActDEV 
(node_modules/react-dom/cjs/react-dom.development.js:27628:9)
      at scheduleUpdateOnFiber 
(node_modules/react-dom/cjs/react-dom.development.js:25547:5)
      at dispatchSetState 
(node_modules/react-dom/cjs/react-dom.development.js:16708:7)
      at handleTabChange (src/settings/ProductConfigPage.tsx:40:9)
      at onClick (src/settings/ProductConfigPage.tsx:91:44)
      at HTMLUnknownElement.callCallback 
(node_modules/react-dom/cjs/react-dom.development.js:4164:14)
      at HTMLUnknownElement.callTheUserObjectsOperation 
(node_modules/jsdom/lib/jsdom/living/generated/EventListener.js:26:30)
      at innerInvokeEventListeners 
(node_modules/jsdom/lib/jsdom/living/events/EventTarget-impl.js:350:25)
      at invokeEventListeners 
(node_modules/jsdom/lib/jsdom/living/events/EventTarget-impl.js:286:3)
      at HTMLUnknownElementImpl._dispatch 
(node_modules/jsdom/lib/jsdom/living/events/EventTarget-impl.js:233:9)
      at HTMLUnknownElementImpl.dispatchEvent 
(node_modules/jsdom/lib/jsdom/living/events/EventTarget-impl.js:104:17)
      at HTMLUnknownElement.dispatchEvent 
(node_modules/jsdom/lib/jsdom/living/generated/EventTarget.js:241:34)
      at Object.invokeGuardedCallbackDev 
(node_modules/react-dom/cjs/react-dom.development.js:4213:16)
      at invokeGuardedCallback 
(node_modules/react-dom/cjs/react-dom.development.js:4277:31)
      at invokeGuardedCallbackAndCatchFirstError 
(node_modules/react-dom/cjs/react-dom.development.js:4291:25)
      at executeDispatch 
(node_modules/react-dom/cjs/react-dom.development.js:9041:3)
      at processDispatchQueueItemsInOrder 
(node_modules/react-dom/cjs/react-dom.development.js:9073:7)
      at processDispatchQueue 
(node_modules/react-dom/cjs/react-dom.development.js:9086:5)
      at dispatchEventsForPlugins 
(node_modules/react-dom/cjs/react-dom.development.js:9097:3)
      at node_modules/react-dom/cjs/react-dom.development.js:9288:12
      at batchedUpdates$1 
(node_modules/react-dom/cjs/react-dom.development.js:26179:12)
      at batchedUpdates 
(node_modules/react-dom/cjs/react-dom.development.js:3991:12)
      at dispatchEventForPluginEventSystem 
(node_modules/react-dom/cjs/react-dom.development.js:9287:3)
      at dispatchEventWithEnableCapturePhaseSelectiveHydrationWithoutDiscreteEv
entReplay (node_modules/react-dom/cjs/react-dom.development.js:6465:5)
      at dispatchEvent 
(node_modules/react-dom/cjs/react-dom.development.js:6457:5)
      at dispatchDiscreteEvent 
(node_modules/react-dom/cjs/react-dom.development.js:6430:5)
      at HTMLDivElement.callTheUserObjectsOperation 
(node_modules/jsdom/lib/jsdom/living/generated/EventListener.js:26:30)
      at innerInvokeEventListeners 
(node_modules/jsdom/lib/jsdom/living/events/EventTarget-impl.js:350:25)
      at invokeEventListeners 
(node_modules/jsdom/lib/jsdom/living/events/EventTarget-impl.js:286:3)
      at HTMLButtonElementImpl._dispatch 
(node_modules/jsdom/lib/jsdom/living/events/EventTarget-impl.js:233:9)
      at HTMLButtonElementImpl.dispatchEvent 
(node_modules/jsdom/lib/jsdom/living/events/EventTarget-impl.js:104:17)
      at HTMLButtonElement.dispatchEvent 
(node_modules/jsdom/lib/jsdom/living/generated/EventTarget.js:241:34)
      at 
node_modules/@testing-library/user-event/dist/cjs/event/dispatchEvent.js:45:43
      at Object.eventWrapper 
(node_modules/@testing-library/dom/dist/config.js:25:23)
      at Object.wrapEvent 
(node_modules/@testing-library/user-event/dist/cjs/event/wrapEvent.js:6:28)
      at Object.dispatchEvent (node_modules/@testing-library/user-event/dist/cj
s/event/dispatchEvent.js:45:22)
      at Object.dispatchUIEvent (node_modules/@testing-library/user-event/dist/
cjs/event/dispatchEvent.js:22:26)
      at Mouse.up (node_modules/@testing-library/user-event/dist/cjs/system/poi
nter/mouse.js:100:30)
      at PointerHost.release (node_modules/@testing-library/user-event/dist/cjs
/system/pointer/index.js:87:24)
      at pointerAction 
(node_modules/@testing-library/user-event/dist/cjs/pointer/index.js:54:47)
      at Object.pointer 
(node_modules/@testing-library/user-event/dist/cjs/pointer/index.js:27:9)
      at Object.<anonymous> 
(src/settings/__tests__/ProductPages.test.tsx:223:5)

    console.error
      Warning: An update to ProductConfigPage inside a test was not wrapped in 
act(...).
      
      When testing, code that causes React state updates should be wrapped 
into act(...):
      
      act(() => {
        /* fire events that update state */
      });
      /* assert on the output */
      
      This ensures that you're testing the behavior the user would see in the 
browser. Learn more at https://reactjs.org/link/wrap-tests-with-act
          at ProductConfigPage (C:\Users\samhe\OneDrive\Desktop\Cleaned\fronten
d\src\settings\ProductConfigPage.tsx:21:29)
          at routeContext (C:\Users\samhe\OneDrive\Desktop\Cleaned\frontend\nod
e_modules\react-router\lib\hooks.tsx:658:26)
          at children (C:\Users\samhe\OneDrive\Desktop\Cleaned\frontend\node_mo
dules\react-router\lib\components.tsx:512:3)
          at basenameProp (C:\Users\samhe\OneDrive\Desktop\Cleaned\frontend\nod
e_modules\react-router\lib\components.tsx:421:13)
          at basename (C:\Users\samhe\OneDrive\Desktop\Cleaned\frontend\node_mo
dules\react-router\lib\components.tsx:225:3)

      41 |         if (tab === 'workflow' && !stepsLoaded && id) {
      42 |             const data = await getWorkflowSteps(id)
    > 43 |             setSteps(Array.isArray(data) ? data : [])
         |             ^
      44 |             setStepsLoaded(true)
      45 |         }
      46 |     }

      at printWarning 
(node_modules/react-dom/cjs/react-dom.development.js:86:30)
      at error (node_modules/react-dom/cjs/react-dom.development.js:60:7)
      at warnIfUpdatesNotWrappedWithActDEV 
(node_modules/react-dom/cjs/react-dom.development.js:27628:9)
      at scheduleUpdateOnFiber 
(node_modules/react-dom/cjs/react-dom.development.js:25547:5)
      at dispatchSetState 
(node_modules/react-dom/cjs/react-dom.development.js:16708:7)
      at handleTabChange (src/settings/ProductConfigPage.tsx:43:13)

    console.error
      Warning: An update to ProductConfigPage inside a test was not wrapped in 
act(...).
      
      When testing, code that causes React state updates should be wrapped 
into act(...):
      
      act(() => {
        /* fire events that update state */
      });
      /* assert on the output */
      
      This ensures that you're testing the behavior the user would see in the 
browser. Learn more at https://reactjs.org/link/wrap-tests-with-act
          at ProductConfigPage (C:\Users\samhe\OneDrive\Desktop\Cleaned\fronten
d\src\settings\ProductConfigPage.tsx:21:29)
          at routeContext (C:\Users\samhe\OneDrive\Desktop\Cleaned\frontend\nod
e_modules\react-router\lib\hooks.tsx:658:26)
          at children (C:\Users\samhe\OneDrive\Desktop\Cleaned\frontend\node_mo
dules\react-router\lib\components.tsx:512:3)
          at basenameProp (C:\Users\samhe\OneDrive\Desktop\Cleaned\frontend\nod
e_modules\react-router\lib\components.tsx:421:13)
          at basename (C:\Users\samhe\OneDrive\Desktop\Cleaned\frontend\node_mo
dules\react-router\lib\components.tsx:225:3)

      42 |             const data = await getWorkflowSteps(id)
      43 |             setSteps(Array.isArray(data) ? data : [])
    > 44 |             setStepsLoaded(true)
         |             ^
      45 |         }
      46 |     }
      47 |

      at printWarning 
(node_modules/react-dom/cjs/react-dom.development.js:86:30)
      at error (node_modules/react-dom/cjs/react-dom.development.js:60:7)
      at warnIfUpdatesNotWrappedWithActDEV 
(node_modules/react-dom/cjs/react-dom.development.js:27628:9)
      at scheduleUpdateOnFiber 
(node_modules/react-dom/cjs/react-dom.development.js:25547:5)
      at dispatchSetState 
(node_modules/react-dom/cjs/react-dom.development.js:16708:7)
      at handleTabChange (src/settings/ProductConfigPage.tsx:44:13)

PASS src/settings/__tests__/AccountDetailPage.test.tsx
  ÔùÅ Console

    console.warn
      ÔÜá´©Å React Router Future Flag Warning: React Router will begin 
wrapping state updates in `React.startTransition` in v7. You can use the 
`v7_startTransition` future flag to opt-in early. For more information, see 
https://reactrouter.com/v6/upgrading/future#v7_starttransition.

      65 |
      66 | function renderPage(userId = '2') {
    > 67 |     return render(
         |                  ^
      68 |         <MemoryRouter 
initialEntries={[`/settings/account/${userId}`]}>
      69 |             <Routes>
      70 |                 <Route path="/settings/account/:id" 
element={<AccountDetailPage />} />

      at warn (node_modules/react-router/lib/deprecations.ts:9:13)
      at warnOnce (node_modules/react-router/lib/deprecations.ts:14:3)
      at logDeprecation (node_modules/react-router/lib/deprecations.ts:26:5)
      at logV6DeprecationWarnings 
(node_modules/react-router/lib/components.tsx:257:25)
      at commitHookEffectListMount 
(node_modules/react-dom/cjs/react-dom.development.js:23189:26)
      at commitPassiveMountOnFiber 
(node_modules/react-dom/cjs/react-dom.development.js:24970:11)
      at commitPassiveMountEffects_complete 
(node_modules/react-dom/cjs/react-dom.development.js:24930:9)
      at commitPassiveMountEffects_begin 
(node_modules/react-dom/cjs/react-dom.development.js:24917:7)
      at commitPassiveMountEffects 
(node_modules/react-dom/cjs/react-dom.development.js:24905:3)
      at flushPassiveEffectsImpl 
(node_modules/react-dom/cjs/react-dom.development.js:27078:3)
      at flushPassiveEffects 
(node_modules/react-dom/cjs/react-dom.development.js:27023:14)
      at node_modules/react-dom/cjs/react-dom.development.js:26808:9
      at flushActQueue (node_modules/react/cjs/react.development.js:2667:24)
      at act (node_modules/react/cjs/react.development.js:2582:11)
      at node_modules/@testing-library/react/dist/act-compat.js:47:25
      at renderRoot (node_modules/@testing-library/react/dist/pure.js:180:26)
      at render (node_modules/@testing-library/react/dist/pure.js:271:10)
      at renderPage (src/settings/__tests__/AccountDetailPage.test.tsx:67:18)
      at Object.<anonymous> 
(src/settings/__tests__/AccountDetailPage.test.tsx:93:9)

    console.warn
      ÔÜá´©Å React Router Future Flag Warning: Relative route resolution 
within Splat routes is changing in v7. You can use the `v7_relativeSplatPath` 
future flag to opt-in early. For more information, see 
https://reactrouter.com/v6/upgrading/future#v7_relativesplatpath.

      65 |
      66 | function renderPage(userId = '2') {
    > 67 |     return render(
         |                  ^
      68 |         <MemoryRouter 
initialEntries={[`/settings/account/${userId}`]}>
      69 |             <Routes>
      70 |                 <Route path="/settings/account/:id" 
element={<AccountDetailPage />} />

      at warn (node_modules/react-router/lib/deprecations.ts:9:13)
      at warnOnce (node_modules/react-router/lib/deprecations.ts:14:3)
      at logDeprecation (node_modules/react-router/lib/deprecations.ts:37:5)
      at logV6DeprecationWarnings 
(node_modules/react-router/lib/components.tsx:257:25)
      at commitHookEffectListMount 
(node_modules/react-dom/cjs/react-dom.development.js:23189:26)
      at commitPassiveMountOnFiber 
(node_modules/react-dom/cjs/react-dom.development.js:24970:11)
      at commitPassiveMountEffects_complete 
(node_modules/react-dom/cjs/react-dom.development.js:24930:9)
      at commitPassiveMountEffects_begin 
(node_modules/react-dom/cjs/react-dom.development.js:24917:7)
      at commitPassiveMountEffects 
(node_modules/react-dom/cjs/react-dom.development.js:24905:3)
      at flushPassiveEffectsImpl 
(node_modules/react-dom/cjs/react-dom.development.js:27078:3)
      at flushPassiveEffects 
(node_modules/react-dom/cjs/react-dom.development.js:27023:14)
      at node_modules/react-dom/cjs/react-dom.development.js:26808:9
      at flushActQueue (node_modules/react/cjs/react.development.js:2667:24)
      at act (node_modules/react/cjs/react.development.js:2582:11)
      at node_modules/@testing-library/react/dist/act-compat.js:47:25
      at renderRoot (node_modules/@testing-library/react/dist/pure.js:180:26)
      at render (node_modules/@testing-library/react/dist/pure.js:271:10)
      at renderPage (src/settings/__tests__/AccountDetailPage.test.tsx:67:18)
      at Object.<anonymous> 
(src/settings/__tests__/AccountDetailPage.test.tsx:93:9)

    console.error
      Warning: An update to AccountDetailPage inside a test was not wrapped in 
act(...).
      
      When testing, code that causes React state updates should be wrapped 
into act(...):
      
      act(() => {
        /* fire events that update state */
      });
      /* assert on the output */
      
      This ensures that you're testing the behavior the user would see in the 
browser. Learn more at https://reactjs.org/link/wrap-tests-with-act
          at AccountDetailPage (C:\Users\samhe\OneDrive\Desktop\Cleaned\fronten
d\src\settings\AccountDetailPage.tsx:76:29)
          at routeContext (C:\Users\samhe\OneDrive\Desktop\Cleaned\frontend\nod
e_modules\react-router\lib\hooks.tsx:658:26)
          at children (C:\Users\samhe\OneDrive\Desktop\Cleaned\frontend\node_mo
dules\react-router\lib\components.tsx:512:3)
          at basenameProp (C:\Users\samhe\OneDrive\Desktop\Cleaned\frontend\nod
e_modules\react-router\lib\components.tsx:421:13)
          at basename (C:\Users\samhe\OneDrive\Desktop\Cleaned\frontend\node_mo
dules\react-router\lib\components.tsx:225:3)

      337 |                                         className={`text-sm border 
border-gray-300 rounded px-2 py-1.5 bg-white focus:outline-none focus:ring-1 
focus:ring-blue-400 ${isOwn || saving ? 'opacity-50 cursor-not-allowed' : ''
      338 |                                             }`}
    > 339 |                                         onChange={e => 
setRole(e.target.value)}
          |                                                        ^
      340 |                                     >
      341 |                                         {EDITABLE_ROLES.map(opt => 
(
      342 |                                             <option 
key={opt.value} value={opt.value}>{opt.label}</option>

      at printWarning 
(node_modules/react-dom/cjs/react-dom.development.js:86:30)
      at error (node_modules/react-dom/cjs/react-dom.development.js:60:7)
      at warnIfUpdatesNotWrappedWithActDEV 
(node_modules/react-dom/cjs/react-dom.development.js:27628:9)
      at scheduleUpdateOnFiber 
(node_modules/react-dom/cjs/react-dom.development.js:25547:5)
      at dispatchSetState 
(node_modules/react-dom/cjs/react-dom.development.js:16708:7)
      at onChange (src/settings/AccountDetailPage.tsx:339:56)
      at HTMLUnknownElement.callCallback 
(node_modules/react-dom/cjs/react-dom.development.js:4164:14)
      at HTMLUnknownElement.callTheUserObjectsOperation 
(node_modules/jsdom/lib/jsdom/living/generated/EventListener.js:26:30)
      at innerInvokeEventListeners 
(node_modules/jsdom/lib/jsdom/living/events/EventTarget-impl.js:350:25)
      at invokeEventListeners 
(node_modules/jsdom/lib/jsdom/living/events/EventTarget-impl.js:286:3)
      at HTMLUnknownElementImpl._dispatch 
(node_modules/jsdom/lib/jsdom/living/events/EventTarget-impl.js:233:9)
      at HTMLUnknownElementImpl.dispatchEvent 
(node_modules/jsdom/lib/jsdom/living/events/EventTarget-impl.js:104:17)
      at HTMLUnknownElement.dispatchEvent 
(node_modules/jsdom/lib/jsdom/living/generated/EventTarget.js:241:34)
      at Object.invokeGuardedCallbackDev 
(node_modules/react-dom/cjs/react-dom.development.js:4213:16)
      at invokeGuardedCallback 
(node_modules/react-dom/cjs/react-dom.development.js:4277:31)
      at invokeGuardedCallbackAndCatchFirstError 
(node_modules/react-dom/cjs/react-dom.development.js:4291:25)
      at executeDispatch 
(node_modules/react-dom/cjs/react-dom.development.js:9041:3)
      at processDispatchQueueItemsInOrder 
(node_modules/react-dom/cjs/react-dom.development.js:9073:7)
      at processDispatchQueue 
(node_modules/react-dom/cjs/react-dom.development.js:9086:5)
      at dispatchEventsForPlugins 
(node_modules/react-dom/cjs/react-dom.development.js:9097:3)
      at node_modules/react-dom/cjs/react-dom.development.js:9288:12
      at batchedUpdates$1 
(node_modules/react-dom/cjs/react-dom.development.js:26179:12)
      at batchedUpdates 
(node_modules/react-dom/cjs/react-dom.development.js:3991:12)
      at dispatchEventForPluginEventSystem 
(node_modules/react-dom/cjs/react-dom.development.js:9287:3)
      at dispatchEventWithEnableCapturePhaseSelectiveHydrationWithoutDiscreteEv
entReplay (node_modules/react-dom/cjs/react-dom.development.js:6465:5)
      at dispatchEvent 
(node_modules/react-dom/cjs/react-dom.development.js:6457:5)
      at dispatchDiscreteEvent 
(node_modules/react-dom/cjs/react-dom.development.js:6430:5)
      at HTMLDivElement.callTheUserObjectsOperation 
(node_modules/jsdom/lib/jsdom/living/generated/EventListener.js:26:30)
      at innerInvokeEventListeners 
(node_modules/jsdom/lib/jsdom/living/events/EventTarget-impl.js:350:25)
      at invokeEventListeners 
(node_modules/jsdom/lib/jsdom/living/events/EventTarget-impl.js:286:3)
      at HTMLSelectElementImpl._dispatch 
(node_modules/jsdom/lib/jsdom/living/events/EventTarget-impl.js:233:9)
      at HTMLSelectElementImpl.dispatchEvent 
(node_modules/jsdom/lib/jsdom/living/events/EventTarget-impl.js:104:17)
      at Proxy.dispatchEvent 
(node_modules/jsdom/lib/jsdom/living/generated/EventTarget.js:241:34)
      at 
node_modules/@testing-library/user-event/dist/cjs/event/dispatchEvent.js:45:43
      at Object.eventWrapper 
(node_modules/@testing-library/dom/dist/config.js:25:23)
      at Object.wrapEvent 
(node_modules/@testing-library/user-event/dist/cjs/event/wrapEvent.js:6:28)
      at Object.dispatchEvent (node_modules/@testing-library/user-event/dist/cj
s/event/dispatchEvent.js:45:22)
      at Object.dispatchUIEvent (node_modules/@testing-library/user-event/dist/
cjs/event/dispatchEvent.js:22:26)
      at selectOption (node_modules/@testing-library/user-event/dist/cjs/utilit
y/selectOptions.js:51:14)
      at Object.selectOptionsBase (node_modules/@testing-library/user-event/dis
t/cjs/utility/selectOptions.js:87:13)
      at Object.<anonymous> 
(src/settings/__tests__/AccountDetailPage.test.tsx:168:9)

    console.error
      Warning: An update to AccountDetailPage inside a test was not wrapped in 
act(...).
      
      When testing, code that causes React state updates should be wrapped 
into act(...):
      
      act(() => {
        /* fire events that update state */
      });
      /* assert on the output */
      
      This ensures that you're testing the behavior the user would see in the 
browser. Learn more at https://reactjs.org/link/wrap-tests-with-act
          at AccountDetailPage (C:\Users\samhe\OneDrive\Desktop\Cleaned\fronten
d\src\settings\AccountDetailPage.tsx:76:29)
          at routeContext (C:\Users\samhe\OneDrive\Desktop\Cleaned\frontend\nod
e_modules\react-router\lib\hooks.tsx:658:26)
          at children (C:\Users\samhe\OneDrive\Desktop\Cleaned\frontend\node_mo
dules\react-router\lib\components.tsx:512:3)
          at basenameProp (C:\Users\samhe\OneDrive\Desktop\Cleaned\frontend\nod
e_modules\react-router\lib\components.tsx:421:13)
          at basename (C:\Users\samhe\OneDrive\Desktop\Cleaned\frontend\node_mo
dules\react-router\lib\components.tsx:225:3)

      337 |                                         className={`text-sm border 
border-gray-300 rounded px-2 py-1.5 bg-white focus:outline-none focus:ring-1 
focus:ring-blue-400 ${isOwn || saving ? 'opacity-50 cursor-not-allowed' : ''
      338 |                                             }`}
    > 339 |                                         onChange={e => 
setRole(e.target.value)}
          |                                                        ^
      340 |                                     >
      341 |                                         {EDITABLE_ROLES.map(opt => 
(
      342 |                                             <option 
key={opt.value} value={opt.value}>{opt.label}</option>

      at printWarning 
(node_modules/react-dom/cjs/react-dom.development.js:86:30)
      at error (node_modules/react-dom/cjs/react-dom.development.js:60:7)
      at warnIfUpdatesNotWrappedWithActDEV 
(node_modules/react-dom/cjs/react-dom.development.js:27628:9)
      at scheduleUpdateOnFiber 
(node_modules/react-dom/cjs/react-dom.development.js:25547:5)
      at dispatchSetState 
(node_modules/react-dom/cjs/react-dom.development.js:16708:7)
      at onChange (src/settings/AccountDetailPage.tsx:339:56)
      at HTMLUnknownElement.callCallback 
(node_modules/react-dom/cjs/react-dom.development.js:4164:14)
      at HTMLUnknownElement.callTheUserObjectsOperation 
(node_modules/jsdom/lib/jsdom/living/generated/EventListener.js:26:30)
      at innerInvokeEventListeners 
(node_modules/jsdom/lib/jsdom/living/events/EventTarget-impl.js:350:25)
      at invokeEventListeners 
(node_modules/jsdom/lib/jsdom/living/events/EventTarget-impl.js:286:3)
      at HTMLUnknownElementImpl._dispatch 
(node_modules/jsdom/lib/jsdom/living/events/EventTarget-impl.js:233:9)
      at HTMLUnknownElementImpl.dispatchEvent 
(node_modules/jsdom/lib/jsdom/living/events/EventTarget-impl.js:104:17)
      at HTMLUnknownElement.dispatchEvent 
(node_modules/jsdom/lib/jsdom/living/generated/EventTarget.js:241:34)
      at Object.invokeGuardedCallbackDev 
(node_modules/react-dom/cjs/react-dom.development.js:4213:16)
      at invokeGuardedCallback 
(node_modules/react-dom/cjs/react-dom.development.js:4277:31)
      at invokeGuardedCallbackAndCatchFirstError 
(node_modules/react-dom/cjs/react-dom.development.js:4291:25)
      at executeDispatch 
(node_modules/react-dom/cjs/react-dom.development.js:9041:3)
      at processDispatchQueueItemsInOrder 
(node_modules/react-dom/cjs/react-dom.development.js:9073:7)
      at processDispatchQueue 
(node_modules/react-dom/cjs/react-dom.development.js:9086:5)
      at dispatchEventsForPlugins 
(node_modules/react-dom/cjs/react-dom.development.js:9097:3)
      at node_modules/react-dom/cjs/react-dom.development.js:9288:12
      at batchedUpdates$1 
(node_modules/react-dom/cjs/react-dom.development.js:26179:12)
      at batchedUpdates 
(node_modules/react-dom/cjs/react-dom.development.js:3991:12)
      at dispatchEventForPluginEventSystem 
(node_modules/react-dom/cjs/react-dom.development.js:9287:3)
      at dispatchEventWithEnableCapturePhaseSelectiveHydrationWithoutDiscreteEv
entReplay (node_modules/react-dom/cjs/react-dom.development.js:6465:5)
      at dispatchEvent 
(node_modules/react-dom/cjs/react-dom.development.js:6457:5)
      at dispatchDiscreteEvent 
(node_modules/react-dom/cjs/react-dom.development.js:6430:5)
      at HTMLDivElement.callTheUserObjectsOperation 
(node_modules/jsdom/lib/jsdom/living/generated/EventListener.js:26:30)
      at innerInvokeEventListeners 
(node_modules/jsdom/lib/jsdom/living/events/EventTarget-impl.js:350:25)
      at invokeEventListeners 
(node_modules/jsdom/lib/jsdom/living/events/EventTarget-impl.js:286:3)
      at HTMLSelectElementImpl._dispatch 
(node_modules/jsdom/lib/jsdom/living/events/EventTarget-impl.js:233:9)
      at HTMLSelectElementImpl.dispatchEvent 
(node_modules/jsdom/lib/jsdom/living/events/EventTarget-impl.js:104:17)
      at Proxy.dispatchEvent 
(node_modules/jsdom/lib/jsdom/living/generated/EventTarget.js:241:34)
      at 
node_modules/@testing-library/user-event/dist/cjs/event/dispatchEvent.js:45:43
      at Object.eventWrapper 
(node_modules/@testing-library/dom/dist/config.js:25:23)
      at Object.wrapEvent 
(node_modules/@testing-library/user-event/dist/cjs/event/wrapEvent.js:6:28)
      at Object.dispatchEvent (node_modules/@testing-library/user-event/dist/cj
s/event/dispatchEvent.js:45:22)
      at Object.dispatchUIEvent (node_modules/@testing-library/user-event/dist/
cjs/event/dispatchEvent.js:22:26)
      at selectOption (node_modules/@testing-library/user-event/dist/cjs/utilit
y/selectOptions.js:51:14)
      at Object.selectOptionsBase (node_modules/@testing-library/user-event/dis
t/cjs/utility/selectOptions.js:87:13)
      at Object.<anonymous> 
(src/settings/__tests__/AccountDetailPage.test.tsx:184:9)

    console.error
      Warning: An update to AccountDetailPage inside a test was not wrapped in 
act(...).
      
      When testing, code that causes React state updates should be wrapped 
into act(...):
      
      act(() => {
        /* fire events that update state */
      });
      /* assert on the output */
      
      This ensures that you're testing the behavior the user would see in the 
browser. Learn more at https://reactjs.org/link/wrap-tests-with-act
          at AccountDetailPage (C:\Users\samhe\OneDrive\Desktop\Cleaned\fronten
d\src\settings\AccountDetailPage.tsx:76:29)
          at routeContext (C:\Users\samhe\OneDrive\Desktop\Cleaned\frontend\nod
e_modules\react-router\lib\hooks.tsx:658:26)
          at children (C:\Users\samhe\OneDrive\Desktop\Cleaned\frontend\node_mo
dules\react-router\lib\components.tsx:512:3)
          at basenameProp (C:\Users\samhe\OneDrive\Desktop\Cleaned\frontend\nod
e_modules\react-router\lib\components.tsx:421:13)
          at basename (C:\Users\samhe\OneDrive\Desktop\Cleaned\frontend\node_mo
dules\react-router\lib\components.tsx:225:3)

      337 |                                         className={`text-sm border 
border-gray-300 rounded px-2 py-1.5 bg-white focus:outline-none focus:ring-1 
focus:ring-blue-400 ${isOwn || saving ? 'opacity-50 cursor-not-allowed' : ''
      338 |                                             }`}
    > 339 |                                         onChange={e => 
setRole(e.target.value)}
          |                                                        ^
      340 |                                     >
      341 |                                         {EDITABLE_ROLES.map(opt => 
(
      342 |                                             <option 
key={opt.value} value={opt.value}>{opt.label}</option>

      at printWarning 
(node_modules/react-dom/cjs/react-dom.development.js:86:30)
      at error (node_modules/react-dom/cjs/react-dom.development.js:60:7)
      at warnIfUpdatesNotWrappedWithActDEV 
(node_modules/react-dom/cjs/react-dom.development.js:27628:9)
      at scheduleUpdateOnFiber 
(node_modules/react-dom/cjs/react-dom.development.js:25547:5)
      at dispatchSetState 
(node_modules/react-dom/cjs/react-dom.development.js:16708:7)
      at onChange (src/settings/AccountDetailPage.tsx:339:56)
      at HTMLUnknownElement.callCallback 
(node_modules/react-dom/cjs/react-dom.development.js:4164:14)
      at HTMLUnknownElement.callTheUserObjectsOperation 
(node_modules/jsdom/lib/jsdom/living/generated/EventListener.js:26:30)
      at innerInvokeEventListeners 
(node_modules/jsdom/lib/jsdom/living/events/EventTarget-impl.js:350:25)
      at invokeEventListeners 
(node_modules/jsdom/lib/jsdom/living/events/EventTarget-impl.js:286:3)
      at HTMLUnknownElementImpl._dispatch 
(node_modules/jsdom/lib/jsdom/living/events/EventTarget-impl.js:233:9)
      at HTMLUnknownElementImpl.dispatchEvent 
(node_modules/jsdom/lib/jsdom/living/events/EventTarget-impl.js:104:17)
      at HTMLUnknownElement.dispatchEvent 
(node_modules/jsdom/lib/jsdom/living/generated/EventTarget.js:241:34)
      at Object.invokeGuardedCallbackDev 
(node_modules/react-dom/cjs/react-dom.development.js:4213:16)
      at invokeGuardedCallback 
(node_modules/react-dom/cjs/react-dom.development.js:4277:31)
      at invokeGuardedCallbackAndCatchFirstError 
(node_modules/react-dom/cjs/react-dom.development.js:4291:25)
      at executeDispatch 
(node_modules/react-dom/cjs/react-dom.development.js:9041:3)
      at processDispatchQueueItemsInOrder 
(node_modules/react-dom/cjs/react-dom.development.js:9073:7)
      at processDispatchQueue 
(node_modules/react-dom/cjs/react-dom.development.js:9086:5)
      at dispatchEventsForPlugins 
(node_modules/react-dom/cjs/react-dom.development.js:9097:3)
      at node_modules/react-dom/cjs/react-dom.development.js:9288:12
      at batchedUpdates$1 
(node_modules/react-dom/cjs/react-dom.development.js:26179:12)
      at batchedUpdates 
(node_modules/react-dom/cjs/react-dom.development.js:3991:12)
      at dispatchEventForPluginEventSystem 
(node_modules/react-dom/cjs/react-dom.development.js:9287:3)
      at dispatchEventWithEnableCapturePhaseSelectiveHydrationWithoutDiscreteEv
entReplay (node_modules/react-dom/cjs/react-dom.development.js:6465:5)
      at dispatchEvent 
(node_modules/react-dom/cjs/react-dom.development.js:6457:5)
      at dispatchDiscreteEvent 
(node_modules/react-dom/cjs/react-dom.development.js:6430:5)
      at HTMLDivElement.callTheUserObjectsOperation 
(node_modules/jsdom/lib/jsdom/living/generated/EventListener.js:26:30)
      at innerInvokeEventListeners 
(node_modules/jsdom/lib/jsdom/living/events/EventTarget-impl.js:350:25)
      at invokeEventListeners 
(node_modules/jsdom/lib/jsdom/living/events/EventTarget-impl.js:286:3)
      at HTMLSelectElementImpl._dispatch 
(node_modules/jsdom/lib/jsdom/living/events/EventTarget-impl.js:233:9)
      at HTMLSelectElementImpl.dispatchEvent 
(node_modules/jsdom/lib/jsdom/living/events/EventTarget-impl.js:104:17)
      at Proxy.dispatchEvent 
(node_modules/jsdom/lib/jsdom/living/generated/EventTarget.js:241:34)
      at 
node_modules/@testing-library/user-event/dist/cjs/event/dispatchEvent.js:45:43
      at Object.eventWrapper 
(node_modules/@testing-library/dom/dist/config.js:25:23)
      at Object.wrapEvent 
(node_modules/@testing-library/user-event/dist/cjs/event/wrapEvent.js:6:28)
      at Object.dispatchEvent (node_modules/@testing-library/user-event/dist/cj
s/event/dispatchEvent.js:45:22)
      at Object.dispatchUIEvent (node_modules/@testing-library/user-event/dist/
cjs/event/dispatchEvent.js:22:26)
      at selectOption (node_modules/@testing-library/user-event/dist/cjs/utilit
y/selectOptions.js:51:14)
      at Object.selectOptionsBase (node_modules/@testing-library/user-event/dis
t/cjs/utility/selectOptions.js:87:13)
      at Object.<anonymous> 
(src/settings/__tests__/AccountDetailPage.test.tsx:197:9)

    console.error
      Warning: An update to AccountDetailPage inside a test was not wrapped in 
act(...).
      
      When testing, code that causes React state updates should be wrapped 
into act(...):
      
      act(() => {
        /* fire events that update state */
      });
      /* assert on the output */
      
      This ensures that you're testing the behavior the user would see in the 
browser. Learn more at https://reactjs.org/link/wrap-tests-with-act
          at AccountDetailPage (C:\Users\samhe\OneDrive\Desktop\Cleaned\fronten
d\src\settings\AccountDetailPage.tsx:76:29)
          at routeContext (C:\Users\samhe\OneDrive\Desktop\Cleaned\frontend\nod
e_modules\react-router\lib\hooks.tsx:658:26)
          at children (C:\Users\samhe\OneDrive\Desktop\Cleaned\frontend\node_mo
dules\react-router\lib\components.tsx:512:3)
          at basenameProp (C:\Users\samhe\OneDrive\Desktop\Cleaned\frontend\nod
e_modules\react-router\lib\components.tsx:421:13)
          at basename (C:\Users\samhe\OneDrive\Desktop\Cleaned\frontend\node_mo
dules\react-router\lib\components.tsx:225:3)

      337 |                                         className={`text-sm border 
border-gray-300 rounded px-2 py-1.5 bg-white focus:outline-none focus:ring-1 
focus:ring-blue-400 ${isOwn || saving ? 'opacity-50 cursor-not-allowed' : ''
      338 |                                             }`}
    > 339 |                                         onChange={e => 
setRole(e.target.value)}
          |                                                        ^
      340 |                                     >
      341 |                                         {EDITABLE_ROLES.map(opt => 
(
      342 |                                             <option 
key={opt.value} value={opt.value}>{opt.label}</option>

      at printWarning 
(node_modules/react-dom/cjs/react-dom.development.js:86:30)
      at error (node_modules/react-dom/cjs/react-dom.development.js:60:7)
      at warnIfUpdatesNotWrappedWithActDEV 
(node_modules/react-dom/cjs/react-dom.development.js:27628:9)
      at scheduleUpdateOnFiber 
(node_modules/react-dom/cjs/react-dom.development.js:25547:5)
      at dispatchSetState 
(node_modules/react-dom/cjs/react-dom.development.js:16708:7)
      at onChange (src/settings/AccountDetailPage.tsx:339:56)
      at HTMLUnknownElement.callCallback 
(node_modules/react-dom/cjs/react-dom.development.js:4164:14)
      at HTMLUnknownElement.callTheUserObjectsOperation 
(node_modules/jsdom/lib/jsdom/living/generated/EventListener.js:26:30)
      at innerInvokeEventListeners 
(node_modules/jsdom/lib/jsdom/living/events/EventTarget-impl.js:350:25)
      at invokeEventListeners 
(node_modules/jsdom/lib/jsdom/living/events/EventTarget-impl.js:286:3)
      at HTMLUnknownElementImpl._dispatch 
(node_modules/jsdom/lib/jsdom/living/events/EventTarget-impl.js:233:9)
      at HTMLUnknownElementImpl.dispatchEvent 
(node_modules/jsdom/lib/jsdom/living/events/EventTarget-impl.js:104:17)
      at HTMLUnknownElement.dispatchEvent 
(node_modules/jsdom/lib/jsdom/living/generated/EventTarget.js:241:34)
      at Object.invokeGuardedCallbackDev 
(node_modules/react-dom/cjs/react-dom.development.js:4213:16)
      at invokeGuardedCallback 
(node_modules/react-dom/cjs/react-dom.development.js:4277:31)
      at invokeGuardedCallbackAndCatchFirstError 
(node_modules/react-dom/cjs/react-dom.development.js:4291:25)
      at executeDispatch 
(node_modules/react-dom/cjs/react-dom.development.js:9041:3)
      at processDispatchQueueItemsInOrder 
(node_modules/react-dom/cjs/react-dom.development.js:9073:7)
      at processDispatchQueue 
(node_modules/react-dom/cjs/react-dom.development.js:9086:5)
      at dispatchEventsForPlugins 
(node_modules/react-dom/cjs/react-dom.development.js:9097:3)
      at node_modules/react-dom/cjs/react-dom.development.js:9288:12
      at batchedUpdates$1 
(node_modules/react-dom/cjs/react-dom.development.js:26179:12)
      at batchedUpdates 
(node_modules/react-dom/cjs/react-dom.development.js:3991:12)
      at dispatchEventForPluginEventSystem 
(node_modules/react-dom/cjs/react-dom.development.js:9287:3)
      at dispatchEventWithEnableCapturePhaseSelectiveHydrationWithoutDiscreteEv
entReplay (node_modules/react-dom/cjs/react-dom.development.js:6465:5)
      at dispatchEvent 
(node_modules/react-dom/cjs/react-dom.development.js:6457:5)
      at dispatchDiscreteEvent 
(node_modules/react-dom/cjs/react-dom.development.js:6430:5)
      at HTMLDivElement.callTheUserObjectsOperation 
(node_modules/jsdom/lib/jsdom/living/generated/EventListener.js:26:30)
      at innerInvokeEventListeners 
(node_modules/jsdom/lib/jsdom/living/events/EventTarget-impl.js:350:25)
      at invokeEventListeners 
(node_modules/jsdom/lib/jsdom/living/events/EventTarget-impl.js:286:3)
      at HTMLSelectElementImpl._dispatch 
(node_modules/jsdom/lib/jsdom/living/events/EventTarget-impl.js:233:9)
      at HTMLSelectElementImpl.dispatchEvent 
(node_modules/jsdom/lib/jsdom/living/events/EventTarget-impl.js:104:17)
      at Proxy.dispatchEvent 
(node_modules/jsdom/lib/jsdom/living/generated/EventTarget.js:241:34)
      at 
node_modules/@testing-library/user-event/dist/cjs/event/dispatchEvent.js:45:43
      at Object.eventWrapper 
(node_modules/@testing-library/dom/dist/config.js:25:23)
      at Object.wrapEvent 
(node_modules/@testing-library/user-event/dist/cjs/event/wrapEvent.js:6:28)
      at Object.dispatchEvent (node_modules/@testing-library/user-event/dist/cj
s/event/dispatchEvent.js:45:22)
      at Object.dispatchUIEvent (node_modules/@testing-library/user-event/dist/
cjs/event/dispatchEvent.js:22:26)
      at selectOption (node_modules/@testing-library/user-event/dist/cjs/utilit
y/selectOptions.js:51:14)
      at Object.selectOptionsBase (node_modules/@testing-library/user-event/dis
t/cjs/utility/selectOptions.js:87:13)
      at Object.<anonymous> 
(src/settings/__tests__/AccountDetailPage.test.tsx:209:9)

    console.error
      Warning: An update to AccountDetailPage inside a test was not wrapped in 
act(...).
      
      When testing, code that causes React state updates should be wrapped 
into act(...):
      
      act(() => {
        /* fire events that update state */
      });
      /* assert on the output */
      
      This ensures that you're testing the behavior the user would see in the 
browser. Learn more at https://reactjs.org/link/wrap-tests-with-act
          at AccountDetailPage (C:\Users\samhe\OneDrive\Desktop\Cleaned\fronten
d\src\settings\AccountDetailPage.tsx:76:29)
          at routeContext (C:\Users\samhe\OneDrive\Desktop\Cleaned\frontend\nod
e_modules\react-router\lib\hooks.tsx:658:26)
          at children (C:\Users\samhe\OneDrive\Desktop\Cleaned\frontend\node_mo
dules\react-router\lib\components.tsx:512:3)
          at basenameProp (C:\Users\samhe\OneDrive\Desktop\Cleaned\frontend\nod
e_modules\react-router\lib\components.tsx:421:13)
          at basename (C:\Users\samhe\OneDrive\Desktop\Cleaned\frontend\node_mo
dules\react-router\lib\components.tsx:225:3)

      380 |                             <button
      381 |                                 onClick={() => {
    > 382 |                                     setRole(savedRoleRef.current)
          |                                     ^
      383 |                                     
setIsActive(savedIsActiveRef.current)
      384 |                                     
setFullName(savedFullNameRef.current)
      385 |                                     setEmail(savedEmailRef.current)

      at printWarning 
(node_modules/react-dom/cjs/react-dom.development.js:86:30)
      at error (node_modules/react-dom/cjs/react-dom.development.js:60:7)
      at warnIfUpdatesNotWrappedWithActDEV 
(node_modules/react-dom/cjs/react-dom.development.js:27628:9)
      at scheduleUpdateOnFiber 
(node_modules/react-dom/cjs/react-dom.development.js:25547:5)
      at dispatchSetState 
(node_modules/react-dom/cjs/react-dom.development.js:16708:7)
      at onClick (src/settings/AccountDetailPage.tsx:382:37)
      at HTMLUnknownElement.callCallback 
(node_modules/react-dom/cjs/react-dom.development.js:4164:14)
      at HTMLUnknownElement.callTheUserObjectsOperation 
(node_modules/jsdom/lib/jsdom/living/generated/EventListener.js:26:30)
      at innerInvokeEventListeners 
(node_modules/jsdom/lib/jsdom/living/events/EventTarget-impl.js:350:25)
      at invokeEventListeners 
(node_modules/jsdom/lib/jsdom/living/events/EventTarget-impl.js:286:3)
      at HTMLUnknownElementImpl._dispatch 
(node_modules/jsdom/lib/jsdom/living/events/EventTarget-impl.js:233:9)
      at HTMLUnknownElementImpl.dispatchEvent 
(node_modules/jsdom/lib/jsdom/living/events/EventTarget-impl.js:104:17)
      at HTMLUnknownElement.dispatchEvent 
(node_modules/jsdom/lib/jsdom/living/generated/EventTarget.js:241:34)
      at Object.invokeGuardedCallbackDev 
(node_modules/react-dom/cjs/react-dom.development.js:4213:16)
      at invokeGuardedCallback 
(node_modules/react-dom/cjs/react-dom.development.js:4277:31)
      at invokeGuardedCallbackAndCatchFirstError 
(node_modules/react-dom/cjs/react-dom.development.js:4291:25)
      at executeDispatch 
(node_modules/react-dom/cjs/react-dom.development.js:9041:3)
      at processDispatchQueueItemsInOrder 
(node_modules/react-dom/cjs/react-dom.development.js:9073:7)
      at processDispatchQueue 
(node_modules/react-dom/cjs/react-dom.development.js:9086:5)
      at dispatchEventsForPlugins 
(node_modules/react-dom/cjs/react-dom.development.js:9097:3)
      at node_modules/react-dom/cjs/react-dom.development.js:9288:12
      at batchedUpdates$1 
(node_modules/react-dom/cjs/react-dom.development.js:26179:12)
      at batchedUpdates 
(node_modules/react-dom/cjs/react-dom.development.js:3991:12)
      at dispatchEventForPluginEventSystem 
(node_modules/react-dom/cjs/react-dom.development.js:9287:3)
      at dispatchEventWithEnableCapturePhaseSelectiveHydrationWithoutDiscreteEv
entReplay (node_modules/react-dom/cjs/react-dom.development.js:6465:5)
      at dispatchEvent 
(node_modules/react-dom/cjs/react-dom.development.js:6457:5)
      at dispatchDiscreteEvent 
(node_modules/react-dom/cjs/react-dom.development.js:6430:5)
      at HTMLDivElement.callTheUserObjectsOperation 
(node_modules/jsdom/lib/jsdom/living/generated/EventListener.js:26:30)
      at innerInvokeEventListeners 
(node_modules/jsdom/lib/jsdom/living/events/EventTarget-impl.js:350:25)
      at invokeEventListeners 
(node_modules/jsdom/lib/jsdom/living/events/EventTarget-impl.js:286:3)
      at HTMLButtonElementImpl._dispatch 
(node_modules/jsdom/lib/jsdom/living/events/EventTarget-impl.js:233:9)
      at HTMLButtonElementImpl.dispatchEvent 
(node_modules/jsdom/lib/jsdom/living/events/EventTarget-impl.js:104:17)
      at HTMLButtonElement.dispatchEvent 
(node_modules/jsdom/lib/jsdom/living/generated/EventTarget.js:241:34)
      at 
node_modules/@testing-library/user-event/dist/cjs/event/dispatchEvent.js:45:43
      at Object.eventWrapper 
(node_modules/@testing-library/dom/dist/config.js:25:23)
      at Object.wrapEvent 
(node_modules/@testing-library/user-event/dist/cjs/event/wrapEvent.js:6:28)
      at Object.dispatchEvent (node_modules/@testing-library/user-event/dist/cj
s/event/dispatchEvent.js:45:22)
      at Object.dispatchUIEvent (node_modules/@testing-library/user-event/dist/
cjs/event/dispatchEvent.js:22:26)
      at Mouse.up (node_modules/@testing-library/user-event/dist/cjs/system/poi
nter/mouse.js:100:30)
      at PointerHost.release (node_modules/@testing-library/user-event/dist/cjs
/system/pointer/index.js:87:24)
      at pointerAction 
(node_modules/@testing-library/user-event/dist/cjs/pointer/index.js:54:47)
      at Object.pointer 
(node_modules/@testing-library/user-event/dist/cjs/pointer/index.js:27:9)
      at Object.<anonymous> 
(src/settings/__tests__/AccountDetailPage.test.tsx:211:9)

    console.error
      Warning: An update to AccountDetailPage inside a test was not wrapped in 
act(...).
      
      When testing, code that causes React state updates should be wrapped 
into act(...):
      
      act(() => {
        /* fire events that update state */
      });
      /* assert on the output */
      
      This ensures that you're testing the behavior the user would see in the 
browser. Learn more at https://reactjs.org/link/wrap-tests-with-act
          at AccountDetailPage (C:\Users\samhe\OneDrive\Desktop\Cleaned\fronten
d\src\settings\AccountDetailPage.tsx:76:29)
          at routeContext (C:\Users\samhe\OneDrive\Desktop\Cleaned\frontend\nod
e_modules\react-router\lib\hooks.tsx:658:26)
          at children (C:\Users\samhe\OneDrive\Desktop\Cleaned\frontend\node_mo
dules\react-router\lib\components.tsx:512:3)
          at basenameProp (C:\Users\samhe\OneDrive\Desktop\Cleaned\frontend\nod
e_modules\react-router\lib\components.tsx:421:13)
          at basename (C:\Users\samhe\OneDrive\Desktop\Cleaned\frontend\node_mo
dules\react-router\lib\components.tsx:225:3)

      381 |                                 onClick={() => {
      382 |                                     setRole(savedRoleRef.current)
    > 383 |                                     
setIsActive(savedIsActiveRef.current)
          |                                     ^
      384 |                                     
setFullName(savedFullNameRef.current)
      385 |                                     setEmail(savedEmailRef.current)
      386 |                                 }}

      at printWarning 
(node_modules/react-dom/cjs/react-dom.development.js:86:30)
      at error (node_modules/react-dom/cjs/react-dom.development.js:60:7)
      at warnIfUpdatesNotWrappedWithActDEV 
(node_modules/react-dom/cjs/react-dom.development.js:27628:9)
      at scheduleUpdateOnFiber 
(node_modules/react-dom/cjs/react-dom.development.js:25547:5)
      at dispatchSetState 
(node_modules/react-dom/cjs/react-dom.development.js:16708:7)
      at onClick (src/settings/AccountDetailPage.tsx:383:37)
      at HTMLUnknownElement.callCallback 
(node_modules/react-dom/cjs/react-dom.development.js:4164:14)
      at HTMLUnknownElement.callTheUserObjectsOperation 
(node_modules/jsdom/lib/jsdom/living/generated/EventListener.js:26:30)
      at innerInvokeEventListeners 
(node_modules/jsdom/lib/jsdom/living/events/EventTarget-impl.js:350:25)
      at invokeEventListeners 
(node_modules/jsdom/lib/jsdom/living/events/EventTarget-impl.js:286:3)
      at HTMLUnknownElementImpl._dispatch 
(node_modules/jsdom/lib/jsdom/living/events/EventTarget-impl.js:233:9)
      at HTMLUnknownElementImpl.dispatchEvent 
(node_modules/jsdom/lib/jsdom/living/events/EventTarget-impl.js:104:17)
      at HTMLUnknownElement.dispatchEvent 
(node_modules/jsdom/lib/jsdom/living/generated/EventTarget.js:241:34)
      at Object.invokeGuardedCallbackDev 
(node_modules/react-dom/cjs/react-dom.development.js:4213:16)
      at invokeGuardedCallback 
(node_modules/react-dom/cjs/react-dom.development.js:4277:31)
      at invokeGuardedCallbackAndCatchFirstError 
(node_modules/react-dom/cjs/react-dom.development.js:4291:25)
      at executeDispatch 
(node_modules/react-dom/cjs/react-dom.development.js:9041:3)
      at processDispatchQueueItemsInOrder 
(node_modules/react-dom/cjs/react-dom.development.js:9073:7)
      at processDispatchQueue 
(node_modules/react-dom/cjs/react-dom.development.js:9086:5)
      at dispatchEventsForPlugins 
(node_modules/react-dom/cjs/react-dom.development.js:9097:3)
      at node_modules/react-dom/cjs/react-dom.development.js:9288:12
      at batchedUpdates$1 
(node_modules/react-dom/cjs/react-dom.development.js:26179:12)
      at batchedUpdates 
(node_modules/react-dom/cjs/react-dom.development.js:3991:12)
      at dispatchEventForPluginEventSystem 
(node_modules/react-dom/cjs/react-dom.development.js:9287:3)
      at dispatchEventWithEnableCapturePhaseSelectiveHydrationWithoutDiscreteEv
entReplay (node_modules/react-dom/cjs/react-dom.development.js:6465:5)
      at dispatchEvent 
(node_modules/react-dom/cjs/react-dom.development.js:6457:5)
      at dispatchDiscreteEvent 
(node_modules/react-dom/cjs/react-dom.development.js:6430:5)
      at HTMLDivElement.callTheUserObjectsOperation 
(node_modules/jsdom/lib/jsdom/living/generated/EventListener.js:26:30)
      at innerInvokeEventListeners 
(node_modules/jsdom/lib/jsdom/living/events/EventTarget-impl.js:350:25)
      at invokeEventListeners 
(node_modules/jsdom/lib/jsdom/living/events/EventTarget-impl.js:286:3)
      at HTMLButtonElementImpl._dispatch 
(node_modules/jsdom/lib/jsdom/living/events/EventTarget-impl.js:233:9)
      at HTMLButtonElementImpl.dispatchEvent 
(node_modules/jsdom/lib/jsdom/living/events/EventTarget-impl.js:104:17)
      at HTMLButtonElement.dispatchEvent 
(node_modules/jsdom/lib/jsdom/living/generated/EventTarget.js:241:34)
      at 
node_modules/@testing-library/user-event/dist/cjs/event/dispatchEvent.js:45:43
      at Object.eventWrapper 
(node_modules/@testing-library/dom/dist/config.js:25:23)
      at Object.wrapEvent 
(node_modules/@testing-library/user-event/dist/cjs/event/wrapEvent.js:6:28)
      at Object.dispatchEvent (node_modules/@testing-library/user-event/dist/cj
s/event/dispatchEvent.js:45:22)
      at Object.dispatchUIEvent (node_modules/@testing-library/user-event/dist/
cjs/event/dispatchEvent.js:22:26)
      at Mouse.up (node_modules/@testing-library/user-event/dist/cjs/system/poi
nter/mouse.js:100:30)
      at PointerHost.release (node_modules/@testing-library/user-event/dist/cjs
/system/pointer/index.js:87:24)
      at pointerAction 
(node_modules/@testing-library/user-event/dist/cjs/pointer/index.js:54:47)
      at Object.pointer 
(node_modules/@testing-library/user-event/dist/cjs/pointer/index.js:27:9)
      at Object.<anonymous> 
(src/settings/__tests__/AccountDetailPage.test.tsx:211:9)

    console.error
      Warning: An update to AccountDetailPage inside a test was not wrapped in 
act(...).
      
      When testing, code that causes React state updates should be wrapped 
into act(...):
      
      act(() => {
        /* fire events that update state */
      });
      /* assert on the output */
      
      This ensures that you're testing the behavior the user would see in the 
browser. Learn more at https://reactjs.org/link/wrap-tests-with-act
          at AccountDetailPage (C:\Users\samhe\OneDrive\Desktop\Cleaned\fronten
d\src\settings\AccountDetailPage.tsx:76:29)
          at routeContext (C:\Users\samhe\OneDrive\Desktop\Cleaned\frontend\nod
e_modules\react-router\lib\hooks.tsx:658:26)
          at children (C:\Users\samhe\OneDrive\Desktop\Cleaned\frontend\node_mo
dules\react-router\lib\components.tsx:512:3)
          at basenameProp (C:\Users\samhe\OneDrive\Desktop\Cleaned\frontend\nod
e_modules\react-router\lib\components.tsx:421:13)
          at basename (C:\Users\samhe\OneDrive\Desktop\Cleaned\frontend\node_mo
dules\react-router\lib\components.tsx:225:3)

      382 |                                     setRole(savedRoleRef.current)
      383 |                                     
setIsActive(savedIsActiveRef.current)
    > 384 |                                     
setFullName(savedFullNameRef.current)
          |                                     ^
      385 |                                     setEmail(savedEmailRef.current)
      386 |                                 }}
      387 |                                 aria-label="Discard changes"

      at printWarning 
(node_modules/react-dom/cjs/react-dom.development.js:86:30)
      at error (node_modules/react-dom/cjs/react-dom.development.js:60:7)
      at warnIfUpdatesNotWrappedWithActDEV 
(node_modules/react-dom/cjs/react-dom.development.js:27628:9)
      at scheduleUpdateOnFiber 
(node_modules/react-dom/cjs/react-dom.development.js:25547:5)
      at dispatchSetState 
(node_modules/react-dom/cjs/react-dom.development.js:16708:7)
      at onClick (src/settings/AccountDetailPage.tsx:384:37)
      at HTMLUnknownElement.callCallback 
(node_modules/react-dom/cjs/react-dom.development.js:4164:14)
      at HTMLUnknownElement.callTheUserObjectsOperation 
(node_modules/jsdom/lib/jsdom/living/generated/EventListener.js:26:30)
      at innerInvokeEventListeners 
(node_modules/jsdom/lib/jsdom/living/events/EventTarget-impl.js:350:25)
      at invokeEventListeners 
(node_modules/jsdom/lib/jsdom/living/events/EventTarget-impl.js:286:3)
      at HTMLUnknownElementImpl._dispatch 
(node_modules/jsdom/lib/jsdom/living/events/EventTarget-impl.js:233:9)
      at HTMLUnknownElementImpl.dispatchEvent 
(node_modules/jsdom/lib/jsdom/living/events/EventTarget-impl.js:104:17)
      at HTMLUnknownElement.dispatchEvent 
(node_modules/jsdom/lib/jsdom/living/generated/EventTarget.js:241:34)
      at Object.invokeGuardedCallbackDev 
(node_modules/react-dom/cjs/react-dom.development.js:4213:16)
      at invokeGuardedCallback 
(node_modules/react-dom/cjs/react-dom.development.js:4277:31)
      at invokeGuardedCallbackAndCatchFirstError 
(node_modules/react-dom/cjs/react-dom.development.js:4291:25)
      at executeDispatch 
(node_modules/react-dom/cjs/react-dom.development.js:9041:3)
      at processDispatchQueueItemsInOrder 
(node_modules/react-dom/cjs/react-dom.development.js:9073:7)
      at processDispatchQueue 
(node_modules/react-dom/cjs/react-dom.development.js:9086:5)
      at dispatchEventsForPlugins 
(node_modules/react-dom/cjs/react-dom.development.js:9097:3)
      at node_modules/react-dom/cjs/react-dom.development.js:9288:12
      at batchedUpdates$1 
(node_modules/react-dom/cjs/react-dom.development.js:26179:12)
      at batchedUpdates 
(node_modules/react-dom/cjs/react-dom.development.js:3991:12)
      at dispatchEventForPluginEventSystem 
(node_modules/react-dom/cjs/react-dom.development.js:9287:3)
      at dispatchEventWithEnableCapturePhaseSelectiveHydrationWithoutDiscreteEv
entReplay (node_modules/react-dom/cjs/react-dom.development.js:6465:5)
      at dispatchEvent 
(node_modules/react-dom/cjs/react-dom.development.js:6457:5)
      at dispatchDiscreteEvent 
(node_modules/react-dom/cjs/react-dom.development.js:6430:5)
      at HTMLDivElement.callTheUserObjectsOperation 
(node_modules/jsdom/lib/jsdom/living/generated/EventListener.js:26:30)
      at innerInvokeEventListeners 
(node_modules/jsdom/lib/jsdom/living/events/EventTarget-impl.js:350:25)
      at invokeEventListeners 
(node_modules/jsdom/lib/jsdom/living/events/EventTarget-impl.js:286:3)
      at HTMLButtonElementImpl._dispatch 
(node_modules/jsdom/lib/jsdom/living/events/EventTarget-impl.js:233:9)
      at HTMLButtonElementImpl.dispatchEvent 
(node_modules/jsdom/lib/jsdom/living/events/EventTarget-impl.js:104:17)
      at HTMLButtonElement.dispatchEvent 
(node_modules/jsdom/lib/jsdom/living/generated/EventTarget.js:241:34)
      at 
node_modules/@testing-library/user-event/dist/cjs/event/dispatchEvent.js:45:43
      at Object.eventWrapper 
(node_modules/@testing-library/dom/dist/config.js:25:23)
      at Object.wrapEvent 
(node_modules/@testing-library/user-event/dist/cjs/event/wrapEvent.js:6:28)
      at Object.dispatchEvent (node_modules/@testing-library/user-event/dist/cj
s/event/dispatchEvent.js:45:22)
      at Object.dispatchUIEvent (node_modules/@testing-library/user-event/dist/
cjs/event/dispatchEvent.js:22:26)
      at Mouse.up (node_modules/@testing-library/user-event/dist/cjs/system/poi
nter/mouse.js:100:30)
      at PointerHost.release (node_modules/@testing-library/user-event/dist/cjs
/system/pointer/index.js:87:24)
      at pointerAction 
(node_modules/@testing-library/user-event/dist/cjs/pointer/index.js:54:47)
      at Object.pointer 
(node_modules/@testing-library/user-event/dist/cjs/pointer/index.js:27:9)
      at Object.<anonymous> 
(src/settings/__tests__/AccountDetailPage.test.tsx:211:9)

    console.error
      Warning: An update to AccountDetailPage inside a test was not wrapped in 
act(...).
      
      When testing, code that causes React state updates should be wrapped 
into act(...):
      
      act(() => {
        /* fire events that update state */
      });
      /* assert on the output */
      
      This ensures that you're testing the behavior the user would see in the 
browser. Learn more at https://reactjs.org/link/wrap-tests-with-act
          at AccountDetailPage (C:\Users\samhe\OneDrive\Desktop\Cleaned\fronten
d\src\settings\AccountDetailPage.tsx:76:29)
          at routeContext (C:\Users\samhe\OneDrive\Desktop\Cleaned\frontend\nod
e_modules\react-router\lib\hooks.tsx:658:26)
          at children (C:\Users\samhe\OneDrive\Desktop\Cleaned\frontend\node_mo
dules\react-router\lib\components.tsx:512:3)
          at basenameProp (C:\Users\samhe\OneDrive\Desktop\Cleaned\frontend\nod
e_modules\react-router\lib\components.tsx:421:13)
          at basename (C:\Users\samhe\OneDrive\Desktop\Cleaned\frontend\node_mo
dules\react-router\lib\components.tsx:225:3)

      383 |                                     
setIsActive(savedIsActiveRef.current)
      384 |                                     
setFullName(savedFullNameRef.current)
    > 385 |                                     setEmail(savedEmailRef.current)
          |                                     ^
      386 |                                 }}
      387 |                                 aria-label="Discard changes"
      388 |                                 className="text-sm text-gray-500 
hover:text-gray-700 underline"

      at printWarning 
(node_modules/react-dom/cjs/react-dom.development.js:86:30)
      at error (node_modules/react-dom/cjs/react-dom.development.js:60:7)
      at warnIfUpdatesNotWrappedWithActDEV 
(node_modules/react-dom/cjs/react-dom.development.js:27628:9)
      at scheduleUpdateOnFiber 
(node_modules/react-dom/cjs/react-dom.development.js:25547:5)
      at dispatchSetState 
(node_modules/react-dom/cjs/react-dom.development.js:16708:7)
      at onClick (src/settings/AccountDetailPage.tsx:385:37)
      at HTMLUnknownElement.callCallback 
(node_modules/react-dom/cjs/react-dom.development.js:4164:14)
      at HTMLUnknownElement.callTheUserObjectsOperation 
(node_modules/jsdom/lib/jsdom/living/generated/EventListener.js:26:30)
      at innerInvokeEventListeners 
(node_modules/jsdom/lib/jsdom/living/events/EventTarget-impl.js:350:25)
      at invokeEventListeners 
(node_modules/jsdom/lib/jsdom/living/events/EventTarget-impl.js:286:3)
      at HTMLUnknownElementImpl._dispatch 
(node_modules/jsdom/lib/jsdom/living/events/EventTarget-impl.js:233:9)
      at HTMLUnknownElementImpl.dispatchEvent 
(node_modules/jsdom/lib/jsdom/living/events/EventTarget-impl.js:104:17)
      at HTMLUnknownElement.dispatchEvent 
(node_modules/jsdom/lib/jsdom/living/generated/EventTarget.js:241:34)
      at Object.invokeGuardedCallbackDev 
(node_modules/react-dom/cjs/react-dom.development.js:4213:16)
      at invokeGuardedCallback 
(node_modules/react-dom/cjs/react-dom.development.js:4277:31)
      at invokeGuardedCallbackAndCatchFirstError 
(node_modules/react-dom/cjs/react-dom.development.js:4291:25)
      at executeDispatch 
(node_modules/react-dom/cjs/react-dom.development.js:9041:3)
      at processDispatchQueueItemsInOrder 
(node_modules/react-dom/cjs/react-dom.development.js:9073:7)
      at processDispatchQueue 
(node_modules/react-dom/cjs/react-dom.development.js:9086:5)
      at dispatchEventsForPlugins 
(node_modules/react-dom/cjs/react-dom.development.js:9097:3)
      at node_modules/react-dom/cjs/react-dom.development.js:9288:12
      at batchedUpdates$1 
(node_modules/react-dom/cjs/react-dom.development.js:26179:12)
      at batchedUpdates 
(node_modules/react-dom/cjs/react-dom.development.js:3991:12)
      at dispatchEventForPluginEventSystem 
(node_modules/react-dom/cjs/react-dom.development.js:9287:3)
      at dispatchEventWithEnableCapturePhaseSelectiveHydrationWithoutDiscreteEv
entReplay (node_modules/react-dom/cjs/react-dom.development.js:6465:5)
      at dispatchEvent 
(node_modules/react-dom/cjs/react-dom.development.js:6457:5)
      at dispatchDiscreteEvent 
(node_modules/react-dom/cjs/react-dom.development.js:6430:5)
      at HTMLDivElement.callTheUserObjectsOperation 
(node_modules/jsdom/lib/jsdom/living/generated/EventListener.js:26:30)
      at innerInvokeEventListeners 
(node_modules/jsdom/lib/jsdom/living/events/EventTarget-impl.js:350:25)
      at invokeEventListeners 
(node_modules/jsdom/lib/jsdom/living/events/EventTarget-impl.js:286:3)
      at HTMLButtonElementImpl._dispatch 
(node_modules/jsdom/lib/jsdom/living/events/EventTarget-impl.js:233:9)
      at HTMLButtonElementImpl.dispatchEvent 
(node_modules/jsdom/lib/jsdom/living/events/EventTarget-impl.js:104:17)
      at HTMLButtonElement.dispatchEvent 
(node_modules/jsdom/lib/jsdom/living/generated/EventTarget.js:241:34)
      at 
node_modules/@testing-library/user-event/dist/cjs/event/dispatchEvent.js:45:43
      at Object.eventWrapper 
(node_modules/@testing-library/dom/dist/config.js:25:23)
      at Object.wrapEvent 
(node_modules/@testing-library/user-event/dist/cjs/event/wrapEvent.js:6:28)
      at Object.dispatchEvent (node_modules/@testing-library/user-event/dist/cj
s/event/dispatchEvent.js:45:22)
      at Object.dispatchUIEvent (node_modules/@testing-library/user-event/dist/
cjs/event/dispatchEvent.js:22:26)
      at Mouse.up (node_modules/@testing-library/user-event/dist/cjs/system/poi
nter/mouse.js:100:30)
      at PointerHost.release (node_modules/@testing-library/user-event/dist/cjs
/system/pointer/index.js:87:24)
      at pointerAction 
(node_modules/@testing-library/user-event/dist/cjs/pointer/index.js:54:47)
      at Object.pointer 
(node_modules/@testing-library/user-event/dist/cjs/pointer/index.js:27:9)
      at Object.<anonymous> 
(src/settings/__tests__/AccountDetailPage.test.tsx:211:9)

    console.error
      Warning: An update to AccountDetailPage inside a test was not wrapped in 
act(...).
      
      When testing, code that causes React state updates should be wrapped 
into act(...):
      
      act(() => {
        /* fire events that update state */
      });
      /* assert on the output */
      
      This ensures that you're testing the behavior the user would see in the 
browser. Learn more at https://reactjs.org/link/wrap-tests-with-act
          at AccountDetailPage (C:\Users\samhe\OneDrive\Desktop\Cleaned\fronten
d\src\settings\AccountDetailPage.tsx:76:29)
          at routeContext (C:\Users\samhe\OneDrive\Desktop\Cleaned\frontend\nod
e_modules\react-router\lib\hooks.tsx:658:26)
          at children (C:\Users\samhe\OneDrive\Desktop\Cleaned\frontend\node_mo
dules\react-router\lib\components.tsx:512:3)
          at basenameProp (C:\Users\samhe\OneDrive\Desktop\Cleaned\frontend\nod
e_modules\react-router\lib\components.tsx:421:13)
          at basename (C:\Users\samhe\OneDrive\Desktop\Cleaned\frontend\node_mo
dules\react-router\lib\components.tsx:225:3)

      337 |                                         className={`text-sm border 
border-gray-300 rounded px-2 py-1.5 bg-white focus:outline-none focus:ring-1 
focus:ring-blue-400 ${isOwn || saving ? 'opacity-50 cursor-not-allowed' : ''
      338 |                                             }`}
    > 339 |                                         onChange={e => 
setRole(e.target.value)}
          |                                                        ^
      340 |                                     >
      341 |                                         {EDITABLE_ROLES.map(opt => 
(
      342 |                                             <option 
key={opt.value} value={opt.value}>{opt.label}</option>

      at printWarning 
(node_modules/react-dom/cjs/react-dom.development.js:86:30)
      at error (node_modules/react-dom/cjs/react-dom.development.js:60:7)
      at warnIfUpdatesNotWrappedWithActDEV 
(node_modules/react-dom/cjs/react-dom.development.js:27628:9)
      at scheduleUpdateOnFiber 
(node_modules/react-dom/cjs/react-dom.development.js:25547:5)
      at dispatchSetState 
(node_modules/react-dom/cjs/react-dom.development.js:16708:7)
      at onChange (src/settings/AccountDetailPage.tsx:339:56)
      at HTMLUnknownElement.callCallback 
(node_modules/react-dom/cjs/react-dom.development.js:4164:14)
      at HTMLUnknownElement.callTheUserObjectsOperation 
(node_modules/jsdom/lib/jsdom/living/generated/EventListener.js:26:30)
      at innerInvokeEventListeners 
(node_modules/jsdom/lib/jsdom/living/events/EventTarget-impl.js:350:25)
      at invokeEventListeners 
(node_modules/jsdom/lib/jsdom/living/events/EventTarget-impl.js:286:3)
      at HTMLUnknownElementImpl._dispatch 
(node_modules/jsdom/lib/jsdom/living/events/EventTarget-impl.js:233:9)
      at HTMLUnknownElementImpl.dispatchEvent 
(node_modules/jsdom/lib/jsdom/living/events/EventTarget-impl.js:104:17)
      at HTMLUnknownElement.dispatchEvent 
(node_modules/jsdom/lib/jsdom/living/generated/EventTarget.js:241:34)
      at Object.invokeGuardedCallbackDev 
(node_modules/react-dom/cjs/react-dom.development.js:4213:16)
      at invokeGuardedCallback 
(node_modules/react-dom/cjs/react-dom.development.js:4277:31)
      at invokeGuardedCallbackAndCatchFirstError 
(node_modules/react-dom/cjs/react-dom.development.js:4291:25)
      at executeDispatch 
(node_modules/react-dom/cjs/react-dom.development.js:9041:3)
      at processDispatchQueueItemsInOrder 
(node_modules/react-dom/cjs/react-dom.development.js:9073:7)
      at processDispatchQueue 
(node_modules/react-dom/cjs/react-dom.development.js:9086:5)
      at dispatchEventsForPlugins 
(node_modules/react-dom/cjs/react-dom.development.js:9097:3)
      at node_modules/react-dom/cjs/react-dom.development.js:9288:12
      at batchedUpdates$1 
(node_modules/react-dom/cjs/react-dom.development.js:26179:12)
      at batchedUpdates 
(node_modules/react-dom/cjs/react-dom.development.js:3991:12)
      at dispatchEventForPluginEventSystem 
(node_modules/react-dom/cjs/react-dom.development.js:9287:3)
      at dispatchEventWithEnableCapturePhaseSelectiveHydrationWithoutDiscreteEv
entReplay (node_modules/react-dom/cjs/react-dom.development.js:6465:5)
      at dispatchEvent 
(node_modules/react-dom/cjs/react-dom.development.js:6457:5)
      at dispatchDiscreteEvent 
(node_modules/react-dom/cjs/react-dom.development.js:6430:5)
      at HTMLDivElement.callTheUserObjectsOperation 
(node_modules/jsdom/lib/jsdom/living/generated/EventListener.js:26:30)
      at innerInvokeEventListeners 
(node_modules/jsdom/lib/jsdom/living/events/EventTarget-impl.js:350:25)
      at invokeEventListeners 
(node_modules/jsdom/lib/jsdom/living/events/EventTarget-impl.js:286:3)
      at HTMLSelectElementImpl._dispatch 
(node_modules/jsdom/lib/jsdom/living/events/EventTarget-impl.js:233:9)
      at HTMLSelectElementImpl.dispatchEvent 
(node_modules/jsdom/lib/jsdom/living/events/EventTarget-impl.js:104:17)
      at Proxy.dispatchEvent 
(node_modules/jsdom/lib/jsdom/living/generated/EventTarget.js:241:34)
      at 
node_modules/@testing-library/user-event/dist/cjs/event/dispatchEvent.js:45:43
      at Object.eventWrapper 
(node_modules/@testing-library/dom/dist/config.js:25:23)
      at Object.wrapEvent 
(node_modules/@testing-library/user-event/dist/cjs/event/wrapEvent.js:6:28)
      at Object.dispatchEvent (node_modules/@testing-library/user-event/dist/cj
s/event/dispatchEvent.js:45:22)
      at Object.dispatchUIEvent (node_modules/@testing-library/user-event/dist/
cjs/event/dispatchEvent.js:22:26)
      at selectOption (node_modules/@testing-library/user-event/dist/cjs/utilit
y/selectOptions.js:51:14)
      at Object.selectOptionsBase (node_modules/@testing-library/user-event/dis
t/cjs/utility/selectOptions.js:87:13)
      at Object.<anonymous> 
(src/settings/__tests__/AccountDetailPage.test.tsx:389:9)

    console.error
      Warning: An update to AccountDetailPage inside a test was not wrapped in 
act(...).
      
      When testing, code that causes React state updates should be wrapped 
into act(...):
      
      act(() => {
        /* fire events that update state */
      });
      /* assert on the output */
      
      This ensures that you're testing the behavior the user would see in the 
browser. Learn more at https://reactjs.org/link/wrap-tests-with-act
          at AccountDetailPage (C:\Users\samhe\OneDrive\Desktop\Cleaned\fronten
d\src\settings\AccountDetailPage.tsx:76:29)
          at routeContext (C:\Users\samhe\OneDrive\Desktop\Cleaned\frontend\nod
e_modules\react-router\lib\hooks.tsx:658:26)
          at children (C:\Users\samhe\OneDrive\Desktop\Cleaned\frontend\node_mo
dules\react-router\lib\components.tsx:512:3)
          at basenameProp (C:\Users\samhe\OneDrive\Desktop\Cleaned\frontend\nod
e_modules\react-router\lib\components.tsx:421:13)
          at basename (C:\Users\samhe\OneDrive\Desktop\Cleaned\frontend\node_mo
dules\react-router\lib\components.tsx:225:3)

      279 |                                 type="text"
      280 |                                 value={fullName}
    > 281 |                                 onChange={e => 
setFullName(e.target.value)}
          |                                                ^
      282 |                                 disabled={isOwn || saving}
      283 |                                 className="text-sm border 
border-gray-300 rounded px-2 py-1.5 focus:outline-none focus:ring-1 
focus:ring-blue-400 disabled:opacity-50"
      284 |                             />

      at printWarning 
(node_modules/react-dom/cjs/react-dom.development.js:86:30)
      at error (node_modules/react-dom/cjs/react-dom.development.js:60:7)
      at warnIfUpdatesNotWrappedWithActDEV 
(node_modules/react-dom/cjs/react-dom.development.js:27628:9)
      at scheduleUpdateOnFiber 
(node_modules/react-dom/cjs/react-dom.development.js:25547:5)
      at dispatchSetState 
(node_modules/react-dom/cjs/react-dom.development.js:16708:7)
      at onChange (src/settings/AccountDetailPage.tsx:281:48)
      at HTMLUnknownElement.callCallback 
(node_modules/react-dom/cjs/react-dom.development.js:4164:14)
      at HTMLUnknownElement.callTheUserObjectsOperation 
(node_modules/jsdom/lib/jsdom/living/generated/EventListener.js:26:30)
      at innerInvokeEventListeners 
(node_modules/jsdom/lib/jsdom/living/events/EventTarget-impl.js:350:25)
      at invokeEventListeners 
(node_modules/jsdom/lib/jsdom/living/events/EventTarget-impl.js:286:3)
      at HTMLUnknownElementImpl._dispatch 
(node_modules/jsdom/lib/jsdom/living/events/EventTarget-impl.js:233:9)
      at HTMLUnknownElementImpl.dispatchEvent 
(node_modules/jsdom/lib/jsdom/living/events/EventTarget-impl.js:104:17)
      at HTMLUnknownElement.dispatchEvent 
(node_modules/jsdom/lib/jsdom/living/generated/EventTarget.js:241:34)
      at Object.invokeGuardedCallbackDev 
(node_modules/react-dom/cjs/react-dom.development.js:4213:16)
      at invokeGuardedCallback 
(node_modules/react-dom/cjs/react-dom.development.js:4277:31)
      at invokeGuardedCallbackAndCatchFirstError 
(node_modules/react-dom/cjs/react-dom.development.js:4291:25)
      at executeDispatch 
(node_modules/react-dom/cjs/react-dom.development.js:9041:3)
      at processDispatchQueueItemsInOrder 
(node_modules/react-dom/cjs/react-dom.development.js:9073:7)
      at processDispatchQueue 
(node_modules/react-dom/cjs/react-dom.development.js:9086:5)
      at dispatchEventsForPlugins 
(node_modules/react-dom/cjs/react-dom.development.js:9097:3)
      at node_modules/react-dom/cjs/react-dom.development.js:9288:12
      at batchedUpdates$1 
(node_modules/react-dom/cjs/react-dom.development.js:26179:12)
      at batchedUpdates 
(node_modules/react-dom/cjs/react-dom.development.js:3991:12)
      at dispatchEventForPluginEventSystem 
(node_modules/react-dom/cjs/react-dom.development.js:9287:3)
      at dispatchEventWithEnableCapturePhaseSelectiveHydrationWithoutDiscreteEv
entReplay (node_modules/react-dom/cjs/react-dom.development.js:6465:5)
      at dispatchEvent 
(node_modules/react-dom/cjs/react-dom.development.js:6457:5)
      at dispatchDiscreteEvent 
(node_modules/react-dom/cjs/react-dom.development.js:6430:5)
      at HTMLDivElement.callTheUserObjectsOperation 
(node_modules/jsdom/lib/jsdom/living/generated/EventListener.js:26:30)
      at innerInvokeEventListeners 
(node_modules/jsdom/lib/jsdom/living/events/EventTarget-impl.js:350:25)
      at invokeEventListeners 
(node_modules/jsdom/lib/jsdom/living/events/EventTarget-impl.js:286:3)
      at HTMLInputElementImpl._dispatch 
(node_modules/jsdom/lib/jsdom/living/events/EventTarget-impl.js:233:9)
      at HTMLInputElementImpl.dispatchEvent 
(node_modules/jsdom/lib/jsdom/living/events/EventTarget-impl.js:104:17)
      at HTMLInputElement.dispatchEvent 
(node_modules/jsdom/lib/jsdom/living/generated/EventTarget.js:241:34)
      at 
node_modules/@testing-library/user-event/dist/cjs/event/dispatchEvent.js:45:43
      at Object.eventWrapper 
(node_modules/@testing-library/dom/dist/config.js:25:23)
      at Object.wrapEvent 
(node_modules/@testing-library/user-event/dist/cjs/event/wrapEvent.js:6:28)
      at Object.dispatchEvent (node_modules/@testing-library/user-event/dist/cj
s/event/dispatchEvent.js:45:22)
      at Object.dispatchUIEvent (node_modules/@testing-library/user-event/dist/
cjs/event/dispatchEvent.js:22:26)
      at commitInput 
(node_modules/@testing-library/user-event/dist/cjs/event/input.js:145:14)
      at editInputElement 
(node_modules/@testing-library/user-event/dist/cjs/event/input.js:115:9)
      at Object.input 
(node_modules/@testing-library/user-event/dist/cjs/event/input.js:37:9)
      at Object.clear 
(node_modules/@testing-library/user-event/dist/cjs/utility/clear.js:29:11)
      at node_modules/@testing-library/user-event/dist/cjs/setup/setup.js:85:45
      at Object.asyncWrapper 
(node_modules/@testing-library/dom/dist/config.js:23:23)
      at Object.wrapAsync 
(node_modules/@testing-library/user-event/dist/cjs/setup/wrapAsync.js:8:28)
      at Object.method [as clear] 
(node_modules/@testing-library/user-event/dist/cjs/setup/setup.js:85:26)
      at Object.clear 
(node_modules/@testing-library/user-event/dist/cjs/setup/directApi.js:6:36)
      at Object.<anonymous> 
(src/settings/__tests__/AccountDetailPage.test.tsx:457:25)

    console.error
      Warning: An update to AccountDetailPage inside a test was not wrapped in 
act(...).
      
      When testing, code that causes React state updates should be wrapped 
into act(...):
      
      act(() => {
        /* fire events that update state */
      });
      /* assert on the output */
      
      This ensures that you're testing the behavior the user would see in the 
browser. Learn more at https://reactjs.org/link/wrap-tests-with-act
          at AccountDetailPage (C:\Users\samhe\OneDrive\Desktop\Cleaned\fronten
d\src\settings\AccountDetailPage.tsx:76:29)
          at routeContext (C:\Users\samhe\OneDrive\Desktop\Cleaned\frontend\nod
e_modules\react-router\lib\hooks.tsx:658:26)
          at children (C:\Users\samhe\OneDrive\Desktop\Cleaned\frontend\node_mo
dules\react-router\lib\components.tsx:512:3)
          at basenameProp (C:\Users\samhe\OneDrive\Desktop\Cleaned\frontend\nod
e_modules\react-router\lib\components.tsx:421:13)
          at basename (C:\Users\samhe\OneDrive\Desktop\Cleaned\frontend\node_mo
dules\react-router\lib\components.tsx:225:3)

      279 |                                 type="text"
      280 |                                 value={fullName}
    > 281 |                                 onChange={e => 
setFullName(e.target.value)}
          |                                                ^
      282 |                                 disabled={isOwn || saving}
      283 |                                 className="text-sm border 
border-gray-300 rounded px-2 py-1.5 focus:outline-none focus:ring-1 
focus:ring-blue-400 disabled:opacity-50"
      284 |                             />

      at printWarning 
(node_modules/react-dom/cjs/react-dom.development.js:86:30)
      at error (node_modules/react-dom/cjs/react-dom.development.js:60:7)
      at warnIfUpdatesNotWrappedWithActDEV 
(node_modules/react-dom/cjs/react-dom.development.js:27628:9)
      at scheduleUpdateOnFiber 
(node_modules/react-dom/cjs/react-dom.development.js:25547:5)
      at dispatchSetState 
(node_modules/react-dom/cjs/react-dom.development.js:16708:7)
      at onChange (src/settings/AccountDetailPage.tsx:281:48)
      at HTMLUnknownElement.callCallback 
(node_modules/react-dom/cjs/react-dom.development.js:4164:14)
      at HTMLUnknownElement.callTheUserObjectsOperation 
(node_modules/jsdom/lib/jsdom/living/generated/EventListener.js:26:30)
      at innerInvokeEventListeners 
(node_modules/jsdom/lib/jsdom/living/events/EventTarget-impl.js:350:25)
      at invokeEventListeners 
(node_modules/jsdom/lib/jsdom/living/events/EventTarget-impl.js:286:3)
      at HTMLUnknownElementImpl._dispatch 
(node_modules/jsdom/lib/jsdom/living/events/EventTarget-impl.js:233:9)
      at HTMLUnknownElementImpl.dispatchEvent 
(node_modules/jsdom/lib/jsdom/living/events/EventTarget-impl.js:104:17)
      at HTMLUnknownElement.dispatchEvent 
(node_modules/jsdom/lib/jsdom/living/generated/EventTarget.js:241:34)
      at Object.invokeGuardedCallbackDev 
(node_modules/react-dom/cjs/react-dom.development.js:4213:16)
      at invokeGuardedCallback 
(node_modules/react-dom/cjs/react-dom.development.js:4277:31)
      at invokeGuardedCallbackAndCatchFirstError 
(node_modules/react-dom/cjs/react-dom.development.js:4291:25)
      at executeDispatch 
(node_modules/react-dom/cjs/react-dom.development.js:9041:3)
      at processDispatchQueueItemsInOrder 
(node_modules/react-dom/cjs/react-dom.development.js:9073:7)
      at processDispatchQueue 
(node_modules/react-dom/cjs/react-dom.development.js:9086:5)
      at dispatchEventsForPlugins 
(node_modules/react-dom/cjs/react-dom.development.js:9097:3)
      at node_modules/react-dom/cjs/react-dom.development.js:9288:12
      at batchedUpdates$1 
(node_modules/react-dom/cjs/react-dom.development.js:26179:12)
      at batchedUpdates 
(node_modules/react-dom/cjs/react-dom.development.js:3991:12)
      at dispatchEventForPluginEventSystem 
(node_modules/react-dom/cjs/react-dom.development.js:9287:3)
      at dispatchEventWithEnableCapturePhaseSelectiveHydrationWithoutDiscreteEv
entReplay (node_modules/react-dom/cjs/react-dom.development.js:6465:5)
      at dispatchEvent 
(node_modules/react-dom/cjs/react-dom.development.js:6457:5)
      at dispatchDiscreteEvent 
(node_modules/react-dom/cjs/react-dom.development.js:6430:5)
      at HTMLDivElement.callTheUserObjectsOperation 
(node_modules/jsdom/lib/jsdom/living/generated/EventListener.js:26:30)
      at innerInvokeEventListeners 
(node_modules/jsdom/lib/jsdom/living/events/EventTarget-impl.js:350:25)
      at invokeEventListeners 
(node_modules/jsdom/lib/jsdom/living/events/EventTarget-impl.js:286:3)
      at HTMLInputElementImpl._dispatch 
(node_modules/jsdom/lib/jsdom/living/events/EventTarget-impl.js:233:9)
      at HTMLInputElementImpl.dispatchEvent 
(node_modules/jsdom/lib/jsdom/living/events/EventTarget-impl.js:104:17)
      at HTMLInputElement.dispatchEvent 
(node_modules/jsdom/lib/jsdom/living/generated/EventTarget.js:241:34)
      at 
node_modules/@testing-library/user-event/dist/cjs/event/dispatchEvent.js:45:43
      at Object.eventWrapper 
(node_modules/@testing-library/dom/dist/config.js:25:23)
      at Object.wrapEvent 
(node_modules/@testing-library/user-event/dist/cjs/event/wrapEvent.js:6:28)
      at Object.dispatchEvent (node_modules/@testing-library/user-event/dist/cj
s/event/dispatchEvent.js:45:22)
      at Object.dispatchUIEvent (node_modules/@testing-library/user-event/dist/
cjs/event/dispatchEvent.js:22:26)
      at commitInput 
(node_modules/@testing-library/user-event/dist/cjs/event/input.js:145:14)
      at editInputElement 
(node_modules/@testing-library/user-event/dist/cjs/event/input.js:115:9)
      at Object.input 
(node_modules/@testing-library/user-event/dist/cjs/event/input.js:37:9)
      at node_modules/@testing-library/user-event/dist/cjs/event/behavior/keypr
ess.js:31:26
      at Object.dispatchEvent (node_modules/@testing-library/user-event/dist/cj
s/event/dispatchEvent.js:41:13)
      at Object.dispatchUIEvent (node_modules/@testing-library/user-event/dist/
cjs/event/dispatchEvent.js:22:26)
      at KeyboardHost.keydown 
(node_modules/@testing-library/user-event/dist/cjs/system/keyboard.js:76:22)
      at keyboardAction 
(node_modules/@testing-library/user-event/dist/cjs/keyboard/index.js:22:35)
      at Object.keyboard 
(node_modules/@testing-library/user-event/dist/cjs/keyboard/index.js:11:15)
      at Object.type 
(node_modules/@testing-library/user-event/dist/cjs/utility/type.js:17:5)
      at Object.<anonymous> 
(src/settings/__tests__/AccountDetailPage.test.tsx:458:9)

    console.error
      Warning: An update to AccountDetailPage inside a test was not wrapped in 
act(...).
      
      When testing, code that causes React state updates should be wrapped 
into act(...):
      
      act(() => {
        /* fire events that update state */
      });
      /* assert on the output */
      
      This ensures that you're testing the behavior the user would see in the 
browser. Learn more at https://reactjs.org/link/wrap-tests-with-act
          at AccountDetailPage (C:\Users\samhe\OneDrive\Desktop\Cleaned\fronten
d\src\settings\AccountDetailPage.tsx:76:29)
          at routeContext (C:\Users\samhe\OneDrive\Desktop\Cleaned\frontend\nod
e_modules\react-router\lib\hooks.tsx:658:26)
          at children (C:\Users\samhe\OneDrive\Desktop\Cleaned\frontend\node_mo
dules\react-router\lib\components.tsx:512:3)
          at basenameProp (C:\Users\samhe\OneDrive\Desktop\Cleaned\frontend\nod
e_modules\react-router\lib\components.tsx:421:13)
          at basename (C:\Users\samhe\OneDrive\Desktop\Cleaned\frontend\node_mo
dules\react-router\lib\components.tsx:225:3)

      279 |                                 type="text"
      280 |                                 value={fullName}
    > 281 |                                 onChange={e => 
setFullName(e.target.value)}
          |                                                ^
      282 |                                 disabled={isOwn || saving}
      283 |                                 className="text-sm border 
border-gray-300 rounded px-2 py-1.5 focus:outline-none focus:ring-1 
focus:ring-blue-400 disabled:opacity-50"
      284 |                             />

      at printWarning 
(node_modules/react-dom/cjs/react-dom.development.js:86:30)
      at error (node_modules/react-dom/cjs/react-dom.development.js:60:7)
      at warnIfUpdatesNotWrappedWithActDEV 
(node_modules/react-dom/cjs/react-dom.development.js:27628:9)
      at scheduleUpdateOnFiber 
(node_modules/react-dom/cjs/react-dom.development.js:25547:5)
      at dispatchSetState 
(node_modules/react-dom/cjs/react-dom.development.js:16708:7)
      at onChange (src/settings/AccountDetailPage.tsx:281:48)
      at HTMLUnknownElement.callCallback 
(node_modules/react-dom/cjs/react-dom.development.js:4164:14)
      at HTMLUnknownElement.callTheUserObjectsOperation 
(node_modules/jsdom/lib/jsdom/living/generated/EventListener.js:26:30)
      at innerInvokeEventListeners 
(node_modules/jsdom/lib/jsdom/living/events/EventTarget-impl.js:350:25)
      at invokeEventListeners 
(node_modules/jsdom/lib/jsdom/living/events/EventTarget-impl.js:286:3)
      at HTMLUnknownElementImpl._dispatch 
(node_modules/jsdom/lib/jsdom/living/events/EventTarget-impl.js:233:9)
      at HTMLUnknownElementImpl.dispatchEvent 
(node_modules/jsdom/lib/jsdom/living/events/EventTarget-impl.js:104:17)
      at HTMLUnknownElement.dispatchEvent 
(node_modules/jsdom/lib/jsdom/living/generated/EventTarget.js:241:34)
      at Object.invokeGuardedCallbackDev 
(node_modules/react-dom/cjs/react-dom.development.js:4213:16)
      at invokeGuardedCallback 
(node_modules/react-dom/cjs/react-dom.development.js:4277:31)
      at invokeGuardedCallbackAndCatchFirstError 
(node_modules/react-dom/cjs/react-dom.development.js:4291:25)
      at executeDispatch 
(node_modules/react-dom/cjs/react-dom.development.js:9041:3)
      at processDispatchQueueItemsInOrder 
(node_modules/react-dom/cjs/react-dom.development.js:9073:7)
      at processDispatchQueue 
(node_modules/react-dom/cjs/react-dom.development.js:9086:5)
      at dispatchEventsForPlugins 
(node_modules/react-dom/cjs/react-dom.development.js:9097:3)
      at node_modules/react-dom/cjs/react-dom.development.js:9288:12
      at batchedUpdates$1 
(node_modules/react-dom/cjs/react-dom.development.js:26179:12)
      at batchedUpdates 
(node_modules/react-dom/cjs/react-dom.development.js:3991:12)
      at dispatchEventForPluginEventSystem 
(node_modules/react-dom/cjs/react-dom.development.js:9287:3)
      at dispatchEventWithEnableCapturePhaseSelectiveHydrationWithoutDiscreteEv
entReplay (node_modules/react-dom/cjs/react-dom.development.js:6465:5)
      at dispatchEvent 
(node_modules/react-dom/cjs/react-dom.development.js:6457:5)
      at dispatchDiscreteEvent 
(node_modules/react-dom/cjs/react-dom.development.js:6430:5)
      at HTMLDivElement.callTheUserObjectsOperation 
(node_modules/jsdom/lib/jsdom/living/generated/EventListener.js:26:30)
      at innerInvokeEventListeners 
(node_modules/jsdom/lib/jsdom/living/events/EventTarget-impl.js:350:25)
      at invokeEventListeners 
(node_modules/jsdom/lib/jsdom/living/events/EventTarget-impl.js:286:3)
      at HTMLInputElementImpl._dispatch 
(node_modules/jsdom/lib/jsdom/living/events/EventTarget-impl.js:233:9)
      at HTMLInputElementImpl.dispatchEvent 
(node_modules/jsdom/lib/jsdom/living/events/EventTarget-impl.js:104:17)
      at HTMLInputElement.dispatchEvent 
(node_modules/jsdom/lib/jsdom/living/generated/EventTarget.js:241:34)
      at 
node_modules/@testing-library/user-event/dist/cjs/event/dispatchEvent.js:45:43
      at Object.eventWrapper 
(node_modules/@testing-library/dom/dist/config.js:25:23)
      at Object.wrapEvent 
(node_modules/@testing-library/user-event/dist/cjs/event/wrapEvent.js:6:28)
      at Object.dispatchEvent (node_modules/@testing-library/user-event/dist/cj
s/event/dispatchEvent.js:45:22)
      at Object.dispatchUIEvent (node_modules/@testing-library/user-event/dist/
cjs/event/dispatchEvent.js:22:26)
      at commitInput 
(node_modules/@testing-library/user-event/dist/cjs/event/input.js:145:14)
      at editInputElement 
(node_modules/@testing-library/user-event/dist/cjs/event/input.js:115:9)
      at Object.input 
(node_modules/@testing-library/user-event/dist/cjs/event/input.js:37:9)
      at node_modules/@testing-library/user-event/dist/cjs/event/behavior/keypr
ess.js:31:26
      at Object.dispatchEvent (node_modules/@testing-library/user-event/dist/cj
s/event/dispatchEvent.js:41:13)
      at Object.dispatchUIEvent (node_modules/@testing-library/user-event/dist/
cjs/event/dispatchEvent.js:22:26)
      at KeyboardHost.keydown 
(node_modules/@testing-library/user-event/dist/cjs/system/keyboard.js:76:22)
      at keyboardAction 
(node_modules/@testing-library/user-event/dist/cjs/keyboard/index.js:22:35)
      at Object.keyboard 
(node_modules/@testing-library/user-event/dist/cjs/keyboard/index.js:11:15)
      at Object.type 
(node_modules/@testing-library/user-event/dist/cjs/utility/type.js:17:5)
      at Object.<anonymous> 
(src/settings/__tests__/AccountDetailPage.test.tsx:458:9)

    console.error
      Warning: An update to AccountDetailPage inside a test was not wrapped in 
act(...).
      
      When testing, code that causes React state updates should be wrapped 
into act(...):
      
      act(() => {
        /* fire events that update state */
      });
      /* assert on the output */
      
      This ensures that you're testing the behavior the user would see in the 
browser. Learn more at https://reactjs.org/link/wrap-tests-with-act
          at AccountDetailPage (C:\Users\samhe\OneDrive\Desktop\Cleaned\fronten
d\src\settings\AccountDetailPage.tsx:76:29)
          at routeContext (C:\Users\samhe\OneDrive\Desktop\Cleaned\frontend\nod
e_modules\react-router\lib\hooks.tsx:658:26)
          at children (C:\Users\samhe\OneDrive\Desktop\Cleaned\frontend\node_mo
dules\react-router\lib\components.tsx:512:3)
          at basenameProp (C:\Users\samhe\OneDrive\Desktop\Cleaned\frontend\nod
e_modules\react-router\lib\components.tsx:421:13)
          at basename (C:\Users\samhe\OneDrive\Desktop\Cleaned\frontend\node_mo
dules\react-router\lib\components.tsx:225:3)

      279 |                                 type="text"
      280 |                                 value={fullName}
    > 281 |                                 onChange={e => 
setFullName(e.target.value)}
          |                                                ^
      282 |                                 disabled={isOwn || saving}
      283 |                                 className="text-sm border 
border-gray-300 rounded px-2 py-1.5 focus:outline-none focus:ring-1 
focus:ring-blue-400 disabled:opacity-50"
      284 |                             />

      at printWarning 
(node_modules/react-dom/cjs/react-dom.development.js:86:30)
      at error (node_modules/react-dom/cjs/react-dom.development.js:60:7)
      at warnIfUpdatesNotWrappedWithActDEV 
(node_modules/react-dom/cjs/react-dom.development.js:27628:9)
      at scheduleUpdateOnFiber 
(node_modules/react-dom/cjs/react-dom.development.js:25547:5)
      at dispatchSetState 
(node_modules/react-dom/cjs/react-dom.development.js:16708:7)
      at onChange (src/settings/AccountDetailPage.tsx:281:48)
      at HTMLUnknownElement.callCallback 
(node_modules/react-dom/cjs/react-dom.development.js:4164:14)
      at HTMLUnknownElement.callTheUserObjectsOperation 
(node_modules/jsdom/lib/jsdom/living/generated/EventListener.js:26:30)
      at innerInvokeEventListeners 
(node_modules/jsdom/lib/jsdom/living/events/EventTarget-impl.js:350:25)
      at invokeEventListeners 
(node_modules/jsdom/lib/jsdom/living/events/EventTarget-impl.js:286:3)
      at HTMLUnknownElementImpl._dispatch 
(node_modules/jsdom/lib/jsdom/living/events/EventTarget-impl.js:233:9)
      at HTMLUnknownElementImpl.dispatchEvent 
(node_modules/jsdom/lib/jsdom/living/events/EventTarget-impl.js:104:17)
      at HTMLUnknownElement.dispatchEvent 
(node_modules/jsdom/lib/jsdom/living/generated/EventTarget.js:241:34)
      at Object.invokeGuardedCallbackDev 
(node_modules/react-dom/cjs/react-dom.development.js:4213:16)
      at invokeGuardedCallback 
(node_modules/react-dom/cjs/react-dom.development.js:4277:31)
      at invokeGuardedCallbackAndCatchFirstError 
(node_modules/react-dom/cjs/react-dom.development.js:4291:25)
      at executeDispatch 
(node_modules/react-dom/cjs/react-dom.development.js:9041:3)
      at processDispatchQueueItemsInOrder 
(node_modules/react-dom/cjs/react-dom.development.js:9073:7)
      at processDispatchQueue 
(node_modules/react-dom/cjs/react-dom.development.js:9086:5)
      at dispatchEventsForPlugins 
(node_modules/react-dom/cjs/react-dom.development.js:9097:3)
      at node_modules/react-dom/cjs/react-dom.development.js:9288:12
      at batchedUpdates$1 
(node_modules/react-dom/cjs/react-dom.development.js:26179:12)
      at batchedUpdates 
(node_modules/react-dom/cjs/react-dom.development.js:3991:12)
      at dispatchEventForPluginEventSystem 
(node_modules/react-dom/cjs/react-dom.development.js:9287:3)
      at dispatchEventWithEnableCapturePhaseSelectiveHydrationWithoutDiscreteEv
entReplay (node_modules/react-dom/cjs/react-dom.development.js:6465:5)
      at dispatchEvent 
(node_modules/react-dom/cjs/react-dom.development.js:6457:5)
      at dispatchDiscreteEvent 
(node_modules/react-dom/cjs/react-dom.development.js:6430:5)
      at HTMLDivElement.callTheUserObjectsOperation 
(node_modules/jsdom/lib/jsdom/living/generated/EventListener.js:26:30)
      at innerInvokeEventListeners 
(node_modules/jsdom/lib/jsdom/living/events/EventTarget-impl.js:350:25)
      at invokeEventListeners 
(node_modules/jsdom/lib/jsdom/living/events/EventTarget-impl.js:286:3)
      at HTMLInputElementImpl._dispatch 
(node_modules/jsdom/lib/jsdom/living/events/EventTarget-impl.js:233:9)
      at HTMLInputElementImpl.dispatchEvent 
(node_modules/jsdom/lib/jsdom/living/events/EventTarget-impl.js:104:17)
      at HTMLInputElement.dispatchEvent 
(node_modules/jsdom/lib/jsdom/living/generated/EventTarget.js:241:34)
      at 
node_modules/@testing-library/user-event/dist/cjs/event/dispatchEvent.js:45:43
      at Object.eventWrapper 
(node_modules/@testing-library/dom/dist/config.js:25:23)
      at Object.wrapEvent 
(node_modules/@testing-library/user-event/dist/cjs/event/wrapEvent.js:6:28)
      at Object.dispatchEvent (node_modules/@testing-library/user-event/dist/cj
s/event/dispatchEvent.js:45:22)
      at Object.dispatchUIEvent (node_modules/@testing-library/user-event/dist/
cjs/event/dispatchEvent.js:22:26)
      at commitInput 
(node_modules/@testing-library/user-event/dist/cjs/event/input.js:145:14)
      at editInputElement 
(node_modules/@testing-library/user-event/dist/cjs/event/input.js:115:9)
      at Object.input 
(node_modules/@testing-library/user-event/dist/cjs/event/input.js:37:9)
      at node_modules/@testing-library/user-event/dist/cjs/event/behavior/keypr
ess.js:31:26
      at Object.dispatchEvent (node_modules/@testing-library/user-event/dist/cj
s/event/dispatchEvent.js:41:13)
      at Object.dispatchUIEvent (node_modules/@testing-library/user-event/dist/
cjs/event/dispatchEvent.js:22:26)
      at KeyboardHost.keydown 
(node_modules/@testing-library/user-event/dist/cjs/system/keyboard.js:76:22)
      at keyboardAction 
(node_modules/@testing-library/user-event/dist/cjs/keyboard/index.js:22:35)
      at Object.keyboard 
(node_modules/@testing-library/user-event/dist/cjs/keyboard/index.js:11:15)
      at Object.type 
(node_modules/@testing-library/user-event/dist/cjs/utility/type.js:17:5)
      at Object.<anonymous> 
(src/settings/__tests__/AccountDetailPage.test.tsx:458:9)

    console.error
      Warning: An update to AccountDetailPage inside a test was not wrapped in 
act(...).
      
      When testing, code that causes React state updates should be wrapped 
into act(...):
      
      act(() => {
        /* fire events that update state */
      });
      /* assert on the output */
      
      This ensures that you're testing the behavior the user would see in the 
browser. Learn more at https://reactjs.org/link/wrap-tests-with-act
          at AccountDetailPage (C:\Users\samhe\OneDrive\Desktop\Cleaned\fronten
d\src\settings\AccountDetailPage.tsx:76:29)
          at routeContext (C:\Users\samhe\OneDrive\Desktop\Cleaned\frontend\nod
e_modules\react-router\lib\hooks.tsx:658:26)
          at children (C:\Users\samhe\OneDrive\Desktop\Cleaned\frontend\node_mo
dules\react-router\lib\components.tsx:512:3)
          at basenameProp (C:\Users\samhe\OneDrive\Desktop\Cleaned\frontend\nod
e_modules\react-router\lib\components.tsx:421:13)
          at basename (C:\Users\samhe\OneDrive\Desktop\Cleaned\frontend\node_mo
dules\react-router\lib\components.tsx:225:3)

      279 |                                 type="text"
      280 |                                 value={fullName}
    > 281 |                                 onChange={e => 
setFullName(e.target.value)}
          |                                                ^
      282 |                                 disabled={isOwn || saving}
      283 |                                 className="text-sm border 
border-gray-300 rounded px-2 py-1.5 focus:outline-none focus:ring-1 
focus:ring-blue-400 disabled:opacity-50"
      284 |                             />

      at printWarning 
(node_modules/react-dom/cjs/react-dom.development.js:86:30)
      at error (node_modules/react-dom/cjs/react-dom.development.js:60:7)
      at warnIfUpdatesNotWrappedWithActDEV 
(node_modules/react-dom/cjs/react-dom.development.js:27628:9)
      at scheduleUpdateOnFiber 
(node_modules/react-dom/cjs/react-dom.development.js:25547:5)
      at dispatchSetState 
(node_modules/react-dom/cjs/react-dom.development.js:16708:7)
      at onChange (src/settings/AccountDetailPage.tsx:281:48)
      at HTMLUnknownElement.callCallback 
(node_modules/react-dom/cjs/react-dom.development.js:4164:14)
      at HTMLUnknownElement.callTheUserObjectsOperation 
(node_modules/jsdom/lib/jsdom/living/generated/EventListener.js:26:30)
      at innerInvokeEventListeners 
(node_modules/jsdom/lib/jsdom/living/events/EventTarget-impl.js:350:25)
      at invokeEventListeners 
(node_modules/jsdom/lib/jsdom/living/events/EventTarget-impl.js:286:3)
      at HTMLUnknownElementImpl._dispatch 
(node_modules/jsdom/lib/jsdom/living/events/EventTarget-impl.js:233:9)
      at HTMLUnknownElementImpl.dispatchEvent 
(node_modules/jsdom/lib/jsdom/living/events/EventTarget-impl.js:104:17)
      at HTMLUnknownElement.dispatchEvent 
(node_modules/jsdom/lib/jsdom/living/generated/EventTarget.js:241:34)
      at Object.invokeGuardedCallbackDev 
(node_modules/react-dom/cjs/react-dom.development.js:4213:16)
      at invokeGuardedCallback 
(node_modules/react-dom/cjs/react-dom.development.js:4277:31)
      at invokeGuardedCallbackAndCatchFirstError 
(node_modules/react-dom/cjs/react-dom.development.js:4291:25)
      at executeDispatch 
(node_modules/react-dom/cjs/react-dom.development.js:9041:3)
      at processDispatchQueueItemsInOrder 
(node_modules/react-dom/cjs/react-dom.development.js:9073:7)
      at processDispatchQueue 
(node_modules/react-dom/cjs/react-dom.development.js:9086:5)
      at dispatchEventsForPlugins 
(node_modules/react-dom/cjs/react-dom.development.js:9097:3)
      at node_modules/react-dom/cjs/react-dom.development.js:9288:12
      at batchedUpdates$1 
(node_modules/react-dom/cjs/react-dom.development.js:26179:12)
      at batchedUpdates 
(node_modules/react-dom/cjs/react-dom.development.js:3991:12)
      at dispatchEventForPluginEventSystem 
(node_modules/react-dom/cjs/react-dom.development.js:9287:3)
      at dispatchEventWithEnableCapturePhaseSelectiveHydrationWithoutDiscreteEv
entReplay (node_modules/react-dom/cjs/react-dom.development.js:6465:5)
      at dispatchEvent 
(node_modules/react-dom/cjs/react-dom.development.js:6457:5)
      at dispatchDiscreteEvent 
(node_modules/react-dom/cjs/react-dom.development.js:6430:5)
      at HTMLDivElement.callTheUserObjectsOperation 
(node_modules/jsdom/lib/jsdom/living/generated/EventListener.js:26:30)
      at innerInvokeEventListeners 
(node_modules/jsdom/lib/jsdom/living/events/EventTarget-impl.js:350:25)
      at invokeEventListeners 
(node_modules/jsdom/lib/jsdom/living/events/EventTarget-impl.js:286:3)
      at HTMLInputElementImpl._dispatch 
(node_modules/jsdom/lib/jsdom/living/events/EventTarget-impl.js:233:9)
      at HTMLInputElementImpl.dispatchEvent 
(node_modules/jsdom/lib/jsdom/living/events/EventTarget-impl.js:104:17)
      at HTMLInputElement.dispatchEvent 
(node_modules/jsdom/lib/jsdom/living/generated/EventTarget.js:241:34)
      at 
node_modules/@testing-library/user-event/dist/cjs/event/dispatchEvent.js:45:43
      at Object.eventWrapper 
(node_modules/@testing-library/dom/dist/config.js:25:23)
      at Object.wrapEvent 
(node_modules/@testing-library/user-event/dist/cjs/event/wrapEvent.js:6:28)
      at Object.dispatchEvent (node_modules/@testing-library/user-event/dist/cj
s/event/dispatchEvent.js:45:22)
      at Object.dispatchUIEvent (node_modules/@testing-library/user-event/dist/
cjs/event/dispatchEvent.js:22:26)
      at commitInput 
(node_modules/@testing-library/user-event/dist/cjs/event/input.js:145:14)
      at editInputElement 
(node_modules/@testing-library/user-event/dist/cjs/event/input.js:115:9)
      at Object.input 
(node_modules/@testing-library/user-event/dist/cjs/event/input.js:37:9)
      at node_modules/@testing-library/user-event/dist/cjs/event/behavior/keypr
ess.js:31:26
      at Object.dispatchEvent (node_modules/@testing-library/user-event/dist/cj
s/event/dispatchEvent.js:41:13)
      at Object.dispatchUIEvent (node_modules/@testing-library/user-event/dist/
cjs/event/dispatchEvent.js:22:26)
      at KeyboardHost.keydown 
(node_modules/@testing-library/user-event/dist/cjs/system/keyboard.js:76:22)
      at keyboardAction 
(node_modules/@testing-library/user-event/dist/cjs/keyboard/index.js:22:35)
      at Object.keyboard 
(node_modules/@testing-library/user-event/dist/cjs/keyboard/index.js:11:15)
      at Object.type 
(node_modules/@testing-library/user-event/dist/cjs/utility/type.js:17:5)
      at Object.<anonymous> 
(src/settings/__tests__/AccountDetailPage.test.tsx:458:9)

    console.error
      Warning: An update to AccountDetailPage inside a test was not wrapped in 
act(...).
      
      When testing, code that causes React state updates should be wrapped 
into act(...):
      
      act(() => {
        /* fire events that update state */
      });
      /* assert on the output */
      
      This ensures that you're testing the behavior the user would see in the 
browser. Learn more at https://reactjs.org/link/wrap-tests-with-act
          at AccountDetailPage (C:\Users\samhe\OneDrive\Desktop\Cleaned\fronten
d\src\settings\AccountDetailPage.tsx:76:29)
          at routeContext (C:\Users\samhe\OneDrive\Desktop\Cleaned\frontend\nod
e_modules\react-router\lib\hooks.tsx:658:26)
          at children (C:\Users\samhe\OneDrive\Desktop\Cleaned\frontend\node_mo
dules\react-router\lib\components.tsx:512:3)
          at basenameProp (C:\Users\samhe\OneDrive\Desktop\Cleaned\frontend\nod
e_modules\react-router\lib\components.tsx:421:13)
          at basename (C:\Users\samhe\OneDrive\Desktop\Cleaned\frontend\node_mo
dules\react-router\lib\components.tsx:225:3)

      279 |                                 type="text"
      280 |                                 value={fullName}
    > 281 |                                 onChange={e => 
setFullName(e.target.value)}
          |                                                ^
      282 |                                 disabled={isOwn || saving}
      283 |                                 className="text-sm border 
border-gray-300 rounded px-2 py-1.5 focus:outline-none focus:ring-1 
focus:ring-blue-400 disabled:opacity-50"
      284 |                             />

      at printWarning 
(node_modules/react-dom/cjs/react-dom.development.js:86:30)
      at error (node_modules/react-dom/cjs/react-dom.development.js:60:7)
      at warnIfUpdatesNotWrappedWithActDEV 
(node_modules/react-dom/cjs/react-dom.development.js:27628:9)
      at scheduleUpdateOnFiber 
(node_modules/react-dom/cjs/react-dom.development.js:25547:5)
      at dispatchSetState 
(node_modules/react-dom/cjs/react-dom.development.js:16708:7)
      at onChange (src/settings/AccountDetailPage.tsx:281:48)
      at HTMLUnknownElement.callCallback 
(node_modules/react-dom/cjs/react-dom.development.js:4164:14)
      at HTMLUnknownElement.callTheUserObjectsOperation 
(node_modules/jsdom/lib/jsdom/living/generated/EventListener.js:26:30)
      at innerInvokeEventListeners 
(node_modules/jsdom/lib/jsdom/living/events/EventTarget-impl.js:350:25)
      at invokeEventListeners 
(node_modules/jsdom/lib/jsdom/living/events/EventTarget-impl.js:286:3)
      at HTMLUnknownElementImpl._dispatch 
(node_modules/jsdom/lib/jsdom/living/events/EventTarget-impl.js:233:9)
      at HTMLUnknownElementImpl.dispatchEvent 
(node_modules/jsdom/lib/jsdom/living/events/EventTarget-impl.js:104:17)
      at HTMLUnknownElement.dispatchEvent 
(node_modules/jsdom/lib/jsdom/living/generated/EventTarget.js:241:34)
      at Object.invokeGuardedCallbackDev 
(node_modules/react-dom/cjs/react-dom.development.js:4213:16)
      at invokeGuardedCallback 
(node_modules/react-dom/cjs/react-dom.development.js:4277:31)
      at invokeGuardedCallbackAndCatchFirstError 
(node_modules/react-dom/cjs/react-dom.development.js:4291:25)
      at executeDispatch 
(node_modules/react-dom/cjs/react-dom.development.js:9041:3)
      at processDispatchQueueItemsInOrder 
(node_modules/react-dom/cjs/react-dom.development.js:9073:7)
      at processDispatchQueue 
(node_modules/react-dom/cjs/react-dom.development.js:9086:5)
      at dispatchEventsForPlugins 
(node_modules/react-dom/cjs/react-dom.development.js:9097:3)
      at node_modules/react-dom/cjs/react-dom.development.js:9288:12
      at batchedUpdates$1 
(node_modules/react-dom/cjs/react-dom.development.js:26179:12)
      at batchedUpdates 
(node_modules/react-dom/cjs/react-dom.development.js:3991:12)
      at dispatchEventForPluginEventSystem 
(node_modules/react-dom/cjs/react-dom.development.js:9287:3)
      at dispatchEventWithEnableCapturePhaseSelectiveHydrationWithoutDiscreteEv
entReplay (node_modules/react-dom/cjs/react-dom.development.js:6465:5)
      at dispatchEvent 
(node_modules/react-dom/cjs/react-dom.development.js:6457:5)
      at dispatchDiscreteEvent 
(node_modules/react-dom/cjs/react-dom.development.js:6430:5)
      at HTMLDivElement.callTheUserObjectsOperation 
(node_modules/jsdom/lib/jsdom/living/generated/EventListener.js:26:30)
      at innerInvokeEventListeners 
(node_modules/jsdom/lib/jsdom/living/events/EventTarget-impl.js:350:25)
      at invokeEventListeners 
(node_modules/jsdom/lib/jsdom/living/events/EventTarget-impl.js:286:3)
      at HTMLInputElementImpl._dispatch 
(node_modules/jsdom/lib/jsdom/living/events/EventTarget-impl.js:233:9)
      at HTMLInputElementImpl.dispatchEvent 
(node_modules/jsdom/lib/jsdom/living/events/EventTarget-impl.js:104:17)
      at HTMLInputElement.dispatchEvent 
(node_modules/jsdom/lib/jsdom/living/generated/EventTarget.js:241:34)
      at 
node_modules/@testing-library/user-event/dist/cjs/event/dispatchEvent.js:45:43
      at Object.eventWrapper 
(node_modules/@testing-library/dom/dist/config.js:25:23)
      at Object.wrapEvent 
(node_modules/@testing-library/user-event/dist/cjs/event/wrapEvent.js:6:28)
      at Object.dispatchEvent (node_modules/@testing-library/user-event/dist/cj
s/event/dispatchEvent.js:45:22)
      at Object.dispatchUIEvent (node_modules/@testing-library/user-event/dist/
cjs/event/dispatchEvent.js:22:26)
      at commitInput 
(node_modules/@testing-library/user-event/dist/cjs/event/input.js:145:14)
      at editInputElement 
(node_modules/@testing-library/user-event/dist/cjs/event/input.js:115:9)
      at Object.input 
(node_modules/@testing-library/user-event/dist/cjs/event/input.js:37:9)
      at node_modules/@testing-library/user-event/dist/cjs/event/behavior/keypr
ess.js:31:26
      at Object.dispatchEvent (node_modules/@testing-library/user-event/dist/cj
s/event/dispatchEvent.js:41:13)
      at Object.dispatchUIEvent (node_modules/@testing-library/user-event/dist/
cjs/event/dispatchEvent.js:22:26)
      at KeyboardHost.keydown 
(node_modules/@testing-library/user-event/dist/cjs/system/keyboard.js:76:22)
      at keyboardAction 
(node_modules/@testing-library/user-event/dist/cjs/keyboard/index.js:22:35)
      at Object.keyboard 
(node_modules/@testing-library/user-event/dist/cjs/keyboard/index.js:11:15)
      at Object.type 
(node_modules/@testing-library/user-event/dist/cjs/utility/type.js:17:5)
      at Object.<anonymous> 
(src/settings/__tests__/AccountDetailPage.test.tsx:458:9)

    console.error
      Warning: An update to AccountDetailPage inside a test was not wrapped in 
act(...).
      
      When testing, code that causes React state updates should be wrapped 
into act(...):
      
      act(() => {
        /* fire events that update state */
      });
      /* assert on the output */
      
      This ensures that you're testing the behavior the user would see in the 
browser. Learn more at https://reactjs.org/link/wrap-tests-with-act
          at AccountDetailPage (C:\Users\samhe\OneDrive\Desktop\Cleaned\fronten
d\src\settings\AccountDetailPage.tsx:76:29)
          at routeContext (C:\Users\samhe\OneDrive\Desktop\Cleaned\frontend\nod
e_modules\react-router\lib\hooks.tsx:658:26)
          at children (C:\Users\samhe\OneDrive\Desktop\Cleaned\frontend\node_mo
dules\react-router\lib\components.tsx:512:3)
          at basenameProp (C:\Users\samhe\OneDrive\Desktop\Cleaned\frontend\nod
e_modules\react-router\lib\components.tsx:421:13)
          at basename (C:\Users\samhe\OneDrive\Desktop\Cleaned\frontend\node_mo
dules\react-router\lib\components.tsx:225:3)

      279 |                                 type="text"
      280 |                                 value={fullName}
    > 281 |                                 onChange={e => 
setFullName(e.target.value)}
          |                                                ^
      282 |                                 disabled={isOwn || saving}
      283 |                                 className="text-sm border 
border-gray-300 rounded px-2 py-1.5 focus:outline-none focus:ring-1 
focus:ring-blue-400 disabled:opacity-50"
      284 |                             />

      at printWarning 
(node_modules/react-dom/cjs/react-dom.development.js:86:30)
      at error (node_modules/react-dom/cjs/react-dom.development.js:60:7)
      at warnIfUpdatesNotWrappedWithActDEV 
(node_modules/react-dom/cjs/react-dom.development.js:27628:9)
      at scheduleUpdateOnFiber 
(node_modules/react-dom/cjs/react-dom.development.js:25547:5)
      at dispatchSetState 
(node_modules/react-dom/cjs/react-dom.development.js:16708:7)
      at onChange (src/settings/AccountDetailPage.tsx:281:48)
      at HTMLUnknownElement.callCallback 
(node_modules/react-dom/cjs/react-dom.development.js:4164:14)
      at HTMLUnknownElement.callTheUserObjectsOperation 
(node_modules/jsdom/lib/jsdom/living/generated/EventListener.js:26:30)
      at innerInvokeEventListeners 
(node_modules/jsdom/lib/jsdom/living/events/EventTarget-impl.js:350:25)
      at invokeEventListeners 
(node_modules/jsdom/lib/jsdom/living/events/EventTarget-impl.js:286:3)
      at HTMLUnknownElementImpl._dispatch 
(node_modules/jsdom/lib/jsdom/living/events/EventTarget-impl.js:233:9)
      at HTMLUnknownElementImpl.dispatchEvent 
(node_modules/jsdom/lib/jsdom/living/events/EventTarget-impl.js:104:17)
      at HTMLUnknownElement.dispatchEvent 
(node_modules/jsdom/lib/jsdom/living/generated/EventTarget.js:241:34)
      at Object.invokeGuardedCallbackDev 
(node_modules/react-dom/cjs/react-dom.development.js:4213:16)
      at invokeGuardedCallback 
(node_modules/react-dom/cjs/react-dom.development.js:4277:31)
      at invokeGuardedCallbackAndCatchFirstError 
(node_modules/react-dom/cjs/react-dom.development.js:4291:25)
      at executeDispatch 
(node_modules/react-dom/cjs/react-dom.development.js:9041:3)
      at processDispatchQueueItemsInOrder 
(node_modules/react-dom/cjs/react-dom.development.js:9073:7)
      at processDispatchQueue 
(node_modules/react-dom/cjs/react-dom.development.js:9086:5)
      at dispatchEventsForPlugins 
(node_modules/react-dom/cjs/react-dom.development.js:9097:3)
      at node_modules/react-dom/cjs/react-dom.development.js:9288:12
      at batchedUpdates$1 
(node_modules/react-dom/cjs/react-dom.development.js:26179:12)
      at batchedUpdates 
(node_modules/react-dom/cjs/react-dom.development.js:3991:12)
      at dispatchEventForPluginEventSystem 
(node_modules/react-dom/cjs/react-dom.development.js:9287:3)
      at dispatchEventWithEnableCapturePhaseSelectiveHydrationWithoutDiscreteEv
entReplay (node_modules/react-dom/cjs/react-dom.development.js:6465:5)
      at dispatchEvent 
(node_modules/react-dom/cjs/react-dom.development.js:6457:5)
      at dispatchDiscreteEvent 
(node_modules/react-dom/cjs/react-dom.development.js:6430:5)
      at HTMLDivElement.callTheUserObjectsOperation 
(node_modules/jsdom/lib/jsdom/living/generated/EventListener.js:26:30)
      at innerInvokeEventListeners 
(node_modules/jsdom/lib/jsdom/living/events/EventTarget-impl.js:350:25)
      at invokeEventListeners 
(node_modules/jsdom/lib/jsdom/living/events/EventTarget-impl.js:286:3)
      at HTMLInputElementImpl._dispatch 
(node_modules/jsdom/lib/jsdom/living/events/EventTarget-impl.js:233:9)
      at HTMLInputElementImpl.dispatchEvent 
(node_modules/jsdom/lib/jsdom/living/events/EventTarget-impl.js:104:17)
      at HTMLInputElement.dispatchEvent 
(node_modules/jsdom/lib/jsdom/living/generated/EventTarget.js:241:34)
      at 
node_modules/@testing-library/user-event/dist/cjs/event/dispatchEvent.js:45:43
      at Object.eventWrapper 
(node_modules/@testing-library/dom/dist/config.js:25:23)
      at Object.wrapEvent 
(node_modules/@testing-library/user-event/dist/cjs/event/wrapEvent.js:6:28)
      at Object.dispatchEvent (node_modules/@testing-library/user-event/dist/cj
s/event/dispatchEvent.js:45:22)
      at Object.dispatchUIEvent (node_modules/@testing-library/user-event/dist/
cjs/event/dispatchEvent.js:22:26)
      at commitInput 
(node_modules/@testing-library/user-event/dist/cjs/event/input.js:145:14)
      at editInputElement 
(node_modules/@testing-library/user-event/dist/cjs/event/input.js:115:9)
      at Object.input 
(node_modules/@testing-library/user-event/dist/cjs/event/input.js:37:9)
      at node_modules/@testing-library/user-event/dist/cjs/event/behavior/keypr
ess.js:31:26
      at Object.dispatchEvent (node_modules/@testing-library/user-event/dist/cj
s/event/dispatchEvent.js:41:13)
      at Object.dispatchUIEvent (node_modules/@testing-library/user-event/dist/
cjs/event/dispatchEvent.js:22:26)
      at KeyboardHost.keydown 
(node_modules/@testing-library/user-event/dist/cjs/system/keyboard.js:76:22)
      at keyboardAction 
(node_modules/@testing-library/user-event/dist/cjs/keyboard/index.js:22:35)
      at Object.keyboard 
(node_modules/@testing-library/user-event/dist/cjs/keyboard/index.js:11:15)
      at Object.type 
(node_modules/@testing-library/user-event/dist/cjs/utility/type.js:17:5)
      at Object.<anonymous> 
(src/settings/__tests__/AccountDetailPage.test.tsx:458:9)

    console.error
      Warning: An update to AccountDetailPage inside a test was not wrapped in 
act(...).
      
      When testing, code that causes React state updates should be wrapped 
into act(...):
      
      act(() => {
        /* fire events that update state */
      });
      /* assert on the output */
      
      This ensures that you're testing the behavior the user would see in the 
browser. Learn more at https://reactjs.org/link/wrap-tests-with-act
          at AccountDetailPage (C:\Users\samhe\OneDrive\Desktop\Cleaned\fronten
d\src\settings\AccountDetailPage.tsx:76:29)
          at routeContext (C:\Users\samhe\OneDrive\Desktop\Cleaned\frontend\nod
e_modules\react-router\lib\hooks.tsx:658:26)
          at children (C:\Users\samhe\OneDrive\Desktop\Cleaned\frontend\node_mo
dules\react-router\lib\components.tsx:512:3)
          at basenameProp (C:\Users\samhe\OneDrive\Desktop\Cleaned\frontend\nod
e_modules\react-router\lib\components.tsx:421:13)
          at basename (C:\Users\samhe\OneDrive\Desktop\Cleaned\frontend\node_mo
dules\react-router\lib\components.tsx:225:3)

      279 |                                 type="text"
      280 |                                 value={fullName}
    > 281 |                                 onChange={e => 
setFullName(e.target.value)}
          |                                                ^
      282 |                                 disabled={isOwn || saving}
      283 |                                 className="text-sm border 
border-gray-300 rounded px-2 py-1.5 focus:outline-none focus:ring-1 
focus:ring-blue-400 disabled:opacity-50"
      284 |                             />

      at printWarning 
(node_modules/react-dom/cjs/react-dom.development.js:86:30)
      at error (node_modules/react-dom/cjs/react-dom.development.js:60:7)
      at warnIfUpdatesNotWrappedWithActDEV 
(node_modules/react-dom/cjs/react-dom.development.js:27628:9)
      at scheduleUpdateOnFiber 
(node_modules/react-dom/cjs/react-dom.development.js:25547:5)
      at dispatchSetState 
(node_modules/react-dom/cjs/react-dom.development.js:16708:7)
      at onChange (src/settings/AccountDetailPage.tsx:281:48)
      at HTMLUnknownElement.callCallback 
(node_modules/react-dom/cjs/react-dom.development.js:4164:14)
      at HTMLUnknownElement.callTheUserObjectsOperation 
(node_modules/jsdom/lib/jsdom/living/generated/EventListener.js:26:30)
      at innerInvokeEventListeners 
(node_modules/jsdom/lib/jsdom/living/events/EventTarget-impl.js:350:25)
      at invokeEventListeners 
(node_modules/jsdom/lib/jsdom/living/events/EventTarget-impl.js:286:3)
      at HTMLUnknownElementImpl._dispatch 
(node_modules/jsdom/lib/jsdom/living/events/EventTarget-impl.js:233:9)
      at HTMLUnknownElementImpl.dispatchEvent 
(node_modules/jsdom/lib/jsdom/living/events/EventTarget-impl.js:104:17)
      at HTMLUnknownElement.dispatchEvent 
(node_modules/jsdom/lib/jsdom/living/generated/EventTarget.js:241:34)
      at Object.invokeGuardedCallbackDev 
(node_modules/react-dom/cjs/react-dom.development.js:4213:16)
      at invokeGuardedCallback 
(node_modules/react-dom/cjs/react-dom.development.js:4277:31)
      at invokeGuardedCallbackAndCatchFirstError 
(node_modules/react-dom/cjs/react-dom.development.js:4291:25)
      at executeDispatch 
(node_modules/react-dom/cjs/react-dom.development.js:9041:3)
      at processDispatchQueueItemsInOrder 
(node_modules/react-dom/cjs/react-dom.development.js:9073:7)
      at processDispatchQueue 
(node_modules/react-dom/cjs/react-dom.development.js:9086:5)
      at dispatchEventsForPlugins 
(node_modules/react-dom/cjs/react-dom.development.js:9097:3)
      at node_modules/react-dom/cjs/react-dom.development.js:9288:12
      at batchedUpdates$1 
(node_modules/react-dom/cjs/react-dom.development.js:26179:12)
      at batchedUpdates 
(node_modules/react-dom/cjs/react-dom.development.js:3991:12)
      at dispatchEventForPluginEventSystem 
(node_modules/react-dom/cjs/react-dom.development.js:9287:3)
      at dispatchEventWithEnableCapturePhaseSelectiveHydrationWithoutDiscreteEv
entReplay (node_modules/react-dom/cjs/react-dom.development.js:6465:5)
      at dispatchEvent 
(node_modules/react-dom/cjs/react-dom.development.js:6457:5)
      at dispatchDiscreteEvent 
(node_modules/react-dom/cjs/react-dom.development.js:6430:5)
      at HTMLDivElement.callTheUserObjectsOperation 
(node_modules/jsdom/lib/jsdom/living/generated/EventListener.js:26:30)
      at innerInvokeEventListeners 
(node_modules/jsdom/lib/jsdom/living/events/EventTarget-impl.js:350:25)
      at invokeEventListeners 
(node_modules/jsdom/lib/jsdom/living/events/EventTarget-impl.js:286:3)
      at HTMLInputElementImpl._dispatch 
(node_modules/jsdom/lib/jsdom/living/events/EventTarget-impl.js:233:9)
      at HTMLInputElementImpl.dispatchEvent 
(node_modules/jsdom/lib/jsdom/living/events/EventTarget-impl.js:104:17)
      at HTMLInputElement.dispatchEvent 
(node_modules/jsdom/lib/jsdom/living/generated/EventTarget.js:241:34)
      at 
node_modules/@testing-library/user-event/dist/cjs/event/dispatchEvent.js:45:43
      at Object.eventWrapper 
(node_modules/@testing-library/dom/dist/config.js:25:23)
      at Object.wrapEvent 
(node_modules/@testing-library/user-event/dist/cjs/event/wrapEvent.js:6:28)
      at Object.dispatchEvent (node_modules/@testing-library/user-event/dist/cj
s/event/dispatchEvent.js:45:22)
      at Object.dispatchUIEvent (node_modules/@testing-library/user-event/dist/
cjs/event/dispatchEvent.js:22:26)
      at commitInput 
(node_modules/@testing-library/user-event/dist/cjs/event/input.js:145:14)
      at editInputElement 
(node_modules/@testing-library/user-event/dist/cjs/event/input.js:115:9)
      at Object.input 
(node_modules/@testing-library/user-event/dist/cjs/event/input.js:37:9)
      at node_modules/@testing-library/user-event/dist/cjs/event/behavior/keypr
ess.js:31:26
      at Object.dispatchEvent (node_modules/@testing-library/user-event/dist/cj
s/event/dispatchEvent.js:41:13)
      at Object.dispatchUIEvent (node_modules/@testing-library/user-event/dist/
cjs/event/dispatchEvent.js:22:26)
      at KeyboardHost.keydown 
(node_modules/@testing-library/user-event/dist/cjs/system/keyboard.js:76:22)
      at keyboardAction 
(node_modules/@testing-library/user-event/dist/cjs/keyboard/index.js:22:35)
      at Object.keyboard 
(node_modules/@testing-library/user-event/dist/cjs/keyboard/index.js:11:15)
      at Object.type 
(node_modules/@testing-library/user-event/dist/cjs/utility/type.js:17:5)
      at Object.<anonymous> 
(src/settings/__tests__/AccountDetailPage.test.tsx:458:9)

    console.error
      Warning: An update to AccountDetailPage inside a test was not wrapped in 
act(...).
      
      When testing, code that causes React state updates should be wrapped 
into act(...):
      
      act(() => {
        /* fire events that update state */
      });
      /* assert on the output */
      
      This ensures that you're testing the behavior the user would see in the 
browser. Learn more at https://reactjs.org/link/wrap-tests-with-act
          at AccountDetailPage (C:\Users\samhe\OneDrive\Desktop\Cleaned\fronten
d\src\settings\AccountDetailPage.tsx:76:29)
          at routeContext (C:\Users\samhe\OneDrive\Desktop\Cleaned\frontend\nod
e_modules\react-router\lib\hooks.tsx:658:26)
          at children (C:\Users\samhe\OneDrive\Desktop\Cleaned\frontend\node_mo
dules\react-router\lib\components.tsx:512:3)
          at basenameProp (C:\Users\samhe\OneDrive\Desktop\Cleaned\frontend\nod
e_modules\react-router\lib\components.tsx:421:13)
          at basename (C:\Users\samhe\OneDrive\Desktop\Cleaned\frontend\node_mo
dules\react-router\lib\components.tsx:225:3)

      279 |                                 type="text"
      280 |                                 value={fullName}
    > 281 |                                 onChange={e => 
setFullName(e.target.value)}
          |                                                ^
      282 |                                 disabled={isOwn || saving}
      283 |                                 className="text-sm border 
border-gray-300 rounded px-2 py-1.5 focus:outline-none focus:ring-1 
focus:ring-blue-400 disabled:opacity-50"
      284 |                             />

      at printWarning 
(node_modules/react-dom/cjs/react-dom.development.js:86:30)
      at error (node_modules/react-dom/cjs/react-dom.development.js:60:7)
      at warnIfUpdatesNotWrappedWithActDEV 
(node_modules/react-dom/cjs/react-dom.development.js:27628:9)
      at scheduleUpdateOnFiber 
(node_modules/react-dom/cjs/react-dom.development.js:25547:5)
      at dispatchSetState 
(node_modules/react-dom/cjs/react-dom.development.js:16708:7)
      at onChange (src/settings/AccountDetailPage.tsx:281:48)
      at HTMLUnknownElement.callCallback 
(node_modules/react-dom/cjs/react-dom.development.js:4164:14)
      at HTMLUnknownElement.callTheUserObjectsOperation 
(node_modules/jsdom/lib/jsdom/living/generated/EventListener.js:26:30)
      at innerInvokeEventListeners 
(node_modules/jsdom/lib/jsdom/living/events/EventTarget-impl.js:350:25)
      at invokeEventListeners 
(node_modules/jsdom/lib/jsdom/living/events/EventTarget-impl.js:286:3)
      at HTMLUnknownElementImpl._dispatch 
(node_modules/jsdom/lib/jsdom/living/events/EventTarget-impl.js:233:9)
      at HTMLUnknownElementImpl.dispatchEvent 
(node_modules/jsdom/lib/jsdom/living/events/EventTarget-impl.js:104:17)
      at HTMLUnknownElement.dispatchEvent 
(node_modules/jsdom/lib/jsdom/living/generated/EventTarget.js:241:34)
      at Object.invokeGuardedCallbackDev 
(node_modules/react-dom/cjs/react-dom.development.js:4213:16)
      at invokeGuardedCallback 
(node_modules/react-dom/cjs/react-dom.development.js:4277:31)
      at invokeGuardedCallbackAndCatchFirstError 
(node_modules/react-dom/cjs/react-dom.development.js:4291:25)
      at executeDispatch 
(node_modules/react-dom/cjs/react-dom.development.js:9041:3)
      at processDispatchQueueItemsInOrder 
(node_modules/react-dom/cjs/react-dom.development.js:9073:7)
      at processDispatchQueue 
(node_modules/react-dom/cjs/react-dom.development.js:9086:5)
      at dispatchEventsForPlugins 
(node_modules/react-dom/cjs/react-dom.development.js:9097:3)
      at node_modules/react-dom/cjs/react-dom.development.js:9288:12
      at batchedUpdates$1 
(node_modules/react-dom/cjs/react-dom.development.js:26179:12)
      at batchedUpdates 
(node_modules/react-dom/cjs/react-dom.development.js:3991:12)
      at dispatchEventForPluginEventSystem 
(node_modules/react-dom/cjs/react-dom.development.js:9287:3)
      at dispatchEventWithEnableCapturePhaseSelectiveHydrationWithoutDiscreteEv
entReplay (node_modules/react-dom/cjs/react-dom.development.js:6465:5)
      at dispatchEvent 
(node_modules/react-dom/cjs/react-dom.development.js:6457:5)
      at dispatchDiscreteEvent 
(node_modules/react-dom/cjs/react-dom.development.js:6430:5)
      at HTMLDivElement.callTheUserObjectsOperation 
(node_modules/jsdom/lib/jsdom/living/generated/EventListener.js:26:30)
      at innerInvokeEventListeners 
(node_modules/jsdom/lib/jsdom/living/events/EventTarget-impl.js:350:25)
      at invokeEventListeners 
(node_modules/jsdom/lib/jsdom/living/events/EventTarget-impl.js:286:3)
      at HTMLInputElementImpl._dispatch 
(node_modules/jsdom/lib/jsdom/living/events/EventTarget-impl.js:233:9)
      at HTMLInputElementImpl.dispatchEvent 
(node_modules/jsdom/lib/jsdom/living/events/EventTarget-impl.js:104:17)
      at HTMLInputElement.dispatchEvent 
(node_modules/jsdom/lib/jsdom/living/generated/EventTarget.js:241:34)
      at 
node_modules/@testing-library/user-event/dist/cjs/event/dispatchEvent.js:45:43
      at Object.eventWrapper 
(node_modules/@testing-library/dom/dist/config.js:25:23)
      at Object.wrapEvent 
(node_modules/@testing-library/user-event/dist/cjs/event/wrapEvent.js:6:28)
      at Object.dispatchEvent (node_modules/@testing-library/user-event/dist/cj
s/event/dispatchEvent.js:45:22)
      at Object.dispatchUIEvent (node_modules/@testing-library/user-event/dist/
cjs/event/dispatchEvent.js:22:26)
      at commitInput 
(node_modules/@testing-library/user-event/dist/cjs/event/input.js:145:14)
      at editInputElement 
(node_modules/@testing-library/user-event/dist/cjs/event/input.js:115:9)
      at Object.input 
(node_modules/@testing-library/user-event/dist/cjs/event/input.js:37:9)
      at node_modules/@testing-library/user-event/dist/cjs/event/behavior/keypr
ess.js:31:26
      at Object.dispatchEvent (node_modules/@testing-library/user-event/dist/cj
s/event/dispatchEvent.js:41:13)
      at Object.dispatchUIEvent (node_modules/@testing-library/user-event/dist/
cjs/event/dispatchEvent.js:22:26)
      at KeyboardHost.keydown 
(node_modules/@testing-library/user-event/dist/cjs/system/keyboard.js:76:22)
      at keyboardAction 
(node_modules/@testing-library/user-event/dist/cjs/keyboard/index.js:22:35)
      at Object.keyboard 
(node_modules/@testing-library/user-event/dist/cjs/keyboard/index.js:11:15)
      at Object.type 
(node_modules/@testing-library/user-event/dist/cjs/utility/type.js:17:5)
      at Object.<anonymous> 
(src/settings/__tests__/AccountDetailPage.test.tsx:458:9)

    console.error
      Warning: An update to AccountDetailPage inside a test was not wrapped in 
act(...).
      
      When testing, code that causes React state updates should be wrapped 
into act(...):
      
      act(() => {
        /* fire events that update state */
      });
      /* assert on the output */
      
      This ensures that you're testing the behavior the user would see in the 
browser. Learn more at https://reactjs.org/link/wrap-tests-with-act
          at AccountDetailPage (C:\Users\samhe\OneDrive\Desktop\Cleaned\fronten
d\src\settings\AccountDetailPage.tsx:76:29)
          at routeContext (C:\Users\samhe\OneDrive\Desktop\Cleaned\frontend\nod
e_modules\react-router\lib\hooks.tsx:658:26)
          at children (C:\Users\samhe\OneDrive\Desktop\Cleaned\frontend\node_mo
dules\react-router\lib\components.tsx:512:3)
          at basenameProp (C:\Users\samhe\OneDrive\Desktop\Cleaned\frontend\nod
e_modules\react-router\lib\components.tsx:421:13)
          at basename (C:\Users\samhe\OneDrive\Desktop\Cleaned\frontend\node_mo
dules\react-router\lib\components.tsx:225:3)

      279 |                                 type="text"
      280 |                                 value={fullName}
    > 281 |                                 onChange={e => 
setFullName(e.target.value)}
          |                                                ^
      282 |                                 disabled={isOwn || saving}
      283 |                                 className="text-sm border 
border-gray-300 rounded px-2 py-1.5 focus:outline-none focus:ring-1 
focus:ring-blue-400 disabled:opacity-50"
      284 |                             />

      at printWarning 
(node_modules/react-dom/cjs/react-dom.development.js:86:30)
      at error (node_modules/react-dom/cjs/react-dom.development.js:60:7)
      at warnIfUpdatesNotWrappedWithActDEV 
(node_modules/react-dom/cjs/react-dom.development.js:27628:9)
      at scheduleUpdateOnFiber 
(node_modules/react-dom/cjs/react-dom.development.js:25547:5)
      at dispatchSetState 
(node_modules/react-dom/cjs/react-dom.development.js:16708:7)
      at onChange (src/settings/AccountDetailPage.tsx:281:48)
      at HTMLUnknownElement.callCallback 
(node_modules/react-dom/cjs/react-dom.development.js:4164:14)
      at HTMLUnknownElement.callTheUserObjectsOperation 
(node_modules/jsdom/lib/jsdom/living/generated/EventListener.js:26:30)
      at innerInvokeEventListeners 
(node_modules/jsdom/lib/jsdom/living/events/EventTarget-impl.js:350:25)
      at invokeEventListeners 
(node_modules/jsdom/lib/jsdom/living/events/EventTarget-impl.js:286:3)
      at HTMLUnknownElementImpl._dispatch 
(node_modules/jsdom/lib/jsdom/living/events/EventTarget-impl.js:233:9)
      at HTMLUnknownElementImpl.dispatchEvent 
(node_modules/jsdom/lib/jsdom/living/events/EventTarget-impl.js:104:17)
      at HTMLUnknownElement.dispatchEvent 
(node_modules/jsdom/lib/jsdom/living/generated/EventTarget.js:241:34)
      at Object.invokeGuardedCallbackDev 
(node_modules/react-dom/cjs/react-dom.development.js:4213:16)
      at invokeGuardedCallback 
(node_modules/react-dom/cjs/react-dom.development.js:4277:31)
      at invokeGuardedCallbackAndCatchFirstError 
(node_modules/react-dom/cjs/react-dom.development.js:4291:25)
      at executeDispatch 
(node_modules/react-dom/cjs/react-dom.development.js:9041:3)
      at processDispatchQueueItemsInOrder 
(node_modules/react-dom/cjs/react-dom.development.js:9073:7)
      at processDispatchQueue 
(node_modules/react-dom/cjs/react-dom.development.js:9086:5)
      at dispatchEventsForPlugins 
(node_modules/react-dom/cjs/react-dom.development.js:9097:3)
      at node_modules/react-dom/cjs/react-dom.development.js:9288:12
      at batchedUpdates$1 
(node_modules/react-dom/cjs/react-dom.development.js:26179:12)
      at batchedUpdates 
(node_modules/react-dom/cjs/react-dom.development.js:3991:12)
      at dispatchEventForPluginEventSystem 
(node_modules/react-dom/cjs/react-dom.development.js:9287:3)
      at dispatchEventWithEnableCapturePhaseSelectiveHydrationWithoutDiscreteEv
entReplay (node_modules/react-dom/cjs/react-dom.development.js:6465:5)
      at dispatchEvent 
(node_modules/react-dom/cjs/react-dom.development.js:6457:5)
      at dispatchDiscreteEvent 
(node_modules/react-dom/cjs/react-dom.development.js:6430:5)
      at HTMLDivElement.callTheUserObjectsOperation 
(node_modules/jsdom/lib/jsdom/living/generated/EventListener.js:26:30)
      at innerInvokeEventListeners 
(node_modules/jsdom/lib/jsdom/living/events/EventTarget-impl.js:350:25)
      at invokeEventListeners 
(node_modules/jsdom/lib/jsdom/living/events/EventTarget-impl.js:286:3)
      at HTMLInputElementImpl._dispatch 
(node_modules/jsdom/lib/jsdom/living/events/EventTarget-impl.js:233:9)
      at HTMLInputElementImpl.dispatchEvent 
(node_modules/jsdom/lib/jsdom/living/events/EventTarget-impl.js:104:17)
      at HTMLInputElement.dispatchEvent 
(node_modules/jsdom/lib/jsdom/living/generated/EventTarget.js:241:34)
      at 
node_modules/@testing-library/user-event/dist/cjs/event/dispatchEvent.js:45:43
      at Object.eventWrapper 
(node_modules/@testing-library/dom/dist/config.js:25:23)
      at Object.wrapEvent 
(node_modules/@testing-library/user-event/dist/cjs/event/wrapEvent.js:6:28)
      at Object.dispatchEvent (node_modules/@testing-library/user-event/dist/cj
s/event/dispatchEvent.js:45:22)
      at Object.dispatchUIEvent (node_modules/@testing-library/user-event/dist/
cjs/event/dispatchEvent.js:22:26)
      at commitInput 
(node_modules/@testing-library/user-event/dist/cjs/event/input.js:145:14)
      at editInputElement 
(node_modules/@testing-library/user-event/dist/cjs/event/input.js:115:9)
      at Object.input 
(node_modules/@testing-library/user-event/dist/cjs/event/input.js:37:9)
      at node_modules/@testing-library/user-event/dist/cjs/event/behavior/keypr
ess.js:31:26
      at Object.dispatchEvent (node_modules/@testing-library/user-event/dist/cj
s/event/dispatchEvent.js:41:13)
      at Object.dispatchUIEvent (node_modules/@testing-library/user-event/dist/
cjs/event/dispatchEvent.js:22:26)
      at KeyboardHost.keydown 
(node_modules/@testing-library/user-event/dist/cjs/system/keyboard.js:76:22)
      at keyboardAction 
(node_modules/@testing-library/user-event/dist/cjs/keyboard/index.js:22:35)
      at Object.keyboard 
(node_modules/@testing-library/user-event/dist/cjs/keyboard/index.js:11:15)
      at Object.type 
(node_modules/@testing-library/user-event/dist/cjs/utility/type.js:17:5)
      at Object.<anonymous> 
(src/settings/__tests__/AccountDetailPage.test.tsx:458:9)

    console.error
      Warning: An update to AccountDetailPage inside a test was not wrapped in 
act(...).
      
      When testing, code that causes React state updates should be wrapped 
into act(...):
      
      act(() => {
        /* fire events that update state */
      });
      /* assert on the output */
      
      This ensures that you're testing the behavior the user would see in the 
browser. Learn more at https://reactjs.org/link/wrap-tests-with-act
          at AccountDetailPage (C:\Users\samhe\OneDrive\Desktop\Cleaned\fronten
d\src\settings\AccountDetailPage.tsx:76:29)
          at routeContext (C:\Users\samhe\OneDrive\Desktop\Cleaned\frontend\nod
e_modules\react-router\lib\hooks.tsx:658:26)
          at children (C:\Users\samhe\OneDrive\Desktop\Cleaned\frontend\node_mo
dules\react-router\lib\components.tsx:512:3)
          at basenameProp (C:\Users\samhe\OneDrive\Desktop\Cleaned\frontend\nod
e_modules\react-router\lib\components.tsx:421:13)
          at basename (C:\Users\samhe\OneDrive\Desktop\Cleaned\frontend\node_mo
dules\react-router\lib\components.tsx:225:3)

      279 |                                 type="text"
      280 |                                 value={fullName}
    > 281 |                                 onChange={e => 
setFullName(e.target.value)}
          |                                                ^
      282 |                                 disabled={isOwn || saving}
      283 |                                 className="text-sm border 
border-gray-300 rounded px-2 py-1.5 focus:outline-none focus:ring-1 
focus:ring-blue-400 disabled:opacity-50"
      284 |                             />

      at printWarning 
(node_modules/react-dom/cjs/react-dom.development.js:86:30)
      at error (node_modules/react-dom/cjs/react-dom.development.js:60:7)
      at warnIfUpdatesNotWrappedWithActDEV 
(node_modules/react-dom/cjs/react-dom.development.js:27628:9)
      at scheduleUpdateOnFiber 
(node_modules/react-dom/cjs/react-dom.development.js:25547:5)
      at dispatchSetState 
(node_modules/react-dom/cjs/react-dom.development.js:16708:7)
      at onChange (src/settings/AccountDetailPage.tsx:281:48)
      at HTMLUnknownElement.callCallback 
(node_modules/react-dom/cjs/react-dom.development.js:4164:14)
      at HTMLUnknownElement.callTheUserObjectsOperation 
(node_modules/jsdom/lib/jsdom/living/generated/EventListener.js:26:30)
      at innerInvokeEventListeners 
(node_modules/jsdom/lib/jsdom/living/events/EventTarget-impl.js:350:25)
      at invokeEventListeners 
(node_modules/jsdom/lib/jsdom/living/events/EventTarget-impl.js:286:3)
      at HTMLUnknownElementImpl._dispatch 
(node_modules/jsdom/lib/jsdom/living/events/EventTarget-impl.js:233:9)
      at HTMLUnknownElementImpl.dispatchEvent 
(node_modules/jsdom/lib/jsdom/living/events/EventTarget-impl.js:104:17)
      at HTMLUnknownElement.dispatchEvent 
(node_modules/jsdom/lib/jsdom/living/generated/EventTarget.js:241:34)
      at Object.invokeGuardedCallbackDev 
(node_modules/react-dom/cjs/react-dom.development.js:4213:16)
      at invokeGuardedCallback 
(node_modules/react-dom/cjs/react-dom.development.js:4277:31)
      at invokeGuardedCallbackAndCatchFirstError 
(node_modules/react-dom/cjs/react-dom.development.js:4291:25)
      at executeDispatch 
(node_modules/react-dom/cjs/react-dom.development.js:9041:3)
      at processDispatchQueueItemsInOrder 
(node_modules/react-dom/cjs/react-dom.development.js:9073:7)
      at processDispatchQueue 
(node_modules/react-dom/cjs/react-dom.development.js:9086:5)
      at dispatchEventsForPlugins 
(node_modules/react-dom/cjs/react-dom.development.js:9097:3)
      at node_modules/react-dom/cjs/react-dom.development.js:9288:12
      at batchedUpdates$1 
(node_modules/react-dom/cjs/react-dom.development.js:26179:12)
      at batchedUpdates 
(node_modules/react-dom/cjs/react-dom.development.js:3991:12)
      at dispatchEventForPluginEventSystem 
(node_modules/react-dom/cjs/react-dom.development.js:9287:3)
      at dispatchEventWithEnableCapturePhaseSelectiveHydrationWithoutDiscreteEv
entReplay (node_modules/react-dom/cjs/react-dom.development.js:6465:5)
      at dispatchEvent 
(node_modules/react-dom/cjs/react-dom.development.js:6457:5)
      at dispatchDiscreteEvent 
(node_modules/react-dom/cjs/react-dom.development.js:6430:5)
      at HTMLDivElement.callTheUserObjectsOperation 
(node_modules/jsdom/lib/jsdom/living/generated/EventListener.js:26:30)
      at innerInvokeEventListeners 
(node_modules/jsdom/lib/jsdom/living/events/EventTarget-impl.js:350:25)
      at invokeEventListeners 
(node_modules/jsdom/lib/jsdom/living/events/EventTarget-impl.js:286:3)
      at HTMLInputElementImpl._dispatch 
(node_modules/jsdom/lib/jsdom/living/events/EventTarget-impl.js:233:9)
      at HTMLInputElementImpl.dispatchEvent 
(node_modules/jsdom/lib/jsdom/living/events/EventTarget-impl.js:104:17)
      at HTMLInputElement.dispatchEvent 
(node_modules/jsdom/lib/jsdom/living/generated/EventTarget.js:241:34)
      at 
node_modules/@testing-library/user-event/dist/cjs/event/dispatchEvent.js:45:43
      at Object.eventWrapper 
(node_modules/@testing-library/dom/dist/config.js:25:23)
      at Object.wrapEvent 
(node_modules/@testing-library/user-event/dist/cjs/event/wrapEvent.js:6:28)
      at Object.dispatchEvent (node_modules/@testing-library/user-event/dist/cj
s/event/dispatchEvent.js:45:22)
      at Object.dispatchUIEvent (node_modules/@testing-library/user-event/dist/
cjs/event/dispatchEvent.js:22:26)
      at commitInput 
(node_modules/@testing-library/user-event/dist/cjs/event/input.js:145:14)
      at editInputElement 
(node_modules/@testing-library/user-event/dist/cjs/event/input.js:115:9)
      at Object.input 
(node_modules/@testing-library/user-event/dist/cjs/event/input.js:37:9)
      at node_modules/@testing-library/user-event/dist/cjs/event/behavior/keypr
ess.js:31:26
      at Object.dispatchEvent (node_modules/@testing-library/user-event/dist/cj
s/event/dispatchEvent.js:41:13)
      at Object.dispatchUIEvent (node_modules/@testing-library/user-event/dist/
cjs/event/dispatchEvent.js:22:26)
      at KeyboardHost.keydown 
(node_modules/@testing-library/user-event/dist/cjs/system/keyboard.js:76:22)
      at keyboardAction 
(node_modules/@testing-library/user-event/dist/cjs/keyboard/index.js:22:35)
      at Object.keyboard 
(node_modules/@testing-library/user-event/dist/cjs/keyboard/index.js:11:15)
      at Object.type 
(node_modules/@testing-library/user-event/dist/cjs/utility/type.js:17:5)
      at Object.<anonymous> 
(src/settings/__tests__/AccountDetailPage.test.tsx:458:9)

    console.error
      Warning: An update to AccountDetailPage inside a test was not wrapped in 
act(...).
      
      When testing, code that causes React state updates should be wrapped 
into act(...):
      
      act(() => {
        /* fire events that update state */
      });
      /* assert on the output */
      
      This ensures that you're testing the behavior the user would see in the 
browser. Learn more at https://reactjs.org/link/wrap-tests-with-act
          at AccountDetailPage (C:\Users\samhe\OneDrive\Desktop\Cleaned\fronten
d\src\settings\AccountDetailPage.tsx:76:29)
          at routeContext (C:\Users\samhe\OneDrive\Desktop\Cleaned\frontend\nod
e_modules\react-router\lib\hooks.tsx:658:26)
          at children (C:\Users\samhe\OneDrive\Desktop\Cleaned\frontend\node_mo
dules\react-router\lib\components.tsx:512:3)
          at basenameProp (C:\Users\samhe\OneDrive\Desktop\Cleaned\frontend\nod
e_modules\react-router\lib\components.tsx:421:13)
          at basename (C:\Users\samhe\OneDrive\Desktop\Cleaned\frontend\node_mo
dules\react-router\lib\components.tsx:225:3)

      279 |                                 type="text"
      280 |                                 value={fullName}
    > 281 |                                 onChange={e => 
setFullName(e.target.value)}
          |                                                ^
      282 |                                 disabled={isOwn || saving}
      283 |                                 className="text-sm border 
border-gray-300 rounded px-2 py-1.5 focus:outline-none focus:ring-1 
focus:ring-blue-400 disabled:opacity-50"
      284 |                             />

      at printWarning 
(node_modules/react-dom/cjs/react-dom.development.js:86:30)
      at error (node_modules/react-dom/cjs/react-dom.development.js:60:7)
      at warnIfUpdatesNotWrappedWithActDEV 
(node_modules/react-dom/cjs/react-dom.development.js:27628:9)
      at scheduleUpdateOnFiber 
(node_modules/react-dom/cjs/react-dom.development.js:25547:5)
      at dispatchSetState 
(node_modules/react-dom/cjs/react-dom.development.js:16708:7)
      at onChange (src/settings/AccountDetailPage.tsx:281:48)
      at HTMLUnknownElement.callCallback 
(node_modules/react-dom/cjs/react-dom.development.js:4164:14)
      at HTMLUnknownElement.callTheUserObjectsOperation 
(node_modules/jsdom/lib/jsdom/living/generated/EventListener.js:26:30)
      at innerInvokeEventListeners 
(node_modules/jsdom/lib/jsdom/living/events/EventTarget-impl.js:350:25)
      at invokeEventListeners 
(node_modules/jsdom/lib/jsdom/living/events/EventTarget-impl.js:286:3)
      at HTMLUnknownElementImpl._dispatch 
(node_modules/jsdom/lib/jsdom/living/events/EventTarget-impl.js:233:9)
      at HTMLUnknownElementImpl.dispatchEvent 
(node_modules/jsdom/lib/jsdom/living/events/EventTarget-impl.js:104:17)
      at HTMLUnknownElement.dispatchEvent 
(node_modules/jsdom/lib/jsdom/living/generated/EventTarget.js:241:34)
      at Object.invokeGuardedCallbackDev 
(node_modules/react-dom/cjs/react-dom.development.js:4213:16)
      at invokeGuardedCallback 
(node_modules/react-dom/cjs/react-dom.development.js:4277:31)
      at invokeGuardedCallbackAndCatchFirstError 
(node_modules/react-dom/cjs/react-dom.development.js:4291:25)
      at executeDispatch 
(node_modules/react-dom/cjs/react-dom.development.js:9041:3)
      at processDispatchQueueItemsInOrder 
(node_modules/react-dom/cjs/react-dom.development.js:9073:7)
      at processDispatchQueue 
(node_modules/react-dom/cjs/react-dom.development.js:9086:5)
      at dispatchEventsForPlugins 
(node_modules/react-dom/cjs/react-dom.development.js:9097:3)
      at node_modules/react-dom/cjs/react-dom.development.js:9288:12
      at batchedUpdates$1 
(node_modules/react-dom/cjs/react-dom.development.js:26179:12)
      at batchedUpdates 
(node_modules/react-dom/cjs/react-dom.development.js:3991:12)
      at dispatchEventForPluginEventSystem 
(node_modules/react-dom/cjs/react-dom.development.js:9287:3)
      at dispatchEventWithEnableCapturePhaseSelectiveHydrationWithoutDiscreteEv
entReplay (node_modules/react-dom/cjs/react-dom.development.js:6465:5)
      at dispatchEvent 
(node_modules/react-dom/cjs/react-dom.development.js:6457:5)
      at dispatchDiscreteEvent 
(node_modules/react-dom/cjs/react-dom.development.js:6430:5)
      at HTMLDivElement.callTheUserObjectsOperation 
(node_modules/jsdom/lib/jsdom/living/generated/EventListener.js:26:30)
      at innerInvokeEventListeners 
(node_modules/jsdom/lib/jsdom/living/events/EventTarget-impl.js:350:25)
      at invokeEventListeners 
(node_modules/jsdom/lib/jsdom/living/events/EventTarget-impl.js:286:3)
      at HTMLInputElementImpl._dispatch 
(node_modules/jsdom/lib/jsdom/living/events/EventTarget-impl.js:233:9)
      at HTMLInputElementImpl.dispatchEvent 
(node_modules/jsdom/lib/jsdom/living/events/EventTarget-impl.js:104:17)
      at HTMLInputElement.dispatchEvent 
(node_modules/jsdom/lib/jsdom/living/generated/EventTarget.js:241:34)
      at 
node_modules/@testing-library/user-event/dist/cjs/event/dispatchEvent.js:45:43
      at Object.eventWrapper 
(node_modules/@testing-library/dom/dist/config.js:25:23)
      at Object.wrapEvent 
(node_modules/@testing-library/user-event/dist/cjs/event/wrapEvent.js:6:28)
      at Object.dispatchEvent (node_modules/@testing-library/user-event/dist/cj
s/event/dispatchEvent.js:45:22)
      at Object.dispatchUIEvent (node_modules/@testing-library/user-event/dist/
cjs/event/dispatchEvent.js:22:26)
      at commitInput 
(node_modules/@testing-library/user-event/dist/cjs/event/input.js:145:14)
      at editInputElement 
(node_modules/@testing-library/user-event/dist/cjs/event/input.js:115:9)
      at Object.input 
(node_modules/@testing-library/user-event/dist/cjs/event/input.js:37:9)
      at node_modules/@testing-library/user-event/dist/cjs/event/behavior/keypr
ess.js:31:26
      at Object.dispatchEvent (node_modules/@testing-library/user-event/dist/cj
s/event/dispatchEvent.js:41:13)
      at Object.dispatchUIEvent (node_modules/@testing-library/user-event/dist/
cjs/event/dispatchEvent.js:22:26)
      at KeyboardHost.keydown 
(node_modules/@testing-library/user-event/dist/cjs/system/keyboard.js:76:22)
      at keyboardAction 
(node_modules/@testing-library/user-event/dist/cjs/keyboard/index.js:22:35)
      at Object.keyboard 
(node_modules/@testing-library/user-event/dist/cjs/keyboard/index.js:11:15)
      at Object.type 
(node_modules/@testing-library/user-event/dist/cjs/utility/type.js:17:5)
      at Object.<anonymous> 
(src/settings/__tests__/AccountDetailPage.test.tsx:458:9)

    console.error
      Warning: An update to AccountDetailPage inside a test was not wrapped in 
act(...).
      
      When testing, code that causes React state updates should be wrapped 
into act(...):
      
      act(() => {
        /* fire events that update state */
      });
      /* assert on the output */
      
      This ensures that you're testing the behavior the user would see in the 
browser. Learn more at https://reactjs.org/link/wrap-tests-with-act
          at AccountDetailPage (C:\Users\samhe\OneDrive\Desktop\Cleaned\fronten
d\src\settings\AccountDetailPage.tsx:76:29)
          at routeContext (C:\Users\samhe\OneDrive\Desktop\Cleaned\frontend\nod
e_modules\react-router\lib\hooks.tsx:658:26)
          at children (C:\Users\samhe\OneDrive\Desktop\Cleaned\frontend\node_mo
dules\react-router\lib\components.tsx:512:3)
          at basenameProp (C:\Users\samhe\OneDrive\Desktop\Cleaned\frontend\nod
e_modules\react-router\lib\components.tsx:421:13)
          at basename (C:\Users\samhe\OneDrive\Desktop\Cleaned\frontend\node_mo
dules\react-router\lib\components.tsx:225:3)

      279 |                                 type="text"
      280 |                                 value={fullName}
    > 281 |                                 onChange={e => 
setFullName(e.target.value)}
          |                                                ^
      282 |                                 disabled={isOwn || saving}
      283 |                                 className="text-sm border 
border-gray-300 rounded px-2 py-1.5 focus:outline-none focus:ring-1 
focus:ring-blue-400 disabled:opacity-50"
      284 |                             />

      at printWarning 
(node_modules/react-dom/cjs/react-dom.development.js:86:30)
      at error (node_modules/react-dom/cjs/react-dom.development.js:60:7)
      at warnIfUpdatesNotWrappedWithActDEV 
(node_modules/react-dom/cjs/react-dom.development.js:27628:9)
      at scheduleUpdateOnFiber 
(node_modules/react-dom/cjs/react-dom.development.js:25547:5)
      at dispatchSetState 
(node_modules/react-dom/cjs/react-dom.development.js:16708:7)
      at onChange (src/settings/AccountDetailPage.tsx:281:48)
      at HTMLUnknownElement.callCallback 
(node_modules/react-dom/cjs/react-dom.development.js:4164:14)
      at HTMLUnknownElement.callTheUserObjectsOperation 
(node_modules/jsdom/lib/jsdom/living/generated/EventListener.js:26:30)
      at innerInvokeEventListeners 
(node_modules/jsdom/lib/jsdom/living/events/EventTarget-impl.js:350:25)
      at invokeEventListeners 
(node_modules/jsdom/lib/jsdom/living/events/EventTarget-impl.js:286:3)
      at HTMLUnknownElementImpl._dispatch 
(node_modules/jsdom/lib/jsdom/living/events/EventTarget-impl.js:233:9)
      at HTMLUnknownElementImpl.dispatchEvent 
(node_modules/jsdom/lib/jsdom/living/events/EventTarget-impl.js:104:17)
      at HTMLUnknownElement.dispatchEvent 
(node_modules/jsdom/lib/jsdom/living/generated/EventTarget.js:241:34)
      at Object.invokeGuardedCallbackDev 
(node_modules/react-dom/cjs/react-dom.development.js:4213:16)
      at invokeGuardedCallback 
(node_modules/react-dom/cjs/react-dom.development.js:4277:31)
      at invokeGuardedCallbackAndCatchFirstError 
(node_modules/react-dom/cjs/react-dom.development.js:4291:25)
      at executeDispatch 
(node_modules/react-dom/cjs/react-dom.development.js:9041:3)
      at processDispatchQueueItemsInOrder 
(node_modules/react-dom/cjs/react-dom.development.js:9073:7)
      at processDispatchQueue 
(node_modules/react-dom/cjs/react-dom.development.js:9086:5)
      at dispatchEventsForPlugins 
(node_modules/react-dom/cjs/react-dom.development.js:9097:3)
      at node_modules/react-dom/cjs/react-dom.development.js:9288:12
      at batchedUpdates$1 
(node_modules/react-dom/cjs/react-dom.development.js:26179:12)
      at batchedUpdates 
(node_modules/react-dom/cjs/react-dom.development.js:3991:12)
      at dispatchEventForPluginEventSystem 
(node_modules/react-dom/cjs/react-dom.development.js:9287:3)
      at dispatchEventWithEnableCapturePhaseSelectiveHydrationWithoutDiscreteEv
entReplay (node_modules/react-dom/cjs/react-dom.development.js:6465:5)
      at dispatchEvent 
(node_modules/react-dom/cjs/react-dom.development.js:6457:5)
      at dispatchDiscreteEvent 
(node_modules/react-dom/cjs/react-dom.development.js:6430:5)
      at HTMLDivElement.callTheUserObjectsOperation 
(node_modules/jsdom/lib/jsdom/living/generated/EventListener.js:26:30)
      at innerInvokeEventListeners 
(node_modules/jsdom/lib/jsdom/living/events/EventTarget-impl.js:350:25)
      at invokeEventListeners 
(node_modules/jsdom/lib/jsdom/living/events/EventTarget-impl.js:286:3)
      at HTMLInputElementImpl._dispatch 
(node_modules/jsdom/lib/jsdom/living/events/EventTarget-impl.js:233:9)
      at HTMLInputElementImpl.dispatchEvent 
(node_modules/jsdom/lib/jsdom/living/events/EventTarget-impl.js:104:17)
      at HTMLInputElement.dispatchEvent 
(node_modules/jsdom/lib/jsdom/living/generated/EventTarget.js:241:34)
      at 
node_modules/@testing-library/user-event/dist/cjs/event/dispatchEvent.js:45:43
      at Object.eventWrapper 
(node_modules/@testing-library/dom/dist/config.js:25:23)
      at Object.wrapEvent 
(node_modules/@testing-library/user-event/dist/cjs/event/wrapEvent.js:6:28)
      at Object.dispatchEvent (node_modules/@testing-library/user-event/dist/cj
s/event/dispatchEvent.js:45:22)
      at Object.dispatchUIEvent (node_modules/@testing-library/user-event/dist/
cjs/event/dispatchEvent.js:22:26)
      at commitInput 
(node_modules/@testing-library/user-event/dist/cjs/event/input.js:145:14)
      at editInputElement 
(node_modules/@testing-library/user-event/dist/cjs/event/input.js:115:9)
      at Object.input 
(node_modules/@testing-library/user-event/dist/cjs/event/input.js:37:9)
      at node_modules/@testing-library/user-event/dist/cjs/event/behavior/keypr
ess.js:31:26
      at Object.dispatchEvent (node_modules/@testing-library/user-event/dist/cj
s/event/dispatchEvent.js:41:13)
      at Object.dispatchUIEvent (node_modules/@testing-library/user-event/dist/
cjs/event/dispatchEvent.js:22:26)
      at KeyboardHost.keydown 
(node_modules/@testing-library/user-event/dist/cjs/system/keyboard.js:76:22)
      at keyboardAction 
(node_modules/@testing-library/user-event/dist/cjs/keyboard/index.js:22:35)
      at Object.keyboard 
(node_modules/@testing-library/user-event/dist/cjs/keyboard/index.js:11:15)
      at Object.type 
(node_modules/@testing-library/user-event/dist/cjs/utility/type.js:17:5)
      at Object.<anonymous> 
(src/settings/__tests__/AccountDetailPage.test.tsx:458:9)

PASS src/broker-submissions/__tests__/NewBrokerSubmissionPage.test.tsx
  ÔùÅ Console

    console.error
      Warning: An update to NewBrokerSubmissionPage inside a test was not 
wrapped in act(...).
      
      When testing, code that causes React state updates should be wrapped 
into act(...):
      
      act(() => {
        /* fire events that update state */
      });
      /* assert on the output */
      
      This ensures that you're testing the behavior the user would see in the 
browser. Learn more at https://reactjs.org/link/wrap-tests-with-act
          at NewBrokerSubmissionPage (C:\Users\samhe\OneDrive\Desktop\Cleaned\f
rontend\src\broker-submissions\NewBrokerSubmissionPage.tsx:69:12)
          at basenameProp (C:\Users\samhe\OneDrive\Desktop\Cleaned\frontend\nod
e_modules\react-router\lib\components.tsx:421:13)
          at basename (C:\Users\samhe\OneDrive\Desktop\Cleaned\frontend\node_mo
dules\react-router\lib\components.tsx:225:3)

      152 |     // Prevent double-submission while save is in flight
      153 |     if (saving) return
    > 154 |     setValidationError(null)
          |     ^
      155 |     setError(null)
      156 |
      157 |     // REQ-PSS-BRK-NEW-F-007

      at printWarning 
(node_modules/react-dom/cjs/react-dom.development.js:86:30)
      at error (node_modules/react-dom/cjs/react-dom.development.js:60:7)
      at warnIfUpdatesNotWrappedWithActDEV 
(node_modules/react-dom/cjs/react-dom.development.js:27628:9)
      at scheduleUpdateOnFiber 
(node_modules/react-dom/cjs/react-dom.development.js:25547:5)
      at dispatchSetState 
(node_modules/react-dom/cjs/react-dom.development.js:16708:7)
      at src/broker-submissions/NewBrokerSubmissionPage.tsx:154:5
      at handler (src/broker-submissions/NewBrokerSubmissionPage.tsx:144:27)
      at callTheUserObjectsOperation 
(node_modules/jsdom/lib/jsdom/living/generated/EventListener.js:26:30)
      at innerInvokeEventListeners 
(node_modules/jsdom/lib/jsdom/living/events/EventTarget-impl.js:350:25)
      at invokeEventListeners 
(node_modules/jsdom/lib/jsdom/living/events/EventTarget-impl.js:286:3)
      at EventTargetImpl._dispatch 
(node_modules/jsdom/lib/jsdom/living/events/EventTarget-impl.js:233:9)
      at EventTargetImpl.dispatchEvent 
(node_modules/jsdom/lib/jsdom/living/events/EventTarget-impl.js:104:17)
      at dispatchEvent 
(node_modules/jsdom/lib/jsdom/living/generated/EventTarget.js:241:34)
      at Object.<anonymous> 
(src/broker-submissions/__tests__/NewBrokerSubmissionPage.test.tsx:231:16)

    console.error
      Warning: An update to NewBrokerSubmissionPage inside a test was not 
wrapped in act(...).
      
      When testing, code that causes React state updates should be wrapped 
into act(...):
      
      act(() => {
        /* fire events that update state */
      });
      /* assert on the output */
      
      This ensures that you're testing the behavior the user would see in the 
browser. Learn more at https://reactjs.org/link/wrap-tests-with-act
          at NewBrokerSubmissionPage (C:\Users\samhe\OneDrive\Desktop\Cleaned\f
rontend\src\broker-submissions\NewBrokerSubmissionPage.tsx:69:12)
          at basenameProp (C:\Users\samhe\OneDrive\Desktop\Cleaned\frontend\nod
e_modules\react-router\lib\components.tsx:421:13)
          at basename (C:\Users\samhe\OneDrive\Desktop\Cleaned\frontend\node_mo
dules\react-router\lib\components.tsx:225:3)

      153 |     if (saving) return
      154 |     setValidationError(null)
    > 155 |     setError(null)
          |     ^
      156 |
      157 |     // REQ-PSS-BRK-NEW-F-007
      158 |     if (!insuredName.trim()) {

      at printWarning 
(node_modules/react-dom/cjs/react-dom.development.js:86:30)
      at error (node_modules/react-dom/cjs/react-dom.development.js:60:7)
      at warnIfUpdatesNotWrappedWithActDEV 
(node_modules/react-dom/cjs/react-dom.development.js:27628:9)
      at scheduleUpdateOnFiber 
(node_modules/react-dom/cjs/react-dom.development.js:25547:5)
      at dispatchSetState 
(node_modules/react-dom/cjs/react-dom.development.js:16708:7)
      at src/broker-submissions/NewBrokerSubmissionPage.tsx:155:5
      at handler (src/broker-submissions/NewBrokerSubmissionPage.tsx:144:27)
      at callTheUserObjectsOperation 
(node_modules/jsdom/lib/jsdom/living/generated/EventListener.js:26:30)
      at innerInvokeEventListeners 
(node_modules/jsdom/lib/jsdom/living/events/EventTarget-impl.js:350:25)
      at invokeEventListeners 
(node_modules/jsdom/lib/jsdom/living/events/EventTarget-impl.js:286:3)
      at EventTargetImpl._dispatch 
(node_modules/jsdom/lib/jsdom/living/events/EventTarget-impl.js:233:9)
      at EventTargetImpl.dispatchEvent 
(node_modules/jsdom/lib/jsdom/living/events/EventTarget-impl.js:104:17)
      at dispatchEvent 
(node_modules/jsdom/lib/jsdom/living/generated/EventTarget.js:241:34)
      at Object.<anonymous> 
(src/broker-submissions/__tests__/NewBrokerSubmissionPage.test.tsx:231:16)

    console.error
      Warning: An update to NewBrokerSubmissionPage inside a test was not 
wrapped in act(...).
      
      When testing, code that causes React state updates should be wrapped 
into act(...):
      
      act(() => {
        /* fire events that update state */
      });
      /* assert on the output */
      
      This ensures that you're testing the behavior the user would see in the 
browser. Learn more at https://reactjs.org/link/wrap-tests-with-act
          at NewBrokerSubmissionPage (C:\Users\samhe\OneDrive\Desktop\Cleaned\f
rontend\src\broker-submissions\NewBrokerSubmissionPage.tsx:69:12)
          at basenameProp (C:\Users\samhe\OneDrive\Desktop\Cleaned\frontend\nod
e_modules\react-router\lib\components.tsx:421:13)
          at basename (C:\Users\samhe\OneDrive\Desktop\Cleaned\frontend\node_mo
dules\react-router\lib\components.tsx:225:3)

      176 |     }
      177 |
    > 178 |     setSaving(true)
          |     ^
      179 |     try {
      180 |       const result = await createBrokerSubmission({
      181 |         insuredName: insuredName.trim(),

      at printWarning 
(node_modules/react-dom/cjs/react-dom.development.js:86:30)
      at error (node_modules/react-dom/cjs/react-dom.development.js:60:7)
      at warnIfUpdatesNotWrappedWithActDEV 
(node_modules/react-dom/cjs/react-dom.development.js:27628:9)
      at scheduleUpdateOnFiber 
(node_modules/react-dom/cjs/react-dom.development.js:25547:5)
      at dispatchSetState 
(node_modules/react-dom/cjs/react-dom.development.js:16708:7)
      at src/broker-submissions/NewBrokerSubmissionPage.tsx:178:5
      at handler (src/broker-submissions/NewBrokerSubmissionPage.tsx:144:27)
      at callTheUserObjectsOperation 
(node_modules/jsdom/lib/jsdom/living/generated/EventListener.js:26:30)
      at innerInvokeEventListeners 
(node_modules/jsdom/lib/jsdom/living/events/EventTarget-impl.js:350:25)
      at invokeEventListeners 
(node_modules/jsdom/lib/jsdom/living/events/EventTarget-impl.js:286:3)
      at EventTargetImpl._dispatch 
(node_modules/jsdom/lib/jsdom/living/events/EventTarget-impl.js:233:9)
      at EventTargetImpl.dispatchEvent 
(node_modules/jsdom/lib/jsdom/living/events/EventTarget-impl.js:104:17)
      at dispatchEvent 
(node_modules/jsdom/lib/jsdom/living/generated/EventTarget.js:241:34)
      at Object.<anonymous> 
(src/broker-submissions/__tests__/NewBrokerSubmissionPage.test.tsx:231:16)

    console.error
      Warning: An update to NewBrokerSubmissionPage inside a test was not 
wrapped in act(...).
      
      When testing, code that causes React state updates should be wrapped 
into act(...):
      
      act(() => {
        /* fire events that update state */
      });
      /* assert on the output */
      
      This ensures that you're testing the behavior the user would see in the 
browser. Learn more at https://reactjs.org/link/wrap-tests-with-act
          at NewBrokerSubmissionPage (C:\Users\samhe\OneDrive\Desktop\Cleaned\f
rontend\src\broker-submissions\NewBrokerSubmissionPage.tsx:69:12)
          at basenameProp (C:\Users\samhe\OneDrive\Desktop\Cleaned\frontend\nod
e_modules\react-router\lib\components.tsx:421:13)
          at basename (C:\Users\samhe\OneDrive\Desktop\Cleaned\frontend\node_mo
dules\react-router\lib\components.tsx:225:3)

      152 |     // Prevent double-submission while save is in flight
      153 |     if (saving) return
    > 154 |     setValidationError(null)
          |     ^
      155 |     setError(null)
      156 |
      157 |     // REQ-PSS-BRK-NEW-F-007

      at printWarning 
(node_modules/react-dom/cjs/react-dom.development.js:86:30)
      at error (node_modules/react-dom/cjs/react-dom.development.js:60:7)
      at warnIfUpdatesNotWrappedWithActDEV 
(node_modules/react-dom/cjs/react-dom.development.js:27628:9)
      at scheduleUpdateOnFiber 
(node_modules/react-dom/cjs/react-dom.development.js:25547:5)
      at dispatchSetState 
(node_modules/react-dom/cjs/react-dom.development.js:16708:7)
      at src/broker-submissions/NewBrokerSubmissionPage.tsx:154:5
      at handler (src/broker-submissions/NewBrokerSubmissionPage.tsx:144:27)
      at callTheUserObjectsOperation 
(node_modules/jsdom/lib/jsdom/living/generated/EventListener.js:26:30)
      at innerInvokeEventListeners 
(node_modules/jsdom/lib/jsdom/living/events/EventTarget-impl.js:350:25)
      at invokeEventListeners 
(node_modules/jsdom/lib/jsdom/living/events/EventTarget-impl.js:286:3)
      at EventTargetImpl._dispatch 
(node_modules/jsdom/lib/jsdom/living/events/EventTarget-impl.js:233:9)
      at EventTargetImpl.dispatchEvent 
(node_modules/jsdom/lib/jsdom/living/events/EventTarget-impl.js:104:17)
      at dispatchEvent 
(node_modules/jsdom/lib/jsdom/living/generated/EventTarget.js:241:34)
      at Object.<anonymous> 
(src/broker-submissions/__tests__/NewBrokerSubmissionPage.test.tsx:271:16)

    console.error
      Warning: An update to NewBrokerSubmissionPage inside a test was not 
wrapped in act(...).
      
      When testing, code that causes React state updates should be wrapped 
into act(...):
      
      act(() => {
        /* fire events that update state */
      });
      /* assert on the output */
      
      This ensures that you're testing the behavior the user would see in the 
browser. Learn more at https://reactjs.org/link/wrap-tests-with-act
          at NewBrokerSubmissionPage (C:\Users\samhe\OneDrive\Desktop\Cleaned\f
rontend\src\broker-submissions\NewBrokerSubmissionPage.tsx:69:12)
          at basenameProp (C:\Users\samhe\OneDrive\Desktop\Cleaned\frontend\nod
e_modules\react-router\lib\components.tsx:421:13)
          at basename (C:\Users\samhe\OneDrive\Desktop\Cleaned\frontend\node_mo
dules\react-router\lib\components.tsx:225:3)

      153 |     if (saving) return
      154 |     setValidationError(null)
    > 155 |     setError(null)
          |     ^
      156 |
      157 |     // REQ-PSS-BRK-NEW-F-007
      158 |     if (!insuredName.trim()) {

      at printWarning 
(node_modules/react-dom/cjs/react-dom.development.js:86:30)
      at error (node_modules/react-dom/cjs/react-dom.development.js:60:7)
      at warnIfUpdatesNotWrappedWithActDEV 
(node_modules/react-dom/cjs/react-dom.development.js:27628:9)
      at scheduleUpdateOnFiber 
(node_modules/react-dom/cjs/react-dom.development.js:25547:5)
      at dispatchSetState 
(node_modules/react-dom/cjs/react-dom.development.js:16708:7)
      at src/broker-submissions/NewBrokerSubmissionPage.tsx:155:5
      at handler (src/broker-submissions/NewBrokerSubmissionPage.tsx:144:27)
      at callTheUserObjectsOperation 
(node_modules/jsdom/lib/jsdom/living/generated/EventListener.js:26:30)
      at innerInvokeEventListeners 
(node_modules/jsdom/lib/jsdom/living/events/EventTarget-impl.js:350:25)
      at invokeEventListeners 
(node_modules/jsdom/lib/jsdom/living/events/EventTarget-impl.js:286:3)
      at EventTargetImpl._dispatch 
(node_modules/jsdom/lib/jsdom/living/events/EventTarget-impl.js:233:9)
      at EventTargetImpl.dispatchEvent 
(node_modules/jsdom/lib/jsdom/living/events/EventTarget-impl.js:104:17)
      at dispatchEvent 
(node_modules/jsdom/lib/jsdom/living/generated/EventTarget.js:241:34)
      at Object.<anonymous> 
(src/broker-submissions/__tests__/NewBrokerSubmissionPage.test.tsx:271:16)

    console.error
      Warning: An update to NewBrokerSubmissionPage inside a test was not 
wrapped in act(...).
      
      When testing, code that causes React state updates should be wrapped 
into act(...):
      
      act(() => {
        /* fire events that update state */
      });
      /* assert on the output */
      
      This ensures that you're testing the behavior the user would see in the 
browser. Learn more at https://reactjs.org/link/wrap-tests-with-act
          at NewBrokerSubmissionPage (C:\Users\samhe\OneDrive\Desktop\Cleaned\f
rontend\src\broker-submissions\NewBrokerSubmissionPage.tsx:69:12)
          at basenameProp (C:\Users\samhe\OneDrive\Desktop\Cleaned\frontend\nod
e_modules\react-router\lib\components.tsx:421:13)
          at basename (C:\Users\samhe\OneDrive\Desktop\Cleaned\frontend\node_mo
dules\react-router\lib\components.tsx:225:3)

      176 |     }
      177 |
    > 178 |     setSaving(true)
          |     ^
      179 |     try {
      180 |       const result = await createBrokerSubmission({
      181 |         insuredName: insuredName.trim(),

      at printWarning 
(node_modules/react-dom/cjs/react-dom.development.js:86:30)
      at error (node_modules/react-dom/cjs/react-dom.development.js:60:7)
      at warnIfUpdatesNotWrappedWithActDEV 
(node_modules/react-dom/cjs/react-dom.development.js:27628:9)
      at scheduleUpdateOnFiber 
(node_modules/react-dom/cjs/react-dom.development.js:25547:5)
      at dispatchSetState 
(node_modules/react-dom/cjs/react-dom.development.js:16708:7)
      at src/broker-submissions/NewBrokerSubmissionPage.tsx:178:5
      at handler (src/broker-submissions/NewBrokerSubmissionPage.tsx:144:27)
      at callTheUserObjectsOperation 
(node_modules/jsdom/lib/jsdom/living/generated/EventListener.js:26:30)
      at innerInvokeEventListeners 
(node_modules/jsdom/lib/jsdom/living/events/EventTarget-impl.js:350:25)
      at invokeEventListeners 
(node_modules/jsdom/lib/jsdom/living/events/EventTarget-impl.js:286:3)
      at EventTargetImpl._dispatch 
(node_modules/jsdom/lib/jsdom/living/events/EventTarget-impl.js:233:9)
      at EventTargetImpl.dispatchEvent 
(node_modules/jsdom/lib/jsdom/living/events/EventTarget-impl.js:104:17)
      at dispatchEvent 
(node_modules/jsdom/lib/jsdom/living/generated/EventTarget.js:241:34)
      at Object.<anonymous> 
(src/broker-submissions/__tests__/NewBrokerSubmissionPage.test.tsx:271:16)

    console.error
      Warning: An update to NewBrokerSubmissionPage inside a test was not 
wrapped in act(...).
      
      When testing, code that causes React state updates should be wrapped 
into act(...):
      
      act(() => {
        /* fire events that update state */
      });
      /* assert on the output */
      
      This ensures that you're testing the behavior the user would see in the 
browser. Learn more at https://reactjs.org/link/wrap-tests-with-act
          at NewBrokerSubmissionPage (C:\Users\samhe\OneDrive\Desktop\Cleaned\f
rontend\src\broker-submissions\NewBrokerSubmissionPage.tsx:69:12)
          at basenameProp (C:\Users\samhe\OneDrive\Desktop\Cleaned\frontend\nod
e_modules\react-router\lib\components.tsx:421:13)
          at basename (C:\Users\samhe\OneDrive\Desktop\Cleaned\frontend\node_mo
dules\react-router\lib\components.tsx:225:3)

      152 |     // Prevent double-submission while save is in flight
      153 |     if (saving) return
    > 154 |     setValidationError(null)
          |     ^
      155 |     setError(null)
      156 |
      157 |     // REQ-PSS-BRK-NEW-F-007

      at printWarning 
(node_modules/react-dom/cjs/react-dom.development.js:86:30)
      at error (node_modules/react-dom/cjs/react-dom.development.js:60:7)
      at warnIfUpdatesNotWrappedWithActDEV 
(node_modules/react-dom/cjs/react-dom.development.js:27628:9)
      at scheduleUpdateOnFiber 
(node_modules/react-dom/cjs/react-dom.development.js:25547:5)
      at dispatchSetState 
(node_modules/react-dom/cjs/react-dom.development.js:16708:7)
      at src/broker-submissions/NewBrokerSubmissionPage.tsx:154:5
      at handler (src/broker-submissions/NewBrokerSubmissionPage.tsx:144:27)
      at callTheUserObjectsOperation 
(node_modules/jsdom/lib/jsdom/living/generated/EventListener.js:26:30)
      at innerInvokeEventListeners 
(node_modules/jsdom/lib/jsdom/living/events/EventTarget-impl.js:350:25)
      at invokeEventListeners 
(node_modules/jsdom/lib/jsdom/living/events/EventTarget-impl.js:286:3)
      at EventTargetImpl._dispatch 
(node_modules/jsdom/lib/jsdom/living/events/EventTarget-impl.js:233:9)
      at EventTargetImpl.dispatchEvent 
(node_modules/jsdom/lib/jsdom/living/events/EventTarget-impl.js:104:17)
      at dispatchEvent 
(node_modules/jsdom/lib/jsdom/living/generated/EventTarget.js:241:34)
      at Object.<anonymous> 
(src/broker-submissions/__tests__/NewBrokerSubmissionPage.test.tsx:283:16)

    console.error
      Warning: An update to NewBrokerSubmissionPage inside a test was not 
wrapped in act(...).
      
      When testing, code that causes React state updates should be wrapped 
into act(...):
      
      act(() => {
        /* fire events that update state */
      });
      /* assert on the output */
      
      This ensures that you're testing the behavior the user would see in the 
browser. Learn more at https://reactjs.org/link/wrap-tests-with-act
          at NewBrokerSubmissionPage (C:\Users\samhe\OneDrive\Desktop\Cleaned\f
rontend\src\broker-submissions\NewBrokerSubmissionPage.tsx:69:12)
          at basenameProp (C:\Users\samhe\OneDrive\Desktop\Cleaned\frontend\nod
e_modules\react-router\lib\components.tsx:421:13)
          at basename (C:\Users\samhe\OneDrive\Desktop\Cleaned\frontend\node_mo
dules\react-router\lib\components.tsx:225:3)

      153 |     if (saving) return
      154 |     setValidationError(null)
    > 155 |     setError(null)
          |     ^
      156 |
      157 |     // REQ-PSS-BRK-NEW-F-007
      158 |     if (!insuredName.trim()) {

      at printWarning 
(node_modules/react-dom/cjs/react-dom.development.js:86:30)
      at error (node_modules/react-dom/cjs/react-dom.development.js:60:7)
      at warnIfUpdatesNotWrappedWithActDEV 
(node_modules/react-dom/cjs/react-dom.development.js:27628:9)
      at scheduleUpdateOnFiber 
(node_modules/react-dom/cjs/react-dom.development.js:25547:5)
      at dispatchSetState 
(node_modules/react-dom/cjs/react-dom.development.js:16708:7)
      at src/broker-submissions/NewBrokerSubmissionPage.tsx:155:5
      at handler (src/broker-submissions/NewBrokerSubmissionPage.tsx:144:27)
      at callTheUserObjectsOperation 
(node_modules/jsdom/lib/jsdom/living/generated/EventListener.js:26:30)
      at innerInvokeEventListeners 
(node_modules/jsdom/lib/jsdom/living/events/EventTarget-impl.js:350:25)
      at invokeEventListeners 
(node_modules/jsdom/lib/jsdom/living/events/EventTarget-impl.js:286:3)
      at EventTargetImpl._dispatch 
(node_modules/jsdom/lib/jsdom/living/events/EventTarget-impl.js:233:9)
      at EventTargetImpl.dispatchEvent 
(node_modules/jsdom/lib/jsdom/living/events/EventTarget-impl.js:104:17)
      at dispatchEvent 
(node_modules/jsdom/lib/jsdom/living/generated/EventTarget.js:241:34)
      at Object.<anonymous> 
(src/broker-submissions/__tests__/NewBrokerSubmissionPage.test.tsx:283:16)

    console.error
      Warning: An update to NewBrokerSubmissionPage inside a test was not 
wrapped in act(...).
      
      When testing, code that causes React state updates should be wrapped 
into act(...):
      
      act(() => {
        /* fire events that update state */
      });
      /* assert on the output */
      
      This ensures that you're testing the behavior the user would see in the 
browser. Learn more at https://reactjs.org/link/wrap-tests-with-act
          at NewBrokerSubmissionPage (C:\Users\samhe\OneDrive\Desktop\Cleaned\f
rontend\src\broker-submissions\NewBrokerSubmissionPage.tsx:69:12)
          at basenameProp (C:\Users\samhe\OneDrive\Desktop\Cleaned\frontend\nod
e_modules\react-router\lib\components.tsx:421:13)
          at basename (C:\Users\samhe\OneDrive\Desktop\Cleaned\frontend\node_mo
dules\react-router\lib\components.tsx:225:3)

      176 |     }
      177 |
    > 178 |     setSaving(true)
          |     ^
      179 |     try {
      180 |       const result = await createBrokerSubmission({
      181 |         insuredName: insuredName.trim(),

      at printWarning 
(node_modules/react-dom/cjs/react-dom.development.js:86:30)
      at error (node_modules/react-dom/cjs/react-dom.development.js:60:7)
      at warnIfUpdatesNotWrappedWithActDEV 
(node_modules/react-dom/cjs/react-dom.development.js:27628:9)
      at scheduleUpdateOnFiber 
(node_modules/react-dom/cjs/react-dom.development.js:25547:5)
      at dispatchSetState 
(node_modules/react-dom/cjs/react-dom.development.js:16708:7)
      at src/broker-submissions/NewBrokerSubmissionPage.tsx:178:5
      at handler (src/broker-submissions/NewBrokerSubmissionPage.tsx:144:27)
      at callTheUserObjectsOperation 
(node_modules/jsdom/lib/jsdom/living/generated/EventListener.js:26:30)
      at innerInvokeEventListeners 
(node_modules/jsdom/lib/jsdom/living/events/EventTarget-impl.js:350:25)
      at invokeEventListeners 
(node_modules/jsdom/lib/jsdom/living/events/EventTarget-impl.js:286:3)
      at EventTargetImpl._dispatch 
(node_modules/jsdom/lib/jsdom/living/events/EventTarget-impl.js:233:9)
      at EventTargetImpl.dispatchEvent 
(node_modules/jsdom/lib/jsdom/living/events/EventTarget-impl.js:104:17)
      at dispatchEvent 
(node_modules/jsdom/lib/jsdom/living/generated/EventTarget.js:241:34)
      at Object.<anonymous> 
(src/broker-submissions/__tests__/NewBrokerSubmissionPage.test.tsx:283:16)

    console.error
      Warning: An update to NewBrokerSubmissionPage inside a test was not 
wrapped in act(...).
      
      When testing, code that causes React state updates should be wrapped 
into act(...):
      
      act(() => {
        /* fire events that update state */
      });
      /* assert on the output */
      
      This ensures that you're testing the behavior the user would see in the 
browser. Learn more at https://reactjs.org/link/wrap-tests-with-act
          at NewBrokerSubmissionPage (C:\Users\samhe\OneDrive\Desktop\Cleaned\f
rontend\src\broker-submissions\NewBrokerSubmissionPage.tsx:69:12)
          at basenameProp (C:\Users\samhe\OneDrive\Desktop\Cleaned\frontend\nod
e_modules\react-router\lib\components.tsx:421:13)
          at basename (C:\Users\samhe\OneDrive\Desktop\Cleaned\frontend\node_mo
dules\react-router\lib\components.tsx:225:3)

      152 |     // Prevent double-submission while save is in flight
      153 |     if (saving) return
    > 154 |     setValidationError(null)
          |     ^
      155 |     setError(null)
      156 |
      157 |     // REQ-PSS-BRK-NEW-F-007

      at printWarning 
(node_modules/react-dom/cjs/react-dom.development.js:86:30)
      at error (node_modules/react-dom/cjs/react-dom.development.js:60:7)
      at warnIfUpdatesNotWrappedWithActDEV 
(node_modules/react-dom/cjs/react-dom.development.js:27628:9)
      at scheduleUpdateOnFiber 
(node_modules/react-dom/cjs/react-dom.development.js:25547:5)
      at dispatchSetState 
(node_modules/react-dom/cjs/react-dom.development.js:16708:7)
      at src/broker-submissions/NewBrokerSubmissionPage.tsx:154:5
      at handler (src/broker-submissions/NewBrokerSubmissionPage.tsx:144:27)
      at callTheUserObjectsOperation 
(node_modules/jsdom/lib/jsdom/living/generated/EventListener.js:26:30)
      at innerInvokeEventListeners 
(node_modules/jsdom/lib/jsdom/living/events/EventTarget-impl.js:350:25)
      at invokeEventListeners 
(node_modules/jsdom/lib/jsdom/living/events/EventTarget-impl.js:286:3)
      at EventTargetImpl._dispatch 
(node_modules/jsdom/lib/jsdom/living/events/EventTarget-impl.js:233:9)
      at EventTargetImpl.dispatchEvent 
(node_modules/jsdom/lib/jsdom/living/events/EventTarget-impl.js:104:17)
      at dispatchEvent 
(node_modules/jsdom/lib/jsdom/living/generated/EventTarget.js:241:34)
      at Object.<anonymous> 
(src/broker-submissions/__tests__/NewBrokerSubmissionPage.test.tsx:312:16)

    console.error
      Warning: An update to NewBrokerSubmissionPage inside a test was not 
wrapped in act(...).
      
      When testing, code that causes React state updates should be wrapped 
into act(...):
      
      act(() => {
        /* fire events that update state */
      });
      /* assert on the output */
      
      This ensures that you're testing the behavior the user would see in the 
browser. Learn more at https://reactjs.org/link/wrap-tests-with-act
          at NewBrokerSubmissionPage (C:\Users\samhe\OneDrive\Desktop\Cleaned\f
rontend\src\broker-submissions\NewBrokerSubmissionPage.tsx:69:12)
          at basenameProp (C:\Users\samhe\OneDrive\Desktop\Cleaned\frontend\nod
e_modules\react-router\lib\components.tsx:421:13)
          at basename (C:\Users\samhe\OneDrive\Desktop\Cleaned\frontend\node_mo
dules\react-router\lib\components.tsx:225:3)

      153 |     if (saving) return
      154 |     setValidationError(null)
    > 155 |     setError(null)
          |     ^
      156 |
      157 |     // REQ-PSS-BRK-NEW-F-007
      158 |     if (!insuredName.trim()) {

      at printWarning 
(node_modules/react-dom/cjs/react-dom.development.js:86:30)
      at error (node_modules/react-dom/cjs/react-dom.development.js:60:7)
      at warnIfUpdatesNotWrappedWithActDEV 
(node_modules/react-dom/cjs/react-dom.development.js:27628:9)
      at scheduleUpdateOnFiber 
(node_modules/react-dom/cjs/react-dom.development.js:25547:5)
      at dispatchSetState 
(node_modules/react-dom/cjs/react-dom.development.js:16708:7)
      at src/broker-submissions/NewBrokerSubmissionPage.tsx:155:5
      at handler (src/broker-submissions/NewBrokerSubmissionPage.tsx:144:27)
      at callTheUserObjectsOperation 
(node_modules/jsdom/lib/jsdom/living/generated/EventListener.js:26:30)
      at innerInvokeEventListeners 
(node_modules/jsdom/lib/jsdom/living/events/EventTarget-impl.js:350:25)
      at invokeEventListeners 
(node_modules/jsdom/lib/jsdom/living/events/EventTarget-impl.js:286:3)
      at EventTargetImpl._dispatch 
(node_modules/jsdom/lib/jsdom/living/events/EventTarget-impl.js:233:9)
      at EventTargetImpl.dispatchEvent 
(node_modules/jsdom/lib/jsdom/living/events/EventTarget-impl.js:104:17)
      at dispatchEvent 
(node_modules/jsdom/lib/jsdom/living/generated/EventTarget.js:241:34)
      at Object.<anonymous> 
(src/broker-submissions/__tests__/NewBrokerSubmissionPage.test.tsx:312:16)

    console.error
      Warning: An update to NewBrokerSubmissionPage inside a test was not 
wrapped in act(...).
      
      When testing, code that causes React state updates should be wrapped 
into act(...):
      
      act(() => {
        /* fire events that update state */
      });
      /* assert on the output */
      
      This ensures that you're testing the behavior the user would see in the 
browser. Learn more at https://reactjs.org/link/wrap-tests-with-act
          at NewBrokerSubmissionPage (C:\Users\samhe\OneDrive\Desktop\Cleaned\f
rontend\src\broker-submissions\NewBrokerSubmissionPage.tsx:69:12)
          at basenameProp (C:\Users\samhe\OneDrive\Desktop\Cleaned\frontend\nod
e_modules\react-router\lib\components.tsx:421:13)
          at basename (C:\Users\samhe\OneDrive\Desktop\Cleaned\frontend\node_mo
dules\react-router\lib\components.tsx:225:3)

      157 |     // REQ-PSS-BRK-NEW-F-007
      158 |     if (!insuredName.trim()) {
    > 159 |       setValidationError('Insured name is required.')
          |       ^
      160 |       return
      161 |     }
      162 |     // REQ-PSS-BRK-NEW-F-008

      at printWarning 
(node_modules/react-dom/cjs/react-dom.development.js:86:30)
      at error (node_modules/react-dom/cjs/react-dom.development.js:60:7)
      at warnIfUpdatesNotWrappedWithActDEV 
(node_modules/react-dom/cjs/react-dom.development.js:27628:9)
      at scheduleUpdateOnFiber 
(node_modules/react-dom/cjs/react-dom.development.js:25547:5)
      at dispatchSetState 
(node_modules/react-dom/cjs/react-dom.development.js:16708:7)
      at src/broker-submissions/NewBrokerSubmissionPage.tsx:159:7
      at handler (src/broker-submissions/NewBrokerSubmissionPage.tsx:144:27)
      at callTheUserObjectsOperation 
(node_modules/jsdom/lib/jsdom/living/generated/EventListener.js:26:30)
      at innerInvokeEventListeners 
(node_modules/jsdom/lib/jsdom/living/events/EventTarget-impl.js:350:25)
      at invokeEventListeners 
(node_modules/jsdom/lib/jsdom/living/events/EventTarget-impl.js:286:3)
      at EventTargetImpl._dispatch 
(node_modules/jsdom/lib/jsdom/living/events/EventTarget-impl.js:233:9)
      at EventTargetImpl.dispatchEvent 
(node_modules/jsdom/lib/jsdom/living/events/EventTarget-impl.js:104:17)
      at dispatchEvent 
(node_modules/jsdom/lib/jsdom/living/generated/EventTarget.js:241:34)
      at Object.<anonymous> 
(src/broker-submissions/__tests__/NewBrokerSubmissionPage.test.tsx:312:16)

    console.error
      Warning: An update to NewBrokerSubmissionPage inside a test was not 
wrapped in act(...).
      
      When testing, code that causes React state updates should be wrapped 
into act(...):
      
      act(() => {
        /* fire events that update state */
      });
      /* assert on the output */
      
      This ensures that you're testing the behavior the user would see in the 
browser. Learn more at https://reactjs.org/link/wrap-tests-with-act
          at NewBrokerSubmissionPage (C:\Users\samhe\OneDrive\Desktop\Cleaned\f
rontend\src\broker-submissions\NewBrokerSubmissionPage.tsx:69:12)
          at basenameProp (C:\Users\samhe\OneDrive\Desktop\Cleaned\frontend\nod
e_modules\react-router\lib\components.tsx:421:13)
          at basename (C:\Users\samhe\OneDrive\Desktop\Cleaned\frontend\node_mo
dules\react-router\lib\components.tsx:225:3)

      152 |     // Prevent double-submission while save is in flight
      153 |     if (saving) return
    > 154 |     setValidationError(null)
          |     ^
      155 |     setError(null)
      156 |
      157 |     // REQ-PSS-BRK-NEW-F-007

      at printWarning 
(node_modules/react-dom/cjs/react-dom.development.js:86:30)
      at error (node_modules/react-dom/cjs/react-dom.development.js:60:7)
      at warnIfUpdatesNotWrappedWithActDEV 
(node_modules/react-dom/cjs/react-dom.development.js:27628:9)
      at scheduleUpdateOnFiber 
(node_modules/react-dom/cjs/react-dom.development.js:25547:5)
      at dispatchSetState 
(node_modules/react-dom/cjs/react-dom.development.js:16708:7)
      at src/broker-submissions/NewBrokerSubmissionPage.tsx:154:5
      at handler (src/broker-submissions/NewBrokerSubmissionPage.tsx:144:27)
      at callTheUserObjectsOperation 
(node_modules/jsdom/lib/jsdom/living/generated/EventListener.js:26:30)
      at innerInvokeEventListeners 
(node_modules/jsdom/lib/jsdom/living/events/EventTarget-impl.js:350:25)
      at invokeEventListeners 
(node_modules/jsdom/lib/jsdom/living/events/EventTarget-impl.js:286:3)
      at EventTargetImpl._dispatch 
(node_modules/jsdom/lib/jsdom/living/events/EventTarget-impl.js:233:9)
      at EventTargetImpl.dispatchEvent 
(node_modules/jsdom/lib/jsdom/living/events/EventTarget-impl.js:104:17)
      at dispatchEvent 
(node_modules/jsdom/lib/jsdom/living/generated/EventTarget.js:241:34)
      at Object.<anonymous> 
(src/broker-submissions/__tests__/NewBrokerSubmissionPage.test.tsx:323:16)

    console.error
      Warning: An update to NewBrokerSubmissionPage inside a test was not 
wrapped in act(...).
      
      When testing, code that causes React state updates should be wrapped 
into act(...):
      
      act(() => {
        /* fire events that update state */
      });
      /* assert on the output */
      
      This ensures that you're testing the behavior the user would see in the 
browser. Learn more at https://reactjs.org/link/wrap-tests-with-act
          at NewBrokerSubmissionPage (C:\Users\samhe\OneDrive\Desktop\Cleaned\f
rontend\src\broker-submissions\NewBrokerSubmissionPage.tsx:69:12)
          at basenameProp (C:\Users\samhe\OneDrive\Desktop\Cleaned\frontend\nod
e_modules\react-router\lib\components.tsx:421:13)
          at basename (C:\Users\samhe\OneDrive\Desktop\Cleaned\frontend\node_mo
dules\react-router\lib\components.tsx:225:3)

      153 |     if (saving) return
      154 |     setValidationError(null)
    > 155 |     setError(null)
          |     ^
      156 |
      157 |     // REQ-PSS-BRK-NEW-F-007
      158 |     if (!insuredName.trim()) {

      at printWarning 
(node_modules/react-dom/cjs/react-dom.development.js:86:30)
      at error (node_modules/react-dom/cjs/react-dom.development.js:60:7)
      at warnIfUpdatesNotWrappedWithActDEV 
(node_modules/react-dom/cjs/react-dom.development.js:27628:9)
      at scheduleUpdateOnFiber 
(node_modules/react-dom/cjs/react-dom.development.js:25547:5)
      at dispatchSetState 
(node_modules/react-dom/cjs/react-dom.development.js:16708:7)
      at src/broker-submissions/NewBrokerSubmissionPage.tsx:155:5
      at handler (src/broker-submissions/NewBrokerSubmissionPage.tsx:144:27)
      at callTheUserObjectsOperation 
(node_modules/jsdom/lib/jsdom/living/generated/EventListener.js:26:30)
      at innerInvokeEventListeners 
(node_modules/jsdom/lib/jsdom/living/events/EventTarget-impl.js:350:25)
      at invokeEventListeners 
(node_modules/jsdom/lib/jsdom/living/events/EventTarget-impl.js:286:3)
      at EventTargetImpl._dispatch 
(node_modules/jsdom/lib/jsdom/living/events/EventTarget-impl.js:233:9)
      at EventTargetImpl.dispatchEvent 
(node_modules/jsdom/lib/jsdom/living/events/EventTarget-impl.js:104:17)
      at dispatchEvent 
(node_modules/jsdom/lib/jsdom/living/generated/EventTarget.js:241:34)
      at Object.<anonymous> 
(src/broker-submissions/__tests__/NewBrokerSubmissionPage.test.tsx:323:16)

    console.error
      Warning: An update to NewBrokerSubmissionPage inside a test was not 
wrapped in act(...).
      
      When testing, code that causes React state updates should be wrapped 
into act(...):
      
      act(() => {
        /* fire events that update state */
      });
      /* assert on the output */
      
      This ensures that you're testing the behavior the user would see in the 
browser. Learn more at https://reactjs.org/link/wrap-tests-with-act
          at NewBrokerSubmissionPage (C:\Users\samhe\OneDrive\Desktop\Cleaned\f
rontend\src\broker-submissions\NewBrokerSubmissionPage.tsx:69:12)
          at basenameProp (C:\Users\samhe\OneDrive\Desktop\Cleaned\frontend\nod
e_modules\react-router\lib\components.tsx:421:13)
          at basename (C:\Users\samhe\OneDrive\Desktop\Cleaned\frontend\node_mo
dules\react-router\lib\components.tsx:225:3)

      162 |     // REQ-PSS-BRK-NEW-F-008
      163 |     if (!inceptionDate) {
    > 164 |       setValidationError('Inception date is required.')
          |       ^
      165 |       return
      166 |     }
      167 |     // REQ-PSS-BRK-NEW-F-002

      at printWarning 
(node_modules/react-dom/cjs/react-dom.development.js:86:30)
      at error (node_modules/react-dom/cjs/react-dom.development.js:60:7)
      at warnIfUpdatesNotWrappedWithActDEV 
(node_modules/react-dom/cjs/react-dom.development.js:27628:9)
      at scheduleUpdateOnFiber 
(node_modules/react-dom/cjs/react-dom.development.js:25547:5)
      at dispatchSetState 
(node_modules/react-dom/cjs/react-dom.development.js:16708:7)
      at src/broker-submissions/NewBrokerSubmissionPage.tsx:164:7
      at handler (src/broker-submissions/NewBrokerSubmissionPage.tsx:144:27)
      at callTheUserObjectsOperation 
(node_modules/jsdom/lib/jsdom/living/generated/EventListener.js:26:30)
      at innerInvokeEventListeners 
(node_modules/jsdom/lib/jsdom/living/events/EventTarget-impl.js:350:25)
      at invokeEventListeners 
(node_modules/jsdom/lib/jsdom/living/events/EventTarget-impl.js:286:3)
      at EventTargetImpl._dispatch 
(node_modules/jsdom/lib/jsdom/living/events/EventTarget-impl.js:233:9)
      at EventTargetImpl.dispatchEvent 
(node_modules/jsdom/lib/jsdom/living/events/EventTarget-impl.js:104:17)
      at dispatchEvent 
(node_modules/jsdom/lib/jsdom/living/generated/EventTarget.js:241:34)
      at Object.<anonymous> 
(src/broker-submissions/__tests__/NewBrokerSubmissionPage.test.tsx:323:16)

    console.error
      Warning: An update to NewBrokerSubmissionPage inside a test was not 
wrapped in act(...).
      
      When testing, code that causes React state updates should be wrapped 
into act(...):
      
      act(() => {
        /* fire events that update state */
      });
      /* assert on the output */
      
      This ensures that you're testing the behavior the user would see in the 
browser. Learn more at https://reactjs.org/link/wrap-tests-with-act
          at NewBrokerSubmissionPage (C:\Users\samhe\OneDrive\Desktop\Cleaned\f
rontend\src\broker-submissions\NewBrokerSubmissionPage.tsx:69:12)
          at basenameProp (C:\Users\samhe\OneDrive\Desktop\Cleaned\frontend\nod
e_modules\react-router\lib\components.tsx:421:13)
          at basename (C:\Users\samhe\OneDrive\Desktop\Cleaned\frontend\node_mo
dules\react-router\lib\components.tsx:225:3)

      152 |     // Prevent double-submission while save is in flight
      153 |     if (saving) return
    > 154 |     setValidationError(null)
          |     ^
      155 |     setError(null)
      156 |
      157 |     // REQ-PSS-BRK-NEW-F-007

      at printWarning 
(node_modules/react-dom/cjs/react-dom.development.js:86:30)
      at error (node_modules/react-dom/cjs/react-dom.development.js:60:7)
      at warnIfUpdatesNotWrappedWithActDEV 
(node_modules/react-dom/cjs/react-dom.development.js:27628:9)
      at scheduleUpdateOnFiber 
(node_modules/react-dom/cjs/react-dom.development.js:25547:5)
      at dispatchSetState 
(node_modules/react-dom/cjs/react-dom.development.js:16708:7)
      at src/broker-submissions/NewBrokerSubmissionPage.tsx:154:5
      at handler (src/broker-submissions/NewBrokerSubmissionPage.tsx:144:27)
      at callTheUserObjectsOperation 
(node_modules/jsdom/lib/jsdom/living/generated/EventListener.js:26:30)
      at innerInvokeEventListeners 
(node_modules/jsdom/lib/jsdom/living/events/EventTarget-impl.js:350:25)
      at invokeEventListeners 
(node_modules/jsdom/lib/jsdom/living/events/EventTarget-impl.js:286:3)
      at EventTargetImpl._dispatch 
(node_modules/jsdom/lib/jsdom/living/events/EventTarget-impl.js:233:9)
      at EventTargetImpl.dispatchEvent 
(node_modules/jsdom/lib/jsdom/living/events/EventTarget-impl.js:104:17)
      at dispatchEvent 
(node_modules/jsdom/lib/jsdom/living/generated/EventTarget.js:241:34)
      at Object.<anonymous> 
(src/broker-submissions/__tests__/NewBrokerSubmissionPage.test.tsx:342:16)

    console.error
      Warning: An update to NewBrokerSubmissionPage inside a test was not 
wrapped in act(...).
      
      When testing, code that causes React state updates should be wrapped 
into act(...):
      
      act(() => {
        /* fire events that update state */
      });
      /* assert on the output */
      
      This ensures that you're testing the behavior the user would see in the 
browser. Learn more at https://reactjs.org/link/wrap-tests-with-act
          at NewBrokerSubmissionPage (C:\Users\samhe\OneDrive\Desktop\Cleaned\f
rontend\src\broker-submissions\NewBrokerSubmissionPage.tsx:69:12)
          at basenameProp (C:\Users\samhe\OneDrive\Desktop\Cleaned\frontend\nod
e_modules\react-router\lib\components.tsx:421:13)
          at basename (C:\Users\samhe\OneDrive\Desktop\Cleaned\frontend\node_mo
dules\react-router\lib\components.tsx:225:3)

      153 |     if (saving) return
      154 |     setValidationError(null)
    > 155 |     setError(null)
          |     ^
      156 |
      157 |     // REQ-PSS-BRK-NEW-F-007
      158 |     if (!insuredName.trim()) {

      at printWarning 
(node_modules/react-dom/cjs/react-dom.development.js:86:30)
      at error (node_modules/react-dom/cjs/react-dom.development.js:60:7)
      at warnIfUpdatesNotWrappedWithActDEV 
(node_modules/react-dom/cjs/react-dom.development.js:27628:9)
      at scheduleUpdateOnFiber 
(node_modules/react-dom/cjs/react-dom.development.js:25547:5)
      at dispatchSetState 
(node_modules/react-dom/cjs/react-dom.development.js:16708:7)
      at src/broker-submissions/NewBrokerSubmissionPage.tsx:155:5
      at handler (src/broker-submissions/NewBrokerSubmissionPage.tsx:144:27)
      at callTheUserObjectsOperation 
(node_modules/jsdom/lib/jsdom/living/generated/EventListener.js:26:30)
      at innerInvokeEventListeners 
(node_modules/jsdom/lib/jsdom/living/events/EventTarget-impl.js:350:25)
      at invokeEventListeners 
(node_modules/jsdom/lib/jsdom/living/events/EventTarget-impl.js:286:3)
      at EventTargetImpl._dispatch 
(node_modules/jsdom/lib/jsdom/living/events/EventTarget-impl.js:233:9)
      at EventTargetImpl.dispatchEvent 
(node_modules/jsdom/lib/jsdom/living/events/EventTarget-impl.js:104:17)
      at dispatchEvent 
(node_modules/jsdom/lib/jsdom/living/generated/EventTarget.js:241:34)
      at Object.<anonymous> 
(src/broker-submissions/__tests__/NewBrokerSubmissionPage.test.tsx:342:16)

    console.error
      Warning: An update to NewBrokerSubmissionPage inside a test was not 
wrapped in act(...).
      
      When testing, code that causes React state updates should be wrapped 
into act(...):
      
      act(() => {
        /* fire events that update state */
      });
      /* assert on the output */
      
      This ensures that you're testing the behavior the user would see in the 
browser. Learn more at https://reactjs.org/link/wrap-tests-with-act
          at NewBrokerSubmissionPage (C:\Users\samhe\OneDrive\Desktop\Cleaned\f
rontend\src\broker-submissions\NewBrokerSubmissionPage.tsx:69:12)
          at basenameProp (C:\Users\samhe\OneDrive\Desktop\Cleaned\frontend\nod
e_modules\react-router\lib\components.tsx:421:13)
          at basename (C:\Users\samhe\OneDrive\Desktop\Cleaned\frontend\node_mo
dules\react-router\lib\components.tsx:225:3)

      172 |     // REQ-PSS-BRK-NEW-F-009
      173 |     if (expiryDate && expiryDate < inceptionDate) {
    > 174 |       setValidationError('Expiry date must be on or after the 
inception date.')
          |       ^
      175 |       return
      176 |     }
      177 |

      at printWarning 
(node_modules/react-dom/cjs/react-dom.development.js:86:30)
      at error (node_modules/react-dom/cjs/react-dom.development.js:60:7)
      at warnIfUpdatesNotWrappedWithActDEV 
(node_modules/react-dom/cjs/react-dom.development.js:27628:9)
      at scheduleUpdateOnFiber 
(node_modules/react-dom/cjs/react-dom.development.js:25547:5)
      at dispatchSetState 
(node_modules/react-dom/cjs/react-dom.development.js:16708:7)
      at src/broker-submissions/NewBrokerSubmissionPage.tsx:174:7
      at handler (src/broker-submissions/NewBrokerSubmissionPage.tsx:144:27)
      at callTheUserObjectsOperation 
(node_modules/jsdom/lib/jsdom/living/generated/EventListener.js:26:30)
      at innerInvokeEventListeners 
(node_modules/jsdom/lib/jsdom/living/events/EventTarget-impl.js:350:25)
      at invokeEventListeners 
(node_modules/jsdom/lib/jsdom/living/events/EventTarget-impl.js:286:3)
      at EventTargetImpl._dispatch 
(node_modules/jsdom/lib/jsdom/living/events/EventTarget-impl.js:233:9)
      at EventTargetImpl.dispatchEvent 
(node_modules/jsdom/lib/jsdom/living/events/EventTarget-impl.js:104:17)
      at dispatchEvent 
(node_modules/jsdom/lib/jsdom/living/generated/EventTarget.js:241:34)
      at Object.<anonymous> 
(src/broker-submissions/__tests__/NewBrokerSubmissionPage.test.tsx:342:16)

    console.error
      Warning: An update to NewBrokerSubmissionPage inside a test was not 
wrapped in act(...).
      
      When testing, code that causes React state updates should be wrapped 
into act(...):
      
      act(() => {
        /* fire events that update state */
      });
      /* assert on the output */
      
      This ensures that you're testing the behavior the user would see in the 
browser. Learn more at https://reactjs.org/link/wrap-tests-with-act
          at NewBrokerSubmissionPage (C:\Users\samhe\OneDrive\Desktop\Cleaned\f
rontend\src\broker-submissions\NewBrokerSubmissionPage.tsx:69:12)
          at basenameProp (C:\Users\samhe\OneDrive\Desktop\Cleaned\frontend\nod
e_modules\react-router\lib\components.tsx:421:13)
          at basename (C:\Users\samhe\OneDrive\Desktop\Cleaned\frontend\node_mo
dules\react-router\lib\components.tsx:225:3)

      152 |     // Prevent double-submission while save is in flight
      153 |     if (saving) return
    > 154 |     setValidationError(null)
          |     ^
      155 |     setError(null)
      156 |
      157 |     // REQ-PSS-BRK-NEW-F-007

      at printWarning 
(node_modules/react-dom/cjs/react-dom.development.js:86:30)
      at error (node_modules/react-dom/cjs/react-dom.development.js:60:7)
      at warnIfUpdatesNotWrappedWithActDEV 
(node_modules/react-dom/cjs/react-dom.development.js:27628:9)
      at scheduleUpdateOnFiber 
(node_modules/react-dom/cjs/react-dom.development.js:25547:5)
      at dispatchSetState 
(node_modules/react-dom/cjs/react-dom.development.js:16708:7)
      at src/broker-submissions/NewBrokerSubmissionPage.tsx:154:5
      at handler (src/broker-submissions/NewBrokerSubmissionPage.tsx:144:27)
      at callTheUserObjectsOperation 
(node_modules/jsdom/lib/jsdom/living/generated/EventListener.js:26:30)
      at innerInvokeEventListeners 
(node_modules/jsdom/lib/jsdom/living/events/EventTarget-impl.js:350:25)
      at invokeEventListeners 
(node_modules/jsdom/lib/jsdom/living/events/EventTarget-impl.js:286:3)
      at EventTargetImpl._dispatch 
(node_modules/jsdom/lib/jsdom/living/events/EventTarget-impl.js:233:9)
      at EventTargetImpl.dispatchEvent 
(node_modules/jsdom/lib/jsdom/living/events/EventTarget-impl.js:104:17)
      at dispatchEvent 
(node_modules/jsdom/lib/jsdom/living/generated/EventTarget.js:241:34)
      at Object.<anonymous> 
(src/broker-submissions/__tests__/NewBrokerSubmissionPage.test.tsx:356:16)

    console.error
      Warning: An update to NewBrokerSubmissionPage inside a test was not 
wrapped in act(...).
      
      When testing, code that causes React state updates should be wrapped 
into act(...):
      
      act(() => {
        /* fire events that update state */
      });
      /* assert on the output */
      
      This ensures that you're testing the behavior the user would see in the 
browser. Learn more at https://reactjs.org/link/wrap-tests-with-act
          at NewBrokerSubmissionPage (C:\Users\samhe\OneDrive\Desktop\Cleaned\f
rontend\src\broker-submissions\NewBrokerSubmissionPage.tsx:69:12)
          at basenameProp (C:\Users\samhe\OneDrive\Desktop\Cleaned\frontend\nod
e_modules\react-router\lib\components.tsx:421:13)
          at basename (C:\Users\samhe\OneDrive\Desktop\Cleaned\frontend\node_mo
dules\react-router\lib\components.tsx:225:3)

      153 |     if (saving) return
      154 |     setValidationError(null)
    > 155 |     setError(null)
          |     ^
      156 |
      157 |     // REQ-PSS-BRK-NEW-F-007
      158 |     if (!insuredName.trim()) {

      at printWarning 
(node_modules/react-dom/cjs/react-dom.development.js:86:30)
      at error (node_modules/react-dom/cjs/react-dom.development.js:60:7)
      at warnIfUpdatesNotWrappedWithActDEV 
(node_modules/react-dom/cjs/react-dom.development.js:27628:9)
      at scheduleUpdateOnFiber 
(node_modules/react-dom/cjs/react-dom.development.js:25547:5)
      at dispatchSetState 
(node_modules/react-dom/cjs/react-dom.development.js:16708:7)
      at src/broker-submissions/NewBrokerSubmissionPage.tsx:155:5
      at handler (src/broker-submissions/NewBrokerSubmissionPage.tsx:144:27)
      at callTheUserObjectsOperation 
(node_modules/jsdom/lib/jsdom/living/generated/EventListener.js:26:30)
      at innerInvokeEventListeners 
(node_modules/jsdom/lib/jsdom/living/events/EventTarget-impl.js:350:25)
      at invokeEventListeners 
(node_modules/jsdom/lib/jsdom/living/events/EventTarget-impl.js:286:3)
      at EventTargetImpl._dispatch 
(node_modules/jsdom/lib/jsdom/living/events/EventTarget-impl.js:233:9)
      at EventTargetImpl.dispatchEvent 
(node_modules/jsdom/lib/jsdom/living/events/EventTarget-impl.js:104:17)
      at dispatchEvent 
(node_modules/jsdom/lib/jsdom/living/generated/EventTarget.js:241:34)
      at Object.<anonymous> 
(src/broker-submissions/__tests__/NewBrokerSubmissionPage.test.tsx:356:16)

    console.error
      Warning: An update to NewBrokerSubmissionPage inside a test was not 
wrapped in act(...).
      
      When testing, code that causes React state updates should be wrapped 
into act(...):
      
      act(() => {
        /* fire events that update state */
      });
      /* assert on the output */
      
      This ensures that you're testing the behavior the user would see in the 
browser. Learn more at https://reactjs.org/link/wrap-tests-with-act
          at NewBrokerSubmissionPage (C:\Users\samhe\OneDrive\Desktop\Cleaned\f
rontend\src\broker-submissions\NewBrokerSubmissionPage.tsx:69:12)
          at basenameProp (C:\Users\samhe\OneDrive\Desktop\Cleaned\frontend\nod
e_modules\react-router\lib\components.tsx:421:13)
          at basename (C:\Users\samhe\OneDrive\Desktop\Cleaned\frontend\node_mo
dules\react-router\lib\components.tsx:225:3)

      176 |     }
      177 |
    > 178 |     setSaving(true)
          |     ^
      179 |     try {
      180 |       const result = await createBrokerSubmission({
      181 |         insuredName: insuredName.trim(),

      at printWarning 
(node_modules/react-dom/cjs/react-dom.development.js:86:30)
      at error (node_modules/react-dom/cjs/react-dom.development.js:60:7)
      at warnIfUpdatesNotWrappedWithActDEV 
(node_modules/react-dom/cjs/react-dom.development.js:27628:9)
      at scheduleUpdateOnFiber 
(node_modules/react-dom/cjs/react-dom.development.js:25547:5)
      at dispatchSetState 
(node_modules/react-dom/cjs/react-dom.development.js:16708:7)
      at src/broker-submissions/NewBrokerSubmissionPage.tsx:178:5
      at handler (src/broker-submissions/NewBrokerSubmissionPage.tsx:144:27)
      at callTheUserObjectsOperation 
(node_modules/jsdom/lib/jsdom/living/generated/EventListener.js:26:30)
      at innerInvokeEventListeners 
(node_modules/jsdom/lib/jsdom/living/events/EventTarget-impl.js:350:25)
      at invokeEventListeners 
(node_modules/jsdom/lib/jsdom/living/events/EventTarget-impl.js:286:3)
      at EventTargetImpl._dispatch 
(node_modules/jsdom/lib/jsdom/living/events/EventTarget-impl.js:233:9)
      at EventTargetImpl.dispatchEvent 
(node_modules/jsdom/lib/jsdom/living/events/EventTarget-impl.js:104:17)
      at dispatchEvent 
(node_modules/jsdom/lib/jsdom/living/generated/EventTarget.js:241:34)
      at Object.<anonymous> 
(src/broker-submissions/__tests__/NewBrokerSubmissionPage.test.tsx:356:16)

    console.error
      Warning: An update to NewBrokerSubmissionPage inside a test was not 
wrapped in act(...).
      
      When testing, code that causes React state updates should be wrapped 
into act(...):
      
      act(() => {
        /* fire events that update state */
      });
      /* assert on the output */
      
      This ensures that you're testing the behavior the user would see in the 
browser. Learn more at https://reactjs.org/link/wrap-tests-with-act
          at NewBrokerSubmissionPage (C:\Users\samhe\OneDrive\Desktop\Cleaned\f
rontend\src\broker-submissions\NewBrokerSubmissionPage.tsx:69:12)
          at basenameProp (C:\Users\samhe\OneDrive\Desktop\Cleaned\frontend\nod
e_modules\react-router\lib\components.tsx:421:13)
          at basename (C:\Users\samhe\OneDrive\Desktop\Cleaned\frontend\node_mo
dules\react-router\lib\components.tsx:225:3)

      152 |     // Prevent double-submission while save is in flight
      153 |     if (saving) return
    > 154 |     setValidationError(null)
          |     ^
      155 |     setError(null)
      156 |
      157 |     // REQ-PSS-BRK-NEW-F-007

      at printWarning 
(node_modules/react-dom/cjs/react-dom.development.js:86:30)
      at error (node_modules/react-dom/cjs/react-dom.development.js:60:7)
      at warnIfUpdatesNotWrappedWithActDEV 
(node_modules/react-dom/cjs/react-dom.development.js:27628:9)
      at scheduleUpdateOnFiber 
(node_modules/react-dom/cjs/react-dom.development.js:25547:5)
      at dispatchSetState 
(node_modules/react-dom/cjs/react-dom.development.js:16708:7)
      at src/broker-submissions/NewBrokerSubmissionPage.tsx:154:5
      at handler (src/broker-submissions/NewBrokerSubmissionPage.tsx:144:27)
      at callTheUserObjectsOperation 
(node_modules/jsdom/lib/jsdom/living/generated/EventListener.js:26:30)
      at innerInvokeEventListeners 
(node_modules/jsdom/lib/jsdom/living/events/EventTarget-impl.js:350:25)
      at invokeEventListeners 
(node_modules/jsdom/lib/jsdom/living/events/EventTarget-impl.js:286:3)
      at EventTargetImpl._dispatch 
(node_modules/jsdom/lib/jsdom/living/events/EventTarget-impl.js:233:9)
      at EventTargetImpl.dispatchEvent 
(node_modules/jsdom/lib/jsdom/living/events/EventTarget-impl.js:104:17)
      at dispatchEvent 
(node_modules/jsdom/lib/jsdom/living/generated/EventTarget.js:241:34)
      at Object.<anonymous> 
(src/broker-submissions/__tests__/NewBrokerSubmissionPage.test.tsx:373:16)

    console.error
      Warning: An update to NewBrokerSubmissionPage inside a test was not 
wrapped in act(...).
      
      When testing, code that causes React state updates should be wrapped 
into act(...):
      
      act(() => {
        /* fire events that update state */
      });
      /* assert on the output */
      
      This ensures that you're testing the behavior the user would see in the 
browser. Learn more at https://reactjs.org/link/wrap-tests-with-act
          at NewBrokerSubmissionPage (C:\Users\samhe\OneDrive\Desktop\Cleaned\f
rontend\src\broker-submissions\NewBrokerSubmissionPage.tsx:69:12)
          at basenameProp (C:\Users\samhe\OneDrive\Desktop\Cleaned\frontend\nod
e_modules\react-router\lib\components.tsx:421:13)
          at basename (C:\Users\samhe\OneDrive\Desktop\Cleaned\frontend\node_mo
dules\react-router\lib\components.tsx:225:3)

      153 |     if (saving) return
      154 |     setValidationError(null)
    > 155 |     setError(null)
          |     ^
      156 |
      157 |     // REQ-PSS-BRK-NEW-F-007
      158 |     if (!insuredName.trim()) {

      at printWarning 
(node_modules/react-dom/cjs/react-dom.development.js:86:30)
      at error (node_modules/react-dom/cjs/react-dom.development.js:60:7)
      at warnIfUpdatesNotWrappedWithActDEV 
(node_modules/react-dom/cjs/react-dom.development.js:27628:9)
      at scheduleUpdateOnFiber 
(node_modules/react-dom/cjs/react-dom.development.js:25547:5)
      at dispatchSetState 
(node_modules/react-dom/cjs/react-dom.development.js:16708:7)
      at src/broker-submissions/NewBrokerSubmissionPage.tsx:155:5
      at handler (src/broker-submissions/NewBrokerSubmissionPage.tsx:144:27)
      at callTheUserObjectsOperation 
(node_modules/jsdom/lib/jsdom/living/generated/EventListener.js:26:30)
      at innerInvokeEventListeners 
(node_modules/jsdom/lib/jsdom/living/events/EventTarget-impl.js:350:25)
      at invokeEventListeners 
(node_modules/jsdom/lib/jsdom/living/events/EventTarget-impl.js:286:3)
      at EventTargetImpl._dispatch 
(node_modules/jsdom/lib/jsdom/living/events/EventTarget-impl.js:233:9)
      at EventTargetImpl.dispatchEvent 
(node_modules/jsdom/lib/jsdom/living/events/EventTarget-impl.js:104:17)
      at dispatchEvent 
(node_modules/jsdom/lib/jsdom/living/generated/EventTarget.js:241:34)
      at Object.<anonymous> 
(src/broker-submissions/__tests__/NewBrokerSubmissionPage.test.tsx:373:16)

    console.error
      Warning: An update to NewBrokerSubmissionPage inside a test was not 
wrapped in act(...).
      
      When testing, code that causes React state updates should be wrapped 
into act(...):
      
      act(() => {
        /* fire events that update state */
      });
      /* assert on the output */
      
      This ensures that you're testing the behavior the user would see in the 
browser. Learn more at https://reactjs.org/link/wrap-tests-with-act
          at NewBrokerSubmissionPage (C:\Users\samhe\OneDrive\Desktop\Cleaned\f
rontend\src\broker-submissions\NewBrokerSubmissionPage.tsx:69:12)
          at basenameProp (C:\Users\samhe\OneDrive\Desktop\Cleaned\frontend\nod
e_modules\react-router\lib\components.tsx:421:13)
          at basename (C:\Users\samhe\OneDrive\Desktop\Cleaned\frontend\node_mo
dules\react-router\lib\components.tsx:225:3)

      176 |     }
      177 |
    > 178 |     setSaving(true)
          |     ^
      179 |     try {
      180 |       const result = await createBrokerSubmission({
      181 |         insuredName: insuredName.trim(),

      at printWarning 
(node_modules/react-dom/cjs/react-dom.development.js:86:30)
      at error (node_modules/react-dom/cjs/react-dom.development.js:60:7)
      at warnIfUpdatesNotWrappedWithActDEV 
(node_modules/react-dom/cjs/react-dom.development.js:27628:9)
      at scheduleUpdateOnFiber 
(node_modules/react-dom/cjs/react-dom.development.js:25547:5)
      at dispatchSetState 
(node_modules/react-dom/cjs/react-dom.development.js:16708:7)
      at src/broker-submissions/NewBrokerSubmissionPage.tsx:178:5
      at handler (src/broker-submissions/NewBrokerSubmissionPage.tsx:144:27)
      at callTheUserObjectsOperation 
(node_modules/jsdom/lib/jsdom/living/generated/EventListener.js:26:30)
      at innerInvokeEventListeners 
(node_modules/jsdom/lib/jsdom/living/events/EventTarget-impl.js:350:25)
      at invokeEventListeners 
(node_modules/jsdom/lib/jsdom/living/events/EventTarget-impl.js:286:3)
      at EventTargetImpl._dispatch 
(node_modules/jsdom/lib/jsdom/living/events/EventTarget-impl.js:233:9)
      at EventTargetImpl.dispatchEvent 
(node_modules/jsdom/lib/jsdom/living/events/EventTarget-impl.js:104:17)
      at dispatchEvent 
(node_modules/jsdom/lib/jsdom/living/generated/EventTarget.js:241:34)
      at Object.<anonymous> 
(src/broker-submissions/__tests__/NewBrokerSubmissionPage.test.tsx:373:16)

    console.error
      Warning: An update to NewBrokerSubmissionPage inside a test was not 
wrapped in act(...).
      
      When testing, code that causes React state updates should be wrapped 
into act(...):
      
      act(() => {
        /* fire events that update state */
      });
      /* assert on the output */
      
      This ensures that you're testing the behavior the user would see in the 
browser. Learn more at https://reactjs.org/link/wrap-tests-with-act
          at NewBrokerSubmissionPage (C:\Users\samhe\OneDrive\Desktop\Cleaned\f
rontend\src\broker-submissions\NewBrokerSubmissionPage.tsx:69:12)
          at basenameProp (C:\Users\samhe\OneDrive\Desktop\Cleaned\frontend\nod
e_modules\react-router\lib\components.tsx:421:13)
          at basename (C:\Users\samhe\OneDrive\Desktop\Cleaned\frontend\node_mo
dules\react-router\lib\components.tsx:225:3)

      152 |     // Prevent double-submission while save is in flight
      153 |     if (saving) return
    > 154 |     setValidationError(null)
          |     ^
      155 |     setError(null)
      156 |
      157 |     // REQ-PSS-BRK-NEW-F-007

      at printWarning 
(node_modules/react-dom/cjs/react-dom.development.js:86:30)
      at error (node_modules/react-dom/cjs/react-dom.development.js:60:7)
      at warnIfUpdatesNotWrappedWithActDEV 
(node_modules/react-dom/cjs/react-dom.development.js:27628:9)
      at scheduleUpdateOnFiber 
(node_modules/react-dom/cjs/react-dom.development.js:25547:5)
      at dispatchSetState 
(node_modules/react-dom/cjs/react-dom.development.js:16708:7)
      at src/broker-submissions/NewBrokerSubmissionPage.tsx:154:5
      at handler (src/broker-submissions/NewBrokerSubmissionPage.tsx:144:27)
      at callTheUserObjectsOperation 
(node_modules/jsdom/lib/jsdom/living/generated/EventListener.js:26:30)
      at innerInvokeEventListeners 
(node_modules/jsdom/lib/jsdom/living/events/EventTarget-impl.js:350:25)
      at invokeEventListeners 
(node_modules/jsdom/lib/jsdom/living/events/EventTarget-impl.js:286:3)
      at EventTargetImpl._dispatch 
(node_modules/jsdom/lib/jsdom/living/events/EventTarget-impl.js:233:9)
      at EventTargetImpl.dispatchEvent 
(node_modules/jsdom/lib/jsdom/living/events/EventTarget-impl.js:104:17)
      at dispatchEvent 
(node_modules/jsdom/lib/jsdom/living/generated/EventTarget.js:241:34)
      at Object.<anonymous> 
(src/broker-submissions/__tests__/NewBrokerSubmissionPage.test.tsx:383:16)

    console.error
      Warning: An update to NewBrokerSubmissionPage inside a test was not 
wrapped in act(...).
      
      When testing, code that causes React state updates should be wrapped 
into act(...):
      
      act(() => {
        /* fire events that update state */
      });
      /* assert on the output */
      
      This ensures that you're testing the behavior the user would see in the 
browser. Learn more at https://reactjs.org/link/wrap-tests-with-act
          at NewBrokerSubmissionPage (C:\Users\samhe\OneDrive\Desktop\Cleaned\f
rontend\src\broker-submissions\NewBrokerSubmissionPage.tsx:69:12)
          at basenameProp (C:\Users\samhe\OneDrive\Desktop\Cleaned\frontend\nod
e_modules\react-router\lib\components.tsx:421:13)
          at basename (C:\Users\samhe\OneDrive\Desktop\Cleaned\frontend\node_mo
dules\react-router\lib\components.tsx:225:3)

      153 |     if (saving) return
      154 |     setValidationError(null)
    > 155 |     setError(null)
          |     ^
      156 |
      157 |     // REQ-PSS-BRK-NEW-F-007
      158 |     if (!insuredName.trim()) {

      at printWarning 
(node_modules/react-dom/cjs/react-dom.development.js:86:30)
      at error (node_modules/react-dom/cjs/react-dom.development.js:60:7)
      at warnIfUpdatesNotWrappedWithActDEV 
(node_modules/react-dom/cjs/react-dom.development.js:27628:9)
      at scheduleUpdateOnFiber 
(node_modules/react-dom/cjs/react-dom.development.js:25547:5)
      at dispatchSetState 
(node_modules/react-dom/cjs/react-dom.development.js:16708:7)
      at src/broker-submissions/NewBrokerSubmissionPage.tsx:155:5
      at handler (src/broker-submissions/NewBrokerSubmissionPage.tsx:144:27)
      at callTheUserObjectsOperation 
(node_modules/jsdom/lib/jsdom/living/generated/EventListener.js:26:30)
      at innerInvokeEventListeners 
(node_modules/jsdom/lib/jsdom/living/events/EventTarget-impl.js:350:25)
      at invokeEventListeners 
(node_modules/jsdom/lib/jsdom/living/events/EventTarget-impl.js:286:3)
      at EventTargetImpl._dispatch 
(node_modules/jsdom/lib/jsdom/living/events/EventTarget-impl.js:233:9)
      at EventTargetImpl.dispatchEvent 
(node_modules/jsdom/lib/jsdom/living/events/EventTarget-impl.js:104:17)
      at dispatchEvent 
(node_modules/jsdom/lib/jsdom/living/generated/EventTarget.js:241:34)
      at Object.<anonymous> 
(src/broker-submissions/__tests__/NewBrokerSubmissionPage.test.tsx:383:16)

    console.error
      Warning: An update to NewBrokerSubmissionPage inside a test was not 
wrapped in act(...).
      
      When testing, code that causes React state updates should be wrapped 
into act(...):
      
      act(() => {
        /* fire events that update state */
      });
      /* assert on the output */
      
      This ensures that you're testing the behavior the user would see in the 
browser. Learn more at https://reactjs.org/link/wrap-tests-with-act
          at NewBrokerSubmissionPage (C:\Users\samhe\OneDrive\Desktop\Cleaned\f
rontend\src\broker-submissions\NewBrokerSubmissionPage.tsx:69:12)
          at basenameProp (C:\Users\samhe\OneDrive\Desktop\Cleaned\frontend\nod
e_modules\react-router\lib\components.tsx:421:13)
          at basename (C:\Users\samhe\OneDrive\Desktop\Cleaned\frontend\node_mo
dules\react-router\lib\components.tsx:225:3)

      176 |     }
      177 |
    > 178 |     setSaving(true)
          |     ^
      179 |     try {
      180 |       const result = await createBrokerSubmission({
      181 |         insuredName: insuredName.trim(),

      at printWarning 
(node_modules/react-dom/cjs/react-dom.development.js:86:30)
      at error (node_modules/react-dom/cjs/react-dom.development.js:60:7)
      at warnIfUpdatesNotWrappedWithActDEV 
(node_modules/react-dom/cjs/react-dom.development.js:27628:9)
      at scheduleUpdateOnFiber 
(node_modules/react-dom/cjs/react-dom.development.js:25547:5)
      at dispatchSetState 
(node_modules/react-dom/cjs/react-dom.development.js:16708:7)
      at src/broker-submissions/NewBrokerSubmissionPage.tsx:178:5
      at handler (src/broker-submissions/NewBrokerSubmissionPage.tsx:144:27)
      at callTheUserObjectsOperation 
(node_modules/jsdom/lib/jsdom/living/generated/EventListener.js:26:30)
      at innerInvokeEventListeners 
(node_modules/jsdom/lib/jsdom/living/events/EventTarget-impl.js:350:25)
      at invokeEventListeners 
(node_modules/jsdom/lib/jsdom/living/events/EventTarget-impl.js:286:3)
      at EventTargetImpl._dispatch 
(node_modules/jsdom/lib/jsdom/living/events/EventTarget-impl.js:233:9)
      at EventTargetImpl.dispatchEvent 
(node_modules/jsdom/lib/jsdom/living/events/EventTarget-impl.js:104:17)
      at dispatchEvent 
(node_modules/jsdom/lib/jsdom/living/generated/EventTarget.js:241:34)
      at Object.<anonymous> 
(src/broker-submissions/__tests__/NewBrokerSubmissionPage.test.tsx:383:16)

    console.error
      Warning: An update to NewBrokerSubmissionPage inside a test was not 
wrapped in act(...).
      
      When testing, code that causes React state updates should be wrapped 
into act(...):
      
      act(() => {
        /* fire events that update state */
      });
      /* assert on the output */
      
      This ensures that you're testing the behavior the user would see in the 
browser. Learn more at https://reactjs.org/link/wrap-tests-with-act
          at NewBrokerSubmissionPage (C:\Users\samhe\OneDrive\Desktop\Cleaned\f
rontend\src\broker-submissions\NewBrokerSubmissionPage.tsx:69:12)
          at basenameProp (C:\Users\samhe\OneDrive\Desktop\Cleaned\frontend\nod
e_modules\react-router\lib\components.tsx:421:13)
          at basename (C:\Users\samhe\OneDrive\Desktop\Cleaned\frontend\node_mo
dules\react-router\lib\components.tsx:225:3)

      152 |     // Prevent double-submission while save is in flight
      153 |     if (saving) return
    > 154 |     setValidationError(null)
          |     ^
      155 |     setError(null)
      156 |
      157 |     // REQ-PSS-BRK-NEW-F-007

      at printWarning 
(node_modules/react-dom/cjs/react-dom.development.js:86:30)
      at error (node_modules/react-dom/cjs/react-dom.development.js:60:7)
      at warnIfUpdatesNotWrappedWithActDEV 
(node_modules/react-dom/cjs/react-dom.development.js:27628:9)
      at scheduleUpdateOnFiber 
(node_modules/react-dom/cjs/react-dom.development.js:25547:5)
      at dispatchSetState 
(node_modules/react-dom/cjs/react-dom.development.js:16708:7)
      at src/broker-submissions/NewBrokerSubmissionPage.tsx:154:5
      at handler (src/broker-submissions/NewBrokerSubmissionPage.tsx:144:27)
      at callTheUserObjectsOperation 
(node_modules/jsdom/lib/jsdom/living/generated/EventListener.js:26:30)
      at innerInvokeEventListeners 
(node_modules/jsdom/lib/jsdom/living/events/EventTarget-impl.js:350:25)
      at invokeEventListeners 
(node_modules/jsdom/lib/jsdom/living/events/EventTarget-impl.js:286:3)
      at EventTargetImpl._dispatch 
(node_modules/jsdom/lib/jsdom/living/events/EventTarget-impl.js:233:9)
      at EventTargetImpl.dispatchEvent 
(node_modules/jsdom/lib/jsdom/living/events/EventTarget-impl.js:104:17)
      at dispatchEvent 
(node_modules/jsdom/lib/jsdom/living/generated/EventTarget.js:241:34)
      at Object.<anonymous> 
(src/broker-submissions/__tests__/NewBrokerSubmissionPage.test.tsx:404:16)

    console.error
      Warning: An update to NewBrokerSubmissionPage inside a test was not 
wrapped in act(...).
      
      When testing, code that causes React state updates should be wrapped 
into act(...):
      
      act(() => {
        /* fire events that update state */
      });
      /* assert on the output */
      
      This ensures that you're testing the behavior the user would see in the 
browser. Learn more at https://reactjs.org/link/wrap-tests-with-act
          at NewBrokerSubmissionPage (C:\Users\samhe\OneDrive\Desktop\Cleaned\f
rontend\src\broker-submissions\NewBrokerSubmissionPage.tsx:69:12)
          at basenameProp (C:\Users\samhe\OneDrive\Desktop\Cleaned\frontend\nod
e_modules\react-router\lib\components.tsx:421:13)
          at basename (C:\Users\samhe\OneDrive\Desktop\Cleaned\frontend\node_mo
dules\react-router\lib\components.tsx:225:3)

      153 |     if (saving) return
      154 |     setValidationError(null)
    > 155 |     setError(null)
          |     ^
      156 |
      157 |     // REQ-PSS-BRK-NEW-F-007
      158 |     if (!insuredName.trim()) {

      at printWarning 
(node_modules/react-dom/cjs/react-dom.development.js:86:30)
      at error (node_modules/react-dom/cjs/react-dom.development.js:60:7)
      at warnIfUpdatesNotWrappedWithActDEV 
(node_modules/react-dom/cjs/react-dom.development.js:27628:9)
      at scheduleUpdateOnFiber 
(node_modules/react-dom/cjs/react-dom.development.js:25547:5)
      at dispatchSetState 
(node_modules/react-dom/cjs/react-dom.development.js:16708:7)
      at src/broker-submissions/NewBrokerSubmissionPage.tsx:155:5
      at handler (src/broker-submissions/NewBrokerSubmissionPage.tsx:144:27)
      at callTheUserObjectsOperation 
(node_modules/jsdom/lib/jsdom/living/generated/EventListener.js:26:30)
      at innerInvokeEventListeners 
(node_modules/jsdom/lib/jsdom/living/events/EventTarget-impl.js:350:25)
      at invokeEventListeners 
(node_modules/jsdom/lib/jsdom/living/events/EventTarget-impl.js:286:3)
      at EventTargetImpl._dispatch 
(node_modules/jsdom/lib/jsdom/living/events/EventTarget-impl.js:233:9)
      at EventTargetImpl.dispatchEvent 
(node_modules/jsdom/lib/jsdom/living/events/EventTarget-impl.js:104:17)
      at dispatchEvent 
(node_modules/jsdom/lib/jsdom/living/generated/EventTarget.js:241:34)
      at Object.<anonymous> 
(src/broker-submissions/__tests__/NewBrokerSubmissionPage.test.tsx:404:16)

    console.error
      Warning: An update to NewBrokerSubmissionPage inside a test was not 
wrapped in act(...).
      
      When testing, code that causes React state updates should be wrapped 
into act(...):
      
      act(() => {
        /* fire events that update state */
      });
      /* assert on the output */
      
      This ensures that you're testing the behavior the user would see in the 
browser. Learn more at https://reactjs.org/link/wrap-tests-with-act
          at NewBrokerSubmissionPage (C:\Users\samhe\OneDrive\Desktop\Cleaned\f
rontend\src\broker-submissions\NewBrokerSubmissionPage.tsx:69:12)
          at basenameProp (C:\Users\samhe\OneDrive\Desktop\Cleaned\frontend\nod
e_modules\react-router\lib\components.tsx:421:13)
          at basename (C:\Users\samhe\OneDrive\Desktop\Cleaned\frontend\node_mo
dules\react-router\lib\components.tsx:225:3)

      176 |     }
      177 |
    > 178 |     setSaving(true)
          |     ^
      179 |     try {
      180 |       const result = await createBrokerSubmission({
      181 |         insuredName: insuredName.trim(),

      at printWarning 
(node_modules/react-dom/cjs/react-dom.development.js:86:30)
      at error (node_modules/react-dom/cjs/react-dom.development.js:60:7)
      at warnIfUpdatesNotWrappedWithActDEV 
(node_modules/react-dom/cjs/react-dom.development.js:27628:9)
      at scheduleUpdateOnFiber 
(node_modules/react-dom/cjs/react-dom.development.js:25547:5)
      at dispatchSetState 
(node_modules/react-dom/cjs/react-dom.development.js:16708:7)
      at src/broker-submissions/NewBrokerSubmissionPage.tsx:178:5
      at handler (src/broker-submissions/NewBrokerSubmissionPage.tsx:144:27)
      at callTheUserObjectsOperation 
(node_modules/jsdom/lib/jsdom/living/generated/EventListener.js:26:30)
      at innerInvokeEventListeners 
(node_modules/jsdom/lib/jsdom/living/events/EventTarget-impl.js:350:25)
      at invokeEventListeners 
(node_modules/jsdom/lib/jsdom/living/events/EventTarget-impl.js:286:3)
      at EventTargetImpl._dispatch 
(node_modules/jsdom/lib/jsdom/living/events/EventTarget-impl.js:233:9)
      at EventTargetImpl.dispatchEvent 
(node_modules/jsdom/lib/jsdom/living/events/EventTarget-impl.js:104:17)
      at dispatchEvent 
(node_modules/jsdom/lib/jsdom/living/generated/EventTarget.js:241:34)
      at Object.<anonymous> 
(src/broker-submissions/__tests__/NewBrokerSubmissionPage.test.tsx:404:16)

    console.error
      Warning: An update to NewBrokerSubmissionPage inside a test was not 
wrapped in act(...).
      
      When testing, code that causes React state updates should be wrapped 
into act(...):
      
      act(() => {
        /* fire events that update state */
      });
      /* assert on the output */
      
      This ensures that you're testing the behavior the user would see in the 
browser. Learn more at https://reactjs.org/link/wrap-tests-with-act
          at NewBrokerSubmissionPage (C:\Users\samhe\OneDrive\Desktop\Cleaned\f
rontend\src\broker-submissions\NewBrokerSubmissionPage.tsx:69:12)
          at basenameProp (C:\Users\samhe\OneDrive\Desktop\Cleaned\frontend\nod
e_modules\react-router\lib\components.tsx:421:13)
          at basename (C:\Users\samhe\OneDrive\Desktop\Cleaned\frontend\node_mo
dules\react-router\lib\components.tsx:225:3)

      152 |     // Prevent double-submission while save is in flight
      153 |     if (saving) return
    > 154 |     setValidationError(null)
          |     ^
      155 |     setError(null)
      156 |
      157 |     // REQ-PSS-BRK-NEW-F-007

      at printWarning 
(node_modules/react-dom/cjs/react-dom.development.js:86:30)
      at error (node_modules/react-dom/cjs/react-dom.development.js:60:7)
      at warnIfUpdatesNotWrappedWithActDEV 
(node_modules/react-dom/cjs/react-dom.development.js:27628:9)
      at scheduleUpdateOnFiber 
(node_modules/react-dom/cjs/react-dom.development.js:25547:5)
      at dispatchSetState 
(node_modules/react-dom/cjs/react-dom.development.js:16708:7)
      at src/broker-submissions/NewBrokerSubmissionPage.tsx:154:5
      at handler (src/broker-submissions/NewBrokerSubmissionPage.tsx:144:27)
      at callTheUserObjectsOperation 
(node_modules/jsdom/lib/jsdom/living/generated/EventListener.js:26:30)
      at innerInvokeEventListeners 
(node_modules/jsdom/lib/jsdom/living/events/EventTarget-impl.js:350:25)
      at invokeEventListeners 
(node_modules/jsdom/lib/jsdom/living/events/EventTarget-impl.js:286:3)
      at EventTargetImpl._dispatch 
(node_modules/jsdom/lib/jsdom/living/events/EventTarget-impl.js:233:9)
      at EventTargetImpl.dispatchEvent 
(node_modules/jsdom/lib/jsdom/living/events/EventTarget-impl.js:104:17)
      at dispatchEvent 
(node_modules/jsdom/lib/jsdom/living/generated/EventTarget.js:241:34)
      at Object.<anonymous> 
(src/broker-submissions/__tests__/NewBrokerSubmissionPage.test.tsx:420:16)

    console.error
      Warning: An update to NewBrokerSubmissionPage inside a test was not 
wrapped in act(...).
      
      When testing, code that causes React state updates should be wrapped 
into act(...):
      
      act(() => {
        /* fire events that update state */
      });
      /* assert on the output */
      
      This ensures that you're testing the behavior the user would see in the 
browser. Learn more at https://reactjs.org/link/wrap-tests-with-act
          at NewBrokerSubmissionPage (C:\Users\samhe\OneDrive\Desktop\Cleaned\f
rontend\src\broker-submissions\NewBrokerSubmissionPage.tsx:69:12)
          at basenameProp (C:\Users\samhe\OneDrive\Desktop\Cleaned\frontend\nod
e_modules\react-router\lib\components.tsx:421:13)
          at basename (C:\Users\samhe\OneDrive\Desktop\Cleaned\frontend\node_mo
dules\react-router\lib\components.tsx:225:3)

      153 |     if (saving) return
      154 |     setValidationError(null)
    > 155 |     setError(null)
          |     ^
      156 |
      157 |     // REQ-PSS-BRK-NEW-F-007
      158 |     if (!insuredName.trim()) {

      at printWarning 
(node_modules/react-dom/cjs/react-dom.development.js:86:30)
      at error (node_modules/react-dom/cjs/react-dom.development.js:60:7)
      at warnIfUpdatesNotWrappedWithActDEV 
(node_modules/react-dom/cjs/react-dom.development.js:27628:9)
      at scheduleUpdateOnFiber 
(node_modules/react-dom/cjs/react-dom.development.js:25547:5)
      at dispatchSetState 
(node_modules/react-dom/cjs/react-dom.development.js:16708:7)
      at src/broker-submissions/NewBrokerSubmissionPage.tsx:155:5
      at handler (src/broker-submissions/NewBrokerSubmissionPage.tsx:144:27)
      at callTheUserObjectsOperation 
(node_modules/jsdom/lib/jsdom/living/generated/EventListener.js:26:30)
      at innerInvokeEventListeners 
(node_modules/jsdom/lib/jsdom/living/events/EventTarget-impl.js:350:25)
      at invokeEventListeners 
(node_modules/jsdom/lib/jsdom/living/events/EventTarget-impl.js:286:3)
      at EventTargetImpl._dispatch 
(node_modules/jsdom/lib/jsdom/living/events/EventTarget-impl.js:233:9)
      at EventTargetImpl.dispatchEvent 
(node_modules/jsdom/lib/jsdom/living/events/EventTarget-impl.js:104:17)
      at dispatchEvent 
(node_modules/jsdom/lib/jsdom/living/generated/EventTarget.js:241:34)
      at Object.<anonymous> 
(src/broker-submissions/__tests__/NewBrokerSubmissionPage.test.tsx:420:16)

    console.error
      Warning: An update to NewBrokerSubmissionPage inside a test was not 
wrapped in act(...).
      
      When testing, code that causes React state updates should be wrapped 
into act(...):
      
      act(() => {
        /* fire events that update state */
      });
      /* assert on the output */
      
      This ensures that you're testing the behavior the user would see in the 
browser. Learn more at https://reactjs.org/link/wrap-tests-with-act
          at NewBrokerSubmissionPage (C:\Users\samhe\OneDrive\Desktop\Cleaned\f
rontend\src\broker-submissions\NewBrokerSubmissionPage.tsx:69:12)
          at basenameProp (C:\Users\samhe\OneDrive\Desktop\Cleaned\frontend\nod
e_modules\react-router\lib\components.tsx:421:13)
          at basename (C:\Users\samhe\OneDrive\Desktop\Cleaned\frontend\node_mo
dules\react-router\lib\components.tsx:225:3)

      176 |     }
      177 |
    > 178 |     setSaving(true)
          |     ^
      179 |     try {
      180 |       const result = await createBrokerSubmission({
      181 |         insuredName: insuredName.trim(),

      at printWarning 
(node_modules/react-dom/cjs/react-dom.development.js:86:30)
      at error (node_modules/react-dom/cjs/react-dom.development.js:60:7)
      at warnIfUpdatesNotWrappedWithActDEV 
(node_modules/react-dom/cjs/react-dom.development.js:27628:9)
      at scheduleUpdateOnFiber 
(node_modules/react-dom/cjs/react-dom.development.js:25547:5)
      at dispatchSetState 
(node_modules/react-dom/cjs/react-dom.development.js:16708:7)
      at src/broker-submissions/NewBrokerSubmissionPage.tsx:178:5
      at handler (src/broker-submissions/NewBrokerSubmissionPage.tsx:144:27)
      at callTheUserObjectsOperation 
(node_modules/jsdom/lib/jsdom/living/generated/EventListener.js:26:30)
      at innerInvokeEventListeners 
(node_modules/jsdom/lib/jsdom/living/events/EventTarget-impl.js:350:25)
      at invokeEventListeners 
(node_modules/jsdom/lib/jsdom/living/events/EventTarget-impl.js:286:3)
      at EventTargetImpl._dispatch 
(node_modules/jsdom/lib/jsdom/living/events/EventTarget-impl.js:233:9)
      at EventTargetImpl.dispatchEvent 
(node_modules/jsdom/lib/jsdom/living/events/EventTarget-impl.js:104:17)
      at dispatchEvent 
(node_modules/jsdom/lib/jsdom/living/generated/EventTarget.js:241:34)
      at Object.<anonymous> 
(src/broker-submissions/__tests__/NewBrokerSubmissionPage.test.tsx:420:16)

    console.error
      Warning: An update to NewBrokerSubmissionPage inside a test was not 
wrapped in act(...).
      
      When testing, code that causes React state updates should be wrapped 
into act(...):
      
      act(() => {
        /* fire events that update state */
      });
      /* assert on the output */
      
      This ensures that you're testing the behavior the user would see in the 
browser. Learn more at https://reactjs.org/link/wrap-tests-with-act
          at NewBrokerSubmissionPage (C:\Users\samhe\OneDrive\Desktop\Cleaned\f
rontend\src\broker-submissions\NewBrokerSubmissionPage.tsx:69:12)
          at basenameProp (C:\Users\samhe\OneDrive\Desktop\Cleaned\frontend\nod
e_modules\react-router\lib\components.tsx:421:13)
          at basename (C:\Users\samhe\OneDrive\Desktop\Cleaned\frontend\node_mo
dules\react-router\lib\components.tsx:225:3)

      152 |     // Prevent double-submission while save is in flight
      153 |     if (saving) return
    > 154 |     setValidationError(null)
          |     ^
      155 |     setError(null)
      156 |
      157 |     // REQ-PSS-BRK-NEW-F-007

      at printWarning 
(node_modules/react-dom/cjs/react-dom.development.js:86:30)
      at error (node_modules/react-dom/cjs/react-dom.development.js:60:7)
      at warnIfUpdatesNotWrappedWithActDEV 
(node_modules/react-dom/cjs/react-dom.development.js:27628:9)
      at scheduleUpdateOnFiber 
(node_modules/react-dom/cjs/react-dom.development.js:25547:5)
      at dispatchSetState 
(node_modules/react-dom/cjs/react-dom.development.js:16708:7)
      at src/broker-submissions/NewBrokerSubmissionPage.tsx:154:5
      at handler (src/broker-submissions/NewBrokerSubmissionPage.tsx:144:27)
      at callTheUserObjectsOperation 
(node_modules/jsdom/lib/jsdom/living/generated/EventListener.js:26:30)
      at innerInvokeEventListeners 
(node_modules/jsdom/lib/jsdom/living/events/EventTarget-impl.js:350:25)
      at invokeEventListeners 
(node_modules/jsdom/lib/jsdom/living/events/EventTarget-impl.js:286:3)
      at EventTargetImpl._dispatch 
(node_modules/jsdom/lib/jsdom/living/events/EventTarget-impl.js:233:9)
      at EventTargetImpl.dispatchEvent 
(node_modules/jsdom/lib/jsdom/living/events/EventTarget-impl.js:104:17)
      at dispatchEvent 
(node_modules/jsdom/lib/jsdom/living/generated/EventTarget.js:241:34)
      at Object.<anonymous> 
(src/broker-submissions/__tests__/NewBrokerSubmissionPage.test.tsx:430:16)

    console.error
      Warning: An update to NewBrokerSubmissionPage inside a test was not 
wrapped in act(...).
      
      When testing, code that causes React state updates should be wrapped 
into act(...):
      
      act(() => {
        /* fire events that update state */
      });
      /* assert on the output */
      
      This ensures that you're testing the behavior the user would see in the 
browser. Learn more at https://reactjs.org/link/wrap-tests-with-act
          at NewBrokerSubmissionPage (C:\Users\samhe\OneDrive\Desktop\Cleaned\f
rontend\src\broker-submissions\NewBrokerSubmissionPage.tsx:69:12)
          at basenameProp (C:\Users\samhe\OneDrive\Desktop\Cleaned\frontend\nod
e_modules\react-router\lib\components.tsx:421:13)
          at basename (C:\Users\samhe\OneDrive\Desktop\Cleaned\frontend\node_mo
dules\react-router\lib\components.tsx:225:3)

      153 |     if (saving) return
      154 |     setValidationError(null)
    > 155 |     setError(null)
          |     ^
      156 |
      157 |     // REQ-PSS-BRK-NEW-F-007
      158 |     if (!insuredName.trim()) {

      at printWarning 
(node_modules/react-dom/cjs/react-dom.development.js:86:30)
      at error (node_modules/react-dom/cjs/react-dom.development.js:60:7)
      at warnIfUpdatesNotWrappedWithActDEV 
(node_modules/react-dom/cjs/react-dom.development.js:27628:9)
      at scheduleUpdateOnFiber 
(node_modules/react-dom/cjs/react-dom.development.js:25547:5)
      at dispatchSetState 
(node_modules/react-dom/cjs/react-dom.development.js:16708:7)
      at src/broker-submissions/NewBrokerSubmissionPage.tsx:155:5
      at handler (src/broker-submissions/NewBrokerSubmissionPage.tsx:144:27)
      at callTheUserObjectsOperation 
(node_modules/jsdom/lib/jsdom/living/generated/EventListener.js:26:30)
      at innerInvokeEventListeners 
(node_modules/jsdom/lib/jsdom/living/events/EventTarget-impl.js:350:25)
      at invokeEventListeners 
(node_modules/jsdom/lib/jsdom/living/events/EventTarget-impl.js:286:3)
      at EventTargetImpl._dispatch 
(node_modules/jsdom/lib/jsdom/living/events/EventTarget-impl.js:233:9)
      at EventTargetImpl.dispatchEvent 
(node_modules/jsdom/lib/jsdom/living/events/EventTarget-impl.js:104:17)
      at dispatchEvent 
(node_modules/jsdom/lib/jsdom/living/generated/EventTarget.js:241:34)
      at Object.<anonymous> 
(src/broker-submissions/__tests__/NewBrokerSubmissionPage.test.tsx:430:16)

    console.error
      Warning: An update to NewBrokerSubmissionPage inside a test was not 
wrapped in act(...).
      
      When testing, code that causes React state updates should be wrapped 
into act(...):
      
      act(() => {
        /* fire events that update state */
      });
      /* assert on the output */
      
      This ensures that you're testing the behavior the user would see in the 
browser. Learn more at https://reactjs.org/link/wrap-tests-with-act
          at NewBrokerSubmissionPage (C:\Users\samhe\OneDrive\Desktop\Cleaned\f
rontend\src\broker-submissions\NewBrokerSubmissionPage.tsx:69:12)
          at basenameProp (C:\Users\samhe\OneDrive\Desktop\Cleaned\frontend\nod
e_modules\react-router\lib\components.tsx:421:13)
          at basename (C:\Users\samhe\OneDrive\Desktop\Cleaned\frontend\node_mo
dules\react-router\lib\components.tsx:225:3)

      176 |     }
      177 |
    > 178 |     setSaving(true)
          |     ^
      179 |     try {
      180 |       const result = await createBrokerSubmission({
      181 |         insuredName: insuredName.trim(),

      at printWarning 
(node_modules/react-dom/cjs/react-dom.development.js:86:30)
      at error (node_modules/react-dom/cjs/react-dom.development.js:60:7)
      at warnIfUpdatesNotWrappedWithActDEV 
(node_modules/react-dom/cjs/react-dom.development.js:27628:9)
      at scheduleUpdateOnFiber 
(node_modules/react-dom/cjs/react-dom.development.js:25547:5)
      at dispatchSetState 
(node_modules/react-dom/cjs/react-dom.development.js:16708:7)
      at src/broker-submissions/NewBrokerSubmissionPage.tsx:178:5
      at handler (src/broker-submissions/NewBrokerSubmissionPage.tsx:144:27)
      at callTheUserObjectsOperation 
(node_modules/jsdom/lib/jsdom/living/generated/EventListener.js:26:30)
      at innerInvokeEventListeners 
(node_modules/jsdom/lib/jsdom/living/events/EventTarget-impl.js:350:25)
      at invokeEventListeners 
(node_modules/jsdom/lib/jsdom/living/events/EventTarget-impl.js:286:3)
      at EventTargetImpl._dispatch 
(node_modules/jsdom/lib/jsdom/living/events/EventTarget-impl.js:233:9)
      at EventTargetImpl.dispatchEvent 
(node_modules/jsdom/lib/jsdom/living/events/EventTarget-impl.js:104:17)
      at dispatchEvent 
(node_modules/jsdom/lib/jsdom/living/generated/EventTarget.js:241:34)
      at Object.<anonymous> 
(src/broker-submissions/__tests__/NewBrokerSubmissionPage.test.tsx:430:16)

PASS src/claims/__tests__/ClaimViewPage.test.tsx
PASS src/settings/__tests__/OrganisationDetailPage.test.tsx
  ÔùÅ Console

    console.warn
      ÔÜá´©Å React Router Future Flag Warning: React Router will begin 
wrapping state updates in `React.startTransition` in v7. You can use the 
`v7_startTransition` future flag to opt-in early. For more information, see 
https://reactrouter.com/v6/upgrading/future#v7_starttransition.

      76 | function renderOrgDetailPage() {
      77 |   const { default: OrganisationDetailPage } = 
require('../OrganisationDetailPage')
    > 78 |   return render(
         |                ^
      79 |     <MemoryRouter initialEntries={['/settings/organisation']}>
      80 |       <Routes>
      81 |         <Route path="/settings/organisation" 
element={<OrganisationDetailPage />} />

      at warn (node_modules/react-router/lib/deprecations.ts:9:13)
      at warnOnce (node_modules/react-router/lib/deprecations.ts:14:3)
      at logDeprecation (node_modules/react-router/lib/deprecations.ts:26:5)
      at logV6DeprecationWarnings 
(node_modules/react-router/lib/components.tsx:257:25)
      at commitHookEffectListMount 
(node_modules/react-dom/cjs/react-dom.development.js:23189:26)
      at commitPassiveMountOnFiber 
(node_modules/react-dom/cjs/react-dom.development.js:24970:11)
      at commitPassiveMountEffects_complete 
(node_modules/react-dom/cjs/react-dom.development.js:24930:9)
      at commitPassiveMountEffects_begin 
(node_modules/react-dom/cjs/react-dom.development.js:24917:7)
      at commitPassiveMountEffects 
(node_modules/react-dom/cjs/react-dom.development.js:24905:3)
      at flushPassiveEffectsImpl 
(node_modules/react-dom/cjs/react-dom.development.js:27078:3)
      at flushPassiveEffects 
(node_modules/react-dom/cjs/react-dom.development.js:27023:14)
      at node_modules/react-dom/cjs/react-dom.development.js:26808:9
      at flushActQueue (node_modules/react/cjs/react.development.js:2667:24)
      at act (node_modules/react/cjs/react.development.js:2582:11)
      at node_modules/@testing-library/react/dist/act-compat.js:47:25
      at renderRoot (node_modules/@testing-library/react/dist/pure.js:180:26)
      at render (node_modules/@testing-library/react/dist/pure.js:271:10)
      at renderOrgDetailPage 
(src/settings/__tests__/OrganisationDetailPage.test.tsx:78:16)
      at Object.<anonymous> 
(src/settings/__tests__/OrganisationDetailPage.test.tsx:120:5)

    console.warn
      ÔÜá´©Å React Router Future Flag Warning: Relative route resolution 
within Splat routes is changing in v7. You can use the `v7_relativeSplatPath` 
future flag to opt-in early. For more information, see 
https://reactrouter.com/v6/upgrading/future#v7_relativesplatpath.

      76 | function renderOrgDetailPage() {
      77 |   const { default: OrganisationDetailPage } = 
require('../OrganisationDetailPage')
    > 78 |   return render(
         |                ^
      79 |     <MemoryRouter initialEntries={['/settings/organisation']}>
      80 |       <Routes>
      81 |         <Route path="/settings/organisation" 
element={<OrganisationDetailPage />} />

      at warn (node_modules/react-router/lib/deprecations.ts:9:13)
      at warnOnce (node_modules/react-router/lib/deprecations.ts:14:3)
      at logDeprecation (node_modules/react-router/lib/deprecations.ts:37:5)
      at logV6DeprecationWarnings 
(node_modules/react-router/lib/components.tsx:257:25)
      at commitHookEffectListMount 
(node_modules/react-dom/cjs/react-dom.development.js:23189:26)
      at commitPassiveMountOnFiber 
(node_modules/react-dom/cjs/react-dom.development.js:24970:11)
      at commitPassiveMountEffects_complete 
(node_modules/react-dom/cjs/react-dom.development.js:24930:9)
      at commitPassiveMountEffects_begin 
(node_modules/react-dom/cjs/react-dom.development.js:24917:7)
      at commitPassiveMountEffects 
(node_modules/react-dom/cjs/react-dom.development.js:24905:3)
      at flushPassiveEffectsImpl 
(node_modules/react-dom/cjs/react-dom.development.js:27078:3)
      at flushPassiveEffects 
(node_modules/react-dom/cjs/react-dom.development.js:27023:14)
      at node_modules/react-dom/cjs/react-dom.development.js:26808:9
      at flushActQueue (node_modules/react/cjs/react.development.js:2667:24)
      at act (node_modules/react/cjs/react.development.js:2582:11)
      at node_modules/@testing-library/react/dist/act-compat.js:47:25
      at renderRoot (node_modules/@testing-library/react/dist/pure.js:180:26)
      at render (node_modules/@testing-library/react/dist/pure.js:271:10)
      at renderOrgDetailPage 
(src/settings/__tests__/OrganisationDetailPage.test.tsx:78:16)
      at Object.<anonymous> 
(src/settings/__tests__/OrganisationDetailPage.test.tsx:120:5)

    console.error
      Warning: An update to OrganisationDetailPage inside a test was not 
wrapped in act(...).
      
      When testing, code that causes React state updates should be wrapped 
into act(...):
      
      act(() => {
        /* fire events that update state */
      });
      /* assert on the output */
      
      This ensures that you're testing the behavior the user would see in the 
browser. Learn more at https://reactjs.org/link/wrap-tests-with-act
          at OrganisationDetailPage (C:\Users\samhe\OneDrive\Desktop\Cleaned\fr
ontend\src\settings\OrganisationDetailPage.tsx:83:33)
          at routeContext (C:\Users\samhe\OneDrive\Desktop\Cleaned\frontend\nod
e_modules\react-router\lib\hooks.tsx:658:26)
          at children (C:\Users\samhe\OneDrive\Desktop\Cleaned\frontend\node_mo
dules\react-router\lib\components.tsx:512:3)
          at basenameProp (C:\Users\samhe\OneDrive\Desktop\Cleaned\frontend\nod
e_modules\react-router\lib\components.tsx:421:13)
          at basename (C:\Users\samhe\OneDrive\Desktop\Cleaned\frontend\node_mo
dules\react-router\lib\components.tsx:225:3)

      333 |                             role="tab"
      334 |                             aria-selected={activeTab === tab.key}
    > 335 |                             onClick={() => setActiveTab(tab.key)}
          |                                            ^
      336 |                             className={`py-2 px-4 border-b-2 
font-medium text-sm mr-2 ${activeTab === tab.key
      337 |                                 ? 'border-brand-500 text-brand-600'
      338 |                                 : 'border-transparent 
text-gray-500 hover:text-gray-700 hover:border-gray-300'

      at printWarning 
(node_modules/react-dom/cjs/react-dom.development.js:86:30)
      at error (node_modules/react-dom/cjs/react-dom.development.js:60:7)
      at warnIfUpdatesNotWrappedWithActDEV 
(node_modules/react-dom/cjs/react-dom.development.js:27628:9)
      at scheduleUpdateOnFiber 
(node_modules/react-dom/cjs/react-dom.development.js:25547:5)
      at dispatchSetState 
(node_modules/react-dom/cjs/react-dom.development.js:16708:7)
      at onClick (src/settings/OrganisationDetailPage.tsx:335:44)
      at HTMLUnknownElement.callCallback 
(node_modules/react-dom/cjs/react-dom.development.js:4164:14)
      at HTMLUnknownElement.callTheUserObjectsOperation 
(node_modules/jsdom/lib/jsdom/living/generated/EventListener.js:26:30)
      at innerInvokeEventListeners 
(node_modules/jsdom/lib/jsdom/living/events/EventTarget-impl.js:350:25)
      at invokeEventListeners 
(node_modules/jsdom/lib/jsdom/living/events/EventTarget-impl.js:286:3)
      at HTMLUnknownElementImpl._dispatch 
(node_modules/jsdom/lib/jsdom/living/events/EventTarget-impl.js:233:9)
      at HTMLUnknownElementImpl.dispatchEvent 
(node_modules/jsdom/lib/jsdom/living/events/EventTarget-impl.js:104:17)
      at HTMLUnknownElement.dispatchEvent 
(node_modules/jsdom/lib/jsdom/living/generated/EventTarget.js:241:34)
      at Object.invokeGuardedCallbackDev 
(node_modules/react-dom/cjs/react-dom.development.js:4213:16)
      at invokeGuardedCallback 
(node_modules/react-dom/cjs/react-dom.development.js:4277:31)
      at invokeGuardedCallbackAndCatchFirstError 
(node_modules/react-dom/cjs/react-dom.development.js:4291:25)
      at executeDispatch 
(node_modules/react-dom/cjs/react-dom.development.js:9041:3)
      at processDispatchQueueItemsInOrder 
(node_modules/react-dom/cjs/react-dom.development.js:9073:7)
      at processDispatchQueue 
(node_modules/react-dom/cjs/react-dom.development.js:9086:5)
      at dispatchEventsForPlugins 
(node_modules/react-dom/cjs/react-dom.development.js:9097:3)
      at node_modules/react-dom/cjs/react-dom.development.js:9288:12
      at batchedUpdates$1 
(node_modules/react-dom/cjs/react-dom.development.js:26179:12)
      at batchedUpdates 
(node_modules/react-dom/cjs/react-dom.development.js:3991:12)
      at dispatchEventForPluginEventSystem 
(node_modules/react-dom/cjs/react-dom.development.js:9287:3)
      at dispatchEventWithEnableCapturePhaseSelectiveHydrationWithoutDiscreteEv
entReplay (node_modules/react-dom/cjs/react-dom.development.js:6465:5)
      at dispatchEvent 
(node_modules/react-dom/cjs/react-dom.development.js:6457:5)
      at dispatchDiscreteEvent 
(node_modules/react-dom/cjs/react-dom.development.js:6430:5)
      at HTMLDivElement.callTheUserObjectsOperation 
(node_modules/jsdom/lib/jsdom/living/generated/EventListener.js:26:30)
      at innerInvokeEventListeners 
(node_modules/jsdom/lib/jsdom/living/events/EventTarget-impl.js:350:25)
      at invokeEventListeners 
(node_modules/jsdom/lib/jsdom/living/events/EventTarget-impl.js:286:3)
      at HTMLButtonElementImpl._dispatch 
(node_modules/jsdom/lib/jsdom/living/events/EventTarget-impl.js:233:9)
      at HTMLButtonElementImpl.dispatchEvent 
(node_modules/jsdom/lib/jsdom/living/events/EventTarget-impl.js:104:17)
      at HTMLButtonElement.dispatchEvent 
(node_modules/jsdom/lib/jsdom/living/generated/EventTarget.js:241:34)
      at 
node_modules/@testing-library/user-event/dist/cjs/event/dispatchEvent.js:45:43
      at Object.eventWrapper 
(node_modules/@testing-library/dom/dist/config.js:25:23)
      at Object.wrapEvent 
(node_modules/@testing-library/user-event/dist/cjs/event/wrapEvent.js:6:28)
      at Object.dispatchEvent (node_modules/@testing-library/user-event/dist/cj
s/event/dispatchEvent.js:45:22)
      at Object.dispatchUIEvent (node_modules/@testing-library/user-event/dist/
cjs/event/dispatchEvent.js:22:26)
      at Mouse.up (node_modules/@testing-library/user-event/dist/cjs/system/poi
nter/mouse.js:100:30)
      at PointerHost.release (node_modules/@testing-library/user-event/dist/cjs
/system/pointer/index.js:87:24)
      at pointerAction 
(node_modules/@testing-library/user-event/dist/cjs/pointer/index.js:54:47)
      at Object.pointer 
(node_modules/@testing-library/user-event/dist/cjs/pointer/index.js:27:9)
      at Object.<anonymous> 
(src/settings/__tests__/OrganisationDetailPage.test.tsx:189:5)

    console.error
      Warning: An update to OrganisationDetailPage inside a test was not 
wrapped in act(...).
      
      When testing, code that causes React state updates should be wrapped 
into act(...):
      
      act(() => {
        /* fire events that update state */
      });
      /* assert on the output */
      
      This ensures that you're testing the behavior the user would see in the 
browser. Learn more at https://reactjs.org/link/wrap-tests-with-act
          at OrganisationDetailPage (C:\Users\samhe\OneDrive\Desktop\Cleaned\fr
ontend\src\settings\OrganisationDetailPage.tsx:83:33)
          at routeContext (C:\Users\samhe\OneDrive\Desktop\Cleaned\frontend\nod
e_modules\react-router\lib\hooks.tsx:658:26)
          at children (C:\Users\samhe\OneDrive\Desktop\Cleaned\frontend\node_mo
dules\react-router\lib\components.tsx:512:3)
          at basenameProp (C:\Users\samhe\OneDrive\Desktop\Cleaned\frontend\nod
e_modules\react-router\lib\components.tsx:421:13)
          at basename (C:\Users\samhe\OneDrive\Desktop\Cleaned\frontend\node_mo
dules\react-router\lib\components.tsx:225:3)

      333 |                             role="tab"
      334 |                             aria-selected={activeTab === tab.key}
    > 335 |                             onClick={() => setActiveTab(tab.key)}
          |                                            ^
      336 |                             className={`py-2 px-4 border-b-2 
font-medium text-sm mr-2 ${activeTab === tab.key
      337 |                                 ? 'border-brand-500 text-brand-600'
      338 |                                 : 'border-transparent 
text-gray-500 hover:text-gray-700 hover:border-gray-300'

      at printWarning 
(node_modules/react-dom/cjs/react-dom.development.js:86:30)
      at error (node_modules/react-dom/cjs/react-dom.development.js:60:7)
      at warnIfUpdatesNotWrappedWithActDEV 
(node_modules/react-dom/cjs/react-dom.development.js:27628:9)
      at scheduleUpdateOnFiber 
(node_modules/react-dom/cjs/react-dom.development.js:25547:5)
      at dispatchSetState 
(node_modules/react-dom/cjs/react-dom.development.js:16708:7)
      at onClick (src/settings/OrganisationDetailPage.tsx:335:44)
      at HTMLUnknownElement.callCallback 
(node_modules/react-dom/cjs/react-dom.development.js:4164:14)
      at HTMLUnknownElement.callTheUserObjectsOperation 
(node_modules/jsdom/lib/jsdom/living/generated/EventListener.js:26:30)
      at innerInvokeEventListeners 
(node_modules/jsdom/lib/jsdom/living/events/EventTarget-impl.js:350:25)
      at invokeEventListeners 
(node_modules/jsdom/lib/jsdom/living/events/EventTarget-impl.js:286:3)
      at HTMLUnknownElementImpl._dispatch 
(node_modules/jsdom/lib/jsdom/living/events/EventTarget-impl.js:233:9)
      at HTMLUnknownElementImpl.dispatchEvent 
(node_modules/jsdom/lib/jsdom/living/events/EventTarget-impl.js:104:17)
      at HTMLUnknownElement.dispatchEvent 
(node_modules/jsdom/lib/jsdom/living/generated/EventTarget.js:241:34)
      at Object.invokeGuardedCallbackDev 
(node_modules/react-dom/cjs/react-dom.development.js:4213:16)
      at invokeGuardedCallback 
(node_modules/react-dom/cjs/react-dom.development.js:4277:31)
      at invokeGuardedCallbackAndCatchFirstError 
(node_modules/react-dom/cjs/react-dom.development.js:4291:25)
      at executeDispatch 
(node_modules/react-dom/cjs/react-dom.development.js:9041:3)
      at processDispatchQueueItemsInOrder 
(node_modules/react-dom/cjs/react-dom.development.js:9073:7)
      at processDispatchQueue 
(node_modules/react-dom/cjs/react-dom.development.js:9086:5)
      at dispatchEventsForPlugins 
(node_modules/react-dom/cjs/react-dom.development.js:9097:3)
      at node_modules/react-dom/cjs/react-dom.development.js:9288:12
      at batchedUpdates$1 
(node_modules/react-dom/cjs/react-dom.development.js:26179:12)
      at batchedUpdates 
(node_modules/react-dom/cjs/react-dom.development.js:3991:12)
      at dispatchEventForPluginEventSystem 
(node_modules/react-dom/cjs/react-dom.development.js:9287:3)
      at dispatchEventWithEnableCapturePhaseSelectiveHydrationWithoutDiscreteEv
entReplay (node_modules/react-dom/cjs/react-dom.development.js:6465:5)
      at dispatchEvent 
(node_modules/react-dom/cjs/react-dom.development.js:6457:5)
      at dispatchDiscreteEvent 
(node_modules/react-dom/cjs/react-dom.development.js:6430:5)
      at HTMLDivElement.callTheUserObjectsOperation 
(node_modules/jsdom/lib/jsdom/living/generated/EventListener.js:26:30)
      at innerInvokeEventListeners 
(node_modules/jsdom/lib/jsdom/living/events/EventTarget-impl.js:350:25)
      at invokeEventListeners 
(node_modules/jsdom/lib/jsdom/living/events/EventTarget-impl.js:286:3)
      at HTMLButtonElementImpl._dispatch 
(node_modules/jsdom/lib/jsdom/living/events/EventTarget-impl.js:233:9)
      at HTMLButtonElementImpl.dispatchEvent 
(node_modules/jsdom/lib/jsdom/living/events/EventTarget-impl.js:104:17)
      at HTMLButtonElement.dispatchEvent 
(node_modules/jsdom/lib/jsdom/living/generated/EventTarget.js:241:34)
      at 
node_modules/@testing-library/user-event/dist/cjs/event/dispatchEvent.js:45:43
      at Object.eventWrapper 
(node_modules/@testing-library/dom/dist/config.js:25:23)
      at Object.wrapEvent 
(node_modules/@testing-library/user-event/dist/cjs/event/wrapEvent.js:6:28)
      at Object.dispatchEvent (node_modules/@testing-library/user-event/dist/cj
s/event/dispatchEvent.js:45:22)
      at Object.dispatchUIEvent (node_modules/@testing-library/user-event/dist/
cjs/event/dispatchEvent.js:22:26)
      at Mouse.up (node_modules/@testing-library/user-event/dist/cjs/system/poi
nter/mouse.js:100:30)
      at PointerHost.release (node_modules/@testing-library/user-event/dist/cjs
/system/pointer/index.js:87:24)
      at pointerAction 
(node_modules/@testing-library/user-event/dist/cjs/pointer/index.js:54:47)
      at Object.pointer 
(node_modules/@testing-library/user-event/dist/cjs/pointer/index.js:27:9)
      at Object.<anonymous> 
(src/settings/__tests__/OrganisationDetailPage.test.tsx:210:5)

    console.error
      Warning: An update to OrganisationDetailPage inside a test was not 
wrapped in act(...).
      
      When testing, code that causes React state updates should be wrapped 
into act(...):
      
      act(() => {
        /* fire events that update state */
      });
      /* assert on the output */
      
      This ensures that you're testing the behavior the user would see in the 
browser. Learn more at https://reactjs.org/link/wrap-tests-with-act
          at OrganisationDetailPage (C:\Users\samhe\OneDrive\Desktop\Cleaned\fr
ontend\src\settings\OrganisationDetailPage.tsx:83:33)
          at routeContext (C:\Users\samhe\OneDrive\Desktop\Cleaned\frontend\nod
e_modules\react-router\lib\hooks.tsx:658:26)
          at children (C:\Users\samhe\OneDrive\Desktop\Cleaned\frontend\node_mo
dules\react-router\lib\components.tsx:512:3)
          at basenameProp (C:\Users\samhe\OneDrive\Desktop\Cleaned\frontend\nod
e_modules\react-router\lib\components.tsx:421:13)
          at basename (C:\Users\samhe\OneDrive\Desktop\Cleaned\frontend\node_mo
dules\react-router\lib\components.tsx:225:3)

      333 |                             role="tab"
      334 |                             aria-selected={activeTab === tab.key}
    > 335 |                             onClick={() => setActiveTab(tab.key)}
          |                                            ^
      336 |                             className={`py-2 px-4 border-b-2 
font-medium text-sm mr-2 ${activeTab === tab.key
      337 |                                 ? 'border-brand-500 text-brand-600'
      338 |                                 : 'border-transparent 
text-gray-500 hover:text-gray-700 hover:border-gray-300'

      at printWarning 
(node_modules/react-dom/cjs/react-dom.development.js:86:30)
      at error (node_modules/react-dom/cjs/react-dom.development.js:60:7)
      at warnIfUpdatesNotWrappedWithActDEV 
(node_modules/react-dom/cjs/react-dom.development.js:27628:9)
      at scheduleUpdateOnFiber 
(node_modules/react-dom/cjs/react-dom.development.js:25547:5)
      at dispatchSetState 
(node_modules/react-dom/cjs/react-dom.development.js:16708:7)
      at onClick (src/settings/OrganisationDetailPage.tsx:335:44)
      at HTMLUnknownElement.callCallback 
(node_modules/react-dom/cjs/react-dom.development.js:4164:14)
      at HTMLUnknownElement.callTheUserObjectsOperation 
(node_modules/jsdom/lib/jsdom/living/generated/EventListener.js:26:30)
      at innerInvokeEventListeners 
(node_modules/jsdom/lib/jsdom/living/events/EventTarget-impl.js:350:25)
      at invokeEventListeners 
(node_modules/jsdom/lib/jsdom/living/events/EventTarget-impl.js:286:3)
      at HTMLUnknownElementImpl._dispatch 
(node_modules/jsdom/lib/jsdom/living/events/EventTarget-impl.js:233:9)
      at HTMLUnknownElementImpl.dispatchEvent 
(node_modules/jsdom/lib/jsdom/living/events/EventTarget-impl.js:104:17)
      at HTMLUnknownElement.dispatchEvent 
(node_modules/jsdom/lib/jsdom/living/generated/EventTarget.js:241:34)
      at Object.invokeGuardedCallbackDev 
(node_modules/react-dom/cjs/react-dom.development.js:4213:16)
      at invokeGuardedCallback 
(node_modules/react-dom/cjs/react-dom.development.js:4277:31)
      at invokeGuardedCallbackAndCatchFirstError 
(node_modules/react-dom/cjs/react-dom.development.js:4291:25)
      at executeDispatch 
(node_modules/react-dom/cjs/react-dom.development.js:9041:3)
      at processDispatchQueueItemsInOrder 
(node_modules/react-dom/cjs/react-dom.development.js:9073:7)
      at processDispatchQueue 
(node_modules/react-dom/cjs/react-dom.development.js:9086:5)
      at dispatchEventsForPlugins 
(node_modules/react-dom/cjs/react-dom.development.js:9097:3)
      at node_modules/react-dom/cjs/react-dom.development.js:9288:12
      at batchedUpdates$1 
(node_modules/react-dom/cjs/react-dom.development.js:26179:12)
      at batchedUpdates 
(node_modules/react-dom/cjs/react-dom.development.js:3991:12)
      at dispatchEventForPluginEventSystem 
(node_modules/react-dom/cjs/react-dom.development.js:9287:3)
      at dispatchEventWithEnableCapturePhaseSelectiveHydrationWithoutDiscreteEv
entReplay (node_modules/react-dom/cjs/react-dom.development.js:6465:5)
      at dispatchEvent 
(node_modules/react-dom/cjs/react-dom.development.js:6457:5)
      at dispatchDiscreteEvent 
(node_modules/react-dom/cjs/react-dom.development.js:6430:5)
      at HTMLDivElement.callTheUserObjectsOperation 
(node_modules/jsdom/lib/jsdom/living/generated/EventListener.js:26:30)
      at innerInvokeEventListeners 
(node_modules/jsdom/lib/jsdom/living/events/EventTarget-impl.js:350:25)
      at invokeEventListeners 
(node_modules/jsdom/lib/jsdom/living/events/EventTarget-impl.js:286:3)
      at HTMLButtonElementImpl._dispatch 
(node_modules/jsdom/lib/jsdom/living/events/EventTarget-impl.js:233:9)
      at HTMLButtonElementImpl.dispatchEvent 
(node_modules/jsdom/lib/jsdom/living/events/EventTarget-impl.js:104:17)
      at HTMLButtonElement.dispatchEvent 
(node_modules/jsdom/lib/jsdom/living/generated/EventTarget.js:241:34)
      at 
node_modules/@testing-library/user-event/dist/cjs/event/dispatchEvent.js:45:43
      at Object.eventWrapper 
(node_modules/@testing-library/dom/dist/config.js:25:23)
      at Object.wrapEvent 
(node_modules/@testing-library/user-event/dist/cjs/event/wrapEvent.js:6:28)
      at Object.dispatchEvent (node_modules/@testing-library/user-event/dist/cj
s/event/dispatchEvent.js:45:22)
      at Object.dispatchUIEvent (node_modules/@testing-library/user-event/dist/
cjs/event/dispatchEvent.js:22:26)
      at Mouse.up (node_modules/@testing-library/user-event/dist/cjs/system/poi
nter/mouse.js:100:30)
      at PointerHost.release (node_modules/@testing-library/user-event/dist/cjs
/system/pointer/index.js:87:24)
      at pointerAction 
(node_modules/@testing-library/user-event/dist/cjs/pointer/index.js:54:47)
      at Object.pointer 
(node_modules/@testing-library/user-event/dist/cjs/pointer/index.js:27:9)
      at Object.<anonymous> 
(src/settings/__tests__/OrganisationDetailPage.test.tsx:221:5)

    console.error
      Warning: An update to OrganisationDetailPage inside a test was not 
wrapped in act(...).
      
      When testing, code that causes React state updates should be wrapped 
into act(...):
      
      act(() => {
        /* fire events that update state */
      });
      /* assert on the output */
      
      This ensures that you're testing the behavior the user would see in the 
browser. Learn more at https://reactjs.org/link/wrap-tests-with-act
          at OrganisationDetailPage (C:\Users\samhe\OneDrive\Desktop\Cleaned\fr
ontend\src\settings\OrganisationDetailPage.tsx:83:33)
          at routeContext (C:\Users\samhe\OneDrive\Desktop\Cleaned\frontend\nod
e_modules\react-router\lib\hooks.tsx:658:26)
          at children (C:\Users\samhe\OneDrive\Desktop\Cleaned\frontend\node_mo
dules\react-router\lib\components.tsx:512:3)
          at basenameProp (C:\Users\samhe\OneDrive\Desktop\Cleaned\frontend\nod
e_modules\react-router\lib\components.tsx:421:13)
          at basename (C:\Users\samhe\OneDrive\Desktop\Cleaned\frontend\node_mo
dules\react-router\lib\components.tsx:225:3)

      333 |                             role="tab"
      334 |                             aria-selected={activeTab === tab.key}
    > 335 |                             onClick={() => setActiveTab(tab.key)}
          |                                            ^
      336 |                             className={`py-2 px-4 border-b-2 
font-medium text-sm mr-2 ${activeTab === tab.key
      337 |                                 ? 'border-brand-500 text-brand-600'
      338 |                                 : 'border-transparent 
text-gray-500 hover:text-gray-700 hover:border-gray-300'

      at printWarning 
(node_modules/react-dom/cjs/react-dom.development.js:86:30)
      at error (node_modules/react-dom/cjs/react-dom.development.js:60:7)
      at warnIfUpdatesNotWrappedWithActDEV 
(node_modules/react-dom/cjs/react-dom.development.js:27628:9)
      at scheduleUpdateOnFiber 
(node_modules/react-dom/cjs/react-dom.development.js:25547:5)
      at dispatchSetState 
(node_modules/react-dom/cjs/react-dom.development.js:16708:7)
      at onClick (src/settings/OrganisationDetailPage.tsx:335:44)
      at HTMLUnknownElement.callCallback 
(node_modules/react-dom/cjs/react-dom.development.js:4164:14)
      at HTMLUnknownElement.callTheUserObjectsOperation 
(node_modules/jsdom/lib/jsdom/living/generated/EventListener.js:26:30)
      at innerInvokeEventListeners 
(node_modules/jsdom/lib/jsdom/living/events/EventTarget-impl.js:350:25)
      at invokeEventListeners 
(node_modules/jsdom/lib/jsdom/living/events/EventTarget-impl.js:286:3)
      at HTMLUnknownElementImpl._dispatch 
(node_modules/jsdom/lib/jsdom/living/events/EventTarget-impl.js:233:9)
      at HTMLUnknownElementImpl.dispatchEvent 
(node_modules/jsdom/lib/jsdom/living/events/EventTarget-impl.js:104:17)
      at HTMLUnknownElement.dispatchEvent 
(node_modules/jsdom/lib/jsdom/living/generated/EventTarget.js:241:34)
      at Object.invokeGuardedCallbackDev 
(node_modules/react-dom/cjs/react-dom.development.js:4213:16)
      at invokeGuardedCallback 
(node_modules/react-dom/cjs/react-dom.development.js:4277:31)
      at invokeGuardedCallbackAndCatchFirstError 
(node_modules/react-dom/cjs/react-dom.development.js:4291:25)
      at executeDispatch 
(node_modules/react-dom/cjs/react-dom.development.js:9041:3)
      at processDispatchQueueItemsInOrder 
(node_modules/react-dom/cjs/react-dom.development.js:9073:7)
      at processDispatchQueue 
(node_modules/react-dom/cjs/react-dom.development.js:9086:5)
      at dispatchEventsForPlugins 
(node_modules/react-dom/cjs/react-dom.development.js:9097:3)
      at node_modules/react-dom/cjs/react-dom.development.js:9288:12
      at batchedUpdates$1 
(node_modules/react-dom/cjs/react-dom.development.js:26179:12)
      at batchedUpdates 
(node_modules/react-dom/cjs/react-dom.development.js:3991:12)
      at dispatchEventForPluginEventSystem 
(node_modules/react-dom/cjs/react-dom.development.js:9287:3)
      at dispatchEventWithEnableCapturePhaseSelectiveHydrationWithoutDiscreteEv
entReplay (node_modules/react-dom/cjs/react-dom.development.js:6465:5)
      at dispatchEvent 
(node_modules/react-dom/cjs/react-dom.development.js:6457:5)
      at dispatchDiscreteEvent 
(node_modules/react-dom/cjs/react-dom.development.js:6430:5)
      at HTMLDivElement.callTheUserObjectsOperation 
(node_modules/jsdom/lib/jsdom/living/generated/EventListener.js:26:30)
      at innerInvokeEventListeners 
(node_modules/jsdom/lib/jsdom/living/events/EventTarget-impl.js:350:25)
      at invokeEventListeners 
(node_modules/jsdom/lib/jsdom/living/events/EventTarget-impl.js:286:3)
      at HTMLButtonElementImpl._dispatch 
(node_modules/jsdom/lib/jsdom/living/events/EventTarget-impl.js:233:9)
      at HTMLButtonElementImpl.dispatchEvent 
(node_modules/jsdom/lib/jsdom/living/events/EventTarget-impl.js:104:17)
      at HTMLButtonElement.dispatchEvent 
(node_modules/jsdom/lib/jsdom/living/generated/EventTarget.js:241:34)
      at 
node_modules/@testing-library/user-event/dist/cjs/event/dispatchEvent.js:45:43
      at Object.eventWrapper 
(node_modules/@testing-library/dom/dist/config.js:25:23)
      at Object.wrapEvent 
(node_modules/@testing-library/user-event/dist/cjs/event/wrapEvent.js:6:28)
      at Object.dispatchEvent (node_modules/@testing-library/user-event/dist/cj
s/event/dispatchEvent.js:45:22)
      at Object.dispatchUIEvent (node_modules/@testing-library/user-event/dist/
cjs/event/dispatchEvent.js:22:26)
      at Mouse.up (node_modules/@testing-library/user-event/dist/cjs/system/poi
nter/mouse.js:100:30)
      at PointerHost.release (node_modules/@testing-library/user-event/dist/cjs
/system/pointer/index.js:87:24)
      at pointerAction 
(node_modules/@testing-library/user-event/dist/cjs/pointer/index.js:54:47)
      at Object.pointer 
(node_modules/@testing-library/user-event/dist/cjs/pointer/index.js:27:9)
      at Object.<anonymous> 
(src/settings/__tests__/OrganisationDetailPage.test.tsx:232:5)

    console.error
      Warning: An update to OrganisationDetailPage inside a test was not 
wrapped in act(...).
      
      When testing, code that causes React state updates should be wrapped 
into act(...):
      
      act(() => {
        /* fire events that update state */
      });
      /* assert on the output */
      
      This ensures that you're testing the behavior the user would see in the 
browser. Learn more at https://reactjs.org/link/wrap-tests-with-act
          at OrganisationDetailPage (C:\Users\samhe\OneDrive\Desktop\Cleaned\fr
ontend\src\settings\OrganisationDetailPage.tsx:83:33)
          at routeContext (C:\Users\samhe\OneDrive\Desktop\Cleaned\frontend\nod
e_modules\react-router\lib\hooks.tsx:658:26)
          at children (C:\Users\samhe\OneDrive\Desktop\Cleaned\frontend\node_mo
dules\react-router\lib\components.tsx:512:3)
          at basenameProp (C:\Users\samhe\OneDrive\Desktop\Cleaned\frontend\nod
e_modules\react-router\lib\components.tsx:421:13)
          at basename (C:\Users\samhe\OneDrive\Desktop\Cleaned\frontend\node_mo
dules\react-router\lib\components.tsx:225:3)

      333 |                             role="tab"
      334 |                             aria-selected={activeTab === tab.key}
    > 335 |                             onClick={() => setActiveTab(tab.key)}
          |                                            ^
      336 |                             className={`py-2 px-4 border-b-2 
font-medium text-sm mr-2 ${activeTab === tab.key
      337 |                                 ? 'border-brand-500 text-brand-600'
      338 |                                 : 'border-transparent 
text-gray-500 hover:text-gray-700 hover:border-gray-300'

      at printWarning 
(node_modules/react-dom/cjs/react-dom.development.js:86:30)
      at error (node_modules/react-dom/cjs/react-dom.development.js:60:7)
      at warnIfUpdatesNotWrappedWithActDEV 
(node_modules/react-dom/cjs/react-dom.development.js:27628:9)
      at scheduleUpdateOnFiber 
(node_modules/react-dom/cjs/react-dom.development.js:25547:5)
      at dispatchSetState 
(node_modules/react-dom/cjs/react-dom.development.js:16708:7)
      at onClick (src/settings/OrganisationDetailPage.tsx:335:44)
      at HTMLUnknownElement.callCallback 
(node_modules/react-dom/cjs/react-dom.development.js:4164:14)
      at HTMLUnknownElement.callTheUserObjectsOperation 
(node_modules/jsdom/lib/jsdom/living/generated/EventListener.js:26:30)
      at innerInvokeEventListeners 
(node_modules/jsdom/lib/jsdom/living/events/EventTarget-impl.js:350:25)
      at invokeEventListeners 
(node_modules/jsdom/lib/jsdom/living/events/EventTarget-impl.js:286:3)
      at HTMLUnknownElementImpl._dispatch 
(node_modules/jsdom/lib/jsdom/living/events/EventTarget-impl.js:233:9)
      at HTMLUnknownElementImpl.dispatchEvent 
(node_modules/jsdom/lib/jsdom/living/events/EventTarget-impl.js:104:17)
      at HTMLUnknownElement.dispatchEvent 
(node_modules/jsdom/lib/jsdom/living/generated/EventTarget.js:241:34)
      at Object.invokeGuardedCallbackDev 
(node_modules/react-dom/cjs/react-dom.development.js:4213:16)
      at invokeGuardedCallback 
(node_modules/react-dom/cjs/react-dom.development.js:4277:31)
      at invokeGuardedCallbackAndCatchFirstError 
(node_modules/react-dom/cjs/react-dom.development.js:4291:25)
      at executeDispatch 
(node_modules/react-dom/cjs/react-dom.development.js:9041:3)
      at processDispatchQueueItemsInOrder 
(node_modules/react-dom/cjs/react-dom.development.js:9073:7)
      at processDispatchQueue 
(node_modules/react-dom/cjs/react-dom.development.js:9086:5)
      at dispatchEventsForPlugins 
(node_modules/react-dom/cjs/react-dom.development.js:9097:3)
      at node_modules/react-dom/cjs/react-dom.development.js:9288:12
      at batchedUpdates$1 
(node_modules/react-dom/cjs/react-dom.development.js:26179:12)
      at batchedUpdates 
(node_modules/react-dom/cjs/react-dom.development.js:3991:12)
      at dispatchEventForPluginEventSystem 
(node_modules/react-dom/cjs/react-dom.development.js:9287:3)
      at dispatchEventWithEnableCapturePhaseSelectiveHydrationWithoutDiscreteEv
entReplay (node_modules/react-dom/cjs/react-dom.development.js:6465:5)
      at dispatchEvent 
(node_modules/react-dom/cjs/react-dom.development.js:6457:5)
      at dispatchDiscreteEvent 
(node_modules/react-dom/cjs/react-dom.development.js:6430:5)
      at HTMLDivElement.callTheUserObjectsOperation 
(node_modules/jsdom/lib/jsdom/living/generated/EventListener.js:26:30)
      at innerInvokeEventListeners 
(node_modules/jsdom/lib/jsdom/living/events/EventTarget-impl.js:350:25)
      at invokeEventListeners 
(node_modules/jsdom/lib/jsdom/living/events/EventTarget-impl.js:286:3)
      at HTMLButtonElementImpl._dispatch 
(node_modules/jsdom/lib/jsdom/living/events/EventTarget-impl.js:233:9)
      at HTMLButtonElementImpl.dispatchEvent 
(node_modules/jsdom/lib/jsdom/living/events/EventTarget-impl.js:104:17)
      at HTMLButtonElement.dispatchEvent 
(node_modules/jsdom/lib/jsdom/living/generated/EventTarget.js:241:34)
      at 
node_modules/@testing-library/user-event/dist/cjs/event/dispatchEvent.js:45:43
      at Object.eventWrapper 
(node_modules/@testing-library/dom/dist/config.js:25:23)
      at Object.wrapEvent 
(node_modules/@testing-library/user-event/dist/cjs/event/wrapEvent.js:6:28)
      at Object.dispatchEvent (node_modules/@testing-library/user-event/dist/cj
s/event/dispatchEvent.js:45:22)
      at Object.dispatchUIEvent (node_modules/@testing-library/user-event/dist/
cjs/event/dispatchEvent.js:22:26)
      at Mouse.up (node_modules/@testing-library/user-event/dist/cjs/system/poi
nter/mouse.js:100:30)
      at PointerHost.release (node_modules/@testing-library/user-event/dist/cjs
/system/pointer/index.js:87:24)
      at pointerAction 
(node_modules/@testing-library/user-event/dist/cjs/pointer/index.js:54:47)
      at Object.pointer 
(node_modules/@testing-library/user-event/dist/cjs/pointer/index.js:27:9)
      at Object.<anonymous> 
(src/settings/__tests__/OrganisationDetailPage.test.tsx:255:5)

    console.warn
      No routes matched location "/settings"

      at Object.warn [as UNSAFE_warning] 
(node_modules/@remix-run/router/history.ts:501:49)
      at warning (node_modules/react-router/lib/hooks.tsx:451:5)
      at useRoutesImpl (node_modules/react-router/lib/hooks.tsx:344:10)
      at useRoutes (node_modules/react-router/lib/components.tsx:515:10)
      at renderWithHooks 
(node_modules/react-dom/cjs/react-dom.development.js:15486:18)
      at updateFunctionComponent 
(node_modules/react-dom/cjs/react-dom.development.js:19617:20)
      at beginWork 
(node_modules/react-dom/cjs/react-dom.development.js:21640:16)
      at beginWork$1 
(node_modules/react-dom/cjs/react-dom.development.js:27465:14)
      at performUnitOfWork 
(node_modules/react-dom/cjs/react-dom.development.js:26599:12)
      at workLoopSync 
(node_modules/react-dom/cjs/react-dom.development.js:26505:5)
      at renderRootSync 
(node_modules/react-dom/cjs/react-dom.development.js:26473:7)
      at performConcurrentWorkOnRoot 
(node_modules/react-dom/cjs/react-dom.development.js:25777:74)
      at workLoop (node_modules/scheduler/cjs/scheduler.development.js:266:34)
      at flushWork (node_modules/scheduler/cjs/scheduler.development.js:239:14)
      at performWorkUntilDeadline 
(node_modules/scheduler/cjs/scheduler.development.js:533:21)
      at Timeout.task [as _onTimeout] 
(node_modules/jsdom/lib/jsdom/browser/Window.js:520:19)

    console.error
      Warning: An update to OrganisationDetailPage inside a test was not 
wrapped in act(...).
      
      When testing, code that causes React state updates should be wrapped 
into act(...):
      
      act(() => {
        /* fire events that update state */
      });
      /* assert on the output */
      
      This ensures that you're testing the behavior the user would see in the 
browser. Learn more at https://reactjs.org/link/wrap-tests-with-act
          at OrganisationDetailPage (C:\Users\samhe\OneDrive\Desktop\Cleaned\fr
ontend\src\settings\OrganisationDetailPage.tsx:83:33)
          at routeContext (C:\Users\samhe\OneDrive\Desktop\Cleaned\frontend\nod
e_modules\react-router\lib\hooks.tsx:658:26)
          at children (C:\Users\samhe\OneDrive\Desktop\Cleaned\frontend\node_mo
dules\react-router\lib\components.tsx:512:3)
          at basenameProp (C:\Users\samhe\OneDrive\Desktop\Cleaned\frontend\nod
e_modules\react-router\lib\components.tsx:421:13)
          at basename (C:\Users\samhe\OneDrive\Desktop\Cleaned\frontend\node_mo
dules\react-router\lib\components.tsx:225:3)

      123 |     useEffect(() => {
      124 |         const orgCode = session?.user?.orgCode
    > 125 |         getUsers().then(data => setUsers(Array.isArray(data) ? 
data : []))
          |                                 ^
      126 |         getGlobalHierarchyLevels().then(data => 
setGlobalLevels(Array.isArray(data) ? data : []))
      127 |
      128 |         if (isNew) return

      at printWarning 
(node_modules/react-dom/cjs/react-dom.development.js:86:30)
      at error (node_modules/react-dom/cjs/react-dom.development.js:60:7)
      at warnIfUpdatesNotWrappedWithActDEV 
(node_modules/react-dom/cjs/react-dom.development.js:27628:9)
      at scheduleUpdateOnFiber 
(node_modules/react-dom/cjs/react-dom.development.js:25547:5)
      at dispatchSetState 
(node_modules/react-dom/cjs/react-dom.development.js:16708:7)
      at src/settings/OrganisationDetailPage.tsx:125:33

    console.error
      Warning: An update to OrganisationDetailPage inside a test was not 
wrapped in act(...).
      
      When testing, code that causes React state updates should be wrapped 
into act(...):
      
      act(() => {
        /* fire events that update state */
      });
      /* assert on the output */
      
      This ensures that you're testing the behavior the user would see in the 
browser. Learn more at https://reactjs.org/link/wrap-tests-with-act
          at OrganisationDetailPage (C:\Users\samhe\OneDrive\Desktop\Cleaned\fr
ontend\src\settings\OrganisationDetailPage.tsx:83:33)
          at routeContext (C:\Users\samhe\OneDrive\Desktop\Cleaned\frontend\nod
e_modules\react-router\lib\hooks.tsx:658:26)
          at children (C:\Users\samhe\OneDrive\Desktop\Cleaned\frontend\node_mo
dules\react-router\lib\components.tsx:512:3)
          at basenameProp (C:\Users\samhe\OneDrive\Desktop\Cleaned\frontend\nod
e_modules\react-router\lib\components.tsx:421:13)
          at basename (C:\Users\samhe\OneDrive\Desktop\Cleaned\frontend\node_mo
dules\react-router\lib\components.tsx:225:3)

      124 |         const orgCode = session?.user?.orgCode
      125 |         getUsers().then(data => setUsers(Array.isArray(data) ? 
data : []))
    > 126 |         getGlobalHierarchyLevels().then(data => 
setGlobalLevels(Array.isArray(data) ? data : []))
          |                                                 ^
      127 |
      128 |         if (isNew) return
      129 |

      at printWarning 
(node_modules/react-dom/cjs/react-dom.development.js:86:30)
      at error (node_modules/react-dom/cjs/react-dom.development.js:60:7)
      at warnIfUpdatesNotWrappedWithActDEV 
(node_modules/react-dom/cjs/react-dom.development.js:27628:9)
      at scheduleUpdateOnFiber 
(node_modules/react-dom/cjs/react-dom.development.js:25547:5)
      at dispatchSetState 
(node_modules/react-dom/cjs/react-dom.development.js:16708:7)
      at src/settings/OrganisationDetailPage.tsx:126:49

    console.error
      Warning: An update to OrganisationDetailPage inside a test was not 
wrapped in act(...).
      
      When testing, code that causes React state updates should be wrapped 
into act(...):
      
      act(() => {
        /* fire events that update state */
      });
      /* assert on the output */
      
      This ensures that you're testing the behavior the user would see in the 
browser. Learn more at https://reactjs.org/link/wrap-tests-with-act
          at OrganisationDetailPage (C:\Users\samhe\OneDrive\Desktop\Cleaned\fr
ontend\src\settings\OrganisationDetailPage.tsx:83:33)
          at routeContext (C:\Users\samhe\OneDrive\Desktop\Cleaned\frontend\nod
e_modules\react-router\lib\hooks.tsx:658:26)
          at children (C:\Users\samhe\OneDrive\Desktop\Cleaned\frontend\node_mo
dules\react-router\lib\components.tsx:512:3)
          at basenameProp (C:\Users\samhe\OneDrive\Desktop\Cleaned\frontend\nod
e_modules\react-router\lib\components.tsx:421:13)
          at basename (C:\Users\samhe\OneDrive\Desktop\Cleaned\frontend\node_mo
dules\react-router\lib\components.tsx:225:3)

      123 |     useEffect(() => {
      124 |         const orgCode = session?.user?.orgCode
    > 125 |         getUsers().then(data => setUsers(Array.isArray(data) ? 
data : []))
          |                                 ^
      126 |         getGlobalHierarchyLevels().then(data => 
setGlobalLevels(Array.isArray(data) ? data : []))
      127 |
      128 |         if (isNew) return

      at printWarning 
(node_modules/react-dom/cjs/react-dom.development.js:86:30)
      at error (node_modules/react-dom/cjs/react-dom.development.js:60:7)
      at warnIfUpdatesNotWrappedWithActDEV 
(node_modules/react-dom/cjs/react-dom.development.js:27628:9)
      at scheduleUpdateOnFiber 
(node_modules/react-dom/cjs/react-dom.development.js:25547:5)
      at dispatchSetState 
(node_modules/react-dom/cjs/react-dom.development.js:16708:7)
      at src/settings/OrganisationDetailPage.tsx:125:33

    console.error
      Warning: An update to OrganisationDetailPage inside a test was not 
wrapped in act(...).
      
      When testing, code that causes React state updates should be wrapped 
into act(...):
      
      act(() => {
        /* fire events that update state */
      });
      /* assert on the output */
      
      This ensures that you're testing the behavior the user would see in the 
browser. Learn more at https://reactjs.org/link/wrap-tests-with-act
          at OrganisationDetailPage (C:\Users\samhe\OneDrive\Desktop\Cleaned\fr
ontend\src\settings\OrganisationDetailPage.tsx:83:33)
          at routeContext (C:\Users\samhe\OneDrive\Desktop\Cleaned\frontend\nod
e_modules\react-router\lib\hooks.tsx:658:26)
          at children (C:\Users\samhe\OneDrive\Desktop\Cleaned\frontend\node_mo
dules\react-router\lib\components.tsx:512:3)
          at basenameProp (C:\Users\samhe\OneDrive\Desktop\Cleaned\frontend\nod
e_modules\react-router\lib\components.tsx:421:13)
          at basename (C:\Users\samhe\OneDrive\Desktop\Cleaned\frontend\node_mo
dules\react-router\lib\components.tsx:225:3)

      124 |         const orgCode = session?.user?.orgCode
      125 |         getUsers().then(data => setUsers(Array.isArray(data) ? 
data : []))
    > 126 |         getGlobalHierarchyLevels().then(data => 
setGlobalLevels(Array.isArray(data) ? data : []))
          |                                                 ^
      127 |
      128 |         if (isNew) return
      129 |

      at printWarning 
(node_modules/react-dom/cjs/react-dom.development.js:86:30)
      at error (node_modules/react-dom/cjs/react-dom.development.js:60:7)
      at warnIfUpdatesNotWrappedWithActDEV 
(node_modules/react-dom/cjs/react-dom.development.js:27628:9)
      at scheduleUpdateOnFiber 
(node_modules/react-dom/cjs/react-dom.development.js:25547:5)
      at dispatchSetState 
(node_modules/react-dom/cjs/react-dom.development.js:16708:7)
      at src/settings/OrganisationDetailPage.tsx:126:49

PASS src/shell/Sidebar.test.tsx
PASS src/settings/settings.test.tsx
  ÔùÅ Console

    console.warn
      ÔÜá´©Å React Router Future Flag Warning: React Router will begin 
wrapping state updates in `React.startTransition` in v7. You can use the 
`v7_startTransition` future flag to opt-in early. For more information, see 
https://reactrouter.com/v6/upgrading/future#v7_starttransition.

      36 | // Wrap in MemoryRouter since tiles use <Link> / navigate
      37 | function renderSettings() {
    > 38 |   return render(
         |                ^
      39 |     <MemoryRouter>
      40 |       <SettingsPage />
      41 |     </MemoryRouter>

      at warn (node_modules/react-router/lib/deprecations.ts:9:13)
      at warnOnce (node_modules/react-router/lib/deprecations.ts:14:3)
      at logDeprecation (node_modules/react-router/lib/deprecations.ts:26:5)
      at logV6DeprecationWarnings 
(node_modules/react-router/lib/components.tsx:257:25)
      at commitHookEffectListMount 
(node_modules/react-dom/cjs/react-dom.development.js:23189:26)
      at commitPassiveMountOnFiber 
(node_modules/react-dom/cjs/react-dom.development.js:24970:11)
      at commitPassiveMountEffects_complete 
(node_modules/react-dom/cjs/react-dom.development.js:24930:9)
      at commitPassiveMountEffects_begin 
(node_modules/react-dom/cjs/react-dom.development.js:24917:7)
      at commitPassiveMountEffects 
(node_modules/react-dom/cjs/react-dom.development.js:24905:3)
      at flushPassiveEffectsImpl 
(node_modules/react-dom/cjs/react-dom.development.js:27078:3)
      at flushPassiveEffects 
(node_modules/react-dom/cjs/react-dom.development.js:27023:14)
      at node_modules/react-dom/cjs/react-dom.development.js:26808:9
      at flushActQueue (node_modules/react/cjs/react.development.js:2667:24)
      at act (node_modules/react/cjs/react.development.js:2582:11)
      at node_modules/@testing-library/react/dist/act-compat.js:47:25
      at renderRoot (node_modules/@testing-library/react/dist/pure.js:180:26)
      at render (node_modules/@testing-library/react/dist/pure.js:271:10)
      at renderSettings (src/settings/settings.test.tsx:38:16)
      at Object.<anonymous> (src/settings/settings.test.tsx:54:5)

    console.warn
      ÔÜá´©Å React Router Future Flag Warning: Relative route resolution 
within Splat routes is changing in v7. You can use the `v7_relativeSplatPath` 
future flag to opt-in early. For more information, see 
https://reactrouter.com/v6/upgrading/future#v7_relativesplatpath.

      36 | // Wrap in MemoryRouter since tiles use <Link> / navigate
      37 | function renderSettings() {
    > 38 |   return render(
         |                ^
      39 |     <MemoryRouter>
      40 |       <SettingsPage />
      41 |     </MemoryRouter>

      at warn (node_modules/react-router/lib/deprecations.ts:9:13)
      at warnOnce (node_modules/react-router/lib/deprecations.ts:14:3)
      at logDeprecation (node_modules/react-router/lib/deprecations.ts:37:5)
      at logV6DeprecationWarnings 
(node_modules/react-router/lib/components.tsx:257:25)
      at commitHookEffectListMount 
(node_modules/react-dom/cjs/react-dom.development.js:23189:26)
      at commitPassiveMountOnFiber 
(node_modules/react-dom/cjs/react-dom.development.js:24970:11)
      at commitPassiveMountEffects_complete 
(node_modules/react-dom/cjs/react-dom.development.js:24930:9)
      at commitPassiveMountEffects_begin 
(node_modules/react-dom/cjs/react-dom.development.js:24917:7)
      at commitPassiveMountEffects 
(node_modules/react-dom/cjs/react-dom.development.js:24905:3)
      at flushPassiveEffectsImpl 
(node_modules/react-dom/cjs/react-dom.development.js:27078:3)
      at flushPassiveEffects 
(node_modules/react-dom/cjs/react-dom.development.js:27023:14)
      at node_modules/react-dom/cjs/react-dom.development.js:26808:9
      at flushActQueue (node_modules/react/cjs/react.development.js:2667:24)
      at act (node_modules/react/cjs/react.development.js:2582:11)
      at node_modules/@testing-library/react/dist/act-compat.js:47:25
      at renderRoot (node_modules/@testing-library/react/dist/pure.js:180:26)
      at render (node_modules/@testing-library/react/dist/pure.js:271:10)
      at renderSettings (src/settings/settings.test.tsx:38:16)
      at Object.<anonymous> (src/settings/settings.test.tsx:54:5)

PASS src/claims/ClaimViewPage/__tests__/ClaimViewPage.test.tsx
PASS src/submissions/SubmissionForm/__tests__/SubmissionForm.test.tsx
PASS src/__tests__/codebase-scan.test.js
PASS 
src/locations/LocationsScheduleTab/__tests__/LocationsScheduleTab.test.tsx 
(5.337 s)
  ÔùÅ Console

    console.warn
      ÔÜá´©Å React Router Future Flag Warning: React Router will begin 
wrapping state updates in `React.startTransition` in v7. You can use the 
`v7_startTransition` future flag to opt-in early. For more information, see 
https://reactrouter.com/v6/upgrading/future#v7_starttransition.

      74 |
      75 | function renderTab(entityType: 'Quote' | 'Policy' = 'Quote', 
entityId = 42) {
    > 76 |     return render(
         |                  ^
      77 |         <MemoryRouter>
      78 |             <LocationsScheduleTab entityType={entityType} 
entityId={entityId} />
      79 |         </MemoryRouter>

      at warn (node_modules/react-router/lib/deprecations.ts:9:13)
      at warnOnce (node_modules/react-router/lib/deprecations.ts:14:3)
      at logDeprecation (node_modules/react-router/lib/deprecations.ts:26:5)
      at logV6DeprecationWarnings 
(node_modules/react-router/lib/components.tsx:257:25)
      at commitHookEffectListMount 
(node_modules/react-dom/cjs/react-dom.development.js:23189:26)
      at commitPassiveMountOnFiber 
(node_modules/react-dom/cjs/react-dom.development.js:24970:11)
      at commitPassiveMountEffects_complete 
(node_modules/react-dom/cjs/react-dom.development.js:24930:9)
      at commitPassiveMountEffects_begin 
(node_modules/react-dom/cjs/react-dom.development.js:24917:7)
      at commitPassiveMountEffects 
(node_modules/react-dom/cjs/react-dom.development.js:24905:3)
      at flushPassiveEffectsImpl 
(node_modules/react-dom/cjs/react-dom.development.js:27078:3)
      at flushPassiveEffects 
(node_modules/react-dom/cjs/react-dom.development.js:27023:14)
      at node_modules/react-dom/cjs/react-dom.development.js:26808:9
      at flushActQueue (node_modules/react/cjs/react.development.js:2667:24)
      at act (node_modules/react/cjs/react.development.js:2582:11)
      at node_modules/@testing-library/react/dist/act-compat.js:47:25
      at renderRoot (node_modules/@testing-library/react/dist/pure.js:180:26)
      at render (node_modules/@testing-library/react/dist/pure.js:271:10)
      at renderTab (src/locations/LocationsScheduleTab/__tests__/LocationsSched
uleTab.test.tsx:76:18)
      at Object.<anonymous> (src/locations/LocationsScheduleTab/__tests__/Locat
ionsScheduleTab.test.tsx:99:9)

    console.warn
      ÔÜá´©Å React Router Future Flag Warning: Relative route resolution 
within Splat routes is changing in v7. You can use the `v7_relativeSplatPath` 
future flag to opt-in early. For more information, see 
https://reactrouter.com/v6/upgrading/future#v7_relativesplatpath.

      74 |
      75 | function renderTab(entityType: 'Quote' | 'Policy' = 'Quote', 
entityId = 42) {
    > 76 |     return render(
         |                  ^
      77 |         <MemoryRouter>
      78 |             <LocationsScheduleTab entityType={entityType} 
entityId={entityId} />
      79 |         </MemoryRouter>

      at warn (node_modules/react-router/lib/deprecations.ts:9:13)
      at warnOnce (node_modules/react-router/lib/deprecations.ts:14:3)
      at logDeprecation (node_modules/react-router/lib/deprecations.ts:37:5)
      at logV6DeprecationWarnings 
(node_modules/react-router/lib/components.tsx:257:25)
      at commitHookEffectListMount 
(node_modules/react-dom/cjs/react-dom.development.js:23189:26)
      at commitPassiveMountOnFiber 
(node_modules/react-dom/cjs/react-dom.development.js:24970:11)
      at commitPassiveMountEffects_complete 
(node_modules/react-dom/cjs/react-dom.development.js:24930:9)
      at commitPassiveMountEffects_begin 
(node_modules/react-dom/cjs/react-dom.development.js:24917:7)
      at commitPassiveMountEffects 
(node_modules/react-dom/cjs/react-dom.development.js:24905:3)
      at flushPassiveEffectsImpl 
(node_modules/react-dom/cjs/react-dom.development.js:27078:3)
      at flushPassiveEffects 
(node_modules/react-dom/cjs/react-dom.development.js:27023:14)
      at node_modules/react-dom/cjs/react-dom.development.js:26808:9
      at flushActQueue (node_modules/react/cjs/react.development.js:2667:24)
      at act (node_modules/react/cjs/react.development.js:2582:11)
      at node_modules/@testing-library/react/dist/act-compat.js:47:25
      at renderRoot (node_modules/@testing-library/react/dist/pure.js:180:26)
      at render (node_modules/@testing-library/react/dist/pure.js:271:10)
      at renderTab (src/locations/LocationsScheduleTab/__tests__/LocationsSched
uleTab.test.tsx:76:18)
      at Object.<anonymous> (src/locations/LocationsScheduleTab/__tests__/Locat
ionsScheduleTab.test.tsx:99:9)

PASS src/settings/__tests__/DataQualitySettingsPage.test.tsx
  ÔùÅ Console

    console.warn
      ÔÜá´©Å React Router Future Flag Warning: React Router will begin 
wrapping state updates in `React.startTransition` in v7. You can use the 
`v7_startTransition` future flag to opt-in early. For more information, see 
https://reactrouter.com/v6/upgrading/future#v7_starttransition.

      54 | function renderDataQualityPage() {
      55 |   const { default: DataQualitySettingsPage } = 
require('../DataQualitySettingsPage')
    > 56 |   return render(
         |                ^
      57 |     <MemoryRouter>
      58 |       <DataQualitySettingsPage />
      59 |     </MemoryRouter>

      at warn (node_modules/react-router/lib/deprecations.ts:9:13)
      at warnOnce (node_modules/react-router/lib/deprecations.ts:14:3)
      at logDeprecation (node_modules/react-router/lib/deprecations.ts:26:5)
      at logV6DeprecationWarnings 
(node_modules/react-router/lib/components.tsx:257:25)
      at commitHookEffectListMount 
(node_modules/react-dom/cjs/react-dom.development.js:23189:26)
      at commitPassiveMountOnFiber 
(node_modules/react-dom/cjs/react-dom.development.js:24970:11)
      at commitPassiveMountEffects_complete 
(node_modules/react-dom/cjs/react-dom.development.js:24930:9)
      at commitPassiveMountEffects_begin 
(node_modules/react-dom/cjs/react-dom.development.js:24917:7)
      at commitPassiveMountEffects 
(node_modules/react-dom/cjs/react-dom.development.js:24905:3)
      at flushPassiveEffectsImpl 
(node_modules/react-dom/cjs/react-dom.development.js:27078:3)
      at flushPassiveEffects 
(node_modules/react-dom/cjs/react-dom.development.js:27023:14)
      at node_modules/react-dom/cjs/react-dom.development.js:26808:9
      at flushActQueue (node_modules/react/cjs/react.development.js:2667:24)
      at act (node_modules/react/cjs/react.development.js:2582:11)
      at node_modules/@testing-library/react/dist/act-compat.js:47:25
      at renderRoot (node_modules/@testing-library/react/dist/pure.js:180:26)
      at render (node_modules/@testing-library/react/dist/pure.js:271:10)
      at renderDataQualityPage 
(src/settings/__tests__/DataQualitySettingsPage.test.tsx:56:16)
      at Object.<anonymous> 
(src/settings/__tests__/DataQualitySettingsPage.test.tsx:75:5)

    console.warn
      ÔÜá´©Å React Router Future Flag Warning: Relative route resolution 
within Splat routes is changing in v7. You can use the `v7_relativeSplatPath` 
future flag to opt-in early. For more information, see 
https://reactrouter.com/v6/upgrading/future#v7_relativesplatpath.

      54 | function renderDataQualityPage() {
      55 |   const { default: DataQualitySettingsPage } = 
require('../DataQualitySettingsPage')
    > 56 |   return render(
         |                ^
      57 |     <MemoryRouter>
      58 |       <DataQualitySettingsPage />
      59 |     </MemoryRouter>

      at warn (node_modules/react-router/lib/deprecations.ts:9:13)
      at warnOnce (node_modules/react-router/lib/deprecations.ts:14:3)
      at logDeprecation (node_modules/react-router/lib/deprecations.ts:37:5)
      at logV6DeprecationWarnings 
(node_modules/react-router/lib/components.tsx:257:25)
      at commitHookEffectListMount 
(node_modules/react-dom/cjs/react-dom.development.js:23189:26)
      at commitPassiveMountOnFiber 
(node_modules/react-dom/cjs/react-dom.development.js:24970:11)
      at commitPassiveMountEffects_complete 
(node_modules/react-dom/cjs/react-dom.development.js:24930:9)
      at commitPassiveMountEffects_begin 
(node_modules/react-dom/cjs/react-dom.development.js:24917:7)
      at commitPassiveMountEffects 
(node_modules/react-dom/cjs/react-dom.development.js:24905:3)
      at flushPassiveEffectsImpl 
(node_modules/react-dom/cjs/react-dom.development.js:27078:3)
      at flushPassiveEffects 
(node_modules/react-dom/cjs/react-dom.development.js:27023:14)
      at node_modules/react-dom/cjs/react-dom.development.js:26808:9
      at flushActQueue (node_modules/react/cjs/react.development.js:2667:24)
      at act (node_modules/react/cjs/react.development.js:2582:11)
      at node_modules/@testing-library/react/dist/act-compat.js:47:25
      at renderRoot (node_modules/@testing-library/react/dist/pure.js:180:26)
      at render (node_modules/@testing-library/react/dist/pure.js:271:10)
      at renderDataQualityPage 
(src/settings/__tests__/DataQualitySettingsPage.test.tsx:56:16)
      at Object.<anonymous> 
(src/settings/__tests__/DataQualitySettingsPage.test.tsx:75:5)

    console.error
      Warning: An update to DataQualitySettingsPage inside a test was not 
wrapped in act(...).
      
      When testing, code that causes React state updates should be wrapped 
into act(...):
      
      act(() => {
        /* fire events that update state */
      });
      /* assert on the output */
      
      This ensures that you're testing the behavior the user would see in the 
browser. Learn more at https://reactjs.org/link/wrap-tests-with-act
          at DataQualitySettingsPage (C:\Users\samhe\OneDrive\Desktop\Cleaned\f
rontend\src\settings\DataQualitySettingsPage.tsx:28:45)
          at basenameProp (C:\Users\samhe\OneDrive\Desktop\Cleaned\frontend\nod
e_modules\react-router\lib\components.tsx:421:13)
          at basename (C:\Users\samhe\OneDrive\Desktop\Cleaned\frontend\node_mo
dules\react-router\lib\components.tsx:225:3)

      39 |
      40 |     async function handleSave() {
    > 41 |         setSaving(true)
         |         ^
      42 |         try {
      43 |             await saveDataQualitySettings(settings)
      44 |             addNotification('Data quality settings saved 
successfully', 'success')

      at printWarning 
(node_modules/react-dom/cjs/react-dom.development.js:86:30)
      at error (node_modules/react-dom/cjs/react-dom.development.js:60:7)
      at warnIfUpdatesNotWrappedWithActDEV 
(node_modules/react-dom/cjs/react-dom.development.js:27628:9)
      at scheduleUpdateOnFiber 
(node_modules/react-dom/cjs/react-dom.development.js:25547:5)
      at dispatchSetState 
(node_modules/react-dom/cjs/react-dom.development.js:16708:7)
      at handleSave (src/settings/DataQualitySettingsPage.tsx:41:9)
      at HTMLUnknownElement.callCallback 
(node_modules/react-dom/cjs/react-dom.development.js:4164:14)
      at HTMLUnknownElement.callTheUserObjectsOperation 
(node_modules/jsdom/lib/jsdom/living/generated/EventListener.js:26:30)
      at innerInvokeEventListeners 
(node_modules/jsdom/lib/jsdom/living/events/EventTarget-impl.js:350:25)
      at invokeEventListeners 
(node_modules/jsdom/lib/jsdom/living/events/EventTarget-impl.js:286:3)
      at HTMLUnknownElementImpl._dispatch 
(node_modules/jsdom/lib/jsdom/living/events/EventTarget-impl.js:233:9)
      at HTMLUnknownElementImpl.dispatchEvent 
(node_modules/jsdom/lib/jsdom/living/events/EventTarget-impl.js:104:17)
      at HTMLUnknownElement.dispatchEvent 
(node_modules/jsdom/lib/jsdom/living/generated/EventTarget.js:241:34)
      at Object.invokeGuardedCallbackDev 
(node_modules/react-dom/cjs/react-dom.development.js:4213:16)
      at invokeGuardedCallback 
(node_modules/react-dom/cjs/react-dom.development.js:4277:31)
      at invokeGuardedCallbackAndCatchFirstError 
(node_modules/react-dom/cjs/react-dom.development.js:4291:25)
      at executeDispatch 
(node_modules/react-dom/cjs/react-dom.development.js:9041:3)
      at processDispatchQueueItemsInOrder 
(node_modules/react-dom/cjs/react-dom.development.js:9073:7)
      at processDispatchQueue 
(node_modules/react-dom/cjs/react-dom.development.js:9086:5)
      at dispatchEventsForPlugins 
(node_modules/react-dom/cjs/react-dom.development.js:9097:3)
      at node_modules/react-dom/cjs/react-dom.development.js:9288:12
      at batchedUpdates$1 
(node_modules/react-dom/cjs/react-dom.development.js:26179:12)
      at batchedUpdates 
(node_modules/react-dom/cjs/react-dom.development.js:3991:12)
      at dispatchEventForPluginEventSystem 
(node_modules/react-dom/cjs/react-dom.development.js:9287:3)
      at dispatchEventWithEnableCapturePhaseSelectiveHydrationWithoutDiscreteEv
entReplay (node_modules/react-dom/cjs/react-dom.development.js:6465:5)
      at dispatchEvent 
(node_modules/react-dom/cjs/react-dom.development.js:6457:5)
      at dispatchDiscreteEvent 
(node_modules/react-dom/cjs/react-dom.development.js:6430:5)
      at HTMLDivElement.callTheUserObjectsOperation 
(node_modules/jsdom/lib/jsdom/living/generated/EventListener.js:26:30)
      at innerInvokeEventListeners 
(node_modules/jsdom/lib/jsdom/living/events/EventTarget-impl.js:350:25)
      at invokeEventListeners 
(node_modules/jsdom/lib/jsdom/living/events/EventTarget-impl.js:286:3)
      at HTMLButtonElementImpl._dispatch 
(node_modules/jsdom/lib/jsdom/living/events/EventTarget-impl.js:233:9)
      at HTMLButtonElementImpl.dispatchEvent 
(node_modules/jsdom/lib/jsdom/living/events/EventTarget-impl.js:104:17)
      at HTMLButtonElement.dispatchEvent 
(node_modules/jsdom/lib/jsdom/living/generated/EventTarget.js:241:34)
      at 
node_modules/@testing-library/user-event/dist/cjs/event/dispatchEvent.js:45:43
      at Object.eventWrapper 
(node_modules/@testing-library/dom/dist/config.js:25:23)
      at Object.wrapEvent 
(node_modules/@testing-library/user-event/dist/cjs/event/wrapEvent.js:6:28)
      at Object.dispatchEvent (node_modules/@testing-library/user-event/dist/cj
s/event/dispatchEvent.js:45:22)
      at Object.dispatchUIEvent (node_modules/@testing-library/user-event/dist/
cjs/event/dispatchEvent.js:22:26)
      at Mouse.up (node_modules/@testing-library/user-event/dist/cjs/system/poi
nter/mouse.js:100:30)
      at PointerHost.release (node_modules/@testing-library/user-event/dist/cjs
/system/pointer/index.js:87:24)
      at pointerAction 
(node_modules/@testing-library/user-event/dist/cjs/pointer/index.js:54:47)
      at Object.pointer 
(node_modules/@testing-library/user-event/dist/cjs/pointer/index.js:27:9)
      at Object.<anonymous> 
(src/settings/__tests__/DataQualitySettingsPage.test.tsx:86:5)

    console.error
      Warning: An update to DataQualitySettingsPage inside a test was not 
wrapped in act(...).
      
      When testing, code that causes React state updates should be wrapped 
into act(...):
      
      act(() => {
        /* fire events that update state */
      });
      /* assert on the output */
      
      This ensures that you're testing the behavior the user would see in the 
browser. Learn more at https://reactjs.org/link/wrap-tests-with-act
          at DataQualitySettingsPage (C:\Users\samhe\OneDrive\Desktop\Cleaned\f
rontend\src\settings\DataQualitySettingsPage.tsx:28:45)
          at basenameProp (C:\Users\samhe\OneDrive\Desktop\Cleaned\frontend\nod
e_modules\react-router\lib\components.tsx:421:13)
          at basename (C:\Users\samhe\OneDrive\Desktop\Cleaned\frontend\node_mo
dules\react-router\lib\components.tsx:225:3)

      44 |             addNotification('Data quality settings saved 
successfully', 'success')
      45 |         } finally {
    > 46 |             setSaving(false)
         |             ^
      47 |         }
      48 |     }
      49 |

      at printWarning 
(node_modules/react-dom/cjs/react-dom.development.js:86:30)
      at error (node_modules/react-dom/cjs/react-dom.development.js:60:7)
      at warnIfUpdatesNotWrappedWithActDEV 
(node_modules/react-dom/cjs/react-dom.development.js:27628:9)
      at scheduleUpdateOnFiber 
(node_modules/react-dom/cjs/react-dom.development.js:25547:5)
      at dispatchSetState 
(node_modules/react-dom/cjs/react-dom.development.js:16708:7)
      at handleSave (src/settings/DataQualitySettingsPage.tsx:46:13)

    console.error
      Warning: An update to DataQualitySettingsPage inside a test was not 
wrapped in act(...).
      
      When testing, code that causes React state updates should be wrapped 
into act(...):
      
      act(() => {
        /* fire events that update state */
      });
      /* assert on the output */
      
      This ensures that you're testing the behavior the user would see in the 
browser. Learn more at https://reactjs.org/link/wrap-tests-with-act
          at DataQualitySettingsPage (C:\Users\samhe\OneDrive\Desktop\Cleaned\f
rontend\src\settings\DataQualitySettingsPage.tsx:28:45)
          at basenameProp (C:\Users\samhe\OneDrive\Desktop\Cleaned\frontend\nod
e_modules\react-router\lib\components.tsx:421:13)
          at basename (C:\Users\samhe\OneDrive\Desktop\Cleaned\frontend\node_mo
dules\react-router\lib\components.tsx:225:3)

      35 |
      36 |     function handleChange<K extends keyof DQSettings>(field: K, 
value: DQSettings[K]) {
    > 37 |         setSettings(prev => ({ ...prev, [field]: value }))
         |         ^
      38 |     }
      39 |
      40 |     async function handleSave() {

      at printWarning 
(node_modules/react-dom/cjs/react-dom.development.js:86:30)
      at error (node_modules/react-dom/cjs/react-dom.development.js:60:7)
      at warnIfUpdatesNotWrappedWithActDEV 
(node_modules/react-dom/cjs/react-dom.development.js:27628:9)
      at scheduleUpdateOnFiber 
(node_modules/react-dom/cjs/react-dom.development.js:25547:5)
      at dispatchSetState 
(node_modules/react-dom/cjs/react-dom.development.js:16708:7)
      at handleChange (src/settings/DataQualitySettingsPage.tsx:37:9)
      at onChange (src/settings/DataQualitySettingsPage.tsx:135:48)
      at onChange (src/settings/DataQualitySettingsPage.tsx:208:32)
      at HTMLUnknownElement.callCallback 
(node_modules/react-dom/cjs/react-dom.development.js:4164:14)
      at HTMLUnknownElement.callTheUserObjectsOperation 
(node_modules/jsdom/lib/jsdom/living/generated/EventListener.js:26:30)
      at innerInvokeEventListeners 
(node_modules/jsdom/lib/jsdom/living/events/EventTarget-impl.js:350:25)
      at invokeEventListeners 
(node_modules/jsdom/lib/jsdom/living/events/EventTarget-impl.js:286:3)
      at HTMLUnknownElementImpl._dispatch 
(node_modules/jsdom/lib/jsdom/living/events/EventTarget-impl.js:233:9)
      at HTMLUnknownElementImpl.dispatchEvent 
(node_modules/jsdom/lib/jsdom/living/events/EventTarget-impl.js:104:17)
      at HTMLUnknownElement.dispatchEvent 
(node_modules/jsdom/lib/jsdom/living/generated/EventTarget.js:241:34)
      at Object.invokeGuardedCallbackDev 
(node_modules/react-dom/cjs/react-dom.development.js:4213:16)
      at invokeGuardedCallback 
(node_modules/react-dom/cjs/react-dom.development.js:4277:31)
      at invokeGuardedCallbackAndCatchFirstError 
(node_modules/react-dom/cjs/react-dom.development.js:4291:25)
      at executeDispatch 
(node_modules/react-dom/cjs/react-dom.development.js:9041:3)
      at processDispatchQueueItemsInOrder 
(node_modules/react-dom/cjs/react-dom.development.js:9073:7)
      at processDispatchQueue 
(node_modules/react-dom/cjs/react-dom.development.js:9086:5)
      at dispatchEventsForPlugins 
(node_modules/react-dom/cjs/react-dom.development.js:9097:3)
      at node_modules/react-dom/cjs/react-dom.development.js:9288:12
      at batchedUpdates$1 
(node_modules/react-dom/cjs/react-dom.development.js:26179:12)
      at batchedUpdates 
(node_modules/react-dom/cjs/react-dom.development.js:3991:12)
      at dispatchEventForPluginEventSystem 
(node_modules/react-dom/cjs/react-dom.development.js:9287:3)
      at dispatchEventWithEnableCapturePhaseSelectiveHydrationWithoutDiscreteEv
entReplay (node_modules/react-dom/cjs/react-dom.development.js:6465:5)
      at dispatchEvent 
(node_modules/react-dom/cjs/react-dom.development.js:6457:5)
      at dispatchDiscreteEvent 
(node_modules/react-dom/cjs/react-dom.development.js:6430:5)
      at HTMLDivElement.callTheUserObjectsOperation 
(node_modules/jsdom/lib/jsdom/living/generated/EventListener.js:26:30)
      at innerInvokeEventListeners 
(node_modules/jsdom/lib/jsdom/living/events/EventTarget-impl.js:350:25)
      at invokeEventListeners 
(node_modules/jsdom/lib/jsdom/living/events/EventTarget-impl.js:286:3)
      at HTMLInputElementImpl._dispatch 
(node_modules/jsdom/lib/jsdom/living/events/EventTarget-impl.js:233:9)
      at HTMLInputElementImpl.dispatchEvent 
(node_modules/jsdom/lib/jsdom/living/events/EventTarget-impl.js:104:17)
      at HTMLInputElement.dispatchEvent 
(node_modules/jsdom/lib/jsdom/living/generated/EventTarget.js:241:34)
      at 
node_modules/@testing-library/user-event/dist/cjs/event/dispatchEvent.js:45:43
      at Object.eventWrapper 
(node_modules/@testing-library/dom/dist/config.js:25:23)
      at Object.wrapEvent 
(node_modules/@testing-library/user-event/dist/cjs/event/wrapEvent.js:6:28)
      at Object.dispatchEvent (node_modules/@testing-library/user-event/dist/cj
s/event/dispatchEvent.js:45:22)
      at Object.dispatchUIEvent (node_modules/@testing-library/user-event/dist/
cjs/event/dispatchEvent.js:22:26)
      at Mouse.up (node_modules/@testing-library/user-event/dist/cjs/system/poi
nter/mouse.js:100:30)
      at PointerHost.release (node_modules/@testing-library/user-event/dist/cjs
/system/pointer/index.js:87:24)
      at pointerAction 
(node_modules/@testing-library/user-event/dist/cjs/pointer/index.js:54:47)
      at Object.pointer 
(node_modules/@testing-library/user-event/dist/cjs/pointer/index.js:27:9)
      at Object.<anonymous> 
(src/settings/__tests__/DataQualitySettingsPage.test.tsx:173:5)

PASS src/broker-submissions/__tests__/BrokerSubmissionsPage.test.tsx
PASS src/submissions/SubmissionsPage.test.tsx
  ÔùÅ Console

    console.warn
      ÔÜá´©Å React Router Future Flag Warning: React Router will begin 
wrapping state updates in `React.startTransition` in v7. You can use the 
`v7_startTransition` future flag to opt-in early. For more information, see 
https://reactrouter.com/v6/upgrading/future#v7_starttransition.

      49 |
      50 | function renderPage() {
    > 51 |     return render(
         |                  ^
      52 |         <MemoryRouter>
      53 |             <SubmissionsPage />
      54 |         </MemoryRouter>,

      at warn (node_modules/react-router/lib/deprecations.ts:9:13)
      at warnOnce (node_modules/react-router/lib/deprecations.ts:14:3)
      at logDeprecation (node_modules/react-router/lib/deprecations.ts:26:5)
      at logV6DeprecationWarnings 
(node_modules/react-router/lib/components.tsx:257:25)
      at commitHookEffectListMount 
(node_modules/react-dom/cjs/react-dom.development.js:23189:26)
      at commitPassiveMountOnFiber 
(node_modules/react-dom/cjs/react-dom.development.js:24970:11)
      at commitPassiveMountEffects_complete 
(node_modules/react-dom/cjs/react-dom.development.js:24930:9)
      at commitPassiveMountEffects_begin 
(node_modules/react-dom/cjs/react-dom.development.js:24917:7)
      at commitPassiveMountEffects 
(node_modules/react-dom/cjs/react-dom.development.js:24905:3)
      at flushPassiveEffectsImpl 
(node_modules/react-dom/cjs/react-dom.development.js:27078:3)
      at flushPassiveEffects 
(node_modules/react-dom/cjs/react-dom.development.js:27023:14)
      at node_modules/react-dom/cjs/react-dom.development.js:26808:9
      at flushActQueue (node_modules/react/cjs/react.development.js:2667:24)
      at act (node_modules/react/cjs/react.development.js:2582:11)
      at node_modules/@testing-library/react/dist/act-compat.js:47:25
      at renderRoot (node_modules/@testing-library/react/dist/pure.js:180:26)
      at render (node_modules/@testing-library/react/dist/pure.js:271:10)
      at renderPage (src/submissions/SubmissionsPage.test.tsx:51:18)
      at Object.<anonymous> (src/submissions/SubmissionsPage.test.tsx:65:9)

    console.warn
      ÔÜá´©Å React Router Future Flag Warning: Relative route resolution 
within Splat routes is changing in v7. You can use the `v7_relativeSplatPath` 
future flag to opt-in early. For more information, see 
https://reactrouter.com/v6/upgrading/future#v7_relativesplatpath.

      49 |
      50 | function renderPage() {
    > 51 |     return render(
         |                  ^
      52 |         <MemoryRouter>
      53 |             <SubmissionsPage />
      54 |         </MemoryRouter>,

      at warn (node_modules/react-router/lib/deprecations.ts:9:13)
      at warnOnce (node_modules/react-router/lib/deprecations.ts:14:3)
      at logDeprecation (node_modules/react-router/lib/deprecations.ts:37:5)
      at logV6DeprecationWarnings 
(node_modules/react-router/lib/components.tsx:257:25)
      at commitHookEffectListMount 
(node_modules/react-dom/cjs/react-dom.development.js:23189:26)
      at commitPassiveMountOnFiber 
(node_modules/react-dom/cjs/react-dom.development.js:24970:11)
      at commitPassiveMountEffects_complete 
(node_modules/react-dom/cjs/react-dom.development.js:24930:9)
      at commitPassiveMountEffects_begin 
(node_modules/react-dom/cjs/react-dom.development.js:24917:7)
      at commitPassiveMountEffects 
(node_modules/react-dom/cjs/react-dom.development.js:24905:3)
      at flushPassiveEffectsImpl 
(node_modules/react-dom/cjs/react-dom.development.js:27078:3)
      at flushPassiveEffects 
(node_modules/react-dom/cjs/react-dom.development.js:27023:14)
      at node_modules/react-dom/cjs/react-dom.development.js:26808:9
      at flushActQueue (node_modules/react/cjs/react.development.js:2667:24)
      at act (node_modules/react/cjs/react.development.js:2582:11)
      at node_modules/@testing-library/react/dist/act-compat.js:47:25
      at renderRoot (node_modules/@testing-library/react/dist/pure.js:180:26)
      at render (node_modules/@testing-library/react/dist/pure.js:271:10)
      at renderPage (src/submissions/SubmissionsPage.test.tsx:51:18)
      at Object.<anonymous> (src/submissions/SubmissionsPage.test.tsx:65:9)

    console.error
      Warning: An update to SubmissionsPage inside a test was not wrapped in 
act(...).
      
      When testing, code that causes React state updates should be wrapped 
into act(...):
      
      act(() => {
        /* fire events that update state */
      });
      /* assert on the output */
      
      This ensures that you're testing the behavior the user would see in the 
browser. Learn more at https://reactjs.org/link/wrap-tests-with-act
          at SubmissionsPage (C:\Users\samhe\OneDrive\Desktop\Cleaned\frontend\
src\submissions\SubmissionsPage.tsx:49:51)
          at basenameProp (C:\Users\samhe\OneDrive\Desktop\Cleaned\frontend\nod
e_modules\react-router\lib\components.tsx:421:13)
          at basename (C:\Users\samhe\OneDrive\Desktop\Cleaned\frontend\node_mo
dules\react-router\lib\components.tsx:225:3)

      130 |                         aria-label="Filter by status"
      131 |                         value={statusFilter}
    > 132 |                         onChange={(e) => 
setStatusFilter(e.target.value)}
          |                                          ^
      133 |                         className="border border-gray-300 rounded 
px-3 py-1.5 text-sm text-gray-700 focus:outline-none focus:ring-2 
focus:ring-brand-500"
      134 |                     >
      135 |                         {STATUS_OPTIONS.map((opt) => (

      at printWarning 
(node_modules/react-dom/cjs/react-dom.development.js:86:30)
      at error (node_modules/react-dom/cjs/react-dom.development.js:60:7)
      at warnIfUpdatesNotWrappedWithActDEV 
(node_modules/react-dom/cjs/react-dom.development.js:27628:9)
      at scheduleUpdateOnFiber 
(node_modules/react-dom/cjs/react-dom.development.js:25547:5)
      at dispatchSetState 
(node_modules/react-dom/cjs/react-dom.development.js:16708:7)
      at onChange (src/submissions/SubmissionsPage.tsx:132:42)
      at HTMLUnknownElement.callCallback 
(node_modules/react-dom/cjs/react-dom.development.js:4164:14)
      at HTMLUnknownElement.callTheUserObjectsOperation 
(node_modules/jsdom/lib/jsdom/living/generated/EventListener.js:26:30)
      at innerInvokeEventListeners 
(node_modules/jsdom/lib/jsdom/living/events/EventTarget-impl.js:350:25)
      at invokeEventListeners 
(node_modules/jsdom/lib/jsdom/living/events/EventTarget-impl.js:286:3)
      at HTMLUnknownElementImpl._dispatch 
(node_modules/jsdom/lib/jsdom/living/events/EventTarget-impl.js:233:9)
      at HTMLUnknownElementImpl.dispatchEvent 
(node_modules/jsdom/lib/jsdom/living/events/EventTarget-impl.js:104:17)
      at HTMLUnknownElement.dispatchEvent 
(node_modules/jsdom/lib/jsdom/living/generated/EventTarget.js:241:34)
      at Object.invokeGuardedCallbackDev 
(node_modules/react-dom/cjs/react-dom.development.js:4213:16)
      at invokeGuardedCallback 
(node_modules/react-dom/cjs/react-dom.development.js:4277:31)
      at invokeGuardedCallbackAndCatchFirstError 
(node_modules/react-dom/cjs/react-dom.development.js:4291:25)
      at executeDispatch 
(node_modules/react-dom/cjs/react-dom.development.js:9041:3)
      at processDispatchQueueItemsInOrder 
(node_modules/react-dom/cjs/react-dom.development.js:9073:7)
      at processDispatchQueue 
(node_modules/react-dom/cjs/react-dom.development.js:9086:5)
      at dispatchEventsForPlugins 
(node_modules/react-dom/cjs/react-dom.development.js:9097:3)
      at node_modules/react-dom/cjs/react-dom.development.js:9288:12
      at batchedUpdates$1 
(node_modules/react-dom/cjs/react-dom.development.js:26179:12)
      at batchedUpdates 
(node_modules/react-dom/cjs/react-dom.development.js:3991:12)
      at dispatchEventForPluginEventSystem 
(node_modules/react-dom/cjs/react-dom.development.js:9287:3)
      at dispatchEventWithEnableCapturePhaseSelectiveHydrationWithoutDiscreteEv
entReplay (node_modules/react-dom/cjs/react-dom.development.js:6465:5)
      at dispatchEvent 
(node_modules/react-dom/cjs/react-dom.development.js:6457:5)
      at dispatchDiscreteEvent 
(node_modules/react-dom/cjs/react-dom.development.js:6430:5)
      at HTMLDivElement.callTheUserObjectsOperation 
(node_modules/jsdom/lib/jsdom/living/generated/EventListener.js:26:30)
      at innerInvokeEventListeners 
(node_modules/jsdom/lib/jsdom/living/events/EventTarget-impl.js:350:25)
      at invokeEventListeners 
(node_modules/jsdom/lib/jsdom/living/events/EventTarget-impl.js:286:3)
      at HTMLSelectElementImpl._dispatch 
(node_modules/jsdom/lib/jsdom/living/events/EventTarget-impl.js:233:9)
      at HTMLSelectElementImpl.dispatchEvent 
(node_modules/jsdom/lib/jsdom/living/events/EventTarget-impl.js:104:17)
      at Proxy.dispatchEvent 
(node_modules/jsdom/lib/jsdom/living/generated/EventTarget.js:241:34)
      at 
node_modules/@testing-library/user-event/dist/cjs/event/dispatchEvent.js:45:43
      at Object.eventWrapper 
(node_modules/@testing-library/dom/dist/config.js:25:23)
      at Object.wrapEvent 
(node_modules/@testing-library/user-event/dist/cjs/event/wrapEvent.js:6:28)
      at Object.dispatchEvent (node_modules/@testing-library/user-event/dist/cj
s/event/dispatchEvent.js:45:22)
      at Object.dispatchUIEvent (node_modules/@testing-library/user-event/dist/
cjs/event/dispatchEvent.js:22:26)
      at selectOption (node_modules/@testing-library/user-event/dist/cjs/utilit
y/selectOptions.js:51:14)
      at Object.selectOptionsBase (node_modules/@testing-library/user-event/dis
t/cjs/utility/selectOptions.js:87:13)
      at Object.<anonymous> (src/submissions/SubmissionsPage.test.tsx:100:9)

PASS src/claims/__tests__/ClaimCreatePage.test.tsx
PASS src/claims/ClaimsListPage/__tests__/ClaimsListPage.test.tsx
  ÔùÅ Console

    console.warn
      ÔÜá´©Å React Router Future Flag Warning: React Router will begin 
wrapping state updates in `React.startTransition` in v7. You can use the 
`v7_startTransition` future flag to opt-in early. For more information, see 
https://reactrouter.com/v6/upgrading/future#v7_starttransition.

      55 |
      56 | function renderPage() {
    > 57 |     return render(
         |                  ^
      58 |         <MemoryRouter>
      59 |             <ClaimsListPage />
      60 |         </MemoryRouter>

      at warn (node_modules/react-router/lib/deprecations.ts:9:13)
      at warnOnce (node_modules/react-router/lib/deprecations.ts:14:3)
      at logDeprecation (node_modules/react-router/lib/deprecations.ts:26:5)
      at logV6DeprecationWarnings 
(node_modules/react-router/lib/components.tsx:257:25)
      at commitHookEffectListMount 
(node_modules/react-dom/cjs/react-dom.development.js:23189:26)
      at commitPassiveMountOnFiber 
(node_modules/react-dom/cjs/react-dom.development.js:24970:11)
      at commitPassiveMountEffects_complete 
(node_modules/react-dom/cjs/react-dom.development.js:24930:9)
      at commitPassiveMountEffects_begin 
(node_modules/react-dom/cjs/react-dom.development.js:24917:7)
      at commitPassiveMountEffects 
(node_modules/react-dom/cjs/react-dom.development.js:24905:3)
      at flushPassiveEffectsImpl 
(node_modules/react-dom/cjs/react-dom.development.js:27078:3)
      at flushPassiveEffects 
(node_modules/react-dom/cjs/react-dom.development.js:27023:14)
      at node_modules/react-dom/cjs/react-dom.development.js:26808:9
      at flushActQueue (node_modules/react/cjs/react.development.js:2667:24)
      at act (node_modules/react/cjs/react.development.js:2582:11)
      at node_modules/@testing-library/react/dist/act-compat.js:47:25
      at renderRoot (node_modules/@testing-library/react/dist/pure.js:180:26)
      at render (node_modules/@testing-library/react/dist/pure.js:271:10)
      at renderPage 
(src/claims/ClaimsListPage/__tests__/ClaimsListPage.test.tsx:57:18)
      at Object.<anonymous> 
(src/claims/ClaimsListPage/__tests__/ClaimsListPage.test.tsx:75:9)

    console.warn
      ÔÜá´©Å React Router Future Flag Warning: Relative route resolution 
within Splat routes is changing in v7. You can use the `v7_relativeSplatPath` 
future flag to opt-in early. For more information, see 
https://reactrouter.com/v6/upgrading/future#v7_relativesplatpath.

      55 |
      56 | function renderPage() {
    > 57 |     return render(
         |                  ^
      58 |         <MemoryRouter>
      59 |             <ClaimsListPage />
      60 |         </MemoryRouter>

      at warn (node_modules/react-router/lib/deprecations.ts:9:13)
      at warnOnce (node_modules/react-router/lib/deprecations.ts:14:3)
      at logDeprecation (node_modules/react-router/lib/deprecations.ts:37:5)
      at logV6DeprecationWarnings 
(node_modules/react-router/lib/components.tsx:257:25)
      at commitHookEffectListMount 
(node_modules/react-dom/cjs/react-dom.development.js:23189:26)
      at commitPassiveMountOnFiber 
(node_modules/react-dom/cjs/react-dom.development.js:24970:11)
      at commitPassiveMountEffects_complete 
(node_modules/react-dom/cjs/react-dom.development.js:24930:9)
      at commitPassiveMountEffects_begin 
(node_modules/react-dom/cjs/react-dom.development.js:24917:7)
      at commitPassiveMountEffects 
(node_modules/react-dom/cjs/react-dom.development.js:24905:3)
      at flushPassiveEffectsImpl 
(node_modules/react-dom/cjs/react-dom.development.js:27078:3)
      at flushPassiveEffects 
(node_modules/react-dom/cjs/react-dom.development.js:27023:14)
      at node_modules/react-dom/cjs/react-dom.development.js:26808:9
      at flushActQueue (node_modules/react/cjs/react.development.js:2667:24)
      at act (node_modules/react/cjs/react.development.js:2582:11)
      at node_modules/@testing-library/react/dist/act-compat.js:47:25
      at renderRoot (node_modules/@testing-library/react/dist/pure.js:180:26)
      at render (node_modules/@testing-library/react/dist/pure.js:271:10)
      at renderPage 
(src/claims/ClaimsListPage/__tests__/ClaimsListPage.test.tsx:57:18)
      at Object.<anonymous> 
(src/claims/ClaimsListPage/__tests__/ClaimsListPage.test.tsx:75:9)

PASS src/parties/CreatePartyPage/__tests__/CreatePartyPage.test.tsx
PASS src/shared/NotificationPanel/__tests__/NotificationPanel.test.tsx
PASS src/parties/PartyListPage/__tests__/PartyListPage.test.tsx
  ÔùÅ Console

    console.warn
      ÔÜá´©Å React Router Future Flag Warning: React Router will begin 
wrapping state updates in `React.startTransition` in v7. You can use the 
`v7_startTransition` future flag to opt-in early. For more information, see 
https://reactrouter.com/v6/upgrading/future#v7_starttransition.

      28 |
      29 | function renderPage() {
    > 30 |     return render(
         |                  ^
      31 |         <MemoryRouter>
      32 |             <PartyListPage />
      33 |         </MemoryRouter>

      at warn (node_modules/react-router/lib/deprecations.ts:9:13)
      at warnOnce (node_modules/react-router/lib/deprecations.ts:14:3)
      at logDeprecation (node_modules/react-router/lib/deprecations.ts:26:5)
      at logV6DeprecationWarnings 
(node_modules/react-router/lib/components.tsx:257:25)
      at commitHookEffectListMount 
(node_modules/react-dom/cjs/react-dom.development.js:23189:26)
      at commitPassiveMountOnFiber 
(node_modules/react-dom/cjs/react-dom.development.js:24970:11)
      at commitPassiveMountEffects_complete 
(node_modules/react-dom/cjs/react-dom.development.js:24930:9)
      at commitPassiveMountEffects_begin 
(node_modules/react-dom/cjs/react-dom.development.js:24917:7)
      at commitPassiveMountEffects 
(node_modules/react-dom/cjs/react-dom.development.js:24905:3)
      at flushPassiveEffectsImpl 
(node_modules/react-dom/cjs/react-dom.development.js:27078:3)
      at flushPassiveEffects 
(node_modules/react-dom/cjs/react-dom.development.js:27023:14)
      at node_modules/react-dom/cjs/react-dom.development.js:26808:9
      at flushActQueue (node_modules/react/cjs/react.development.js:2667:24)
      at act (node_modules/react/cjs/react.development.js:2582:11)
      at node_modules/@testing-library/react/dist/act-compat.js:47:25
      at renderRoot (node_modules/@testing-library/react/dist/pure.js:180:26)
      at render (node_modules/@testing-library/react/dist/pure.js:271:10)
      at renderPage 
(src/parties/PartyListPage/__tests__/PartyListPage.test.tsx:30:18)
      at Object.<anonymous> 
(src/parties/PartyListPage/__tests__/PartyListPage.test.tsx:49:9)

    console.warn
      ÔÜá´©Å React Router Future Flag Warning: Relative route resolution 
within Splat routes is changing in v7. You can use the `v7_relativeSplatPath` 
future flag to opt-in early. For more information, see 
https://reactrouter.com/v6/upgrading/future#v7_relativesplatpath.

      28 |
      29 | function renderPage() {
    > 30 |     return render(
         |                  ^
      31 |         <MemoryRouter>
      32 |             <PartyListPage />
      33 |         </MemoryRouter>

      at warn (node_modules/react-router/lib/deprecations.ts:9:13)
      at warnOnce (node_modules/react-router/lib/deprecations.ts:14:3)
      at logDeprecation (node_modules/react-router/lib/deprecations.ts:37:5)
      at logV6DeprecationWarnings 
(node_modules/react-router/lib/components.tsx:257:25)
      at commitHookEffectListMount 
(node_modules/react-dom/cjs/react-dom.development.js:23189:26)
      at commitPassiveMountOnFiber 
(node_modules/react-dom/cjs/react-dom.development.js:24970:11)
      at commitPassiveMountEffects_complete 
(node_modules/react-dom/cjs/react-dom.development.js:24930:9)
      at commitPassiveMountEffects_begin 
(node_modules/react-dom/cjs/react-dom.development.js:24917:7)
      at commitPassiveMountEffects 
(node_modules/react-dom/cjs/react-dom.development.js:24905:3)
      at flushPassiveEffectsImpl 
(node_modules/react-dom/cjs/react-dom.development.js:27078:3)
      at flushPassiveEffects 
(node_modules/react-dom/cjs/react-dom.development.js:27023:14)
      at node_modules/react-dom/cjs/react-dom.development.js:26808:9
      at flushActQueue (node_modules/react/cjs/react.development.js:2667:24)
      at act (node_modules/react/cjs/react.development.js:2582:11)
      at node_modules/@testing-library/react/dist/act-compat.js:47:25
      at renderRoot (node_modules/@testing-library/react/dist/pure.js:180:26)
      at render (node_modules/@testing-library/react/dist/pure.js:271:10)
      at renderPage 
(src/parties/PartyListPage/__tests__/PartyListPage.test.tsx:30:18)
      at Object.<anonymous> 
(src/parties/PartyListPage/__tests__/PartyListPage.test.tsx:49:9)

PASS src/claims/__tests__/ClaimsListPage.test.tsx
  ÔùÅ Console

    console.warn
      ÔÜá´©Å React Router Future Flag Warning: React Router will begin 
wrapping state updates in `React.startTransition` in v7. You can use the 
`v7_startTransition` future flag to opt-in early. For more information, see 
https://reactrouter.com/v6/upgrading/future#v7_starttransition.

      57 |
      58 | function renderPage() {
    > 59 |     return render(
         |                  ^
      60 |         <MemoryRouter>
      61 |             <ClaimsListPage />
      62 |         </MemoryRouter>

      at warn (node_modules/react-router/lib/deprecations.ts:9:13)
      at warnOnce (node_modules/react-router/lib/deprecations.ts:14:3)
      at logDeprecation (node_modules/react-router/lib/deprecations.ts:26:5)
      at logV6DeprecationWarnings 
(node_modules/react-router/lib/components.tsx:257:25)
      at commitHookEffectListMount 
(node_modules/react-dom/cjs/react-dom.development.js:23189:26)
      at commitPassiveMountOnFiber 
(node_modules/react-dom/cjs/react-dom.development.js:24970:11)
      at commitPassiveMountEffects_complete 
(node_modules/react-dom/cjs/react-dom.development.js:24930:9)
      at commitPassiveMountEffects_begin 
(node_modules/react-dom/cjs/react-dom.development.js:24917:7)
      at commitPassiveMountEffects 
(node_modules/react-dom/cjs/react-dom.development.js:24905:3)
      at flushPassiveEffectsImpl 
(node_modules/react-dom/cjs/react-dom.development.js:27078:3)
      at flushPassiveEffects 
(node_modules/react-dom/cjs/react-dom.development.js:27023:14)
      at node_modules/react-dom/cjs/react-dom.development.js:26808:9
      at flushActQueue (node_modules/react/cjs/react.development.js:2667:24)
      at act (node_modules/react/cjs/react.development.js:2582:11)
      at node_modules/@testing-library/react/dist/act-compat.js:47:25
      at renderRoot (node_modules/@testing-library/react/dist/pure.js:180:26)
      at render (node_modules/@testing-library/react/dist/pure.js:271:10)
      at renderPage (src/claims/__tests__/ClaimsListPage.test.tsx:59:18)
      at Object.<anonymous> (src/claims/__tests__/ClaimsListPage.test.tsx:76:9)

    console.warn
      ÔÜá´©Å React Router Future Flag Warning: Relative route resolution 
within Splat routes is changing in v7. You can use the `v7_relativeSplatPath` 
future flag to opt-in early. For more information, see 
https://reactrouter.com/v6/upgrading/future#v7_relativesplatpath.

      57 |
      58 | function renderPage() {
    > 59 |     return render(
         |                  ^
      60 |         <MemoryRouter>
      61 |             <ClaimsListPage />
      62 |         </MemoryRouter>

      at warn (node_modules/react-router/lib/deprecations.ts:9:13)
      at warnOnce (node_modules/react-router/lib/deprecations.ts:14:3)
      at logDeprecation (node_modules/react-router/lib/deprecations.ts:37:5)
      at logV6DeprecationWarnings 
(node_modules/react-router/lib/components.tsx:257:25)
      at commitHookEffectListMount 
(node_modules/react-dom/cjs/react-dom.development.js:23189:26)
      at commitPassiveMountOnFiber 
(node_modules/react-dom/cjs/react-dom.development.js:24970:11)
      at commitPassiveMountEffects_complete 
(node_modules/react-dom/cjs/react-dom.development.js:24930:9)
      at commitPassiveMountEffects_begin 
(node_modules/react-dom/cjs/react-dom.development.js:24917:7)
      at commitPassiveMountEffects 
(node_modules/react-dom/cjs/react-dom.development.js:24905:3)
      at flushPassiveEffectsImpl 
(node_modules/react-dom/cjs/react-dom.development.js:27078:3)
      at flushPassiveEffects 
(node_modules/react-dom/cjs/react-dom.development.js:27023:14)
      at node_modules/react-dom/cjs/react-dom.development.js:26808:9
      at flushActQueue (node_modules/react/cjs/react.development.js:2667:24)
      at act (node_modules/react/cjs/react.development.js:2582:11)
      at node_modules/@testing-library/react/dist/act-compat.js:47:25
      at renderRoot (node_modules/@testing-library/react/dist/pure.js:180:26)
      at render (node_modules/@testing-library/react/dist/pure.js:271:10)
      at renderPage (src/claims/__tests__/ClaimsListPage.test.tsx:59:18)
      at Object.<anonymous> (src/claims/__tests__/ClaimsListPage.test.tsx:76:9)

PASS src/parties/BrokerSearch/__tests__/BrokerSearch.test.tsx
  ÔùÅ Console

    console.error
      Warning: An update to BrokerSearchModal inside a test was not wrapped in 
act(...).
      
      When testing, code that causes React state updates should be wrapped 
into act(...):
      
      act(() => {
        /* fire events that update state */
      });
      /* assert on the output */
      
      This ensures that you're testing the behavior the user would see in the 
browser. Learn more at https://reactjs.org/link/wrap-tests-with-act
          at BrokerSearchModal (C:\Users\samhe\OneDrive\Desktop\Cleaned\fronten
d\src\parties\BrokerSearch\BrokerSearch.tsx:32:30)
          at div
          at BrokerSearch (C:\Users\samhe\OneDrive\Desktop\Cleaned\frontend\src
\parties\BrokerSearch\BrokerSearch.tsx:146:40)

      at printWarning 
(node_modules/react-dom/cjs/react-dom.development.js:86:30)
      at error (node_modules/react-dom/cjs/react-dom.development.js:60:7)
      at warnIfUpdatesNotWrappedWithActDEV 
(node_modules/react-dom/cjs/react-dom.development.js:27628:9)
      at scheduleUpdateOnFiber 
(node_modules/react-dom/cjs/react-dom.development.js:25547:5)
      at dispatchSetState 
(node_modules/react-dom/cjs/react-dom.development.js:16708:7)

    console.error
      Warning: An update to BrokerSearchModal inside a test was not wrapped in 
act(...).
      
      When testing, code that causes React state updates should be wrapped 
into act(...):
      
      act(() => {
        /* fire events that update state */
      });
      /* assert on the output */
      
      This ensures that you're testing the behavior the user would see in the 
browser. Learn more at https://reactjs.org/link/wrap-tests-with-act
          at BrokerSearchModal (C:\Users\samhe\OneDrive\Desktop\Cleaned\fronten
d\src\parties\BrokerSearch\BrokerSearch.tsx:32:30)
          at div
          at BrokerSearch (C:\Users\samhe\OneDrive\Desktop\Cleaned\frontend\src
\parties\BrokerSearch\BrokerSearch.tsx:146:40)

      43 |             .then(setResults)
      44 |             .catch(() => setResults([]))
    > 45 |             .finally(() => setLoading(false))
         |                            ^
      46 |     }, [isOpen])
      47 |
      48 |     // Re-query as user types

      at printWarning 
(node_modules/react-dom/cjs/react-dom.development.js:86:30)
      at error (node_modules/react-dom/cjs/react-dom.development.js:60:7)
      at warnIfUpdatesNotWrappedWithActDEV 
(node_modules/react-dom/cjs/react-dom.development.js:27628:9)
      at scheduleUpdateOnFiber 
(node_modules/react-dom/cjs/react-dom.development.js:25547:5)
      at dispatchSetState 
(node_modules/react-dom/cjs/react-dom.development.js:16708:7)
      at src/parties/BrokerSearch/BrokerSearch.tsx:45:28

    console.error
      Warning: An update to BrokerSearchModal inside a test was not wrapped in 
act(...).
      
      When testing, code that causes React state updates should be wrapped 
into act(...):
      
      act(() => {
        /* fire events that update state */
      });
      /* assert on the output */
      
      This ensures that you're testing the behavior the user would see in the 
browser. Learn more at https://reactjs.org/link/wrap-tests-with-act
          at BrokerSearchModal (C:\Users\samhe\OneDrive\Desktop\Cleaned\fronten
d\src\parties\BrokerSearch\BrokerSearch.tsx:32:30)
          at div
          at BrokerSearch (C:\Users\samhe\OneDrive\Desktop\Cleaned\frontend\src
\parties\BrokerSearch\BrokerSearch.tsx:146:40)

      at printWarning 
(node_modules/react-dom/cjs/react-dom.development.js:86:30)
      at error (node_modules/react-dom/cjs/react-dom.development.js:60:7)
      at warnIfUpdatesNotWrappedWithActDEV 
(node_modules/react-dom/cjs/react-dom.development.js:27628:9)
      at scheduleUpdateOnFiber 
(node_modules/react-dom/cjs/react-dom.development.js:25547:5)
      at dispatchSetState 
(node_modules/react-dom/cjs/react-dom.development.js:16708:7)

    console.error
      Warning: An update to BrokerSearchModal inside a test was not wrapped in 
act(...).
      
      When testing, code that causes React state updates should be wrapped 
into act(...):
      
      act(() => {
        /* fire events that update state */
      });
      /* assert on the output */
      
      This ensures that you're testing the behavior the user would see in the 
browser. Learn more at https://reactjs.org/link/wrap-tests-with-act
          at BrokerSearchModal (C:\Users\samhe\OneDrive\Desktop\Cleaned\fronten
d\src\parties\BrokerSearch\BrokerSearch.tsx:32:30)
          at div
          at BrokerSearch (C:\Users\samhe\OneDrive\Desktop\Cleaned\frontend\src
\parties\BrokerSearch\BrokerSearch.tsx:146:40)

      43 |             .then(setResults)
      44 |             .catch(() => setResults([]))
    > 45 |             .finally(() => setLoading(false))
         |                            ^
      46 |     }, [isOpen])
      47 |
      48 |     // Re-query as user types

      at printWarning 
(node_modules/react-dom/cjs/react-dom.development.js:86:30)
      at error (node_modules/react-dom/cjs/react-dom.development.js:60:7)
      at warnIfUpdatesNotWrappedWithActDEV 
(node_modules/react-dom/cjs/react-dom.development.js:27628:9)
      at scheduleUpdateOnFiber 
(node_modules/react-dom/cjs/react-dom.development.js:25547:5)
      at dispatchSetState 
(node_modules/react-dom/cjs/react-dom.development.js:16708:7)
      at src/parties/BrokerSearch/BrokerSearch.tsx:45:28

    console.error
      Warning: An update to BrokerSearchModal inside a test was not wrapped in 
act(...).
      
      When testing, code that causes React state updates should be wrapped 
into act(...):
      
      act(() => {
        /* fire events that update state */
      });
      /* assert on the output */
      
      This ensures that you're testing the behavior the user would see in the 
browser. Learn more at https://reactjs.org/link/wrap-tests-with-act
          at BrokerSearchModal (C:\Users\samhe\OneDrive\Desktop\Cleaned\fronten
d\src\parties\BrokerSearch\BrokerSearch.tsx:32:30)
          at div
          at BrokerSearch (C:\Users\samhe\OneDrive\Desktop\Cleaned\frontend\src
\parties\BrokerSearch\BrokerSearch.tsx:146:40)

      at printWarning 
(node_modules/react-dom/cjs/react-dom.development.js:86:30)
      at error (node_modules/react-dom/cjs/react-dom.development.js:60:7)
      at warnIfUpdatesNotWrappedWithActDEV 
(node_modules/react-dom/cjs/react-dom.development.js:27628:9)
      at scheduleUpdateOnFiber 
(node_modules/react-dom/cjs/react-dom.development.js:25547:5)
      at dispatchSetState 
(node_modules/react-dom/cjs/react-dom.development.js:16708:7)

    console.error
      Warning: An update to BrokerSearchModal inside a test was not wrapped in 
act(...).
      
      When testing, code that causes React state updates should be wrapped 
into act(...):
      
      act(() => {
        /* fire events that update state */
      });
      /* assert on the output */
      
      This ensures that you're testing the behavior the user would see in the 
browser. Learn more at https://reactjs.org/link/wrap-tests-with-act
          at BrokerSearchModal (C:\Users\samhe\OneDrive\Desktop\Cleaned\fronten
d\src\parties\BrokerSearch\BrokerSearch.tsx:32:30)
          at div
          at BrokerSearch (C:\Users\samhe\OneDrive\Desktop\Cleaned\frontend\src
\parties\BrokerSearch\BrokerSearch.tsx:146:40)

      43 |             .then(setResults)
      44 |             .catch(() => setResults([]))
    > 45 |             .finally(() => setLoading(false))
         |                            ^
      46 |     }, [isOpen])
      47 |
      48 |     // Re-query as user types

      at printWarning 
(node_modules/react-dom/cjs/react-dom.development.js:86:30)
      at error (node_modules/react-dom/cjs/react-dom.development.js:60:7)
      at warnIfUpdatesNotWrappedWithActDEV 
(node_modules/react-dom/cjs/react-dom.development.js:27628:9)
      at scheduleUpdateOnFiber 
(node_modules/react-dom/cjs/react-dom.development.js:25547:5)
      at dispatchSetState 
(node_modules/react-dom/cjs/react-dom.development.js:16708:7)
      at src/parties/BrokerSearch/BrokerSearch.tsx:45:28

    console.error
      Warning: An update to BrokerSearchModal inside a test was not wrapped in 
act(...).
      
      When testing, code that causes React state updates should be wrapped 
into act(...):
      
      act(() => {
        /* fire events that update state */
      });
      /* assert on the output */
      
      This ensures that you're testing the behavior the user would see in the 
browser. Learn more at https://reactjs.org/link/wrap-tests-with-act
          at BrokerSearchModal (C:\Users\samhe\OneDrive\Desktop\Cleaned\fronten
d\src\parties\BrokerSearch\BrokerSearch.tsx:32:30)
          at div
          at BrokerSearch (C:\Users\samhe\OneDrive\Desktop\Cleaned\frontend\src
\parties\BrokerSearch\BrokerSearch.tsx:146:40)

      at printWarning 
(node_modules/react-dom/cjs/react-dom.development.js:86:30)
      at error (node_modules/react-dom/cjs/react-dom.development.js:60:7)
      at warnIfUpdatesNotWrappedWithActDEV 
(node_modules/react-dom/cjs/react-dom.development.js:27628:9)
      at scheduleUpdateOnFiber 
(node_modules/react-dom/cjs/react-dom.development.js:25547:5)
      at dispatchSetState 
(node_modules/react-dom/cjs/react-dom.development.js:16708:7)

    console.error
      Warning: An update to BrokerSearchModal inside a test was not wrapped in 
act(...).
      
      When testing, code that causes React state updates should be wrapped 
into act(...):
      
      act(() => {
        /* fire events that update state */
      });
      /* assert on the output */
      
      This ensures that you're testing the behavior the user would see in the 
browser. Learn more at https://reactjs.org/link/wrap-tests-with-act
          at BrokerSearchModal (C:\Users\samhe\OneDrive\Desktop\Cleaned\fronten
d\src\parties\BrokerSearch\BrokerSearch.tsx:32:30)
          at div
          at BrokerSearch (C:\Users\samhe\OneDrive\Desktop\Cleaned\frontend\src
\parties\BrokerSearch\BrokerSearch.tsx:146:40)

      43 |             .then(setResults)
      44 |             .catch(() => setResults([]))
    > 45 |             .finally(() => setLoading(false))
         |                            ^
      46 |     }, [isOpen])
      47 |
      48 |     // Re-query as user types

      at printWarning 
(node_modules/react-dom/cjs/react-dom.development.js:86:30)
      at error (node_modules/react-dom/cjs/react-dom.development.js:60:7)
      at warnIfUpdatesNotWrappedWithActDEV 
(node_modules/react-dom/cjs/react-dom.development.js:27628:9)
      at scheduleUpdateOnFiber 
(node_modules/react-dom/cjs/react-dom.development.js:25547:5)
      at dispatchSetState 
(node_modules/react-dom/cjs/react-dom.development.js:16708:7)
      at src/parties/BrokerSearch/BrokerSearch.tsx:45:28

PASS src/parties/InsuredSearch/__tests__/InsuredSearch.test.tsx
  ÔùÅ Console

    console.error
      Warning: An update to InsuredSearchModal inside a test was not wrapped 
in act(...).
      
      When testing, code that causes React state updates should be wrapped 
into act(...):
      
      act(() => {
        /* fire events that update state */
      });
      /* assert on the output */
      
      This ensures that you're testing the behavior the user would see in the 
browser. Learn more at https://reactjs.org/link/wrap-tests-with-act
          at InsuredSearchModal (C:\Users\samhe\OneDrive\Desktop\Cleaned\fronte
nd\src\parties\InsuredSearch\InsuredSearch.tsx:34:31)
          at div
          at InsuredSearch (C:\Users\samhe\OneDrive\Desktop\Cleaned\frontend\sr
c\parties\InsuredSearch\InsuredSearch.tsx:149:41)

      at printWarning 
(node_modules/react-dom/cjs/react-dom.development.js:86:30)
      at error (node_modules/react-dom/cjs/react-dom.development.js:60:7)
      at warnIfUpdatesNotWrappedWithActDEV 
(node_modules/react-dom/cjs/react-dom.development.js:27628:9)
      at scheduleUpdateOnFiber 
(node_modules/react-dom/cjs/react-dom.development.js:25547:5)
      at dispatchSetState 
(node_modules/react-dom/cjs/react-dom.development.js:16708:7)

    console.error
      Warning: An update to InsuredSearchModal inside a test was not wrapped 
in act(...).
      
      When testing, code that causes React state updates should be wrapped 
into act(...):
      
      act(() => {
        /* fire events that update state */
      });
      /* assert on the output */
      
      This ensures that you're testing the behavior the user would see in the 
browser. Learn more at https://reactjs.org/link/wrap-tests-with-act
          at InsuredSearchModal (C:\Users\samhe\OneDrive\Desktop\Cleaned\fronte
nd\src\parties\InsuredSearch\InsuredSearch.tsx:34:31)
          at div
          at InsuredSearch (C:\Users\samhe\OneDrive\Desktop\Cleaned\frontend\sr
c\parties\InsuredSearch\InsuredSearch.tsx:149:41)

      45 |             .then(setResults)
      46 |             .catch(() => setResults([]))
    > 47 |             .finally(() => setLoading(false))
         |                            ^
      48 |     }, [isOpen])
      49 |
      50 |     // Re-query as user types

      at printWarning 
(node_modules/react-dom/cjs/react-dom.development.js:86:30)
      at error (node_modules/react-dom/cjs/react-dom.development.js:60:7)
      at warnIfUpdatesNotWrappedWithActDEV 
(node_modules/react-dom/cjs/react-dom.development.js:27628:9)
      at scheduleUpdateOnFiber 
(node_modules/react-dom/cjs/react-dom.development.js:25547:5)
      at dispatchSetState 
(node_modules/react-dom/cjs/react-dom.development.js:16708:7)
      at src/parties/InsuredSearch/InsuredSearch.tsx:47:28

    console.error
      Warning: An update to InsuredSearchModal inside a test was not wrapped 
in act(...).
      
      When testing, code that causes React state updates should be wrapped 
into act(...):
      
      act(() => {
        /* fire events that update state */
      });
      /* assert on the output */
      
      This ensures that you're testing the behavior the user would see in the 
browser. Learn more at https://reactjs.org/link/wrap-tests-with-act
          at InsuredSearchModal (C:\Users\samhe\OneDrive\Desktop\Cleaned\fronte
nd\src\parties\InsuredSearch\InsuredSearch.tsx:34:31)
          at div
          at InsuredSearch (C:\Users\samhe\OneDrive\Desktop\Cleaned\frontend\sr
c\parties\InsuredSearch\InsuredSearch.tsx:149:41)

      at printWarning 
(node_modules/react-dom/cjs/react-dom.development.js:86:30)
      at error (node_modules/react-dom/cjs/react-dom.development.js:60:7)
      at warnIfUpdatesNotWrappedWithActDEV 
(node_modules/react-dom/cjs/react-dom.development.js:27628:9)
      at scheduleUpdateOnFiber 
(node_modules/react-dom/cjs/react-dom.development.js:25547:5)
      at dispatchSetState 
(node_modules/react-dom/cjs/react-dom.development.js:16708:7)

    console.error
      Warning: An update to InsuredSearchModal inside a test was not wrapped 
in act(...).
      
      When testing, code that causes React state updates should be wrapped 
into act(...):
      
      act(() => {
        /* fire events that update state */
      });
      /* assert on the output */
      
      This ensures that you're testing the behavior the user would see in the 
browser. Learn more at https://reactjs.org/link/wrap-tests-with-act
          at InsuredSearchModal (C:\Users\samhe\OneDrive\Desktop\Cleaned\fronte
nd\src\parties\InsuredSearch\InsuredSearch.tsx:34:31)
          at div
          at InsuredSearch (C:\Users\samhe\OneDrive\Desktop\Cleaned\frontend\sr
c\parties\InsuredSearch\InsuredSearch.tsx:149:41)

      45 |             .then(setResults)
      46 |             .catch(() => setResults([]))
    > 47 |             .finally(() => setLoading(false))
         |                            ^
      48 |     }, [isOpen])
      49 |
      50 |     // Re-query as user types

      at printWarning 
(node_modules/react-dom/cjs/react-dom.development.js:86:30)
      at error (node_modules/react-dom/cjs/react-dom.development.js:60:7)
      at warnIfUpdatesNotWrappedWithActDEV 
(node_modules/react-dom/cjs/react-dom.development.js:27628:9)
      at scheduleUpdateOnFiber 
(node_modules/react-dom/cjs/react-dom.development.js:25547:5)
      at dispatchSetState 
(node_modules/react-dom/cjs/react-dom.development.js:16708:7)
      at src/parties/InsuredSearch/InsuredSearch.tsx:47:28

    console.error
      Warning: An update to InsuredSearchModal inside a test was not wrapped 
in act(...).
      
      When testing, code that causes React state updates should be wrapped 
into act(...):
      
      act(() => {
        /* fire events that update state */
      });
      /* assert on the output */
      
      This ensures that you're testing the behavior the user would see in the 
browser. Learn more at https://reactjs.org/link/wrap-tests-with-act
          at InsuredSearchModal (C:\Users\samhe\OneDrive\Desktop\Cleaned\fronte
nd\src\parties\InsuredSearch\InsuredSearch.tsx:34:31)
          at div
          at InsuredSearch (C:\Users\samhe\OneDrive\Desktop\Cleaned\frontend\sr
c\parties\InsuredSearch\InsuredSearch.tsx:149:41)

      at printWarning 
(node_modules/react-dom/cjs/react-dom.development.js:86:30)
      at error (node_modules/react-dom/cjs/react-dom.development.js:60:7)
      at warnIfUpdatesNotWrappedWithActDEV 
(node_modules/react-dom/cjs/react-dom.development.js:27628:9)
      at scheduleUpdateOnFiber 
(node_modules/react-dom/cjs/react-dom.development.js:25547:5)
      at dispatchSetState 
(node_modules/react-dom/cjs/react-dom.development.js:16708:7)

    console.error
      Warning: An update to InsuredSearchModal inside a test was not wrapped 
in act(...).
      
      When testing, code that causes React state updates should be wrapped 
into act(...):
      
      act(() => {
        /* fire events that update state */
      });
      /* assert on the output */
      
      This ensures that you're testing the behavior the user would see in the 
browser. Learn more at https://reactjs.org/link/wrap-tests-with-act
          at InsuredSearchModal (C:\Users\samhe\OneDrive\Desktop\Cleaned\fronte
nd\src\parties\InsuredSearch\InsuredSearch.tsx:34:31)
          at div
          at InsuredSearch (C:\Users\samhe\OneDrive\Desktop\Cleaned\frontend\sr
c\parties\InsuredSearch\InsuredSearch.tsx:149:41)

      45 |             .then(setResults)
      46 |             .catch(() => setResults([]))
    > 47 |             .finally(() => setLoading(false))
         |                            ^
      48 |     }, [isOpen])
      49 |
      50 |     // Re-query as user types

      at printWarning 
(node_modules/react-dom/cjs/react-dom.development.js:86:30)
      at error (node_modules/react-dom/cjs/react-dom.development.js:60:7)
      at warnIfUpdatesNotWrappedWithActDEV 
(node_modules/react-dom/cjs/react-dom.development.js:27628:9)
      at scheduleUpdateOnFiber 
(node_modules/react-dom/cjs/react-dom.development.js:25547:5)
      at dispatchSetState 
(node_modules/react-dom/cjs/react-dom.development.js:16708:7)
      at src/parties/InsuredSearch/InsuredSearch.tsx:47:28

PASS src/shared/components/TabsNav/__tests__/TabsNav.test.tsx
PASS src/pwa/pwa-install.test.tsx
PASS src/shell/NotificationDock.test.tsx
PASS src/submissions/NewSubmissionPage.test.tsx
  ÔùÅ Console

    console.warn
      ÔÜá´©Å React Router Future Flag Warning: React Router will begin 
wrapping state updates in `React.startTransition` in v7. You can use the 
`v7_startTransition` future flag to opt-in early. For more information, see 
https://reactrouter.com/v6/upgrading/future#v7_starttransition.

      94 |
      95 | function renderPage() {
    > 96 |     return render(
         |                  ^
      97 |         <MemoryRouter>
      98 |             <NewSubmissionPage />
      99 |         </MemoryRouter>

      at warn (node_modules/react-router/lib/deprecations.ts:9:13)
      at warnOnce (node_modules/react-router/lib/deprecations.ts:14:3)
      at logDeprecation (node_modules/react-router/lib/deprecations.ts:26:5)
      at logV6DeprecationWarnings 
(node_modules/react-router/lib/components.tsx:257:25)
      at commitHookEffectListMount 
(node_modules/react-dom/cjs/react-dom.development.js:23189:26)
      at commitPassiveMountOnFiber 
(node_modules/react-dom/cjs/react-dom.development.js:24970:11)
      at commitPassiveMountEffects_complete 
(node_modules/react-dom/cjs/react-dom.development.js:24930:9)
      at commitPassiveMountEffects_begin 
(node_modules/react-dom/cjs/react-dom.development.js:24917:7)
      at commitPassiveMountEffects 
(node_modules/react-dom/cjs/react-dom.development.js:24905:3)
      at flushPassiveEffectsImpl 
(node_modules/react-dom/cjs/react-dom.development.js:27078:3)
      at flushPassiveEffects 
(node_modules/react-dom/cjs/react-dom.development.js:27023:14)
      at node_modules/react-dom/cjs/react-dom.development.js:26808:9
      at flushActQueue (node_modules/react/cjs/react.development.js:2667:24)
      at act (node_modules/react/cjs/react.development.js:2582:11)
      at node_modules/@testing-library/react/dist/act-compat.js:47:25
      at renderRoot (node_modules/@testing-library/react/dist/pure.js:180:26)
      at render (node_modules/@testing-library/react/dist/pure.js:271:10)
      at renderPage (src/submissions/NewSubmissionPage.test.tsx:96:18)
      at Object.<anonymous> (src/submissions/NewSubmissionPage.test.tsx:114:9)

    console.warn
      ÔÜá´©Å React Router Future Flag Warning: Relative route resolution 
within Splat routes is changing in v7. You can use the `v7_relativeSplatPath` 
future flag to opt-in early. For more information, see 
https://reactrouter.com/v6/upgrading/future#v7_relativesplatpath.

      94 |
      95 | function renderPage() {
    > 96 |     return render(
         |                  ^
      97 |         <MemoryRouter>
      98 |             <NewSubmissionPage />
      99 |         </MemoryRouter>

      at warn (node_modules/react-router/lib/deprecations.ts:9:13)
      at warnOnce (node_modules/react-router/lib/deprecations.ts:14:3)
      at logDeprecation (node_modules/react-router/lib/deprecations.ts:37:5)
      at logV6DeprecationWarnings 
(node_modules/react-router/lib/components.tsx:257:25)
      at commitHookEffectListMount 
(node_modules/react-dom/cjs/react-dom.development.js:23189:26)
      at commitPassiveMountOnFiber 
(node_modules/react-dom/cjs/react-dom.development.js:24970:11)
      at commitPassiveMountEffects_complete 
(node_modules/react-dom/cjs/react-dom.development.js:24930:9)
      at commitPassiveMountEffects_begin 
(node_modules/react-dom/cjs/react-dom.development.js:24917:7)
      at commitPassiveMountEffects 
(node_modules/react-dom/cjs/react-dom.development.js:24905:3)
      at flushPassiveEffectsImpl 
(node_modules/react-dom/cjs/react-dom.development.js:27078:3)
      at flushPassiveEffects 
(node_modules/react-dom/cjs/react-dom.development.js:27023:14)
      at node_modules/react-dom/cjs/react-dom.development.js:26808:9
      at flushActQueue (node_modules/react/cjs/react.development.js:2667:24)
      at act (node_modules/react/cjs/react.development.js:2582:11)
      at node_modules/@testing-library/react/dist/act-compat.js:47:25
      at renderRoot (node_modules/@testing-library/react/dist/pure.js:180:26)
      at render (node_modules/@testing-library/react/dist/pure.js:271:10)
      at renderPage (src/submissions/NewSubmissionPage.test.tsx:96:18)
      at Object.<anonymous> (src/submissions/NewSubmissionPage.test.tsx:114:9)

    console.error
      Warning: An update to NewSubmissionPage inside a test was not wrapped in 
act(...).
      
      When testing, code that causes React state updates should be wrapped 
into act(...):
      
      act(() => {
        /* fire events that update state */
      });
      /* assert on the output */
      
      This ensures that you're testing the behavior the user would see in the 
browser. Learn more at https://reactjs.org/link/wrap-tests-with-act
          at NewSubmissionPage (C:\Users\samhe\OneDrive\Desktop\Cleaned\fronten
d\src\submissions\NewSubmissionPage.tsx:54:53)
          at basenameProp (C:\Users\samhe\OneDrive\Desktop\Cleaned\frontend\nod
e_modules\react-router\lib\components.tsx:421:13)
          at basename (C:\Users\samhe\OneDrive\Desktop\Cleaned\frontend\node_mo
dules\react-router\lib\components.tsx:225:3)

      83 |             return
      84 |         }
    > 85 |         setInsuredError(null)
         |         ^
      86 |         setSaveError(undefined)
      87 |         setIsSaving(true)
      88 |         try {

      at printWarning 
(node_modules/react-dom/cjs/react-dom.development.js:86:30)
      at error (node_modules/react-dom/cjs/react-dom.development.js:60:7)
      at warnIfUpdatesNotWrappedWithActDEV 
(node_modules/react-dom/cjs/react-dom.development.js:27628:9)
      at scheduleUpdateOnFiber 
(node_modules/react-dom/cjs/react-dom.development.js:25547:5)
      at dispatchSetState 
(node_modules/react-dom/cjs/react-dom.development.js:16708:7)
      at src/submissions/NewSubmissionPage.tsx:85:9
      at handler (src/submissions/NewSubmissionPage.test.tsx:63:35)
      at callTheUserObjectsOperation 
(node_modules/jsdom/lib/jsdom/living/generated/EventListener.js:26:30)
      at innerInvokeEventListeners 
(node_modules/jsdom/lib/jsdom/living/events/EventTarget-impl.js:350:25)
      at invokeEventListeners 
(node_modules/jsdom/lib/jsdom/living/events/EventTarget-impl.js:286:3)
      at EventTargetImpl._dispatch 
(node_modules/jsdom/lib/jsdom/living/events/EventTarget-impl.js:233:9)
      at EventTargetImpl.dispatchEvent 
(node_modules/jsdom/lib/jsdom/living/events/EventTarget-impl.js:104:17)
      at dispatchEvent 
(node_modules/jsdom/lib/jsdom/living/generated/EventTarget.js:241:34)
      at Object.<anonymous> (src/submissions/NewSubmissionPage.test.tsx:168:16)

    console.error
      Warning: An update to NewSubmissionPage inside a test was not wrapped in 
act(...).
      
      When testing, code that causes React state updates should be wrapped 
into act(...):
      
      act(() => {
        /* fire events that update state */
      });
      /* assert on the output */
      
      This ensures that you're testing the behavior the user would see in the 
browser. Learn more at https://reactjs.org/link/wrap-tests-with-act
          at NewSubmissionPage (C:\Users\samhe\OneDrive\Desktop\Cleaned\fronten
d\src\submissions\NewSubmissionPage.tsx:54:53)
          at basenameProp (C:\Users\samhe\OneDrive\Desktop\Cleaned\frontend\nod
e_modules\react-router\lib\components.tsx:421:13)
          at basename (C:\Users\samhe\OneDrive\Desktop\Cleaned\frontend\node_mo
dules\react-router\lib\components.tsx:225:3)

      84 |         }
      85 |         setInsuredError(null)
    > 86 |         setSaveError(undefined)
         |         ^
      87 |         setIsSaving(true)
      88 |         try {
      89 |             const submission = await createSubmission({

      at printWarning 
(node_modules/react-dom/cjs/react-dom.development.js:86:30)
      at error (node_modules/react-dom/cjs/react-dom.development.js:60:7)
      at warnIfUpdatesNotWrappedWithActDEV 
(node_modules/react-dom/cjs/react-dom.development.js:27628:9)
      at scheduleUpdateOnFiber 
(node_modules/react-dom/cjs/react-dom.development.js:25547:5)
      at dispatchSetState 
(node_modules/react-dom/cjs/react-dom.development.js:16708:7)
      at src/submissions/NewSubmissionPage.tsx:86:9
      at handler (src/submissions/NewSubmissionPage.test.tsx:63:35)
      at callTheUserObjectsOperation 
(node_modules/jsdom/lib/jsdom/living/generated/EventListener.js:26:30)
      at innerInvokeEventListeners 
(node_modules/jsdom/lib/jsdom/living/events/EventTarget-impl.js:350:25)
      at invokeEventListeners 
(node_modules/jsdom/lib/jsdom/living/events/EventTarget-impl.js:286:3)
      at EventTargetImpl._dispatch 
(node_modules/jsdom/lib/jsdom/living/events/EventTarget-impl.js:233:9)
      at EventTargetImpl.dispatchEvent 
(node_modules/jsdom/lib/jsdom/living/events/EventTarget-impl.js:104:17)
      at dispatchEvent 
(node_modules/jsdom/lib/jsdom/living/generated/EventTarget.js:241:34)
      at Object.<anonymous> (src/submissions/NewSubmissionPage.test.tsx:168:16)

    console.error
      Warning: An update to NewSubmissionPage inside a test was not wrapped in 
act(...).
      
      When testing, code that causes React state updates should be wrapped 
into act(...):
      
      act(() => {
        /* fire events that update state */
      });
      /* assert on the output */
      
      This ensures that you're testing the behavior the user would see in the 
browser. Learn more at https://reactjs.org/link/wrap-tests-with-act
          at NewSubmissionPage (C:\Users\samhe\OneDrive\Desktop\Cleaned\fronten
d\src\submissions\NewSubmissionPage.tsx:54:53)
          at basenameProp (C:\Users\samhe\OneDrive\Desktop\Cleaned\frontend\nod
e_modules\react-router\lib\components.tsx:421:13)
          at basename (C:\Users\samhe\OneDrive\Desktop\Cleaned\frontend\node_mo
dules\react-router\lib\components.tsx:225:3)

      85 |         setInsuredError(null)
      86 |         setSaveError(undefined)
    > 87 |         setIsSaving(true)
         |         ^
      88 |         try {
      89 |             const submission = await createSubmission({
      90 |                 insuredId: String(insuredParty.id),

      at printWarning 
(node_modules/react-dom/cjs/react-dom.development.js:86:30)
      at error (node_modules/react-dom/cjs/react-dom.development.js:60:7)
      at warnIfUpdatesNotWrappedWithActDEV 
(node_modules/react-dom/cjs/react-dom.development.js:27628:9)
      at scheduleUpdateOnFiber 
(node_modules/react-dom/cjs/react-dom.development.js:25547:5)
      at dispatchSetState 
(node_modules/react-dom/cjs/react-dom.development.js:16708:7)
      at src/submissions/NewSubmissionPage.tsx:87:9
      at handler (src/submissions/NewSubmissionPage.test.tsx:63:35)
      at callTheUserObjectsOperation 
(node_modules/jsdom/lib/jsdom/living/generated/EventListener.js:26:30)
      at innerInvokeEventListeners 
(node_modules/jsdom/lib/jsdom/living/events/EventTarget-impl.js:350:25)
      at invokeEventListeners 
(node_modules/jsdom/lib/jsdom/living/events/EventTarget-impl.js:286:3)
      at EventTargetImpl._dispatch 
(node_modules/jsdom/lib/jsdom/living/events/EventTarget-impl.js:233:9)
      at EventTargetImpl.dispatchEvent 
(node_modules/jsdom/lib/jsdom/living/events/EventTarget-impl.js:104:17)
      at dispatchEvent 
(node_modules/jsdom/lib/jsdom/living/generated/EventTarget.js:241:34)
      at Object.<anonymous> (src/submissions/NewSubmissionPage.test.tsx:168:16)

    console.error
      Warning: An update to NewSubmissionPage inside a test was not wrapped in 
act(...).
      
      When testing, code that causes React state updates should be wrapped 
into act(...):
      
      act(() => {
        /* fire events that update state */
      });
      /* assert on the output */
      
      This ensures that you're testing the behavior the user would see in the 
browser. Learn more at https://reactjs.org/link/wrap-tests-with-act
          at NewSubmissionPage (C:\Users\samhe\OneDrive\Desktop\Cleaned\fronten
d\src\submissions\NewSubmissionPage.tsx:54:53)
          at basenameProp (C:\Users\samhe\OneDrive\Desktop\Cleaned\frontend\nod
e_modules\react-router\lib\components.tsx:421:13)
          at basename (C:\Users\samhe\OneDrive\Desktop\Cleaned\frontend\node_mo
dules\react-router\lib\components.tsx:225:3)

      83 |             return
      84 |         }
    > 85 |         setInsuredError(null)
         |         ^
      86 |         setSaveError(undefined)
      87 |         setIsSaving(true)
      88 |         try {

      at printWarning 
(node_modules/react-dom/cjs/react-dom.development.js:86:30)
      at error (node_modules/react-dom/cjs/react-dom.development.js:60:7)
      at warnIfUpdatesNotWrappedWithActDEV 
(node_modules/react-dom/cjs/react-dom.development.js:27628:9)
      at scheduleUpdateOnFiber 
(node_modules/react-dom/cjs/react-dom.development.js:25547:5)
      at dispatchSetState 
(node_modules/react-dom/cjs/react-dom.development.js:16708:7)
      at src/submissions/NewSubmissionPage.tsx:85:9
      at handler (src/submissions/NewSubmissionPage.test.tsx:63:35)
      at callTheUserObjectsOperation 
(node_modules/jsdom/lib/jsdom/living/generated/EventListener.js:26:30)
      at innerInvokeEventListeners 
(node_modules/jsdom/lib/jsdom/living/events/EventTarget-impl.js:350:25)
      at invokeEventListeners 
(node_modules/jsdom/lib/jsdom/living/events/EventTarget-impl.js:286:3)
      at EventTargetImpl._dispatch 
(node_modules/jsdom/lib/jsdom/living/events/EventTarget-impl.js:233:9)
      at EventTargetImpl.dispatchEvent 
(node_modules/jsdom/lib/jsdom/living/events/EventTarget-impl.js:104:17)
      at dispatchEvent 
(node_modules/jsdom/lib/jsdom/living/generated/EventTarget.js:241:34)
      at Object.<anonymous> (src/submissions/NewSubmissionPage.test.tsx:187:16)

    console.error
      Warning: An update to NewSubmissionPage inside a test was not wrapped in 
act(...).
      
      When testing, code that causes React state updates should be wrapped 
into act(...):
      
      act(() => {
        /* fire events that update state */
      });
      /* assert on the output */
      
      This ensures that you're testing the behavior the user would see in the 
browser. Learn more at https://reactjs.org/link/wrap-tests-with-act
          at NewSubmissionPage (C:\Users\samhe\OneDrive\Desktop\Cleaned\fronten
d\src\submissions\NewSubmissionPage.tsx:54:53)
          at basenameProp (C:\Users\samhe\OneDrive\Desktop\Cleaned\frontend\nod
e_modules\react-router\lib\components.tsx:421:13)
          at basename (C:\Users\samhe\OneDrive\Desktop\Cleaned\frontend\node_mo
dules\react-router\lib\components.tsx:225:3)

      84 |         }
      85 |         setInsuredError(null)
    > 86 |         setSaveError(undefined)
         |         ^
      87 |         setIsSaving(true)
      88 |         try {
      89 |             const submission = await createSubmission({

      at printWarning 
(node_modules/react-dom/cjs/react-dom.development.js:86:30)
      at error (node_modules/react-dom/cjs/react-dom.development.js:60:7)
      at warnIfUpdatesNotWrappedWithActDEV 
(node_modules/react-dom/cjs/react-dom.development.js:27628:9)
      at scheduleUpdateOnFiber 
(node_modules/react-dom/cjs/react-dom.development.js:25547:5)
      at dispatchSetState 
(node_modules/react-dom/cjs/react-dom.development.js:16708:7)
      at src/submissions/NewSubmissionPage.tsx:86:9
      at handler (src/submissions/NewSubmissionPage.test.tsx:63:35)
      at callTheUserObjectsOperation 
(node_modules/jsdom/lib/jsdom/living/generated/EventListener.js:26:30)
      at innerInvokeEventListeners 
(node_modules/jsdom/lib/jsdom/living/events/EventTarget-impl.js:350:25)
      at invokeEventListeners 
(node_modules/jsdom/lib/jsdom/living/events/EventTarget-impl.js:286:3)
      at EventTargetImpl._dispatch 
(node_modules/jsdom/lib/jsdom/living/events/EventTarget-impl.js:233:9)
      at EventTargetImpl.dispatchEvent 
(node_modules/jsdom/lib/jsdom/living/events/EventTarget-impl.js:104:17)
      at dispatchEvent 
(node_modules/jsdom/lib/jsdom/living/generated/EventTarget.js:241:34)
      at Object.<anonymous> (src/submissions/NewSubmissionPage.test.tsx:187:16)

    console.error
      Warning: An update to NewSubmissionPage inside a test was not wrapped in 
act(...).
      
      When testing, code that causes React state updates should be wrapped 
into act(...):
      
      act(() => {
        /* fire events that update state */
      });
      /* assert on the output */
      
      This ensures that you're testing the behavior the user would see in the 
browser. Learn more at https://reactjs.org/link/wrap-tests-with-act
          at NewSubmissionPage (C:\Users\samhe\OneDrive\Desktop\Cleaned\fronten
d\src\submissions\NewSubmissionPage.tsx:54:53)
          at basenameProp (C:\Users\samhe\OneDrive\Desktop\Cleaned\frontend\nod
e_modules\react-router\lib\components.tsx:421:13)
          at basename (C:\Users\samhe\OneDrive\Desktop\Cleaned\frontend\node_mo
dules\react-router\lib\components.tsx:225:3)

      85 |         setInsuredError(null)
      86 |         setSaveError(undefined)
    > 87 |         setIsSaving(true)
         |         ^
      88 |         try {
      89 |             const submission = await createSubmission({
      90 |                 insuredId: String(insuredParty.id),

      at printWarning 
(node_modules/react-dom/cjs/react-dom.development.js:86:30)
      at error (node_modules/react-dom/cjs/react-dom.development.js:60:7)
      at warnIfUpdatesNotWrappedWithActDEV 
(node_modules/react-dom/cjs/react-dom.development.js:27628:9)
      at scheduleUpdateOnFiber 
(node_modules/react-dom/cjs/react-dom.development.js:25547:5)
      at dispatchSetState 
(node_modules/react-dom/cjs/react-dom.development.js:16708:7)
      at src/submissions/NewSubmissionPage.tsx:87:9
      at handler (src/submissions/NewSubmissionPage.test.tsx:63:35)
      at callTheUserObjectsOperation 
(node_modules/jsdom/lib/jsdom/living/generated/EventListener.js:26:30)
      at innerInvokeEventListeners 
(node_modules/jsdom/lib/jsdom/living/events/EventTarget-impl.js:350:25)
      at invokeEventListeners 
(node_modules/jsdom/lib/jsdom/living/events/EventTarget-impl.js:286:3)
      at EventTargetImpl._dispatch 
(node_modules/jsdom/lib/jsdom/living/events/EventTarget-impl.js:233:9)
      at EventTargetImpl.dispatchEvent 
(node_modules/jsdom/lib/jsdom/living/events/EventTarget-impl.js:104:17)
      at dispatchEvent 
(node_modules/jsdom/lib/jsdom/living/generated/EventTarget.js:241:34)
      at Object.<anonymous> (src/submissions/NewSubmissionPage.test.tsx:187:16)

    console.error
      Warning: An update to NewSubmissionPage inside a test was not wrapped in 
act(...).
      
      When testing, code that causes React state updates should be wrapped 
into act(...):
      
      act(() => {
        /* fire events that update state */
      });
      /* assert on the output */
      
      This ensures that you're testing the behavior the user would see in the 
browser. Learn more at https://reactjs.org/link/wrap-tests-with-act
          at NewSubmissionPage (C:\Users\samhe\OneDrive\Desktop\Cleaned\fronten
d\src\submissions\NewSubmissionPage.tsx:54:53)
          at basenameProp (C:\Users\samhe\OneDrive\Desktop\Cleaned\frontend\nod
e_modules\react-router\lib\components.tsx:421:13)
          at basename (C:\Users\samhe\OneDrive\Desktop\Cleaned\frontend\node_mo
dules\react-router\lib\components.tsx:225:3)

      79 |     const handleDetailsSave = useCallback(async (values: 
SubmissionDetailsValues) => {
      80 |         if (!insuredParty) {
    > 81 |             setInsuredError('Please select an insured before 
saving.')
         |             ^
      82 |             addNotification('Submission not saved: insured is 
required.', 'error')
      83 |             return
      84 |         }

      at printWarning 
(node_modules/react-dom/cjs/react-dom.development.js:86:30)
      at error (node_modules/react-dom/cjs/react-dom.development.js:60:7)
      at warnIfUpdatesNotWrappedWithActDEV 
(node_modules/react-dom/cjs/react-dom.development.js:27628:9)
      at scheduleUpdateOnFiber 
(node_modules/react-dom/cjs/react-dom.development.js:25547:5)
      at dispatchSetState 
(node_modules/react-dom/cjs/react-dom.development.js:16708:7)
      at src/submissions/NewSubmissionPage.tsx:81:13
      at handler (src/submissions/NewSubmissionPage.test.tsx:63:35)
      at callTheUserObjectsOperation 
(node_modules/jsdom/lib/jsdom/living/generated/EventListener.js:26:30)
      at innerInvokeEventListeners 
(node_modules/jsdom/lib/jsdom/living/events/EventTarget-impl.js:350:25)
      at invokeEventListeners 
(node_modules/jsdom/lib/jsdom/living/events/EventTarget-impl.js:286:3)
      at EventTargetImpl._dispatch 
(node_modules/jsdom/lib/jsdom/living/events/EventTarget-impl.js:233:9)
      at EventTargetImpl.dispatchEvent 
(node_modules/jsdom/lib/jsdom/living/events/EventTarget-impl.js:104:17)
      at dispatchEvent 
(node_modules/jsdom/lib/jsdom/living/generated/EventTarget.js:241:34)
      at Object.<anonymous> (src/submissions/NewSubmissionPage.test.tsx:233:16)

    console.error
      Warning: An update to NewSubmissionPage inside a test was not wrapped in 
act(...).
      
      When testing, code that causes React state updates should be wrapped 
into act(...):
      
      act(() => {
        /* fire events that update state */
      });
      /* assert on the output */
      
      This ensures that you're testing the behavior the user would see in the 
browser. Learn more at https://reactjs.org/link/wrap-tests-with-act
          at NewSubmissionPage (C:\Users\samhe\OneDrive\Desktop\Cleaned\fronten
d\src\submissions\NewSubmissionPage.tsx:54:53)
          at basenameProp (C:\Users\samhe\OneDrive\Desktop\Cleaned\frontend\nod
e_modules\react-router\lib\components.tsx:421:13)
          at basename (C:\Users\samhe\OneDrive\Desktop\Cleaned\frontend\node_mo
dules\react-router\lib\components.tsx:225:3)

      83 |             return
      84 |         }
    > 85 |         setInsuredError(null)
         |         ^
      86 |         setSaveError(undefined)
      87 |         setIsSaving(true)
      88 |         try {

      at printWarning 
(node_modules/react-dom/cjs/react-dom.development.js:86:30)
      at error (node_modules/react-dom/cjs/react-dom.development.js:60:7)
      at warnIfUpdatesNotWrappedWithActDEV 
(node_modules/react-dom/cjs/react-dom.development.js:27628:9)
      at scheduleUpdateOnFiber 
(node_modules/react-dom/cjs/react-dom.development.js:25547:5)
      at dispatchSetState 
(node_modules/react-dom/cjs/react-dom.development.js:16708:7)
      at src/submissions/NewSubmissionPage.tsx:85:9
      at handler (src/submissions/NewSubmissionPage.test.tsx:63:35)
      at callTheUserObjectsOperation 
(node_modules/jsdom/lib/jsdom/living/generated/EventListener.js:26:30)
      at innerInvokeEventListeners 
(node_modules/jsdom/lib/jsdom/living/events/EventTarget-impl.js:350:25)
      at invokeEventListeners 
(node_modules/jsdom/lib/jsdom/living/events/EventTarget-impl.js:286:3)
      at EventTargetImpl._dispatch 
(node_modules/jsdom/lib/jsdom/living/events/EventTarget-impl.js:233:9)
      at EventTargetImpl.dispatchEvent 
(node_modules/jsdom/lib/jsdom/living/events/EventTarget-impl.js:104:17)
      at dispatchEvent 
(node_modules/jsdom/lib/jsdom/living/generated/EventTarget.js:241:34)
      at Object.<anonymous> (src/submissions/NewSubmissionPage.test.tsx:244:16)

    console.error
      Warning: An update to NewSubmissionPage inside a test was not wrapped in 
act(...).
      
      When testing, code that causes React state updates should be wrapped 
into act(...):
      
      act(() => {
        /* fire events that update state */
      });
      /* assert on the output */
      
      This ensures that you're testing the behavior the user would see in the 
browser. Learn more at https://reactjs.org/link/wrap-tests-with-act
          at NewSubmissionPage (C:\Users\samhe\OneDrive\Desktop\Cleaned\fronten
d\src\submissions\NewSubmissionPage.tsx:54:53)
          at basenameProp (C:\Users\samhe\OneDrive\Desktop\Cleaned\frontend\nod
e_modules\react-router\lib\components.tsx:421:13)
          at basename (C:\Users\samhe\OneDrive\Desktop\Cleaned\frontend\node_mo
dules\react-router\lib\components.tsx:225:3)

      84 |         }
      85 |         setInsuredError(null)
    > 86 |         setSaveError(undefined)
         |         ^
      87 |         setIsSaving(true)
      88 |         try {
      89 |             const submission = await createSubmission({

      at printWarning 
(node_modules/react-dom/cjs/react-dom.development.js:86:30)
      at error (node_modules/react-dom/cjs/react-dom.development.js:60:7)
      at warnIfUpdatesNotWrappedWithActDEV 
(node_modules/react-dom/cjs/react-dom.development.js:27628:9)
      at scheduleUpdateOnFiber 
(node_modules/react-dom/cjs/react-dom.development.js:25547:5)
      at dispatchSetState 
(node_modules/react-dom/cjs/react-dom.development.js:16708:7)
      at src/submissions/NewSubmissionPage.tsx:86:9
      at handler (src/submissions/NewSubmissionPage.test.tsx:63:35)
      at callTheUserObjectsOperation 
(node_modules/jsdom/lib/jsdom/living/generated/EventListener.js:26:30)
      at innerInvokeEventListeners 
(node_modules/jsdom/lib/jsdom/living/events/EventTarget-impl.js:350:25)
      at invokeEventListeners 
(node_modules/jsdom/lib/jsdom/living/events/EventTarget-impl.js:286:3)
      at EventTargetImpl._dispatch 
(node_modules/jsdom/lib/jsdom/living/events/EventTarget-impl.js:233:9)
      at EventTargetImpl.dispatchEvent 
(node_modules/jsdom/lib/jsdom/living/events/EventTarget-impl.js:104:17)
      at dispatchEvent 
(node_modules/jsdom/lib/jsdom/living/generated/EventTarget.js:241:34)
      at Object.<anonymous> (src/submissions/NewSubmissionPage.test.tsx:244:16)

    console.error
      Warning: An update to NewSubmissionPage inside a test was not wrapped in 
act(...).
      
      When testing, code that causes React state updates should be wrapped 
into act(...):
      
      act(() => {
        /* fire events that update state */
      });
      /* assert on the output */
      
      This ensures that you're testing the behavior the user would see in the 
browser. Learn more at https://reactjs.org/link/wrap-tests-with-act
          at NewSubmissionPage (C:\Users\samhe\OneDrive\Desktop\Cleaned\fronten
d\src\submissions\NewSubmissionPage.tsx:54:53)
          at basenameProp (C:\Users\samhe\OneDrive\Desktop\Cleaned\frontend\nod
e_modules\react-router\lib\components.tsx:421:13)
          at basename (C:\Users\samhe\OneDrive\Desktop\Cleaned\frontend\node_mo
dules\react-router\lib\components.tsx:225:3)

      85 |         setInsuredError(null)
      86 |         setSaveError(undefined)
    > 87 |         setIsSaving(true)
         |         ^
      88 |         try {
      89 |             const submission = await createSubmission({
      90 |                 insuredId: String(insuredParty.id),

      at printWarning 
(node_modules/react-dom/cjs/react-dom.development.js:86:30)
      at error (node_modules/react-dom/cjs/react-dom.development.js:60:7)
      at warnIfUpdatesNotWrappedWithActDEV 
(node_modules/react-dom/cjs/react-dom.development.js:27628:9)
      at scheduleUpdateOnFiber 
(node_modules/react-dom/cjs/react-dom.development.js:25547:5)
      at dispatchSetState 
(node_modules/react-dom/cjs/react-dom.development.js:16708:7)
      at src/submissions/NewSubmissionPage.tsx:87:9
      at handler (src/submissions/NewSubmissionPage.test.tsx:63:35)
      at callTheUserObjectsOperation 
(node_modules/jsdom/lib/jsdom/living/generated/EventListener.js:26:30)
      at innerInvokeEventListeners 
(node_modules/jsdom/lib/jsdom/living/events/EventTarget-impl.js:350:25)
      at invokeEventListeners 
(node_modules/jsdom/lib/jsdom/living/events/EventTarget-impl.js:286:3)
      at EventTargetImpl._dispatch 
(node_modules/jsdom/lib/jsdom/living/events/EventTarget-impl.js:233:9)
      at EventTargetImpl.dispatchEvent 
(node_modules/jsdom/lib/jsdom/living/events/EventTarget-impl.js:104:17)
      at dispatchEvent 
(node_modules/jsdom/lib/jsdom/living/generated/EventTarget.js:241:34)
      at Object.<anonymous> (src/submissions/NewSubmissionPage.test.tsx:244:16)

PASS src/shared/components/ResizableGrid/__tests__/ResizableGrid.test.tsx
PASS src/shared/ErrorBoundary/__tests__/ErrorBoundary.test.tsx
PASS src/shared/components/AuditTable/__tests__/AuditTable.test.tsx
PASS src/shared/components/Movement/__tests__/Movement.test.tsx
PASS src/submissions/SubmissionDetails/__tests__/SubmissionDetails.test.tsx
PASS src/policies/policies.test.tsx
  ÔùÅ Console

    console.warn
      ÔÜá´©Å React Router Future Flag Warning: React Router will begin 
wrapping state updates in `React.startTransition` in v7. You can use the 
`v7_startTransition` future flag to opt-in early. For more information, see 
https://reactrouter.com/v6/upgrading/future#v7_starttransition.

      23 | describe('T-policies-SMOKE-R01: renders without crash', () => {
      24 |     it('does not contain coming soon text', () => {
    > 25 |         render(
         |               ^
      26 |             <MemoryRouter>
      27 |                 <PoliciesPage />
      28 |             </MemoryRouter>

      at warn (node_modules/react-router/lib/deprecations.ts:9:13)
      at warnOnce (node_modules/react-router/lib/deprecations.ts:14:3)
      at logDeprecation (node_modules/react-router/lib/deprecations.ts:26:5)
      at logV6DeprecationWarnings 
(node_modules/react-router/lib/components.tsx:257:25)
      at commitHookEffectListMount 
(node_modules/react-dom/cjs/react-dom.development.js:23189:26)
      at commitPassiveMountOnFiber 
(node_modules/react-dom/cjs/react-dom.development.js:24970:11)
      at commitPassiveMountEffects_complete 
(node_modules/react-dom/cjs/react-dom.development.js:24930:9)
      at commitPassiveMountEffects_begin 
(node_modules/react-dom/cjs/react-dom.development.js:24917:7)
      at commitPassiveMountEffects 
(node_modules/react-dom/cjs/react-dom.development.js:24905:3)
      at flushPassiveEffectsImpl 
(node_modules/react-dom/cjs/react-dom.development.js:27078:3)
      at flushPassiveEffects 
(node_modules/react-dom/cjs/react-dom.development.js:27023:14)
      at node_modules/react-dom/cjs/react-dom.development.js:26808:9
      at flushActQueue (node_modules/react/cjs/react.development.js:2667:24)
      at act (node_modules/react/cjs/react.development.js:2582:11)
      at node_modules/@testing-library/react/dist/act-compat.js:47:25
      at renderRoot (node_modules/@testing-library/react/dist/pure.js:180:26)
      at render (node_modules/@testing-library/react/dist/pure.js:271:10)
      at Object.<anonymous> (src/policies/policies.test.tsx:25:15)

    console.warn
      ÔÜá´©Å React Router Future Flag Warning: Relative route resolution 
within Splat routes is changing in v7. You can use the `v7_relativeSplatPath` 
future flag to opt-in early. For more information, see 
https://reactrouter.com/v6/upgrading/future#v7_relativesplatpath.

      23 | describe('T-policies-SMOKE-R01: renders without crash', () => {
      24 |     it('does not contain coming soon text', () => {
    > 25 |         render(
         |               ^
      26 |             <MemoryRouter>
      27 |                 <PoliciesPage />
      28 |             </MemoryRouter>

      at warn (node_modules/react-router/lib/deprecations.ts:9:13)
      at warnOnce (node_modules/react-router/lib/deprecations.ts:14:3)
      at logDeprecation (node_modules/react-router/lib/deprecations.ts:37:5)
      at logV6DeprecationWarnings 
(node_modules/react-router/lib/components.tsx:257:25)
      at commitHookEffectListMount 
(node_modules/react-dom/cjs/react-dom.development.js:23189:26)
      at commitPassiveMountOnFiber 
(node_modules/react-dom/cjs/react-dom.development.js:24970:11)
      at commitPassiveMountEffects_complete 
(node_modules/react-dom/cjs/react-dom.development.js:24930:9)
      at commitPassiveMountEffects_begin 
(node_modules/react-dom/cjs/react-dom.development.js:24917:7)
      at commitPassiveMountEffects 
(node_modules/react-dom/cjs/react-dom.development.js:24905:3)
      at flushPassiveEffectsImpl 
(node_modules/react-dom/cjs/react-dom.development.js:27078:3)
      at flushPassiveEffects 
(node_modules/react-dom/cjs/react-dom.development.js:27023:14)
      at node_modules/react-dom/cjs/react-dom.development.js:26808:9
      at flushActQueue (node_modules/react/cjs/react.development.js:2667:24)
      at act (node_modules/react/cjs/react.development.js:2582:11)
      at node_modules/@testing-library/react/dist/act-compat.js:47:25
      at renderRoot (node_modules/@testing-library/react/dist/pure.js:180:26)
      at render (node_modules/@testing-library/react/dist/pure.js:271:10)
      at Object.<anonymous> (src/policies/policies.test.tsx:25:15)

    console.error
      Warning: An update to PoliciesListPage inside a test was not wrapped in 
act(...).
      
      When testing, code that causes React state updates should be wrapped 
into act(...):
      
      act(() => {
        /* fire events that update state */
      });
      /* assert on the output */
      
      This ensures that you're testing the behavior the user would see in the 
browser. Learn more at https://reactjs.org/link/wrap-tests-with-act
          at PoliciesListPage (C:\Users\samhe\OneDrive\Desktop\Cleaned\frontend
\src\policies\PoliciesListPage\PoliciesListPage.tsx:52:45)
          at basenameProp (C:\Users\samhe\OneDrive\Desktop\Cleaned\frontend\nod
e_modules\react-router\lib\components.tsx:421:13)
          at basename (C:\Users\samhe\OneDrive\Desktop\Cleaned\frontend\node_mo
dules\react-router\lib\components.tsx:225:3)

      at printWarning 
(node_modules/react-dom/cjs/react-dom.development.js:86:30)
      at error (node_modules/react-dom/cjs/react-dom.development.js:60:7)
      at warnIfUpdatesNotWrappedWithActDEV 
(node_modules/react-dom/cjs/react-dom.development.js:27628:9)
      at scheduleUpdateOnFiber 
(node_modules/react-dom/cjs/react-dom.development.js:25547:5)
      at dispatchSetState 
(node_modules/react-dom/cjs/react-dom.development.js:16708:7)

    console.error
      Warning: An update to PoliciesListPage inside a test was not wrapped in 
act(...).
      
      When testing, code that causes React state updates should be wrapped 
into act(...):
      
      act(() => {
        /* fire events that update state */
      });
      /* assert on the output */
      
      This ensures that you're testing the behavior the user would see in the 
browser. Learn more at https://reactjs.org/link/wrap-tests-with-act
          at PoliciesListPage (C:\Users\samhe\OneDrive\Desktop\Cleaned\frontend
\src\policies\PoliciesListPage\PoliciesListPage.tsx:52:45)
          at basenameProp (C:\Users\samhe\OneDrive\Desktop\Cleaned\frontend\nod
e_modules\react-router\lib\components.tsx:421:13)
          at basename (C:\Users\samhe\OneDrive\Desktop\Cleaned\frontend\node_mo
dules\react-router\lib\components.tsx:225:3)

      65 |                 addNotification(`Could not load policies: 
${err.message ?? 'unknown error'}`, 'error')
      66 |             })
    > 67 |             .finally(() => setLoading(false))
         |                            ^
      68 |     }, []) // eslint-disable-line react-hooks/exhaustive-deps
      69 |
      70 |     function handleSort(key: string) {

      at printWarning 
(node_modules/react-dom/cjs/react-dom.development.js:86:30)
      at error (node_modules/react-dom/cjs/react-dom.development.js:60:7)
      at warnIfUpdatesNotWrappedWithActDEV 
(node_modules/react-dom/cjs/react-dom.development.js:27628:9)
      at scheduleUpdateOnFiber 
(node_modules/react-dom/cjs/react-dom.development.js:25547:5)
      at dispatchSetState 
(node_modules/react-dom/cjs/react-dom.development.js:16708:7)
      at src/policies/PoliciesListPage/PoliciesListPage.tsx:67:28

PASS src/reporting/reports.test.tsx
PASS src/shared/components/FieldGroup/__tests__/FieldGroup.test.tsx
PASS src/shared/lib/hooks/useSectionMovements.test.ts
PASS src/shell/useInactivityLogout.test.ts
PASS src/finance/finance.test.tsx
PASS src/shared/lib/hooks/useWindowSize.test.ts
PASS src/submissions/SubmissionIdentity/__tests__/SubmissionIdentity.test.tsx
PASS src/shared/LoadingSpinner/__tests__/LoadingSpinner.test.tsx
PASS src/shared/Card/__tests__/Card.test.tsx
PASS src/submissions/submissions.service.test.ts
PASS src/workflow/workflow.test.tsx
PASS src/broker-submissions/__tests__/broker-submissions.domain.test.ts
PASS src/shared/lib/design-tokens/design-tokens.test.ts
PASS src/shared/lib/api-client/api-client.test.ts
  ÔùÅ Console

    console.group
        [PF] ÔûÂ GET /api/test

      at Object.request (src/shared/lib/logger/logger.ts:57:17)

    console.group
        [PF] Ô£ô 200 GET /api/test

      at Object.response (src/shared/lib/logger/logger.ts:74:17)

    console.log
        Response: [ { id: 1 } ]

      at Object.response (src/shared/lib/logger/logger.ts:75:41)

    console.group
        [PF] ÔûÂ GET /api/test

      at Object.request (src/shared/lib/logger/logger.ts:57:17)

    console.group
        [PF] Ô£ù ERROR 404 GET /api/test

      at Object.apiError (src/shared/lib/logger/logger.ts:90:17)

    console.error
        Detail: { message: 'Not found' }

      89 |         if (!_isDevEnv()) return
      90 |         console.group(`[PF] Ô£ù ERROR ${status} 
${method.toUpperCase()} ${url}`)
    > 91 |         if (detail !== undefined) console.error('Detail:', detail)
         |                                           ^
      92 |         console.groupEnd()
      93 |     },
      94 | }

      at Object.apiError (src/shared/lib/logger/logger.ts:91:43)
      at handleResponse (src/shared/lib/api-client/api-client.ts:99:12)

    console.group
        [PF] ÔûÂ POST /api/test

      at Object.request (src/shared/lib/logger/logger.ts:57:17)

    console.log
        Request body: { name: 'test' }

      at Object.request (src/shared/lib/logger/logger.ts:58:41)

    console.group
        [PF] Ô£ô 200 POST /api/test

      at Object.response (src/shared/lib/logger/logger.ts:74:17)

    console.log
        Response: { id: 99 }

      at Object.response (src/shared/lib/logger/logger.ts:75:41)

    console.group
        [PF] ÔûÂ POST /api/test

      at Object.request (src/shared/lib/logger/logger.ts:57:17)

    console.log
        Request body: {}

      at Object.request (src/shared/lib/logger/logger.ts:58:41)

    console.group
        [PF] Ô£ù ERROR 422 POST /api/test

      at Object.apiError (src/shared/lib/logger/logger.ts:90:17)

    console.error
        Detail: { message: 'Validation failed' }

      89 |         if (!_isDevEnv()) return
      90 |         console.group(`[PF] Ô£ù ERROR ${status} 
${method.toUpperCase()} ${url}`)
    > 91 |         if (detail !== undefined) console.error('Detail:', detail)
         |                                           ^
      92 |         console.groupEnd()
      93 |     },
      94 | }

      at Object.apiError (src/shared/lib/logger/logger.ts:91:43)
      at handleResponse (src/shared/lib/api-client/api-client.ts:99:12)

    console.group
        [PF] ÔûÂ PUT /api/test/1

      at Object.request (src/shared/lib/logger/logger.ts:57:17)

    console.log
        Request body: { name: 'updated' }

      at Object.request (src/shared/lib/logger/logger.ts:58:41)

    console.group
        [PF] Ô£ô 200 PUT /api/test/1

      at Object.response (src/shared/lib/logger/logger.ts:74:17)

    console.log
        Response: { updated: true }

      at Object.response (src/shared/lib/logger/logger.ts:75:41)

    console.group
        [PF] ÔûÂ DELETE /api/test/1

      at Object.request (src/shared/lib/logger/logger.ts:57:17)

    console.group
        [PF] Ô£ô 200 DELETE /api/test/1

      at Object.response (src/shared/lib/logger/logger.ts:74:17)

    console.log
        Response: { deleted: true }

      at Object.response (src/shared/lib/logger/logger.ts:75:41)

    console.group
        [PF] ÔûÂ GET /api/test

      at Object.request (src/shared/lib/logger/logger.ts:57:17)

    console.group
        [PF] Ô£ô 200 GET /api/test

      at Object.response (src/shared/lib/logger/logger.ts:74:17)

    console.log
        Response: {}

      at Object.response (src/shared/lib/logger/logger.ts:75:41)

    console.group
        [PF] ÔûÂ GET /api/test

      at Object.request (src/shared/lib/logger/logger.ts:57:17)

    console.group
        [PF] Ô£ô 200 GET /api/test

      at Object.response (src/shared/lib/logger/logger.ts:74:17)

    console.log
        Response: {}

      at Object.response (src/shared/lib/logger/logger.ts:75:41)

    console.group
        [PF] ÔûÂ GET /api/test

      at Object.request (src/shared/lib/logger/logger.ts:57:17)

    console.group
        [PF] Ô£ô 200 GET /api/test

      at Object.response (src/shared/lib/logger/logger.ts:74:17)

    console.log
        Response: {}

      at Object.response (src/shared/lib/logger/logger.ts:75:41)

    console.group
        [PF] ÔûÂ GET /api/test

      at Object.request (src/shared/lib/logger/logger.ts:57:17)

    console.group
        [PF] Ô£ô 200 GET /api/test

      at Object.response (src/shared/lib/logger/logger.ts:74:17)

    console.log
        Response: {}

      at Object.response (src/shared/lib/logger/logger.ts:75:41)

    console.group
        [PF] ÔûÂ GET /api/test

      at Object.request (src/shared/lib/logger/logger.ts:57:17)

    console.group
        [PF] Ô£ù ERROR 500 GET /api/test

      at Object.apiError (src/shared/lib/logger/logger.ts:90:17)

    console.error
        Detail: { message: 'Server error' }

      89 |         if (!_isDevEnv()) return
      90 |         console.group(`[PF] Ô£ù ERROR ${status} 
${method.toUpperCase()} ${url}`)
    > 91 |         if (detail !== undefined) console.error('Detail:', detail)
         |                                           ^
      92 |         console.groupEnd()
      93 |     },
      94 | }

      at Object.apiError (src/shared/lib/logger/logger.ts:91:43)
      at handleResponse (src/shared/lib/api-client/api-client.ts:99:12)

    console.group
        [PF] ÔûÂ GET /api/test

      at Object.request (src/shared/lib/logger/logger.ts:57:17)

    console.group
        [PF] Ô£ô 200 GET /api/test

      at Object.response (src/shared/lib/logger/logger.ts:74:17)

    console.log
        Response: {}

      at Object.response (src/shared/lib/logger/logger.ts:75:41)

    console.group
        [PF] ÔûÂ GET https://api.policyforge.com/api/test

      at Object.request (src/shared/lib/logger/logger.ts:57:17)

    console.group
        [PF] Ô£ô 200 GET https://api.policyforge.com/api/test

      at Object.response (src/shared/lib/logger/logger.ts:74:17)

    console.log
        Response: {}

      at Object.response (src/shared/lib/logger/logger.ts:75:41)

    console.group
        [PF] ÔûÂ GET https://example.com/api/test

      at Object.request (src/shared/lib/logger/logger.ts:57:17)

    console.group
        [PF] Ô£ô 200 GET https://example.com/api/test

      at Object.response (src/shared/lib/logger/logger.ts:74:17)

    console.log
        Response: {}

      at Object.response (src/shared/lib/logger/logger.ts:75:41)

PASS src/binding-authorities/binding-authorities.test.tsx
PASS src/shared/lib/notifications/notifications.test.ts
PASS src/parties/parties.service.test.ts
PASS src/shared/lib/permissions/permissions.test.ts
PASS src/shared/lib/logger/logger.test.ts
PASS src/shared/lib/formatters/formatters.test.ts
PASS src/shared/lib/auth-session/auth-session.test.ts
PASS src/shared/lib/audit/buildAuditDiff.test.ts

Summary of all failing tests
FAIL src/policies/__tests__/PoliciesPages.test.tsx (19.571 s)
  ÔùÅ PolicyViewPage ÔÇ║ T-POL-FE-F-R007 ÔÇö Sections tab renders column 
headers and section row

    thrown: "Exceeded timeout of 5000 ms for a test.
    Add a timeout value to this test to increase the timeout, if this is a 
long-running test. See https://jestjs.io/docs/api#testname-fn-timeout."

      543 |
      544 |     // REQ-POL-FE-F-007
    > 545 |     test('T-POL-FE-F-R007 ÔÇö Sections tab renders column headers 
and section row', async () => {
          |     ^
      546 |         
mockGetPolicySections.mockResolvedValue([makePolicySection()])
      547 |         renderPolicyViewPage()
      548 |         await waitFor(() => 
expect(mockGetPolicySections).toHaveBeenCalled())

      at src/policies/__tests__/PoliciesPages.test.tsx:545:5
      at Object.<anonymous> 
(src/policies/__tests__/PoliciesPages.test.tsx:426:1)


Test Suites: 1 failed, 70 passed, 71 total
Tests:       1 failed, 4 skipped, 5 todo, 1618 passed, 1628 total
Snapshots:   0 total
Time:        61.653 s
Ran all test suites.
Force exiting Jest: Have you considered using `--detectOpenHandles` to detect 
async operations that kept running after all tests finished?
